5.583: [GC (Allocation Failure) [PSYoungGen: 128000K->12466K(148992K)] 128000K->12554K(488960K), 0.0184960 secs] [Times: user=0.03 sys=0.00, real=0.02 secs] 
6.039: [GC (Metadata GC Threshold) [PSYoungGen: 48861K->6051K(148992K)] 48949K->6147K(488960K), 0.0054499 secs] [Times: user=0.03 sys=0.00, real=0.00 secs] 
6.044: [Full GC (Metadata GC Threshold) [PSYoungGen: 6051K->0K(148992K)] [ParOldGen: 96K->5938K(182784K)] 6147K->5938K(331776K), [Metaspace: 20459K->20459K(1067008K)], 0.0249915 secs] [Times: user=0.07 sys=0.01, real=0.03 secs] 
7.440: [GC (Allocation Failure) [PSYoungGen: 128000K->9790K(148992K)] 133938K->15736K(331776K), 0.0030259 secs] [Times: user=0.01 sys=0.00, real=0.00 secs] 
7.949: [GC (Metadata GC Threshold) [PSYoungGen: 37791K->4622K(148992K)] 43737K->10576K(331776K), 0.0027240 secs] [Times: user=0.01 sys=0.00, real=0.00 secs] 
7.952: [Full GC (Metadata GC Threshold) [PSYoungGen: 4622K->0K(148992K)] [ParOldGen: 5954K->8862K(290304K)] 10576K->8862K(439296K), [Metaspace: 33727K->33727K(1079296K)], 0.0215340 secs] [Times: user=0.06 sys=0.01, real=0.02 secs] 
9.466: [GC (Allocation Failure) [PSYoungGen: 128000K->12868K(148992K)] 136862K->21739K(439296K), 0.0058478 secs] [Times: user=0.03 sys=0.00, real=0.01 secs] 
10.564: [GC (Allocation Failure) [PSYoungGen: 139319K->12582K(193024K)] 148190K->54229K(483328K), 0.0122464 secs] [Times: user=0.05 sys=0.01, real=0.02 secs] 
11.581: [GC (Allocation Failure) [PSYoungGen: 175646K->4758K(194048K)] 217293K->111949K(484352K), 0.0114765 secs] [Times: user=0.05 sys=0.02, real=0.01 secs] 
12.519: [GC (Allocation Failure) [PSYoungGen: 162429K->4790K(282624K)] 269620K->177525K(572928K), 0.0120322 secs] [Times: user=0.05 sys=0.01, real=0.01 secs] 
14.640: [GC (Allocation Failure) [PSYoungGen: 270518K->13895K(282624K)] 443253K->194830K(572928K), 0.0061486 secs] [Times: user=0.01 sys=0.01, real=0.00 secs] 
16.879: [GC (Allocation Failure) [PSYoungGen: 279623K->5241K(354816K)] 460558K->284488K(645120K), 0.0103641 secs] [Times: user=0.05 sys=0.01, real=0.01 secs] 
16.889: [Full GC (Ergonomics) [PSYoungGen: 5241K->0K(354816K)] [ParOldGen: 279247K->209257K(666112K)] 284488K->209257K(1020928K), [Metaspace: 53163K->53163K(1097728K)], 0.0538752 secs] [Times: user=0.23 sys=0.00, real=0.05 secs] 
20.589: [GC (Allocation Failure) [PSYoungGen: 340480K->1453K(358400K)] 549737K->210718K(1024512K), 0.0014398 secs] [Times: user=0.00 sys=0.00, real=0.00 secs] 
24.232: [GC (Allocation Failure) [PSYoungGen: 341933K->1712K(419840K)] 551198K->210985K(1085952K), 0.0019974 secs] [Times: user=0.01 sys=0.00, real=0.00 secs] 
29.418: [GC (Allocation Failure) [PSYoungGen: 415408K->18264K(432128K)] 624681K->227545K(1098240K), 0.0050397 secs] [Times: user=0.02 sys=0.01, real=0.00 secs] 
34.053: [GC (Allocation Failure) [PSYoungGen: 431960K->18048K(421376K)] 641241K->243721K(1087488K), 0.0081986 secs] [Times: user=0.04 sys=0.00, real=0.01 secs] 
36.126: [GC (Allocation Failure) [PSYoungGen: 420992K->1616K(394752K)] 646665K->227289K(1060864K), 0.0030698 secs] [Times: user=0.01 sys=0.00, real=0.01 secs] 
40.135: [GC (Allocation Failure) [PSYoungGen: 394320K->5776K(389120K)] 619993K->231457K(1055232K), 0.0024406 secs] [Times: user=0.01 sys=0.01, real=0.01 secs] 
43.357: [GC (Allocation Failure) [PSYoungGen: 388752K->18032K(391680K)] 614433K->243713K(1057792K), 0.0053194 secs] [Times: user=0.02 sys=0.00, real=0.00 secs] 
47.844: [GC (Allocation Failure) [PSYoungGen: 391280K->1616K(366080K)] 616961K->227305K(1032192K), 0.0027999 secs] [Times: user=0.00 sys=0.00, real=0.01 secs] 
52.692: [GC (Allocation Failure) [PSYoungGen: 365648K->1616K(357376K)] 591337K->227313K(1023488K), 0.0040441 secs] [Times: user=0.01 sys=0.00, real=0.01 secs] 
56.819: [GC (Allocation Failure) [PSYoungGen: 356944K->1616K(348672K)] 582641K->227313K(1014784K), 0.0034455 secs] [Times: user=0.01 sys=0.00, real=0.00 secs] 
61.761: [GC (Allocation Failure) [PSYoungGen: 348240K->1584K(340480K)] 573937K->227289K(1006592K), 0.0016427 secs] [Times: user=0.00 sys=0.00, real=0.00 secs] 
64.560: [GC (Allocation Failure) [PSYoungGen: 340016K->5728K(336896K)] 565721K->231441K(1003008K), 0.0020069 secs] [Times: user=0.01 sys=0.00, real=0.00 secs] 
67.106: [GC (Allocation Failure) [PSYoungGen: 336480K->9888K(333312K)] 562193K->235601K(999424K), 0.0026525 secs] [Times: user=0.01 sys=0.00, real=0.01 secs] 
70.079: [GC (Allocation Failure) [PSYoungGen: 332960K->9904K(326144K)] 558673K->235617K(992256K), 0.0033687 secs] [Times: user=0.01 sys=0.00, real=0.00 secs] 
74.606: [GC (Allocation Failure) [PSYoungGen: 325808K->18064K(327168K)] 551521K->243777K(993280K), 0.0027346 secs] [Times: user=0.01 sys=0.00, real=0.01 secs] 
77.049: [GC (Allocation Failure) [PSYoungGen: 326800K->9872K(312320K)] 552513K->243833K(978432K), 0.0024397 secs] [Times: user=0.01 sys=0.00, real=0.00 secs] 
79.601: [GC (Allocation Failure) [PSYoungGen: 311952K->18032K(313856K)] 545913K->252033K(979968K), 0.0042959 secs] [Times: user=0.02 sys=0.00, real=0.00 secs] 
82.790: [GC (Allocation Failure) [PSYoungGen: 313456K->9664K(299008K)] 547457K->243865K(965120K), 0.0044922 secs] [Times: user=0.02 sys=0.00, real=0.00 secs] 
85.496: [GC (Allocation Failure) [PSYoungGen: 298944K->9664K(292864K)] 533145K->243881K(958976K), 0.0020977 secs] [Times: user=0.01 sys=0.00, real=0.01 secs] 
87.423: [GC (Allocation Failure) [PSYoungGen: 292800K->2032K(279040K)] 527017K->236297K(945152K), 0.0030930 secs] [Times: user=0.01 sys=0.00, real=0.00 secs] 
90.480: [GC (Allocation Failure) [PSYoungGen: 279024K->1440K(272896K)] 513289K->235753K(939008K), 0.0021540 secs] [Times: user=0.00 sys=0.00, real=0.00 secs] 
93.338: [GC (Allocation Failure) [PSYoungGen: 272800K->1408K(267264K)] 507113K->235729K(933376K), 0.0034349 secs] [Times: user=0.02 sys=0.00, real=0.00 secs] 
97.311: [GC (Allocation Failure) [PSYoungGen: 267136K->1504K(262144K)] 501457K->235857K(928256K), 0.0024170 secs] [Times: user=0.01 sys=0.00, real=0.00 secs] 
99.468: [GC (Allocation Failure) [PSYoungGen: 262112K->1488K(257024K)] 496465K->235849K(923136K), 0.0018306 secs] [Times: user=0.01 sys=0.00, real=0.00 secs] 
101.180: [GC (Allocation Failure) [PSYoungGen: 256976K->17888K(268288K)] 491337K->252273K(934400K), 0.0021744 secs] [Times: user=0.01 sys=0.00, real=0.00 secs] 
103.262: [GC (Allocation Failure) [PSYoungGen: 268256K->3504K(250880K)] 502641K->237905K(916992K), 0.0038111 secs] [Times: user=0.01 sys=0.00, real=0.00 secs] 
105.695: [GC (Allocation Failure) [PSYoungGen: 249264K->1456K(242688K)] 483665K->235905K(908800K), 0.0028981 secs] [Times: user=0.01 sys=0.00, real=0.01 secs] 
108.848: [GC (Allocation Failure) [PSYoungGen: 242608K->1440K(251904K)] 477057K->235929K(918016K), 0.0031872 secs] [Times: user=0.01 sys=0.00, real=0.00 secs] 
111.147: [GC (Allocation Failure) [PSYoungGen: 237984K->17856K(249856K)] 472473K->252353K(915968K), 0.0021257 secs] [Times: user=0.01 sys=0.00, real=0.00 secs] 
112.577: [GC (Allocation Failure) [PSYoungGen: 246125K->5600K(245248K)] 480622K->240113K(911360K), 0.0023587 secs] [Times: user=0.01 sys=0.00, real=0.00 secs] 
113.474: [GC (Allocation Failure) [PSYoungGen: 233440K->1408K(225280K)] 467953K->235945K(891392K), 0.0019875 secs] [Times: user=0.01 sys=0.00, real=0.00 secs] 
114.808: [GC (Allocation Failure) [PSYoungGen: 225152K->1488K(236032K)] 459689K->236033K(902144K), 0.0026868 secs] [Times: user=0.00 sys=0.00, real=0.00 secs] 
116.131: [GC (Allocation Failure) [PSYoungGen: 221136K->17872K(233472K)] 455681K->252425K(899584K), 0.0021697 secs] [Times: user=0.01 sys=0.00, real=0.00 secs] 
117.026: [GC (Allocation Failure) [PSYoungGen: 233424K->1440K(230912K)] 467977K->236001K(897024K), 0.0023112 secs] [Times: user=0.00 sys=0.00, real=0.01 secs] 
119.945: [GC (Allocation Failure) [PSYoungGen: 213408K->1456K(209920K)] 447969K->236025K(876032K), 0.0037840 secs] [Times: user=0.01 sys=0.00, real=0.01 secs] 
123.243: [GC (Allocation Failure) [PSYoungGen: 209840K->17872K(227840K)] 444409K->252441K(893952K), 0.0051741 secs] [Times: user=0.02 sys=0.00, real=0.01 secs] 
125.221: [GC (Allocation Failure) [PSYoungGen: 222672K->1440K(202752K)] 457241K->236017K(868864K), 0.0020270 secs] [Times: user=0.00 sys=0.00, real=0.00 secs] 
128.241: [GC (Allocation Failure) [PSYoungGen: 202656K->1472K(218624K)] 437233K->236073K(884736K), 0.0032636 secs] [Times: user=0.01 sys=0.00, real=0.00 secs] 
131.112: [GC (Allocation Failure) [PSYoungGen: 199616K->9664K(204800K)] 434217K->244273K(870912K), 0.0034650 secs] [Times: user=0.01 sys=0.00, real=0.00 secs] 
133.160: [GC (Allocation Failure) [PSYoungGen: 204736K->1392K(210432K)] 439345K->236009K(876544K), 0.0039018 secs] [Times: user=0.01 sys=0.00, real=0.00 secs] 
134.932: [GC (Allocation Failure) [PSYoungGen: 193392K->1440K(190464K)] 428009K->236073K(856576K), 0.0018798 secs] [Times: user=0.00 sys=0.00, real=0.00 secs] 
136.388: [GC (Allocation Failure) [PSYoungGen: 190368K->2464K(202240K)] 425001K->237105K(868352K), 0.0017271 secs] [Times: user=0.01 sys=0.00, real=0.00 secs] 
137.701: [GC (Allocation Failure) [PSYoungGen: 188320K->1408K(184320K)] 422961K->236065K(850432K), 0.0019608 secs] [Times: user=0.00 sys=0.00, real=0.00 secs] 
138.968: [GC (Allocation Failure) [PSYoungGen: 179265K->9664K(197632K)] 413922K->244329K(863744K), 0.0021063 secs] [Times: user=0.00 sys=0.00, real=0.00 secs] 
139.699: [GC (Allocation Failure) [PSYoungGen: 189888K->1408K(179200K)] 424553K->236097K(845312K), 0.0019569 secs] [Times: user=0.01 sys=0.00, real=0.00 secs] 
140.855: [GC (Allocation Failure) [PSYoungGen: 179072K->17856K(194048K)] 413761K->252545K(860160K), 0.0025535 secs] [Times: user=0.01 sys=0.00, real=0.01 secs] 
141.618: [GC (Allocation Failure) [PSYoungGen: 192448K->1392K(173568K)] 427137K->236113K(839680K), 0.0018824 secs] [Times: user=0.01 sys=0.00, real=0.00 secs] 
143.853: [GC (Allocation Failure) [PSYoungGen: 173424K->1440K(186880K)] 408145K->236169K(852992K), 0.0024057 secs] [Times: user=0.01 sys=0.00, real=0.00 secs] 
145.670: [GC (Allocation Failure) [PSYoungGen: 170912K->1389K(168448K)] 405641K->236118K(834560K), 0.0015456 secs] [Times: user=0.01 sys=0.00, real=0.00 secs] 
147.238: [GC (Allocation Failure) [PSYoungGen: 168301K->1408K(180736K)] 403030K->236153K(846848K), 0.0024121 secs] [Times: user=0.01 sys=0.00, real=0.00 secs] 
149.162: [GC (Allocation Failure) [PSYoungGen: 165760K->2448K(164864K)] 400505K->237209K(830976K), 0.0024628 secs] [Times: user=0.01 sys=0.00, real=0.00 secs] 
150.939: [GC (Allocation Failure) [PSYoungGen: 164752K->1360K(175104K)] 399513K->236121K(841216K), 0.0029122 secs] [Times: user=0.01 sys=0.00, real=0.00 secs] 
152.768: [GC (Allocation Failure) [PSYoungGen: 161616K->5520K(163840K)] 396377K->240313K(829952K), 0.0018857 secs] [Times: user=0.00 sys=0.00, real=0.00 secs] 
153.591: [GC (Allocation Failure) [PSYoungGen: 163728K->1376K(169472K)] 398521K->236177K(835584K), 0.0019754 secs] [Times: user=0.01 sys=0.00, real=0.00 secs] 
155.085: [GC (Allocation Failure) [PSYoungGen: 157536K->5536K(159744K)] 392337K->240345K(825856K), 0.0018348 secs] [Times: user=0.00 sys=0.00, real=0.01 secs] 
156.369: [GC (Allocation Failure) [PSYoungGen: 159648K->1344K(164352K)] 394457K->236161K(830464K), 0.0021834 secs] [Times: user=0.01 sys=0.00, real=0.00 secs] 
157.723: [GC (Allocation Failure) [PSYoungGen: 151923K->3472K(153600K)] 386740K->238297K(819712K), 0.0019709 secs] [Times: user=0.01 sys=0.00, real=0.00 secs] 
159.015: [GC (Allocation Failure) [PSYoungGen: 153488K->1376K(158720K)] 388313K->236201K(824832K), 0.0038399 secs] [Times: user=0.01 sys=0.00, real=0.01 secs] 
160.178: [GC (Allocation Failure) [PSYoungGen: 149344K->1488K(147456K)] 384169K->236329K(813568K), 0.0016523 secs] [Times: user=0.01 sys=0.00, real=0.00 secs] 
161.176: [GC (Allocation Failure) [PSYoungGen: 147408K->1344K(153088K)] 382249K->236185K(819200K), 0.0017797 secs] [Times: user=0.01 sys=0.00, real=0.01 secs] 
161.823: [GC (Allocation Failure) [PSYoungGen: 145216K->1344K(143872K)] 380057K->236193K(809984K), 0.0019880 secs] [Times: user=0.01 sys=0.00, real=0.00 secs] 
165.467: [GC (Allocation Failure) [PSYoungGen: 143680K->9632K(152064K)] 378529K->252673K(818176K), 0.0046835 secs] [Times: user=0.03 sys=0.00, real=0.00 secs] 
166.653: [GC (Allocation Failure) [PSYoungGen: 150432K->1344K(140800K)] 393473K->244401K(806912K), 0.0028054 secs] [Times: user=0.00 sys=0.00, real=0.00 secs] 
168.498: [GC (Allocation Failure) [PSYoungGen: 140608K->9632K(150016K)] 383665K->260889K(816128K), 0.0031325 secs] [Times: user=0.01 sys=0.00, real=0.00 secs] 
170.284: [GC (Allocation Failure) [PSYoungGen: 147360K->1344K(137728K)] 398617K->252609K(803840K), 0.0032141 secs] [Times: user=0.01 sys=0.00, real=0.01 secs] 
171.959: [GC (Allocation Failure) [PSYoungGen: 137536K->9600K(147968K)] 388801K->260865K(814080K), 0.0020104 secs] [Times: user=0.00 sys=0.00, real=0.00 secs] 
172.582: [GC (Allocation Failure) [PSYoungGen: 144256K->1312K(134656K)] 395521K->252577K(800768K), 0.0038436 secs] [Times: user=0.01 sys=0.00, real=0.00 secs] 
173.559: [GC (Allocation Failure) [PSYoungGen: 134432K->1408K(143360K)] 385697K->252681K(809472K), 0.0016968 secs] [Times: user=0.01 sys=0.00, real=0.00 secs] 
174.165: [GC (Allocation Failure) [PSYoungGen: 132992K->1344K(131584K)] 384265K->252617K(797696K), 0.0019250 secs] [Times: user=0.01 sys=0.00, real=0.01 secs] 
175.067: [GC (Allocation Failure) [PSYoungGen: 131392K->1376K(138240K)] 382665K->252665K(804352K), 0.0027812 secs] [Times: user=0.01 sys=0.00, real=0.00 secs] 
177.290: [GC (Allocation Failure) [PSYoungGen: 129888K->9664K(139264K)] 381177K->269145K(805376K), 0.0040955 secs] [Times: user=0.02 sys=0.00, real=0.00 secs] 
179.845: [GC (Allocation Failure) [PSYoungGen: 136640K->1408K(136704K)] 396121K->260889K(802816K), 0.0034500 secs] [Times: user=0.01 sys=0.00, real=0.01 secs] 
181.210: [GC (Allocation Failure) [PSYoungGen: 126848K->3520K(127488K)] 386329K->263001K(793600K), 0.0018286 secs] [Times: user=0.01 sys=0.00, real=0.00 secs] 
182.214: [GC (Allocation Failure) [PSYoungGen: 127424K->1408K(132096K)] 386905K->260889K(798208K), 0.0025979 secs] [Times: user=0.01 sys=0.00, real=0.01 secs] 
183.268: [GC (Allocation Failure) [PSYoungGen: 123776K->1408K(122880K)] 383257K->260889K(788992K), 0.0026409 secs] [Times: user=0.01 sys=0.00, real=0.00 secs] 
184.527: [GC (Allocation Failure) [PSYoungGen: 117326K->9648K(131584K)] 376808K->269129K(797696K), 0.0021215 secs] [Times: user=0.00 sys=0.00, real=0.00 secs] 
185.083: [GC (Allocation Failure) [PSYoungGen: 129456K->1392K(120320K)] 388937K->260881K(786432K), 0.0018201 secs] [Times: user=0.01 sys=0.00, real=0.00 secs] 
185.798: [GC (Allocation Failure) [PSYoungGen: 120176K->1392K(128512K)] 379665K->260881K(794624K), 0.0016509 secs] [Times: user=0.00 sys=0.00, real=0.00 secs] 
186.926: [GC (Allocation Failure) [PSYoungGen: 119152K->9632K(129024K)] 378641K->277321K(795136K), 0.0051962 secs] [Times: user=0.02 sys=0.00, real=0.01 secs] 
187.953: [GC (Allocation Failure) [PSYoungGen: 126368K->1408K(127488K)] 394057K->269097K(793600K), 0.0024333 secs] [Times: user=0.01 sys=0.00, real=0.00 secs] 
189.340: [GC (Allocation Failure) [PSYoungGen: 117120K->5568K(120320K)] 384809K->273257K(786432K), 0.0020421 secs] [Times: user=0.01 sys=0.00, real=0.00 secs] 
189.765: [GC (Allocation Failure) [PSYoungGen: 120256K->1376K(124416K)] 387945K->269065K(790528K), 0.0018103 secs] [Times: user=0.01 sys=0.00, real=0.01 secs] 
190.236: [GC (Allocation Failure) [PSYoungGen: 115040K->1376K(114176K)] 382729K->269065K(780288K), 0.0017964 secs] [Times: user=0.01 sys=0.00, real=0.01 secs] 
191.660: [GC (Allocation Failure) [PSYoungGen: 114016K->9632K(122880K)] 381705K->277337K(788992K), 0.0020569 secs] [Times: user=0.00 sys=0.00, real=0.00 secs] 
192.582: [GC (Allocation Failure) [PSYoungGen: 120736K->1408K(111616K)] 388441K->269113K(777728K), 0.0020494 secs] [Times: user=0.01 sys=0.00, real=0.00 secs] 
193.596: [GC (Allocation Failure) [PSYoungGen: 111488K->1408K(119808K)] 379193K->269121K(785920K), 0.0021006 secs] [Times: user=0.01 sys=0.01, real=0.01 secs] 
194.656: [GC (Allocation Failure) [PSYoungGen: 104221K->9616K(120320K)] 371934K->277337K(786432K), 0.0025348 secs] [Times: user=0.01 sys=0.00, real=0.01 secs] 
195.412: [GC (Allocation Failure) [PSYoungGen: 117648K->1408K(118784K)] 385369K->269137K(784896K), 0.0024397 secs] [Times: user=0.01 sys=0.00, real=0.00 secs] 
196.290: [GC (Allocation Failure) [PSYoungGen: 108416K->1376K(107520K)] 376145K->269105K(773632K), 0.0024175 secs] [Times: user=0.01 sys=0.00, real=0.00 secs] 
197.630: [GC (Allocation Failure) [PSYoungGen: 101502K->9648K(117248K)] 369231K->277377K(783360K), 0.0020400 secs] [Times: user=0.01 sys=0.00, real=0.00 secs] 
198.587: [GC (Allocation Failure) [PSYoungGen: 114096K->1376K(104960K)] 381825K->269105K(771072K), 0.0022203 secs] [Times: user=0.00 sys=0.00, real=0.00 secs] 
199.454: [GC (Allocation Failure) [PSYoungGen: 104800K->1408K(114176K)] 372529K->269137K(780288K), 0.0024570 secs] [Times: user=0.01 sys=0.00, real=0.01 secs] 
200.831: [GC (Allocation Failure) [PSYoungGen: 103808K->9664K(114688K)] 371537K->277401K(780800K), 0.0039247 secs] [Times: user=0.02 sys=0.01, real=0.00 secs] 
201.445: [GC (Allocation Failure) [PSYoungGen: 111040K->1376K(112640K)] 378777K->269121K(778752K), 0.0020311 secs] [Times: user=0.01 sys=0.00, real=0.01 secs] 
201.892: [GC (Allocation Failure) [PSYoungGen: 101728K->1408K(100864K)] 369473K->269153K(766976K), 0.0019027 secs] [Times: user=0.01 sys=0.00, real=0.00 secs] 
203.028: [GC (Allocation Failure) [PSYoungGen: 100736K->9632K(111104K)] 368481K->277385K(777216K), 0.0019976 secs] [Times: user=0.00 sys=0.00, real=0.00 secs] 
203.717: [GC (Allocation Failure) [PSYoungGen: 107424K->1376K(98304K)] 375177K->269129K(764416K), 0.0019990 secs] [Times: user=0.01 sys=0.00, real=0.00 secs] 
204.546: [GC (Allocation Failure) [PSYoungGen: 98144K->1408K(109056K)] 365897K->269161K(775168K), 0.0022349 secs] [Times: user=0.01 sys=0.00, real=0.01 secs] 
205.739: [GC (Allocation Failure) [PSYoungGen: 97664K->5568K(101376K)] 365417K->273329K(767488K), 0.0018437 secs] [Times: user=0.00 sys=0.00, real=0.00 secs] 
206.153: [GC (Allocation Failure) [PSYoungGen: 101312K->9632K(108032K)] 369073K->285585K(774144K), 0.0024774 secs] [Times: user=0.01 sys=0.00, real=0.00 secs] 
206.839: [GC (Allocation Failure) [PSYoungGen: 104352K->1344K(95744K)] 380305K->277297K(761856K), 0.0017478 secs] [Times: user=0.01 sys=0.00, real=0.00 secs] 
208.043: [GC (Allocation Failure) [PSYoungGen: 95552K->1392K(106496K)] 371505K->277353K(772608K), 0.0014341 secs] [Times: user=0.01 sys=0.00, real=0.00 secs] 
208.917: [GC (Allocation Failure) [PSYoungGen: 95088K->9632K(107008K)] 371049K->293793K(773120K), 0.0059783 secs] [Times: user=0.03 sys=0.01, real=0.00 secs] 
209.732: [GC (Allocation Failure) [PSYoungGen: 102816K->1376K(105984K)] 386977K->285537K(772096K), 0.0029231 secs] [Times: user=0.02 sys=0.00, real=0.00 secs] 
210.678: [GC (Allocation Failure) [PSYoungGen: 94048K->1376K(93696K)] 378209K->285545K(759808K), 0.0031697 secs] [Times: user=0.01 sys=0.00, real=0.00 secs] 
212.104: [GC (Allocation Failure) [PSYoungGen: 93536K->9664K(104960K)] 377705K->293833K(771072K), 0.0019083 secs] [Times: user=0.01 sys=0.00, real=0.00 secs] 
213.318: [GC (Allocation Failure) [PSYoungGen: 100800K->1376K(92160K)] 384969K->285545K(758272K), 0.0021824 secs] [Times: user=0.00 sys=0.00, real=0.00 secs] 
214.406: [GC (Allocation Failure) [PSYoungGen: 92000K->1344K(102912K)] 376169K->285521K(769024K), 0.0026616 secs] [Times: user=0.01 sys=0.00, real=0.01 secs] 
215.570: [GC (Allocation Failure) [PSYoungGen: 91456K->3488K(93184K)] 375633K->287665K(759296K), 0.0016971 secs] [Times: user=0.00 sys=0.00, real=0.00 secs] 
216.180: [GC (Allocation Failure) [PSYoungGen: 93088K->9600K(100864K)] 377265K->301969K(766976K), 0.0030643 secs] [Times: user=0.01 sys=0.00, real=0.00 secs] 
216.907: [GC (Allocation Failure) [PSYoungGen: 97664K->1408K(89088K)] 390033K->293777K(755200K), 0.0018423 secs] [Times: user=0.01 sys=0.00, real=0.00 secs] 
217.487: [GC (Allocation Failure) [PSYoungGen: 88960K->1376K(99328K)] 381329K->293745K(765440K), 0.0019325 secs] [Times: user=0.01 sys=0.00, real=0.00 secs] 
218.904: [GC (Allocation Failure) [PSYoungGen: 88416K->9632K(99840K)] 380785K->302001K(765952K), 0.0023636 secs] [Times: user=0.01 sys=0.00, real=0.01 secs] 
220.154: [GC (Allocation Failure) [PSYoungGen: 96160K->1344K(99840K)] 388529K->293721K(765952K), 0.0025582 secs] [Times: user=0.01 sys=0.00, real=0.01 secs] 
221.290: [GC (Allocation Failure) [PSYoungGen: 87360K->1408K(87040K)] 379737K->293785K(753152K), 0.0030094 secs] [Times: user=0.01 sys=0.00, real=0.00 secs] 
222.356: [GC (Allocation Failure) [PSYoungGen: 86912K->1392K(96256K)] 379289K->293769K(762368K), 0.0014996 secs] [Times: user=0.00 sys=0.00, real=0.00 secs] 
222.796: [GC (Allocation Failure) [PSYoungGen: 86384K->9664K(97280K)] 378761K->310241K(763392K), 0.0025019 secs] [Times: user=0.01 sys=0.00, real=0.01 secs] 
223.465: [GC (Allocation Failure) [PSYoungGen: 94144K->1360K(96768K)] 394721K->301945K(762880K), 0.0017096 secs] [Times: user=0.01 sys=0.00, real=0.01 secs] 
224.318: [GC (Allocation Failure) [PSYoungGen: 85328K->1360K(84992K)] 385913K->301945K(751104K), 0.0018880 secs] [Times: user=0.01 sys=0.00, real=0.00 secs] 
225.513: [GC (Allocation Failure) [PSYoungGen: 83609K->3504K(93696K)] 384194K->304097K(759808K), 0.0019410 secs] [Times: user=0.01 sys=0.00, real=0.00 secs] 
225.840: [GC (Allocation Failure) [PSYoungGen: 86448K->9632K(94720K)] 387041K->318417K(760832K), 0.0030191 secs] [Times: user=0.02 sys=0.00, real=0.00 secs] 
226.183: [GC (Allocation Failure) [PSYoungGen: 92064K->1408K(94208K)] 400849K->310193K(760320K), 0.0017737 secs] [Times: user=0.01 sys=0.00, real=0.00 secs] 
226.523: [GC (Allocation Failure) [PSYoungGen: 83328K->1408K(82944K)] 392113K->310193K(749056K), 0.0017437 secs] [Times: user=0.01 sys=0.00, real=0.00 secs] 
228.158: [GC (Allocation Failure) [PSYoungGen: 82816K->5536K(93184K)] 391601K->314337K(759296K), 0.0042825 secs] [Times: user=0.02 sys=0.00, real=0.00 secs] 
229.565: [GC (Allocation Failure) [PSYoungGen: 86432K->9632K(93184K)] 395233K->326625K(759296K), 0.0068790 secs] [Times: user=0.03 sys=0.00, real=0.01 secs] 
230.392: [GC (Allocation Failure) [PSYoungGen: 90016K->1376K(92160K)] 407009K->318369K(758272K), 0.0032117 secs] [Times: user=0.01 sys=0.00, real=0.00 secs] 
231.329: [GC (Allocation Failure) [PSYoungGen: 81248K->1408K(80896K)] 398241K->318401K(747008K), 0.0025493 secs] [Times: user=0.01 sys=0.00, real=0.00 secs] 
232.326: [GC (Allocation Failure) [PSYoungGen: 80768K->9696K(91648K)] 397761K->326697K(757760K), 0.0020316 secs] [Times: user=0.01 sys=0.00, real=0.00 secs] 
232.618: [GC (Allocation Failure) [PSYoungGen: 88032K->9648K(92160K)] 405033K->334841K(758272K), 0.0027186 secs] [Times: user=0.02 sys=0.00, real=0.00 secs] 
232.942: [GC (Allocation Failure) [PSYoungGen: 87472K->1408K(91136K)] 412665K->326601K(757248K), 0.0018567 secs] [Times: user=0.01 sys=0.00, real=0.00 secs] 
233.262: [GC (Allocation Failure) [PSYoungGen: 78720K->1376K(78336K)] 403913K->326569K(744448K), 0.0016894 secs] [Times: user=0.01 sys=0.00, real=0.00 secs] 
235.021: [GC (Allocation Failure) [PSYoungGen: 75926K->5504K(89088K)] 401120K->330697K(755200K), 0.0042918 secs] [Times: user=0.01 sys=0.00, real=0.00 secs] 
235.562: [GC (Allocation Failure) [PSYoungGen: 81792K->9632K(89600K)] 406985K->343017K(755712K), 0.0041785 secs] [Times: user=0.02 sys=0.00, real=0.00 secs] 
236.595: [GC (Allocation Failure) [PSYoungGen: 85408K->1376K(88576K)] 418793K->334761K(754688K), 0.0029265 secs] [Times: user=0.01 sys=0.00, real=0.01 secs] 
238.089: [GC (Allocation Failure) [PSYoungGen: 76640K->1360K(76288K)] 410025K->334769K(742400K), 0.0040672 secs] [Times: user=0.01 sys=0.00, real=0.00 secs] 
240.562: [GC (Allocation Failure) [PSYoungGen: 76112K->3472K(86016K)] 409521K->336881K(752128K), 0.0032443 secs] [Times: user=0.01 sys=0.00, real=0.00 secs] 
241.382: [GC (Allocation Failure) [PSYoungGen: 77712K->9600K(87040K)] 411121K->351201K(753152K), 0.0059770 secs] [Times: user=0.03 sys=0.01, real=0.01 secs] 
242.208: [GC (Allocation Failure) [PSYoungGen: 83328K->1360K(86016K)] 424929K->342961K(752128K), 0.0045010 secs] [Times: user=0.02 sys=0.00, real=0.00 secs] 
243.071: [GC (Allocation Failure) [PSYoungGen: 74576K->1376K(74240K)] 416177K->342977K(740352K), 0.0040176 secs] [Times: user=0.02 sys=0.00, real=0.00 secs] 
244.280: [GC (Allocation Failure) [PSYoungGen: 74080K->1408K(84480K)] 415681K->343009K(750592K), 0.0014780 secs] [Times: user=0.00 sys=0.00, real=0.00 secs] 
244.739: [GC (Allocation Failure) [PSYoungGen: 73600K->9632K(84992K)] 415201K->359425K(751104K), 0.0030676 secs] [Times: user=0.02 sys=0.00, real=0.00 secs] 
245.438: [GC (Allocation Failure) [PSYoungGen: 81312K->1376K(83968K)] 431105K->351169K(750080K), 0.0038705 secs] [Times: user=0.02 sys=0.00, real=0.00 secs] 
245.997: [GC (Allocation Failure) [PSYoungGen: 72544K->1376K(72192K)] 422337K->351177K(738304K), 0.0027552 secs] [Times: user=0.01 sys=0.00, real=0.00 secs] 
246.627: [GC (Allocation Failure) [PSYoungGen: 72032K->1376K(81920K)] 421833K->351177K(748032K), 0.0022951 secs] [Times: user=0.01 sys=0.00, real=0.00 secs] 
247.705: [GC (Allocation Failure) [PSYoungGen: 71520K->9632K(82432K)] 421321K->359441K(748544K), 0.0020837 secs] [Times: user=0.01 sys=0.00, real=0.01 secs] 
248.469: [GC (Allocation Failure) [PSYoungGen: 79264K->9568K(82944K)] 429073K->367569K(749056K), 0.0073281 secs] [Times: user=0.04 sys=0.00, real=0.00 secs] 
249.114: [GC (Allocation Failure) [PSYoungGen: 78176K->1376K(69632K)] 436177K->359377K(735744K), 0.0031548 secs] [Times: user=0.02 sys=0.00, real=0.01 secs] 
249.809: [GC (Allocation Failure) [PSYoungGen: 69472K->1344K(80896K)] 427473K->359353K(747008K), 0.0026105 secs] [Times: user=0.01 sys=0.00, real=0.00 secs] 
250.974: [GC (Allocation Failure) [PSYoungGen: 68928K->1712K(69120K)] 426937K->359721K(735232K), 0.0018268 secs] [Times: user=0.01 sys=0.00, real=0.00 secs] 
251.528: [GC (Allocation Failure) [PSYoungGen: 61684K->9584K(79872K)] 419694K->367593K(745984K), 0.0043510 secs] [Times: user=0.02 sys=0.00, real=0.00 secs] 
252.070: [GC (Allocation Failure) [PSYoungGen: 75632K->1376K(67584K)] 433641K->359401K(733696K), 0.0032933 secs] [Times: user=0.01 sys=0.00, real=0.00 secs] 
252.731: [GC (Allocation Failure) [PSYoungGen: 67424K->1312K(79360K)] 425449K->359337K(745472K), 0.0032491 secs] [Times: user=0.01 sys=0.00, real=0.00 secs] 
253.287: [GC (Allocation Failure) [PSYoungGen: 67360K->1408K(67584K)] 425385K->359433K(733696K), 0.0033186 secs] [Times: user=0.01 sys=0.00, real=0.00 secs] 
254.397: [GC (Allocation Failure) [PSYoungGen: 67456K->2432K(77312K)] 425481K->360457K(743424K), 0.0020418 secs] [Times: user=0.01 sys=0.00, real=0.00 secs] 
254.618: [GC (Allocation Failure) [PSYoungGen: 68480K->9632K(78336K)] 426505K->375849K(744448K), 0.0033363 secs] [Times: user=0.01 sys=0.01, real=0.00 secs] 
254.894: [GC (Allocation Failure) [PSYoungGen: 75680K->1408K(78848K)] 441897K->367625K(744960K), 0.0020287 secs] [Times: user=0.01 sys=0.00, real=0.00 secs] 
255.169: [GC (Allocation Failure) [PSYoungGen: 67456K->1376K(67584K)] 433673K->367609K(733696K), 0.0021911 secs] [Times: user=0.00 sys=0.00, real=0.00 secs] 
255.443: [GC (Allocation Failure) [PSYoungGen: 67424K->1344K(77824K)] 433657K->367585K(743936K), 0.0019011 secs] [Times: user=0.01 sys=0.00, real=0.00 secs] 
256.658: [GC (Allocation Failure) [PSYoungGen: 67392K->5536K(78336K)] 433633K->371777K(744448K), 0.0029703 secs] [Times: user=0.01 sys=0.00, real=0.00 secs] 
257.251: [GC (Allocation Failure) [PSYoungGen: 71584K->9584K(76800K)] 437825K->384033K(742912K), 0.0056088 secs] [Times: user=0.03 sys=0.00, real=0.01 secs] 
258.118: [GC (Allocation Failure) [PSYoungGen: 74096K->1328K(66048K)] 448545K->375785K(732160K), 0.0041671 secs] [Times: user=0.02 sys=0.00, real=0.00 secs] 
258.651: [GC (Allocation Failure) [PSYoungGen: 65840K->1344K(76800K)] 440297K->375809K(742912K), 0.0033643 secs] [Times: user=0.01 sys=0.00, real=0.00 secs] 
259.199: [GC (Allocation Failure) [PSYoungGen: 65856K->1344K(66048K)] 440321K->375817K(732160K), 0.0032461 secs] [Times: user=0.02 sys=0.00, real=0.00 secs] 
260.147: [GC (Allocation Failure) [PSYoungGen: 65856K->9600K(75264K)] 440329K->384073K(741376K), 0.0020529 secs] [Times: user=0.01 sys=0.00, real=0.00 secs] 
260.600: [GC (Allocation Failure) [PSYoungGen: 72576K->9600K(76800K)] 447049K->392265K(742912K), 0.0035296 secs] [Times: user=0.02 sys=0.00, real=0.00 secs] 
261.108: [GC (Allocation Failure) [PSYoungGen: 72576K->1408K(76800K)] 455241K->384073K(742912K), 0.0020966 secs] [Times: user=0.01 sys=0.00, real=0.00 secs] 
261.877: [GC (Allocation Failure) [PSYoungGen: 64384K->1408K(64512K)] 447049K->384073K(730624K), 0.0021054 secs] [Times: user=0.01 sys=0.00, real=0.00 secs] 
262.650: [GC (Allocation Failure) [PSYoungGen: 64384K->1376K(75776K)] 447049K->384041K(741888K), 0.0021738 secs] [Times: user=0.01 sys=0.00, real=0.00 secs] 
263.519: [GC (Allocation Failure) [PSYoungGen: 64352K->9664K(76288K)] 447017K->392337K(742400K), 0.0023860 secs] [Times: user=0.01 sys=0.00, real=0.00 secs] 
263.747: [GC (Allocation Failure) [PSYoungGen: 72640K->9600K(77312K)] 455313K->400465K(743424K), 0.0033279 secs] [Times: user=0.02 sys=0.00, real=0.00 secs] 
264.047: [GC (Allocation Failure) [PSYoungGen: 72064K->1376K(64000K)] 462929K->392241K(730112K), 0.0023759 secs] [Times: user=0.01 sys=0.00, real=0.00 secs] 
264.331: [GC (Allocation Failure) [PSYoungGen: 63840K->1376K(77312K)] 454705K->392265K(743424K), 0.0028368 secs] [Times: user=0.02 sys=0.00, real=0.00 secs] 
264.759: [GC (Allocation Failure) [PSYoungGen: 63840K->1360K(64000K)] 454729K->392249K(730112K), 0.0024193 secs] [Times: user=0.01 sys=0.00, real=0.00 secs] 
266.480: [GC (Allocation Failure) [PSYoungGen: 63824K->9632K(74752K)] 454713K->400545K(740864K), 0.0029489 secs] [Times: user=0.01 sys=0.00, real=0.00 secs] 
266.851: [GC (Allocation Failure) [PSYoungGen: 70560K->9600K(76288K)] 461473K->408705K(742400K), 0.0039436 secs] [Times: user=0.02 sys=0.00, real=0.00 secs] 
267.311: [GC (Allocation Failure) [PSYoungGen: 70528K->1376K(75776K)] 469633K->400481K(741888K), 0.0040998 secs] [Times: user=0.01 sys=0.00, real=0.00 secs] 
267.783: [GC (Allocation Failure) [PSYoungGen: 62304K->1392K(62464K)] 461409K->400497K(728576K), 0.0028718 secs] [Times: user=0.01 sys=0.00, real=0.00 secs] 
268.250: [GC (Allocation Failure) [PSYoungGen: 62320K->1408K(74752K)] 461425K->400513K(740864K), 0.0030236 secs] [Times: user=0.02 sys=0.00, real=0.00 secs] 
269.032: [GC (Allocation Failure) [PSYoungGen: 60849K->5520K(66560K)] 459955K->404633K(732672K), 0.0021717 secs] [Times: user=0.01 sys=0.00, real=0.00 secs] 
269.271: [GC (Allocation Failure) [PSYoungGen: 66448K->9600K(73728K)] 465561K->416905K(739840K), 0.0029446 secs] [Times: user=0.01 sys=0.00, real=0.00 secs] 
269.794: [GC (Allocation Failure) [PSYoungGen: 69504K->1376K(74752K)] 476809K->408681K(740864K), 0.0019181 secs] [Times: user=0.01 sys=0.00, real=0.00 secs] 
270.532: [GC (Allocation Failure) [PSYoungGen: 61280K->1344K(73728K)] 468585K->408649K(739840K), 0.0029895 secs] [Times: user=0.01 sys=0.00, real=0.00 secs] 
271.289: [GC (Allocation Failure) [PSYoungGen: 61248K->1376K(61440K)] 468553K->408681K(727552K), 0.0045172 secs] [Times: user=0.02 sys=0.00, real=0.00 secs] 
272.352: [GC (Allocation Failure) [PSYoungGen: 59837K->3472K(71680K)] 467142K->410777K(737792K), 0.0021652 secs] [Times: user=0.01 sys=0.00, real=0.00 secs] 
272.571: [GC (Allocation Failure) [PSYoungGen: 63376K->9568K(72704K)] 470681K->425065K(738816K), 0.0030707 secs] [Times: user=0.01 sys=0.00, real=0.00 secs] 
272.834: [GC (Allocation Failure) [PSYoungGen: 69472K->1408K(72704K)] 484969K->416905K(738816K), 0.0019839 secs] [Times: user=0.01 sys=0.00, real=0.00 secs] 
273.083: [GC (Allocation Failure) [PSYoungGen: 61312K->1408K(73216K)] 476809K->416905K(739328K), 0.0019378 secs] [Times: user=0.01 sys=0.00, real=0.00 secs] 
273.332: [GC (Allocation Failure) [PSYoungGen: 61312K->1376K(72192K)] 476809K->416873K(738304K), 0.0022946 secs] [Times: user=0.01 sys=0.00, real=0.00 secs] 
274.103: [GC (Allocation Failure) [PSYoungGen: 61280K->1648K(61952K)] 476777K->417169K(728064K), 0.0019328 secs] [Times: user=0.00 sys=0.01, real=0.00 secs] 
274.320: [GC (Allocation Failure) [PSYoungGen: 61552K->9600K(71168K)] 477073K->425121K(737280K), 0.0021595 secs] [Times: user=0.01 sys=0.00, real=0.00 secs] 
274.530: [GC (Allocation Failure) [PSYoungGen: 68480K->9600K(72192K)] 484001K->433313K(738304K), 0.0030635 secs] [Times: user=0.01 sys=0.00, real=0.00 secs] 
274.775: [GC (Allocation Failure) [PSYoungGen: 68480K->1408K(66048K)] 492193K->425121K(732160K), 0.0018210 secs] [Times: user=0.00 sys=0.00, real=0.01 secs] 
275.019: [GC (Allocation Failure) [PSYoungGen: 60288K->1376K(60416K)] 484001K->425097K(726528K), 0.0019152 secs] [Times: user=0.01 sys=0.00, real=0.00 secs] 
275.755: [GC (Allocation Failure) [PSYoungGen: 60256K->1392K(71680K)] 483977K->425113K(737792K), 0.0016426 secs] [Times: user=0.01 sys=0.01, real=0.01 secs] 
276.558: [GC (Allocation Failure) [PSYoungGen: 60272K->9664K(72192K)] 483993K->433385K(738304K), 0.0018923 secs] [Times: user=0.01 sys=0.00, real=0.00 secs] 
277.031: [GC (Allocation Failure) [PSYoungGen: 68544K->9600K(72192K)] 492265K->441513K(738304K), 0.0034595 secs] [Times: user=0.02 sys=0.00, real=0.00 secs] 
277.544: [GC (Allocation Failure) [PSYoungGen: 67456K->1392K(59392K)] 499369K->433305K(725504K), 0.0034339 secs] [Times: user=0.02 sys=0.00, real=0.01 secs] 
278.022: [GC (Allocation Failure) [PSYoungGen: 59248K->1408K(71680K)] 491161K->433321K(737792K), 0.0026192 secs] [Times: user=0.01 sys=0.00, real=0.00 secs] 
278.301: [GC (Allocation Failure) [PSYoungGen: 59264K->1344K(59392K)] 491177K->433265K(725504K), 0.0028633 secs] [Times: user=0.01 sys=0.00, real=0.00 secs] 
279.288: [GC (Allocation Failure) [PSYoungGen: 59200K->3488K(69632K)] 491121K->435409K(735744K), 0.0024135 secs] [Times: user=0.01 sys=0.00, real=0.00 secs] 
279.959: [GC (Allocation Failure) [PSYoungGen: 61344K->9632K(70656K)] 493265K->449745K(736768K), 0.0058126 secs] [Times: user=0.02 sys=0.00, real=0.00 secs] 
280.558: [GC (Allocation Failure) [PSYoungGen: 67488K->1376K(71168K)] 507601K->441489K(737280K), 0.0033973 secs] [Times: user=0.02 sys=0.00, real=0.00 secs] 
281.265: [GC (Allocation Failure) [PSYoungGen: 59232K->1344K(59392K)] 499345K->441457K(725504K), 0.0035402 secs] [Times: user=0.02 sys=0.00, real=0.01 secs] 
281.796: [GC (Allocation Failure) [PSYoungGen: 59200K->1376K(70144K)] 499313K->441489K(736256K), 0.0033378 secs] [Times: user=0.01 sys=0.00, real=0.00 secs] 
282.761: [GC (Allocation Failure) [PSYoungGen: 59232K->1392K(59392K)] 499345K->441505K(725504K), 0.0015620 secs] [Times: user=0.01 sys=0.00, real=0.00 secs] 
283.516: [GC (Allocation Failure) [PSYoungGen: 59248K->9632K(68608K)] 499361K->449745K(734720K), 0.0055112 secs] [Times: user=0.02 sys=0.00, real=0.01 secs] 
284.107: [GC (Allocation Failure) [PSYoungGen: 65952K->9632K(70144K)] 506065K->457945K(736256K), 0.0077191 secs] [Times: user=0.04 sys=0.00, real=0.00 secs] 
284.829: [GC (Allocation Failure) [PSYoungGen: 65952K->1376K(70144K)] 514265K->449689K(736256K), 0.0033397 secs] [Times: user=0.01 sys=0.00, real=0.00 secs] 
285.767: [GC (Allocation Failure) [PSYoungGen: 57696K->1344K(57856K)] 506009K->449665K(723968K), 0.0036679 secs] [Times: user=0.02 sys=0.00, real=0.00 secs] 
286.679: [GC (Allocation Failure) [PSYoungGen: 57664K->1312K(69120K)] 505985K->449641K(735232K), 0.0035529 secs] [Times: user=0.01 sys=0.00, real=0.00 secs] 
287.658: [GC (Allocation Failure) [PSYoungGen: 57632K->5536K(69632K)] 505961K->453865K(735744K), 0.0020175 secs] [Times: user=0.01 sys=0.00, real=0.00 secs] 
287.902: [GC (Allocation Failure) [PSYoungGen: 61856K->9600K(68608K)] 510185K->466121K(734720K), 0.0031932 secs] [Times: user=0.02 sys=0.00, real=0.00 secs] 
288.175: [GC (Allocation Failure) [PSYoungGen: 64896K->1408K(56832K)] 521417K->457929K(722944K), 0.0020319 secs] [Times: user=0.00 sys=0.00, real=0.01 secs] 
288.417: [GC (Allocation Failure) [PSYoungGen: 56704K->1376K(68096K)] 513225K->457897K(734208K), 0.0021946 secs] [Times: user=0.00 sys=0.00, real=0.00 secs] 
288.808: [GC (Allocation Failure) [PSYoungGen: 56672K->1376K(56832K)] 513193K->457897K(722944K), 0.0023995 secs] [Times: user=0.01 sys=0.00, real=0.00 secs] 
289.406: [GC (Allocation Failure) [PSYoungGen: 56672K->1328K(67072K)] 513193K->457849K(733184K), 0.0015650 secs] [Times: user=0.00 sys=0.00, real=0.01 secs] 
290.327: [GC (Allocation Failure) [PSYoungGen: 56624K->9632K(67584K)] 513145K->466153K(733696K), 0.0028392 secs] [Times: user=0.01 sys=0.00, real=0.00 secs] 
291.100: [GC (Allocation Failure) [PSYoungGen: 64928K->9600K(68096K)] 521449K->474313K(734208K), 0.0086685 secs] [Times: user=0.04 sys=0.00, real=0.01 secs] 
292.033: [GC (Allocation Failure) [PSYoungGen: 63872K->1344K(55808K)] 528585K->466057K(721920K), 0.0043600 secs] [Times: user=0.02 sys=0.00, real=0.01 secs] 
292.584: [GC (Allocation Failure) [PSYoungGen: 55616K->1376K(67584K)] 520329K->466089K(733696K), 0.0035089 secs] [Times: user=0.01 sys=0.00, real=0.01 secs] 
293.017: [GC (Allocation Failure) [PSYoungGen: 55648K->1376K(55808K)] 520361K->466089K(721920K), 0.0028005 secs] [Times: user=0.01 sys=0.00, real=0.00 secs] 
294.030: [GC (Allocation Failure) [PSYoungGen: 55588K->1488K(66560K)] 520302K->466201K(732672K), 0.0020762 secs] [Times: user=0.01 sys=0.00, real=0.00 secs] 
294.688: [GC (Allocation Failure) [PSYoungGen: 55760K->9600K(67072K)] 520473K->474313K(733184K), 0.0049855 secs] [Times: user=0.02 sys=0.00, real=0.00 secs] 
295.281: [GC (Allocation Failure) [PSYoungGen: 63872K->9600K(67584K)] 528585K->482513K(733696K), 0.0057427 secs] [Times: user=0.03 sys=0.00, real=0.01 secs] 
295.754: [GC (Allocation Failure) [PSYoungGen: 62848K->1344K(54784K)] 535761K->474257K(720896K), 0.0028883 secs] [Times: user=0.01 sys=0.00, real=0.01 secs] 
296.215: [GC (Allocation Failure) [PSYoungGen: 54592K->1344K(67072K)] 527505K->474265K(733184K), 0.0030693 secs] [Times: user=0.01 sys=0.00, real=0.01 secs] 
296.647: [GC (Allocation Failure) [PSYoungGen: 54592K->1344K(54784K)] 527513K->474265K(720896K), 0.0026933 secs] [Times: user=0.01 sys=0.00, real=0.00 secs] 
297.472: [GC (Allocation Failure) [PSYoungGen: 54592K->2464K(65024K)] 527513K->475385K(731136K), 0.0020671 secs] [Times: user=0.01 sys=0.00, real=0.00 secs] 
297.694: [GC (Allocation Failure) [PSYoungGen: 55712K->9584K(66048K)] 528633K->482505K(732160K), 0.0021166 secs] [Times: user=0.01 sys=0.00, real=0.00 secs] 
298.003: [GC (Allocation Failure) [PSYoungGen: 62832K->9600K(66560K)] 535753K->490713K(732672K), 0.0031991 secs] [Times: user=0.02 sys=0.00, real=0.00 secs] 
298.432: [GC (Allocation Failure) [PSYoungGen: 61824K->1344K(53760K)] 542937K->482457K(719872K), 0.0023480 secs] [Times: user=0.01 sys=0.00, real=0.00 secs] 
298.849: [GC (Allocation Failure) [PSYoungGen: 53568K->1376K(66048K)] 534681K->482489K(732160K), 0.0029255 secs] [Times: user=0.01 sys=0.00, real=0.00 secs] 
299.289: [GC (Allocation Failure) [PSYoungGen: 53600K->1344K(53760K)] 534713K->482457K(719872K), 0.0031169 secs] [Times: user=0.02 sys=0.00, real=0.00 secs] 
300.116: [GC (Allocation Failure) [PSYoungGen: 53568K->2432K(65024K)] 534681K->483545K(731136K), 0.0019418 secs] [Times: user=0.01 sys=0.00, real=0.01 secs] 
300.388: [GC (Allocation Failure) [PSYoungGen: 54345K->9616K(65536K)] 535459K->490729K(731648K), 0.0023011 secs] [Times: user=0.01 sys=0.00, real=0.00 secs] 
300.572: [GC (Allocation Failure) [PSYoungGen: 61840K->9632K(65536K)] 542953K->498937K(731648K), 0.0033183 secs] [Times: user=0.02 sys=0.00, real=0.00 secs] 
300.787: [GC (Allocation Failure) [PSYoungGen: 60832K->1376K(66560K)] 550137K->490681K(732672K), 0.0021543 secs] [Times: user=0.01 sys=0.00, real=0.00 secs] 
301.146: [GC (Allocation Failure) [PSYoungGen: 52576K->1328K(58880K)] 541881K->490657K(724992K), 0.0022559 secs] [Times: user=0.01 sys=0.01, real=0.01 secs] 
301.571: [GC (Allocation Failure) [PSYoungGen: 52528K->1360K(52736K)] 541857K->490689K(718848K), 0.0024884 secs] [Times: user=0.01 sys=0.00, real=0.00 secs] 
302.494: [GC (Allocation Failure) [PSYoungGen: 52560K->1920K(64000K)] 541889K->491257K(730112K), 0.0021440 secs] [Times: user=0.01 sys=0.00, real=0.00 secs] 
302.976: [GC (Allocation Failure) [PSYoungGen: 53120K->9600K(64512K)] 542457K->498937K(730624K), 0.0024273 secs] [Times: user=0.01 sys=0.00, real=0.01 secs] 
303.548: [GC (Allocation Failure) [PSYoungGen: 60800K->9600K(64512K)] 550137K->507129K(730624K), 0.0053842 secs] [Times: user=0.03 sys=0.00, real=0.00 secs] 
304.179: [GC (Allocation Failure) [PSYoungGen: 59776K->1376K(51712K)] 557305K->498905K(717824K), 0.0031152 secs] [Times: user=0.01 sys=0.00, real=0.00 secs] 
304.843: [GC (Allocation Failure) [PSYoungGen: 51552K->1312K(64000K)] 549081K->498841K(730112K), 0.0034601 secs] [Times: user=0.02 sys=0.00, real=0.00 secs] 
305.606: [GC (Allocation Failure) [PSYoungGen: 51488K->1328K(51712K)] 549017K->498857K(717824K), 0.0042550 secs] [Times: user=0.01 sys=0.00, real=0.00 secs] 
306.624: [GC (Allocation Failure) [PSYoungGen: 51504K->1360K(62976K)] 549033K->498889K(729088K), 0.0018037 secs] [Times: user=0.01 sys=0.00, real=0.00 secs] 
306.973: [GC (Allocation Failure) [PSYoungGen: 51536K->9632K(63488K)] 549065K->507161K(729600K), 0.0023288 secs] [Times: user=0.01 sys=0.00, real=0.00 secs] 
307.148: [GC (Allocation Failure) [PSYoungGen: 59808K->9600K(64000K)] 557337K->515321K(730112K), 0.0033532 secs] [Times: user=0.01 sys=0.00, real=0.00 secs] 
307.353: [GC (Allocation Failure) [PSYoungGen: 58752K->1376K(65024K)] 564473K->507113K(731136K), 0.0020386 secs] [Times: user=0.01 sys=0.00, real=0.00 secs] 
307.558: [GC (Allocation Failure) [PSYoungGen: 50528K->1408K(69632K)] 556265K->507145K(735744K), 0.0020034 secs] [Times: user=0.00 sys=0.00, real=0.00 secs] 
307.788: [GC (Allocation Failure) [PSYoungGen: 56704K->1408K(70144K)] 562441K->507145K(736256K), 0.0021370 secs] [Times: user=0.01 sys=0.00, real=0.00 secs] 
308.291: [GC (Allocation Failure) [PSYoungGen: 56704K->1357K(61440K)] 562441K->507111K(727552K), 0.0017203 secs] [Times: user=0.01 sys=0.00, real=0.00 secs] 
308.786: [GC (Allocation Failure) [PSYoungGen: 56653K->9600K(68608K)] 562407K->515353K(734720K), 0.0024481 secs] [Times: user=0.01 sys=0.00, real=0.01 secs] 
309.147: [GC (Allocation Failure) [PSYoungGen: 64896K->9600K(69120K)] 570649K->523545K(735232K), 0.0040417 secs] [Times: user=0.02 sys=0.00, real=0.00 secs] 
309.609: [GC (Allocation Failure) [PSYoungGen: 63872K->1376K(55808K)] 577817K->515345K(721920K), 0.0040345 secs] [Times: user=0.01 sys=0.00, real=0.00 secs] 
310.083: [GC (Allocation Failure) [PSYoungGen: 55648K->1344K(68608K)] 569617K->515321K(734720K), 0.0029954 secs] [Times: user=0.01 sys=0.00, real=0.00 secs] 
310.623: [GC (Allocation Failure) [PSYoungGen: 55616K->1376K(55808K)] 569593K->515353K(721920K), 0.0033321 secs] [Times: user=0.02 sys=0.00, real=0.01 secs] 
311.557: [GC (Allocation Failure) [PSYoungGen: 55648K->1920K(66560K)] 569625K->515905K(732672K), 0.0020421 secs] [Times: user=0.01 sys=0.00, real=0.00 secs] 
311.909: [GC (Allocation Failure) [PSYoungGen: 56192K->9632K(67584K)] 570177K->523617K(733696K), 0.0022816 secs] [Times: user=0.01 sys=0.00, real=0.00 secs] 
312.292: [GC (Allocation Failure) [PSYoungGen: 63904K->9648K(68096K)] 577889K->531825K(734208K), 0.0033268 secs] [Times: user=0.02 sys=0.00, real=0.00 secs] 
312.827: [GC (Allocation Failure) [PSYoungGen: 62896K->1376K(54784K)] 585073K->523553K(720896K), 0.0031911 secs] [Times: user=0.02 sys=0.00, real=0.00 secs] 
313.233: [GC (Allocation Failure) [PSYoungGen: 54624K->1408K(67584K)] 576801K->523585K(733696K), 0.0033560 secs] [Times: user=0.01 sys=0.00, real=0.00 secs] 
313.627: [GC (Allocation Failure) [PSYoungGen: 54656K->1376K(54784K)] 576833K->523553K(720896K), 0.0030939 secs] [Times: user=0.01 sys=0.00, real=0.00 secs] 
314.554: [GC (Allocation Failure) [PSYoungGen: 54624K->3520K(65536K)] 576801K->525697K(731648K), 0.0024203 secs] [Times: user=0.01 sys=0.00, real=0.01 secs] 
314.934: [GC (Allocation Failure) [PSYoungGen: 51177K->9616K(66560K)] 573355K->531793K(732672K), 0.0026093 secs] [Times: user=0.01 sys=0.00, real=0.00 secs] 
315.277: [GC (Allocation Failure) [PSYoungGen: 62864K->9600K(66560K)] 585041K->539969K(732672K), 0.0036768 secs] [Times: user=0.02 sys=0.00, real=0.00 secs] 
315.723: [GC (Allocation Failure) [PSYoungGen: 61824K->1376K(53760K)] 592193K->531745K(719872K), 0.0024053 secs] [Times: user=0.01 sys=0.00, real=0.00 secs] 
316.416: [GC (Allocation Failure) [PSYoungGen: 53600K->1376K(66048K)] 583969K->531745K(732160K), 0.0053014 secs] [Times: user=0.03 sys=0.00, real=0.01 secs] 
317.118: [GC (Allocation Failure) [PSYoungGen: 53600K->1376K(53760K)] 583969K->531745K(719872K), 0.0049912 secs] [Times: user=0.02 sys=0.00, real=0.00 secs] 
318.157: [GC (Allocation Failure) [PSYoungGen: 53600K->3520K(65024K)] 583969K->533889K(731136K), 0.0021634 secs] [Times: user=0.01 sys=0.00, real=0.00 secs] 
318.649: [GC (Allocation Failure) [PSYoungGen: 55556K->9616K(65536K)] 585925K->539985K(731648K), 0.0028530 secs] [Times: user=0.01 sys=0.00, real=0.00 secs] 
319.093: [GC (Allocation Failure) [PSYoungGen: 61840K->9632K(65536K)] 592209K->548193K(731648K), 0.0078022 secs] [Times: user=0.04 sys=0.00, real=0.01 secs] 
319.707: [GC (Allocation Failure) [PSYoungGen: 60832K->1344K(52736K)] 599393K->539913K(718848K), 0.0039284 secs] [Times: user=0.02 sys=0.00, real=0.00 secs] 
320.260: [GC (Allocation Failure) [PSYoungGen: 52544K->1408K(65024K)] 591113K->539977K(731136K), 0.0032537 secs] [Times: user=0.01 sys=0.00, real=0.00 secs] 
320.726: [GC (Allocation Failure) [PSYoungGen: 52608K->1376K(52736K)] 591177K->539945K(718848K), 0.0028152 secs] [Times: user=0.01 sys=0.00, real=0.01 secs] 
321.579: [GC (Allocation Failure) [PSYoungGen: 52576K->1920K(64000K)] 591145K->540489K(730112K), 0.0020647 secs] [Times: user=0.01 sys=0.00, real=0.00 secs] 
321.984: [GC (Allocation Failure) [PSYoungGen: 53120K->9632K(64512K)] 591689K->548201K(730624K), 0.0023077 secs] [Times: user=0.01 sys=0.00, real=0.00 secs] 
322.387: [GC (Allocation Failure) [PSYoungGen: 60832K->9600K(64512K)] 599401K->556361K(730624K), 0.0042379 secs] [Times: user=0.02 sys=0.00, real=0.00 secs] 
322.973: [GC (Allocation Failure) [PSYoungGen: 59776K->1408K(51712K)] 606537K->548169K(717824K), 0.0026349 secs] [Times: user=0.01 sys=0.00, real=0.00 secs] 
323.610: [GC (Allocation Failure) [PSYoungGen: 51584K->1392K(64000K)] 598345K->548153K(730112K), 0.0025776 secs] [Times: user=0.01 sys=0.00, real=0.00 secs] 
324.204: [GC (Allocation Failure) [PSYoungGen: 51568K->1408K(51712K)] 598329K->548193K(717824K), 0.0031928 secs] [Times: user=0.01 sys=0.00, real=0.01 secs] 
325.124: [GC (GCLocker Initiated GC) [PSYoungGen: 51584K->1389K(62976K)] 598369K->548175K(729088K), 0.0016933 secs] [Times: user=0.01 sys=0.00, real=0.00 secs] 
325.591: [GC (Allocation Failure) [PSYoungGen: 51565K->9664K(63488K)] 598354K->556453K(729600K), 0.0023907 secs] [Times: user=0.01 sys=0.01, real=0.00 secs] 
325.959: [GC (Allocation Failure) [PSYoungGen: 59840K->9600K(64000K)] 606629K->564581K(730112K), 0.0035907 secs] [Times: user=0.02 sys=0.00, real=0.00 secs] 
326.375: [GC (Allocation Failure) [PSYoungGen: 58752K->1376K(50688K)] 613733K->556357K(716800K), 0.0023777 secs] [Times: user=0.01 sys=0.00, real=0.01 secs] 
326.879: [GC (Allocation Failure) [PSYoungGen: 50528K->1376K(63488K)] 605509K->556357K(729600K), 0.0025911 secs] [Times: user=0.01 sys=0.00, real=0.00 secs] 
327.347: [GC (Allocation Failure) [PSYoungGen: 50528K->1376K(50688K)] 605509K->556357K(716800K), 0.0025373 secs] [Times: user=0.01 sys=0.00, real=0.00 secs] 
327.871: [GC (Allocation Failure) [PSYoungGen: 50528K->1408K(61440K)] 605509K->556389K(727552K), 0.0034256 secs] [Times: user=0.01 sys=0.00, real=0.00 secs] 
328.762: [GC (Allocation Failure) [PSYoungGen: 50560K->5568K(62464K)] 605541K->560557K(728576K), 0.0021876 secs] [Times: user=0.01 sys=0.00, real=0.00 secs] 
329.073: [GC (Allocation Failure) [PSYoungGen: 54720K->9664K(61440K)] 609709K->572845K(727552K), 0.0037158 secs] [Times: user=0.02 sys=0.00, real=0.01 secs] 
329.498: [GC (Allocation Failure) [PSYoungGen: 57792K->1440K(49664K)] 620973K->564621K(715776K), 0.0022449 secs] [Times: user=0.01 sys=0.00, real=0.00 secs] 
329.862: [GC (Allocation Failure) [PSYoungGen: 49568K->1440K(60928K)] 612749K->564621K(727040K), 0.0025276 secs] [Times: user=0.01 sys=0.00, real=0.00 secs] 
330.173: [GC (Allocation Failure) [PSYoungGen: 49568K->1440K(49664K)] 612749K->564621K(715776K), 0.0025926 secs] [Times: user=0.01 sys=0.00, real=0.00 secs] 
330.576: [GC (Allocation Failure) [PSYoungGen: 49568K->1472K(59904K)] 612749K->564653K(726016K), 0.0028820 secs] [Times: user=0.01 sys=0.00, real=0.01 secs] 
331.466: [GC (Allocation Failure) [PSYoungGen: 49600K->1984K(50176K)] 612781K->565165K(716288K), 0.0024506 secs] [Times: user=0.01 sys=0.00, real=0.01 secs] 
332.114: [GC (Allocation Failure) [PSYoungGen: 50112K->9664K(58368K)] 613293K->572845K(724480K), 0.0027035 secs] [Times: user=0.01 sys=0.00, real=0.01 secs] 
332.820: [GC (Allocation Failure) [PSYoungGen: 56256K->9632K(59904K)] 619437K->581005K(726016K), 0.0041038 secs] [Times: user=0.02 sys=0.00, real=0.00 secs] 
333.626: [GC (Allocation Failure) [PSYoungGen: 56224K->1408K(60928K)] 627597K->572853K(727040K), 0.0029946 secs] [Times: user=0.02 sys=0.00, real=0.01 secs] 
334.052: [GC (Allocation Failure) [PSYoungGen: 48000K->1344K(48128K)] 619445K->572789K(714240K), 0.0027764 secs] [Times: user=0.02 sys=0.00, real=0.00 secs] 
334.578: [GC (Allocation Failure) [PSYoungGen: 47936K->1440K(59392K)] 619381K->572885K(725504K), 0.0032611 secs] [Times: user=0.02 sys=0.00, real=0.00 secs] 
335.107: [GC (Allocation Failure) [PSYoungGen: 48032K->1408K(48128K)] 619477K->572853K(714240K), 0.0052341 secs] [Times: user=0.02 sys=0.00, real=0.00 secs] 
335.945: [GC (Allocation Failure) [PSYoungGen: 46089K->3472K(57856K)] 617534K->574917K(723968K), 0.0027206 secs] [Times: user=0.02 sys=0.00, real=0.01 secs] 
336.170: [GC (Allocation Failure) [PSYoungGen: 50064K->9600K(58368K)] 621509K->581045K(724480K), 0.0041016 secs] [Times: user=0.02 sys=0.00, real=0.00 secs] 
336.495: [GC (Allocation Failure) [PSYoungGen: 56192K->9568K(58880K)] 627637K->589229K(724992K), 0.0052920 secs] [Times: user=0.02 sys=0.00, real=0.01 secs] 
336.877: [GC (Allocation Failure) [PSYoungGen: 55136K->1440K(59904K)] 634797K->581101K(726016K), 0.0030814 secs] [Times: user=0.01 sys=0.00, real=0.00 secs] 
337.295: [GC (Allocation Failure) [PSYoungGen: 47008K->1360K(64000K)] 626669K->581021K(730112K), 0.0032247 secs] [Times: user=0.01 sys=0.00, real=0.01 secs] 
337.729: [GC (Allocation Failure) [PSYoungGen: 52560K->1376K(52736K)] 632221K->581045K(718848K), 0.0027087 secs] [Times: user=0.01 sys=0.00, real=0.00 secs] 
338.374: [GC (Allocation Failure) [PSYoungGen: 52576K->1373K(62976K)] 632245K->581042K(729088K), 0.0017527 secs] [Times: user=0.00 sys=0.01, real=0.00 secs] 
338.815: [GC (Allocation Failure) [PSYoungGen: 52573K->9664K(63488K)] 632242K->589333K(729600K), 0.0025637 secs] [Times: user=0.01 sys=0.00, real=0.01 secs] 
339.127: [GC (Allocation Failure) [PSYoungGen: 60864K->9632K(64000K)] 640533K->597493K(730112K), 0.0037030 secs] [Times: user=0.01 sys=0.01, real=0.00 secs] 
339.463: [GC (Allocation Failure) [PSYoungGen: 59808K->1408K(51712K)] 647669K->589285K(717824K), 0.0023864 secs] [Times: user=0.02 sys=0.00, real=0.00 secs] 
339.809: [GC (Allocation Failure) [PSYoungGen: 51584K->1376K(63488K)] 639461K->589253K(729600K), 0.0023197 secs] [Times: user=0.01 sys=0.00, real=0.00 secs] 
340.247: [GC (Allocation Failure) [PSYoungGen: 51552K->1408K(51712K)] 639429K->589285K(717824K), 0.0024691 secs] [Times: user=0.01 sys=0.00, real=0.00 secs] 
340.779: [GC (Allocation Failure) [PSYoungGen: 51584K->1408K(62464K)] 639461K->589285K(728576K), 0.0035346 secs] [Times: user=0.02 sys=0.00, real=0.00 secs] 
341.625: [GC (Allocation Failure) [PSYoungGen: 51584K->5504K(62976K)] 639461K->593381K(729088K), 0.0023754 secs] [Times: user=0.01 sys=0.00, real=0.01 secs] 
341.940: [GC (Allocation Failure) [PSYoungGen: 55680K->9600K(61952K)] 643557K->605669K(728064K), 0.0034366 secs] [Times: user=0.01 sys=0.00, real=0.00 secs] 
342.393: [GC (Allocation Failure) [PSYoungGen: 58752K->1408K(62976K)] 654821K->597477K(729088K), 0.0022659 secs] [Times: user=0.01 sys=0.00, real=0.00 secs] 
342.993: [GC (Allocation Failure) [PSYoungGen: 50560K->1376K(61952K)] 646629K->597445K(728064K), 0.0031118 secs] [Times: user=0.02 sys=0.00, real=0.00 secs] 
343.546: [GC (Allocation Failure) [PSYoungGen: 50528K->1376K(50688K)] 646597K->597445K(716800K), 0.0034589 secs] [Times: user=0.01 sys=0.00, real=0.01 secs] 
344.202: [GC (Allocation Failure) [PSYoungGen: 50528K->1392K(60928K)] 646597K->597461K(727040K), 0.0042568 secs] [Times: user=0.02 sys=0.01, real=0.01 secs] 
345.137: [GC (Allocation Failure) [PSYoungGen: 50544K->3520K(52736K)] 646613K->599589K(718848K), 0.0026828 secs] [Times: user=0.01 sys=0.00, real=0.00 secs] 
345.498: [GC (Allocation Failure) [PSYoungGen: 52672K->9600K(58880K)] 648741K->605669K(724992K), 0.0029005 secs] [Times: user=0.01 sys=0.00, real=0.00 secs] 
346.394: [GC (Allocation Failure) [PSYoungGen: 57216K->9600K(60416K)] 653285K->613861K(726528K), 0.0053709 secs] [Times: user=0.02 sys=0.00, real=0.01 secs] 
346.800: [GC (Allocation Failure) [PSYoungGen: 57216K->1360K(60928K)] 661477K->605621K(727040K), 0.0041048 secs] [Times: user=0.02 sys=0.00, real=0.00 secs] 
347.200: [GC (Allocation Failure) [PSYoungGen: 48976K->1376K(49152K)] 653237K->605637K(715264K), 0.0028703 secs] [Times: user=0.01 sys=0.00, real=0.00 secs] 
347.587: [GC (Allocation Failure) [PSYoungGen: 48992K->1376K(59904K)] 653253K->605637K(726016K), 0.0027378 secs] [Times: user=0.01 sys=0.00, real=0.00 secs] 
348.067: [GC (Allocation Failure) [PSYoungGen: 48992K->1437K(49152K)] 653253K->605698K(715264K), 0.0018214 secs] [Times: user=0.01 sys=0.00, real=0.00 secs] 
348.792: [GC (Allocation Failure) [PSYoungGen: 47501K->5536K(59904K)] 651762K->609797K(726016K), 0.0022819 secs] [Times: user=0.01 sys=0.00, real=0.00 secs] 
349.284: [GC (Allocation Failure) [PSYoungGen: 53152K->9568K(59904K)] 657413K->622021K(726016K), 0.0082643 secs] [Times: user=0.04 sys=0.00, real=0.01 secs] 
349.964: [GC (Allocation Failure) [PSYoungGen: 57184K->1376K(60928K)] 669637K->613829K(727040K), 0.0061033 secs] [Times: user=0.03 sys=0.01, real=0.01 secs] 
350.636: [GC (Allocation Failure) [PSYoungGen: 48992K->1376K(49152K)] 661445K->613829K(715264K), 0.0058404 secs] [Times: user=0.02 sys=0.00, real=0.01 secs] 
351.170: [GC (Allocation Failure) [PSYoungGen: 48992K->1440K(59392K)] 661445K->613893K(725504K), 0.0039149 secs] [Times: user=0.02 sys=0.00, real=0.00 secs] 
351.698: [GC (Allocation Failure) [PSYoungGen: 49056K->1376K(49152K)] 661509K->613853K(715264K), 0.0033636 secs] [Times: user=0.01 sys=0.00, real=0.00 secs] 
353.032: [GC (Allocation Failure) [PSYoungGen: 48992K->1664K(58368K)] 661469K->614149K(724480K), 0.0051636 secs] [Times: user=0.02 sys=0.00, real=0.01 secs] 
353.477: [GC (Allocation Failure) [PSYoungGen: 49280K->9600K(58880K)] 661765K->622085K(724992K), 0.0042183 secs] [Times: user=0.02 sys=0.00, real=0.00 secs] 
353.884: [GC (Allocation Failure) [PSYoungGen: 57216K->9568K(59392K)] 669701K->630245K(725504K), 0.0056030 secs] [Times: user=0.03 sys=0.00, real=0.01 secs] 
354.430: [GC (Allocation Failure) [PSYoungGen: 56160K->1376K(60416K)] 676837K->622053K(726528K), 0.0036576 secs] [Times: user=0.02 sys=0.00, real=0.00 secs] 
354.952: [GC (Allocation Failure) [PSYoungGen: 47968K->1408K(59392K)] 668645K->622093K(725504K), 0.0036475 secs] [Times: user=0.02 sys=0.00, real=0.00 secs] 
355.512: [GC (Allocation Failure) [PSYoungGen: 48000K->1408K(48128K)] 668685K->622101K(714240K), 0.0036575 secs] [Times: user=0.02 sys=0.00, real=0.00 secs] 
355.894: [GC (Allocation Failure) [PSYoungGen: 48000K->1408K(58368K)] 668693K->622101K(724480K), 0.0031353 secs] [Times: user=0.01 sys=0.00, real=0.01 secs] 
356.675: [GC (Allocation Failure) [PSYoungGen: 48000K->5616K(58880K)] 668693K->626309K(724992K), 0.0027632 secs] [Times: user=0.01 sys=0.00, real=0.01 secs] 
356.841: [GC (Allocation Failure) [PSYoungGen: 49752K->9600K(57856K)] 670446K->630309K(723968K), 0.0027580 secs] [Times: user=0.01 sys=0.00, real=0.00 secs] 
356.998: [GC (Allocation Failure) [PSYoungGen: 55168K->9600K(58880K)] 675877K->638501K(724992K), 0.0039210 secs] [Times: user=0.02 sys=0.00, real=0.00 secs] 
357.309: [GC (Allocation Failure) [PSYoungGen: 55168K->1408K(65536K)] 684069K->630309K(731648K), 0.0026118 secs] [Times: user=0.01 sys=0.00, real=0.00 secs] 
357.743: [GC (Allocation Failure) [PSYoungGen: 53120K->1344K(66048K)] 682021K->630261K(732160K), 0.0038966 secs] [Times: user=0.01 sys=0.00, real=0.01 secs] 
358.183: [GC (Allocation Failure) [PSYoungGen: 53056K->128K(71168K)] 681973K->630372K(737280K), 0.0043749 secs] [Times: user=0.02 sys=0.00, real=0.01 secs] 
359.270: [GC (Allocation Failure) [PSYoungGen: 58496K->1696K(60416K)] 688740K->631956K(726528K), 0.0024337 secs] [Times: user=0.01 sys=0.00, real=0.00 secs] 
359.935: [GC (Allocation Failure) [PSYoungGen: 60064K->9616K(69632K)] 690324K->639884K(735744K), 0.0034287 secs] [Times: user=0.01 sys=0.00, real=0.01 secs] 
360.418: [GC (Allocation Failure) [PSYoungGen: 66448K->8288K(71168K)] 696716K->648093K(737280K), 0.0045891 secs] [Times: user=0.02 sys=0.00, real=0.00 secs] 
361.032: [GC (Allocation Failure) [PSYoungGen: 65120K->64K(70656K)] 704925K->639877K(736768K), 0.0039663 secs] [Times: user=0.01 sys=0.00, real=0.00 secs] 
361.650: [GC (Allocation Failure) [PSYoungGen: 56896K->96K(71168K)] 696709K->639925K(737280K), 0.0040167 secs] [Times: user=0.01 sys=0.00, real=0.00 secs] 
362.223: [GC (Allocation Failure) [PSYoungGen: 56928K->128K(70144K)] 696757K->639965K(736256K), 0.0042532 secs] [Times: user=0.02 sys=0.00, real=0.01 secs] 
363.195: [GC (Allocation Failure) [PSYoungGen: 56960K->5504K(62464K)] 696797K->645349K(728576K), 0.0027169 secs] [Times: user=0.02 sys=0.00, real=0.01 secs] 
363.672: [GC (Allocation Failure) [PSYoungGen: 62336K->9648K(68608K)] 702181K->657685K(734720K), 0.0037246 secs] [Times: user=0.02 sys=0.00, real=0.00 secs] 
363.996: [GC (Allocation Failure) [PSYoungGen: 64944K->96K(55808K)] 712981K->649481K(721920K), 0.0029296 secs] [Times: user=0.01 sys=0.00, real=0.01 secs] 
364.267: [GC (Allocation Failure) [PSYoungGen: 55392K->128K(68608K)] 704777K->649537K(734720K), 0.0024779 secs] [Times: user=0.01 sys=0.00, real=0.00 secs] 
364.497: [GC (Allocation Failure) [PSYoungGen: 55424K->128K(55808K)] 704833K->649553K(721920K), 0.0026856 secs] [Times: user=0.01 sys=0.00, real=0.00 secs] 
365.151: [GC (Allocation Failure) [PSYoungGen: 55424K->1248K(67584K)] 704849K->650689K(733696K), 0.0019469 secs] [Times: user=0.01 sys=0.00, real=0.00 secs] 
365.854: [GC (Allocation Failure) [PSYoungGen: 56544K->9600K(68096K)] 705985K->659110K(734208K), 0.0028225 secs] [Times: user=0.01 sys=0.00, real=0.01 secs] 
366.561: [GC (Allocation Failure) [PSYoungGen: 64896K->9632K(68608K)] 714406K->667334K(734720K), 0.0086659 secs] [Times: user=0.04 sys=0.00, real=0.01 secs] 
366.570: [Full GC (Ergonomics) [PSYoungGen: 9632K->0K(68608K)] [ParOldGen: 657702K->86786K(556544K)] 667334K->86786K(625152K), [Metaspace: 54971K->54963K(1099776K)], 0.0681551 secs] [Times: user=0.18 sys=0.00, real=0.07 secs] 
367.338: [GC (Allocation Failure) [PSYoungGen: 54272K->64K(69632K)] 173826K->152386K(626176K), 0.0077866 secs] [Times: user=0.03 sys=0.00, real=0.00 secs] 
368.069: [GC (Allocation Failure) [PSYoungGen: 54336K->64K(74752K)] 206658K->152402K(631296K), 0.0028321 secs] [Times: user=0.01 sys=0.00, real=0.00 secs] 
368.294: [GC (Allocation Failure) [PSYoungGen: 60992K->64K(75776K)] 213330K->185178K(632320K), 0.0082076 secs] [Times: user=0.04 sys=0.00, real=0.01 secs] 
368.539: [GC (Allocation Failure) [PSYoungGen: 60992K->96K(83456K)] 246106K->250754K(640000K), 0.0068839 secs] [Times: user=0.03 sys=0.00, real=0.00 secs] 
368.843: [GC (Allocation Failure) [PSYoungGen: 70752K->64K(83968K)] 321410K->283498K(640512K), 0.0064719 secs] [Times: user=0.04 sys=0.00, real=0.01 secs] 
369.629: [GC (Allocation Failure) [PSYoungGen: 70720K->9664K(93184K)] 354154K->293098K(649728K), 0.0026009 secs] [Times: user=0.01 sys=0.00, real=0.00 secs] 
370.073: [GC (Allocation Failure) [PSYoungGen: 90048K->64K(94720K)] 373482K->284833K(651264K), 0.0018363 secs] [Times: user=0.01 sys=0.00, real=0.00 secs] 
370.694: [GC (Allocation Failure) [PSYoungGen: 80448K->128K(102912K)] 365217K->284921K(659456K), 0.0032919 secs] [Times: user=0.02 sys=0.00, real=0.01 secs] 
371.894: [GC (Allocation Failure) [PSYoungGen: 91264K->1184K(104448K)] 376057K->285985K(660992K), 0.0014355 secs] [Times: user=0.01 sys=0.00, real=0.00 secs] 
372.307: [GC (Allocation Failure) [PSYoungGen: 92320K->1408K(112128K)] 377121K->286254K(668672K), 0.0019764 secs] [Times: user=0.01 sys=0.00, real=0.00 secs] 
372.731: [GC (Allocation Failure) [PSYoungGen: 103296K->64K(113664K)] 388142K->286237K(670208K), 0.0017044 secs] [Times: user=0.00 sys=0.00, real=0.00 secs] 
373.405: [GC (Allocation Failure) [PSYoungGen: 101952K->1184K(121344K)] 388125K->287365K(677888K), 0.0016102 secs] [Times: user=0.01 sys=0.00, real=0.01 secs] 
375.326: [GC (Allocation Failure) [PSYoungGen: 113312K->1472K(112640K)] 399493K->287722K(669184K), 0.0026705 secs] [Times: user=0.01 sys=0.01, real=0.00 secs] 
376.720: [GC (Allocation Failure) [PSYoungGen: 112576K->1376K(117760K)] 398826K->287626K(674304K), 0.0029810 secs] [Times: user=0.01 sys=0.00, real=0.00 secs] 
378.099: [GC (Allocation Failure) [PSYoungGen: 111456K->3488K(112640K)] 397706K->289738K(669184K), 0.0016108 secs] [Times: user=0.00 sys=0.00, real=0.00 secs] 
379.024: [GC (Allocation Failure) [PSYoungGen: 112544K->1440K(115200K)] 398794K->287690K(671744K), 0.0020182 secs] [Times: user=0.01 sys=0.00, real=0.00 secs] 
379.972: [GC (Allocation Failure) [PSYoungGen: 109472K->1424K(108544K)] 395722K->287674K(665088K), 0.0019842 secs] [Times: user=0.01 sys=0.00, real=0.00 secs] 
381.317: [GC (Allocation Failure) [PSYoungGen: 106529K->5536K(114688K)] 392780K->291786K(671232K), 0.0019477 secs] [Times: user=0.00 sys=0.00, real=0.00 secs] 
381.787: [GC (Allocation Failure) [PSYoungGen: 112032K->1440K(107520K)] 398282K->287690K(664064K), 0.0019170 secs] [Times: user=0.01 sys=0.00, real=0.00 secs] 
382.323: [GC (Allocation Failure) [PSYoungGen: 107424K->1424K(112128K)] 393674K->287674K(668672K), 0.0019962 secs] [Times: user=0.01 sys=0.00, real=0.00 secs] 
383.554: [GC (Allocation Failure) [PSYoungGen: 106896K->5504K(112640K)] 393146K->295850K(669184K), 0.0019275 secs] [Times: user=0.01 sys=0.00, real=0.00 secs] 
384.164: [GC (Allocation Failure) [PSYoungGen: 110464K->1408K(111616K)] 400810K->291754K(668160K), 0.0016926 secs] [Times: user=0.01 sys=0.00, real=0.00 secs] 
384.769: [GC (Allocation Failure) [PSYoungGen: 105856K->1328K(105472K)] 396202K->291674K(662016K), 0.0017231 secs] [Times: user=0.00 sys=0.00, real=0.00 secs] 
386.437: [GC (Allocation Failure) [PSYoungGen: 105264K->5504K(111104K)] 395610K->299946K(667648K), 0.0034261 secs] [Times: user=0.01 sys=0.00, real=0.00 secs] 
387.451: [GC (Allocation Failure) [PSYoungGen: 108928K->1408K(104448K)] 403370K->295850K(660992K), 0.0032891 secs] [Times: user=0.01 sys=0.00, real=0.00 secs] 
388.669: [GC (Allocation Failure) [PSYoungGen: 104320K->1376K(109056K)] 398762K->295818K(665600K), 0.0033016 secs] [Times: user=0.00 sys=0.00, real=0.00 secs] 
389.745: [GC (Allocation Failure) [PSYoungGen: 103776K->5536K(109568K)] 398218K->304082K(666112K), 0.0018322 secs] [Times: user=0.00 sys=0.00, real=0.01 secs] 
390.167: [GC (Allocation Failure) [PSYoungGen: 107424K->1392K(109056K)] 405970K->299954K(665600K), 0.0016250 secs] [Times: user=0.01 sys=0.00, real=0.00 secs] 
390.995: [GC (Allocation Failure) [PSYoungGen: 102768K->1440K(102400K)] 401330K->300002K(658944K), 0.0033466 secs] [Times: user=0.01 sys=0.00, real=0.01 secs] 
392.126: [GC (Allocation Failure) [PSYoungGen: 102304K->5472K(108032K)] 400866K->308146K(664576K), 0.0021429 secs] [Times: user=0.01 sys=0.00, real=0.01 secs] 
392.543: [GC (Allocation Failure) [PSYoungGen: 105824K->1408K(101376K)] 408498K->304090K(657920K), 0.0019887 secs] [Times: user=0.00 sys=0.00, real=0.00 secs] 
392.960: [GC (Allocation Failure) [PSYoungGen: 101248K->1360K(105984K)] 403930K->304042K(662528K), 0.0023188 secs] [Times: user=0.01 sys=0.00, real=0.00 secs] 
394.053: [GC (Allocation Failure) [PSYoungGen: 100688K->5568K(106496K)] 403370K->312354K(663040K), 0.0019648 secs] [Times: user=0.01 sys=0.00, real=0.00 secs] 
394.893: [GC (Allocation Failure) [PSYoungGen: 104384K->1360K(105984K)] 411170K->308154K(662528K), 0.0037255 secs] [Times: user=0.01 sys=0.00, real=0.01 secs] 
395.431: [GC (Allocation Failure) [PSYoungGen: 99664K->1376K(99328K)] 406458K->308170K(655872K), 0.0020392 secs] [Times: user=0.01 sys=0.00, real=0.00 secs] 
396.709: [GC (Allocation Failure) [PSYoungGen: 99168K->5536K(104960K)] 405962K->312338K(661504K), 0.0019659 secs] [Times: user=0.01 sys=0.00, real=0.00 secs] 
398.107: [GC (Allocation Failure) [PSYoungGen: 102816K->1360K(98304K)] 409618K->308170K(654848K), 0.0027034 secs] [Times: user=0.01 sys=0.00, real=0.00 secs] 
399.239: [GC (Allocation Failure) [PSYoungGen: 98128K->1376K(102912K)] 404938K->308186K(659456K), 0.0023295 secs] [Times: user=0.01 sys=0.00, real=0.00 secs] 
401.256: [GC (Allocation Failure) [PSYoungGen: 97632K->3424K(99328K)] 404442K->310242K(655872K), 0.0039754 secs] [Times: user=0.02 sys=0.00, real=0.01 secs] 
402.042: [GC (Allocation Failure) [PSYoungGen: 99168K->1408K(101376K)] 405986K->308234K(657920K), 0.0022960 secs] [Times: user=0.01 sys=0.00, real=0.00 secs] 
402.768: [GC (Allocation Failure) [PSYoungGen: 96640K->1408K(96256K)] 403466K->308234K(652800K), 0.0023451 secs] [Times: user=0.01 sys=0.00, real=0.00 secs] 
404.126: [GC (Allocation Failure) [PSYoungGen: 96128K->1952K(99840K)] 402954K->308802K(656384K), 0.0016467 secs] [Times: user=0.00 sys=0.00, real=0.01 secs] 
404.613: [GC (Allocation Failure) [PSYoungGen: 96160K->1472K(95232K)] 403010K->308330K(651776K), 0.0016248 secs] [Times: user=0.00 sys=0.00, real=0.00 secs] 
405.092: [GC (Allocation Failure) [PSYoungGen: 95168K->1408K(98304K)] 402026K->308266K(654848K), 0.0019863 secs] [Times: user=0.01 sys=0.00, real=0.00 secs] 
405.553: [GC (Allocation Failure) [PSYoungGen: 94592K->320K(93184K)] 401450K->307202K(649728K), 0.0020569 secs] [Times: user=0.01 sys=0.00, real=0.00 secs] 
406.511: [GC (Allocation Failure) [PSYoungGen: 92992K->1408K(96768K)] 399874K->308298K(653312K), 0.0021180 secs] [Times: user=0.00 sys=0.00, real=0.00 secs] 
407.036: [GC (Allocation Failure) [PSYoungGen: 93568K->1408K(93184K)] 400458K->308298K(649728K), 0.0018013 secs] [Times: user=0.01 sys=0.00, real=0.01 secs] 
407.789: [GC (Allocation Failure) [PSYoungGen: 93056K->1440K(95232K)] 399946K->308338K(651776K), 0.0019652 secs] [Times: user=0.01 sys=0.00, real=0.00 secs] 
409.077: [GC (Allocation Failure) [PSYoungGen: 92576K->4512K(95744K)] 399474K->316538K(652288K), 0.0025426 secs] [Times: user=0.01 sys=0.00, real=0.00 secs] 
410.161: [GC (Allocation Failure) [PSYoungGen: 95136K->352K(95744K)] 407162K->312386K(652288K), 0.0036576 secs] [Times: user=0.01 sys=0.00, real=0.00 secs] 
411.184: [GC (Allocation Failure) [PSYoungGen: 90464K->352K(90112K)] 402498K->312394K(646656K), 0.0041437 secs] [Times: user=0.01 sys=0.00, real=0.01 secs] 
413.096: [GC (Allocation Failure) [PSYoungGen: 89952K->2432K(94208K)] 401994K->314482K(650752K), 0.0018558 secs] [Times: user=0.01 sys=0.00, real=0.01 secs] 
413.854: [GC (Allocation Failure) [PSYoungGen: 91520K->1408K(90112K)] 403570K->313458K(646656K), 0.0049880 secs] [Times: user=0.02 sys=0.00, real=0.01 secs] 
414.544: [GC (Allocation Failure) [PSYoungGen: 89984K->1440K(92160K)] 402034K->313506K(648704K), 0.0019611 secs] [Times: user=0.00 sys=0.00, real=0.00 secs] 
414.994: [GC (Allocation Failure) [PSYoungGen: 89504K->1408K(89088K)] 401570K->313482K(645632K), 0.0018643 secs] [Times: user=0.01 sys=0.00, real=0.00 secs] 
416.077: [GC (Allocation Failure) [PSYoungGen: 88960K->4544K(92160K)] 401034K->321746K(648704K), 0.0020541 secs] [Times: user=0.00 sys=0.00, real=0.00 secs] 
416.956: [GC (Allocation Failure) [PSYoungGen: 91584K->384K(87040K)] 408786K->317594K(643584K), 0.0052164 secs] [Times: user=0.02 sys=0.00, real=0.00 secs] 
417.684: [GC (Allocation Failure) [PSYoungGen: 86912K->320K(91136K)] 404122K->317538K(647680K), 0.0027848 secs] [Times: user=0.01 sys=0.00, real=0.01 secs] 
418.832: [GC (Allocation Failure) [PSYoungGen: 86336K->2496K(88064K)] 403554K->319715K(644608K), 0.0017630 secs] [Times: user=0.01 sys=0.00, real=0.00 secs] 
419.325: [GC (Allocation Failure) [PSYoungGen: 88000K->1440K(89088K)] 405219K->318666K(645632K), 0.0017842 secs] [Times: user=0.00 sys=0.00, real=0.01 secs] 
419.745: [GC (Allocation Failure) [PSYoungGen: 86432K->1440K(86016K)] 403658K->318682K(642560K), 0.0019089 secs] [Times: user=0.00 sys=0.00, real=0.01 secs] 
420.139: [GC (Allocation Failure) [PSYoungGen: 85920K->1408K(87552K)] 403162K->318650K(644096K), 0.0019345 secs] [Times: user=0.01 sys=0.00, real=0.00 secs] 
421.188: [GC (Allocation Failure) [PSYoungGen: 85376K->4576K(88064K)] 402618K->326939K(644608K), 0.0019829 secs] [Times: user=0.01 sys=0.00, real=0.00 secs] 
421.727: [GC (Allocation Failure) [PSYoungGen: 88032K->384K(88064K)] 410395K->322755K(644608K), 0.0021832 secs] [Times: user=0.01 sys=0.00, real=0.00 secs] 
422.072: [GC (Allocation Failure) [PSYoungGen: 83328K->384K(82944K)] 405699K->322763K(639488K), 0.0017709 secs] [Times: user=0.01 sys=0.00, real=0.00 secs] 
422.832: [GC (Allocation Failure) [PSYoungGen: 82816K->1373K(86528K)] 405195K->323752K(643072K), 0.0015155 secs] [Times: user=0.00 sys=0.00, real=0.00 secs] 
423.485: [GC (Allocation Failure) [PSYoungGen: 83293K->1408K(82944K)] 405672K->323795K(639488K), 0.0019992 secs] [Times: user=0.00 sys=0.01, real=0.01 secs] 
424.209: [GC (Allocation Failure) [PSYoungGen: 82816K->1376K(84992K)] 405203K->323771K(641536K), 0.0021444 secs] [Times: user=0.00 sys=0.00, real=0.00 secs] 
424.901: [GC (Allocation Failure) [PSYoungGen: 82272K->1344K(81920K)] 404667K->323739K(638464K), 0.0034422 secs] [Times: user=0.02 sys=0.00, real=0.00 secs] 
426.054: [GC (Allocation Failure) [PSYoungGen: 81728K->1888K(83456K)] 404123K->324283K(640000K), 0.0017577 secs] [Times: user=0.00 sys=0.00, real=0.00 secs] 
426.395: [GC (Allocation Failure) [PSYoungGen: 81760K->1376K(80896K)] 404155K->323795K(637440K), 0.0018267 secs] [Times: user=0.01 sys=0.00, real=0.01 secs] 
426.734: [GC (Allocation Failure) [PSYoungGen: 80736K->1376K(81408K)] 403155K->323803K(637952K), 0.0019682 secs] [Times: user=0.01 sys=0.00, real=0.00 secs] 
427.124: [GC (Allocation Failure) [PSYoungGen: 80224K->1376K(79872K)] 402651K->323803K(636416K), 0.0018475 secs] [Times: user=0.01 sys=0.00, real=0.00 secs] 
428.336: [GC (Allocation Failure) [PSYoungGen: 79712K->3424K(81408K)] 402139K->327899K(637952K), 0.0019287 secs] [Times: user=0.01 sys=0.00, real=0.01 secs] 
428.644: [GC (Allocation Failure) [PSYoungGen: 81248K->1344K(78848K)] 405723K->325827K(635392K), 0.0018638 secs] [Times: user=0.00 sys=0.00, real=0.00 secs] 
429.000: [GC (Allocation Failure) [PSYoungGen: 78656K->1408K(79360K)] 403139K->325891K(635904K), 0.0019400 secs] [Times: user=0.01 sys=0.00, real=0.00 secs] 
429.394: [GC (Allocation Failure) [PSYoungGen: 78208K->1376K(77824K)] 402691K->325859K(634368K), 0.0021229 secs] [Times: user=0.01 sys=0.00, real=0.00 secs] 
430.336: [GC (Allocation Failure) [PSYoungGen: 77664K->3392K(79360K)] 402147K->327883K(635904K), 0.0017386 secs] [Times: user=0.01 sys=0.00, real=0.00 secs] 
431.411: [GC (Allocation Failure) [PSYoungGen: 79168K->1376K(76800K)] 403659K->325875K(633344K), 0.0049085 secs] [Times: user=0.02 sys=0.00, real=0.00 secs] 
432.338: [GC (Allocation Failure) [PSYoungGen: 76640K->1344K(78336K)] 401139K->325843K(634880K), 0.0034133 secs] [Times: user=0.01 sys=0.00, real=0.00 secs] 
432.961: [GC (Allocation Failure) [PSYoungGen: 76096K->1344K(75776K)] 400595K->325843K(632320K), 0.0026457 secs] [Times: user=0.01 sys=0.00, real=0.00 secs] 
434.146: [GC (Allocation Failure) [PSYoungGen: 74339K->3472K(77312K)] 398838K->327979K(633856K), 0.0017597 secs] [Times: user=0.01 sys=0.00, real=0.01 secs] 
434.804: [GC (Allocation Failure) [PSYoungGen: 77200K->1376K(77824K)] 401707K->325883K(634368K), 0.0020079 secs] [Times: user=0.01 sys=0.00, real=0.00 secs] 
435.163: [GC (Allocation Failure) [PSYoungGen: 75104K->1440K(77824K)] 399611K->325947K(634368K), 0.0017384 secs] [Times: user=0.01 sys=0.00, real=0.00 secs] 
435.518: [GC (Allocation Failure) [PSYoungGen: 75168K->1408K(77824K)] 399675K->325923K(634368K), 0.0019813 secs] [Times: user=0.01 sys=0.00, real=0.00 secs] 
436.609: [GC (Allocation Failure) [PSYoungGen: 75136K->1920K(76800K)] 399651K->326443K(633344K), 0.0018492 secs] [Times: user=0.01 sys=0.00, real=0.00 secs] 
437.393: [GC (Allocation Failure) [PSYoungGen: 75648K->1376K(77312K)] 400171K->325899K(633856K), 0.0031543 secs] [Times: user=0.01 sys=0.00, real=0.00 secs] 
438.324: [GC (Allocation Failure) [PSYoungGen: 75104K->1408K(77312K)] 399627K->325931K(633856K), 0.0044169 secs] [Times: user=0.02 sys=0.00, real=0.01 secs] 
439.492: [GC (Allocation Failure) [PSYoungGen: 75136K->1376K(77312K)] 399659K->325907K(633856K), 0.0048710 secs] [Times: user=0.02 sys=0.00, real=0.01 secs] 
440.944: [GC (Allocation Failure) [PSYoungGen: 75104K->1360K(76288K)] 399635K->325899K(632832K), 0.0016421 secs] [Times: user=0.01 sys=0.00, real=0.00 secs] 
441.776: [GC (Allocation Failure) [PSYoungGen: 75088K->1440K(76800K)] 399627K->325979K(633344K), 0.0016712 secs] [Times: user=0.01 sys=0.00, real=0.01 secs] 
442.594: [GC (Allocation Failure) [PSYoungGen: 75168K->1424K(76800K)] 399707K->325963K(633344K), 0.0037674 secs] [Times: user=0.01 sys=0.01, real=0.01 secs] 
443.492: [GC (Allocation Failure) [PSYoungGen: 75152K->1376K(76800K)] 399691K->325931K(633344K), 0.0046721 secs] [Times: user=0.02 sys=0.01, real=0.01 secs] 
444.520: [GC (Allocation Failure) [PSYoungGen: 75104K->1296K(76800K)] 399659K->325859K(633344K), 0.0021000 secs] [Times: user=0.01 sys=0.00, real=0.00 secs] 
445.316: [GC (Allocation Failure) [PSYoungGen: 75024K->1408K(76800K)] 399587K->334171K(633344K), 0.0027184 secs] [Times: user=0.02 sys=0.00, real=0.01 secs] 
445.623: [GC (Allocation Failure) [PSYoungGen: 75136K->1376K(75776K)] 407899K->334139K(632320K), 0.0020690 secs] [Times: user=0.00 sys=0.00, real=0.00 secs] 
445.976: [GC (Allocation Failure) [PSYoungGen: 75104K->1344K(76288K)] 407867K->334107K(632832K), 0.0018814 secs] [Times: user=0.01 sys=0.00, real=0.01 secs] 
446.282: [GC (Allocation Failure) [PSYoungGen: 75072K->1376K(76288K)] 407835K->334147K(632832K), 0.0021180 secs] [Times: user=0.01 sys=0.01, real=0.00 secs] 
447.570: [GC (Allocation Failure) [PSYoungGen: 75104K->1376K(76288K)] 407875K->334155K(632832K), 0.0018201 secs] [Times: user=0.00 sys=0.00, real=0.00 secs] 
448.597: [GC (Allocation Failure) [PSYoungGen: 75104K->1344K(76288K)] 407883K->334123K(632832K), 0.0048999 secs] [Times: user=0.01 sys=0.00, real=0.00 secs] 
449.232: [GC (Allocation Failure) [PSYoungGen: 75072K->1376K(76288K)] 407851K->334163K(632832K), 0.0038244 secs] [Times: user=0.02 sys=0.00, real=0.00 secs] 
449.791: [GC (Allocation Failure) [PSYoungGen: 75104K->1344K(76288K)] 407891K->334139K(632832K), 0.0026424 secs] [Times: user=0.01 sys=0.00, real=0.00 secs] 
451.279: [GC (Allocation Failure) [PSYoungGen: 75072K->1344K(76288K)] 407867K->334139K(632832K), 0.0043041 secs] [Times: user=0.02 sys=0.00, real=0.00 secs] 
452.667: [GC (Allocation Failure) [PSYoungGen: 75072K->1344K(75264K)] 407867K->334139K(631808K), 0.0047557 secs] [Times: user=0.02 sys=0.00, real=0.00 secs] 
454.073: [GC (Allocation Failure) [PSYoungGen: 75072K->1344K(75776K)] 407867K->334139K(632320K), 0.0045885 secs] [Times: user=0.01 sys=0.01, real=0.01 secs] 
455.077: [GC (Allocation Failure) [PSYoungGen: 75072K->1376K(75776K)] 407867K->334179K(632320K), 0.0032196 secs] [Times: user=0.01 sys=0.00, real=0.00 secs] 
456.212: [GC (Allocation Failure) [PSYoungGen: 75104K->1408K(75776K)] 407907K->334219K(632320K), 0.0019332 secs] [Times: user=0.01 sys=0.00, real=0.00 secs] 
456.881: [GC (Allocation Failure) [PSYoungGen: 75136K->1376K(75776K)] 407947K->334187K(632320K), 0.0020453 secs] [Times: user=0.01 sys=0.00, real=0.00 secs] 
457.652: [GC (Allocation Failure) [PSYoungGen: 75104K->1440K(75776K)] 407915K->334251K(632320K), 0.0018499 secs] [Times: user=0.01 sys=0.00, real=0.00 secs] 
458.114: [GC (Allocation Failure) [PSYoungGen: 75168K->1376K(75776K)] 407979K->334203K(632320K), 0.0018425 secs] [Times: user=0.01 sys=0.00, real=0.00 secs] 
459.129: [GC (Allocation Failure) [PSYoungGen: 75104K->1408K(75776K)] 407931K->336291K(632320K), 0.0020321 secs] [Times: user=0.00 sys=0.01, real=0.00 secs] 
459.850: [GC (Allocation Failure) [PSYoungGen: 75136K->1408K(75776K)] 410019K->336291K(632320K), 0.0019406 secs] [Times: user=0.01 sys=0.00, real=0.00 secs] 
460.292: [GC (Allocation Failure) [PSYoungGen: 75136K->1408K(75776K)] 410019K->336291K(632320K), 0.0018775 secs] [Times: user=0.01 sys=0.00, real=0.00 secs] 
460.633: [GC (Allocation Failure) [PSYoungGen: 75136K->1408K(75776K)] 410019K->336291K(632320K), 0.0017417 secs] [Times: user=0.00 sys=0.00, real=0.00 secs] 
461.696: [GC (Allocation Failure) [PSYoungGen: 75136K->1440K(75776K)] 410019K->336323K(632320K), 0.0019048 secs] [Times: user=0.00 sys=0.00, real=0.01 secs] 
462.336: [GC (Allocation Failure) [PSYoungGen: 75168K->1408K(75776K)] 410051K->336291K(632320K), 0.0018628 secs] [Times: user=0.00 sys=0.00, real=0.01 secs] 
462.643: [GC (Allocation Failure) [PSYoungGen: 75136K->1408K(75776K)] 410019K->336291K(632320K), 0.0019275 secs] [Times: user=0.01 sys=0.00, real=0.00 secs] 
462.952: [GC (Allocation Failure) [PSYoungGen: 75136K->1408K(75776K)] 410019K->336299K(632320K), 0.0016912 secs] [Times: user=0.00 sys=0.00, real=0.00 secs] 
463.871: [GC (Allocation Failure) [PSYoungGen: 75136K->1472K(75776K)] 410027K->336363K(632320K), 0.0019388 secs] [Times: user=0.00 sys=0.00, real=0.00 secs] 
464.494: [GC (Allocation Failure) [PSYoungGen: 75200K->1440K(75776K)] 410091K->336331K(632320K), 0.0017871 secs] [Times: user=0.00 sys=0.00, real=0.00 secs] 
465.162: [GC (Allocation Failure) [PSYoungGen: 75168K->1408K(75776K)] 410059K->336299K(632320K), 0.0020242 secs] [Times: user=0.01 sys=0.00, real=0.00 secs] 
465.751: [GC (Allocation Failure) [PSYoungGen: 75136K->1376K(75776K)] 410027K->336283K(632320K), 0.0021555 secs] [Times: user=0.00 sys=0.00, real=0.00 secs] 
466.743: [GC (Allocation Failure) [PSYoungGen: 75104K->1408K(75776K)] 410011K->337339K(632320K), 0.0020025 secs] [Times: user=0.01 sys=0.00, real=0.00 secs] 
467.431: [GC (Allocation Failure) [PSYoungGen: 75136K->1408K(75264K)] 411067K->337339K(631808K), 0.0022278 secs] [Times: user=0.01 sys=0.00, real=0.00 secs] 
468.034: [GC (Allocation Failure) [PSYoungGen: 75136K->1440K(75264K)] 411067K->337371K(631808K), 0.0020703 secs] [Times: user=0.01 sys=0.00, real=0.00 secs] 
468.628: [GC (Allocation Failure) [PSYoungGen: 75168K->352K(74752K)] 411099K->337323K(631296K), 0.0031447 secs] [Times: user=0.01 sys=0.00, real=0.00 secs] 
469.870: [GC (Allocation Failure) [PSYoungGen: 74080K->1440K(75776K)] 411051K->338419K(632320K), 0.0017859 secs] [Times: user=0.01 sys=0.01, real=0.00 secs] 
470.478: [GC (Allocation Failure) [PSYoungGen: 75168K->1376K(75776K)] 412147K->338355K(632320K), 0.0019617 secs] [Times: user=0.00 sys=0.00, real=0.00 secs] 
470.785: [GC (Allocation Failure) [PSYoungGen: 75104K->1408K(75776K)] 412083K->338387K(632320K), 0.0018310 secs] [Times: user=0.01 sys=0.00, real=0.01 secs] 
471.091: [GC (Allocation Failure) [PSYoungGen: 75136K->1376K(75776K)] 412115K->338355K(632320K), 0.0018888 secs] [Times: user=0.01 sys=0.00, real=0.00 secs] 
472.109: [GC (Allocation Failure) [PSYoungGen: 75104K->1888K(75776K)] 412083K->338867K(632320K), 0.0021395 secs] [Times: user=0.01 sys=0.00, real=0.00 secs] 
473.064: [GC (Allocation Failure) [PSYoungGen: 75616K->1440K(75776K)] 412595K->338419K(632320K), 0.0031646 secs] [Times: user=0.01 sys=0.01, real=0.01 secs] 
473.884: [GC (Allocation Failure) [PSYoungGen: 75168K->1408K(75776K)] 412147K->338387K(632320K), 0.0024889 secs] [Times: user=0.01 sys=0.00, real=0.00 secs] 
474.747: [GC (Allocation Failure) [PSYoungGen: 75136K->1344K(75776K)] 412115K->338323K(632320K), 0.0047105 secs] [Times: user=0.02 sys=0.00, real=0.00 secs] 
476.118: [GC (Allocation Failure) [PSYoungGen: 75072K->1648K(75776K)] 412051K->338627K(632320K), 0.0023446 secs] [Times: user=0.01 sys=0.00, real=0.00 secs] 
477.032: [GC (Allocation Failure) [PSYoungGen: 75376K->1376K(75776K)] 412355K->338363K(632320K), 0.0025333 secs] [Times: user=0.01 sys=0.00, real=0.00 secs] 
477.812: [GC (Allocation Failure) [PSYoungGen: 75104K->1408K(75776K)] 412091K->338395K(632320K), 0.0021210 secs] [Times: user=0.01 sys=0.00, real=0.00 secs] 
478.159: [GC (Allocation Failure) [PSYoungGen: 75136K->1376K(75776K)] 412123K->338363K(632320K), 0.0020266 secs] [Times: user=0.01 sys=0.00, real=0.00 secs] 
479.274: [GC (Allocation Failure) [PSYoungGen: 75104K->1568K(75776K)] 412091K->338563K(632320K), 0.0025485 secs] [Times: user=0.01 sys=0.00, real=0.01 secs] 
479.790: [GC (Allocation Failure) [PSYoungGen: 75296K->1408K(75776K)] 412291K->338403K(632320K), 0.0018033 secs] [Times: user=0.01 sys=0.00, real=0.00 secs] 
480.097: [GC (Allocation Failure) [PSYoungGen: 75136K->1408K(75776K)] 412131K->338403K(632320K), 0.0028728 secs] [Times: user=0.01 sys=0.00, real=0.00 secs] 
480.404: [GC (Allocation Failure) [PSYoungGen: 75136K->1376K(82944K)] 412131K->338371K(639488K), 0.0018860 secs] [Times: user=0.01 sys=0.00, real=0.00 secs] 
481.289: [GC (Allocation Failure) [PSYoungGen: 82272K->1920K(82432K)] 419267K->338915K(638976K), 0.0017132 secs] [Times: user=0.01 sys=0.00, real=0.00 secs] 
481.623: [GC (Allocation Failure) [PSYoungGen: 82304K->1376K(81408K)] 419299K->338371K(637952K), 0.0016954 secs] [Times: user=0.01 sys=0.00, real=0.00 secs] 
481.954: [GC (Allocation Failure) [PSYoungGen: 81248K->1376K(82432K)] 418243K->338371K(638976K), 0.0017806 secs] [Times: user=0.00 sys=0.00, real=0.00 secs] 
482.288: [GC (Allocation Failure) [PSYoungGen: 81760K->1392K(89600K)] 418755K->338387K(646144K), 0.0017788 secs] [Times: user=0.00 sys=0.00, real=0.00 secs] 
483.759: [GC (Allocation Failure) [PSYoungGen: 88944K->1408K(88576K)] 425939K->338403K(645120K), 0.0020875 secs] [Times: user=0.00 sys=0.00, real=0.00 secs] 
484.163: [GC (Allocation Failure) [PSYoungGen: 88448K->1376K(88064K)] 425443K->338371K(644608K), 0.0020537 secs] [Times: user=0.01 sys=0.00, real=0.00 secs] 
485.017: [GC (Allocation Failure) [PSYoungGen: 87904K->1376K(87552K)] 424899K->338371K(644096K), 0.0027182 secs] [Times: user=0.01 sys=0.00, real=0.00 secs] 
486.358: [GC (Allocation Failure) [PSYoungGen: 87392K->304K(87040K)] 424387K->337307K(643584K), 0.0016026 secs] [Times: user=0.01 sys=0.00, real=0.00 secs] 
488.009: [GC (Allocation Failure) [PSYoungGen: 85808K->1440K(86528K)] 422811K->338443K(643072K), 0.0027615 secs] [Times: user=0.01 sys=0.00, real=0.00 secs] 
488.984: [GC (Allocation Failure) [PSYoungGen: 86432K->1408K(86016K)] 423435K->338411K(642560K), 0.0028388 secs] [Times: user=0.01 sys=0.00, real=0.01 secs] 
489.962: [GC (Allocation Failure) [PSYoungGen: 85888K->1376K(85504K)] 422891K->338379K(642048K), 0.0038727 secs] [Times: user=0.01 sys=0.01, real=0.01 secs] 
491.463: [GC (Allocation Failure) [PSYoungGen: 85344K->1392K(84992K)] 422347K->338395K(641536K), 0.0045647 secs] [Times: user=0.02 sys=0.00, real=0.01 secs] 
492.288: [GC (Allocation Failure) [PSYoungGen: 84848K->1392K(84480K)] 421851K->338395K(641024K), 0.0026748 secs] [Times: user=0.01 sys=0.00, real=0.00 secs] 
492.838: [GC (Allocation Failure) [PSYoungGen: 84336K->1392K(83968K)] 421339K->338395K(640512K), 0.0024521 secs] [Times: user=0.01 sys=0.00, real=0.00 secs] 
493.780: [GC (Allocation Failure) [PSYoungGen: 83824K->1424K(83456K)] 420827K->338427K(640000K), 0.0016943 secs] [Times: user=0.01 sys=0.00, real=0.00 secs] 
494.469: [GC (Allocation Failure) [PSYoungGen: 83344K->1456K(82944K)] 420347K->338459K(639488K), 0.0019942 secs] [Times: user=0.01 sys=0.00, real=0.00 secs] 
494.898: [GC (Allocation Failure) [PSYoungGen: 82864K->1360K(82432K)] 419867K->338363K(638976K), 0.0018730 secs] [Times: user=0.01 sys=0.00, real=0.00 secs] 
495.514: [GC (Allocation Failure) [PSYoungGen: 82256K->1424K(81920K)] 419259K->338435K(638464K), 0.0029678 secs] [Times: user=0.01 sys=0.00, real=0.01 secs] 
496.553: [GC (Allocation Failure) [PSYoungGen: 81808K->1392K(81408K)] 418819K->338411K(637952K), 0.0016016 secs] [Times: user=0.00 sys=0.00, real=0.00 secs] 
496.884: [GC (Allocation Failure) [PSYoungGen: 81264K->1360K(80896K)] 418283K->338379K(637440K), 0.0016122 secs] [Times: user=0.01 sys=0.00, real=0.00 secs] 
497.213: [GC (Allocation Failure) [PSYoungGen: 80720K->1392K(80384K)] 417739K->338411K(636928K), 0.0015945 secs] [Times: user=0.01 sys=0.01, real=0.00 secs] 
497.560: [GC (Allocation Failure) [PSYoungGen: 80240K->1360K(79872K)] 417259K->338379K(636416K), 0.0021181 secs] [Times: user=0.01 sys=0.00, real=0.00 secs] 
498.569: [GC (Allocation Failure) [PSYoungGen: 79696K->1360K(79360K)] 416715K->338387K(635904K), 0.0022275 secs] [Times: user=0.01 sys=0.00, real=0.00 secs] 
499.264: [GC (Allocation Failure) [PSYoungGen: 79184K->1392K(78848K)] 416211K->338427K(635392K), 0.0020587 secs] [Times: user=0.00 sys=0.00, real=0.01 secs] 
499.977: [GC (Allocation Failure) [PSYoungGen: 78704K->1392K(78336K)] 415739K->338435K(634880K), 0.0030504 secs] [Times: user=0.01 sys=0.01, real=0.00 secs] 
500.655: [GC (Allocation Failure) [PSYoungGen: 78192K->1424K(77824K)] 415235K->338475K(634368K), 0.0030265 secs] [Times: user=0.02 sys=0.00, real=0.01 secs] 
501.690: [GC (Allocation Failure) [PSYoungGen: 77712K->1392K(77312K)] 414763K->338467K(633856K), 0.0020747 secs] [Times: user=0.00 sys=0.00, real=0.00 secs] 
502.352: [GC (Allocation Failure) [PSYoungGen: 77168K->1440K(76800K)] 414243K->338515K(633344K), 0.0022737 secs] [Times: user=0.01 sys=0.00, real=0.00 secs] 
503.108: [GC (Allocation Failure) [PSYoungGen: 76704K->1408K(76288K)] 413779K->338483K(632832K), 0.0031565 secs] [Times: user=0.01 sys=0.00, real=0.00 secs] 
504.201: [GC (Allocation Failure) [PSYoungGen: 76160K->336K(74752K)] 413235K->338435K(631296K), 0.0033584 secs] [Times: user=0.01 sys=0.00, real=0.00 secs] 
505.786: [GC (Allocation Failure) [PSYoungGen: 74576K->1408K(75776K)] 412675K->339515K(632320K), 0.0051886 secs] [Times: user=0.02 sys=0.00, real=0.01 secs] 
506.531: [GC (Allocation Failure) [PSYoungGen: 75136K->1408K(75264K)] 413243K->339515K(631808K), 0.0027093 secs] [Times: user=0.01 sys=0.00, real=0.00 secs] 
507.051: [GC (Allocation Failure) [PSYoungGen: 75136K->1440K(75776K)] 413243K->339555K(632320K), 0.0019513 secs] [Times: user=0.01 sys=0.00, real=0.00 secs] 
507.489: [GC (Allocation Failure) [PSYoungGen: 75168K->1440K(75776K)] 413283K->339563K(632320K), 0.0019980 secs] [Times: user=0.00 sys=0.00, real=0.00 secs] 
509.277: [GC (Allocation Failure) [PSYoungGen: 75168K->1424K(75776K)] 413291K->339547K(632320K), 0.0053831 secs] [Times: user=0.03 sys=0.00, real=0.00 secs] 
509.617: [GC (Allocation Failure) [PSYoungGen: 75152K->1408K(75776K)] 413275K->339531K(632320K), 0.0018509 secs] [Times: user=0.01 sys=0.00, real=0.00 secs] 
510.043: [GC (Allocation Failure) [PSYoungGen: 75136K->1440K(75776K)] 413259K->339563K(632320K), 0.0017383 secs] [Times: user=0.01 sys=0.00, real=0.00 secs] 
510.670: [GC (Allocation Failure) [PSYoungGen: 75168K->1408K(75776K)] 413291K->339531K(632320K), 0.0044778 secs] [Times: user=0.02 sys=0.00, real=0.00 secs] 
512.169: [GC (Allocation Failure) [PSYoungGen: 75136K->1440K(75776K)] 413259K->339563K(632320K), 0.0065653 secs] [Times: user=0.03 sys=0.00, real=0.00 secs] 
512.964: [GC (Allocation Failure) [PSYoungGen: 75168K->1408K(75776K)] 413291K->339531K(632320K), 0.0026602 secs] [Times: user=0.00 sys=0.01, real=0.00 secs] 
513.587: [GC (Allocation Failure) [PSYoungGen: 75136K->1376K(75776K)] 413259K->339499K(632320K), 0.0025842 secs] [Times: user=0.02 sys=0.00, real=0.00 secs] 
514.204: [GC (Allocation Failure) [PSYoungGen: 75104K->1376K(75776K)] 413227K->339507K(632320K), 0.0026195 secs] [Times: user=0.01 sys=0.00, real=0.01 secs] 
515.125: [GC (Allocation Failure) [PSYoungGen: 75104K->1440K(75776K)] 413235K->339571K(632320K), 0.0016439 secs] [Times: user=0.01 sys=0.00, real=0.01 secs] 
515.473: [GC (Allocation Failure) [PSYoungGen: 75168K->1408K(75776K)] 413299K->339539K(632320K), 0.0019395 secs] [Times: user=0.01 sys=0.00, real=0.00 secs] 
515.779: [GC (Allocation Failure) [PSYoungGen: 75136K->1440K(75776K)] 413267K->339571K(632320K), 0.0019439 secs] [Times: user=0.01 sys=0.00, real=0.00 secs] 
516.086: [GC (Allocation Failure) [PSYoungGen: 75168K->1408K(75776K)] 413299K->339555K(632320K), 0.0020515 secs] [Times: user=0.01 sys=0.00, real=0.01 secs] 
518.849: [GC (Allocation Failure) [PSYoungGen: 75136K->1328K(75776K)] 413283K->339475K(632320K), 0.0036275 secs] [Times: user=0.01 sys=0.00, real=0.00 secs] 
519.410: [GC (Allocation Failure) [PSYoungGen: 75056K->1408K(75776K)] 413203K->339555K(632320K), 0.0026420 secs] [Times: user=0.01 sys=0.00, real=0.00 secs] 
520.027: [GC (Allocation Failure) [PSYoungGen: 75136K->1376K(75776K)] 413283K->339523K(632320K), 0.0023895 secs] [Times: user=0.00 sys=0.00, real=0.00 secs] 
520.709: [GC (Allocation Failure) [PSYoungGen: 75104K->1376K(75264K)] 413251K->339531K(631808K), 0.0023978 secs] [Times: user=0.01 sys=0.00, real=0.00 secs] 
521.780: [GC (Allocation Failure) [PSYoungGen: 75104K->1376K(75264K)] 413259K->339531K(631808K), 0.0017889 secs] [Times: user=0.01 sys=0.00, real=0.00 secs] 
522.393: [GC (Allocation Failure) [PSYoungGen: 75104K->352K(74752K)] 413259K->339531K(631296K), 0.0020136 secs] [Times: user=0.01 sys=0.00, real=0.00 secs] 
523.044: [GC (Allocation Failure) [PSYoungGen: 74080K->352K(75776K)] 413259K->339531K(632320K), 0.0021537 secs] [Times: user=0.01 sys=0.00, real=0.00 secs] 
523.742: [GC (Allocation Failure) [PSYoungGen: 74080K->352K(75776K)] 413259K->339531K(632320K), 0.0023699 secs] [Times: user=0.01 sys=0.00, real=0.00 secs] 
524.869: [GC (Allocation Failure) [PSYoungGen: 74080K->1376K(75776K)] 413259K->340555K(632320K), 0.0016323 secs] [Times: user=0.00 sys=0.00, real=0.00 secs] 
525.336: [GC (Allocation Failure) [PSYoungGen: 75104K->1344K(75776K)] 414283K->340523K(632320K), 0.0017850 secs] [Times: user=0.00 sys=0.00, real=0.01 secs] 
525.732: [GC (Allocation Failure) [PSYoungGen: 75072K->1440K(75776K)] 414251K->340619K(632320K), 0.0018409 secs] [Times: user=0.01 sys=0.00, real=0.00 secs] 
526.054: [GC (Allocation Failure) [PSYoungGen: 75168K->1408K(75776K)] 414347K->340587K(632320K), 0.0017956 secs] [Times: user=0.00 sys=0.00, real=0.00 secs] 
527.319: [GC (Allocation Failure) [PSYoungGen: 75136K->1440K(75776K)] 414315K->340627K(632320K), 0.0031299 secs] [Times: user=0.01 sys=0.00, real=0.00 secs] 
528.393: [GC (Allocation Failure) [PSYoungGen: 75168K->1376K(75776K)] 414355K->340563K(632320K), 0.0035833 secs] [Times: user=0.02 sys=0.00, real=0.01 secs] 
529.405: [GC (Allocation Failure) [PSYoungGen: 75104K->1376K(75776K)] 414291K->340563K(632320K), 0.0056017 secs] [Times: user=0.02 sys=0.00, real=0.01 secs] 
530.032: [GC (Allocation Failure) [PSYoungGen: 75104K->1408K(75776K)] 414291K->340595K(632320K), 0.0025665 secs] [Times: user=0.01 sys=0.00, real=0.00 secs] 
531.323: [GC (Allocation Failure) [PSYoungGen: 75136K->1408K(75776K)] 414323K->340595K(632320K), 0.0019854 secs] [Times: user=0.01 sys=0.00, real=0.00 secs] 
532.289: [GC (Allocation Failure) [PSYoungGen: 75136K->1376K(75776K)] 414323K->340571K(632320K), 0.0028820 secs] [Times: user=0.01 sys=0.00, real=0.00 secs] 
533.056: [GC (Allocation Failure) [PSYoungGen: 75104K->1376K(75776K)] 414299K->340571K(632320K), 0.0032978 secs] [Times: user=0.02 sys=0.00, real=0.00 secs] 
534.039: [GC (Allocation Failure) [PSYoungGen: 75104K->1408K(75776K)] 414299K->340619K(632320K), 0.0043148 secs] [Times: user=0.02 sys=0.00, real=0.00 secs] 
536.668: [GC (Allocation Failure) [PSYoungGen: 75136K->1392K(75776K)] 414347K->340603K(632320K), 0.0052042 secs] [Times: user=0.02 sys=0.00, real=0.00 secs] 
537.379: [GC (Allocation Failure) [PSYoungGen: 75120K->1408K(75776K)] 414331K->340619K(632320K), 0.0024273 secs] [Times: user=0.01 sys=0.00, real=0.00 secs] 
537.683: [GC (Allocation Failure) [PSYoungGen: 75136K->1424K(75776K)] 414347K->340635K(632320K), 0.0019578 secs] [Times: user=0.01 sys=0.00, real=0.00 secs] 
538.125: [GC (Allocation Failure) [PSYoungGen: 75152K->1408K(75776K)] 414363K->340627K(632320K), 0.0017956 secs] [Times: user=0.00 sys=0.00, real=0.01 secs] 
539.289: [GC (Allocation Failure) [PSYoungGen: 75136K->1472K(75776K)] 414355K->340707K(632320K), 0.0020594 secs] [Times: user=0.01 sys=0.00, real=0.00 secs] 
540.041: [GC (Allocation Failure) [PSYoungGen: 75200K->1408K(75776K)] 414435K->340643K(632320K), 0.0020444 secs] [Times: user=0.01 sys=0.00, real=0.00 secs] 
540.347: [GC (Allocation Failure) [PSYoungGen: 75136K->1440K(75776K)] 414371K->340675K(632320K), 0.0018998 secs] [Times: user=0.00 sys=0.00, real=0.00 secs] 
540.742: [GC (Allocation Failure) [PSYoungGen: 75168K->1440K(75776K)] 414403K->340675K(632320K), 0.0019864 secs] [Times: user=0.01 sys=0.00, real=0.00 secs] 
541.524: [GC (Allocation Failure) [PSYoungGen: 75168K->1440K(75776K)] 414403K->340675K(632320K), 0.0016830 secs] [Times: user=0.00 sys=0.00, real=0.00 secs] 
541.830: [GC (Allocation Failure) [PSYoungGen: 75168K->1440K(75776K)] 414403K->340683K(632320K), 0.0016955 secs] [Times: user=0.01 sys=0.00, real=0.00 secs] 
542.160: [GC (Allocation Failure) [PSYoungGen: 75168K->1376K(75776K)] 414411K->340619K(632320K), 0.0018775 secs] [Times: user=0.01 sys=0.00, real=0.00 secs] 
542.507: [GC (Allocation Failure) [PSYoungGen: 75104K->1440K(75776K)] 414347K->340683K(632320K), 0.0028055 secs] [Times: user=0.01 sys=0.00, real=0.00 secs] 
543.375: [GC (Allocation Failure) [PSYoungGen: 75168K->1440K(75776K)] 414411K->340683K(632320K), 0.0017463 secs] [Times: user=0.00 sys=0.00, real=0.01 secs] 
543.714: [GC (Allocation Failure) [PSYoungGen: 75168K->1408K(75776K)] 414411K->340651K(632320K), 0.0017468 secs] [Times: user=0.01 sys=0.00, real=0.00 secs] 
544.071: [GC (Allocation Failure) [PSYoungGen: 75136K->1408K(75776K)] 414379K->340651K(632320K), 0.0017480 secs] [Times: user=0.00 sys=0.00, real=0.00 secs] 
544.377: [GC (Allocation Failure) [PSYoungGen: 75136K->1424K(82944K)] 414379K->340683K(639488K), 0.0016907 secs] [Times: user=0.01 sys=0.00, real=0.00 secs] 
545.220: [GC (Allocation Failure) [PSYoungGen: 82320K->1440K(81920K)] 421579K->340699K(638464K), 0.0018696 secs] [Times: user=0.00 sys=0.00, real=0.00 secs] 
545.599: [GC (Allocation Failure) [PSYoungGen: 81824K->1376K(81408K)] 421083K->340635K(637952K), 0.0020221 secs] [Times: user=0.01 sys=0.00, real=0.00 secs] 
545.958: [GC (Allocation Failure) [PSYoungGen: 81248K->1376K(80896K)] 420507K->340635K(637440K), 0.0020586 secs] [Times: user=0.00 sys=0.00, real=0.00 secs] 
546.287: [GC (Allocation Failure) [PSYoungGen: 80736K->1376K(81408K)] 419995K->340651K(637952K), 0.0018172 secs] [Times: user=0.00 sys=0.00, real=0.00 secs] 
547.349: [GC (Allocation Failure) [PSYoungGen: 80736K->1376K(80384K)] 420011K->340651K(636928K), 0.0024410 secs] [Times: user=0.01 sys=0.00, real=0.00 secs] 
548.396: [GC (Allocation Failure) [PSYoungGen: 80224K->1392K(79872K)] 419499K->340667K(636416K), 0.0031481 secs] [Times: user=0.01 sys=0.00, real=0.01 secs] 
549.539: [GC (Allocation Failure) [PSYoungGen: 79728K->1376K(79360K)] 419003K->340651K(635904K), 0.0039114 secs] [Times: user=0.01 sys=0.00, real=0.00 secs] 
550.491: [GC (Allocation Failure) [PSYoungGen: 79200K->352K(77824K)] 418475K->340651K(634368K), 0.0048471 secs] [Times: user=0.02 sys=0.00, real=0.00 secs] 
551.807: [GC (Allocation Failure) [PSYoungGen: 77664K->1392K(78848K)] 417963K->341691K(635392K), 0.0031064 secs] [Times: user=0.01 sys=0.00, real=0.00 secs] 
553.084: [GC (Allocation Failure) [PSYoungGen: 78192K->1344K(77824K)] 418491K->341643K(634368K), 0.0038232 secs] [Times: user=0.02 sys=0.00, real=0.01 secs] 
554.135: [GC (Allocation Failure) [PSYoungGen: 77632K->1376K(77312K)] 417931K->341675K(633856K), 0.0039570 secs] [Times: user=0.02 sys=0.00, real=0.01 secs] 
555.239: [GC (Allocation Failure) [PSYoungGen: 77152K->288K(76288K)] 417451K->340587K(632832K), 0.0038860 secs] [Times: user=0.01 sys=0.01, real=0.00 secs] 
556.543: [GC (Allocation Failure) [PSYoungGen: 75552K->1376K(76288K)] 415851K->341675K(632832K), 0.0030245 secs] [Times: user=0.01 sys=0.00, real=0.00 secs] 
557.453: [GC (Allocation Failure) [PSYoungGen: 76128K->1376K(75776K)] 416427K->341675K(632320K), 0.0055179 secs] [Times: user=0.02 sys=0.00, real=0.01 secs] 
558.529: [GC (Allocation Failure) [PSYoungGen: 75616K->1376K(75264K)] 415915K->341675K(631808K), 0.0045529 secs] [Times: user=0.02 sys=0.00, real=0.00 secs] 
559.664: [GC (Allocation Failure) [PSYoungGen: 75104K->1360K(75776K)] 415403K->341667K(632320K), 0.0042987 secs] [Times: user=0.02 sys=0.00, real=0.01 secs] 
561.418: [GC (Allocation Failure) [PSYoungGen: 75088K->1376K(75776K)] 415395K->341691K(632320K), 0.0027994 secs] [Times: user=0.01 sys=0.00, real=0.00 secs] 
561.777: [GC (Allocation Failure) [PSYoungGen: 75104K->1408K(75776K)] 415419K->341723K(632320K), 0.0018225 secs] [Times: user=0.01 sys=0.00, real=0.00 secs] 
562.348: [GC (Allocation Failure) [PSYoungGen: 75136K->1376K(75776K)] 415451K->341691K(632320K), 0.0066900 secs] [Times: user=0.03 sys=0.00, real=0.00 secs] 
562.956: [GC (Allocation Failure) [PSYoungGen: 75104K->1344K(82432K)] 415419K->341659K(638976K), 0.0019353 secs] [Times: user=0.01 sys=0.00, real=0.01 secs] 
563.752: [GC (Allocation Failure) [PSYoungGen: 82240K->1424K(81920K)] 422555K->341747K(638464K), 0.0017633 secs] [Times: user=0.01 sys=0.00, real=0.00 secs] 
564.657: [GC (Allocation Failure) [PSYoungGen: 81808K->1376K(81408K)] 422131K->341699K(637952K), 0.0029913 secs] [Times: user=0.01 sys=0.00, real=0.00 secs] 
565.663: [GC (Allocation Failure) [PSYoungGen: 81248K->1376K(80896K)] 421571K->341699K(637440K), 0.0048002 secs] [Times: user=0.02 sys=0.01, real=0.01 secs] 
567.057: [GC (Allocation Failure) [PSYoungGen: 80736K->1392K(80384K)] 421059K->341715K(636928K), 0.0016427 secs] [Times: user=0.01 sys=0.00, real=0.00 secs] 
568.190: [GC (Allocation Failure) [PSYoungGen: 80240K->1424K(79872K)] 420563K->341747K(636416K), 0.0035992 secs] [Times: user=0.01 sys=0.00, real=0.00 secs] 
569.116: [GC (Allocation Failure) [PSYoungGen: 79760K->1344K(79360K)] 420083K->341667K(635904K), 0.0036052 secs] [Times: user=0.02 sys=0.00, real=0.01 secs] 
569.772: [GC (Allocation Failure) [PSYoungGen: 79168K->1376K(78848K)] 419491K->341707K(635392K), 0.0035482 secs] [Times: user=0.01 sys=0.00, real=0.00 secs] 
571.214: [GC (Allocation Failure) [PSYoungGen: 78688K->1472K(78336K)] 419019K->341803K(634880K), 0.0031484 secs] [Times: user=0.01 sys=0.00, real=0.01 secs] 
572.574: [GC (Allocation Failure) [PSYoungGen: 78272K->1392K(77824K)] 418603K->341723K(634368K), 0.0037681 secs] [Times: user=0.01 sys=0.00, real=0.01 secs] 
573.032: [GC (Allocation Failure) [PSYoungGen: 77680K->1408K(77312K)] 418011K->341739K(633856K), 0.0034168 secs] [Times: user=0.01 sys=0.00, real=0.00 secs] 
573.658: [GC (Allocation Failure) [PSYoungGen: 77184K->1376K(77824K)] 417515K->341707K(634368K), 0.0042600 secs] [Times: user=0.02 sys=0.00, real=0.00 secs] 
574.775: [GC (Allocation Failure) [PSYoungGen: 77152K->1424K(76800K)] 417483K->341763K(633344K), 0.0019457 secs] [Times: user=0.01 sys=0.00, real=0.01 secs] 
575.088: [GC (Allocation Failure) [PSYoungGen: 76688K->1424K(76288K)] 417027K->341763K(632832K), 0.0018669 secs] [Times: user=0.00 sys=0.00, real=0.00 secs] 
575.398: [GC (Allocation Failure) [PSYoungGen: 76176K->1408K(75776K)] 416515K->341747K(632320K), 0.0016327 secs] [Times: user=0.01 sys=0.00, real=0.00 secs] 
575.711: [GC (Allocation Failure) [PSYoungGen: 75648K->1376K(83456K)] 415987K->341715K(640000K), 0.0029675 secs] [Times: user=0.02 sys=0.00, real=0.00 secs] 
576.696: [GC (Allocation Failure) [PSYoungGen: 82784K->1360K(83968K)] 423123K->341707K(640512K), 0.0016780 secs] [Times: user=0.00 sys=0.00, real=0.00 secs] 
577.339: [GC (Allocation Failure) [PSYoungGen: 83280K->1376K(82944K)] 423627K->341723K(639488K), 0.0016644 secs] [Times: user=0.01 sys=0.00, real=0.00 secs] 
578.059: [GC (Allocation Failure) [PSYoungGen: 82784K->384K(81920K)] 423131K->341763K(638464K), 0.0034155 secs] [Times: user=0.02 sys=0.00, real=0.00 secs] 
578.674: [GC (Allocation Failure) [PSYoungGen: 81280K->352K(80896K)] 422659K->341743K(637440K), 0.0024115 secs] [Times: user=0.01 sys=0.00, real=0.00 secs] 
580.618: [GC (Allocation Failure) [PSYoungGen: 80736K->1376K(81408K)] 422127K->342767K(637952K), 0.0055415 secs] [Times: user=0.03 sys=0.00, real=0.00 secs] 
581.404: [GC (Allocation Failure) [PSYoungGen: 81248K->1408K(80896K)] 422639K->342799K(637440K), 0.0023353 secs] [Times: user=0.01 sys=0.00, real=0.00 secs] 
581.914: [GC (Allocation Failure) [PSYoungGen: 80768K->1392K(80384K)] 422159K->342783K(636928K), 0.0023412 secs] [Times: user=0.00 sys=0.01, real=0.01 secs] 
582.862: [GC (Allocation Failure) [PSYoungGen: 80240K->1405K(79872K)] 421631K->342796K(636416K), 0.0014200 secs] [Times: user=0.00 sys=0.00, real=0.00 secs] 
583.743: [GC (Allocation Failure) [PSYoungGen: 79741K->1392K(79360K)] 421132K->342783K(635904K), 0.0044949 secs] [Times: user=0.02 sys=0.00, real=0.01 secs] 
584.137: [GC (Allocation Failure) [PSYoungGen: 79216K->1376K(78848K)] 420607K->342767K(635392K), 0.0023612 secs] [Times: user=0.01 sys=0.00, real=0.00 secs] 
584.684: [GC (Allocation Failure) [PSYoungGen: 78688K->1408K(78336K)] 420079K->342799K(634880K), 0.0019818 secs] [Times: user=0.01 sys=0.00, real=0.00 secs] 
585.762: [GC (Allocation Failure) [PSYoungGen: 78208K->1424K(77824K)] 419599K->342815K(634368K), 0.0020648 secs] [Times: user=0.01 sys=0.00, real=0.00 secs] 
586.941: [GC (Allocation Failure) [PSYoungGen: 77712K->1376K(77312K)] 419103K->342767K(633856K), 0.0052873 secs] [Times: user=0.03 sys=0.00, real=0.00 secs] 
587.625: [GC (Allocation Failure) [PSYoungGen: 77152K->1376K(76800K)] 418543K->342775K(633344K), 0.0028070 secs] [Times: user=0.01 sys=0.00, real=0.01 secs] 
588.557: [GC (Allocation Failure) [PSYoungGen: 76640K->1376K(76288K)] 418039K->342775K(632832K), 0.0031497 secs] [Times: user=0.01 sys=0.00, real=0.00 secs] 
589.814: [GC (Allocation Failure) [PSYoungGen: 76128K->1408K(75776K)] 417527K->342807K(632320K), 0.0019425 secs] [Times: user=0.01 sys=0.00, real=0.00 secs] 
591.110: [GC (Allocation Failure) [PSYoungGen: 75648K->1408K(75264K)] 417047K->342807K(631808K), 0.0052902 secs] [Times: user=0.03 sys=0.00, real=0.00 secs] 
592.207: [GC (Allocation Failure) [PSYoungGen: 75136K->1408K(75776K)] 416535K->342807K(632320K), 0.0043471 secs] [Times: user=0.02 sys=0.00, real=0.00 secs] 
593.140: [GC (Allocation Failure) [PSYoungGen: 75136K->1344K(75776K)] 416535K->342743K(632320K), 0.0056964 secs] [Times: user=0.02 sys=0.00, real=0.00 secs] 
594.496: [GC (Allocation Failure) [PSYoungGen: 75072K->1472K(75776K)] 416471K->342871K(632320K), 0.0037178 secs] [Times: user=0.01 sys=0.00, real=0.01 secs] 
595.670: [GC (Allocation Failure) [PSYoungGen: 75200K->1408K(75776K)] 416599K->342807K(632320K), 0.0039755 secs] [Times: user=0.01 sys=0.00, real=0.00 secs] 
596.388: [GC (Allocation Failure) [PSYoungGen: 75136K->1376K(75776K)] 416535K->342775K(632320K), 0.0023560 secs] [Times: user=0.01 sys=0.00, real=0.00 secs] 
596.946: [GC (Allocation Failure) [PSYoungGen: 75104K->1408K(75776K)] 416503K->342807K(632320K), 0.0022738 secs] [Times: user=0.00 sys=0.00, real=0.00 secs] 
598.138: [GC (Allocation Failure) [PSYoungGen: 75136K->1952K(75776K)] 416535K->343351K(632320K), 0.0030430 secs] [Times: user=0.01 sys=0.00, real=0.00 secs] 
599.256: [GC (Allocation Failure) [PSYoungGen: 75680K->1408K(75776K)] 417079K->342807K(632320K), 0.0047634 secs] [Times: user=0.02 sys=0.00, real=0.01 secs] 
600.211: [GC (Allocation Failure) [PSYoungGen: 75136K->1440K(75776K)] 416535K->342839K(632320K), 0.0036238 secs] [Times: user=0.02 sys=0.00, real=0.00 secs] 
601.212: [GC (Allocation Failure) [PSYoungGen: 75168K->1376K(75776K)] 416567K->342783K(632320K), 0.0046994 secs] [Times: user=0.02 sys=0.01, real=0.01 secs] 
602.491: [GC (Allocation Failure) [PSYoungGen: 75104K->1920K(75776K)] 416511K->343327K(632320K), 0.0017519 secs] [Times: user=0.01 sys=0.00, real=0.00 secs] 
602.831: [GC (Allocation Failure) [PSYoungGen: 75648K->1376K(75776K)] 417055K->342783K(632320K), 0.0018808 secs] [Times: user=0.01 sys=0.00, real=0.00 secs] 
603.137: [GC (Allocation Failure) [PSYoungGen: 75104K->1376K(75776K)] 416511K->342783K(632320K), 0.0019057 secs] [Times: user=0.01 sys=0.00, real=0.00 secs] 
603.444: [GC (Allocation Failure) [PSYoungGen: 75104K->1408K(75776K)] 416511K->342815K(632320K), 0.0018569 secs] [Times: user=0.01 sys=0.00, real=0.00 secs] 
604.166: [GC (Allocation Failure) [PSYoungGen: 75136K->1376K(75776K)] 416543K->342783K(632320K), 0.0015309 secs] [Times: user=0.01 sys=0.00, real=0.01 secs] 
605.284: [GC (Allocation Failure) [PSYoungGen: 75104K->1376K(75776K)] 416511K->342791K(632320K), 0.0034335 secs] [Times: user=0.02 sys=0.00, real=0.01 secs] 
606.260: [GC (Allocation Failure) [PSYoungGen: 75104K->1424K(75776K)] 416519K->342839K(632320K), 0.0033332 secs] [Times: user=0.01 sys=0.00, real=0.00 secs] 
607.082: [GC (Allocation Failure) [PSYoungGen: 75152K->1360K(75776K)] 416567K->342775K(632320K), 0.0025808 secs] [Times: user=0.01 sys=0.00, real=0.00 secs] 
608.319: [GC (Allocation Failure) [PSYoungGen: 75088K->1437K(75776K)] 416503K->342860K(632320K), 0.0013387 secs] [Times: user=0.01 sys=0.00, real=0.00 secs] 
609.000: [GC (Allocation Failure) [PSYoungGen: 75165K->1408K(75776K)] 416588K->342831K(632320K), 0.0019572 secs] [Times: user=0.00 sys=0.00, real=0.00 secs] 
609.306: [GC (Allocation Failure) [PSYoungGen: 75136K->1376K(75776K)] 416559K->342799K(632320K), 0.0019848 secs] [Times: user=0.00 sys=0.00, real=0.01 secs] 
609.614: [GC (Allocation Failure) [PSYoungGen: 75104K->1440K(75776K)] 416527K->342863K(632320K), 0.0017516 secs] [Times: user=0.00 sys=0.00, real=0.00 secs] 
610.263: [GC (Allocation Failure) [PSYoungGen: 75168K->1373K(75776K)] 416591K->342796K(632320K), 0.0014538 secs] [Times: user=0.00 sys=0.00, real=0.00 secs] 
612.270: [GC (Allocation Failure) [PSYoungGen: 75101K->1408K(75776K)] 416524K->342831K(632320K), 0.0042961 secs] [Times: user=0.01 sys=0.00, real=0.00 secs] 
613.198: [GC (Allocation Failure) [PSYoungGen: 75136K->1440K(75776K)] 416559K->342863K(632320K), 0.0023934 secs] [Times: user=0.01 sys=0.00, real=0.00 secs] 
613.555: [GC (Allocation Failure) [PSYoungGen: 75168K->1376K(75776K)] 416591K->342799K(632320K), 0.0024401 secs] [Times: user=0.00 sys=0.00, real=0.01 secs] 
614.212: [GC (Allocation Failure) [PSYoungGen: 75104K->1405K(75776K)] 416527K->342828K(632320K), 0.0014111 secs] [Times: user=0.00 sys=0.00, real=0.00 secs] 
615.348: [GC (Allocation Failure) [PSYoungGen: 75133K->1408K(75776K)] 416556K->342839K(632320K), 0.0023468 secs] [Times: user=0.01 sys=0.00, real=0.00 secs] 
616.241: [GC (Allocation Failure) [PSYoungGen: 75136K->1376K(75776K)] 416567K->342807K(632320K), 0.0024053 secs] [Times: user=0.01 sys=0.00, real=0.00 secs] 
617.068: [GC (Allocation Failure) [PSYoungGen: 75104K->1408K(75264K)] 416535K->342839K(631808K), 0.0024351 secs] [Times: user=0.00 sys=0.00, real=0.00 secs] 
618.117: [GC (Allocation Failure) [PSYoungGen: 75136K->1437K(75264K)] 416567K->342892K(631808K), 0.0014301 secs] [Times: user=0.01 sys=0.00, real=0.00 secs] 
618.931: [GC (Allocation Failure) [PSYoungGen: 75165K->384K(74752K)] 416620K->342863K(631296K), 0.0017948 secs] [Times: user=0.00 sys=0.00, real=0.00 secs] 
619.252: [GC (Allocation Failure) [PSYoungGen: 74112K->384K(75776K)] 416591K->342863K(632320K), 0.0017817 secs] [Times: user=0.01 sys=0.00, real=0.00 secs] 
619.606: [GC (Allocation Failure) [PSYoungGen: 74112K->384K(75776K)] 416591K->342871K(632320K), 0.0015452 secs] [Times: user=0.01 sys=0.00, real=0.00 secs] 
619.998: [GC (Allocation Failure) [PSYoungGen: 74112K->1373K(75776K)] 416599K->343876K(632320K), 0.0014374 secs] [Times: user=0.01 sys=0.00, real=0.00 secs] 
621.665: [GC (Allocation Failure) [PSYoungGen: 75101K->1376K(75776K)] 417604K->343879K(632320K), 0.0042248 secs] [Times: user=0.01 sys=0.00, real=0.01 secs] 
622.334: [GC (Allocation Failure) [PSYoungGen: 75104K->1408K(75776K)] 417607K->343911K(632320K), 0.0026867 secs] [Times: user=0.01 sys=0.00, real=0.01 secs] 
622.717: [GC (Allocation Failure) [PSYoungGen: 75136K->1344K(75776K)] 417639K->343855K(632320K), 0.0021019 secs] [Times: user=0.01 sys=0.00, real=0.00 secs] 
623.044: [GC (Allocation Failure) [PSYoungGen: 75059K->320K(75776K)] 417570K->342831K(632320K), 0.0021255 secs] [Times: user=0.01 sys=0.00, real=0.00 secs] 
624.327: [GC (Allocation Failure) [PSYoungGen: 74048K->1408K(75776K)] 416559K->343919K(632320K), 0.0020653 secs] [Times: user=0.01 sys=0.00, real=0.00 secs] 
625.053: [GC (Allocation Failure) [PSYoungGen: 75136K->1440K(75776K)] 417647K->343951K(632320K), 0.0020939 secs] [Times: user=0.01 sys=0.00, real=0.00 secs] 
625.846: [GC (Allocation Failure) [PSYoungGen: 75168K->1360K(75776K)] 417679K->343871K(632320K), 0.0025452 secs] [Times: user=0.01 sys=0.00, real=0.00 secs] 
626.601: [GC (Allocation Failure) [PSYoungGen: 75088K->1344K(75776K)] 417599K->343871K(632320K), 0.0029122 secs] [Times: user=0.01 sys=0.00, real=0.00 secs] 
628.106: [GC (Allocation Failure) [PSYoungGen: 75072K->1440K(75776K)] 417599K->343967K(632320K), 0.0029284 secs] [Times: user=0.01 sys=0.00, real=0.01 secs] 
629.158: [GC (Allocation Failure) [PSYoungGen: 75168K->1376K(75776K)] 417695K->343903K(632320K), 0.0044376 secs] [Times: user=0.02 sys=0.00, real=0.00 secs] 
630.174: [GC (Allocation Failure) [PSYoungGen: 75104K->1344K(75776K)] 417631K->343879K(632320K), 0.0036022 secs] [Times: user=0.01 sys=0.00, real=0.01 secs] 
630.836: [GC (Allocation Failure) [PSYoungGen: 75072K->1408K(75776K)] 417607K->343943K(632320K), 0.0029568 secs] [Times: user=0.02 sys=0.00, real=0.00 secs] 
631.820: [GC (Allocation Failure) [PSYoungGen: 75136K->1408K(75776K)] 417671K->343943K(632320K), 0.0018880 secs] [Times: user=0.01 sys=0.00, real=0.00 secs] 
632.408: [GC (Allocation Failure) [PSYoungGen: 75136K->1376K(75776K)] 417671K->343911K(632320K), 0.0019686 secs] [Times: user=0.01 sys=0.00, real=0.00 secs] 
632.982: [GC (Allocation Failure) [PSYoungGen: 75104K->1376K(75776K)] 417639K->343911K(632320K), 0.0020808 secs] [Times: user=0.01 sys=0.00, real=0.00 secs] 
633.552: [GC (Allocation Failure) [PSYoungGen: 75104K->1408K(75776K)] 417639K->343943K(632320K), 0.0020803 secs] [Times: user=0.00 sys=0.00, real=0.00 secs] 
634.571: [GC (Allocation Failure) [PSYoungGen: 75136K->1376K(75776K)] 417671K->343911K(632320K), 0.0018854 secs] [Times: user=0.01 sys=0.00, real=0.00 secs] 
635.094: [GC (Allocation Failure) [PSYoungGen: 75104K->1376K(75776K)] 417639K->343911K(632320K), 0.0018031 secs] [Times: user=0.00 sys=0.00, real=0.00 secs] 
635.694: [GC (Allocation Failure) [PSYoungGen: 75104K->1440K(75776K)] 417639K->343975K(632320K), 0.0019098 secs] [Times: user=0.01 sys=0.00, real=0.00 secs] 
636.399: [GC (Allocation Failure) [PSYoungGen: 75168K->1408K(75776K)] 417703K->343951K(632320K), 0.0022505 secs] [Times: user=0.01 sys=0.00, real=0.00 secs] 
637.262: [GC (Allocation Failure) [PSYoungGen: 75136K->1408K(75776K)] 417679K->343951K(632320K), 0.0017487 secs] [Times: user=0.01 sys=0.00, real=0.00 secs] 
637.568: [GC (Allocation Failure) [PSYoungGen: 75136K->1344K(75776K)] 417679K->343895K(632320K), 0.0017002 secs] [Times: user=0.00 sys=0.00, real=0.00 secs] 
637.874: [GC (Allocation Failure) [PSYoungGen: 75072K->1472K(75776K)] 417623K->344023K(632320K), 0.0019573 secs] [Times: user=0.01 sys=0.00, real=0.00 secs] 
638.180: [GC (Allocation Failure) [PSYoungGen: 75200K->1408K(75776K)] 417751K->343959K(632320K), 0.0020212 secs] [Times: user=0.01 sys=0.00, real=0.00 secs] 
640.002: [GC (Allocation Failure) [PSYoungGen: 75136K->1392K(75264K)] 417687K->343951K(631808K), 0.0049401 secs] [Times: user=0.02 sys=0.00, real=0.01 secs] 
640.786: [GC (Allocation Failure) [PSYoungGen: 75120K->1392K(75264K)] 417679K->343951K(631808K), 0.0029569 secs] [Times: user=0.01 sys=0.00, real=0.01 secs] 
641.700: [GC (Allocation Failure) [PSYoungGen: 75120K->1408K(75264K)] 417679K->343967K(631808K), 0.0042740 secs] [Times: user=0.02 sys=0.00, real=0.00 secs] 
642.747: [GC (Allocation Failure) [PSYoungGen: 75136K->1392K(75264K)] 417695K->343951K(631808K), 0.0055024 secs] [Times: user=0.03 sys=0.00, real=0.00 secs] 
644.291: [GC (Allocation Failure) [PSYoungGen: 75120K->1472K(80384K)] 417679K->344031K(636928K), 0.0086196 secs] [Times: user=0.04 sys=0.00, real=0.01 secs] 
645.679: [GC (Allocation Failure) [PSYoungGen: 80320K->1376K(79872K)] 422879K->343935K(636416K), 0.0039532 secs] [Times: user=0.01 sys=0.00, real=0.00 secs] 
646.573: [GC (Allocation Failure) [PSYoungGen: 79712K->1440K(79360K)] 422271K->343999K(635904K), 0.0030249 secs] [Times: user=0.01 sys=0.00, real=0.01 secs] 
647.603: [GC (Allocation Failure) [PSYoungGen: 79264K->1376K(78848K)] 421823K->343935K(635392K), 0.0049205 secs] [Times: user=0.02 sys=0.00, real=0.01 secs] 
648.872: [GC (Allocation Failure) [PSYoungGen: 78688K->1408K(78336K)] 421247K->343967K(634880K), 0.0020308 secs] [Times: user=0.00 sys=0.00, real=0.00 secs] 
649.974: [GC (Allocation Failure) [PSYoungGen: 78208K->1376K(77824K)] 420767K->343943K(634368K), 0.0054449 secs] [Times: user=0.03 sys=0.00, real=0.01 secs] 
651.028: [GC (Allocation Failure) [PSYoungGen: 77664K->1408K(77312K)] 420231K->343975K(633856K), 0.0044910 secs] [Times: user=0.01 sys=0.00, real=0.00 secs] 
651.706: [GC (Allocation Failure) [PSYoungGen: 77184K->1440K(76800K)] 419751K->344007K(633344K), 0.0023750 secs] [Times: user=0.01 sys=0.00, real=0.01 secs] 
653.441: [GC (Allocation Failure) [PSYoungGen: 76704K->1408K(76288K)] 419271K->343983K(632832K), 0.0053196 secs] [Times: user=0.02 sys=0.00, real=0.01 secs] 
654.411: [GC (Allocation Failure) [PSYoungGen: 76160K->1408K(75776K)] 418735K->343983K(632320K), 0.0037281 secs] [Times: user=0.01 sys=0.00, real=0.00 secs] 
655.292: [GC (Allocation Failure) [PSYoungGen: 75648K->368K(74240K)] 418223K->343967K(630784K), 0.0052110 secs] [Times: user=0.02 sys=0.00, real=0.01 secs] 
656.090: [GC (Allocation Failure) [PSYoungGen: 74096K->320K(75776K)] 417695K->343935K(632320K), 0.0034159 secs] [Times: user=0.01 sys=0.00, real=0.00 secs] 
657.122: [GC (Allocation Failure) [PSYoungGen: 74048K->1440K(75776K)] 417663K->345055K(632320K), 0.0018312 secs] [Times: user=0.00 sys=0.00, real=0.00 secs] 
657.465: [GC (Allocation Failure) [PSYoungGen: 75168K->1376K(75776K)] 418783K->344991K(632320K), 0.0016926 secs] [Times: user=0.01 sys=0.00, real=0.01 secs] 
657.982: [GC (Allocation Failure) [PSYoungGen: 75104K->1408K(75776K)] 418719K->345023K(632320K), 0.0018096 secs] [Times: user=0.01 sys=0.00, real=0.00 secs] 
658.693: [GC (Allocation Failure) [PSYoungGen: 75136K->1408K(75776K)] 418751K->345023K(632320K), 0.0035145 secs] [Times: user=0.01 sys=0.00, real=0.01 secs] 
660.063: [GC (Allocation Failure) [PSYoungGen: 75136K->1424K(75776K)] 418751K->345047K(632320K), 0.0014864 secs] [Times: user=0.01 sys=0.00, real=0.00 secs] 
660.368: [GC (Allocation Failure) [PSYoungGen: 75152K->1376K(75776K)] 418775K->344999K(632320K), 0.0022399 secs] [Times: user=0.01 sys=0.00, real=0.00 secs] 
660.776: [GC (Allocation Failure) [PSYoungGen: 75104K->1376K(75776K)] 418727K->344999K(632320K), 0.0022551 secs] [Times: user=0.01 sys=0.00, real=0.01 secs] 
661.358: [GC (Allocation Failure) [PSYoungGen: 75104K->1376K(75776K)] 418727K->345007K(632320K), 0.0036136 secs] [Times: user=0.01 sys=0.00, real=0.00 secs] 
662.411: [GC (Allocation Failure) [PSYoungGen: 75104K->1440K(75264K)] 418735K->345071K(631808K), 0.0019954 secs] [Times: user=0.00 sys=0.00, real=0.00 secs] 
662.826: [GC (Allocation Failure) [PSYoungGen: 75168K->1376K(75264K)] 418799K->345007K(631808K), 0.0021759 secs] [Times: user=0.01 sys=0.00, real=0.01 secs] 
663.455: [GC (Allocation Failure) [PSYoungGen: 75104K->1408K(75264K)] 418735K->345039K(631808K), 0.0020627 secs] [Times: user=0.01 sys=0.00, real=0.01 secs] 
664.054: [GC (Allocation Failure) [PSYoungGen: 75136K->1392K(75264K)] 418767K->345031K(631808K), 0.0026866 secs] [Times: user=0.01 sys=0.00, real=0.01 secs] 
664.985: [GC (Allocation Failure) [PSYoungGen: 75120K->1408K(75264K)] 418759K->345047K(631808K), 0.0017748 secs] [Times: user=0.01 sys=0.00, real=0.01 secs] 
665.291: [GC (Allocation Failure) [PSYoungGen: 75136K->1376K(75264K)] 418775K->345023K(631808K), 0.0019716 secs] [Times: user=0.01 sys=0.00, real=0.00 secs] 
665.661: [GC (Allocation Failure) [PSYoungGen: 75104K->1440K(75264K)] 418751K->345087K(631808K), 0.0019416 secs] [Times: user=0.00 sys=0.00, real=0.00 secs] 
665.968: [GC (Allocation Failure) [PSYoungGen: 75168K->1360K(79360K)] 418815K->345007K(635904K), 0.0019626 secs] [Times: user=0.01 sys=0.00, real=0.00 secs] 
666.830: [GC (Allocation Failure) [PSYoungGen: 78672K->1408K(78336K)] 422319K->345055K(634880K), 0.0021651 secs] [Times: user=0.01 sys=0.01, real=0.00 secs] 
667.201: [GC (Allocation Failure) [PSYoungGen: 78208K->1376K(77824K)] 421855K->345023K(634368K), 0.0021813 secs] [Times: user=0.01 sys=0.01, real=0.00 secs] 
667.519: [GC (Allocation Failure) [PSYoungGen: 77664K->1376K(81408K)] 421311K->345023K(637952K), 0.0020246 secs] [Times: user=0.00 sys=0.00, real=0.00 secs] 
668.043: [GC (Allocation Failure) [PSYoungGen: 81248K->1328K(81920K)] 424895K->344975K(638464K), 0.0023001 secs] [Times: user=0.01 sys=0.00, real=0.00 secs] 
669.268: [GC (Allocation Failure) [PSYoungGen: 81200K->1376K(80896K)] 424847K->345023K(637440K), 0.0026803 secs] [Times: user=0.01 sys=0.00, real=0.00 secs] 
670.092: [GC (Allocation Failure) [PSYoungGen: 80736K->1424K(80384K)] 424383K->345071K(636928K), 0.0026254 secs] [Times: user=0.01 sys=0.00, real=0.00 secs] 
671.081: [GC (Allocation Failure) [PSYoungGen: 80272K->1344K(79872K)] 423919K->344991K(636416K), 0.0024037 secs] [Times: user=0.01 sys=0.00, real=0.00 secs] 
672.379: [GC (Allocation Failure) [PSYoungGen: 79680K->1392K(79360K)] 423327K->345039K(635904K), 0.0017648 secs] [Times: user=0.01 sys=0.00, real=0.00 secs] 
672.750: [GC (Allocation Failure) [PSYoungGen: 79216K->1376K(78848K)] 422863K->345023K(635392K), 0.0017266 secs] [Times: user=0.00 sys=0.00, real=0.00 secs] 
673.367: [GC (Allocation Failure) [PSYoungGen: 78688K->1376K(78336K)] 422335K->345023K(634880K), 0.0021335 secs] [Times: user=0.01 sys=0.00, real=0.00 secs] 
674.012: [GC (Allocation Failure) [PSYoungGen: 78176K->384K(76800K)] 421823K->345055K(633344K), 0.0022882 secs] [Times: user=0.01 sys=0.00, real=0.00 secs] 
675.080: [GC (Allocation Failure) [PSYoungGen: 76672K->1440K(77824K)] 421343K->346119K(634368K), 0.0022074 secs] [Times: user=0.01 sys=0.00, real=0.00 secs] 
675.492: [GC (Allocation Failure) [PSYoungGen: 77216K->1344K(76800K)] 421895K->346031K(633344K), 0.0022123 secs] [Times: user=0.01 sys=0.00, real=0.00 secs] 
676.123: [GC (Allocation Failure) [PSYoungGen: 76608K->1376K(76288K)] 421295K->346063K(632832K), 0.0024280 secs] [Times: user=0.01 sys=0.00, real=0.00 secs] 
676.858: [GC (Allocation Failure) [PSYoungGen: 76128K->1440K(75776K)] 420815K->346127K(632320K), 0.0020961 secs] [Times: user=0.01 sys=0.00, real=0.00 secs] 
678.043: [GC (Allocation Failure) [PSYoungGen: 75680K->1408K(75264K)] 420367K->346103K(631808K), 0.0021847 secs] [Times: user=0.01 sys=0.00, real=0.00 secs] 
678.350: [GC (Allocation Failure) [PSYoungGen: 75136K->1344K(75264K)] 419831K->346039K(631808K), 0.0020843 secs] [Times: user=0.01 sys=0.00, real=0.00 secs] 
678.657: [GC (Allocation Failure) [PSYoungGen: 75072K->1344K(75264K)] 419767K->346039K(631808K), 0.0021383 secs] [Times: user=0.01 sys=0.00, real=0.00 secs] 
678.971: [GC (Allocation Failure) [PSYoungGen: 75072K->1376K(82432K)] 419767K->346071K(638976K), 0.0019571 secs] [Times: user=0.01 sys=0.00, real=0.00 secs] 
679.773: [GC (Allocation Failure) [PSYoungGen: 82272K->1440K(81920K)] 426967K->346135K(638464K), 0.0017068 secs] [Times: user=0.01 sys=0.00, real=0.00 secs] 
680.107: [GC (Allocation Failure) [PSYoungGen: 81824K->1376K(81408K)] 426519K->346071K(637952K), 0.0017594 secs] [Times: user=0.00 sys=0.00, real=0.00 secs] 
680.438: [GC (Allocation Failure) [PSYoungGen: 81248K->1376K(81920K)] 425943K->346071K(638464K), 0.0021174 secs] [Times: user=0.01 sys=0.00, real=0.00 secs] 
680.772: [GC (Allocation Failure) [PSYoungGen: 81248K->1344K(90112K)] 425943K->346039K(646656K), 0.0027502 secs] [Times: user=0.01 sys=0.00, real=0.00 secs] 
682.565: [GC (Allocation Failure) [PSYoungGen: 89408K->1376K(90112K)] 434103K->346071K(646656K), 0.0035286 secs] [Times: user=0.01 sys=0.00, real=0.01 secs] 
683.203: [GC (Allocation Failure) [PSYoungGen: 89440K->1408K(98816K)] 434135K->346103K(655360K), 0.0038060 secs] [Times: user=0.02 sys=0.00, real=0.01 secs] 
684.162: [GC (Allocation Failure) [PSYoungGen: 98176K->1344K(97792K)] 442871K->346039K(654336K), 0.0036231 secs] [Times: user=0.01 sys=0.00, real=0.00 secs] 
685.948: [GC (Allocation Failure) [PSYoungGen: 97600K->1408K(97280K)] 442295K->346119K(653824K), 0.0018973 secs] [Times: user=0.01 sys=0.00, real=0.00 secs] 
687.346: [GC (Allocation Failure) [PSYoungGen: 97152K->1376K(96768K)] 441863K->346095K(653312K), 0.0055905 secs] [Times: user=0.03 sys=0.00, real=0.01 secs] 
688.108: [GC (Allocation Failure) [PSYoungGen: 96608K->1376K(96256K)] 441327K->346095K(652800K), 0.0028431 secs] [Times: user=0.01 sys=0.00, real=0.00 secs] 
689.501: [GC (Allocation Failure) [PSYoungGen: 96096K->1408K(95744K)] 440815K->346127K(652288K), 0.0036709 secs] [Times: user=0.01 sys=0.00, real=0.00 secs] 
690.552: [GC (Allocation Failure) [PSYoungGen: 95616K->320K(94208K)] 440335K->346071K(650752K), 0.0036523 secs] [Times: user=0.01 sys=0.00, real=0.00 secs] 
691.587: [GC (Allocation Failure) [PSYoungGen: 94016K->288K(95232K)] 439767K->346039K(651776K), 0.0026074 secs] [Times: user=0.01 sys=0.01, real=0.00 secs] 
692.914: [GC (Allocation Failure) [PSYoungGen: 93472K->1472K(94208K)] 439223K->347223K(650752K), 0.0015868 secs] [Times: user=0.01 sys=0.00, real=0.00 secs] 
695.183: [GC (Allocation Failure) [PSYoungGen: 94144K->1408K(93696K)] 439895K->347167K(650240K), 0.0029634 secs] [Times: user=0.01 sys=0.00, real=0.00 secs] 
696.014: [GC (Allocation Failure) [PSYoungGen: 93568K->1376K(93184K)] 439327K->347143K(649728K), 0.0020874 secs] [Times: user=0.01 sys=0.00, real=0.00 secs] 
696.827: [GC (Allocation Failure) [PSYoungGen: 93024K->1376K(92672K)] 438791K->347143K(649216K), 0.0026762 secs] [Times: user=0.01 sys=0.01, real=0.00 secs] 
698.900: [GC (Allocation Failure) [PSYoungGen: 92512K->1408K(92160K)] 438279K->347183K(648704K), 0.0033036 secs] [Times: user=0.01 sys=0.00, real=0.00 secs] 
699.694: [GC (Allocation Failure) [PSYoungGen: 92032K->1408K(91648K)] 437807K->347183K(648192K), 0.0024518 secs] [Times: user=0.01 sys=0.00, real=0.01 secs] 
700.825: [GC (Allocation Failure) [PSYoungGen: 91520K->1408K(91136K)] 437295K->347183K(647680K), 0.0024848 secs] [Times: user=0.01 sys=0.00, real=0.01 secs] 
702.046: [GC (Allocation Failure) [PSYoungGen: 91008K->1408K(90624K)] 436783K->347183K(647168K), 0.0019943 secs] [Times: user=0.00 sys=0.00, real=0.01 secs] 
702.430: [GC (Allocation Failure) [PSYoungGen: 90496K->1408K(90112K)] 436271K->347183K(646656K), 0.0018756 secs] [Times: user=0.01 sys=0.00, real=0.00 secs] 
702.799: [GC (Allocation Failure) [PSYoungGen: 89984K->1392K(89600K)] 435759K->347175K(646144K), 0.0024111 secs] [Times: user=0.00 sys=0.00, real=0.00 secs] 
704.569: [GC (Allocation Failure) [PSYoungGen: 89456K->1344K(89088K)] 435239K->347127K(645632K), 0.0039267 secs] [Times: user=0.02 sys=0.00, real=0.00 secs] 
705.771: [GC (Allocation Failure) [PSYoungGen: 88896K->1424K(88576K)] 434679K->347207K(645120K), 0.0045916 secs] [Times: user=0.02 sys=0.00, real=0.00 secs] 
706.512: [GC (Allocation Failure) [PSYoungGen: 88464K->1392K(88064K)] 434247K->347175K(644608K), 0.0025113 secs] [Times: user=0.01 sys=0.00, real=0.00 secs] 
707.403: [GC (Allocation Failure) [PSYoungGen: 87920K->1344K(87552K)] 433703K->347127K(644096K), 0.0039541 secs] [Times: user=0.02 sys=0.00, real=0.01 secs] 
709.031: [GC (Allocation Failure) [PSYoungGen: 87360K->1408K(87040K)] 433143K->347191K(643584K), 0.0047383 secs] [Times: user=0.02 sys=0.00, real=0.00 secs] 
710.007: [GC (Allocation Failure) [PSYoungGen: 86912K->1376K(86528K)] 432695K->347159K(643072K), 0.0024251 secs] [Times: user=0.01 sys=0.00, real=0.00 secs] 
710.820: [GC (Allocation Failure) [PSYoungGen: 86368K->1408K(86016K)] 432151K->347207K(642560K), 0.0022894 secs] [Times: user=0.01 sys=0.00, real=0.00 secs] 
712.493: [GC (Allocation Failure) [PSYoungGen: 85888K->1440K(85504K)] 431687K->347239K(642048K), 0.0047562 secs] [Times: user=0.02 sys=0.00, real=0.01 secs] 
713.493: [GC (Allocation Failure) [PSYoungGen: 85408K->1376K(84992K)] 431207K->347175K(641536K), 0.0030158 secs] [Times: user=0.01 sys=0.00, real=0.00 secs] 
714.181: [GC (Allocation Failure) [PSYoungGen: 84832K->1440K(84480K)] 430631K->347247K(641024K), 0.0028374 secs] [Times: user=0.01 sys=0.00, real=0.00 secs] 
714.836: [GC (Allocation Failure) [PSYoungGen: 84384K->1408K(83968K)] 430191K->347215K(640512K), 0.0022973 secs] [Times: user=0.01 sys=0.00, real=0.01 secs] 
716.811: [GC (Allocation Failure) [PSYoungGen: 83840K->1376K(83456K)] 429647K->347191K(640000K), 0.0047955 secs] [Times: user=0.02 sys=0.00, real=0.00 secs] 
717.481: [GC (Allocation Failure) [PSYoungGen: 83296K->1408K(82944K)] 429111K->347231K(639488K), 0.0022318 secs] [Times: user=0.00 sys=0.00, real=0.00 secs] 
718.171: [GC (Allocation Failure) [PSYoungGen: 82816K->1376K(82432K)] 428639K->347199K(638976K), 0.0022501 secs] [Times: user=0.01 sys=0.00, real=0.00 secs] 
718.962: [GC (Allocation Failure) [PSYoungGen: 82272K->192K(81408K)] 428095K->346015K(637952K), 0.0015941 secs] [Times: user=0.01 sys=0.00, real=0.00 secs] 
720.623: [GC (Allocation Failure) [PSYoungGen: 80576K->1376K(81408K)] 426399K->347199K(637952K), 0.0034183 secs] [Times: user=0.01 sys=0.00, real=0.00 secs] 
721.385: [GC (Allocation Failure) [PSYoungGen: 81248K->1408K(80896K)] 427071K->347239K(637440K), 0.0025485 secs] [Times: user=0.01 sys=0.00, real=0.01 secs] 
722.464: [GC (Allocation Failure) [PSYoungGen: 80768K->1376K(80384K)] 426599K->347207K(636928K), 0.0032627 secs] [Times: user=0.02 sys=0.01, real=0.01 secs] 
723.824: [GC (Allocation Failure) [PSYoungGen: 80224K->1408K(79872K)] 426055K->347239K(636416K), 0.0017709 secs] [Times: user=0.01 sys=0.00, real=0.00 secs] 
724.508: [GC (Allocation Failure) [PSYoungGen: 79744K->1408K(79360K)] 425575K->347247K(635904K), 0.0019796 secs] [Times: user=0.01 sys=0.00, real=0.00 secs] 
725.223: [GC (Allocation Failure) [PSYoungGen: 79232K->1408K(78848K)] 425071K->347247K(635392K), 0.0037728 secs] [Times: user=0.01 sys=0.01, real=0.01 secs] 
725.766: [GC (Allocation Failure) [PSYoungGen: 78720K->1424K(78336K)] 424559K->347263K(634880K), 0.0023016 secs] [Times: user=0.01 sys=0.00, real=0.01 secs] 
726.845: [GC (Allocation Failure) [PSYoungGen: 78224K->1344K(77824K)] 424063K->347183K(634368K), 0.0018846 secs] [Times: user=0.01 sys=0.00, real=0.01 secs] 
727.345: [GC (Allocation Failure) [PSYoungGen: 77632K->1344K(77312K)] 423471K->347183K(633856K), 0.0022203 secs] [Times: user=0.01 sys=0.00, real=0.01 secs] 
727.661: [GC (Allocation Failure) [PSYoungGen: 77120K->1344K(76800K)] 422959K->347183K(633344K), 0.0020909 secs] [Times: user=0.00 sys=0.01, real=0.00 secs] 
727.973: [GC (Allocation Failure) [PSYoungGen: 76608K->1392K(76288K)] 422447K->347231K(632832K), 0.0018207 secs] [Times: user=0.01 sys=0.00, real=0.00 secs] 
729.560: [GC (Allocation Failure) [PSYoungGen: 76144K->1408K(75776K)] 421983K->347255K(632320K), 0.0028348 secs] [Times: user=0.01 sys=0.00, real=0.00 secs] 
730.845: [GC (Allocation Failure) [PSYoungGen: 75648K->1376K(75264K)] 421495K->347223K(631808K), 0.0054260 secs] [Times: user=0.02 sys=0.00, real=0.01 secs] 
731.688: [GC (Allocation Failure) [PSYoungGen: 75104K->1376K(75776K)] 420951K->347223K(632320K), 0.0031378 secs] [Times: user=0.01 sys=0.00, real=0.00 secs] 
732.305: [GC (Allocation Failure) [PSYoungGen: 75104K->1408K(75776K)] 420951K->347255K(632320K), 0.0023975 secs] [Times: user=0.01 sys=0.00, real=0.01 secs] 
733.447: [GC (Allocation Failure) [PSYoungGen: 75136K->1376K(75776K)] 420983K->347223K(632320K), 0.0018384 secs] [Times: user=0.00 sys=0.00, real=0.00 secs] 
733.847: [GC (Allocation Failure) [PSYoungGen: 75104K->1376K(75776K)] 420951K->347223K(632320K), 0.0018876 secs] [Times: user=0.01 sys=0.00, real=0.00 secs] 
734.154: [GC (Allocation Failure) [PSYoungGen: 75104K->1376K(75264K)] 420951K->347223K(631808K), 0.0025120 secs] [Times: user=0.00 sys=0.00, real=0.01 secs] 
734.716: [GC (Allocation Failure) [PSYoungGen: 75104K->1376K(75264K)] 420951K->347223K(631808K), 0.0024591 secs] [Times: user=0.01 sys=0.00, real=0.00 secs] 
735.729: [GC (Allocation Failure) [PSYoungGen: 75104K->352K(74752K)] 420951K->347231K(631296K), 0.0023227 secs] [Times: user=0.01 sys=0.00, real=0.00 secs] 
736.059: [GC (Allocation Failure) [PSYoungGen: 74080K->320K(75776K)] 420959K->347207K(632320K), 0.0020862 secs] [Times: user=0.01 sys=0.00, real=0.00 secs] 
736.618: [GC (Allocation Failure) [PSYoungGen: 74048K->320K(75776K)] 420935K->347207K(632320K), 0.0026133 secs] [Times: user=0.01 sys=0.00, real=0.00 secs] 
737.229: [GC (Allocation Failure) [PSYoungGen: 74048K->352K(75776K)] 420935K->347239K(632320K), 0.0027892 secs] [Times: user=0.01 sys=0.00, real=0.00 secs] 
738.340: [GC (Allocation Failure) [PSYoungGen: 74080K->1440K(75776K)] 420967K->348327K(632320K), 0.0021401 secs] [Times: user=0.01 sys=0.00, real=0.00 secs] 
738.680: [GC (Allocation Failure) [PSYoungGen: 75168K->1376K(75776K)] 422055K->348271K(632320K), 0.0020337 secs] [Times: user=0.01 sys=0.00, real=0.00 secs] 
738.987: [GC (Allocation Failure) [PSYoungGen: 75104K->1408K(75776K)] 421999K->348303K(632320K), 0.0019985 secs] [Times: user=0.01 sys=0.00, real=0.00 secs] 
739.293: [GC (Allocation Failure) [PSYoungGen: 75136K->1408K(75776K)] 422031K->348311K(632320K), 0.0018061 secs] [Times: user=0.01 sys=0.00, real=0.00 secs] 
740.088: [GC (Allocation Failure) [PSYoungGen: 75136K->1408K(75264K)] 422039K->348319K(631808K), 0.0019298 secs] [Times: user=0.00 sys=0.01, real=0.00 secs] 
740.426: [GC (Allocation Failure) [PSYoungGen: 75136K->1408K(75264K)] 422047K->348319K(631808K), 0.0018457 secs] [Times: user=0.01 sys=0.00, real=0.01 secs] 
740.768: [GC (Allocation Failure) [PSYoungGen: 75136K->1440K(81920K)] 422047K->348351K(638464K), 0.0017009 secs] [Times: user=0.01 sys=0.00, real=0.00 secs] 
741.141: [GC (Allocation Failure) [PSYoungGen: 80800K->1408K(81920K)] 427711K->348327K(638464K), 0.0028100 secs] [Times: user=0.02 sys=0.00, real=0.00 secs] 
742.585: [GC (Allocation Failure) [PSYoungGen: 80768K->1408K(88576K)] 427687K->348327K(645120K), 0.0046543 secs] [Times: user=0.02 sys=0.01, real=0.01 secs] 
743.460: [GC (Allocation Failure) [PSYoungGen: 88448K->1408K(88064K)] 435367K->348327K(644608K), 0.0025786 secs] [Times: user=0.01 sys=0.00, real=0.00 secs] 
744.145: [GC (Allocation Failure) [PSYoungGen: 87936K->1360K(87552K)] 434855K->348279K(644096K), 0.0019645 secs] [Times: user=0.01 sys=0.00, real=0.01 secs] 
745.139: [GC (Allocation Failure) [PSYoungGen: 87376K->1373K(87040K)] 434295K->348300K(643584K), 0.0017821 secs] [Times: user=0.01 sys=0.00, real=0.00 secs] 
745.742: [GC (Allocation Failure) [PSYoungGen: 86877K->1440K(86528K)] 433804K->348367K(643072K), 0.0021959 secs] [Times: user=0.01 sys=0.00, real=0.00 secs] 
746.100: [GC (Allocation Failure) [PSYoungGen: 86432K->1344K(86016K)] 433359K->348271K(642560K), 0.0031236 secs] [Times: user=0.01 sys=0.00, real=0.00 secs] 
746.453: [GC (Allocation Failure) [PSYoungGen: 85824K->1344K(86528K)] 432751K->348271K(643072K), 0.0020532 secs] [Times: user=0.01 sys=0.00, real=0.00 secs] 
747.567: [GC (Allocation Failure) [PSYoungGen: 86336K->1376K(86016K)] 433263K->348303K(642560K), 0.0023264 secs] [Times: user=0.01 sys=0.00, real=0.00 secs] 
748.162: [GC (Allocation Failure) [PSYoungGen: 85856K->1376K(85504K)] 432783K->348303K(642048K), 0.0023578 secs] [Times: user=0.00 sys=0.00, real=0.00 secs] 
748.558: [GC (Allocation Failure) [PSYoungGen: 85344K->1344K(84992K)] 432271K->348271K(641536K), 0.0018847 secs] [Times: user=0.00 sys=0.00, real=0.00 secs] 
749.292: [GC (Allocation Failure) [PSYoungGen: 84800K->1405K(84480K)] 431727K->348332K(641024K), 0.0015815 secs] [Times: user=0.00 sys=0.00, real=0.00 secs] 
749.974: [GC (Allocation Failure) [PSYoungGen: 84349K->1408K(83968K)] 431276K->348335K(640512K), 0.0020961 secs] [Times: user=0.01 sys=0.00, real=0.00 secs] 
750.345: [GC (Allocation Failure) [PSYoungGen: 83840K->1376K(83456K)] 430767K->348303K(640000K), 0.0021401 secs] [Times: user=0.01 sys=0.00, real=0.01 secs] 
750.717: [GC (Allocation Failure) [PSYoungGen: 83296K->1376K(82944K)] 430223K->348303K(639488K), 0.0021359 secs] [Times: user=0.01 sys=0.00, real=0.00 secs] 
752.176: [GC (Allocation Failure) [PSYoungGen: 82784K->1408K(82432K)] 429711K->348335K(638976K), 0.0054256 secs] [Times: user=0.02 sys=0.00, real=0.01 secs] 
753.484: [GC (Allocation Failure) [PSYoungGen: 82304K->1408K(81920K)] 429231K->348351K(638464K), 0.0029786 secs] [Times: user=0.01 sys=0.00, real=0.01 secs] 
754.426: [GC (Allocation Failure) [PSYoungGen: 81792K->1376K(81408K)] 428735K->348319K(637952K), 0.0031627 secs] [Times: user=0.01 sys=0.00, real=0.00 secs] 
755.335: [GC (Allocation Failure) [PSYoungGen: 81248K->1376K(80896K)] 428191K->348319K(637440K), 0.0038456 secs] [Times: user=0.01 sys=0.00, real=0.01 secs] 
757.107: [GC (Allocation Failure) [PSYoungGen: 80736K->1376K(80384K)] 427679K->348319K(636928K), 0.0032306 secs] [Times: user=0.01 sys=0.00, real=0.00 secs] 
758.338: [GC (Allocation Failure) [PSYoungGen: 80224K->1408K(79872K)] 427167K->348367K(636416K), 0.0053723 secs] [Times: user=0.02 sys=0.00, real=0.00 secs] 
759.755: [GC (Allocation Failure) [PSYoungGen: 79744K->1376K(79360K)] 426703K->348335K(635904K), 0.0054907 secs] [Times: user=0.02 sys=0.00, real=0.01 secs] 
761.271: [GC (Allocation Failure) [PSYoungGen: 79200K->1373K(78848K)] 426159K->348332K(635392K), 0.0043962 secs] [Times: user=0.02 sys=0.00, real=0.00 secs] 
762.555: [GC (Allocation Failure) [PSYoungGen: 78685K->1408K(78336K)] 425644K->348367K(634880K), 0.0018849 secs] [Times: user=0.01 sys=0.00, real=0.01 secs] 
763.583: [GC (Allocation Failure) [PSYoungGen: 78208K->1344K(77824K)] 425167K->348303K(634368K), 0.0054631 secs] [Times: user=0.02 sys=0.01, real=0.01 secs] 
764.650: [GC (Allocation Failure) [PSYoungGen: 77632K->1376K(77312K)] 424591K->348335K(633856K), 0.0040856 secs] [Times: user=0.01 sys=0.00, real=0.00 secs] 
765.627: [GC (Allocation Failure) [PSYoungGen: 77152K->1392K(76800K)] 424111K->348351K(633344K), 0.0015865 secs] [Times: user=0.01 sys=0.00, real=0.00 secs] 
766.605: [GC (Allocation Failure) [PSYoungGen: 76656K->384K(75264K)] 423615K->348367K(631808K), 0.0019247 secs] [Times: user=0.01 sys=0.00, real=0.01 secs] 
767.494: [GC (Allocation Failure) [PSYoungGen: 75136K->352K(76288K)] 423119K->348335K(632832K), 0.0023651 secs] [Times: user=0.01 sys=0.00, real=0.00 secs] 
768.592: [GC (Allocation Failure) [PSYoungGen: 74592K->336K(74752K)] 422575K->348319K(631296K), 0.0035460 secs] [Times: user=0.01 sys=0.00, real=0.00 secs] 
770.012: [GC (Allocation Failure) [PSYoungGen: 74064K->1373K(75776K)] 422047K->349356K(632320K), 0.0014831 secs] [Times: user=0.01 sys=0.00, real=0.00 secs] 
771.037: [GC (Allocation Failure) [PSYoungGen: 75101K->1472K(75776K)] 423084K->349455K(632320K), 0.0020831 secs] [Times: user=0.01 sys=0.00, real=0.00 secs] 
771.368: [GC (Allocation Failure) [PSYoungGen: 75200K->1440K(75776K)] 423183K->349423K(632320K), 0.0020317 secs] [Times: user=0.01 sys=0.00, real=0.00 secs] 
771.693: [GC (Allocation Failure) [PSYoungGen: 75168K->1408K(75776K)] 423151K->349399K(632320K), 0.0018669 secs] [Times: user=0.01 sys=0.00, real=0.00 secs] 
772.215: [GC (Allocation Failure) [PSYoungGen: 75136K->1373K(75776K)] 423127K->349364K(632320K), 0.0018861 secs] [Times: user=0.01 sys=0.00, real=0.01 secs] 
772.880: [GC (Allocation Failure) [PSYoungGen: 75101K->1408K(75776K)] 423092K->349399K(632320K), 0.0020650 secs] [Times: user=0.00 sys=0.00, real=0.00 secs] 
773.187: [GC (Allocation Failure) [PSYoungGen: 75136K->1344K(75776K)] 423127K->349335K(632320K), 0.0020067 secs] [Times: user=0.01 sys=0.00, real=0.00 secs] 
773.493: [GC (Allocation Failure) [PSYoungGen: 75072K->1344K(75776K)] 423063K->349335K(632320K), 0.0021362 secs] [Times: user=0.01 sys=0.00, real=0.00 secs] 
773.987: [GC (Allocation Failure) [PSYoungGen: 75072K->1405K(75776K)] 423063K->349396K(632320K), 0.0014651 secs] [Times: user=0.01 sys=0.00, real=0.00 secs] 
775.172: [GC (Allocation Failure) [PSYoungGen: 75133K->1408K(75776K)] 423124K->349399K(632320K), 0.0020834 secs] [Times: user=0.01 sys=0.00, real=0.00 secs] 
775.940: [GC (Allocation Failure) [PSYoungGen: 75136K->1376K(75776K)] 423127K->349367K(632320K), 0.0035251 secs] [Times: user=0.01 sys=0.00, real=0.00 secs] 
776.903: [GC (Allocation Failure) [PSYoungGen: 75104K->1376K(75776K)] 423095K->349375K(632320K), 0.0026758 secs] [Times: user=0.01 sys=0.00, real=0.00 secs] 
777.874: [GC (Allocation Failure) [PSYoungGen: 75104K->1392K(75776K)] 423103K->349407K(632320K), 0.0052392 secs] [Times: user=0.02 sys=0.00, real=0.01 secs] 
779.046: [GC (Allocation Failure) [PSYoungGen: 75120K->1376K(75776K)] 423135K->349391K(632320K), 0.0018004 secs] [Times: user=0.01 sys=0.00, real=0.01 secs] 
779.738: [GC (Allocation Failure) [PSYoungGen: 75104K->1344K(75776K)] 423119K->349359K(632320K), 0.0042810 secs] [Times: user=0.02 sys=0.00, real=0.00 secs] 
780.343: [GC (Allocation Failure) [PSYoungGen: 75072K->1376K(75776K)] 423087K->349391K(632320K), 0.0023939 secs] [Times: user=0.01 sys=0.00, real=0.00 secs] 
780.802: [GC (Allocation Failure) [PSYoungGen: 75104K->1376K(75776K)] 423119K->349391K(632320K), 0.0025387 secs] [Times: user=0.01 sys=0.00, real=0.00 secs] 
782.040: [GC (Allocation Failure) [PSYoungGen: 75104K->1376K(75776K)] 423119K->349391K(632320K), 0.0019758 secs] [Times: user=0.00 sys=0.00, real=0.00 secs] 
782.708: [GC (Allocation Failure) [PSYoungGen: 75104K->1408K(75776K)] 423119K->349423K(632320K), 0.0042479 secs] [Times: user=0.01 sys=0.00, real=0.00 secs] 
783.091: [GC (Allocation Failure) [PSYoungGen: 75136K->1376K(75776K)] 423151K->349391K(632320K), 0.0019879 secs] [Times: user=0.01 sys=0.00, real=0.00 secs] 
783.503: [GC (Allocation Failure) [PSYoungGen: 75104K->1376K(75776K)] 423119K->349391K(632320K), 0.0021918 secs] [Times: user=0.00 sys=0.00, real=0.00 secs] 
784.735: [GC (Allocation Failure) [PSYoungGen: 75104K->1376K(75264K)] 423119K->349391K(631808K), 0.0020476 secs] [Times: user=0.01 sys=0.00, real=0.01 secs] 
785.303: [GC (Allocation Failure) [PSYoungGen: 75104K->1392K(75264K)] 423119K->349407K(631808K), 0.0023738 secs] [Times: user=0.00 sys=0.01, real=0.00 secs] 
785.618: [GC (Allocation Failure) [PSYoungGen: 75120K->1376K(81408K)] 423135K->349391K(637952K), 0.0026545 secs] [Times: user=0.01 sys=0.00, real=0.00 secs] 
786.312: [GC (Allocation Failure) [PSYoungGen: 81248K->1440K(81920K)] 429263K->349463K(638464K), 0.0026581 secs] [Times: user=0.01 sys=0.00, real=0.00 secs] 
787.395: [GC (Allocation Failure) [PSYoungGen: 81312K->1440K(80896K)] 429335K->349463K(637440K), 0.0023861 secs] [Times: user=0.01 sys=0.00, real=0.01 secs] 
788.129: [GC (Allocation Failure) [PSYoungGen: 80800K->1392K(80384K)] 428823K->349415K(636928K), 0.0030967 secs] [Times: user=0.01 sys=0.01, real=0.00 secs] 
788.881: [GC (Allocation Failure) [PSYoungGen: 80240K->1376K(79872K)] 428263K->349399K(636416K), 0.0022389 secs] [Times: user=0.01 sys=0.00, real=0.00 secs] 
789.910: [GC (Allocation Failure) [PSYoungGen: 79712K->1373K(79360K)] 427735K->349396K(635904K), 0.0016268 secs] [Times: user=0.01 sys=0.00, real=0.00 secs] 
790.944: [GC (Allocation Failure) [PSYoungGen: 79197K->1408K(78848K)] 427220K->349431K(635392K), 0.0034746 secs] [Times: user=0.02 sys=0.00, real=0.01 secs] 
791.798: [GC (Allocation Failure) [PSYoungGen: 78720K->1440K(78336K)] 426743K->349463K(634880K), 0.0033481 secs] [Times: user=0.02 sys=0.00, real=0.00 secs] 
792.874: [GC (Allocation Failure) [PSYoungGen: 78240K->352K(76800K)] 426263K->349399K(633344K), 0.0034234 secs] [Times: user=0.01 sys=0.00, real=0.01 secs] 
794.183: [GC (Allocation Failure) [PSYoungGen: 76640K->1888K(77824K)] 425687K->350935K(634368K), 0.0018526 secs] [Times: user=0.01 sys=0.01, real=0.00 secs] 
795.169: [GC (Allocation Failure) [PSYoungGen: 77664K->1344K(76800K)] 426711K->350391K(633344K), 0.0019938 secs] [Times: user=0.01 sys=0.00, real=0.00 secs] 
796.273: [GC (Allocation Failure) [PSYoungGen: 76608K->1440K(76288K)] 425655K->350487K(632832K), 0.0046330 secs] [Times: user=0.01 sys=0.01, real=0.01 secs] 
797.241: [GC (Allocation Failure) [PSYoungGen: 76192K->1344K(75776K)] 425239K->350391K(632320K), 0.0037627 secs] [Times: user=0.01 sys=0.01, real=0.00 secs] 
798.621: [GC (Allocation Failure) [PSYoungGen: 75584K->1952K(75776K)] 424631K->350999K(632320K), 0.0034831 secs] [Times: user=0.01 sys=0.00, real=0.00 secs] 
799.949: [GC (Allocation Failure) [PSYoungGen: 75680K->384K(74240K)] 424727K->350463K(630784K), 0.0044755 secs] [Times: user=0.02 sys=0.00, real=0.00 secs] 
801.315: [GC (Allocation Failure) [PSYoungGen: 74112K->288K(76288K)] 424191K->350367K(632832K), 0.0043572 secs] [Times: user=0.02 sys=0.00, real=0.01 secs] 
802.052: [GC (Allocation Failure) [PSYoungGen: 74016K->352K(74240K)] 424095K->350431K(630784K), 0.0030069 secs] [Times: user=0.01 sys=0.00, real=0.00 secs] 
803.091: [GC (Allocation Failure) [PSYoungGen: 74080K->2400K(76288K)] 424159K->352487K(632832K), 0.0017444 secs] [Times: user=0.01 sys=0.00, real=0.00 secs] 
803.732: [GC (Allocation Failure) [PSYoungGen: 76128K->1376K(75264K)] 426215K->351463K(631808K), 0.0020603 secs] [Times: user=0.01 sys=0.00, real=0.00 secs] 
804.485: [GC (Allocation Failure) [PSYoungGen: 75104K->1376K(75264K)] 425191K->351463K(631808K), 0.0024189 secs] [Times: user=0.01 sys=0.00, real=0.01 secs] 
805.290: [GC (Allocation Failure) [PSYoungGen: 75104K->1344K(75264K)] 425191K->351431K(631808K), 0.0037988 secs] [Times: user=0.02 sys=0.00, real=0.00 secs] 
806.635: [GC (Allocation Failure) [PSYoungGen: 75072K->1536K(75776K)] 425159K->351623K(632320K), 0.0019667 secs] [Times: user=0.01 sys=0.00, real=0.01 secs] 
807.405: [GC (Allocation Failure) [PSYoungGen: 75264K->1344K(75776K)] 425351K->351431K(632320K), 0.0016143 secs] [Times: user=0.01 sys=0.00, real=0.01 secs] 
808.022: [GC (Allocation Failure) [PSYoungGen: 75072K->1408K(76288K)] 425159K->351495K(632832K), 0.0018619 secs] [Times: user=0.01 sys=0.00, real=0.00 secs] 
808.329: [GC (Allocation Failure) [PSYoungGen: 75136K->1344K(76288K)] 425223K->351431K(632832K), 0.0022544 secs] [Times: user=0.01 sys=0.00, real=0.00 secs] 
809.063: [GC (Allocation Failure) [PSYoungGen: 75072K->192K(76288K)] 425159K->350287K(632832K), 0.0015037 secs] [Times: user=0.01 sys=0.00, real=0.00 secs] 
809.711: [GC (Allocation Failure) [PSYoungGen: 73920K->1376K(76288K)] 424015K->351479K(632832K), 0.0017117 secs] [Times: user=0.01 sys=0.00, real=0.00 secs] 
810.353: [GC (Allocation Failure) [PSYoungGen: 75104K->1408K(76288K)] 425207K->351519K(632832K), 0.0016727 secs] [Times: user=0.01 sys=0.00, real=0.00 secs] 
810.698: [GC (Allocation Failure) [PSYoungGen: 75136K->1376K(76288K)] 425247K->351487K(632832K), 0.0017737 secs] [Times: user=0.01 sys=0.00, real=0.00 secs] 
811.569: [GC (Allocation Failure) [PSYoungGen: 75104K->1405K(76288K)] 425215K->351516K(632832K), 0.0015856 secs] [Times: user=0.00 sys=0.01, real=0.00 secs] 
812.054: [GC (Allocation Failure) [PSYoungGen: 75133K->1408K(75264K)] 425244K->351519K(631808K), 0.0018670 secs] [Times: user=0.01 sys=0.00, real=0.00 secs] 
812.407: [GC (Allocation Failure) [PSYoungGen: 75136K->1408K(75776K)] 425247K->351519K(632320K), 0.0021553 secs] [Times: user=0.01 sys=0.00, real=0.00 secs] 
812.727: [GC (Allocation Failure) [PSYoungGen: 75136K->1440K(75776K)] 425247K->351559K(632320K), 0.0021865 secs] [Times: user=0.01 sys=0.00, real=0.00 secs] 
813.353: [GC (Allocation Failure) [PSYoungGen: 75168K->1360K(75776K)] 425287K->351479K(632320K), 0.0015102 secs] [Times: user=0.00 sys=0.00, real=0.00 secs] 
814.137: [GC (Allocation Failure) [PSYoungGen: 75088K->1408K(75776K)] 425207K->351535K(632320K), 0.0016969 secs] [Times: user=0.01 sys=0.00, real=0.00 secs] 
814.938: [GC (Allocation Failure) [PSYoungGen: 75136K->1440K(75776K)] 425263K->351583K(632320K), 0.0023075 secs] [Times: user=0.01 sys=0.00, real=0.00 secs] 
815.733: [GC (Allocation Failure) [PSYoungGen: 75168K->1392K(75776K)] 425311K->351543K(632320K), 0.0027723 secs] [Times: user=0.02 sys=0.00, real=0.00 secs] 
816.697: [GC (Allocation Failure) [PSYoungGen: 75120K->1373K(75776K)] 425271K->351524K(632320K), 0.0015017 secs] [Times: user=0.01 sys=0.00, real=0.00 secs] 
817.614: [GC (Allocation Failure) [PSYoungGen: 75101K->1440K(75776K)] 425252K->351599K(632320K), 0.0026487 secs] [Times: user=0.01 sys=0.00, real=0.01 secs] 
818.430: [GC (Allocation Failure) [PSYoungGen: 75168K->1440K(75776K)] 425327K->351599K(632320K), 0.0025795 secs] [Times: user=0.01 sys=0.00, real=0.00 secs] 
819.162: [GC (Allocation Failure) [PSYoungGen: 75168K->1376K(75776K)] 425327K->351535K(632320K), 0.0023464 secs] [Times: user=0.01 sys=0.00, real=0.00 secs] 
819.928: [GC (Allocation Failure) [PSYoungGen: 75104K->1360K(75776K)] 425263K->351527K(632320K), 0.0023006 secs] [Times: user=0.01 sys=0.00, real=0.00 secs] 
820.831: [GC (Allocation Failure) [PSYoungGen: 75088K->1440K(75776K)] 425255K->351607K(632320K), 0.0034034 secs] [Times: user=0.01 sys=0.01, real=0.00 secs] 
821.451: [GC (Allocation Failure) [PSYoungGen: 75168K->1376K(75776K)] 425335K->351543K(632320K), 0.0023153 secs] [Times: user=0.00 sys=0.00, real=0.00 secs] 
821.790: [GC (Allocation Failure) [PSYoungGen: 75104K->1376K(75776K)] 425271K->351543K(632320K), 0.0020734 secs] [Times: user=0.01 sys=0.00, real=0.00 secs] 
822.202: [GC (Allocation Failure) [PSYoungGen: 75104K->1373K(75776K)] 425271K->351540K(632320K), 0.0019462 secs] [Times: user=0.01 sys=0.00, real=0.00 secs] 
823.220: [GC (Allocation Failure) [PSYoungGen: 75101K->1456K(75776K)] 425268K->351631K(632320K), 0.0019457 secs] [Times: user=0.01 sys=0.00, real=0.00 secs] 
823.567: [GC (Allocation Failure) [PSYoungGen: 75184K->1408K(75776K)] 425359K->351583K(632320K), 0.0020241 secs] [Times: user=0.01 sys=0.00, real=0.00 secs] 
823.873: [GC (Allocation Failure) [PSYoungGen: 75136K->1376K(75776K)] 425311K->351551K(632320K), 0.0020957 secs] [Times: user=0.01 sys=0.00, real=0.00 secs] 
824.218: [GC (Allocation Failure) [PSYoungGen: 75104K->1344K(75776K)] 425279K->351527K(632320K), 0.0020292 secs] [Times: user=0.01 sys=0.00, real=0.00 secs] 
824.980: [GC (Allocation Failure) [PSYoungGen: 75072K->1440K(75264K)] 425255K->351631K(631808K), 0.0019377 secs] [Times: user=0.01 sys=0.00, real=0.00 secs] 
825.378: [GC (Allocation Failure) [PSYoungGen: 75168K->1408K(75264K)] 425359K->351607K(631808K), 0.0021938 secs] [Times: user=0.00 sys=0.00, real=0.00 secs] 
825.685: [GC (Allocation Failure) [PSYoungGen: 75136K->1376K(81408K)] 425335K->351575K(637952K), 0.0018971 secs] [Times: user=0.01 sys=0.00, real=0.01 secs] 
826.249: [GC (Allocation Failure) [PSYoungGen: 81248K->1405K(80896K)] 431447K->351612K(637440K), 0.0015402 secs] [Times: user=0.00 sys=0.00, real=0.00 secs] 
828.239: [GC (Allocation Failure) [PSYoungGen: 80765K->1440K(80384K)] 430972K->351647K(636928K), 0.0031345 secs] [Times: user=0.01 sys=0.00, real=0.00 secs] 
829.322: [GC (Allocation Failure) [PSYoungGen: 80288K->1440K(79872K)] 430495K->351647K(636416K), 0.0036888 secs] [Times: user=0.02 sys=0.00, real=0.00 secs] 
830.364: [GC (Allocation Failure) [PSYoungGen: 79776K->1360K(79360K)] 429983K->351567K(635904K), 0.0036767 secs] [Times: user=0.01 sys=0.01, real=0.01 secs] 
831.645: [GC (Allocation Failure) [PSYoungGen: 79183K->128K(77824K)] 429390K->350335K(634368K), 0.0015243 secs] [Times: user=0.01 sys=0.00, real=0.00 secs] 
832.927: [GC (Allocation Failure) [PSYoungGen: 77440K->1376K(78336K)] 427647K->351583K(634880K), 0.0027664 secs] [Times: user=0.01 sys=0.00, real=0.00 secs] 
833.638: [GC (Allocation Failure) [PSYoungGen: 78176K->1408K(77824K)] 428383K->351615K(634368K), 0.0026912 secs] [Times: user=0.01 sys=0.00, real=0.00 secs] 
834.784: [GC (Allocation Failure) [PSYoungGen: 77696K->1376K(77312K)] 427903K->351583K(633856K), 0.0032435 secs] [Times: user=0.01 sys=0.00, real=0.01 secs] 
836.071: [GC (Allocation Failure) [PSYoungGen: 77152K->1888K(77312K)] 427359K->352103K(633856K), 0.0017859 secs] [Times: user=0.00 sys=0.00, real=0.00 secs] 
836.745: [GC (Allocation Failure) [PSYoungGen: 77152K->1376K(76288K)] 427367K->351591K(632832K), 0.0020021 secs] [Times: user=0.01 sys=0.00, real=0.01 secs] 
837.196: [GC (Allocation Failure) [PSYoungGen: 76128K->1376K(75776K)] 426343K->351591K(632320K), 0.0032663 secs] [Times: user=0.01 sys=0.00, real=0.01 secs] 
837.550: [GC (Allocation Failure) [PSYoungGen: 75616K->1376K(75264K)] 425831K->351591K(631808K), 0.0021193 secs] [Times: user=0.01 sys=0.00, real=0.00 secs] 
838.620: [GC (Allocation Failure) [PSYoungGen: 75104K->1888K(75776K)] 425319K->352119K(632320K), 0.0020425 secs] [Times: user=0.01 sys=0.00, real=0.00 secs] 
839.516: [GC (Allocation Failure) [PSYoungGen: 75616K->1376K(75264K)] 425847K->351615K(631808K), 0.0052586 secs] [Times: user=0.02 sys=0.00, real=0.01 secs] 
840.426: [GC (Allocation Failure) [PSYoungGen: 75104K->1376K(75776K)] 425343K->351615K(632320K), 0.0052677 secs] [Times: user=0.02 sys=0.00, real=0.01 secs] 
841.101: [GC (Allocation Failure) [PSYoungGen: 75104K->1344K(75776K)] 425343K->351591K(632320K), 0.0025008 secs] [Times: user=0.01 sys=0.00, real=0.00 secs] 
842.335: [GC (Allocation Failure) [PSYoungGen: 75072K->1696K(75776K)] 425319K->351943K(632320K), 0.0016774 secs] [Times: user=0.01 sys=0.00, real=0.01 secs] 
843.385: [GC (Allocation Failure) [PSYoungGen: 75424K->1376K(75776K)] 425671K->351623K(632320K), 0.0052798 secs] [Times: user=0.02 sys=0.00, real=0.01 secs] 
844.291: [GC (Allocation Failure) [PSYoungGen: 75104K->1376K(75776K)] 425351K->351623K(632320K), 0.0035805 secs] [Times: user=0.01 sys=0.00, real=0.00 secs] 
844.898: [GC (Allocation Failure) [PSYoungGen: 75104K->1392K(75776K)] 425351K->351639K(632320K), 0.0032810 secs] [Times: user=0.01 sys=0.00, real=0.00 secs] 
845.940: [GC (Allocation Failure) [PSYoungGen: 75120K->1376K(75776K)] 425367K->351623K(632320K), 0.0016863 secs] [Times: user=0.01 sys=0.00, real=0.00 secs] 
847.953: [GC (Allocation Failure) [PSYoungGen: 75104K->1376K(75776K)] 425351K->351623K(632320K), 0.0052857 secs] [Times: user=0.03 sys=0.00, real=0.01 secs] 
848.777: [GC (Allocation Failure) [PSYoungGen: 75104K->1408K(75776K)] 425351K->351655K(632320K), 0.0029608 secs] [Times: user=0.01 sys=0.00, real=0.00 secs] 
849.527: [GC (Allocation Failure) [PSYoungGen: 75136K->1376K(75776K)] 425383K->351631K(632320K), 0.0028618 secs] [Times: user=0.02 sys=0.00, real=0.00 secs] 
850.571: [GC (Allocation Failure) [PSYoungGen: 75104K->1373K(75776K)] 425359K->351628K(632320K), 0.0015292 secs] [Times: user=0.00 sys=0.00, real=0.00 secs] 
851.009: [GC (Allocation Failure) [PSYoungGen: 75101K->1408K(75776K)] 425356K->351663K(632320K), 0.0018798 secs] [Times: user=0.00 sys=0.00, real=0.00 secs] 
851.316: [GC (Allocation Failure) [PSYoungGen: 75136K->1360K(75776K)] 425391K->351615K(632320K), 0.0018556 secs] [Times: user=0.01 sys=0.00, real=0.01 secs] 
851.667: [GC (Allocation Failure) [PSYoungGen: 75088K->1408K(75776K)] 425343K->351663K(632320K), 0.0018932 secs] [Times: user=0.01 sys=0.00, real=0.00 secs] 
852.620: [GC (Allocation Failure) [PSYoungGen: 75136K->1373K(75776K)] 425391K->351628K(632320K), 0.0014960 secs] [Times: user=0.00 sys=0.00, real=0.00 secs] 
853.403: [GC (Allocation Failure) [PSYoungGen: 75101K->1440K(75776K)] 425356K->351703K(632320K), 0.0034443 secs] [Times: user=0.01 sys=0.00, real=0.01 secs] 
853.860: [GC (Allocation Failure) [PSYoungGen: 75168K->1376K(75776K)] 425431K->351639K(632320K), 0.0020429 secs] [Times: user=0.00 sys=0.00, real=0.00 secs] 
854.238: [GC (Allocation Failure) [PSYoungGen: 75104K->1344K(75776K)] 425367K->351615K(632320K), 0.0018171 secs] [Times: user=0.00 sys=0.00, real=0.00 secs] 
854.822: [GC (Allocation Failure) [PSYoungGen: 75072K->1373K(75776K)] 425343K->351644K(632320K), 0.0015002 secs] [Times: user=0.01 sys=0.00, real=0.00 secs] 
855.400: [GC (Allocation Failure) [PSYoungGen: 75101K->1456K(75776K)] 425372K->351727K(632320K), 0.0017646 secs] [Times: user=0.01 sys=0.00, real=0.00 secs] 
855.853: [GC (Allocation Failure) [PSYoungGen: 75184K->1408K(75776K)] 425455K->351679K(632320K), 0.0018286 secs] [Times: user=0.01 sys=0.00, real=0.00 secs] 
856.433: [GC (Allocation Failure) [PSYoungGen: 75136K->1440K(75776K)] 425407K->351719K(632320K), 0.0019542 secs] [Times: user=0.01 sys=0.00, real=0.00 secs] 
857.308: [GC (Allocation Failure) [PSYoungGen: 75168K->1405K(75264K)] 425447K->351692K(631808K), 0.0016334 secs] [Times: user=0.00 sys=0.00, real=0.00 secs] 
858.250: [GC (Allocation Failure) [PSYoungGen: 75133K->1440K(75264K)] 425420K->351735K(631808K), 0.0028026 secs] [Times: user=0.01 sys=0.00, real=0.00 secs] 
858.945: [GC (Allocation Failure) [PSYoungGen: 75168K->1408K(75264K)] 425463K->351711K(631808K), 0.0026625 secs] [Times: user=0.02 sys=0.00, real=0.01 secs] 
859.575: [GC (Allocation Failure) [PSYoungGen: 75136K->1408K(75264K)] 425439K->351719K(631808K), 0.0047939 secs] [Times: user=0.02 sys=0.00, real=0.01 secs] 
860.510: [GC (Allocation Failure) [PSYoungGen: 75136K->1373K(75264K)] 425447K->351684K(631808K), 0.0020993 secs] [Times: user=0.01 sys=0.00, real=0.00 secs] 
861.827: [GC (Allocation Failure) [PSYoungGen: 75101K->1408K(75264K)] 425412K->351719K(631808K), 0.0020189 secs] [Times: user=0.01 sys=0.00, real=0.00 secs] 
862.893: [GC (Allocation Failure) [PSYoungGen: 75136K->1376K(75264K)] 425447K->351687K(631808K), 0.0035494 secs] [Times: user=0.01 sys=0.00, real=0.00 secs] 
863.631: [GC (Allocation Failure) [PSYoungGen: 75104K->1424K(75264K)] 425415K->351735K(631808K), 0.0035847 secs] [Times: user=0.01 sys=0.00, real=0.00 secs] 
864.394: [GC (Allocation Failure) [PSYoungGen: 75141K->240K(75264K)] 425453K->350559K(631808K), 0.0031531 secs] [Times: user=0.02 sys=0.00, real=0.01 secs] 
865.499: [GC (Allocation Failure) [PSYoungGen: 73968K->1392K(75776K)] 424287K->351711K(632320K), 0.0028287 secs] [Times: user=0.01 sys=0.00, real=0.00 secs] 
865.807: [GC (Allocation Failure) [PSYoungGen: 75120K->1408K(75776K)] 425439K->351727K(632320K), 0.0020503 secs] [Times: user=0.00 sys=0.00, real=0.00 secs] 
866.115: [GC (Allocation Failure) [PSYoungGen: 75136K->1376K(75776K)] 425455K->351695K(632320K), 0.0021043 secs] [Times: user=0.01 sys=0.00, real=0.01 secs] 
866.421: [GC (Allocation Failure) [PSYoungGen: 75104K->1376K(75776K)] 425423K->351703K(632320K), 0.0019762 secs] [Times: user=0.01 sys=0.00, real=0.00 secs] 
867.189: [GC (Allocation Failure) [PSYoungGen: 75104K->1408K(75264K)] 425431K->351735K(631808K), 0.0018793 secs] [Times: user=0.00 sys=0.00, real=0.00 secs] 
867.495: [GC (Allocation Failure) [PSYoungGen: 75136K->1408K(82944K)] 425463K->351735K(639488K), 0.0019575 secs] [Times: user=0.01 sys=0.00, real=0.01 secs] 
867.832: [GC (Allocation Failure) [PSYoungGen: 82304K->1360K(82944K)] 432631K->351687K(639488K), 0.0018577 secs] [Times: user=0.01 sys=0.00, real=0.00 secs] 
868.554: [GC (Allocation Failure) [PSYoungGen: 82256K->1373K(81920K)] 432583K->351716K(638464K), 0.0016932 secs] [Times: user=0.01 sys=0.00, real=0.00 secs] 
869.143: [GC (Allocation Failure) [PSYoungGen: 81757K->1376K(81408K)] 432100K->351719K(637952K), 0.0021967 secs] [Times: user=0.01 sys=0.00, real=0.00 secs] 
869.475: [GC (Allocation Failure) [PSYoungGen: 81248K->1376K(80896K)] 431591K->351719K(637440K), 0.0021540 secs] [Times: user=0.00 sys=0.00, real=0.01 secs] 
869.830: [GC (Allocation Failure) [PSYoungGen: 80736K->1408K(81408K)] 431079K->351751K(637952K), 0.0025426 secs] [Times: user=0.01 sys=0.00, real=0.00 secs] 
870.776: [GC (Allocation Failure) [PSYoungGen: 80768K->1440K(80384K)] 431111K->351783K(636928K), 0.0019233 secs] [Times: user=0.01 sys=0.00, real=0.01 secs] 
871.484: [GC (Allocation Failure) [PSYoungGen: 80288K->1376K(80896K)] 430631K->351719K(637440K), 0.0042680 secs] [Times: user=0.02 sys=0.00, real=0.01 secs] 
872.111: [GC (Allocation Failure) [PSYoungGen: 80224K->1408K(79872K)] 430567K->351751K(636416K), 0.0022884 secs] [Times: user=0.01 sys=0.00, real=0.00 secs] 
872.541: [GC (Allocation Failure) [PSYoungGen: 79744K->1376K(79360K)] 430087K->351719K(635904K), 0.0022303 secs] [Times: user=0.00 sys=0.00, real=0.00 secs] 
873.958: [GC (Allocation Failure) [PSYoungGen: 79200K->1408K(78848K)] 429543K->351767K(635392K), 0.0037792 secs] [Times: user=0.01 sys=0.00, real=0.00 secs] 
875.375: [GC (Allocation Failure) [PSYoungGen: 78720K->1376K(78336K)] 429079K->351743K(634880K), 0.0028096 secs] [Times: user=0.01 sys=0.00, real=0.01 secs] 
876.373: [GC (Allocation Failure) [PSYoungGen: 78176K->1408K(77824K)] 428543K->351775K(634368K), 0.0022194 secs] [Times: user=0.01 sys=0.00, real=0.00 secs] 
877.170: [GC (Allocation Failure) [PSYoungGen: 77696K->384K(76288K)] 428063K->351775K(632832K), 0.0023113 secs] [Times: user=0.01 sys=0.00, real=0.00 secs] 
878.210: [GC (Allocation Failure) [PSYoungGen: 76160K->1376K(77312K)] 427551K->352767K(633856K), 0.0015012 secs] [Times: user=0.01 sys=0.00, real=0.00 secs] 
878.522: [GC (Allocation Failure) [PSYoungGen: 76640K->1424K(76288K)] 428031K->352815K(632832K), 0.0017224 secs] [Times: user=0.00 sys=0.00, real=0.00 secs] 
878.849: [GC (Allocation Failure) [PSYoungGen: 76176K->1408K(75776K)] 427567K->352799K(632320K), 0.0017801 secs] [Times: user=0.01 sys=0.00, real=0.00 secs] 
879.156: [GC (Allocation Failure) [PSYoungGen: 75648K->1376K(75264K)] 427039K->352767K(631808K), 0.0015295 secs] [Times: user=0.00 sys=0.00, real=0.00 secs] 
880.179: [GC (Allocation Failure) [PSYoungGen: 75104K->1440K(75264K)] 426495K->352831K(631808K), 0.0019384 secs] [Times: user=0.01 sys=0.00, real=0.00 secs] 
880.943: [GC (Allocation Failure) [PSYoungGen: 75168K->1408K(75776K)] 426559K->352799K(632320K), 0.0021239 secs] [Times: user=0.01 sys=0.00, real=0.00 secs] 
881.589: [GC (Allocation Failure) [PSYoungGen: 75136K->1376K(75776K)] 426527K->352767K(632320K), 0.0023761 secs] [Times: user=0.01 sys=0.00, real=0.00 secs] 
882.428: [GC (Allocation Failure) [PSYoungGen: 75104K->1408K(75776K)] 426495K->352799K(632320K), 0.0028419 secs] [Times: user=0.01 sys=0.01, real=0.00 secs] 
883.997: [GC (Allocation Failure) [PSYoungGen: 75136K->1376K(75776K)] 426527K->352767K(632320K), 0.0022133 secs] [Times: user=0.01 sys=0.00, real=0.00 secs] 
884.816: [GC (Allocation Failure) [PSYoungGen: 75104K->1440K(75776K)] 426495K->352831K(632320K), 0.0026262 secs] [Times: user=0.01 sys=0.00, real=0.01 secs] 
885.504: [GC (Allocation Failure) [PSYoungGen: 75168K->1408K(75776K)] 426559K->352799K(632320K), 0.0023342 secs] [Times: user=0.01 sys=0.00, real=0.01 secs] 
886.147: [GC (Allocation Failure) [PSYoungGen: 75136K->1408K(75776K)] 426527K->352799K(632320K), 0.0022455 secs] [Times: user=0.01 sys=0.00, real=0.00 secs] 
887.067: [GC (Allocation Failure) [PSYoungGen: 75136K->1376K(75776K)] 426527K->352783K(632320K), 0.0015057 secs] [Times: user=0.00 sys=0.01, real=0.00 secs] 
887.554: [GC (Allocation Failure) [PSYoungGen: 75104K->1344K(75776K)] 426511K->352751K(632320K), 0.0018020 secs] [Times: user=0.01 sys=0.00, real=0.00 secs] 
888.127: [GC (Allocation Failure) [PSYoungGen: 75072K->1408K(75776K)] 426479K->352815K(632320K), 0.0017157 secs] [Times: user=0.00 sys=0.00, real=0.00 secs] 
888.837: [GC (Allocation Failure) [PSYoungGen: 75136K->1376K(75776K)] 426543K->352783K(632320K), 0.0020470 secs] [Times: user=0.01 sys=0.00, real=0.00 secs] 
889.986: [GC (Allocation Failure) [PSYoungGen: 75104K->1392K(75776K)] 426511K->352799K(632320K), 0.0019025 secs] [Times: user=0.01 sys=0.00, real=0.01 secs] 
890.772: [GC (Allocation Failure) [PSYoungGen: 75120K->1376K(75264K)] 426527K->352783K(631808K), 0.0044432 secs] [Times: user=0.02 sys=0.00, real=0.01 secs] 
891.717: [GC (Allocation Failure) [PSYoungGen: 75104K->1440K(75264K)] 426511K->352847K(631808K), 0.0037471 secs] [Times: user=0.01 sys=0.00, real=0.00 secs] 
892.546: [GC (Allocation Failure) [PSYoungGen: 75168K->320K(74752K)] 426575K->352751K(631296K), 0.0030567 secs] [Times: user=0.02 sys=0.01, real=0.01 secs] 
893.673: [GC (Allocation Failure) [PSYoungGen: 74048K->1408K(75776K)] 426479K->353839K(632320K), 0.0016560 secs] [Times: user=0.00 sys=0.00, real=0.00 secs] 
894.430: [GC (Allocation Failure) [PSYoungGen: 75136K->1376K(75776K)] 427567K->353807K(632320K), 0.0037002 secs] [Times: user=0.02 sys=0.00, real=0.00 secs] 
895.016: [GC (Allocation Failure) [PSYoungGen: 75104K->1376K(75776K)] 427535K->353807K(632320K), 0.0033574 secs] [Times: user=0.01 sys=0.00, real=0.01 secs] 
895.700: [GC (Allocation Failure) [PSYoungGen: 75104K->1376K(75776K)] 427535K->353807K(632320K), 0.0028673 secs] [Times: user=0.01 sys=0.00, real=0.00 secs] 
896.857: [GC (Allocation Failure) [PSYoungGen: 75104K->1376K(75776K)] 427535K->353807K(632320K), 0.0017436 secs] [Times: user=0.01 sys=0.00, real=0.00 secs] 
897.245: [GC (Allocation Failure) [PSYoungGen: 75104K->1376K(75776K)] 427535K->353815K(632320K), 0.0017447 secs] [Times: user=0.00 sys=0.01, real=0.01 secs] 
897.551: [GC (Allocation Failure) [PSYoungGen: 75104K->1344K(75776K)] 427543K->353783K(632320K), 0.0017099 secs] [Times: user=0.00 sys=0.00, real=0.00 secs] 
897.905: [GC (Allocation Failure) [PSYoungGen: 75072K->1376K(75776K)] 427511K->353815K(632320K), 0.0029794 secs] [Times: user=0.01 sys=0.00, real=0.01 secs] 
898.803: [GC (Allocation Failure) [PSYoungGen: 75104K->1424K(75776K)] 427543K->353863K(632320K), 0.0018915 secs] [Times: user=0.00 sys=0.00, real=0.00 secs] 
899.548: [GC (Allocation Failure) [PSYoungGen: 75152K->1344K(75776K)] 427591K->353783K(632320K), 0.0023231 secs] [Times: user=0.01 sys=0.00, real=0.00 secs] 
900.218: [GC (Allocation Failure) [PSYoungGen: 75072K->1360K(75776K)] 427511K->353799K(632320K), 0.0043655 secs] [Times: user=0.02 sys=0.00, real=0.00 secs] 
901.039: [GC (Allocation Failure) [PSYoungGen: 75088K->1376K(75776K)] 427527K->353815K(632320K), 0.0031078 secs] [Times: user=0.01 sys=0.00, real=0.00 secs] 
902.196: [GC (Allocation Failure) [PSYoungGen: 75104K->1408K(75776K)] 427543K->353847K(632320K), 0.0037138 secs] [Times: user=0.02 sys=0.00, real=0.01 secs] 
903.049: [GC (Allocation Failure) [PSYoungGen: 75136K->1424K(75776K)] 427575K->353863K(632320K), 0.0032907 secs] [Times: user=0.01 sys=0.00, real=0.00 secs] 
903.468: [GC (Allocation Failure) [PSYoungGen: 75152K->1344K(75776K)] 427591K->353783K(632320K), 0.0020177 secs] [Times: user=0.01 sys=0.00, real=0.00 secs] 
903.817: [GC (Allocation Failure) [PSYoungGen: 75072K->1376K(75776K)] 427511K->353815K(632320K), 0.0020313 secs] [Times: user=0.01 sys=0.00, real=0.00 secs] 
904.819: [GC (Allocation Failure) [PSYoungGen: 75104K->1408K(75776K)] 427543K->353847K(632320K), 0.0019301 secs] [Times: user=0.01 sys=0.00, real=0.00 secs] 
905.366: [GC (Allocation Failure) [PSYoungGen: 75136K->1376K(75264K)] 427575K->353815K(631808K), 0.0020608 secs] [Times: user=0.01 sys=0.00, real=0.01 secs] 
905.828: [GC (Allocation Failure) [PSYoungGen: 75104K->1376K(75264K)] 427543K->353823K(631808K), 0.0022555 secs] [Times: user=0.00 sys=0.00, real=0.00 secs] 
906.628: [GC (Allocation Failure) [PSYoungGen: 75104K->384K(74752K)] 427551K->353855K(631296K), 0.0024146 secs] [Times: user=0.01 sys=0.00, real=0.00 secs] 
907.860: [GC (Allocation Failure) [PSYoungGen: 74112K->1408K(75776K)] 427583K->354879K(632320K), 0.0019361 secs] [Times: user=0.01 sys=0.00, real=0.00 secs] 
908.787: [GC (Allocation Failure) [PSYoungGen: 75136K->1408K(75776K)] 428607K->354879K(632320K), 0.0042963 secs] [Times: user=0.02 sys=0.00, real=0.00 secs] 
909.725: [GC (Allocation Failure) [PSYoungGen: 75136K->1344K(75776K)] 428607K->354815K(632320K), 0.0035421 secs] [Times: user=0.01 sys=0.00, real=0.01 secs] 
910.814: [GC (Allocation Failure) [PSYoungGen: 75072K->1408K(75776K)] 428543K->354887K(632320K), 0.0057611 secs] [Times: user=0.03 sys=0.00, real=0.01 secs] 
912.422: [GC (Allocation Failure) [PSYoungGen: 75136K->1952K(75776K)] 428615K->355431K(632320K), 0.0019008 secs] [Times: user=0.01 sys=0.00, real=0.00 secs] 
913.228: [GC (Allocation Failure) [PSYoungGen: 75680K->1376K(75776K)] 429159K->354855K(632320K), 0.0023830 secs] [Times: user=0.01 sys=0.00, real=0.00 secs] 
914.017: [GC (Allocation Failure) [PSYoungGen: 75104K->1376K(75776K)] 428583K->354855K(632320K), 0.0026862 secs] [Times: user=0.01 sys=0.00, real=0.00 secs] 
914.712: [GC (Allocation Failure) [PSYoungGen: 75104K->1376K(75776K)] 428583K->354855K(632320K), 0.0026469 secs] [Times: user=0.01 sys=0.00, real=0.00 secs] 
915.724: [GC (Allocation Failure) [PSYoungGen: 75104K->1648K(75776K)] 428583K->355135K(632320K), 0.0017579 secs] [Times: user=0.00 sys=0.00, real=0.00 secs] 
916.090: [GC (Allocation Failure) [PSYoungGen: 75376K->1392K(75776K)] 428863K->354879K(632320K), 0.0021521 secs] [Times: user=0.01 sys=0.00, real=0.00 secs] 
916.397: [GC (Allocation Failure) [PSYoungGen: 75120K->1344K(75776K)] 428607K->354831K(632320K), 0.0021260 secs] [Times: user=0.01 sys=0.00, real=0.00 secs] 
916.703: [GC (Allocation Failure) [PSYoungGen: 75072K->1376K(75776K)] 428559K->354863K(632320K), 0.0019113 secs] [Times: user=0.01 sys=0.00, real=0.00 secs] 
917.578: [GC (Allocation Failure) [PSYoungGen: 75104K->1536K(75776K)] 428591K->355031K(632320K), 0.0017216 secs] [Times: user=0.01 sys=0.00, real=0.00 secs] 
917.912: [GC (Allocation Failure) [PSYoungGen: 75264K->1376K(75776K)] 428759K->354871K(632320K), 0.0017586 secs] [Times: user=0.01 sys=0.00, real=0.00 secs] 
918.294: [GC (Allocation Failure) [PSYoungGen: 75104K->1376K(75776K)] 428599K->354871K(632320K), 0.0019094 secs] [Times: user=0.00 sys=0.00, real=0.00 secs] 
918.620: [GC (Allocation Failure) [PSYoungGen: 75104K->1376K(75776K)] 428599K->354879K(632320K), 0.0020786 secs] [Times: user=0.00 sys=0.00, real=0.00 secs] 
919.392: [GC (Allocation Failure) [PSYoungGen: 74658K->224K(75776K)] 428162K->353727K(632320K), 0.0014552 secs] [Times: user=0.01 sys=0.00, real=0.00 secs] 
919.774: [GC (Allocation Failure) [PSYoungGen: 73952K->1408K(75776K)] 427455K->354911K(632320K), 0.0018702 secs] [Times: user=0.01 sys=0.00, real=0.00 secs] 
920.168: [GC (Allocation Failure) [PSYoungGen: 75136K->1392K(75776K)] 428639K->354895K(632320K), 0.0022293 secs] [Times: user=0.01 sys=0.00, real=0.00 secs] 
920.710: [GC (Allocation Failure) [PSYoungGen: 75120K->1376K(75776K)] 428623K->354879K(632320K), 0.0025190 secs] [Times: user=0.01 sys=0.00, real=0.00 secs] 
921.606: [GC (Allocation Failure) [PSYoungGen: 75104K->1373K(75776K)] 428607K->354876K(632320K), 0.0013556 secs] [Times: user=0.01 sys=0.00, real=0.01 secs] 
922.407: [GC (Allocation Failure) [PSYoungGen: 75101K->1408K(75776K)] 428604K->354911K(632320K), 0.0023172 secs] [Times: user=0.01 sys=0.00, real=0.00 secs] 
923.152: [GC (Allocation Failure) [PSYoungGen: 75136K->1344K(75776K)] 428639K->354847K(632320K), 0.0045374 secs] [Times: user=0.02 sys=0.00, real=0.01 secs] 
923.991: [GC (Allocation Failure) [PSYoungGen: 75072K->1344K(75776K)] 428575K->354855K(632320K), 0.0034631 secs] [Times: user=0.02 sys=0.00, real=0.00 secs] 
925.144: [GC (Allocation Failure) [PSYoungGen: 75072K->1373K(75776K)] 428583K->354884K(632320K), 0.0015850 secs] [Times: user=0.01 sys=0.00, real=0.00 secs] 
925.637: [GC (Allocation Failure) [PSYoungGen: 75101K->1408K(75776K)] 428612K->354919K(632320K), 0.0017883 secs] [Times: user=0.00 sys=0.00, real=0.00 secs] 
926.302: [GC (Allocation Failure) [PSYoungGen: 75136K->1376K(75776K)] 428647K->354887K(632320K), 0.0018057 secs] [Times: user=0.01 sys=0.00, real=0.00 secs] 
927.344: [GC (Allocation Failure) [PSYoungGen: 75104K->1408K(75776K)] 428615K->354919K(632320K), 0.0045469 secs] [Times: user=0.02 sys=0.00, real=0.01 secs] 
928.925: [GC (Allocation Failure) [PSYoungGen: 75136K->1373K(75776K)] 428647K->354884K(632320K), 0.0015532 secs] [Times: user=0.01 sys=0.00, real=0.00 secs] 
930.551: [GC (Allocation Failure) [PSYoungGen: 75101K->1408K(75776K)] 428612K->354919K(632320K), 0.0052376 secs] [Times: user=0.02 sys=0.00, real=0.01 secs] 
931.402: [GC (Allocation Failure) [PSYoungGen: 75136K->1376K(75776K)] 428647K->354887K(632320K), 0.0041395 secs] [Times: user=0.02 sys=0.00, real=0.01 secs] 
932.043: [GC (Allocation Failure) [PSYoungGen: 75104K->1376K(75776K)] 428615K->354887K(632320K), 0.0024011 secs] [Times: user=0.01 sys=0.00, real=0.00 secs] 
932.892: [GC (Allocation Failure) [PSYoungGen: 75104K->1373K(75776K)] 428615K->354884K(632320K), 0.0020751 secs] [Times: user=0.00 sys=0.00, real=0.00 secs] 
934.074: [GC (Allocation Failure) [PSYoungGen: 75101K->1440K(75776K)] 428612K->354951K(632320K), 0.0022873 secs] [Times: user=0.01 sys=0.00, real=0.00 secs] 
934.635: [GC (Allocation Failure) [PSYoungGen: 75168K->1344K(75776K)] 428679K->354855K(632320K), 0.0018145 secs] [Times: user=0.00 sys=0.00, real=0.01 secs] 
935.187: [GC (Allocation Failure) [PSYoungGen: 75072K->1408K(75776K)] 428583K->354919K(632320K), 0.0034189 secs] [Times: user=0.01 sys=0.00, real=0.00 secs] 
935.866: [GC (Allocation Failure) [PSYoungGen: 75136K->1373K(75264K)] 428647K->354884K(631808K), 0.0026326 secs] [Times: user=0.01 sys=0.00, real=0.01 secs] 
937.072: [GC (Allocation Failure) [PSYoungGen: 75101K->1408K(75264K)] 428612K->354919K(631808K), 0.0047977 secs] [Times: user=0.02 sys=0.00, real=0.01 secs] 
937.573: [GC (Allocation Failure) [PSYoungGen: 75136K->1376K(75264K)] 428647K->354887K(631808K), 0.0030619 secs] [Times: user=0.01 sys=0.00, real=0.00 secs] 
938.108: [GC (Allocation Failure) [PSYoungGen: 75104K->1408K(75264K)] 428615K->354927K(631808K), 0.0036458 secs] [Times: user=0.02 sys=0.00, real=0.00 secs] 
938.672: [GC (Allocation Failure) [PSYoungGen: 75136K->1408K(75264K)] 428655K->354927K(631808K), 0.0028133 secs] [Times: user=0.01 sys=0.00, real=0.00 secs] 
939.493: [GC (Allocation Failure) [PSYoungGen: 75136K->1376K(75264K)] 428655K->354895K(631808K), 0.0017263 secs] [Times: user=0.00 sys=0.00, real=0.00 secs] 
939.992: [GC (Allocation Failure) [PSYoungGen: 75104K->1408K(75264K)] 428623K->354927K(631808K), 0.0021448 secs] [Times: user=0.01 sys=0.00, real=0.00 secs] 
940.569: [GC (Allocation Failure) [PSYoungGen: 75136K->1392K(75264K)] 428655K->354911K(631808K), 0.0020486 secs] [Times: user=0.01 sys=0.00, real=0.00 secs] 
941.166: [GC (Allocation Failure) [PSYoungGen: 75120K->1392K(75264K)] 428639K->354911K(631808K), 0.0043145 secs] [Times: user=0.02 sys=0.00, real=0.00 secs] 
942.378: [GC (Allocation Failure) [PSYoungGen: 75120K->1392K(75264K)] 428639K->354911K(631808K), 0.0029286 secs] [Times: user=0.02 sys=0.00, real=0.00 secs] 
942.690: [GC (Allocation Failure) [PSYoungGen: 75120K->1376K(75264K)] 428639K->354895K(631808K), 0.0021025 secs] [Times: user=0.01 sys=0.01, real=0.00 secs] 
943.124: [GC (Allocation Failure) [PSYoungGen: 75104K->1376K(82432K)] 428623K->354895K(638976K), 0.0020730 secs] [Times: user=0.00 sys=0.00, real=0.00 secs] 
943.732: [GC (Allocation Failure) [PSYoungGen: 82261K->256K(81920K)] 435780K->353791K(638464K), 0.0020236 secs] [Times: user=0.01 sys=0.00, real=0.00 secs] 
944.932: [GC (Allocation Failure) [PSYoungGen: 80640K->1440K(81408K)] 434175K->354975K(637952K), 0.0023688 secs] [Times: user=0.01 sys=0.00, real=0.00 secs] 
945.338: [GC (Allocation Failure) [PSYoungGen: 81312K->1408K(80896K)] 434847K->354951K(637440K), 0.0020983 secs] [Times: user=0.00 sys=0.00, real=0.00 secs] 
945.723: [GC (Allocation Failure) [PSYoungGen: 80768K->1376K(80384K)] 434311K->354919K(636928K), 0.0020014 secs] [Times: user=0.01 sys=0.00, real=0.00 secs] 
946.502: [GC (Allocation Failure) [PSYoungGen: 80224K->1552K(80384K)] 433767K->355095K(636928K), 0.0018509 secs] [Times: user=0.01 sys=0.00, real=0.00 secs] 
946.824: [GC (Allocation Failure) [PSYoungGen: 79888K->1344K(79360K)] 433431K->354887K(635904K), 0.0017478 secs] [Times: user=0.00 sys=0.01, real=0.00 secs] 
947.203: [GC (Allocation Failure) [PSYoungGen: 79168K->1344K(78848K)] 432711K->354887K(635392K), 0.0019409 secs] [Times: user=0.01 sys=0.00, real=0.00 secs] 
947.574: [GC (Allocation Failure) [PSYoungGen: 78656K->1344K(78336K)] 432199K->354887K(634880K), 0.0019058 secs] [Times: user=0.01 sys=0.00, real=0.00 secs] 
948.491: [GC (Allocation Failure) [PSYoungGen: 78144K->1440K(77824K)] 431687K->354983K(634368K), 0.0021296 secs] [Times: user=0.01 sys=0.00, real=0.00 secs] 
949.171: [GC (Allocation Failure) [PSYoungGen: 77728K->1376K(77312K)] 431271K->354919K(633856K), 0.0036811 secs] [Times: user=0.02 sys=0.00, real=0.00 secs] 
949.783: [GC (Allocation Failure) [PSYoungGen: 77152K->1344K(76800K)] 430695K->354887K(633344K), 0.0031004 secs] [Times: user=0.01 sys=0.00, real=0.00 secs] 
950.414: [GC (Allocation Failure) [PSYoungGen: 76608K->1344K(76288K)] 430151K->354887K(632832K), 0.0022936 secs] [Times: user=0.01 sys=0.00, real=0.00 secs] 
951.431: [GC (Allocation Failure) [PSYoungGen: 76096K->1408K(75776K)] 429639K->354951K(632320K), 0.0020441 secs] [Times: user=0.01 sys=0.00, real=0.00 secs] 
951.766: [GC (Allocation Failure) [PSYoungGen: 75648K->1344K(75264K)] 429191K->354887K(631808K), 0.0017368 secs] [Times: user=0.01 sys=0.00, real=0.01 secs] 
952.171: [GC (Allocation Failure) [PSYoungGen: 75072K->1376K(75264K)] 428615K->354919K(631808K), 0.0018048 secs] [Times: user=0.00 sys=0.00, real=0.00 secs] 
952.855: [GC (Allocation Failure) [PSYoungGen: 75104K->1408K(75776K)] 428647K->354951K(632320K), 0.0021976 secs] [Times: user=0.01 sys=0.00, real=0.01 secs] 
954.149: [GC (Allocation Failure) [PSYoungGen: 75136K->1408K(75776K)] 428679K->354951K(632320K), 0.0036036 secs] [Times: user=0.01 sys=0.00, real=0.00 secs] 
955.180: [GC (Allocation Failure) [PSYoungGen: 75136K->1376K(75264K)] 428679K->354927K(631808K), 0.0046052 secs] [Times: user=0.02 sys=0.00, real=0.00 secs] 
955.538: [GC (Allocation Failure) [PSYoungGen: 75104K->1344K(75264K)] 428655K->354895K(631808K), 0.0021497 secs] [Times: user=0.01 sys=0.00, real=0.00 secs] 
955.844: [GC (Allocation Failure) [PSYoungGen: 75072K->352K(74752K)] 428623K->354927K(631296K), 0.0017992 secs] [Times: user=0.01 sys=0.00, real=0.00 secs] 
957.307: [GC (Allocation Failure) [PSYoungGen: 74080K->1408K(75776K)] 428655K->355983K(632320K), 0.0052984 secs] [Times: user=0.02 sys=0.00, real=0.00 secs] 
958.561: [GC (Allocation Failure) [PSYoungGen: 75136K->1360K(75776K)] 429711K->355935K(632320K), 0.0036289 secs] [Times: user=0.02 sys=0.00, real=0.00 secs] 
959.534: [GC (Allocation Failure) [PSYoungGen: 75088K->1312K(75776K)] 429663K->355887K(632320K), 0.0038510 secs] [Times: user=0.02 sys=0.00, real=0.01 secs] 
960.650: [GC (Allocation Failure) [PSYoungGen: 75040K->1376K(75776K)] 429615K->355951K(632320K), 0.0035773 secs] [Times: user=0.01 sys=0.00, real=0.00 secs] 
962.082: [GC (Allocation Failure) [PSYoungGen: 75104K->1408K(75776K)] 429679K->355991K(632320K), 0.0026636 secs] [Times: user=0.01 sys=0.00, real=0.00 secs] 
962.681: [GC (Allocation Failure) [PSYoungGen: 75136K->1360K(75776K)] 429719K->355943K(632320K), 0.0022783 secs] [Times: user=0.01 sys=0.00, real=0.00 secs] 
963.308: [GC (Allocation Failure) [PSYoungGen: 75088K->1376K(75776K)] 429671K->355959K(632320K), 0.0020231 secs] [Times: user=0.01 sys=0.00, real=0.00 secs] 
963.960: [GC (Allocation Failure) [PSYoungGen: 75104K->1440K(75776K)] 429687K->356031K(632320K), 0.0025830 secs] [Times: user=0.01 sys=0.00, real=0.00 secs] 
964.977: [GC (Allocation Failure) [PSYoungGen: 75168K->1936K(75776K)] 429759K->356527K(632320K), 0.0021398 secs] [Times: user=0.01 sys=0.00, real=0.00 secs] 
965.331: [GC (Allocation Failure) [PSYoungGen: 75664K->1408K(75776K)] 430255K->355999K(632320K), 0.0021170 secs] [Times: user=0.00 sys=0.00, real=0.00 secs] 
966.037: [GC (Allocation Failure) [PSYoungGen: 75136K->1376K(75776K)] 429727K->355967K(632320K), 0.0026446 secs] [Times: user=0.01 sys=0.01, real=0.00 secs] 
967.033: [GC (Allocation Failure) [PSYoungGen: 75104K->1376K(75776K)] 429695K->355967K(632320K), 0.0030142 secs] [Times: user=0.01 sys=0.00, real=0.00 secs] 
968.779: [GC (Allocation Failure) [PSYoungGen: 75104K->1952K(75776K)] 429695K->356551K(632320K), 0.0023962 secs] [Times: user=0.01 sys=0.00, real=0.00 secs] 
970.061: [GC (Allocation Failure) [PSYoungGen: 75680K->1344K(75776K)] 430279K->355943K(632320K), 0.0029004 secs] [Times: user=0.01 sys=0.00, real=0.00 secs] 
970.780: [GC (Allocation Failure) [PSYoungGen: 75072K->1408K(75776K)] 429671K->356007K(632320K), 0.0028585 secs] [Times: user=0.02 sys=0.00, real=0.00 secs] 
971.636: [GC (Allocation Failure) [PSYoungGen: 75136K->1392K(75776K)] 429735K->355991K(632320K), 0.0029010 secs] [Times: user=0.01 sys=0.00, real=0.00 secs] 
972.852: [GC (Allocation Failure) [PSYoungGen: 75120K->1440K(75776K)] 429719K->356039K(632320K), 0.0015242 secs] [Times: user=0.01 sys=0.00, real=0.00 secs] 
973.511: [GC (Allocation Failure) [PSYoungGen: 75168K->1376K(75776K)] 429767K->355975K(632320K), 0.0020625 secs] [Times: user=0.00 sys=0.01, real=0.00 secs] 
974.329: [GC (Allocation Failure) [PSYoungGen: 75103K->1408K(75776K)] 429703K->356007K(632320K), 0.0028146 secs] [Times: user=0.01 sys=0.00, real=0.00 secs] 
974.762: [GC (Allocation Failure) [PSYoungGen: 75136K->1408K(75776K)] 429735K->356015K(632320K), 0.0020253 secs] [Times: user=0.01 sys=0.00, real=0.00 secs] 
975.467: [GC (Allocation Failure) [PSYoungGen: 75136K->1373K(75776K)] 429743K->355980K(632320K), 0.0015552 secs] [Times: user=0.00 sys=0.00, real=0.00 secs] 
977.070: [GC (Allocation Failure) [PSYoungGen: 75101K->1408K(75776K)] 429708K->356015K(632320K), 0.0033181 secs] [Times: user=0.02 sys=0.00, real=0.00 secs] 
977.824: [GC (Allocation Failure) [PSYoungGen: 75136K->1392K(75776K)] 429743K->355999K(632320K), 0.0025790 secs] [Times: user=0.01 sys=0.01, real=0.01 secs] 
978.790: [GC (Allocation Failure) [PSYoungGen: 75120K->1408K(75776K)] 429727K->356015K(632320K), 0.0034691 secs] [Times: user=0.01 sys=0.00, real=0.00 secs] 
979.815: [GC (Allocation Failure) [PSYoungGen: 75136K->1373K(75776K)] 429743K->355996K(632320K), 0.0015589 secs] [Times: user=0.00 sys=0.00, real=0.01 secs] 
980.583: [GC (Allocation Failure) [PSYoungGen: 75101K->1440K(75776K)] 429724K->356063K(632320K), 0.0018714 secs] [Times: user=0.01 sys=0.00, real=0.00 secs] 
981.003: [GC (Allocation Failure) [PSYoungGen: 75168K->1408K(75776K)] 429791K->356031K(632320K), 0.0018274 secs] [Times: user=0.00 sys=0.00, real=0.00 secs] 
981.310: [GC (Allocation Failure) [PSYoungGen: 75136K->1408K(75776K)] 429759K->356039K(632320K), 0.0018369 secs] [Times: user=0.00 sys=0.00, real=0.00 secs] 
981.863: [GC (Allocation Failure) [PSYoungGen: 75136K->1373K(75776K)] 429767K->356012K(632320K), 0.0016432 secs] [Times: user=0.01 sys=0.00, real=0.00 secs] 
983.433: [GC (Allocation Failure) [PSYoungGen: 75101K->1408K(75264K)] 429740K->356047K(631808K), 0.0032113 secs] [Times: user=0.01 sys=0.00, real=0.00 secs] 
984.159: [GC (Allocation Failure) [PSYoungGen: 75136K->1408K(75264K)] 429775K->356047K(631808K), 0.0027756 secs] [Times: user=0.01 sys=0.00, real=0.00 secs] 
984.493: [GC (Allocation Failure) [PSYoungGen: 75136K->352K(74752K)] 429775K->356015K(631296K), 0.0019859 secs] [Times: user=0.01 sys=0.00, real=0.00 secs] 
984.976: [GC (Allocation Failure) [PSYoungGen: 74080K->1360K(75776K)] 429743K->357023K(632320K), 0.0015889 secs] [Times: user=0.00 sys=0.00, real=0.01 secs] 
985.984: [GC (Allocation Failure) [PSYoungGen: 75088K->1408K(75776K)] 430751K->357071K(632320K), 0.0021240 secs] [Times: user=0.01 sys=0.00, real=0.01 secs] 
986.819: [GC (Allocation Failure) [PSYoungGen: 75136K->1344K(75776K)] 430799K->357007K(632320K), 0.0022428 secs] [Times: user=0.01 sys=0.01, real=0.00 secs] 
987.588: [GC (Allocation Failure) [PSYoungGen: 75072K->1344K(75776K)] 430735K->357015K(632320K), 0.0028673 secs] [Times: user=0.01 sys=0.00, real=0.00 secs] 
988.611: [GC (Allocation Failure) [PSYoungGen: 75072K->1341K(75776K)] 430743K->357012K(632320K), 0.0025706 secs] [Times: user=0.01 sys=0.00, real=0.00 secs] 
989.875: [GC (Allocation Failure) [PSYoungGen: 75069K->1408K(75776K)] 430740K->357079K(632320K), 0.0020735 secs] [Times: user=0.01 sys=0.00, real=0.01 secs] 
990.761: [GC (Allocation Failure) [PSYoungGen: 75136K->1344K(75776K)] 430807K->357015K(632320K), 0.0030725 secs] [Times: user=0.01 sys=0.00, real=0.00 secs] 
991.507: [GC (Allocation Failure) [PSYoungGen: 75072K->1344K(75776K)] 430743K->357015K(632320K), 0.0035367 secs] [Times: user=0.01 sys=0.00, real=0.00 secs] 
992.198: [GC (Allocation Failure) [PSYoungGen: 75072K->1328K(75776K)] 430743K->357015K(632320K), 0.0021913 secs] [Times: user=0.01 sys=0.00, real=0.00 secs] 
993.623: [GC (Allocation Failure) [PSYoungGen: 75056K->1376K(75264K)] 430743K->357063K(631808K), 0.0040991 secs] [Times: user=0.02 sys=0.00, real=0.01 secs] 
994.512: [GC (Allocation Failure) [PSYoungGen: 75104K->1344K(75264K)] 430791K->357031K(631808K), 0.0031756 secs] [Times: user=0.02 sys=0.00, real=0.00 secs] 
995.278: [GC (Allocation Failure) [PSYoungGen: 75072K->320K(74752K)] 430759K->357031K(631296K), 0.0046982 secs] [Times: user=0.02 sys=0.00, real=0.00 secs] 
995.855: [GC (Allocation Failure) [PSYoungGen: 74048K->336K(75776K)] 430759K->357047K(632320K), 0.0044425 secs] [Times: user=0.02 sys=0.00, real=0.01 secs] 
997.728: [GC (Allocation Failure) [PSYoungGen: 74064K->1376K(75264K)] 430775K->358087K(631808K), 0.0047420 secs] [Times: user=0.02 sys=0.00, real=0.00 secs] 
998.815: [GC (Allocation Failure) [PSYoungGen: 75104K->1360K(75264K)] 431815K->358071K(631808K), 0.0049982 secs] [Times: user=0.02 sys=0.00, real=0.01 secs] 
999.785: [GC (Allocation Failure) [PSYoungGen: 75088K->1376K(75264K)] 431799K->358087K(631808K), 0.0043618 secs] [Times: user=0.02 sys=0.00, real=0.01 secs] 
1000.305: [GC (Allocation Failure) [PSYoungGen: 75104K->1408K(75264K)] 431815K->358127K(631808K), 0.0023198 secs] [Times: user=0.00 sys=0.00, real=0.01 secs] 
1001.120: [GC (Allocation Failure) [PSYoungGen: 75136K->1376K(75264K)] 431855K->358095K(631808K), 0.0015546 secs] [Times: user=0.01 sys=0.00, real=0.00 secs] 
1001.474: [GC (Allocation Failure) [PSYoungGen: 75104K->1376K(75264K)] 431823K->358095K(631808K), 0.0016069 secs] [Times: user=0.00 sys=0.00, real=0.00 secs] 
1001.822: [GC (Allocation Failure) [PSYoungGen: 75104K->1328K(75264K)] 431823K->358047K(631808K), 0.0018270 secs] [Times: user=0.01 sys=0.00, real=0.00 secs] 
1002.219: [GC (Allocation Failure) [PSYoungGen: 75056K->1376K(75264K)] 431775K->358095K(631808K), 0.0020606 secs] [Times: user=0.01 sys=0.00, real=0.00 secs] 
1003.979: [GC (Allocation Failure) [PSYoungGen: 75104K->1376K(75264K)] 431823K->358095K(631808K), 0.0034100 secs] [Times: user=0.01 sys=0.00, real=0.00 secs] 
1004.284: [GC (Allocation Failure) [PSYoungGen: 75104K->1344K(75264K)] 431823K->358063K(631808K), 0.0023286 secs] [Times: user=0.01 sys=0.00, real=0.01 secs] 
1004.591: [GC (Allocation Failure) [PSYoungGen: 75072K->1376K(77312K)] 431791K->358095K(633856K), 0.0020859 secs] [Times: user=0.01 sys=0.00, real=0.00 secs] 
1004.905: [GC (Allocation Failure) [PSYoungGen: 77152K->1376K(77824K)] 433871K->358095K(634368K), 0.0021175 secs] [Times: user=0.01 sys=0.00, real=0.01 secs] 
1005.679: [GC (Allocation Failure) [PSYoungGen: 77152K->1376K(76800K)] 433871K->358095K(633344K), 0.0017634 secs] [Times: user=0.00 sys=0.00, real=0.00 secs] 
1005.992: [GC (Allocation Failure) [PSYoungGen: 76640K->1392K(84992K)] 433359K->358119K(641536K), 0.0016964 secs] [Times: user=0.01 sys=0.00, real=0.00 secs] 
1006.336: [GC (Allocation Failure) [PSYoungGen: 84336K->1344K(84992K)] 441063K->358071K(641536K), 0.0017281 secs] [Times: user=0.01 sys=0.00, real=0.00 secs] 
1007.019: [GC (Allocation Failure) [PSYoungGen: 84288K->1373K(83968K)] 441015K->358100K(640512K), 0.0015409 secs] [Times: user=0.01 sys=0.00, real=0.00 secs] 
1007.585: [GC (Allocation Failure) [PSYoungGen: 83805K->1376K(83456K)] 440532K->358103K(640000K), 0.0023464 secs] [Times: user=0.01 sys=0.00, real=0.01 secs] 
1007.926: [GC (Allocation Failure) [PSYoungGen: 83296K->1376K(82944K)] 440023K->358103K(639488K), 0.0020291 secs] [Times: user=0.01 sys=0.00, real=0.01 secs] 
1008.264: [GC (Allocation Failure) [PSYoungGen: 82784K->1344K(83456K)] 439511K->358071K(640000K), 0.0019801 secs] [Times: user=0.00 sys=0.00, real=0.00 secs] 
1009.053: [GC (Allocation Failure) [PSYoungGen: 82752K->1376K(82432K)] 439479K->358111K(638976K), 0.0018009 secs] [Times: user=0.01 sys=0.00, real=0.00 secs] 
1009.388: [GC (Allocation Failure) [PSYoungGen: 82272K->1360K(81920K)] 439007K->358095K(638464K), 0.0017369 secs] [Times: user=0.00 sys=0.00, real=0.00 secs] 
1009.721: [GC (Allocation Failure) [PSYoungGen: 81744K->1328K(82432K)] 438479K->358063K(638976K), 0.0022100 secs] [Times: user=0.01 sys=0.00, real=0.00 secs] 
1010.056: [GC (Allocation Failure) [PSYoungGen: 81712K->1376K(90112K)] 438447K->358111K(646656K), 0.0022605 secs] [Times: user=0.01 sys=0.00, real=0.01 secs] 
1010.894: [GC (Allocation Failure) [PSYoungGen: 89952K->1392K(89600K)] 446687K->358127K(646144K), 0.0018922 secs] [Times: user=0.01 sys=0.00, real=0.00 secs] 
1011.260: [GC (Allocation Failure) [PSYoungGen: 89456K->320K(88064K)] 446191K->358079K(644608K), 0.0017530 secs] [Times: user=0.00 sys=0.00, real=0.00 secs] 
1011.638: [GC (Allocation Failure) [PSYoungGen: 87872K->288K(87552K)] 445631K->358047K(644096K), 0.0018618 secs] [Times: user=0.01 sys=0.00, real=0.00 secs] 
1012.588: [GC (Allocation Failure) [PSYoungGen: 87328K->1376K(88064K)] 445087K->359135K(644608K), 0.0021179 secs] [Times: user=0.01 sys=0.00, real=0.00 secs] 
1013.361: [GC (Allocation Failure) [PSYoungGen: 87904K->1376K(87552K)] 445663K->359151K(644096K), 0.0029675 secs] [Times: user=0.01 sys=0.00, real=0.00 secs] 
1014.086: [GC (Allocation Failure) [PSYoungGen: 87392K->1376K(87040K)] 445167K->359151K(643584K), 0.0021994 secs] [Times: user=0.01 sys=0.00, real=0.01 secs] 
1014.943: [GC (Allocation Failure) [PSYoungGen: 86880K->1376K(86528K)] 444655K->359151K(643072K), 0.0023215 secs] [Times: user=0.01 sys=0.00, real=0.00 secs] 
1016.383: [GC (Allocation Failure) [PSYoungGen: 86368K->1408K(86016K)] 444143K->359191K(642560K), 0.0023378 secs] [Times: user=0.01 sys=0.00, real=0.00 secs] 
1017.711: [GC (Allocation Failure) [PSYoungGen: 85888K->1440K(85504K)] 443671K->359223K(642048K), 0.0023376 secs] [Times: user=0.00 sys=0.00, real=0.00 secs] 
1018.555: [GC (Allocation Failure) [PSYoungGen: 85408K->1408K(84992K)] 443191K->359191K(641536K), 0.0024791 secs] [Times: user=0.01 sys=0.00, real=0.01 secs] 
1019.928: [GC (Allocation Failure) [PSYoungGen: 84864K->1440K(84480K)] 442647K->359223K(641024K), 0.0052500 secs] [Times: user=0.02 sys=0.00, real=0.00 secs] 
1021.377: [GC (Allocation Failure) [PSYoungGen: 84384K->1408K(83968K)] 442167K->359199K(640512K), 0.0044456 secs] [Times: user=0.01 sys=0.00, real=0.00 secs] 
1022.388: [GC (Allocation Failure) [PSYoungGen: 83840K->1360K(83456K)] 441631K->359151K(640000K), 0.0046473 secs] [Times: user=0.02 sys=0.00, real=0.00 secs] 
1023.284: [GC (Allocation Failure) [PSYoungGen: 83280K->1440K(82944K)] 441071K->359231K(639488K), 0.0029676 secs] [Times: user=0.01 sys=0.00, real=0.01 secs] 
1025.139: [GC (Allocation Failure) [PSYoungGen: 82848K->1408K(82432K)] 440639K->359199K(638976K), 0.0054655 secs] [Times: user=0.02 sys=0.01, real=0.00 secs] 
1026.681: [GC (Allocation Failure) [PSYoungGen: 82304K->1408K(81920K)] 440095K->359199K(638464K), 0.0053658 secs] [Times: user=0.02 sys=0.00, real=0.01 secs] 
1027.654: [GC (Allocation Failure) [PSYoungGen: 81792K->1376K(81408K)] 439583K->359167K(637952K), 0.0025372 secs] [Times: user=0.01 sys=0.00, real=0.00 secs] 
1028.767: [GC (Allocation Failure) [PSYoungGen: 81248K->1405K(80896K)] 439039K->359204K(637440K), 0.0016620 secs] [Times: user=0.01 sys=0.00, real=0.00 secs] 
1029.458: [GC (Allocation Failure) [PSYoungGen: 80765K->1408K(80384K)] 438564K->359207K(636928K), 0.0019060 secs] [Times: user=0.01 sys=0.00, real=0.00 secs] 
1029.812: [GC (Allocation Failure) [PSYoungGen: 80256K->1408K(79872K)] 438055K->359207K(636416K), 0.0024966 secs] [Times: user=0.01 sys=0.00, real=0.00 secs] 
1030.506: [GC (Allocation Failure) [PSYoungGen: 79744K->1408K(79360K)] 437543K->359207K(635904K), 0.0035684 secs] [Times: user=0.02 sys=0.00, real=0.01 secs] 
1031.812: [GC (Allocation Failure) [PSYoungGen: 79232K->1920K(79360K)] 437031K->359719K(635904K), 0.0019508 secs] [Times: user=0.01 sys=0.00, real=0.00 secs] 
1033.181: [GC (Allocation Failure) [PSYoungGen: 79232K->1344K(78336K)] 437031K->359159K(634880K), 0.0039684 secs] [Times: user=0.01 sys=0.00, real=0.00 secs] 
1033.851: [GC (Allocation Failure) [PSYoungGen: 78144K->1408K(77824K)] 435959K->359223K(634368K), 0.0029041 secs] [Times: user=0.01 sys=0.00, real=0.00 secs] 
1034.417: [GC (Allocation Failure) [PSYoungGen: 77696K->1376K(77312K)] 435511K->359191K(633856K), 0.0026177 secs] [Times: user=0.01 sys=0.01, real=0.00 secs] 
1035.695: [GC (Allocation Failure) [PSYoungGen: 77152K->1408K(76800K)] 434967K->359231K(633344K), 0.0054756 secs] [Times: user=0.02 sys=0.00, real=0.01 secs] 
1036.978: [GC (Allocation Failure) [PSYoungGen: 76672K->1408K(76288K)] 434495K->359231K(632832K), 0.0053822 secs] [Times: user=0.02 sys=0.00, real=0.00 secs] 
1037.767: [GC (Allocation Failure) [PSYoungGen: 76160K->1376K(75776K)] 433983K->359199K(632320K), 0.0031811 secs] [Times: user=0.01 sys=0.00, real=0.00 secs] 
1038.777: [GC (Allocation Failure) [PSYoungGen: 75616K->1376K(75264K)] 433439K->359199K(631808K), 0.0038518 secs] [Times: user=0.01 sys=0.00, real=0.00 secs] 
1040.647: [GC (Allocation Failure) [PSYoungGen: 75104K->1440K(75264K)] 432927K->359263K(631808K), 0.0041127 secs] [Times: user=0.02 sys=0.00, real=0.00 secs] 
1042.119: [GC (Allocation Failure) [PSYoungGen: 75168K->1408K(75776K)] 432991K->359239K(632320K), 0.0044155 secs] [Times: user=0.02 sys=0.00, real=0.00 secs] 
1043.058: [GC (Allocation Failure) [PSYoungGen: 75136K->1360K(75776K)] 432967K->359191K(632320K), 0.0037411 secs] [Times: user=0.01 sys=0.00, real=0.00 secs] 
1044.238: [GC (Allocation Failure) [PSYoungGen: 75088K->1376K(75776K)] 432919K->359215K(632320K), 0.0031404 secs] [Times: user=0.01 sys=0.00, real=0.00 secs] 
1045.608: [GC (Allocation Failure) [PSYoungGen: 75104K->1408K(75776K)] 432943K->359247K(632320K), 0.0017337 secs] [Times: user=0.00 sys=0.00, real=0.00 secs] 
1045.915: [GC (Allocation Failure) [PSYoungGen: 75136K->1376K(75776K)] 432975K->359215K(632320K), 0.0017707 secs] [Times: user=0.01 sys=0.00, real=0.00 secs] 
1046.220: [GC (Allocation Failure) [PSYoungGen: 75104K->1344K(75776K)] 432943K->359183K(632320K), 0.0017321 secs] [Times: user=0.01 sys=0.00, real=0.00 secs] 
1046.526: [GC (Allocation Failure) [PSYoungGen: 75072K->1344K(75776K)] 432911K->359183K(632320K), 0.0016191 secs] [Times: user=0.01 sys=0.00, real=0.01 secs] 
1047.291: [GC (Allocation Failure) [PSYoungGen: 75072K->1920K(75776K)] 432911K->360271K(632320K), 0.0018118 secs] [Times: user=0.01 sys=0.00, real=0.00 secs] 
1047.619: [GC (Allocation Failure) [PSYoungGen: 75648K->1376K(75776K)] 433999K->359727K(632320K), 0.0018092 secs] [Times: user=0.01 sys=0.00, real=0.00 secs] 
1048.173: [GC (Allocation Failure) [PSYoungGen: 75104K->1376K(75776K)] 433455K->359727K(632320K), 0.0020174 secs] [Times: user=0.01 sys=0.00, real=0.00 secs] 
1048.782: [GC (Allocation Failure) [PSYoungGen: 75104K->1376K(75776K)] 433455K->359735K(632320K), 0.0021995 secs] [Times: user=0.00 sys=0.00, real=0.00 secs] 
1049.981: [GC (Allocation Failure) [PSYoungGen: 75104K->1888K(75776K)] 433463K->360247K(632320K), 0.0019085 secs] [Times: user=0.00 sys=0.00, real=0.00 secs] 
1050.625: [GC (Allocation Failure) [PSYoungGen: 75616K->1376K(75776K)] 433975K->359735K(632320K), 0.0018909 secs] [Times: user=0.01 sys=0.00, real=0.01 secs] 
1051.228: [GC (Allocation Failure) [PSYoungGen: 75104K->1392K(75776K)] 433463K->359751K(632320K), 0.0019524 secs] [Times: user=0.01 sys=0.00, real=0.00 secs] 
1051.820: [GC (Allocation Failure) [PSYoungGen: 75120K->1344K(75776K)] 433479K->359703K(632320K), 0.0020987 secs] [Times: user=0.01 sys=0.00, real=0.00 secs] 
1052.673: [GC (Allocation Failure) [PSYoungGen: 75072K->1536K(75776K)] 433431K->359895K(632320K), 0.0016592 secs] [Times: user=0.01 sys=0.00, real=0.00 secs] 
1052.975: [GC (Allocation Failure) [PSYoungGen: 75264K->1376K(75776K)] 433623K->359735K(632320K), 0.0017068 secs] [Times: user=0.00 sys=0.00, real=0.01 secs] 
1053.281: [GC (Allocation Failure) [PSYoungGen: 75104K->1344K(75776K)] 433463K->359703K(632320K), 0.0017285 secs] [Times: user=0.01 sys=0.00, real=0.00 secs] 
1053.586: [GC (Allocation Failure) [PSYoungGen: 75072K->1344K(75776K)] 433431K->359719K(632320K), 0.0017522 secs] [Times: user=0.01 sys=0.00, real=0.00 secs] 
1054.304: [GC (Allocation Failure) [PSYoungGen: 74651K->224K(75776K)] 433026K->358599K(632320K), 0.0069756 secs] [Times: user=0.03 sys=0.00, real=0.01 secs] 
1056.506: [GC (Allocation Failure) [PSYoungGen: 73952K->1344K(75776K)] 432327K->359727K(632320K), 0.0034675 secs] [Times: user=0.01 sys=0.00, real=0.01 secs] 
1057.198: [GC (Allocation Failure) [PSYoungGen: 75072K->1376K(75264K)] 433455K->359759K(631808K), 0.0030337 secs] [Times: user=0.01 sys=0.00, real=0.00 secs] 
1057.711: [GC (Allocation Failure) [PSYoungGen: 75104K->1360K(82432K)] 433487K->359743K(638976K), 0.0026098 secs] [Times: user=0.01 sys=0.00, real=0.00 secs] 
1058.837: [GC (Allocation Failure) [PSYoungGen: 81744K->1536K(81920K)] 440127K->359919K(638464K), 0.0019642 secs] [Times: user=0.01 sys=0.00, real=0.00 secs] 
1059.812: [GC (Allocation Failure) [PSYoungGen: 81408K->1344K(80896K)] 439791K->359727K(637440K), 0.0020172 secs] [Times: user=0.01 sys=0.00, real=0.00 secs] 
1060.682: [GC (Allocation Failure) [PSYoungGen: 80704K->352K(79360K)] 439087K->359759K(635904K), 0.0019218 secs] [Times: user=0.01 sys=0.00, real=0.00 secs] 
1061.238: [GC (Allocation Failure) [PSYoungGen: 79200K->320K(80384K)] 438607K->359727K(636928K), 0.0020790 secs] [Times: user=0.01 sys=0.00, real=0.00 secs] 
1062.583: [GC (Allocation Failure) [PSYoungGen: 78656K->1408K(79360K)] 438063K->360815K(635904K), 0.0030973 secs] [Times: user=0.01 sys=0.00, real=0.01 secs] 
1063.792: [GC (Allocation Failure) [PSYoungGen: 79232K->1392K(78848K)] 438639K->360799K(635392K), 0.0036198 secs] [Times: user=0.02 sys=0.00, real=0.00 secs] 
1064.666: [GC (Allocation Failure) [PSYoungGen: 78704K->1376K(78336K)] 438111K->360783K(634880K), 0.0026262 secs] [Times: user=0.02 sys=0.00, real=0.01 secs] 
1065.579: [GC (Allocation Failure) [PSYoungGen: 78176K->1376K(77824K)] 437583K->360783K(634368K), 0.0035289 secs] [Times: user=0.02 sys=0.00, real=0.00 secs] 
1068.622: [GC (Allocation Failure) [PSYoungGen: 77664K->1376K(77312K)] 437071K->360783K(633856K), 0.0054038 secs] [Times: user=0.02 sys=0.00, real=0.01 secs] 
1069.305: [GC (Allocation Failure) [PSYoungGen: 77152K->1376K(76800K)] 436559K->360783K(633344K), 0.0021959 secs] [Times: user=0.01 sys=0.00, real=0.01 secs] 
1069.618: [GC (Allocation Failure) [PSYoungGen: 76640K->1376K(76288K)] 436047K->360783K(632832K), 0.0020014 secs] [Times: user=0.01 sys=0.00, real=0.00 secs] 
1070.209: [GC (Allocation Failure) [PSYoungGen: 76128K->1376K(75776K)] 435535K->360783K(632320K), 0.0029829 secs] [Times: user=0.01 sys=0.00, real=0.00 secs] 
1071.720: [GC (Allocation Failure) [PSYoungGen: 75616K->1376K(75264K)] 435023K->360791K(631808K), 0.0029806 secs] [Times: user=0.01 sys=0.00, real=0.00 secs] 
1072.379: [GC (Allocation Failure) [PSYoungGen: 75104K->1376K(75264K)] 434519K->360791K(631808K), 0.0024391 secs] [Times: user=0.01 sys=0.00, real=0.00 secs] 
1072.919: [GC (Allocation Failure) [PSYoungGen: 75104K->1376K(75776K)] 434519K->360791K(632320K), 0.0020915 secs] [Times: user=0.01 sys=0.00, real=0.00 secs] 
1073.231: [GC (Allocation Failure) [PSYoungGen: 75104K->1408K(75776K)] 434519K->360823K(632320K), 0.0033968 secs] [Times: user=0.01 sys=0.00, real=0.00 secs] 
1074.047: [GC (Allocation Failure) [PSYoungGen: 75136K->1408K(82432K)] 434551K->360823K(638976K), 0.0027614 secs] [Times: user=0.01 sys=0.00, real=0.00 secs] 
1074.476: [GC (Allocation Failure) [PSYoungGen: 82304K->1376K(82944K)] 441719K->360791K(639488K), 0.0024225 secs] [Times: user=0.01 sys=0.00, real=0.01 secs] 
1074.844: [GC (Allocation Failure) [PSYoungGen: 82272K->1376K(91136K)] 441687K->360791K(647680K), 0.0022483 secs] [Times: user=0.01 sys=0.00, real=0.00 secs] 
1075.498: [GC (Allocation Failure) [PSYoungGen: 90464K->1341K(91136K)] 449879K->360756K(647680K), 0.0020977 secs] [Times: user=0.01 sys=0.00, real=0.00 secs] 
1076.893: [GC (Allocation Failure) [PSYoungGen: 90429K->1440K(90112K)] 449844K->360863K(646656K), 0.0024151 secs] [Times: user=0.01 sys=0.00, real=0.00 secs] 
1077.650: [GC (Allocation Failure) [PSYoungGen: 90016K->1376K(89600K)] 449439K->360799K(646144K), 0.0026086 secs] [Times: user=0.01 sys=0.00, real=0.00 secs] 
1078.317: [GC (Allocation Failure) [PSYoungGen: 89440K->1376K(89088K)] 448863K->360807K(645632K), 0.0022265 secs] [Times: user=0.01 sys=0.00, real=0.00 secs] 
1079.771: [GC (Allocation Failure) [PSYoungGen: 88928K->1376K(88576K)] 448359K->360807K(645120K), 0.0023861 secs] [Times: user=0.01 sys=0.00, real=0.00 secs] 
1081.018: [GC (Allocation Failure) [PSYoungGen: 88416K->1376K(88064K)] 447847K->360807K(644608K), 0.0037588 secs] [Times: user=0.02 sys=0.00, real=0.00 secs] 
1082.130: [GC (Allocation Failure) [PSYoungGen: 87904K->1360K(87552K)] 447335K->360791K(644096K), 0.0040211 secs] [Times: user=0.02 sys=0.00, real=0.00 secs] 
1083.407: [GC (Allocation Failure) [PSYoungGen: 87376K->160K(86016K)] 446807K->359591K(642560K), 0.0016261 secs] [Times: user=0.01 sys=0.00, real=0.00 secs] 
1084.137: [GC (Allocation Failure) [PSYoungGen: 85664K->1376K(87040K)] 445095K->360807K(643584K), 0.0024046 secs] [Times: user=0.00 sys=0.00, real=0.00 secs] 
1085.097: [GC (Allocation Failure) [PSYoungGen: 86368K->1408K(86016K)] 445799K->360839K(642560K), 0.0027814 secs] [Times: user=0.01 sys=0.00, real=0.00 secs] 
1086.028: [GC (Allocation Failure) [PSYoungGen: 85888K->1360K(85504K)] 445319K->360791K(642048K), 0.0034692 secs] [Times: user=0.01 sys=0.00, real=0.00 secs] 
1087.451: [GC (Allocation Failure) [PSYoungGen: 85328K->1376K(84992K)] 444759K->360807K(641536K), 0.0021159 secs] [Times: user=0.00 sys=0.00, real=0.00 secs] 
1088.271: [GC (Allocation Failure) [PSYoungGen: 84832K->1376K(84480K)] 444263K->360807K(641024K), 0.0027999 secs] [Times: user=0.01 sys=0.00, real=0.00 secs] 
1088.730: [GC (Allocation Failure) [PSYoungGen: 84320K->1376K(83968K)] 443751K->360807K(640512K), 0.0021502 secs] [Times: user=0.01 sys=0.00, real=0.00 secs] 
1089.305: [GC (Allocation Failure) [PSYoungGen: 83808K->1373K(83456K)] 443239K->360804K(640000K), 0.0016403 secs] [Times: user=0.00 sys=0.00, real=0.01 secs] 
1089.872: [GC (Allocation Failure) [PSYoungGen: 83293K->1408K(82944K)] 442724K->360847K(639488K), 0.0018774 secs] [Times: user=0.00 sys=0.00, real=0.00 secs] 
1090.220: [GC (Allocation Failure) [PSYoungGen: 82816K->1376K(82432K)] 442255K->360815K(638976K), 0.0019414 secs] [Times: user=0.00 sys=0.00, real=0.00 secs] 
1090.556: [GC (Allocation Failure) [PSYoungGen: 82272K->1376K(81920K)] 441711K->360815K(638464K), 0.0018849 secs] [Times: user=0.00 sys=0.00, real=0.00 secs] 
1091.349: [GC (Allocation Failure) [PSYoungGen: 81760K->1408K(81408K)] 441199K->360847K(637952K), 0.0018797 secs] [Times: user=0.01 sys=0.00, real=0.00 secs] 
1091.680: [GC (Allocation Failure) [PSYoungGen: 81280K->1408K(80896K)] 440719K->360847K(637440K), 0.0018139 secs] [Times: user=0.01 sys=0.00, real=0.00 secs] 
1092.009: [GC (Allocation Failure) [PSYoungGen: 80768K->1344K(80384K)] 440207K->360783K(636928K), 0.0017593 secs] [Times: user=0.00 sys=0.00, real=0.00 secs] 
1092.336: [GC (Allocation Failure) [PSYoungGen: 80192K->1392K(79872K)] 439631K->360831K(636416K), 0.0016979 secs] [Times: user=0.01 sys=0.00, real=0.00 secs] 
1093.854: [GC (Allocation Failure) [PSYoungGen: 79728K->1376K(79360K)] 439167K->360815K(635904K), 0.0047217 secs] [Times: user=0.02 sys=0.00, real=0.01 secs] 
1094.845: [GC (Allocation Failure) [PSYoungGen: 79200K->1376K(78848K)] 438639K->360815K(635392K), 0.0028036 secs] [Times: user=0.01 sys=0.00, real=0.01 secs] 
1095.832: [GC (Allocation Failure) [PSYoungGen: 78688K->1376K(78336K)] 438127K->360815K(634880K), 0.0035806 secs] [Times: user=0.01 sys=0.00, real=0.00 secs] 
1096.944: [GC (Allocation Failure) [PSYoungGen: 78176K->1344K(77824K)] 437615K->360791K(634368K), 0.0036054 secs] [Times: user=0.01 sys=0.00, real=0.01 secs] 
1098.057: [GC (Allocation Failure) [PSYoungGen: 77632K->1408K(77312K)] 437079K->360863K(633856K), 0.0022400 secs] [Times: user=0.01 sys=0.00, real=0.00 secs] 
1098.693: [GC (Allocation Failure) [PSYoungGen: 77184K->1376K(76800K)] 436639K->360831K(633344K), 0.0035909 secs] [Times: user=0.02 sys=0.00, real=0.00 secs] 
1099.335: [GC (Allocation Failure) [PSYoungGen: 76640K->1344K(76288K)] 436095K->360807K(632832K), 0.0028060 secs] [Times: user=0.01 sys=0.00, real=0.01 secs] 
1099.960: [GC (Allocation Failure) [PSYoungGen: 76096K->352K(74752K)] 435559K->360847K(631296K), 0.0022275 secs] [Times: user=0.01 sys=0.00, real=0.00 secs] 
1100.977: [GC (Allocation Failure) [PSYoungGen: 74592K->1328K(75776K)] 435087K->361839K(632320K), 0.0019605 secs] [Times: user=0.01 sys=0.00, real=0.00 secs] 
1101.613: [GC (Allocation Failure) [PSYoungGen: 75056K->1376K(75264K)] 435567K->361895K(631808K), 0.0023831 secs] [Times: user=0.01 sys=0.00, real=0.00 secs] 
1102.102: [GC (Allocation Failure) [PSYoungGen: 75104K->1344K(75264K)] 435623K->361863K(631808K), 0.0022809 secs] [Times: user=0.01 sys=0.00, real=0.00 secs] 
1102.408: [GC (Allocation Failure) [PSYoungGen: 75072K->1376K(75264K)] 435591K->361895K(631808K), 0.0019481 secs] [Times: user=0.01 sys=0.00, real=0.00 secs] 
1103.475: [GC (Allocation Failure) [PSYoungGen: 75104K->1376K(75264K)] 435623K->361895K(631808K), 0.0022837 secs] [Times: user=0.01 sys=0.00, real=0.01 secs] 
1105.010: [GC (Allocation Failure) [PSYoungGen: 75104K->1344K(75264K)] 435623K->361863K(631808K), 0.0043954 secs] [Times: user=0.01 sys=0.00, real=0.00 secs] 
1105.882: [GC (Allocation Failure) [PSYoungGen: 75072K->1376K(75264K)] 435591K->361895K(631808K), 0.0034413 secs] [Times: user=0.01 sys=0.00, real=0.00 secs] 
1106.549: [GC (Allocation Failure) [PSYoungGen: 75104K->1376K(75264K)] 435623K->361895K(631808K), 0.0025745 secs] [Times: user=0.01 sys=0.00, real=0.00 secs] 
1107.714: [GC (Allocation Failure) [PSYoungGen: 75104K->1376K(75264K)] 435623K->361895K(631808K), 0.0022127 secs] [Times: user=0.01 sys=0.00, real=0.00 secs] 
1108.335: [GC (Allocation Failure) [PSYoungGen: 75104K->1376K(75264K)] 435623K->361903K(631808K), 0.0023454 secs] [Times: user=0.01 sys=0.00, real=0.01 secs] 
1108.957: [GC (Allocation Failure) [PSYoungGen: 75104K->1376K(75264K)] 435631K->361903K(631808K), 0.0023258 secs] [Times: user=0.00 sys=0.00, real=0.00 secs] 
1109.539: [GC (Allocation Failure) [PSYoungGen: 75104K->1376K(75264K)] 435631K->361903K(631808K), 0.0021384 secs] [Times: user=0.00 sys=0.00, real=0.00 secs] 
1110.621: [GC (Allocation Failure) [PSYoungGen: 75104K->1376K(75264K)] 435631K->361903K(631808K), 0.0023108 secs] [Times: user=0.01 sys=0.00, real=0.00 secs] 
1110.928: [GC (Allocation Failure) [PSYoungGen: 75104K->1408K(75264K)] 435631K->361935K(631808K), 0.0019776 secs] [Times: user=0.01 sys=0.00, real=0.00 secs] 
1111.289: [GC (Allocation Failure) [PSYoungGen: 75136K->1344K(75264K)] 435663K->361871K(631808K), 0.0022610 secs] [Times: user=0.01 sys=0.00, real=0.00 secs] 
1111.600: [GC (Allocation Failure) [PSYoungGen: 75072K->1376K(77312K)] 435599K->361903K(633856K), 0.0021459 secs] [Times: user=0.01 sys=0.00, real=0.00 secs] 
1112.833: [GC (Allocation Failure) [PSYoungGen: 77152K->1408K(76800K)] 437679K->361935K(633344K), 0.0024982 secs] [Times: user=0.01 sys=0.00, real=0.00 secs] 
1114.042: [GC (Allocation Failure) [PSYoungGen: 76672K->1376K(76288K)] 437199K->361903K(632832K), 0.0025759 secs] [Times: user=0.01 sys=0.00, real=0.00 secs] 
1115.020: [GC (Allocation Failure) [PSYoungGen: 76128K->1376K(75776K)] 436655K->361903K(632320K), 0.0030610 secs] [Times: user=0.01 sys=0.00, real=0.00 secs] 
1115.779: [GC (Allocation Failure) [PSYoungGen: 75616K->320K(74240K)] 436143K->361871K(630784K), 0.0022282 secs] [Times: user=0.01 sys=0.00, real=0.00 secs] 
1116.894: [GC (Allocation Failure) [PSYoungGen: 74048K->1376K(75776K)] 435599K->362927K(632320K), 0.0020984 secs] [Times: user=0.01 sys=0.00, real=0.00 secs] 
1117.548: [GC (Allocation Failure) [PSYoungGen: 75104K->1376K(75776K)] 436655K->362935K(632320K), 0.0023563 secs] [Times: user=0.01 sys=0.00, real=0.00 secs] 
1118.219: [GC (Allocation Failure) [PSYoungGen: 75104K->1376K(75776K)] 436663K->362935K(632320K), 0.0028639 secs] [Times: user=0.01 sys=0.00, real=0.00 secs] 
1118.811: [GC (Allocation Failure) [PSYoungGen: 75104K->1376K(75776K)] 436663K->362935K(632320K), 0.0031423 secs] [Times: user=0.01 sys=0.00, real=0.00 secs] 
1120.651: [GC (Allocation Failure) [PSYoungGen: 75104K->1344K(75776K)] 436663K->362903K(632320K), 0.0039882 secs] [Times: user=0.01 sys=0.00, real=0.00 secs] 
1121.474: [GC (Allocation Failure) [PSYoungGen: 75072K->1392K(75776K)] 436631K->362951K(632320K), 0.0031678 secs] [Times: user=0.01 sys=0.00, real=0.01 secs] 
1122.249: [GC (Allocation Failure) [PSYoungGen: 75120K->1376K(75776K)] 436679K->362935K(632320K), 0.0023605 secs] [Times: user=0.01 sys=0.00, real=0.00 secs] 
1123.316: [GC (Allocation Failure) [PSYoungGen: 75104K->1344K(75776K)] 436663K->362903K(632320K), 0.0028699 secs] [Times: user=0.01 sys=0.00, real=0.01 secs] 
1124.484: [GC (Allocation Failure) [PSYoungGen: 75072K->1376K(75776K)] 436631K->362935K(632320K), 0.0019726 secs] [Times: user=0.00 sys=0.00, real=0.01 secs] 
1125.585: [GC (Allocation Failure) [PSYoungGen: 75104K->1376K(75776K)] 436663K->362935K(632320K), 0.0030824 secs] [Times: user=0.02 sys=0.00, real=0.01 secs] 
1126.599: [GC (Allocation Failure) [PSYoungGen: 75104K->1312K(75776K)] 436663K->362871K(632320K), 0.0030809 secs] [Times: user=0.01 sys=0.00, real=0.00 secs] 
1127.715: [GC (Allocation Failure) [PSYoungGen: 75040K->1328K(75776K)] 436599K->362887K(632320K), 0.0034595 secs] [Times: user=0.01 sys=0.00, real=0.01 secs] 
1129.325: [GC (Allocation Failure) [PSYoungGen: 75056K->1328K(75264K)] 436615K->362887K(631808K), 0.0022286 secs] [Times: user=0.01 sys=0.00, real=0.01 secs] 
1130.222: [GC (Allocation Failure) [PSYoungGen: 75056K->1376K(75264K)] 436615K->362935K(631808K), 0.0032255 secs] [Times: user=0.01 sys=0.00, real=0.00 secs] 
1131.160: [GC (Allocation Failure) [PSYoungGen: 75104K->1328K(75264K)] 436663K->362895K(631808K), 0.0034514 secs] [Times: user=0.02 sys=0.00, real=0.00 secs] 
1132.082: [GC (Allocation Failure) [PSYoungGen: 75056K->1344K(75264K)] 436623K->362911K(631808K), 0.0049677 secs] [Times: user=0.02 sys=0.00, real=0.01 secs] 
1133.211: [GC (Allocation Failure) [PSYoungGen: 75072K->1376K(75264K)] 436639K->362943K(631808K), 0.0018597 secs] [Times: user=0.01 sys=0.00, real=0.00 secs] 
1133.858: [GC (Allocation Failure) [PSYoungGen: 75104K->1376K(75264K)] 436671K->362943K(631808K), 0.0020302 secs] [Times: user=0.01 sys=0.00, real=0.00 secs] 
1134.396: [GC (Allocation Failure) [PSYoungGen: 75104K->1376K(75264K)] 436671K->362943K(631808K), 0.0021244 secs] [Times: user=0.01 sys=0.00, real=0.01 secs] 
1134.702: [GC (Allocation Failure) [PSYoungGen: 75104K->1376K(75264K)] 436671K->362943K(631808K), 0.0020323 secs] [Times: user=0.01 sys=0.00, real=0.00 secs] 
1135.470: [GC (Allocation Failure) [PSYoungGen: 75104K->1408K(75264K)] 436671K->362975K(631808K), 0.0017370 secs] [Times: user=0.00 sys=0.00, real=0.00 secs] 
1135.803: [GC (Allocation Failure) [PSYoungGen: 75136K->1376K(75264K)] 436703K->362943K(631808K), 0.0018241 secs] [Times: user=0.00 sys=0.00, real=0.00 secs] 
1136.110: [GC (Allocation Failure) [PSYoungGen: 75104K->1376K(75264K)] 436671K->362943K(631808K), 0.0018222 secs] [Times: user=0.01 sys=0.00, real=0.00 secs] 
1136.416: [GC (Allocation Failure) [PSYoungGen: 75104K->1392K(75264K)] 436671K->362959K(631808K), 0.0020788 secs] [Times: user=0.01 sys=0.00, real=0.01 secs] 
1139.113: [GC (Allocation Failure) [PSYoungGen: 75120K->1408K(75264K)] 436687K->362991K(631808K), 0.0035664 secs] [Times: user=0.02 sys=0.00, real=0.00 secs] 
1140.066: [GC (Allocation Failure) [PSYoungGen: 75136K->1376K(75264K)] 436719K->362959K(631808K), 0.0028866 secs] [Times: user=0.01 sys=0.00, real=0.01 secs] 
1140.897: [GC (Allocation Failure) [PSYoungGen: 75104K->1360K(75264K)] 436687K->362943K(631808K), 0.0030363 secs] [Times: user=0.01 sys=0.00, real=0.00 secs] 
1141.989: [GC (Allocation Failure) [PSYoungGen: 75088K->1408K(75264K)] 436671K->362991K(631808K), 0.0028847 secs] [Times: user=0.01 sys=0.00, real=0.00 secs] 
1143.457: [GC (Allocation Failure) [PSYoungGen: 75136K->1392K(75264K)] 436719K->362975K(631808K), 0.0020830 secs] [Times: user=0.01 sys=0.00, real=0.00 secs] 
1144.792: [GC (Allocation Failure) [PSYoungGen: 75120K->1376K(75264K)] 436703K->362959K(631808K), 0.0052439 secs] [Times: user=0.03 sys=0.00, real=0.01 secs] 
1145.608: [GC (Allocation Failure) [PSYoungGen: 75104K->1392K(75264K)] 436687K->362975K(631808K), 0.0029611 secs] [Times: user=0.01 sys=0.00, real=0.00 secs] 
1146.278: [GC (Allocation Failure) [PSYoungGen: 75120K->1376K(75264K)] 436703K->362959K(631808K), 0.0032888 secs] [Times: user=0.02 sys=0.00, real=0.00 secs] 
1147.398: [GC (Allocation Failure) [PSYoungGen: 75104K->1408K(75264K)] 436687K->362991K(631808K), 0.0018947 secs] [Times: user=0.01 sys=0.00, real=0.00 secs] 
1148.151: [GC (Allocation Failure) [PSYoungGen: 75136K->1328K(75264K)] 436719K->362911K(631808K), 0.0053521 secs] [Times: user=0.02 sys=0.00, real=0.00 secs] 
1148.540: [GC (Allocation Failure) [PSYoungGen: 75056K->1328K(75264K)] 436639K->362911K(631808K), 0.0019086 secs] [Times: user=0.00 sys=0.00, real=0.00 secs] 
1148.918: [GC (Allocation Failure) [PSYoungGen: 75056K->1376K(75264K)] 436639K->362967K(631808K), 0.0020346 secs] [Times: user=0.01 sys=0.00, real=0.00 secs] 
1149.736: [GC (Allocation Failure) [PSYoungGen: 75104K->1392K(75264K)] 436695K->362983K(631808K), 0.0017965 secs] [Times: user=0.01 sys=0.00, real=0.01 secs] 
1150.042: [GC (Allocation Failure) [PSYoungGen: 75120K->1376K(75264K)] 436711K->362967K(631808K), 0.0017011 secs] [Times: user=0.01 sys=0.00, real=0.00 secs] 
1150.361: [GC (Allocation Failure) [PSYoungGen: 75104K->1376K(75264K)] 436695K->362967K(631808K), 0.0019189 secs] [Times: user=0.01 sys=0.00, real=0.00 secs] 
1150.725: [GC (Allocation Failure) [PSYoungGen: 75104K->1376K(82432K)] 436695K->362983K(638976K), 0.0019045 secs] [Times: user=0.01 sys=0.00, real=0.01 secs] 
1151.735: [GC (Allocation Failure) [PSYoungGen: 82272K->1408K(81920K)] 443879K->363015K(638464K), 0.0018824 secs] [Times: user=0.01 sys=0.00, real=0.01 secs] 
1152.364: [GC (Allocation Failure) [PSYoungGen: 81792K->336K(80896K)] 443399K->362967K(637440K), 0.0018086 secs] [Times: user=0.01 sys=0.00, real=0.00 secs] 
1153.279: [GC (Allocation Failure) [PSYoungGen: 80208K->352K(79872K)] 442839K->362983K(636416K), 0.0023638 secs] [Times: user=0.01 sys=0.00, real=0.00 secs] 
1154.149: [GC (Allocation Failure) [PSYoungGen: 79712K->352K(80384K)] 442343K->362983K(636928K), 0.0044845 secs] [Times: user=0.02 sys=0.00, real=0.00 secs] 
1155.857: [GC (Allocation Failure) [PSYoungGen: 79200K->1344K(79872K)] 441831K->363975K(636416K), 0.0028376 secs] [Times: user=0.01 sys=0.00, real=0.00 secs] 
1157.347: [GC (Allocation Failure) [PSYoungGen: 79680K->1408K(79360K)] 442311K->364047K(635904K), 0.0038254 secs] [Times: user=0.01 sys=0.00, real=0.00 secs] 
1158.506: [GC (Allocation Failure) [PSYoungGen: 79232K->1408K(78848K)] 441871K->364047K(635392K), 0.0029887 secs] [Times: user=0.01 sys=0.00, real=0.01 secs] 
1159.725: [GC (Allocation Failure) [PSYoungGen: 78720K->1376K(78336K)] 441359K->364023K(634880K), 0.0029731 secs] [Times: user=0.01 sys=0.00, real=0.01 secs] 
1160.589: [GC (Allocation Failure) [PSYoungGen: 78176K->1408K(77824K)] 440823K->364055K(634368K), 0.0018172 secs] [Times: user=0.00 sys=0.00, real=0.00 secs] 
1160.920: [GC (Allocation Failure) [PSYoungGen: 77696K->1376K(77312K)] 440343K->364023K(633856K), 0.0021448 secs] [Times: user=0.01 sys=0.00, real=0.00 secs] 
1161.237: [GC (Allocation Failure) [PSYoungGen: 77152K->1376K(76800K)] 439799K->364023K(633344K), 0.0024703 secs] [Times: user=0.01 sys=0.00, real=0.00 secs] 
1161.677: [GC (Allocation Failure) [PSYoungGen: 76640K->1341K(76288K)] 439287K->363988K(632832K), 0.0019663 secs] [Times: user=0.01 sys=0.00, real=0.00 secs] 
1163.640: [GC (Allocation Failure) [PSYoungGen: 76093K->1376K(75776K)] 438740K->364023K(632320K), 0.0030674 secs] [Times: user=0.01 sys=0.00, real=0.00 secs] 
1164.559: [GC (Allocation Failure) [PSYoungGen: 75616K->1376K(75264K)] 438263K->364023K(631808K), 0.0035803 secs] [Times: user=0.02 sys=0.00, real=0.00 secs] 
1165.634: [GC (Allocation Failure) [PSYoungGen: 75104K->1376K(75776K)] 437751K->364023K(632320K), 0.0034402 secs] [Times: user=0.01 sys=0.00, real=0.01 secs] 
1166.431: [GC (Allocation Failure) [PSYoungGen: 75082K->288K(75776K)] 437729K->362935K(632320K), 0.0023602 secs] [Times: user=0.01 sys=0.00, real=0.00 secs] 
1167.245: [GC (Allocation Failure) [PSYoungGen: 74016K->1376K(75776K)] 436663K->364023K(632320K), 0.0018199 secs] [Times: user=0.00 sys=0.00, real=0.01 secs] 
1167.552: [GC (Allocation Failure) [PSYoungGen: 75104K->1376K(75776K)] 437751K->364023K(632320K), 0.0018736 secs] [Times: user=0.00 sys=0.00, real=0.00 secs] 
1167.858: [GC (Allocation Failure) [PSYoungGen: 75104K->1376K(75776K)] 437751K->364023K(632320K), 0.0018270 secs] [Times: user=0.01 sys=0.00, real=0.00 secs] 
1168.165: [GC (Allocation Failure) [PSYoungGen: 75104K->1376K(75776K)] 437751K->364031K(632320K), 0.0019797 secs] [Times: user=0.01 sys=0.00, real=0.01 secs] 
1168.943: [GC (Allocation Failure) [PSYoungGen: 75104K->1344K(75776K)] 437759K->363999K(632320K), 0.0016041 secs] [Times: user=0.01 sys=0.00, real=0.00 secs] 
1169.250: [GC (Allocation Failure) [PSYoungGen: 75072K->1392K(75776K)] 437727K->364047K(632320K), 0.0016888 secs] [Times: user=0.01 sys=0.00, real=0.00 secs] 
1169.600: [GC (Allocation Failure) [PSYoungGen: 75120K->1344K(75776K)] 437775K->363999K(632320K), 0.0016538 secs] [Times: user=0.01 sys=0.00, real=0.00 secs] 
1169.990: [GC (Allocation Failure) [PSYoungGen: 75072K->1376K(75776K)] 437727K->364031K(632320K), 0.0018220 secs] [Times: user=0.01 sys=0.00, real=0.00 secs] 
1170.821: [GC (Allocation Failure) [PSYoungGen: 75104K->1376K(75776K)] 437759K->364031K(632320K), 0.0019293 secs] [Times: user=0.01 sys=0.00, real=0.00 secs] 
1171.127: [GC (Allocation Failure) [PSYoungGen: 75104K->1376K(75776K)] 437759K->364031K(632320K), 0.0018632 secs] [Times: user=0.01 sys=0.00, real=0.00 secs] 
1171.495: [GC (Allocation Failure) [PSYoungGen: 75104K->1344K(75776K)] 437759K->363999K(632320K), 0.0020218 secs] [Times: user=0.01 sys=0.00, real=0.01 secs] 
1171.833: [GC (Allocation Failure) [PSYoungGen: 75072K->1376K(82944K)] 437727K->364031K(639488K), 0.0021602 secs] [Times: user=0.01 sys=0.00, real=0.00 secs] 
1172.690: [GC (Allocation Failure) [PSYoungGen: 82272K->1376K(81920K)] 444927K->364031K(638464K), 0.0019401 secs] [Times: user=0.01 sys=0.00, real=0.00 secs] 
1173.028: [GC (Allocation Failure) [PSYoungGen: 81760K->1376K(81408K)] 444415K->364055K(637952K), 0.0020027 secs] [Times: user=0.00 sys=0.00, real=0.00 secs] 
1173.362: [GC (Allocation Failure) [PSYoungGen: 81248K->1376K(81920K)] 443927K->364055K(638464K), 0.0018581 secs] [Times: user=0.01 sys=0.00, real=0.00 secs] 
1174.312: [GC (Allocation Failure) [PSYoungGen: 81248K->1373K(80896K)] 443927K->364052K(637440K), 0.0015771 secs] [Times: user=0.01 sys=0.00, real=0.00 secs] 
1175.358: [GC (Allocation Failure) [PSYoungGen: 80733K->1408K(80384K)] 443412K->364087K(636928K), 0.0032059 secs] [Times: user=0.01 sys=0.00, real=0.00 secs] 
1175.967: [GC (Allocation Failure) [PSYoungGen: 80256K->1408K(79872K)] 442935K->364087K(636416K), 0.0023683 secs] [Times: user=0.01 sys=0.00, real=0.00 secs] 
1176.633: [GC (Allocation Failure) [PSYoungGen: 79744K->1392K(79360K)] 442423K->364071K(635904K), 0.0026780 secs] [Times: user=0.01 sys=0.01, real=0.00 secs] 
1178.198: [GC (Allocation Failure) [PSYoungGen: 79216K->1376K(78848K)] 441895K->364055K(635392K), 0.0051153 secs] [Times: user=0.02 sys=0.00, real=0.00 secs] 
1179.187: [GC (Allocation Failure) [PSYoungGen: 78688K->1376K(78336K)] 441367K->364055K(634880K), 0.0022821 secs] [Times: user=0.01 sys=0.00, real=0.00 secs] 
1179.726: [GC (Allocation Failure) [PSYoungGen: 78176K->1344K(77824K)] 440855K->364023K(634368K), 0.0020457 secs] [Times: user=0.01 sys=0.00, real=0.01 secs] 
1180.466: [GC (Allocation Failure) [PSYoungGen: 77632K->1408K(77312K)] 440311K->364087K(633856K), 0.0053786 secs] [Times: user=0.02 sys=0.00, real=0.00 secs] 
1181.970: [GC (Allocation Failure) [PSYoungGen: 77184K->1408K(76800K)] 439863K->364087K(633344K), 0.0020651 secs] [Times: user=0.01 sys=0.00, real=0.00 secs] 
1182.778: [GC (Allocation Failure) [PSYoungGen: 76672K->1344K(76288K)] 439351K->364023K(632832K), 0.0025557 secs] [Times: user=0.01 sys=0.00, real=0.00 secs] 
1183.284: [GC (Allocation Failure) [PSYoungGen: 76096K->1344K(75776K)] 438775K->364023K(632320K), 0.0023263 secs] [Times: user=0.01 sys=0.00, real=0.00 secs] 
1183.864: [GC (Allocation Failure) [PSYoungGen: 75584K->1376K(75264K)] 438263K->364055K(631808K), 0.0020910 secs] [Times: user=0.01 sys=0.00, real=0.00 secs] 
1184.754: [GC (Allocation Failure) [PSYoungGen: 75104K->384K(74240K)] 437783K->364087K(630784K), 0.0017918 secs] [Times: user=0.01 sys=0.00, real=0.00 secs] 
1185.061: [GC (Allocation Failure) [PSYoungGen: 74112K->352K(75776K)] 437815K->364055K(632320K), 0.0017037 secs] [Times: user=0.01 sys=0.00, real=0.00 secs] 
1185.370: [GC (Allocation Failure) [PSYoungGen: 74080K->352K(74240K)] 437783K->364055K(630784K), 0.0018294 secs] [Times: user=0.00 sys=0.00, real=0.00 secs] 
1185.821: [GC (Allocation Failure) [PSYoungGen: 74080K->352K(75776K)] 437783K->364055K(632320K), 0.0020219 secs] [Times: user=0.01 sys=0.00, real=0.00 secs] 
1186.898: [GC (Allocation Failure) [PSYoungGen: 74080K->1376K(75264K)] 437783K->365087K(631808K), 0.0021093 secs] [Times: user=0.01 sys=0.00, real=0.00 secs] 
1187.238: [GC (Allocation Failure) [PSYoungGen: 75104K->1376K(75264K)] 438815K->365087K(631808K), 0.0023017 secs] [Times: user=0.01 sys=0.00, real=0.00 secs] 
1187.650: [GC (Allocation Failure) [PSYoungGen: 75104K->1376K(75264K)] 438815K->365087K(631808K), 0.0019292 secs] [Times: user=0.01 sys=0.00, real=0.00 secs] 
1188.003: [GC (Allocation Failure) [PSYoungGen: 75104K->1344K(79872K)] 438815K->365055K(636416K), 0.0020755 secs] [Times: user=0.01 sys=0.00, real=0.00 secs] 
1189.233: [GC (Allocation Failure) [PSYoungGen: 79168K->1376K(78848K)] 442879K->365087K(635392K), 0.0024520 secs] [Times: user=0.01 sys=0.00, real=0.00 secs] 
1190.513: [GC (Allocation Failure) [PSYoungGen: 78688K->1408K(78336K)] 442399K->365119K(634880K), 0.0031676 secs] [Times: user=0.01 sys=0.00, real=0.01 secs] 
1191.613: [GC (Allocation Failure) [PSYoungGen: 78208K->1408K(77824K)] 441919K->365119K(634368K), 0.0036377 secs] [Times: user=0.01 sys=0.00, real=0.01 secs] 
1192.686: [GC (Allocation Failure) [PSYoungGen: 77696K->1376K(77312K)] 441407K->365087K(633856K), 0.0040211 secs] [Times: user=0.02 sys=0.00, real=0.01 secs] 
1193.777: [GC (Allocation Failure) [PSYoungGen: 77152K->1376K(76800K)] 440863K->365087K(633344K), 0.0019791 secs] [Times: user=0.01 sys=0.01, real=0.00 secs] 
1194.106: [GC (Allocation Failure) [PSYoungGen: 76640K->1376K(76288K)] 440351K->365087K(632832K), 0.0019729 secs] [Times: user=0.01 sys=0.00, real=0.01 secs] 
1194.491: [GC (Allocation Failure) [PSYoungGen: 76128K->1408K(75776K)] 439839K->365119K(632320K), 0.0019885 secs] [Times: user=0.01 sys=0.00, real=0.00 secs] 
1194.918: [GC (Allocation Failure) [PSYoungGen: 75648K->1376K(75264K)] 439359K->365087K(631808K), 0.0021283 secs] [Times: user=0.01 sys=0.00, real=0.00 secs] 
1196.011: [GC (Allocation Failure) [PSYoungGen: 75104K->1408K(75264K)] 438815K->365119K(631808K), 0.0028655 secs] [Times: user=0.02 sys=0.00, real=0.00 secs] 
1196.632: [GC (Allocation Failure) [PSYoungGen: 75136K->1376K(75264K)] 438847K->365095K(631808K), 0.0023546 secs] [Times: user=0.01 sys=0.00, real=0.00 secs] 
1197.325: [GC (Allocation Failure) [PSYoungGen: 75104K->1376K(75264K)] 438823K->365095K(631808K), 0.0023574 secs] [Times: user=0.01 sys=0.00, real=0.01 secs] 
1197.927: [GC (Allocation Failure) [PSYoungGen: 75104K->1360K(75264K)] 438823K->365079K(631808K), 0.0021097 secs] [Times: user=0.00 sys=0.00, real=0.00 secs] 
1199.131: [GC (Allocation Failure) [PSYoungGen: 75088K->1376K(75264K)] 438807K->365095K(631808K), 0.0053517 secs] [Times: user=0.02 sys=0.00, real=0.00 secs] 
1199.780: [GC (Allocation Failure) [PSYoungGen: 75104K->1344K(75264K)] 438823K->365063K(631808K), 0.0025130 secs] [Times: user=0.01 sys=0.00, real=0.00 secs] 
1200.079: [GC (Allocation Failure) [PSYoungGen: 75072K->1376K(75776K)] 438791K->365095K(632320K), 0.0020469 secs] [Times: user=0.01 sys=0.00, real=0.00 secs] 
1200.477: [GC (Allocation Failure) [PSYoungGen: 75104K->1376K(75776K)] 438823K->365095K(632320K), 0.0020131 secs] [Times: user=0.01 sys=0.00, real=0.00 secs] 
1201.650: [GC (Allocation Failure) [PSYoungGen: 75104K->1408K(75776K)] 438823K->365127K(632320K), 0.0023831 secs] [Times: user=0.01 sys=0.00, real=0.00 secs] 
1202.740: [GC (Allocation Failure) [PSYoungGen: 75136K->1376K(75776K)] 438855K->365095K(632320K), 0.0037972 secs] [Times: user=0.02 sys=0.00, real=0.00 secs] 
1203.634: [GC (Allocation Failure) [PSYoungGen: 75104K->1376K(75776K)] 438823K->365095K(632320K), 0.0035555 secs] [Times: user=0.01 sys=0.00, real=0.01 secs] 
1204.417: [GC (Allocation Failure) [PSYoungGen: 75104K->1344K(75776K)] 438823K->365071K(632320K), 0.0040916 secs] [Times: user=0.02 sys=0.00, real=0.00 secs] 
1205.551: [GC (Allocation Failure) [PSYoungGen: 75072K->1376K(75776K)] 438799K->365111K(632320K), 0.0019466 secs] [Times: user=0.01 sys=0.00, real=0.00 secs] 
1206.166: [GC (Allocation Failure) [PSYoungGen: 75104K->1376K(75776K)] 438839K->365111K(632320K), 0.0020757 secs] [Times: user=0.01 sys=0.00, real=0.00 secs] 
1206.776: [GC (Allocation Failure) [PSYoungGen: 75104K->1408K(75776K)] 438839K->365143K(632320K), 0.0032397 secs] [Times: user=0.01 sys=0.00, real=0.01 secs] 
1207.350: [GC (Allocation Failure) [PSYoungGen: 75136K->1408K(75776K)] 438871K->365151K(632320K), 0.0034660 secs] [Times: user=0.01 sys=0.00, real=0.00 secs] 
1208.404: [GC (Allocation Failure) [PSYoungGen: 75136K->1440K(75776K)] 438879K->365191K(632320K), 0.0016931 secs] [Times: user=0.01 sys=0.00, real=0.00 secs] 
1209.118: [GC (Allocation Failure) [PSYoungGen: 75168K->1408K(75776K)] 438919K->365159K(632320K), 0.0020005 secs] [Times: user=0.01 sys=0.00, real=0.00 secs] 
1209.768: [GC (Allocation Failure) [PSYoungGen: 75136K->1344K(75776K)] 438887K->365095K(632320K), 0.0024580 secs] [Times: user=0.01 sys=0.00, real=0.00 secs] 
1210.210: [GC (Allocation Failure) [PSYoungGen: 75072K->1344K(75776K)] 438823K->365095K(632320K), 0.0019673 secs] [Times: user=0.01 sys=0.00, real=0.00 secs] 
1211.193: [GC (Allocation Failure) [PSYoungGen: 75072K->1408K(75776K)] 438823K->365167K(632320K), 0.0019303 secs] [Times: user=0.01 sys=0.00, real=0.00 secs] 
1211.879: [GC (Allocation Failure) [PSYoungGen: 75136K->1408K(75776K)] 438895K->365167K(632320K), 0.0018700 secs] [Times: user=0.01 sys=0.00, real=0.00 secs] 
1212.568: [GC (Allocation Failure) [PSYoungGen: 75136K->1376K(75264K)] 438895K->365135K(631808K), 0.0022921 secs] [Times: user=0.01 sys=0.01, real=0.00 secs] 
1213.419: [GC (Allocation Failure) [PSYoungGen: 75104K->1392K(75264K)] 438863K->365151K(631808K), 0.0033613 secs] [Times: user=0.01 sys=0.00, real=0.00 secs] 
1215.123: [GC (Allocation Failure) [PSYoungGen: 75120K->384K(74752K)] 438879K->365175K(631296K), 0.0028050 secs] [Times: user=0.01 sys=0.00, real=0.00 secs] 
1216.492: [GC (Allocation Failure) [PSYoungGen: 74112K->352K(75776K)] 438903K->365143K(632320K), 0.0052933 secs] [Times: user=0.02 sys=0.00, real=0.01 secs] 
1217.241: [GC (Allocation Failure) [PSYoungGen: 74080K->384K(75776K)] 438871K->365175K(632320K), 0.0035197 secs] [Times: user=0.02 sys=0.01, real=0.00 secs] 
1217.642: [GC (Allocation Failure) [PSYoungGen: 74112K->352K(75776K)] 438903K->365151K(632320K), 0.0020232 secs] [Times: user=0.00 sys=0.00, real=0.00 secs] 
1218.749: [GC (Allocation Failure) [PSYoungGen: 74080K->1920K(75264K)] 438879K->366727K(631808K), 0.0035594 secs] [Times: user=0.01 sys=0.00, real=0.00 secs] 
1220.322: [GC (Allocation Failure) [PSYoungGen: 75136K->1344K(75776K)] 439943K->366151K(632320K), 0.0036194 secs] [Times: user=0.02 sys=0.00, real=0.00 secs] 
1220.909: [GC (Allocation Failure) [PSYoungGen: 74560K->1408K(75776K)] 439367K->366215K(632320K), 0.0029506 secs] [Times: user=0.01 sys=0.00, real=0.00 secs] 
1221.495: [GC (Allocation Failure) [PSYoungGen: 74624K->1408K(75776K)] 439431K->366223K(632320K), 0.0038637 secs] [Times: user=0.02 sys=0.00, real=0.01 secs] 
1222.406: [GC (Allocation Failure) [PSYoungGen: 74624K->1504K(75776K)] 439439K->366327K(632320K), 0.0018690 secs] [Times: user=0.01 sys=0.00, real=0.00 secs] 
1222.707: [GC (Allocation Failure) [PSYoungGen: 74720K->1376K(75776K)] 439543K->366199K(632320K), 0.0017933 secs] [Times: user=0.01 sys=0.00, real=0.00 secs] 
1223.081: [GC (Allocation Failure) [PSYoungGen: 74592K->1408K(75776K)] 439415K->366239K(632320K), 0.0017636 secs] [Times: user=0.01 sys=0.00, real=0.00 secs] 
1223.640: [GC (Allocation Failure) [PSYoungGen: 74624K->1376K(75776K)] 439455K->366215K(632320K), 0.0023634 secs] [Times: user=0.01 sys=0.00, real=0.00 secs] 
1224.644: [GC (Allocation Failure) [PSYoungGen: 74592K->1373K(74752K)] 439431K->366212K(631296K), 0.0017940 secs] [Times: user=0.01 sys=0.01, real=0.00 secs] 
1225.575: [GC (Allocation Failure) [PSYoungGen: 74589K->1376K(75264K)] 439428K->366215K(631808K), 0.0045564 secs] [Times: user=0.01 sys=0.00, real=0.01 secs] 
1226.375: [GC (Allocation Failure) [PSYoungGen: 74592K->1408K(75264K)] 439431K->366247K(631808K), 0.0027847 secs] [Times: user=0.01 sys=0.00, real=0.01 secs] 
1226.956: [GC (Allocation Failure) [PSYoungGen: 74624K->1344K(75264K)] 439463K->366191K(631808K), 0.0036513 secs] [Times: user=0.01 sys=0.01, real=0.01 secs] 
1227.843: [GC (Allocation Failure) [PSYoungGen: 74560K->1373K(75264K)] 439407K->366228K(631808K), 0.0016641 secs] [Times: user=0.01 sys=0.01, real=0.00 secs] 
1229.472: [GC (Allocation Failure) [PSYoungGen: 74589K->1376K(75264K)] 439444K->366239K(631808K), 0.0026618 secs] [Times: user=0.02 sys=0.00, real=0.00 secs] 
1229.773: [GC (Allocation Failure) [PSYoungGen: 74592K->1408K(75264K)] 439455K->366271K(631808K), 0.0021015 secs] [Times: user=0.01 sys=0.00, real=0.00 secs] 
1230.287: [GC (Allocation Failure) [PSYoungGen: 74624K->1376K(75264K)] 439487K->366247K(631808K), 0.0020349 secs] [Times: user=0.01 sys=0.00, real=0.00 secs] 
1231.047: [GC (Allocation Failure) [PSYoungGen: 74592K->1392K(75264K)] 439463K->366263K(631808K), 0.0019277 secs] [Times: user=0.01 sys=0.00, real=0.00 secs] 
1231.757: [GC (Allocation Failure) [PSYoungGen: 74608K->1424K(75264K)] 439479K->366295K(631808K), 0.0018810 secs] [Times: user=0.00 sys=0.00, real=0.00 secs] 
1232.061: [GC (Allocation Failure) [PSYoungGen: 74640K->1440K(75264K)] 439511K->366311K(631808K), 0.0018409 secs] [Times: user=0.01 sys=0.00, real=0.00 secs] 
1232.365: [GC (Allocation Failure) [PSYoungGen: 74656K->1408K(75264K)] 439527K->366279K(631808K), 0.0018660 secs] [Times: user=0.01 sys=0.00, real=0.01 secs] 
1232.761: [GC (Allocation Failure) [PSYoungGen: 74612K->320K(75264K)] 439483K->365191K(631808K), 0.0018014 secs] [Times: user=0.01 sys=0.00, real=0.00 secs] 
1233.492: [GC (Allocation Failure) [PSYoungGen: 73536K->1440K(75264K)] 438407K->366311K(631808K), 0.0017966 secs] [Times: user=0.00 sys=0.00, real=0.00 secs] 
1233.797: [GC (Allocation Failure) [PSYoungGen: 74656K->1344K(75264K)] 439527K->366215K(631808K), 0.0018549 secs] [Times: user=0.00 sys=0.00, real=0.00 secs] 
1234.100: [GC (Allocation Failure) [PSYoungGen: 74560K->1408K(75264K)] 439431K->366279K(631808K), 0.0018395 secs] [Times: user=0.01 sys=0.00, real=0.00 secs] 
1234.404: [GC (Allocation Failure) [PSYoungGen: 74624K->1408K(82432K)] 439495K->366295K(638976K), 0.0018485 secs] [Times: user=0.01 sys=0.00, real=0.00 secs] 
1236.215: [GC (Allocation Failure) [PSYoungGen: 81792K->1440K(81408K)] 446679K->366327K(637952K), 0.0037356 secs] [Times: user=0.02 sys=0.00, real=0.01 secs] 
1236.713: [GC (Allocation Failure) [PSYoungGen: 81312K->1408K(80896K)] 446199K->366295K(637440K), 0.0021608 secs] [Times: user=0.01 sys=0.00, real=0.00 secs] 
1237.444: [GC (Allocation Failure) [PSYoungGen: 80768K->1408K(80384K)] 445655K->366295K(636928K), 0.0024096 secs] [Times: user=0.01 sys=0.00, real=0.01 secs] 
1238.480: [GC (Allocation Failure) [PSYoungGen: 80256K->1373K(79872K)] 445143K->366268K(636416K), 0.0017032 secs] [Times: user=0.01 sys=0.00, real=0.00 secs] 
1239.081: [GC (Allocation Failure) [PSYoungGen: 79709K->1408K(79360K)] 444604K->366303K(635904K), 0.0020041 secs] [Times: user=0.01 sys=0.01, real=0.00 secs] 
1239.499: [GC (Allocation Failure) [PSYoungGen: 79232K->1376K(78848K)] 444127K->366271K(635392K), 0.0020128 secs] [Times: user=0.01 sys=0.00, real=0.00 secs] 
1240.085: [GC (Allocation Failure) [PSYoungGen: 78688K->1344K(78336K)] 443583K->366239K(634880K), 0.0018911 secs] [Times: user=0.00 sys=0.00, real=0.01 secs] 
1241.084: [GC (Allocation Failure) [PSYoungGen: 78144K->1408K(77824K)] 443039K->366303K(634368K), 0.0018543 secs] [Times: user=0.00 sys=0.00, real=0.00 secs] 
1241.514: [GC (Allocation Failure) [PSYoungGen: 77696K->1408K(78336K)] 442591K->366303K(634880K), 0.0077437 secs] [Times: user=0.03 sys=0.00, real=0.01 secs] 
1241.867: [GC (Allocation Failure) [PSYoungGen: 77696K->1376K(87040K)] 442591K->366271K(643584K), 0.0026550 secs] [Times: user=0.01 sys=0.00, real=0.00 secs] 
1242.255: [GC (Allocation Failure) [PSYoungGen: 86368K->1392K(87040K)] 451263K->366287K(643584K), 0.0025598 secs] [Times: user=0.01 sys=0.00, real=0.01 secs] 
1243.417: [GC (Allocation Failure) [PSYoungGen: 86384K->1392K(95744K)] 451279K->366287K(652288K), 0.0019146 secs] [Times: user=0.01 sys=0.00, real=0.00 secs] 
1244.138: [GC (Allocation Failure) [PSYoungGen: 95600K->1312K(96256K)] 460495K->366231K(652800K), 0.0024154 secs] [Times: user=0.01 sys=0.00, real=0.00 secs] 
1244.628: [GC (Allocation Failure) [PSYoungGen: 95520K->1328K(105472K)] 460439K->366247K(662016K), 0.0020389 secs] [Times: user=0.00 sys=0.00, real=0.00 secs] 
1245.965: [GC (Allocation Failure) [PSYoungGen: 104752K->1408K(104448K)] 469671K->366327K(660992K), 0.0019585 secs] [Times: user=0.01 sys=0.00, real=0.01 secs] 
1246.742: [GC (Allocation Failure) [PSYoungGen: 104320K->1376K(103936K)] 469239K->366295K(660480K), 0.0019694 secs] [Times: user=0.01 sys=0.01, real=0.00 secs] 
1247.229: [GC (Allocation Failure) [PSYoungGen: 103776K->1376K(103424K)] 468695K->366295K(659968K), 0.0018804 secs] [Times: user=0.01 sys=0.00, real=0.00 secs] 
1248.830: [GC (Allocation Failure) [PSYoungGen: 103264K->1360K(102912K)] 468183K->366279K(659456K), 0.0045063 secs] [Times: user=0.01 sys=0.00, real=0.00 secs] 
1249.817: [GC (Allocation Failure) [PSYoungGen: 102736K->1376K(102400K)] 467655K->366295K(658944K), 0.0056598 secs] [Times: user=0.02 sys=0.01, real=0.00 secs] 
1250.951: [GC (Allocation Failure) [PSYoungGen: 102240K->384K(100864K)] 467159K->366327K(657408K), 0.0045630 secs] [Times: user=0.02 sys=0.00, real=0.00 secs] 
1252.022: [GC (Allocation Failure) [PSYoungGen: 100736K->1392K(101888K)] 466679K->367335K(658432K), 0.0016384 secs] [Times: user=0.00 sys=0.01, real=0.00 secs] 
1252.649: [GC (Allocation Failure) [PSYoungGen: 101232K->1408K(100864K)] 467175K->367351K(657408K), 0.0017899 secs] [Times: user=0.01 sys=0.00, real=0.00 secs] 
1253.377: [GC (Allocation Failure) [PSYoungGen: 100736K->1344K(100352K)] 466679K->367287K(656896K), 0.0032859 secs] [Times: user=0.01 sys=0.00, real=0.00 secs] 
1254.722: [GC (Allocation Failure) [PSYoungGen: 100160K->1408K(99840K)] 466103K->367351K(656384K), 0.0043925 secs] [Times: user=0.02 sys=0.00, real=0.01 secs] 
1255.592: [GC (Allocation Failure) [PSYoungGen: 99712K->1376K(99328K)] 465655K->367319K(655872K), 0.0032566 secs] [Times: user=0.01 sys=0.01, real=0.00 secs] 
1256.377: [GC (Allocation Failure) [PSYoungGen: 99168K->1376K(98816K)] 465111K->367319K(655360K), 0.0035199 secs] [Times: user=0.02 sys=0.00, real=0.00 secs] 
1258.042: [GC (Allocation Failure) [PSYoungGen: 98656K->1344K(98304K)] 464599K->367287K(654848K), 0.0050561 secs] [Times: user=0.02 sys=0.00, real=0.01 secs] 
1259.342: [GC (Allocation Failure) [PSYoungGen: 98112K->1376K(97792K)] 464055K->367319K(654336K), 0.0080095 secs] [Times: user=0.04 sys=0.00, real=0.01 secs] 
1260.343: [GC (Allocation Failure) [PSYoungGen: 97632K->1344K(97280K)] 463575K->367287K(653824K), 0.0028228 secs] [Times: user=0.01 sys=0.01, real=0.00 secs] 
1261.649: [GC (Allocation Failure) [PSYoungGen: 97088K->1344K(96768K)] 463031K->367295K(653312K), 0.0048551 secs] [Times: user=0.02 sys=0.00, real=0.00 secs] 
1262.544: [GC (Allocation Failure) [PSYoungGen: 96576K->1376K(96256K)] 462527K->367327K(652800K), 0.0030695 secs] [Times: user=0.01 sys=0.00, real=0.01 secs] 
1263.342: [GC (Allocation Failure) [PSYoungGen: 96096K->1376K(95744K)] 462047K->367327K(652288K), 0.0024397 secs] [Times: user=0.01 sys=0.00, real=0.00 secs] 
1264.509: [GC (Allocation Failure) [PSYoungGen: 95584K->1440K(95232K)] 461535K->367391K(651776K), 0.0021848 secs] [Times: user=0.01 sys=0.00, real=0.00 secs] 
1264.928: [GC (Allocation Failure) [PSYoungGen: 95136K->1408K(94720K)] 461087K->367359K(651264K), 0.0020571 secs] [Times: user=0.00 sys=0.00, real=0.00 secs] 
1265.315: [GC (Allocation Failure) [PSYoungGen: 94592K->1376K(94208K)] 460543K->367335K(650752K), 0.0020664 secs] [Times: user=0.01 sys=0.00, real=0.01 secs] 
1266.100: [GC (Allocation Failure) [PSYoungGen: 94048K->1328K(93696K)] 460007K->367287K(650240K), 0.0015353 secs] [Times: user=0.00 sys=0.00, real=0.00 secs] 
1267.906: [GC (Allocation Failure) [PSYoungGen: 93488K->1376K(93184K)] 459447K->367335K(649728K), 0.0039473 secs] [Times: user=0.01 sys=0.00, real=0.01 secs] 
1268.648: [GC (Allocation Failure) [PSYoungGen: 93024K->1376K(92672K)] 458983K->367335K(649216K), 0.0021596 secs] [Times: user=0.01 sys=0.00, real=0.00 secs] 
1269.061: [GC (Allocation Failure) [PSYoungGen: 92512K->1376K(92160K)] 458471K->367335K(648704K), 0.0021086 secs] [Times: user=0.01 sys=0.00, real=0.00 secs] 
1270.566: [GC (Allocation Failure) [PSYoungGen: 92000K->384K(90624K)] 457959K->367375K(647168K), 0.0030102 secs] [Times: user=0.01 sys=0.00, real=0.01 secs] 
1271.915: [GC (Allocation Failure) [PSYoungGen: 90496K->352K(91648K)] 457487K->367343K(648192K), 0.0047520 secs] [Times: user=0.02 sys=0.00, real=0.01 secs] 
1273.155: [GC (Allocation Failure) [PSYoungGen: 89952K->320K(89600K)] 456943K->367311K(646144K), 0.0038108 secs] [Times: user=0.02 sys=0.00, real=0.01 secs] 
1274.205: [GC (Allocation Failure) [PSYoungGen: 89408K->1376K(90624K)] 456399K->368367K(647168K), 0.0017371 secs] [Times: user=0.01 sys=0.00, real=0.01 secs] 
1274.666: [GC (Allocation Failure) [PSYoungGen: 89952K->1376K(89600K)] 456943K->368367K(646144K), 0.0019817 secs] [Times: user=0.00 sys=0.01, real=0.01 secs] 
1275.370: [GC (Allocation Failure) [PSYoungGen: 89440K->1376K(89088K)] 456431K->368367K(645632K), 0.0033469 secs] [Times: user=0.01 sys=0.00, real=0.00 secs] 
1276.620: [GC (Allocation Failure) [PSYoungGen: 88928K->1504K(88576K)] 455919K->368589K(645120K), 0.0017964 secs] [Times: user=0.01 sys=0.00, real=0.00 secs] 
1277.362: [GC (Allocation Failure) [PSYoungGen: 88544K->1344K(88064K)] 455629K->368429K(644608K), 0.0036367 secs] [Times: user=0.02 sys=0.00, real=0.00 secs] 
1278.252: [GC (Allocation Failure) [PSYoungGen: 87872K->1312K(87552K)] 454957K->368397K(644096K), 0.0035253 secs] [Times: user=0.02 sys=0.00, real=0.00 secs] 
1279.369: [GC (Allocation Failure) [PSYoungGen: 87328K->1312K(87040K)] 454413K->368397K(643584K), 0.0038853 secs] [Times: user=0.01 sys=0.00, real=0.00 secs] 
1281.367: [GC (Allocation Failure) [PSYoungGen: 86816K->1504K(86528K)] 453901K->368621K(643072K), 0.0029231 secs] [Times: user=0.01 sys=0.00, real=0.00 secs] 
1282.220: [GC (Allocation Failure) [PSYoungGen: 86496K->1533K(86016K)] 453613K->368650K(642560K), 0.0032602 secs] [Times: user=0.01 sys=0.00, real=0.00 secs] 
1283.412: [GC (Allocation Failure) [PSYoungGen: 86013K->1517K(85504K)] 453130K->368642K(642048K), 0.0050407 secs] [Times: user=0.02 sys=0.00, real=0.01 secs] 
1284.888: [GC (Allocation Failure) [PSYoungGen: 85485K->2029K(85504K)] 452610K->369178K(642048K), 0.0017518 secs] [Times: user=0.01 sys=0.00, real=0.00 secs] 
1285.687: [GC (Allocation Failure) [PSYoungGen: 85485K->1501K(84480K)] 452634K->368650K(641024K), 0.0041319 secs] [Times: user=0.01 sys=0.01, real=0.00 secs] 
1286.434: [GC (Allocation Failure) [PSYoungGen: 84445K->1533K(83968K)] 451594K->368682K(640512K), 0.0037115 secs] [Times: user=0.01 sys=0.00, real=0.01 secs] 
1286.869: [GC (Allocation Failure) [PSYoungGen: 83965K->1600K(83968K)] 451114K->368749K(640512K), 0.0020750 secs] [Times: user=0.01 sys=0.00, real=0.00 secs] 
1287.658: [GC (Allocation Failure) [PSYoungGen: 83520K->1597K(83456K)] 450669K->368746K(640000K), 0.0018156 secs] [Times: user=0.01 sys=0.00, real=0.00 secs] 
1288.101: [GC (Allocation Failure) [PSYoungGen: 83005K->1517K(82944K)] 450154K->368666K(639488K), 0.0018641 secs] [Times: user=0.01 sys=0.00, real=0.00 secs] 
1288.683: [GC (Allocation Failure) [PSYoungGen: 82413K->1533K(81920K)] 449562K->368682K(638464K), 0.0020512 secs] [Times: user=0.01 sys=0.00, real=0.00 secs] 
1289.395: [GC (Allocation Failure) [PSYoungGen: 81917K->1549K(81920K)] 449066K->368706K(638464K), 0.0035446 secs] [Times: user=0.01 sys=0.00, real=0.01 secs] 
1291.361: [GC (Allocation Failure) [PSYoungGen: 81421K->1408K(80896K)] 448578K->368707K(637440K), 0.0047483 secs] [Times: user=0.01 sys=0.00, real=0.00 secs] 
1292.289: [GC (Allocation Failure) [PSYoungGen: 80768K->1408K(80384K)] 448067K->368707K(636928K), 0.0035130 secs] [Times: user=0.02 sys=0.00, real=0.00 secs] 
1293.326: [GC (Allocation Failure) [PSYoungGen: 80256K->1408K(79872K)] 447555K->368707K(636416K), 0.0041861 secs] [Times: user=0.02 sys=0.00, real=0.01 secs] 
1294.715: [GC (Allocation Failure) [PSYoungGen: 79744K->1440K(79360K)] 447043K->368739K(635904K), 0.0017273 secs] [Times: user=0.01 sys=0.00, real=0.01 secs] 
1296.091: [GC (Allocation Failure) [PSYoungGen: 79264K->1376K(78848K)] 446563K->368736K(635392K), 0.0048493 secs] [Times: user=0.01 sys=0.00, real=0.00 secs] 
1296.824: [GC (Allocation Failure) [PSYoungGen: 78688K->1344K(78336K)] 446048K->368704K(634880K), 0.0029408 secs] [Times: user=0.01 sys=0.00, real=0.01 secs] 
1297.521: [GC (Allocation Failure) [PSYoungGen: 78144K->1360K(77824K)] 445504K->368720K(634368K), 0.0037696 secs] [Times: user=0.02 sys=0.00, real=0.00 secs] 
1298.994: [GC (Allocation Failure) [PSYoungGen: 77648K->1408K(77312K)] 445008K->368768K(633856K), 0.0027982 secs] [Times: user=0.01 sys=0.00, real=0.01 secs] 
1300.123: [GC (Allocation Failure) [PSYoungGen: 77184K->1376K(76800K)] 444544K->368744K(633344K), 0.0038465 secs] [Times: user=0.02 sys=0.00, real=0.01 secs] 
1301.137: [GC (Allocation Failure) [PSYoungGen: 76640K->1376K(76288K)] 444008K->368744K(632832K), 0.0033894 secs] [Times: user=0.01 sys=0.00, real=0.00 secs] 
1301.896: [GC (Allocation Failure) [PSYoungGen: 76128K->1376K(75776K)] 443496K->368744K(632320K), 0.0032693 secs] [Times: user=0.01 sys=0.00, real=0.00 secs] 
1303.209: [GC (Allocation Failure) [PSYoungGen: 75616K->1408K(75264K)] 442984K->368776K(631808K), 0.0024183 secs] [Times: user=0.01 sys=0.00, real=0.00 secs] 
1303.574: [GC (Allocation Failure) [PSYoungGen: 75136K->1376K(75264K)] 442504K->368744K(631808K), 0.0020212 secs] [Times: user=0.01 sys=0.00, real=0.00 secs] 
1303.884: [GC (Allocation Failure) [PSYoungGen: 75104K->1408K(75776K)] 442472K->368776K(632320K), 0.0019833 secs] [Times: user=0.00 sys=0.00, real=0.00 secs] 
1304.190: [GC (Allocation Failure) [PSYoungGen: 75136K->1344K(75776K)] 442504K->368712K(632320K), 0.0019550 secs] [Times: user=0.01 sys=0.00, real=0.00 secs] 
1304.958: [GC (Allocation Failure) [PSYoungGen: 75072K->1376K(75776K)] 442440K->368744K(632320K), 0.0017368 secs] [Times: user=0.01 sys=0.00, real=0.00 secs] 
1305.553: [GC (Allocation Failure) [PSYoungGen: 75104K->1408K(75776K)] 442472K->368776K(632320K), 0.0018657 secs] [Times: user=0.00 sys=0.00, real=0.00 secs] 
1306.137: [GC (Allocation Failure) [PSYoungGen: 75136K->1344K(75776K)] 442504K->368712K(632320K), 0.0019421 secs] [Times: user=0.01 sys=0.00, real=0.00 secs] 
1306.775: [GC (Allocation Failure) [PSYoungGen: 75072K->1392K(75776K)] 442440K->368760K(632320K), 0.0034600 secs] [Times: user=0.01 sys=0.00, real=0.01 secs] 
1307.998: [GC (Allocation Failure) [PSYoungGen: 75120K->1920K(75776K)] 442488K->369304K(632320K), 0.0033320 secs] [Times: user=0.02 sys=0.00, real=0.00 secs] 
1309.190: [GC (Allocation Failure) [PSYoungGen: 75648K->1376K(75776K)] 443032K->368760K(632320K), 0.0032805 secs] [Times: user=0.01 sys=0.00, real=0.00 secs] 
1309.896: [GC (Allocation Failure) [PSYoungGen: 75104K->1376K(75776K)] 442488K->368760K(632320K), 0.0036038 secs] [Times: user=0.01 sys=0.00, real=0.01 secs] 
1310.743: [GC (Allocation Failure) [PSYoungGen: 75104K->1408K(75776K)] 442488K->368792K(632320K), 0.0031558 secs] [Times: user=0.01 sys=0.00, real=0.00 secs] 
1311.867: [GC (Allocation Failure) [PSYoungGen: 75136K->1904K(75776K)] 442520K->369288K(632320K), 0.0016416 secs] [Times: user=0.01 sys=0.00, real=0.00 secs] 
1312.563: [GC (Allocation Failure) [PSYoungGen: 75632K->1376K(75776K)] 443016K->368760K(632320K), 0.0051662 secs] [Times: user=0.02 sys=0.00, real=0.01 secs] 
1313.143: [GC (Allocation Failure) [PSYoungGen: 75104K->1376K(75776K)] 442488K->368760K(632320K), 0.0025495 secs] [Times: user=0.01 sys=0.00, real=0.00 secs] 
1313.450: [GC (Allocation Failure) [PSYoungGen: 75104K->1376K(75776K)] 442488K->368760K(632320K), 0.0022015 secs] [Times: user=0.00 sys=0.00, real=0.00 secs] 
1314.335: [GC (Allocation Failure) [PSYoungGen: 75104K->1488K(75264K)] 442488K->368872K(631808K), 0.0018794 secs] [Times: user=0.01 sys=0.00, real=0.01 secs] 
1315.021: [GC (Allocation Failure) [PSYoungGen: 75216K->1360K(75264K)] 442600K->368744K(631808K), 0.0024540 secs] [Times: user=0.01 sys=0.00, real=0.00 secs] 
1315.654: [GC (Allocation Failure) [PSYoungGen: 75088K->1376K(75264K)] 442472K->368760K(631808K), 0.0022007 secs] [Times: user=0.01 sys=0.00, real=0.01 secs] 
1316.010: [GC (Allocation Failure) [PSYoungGen: 75104K->1360K(75264K)] 442488K->368744K(631808K), 0.0022241 secs] [Times: user=0.01 sys=0.00, real=0.00 secs] 
1316.793: [GC (Allocation Failure) [PSYoungGen: 75088K->1373K(75264K)] 442472K->368765K(631808K), 0.0015355 secs] [Times: user=0.00 sys=0.00, real=0.00 secs] 
1317.805: [GC (Allocation Failure) [PSYoungGen: 75101K->1408K(75264K)] 442493K->368800K(631808K), 0.0054873 secs] [Times: user=0.02 sys=0.00, real=0.01 secs] 
1318.660: [GC (Allocation Failure) [PSYoungGen: 75136K->1360K(75264K)] 442528K->368752K(631808K), 0.0045601 secs] [Times: user=0.02 sys=0.01, real=0.00 secs] 
1319.498: [GC (Allocation Failure) [PSYoungGen: 75088K->1344K(75264K)] 442480K->368736K(631808K), 0.0037180 secs] [Times: user=0.02 sys=0.00, real=0.00 secs] 
1320.366: [GC (Allocation Failure) [PSYoungGen: 75072K->1373K(75264K)] 442464K->368765K(631808K), 0.0015372 secs] [Times: user=0.01 sys=0.00, real=0.01 secs] 
1321.322: [GC (Allocation Failure) [PSYoungGen: 75101K->1376K(75264K)] 442493K->368768K(631808K), 0.0025782 secs] [Times: user=0.01 sys=0.00, real=0.00 secs] 
1322.278: [GC (Allocation Failure) [PSYoungGen: 75104K->1408K(75264K)] 442496K->368800K(631808K), 0.0030022 secs] [Times: user=0.01 sys=0.00, real=0.00 secs] 
1323.222: [GC (Allocation Failure) [PSYoungGen: 75136K->1376K(75264K)] 442528K->368768K(631808K), 0.0033376 secs] [Times: user=0.01 sys=0.00, real=0.00 secs] 
1324.028: [GC (Allocation Failure) [PSYoungGen: 75104K->1373K(75264K)] 442496K->368765K(631808K), 0.0014076 secs] [Times: user=0.01 sys=0.00, real=0.00 secs] 
1324.839: [GC (Allocation Failure) [PSYoungGen: 75101K->1376K(75264K)] 442493K->368768K(631808K), 0.0022569 secs] [Times: user=0.01 sys=0.00, real=0.00 secs] 
1325.535: [GC (Allocation Failure) [PSYoungGen: 75104K->1344K(75776K)] 442496K->368736K(632320K), 0.0026039 secs] [Times: user=0.01 sys=0.00, real=0.01 secs] 
1325.848: [GC (Allocation Failure) [PSYoungGen: 75072K->1344K(75264K)] 442464K->368744K(631808K), 0.0022762 secs] [Times: user=0.01 sys=0.00, real=0.00 secs] 
1326.372: [GC (Allocation Failure) [PSYoungGen: 75072K->1360K(75264K)] 442472K->368760K(631808K), 0.0015093 secs] [Times: user=0.00 sys=0.00, real=0.00 secs] 
1327.024: [GC (Allocation Failure) [PSYoungGen: 75088K->1408K(75264K)] 442488K->368816K(631808K), 0.0019900 secs] [Times: user=0.01 sys=0.00, real=0.00 secs] 
1327.348: [GC (Allocation Failure) [PSYoungGen: 75136K->1376K(75264K)] 442544K->368784K(631808K), 0.0020981 secs] [Times: user=0.01 sys=0.00, real=0.00 secs] 
1327.690: [GC (Allocation Failure) [PSYoungGen: 75104K->1344K(75264K)] 442512K->368752K(631808K), 0.0019163 secs] [Times: user=0.01 sys=0.00, real=0.00 secs] 
1328.140: [GC (Allocation Failure) [PSYoungGen: 75072K->1373K(75264K)] 442480K->368781K(631808K), 0.0015169 secs] [Times: user=0.01 sys=0.00, real=0.00 secs] 
1329.385: [GC (Allocation Failure) [PSYoungGen: 75101K->1408K(75264K)] 442509K->368816K(631808K), 0.0023225 secs] [Times: user=0.01 sys=0.00, real=0.01 secs] 
1330.109: [GC (Allocation Failure) [PSYoungGen: 75136K->1344K(75264K)] 442544K->368752K(631808K), 0.0023368 secs] [Times: user=0.01 sys=0.00, real=0.00 secs] 
1330.855: [GC (Allocation Failure) [PSYoungGen: 75072K->1376K(75264K)] 442480K->368784K(631808K), 0.0029072 secs] [Times: user=0.01 sys=0.00, real=0.01 secs] 
1331.930: [GC (Allocation Failure) [PSYoungGen: 75104K->1373K(75264K)] 442512K->368781K(631808K), 0.0030268 secs] [Times: user=0.01 sys=0.00, real=0.00 secs] 
1332.884: [GC (Allocation Failure) [PSYoungGen: 75101K->1408K(75264K)] 442509K->368816K(631808K), 0.0020570 secs] [Times: user=0.01 sys=0.00, real=0.00 secs] 
1333.203: [GC (Allocation Failure) [PSYoungGen: 75136K->1376K(75264K)] 442544K->368784K(631808K), 0.0021103 secs] [Times: user=0.01 sys=0.00, real=0.00 secs] 
1333.848: [GC (Allocation Failure) [PSYoungGen: 75104K->1376K(75264K)] 442512K->368784K(631808K), 0.0021969 secs] [Times: user=0.01 sys=0.00, real=0.00 secs] 
1334.441: [GC (Allocation Failure) [PSYoungGen: 75104K->1376K(75264K)] 442512K->368784K(631808K), 0.0021049 secs] [Times: user=0.01 sys=0.00, real=0.00 secs] 
1335.386: [GC (Allocation Failure) [PSYoungGen: 75104K->1408K(75264K)] 442512K->368824K(631808K), 0.0020985 secs] [Times: user=0.00 sys=0.00, real=0.01 secs] 
1335.702: [GC (Allocation Failure) [PSYoungGen: 75136K->1408K(75264K)] 442552K->368824K(631808K), 0.0034859 secs] [Times: user=0.02 sys=0.00, real=0.00 secs] 
1336.179: [GC (Allocation Failure) [PSYoungGen: 75136K->1376K(75264K)] 442552K->368792K(631808K), 0.0029521 secs] [Times: user=0.01 sys=0.00, real=0.00 secs] 
1336.915: [GC (Allocation Failure) [PSYoungGen: 75104K->1328K(82944K)] 442520K->368744K(639488K), 0.0030836 secs] [Times: user=0.02 sys=0.00, real=0.01 secs] 
1337.853: [GC (Allocation Failure) [PSYoungGen: 82736K->1376K(82432K)] 450152K->368792K(638976K), 0.0019735 secs] [Times: user=0.01 sys=0.00, real=0.00 secs] 
1338.190: [GC (Allocation Failure) [PSYoungGen: 82272K->320K(81408K)] 449688K->368768K(637952K), 0.0018218 secs] [Times: user=0.01 sys=0.00, real=0.00 secs] 
1338.523: [GC (Allocation Failure) [PSYoungGen: 80704K->384K(80384K)] 449152K->368832K(636928K), 0.0018432 secs] [Times: user=0.00 sys=0.00, real=0.00 secs] 
1339.438: [GC (Allocation Failure) [PSYoungGen: 80256K->1536K(81408K)] 448704K->370000K(637952K), 0.0018857 secs] [Times: user=0.01 sys=0.00, real=0.00 secs] 
1340.308: [GC (Allocation Failure) [PSYoungGen: 80896K->1376K(80384K)] 449360K->369848K(636928K), 0.0023105 secs] [Times: user=0.01 sys=0.00, real=0.00 secs] 
1340.729: [GC (Allocation Failure) [PSYoungGen: 80224K->1376K(79872K)] 448696K->369848K(636416K), 0.0020412 secs] [Times: user=0.00 sys=0.00, real=0.00 secs] 
1341.152: [GC (Allocation Failure) [PSYoungGen: 79712K->1376K(79360K)] 448184K->369848K(635904K), 0.0022841 secs] [Times: user=0.01 sys=0.01, real=0.00 secs] 
1342.309: [GC (Allocation Failure) [PSYoungGen: 79200K->1408K(78848K)] 447672K->369880K(635392K), 0.0036646 secs] [Times: user=0.01 sys=0.00, real=0.00 secs] 
1343.351: [GC (Allocation Failure) [PSYoungGen: 78720K->1408K(78336K)] 447192K->369880K(634880K), 0.0046534 secs] [Times: user=0.02 sys=0.00, real=0.00 secs] 
1344.172: [GC (Allocation Failure) [PSYoungGen: 78208K->1376K(77824K)] 446680K->369848K(634368K), 0.0033129 secs] [Times: user=0.01 sys=0.00, real=0.00 secs] 
1344.948: [GC (Allocation Failure) [PSYoungGen: 77664K->1376K(77312K)] 446136K->369848K(633856K), 0.0031720 secs] [Times: user=0.01 sys=0.00, real=0.00 secs] 
1345.866: [GC (Allocation Failure) [PSYoungGen: 77152K->1440K(76800K)] 445624K->369920K(633344K), 0.0018778 secs] [Times: user=0.01 sys=0.00, real=0.01 secs] 
1346.179: [GC (Allocation Failure) [PSYoungGen: 76704K->1408K(76288K)] 445184K->369888K(632832K), 0.0019054 secs] [Times: user=0.00 sys=0.00, real=0.00 secs] 
1346.489: [GC (Allocation Failure) [PSYoungGen: 76160K->1376K(75776K)] 444640K->369856K(632320K), 0.0017834 secs] [Times: user=0.01 sys=0.00, real=0.00 secs] 
1346.798: [GC (Allocation Failure) [PSYoungGen: 75616K->1376K(76800K)] 444096K->369856K(633344K), 0.0023787 secs] [Times: user=0.01 sys=0.00, real=0.00 secs] 
1347.869: [GC (Allocation Failure) [PSYoungGen: 76128K->1408K(75776K)] 444608K->369888K(632320K), 0.0030181 secs] [Times: user=0.01 sys=0.00, real=0.00 secs] 
1348.658: [GC (Allocation Failure) [PSYoungGen: 75648K->1360K(75264K)] 444128K->369840K(631808K), 0.0036356 secs] [Times: user=0.01 sys=0.00, real=0.00 secs] 
1349.355: [GC (Allocation Failure) [PSYoungGen: 75088K->1360K(75264K)] 443568K->369840K(631808K), 0.0029210 secs] [Times: user=0.01 sys=0.00, real=0.01 secs] 
1349.887: [GC (Allocation Failure) [PSYoungGen: 75088K->1376K(75264K)] 443568K->369864K(631808K), 0.0023476 secs] [Times: user=0.01 sys=0.00, real=0.00 secs] 
1351.125: [GC (Allocation Failure) [PSYoungGen: 75104K->1408K(75264K)] 443592K->369896K(631808K), 0.0021788 secs] [Times: user=0.00 sys=0.00, real=0.01 secs] 
1351.467: [GC (Allocation Failure) [PSYoungGen: 75136K->1376K(75264K)] 443624K->369864K(631808K), 0.0022184 secs] [Times: user=0.01 sys=0.00, real=0.00 secs] 
1351.774: [GC (Allocation Failure) [PSYoungGen: 75104K->1376K(80384K)] 443592K->369864K(636928K), 0.0024101 secs] [Times: user=0.01 sys=0.00, real=0.00 secs] 
1352.110: [GC (Allocation Failure) [PSYoungGen: 80224K->1344K(80896K)] 448712K->369848K(637440K), 0.0020078 secs] [Times: user=0.00 sys=0.00, real=0.00 secs] 
1353.017: [GC (Allocation Failure) [PSYoungGen: 80192K->1376K(79872K)] 448696K->369880K(636416K), 0.0026979 secs] [Times: user=0.01 sys=0.00, real=0.00 secs] 
1353.418: [GC (Allocation Failure) [PSYoungGen: 79712K->1360K(79360K)] 448216K->369864K(635904K), 0.0022873 secs] [Times: user=0.00 sys=0.00, real=0.00 secs] 
1353.999: [GC (Allocation Failure) [PSYoungGen: 79184K->1328K(78848K)] 447688K->369832K(635392K), 0.0025912 secs] [Times: user=0.01 sys=0.00, real=0.00 secs] 
1354.606: [GC (Allocation Failure) [PSYoungGen: 78640K->1376K(78336K)] 447144K->369904K(634880K), 0.0026380 secs] [Times: user=0.01 sys=0.00, real=0.01 secs] 
1356.112: [GC (Allocation Failure) [PSYoungGen: 78176K->384K(76800K)] 446704K->369936K(633344K), 0.0054473 secs] [Times: user=0.03 sys=0.00, real=0.01 secs] 
1357.309: [GC (Allocation Failure) [PSYoungGen: 76672K->352K(77824K)] 446224K->369904K(634368K), 0.0043586 secs] [Times: user=0.02 sys=0.00, real=0.00 secs] 
1358.159: [GC (Allocation Failure) [PSYoungGen: 76128K->288K(75776K)] 445680K->369840K(632320K), 0.0036124 secs] [Times: user=0.01 sys=0.00, real=0.00 secs] 
1358.758: [GC (Allocation Failure) [PSYoungGen: 75552K->352K(76800K)] 445104K->369904K(633344K), 0.0025541 secs] [Times: user=0.01 sys=0.00, real=0.00 secs] 
1360.324: [GC (Allocation Failure) [PSYoungGen: 75104K->1408K(75776K)] 444656K->370960K(632320K), 0.0044190 secs] [Times: user=0.01 sys=0.00, real=0.01 secs] 
1361.220: [GC (Allocation Failure) [PSYoungGen: 75648K->1312K(75264K)] 445200K->370864K(631808K), 0.0038164 secs] [Times: user=0.02 sys=0.00, real=0.00 secs] 
1362.076: [GC (Allocation Failure) [PSYoungGen: 75040K->1376K(75264K)] 444592K->370928K(631808K), 0.0034292 secs] [Times: user=0.01 sys=0.00, real=0.01 secs] 
1362.858: [GC (Allocation Failure) [PSYoungGen: 75104K->1376K(75264K)] 444656K->370928K(631808K), 0.0035298 secs] [Times: user=0.01 sys=0.00, real=0.00 secs] 
1363.829: [GC (Allocation Failure) [PSYoungGen: 75104K->1376K(75264K)] 444656K->370928K(631808K), 0.0019246 secs] [Times: user=0.01 sys=0.00, real=0.00 secs] 
1364.217: [GC (Allocation Failure) [PSYoungGen: 75104K->1376K(75264K)] 444656K->370928K(631808K), 0.0020960 secs] [Times: user=0.01 sys=0.00, real=0.00 secs] 
1364.739: [GC (Allocation Failure) [PSYoungGen: 75104K->1376K(75264K)] 444656K->370928K(631808K), 0.0019723 secs] [Times: user=0.00 sys=0.00, real=0.00 secs] 
1365.335: [GC (Allocation Failure) [PSYoungGen: 75104K->1376K(75264K)] 444656K->370928K(631808K), 0.0021153 secs] [Times: user=0.01 sys=0.00, real=0.01 secs] 
1366.523: [GC (Allocation Failure) [PSYoungGen: 75104K->1408K(75264K)] 444656K->370960K(631808K), 0.0018327 secs] [Times: user=0.01 sys=0.00, real=0.00 secs] 
1367.455: [GC (Allocation Failure) [PSYoungGen: 75136K->1408K(75264K)] 444688K->370960K(631808K), 0.0030816 secs] [Times: user=0.01 sys=0.00, real=0.01 secs] 
1368.164: [GC (Allocation Failure) [PSYoungGen: 75136K->1376K(75264K)] 444688K->370928K(631808K), 0.0023584 secs] [Times: user=0.01 sys=0.00, real=0.00 secs] 
1368.796: [GC (Allocation Failure) [PSYoungGen: 75104K->1408K(75264K)] 444656K->370976K(631808K), 0.0025454 secs] [Times: user=0.01 sys=0.00, real=0.01 secs] 
1370.007: [GC (Allocation Failure) [PSYoungGen: 75136K->1328K(75264K)] 444704K->370896K(631808K), 0.0044280 secs] [Times: user=0.01 sys=0.00, real=0.00 secs] 
1370.598: [GC (Allocation Failure) [PSYoungGen: 75056K->1376K(75264K)] 444624K->370944K(631808K), 0.0027744 secs] [Times: user=0.01 sys=0.00, real=0.00 secs] 
1371.192: [GC (Allocation Failure) [PSYoungGen: 75104K->1328K(75264K)] 444672K->370896K(631808K), 0.0033316 secs] [Times: user=0.01 sys=0.00, real=0.00 secs] 
1371.833: [GC (Allocation Failure) [PSYoungGen: 75056K->1376K(75264K)] 444624K->370944K(631808K), 0.0030454 secs] [Times: user=0.01 sys=0.00, real=0.00 secs] 
1372.750: [GC (Allocation Failure) [PSYoungGen: 75104K->1376K(75264K)] 444672K->370944K(631808K), 0.0026529 secs] [Times: user=0.01 sys=0.00, real=0.00 secs] 
1373.137: [GC (Allocation Failure) [PSYoungGen: 75104K->1344K(75264K)] 444672K->370912K(631808K), 0.0021151 secs] [Times: user=0.01 sys=0.00, real=0.00 secs] 
1373.491: [GC (Allocation Failure) [PSYoungGen: 75072K->1376K(75776K)] 444640K->370944K(632320K), 0.0020215 secs] [Times: user=0.01 sys=0.00, real=0.00 secs] 
1373.798: [GC (Allocation Failure) [PSYoungGen: 75104K->1376K(75776K)] 444672K->370944K(632320K), 0.0019403 secs] [Times: user=0.01 sys=0.00, real=0.00 secs] 
1375.626: [GC (Allocation Failure) [PSYoungGen: 75104K->1376K(75776K)] 444672K->370944K(632320K), 0.0028041 secs] [Times: user=0.01 sys=0.00, real=0.01 secs] 
1375.955: [GC (Allocation Failure) [PSYoungGen: 75104K->1376K(75776K)] 444672K->370944K(632320K), 0.0020880 secs] [Times: user=0.01 sys=0.00, real=0.01 secs] 
1376.576: [GC (Allocation Failure) [PSYoungGen: 75104K->1376K(75776K)] 444672K->370952K(632320K), 0.0020218 secs] [Times: user=0.00 sys=0.01, real=0.01 secs] 
1377.426: [GC (Allocation Failure) [PSYoungGen: 75104K->1376K(75776K)] 444680K->370952K(632320K), 0.0024605 secs] [Times: user=0.01 sys=0.00, real=0.01 secs] 
1378.517: [GC (Allocation Failure) [PSYoungGen: 75104K->1392K(75776K)] 444680K->370968K(632320K), 0.0020291 secs] [Times: user=0.00 sys=0.00, real=0.00 secs] 
1379.279: [GC (Allocation Failure) [PSYoungGen: 75120K->1392K(75776K)] 444696K->370968K(632320K), 0.0019855 secs] [Times: user=0.01 sys=0.00, real=0.00 secs] 
1379.726: [GC (Allocation Failure) [PSYoungGen: 75120K->1344K(75776K)] 444696K->370920K(632320K), 0.0020417 secs] [Times: user=0.00 sys=0.00, real=0.01 secs] 
1380.032: [GC (Allocation Failure) [PSYoungGen: 75072K->1344K(75776K)] 444648K->370920K(632320K), 0.0018683 secs] [Times: user=0.01 sys=0.00, real=0.00 secs] 
1380.793: [GC (Allocation Failure) [PSYoungGen: 75072K->1376K(75776K)] 444648K->370952K(632320K), 0.0018159 secs] [Times: user=0.01 sys=0.00, real=0.00 secs] 
1381.099: [GC (Allocation Failure) [PSYoungGen: 75104K->1344K(75264K)] 444680K->370920K(631808K), 0.0018279 secs] [Times: user=0.01 sys=0.00, real=0.00 secs] 
1381.406: [GC (Allocation Failure) [PSYoungGen: 75072K->1376K(75264K)] 444648K->370952K(631808K), 0.0016816 secs] [Times: user=0.00 sys=0.00, real=0.01 secs] 
1381.712: [GC (Allocation Failure) [PSYoungGen: 75104K->1344K(75264K)] 444680K->370920K(631808K), 0.0016567 secs] [Times: user=0.01 sys=0.00, real=0.00 secs] 
1382.447: [GC (Allocation Failure) [PSYoungGen: 75072K->1376K(75264K)] 444648K->370952K(631808K), 0.0017394 secs] [Times: user=0.01 sys=0.00, real=0.00 secs] 
1382.777: [GC (Allocation Failure) [PSYoungGen: 75104K->1408K(75264K)] 444680K->370984K(631808K), 0.0016840 secs] [Times: user=0.00 sys=0.00, real=0.00 secs] 
1383.243: [GC (Allocation Failure) [PSYoungGen: 75136K->1376K(75264K)] 444712K->370952K(631808K), 0.0021781 secs] [Times: user=0.01 sys=0.00, real=0.00 secs] 
1383.550: [GC (Allocation Failure) [PSYoungGen: 75104K->1408K(75264K)] 444680K->371008K(631808K), 0.0021244 secs] [Times: user=0.01 sys=0.00, real=0.00 secs] 
1385.239: [GC (Allocation Failure) [PSYoungGen: 75136K->1424K(75264K)] 444736K->371024K(631808K), 0.0029007 secs] [Times: user=0.01 sys=0.00, real=0.00 secs] 
1386.120: [GC (Allocation Failure) [PSYoungGen: 75152K->1376K(75264K)] 444752K->370976K(631808K), 0.0029171 secs] [Times: user=0.01 sys=0.00, real=0.00 secs] 
1386.767: [GC (Allocation Failure) [PSYoungGen: 75104K->1376K(75264K)] 444704K->370976K(631808K), 0.0023849 secs] [Times: user=0.01 sys=0.00, real=0.00 secs] 
1387.429: [GC (Allocation Failure) [PSYoungGen: 75104K->1376K(75264K)] 444704K->370976K(631808K), 0.0026862 secs] [Times: user=0.01 sys=0.00, real=0.00 secs] 
1388.424: [GC (Allocation Failure) [PSYoungGen: 75104K->1376K(75264K)] 444704K->370976K(631808K), 0.0016547 secs] [Times: user=0.01 sys=0.00, real=0.00 secs] 
1388.755: [GC (Allocation Failure) [PSYoungGen: 75104K->1376K(75264K)] 444704K->370976K(631808K), 0.0018307 secs] [Times: user=0.01 sys=0.00, real=0.01 secs] 
1389.105: [GC (Allocation Failure) [PSYoungGen: 75104K->1376K(75264K)] 444704K->370976K(631808K), 0.0018193 secs] [Times: user=0.01 sys=0.00, real=0.01 secs] 
1389.605: [GC (Allocation Failure) [PSYoungGen: 75104K->1376K(75264K)] 444704K->370976K(631808K), 0.0018537 secs] [Times: user=0.01 sys=0.00, real=0.01 secs] 
1390.590: [GC (Allocation Failure) [PSYoungGen: 75104K->1408K(75264K)] 444704K->371016K(631808K), 0.0017505 secs] [Times: user=0.01 sys=0.00, real=0.00 secs] 
1391.140: [GC (Allocation Failure) [PSYoungGen: 75136K->1376K(75264K)] 444744K->370984K(631808K), 0.0030991 secs] [Times: user=0.01 sys=0.00, real=0.00 secs] 
1391.944: [GC (Allocation Failure) [PSYoungGen: 75104K->1408K(75264K)] 444712K->371016K(631808K), 0.0031833 secs] [Times: user=0.01 sys=0.00, real=0.01 secs] 
1393.125: [GC (Allocation Failure) [PSYoungGen: 75136K->1376K(75264K)] 444744K->370984K(631808K), 0.0029715 secs] [Times: user=0.01 sys=0.00, real=0.01 secs] 
1394.767: [GC (Allocation Failure) [PSYoungGen: 75104K->1408K(75264K)] 444712K->371016K(631808K), 0.0028530 secs] [Times: user=0.02 sys=0.00, real=0.00 secs] 
1395.849: [GC (Allocation Failure) [PSYoungGen: 75136K->1360K(75264K)] 444744K->370968K(631808K), 0.0023929 secs] [Times: user=0.01 sys=0.00, real=0.00 secs] 
1396.149: [GC (Allocation Failure) [PSYoungGen: 75088K->1376K(75264K)] 444696K->370984K(631808K), 0.0021100 secs] [Times: user=0.01 sys=0.00, real=0.00 secs] 
1396.499: [GC (Allocation Failure) [PSYoungGen: 75104K->1360K(75264K)] 444712K->370976K(631808K), 0.0018154 secs] [Times: user=0.01 sys=0.00, real=0.00 secs] 
1397.458: [GC (Allocation Failure) [PSYoungGen: 75088K->1408K(75264K)] 444704K->371024K(631808K), 0.0019367 secs] [Times: user=0.00 sys=0.00, real=0.00 secs] 
1397.817: [GC (Allocation Failure) [PSYoungGen: 75136K->1408K(75264K)] 444752K->371024K(631808K), 0.0019424 secs] [Times: user=0.01 sys=0.00, real=0.00 secs] 
1398.139: [GC (Allocation Failure) [PSYoungGen: 75136K->1344K(75264K)] 444752K->370960K(631808K), 0.0018611 secs] [Times: user=0.01 sys=0.00, real=0.00 secs] 
1398.489: [GC (Allocation Failure) [PSYoungGen: 75072K->1344K(75264K)] 444688K->370960K(631808K), 0.0019046 secs] [Times: user=0.01 sys=0.00, real=0.00 secs] 
1399.254: [GC (Allocation Failure) [PSYoungGen: 75072K->1392K(75264K)] 444688K->371008K(631808K), 0.0015897 secs] [Times: user=0.01 sys=0.00, real=0.00 secs] 
1399.639: [GC (Allocation Failure) [PSYoungGen: 75120K->1376K(75264K)] 444736K->370992K(631808K), 0.0017977 secs] [Times: user=0.01 sys=0.00, real=0.00 secs] 
1400.000: [GC (Allocation Failure) [PSYoungGen: 75104K->1344K(75264K)] 444720K->370960K(631808K), 0.0016423 secs] [Times: user=0.00 sys=0.00, real=0.00 secs] 
1400.565: [GC (Allocation Failure) [PSYoungGen: 75072K->1376K(75264K)] 444688K->371008K(631808K), 0.0018677 secs] [Times: user=0.01 sys=0.00, real=0.01 secs] 
1401.643: [GC (Allocation Failure) [PSYoungGen: 75104K->864K(75264K)] 444736K->371520K(631808K), 0.0018213 secs] [Times: user=0.00 sys=0.00, real=0.00 secs] 
1402.212: [GC (Allocation Failure) [PSYoungGen: 74592K->352K(75264K)] 445248K->371008K(631808K), 0.0020011 secs] [Times: user=0.01 sys=0.00, real=0.00 secs] 
1402.519: [GC (Allocation Failure) [PSYoungGen: 74080K->352K(75776K)] 444736K->371008K(632320K), 0.0020572 secs] [Times: user=0.00 sys=0.00, real=0.00 secs] 
1402.998: [GC (Allocation Failure) [PSYoungGen: 74080K->384K(75776K)] 444736K->371040K(632320K), 0.0020650 secs] [Times: user=0.01 sys=0.00, real=0.00 secs] 
1404.074: [GC (Allocation Failure) [PSYoungGen: 74112K->1920K(75264K)] 444768K->372592K(631808K), 0.0018726 secs] [Times: user=0.01 sys=0.00, real=0.00 secs] 
1404.933: [GC (Allocation Failure) [PSYoungGen: 75136K->1408K(75776K)] 445808K->372080K(632320K), 0.0043060 secs] [Times: user=0.02 sys=0.00, real=0.01 secs] 
1405.562: [GC (Allocation Failure) [PSYoungGen: 74624K->1376K(75776K)] 445296K->372048K(632320K), 0.0023128 secs] [Times: user=0.01 sys=0.00, real=0.00 secs] 
1406.396: [GC (Allocation Failure) [PSYoungGen: 74592K->1376K(74752K)] 445264K->372048K(631296K), 0.0030801 secs] [Times: user=0.01 sys=0.00, real=0.01 secs] 
1407.682: [GC (Allocation Failure) [PSYoungGen: 74592K->1344K(75264K)] 445264K->372016K(631808K), 0.0015168 secs] [Times: user=0.01 sys=0.00, real=0.00 secs] 
1408.030: [GC (Allocation Failure) [PSYoungGen: 74560K->1376K(75264K)] 445232K->372048K(631808K), 0.0017907 secs] [Times: user=0.01 sys=0.00, real=0.00 secs] 
1408.334: [GC (Allocation Failure) [PSYoungGen: 74592K->1376K(75264K)] 445264K->372048K(631808K), 0.0016606 secs] [Times: user=0.01 sys=0.00, real=0.00 secs] 
1408.637: [GC (Allocation Failure) [PSYoungGen: 74592K->1440K(75264K)] 445264K->372120K(631808K), 0.0017556 secs] [Times: user=0.01 sys=0.00, real=0.00 secs] 
1409.376: [GC (Allocation Failure) [PSYoungGen: 74656K->1405K(75264K)] 445336K->372085K(631808K), 0.0015792 secs] [Times: user=0.01 sys=0.00, real=0.00 secs] 
1410.734: [GC (Allocation Failure) [PSYoungGen: 74621K->1408K(75264K)] 445301K->372088K(631808K), 0.0031480 secs] [Times: user=0.02 sys=0.00, real=0.01 secs] 
1411.797: [GC (Allocation Failure) [PSYoungGen: 74624K->1376K(75264K)] 445304K->372056K(631808K), 0.0035103 secs] [Times: user=0.02 sys=0.01, real=0.00 secs] 
1412.538: [GC (Allocation Failure) [PSYoungGen: 74592K->1408K(75264K)] 445272K->372104K(631808K), 0.0035505 secs] [Times: user=0.02 sys=0.00, real=0.00 secs] 
1413.569: [GC (Allocation Failure) [PSYoungGen: 74624K->1341K(75264K)] 445320K->372037K(631808K), 0.0015182 secs] [Times: user=0.01 sys=0.00, real=0.00 secs] 
1414.560: [GC (Allocation Failure) [PSYoungGen: 74557K->1440K(75264K)] 445253K->372136K(631808K), 0.0022616 secs] [Times: user=0.01 sys=0.00, real=0.00 secs] 
1415.222: [GC (Allocation Failure) [PSYoungGen: 74656K->1408K(75264K)] 445352K->372104K(631808K), 0.0036076 secs] [Times: user=0.02 sys=0.00, real=0.00 secs] 
1416.141: [GC (Allocation Failure) [PSYoungGen: 74624K->1376K(75264K)] 445320K->372080K(631808K), 0.0053041 secs] [Times: user=0.02 sys=0.00, real=0.01 secs] 
1417.155: [GC (Allocation Failure) [PSYoungGen: 74592K->1373K(75264K)] 445296K->372077K(631808K), 0.0022249 secs] [Times: user=0.01 sys=0.00, real=0.01 secs] 
1418.193: [GC (Allocation Failure) [PSYoungGen: 74589K->1408K(75264K)] 445293K->372120K(631808K), 0.0036951 secs] [Times: user=0.01 sys=0.00, real=0.01 secs] 
1419.452: [GC (Allocation Failure) [PSYoungGen: 74624K->1408K(75264K)] 445336K->372120K(631808K), 0.0045515 secs] [Times: user=0.02 sys=0.00, real=0.01 secs] 
1420.252: [GC (Allocation Failure) [PSYoungGen: 74624K->1408K(75264K)] 445336K->372120K(631808K), 0.0030286 secs] [Times: user=0.01 sys=0.00, real=0.00 secs] 
1421.135: [GC (Allocation Failure) [PSYoungGen: 74624K->1376K(75264K)] 445336K->372088K(631808K), 0.0035097 secs] [Times: user=0.02 sys=0.00, real=0.01 secs] 
1422.372: [GC (Allocation Failure) [PSYoungGen: 74592K->1408K(75264K)] 445304K->372120K(631808K), 0.0020819 secs] [Times: user=0.00 sys=0.00, real=0.00 secs] 
1422.960: [GC (Allocation Failure) [PSYoungGen: 74624K->1376K(75264K)] 445336K->372088K(631808K), 0.0022670 secs] [Times: user=0.01 sys=0.00, real=0.00 secs] 
1423.636: [GC (Allocation Failure) [PSYoungGen: 74592K->1376K(75264K)] 445304K->372088K(631808K), 0.0023634 secs] [Times: user=0.01 sys=0.00, real=0.00 secs] 
1424.428: [GC (Allocation Failure) [PSYoungGen: 74592K->1408K(75264K)] 445304K->372120K(631808K), 0.0022456 secs] [Times: user=0.00 sys=0.00, real=0.00 secs] 
1427.330: [GC (Allocation Failure) [PSYoungGen: 74624K->1408K(75264K)] 445336K->372120K(631808K), 0.0034054 secs] [Times: user=0.01 sys=0.00, real=0.00 secs] 
1428.222: [GC (Allocation Failure) [PSYoungGen: 74624K->1408K(75264K)] 445336K->372120K(631808K), 0.0044807 secs] [Times: user=0.02 sys=0.00, real=0.00 secs] 
1428.689: [GC (Allocation Failure) [PSYoungGen: 74624K->1408K(75264K)] 445336K->372120K(631808K), 0.0020625 secs] [Times: user=0.01 sys=0.00, real=0.00 secs] 
1429.325: [GC (Allocation Failure) [PSYoungGen: 74624K->1440K(75264K)] 445336K->372152K(631808K), 0.0021846 secs] [Times: user=0.01 sys=0.00, real=0.01 secs] 
1431.012: [GC (Allocation Failure) [PSYoungGen: 74656K->1440K(75264K)] 445368K->372160K(631808K), 0.0030846 secs] [Times: user=0.01 sys=0.00, real=0.00 secs] 
1431.671: [GC (Allocation Failure) [PSYoungGen: 74656K->1376K(75264K)] 445376K->372096K(631808K), 0.0029963 secs] [Times: user=0.01 sys=0.00, real=0.00 secs] 
1432.337: [GC (Allocation Failure) [PSYoungGen: 74592K->1408K(75264K)] 445312K->372128K(631808K), 0.0021314 secs] [Times: user=0.00 sys=0.01, real=0.00 secs] 
1432.914: [GC (Allocation Failure) [PSYoungGen: 74624K->1376K(74752K)] 445344K->372104K(631296K), 0.0022776 secs] [Times: user=0.01 sys=0.00, real=0.00 secs] 
1434.020: [GC (Allocation Failure) [PSYoungGen: 74592K->1376K(74752K)] 445320K->372104K(631296K), 0.0021008 secs] [Times: user=0.01 sys=0.00, real=0.00 secs] 
1434.674: [GC (Allocation Failure) [PSYoungGen: 74592K->352K(74240K)] 445320K->372104K(630784K), 0.0033803 secs] [Times: user=0.02 sys=0.01, real=0.01 secs] 
1435.295: [GC (Allocation Failure) [PSYoungGen: 73568K->352K(75264K)] 445320K->372104K(631808K), 0.0033185 secs] [Times: user=0.01 sys=0.00, real=0.01 secs] 
1435.919: [GC (Allocation Failure) [PSYoungGen: 73568K->352K(75264K)] 445320K->372104K(631808K), 0.0026622 secs] [Times: user=0.01 sys=0.00, real=0.00 secs] 
1436.992: [GC (Allocation Failure) [PSYoungGen: 73568K->1344K(75264K)] 445320K->373096K(631808K), 0.0017593 secs] [Times: user=0.00 sys=0.00, real=0.00 secs] 
1437.617: [GC (Allocation Failure) [PSYoungGen: 74560K->1376K(75264K)] 446312K->373128K(631808K), 0.0032588 secs] [Times: user=0.01 sys=0.00, real=0.00 secs] 
1437.997: [GC (Allocation Failure) [PSYoungGen: 74592K->1344K(75264K)] 446344K->373096K(631808K), 0.0020219 secs] [Times: user=0.00 sys=0.00, real=0.00 secs] 
1438.301: [GC (Allocation Failure) [PSYoungGen: 74560K->1344K(75264K)] 446312K->373104K(631808K), 0.0020887 secs] [Times: user=0.01 sys=0.00, real=0.00 secs] 
1439.265: [GC (Allocation Failure) [PSYoungGen: 74560K->1376K(75264K)] 446320K->373136K(631808K), 0.0018303 secs] [Times: user=0.01 sys=0.00, real=0.01 secs] 
1440.009: [GC (Allocation Failure) [PSYoungGen: 74592K->1376K(75264K)] 446352K->373136K(631808K), 0.0030810 secs] [Times: user=0.01 sys=0.00, real=0.00 secs] 
1440.858: [GC (Allocation Failure) [PSYoungGen: 74592K->1408K(75264K)] 446352K->373168K(631808K), 0.0024967 secs] [Times: user=0.01 sys=0.00, real=0.00 secs] 
1441.645: [GC (Allocation Failure) [PSYoungGen: 74624K->1376K(75264K)] 446384K->373136K(631808K), 0.0036415 secs] [Times: user=0.02 sys=0.00, real=0.01 secs] 
1443.006: [GC (Allocation Failure) [PSYoungGen: 74592K->1408K(75264K)] 446352K->373168K(631808K), 0.0019276 secs] [Times: user=0.00 sys=0.00, real=0.00 secs] 
1443.904: [GC (Allocation Failure) [PSYoungGen: 74624K->1408K(75264K)] 446384K->373168K(631808K), 0.0020480 secs] [Times: user=0.01 sys=0.00, real=0.00 secs] 
1444.610: [GC (Allocation Failure) [PSYoungGen: 74624K->1376K(75264K)] 446384K->373136K(631808K), 0.0044723 secs] [Times: user=0.02 sys=0.01, real=0.00 secs] 
1445.363: [GC (Allocation Failure) [PSYoungGen: 74592K->1376K(75264K)] 446352K->373136K(631808K), 0.0030404 secs] [Times: user=0.01 sys=0.00, real=0.00 secs] 
1446.852: [GC (Allocation Failure) [PSYoungGen: 74592K->1392K(75264K)] 446352K->373152K(631808K), 0.0020713 secs] [Times: user=0.01 sys=0.00, real=0.00 secs] 
1447.996: [GC (Allocation Failure) [PSYoungGen: 74608K->1376K(75264K)] 446368K->373144K(631808K), 0.0053198 secs] [Times: user=0.02 sys=0.00, real=0.01 secs] 
1448.540: [GC (Allocation Failure) [PSYoungGen: 74592K->1376K(75264K)] 446360K->373144K(631808K), 0.0020321 secs] [Times: user=0.01 sys=0.00, real=0.00 secs] 
1448.904: [GC (Allocation Failure) [PSYoungGen: 74592K->1392K(75264K)] 446360K->373160K(631808K), 0.0020469 secs] [Times: user=0.01 sys=0.00, real=0.00 secs] 
1449.834: [GC (Allocation Failure) [PSYoungGen: 74608K->1440K(75264K)] 446376K->373208K(631808K), 0.0017894 secs] [Times: user=0.01 sys=0.00, real=0.00 secs] 
1450.537: [GC (Allocation Failure) [PSYoungGen: 74656K->1376K(75264K)] 446424K->373144K(631808K), 0.0035292 secs] [Times: user=0.01 sys=0.00, real=0.00 secs] 
1451.177: [GC (Allocation Failure) [PSYoungGen: 74592K->1376K(75264K)] 446360K->373144K(631808K), 0.0032463 secs] [Times: user=0.01 sys=0.01, real=0.00 secs] 
1451.877: [GC (Allocation Failure) [PSYoungGen: 74592K->1344K(75264K)] 446360K->373120K(631808K), 0.0029855 secs] [Times: user=0.02 sys=0.00, real=0.00 secs] 
1453.071: [GC (Allocation Failure) [PSYoungGen: 74560K->1360K(75264K)] 446336K->373136K(631808K), 0.0021535 secs] [Times: user=0.01 sys=0.00, real=0.00 secs] 
1453.838: [GC (Allocation Failure) [PSYoungGen: 74576K->1344K(75264K)] 446352K->373120K(631808K), 0.0044756 secs] [Times: user=0.02 sys=0.00, real=0.00 secs] 
1454.689: [GC (Allocation Failure) [PSYoungGen: 74560K->1344K(75264K)] 446336K->373120K(631808K), 0.0028368 secs] [Times: user=0.01 sys=0.00, real=0.00 secs] 
1455.515: [GC (Allocation Failure) [PSYoungGen: 74560K->1376K(75264K)] 446336K->373152K(631808K), 0.0035563 secs] [Times: user=0.02 sys=0.01, real=0.01 secs] 
1456.751: [GC (Allocation Failure) [PSYoungGen: 74592K->1680K(75264K)] 446368K->373456K(631808K), 0.0017596 secs] [Times: user=0.00 sys=0.00, real=0.00 secs] 
1457.186: [GC (Allocation Failure) [PSYoungGen: 74896K->1408K(75264K)] 446672K->373184K(631808K), 0.0018638 secs] [Times: user=0.00 sys=0.00, real=0.01 secs] 
1457.708: [GC (Allocation Failure) [PSYoungGen: 74624K->1376K(75264K)] 446400K->373160K(631808K), 0.0020004 secs] [Times: user=0.01 sys=0.00, real=0.00 secs] 
1458.470: [GC (Allocation Failure) [PSYoungGen: 74592K->1376K(75264K)] 446376K->373160K(631808K), 0.0020754 secs] [Times: user=0.01 sys=0.00, real=0.00 secs] 
1459.687: [GC (Allocation Failure) [PSYoungGen: 74592K->304K(75264K)] 446376K->372096K(631808K), 0.0015053 secs] [Times: user=0.00 sys=0.00, real=0.00 secs] 
1460.026: [GC (Allocation Failure) [PSYoungGen: 73520K->1392K(75264K)] 445312K->373184K(631808K), 0.0016980 secs] [Times: user=0.01 sys=0.00, real=0.00 secs] 
1460.330: [GC (Allocation Failure) [PSYoungGen: 74608K->1344K(75264K)] 446400K->373144K(631808K), 0.0017494 secs] [Times: user=0.01 sys=0.00, real=0.00 secs] 
1460.634: [GC (Allocation Failure) [PSYoungGen: 74560K->1376K(75264K)] 446360K->373184K(631808K), 0.0016909 secs] [Times: user=0.01 sys=0.00, real=0.00 secs] 
1461.249: [GC (Allocation Failure) [PSYoungGen: 74592K->1373K(75264K)] 446400K->373189K(631808K), 0.0014818 secs] [Times: user=0.01 sys=0.00, real=0.00 secs] 
1462.467: [GC (Allocation Failure) [PSYoungGen: 74589K->1408K(75264K)] 446405K->373224K(631808K), 0.0022270 secs] [Times: user=0.01 sys=0.00, real=0.00 secs] 
1463.375: [GC (Allocation Failure) [PSYoungGen: 74624K->1392K(75264K)] 446440K->373208K(631808K), 0.0025400 secs] [Times: user=0.01 sys=0.00, real=0.01 secs] 
1464.304: [GC (Allocation Failure) [PSYoungGen: 74608K->1344K(75264K)] 446424K->373160K(631808K), 0.0047999 secs] [Times: user=0.02 sys=0.00, real=0.01 secs] 
1465.131: [GC (Allocation Failure) [PSYoungGen: 74560K->1373K(75264K)] 446376K->373189K(631808K), 0.0015679 secs] [Times: user=0.00 sys=0.00, real=0.00 secs] 
1465.771: [GC (Allocation Failure) [PSYoungGen: 74589K->1408K(75264K)] 446405K->373224K(631808K), 0.0018187 secs] [Times: user=0.00 sys=0.00, real=0.00 secs] 
1466.155: [GC (Allocation Failure) [PSYoungGen: 74624K->1376K(75264K)] 446440K->373200K(631808K), 0.0019802 secs] [Times: user=0.01 sys=0.00, real=0.01 secs] 
1466.460: [GC (Allocation Failure) [PSYoungGen: 74592K->1408K(75264K)] 446416K->373232K(631808K), 0.0020265 secs] [Times: user=0.01 sys=0.00, real=0.00 secs] 
1466.830: [GC (Allocation Failure) [PSYoungGen: 74624K->1373K(75264K)] 446448K->373197K(631808K), 0.0017674 secs] [Times: user=0.00 sys=0.00, real=0.00 secs] 
1467.700: [GC (Allocation Failure) [PSYoungGen: 74589K->1472K(75264K)] 446413K->373296K(631808K), 0.0018309 secs] [Times: user=0.00 sys=0.00, real=0.00 secs] 
1468.342: [GC (Allocation Failure) [PSYoungGen: 74688K->1408K(75264K)] 446512K->373232K(631808K), 0.0020847 secs] [Times: user=0.01 sys=0.00, real=0.00 secs] 
1468.987: [GC (Allocation Failure) [PSYoungGen: 74624K->1408K(75264K)] 446448K->373232K(631808K), 0.0025235 secs] [Times: user=0.01 sys=0.00, real=0.00 secs] 
1469.675: [GC (Allocation Failure) [PSYoungGen: 74624K->1408K(75264K)] 446448K->373240K(631808K), 0.0025496 secs] [Times: user=0.01 sys=0.00, real=0.01 secs] 
1470.500: [GC (Allocation Failure) [PSYoungGen: 74624K->1376K(75264K)] 446456K->373208K(631808K), 0.0018493 secs] [Times: user=0.00 sys=0.00, real=0.00 secs] 
1470.804: [GC (Allocation Failure) [PSYoungGen: 74592K->1376K(75264K)] 446424K->373208K(631808K), 0.0018212 secs] [Times: user=0.01 sys=0.00, real=0.00 secs] 
1471.108: [GC (Allocation Failure) [PSYoungGen: 74592K->1376K(74752K)] 446424K->373208K(631296K), 0.0016450 secs] [Times: user=0.01 sys=0.00, real=0.00 secs] 
1471.411: [GC (Allocation Failure) [PSYoungGen: 74592K->1344K(74752K)] 446424K->373176K(631296K), 0.0018563 secs] [Times: user=0.01 sys=0.01, real=0.00 secs] 
1473.035: [GC (Allocation Failure) [PSYoungGen: 74560K->352K(74240K)] 446392K->373208K(630784K), 0.0035336 secs] [Times: user=0.02 sys=0.00, real=0.01 secs] 
1473.962: [GC (Allocation Failure) [PSYoungGen: 73568K->352K(75264K)] 446424K->373208K(631808K), 0.0035842 secs] [Times: user=0.02 sys=0.00, real=0.00 secs] 
1474.331: [GC (Allocation Failure) [PSYoungGen: 73568K->368K(75264K)] 446424K->373224K(631808K), 0.0027650 secs] [Times: user=0.01 sys=0.00, real=0.00 secs] 
1474.772: [GC (Allocation Failure) [PSYoungGen: 73584K->352K(75264K)] 446440K->373224K(631808K), 0.0016404 secs] [Times: user=0.00 sys=0.00, real=0.00 secs] 
1475.763: [GC (Allocation Failure) [PSYoungGen: 73568K->1376K(75264K)] 446440K->374248K(631808K), 0.0020435 secs] [Times: user=0.01 sys=0.00, real=0.00 secs] 
1476.067: [GC (Allocation Failure) [PSYoungGen: 74592K->1344K(75264K)] 447464K->374216K(631808K), 0.0019786 secs] [Times: user=0.01 sys=0.00, real=0.00 secs] 
1476.372: [GC (Allocation Failure) [PSYoungGen: 74560K->1376K(75264K)] 447432K->374248K(631808K), 0.0019577 secs] [Times: user=0.01 sys=0.00, real=0.00 secs] 
1476.676: [GC (Allocation Failure) [PSYoungGen: 74592K->1376K(75264K)] 447464K->374248K(631808K), 0.0019298 secs] [Times: user=0.01 sys=0.00, real=0.01 secs] 
1478.029: [GC (Allocation Failure) [PSYoungGen: 74592K->1376K(75264K)] 447464K->374248K(631808K), 0.0030468 secs] [Times: user=0.01 sys=0.01, real=0.00 secs] 
1478.829: [GC (Allocation Failure) [PSYoungGen: 74592K->1344K(75264K)] 447464K->374216K(631808K), 0.0028009 secs] [Times: user=0.01 sys=0.00, real=0.00 secs] 
1479.768: [GC (Allocation Failure) [PSYoungGen: 74560K->1408K(75264K)] 447432K->374280K(631808K), 0.0028869 secs] [Times: user=0.01 sys=0.00, real=0.00 secs] 
1480.496: [GC (Allocation Failure) [PSYoungGen: 74624K->1376K(75264K)] 447496K->374248K(631808K), 0.0029345 secs] [Times: user=0.02 sys=0.00, real=0.01 secs] 
1481.822: [GC (Allocation Failure) [PSYoungGen: 74592K->1376K(75264K)] 447464K->374248K(631808K), 0.0021312 secs] [Times: user=0.01 sys=0.00, real=0.00 secs] 
1482.664: [GC (Allocation Failure) [PSYoungGen: 74592K->1344K(75264K)] 447464K->374216K(631808K), 0.0022691 secs] [Times: user=0.01 sys=0.00, real=0.00 secs] 
1483.421: [GC (Allocation Failure) [PSYoungGen: 74560K->1360K(75264K)] 447432K->374232K(631808K), 0.0034191 secs] [Times: user=0.02 sys=0.00, real=0.00 secs] 
1484.404: [GC (Allocation Failure) [PSYoungGen: 74576K->1328K(75264K)] 447448K->374200K(631808K), 0.0033992 secs] [Times: user=0.02 sys=0.00, real=0.01 secs] 
1486.583: [GC (Allocation Failure) [PSYoungGen: 74544K->1392K(75264K)] 447416K->374264K(631808K), 0.0051499 secs] [Times: user=0.02 sys=0.00, real=0.01 secs] 
1487.527: [GC (Allocation Failure) [PSYoungGen: 74608K->1376K(75264K)] 447480K->374248K(631808K), 0.0021273 secs] [Times: user=0.01 sys=0.00, real=0.00 secs] 
1487.832: [GC (Allocation Failure) [PSYoungGen: 74592K->1344K(75264K)] 447464K->374216K(631808K), 0.0020110 secs] [Times: user=0.01 sys=0.00, real=0.00 secs] 
1488.498: [GC (Allocation Failure) [PSYoungGen: 74560K->1344K(75264K)] 447432K->374224K(631808K), 0.0018133 secs] [Times: user=0.00 sys=0.00, real=0.00 secs] 
1488.803: [GC (Allocation Failure) [PSYoungGen: 74560K->1360K(75264K)] 447440K->374240K(631808K), 0.0019204 secs] [Times: user=0.01 sys=0.00, real=0.00 secs] 
1489.171: [GC (Allocation Failure) [PSYoungGen: 74576K->1360K(75264K)] 447456K->374240K(631808K), 0.0021110 secs] [Times: user=0.01 sys=0.00, real=0.00 secs] 
1489.476: [GC (Allocation Failure) [PSYoungGen: 74576K->1344K(75264K)] 447456K->374224K(631808K), 0.0020647 secs] [Times: user=0.01 sys=0.00, real=0.01 secs] 
1490.473: [GC (Allocation Failure) [PSYoungGen: 74560K->1376K(75264K)] 447440K->374256K(631808K), 0.0018724 secs] [Times: user=0.00 sys=0.01, real=0.00 secs] 
1491.075: [GC (Allocation Failure) [PSYoungGen: 74592K->1344K(75264K)] 447472K->374224K(631808K), 0.0022110 secs] [Times: user=0.01 sys=0.00, real=0.01 secs] 
1491.729: [GC (Allocation Failure) [PSYoungGen: 74560K->1376K(75264K)] 447440K->374256K(631808K), 0.0027645 secs] [Times: user=0.01 sys=0.00, real=0.00 secs] 
1492.382: [GC (Allocation Failure) [PSYoungGen: 74592K->1344K(75264K)] 447472K->374224K(631808K), 0.0025920 secs] [Times: user=0.01 sys=0.00, real=0.00 secs] 
1494.155: [GC (Allocation Failure) [PSYoungGen: 74560K->1408K(75264K)] 447440K->374288K(631808K), 0.0051766 secs] [Times: user=0.02 sys=0.00, real=0.01 secs] 
1494.996: [GC (Allocation Failure) [PSYoungGen: 74624K->1408K(75264K)] 447504K->374288K(631808K), 0.0024949 secs] [Times: user=0.01 sys=0.00, real=0.01 secs] 
1495.376: [GC (Allocation Failure) [PSYoungGen: 74624K->1376K(75264K)] 447504K->374256K(631808K), 0.0019573 secs] [Times: user=0.01 sys=0.00, real=0.00 secs] 
1495.957: [GC (Allocation Failure) [PSYoungGen: 74592K->1440K(75264K)] 447472K->374320K(631808K), 0.0019155 secs] [Times: user=0.00 sys=0.00, real=0.00 secs] 
1497.714: [GC (Allocation Failure) [PSYoungGen: 74656K->1360K(75264K)] 447536K->374248K(631808K), 0.0054498 secs] [Times: user=0.02 sys=0.00, real=0.01 secs] 
1498.436: [GC (Allocation Failure) [PSYoungGen: 74576K->1408K(75264K)] 447464K->374296K(631808K), 0.0034795 secs] [Times: user=0.01 sys=0.00, real=0.01 secs] 
1498.745: [GC (Allocation Failure) [PSYoungGen: 74624K->1344K(75264K)] 447512K->374232K(631808K), 0.0021956 secs] [Times: user=0.01 sys=0.00, real=0.01 secs] 
1499.049: [GC (Allocation Failure) [PSYoungGen: 74560K->1376K(75264K)] 447448K->374264K(631808K), 0.0019724 secs] [Times: user=0.01 sys=0.00, real=0.00 secs] 
1500.110: [GC (Allocation Failure) [PSYoungGen: 74592K->1376K(74752K)] 447480K->374264K(631296K), 0.0036809 secs] [Times: user=0.01 sys=0.00, real=0.00 secs] 
1500.805: [GC (Allocation Failure) [PSYoungGen: 74592K->1376K(74752K)] 447480K->374264K(631296K), 0.0025051 secs] [Times: user=0.02 sys=0.00, real=0.01 secs] 
1501.138: [GC (Allocation Failure) [PSYoungGen: 74592K->1360K(74752K)] 447480K->374248K(631296K), 0.0020526 secs] [Times: user=0.01 sys=0.00, real=0.00 secs] 
1501.625: [GC (Allocation Failure) [PSYoungGen: 74576K->1344K(74752K)] 447464K->374232K(631296K), 0.0020339 secs] [Times: user=0.00 sys=0.00, real=0.01 secs] 
1502.823: [GC (Allocation Failure) [PSYoungGen: 74560K->1376K(74752K)] 447448K->374264K(631296K), 0.0017930 secs] [Times: user=0.01 sys=0.00, real=0.00 secs] 
1503.345: [GC (Allocation Failure) [PSYoungGen: 74592K->1376K(74752K)] 447480K->374264K(631296K), 0.0029640 secs] [Times: user=0.02 sys=0.00, real=0.01 secs] 
1503.656: [GC (Allocation Failure) [PSYoungGen: 74592K->1376K(74752K)] 447480K->374264K(631296K), 0.0021446 secs] [Times: user=0.00 sys=0.00, real=0.00 secs] 
1504.185: [GC (Allocation Failure) [PSYoungGen: 74592K->1408K(74752K)] 447480K->374296K(631296K), 0.0021854 secs] [Times: user=0.01 sys=0.00, real=0.01 secs] 
1505.180: [GC (Allocation Failure) [PSYoungGen: 74624K->1408K(74752K)] 447512K->374296K(631296K), 0.0072955 secs] [Times: user=0.03 sys=0.00, real=0.01 secs] 
1505.489: [GC (Allocation Failure) [PSYoungGen: 74624K->1376K(74752K)] 447512K->374272K(631296K), 0.0018232 secs] [Times: user=0.01 sys=0.00, real=0.00 secs] 
1505.814: [GC (Allocation Failure) [PSYoungGen: 74592K->1376K(74752K)] 447488K->374272K(631296K), 0.0018455 secs] [Times: user=0.01 sys=0.00, real=0.00 secs] 
1506.192: [GC (Allocation Failure) [PSYoungGen: 74592K->1344K(74752K)] 447488K->374240K(631296K), 0.0019501 secs] [Times: user=0.01 sys=0.00, real=0.00 secs] 
1506.984: [GC (Allocation Failure) [PSYoungGen: 74560K->1440K(74752K)] 447456K->374336K(631296K), 0.0016670 secs] [Times: user=0.01 sys=0.00, real=0.00 secs] 
1508.124: [GC (Allocation Failure) [PSYoungGen: 74656K->1344K(74752K)] 447552K->374240K(631296K), 0.0018074 secs] [Times: user=0.01 sys=0.00, real=0.00 secs] 
1509.329: [GC (Allocation Failure) [PSYoungGen: 74560K->1408K(74752K)] 447456K->374304K(631296K), 0.0023241 secs] [Times: user=0.01 sys=0.00, real=0.00 secs] 
1510.257: [GC (Allocation Failure) [PSYoungGen: 74624K->1344K(74752K)] 447520K->374240K(631296K), 0.0023379 secs] [Times: user=0.01 sys=0.00, real=0.00 secs] 
1511.621: [GC (Allocation Failure) [PSYoungGen: 74560K->1504K(74752K)] 447456K->374464K(631296K), 0.0017183 secs] [Times: user=0.01 sys=0.00, real=0.00 secs] 
1512.354: [GC (Allocation Failure) [PSYoungGen: 74720K->1344K(74752K)] 447680K->374304K(631296K), 0.0055331 secs] [Times: user=0.02 sys=0.00, real=0.01 secs] 
1513.011: [GC (Allocation Failure) [PSYoungGen: 74560K->1360K(74752K)] 447520K->374320K(631296K), 0.0036412 secs] [Times: user=0.01 sys=0.00, real=0.00 secs] 
1513.662: [GC (Allocation Failure) [PSYoungGen: 74576K->1312K(74752K)] 447536K->374272K(631296K), 0.0037607 secs] [Times: user=0.01 sys=0.00, real=0.00 secs] 
1514.830: [GC (Allocation Failure) [PSYoungGen: 74528K->1405K(74752K)] 447488K->374365K(631296K), 0.0014957 secs] [Times: user=0.01 sys=0.00, real=0.00 secs] 
1515.681: [GC (Allocation Failure) [PSYoungGen: 74621K->1408K(74752K)] 447581K->374368K(631296K), 0.0032538 secs] [Times: user=0.01 sys=0.00, real=0.00 secs] 
1516.273: [GC (Allocation Failure) [PSYoungGen: 74624K->1456K(74752K)] 447584K->374416K(631296K), 0.0028434 secs] [Times: user=0.01 sys=0.00, real=0.00 secs] 
1516.966: [GC (Allocation Failure) [PSYoungGen: 74672K->1408K(74752K)] 447632K->374376K(631296K), 0.0027811 secs] [Times: user=0.01 sys=0.00, real=0.00 secs] 
1519.056: [GC (Allocation Failure) [PSYoungGen: 74624K->1392K(74752K)] 447592K->374360K(631296K), 0.0015766 secs] [Times: user=0.00 sys=0.00, real=0.01 secs] 
1519.706: [GC (Allocation Failure) [PSYoungGen: 74608K->1456K(74752K)] 447576K->374424K(631296K), 0.0018502 secs] [Times: user=0.01 sys=0.00, real=0.01 secs] 
1520.219: [GC (Allocation Failure) [PSYoungGen: 74672K->1392K(74752K)] 447640K->374360K(631296K), 0.0033752 secs] [Times: user=0.01 sys=0.00, real=0.00 secs] 
1520.719: [GC (Allocation Failure) [PSYoungGen: 74608K->1424K(74752K)] 447576K->374392K(631296K), 0.0028482 secs] [Times: user=0.01 sys=0.01, real=0.00 secs] 
1521.506: [GC (Allocation Failure) [PSYoungGen: 74640K->1437K(74752K)] 447608K->374405K(631296K), 0.0019480 secs] [Times: user=0.01 sys=0.00, real=0.01 secs] 
1522.452: [GC (Allocation Failure) [PSYoungGen: 74653K->1504K(74752K)] 447621K->374472K(631296K), 0.0044796 secs] [Times: user=0.01 sys=0.00, real=0.01 secs] 
1523.206: [GC (Allocation Failure) [PSYoungGen: 74720K->1408K(74752K)] 447688K->374376K(631296K), 0.0045366 secs] [Times: user=0.02 sys=0.00, real=0.01 secs] 
1523.961: [GC (Allocation Failure) [PSYoungGen: 74624K->1472K(74752K)] 447592K->374488K(631296K), 0.0043035 secs] [Times: user=0.02 sys=0.00, real=0.00 secs] 
1524.601: [GC (Allocation Failure) [PSYoungGen: 74677K->304K(74752K)] 447693K->373320K(631296K), 0.0028325 secs] [Times: user=0.02 sys=0.01, real=0.00 secs] 
1525.702: [GC (Allocation Failure) [PSYoungGen: 73520K->1456K(75264K)] 446536K->374472K(631808K), 0.0020140 secs] [Times: user=0.01 sys=0.00, real=0.00 secs] 
1526.435: [GC (Allocation Failure) [PSYoungGen: 74672K->1440K(75264K)] 447688K->374456K(631808K), 0.0024561 secs] [Times: user=0.01 sys=0.00, real=0.01 secs] 
1527.005: [GC (Allocation Failure) [PSYoungGen: 74656K->1376K(75264K)] 447672K->374400K(631808K), 0.0021420 secs] [Times: user=0.01 sys=0.00, real=0.01 secs] 
1527.375: [GC (Allocation Failure) [PSYoungGen: 74592K->1408K(75264K)] 447616K->374456K(631808K), 0.0019631 secs] [Times: user=0.01 sys=0.00, real=0.01 secs] 
1528.157: [GC (Allocation Failure) [PSYoungGen: 74624K->1376K(75264K)] 447672K->374424K(631808K), 0.0017576 secs] [Times: user=0.01 sys=0.00, real=0.00 secs] 
1528.474: [GC (Allocation Failure) [PSYoungGen: 74592K->1344K(75264K)] 447640K->374392K(631808K), 0.0016840 secs] [Times: user=0.01 sys=0.00, real=0.00 secs] 
1528.784: [GC (Allocation Failure) [PSYoungGen: 74560K->1344K(75264K)] 447608K->374392K(631808K), 0.0018365 secs] [Times: user=0.01 sys=0.00, real=0.00 secs] 
1529.138: [GC (Allocation Failure) [PSYoungGen: 74560K->1344K(75264K)] 447608K->374392K(631808K), 0.0017135 secs] [Times: user=0.01 sys=0.00, real=0.00 secs] 
1530.424: [GC (Allocation Failure) [PSYoungGen: 74560K->1376K(75264K)] 447608K->374424K(631808K), 0.0030033 secs] [Times: user=0.01 sys=0.00, real=0.01 secs] 
1531.108: [GC (Allocation Failure) [PSYoungGen: 74592K->1376K(75264K)] 447640K->374424K(631808K), 0.0030432 secs] [Times: user=0.02 sys=0.00, real=0.00 secs] 
1531.701: [GC (Allocation Failure) [PSYoungGen: 74592K->1376K(75264K)] 447640K->374424K(631808K), 0.0029428 secs] [Times: user=0.01 sys=0.00, real=0.00 secs] 
1532.309: [GC (Allocation Failure) [PSYoungGen: 74592K->1344K(74752K)] 447640K->374392K(631296K), 0.0029185 secs] [Times: user=0.01 sys=0.00, real=0.00 secs] 
1533.897: [GC (Allocation Failure) [PSYoungGen: 74560K->1376K(74752K)] 447608K->374424K(631296K), 0.0054330 secs] [Times: user=0.02 sys=0.00, real=0.00 secs] 
1534.823: [GC (Allocation Failure) [PSYoungGen: 74592K->1344K(74752K)] 447640K->374392K(631296K), 0.0035961 secs] [Times: user=0.01 sys=0.00, real=0.01 secs] 
1535.503: [GC (Allocation Failure) [PSYoungGen: 74560K->1376K(74752K)] 447608K->374424K(631296K), 0.0032837 secs] [Times: user=0.01 sys=0.00, real=0.00 secs] 
1536.386: [GC (Allocation Failure) [PSYoungGen: 74592K->1344K(74752K)] 447640K->374400K(631296K), 0.0029489 secs] [Times: user=0.01 sys=0.00, real=0.00 secs] 
1537.999: [GC (Allocation Failure) [PSYoungGen: 74560K->1344K(74752K)] 447616K->374400K(631296K), 0.0043117 secs] [Times: user=0.02 sys=0.00, real=0.00 secs] 
1539.504: [GC (Allocation Failure) [PSYoungGen: 74560K->1376K(74752K)] 447616K->374432K(631296K), 0.0053843 secs] [Times: user=0.02 sys=0.00, real=0.01 secs] 
1540.381: [GC (Allocation Failure) [PSYoungGen: 74592K->1376K(74752K)] 447648K->374432K(631296K), 0.0043690 secs] [Times: user=0.02 sys=0.00, real=0.00 secs] 
1541.066: [GC (Allocation Failure) [PSYoungGen: 74592K->1344K(74752K)] 447648K->374400K(631296K), 0.0031408 secs] [Times: user=0.01 sys=0.00, real=0.01 secs] 
1542.205: [GC (Allocation Failure) [PSYoungGen: 74560K->1376K(74752K)] 447616K->374432K(631296K), 0.0021686 secs] [Times: user=0.01 sys=0.00, real=0.01 secs] 
1542.671: [GC (Allocation Failure) [PSYoungGen: 74592K->1392K(74752K)] 447648K->374448K(631296K), 0.0020467 secs] [Times: user=0.01 sys=0.00, real=0.00 secs] 
1543.318: [GC (Allocation Failure) [PSYoungGen: 74608K->1408K(74752K)] 447664K->374464K(631296K), 0.0042638 secs] [Times: user=0.02 sys=0.00, real=0.00 secs] 
1544.072: [GC (Allocation Failure) [PSYoungGen: 74624K->1392K(74752K)] 447680K->374448K(631296K), 0.0034271 secs] [Times: user=0.02 sys=0.00, real=0.00 secs] 
1545.230: [GC (Allocation Failure) [PSYoungGen: 74608K->1408K(74752K)] 447664K->374464K(631296K), 0.0017845 secs] [Times: user=0.01 sys=0.00, real=0.00 secs] 
1545.640: [GC (Allocation Failure) [PSYoungGen: 74624K->1376K(74752K)] 447680K->374432K(631296K), 0.0019339 secs] [Times: user=0.00 sys=0.00, real=0.00 secs] 
1545.955: [GC (Allocation Failure) [PSYoungGen: 74592K->1376K(74752K)] 447648K->374432K(631296K), 0.0023391 secs] [Times: user=0.01 sys=0.00, real=0.01 secs] 
1546.282: [GC (Allocation Failure) [PSYoungGen: 74592K->1344K(74752K)] 447648K->374400K(631296K), 0.0025637 secs] [Times: user=0.01 sys=0.00, real=0.00 secs] 
1547.343: [GC (Allocation Failure) [PSYoungGen: 74560K->1408K(74752K)] 447616K->374464K(631296K), 0.0018501 secs] [Times: user=0.01 sys=0.00, real=0.00 secs] 
1548.456: [GC (Allocation Failure) [PSYoungGen: 74624K->1376K(74752K)] 447680K->374448K(631296K), 0.0054762 secs] [Times: user=0.02 sys=0.00, real=0.01 secs] 
1549.219: [GC (Allocation Failure) [PSYoungGen: 74592K->1376K(74752K)] 447664K->374448K(631296K), 0.0035184 secs] [Times: user=0.01 sys=0.00, real=0.00 secs] 
1550.015: [GC (Allocation Failure) [PSYoungGen: 74592K->1376K(74752K)] 447664K->374448K(631296K), 0.0036075 secs] [Times: user=0.02 sys=0.00, real=0.01 secs] 
1551.176: [GC (Allocation Failure) [PSYoungGen: 74592K->1472K(74752K)] 447664K->374544K(631296K), 0.0018119 secs] [Times: user=0.01 sys=0.00, real=0.01 secs] 
1551.776: [GC (Allocation Failure) [PSYoungGen: 74688K->1408K(74752K)] 447760K->374480K(631296K), 0.0015034 secs] [Times: user=0.00 sys=0.00, real=0.01 secs] 
1552.080: [GC (Allocation Failure) [PSYoungGen: 74624K->1408K(74752K)] 447696K->374480K(631296K), 0.0027252 secs] [Times: user=0.01 sys=0.00, real=0.00 secs] 
1552.422: [GC (Allocation Failure) [PSYoungGen: 74624K->1376K(74752K)] 447696K->374456K(631296K), 0.0025458 secs] [Times: user=0.01 sys=0.00, real=0.00 secs] 
1553.353: [GC (Allocation Failure) [PSYoungGen: 74592K->1408K(74752K)] 447672K->374488K(631296K), 0.0018455 secs] [Times: user=0.01 sys=0.00, real=0.00 secs] 
1553.714: [GC (Allocation Failure) [PSYoungGen: 74624K->1392K(74752K)] 447704K->374472K(631296K), 0.0019556 secs] [Times: user=0.01 sys=0.00, real=0.01 secs] 
1554.197: [GC (Allocation Failure) [PSYoungGen: 74608K->1376K(74752K)] 447688K->374456K(631296K), 0.0024267 secs] [Times: user=0.01 sys=0.00, real=0.00 secs] 
1554.932: [GC (Allocation Failure) [PSYoungGen: 74592K->1376K(74752K)] 447672K->374472K(631296K), 0.0035722 secs] [Times: user=0.02 sys=0.00, real=0.00 secs] 
1556.054: [GC (Allocation Failure) [PSYoungGen: 74247K->1408K(74752K)] 447343K->374760K(631296K), 0.0018793 secs] [Times: user=0.01 sys=0.00, real=0.00 secs] 
1557.431: [GC (Allocation Failure) [PSYoungGen: 74624K->1408K(74752K)] 447976K->374760K(631296K), 0.0037861 secs] [Times: user=0.01 sys=0.00, real=0.00 secs] 
1558.596: [GC (Allocation Failure) [PSYoungGen: 74624K->1408K(74752K)] 447976K->374760K(631296K), 0.0027023 secs] [Times: user=0.01 sys=0.00, real=0.00 secs] 
1559.365: [GC (Allocation Failure) [PSYoungGen: 74624K->1408K(74752K)] 447976K->374760K(631296K), 0.0021630 secs] [Times: user=0.01 sys=0.00, real=0.01 secs] 
1560.108: [GC (Allocation Failure) [PSYoungGen: 74624K->1376K(74752K)] 447976K->374728K(631296K), 0.0014215 secs] [Times: user=0.01 sys=0.00, real=0.00 secs] 
1560.878: [GC (Allocation Failure) [PSYoungGen: 74592K->1408K(74752K)] 447944K->374760K(631296K), 0.0018693 secs] [Times: user=0.01 sys=0.00, real=0.00 secs] 
1561.288: [GC (Allocation Failure) [PSYoungGen: 74624K->1408K(74752K)] 447976K->374760K(631296K), 0.0021364 secs] [Times: user=0.01 sys=0.00, real=0.00 secs] 
1561.593: [GC (Allocation Failure) [PSYoungGen: 74624K->1376K(74752K)] 447976K->374728K(631296K), 0.0022088 secs] [Times: user=0.01 sys=0.00, real=0.00 secs] 
1562.479: [GC (Allocation Failure) [PSYoungGen: 74592K->1360K(74752K)] 447944K->374712K(631296K), 0.0015265 secs] [Times: user=0.00 sys=0.00, real=0.00 secs] 
1563.418: [GC (Allocation Failure) [PSYoungGen: 74576K->1440K(74752K)] 447928K->374792K(631296K), 0.0046025 secs] [Times: user=0.02 sys=0.00, real=0.00 secs] 
1563.916: [GC (Allocation Failure) [PSYoungGen: 74656K->1376K(74752K)] 448008K->374728K(631296K), 0.0027345 secs] [Times: user=0.01 sys=0.00, real=0.01 secs] 
1564.416: [GC (Allocation Failure) [PSYoungGen: 74592K->1376K(74752K)] 447944K->374728K(631296K), 0.0028670 secs] [Times: user=0.01 sys=0.00, real=0.01 secs] 
1565.139: [GC (GCLocker Initiated GC) [PSYoungGen: 74592K->1389K(74752K)] 447945K->374742K(631296K), 0.0016601 secs] [Times: user=0.01 sys=0.00, real=0.00 secs] 
1565.784: [GC (Allocation Failure) [PSYoungGen: 74605K->1376K(74752K)] 447961K->374732K(631296K), 0.0021118 secs] [Times: user=0.01 sys=0.00, real=0.00 secs] 
1566.089: [GC (Allocation Failure) [PSYoungGen: 74592K->1344K(74752K)] 447948K->374700K(631296K), 0.0023630 secs] [Times: user=0.01 sys=0.00, real=0.00 secs] 
1566.681: [GC (Allocation Failure) [PSYoungGen: 74560K->1344K(74752K)] 447916K->374708K(631296K), 0.0029354 secs] [Times: user=0.01 sys=0.00, real=0.00 secs] 
1567.361: [GC (Allocation Failure) [PSYoungGen: 74560K->1405K(74752K)] 447924K->374769K(631296K), 0.0019358 secs] [Times: user=0.01 sys=0.00, real=0.00 secs] 
1568.341: [GC (Allocation Failure) [PSYoungGen: 74621K->1440K(74752K)] 447985K->374804K(631296K), 0.0019262 secs] [Times: user=0.01 sys=0.00, real=0.00 secs] 
1569.086: [GC (Allocation Failure) [PSYoungGen: 74656K->1408K(74752K)] 448020K->374772K(631296K), 0.0020789 secs] [Times: user=0.00 sys=0.00, real=0.01 secs] 
1569.863: [GC (Allocation Failure) [PSYoungGen: 74624K->1440K(74752K)] 447988K->374804K(631296K), 0.0022083 secs] [Times: user=0.01 sys=0.00, real=0.00 secs] 
1570.695: [GC (Allocation Failure) [PSYoungGen: 74656K->1424K(74752K)] 448020K->374788K(631296K), 0.0053087 secs] [Times: user=0.02 sys=0.00, real=0.01 secs] 
1571.817: [GC (Allocation Failure) [PSYoungGen: 74640K->1392K(74752K)] 448004K->374756K(631296K), 0.0034263 secs] [Times: user=0.02 sys=0.00, real=0.00 secs] 
1572.473: [GC (Allocation Failure) [PSYoungGen: 74608K->1376K(74752K)] 447972K->374740K(631296K), 0.0026501 secs] [Times: user=0.01 sys=0.00, real=0.00 secs] 
1573.118: [GC (Allocation Failure) [PSYoungGen: 74592K->1408K(74752K)] 447956K->374772K(631296K), 0.0027189 secs] [Times: user=0.01 sys=0.00, real=0.00 secs] 
1573.444: [GC (Allocation Failure) [PSYoungGen: 74624K->1440K(74752K)] 447988K->374804K(631296K), 0.0021079 secs] [Times: user=0.01 sys=0.01, real=0.00 secs] 
1574.630: [GC (Allocation Failure) [PSYoungGen: 74656K->1408K(74752K)] 448020K->374772K(631296K), 0.0025183 secs] [Times: user=0.01 sys=0.00, real=0.00 secs] 
1575.375: [GC (Allocation Failure) [PSYoungGen: 74624K->1392K(74752K)] 447988K->374756K(631296K), 0.0029398 secs] [Times: user=0.02 sys=0.00, real=0.01 secs] 
1576.133: [GC (Allocation Failure) [PSYoungGen: 74608K->1376K(74752K)] 447972K->374740K(631296K), 0.0031554 secs] [Times: user=0.01 sys=0.00, real=0.00 secs] 
1576.753: [GC (Allocation Failure) [PSYoungGen: 74592K->1376K(74752K)] 447956K->374788K(631296K), 0.0029609 secs] [Times: user=0.01 sys=0.00, real=0.00 secs] 
1578.354: [GC (Allocation Failure) [PSYoungGen: 74592K->1392K(74752K)] 448004K->374804K(631296K), 0.0065411 secs] [Times: user=0.02 sys=0.00, real=0.01 secs] 
1579.174: [GC (Allocation Failure) [PSYoungGen: 74608K->1376K(74752K)] 448020K->374788K(631296K), 0.0027411 secs] [Times: user=0.02 sys=0.00, real=0.01 secs] 
1579.593: [GC (Allocation Failure) [PSYoungGen: 74592K->1392K(74752K)] 448004K->374804K(631296K), 0.0021201 secs] [Times: user=0.00 sys=0.00, real=0.00 secs] 
1579.911: [GC (Allocation Failure) [PSYoungGen: 74608K->1376K(74752K)] 448020K->374796K(631296K), 0.0021013 secs] [Times: user=0.01 sys=0.00, real=0.00 secs] 
1581.081: [GC (Allocation Failure) [PSYoungGen: 74592K->1376K(74752K)] 448012K->374804K(631296K), 0.0021246 secs] [Times: user=0.01 sys=0.00, real=0.00 secs] 
1581.779: [GC (Allocation Failure) [PSYoungGen: 74592K->1376K(74752K)] 448020K->374804K(631296K), 0.0035302 secs] [Times: user=0.02 sys=0.00, real=0.00 secs] 
1582.341: [GC (Allocation Failure) [PSYoungGen: 74592K->1376K(74752K)] 448020K->374812K(631296K), 0.0025708 secs] [Times: user=0.01 sys=0.01, real=0.00 secs] 
1583.050: [GC (Allocation Failure) [PSYoungGen: 74592K->1376K(74752K)] 448028K->374812K(631296K), 0.0025082 secs] [Times: user=0.01 sys=0.00, real=0.00 secs] 
1584.084: [GC (Allocation Failure) [PSYoungGen: 74592K->1376K(74752K)] 448028K->374812K(631296K), 0.0026801 secs] [Times: user=0.02 sys=0.00, real=0.01 secs] 
1584.392: [GC (Allocation Failure) [PSYoungGen: 74592K->1344K(74752K)] 448028K->374780K(631296K), 0.0021911 secs] [Times: user=0.01 sys=0.00, real=0.00 secs] 
1584.696: [GC (Allocation Failure) [PSYoungGen: 74560K->1376K(74752K)] 447996K->374812K(631296K), 0.0020509 secs] [Times: user=0.01 sys=0.00, real=0.00 secs] 
1585.001: [GC (Allocation Failure) [PSYoungGen: 74592K->1376K(74752K)] 448028K->374820K(631296K), 0.0018230 secs] [Times: user=0.00 sys=0.00, real=0.00 secs] 
1585.829: [GC (Allocation Failure) [PSYoungGen: 74592K->1376K(74752K)] 448036K->374828K(631296K), 0.0016935 secs] [Times: user=0.01 sys=0.00, real=0.00 secs] 
1586.134: [GC (Allocation Failure) [PSYoungGen: 74592K->1376K(74752K)] 448044K->374828K(631296K), 0.0016769 secs] [Times: user=0.01 sys=0.00, real=0.00 secs] 
1586.438: [GC (Allocation Failure) [PSYoungGen: 74592K->1376K(74752K)] 448044K->374828K(631296K), 0.0017513 secs] [Times: user=0.01 sys=0.00, real=0.00 secs] 
1586.741: [GC (Allocation Failure) [PSYoungGen: 74592K->1344K(74752K)] 448044K->374804K(631296K), 0.0017984 secs] [Times: user=0.00 sys=0.00, real=0.00 secs] 
1588.245: [GC (Allocation Failure) [PSYoungGen: 74560K->1408K(74752K)] 448020K->374868K(631296K), 0.0036709 secs] [Times: user=0.01 sys=0.01, real=0.01 secs] 
1589.100: [GC (Allocation Failure) [PSYoungGen: 74624K->1392K(74752K)] 448084K->374852K(631296K), 0.0038979 secs] [Times: user=0.01 sys=0.00, real=0.00 secs] 
1589.514: [GC (Allocation Failure) [PSYoungGen: 74608K->1344K(74752K)] 448068K->374804K(631296K), 0.0018993 secs] [Times: user=0.01 sys=0.00, real=0.00 secs] 
1589.830: [GC (Allocation Failure) [PSYoungGen: 74560K->1376K(74752K)] 448020K->374836K(631296K), 0.0019326 secs] [Times: user=0.01 sys=0.00, real=0.00 secs] 
1591.404: [GC (Allocation Failure) [PSYoungGen: 74592K->1408K(74752K)] 448052K->374868K(631296K), 0.0052486 secs] [Times: user=0.03 sys=0.01, real=0.01 secs] 
1592.760: [GC (Allocation Failure) [PSYoungGen: 74624K->1344K(74752K)] 448084K->374804K(631296K), 0.0050408 secs] [Times: user=0.02 sys=0.00, real=0.00 secs] 
1594.386: [GC (Allocation Failure) [PSYoungGen: 74560K->1344K(74752K)] 448020K->374804K(631296K), 0.0055169 secs] [Times: user=0.02 sys=0.00, real=0.01 secs] 
1595.718: [GC (Allocation Failure) [PSYoungGen: 74560K->1344K(74752K)] 448020K->374804K(631296K), 0.0055468 secs] [Times: user=0.02 sys=0.00, real=0.00 secs] 
1597.096: [GC (Allocation Failure) [PSYoungGen: 74560K->1392K(74752K)] 448020K->374852K(631296K), 0.0018520 secs] [Times: user=0.00 sys=0.00, real=0.01 secs] 
1597.529: [GC (Allocation Failure) [PSYoungGen: 74608K->1360K(74752K)] 448068K->374820K(631296K), 0.0023775 secs] [Times: user=0.01 sys=0.00, real=0.00 secs] 
1597.971: [GC (Allocation Failure) [PSYoungGen: 74576K->1376K(74752K)] 448036K->374836K(631296K), 0.0036544 secs] [Times: user=0.01 sys=0.00, real=0.00 secs] 
1598.609: [GC (Allocation Failure) [PSYoungGen: 74592K->1376K(74752K)] 448052K->374844K(631296K), 0.0028232 secs] [Times: user=0.01 sys=0.00, real=0.00 secs] 
1599.724: [GC (Allocation Failure) [PSYoungGen: 74592K->1376K(74752K)] 448060K->375356K(631296K), 0.0019900 secs] [Times: user=0.01 sys=0.00, real=0.00 secs] 
1600.835: [GC (Allocation Failure) [PSYoungGen: 74592K->1344K(74752K)] 448572K->375324K(631296K), 0.0042509 secs] [Times: user=0.02 sys=0.00, real=0.01 secs] 
1601.808: [GC (Allocation Failure) [PSYoungGen: 74560K->1376K(74752K)] 448540K->375356K(631296K), 0.0042453 secs] [Times: user=0.02 sys=0.00, real=0.00 secs] 
1602.672: [GC (Allocation Failure) [PSYoungGen: 74592K->1376K(74752K)] 448572K->375356K(631296K), 0.0033735 secs] [Times: user=0.01 sys=0.00, real=0.00 secs] 
1604.043: [GC (Allocation Failure) [PSYoungGen: 74592K->1504K(74752K)] 448572K->375612K(631296K), 0.0018756 secs] [Times: user=0.01 sys=0.00, real=0.00 secs] 
1605.227: [GC (Allocation Failure) [PSYoungGen: 74720K->1376K(74752K)] 448828K->375484K(631296K), 0.0042311 secs] [Times: user=0.01 sys=0.00, real=0.00 secs] 
1606.154: [GC (Allocation Failure) [PSYoungGen: 74592K->1376K(74752K)] 448700K->375484K(631296K), 0.0030326 secs] [Times: user=0.01 sys=0.00, real=0.01 secs] 
1606.869: [GC (Allocation Failure) [PSYoungGen: 74592K->1376K(74752K)] 448700K->375484K(631296K), 0.0030352 secs] [Times: user=0.01 sys=0.00, real=0.00 secs] 
1608.207: [GC (Allocation Failure) [PSYoungGen: 74592K->1341K(74752K)] 448700K->375449K(631296K), 0.0016019 secs] [Times: user=0.01 sys=0.00, real=0.00 secs] 
1608.697: [GC (Allocation Failure) [PSYoungGen: 74557K->1408K(74752K)] 448665K->375524K(631296K), 0.0020115 secs] [Times: user=0.01 sys=0.00, real=0.00 secs] 
1609.002: [GC (Allocation Failure) [PSYoungGen: 74624K->1344K(74752K)] 448740K->375468K(631296K), 0.0019157 secs] [Times: user=0.01 sys=0.00, real=0.00 secs] 
1609.306: [GC (Allocation Failure) [PSYoungGen: 74560K->1376K(74752K)] 448684K->375500K(631296K), 0.0018040 secs] [Times: user=0.01 sys=0.00, real=0.01 secs] 
1609.946: [GC (Allocation Failure) [PSYoungGen: 74592K->1360K(74752K)] 448716K->375484K(631296K), 0.0015735 secs] [Times: user=0.01 sys=0.00, real=0.01 secs] 
1610.434: [GC (Allocation Failure) [PSYoungGen: 74576K->1408K(74752K)] 448700K->375532K(631296K), 0.0017754 secs] [Times: user=0.01 sys=0.00, real=0.00 secs] 
1610.763: [GC (Allocation Failure) [PSYoungGen: 74624K->1376K(74752K)] 448748K->375500K(631296K), 0.0018736 secs] [Times: user=0.01 sys=0.00, real=0.00 secs] 
1611.468: [GC (Allocation Failure) [PSYoungGen: 74592K->1392K(74752K)] 448716K->375516K(631296K), 0.0020346 secs] [Times: user=0.01 sys=0.00, real=0.00 secs] 
1612.326: [GC (Allocation Failure) [PSYoungGen: 74608K->1328K(74752K)] 448732K->375452K(631296K), 0.0016627 secs] [Times: user=0.01 sys=0.00, real=0.01 secs] 
1613.084: [GC (Allocation Failure) [PSYoungGen: 74544K->1376K(74752K)] 448668K->375500K(631296K), 0.0021285 secs] [Times: user=0.01 sys=0.00, real=0.00 secs] 
1613.407: [GC (Allocation Failure) [PSYoungGen: 74592K->1376K(74752K)] 448716K->375500K(631296K), 0.0020468 secs] [Times: user=0.01 sys=0.00, real=0.00 secs] 
1613.778: [GC (Allocation Failure) [PSYoungGen: 74592K->1344K(74752K)] 448716K->375468K(631296K), 0.0020999 secs] [Times: user=0.01 sys=0.00, real=0.00 secs] 
1614.153: [GC (Allocation Failure) [PSYoungGen: 74560K->1373K(74752K)] 448684K->375513K(631296K), 0.0020170 secs] [Times: user=0.01 sys=0.00, real=0.00 secs] 
1614.927: [GC (Allocation Failure) [PSYoungGen: 74589K->1440K(74752K)] 448729K->375580K(631296K), 0.0017075 secs] [Times: user=0.00 sys=0.00, real=0.00 secs] 
1615.277: [GC (Allocation Failure) [PSYoungGen: 74656K->1344K(74752K)] 448796K->375484K(631296K), 0.0018737 secs] [Times: user=0.01 sys=0.00, real=0.00 secs] 
1615.626: [GC (Allocation Failure) [PSYoungGen: 74560K->1344K(74752K)] 448700K->375484K(631296K), 0.0027560 secs] [Times: user=0.01 sys=0.00, real=0.01 secs] 
1615.937: [GC (Allocation Failure) [PSYoungGen: 74560K->1376K(74752K)] 448700K->375532K(631296K), 0.0020692 secs] [Times: user=0.01 sys=0.00, real=0.00 secs] 
1618.380: [GC (Allocation Failure) [PSYoungGen: 74592K->1408K(74752K)] 448748K->375564K(631296K), 0.0041567 secs] [Times: user=0.02 sys=0.00, real=0.00 secs] 
1619.020: [GC (Allocation Failure) [PSYoungGen: 74624K->1344K(74752K)] 448780K->375500K(631296K), 0.0023347 secs] [Times: user=0.01 sys=0.00, real=0.00 secs] 
1619.824: [GC (Allocation Failure) [PSYoungGen: 74560K->1376K(74752K)] 448716K->375532K(631296K), 0.0036170 secs] [Times: user=0.02 sys=0.00, real=0.01 secs] 
1620.746: [GC (Allocation Failure) [PSYoungGen: 74592K->1360K(74752K)] 448748K->375516K(631296K), 0.0068718 secs] [Times: user=0.03 sys=0.00, real=0.01 secs] 
1622.563: [GC (Allocation Failure) [PSYoungGen: 74576K->1408K(74752K)] 448732K->375564K(631296K), 0.0038958 secs] [Times: user=0.02 sys=0.00, real=0.01 secs] 
1623.418: [GC (Allocation Failure) [PSYoungGen: 74624K->1376K(74752K)] 448780K->375532K(631296K), 0.0035939 secs] [Times: user=0.02 sys=0.00, real=0.00 secs] 
1623.864: [GC (Allocation Failure) [PSYoungGen: 74592K->1376K(74752K)] 448748K->375532K(631296K), 0.0020926 secs] [Times: user=0.00 sys=0.00, real=0.00 secs] 
1624.168: [GC (Allocation Failure) [PSYoungGen: 74592K->1344K(74752K)] 448748K->375500K(631296K), 0.0021346 secs] [Times: user=0.01 sys=0.00, real=0.00 secs] 
1624.923: [GC (Allocation Failure) [PSYoungGen: 74560K->1392K(74752K)] 448716K->375548K(631296K), 0.0015496 secs] [Times: user=0.01 sys=0.00, real=0.00 secs] 
1625.226: [GC (Allocation Failure) [PSYoungGen: 74608K->1376K(74752K)] 448764K->375532K(631296K), 0.0016178 secs] [Times: user=0.00 sys=0.00, real=0.01 secs] 
1625.529: [GC (Allocation Failure) [PSYoungGen: 74592K->1376K(74752K)] 448748K->375532K(631296K), 0.0015977 secs] [Times: user=0.01 sys=0.00, real=0.00 secs] 
1625.833: [GC (Allocation Failure) [PSYoungGen: 74592K->1344K(74752K)] 448748K->375500K(631296K), 0.0020342 secs] [Times: user=0.01 sys=0.00, real=0.00 secs] 
1626.606: [GC (Allocation Failure) [PSYoungGen: 74560K->1408K(74752K)] 448716K->375572K(631296K), 0.0016832 secs] [Times: user=0.00 sys=0.00, real=0.01 secs] 
1626.923: [GC (Allocation Failure) [PSYoungGen: 74624K->1376K(74752K)] 448788K->375540K(631296K), 0.0017866 secs] [Times: user=0.01 sys=0.00, real=0.00 secs] 
1627.227: [GC (Allocation Failure) [PSYoungGen: 74592K->1376K(74752K)] 448756K->375540K(631296K), 0.0016217 secs] [Times: user=0.01 sys=0.00, real=0.00 secs] 
1627.731: [GC (Allocation Failure) [PSYoungGen: 74592K->1376K(74752K)] 448756K->375540K(631296K), 0.0031758 secs] [Times: user=0.01 sys=0.00, real=0.00 secs] 
1628.751: [GC (Allocation Failure) [PSYoungGen: 74592K->1408K(74752K)] 448756K->375572K(631296K), 0.0020337 secs] [Times: user=0.01 sys=0.00, real=0.00 secs] 
1629.081: [GC (Allocation Failure) [PSYoungGen: 74624K->1408K(74752K)] 448788K->375572K(631296K), 0.0020668 secs] [Times: user=0.01 sys=0.00, real=0.00 secs] 
1629.617: [GC (Allocation Failure) [PSYoungGen: 74624K->1376K(74752K)] 448788K->375540K(631296K), 0.0025012 secs] [Times: user=0.01 sys=0.00, real=0.00 secs] 
1630.272: [GC (Allocation Failure) [PSYoungGen: 74592K->1376K(74752K)] 448756K->375540K(631296K), 0.0029994 secs] [Times: user=0.02 sys=0.00, real=0.00 secs] 
1631.299: [GC (Allocation Failure) [PSYoungGen: 74592K->1440K(74752K)] 448756K->375612K(631296K), 0.0017488 secs] [Times: user=0.00 sys=0.00, real=0.00 secs] 
1631.642: [GC (Allocation Failure) [PSYoungGen: 74656K->1440K(74752K)] 448828K->375612K(631296K), 0.0020387 secs] [Times: user=0.01 sys=0.00, real=0.00 secs] 
1632.129: [GC (Allocation Failure) [PSYoungGen: 74656K->1408K(74752K)] 448828K->375580K(631296K), 0.0029348 secs] [Times: user=0.01 sys=0.00, real=0.00 secs] 
1632.792: [GC (Allocation Failure) [PSYoungGen: 74624K->1408K(74752K)] 448796K->375588K(631296K), 0.0030124 secs] [Times: user=0.01 sys=0.01, real=0.00 secs] 
1634.133: [GC (Allocation Failure) [PSYoungGen: 74624K->1440K(74752K)] 448804K->375636K(631296K), 0.0020320 secs] [Times: user=0.01 sys=0.00, real=0.00 secs] 
1635.403: [GC (Allocation Failure) [PSYoungGen: 74656K->1408K(74752K)] 448852K->375604K(631296K), 0.0050421 secs] [Times: user=0.02 sys=0.00, real=0.01 secs] 
1636.218: [GC (Allocation Failure) [PSYoungGen: 74624K->1440K(74752K)] 448820K->375636K(631296K), 0.0028014 secs] [Times: user=0.01 sys=0.00, real=0.00 secs] 
1637.221: [GC (Allocation Failure) [PSYoungGen: 74656K->1376K(74752K)] 448852K->375572K(631296K), 0.0052729 secs] [Times: user=0.02 sys=0.00, real=0.01 secs] 
1639.070: [GC (Allocation Failure) [PSYoungGen: 74592K->1408K(74752K)] 448788K->375604K(631296K), 0.0045485 secs] [Times: user=0.02 sys=0.00, real=0.00 secs] 
1639.775: [GC (Allocation Failure) [PSYoungGen: 74624K->1440K(74752K)] 448820K->375636K(631296K), 0.0022183 secs] [Times: user=0.01 sys=0.00, real=0.01 secs] 
1640.512: [GC (Allocation Failure) [PSYoungGen: 74656K->1376K(74752K)] 448852K->375572K(631296K), 0.0022030 secs] [Times: user=0.01 sys=0.00, real=0.00 secs] 
1641.202: [GC (Allocation Failure) [PSYoungGen: 74592K->1408K(74752K)] 448788K->375604K(631296K), 0.0042403 secs] [Times: user=0.02 sys=0.00, real=0.00 secs] 
1642.345: [GC (Allocation Failure) [PSYoungGen: 74624K->1408K(74752K)] 448820K->375604K(631296K), 0.0019331 secs] [Times: user=0.01 sys=0.00, real=0.01 secs] 
1643.296: [GC (Allocation Failure) [PSYoungGen: 74624K->1376K(74752K)] 448820K->375572K(631296K), 0.0031526 secs] [Times: user=0.01 sys=0.00, real=0.01 secs] 
1643.913: [GC (Allocation Failure) [PSYoungGen: 74592K->1408K(74752K)] 448788K->375604K(631296K), 0.0037443 secs] [Times: user=0.01 sys=0.01, real=0.01 secs] 
1644.579: [GC (Allocation Failure) [PSYoungGen: 74624K->1376K(74752K)] 448820K->375580K(631296K), 0.0033128 secs] [Times: user=0.02 sys=0.00, real=0.00 secs] 
1645.908: [GC (Allocation Failure) [PSYoungGen: 74592K->1440K(74752K)] 448796K->376668K(631296K), 0.0028972 secs] [Times: user=0.02 sys=0.00, real=0.00 secs] 
1647.186: [GC (Allocation Failure) [PSYoungGen: 74656K->1408K(74752K)] 449884K->376636K(631296K), 0.0028725 secs] [Times: user=0.01 sys=0.00, real=0.01 secs] 
1647.972: [GC (Allocation Failure) [PSYoungGen: 74624K->1376K(74752K)] 449852K->376604K(631296K), 0.0022582 secs] [Times: user=0.01 sys=0.00, real=0.00 secs] 
1648.286: [GC (Allocation Failure) [PSYoungGen: 74592K->1376K(74752K)] 449820K->376604K(631296K), 0.0019829 secs] [Times: user=0.01 sys=0.00, real=0.01 secs] 
1649.120: [GC (Allocation Failure) [PSYoungGen: 74592K->1440K(74752K)] 449820K->376676K(631296K), 0.0013829 secs] [Times: user=0.00 sys=0.00, real=0.00 secs] 
1649.801: [GC (Allocation Failure) [PSYoungGen: 74656K->1408K(74752K)] 449892K->376644K(631296K), 0.0019858 secs] [Times: user=0.00 sys=0.00, real=0.00 secs] 
1650.329: [GC (Allocation Failure) [PSYoungGen: 74624K->1376K(74752K)] 449860K->376612K(631296K), 0.0022217 secs] [Times: user=0.01 sys=0.00, real=0.00 secs] 
1650.635: [GC (Allocation Failure) [PSYoungGen: 74592K->1408K(74752K)] 449828K->376644K(631296K), 0.0020478 secs] [Times: user=0.01 sys=0.00, real=0.01 secs] 
1651.406: [GC (Allocation Failure) [PSYoungGen: 74624K->1405K(74752K)] 449860K->376641K(631296K), 0.0015667 secs] [Times: user=0.01 sys=0.00, real=0.01 secs] 
1652.516: [GC (Allocation Failure) [PSYoungGen: 74621K->1408K(74752K)] 449857K->376644K(631296K), 0.0054789 secs] [Times: user=0.02 sys=0.00, real=0.01 secs] 
1653.511: [GC (Allocation Failure) [PSYoungGen: 74624K->1376K(74752K)] 449860K->376612K(631296K), 0.0045014 secs] [Times: user=0.02 sys=0.00, real=0.00 secs] 
1654.369: [GC (Allocation Failure) [PSYoungGen: 74592K->1408K(74752K)] 449828K->376644K(631296K), 0.0036410 secs] [Times: user=0.02 sys=0.00, real=0.00 secs] 
1655.313: [GC (Allocation Failure) [PSYoungGen: 74624K->1357K(74752K)] 449860K->376593K(631296K), 0.0016479 secs] [Times: user=0.00 sys=0.00, real=0.00 secs] 
1656.875: [GC (Allocation Failure) [PSYoungGen: 74573K->1440K(74752K)] 449809K->376676K(631296K), 0.0044284 secs] [Times: user=0.01 sys=0.00, real=0.01 secs] 
1657.474: [GC (Allocation Failure) [PSYoungGen: 74656K->1408K(74752K)] 449892K->376644K(631296K), 0.0024926 secs] [Times: user=0.01 sys=0.00, real=0.01 secs] 
1658.064: [GC (Allocation Failure) [PSYoungGen: 74624K->1360K(74752K)] 449860K->376604K(631296K), 0.0031532 secs] [Times: user=0.01 sys=0.00, real=0.01 secs] 
1658.801: [GC (Allocation Failure) [PSYoungGen: 74576K->1360K(74752K)] 449820K->376604K(631296K), 0.0021233 secs] [Times: user=0.01 sys=0.00, real=0.00 secs] 
1659.467: [GC (Allocation Failure) [PSYoungGen: 74576K->1408K(74752K)] 449820K->376652K(631296K), 0.0016842 secs] [Times: user=0.01 sys=0.00, real=0.00 secs] 
1659.841: [GC (Allocation Failure) [PSYoungGen: 74624K->1392K(74752K)] 449868K->376636K(631296K), 0.0019327 secs] [Times: user=0.01 sys=0.00, real=0.00 secs] 
1660.371: [GC (Allocation Failure) [PSYoungGen: 74608K->1376K(74752K)] 449852K->376620K(631296K), 0.0039136 secs] [Times: user=0.02 sys=0.00, real=0.00 secs] 
1661.002: [GC (Allocation Failure) [PSYoungGen: 74592K->1344K(74752K)] 449836K->376588K(631296K), 0.0025829 secs] [Times: user=0.01 sys=0.00, real=0.00 secs] 
1662.169: [GC (Allocation Failure) [PSYoungGen: 74560K->1376K(74752K)] 449804K->376620K(631296K), 0.0020114 secs] [Times: user=0.01 sys=0.00, real=0.00 secs] 
1662.854: [GC (Allocation Failure) [PSYoungGen: 74592K->1376K(74752K)] 449836K->376620K(631296K), 0.0022307 secs] [Times: user=0.01 sys=0.00, real=0.00 secs] 
1663.508: [GC (Allocation Failure) [PSYoungGen: 74592K->1344K(74752K)] 449836K->376596K(631296K), 0.0023833 secs] [Times: user=0.01 sys=0.00, real=0.00 secs] 
1664.174: [GC (Allocation Failure) [PSYoungGen: 74560K->1344K(74752K)] 449812K->376596K(631296K), 0.0031097 secs] [Times: user=0.01 sys=0.00, real=0.01 secs] 
1664.982: [GC (Allocation Failure) [PSYoungGen: 74560K->1392K(74752K)] 449812K->376644K(631296K), 0.0017159 secs] [Times: user=0.01 sys=0.00, real=0.00 secs] 
1665.286: [GC (Allocation Failure) [PSYoungGen: 74608K->1408K(74752K)] 449860K->376660K(631296K), 0.0017187 secs] [Times: user=0.01 sys=0.00, real=0.01 secs] 
1665.589: [GC (Allocation Failure) [PSYoungGen: 74624K->1376K(74752K)] 449876K->376636K(631296K), 0.0016397 secs] [Times: user=0.00 sys=0.00, real=0.00 secs] 
1665.892: [GC (Allocation Failure) [PSYoungGen: 74592K->1408K(74752K)] 449852K->376668K(631296K), 0.0017345 secs] [Times: user=0.01 sys=0.00, real=0.00 secs] 
1666.638: [GC (Allocation Failure) [PSYoungGen: 74624K->1376K(74752K)] 449884K->376636K(631296K), 0.0017268 secs] [Times: user=0.01 sys=0.00, real=0.00 secs] 
1666.942: [GC (Allocation Failure) [PSYoungGen: 74592K->1376K(74752K)] 449852K->376636K(631296K), 0.0015091 secs] [Times: user=0.01 sys=0.00, real=0.00 secs] 
1667.473: [GC (Allocation Failure) [PSYoungGen: 74592K->1408K(74752K)] 449852K->376668K(631296K), 0.0017209 secs] [Times: user=0.01 sys=0.00, real=0.00 secs] 
1668.074: [GC (Allocation Failure) [PSYoungGen: 74624K->1376K(74752K)] 449884K->376636K(631296K), 0.0016972 secs] [Times: user=0.01 sys=0.00, real=0.00 secs] 
1669.698: [GC (Allocation Failure) [PSYoungGen: 74592K->1440K(74752K)] 449852K->376700K(631296K), 0.0095758 secs] [Times: user=0.04 sys=0.00, real=0.01 secs] 
1670.337: [GC (Allocation Failure) [PSYoungGen: 74656K->1408K(74752K)] 449916K->376668K(631296K), 0.0030189 secs] [Times: user=0.01 sys=0.00, real=0.00 secs] 
1670.752: [GC (Allocation Failure) [PSYoungGen: 74624K->1376K(74752K)] 449884K->376636K(631296K), 0.0020470 secs] [Times: user=0.01 sys=0.00, real=0.00 secs] 
1671.108: [GC (Allocation Failure) [PSYoungGen: 74592K->1376K(74752K)] 449852K->376636K(631296K), 0.0020129 secs] [Times: user=0.01 sys=0.00, real=0.00 secs] 
1672.008: [GC (Allocation Failure) [PSYoungGen: 74592K->1376K(74752K)] 449852K->376636K(631296K), 0.0018497 secs] [Times: user=0.01 sys=0.00, real=0.00 secs] 
1672.630: [GC (Allocation Failure) [PSYoungGen: 74592K->1376K(74752K)] 449852K->376636K(631296K), 0.0031730 secs] [Times: user=0.02 sys=0.00, real=0.00 secs] 
1673.165: [GC (Allocation Failure) [PSYoungGen: 74592K->1376K(74752K)] 449852K->376636K(631296K), 0.0020814 secs] [Times: user=0.01 sys=0.00, real=0.01 secs] 
1673.610: [GC (Allocation Failure) [PSYoungGen: 74592K->1408K(74752K)] 449852K->376668K(631296K), 0.0020308 secs] [Times: user=0.01 sys=0.00, real=0.00 secs] 
1674.733: [GC (Allocation Failure) [PSYoungGen: 74624K->1392K(74752K)] 449884K->376668K(631296K), 0.0020586 secs] [Times: user=0.01 sys=0.00, real=0.00 secs] 
1675.346: [GC (Allocation Failure) [PSYoungGen: 74608K->1408K(74752K)] 449884K->376684K(631296K), 0.0020076 secs] [Times: user=0.01 sys=0.01, real=0.01 secs] 
1675.790: [GC (Allocation Failure) [PSYoungGen: 74624K->1376K(74752K)] 449900K->376652K(631296K), 0.0020216 secs] [Times: user=0.01 sys=0.00, real=0.00 secs] 
1676.512: [GC (Allocation Failure) [PSYoungGen: 74592K->1376K(74752K)] 449868K->376660K(631296K), 0.0026057 secs] [Times: user=0.01 sys=0.00, real=0.00 secs] 
1677.692: [GC (Allocation Failure) [PSYoungGen: 74592K->1408K(74752K)] 449876K->376692K(631296K), 0.0018391 secs] [Times: user=0.01 sys=0.00, real=0.00 secs] 
1678.033: [GC (Allocation Failure) [PSYoungGen: 74624K->1360K(74752K)] 449908K->376644K(631296K), 0.0017351 secs] [Times: user=0.01 sys=0.00, real=0.00 secs] 
1678.446: [GC (Allocation Failure) [PSYoungGen: 74576K->1408K(74752K)] 449860K->376692K(631296K), 0.0019381 secs] [Times: user=0.00 sys=0.00, real=0.01 secs] 
1679.082: [GC (Allocation Failure) [PSYoungGen: 74624K->1376K(74752K)] 449908K->376660K(631296K), 0.0022632 secs] [Times: user=0.01 sys=0.00, real=0.00 secs] 
1680.667: [GC (Allocation Failure) [PSYoungGen: 74592K->1408K(74752K)] 449876K->376692K(631296K), 0.0068289 secs] [Times: user=0.03 sys=0.00, real=0.00 secs] 
1681.572: [GC (Allocation Failure) [PSYoungGen: 74624K->1376K(74752K)] 449908K->376660K(631296K), 0.0036274 secs] [Times: user=0.02 sys=0.00, real=0.00 secs] 
1682.359: [GC (Allocation Failure) [PSYoungGen: 74592K->1376K(74752K)] 449876K->376660K(631296K), 0.0034432 secs] [Times: user=0.01 sys=0.00, real=0.00 secs] 
1683.390: [GC (Allocation Failure) [PSYoungGen: 74592K->1344K(74752K)] 449876K->376628K(631296K), 0.0047911 secs] [Times: user=0.02 sys=0.00, real=0.00 secs] 
1684.789: [GC (Allocation Failure) [PSYoungGen: 74560K->1440K(74752K)] 449844K->376724K(631296K), 0.0019080 secs] [Times: user=0.01 sys=0.00, real=0.00 secs] 
1685.295: [GC (Allocation Failure) [PSYoungGen: 74656K->1376K(74752K)] 449940K->376660K(631296K), 0.0018656 secs] [Times: user=0.01 sys=0.00, real=0.01 secs] 
1685.906: [GC (Allocation Failure) [PSYoungGen: 74592K->1360K(74752K)] 449876K->376644K(631296K), 0.0020344 secs] [Times: user=0.01 sys=0.00, real=0.01 secs] 
1686.680: [GC (Allocation Failure) [PSYoungGen: 74576K->1408K(74752K)] 449860K->376692K(631296K), 0.0022988 secs] [Times: user=0.01 sys=0.00, real=0.00 secs] 
1687.937: [GC (Allocation Failure) [PSYoungGen: 74624K->1408K(74752K)] 449908K->377724K(631296K), 0.0023826 secs] [Times: user=0.01 sys=0.00, real=0.00 secs] 
1688.675: [GC (Allocation Failure) [PSYoungGen: 74624K->1376K(74752K)] 450940K->377692K(631296K), 0.0026802 secs] [Times: user=0.01 sys=0.01, real=0.01 secs] 
1689.428: [GC (Allocation Failure) [PSYoungGen: 74592K->1376K(74752K)] 450908K->377692K(631296K), 0.0025919 secs] [Times: user=0.01 sys=0.00, real=0.00 secs] 
1690.201: [GC (Allocation Failure) [PSYoungGen: 74592K->1408K(74752K)] 450908K->377724K(631296K), 0.0025605 secs] [Times: user=0.01 sys=0.00, real=0.00 secs] 
1691.757: [GC (Allocation Failure) [PSYoungGen: 74624K->1472K(74752K)] 450940K->377788K(631296K), 0.0020229 secs] [Times: user=0.01 sys=0.00, real=0.00 secs] 
1693.101: [GC (Allocation Failure) [PSYoungGen: 74688K->1344K(74752K)] 451004K->377660K(631296K), 0.0043963 secs] [Times: user=0.02 sys=0.00, real=0.00 secs] 
1694.523: [GC (Allocation Failure) [PSYoungGen: 74560K->1376K(74752K)] 450876K->377692K(631296K), 0.0044847 secs] [Times: user=0.01 sys=0.00, real=0.01 secs] 
1695.117: [GC (Allocation Failure) [PSYoungGen: 74592K->1408K(74752K)] 450908K->377724K(631296K), 0.0029710 secs] [Times: user=0.01 sys=0.00, real=0.00 secs] 
1696.433: [GC (Allocation Failure) [PSYoungGen: 74624K->1341K(74752K)] 450940K->377657K(631296K), 0.0014529 secs] [Times: user=0.01 sys=0.00, real=0.00 secs] 
1696.834: [GC (Allocation Failure) [PSYoungGen: 74557K->1440K(74752K)] 450873K->377756K(631296K), 0.0018960 secs] [Times: user=0.01 sys=0.00, real=0.00 secs] 
1697.204: [GC (Allocation Failure) [PSYoungGen: 74656K->1344K(74752K)] 450972K->377660K(631296K), 0.0019565 secs] [Times: user=0.01 sys=0.00, real=0.01 secs] 
1697.772: [GC (Allocation Failure) [PSYoungGen: 74560K->1360K(74752K)] 450876K->377676K(631296K), 0.0033805 secs] [Times: user=0.01 sys=0.00, real=0.00 secs] 
1698.679: [GC (Allocation Failure) [PSYoungGen: 74576K->1373K(74752K)] 450892K->377697K(631296K), 0.0015540 secs] [Times: user=0.01 sys=0.00, real=0.00 secs] 
1699.596: [GC (Allocation Failure) [PSYoungGen: 74589K->1408K(74752K)] 450913K->377732K(631296K), 0.0021090 secs] [Times: user=0.01 sys=0.00, real=0.01 secs] 
1700.255: [GC (Allocation Failure) [PSYoungGen: 74624K->1376K(74752K)] 450948K->377700K(631296K), 0.0022903 secs] [Times: user=0.01 sys=0.00, real=0.01 secs] 
1700.802: [GC (Allocation Failure) [PSYoungGen: 74592K->1376K(74752K)] 450916K->377708K(631296K), 0.0021839 secs] [Times: user=0.01 sys=0.00, real=0.00 secs] 
1701.360: [GC (Allocation Failure) [PSYoungGen: 74592K->1373K(74752K)] 450924K->377705K(631296K), 0.0016741 secs] [Times: user=0.01 sys=0.00, real=0.00 secs] 
1703.770: [GC (Allocation Failure) [PSYoungGen: 74589K->1408K(74752K)] 450921K->377748K(631296K), 0.0042606 secs] [Times: user=0.02 sys=0.00, real=0.00 secs] 
1704.554: [GC (Allocation Failure) [PSYoungGen: 74624K->1408K(74752K)] 450964K->377756K(631296K), 0.0036793 secs] [Times: user=0.02 sys=0.00, real=0.01 secs] 
1705.249: [GC (Allocation Failure) [PSYoungGen: 74624K->1408K(74752K)] 450972K->377756K(631296K), 0.0035366 secs] [Times: user=0.01 sys=0.00, real=0.00 secs] 
1705.944: [GC (Allocation Failure) [PSYoungGen: 74624K->1408K(74752K)] 450972K->377756K(631296K), 0.0033785 secs] [Times: user=0.01 sys=0.00, real=0.01 secs] 
1707.343: [GC (Allocation Failure) [PSYoungGen: 74624K->1376K(74752K)] 450972K->377724K(631296K), 0.0018691 secs] [Times: user=0.01 sys=0.00, real=0.00 secs] 
1708.346: [GC (Allocation Failure) [PSYoungGen: 74592K->1344K(74752K)] 450940K->377692K(631296K), 0.0045600 secs] [Times: user=0.02 sys=0.00, real=0.00 secs] 
1708.967: [GC (Allocation Failure) [PSYoungGen: 74560K->1408K(74752K)] 450908K->377764K(631296K), 0.0031412 secs] [Times: user=0.02 sys=0.00, real=0.00 secs] 
1709.416: [GC (Allocation Failure) [PSYoungGen: 74624K->1344K(74752K)] 450980K->377700K(631296K), 0.0020824 secs] [Times: user=0.01 sys=0.00, real=0.01 secs] 
1710.340: [GC (Allocation Failure) [PSYoungGen: 74560K->1408K(74752K)] 450916K->377764K(631296K), 0.0018529 secs] [Times: user=0.00 sys=0.00, real=0.00 secs] 
1710.948: [GC (Allocation Failure) [PSYoungGen: 74624K->1344K(74752K)] 450980K->377700K(631296K), 0.0050050 secs] [Times: user=0.03 sys=0.00, real=0.00 secs] 
1711.473: [GC (Allocation Failure) [PSYoungGen: 74560K->1376K(74752K)] 450916K->377732K(631296K), 0.0032399 secs] [Times: user=0.01 sys=0.00, real=0.01 secs] 
1712.005: [GC (Allocation Failure) [PSYoungGen: 74592K->1344K(74752K)] 450948K->377700K(631296K), 0.0045666 secs] [Times: user=0.02 sys=0.00, real=0.01 secs] 
1713.199: [GC (Allocation Failure) [PSYoungGen: 74560K->1376K(74752K)] 450916K->377732K(631296K), 0.0019206 secs] [Times: user=0.00 sys=0.00, real=0.00 secs] 
1713.980: [GC (Allocation Failure) [PSYoungGen: 74592K->1344K(74752K)] 450948K->377700K(631296K), 0.0034947 secs] [Times: user=0.01 sys=0.00, real=0.00 secs] 
1714.716: [GC (Allocation Failure) [PSYoungGen: 74560K->1408K(74752K)] 450916K->377764K(631296K), 0.0033826 secs] [Times: user=0.01 sys=0.00, real=0.01 secs] 
1715.489: [GC (Allocation Failure) [PSYoungGen: 74624K->1376K(74752K)] 450980K->377740K(631296K), 0.0047338 secs] [Times: user=0.02 sys=0.00, real=0.00 secs] 
1716.543: [GC (Allocation Failure) [PSYoungGen: 74592K->1408K(74752K)] 450956K->377772K(631296K), 0.0018660 secs] [Times: user=0.01 sys=0.00, real=0.00 secs] 
1716.974: [GC (Allocation Failure) [PSYoungGen: 74624K->1376K(74752K)] 450988K->377748K(631296K), 0.0035744 secs] [Times: user=0.02 sys=0.00, real=0.01 secs] 
1717.719: [GC (Allocation Failure) [PSYoungGen: 74592K->1376K(74752K)] 450964K->377748K(631296K), 0.0032729 secs] [Times: user=0.01 sys=0.00, real=0.00 secs] 
1718.590: [GC (Allocation Failure) [PSYoungGen: 74592K->1408K(74752K)] 450964K->377780K(631296K), 0.0039468 secs] [Times: user=0.02 sys=0.00, real=0.00 secs] 
1720.406: [GC (Allocation Failure) [PSYoungGen: 74624K->1408K(74752K)] 450996K->377780K(631296K), 0.0025820 secs] [Times: user=0.01 sys=0.00, real=0.01 secs] 
1721.094: [GC (Allocation Failure) [PSYoungGen: 74624K->1376K(74752K)] 450996K->377748K(631296K), 0.0023685 secs] [Times: user=0.01 sys=0.00, real=0.00 secs] 
1721.695: [GC (Allocation Failure) [PSYoungGen: 74592K->1376K(74752K)] 450964K->377748K(631296K), 0.0023761 secs] [Times: user=0.01 sys=0.00, real=0.01 secs] 
1722.219: [GC (Allocation Failure) [PSYoungGen: 74592K->1344K(74752K)] 450964K->377732K(631296K), 0.0021058 secs] [Times: user=0.01 sys=0.00, real=0.00 secs] 
1723.370: [GC (Allocation Failure) [PSYoungGen: 74560K->1376K(74752K)] 450948K->377764K(631296K), 0.0020851 secs] [Times: user=0.01 sys=0.00, real=0.00 secs] 
1723.983: [GC (Allocation Failure) [PSYoungGen: 74592K->1376K(74752K)] 450980K->377764K(631296K), 0.0038046 secs] [Times: user=0.02 sys=0.00, real=0.01 secs] 
1724.869: [GC (Allocation Failure) [PSYoungGen: 74592K->1376K(74752K)] 450980K->377764K(631296K), 0.0038084 secs] [Times: user=0.02 sys=0.00, real=0.00 secs] 
1725.694: [GC (Allocation Failure) [PSYoungGen: 74592K->1408K(74752K)] 450980K->377796K(631296K), 0.0035788 secs] [Times: user=0.01 sys=0.01, real=0.01 secs] 
1726.787: [GC (Allocation Failure) [PSYoungGen: 74624K->1408K(74752K)] 451012K->377796K(631296K), 0.0019922 secs] [Times: user=0.00 sys=0.00, real=0.00 secs] 
1727.470: [GC (Allocation Failure) [PSYoungGen: 74624K->1376K(74752K)] 451012K->377764K(631296K), 0.0038222 secs] [Times: user=0.01 sys=0.00, real=0.00 secs] 
1728.340: [GC (Allocation Failure) [PSYoungGen: 74592K->1392K(74752K)] 450980K->377788K(631296K), 0.0042966 secs] [Times: user=0.02 sys=0.00, real=0.00 secs] 
1729.087: [GC (Allocation Failure) [PSYoungGen: 74608K->1376K(74752K)] 451004K->377772K(631296K), 0.0034524 secs] [Times: user=0.02 sys=0.00, real=0.00 secs] 
1730.528: [GC (Allocation Failure) [PSYoungGen: 74592K->1408K(74752K)] 450988K->377804K(631296K), 0.0018401 secs] [Times: user=0.00 sys=0.00, real=0.00 secs] 
1731.813: [GC (Allocation Failure) [PSYoungGen: 74624K->1376K(74752K)] 451020K->377772K(631296K), 0.0053444 secs] [Times: user=0.03 sys=0.00, real=0.01 secs] 
1732.714: [GC (Allocation Failure) [PSYoungGen: 74592K->1408K(74752K)] 450988K->377804K(631296K), 0.0042935 secs] [Times: user=0.02 sys=0.00, real=0.01 secs] 
1733.198: [GC (Allocation Failure) [PSYoungGen: 74624K->1376K(74752K)] 451020K->377772K(631296K), 0.0028743 secs] [Times: user=0.01 sys=0.00, real=0.00 secs] 
1734.217: [GC (Allocation Failure) [PSYoungGen: 74592K->1440K(74752K)] 450988K->377836K(631296K), 0.0021125 secs] [Times: user=0.01 sys=0.00, real=0.00 secs] 
1734.936: [GC (Allocation Failure) [PSYoungGen: 74656K->1376K(74752K)] 451052K->377772K(631296K), 0.0025156 secs] [Times: user=0.01 sys=0.00, real=0.01 secs] 
1735.367: [GC (Allocation Failure) [PSYoungGen: 74592K->1376K(74752K)] 450988K->377772K(631296K), 0.0020948 secs] [Times: user=0.00 sys=0.00, real=0.00 secs] 
1735.706: [GC (Allocation Failure) [PSYoungGen: 74592K->1408K(74752K)] 450988K->377804K(631296K), 0.0020511 secs] [Times: user=0.00 sys=0.00, real=0.01 secs] 
1736.834: [GC (Allocation Failure) [PSYoungGen: 74624K->1440K(74752K)] 451020K->377836K(631296K), 0.0019377 secs] [Times: user=0.01 sys=0.00, real=0.00 secs] 
1737.999: [GC (Allocation Failure) [PSYoungGen: 74656K->1440K(74752K)] 451052K->377836K(631296K), 0.0023328 secs] [Times: user=0.01 sys=0.00, real=0.00 secs] 
1738.676: [GC (Allocation Failure) [PSYoungGen: 74656K->1408K(74752K)] 451052K->377812K(631296K), 0.0022888 secs] [Times: user=0.01 sys=0.00, real=0.01 secs] 
1739.287: [GC (Allocation Failure) [PSYoungGen: 74624K->1408K(74752K)] 451028K->377812K(631296K), 0.0040352 secs] [Times: user=0.02 sys=0.00, real=0.00 secs] 
1740.338: [GC (Allocation Failure) [PSYoungGen: 74624K->1504K(74752K)] 451028K->378004K(631296K), 0.0014768 secs] [Times: user=0.01 sys=0.00, real=0.00 secs] 
1740.955: [GC (Allocation Failure) [PSYoungGen: 74720K->1312K(74752K)] 451220K->377812K(631296K), 0.0016195 secs] [Times: user=0.01 sys=0.00, real=0.01 secs] 
1741.574: [GC (Allocation Failure) [PSYoungGen: 74528K->1280K(74240K)] 451028K->377780K(630784K), 0.0031431 secs] [Times: user=0.01 sys=0.00, real=0.01 secs] 
1742.084: [GC (Allocation Failure) [PSYoungGen: 73984K->1280K(74752K)] 450484K->377780K(631296K), 0.0020356 secs] [Times: user=0.01 sys=0.00, real=0.00 secs] 
1742.807: [GC (Allocation Failure) [PSYoungGen: 73984K->1373K(74240K)] 450484K->377873K(630784K), 0.0016800 secs] [Times: user=0.01 sys=0.00, real=0.00 secs] 
1743.459: [GC (Allocation Failure) [PSYoungGen: 74077K->1424K(74240K)] 450577K->377924K(630784K), 0.0018396 secs] [Times: user=0.00 sys=0.00, real=0.00 secs] 
1744.146: [GC (Allocation Failure) [PSYoungGen: 74128K->352K(73728K)] 450628K->377876K(630272K), 0.0029648 secs] [Times: user=0.01 sys=0.00, real=0.01 secs] 
1744.853: [GC (Allocation Failure) [PSYoungGen: 73056K->352K(74752K)] 450580K->377876K(631296K), 0.0029726 secs] [Times: user=0.01 sys=0.00, real=0.00 secs] 
1745.531: [GC (Allocation Failure) [PSYoungGen: 73056K->1373K(74752K)] 450580K->378897K(631296K), 0.0015861 secs] [Times: user=0.01 sys=0.00, real=0.00 secs] 
1749.325: [GC (Allocation Failure) [PSYoungGen: 74077K->1408K(74752K)] 451601K->378940K(631296K), 0.0046401 secs] [Times: user=0.02 sys=0.00, real=0.01 secs] 
1749.648: [GC (Allocation Failure) [PSYoungGen: 74112K->1376K(74752K)] 451644K->378908K(631296K), 0.0020432 secs] [Times: user=0.01 sys=0.00, real=0.00 secs] 
1750.020: [GC (Allocation Failure) [PSYoungGen: 74080K->1376K(74752K)] 451612K->378908K(631296K), 0.0021857 secs] [Times: user=0.01 sys=0.01, real=0.00 secs] 
1750.715: [GC (Allocation Failure) [PSYoungGen: 74080K->1357K(74752K)] 451612K->378889K(631296K), 0.0024193 secs] [Times: user=0.01 sys=0.00, real=0.01 secs] 
1751.653: [GC (Allocation Failure) [PSYoungGen: 74061K->1408K(74752K)] 451593K->378940K(631296K), 0.0017838 secs] [Times: user=0.01 sys=0.00, real=0.00 secs] 
1751.955: [GC (Allocation Failure) [PSYoungGen: 74112K->1376K(74752K)] 451644K->378908K(631296K), 0.0017375 secs] [Times: user=0.00 sys=0.00, real=0.01 secs] 
1752.289: [GC (Allocation Failure) [PSYoungGen: 74080K->1408K(74752K)] 451612K->378948K(631296K), 0.0021415 secs] [Times: user=0.01 sys=0.00, real=0.00 secs] 
1752.889: [GC (Allocation Failure) [PSYoungGen: 74112K->1360K(74752K)] 451652K->378900K(631296K), 0.0020058 secs] [Times: user=0.01 sys=0.00, real=0.00 secs] 
1753.708: [GC (Allocation Failure) [PSYoungGen: 74064K->1408K(74752K)] 451604K->378948K(631296K), 0.0017982 secs] [Times: user=0.01 sys=0.00, real=0.00 secs] 
1754.125: [GC (Allocation Failure) [PSYoungGen: 74112K->1408K(74752K)] 451652K->378948K(631296K), 0.0019056 secs] [Times: user=0.01 sys=0.00, real=0.01 secs] 
1754.798: [GC (Allocation Failure) [PSYoungGen: 74112K->1376K(74752K)] 451652K->378916K(631296K), 0.0030397 secs] [Times: user=0.01 sys=0.00, real=0.00 secs] 
1755.438: [GC (Allocation Failure) [PSYoungGen: 74080K->1376K(74752K)] 451620K->378916K(631296K), 0.0044863 secs] [Times: user=0.02 sys=0.00, real=0.00 secs] 
1756.684: [GC (Allocation Failure) [PSYoungGen: 74080K->1376K(74752K)] 451620K->378916K(631296K), 0.0021444 secs] [Times: user=0.01 sys=0.00, real=0.01 secs] 
1757.336: [GC (Allocation Failure) [PSYoungGen: 74080K->1344K(74752K)] 451620K->378884K(631296K), 0.0056037 secs] [Times: user=0.03 sys=0.00, real=0.01 secs] 
1758.013: [GC (Allocation Failure) [PSYoungGen: 74048K->1376K(74752K)] 451588K->378924K(631296K), 0.0035806 secs] [Times: user=0.02 sys=0.00, real=0.01 secs] 
1758.439: [GC (Allocation Failure) [PSYoungGen: 74080K->1344K(74752K)] 451628K->378892K(631296K), 0.0036194 secs] [Times: user=0.01 sys=0.00, real=0.00 secs] 
1759.604: [GC (Allocation Failure) [PSYoungGen: 74048K->1376K(74752K)] 451596K->378924K(631296K), 0.0025370 secs] [Times: user=0.01 sys=0.00, real=0.01 secs] 
1760.007: [GC (Allocation Failure) [PSYoungGen: 74080K->1376K(74752K)] 451628K->378924K(631296K), 0.0020482 secs] [Times: user=0.01 sys=0.00, real=0.00 secs] 
1760.647: [GC (Allocation Failure) [PSYoungGen: 74080K->1408K(74752K)] 451628K->378956K(631296K), 0.0025379 secs] [Times: user=0.01 sys=0.00, real=0.00 secs] 
1761.339: [GC (Allocation Failure) [PSYoungGen: 74112K->1408K(74752K)] 451660K->378956K(631296K), 0.0041393 secs] [Times: user=0.01 sys=0.00, real=0.00 secs] 
1762.407: [GC (Allocation Failure) [PSYoungGen: 74112K->1440K(74752K)] 451660K->378988K(631296K), 0.0018659 secs] [Times: user=0.01 sys=0.00, real=0.00 secs] 
1762.714: [GC (Allocation Failure) [PSYoungGen: 74144K->1376K(74752K)] 451692K->378924K(631296K), 0.0018174 secs] [Times: user=0.01 sys=0.00, real=0.00 secs] 
1763.050: [GC (Allocation Failure) [PSYoungGen: 74080K->1376K(74752K)] 451628K->378924K(631296K), 0.0019267 secs] [Times: user=0.01 sys=0.00, real=0.00 secs] 
1763.353: [GC (Allocation Failure) [PSYoungGen: 74080K->1376K(74240K)] 451628K->378924K(630784K), 0.0031166 secs] [Times: user=0.01 sys=0.00, real=0.00 secs] 
1764.764: [GC (Allocation Failure) [PSYoungGen: 74080K->1376K(74240K)] 451628K->378924K(630784K), 0.0054258 secs] [Times: user=0.02 sys=0.00, real=0.01 secs] 
1765.740: [GC (Allocation Failure) [PSYoungGen: 74080K->352K(73728K)] 451628K->378932K(630272K), 0.0023337 secs] [Times: user=0.01 sys=0.00, real=0.00 secs] 
1766.043: [GC (Allocation Failure) [PSYoungGen: 73056K->368K(74752K)] 451636K->378948K(631296K), 0.0021896 secs] [Times: user=0.00 sys=0.00, real=0.00 secs] 
1766.444: [GC (Allocation Failure) [PSYoungGen: 73072K->368K(74752K)] 451652K->378948K(631296K), 0.0026044 secs] [Times: user=0.01 sys=0.00, real=0.01 secs] 
1767.406: [GC (Allocation Failure) [PSYoungGen: 73072K->1440K(74752K)] 451652K->380020K(631296K), 0.0016768 secs] [Times: user=0.01 sys=0.00, real=0.01 secs] 
1768.029: [GC (Allocation Failure) [PSYoungGen: 74144K->1376K(74752K)] 452724K->379956K(631296K), 0.0018749 secs] [Times: user=0.00 sys=0.00, real=0.00 secs] 
1768.372: [GC (Allocation Failure) [PSYoungGen: 74080K->1344K(74752K)] 452660K->379924K(631296K), 0.0030212 secs] [Times: user=0.02 sys=0.00, real=0.00 secs] 
1768.681: [GC (Allocation Failure) [PSYoungGen: 74048K->1344K(74752K)] 452628K->379924K(631296K), 0.0031289 secs] [Times: user=0.02 sys=0.00, real=0.00 secs] 
1769.547: [GC (Allocation Failure) [PSYoungGen: 74048K->1920K(74752K)] 452628K->380500K(631296K), 0.0018495 secs] [Times: user=0.00 sys=0.00, real=0.00 secs] 
1770.198: [GC (Allocation Failure) [PSYoungGen: 74624K->1376K(75264K)] 453204K->379956K(631808K), 0.0018877 secs] [Times: user=0.00 sys=0.00, real=0.00 secs] 
1770.728: [GC (Allocation Failure) [PSYoungGen: 74080K->1408K(74240K)] 452660K->379988K(630784K), 0.0027149 secs] [Times: user=0.01 sys=0.00, real=0.00 secs] 
1771.023: [GC (Allocation Failure) [PSYoungGen: 74112K->1344K(74752K)] 452692K->379924K(631296K), 0.0020836 secs] [Times: user=0.01 sys=0.00, real=0.00 secs] 
1771.967: [GC (Allocation Failure) [PSYoungGen: 74048K->1424K(74752K)] 452628K->380004K(631296K), 0.0017131 secs] [Times: user=0.01 sys=0.00, real=0.00 secs] 
1773.122: [GC (Allocation Failure) [PSYoungGen: 74128K->1376K(74752K)] 452708K->379956K(631296K), 0.0054267 secs] [Times: user=0.02 sys=0.00, real=0.01 secs] 
1774.043: [GC (Allocation Failure) [PSYoungGen: 74080K->1360K(74752K)] 452660K->379940K(631296K), 0.0051936 secs] [Times: user=0.02 sys=0.01, real=0.01 secs] 
1774.811: [GC (Allocation Failure) [PSYoungGen: 74064K->1376K(74752K)] 452644K->379956K(631296K), 0.0033210 secs] [Times: user=0.01 sys=0.00, real=0.00 secs] 
1775.721: [GC (Allocation Failure) [PSYoungGen: 74080K->1373K(74752K)] 452660K->379961K(631296K), 0.0015554 secs] [Times: user=0.01 sys=0.00, real=0.00 secs] 
1776.623: [GC (Allocation Failure) [PSYoungGen: 74077K->1408K(74752K)] 452665K->379996K(631296K), 0.0035921 secs] [Times: user=0.02 sys=0.00, real=0.00 secs] 
1777.320: [GC (Allocation Failure) [PSYoungGen: 74112K->1344K(74752K)] 452700K->379932K(631296K), 0.0029905 secs] [Times: user=0.01 sys=0.00, real=0.00 secs] 
1778.161: [GC (Allocation Failure) [PSYoungGen: 74048K->1360K(74752K)] 452636K->379948K(631296K), 0.0033742 secs] [Times: user=0.01 sys=0.00, real=0.00 secs] 
1779.094: [GC (Allocation Failure) [PSYoungGen: 74064K->1360K(74752K)] 452652K->379948K(631296K), 0.0020322 secs] [Times: user=0.01 sys=0.00, real=0.00 secs] 
1780.022: [GC (Allocation Failure) [PSYoungGen: 74064K->1440K(74752K)] 452652K->380028K(631296K), 0.0018827 secs] [Times: user=0.00 sys=0.00, real=0.00 secs] 
1780.439: [GC (Allocation Failure) [PSYoungGen: 74144K->1344K(74752K)] 452732K->379932K(631296K), 0.0024385 secs] [Times: user=0.01 sys=0.00, real=0.00 secs] 
1780.743: [GC (Allocation Failure) [PSYoungGen: 74048K->1392K(74752K)] 452636K->379980K(631296K), 0.0021572 secs] [Times: user=0.01 sys=0.00, real=0.00 secs] 
1781.347: [GC (Allocation Failure) [PSYoungGen: 74096K->1376K(74752K)] 452684K->379964K(631296K), 0.0021853 secs] [Times: user=0.01 sys=0.00, real=0.00 secs] 
1782.838: [GC (Allocation Failure) [PSYoungGen: 74080K->1376K(74752K)] 452668K->379964K(631296K), 0.0054933 secs] [Times: user=0.03 sys=0.00, real=0.00 secs] 
1783.722: [GC (Allocation Failure) [PSYoungGen: 74080K->1376K(74752K)] 452668K->379964K(631296K), 0.0045300 secs] [Times: user=0.02 sys=0.00, real=0.01 secs] 
1784.509: [GC (Allocation Failure) [PSYoungGen: 74080K->1376K(74752K)] 452668K->379964K(631296K), 0.0035706 secs] [Times: user=0.02 sys=0.00, real=0.00 secs] 
1785.363: [GC (Allocation Failure) [PSYoungGen: 74080K->1344K(74752K)] 452668K->379932K(631296K), 0.0043927 secs] [Times: user=0.02 sys=0.00, real=0.01 secs] 
1786.978: [GC (Allocation Failure) [PSYoungGen: 74048K->1408K(74752K)] 452636K->379996K(631296K), 0.0029786 secs] [Times: user=0.02 sys=0.00, real=0.00 secs] 
1788.230: [GC (Allocation Failure) [PSYoungGen: 74112K->1376K(74240K)] 452700K->379964K(630784K), 0.0057427 secs] [Times: user=0.02 sys=0.00, real=0.00 secs] 
1789.188: [GC (Allocation Failure) [PSYoungGen: 74080K->1376K(74240K)] 452668K->379972K(630784K), 0.0035721 secs] [Times: user=0.02 sys=0.00, real=0.00 secs] 
1789.614: [GC (Allocation Failure) [PSYoungGen: 74080K->1344K(74240K)] 452676K->379948K(630784K), 0.0021728 secs] [Times: user=0.01 sys=0.00, real=0.01 secs] 
1790.754: [GC (Allocation Failure) [PSYoungGen: 74048K->1376K(74240K)] 452652K->379980K(630784K), 0.0019902 secs] [Times: user=0.01 sys=0.00, real=0.00 secs] 
1791.409: [GC (Allocation Failure) [PSYoungGen: 74080K->1344K(74240K)] 452684K->379948K(630784K), 0.0020459 secs] [Times: user=0.00 sys=0.01, real=0.00 secs] 
1791.853: [GC (Allocation Failure) [PSYoungGen: 74048K->1408K(74240K)] 452652K->380012K(630784K), 0.0022500 secs] [Times: user=0.01 sys=0.00, real=0.00 secs] 
1792.173: [GC (Allocation Failure) [PSYoungGen: 74112K->1376K(74240K)] 452716K->379980K(630784K), 0.0020484 secs] [Times: user=0.00 sys=0.01, real=0.00 secs] 
1794.670: [GC (Allocation Failure) [PSYoungGen: 74080K->1328K(74240K)] 452684K->379932K(630784K), 0.0038775 secs] [Times: user=0.02 sys=0.00, real=0.00 secs] 
1795.278: [GC (Allocation Failure) [PSYoungGen: 74032K->1344K(74240K)] 452636K->379948K(630784K), 0.0023442 secs] [Times: user=0.01 sys=0.00, real=0.00 secs] 
1796.068: [GC (Allocation Failure) [PSYoungGen: 74048K->1344K(74240K)] 452652K->379948K(630784K), 0.0022210 secs] [Times: user=0.01 sys=0.00, real=0.00 secs] 
1797.128: [GC (Allocation Failure) [PSYoungGen: 74048K->1376K(74240K)] 452652K->379988K(630784K), 0.0054562 secs] [Times: user=0.02 sys=0.00, real=0.00 secs] 
1798.677: [GC (Allocation Failure) [PSYoungGen: 74080K->1376K(74240K)] 452692K->379988K(630784K), 0.0023636 secs] [Times: user=0.01 sys=0.00, real=0.00 secs] 
1799.741: [GC (Allocation Failure) [PSYoungGen: 74080K->1408K(74240K)] 452692K->380020K(630784K), 0.0036701 secs] [Times: user=0.01 sys=0.00, real=0.00 secs] 
1800.079: [GC (Allocation Failure) [PSYoungGen: 74112K->1376K(74240K)] 452724K->380004K(630784K), 0.0020496 secs] [Times: user=0.01 sys=0.00, real=0.00 secs] 
1800.595: [GC (Allocation Failure) [PSYoungGen: 74080K->1408K(74240K)] 452708K->380036K(630784K), 0.0020704 secs] [Times: user=0.01 sys=0.01, real=0.01 secs] 
1801.599: [GC (Allocation Failure) [PSYoungGen: 74112K->1440K(74240K)] 452740K->380068K(630784K), 0.0018027 secs] [Times: user=0.01 sys=0.00, real=0.00 secs] 
1802.141: [GC (Allocation Failure) [PSYoungGen: 74144K->1344K(74240K)] 452772K->379972K(630784K), 0.0028373 secs] [Times: user=0.01 sys=0.00, real=0.00 secs] 
1802.444: [GC (Allocation Failure) [PSYoungGen: 74048K->1328K(74240K)] 452676K->379956K(630784K), 0.0023540 secs] [Times: user=0.01 sys=0.00, real=0.01 secs] 
1802.790: [GC (Allocation Failure) [PSYoungGen: 74032K->1376K(74240K)] 452660K->380012K(630784K), 0.0030719 secs] [Times: user=0.02 sys=0.00, real=0.00 secs] 
1803.772: [GC (Allocation Failure) [PSYoungGen: 74080K->1440K(74240K)] 452716K->380076K(630784K), 0.0020350 secs] [Times: user=0.01 sys=0.00, real=0.00 secs] 
1804.560: [GC (Allocation Failure) [PSYoungGen: 74144K->1376K(74240K)] 452780K->380012K(630784K), 0.0027410 secs] [Times: user=0.01 sys=0.00, real=0.00 secs] 
1805.199: [GC (Allocation Failure) [PSYoungGen: 74080K->1376K(74240K)] 452716K->380012K(630784K), 0.0044263 secs] [Times: user=0.02 sys=0.00, real=0.00 secs] 
1805.796: [GC (Allocation Failure) [PSYoungGen: 74080K->1344K(74240K)] 452716K->379980K(630784K), 0.0034234 secs] [Times: user=0.02 sys=0.00, real=0.01 secs] 
1806.838: [GC (Allocation Failure) [PSYoungGen: 74048K->1504K(74240K)] 452684K->380236K(630784K), 0.0017586 secs] [Times: user=0.01 sys=0.00, real=0.00 secs] 
1807.590: [GC (Allocation Failure) [PSYoungGen: 74208K->1328K(74240K)] 452940K->380060K(630784K), 0.0020372 secs] [Times: user=0.00 sys=0.00, real=0.00 secs] 
1808.200: [GC (Allocation Failure) [PSYoungGen: 74032K->1312K(74240K)] 452764K->380044K(630784K), 0.0021697 secs] [Times: user=0.01 sys=0.00, real=0.00 secs] 
1808.558: [GC (Allocation Failure) [PSYoungGen: 74016K->1312K(74240K)] 452748K->380044K(630784K), 0.0019623 secs] [Times: user=0.01 sys=0.00, real=0.00 secs] 
1809.241: [GC (Allocation Failure) [PSYoungGen: 74016K->1405K(74240K)] 452748K->380137K(630784K), 0.0015352 secs] [Times: user=0.00 sys=0.00, real=0.00 secs] 
1810.099: [GC (Allocation Failure) [PSYoungGen: 74109K->1440K(74240K)] 452841K->380172K(630784K), 0.0027938 secs] [Times: user=0.01 sys=0.00, real=0.00 secs] 
1810.653: [GC (Allocation Failure) [PSYoungGen: 74144K->1408K(74240K)] 452876K->380140K(630784K), 0.0026801 secs] [Times: user=0.01 sys=0.00, real=0.00 secs] 
1811.687: [GC (Allocation Failure) [PSYoungGen: 74112K->1408K(74240K)] 452844K->380140K(630784K), 0.0038578 secs] [Times: user=0.02 sys=0.00, real=0.00 secs] 
1812.795: [GC (Allocation Failure) [PSYoungGen: 74112K->1405K(74240K)] 452844K->380137K(630784K), 0.0016073 secs] [Times: user=0.01 sys=0.00, real=0.01 secs] 
1814.537: [GC (Allocation Failure) [PSYoungGen: 74109K->1472K(74240K)] 452841K->380204K(630784K), 0.0049082 secs] [Times: user=0.02 sys=0.00, real=0.00 secs] 
1815.490: [GC (Allocation Failure) [PSYoungGen: 74176K->1360K(74240K)] 452908K->380092K(630784K), 0.0038898 secs] [Times: user=0.01 sys=0.00, real=0.00 secs] 
1816.174: [GC (Allocation Failure) [PSYoungGen: 74064K->1408K(74240K)] 452796K->380140K(630784K), 0.0031750 secs] [Times: user=0.02 sys=0.00, real=0.01 secs] 
1816.818: [GC (Allocation Failure) [PSYoungGen: 74095K->304K(73728K)] 452828K->379036K(630272K), 0.0025747 secs] [Times: user=0.01 sys=0.00, real=0.00 secs] 
1817.672: [GC (Allocation Failure) [PSYoungGen: 72496K->1440K(74240K)] 451228K->380180K(630784K), 0.0028096 secs] [Times: user=0.01 sys=0.00, real=0.00 secs] 
1818.188: [GC (Allocation Failure) [PSYoungGen: 73632K->1408K(74240K)] 452372K->380148K(630784K), 0.0020033 secs] [Times: user=0.01 sys=0.00, real=0.00 secs] 
1818.785: [GC (Allocation Failure) [PSYoungGen: 73600K->1408K(74240K)] 452340K->380164K(630784K), 0.0023678 secs] [Times: user=0.01 sys=0.00, real=0.01 secs] 
1819.419: [GC (Allocation Failure) [PSYoungGen: 73600K->1408K(74240K)] 452356K->380172K(630784K), 0.0022131 secs] [Times: user=0.01 sys=0.00, real=0.00 secs] 
1820.327: [GC (Allocation Failure) [PSYoungGen: 73600K->1408K(74240K)] 452364K->380172K(630784K), 0.0017832 secs] [Times: user=0.01 sys=0.00, real=0.00 secs] 
1820.669: [GC (Allocation Failure) [PSYoungGen: 73600K->1376K(74240K)] 452364K->380140K(630784K), 0.0018032 secs] [Times: user=0.01 sys=0.00, real=0.00 secs] 
1821.264: [GC (Allocation Failure) [PSYoungGen: 73568K->1376K(74240K)] 452332K->380156K(630784K), 0.0024455 secs] [Times: user=0.01 sys=0.00, real=0.01 secs] 
1821.826: [GC (Allocation Failure) [PSYoungGen: 73568K->1344K(74240K)] 452348K->380132K(630784K), 0.0027661 secs] [Times: user=0.01 sys=0.00, real=0.01 secs] 
1823.171: [GC (Allocation Failure) [PSYoungGen: 73536K->1376K(74240K)] 452324K->380164K(630784K), 0.0020372 secs] [Times: user=0.01 sys=0.00, real=0.00 secs] 
1824.044: [GC (Allocation Failure) [PSYoungGen: 73568K->1376K(74240K)] 452356K->380164K(630784K), 0.0032487 secs] [Times: user=0.02 sys=0.00, real=0.01 secs] 
1824.834: [GC (Allocation Failure) [PSYoungGen: 73568K->1408K(74240K)] 452356K->380196K(630784K), 0.0033965 secs] [Times: user=0.02 sys=0.00, real=0.01 secs] 
1825.761: [GC (Allocation Failure) [PSYoungGen: 73600K->1408K(74240K)] 452388K->380196K(630784K), 0.0051359 secs] [Times: user=0.02 sys=0.00, real=0.01 secs] 
1826.709: [GC (Allocation Failure) [PSYoungGen: 73600K->1440K(74240K)] 452388K->380236K(630784K), 0.0015956 secs] [Times: user=0.01 sys=0.00, real=0.00 secs] 
1827.066: [GC (Allocation Failure) [PSYoungGen: 73632K->1392K(74240K)] 452428K->380188K(630784K), 0.0018307 secs] [Times: user=0.01 sys=0.00, real=0.01 secs] 
1827.662: [GC (Allocation Failure) [PSYoungGen: 73584K->1408K(74240K)] 452380K->380204K(630784K), 0.0020309 secs] [Times: user=0.00 sys=0.00, real=0.00 secs] 
1828.278: [GC (Allocation Failure) [PSYoungGen: 73600K->1376K(74240K)] 452396K->380172K(630784K), 0.0020922 secs] [Times: user=0.00 sys=0.00, real=0.00 secs] 
1829.176: [GC (Allocation Failure) [PSYoungGen: 73568K->1408K(74240K)] 452364K->380204K(630784K), 0.0015618 secs] [Times: user=0.00 sys=0.00, real=0.01 secs] 
1829.780: [GC (Allocation Failure) [PSYoungGen: 73600K->1376K(73728K)] 452396K->380172K(630272K), 0.0022076 secs] [Times: user=0.01 sys=0.00, real=0.00 secs] 
1830.671: [GC (Allocation Failure) [PSYoungGen: 73568K->1376K(73728K)] 452364K->380172K(630272K), 0.0055998 secs] [Times: user=0.02 sys=0.01, real=0.01 secs] 
1831.555: [GC (Allocation Failure) [PSYoungGen: 73568K->352K(73216K)] 452364K->380172K(629760K), 0.0044883 secs] [Times: user=0.02 sys=0.00, real=0.01 secs] 
1832.849: [GC (Allocation Failure) [PSYoungGen: 72544K->1408K(74240K)] 452364K->381228K(630784K), 0.0016424 secs] [Times: user=0.00 sys=0.00, real=0.00 secs] 
1833.578: [GC (Allocation Failure) [PSYoungGen: 73600K->1376K(74240K)] 453420K->381196K(630784K), 0.0058778 secs] [Times: user=0.02 sys=0.00, real=0.00 secs] 
1834.767: [GC (Allocation Failure) [PSYoungGen: 73568K->1408K(74240K)] 453388K->381228K(630784K), 0.0049978 secs] [Times: user=0.02 sys=0.00, real=0.00 secs] 
1835.727: [GC (Allocation Failure) [PSYoungGen: 73600K->1408K(74240K)] 453420K->381228K(630784K), 0.0052318 secs] [Times: user=0.02 sys=0.00, real=0.00 secs] 
1836.958: [GC (Allocation Failure) [PSYoungGen: 73196K->224K(74240K)] 453016K->380044K(630784K), 0.0013950 secs] [Times: user=0.01 sys=0.00, real=0.00 secs] 
1837.686: [GC (Allocation Failure) [PSYoungGen: 72416K->1376K(74240K)] 452236K->381196K(630784K), 0.0022060 secs] [Times: user=0.01 sys=0.00, real=0.01 secs] 
1838.385: [GC (Allocation Failure) [PSYoungGen: 73568K->1344K(74240K)] 453388K->381172K(630784K), 0.0024280 secs] [Times: user=0.01 sys=0.00, real=0.01 secs] 
1839.055: [GC (Allocation Failure) [PSYoungGen: 73536K->1344K(74240K)] 453364K->381172K(630784K), 0.0025304 secs] [Times: user=0.01 sys=0.00, real=0.01 secs] 
1839.848: [GC (Allocation Failure) [PSYoungGen: 73536K->1373K(74240K)] 453364K->381201K(630784K), 0.0015462 secs] [Times: user=0.00 sys=0.00, real=0.00 secs] 
1840.514: [GC (Allocation Failure) [PSYoungGen: 73565K->1376K(74240K)] 453393K->381204K(630784K), 0.0019501 secs] [Times: user=0.01 sys=0.00, real=0.00 secs] 
1841.105: [GC (Allocation Failure) [PSYoungGen: 73568K->1376K(74240K)] 453396K->381204K(630784K), 0.0022100 secs] [Times: user=0.01 sys=0.00, real=0.01 secs] 
1841.734: [GC (Allocation Failure) [PSYoungGen: 73568K->1408K(74240K)] 453396K->381236K(630784K), 0.0025377 secs] [Times: user=0.01 sys=0.00, real=0.01 secs] 
1842.499: [GC (Allocation Failure) [PSYoungGen: 73600K->1408K(74240K)] 453428K->381236K(630784K), 0.0029648 secs] [Times: user=0.02 sys=0.00, real=0.00 secs] 
1843.372: [GC (Allocation Failure) [PSYoungGen: 73600K->1408K(74240K)] 453428K->381236K(630784K), 0.0019977 secs] [Times: user=0.00 sys=0.00, real=0.00 secs] 
1843.680: [GC (Allocation Failure) [PSYoungGen: 73600K->1376K(74240K)] 453428K->381204K(630784K), 0.0019869 secs] [Times: user=0.01 sys=0.00, real=0.00 secs] 
1844.181: [GC (Allocation Failure) [PSYoungGen: 73568K->1392K(74240K)] 453396K->381220K(630784K), 0.0020058 secs] [Times: user=0.01 sys=0.00, real=0.00 secs] 
1844.493: [GC (Allocation Failure) [PSYoungGen: 73584K->1376K(74240K)] 453412K->381204K(630784K), 0.0020760 secs] [Times: user=0.01 sys=0.00, real=0.00 secs] 
1846.263: [GC (Allocation Failure) [PSYoungGen: 73568K->1376K(74240K)] 453396K->381204K(630784K), 0.0032341 secs] [Times: user=0.02 sys=0.00, real=0.01 secs] 
1847.130: [GC (Allocation Failure) [PSYoungGen: 73568K->1360K(74240K)] 453396K->381196K(630784K), 0.0031502 secs] [Times: user=0.02 sys=0.00, real=0.00 secs] 
1847.830: [GC (Allocation Failure) [PSYoungGen: 73552K->1408K(74240K)] 453388K->381244K(630784K), 0.0027379 secs] [Times: user=0.01 sys=0.00, real=0.00 secs] 
1848.426: [GC (Allocation Failure) [PSYoungGen: 73600K->1344K(74240K)] 453436K->381180K(630784K), 0.0021743 secs] [Times: user=0.01 sys=0.00, real=0.01 secs] 
1849.261: [GC (Allocation Failure) [PSYoungGen: 73536K->1376K(74240K)] 453372K->381212K(630784K), 0.0017212 secs] [Times: user=0.01 sys=0.00, real=0.00 secs] 
1849.886: [GC (Allocation Failure) [PSYoungGen: 73568K->1376K(74240K)] 453404K->381212K(630784K), 0.0016347 secs] [Times: user=0.01 sys=0.00, real=0.01 secs] 
1850.510: [GC (Allocation Failure) [PSYoungGen: 73568K->1344K(74240K)] 453404K->381180K(630784K), 0.0023375 secs] [Times: user=0.01 sys=0.00, real=0.00 secs] 
1851.126: [GC (Allocation Failure) [PSYoungGen: 73536K->1376K(74240K)] 453372K->381212K(630784K), 0.0021740 secs] [Times: user=0.01 sys=0.00, real=0.01 secs] 
1852.191: [GC (Allocation Failure) [PSYoungGen: 73568K->1408K(74240K)] 453404K->381244K(630784K), 0.0018482 secs] [Times: user=0.00 sys=0.00, real=0.00 secs] 
1852.830: [GC (Allocation Failure) [PSYoungGen: 73600K->1376K(73728K)] 453436K->381212K(630272K), 0.0018436 secs] [Times: user=0.01 sys=0.00, real=0.00 secs] 
1853.364: [GC (Allocation Failure) [PSYoungGen: 73568K->1376K(73728K)] 453404K->381212K(630272K), 0.0024709 secs] [Times: user=0.01 sys=0.00, real=0.01 secs] 
1853.654: [GC (Allocation Failure) [PSYoungGen: 73568K->1344K(73728K)] 453404K->381180K(630272K), 0.0020021 secs] [Times: user=0.01 sys=0.00, real=0.00 secs] 
1854.533: [GC (Allocation Failure) [PSYoungGen: 73536K->1408K(73728K)] 453372K->381244K(630272K), 0.0021735 secs] [Times: user=0.01 sys=0.00, real=0.00 secs] 
1855.467: [GC (Allocation Failure) [PSYoungGen: 73600K->1392K(73728K)] 453436K->381228K(630272K), 0.0023021 secs] [Times: user=0.01 sys=0.00, real=0.00 secs] 
1855.798: [GC (Allocation Failure) [PSYoungGen: 73584K->1392K(73728K)] 453420K->381228K(630272K), 0.0020344 secs] [Times: user=0.00 sys=0.00, real=0.00 secs] 
1856.821: [GC (Allocation Failure) [PSYoungGen: 73584K->1344K(73728K)] 453420K->381188K(630272K), 0.0018732 secs] [Times: user=0.00 sys=0.00, real=0.00 secs] 
1857.864: [GC (Allocation Failure) [PSYoungGen: 73536K->1376K(73728K)] 453380K->381220K(630272K), 0.0022659 secs] [Times: user=0.01 sys=0.00, real=0.00 secs] 
1859.085: [GC (Allocation Failure) [PSYoungGen: 73568K->1376K(73728K)] 453412K->381220K(630272K), 0.0034041 secs] [Times: user=0.01 sys=0.00, real=0.01 secs] 
1860.181: [GC (Allocation Failure) [PSYoungGen: 73568K->1344K(73728K)] 453412K->381188K(630272K), 0.0026799 secs] [Times: user=0.01 sys=0.00, real=0.00 secs] 
1861.727: [GC (Allocation Failure) [PSYoungGen: 73536K->1392K(73728K)] 453380K->381236K(630272K), 0.0024404 secs] [Times: user=0.01 sys=0.00, real=0.00 secs] 
1862.717: [GC (Allocation Failure) [PSYoungGen: 73584K->1344K(73728K)] 453428K->381188K(630272K), 0.0025244 secs] [Times: user=0.01 sys=0.01, real=0.00 secs] 
1863.539: [GC (Allocation Failure) [PSYoungGen: 73536K->1360K(73728K)] 453380K->381204K(630272K), 0.0053212 secs] [Times: user=0.02 sys=0.00, real=0.00 secs] 
1864.497: [GC (Allocation Failure) [PSYoungGen: 73552K->1360K(73728K)] 453396K->381204K(630272K), 0.0033134 secs] [Times: user=0.01 sys=0.00, real=0.00 secs] 
1865.733: [GC (Allocation Failure) [PSYoungGen: 73552K->1408K(73728K)] 453396K->381252K(630272K), 0.0017052 secs] [Times: user=0.00 sys=0.00, real=0.00 secs] 
1866.705: [GC (Allocation Failure) [PSYoungGen: 73600K->1376K(73728K)] 453444K->381220K(630272K), 0.0055628 secs] [Times: user=0.02 sys=0.00, real=0.01 secs] 
1867.680: [GC (Allocation Failure) [PSYoungGen: 73568K->1376K(73728K)] 453412K->381220K(630272K), 0.0055720 secs] [Times: user=0.02 sys=0.00, real=0.00 secs] 
1868.401: [GC (Allocation Failure) [PSYoungGen: 73568K->1360K(73728K)] 453412K->381204K(630272K), 0.0034605 secs] [Times: user=0.02 sys=0.00, real=0.00 secs] 
1869.646: [GC (Allocation Failure) [PSYoungGen: 73552K->1504K(73728K)] 453396K->381476K(630272K), 0.0020229 secs] [Times: user=0.00 sys=0.00, real=0.01 secs] 
1870.818: [GC (Allocation Failure) [PSYoungGen: 73696K->1344K(73728K)] 453668K->381324K(630272K), 0.0045804 secs] [Times: user=0.02 sys=0.00, real=0.00 secs] 
1871.712: [GC (Allocation Failure) [PSYoungGen: 73536K->1376K(73728K)] 453516K->381356K(630272K), 0.0027935 secs] [Times: user=0.01 sys=0.00, real=0.00 secs] 
1872.414: [GC (Allocation Failure) [PSYoungGen: 73568K->1360K(73728K)] 453548K->381340K(630272K), 0.0038346 secs] [Times: user=0.02 sys=0.00, real=0.01 secs] 
1873.325: [GC (Allocation Failure) [PSYoungGen: 73552K->1360K(73728K)] 453532K->381340K(630272K), 0.0015708 secs] [Times: user=0.01 sys=0.00, real=0.01 secs] 
1875.388: [GC (Allocation Failure) [PSYoungGen: 73552K->1408K(73728K)] 453532K->381388K(630272K), 0.0055231 secs] [Times: user=0.03 sys=0.00, real=0.00 secs] 
1876.125: [GC (Allocation Failure) [PSYoungGen: 73600K->1376K(73728K)] 453580K->381356K(630272K), 0.0046431 secs] [Times: user=0.02 sys=0.00, real=0.01 secs] 
1876.902: [GC (Allocation Failure) [PSYoungGen: 73568K->1408K(73728K)] 453548K->381388K(630272K), 0.0045713 secs] [Times: user=0.02 sys=0.00, real=0.01 secs] 
1877.760: [GC (Allocation Failure) [PSYoungGen: 73600K->1360K(73728K)] 453580K->381340K(630272K), 0.0026810 secs] [Times: user=0.01 sys=0.00, real=0.00 secs] 
1878.615: [GC (Allocation Failure) [PSYoungGen: 73552K->1408K(73728K)] 453532K->381388K(630272K), 0.0027953 secs] [Times: user=0.02 sys=0.00, real=0.01 secs] 
1878.910: [GC (Allocation Failure) [PSYoungGen: 73600K->1376K(73728K)] 453580K->381356K(630272K), 0.0019311 secs] [Times: user=0.00 sys=0.00, real=0.00 secs] 
1879.232: [GC (Allocation Failure) [PSYoungGen: 73568K->1376K(73728K)] 453548K->381364K(630272K), 0.0019509 secs] [Times: user=0.01 sys=0.00, real=0.00 secs] 
1879.541: [GC (Allocation Failure) [PSYoungGen: 73568K->1344K(73728K)] 453556K->381332K(630272K), 0.0027715 secs] [Times: user=0.01 sys=0.00, real=0.00 secs] 
1880.349: [GC (Allocation Failure) [PSYoungGen: 73536K->1376K(73728K)] 453524K->381364K(630272K), 0.0030575 secs] [Times: user=0.01 sys=0.00, real=0.00 secs] 
1880.646: [GC (Allocation Failure) [PSYoungGen: 73568K->1376K(73728K)] 453556K->381364K(630272K), 0.0020950 secs] [Times: user=0.01 sys=0.00, real=0.01 secs] 
1880.996: [GC (Allocation Failure) [PSYoungGen: 73568K->1344K(73728K)] 453556K->381332K(630272K), 0.0020102 secs] [Times: user=0.01 sys=0.00, real=0.01 secs] 
1881.296: [GC (Allocation Failure) [PSYoungGen: 73536K->1392K(73728K)] 453524K->381380K(630272K), 0.0019045 secs] [Times: user=0.01 sys=0.00, real=0.01 secs] 
1882.165: [GC (Allocation Failure) [PSYoungGen: 73584K->1376K(73728K)] 453572K->381364K(630272K), 0.0018016 secs] [Times: user=0.01 sys=0.00, real=0.01 secs] 
1882.630: [GC (Allocation Failure) [PSYoungGen: 73568K->1344K(73728K)] 453556K->381332K(630272K), 0.0019127 secs] [Times: user=0.00 sys=0.01, real=0.00 secs] 
1883.175: [GC (Allocation Failure) [PSYoungGen: 73536K->1408K(73728K)] 453524K->381396K(630272K), 0.0019544 secs] [Times: user=0.01 sys=0.00, real=0.01 secs] 
1884.018: [GC (Allocation Failure) [PSYoungGen: 73600K->1408K(73728K)] 453588K->381412K(630272K), 0.0024406 secs] [Times: user=0.01 sys=0.01, real=0.00 secs] 
1885.421: [GC (Allocation Failure) [PSYoungGen: 73600K->1376K(73728K)] 453604K->381380K(630272K), 0.0037367 secs] [Times: user=0.01 sys=0.00, real=0.00 secs] 
1886.221: [GC (Allocation Failure) [PSYoungGen: 73568K->1408K(73728K)] 453572K->381412K(630272K), 0.0027811 secs] [Times: user=0.01 sys=0.00, real=0.00 secs] 
1886.889: [GC (Allocation Failure) [PSYoungGen: 73600K->1376K(73728K)] 453604K->381380K(630272K), 0.0030447 secs] [Times: user=0.02 sys=0.00, real=0.00 secs] 
1887.669: [GC (Allocation Failure) [PSYoungGen: 73568K->1376K(73728K)] 453572K->381380K(630272K), 0.0028531 secs] [Times: user=0.02 sys=0.00, real=0.00 secs] 
1888.736: [GC (Allocation Failure) [PSYoungGen: 73568K->1408K(73728K)] 453572K->381412K(630272K), 0.0018631 secs] [Times: user=0.00 sys=0.00, real=0.01 secs] 
1889.113: [GC (Allocation Failure) [PSYoungGen: 73600K->1408K(73728K)] 453604K->381412K(630272K), 0.0019631 secs] [Times: user=0.01 sys=0.00, real=0.00 secs] 
1889.473: [GC (Allocation Failure) [PSYoungGen: 73600K->1376K(73728K)] 453604K->381380K(630272K), 0.0020293 secs] [Times: user=0.01 sys=0.00, real=0.00 secs] 
1889.799: [GC (Allocation Failure) [PSYoungGen: 73568K->1392K(73728K)] 453572K->381396K(630272K), 0.0022191 secs] [Times: user=0.01 sys=0.00, real=0.00 secs] 
1890.893: [GC (Allocation Failure) [PSYoungGen: 73584K->1440K(73728K)] 453588K->381444K(630272K), 0.0028115 secs] [Times: user=0.01 sys=0.00, real=0.00 secs] 
1892.382: [GC (Allocation Failure) [PSYoungGen: 73632K->1408K(73728K)] 453636K->381412K(630272K), 0.0034456 secs] [Times: user=0.01 sys=0.00, real=0.00 secs] 
1893.023: [GC (Allocation Failure) [PSYoungGen: 73600K->1344K(73728K)] 453604K->381348K(630272K), 0.0029343 secs] [Times: user=0.02 sys=0.00, real=0.01 secs] 
1893.991: [GC (Allocation Failure) [PSYoungGen: 73536K->1408K(73728K)] 453540K->381412K(630272K), 0.0045205 secs] [Times: user=0.02 sys=0.00, real=0.00 secs] 
1895.227: [GC (Allocation Failure) [PSYoungGen: 73600K->1440K(73728K)] 453604K->381700K(630272K), 0.0019932 secs] [Times: user=0.00 sys=0.00, real=0.00 secs] 
1895.772: [GC (Allocation Failure) [PSYoungGen: 73632K->1344K(73728K)] 453892K->381604K(630272K), 0.0021265 secs] [Times: user=0.01 sys=0.00, real=0.00 secs] 
1896.073: [GC (Allocation Failure) [PSYoungGen: 73536K->1392K(73728K)] 453796K->381652K(630272K), 0.0020657 secs] [Times: user=0.01 sys=0.00, real=0.00 secs] 
1896.619: [GC (Allocation Failure) [PSYoungGen: 73584K->1408K(73728K)] 453844K->381676K(630272K), 0.0020378 secs] [Times: user=0.01 sys=0.00, real=0.00 secs] 
1897.583: [GC (Allocation Failure) [PSYoungGen: 73600K->1373K(73728K)] 453868K->381641K(630272K), 0.0014952 secs] [Times: user=0.01 sys=0.00, real=0.00 secs] 
1898.299: [GC (Allocation Failure) [PSYoungGen: 73565K->1408K(73728K)] 453833K->381676K(630272K), 0.0020343 secs] [Times: user=0.01 sys=0.00, real=0.00 secs] 
1899.078: [GC (Allocation Failure) [PSYoungGen: 73600K->1312K(73728K)] 453868K->381580K(630272K), 0.0028682 secs] [Times: user=0.01 sys=0.00, real=0.00 secs] 
1899.932: [GC (Allocation Failure) [PSYoungGen: 73504K->1344K(73728K)] 453772K->381612K(630272K), 0.0030258 secs] [Times: user=0.01 sys=0.00, real=0.00 secs] 
1900.949: [GC (Allocation Failure) [PSYoungGen: 73536K->1360K(73728K)] 453804K->381628K(630272K), 0.0029366 secs] [Times: user=0.01 sys=0.00, real=0.00 secs] 
1902.392: [GC (Allocation Failure) [PSYoungGen: 73552K->1376K(73728K)] 453820K->381644K(630272K), 0.0026999 secs] [Times: user=0.01 sys=0.00, real=0.00 secs] 
1902.686: [GC (Allocation Failure) [PSYoungGen: 73568K->1344K(73728K)] 453836K->381612K(630272K), 0.0020085 secs] [Times: user=0.01 sys=0.00, real=0.01 secs] 
1902.986: [GC (Allocation Failure) [PSYoungGen: 73536K->1376K(73728K)] 453804K->381644K(630272K), 0.0019996 secs] [Times: user=0.01 sys=0.00, real=0.01 secs] 
1903.299: [GC (Allocation Failure) [PSYoungGen: 73568K->1408K(73728K)] 453836K->381676K(630272K), 0.0019665 secs] [Times: user=0.01 sys=0.00, real=0.00 secs] 
1904.393: [GC (Allocation Failure) [PSYoungGen: 73600K->1376K(73728K)] 453868K->381644K(630272K), 0.0016797 secs] [Times: user=0.00 sys=0.00, real=0.00 secs] 
1905.203: [GC (Allocation Failure) [PSYoungGen: 73568K->1376K(73728K)] 453836K->381652K(630272K), 0.0025434 secs] [Times: user=0.01 sys=0.00, real=0.00 secs] 
1906.001: [GC (Allocation Failure) [PSYoungGen: 73568K->1408K(73728K)] 453844K->381692K(630272K), 0.0033442 secs] [Times: user=0.01 sys=0.00, real=0.00 secs] 
1906.718: [GC (Allocation Failure) [PSYoungGen: 73600K->1376K(73728K)] 453884K->381660K(630272K), 0.0032343 secs] [Times: user=0.01 sys=0.00, real=0.00 secs] 
1907.622: [GC (Allocation Failure) [PSYoungGen: 73568K->1408K(73728K)] 453852K->381692K(630272K), 0.0017636 secs] [Times: user=0.00 sys=0.00, real=0.00 secs] 
1908.168: [GC (Allocation Failure) [PSYoungGen: 73600K->1344K(73728K)] 453884K->381628K(630272K), 0.0020373 secs] [Times: user=0.01 sys=0.00, real=0.00 secs] 
1908.710: [GC (Allocation Failure) [PSYoungGen: 73536K->1376K(73728K)] 453820K->381660K(630272K), 0.0020404 secs] [Times: user=0.01 sys=0.00, real=0.00 secs] 
1909.252: [GC (Allocation Failure) [PSYoungGen: 73568K->1344K(73728K)] 453852K->381628K(630272K), 0.0050166 secs] [Times: user=0.02 sys=0.00, real=0.01 secs] 
1910.161: [GC (Allocation Failure) [PSYoungGen: 73536K->1376K(73728K)] 453820K->381660K(630272K), 0.0016327 secs] [Times: user=0.01 sys=0.00, real=0.00 secs] 
1910.500: [GC (Allocation Failure) [PSYoungGen: 73568K->1376K(73728K)] 453852K->381660K(630272K), 0.0017887 secs] [Times: user=0.00 sys=0.00, real=0.00 secs] 
1910.802: [GC (Allocation Failure) [PSYoungGen: 73568K->1376K(73728K)] 453852K->381660K(630272K), 0.0017536 secs] [Times: user=0.01 sys=0.00, real=0.00 secs] 
1911.101: [GC (Allocation Failure) [PSYoungGen: 73568K->1360K(73728K)] 453852K->381652K(630272K), 0.0017478 secs] [Times: user=0.00 sys=0.01, real=0.00 secs] 
1911.952: [GC (Allocation Failure) [PSYoungGen: 73552K->1440K(73728K)] 453844K->381732K(630272K), 0.0018217 secs] [Times: user=0.00 sys=0.00, real=0.00 secs] 
1912.252: [GC (Allocation Failure) [PSYoungGen: 73632K->1344K(73728K)] 453924K->381636K(630272K), 0.0018845 secs] [Times: user=0.00 sys=0.00, real=0.00 secs] 
1912.552: [GC (Allocation Failure) [PSYoungGen: 73536K->1360K(73728K)] 453828K->381652K(630272K), 0.0018617 secs] [Times: user=0.01 sys=0.01, real=0.00 secs] 
1912.873: [GC (Allocation Failure) [PSYoungGen: 73552K->1376K(73728K)] 453844K->381668K(630272K), 0.0023454 secs] [Times: user=0.01 sys=0.00, real=0.00 secs] 
1913.743: [GC (Allocation Failure) [PSYoungGen: 73568K->1440K(73728K)] 453860K->381748K(630272K), 0.0022003 secs] [Times: user=0.01 sys=0.00, real=0.00 secs] 
1914.454: [GC (Allocation Failure) [PSYoungGen: 73632K->1392K(73728K)] 453940K->381700K(630272K), 0.0024844 secs] [Times: user=0.01 sys=0.00, real=0.00 secs] 
1915.065: [GC (Allocation Failure) [PSYoungGen: 73584K->1408K(73728K)] 453892K->381716K(630272K), 0.0031304 secs] [Times: user=0.02 sys=0.00, real=0.01 secs] 
1915.507: [GC (Allocation Failure) [PSYoungGen: 73600K->1408K(73728K)] 453908K->381724K(630272K), 0.0020703 secs] [Times: user=0.01 sys=0.00, real=0.00 secs] 
1916.525: [GC (Allocation Failure) [PSYoungGen: 73600K->1504K(73728K)] 453916K->381828K(630272K), 0.0019612 secs] [Times: user=0.01 sys=0.00, real=0.01 secs] 
1917.415: [GC (Allocation Failure) [PSYoungGen: 73696K->1376K(73728K)] 454020K->381700K(630272K), 0.0026468 secs] [Times: user=0.01 sys=0.00, real=0.01 secs] 
1918.432: [GC (Allocation Failure) [PSYoungGen: 73568K->1344K(73728K)] 453892K->381668K(630272K), 0.0028466 secs] [Times: user=0.01 sys=0.01, real=0.00 secs] 
1919.112: [GC (Allocation Failure) [PSYoungGen: 73536K->1376K(73728K)] 453860K->381700K(630272K), 0.0021816 secs] [Times: user=0.01 sys=0.00, real=0.00 secs] 
1919.851: [GC (Allocation Failure) [PSYoungGen: 73568K->1392K(73728K)] 453892K->381716K(630272K), 0.0016119 secs] [Times: user=0.00 sys=0.00, real=0.00 secs] 
1921.291: [GC (Allocation Failure) [PSYoungGen: 73584K->1376K(73728K)] 453908K->381700K(630272K), 0.0055912 secs] [Times: user=0.02 sys=0.00, real=0.01 secs] 
1922.489: [GC (Allocation Failure) [PSYoungGen: 73568K->1392K(73728K)] 453892K->381716K(630272K), 0.0033435 secs] [Times: user=0.01 sys=0.00, real=0.00 secs] 
1923.385: [GC (Allocation Failure) [PSYoungGen: 73584K->1376K(73728K)] 453908K->381700K(630272K), 0.0053592 secs] [Times: user=0.03 sys=0.00, real=0.01 secs] 
1924.433: [GC (Allocation Failure) [PSYoungGen: 73568K->1360K(73728K)] 453892K->381684K(630272K), 0.0037380 secs] [Times: user=0.01 sys=0.00, real=0.01 secs] 
1925.313: [GC (Allocation Failure) [PSYoungGen: 73552K->1408K(73728K)] 453876K->381732K(630272K), 0.0027859 secs] [Times: user=0.01 sys=0.00, real=0.00 secs] 
1925.845: [GC (Allocation Failure) [PSYoungGen: 73600K->1408K(73728K)] 453924K->381732K(630272K), 0.0025143 secs] [Times: user=0.01 sys=0.00, real=0.01 secs] 
1926.599: [GC (Allocation Failure) [PSYoungGen: 73600K->1376K(73728K)] 453924K->381700K(630272K), 0.0031191 secs] [Times: user=0.01 sys=0.00, real=0.00 secs] 
1927.202: [GC (Allocation Failure) [PSYoungGen: 73568K->1376K(73728K)] 453892K->381700K(630272K), 0.0027244 secs] [Times: user=0.01 sys=0.00, real=0.00 secs] 
1928.077: [GC (Allocation Failure) [PSYoungGen: 73568K->1344K(73728K)] 453892K->381668K(630272K), 0.0016307 secs] [Times: user=0.01 sys=0.00, real=0.00 secs] 
1928.429: [GC (Allocation Failure) [PSYoungGen: 73536K->1376K(73728K)] 453860K->381716K(630272K), 0.0017703 secs] [Times: user=0.01 sys=0.00, real=0.00 secs] 
1929.052: [GC (Allocation Failure) [PSYoungGen: 73568K->1344K(73728K)] 453908K->381692K(630272K), 0.0021969 secs] [Times: user=0.01 sys=0.00, real=0.00 secs] 
1929.657: [GC (Allocation Failure) [PSYoungGen: 73536K->1408K(73728K)] 453884K->381756K(630272K), 0.0019974 secs] [Times: user=0.01 sys=0.00, real=0.00 secs] 
1930.470: [GC (Allocation Failure) [PSYoungGen: 73600K->1376K(73728K)] 453948K->381724K(630272K), 0.0015938 secs] [Times: user=0.01 sys=0.00, real=0.00 secs] 
1930.770: [GC (Allocation Failure) [PSYoungGen: 73568K->1360K(73728K)] 453916K->381708K(630272K), 0.0016628 secs] [Times: user=0.01 sys=0.00, real=0.00 secs] 
1931.069: [GC (Allocation Failure) [PSYoungGen: 73552K->1344K(73728K)] 453900K->381692K(630272K), 0.0026147 secs] [Times: user=0.01 sys=0.00, real=0.00 secs] 
1931.403: [GC (Allocation Failure) [PSYoungGen: 73536K->1344K(73728K)] 453884K->381692K(630272K), 0.0026300 secs] [Times: user=0.01 sys=0.00, real=0.00 secs] 
1932.853: [GC (Allocation Failure) [PSYoungGen: 73536K->1376K(73728K)] 453884K->381724K(630272K), 0.0036158 secs] [Times: user=0.01 sys=0.00, real=0.01 secs] 
1934.094: [GC (Allocation Failure) [PSYoungGen: 73568K->1376K(73728K)] 453916K->381724K(630272K), 0.0054622 secs] [Times: user=0.02 sys=0.00, real=0.01 secs] 
1935.038: [GC (Allocation Failure) [PSYoungGen: 73568K->1376K(73728K)] 453916K->381724K(630272K), 0.0036404 secs] [Times: user=0.01 sys=0.00, real=0.00 secs] 
1935.621: [GC (Allocation Failure) [PSYoungGen: 73568K->1376K(73728K)] 453916K->381732K(630272K), 0.0037291 secs] [Times: user=0.02 sys=0.00, real=0.00 secs] 
1936.901: [GC (Allocation Failure) [PSYoungGen: 73568K->1408K(73728K)] 453924K->381764K(630272K), 0.0024615 secs] [Times: user=0.01 sys=0.00, real=0.00 secs] 
1937.408: [GC (Allocation Failure) [PSYoungGen: 73600K->1440K(73728K)] 453956K->381796K(630272K), 0.0029942 secs] [Times: user=0.02 sys=0.00, real=0.00 secs] 
1937.932: [GC (Allocation Failure) [PSYoungGen: 73632K->1408K(73728K)] 453988K->381764K(630272K), 0.0030658 secs] [Times: user=0.02 sys=0.00, real=0.00 secs] 
1938.460: [GC (Allocation Failure) [PSYoungGen: 73600K->1376K(73728K)] 453956K->381740K(630272K), 0.0030685 secs] [Times: user=0.01 sys=0.00, real=0.00 secs] 
1939.453: [GC (Allocation Failure) [PSYoungGen: 73568K->1440K(73728K)] 453932K->381804K(630272K), 0.0017472 secs] [Times: user=0.01 sys=0.00, real=0.00 secs] 
1940.355: [GC (Allocation Failure) [PSYoungGen: 73632K->1376K(73728K)] 453996K->381748K(630272K), 0.0052917 secs] [Times: user=0.03 sys=0.00, real=0.01 secs] 
1941.464: [GC (Allocation Failure) [PSYoungGen: 73568K->1408K(73728K)] 453940K->381780K(630272K), 0.0055416 secs] [Times: user=0.02 sys=0.00, real=0.01 secs] 
1942.148: [GC (Allocation Failure) [PSYoungGen: 73600K->1408K(73728K)] 453972K->381788K(630272K), 0.0033433 secs] [Times: user=0.02 sys=0.00, real=0.00 secs] 
1943.400: [GC (Allocation Failure) [PSYoungGen: 73600K->1440K(73728K)] 453980K->381820K(630272K), 0.0014959 secs] [Times: user=0.01 sys=0.00, real=0.00 secs] 
1943.921: [GC (Allocation Failure) [PSYoungGen: 73632K->1408K(73728K)] 454012K->381788K(630272K), 0.0019470 secs] [Times: user=0.00 sys=0.00, real=0.00 secs] 
1944.603: [GC (Allocation Failure) [PSYoungGen: 73600K->1440K(73728K)] 453980K->381820K(630272K), 0.0033981 secs] [Times: user=0.01 sys=0.00, real=0.00 secs] 
1945.231: [GC (Allocation Failure) [PSYoungGen: 73632K->1440K(73728K)] 454012K->381820K(630272K), 0.0029670 secs] [Times: user=0.01 sys=0.00, real=0.00 secs] 
1946.118: [GC (Allocation Failure) [PSYoungGen: 73632K->1405K(73728K)] 454012K->381785K(630272K), 0.0016023 secs] [Times: user=0.01 sys=0.00, real=0.00 secs] 
1946.757: [GC (Allocation Failure) [PSYoungGen: 73597K->1408K(73728K)] 453977K->381788K(630272K), 0.0016757 secs] [Times: user=0.01 sys=0.00, real=0.00 secs] 
1947.489: [GC (Allocation Failure) [PSYoungGen: 73600K->1376K(73728K)] 453980K->381772K(630272K), 0.0035801 secs] [Times: user=0.02 sys=0.00, real=0.00 secs] 
1948.227: [GC (Allocation Failure) [PSYoungGen: 73568K->1376K(73728K)] 453964K->381772K(630272K), 0.0039754 secs] [Times: user=0.02 sys=0.00, real=0.00 secs] 
1949.243: [GC (Allocation Failure) [PSYoungGen: 73543K->224K(73216K)] 453940K->380620K(629760K), 0.0042523 secs] [Times: user=0.02 sys=0.00, real=0.01 secs] 
1950.262: [GC (Allocation Failure) [PSYoungGen: 71904K->1376K(73728K)] 452300K->381772K(630272K), 0.0021444 secs] [Times: user=0.01 sys=0.00, real=0.00 secs] 
1950.560: [GC (Allocation Failure) [PSYoungGen: 73056K->1408K(73728K)] 453452K->381804K(630272K), 0.0019870 secs] [Times: user=0.01 sys=0.00, real=0.00 secs] 
1950.858: [GC (Allocation Failure) [PSYoungGen: 73088K->1344K(73728K)] 453484K->381740K(630272K), 0.0019476 secs] [Times: user=0.01 sys=0.00, real=0.00 secs] 
1951.156: [GC (Allocation Failure) [PSYoungGen: 73024K->1376K(73728K)] 453420K->381772K(630272K), 0.0018825 secs] [Times: user=0.00 sys=0.00, real=0.01 secs] 
1952.274: [GC (Allocation Failure) [PSYoungGen: 73056K->1376K(73728K)] 453452K->381772K(630272K), 0.0025294 secs] [Times: user=0.00 sys=0.00, real=0.01 secs] 
1953.369: [GC (Allocation Failure) [PSYoungGen: 73056K->1344K(73728K)] 453452K->381740K(630272K), 0.0034926 secs] [Times: user=0.01 sys=0.00, real=0.00 secs] 
1954.603: [GC (Allocation Failure) [PSYoungGen: 73024K->1344K(73728K)] 453420K->381740K(630272K), 0.0046867 secs] [Times: user=0.02 sys=0.00, real=0.01 secs] 
1955.582: [GC (Allocation Failure) [PSYoungGen: 73024K->1376K(73728K)] 453420K->381772K(630272K), 0.0037536 secs] [Times: user=0.01 sys=0.01, real=0.00 secs] 
1956.800: [GC (Allocation Failure) [PSYoungGen: 73056K->1408K(73728K)] 453452K->381804K(630272K), 0.0020185 secs] [Times: user=0.01 sys=0.00, real=0.00 secs] 
1957.344: [GC (Allocation Failure) [PSYoungGen: 73088K->1376K(73728K)] 453484K->381780K(630272K), 0.0026985 secs] [Times: user=0.01 sys=0.00, real=0.01 secs] 
1957.636: [GC (Allocation Failure) [PSYoungGen: 73056K->1344K(73728K)] 453460K->381748K(630272K), 0.0021373 secs] [Times: user=0.01 sys=0.00, real=0.01 secs] 
1957.978: [GC (Allocation Failure) [PSYoungGen: 73024K->1376K(73728K)] 453428K->381780K(630272K), 0.0036312 secs] [Times: user=0.02 sys=0.00, real=0.00 secs] 
1959.258: [GC (Allocation Failure) [PSYoungGen: 73056K->1408K(73728K)] 453460K->381812K(630272K), 0.0022609 secs] [Times: user=0.01 sys=0.00, real=0.00 secs] 
1959.687: [GC (Allocation Failure) [PSYoungGen: 73088K->1408K(73728K)] 453492K->381812K(630272K), 0.0020168 secs] [Times: user=0.01 sys=0.00, real=0.00 secs] 
1960.055: [GC (Allocation Failure) [PSYoungGen: 73088K->1408K(73728K)] 453492K->381812K(630272K), 0.0021895 secs] [Times: user=0.01 sys=0.00, real=0.01 secs] 
1960.353: [GC (Allocation Failure) [PSYoungGen: 73088K->1376K(73216K)] 453492K->381780K(629760K), 0.0019804 secs] [Times: user=0.01 sys=0.00, real=0.00 secs] 
1961.404: [GC (Allocation Failure) [PSYoungGen: 73056K->1408K(73216K)] 453460K->381812K(629760K), 0.0023428 secs] [Times: user=0.00 sys=0.00, real=0.01 secs] 
1962.901: [GC (Allocation Failure) [PSYoungGen: 73088K->320K(72704K)] 453492K->381748K(629248K), 0.0033539 secs] [Times: user=0.01 sys=0.00, real=0.00 secs] 
1963.554: [GC (Allocation Failure) [PSYoungGen: 72000K->352K(73728K)] 453428K->381780K(630272K), 0.0026830 secs] [Times: user=0.01 sys=0.00, real=0.01 secs] 
1964.252: [GC (Allocation Failure) [PSYoungGen: 72032K->352K(73728K)] 453460K->381780K(630272K), 0.0030075 secs] [Times: user=0.02 sys=0.00, real=0.00 secs] 
1965.139: [GC (GCLocker Initiated GC) [PSYoungGen: 72032K->1392K(73728K)] 453460K->382820K(630272K), 0.0016031 secs] [Times: user=0.00 sys=0.00, real=0.00 secs] 
1966.193: [GC (Allocation Failure) [PSYoungGen: 73072K->1408K(73728K)] 454503K->382839K(630272K), 0.0027725 secs] [Times: user=0.01 sys=0.00, real=0.00 secs] 
1967.099: [GC (Allocation Failure) [PSYoungGen: 73088K->1344K(73728K)] 454519K->382783K(630272K), 0.0032640 secs] [Times: user=0.02 sys=0.00, real=0.00 secs] 
1968.139: [GC (Allocation Failure) [PSYoungGen: 73024K->1376K(73728K)] 454463K->382815K(630272K), 0.0043778 secs] [Times: user=0.01 sys=0.01, real=0.00 secs] 
1969.097: [GC (Allocation Failure) [PSYoungGen: 73056K->1405K(73728K)] 454495K->382844K(630272K), 0.0017833 secs] [Times: user=0.01 sys=0.00, real=0.00 secs] 
1970.017: [GC (Allocation Failure) [PSYoungGen: 73085K->1408K(73728K)] 454524K->382847K(630272K), 0.0020767 secs] [Times: user=0.00 sys=0.00, real=0.00 secs] 
1970.495: [GC (Allocation Failure) [PSYoungGen: 73088K->1376K(73728K)] 454527K->382815K(630272K), 0.0027836 secs] [Times: user=0.01 sys=0.00, real=0.01 secs] 
1970.822: [GC (Allocation Failure) [PSYoungGen: 73056K->1408K(73728K)] 454495K->382847K(630272K), 0.0020753 secs] [Times: user=0.01 sys=0.00, real=0.00 secs] 
1971.332: [GC (Allocation Failure) [PSYoungGen: 73088K->1424K(73728K)] 454527K->382863K(630272K), 0.0018918 secs] [Times: user=0.01 sys=0.00, real=0.00 secs] 
1972.604: [GC (Allocation Failure) [PSYoungGen: 73104K->1408K(73728K)] 454543K->382847K(630272K), 0.0030057 secs] [Times: user=0.01 sys=0.00, real=0.01 secs] 
1973.373: [GC (Allocation Failure) [PSYoungGen: 73088K->1408K(73728K)] 454527K->382847K(630272K), 0.0021120 secs] [Times: user=0.01 sys=0.00, real=0.00 secs] 
1973.722: [GC (Allocation Failure) [PSYoungGen: 73088K->1440K(73728K)] 454527K->382887K(630272K), 0.0020907 secs] [Times: user=0.01 sys=0.00, real=0.00 secs] 
1974.020: [GC (Allocation Failure) [PSYoungGen: 73120K->1408K(73728K)] 454567K->382855K(630272K), 0.0019998 secs] [Times: user=0.01 sys=0.00, real=0.00 secs] 
1974.887: [GC (Allocation Failure) [PSYoungGen: 73088K->1392K(73728K)] 454535K->382839K(630272K), 0.0016736 secs] [Times: user=0.01 sys=0.00, real=0.00 secs] 
1975.438: [GC (Allocation Failure) [PSYoungGen: 73072K->1360K(73728K)] 454519K->382807K(630272K), 0.0018023 secs] [Times: user=0.01 sys=0.00, real=0.00 secs] 
1976.040: [GC (Allocation Failure) [PSYoungGen: 73040K->1344K(73728K)] 454487K->382791K(630272K), 0.0034048 secs] [Times: user=0.01 sys=0.00, real=0.00 secs] 
1976.587: [GC (Allocation Failure) [PSYoungGen: 73024K->1376K(73728K)] 454471K->382871K(630272K), 0.0024264 secs] [Times: user=0.01 sys=0.00, real=0.00 secs] 
1977.888: [GC (Allocation Failure) [PSYoungGen: 73056K->1440K(73728K)] 454551K->382935K(630272K), 0.0025092 secs] [Times: user=0.01 sys=0.00, real=0.00 secs] 
1978.628: [GC (Allocation Failure) [PSYoungGen: 73120K->1360K(73728K)] 454615K->382855K(630272K), 0.0023759 secs] [Times: user=0.02 sys=0.00, real=0.00 secs] 
1979.053: [GC (Allocation Failure) [PSYoungGen: 73040K->1376K(73728K)] 454535K->382871K(630272K), 0.0020338 secs] [Times: user=0.01 sys=0.00, real=0.00 secs] 
1979.351: [GC (Allocation Failure) [PSYoungGen: 73056K->1344K(73728K)] 454551K->382839K(630272K), 0.0019722 secs] [Times: user=0.01 sys=0.00, real=0.00 secs] 
1980.103: [GC (Allocation Failure) [PSYoungGen: 73024K->1408K(73728K)] 454519K->382903K(630272K), 0.0018508 secs] [Times: user=0.01 sys=0.00, real=0.00 secs] 
1980.490: [GC (Allocation Failure) [PSYoungGen: 73088K->1376K(73728K)] 454583K->382871K(630272K), 0.0019085 secs] [Times: user=0.01 sys=0.00, real=0.00 secs] 
1980.832: [GC (Allocation Failure) [PSYoungGen: 73056K->1376K(73728K)] 454551K->382871K(630272K), 0.0017554 secs] [Times: user=0.00 sys=0.00, real=0.00 secs] 
1981.157: [GC (Allocation Failure) [PSYoungGen: 73056K->1344K(73728K)] 454551K->382839K(630272K), 0.0019975 secs] [Times: user=0.01 sys=0.00, real=0.00 secs] 
1981.957: [GC (Allocation Failure) [PSYoungGen: 73024K->1648K(73728K)] 454519K->383143K(630272K), 0.0017298 secs] [Times: user=0.01 sys=0.00, real=0.00 secs] 
1982.262: [GC (Allocation Failure) [PSYoungGen: 73328K->1376K(73728K)] 454823K->382871K(630272K), 0.0019346 secs] [Times: user=0.01 sys=0.00, real=0.00 secs] 
1982.720: [GC (Allocation Failure) [PSYoungGen: 73056K->1408K(73728K)] 454551K->382903K(630272K), 0.0031989 secs] [Times: user=0.01 sys=0.00, real=0.00 secs] 
1983.436: [GC (Allocation Failure) [PSYoungGen: 73088K->1376K(73728K)] 454583K->382871K(630272K), 0.0031978 secs] [Times: user=0.01 sys=0.00, real=0.01 secs] 
1984.346: [GC (Allocation Failure) [PSYoungGen: 73056K->1357K(73728K)] 454551K->382860K(630272K), 0.0015656 secs] [Times: user=0.00 sys=0.00, real=0.01 secs] 
1985.680: [GC (Allocation Failure) [PSYoungGen: 73037K->1376K(73728K)] 454540K->382887K(630272K), 0.0025008 secs] [Times: user=0.01 sys=0.00, real=0.00 secs] 
1986.257: [GC (Allocation Failure) [PSYoungGen: 73056K->1440K(73728K)] 454567K->382951K(630272K), 0.0024642 secs] [Times: user=0.01 sys=0.00, real=0.00 secs] 
1986.545: [GC (Allocation Failure) [PSYoungGen: 73120K->1376K(73728K)] 454631K->382887K(630272K), 0.0019738 secs] [Times: user=0.00 sys=0.00, real=0.01 secs] 
1986.849: [GC (Allocation Failure) [PSYoungGen: 73056K->1408K(73728K)] 454567K->382919K(630272K), 0.0020546 secs] [Times: user=0.01 sys=0.00, real=0.00 secs] 
1987.899: [GC (Allocation Failure) [PSYoungGen: 73088K->1440K(73728K)] 454599K->382951K(630272K), 0.0020845 secs] [Times: user=0.01 sys=0.00, real=0.00 secs] 
1988.224: [GC (Allocation Failure) [PSYoungGen: 73120K->1440K(73728K)] 454631K->382951K(630272K), 0.0019158 secs] [Times: user=0.01 sys=0.00, real=0.00 secs] 
1988.714: [GC (Allocation Failure) [PSYoungGen: 73120K->1408K(73216K)] 454631K->382919K(629760K), 0.0018812 secs] [Times: user=0.01 sys=0.00, real=0.00 secs] 
1989.518: [GC (Allocation Failure) [PSYoungGen: 73088K->1408K(73216K)] 454599K->382919K(629760K), 0.0023272 secs] [Times: user=0.01 sys=0.00, real=0.00 secs] 
1990.373: [GC (Allocation Failure) [PSYoungGen: 73088K->1408K(73216K)] 454599K->382919K(629760K), 0.0018533 secs] [Times: user=0.01 sys=0.00, real=0.00 secs] 
1990.671: [GC (Allocation Failure) [PSYoungGen: 73088K->1408K(73216K)] 454599K->382919K(629760K), 0.0017488 secs] [Times: user=0.01 sys=0.00, real=0.00 secs] 
1990.975: [GC (Allocation Failure) [PSYoungGen: 73088K->1376K(73216K)] 454599K->382887K(629760K), 0.0017264 secs] [Times: user=0.00 sys=0.00, real=0.01 secs] 
1991.272: [GC (Allocation Failure) [PSYoungGen: 73056K->1392K(73216K)] 454567K->382903K(629760K), 0.0017278 secs] [Times: user=0.01 sys=0.00, real=0.00 secs] 
1991.996: [GC (Allocation Failure) [PSYoungGen: 73072K->1440K(73216K)] 454583K->382951K(629760K), 0.0018470 secs] [Times: user=0.01 sys=0.00, real=0.01 secs] 
1992.294: [GC (Allocation Failure) [PSYoungGen: 73120K->1440K(73216K)] 454631K->382951K(629760K), 0.0016918 secs] [Times: user=0.01 sys=0.00, real=0.00 secs] 
1992.591: [GC (Allocation Failure) [PSYoungGen: 73120K->1376K(73216K)] 454631K->382887K(629760K), 0.0017005 secs] [Times: user=0.01 sys=0.00, real=0.00 secs] 
1992.889: [GC (Allocation Failure) [PSYoungGen: 73056K->1344K(73216K)] 454567K->382871K(629760K), 0.0018466 secs] [Times: user=0.01 sys=0.00, real=0.00 secs] 
1994.145: [GC (Allocation Failure) [PSYoungGen: 73024K->1376K(73216K)] 454551K->382903K(629760K), 0.0028843 secs] [Times: user=0.01 sys=0.00, real=0.01 secs] 
1996.079: [GC (Allocation Failure) [PSYoungGen: 73056K->1408K(73216K)] 454583K->382935K(629760K), 0.0034967 secs] [Times: user=0.01 sys=0.00, real=0.00 secs] 
1996.838: [GC (Allocation Failure) [PSYoungGen: 73088K->1344K(73216K)] 454615K->382871K(629760K), 0.0023269 secs] [Times: user=0.01 sys=0.00, real=0.00 secs] 
1997.133: [GC (Allocation Failure) [PSYoungGen: 73024K->1376K(73216K)] 454551K->382903K(629760K), 0.0020078 secs] [Times: user=0.01 sys=0.00, real=0.00 secs] 
1998.056: [GC (Allocation Failure) [PSYoungGen: 73056K->896K(73216K)] 454583K->383447K(629760K), 0.0018901 secs] [Times: user=0.01 sys=0.00, real=0.01 secs] 
1998.909: [GC (Allocation Failure) [PSYoungGen: 72576K->336K(73728K)] 455127K->382887K(630272K), 0.0054970 secs] [Times: user=0.03 sys=0.00, real=0.00 secs] 
1999.326: [GC (Allocation Failure) [PSYoungGen: 72016K->352K(73728K)] 454567K->382903K(630272K), 0.0020173 secs] [Times: user=0.01 sys=0.00, real=0.01 secs] 
1999.798: [GC (Allocation Failure) [PSYoungGen: 72032K->352K(73728K)] 454583K->382903K(630272K), 0.0019719 secs] [Times: user=0.01 sys=0.00, real=0.00 secs] 
2001.346: [GC (Allocation Failure) [PSYoungGen: 72032K->1373K(73728K)] 454583K->383924K(630272K), 0.0015951 secs] [Times: user=0.01 sys=0.00, real=0.01 secs] 
2001.722: [GC (Allocation Failure) [PSYoungGen: 73053K->1440K(73728K)] 455604K->383991K(630272K), 0.0017632 secs] [Times: user=0.01 sys=0.00, real=0.00 secs] 
2002.020: [GC (Allocation Failure) [PSYoungGen: 73120K->1344K(73728K)] 455671K->383895K(630272K), 0.0017184 secs] [Times: user=0.01 sys=0.00, real=0.00 secs] 
2002.317: [GC (Allocation Failure) [PSYoungGen: 73024K->1376K(73728K)] 455575K->383927K(630272K), 0.0017240 secs] [Times: user=0.00 sys=0.00, real=0.00 secs] 
2002.712: [GC (Allocation Failure) [PSYoungGen: 73056K->1373K(73728K)] 455607K->383924K(630272K), 0.0015855 secs] [Times: user=0.01 sys=0.00, real=0.00 secs] 
2003.404: [GC (Allocation Failure) [PSYoungGen: 73053K->1408K(73728K)] 455604K->383959K(630272K), 0.0017737 secs] [Times: user=0.01 sys=0.00, real=0.00 secs] 
2003.701: [GC (Allocation Failure) [PSYoungGen: 73088K->1376K(73728K)] 455639K->383927K(630272K), 0.0018416 secs] [Times: user=0.01 sys=0.00, real=0.00 secs] 
2004.128: [GC (Allocation Failure) [PSYoungGen: 73056K->1376K(73728K)] 455607K->383927K(630272K), 0.0018888 secs] [Times: user=0.01 sys=0.00, real=0.00 secs] 
2004.724: [GC (Allocation Failure) [PSYoungGen: 73056K->1408K(73728K)] 455607K->383975K(630272K), 0.0020879 secs] [Times: user=0.01 sys=0.01, real=0.01 secs] 
2005.905: [GC (Allocation Failure) [PSYoungGen: 73088K->1408K(73728K)] 455655K->383983K(630272K), 0.0019328 secs] [Times: user=0.01 sys=0.00, real=0.01 secs] 
2006.945: [GC (Allocation Failure) [PSYoungGen: 73088K->1376K(73728K)] 455663K->383951K(630272K), 0.0055240 secs] [Times: user=0.02 sys=0.00, real=0.01 secs] 
2007.744: [GC (Allocation Failure) [PSYoungGen: 73056K->1376K(73728K)] 455631K->383951K(630272K), 0.0036265 secs] [Times: user=0.01 sys=0.00, real=0.01 secs] 
2008.315: [GC (Allocation Failure) [PSYoungGen: 73056K->1376K(73728K)] 455631K->383951K(630272K), 0.0024953 secs] [Times: user=0.01 sys=0.00, real=0.01 secs] 
2009.239: [GC (Allocation Failure) [PSYoungGen: 73056K->1376K(73728K)] 455631K->383959K(630272K), 0.0016308 secs] [Times: user=0.00 sys=0.00, real=0.00 secs] 
2009.550: [GC (Allocation Failure) [PSYoungGen: 73056K->1408K(73728K)] 455639K->383991K(630272K), 0.0016961 secs] [Times: user=0.01 sys=0.00, real=0.00 secs] 
2009.854: [GC (Allocation Failure) [PSYoungGen: 73088K->1408K(73728K)] 455671K->383991K(630272K), 0.0016172 secs] [Times: user=0.01 sys=0.00, real=0.00 secs] 
2010.218: [GC (Allocation Failure) [PSYoungGen: 73088K->1376K(73728K)] 455671K->383959K(630272K), 0.0019131 secs] [Times: user=0.01 sys=0.00, real=0.00 secs] 
2010.975: [GC (Allocation Failure) [PSYoungGen: 73056K->1472K(73728K)] 455639K->384055K(630272K), 0.0016994 secs] [Times: user=0.00 sys=0.00, real=0.01 secs] 
2011.337: [GC (Allocation Failure) [PSYoungGen: 73152K->1392K(73728K)] 455735K->383975K(630272K), 0.0016645 secs] [Times: user=0.01 sys=0.00, real=0.00 secs] 
2011.659: [GC (Allocation Failure) [PSYoungGen: 73072K->1344K(73728K)] 455655K->383927K(630272K), 0.0017469 secs] [Times: user=0.00 sys=0.00, real=0.00 secs] 
2012.009: [GC (Allocation Failure) [PSYoungGen: 73024K->1344K(73728K)] 455607K->383927K(630272K), 0.0020964 secs] [Times: user=0.00 sys=0.00, real=0.00 secs] 
2013.089: [GC (Allocation Failure) [PSYoungGen: 73024K->1440K(73728K)] 455607K->384023K(630272K), 0.0018496 secs] [Times: user=0.01 sys=0.00, real=0.00 secs] 
2013.797: [GC (Allocation Failure) [PSYoungGen: 73120K->1408K(73728K)] 455703K->383991K(630272K), 0.0023185 secs] [Times: user=0.01 sys=0.00, real=0.00 secs] 
2014.230: [GC (Allocation Failure) [PSYoungGen: 73088K->1360K(73728K)] 455671K->383943K(630272K), 0.0019955 secs] [Times: user=0.00 sys=0.00, real=0.00 secs] 
2014.635: [GC (Allocation Failure) [PSYoungGen: 73040K->1360K(73728K)] 455623K->383975K(630272K), 0.0019708 secs] [Times: user=0.01 sys=0.00, real=0.01 secs] 
2015.452: [GC (Allocation Failure) [PSYoungGen: 73040K->1376K(73728K)] 455655K->383991K(630272K), 0.0016265 secs] [Times: user=0.01 sys=0.00, real=0.00 secs] 
2016.092: [GC (Allocation Failure) [PSYoungGen: 73056K->1344K(73728K)] 455671K->383959K(630272K), 0.0022018 secs] [Times: user=0.01 sys=0.00, real=0.00 secs] 
2016.714: [GC (Allocation Failure) [PSYoungGen: 73024K->1376K(73728K)] 455639K->383991K(630272K), 0.0022554 secs] [Times: user=0.01 sys=0.00, real=0.00 secs] 
2017.313: [GC (Allocation Failure) [PSYoungGen: 73056K->1376K(73216K)] 455671K->383999K(629760K), 0.0029801 secs] [Times: user=0.01 sys=0.00, real=0.00 secs] 
2017.895: [GC (Allocation Failure) [PSYoungGen: 73056K->1373K(73216K)] 455679K->383996K(629760K), 0.0015110 secs] [Times: user=0.00 sys=0.00, real=0.00 secs] 
2019.001: [GC (Allocation Failure) [PSYoungGen: 73053K->1440K(73216K)] 455676K->384063K(629760K), 0.0069568 secs] [Times: user=0.03 sys=0.00, real=0.01 secs] 
2020.047: [GC (Allocation Failure) [PSYoungGen: 73120K->1344K(73216K)] 455743K->383967K(629760K), 0.0051875 secs] [Times: user=0.02 sys=0.00, real=0.00 secs] 
2021.103: [GC (Allocation Failure) [PSYoungGen: 73024K->1408K(73216K)] 455647K->384031K(629760K), 0.0051369 secs] [Times: user=0.02 sys=0.00, real=0.01 secs] 
2022.164: [GC (Allocation Failure) [PSYoungGen: 73088K->1376K(73216K)] 455711K->383999K(629760K), 0.0052204 secs] [Times: user=0.02 sys=0.01, real=0.01 secs] 
2023.275: [GC (Allocation Failure) [PSYoungGen: 73056K->1376K(73216K)] 455679K->383999K(629760K), 0.0019506 secs] [Times: user=0.01 sys=0.00, real=0.01 secs] 
2023.689: [GC (Allocation Failure) [PSYoungGen: 73056K->1376K(73216K)] 455679K->383999K(629760K), 0.0020057 secs] [Times: user=0.01 sys=0.00, real=0.00 secs] 
2024.222: [GC (Allocation Failure) [PSYoungGen: 73056K->1376K(73216K)] 455679K->383999K(629760K), 0.0027428 secs] [Times: user=0.01 sys=0.00, real=0.00 secs] 
2024.811: [GC (Allocation Failure) [PSYoungGen: 73056K->1376K(73216K)] 455679K->383999K(629760K), 0.0037930 secs] [Times: user=0.02 sys=0.00, real=0.00 secs] 
2025.762: [GC (Allocation Failure) [PSYoungGen: 73056K->1376K(73216K)] 455679K->383999K(629760K), 0.0017399 secs] [Times: user=0.01 sys=0.00, real=0.00 secs] 
2026.391: [GC (Allocation Failure) [PSYoungGen: 73056K->1408K(73216K)] 455679K->384031K(629760K), 0.0019409 secs] [Times: user=0.01 sys=0.00, real=0.00 secs] 
2027.080: [GC (Allocation Failure) [PSYoungGen: 73088K->1376K(73216K)] 455711K->384007K(629760K), 0.0044019 secs] [Times: user=0.02 sys=0.00, real=0.00 secs] 
2027.958: [GC (Allocation Failure) [PSYoungGen: 73056K->1376K(73216K)] 455687K->384007K(629760K), 0.0048584 secs] [Times: user=0.02 sys=0.01, real=0.00 secs] 
2029.161: [GC (Allocation Failure) [PSYoungGen: 73056K->1408K(73216K)] 455687K->384039K(629760K), 0.0019921 secs] [Times: user=0.00 sys=0.00, real=0.00 secs] 
2029.912: [GC (Allocation Failure) [PSYoungGen: 73088K->1392K(73216K)] 455719K->384023K(629760K), 0.0021306 secs] [Times: user=0.01 sys=0.00, real=0.00 secs] 
2030.588: [GC (Allocation Failure) [PSYoungGen: 73072K->1344K(73216K)] 455703K->383975K(629760K), 0.0024796 secs] [Times: user=0.01 sys=0.00, real=0.00 secs] 
2031.487: [GC (Allocation Failure) [PSYoungGen: 73024K->1376K(73216K)] 455655K->384007K(629760K), 0.0029229 secs] [Times: user=0.02 sys=0.00, real=0.00 secs] 
2033.304: [GC (Allocation Failure) [PSYoungGen: 73056K->1424K(73216K)] 455687K->384055K(629760K), 0.0054743 secs] [Times: user=0.03 sys=0.00, real=0.01 secs] 
2035.149: [GC (Allocation Failure) [PSYoungGen: 73104K->1440K(73216K)] 455735K->384071K(629760K), 0.0037225 secs] [Times: user=0.01 sys=0.00, real=0.00 secs] 
2035.644: [GC (Allocation Failure) [PSYoungGen: 73120K->1376K(73216K)] 455751K->384007K(629760K), 0.0021700 secs] [Times: user=0.01 sys=0.00, real=0.01 secs] 
2035.974: [GC (Allocation Failure) [PSYoungGen: 73056K->1376K(73216K)] 455687K->384007K(629760K), 0.0022263 secs] [Times: user=0.01 sys=0.01, real=0.00 secs] 
2036.769: [GC (Allocation Failure) [PSYoungGen: 73056K->1504K(73216K)] 455687K->384231K(629760K), 0.0016703 secs] [Times: user=0.01 sys=0.00, real=0.00 secs] 
2037.132: [GC (Allocation Failure) [PSYoungGen: 73184K->1344K(73216K)] 455911K->384071K(629760K), 0.0018034 secs] [Times: user=0.01 sys=0.00, real=0.00 secs] 
2037.433: [GC (Allocation Failure) [PSYoungGen: 73024K->1312K(73216K)] 455751K->384039K(629760K), 0.0019092 secs] [Times: user=0.01 sys=0.00, real=0.00 secs] 
2037.743: [GC (Allocation Failure) [PSYoungGen: 72992K->1280K(73216K)] 455719K->384015K(629760K), 0.0018173 secs] [Times: user=0.01 sys=0.00, real=0.00 secs] 
2038.338: [GC (Allocation Failure) [PSYoungGen: 72960K->1392K(73216K)] 455695K->384127K(629760K), 0.0016521 secs] [Times: user=0.00 sys=0.00, real=0.00 secs] 
2039.977: [GC (Allocation Failure) [PSYoungGen: 73072K->1408K(73216K)] 455807K->384143K(629760K), 0.0028428 secs] [Times: user=0.01 sys=0.00, real=0.00 secs] 
2040.505: [GC (Allocation Failure) [PSYoungGen: 73088K->1408K(73216K)] 455823K->384143K(629760K), 0.0023851 secs] [Times: user=0.01 sys=0.00, real=0.01 secs] 
2041.015: [GC (Allocation Failure) [PSYoungGen: 73088K->1392K(73216K)] 455823K->384127K(629760K), 0.0027028 secs] [Times: user=0.01 sys=0.00, real=0.01 secs] 
2041.880: [GC (Allocation Failure) [PSYoungGen: 73061K->320K(73216K)] 455796K->383055K(629760K), 0.0027214 secs] [Times: user=0.01 sys=0.00, real=0.00 secs] 
2043.906: [GC (Allocation Failure) [PSYoungGen: 72000K->1440K(73728K)] 454735K->384175K(630272K), 0.0036469 secs] [Times: user=0.02 sys=0.00, real=0.00 secs] 
2044.495: [GC (Allocation Failure) [PSYoungGen: 73120K->1408K(73728K)] 455855K->384143K(630272K), 0.0035766 secs] [Times: user=0.01 sys=0.00, real=0.01 secs] 
2045.129: [GC (Allocation Failure) [PSYoungGen: 73088K->1360K(73728K)] 455823K->384095K(630272K), 0.0025703 secs] [Times: user=0.01 sys=0.00, real=0.00 secs] 
2045.727: [GC (Allocation Failure) [PSYoungGen: 73040K->1360K(73728K)] 455775K->384103K(630272K), 0.0027992 secs] [Times: user=0.01 sys=0.00, real=0.00 secs] 
2046.750: [GC (Allocation Failure) [PSYoungGen: 73040K->1424K(73728K)] 455783K->384167K(630272K), 0.0047336 secs] [Times: user=0.02 sys=0.00, real=0.00 secs] 
2047.292: [GC (Allocation Failure) [PSYoungGen: 73104K->1408K(73728K)] 455847K->384151K(630272K), 0.0035265 secs] [Times: user=0.01 sys=0.00, real=0.00 secs] 
2047.861: [GC (Allocation Failure) [PSYoungGen: 73088K->1440K(73728K)] 455831K->384199K(630272K), 0.0023764 secs] [Times: user=0.01 sys=0.00, real=0.00 secs] 
2048.452: [GC (Allocation Failure) [PSYoungGen: 73120K->1440K(73728K)] 455879K->384199K(630272K), 0.0045910 secs] [Times: user=0.02 sys=0.00, real=0.01 secs] 
2049.477: [GC (Allocation Failure) [PSYoungGen: 73120K->1440K(73728K)] 455879K->384199K(630272K), 0.0021833 secs] [Times: user=0.01 sys=0.00, real=0.00 secs] 
2050.068: [GC (Allocation Failure) [PSYoungGen: 73120K->1440K(73728K)] 455879K->384199K(630272K), 0.0026695 secs] [Times: user=0.01 sys=0.00, real=0.00 secs] 
2050.675: [GC (Allocation Failure) [PSYoungGen: 73120K->1408K(73728K)] 455879K->384167K(630272K), 0.0026804 secs] [Times: user=0.01 sys=0.00, real=0.01 secs] 
2051.292: [GC (Allocation Failure) [PSYoungGen: 73088K->1376K(73728K)] 455847K->384143K(630272K), 0.0024769 secs] [Times: user=0.01 sys=0.00, real=0.00 secs] 
2052.513: [GC (Allocation Failure) [PSYoungGen: 73056K->1440K(73728K)] 455823K->384207K(630272K), 0.0019328 secs] [Times: user=0.01 sys=0.00, real=0.00 secs] 
2053.307: [GC (Allocation Failure) [PSYoungGen: 73120K->1440K(73728K)] 455887K->384207K(630272K), 0.0018269 secs] [Times: user=0.01 sys=0.00, real=0.00 secs] 
2054.018: [GC (Allocation Failure) [PSYoungGen: 73120K->1408K(73728K)] 455887K->384175K(630272K), 0.0023843 secs] [Times: user=0.01 sys=0.00, real=0.00 secs] 
2054.316: [GC (Allocation Failure) [PSYoungGen: 73088K->1408K(73728K)] 455855K->384175K(630272K), 0.0020049 secs] [Times: user=0.01 sys=0.00, real=0.01 secs] 
2055.111: [GC (Allocation Failure) [PSYoungGen: 73088K->1952K(73728K)] 455855K->385231K(630272K), 0.0018658 secs] [Times: user=0.01 sys=0.00, real=0.00 secs] 
2055.716: [GC (Allocation Failure) [PSYoungGen: 73632K->1408K(73728K)] 456911K->384687K(630272K), 0.0017074 secs] [Times: user=0.00 sys=0.00, real=0.01 secs] 
2056.325: [GC (Allocation Failure) [PSYoungGen: 73088K->1376K(73728K)] 456367K->384663K(630272K), 0.0019317 secs] [Times: user=0.01 sys=0.00, real=0.01 secs] 
2056.931: [GC (Allocation Failure) [PSYoungGen: 73056K->1376K(73728K)] 456343K->384663K(630272K), 0.0018445 secs] [Times: user=0.00 sys=0.00, real=0.00 secs] 
2057.847: [GC (Allocation Failure) [PSYoungGen: 73056K->1405K(73728K)] 456343K->384692K(630272K), 0.0015013 secs] [Times: user=0.01 sys=0.00, real=0.00 secs] 
2058.577: [GC (Allocation Failure) [PSYoungGen: 73085K->1440K(73728K)] 456372K->384735K(630272K), 0.0019986 secs] [Times: user=0.00 sys=0.00, real=0.00 secs] 
2059.212: [GC (Allocation Failure) [PSYoungGen: 73120K->1408K(73728K)] 456415K->384703K(630272K), 0.0019496 secs] [Times: user=0.01 sys=0.00, real=0.00 secs] 
2059.529: [GC (Allocation Failure) [PSYoungGen: 73088K->1328K(73728K)] 456383K->384647K(630272K), 0.0021561 secs] [Times: user=0.01 sys=0.00, real=0.00 secs] 
2060.012: [GC (Allocation Failure) [PSYoungGen: 73008K->1373K(73728K)] 456327K->384692K(630272K), 0.0016817 secs] [Times: user=0.01 sys=0.00, real=0.00 secs] 
2061.563: [GC (Allocation Failure) [PSYoungGen: 73053K->1376K(73728K)] 456372K->384703K(630272K), 0.0048938 secs] [Times: user=0.02 sys=0.00, real=0.01 secs] 
2062.393: [GC (Allocation Failure) [PSYoungGen: 73056K->1344K(73728K)] 456383K->384671K(630272K), 0.0034839 secs] [Times: user=0.02 sys=0.00, real=0.00 secs] 
2063.041: [GC (Allocation Failure) [PSYoungGen: 73024K->1376K(73728K)] 456351K->384703K(630272K), 0.0028451 secs] [Times: user=0.02 sys=0.00, real=0.00 secs] 
2063.517: [GC (Allocation Failure) [PSYoungGen: 73056K->1376K(73728K)] 456383K->384703K(630272K), 0.0021131 secs] [Times: user=0.00 sys=0.01, real=0.00 secs] 
2065.731: [GC (Allocation Failure) [PSYoungGen: 73056K->1408K(73728K)] 456383K->384735K(630272K), 0.0055912 secs] [Times: user=0.03 sys=0.00, real=0.00 secs] 
2066.900: [GC (Allocation Failure) [PSYoungGen: 73088K->1376K(73728K)] 456415K->384703K(630272K), 0.0043944 secs] [Times: user=0.02 sys=0.00, real=0.00 secs] 
2068.007: [GC (Allocation Failure) [PSYoungGen: 73056K->1376K(73216K)] 456383K->384703K(629760K), 0.0044690 secs] [Times: user=0.02 sys=0.00, real=0.00 secs] 
2068.628: [GC (Allocation Failure) [PSYoungGen: 73056K->1376K(73216K)] 456383K->384711K(629760K), 0.0025783 secs] [Times: user=0.01 sys=0.00, real=0.00 secs] 
2069.837: [GC (Allocation Failure) [PSYoungGen: 73056K->1408K(73216K)] 456391K->384743K(629760K), 0.0018296 secs] [Times: user=0.00 sys=0.00, real=0.00 secs] 
2070.794: [GC (Allocation Failure) [PSYoungGen: 73088K->1376K(73216K)] 456423K->384711K(629760K), 0.0023044 secs] [Times: user=0.01 sys=0.00, real=0.01 secs] 
2071.360: [GC (Allocation Failure) [PSYoungGen: 73056K->1408K(73216K)] 456391K->384743K(629760K), 0.0023268 secs] [Times: user=0.01 sys=0.00, real=0.00 secs] 
2072.040: [GC (Allocation Failure) [PSYoungGen: 73088K->1376K(73216K)] 456423K->384711K(629760K), 0.0023140 secs] [Times: user=0.01 sys=0.01, real=0.00 secs] 
2073.092: [GC (Allocation Failure) [PSYoungGen: 73056K->1408K(73216K)] 456391K->384743K(629760K), 0.0020850 secs] [Times: user=0.00 sys=0.00, real=0.00 secs] 
2073.718: [GC (Allocation Failure) [PSYoungGen: 73088K->1376K(73216K)] 456423K->384711K(629760K), 0.0023153 secs] [Times: user=0.01 sys=0.00, real=0.00 secs] 
2074.357: [GC (Allocation Failure) [PSYoungGen: 73056K->1376K(73216K)] 456391K->384711K(629760K), 0.0022407 secs] [Times: user=0.01 sys=0.00, real=0.00 secs] 
2075.026: [GC (Allocation Failure) [PSYoungGen: 73056K->1376K(73216K)] 456391K->384711K(629760K), 0.0034445 secs] [Times: user=0.01 sys=0.00, real=0.01 secs] 
2076.331: [GC (Allocation Failure) [PSYoungGen: 73056K->1408K(73216K)] 456391K->384743K(629760K), 0.0021486 secs] [Times: user=0.01 sys=0.00, real=0.00 secs] 
2077.386: [GC (Allocation Failure) [PSYoungGen: 73088K->1344K(73216K)] 456423K->384679K(629760K), 0.0033671 secs] [Times: user=0.01 sys=0.00, real=0.01 secs] 
2078.139: [GC (Allocation Failure) [PSYoungGen: 73024K->1360K(73216K)] 456359K->384695K(629760K), 0.0033373 secs] [Times: user=0.02 sys=0.00, real=0.00 secs] 
2078.725: [GC (Allocation Failure) [PSYoungGen: 73040K->1344K(73216K)] 456375K->384687K(629760K), 0.0029023 secs] [Times: user=0.02 sys=0.00, real=0.01 secs] 
2079.784: [GC (Allocation Failure) [PSYoungGen: 73024K->192K(73216K)] 456367K->383535K(629760K), 0.0015946 secs] [Times: user=0.01 sys=0.00, real=0.00 secs] 
2081.293: [GC (Allocation Failure) [PSYoungGen: 71872K->1376K(73728K)] 455215K->384719K(630272K), 0.0033143 secs] [Times: user=0.02 sys=0.00, real=0.00 secs] 
2082.042: [GC (Allocation Failure) [PSYoungGen: 73056K->1408K(73728K)] 456399K->384751K(630272K), 0.0027429 secs] [Times: user=0.01 sys=0.00, real=0.00 secs] 
2082.624: [GC (Allocation Failure) [PSYoungGen: 73088K->1344K(73728K)] 456431K->384687K(630272K), 0.0025645 secs] [Times: user=0.01 sys=0.00, real=0.00 secs] 
2083.478: [GC (Allocation Failure) [PSYoungGen: 73024K->1373K(73728K)] 456367K->384716K(630272K), 0.0014969 secs] [Times: user=0.00 sys=0.00, real=0.00 secs] 
2084.286: [GC (Allocation Failure) [PSYoungGen: 73053K->1408K(73728K)] 456396K->384751K(630272K), 0.0020322 secs] [Times: user=0.01 sys=0.00, real=0.01 secs] 
2084.584: [GC (Allocation Failure) [PSYoungGen: 73088K->1408K(73728K)] 456431K->384751K(630272K), 0.0019622 secs] [Times: user=0.00 sys=0.00, real=0.00 secs] 
2084.940: [GC (Allocation Failure) [PSYoungGen: 73088K->1376K(73728K)] 456431K->384719K(630272K), 0.0027685 secs] [Times: user=0.01 sys=0.00, real=0.00 secs] 
2085.238: [GC (Allocation Failure) [PSYoungGen: 73056K->1408K(73728K)] 456399K->384751K(630272K), 0.0021707 secs] [Times: user=0.01 sys=0.00, real=0.00 secs] 
2086.272: [GC (Allocation Failure) [PSYoungGen: 73088K->1408K(73728K)] 456431K->384751K(630272K), 0.0019860 secs] [Times: user=0.01 sys=0.00, real=0.00 secs] 
2086.882: [GC (Allocation Failure) [PSYoungGen: 73088K->1408K(73728K)] 456431K->384751K(630272K), 0.0036588 secs] [Times: user=0.02 sys=0.00, real=0.00 secs] 
2087.492: [GC (Allocation Failure) [PSYoungGen: 73088K->1376K(73728K)] 456431K->384727K(630272K), 0.0033809 secs] [Times: user=0.02 sys=0.00, real=0.00 secs] 
2088.232: [GC (Allocation Failure) [PSYoungGen: 73056K->1408K(73728K)] 456407K->384759K(630272K), 0.0027053 secs] [Times: user=0.01 sys=0.00, real=0.00 secs] 
2089.111: [GC (Allocation Failure) [PSYoungGen: 73088K->1376K(73728K)] 456439K->384727K(630272K), 0.0018717 secs] [Times: user=0.01 sys=0.00, real=0.00 secs] 
2089.409: [GC (Allocation Failure) [PSYoungGen: 73056K->1376K(73728K)] 456407K->384727K(630272K), 0.0019182 secs] [Times: user=0.01 sys=0.00, real=0.00 secs] 
2089.707: [GC (Allocation Failure) [PSYoungGen: 73056K->1376K(73728K)] 456407K->384727K(630272K), 0.0018449 secs] [Times: user=0.01 sys=0.00, real=0.00 secs] 
2090.005: [GC (Allocation Failure) [PSYoungGen: 73056K->1376K(73728K)] 456407K->384727K(630272K), 0.0028730 secs] [Times: user=0.01 sys=0.00, real=0.01 secs] 
2090.806: [GC (Allocation Failure) [PSYoungGen: 73056K->1408K(73728K)] 456407K->384759K(630272K), 0.0016107 secs] [Times: user=0.00 sys=0.01, real=0.00 secs] 
2091.125: [GC (Allocation Failure) [PSYoungGen: 73088K->1376K(73216K)] 456439K->384727K(629760K), 0.0018081 secs] [Times: user=0.00 sys=0.00, real=0.01 secs] 
2091.428: [GC (Allocation Failure) [PSYoungGen: 73056K->1408K(73216K)] 456407K->384767K(629760K), 0.0017771 secs] [Times: user=0.01 sys=0.00, real=0.00 secs] 
2091.725: [GC (Allocation Failure) [PSYoungGen: 73088K->1344K(73216K)] 456447K->384703K(629760K), 0.0018147 secs] [Times: user=0.00 sys=0.00, real=0.01 secs] 
2093.086: [GC (Allocation Failure) [PSYoungGen: 73024K->1408K(73216K)] 456383K->384767K(629760K), 0.0052450 secs] [Times: user=0.03 sys=0.00, real=0.00 secs] 
2095.119: [GC (Allocation Failure) [PSYoungGen: 73088K->1344K(73216K)] 456447K->384719K(629760K), 0.0054446 secs] [Times: user=0.02 sys=0.00, real=0.00 secs] 
2095.945: [GC (Allocation Failure) [PSYoungGen: 73024K->1376K(73216K)] 456399K->384751K(629760K), 0.0028752 secs] [Times: user=0.02 sys=0.00, real=0.01 secs] 
2096.437: [GC (Allocation Failure) [PSYoungGen: 73056K->1344K(73216K)] 456431K->384719K(629760K), 0.0023440 secs] [Times: user=0.01 sys=0.00, real=0.00 secs] 
2097.606: [GC (Allocation Failure) [PSYoungGen: 73024K->1504K(72704K)] 456399K->384983K(629248K), 0.0018707 secs] [Times: user=0.01 sys=0.00, real=0.01 secs] 
2098.477: [GC (Allocation Failure) [PSYoungGen: 72672K->1312K(73216K)] 456151K->384791K(629760K), 0.0035626 secs] [Times: user=0.01 sys=0.00, real=0.00 secs] 
2099.396: [GC (Allocation Failure) [PSYoungGen: 72480K->1312K(73216K)] 455959K->384791K(629760K), 0.0052384 secs] [Times: user=0.02 sys=0.01, real=0.01 secs] 
2099.721: [GC (Allocation Failure) [PSYoungGen: 72480K->1280K(73216K)] 455959K->384759K(629760K), 0.0022047 secs] [Times: user=0.01 sys=0.00, real=0.00 secs] 
2100.312: [GC (Allocation Failure) [PSYoungGen: 72448K->1424K(73216K)] 455927K->384903K(629760K), 0.0014621 secs] [Times: user=0.01 sys=0.00, real=0.00 secs] 
2102.918: [GC (Allocation Failure) [PSYoungGen: 72592K->1424K(73216K)] 456071K->384903K(629760K), 0.0070591 secs] [Times: user=0.03 sys=0.00, real=0.00 secs] 
2104.034: [GC (Allocation Failure) [PSYoungGen: 72592K->1424K(73216K)] 456071K->384903K(629760K), 0.0057349 secs] [Times: user=0.02 sys=0.01, real=0.01 secs] 
2105.178: [GC (Allocation Failure) [PSYoungGen: 72592K->1424K(73216K)] 456071K->384903K(629760K), 0.0051723 secs] [Times: user=0.02 sys=0.00, real=0.00 secs] 
2105.902: [GC (Allocation Failure) [PSYoungGen: 72592K->1440K(73216K)] 456071K->384919K(629760K), 0.0028754 secs] [Times: user=0.01 sys=0.00, real=0.00 secs] 
2106.764: [GC (Allocation Failure) [PSYoungGen: 72608K->1440K(73216K)] 456087K->384919K(629760K), 0.0019633 secs] [Times: user=0.01 sys=0.00, real=0.00 secs] 
2107.081: [GC (Allocation Failure) [PSYoungGen: 72608K->1472K(73216K)] 456087K->384951K(629760K), 0.0018970 secs] [Times: user=0.01 sys=0.00, real=0.00 secs] 
2107.448: [GC (Allocation Failure) [PSYoungGen: 72640K->1440K(73216K)] 456119K->384919K(629760K), 0.0019653 secs] [Times: user=0.00 sys=0.00, real=0.00 secs] 
2107.744: [GC (Allocation Failure) [PSYoungGen: 72608K->1360K(73216K)] 456087K->384839K(629760K), 0.0018456 secs] [Times: user=0.01 sys=0.00, real=0.00 secs] 
2108.834: [GC (Allocation Failure) [PSYoungGen: 72528K->1472K(73216K)] 456007K->384959K(629760K), 0.0021259 secs] [Times: user=0.01 sys=0.00, real=0.01 secs] 
2109.694: [GC (Allocation Failure) [PSYoungGen: 72640K->1408K(73216K)] 456127K->384895K(629760K), 0.0025445 secs] [Times: user=0.01 sys=0.00, real=0.01 secs] 
2110.565: [GC (Allocation Failure) [PSYoungGen: 72576K->1408K(73216K)] 456063K->384959K(629760K), 0.0032829 secs] [Times: user=0.01 sys=0.00, real=0.01 secs] 
2111.251: [GC (Allocation Failure) [PSYoungGen: 72576K->1440K(73216K)] 456127K->384991K(629760K), 0.0020965 secs] [Times: user=0.01 sys=0.00, real=0.00 secs] 
2113.239: [GC (Allocation Failure) [PSYoungGen: 72608K->1472K(73216K)] 456159K->385023K(629760K), 0.0029872 secs] [Times: user=0.01 sys=0.00, real=0.00 secs] 
2114.286: [GC (Allocation Failure) [PSYoungGen: 72640K->1408K(72704K)] 456191K->384959K(629248K), 0.0031898 secs] [Times: user=0.01 sys=0.00, real=0.01 secs] 
2115.364: [GC (Allocation Failure) [PSYoungGen: 72576K->1376K(72704K)] 456127K->384927K(629248K), 0.0034319 secs] [Times: user=0.02 sys=0.00, real=0.01 secs] 
2116.482: [GC (Allocation Failure) [PSYoungGen: 72544K->352K(72192K)] 456095K->384935K(628736K), 0.0053562 secs] [Times: user=0.02 sys=0.00, real=0.01 secs] 
2117.979: [GC (Allocation Failure) [PSYoungGen: 71520K->1392K(73216K)] 456103K->385975K(629760K), 0.0017604 secs] [Times: user=0.01 sys=0.00, real=0.00 secs] 
2118.729: [GC (Allocation Failure) [PSYoungGen: 72560K->1376K(73216K)] 457143K->385967K(629760K), 0.0022092 secs] [Times: user=0.01 sys=0.00, real=0.00 secs] 
2119.556: [GC (Allocation Failure) [PSYoungGen: 72544K->1344K(73216K)] 457135K->385935K(629760K), 0.0053606 secs] [Times: user=0.03 sys=0.00, real=0.01 secs] 
2120.462: [GC (Allocation Failure) [PSYoungGen: 72512K->1376K(73216K)] 457103K->385967K(629760K), 0.0033986 secs] [Times: user=0.01 sys=0.00, real=0.00 secs] 
2121.352: [GC (Allocation Failure) [PSYoungGen: 72544K->1373K(73216K)] 457135K->385964K(629760K), 0.0016404 secs] [Times: user=0.01 sys=0.00, real=0.00 secs] 
2121.939: [GC (Allocation Failure) [PSYoungGen: 72541K->1408K(73216K)] 457132K->385999K(629760K), 0.0019860 secs] [Times: user=0.01 sys=0.01, real=0.00 secs] 
2122.272: [GC (Allocation Failure) [PSYoungGen: 72576K->1376K(73216K)] 457167K->385967K(629760K), 0.0019600 secs] [Times: user=0.01 sys=0.00, real=0.00 secs] 
2122.589: [GC (Allocation Failure) [PSYoungGen: 72544K->1408K(73216K)] 457135K->385999K(629760K), 0.0020337 secs] [Times: user=0.00 sys=0.00, real=0.00 secs] 
2123.081: [GC (Allocation Failure) [PSYoungGen: 72576K->1373K(73216K)] 457167K->385964K(629760K), 0.0019955 secs] [Times: user=0.01 sys=0.01, real=0.00 secs] 
2123.809: [GC (Allocation Failure) [PSYoungGen: 72541K->1392K(73216K)] 457132K->385983K(629760K), 0.0018332 secs] [Times: user=0.00 sys=0.00, real=0.00 secs] 
2124.104: [GC (Allocation Failure) [PSYoungGen: 72560K->1376K(73216K)] 457151K->385967K(629760K), 0.0019074 secs] [Times: user=0.01 sys=0.00, real=0.01 secs] 
2124.400: [GC (Allocation Failure) [PSYoungGen: 72544K->1376K(73216K)] 457135K->385975K(629760K), 0.0019036 secs] [Times: user=0.00 sys=0.01, real=0.00 secs] 
2124.696: [GC (Allocation Failure) [PSYoungGen: 72544K->1376K(72704K)] 457143K->385975K(629248K), 0.0023872 secs] [Times: user=0.00 sys=0.00, real=0.01 secs] 
2125.909: [GC (Allocation Failure) [PSYoungGen: 72544K->1376K(72704K)] 457143K->385983K(629248K), 0.0054032 secs] [Times: user=0.02 sys=0.00, real=0.00 secs] 
2126.802: [GC (Allocation Failure) [PSYoungGen: 72544K->1376K(72704K)] 457151K->385983K(629248K), 0.0028775 secs] [Times: user=0.01 sys=0.00, real=0.00 secs] 
2127.320: [GC (Allocation Failure) [PSYoungGen: 72544K->1360K(72704K)] 457151K->385983K(629248K), 0.0021610 secs] [Times: user=0.01 sys=0.00, real=0.00 secs] 
2127.966: [GC (Allocation Failure) [PSYoungGen: 72528K->1376K(72704K)] 457151K->385999K(629248K), 0.0020021 secs] [Times: user=0.01 sys=0.00, real=0.00 secs] 
2129.169: [GC (Allocation Failure) [PSYoungGen: 72544K->1440K(72704K)] 457167K->386063K(629248K), 0.0023575 secs] [Times: user=0.01 sys=0.00, real=0.00 secs] 
2129.901: [GC (Allocation Failure) [PSYoungGen: 72608K->1376K(72704K)] 457231K->385999K(629248K), 0.0037792 secs] [Times: user=0.02 sys=0.00, real=0.00 secs] 
2130.449: [GC (Allocation Failure) [PSYoungGen: 72544K->1376K(72704K)] 457167K->385999K(629248K), 0.0036034 secs] [Times: user=0.02 sys=0.00, real=0.00 secs] 
2130.994: [GC (Allocation Failure) [PSYoungGen: 72544K->1376K(72704K)] 457167K->385999K(629248K), 0.0023673 secs] [Times: user=0.01 sys=0.00, real=0.00 secs] 
2132.032: [GC (Allocation Failure) [PSYoungGen: 72544K->1408K(72704K)] 457167K->386031K(629248K), 0.0018464 secs] [Times: user=0.01 sys=0.00, real=0.00 secs] 
2133.176: [GC (Allocation Failure) [PSYoungGen: 72576K->1376K(72704K)] 457199K->385999K(629248K), 0.0052774 secs] [Times: user=0.02 sys=0.00, real=0.00 secs] 
2134.128: [GC (Allocation Failure) [PSYoungGen: 72544K->1360K(72704K)] 457167K->385983K(629248K), 0.0036766 secs] [Times: user=0.02 sys=0.00, real=0.00 secs] 
2135.014: [GC (Allocation Failure) [PSYoungGen: 72528K->1360K(72704K)] 457151K->385983K(629248K), 0.0050624 secs] [Times: user=0.02 sys=0.00, real=0.01 secs] 
2136.389: [GC (Allocation Failure) [PSYoungGen: 72528K->1504K(72192K)] 457151K->386271K(628736K), 0.0020346 secs] [Times: user=0.01 sys=0.00, real=0.00 secs] 
2137.542: [GC (Allocation Failure) [PSYoungGen: 72160K->1376K(72704K)] 456927K->386143K(629248K), 0.0022753 secs] [Times: user=0.01 sys=0.00, real=0.00 secs] 
2138.511: [GC (Allocation Failure) [PSYoungGen: 72032K->1408K(72192K)] 456799K->386175K(628736K), 0.0029358 secs] [Times: user=0.02 sys=0.00, real=0.00 secs] 
2139.082: [GC (Allocation Failure) [PSYoungGen: 72064K->1408K(72192K)] 456831K->386183K(628736K), 0.0028968 secs] [Times: user=0.01 sys=0.00, real=0.00 secs] 
2140.190: [GC (Allocation Failure) [PSYoungGen: 72064K->349K(71680K)] 456839K->386148K(628224K), 0.0015652 secs] [Times: user=0.01 sys=0.00, real=0.00 secs] 
2140.843: [GC (Allocation Failure) [PSYoungGen: 71005K->1408K(72704K)] 456804K->387207K(629248K), 0.0016704 secs] [Times: user=0.01 sys=0.00, real=0.00 secs] 
2141.164: [GC (Allocation Failure) [PSYoungGen: 72064K->1376K(72704K)] 457863K->387175K(629248K), 0.0014046 secs] [Times: user=0.01 sys=0.00, real=0.00 secs] 
2141.460: [GC (Allocation Failure) [PSYoungGen: 72032K->1376K(72704K)] 457831K->387175K(629248K), 0.0016118 secs] [Times: user=0.00 sys=0.00, real=0.00 secs] 
2141.792: [GC (Allocation Failure) [PSYoungGen: 72032K->1376K(72704K)] 457831K->387175K(629248K), 0.0019920 secs] [Times: user=0.01 sys=0.00, real=0.00 secs] 
2143.841: [GC (Allocation Failure) [PSYoungGen: 72032K->1408K(72704K)] 457831K->387207K(629248K), 0.0046022 secs] [Times: user=0.02 sys=0.00, real=0.00 secs] 
2144.706: [GC (Allocation Failure) [PSYoungGen: 72064K->1376K(72704K)] 457863K->387175K(629248K), 0.0034139 secs] [Times: user=0.01 sys=0.00, real=0.01 secs] 
2145.139: [GC (Allocation Failure) [PSYoungGen: 72032K->1376K(72704K)] 457831K->387175K(629248K), 0.0021114 secs] [Times: user=0.01 sys=0.00, real=0.00 secs] 
2145.474: [GC (Allocation Failure) [PSYoungGen: 72032K->1376K(72704K)] 457831K->387175K(629248K), 0.0021442 secs] [Times: user=0.00 sys=0.00, real=0.01 secs] 
2146.495: [GC (Allocation Failure) [PSYoungGen: 72032K->1424K(72704K)] 457831K->387223K(629248K), 0.0023866 secs] [Times: user=0.01 sys=0.00, real=0.01 secs] 
2147.201: [GC (Allocation Failure) [PSYoungGen: 72080K->1408K(72704K)] 457879K->387207K(629248K), 0.0025965 secs] [Times: user=0.01 sys=0.00, real=0.00 secs] 
2147.675: [GC (Allocation Failure) [PSYoungGen: 72064K->1344K(72704K)] 457863K->387151K(629248K), 0.0020195 secs] [Times: user=0.01 sys=0.00, real=0.01 secs] 
2148.016: [GC (Allocation Failure) [PSYoungGen: 72000K->1440K(72704K)] 457807K->387247K(629248K), 0.0019452 secs] [Times: user=0.01 sys=0.00, real=0.01 secs] 
2148.811: [GC (Allocation Failure) [PSYoungGen: 72096K->1376K(72704K)] 457903K->387183K(629248K), 0.0015060 secs] [Times: user=0.00 sys=0.00, real=0.00 secs] 
2149.104: [GC (Allocation Failure) [PSYoungGen: 72032K->1376K(72704K)] 457839K->387183K(629248K), 0.0015329 secs] [Times: user=0.01 sys=0.00, real=0.00 secs] 
2149.450: [GC (Allocation Failure) [PSYoungGen: 72032K->1408K(72704K)] 457839K->387215K(629248K), 0.0018745 secs] [Times: user=0.01 sys=0.00, real=0.00 secs] 
2149.744: [GC (Allocation Failure) [PSYoungGen: 72064K->1408K(72704K)] 457871K->387215K(629248K), 0.0019764 secs] [Times: user=0.01 sys=0.00, real=0.00 secs] 
2150.469: [GC (Allocation Failure) [PSYoungGen: 72064K->1373K(72192K)] 457871K->387180K(628736K), 0.0017282 secs] [Times: user=0.01 sys=0.00, real=0.00 secs] 
2150.832: [GC (Allocation Failure) [PSYoungGen: 72029K->1376K(72192K)] 457836K->387183K(628736K), 0.0015390 secs] [Times: user=0.00 sys=0.00, real=0.00 secs] 
2151.187: [GC (Allocation Failure) [PSYoungGen: 72032K->1376K(72192K)] 457839K->387183K(628736K), 0.0017468 secs] [Times: user=0.01 sys=0.01, real=0.00 secs] 
2151.720: [GC (Allocation Failure) [PSYoungGen: 72032K->1376K(72192K)] 457839K->387183K(628736K), 0.0023207 secs] [Times: user=0.01 sys=0.00, real=0.00 secs] 
2152.379: [GC (Allocation Failure) [PSYoungGen: 72032K->1376K(72192K)] 457839K->387183K(628736K), 0.0029237 secs] [Times: user=0.01 sys=0.00, real=0.00 secs] 
2153.773: [GC (Allocation Failure) [PSYoungGen: 72032K->1376K(72192K)] 457839K->387191K(628736K), 0.0038355 secs] [Times: user=0.02 sys=0.00, real=0.01 secs] 
2154.353: [GC (Allocation Failure) [PSYoungGen: 72032K->1376K(72192K)] 457847K->387207K(628736K), 0.0033876 secs] [Times: user=0.01 sys=0.00, real=0.01 secs] 
2154.862: [GC (Allocation Failure) [PSYoungGen: 72032K->1408K(72192K)] 457863K->387239K(628736K), 0.0028988 secs] [Times: user=0.01 sys=0.00, real=0.00 secs] 
2155.410: [GC (Allocation Failure) [PSYoungGen: 72064K->1376K(72192K)] 457895K->387207K(628736K), 0.0031062 secs] [Times: user=0.02 sys=0.00, real=0.00 secs] 
2156.435: [GC (Allocation Failure) [PSYoungGen: 72032K->1376K(72192K)] 457863K->387207K(628736K), 0.0035679 secs] [Times: user=0.02 sys=0.00, real=0.01 secs] 
2157.021: [GC (Allocation Failure) [PSYoungGen: 72032K->1344K(72192K)] 457863K->387175K(628736K), 0.0046022 secs] [Times: user=0.01 sys=0.00, real=0.00 secs] 
2157.606: [GC (Allocation Failure) [PSYoungGen: 72000K->1408K(72192K)] 457831K->387239K(628736K), 0.0033743 secs] [Times: user=0.01 sys=0.00, real=0.01 secs] 
2158.172: [GC (Allocation Failure) [PSYoungGen: 72064K->1408K(72192K)] 457895K->387239K(628736K), 0.0036612 secs] [Times: user=0.02 sys=0.00, real=0.00 secs] 
2158.999: [GC (Allocation Failure) [PSYoungGen: 72064K->1376K(72192K)] 457895K->387207K(628736K), 0.0018202 secs] [Times: user=0.01 sys=0.00, real=0.00 secs] 
2159.603: [GC (Allocation Failure) [PSYoungGen: 72032K->1376K(72192K)] 457863K->387207K(628736K), 0.0019722 secs] [Times: user=0.01 sys=0.00, real=0.00 secs] 
2160.165: [GC (Allocation Failure) [PSYoungGen: 72032K->1360K(72192K)] 457863K->387191K(628736K), 0.0036265 secs] [Times: user=0.02 sys=0.01, real=0.01 secs] 
2160.722: [GC (Allocation Failure) [PSYoungGen: 72016K->1408K(72192K)] 457847K->387239K(628736K), 0.0031082 secs] [Times: user=0.01 sys=0.00, real=0.00 secs] 
2161.713: [GC (Allocation Failure) [PSYoungGen: 72064K->1408K(72192K)] 457895K->387751K(628736K), 0.0017454 secs] [Times: user=0.01 sys=0.00, real=0.00 secs] 
2162.006: [GC (Allocation Failure) [PSYoungGen: 72064K->1344K(72192K)] 458407K->387687K(628736K), 0.0016497 secs] [Times: user=0.00 sys=0.00, real=0.01 secs] 
2162.300: [GC (Allocation Failure) [PSYoungGen: 72000K->1408K(72192K)] 458343K->387751K(628736K), 0.0016449 secs] [Times: user=0.01 sys=0.00, real=0.00 secs] 
2162.593: [GC (Allocation Failure) [PSYoungGen: 72064K->1376K(72192K)] 458407K->387735K(628736K), 0.0017665 secs] [Times: user=0.00 sys=0.00, real=0.00 secs] 
2163.264: [GC (Allocation Failure) [PSYoungGen: 72032K->1373K(72192K)] 458391K->387732K(628736K), 0.0016098 secs] [Times: user=0.01 sys=0.00, real=0.00 secs] 
2163.993: [GC (Allocation Failure) [PSYoungGen: 72029K->1440K(72192K)] 458388K->387799K(628736K), 0.0027404 secs] [Times: user=0.01 sys=0.00, real=0.00 secs] 
2164.592: [GC (Allocation Failure) [PSYoungGen: 72096K->1376K(72192K)] 458455K->387751K(628736K), 0.0022360 secs] [Times: user=0.01 sys=0.00, real=0.00 secs] 
2164.895: [GC (Allocation Failure) [PSYoungGen: 72032K->1408K(72192K)] 458407K->387783K(628736K), 0.0022646 secs] [Times: user=0.01 sys=0.00, real=0.01 secs] 
2165.364: [GC (Allocation Failure) [PSYoungGen: 72064K->1328K(72192K)] 458439K->387703K(628736K), 0.0021109 secs] [Times: user=0.01 sys=0.00, real=0.00 secs] 
2166.429: [GC (Allocation Failure) [PSYoungGen: 71984K->1376K(72192K)] 458359K->387751K(628736K), 0.0018232 secs] [Times: user=0.01 sys=0.00, real=0.00 secs] 
2167.088: [GC (Allocation Failure) [PSYoungGen: 72032K->1376K(72192K)] 458407K->387751K(628736K), 0.0057578 secs] [Times: user=0.02 sys=0.01, real=0.00 secs] 
2167.719: [GC (Allocation Failure) [PSYoungGen: 72032K->1408K(72192K)] 458407K->387783K(628736K), 0.0036797 secs] [Times: user=0.02 sys=0.00, real=0.00 secs] 
2168.379: [GC (Allocation Failure) [PSYoungGen: 72064K->1344K(72192K)] 458439K->387719K(628736K), 0.0037560 secs] [Times: user=0.01 sys=0.00, real=0.00 secs] 
2169.290: [GC (Allocation Failure) [PSYoungGen: 72000K->1408K(72192K)] 458375K->387783K(628736K), 0.0017500 secs] [Times: user=0.01 sys=0.00, real=0.00 secs] 
2169.592: [GC (Allocation Failure) [PSYoungGen: 72064K->1408K(72192K)] 458439K->387783K(628736K), 0.0016714 secs] [Times: user=0.01 sys=0.00, real=0.00 secs] 
2169.979: [GC (Allocation Failure) [PSYoungGen: 72064K->1408K(72192K)] 458439K->387783K(628736K), 0.0020938 secs] [Times: user=0.01 sys=0.00, real=0.00 secs] 
2170.274: [GC (Allocation Failure) [PSYoungGen: 72064K->1408K(72192K)] 458439K->387783K(628736K), 0.0019704 secs] [Times: user=0.00 sys=0.00, real=0.00 secs] 
2171.086: [GC (Allocation Failure) [PSYoungGen: 72064K->1408K(72192K)] 458439K->387783K(628736K), 0.0017279 secs] [Times: user=0.00 sys=0.00, real=0.00 secs] 
2171.437: [GC (Allocation Failure) [PSYoungGen: 72064K->1376K(72192K)] 458439K->387751K(628736K), 0.0018783 secs] [Times: user=0.01 sys=0.00, real=0.00 secs] 
2171.738: [GC (Allocation Failure) [PSYoungGen: 72032K->1408K(72192K)] 458407K->387783K(628736K), 0.0019077 secs] [Times: user=0.01 sys=0.00, real=0.00 secs] 
2172.133: [GC (Allocation Failure) [PSYoungGen: 72064K->1376K(72192K)] 458439K->387751K(628736K), 0.0031419 secs] [Times: user=0.01 sys=0.00, real=0.00 secs] 
2173.121: [GC (Allocation Failure) [PSYoungGen: 72032K->1504K(72192K)] 458407K->387895K(628736K), 0.0017578 secs] [Times: user=0.01 sys=0.00, real=0.00 secs] 
2173.857: [GC (Allocation Failure) [PSYoungGen: 72160K->1376K(72192K)] 458551K->387783K(628736K), 0.0020658 secs] [Times: user=0.01 sys=0.00, real=0.00 secs] 
2174.449: [GC (Allocation Failure) [PSYoungGen: 72032K->1408K(72192K)] 458439K->387815K(628736K), 0.0030726 secs] [Times: user=0.01 sys=0.00, real=0.00 secs] 
2174.963: [GC (Allocation Failure) [PSYoungGen: 72064K->1376K(72192K)] 458471K->387783K(628736K), 0.0021191 secs] [Times: user=0.01 sys=0.00, real=0.00 secs] 
2175.427: [GC (Allocation Failure) [PSYoungGen: 72032K->1357K(72192K)] 458439K->387764K(628736K), 0.0015685 secs] [Times: user=0.00 sys=0.00, real=0.00 secs] 
2176.983: [GC (Allocation Failure) [PSYoungGen: 72013K->1408K(72192K)] 458420K->387823K(628736K), 0.0030634 secs] [Times: user=0.01 sys=0.00, real=0.00 secs] 
2178.350: [GC (Allocation Failure) [PSYoungGen: 72064K->1408K(72192K)] 458479K->387823K(628736K), 0.0052642 secs] [Times: user=0.02 sys=0.00, real=0.00 secs] 
2179.389: [GC (Allocation Failure) [PSYoungGen: 72064K->1440K(72192K)] 458479K->387863K(628736K), 0.0073119 secs] [Times: user=0.03 sys=0.00, real=0.01 secs] 
2180.073: [GC (Allocation Failure) [PSYoungGen: 72096K->1376K(72192K)] 458519K->387799K(628736K), 0.0023829 secs] [Times: user=0.01 sys=0.00, real=0.00 secs] 
2181.395: [GC (Allocation Failure) [PSYoungGen: 72032K->1344K(72192K)] 458455K->387767K(628736K), 0.0036176 secs] [Times: user=0.01 sys=0.00, real=0.01 secs] 
2182.412: [GC (Allocation Failure) [PSYoungGen: 72000K->1376K(72192K)] 458423K->387807K(628736K), 0.0042364 secs] [Times: user=0.01 sys=0.00, real=0.00 secs] 
2183.403: [GC (Allocation Failure) [PSYoungGen: 72032K->1376K(72192K)] 458463K->387807K(628736K), 0.0050687 secs] [Times: user=0.02 sys=0.00, real=0.01 secs] 
2184.484: [GC (Allocation Failure) [PSYoungGen: 72032K->1360K(72192K)] 458463K->387791K(628736K), 0.0044731 secs] [Times: user=0.02 sys=0.00, real=0.01 secs] 
2185.607: [GC (Allocation Failure) [PSYoungGen: 72016K->1408K(72192K)] 458447K->387839K(628736K), 0.0034316 secs] [Times: user=0.01 sys=0.00, real=0.00 secs] 
2186.257: [GC (Allocation Failure) [PSYoungGen: 72064K->1376K(72192K)] 458495K->387807K(628736K), 0.0020160 secs] [Times: user=0.01 sys=0.00, real=0.00 secs] 
2186.835: [GC (Allocation Failure) [PSYoungGen: 72032K->1392K(72192K)] 458463K->387823K(628736K), 0.0020952 secs] [Times: user=0.01 sys=0.00, real=0.01 secs] 
2187.347: [GC (Allocation Failure) [PSYoungGen: 72048K->1376K(72192K)] 458479K->387807K(628736K), 0.0030582 secs] [Times: user=0.01 sys=0.01, real=0.00 secs] 
2188.220: [GC (Allocation Failure) [PSYoungGen: 72032K->1408K(72192K)] 458463K->387839K(628736K), 0.0016684 secs] [Times: user=0.01 sys=0.00, real=0.00 secs] 
2188.922: [GC (Allocation Failure) [PSYoungGen: 72064K->1376K(72192K)] 458495K->387807K(628736K), 0.0018952 secs] [Times: user=0.01 sys=0.00, real=0.00 secs] 
2189.479: [GC (Allocation Failure) [PSYoungGen: 72032K->1344K(72192K)] 458463K->387791K(628736K), 0.0018183 secs] [Times: user=0.01 sys=0.00, real=0.00 secs] 
2189.935: [GC (Allocation Failure) [PSYoungGen: 72000K->1376K(72192K)] 458447K->387823K(628736K), 0.0021028 secs] [Times: user=0.01 sys=0.00, real=0.01 secs] 
2190.601: [GC (Allocation Failure) [PSYoungGen: 72032K->1405K(72192K)] 458479K->387852K(628736K), 0.0016622 secs] [Times: user=0.01 sys=0.00, real=0.00 secs] 
2191.248: [GC (Allocation Failure) [PSYoungGen: 72061K->1408K(72192K)] 458508K->387855K(628736K), 0.0018815 secs] [Times: user=0.00 sys=0.00, real=0.00 secs] 
2191.861: [GC (Allocation Failure) [PSYoungGen: 72064K->1376K(72192K)] 458511K->387823K(628736K), 0.0018451 secs] [Times: user=0.01 sys=0.00, real=0.00 secs] 
2192.299: [GC (Allocation Failure) [PSYoungGen: 72032K->1408K(72192K)] 458479K->387855K(628736K), 0.0029594 secs] [Times: user=0.01 sys=0.00, real=0.00 secs] 
2192.794: [GC (Allocation Failure) [PSYoungGen: 72064K->1344K(72192K)] 458511K->387791K(628736K), 0.0020032 secs] [Times: user=0.00 sys=0.00, real=0.00 secs] 
2194.110: [GC (Allocation Failure) [PSYoungGen: 72000K->1440K(72192K)] 458447K->387887K(628736K), 0.0032196 secs] [Times: user=0.02 sys=0.00, real=0.00 secs] 
2195.162: [GC (Allocation Failure) [PSYoungGen: 72096K->1392K(72192K)] 458543K->387839K(628736K), 0.0037770 secs] [Times: user=0.02 sys=0.00, real=0.00 secs] 
2196.240: [GC (Allocation Failure) [PSYoungGen: 72048K->1328K(72192K)] 458495K->387783K(628736K), 0.0045826 secs] [Times: user=0.02 sys=0.00, real=0.00 secs] 
2197.034: [GC (Allocation Failure) [PSYoungGen: 71984K->1408K(72192K)] 458439K->387863K(628736K), 0.0036606 secs] [Times: user=0.02 sys=0.00, real=0.01 secs] 
2198.466: [GC (Allocation Failure) [PSYoungGen: 72064K->1440K(72192K)] 458519K->387895K(628736K), 0.0036582 secs] [Times: user=0.01 sys=0.00, real=0.01 secs] 
2199.079: [GC (Allocation Failure) [PSYoungGen: 72096K->1376K(72192K)] 458551K->387831K(628736K), 0.0023207 secs] [Times: user=0.01 sys=0.00, real=0.00 secs] 
2199.681: [GC (Allocation Failure) [PSYoungGen: 72032K->1376K(72192K)] 458487K->387831K(628736K), 0.0024913 secs] [Times: user=0.01 sys=0.00, real=0.00 secs] 
2200.283: [GC (Allocation Failure) [PSYoungGen: 72032K->1408K(72192K)] 458487K->387863K(628736K), 0.0024010 secs] [Times: user=0.01 sys=0.00, real=0.00 secs] 
2201.278: [GC (Allocation Failure) [PSYoungGen: 72064K->1408K(72192K)] 458519K->387863K(628736K), 0.0019373 secs] [Times: user=0.01 sys=0.00, real=0.00 secs] 
2201.611: [GC (Allocation Failure) [PSYoungGen: 72064K->1344K(72192K)] 458519K->387799K(628736K), 0.0019128 secs] [Times: user=0.01 sys=0.00, real=0.00 secs] 
2201.905: [GC (Allocation Failure) [PSYoungGen: 72000K->1376K(72192K)] 458455K->387831K(628736K), 0.0019705 secs] [Times: user=0.01 sys=0.00, real=0.01 secs] 
2202.460: [GC (Allocation Failure) [PSYoungGen: 72032K->1344K(72192K)] 458487K->387799K(628736K), 0.0037482 secs] [Times: user=0.02 sys=0.00, real=0.00 secs] 
2203.558: [GC (Allocation Failure) [PSYoungGen: 72000K->1408K(72192K)] 458455K->388887K(628736K), 0.0017038 secs] [Times: user=0.01 sys=0.00, real=0.00 secs] 
2204.068: [GC (Allocation Failure) [PSYoungGen: 72064K->1376K(72192K)] 459543K->388855K(628736K), 0.0020999 secs] [Times: user=0.01 sys=0.00, real=0.00 secs] 
2204.362: [GC (Allocation Failure) [PSYoungGen: 72032K->1376K(72192K)] 459511K->388855K(628736K), 0.0029048 secs] [Times: user=0.02 sys=0.00, real=0.00 secs] 
2204.660: [GC (Allocation Failure) [PSYoungGen: 72032K->1376K(72192K)] 459511K->388855K(628736K), 0.0028426 secs] [Times: user=0.01 sys=0.00, real=0.00 secs] 
2205.220: [GC (Allocation Failure) [PSYoungGen: 72032K->1373K(72192K)] 459511K->388860K(628736K), 0.0016359 secs] [Times: user=0.01 sys=0.00, real=0.00 secs] 
2205.754: [GC (Allocation Failure) [PSYoungGen: 72029K->1408K(72192K)] 459516K->388895K(628736K), 0.0021503 secs] [Times: user=0.00 sys=0.00, real=0.00 secs] 
2206.048: [GC (Allocation Failure) [PSYoungGen: 72064K->1376K(72192K)] 459551K->388863K(628736K), 0.0021793 secs] [Times: user=0.00 sys=0.00, real=0.00 secs] 
2206.342: [GC (Allocation Failure) [PSYoungGen: 72032K->1376K(72192K)] 459519K->388863K(628736K), 0.0019296 secs] [Times: user=0.01 sys=0.00, real=0.00 secs] 
2206.636: [GC (Allocation Failure) [PSYoungGen: 72032K->1408K(72192K)] 459519K->388895K(628736K), 0.0025910 secs] [Times: user=0.01 sys=0.00, real=0.01 secs] 
2208.106: [GC (Allocation Failure) [PSYoungGen: 72064K->1408K(72192K)] 459551K->388895K(628736K), 0.0026197 secs] [Times: user=0.01 sys=0.00, real=0.01 secs] 
2208.482: [GC (Allocation Failure) [PSYoungGen: 72064K->1376K(72192K)] 459551K->388863K(628736K), 0.0019430 secs] [Times: user=0.01 sys=0.00, real=0.00 secs] 
2209.130: [GC (Allocation Failure) [PSYoungGen: 72032K->1376K(72192K)] 459519K->388863K(628736K), 0.0022299 secs] [Times: user=0.01 sys=0.00, real=0.00 secs] 
2209.840: [GC (Allocation Failure) [PSYoungGen: 72032K->1344K(72192K)] 459519K->388831K(628736K), 0.0027806 secs] [Times: user=0.01 sys=0.01, real=0.00 secs] 
2210.950: [GC (Allocation Failure) [PSYoungGen: 72000K->1344K(72192K)] 459487K->388831K(628736K), 0.0018610 secs] [Times: user=0.01 sys=0.00, real=0.00 secs] 
2211.515: [GC (Allocation Failure) [PSYoungGen: 72000K->1376K(72192K)] 459487K->388863K(628736K), 0.0019494 secs] [Times: user=0.01 sys=0.00, real=0.01 secs] 
2211.810: [GC (Allocation Failure) [PSYoungGen: 72032K->1376K(72192K)] 459519K->388863K(628736K), 0.0020289 secs] [Times: user=0.01 sys=0.00, real=0.00 secs] 
2212.142: [GC (Allocation Failure) [PSYoungGen: 72032K->1376K(72192K)] 459519K->388863K(628736K), 0.0020631 secs] [Times: user=0.01 sys=0.00, real=0.00 secs] 
2213.427: [GC (Allocation Failure) [PSYoungGen: 72032K->1440K(72192K)] 459519K->388927K(628736K), 0.0048999 secs] [Times: user=0.02 sys=0.00, real=0.00 secs] 
2213.728: [GC (Allocation Failure) [PSYoungGen: 72096K->1376K(72192K)] 459583K->388863K(628736K), 0.0020624 secs] [Times: user=0.01 sys=0.00, real=0.00 secs] 
2214.187: [GC (Allocation Failure) [PSYoungGen: 72032K->1408K(72192K)] 459519K->388911K(628736K), 0.0021577 secs] [Times: user=0.01 sys=0.00, real=0.00 secs] 
2214.827: [GC (Allocation Failure) [PSYoungGen: 72064K->1376K(72192K)] 459567K->388879K(628736K), 0.0031984 secs] [Times: user=0.01 sys=0.00, real=0.00 secs] 
2215.969: [GC (Allocation Failure) [PSYoungGen: 72032K->1504K(72192K)] 459535K->389007K(628736K), 0.0020252 secs] [Times: user=0.01 sys=0.00, real=0.00 secs] 
2216.893: [GC (Allocation Failure) [PSYoungGen: 72160K->1344K(72192K)] 459663K->388847K(628736K), 0.0052147 secs] [Times: user=0.02 sys=0.00, real=0.01 secs] 
2217.927: [GC (Allocation Failure) [PSYoungGen: 72000K->1360K(72192K)] 459503K->388863K(628736K), 0.0048642 secs] [Times: user=0.02 sys=0.01, real=0.00 secs] 
2218.950: [GC (Allocation Failure) [PSYoungGen: 72016K->1376K(72192K)] 459519K->388879K(628736K), 0.0055144 secs] [Times: user=0.03 sys=0.00, real=0.00 secs] 
2220.003: [GC (Allocation Failure) [PSYoungGen: 72032K->1328K(72192K)] 459535K->388831K(628736K), 0.0018231 secs] [Times: user=0.01 sys=0.00, real=0.00 secs] 
2220.990: [GC (Allocation Failure) [PSYoungGen: 71984K->1376K(72192K)] 459487K->388879K(628736K), 0.0021710 secs] [Times: user=0.01 sys=0.00, real=0.00 secs] 
2221.598: [GC (Allocation Failure) [PSYoungGen: 72032K->1344K(72192K)] 459535K->388847K(628736K), 0.0022398 secs] [Times: user=0.01 sys=0.00, real=0.00 secs] 
2222.188: [GC (Allocation Failure) [PSYoungGen: 72000K->1344K(72192K)] 459503K->388847K(628736K), 0.0023397 secs] [Times: user=0.01 sys=0.00, real=0.00 secs] 
2222.758: [GC (Allocation Failure) [PSYoungGen: 72000K->1360K(72192K)] 459503K->388863K(628736K), 0.0023057 secs] [Times: user=0.01 sys=0.00, real=0.00 secs] 
2223.872: [GC (Allocation Failure) [PSYoungGen: 72016K->1424K(72192K)] 459519K->388927K(628736K), 0.0021683 secs] [Times: user=0.00 sys=0.00, real=0.00 secs] 
2224.683: [GC (Allocation Failure) [PSYoungGen: 72080K->1328K(72192K)] 459583K->388831K(628736K), 0.0021727 secs] [Times: user=0.01 sys=0.00, real=0.00 secs] 
2225.489: [GC (Allocation Failure) [PSYoungGen: 71984K->1328K(72192K)] 459487K->388831K(628736K), 0.0021466 secs] [Times: user=0.01 sys=0.00, real=0.00 secs] 
2226.555: [GC (Allocation Failure) [PSYoungGen: 71984K->1392K(72192K)] 459487K->388895K(628736K), 0.0020631 secs] [Times: user=0.01 sys=0.00, real=0.01 secs] 
2227.206: [GC (Allocation Failure) [PSYoungGen: 72048K->1344K(72192K)] 459551K->388847K(628736K), 0.0044752 secs] [Times: user=0.02 sys=0.00, real=0.01 secs] 
2227.840: [GC (Allocation Failure) [PSYoungGen: 72000K->1376K(72192K)] 459503K->388879K(628736K), 0.0030211 secs] [Times: user=0.01 sys=0.00, real=0.00 secs] 
2228.167: [GC (Allocation Failure) [PSYoungGen: 72032K->1344K(72192K)] 459535K->388863K(628736K), 0.0021588 secs] [Times: user=0.01 sys=0.00, real=0.00 secs] 
2229.867: [GC (Allocation Failure) [PSYoungGen: 72000K->1376K(72192K)] 459519K->388895K(628736K), 0.0030130 secs] [Times: user=0.01 sys=0.00, real=0.00 secs] 
2230.615: [GC (Allocation Failure) [PSYoungGen: 72032K->1344K(72192K)] 459551K->388863K(628736K), 0.0030584 secs] [Times: user=0.01 sys=0.00, real=0.01 secs] 
2231.443: [GC (Allocation Failure) [PSYoungGen: 72000K->1296K(72192K)] 459519K->388815K(628736K), 0.0049671 secs] [Times: user=0.02 sys=0.00, real=0.01 secs] 
2232.167: [GC (Allocation Failure) [PSYoungGen: 71952K->1376K(72192K)] 459471K->388895K(628736K), 0.0036751 secs] [Times: user=0.02 sys=0.00, real=0.00 secs] 
2233.526: [GC (Allocation Failure) [PSYoungGen: 72032K->1408K(72192K)] 459551K->388927K(628736K), 0.0026661 secs] [Times: user=0.01 sys=0.00, real=0.01 secs] 
2234.486: [GC (Allocation Failure) [PSYoungGen: 72064K->1376K(72192K)] 459583K->388895K(628736K), 0.0055978 secs] [Times: user=0.02 sys=0.00, real=0.01 secs] 
2235.320: [GC (Allocation Failure) [PSYoungGen: 72032K->1408K(72192K)] 459551K->388927K(628736K), 0.0032959 secs] [Times: user=0.01 sys=0.00, real=0.00 secs] 
2236.325: [GC (Allocation Failure) [PSYoungGen: 72064K->1376K(72192K)] 459583K->388895K(628736K), 0.0057038 secs] [Times: user=0.03 sys=0.00, real=0.01 secs] 
2237.532: [GC (Allocation Failure) [PSYoungGen: 72032K->896K(72192K)] 459551K->389439K(628736K), 0.0018097 secs] [Times: user=0.00 sys=0.00, real=0.00 secs] 
2237.901: [GC (Allocation Failure) [PSYoungGen: 71552K->352K(72192K)] 460095K->388895K(628736K), 0.0018805 secs] [Times: user=0.00 sys=0.00, real=0.00 secs] 
2238.202: [GC (Allocation Failure) [PSYoungGen: 71008K->352K(72704K)] 459551K->388903K(629248K), 0.0019431 secs] [Times: user=0.01 sys=0.00, real=0.00 secs] 
2238.553: [GC (Allocation Failure) [PSYoungGen: 71008K->320K(72704K)] 459559K->388871K(629248K), 0.0059869 secs] [Times: user=0.02 sys=0.00, real=0.01 secs] 
2239.149: [GC (Allocation Failure) [PSYoungGen: 70976K->1373K(72192K)] 459527K->389924K(628736K), 0.0016497 secs] [Times: user=0.01 sys=0.00, real=0.00 secs] 
2240.008: [GC (Allocation Failure) [PSYoungGen: 72029K->1440K(72192K)] 460580K->389991K(628736K), 0.0023677 secs] [Times: user=0.01 sys=0.00, real=0.00 secs] 
2240.699: [GC (Allocation Failure) [PSYoungGen: 72096K->1376K(72192K)] 460647K->389927K(628736K), 0.0023269 secs] [Times: user=0.01 sys=0.00, real=0.00 secs] 
2241.709: [GC (Allocation Failure) [PSYoungGen: 72032K->1376K(72192K)] 460583K->389927K(628736K), 0.0034666 secs] [Times: user=0.01 sys=0.00, real=0.00 secs] 
2242.746: [GC (Allocation Failure) [PSYoungGen: 72032K->1408K(72192K)] 460583K->389959K(628736K), 0.0027605 secs] [Times: user=0.01 sys=0.00, real=0.01 secs] 
2244.581: [GC (Allocation Failure) [PSYoungGen: 72064K->1408K(72192K)] 460615K->389959K(628736K), 0.0038659 secs] [Times: user=0.01 sys=0.00, real=0.00 secs] 
2245.415: [GC (Allocation Failure) [PSYoungGen: 72064K->1376K(72192K)] 460615K->389927K(628736K), 0.0036748 secs] [Times: user=0.01 sys=0.00, real=0.01 secs] 
2245.882: [GC (Allocation Failure) [PSYoungGen: 72032K->1344K(72192K)] 460583K->389895K(628736K), 0.0021502 secs] [Times: user=0.01 sys=0.00, real=0.00 secs] 
2246.494: [GC (Allocation Failure) [PSYoungGen: 72000K->1376K(72192K)] 460551K->389927K(628736K), 0.0023622 secs] [Times: user=0.01 sys=0.00, real=0.00 secs] 
2247.619: [GC (Allocation Failure) [PSYoungGen: 72032K->1408K(72192K)] 460583K->389975K(628736K), 0.0020740 secs] [Times: user=0.01 sys=0.00, real=0.00 secs] 
2248.528: [GC (Allocation Failure) [PSYoungGen: 72064K->1424K(72192K)] 460631K->389991K(628736K), 0.0046460 secs] [Times: user=0.02 sys=0.00, real=0.00 secs] 
2249.278: [GC (Allocation Failure) [PSYoungGen: 72080K->1360K(72192K)] 460647K->389927K(628736K), 0.0036980 secs] [Times: user=0.01 sys=0.00, real=0.00 secs] 
2249.714: [GC (Allocation Failure) [PSYoungGen: 72016K->1392K(72192K)] 460583K->389959K(628736K), 0.0020530 secs] [Times: user=0.01 sys=0.00, real=0.00 secs] 
2250.498: [GC (Allocation Failure) [PSYoungGen: 72048K->1424K(72192K)] 460615K->389991K(628736K), 0.0018971 secs] [Times: user=0.01 sys=0.00, real=0.00 secs] 
2250.810: [GC (Allocation Failure) [PSYoungGen: 72080K->1360K(72192K)] 460647K->389927K(628736K), 0.0018326 secs] [Times: user=0.00 sys=0.00, real=0.00 secs] 
2251.116: [GC (Allocation Failure) [PSYoungGen: 72016K->1312K(72192K)] 460583K->389879K(628736K), 0.0018976 secs] [Times: user=0.01 sys=0.00, real=0.01 secs] 
2251.464: [GC (Allocation Failure) [PSYoungGen: 71968K->1408K(72192K)] 460535K->389975K(628736K), 0.0018336 secs] [Times: user=0.01 sys=0.00, real=0.00 secs] 
2252.300: [GC (Allocation Failure) [PSYoungGen: 72064K->160K(72704K)] 460631K->388727K(629248K), 0.0014774 secs] [Times: user=0.00 sys=0.00, real=0.00 secs] 
2252.680: [GC (Allocation Failure) [PSYoungGen: 70816K->1344K(72704K)] 459383K->389911K(629248K), 0.0020077 secs] [Times: user=0.01 sys=0.01, real=0.00 secs] 
2252.976: [GC (Allocation Failure) [PSYoungGen: 72000K->1408K(72704K)] 460567K->389975K(629248K), 0.0020098 secs] [Times: user=0.01 sys=0.00, real=0.00 secs] 
2253.361: [GC (Allocation Failure) [PSYoungGen: 72064K->1344K(72704K)] 460631K->389911K(629248K), 0.0022724 secs] [Times: user=0.01 sys=0.00, real=0.00 secs] 
2253.942: [GC (Allocation Failure) [PSYoungGen: 72000K->1389K(72704K)] 460567K->389980K(629248K), 0.0018662 secs] [Times: user=0.01 sys=0.00, real=0.00 secs] 
2254.719: [GC (Allocation Failure) [PSYoungGen: 72045K->1376K(72704K)] 460636K->389967K(629248K), 0.0018276 secs] [Times: user=0.01 sys=0.00, real=0.00 secs] 
2255.012: [GC (Allocation Failure) [PSYoungGen: 72032K->1408K(72704K)] 460623K->389999K(629248K), 0.0017719 secs] [Times: user=0.01 sys=0.00, real=0.00 secs] 
2255.377: [GC (Allocation Failure) [PSYoungGen: 72064K->1376K(72704K)] 460655K->389991K(629248K), 0.0018891 secs] [Times: user=0.00 sys=0.00, real=0.00 secs] 
2255.671: [GC (Allocation Failure) [PSYoungGen: 72032K->1344K(72704K)] 460647K->389959K(629248K), 0.0020558 secs] [Times: user=0.01 sys=0.00, real=0.00 secs] 
2256.948: [GC (Allocation Failure) [PSYoungGen: 72000K->1376K(72704K)] 460615K->389991K(629248K), 0.0028046 secs] [Times: user=0.02 sys=0.00, real=0.00 secs] 
2257.852: [GC (Allocation Failure) [PSYoungGen: 72032K->1344K(72704K)] 460647K->389959K(629248K), 0.0030506 secs] [Times: user=0.01 sys=0.00, real=0.00 secs] 
2258.493: [GC (Allocation Failure) [PSYoungGen: 72000K->1376K(72704K)] 460615K->389991K(629248K), 0.0024099 secs] [Times: user=0.01 sys=0.00, real=0.00 secs] 
2259.084: [GC (Allocation Failure) [PSYoungGen: 72032K->1376K(72704K)] 460647K->389991K(629248K), 0.0023217 secs] [Times: user=0.01 sys=0.00, real=0.01 secs] 
2260.375: [GC (Allocation Failure) [PSYoungGen: 72032K->1408K(72704K)] 460647K->390023K(629248K), 0.0018234 secs] [Times: user=0.00 sys=0.00, real=0.01 secs] 
2261.057: [GC (Allocation Failure) [PSYoungGen: 72064K->1376K(72704K)] 460679K->389991K(629248K), 0.0028621 secs] [Times: user=0.01 sys=0.00, real=0.00 secs] 
2261.635: [GC (Allocation Failure) [PSYoungGen: 72032K->1408K(72704K)] 460647K->390023K(629248K), 0.0025469 secs] [Times: user=0.01 sys=0.00, real=0.01 secs] 
2262.224: [GC (Allocation Failure) [PSYoungGen: 72064K->1408K(72704K)] 460679K->390031K(629248K), 0.0032207 secs] [Times: user=0.02 sys=0.00, real=0.01 secs] 
2263.271: [GC (Allocation Failure) [PSYoungGen: 72064K->1952K(72704K)] 460687K->390575K(629248K), 0.0017233 secs] [Times: user=0.01 sys=0.00, real=0.00 secs] 
2263.606: [GC (Allocation Failure) [PSYoungGen: 72608K->1392K(72704K)] 461231K->390015K(629248K), 0.0017546 secs] [Times: user=0.01 sys=0.00, real=0.01 secs] 
2264.166: [GC (Allocation Failure) [PSYoungGen: 72048K->1344K(72704K)] 460671K->389967K(629248K), 0.0021846 secs] [Times: user=0.01 sys=0.00, real=0.01 secs] 
2264.744: [GC (Allocation Failure) [PSYoungGen: 72000K->1344K(72704K)] 460623K->389967K(629248K), 0.0023691 secs] [Times: user=0.01 sys=0.00, real=0.01 secs] 
2265.690: [GC (Allocation Failure) [PSYoungGen: 72000K->1373K(72704K)] 460623K->389996K(629248K), 0.0015817 secs] [Times: user=0.01 sys=0.00, real=0.00 secs] 
2266.139: [GC (Allocation Failure) [PSYoungGen: 72029K->1408K(72704K)] 460652K->390039K(629248K), 0.0016639 secs] [Times: user=0.00 sys=0.00, real=0.00 secs] 
2266.436: [GC (Allocation Failure) [PSYoungGen: 72064K->1376K(72704K)] 460695K->390007K(629248K), 0.0017340 secs] [Times: user=0.01 sys=0.00, real=0.01 secs] 
2266.729: [GC (Allocation Failure) [PSYoungGen: 72032K->1376K(72704K)] 460663K->390007K(629248K), 0.0015742 secs] [Times: user=0.00 sys=0.00, real=0.00 secs] 
2267.238: [GC (Allocation Failure) [PSYoungGen: 72032K->1408K(72704K)] 460663K->390039K(629248K), 0.0045769 secs] [Times: user=0.02 sys=0.00, real=0.00 secs] 
2268.316: [GC (Allocation Failure) [PSYoungGen: 72064K->1408K(72704K)] 460695K->390039K(629248K), 0.0018414 secs] [Times: user=0.00 sys=0.00, real=0.01 secs] 
2268.725: [GC (Allocation Failure) [PSYoungGen: 72064K->1376K(72704K)] 460695K->390007K(629248K), 0.0019419 secs] [Times: user=0.01 sys=0.01, real=0.01 secs] 
2269.018: [GC (Allocation Failure) [PSYoungGen: 72032K->1376K(72704K)] 460663K->390015K(629248K), 0.0018683 secs] [Times: user=0.01 sys=0.00, real=0.00 secs] 
2269.565: [GC (Allocation Failure) [PSYoungGen: 72032K->1376K(72704K)] 460671K->390015K(629248K), 0.0027799 secs] [Times: user=0.01 sys=0.00, real=0.01 secs] 
2270.974: [GC (Allocation Failure) [PSYoungGen: 72032K->1408K(72704K)] 460671K->390047K(629248K), 0.0036844 secs] [Times: user=0.01 sys=0.00, real=0.01 secs] 
2271.848: [GC (Allocation Failure) [PSYoungGen: 72064K->1376K(72192K)] 460703K->390015K(628736K), 0.0029342 secs] [Times: user=0.01 sys=0.00, real=0.00 secs] 
2272.740: [GC (Allocation Failure) [PSYoungGen: 72032K->1376K(72192K)] 460671K->390015K(628736K), 0.0031426 secs] [Times: user=0.01 sys=0.00, real=0.00 secs] 
2273.637: [GC (Allocation Failure) [PSYoungGen: 72032K->320K(71680K)] 460671K->389983K(628224K), 0.0051663 secs] [Times: user=0.02 sys=0.00, real=0.00 secs] 
2274.724: [GC (Allocation Failure) [PSYoungGen: 70976K->1376K(72704K)] 460639K->391039K(629248K), 0.0018416 secs] [Times: user=0.01 sys=0.00, real=0.00 secs] 
2275.361: [GC (Allocation Failure) [PSYoungGen: 72032K->1376K(72704K)] 461695K->391039K(629248K), 0.0020692 secs] [Times: user=0.01 sys=0.00, real=0.00 secs] 
2276.002: [GC (Allocation Failure) [PSYoungGen: 72032K->1376K(72704K)] 461695K->391047K(629248K), 0.0025299 secs] [Times: user=0.01 sys=0.00, real=0.00 secs] 
2276.692: [GC (Allocation Failure) [PSYoungGen: 72032K->1360K(72704K)] 461703K->391031K(629248K), 0.0030209 secs] [Times: user=0.01 sys=0.00, real=0.00 secs] 
2277.741: [GC (Allocation Failure) [PSYoungGen: 72016K->1600K(72704K)] 461687K->391271K(629248K), 0.0019870 secs] [Times: user=0.01 sys=0.00, real=0.00 secs] 
2279.271: [GC (Allocation Failure) [PSYoungGen: 72256K->1376K(72704K)] 461927K->391047K(629248K), 0.0046432 secs] [Times: user=0.02 sys=0.00, real=0.00 secs] 
2280.034: [GC (Allocation Failure) [PSYoungGen: 72032K->1408K(72704K)] 461703K->391079K(629248K), 0.0041577 secs] [Times: user=0.02 sys=0.00, real=0.01 secs] 
2280.741: [GC (Allocation Failure) [PSYoungGen: 72064K->1424K(72704K)] 461735K->391095K(629248K), 0.0036445 secs] [Times: user=0.02 sys=0.00, real=0.00 secs] 
2281.774: [GC (Allocation Failure) [PSYoungGen: 72080K->1424K(72704K)] 461751K->391095K(629248K), 0.0020680 secs] [Times: user=0.01 sys=0.00, real=0.00 secs] 
2282.867: [GC (Allocation Failure) [PSYoungGen: 72080K->1408K(72704K)] 461751K->391079K(629248K), 0.0024207 secs] [Times: user=0.01 sys=0.00, real=0.00 secs] 
2283.377: [GC (Allocation Failure) [PSYoungGen: 72064K->1376K(72704K)] 461735K->391047K(629248K), 0.0028378 secs] [Times: user=0.02 sys=0.00, real=0.00 secs] 
2283.890: [GC (Allocation Failure) [PSYoungGen: 72032K->1376K(72704K)] 461703K->391047K(629248K), 0.0041752 secs] [Times: user=0.02 sys=0.00, real=0.00 secs] 
2284.427: [GC (Allocation Failure) [PSYoungGen: 72032K->1376K(72704K)] 461703K->391047K(629248K), 0.0030136 secs] [Times: user=0.01 sys=0.00, real=0.00 secs] 
2285.544: [GC (Allocation Failure) [PSYoungGen: 72032K->1376K(72704K)] 461703K->391047K(629248K), 0.0019229 secs] [Times: user=0.01 sys=0.00, real=0.00 secs] 
2286.093: [GC (Allocation Failure) [PSYoungGen: 72032K->1408K(72704K)] 461703K->391079K(629248K), 0.0019857 secs] [Times: user=0.01 sys=0.00, real=0.00 secs] 
2286.689: [GC (Allocation Failure) [PSYoungGen: 72064K->1376K(72704K)] 461735K->391047K(629248K), 0.0019610 secs] [Times: user=0.01 sys=0.00, real=0.00 secs] 
2287.431: [GC (Allocation Failure) [PSYoungGen: 72032K->1408K(72704K)] 461703K->391087K(629248K), 0.0030319 secs] [Times: user=0.02 sys=0.00, real=0.00 secs] 
2288.491: [GC (Allocation Failure) [PSYoungGen: 72064K->1408K(72192K)] 461743K->391087K(628736K), 0.0018888 secs] [Times: user=0.01 sys=0.00, real=0.00 secs] 
2288.784: [GC (Allocation Failure) [PSYoungGen: 72064K->1376K(72192K)] 461743K->391055K(628736K), 0.0019167 secs] [Times: user=0.01 sys=0.00, real=0.01 secs] 
2289.078: [GC (Allocation Failure) [PSYoungGen: 72032K->384K(71680K)] 461711K->391087K(628224K), 0.0018046 secs] [Times: user=0.01 sys=0.00, real=0.00 secs] 
2289.372: [GC (Allocation Failure) [PSYoungGen: 71040K->320K(72704K)] 461743K->391023K(629248K), 0.0023573 secs] [Times: user=0.01 sys=0.00, real=0.00 secs] 
2290.127: [GC (Allocation Failure) [PSYoungGen: 70976K->1408K(72704K)] 461679K->392111K(629248K), 0.0016890 secs] [Times: user=0.01 sys=0.00, real=0.00 secs] 
2290.420: [GC (Allocation Failure) [PSYoungGen: 72064K->1360K(72704K)] 462767K->392063K(629248K), 0.0016560 secs] [Times: user=0.00 sys=0.00, real=0.00 secs] 
2290.713: [GC (Allocation Failure) [PSYoungGen: 72016K->1344K(72704K)] 462719K->392047K(629248K), 0.0016754 secs] [Times: user=0.01 sys=0.00, real=0.00 secs] 
2291.007: [GC (Allocation Failure) [PSYoungGen: 72000K->1392K(72704K)] 462703K->392095K(629248K), 0.0017473 secs] [Times: user=0.00 sys=0.00, real=0.00 secs] 
2291.760: [GC (Allocation Failure) [PSYoungGen: 72048K->1373K(72704K)] 462751K->392076K(629248K), 0.0016951 secs] [Times: user=0.01 sys=0.00, real=0.00 secs] 
2293.165: [GC (Allocation Failure) [PSYoungGen: 72029K->1440K(72704K)] 462732K->392143K(629248K), 0.0037792 secs] [Times: user=0.02 sys=0.00, real=0.01 secs] 
2293.737: [GC (Allocation Failure) [PSYoungGen: 72096K->1408K(72704K)] 462799K->392111K(629248K), 0.0031346 secs] [Times: user=0.01 sys=0.00, real=0.00 secs] 
2294.295: [GC (Allocation Failure) [PSYoungGen: 72064K->1344K(72704K)] 462767K->392055K(629248K), 0.0041165 secs] [Times: user=0.02 sys=0.00, real=0.01 secs] 
2294.869: [GC (Allocation Failure) [PSYoungGen: 72000K->1312K(72704K)] 462711K->392023K(629248K), 0.0036223 secs] [Times: user=0.01 sys=0.00, real=0.00 secs] 
2295.765: [GC (Allocation Failure) [PSYoungGen: 71968K->1344K(72704K)] 462679K->392055K(629248K), 0.0019639 secs] [Times: user=0.01 sys=0.00, real=0.01 secs] 
2296.060: [GC (Allocation Failure) [PSYoungGen: 72000K->1392K(72704K)] 462711K->392103K(629248K), 0.0019064 secs] [Times: user=0.01 sys=0.00, real=0.00 secs] 
2296.354: [GC (Allocation Failure) [PSYoungGen: 72048K->1376K(72704K)] 462759K->392095K(629248K), 0.0028198 secs] [Times: user=0.02 sys=0.00, real=0.01 secs] 
2296.830: [GC (Allocation Failure) [PSYoungGen: 72032K->1376K(72704K)] 462751K->392103K(629248K), 0.0038390 secs] [Times: user=0.02 sys=0.00, real=0.00 secs] 
2297.965: [GC (Allocation Failure) [PSYoungGen: 72032K->1376K(72704K)] 462759K->392103K(629248K), 0.0021970 secs] [Times: user=0.00 sys=0.00, real=0.01 secs] 
2298.420: [GC (Allocation Failure) [PSYoungGen: 72032K->1376K(72704K)] 462759K->392111K(629248K), 0.0030900 secs] [Times: user=0.02 sys=0.00, real=0.00 secs] 
2298.736: [GC (Allocation Failure) [PSYoungGen: 72032K->1392K(72704K)] 462767K->392127K(629248K), 0.0021330 secs] [Times: user=0.01 sys=0.00, real=0.01 secs] 
2299.122: [GC (Allocation Failure) [PSYoungGen: 72048K->1344K(72704K)] 462783K->392079K(629248K), 0.0021162 secs] [Times: user=0.01 sys=0.00, real=0.00 secs] 
2300.268: [GC (Allocation Failure) [PSYoungGen: 72000K->1392K(72704K)] 462735K->392127K(629248K), 0.0029047 secs] [Times: user=0.02 sys=0.00, real=0.00 secs] 
2301.097: [GC (Allocation Failure) [PSYoungGen: 72048K->1376K(72704K)] 462783K->392111K(629248K), 0.0027213 secs] [Times: user=0.01 sys=0.00, real=0.00 secs] 
2301.685: [GC (Allocation Failure) [PSYoungGen: 72032K->1408K(72704K)] 462767K->392143K(629248K), 0.0027366 secs] [Times: user=0.01 sys=0.00, real=0.01 secs] 
2302.265: [GC (Allocation Failure) [PSYoungGen: 72064K->1344K(72704K)] 462799K->392079K(629248K), 0.0027557 secs] [Times: user=0.01 sys=0.00, real=0.01 secs] 
2303.304: [GC (Allocation Failure) [PSYoungGen: 72000K->1920K(72704K)] 462735K->393167K(629248K), 0.0019287 secs] [Times: user=0.00 sys=0.00, real=0.00 secs] 
2303.851: [GC (Allocation Failure) [PSYoungGen: 72576K->1360K(72704K)] 463823K->392607K(629248K), 0.0033478 secs] [Times: user=0.01 sys=0.00, real=0.00 secs] 
2304.439: [GC (Allocation Failure) [PSYoungGen: 72016K->1440K(72704K)] 463263K->392687K(629248K), 0.0041024 secs] [Times: user=0.01 sys=0.00, real=0.00 secs] 
2305.052: [GC (Allocation Failure) [PSYoungGen: 72096K->1344K(72704K)] 463343K->392607K(629248K), 0.0058469 secs] [Times: user=0.02 sys=0.00, real=0.01 secs] 
2306.050: [GC (Allocation Failure) [PSYoungGen: 72000K->1373K(72704K)] 463263K->392636K(629248K), 0.0015571 secs] [Times: user=0.01 sys=0.00, real=0.00 secs] 
2309.346: [GC (Allocation Failure) [PSYoungGen: 72029K->1408K(72704K)] 463292K->392671K(629248K), 0.0030028 secs] [Times: user=0.01 sys=0.00, real=0.01 secs] 
2309.637: [GC (Allocation Failure) [PSYoungGen: 72064K->1344K(72704K)] 463327K->392607K(629248K), 0.0019935 secs] [Times: user=0.01 sys=0.01, real=0.00 secs] 
2309.931: [GC (Allocation Failure) [PSYoungGen: 72000K->1360K(72704K)] 463263K->392623K(629248K), 0.0020531 secs] [Times: user=0.01 sys=0.00, real=0.00 secs] 
2310.224: [GC (Allocation Failure) [PSYoungGen: 72016K->1408K(72704K)] 463279K->392671K(629248K), 0.0021295 secs] [Times: user=0.01 sys=0.00, real=0.01 secs] 
2311.083: [GC (Allocation Failure) [PSYoungGen: 72064K->1376K(72704K)] 463327K->392639K(629248K), 0.0017327 secs] [Times: user=0.01 sys=0.00, real=0.00 secs] 
2311.377: [GC (Allocation Failure) [PSYoungGen: 72032K->1344K(72704K)] 463295K->392607K(629248K), 0.0018802 secs] [Times: user=0.01 sys=0.00, real=0.00 secs] 
2311.670: [GC (Allocation Failure) [PSYoungGen: 72000K->1344K(72704K)] 463263K->392607K(629248K), 0.0017542 secs] [Times: user=0.01 sys=0.00, real=0.00 secs] 
2311.963: [GC (Allocation Failure) [PSYoungGen: 72000K->1376K(72704K)] 463263K->392639K(629248K), 0.0017747 secs] [Times: user=0.00 sys=0.00, real=0.00 secs] 
2312.864: [GC (Allocation Failure) [PSYoungGen: 72032K->1408K(72192K)] 463295K->392671K(628736K), 0.0019027 secs] [Times: user=0.01 sys=0.00, real=0.00 secs] 
2313.666: [GC (Allocation Failure) [PSYoungGen: 72064K->1408K(72192K)] 463327K->392671K(628736K), 0.0038177 secs] [Times: user=0.01 sys=0.00, real=0.00 secs] 
2314.270: [GC (Allocation Failure) [PSYoungGen: 72064K->320K(71680K)] 463327K->392607K(628224K), 0.0027969 secs] [Times: user=0.01 sys=0.00, real=0.00 secs] 
2315.076: [GC (Allocation Failure) [PSYoungGen: 70976K->320K(72704K)] 463263K->392607K(629248K), 0.0036210 secs] [Times: user=0.01 sys=0.00, real=0.01 secs] 
2316.182: [GC (Allocation Failure) [PSYoungGen: 70976K->1408K(72704K)] 463263K->393695K(629248K), 0.0021723 secs] [Times: user=0.01 sys=0.00, real=0.00 secs] 
2316.476: [GC (Allocation Failure) [PSYoungGen: 72064K->1376K(72704K)] 464351K->393663K(629248K), 0.0022416 secs] [Times: user=0.01 sys=0.00, real=0.01 secs] 
2316.770: [GC (Allocation Failure) [PSYoungGen: 72032K->1376K(72704K)] 464319K->393679K(629248K), 0.0020702 secs] [Times: user=0.01 sys=0.00, real=0.00 secs] 
2317.064: [GC (Allocation Failure) [PSYoungGen: 72032K->1376K(72704K)] 464335K->393679K(629248K), 0.0020764 secs] [Times: user=0.01 sys=0.00, real=0.01 secs] 
2317.815: [GC (Allocation Failure) [PSYoungGen: 72032K->1568K(72704K)] 464335K->393871K(629248K), 0.0017645 secs] [Times: user=0.01 sys=0.00, real=0.01 secs] 
2318.108: [GC (Allocation Failure) [PSYoungGen: 72224K->1376K(72704K)] 464527K->393679K(629248K), 0.0017389 secs] [Times: user=0.00 sys=0.01, real=0.00 secs] 
2318.544: [GC (Allocation Failure) [PSYoungGen: 72032K->1344K(72704K)] 464335K->393647K(629248K), 0.0022367 secs] [Times: user=0.00 sys=0.00, real=0.00 secs] 
2319.096: [GC (Allocation Failure) [PSYoungGen: 72000K->1408K(72704K)] 464303K->393711K(629248K), 0.0033967 secs] [Times: user=0.01 sys=0.00, real=0.01 secs] 
2319.794: [GC (Allocation Failure) [PSYoungGen: 72064K->1357K(72704K)] 464367K->393660K(629248K), 0.0015846 secs] [Times: user=0.01 sys=0.00, real=0.00 secs] 
2321.530: [GC (Allocation Failure) [PSYoungGen: 72013K->1408K(72704K)] 464316K->393711K(629248K), 0.0056543 secs] [Times: user=0.02 sys=0.00, real=0.00 secs] 
2322.453: [GC (Allocation Failure) [PSYoungGen: 72064K->1360K(72704K)] 464367K->393663K(629248K), 0.0045806 secs] [Times: user=0.02 sys=0.00, real=0.01 secs] 
2323.502: [GC (Allocation Failure) [PSYoungGen: 72016K->1392K(72704K)] 464319K->393695K(629248K), 0.0045274 secs] [Times: user=0.02 sys=0.00, real=0.01 secs] 
2324.284: [GC (Allocation Failure) [PSYoungGen: 72048K->1408K(72704K)] 464351K->393711K(629248K), 0.0046111 secs] [Times: user=0.01 sys=0.01, real=0.01 secs] 
2326.244: [GC (Allocation Failure) [PSYoungGen: 72064K->1392K(72704K)] 464367K->393695K(629248K), 0.0039999 secs] [Times: user=0.01 sys=0.00, real=0.01 secs] 
2327.072: [GC (Allocation Failure) [PSYoungGen: 72048K->1408K(72704K)] 464351K->393711K(629248K), 0.0046498 secs] [Times: user=0.02 sys=0.00, real=0.01 secs] 
2327.904: [GC (Allocation Failure) [PSYoungGen: 72064K->1408K(72704K)] 464367K->393719K(629248K), 0.0035263 secs] [Times: user=0.02 sys=0.00, real=0.01 secs] 
2328.543: [GC (Allocation Failure) [PSYoungGen: 72064K->1376K(72704K)] 464375K->393687K(629248K), 0.0030343 secs] [Times: user=0.01 sys=0.00, real=0.00 secs] 
2329.488: [GC (Allocation Failure) [PSYoungGen: 72032K->1424K(72704K)] 464343K->393735K(629248K), 0.0015987 secs] [Times: user=0.00 sys=0.00, real=0.00 secs] 
2329.817: [GC (Allocation Failure) [PSYoungGen: 72080K->1376K(72704K)] 464391K->393687K(629248K), 0.0023322 secs] [Times: user=0.01 sys=0.00, real=0.00 secs] 
2330.392: [GC (Allocation Failure) [PSYoungGen: 72032K->1376K(72704K)] 464343K->393687K(629248K), 0.0018109 secs] [Times: user=0.00 sys=0.00, real=0.00 secs] 
2330.940: [GC (Allocation Failure) [PSYoungGen: 72032K->1376K(72704K)] 464343K->393687K(629248K), 0.0021825 secs] [Times: user=0.00 sys=0.00, real=0.00 secs] 
2331.943: [GC (Allocation Failure) [PSYoungGen: 72032K->1408K(72704K)] 464343K->393719K(629248K), 0.0018443 secs] [Times: user=0.01 sys=0.00, real=0.00 secs] 
2332.718: [GC (Allocation Failure) [PSYoungGen: 72064K->1408K(72704K)] 464375K->393719K(629248K), 0.0029659 secs] [Times: user=0.01 sys=0.00, real=0.00 secs] 
2333.827: [GC (Allocation Failure) [PSYoungGen: 72064K->1408K(72704K)] 464375K->393719K(629248K), 0.0055123 secs] [Times: user=0.02 sys=0.00, real=0.00 secs] 
2334.880: [GC (Allocation Failure) [PSYoungGen: 72064K->1408K(72704K)] 464375K->393719K(629248K), 0.0054922 secs] [Times: user=0.02 sys=0.00, real=0.00 secs] 
2336.193: [GC (Allocation Failure) [PSYoungGen: 72064K->1405K(72704K)] 464375K->393716K(629248K), 0.0017160 secs] [Times: user=0.00 sys=0.00, real=0.00 secs] 
2337.022: [GC (Allocation Failure) [PSYoungGen: 72061K->1408K(72192K)] 464372K->393719K(628736K), 0.0038567 secs] [Times: user=0.02 sys=0.00, real=0.00 secs] 
2337.521: [GC (Allocation Failure) [PSYoungGen: 72064K->1344K(72192K)] 464375K->393655K(628736K), 0.0037346 secs] [Times: user=0.02 sys=0.00, real=0.00 secs] 
2338.009: [GC (Allocation Failure) [PSYoungGen: 72000K->384K(71680K)] 464311K->393727K(628224K), 0.0030164 secs] [Times: user=0.01 sys=0.00, real=0.00 secs] 
2338.503: [GC (Allocation Failure) [PSYoungGen: 71040K->352K(72704K)] 464383K->393695K(629248K), 0.0027369 secs] [Times: user=0.01 sys=0.00, real=0.00 secs] 
2339.286: [GC (Allocation Failure) [PSYoungGen: 71008K->1376K(72704K)] 464351K->394719K(629248K), 0.0018098 secs] [Times: user=0.01 sys=0.00, real=0.00 secs] 
2339.840: [GC (Allocation Failure) [PSYoungGen: 72032K->1376K(72704K)] 465375K->394719K(629248K), 0.0025866 secs] [Times: user=0.02 sys=0.00, real=0.00 secs] 
2340.334: [GC (Allocation Failure) [PSYoungGen: 72032K->1344K(72704K)] 465375K->394695K(629248K), 0.0024529 secs] [Times: user=0.01 sys=0.00, real=0.00 secs] 
2340.836: [GC (Allocation Failure) [PSYoungGen: 72000K->1408K(72704K)] 465351K->394759K(629248K), 0.0027754 secs] [Times: user=0.02 sys=0.00, real=0.01 secs] 
2341.989: [GC (Allocation Failure) [PSYoungGen: 72064K->1376K(72704K)] 465415K->394727K(629248K), 0.0020159 secs] [Times: user=0.01 sys=0.00, real=0.00 secs] 
2342.803: [GC (Allocation Failure) [PSYoungGen: 72032K->1376K(72704K)] 465383K->394727K(629248K), 0.0021989 secs] [Times: user=0.01 sys=0.00, real=0.00 secs] 
2343.458: [GC (Allocation Failure) [PSYoungGen: 72032K->1376K(72704K)] 465383K->394727K(629248K), 0.0023336 secs] [Times: user=0.01 sys=0.00, real=0.00 secs] 
2344.137: [GC (Allocation Failure) [PSYoungGen: 72032K->1376K(72704K)] 465383K->394727K(629248K), 0.0025830 secs] [Times: user=0.01 sys=0.00, real=0.00 secs] 
2345.069: [GC (Allocation Failure) [PSYoungGen: 72032K->1440K(72704K)] 465383K->394791K(629248K), 0.0019043 secs] [Times: user=0.01 sys=0.00, real=0.00 secs] 
2345.503: [GC (Allocation Failure) [PSYoungGen: 72096K->1376K(72704K)] 465447K->394727K(629248K), 0.0022399 secs] [Times: user=0.01 sys=0.00, real=0.00 secs] 
2345.927: [GC (Allocation Failure) [PSYoungGen: 72032K->1312K(72704K)] 465383K->394671K(629248K), 0.0049471 secs] [Times: user=0.03 sys=0.00, real=0.00 secs] 
2346.545: [GC (Allocation Failure) [PSYoungGen: 71968K->1408K(72704K)] 465327K->394767K(629248K), 0.0026768 secs] [Times: user=0.01 sys=0.00, real=0.01 secs] 
2347.498: [GC (Allocation Failure) [PSYoungGen: 72064K->1904K(72704K)] 465423K->395263K(629248K), 0.0018462 secs] [Times: user=0.00 sys=0.00, real=0.00 secs] 
2347.929: [GC (Allocation Failure) [PSYoungGen: 72560K->1408K(72704K)] 465919K->394767K(629248K), 0.0018651 secs] [Times: user=0.01 sys=0.00, real=0.00 secs] 
2348.364: [GC (Allocation Failure) [PSYoungGen: 72064K->1408K(72704K)] 465423K->394767K(629248K), 0.0022229 secs] [Times: user=0.01 sys=0.01, real=0.01 secs] 
2348.926: [GC (Allocation Failure) [PSYoungGen: 72064K->1312K(72704K)] 465423K->394671K(629248K), 0.0059383 secs] [Times: user=0.02 sys=0.00, real=0.01 secs] 
2350.044: [GC (Allocation Failure) [PSYoungGen: 71968K->1373K(72704K)] 465327K->394732K(629248K), 0.0015661 secs] [Times: user=0.00 sys=0.00, real=0.00 secs] 
2350.596: [GC (Allocation Failure) [PSYoungGen: 72029K->1376K(72704K)] 465388K->394735K(629248K), 0.0018634 secs] [Times: user=0.01 sys=0.00, real=0.01 secs] 
2350.889: [GC (Allocation Failure) [PSYoungGen: 72032K->1344K(72704K)] 465391K->394703K(629248K), 0.0017805 secs] [Times: user=0.01 sys=0.00, real=0.00 secs] 
2351.183: [GC (Allocation Failure) [PSYoungGen: 72000K->1408K(72704K)] 465359K->394767K(629248K), 0.0017476 secs] [Times: user=0.00 sys=0.00, real=0.00 secs] 
2351.476: [GC (Allocation Failure) [PSYoungGen: 72064K->1376K(72704K)] 465423K->394735K(629248K), 0.0017255 secs] [Times: user=0.01 sys=0.00, real=0.00 secs] 
2352.239: [GC (Allocation Failure) [PSYoungGen: 72032K->1376K(72704K)] 465391K->394735K(629248K), 0.0018246 secs] [Times: user=0.01 sys=0.00, real=0.00 secs] 
2352.693: [GC (Allocation Failure) [PSYoungGen: 72032K->1360K(72704K)] 465391K->394719K(629248K), 0.0017444 secs] [Times: user=0.01 sys=0.00, real=0.00 secs] 
2353.261: [GC (Allocation Failure) [PSYoungGen: 72016K->1408K(72704K)] 465375K->394767K(629248K), 0.0018452 secs] [Times: user=0.00 sys=0.00, real=0.00 secs] 
2353.811: [GC (Allocation Failure) [PSYoungGen: 72064K->1376K(72704K)] 465423K->394751K(629248K), 0.0019059 secs] [Times: user=0.01 sys=0.00, real=0.00 secs] 
2354.874: [GC (Allocation Failure) [PSYoungGen: 72032K->1376K(72704K)] 465407K->394751K(629248K), 0.0029949 secs] [Times: user=0.01 sys=0.00, real=0.01 secs] 
2355.447: [GC (Allocation Failure) [PSYoungGen: 72032K->1408K(72192K)] 465407K->394783K(628736K), 0.0031539 secs] [Times: user=0.02 sys=0.00, real=0.00 secs] 
2356.031: [GC (Allocation Failure) [PSYoungGen: 72064K->1376K(72192K)] 465439K->394751K(628736K), 0.0028201 secs] [Times: user=0.01 sys=0.00, real=0.00 secs] 
2356.545: [GC (Allocation Failure) [PSYoungGen: 72032K->384K(71680K)] 465407K->394783K(628224K), 0.0021981 secs] [Times: user=0.01 sys=0.00, real=0.01 secs] 
2357.337: [GC (Allocation Failure) [PSYoungGen: 71040K->1408K(72704K)] 465439K->395807K(629248K), 0.0017608 secs] [Times: user=0.01 sys=0.00, real=0.00 secs] 
2357.950: [GC (Allocation Failure) [PSYoungGen: 72064K->1344K(72704K)] 466463K->395743K(629248K), 0.0019377 secs] [Times: user=0.01 sys=0.00, real=0.00 secs] 
2358.634: [GC (Allocation Failure) [PSYoungGen: 72000K->1424K(72704K)] 466399K->395823K(629248K), 0.0019581 secs] [Times: user=0.01 sys=0.00, real=0.00 secs] 
2359.364: [GC (Allocation Failure) [PSYoungGen: 72080K->1408K(72704K)] 466479K->395807K(629248K), 0.0022897 secs] [Times: user=0.01 sys=0.00, real=0.00 secs] 
2360.280: [GC (Allocation Failure) [PSYoungGen: 72064K->1373K(72704K)] 466463K->395772K(629248K), 0.0015572 secs] [Times: user=0.01 sys=0.00, real=0.00 secs] 
2361.198: [GC (Allocation Failure) [PSYoungGen: 72029K->1408K(72704K)] 466428K->395807K(629248K), 0.0055632 secs] [Times: user=0.03 sys=0.00, real=0.00 secs] 
2361.910: [GC (Allocation Failure) [PSYoungGen: 72064K->1328K(72704K)] 466463K->395727K(629248K), 0.0036928 secs] [Times: user=0.01 sys=0.00, real=0.00 secs] 
2362.764: [GC (Allocation Failure) [PSYoungGen: 71984K->1408K(72704K)] 466383K->395807K(629248K), 0.0039814 secs] [Times: user=0.02 sys=0.00, real=0.01 secs] 
2363.507: [GC (Allocation Failure) [PSYoungGen: 72064K->1360K(72704K)] 466463K->395759K(629248K), 0.0022693 secs] [Times: user=0.01 sys=0.00, real=0.00 secs] 
2364.269: [GC (Allocation Failure) [PSYoungGen: 72016K->1376K(72704K)] 466415K->395775K(629248K), 0.0018271 secs] [Times: user=0.01 sys=0.00, real=0.00 secs] 
2364.603: [GC (Allocation Failure) [PSYoungGen: 72032K->1376K(72704K)] 466431K->395775K(629248K), 0.0019307 secs] [Times: user=0.01 sys=0.00, real=0.00 secs] 
2364.897: [GC (Allocation Failure) [PSYoungGen: 72032K->1328K(72704K)] 466431K->395727K(629248K), 0.0022444 secs] [Times: user=0.01 sys=0.00, real=0.00 secs] 
2365.271: [GC (Allocation Failure) [PSYoungGen: 71984K->1376K(72704K)] 466383K->395791K(629248K), 0.0030095 secs] [Times: user=0.01 sys=0.00, real=0.00 secs] 
2366.335: [GC (Allocation Failure) [PSYoungGen: 72032K->1392K(72704K)] 466447K->395807K(629248K), 0.0020788 secs] [Times: user=0.00 sys=0.00, real=0.01 secs] 
2366.928: [GC (Allocation Failure) [PSYoungGen: 72048K->1408K(72704K)] 466463K->395823K(629248K), 0.0038646 secs] [Times: user=0.01 sys=0.00, real=0.00 secs] 
2367.349: [GC (Allocation Failure) [PSYoungGen: 72064K->1376K(72192K)] 466479K->395791K(628736K), 0.0021356 secs] [Times: user=0.01 sys=0.00, real=0.00 secs] 
2367.699: [GC (Allocation Failure) [PSYoungGen: 72032K->1440K(72192K)] 466447K->395855K(628736K), 0.0019857 secs] [Times: user=0.01 sys=0.00, real=0.00 secs] 
2368.585: [GC (Allocation Failure) [PSYoungGen: 72096K->1408K(72704K)] 466511K->395823K(629248K), 0.0019524 secs] [Times: user=0.01 sys=0.00, real=0.01 secs] 
2368.979: [GC (Allocation Failure) [PSYoungGen: 72064K->1376K(72192K)] 466479K->395791K(628736K), 0.0021639 secs] [Times: user=0.01 sys=0.00, real=0.00 secs] 
2369.304: [GC (Allocation Failure) [PSYoungGen: 72032K->1440K(72192K)] 466447K->395855K(628736K), 0.0020913 secs] [Times: user=0.01 sys=0.00, real=0.01 secs] 
2369.858: [GC (Allocation Failure) [PSYoungGen: 72096K->1328K(72192K)] 466511K->395743K(628736K), 0.0025563 secs] [Times: user=0.01 sys=0.00, real=0.00 secs] 
2371.125: [GC (Allocation Failure) [PSYoungGen: 71984K->1440K(72192K)] 466399K->395855K(628736K), 0.0037309 secs] [Times: user=0.01 sys=0.00, real=0.01 secs] 
2372.333: [GC (Allocation Failure) [PSYoungGen: 72096K->1408K(72192K)] 466511K->395823K(628736K), 0.0036318 secs] [Times: user=0.01 sys=0.00, real=0.01 secs] 
2372.953: [GC (Allocation Failure) [PSYoungGen: 72064K->1376K(72192K)] 466479K->395791K(628736K), 0.0025449 secs] [Times: user=0.01 sys=0.00, real=0.00 secs] 
2373.252: [GC (Allocation Failure) [PSYoungGen: 72032K->1408K(72192K)] 466447K->395823K(628736K), 0.0020861 secs] [Times: user=0.01 sys=0.00, real=0.00 secs] 
2373.996: [GC (Allocation Failure) [PSYoungGen: 72064K->1328K(72192K)] 466479K->395743K(628736K), 0.0015512 secs] [Times: user=0.01 sys=0.00, real=0.01 secs] 
2374.478: [GC (Allocation Failure) [PSYoungGen: 71984K->1440K(72192K)] 466399K->395855K(628736K), 0.0019077 secs] [Times: user=0.01 sys=0.00, real=0.00 secs] 
2374.813: [GC (Allocation Failure) [PSYoungGen: 72096K->1408K(72192K)] 466511K->395847K(628736K), 0.0019813 secs] [Times: user=0.01 sys=0.00, real=0.00 secs] 
2375.110: [GC (Allocation Failure) [PSYoungGen: 72064K->1344K(72192K)] 466503K->395783K(628736K), 0.0038703 secs] [Times: user=0.02 sys=0.00, real=0.00 secs] 
2375.509: [GC (Allocation Failure) [PSYoungGen: 72000K->1376K(72192K)] 466439K->395815K(628736K), 0.0023201 secs] [Times: user=0.01 sys=0.00, real=0.00 secs] 
2376.464: [GC (Allocation Failure) [PSYoungGen: 72032K->1376K(72192K)] 466471K->395815K(628736K), 0.0018944 secs] [Times: user=0.00 sys=0.00, real=0.01 secs] 
2377.023: [GC (Allocation Failure) [PSYoungGen: 72032K->1344K(72192K)] 466471K->395783K(628736K), 0.0023815 secs] [Times: user=0.01 sys=0.00, real=0.00 secs] 
2377.595: [GC (Allocation Failure) [PSYoungGen: 72000K->1376K(72192K)] 466439K->395815K(628736K), 0.0037460 secs] [Times: user=0.01 sys=0.00, real=0.01 secs] 
2378.189: [GC (Allocation Failure) [PSYoungGen: 72032K->1344K(72192K)] 466471K->395783K(628736K), 0.0059715 secs] [Times: user=0.03 sys=0.00, real=0.00 secs] 
2379.016: [GC (Allocation Failure) [PSYoungGen: 72000K->1344K(72192K)] 466439K->395783K(628736K), 0.0019221 secs] [Times: user=0.01 sys=0.00, real=0.01 secs] 
2379.478: [GC (Allocation Failure) [PSYoungGen: 72000K->1376K(72192K)] 466439K->395815K(628736K), 0.0020455 secs] [Times: user=0.01 sys=0.00, real=0.00 secs] 
2380.053: [GC (Allocation Failure) [PSYoungGen: 72032K->1408K(72192K)] 466471K->395847K(628736K), 0.0021960 secs] [Times: user=0.01 sys=0.00, real=0.00 secs] 
2380.593: [GC (Allocation Failure) [PSYoungGen: 72064K->1392K(72192K)] 466503K->395831K(628736K), 0.0030931 secs] [Times: user=0.01 sys=0.00, real=0.01 secs] 
2381.893: [GC (Allocation Failure) [PSYoungGen: 72048K->1472K(72192K)] 466487K->395911K(628736K), 0.0019560 secs] [Times: user=0.01 sys=0.00, real=0.00 secs] 
2382.835: [GC (Allocation Failure) [PSYoungGen: 72128K->1376K(72192K)] 466567K->395815K(628736K), 0.0047188 secs] [Times: user=0.02 sys=0.00, real=0.01 secs] 
2383.671: [GC (Allocation Failure) [PSYoungGen: 72032K->1408K(72192K)] 466471K->395847K(628736K), 0.0033250 secs] [Times: user=0.02 sys=0.00, real=0.00 secs] 
2384.403: [GC (Allocation Failure) [PSYoungGen: 72064K->1408K(72192K)] 466503K->395847K(628736K), 0.0056241 secs] [Times: user=0.02 sys=0.00, real=0.01 secs] 
2385.518: [GC (Allocation Failure) [PSYoungGen: 72064K->1504K(72192K)] 466503K->396039K(628736K), 0.0018626 secs] [Times: user=0.00 sys=0.00, real=0.00 secs] 
2386.202: [GC (Allocation Failure) [PSYoungGen: 72160K->1312K(72704K)] 466695K->395855K(629248K), 0.0021663 secs] [Times: user=0.01 sys=0.00, real=0.00 secs] 
2386.786: [GC (Allocation Failure) [PSYoungGen: 71968K->1280K(72704K)] 466511K->395823K(629248K), 0.0023035 secs] [Times: user=0.01 sys=0.00, real=0.01 secs] 
2387.379: [GC (Allocation Failure) [PSYoungGen: 71936K->1312K(72704K)] 466479K->395855K(629248K), 0.0045106 secs] [Times: user=0.02 sys=0.00, real=0.00 secs] 
2387.952: [GC (Allocation Failure) [PSYoungGen: 71968K->1373K(72192K)] 466511K->396940K(628736K), 0.0017130 secs] [Times: user=0.01 sys=0.00, real=0.00 secs] 
2388.608: [GC (Allocation Failure) [PSYoungGen: 72029K->1424K(72192K)] 467596K->396991K(628736K), 0.0016337 secs] [Times: user=0.00 sys=0.00, real=0.00 secs] 
2388.901: [GC (Allocation Failure) [PSYoungGen: 72080K->1392K(72192K)] 467647K->396959K(628736K), 0.0015398 secs] [Times: user=0.01 sys=0.00, real=0.00 secs] 
2389.198: [GC (Allocation Failure) [PSYoungGen: 72048K->1392K(72192K)] 467615K->396959K(628736K), 0.0026984 secs] [Times: user=0.01 sys=0.00, real=0.00 secs] 
2389.493: [GC (Allocation Failure) [PSYoungGen: 72048K->1360K(72192K)] 467615K->396927K(628736K), 0.0022048 secs] [Times: user=0.01 sys=0.00, real=0.00 secs] 
2390.764: [GC (Allocation Failure) [PSYoungGen: 72016K->1408K(72192K)] 467583K->396983K(628736K), 0.0020370 secs] [Times: user=0.01 sys=0.00, real=0.00 secs] 
2391.462: [GC (Allocation Failure) [PSYoungGen: 72064K->1408K(72192K)] 467639K->396983K(628736K), 0.0046553 secs] [Times: user=0.02 sys=0.00, real=0.01 secs] 
2392.117: [GC (Allocation Failure) [PSYoungGen: 72064K->1440K(72192K)] 467639K->397023K(628736K), 0.0029230 secs] [Times: user=0.01 sys=0.00, real=0.00 secs] 
2392.761: [GC (Allocation Failure) [PSYoungGen: 72096K->1424K(72192K)] 467679K->397007K(628736K), 0.0027634 secs] [Times: user=0.01 sys=0.00, real=0.00 secs] 
2393.988: [GC (Allocation Failure) [PSYoungGen: 72080K->1440K(72192K)] 467663K->397023K(628736K), 0.0021945 secs] [Times: user=0.00 sys=0.01, real=0.00 secs] 
2394.508: [GC (Allocation Failure) [PSYoungGen: 72096K->1456K(72192K)] 467679K->397039K(628736K), 0.0024680 secs] [Times: user=0.01 sys=0.00, real=0.00 secs] 
2394.832: [GC (Allocation Failure) [PSYoungGen: 72112K->1392K(72192K)] 467695K->396991K(628736K), 0.0024319 secs] [Times: user=0.01 sys=0.00, real=0.00 secs] 
2395.255: [GC (Allocation Failure) [PSYoungGen: 72048K->1408K(72192K)] 467647K->397007K(628736K), 0.0020062 secs] [Times: user=0.01 sys=0.00, real=0.01 secs] 
2396.360: [GC (Allocation Failure) [PSYoungGen: 72064K->1440K(72192K)] 467663K->397039K(628736K), 0.0017714 secs] [Times: user=0.01 sys=0.00, real=0.00 secs] 
2397.121: [GC (Allocation Failure) [PSYoungGen: 72096K->1344K(72192K)] 467695K->396943K(628736K), 0.0044030 secs] [Times: user=0.01 sys=0.00, real=0.00 secs] 
2397.770: [GC (Allocation Failure) [PSYoungGen: 72000K->1440K(72192K)] 467599K->397039K(628736K), 0.0027558 secs] [Times: user=0.01 sys=0.00, real=0.00 secs] 
2398.409: [GC (Allocation Failure) [PSYoungGen: 72096K->1440K(72192K)] 467695K->397039K(628736K), 0.0025231 secs] [Times: user=0.01 sys=0.00, real=0.00 secs] 
2399.503: [GC (Allocation Failure) [PSYoungGen: 72096K->1360K(72192K)] 467695K->396959K(628736K), 0.0017242 secs] [Times: user=0.00 sys=0.00, real=0.00 secs] 
2400.022: [GC (Allocation Failure) [PSYoungGen: 72016K->1440K(72192K)] 467615K->397039K(628736K), 0.0019222 secs] [Times: user=0.01 sys=0.00, real=0.00 secs] 
2400.468: [GC (Allocation Failure) [PSYoungGen: 72096K->1408K(72192K)] 467695K->397007K(628736K), 0.0019037 secs] [Times: user=0.01 sys=0.00, real=0.00 secs] 
2401.026: [GC (Allocation Failure) [PSYoungGen: 72064K->1408K(72192K)] 467663K->397015K(628736K), 0.0020476 secs] [Times: user=0.01 sys=0.00, real=0.01 secs] 
2401.630: [GC (Allocation Failure) [PSYoungGen: 72053K->240K(71680K)] 467660K->395847K(628224K), 0.0037197 secs] [Times: user=0.01 sys=0.00, real=0.00 secs] 
2402.436: [GC (Allocation Failure) [PSYoungGen: 70384K->1376K(72192K)] 465991K->396983K(628736K), 0.0031402 secs] [Times: user=0.01 sys=0.00, real=0.01 secs] 
2402.727: [GC (Allocation Failure) [PSYoungGen: 71520K->1344K(72192K)] 467127K->396951K(628736K), 0.0023006 secs] [Times: user=0.01 sys=0.00, real=0.00 secs] 
2403.018: [GC (Allocation Failure) [PSYoungGen: 71488K->1376K(72192K)] 467095K->396983K(628736K), 0.0020608 secs] [Times: user=0.01 sys=0.00, real=0.00 secs] 
2403.310: [GC (Allocation Failure) [PSYoungGen: 71520K->1376K(72192K)] 467127K->396983K(628736K), 0.0028760 secs] [Times: user=0.01 sys=0.00, real=0.00 secs] 
2404.176: [GC (Allocation Failure) [PSYoungGen: 71520K->1376K(72192K)] 467127K->396991K(628736K), 0.0017497 secs] [Times: user=0.01 sys=0.00, real=0.01 secs] 
2404.467: [GC (Allocation Failure) [PSYoungGen: 71520K->1392K(72192K)] 467135K->397007K(628736K), 0.0018421 secs] [Times: user=0.01 sys=0.00, real=0.00 secs] 
2404.758: [GC (Allocation Failure) [PSYoungGen: 71536K->1376K(72192K)] 467151K->396991K(628736K), 0.0018144 secs] [Times: user=0.00 sys=0.00, real=0.00 secs] 
2405.048: [GC (Allocation Failure) [PSYoungGen: 71520K->1344K(72192K)] 467135K->396959K(628736K), 0.0017910 secs] [Times: user=0.01 sys=0.00, real=0.00 secs] 
2406.394: [GC (Allocation Failure) [PSYoungGen: 71488K->1440K(72192K)] 467103K->397055K(628736K), 0.0056079 secs] [Times: user=0.02 sys=0.00, real=0.01 secs] 
2407.193: [GC (Allocation Failure) [PSYoungGen: 71584K->1408K(72192K)] 467199K->397023K(628736K), 0.0036689 secs] [Times: user=0.02 sys=0.00, real=0.01 secs] 
2407.969: [GC (Allocation Failure) [PSYoungGen: 71552K->1392K(72192K)] 467167K->397007K(628736K), 0.0028125 secs] [Times: user=0.02 sys=0.00, real=0.00 secs] 
2408.554: [GC (Allocation Failure) [PSYoungGen: 71536K->1376K(72192K)] 467151K->396991K(628736K), 0.0031060 secs] [Times: user=0.02 sys=0.00, real=0.01 secs] 
2409.560: [GC (Allocation Failure) [PSYoungGen: 71520K->1376K(72192K)] 467135K->396991K(628736K), 0.0014512 secs] [Times: user=0.01 sys=0.00, real=0.00 secs] 
2409.999: [GC (Allocation Failure) [PSYoungGen: 71520K->1376K(72192K)] 467135K->396991K(628736K), 0.0022771 secs] [Times: user=0.01 sys=0.00, real=0.00 secs] 
2410.685: [GC (Allocation Failure) [PSYoungGen: 71520K->1344K(71680K)] 467135K->396959K(628224K), 0.0038152 secs] [Times: user=0.02 sys=0.00, real=0.01 secs] 
2411.314: [GC (Allocation Failure) [PSYoungGen: 71488K->1376K(71680K)] 467103K->396991K(628224K), 0.0028199 secs] [Times: user=0.01 sys=0.00, real=0.01 secs] 
2412.672: [GC (Allocation Failure) [PSYoungGen: 71520K->1373K(71680K)] 467135K->396988K(628224K), 0.0027566 secs] [Times: user=0.02 sys=0.00, real=0.00 secs] 
2414.150: [GC (Allocation Failure) [PSYoungGen: 71517K->1376K(71680K)] 467132K->396991K(628224K), 0.0055907 secs] [Times: user=0.02 sys=0.00, real=0.00 secs] 
2415.039: [GC (Allocation Failure) [PSYoungGen: 71520K->1376K(71680K)] 467135K->396991K(628224K), 0.0055257 secs] [Times: user=0.02 sys=0.00, real=0.00 secs] 
2415.914: [GC (Allocation Failure) [PSYoungGen: 71520K->1344K(71680K)] 467135K->396959K(628224K), 0.0036983 secs] [Times: user=0.02 sys=0.00, real=0.01 secs] 
2416.504: [GC (Allocation Failure) [PSYoungGen: 71488K->1376K(71680K)] 467103K->396991K(628224K), 0.0030904 secs] [Times: user=0.01 sys=0.00, real=0.01 secs] 
2418.044: [GC (Allocation Failure) [PSYoungGen: 71520K->1376K(71680K)] 467135K->396991K(628224K), 0.0031620 secs] [Times: user=0.01 sys=0.00, real=0.01 secs] 
2419.161: [GC (Allocation Failure) [PSYoungGen: 71520K->1408K(71680K)] 467135K->397023K(628224K), 0.0052506 secs] [Times: user=0.02 sys=0.00, real=0.00 secs] 
2420.250: [GC (Allocation Failure) [PSYoungGen: 71552K->1376K(71680K)] 467167K->396999K(628224K), 0.0036426 secs] [Times: user=0.02 sys=0.00, real=0.00 secs] 
2421.047: [GC (Allocation Failure) [PSYoungGen: 71520K->1376K(71680K)] 467143K->396999K(628224K), 0.0055094 secs] [Times: user=0.03 sys=0.00, real=0.00 secs] 
2422.275: [GC (Allocation Failure) [PSYoungGen: 71520K->1440K(71680K)] 467143K->397071K(628224K), 0.0017292 secs] [Times: user=0.01 sys=0.00, real=0.01 secs] 
2422.989: [GC (Allocation Failure) [PSYoungGen: 71584K->1344K(71680K)] 467215K->396975K(628224K), 0.0057174 secs] [Times: user=0.03 sys=0.00, real=0.00 secs] 
2423.946: [GC (Allocation Failure) [PSYoungGen: 71488K->1408K(71680K)] 467119K->397047K(628224K), 0.0046350 secs] [Times: user=0.02 sys=0.00, real=0.01 secs] 
2424.931: [GC (Allocation Failure) [PSYoungGen: 71552K->1376K(71680K)] 467191K->397015K(628224K), 0.0045202 secs] [Times: user=0.01 sys=0.00, real=0.00 secs] 
2426.301: [GC (Allocation Failure) [PSYoungGen: 71520K->1376K(71680K)] 467159K->397023K(628224K), 0.0015154 secs] [Times: user=0.01 sys=0.00, real=0.00 secs] 
2426.641: [GC (Allocation Failure) [PSYoungGen: 71520K->1376K(71680K)] 467167K->397023K(628224K), 0.0018810 secs] [Times: user=0.01 sys=0.00, real=0.00 secs] 
2427.193: [GC (Allocation Failure) [PSYoungGen: 71520K->1392K(71680K)] 467167K->397039K(628224K), 0.0045971 secs] [Times: user=0.02 sys=0.00, real=0.01 secs] 
2427.757: [GC (Allocation Failure) [PSYoungGen: 71536K->1408K(71680K)] 467183K->397055K(628224K), 0.0038048 secs] [Times: user=0.01 sys=0.00, real=0.00 secs] 
2428.395: [GC (Allocation Failure) [PSYoungGen: 71552K->1373K(71680K)] 467199K->397020K(628224K), 0.0026690 secs] [Times: user=0.01 sys=0.00, real=0.01 secs] 
2429.187: [GC (Allocation Failure) [PSYoungGen: 71517K->1392K(71680K)] 467164K->397047K(628224K), 0.0018114 secs] [Times: user=0.00 sys=0.00, real=0.00 secs] 
2429.629: [GC (Allocation Failure) [PSYoungGen: 71536K->1376K(71680K)] 467191K->397031K(628224K), 0.0021479 secs] [Times: user=0.00 sys=0.00, real=0.00 secs] 
2430.243: [GC (Allocation Failure) [PSYoungGen: 71520K->1376K(71680K)] 467175K->397031K(628224K), 0.0048629 secs] [Times: user=0.02 sys=0.00, real=0.01 secs] 
2430.800: [GC (Allocation Failure) [PSYoungGen: 71520K->1440K(71680K)] 467175K->397095K(628224K), 0.0036747 secs] [Times: user=0.02 sys=0.00, real=0.00 secs] 
2431.718: [GC (Allocation Failure) [PSYoungGen: 71584K->1392K(71680K)] 467239K->397047K(628224K), 0.0018480 secs] [Times: user=0.00 sys=0.00, real=0.00 secs] 
2432.067: [GC (Allocation Failure) [PSYoungGen: 71536K->1376K(71680K)] 467191K->397031K(628224K), 0.0019067 secs] [Times: user=0.00 sys=0.00, real=0.00 secs] 
2432.394: [GC (Allocation Failure) [PSYoungGen: 71520K->1376K(71680K)] 467175K->397031K(628224K), 0.0019821 secs] [Times: user=0.01 sys=0.00, real=0.00 secs] 
2432.685: [GC (Allocation Failure) [PSYoungGen: 71520K->1344K(71680K)] 467175K->396999K(628224K), 0.0019181 secs] [Times: user=0.01 sys=0.00, real=0.01 secs] 
2434.402: [GC (Allocation Failure) [PSYoungGen: 71488K->1440K(71680K)] 467143K->397095K(628224K), 0.0032400 secs] [Times: user=0.01 sys=0.00, real=0.00 secs] 
2436.007: [GC (Allocation Failure) [PSYoungGen: 71584K->1376K(71680K)] 467239K->397039K(628224K), 0.0048524 secs] [Times: user=0.02 sys=0.00, real=0.00 secs] 
2436.620: [GC (Allocation Failure) [PSYoungGen: 71520K->1440K(71680K)] 467183K->397111K(628224K), 0.0031536 secs] [Times: user=0.01 sys=0.00, real=0.00 secs] 
2437.206: [GC (Allocation Failure) [PSYoungGen: 71584K->1376K(71680K)] 467255K->397047K(628224K), 0.0030636 secs] [Times: user=0.01 sys=0.00, real=0.01 secs] 
2438.079: [GC (Allocation Failure) [PSYoungGen: 71520K->1504K(71680K)] 467191K->397319K(628224K), 0.0020287 secs] [Times: user=0.01 sys=0.00, real=0.00 secs] 
2438.652: [GC (Allocation Failure) [PSYoungGen: 71648K->1408K(71680K)] 467463K->397223K(628224K), 0.0019984 secs] [Times: user=0.01 sys=0.00, real=0.00 secs] 
2439.277: [GC (Allocation Failure) [PSYoungGen: 71552K->1456K(71680K)] 467367K->397271K(628224K), 0.0024140 secs] [Times: user=0.01 sys=0.00, real=0.00 secs] 
2439.890: [GC (Allocation Failure) [PSYoungGen: 71600K->1472K(72192K)] 467415K->397287K(628736K), 0.0024441 secs] [Times: user=0.01 sys=0.00, real=0.00 secs] 
2440.326: [GC (Allocation Failure) [PSYoungGen: 71616K->1389K(72192K)] 467431K->397204K(628736K), 0.0014866 secs] [Times: user=0.01 sys=0.00, real=0.01 secs] 
2441.434: [GC (Allocation Failure) [PSYoungGen: 71533K->1440K(71680K)] 467348K->397255K(628224K), 0.0025563 secs] [Times: user=0.01 sys=0.00, real=0.01 secs] 
2441.781: [GC (Allocation Failure) [PSYoungGen: 71584K->1440K(71680K)] 467399K->397255K(628224K), 0.0020988 secs] [Times: user=0.01 sys=0.00, real=0.00 secs] 
2442.073: [GC (Allocation Failure) [PSYoungGen: 71584K->368K(71168K)] 467399K->397207K(627712K), 0.0019402 secs] [Times: user=0.01 sys=0.00, real=0.00 secs] 
2442.464: [GC (Allocation Failure) [PSYoungGen: 70512K->352K(72192K)] 467351K->397191K(628736K), 0.0019245 secs] [Times: user=0.01 sys=0.00, real=0.00 secs] 
2443.431: [GC (Allocation Failure) [PSYoungGen: 70496K->1440K(72192K)] 467335K->398279K(628736K), 0.0020186 secs] [Times: user=0.01 sys=0.00, real=0.00 secs] 
2444.013: [GC (Allocation Failure) [PSYoungGen: 71584K->1376K(72192K)] 468423K->398215K(628736K), 0.0020237 secs] [Times: user=0.01 sys=0.00, real=0.00 secs] 
2444.557: [GC (Allocation Failure) [PSYoungGen: 71520K->1408K(72192K)] 468359K->398247K(628736K), 0.0022059 secs] [Times: user=0.00 sys=0.00, real=0.00 secs] 
2444.903: [GC (Allocation Failure) [PSYoungGen: 71552K->1376K(72192K)] 468391K->398231K(628736K), 0.0020153 secs] [Times: user=0.01 sys=0.00, real=0.00 secs] 
2445.884: [GC (Allocation Failure) [PSYoungGen: 71520K->1408K(72192K)] 468375K->398263K(628736K), 0.0022533 secs] [Times: user=0.00 sys=0.00, real=0.00 secs] 
2446.511: [GC (Allocation Failure) [PSYoungGen: 71552K->1344K(72192K)] 468407K->398199K(628736K), 0.0026374 secs] [Times: user=0.01 sys=0.00, real=0.00 secs] 
2447.039: [GC (Allocation Failure) [PSYoungGen: 71488K->1408K(72192K)] 468343K->398263K(628736K), 0.0020380 secs] [Times: user=0.01 sys=0.00, real=0.00 secs] 
2447.331: [GC (Allocation Failure) [PSYoungGen: 71552K->1376K(72192K)] 468407K->398231K(628736K), 0.0021241 secs] [Times: user=0.00 sys=0.00, real=0.00 secs] 
2448.346: [GC (Allocation Failure) [PSYoungGen: 71520K->1648K(72192K)] 468375K->398503K(628736K), 0.0020925 secs] [Times: user=0.01 sys=0.01, real=0.01 secs] 
2449.263: [GC (Allocation Failure) [PSYoungGen: 71792K->1376K(72192K)] 468647K->398231K(628736K), 0.0038620 secs] [Times: user=0.01 sys=0.01, real=0.01 secs] 
2450.238: [GC (Allocation Failure) [PSYoungGen: 71520K->1376K(72192K)] 468375K->398231K(628736K), 0.0058707 secs] [Times: user=0.03 sys=0.00, real=0.00 secs] 
2450.930: [GC (Allocation Failure) [PSYoungGen: 71520K->1408K(72192K)] 468375K->398271K(628736K), 0.0037621 secs] [Times: user=0.02 sys=0.00, real=0.00 secs] 
2451.547: [GC (Allocation Failure) [PSYoungGen: 71552K->1373K(72192K)] 468415K->398236K(628736K), 0.0017362 secs] [Times: user=0.00 sys=0.00, real=0.00 secs] 
2452.562: [GC (Allocation Failure) [PSYoungGen: 71517K->1408K(72192K)] 468380K->398271K(628736K), 0.0029575 secs] [Times: user=0.01 sys=0.00, real=0.00 secs] 
2453.143: [GC (Allocation Failure) [PSYoungGen: 71552K->1360K(72192K)] 468415K->398223K(628736K), 0.0039980 secs] [Times: user=0.02 sys=0.00, real=0.01 secs] 
2453.748: [GC (Allocation Failure) [PSYoungGen: 71504K->1408K(72192K)] 468367K->398271K(628736K), 0.0037189 secs] [Times: user=0.01 sys=0.00, real=0.00 secs] 
2454.397: [GC (Allocation Failure) [PSYoungGen: 71552K->1408K(72192K)] 468415K->398271K(628736K), 0.0036788 secs] [Times: user=0.01 sys=0.00, real=0.00 secs] 
2456.679: [GC (Allocation Failure) [PSYoungGen: 71552K->1408K(72192K)] 468415K->398279K(628736K), 0.0052436 secs] [Times: user=0.02 sys=0.00, real=0.00 secs] 
2457.810: [GC (Allocation Failure) [PSYoungGen: 71552K->1360K(72192K)] 468423K->398231K(628736K), 0.0036487 secs] [Times: user=0.01 sys=0.00, real=0.00 secs] 
2458.767: [GC (Allocation Failure) [PSYoungGen: 71504K->1408K(72192K)] 468375K->398287K(628736K), 0.0049088 secs] [Times: user=0.02 sys=0.00, real=0.00 secs] 
2459.643: [GC (Allocation Failure) [PSYoungGen: 71552K->1376K(72192K)] 468431K->398255K(628736K), 0.0033877 secs] [Times: user=0.01 sys=0.01, real=0.00 secs] 
2460.664: [GC (Allocation Failure) [PSYoungGen: 71520K->1408K(72192K)] 468399K->398287K(628736K), 0.0016706 secs] [Times: user=0.01 sys=0.00, real=0.00 secs] 
2460.955: [GC (Allocation Failure) [PSYoungGen: 71552K->1408K(72192K)] 468431K->398287K(628736K), 0.0018351 secs] [Times: user=0.01 sys=0.00, real=0.01 secs] 
2461.288: [GC (Allocation Failure) [PSYoungGen: 71552K->1424K(72192K)] 468431K->398303K(628736K), 0.0031634 secs] [Times: user=0.01 sys=0.00, real=0.00 secs] 
2461.634: [GC (Allocation Failure) [PSYoungGen: 71568K->1408K(72192K)] 468447K->398287K(628736K), 0.0030207 secs] [Times: user=0.02 sys=0.00, real=0.01 secs] 
2462.423: [GC (Allocation Failure) [PSYoungGen: 71552K->1696K(72192K)] 468431K->398575K(628736K), 0.0019649 secs] [Times: user=0.01 sys=0.00, real=0.00 secs] 
2462.712: [GC (Allocation Failure) [PSYoungGen: 71840K->1376K(72192K)] 468719K->398255K(628736K), 0.0019096 secs] [Times: user=0.00 sys=0.00, real=0.00 secs] 
2463.156: [GC (Allocation Failure) [PSYoungGen: 71520K->1408K(72192K)] 468399K->398287K(628736K), 0.0018953 secs] [Times: user=0.01 sys=0.00, real=0.00 secs] 
2463.603: [GC (Allocation Failure) [PSYoungGen: 71552K->1408K(72192K)] 468431K->398287K(628736K), 0.0039466 secs] [Times: user=0.01 sys=0.00, real=0.01 secs] 
2464.503: [GC (Allocation Failure) [PSYoungGen: 71552K->1373K(72192K)] 468431K->398252K(628736K), 0.0015311 secs] [Times: user=0.00 sys=0.00, real=0.00 secs] 
2465.808: [GC (Allocation Failure) [PSYoungGen: 71517K->1440K(72192K)] 468396K->398335K(628736K), 0.0019160 secs] [Times: user=0.00 sys=0.00, real=0.00 secs] 
2466.837: [GC (Allocation Failure) [PSYoungGen: 71584K->1392K(72192K)] 468479K->398287K(628736K), 0.0055486 secs] [Times: user=0.02 sys=0.00, real=0.00 secs] 
2467.621: [GC (Allocation Failure) [PSYoungGen: 71536K->1376K(72192K)] 468431K->398271K(628736K), 0.0036332 secs] [Times: user=0.02 sys=0.00, real=0.00 secs] 
2468.188: [GC (Allocation Failure) [PSYoungGen: 71520K->1408K(71680K)] 468415K->398303K(628224K), 0.0032239 secs] [Times: user=0.02 sys=0.00, real=0.00 secs] 
2469.154: [GC (Allocation Failure) [PSYoungGen: 71552K->1376K(71680K)] 468447K->398271K(628224K), 0.0018135 secs] [Times: user=0.01 sys=0.00, real=0.00 secs] 
2469.523: [GC (Allocation Failure) [PSYoungGen: 71520K->1344K(71680K)] 468415K->398239K(628224K), 0.0018325 secs] [Times: user=0.00 sys=0.00, real=0.00 secs] 
2469.834: [GC (Allocation Failure) [PSYoungGen: 71488K->1376K(71680K)] 468383K->398271K(628224K), 0.0017775 secs] [Times: user=0.01 sys=0.00, real=0.00 secs] 
2470.135: [GC (Allocation Failure) [PSYoungGen: 71520K->1312K(71680K)] 468415K->398207K(628224K), 0.0017946 secs] [Times: user=0.00 sys=0.00, real=0.01 secs] 
2471.045: [GC (Allocation Failure) [PSYoungGen: 71456K->1440K(71680K)] 468351K->398335K(628224K), 0.0017238 secs] [Times: user=0.01 sys=0.00, real=0.01 secs] 
2471.650: [GC (Allocation Failure) [PSYoungGen: 71584K->1376K(71680K)] 468479K->398271K(628224K), 0.0038746 secs] [Times: user=0.02 sys=0.00, real=0.00 secs] 
2472.310: [GC (Allocation Failure) [PSYoungGen: 71520K->1408K(71680K)] 468415K->398303K(628224K), 0.0029002 secs] [Times: user=0.01 sys=0.00, real=0.00 secs] 
2472.958: [GC (Allocation Failure) [PSYoungGen: 71552K->1376K(71680K)] 468447K->398271K(628224K), 0.0025414 secs] [Times: user=0.01 sys=0.00, real=0.00 secs] 
2473.935: [GC (Allocation Failure) [PSYoungGen: 71520K->1408K(71680K)] 468415K->398559K(628224K), 0.0016945 secs] [Times: user=0.01 sys=0.00, real=0.00 secs] 
2474.694: [GC (Allocation Failure) [PSYoungGen: 71552K->1360K(71680K)] 468703K->398511K(628224K), 0.0030361 secs] [Times: user=0.01 sys=0.01, real=0.01 secs] 
2475.292: [GC (Allocation Failure) [PSYoungGen: 71504K->1376K(71680K)] 468655K->398527K(628224K), 0.0029359 secs] [Times: user=0.01 sys=0.00, real=0.00 secs] 
2475.855: [GC (Allocation Failure) [PSYoungGen: 71520K->1376K(71680K)] 468671K->398535K(628224K), 0.0028870 secs] [Times: user=0.01 sys=0.01, real=0.01 secs] 
2476.630: [GC (Allocation Failure) [PSYoungGen: 71520K->1373K(71680K)] 468679K->398532K(628224K), 0.0016669 secs] [Times: user=0.00 sys=0.00, real=0.00 secs] 
2478.127: [GC (Allocation Failure) [PSYoungGen: 71517K->1440K(71680K)] 468676K->398599K(628224K), 0.0025317 secs] [Times: user=0.01 sys=0.00, real=0.00 secs] 
2479.010: [GC (Allocation Failure) [PSYoungGen: 71584K->1376K(71680K)] 468743K->398535K(628224K), 0.0024754 secs] [Times: user=0.01 sys=0.00, real=0.00 secs] 
2480.014: [GC (Allocation Failure) [PSYoungGen: 71520K->1408K(71680K)] 468679K->398567K(628224K), 0.0026853 secs] [Times: user=0.01 sys=0.00, real=0.01 secs] 
2480.951: [GC (Allocation Failure) [PSYoungGen: 71552K->1376K(71680K)] 468711K->398535K(628224K), 0.0030594 secs] [Times: user=0.01 sys=0.00, real=0.00 secs] 
2482.163: [GC (Allocation Failure) [PSYoungGen: 71520K->1408K(71680K)] 468679K->398567K(628224K), 0.0022133 secs] [Times: user=0.01 sys=0.00, real=0.00 secs] 
2482.958: [GC (Allocation Failure) [PSYoungGen: 71552K->1376K(71680K)] 468711K->398535K(628224K), 0.0025484 secs] [Times: user=0.01 sys=0.00, real=0.00 secs] 
2483.906: [GC (Allocation Failure) [PSYoungGen: 71520K->1344K(71680K)] 468679K->398503K(628224K), 0.0056184 secs] [Times: user=0.03 sys=0.00, real=0.01 secs] 
2484.893: [GC (Allocation Failure) [PSYoungGen: 71488K->1392K(71680K)] 468647K->398551K(628224K), 0.0053217 secs] [Times: user=0.03 sys=0.00, real=0.01 secs] 
2485.871: [GC (Allocation Failure) [PSYoungGen: 71536K->1408K(71680K)] 468695K->398567K(628224K), 0.0015633 secs] [Times: user=0.01 sys=0.00, real=0.00 secs] 
2486.456: [GC (Allocation Failure) [PSYoungGen: 71552K->1344K(71680K)] 468711K->398503K(628224K), 0.0019583 secs] [Times: user=0.01 sys=0.00, real=0.01 secs] 
2487.063: [GC (Allocation Failure) [PSYoungGen: 71488K->1376K(71680K)] 468647K->398535K(628224K), 0.0020319 secs] [Times: user=0.01 sys=0.00, real=0.00 secs] 
2487.638: [GC (Allocation Failure) [PSYoungGen: 71520K->1408K(71680K)] 468679K->398567K(628224K), 0.0019627 secs] [Times: user=0.01 sys=0.00, real=0.00 secs] 
2488.594: [GC (Allocation Failure) [PSYoungGen: 71552K->1504K(71680K)] 468711K->398687K(628224K), 0.0014775 secs] [Times: user=0.00 sys=0.00, real=0.00 secs] 
2489.132: [GC (Allocation Failure) [PSYoungGen: 71648K->1376K(71680K)] 468831K->398559K(628224K), 0.0020578 secs] [Times: user=0.01 sys=0.00, real=0.00 secs] 
2489.844: [GC (Allocation Failure) [PSYoungGen: 71520K->1376K(71680K)] 468703K->398559K(628224K), 0.0024479 secs] [Times: user=0.01 sys=0.00, real=0.01 secs] 
2490.628: [GC (Allocation Failure) [PSYoungGen: 71520K->1408K(71680K)] 468703K->398591K(628224K), 0.0024680 secs] [Times: user=0.01 sys=0.00, real=0.00 secs] 
2491.511: [GC (Allocation Failure) [PSYoungGen: 71552K->1373K(71680K)] 468735K->398556K(628224K), 0.0025081 secs] [Times: user=0.02 sys=0.00, real=0.00 secs] 
2492.302: [GC (Allocation Failure) [PSYoungGen: 71517K->1376K(71680K)] 468700K->398559K(628224K), 0.0028382 secs] [Times: user=0.01 sys=0.00, real=0.00 secs] 
2492.592: [GC (Allocation Failure) [PSYoungGen: 71520K->1376K(71680K)] 468703K->398559K(628224K), 0.0020354 secs] [Times: user=0.01 sys=0.00, real=0.00 secs] 
2493.073: [GC (Allocation Failure) [PSYoungGen: 71520K->1376K(71680K)] 468703K->398559K(628224K), 0.0020976 secs] [Times: user=0.01 sys=0.00, real=0.00 secs] 
2493.643: [GC (Allocation Failure) [PSYoungGen: 71520K->1344K(71680K)] 468703K->398527K(628224K), 0.0022676 secs] [Times: user=0.01 sys=0.00, real=0.00 secs] 
2494.724: [GC (Allocation Failure) [PSYoungGen: 71488K->1376K(71680K)] 468671K->398559K(628224K), 0.0018210 secs] [Times: user=0.01 sys=0.00, real=0.00 secs] 
2495.358: [GC (Allocation Failure) [PSYoungGen: 71520K->1376K(71680K)] 468703K->398559K(628224K), 0.0024974 secs] [Times: user=0.01 sys=0.00, real=0.00 secs] 
2495.912: [GC (Allocation Failure) [PSYoungGen: 71520K->1408K(71680K)] 468703K->398599K(628224K), 0.0023721 secs] [Times: user=0.01 sys=0.00, real=0.00 secs] 
2496.461: [GC (Allocation Failure) [PSYoungGen: 71552K->1376K(71680K)] 468743K->398567K(628224K), 0.0024390 secs] [Times: user=0.01 sys=0.00, real=0.00 secs] 
2497.806: [GC (Allocation Failure) [PSYoungGen: 71520K->1408K(71680K)] 468711K->398599K(628224K), 0.0032674 secs] [Times: user=0.01 sys=0.00, real=0.01 secs] 
2498.479: [GC (Allocation Failure) [PSYoungGen: 71552K->1408K(71680K)] 468743K->398599K(628224K), 0.0032325 secs] [Times: user=0.01 sys=0.00, real=0.00 secs] 
2498.920: [GC (Allocation Failure) [PSYoungGen: 71552K->1408K(71680K)] 468743K->398599K(628224K), 0.0021831 secs] [Times: user=0.01 sys=0.00, real=0.00 secs] 
2499.212: [GC (Allocation Failure) [PSYoungGen: 71552K->1408K(71680K)] 468743K->398599K(628224K), 0.0021247 secs] [Times: user=0.01 sys=0.00, real=0.00 secs] 
2500.047: [GC (Allocation Failure) [PSYoungGen: 71552K->1504K(71680K)] 468743K->398695K(628224K), 0.0020514 secs] [Times: user=0.01 sys=0.00, real=0.00 secs] 
2501.153: [GC (Allocation Failure) [PSYoungGen: 71648K->1376K(71680K)] 468839K->398567K(628224K), 0.0033545 secs] [Times: user=0.02 sys=0.00, real=0.00 secs] 
2501.797: [GC (Allocation Failure) [PSYoungGen: 71520K->1408K(71680K)] 468711K->398599K(628224K), 0.0030665 secs] [Times: user=0.01 sys=0.00, real=0.00 secs] 
2502.320: [GC (Allocation Failure) [PSYoungGen: 71552K->1344K(71680K)] 468743K->398535K(628224K), 0.0022886 secs] [Times: user=0.01 sys=0.00, real=0.00 secs] 
2502.752: [GC (Allocation Failure) [PSYoungGen: 71488K->1373K(71680K)] 468679K->398564K(628224K), 0.0016579 secs] [Times: user=0.01 sys=0.00, real=0.00 secs] 
2503.688: [GC (Allocation Failure) [PSYoungGen: 71517K->1392K(71680K)] 468708K->398583K(628224K), 0.0020189 secs] [Times: user=0.01 sys=0.00, real=0.00 secs] 
2504.321: [GC (Allocation Failure) [PSYoungGen: 71536K->1376K(71680K)] 468727K->398567K(628224K), 0.0018573 secs] [Times: user=0.00 sys=0.00, real=0.00 secs] 
2505.044: [GC (Allocation Failure) [PSYoungGen: 71520K->1376K(71680K)] 468711K->398567K(628224K), 0.0028259 secs] [Times: user=0.01 sys=0.00, real=0.01 secs] 
2505.592: [GC (Allocation Failure) [PSYoungGen: 71520K->1376K(71680K)] 468711K->398575K(628224K), 0.0021716 secs] [Times: user=0.01 sys=0.00, real=0.00 secs] 
2506.708: [GC (Allocation Failure) [PSYoungGen: 71520K->1376K(71680K)] 468719K->398575K(628224K), 0.0051388 secs] [Times: user=0.02 sys=0.00, real=0.00 secs] 
2507.116: [GC (Allocation Failure) [PSYoungGen: 71520K->1408K(71680K)] 468719K->398607K(628224K), 0.0023435 secs] [Times: user=0.01 sys=0.00, real=0.00 secs] 
2507.409: [GC (Allocation Failure) [PSYoungGen: 71552K->1376K(71680K)] 468751K->398575K(628224K), 0.0027421 secs] [Times: user=0.01 sys=0.01, real=0.00 secs] 
2507.707: [GC (Allocation Failure) [PSYoungGen: 71520K->1408K(71680K)] 468719K->398607K(628224K), 0.0019275 secs] [Times: user=0.01 sys=0.00, real=0.00 secs] 
2508.583: [GC (Allocation Failure) [PSYoungGen: 71552K->1440K(71680K)] 468751K->398639K(628224K), 0.0018090 secs] [Times: user=0.01 sys=0.00, real=0.00 secs] 
2509.279: [GC (Allocation Failure) [PSYoungGen: 71584K->1376K(71680K)] 468783K->398575K(628224K), 0.0020098 secs] [Times: user=0.00 sys=0.00, real=0.00 secs] 
2509.696: [GC (Allocation Failure) [PSYoungGen: 71520K->1376K(71680K)] 468719K->398575K(628224K), 0.0019455 secs] [Times: user=0.01 sys=0.00, real=0.01 secs] 
2510.135: [GC (Allocation Failure) [PSYoungGen: 71520K->1408K(71680K)] 468719K->398607K(628224K), 0.0020945 secs] [Times: user=0.01 sys=0.00, real=0.01 secs] 
2511.214: [GC (Allocation Failure) [PSYoungGen: 71552K->1504K(71680K)] 468751K->398799K(628224K), 0.0020000 secs] [Times: user=0.00 sys=0.00, real=0.00 secs] 
2512.217: [GC (Allocation Failure) [PSYoungGen: 71648K->1312K(71680K)] 468943K->398607K(628224K), 0.0032024 secs] [Times: user=0.01 sys=0.00, real=0.00 secs] 
2513.033: [GC (Allocation Failure) [PSYoungGen: 71456K->1312K(71680K)] 468751K->398607K(628224K), 0.0032785 secs] [Times: user=0.01 sys=0.00, real=0.01 secs] 
2514.056: [GC (Allocation Failure) [PSYoungGen: 71456K->1312K(71680K)] 468751K->398607K(628224K), 0.0032585 secs] [Times: user=0.01 sys=0.00, real=0.01 secs] 
2515.004: [GC (Allocation Failure) [PSYoungGen: 71456K->1424K(71680K)] 468751K->398719K(628224K), 0.0017857 secs] [Times: user=0.01 sys=0.00, real=0.00 secs] 
2515.969: [GC (Allocation Failure) [PSYoungGen: 71568K->1440K(71168K)] 468863K->398735K(627712K), 0.0020272 secs] [Times: user=0.01 sys=0.00, real=0.00 secs] 
2516.557: [GC (Allocation Failure) [PSYoungGen: 71072K->1376K(71168K)] 468367K->398679K(627712K), 0.0020369 secs] [Times: user=0.01 sys=0.00, real=0.00 secs] 
2517.109: [GC (Allocation Failure) [PSYoungGen: 71008K->1376K(71168K)] 468311K->398679K(627712K), 0.0020485 secs] [Times: user=0.01 sys=0.00, real=0.00 secs] 
2517.686: [GC (Allocation Failure) [PSYoungGen: 71008K->1440K(71168K)] 468311K->398743K(627712K), 0.0024119 secs] [Times: user=0.01 sys=0.00, real=0.00 secs] 
2518.751: [GC (Allocation Failure) [PSYoungGen: 71072K->1376K(71168K)] 468375K->398679K(627712K), 0.0017772 secs] [Times: user=0.01 sys=0.00, real=0.00 secs] 
2519.402: [GC (Allocation Failure) [PSYoungGen: 71008K->1360K(71168K)] 468311K->398663K(627712K), 0.0020913 secs] [Times: user=0.01 sys=0.00, real=0.00 secs] 
2520.102: [GC (Allocation Failure) [PSYoungGen: 70992K->1408K(71168K)] 468295K->398711K(627712K), 0.0020547 secs] [Times: user=0.01 sys=0.00, real=0.00 secs] 
2520.814: [GC (Allocation Failure) [PSYoungGen: 71040K->1408K(71168K)] 468343K->398711K(627712K), 0.0022790 secs] [Times: user=0.01 sys=0.00, real=0.01 secs] 
2522.294: [GC (Allocation Failure) [PSYoungGen: 71040K->1408K(71168K)] 468343K->398711K(627712K), 0.0021538 secs] [Times: user=0.01 sys=0.00, real=0.00 secs] 
2523.442: [GC (Allocation Failure) [PSYoungGen: 71040K->1408K(71168K)] 468343K->398711K(627712K), 0.0043054 secs] [Times: user=0.02 sys=0.00, real=0.01 secs] 
2524.056: [GC (Allocation Failure) [PSYoungGen: 71040K->1376K(71168K)] 468343K->398695K(627712K), 0.0028210 secs] [Times: user=0.01 sys=0.00, real=0.01 secs] 
2524.668: [GC (Allocation Failure) [PSYoungGen: 71008K->1376K(71168K)] 468327K->398695K(627712K), 0.0025479 secs] [Times: user=0.01 sys=0.00, real=0.00 secs] 
2525.897: [GC (Allocation Failure) [PSYoungGen: 71008K->1357K(71168K)] 468327K->398676K(627712K), 0.0016528 secs] [Times: user=0.00 sys=0.00, real=0.00 secs] 
2526.412: [GC (Allocation Failure) [PSYoungGen: 70989K->1408K(71168K)] 468308K->398727K(627712K), 0.0018595 secs] [Times: user=0.01 sys=0.00, real=0.00 secs] 
2526.701: [GC (Allocation Failure) [PSYoungGen: 71040K->1440K(71168K)] 468359K->398759K(627712K), 0.0018023 secs] [Times: user=0.00 sys=0.00, real=0.00 secs] 
2526.990: [GC (Allocation Failure) [PSYoungGen: 71072K->1344K(71168K)] 468391K->398679K(627712K), 0.0018193 secs] [Times: user=0.01 sys=0.00, real=0.00 secs] 
2527.279: [GC (Allocation Failure) [PSYoungGen: 70976K->1376K(71168K)] 468311K->398711K(627712K), 0.0018481 secs] [Times: user=0.01 sys=0.00, real=0.00 secs] 
2528.249: [GC (Allocation Failure) [PSYoungGen: 71008K->1408K(71168K)] 468343K->398743K(627712K), 0.0020271 secs] [Times: user=0.00 sys=0.00, real=0.00 secs] 
2528.580: [GC (Allocation Failure) [PSYoungGen: 71040K->1392K(71168K)] 468375K->398727K(627712K), 0.0020082 secs] [Times: user=0.00 sys=0.00, real=0.00 secs] 
2528.910: [GC (Allocation Failure) [PSYoungGen: 71024K->1376K(71168K)] 468359K->398711K(627712K), 0.0023177 secs] [Times: user=0.00 sys=0.00, real=0.00 secs] 
2529.200: [GC (Allocation Failure) [PSYoungGen: 71008K->1392K(71168K)] 468343K->398727K(627712K), 0.0021636 secs] [Times: user=0.01 sys=0.00, real=0.00 secs] 
2529.964: [GC (Allocation Failure) [PSYoungGen: 71024K->1376K(71168K)] 468359K->398711K(627712K), 0.0017475 secs] [Times: user=0.01 sys=0.00, real=0.00 secs] 
2530.253: [GC (Allocation Failure) [PSYoungGen: 71008K->1312K(71168K)] 468343K->398647K(627712K), 0.0018119 secs] [Times: user=0.01 sys=0.00, real=0.00 secs] 
2530.541: [GC (Allocation Failure) [PSYoungGen: 70944K->1376K(71168K)] 468279K->398711K(627712K), 0.0017552 secs] [Times: user=0.01 sys=0.00, real=0.00 secs] 
2530.851: [GC (Allocation Failure) [PSYoungGen: 71008K->1376K(71168K)] 468343K->398711K(627712K), 0.0035549 secs] [Times: user=0.01 sys=0.00, real=0.00 secs] 
2531.717: [GC (Allocation Failure) [PSYoungGen: 71008K->1408K(71168K)] 468343K->398743K(627712K), 0.0017327 secs] [Times: user=0.01 sys=0.00, real=0.00 secs] 
2532.052: [GC (Allocation Failure) [PSYoungGen: 71040K->1376K(71168K)] 468375K->398727K(627712K), 0.0018160 secs] [Times: user=0.01 sys=0.01, real=0.00 secs] 
2532.441: [GC (Allocation Failure) [PSYoungGen: 71008K->1344K(71168K)] 468359K->398703K(627712K), 0.0019409 secs] [Times: user=0.01 sys=0.00, real=0.00 secs] 
2533.058: [GC (Allocation Failure) [PSYoungGen: 70976K->1408K(71168K)] 468335K->398767K(627712K), 0.0034533 secs] [Times: user=0.02 sys=0.00, real=0.00 secs] 
2533.893: [GC (Allocation Failure) [PSYoungGen: 71040K->1373K(71168K)] 468399K->398732K(627712K), 0.0014949 secs] [Times: user=0.00 sys=0.00, real=0.00 secs] 
2535.091: [GC (Allocation Failure) [PSYoungGen: 71005K->1408K(71168K)] 468364K->398767K(627712K), 0.0056902 secs] [Times: user=0.02 sys=0.00, real=0.00 secs] 
2536.149: [GC (Allocation Failure) [PSYoungGen: 71040K->1344K(71168K)] 468399K->398703K(627712K), 0.0056546 secs] [Times: user=0.02 sys=0.00, real=0.00 secs] 
2536.863: [GC (Allocation Failure) [PSYoungGen: 70976K->1408K(71168K)] 468335K->398775K(627712K), 0.0030146 secs] [Times: user=0.01 sys=0.00, real=0.00 secs] 
2537.548: [GC (Allocation Failure) [PSYoungGen: 71040K->1408K(71168K)] 468407K->398775K(627712K), 0.0028395 secs] [Times: user=0.01 sys=0.00, real=0.00 secs] 
2538.489: [GC (Allocation Failure) [PSYoungGen: 71040K->1376K(71168K)] 468407K->398743K(627712K), 0.0018970 secs] [Times: user=0.01 sys=0.00, real=0.00 secs] 
2538.794: [GC (Allocation Failure) [PSYoungGen: 71008K->1376K(71168K)] 468375K->398751K(627712K), 0.0020438 secs] [Times: user=0.01 sys=0.00, real=0.00 secs] 
2539.383: [GC (Allocation Failure) [PSYoungGen: 71008K->1408K(71168K)] 468383K->398783K(627712K), 0.0022446 secs] [Times: user=0.01 sys=0.00, real=0.00 secs] 
2540.299: [GC (Allocation Failure) [PSYoungGen: 71040K->1376K(71168K)] 468415K->398751K(627712K), 0.0032822 secs] [Times: user=0.01 sys=0.00, real=0.00 secs] 
2541.661: [GC (Allocation Failure) [PSYoungGen: 71008K->1408K(71168K)] 468383K->398791K(627712K), 0.0017824 secs] [Times: user=0.01 sys=0.00, real=0.00 secs] 
2542.530: [GC (Allocation Failure) [PSYoungGen: 71040K->1408K(71168K)] 468423K->398791K(627712K), 0.0029181 secs] [Times: user=0.01 sys=0.00, real=0.00 secs] 
2543.128: [GC (Allocation Failure) [PSYoungGen: 71040K->1376K(71168K)] 468423K->398759K(627712K), 0.0032192 secs] [Times: user=0.01 sys=0.00, real=0.00 secs] 
2543.736: [GC (Allocation Failure) [PSYoungGen: 71008K->1376K(71168K)] 468391K->398759K(627712K), 0.0025498 secs] [Times: user=0.01 sys=0.00, real=0.01 secs] 
2544.664: [GC (Allocation Failure) [PSYoungGen: 71008K->1504K(71168K)] 468391K->398895K(627712K), 0.0017790 secs] [Times: user=0.00 sys=0.00, real=0.00 secs] 
2544.951: [GC (Allocation Failure) [PSYoungGen: 71136K->1344K(71168K)] 468527K->398735K(627712K), 0.0018290 secs] [Times: user=0.00 sys=0.00, real=0.00 secs] 
2545.240: [GC (Allocation Failure) [PSYoungGen: 70976K->1408K(71168K)] 468367K->398799K(627712K), 0.0017585 secs] [Times: user=0.01 sys=0.00, real=0.00 secs] 
2545.529: [GC (Allocation Failure) [PSYoungGen: 71040K->1408K(71168K)] 468431K->398799K(627712K), 0.0018260 secs] [Times: user=0.01 sys=0.00, real=0.00 secs] 
2545.875: [GC (Allocation Failure) [PSYoungGen: 71040K->1341K(71168K)] 468431K->398748K(627712K), 0.0017849 secs] [Times: user=0.01 sys=0.00, real=0.01 secs] 
2546.727: [GC (Allocation Failure) [PSYoungGen: 70973K->1424K(71168K)] 468380K->398831K(627712K), 0.0019533 secs] [Times: user=0.01 sys=0.00, real=0.00 secs] 
2547.304: [GC (Allocation Failure) [PSYoungGen: 71056K->1440K(71168K)] 468463K->398847K(627712K), 0.0017608 secs] [Times: user=0.01 sys=0.00, real=0.00 secs] 
2547.881: [GC (Allocation Failure) [PSYoungGen: 71072K->1376K(71168K)] 468479K->398783K(627712K), 0.0021432 secs] [Times: user=0.01 sys=0.00, real=0.00 secs] 
2548.592: [GC (Allocation Failure) [PSYoungGen: 71008K->1376K(71168K)] 468415K->398783K(627712K), 0.0024411 secs] [Times: user=0.01 sys=0.00, real=0.00 secs] 
2549.600: [GC (Allocation Failure) [PSYoungGen: 71008K->1392K(71168K)] 468415K->398799K(627712K), 0.0019224 secs] [Times: user=0.01 sys=0.00, real=0.00 secs] 
2549.925: [GC (Allocation Failure) [PSYoungGen: 71024K->1344K(71168K)] 468431K->398751K(627712K), 0.0020084 secs] [Times: user=0.01 sys=0.00, real=0.01 secs] 
2550.270: [GC (Allocation Failure) [PSYoungGen: 70976K->1376K(71168K)] 468383K->398783K(627712K), 0.0022310 secs] [Times: user=0.01 sys=0.00, real=0.00 secs] 
2550.593: [GC (Allocation Failure) [PSYoungGen: 71008K->1376K(71168K)] 468415K->398783K(627712K), 0.0021230 secs] [Times: user=0.01 sys=0.00, real=0.00 secs] 
2551.407: [GC (Allocation Failure) [PSYoungGen: 71008K->1424K(71168K)] 468415K->398831K(627712K), 0.0018528 secs] [Times: user=0.00 sys=0.00, real=0.00 secs] 
2551.759: [GC (Allocation Failure) [PSYoungGen: 71056K->1376K(71168K)] 468463K->398783K(627712K), 0.0024754 secs] [Times: user=0.01 sys=0.00, real=0.00 secs] 
2552.082: [GC (Allocation Failure) [PSYoungGen: 71008K->1376K(71168K)] 468415K->398791K(627712K), 0.0017099 secs] [Times: user=0.01 sys=0.00, real=0.00 secs] 
2552.426: [GC (Allocation Failure) [PSYoungGen: 71008K->1376K(71168K)] 468423K->398791K(627712K), 0.0019590 secs] [Times: user=0.01 sys=0.00, real=0.01 secs] 
2553.174: [GC (Allocation Failure) [PSYoungGen: 71008K->1373K(71168K)] 468423K->398812K(627712K), 0.0015660 secs] [Times: user=0.01 sys=0.00, real=0.00 secs] 
2553.705: [GC (Allocation Failure) [PSYoungGen: 71005K->1376K(71168K)] 468444K->398815K(627712K), 0.0020039 secs] [Times: user=0.01 sys=0.00, real=0.01 secs] 
2554.110: [GC (Allocation Failure) [PSYoungGen: 71008K->1376K(71168K)] 468447K->398815K(627712K), 0.0020344 secs] [Times: user=0.01 sys=0.00, real=0.00 secs] 
2554.718: [GC (Allocation Failure) [PSYoungGen: 71008K->1376K(71168K)] 468447K->398815K(627712K), 0.0025169 secs] [Times: user=0.01 sys=0.01, real=0.00 secs] 
2555.474: [GC (Allocation Failure) [PSYoungGen: 71008K->1408K(71168K)] 468447K->398847K(627712K), 0.0027183 secs] [Times: user=0.01 sys=0.00, real=0.00 secs] 
2556.485: [GC (Allocation Failure) [PSYoungGen: 71040K->1408K(71168K)] 468479K->398847K(627712K), 0.0021912 secs] [Times: user=0.01 sys=0.00, real=0.01 secs] 
2556.879: [GC (Allocation Failure) [PSYoungGen: 71040K->1376K(71168K)] 468479K->398815K(627712K), 0.0021362 secs] [Times: user=0.01 sys=0.00, real=0.00 secs] 
2557.205: [GC (Allocation Failure) [PSYoungGen: 71008K->1376K(71168K)] 468447K->398815K(627712K), 0.0021920 secs] [Times: user=0.01 sys=0.00, real=0.01 secs] 
2557.620: [GC (Allocation Failure) [PSYoungGen: 71008K->1376K(71168K)] 468447K->398815K(627712K), 0.0021016 secs] [Times: user=0.01 sys=0.00, real=0.00 secs] 
2558.569: [GC (Allocation Failure) [PSYoungGen: 71008K->1376K(71168K)] 468447K->398815K(627712K), 0.0018881 secs] [Times: user=0.01 sys=0.00, real=0.00 secs] 
2559.172: [GC (Allocation Failure) [PSYoungGen: 71008K->1376K(71168K)] 468447K->398815K(627712K), 0.0034637 secs] [Times: user=0.02 sys=0.00, real=0.00 secs] 
2559.520: [GC (Allocation Failure) [PSYoungGen: 71008K->1408K(71168K)] 468447K->398847K(627712K), 0.0027723 secs] [Times: user=0.01 sys=0.00, real=0.00 secs] 
2559.969: [GC (Allocation Failure) [PSYoungGen: 71040K->1376K(71168K)] 468479K->398815K(627712K), 0.0030155 secs] [Times: user=0.01 sys=0.00, real=0.00 secs] 
2560.922: [GC (Allocation Failure) [PSYoungGen: 71008K->928K(71168K)] 468447K->399391K(627712K), 0.0014985 secs] [Times: user=0.00 sys=0.00, real=0.00 secs] 
2561.419: [GC (Allocation Failure) [PSYoungGen: 70560K->320K(71168K)] 469023K->398783K(627712K), 0.0015183 secs] [Times: user=0.00 sys=0.00, real=0.00 secs] 
2561.711: [GC (Allocation Failure) [PSYoungGen: 69952K->352K(71680K)] 468415K->398815K(628224K), 0.0015475 secs] [Times: user=0.01 sys=0.00, real=0.00 secs] 
2562.000: [GC (Allocation Failure) [PSYoungGen: 69984K->320K(71680K)] 468447K->398783K(628224K), 0.0025438 secs] [Times: user=0.01 sys=0.00, real=0.00 secs] 
2562.476: [GC (Allocation Failure) [PSYoungGen: 69952K->1360K(71680K)] 468415K->399823K(628224K), 0.0017071 secs] [Times: user=0.01 sys=0.00, real=0.01 secs] 
2563.063: [GC (Allocation Failure) [PSYoungGen: 70992K->1408K(71680K)] 469455K->399871K(628224K), 0.0032630 secs] [Times: user=0.01 sys=0.00, real=0.00 secs] 
2563.550: [GC (Allocation Failure) [PSYoungGen: 71040K->1440K(71680K)] 469503K->399919K(628224K), 0.0024375 secs] [Times: user=0.01 sys=0.00, real=0.00 secs] 
2564.050: [GC (Allocation Failure) [PSYoungGen: 71072K->1408K(71680K)] 469551K->399887K(628224K), 0.0025426 secs] [Times: user=0.01 sys=0.00, real=0.00 secs] 
2564.522: [GC (Allocation Failure) [PSYoungGen: 71040K->1408K(71680K)] 469519K->399887K(628224K), 0.0020866 secs] [Times: user=0.01 sys=0.00, real=0.00 secs] 
2565.326: [GC (Allocation Failure) [PSYoungGen: 71040K->1376K(71680K)] 469519K->399863K(628224K), 0.0018050 secs] [Times: user=0.01 sys=0.00, real=0.00 secs] 
2565.786: [GC (Allocation Failure) [PSYoungGen: 71008K->1376K(71680K)] 469495K->399863K(628224K), 0.0018867 secs] [Times: user=0.01 sys=0.00, real=0.01 secs] 
2566.304: [GC (Allocation Failure) [PSYoungGen: 71008K->1376K(71680K)] 469495K->399871K(628224K), 0.0032950 secs] [Times: user=0.01 sys=0.00, real=0.01 secs] 
2566.858: [GC (Allocation Failure) [PSYoungGen: 71008K->1408K(71680K)] 469503K->399903K(628224K), 0.0033658 secs] [Times: user=0.02 sys=0.01, real=0.00 secs] 
2568.001: [GC (Allocation Failure) [PSYoungGen: 71040K->1376K(71680K)] 469535K->399871K(628224K), 0.0020677 secs] [Times: user=0.01 sys=0.00, real=0.00 secs] 
2569.032: [GC (Allocation Failure) [PSYoungGen: 71008K->1408K(71680K)] 469503K->399903K(628224K), 0.0030462 secs] [Times: user=0.01 sys=0.00, real=0.00 secs] 
2570.179: [GC (Allocation Failure) [PSYoungGen: 71040K->1360K(71680K)] 469535K->399855K(628224K), 0.0039477 secs] [Times: user=0.02 sys=0.00, real=0.00 secs] 
2571.337: [GC (Allocation Failure) [PSYoungGen: 70992K->1376K(71680K)] 469487K->399871K(628224K), 0.0043678 secs] [Times: user=0.02 sys=0.01, real=0.00 secs] 
2572.582: [GC (Allocation Failure) [PSYoungGen: 71008K->320K(71680K)] 469503K->398815K(628224K), 0.0015499 secs] [Times: user=0.00 sys=0.00, real=0.00 secs] 
2573.578: [GC (Allocation Failure) [PSYoungGen: 69952K->1424K(71680K)] 468447K->399919K(628224K), 0.0027359 secs] [Times: user=0.01 sys=0.00, real=0.00 secs] 
2574.881: [GC (Allocation Failure) [PSYoungGen: 71056K->1408K(71680K)] 469551K->399903K(628224K), 0.0027858 secs] [Times: user=0.01 sys=0.00, real=0.00 secs] 
2575.451: [GC (Allocation Failure) [PSYoungGen: 71040K->1408K(71680K)] 469535K->399911K(628224K), 0.0025766 secs] [Times: user=0.01 sys=0.00, real=0.00 secs] 
2576.138: [GC (Allocation Failure) [PSYoungGen: 71040K->1408K(71680K)] 469543K->399911K(628224K), 0.0021713 secs] [Times: user=0.01 sys=0.00, real=0.00 secs] 
2576.914: [GC (Allocation Failure) [PSYoungGen: 71040K->1408K(71680K)] 469543K->399911K(628224K), 0.0019234 secs] [Times: user=0.01 sys=0.00, real=0.00 secs] 
2577.239: [GC (Allocation Failure) [PSYoungGen: 71040K->1344K(71680K)] 469543K->399847K(628224K), 0.0019377 secs] [Times: user=0.00 sys=0.00, real=0.00 secs] 
2577.557: [GC (Allocation Failure) [PSYoungGen: 70976K->1408K(71680K)] 469479K->399927K(628224K), 0.0018447 secs] [Times: user=0.01 sys=0.00, real=0.00 secs] 
2577.847: [GC (Allocation Failure) [PSYoungGen: 71040K->1392K(71680K)] 469559K->399911K(628224K), 0.0018311 secs] [Times: user=0.00 sys=0.00, real=0.00 secs] 
2578.621: [GC (Allocation Failure) [PSYoungGen: 71024K->1408K(71680K)] 469543K->399927K(628224K), 0.0018379 secs] [Times: user=0.01 sys=0.00, real=0.00 secs] 
2578.932: [GC (Allocation Failure) [PSYoungGen: 71040K->1344K(71680K)] 469559K->399863K(628224K), 0.0017881 secs] [Times: user=0.01 sys=0.00, real=0.00 secs] 
2579.273: [GC (Allocation Failure) [PSYoungGen: 70976K->1408K(71680K)] 469495K->399927K(628224K), 0.0017304 secs] [Times: user=0.01 sys=0.00, real=0.00 secs] 
2580.387: [GC (Allocation Failure) [PSYoungGen: 71040K->1408K(71680K)] 469559K->399927K(628224K), 0.0028215 secs] [Times: user=0.01 sys=0.00, real=0.00 secs] 
2581.149: [GC (Allocation Failure) [PSYoungGen: 71040K->1424K(71680K)] 469559K->399943K(628224K), 0.0020109 secs] [Times: user=0.01 sys=0.00, real=0.00 secs] 
2581.797: [GC (Allocation Failure) [PSYoungGen: 71056K->1376K(71680K)] 469575K->399895K(628224K), 0.0061620 secs] [Times: user=0.03 sys=0.00, real=0.00 secs] 
2582.358: [GC (Allocation Failure) [PSYoungGen: 71008K->1360K(71680K)] 469527K->399879K(628224K), 0.0023728 secs] [Times: user=0.01 sys=0.00, real=0.00 secs] 
2583.318: [GC (Allocation Failure) [PSYoungGen: 70992K->1344K(71680K)] 469511K->399863K(628224K), 0.0017182 secs] [Times: user=0.01 sys=0.00, real=0.00 secs] 
2584.003: [GC (Allocation Failure) [PSYoungGen: 70976K->1392K(71680K)] 469495K->399911K(628224K), 0.0019811 secs] [Times: user=0.01 sys=0.00, real=0.00 secs] 
2584.325: [GC (Allocation Failure) [PSYoungGen: 71024K->1344K(71680K)] 469543K->399887K(628224K), 0.0022666 secs] [Times: user=0.01 sys=0.00, real=0.01 secs] 
2584.731: [GC (Allocation Failure) [PSYoungGen: 70976K->1312K(71680K)] 469519K->399855K(628224K), 0.0021325 secs] [Times: user=0.01 sys=0.00, real=0.00 secs] 
2585.421: [GC (Allocation Failure) [PSYoungGen: 70944K->1373K(71680K)] 469487K->399916K(628224K), 0.0015918 secs] [Times: user=0.00 sys=0.00, real=0.00 secs] 
2587.089: [GC (Allocation Failure) [PSYoungGen: 71005K->1408K(71680K)] 469548K->399951K(628224K), 0.0033990 secs] [Times: user=0.02 sys=0.00, real=0.00 secs] 
2587.715: [GC (Allocation Failure) [PSYoungGen: 71040K->1328K(71680K)] 469583K->399871K(628224K), 0.0026190 secs] [Times: user=0.01 sys=0.00, real=0.01 secs] 
2588.320: [GC (Allocation Failure) [PSYoungGen: 70960K->1376K(71680K)] 469503K->399919K(628224K), 0.0045338 secs] [Times: user=0.01 sys=0.00, real=0.00 secs] 
2588.863: [GC (Allocation Failure) [PSYoungGen: 71008K->1328K(71168K)] 469551K->399871K(627712K), 0.0031575 secs] [Times: user=0.01 sys=0.00, real=0.01 secs] 
2590.233: [GC (Allocation Failure) [PSYoungGen: 70960K->1408K(71168K)] 469503K->399951K(627712K), 0.0027277 secs] [Times: user=0.01 sys=0.00, real=0.00 secs] 
2591.340: [GC (Allocation Failure) [PSYoungGen: 71040K->1376K(71168K)] 469583K->399919K(627712K), 0.0055647 secs] [Times: user=0.03 sys=0.00, real=0.00 secs] 
2592.194: [GC (Allocation Failure) [PSYoungGen: 71008K->1408K(71168K)] 469551K->399951K(627712K), 0.0028767 secs] [Times: user=0.01 sys=0.00, real=0.01 secs] 
2593.069: [GC (Allocation Failure) [PSYoungGen: 71040K->1376K(71168K)] 469583K->399919K(627712K), 0.0045741 secs] [Times: user=0.02 sys=0.00, real=0.00 secs] 
2594.107: [GC (Allocation Failure) [PSYoungGen: 71008K->1440K(71168K)] 469551K->399983K(627712K), 0.0017999 secs] [Times: user=0.00 sys=0.00, real=0.00 secs] 
2594.696: [GC (Allocation Failure) [PSYoungGen: 71072K->1376K(71168K)] 469615K->399919K(627712K), 0.0017861 secs] [Times: user=0.01 sys=0.00, real=0.01 secs] 
2595.296: [GC (Allocation Failure) [PSYoungGen: 71008K->1376K(71168K)] 469551K->399919K(627712K), 0.0046898 secs] [Times: user=0.02 sys=0.00, real=0.01 secs] 
2595.975: [GC (Allocation Failure) [PSYoungGen: 71008K->1408K(71168K)] 469551K->399951K(627712K), 0.0027909 secs] [Times: user=0.01 sys=0.00, real=0.01 secs] 
2596.901: [GC (Allocation Failure) [PSYoungGen: 71040K->1408K(71168K)] 469583K->399951K(627712K), 0.0016849 secs] [Times: user=0.01 sys=0.00, real=0.00 secs] 
2597.503: [GC (Allocation Failure) [PSYoungGen: 71040K->1376K(71168K)] 469583K->399919K(627712K), 0.0017348 secs] [Times: user=0.01 sys=0.00, real=0.00 secs] 
2598.112: [GC (Allocation Failure) [PSYoungGen: 71008K->1376K(71168K)] 469551K->399927K(627712K), 0.0018020 secs] [Times: user=0.01 sys=0.00, real=0.00 secs] 
2598.586: [GC (Allocation Failure) [PSYoungGen: 71008K->1408K(71168K)] 469559K->399959K(627712K), 0.0025873 secs] [Times: user=0.01 sys=0.00, real=0.00 secs] 
2599.124: [GC (Allocation Failure) [PSYoungGen: 71040K->1357K(71168K)] 469591K->399908K(627712K), 0.0016966 secs] [Times: user=0.01 sys=0.00, real=0.00 secs] 
2599.694: [GC (Allocation Failure) [PSYoungGen: 70989K->1344K(71168K)] 469540K->399895K(627712K), 0.0017986 secs] [Times: user=0.01 sys=0.00, real=0.00 secs] 
2600.007: [GC (Allocation Failure) [PSYoungGen: 70976K->1376K(71168K)] 469527K->399927K(627712K), 0.0017753 secs] [Times: user=0.01 sys=0.00, real=0.00 secs] 
2600.328: [GC (Allocation Failure) [PSYoungGen: 71008K->1376K(71168K)] 469559K->399927K(627712K), 0.0017639 secs] [Times: user=0.00 sys=0.00, real=0.00 secs] 
2600.616: [GC (Allocation Failure) [PSYoungGen: 71008K->1376K(71168K)] 469559K->399927K(627712K), 0.0017086 secs] [Times: user=0.01 sys=0.00, real=0.01 secs] 
2601.591: [GC (Allocation Failure) [PSYoungGen: 71008K->1376K(71168K)] 469559K->399927K(627712K), 0.0019521 secs] [Times: user=0.01 sys=0.00, real=0.00 secs] 
2601.889: [GC (Allocation Failure) [PSYoungGen: 71008K->1376K(71168K)] 469559K->399927K(627712K), 0.0019312 secs] [Times: user=0.01 sys=0.00, real=0.00 secs] 
2602.447: [GC (Allocation Failure) [PSYoungGen: 71008K->1376K(71168K)] 469559K->399927K(627712K), 0.0035940 secs] [Times: user=0.01 sys=0.00, real=0.00 secs] 
2603.233: [GC (Allocation Failure) [PSYoungGen: 71008K->1376K(71168K)] 469559K->399927K(627712K), 0.0046737 secs] [Times: user=0.02 sys=0.00, real=0.01 secs] 
2604.835: [GC (Allocation Failure) [PSYoungGen: 71008K->1408K(71168K)] 469559K->399967K(627712K), 0.0024792 secs] [Times: user=0.01 sys=0.00, real=0.01 secs] 
2605.776: [GC (Allocation Failure) [PSYoungGen: 71040K->1376K(71168K)] 469599K->399935K(627712K), 0.0042399 secs] [Times: user=0.01 sys=0.00, real=0.01 secs] 
2606.628: [GC (Allocation Failure) [PSYoungGen: 71008K->1408K(71168K)] 469567K->399967K(627712K), 0.0034678 secs] [Times: user=0.01 sys=0.00, real=0.00 secs] 
2607.204: [GC (Allocation Failure) [PSYoungGen: 71040K->1360K(71168K)] 469599K->399919K(627712K), 0.0030940 secs] [Times: user=0.01 sys=0.00, real=0.01 secs] 
2607.942: [GC (Allocation Failure) [PSYoungGen: 70992K->1424K(71168K)] 469551K->399983K(627712K), 0.0017229 secs] [Times: user=0.01 sys=0.00, real=0.00 secs] 
2609.839: [GC (Allocation Failure) [PSYoungGen: 71056K->1344K(71168K)] 469615K->399903K(627712K), 0.0048164 secs] [Times: user=0.02 sys=0.00, real=0.00 secs] 
2610.409: [GC (Allocation Failure) [PSYoungGen: 70976K->1360K(71168K)] 469535K->399919K(627712K), 0.0039609 secs] [Times: user=0.02 sys=0.00, real=0.00 secs] 
2610.734: [GC (Allocation Failure) [PSYoungGen: 70992K->1392K(71168K)] 469551K->399951K(627712K), 0.0020788 secs] [Times: user=0.01 sys=0.00, real=0.01 secs] 
2611.024: [GC (Allocation Failure) [PSYoungGen: 71024K->1408K(71168K)] 469583K->399967K(627712K), 0.0021201 secs] [Times: user=0.00 sys=0.00, real=0.00 secs] 
2612.327: [GC (Allocation Failure) [PSYoungGen: 71040K->1376K(71168K)] 469599K->399935K(627712K), 0.0028520 secs] [Times: user=0.01 sys=0.01, real=0.00 secs] 
2613.533: [GC (Allocation Failure) [PSYoungGen: 71008K->1344K(71168K)] 469567K->399903K(627712K), 0.0054572 secs] [Times: user=0.02 sys=0.00, real=0.01 secs] 
2614.201: [GC (Allocation Failure) [PSYoungGen: 70976K->1408K(71168K)] 469535K->399967K(627712K), 0.0033443 secs] [Times: user=0.01 sys=0.00, real=0.00 secs] 
2615.083: [GC (Allocation Failure) [PSYoungGen: 71040K->1344K(71168K)] 469599K->399903K(627712K), 0.0037334 secs] [Times: user=0.01 sys=0.00, real=0.01 secs] 
2616.504: [GC (Allocation Failure) [PSYoungGen: 70976K->1376K(71168K)] 469535K->399935K(627712K), 0.0022590 secs] [Times: user=0.01 sys=0.00, real=0.01 secs] 
2617.161: [GC (Allocation Failure) [PSYoungGen: 71008K->1376K(71168K)] 469567K->399935K(627712K), 0.0023096 secs] [Times: user=0.01 sys=0.00, real=0.00 secs] 
2617.744: [GC (Allocation Failure) [PSYoungGen: 71008K->1408K(71168K)] 469567K->399967K(627712K), 0.0033893 secs] [Times: user=0.01 sys=0.00, real=0.01 secs] 
2618.380: [GC (Allocation Failure) [PSYoungGen: 71040K->1344K(71168K)] 469599K->399911K(627712K), 0.0033199 secs] [Times: user=0.01 sys=0.00, real=0.00 secs] 
2619.511: [GC (Allocation Failure) [PSYoungGen: 70976K->1440K(71168K)] 469543K->400007K(627712K), 0.0017786 secs] [Times: user=0.00 sys=0.00, real=0.00 secs] 
2620.265: [GC (Allocation Failure) [PSYoungGen: 71072K->1344K(71168K)] 469639K->399911K(627712K), 0.0016809 secs] [Times: user=0.01 sys=0.00, real=0.01 secs] 
2620.933: [GC (Allocation Failure) [PSYoungGen: 70976K->1376K(71168K)] 469543K->399943K(627712K), 0.0019520 secs] [Times: user=0.01 sys=0.00, real=0.00 secs] 
2621.223: [GC (Allocation Failure) [PSYoungGen: 71008K->1376K(71168K)] 469575K->399943K(627712K), 0.0020017 secs] [Times: user=0.00 sys=0.00, real=0.00 secs] 
2621.785: [GC (Allocation Failure) [PSYoungGen: 71008K->1373K(71168K)] 469575K->399940K(627712K), 0.0015097 secs] [Times: user=0.01 sys=0.00, real=0.01 secs] 
2622.861: [GC (Allocation Failure) [PSYoungGen: 71005K->1408K(71168K)] 469572K->399975K(627712K), 0.0017160 secs] [Times: user=0.01 sys=0.00, real=0.00 secs] 
2623.757: [GC (Allocation Failure) [PSYoungGen: 71040K->1376K(71168K)] 469607K->399943K(627712K), 0.0020615 secs] [Times: user=0.01 sys=0.00, real=0.00 secs] 
2624.522: [GC (Allocation Failure) [PSYoungGen: 71008K->1344K(71168K)] 469575K->399911K(627712K), 0.0022989 secs] [Times: user=0.01 sys=0.00, real=0.00 secs] 
2625.240: [GC (Allocation Failure) [PSYoungGen: 70976K->1344K(71168K)] 469543K->399911K(627712K), 0.0025428 secs] [Times: user=0.01 sys=0.00, real=0.00 secs] 
2626.300: [GC (Allocation Failure) [PSYoungGen: 70976K->1408K(71168K)] 469543K->399975K(627712K), 0.0017968 secs] [Times: user=0.00 sys=0.00, real=0.00 secs] 
2626.922: [GC (Allocation Failure) [PSYoungGen: 71040K->1376K(71168K)] 469607K->399943K(627712K), 0.0037286 secs] [Times: user=0.01 sys=0.00, real=0.00 secs] 
2627.400: [GC (Allocation Failure) [PSYoungGen: 71008K->1376K(71168K)] 469575K->399951K(627712K), 0.0021354 secs] [Times: user=0.01 sys=0.00, real=0.00 secs] 
2627.687: [GC (Allocation Failure) [PSYoungGen: 71008K->1376K(71168K)] 469583K->399951K(627712K), 0.0020187 secs] [Times: user=0.01 sys=0.00, real=0.00 secs] 
2628.698: [GC (Allocation Failure) [PSYoungGen: 71008K->1408K(71168K)] 469583K->399983K(627712K), 0.0017882 secs] [Times: user=0.01 sys=0.00, real=0.00 secs] 
2629.571: [GC (Allocation Failure) [PSYoungGen: 71040K->1408K(71168K)] 469615K->399983K(627712K), 0.0024034 secs] [Times: user=0.00 sys=0.00, real=0.00 secs] 
2630.476: [GC (Allocation Failure) [PSYoungGen: 71040K->1344K(71168K)] 469615K->399919K(627712K), 0.0056063 secs] [Times: user=0.03 sys=0.00, real=0.01 secs] 
2631.214: [GC (Allocation Failure) [PSYoungGen: 70976K->1408K(71168K)] 469551K->399983K(627712K), 0.0034258 secs] [Times: user=0.02 sys=0.00, real=0.01 secs] 
2632.162: [GC (Allocation Failure) [PSYoungGen: 71040K->1520K(71168K)] 469615K->400103K(627712K), 0.0016985 secs] [Times: user=0.00 sys=0.00, real=0.00 secs] 
2633.028: [GC (Allocation Failure) [PSYoungGen: 71152K->1376K(71168K)] 469735K->399959K(627712K), 0.0019159 secs] [Times: user=0.00 sys=0.00, real=0.00 secs] 
2633.692: [GC (Allocation Failure) [PSYoungGen: 71008K->1376K(71168K)] 469591K->399959K(627712K), 0.0018540 secs] [Times: user=0.01 sys=0.00, real=0.00 secs] 
2634.400: [GC (Allocation Failure) [PSYoungGen: 71008K->1376K(71168K)] 469591K->399959K(627712K), 0.0018287 secs] [Times: user=0.00 sys=0.00, real=0.00 secs] 
2635.142: [GC (Allocation Failure) [PSYoungGen: 71008K->1376K(71168K)] 469591K->399959K(627712K), 0.0055461 secs] [Times: user=0.02 sys=0.00, real=0.01 secs] 
2636.161: [GC (Allocation Failure) [PSYoungGen: 71008K->1392K(71168K)] 469591K->399975K(627712K), 0.0018286 secs] [Times: user=0.01 sys=0.00, real=0.00 secs] 
2636.450: [GC (Allocation Failure) [PSYoungGen: 71024K->1376K(71168K)] 469607K->399967K(627712K), 0.0017926 secs] [Times: user=0.01 sys=0.00, real=0.00 secs] 
2636.941: [GC (Allocation Failure) [PSYoungGen: 71008K->1440K(71168K)] 469599K->400039K(627712K), 0.0018092 secs] [Times: user=0.00 sys=0.00, real=0.00 secs] 
2637.447: [GC (Allocation Failure) [PSYoungGen: 71072K->1376K(71168K)] 469671K->399975K(627712K), 0.0018020 secs] [Times: user=0.01 sys=0.00, real=0.00 secs] 
2638.417: [GC (Allocation Failure) [PSYoungGen: 71008K->1360K(71168K)] 469607K->399959K(627712K), 0.0024721 secs] [Times: user=0.01 sys=0.00, real=0.00 secs] 
2638.782: [GC (Allocation Failure) [PSYoungGen: 70992K->1376K(71168K)] 469591K->399975K(627712K), 0.0021461 secs] [Times: user=0.01 sys=0.00, real=0.00 secs] 
2639.412: [GC (Allocation Failure) [PSYoungGen: 71008K->1344K(71168K)] 469607K->399943K(627712K), 0.0024093 secs] [Times: user=0.02 sys=0.00, real=0.00 secs] 
2640.138: [GC (Allocation Failure) [PSYoungGen: 70976K->1440K(71168K)] 469575K->400039K(627712K), 0.0024923 secs] [Times: user=0.01 sys=0.00, real=0.00 secs] 
2641.305: [GC (Allocation Failure) [PSYoungGen: 71072K->1440K(71168K)] 469671K->400039K(627712K), 0.0016178 secs] [Times: user=0.00 sys=0.00, real=0.01 secs] 
2641.956: [GC (Allocation Failure) [PSYoungGen: 71072K->1376K(71168K)] 469671K->399975K(627712K), 0.0034752 secs] [Times: user=0.01 sys=0.00, real=0.01 secs] 
2642.506: [GC (Allocation Failure) [PSYoungGen: 71008K->1408K(71168K)] 469607K->400007K(627712K), 0.0033358 secs] [Times: user=0.01 sys=0.00, real=0.01 secs] 
2643.049: [GC (Allocation Failure) [PSYoungGen: 71040K->1376K(71168K)] 469639K->399975K(627712K), 0.0028992 secs] [Times: user=0.01 sys=0.00, real=0.00 secs] 
2643.838: [GC (Allocation Failure) [PSYoungGen: 71008K->1405K(71168K)] 469607K->400004K(627712K), 0.0015363 secs] [Times: user=0.01 sys=0.00, real=0.00 secs] 
2644.434: [GC (Allocation Failure) [PSYoungGen: 71037K->1472K(71168K)] 469636K->400071K(627712K), 0.0020723 secs] [Times: user=0.01 sys=0.00, real=0.00 secs] 
2644.723: [GC (Allocation Failure) [PSYoungGen: 71104K->1344K(71168K)] 469703K->399967K(627712K), 0.0021911 secs] [Times: user=0.01 sys=0.00, real=0.00 secs] 
2645.013: [GC (Allocation Failure) [PSYoungGen: 70976K->1376K(71168K)] 469599K->400007K(627712K), 0.0020559 secs] [Times: user=0.01 sys=0.00, real=0.00 secs] 
2645.302: [GC (Allocation Failure) [PSYoungGen: 71008K->1408K(71168K)] 469639K->400039K(627712K), 0.0021511 secs] [Times: user=0.01 sys=0.00, real=0.00 secs] 
2646.262: [GC (Allocation Failure) [PSYoungGen: 71040K->1360K(71168K)] 469671K->399991K(627712K), 0.0020493 secs] [Times: user=0.01 sys=0.00, real=0.00 secs] 
2646.828: [GC (Allocation Failure) [PSYoungGen: 70992K->1408K(71168K)] 469623K->400039K(627712K), 0.0041667 secs] [Times: user=0.02 sys=0.00, real=0.00 secs] 
2647.406: [GC (Allocation Failure) [PSYoungGen: 71040K->1344K(71168K)] 469671K->399975K(627712K), 0.0032848 secs] [Times: user=0.02 sys=0.00, real=0.01 secs] 
2647.947: [GC (Allocation Failure) [PSYoungGen: 70976K->1344K(71168K)] 469607K->399975K(627712K), 0.0028442 secs] [Times: user=0.01 sys=0.00, real=0.00 secs] 
2649.324: [GC (Allocation Failure) [PSYoungGen: 70976K->1408K(71168K)] 469607K->400039K(627712K), 0.0022745 secs] [Times: user=0.01 sys=0.00, real=0.00 secs] 
2650.196: [GC (Allocation Failure) [PSYoungGen: 71040K->1344K(71168K)] 469671K->399975K(627712K), 0.0030009 secs] [Times: user=0.01 sys=0.00, real=0.00 secs] 
2651.018: [GC (Allocation Failure) [PSYoungGen: 70976K->1376K(71168K)] 469607K->400007K(627712K), 0.0046299 secs] [Times: user=0.02 sys=0.00, real=0.00 secs] 
2651.872: [GC (Allocation Failure) [PSYoungGen: 71008K->1408K(71168K)] 469639K->400039K(627712K), 0.0046358 secs] [Times: user=0.02 sys=0.00, real=0.01 secs] 
2653.410: [GC (Allocation Failure) [PSYoungGen: 71040K->1504K(71168K)] 469671K->400231K(627712K), 0.0036472 secs] [Times: user=0.01 sys=0.00, real=0.00 secs] 
2654.485: [GC (Allocation Failure) [PSYoungGen: 71136K->1296K(71680K)] 469863K->400023K(628224K), 0.0026242 secs] [Times: user=0.02 sys=0.00, real=0.01 secs] 
2655.170: [GC (Allocation Failure) [PSYoungGen: 70928K->1280K(71680K)] 469655K->400007K(628224K), 0.0040810 secs] [Times: user=0.02 sys=0.00, real=0.00 secs] 
2655.822: [GC (Allocation Failure) [PSYoungGen: 70912K->1312K(71680K)] 469639K->400039K(628224K), 0.0032532 secs] [Times: user=0.01 sys=0.00, real=0.00 secs] 
2656.737: [GC (Allocation Failure) [PSYoungGen: 70944K->1373K(71168K)] 469671K->400100K(627712K), 0.0022513 secs] [Times: user=0.01 sys=0.00, real=0.00 secs] 
2657.916: [GC (Allocation Failure) [PSYoungGen: 71005K->1344K(71168K)] 469732K->400071K(627712K), 0.0037155 secs] [Times: user=0.01 sys=0.00, real=0.00 secs] 
2658.765: [GC (Allocation Failure) [PSYoungGen: 70976K->1376K(71168K)] 469703K->400111K(627712K), 0.0055134 secs] [Times: user=0.03 sys=0.00, real=0.01 secs] 
2659.385: [GC (Allocation Failure) [PSYoungGen: 71008K->1376K(71168K)] 469743K->400111K(627712K), 0.0037562 secs] [Times: user=0.02 sys=0.00, real=0.01 secs] 
2660.092: [GC (Allocation Failure) [PSYoungGen: 71008K->1344K(71168K)] 469743K->400079K(627712K), 0.0037634 secs] [Times: user=0.02 sys=0.00, real=0.00 secs] 
2661.178: [GC (Allocation Failure) [PSYoungGen: 70976K->1376K(71168K)] 469711K->400111K(627712K), 0.0019437 secs] [Times: user=0.01 sys=0.00, real=0.00 secs] 
2661.776: [GC (Allocation Failure) [PSYoungGen: 71008K->1376K(71168K)] 469743K->400119K(627712K), 0.0031485 secs] [Times: user=0.01 sys=0.00, real=0.01 secs] 
2662.369: [GC (Allocation Failure) [PSYoungGen: 71008K->1408K(71168K)] 469751K->400159K(627712K), 0.0033328 secs] [Times: user=0.01 sys=0.00, real=0.00 secs] 
2662.971: [GC (Allocation Failure) [PSYoungGen: 71040K->1360K(71168K)] 469791K->400111K(627712K), 0.0025563 secs] [Times: user=0.01 sys=0.00, real=0.00 secs] 
2663.763: [GC (Allocation Failure) [PSYoungGen: 70992K->1408K(71168K)] 469743K->400167K(627712K), 0.0018585 secs] [Times: user=0.01 sys=0.00, real=0.00 secs] 
2664.375: [GC (Allocation Failure) [PSYoungGen: 71040K->1344K(71168K)] 469799K->400103K(627712K), 0.0017730 secs] [Times: user=0.01 sys=0.00, real=0.01 secs] 
2665.115: [GC (Allocation Failure) [PSYoungGen: 70976K->1376K(71168K)] 469735K->400143K(627712K), 0.0018743 secs] [Times: user=0.01 sys=0.00, real=0.01 secs] 
2665.880: [GC (Allocation Failure) [PSYoungGen: 71008K->1376K(71168K)] 469775K->400143K(627712K), 0.0018369 secs] [Times: user=0.00 sys=0.00, real=0.00 secs] 
2666.909: [GC (Allocation Failure) [PSYoungGen: 71008K->1373K(71168K)] 469775K->400148K(627712K), 0.0014864 secs] [Times: user=0.01 sys=0.00, real=0.00 secs] 
2669.147: [GC (Allocation Failure) [PSYoungGen: 71005K->1408K(71168K)] 469780K->400183K(627712K), 0.0047313 secs] [Times: user=0.02 sys=0.00, real=0.00 secs] 
2669.946: [GC (Allocation Failure) [PSYoungGen: 71040K->1344K(71168K)] 469815K->400119K(627712K), 0.0029680 secs] [Times: user=0.01 sys=0.00, real=0.01 secs] 
2670.507: [GC (Allocation Failure) [PSYoungGen: 70976K->1376K(71168K)] 469751K->400151K(627712K), 0.0031298 secs] [Times: user=0.01 sys=0.00, real=0.00 secs] 
2671.060: [GC (Allocation Failure) [PSYoungGen: 71008K->1376K(71168K)] 469783K->400151K(627712K), 0.0048420 secs] [Times: user=0.02 sys=0.00, real=0.00 secs] 
2672.017: [GC (Allocation Failure) [PSYoungGen: 71008K->1408K(71168K)] 469783K->400183K(627712K), 0.0019203 secs] [Times: user=0.01 sys=0.00, real=0.00 secs] 
2672.345: [GC (Allocation Failure) [PSYoungGen: 71040K->1376K(71168K)] 469815K->400151K(627712K), 0.0019939 secs] [Times: user=0.01 sys=0.01, real=0.01 secs] 
2672.775: [GC (Allocation Failure) [PSYoungGen: 71008K->1376K(71168K)] 469783K->400151K(627712K), 0.0022383 secs] [Times: user=0.01 sys=0.00, real=0.01 secs] 
2673.259: [GC (Allocation Failure) [PSYoungGen: 71008K->1408K(71168K)] 469783K->400183K(627712K), 0.0030411 secs] [Times: user=0.01 sys=0.00, real=0.00 secs] 
2674.242: [GC (Allocation Failure) [PSYoungGen: 71040K->1440K(71168K)] 469815K->400215K(627712K), 0.0018273 secs] [Times: user=0.00 sys=0.00, real=0.00 secs] 
2675.001: [GC (Allocation Failure) [PSYoungGen: 71072K->1376K(71168K)] 469847K->400151K(627712K), 0.0049183 secs] [Times: user=0.02 sys=0.00, real=0.00 secs] 
2675.530: [GC (Allocation Failure) [PSYoungGen: 71008K->1376K(71168K)] 469783K->400151K(627712K), 0.0032594 secs] [Times: user=0.01 sys=0.00, real=0.00 secs] 
2676.545: [GC (Allocation Failure) [PSYoungGen: 71008K->1376K(71168K)] 469783K->400151K(627712K), 0.0036984 secs] [Times: user=0.01 sys=0.00, real=0.01 secs] 
2677.854: [GC (Allocation Failure) [PSYoungGen: 71008K->864K(71168K)] 469783K->400663K(627712K), 0.0018484 secs] [Times: user=0.00 sys=0.00, real=0.00 secs] 
2678.144: [GC (Allocation Failure) [PSYoungGen: 70496K->384K(70656K)] 470295K->400191K(627200K), 0.0017063 secs] [Times: user=0.01 sys=0.00, real=0.00 secs] 
2678.431: [GC (Allocation Failure) [PSYoungGen: 69504K->352K(71168K)] 469311K->400159K(627712K), 0.0018146 secs] [Times: user=0.01 sys=0.00, real=0.00 secs] 
2678.718: [GC (Allocation Failure) [PSYoungGen: 69472K->352K(71168K)] 469279K->400159K(627712K), 0.0018778 secs] [Times: user=0.00 sys=0.00, real=0.00 secs] 
2679.274: [GC (Allocation Failure) [PSYoungGen: 69472K->1373K(71168K)] 469279K->401180K(627712K), 0.0015798 secs] [Times: user=0.01 sys=0.00, real=0.00 secs] 
2680.859: [GC (Allocation Failure) [PSYoungGen: 70493K->1376K(71168K)] 470300K->401183K(627712K), 0.0046842 secs] [Times: user=0.02 sys=0.00, real=0.00 secs] 
2681.348: [GC (Allocation Failure) [PSYoungGen: 70496K->1376K(71168K)] 470303K->401183K(627712K), 0.0022200 secs] [Times: user=0.01 sys=0.00, real=0.00 secs] 
2681.648: [GC (Allocation Failure) [PSYoungGen: 70496K->1376K(71168K)] 470303K->401183K(627712K), 0.0021093 secs] [Times: user=0.01 sys=0.00, real=0.00 secs] 
2682.058: [GC (Allocation Failure) [PSYoungGen: 70496K->1376K(71168K)] 470303K->401183K(627712K), 0.0032449 secs] [Times: user=0.02 sys=0.00, real=0.00 secs] 
2683.293: [GC (Allocation Failure) [PSYoungGen: 70496K->1376K(71168K)] 470303K->401183K(627712K), 0.0017990 secs] [Times: user=0.01 sys=0.00, real=0.00 secs] 
2683.878: [GC (Allocation Failure) [PSYoungGen: 70496K->1376K(71168K)] 470303K->401183K(627712K), 0.0019330 secs] [Times: user=0.00 sys=0.00, real=0.00 secs] 
2684.370: [GC (Allocation Failure) [PSYoungGen: 70496K->1376K(71168K)] 470303K->401183K(627712K), 0.0051163 secs] [Times: user=0.02 sys=0.00, real=0.00 secs] 
2685.052: [GC (Allocation Failure) [PSYoungGen: 70496K->1344K(71168K)] 470303K->401151K(627712K), 0.0047117 secs] [Times: user=0.02 sys=0.00, real=0.01 secs] 
2686.278: [GC (Allocation Failure) [PSYoungGen: 70464K->1376K(71168K)] 470271K->401191K(627712K), 0.0025775 secs] [Times: user=0.01 sys=0.00, real=0.00 secs] 
2686.948: [GC (Allocation Failure) [PSYoungGen: 70496K->1376K(71168K)] 470311K->401191K(627712K), 0.0030049 secs] [Times: user=0.01 sys=0.01, real=0.00 secs] 
2687.237: [GC (Allocation Failure) [PSYoungGen: 70496K->1376K(71168K)] 470311K->401191K(627712K), 0.0023399 secs] [Times: user=0.01 sys=0.00, real=0.00 secs] 
2687.581: [GC (Allocation Failure) [PSYoungGen: 70496K->1376K(71168K)] 470311K->401191K(627712K), 0.0022287 secs] [Times: user=0.01 sys=0.00, real=0.00 secs] 
2688.413: [GC (Allocation Failure) [PSYoungGen: 70496K->1373K(71168K)] 470311K->401188K(627712K), 0.0017123 secs] [Times: user=0.01 sys=0.00, real=0.00 secs] 
2689.156: [GC (Allocation Failure) [PSYoungGen: 70493K->1440K(71168K)] 470308K->401255K(627712K), 0.0022752 secs] [Times: user=0.01 sys=0.00, real=0.01 secs] 
2689.506: [GC (Allocation Failure) [PSYoungGen: 70560K->1344K(71168K)] 470375K->401159K(627712K), 0.0020785 secs] [Times: user=0.01 sys=0.00, real=0.01 secs] 
2690.036: [GC (Allocation Failure) [PSYoungGen: 70464K->1344K(71168K)] 470279K->401159K(627712K), 0.0023393 secs] [Times: user=0.01 sys=0.00, real=0.01 secs] 
2690.637: [GC (Allocation Failure) [PSYoungGen: 70464K->1376K(71168K)] 470279K->401191K(627712K), 0.0030147 secs] [Times: user=0.01 sys=0.00, real=0.00 secs] 
2691.583: [GC (Allocation Failure) [PSYoungGen: 70496K->1376K(71168K)] 470311K->401191K(627712K), 0.0020414 secs] [Times: user=0.01 sys=0.00, real=0.00 secs] 
2691.948: [GC (Allocation Failure) [PSYoungGen: 70496K->1408K(71168K)] 470311K->401223K(627712K), 0.0017602 secs] [Times: user=0.00 sys=0.00, real=0.00 secs] 
2692.854: [GC (Allocation Failure) [PSYoungGen: 70528K->1408K(71168K)] 470343K->401231K(627712K), 0.0023948 secs] [Times: user=0.01 sys=0.00, real=0.01 secs] 
2693.906: [GC (Allocation Failure) [PSYoungGen: 70528K->1376K(71168K)] 470351K->401199K(627712K), 0.0057347 secs] [Times: user=0.02 sys=0.01, real=0.01 secs] 
2695.229: [GC (Allocation Failure) [PSYoungGen: 70496K->1344K(71168K)] 470319K->401167K(627712K), 0.0019641 secs] [Times: user=0.01 sys=0.00, real=0.00 secs] 
2695.516: [GC (Allocation Failure) [PSYoungGen: 70464K->1344K(71168K)] 470287K->401167K(627712K), 0.0017279 secs] [Times: user=0.00 sys=0.00, real=0.01 secs] 
2695.803: [GC (Allocation Failure) [PSYoungGen: 70464K->1376K(71168K)] 470287K->401207K(627712K), 0.0017373 secs] [Times: user=0.01 sys=0.00, real=0.00 secs] 
2696.090: [GC (Allocation Failure) [PSYoungGen: 70496K->1408K(71168K)] 470327K->401239K(627712K), 0.0028876 secs] [Times: user=0.01 sys=0.00, real=0.00 secs] 
2696.882: [GC (Allocation Failure) [PSYoungGen: 70528K->1373K(71168K)] 470359K->401204K(627712K), 0.0015566 secs] [Times: user=0.01 sys=0.00, real=0.00 secs] 
2697.923: [GC (Allocation Failure) [PSYoungGen: 70493K->1408K(71168K)] 470324K->401239K(627712K), 0.0023350 secs] [Times: user=0.01 sys=0.00, real=0.00 secs] 
2698.831: [GC (Allocation Failure) [PSYoungGen: 70528K->1344K(71168K)] 470359K->401175K(627712K), 0.0032972 secs] [Times: user=0.01 sys=0.00, real=0.00 secs] 
2699.635: [GC (Allocation Failure) [PSYoungGen: 70464K->1408K(71168K)] 470295K->401239K(627712K), 0.0046225 secs] [Times: user=0.02 sys=0.00, real=0.01 secs] 
2700.253: [GC (Allocation Failure) [PSYoungGen: 70528K->1376K(70656K)] 470359K->401207K(627200K), 0.0031869 secs] [Times: user=0.01 sys=0.00, real=0.00 secs] 
2702.072: [GC (Allocation Failure) [PSYoungGen: 70496K->1408K(70656K)] 470327K->401239K(627200K), 0.0033284 secs] [Times: user=0.01 sys=0.00, real=0.00 secs] 
2702.804: [GC (Allocation Failure) [PSYoungGen: 70528K->1408K(70656K)] 470359K->401239K(627200K), 0.0032842 secs] [Times: user=0.01 sys=0.00, real=0.01 secs] 
2703.709: [GC (Allocation Failure) [PSYoungGen: 70528K->1376K(70656K)] 470359K->401207K(627200K), 0.0029580 secs] [Times: user=0.01 sys=0.00, real=0.00 secs] 
2704.391: [GC (Allocation Failure) [PSYoungGen: 70496K->1376K(70656K)] 470327K->401207K(627200K), 0.0030670 secs] [Times: user=0.02 sys=0.00, real=0.00 secs] 
2705.483: [GC (Allocation Failure) [PSYoungGen: 70496K->1408K(70656K)] 470327K->401239K(627200K), 0.0021067 secs] [Times: user=0.01 sys=0.00, real=0.00 secs] 
2706.206: [GC (Allocation Failure) [PSYoungGen: 70528K->1376K(70656K)] 470359K->401207K(627200K), 0.0030286 secs] [Times: user=0.02 sys=0.00, real=0.01 secs] 
2707.061: [GC (Allocation Failure) [PSYoungGen: 70496K->1408K(70656K)] 470327K->401247K(627200K), 0.0036578 secs] [Times: user=0.01 sys=0.00, real=0.00 secs] 
2707.906: [GC (Allocation Failure) [PSYoungGen: 70528K->1376K(70656K)] 470367K->401215K(627200K), 0.0036868 secs] [Times: user=0.01 sys=0.00, real=0.01 secs] 
2708.973: [GC (Allocation Failure) [PSYoungGen: 70496K->1376K(70656K)] 470335K->401215K(627200K), 0.0016819 secs] [Times: user=0.00 sys=0.00, real=0.00 secs] 
2709.538: [GC (Allocation Failure) [PSYoungGen: 70496K->1376K(70656K)] 470335K->401215K(627200K), 0.0018758 secs] [Times: user=0.00 sys=0.00, real=0.00 secs] 
2710.054: [GC (Allocation Failure) [PSYoungGen: 70496K->1376K(70656K)] 470335K->401215K(627200K), 0.0019233 secs] [Times: user=0.01 sys=0.00, real=0.00 secs] 
2710.565: [GC (Allocation Failure) [PSYoungGen: 70496K->1408K(70656K)] 470335K->401247K(627200K), 0.0027068 secs] [Times: user=0.01 sys=0.00, real=0.01 secs] 
2710.910: [GC (Allocation Failure) [PSYoungGen: 70528K->1408K(70656K)] 470367K->401247K(627200K), 0.0020780 secs] [Times: user=0.00 sys=0.00, real=0.00 secs] 
2711.953: [GC (Allocation Failure) [PSYoungGen: 70528K->1376K(70656K)] 470367K->401215K(627200K), 0.0021547 secs] [Times: user=0.01 sys=0.00, real=0.00 secs] 
2712.658: [GC (Allocation Failure) [PSYoungGen: 70496K->1376K(70656K)] 470335K->401215K(627200K), 0.0031142 secs] [Times: user=0.01 sys=0.01, real=0.00 secs] 
2713.212: [GC (Allocation Failure) [PSYoungGen: 70496K->1376K(70656K)] 470335K->401215K(627200K), 0.0038585 secs] [Times: user=0.02 sys=0.00, real=0.00 secs] 
2713.718: [GC (Allocation Failure) [PSYoungGen: 70496K->1376K(70656K)] 470335K->401215K(627200K), 0.0030433 secs] [Times: user=0.02 sys=0.00, real=0.00 secs] 
2714.817: [GC (Allocation Failure) [PSYoungGen: 70496K->1376K(70656K)] 470335K->401215K(627200K), 0.0019487 secs] [Times: user=0.01 sys=0.00, real=0.00 secs] 
2715.428: [GC (Allocation Failure) [PSYoungGen: 70496K->1344K(70656K)] 470335K->401183K(627200K), 0.0054761 secs] [Times: user=0.02 sys=0.00, real=0.00 secs] 
2716.006: [GC (Allocation Failure) [PSYoungGen: 70464K->1360K(70656K)] 470303K->401215K(627200K), 0.0028502 secs] [Times: user=0.01 sys=0.00, real=0.00 secs] 
2716.344: [GC (Allocation Failure) [PSYoungGen: 70480K->1376K(70656K)] 470335K->401231K(627200K), 0.0019363 secs] [Times: user=0.01 sys=0.00, real=0.01 secs] 
2717.177: [GC (Allocation Failure) [PSYoungGen: 70496K->864K(70656K)] 470351K->401743K(627200K), 0.0022293 secs] [Times: user=0.01 sys=0.00, real=0.00 secs] 
2718.005: [GC (Allocation Failure) [PSYoungGen: 69984K->352K(70144K)] 470863K->401231K(626688K), 0.0025566 secs] [Times: user=0.02 sys=0.00, real=0.01 secs] 
2718.667: [GC (Allocation Failure) [PSYoungGen: 68960K->320K(70656K)] 469839K->401199K(627200K), 0.0023400 secs] [Times: user=0.01 sys=0.00, real=0.00 secs] 
2719.330: [GC (Allocation Failure) [PSYoungGen: 68928K->352K(70656K)] 469807K->401231K(627200K), 0.0038871 secs] [Times: user=0.02 sys=0.00, real=0.00 secs] 
2719.954: [GC (Allocation Failure) [PSYoungGen: 68960K->1341K(70656K)] 469839K->402220K(627200K), 0.0022449 secs] [Times: user=0.01 sys=0.00, real=0.00 secs] 
2720.996: [GC (Allocation Failure) [PSYoungGen: 69949K->1392K(70656K)] 470828K->402271K(627200K), 0.0020753 secs] [Times: user=0.01 sys=0.00, real=0.01 secs] 
2721.602: [GC (Allocation Failure) [PSYoungGen: 70000K->1344K(70656K)] 470879K->402223K(627200K), 0.0047662 secs] [Times: user=0.02 sys=0.00, real=0.01 secs] 
2722.171: [GC (Allocation Failure) [PSYoungGen: 69952K->1376K(70656K)] 470831K->402255K(627200K), 0.0032662 secs] [Times: user=0.02 sys=0.00, real=0.00 secs] 
2722.858: [GC (Allocation Failure) [PSYoungGen: 69984K->1408K(70656K)] 470863K->402287K(627200K), 0.0029584 secs] [Times: user=0.01 sys=0.01, real=0.00 secs] 
2723.812: [GC (Allocation Failure) [PSYoungGen: 70016K->1408K(70656K)] 470895K->402287K(627200K), 0.0018746 secs] [Times: user=0.01 sys=0.00, real=0.00 secs] 
2724.105: [GC (Allocation Failure) [PSYoungGen: 70016K->1392K(70656K)] 470895K->402271K(627200K), 0.0018268 secs] [Times: user=0.01 sys=0.00, real=0.01 secs] 
2724.414: [GC (Allocation Failure) [PSYoungGen: 70000K->1376K(70656K)] 470879K->402255K(627200K), 0.0030900 secs] [Times: user=0.01 sys=0.00, real=0.01 secs] 
2724.698: [GC (Allocation Failure) [PSYoungGen: 69984K->1376K(70656K)] 470863K->402271K(627200K), 0.0022897 secs] [Times: user=0.01 sys=0.00, real=0.00 secs] 
2725.548: [GC (Allocation Failure) [PSYoungGen: 69984K->1952K(70144K)] 470879K->402847K(626688K), 0.0015540 secs] [Times: user=0.01 sys=0.00, real=0.00 secs] 
2726.766: [GC (Allocation Failure) [PSYoungGen: 70048K->1408K(69632K)] 470943K->402303K(626176K), 0.0034125 secs] [Times: user=0.02 sys=0.00, real=0.01 secs] 
2727.107: [GC (Allocation Failure) [PSYoungGen: 69504K->1376K(70144K)] 470399K->402271K(626688K), 0.0021095 secs] [Times: user=0.01 sys=0.00, real=0.00 secs] 
2727.459: [GC (Allocation Failure) [PSYoungGen: 69472K->1440K(70144K)] 470367K->402335K(626688K), 0.0020855 secs] [Times: user=0.01 sys=0.00, real=0.00 secs] 
2727.747: [GC (Allocation Failure) [PSYoungGen: 69536K->1408K(70144K)] 470431K->402303K(626688K), 0.0020253 secs] [Times: user=0.00 sys=0.00, real=0.00 secs] 
2728.577: [GC (Allocation Failure) [PSYoungGen: 69504K->1376K(70144K)] 470399K->402271K(626688K), 0.0018713 secs] [Times: user=0.01 sys=0.00, real=0.00 secs] 
2728.959: [GC (Allocation Failure) [PSYoungGen: 69472K->1408K(70144K)] 470367K->402303K(626688K), 0.0019020 secs] [Times: user=0.01 sys=0.00, real=0.00 secs] 
2729.242: [GC (Allocation Failure) [PSYoungGen: 69504K->1408K(70144K)] 470399K->402303K(626688K), 0.0020898 secs] [Times: user=0.01 sys=0.00, real=0.00 secs] 
2729.568: [GC (Allocation Failure) [PSYoungGen: 69504K->1376K(70144K)] 470399K->402271K(626688K), 0.0021389 secs] [Times: user=0.01 sys=0.00, real=0.00 secs] 
2730.544: [GC (Allocation Failure) [PSYoungGen: 69472K->1408K(70144K)] 470367K->402303K(626688K), 0.0022435 secs] [Times: user=0.01 sys=0.00, real=0.00 secs] 
2731.139: [GC (Allocation Failure) [PSYoungGen: 69504K->1328K(70144K)] 470399K->402223K(626688K), 0.0026937 secs] [Times: user=0.01 sys=0.00, real=0.00 secs] 
2732.013: [GC (Allocation Failure) [PSYoungGen: 69424K->1376K(70144K)] 470319K->402271K(626688K), 0.0037776 secs] [Times: user=0.01 sys=0.00, real=0.00 secs] 
2732.846: [GC (Allocation Failure) [PSYoungGen: 69472K->1408K(70144K)] 470367K->402303K(626688K), 0.0037004 secs] [Times: user=0.02 sys=0.00, real=0.01 secs] 
2733.918: [GC (Allocation Failure) [PSYoungGen: 69504K->1405K(70144K)] 470399K->402300K(626688K), 0.0015702 secs] [Times: user=0.01 sys=0.00, real=0.00 secs] 
2734.571: [GC (Allocation Failure) [PSYoungGen: 69501K->1408K(70144K)] 470396K->402303K(626688K), 0.0027755 secs] [Times: user=0.02 sys=0.00, real=0.00 secs] 
2735.247: [GC (Allocation Failure) [PSYoungGen: 69504K->1376K(70144K)] 470399K->402279K(626688K), 0.0027428 secs] [Times: user=0.01 sys=0.00, real=0.00 secs] 
2735.855: [GC (Allocation Failure) [PSYoungGen: 69472K->1408K(70144K)] 470375K->402311K(626688K), 0.0023579 secs] [Times: user=0.01 sys=0.00, real=0.01 secs] 
2736.468: [GC (Allocation Failure) [PSYoungGen: 69504K->1408K(70144K)] 470407K->402311K(626688K), 0.0045616 secs] [Times: user=0.02 sys=0.00, real=0.00 secs] 
2737.266: [GC (Allocation Failure) [PSYoungGen: 69504K->1360K(70144K)] 470407K->402263K(626688K), 0.0033398 secs] [Times: user=0.01 sys=0.00, real=0.01 secs] 
2737.954: [GC (Allocation Failure) [PSYoungGen: 69456K->1376K(70144K)] 470359K->402279K(626688K), 0.0031521 secs] [Times: user=0.02 sys=0.00, real=0.01 secs] 
2738.747: [GC (Allocation Failure) [PSYoungGen: 69472K->1344K(70144K)] 470375K->402247K(626688K), 0.0041650 secs] [Times: user=0.02 sys=0.00, real=0.00 secs] 
2739.828: [GC (Allocation Failure) [PSYoungGen: 69440K->1376K(69632K)] 470343K->402279K(626176K), 0.0033950 secs] [Times: user=0.02 sys=0.00, real=0.00 secs] 
2741.264: [GC (Allocation Failure) [PSYoungGen: 69472K->1408K(69632K)] 470375K->402311K(626176K), 0.0024609 secs] [Times: user=0.02 sys=0.00, real=0.00 secs] 
2742.146: [GC (Allocation Failure) [PSYoungGen: 69504K->1376K(69632K)] 470407K->402279K(626176K), 0.0024383 secs] [Times: user=0.02 sys=0.00, real=0.01 secs] 
2743.062: [GC (Allocation Failure) [PSYoungGen: 69472K->1376K(69632K)] 470375K->402279K(626176K), 0.0032987 secs] [Times: user=0.01 sys=0.00, real=0.00 secs] 
2743.988: [GC (Allocation Failure) [PSYoungGen: 69472K->1344K(69632K)] 470375K->402247K(626176K), 0.0051400 secs] [Times: user=0.02 sys=0.00, real=0.00 secs] 
2744.944: [GC (Allocation Failure) [PSYoungGen: 69440K->1357K(69632K)] 470343K->402260K(626176K), 0.0017120 secs] [Times: user=0.01 sys=0.00, real=0.00 secs] 
2745.831: [GC (Allocation Failure) [PSYoungGen: 69453K->1408K(69632K)] 470356K->402311K(626176K), 0.0047924 secs] [Times: user=0.02 sys=0.00, real=0.00 secs] 
2746.438: [GC (Allocation Failure) [PSYoungGen: 69504K->1376K(69632K)] 470407K->402279K(626176K), 0.0028192 secs] [Times: user=0.01 sys=0.00, real=0.00 secs] 
2746.740: [GC (Allocation Failure) [PSYoungGen: 69472K->1376K(69632K)] 470375K->402279K(626176K), 0.0020416 secs] [Times: user=0.01 sys=0.00, real=0.00 secs] 
2747.037: [GC (Allocation Failure) [PSYoungGen: 69472K->1376K(69632K)] 470375K->402287K(626176K), 0.0020175 secs] [Times: user=0.01 sys=0.00, real=0.00 secs] 
2747.791: [GC (Allocation Failure) [PSYoungGen: 69472K->1392K(69632K)] 470383K->402303K(626176K), 0.0018550 secs] [Times: user=0.00 sys=0.00, real=0.00 secs] 
2748.122: [GC (Allocation Failure) [PSYoungGen: 69488K->1312K(69632K)] 470399K->402223K(626176K), 0.0018067 secs] [Times: user=0.01 sys=0.00, real=0.00 secs] 
2748.602: [GC (Allocation Failure) [PSYoungGen: 69408K->1376K(69632K)] 470319K->402287K(626176K), 0.0050863 secs] [Times: user=0.02 sys=0.01, real=0.01 secs] 
2749.091: [GC (Allocation Failure) [PSYoungGen: 69472K->1360K(69632K)] 470383K->402271K(626176K), 0.0032297 secs] [Times: user=0.01 sys=0.00, real=0.00 secs] 
2750.530: [GC (Allocation Failure) [PSYoungGen: 69456K->896K(69632K)] 470367K->402831K(626176K), 0.0016751 secs] [Times: user=0.01 sys=0.00, real=0.00 secs] 
2751.106: [GC (Allocation Failure) [PSYoungGen: 68992K->384K(69120K)] 470927K->402319K(625664K), 0.0019700 secs] [Times: user=0.00 sys=0.00, real=0.01 secs] 
2751.605: [GC (Allocation Failure) [PSYoungGen: 67968K->384K(69632K)] 469903K->402319K(626176K), 0.0026118 secs] [Times: user=0.01 sys=0.00, real=0.01 secs] 
2752.132: [GC (Allocation Failure) [PSYoungGen: 67968K->352K(69632K)] 469903K->402287K(626176K), 0.0033814 secs] [Times: user=0.02 sys=0.00, real=0.00 secs] 
2752.565: [GC (Allocation Failure) [PSYoungGen: 67936K->320K(69632K)] 469871K->402255K(626176K), 0.0028407 secs] [Times: user=0.01 sys=0.00, real=0.01 secs] 
2753.617: [GC (Allocation Failure) [PSYoungGen: 67904K->1376K(69632K)] 469839K->403311K(626176K), 0.0037869 secs] [Times: user=0.01 sys=0.00, real=0.00 secs] 
2754.178: [GC (Allocation Failure) [PSYoungGen: 68960K->1408K(69632K)] 470895K->403343K(626176K), 0.0031391 secs] [Times: user=0.01 sys=0.00, real=0.00 secs] 
2754.790: [GC (Allocation Failure) [PSYoungGen: 68992K->1376K(69632K)] 470927K->403327K(626176K), 0.0027752 secs] [Times: user=0.01 sys=0.00, real=0.00 secs] 
2755.398: [GC (Allocation Failure) [PSYoungGen: 68960K->1408K(69632K)] 470911K->403359K(626176K), 0.0022150 secs] [Times: user=0.01 sys=0.00, real=0.00 secs] 
2756.292: [GC (Allocation Failure) [PSYoungGen: 68992K->1440K(69120K)] 470943K->403391K(625664K), 0.0017737 secs] [Times: user=0.00 sys=0.00, real=0.00 secs] 
2756.592: [GC (Allocation Failure) [PSYoungGen: 68512K->1408K(69632K)] 470463K->403359K(626176K), 0.0016367 secs] [Times: user=0.01 sys=0.00, real=0.00 secs] 
2756.982: [GC (Allocation Failure) [PSYoungGen: 68480K->1328K(68608K)] 470431K->403279K(625152K), 0.0019231 secs] [Times: user=0.00 sys=0.00, real=0.00 secs] 
2757.260: [GC (Allocation Failure) [PSYoungGen: 68400K->1344K(69120K)] 470351K->403295K(625664K), 0.0018584 secs] [Times: user=0.01 sys=0.00, real=0.00 secs] 
2757.816: [GC (Allocation Failure) [PSYoungGen: 68416K->1357K(69120K)] 470367K->403308K(625664K), 0.0015916 secs] [Times: user=0.00 sys=0.00, real=0.01 secs] 
2758.365: [GC (Allocation Failure) [PSYoungGen: 68429K->1408K(69120K)] 470380K->403359K(625664K), 0.0017758 secs] [Times: user=0.01 sys=0.00, real=0.01 secs] 
2758.644: [GC (Allocation Failure) [PSYoungGen: 68480K->1376K(69120K)] 470431K->403327K(625664K), 0.0018920 secs] [Times: user=0.01 sys=0.00, real=0.00 secs] 
2758.960: [GC (Allocation Failure) [PSYoungGen: 68448K->1408K(69120K)] 470399K->403359K(625664K), 0.0019227 secs] [Times: user=0.01 sys=0.00, real=0.00 secs] 
2759.350: [GC (Allocation Failure) [PSYoungGen: 68480K->1376K(69120K)] 470431K->403327K(625664K), 0.0022446 secs] [Times: user=0.01 sys=0.00, real=0.00 secs] 
2761.162: [GC (Allocation Failure) [PSYoungGen: 68448K->1408K(69120K)] 470399K->403359K(625664K), 0.0048032 secs] [Times: user=0.03 sys=0.00, real=0.01 secs] 
2762.317: [GC (Allocation Failure) [PSYoungGen: 68480K->1376K(69120K)] 470431K->403327K(625664K), 0.0047436 secs] [Times: user=0.02 sys=0.00, real=0.00 secs] 
2762.903: [GC (Allocation Failure) [PSYoungGen: 68448K->1376K(69120K)] 470399K->403327K(625664K), 0.0030504 secs] [Times: user=0.02 sys=0.00, real=0.00 secs] 
2763.458: [GC (Allocation Failure) [PSYoungGen: 68448K->1376K(69120K)] 470399K->403327K(625664K), 0.0031743 secs] [Times: user=0.02 sys=0.00, real=0.00 secs] 
2764.272: [GC (Allocation Failure) [PSYoungGen: 68155K->192K(69120K)] 470107K->402143K(625664K), 0.0016304 secs] [Times: user=0.01 sys=0.00, real=0.00 secs] 
2764.598: [GC (Allocation Failure) [PSYoungGen: 67264K->1408K(69120K)] 469215K->403375K(625664K), 0.0018922 secs] [Times: user=0.01 sys=0.00, real=0.00 secs] 
2764.877: [GC (Allocation Failure) [PSYoungGen: 68480K->1408K(69120K)] 470447K->403375K(625664K), 0.0019381 secs] [Times: user=0.00 sys=0.00, real=0.00 secs] 
2765.279: [GC (Allocation Failure) [PSYoungGen: 68480K->1344K(69120K)] 470447K->403311K(625664K), 0.0046133 secs] [Times: user=0.02 sys=0.00, real=0.00 secs] 
2765.728: [GC (Allocation Failure) [PSYoungGen: 68416K->1376K(69120K)] 470383K->403343K(625664K), 0.0033181 secs] [Times: user=0.01 sys=0.00, real=0.00 secs] 
2766.797: [GC (Allocation Failure) [PSYoungGen: 68448K->1408K(69120K)] 470415K->403383K(625664K), 0.0019677 secs] [Times: user=0.01 sys=0.00, real=0.00 secs] 
2767.253: [GC (Allocation Failure) [PSYoungGen: 68480K->1408K(69120K)] 470455K->403383K(625664K), 0.0043253 secs] [Times: user=0.02 sys=0.00, real=0.01 secs] 
2767.758: [GC (Allocation Failure) [PSYoungGen: 68480K->1344K(69120K)] 470455K->403319K(625664K), 0.0031606 secs] [Times: user=0.01 sys=0.00, real=0.00 secs] 
2768.295: [GC (Allocation Failure) [PSYoungGen: 68416K->1376K(69120K)] 470391K->403351K(625664K), 0.0046382 secs] [Times: user=0.02 sys=0.01, real=0.01 secs] 
2769.317: [GC (Allocation Failure) [PSYoungGen: 68448K->1920K(69120K)] 470423K->403895K(625664K), 0.0019331 secs] [Times: user=0.01 sys=0.00, real=0.00 secs] 
2770.097: [GC (Allocation Failure) [PSYoungGen: 68992K->1408K(69120K)] 470967K->403383K(625664K), 0.0020930 secs] [Times: user=0.01 sys=0.01, real=0.00 secs] 
2770.904: [GC (Allocation Failure) [PSYoungGen: 68480K->1376K(69120K)] 470455K->403351K(625664K), 0.0047496 secs] [Times: user=0.02 sys=0.00, real=0.01 secs] 
2771.677: [GC (Allocation Failure) [PSYoungGen: 68448K->1408K(69120K)] 470423K->403383K(625664K), 0.0029431 secs] [Times: user=0.01 sys=0.00, real=0.00 secs] 
2772.270: [GC (Allocation Failure) [PSYoungGen: 68480K->1360K(69120K)] 470455K->403335K(625664K), 0.0036258 secs] [Times: user=0.02 sys=0.00, real=0.00 secs] 
2773.428: [GC (Allocation Failure) [PSYoungGen: 68432K->1408K(69120K)] 470407K->403383K(625664K), 0.0022655 secs] [Times: user=0.00 sys=0.01, real=0.00 secs] 
2773.986: [GC (Allocation Failure) [PSYoungGen: 68480K->1392K(69120K)] 470455K->403367K(625664K), 0.0025086 secs] [Times: user=0.01 sys=0.00, real=0.01 secs] 
2774.549: [GC (Allocation Failure) [PSYoungGen: 68464K->1408K(69120K)] 470439K->403383K(625664K), 0.0023816 secs] [Times: user=0.01 sys=0.00, real=0.00 secs] 
2775.054: [GC (Allocation Failure) [PSYoungGen: 68480K->1376K(69120K)] 470455K->403351K(625664K), 0.0022179 secs] [Times: user=0.01 sys=0.00, real=0.00 secs] 
2776.118: [GC (Allocation Failure) [PSYoungGen: 68448K->1408K(69120K)] 470423K->403391K(625664K), 0.0018542 secs] [Times: user=0.01 sys=0.00, real=0.00 secs] 
2776.762: [GC (Allocation Failure) [PSYoungGen: 68480K->1408K(69120K)] 470463K->403391K(625664K), 0.0037334 secs] [Times: user=0.01 sys=0.00, real=0.00 secs] 
2777.131: [GC (Allocation Failure) [PSYoungGen: 68480K->1376K(69120K)] 470463K->403359K(625664K), 0.0022688 secs] [Times: user=0.01 sys=0.00, real=0.00 secs] 
2777.502: [GC (Allocation Failure) [PSYoungGen: 68448K->1376K(69120K)] 470431K->403359K(625664K), 0.0022460 secs] [Times: user=0.01 sys=0.00, real=0.00 secs] 
2778.034: [GC (Allocation Failure) [PSYoungGen: 68448K->1373K(69120K)] 470431K->403364K(625664K), 0.0016254 secs] [Times: user=0.00 sys=0.00, real=0.00 secs] 
2778.951: [GC (Allocation Failure) [PSYoungGen: 68445K->1376K(69120K)] 470436K->403367K(625664K), 0.0022619 secs] [Times: user=0.01 sys=0.00, real=0.00 secs] 
2779.397: [GC (Allocation Failure) [PSYoungGen: 68448K->1408K(69120K)] 470439K->403407K(625664K), 0.0027682 secs] [Times: user=0.01 sys=0.00, real=0.00 secs] 
2779.672: [GC (Allocation Failure) [PSYoungGen: 68480K->1376K(68608K)] 470479K->403375K(625152K), 0.0022682 secs] [Times: user=0.01 sys=0.00, real=0.00 secs] 
2780.129: [GC (Allocation Failure) [PSYoungGen: 68448K->1392K(68608K)] 470447K->403399K(625152K), 0.0021528 secs] [Times: user=0.01 sys=0.00, real=0.00 secs] 
2781.091: [GC (Allocation Failure) [PSYoungGen: 68464K->368K(68096K)] 470471K->403399K(624640K), 0.0022163 secs] [Times: user=0.00 sys=0.00, real=0.00 secs] 
2781.396: [GC (Allocation Failure) [PSYoungGen: 67440K->320K(69120K)] 470471K->403351K(625664K), 0.0020750 secs] [Times: user=0.01 sys=0.00, real=0.01 secs] 
2781.722: [GC (Allocation Failure) [PSYoungGen: 67392K->320K(69120K)] 470423K->403351K(625664K), 0.0021040 secs] [Times: user=0.01 sys=0.00, real=0.00 secs] 
2782.001: [GC (Allocation Failure) [PSYoungGen: 67392K->336K(69120K)] 470423K->403367K(625664K), 0.0019839 secs] [Times: user=0.01 sys=0.00, real=0.00 secs] 
2782.624: [GC (Allocation Failure) [PSYoungGen: 67408K->1373K(69120K)] 470439K->404404K(625664K), 0.0015273 secs] [Times: user=0.00 sys=0.00, real=0.00 secs] 
2784.091: [GC (Allocation Failure) [PSYoungGen: 68445K->1440K(69120K)] 471476K->404471K(625664K), 0.0034507 secs] [Times: user=0.01 sys=0.00, real=0.00 secs] 
2784.690: [GC (Allocation Failure) [PSYoungGen: 68512K->1408K(68608K)] 471543K->404455K(625152K), 0.0030274 secs] [Times: user=0.01 sys=0.00, real=0.00 secs] 
2785.312: [GC (Allocation Failure) [PSYoungGen: 67968K->1408K(69120K)] 471015K->404455K(625664K), 0.0039908 secs] [Times: user=0.02 sys=0.00, real=0.01 secs] 
2785.895: [GC (Allocation Failure) [PSYoungGen: 67968K->1408K(69120K)] 471015K->404455K(625664K), 0.0031527 secs] [Times: user=0.01 sys=0.00, real=0.01 secs] 
2788.281: [GC (Allocation Failure) [PSYoungGen: 67968K->1344K(68096K)] 471015K->404391K(624640K), 0.0057406 secs] [Times: user=0.02 sys=0.00, real=0.01 secs] 
2789.997: [GC (Allocation Failure) [PSYoungGen: 67904K->1344K(68608K)] 470951K->404391K(625152K), 0.0048133 secs] [Times: user=0.02 sys=0.00, real=0.00 secs] 
2790.832: [GC (Allocation Failure) [PSYoungGen: 67904K->1312K(68608K)] 470951K->404359K(625152K), 0.0056841 secs] [Times: user=0.03 sys=0.00, real=0.01 secs] 
2791.641: [GC (Allocation Failure) [PSYoungGen: 67872K->1376K(68608K)] 470919K->404423K(625152K), 0.0058361 secs] [Times: user=0.03 sys=0.00, real=0.01 secs] 
2792.814: [GC (Allocation Failure) [PSYoungGen: 67936K->1373K(68608K)] 470983K->404420K(625152K), 0.0015981 secs] [Times: user=0.01 sys=0.00, real=0.00 secs] 
2793.156: [GC (Allocation Failure) [PSYoungGen: 67933K->1376K(68608K)] 470980K->404423K(625152K), 0.0016904 secs] [Times: user=0.01 sys=0.00, real=0.01 secs] 
2793.431: [GC (Allocation Failure) [PSYoungGen: 67936K->1344K(68608K)] 470983K->404399K(625152K), 0.0016956 secs] [Times: user=0.01 sys=0.00, real=0.00 secs] 
2793.707: [GC (Allocation Failure) [PSYoungGen: 67904K->1376K(68608K)] 470959K->404431K(625152K), 0.0018207 secs] [Times: user=0.00 sys=0.00, real=0.00 secs] 
2793.983: [GC (Allocation Failure) [PSYoungGen: 67936K->1344K(68608K)] 470991K->404399K(625152K), 0.0017627 secs] [Times: user=0.01 sys=0.00, real=0.00 secs] 
2795.558: [GC (Allocation Failure) [PSYoungGen: 67904K->1376K(68608K)] 470959K->404431K(625152K), 0.0057400 secs] [Times: user=0.02 sys=0.00, real=0.00 secs] 
2796.412: [GC (Allocation Failure) [PSYoungGen: 67936K->1376K(68608K)] 470991K->404431K(625152K), 0.0025280 secs] [Times: user=0.01 sys=0.00, real=0.00 secs] 
2797.088: [GC (Allocation Failure) [PSYoungGen: 67936K->1376K(68608K)] 470991K->404431K(625152K), 0.0025114 secs] [Times: user=0.02 sys=0.00, real=0.00 secs] 
2798.069: [GC (Allocation Failure) [PSYoungGen: 67936K->1408K(68608K)] 470991K->404463K(625152K), 0.0039000 secs] [Times: user=0.01 sys=0.00, real=0.00 secs] 
2799.415: [GC (Allocation Failure) [PSYoungGen: 67968K->128K(68608K)] 471023K->403191K(625152K), 0.0029567 secs] [Times: user=0.01 sys=0.00, real=0.01 secs] 
2799.942: [GC (Allocation Failure) [PSYoungGen: 66688K->1408K(68608K)] 469751K->404471K(625152K), 0.0020437 secs] [Times: user=0.01 sys=0.00, real=0.00 secs] 
2800.219: [GC (Allocation Failure) [PSYoungGen: 67968K->1376K(68608K)] 471031K->404439K(625152K), 0.0020605 secs] [Times: user=0.01 sys=0.00, real=0.00 secs] 
2800.503: [GC (Allocation Failure) [PSYoungGen: 67936K->1360K(68608K)] 470999K->404423K(625152K), 0.0021557 secs] [Times: user=0.01 sys=0.00, real=0.00 secs] 
2800.781: [GC (Allocation Failure) [PSYoungGen: 67920K->1376K(68608K)] 470983K->404439K(625152K), 0.0020864 secs] [Times: user=0.01 sys=0.00, real=0.00 secs] 
2801.536: [GC (Allocation Failure) [PSYoungGen: 67936K->1376K(68608K)] 470999K->404439K(625152K), 0.0020486 secs] [Times: user=0.00 sys=0.00, real=0.01 secs] 
2801.813: [GC (Allocation Failure) [PSYoungGen: 67936K->1344K(68608K)] 470999K->404407K(625152K), 0.0018071 secs] [Times: user=0.01 sys=0.00, real=0.00 secs] 
2802.089: [GC (Allocation Failure) [PSYoungGen: 67904K->1376K(68608K)] 470967K->404439K(625152K), 0.0017871 secs] [Times: user=0.01 sys=0.00, real=0.00 secs] 
2802.366: [GC (Allocation Failure) [PSYoungGen: 67936K->1344K(68608K)] 470999K->404407K(625152K), 0.0019004 secs] [Times: user=0.00 sys=0.00, real=0.01 secs] 
2803.191: [GC (Allocation Failure) [PSYoungGen: 67904K->1632K(68608K)] 470967K->404695K(625152K), 0.0017994 secs] [Times: user=0.01 sys=0.00, real=0.00 secs] 
2803.465: [GC (Allocation Failure) [PSYoungGen: 68192K->1312K(68608K)] 471255K->404375K(625152K), 0.0017913 secs] [Times: user=0.00 sys=0.00, real=0.01 secs] 
2803.741: [GC (Allocation Failure) [PSYoungGen: 67872K->1312K(68608K)] 470935K->404383K(625152K), 0.0019090 secs] [Times: user=0.01 sys=0.00, real=0.00 secs] 
2804.017: [GC (Allocation Failure) [PSYoungGen: 67872K->1344K(68608K)] 470943K->404415K(625152K), 0.0018913 secs] [Times: user=0.00 sys=0.00, real=0.00 secs] 
2804.294: [GC (Allocation Failure) [PSYoungGen: 67904K->1376K(68608K)] 470975K->404447K(625152K), 0.0018387 secs] [Times: user=0.01 sys=0.00, real=0.00 secs] 
2805.459: [GC (Allocation Failure) [PSYoungGen: 67936K->1344K(68608K)] 471007K->404415K(625152K), 0.0054023 secs] [Times: user=0.03 sys=0.00, real=0.00 secs] 
2806.273: [GC (Allocation Failure) [PSYoungGen: 67904K->1408K(68608K)] 470975K->404479K(625152K), 0.0036761 secs] [Times: user=0.01 sys=0.00, real=0.01 secs] 
2807.144: [GC (Allocation Failure) [PSYoungGen: 67968K->1344K(68608K)] 471039K->404415K(625152K), 0.0056872 secs] [Times: user=0.02 sys=0.00, real=0.01 secs] 
2807.795: [GC (Allocation Failure) [PSYoungGen: 67904K->1376K(68608K)] 470975K->404447K(625152K), 0.0036716 secs] [Times: user=0.01 sys=0.00, real=0.01 secs] 
2809.007: [GC (Allocation Failure) [PSYoungGen: 67936K->1920K(68608K)] 471007K->404991K(625152K), 0.0018085 secs] [Times: user=0.00 sys=0.01, real=0.00 secs] 
2809.284: [GC (Allocation Failure) [PSYoungGen: 68480K->1376K(68608K)] 471551K->404447K(625152K), 0.0017103 secs] [Times: user=0.01 sys=0.00, real=0.00 secs] 
2809.560: [GC (Allocation Failure) [PSYoungGen: 67936K->1408K(68608K)] 471007K->404479K(625152K), 0.0018118 secs] [Times: user=0.01 sys=0.00, real=0.00 secs] 
2809.837: [GC (Allocation Failure) [PSYoungGen: 67968K->1344K(68608K)] 471039K->404415K(625152K), 0.0019203 secs] [Times: user=0.01 sys=0.00, real=0.00 secs] 
2810.113: [GC (Allocation Failure) [PSYoungGen: 67904K->1344K(68608K)] 470975K->404415K(625152K), 0.0017437 secs] [Times: user=0.00 sys=0.00, real=0.00 secs] 
2811.195: [GC (Allocation Failure) [PSYoungGen: 67904K->1408K(68608K)] 470975K->404479K(625152K), 0.0019170 secs] [Times: user=0.01 sys=0.00, real=0.01 secs] 
2811.943: [GC (Allocation Failure) [PSYoungGen: 67968K->1344K(68608K)] 471039K->404415K(625152K), 0.0055346 secs] [Times: user=0.02 sys=0.00, real=0.01 secs] 
2812.846: [GC (Allocation Failure) [PSYoungGen: 67904K->1376K(68608K)] 470975K->404447K(625152K), 0.0046021 secs] [Times: user=0.02 sys=0.00, real=0.01 secs] 
2813.670: [GC (Allocation Failure) [PSYoungGen: 67936K->1376K(68608K)] 471007K->404447K(625152K), 0.0034728 secs] [Times: user=0.01 sys=0.00, real=0.00 secs] 
2814.704: [GC (Allocation Failure) [PSYoungGen: 67936K->1408K(68608K)] 471007K->404479K(625152K), 0.0018998 secs] [Times: user=0.01 sys=0.00, real=0.00 secs] 
2815.339: [GC (Allocation Failure) [PSYoungGen: 67968K->1376K(68608K)] 471039K->404447K(625152K), 0.0020425 secs] [Times: user=0.01 sys=0.00, real=0.00 secs] 
2815.946: [GC (Allocation Failure) [PSYoungGen: 67936K->1376K(68608K)] 471007K->404455K(625152K), 0.0049467 secs] [Times: user=0.03 sys=0.00, real=0.01 secs] 
2816.517: [GC (Allocation Failure) [PSYoungGen: 67936K->1440K(68608K)] 471015K->404519K(625152K), 0.0031619 secs] [Times: user=0.01 sys=0.00, real=0.00 secs] 
2816.927: [GC (Allocation Failure) [PSYoungGen: 68000K->1408K(68608K)] 471079K->404487K(625152K), 0.0022303 secs] [Times: user=0.01 sys=0.00, real=0.00 secs] 
2817.648: [GC (Allocation Failure) [PSYoungGen: 67968K->1392K(68096K)] 471047K->404471K(624640K), 0.0017553 secs] [Times: user=0.01 sys=0.00, real=0.00 secs] 
2817.930: [GC (Allocation Failure) [PSYoungGen: 67952K->1408K(68096K)] 471031K->404487K(624640K), 0.0019201 secs] [Times: user=0.01 sys=0.00, real=0.00 secs] 
2818.206: [GC (Allocation Failure) [PSYoungGen: 67968K->368K(67584K)] 471047K->404471K(624128K), 0.0018508 secs] [Times: user=0.01 sys=0.00, real=0.01 secs] 
2818.482: [GC (Allocation Failure) [PSYoungGen: 66928K->320K(68608K)] 471031K->404423K(625152K), 0.0020458 secs] [Times: user=0.01 sys=0.00, real=0.00 secs] 
2819.430: [GC (Allocation Failure) [PSYoungGen: 66880K->1376K(68608K)] 470983K->405479K(625152K), 0.0024070 secs] [Times: user=0.01 sys=0.01, real=0.00 secs] 
2820.639: [GC (Allocation Failure) [PSYoungGen: 67936K->1376K(68608K)] 472039K->405479K(625152K), 0.0041531 secs] [Times: user=0.01 sys=0.00, real=0.00 secs] 
2821.411: [GC (Allocation Failure) [PSYoungGen: 67936K->1376K(68608K)] 472039K->405479K(625152K), 0.0042472 secs] [Times: user=0.02 sys=0.00, real=0.00 secs] 
2821.888: [GC (Allocation Failure) [PSYoungGen: 67936K->1376K(68608K)] 472039K->405479K(625152K), 0.0027970 secs] [Times: user=0.01 sys=0.00, real=0.00 secs] 
2822.397: [GC (Allocation Failure) [PSYoungGen: 67928K->1344K(68608K)] 472031K->405447K(625152K), 0.0027917 secs] [Times: user=0.01 sys=0.00, real=0.00 secs] 
2823.430: [GC (Allocation Failure) [PSYoungGen: 67904K->1408K(68608K)] 472007K->405511K(625152K), 0.0022494 secs] [Times: user=0.01 sys=0.00, real=0.00 secs] 
2824.110: [GC (Allocation Failure) [PSYoungGen: 67968K->1376K(68608K)] 472071K->405479K(625152K), 0.0024583 secs] [Times: user=0.01 sys=0.00, real=0.00 secs] 
2825.054: [GC (Allocation Failure) [PSYoungGen: 67936K->1392K(68608K)] 472039K->405519K(625152K), 0.0034250 secs] [Times: user=0.01 sys=0.00, real=0.01 secs] 
2825.796: [GC (Allocation Failure) [PSYoungGen: 67952K->1408K(68608K)] 472079K->405535K(625152K), 0.0031929 secs] [Times: user=0.02 sys=0.00, real=0.01 secs] 
2827.144: [GC (Allocation Failure) [PSYoungGen: 67968K->1408K(68608K)] 472095K->405535K(625152K), 0.0021008 secs] [Times: user=0.01 sys=0.00, real=0.00 secs] 
2828.751: [GC (Allocation Failure) [PSYoungGen: 67968K->1376K(68608K)] 472095K->405503K(625152K), 0.0056718 secs] [Times: user=0.03 sys=0.00, real=0.01 secs] 
2829.808: [GC (Allocation Failure) [PSYoungGen: 67936K->1408K(68608K)] 472063K->405535K(625152K), 0.0045721 secs] [Times: user=0.02 sys=0.00, real=0.00 secs] 
2830.848: [GC (Allocation Failure) [PSYoungGen: 67968K->1376K(68608K)] 472095K->405503K(625152K), 0.0037559 secs] [Times: user=0.01 sys=0.00, real=0.00 secs] 
2831.887: [GC (Allocation Failure) [PSYoungGen: 67936K->1341K(68608K)] 472063K->405468K(625152K), 0.0025871 secs] [Times: user=0.01 sys=0.00, real=0.00 secs] 
2832.954: [GC (Allocation Failure) [PSYoungGen: 67901K->1376K(68608K)] 472028K->405503K(625152K), 0.0021229 secs] [Times: user=0.01 sys=0.00, real=0.00 secs] 
2833.589: [GC (Allocation Failure) [PSYoungGen: 67936K->1376K(68608K)] 472063K->405503K(625152K), 0.0025740 secs] [Times: user=0.01 sys=0.00, real=0.00 secs] 
2834.140: [GC (Allocation Failure) [PSYoungGen: 67936K->1376K(68608K)] 472063K->405503K(625152K), 0.0024695 secs] [Times: user=0.01 sys=0.01, real=0.00 secs] 
2834.913: [GC (Allocation Failure) [PSYoungGen: 67936K->1408K(68608K)] 472063K->405535K(625152K), 0.0029088 secs] [Times: user=0.01 sys=0.00, real=0.00 secs] 
2836.093: [GC (Allocation Failure) [PSYoungGen: 67968K->1408K(68608K)] 472095K->405535K(625152K), 0.0017389 secs] [Times: user=0.01 sys=0.00, real=0.00 secs] 
2836.497: [GC (Allocation Failure) [PSYoungGen: 67968K->1312K(68608K)] 472095K->405439K(625152K), 0.0016079 secs] [Times: user=0.01 sys=0.00, real=0.00 secs] 
2836.781: [GC (Allocation Failure) [PSYoungGen: 67872K->1408K(68608K)] 471999K->405535K(625152K), 0.0035958 secs] [Times: user=0.02 sys=0.00, real=0.00 secs] 
2837.306: [GC (Allocation Failure) [PSYoungGen: 67968K->1360K(68608K)] 472095K->405487K(625152K), 0.0040050 secs] [Times: user=0.02 sys=0.00, real=0.00 secs] 
2838.011: [GC (Allocation Failure) [PSYoungGen: 67920K->1373K(68608K)] 472047K->405508K(625152K), 0.0016133 secs] [Times: user=0.01 sys=0.00, real=0.00 secs] 
2839.233: [GC (Allocation Failure) [PSYoungGen: 67933K->1376K(68096K)] 472068K->405511K(624640K), 0.0037966 secs] [Times: user=0.02 sys=0.00, real=0.01 secs] 
2839.767: [GC (Allocation Failure) [PSYoungGen: 67936K->1376K(68096K)] 472071K->405511K(624640K), 0.0031775 secs] [Times: user=0.01 sys=0.00, real=0.00 secs] 
2840.302: [GC (Allocation Failure) [PSYoungGen: 67936K->1408K(68096K)] 472071K->405543K(624640K), 0.0030831 secs] [Times: user=0.01 sys=0.00, real=0.00 secs] 
2840.678: [GC (Allocation Failure) [PSYoungGen: 67968K->1344K(68096K)] 472103K->405479K(624640K), 0.0022483 secs] [Times: user=0.01 sys=0.00, real=0.00 secs] 
2841.591: [GC (Allocation Failure) [PSYoungGen: 67904K->1408K(68096K)] 472039K->405543K(624640K), 0.0022387 secs] [Times: user=0.01 sys=0.00, real=0.00 secs] 
2842.236: [GC (Allocation Failure) [PSYoungGen: 67968K->1376K(68096K)] 472103K->405511K(624640K), 0.0024353 secs] [Times: user=0.01 sys=0.00, real=0.01 secs] 
2842.764: [GC (Allocation Failure) [PSYoungGen: 67936K->1328K(68096K)] 472071K->405463K(624640K), 0.0024674 secs] [Times: user=0.01 sys=0.00, real=0.01 secs] 
2843.371: [GC (Allocation Failure) [PSYoungGen: 67888K->1376K(68096K)] 472023K->405511K(624640K), 0.0024000 secs] [Times: user=0.01 sys=0.00, real=0.00 secs] 
2844.199: [GC (Allocation Failure) [PSYoungGen: 67936K->1373K(68096K)] 472071K->405508K(624640K), 0.0014818 secs] [Times: user=0.01 sys=0.00, real=0.00 secs] 
2845.401: [GC (Allocation Failure) [PSYoungGen: 67933K->1472K(68096K)] 472068K->405607K(624640K), 0.0021310 secs] [Times: user=0.01 sys=0.00, real=0.00 secs] 
2846.188: [GC (Allocation Failure) [PSYoungGen: 68032K->1376K(68096K)] 472167K->405527K(624640K), 0.0022991 secs] [Times: user=0.01 sys=0.00, real=0.00 secs] 
2847.187: [GC (Allocation Failure) [PSYoungGen: 67936K->1376K(68096K)] 472087K->405527K(624640K), 0.0022922 secs] [Times: user=0.01 sys=0.00, real=0.00 secs] 
2848.156: [GC (Allocation Failure) [PSYoungGen: 67936K->1344K(68096K)] 472087K->405495K(624640K), 0.0025757 secs] [Times: user=0.01 sys=0.00, real=0.01 secs] 
2849.077: [GC (Allocation Failure) [PSYoungGen: 67904K->1376K(68096K)] 472055K->405527K(624640K), 0.0018270 secs] [Times: user=0.00 sys=0.00, real=0.00 secs] 
2849.424: [GC (Allocation Failure) [PSYoungGen: 67936K->1344K(68096K)] 472087K->405495K(624640K), 0.0021669 secs] [Times: user=0.01 sys=0.00, real=0.01 secs] 
2849.712: [GC (Allocation Failure) [PSYoungGen: 67904K->1344K(68096K)] 472055K->405495K(624640K), 0.0030457 secs] [Times: user=0.01 sys=0.00, real=0.00 secs] 
2850.041: [GC (Allocation Failure) [PSYoungGen: 67904K->1328K(68096K)] 472055K->405479K(624640K), 0.0028683 secs] [Times: user=0.01 sys=0.00, real=0.00 secs] 
2850.632: [GC (Allocation Failure) [PSYoungGen: 67888K->1373K(68096K)] 472039K->405524K(624640K), 0.0015149 secs] [Times: user=0.00 sys=0.00, real=0.00 secs] 
2851.900: [GC (Allocation Failure) [PSYoungGen: 67933K->1440K(68096K)] 472084K->405591K(624640K), 0.0038822 secs] [Times: user=0.02 sys=0.00, real=0.00 secs] 
2852.504: [GC (Allocation Failure) [PSYoungGen: 68000K->1376K(68096K)] 472151K->405527K(624640K), 0.0036694 secs] [Times: user=0.01 sys=0.00, real=0.01 secs] 
2853.121: [GC (Allocation Failure) [PSYoungGen: 67936K->1408K(68096K)] 472087K->405559K(624640K), 0.0026422 secs] [Times: user=0.01 sys=0.00, real=0.00 secs] 
2853.790: [GC (Allocation Failure) [PSYoungGen: 67968K->1408K(68096K)] 472119K->405559K(624640K), 0.0047373 secs] [Times: user=0.02 sys=0.01, real=0.00 secs] 
2854.777: [GC (Allocation Failure) [PSYoungGen: 67968K->1376K(68096K)] 472119K->405527K(624640K), 0.0015746 secs] [Times: user=0.01 sys=0.00, real=0.00 secs] 
2855.168: [GC (Allocation Failure) [PSYoungGen: 67936K->1360K(68096K)] 472087K->405511K(624640K), 0.0017094 secs] [Times: user=0.01 sys=0.00, real=0.00 secs] 
2855.734: [GC (Allocation Failure) [PSYoungGen: 67920K->1392K(68096K)] 472071K->405551K(624640K), 0.0020646 secs] [Times: user=0.00 sys=0.00, real=0.00 secs] 
2856.339: [GC (Allocation Failure) [PSYoungGen: 67952K->1376K(68096K)] 472111K->405535K(624640K), 0.0033365 secs] [Times: user=0.01 sys=0.00, real=0.00 secs] 
2857.248: [GC (Allocation Failure) [PSYoungGen: 67936K->1373K(68096K)] 472095K->405532K(624640K), 0.0016040 secs] [Times: user=0.01 sys=0.00, real=0.00 secs] 
2857.875: [GC (Allocation Failure) [PSYoungGen: 67933K->1408K(68096K)] 472092K->405567K(624640K), 0.0020911 secs] [Times: user=0.01 sys=0.00, real=0.01 secs] 
2858.510: [GC (Allocation Failure) [PSYoungGen: 67968K->1376K(68096K)] 472127K->405535K(624640K), 0.0023914 secs] [Times: user=0.01 sys=0.00, real=0.00 secs] 
2859.216: [GC (Allocation Failure) [PSYoungGen: 67936K->1360K(68096K)] 472095K->405519K(624640K), 0.0028250 secs] [Times: user=0.01 sys=0.00, real=0.01 secs] 
2859.933: [GC (Allocation Failure) [PSYoungGen: 67920K->1376K(68096K)] 472079K->405535K(624640K), 0.0030900 secs] [Times: user=0.01 sys=0.00, real=0.00 secs] 
2861.116: [GC (Allocation Failure) [PSYoungGen: 67936K->1408K(68096K)] 472095K->405567K(624640K), 0.0021286 secs] [Times: user=0.01 sys=0.00, real=0.01 secs] 
2861.813: [GC (Allocation Failure) [PSYoungGen: 67968K->1376K(68096K)] 472127K->405535K(624640K), 0.0022935 secs] [Times: user=0.01 sys=0.00, real=0.00 secs] 
2862.412: [GC (Allocation Failure) [PSYoungGen: 67936K->1408K(68096K)] 472095K->405567K(624640K), 0.0023242 secs] [Times: user=0.01 sys=0.00, real=0.00 secs] 
2862.990: [GC (Allocation Failure) [PSYoungGen: 67968K->1408K(68096K)] 472127K->405567K(624640K), 0.0024257 secs] [Times: user=0.01 sys=0.00, real=0.00 secs] 
2863.918: [GC (Allocation Failure) [PSYoungGen: 67968K->1373K(68096K)] 472127K->405532K(624640K), 0.0015980 secs] [Times: user=0.01 sys=0.00, real=0.00 secs] 
2864.671: [GC (Allocation Failure) [PSYoungGen: 67933K->1408K(68096K)] 472092K->405567K(624640K), 0.0018102 secs] [Times: user=0.01 sys=0.00, real=0.00 secs] 
2865.254: [GC (Allocation Failure) [PSYoungGen: 67968K->1376K(68096K)] 472127K->405535K(624640K), 0.0039262 secs] [Times: user=0.02 sys=0.00, real=0.01 secs] 
2865.899: [GC (Allocation Failure) [PSYoungGen: 67936K->1344K(68096K)] 472095K->405511K(624640K), 0.0056264 secs] [Times: user=0.02 sys=0.00, real=0.00 secs] 
2866.643: [GC (Allocation Failure) [PSYoungGen: 67904K->1376K(68096K)] 472071K->405543K(624640K), 0.0047500 secs] [Times: user=0.02 sys=0.00, real=0.01 secs] 
2867.846: [GC (Allocation Failure) [PSYoungGen: 67936K->1376K(68096K)] 472103K->405543K(624640K), 0.0046899 secs] [Times: user=0.02 sys=0.00, real=0.01 secs] 
2868.526: [GC (Allocation Failure) [PSYoungGen: 67936K->1360K(68096K)] 472103K->405527K(624640K), 0.0032211 secs] [Times: user=0.02 sys=0.00, real=0.00 secs] 
2869.157: [GC (Allocation Failure) [PSYoungGen: 67920K->1376K(68096K)] 472087K->405543K(624640K), 0.0035683 secs] [Times: user=0.01 sys=0.00, real=0.00 secs] 
2869.900: [GC (Allocation Failure) [PSYoungGen: 67936K->1376K(68096K)] 472103K->405543K(624640K), 0.0034779 secs] [Times: user=0.01 sys=0.00, real=0.00 secs] 
2870.943: [GC (Allocation Failure) [PSYoungGen: 67936K->1408K(68096K)] 472103K->405575K(624640K), 0.0017367 secs] [Times: user=0.01 sys=0.00, real=0.00 secs] 
2871.494: [GC (Allocation Failure) [PSYoungGen: 67968K->1344K(68096K)] 472135K->405511K(624640K), 0.0016835 secs] [Times: user=0.00 sys=0.00, real=0.00 secs] 
2872.081: [GC (Allocation Failure) [PSYoungGen: 67904K->1408K(68096K)] 472071K->405575K(624640K), 0.0057163 secs] [Times: user=0.02 sys=0.00, real=0.01 secs] 
2872.674: [GC (Allocation Failure) [PSYoungGen: 67968K->1376K(68096K)] 472135K->405543K(624640K), 0.0036895 secs] [Times: user=0.02 sys=0.00, real=0.01 secs] 
2873.221: [GC (Allocation Failure) [PSYoungGen: 67936K->1376K(68096K)] 472103K->405543K(624640K), 0.0037506 secs] [Times: user=0.02 sys=0.00, real=0.00 secs] 
2874.766: [GC (Allocation Failure) [PSYoungGen: 67936K->1392K(68096K)] 472103K->405559K(624640K), 0.0040175 secs] [Times: user=0.02 sys=0.00, real=0.00 secs] 
2875.568: [GC (Allocation Failure) [PSYoungGen: 67952K->1376K(68096K)] 472119K->405543K(624640K), 0.0035257 secs] [Times: user=0.02 sys=0.01, real=0.00 secs] 
2876.183: [GC (Allocation Failure) [PSYoungGen: 67936K->1408K(68096K)] 472103K->405575K(624640K), 0.0028820 secs] [Times: user=0.02 sys=0.00, real=0.00 secs] 
2876.713: [GC (Allocation Failure) [PSYoungGen: 67968K->1344K(68096K)] 472135K->405519K(624640K), 0.0030218 secs] [Times: user=0.02 sys=0.00, real=0.00 secs] 
2878.033: [GC (Allocation Failure) [PSYoungGen: 67904K->1504K(68096K)] 472079K->405775K(624640K), 0.0017238 secs] [Times: user=0.01 sys=0.00, real=0.00 secs] 
2878.707: [GC (Allocation Failure) [PSYoungGen: 68064K->1264K(68096K)] 472335K->405535K(624640K), 0.0035638 secs] [Times: user=0.02 sys=0.00, real=0.00 secs] 
2879.308: [GC (Allocation Failure) [PSYoungGen: 67824K->1312K(68096K)] 472095K->405583K(624640K), 0.0032657 secs] [Times: user=0.02 sys=0.00, real=0.00 secs] 
2879.581: [GC (Allocation Failure) [PSYoungGen: 67872K->1264K(68096K)] 472143K->405535K(624640K), 0.0021175 secs] [Times: user=0.01 sys=0.00, real=0.00 secs] 
2879.988: [GC (Allocation Failure) [PSYoungGen: 67824K->1280K(68096K)] 472095K->405551K(624640K), 0.0022143 secs] [Times: user=0.01 sys=0.00, real=0.00 secs] 
2881.203: [GC (Allocation Failure) [PSYoungGen: 67840K->1424K(68096K)] 472111K->405695K(624640K), 0.0051880 secs] [Times: user=0.02 sys=0.01, real=0.01 secs] 
2881.768: [GC (Allocation Failure) [PSYoungGen: 67984K->1408K(68096K)] 472255K->405679K(624640K), 0.0023567 secs] [Times: user=0.01 sys=0.00, real=0.00 secs] 
2882.559: [GC (Allocation Failure) [PSYoungGen: 67968K->1376K(68096K)] 472239K->405647K(624640K), 0.0027432 secs] [Times: user=0.01 sys=0.00, real=0.00 secs] 
2883.459: [GC (Allocation Failure) [PSYoungGen: 67936K->1408K(68096K)] 472207K->405679K(624640K), 0.0027564 secs] [Times: user=0.01 sys=0.00, real=0.00 secs] 
2884.697: [GC (Allocation Failure) [PSYoungGen: 67968K->976K(68096K)] 472239K->406271K(624640K), 0.0020043 secs] [Times: user=0.01 sys=0.00, real=0.00 secs] 
2884.974: [GC (Allocation Failure) [PSYoungGen: 67536K->384K(68608K)] 472831K->405679K(625152K), 0.0019026 secs] [Times: user=0.01 sys=0.00, real=0.00 secs] 
2885.251: [GC (Allocation Failure) [PSYoungGen: 66944K->384K(68608K)] 472239K->405679K(625152K), 0.0018032 secs] [Times: user=0.01 sys=0.00, real=0.00 secs] 
2885.528: [GC (Allocation Failure) [PSYoungGen: 66944K->416K(68608K)] 472239K->405719K(625152K), 0.0020151 secs] [Times: user=0.01 sys=0.00, real=0.00 secs] 
2885.804: [GC (Allocation Failure) [PSYoungGen: 66976K->384K(68608K)] 472279K->405687K(625152K), 0.0020100 secs] [Times: user=0.01 sys=0.00, real=0.00 secs] 
2886.663: [GC (Allocation Failure) [PSYoungGen: 66944K->1424K(68608K)] 472247K->406727K(625152K), 0.0017488 secs] [Times: user=0.00 sys=0.01, real=0.00 secs] 
2886.939: [GC (Allocation Failure) [PSYoungGen: 67984K->1376K(68608K)] 473287K->406727K(625152K), 0.0021327 secs] [Times: user=0.01 sys=0.00, real=0.00 secs] 
2887.247: [GC (Allocation Failure) [PSYoungGen: 67936K->1408K(68608K)] 473287K->406759K(625152K), 0.0015333 secs] [Times: user=0.01 sys=0.00, real=0.00 secs] 
2887.522: [GC (Allocation Failure) [PSYoungGen: 67968K->1376K(68608K)] 473319K->406727K(625152K), 0.0016512 secs] [Times: user=0.01 sys=0.00, real=0.00 secs] 
2888.834: [GC (Allocation Failure) [PSYoungGen: 67936K->1376K(68608K)] 473287K->406727K(625152K), 0.0053677 secs] [Times: user=0.03 sys=0.00, real=0.01 secs] 
2890.242: [GC (Allocation Failure) [PSYoungGen: 67936K->1360K(68608K)] 473287K->406711K(625152K), 0.0027878 secs] [Times: user=0.01 sys=0.00, real=0.00 secs] 
2890.775: [GC (Allocation Failure) [PSYoungGen: 67920K->1344K(68608K)] 473271K->406703K(625152K), 0.0029575 secs] [Times: user=0.02 sys=0.00, real=0.01 secs] 
2891.060: [GC (Allocation Failure) [PSYoungGen: 67904K->1376K(68608K)] 473263K->406735K(625152K), 0.0020684 secs] [Times: user=0.01 sys=0.00, real=0.00 secs] 
2891.336: [GC (Allocation Failure) [PSYoungGen: 67936K->1376K(68608K)] 473295K->406735K(625152K), 0.0021029 secs] [Times: user=0.00 sys=0.00, real=0.00 secs] 
2892.043: [GC (Allocation Failure) [PSYoungGen: 67936K->1376K(68608K)] 473295K->406735K(625152K), 0.0018026 secs] [Times: user=0.01 sys=0.00, real=0.00 secs] 
2892.319: [GC (Allocation Failure) [PSYoungGen: 67936K->1408K(68608K)] 473295K->406767K(625152K), 0.0017305 secs] [Times: user=0.01 sys=0.00, real=0.00 secs] 
2892.595: [GC (Allocation Failure) [PSYoungGen: 67968K->1376K(68608K)] 473327K->406735K(625152K), 0.0017443 secs] [Times: user=0.00 sys=0.00, real=0.00 secs] 
2892.870: [GC (Allocation Failure) [PSYoungGen: 67936K->1376K(68608K)] 473295K->406751K(625152K), 0.0015915 secs] [Times: user=0.01 sys=0.00, real=0.00 secs] 
2893.711: [GC (Allocation Failure) [PSYoungGen: 67936K->1376K(68608K)] 473311K->406751K(625152K), 0.0018095 secs] [Times: user=0.00 sys=0.00, real=0.00 secs] 
2894.172: [GC (Allocation Failure) [PSYoungGen: 67936K->1376K(68608K)] 473311K->406751K(625152K), 0.0018103 secs] [Times: user=0.00 sys=0.00, real=0.00 secs] 
2894.512: [GC (Allocation Failure) [PSYoungGen: 67936K->1376K(68608K)] 473311K->406751K(625152K), 0.0019199 secs] [Times: user=0.01 sys=0.00, real=0.00 secs] 
2894.789: [GC (Allocation Failure) [PSYoungGen: 67936K->1392K(68608K)] 473311K->406767K(625152K), 0.0018576 secs] [Times: user=0.01 sys=0.00, real=0.00 secs] 
2895.105: [GC (Allocation Failure) [PSYoungGen: 67952K->1325K(68608K)] 473327K->406700K(625152K), 0.0018367 secs] [Times: user=0.00 sys=0.00, real=0.01 secs] 
2895.871: [GC (Allocation Failure) [PSYoungGen: 67885K->1376K(68608K)] 473260K->406759K(625152K), 0.0019514 secs] [Times: user=0.01 sys=0.01, real=0.00 secs] 
2896.173: [GC (Allocation Failure) [PSYoungGen: 67936K->1376K(68608K)] 473319K->406759K(625152K), 0.0019412 secs] [Times: user=0.01 sys=0.00, real=0.00 secs] 
2896.478: [GC (Allocation Failure) [PSYoungGen: 67936K->1408K(68608K)] 473319K->406799K(625152K), 0.0019525 secs] [Times: user=0.01 sys=0.00, real=0.00 secs] 
2896.754: [GC (Allocation Failure) [PSYoungGen: 67968K->1376K(68608K)] 473359K->406775K(625152K), 0.0019842 secs] [Times: user=0.01 sys=0.00, real=0.00 secs] 
2897.619: [GC (Allocation Failure) [PSYoungGen: 67936K->1440K(68608K)] 473335K->406839K(625152K), 0.0019531 secs] [Times: user=0.01 sys=0.00, real=0.00 secs] 
2898.273: [GC (Allocation Failure) [PSYoungGen: 68000K->1376K(68608K)] 473399K->406775K(625152K), 0.0020848 secs] [Times: user=0.00 sys=0.00, real=0.00 secs] 
2898.596: [GC (Allocation Failure) [PSYoungGen: 67936K->1408K(68608K)] 473335K->406807K(625152K), 0.0019961 secs] [Times: user=0.01 sys=0.00, real=0.01 secs] 
2898.873: [GC (Allocation Failure) [PSYoungGen: 67968K->1408K(68608K)] 473367K->406807K(625152K), 0.0021014 secs] [Times: user=0.01 sys=0.00, real=0.00 secs] 
2899.273: [GC (Allocation Failure) [PSYoungGen: 67968K->1341K(68608K)] 473367K->406740K(625152K), 0.0014521 secs] [Times: user=0.01 sys=0.00, real=0.00 secs] 
2899.901: [GC (Allocation Failure) [PSYoungGen: 67901K->1408K(68608K)] 473300K->406807K(625152K), 0.0019447 secs] [Times: user=0.01 sys=0.00, real=0.00 secs] 
2900.414: [GC (Allocation Failure) [PSYoungGen: 67968K->1376K(68608K)] 473367K->406783K(625152K), 0.0019004 secs] [Times: user=0.01 sys=0.01, real=0.00 secs] 
2900.999: [GC (Allocation Failure) [PSYoungGen: 67936K->1376K(68608K)] 473343K->406783K(625152K), 0.0018921 secs] [Times: user=0.01 sys=0.00, real=0.00 secs] 
2901.666: [GC (Allocation Failure) [PSYoungGen: 67936K->1328K(68608K)] 473343K->406735K(625152K), 0.0021827 secs] [Times: user=0.01 sys=0.00, real=0.01 secs] 
2902.633: [GC (Allocation Failure) [PSYoungGen: 67888K->1440K(68608K)] 473295K->406847K(625152K), 0.0019373 secs] [Times: user=0.01 sys=0.00, real=0.00 secs] 
2902.910: [GC (Allocation Failure) [PSYoungGen: 68000K->1408K(68608K)] 473407K->406815K(625152K), 0.0018409 secs] [Times: user=0.01 sys=0.00, real=0.00 secs] 
2903.444: [GC (Allocation Failure) [PSYoungGen: 67968K->1408K(68608K)] 473375K->406831K(625152K), 0.0020027 secs] [Times: user=0.00 sys=0.00, real=0.00 secs] 
2903.946: [GC (Allocation Failure) [PSYoungGen: 67968K->1376K(68096K)] 473391K->406799K(624640K), 0.0021910 secs] [Times: user=0.01 sys=0.00, real=0.01 secs] 
2904.616: [GC (Allocation Failure) [PSYoungGen: 67936K->1373K(68096K)] 473359K->406796K(624640K), 0.0015377 secs] [Times: user=0.01 sys=0.00, real=0.01 secs] 
2905.679: [GC (Allocation Failure) [PSYoungGen: 67933K->336K(67584K)] 473356K->406783K(624128K), 0.0023723 secs] [Times: user=0.01 sys=0.00, real=0.00 secs] 
2906.201: [GC (Allocation Failure) [PSYoungGen: 66896K->352K(68608K)] 473343K->406799K(625152K), 0.0024958 secs] [Times: user=0.01 sys=0.00, real=0.00 secs] 
2906.853: [GC (Allocation Failure) [PSYoungGen: 66912K->336K(68608K)] 473359K->406783K(625152K), 0.0025416 secs] [Times: user=0.01 sys=0.00, real=0.00 secs] 
2907.372: [GC (Allocation Failure) [PSYoungGen: 66896K->320K(68608K)] 473343K->406767K(625152K), 0.0023661 secs] [Times: user=0.01 sys=0.00, real=0.00 secs] 
2908.121: [GC (Allocation Failure) [PSYoungGen: 66880K->1408K(68608K)] 473327K->407855K(625152K), 0.0019162 secs] [Times: user=0.00 sys=0.00, real=0.00 secs] 
2908.460: [GC (Allocation Failure) [PSYoungGen: 67968K->1376K(68608K)] 474415K->407823K(625152K), 0.0017872 secs] [Times: user=0.01 sys=0.00, real=0.00 secs] 
2908.790: [GC (Allocation Failure) [PSYoungGen: 67936K->1376K(68608K)] 474383K->407831K(625152K), 0.0019434 secs] [Times: user=0.01 sys=0.00, real=0.00 secs] 
2909.067: [GC (Allocation Failure) [PSYoungGen: 67936K->1344K(68608K)] 474391K->407799K(625152K), 0.0018958 secs] [Times: user=0.01 sys=0.00, real=0.00 secs] 
2909.658: [GC (Allocation Failure) [PSYoungGen: 67904K->1357K(68608K)] 474359K->407812K(625152K), 0.0016552 secs] [Times: user=0.00 sys=0.00, real=0.00 secs] 
2911.093: [GC (Allocation Failure) [PSYoungGen: 67917K->1408K(68608K)] 474372K->407863K(625152K), 0.0025318 secs] [Times: user=0.01 sys=0.00, real=0.00 secs] 
2911.366: [GC (Allocation Failure) [PSYoungGen: 67968K->1408K(68608K)] 474423K->407863K(625152K), 0.0020514 secs] [Times: user=0.01 sys=0.00, real=0.01 secs] 
2911.718: [GC (Allocation Failure) [PSYoungGen: 67968K->1360K(68608K)] 474423K->407815K(625152K), 0.0021256 secs] [Times: user=0.01 sys=0.00, real=0.00 secs] 
2912.264: [GC (Allocation Failure) [PSYoungGen: 67920K->1328K(68608K)] 474375K->407783K(625152K), 0.0021524 secs] [Times: user=0.01 sys=0.00, real=0.00 secs] 
2913.292: [GC (Allocation Failure) [PSYoungGen: 67888K->1392K(68608K)] 474343K->407847K(625152K), 0.0019597 secs] [Times: user=0.01 sys=0.00, real=0.00 secs] 
2913.580: [GC (Allocation Failure) [PSYoungGen: 67952K->1408K(68608K)] 474407K->407863K(625152K), 0.0020257 secs] [Times: user=0.01 sys=0.00, real=0.00 secs] 
2913.857: [GC (Allocation Failure) [PSYoungGen: 67968K->1344K(68608K)] 474423K->407807K(625152K), 0.0019810 secs] [Times: user=0.01 sys=0.00, real=0.00 secs] 
2914.133: [GC (Allocation Failure) [PSYoungGen: 67904K->1376K(68608K)] 474367K->407839K(625152K), 0.0018130 secs] [Times: user=0.01 sys=0.00, real=0.00 secs] 
2914.764: [GC (Allocation Failure) [PSYoungGen: 67936K->1357K(68608K)] 474399K->407820K(625152K), 0.0016878 secs] [Times: user=0.01 sys=0.00, real=0.00 secs] 
2916.105: [GC (Allocation Failure) [PSYoungGen: 67917K->1440K(68608K)] 474380K->407903K(625152K), 0.0037156 secs] [Times: user=0.01 sys=0.00, real=0.01 secs] 
2916.862: [GC (Allocation Failure) [PSYoungGen: 68000K->1376K(68608K)] 474463K->407839K(625152K), 0.0029807 secs] [Times: user=0.01 sys=0.00, real=0.00 secs] 
2917.430: [GC (Allocation Failure) [PSYoungGen: 67936K->1408K(68608K)] 474399K->407871K(625152K), 0.0030971 secs] [Times: user=0.01 sys=0.00, real=0.00 secs] 
2917.814: [GC (Allocation Failure) [PSYoungGen: 67968K->1376K(68608K)] 474431K->407839K(625152K), 0.0020454 secs] [Times: user=0.01 sys=0.00, real=0.01 secs] 
2919.851: [GC (Allocation Failure) [PSYoungGen: 67936K->1408K(68608K)] 474399K->407871K(625152K), 0.0057826 secs] [Times: user=0.03 sys=0.00, real=0.01 secs] 
2920.512: [GC (Allocation Failure) [PSYoungGen: 67968K->1376K(68608K)] 474431K->407839K(625152K), 0.0033813 secs] [Times: user=0.02 sys=0.00, real=0.00 secs] 
2921.266: [GC (Allocation Failure) [PSYoungGen: 67936K->1408K(68608K)] 474399K->407871K(625152K), 0.0056433 secs] [Times: user=0.03 sys=0.00, real=0.01 secs] 
2921.856: [GC (Allocation Failure) [PSYoungGen: 67968K->1408K(68608K)] 474431K->407871K(625152K), 0.0035583 secs] [Times: user=0.02 sys=0.00, real=0.01 secs] 
2922.844: [GC (Allocation Failure) [PSYoungGen: 67968K->288K(68608K)] 474431K->406751K(625152K), 0.0015246 secs] [Times: user=0.01 sys=0.00, real=0.00 secs] 
2923.758: [GC (Allocation Failure) [PSYoungGen: 66848K->1376K(68608K)] 473311K->407839K(625152K), 0.0033557 secs] [Times: user=0.02 sys=0.00, real=0.00 secs] 
2924.505: [GC (Allocation Failure) [PSYoungGen: 67936K->1376K(68608K)] 474399K->407839K(625152K), 0.0034801 secs] [Times: user=0.02 sys=0.00, real=0.01 secs] 
2925.058: [GC (Allocation Failure) [PSYoungGen: 67936K->1344K(68608K)] 474399K->407807K(625152K), 0.0029829 secs] [Times: user=0.01 sys=0.00, real=0.00 secs] 
2925.682: [GC (Allocation Failure) [PSYoungGen: 67904K->1344K(68608K)] 474367K->407807K(625152K), 0.0029581 secs] [Times: user=0.02 sys=0.00, real=0.00 secs] 
2926.933: [GC (Allocation Failure) [PSYoungGen: 67904K->1376K(68608K)] 474367K->407839K(625152K), 0.0017222 secs] [Times: user=0.01 sys=0.00, real=0.00 secs] 
2927.812: [GC (Allocation Failure) [PSYoungGen: 67936K->1376K(68608K)] 474399K->407839K(625152K), 0.0054909 secs] [Times: user=0.02 sys=0.00, real=0.01 secs] 
2928.350: [GC (Allocation Failure) [PSYoungGen: 67936K->1376K(68608K)] 474399K->407847K(625152K), 0.0027609 secs] [Times: user=0.01 sys=0.00, real=0.00 secs] 
2928.986: [GC (Allocation Failure) [PSYoungGen: 67936K->1408K(68608K)] 474407K->407879K(625152K), 0.0028252 secs] [Times: user=0.01 sys=0.01, real=0.01 secs] 
2929.980: [GC (Allocation Failure) [PSYoungGen: 67968K->1440K(68608K)] 474439K->407911K(625152K), 0.0016492 secs] [Times: user=0.00 sys=0.00, real=0.00 secs] 
2930.364: [GC (Allocation Failure) [PSYoungGen: 68000K->1344K(68608K)] 474471K->407815K(625152K), 0.0018440 secs] [Times: user=0.00 sys=0.00, real=0.00 secs] 
2930.680: [GC (Allocation Failure) [PSYoungGen: 67904K->1344K(68608K)] 474375K->407815K(625152K), 0.0018533 secs] [Times: user=0.01 sys=0.00, real=0.00 secs] 
2930.975: [GC (Allocation Failure) [PSYoungGen: 67904K->1376K(68608K)] 474375K->407847K(625152K), 0.0020001 secs] [Times: user=0.01 sys=0.00, real=0.01 secs] 
2931.509: [GC (Allocation Failure) [PSYoungGen: 67936K->1376K(68608K)] 474407K->407847K(625152K), 0.0021929 secs] [Times: user=0.01 sys=0.00, real=0.00 secs] 
2932.348: [GC (Allocation Failure) [PSYoungGen: 67936K->1376K(68608K)] 474407K->407847K(625152K), 0.0018898 secs] [Times: user=0.01 sys=0.00, real=0.00 secs] 
2932.642: [GC (Allocation Failure) [PSYoungGen: 67936K->1312K(68608K)] 474407K->407783K(625152K), 0.0018461 secs] [Times: user=0.00 sys=0.00, real=0.00 secs] 
2933.165: [GC (Allocation Failure) [PSYoungGen: 67872K->1376K(68608K)] 474343K->407847K(625152K), 0.0017936 secs] [Times: user=0.01 sys=0.00, real=0.01 secs] 
2933.714: [GC (Allocation Failure) [PSYoungGen: 67936K->1408K(68608K)] 474407K->407879K(625152K), 0.0018927 secs] [Times: user=0.01 sys=0.00, real=0.01 secs] 
2934.696: [GC (Allocation Failure) [PSYoungGen: 67968K->1664K(68608K)] 474439K->408135K(625152K), 0.0018203 secs] [Times: user=0.01 sys=0.00, real=0.00 secs] 
2935.252: [GC (Allocation Failure) [PSYoungGen: 68224K->1344K(68608K)] 474695K->407823K(625152K), 0.0023422 secs] [Times: user=0.01 sys=0.00, real=0.00 secs] 
2935.956: [GC (Allocation Failure) [PSYoungGen: 67904K->1344K(68608K)] 474383K->407823K(625152K), 0.0033279 secs] [Times: user=0.02 sys=0.00, real=0.00 secs] 
2936.823: [GC (Allocation Failure) [PSYoungGen: 67904K->1344K(68608K)] 474383K->407823K(625152K), 0.0032222 secs] [Times: user=0.01 sys=0.00, real=0.00 secs] 
2937.496: [GC (Allocation Failure) [PSYoungGen: 67904K->1376K(68608K)] 474383K->407855K(625152K), 0.0034183 secs] [Times: user=0.01 sys=0.00, real=0.01 secs] 
2938.559: [GC (Allocation Failure) [PSYoungGen: 67936K->1360K(68608K)] 474415K->407839K(625152K), 0.0021120 secs] [Times: user=0.01 sys=0.00, real=0.00 secs] 
2939.228: [GC (Allocation Failure) [PSYoungGen: 67920K->1344K(68608K)] 474399K->407823K(625152K), 0.0028183 secs] [Times: user=0.01 sys=0.00, real=0.00 secs] 
2939.869: [GC (Allocation Failure) [PSYoungGen: 67904K->1376K(68096K)] 474383K->407855K(624640K), 0.0021587 secs] [Times: user=0.01 sys=0.00, real=0.00 secs] 
2940.441: [GC (Allocation Failure) [PSYoungGen: 67936K->1328K(68096K)] 474415K->407807K(624640K), 0.0023144 secs] [Times: user=0.01 sys=0.00, real=0.00 secs] 
2941.726: [GC (Allocation Failure) [PSYoungGen: 67888K->1056K(68096K)] 474367K->407543K(624640K), 0.0039263 secs] [Times: user=0.03 sys=0.00, real=0.01 secs] 
2942.032: [GC (Allocation Failure) [PSYoungGen: 67616K->2016K(68096K)] 474103K->410279K(624640K), 0.0030526 secs] [Times: user=0.02 sys=0.00, real=0.00 secs] 
2945.345: [GC (Allocation Failure) [PSYoungGen: 68064K->2528K(68608K)] 476327K->421645K(625152K), 0.0203089 secs] [Times: user=0.10 sys=0.00, real=0.02 secs] 
2951.821: [GC (Allocation Failure) [PSYoungGen: 68576K->7136K(62976K)] 487693K->451397K(619520K), 0.0454907 secs] [Times: user=0.25 sys=0.01, real=0.04 secs] 
2953.102: [GC (Allocation Failure) [PSYoungGen: 62944K->17376K(73216K)] 507205K->477301K(629760K), 0.0210275 secs] [Times: user=0.12 sys=0.00, real=0.02 secs] 
2953.208: [GC (Allocation Failure) [PSYoungGen: 73184K->26592K(77824K)] 533109K->504933K(634368K), 0.0254774 secs] [Times: user=0.10 sys=0.05, real=0.02 secs] 
2953.287: [GC (Allocation Failure) [PSYoungGen: 77792K->38368K(89600K)] 556133K->528869K(646144K), 0.0213518 secs] [Times: user=0.13 sys=0.00, real=0.02 secs] 
2953.375: [GC (Allocation Failure) [PSYoungGen: 89568K->49632K(96768K)] 580069K->554053K(653312K), 0.0331063 secs] [Times: user=0.13 sys=0.07, real=0.04 secs] 
2955.319: [GC (Allocation Failure) [PSYoungGen: 96736K->63968K(111104K)] 601157K->576696K(667648K), 0.0420443 secs] [Times: user=0.25 sys=0.00, real=0.04 secs] 
2955.433: [GC (Allocation Failure) [PSYoungGen: 106604K->78816K(119296K)] 619332K->597406K(675840K), 0.0381516 secs] [Times: user=0.19 sys=0.03, real=0.04 secs] 
2955.504: [GC (Allocation Failure) [PSYoungGen: 119264K->95200K(135680K)] 637854K->616450K(692224K), 0.0289473 secs] [Times: user=0.17 sys=0.00, real=0.03 secs] 
2960.247: [GC (Allocation Failure) [PSYoungGen: 135648K->113632K(142336K)] 656898K->634962K(698880K), 0.0702927 secs] [Times: user=0.32 sys=0.09, real=0.07 secs] 
2960.462: [GC (Allocation Failure) [PSYoungGen: 142304K->80384K(162304K)] 663634K->648898K(731648K), 0.0520868 secs] [Times: user=0.30 sys=0.01, real=0.05 secs] 
2960.514: [Full GC (Ergonomics) [PSYoungGen: 80384K->0K(162304K)] [ParOldGen: 568514K->247394K(744960K)] 648898K->247394K(907264K), [Metaspace: 59842K->59754K(1105920K)], 0.6296522 secs] [Times: user=2.86 sys=0.00, real=0.63 secs] 
2961.878: [GC (Allocation Failure) [PSYoungGen: 23884K->9664K(168448K)] 271278K->257058K(913408K), 0.0058951 secs] [Times: user=0.03 sys=0.00, real=0.00 secs] 
2962.122: [GC (Allocation Failure) [PSYoungGen: 44480K->5148K(170496K)] 291874K->252542K(915456K), 0.0070527 secs] [Times: user=0.04 sys=0.00, real=0.01 secs] 
2962.201: [GC (Allocation Failure) [PSYoungGen: 39964K->96K(171520K)] 287358K->252442K(916480K), 0.0071627 secs] [Times: user=0.04 sys=0.00, real=0.01 secs] 
2962.577: [GC (Allocation Failure) [PSYoungGen: 42080K->8064K(173568K)] 294426K->260418K(918528K), 0.0050484 secs] [Times: user=0.03 sys=0.00, real=0.00 secs] 
2964.417: [GC (Allocation Failure) [PSYoungGen: 49316K->18048K(164352K)] 301670K->277747K(909312K), 0.0254823 secs] [Times: user=0.14 sys=0.00, real=0.02 secs] 
2965.893: [GC (Allocation Failure) [PSYoungGen: 67137K->23840K(171008K)] 326837K->300447K(915968K), 0.0304004 secs] [Times: user=0.18 sys=0.00, real=0.03 secs] 
2966.008: [GC (Allocation Failure) [PSYoungGen: 74528K->25984K(160256K)] 351135K->324255K(905216K), 0.0230353 secs] [Times: user=0.13 sys=0.01, real=0.02 secs] 
2966.097: [GC (Allocation Failure) [PSYoungGen: 86912K->33376K(166912K)] 385183K->353479K(911872K), 0.0204189 secs] [Times: user=0.12 sys=0.00, real=0.02 secs] 
2966.165: [GC (Allocation Failure) [PSYoungGen: 94304K->30208K(159232K)] 414407K->383631K(904192K), 0.0231194 secs] [Times: user=0.13 sys=0.00, real=0.03 secs] 
2967.247: [GC (Allocation Failure) [PSYoungGen: 103424K->35776K(165888K)] 456847K->419455K(910848K), 0.1242805 secs] [Times: user=0.73 sys=0.01, real=0.12 secs] 
2967.420: [GC (Allocation Failure) [PSYoungGen: 108992K->43040K(173568K)] 492671K->462487K(918528K), 0.0386487 secs] [Times: user=0.23 sys=0.00, real=0.04 secs] 
2969.575: [GC (Allocation Failure) [PSYoungGen: 131104K->37920K(175104K)] 550551K->500335K(920064K), 0.0763667 secs] [Times: user=0.46 sys=0.00, real=0.08 secs] 
2970.579: [GC (Allocation Failure) [PSYoungGen: 125984K->2816K(189440K)] 588399K->503255K(934400K), 0.0500497 secs] [Times: user=0.30 sys=0.00, real=0.05 secs] 
2970.733: [GC (Allocation Failure) [PSYoungGen: 108800K->41696K(189440K)] 609239K->544549K(934400K), 0.0148528 secs] [Times: user=0.08 sys=0.01, real=0.02 secs] 
2970.865: [GC (Allocation Failure) [PSYoungGen: 145664K->52192K(206848K)] 648517K->594189K(951808K), 0.0241685 secs] [Times: user=0.13 sys=0.00, real=0.03 secs] 
2970.992: [GC (Allocation Failure) [PSYoungGen: 176608K->64608K(209408K)] 718605K->654253K(954368K), 0.0345353 secs] [Times: user=0.20 sys=0.01, real=0.03 secs] 
2971.598: [GC (GCLocker Initiated GC) [PSYoungGen: 189024K->66432K(235008K)] 778669K->712461K(979968K), 0.0798418 secs] [Times: user=0.26 sys=0.23, real=0.08 secs] 
2972.820: [GC (Allocation Failure) [PSYoungGen: 209792K->28800K(240640K)] 855823K->740727K(985600K), 0.0543428 secs] [Times: user=0.22 sys=0.10, real=0.05 secs] 
2972.874: [Full GC (Ergonomics) [PSYoungGen: 28800K->0K(240640K)] [ParOldGen: 711927K->251857K(819200K)] 740727K->251857K(1059840K), [Metaspace: 59981K->59981K(1105920K)], 0.5679388 secs] [Times: user=2.47 sys=0.00, real=0.57 secs] 
2977.328: [GC (Allocation Failure) [PSYoungGen: 143360K->50432K(256512K)] 395217K->302289K(1075712K), 0.0369381 secs] [Times: user=0.14 sys=0.06, real=0.03 secs] 
2977.607: [GC (Allocation Failure) [PSYoungGen: 218880K->85504K(260608K)] 470737K->382638K(1079808K), 0.0397613 secs] [Times: user=0.24 sys=0.00, real=0.04 secs] 
2978.003: [GC (Allocation Failure) [PSYoungGen: 253952K->90208K(291840K)] 551086K->464710K(1111040K), 0.0789057 secs] [Times: user=0.40 sys=0.07, real=0.08 secs] 
2979.167: [GC (Allocation Failure) [PSYoungGen: 278112K->41344K(302592K)] 652614K->506038K(1121792K), 0.0505630 secs] [Times: user=0.30 sys=0.00, real=0.05 secs] 
2979.512: [GC (Allocation Failure) [PSYoungGen: 229248K->87488K(322560K)] 693942K->591147K(1141760K), 0.0473458 secs] [Times: user=0.26 sys=0.02, real=0.05 secs] 
2979.740: [GC (Allocation Failure) [PSYoungGen: 300480K->112544K(331264K)] 804139K->693755K(1150464K), 0.0473953 secs] [Times: user=0.28 sys=0.00, real=0.05 secs] 
2982.605: [GC (Allocation Failure) [PSYoungGen: 325536K->47296K(373248K)] 906747K->740955K(1192448K), 0.1507360 secs] [Times: user=0.88 sys=0.00, real=0.15 secs] 
2982.756: [Full GC (Ergonomics) [PSYoungGen: 47296K->0K(373248K)] [ParOldGen: 693659K->26039K(653824K)] 740955K->26039K(1027072K), [Metaspace: 59990K->59990K(1105920K)], 0.0684396 secs] [Times: user=0.23 sys=0.01, real=0.07 secs] 
2984.693: [GC (Allocation Failure) [PSYoungGen: 251392K->119680K(379392K)] 277431K->145720K(1033216K), 0.0262651 secs] [Times: user=0.15 sys=0.00, real=0.03 secs] 
2985.707: [GC (Allocation Failure) [PSYoungGen: 371072K->119712K(427520K)] 397112K->256368K(1081344K), 0.0807796 secs] [Times: user=0.36 sys=0.12, real=0.08 secs] 
2988.198: [GC (Allocation Failure) [PSYoungGen: 402848K->89536K(440320K)] 539504K->345624K(1094144K), 0.0774851 secs] [Times: user=0.46 sys=0.01, real=0.07 secs] 
2988.482: [GC (Allocation Failure) [PSYoungGen: 372672K->142240K(469504K)] 628760K->481548K(1123328K), 0.0667637 secs] [Times: user=0.30 sys=0.10, real=0.07 secs] 
2994.590: [GC (Allocation Failure) [PSYoungGen: 456096K->89632K(487424K)] 795404K->571317K(1141248K), 0.0918520 secs] [Times: user=0.54 sys=0.01, real=0.09 secs] 
2994.682: [Full GC (Ergonomics) [PSYoungGen: 89632K->0K(487424K)] [ParOldGen: 481684K->92526K(791040K)] 571317K->92526K(1278464K), [Metaspace: 60002K->60002K(1105920K)], 0.2066651 secs] [Times: user=0.93 sys=0.00, real=0.21 secs] 
2995.942: [GC (GCLocker Initiated GC) [PSYoungGen: 313856K->153856K(492544K)] 406382K->246390K(1283584K), 0.1085595 secs] [Times: user=0.57 sys=0.08, real=0.11 secs] 
3001.089: [GC (Allocation Failure) [PSYoungGen: 477952K->95744K(511488K)] 570534K->342382K(1302528K), 0.0955437 secs] [Times: user=0.57 sys=0.00, real=0.09 secs] 
3001.463: [GC (Allocation Failure) [PSYoungGen: 419840K->180704K(413696K)] 666478K->531519K(1204736K), 0.0609186 secs] [Times: user=0.35 sys=0.01, real=0.06 secs] 
3004.515: [GC (Allocation Failure) [PSYoungGen: 413664K->55040K(465920K)] 764479K->553599K(1256960K), 0.1186439 secs] [Times: user=0.70 sys=0.00, real=0.12 secs] 
3004.881: [GC (Allocation Failure) [PSYoungGen: 288000K->118240K(463872K)] 786559K->666376K(1254912K), 0.0379653 secs] [Times: user=0.23 sys=0.00, real=0.04 secs] 
3005.920: [GC (Allocation Failure) [PSYoungGen: 351200K->79808K(312832K)] 899336K->738072K(1103872K), 0.0552553 secs] [Times: user=0.32 sys=0.01, real=0.05 secs] 
3005.975: [Full GC (Ergonomics) [PSYoungGen: 79808K->0K(312832K)] [ParOldGen: 658264K->16373K(756224K)] 738072K->16373K(1069056K), [Metaspace: 60006K->60006K(1105920K)], 0.0252799 secs] [Times: user=0.06 sys=0.00, real=0.03 secs] 
3007.657: [GC (Allocation Failure) [PSYoungGen: 227231K->92736K(470016K)] 243604K->109109K(1226240K), 0.0262431 secs] [Times: user=0.15 sys=0.00, real=0.02 secs] 
3008.275: [GC (Allocation Failure) [PSYoungGen: 339520K->122848K(459264K)] 355893K->226601K(1215488K), 0.0515462 secs] [Times: user=0.30 sys=0.00, real=0.06 secs] 
3010.749: [GC (Allocation Failure) [PSYoungGen: 369632K->65440K(476672K)] 473385K->292177K(1232896K), 0.0864894 secs] [Times: user=0.51 sys=0.01, real=0.08 secs] 
3011.202: [GC (Allocation Failure) [PSYoungGen: 332704K->131424K(472576K)] 559441K->420558K(1228800K), 0.0551535 secs] [Times: user=0.32 sys=0.00, real=0.06 secs] 
3013.366: [GC (Allocation Failure) [PSYoungGen: 398688K->85344K(482304K)] 687822K->497814K(1238528K), 0.0590236 secs] [Times: user=0.35 sys=0.00, real=0.06 secs] 
3014.262: [GC (Allocation Failure) [PSYoungGen: 372576K->132480K(486400K)] 785046K->629212K(1242624K), 0.0454880 secs] [Times: user=0.27 sys=0.00, real=0.05 secs] 
3016.722: [GC (Allocation Failure) [PSYoungGen: 419712K->112640K(488448K)] 916444K->732908K(1244672K), 0.0635437 secs] [Times: user=0.38 sys=0.00, real=0.06 secs] 
3016.785: [Full GC (Ergonomics) [PSYoungGen: 112640K->0K(488448K)] [ParOldGen: 620268K->252825K(1016320K)] 732908K->252825K(1504768K), [Metaspace: 60017K->60017K(1105920K)], 0.5339980 secs] [Times: user=2.36 sys=0.00, real=0.54 secs] 
3018.939: [GC (Allocation Failure) [PSYoungGen: 298496K->120928K(493056K)] 551321K->373753K(1509376K), 0.0249523 secs] [Times: user=0.14 sys=0.00, real=0.02 secs] 
3020.468: [GC (Allocation Failure) [PSYoungGen: 419424K->127520K(501760K)] 672249K->490950K(1518080K), 0.0614454 secs] [Times: user=0.36 sys=0.00, real=0.06 secs] 
3023.198: [GC (Allocation Failure) [PSYoungGen: 440352K->120512K(503808K)] 803782K->610846K(1520128K), 0.0610919 secs] [Times: user=0.36 sys=0.01, real=0.06 secs] 
3024.490: [GC (Allocation Failure) [PSYoungGen: 433344K->127904K(506880K)] 923678K->728338K(1523200K), 0.0616713 secs] [Times: user=0.37 sys=0.00, real=0.06 secs] 
3026.195: [GC (Allocation Failure) [PSYoungGen: 447904K->146304K(506368K)] 1048338K->874251K(1522688K), 0.0708462 secs] [Times: user=0.30 sys=0.13, real=0.07 secs] 
3027.461: [GC (Allocation Failure) [PSYoungGen: 466304K->3296K(483840K)] 1194251K->731343K(1500160K), 0.0024053 secs] [Times: user=0.01 sys=0.00, real=0.00 secs] 
3029.080: [GC (Allocation Failure) [PSYoungGen: 295648K->129856K(495616K)] 1023695K->859603K(1511936K), 0.0261233 secs] [Times: user=0.15 sys=0.00, real=0.02 secs] 
3031.135: [GC (Allocation Failure) [PSYoungGen: 422208K->117056K(483840K)] 1151955K->967023K(1500160K), 0.0724601 secs] [Times: user=0.35 sys=0.08, real=0.08 secs] 
3031.208: [Full GC (Ergonomics) [PSYoungGen: 117056K->0K(483840K)] [ParOldGen: 849967K->252481K(1092096K)] 967023K->252481K(1575936K), [Metaspace: 60041K->60041K(1105920K)], 0.5213115 secs] [Times: user=2.29 sys=0.00, real=0.52 secs] 
3033.621: [GC (Allocation Failure) [PSYoungGen: 292864K->118784K(489984K)] 545345K->371266K(1582080K), 0.0286852 secs] [Times: user=0.17 sys=0.00, real=0.03 secs] 
3035.585: [GC (Allocation Failure) [PSYoungGen: 411648K->129344K(498176K)] 664130K->490298K(1590272K), 0.0619506 secs] [Times: user=0.37 sys=0.00, real=0.07 secs] 
3037.981: [GC (Allocation Failure) [PSYoungGen: 438592K->109600K(500736K)] 799546K->600018K(1592832K), 0.0565772 secs] [Times: user=0.32 sys=0.01, real=0.06 secs] 
3040.360: [GC (Allocation Failure) [PSYoungGen: 418848K->138880K(499200K)] 909266K->728203K(1591296K), 0.0612158 secs] [Times: user=0.37 sys=0.00, real=0.06 secs] 
3041.570: [GC (Allocation Failure) [PSYoungGen: 454272K->113792K(502272K)] 1043595K->841835K(1594368K), 0.0582053 secs] [Times: user=0.34 sys=0.00, real=0.06 secs] 
3043.140: [GC (Allocation Failure) [PSYoungGen: 429184K->134784K(506368K)] 1157227K->965648K(1598464K), 0.0608812 secs] [Times: user=0.36 sys=0.00, real=0.06 secs] 
3044.172: [GC (Allocation Failure) [PSYoungGen: 461440K->131648K(507904K)] 1292304K->1097344K(1600000K), 0.0625694 secs] [Times: user=0.33 sys=0.03, real=0.06 secs] 
3044.235: [Full GC (Ergonomics) [PSYoungGen: 131648K->0K(507904K)] [ParOldGen: 965696K->147127K(1043456K)] 1097344K->147127K(1551360K), [Metaspace: 60051K->60051K(1105920K)], 0.3314218 secs] [Times: user=1.51 sys=0.01, real=0.33 secs] 
3047.249: [GC (Allocation Failure) [PSYoungGen: 326656K->118528K(504832K)] 473783K->265655K(1548288K), 0.0412082 secs] [Times: user=0.24 sys=0.00, real=0.04 secs] 
3049.906: [GC (Allocation Failure) [PSYoungGen: 455424K->156480K(511488K)] 602551K->420939K(1554944K), 0.0596597 secs] [Times: user=0.35 sys=0.00, real=0.05 secs] 
3051.891: [GC (Allocation Failure) [PSYoungGen: 493376K->114432K(519680K)] 757835K->517955K(1563136K), 0.1311804 secs] [Times: user=0.77 sys=0.01, real=0.13 secs] 
3053.318: [GC (Allocation Failure) [PSYoungGen: 451328K->163296K(500224K)] 854851K->678512K(1543680K), 0.0577693 secs] [Times: user=0.30 sys=0.00, real=0.05 secs] 
3057.515: [GC (Allocation Failure) [PSYoungGen: 500192K->112800K(514560K)] 1015408K->783088K(1558016K), 0.1631440 secs] [Times: user=0.98 sys=0.00, real=0.17 secs] 
3058.215: [GC (Allocation Failure) [PSYoungGen: 438944K->159552K(485888K)] 1109232K->938221K(1529344K), 0.0732283 secs] [Times: user=0.44 sys=0.00, real=0.08 secs] 
3062.199: [GC (Allocation Failure) [PSYoungGen: 485696K->97408K(508928K)] 1264365K->1035837K(1552384K), 0.1307839 secs] [Times: user=0.78 sys=0.00, real=0.13 secs] 
3062.330: [Full GC (Ergonomics) [PSYoungGen: 97408K->0K(508928K)] [ParOldGen: 938429K->72122K(1020416K)] 1035837K->72122K(1529344K), [Metaspace: 60068K->60068K(1105920K)], 0.1728581 secs] [Times: user=0.79 sys=0.00, real=0.17 secs] 
3063.067: [GC (GCLocker Initiated GC) [PSYoungGen: 317440K->158208K(476160K)] 389562K->230330K(1496576K), 0.0586040 secs] [Times: user=0.35 sys=0.00, real=0.05 secs] 
3065.799: [GC (Allocation Failure) [PSYoungGen: 475648K->99488K(504832K)] 547805K->330109K(1525248K), 0.1011366 secs] [Times: user=0.60 sys=0.00, real=0.10 secs] 
3066.507: [GC (Allocation Failure) [PSYoungGen: 408224K->153056K(461824K)] 638845K->473398K(1482240K), 0.0899063 secs] [Times: user=0.54 sys=0.00, real=0.09 secs] 
3068.705: [GC (Allocation Failure) [PSYoungGen: 461792K->94112K(502272K)] 782134K->567398K(1522688K), 0.1087637 secs] [Times: user=0.65 sys=0.00, real=0.11 secs] 
3069.043: [GC (Allocation Failure) [PSYoungGen: 398752K->152320K(457216K)] 872038K->713579K(1477632K), 0.0558352 secs] [Times: user=0.33 sys=0.00, real=0.06 secs] 
3071.530: [GC (Allocation Failure) [PSYoungGen: 456960K->92224K(500736K)] 1018219K->805859K(1521152K), 0.1084948 secs] [Times: user=0.64 sys=0.00, real=0.11 secs] 
3071.908: [GC (Allocation Failure) [PSYoungGen: 393280K->149760K(451072K)] 1106915K->949496K(1471488K), 0.0555000 secs] [Times: user=0.33 sys=0.00, real=0.05 secs] 
3071.964: [Full GC (Ergonomics) [PSYoungGen: 149760K->0K(451072K)] [ParOldGen: 799736K->227598K(1205248K)] 949496K->227598K(1656320K), [Metaspace: 60072K->60072K(1105920K)], 0.5297190 secs] [Times: user=2.50 sys=0.00, real=0.53 secs] 
3074.909: [GC (Allocation Failure) [PSYoungGen: 301056K->89760K(499712K)] 528654K->317358K(1704960K), 0.0582668 secs] [Times: user=0.34 sys=0.00, real=0.06 secs] 
3075.194: [GC (Allocation Failure) [PSYoungGen: 388768K->148768K(448000K)] 616366K->460171K(1653248K), 0.0539244 secs] [Times: user=0.32 sys=0.00, real=0.06 secs] 
3077.268: [GC (Allocation Failure) [PSYoungGen: 447776K->86784K(498688K)] 759179K->546651K(1703936K), 0.1376104 secs] [Times: user=0.82 sys=0.00, real=0.13 secs] 
3077.687: [GC (Allocation Failure) [PSYoungGen: 384256K->149312K(446976K)] 844123K->690436K(1652224K), 0.0529366 secs] [Times: user=0.32 sys=0.00, real=0.05 secs] 
3080.398: [GC (Allocation Failure) [PSYoungGen: 446784K->85696K(497664K)] 987908K->776252K(1702912K), 0.1650858 secs] [Times: user=0.98 sys=0.01, real=0.16 secs] 
3080.835: [GC (Allocation Failure) [PSYoungGen: 378029K->142656K(496128K)] 1068586K->914737K(1701376K), 0.0476745 secs] [Times: user=0.29 sys=0.00, real=0.05 secs] 
3082.704: [GC (Allocation Failure) [PSYoungGen: 437568K->97376K(491520K)] 1209649K->1003441K(1696768K), 0.1492578 secs] [Times: user=0.89 sys=0.00, real=0.15 secs] 
3083.380: [GC (Allocation Failure) [PSYoungGen: 393312K->143872K(494080K)] 1299377K->1143486K(1699328K), 0.0544391 secs] [Times: user=0.27 sys=0.05, real=0.05 secs] 
3083.434: [Full GC (Ergonomics) [PSYoungGen: 143872K->0K(494080K)] [ParOldGen: 999614K->188264K(1184768K)] 1143486K->188264K(1678848K), [Metaspace: 60082K->60082K(1105920K)], 0.4440774 secs] [Times: user=2.06 sys=0.00, real=0.45 secs] 
3086.217: [GC (Allocation Failure) [PSYoungGen: 295936K->95744K(495616K)] 484200K->284008K(1680384K), 0.0886919 secs] [Times: user=0.52 sys=0.00, real=0.08 secs] 
3087.425: [GC (Allocation Failure) [PSYoungGen: 397312K->144416K(497664K)] 585576K->425401K(1682432K), 0.0483298 secs] [Times: user=0.29 sys=0.00, real=0.05 secs] 
3089.097: [GC (Allocation Failure) [PSYoungGen: 445984K->104512K(495104K)] 726969K->520777K(1679872K), 0.0647373 secs] [Times: user=0.38 sys=0.00, real=0.06 secs] 
3089.632: [GC (Allocation Failure) [PSYoungGen: 409664K->147936K(498176K)] 825929K->665874K(1682944K), 0.0522151 secs] [Times: user=0.31 sys=0.00, real=0.05 secs] 
3092.337: [GC (Allocation Failure) [PSYoungGen: 453088K->99520K(501760K)] 971026K->757322K(1686528K), 0.1185098 secs] [Times: user=0.70 sys=0.01, real=0.11 secs] 
3093.000: [GC (Allocation Failure) [PSYoungGen: 409280K->150336K(502272K)] 1067082K->904883K(1687040K), 0.0509523 secs] [Times: user=0.31 sys=0.00, real=0.05 secs] 
3095.398: [GC (Allocation Failure) [PSYoungGen: 460096K->103584K(502272K)] 1214643K->999919K(1687040K), 0.1526630 secs] [Times: user=0.91 sys=0.00, real=0.15 secs] 
3096.683: [GC (Allocation Failure) [PSYoungGen: 413344K->146656K(502272K)] 1309679K->1143756K(1687040K), 0.0523224 secs] [Times: user=0.30 sys=0.01, real=0.05 secs] 
3096.735: [Full GC (Ergonomics) [PSYoungGen: 146656K->0K(502272K)] [ParOldGen: 997100K->180499K(1213952K)] 1143756K->180499K(1716224K), [Metaspace: 60090K->60090K(1105920K)], 0.4226100 secs] [Times: user=1.97 sys=0.00, real=0.43 secs] 
3099.081: [GC (Allocation Failure) [PSYoungGen: 309760K->103936K(501760K)] 490259K->284436K(1715712K), 0.0997873 secs] [Times: user=0.59 sys=0.01, real=0.10 secs] 
3101.254: [GC (Allocation Failure) [PSYoungGen: 415232K->149408K(502784K)] 595732K->430672K(1716736K), 0.0513835 secs] [Times: user=0.30 sys=0.00, real=0.05 secs] 
3102.799: [GC (GCLocker Initiated GC) [PSYoungGen: 460704K->107168K(502272K)] 741968K->529033K(1716224K), 0.1047895 secs] [Times: user=0.62 sys=0.00, real=0.10 secs] 
3103.823: [GC (Allocation Failure) [PSYoungGen: 420000K->156864K(470016K)] 841899K->681812K(1683968K), 0.0533102 secs] [Times: user=0.32 sys=0.00, real=0.06 secs] 
3105.708: [GC (Allocation Failure) [PSYoungGen: 469696K->109088K(506368K)] 994644K->772764K(1720320K), 0.1754965 secs] [Times: user=1.05 sys=0.00, real=0.17 secs] 
3106.284: [GC (Allocation Failure) [PSYoungGen: 419360K->153536K(502784K)] 1083036K->922405K(1716736K), 0.0547942 secs] [Times: user=0.33 sys=0.00, real=0.06 secs] 
3109.120: [GC (Allocation Failure) [PSYoungGen: 463808K->101216K(504320K)] 1232677K->1015117K(1718272K), 0.1704814 secs] [Times: user=1.01 sys=0.00, real=0.17 secs] 
3110.033: [GC (Allocation Failure) [PSYoungGen: 409952K->150592K(459776K)] 1323853K->1161650K(1673728K), 0.0528290 secs] [Times: user=0.30 sys=0.01, real=0.05 secs] 
3112.195: [GC (GCLocker Initiated GC) [PSYoungGen: 459328K->102144K(504832K)] 1470387K->1254755K(1718784K), 0.1798700 secs] [Times: user=0.78 sys=0.28, real=0.18 secs] 
3112.375: [Full GC (Ergonomics) [PSYoungGen: 102144K->0K(504832K)] [ParOldGen: 1152611K->53337K(1132032K)] 1254755K->53337K(1636864K), [Metaspace: 60104K->60104K(1105920K)], 0.1258384 secs] [Times: user=0.55 sys=0.00, real=0.13 secs] 
3113.033: [GC (Allocation Failure) [PSYoungGen: 308224K->140864K(449536K)] 377949K->210589K(1581568K), 0.2062982 secs] [Times: user=1.24 sys=0.00, real=0.21 secs] 
3116.635: [GC (Allocation Failure) [PSYoungGen: 449088K->89664K(501760K)] 518813K->300189K(1633792K), 0.4263562 secs] [Times: user=2.55 sys=0.01, real=0.43 secs] 
3117.422: [GC (Allocation Failure) [PSYoungGen: 386535K->144768K(501248K)] 597061K->441558K(1633280K), 0.0483222 secs] [Times: user=0.28 sys=0.00, real=0.05 secs] 
3119.743: [GC (Allocation Failure) [PSYoungGen: 453504K->104576K(501248K)] 750294K->537498K(1633280K), 0.1615595 secs] [Times: user=0.96 sys=0.00, real=0.16 secs] 
3120.330: [GC (Allocation Failure) [PSYoungGen: 406948K->146720K(503296K)] 839871K->680427K(1635328K), 0.0506280 secs] [Times: user=0.29 sys=0.00, real=0.05 secs] 
3122.848: [GC (Allocation Failure) [PSYoungGen: 459552K->106944K(503296K)] 993259K->778891K(1635328K), 0.1323093 secs] [Times: user=0.79 sys=0.00, real=0.13 secs] 
3123.417: [GC (Allocation Failure) [PSYoungGen: 422848K->171904K(487936K)] 1094795K->947585K(1619968K), 0.0633189 secs] [Times: user=0.37 sys=0.00, real=0.06 secs] 
3127.162: [GC (GCLocker Initiated GC) [PSYoungGen: 487808K->94240K(499712K)] 1263490K->1025554K(1631744K), 0.1569156 secs] [Times: user=0.93 sys=0.00, real=0.16 secs] 
3127.566: [GC (Allocation Failure) [PSYoungGen: 393760K->148416K(498688K)] 1325076K->1168329K(1630720K), 0.0546898 secs] [Times: user=0.31 sys=0.01, real=0.05 secs] 
3127.621: [Full GC (Ergonomics) [PSYoungGen: 148416K->0K(498688K)] [ParOldGen: 1019913K->208845K(1325056K)] 1168329K->208845K(1823744K), [Metaspace: 60132K->60132K(1105920K)], 0.4835779 secs] [Times: user=2.27 sys=0.00, real=0.48 secs] 
3131.049: [GC (Allocation Failure) [PSYoungGen: 299520K->87200K(499200K)] 508365K->296045K(1824256K), 0.1643319 secs] [Times: user=0.98 sys=0.00, real=0.16 secs] 
3131.489: [GC (Allocation Failure) [PSYoungGen: 382232K->144096K(498688K)] 591078K->436698K(1823744K), 0.0475289 secs] [Times: user=0.28 sys=0.00, real=0.04 secs] 
3134.247: [GC (Allocation Failure) [PSYoungGen: 443104K->97824K(494592K)] 735706K->526378K(1819648K), 0.1590935 secs] [Times: user=0.95 sys=0.00, real=0.15 secs] 
3135.019: [GC (Allocation Failure) [PSYoungGen: 397344K->144096K(496640K)] 825898K->666915K(1821696K), 0.0480125 secs] [Times: user=0.28 sys=0.00, real=0.05 secs] 
3137.415: [GC (Allocation Failure) [PSYoungGen: 443616K->98080K(497152K)] 966435K->756483K(1822208K), 0.1663509 secs] [Times: user=0.98 sys=0.00, real=0.17 secs] 
3139.031: [GC (Allocation Failure) [PSYoungGen: 402208K->143264K(499200K)] 1060611K->896848K(1824256K), 0.0487469 secs] [Times: user=0.29 sys=0.00, real=0.05 secs] 
3141.230: [GC (Allocation Failure) [PSYoungGen: 447392K->101792K(497152K)] 1200976K->990012K(1822208K), 0.1709752 secs] [Times: user=1.02 sys=0.00, real=0.17 secs] 
3141.981: [GC (Allocation Failure) [PSYoungGen: 410016K->148864K(500224K)] 1298236K->1136245K(1825280K), 0.0519254 secs] [Times: user=0.31 sys=0.00, real=0.05 secs] 
3144.238: [GC (Allocation Failure) [PSYoungGen: 457088K->104000K(502784K)] 1444469K->1231541K(1827840K), 0.1475069 secs] [Times: user=0.88 sys=0.01, real=0.14 secs] 
3145.986: [GC (Allocation Failure) [PSYoungGen: 415808K->149952K(503296K)] 1543349K->1378030K(1828352K), 0.0685268 secs] [Times: user=0.27 sys=0.13, real=0.07 secs] 
3146.054: [Full GC (Ergonomics) [PSYoungGen: 149952K->0K(503296K)] [ParOldGen: 1228078K->183877K(1341952K)] 1378030K->183877K(1845248K), [Metaspace: 60134K->60134K(1105920K)], 0.4353965 secs] [Times: user=2.04 sys=0.00, real=0.44 secs] 
3148.307: [GC (Allocation Failure) [PSYoungGen: 311808K->104288K(503808K)] 495685K->288165K(1845760K), 0.0882666 secs] [Times: user=0.52 sys=0.00, real=0.08 secs] 
3149.204: [GC (Allocation Failure) [PSYoungGen: 416608K->150912K(503808K)] 600485K->436574K(1845760K), 0.0519048 secs] [Times: user=0.31 sys=0.00, real=0.05 secs] 
3152.177: [GC (Allocation Failure) [PSYoungGen: 463232K->100896K(504832K)] 748894K->529310K(1846784K), 0.1568902 secs] [Times: user=0.93 sys=0.00, real=0.15 secs] 
3153.309: [GC (Allocation Failure) [PSYoungGen: 412192K->148960K(503808K)] 840606K->673898K(1845760K), 0.0503873 secs] [Times: user=0.30 sys=0.00, real=0.05 secs] 
3154.953: [GC (Allocation Failure) [PSYoungGen: 460256K->107488K(500736K)] 985194K->772131K(1842688K), 0.1008487 secs] [Times: user=0.60 sys=0.00, real=0.10 secs] 
3155.784: [GC (Allocation Failure) [PSYoungGen: 418784K->149696K(502272K)] 1083427K->917843K(1844224K), 0.0554303 secs] [Times: user=0.31 sys=0.00, real=0.06 secs] 
3159.162: [GC (Allocation Failure) [PSYoungGen: 460992K->102304K(505344K)] 1229139K->1011395K(1847296K), 0.1773640 secs] [Times: user=1.06 sys=0.00, real=0.18 secs] 
3160.469: [GC (Allocation Failure) [PSYoungGen: 415648K->150208K(463872K)] 1324739K->1158048K(1805824K), 0.0507815 secs] [Times: user=0.30 sys=0.00, real=0.05 secs] 
3162.828: [GC (Allocation Failure) [PSYoungGen: 463552K->104576K(507392K)] 1471392K->1254072K(1849344K), 0.1308617 secs] [Times: user=0.77 sys=0.00, real=0.13 secs] 
3164.237: [GC (Allocation Failure) [PSYoungGen: 414930K->150464K(504320K)] 1564426K->1400337K(1846272K), 0.0531580 secs] [Times: user=0.29 sys=0.03, real=0.05 secs] 
3164.291: [Full GC (Ergonomics) [PSYoungGen: 150464K->0K(504320K)] [ParOldGen: 1249873K->198084K(1398272K)] 1400337K->198084K(1902592K), [Metaspace: 60136K->60136K(1105920K)], 0.4694753 secs] [Times: user=2.19 sys=0.00, real=0.47 secs] 
3167.363: [GC (Allocation Failure) [PSYoungGen: 312832K->103776K(504320K)] 510916K->301860K(1902592K), 0.0936952 secs] [Times: user=0.55 sys=0.00, real=0.10 secs] 
3168.536: [GC (Allocation Failure) [PSYoungGen: 410650K->148288K(504320K)] 608735K->445421K(1902592K), 0.0491368 secs] [Times: user=0.29 sys=0.00, real=0.05 secs] 
3170.893: [GC (Allocation Failure) [PSYoungGen: 461120K->105152K(504320K)] 758253K->542285K(1902592K), 0.1704287 secs] [Times: user=1.01 sys=0.00, real=0.17 secs] 
3171.767: [GC (Allocation Failure) [PSYoungGen: 406262K->145632K(504832K)] 843396K->683966K(1903104K), 0.0504742 secs] [Times: user=0.30 sys=0.00, real=0.05 secs] 
3174.593: [GC (Allocation Failure) [PSYoungGen: 459488K->100256K(504832K)] 997822K->775822K(1903104K), 0.1567453 secs] [Times: user=0.93 sys=0.00, real=0.16 secs] 
3176.221: [GC (Allocation Failure) [PSYoungGen: 410490K->150816K(505856K)] 1086056K->922675K(1904128K), 0.1375993 secs] [Times: user=0.79 sys=0.00, real=0.14 secs] 
3178.224: [GC (Allocation Failure) [PSYoungGen: 466720K->106976K(505856K)] 1238579K->1021375K(1904128K), 0.1438904 secs] [Times: user=0.85 sys=0.01, real=0.15 secs] 
3178.996: [GC (Allocation Failure) [PSYoungGen: 422880K->152640K(468992K)] 1337279K->1170583K(1867264K), 0.1372609 secs] [Times: user=0.81 sys=0.00, real=0.14 secs] 
3181.611: [GC (Allocation Failure) [PSYoungGen: 468544K->99136K(506880K)] 1486487K->1269447K(1905152K), 0.1314182 secs] [Times: user=0.78 sys=0.00, real=0.13 secs] 
3181.988: [GC (Allocation Failure) [PSYoungGen: 412480K->154080K(467456K)] 1582791K->1418101K(1865728K), 0.0583733 secs] [Times: user=0.34 sys=0.01, real=0.06 secs] 
3182.046: [Full GC (Ergonomics) [PSYoungGen: 154080K->0K(467456K)] [ParOldGen: 1264021K->215691K(1398272K)] 1418101K->215691K(1865728K), [Metaspace: 60137K->60137K(1105920K)], 0.4954903 secs] [Times: user=2.31 sys=0.00, real=0.49 secs] 
3185.127: [GC (Allocation Failure) [PSYoungGen: 313344K->97664K(504320K)] 529035K->313355K(1902592K), 0.0964624 secs] [Times: user=0.58 sys=0.00, real=0.09 secs] 
3185.529: [GC (Allocation Failure) [PSYoungGen: 405888K->152736K(461312K)] 621579K->460444K(1859584K), 0.0555404 secs] [Times: user=0.33 sys=0.01, real=0.05 secs] 
3188.411: [GC (Allocation Failure) [PSYoungGen: 460960K->91168K(501760K)] 768668K->551288K(1900032K), 0.1191490 secs] [Times: user=0.71 sys=0.00, real=0.12 secs] 
3188.771: [GC (Allocation Failure) [PSYoungGen: 395296K->152736K(457216K)] 855416K->698317K(1855488K), 0.0545710 secs] [Times: user=0.32 sys=0.00, real=0.05 secs] 
3192.019: [GC (Allocation Failure) [PSYoungGen: 456864K->89952K(499712K)] 1002445K->788469K(1897984K), 0.1353058 secs] [Times: user=0.81 sys=0.00, real=0.13 secs] 
3192.400: [GC (Allocation Failure) [PSYoungGen: 389472K->166624K(466432K)] 1087989K->949123K(1864704K), 0.0551027 secs] [Times: user=0.33 sys=0.01, real=0.05 secs] 
3194.925: [GC (Allocation Failure) [PSYoungGen: 466144K->89728K(492544K)] 1248643K->1022547K(1890816K), 0.1617555 secs] [Times: user=0.97 sys=0.00, real=0.17 secs] 
3195.339: [GC (Allocation Failure) [PSYoungGen: 370331K->137632K(422400K)] 1303150K->1154376K(1820672K), 0.0478898 secs] [Times: user=0.29 sys=0.00, real=0.05 secs] 
3197.850: [GC (Allocation Failure) [PSYoungGen: 422304K->92928K(490496K)] 1439048K->1238392K(1888768K), 0.1417151 secs] [Times: user=0.85 sys=0.00, real=0.14 secs] 
3198.679: [GC (Allocation Failure) [PSYoungGen: 380160K->139616K(487936K)] 1525624K->1374369K(1886208K), 0.0473059 secs] [Times: user=0.27 sys=0.00, real=0.05 secs] 
3198.727: [Full GC (Ergonomics) [PSYoungGen: 139616K->0K(487936K)] [ParOldGen: 1234753K->179837K(1398272K)] 1374369K->179837K(1886208K), [Metaspace: 60155K->60155K(1105920K)], 0.4101976 secs] [Times: user=1.89 sys=0.00, real=0.41 secs] 
3200.773: [GC (Allocation Failure) [PSYoungGen: 287232K->94144K(495616K)] 467069K->273981K(1893888K), 0.1054625 secs] [Times: user=0.63 sys=0.00, real=0.11 secs] 
3202.470: [GC (Allocation Failure) [PSYoungGen: 391616K->140160K(494592K)] 571453K->411462K(1892864K), 0.0488035 secs] [Times: user=0.29 sys=0.00, real=0.05 secs] 
3203.996: [GC (Allocation Failure) [PSYoungGen: 437632K->105888K(494080K)] 708934K->508466K(1892352K), 0.1253907 secs] [Times: user=0.75 sys=0.00, real=0.13 secs] 
3206.473: [GC (Allocation Failure) [PSYoungGen: 411040K->146400K(497152K)] 813618K->653091K(1895424K), 0.0524546 secs] [Times: user=0.31 sys=0.00, real=0.05 secs] 
3207.753: [GC (GCLocker Initiated GC) [PSYoungGen: 451552K->110304K(499200K)] 958243K->746203K(1897472K), 0.0649843 secs] [Times: user=0.39 sys=0.00, real=0.07 secs] 
3210.411: [GC (Allocation Failure) [PSYoungGen: 422624K->139328K(501760K)] 1058526K->883979K(1900032K), 0.0535135 secs] [Times: user=0.31 sys=0.00, real=0.05 secs] 
3212.035: [GC (Allocation Failure) [PSYoungGen: 451648K->112160K(500224K)] 1196299K->986751K(1898496K), 0.1163390 secs] [Times: user=0.69 sys=0.00, real=0.12 secs] 
3214.072: [GC (Allocation Failure) [PSYoungGen: 432160K->144448K(504832K)] 1306751K->1129788K(1903104K), 0.0545587 secs] [Times: user=0.33 sys=0.00, real=0.06 secs] 
3216.050: [GC (Allocation Failure) [PSYoungGen: 464448K->112896K(507392K)] 1449788K->1233484K(1905664K), 0.0780130 secs] [Times: user=0.46 sys=0.00, real=0.08 secs] 
3216.816: [GC (Allocation Failure) [PSYoungGen: 440576K->157408K(509952K)] 1561164K->1389213K(1908224K), 0.0600297 secs] [Times: user=0.36 sys=0.00, real=0.06 secs] 
3216.876: [Full GC (Ergonomics) [PSYoungGen: 157408K->0K(509952K)] [ParOldGen: 1231805K->187098K(1398272K)] 1389213K->187098K(1908224K), [Metaspace: 60159K->60159K(1105920K)], 0.4449539 secs] [Times: user=2.05 sys=0.00, real=0.45 secs] 
3220.265: [GC (Allocation Failure) [PSYoungGen: 327680K->109728K(513024K)] 514778K->296826K(1911296K), 0.0952655 secs] [Times: user=0.56 sys=0.00, real=0.10 secs] 
3220.966: [GC (Allocation Failure) [PSYoungGen: 426523K->152672K(477184K)] 613622K->445871K(1875456K), 0.0522318 secs] [Times: user=0.31 sys=0.00, real=0.06 secs] 
3223.308: [GC (Allocation Failure) [PSYoungGen: 476768K->110304K(512000K)] 769967K->547799K(1910272K), 0.1405526 secs] [Times: user=0.84 sys=0.01, real=0.14 secs] 
3223.720: [GC (Allocation Failure) [PSYoungGen: 432352K->156224K(478720K)] 869847K->700380K(1876992K), 0.0534627 secs] [Times: user=0.32 sys=0.00, real=0.05 secs] 
3227.153: [GC (Allocation Failure) [PSYoungGen: 478272K->97376K(507904K)] 1022428K->797548K(1906176K), 0.1326079 secs] [Times: user=0.79 sys=0.00, real=0.13 secs] 
3227.534: [GC (Allocation Failure) [PSYoungGen: 413280K->157056K(473088K)] 1113452K->948897K(1871360K), 0.0600949 secs] [Times: user=0.34 sys=0.00, real=0.06 secs] 
3229.636: [GC (Allocation Failure) [PSYoungGen: 472960K->98048K(504320K)] 1264801K->1046681K(1902592K), 0.1037207 secs] [Times: user=0.61 sys=0.00, real=0.11 secs] 
3229.994: [GC (GCLocker Initiated GC) [PSYoungGen: 406272K->152800K(461312K)] 1354905K->1193494K(1859584K), 0.0616348 secs] [Times: user=0.36 sys=0.01, real=0.06 secs] 
3233.186: [GC (Allocation Failure) [PSYoungGen: 461024K->92224K(501760K)] 1501720K->1285881K(1900032K), 0.0970529 secs] [Times: user=0.57 sys=0.00, real=0.10 secs] 
3233.550: [GC (Allocation Failure) [PSYoungGen: 396352K->151296K(455680K)] 1590009K->1431393K(1853952K), 0.0614216 secs] [Times: user=0.32 sys=0.04, real=0.06 secs] 
3233.612: [Full GC (Ergonomics) [PSYoungGen: 151296K->0K(455680K)] [ParOldGen: 1280097K->227276K(1398272K)] 1431393K->227276K(1853952K), [Metaspace: 60161K->60161K(1105920K)], 0.5500366 secs] [Times: user=2.57 sys=0.00, real=0.55 secs] 
3237.763: [GC (Allocation Failure) [PSYoungGen: 304128K->86784K(499712K)] 531404K->314060K(1897984K), 0.0749991 secs] [Times: user=0.41 sys=0.00, real=0.08 secs] 
3238.155: [GC (Allocation Failure) [PSYoungGen: 386816K->151040K(451584K)] 614092K->459273K(1849856K), 0.0533044 secs] [Times: user=0.32 sys=0.00, real=0.06 secs] 
3239.995: [GC (Allocation Failure) [PSYoungGen: 451072K->94432K(499200K)] 759305K->553785K(1897472K), 0.1181822 secs] [Times: user=0.71 sys=0.00, real=0.12 secs] 
3240.389: [GC (Allocation Failure) [PSYoungGen: 391904K->148064K(497152K)] 851257K->695990K(1895424K), 0.0547014 secs] [Times: user=0.32 sys=0.01, real=0.05 secs] 
3243.957: [GC (Allocation Failure) [PSYoungGen: 442536K->84000K(497664K)] 990462K->779398K(1895936K), 0.1635281 secs] [Times: user=0.97 sys=0.01, real=0.16 secs] 
3244.393: [GC (Allocation Failure) [PSYoungGen: 366895K->138144K(434688K)] 1062293K->913711K(1832960K), 0.0469198 secs] [Times: user=0.27 sys=0.01, real=0.05 secs] 
3246.729: [GC (Allocation Failure) [PSYoungGen: 434592K->94880K(498176K)] 1210159K->1000051K(1896448K), 0.1667675 secs] [Times: user=0.98 sys=0.00, real=0.16 secs] 
3247.844: [GC (Allocation Failure) [PSYoungGen: 393888K->147296K(495616K)] 1299059K->1143803K(1893888K), 0.0478733 secs] [Times: user=0.28 sys=0.00, real=0.05 secs] 
3250.644: [GC (Allocation Failure) [PSYoungGen: 446304K->97664K(498176K)] 1442811K->1233039K(1896448K), 0.1727880 secs] [Times: user=1.03 sys=0.00, real=0.18 secs] 
3251.727: [GC (Allocation Failure) [PSYoungGen: 401280K->145632K(499200K)] 1536655K->1375671K(1897472K), 0.0495366 secs] [Times: user=0.29 sys=0.00, real=0.04 secs] 
3251.776: [Full GC (Ergonomics) [PSYoungGen: 145632K->0K(499200K)] [ParOldGen: 1230039K->180482K(1398272K)] 1375671K->180482K(1897472K), [Metaspace: 60171K->60171K(1105920K)], 0.4235462 secs] [Times: user=1.97 sys=0.00, real=0.43 secs] 
3253.536: [GC (Allocation Failure) [PSYoungGen: 303616K->104096K(496128K)] 484098K->284578K(1894400K), 0.0536941 secs] [Times: user=0.32 sys=0.00, real=0.06 secs] 
3254.171: [GC (Allocation Failure) [PSYoungGen: 409760K->154944K(498688K)] 590242K->436830K(1896960K), 0.0523693 secs] [Times: user=0.31 sys=0.01, real=0.05 secs] 
3256.182: [GC (Allocation Failure) [PSYoungGen: 460608K->102368K(502272K)] 742494K->521742K(1900544K), 0.1409342 secs] [Times: user=0.84 sys=0.01, real=0.14 secs] 
3258.125: [GC (Allocation Failure) [PSYoungGen: 407520K->144896K(500224K)] 826894K->663691K(1898496K), 0.0512521 secs] [Times: user=0.31 sys=0.00, real=0.05 secs] 
3259.867: [GC (Allocation Failure) [PSYoungGen: 450048K->102464K(497664K)] 968843K->757339K(1895936K), 0.1508850 secs] [Times: user=0.90 sys=0.00, real=0.15 secs] 
3261.749: [GC (Allocation Failure) [PSYoungGen: 410176K->144544K(500224K)] 1065051K->899032K(1898496K), 0.0511638 secs] [Times: user=0.30 sys=0.00, real=0.05 secs] 
3263.354: [GC (Allocation Failure) [PSYoungGen: 452256K->106400K(499712K)] 1206744K->996180K(1897984K), 0.1485883 secs] [Times: user=0.89 sys=0.00, real=0.15 secs] 
3264.650: [GC (Allocation Failure) [PSYoungGen: 418720K->158208K(502272K)] 1308500K->1152225K(1900544K), 0.0538492 secs] [Times: user=0.32 sys=0.00, real=0.05 secs] 
3267.445: [GC (Allocation Failure) [PSYoungGen: 470528K->104544K(505344K)] 1464545K->1240105K(1903616K), 0.1537081 secs] [Times: user=0.91 sys=0.01, real=0.16 secs] 
3269.230: [GC (Allocation Failure) [PSYoungGen: 413792K->155136K(464896K)] 1549353K->1392150K(1863168K), 0.0538338 secs] [Times: user=0.32 sys=0.00, real=0.05 secs] 
3269.284: [Full GC (Ergonomics) [PSYoungGen: 155136K->0K(464896K)] [ParOldGen: 1237014K->181591K(1398272K)] 1392150K->181591K(1863168K), [Metaspace: 60183K->60183K(1105920K)], 0.4278115 secs] [Times: user=1.98 sys=0.00, real=0.43 secs] 
3272.059: [GC (Allocation Failure) [PSYoungGen: 309248K->103712K(504320K)] 490839K->285303K(1902592K), 0.1075693 secs] [Times: user=0.64 sys=0.01, real=0.11 secs] 
3273.352: [GC (Allocation Failure) [PSYoungGen: 410400K->146304K(501248K)] 591991K->428148K(1899520K), 0.0514728 secs] [Times: user=0.30 sys=0.00, real=0.05 secs] 
3275.188: [GC (Allocation Failure) [PSYoungGen: 452992K->101920K(501248K)] 734836K->520832K(1899520K), 0.1192631 secs] [Times: user=0.71 sys=0.00, real=0.12 secs] 
3276.548: [GC (Allocation Failure) [PSYoungGen: 410656K->149568K(501760K)] 829568K->667237K(1900032K), 0.0511239 secs] [Times: user=0.30 sys=0.00, real=0.05 secs] 
3278.123: [GC (Allocation Failure) [PSYoungGen: 458304K->107008K(501248K)] 975973K->765605K(1899520K), 0.0941759 secs] [Times: user=0.55 sys=0.00, real=0.10 secs] 
3279.361: [GC (Allocation Failure) [PSYoungGen: 417280K->149760K(502272K)] 1075877K->911178K(1900544K), 0.0521604 secs] [Times: user=0.31 sys=0.00, real=0.05 secs] 
3282.453: [GC (Allocation Failure) [PSYoungGen: 460032K->101536K(504832K)] 1221450K->1003930K(1903104K), 0.1696879 secs] [Times: user=1.01 sys=0.00, real=0.17 secs] 
3284.124: [GC (Allocation Failure) [PSYoungGen: 413344K->150880K(462848K)] 1315738K->1150999K(1861120K), 0.0513968 secs] [Times: user=0.30 sys=0.00, real=0.05 secs] 
3286.442: [GC (Allocation Failure) [PSYoungGen: 462688K->102848K(506368K)] 1462807K->1245295K(1904640K), 0.1647393 secs] [Times: user=0.98 sys=0.00, real=0.17 secs] 
3287.437: [GC (Allocation Failure) [PSYoungGen: 414144K->158048K(469504K)] 1556591K->1399483K(1867776K), 0.0520369 secs] [Times: user=0.31 sys=0.00, real=0.05 secs] 
3287.489: [Full GC (Ergonomics) [PSYoungGen: 158048K->0K(469504K)] [ParOldGen: 1241435K->189990K(1398272K)] 1399483K->189990K(1867776K), [Metaspace: 60195K->60195K(1105920K)], 0.4563381 secs] [Times: user=2.13 sys=0.00, real=0.45 secs] 
3289.524: [GC (Allocation Failure) [PSYoungGen: 311296K->105152K(503808K)] 501286K->295142K(1902080K), 0.0871251 secs] [Times: user=0.51 sys=0.01, real=0.09 secs] 
3290.191: [GC (Allocation Failure) [PSYoungGen: 410816K->150688K(500736K)] 600806K->442139K(1899008K), 0.0513508 secs] [Times: user=0.30 sys=0.00, real=0.05 secs] 
3293.152: [GC (Allocation Failure) [PSYoungGen: 456352K->99840K(501760K)] 747803K->533467K(1900032K), 0.1491467 secs] [Times: user=0.89 sys=0.00, real=0.15 secs] 
3294.821: [GC (Allocation Failure) [PSYoungGen: 405504K->146464K(501248K)] 839131K->675656K(1899520K), 0.0485998 secs] [Times: user=0.29 sys=0.00, real=0.05 secs] 
3296.496: [GC (GCLocker Initiated GC) [PSYoungGen: 452128K->103456K(498688K)] 981321K->770341K(1896960K), 0.1208273 secs] [Times: user=0.71 sys=0.00, real=0.13 secs] 
3297.192: [GC (Allocation Failure) [PSYoungGen: 410656K->147936K(500736K)] 1077544K->914745K(1899008K), 0.0511362 secs] [Times: user=0.31 sys=0.00, real=0.05 secs] 
3300.468: [GC (Allocation Failure) [PSYoungGen: 455136K->100288K(502784K)] 1221945K->1006617K(1901056K), 0.1294093 secs] [Times: user=0.77 sys=0.00, real=0.13 secs] 
3301.601: [GC (Allocation Failure) [PSYoungGen: 410560K->148288K(503296K)] 1316889K->1151282K(1901568K), 0.0514065 secs] [Times: user=0.30 sys=0.00, real=0.05 secs] 
3303.633: [GC (Allocation Failure) [PSYoungGen: 458560K->107072K(500736K)] 1461554K->1249370K(1899008K), 0.1071273 secs] [Times: user=0.64 sys=0.00, real=0.11 secs] 
3304.753: [GC (Allocation Failure) [PSYoungGen: 417856K->148224K(502272K)] 1560154K->1393634K(1900544K), 0.0529397 secs] [Times: user=0.31 sys=0.00, real=0.05 secs] 
3304.806: [Full GC (Ergonomics) [PSYoungGen: 148224K->0K(502272K)] [ParOldGen: 1245410K->191645K(1398272K)] 1393634K->191645K(1900544K), [Metaspace: 60200K->60200K(1105920K)], 0.4608280 secs] [Times: user=2.17 sys=0.00, real=0.47 secs] 
3308.153: [GC (Allocation Failure) [PSYoungGen: 310784K->105792K(503296K)] 502429K->297437K(1901568K), 0.0911952 secs] [Times: user=0.54 sys=0.00, real=0.09 secs] 
3309.002: [GC (Allocation Failure) [PSYoungGen: 419648K->160032K(474112K)] 611293K->453602K(1872384K), 0.0516302 secs] [Times: user=0.31 sys=0.00, real=0.05 secs] 
3311.329: [GC (Allocation Failure) [PSYoungGen: 473888K->106528K(504832K)] 767458K->543194K(1903104K), 0.1612889 secs] [Times: user=0.96 sys=0.00, real=0.16 secs] 
3311.849: [GC (Allocation Failure) [PSYoungGen: 405385K->144928K(501760K)] 842051K->684455K(1900032K), 0.0502351 secs] [Times: user=0.29 sys=0.01, real=0.05 secs] 
3314.836: [GC (Allocation Failure) [PSYoungGen: 452640K->100576K(502784K)] 992167K->776431K(1901056K), 0.1640998 secs] [Times: user=0.98 sys=0.00, real=0.17 secs] 
3316.416: [GC (Allocation Failure) [PSYoungGen: 410336K->150592K(501760K)] 1086191K->923116K(1900032K), 0.0503841 secs] [Times: user=0.30 sys=0.00, real=0.05 secs] 
3318.683: [GC (Allocation Failure) [PSYoungGen: 460352K->101568K(504832K)] 1232876K->1016564K(1903104K), 0.1564038 secs] [Times: user=0.92 sys=0.01, real=0.16 secs] 
3319.534: [GC (Allocation Failure) [PSYoungGen: 409847K->149952K(461824K)] 1324844K->1161833K(1860096K), 0.0500130 secs] [Times: user=0.30 sys=0.00, real=0.05 secs] 
3322.462: [GC (Allocation Failure) [PSYoungGen: 461760K->101376K(505856K)] 1473641K->1254945K(1904128K), 0.1646035 secs] [Times: user=0.98 sys=0.00, real=0.17 secs] 
3323.569: [GC (Allocation Failure) [PSYoungGen: 410695K->150208K(461312K)] 1564264K->1401130K(1859584K), 0.0505330 secs] [Times: user=0.30 sys=0.00, real=0.05 secs] 
3323.620: [Full GC (Ergonomics) [PSYoungGen: 150208K->0K(461312K)] [ParOldGen: 1250922K->197451K(1398272K)] 1401130K->197451K(1859584K), [Metaspace: 60202K->60202K(1105920K)], 0.4749392 secs] [Times: user=2.22 sys=0.00, real=0.47 secs] 
3326.139: [GC (Allocation Failure) [PSYoungGen: 310784K->103296K(505856K)] 508235K->300747K(1904128K), 0.0868438 secs] [Times: user=0.51 sys=0.01, real=0.08 secs] 
3327.476: [GC (Allocation Failure) [PSYoungGen: 409785K->147872K(503296K)] 607237K->444841K(1901568K), 0.0751815 secs] [Times: user=0.45 sys=0.00, real=0.08 secs] 
3330.299: [GC (Allocation Failure) [PSYoungGen: 458144K->101120K(502272K)] 755113K->537729K(1900544K), 0.1537134 secs] [Times: user=0.92 sys=0.00, real=0.15 secs] 
3331.371: [GC (Allocation Failure) [PSYoungGen: 412416K->150176K(503296K)] 849025K->683614K(1901568K), 0.0490100 secs] [Times: user=0.29 sys=0.00, real=0.05 secs] 
3333.111: [GC (Allocation Failure) [PSYoungGen: 461472K->107968K(502784K)] 994910K->782510K(1901056K), 0.1493587 secs] [Times: user=0.88 sys=0.00, real=0.15 secs] 
3333.820: [GC (Allocation Failure) [PSYoungGen: 419776K->152896K(503296K)] 1094318K->932472K(1901568K), 0.0821010 secs] [Times: user=0.49 sys=0.00, real=0.08 secs] 
3337.786: [GC (Allocation Failure) [PSYoungGen: 464704K->93856K(504832K)] 1244280K->1026472K(1903104K), 0.1610644 secs] [Times: user=0.96 sys=0.00, real=0.17 secs] 
3338.206: [GC (Allocation Failure) [PSYoungGen: 403616K->150720K(460800K)] 1336232K->1173513K(1859072K), 0.0549049 secs] [Times: user=0.33 sys=0.00, real=0.06 secs] 
3341.081: [GC (Allocation Failure) [PSYoungGen: 458928K->92672K(502784K)] 1481721K->1265953K(1901056K), 0.1660070 secs] [Times: user=0.99 sys=0.00, real=0.17 secs] 
3341.513: [GC (Allocation Failure) [PSYoungGen: 398336K->148576K(454656K)] 1571617K->1411010K(1852928K), 0.0546091 secs] [Times: user=0.33 sys=0.00, real=0.06 secs] 
3341.567: [Full GC (Ergonomics) [PSYoungGen: 148576K->0K(454656K)] [ParOldGen: 1262434K->207584K(1398272K)] 1411010K->207584K(1852928K), [Metaspace: 60210K->60210K(1105920K)], 0.4810977 secs] [Times: user=2.25 sys=0.00, real=0.48 secs] 
3344.238: [GC (Allocation Failure) [PSYoungGen: 305664K->93792K(502784K)] 513248K->301376K(1901056K), 0.1451318 secs] [Times: user=0.87 sys=0.00, real=0.14 secs] 
3344.649: [GC (Allocation Failure) [PSYoungGen: 383582K->138528K(443904K)] 591167K->436485K(1842176K), 0.0485271 secs] [Times: user=0.28 sys=0.00, real=0.05 secs] 
3347.354: [GC (Allocation Failure) [PSYoungGen: 443680K->102336K(502784K)] 741637K->530217K(1901056K), 0.1431693 secs] [Times: user=0.85 sys=0.00, real=0.15 secs] 
3348.221: [GC (Allocation Failure) [PSYoungGen: 410560K->147744K(499712K)] 838441K->674642K(1897984K), 0.0502671 secs] [Times: user=0.30 sys=0.00, real=0.05 secs] 
3351.203: [GC (Allocation Failure) [PSYoungGen: 455968K->98336K(504832K)] 982866K->764878K(1903104K), 0.1633915 secs] [Times: user=0.98 sys=0.00, real=0.17 secs] 
3352.555: [GC (Allocation Failure) [PSYoungGen: 411680K->152800K(466432K)] 1078222K->914031K(1864704K), 0.0493104 secs] [Times: user=0.29 sys=0.00, real=0.05 secs] 
3354.670: [GC (Allocation Failure) [PSYoungGen: 466144K->103232K(506368K)] 1227375K->1008719K(1904640K), 0.1314152 secs] [Times: user=0.77 sys=0.01, real=0.13 secs] 
3355.252: [GC (Allocation Failure) [PSYoungGen: 402721K->147264K(502784K)] 1308208K->1152420K(1901056K), 0.0507570 secs] [Times: user=0.30 sys=0.00, real=0.05 secs] 
3358.136: [GC (Allocation Failure) [PSYoungGen: 457536K->101408K(503296K)] 1462692K->1245468K(1901568K), 0.1692608 secs] [Times: user=1.01 sys=0.00, real=0.17 secs] 
3358.643: [GC (Allocation Failure) [PSYoungGen: 408724K->148736K(503808K)] 1552784K->1391229K(1902080K), 0.0511770 secs] [Times: user=0.30 sys=0.00, real=0.05 secs] 
3358.694: [Full GC (Ergonomics) [PSYoungGen: 148736K->0K(503808K)] [ParOldGen: 1242493K->197423K(1398272K)] 1391229K->197423K(1902080K), [Metaspace: 60212K->60212K(1105920K)], 0.4728258 secs] [Times: user=2.19 sys=0.00, real=0.48 secs] 
3361.639: [GC (Allocation Failure) [PSYoungGen: 311808K->103840K(503296K)] 509231K->301263K(1901568K), 0.0870143 secs] [Times: user=0.52 sys=0.00, real=0.08 secs] 
3362.614: [GC (Allocation Failure) [PSYoungGen: 411016K->147040K(503808K)] 608440K->444596K(1902080K), 0.0494159 secs] [Times: user=0.29 sys=0.00, real=0.05 secs] 
3365.307: [GC (Allocation Failure) [PSYoungGen: 459360K->102368K(503296K)] 756916K->538532K(1901568K), 0.1723626 secs] [Times: user=1.02 sys=0.00, real=0.17 secs] 
3366.433: [GC (Allocation Failure) [PSYoungGen: 412871K->149792K(504320K)] 849036K->684156K(1902592K), 0.0495334 secs] [Times: user=0.29 sys=0.00, real=0.05 secs] 
3368.822: [GC (Allocation Failure) [PSYoungGen: 463648K->109056K(504320K)] 998012K->783816K(1902592K), 0.1625784 secs] [Times: user=0.97 sys=0.00, real=0.16 secs] 
3369.414: [GC (Allocation Failure) [PSYoungGen: 423936K->153280K(504832K)] 1098696K->933597K(1903104K), 0.0528719 secs] [Times: user=0.31 sys=0.00, real=0.06 secs] 
3373.151: [GC (Allocation Failure) [PSYoungGen: 468160K->92768K(505856K)] 1248477K->1026041K(1904128K), 0.1698864 secs] [Times: user=1.01 sys=0.00, real=0.17 secs] 
3373.602: [GC (Allocation Failure) [PSYoungGen: 404576K->153504K(465408K)] 1337849K->1176045K(1863680K), 0.0550530 secs] [Times: user=0.33 sys=0.00, real=0.06 secs] 
3376.366: [GC (Allocation Failure) [PSYoungGen: 465312K->94880K(503296K)] 1487853K->1270902K(1901568K), 0.1636235 secs] [Times: user=0.97 sys=0.01, real=0.17 secs] 
3376.787: [GC (Allocation Failure) [PSYoungGen: 401056K->151744K(458240K)] 1577078K->1416831K(1856512K), 0.0546823 secs] [Times: user=0.32 sys=0.00, real=0.05 secs] 
3376.841: [Full GC (Ergonomics) [PSYoungGen: 151744K->0K(458240K)] [ParOldGen: 1265087K->214687K(1398272K)] 1416831K->214687K(1856512K), [Metaspace: 60220K->60220K(1105920K)], 0.4965371 secs] [Times: user=2.31 sys=0.00, real=0.50 secs] 
3380.170: [GC (Allocation Failure) [PSYoungGen: 306176K->91680K(501248K)] 520863K->306367K(1899520K), 0.1329864 secs] [Times: user=0.79 sys=0.00, real=0.13 secs] 
3380.564: [GC (Allocation Failure) [PSYoungGen: 393760K->151296K(453632K)] 608447K->452030K(1851904K), 0.0528558 secs] [Times: user=0.31 sys=0.01, real=0.06 secs] 
3384.395: [GC (Allocation Failure) [PSYoungGen: 453376K->88256K(499200K)] 754110K->540310K(1897472K), 0.1461290 secs] [Times: user=0.87 sys=0.00, real=0.15 secs] 
3384.785: [GC (Allocation Failure) [PSYoungGen: 373898K->139328K(438272K)] 825953K->675859K(1836544K), 0.0491532 secs] [Times: user=0.30 sys=0.00, real=0.05 secs] 
3387.771: [GC (Allocation Failure) [PSYoungGen: 437824K->96736K(499200K)] 974355K->763943K(1897472K), 0.1532477 secs] [Times: user=0.92 sys=0.00, real=0.15 secs] 
3389.559: [GC (Allocation Failure) [PSYoungGen: 397792K->144288K(496640K)] 1064999K->904560K(1894912K), 0.0479760 secs] [Times: user=0.28 sys=0.00, real=0.05 secs] 
3391.525: [GC (Allocation Failure) [PSYoungGen: 445344K->100448K(497664K)] 1205616K->996368K(1895936K), 0.1528144 secs] [Times: user=0.84 sys=0.00, real=0.16 secs] 
3393.199: [GC (Allocation Failure) [PSYoungGen: 407136K->145792K(499712K)] 1303056K->1139037K(1897984K), 0.0522086 secs] [Times: user=0.30 sys=0.01, real=0.05 secs] 
3394.971: [GC (Allocation Failure) [PSYoungGen: 451622K->103264K(500736K)] 1444867K->1233565K(1899008K), 0.1147175 secs] [Times: user=0.68 sys=0.00, real=0.11 secs] 
3396.490: [GC (Allocation Failure) [PSYoungGen: 414048K->146016K(502272K)] 1544349K->1377266K(1900544K), 0.0519632 secs] [Times: user=0.31 sys=0.00, real=0.05 secs] 
3396.542: [Full GC (Ergonomics) [PSYoungGen: 146016K->0K(502272K)] [ParOldGen: 1231250K->183087K(1398272K)] 1377266K->183087K(1900544K), [Metaspace: 60222K->60222K(1105920K)], 0.4372884 secs] [Times: user=2.04 sys=0.00, real=0.44 secs] 
3398.575: [GC (Allocation Failure) [PSYoungGen: 310784K->106880K(501248K)] 493871K->289967K(1899520K), 0.0935364 secs] [Times: user=0.56 sys=0.00, real=0.10 secs] 
3400.134: [GC (Allocation Failure) [PSYoungGen: 420736K->149088K(503296K)] 603823K->435068K(1901568K), 0.0520500 secs] [Times: user=0.30 sys=0.00, real=0.05 secs] 
3402.560: [GC (Allocation Failure) [PSYoungGen: 462944K->105696K(506368K)] 748924K->531660K(1904640K), 0.1445555 secs] [Times: user=0.86 sys=0.01, real=0.14 secs] 
3403.687: [GC (Allocation Failure) [PSYoungGen: 422624K->154528K(471552K)] 848588K->681909K(1869824K), 0.0520169 secs] [Times: user=0.31 sys=0.00, real=0.05 secs] 
3406.568: [GC (Allocation Failure) [PSYoungGen: 471456K->104384K(507392K)] 998837K->777649K(1905664K), 0.1621536 secs] [Times: user=0.97 sys=0.00, real=0.16 secs] 
3407.556: [GC (Allocation Failure) [PSYoungGen: 405450K->147936K(504320K)] 1078715K->921710K(1902592K), 0.0506502 secs] [Times: user=0.30 sys=0.00, real=0.05 secs] 
3410.199: [GC (Allocation Failure) [PSYoungGen: 460768K->102624K(504320K)] 1234542K->1016110K(1902592K), 0.1459889 secs] [Times: user=0.87 sys=0.00, real=0.14 secs] 
3410.733: [GC (Allocation Failure) [PSYoungGen: 403289K->148384K(504832K)] 1316776K->1160263K(1903104K), 0.0501207 secs] [Times: user=0.30 sys=0.00, real=0.05 secs] 
3412.264: [GC (Allocation Failure) [PSYoungGen: 462240K->108384K(502784K)] 1474119K->1260399K(1901056K), 0.0943055 secs] [Times: user=0.56 sys=0.00, real=0.10 secs] 
3412.630: [GC (Allocation Failure) [PSYoungGen: 423264K->154496K(504320K)] 1575279K->1410936K(1902592K), 0.0531772 secs] [Times: user=0.32 sys=0.00, real=0.05 secs] 
3412.683: [Full GC (Ergonomics) [PSYoungGen: 154496K->0K(504320K)] [ParOldGen: 1256440K->208741K(1398272K)] 1410936K->208741K(1902592K), [Metaspace: 60223K->60223K(1105920K)], 0.4801234 secs] [Times: user=2.24 sys=0.00, real=0.48 secs] 
3417.180: [GC (Allocation Failure) [PSYoungGen: 314880K->92960K(505344K)] 523621K->301701K(1903616K), 0.1656840 secs] [Times: user=0.98 sys=0.00, real=0.16 secs] 
3417.628: [GC (Allocation Failure) [PSYoungGen: 404256K->152800K(464384K)] 612997K->450918K(1862656K), 0.0538595 secs] [Times: user=0.32 sys=0.00, real=0.05 secs] 
3421.160: [GC (Allocation Failure) [PSYoungGen: 462044K->90304K(502272K)] 760163K->541322K(1900544K), 0.1670361 secs] [Times: user=0.99 sys=0.00, real=0.17 secs] 
3421.585: [GC (Allocation Failure) [PSYoungGen: 395456K->150112K(455680K)] 846474K->687695K(1853952K), 0.0519290 secs] [Times: user=0.31 sys=0.00, real=0.06 secs] 
3424.756: [GC (GCLocker Initiated GC) [PSYoungGen: 455264K->91808K(501248K)] 992847K->779103K(1899520K), 0.1107609 secs] [Times: user=0.66 sys=0.00, real=0.12 secs] 
3425.522: [GC (Allocation Failure) [PSYoungGen: 393888K->134560K(436736K)] 1097569K->926893K(1835008K), 0.3197779 secs] [Times: user=1.91 sys=0.01, real=0.32 secs] 
3428.307: [GC (Allocation Failure) [PSYoungGen: 436640K->92672K(498688K)] 1228973K->1019285K(1896960K), 0.3948726 secs] [Times: user=2.37 sys=0.00, real=0.39 secs] 
3429.080: [GC (Allocation Failure) [PSYoungGen: 380541K->138112K(496640K)] 1307154K->1153597K(1894912K), 0.0498369 secs] [Times: user=0.30 sys=0.00, real=0.05 secs] 
3431.729: [GC (Allocation Failure) [PSYoungGen: 442240K->100224K(502784K)] 1457725K->1245317K(1901056K), 0.1568340 secs] [Times: user=0.93 sys=0.01, real=0.15 secs] 
3432.379: [GC (Allocation Failure) [PSYoungGen: 409687K->150752K(503296K)] 1554781K->1392510K(1901568K), 0.0514038 secs] [Times: user=0.30 sys=0.00, real=0.05 secs] 
3432.431: [Full GC (Ergonomics) [PSYoungGen: 150752K->0K(503296K)] [ParOldGen: 1241758K->197495K(1398272K)] 1392510K->197495K(1901568K), [Metaspace: 60239K->60239K(1105920K)], 0.4860657 secs] [Times: user=2.25 sys=0.00, real=0.49 secs] 
3435.855: [GC (Allocation Failure) [PSYoungGen: 314368K->103424K(506368K)] 511863K->300919K(1904640K), 0.0885466 secs] [Times: user=0.52 sys=0.00, real=0.09 secs] 
3436.554: [GC (Allocation Failure) [PSYoungGen: 405231K->147328K(505344K)] 602726K->444732K(1903616K), 0.0495272 secs] [Times: user=0.30 sys=0.00, real=0.05 secs] 
3439.020: [GC (Allocation Failure) [PSYoungGen: 462720K->104992K(504320K)] 760124K->541044K(1902592K), 0.1658242 secs] [Times: user=0.99 sys=0.00, real=0.16 secs] 
3439.615: [GC (Allocation Failure) [PSYoungGen: 408305K->145632K(505344K)] 844358K->683189K(1903616K), 0.0503782 secs] [Times: user=0.30 sys=0.00, real=0.05 secs] 
3442.707: [GC (GCLocker Initiated GC) [PSYoungGen: 462048K->104384K(505856K)] 999605K->778977K(1904128K), 0.1588609 secs] [Times: user=0.94 sys=0.00, real=0.16 secs] 
3443.368: [GC (Allocation Failure) [PSYoungGen: 423360K->171712K(491008K)] 1097957K->947111K(1889280K), 0.0524709 secs] [Times: user=0.30 sys=0.00, real=0.05 secs] 
3446.416: [GC (Allocation Failure) [PSYoungGen: 490688K->98272K(501760K)] 1266087K->1045055K(1900032K), 0.1285173 secs] [Times: user=0.76 sys=0.01, real=0.13 secs] 
3446.822: [GC (Allocation Failure) [PSYoungGen: 400352K->165696K(467968K)] 1347135K->1205176K(1866240K), 0.0547785 secs] [Times: user=0.33 sys=0.00, real=0.06 secs] 
3450.131: [GC (Allocation Failure) [PSYoungGen: 467776K->87104K(494080K)] 1507256K->1275668K(1892352K), 0.1374857 secs] [Times: user=0.81 sys=0.00, real=0.14 secs] 
3450.634: [GC (Allocation Failure) [PSYoungGen: 375872K->150432K(439296K)] 1564436K->1422801K(1837568K), 0.0500500 secs] [Times: user=0.29 sys=0.01, real=0.05 secs] 
3450.684: [Full GC (Ergonomics) [PSYoungGen: 150432K->0K(439296K)] [ParOldGen: 1272369K->196206K(1398272K)] 1422801K->196206K(1837568K), [Metaspace: 60241K->60241K(1105920K)], 0.4654258 secs] [Times: user=2.15 sys=0.00, real=0.47 secs] 
3453.450: [GC (Allocation Failure) [PSYoungGen: 288768K->93888K(495104K)] 484974K->290094K(1893376K), 0.0817992 secs] [Times: user=0.43 sys=0.00, real=0.08 secs] 
3454.452: [GC (Allocation Failure) [PSYoungGen: 382656K->139808K(429056K)] 578862K->425931K(1827328K), 0.0465400 secs] [Times: user=0.28 sys=0.00, real=0.05 secs] 
3455.940: [GC (Allocation Failure) [PSYoungGen: 428576K->97120K(493056K)] 714699K->514315K(1891328K), 0.1228235 secs] [Times: user=0.73 sys=0.01, real=0.12 secs] 
3457.991: [GC (Allocation Failure) [PSYoungGen: 388448K->134752K(490496K)] 805643K->647008K(1888768K), 0.0486503 secs] [Times: user=0.29 sys=0.00, real=0.05 secs] 
3459.864: [GC (Allocation Failure) [PSYoungGen: 426080K->106080K(495616K)] 938336K->743928K(1893888K), 0.0632824 secs] [Times: user=0.37 sys=0.00, real=0.07 secs] 
3462.184: [GC (Allocation Failure) [PSYoungGen: 408160K->133376K(494080K)] 1046008K->876365K(1892352K), 0.0523675 secs] [Times: user=0.31 sys=0.00, real=0.05 secs] 
3465.572: [GC (Allocation Failure) [PSYoungGen: 435456K->114400K(501248K)] 1178445K->981553K(1899520K), 0.0640717 secs] [Times: user=0.38 sys=0.00, real=0.06 secs] 
3467.718: [GC (Allocation Failure) [PSYoungGen: 432352K->135264K(501760K)] 1299505K->1116266K(1900032K), 0.0554963 secs] [Times: user=0.33 sys=0.00, real=0.05 secs] 
3470.172: [GC (Allocation Failure) [PSYoungGen: 453216K->2992K(487424K)] 1434218K->984098K(1885696K), 0.0035741 secs] [Times: user=0.02 sys=0.00, real=0.00 secs] 
3472.192: [GC (Allocation Failure) [PSYoungGen: 307632K->136608K(441344K)] 1288738K->1119143K(1839616K), 0.0281764 secs] [Times: user=0.17 sys=0.00, real=0.03 secs] 
3473.364: [GC (Allocation Failure) [PSYoungGen: 441248K->112736K(508928K)] 1423783K->1222411K(1907200K), 0.0650570 secs] [Times: user=0.39 sys=0.00, real=0.07 secs] 
3475.234: [GC (Allocation Failure) [PSYoungGen: 423520K->139872K(500736K)] 1533195K->1361147K(1899008K), 0.0550614 secs] [Times: user=0.33 sys=0.00, real=0.06 secs] 
3475.289: [Full GC (Ergonomics) [PSYoungGen: 139872K->0K(500736K)] [ParOldGen: 1221275K->156840K(1398272K)] 1361147K->156840K(1899008K), [Metaspace: 60241K->60241K(1105920K)], 0.3661252 secs] [Times: user=1.69 sys=0.00, real=0.36 secs] 
3477.071: [GC (Allocation Failure) [PSYoungGen: 310784K->110528K(501760K)] 467624K->267368K(1900032K), 0.0634768 secs] [Times: user=0.38 sys=0.00, real=0.06 secs] 
3479.964: [GC (Allocation Failure) [PSYoungGen: 427456K->154592K(502272K)] 584296K->420361K(1900544K), 0.0553440 secs] [Times: user=0.33 sys=0.00, real=0.06 secs] 
3482.225: [GC (Allocation Failure) [PSYoungGen: 471520K->108032K(507904K)] 737289K->511689K(1906176K), 0.1613877 secs] [Times: user=0.96 sys=0.01, real=0.17 secs] 
3484.985: [GC (Allocation Failure) [PSYoungGen: 426496K->148224K(505856K)] 830153K->657301K(1904128K), 0.0531348 secs] [Times: user=0.31 sys=0.00, real=0.06 secs] 
3486.723: [GC (Allocation Failure) [PSYoungGen: 466688K->109504K(506368K)] 975765K->757545K(1904640K), 0.1422508 secs] [Times: user=0.84 sys=0.00, real=0.14 secs] 
3488.274: [GC (Allocation Failure) [PSYoungGen: 429504K->153536K(473600K)] 1077545K->908374K(1871872K), 0.0540991 secs] [Times: user=0.32 sys=0.00, real=0.06 secs] 
3490.528: [GC (Allocation Failure) [PSYoungGen: 473536K->108128K(510976K)] 1228374K->1007886K(1909248K), 0.1526377 secs] [Times: user=0.91 sys=0.00, real=0.15 secs] 
3491.248: [GC (Allocation Failure) [PSYoungGen: 426592K->155488K(474112K)] 1326350K->1159671K(1872384K), 0.0530665 secs] [Times: user=0.31 sys=0.00, real=0.05 secs] 
3494.252: [GC (Allocation Failure) [PSYoungGen: 473952K->107104K(508416K)] 1478135K->1258119K(1906688K), 0.1547056 secs] [Times: user=0.87 sys=0.00, real=0.16 secs] 
3494.806: [GC (Allocation Failure) [PSYoungGen: 407074K->145664K(504832K)] 1558089K->1400397K(1903104K), 0.0520207 secs] [Times: user=0.31 sys=0.00, real=0.06 secs] 
3494.858: [Full GC (Ergonomics) [PSYoungGen: 145664K->0K(504832K)] [ParOldGen: 1254733K->197090K(1398272K)] 1400397K->197090K(1903104K), [Metaspace: 60241K->60241K(1105920K)], 0.4757882 secs] [Times: user=2.21 sys=0.00, real=0.47 secs] 
3498.476: [GC (Allocation Failure) [PSYoungGen: 314368K->102816K(505856K)] 511458K->299907K(1904128K), 0.0734292 secs] [Times: user=0.43 sys=0.01, real=0.08 secs] 
3498.977: [GC (Allocation Failure) [PSYoungGen: 403978K->147520K(505856K)] 601069K->443947K(1904128K), 0.0490918 secs] [Times: user=0.29 sys=0.00, real=0.05 secs] 
3502.356: [GC (Allocation Failure) [PSYoungGen: 464448K->105184K(506368K)] 760875K->540779K(1904640K), 0.1572043 secs] [Times: user=0.93 sys=0.00, real=0.16 secs] 
3503.197: [GC (Allocation Failure) [PSYoungGen: 409979K->147040K(506880K)] 845575K->683136K(1905152K), 0.0496452 secs] [Times: user=0.29 sys=0.00, real=0.05 secs] 
3505.828: [GC (Allocation Failure) [PSYoungGen: 465504K->104384K(507392K)] 1001600K->778592K(1905664K), 0.1581309 secs] [Times: user=0.94 sys=0.00, real=0.15 secs] 
3506.486: [GC (Allocation Failure) [PSYoungGen: 424384K->157248K(477696K)] 1098592K->932373K(1875968K), 0.0514442 secs] [Times: user=0.31 sys=0.00, real=0.06 secs] 
3509.906: [GC (Allocation Failure) [PSYoungGen: 477248K->96768K(506368K)] 1252373K->1029229K(1904640K), 0.1549425 secs] [Times: user=0.92 sys=0.00, real=0.16 secs] 
3510.505: [GC (Allocation Failure) [PSYoungGen: 409088K->156448K(468992K)] 1341549K->1179986K(1867264K), 0.0558671 secs] [Times: user=0.33 sys=0.00, real=0.06 secs] 
3512.400: [GC (Allocation Failure) [PSYoungGen: 468768K->96640K(503296K)] 1492306K->1276814K(1901568K), 0.0972531 secs] [Times: user=0.57 sys=0.00, real=0.10 secs] 
3512.772: [GC (Allocation Failure) [PSYoungGen: 402304K->151680K(457728K)] 1582478K->1421735K(1856000K), 0.0546040 secs] [Times: user=0.33 sys=0.00, real=0.06 secs] 
3512.826: [Full GC (Ergonomics) [PSYoungGen: 151680K->0K(457728K)] [ParOldGen: 1270055K->219524K(1398272K)] 1421735K->219524K(1856000K), [Metaspace: 60245K->60245K(1105920K)], 0.5108174 secs] [Times: user=2.38 sys=0.00, real=0.51 secs] 
3516.642: [GC (Allocation Failure) [PSYoungGen: 305664K->91936K(501248K)] 525188K->311460K(1899520K), 0.0966481 secs] [Times: user=0.58 sys=0.00, real=0.10 secs] 
3517.078: [GC (Allocation Failure) [PSYoungGen: 394528K->148608K(451584K)] 614052K->454525K(1849856K), 0.0579924 secs] [Times: user=0.34 sys=0.01, real=0.06 secs] 
3519.552: [GC (GCLocker Initiated GC) [PSYoungGen: 451200K->93056K(501248K)] 757117K->547381K(1899520K), 0.1368086 secs] [Times: user=0.81 sys=0.01, real=0.14 secs] 
3519.933: [GC (Allocation Failure) [PSYoungGen: 394624K->165664K(467456K)] 848984K->707511K(1865728K), 0.0536899 secs] [Times: user=0.32 sys=0.00, real=0.05 secs] 
3524.193: [GC (Allocation Failure) [PSYoungGen: 467232K->87776K(494080K)] 1009079K->778615K(1892352K), 0.1658884 secs] [Times: user=0.99 sys=0.00, real=0.17 secs] 
3524.740: [GC (Allocation Failure) [PSYoungGen: 373452K->138080K(425984K)] 1064292K->913400K(1824256K), 0.0479909 secs] [Times: user=0.28 sys=0.00, real=0.05 secs] 
3526.660: [GC (Allocation Failure) [PSYoungGen: 425824K->93152K(492032K)] 1201144K->998072K(1890304K), 0.1574864 secs] [Times: user=0.93 sys=0.00, real=0.16 secs] 
3527.865: [GC (Allocation Failure) [PSYoungGen: 382944K->141888K(489984K)] 1287864K->1135597K(1888256K), 0.0473462 secs] [Times: user=0.28 sys=0.00, real=0.05 secs] 
3530.053: [GC (Allocation Failure) [PSYoungGen: 431680K->96864K(495104K)] 1425389K->1223845K(1893376K), 0.1288490 secs] [Times: user=0.77 sys=0.00, real=0.13 secs] 
3531.762: [GC (Allocation Failure) [PSYoungGen: 395872K->139680K(495616K)] 1522853K->1361326K(1893888K), 0.0502648 secs] [Times: user=0.30 sys=0.00, real=0.05 secs] 
3531.812: [Full GC (Ergonomics) [PSYoungGen: 139680K->0K(495616K)] [ParOldGen: 1221646K->168270K(1398272K)] 1361326K->168270K(1893888K), [Metaspace: 60247K->60247K(1105920K)], 0.4004378 secs] [Times: user=1.85 sys=0.00, real=0.40 secs] 
3533.576: [GC (Allocation Failure) [PSYoungGen: 299008K->102976K(494080K)] 467278K->271246K(1892352K), 0.0470100 secs] [Times: user=0.28 sys=0.00, real=0.05 secs] 
3535.767: [GC (Allocation Failure) [PSYoungGen: 409152K->140512K(498176K)] 577422K->409379K(1896448K), 0.0523402 secs] [Times: user=0.31 sys=0.00, real=0.05 secs] 
3537.308: [GC (Allocation Failure) [PSYoungGen: 446688K->108224K(498176K)] 715555K->508051K(1896448K), 0.0940170 secs] [Times: user=0.56 sys=0.00, real=0.09 secs] 
3539.538: [GC (Allocation Failure) [PSYoungGen: 422592K->144416K(502272K)] 822419K->650841K(1900544K), 0.0529190 secs] [Times: user=0.31 sys=0.00, real=0.05 secs] 
3541.128: [GC (Allocation Failure) [PSYoungGen: 458784K->109376K(503808K)] 965209K->751217K(1902080K), 0.1013949 secs] [Times: user=0.60 sys=0.00, real=0.10 secs] 
3542.654: [GC (Allocation Failure) [PSYoungGen: 430400K->152096K(506368K)] 1072241K->900990K(1904640K), 0.0540664 secs] [Times: user=0.32 sys=0.00, real=0.06 secs] 
3545.327: [GC (Allocation Failure) [PSYoungGen: 473120K->110368K(509440K)] 1222014K->1002234K(1907712K), 0.1532255 secs] [Times: user=0.92 sys=0.00, real=0.15 secs] 
3547.086: [GC (Allocation Failure) [PSYoungGen: 432416K->152608K(475136K)] 1324282K->1152215K(1873408K), 0.0542505 secs] [Times: user=0.32 sys=0.00, real=0.06 secs] 
3549.559: [GC (Allocation Failure) [PSYoungGen: 474656K->109120K(511488K)] 1474263K->1252595K(1909760K), 0.1808534 secs] [Times: user=1.08 sys=0.00, real=0.18 secs] 
3550.625: [GC (Allocation Failure) [PSYoungGen: 418085K->150720K(507904K)] 1561560K->1399596K(1906176K), 0.0529563 secs] [Times: user=0.31 sys=0.00, real=0.06 secs] 
3550.678: [Full GC (Ergonomics) [PSYoungGen: 150720K->0K(507904K)] [ParOldGen: 1248876K->197600K(1398272K)] 1399596K->197600K(1906176K), [Metaspace: 60250K->60250K(1105920K)], 0.4681294 secs] [Times: user=2.19 sys=0.00, real=0.46 secs] 
3554.168: [GC (Allocation Failure) [PSYoungGen: 320512K->104128K(508928K)] 518112K->301728K(1907200K), 0.0917644 secs] [Times: user=0.54 sys=0.00, real=0.09 secs] 
3555.669: [GC (Allocation Failure) [PSYoungGen: 423616K->156640K(476160K)] 621216K->454385K(1874432K), 0.0501351 secs] [Times: user=0.30 sys=0.00, real=0.05 secs] 
3558.522: [GC (Allocation Failure) [PSYoungGen: 476128K->98592K(506368K)] 773873K->553137K(1904640K), 0.1452266 secs] [Times: user=0.87 sys=0.00, real=0.15 secs] 
3559.093: [GC (Allocation Failure) [PSYoungGen: 411424K->156672K(470016K)] 865969K->704250K(1868288K), 0.0554444 secs] [Times: user=0.33 sys=0.00, real=0.06 secs] 
3562.031: [GC (Allocation Failure) [PSYoungGen: 469504K->94528K(502784K)] 1017082K->798666K(1901056K), 0.1317130 secs] [Times: user=0.78 sys=0.00, real=0.13 secs] 
3562.447: [GC (Allocation Failure) [PSYoungGen: 400192K->153152K(459264K)] 1104330K->945759K(1857536K), 0.0544363 secs] [Times: user=0.33 sys=0.00, real=0.05 secs] 
3565.024: [GC (Allocation Failure) [PSYoungGen: 458816K->94560K(500736K)] 1251423K->1040519K(1899008K), 0.1094409 secs] [Times: user=0.65 sys=0.01, real=0.11 secs] 
3565.362: [GC (Allocation Failure) [PSYoungGen: 395616K->151360K(452608K)] 1341575K->1186232K(1850880K), 0.0547042 secs] [Times: user=0.32 sys=0.00, real=0.06 secs] 
3568.691: [GC (Allocation Failure) [PSYoungGen: 452416K->85440K(498688K)] 1487288K->1271696K(1896960K), 0.1454822 secs] [Times: user=0.87 sys=0.00, real=0.14 secs] 
3569.132: [GC (Allocation Failure) [PSYoungGen: 383424K->149024K(447488K)] 1569680K->1414944K(1845760K), 0.0519717 secs] [Times: user=0.31 sys=0.00, real=0.05 secs] 
3569.184: [Full GC (Ergonomics) [PSYoungGen: 149024K->0K(447488K)] [ParOldGen: 1265920K->211418K(1398272K)] 1414944K->211418K(1845760K), [Metaspace: 60253K->60253K(1105920K)], 0.4814327 secs] [Times: user=2.22 sys=0.00, real=0.48 secs] 
3574.209: [GC (Allocation Failure) [PSYoungGen: 297984K->85088K(497152K)] 509402K->296506K(1895424K), 0.1670296 secs] [Times: user=1.00 sys=0.00, real=0.16 secs] 
3574.809: [GC (Allocation Failure) [PSYoungGen: 380000K->143232K(496640K)] 591418K->436067K(1894912K), 0.0472728 secs] [Times: user=0.28 sys=0.01, real=0.04 secs] 
3577.265: [GC (Allocation Failure) [PSYoungGen: 438144K->95392K(491520K)] 730979K->523115K(1889792K), 0.1722851 secs] [Times: user=1.02 sys=0.00, real=0.18 secs] 
3578.592: [GC (Allocation Failure) [PSYoungGen: 390816K->144384K(494080K)] 818539K->663288K(1892352K), 0.0471317 secs] [Times: user=0.28 sys=0.00, real=0.05 secs] 
3580.468: [GC (Allocation Failure) [PSYoungGen: 439808K->97952K(494080K)] 958712K->752472K(1892352K), 0.1693372 secs] [Times: user=1.00 sys=0.00, real=0.17 secs] 
3581.440: [GC (Allocation Failure) [PSYoungGen: 398496K->142144K(496640K)] 1053016K->892094K(1894912K), 0.0498065 secs] [Times: user=0.29 sys=0.00, real=0.05 secs] 
3583.915: [GC (Allocation Failure) [PSYoungGen: 442688K->100800K(496128K)] 1192638K->984046K(1894400K), 0.1114089 secs] [Times: user=0.66 sys=0.00, real=0.11 secs] 
3584.889: [GC (Allocation Failure) [PSYoungGen: 406976K->145184K(499200K)] 1290222K->1127724K(1897472K), 0.1182927 secs] [Times: user=0.70 sys=0.00, real=0.12 secs] 
3589.124: [GC (Allocation Failure) [PSYoungGen: 451360K->99264K(501760K)] 1433900K->1218620K(1900032K), 0.0966311 secs] [Times: user=0.57 sys=0.00, real=0.10 secs] 
3590.357: [GC (Allocation Failure) [PSYoungGen: 410048K->146496K(502784K)] 1529404K->1363725K(1901056K), 0.0521263 secs] [Times: user=0.31 sys=0.00, real=0.05 secs] 
3590.410: [Full GC (Ergonomics) [PSYoungGen: 146496K->0K(502784K)] [ParOldGen: 1217229K->169731K(1398272K)] 1363725K->169731K(1901056K), [Metaspace: 60254K->60254K(1105920K)], 0.3885669 secs] [Times: user=1.78 sys=0.00, real=0.39 secs] 
3593.807: [GC (Allocation Failure) [PSYoungGen: 310784K->106720K(500736K)] 480515K->276451K(1899008K), 0.0764045 secs] [Times: user=0.45 sys=0.00, real=0.07 secs] 
3596.301: [GC (Allocation Failure) [PSYoungGen: 419552K->144448K(502784K)] 589283K->418839K(1901056K), 0.0526366 secs] [Times: user=0.32 sys=0.00, real=0.05 secs] 
3598.481: [GC (Allocation Failure) [PSYoungGen: 457280K->107936K(502272K)] 731671K->517631K(1900544K), 0.1614235 secs] [Times: user=0.96 sys=0.00, real=0.16 secs] 
3601.135: [GC (Allocation Failure) [PSYoungGen: 425376K->148800K(504832K)] 835071K->663120K(1903104K), 0.0530726 secs] [Times: user=0.31 sys=0.00, real=0.06 secs] 
3603.221: [GC (Allocation Failure) [PSYoungGen: 466240K->104384K(508416K)] 980560K->758480K(1906688K), 0.1410973 secs] [Times: user=0.84 sys=0.00, real=0.14 secs] 
3605.143: [GC (Allocation Failure) [PSYoungGen: 424384K->154848K(475136K)] 1078480K->910261K(1873408K), 0.0536382 secs] [Times: user=0.32 sys=0.00, real=0.06 secs] 
3607.940: [GC (Allocation Failure) [PSYoungGen: 474848K->106592K(508928K)] 1230261K->1008125K(1907200K), 0.1705255 secs] [Times: user=1.02 sys=0.00, real=0.17 secs] 
3609.638: [GC (Allocation Failure) [PSYoungGen: 422496K->152800K(468992K)] 1324029K->1156674K(1867264K), 0.0529183 secs] [Times: user=0.31 sys=0.00, real=0.05 secs] 
3612.077: [GC (Allocation Failure) [PSYoungGen: 468704K->107680K(508416K)] 1472578K->1255510K(1906688K), 0.1493150 secs] [Times: user=0.89 sys=0.00, real=0.14 secs] 
3613.165: [GC (Allocation Failure) [PSYoungGen: 415740K->147840K(504832K)] 1563570K->1399255K(1903104K), 0.0523692 secs] [Times: user=0.31 sys=0.00, real=0.06 secs] 
3613.218: [Full GC (Ergonomics) [PSYoungGen: 147840K->0K(504832K)] [ParOldGen: 1251415K->197730K(1398272K)] 1399255K->197730K(1903104K), [Metaspace: 60376K->60376K(1105920K)], 0.4694279 secs] [Times: user=2.19 sys=0.00, real=0.47 secs] 
3616.512: [GC (Allocation Failure) [PSYoungGen: 314368K->107584K(504320K)] 512098K->305314K(1902592K), 0.0755867 secs] [Times: user=0.44 sys=0.00, real=0.08 secs] 
3617.375: [GC (Allocation Failure) [PSYoungGen: 408529K->144192K(505344K)] 606259K->445467K(1903616K), 0.0499185 secs] [Times: user=0.30 sys=0.00, real=0.05 secs] 
3620.091: [GC (Allocation Failure) [PSYoungGen: 460096K->106176K(504832K)] 761371K->542571K(1903104K), 0.1574439 secs] [Times: user=0.94 sys=0.00, real=0.16 secs] 
3620.865: [GC (Allocation Failure) [PSYoungGen: 425664K->187360K(506880K)] 862059K->728604K(1905152K), 0.0541519 secs] [Times: user=0.32 sys=0.00, real=0.06 secs] 
3625.413: [GC (Allocation Failure) [PSYoungGen: 506848K->93984K(424960K)] 1048092K->790068K(1823232K), 0.1603263 secs] [Times: user=0.96 sys=0.00, real=0.16 secs] 
3626.013: [GC (Allocation Failure) [PSYoungGen: 326944K->116032K(465920K)] 1023028K->900681K(1864192K), 0.0456725 secs] [Times: user=0.27 sys=0.00, real=0.05 secs] 
3627.108: [GC (Allocation Failure) [PSYoungGen: 348992K->86848K(464896K)] 1133641K->978949K(1863168K), 0.0560265 secs] [Times: user=0.33 sys=0.00, real=0.05 secs] 
3630.135: [GC (Allocation Failure) [PSYoungGen: 319808K->89664K(323072K)] 1211909K->1068537K(1721344K), 0.0714166 secs] [Times: user=0.42 sys=0.00, real=0.08 secs] 
3630.386: [GC (Allocation Failure) [PSYoungGen: 322624K->117472K(472064K)] 1301497K->1180550K(1870336K), 0.0511067 secs] [Times: user=0.30 sys=0.00, real=0.06 secs] 
3631.713: [GC (Allocation Failure) [PSYoungGen: 360672K->66048K(463360K)] 1423750K->1246694K(1861632K), 0.0737257 secs] [Times: user=0.44 sys=0.00, real=0.08 secs] 
3632.682: [GC (Allocation Failure) [PSYoungGen: 309248K->118176K(467456K)] 1489894K->1361318K(1865728K), 0.0402493 secs] [Times: user=0.24 sys=0.00, real=0.04 secs] 
3632.722: [Full GC (Ergonomics) [PSYoungGen: 118176K->0K(467456K)] [ParOldGen: 1243142K->158096K(1398272K)] 1361318K->158096K(1865728K), [Metaspace: 60376K->60376K(1105920K)], 0.3712525 secs] [Times: user=1.69 sys=0.00, real=0.37 secs] 
3634.120: [GC (Allocation Failure) [PSYoungGen: 258048K->105504K(468992K)] 416144K->263600K(1867264K), 0.0384683 secs] [Times: user=0.23 sys=0.00, real=0.04 secs] 
3636.789: [GC (Allocation Failure) [PSYoungGen: 358284K->93088K(483328K)] 516381K->356092K(1881600K), 0.0744588 secs] [Times: user=0.44 sys=0.00, real=0.07 secs] 
3637.129: [GC (Allocation Failure) [PSYoungGen: 376224K->139392K(482816K)] 639228K->489597K(1881088K), 0.0551144 secs] [Times: user=0.33 sys=0.00, real=0.05 secs] 
3640.497: [GC (Allocation Failure) [PSYoungGen: 422528K->80672K(495616K)] 772733K->569621K(1893888K), 0.1116145 secs] [Times: user=0.67 sys=0.00, real=0.11 secs] 
3640.889: [GC (Allocation Failure) [PSYoungGen: 379680K->150080K(449536K)] 868629K->713530K(1847808K), 0.0529190 secs] [Times: user=0.31 sys=0.00, real=0.05 secs] 
3643.798: [GC (Allocation Failure) [PSYoungGen: 449088K->87360K(499200K)] 1012538K->800946K(1897472K), 0.1430680 secs] [Times: user=0.85 sys=0.00, real=0.14 secs] 
3644.355: [GC (Allocation Failure) [PSYoungGen: 383296K->165088K(461312K)] 1096882K->960444K(1859584K), 0.0710235 secs] [Times: user=0.42 sys=0.00, real=0.07 secs] 
3646.863: [GC (Allocation Failure) [PSYoungGen: 461024K->87264K(492544K)] 1256380K->1031492K(1890816K), 0.1423751 secs] [Times: user=0.84 sys=0.01, real=0.14 secs] 
3647.237: [GC (Allocation Failure) [PSYoungGen: 358327K->135264K(418304K)] 1302555K->1161133K(1816576K), 0.0483228 secs] [Times: user=0.29 sys=0.00, real=0.04 secs] 
3650.028: [GC (Allocation Failure) [PSYoungGen: 417888K->89824K(490496K)] 1443757K->1242701K(1888768K), 0.1440092 secs] [Times: user=0.86 sys=0.01, real=0.14 secs] 
3650.840: [GC (Allocation Failure) [PSYoungGen: 376032K->137216K(486912K)] 1528909K->1377646K(1885184K), 0.0466817 secs] [Times: user=0.27 sys=0.00, real=0.05 secs] 
3650.887: [Full GC (Ergonomics) [PSYoungGen: 137216K->0K(486912K)] [ParOldGen: 1240430K->174771K(1398272K)] 1377646K->174771K(1885184K), [Metaspace: 60381K->60381K(1105920K)], 0.4149139 secs] [Times: user=1.91 sys=0.00, real=0.41 secs] 
3652.825: [GC (Allocation Failure) [PSYoungGen: 286208K->96384K(493056K)] 460979K->271155K(1891328K), 0.0872829 secs] [Times: user=0.52 sys=0.00, real=0.09 secs] 
3654.991: [GC (Allocation Failure) [PSYoungGen: 394368K->137216K(493568K)] 569139K->406160K(1891840K), 0.0493492 secs] [Times: user=0.29 sys=0.00, real=0.05 secs] 
3656.225: [GC (Allocation Failure) [PSYoungGen: 435200K->107584K(491008K)] 704144K->504212K(1889280K), 0.0716506 secs] [Times: user=0.43 sys=0.00, real=0.08 secs] 
3658.270: [GC (Allocation Failure) [PSYoungGen: 415296K->138080K(497152K)] 811924K->640609K(1895424K), 0.0517395 secs] [Times: user=0.31 sys=0.00, real=0.05 secs] 
3659.547: [GC (Allocation Failure) [PSYoungGen: 445792K->112192K(498176K)] 948321K->743249K(1896448K), 0.0823459 secs] [Times: user=0.49 sys=0.00, real=0.08 secs] 
3661.809: [GC (Allocation Failure) [PSYoungGen: 431168K->144800K(503296K)] 1062225K->886278K(1901568K), 0.0545987 secs] [Times: user=0.33 sys=0.00, real=0.05 secs] 
3663.445: [GC (Allocation Failure) [PSYoungGen: 463776K->113632K(507392K)] 1205254K->990402K(1905664K), 0.1425169 secs] [Times: user=0.85 sys=0.00, real=0.15 secs] 
3665.314: [GC (Allocation Failure) [PSYoungGen: 440800K->153344K(509440K)] 1317570K->1141455K(1907712K), 0.0557101 secs] [Times: user=0.33 sys=0.00, real=0.06 secs] 
3667.546: [GC (Allocation Failure) [PSYoungGen: 480512K->113024K(512000K)] 1468623K->1245731K(1910272K), 0.1805671 secs] [Times: user=1.07 sys=0.00, real=0.19 secs] 
3669.240: [GC (Allocation Failure) [PSYoungGen: 434770K->156352K(483328K)] 1567477K->1398724K(1881600K), 0.0584429 secs] [Times: user=0.35 sys=0.00, real=0.06 secs] 
3669.298: [Full GC (Ergonomics) [PSYoungGen: 156352K->0K(483328K)] [ParOldGen: 1242371K->196824K(1398272K)] 1398724K->196824K(1881600K), [Metaspace: 60393K->60393K(1105920K)], 0.4697645 secs] [Times: user=2.18 sys=0.00, real=0.47 secs] 
3673.059: [GC (Allocation Failure) [PSYoungGen: 326656K->108512K(512512K)] 523480K->305336K(1910784K), 0.0799380 secs] [Times: user=0.48 sys=0.00, real=0.08 secs] 
3673.867: [GC (Allocation Failure) [PSYoungGen: 431072K->154624K(477696K)] 627896K->456033K(1875968K), 0.0515133 secs] [Times: user=0.31 sys=0.00, real=0.05 secs] 
3677.976: [GC (Allocation Failure) [PSYoungGen: 477184K->97824K(508416K)] 778593K->553557K(1906688K), 0.1587078 secs] [Times: user=0.94 sys=0.00, real=0.16 secs] 
3678.417: [GC (Allocation Failure) [PSYoungGen: 414752K->157504K(474624K)] 870485K->705406K(1872896K), 0.0565388 secs] [Times: user=0.34 sys=0.00, real=0.05 secs] 
3681.504: [GC (Allocation Failure) [PSYoungGen: 474432K->96192K(504320K)] 1022334K->801354K(1902592K), 0.1185572 secs] [Times: user=0.71 sys=0.00, real=0.12 secs] 
3681.923: [GC (Allocation Failure) [PSYoungGen: 404416K->154912K(463360K)] 1109578K->950379K(1861632K), 0.0564220 secs] [Times: user=0.34 sys=0.00, real=0.06 secs] 
3684.284: [GC (Allocation Failure) [PSYoungGen: 463136K->97824K(502272K)] 1258603K->1048147K(1900544K), 0.1191906 secs] [Times: user=0.71 sys=0.00, real=0.12 secs] 
3684.634: [GC (Allocation Failure) [PSYoungGen: 401440K->151136K(455168K)] 1351763K->1193748K(1853440K), 0.0579898 secs] [Times: user=0.35 sys=0.00, real=0.06 secs] 
3688.038: [GC (Allocation Failure) [PSYoungGen: 454752K->90752K(500736K)] 1497364K->1284264K(1899008K), 0.1257253 secs] [Times: user=0.74 sys=0.00, real=0.12 secs] 
3688.400: [GC (Allocation Failure) [PSYoungGen: 392320K->151584K(453632K)] 1585832K->1429729K(1851904K), 0.0558398 secs] [Times: user=0.34 sys=0.00, real=0.05 secs] 
3688.456: [Full GC (Ergonomics) [PSYoungGen: 151584K->0K(453632K)] [ParOldGen: 1278145K->227568K(1398272K)] 1429729K->227568K(1851904K), [Metaspace: 60405K->60405K(1105920K)], 0.5439432 secs] [Times: user=2.56 sys=0.00, real=0.55 secs] 
3692.565: [GC (Allocation Failure) [PSYoungGen: 301568K->86272K(498176K)] 529136K->313840K(1896448K), 0.0850508 secs] [Times: user=0.50 sys=0.00, real=0.09 secs] 
3692.922: [GC (Allocation Failure) [PSYoungGen: 383232K->149088K(446464K)] 610800K->457233K(1844736K), 0.0528767 secs] [Times: user=0.31 sys=0.01, real=0.05 secs] 
3696.463: [GC (Allocation Failure) [PSYoungGen: 446048K->85472K(497152K)] 754193K->542809K(1895424K), 0.1613532 secs] [Times: user=0.97 sys=0.00, real=0.16 secs] 
3697.014: [GC (Allocation Failure) [PSYoungGen: 379872K->147616K(442368K)] 837209K->684926K(1840640K), 0.0523671 secs] [Times: user=0.31 sys=0.00, real=0.06 secs] 
3699.329: [GC (GCLocker Initiated GC) [PSYoungGen: 442016K->85888K(497152K)] 979326K->770986K(1895424K), 0.1588893 secs] [Times: user=0.95 sys=0.00, real=0.16 secs] 
3700.097: [GC (Allocation Failure) [PSYoungGen: 379776K->145248K(495616K)] 1064877K->912814K(1893888K), 0.0486787 secs] [Times: user=0.29 sys=0.00, real=0.04 secs] 
3702.866: [GC (Allocation Failure) [PSYoungGen: 439136K->95232K(491520K)] 1206702K->1000006K(1889792K), 0.1714954 secs] [Times: user=1.01 sys=0.01, real=0.18 secs] 
3704.133: [GC (Allocation Failure) [PSYoungGen: 389120K->141376K(493568K)] 1293894K->1137671K(1891840K), 0.0477437 secs] [Times: user=0.28 sys=0.00, real=0.05 secs] 
3705.792: [GC (Allocation Failure) [PSYoungGen: 435264K->100640K(491008K)] 1431559K->1229471K(1889280K), 0.1464331 secs] [Times: user=0.87 sys=0.00, real=0.15 secs] 
3707.504: [GC (GCLocker Initiated GC) [PSYoungGen: 400160K->138368K(495104K)] 1528992K->1365173K(1893376K), 0.0511739 secs] [Times: user=0.30 sys=0.00, real=0.05 secs] 
3707.555: [Full GC (Ergonomics) [PSYoungGen: 138368K->0K(495104K)] [ParOldGen: 1226805K->169900K(1398272K)] 1365173K->169900K(1893376K), [Metaspace: 60412K->60412K(1105920K)], 0.3998594 secs] [Times: user=1.86 sys=0.00, real=0.40 secs] 
3709.324: [GC (Allocation Failure) [PSYoungGen: 299520K->105056K(493568K)] 469422K->274958K(1891840K), 0.0587051 secs] [Times: user=0.35 sys=0.01, real=0.06 secs] 
3711.598: [GC (Allocation Failure) [PSYoungGen: 413280K->143328K(498688K)] 583182K->416183K(1896960K), 0.0525538 secs] [Times: user=0.31 sys=0.00, real=0.05 secs] 
3713.178: [GC (Allocation Failure) [PSYoungGen: 451552K->106720K(501760K)] 724407K->513495K(1900032K), 0.1329104 secs] [Times: user=0.79 sys=0.00, real=0.13 secs] 
3715.567: [GC (Allocation Failure) [PSYoungGen: 423136K->147744K(504320K)] 829911K->658300K(1902592K), 0.0527637 secs] [Times: user=0.31 sys=0.00, real=0.05 secs] 
3717.057: [GC (Allocation Failure) [PSYoungGen: 464160K->111936K(504832K)] 974716K->760516K(1903104K), 0.1066746 secs] [Times: user=0.63 sys=0.00, real=0.10 secs] 
3718.452: [GC (Allocation Failure) [PSYoungGen: 431936K->152448K(506368K)] 1080516K->910089K(1904640K), 0.0543099 secs] [Times: user=0.32 sys=0.00, real=0.06 secs] 
3720.930: [GC (Allocation Failure) [PSYoungGen: 472448K->107040K(508928K)] 1230089K->1008041K(1907200K), 0.1611373 secs] [Times: user=0.96 sys=0.01, real=0.16 secs] 
3721.532: [GC (Allocation Failure) [PSYoungGen: 427552K->156064K(476672K)] 1328553K->1160558K(1874944K), 0.0538303 secs] [Times: user=0.32 sys=0.00, real=0.05 secs] 
3724.641: [GC (Allocation Failure) [PSYoungGen: 476576K->106432K(508928K)] 1481070K->1258286K(1907200K), 0.1488951 secs] [Times: user=0.88 sys=0.01, real=0.15 secs] 
3725.393: [GC (Allocation Failure) [PSYoungGen: 421824K->170016K(485888K)] 1573678K->1424054K(1884160K), 0.0534101 secs] [Times: user=0.32 sys=0.00, real=0.06 secs] 
3725.447: [Full GC (Ergonomics) [PSYoungGen: 170016K->0K(485888K)] [ParOldGen: 1254038K->205395K(1398272K)] 1424054K->205395K(1884160K), [Metaspace: 60413K->60413K(1105920K)], 0.4776349 secs] [Times: user=2.24 sys=0.00, real=0.47 secs] 
3728.636: [GC (Allocation Failure) [PSYoungGen: 315243K->95936K(499712K)] 520639K->301331K(1897984K), 0.1832023 secs] [Times: user=1.09 sys=0.00, real=0.18 secs] 
3729.084: [GC (Allocation Failure) [PSYoungGen: 381903K->138016K(437760K)] 587299K->435984K(1836032K), 0.0491679 secs] [Times: user=0.29 sys=0.00, real=0.05 secs] 
3731.981: [GC (Allocation Failure) [PSYoungGen: 437536K->96928K(497152K)] 735504K->524504K(1895424K), 0.1440632 secs] [Times: user=0.85 sys=0.00, real=0.14 secs] 
3733.054: [GC (Allocation Failure) [PSYoungGen: 397984K->146784K(495616K)] 825560K->667221K(1893888K), 0.0479973 secs] [Times: user=0.28 sys=0.00, real=0.05 secs] 
3735.220: [GC (Allocation Failure) [PSYoungGen: 447840K->99424K(501248K)] 968277K->757937K(1899520K), 0.1635056 secs] [Times: user=0.97 sys=0.00, real=0.16 secs] 
3736.925: [GC (Allocation Failure) [PSYoungGen: 408160K->157344K(466432K)] 1066673K->911262K(1864704K), 0.0508356 secs] [Times: user=0.30 sys=0.00, real=0.05 secs] 
3739.231: [GC (Allocation Failure) [PSYoungGen: 466080K->102752K(502784K)] 1219998K->996766K(1901056K), 0.1509252 secs] [Times: user=0.90 sys=0.01, real=0.15 secs] 
3741.603: [GC (Allocation Failure) [PSYoungGen: 406368K->148128K(499712K)] 1300382K->1140843K(1897984K), 0.0518962 secs] [Times: user=0.31 sys=0.00, real=0.05 secs] 
3743.962: [GC (Allocation Failure) [PSYoungGen: 451744K->103200K(498176K)] 1444459K->1235727K(1896448K), 0.1640958 secs] [Times: user=0.98 sys=0.00, real=0.17 secs] 
3746.122: [GC (Allocation Failure) [PSYoungGen: 408352K->144960K(499712K)] 1540879K->1377111K(1897984K), 0.0515998 secs] [Times: user=0.31 sys=0.00, real=0.05 secs] 
3746.173: [Full GC (Ergonomics) [PSYoungGen: 144960K->0K(499712K)] [ParOldGen: 1232151K->182910K(1398272K)] 1377111K->182910K(1897984K), [Metaspace: 60413K->60413K(1105920K)], 0.4327771 secs] [Times: user=2.00 sys=0.00, real=0.43 secs] 
3748.368: [GC (Allocation Failure) [PSYoungGen: 305152K->101376K(499712K)] 488062K->284286K(1897984K), 0.0950521 secs] [Times: user=0.56 sys=0.00, real=0.09 secs] 
3749.749: [GC (Allocation Failure) [PSYoungGen: 410624K->149888K(501760K)] 593534K->431155K(1900032K), 0.0508754 secs] [Times: user=0.30 sys=0.01, real=0.05 secs] 
3751.913: [GC (Allocation Failure) [PSYoungGen: 459136K->105504K(502784K)] 740403K->528367K(1901056K), 0.1477908 secs] [Times: user=0.88 sys=0.00, real=0.15 secs] 
3754.301: [GC (Allocation Failure) [PSYoungGen: 416800K->147136K(503296K)] 839663K->671976K(1901568K), 0.0515869 secs] [Times: user=0.31 sys=0.00, real=0.05 secs] 
3756.189: [GC (Allocation Failure) [PSYoungGen: 458432K->106688K(502272K)] 983272K->769472K(1900544K), 0.1197303 secs] [Times: user=0.72 sys=0.00, real=0.12 secs] 
3757.597: [GC (Allocation Failure) [PSYoungGen: 420032K->151104K(503808K)] 1082816K->916696K(1902080K), 0.0517987 secs] [Times: user=0.31 sys=0.00, real=0.05 secs] 
3760.948: [GC (Allocation Failure) [PSYoungGen: 464448K->103968K(505856K)] 1230040K->1011409K(1904128K), 0.1747165 secs] [Times: user=1.01 sys=0.00, real=0.17 secs] 
3762.564: [GC (Allocation Failure) [PSYoungGen: 418336K->153152K(467968K)] 1325777K->1160778K(1866240K), 0.0517249 secs] [Times: user=0.31 sys=0.00, real=0.05 secs] 
3765.077: [GC (Allocation Failure) [PSYoungGen: 467520K->104480K(506880K)] 1475146K->1256962K(1905152K), 0.1388773 secs] [Times: user=0.83 sys=0.00, real=0.13 secs] 
3766.727: [GC (Allocation Failure) [PSYoungGen: 406357K->146304K(503808K)] 1558840K->1399811K(1902080K), 0.1004432 secs] [Times: user=0.60 sys=0.00, real=0.10 secs] 
3766.828: [Full GC (Ergonomics) [PSYoungGen: 146304K->0K(503808K)] [ParOldGen: 1253507K->197521K(1398272K)] 1399811K->197521K(1902080K), [Metaspace: 60413K->60413K(1105920K)], 0.5060370 secs] [Times: user=2.39 sys=0.00, real=0.50 secs] 
3770.043: [GC (Allocation Failure) [PSYoungGen: 311808K->102816K(504832K)] 509329K->300337K(1903104K), 0.0845449 secs] [Times: user=0.50 sys=0.00, real=0.09 secs] 
3771.256: [GC (Allocation Failure) [PSYoungGen: 411294K->148352K(504832K)] 608816K->444902K(1903104K), 0.0667978 secs] [Times: user=0.38 sys=0.00, real=0.07 secs] 
3773.425: [GC (Allocation Failure) [PSYoungGen: 462208K->107360K(503808K)] 758758K->543734K(1902080K), 0.1519403 secs] [Times: user=0.91 sys=0.00, real=0.16 secs] 
3774.770: [GC (Allocation Failure) [PSYoungGen: 406766K->142656K(504832K)] 843141K->683323K(1903104K), 0.1356728 secs] [Times: user=0.81 sys=0.00, real=0.13 secs] 
3777.661: [GC (Allocation Failure) [PSYoungGen: 457536K->105088K(503808K)] 998203K->780019K(1902080K), 0.1531935 secs] [Times: user=0.91 sys=0.00, real=0.15 secs] 
3778.213: [GC (Allocation Failure) [PSYoungGen: 424064K->154496K(506368K)] 1098995K->931420K(1904640K), 0.0520581 secs] [Times: user=0.31 sys=0.00, real=0.05 secs] 
3780.759: [GC (Allocation Failure) [PSYoungGen: 473472K->100064K(508416K)] 1250396K->1031352K(1906688K), 0.1188658 secs] [Times: user=0.71 sys=0.00, real=0.12 secs] 
3781.464: [GC (Allocation Failure) [PSYoungGen: 416480K->157248K(474112K)] 1347768K->1183126K(1872384K), 0.0856096 secs] [Times: user=0.50 sys=0.00, real=0.09 secs] 
3786.817: [GC (Allocation Failure) [PSYoungGen: 473664K->90688K(503296K)] 1499542K->1273822K(1901568K), 0.1479718 secs] [Times: user=0.88 sys=0.00, real=0.14 secs] 
3787.251: [GC (Allocation Failure) [PSYoungGen: 398400K->170912K(478720K)] 1581534K->1439053K(1876992K), 0.0555294 secs] [Times: user=0.33 sys=0.00, real=0.06 secs] 
3787.306: [Full GC (Ergonomics) [PSYoungGen: 170912K->0K(478720K)] [ParOldGen: 1268141K->219594K(1398272K)] 1439053K->219594K(1876992K), [Metaspace: 60414K->60414K(1105920K)], 0.5184934 secs] [Times: user=2.44 sys=0.00, real=0.51 secs] 
3790.081: [GC (GCLocker Initiated GC) [PSYoungGen: 307712K->94304K(495104K)] 527306K->313898K(1893376K), 0.0961274 secs] [Times: user=0.56 sys=0.00, real=0.10 secs] 
3790.460: [GC (Allocation Failure) [PSYoungGen: 384096K->160672K(450560K)] 603725K->469066K(1848832K), 0.0539684 secs] [Times: user=0.32 sys=0.00, real=0.05 secs] 
3794.403: [GC (Allocation Failure) [PSYoungGen: 450464K->84640K(490496K)] 758858K->536926K(1888768K), 0.1589305 secs] [Times: user=0.95 sys=0.00, real=0.16 secs] 
3795.495: [GC (Allocation Failure) [PSYoungGen: 366240K->135232K(417280K)] 818526K->668695K(1815552K), 0.0466936 secs] [Times: user=0.28 sys=0.01, real=0.05 secs] 
3797.280: [GC (Allocation Failure) [PSYoungGen: 416832K->94144K(488448K)] 950295K->754227K(1886720K), 0.1588877 secs] [Times: user=0.94 sys=0.00, real=0.16 secs] 
3798.404: [GC (Allocation Failure) [PSYoungGen: 378304K->135360K(485888K)] 1038387K->886252K(1884160K), 0.0475462 secs] [Times: user=0.29 sys=0.00, real=0.05 secs] 
3799.929: [GC (Allocation Failure) [PSYoungGen: 419520K->97632K(494080K)] 1170412K->974740K(1892352K), 0.1273538 secs] [Times: user=0.76 sys=0.00, real=0.13 secs] 
3802.765: [GC (Allocation Failure) [PSYoungGen: 393568K->133248K(491520K)] 1270676K->1106053K(1889792K), 0.0504443 secs] [Times: user=0.30 sys=0.00, real=0.05 secs] 
3804.000: [GC (Allocation Failure) [PSYoungGen: 429184K->112928K(498176K)] 1401989K->1209497K(1896448K), 0.0650251 secs] [Times: user=0.39 sys=0.00, real=0.06 secs] 
3805.701: [GC (Allocation Failure) [PSYoungGen: 423200K->133376K(497664K)] 1519769K->1341517K(1895936K), 0.0552134 secs] [Times: user=0.32 sys=0.00, real=0.05 secs] 
3806.910: [GC (Allocation Failure) [PSYoungGen: 443648K->2880K(485376K)] 1651789K->1211181K(1883648K), 0.0038250 secs] [Times: user=0.02 sys=0.01, real=0.00 secs] 
3810.294: [GC (Allocation Failure) [PSYoungGen: 303424K->131008K(499712K)] 1511725K->1340409K(1897984K), 0.0341935 secs] [Times: user=0.19 sys=0.01, real=0.04 secs] 
3810.328: [Full GC (Ergonomics) [PSYoungGen: 131008K->0K(499712K)] [ParOldGen: 1209401K->147076K(1398272K)] 1340409K->147076K(1897984K), [Metaspace: 60414K->60414K(1105920K)], 0.3417113 secs] [Times: user=1.57 sys=0.00, real=0.34 secs] 
3811.756: [GC (Allocation Failure) [PSYoungGen: 300544K->115904K(483328K)] 447620K->262980K(1881600K), 0.0409113 secs] [Times: user=0.24 sys=0.00, real=0.05 secs] 
3813.475: [GC (Allocation Failure) [PSYoungGen: 417472K->125024K(492032K)] 564548K->388060K(1890304K), 0.0617404 secs] [Times: user=0.37 sys=0.00, real=0.07 secs] 
3814.704: [GC (Allocation Failure) [PSYoungGen: 426592K->123200K(497152K)] 689628K->500761K(1895424K), 0.0621672 secs] [Times: user=0.36 sys=0.00, real=0.07 secs] 
3817.312: [GC (Allocation Failure) [PSYoungGen: 444224K->131296K(504320K)] 821785K->632241K(1902592K), 0.0617718 secs] [Times: user=0.37 sys=0.00, real=0.06 secs] 
3818.651: [GC (Allocation Failure) [PSYoungGen: 452320K->3552K(491008K)] 953265K->504641K(1889280K), 0.0024689 secs] [Times: user=0.02 sys=0.00, real=0.00 secs] 
3820.818: [GC (Allocation Failure) [PSYoungGen: 312288K->137920K(446976K)] 813377K->640802K(1845248K), 0.0277896 secs] [Times: user=0.17 sys=0.00, real=0.02 secs] 
3822.228: [GC (Allocation Failure) [PSYoungGen: 446656K->112384K(508416K)] 949538K->743910K(1906688K), 0.1114983 secs] [Times: user=0.67 sys=0.00, real=0.11 secs] 
3825.646: [GC (Allocation Failure) [PSYoungGen: 422656K->139616K(500736K)] 1054182K->881562K(1899008K), 0.0564382 secs] [Times: user=0.34 sys=0.00, real=0.06 secs] 
3827.044: [GC (Allocation Failure) [PSYoungGen: 449888K->111392K(496128K)] 1191834K->983842K(1894400K), 0.1081254 secs] [Times: user=0.64 sys=0.00, real=0.11 secs] 
3829.176: [GC (Allocation Failure) [PSYoungGen: 425728K->143616K(500224K)] 1298179K->1125839K(1898496K), 0.0536175 secs] [Times: user=0.31 sys=0.00, real=0.06 secs] 
3830.599: [GC (Allocation Failure) [PSYoungGen: 457984K->112192K(503808K)] 1440207K->1228751K(1902080K), 0.0937293 secs] [Times: user=0.55 sys=0.00, real=0.09 secs] 
3832.817: [GC (Allocation Failure) [PSYoungGen: 435264K->147552K(506368K)] 1551823K->1374124K(1904640K), 0.0554423 secs] [Times: user=0.33 sys=0.01, real=0.05 secs] 
3832.872: [Full GC (Ergonomics) [PSYoungGen: 147552K->0K(506368K)] [ParOldGen: 1226572K->172204K(1398272K)] 1374124K->172204K(1904640K), [Metaspace: 60416K->60416K(1105920K)], 0.4056666 secs] [Times: user=1.81 sys=0.00, real=0.41 secs] 
3835.434: [GC (Allocation Failure) [PSYoungGen: 323072K->114112K(508416K)] 495276K->286316K(1906688K), 0.0907447 secs] [Times: user=0.53 sys=0.01, real=0.09 secs] 
3836.733: [GC (Allocation Failure) [PSYoungGen: 441280K->155072K(509440K)] 613484K->438165K(1907712K), 0.0559564 secs] [Times: user=0.33 sys=0.00, real=0.06 secs] 
3839.607: [GC (Allocation Failure) [PSYoungGen: 482240K->113312K(511488K)] 765333K->542405K(1909760K), 0.1666495 secs] [Times: user=0.99 sys=0.00, real=0.16 secs] 
3840.233: [GC (Allocation Failure) [PSYoungGen: 438432K->157632K(482816K)] 867525K->696422K(1881088K), 0.0546233 secs] [Times: user=0.32 sys=0.00, real=0.06 secs] 
3843.253: [GC (Allocation Failure) [PSYoungGen: 482752K->99840K(509952K)] 1021542K->796314K(1908224K), 0.1506774 secs] [Times: user=0.86 sys=0.00, real=0.15 secs] 
3843.684: [GC (GCLocker Initiated GC) [PSYoungGen: 418304K->158048K(476672K)] 1114778K->948503K(1874944K), 0.0563256 secs] [Times: user=0.33 sys=0.00, real=0.06 secs] 
3847.969: [GC (Allocation Failure) [PSYoungGen: 476512K->95360K(504832K)] 1267015K->1043579K(1903104K), 0.1428802 secs] [Times: user=0.85 sys=0.00, real=0.14 secs] 
3848.360: [GC (Allocation Failure) [PSYoungGen: 404608K->153696K(463360K)] 1352827K->1191664K(1861632K), 0.0561230 secs] [Times: user=0.33 sys=0.01, real=0.06 secs] 
3852.871: [GC (Allocation Failure) [PSYoungGen: 462944K->91520K(502272K)] 1500912K->1283076K(1900544K), 0.1406741 secs] [Times: user=0.84 sys=0.00, real=0.14 secs] 
3853.012: [Full GC (Ergonomics) [PSYoungGen: 91520K->0K(502272K)] [ParOldGen: 1191556K->82365K(1398272K)] 1283076K->82365K(1900544K), [Metaspace: 60416K->60416K(1105920K)], 0.2078589 secs] [Times: user=0.97 sys=0.00, real=0.21 secs] 
3853.434: [GC (Allocation Failure) [PSYoungGen: 304128K->152896K(457216K)] 386493K->235261K(1855488K), 0.0330374 secs] [Times: user=0.19 sys=0.00, real=0.04 secs] 
3857.540: [GC (Allocation Failure) [PSYoungGen: 457024K->86304K(499200K)] 539389K->321813K(1897472K), 0.1523075 secs] [Times: user=0.91 sys=0.00, real=0.15 secs] 
3857.962: [GC (Allocation Failure) [PSYoungGen: 384800K->150144K(449024K)] 620309K->466354K(1847296K), 0.0531034 secs] [Times: user=0.31 sys=0.01, real=0.05 secs] 
3859.833: [GC (Allocation Failure) [PSYoungGen: 448640K->89760K(498176K)] 764850K->556238K(1896448K), 0.1459793 secs] [Times: user=0.86 sys=0.00, real=0.15 secs] 
3860.990: [GC (Allocation Failure) [PSYoungGen: 385184K->144672K(496128K)] 851662K->695031K(1894400K), 0.1485516 secs] [Times: user=0.89 sys=0.01, real=0.15 secs] 
3863.503: [GC (Allocation Failure) [PSYoungGen: 440096K->89888K(495104K)] 990455K->784607K(1893376K), 0.1068999 secs] [Times: user=0.64 sys=0.00, real=0.11 secs] 
3864.079: [GC (Allocation Failure) [PSYoungGen: 377658K->138240K(496128K)] 1072377K->919488K(1894400K), 0.0482529 secs] [Times: user=0.28 sys=0.00, real=0.05 secs] 
3866.825: [GC (Allocation Failure) [PSYoungGen: 434688K->97280K(492544K)] 1215936K->1008128K(1890816K), 0.0732243 secs] [Times: user=0.44 sys=0.00, real=0.08 secs] 
3867.542: [GC (Allocation Failure) [PSYoungGen: 398336K->144832K(495616K)] 1309184K->1150341K(1893888K), 0.0510809 secs] [Times: user=0.31 sys=0.00, real=0.05 secs] 
3870.937: [GC (Allocation Failure) [PSYoungGen: 445888K->97280K(500224K)] 1451397K->1239533K(1898496K), 0.1663052 secs] [Times: user=0.99 sys=0.00, real=0.16 secs] 
3872.394: [GC (Allocation Failure) [PSYoungGen: 404992K->146272K(501248K)] 1547245K->1382850K(1899520K), 0.0499233 secs] [Times: user=0.29 sys=0.00, real=0.05 secs] 
3872.444: [Full GC (Ergonomics) [PSYoungGen: 146272K->0K(501248K)] [ParOldGen: 1236578K->182771K(1398272K)] 1382850K->182771K(1899520K), [Metaspace: 60429K->60429K(1105920K)], 0.4275302 secs] [Times: user=1.98 sys=0.00, real=0.43 secs] 
3875.280: [GC (Allocation Failure) [PSYoungGen: 307712K->102912K(499712K)] 490483K->285683K(1897984K), 0.0992078 secs] [Times: user=0.58 sys=0.00, real=0.10 secs] 
3876.741: [GC (Allocation Failure) [PSYoungGen: 412160K->149216K(501248K)] 594931K->431264K(1899520K), 0.0509160 secs] [Times: user=0.31 sys=0.00, real=0.05 secs] 
3879.026: [GC (Allocation Failure) [PSYoungGen: 458464K->103648K(502272K)] 740512K->526088K(1900544K), 0.1600180 secs] [Times: user=0.96 sys=0.00, real=0.16 secs] 
3880.530: [GC (Allocation Failure) [PSYoungGen: 414944K->149120K(502784K)] 837384K->672107K(1901056K), 0.0517088 secs] [Times: user=0.31 sys=0.00, real=0.05 secs] 
3883.149: [GC (Allocation Failure) [PSYoungGen: 460416K->105760K(502784K)] 983403K->768703K(1901056K), 0.1588301 secs] [Times: user=0.95 sys=0.00, real=0.16 secs] 
3884.120: [GC (Allocation Failure) [PSYoungGen: 418080K->151744K(503296K)] 1081023K->917088K(1901568K), 0.0517078 secs] [Times: user=0.31 sys=0.00, real=0.05 secs] 
3887.467: [GC (Allocation Failure) [PSYoungGen: 464064K->102912K(504832K)] 1229408K->1011696K(1903104K), 0.1611485 secs] [Times: user=0.96 sys=0.00, real=0.16 secs] 
3889.530: [GC (Allocation Failure) [PSYoungGen: 414720K->148160K(503808K)] 1323504K->1156341K(1902080K), 0.0510177 secs] [Times: user=0.30 sys=0.00, real=0.05 secs] 
3891.510: [GC (Allocation Failure) [PSYoungGen: 459968K->106240K(501248K)] 1468149K->1253981K(1899520K), 0.1614881 secs] [Times: user=0.96 sys=0.00, real=0.16 secs] 
3892.213: [GC (Allocation Failure) [PSYoungGen: 413445K->148928K(502784K)] 1561187K->1399650K(1901056K), 0.0523304 secs] [Times: user=0.31 sys=0.01, real=0.05 secs] 
3892.265: [Full GC (Ergonomics) [PSYoungGen: 148928K->0K(502784K)] [ParOldGen: 1250722K->197160K(1398272K)] 1399650K->197160K(1901056K), [Metaspace: 60437K->60437K(1105920K)], 0.4678903 secs] [Times: user=2.18 sys=0.00, real=0.47 secs] 
3896.701: [GC (Allocation Failure) [PSYoungGen: 312320K->101792K(505856K)] 509480K->298952K(1904128K), 0.0940023 secs] [Times: user=0.55 sys=0.00, real=0.09 secs] 
3897.999: [GC (Allocation Failure) [PSYoungGen: 414556K->149792K(464384K)] 611716K->444878K(1862656K), 0.0488735 secs] [Times: user=0.29 sys=0.00, real=0.05 secs] 
3899.832: [GC (Allocation Failure) [PSYoungGen: 464160K->108096K(508928K)] 759246K->544578K(1907200K), 0.1567578 secs] [Times: user=0.93 sys=0.01, real=0.16 secs] 
3900.571: [GC (Allocation Failure) [PSYoungGen: 422976K->152160K(504832K)] 859458K->693234K(1903104K), 0.0516895 secs] [Times: user=0.30 sys=0.00, real=0.05 secs] 
3905.351: [GC (Allocation Failure) [PSYoungGen: 467040K->91520K(505344K)] 1008114K->784427K(1903616K), 0.1593109 secs] [Times: user=0.95 sys=0.00, real=0.16 secs] 
3906.629: [GC (Allocation Failure) [PSYoungGen: 402816K->152224K(463872K)] 1095723K->933011K(1862144K), 0.0541413 secs] [Times: user=0.32 sys=0.00, real=0.05 secs] 
3909.240: [GC (Allocation Failure) [PSYoungGen: 463520K->92832K(503296K)] 1244307K->1025731K(1901568K), 0.1459798 secs] [Times: user=0.87 sys=0.01, real=0.14 secs] 
3909.751: [GC (Allocation Failure) [PSYoungGen: 399008K->150496K(456704K)] 1331907K->1172388K(1854976K), 0.0545232 secs] [Times: user=0.32 sys=0.00, real=0.05 secs] 
3912.384: [GC (Allocation Failure) [PSYoungGen: 452711K->93408K(502272K)] 1474604K->1265676K(1900544K), 0.1541565 secs] [Times: user=0.92 sys=0.00, real=0.16 secs] 
3912.814: [GC (Allocation Failure) [PSYoungGen: 397024K->165792K(469504K)] 1569292K->1427982K(1867776K), 0.0544427 secs] [Times: user=0.33 sys=0.00, real=0.06 secs] 
3912.868: [Full GC (Ergonomics) [PSYoungGen: 165792K->0K(469504K)] [ParOldGen: 1262190K->208199K(1398272K)] 1427982K->208199K(1867776K), [Metaspace: 60446K->60446K(1105920K)], 0.4733776 secs] [Times: user=2.19 sys=0.00, real=0.47 secs] 
3917.819: [GC (Allocation Failure) [PSYoungGen: 303616K->86912K(494592K)] 511815K->295111K(1892864K), 0.1648914 secs] [Times: user=0.99 sys=0.00, real=0.16 secs] 
3919.116: [GC (Allocation Failure) [PSYoungGen: 376192K->141120K(430592K)] 584391K->432384K(1828864K), 0.0471088 secs] [Times: user=0.28 sys=0.00, real=0.05 secs] 
3921.281: [GC (Allocation Failure) [PSYoungGen: 430400K->96288K(494592K)] 721664K->519888K(1892864K), 0.1581073 secs] [Times: user=0.94 sys=0.00, real=0.16 secs] 
3922.839: [GC (Allocation Failure) [PSYoungGen: 388128K->139840K(492032K)] 811728K->655417K(1890304K), 0.0471864 secs] [Times: user=0.28 sys=0.00, real=0.05 secs] 
3925.023: [GC (Allocation Failure) [PSYoungGen: 431680K->97056K(496128K)] 947257K->743061K(1894400K), 0.1711476 secs] [Times: user=1.00 sys=0.02, real=0.17 secs] 
3927.142: [GC (Allocation Failure) [PSYoungGen: 395552K->139424K(494592K)] 1041557K->880343K(1892864K), 0.0493190 secs] [Times: user=0.29 sys=0.00, real=0.05 secs] 
3928.399: [GC (Allocation Failure) [PSYoungGen: 437920K->105632K(497152K)] 1178839K->977007K(1895424K), 0.0790190 secs] [Times: user=0.47 sys=0.00, real=0.08 secs] 
3930.560: [GC (Allocation Failure) [PSYoungGen: 413344K->141536K(498688K)] 1284719K->1116531K(1896960K), 0.0528228 secs] [Times: user=0.31 sys=0.00, real=0.05 secs] 
3932.156: [GC (Allocation Failure) [PSYoungGen: 449248K->109792K(499200K)] 1424243K->1216532K(1897472K), 0.1461143 secs] [Times: user=0.87 sys=0.00, real=0.15 secs] 
3934.574: [GC (Allocation Failure) [PSYoungGen: 426208K->145472K(503296K)] 1532948K->1359864K(1901568K), 0.0536157 secs] [Times: user=0.32 sys=0.00, real=0.06 secs] 
3936.117: [GC (Allocation Failure) [PSYoungGen: 461888K->112032K(505344K)] 1676280K->1462576K(1903616K), 0.1157966 secs] [Times: user=0.65 sys=0.03, real=0.11 secs] 
3936.233: [Full GC (Ergonomics) [PSYoungGen: 112032K->0K(505344K)] [ParOldGen: 1350544K->31049K(1398272K)] 1462576K->31049K(1903616K), [Metaspace: 60461K->60461K(1105920K)], 0.0705345 secs] [Times: user=0.24 sys=0.00, real=0.07 secs] 
3938.277: [GC (Allocation Failure) [PSYoungGen: 322560K->151200K(507392K)] 353609K->182249K(1905664K), 0.0296057 secs] [Times: user=0.17 sys=0.00, real=0.02 secs] 
3940.893: [GC (Allocation Failure) [PSYoungGen: 473760K->111680K(510464K)] 504809K->284769K(1908736K), 0.1575421 secs] [Times: user=0.94 sys=0.00, real=0.16 secs] 
3942.020: [GC (Allocation Failure) [PSYoungGen: 436288K->156128K(480768K)] 609377K->437418K(1879040K), 0.0535396 secs] [Times: user=0.32 sys=0.00, real=0.05 secs] 
3945.098: [GC (Allocation Failure) [PSYoungGen: 480736K->107936K(510976K)] 762026K->536810K(1909248K), 0.1706675 secs] [Times: user=1.02 sys=0.01, real=0.17 secs] 
3945.982: [GC (Allocation Failure) [PSYoungGen: 427936K->155648K(476160K)] 856810K->688871K(1874432K), 0.0522373 secs] [Times: user=0.31 sys=0.00, real=0.05 secs] 
3949.860: [GC (Allocation Failure) [PSYoungGen: 475648K->97152K(506880K)] 1008871K->785679K(1905152K), 0.1451740 secs] [Times: user=0.87 sys=0.00, real=0.14 secs] 
3950.958: [GC (Allocation Failure) [PSYoungGen: 411008K->157280K(471552K)] 1099535K->937368K(1869824K), 0.0548587 secs] [Times: user=0.33 sys=0.00, real=0.05 secs] 
3955.435: [GC (Allocation Failure) [PSYoungGen: 471136K->92128K(502272K)] 1251224K->1029680K(1900544K), 0.1685789 secs] [Times: user=1.00 sys=0.00, real=0.17 secs] 
3955.920: [GC (Allocation Failure) [PSYoungGen: 397280K->153376K(458752K)] 1334832K->1177505K(1857024K), 0.0544562 secs] [Times: user=0.32 sys=0.00, real=0.05 secs] 
3957.731: [GC (Allocation Failure) [PSYoungGen: 458528K->94560K(500736K)] 1482657K->1272181K(1899008K), 0.1151411 secs] [Times: user=0.68 sys=0.01, real=0.12 secs] 
3958.091: [GC (Allocation Failure) [PSYoungGen: 395616K->148928K(499200K)] 1573237K->1415139K(1897472K), 0.0558439 secs] [Times: user=0.33 sys=0.01, real=0.06 secs] 
3958.147: [Full GC (Ergonomics) [PSYoungGen: 148928K->0K(499200K)] [ParOldGen: 1266211K->216234K(1398272K)] 1415139K->216234K(1897472K), [Metaspace: 60461K->60461K(1105920K)], 0.5056843 secs] [Times: user=2.35 sys=0.00, real=0.50 secs] 
3961.737: [GC (Allocation Failure) [PSYoungGen: 301056K->92352K(499712K)] 517290K->308586K(1897984K), 0.1246238 secs] [Times: user=0.74 sys=0.00, real=0.12 secs] 
3962.212: [GC (Allocation Failure) [PSYoungGen: 392896K->151072K(452096K)] 609130K->454295K(1850368K), 0.0531482 secs] [Times: user=0.32 sys=0.00, real=0.05 secs] 
3966.137: [GC (Allocation Failure) [PSYoungGen: 451616K->91936K(499200K)] 754839K->546255K(1897472K), 0.1699222 secs] [Times: user=0.99 sys=0.00, real=0.17 secs] 
3966.635: [GC (Allocation Failure) [PSYoungGen: 374734K->138272K(436736K)] 829053K->674680K(1835008K), 0.0474681 secs] [Times: user=0.28 sys=0.00, real=0.05 secs] 
3969.615: [GC (GCLocker Initiated GC) [PSYoungGen: 436256K->96288K(498176K)] 972664K->762292K(1896448K), 0.1636167 secs] [Times: user=0.97 sys=0.01, real=0.17 secs] 
3972.254: [GC (Allocation Failure) [PSYoungGen: 396832K->144256K(495616K)] 1062839K->902308K(1893888K), 0.0480223 secs] [Times: user=0.29 sys=0.00, real=0.05 secs] 
3974.512: [GC (Allocation Failure) [PSYoungGen: 444800K->99872K(499200K)] 1202852K->992804K(1897472K), 0.1677616 secs] [Times: user=1.00 sys=0.00, real=0.17 secs] 
3976.325: [GC (Allocation Failure) [PSYoungGen: 407584K->143808K(500736K)] 1300516K->1134441K(1899008K), 0.0500299 secs] [Times: user=0.29 sys=0.00, real=0.05 secs] 
3978.643: [GC (Allocation Failure) [PSYoungGen: 451520K->107360K(498688K)] 1442153K->1233221K(1896960K), 0.1644973 secs] [Times: user=0.98 sys=0.00, real=0.17 secs] 
3980.626: [GC (Allocation Failure) [PSYoungGen: 419168K->147680K(501760K)] 1545029K->1378778K(1900032K), 0.0533617 secs] [Times: user=0.32 sys=0.00, real=0.06 secs] 
3980.679: [Full GC (Ergonomics) [PSYoungGen: 147680K->0K(501760K)] [ParOldGen: 1231098K->185057K(1398272K)] 1378778K->185057K(1900032K), [Metaspace: 60462K->60462K(1105920K)], 0.4390229 secs] [Times: user=2.05 sys=0.00, real=0.44 secs] 
3983.475: [GC (Allocation Failure) [PSYoungGen: 311808K->104096K(505344K)] 496865K->289153K(1903616K), 0.1003826 secs] [Times: user=0.60 sys=0.00, real=0.10 secs] 
3984.669: [GC (Allocation Failure) [PSYoungGen: 420512K->154112K(471040K)] 605569K->439686K(1869312K), 0.0516637 secs] [Times: user=0.31 sys=0.00, real=0.05 secs] 
3987.062: [GC (Allocation Failure) [PSYoungGen: 470528K->108608K(508416K)] 756102K->539838K(1906688K), 0.1558707 secs] [Times: user=0.93 sys=0.00, real=0.16 secs] 
3988.122: [GC (Allocation Failure) [PSYoungGen: 418602K->147616K(504320K)] 849832K->683729K(1902592K), 0.0518872 secs] [Times: user=0.30 sys=0.00, real=0.05 secs] 
3991.107: [GC (Allocation Failure) [PSYoungGen: 461472K->106528K(504320K)] 997585K->781529K(1902592K), 0.1616350 secs] [Times: user=0.96 sys=0.01, real=0.16 secs] 
3991.920: [GC (Allocation Failure) [PSYoungGen: 410997K->144896K(505344K)] 1085999K->922266K(1903616K), 0.0518518 secs] [Times: user=0.30 sys=0.00, real=0.05 secs] 
3995.154: [GC (Allocation Failure) [PSYoungGen: 460800K->106336K(504320K)] 1238170K->1019770K(1902592K), 0.1571418 secs] [Times: user=0.93 sys=0.01, real=0.16 secs] 
3996.201: [GC (Allocation Failure) [PSYoungGen: 425312K->156704K(476160K)] 1338746K->1172147K(1874432K), 0.0536447 secs] [Times: user=0.32 sys=0.00, real=0.05 secs] 
3999.664: [GC (Allocation Failure) [PSYoungGen: 475680K->95808K(506880K)] 1491123K->1267779K(1905152K), 0.1582157 secs] [Times: user=0.94 sys=0.00, real=0.16 secs] 
4000.379: [GC (Allocation Failure) [PSYoungGen: 409664K->156896K(471040K)] 1581635K->1418988K(1869312K), 0.0565988 secs] [Times: user=0.34 sys=0.01, real=0.05 secs] 
4000.435: [Full GC (Ergonomics) [PSYoungGen: 156896K->0K(471040K)] [ParOldGen: 1262092K->216694K(1398272K)] 1418988K->216694K(1869312K), [Metaspace: 60464K->60464K(1105920K)], 0.5038130 secs] [Times: user=2.35 sys=0.00, real=0.51 secs] 
4004.560: [GC (Allocation Failure) [PSYoungGen: 313856K->95680K(503296K)] 530550K->312374K(1901568K), 0.1451901 secs] [Times: user=0.86 sys=0.00, real=0.14 secs] 
4004.978: [GC (Allocation Failure) [PSYoungGen: 401856K->183392K(489984K)] 618550K->490031K(1888256K), 0.0564210 secs] [Times: user=0.34 sys=0.00, real=0.05 secs] 
4008.957: [GC (Allocation Failure) [PSYoungGen: 489568K->92928K(489984K)] 796207K->549471K(1888256K), 0.1331910 secs] [Times: user=0.79 sys=0.01, real=0.13 secs] 
4009.321: [GC (Allocation Failure) [PSYoungGen: 374016K->141472K(422912K)] 830559K->685476K(1821184K), 0.0528772 secs] [Times: user=0.31 sys=0.01, real=0.05 secs] 
4012.378: [GC (Allocation Failure) [PSYoungGen: 422560K->81536K(487424K)] 966564K->767140K(1885696K), 0.1603439 secs] [Times: user=0.96 sys=0.00, real=0.16 secs] 
4013.932: [GC (Allocation Failure) [PSYoungGen: 362624K->136192K(487424K)] 1048228K->899848K(1885696K), 0.0468602 secs] [Times: user=0.28 sys=0.00, real=0.05 secs] 
4016.159: [GC (Allocation Failure) [PSYoungGen: 417280K->93248K(489984K)] 1180936K->984777K(1888256K), 0.1482751 secs] [Times: user=0.88 sys=0.00, real=0.15 secs] 
4018.115: [GC (Allocation Failure) [PSYoungGen: 382016K->136256K(488960K)] 1273545K->1118085K(1887232K), 0.0489013 secs] [Times: user=0.29 sys=0.01, real=0.05 secs] 
4019.360: [GC (Allocation Failure) [PSYoungGen: 425024K->103712K(492544K)] 1406853K->1212301K(1890816K), 0.0635253 secs] [Times: user=0.38 sys=0.00, real=0.06 secs] 
4021.732: [GC (Allocation Failure) [PSYoungGen: 404256K->134240K(494080K)] 1512845K->1344794K(1892352K), 0.0516806 secs] [Times: user=0.30 sys=0.00, real=0.05 secs] 
4022.928: [GC (Allocation Failure) [PSYoungGen: 434784K->114496K(494592K)] 1645338K->1449662K(1892864K), 0.0639599 secs] [Times: user=0.38 sys=0.00, real=0.06 secs] 
4022.992: [Full GC (Ergonomics) [PSYoungGen: 114496K->0K(494592K)] [ParOldGen: 1335166K->17696K(1398272K)] 1449662K->17696K(1892864K), [Metaspace: 60471K->60471K(1105920K)], 0.0276551 secs] [Times: user=0.07 sys=0.00, real=0.03 secs] 
4026.889: [GC (Allocation Failure) [PSYoungGen: 313856K->134016K(499712K)] 331552K->151712K(1897984K), 0.0341723 secs] [Times: user=0.20 sys=0.00, real=0.03 secs] 
4028.090: [GC (Allocation Failure) [PSYoungGen: 447872K->3488K(486400K)] 465568K->21688K(1884672K), 0.0016939 secs] [Times: user=0.00 sys=0.00, real=0.00 secs] 
4029.206: [GC (GCLocker Initiated GC) [PSYoungGen: 306080K->136576K(439296K)] 324280K->156615K(1837568K), 0.0270432 secs] [Times: user=0.16 sys=0.00, real=0.02 secs] 
4031.006: [GC (Allocation Failure) [PSYoungGen: 439168K->112256K(508416K)] 459210K->259618K(1906688K), 0.0635067 secs] [Times: user=0.38 sys=0.00, real=0.07 secs] 
4034.143: [GC (Allocation Failure) [PSYoungGen: 421504K->133248K(499712K)] 568866K->391619K(1897984K), 0.0563478 secs] [Times: user=0.33 sys=0.00, real=0.06 secs] 
4035.354: [GC (Allocation Failure) [PSYoungGen: 442496K->116992K(501248K)] 700867K->498875K(1899520K), 0.0633212 secs] [Times: user=0.38 sys=0.00, real=0.07 secs] 
4037.844: [GC (Allocation Failure) [PSYoungGen: 433408K->140160K(499712K)] 815291K->637287K(1897984K), 0.0572934 secs] [Times: user=0.34 sys=0.00, real=0.06 secs] 
4039.199: [GC (Allocation Failure) [PSYoungGen: 456576K->114592K(505856K)] 953703K->742631K(1904128K), 0.0746692 secs] [Times: user=0.45 sys=0.00, real=0.07 secs] 
4042.539: [GC (Allocation Failure) [PSYoungGen: 444320K->147904K(509440K)] 1072359K->888852K(1907712K), 0.0562011 secs] [Times: user=0.33 sys=0.00, real=0.05 secs] 
4044.419: [GC (Allocation Failure) [PSYoungGen: 477632K->119008K(512000K)] 1218580K->998312K(1910272K), 0.1458097 secs] [Times: user=0.87 sys=0.00, real=0.14 secs] 
4046.494: [GC (Allocation Failure) [PSYoungGen: 453344K->158848K(493568K)] 1332648K->1154427K(1891840K), 0.0585251 secs] [Times: user=0.35 sys=0.00, real=0.06 secs] 
4050.250: [GC (Allocation Failure) [PSYoungGen: 493184K->114400K(516608K)] 1488763K->1259739K(1914880K), 0.1784015 secs] [Times: user=1.06 sys=0.00, real=0.18 secs] 
4051.261: [GC (Allocation Failure) [PSYoungGen: 444128K->160256K(490496K)] 1589467K->1416248K(1888768K), 0.0550878 secs] [Times: user=0.32 sys=0.00, real=0.05 secs] 
4051.316: [Full GC (Ergonomics) [PSYoungGen: 160256K->0K(490496K)] [ParOldGen: 1255992K->218136K(1398272K)] 1416248K->218136K(1888768K), [Metaspace: 60473K->60473K(1105920K)], 0.5028741 secs] [Times: user=2.35 sys=0.00, real=0.51 secs] 
4054.892: [GC (Allocation Failure) [PSYoungGen: 329728K->102112K(510976K)] 547864K->320248K(1909248K), 0.0895953 secs] [Times: user=0.53 sys=0.01, real=0.09 secs] 
4055.239: [GC (Allocation Failure) [PSYoungGen: 423136K->161024K(482304K)] 641272K->475232K(1880576K), 0.0580432 secs] [Times: user=0.34 sys=0.00, real=0.06 secs] 
4058.657: [GC (Allocation Failure) [PSYoungGen: 482048K->96224K(504832K)] 796256K->571584K(1903104K), 0.1305398 secs] [Times: user=0.70 sys=0.00, real=0.13 secs] 
4059.057: [GC (Allocation Failure) [PSYoungGen: 405984K->155616K(465408K)] 881344K->721193K(1863680K), 0.0577277 secs] [Times: user=0.34 sys=0.00, real=0.05 secs] 
4062.812: [GC (GCLocker Initiated GC) [PSYoungGen: 465376K->91392K(501248K)] 1030954K->812730K(1899520K), 0.1079590 secs] [Times: user=0.63 sys=0.01, real=0.11 secs] 
4063.203: [GC (Allocation Failure) [PSYoungGen: 393984K->152128K(455168K)] 1115325K->958990K(1853440K), 0.0571124 secs] [Times: user=0.34 sys=0.00, real=0.06 secs] 
4067.099: [GC (Allocation Failure) [PSYoungGen: 454720K->89120K(499200K)] 1261582K->1048254K(1897472K), 0.1256344 secs] [Times: user=0.75 sys=0.00, real=0.12 secs] 
4067.463: [GC (Allocation Failure) [PSYoungGen: 387616K->150048K(449024K)] 1346750K->1192535K(1847296K), 0.0556934 secs] [Times: user=0.33 sys=0.00, real=0.06 secs] 
4072.102: [GC (Allocation Failure) [PSYoungGen: 448544K->86272K(497664K)] 1491031K->1279015K(1895936K), 0.1400672 secs] [Times: user=0.84 sys=0.00, real=0.14 secs] 
4072.242: [Full GC (Ergonomics) [PSYoungGen: 86272K->0K(497664K)] [ParOldGen: 1192743K->85788K(1398272K)] 1279015K->85788K(1895936K), [Metaspace: 60473K->60473K(1105920K)], 0.2252851 secs] [Times: user=1.05 sys=0.00, real=0.23 secs] 
4072.675: [GC (Allocation Failure) [PSYoungGen: 295424K->148448K(443904K)] 381212K->234236K(1842176K), 0.0326604 secs] [Times: user=0.20 sys=0.00, real=0.04 secs] 
4076.283: [GC (Allocation Failure) [PSYoungGen: 443872K->86208K(497152K)] 529660K->320664K(1895424K), 0.1273264 secs] [Times: user=0.75 sys=0.00, real=0.13 secs] 
4076.812: [GC (Allocation Failure) [PSYoungGen: 380096K->147488K(441856K)] 614552K->461661K(1840128K), 0.0528804 secs] [Times: user=0.32 sys=0.00, real=0.05 secs] 
4080.097: [GC (Allocation Failure) [PSYoungGen: 441376K->84672K(496640K)] 755549K->546349K(1894912K), 0.1641607 secs] [Times: user=0.98 sys=0.00, real=0.16 secs] 
4080.883: [GC (Allocation Failure) [PSYoungGen: 368766K->138112K(431104K)] 830443K->680871K(1829376K), 0.0469412 secs] [Times: user=0.28 sys=0.00, real=0.05 secs] 
4083.978: [GC (Allocation Failure) [PSYoungGen: 430976K->98784K(497664K)] 973735K->771235K(1895936K), 0.1616550 secs] [Times: user=0.96 sys=0.00, real=0.16 secs] 
4085.775: [GC (Allocation Failure) [PSYoungGen: 395744K->142848K(493568K)] 1068195K->908526K(1891840K), 0.0481100 secs] [Times: user=0.28 sys=0.00, real=0.05 secs] 
4088.233: [GC (Allocation Failure) [PSYoungGen: 439808K->98400K(498176K)] 1205486K->998114K(1896448K), 0.1666967 secs] [Times: user=1.00 sys=0.00, real=0.17 secs] 
4090.184: [GC (Allocation Failure) [PSYoungGen: 403040K->144384K(498688K)] 1302754K->1140167K(1896960K), 0.0496017 secs] [Times: user=0.29 sys=0.00, real=0.05 secs] 
4092.061: [GC (Allocation Failure) [PSYoungGen: 449024K->103712K(497664K)] 1444807K->1235151K(1895936K), 0.1736251 secs] [Times: user=1.04 sys=0.00, real=0.17 secs] 
4093.945: [GC (Allocation Failure) [PSYoungGen: 412448K->145600K(500224K)] 1543887K->1378032K(1898496K), 0.0513833 secs] [Times: user=0.31 sys=0.00, real=0.06 secs] 
4093.996: [Full GC (Ergonomics) [PSYoungGen: 145600K->0K(500224K)] [ParOldGen: 1232432K->177080K(1398272K)] 1378032K->177080K(1898496K), [Metaspace: 60478K->60478K(1105920K)], 0.4206042 secs] [Times: user=1.96 sys=0.00, real=0.42 secs] 
4096.121: [GC (Allocation Failure) [PSYoungGen: 308736K->106688K(500736K)] 485816K->283768K(1899008K), 0.1036059 secs] [Times: user=0.61 sys=0.00, real=0.10 secs] 
4097.759: [GC (Allocation Failure) [PSYoungGen: 420032K->150464K(502784K)] 597112K->431561K(1901056K), 0.0525853 secs] [Times: user=0.31 sys=0.00, real=0.05 secs] 
4101.303: [GC (Allocation Failure) [PSYoungGen: 463808K->101856K(506368K)] 744905K->524913K(1904640K), 0.1638197 secs] [Times: user=0.98 sys=0.00, real=0.17 secs] 
4103.343: [GC (Allocation Failure) [PSYoungGen: 416736K->152608K(467968K)] 839793K->674038K(1866240K), 0.0508716 secs] [Times: user=0.30 sys=0.00, real=0.05 secs] 
4105.514: [GC (Allocation Failure) [PSYoungGen: 467488K->105568K(507392K)] 988918K->771186K(1905664K), 0.1493539 secs] [Times: user=0.90 sys=0.00, real=0.15 secs] 
4107.025: [GC (Allocation Failure) [PSYoungGen: 417888K->153216K(465920K)] 1083506K->920135K(1864192K), 0.0521857 secs] [Times: user=0.31 sys=0.00, real=0.06 secs] 
4110.044: [GC (Allocation Failure) [PSYoungGen: 465536K->103456K(506368K)] 1232455K->1015099K(1904640K), 0.1937069 secs] [Times: user=0.96 sys=0.00, real=0.20 secs] 
4111.616: [GC (Allocation Failure) [PSYoungGen: 414240K->149728K(503296K)] 1325883K->1160848K(1901568K), 0.0505090 secs] [Times: user=0.30 sys=0.00, real=0.06 secs] 
4113.808: [GC (Allocation Failure) [PSYoungGen: 460512K->106176K(502272K)] 1471632K->1258236K(1900544K), 0.1644201 secs] [Times: user=0.98 sys=0.00, real=0.16 secs] 
4114.900: [GC (Allocation Failure) [PSYoungGen: 410101K->145728K(502784K)] 1562161K->1400181K(1901056K), 0.0523994 secs] [Times: user=0.31 sys=0.00, real=0.05 secs] 
4114.952: [Full GC (Ergonomics) [PSYoungGen: 145728K->0K(502784K)] [ParOldGen: 1254453K->197401K(1398272K)] 1400181K->197401K(1901056K), [Metaspace: 60478K->60478K(1105920K)], 0.4782065 secs] [Times: user=2.24 sys=0.00, real=0.48 secs] 
4118.712: [GC (Allocation Failure) [PSYoungGen: 310784K->105568K(501760K)] 508185K->302969K(1900032K), 0.1048918 secs] [Times: user=0.61 sys=0.01, real=0.11 secs] 
4120.078: [GC (Allocation Failure) [PSYoungGen: 410617K->146240K(503808K)] 608018K->445198K(1902080K), 0.0496200 secs] [Times: user=0.29 sys=0.00, real=0.05 secs] 
4123.574: [GC (Allocation Failure) [PSYoungGen: 460096K->106208K(504320K)] 759054K->542586K(1902592K), 0.1671553 secs] [Times: user=1.00 sys=0.00, real=0.17 secs] 
4124.838: [GC (Allocation Failure) [PSYoungGen: 410073K->144992K(505856K)] 846451K->683923K(1904128K), 0.0499608 secs] [Times: user=0.29 sys=0.00, real=0.05 secs] 
4128.013: [GC (Allocation Failure) [PSYoungGen: 462432K->106464K(505856K)] 1001363K->781531K(1904128K), 0.1573227 secs] [Times: user=0.94 sys=0.00, real=0.16 secs] 
4128.651: [GC (Allocation Failure) [PSYoungGen: 426976K->155904K(476672K)] 1102043K->933860K(1874944K), 0.0521103 secs] [Times: user=0.31 sys=0.00, real=0.05 secs] 
4132.367: [GC (Allocation Failure) [PSYoungGen: 476416K->96352K(507904K)] 1254372K->1029816K(1906176K), 0.1614989 secs] [Times: user=0.96 sys=0.00, real=0.16 secs] 
4132.969: [GC (Allocation Failure) [PSYoungGen: 411744K->157952K(473600K)] 1345208K->1181985K(1871872K), 0.0556107 secs] [Times: user=0.33 sys=0.00, real=0.05 secs] 
4136.879: [GC (Allocation Failure) [PSYoungGen: 473344K->95008K(503296K)] 1497377K->1277217K(1901568K), 0.1680552 secs] [Times: user=1.00 sys=0.00, real=0.17 secs] 
4137.606: [GC (Allocation Failure) [PSYoungGen: 401184K->153696K(460288K)] 1583393K->1425103K(1858560K), 0.0552786 secs] [Times: user=0.33 sys=0.00, real=0.06 secs] 
4137.661: [Full GC (Ergonomics) [PSYoungGen: 153696K->0K(460288K)] [ParOldGen: 1271407K->221574K(1398272K)] 1425103K->221574K(1858560K), [Metaspace: 60478K->60478K(1105920K)], 0.5141516 secs] [Times: user=2.40 sys=0.00, real=0.51 secs] 
4140.339: [GC (Allocation Failure) [PSYoungGen: 306176K->93696K(501248K)] 527750K->315270K(1899520K), 0.1056903 secs] [Times: user=0.62 sys=0.00, real=0.10 secs] 
4140.793: [GC (Allocation Failure) [PSYoungGen: 395776K->150336K(452608K)] 617350K->460220K(1850880K), 0.0704472 secs] [Times: user=0.34 sys=0.01, real=0.07 secs] 
4145.955: [GC (GCLocker Initiated GC) [PSYoungGen: 452416K->86112K(499200K)] 762300K->546549K(1897472K), 0.1675233 secs] [Times: user=1.00 sys=0.00, real=0.17 secs] 
4147.145: [GC (Allocation Failure) [PSYoungGen: 385120K->165344K(464384K)] 845559K->706111K(1862656K), 0.0531369 secs] [Times: user=0.32 sys=0.00, real=0.06 secs] 
4149.408: [GC (Allocation Failure) [PSYoungGen: 461808K->89952K(492544K)] 1002575K->779543K(1890816K), 0.1689233 secs] [Times: user=1.00 sys=0.00, real=0.17 secs] 
4150.658: [GC (Allocation Failure) [PSYoungGen: 374624K->138304K(423424K)] 1064215K->913764K(1821696K), 0.0494704 secs] [Times: user=0.30 sys=0.00, real=0.05 secs] 
4152.733: [GC (Allocation Failure) [PSYoungGen: 422976K->92544K(489984K)] 1198436K->997604K(1888256K), 0.0799046 secs] [Times: user=0.47 sys=0.00, real=0.08 secs] 
4153.555: [GC (Allocation Failure) [PSYoungGen: 379264K->138592K(487936K)] 1284324K->1133070K(1886208K), 0.0475760 secs] [Times: user=0.29 sys=0.00, real=0.05 secs] 
4155.625: [GC (Allocation Failure) [PSYoungGen: 425312K->96864K(494080K)] 1419790K->1221134K(1892352K), 0.1704727 secs] [Times: user=1.02 sys=0.00, real=0.17 secs] 
4158.549: [GC (Allocation Failure) [PSYoungGen: 394848K->136800K(494080K)] 1519118K->1355698K(1892352K), 0.0519744 secs] [Times: user=0.31 sys=0.00, real=0.05 secs] 
4158.601: [Full GC (Ergonomics) [PSYoungGen: 136800K->0K(494080K)] [ParOldGen: 1218898K->160873K(1398272K)] 1355698K->160873K(1892352K), [Metaspace: 60478K->60478K(1105920K)], 0.3795826 secs] [Times: user=1.75 sys=0.00, real=0.38 secs] 
4160.074: [GC (Allocation Failure) [PSYoungGen: 297984K->105728K(496128K)] 458857K->266601K(1894400K), 0.0383925 secs] [Times: user=0.22 sys=0.00, real=0.04 secs] 
4162.286: [GC (Allocation Failure) [PSYoungGen: 413952K->139872K(498688K)] 574825K->404878K(1896960K), 0.0565433 secs] [Times: user=0.33 sys=0.00, real=0.06 secs] 
4163.905: [GC (Allocation Failure) [PSYoungGen: 448096K->110464K(499200K)] 713102K->505846K(1897472K), 0.1382374 secs] [Times: user=0.82 sys=0.00, real=0.14 secs] 
4166.323: [GC (Allocation Failure) [PSYoungGen: 428416K->144032K(503808K)] 823798K->648027K(1902080K), 0.0534861 secs] [Times: user=0.31 sys=0.00, real=0.06 secs] 
4167.945: [GC (Allocation Failure) [PSYoungGen: 461984K->114656K(504832K)] 965979K->752847K(1903104K), 0.1491624 secs] [Times: user=0.89 sys=0.01, real=0.15 secs] 
4171.021: [GC (Allocation Failure) [PSYoungGen: 439776K->152192K(507904K)] 1077967K->902524K(1906176K), 0.0556161 secs] [Times: user=0.33 sys=0.00, real=0.06 secs] 
4173.942: [GC (Allocation Failure) [PSYoungGen: 477312K->111360K(512512K)] 1227644K->1004472K(1910784K), 0.1537710 secs] [Times: user=0.92 sys=0.00, real=0.15 secs] 
4175.870: [GC (Allocation Failure) [PSYoungGen: 438016K->156896K(483840K)] 1331128K->1157437K(1882112K), 0.0549210 secs] [Times: user=0.33 sys=0.00, real=0.05 secs] 
4177.707: [GC (Allocation Failure) [PSYoungGen: 483552K->112224K(512512K)] 1484093K->1261013K(1910784K), 0.1681110 secs] [Times: user=0.99 sys=0.01, real=0.16 secs] 
4178.958: [GC (Allocation Failure) [PSYoungGen: 434784K->156352K(479232K)] 1583573K->1412778K(1877504K), 0.0548752 secs] [Times: user=0.33 sys=0.00, real=0.05 secs] 
4179.013: [Full GC (Ergonomics) [PSYoungGen: 156352K->0K(479232K)] [ParOldGen: 1256426K->211319K(1398272K)] 1412778K->211319K(1877504K), [Metaspace: 60478K->60478K(1105920K)], 0.4955457 secs] [Times: user=2.32 sys=0.00, real=0.50 secs] 
4183.451: [GC (Allocation Failure) [PSYoungGen: 322560K->100256K(508416K)] 533879K->311575K(1906688K), 0.1483188 secs] [Times: user=0.89 sys=0.00, real=0.15 secs] 
4184.002: [GC (Allocation Failure) [PSYoungGen: 416672K->157440K(474112K)] 627991K->463348K(1872384K), 0.0560616 secs] [Times: user=0.34 sys=0.00, real=0.06 secs] 
4187.566: [GC (Allocation Failure) [PSYoungGen: 473856K->95840K(504320K)] 779764K->558932K(1902592K), 0.1543637 secs] [Times: user=0.92 sys=0.01, real=0.16 secs] 
4188.307: [GC (Allocation Failure) [PSYoungGen: 404576K->153952K(462848K)] 867668K->706682K(1861120K), 0.0860388 secs] [Times: user=0.51 sys=0.00, real=0.08 secs] 
4193.903: [GC (Allocation Failure) [PSYoungGen: 462688K->88416K(500736K)] 1015418K->795338K(1899008K), 0.1533054 secs] [Times: user=0.91 sys=0.01, real=0.15 secs] 
4194.351: [GC (Allocation Failure) [PSYoungGen: 391008K->149856K(452608K)] 1097930K->939679K(1850880K), 0.0555604 secs] [Times: user=0.33 sys=0.00, real=0.06 secs] 
4197.356: [GC (Allocation Failure) [PSYoungGen: 452448K->91040K(499712K)] 1242271K->1030495K(1897984K), 0.1342365 secs] [Times: user=0.79 sys=0.00, real=0.14 secs] 
4197.770: [GC (Allocation Failure) [PSYoungGen: 390560K->150464K(450048K)] 1330015K->1175160K(1848320K), 0.0531523 secs] [Times: user=0.31 sys=0.01, real=0.05 secs] 
4202.135: [GC (Allocation Failure) [PSYoungGen: 449984K->86784K(498176K)] 1474680K->1262000K(1896448K), 0.1329399 secs] [Times: user=0.79 sys=0.00, real=0.14 secs] 
4203.113: [GC (Allocation Failure) [PSYoungGen: 383744K->147264K(444416K)] 1558960K->1403413K(1842688K), 0.0525098 secs] [Times: user=0.31 sys=0.00, real=0.05 secs] 
4203.165: [Full GC (Ergonomics) [PSYoungGen: 147264K->0K(444416K)] [ParOldGen: 1256149K->210024K(1398272K)] 1403413K->210024K(1842688K), [Metaspace: 60480K->60480K(1105920K)], 0.4875548 secs] [Times: user=2.27 sys=0.00, real=0.49 secs] 
4207.266: [GC (Allocation Failure) [PSYoungGen: 296960K->87680K(498176K)] 506984K->297704K(1896448K), 0.1580647 secs] [Times: user=0.94 sys=0.00, real=0.16 secs] 
4208.552: [GC (Allocation Failure) [PSYoungGen: 377623K->142048K(496640K)] 587648K->436249K(1894912K), 0.0478594 secs] [Times: user=0.29 sys=0.00, real=0.05 secs] 
4211.073: [GC (Allocation Failure) [PSYoungGen: 437984K->94880K(493568K)] 732185K->523073K(1891840K), 0.1529673 secs] [Times: user=0.91 sys=0.00, real=0.15 secs] 
4213.102: [GC (Allocation Failure) [PSYoungGen: 392352K->146240K(495104K)] 820545K->665386K(1893376K), 0.0469717 secs] [Times: user=0.28 sys=0.00, real=0.05 secs] 
4214.367: [GC (Allocation Failure) [PSYoungGen: 442296K->100320K(495104K)] 961443K->757546K(1893376K), 0.0667287 secs] [Times: user=0.39 sys=0.00, real=0.06 secs] 
4215.141: [GC (Allocation Failure) [PSYoungGen: 401888K->146112K(497152K)] 1059114K->901692K(1895424K), 0.0801774 secs] [Times: user=0.47 sys=0.00, real=0.08 secs] 
4218.688: [GC (Allocation Failure) [PSYoungGen: 447680K->97696K(499200K)] 1203260K->991252K(1897472K), 0.1725236 secs] [Times: user=1.03 sys=0.00, real=0.17 secs] 
4221.599: [GC (Allocation Failure) [PSYoungGen: 403360K->142752K(500224K)] 1296916K->1130921K(1898496K), 0.0490189 secs] [Times: user=0.29 sys=0.00, real=0.05 secs] 
4223.554: [GC (Allocation Failure) [PSYoungGen: 448416K->104928K(496128K)] 1436585K->1226561K(1894400K), 0.1657823 secs] [Times: user=0.98 sys=0.00, real=0.17 secs] 
4225.915: [GC (Allocation Failure) [PSYoungGen: 413664K->146784K(499712K)] 1535297K->1370430K(1897984K), 0.0527607 secs] [Times: user=0.31 sys=0.00, real=0.06 secs] 
4225.968: [Full GC (Ergonomics) [PSYoungGen: 146784K->0K(499712K)] [ParOldGen: 1223646K->175430K(1398272K)] 1370430K->175430K(1897984K), [Metaspace: 60480K->60480K(1105920K)], 0.4089337 secs] [Times: user=1.89 sys=0.00, real=0.41 secs] 
4228.191: [GC (Allocation Failure) [PSYoungGen: 308736K->104320K(503296K)] 484166K->279750K(1901568K), 0.0898003 secs] [Times: user=0.54 sys=0.01, real=0.09 secs] 
4230.976: [GC (Allocation Failure) [PSYoungGen: 418688K->147904K(504320K)] 594118K->424855K(1902592K), 0.0524601 secs] [Times: user=0.32 sys=0.00, real=0.06 secs] 
4233.086: [GC (Allocation Failure) [PSYoungGen: 462272K->106112K(503808K)] 739223K->522043K(1902080K), 0.1699400 secs] [Times: user=0.87 sys=0.00, real=0.16 secs] 
4234.396: [GC (Allocation Failure) [PSYoungGen: 422016K->151392K(504832K)] 837947K->670619K(1903104K), 0.0530337 secs] [Times: user=0.31 sys=0.01, real=0.06 secs] 
4237.432: [GC (Allocation Failure) [PSYoungGen: 467296K->106976K(506368K)] 986523K->768692K(1904640K), 0.1721591 secs] [Times: user=1.02 sys=0.00, real=0.17 secs] 
4238.808: [GC (Allocation Failure) [PSYoungGen: 423392K->159936K(476672K)] 1085108K->924696K(1874944K), 0.0527173 secs] [Times: user=0.31 sys=0.00, real=0.05 secs] 
4241.649: [GC (Allocation Failure) [PSYoungGen: 476352K->108704K(506368K)] 1241112K->1015976K(1904640K), 0.1736672 secs] [Times: user=1.03 sys=0.00, real=0.17 secs] 
4242.695: [GC (Allocation Failure) [PSYoungGen: 415522K->147840K(502272K)] 1322795K->1160365K(1900544K), 0.0531159 secs] [Times: user=0.31 sys=0.00, real=0.06 secs] 
4245.786: [GC (Allocation Failure) [PSYoungGen: 457600K->103488K(503296K)] 1470125K->1255213K(1901568K), 0.1532089 secs] [Times: user=0.92 sys=0.00, real=0.16 secs] 
4246.851: [GC (Allocation Failure) [PSYoungGen: 408109K->147040K(503808K)] 1559834K->1398290K(1902080K), 0.0507206 secs] [Times: user=0.30 sys=0.00, real=0.05 secs] 
4246.902: [Full GC (Ergonomics) [PSYoungGen: 147040K->0K(503808K)] [ParOldGen: 1251250K->196505K(1398272K)] 1398290K->196505K(1902080K), [Metaspace: 60480K->60480K(1105920K)], 0.4780603 secs] [Times: user=2.23 sys=0.00, real=0.48 secs] 
4250.779: [GC (Allocation Failure) [PSYoungGen: 311808K->100288K(504832K)] 508313K->296801K(1903104K), 0.0946547 secs] [Times: user=0.56 sys=0.01, real=0.09 secs] 
4251.714: [GC (Allocation Failure) [PSYoungGen: 414144K->150816K(464896K)] 610657K->444160K(1863168K), 0.0485940 secs] [Times: user=0.29 sys=0.00, real=0.05 secs] 
4254.997: [GC (Allocation Failure) [PSYoungGen: 464672K->106720K(507904K)] 758016K->541912K(1906176K), 0.1471018 secs] [Times: user=0.88 sys=0.00, real=0.14 secs] 
4255.472: [GC (Allocation Failure) [PSYoungGen: 420064K->152704K(504320K)] 855256K->691169K(1902592K), 0.0519539 secs] [Times: user=0.31 sys=0.00, real=0.05 secs] 
4258.846: [GC (Allocation Failure) [PSYoungGen: 466048K->95648K(505344K)] 1004513K->786489K(1903616K), 0.1163071 secs] [Times: user=0.69 sys=0.00, real=0.12 secs] 
4261.509: [GC (Allocation Failure) [PSYoungGen: 406432K->147136K(458240K)] 1097273K->930166K(1856512K), 0.1514287 secs] [Times: user=0.91 sys=0.00, real=0.15 secs] 
4265.139: [GC (Allocation Failure) [PSYoungGen: 457920K->95456K(505344K)] 1240950K->1025342K(1903616K), 0.1434224 secs] [Times: user=0.85 sys=0.01, real=0.14 secs] 
4265.673: [GC (Allocation Failure) [PSYoungGen: 405728K->182176K(492544K)] 1335614K->1203717K(1890816K), 0.0556250 secs] [Times: user=0.33 sys=0.00, real=0.06 secs] 
4268.670: [GC (Allocation Failure) [PSYoungGen: 492448K->99328K(493568K)] 1513989K->1269405K(1891840K), 0.1306409 secs] [Times: user=0.78 sys=0.00, real=0.13 secs] 
4269.430: [GC (Allocation Failure) [PSYoungGen: 371139K->134176K(421888K)] 1541216K->1398243K(1820160K), 0.0509561 secs] [Times: user=0.30 sys=0.01, real=0.05 secs] 
4269.481: [Full GC (Ergonomics) [PSYoungGen: 134176K->0K(421888K)] [ParOldGen: 1264067K->196572K(1398272K)] 1398243K->196572K(1820160K), [Metaspace: 60481K->60481K(1105920K)], 0.4772409 secs] [Times: user=2.22 sys=0.00, real=0.48 secs] 
4273.280: [GC (Allocation Failure) [PSYoungGen: 287232K->91872K(489472K)] 483804K->288444K(1887744K), 0.0919139 secs] [Times: user=0.54 sys=0.00, real=0.09 secs] 
4274.612: [GC (Allocation Failure) [PSYoungGen: 380640K->138080K(487936K)] 577212K->423161K(1886208K), 0.0454427 secs] [Times: user=0.27 sys=0.00, real=0.05 secs] 
4276.276: [GC (Allocation Failure) [PSYoungGen: 426848K->99648K(496640K)] 711929K->514041K(1894912K), 0.1401463 secs] [Times: user=0.84 sys=0.00, real=0.14 secs] 
4279.304: [GC (Allocation Failure) [PSYoungGen: 401728K->138912K(496128K)] 816121K->650838K(1894400K), 0.0500895 secs] [Times: user=0.30 sys=0.00, real=0.05 secs] 
4280.500: [GC (Allocation Failure) [PSYoungGen: 440992K->106528K(499200K)] 952918K->748046K(1897472K), 0.0636238 secs] [Times: user=0.38 sys=0.00, real=0.06 secs] 
4284.518: [GC (Allocation Failure) [PSYoungGen: 418336K->141184K(501248K)] 1059854K->887018K(1899520K), 0.0522101 secs] [Times: user=0.31 sys=0.00, real=0.05 secs] 
4285.890: [GC (Allocation Failure) [PSYoungGen: 452992K->112448K(500224K)] 1198826K->990099K(1898496K), 0.0944417 secs] [Times: user=0.55 sys=0.01, real=0.09 secs] 
4286.865: [GC (Allocation Failure) [PSYoungGen: 432448K->151552K(504832K)] 1310099K->1139863K(1903104K), 0.0544729 secs] [Times: user=0.32 sys=0.00, real=0.06 secs] 
4290.208: [GC (Allocation Failure) [PSYoungGen: 471552K->107648K(510976K)] 1459863K->1238715K(1909248K), 0.1753111 secs] [Times: user=1.05 sys=0.00, real=0.17 secs] 
4292.433: [GC (Allocation Failure) [PSYoungGen: 430720K->151776K(475136K)] 1561787K->1387800K(1873408K), 0.0530769 secs] [Times: user=0.32 sys=0.00, real=0.05 secs] 
4292.486: [Full GC (Ergonomics) [PSYoungGen: 151776K->0K(475136K)] [ParOldGen: 1236024K->186618K(1398272K)] 1387800K->186618K(1873408K), [Metaspace: 60481K->60481K(1105920K)], 0.4362545 secs] [Times: user=2.02 sys=0.00, real=0.44 secs] 
4295.796: [GC (Allocation Failure) [PSYoungGen: 323072K->108160K(512000K)] 509690K->294778K(1910272K), 0.1061296 secs] [Times: user=0.63 sys=0.00, real=0.11 secs] 
4296.434: [GC (Allocation Failure) [PSYoungGen: 425742K->153856K(475648K)] 612360K->445102K(1873920K), 0.0523884 secs] [Times: user=0.31 sys=0.00, real=0.06 secs] 
4299.925: [GC (Allocation Failure) [PSYoungGen: 475392K->109568K(510464K)] 766638K->545614K(1908736K), 0.1754651 secs] [Times: user=1.04 sys=0.00, real=0.18 secs] 
4300.582: [GC (Allocation Failure) [PSYoungGen: 428544K->156864K(476160K)] 864590K->699043K(1874432K), 0.0527720 secs] [Times: user=0.32 sys=0.00, real=0.05 secs] 
4304.701: [GC (Allocation Failure) [PSYoungGen: 475840K->91968K(505344K)] 1018019K->791095K(1903616K), 0.1671130 secs] [Times: user=0.96 sys=0.00, real=0.17 secs] 
4305.378: [GC (Allocation Failure) [PSYoungGen: 403776K->156288K(468480K)] 1102903K->941900K(1866752K), 0.0549273 secs] [Times: user=0.33 sys=0.00, real=0.05 secs] 
4309.949: [GC (Allocation Failure) [PSYoungGen: 468096K->91424K(501248K)] 1253708K->1033452K(1899520K), 0.1636761 secs] [Times: user=0.98 sys=0.00, real=0.16 secs] 
4310.416: [GC (Allocation Failure) [PSYoungGen: 394528K->152384K(455680K)] 1336556K->1180045K(1853952K), 0.0547408 secs] [Times: user=0.33 sys=0.00, real=0.06 secs] 
4313.247: [GC (Allocation Failure) [PSYoungGen: 455488K->92704K(499712K)] 1483149K->1272797K(1897984K), 0.1230904 secs] [Times: user=0.73 sys=0.00, real=0.12 secs] 
4313.767: [GC (Allocation Failure) [PSYoungGen: 392224K->148960K(448512K)] 1572317K->1416286K(1846784K), 0.0546070 secs] [Times: user=0.33 sys=0.00, real=0.05 secs] 
4313.821: [Full GC (Ergonomics) [PSYoungGen: 148960K->0K(448512K)] [ParOldGen: 1267326K->212478K(1398272K)] 1416286K->212478K(1846784K), [Metaspace: 60481K->60481K(1105920K)], 0.4961322 secs] [Times: user=2.32 sys=0.00, real=0.50 secs] 
4316.964: [GC (Allocation Failure) [PSYoungGen: 299520K->92224K(499712K)] 511998K->304702K(1897984K), 0.1385075 secs] [Times: user=0.82 sys=0.00, real=0.14 secs] 
4317.776: [GC (Allocation Failure) [PSYoungGen: 391232K->149952K(449024K)] 603710K->449223K(1847296K), 0.0525935 secs] [Times: user=0.31 sys=0.00, real=0.06 secs] 
4320.784: [GC (Allocation Failure) [PSYoungGen: 448960K->89984K(498688K)] 748231K->539343K(1896960K), 0.1201297 secs] [Times: user=0.72 sys=0.00, real=0.12 secs] 
4321.662: [GC (Allocation Failure) [PSYoungGen: 377339K->139168K(436224K)] 826699K->674824K(1834496K), 0.0477077 secs] [Times: user=0.28 sys=0.00, real=0.05 secs] 
4324.124: [GC (Allocation Failure) [PSYoungGen: 436128K->97568K(498688K)] 971784K->763944K(1896960K), 0.1179467 secs] [Times: user=0.70 sys=0.00, real=0.12 secs] 
4325.674: [GC (Allocation Failure) [PSYoungGen: 397600K->145856K(495616K)] 1063976K->906001K(1893888K), 0.0485166 secs] [Times: user=0.29 sys=0.00, real=0.05 secs] 
4328.431: [GC (Allocation Failure) [PSYoungGen: 445888K->97440K(499712K)] 1206033K->994841K(1897984K), 0.1359296 secs] [Times: user=0.81 sys=0.00, real=0.14 secs] 
4329.958: [GC (Allocation Failure) [PSYoungGen: 403616K->147872K(500736K)] 1301017K->1140158K(1899008K), 0.0497663 secs] [Times: user=0.29 sys=0.00, real=0.05 secs] 
4331.544: [GC (Allocation Failure) [PSYoungGen: 454048K->104928K(498688K)] 1446334K->1236518K(1896960K), 0.1224450 secs] [Times: user=0.72 sys=0.01, real=0.13 secs] 
4332.313: [GC (Allocation Failure) [PSYoungGen: 412128K->148832K(500224K)] 1543718K->1382099K(1898496K), 0.0523099 secs] [Times: user=0.30 sys=0.00, real=0.05 secs] 
4332.366: [Full GC (Ergonomics) [PSYoungGen: 148832K->0K(500224K)] [ParOldGen: 1233267K->188187K(1398272K)] 1382099K->188187K(1898496K), [Metaspace: 60482K->60482K(1105920K)], 0.4531663 secs] [Times: user=2.10 sys=0.00, real=0.46 secs] 
4335.410: [GC (Allocation Failure) [PSYoungGen: 307200K->105472K(500736K)] 495387K->293659K(1899008K), 0.0922165 secs] [Times: user=0.55 sys=0.00, real=0.09 secs] 
4337.504: [GC (Allocation Failure) [PSYoungGen: 415232K->149344K(501760K)] 603419K->436492K(1900032K), 0.0504245 secs] [Times: user=0.30 sys=0.00, real=0.05 secs] 
4340.139: [GC (Allocation Failure) [PSYoungGen: 459104K->104320K(502784K)] 746252K->532076K(1901056K), 0.1672985 secs] [Times: user=1.00 sys=0.00, real=0.17 secs] 
4341.847: [GC (Allocation Failure) [PSYoungGen: 416128K->149184K(503296K)] 843884K->677577K(1901568K), 0.0507195 secs] [Times: user=0.30 sys=0.00, real=0.05 secs] 
4344.995: [GC (Allocation Failure) [PSYoungGen: 460992K->104352K(503296K)] 989385K->772701K(1901568K), 0.1806939 secs] [Times: user=1.08 sys=0.00, real=0.18 secs] 
4347.209: [GC (Allocation Failure) [PSYoungGen: 417184K->150592K(503808K)] 1085533K->919694K(1902080K), 0.0509840 secs] [Times: user=0.31 sys=0.00, real=0.05 secs] 
4350.228: [GC (Allocation Failure) [PSYoungGen: 463424K->104320K(504832K)] 1232526K->1015214K(1903104K), 0.1621271 secs] [Times: user=0.97 sys=0.00, real=0.16 secs] 
4351.770: [GC (Allocation Failure) [PSYoungGen: 409962K->147840K(504320K)] 1320856K->1159255K(1902592K), 0.0503465 secs] [Times: user=0.30 sys=0.00, real=0.05 secs] 
4355.388: [GC (Allocation Failure) [PSYoungGen: 460672K->102720K(504320K)] 1472087K->1253471K(1902592K), 0.1603569 secs] [Times: user=0.95 sys=0.00, real=0.16 secs] 
4357.299: [GC (Allocation Failure) [PSYoungGen: 409125K->148096K(504832K)] 1559876K->1397608K(1903104K), 0.0497510 secs] [Times: user=0.29 sys=0.00, real=0.05 secs] 
4357.349: [Full GC (Ergonomics) [PSYoungGen: 148096K->0K(504832K)] [ParOldGen: 1249512K->197098K(1398272K)] 1397608K->197098K(1903104K), [Metaspace: 60482K->60482K(1105920K)], 0.4711309 secs] [Times: user=2.20 sys=0.00, real=0.47 secs] 
4359.740: [GC (Allocation Failure) [PSYoungGen: 313856K->105824K(503808K)] 510954K->302922K(1902080K), 0.0879065 secs] [Times: user=0.52 sys=0.00, real=0.09 secs] 
4361.110: [GC (Allocation Failure) [PSYoungGen: 407031K->145344K(504832K)] 604129K->444423K(1903104K), 0.0495988 secs] [Times: user=0.29 sys=0.00, real=0.05 secs] 
4363.702: [GC (Allocation Failure) [PSYoungGen: 460224K->105952K(504832K)] 759303K->541771K(1903104K), 0.1640553 secs] [Times: user=0.98 sys=0.00, real=0.16 secs] 
4365.084: [GC (Allocation Failure) [PSYoungGen: 411982K->144704K(506368K)] 847801K->682852K(1904640K), 0.0500452 secs] [Times: user=0.30 sys=0.00, real=0.05 secs] 
4368.505: [GC (Allocation Failure) [PSYoungGen: 462656K->105760K(506368K)] 1000804K->780024K(1904640K), 0.1582845 secs] [Times: user=0.95 sys=0.00, real=0.16 secs] 
4370.126: [GC (Allocation Failure) [PSYoungGen: 411456K->144576K(507904K)] 1085720K->921257K(1906176K), 0.1256908 secs] [Times: user=0.75 sys=0.00, real=0.13 secs] 
4373.138: [GC (Allocation Failure) [PSYoungGen: 465600K->109760K(506880K)] 1242281K->1022385K(1905152K), 0.1533763 secs] [Times: user=0.91 sys=0.00, real=0.15 secs] 
4374.227: [GC (Allocation Failure) [PSYoungGen: 433856K->157280K(481792K)] 1346481K->1175961K(1880064K), 0.0532620 secs] [Times: user=0.31 sys=0.00, real=0.05 secs] 
4377.363: [GC (Allocation Failure) [PSYoungGen: 481376K->99200K(509440K)] 1500057K->1274673K(1907712K), 0.1682204 secs] [Times: user=1.01 sys=0.00, real=0.17 secs] 
4378.028: [GC (Allocation Failure) [PSYoungGen: 418176K->160000K(479232K)] 1593649K->1428850K(1877504K), 0.0580496 secs] [Times: user=0.34 sys=0.00, real=0.05 secs] 
4378.086: [Full GC (Ergonomics) [PSYoungGen: 160000K->0K(479232K)] [ParOldGen: 1268850K->227635K(1398272K)] 1428850K->227635K(1877504K), [Metaspace: 60482K->60482K(1105920K)], 0.5374649 secs] [Times: user=2.53 sys=0.00, real=0.54 secs] 
4381.880: [GC (Allocation Failure) [PSYoungGen: 318976K->97184K(504320K)] 546611K->324819K(1902592K), 0.0812668 secs] [Times: user=0.47 sys=0.00, real=0.08 secs] 
4382.241: [GC (Allocation Failure) [PSYoungGen: 405920K->155040K(463872K)] 633555K->474056K(1862144K), 0.0560984 secs] [Times: user=0.33 sys=0.00, real=0.06 secs] 
4386.723: [GC (Allocation Failure) [PSYoungGen: 463776K->90464K(500736K)] 782792K->564632K(1899008K), 0.1435202 secs] [Times: user=0.80 sys=0.00, real=0.15 secs] 
4387.114: [GC (Allocation Failure) [PSYoungGen: 392544K->150304K(452608K)] 866712K->709133K(1850880K), 0.0556002 secs] [Times: user=0.33 sys=0.00, real=0.06 secs] 
4390.899: [GC (Allocation Failure) [PSYoungGen: 452384K->90176K(499712K)] 1011213K->799101K(1897984K), 0.1433195 secs] [Times: user=0.85 sys=0.00, real=0.14 secs] 
4391.312: [GC (Allocation Failure) [PSYoungGen: 389696K->148960K(448512K)] 1098621K->941946K(1846784K), 0.0549287 secs] [Times: user=0.32 sys=0.00, real=0.06 secs] 
4394.142: [GC (Allocation Failure) [PSYoungGen: 448480K->88960K(499200K)] 1241466K->1030730K(1897472K), 0.1510668 secs] [Times: user=0.89 sys=0.00, real=0.15 secs] 
4394.559: [GC (Allocation Failure) [PSYoungGen: 386944K->149696K(448000K)] 1328714K->1174147K(1846272K), 0.0541765 secs] [Times: user=0.32 sys=0.00, real=0.05 secs] 
4398.627: [GC (Allocation Failure) [PSYoungGen: 447680K->87008K(497664K)] 1472131K->1261051K(1895936K), 0.1510080 secs] [Times: user=0.90 sys=0.00, real=0.15 secs] 
4399.486: [GC (Allocation Failure) [PSYoungGen: 382432K->164640K(460288K)] 1556475K->1419708K(1858560K), 0.0530030 secs] [Times: user=0.31 sys=0.00, real=0.05 secs] 
4399.539: [Full GC (Ergonomics) [PSYoungGen: 164640K->0K(460288K)] [ParOldGen: 1255068K->210781K(1398272K)] 1419708K->210781K(1858560K), [Metaspace: 60482K->60482K(1105920K)], 0.4929964 secs] [Times: user=2.30 sys=0.00, real=0.49 secs] 
4402.605: [GC (Allocation Failure) [PSYoungGen: 295424K->89216K(492032K)] 506205K->299997K(1890304K), 0.1483404 secs] [Times: user=0.88 sys=0.01, real=0.15 secs] 
4403.136: [GC (Allocation Failure) [PSYoungGen: 371840K->139360K(422400K)] 582621K->435846K(1820672K), 0.0482485 secs] [Times: user=0.29 sys=0.00, real=0.05 secs] 
4406.227: [GC (Allocation Failure) [PSYoungGen: 421984K->89056K(489472K)] 718470K->516514K(1887744K), 0.1661596 secs] [Times: user=0.98 sys=0.01, real=0.16 secs] 
4409.185: [GC (Allocation Failure) [PSYoungGen: 373728K->133312K(487424K)] 801186K->646831K(1885696K), 0.0453724 secs] [Times: user=0.27 sys=0.00, real=0.05 secs] 
4410.394: [GC (Allocation Failure) [PSYoungGen: 417984K->98144K(492544K)] 931503K->736183K(1890816K), 0.0631422 secs] [Times: user=0.38 sys=0.00, real=0.07 secs] 
4412.175: [GC (Allocation Failure) [PSYoungGen: 393056K->136832K(490496K)] 1031095K->871338K(1888768K), 0.0513147 secs] [Times: user=0.30 sys=0.00, real=0.05 secs] 
4415.805: [GC (Allocation Failure) [PSYoungGen: 431744K->108032K(496128K)] 1166250K->970530K(1894400K), 0.0642229 secs] [Times: user=0.39 sys=0.00, real=0.07 secs] 
4418.940: [GC (Allocation Failure) [PSYoungGen: 416768K->126240K(498176K)] 1279266K->1096490K(1896448K), 0.0692566 secs] [Times: user=0.41 sys=0.00, real=0.07 secs] 
4420.159: [GC (Allocation Failure) [PSYoungGen: 434976K->122496K(500736K)] 1405226K->1208271K(1899008K), 0.0630850 secs] [Times: user=0.38 sys=0.00, real=0.06 secs] 
4423.435: [GC (Allocation Failure) [PSYoungGen: 447104K->135424K(503808K)] 1532879K->1343327K(1902080K), 0.0623877 secs] [Times: user=0.37 sys=0.00, real=0.07 secs] 
4424.651: [GC (Allocation Failure) [PSYoungGen: 460032K->7776K(492544K)] 1667935K->1215711K(1890816K), 0.0052168 secs] [Times: user=0.02 sys=0.00, real=0.00 secs] 
4426.898: [GC (Allocation Failure) [PSYoungGen: 321632K->142656K(456704K)] 1529567K->1356627K(1854976K), 0.0315257 secs] [Times: user=0.19 sys=0.00, real=0.03 secs] 
4426.929: [Full GC (Ergonomics) [PSYoungGen: 142656K->0K(456704K)] [ParOldGen: 1213971K->163122K(1398272K)] 1356627K->163122K(1854976K), [Metaspace: 60482K->60482K(1105920K)], 0.3795408 secs] [Times: user=1.74 sys=0.00, real=0.38 secs] 
4428.668: [GC (Allocation Failure) [PSYoungGen: 313856K->113312K(510464K)] 476978K->276434K(1908736K), 0.0529756 secs] [Times: user=0.31 sys=0.00, real=0.05 secs] 
4430.635: [GC (Allocation Failure) [PSYoungGen: 427680K->146592K(502784K)] 590802K->420983K(1901056K), 0.0553455 secs] [Times: user=0.33 sys=0.00, real=0.06 secs] 
4432.834: [GC (Allocation Failure) [PSYoungGen: 460960K->110432K(501760K)] 735351K->521919K(1900032K), 0.1660544 secs] [Times: user=0.99 sys=0.00, real=0.17 secs] 
4435.014: [GC (Allocation Failure) [PSYoungGen: 427872K->151744K(503808K)] 839359K->670932K(1902080K), 0.0540791 secs] [Times: user=0.32 sys=0.00, real=0.06 secs] 
4437.358: [GC (Allocation Failure) [PSYoungGen: 469184K->108160K(507392K)] 988372K->769756K(1905664K), 0.1699944 secs] [Times: user=1.01 sys=0.00, real=0.17 secs] 
4439.686: [GC (Allocation Failure) [PSYoungGen: 427136K->153024K(472064K)] 1088732K->919069K(1870336K), 0.0533523 secs] [Times: user=0.31 sys=0.00, real=0.06 secs] 
4441.869: [GC (Allocation Failure) [PSYoungGen: 472000K->104224K(509952K)] 1238045K->1014753K(1908224K), 0.1736456 secs] [Times: user=1.03 sys=0.01, real=0.17 secs] 
4443.874: [GC (Allocation Failure) [PSYoungGen: 415863K->150784K(467968K)] 1326392K->1161254K(1866240K), 0.0514255 secs] [Times: user=0.30 sys=0.00, real=0.05 secs] 
4446.065: [GC (Allocation Failure) [PSYoungGen: 467712K->108544K(509952K)] 1478182K->1260942K(1908224K), 0.1758390 secs] [Times: user=1.05 sys=0.00, real=0.18 secs] 
4446.874: [GC (Allocation Failure) [PSYoungGen: 424960K->155520K(472064K)] 1577358K->1412907K(1870336K), 0.0534867 secs] [Times: user=0.31 sys=0.00, real=0.06 secs] 
4446.928: [Full GC (Ergonomics) [PSYoungGen: 155520K->0K(472064K)] [ParOldGen: 1257387K->209956K(1398272K)] 1412907K->209956K(1870336K), [Metaspace: 60485K->60485K(1105920K)], 0.4893703 secs] [Times: user=2.29 sys=0.00, real=0.49 secs] 
4452.144: [GC (Allocation Failure) [PSYoungGen: 316416K->98720K(506368K)] 526372K->308676K(1904640K), 0.1482027 secs] [Times: user=0.87 sys=0.01, real=0.15 secs] 
4453.134: [GC (Allocation Failure) [PSYoungGen: 410016K->155616K(466944K)] 619972K->454393K(1865216K), 0.0542810 secs] [Times: user=0.32 sys=0.00, real=0.06 secs] 
4457.877: [GC (Allocation Failure) [PSYoungGen: 466912K->92574K(502784K)] 765689K->546847K(1901056K), 0.1671810 secs] [Times: user=1.00 sys=0.00, real=0.16 secs] 
4458.670: [GC (Allocation Failure) [PSYoungGen: 397726K->153120K(458752K)] 851999K->694075K(1857024K), 0.0540398 secs] [Times: user=0.32 sys=0.00, real=0.05 secs] 
4461.863: [GC (Allocation Failure) [PSYoungGen: 458272K->90208K(500224K)] 999227K->784427K(1898496K), 0.1531445 secs] [Times: user=0.91 sys=0.00, real=0.16 secs] 
4463.321: [GC (Allocation Failure) [PSYoungGen: 390240K->148672K(449024K)] 1084459K->926951K(1847296K), 0.0525400 secs] [Times: user=0.31 sys=0.00, real=0.05 secs] 
4466.061: [GC (Allocation Failure) [PSYoungGen: 447598K->91968K(499712K)] 1225878K->1018528K(1897984K), 0.1615627 secs] [Times: user=0.96 sys=0.00, real=0.16 secs] 
4467.691: [GC (Allocation Failure) [PSYoungGen: 382472K->138144K(437248K)] 1309032K->1152980K(1835520K), 0.1390298 secs] [Times: user=0.82 sys=0.01, real=0.14 secs] 
4470.672: [GC (Allocation Failure) [PSYoungGen: 437152K->94240K(498176K)] 1451988K->1238676K(1896448K), 0.1439441 secs] [Times: user=0.85 sys=0.01, real=0.14 secs] 
4472.140: [GC (Allocation Failure) [PSYoungGen: 395296K->147488K(496128K)] 1539732K->1382561K(1894400K), 0.0479136 secs] [Times: user=0.28 sys=0.01, real=0.05 secs] 
4472.188: [Full GC (Ergonomics) [PSYoungGen: 147488K->0K(496128K)] [ParOldGen: 1235073K->187892K(1398272K)] 1382561K->187892K(1894400K), [Metaspace: 60488K->60488K(1105920K)], 0.4529563 secs] [Times: user=2.11 sys=0.00, real=0.45 secs] 
4474.569: [GC (Allocation Failure) [PSYoungGen: 301056K->102208K(498176K)] 488948K->290100K(1896448K), 0.0315893 secs] [Times: user=0.19 sys=0.00, real=0.03 secs] 
4476.584: [GC (Allocation Failure) [PSYoungGen: 408384K->145440K(499712K)] 596276K->430001K(1897984K), 0.0493620 secs] [Times: user=0.29 sys=0.00, real=0.05 secs] 
4478.083: [GC (Allocation Failure) [PSYoungGen: 451616K->105600K(499200K)] 736177K->526561K(1897472K), 0.0966752 secs] [Times: user=0.57 sys=0.01, real=0.10 secs] 
4479.441: [GC (GCLocker Initiated GC) [PSYoungGen: 415360K->151200K(501248K)] 836323K->674448K(1899520K), 0.0739150 secs] [Times: user=0.44 sys=0.00, real=0.07 secs] 
4482.811: [GC (Allocation Failure) [PSYoungGen: 460960K->101792K(504320K)] 984210K->768130K(1902592K), 0.1719926 secs] [Times: user=1.02 sys=0.00, real=0.17 secs] 
4484.676: [GC (Allocation Failure) [PSYoungGen: 413600K->149152K(503808K)] 1079938K->913607K(1902080K), 0.0508106 secs] [Times: user=0.30 sys=0.00, real=0.05 secs] 
4487.318: [GC (Allocation Failure) [PSYoungGen: 460960K->103104K(503808K)] 1225415K->1007311K(1902080K), 0.1764495 secs] [Times: user=1.05 sys=0.00, real=0.17 secs] 
4488.892: [GC (Allocation Failure) [PSYoungGen: 414912K->158080K(470016K)] 1319119K->1161506K(1868288K), 0.0519999 secs] [Times: user=0.30 sys=0.00, real=0.05 secs] 
4491.269: [GC (Allocation Failure) [PSYoungGen: 469888K->106848K(504832K)] 1473314K->1251390K(1903104K), 0.1509667 secs] [Times: user=0.90 sys=0.00, real=0.15 secs] 
4492.970: [GC (Allocation Failure) [PSYoungGen: 413536K->148864K(500736K)] 1558078K->1395955K(1899008K), 0.0522785 secs] [Times: user=0.31 sys=0.00, real=0.05 secs] 
4493.022: [Full GC (Ergonomics) [PSYoungGen: 148864K->0K(500736K)] [ParOldGen: 1247091K->194103K(1398272K)] 1395955K->194103K(1899008K), [Metaspace: 60508K->60508K(1105920K)], 0.4687664 secs] [Times: user=2.20 sys=0.00, real=0.47 secs] 
4496.253: [GC (Allocation Failure) [PSYoungGen: 306688K->100896K(501760K)] 500791K->294999K(1900032K), 0.0743750 secs] [Times: user=0.44 sys=0.00, real=0.08 secs] 
4497.409: [GC (Allocation Failure) [PSYoungGen: 409632K->149088K(502272K)] 603735K->440241K(1900544K), 0.0490849 secs] [Times: user=0.29 sys=0.00, real=0.05 secs] 
4500.406: [GC (GCLocker Initiated GC) [PSYoungGen: 457824K->104224K(501760K)] 748977K->535265K(1900032K), 0.1607714 secs] [Times: user=0.95 sys=0.01, real=0.17 secs] 
4501.228: [GC (Allocation Failure) [PSYoungGen: 413472K->151008K(502272K)] 844516K->682513K(1900544K), 0.0505698 secs] [Times: user=0.30 sys=0.00, real=0.05 secs] 
4504.717: [GC (Allocation Failure) [PSYoungGen: 460256K->101056K(503296K)] 991761K->774953K(1901568K), 0.1671365 secs] [Times: user=1.00 sys=0.00, real=0.16 secs] 
4506.570: [GC (Allocation Failure) [PSYoungGen: 410304K->148544K(502784K)] 1084201K->920078K(1901056K), 0.0503607 secs] [Times: user=0.30 sys=0.00, real=0.05 secs] 
4508.822: [GC (Allocation Failure) [PSYoungGen: 457792K->105120K(501248K)] 1229326K->1016814K(1899520K), 0.1760968 secs] [Times: user=1.05 sys=0.00, real=0.18 secs] 
4509.878: [GC (Allocation Failure) [PSYoungGen: 414129K->147264K(502272K)] 1325823K->1160023K(1900544K), 0.0512300 secs] [Times: user=0.30 sys=0.00, real=0.05 secs] 
4511.815: [GC (Allocation Failure) [PSYoungGen: 457024K->108096K(500736K)] 1469783K->1259267K(1899008K), 0.1705935 secs] [Times: user=1.01 sys=0.01, real=0.17 secs] 
4512.540: [GC (Allocation Failure) [PSYoungGen: 420416K->153152K(502784K)] 1571587K->1408375K(1901056K), 0.0527342 secs] [Times: user=0.32 sys=0.00, real=0.05 secs] 
4512.592: [Full GC (Ergonomics) [PSYoungGen: 153152K->0K(502784K)] [ParOldGen: 1255223K->207041K(1398272K)] 1408375K->207041K(1901056K), [Metaspace: 60516K->60516K(1105920K)], 0.4810372 secs] [Times: user=2.24 sys=0.00, real=0.48 secs] 
4516.942: [GC (Allocation Failure) [PSYoungGen: 312320K->94208K(505344K)] 519361K->301249K(1903616K), 0.1328142 secs] [Times: user=0.79 sys=0.00, real=0.13 secs] 
4517.901: [GC (Allocation Failure) [PSYoungGen: 404992K->150432K(461312K)] 612033K->447660K(1859584K), 0.0539974 secs] [Times: user=0.33 sys=0.00, real=0.05 secs] 
4522.155: [GC (Allocation Failure) [PSYoungGen: 461216K->92384K(503808K)] 758444K->539732K(1902080K), 0.1571787 secs] [Times: user=0.94 sys=0.00, real=0.16 secs] 
4522.664: [GC (Allocation Failure) [PSYoungGen: 400096K->151456K(459264K)] 847444K->687521K(1857536K), 0.0542222 secs] [Times: user=0.32 sys=0.00, real=0.06 secs] 
4526.479: [GC (Allocation Failure) [PSYoungGen: 457053K->90848K(501760K)] 993118K->778497K(1900032K), 0.1432563 secs] [Times: user=0.85 sys=0.01, real=0.14 secs] 
4527.541: [GC (Allocation Failure) [PSYoungGen: 394464K->147552K(451584K)] 1082113K->922042K(1849856K), 0.0539338 secs] [Times: user=0.32 sys=0.00, real=0.05 secs] 
4530.049: [GC (Allocation Failure) [PSYoungGen: 451168K->94944K(502272K)] 1225658K->1016642K(1900544K), 0.1597937 secs] [Times: user=0.95 sys=0.00, real=0.16 secs] 
4530.619: [GC (Allocation Failure) [PSYoungGen: 383248K->138336K(441856K)] 1304947K->1151187K(1840128K), 0.0503254 secs] [Times: user=0.29 sys=0.01, real=0.05 secs] 
4533.668: [GC (Allocation Failure) [PSYoungGen: 441440K->99872K(500736K)] 1454291K->1242323K(1899008K), 0.1686134 secs] [Times: user=1.00 sys=0.00, real=0.16 secs] 
4535.425: [GC (Allocation Failure) [PSYoungGen: 405536K->148704K(498176K)] 1547987K->1387180K(1896448K), 0.0499108 secs] [Times: user=0.30 sys=0.00, real=0.05 secs] 
4535.475: [Full GC (Ergonomics) [PSYoungGen: 148704K->0K(498176K)] [ParOldGen: 1238476K->194201K(1398272K)] 1387180K->194201K(1896448K), [Metaspace: 60516K->60516K(1105920K)], 0.4620426 secs] [Times: user=2.14 sys=0.00, real=0.47 secs] 
4538.587: [GC (Allocation Failure) [PSYoungGen: 305664K->100608K(502784K)] 499865K->294809K(1901056K), 0.1000125 secs] [Times: user=0.59 sys=0.01, real=0.10 secs] 
4540.163: [GC (Allocation Failure) [PSYoungGen: 411904K->149312K(503296K)] 606105K->439922K(1901568K), 0.0491326 secs] [Times: user=0.29 sys=0.00, real=0.05 secs] 
4543.022: [GC (Allocation Failure) [PSYoungGen: 460608K->105984K(502272K)] 751218K->536838K(1900544K), 0.1437756 secs] [Times: user=0.86 sys=0.00, real=0.14 secs] 
4543.962: [GC (Allocation Failure) [PSYoungGen: 415862K->149408K(502784K)] 846716K->682667K(1901056K), 0.0513473 secs] [Times: user=0.30 sys=0.00, real=0.05 secs] 
4548.833: [GC (Allocation Failure) [PSYoungGen: 460704K->99872K(504832K)] 993963K->773707K(1903104K), 0.1139569 secs] [Times: user=0.68 sys=0.00, real=0.12 secs] 
4551.208: [GC (Allocation Failure) [PSYoungGen: 412192K->149184K(461824K)] 1086027K->919480K(1860096K), 0.1325221 secs] [Times: user=0.78 sys=0.01, real=0.13 secs] 
4555.422: [GC (Allocation Failure) [PSYoungGen: 461504K->100576K(506880K)] 1231800K->1011632K(1905152K), 0.1618415 secs] [Times: user=0.96 sys=0.01, real=0.16 secs] 
4557.059: [GC (Allocation Failure) [PSYoungGen: 412384K->151200K(463360K)] 1323440K->1158720K(1861632K), 0.0497654 secs] [Times: user=0.29 sys=0.00, real=0.05 secs] 
4560.329: [GC (Allocation Failure) [PSYoungGen: 463008K->102976K(506368K)] 1470528K->1253116K(1904640K), 0.1630176 secs] [Times: user=0.98 sys=0.00, real=0.16 secs] 
4562.293: [GC (Allocation Failure) [PSYoungGen: 411188K->149408K(503296K)] 1561329K->1398149K(1901568K), 0.0508552 secs] [Times: user=0.30 sys=0.00, real=0.05 secs] 
4562.344: [Full GC (Ergonomics) [PSYoungGen: 149408K->0K(503296K)] [ParOldGen: 1248741K->196915K(1398272K)] 1398149K->196915K(1901568K), [Metaspace: 60517K->60517K(1105920K)], 0.4644547 secs] [Times: user=2.16 sys=0.00, real=0.47 secs] 
4565.861: [GC (Allocation Failure) [PSYoungGen: 310784K->100928K(503808K)] 507699K->297843K(1902080K), 0.0938919 secs] [Times: user=0.55 sys=0.00, real=0.09 secs] 
4567.454: [GC (Allocation Failure) [PSYoungGen: 410070K->149888K(461312K)] 606985K->443812K(1859584K), 0.0492026 secs] [Times: user=0.29 sys=0.00, real=0.05 secs] 
4569.594: [GC (Allocation Failure) [PSYoungGen: 461184K->105088K(506880K)] 755108K->540676K(1905152K), 0.1299868 secs] [Times: user=0.78 sys=0.00, real=0.13 secs] 
4571.063: [GC (Allocation Failure) [PSYoungGen: 412591K->146528K(503296K)] 848179K->683009K(1901568K), 0.0499433 secs] [Times: user=0.30 sys=0.00, real=0.05 secs] 
4573.765: [GC (Allocation Failure) [PSYoungGen: 457824K->103008K(503808K)] 994305K->776953K(1902080K), 0.1597853 secs] [Times: user=0.95 sys=0.00, real=0.16 secs] 
4575.217: [GC (Allocation Failure) [PSYoungGen: 408881K->148926K(504320K)] 1082826K->921416K(1902592K), 0.0497323 secs] [Times: user=0.29 sys=0.00, real=0.05 secs] 
4578.362: [GC (GCLocker Initiated GC) [PSYoungGen: 462270K->103296K(505344K)] 1234760K->1015686K(1903616K), 0.1548123 secs] [Times: user=0.92 sys=0.01, real=0.16 secs] 
4579.418: [GC (Allocation Failure) [PSYoungGen: 417664K->144032K(505344K)] 1346490K->1171894K(1903616K), 0.2141893 secs] [Times: user=1.28 sys=0.01, real=0.21 secs] 
4583.281: [GC (Allocation Failure) [PSYoungGen: 458400K->96576K(505344K)] 1486262K->1268059K(1903616K), 0.4260069 secs] [Times: user=2.56 sys=0.00, real=0.43 secs] 
4584.039: [GC (Allocation Failure) [PSYoungGen: 412992K->158720K(475648K)] 1584475K->1421167K(1873920K), 0.0556934 secs] [Times: user=0.33 sys=0.00, real=0.05 secs] 
4584.095: [Full GC (Ergonomics) [PSYoungGen: 158720K->0K(475648K)] [ParOldGen: 1262447K->219503K(1398272K)] 1421167K->219503K(1873920K), [Metaspace: 60518K->60518K(1105920K)], 0.5197425 secs] [Times: user=2.44 sys=0.00, real=0.52 secs] 
4587.439: [GC (Allocation Failure) [PSYoungGen: 316416K->97824K(504320K)] 535919K->317327K(1902592K), 0.1286028 secs] [Times: user=0.76 sys=0.01, real=0.13 secs] 
4587.858: [GC (Allocation Failure) [PSYoungGen: 405536K->154624K(462848K)] 625039K->466032K(1861120K), 0.0553766 secs] [Times: user=0.33 sys=0.00, real=0.05 secs] 
4592.243: [GC (Allocation Failure) [PSYoungGen: 462336K->88800K(500736K)] 773744K->555036K(1899008K), 0.1645701 secs] [Times: user=0.98 sys=0.00, real=0.17 secs] 
4592.663: [GC (Allocation Failure) [PSYoungGen: 390880K->151968K(454144K)] 857116K->701221K(1852416K), 0.0544874 secs] [Times: user=0.32 sys=0.00, real=0.06 secs] 
4596.354: [GC (Allocation Failure) [PSYoungGen: 454048K->87680K(498688K)] 1003301K->789005K(1896960K), 0.1572312 secs] [Times: user=0.94 sys=0.00, real=0.16 secs] 
4596.949: [GC (Allocation Failure) [PSYoungGen: 385152K->149344K(446976K)] 1086477K->932414K(1845248K), 0.0532268 secs] [Times: user=0.32 sys=0.00, real=0.05 secs] 
4600.611: [GC (Allocation Failure) [PSYoungGen: 443632K->85152K(497152K)] 1226702K->1017742K(1895424K), 0.1560266 secs] [Times: user=0.93 sys=0.00, real=0.16 secs] 
4601.643: [GC (Allocation Failure) [PSYoungGen: 367493K->137696K(432128K)] 1300083K->1151718K(1830400K), 0.0472521 secs] [Times: user=0.28 sys=0.00, real=0.05 secs] 
4604.056: [GC (Allocation Failure) [PSYoungGen: 432096K->95136K(497152K)] 1446118K->1238763K(1895424K), 0.1512618 secs] [Times: user=0.90 sys=0.00, real=0.15 secs] 
4606.246: [GC (Allocation Failure) [PSYoungGen: 392608K->142976K(494080K)] 1536235K->1378135K(1892352K), 0.0475068 secs] [Times: user=0.28 sys=0.00, real=0.05 secs] 
4606.293: [Full GC (Ergonomics) [PSYoungGen: 142976K->0K(494080K)] [ParOldGen: 1235159K->183967K(1398272K)] 1378135K->183967K(1892352K), [Metaspace: 60518K->60518K(1105920K)], 0.4406159 secs] [Times: user=2.04 sys=0.00, real=0.44 secs] 
4608.666: [GC (Allocation Failure) [PSYoungGen: 297472K->101088K(496128K)] 481439K->285055K(1894400K), 0.1029608 secs] [Times: user=0.61 sys=0.00, real=0.10 secs] 
4610.581: [GC (Allocation Failure) [PSYoungGen: 405728K->146272K(498176K)] 589695K->428688K(1896448K), 0.0499690 secs] [Times: user=0.30 sys=0.00, real=0.05 secs] 
4612.263: [GC (Allocation Failure) [PSYoungGen: 450912K->102240K(499712K)] 733328K->522456K(1897984K), 0.1513209 secs] [Times: user=0.91 sys=0.00, real=0.15 secs] 
4614.837: [GC (Allocation Failure) [PSYoungGen: 411488K->153984K(501248K)] 831704K->673745K(1899520K), 0.0522938 secs] [Times: user=0.31 sys=0.00, real=0.05 secs] 
4616.802: [GC (Allocation Failure) [PSYoungGen: 463232K->106304K(502272K)] 982993K->762937K(1900544K), 0.1661359 secs] [Times: user=0.99 sys=0.00, real=0.17 secs] 
4619.257: [GC (Allocation Failure) [PSYoungGen: 414528K->146560K(501248K)] 1071161K->906414K(1899520K), 0.0530699 secs] [Times: user=0.31 sys=0.00, real=0.05 secs] 
4621.376: [GC (Allocation Failure) [PSYoungGen: 454784K->106016K(499712K)] 1214638K->1003310K(1897984K), 0.1359192 secs] [Times: user=0.81 sys=0.00, real=0.14 secs] 
4623.710: [GC (Allocation Failure) [PSYoungGen: 416800K->148128K(501760K)] 1314094K->1148147K(1900032K), 0.0532553 secs] [Times: user=0.31 sys=0.00, real=0.05 secs] 
4626.238: [GC (Allocation Failure) [PSYoungGen: 458912K->103200K(504320K)] 1458931K->1242115K(1902592K), 0.1682832 secs] [Times: user=0.99 sys=0.01, real=0.17 secs] 
4629.134: [GC (Allocation Failure) [PSYoungGen: 417568K->151904K(466432K)] 1556483K->1390544K(1864704K), 0.0522452 secs] [Times: user=0.31 sys=0.01, real=0.05 secs] 
4629.186: [Full GC (Ergonomics) [PSYoungGen: 151904K->0K(466432K)] [ParOldGen: 1238640K->187148K(1398272K)] 1390544K->187148K(1864704K), [Metaspace: 60519K->60519K(1105920K)], 0.4438163 secs] [Times: user=2.06 sys=0.00, real=0.45 secs] 
4631.825: [GC (Allocation Failure) [PSYoungGen: 314368K->104416K(507392K)] 501516K->291564K(1905664K), 0.0951357 secs] [Times: user=0.56 sys=0.00, real=0.10 secs] 
4634.254: [GC (Allocation Failure) [PSYoungGen: 417248K->149600K(504320K)] 604396K->437089K(1902592K), 0.0507014 secs] [Times: user=0.30 sys=0.00, real=0.05 secs] 
4636.854: [GC (Allocation Failure) [PSYoungGen: 462432K->107744K(502784K)] 749921K->536309K(1901056K), 0.1717033 secs] [Times: user=1.02 sys=0.00, real=0.17 secs] 
4638.376: [GC (Allocation Failure) [PSYoungGen: 419093K->151136K(503808K)] 847659K->683234K(1902080K), 0.0520277 secs] [Times: user=0.31 sys=0.00, real=0.06 secs] 
4641.821: [GC (Allocation Failure) [PSYoungGen: 464480K->100832K(506368K)] 996578K->775194K(1904640K), 0.1657966 secs] [Times: user=0.99 sys=0.00, real=0.17 secs] 
4643.077: [GC (Allocation Failure) [PSYoungGen: 413510K->150656K(463872K)] 1087873K->921775K(1862144K), 0.0494209 secs] [Times: user=0.30 sys=0.00, real=0.05 secs] 
4645.921: [GC (Allocation Failure) [PSYoungGen: 463488K->104928K(506880K)] 1234607K->1018183K(1905152K), 0.1645197 secs] [Times: user=0.98 sys=0.00, real=0.16 secs] 
4647.900: [GC (Allocation Failure) [PSYoungGen: 408751K->146368K(504320K)] 1322007K->1160452K(1902592K), 0.0508851 secs] [Times: user=0.30 sys=0.00, real=0.05 secs] 
4650.675: [GC (Allocation Failure) [PSYoungGen: 458688K->105280K(502272K)] 1472772K->1257232K(1900544K), 0.1667410 secs] [Times: user=0.99 sys=0.01, real=0.17 secs] 
4652.089: [GC (Allocation Failure) [PSYoungGen: 408784K->146432K(503808K)] 1560737K->1399349K(1902080K), 0.0511808 secs] [Times: user=0.30 sys=0.00, real=0.05 secs] 
4652.140: [Full GC (Ergonomics) [PSYoungGen: 146432K->0K(503808K)] [ParOldGen: 1252917K->197069K(1398272K)] 1399349K->197069K(1902080K), [Metaspace: 60519K->60519K(1105920K)], 0.4692330 secs] [Times: user=2.19 sys=0.00, real=0.47 secs] 
4654.569: [GC (GCLocker Initiated GC) [PSYoungGen: 313856K->106368K(505344K)] 510925K->303437K(1903616K), 0.0998889 secs] [Times: user=0.59 sys=0.00, real=0.10 secs] 
4655.611: [GC (Allocation Failure) [PSYoungGen: 423808K->154432K(472064K)] 620880K->454173K(1870336K), 0.0513996 secs] [Times: user=0.31 sys=0.00, real=0.05 secs] 
4658.403: [GC (Allocation Failure) [PSYoungGen: 471872K->100288K(507392K)] 771613K->554057K(1905664K), 0.1754541 secs] [Times: user=1.05 sys=0.00, real=0.18 secs] 
4658.984: [GC (Allocation Failure) [PSYoungGen: 414656K->156192K(471040K)] 868425K->704558K(1869312K), 0.0556455 secs] [Times: user=0.33 sys=0.00, real=0.06 secs] 
4662.699: [GC (Allocation Failure) [PSYoungGen: 470560K->95712K(503808K)] 1018926K->799898K(1902080K), 0.1793860 secs] [Times: user=1.06 sys=0.01, real=0.18 secs] 
4663.377: [GC (Allocation Failure) [PSYoungGen: 403424K->154144K(462336K)] 1107610K->948063K(1860608K), 0.0591682 secs] [Times: user=0.36 sys=0.00, real=0.06 secs] 
4667.946: [GC (Allocation Failure) [PSYoungGen: 461856K->90464K(500736K)] 1255775K->1038715K(1899008K), 0.1631617 secs] [Times: user=0.98 sys=0.00, real=0.17 secs] 
4668.420: [GC (Allocation Failure) [PSYoungGen: 392544K->148736K(451072K)] 1340795K->1181623K(1849344K), 0.0535538 secs] [Times: user=0.32 sys=0.00, real=0.05 secs] 
4672.085: [GC (Allocation Failure) [PSYoungGen: 450816K->91616K(500224K)] 1483703K->1272551K(1898496K), 0.1589937 secs] [Times: user=0.95 sys=0.00, real=0.16 secs] 
4672.956: [GC (Allocation Failure) [PSYoungGen: 392160K->147840K(448512K)] 1573095K->1414848K(1846784K), 0.0538011 secs] [Times: user=0.32 sys=0.00, real=0.05 secs] 
4673.010: [Full GC (Ergonomics) [PSYoungGen: 147840K->0K(448512K)] [ParOldGen: 1267008K->213045K(1398272K)] 1414848K->213045K(1846784K), [Metaspace: 60519K->60519K(1105920K)], 0.4869253 secs] [Times: user=2.27 sys=0.00, real=0.49 secs] 
4676.080: [GC (Allocation Failure) [PSYoungGen: 300544K->92032K(500224K)] 513589K->305077K(1898496K), 0.1605284 secs] [Times: user=0.96 sys=0.01, real=0.16 secs] 
4677.015: [GC (Allocation Failure) [PSYoungGen: 376049K->137408K(437760K)] 589094K->436806K(1836032K), 0.0483548 secs] [Times: user=0.29 sys=0.00, real=0.05 secs] 
4679.053: [GC (Allocation Failure) [PSYoungGen: 437440K->101184K(500224K)] 736838K->529082K(1898496K), 0.1418255 secs] [Times: user=0.84 sys=0.00, real=0.14 secs] 
4680.967: [GC (Allocation Failure) [PSYoungGen: 404800K->144896K(496640K)] 832698K->670387K(1894912K), 0.0491495 secs] [Times: user=0.29 sys=0.00, real=0.04 secs] 
4683.068: [GC (Allocation Failure) [PSYoungGen: 448512K->102592K(500736K)] 974003K->764363K(1899008K), 0.1603820 secs] [Times: user=0.95 sys=0.01, real=0.16 secs] 
4684.356: [GC (Allocation Failure) [PSYoungGen: 413888K->153120K(502272K)] 1075659K->913724K(1900544K), 0.0508544 secs] [Times: user=0.29 sys=0.00, real=0.06 secs] 
4687.344: [GC (Allocation Failure) [PSYoungGen: 464416K->103040K(504320K)] 1225020K->1008356K(1902592K), 0.1667533 secs] [Times: user=1.00 sys=0.00, real=0.17 secs] 
4689.177: [GC (Allocation Failure) [PSYoungGen: 413312K->148480K(502784K)] 1318628K->1152949K(1901056K), 0.0503125 secs] [Times: user=0.30 sys=0.00, real=0.05 secs] 
4692.853: [GC (Allocation Failure) [PSYoungGen: 458752K->102624K(502784K)] 1463221K->1246430K(1901056K), 0.1587725 secs] [Times: user=0.95 sys=0.00, real=0.16 secs] 
4694.012: [GC (Allocation Failure) [PSYoungGen: 413920K->149152K(503296K)] 1557726K->1391806K(1901568K), 0.0506225 secs] [Times: user=0.30 sys=0.00, real=0.05 secs] 
4694.063: [Full GC (Ergonomics) [PSYoungGen: 149152K->0K(503296K)] [ParOldGen: 1242654K->197345K(1398272K)] 1391806K->197345K(1901568K), [Metaspace: 60521K->60521K(1105920K)], 0.4713149 secs] [Times: user=2.20 sys=0.00, real=0.47 secs] 
4697.805: [GC (Allocation Failure) [PSYoungGen: 311296K->105312K(503296K)] 508641K->302658K(1901568K), 0.0843998 secs] [Times: user=0.50 sys=0.00, real=0.09 secs] 
4698.822: [GC (Allocation Failure) [PSYoungGen: 404469K->145440K(503808K)] 601815K->444538K(1902080K), 0.0495722 secs] [Times: user=0.30 sys=0.00, real=0.05 secs] 
4701.799: [GC (Allocation Failure) [PSYoungGen: 457760K->102656K(503296K)] 756858K->538746K(1901568K), 0.1764794 secs] [Times: user=1.04 sys=0.01, real=0.17 secs] 
4703.154: [GC (Allocation Failure) [PSYoungGen: 406190K->148064K(504832K)] 842281K->683139K(1903104K), 0.0493478 secs] [Times: user=0.29 sys=0.00, real=0.05 secs] 
4705.979: [GC (Allocation Failure) [PSYoungGen: 462944K->104288K(505344K)] 998019K->779323K(1903616K), 0.1664566 secs] [Times: user=0.99 sys=0.00, real=0.16 secs] 
4707.352: [GC (Allocation Failure) [PSYoungGen: 409347K->147680K(505856K)] 1084383K->922703K(1904128K), 0.0498118 secs] [Times: user=0.29 sys=0.00, real=0.05 secs] 
4709.617: [GC (Allocation Failure) [PSYoungGen: 464096K->108256K(504832K)] 1239119K->1022295K(1903104K), 0.1455944 secs] [Times: user=0.86 sys=0.00, real=0.14 secs] 
4710.562: [GC (Allocation Failure) [PSYoungGen: 425696K->154432K(505856K)] 1339735K->1172880K(1904128K), 0.0522945 secs] [Times: user=0.31 sys=0.00, real=0.05 secs] 
4713.114: [GC (Allocation Failure) [PSYoungGen: 471872K->98560K(507392K)] 1490320K->1271120K(1905664K), 0.1573377 secs] [Times: user=0.94 sys=0.00, real=0.16 secs] 
4714.126: [GC (Allocation Failure) [PSYoungGen: 412928K->154112K(468992K)] 1585488K->1419496K(1867264K), 0.0570582 secs] [Times: user=0.34 sys=0.00, real=0.06 secs] 
4714.183: [Full GC (Ergonomics) [PSYoungGen: 154112K->0K(468992K)] [ParOldGen: 1265384K->216655K(1398272K)] 1419496K->216655K(1867264K), [Metaspace: 60521K->60521K(1105920K)], 0.4978022 secs] [Times: user=2.32 sys=0.00, real=0.50 secs] 
4718.673: [GC (Allocation Failure) [PSYoungGen: 314368K->95712K(504832K)] 531023K->312367K(1903104K), 0.1292436 secs] [Times: user=0.77 sys=0.00, real=0.13 secs] 
4719.065: [GC (Allocation Failure) [PSYoungGen: 404960K->153856K(463360K)] 621615K->460376K(1861632K), 0.0542249 secs] [Times: user=0.32 sys=0.00, real=0.06 secs] 
4722.914: [GC (Allocation Failure) [PSYoungGen: 463104K->92000K(501760K)] 769624K->552136K(1900032K), 0.1559728 secs] [Times: user=0.93 sys=0.00, real=0.16 secs] 
4723.516: [GC (Allocation Failure) [PSYoungGen: 395616K->150912K(454656K)] 855752K->697082K(1852928K), 0.0547063 secs] [Times: user=0.32 sys=0.01, real=0.06 secs] 
4726.457: [GC (Allocation Failure) [PSYoungGen: 454528K->92832K(500736K)] 1000698K->789426K(1899008K), 0.1447925 secs] [Times: user=0.85 sys=0.00, real=0.14 secs] 
4727.010: [GC (Allocation Failure) [PSYoungGen: 393888K->149568K(451072K)] 1090482K->933171K(1849344K), 0.0549584 secs] [Times: user=0.33 sys=0.00, real=0.05 secs] 
4730.821: [GC (Allocation Failure) [PSYoungGen: 450624K->88032K(499200K)] 1234227K->1020807K(1897472K), 0.1619714 secs] [Times: user=0.97 sys=0.00, real=0.16 secs] 
4731.646: [GC (Allocation Failure) [PSYoungGen: 386528K->147968K(446976K)] 1319303K->1162724K(1845248K), 0.0532331 secs] [Times: user=0.32 sys=0.00, real=0.06 secs] 
4734.666: [GC (Allocation Failure) [PSYoungGen: 446464K->90272K(499200K)] 1461220K->1252680K(1897472K), 0.1583176 secs] [Times: user=0.94 sys=0.00, real=0.16 secs] 
4735.414: [GC (Allocation Failure) [PSYoungGen: 384059K->141728K(439808K)] 1546467K->1390763K(1838080K), 0.0502905 secs] [Times: user=0.30 sys=0.00, real=0.05 secs] 
4735.464: [Full GC (Ergonomics) [PSYoungGen: 141728K->0K(439808K)] [ParOldGen: 1249035K->197261K(1398272K)] 1390763K->197261K(1838080K), [Metaspace: 60521K->60521K(1105920K)], 0.4565403 secs] [Times: user=2.04 sys=0.00, real=0.46 secs] 
4738.025: [GC (Allocation Failure) [PSYoungGen: 297984K->105920K(501760K)] 495245K->303181K(1900032K), 0.0928061 secs] [Times: user=0.55 sys=0.00, real=0.10 secs] 
4739.965: [GC (Allocation Failure) [PSYoungGen: 408512K->145536K(497152K)] 605773K->440962K(1895424K), 0.0486589 secs] [Times: user=0.29 sys=0.00, real=0.05 secs] 
4742.286: [GC (Allocation Failure) [PSYoungGen: 448128K->101504K(499712K)] 743554K->533506K(1897984K), 0.1497693 secs] [Times: user=0.90 sys=0.00, real=0.15 secs] 
4743.974: [GC (Allocation Failure) [PSYoungGen: 409216K->147168K(500736K)] 841218K->677271K(1899008K), 0.0492673 secs] [Times: user=0.30 sys=0.00, real=0.05 secs] 
4746.107: [GC (Allocation Failure) [PSYoungGen: 454880K->105792K(500736K)] 984983K->774167K(1899008K), 0.1143767 secs] [Times: user=0.68 sys=0.00, real=0.11 secs] 
4747.963: [GC (Allocation Failure) [PSYoungGen: 416576K->149728K(502272K)] 1084951K->920068K(1900544K), 0.0518212 secs] [Times: user=0.31 sys=0.00, real=0.05 secs] 
4750.811: [GC (Allocation Failure) [PSYoungGen: 460512K->99936K(504832K)] 1230852K->1010860K(1903104K), 0.1720475 secs] [Times: user=1.03 sys=0.00, real=0.17 secs] 
4752.362: [GC (Allocation Failure) [PSYoungGen: 412256K->153664K(466432K)] 1323180K->1160269K(1864704K), 0.0504162 secs] [Times: user=0.30 sys=0.00, real=0.05 secs] 
4754.781: [GC (Allocation Failure) [PSYoungGen: 465984K->105088K(505856K)] 1472589K->1256697K(1904128K), 0.1563497 secs] [Times: user=0.93 sys=0.00, real=0.16 secs] 
4756.430: [GC (Allocation Failure) [PSYoungGen: 413154K->147808K(502272K)] 1564763K->1400322K(1900544K), 0.0515081 secs] [Times: user=0.31 sys=0.00, real=0.05 secs] 
4756.482: [Full GC (Ergonomics) [PSYoungGen: 147808K->0K(502272K)] [ParOldGen: 1252514K->197417K(1398272K)] 1400322K->197417K(1900544K), [Metaspace: 60521K->60521K(1105920K)], 0.4672574 secs] [Times: user=2.17 sys=0.00, real=0.47 secs] 
4759.948: [GC (Allocation Failure) [PSYoungGen: 309248K->104544K(501760K)] 506665K->301961K(1900032K), 0.0834953 secs] [Times: user=0.49 sys=0.00, real=0.08 secs] 
4761.686: [GC (Allocation Failure) [PSYoungGen: 413313K->146112K(502784K)] 610730K->444406K(1901056K), 0.0495318 secs] [Times: user=0.30 sys=0.00, real=0.04 secs] 
4764.319: [GC (Allocation Failure) [PSYoungGen: 456896K->102112K(502784K)] 755190K->538038K(1901056K), 0.1651157 secs] [Times: user=0.99 sys=0.00, real=0.16 secs] 
4765.676: [GC (Allocation Failure) [PSYoungGen: 407934K->148832K(504320K)] 843860K->683230K(1902592K), 0.0494064 secs] [Times: user=0.29 sys=0.00, real=0.05 secs] 
4767.645: [GC (Allocation Failure) [PSYoungGen: 462688K->105504K(504832K)] 997086K->780574K(1903104K), 0.0785731 secs] [Times: user=0.46 sys=0.01, real=0.08 secs] 
4768.512: [GC (Allocation Failure) [PSYoungGen: 409217K->145472K(505344K)] 1084288K->922475K(1903616K), 0.0506680 secs] [Times: user=0.30 sys=0.00, real=0.05 secs] 
4771.746: [GC (Allocation Failure) [PSYoungGen: 460864K->105184K(504320K)] 1237867K->1019135K(1902592K), 0.1368127 secs] [Times: user=0.81 sys=0.00, real=0.14 secs] 
4772.846: [GC (Allocation Failure) [PSYoungGen: 412639K->145824K(505856K)] 1326591K->1161412K(1904128K), 0.0506076 secs] [Times: user=0.30 sys=0.00, real=0.06 secs] 
4775.001: [GC (Allocation Failure) [PSYoungGen: 463264K->108896K(505856K)] 1478852K->1261448K(1904128K), 0.1741435 secs] [Times: user=1.03 sys=0.00, real=0.17 secs] 
4776.595: [GC (Allocation Failure) [PSYoungGen: 413827K->142336K(507392K)] 1566380K->1399997K(1905664K), 0.0517551 secs] [Times: user=0.30 sys=0.01, real=0.06 secs] 
4776.647: [Full GC (Ergonomics) [PSYoungGen: 142336K->0K(507392K)] [ParOldGen: 1257661K->197293K(1398272K)] 1399997K->197293K(1905664K), [Metaspace: 60524K->60524K(1105920K)], 0.4732477 secs] [Times: user=2.20 sys=0.00, real=0.47 secs] 
4779.783: [GC (Allocation Failure) [PSYoungGen: 320512K->110304K(505856K)] 517805K->307597K(1904128K), 0.0850594 secs] [Times: user=0.50 sys=0.00, real=0.09 secs] 
4781.070: [GC (Allocation Failure) [PSYoungGen: 435424K->156032K(508928K)] 632717K->459870K(1907200K), 0.0524408 secs] [Times: user=0.31 sys=0.00, real=0.05 secs] 
4784.709: [GC (Allocation Failure) [PSYoungGen: 481152K->100096K(510976K)] 784990K->559358K(1909248K), 0.1520001 secs] [Times: user=0.91 sys=0.00, real=0.15 secs] 
4785.356: [GC (Allocation Failure) [PSYoungGen: 421632K->161344K(483328K)] 880894K->714487K(1881600K), 0.0567709 secs] [Times: user=0.34 sys=0.00, real=0.06 secs] 
4789.667: [GC (Allocation Failure) [PSYoungGen: 482880K->97696K(504832K)] 1036023K->812095K(1903104K), 0.1345723 secs] [Times: user=0.80 sys=0.00, real=0.13 secs] 
4790.077: [GC (GCLocker Initiated GC) [PSYoungGen: 407456K->155648K(465920K)] 1121855K->961840K(1864192K), 0.0568209 secs] [Times: user=0.34 sys=0.00, real=0.05 secs] 
4793.482: [GC (GCLocker Initiated GC) [PSYoungGen: 465408K->89024K(500736K)] 1271602K->1051050K(1899008K), 0.1344975 secs] [Times: user=0.80 sys=0.00, real=0.14 secs] 
4793.860: [GC (Allocation Failure) [PSYoungGen: 391616K->152096K(455168K)] 1353677K->1197386K(1853440K), 0.0553455 secs] [Times: user=0.33 sys=0.00, real=0.05 secs] 
4796.853: [GC (Allocation Failure) [PSYoungGen: 454688K->92736K(499712K)] 1499978K->1290282K(1897984K), 0.1372759 secs] [Times: user=0.81 sys=0.00, real=0.14 secs] 
4796.991: [Full GC (Ergonomics) [PSYoungGen: 92736K->0K(499712K)] [ParOldGen: 1197546K->87667K(1398272K)] 1290282K->87667K(1897984K), [Metaspace: 60524K->59621K(1105920K)], 0.2341517 secs] [Times: user=1.03 sys=0.00, real=0.23 secs] 
4797.434: [GC (Allocation Failure) [PSYoungGen: 299008K->148800K(448000K)] 386675K->236467K(1846272K), 0.0322655 secs] [Times: user=0.19 sys=0.00, real=0.03 secs] 
4800.537: [GC (Allocation Failure) [PSYoungGen: 447808K->89152K(498688K)] 535475K->325303K(1896960K), 0.1508534 secs] [Times: user=0.90 sys=0.00, real=0.15 secs] 
4800.942: [GC (Allocation Failure) [PSYoungGen: 386624K->149504K(447488K)] 622775K->469124K(1845760K), 0.0543550 secs] [Times: user=0.32 sys=0.00, real=0.06 secs] 
4804.209: [GC (Allocation Failure) [PSYoungGen: 446976K->85280K(497664K)] 766596K->554540K(1895936K), 0.1587263 secs] [Times: user=0.95 sys=0.00, real=0.16 secs] 
4804.636: [GC (Allocation Failure) [PSYoungGen: 380704K->146688K(442368K)] 849964K->695609K(1840640K), 0.0514116 secs] [Times: user=0.30 sys=0.00, real=0.06 secs] 
4807.927: [GC (Allocation Failure) [PSYoungGen: 442112K->86976K(497664K)] 991033K->782361K(1895936K), 0.1472296 secs] [Times: user=0.88 sys=0.00, real=0.14 secs] 
4808.682: [GC (Allocation Failure) [PSYoungGen: 376259K->140224K(435200K)] 1071645K->919146K(1833472K), 0.0481371 secs] [Times: user=0.29 sys=0.00, real=0.05 secs] 
4811.353: [GC (Allocation Failure) [PSYoungGen: 435136K->95136K(499200K)] 1214058K->1005786K(1897472K), 0.1543963 secs] [Times: user=0.93 sys=0.00, real=0.16 secs] 
4813.092: [GC (Allocation Failure) [PSYoungGen: 393632K->144576K(495616K)] 1304282K->1146395K(1893888K), 0.0481886 secs] [Times: user=0.28 sys=0.00, real=0.05 secs] 
4814.984: [GC (Allocation Failure) [PSYoungGen: 443072K->100960K(495616K)] 1444891K->1238759K(1893888K), 0.1710824 secs] [Times: user=1.02 sys=0.00, real=0.17 secs] 
4816.666: [GC (Allocation Failure) [PSYoungGen: 404064K->141792K(497664K)] 1541863K->1377756K(1895936K), 0.0507853 secs] [Times: user=0.29 sys=0.00, real=0.06 secs] 
4816.717: [Full GC (Ergonomics) [PSYoungGen: 141792K->0K(497664K)] [ParOldGen: 1235964K->178140K(1398272K)] 1377756K->178140K(1895936K), [Metaspace: 59621K->59621K(1105920K)], 0.4123555 secs] [Times: user=1.91 sys=0.00, real=0.41 secs] 
4819.171: [GC (Allocation Failure) [PSYoungGen: 303104K->103200K(497152K)] 481244K->281340K(1895424K), 0.1111325 secs] [Times: user=0.66 sys=0.00, real=0.11 secs] 
4821.601: [GC (Allocation Failure) [PSYoungGen: 411936K->146368K(500224K)] 590076K->424412K(1898496K), 0.0514216 secs] [Times: user=0.30 sys=0.00, real=0.05 secs] 
4823.560: [GC (Allocation Failure) [PSYoungGen: 455104K->107776K(500736K)] 733148K->523256K(1899008K), 0.1526438 secs] [Times: user=0.91 sys=0.00, real=0.15 secs] 
4825.695: [GC (Allocation Failure) [PSYoungGen: 421120K->147840K(502784K)] 836600K->668421K(1901056K), 0.0528657 secs] [Times: user=0.32 sys=0.00, real=0.06 secs] 
4827.500: [GC (Allocation Failure) [PSYoungGen: 461184K->107392K(504320K)] 981765K->766373K(1902592K), 0.1451886 secs] [Times: user=0.85 sys=0.02, real=0.14 secs] 
4829.790: [GC (Allocation Failure) [PSYoungGen: 424320K->150016K(505344K)] 1083301K->912490K(1903616K), 0.0525173 secs] [Times: user=0.31 sys=0.00, real=0.05 secs] 
4832.258: [GC (Allocation Failure) [PSYoungGen: 466944K->107040K(506880K)] 1229418K->1010370K(1905152K), 0.1572320 secs] [Times: user=0.93 sys=0.00, real=0.15 secs] 
4833.509: [GC (Allocation Failure) [PSYoungGen: 425504K->154112K(473088K)] 1328834K->1160291K(1871360K), 0.0528656 secs] [Times: user=0.31 sys=0.00, real=0.05 secs] 
4836.838: [GC (Allocation Failure) [PSYoungGen: 472576K->107136K(508928K)] 1478755K->1258463K(1907200K), 0.1690330 secs] [Times: user=1.00 sys=0.00, real=0.17 secs] 
4838.078: [GC (Allocation Failure) [PSYoungGen: 409417K->144640K(505344K)] 1560745K->1398984K(1903616K), 0.0533304 secs] [Times: user=0.26 sys=0.00, real=0.05 secs] 
4838.131: [Full GC (Ergonomics) [PSYoungGen: 144640K->0K(505344K)] [ParOldGen: 1254344K->197218K(1398272K)] 1398984K->197218K(1903616K), [Metaspace: 59621K->59616K(1105920K)], 0.4774402 secs] [Times: user=2.23 sys=0.00, real=0.48 secs] 
4840.770: [GC (Allocation Failure) [PSYoungGen: 315392K->106304K(505344K)] 512610K->303522K(1903616K), 0.0988363 secs] [Times: user=0.59 sys=0.00, real=0.10 secs] 
4842.177: [GC (Allocation Failure) [PSYoungGen: 424256K->172192K(490496K)] 621474K->471807K(1888768K), 0.0517995 secs] [Times: user=0.31 sys=0.00, real=0.05 secs] 
4845.619: [GC (Allocation Failure) [PSYoungGen: 490144K->96160K(500736K)] 789759K->551619K(1899008K), 0.1571787 secs] [Times: user=0.94 sys=0.00, real=0.15 secs] 
4846.779: [GC (Allocation Failure) [PSYoungGen: 397728K->147744K(499712K)] 853187K->693594K(1897984K), 0.0542744 secs] [Times: user=0.33 sys=0.00, real=0.05 secs] 
4850.078: [GC (Allocation Failure) [PSYoungGen: 449312K->91168K(500224K)] 995162K->784102K(1898496K), 0.1534579 secs] [Times: user=0.91 sys=0.00, real=0.15 secs] 
4851.609: [GC (Allocation Failure) [PSYoungGen: 386836K->142432K(500224K)] 1079770K->922555K(1898496K), 0.0496374 secs] [Times: user=0.29 sys=0.00, real=0.05 secs] 
4854.081: [GC (Allocation Failure) [PSYoungGen: 444512K->99200K(496128K)] 1224635K->1013351K(1894400K), 0.1607806 secs] [Times: user=0.96 sys=0.00, real=0.16 secs] 
4855.952: [GC (Allocation Failure) [PSYoungGen: 402304K->145376K(498176K)] 1316455K->1154692K(1896448K), 0.0494685 secs] [Times: user=0.29 sys=0.00, real=0.05 secs] 
4857.473: [GC (Allocation Failure) [PSYoungGen: 448480K->103968K(497664K)] 1457796K->1249404K(1895936K), 0.1118306 secs] [Times: user=0.66 sys=0.00, real=0.11 secs] 
4858.903: [GC (Allocation Failure) [PSYoungGen: 411680K->147520K(500224K)] 1557116K->1393025K(1898496K), 0.0515868 secs] [Times: user=0.30 sys=0.00, real=0.05 secs] 
4858.955: [Full GC (Ergonomics) [PSYoungGen: 147520K->0K(500224K)] [ParOldGen: 1245505K->190278K(1398272K)] 1393025K->190278K(1898496K), [Metaspace: 59618K->59618K(1105920K)], 0.4578567 secs] [Times: user=2.14 sys=0.00, real=0.46 secs] 
4861.391: [GC (Allocation Failure) [PSYoungGen: 307712K->104960K(502272K)] 497990K->295238K(1900544K), 0.0920709 secs] [Times: user=0.55 sys=0.00, real=0.09 secs] 
4863.107: [GC (Allocation Failure) [PSYoungGen: 416768K->151648K(503296K)] 607046K->443347K(1901568K), 0.0510427 secs] [Times: user=0.31 sys=0.00, real=0.05 secs] 
4866.442: [GC (Allocation Failure) [PSYoungGen: 463456K->100032K(504832K)] 755155K->534795K(1903104K), 0.1547241 secs] [Times: user=0.93 sys=0.00, real=0.16 secs] 
4867.643: [GC (Allocation Failure) [PSYoungGen: 411328K->152160K(463872K)] 846091K->682904K(1862144K), 0.0489400 secs] [Times: user=0.29 sys=0.00, real=0.05 secs] 
4869.924: [GC (Allocation Failure) [PSYoungGen: 463456K->105440K(505856K)] 994200K->779768K(1904128K), 0.1424732 secs] [Times: user=0.85 sys=0.00, real=0.15 secs] 
4871.599: [GC (Allocation Failure) [PSYoungGen: 410239K->145952K(502784K)] 1084568K->921885K(1901056K), 0.0513825 secs] [Times: user=0.31 sys=0.00, real=0.05 secs] 
4874.881: [GC (Allocation Failure) [PSYoungGen: 455712K->102080K(502784K)] 1231645K->1014973K(1901056K), 0.0935065 secs] [Times: user=0.55 sys=0.00, real=0.09 secs] 
4876.695: [GC (Allocation Failure) [PSYoungGen: 413888K->148608K(503296K)] 1326781K->1160018K(1901568K), 0.1232424 secs] [Times: user=0.73 sys=0.00, real=0.13 secs] 
4879.819: [GC (Allocation Failure) [PSYoungGen: 460416K->102944K(504320K)] 1471826K->1254718K(1902592K), 0.1456210 secs] [Times: user=0.86 sys=0.01, real=0.14 secs] 
4881.117: [GC (Allocation Failure) [PSYoungGen: 409293K->148480K(504832K)] 1561067K->1399055K(1903104K), 0.0510280 secs] [Times: user=0.31 sys=0.00, real=0.05 secs] 
4881.168: [Full GC (Ergonomics) [PSYoungGen: 148480K->0K(504832K)] [ParOldGen: 1250575K->196951K(1398272K)] 1399055K->196951K(1903104K), [Metaspace: 59618K->59618K(1105920K)], 0.4674149 secs] [Times: user=2.17 sys=0.00, real=0.46 secs] 
4883.859: [GC (Allocation Failure) [PSYoungGen: 313856K->105120K(504320K)] 510807K->302071K(1902592K), 0.0867167 secs] [Times: user=0.51 sys=0.01, real=0.08 secs] 
4884.847: [GC (Allocation Failure) [PSYoungGen: 405241K->145088K(504832K)] 602192K->443564K(1903104K), 0.0493516 secs] [Times: user=0.29 sys=0.00, real=0.04 secs] 
4887.603: [GC (Allocation Failure) [PSYoungGen: 459456K->102944K(504320K)] 757932K->538404K(1902592K), 0.1640376 secs] [Times: user=0.98 sys=0.00, real=0.17 secs] 
4889.296: [GC (Allocation Failure) [PSYoungGen: 412924K->148448K(505856K)] 848384K->682761K(1904128K), 0.0498038 secs] [Times: user=0.29 sys=0.00, real=0.04 secs] 
4892.736: [GC (Allocation Failure) [PSYoungGen: 465376K->106336K(506368K)] 999689K->780377K(1904640K), 0.1687905 secs] [Times: user=1.00 sys=0.00, real=0.17 secs] 
4893.874: [GC (Allocation Failure) [PSYoungGen: 424800K->154528K(473088K)] 1098841K->931338K(1871360K), 0.0533054 secs] [Times: user=0.32 sys=0.00, real=0.06 secs] 
4896.665: [GC (Allocation Failure) [PSYoungGen: 472992K->97184K(506880K)] 1249802K->1028274K(1905152K), 0.1536495 secs] [Times: user=0.91 sys=0.00, real=0.16 secs] 
4897.847: [GC (Allocation Failure) [PSYoungGen: 411040K->153056K(466944K)] 1342130K->1175280K(1865216K), 0.1414271 secs] [Times: user=0.84 sys=0.00, real=0.14 secs] 
4901.041: [GC (Allocation Failure) [PSYoungGen: 466912K->97568K(504832K)] 1489136K->1272160K(1903104K), 0.1642314 secs] [Times: user=0.96 sys=0.01, real=0.16 secs] 
4901.956: [GC (Allocation Failure) [PSYoungGen: 406816K->151328K(460800K)] 1581408K->1417621K(1859072K), 0.0557541 secs] [Times: user=0.33 sys=0.00, real=0.06 secs] 
4902.012: [Full GC (Ergonomics) [PSYoungGen: 151328K->0K(460800K)] [ParOldGen: 1266293K->215628K(1398272K)] 1417621K->215628K(1859072K), [Metaspace: 59618K->59618K(1105920K)], 0.5081218 secs] [Times: user=2.37 sys=0.00, real=0.51 secs] 
4907.367: [GC (Allocation Failure) [PSYoungGen: 309248K->88896K(502272K)] 524876K->304524K(1900544K), 0.1311881 secs] [Times: user=0.77 sys=0.00, real=0.13 secs] 
4908.837: [GC (Allocation Failure) [PSYoungGen: 394048K->151040K(456704K)] 609676K->449757K(1854976K), 0.0520290 secs] [Times: user=0.31 sys=0.00, real=0.05 secs] 
4911.413: [GC (Allocation Failure) [PSYoungGen: 452727K->90432K(500736K)] 751444K->539837K(1899008K), 0.1699617 secs] [Times: user=1.01 sys=0.00, real=0.17 secs] 
4912.326: [GC (Allocation Failure) [PSYoungGen: 377649K->138336K(439808K)] 827054K->674621K(1838080K), 0.0495307 secs] [Times: user=0.30 sys=0.00, real=0.05 secs] 
4916.994: [GC (Allocation Failure) [PSYoungGen: 439392K->95648K(500224K)] 975677K->761549K(1898496K), 0.1536094 secs] [Times: user=0.91 sys=0.00, real=0.16 secs] 
4918.761: [GC (Allocation Failure) [PSYoungGen: 399264K->145568K(497664K)] 1065165K->903582K(1895936K), 0.0487945 secs] [Times: user=0.29 sys=0.00, real=0.05 secs] 
4920.806: [GC (Allocation Failure) [PSYoungGen: 449184K->101632K(499712K)] 1207198K->996650K(1897984K), 0.1726108 secs] [Times: user=1.03 sys=0.00, real=0.18 secs] 
4922.397: [GC (Allocation Failure) [PSYoungGen: 410368K->147968K(501248K)] 1305386K->1140963K(1899520K), 0.0510287 secs] [Times: user=0.31 sys=0.00, real=0.05 secs] 
4924.070: [GC (Allocation Failure) [PSYoungGen: 456704K->106848K(500736K)] 1449699K->1239335K(1899008K), 0.1279142 secs] [Times: user=0.76 sys=0.00, real=0.13 secs] 
4926.385: [GC (Allocation Failure) [PSYoungGen: 418144K->150976K(502272K)] 1550631K->1386192K(1900544K), 0.0527740 secs] [Times: user=0.31 sys=0.00, real=0.06 secs] 
4926.438: [Full GC (Ergonomics) [PSYoungGen: 150976K->0K(502272K)] [ParOldGen: 1235216K->191268K(1398272K)] 1386192K->191268K(1900544K), [Metaspace: 59618K->59618K(1105920K)], 0.4652445 secs] [Times: user=2.18 sys=0.00, real=0.46 secs] 
4928.930: [GC (GCLocker Initiated GC) [PSYoungGen: 311296K->102496K(504832K)] 502564K->293764K(1903104K), 0.0911354 secs] [Times: user=0.54 sys=0.00, real=0.09 secs] 
4930.815: [GC (Allocation Failure) [PSYoungGen: 415328K->158880K(472064K)] 606631K->448458K(1870336K), 0.0502505 secs] [Times: user=0.30 sys=0.00, real=0.05 secs] 
4933.844: [GC (Allocation Failure) [PSYoungGen: 471712K->106368K(504320K)] 761290K->537530K(1902592K), 0.1757409 secs] [Times: user=1.05 sys=0.00, real=0.18 secs] 
4935.928: [GC (Allocation Failure) [PSYoungGen: 412544K->147584K(500736K)] 843706K->681259K(1899008K), 0.0509601 secs] [Times: user=0.30 sys=0.00, real=0.05 secs] 
4937.718: [GC (Allocation Failure) [PSYoungGen: 453760K->103168K(500224K)] 987435K->775335K(1898496K), 0.1256297 secs] [Times: user=0.75 sys=0.01, real=0.12 secs] 
4939.371: [GC (Allocation Failure) [PSYoungGen: 411392K->149472K(501248K)] 1083559K->921096K(1899520K), 0.0498734 secs] [Times: user=0.29 sys=0.00, real=0.05 secs] 
4942.024: [GC (Allocation Failure) [PSYoungGen: 457696K->101728K(503296K)] 1229320K->1014396K(1901568K), 0.1657595 secs] [Times: user=0.99 sys=0.00, real=0.17 secs] 
4943.330: [GC (Allocation Failure) [PSYoungGen: 412000K->149184K(503296K)] 1324668K->1159849K(1901568K), 0.0502908 secs] [Times: user=0.30 sys=0.00, real=0.05 secs] 
4945.591: [GC (Allocation Failure) [PSYoungGen: 459456K->104064K(502272K)] 1470121K->1255169K(1900544K), 0.1595653 secs] [Times: user=0.96 sys=0.00, real=0.16 secs] 
4946.815: [GC (Allocation Failure) [PSYoungGen: 406371K->147200K(502784K)] 1557476K->1398146K(1901056K), 0.0507066 secs] [Times: user=0.30 sys=0.01, real=0.05 secs] 
4946.866: [Full GC (Ergonomics) [PSYoungGen: 147200K->0K(502784K)] [ParOldGen: 1250946K->196711K(1398272K)] 1398146K->196711K(1901056K), [Metaspace: 59634K->59634K(1105920K)], 0.4672446 secs] [Times: user=2.17 sys=0.00, real=0.47 secs] 
4949.573: [GC (Allocation Failure) [PSYoungGen: 310272K->104160K(501760K)] 506983K->300871K(1900032K), 0.0892988 secs] [Times: user=0.53 sys=0.01, real=0.09 secs] 
4950.255: [GC (Allocation Failure) [PSYoungGen: 405738K->146656K(503296K)] 602450K->443568K(1901568K), 0.0490009 secs] [Times: user=0.29 sys=0.00, real=0.05 secs] 
4953.653: [GC (Allocation Failure) [PSYoungGen: 458976K->100480K(505344K)] 755888K->535868K(1903616K), 0.1574340 secs] [Times: user=0.94 sys=0.00, real=0.16 secs] 
4954.902: [GC (Allocation Failure) [PSYoungGen: 414045K->151392K(466944K)] 849433K->683161K(1865216K), 0.0490231 secs] [Times: user=0.29 sys=0.00, real=0.05 secs] 
4958.223: [GC (Allocation Failure) [PSYoungGen: 466784K->108352K(508416K)] 998553K->782089K(1906688K), 0.1643197 secs] [Times: user=0.98 sys=0.00, real=0.17 secs] 
4960.181: [GC (Allocation Failure) [PSYoungGen: 409949K->143584K(504832K)] 1083686K->921470K(1903104K), 0.0515548 secs] [Times: user=0.30 sys=0.00, real=0.05 secs] 
4962.495: [GC (Allocation Failure) [PSYoungGen: 457952K->105472K(505344K)] 1235838K->1017954K(1903616K), 0.1360968 secs] [Times: user=0.81 sys=0.00, real=0.14 secs] 
4963.354: [GC (Allocation Failure) [PSYoungGen: 409912K->145856K(505344K)] 1322394K->1159855K(1903616K), 0.0519240 secs] [Times: user=0.30 sys=0.01, real=0.05 secs] 
4966.768: [GC (Allocation Failure) [PSYoungGen: 463296K->106560K(507392K)] 1477295K->1257711K(1905664K), 0.1718163 secs] [Times: user=1.02 sys=0.00, real=0.17 secs] 
4967.962: [GC (GCLocker Initiated GC) [PSYoungGen: 428096K->155744K(477696K)] 1579247K->1409636K(1875968K), 0.0541439 secs] [Times: user=0.32 sys=0.01, real=0.05 secs] 
4968.016: [Full GC (Ergonomics) [PSYoungGen: 155744K->0K(477696K)] [ParOldGen: 1253892K->208492K(1398272K)] 1409636K->208492K(1875968K), [Metaspace: 59634K->59634K(1105920K)], 0.4914370 secs] [Times: user=2.30 sys=0.00, real=0.50 secs] 
4971.181: [GC (Allocation Failure) [PSYoungGen: 321536K->98304K(507904K)] 530031K->306799K(1906176K), 0.1483397 secs] [Times: user=0.87 sys=0.00, real=0.15 secs] 
4971.772: [GC (Allocation Failure) [PSYoungGen: 414208K->158496K(474624K)] 622703K->459848K(1872896K), 0.0554310 secs] [Times: user=0.33 sys=0.00, real=0.06 secs] 
4975.035: [GC (GCLocker Initiated GC) [PSYoungGen: 474400K->95456K(503296K)] 775752K->555480K(1901568K), 0.1484953 secs] [Times: user=0.89 sys=0.00, real=0.15 secs] 
4975.520: [GC (Allocation Failure) [PSYoungGen: 402144K->152032K(458752K)] 862170K->701811K(1857024K), 0.0643346 secs] [Times: user=0.38 sys=0.01, real=0.06 secs] 
4980.069: [GC (Allocation Failure) [PSYoungGen: 458720K->85952K(499712K)] 1008499K->787595K(1897984K), 0.1296751 secs] [Times: user=0.78 sys=0.00, real=0.13 secs] 
4980.809: [GC (Allocation Failure) [PSYoungGen: 387520K->151392K(453120K)] 1089163K->933220K(1851392K), 0.0534655 secs] [Times: user=0.31 sys=0.00, real=0.05 secs] 
4982.602: [GC (Allocation Failure) [PSYoungGen: 452960K->89344K(498688K)] 1234788K->1022692K(1896960K), 0.0953507 secs] [Times: user=0.56 sys=0.00, real=0.10 secs] 
4983.083: [GC (GCLocker Initiated GC) [PSYoungGen: 386816K->145312K(497664K)] 1320164K->1162745K(1895936K), 0.0525894 secs] [Times: user=0.32 sys=0.00, real=0.05 secs] 
4985.612: [GC (Allocation Failure) [PSYoungGen: 442784K->92032K(495104K)] 1460219K->1254379K(1893376K), 0.1446139 secs] [Times: user=0.86 sys=0.01, real=0.15 secs] 
4986.497: [GC (Allocation Failure) [PSYoungGen: 387282K->140512K(496640K)] 1549629K->1391792K(1894912K), 0.0540382 secs] [Times: user=0.32 sys=0.00, real=0.05 secs] 
4986.551: [Full GC (Ergonomics) [PSYoungGen: 140512K->0K(496640K)] [ParOldGen: 1251280K->195519K(1398272K)] 1391792K->195519K(1894912K), [Metaspace: 59636K->59636K(1105920K)], 0.5026725 secs] [Times: user=2.33 sys=0.00, real=0.50 secs] 
4991.528: [GC (Allocation Failure) [PSYoungGen: 297984K->96576K(493568K)] 493503K->292095K(1891840K), 0.0853017 secs] [Times: user=0.50 sys=0.00, real=0.08 secs] 
4993.479: [GC (Allocation Failure) [PSYoungGen: 398656K->145664K(497152K)] 594175K->433436K(1895424K), 0.0472748 secs] [Times: user=0.28 sys=0.00, real=0.04 secs] 
4995.171: [GC (Allocation Failure) [PSYoungGen: 447744K->102848K(497664K)] 735516K->526956K(1895936K), 0.1493260 secs] [Times: user=0.89 sys=0.01, real=0.15 secs] 
4996.146: [GC (Allocation Failure) [PSYoungGen: 409536K->155360K(499712K)] 833644K->676701K(1897984K), 0.0509100 secs] [Times: user=0.30 sys=0.00, real=0.06 secs] 
4998.346: [GC (Allocation Failure) [PSYoungGen: 462048K->104640K(501760K)] 983389K->763853K(1900032K), 0.1060105 secs] [Times: user=0.63 sys=0.00, real=0.10 secs] 
4999.993: [GC (Allocation Failure) [PSYoungGen: 410304K->145760K(500224K)] 1069517K->905915K(1898496K), 0.0517315 secs] [Times: user=0.31 sys=0.00, real=0.05 secs] 
5001.899: [GC (Allocation Failure) [PSYoungGen: 451424K->103456K(498688K)] 1211579K->1000259K(1896960K), 0.1029446 secs] [Times: user=0.61 sys=0.01, real=0.10 secs] 
5003.094: [GC (Allocation Failure) [PSYoungGen: 411680K->147904K(500736K)] 1308483K->1145396K(1899008K), 0.0517226 secs] [Times: user=0.31 sys=0.00, real=0.05 secs] 
5006.269: [GC (Allocation Failure) [PSYoungGen: 454995K->102400K(502784K)] 1452487K->1238968K(1901056K), 0.1586673 secs] [Times: user=0.95 sys=0.00, real=0.16 secs] 
5007.986: [GC (Allocation Failure) [PSYoungGen: 413696K->147040K(503296K)] 1550264K->1383360K(1901568K), 0.0512836 secs] [Times: user=0.30 sys=0.00, real=0.06 secs] 
5008.037: [Full GC (Ergonomics) [PSYoungGen: 147040K->0K(503296K)] [ParOldGen: 1236320K->182951K(1398272K)] 1383360K->182951K(1901568K), [Metaspace: 59636K->59636K(1105920K)], 0.4260164 secs] [Times: user=1.97 sys=0.00, real=0.42 secs] 
5010.306: [GC (Allocation Failure) [PSYoungGen: 311296K->106912K(501760K)] 494247K->289863K(1900032K), 0.0482208 secs] [Times: user=0.28 sys=0.00, real=0.04 secs] 
5012.181: [GC (Allocation Failure) [PSYoungGen: 419744K->149760K(503296K)] 602695K->435776K(1901568K), 0.0517614 secs] [Times: user=0.30 sys=0.00, real=0.05 secs] 
5014.355: [GC (Allocation Failure) [PSYoungGen: 462592K->104224K(505856K)] 748608K->531112K(1904128K), 0.1668155 secs] [Times: user=1.00 sys=0.00, real=0.17 secs] 
5015.809: [GC (Allocation Failure) [PSYoungGen: 419616K->149824K(505856K)] 846504K->677597K(1904128K), 0.0518552 secs] [Times: user=0.31 sys=0.01, real=0.05 secs] 
5018.197: [GC (Allocation Failure) [PSYoungGen: 465216K->108704K(503808K)] 992989K->776969K(1902080K), 0.1460543 secs] [Times: user=0.88 sys=0.00, real=0.14 secs] 
5018.805: [GC (Allocation Failure) [PSYoungGen: 424096K->155488K(471040K)] 1092361K->929086K(1869312K), 0.0534154 secs] [Times: user=0.32 sys=0.00, real=0.06 secs] 
5022.760: [GC (Allocation Failure) [PSYoungGen: 470880K->94336K(505344K)] 1244478K->1023470K(1903616K), 0.1675817 secs] [Times: user=0.99 sys=0.00, real=0.17 secs] 
5024.196: [GC (Allocation Failure) [PSYoungGen: 405120K->165024K(476160K)] 1334254K->1184949K(1874432K), 0.0549877 secs] [Times: user=0.33 sys=0.00, real=0.06 secs] 
5027.384: [GC (Allocation Failure) [PSYoungGen: 475808K->93664K(498688K)] 1495733K->1261757K(1896960K), 0.1632617 secs] [Times: user=0.97 sys=0.00, real=0.17 secs] 
5027.900: [GC (Allocation Failure) [PSYoungGen: 382747K->139328K(436736K)] 1550840K->1397434K(1835008K), 0.0502681 secs] [Times: user=0.30 sys=0.00, real=0.05 secs] 
5027.951: [Full GC (Ergonomics) [PSYoungGen: 139328K->0K(436736K)] [ParOldGen: 1258106K->195839K(1398272K)] 1397434K->195839K(1835008K), [Metaspace: 59681K->59681K(1105920K)], 0.4745063 secs] [Times: user=2.22 sys=0.00, real=0.47 secs] 
5030.608: [GC (Allocation Failure) [PSYoungGen: 296960K->99488K(497664K)] 492799K->295327K(1895936K), 0.0917004 secs] [Times: user=0.54 sys=0.01, real=0.09 secs] 
5032.222: [GC (Allocation Failure) [PSYoungGen: 399008K->145728K(495104K)] 594847K->437080K(1893376K), 0.0473950 secs] [Times: user=0.28 sys=0.00, real=0.05 secs] 
5034.188: [GC (Allocation Failure) [PSYoungGen: 445248K->100352K(499712K)] 736600K->528492K(1897984K), 0.1712080 secs] [Times: user=1.02 sys=0.00, real=0.17 secs] 
5036.771: [GC (Allocation Failure) [PSYoungGen: 407040K->145120K(500736K)] 835180K->669336K(1899008K), 0.0493406 secs] [Times: user=0.29 sys=0.00, real=0.05 secs] 
5038.524: [GC (Allocation Failure) [PSYoungGen: 451808K->105536K(498688K)] 976024K->766012K(1896960K), 0.0967061 secs] [Times: user=0.57 sys=0.00, real=0.10 secs] 
5040.900: [GC (Allocation Failure) [PSYoungGen: 415296K->145472K(501248K)] 1075772K->907825K(1899520K), 0.0524797 secs] [Times: user=0.31 sys=0.00, real=0.05 secs] 
5042.785: [GC (Allocation Failure) [PSYoungGen: 455232K->105344K(502272K)] 1217585K->1003669K(1900544K), 0.1622209 secs] [Times: user=0.96 sys=0.01, real=0.17 secs] 
5044.620: [GC (Allocation Failure) [PSYoungGen: 420224K->152992K(504320K)] 1318549K->1152762K(1902592K), 0.0528224 secs] [Times: user=0.31 sys=0.01, real=0.05 secs] 
5047.278: [GC (Allocation Failure) [PSYoungGen: 467872K->101024K(506880K)] 1467642K->1245058K(1905152K), 0.1578432 secs] [Times: user=0.94 sys=0.00, real=0.15 secs] 
5049.555: [GC (Allocation Failure) [PSYoungGen: 414368K->153536K(466944K)] 1558402K->1394125K(1865216K), 0.0516053 secs] [Times: user=0.31 sys=0.00, real=0.06 secs] 
5049.607: [Full GC (Ergonomics) [PSYoungGen: 153536K->0K(466944K)] [ParOldGen: 1240589K->192684K(1398272K)] 1394125K->192684K(1865216K), [Metaspace: 59699K->59699K(1105920K)], 0.4531799 secs] [Times: user=2.10 sys=0.00, real=0.45 secs] 
5052.053: [GC (Allocation Failure) [PSYoungGen: 313344K->106784K(506368K)] 506028K->299468K(1904640K), 0.0976993 secs] [Times: user=0.57 sys=0.00, real=0.10 secs] 
5052.600: [GC (Allocation Failure) [PSYoungGen: 415444K->147296K(503296K)] 608129K->443625K(1901568K), 0.0503168 secs] [Times: user=0.30 sys=0.00, real=0.05 secs] 
5055.603: [GC (Allocation Failure) [PSYoungGen: 458080K->105248K(501760K)] 754409K->539965K(1900032K), 0.1542062 secs] [Times: user=0.92 sys=0.00, real=0.16 secs] 
5057.065: [GC (Allocation Failure) [PSYoungGen: 412316K->145760K(503296K)] 847034K->682102K(1901568K), 0.0512586 secs] [Times: user=0.30 sys=0.00, real=0.06 secs] 
5059.207: [GC (GCLocker Initiated GC) [PSYoungGen: 458080K->106656K(502784K)] 994422K->780030K(1901056K), 0.1514057 secs] [Times: user=0.90 sys=0.00, real=0.15 secs] 
5060.716: [GC (Allocation Failure) [PSYoungGen: 422560K->141856K(504832K)] 1112366K->934515K(1903104K), 0.2089202 secs] [Times: user=1.26 sys=0.00, real=0.21 secs] 
5064.203: [GC (Allocation Failure) [PSYoungGen: 457760K->98880K(506880K)] 1250419K->1033083K(1905152K), 0.4131006 secs] [Times: user=2.47 sys=0.00, real=0.42 secs] 
5065.293: [GC (Allocation Failure) [PSYoungGen: 419904K->155456K(476672K)] 1354107K->1182676K(1874944K), 0.0574980 secs] [Times: user=0.34 sys=0.00, real=0.06 secs] 
5068.558: [GC (Allocation Failure) [PSYoungGen: 476480K->104128K(508928K)] 1503700K->1285548K(1907200K), 0.1310093 secs] [Times: user=0.78 sys=0.00, real=0.13 secs] 
5068.933: [GC (Allocation Failure) [PSYoungGen: 420544K->159040K(475648K)] 1601964K->1438685K(1873920K), 0.0609838 secs] [Times: user=0.37 sys=0.00, real=0.06 secs] 
5068.994: [Full GC (Ergonomics) [PSYoungGen: 159040K->0K(475648K)] [ParOldGen: 1279645K->237109K(1398272K)] 1438685K->237109K(1873920K), [Metaspace: 59699K->59699K(1105920K)], 0.5597807 secs] [Times: user=2.62 sys=0.00, real=0.56 secs] 
5073.918: [GC (Allocation Failure) [PSYoungGen: 316416K->92672K(503296K)] 553525K->329781K(1901568K), 0.0505006 secs] [Times: user=0.26 sys=0.00, real=0.05 secs] 
5074.248: [GC (Allocation Failure) [PSYoungGen: 399872K->154240K(461824K)] 636981K->477698K(1860096K), 0.0564904 secs] [Times: user=0.33 sys=0.00, real=0.05 secs] 
5078.905: [GC (Allocation Failure) [PSYoungGen: 461440K->88128K(499712K)] 784898K->566098K(1897984K), 0.1090365 secs] [Times: user=0.65 sys=0.00, real=0.11 secs] 
5079.298: [GC (Allocation Failure) [PSYoungGen: 388160K->151008K(451072K)] 866130K->711451K(1849344K), 0.0557531 secs] [Times: user=0.33 sys=0.00, real=0.05 secs] 
5083.063: [GC (Allocation Failure) [PSYoungGen: 451040K->86784K(498176K)] 1011483K->798435K(1896448K), 0.1408769 secs] [Times: user=0.83 sys=0.00, real=0.14 secs] 
5083.446: [GC (Allocation Failure) [PSYoungGen: 383232K->147232K(443904K)] 1094883K->939372K(1842176K), 0.0539896 secs] [Times: user=0.32 sys=0.00, real=0.06 secs] 
5085.896: [GC (Allocation Failure) [PSYoungGen: 443680K->87936K(498176K)] 1235820K->1026916K(1896448K), 0.1174212 secs] [Times: user=0.70 sys=0.00, real=0.12 secs] 
5086.748: [GC (Allocation Failure) [PSYoungGen: 383872K->148320K(444416K)] 1322852K->1169265K(1842688K), 0.0530090 secs] [Times: user=0.31 sys=0.00, real=0.05 secs] 
5089.041: [GC (Allocation Failure) [PSYoungGen: 444256K->90400K(498176K)] 1465201K->1259809K(1896448K), 0.1427392 secs] [Times: user=0.85 sys=0.00, real=0.14 secs] 
5089.578: [GC (Allocation Failure) [PSYoungGen: 385824K->148480K(444416K)] 1555233K->1402755K(1842688K), 0.0535642 secs] [Times: user=0.32 sys=0.00, real=0.05 secs] 
5089.632: [Full GC (Ergonomics) [PSYoungGen: 148480K->0K(444416K)] [ParOldGen: 1254275K->210579K(1398272K)] 1402755K->210579K(1842688K), [Metaspace: 59699K->59699K(1105920K)], 0.4929360 secs] [Times: user=2.29 sys=0.00, real=0.49 secs] 
5094.303: [GC (Allocation Failure) [PSYoungGen: 295424K->83520K(497152K)] 506003K->294099K(1895424K), 0.1369613 secs] [Times: user=0.67 sys=0.00, real=0.14 secs] 
5095.051: [GC (Allocation Failure) [PSYoungGen: 377408K->143200K(495616K)] 587987K->433600K(1893888K), 0.0466957 secs] [Times: user=0.28 sys=0.00, real=0.05 secs] 
5097.580: [GC (Allocation Failure) [PSYoungGen: 437088K->98016K(491008K)] 727488K->523132K(1889280K), 0.1753948 secs] [Times: user=1.04 sys=0.00, real=0.17 secs] 
5099.638: [GC (Allocation Failure) [PSYoungGen: 392928K->140096K(493568K)] 818044K->659297K(1891840K), 0.0478926 secs] [Times: user=0.29 sys=0.00, real=0.04 secs] 
5101.257: [GC (Allocation Failure) [PSYoungGen: 435008K->99520K(492544K)] 954209K->750037K(1890816K), 0.1345095 secs] [Times: user=0.81 sys=0.00, real=0.13 secs] 
5102.713: [GC (Allocation Failure) [PSYoungGen: 401600K->142368K(496640K)] 1052117K->889662K(1894912K), 0.0516344 secs] [Times: user=0.30 sys=0.01, real=0.05 secs] 
5104.013: [GC (Allocation Failure) [PSYoungGen: 444448K->103040K(496128K)] 1191742K->983694K(1894400K), 0.0654628 secs] [Times: user=0.39 sys=0.00, real=0.07 secs] 
5106.431: [GC (Allocation Failure) [PSYoungGen: 411776K->144256K(499712K)] 1292430K->1125279K(1897984K), 0.0529089 secs] [Times: user=0.31 sys=0.00, real=0.05 secs] 
5107.659: [GC (Allocation Failure) [PSYoungGen: 452992K->107264K(500736K)] 1434015K->1223203K(1899008K), 0.0684804 secs] [Times: user=0.41 sys=0.00, real=0.07 secs] 
5110.538: [GC (Allocation Failure) [PSYoungGen: 422144K->148512K(503296K)] 1538083K->1368927K(1901568K), 0.0538385 secs] [Times: user=0.32 sys=0.00, real=0.05 secs] 
5110.592: [Full GC (Ergonomics) [PSYoungGen: 148512K->0K(503296K)] [ParOldGen: 1220415K->176373K(1398272K)] 1368927K->176373K(1901568K), [Metaspace: 59699K->59699K(1105920K)], 0.4178415 secs] [Times: user=1.93 sys=0.00, real=0.42 secs] 
5112.789: [GC (Allocation Failure) [PSYoungGen: 314880K->108288K(505856K)] 491253K->284661K(1904128K), 0.0977089 secs] [Times: user=0.57 sys=0.00, real=0.10 secs] 
5115.156: [GC (Allocation Failure) [PSYoungGen: 426752K->148224K(506368K)] 603125K->430306K(1904640K), 0.0530520 secs] [Times: user=0.32 sys=0.00, real=0.06 secs] 
5117.161: [GC (Allocation Failure) [PSYoungGen: 466688K->109152K(505856K)] 748770K->529886K(1904128K), 0.1759411 secs] [Times: user=1.05 sys=0.01, real=0.18 secs] 
5119.075: [GC (Allocation Failure) [PSYoungGen: 429152K->155072K(475136K)] 849886K->680661K(1873408K), 0.0534939 secs] [Times: user=0.32 sys=0.00, real=0.06 secs] 
5122.009: [GC (Allocation Failure) [PSYoungGen: 475072K->108672K(509952K)] 1000661K->780209K(1908224K), 0.1630052 secs] [Times: user=0.97 sys=0.00, real=0.16 secs] 
5123.078: [GC (Allocation Failure) [PSYoungGen: 426112K->154336K(472064K)] 1097649K->930162K(1870336K), 0.0525529 secs] [Times: user=0.31 sys=0.00, real=0.05 secs] 
5126.086: [GC (Allocation Failure) [PSYoungGen: 471776K->100096K(507392K)] 1247602K->1029802K(1905664K), 0.1542271 secs] [Times: user=0.92 sys=0.00, real=0.16 secs] 
5126.557: [GC (Allocation Failure) [PSYoungGen: 413952K->154112K(468480K)] 1343658K->1178311K(1866752K), 0.0552978 secs] [Times: user=0.33 sys=0.00, real=0.05 secs] 
5129.933: [GC (Allocation Failure) [PSYoungGen: 467968K->96512K(504320K)] 1492167K->1273607K(1902592K), 0.1575067 secs] [Times: user=0.94 sys=0.01, real=0.16 secs] 
5130.517: [GC (Allocation Failure) [PSYoungGen: 405248K->169376K(478208K)] 1582343K->1436864K(1876480K), 0.0559992 secs] [Times: user=0.33 sys=0.00, real=0.05 secs] 
5130.573: [Full GC (Ergonomics) [PSYoungGen: 169376K->0K(478208K)] [ParOldGen: 1267488K->219036K(1398272K)] 1436864K->219036K(1876480K), [Metaspace: 59699K->59699K(1105920K)], 0.5191959 secs] [Times: user=2.43 sys=0.00, real=0.52 secs] 
5134.577: [GC (Allocation Failure) [PSYoungGen: 308736K->90976K(496128K)] 527772K->310012K(1894400K), 0.1328560 secs] [Times: user=0.79 sys=0.00, real=0.13 secs] 
5135.256: [GC (Allocation Failure) [PSYoungGen: 383328K->163040K(455680K)] 602364K->467052K(1853952K), 0.0553206 secs] [Times: user=0.31 sys=0.00, real=0.05 secs] 
5138.060: [GC (Allocation Failure) [PSYoungGen: 455392K->86880K(490496K)] 759404K->537548K(1888768K), 0.1644468 secs] [Times: user=0.98 sys=0.00, real=0.16 secs] 
5138.863: [GC (Allocation Failure) [PSYoungGen: 367968K->143616K(424960K)] 818636K->677640K(1823232K), 0.0482518 secs] [Times: user=0.28 sys=0.00, real=0.05 secs] 
5140.598: [GC (Allocation Failure) [PSYoungGen: 424704K->95072K(490496K)] 958728K->755448K(1888768K), 0.1111990 secs] [Times: user=0.66 sys=0.00, real=0.11 secs] 
5141.425: [GC (Allocation Failure) [PSYoungGen: 378720K->136000K(487936K)] 1039096K->889077K(1886208K), 0.0480231 secs] [Times: user=0.28 sys=0.00, real=0.05 secs] 
5143.359: [GC (Allocation Failure) [PSYoungGen: 419648K->97280K(491008K)] 1172725K->977593K(1889280K), 0.0621038 secs] [Times: user=0.37 sys=0.00, real=0.06 secs] 
5146.354: [GC (Allocation Failure) [PSYoungGen: 387584K->138112K(488448K)] 1267897K->1113809K(1886720K), 0.0547990 secs] [Times: user=0.33 sys=0.00, real=0.06 secs] 
5147.564: [GC (Allocation Failure) [PSYoungGen: 428416K->112160K(493568K)] 1404113K->1208121K(1891840K), 0.0622548 secs] [Times: user=0.37 sys=0.00, real=0.06 secs] 
5150.002: [GC (Allocation Failure) [PSYoungGen: 416288K->127264K(495104K)] 1512249K->1335081K(1893376K), 0.0626860 secs] [Times: user=0.37 sys=0.00, real=0.06 secs] 
5151.197: [GC (Allocation Failure) [PSYoungGen: 431392K->121280K(500224K)] 1639209K->1445873K(1898496K), 0.0634904 secs] [Times: user=0.38 sys=0.01, real=0.06 secs] 
5151.260: [Full GC (Ergonomics) [PSYoungGen: 121280K->0K(500224K)] [ParOldGen: 1324593K->251076K(1398272K)] 1445873K->251076K(1898496K), [Metaspace: 59736K->59736K(1105920K)], 0.5252477 secs] [Times: user=2.30 sys=0.00, real=0.52 secs] 
5155.157: [GC (Allocation Failure) [PSYoungGen: 322048K->140864K(502272K)] 573124K->391940K(1900544K), 0.0354983 secs] [Times: user=0.21 sys=0.00, real=0.03 secs] 
5156.403: [GC (Allocation Failure) [PSYoungGen: 462912K->4032K(487936K)] 713988K->255156K(1886208K), 0.0019886 secs] [Times: user=0.01 sys=0.00, real=0.00 secs] 
5158.650: [GC (Allocation Failure) [PSYoungGen: 310720K->136544K(443392K)] 561844K->390025K(1841664K), 0.0274677 secs] [Times: user=0.16 sys=0.00, real=0.03 secs] 
5159.820: [GC (Allocation Failure) [PSYoungGen: 443232K->112864K(509952K)] 696713K->493269K(1908224K), 0.0639370 secs] [Times: user=0.38 sys=0.00, real=0.06 secs] 
5162.694: [GC (Allocation Failure) [PSYoungGen: 426208K->139296K(502272K)] 806613K->631090K(1900544K), 0.0590224 secs] [Times: user=0.35 sys=0.00, real=0.06 secs] 
5163.897: [GC (Allocation Failure) [PSYoungGen: 452640K->114624K(501760K)] 944434K->736198K(1900032K), 0.0649231 secs] [Times: user=0.38 sys=0.00, real=0.06 secs] 
5164.775: [GC (Allocation Failure) [PSYoungGen: 434112K->150560K(502784K)] 1055686K->885552K(1901056K), 0.0545307 secs] [Times: user=0.32 sys=0.00, real=0.06 secs] 
5166.114: [GC (Allocation Failure) [PSYoungGen: 470048K->111552K(509952K)] 1205040K->987932K(1908224K), 0.0705603 secs] [Times: user=0.38 sys=0.00, real=0.07 secs] 
5170.043: [GC (Allocation Failure) [PSYoungGen: 437184K->148000K(509440K)] 1313564K->1133480K(1907712K), 0.0546624 secs] [Times: user=0.32 sys=0.00, real=0.06 secs] 
5171.971: [GC (Allocation Failure) [PSYoungGen: 473632K->114112K(508928K)] 1459112K->1238081K(1907200K), 0.1590688 secs] [Times: user=0.95 sys=0.00, real=0.16 secs] 
5173.445: [GC (Allocation Failure) [PSYoungGen: 437794K->154080K(509952K)] 1561763K->1388145K(1908224K), 0.0552951 secs] [Times: user=0.33 sys=0.00, real=0.06 secs] 
5173.500: [Full GC (Ergonomics) [PSYoungGen: 154080K->0K(509952K)] [ParOldGen: 1234065K->195621K(1398272K)] 1388145K->195621K(1908224K), [Metaspace: 59736K->59736K(1105920K)], 0.4642238 secs] [Times: user=2.14 sys=0.00, real=0.46 secs] 
5176.776: [GC (Allocation Failure) [PSYoungGen: 327168K->109408K(512512K)] 522789K->305029K(1910784K), 0.0969953 secs] [Times: user=0.57 sys=0.01, real=0.10 secs] 
5178.520: [GC (Allocation Failure) [PSYoungGen: 434016K->157184K(482304K)] 629637K->457802K(1880576K), 0.0520747 secs] [Times: user=0.31 sys=0.01, real=0.05 secs] 
5181.421: [GC (Allocation Failure) [PSYoungGen: 481792K->101152K(509440K)] 782410K->558394K(1907712K), 0.1568278 secs] [Times: user=0.93 sys=0.01, real=0.16 secs] 
5181.881: [GC (Allocation Failure) [PSYoungGen: 419104K->159616K(477696K)] 876346K->712339K(1875968K), 0.0581668 secs] [Times: user=0.34 sys=0.00, real=0.06 secs] 
5186.938: [GC (Allocation Failure) [PSYoungGen: 477568K->92896K(503808K)] 1030291K->805315K(1902080K), 0.1587060 secs] [Times: user=0.94 sys=0.00, real=0.16 secs] 
5187.365: [GC (Allocation Failure) [PSYoungGen: 400608K->152736K(460800K)] 1113027K->952148K(1859072K), 0.0561228 secs] [Times: user=0.33 sys=0.00, real=0.06 secs] 
5190.957: [GC (Allocation Failure) [PSYoungGen: 460448K->93696K(501760K)] 1259860K->1045596K(1900032K), 0.1365418 secs] [Times: user=0.81 sys=0.00, real=0.13 secs] 
5191.335: [GC (Allocation Failure) [PSYoungGen: 396800K->150528K(454144K)] 1348700K->1189917K(1852416K), 0.0558931 secs] [Times: user=0.33 sys=0.00, real=0.06 secs] 
5194.535: [GC (Allocation Failure) [PSYoungGen: 453632K->88480K(500224K)] 1493021K->1277877K(1898496K), 0.1561165 secs] [Times: user=0.93 sys=0.00, real=0.16 secs] 
5194.691: [Full GC (Ergonomics) [PSYoungGen: 88480K->0K(500224K)] [ParOldGen: 1189397K->78231K(1398272K)] 1277877K->78231K(1898496K), [Metaspace: 59736K->59736K(1105920K)], 0.2098530 secs] [Times: user=0.99 sys=0.00, real=0.21 secs] 
5195.114: [GC (Allocation Failure) [PSYoungGen: 300544K->151104K(452096K)] 378775K->229335K(1850368K), 0.0332296 secs] [Times: user=0.20 sys=0.00, real=0.04 secs] 
5198.334: [GC (Allocation Failure) [PSYoungGen: 451648K->91552K(498688K)] 529879K->321035K(1896960K), 0.1473213 secs] [Times: user=0.87 sys=0.00, real=0.15 secs] 
5198.750: [GC (Allocation Failure) [PSYoungGen: 388512K->163616K(460800K)] 617995K->478756K(1859072K), 0.0546131 secs] [Times: user=0.32 sys=0.00, real=0.05 secs] 
5201.754: [GC (Allocation Failure) [PSYoungGen: 460576K->88224K(493056K)] 775716K->550340K(1891328K), 0.1551163 secs] [Times: user=0.92 sys=0.00, real=0.16 secs] 
5202.218: [GC (Allocation Failure) [PSYoungGen: 373920K->143808K(429568K)] 836036K->688810K(1827840K), 0.0512471 secs] [Times: user=0.31 sys=0.00, real=0.05 secs] 
5205.307: [GC (Allocation Failure) [PSYoungGen: 429504K->82496K(491520K)] 974506K->771282K(1889792K), 0.1692370 secs] [Times: user=1.00 sys=0.01, real=0.16 secs] 
5207.332: [GC (Allocation Failure) [PSYoungGen: 368704K->138240K(491008K)] 1057490K->904875K(1889280K), 0.0479575 secs] [Times: user=0.28 sys=0.00, real=0.05 secs] 
5208.835: [GC (Allocation Failure) [PSYoungGen: 424448K->95552K(489472K)] 1191083K->991367K(1887744K), 0.0869898 secs] [Times: user=0.51 sys=0.00, real=0.09 secs] 
5211.434: [GC (Allocation Failure) [PSYoungGen: 386880K->135872K(490496K)] 1282695K->1124139K(1888768K), 0.0505291 secs] [Times: user=0.29 sys=0.01, real=0.05 secs] 
5212.605: [GC (Allocation Failure) [PSYoungGen: 427200K->104384K(489984K)] 1415467K->1218960K(1888256K), 0.0625275 secs] [Times: user=0.37 sys=0.01, real=0.07 secs] 
5215.271: [GC (Allocation Failure) [PSYoungGen: 406464K->139296K(494592K)] 1521040K->1356788K(1892864K), 0.0534708 secs] [Times: user=0.32 sys=0.00, real=0.05 secs] 
5215.324: [Full GC (Ergonomics) [PSYoungGen: 139296K->0K(494592K)] [ParOldGen: 1217492K->157589K(1398272K)] 1356788K->157589K(1892864K), [Metaspace: 59736K->59736K(1105920K)], 0.3724207 secs] [Times: user=1.72 sys=0.00, real=0.38 secs] 
5216.768: [GC (Allocation Failure) [PSYoungGen: 302080K->107168K(497152K)] 459669K->264757K(1895424K), 0.0387451 secs] [Times: user=0.23 sys=0.00, real=0.04 secs] 
5220.152: [GC (Allocation Failure) [PSYoungGen: 421024K->139584K(501760K)] 578613K->402810K(1900032K), 0.0551350 secs] [Times: user=0.33 sys=0.00, real=0.06 secs] 
5221.394: [GC (Allocation Failure) [PSYoungGen: 453440K->113760K(501248K)] 716666K->506882K(1899520K), 0.0644263 secs] [Times: user=0.39 sys=0.00, real=0.07 secs] 
5224.484: [GC (Allocation Failure) [PSYoungGen: 436320K->145792K(505856K)] 829442K->650734K(1904128K), 0.0541916 secs] [Times: user=0.32 sys=0.00, real=0.06 secs] 
5225.768: [GC (Allocation Failure) [PSYoungGen: 468352K->116768K(508416K)] 973294K->757655K(1906688K), 0.0655012 secs] [Times: user=0.39 sys=0.00, real=0.06 secs] 
5228.935: [GC (Allocation Failure) [PSYoungGen: 445984K->152384K(510464K)] 1086871K->907363K(1908736K), 0.0561159 secs] [Times: user=0.33 sys=0.01, real=0.06 secs] 
5230.918: [GC (Allocation Failure) [PSYoungGen: 481600K->114144K(513536K)] 1236579K->1012367K(1911808K), 0.0999628 secs] [Times: user=0.60 sys=0.00, real=0.10 secs] 
5232.631: [GC (Allocation Failure) [PSYoungGen: 429970K->151808K(512512K)] 1328194K->1159428K(1910784K), 0.0546251 secs] [Times: user=0.32 sys=0.00, real=0.05 secs] 
5234.347: [GC (Allocation Failure) [PSYoungGen: 482048K->115776K(513024K)] 1489668K->1266668K(1911296K), 0.1552048 secs] [Times: user=0.92 sys=0.01, real=0.15 secs] 
5235.448: [GC (Allocation Failure) [PSYoungGen: 445504K->162336K(492544K)] 1596396K->1422525K(1890816K), 0.0549440 secs] [Times: user=0.33 sys=0.00, real=0.05 secs] 
5235.503: [Full GC (Ergonomics) [PSYoungGen: 162336K->0K(492544K)] [ParOldGen: 1260189K->220239K(1398272K)] 1422525K->220239K(1890816K), [Metaspace: 59736K->59736K(1105920K)], 0.5208960 secs] [Times: user=2.43 sys=0.00, real=0.52 secs] 
5239.450: [GC (Allocation Failure) [PSYoungGen: 329728K->101856K(509952K)] 549967K->322095K(1908224K), 0.0940102 secs] [Times: user=0.56 sys=0.00, real=0.09 secs] 
5239.816: [GC (Allocation Failure) [PSYoungGen: 421344K->160640K(480256K)] 641583K->476596K(1878528K), 0.0588384 secs] [Times: user=0.35 sys=0.00, real=0.06 secs] 
5242.556: [GC (Allocation Failure) [PSYoungGen: 480128K->99200K(504832K)] 796084K->575948K(1903104K), 0.0989670 secs] [Times: user=0.59 sys=0.00, real=0.10 secs] 
5243.065: [GC (Allocation Failure) [PSYoungGen: 408448K->153248K(462848K)] 885196K->723085K(1861120K), 0.0854621 secs] [Times: user=0.51 sys=0.00, real=0.09 secs] 
5246.992: [GC (Allocation Failure) [PSYoungGen: 462496K->89472K(501760K)] 1032333K->812365K(1900032K), 0.1012340 secs] [Times: user=0.60 sys=0.00, real=0.10 secs] 
5247.316: [GC (Allocation Failure) [PSYoungGen: 394112K->153056K(457728K)] 1117005K->959349K(1856000K), 0.0572903 secs] [Times: user=0.34 sys=0.00, real=0.06 secs] 
5250.631: [GC (Allocation Failure) [PSYoungGen: 457696K->91392K(499712K)] 1263989K->1050485K(1897984K), 0.1143615 secs] [Times: user=0.68 sys=0.00, real=0.11 secs] 
5250.976: [GC (Allocation Failure) [PSYoungGen: 390912K->150560K(450560K)] 1350005K->1194834K(1848832K), 0.0570102 secs] [Times: user=0.34 sys=0.00, real=0.06 secs] 
5254.885: [GC (Allocation Failure) [PSYoungGen: 450080K->84672K(497664K)] 1494354K->1279714K(1895936K), 0.1304327 secs] [Times: user=0.77 sys=0.00, real=0.13 secs] 
5255.016: [Full GC (Ergonomics) [PSYoungGen: 84672K->0K(497664K)] [ParOldGen: 1195042K->87854K(1398272K)] 1279714K->87854K(1895936K), [Metaspace: 59736K->59736K(1105920K)], 0.2288423 secs] [Times: user=1.07 sys=0.00, real=0.23 secs] 
5255.447: [GC (Allocation Failure) [PSYoungGen: 295936K->145856K(441856K)] 383790K->233711K(1840128K), 0.0317404 secs] [Times: user=0.19 sys=0.00, real=0.03 secs] 
5258.931: [GC (Allocation Failure) [PSYoungGen: 441792K->88576K(498176K)] 529647K->321719K(1896448K), 0.1526669 secs] [Times: user=0.91 sys=0.00, real=0.15 secs] 
5259.335: [GC (Allocation Failure) [PSYoungGen: 384512K->147040K(496640K)] 617655K->462991K(1894912K), 0.0525925 secs] [Times: user=0.31 sys=0.00, real=0.06 secs] 
5262.339: [GC (Allocation Failure) [PSYoungGen: 442976K->85376K(497152K)] 758927K->548479K(1895424K), 0.1499572 secs] [Times: user=0.89 sys=0.01, real=0.15 secs] 
5263.417: [GC (Allocation Failure) [PSYoungGen: 380800K->162976K(458752K)] 843903K->705816K(1857024K), 0.0515389 secs] [Times: user=0.30 sys=0.00, real=0.05 secs] 
5265.119: [GC (Allocation Failure) [PSYoungGen: 458400K->91936K(493056K)] 1001240K->781080K(1891328K), 0.1321307 secs] [Times: user=0.78 sys=0.01, real=0.13 secs] 
5266.735: [GC (Allocation Failure) [PSYoungGen: 376096K->136032K(420352K)] 1065240K->913293K(1818624K), 0.0483206 secs] [Times: user=0.29 sys=0.00, real=0.05 secs] 
5267.875: [GC (Allocation Failure) [PSYoungGen: 420192K->93504K(489984K)] 1197453K->998145K(1888256K), 0.0611031 secs] [Times: user=0.36 sys=0.00, real=0.07 secs] 
5269.881: [GC (Allocation Failure) [PSYoungGen: 380736K->134368K(486912K)] 1285377K->1129862K(1885184K), 0.0472870 secs] [Times: user=0.28 sys=0.00, real=0.05 secs] 
5271.074: [GC (Allocation Failure) [PSYoungGen: 421600K->101536K(495104K)] 1417094K->1222102K(1893376K), 0.0620935 secs] [Times: user=0.37 sys=0.00, real=0.07 secs] 
5273.438: [GC (Allocation Failure) [PSYoungGen: 402080K->138176K(493568K)] 1522646K->1358807K(1891840K), 0.0510676 secs] [Times: user=0.30 sys=0.00, real=0.05 secs] 
5273.490: [Full GC (Ergonomics) [PSYoungGen: 138176K->0K(493568K)] [ParOldGen: 1220631K->158234K(1398272K)] 1358807K->158234K(1891840K), [Metaspace: 59736K->59736K(1105920K)], 0.3631310 secs] [Times: user=1.67 sys=0.00, real=0.36 secs] 
5275.531: [GC (Allocation Failure) [PSYoungGen: 300544K->106656K(498688K)] 458778K->264890K(1896960K), 0.0389457 secs] [Times: user=0.23 sys=0.00, real=0.04 secs] 
5278.182: [GC (Allocation Failure) [PSYoungGen: 420000K->140288K(501248K)] 578234K->403991K(1899520K), 0.0569663 secs] [Times: user=0.34 sys=0.00, real=0.06 secs] 
5280.219: [GC (Allocation Failure) [PSYoungGen: 453632K->110272K(502784K)] 717335K->505063K(1901056K), 0.0656033 secs] [Times: user=0.39 sys=0.00, real=0.06 secs] 
5282.345: [GC (Allocation Failure) [PSYoungGen: 432320K->148160K(506368K)] 827111K->651420K(1904640K), 0.0538341 secs] [Times: user=0.31 sys=0.01, real=0.06 secs] 
5283.533: [GC (Allocation Failure) [PSYoungGen: 470208K->115040K(507904K)] 973468K->757164K(1906176K), 0.0677573 secs] [Times: user=0.41 sys=0.00, real=0.07 secs] 
5285.751: [GC (Allocation Failure) [PSYoungGen: 441696K->153024K(509440K)] 1083820K->907568K(1907712K), 0.0562827 secs] [Times: user=0.33 sys=0.00, real=0.06 secs] 
5287.484: [GC (Allocation Failure) [PSYoungGen: 479680K->115136K(511488K)] 1234224K->1013400K(1909760K), 0.1549158 secs] [Times: user=0.92 sys=0.01, real=0.16 secs] 
5290.044: [GC (Allocation Failure) [PSYoungGen: 432747K->151200K(510464K)] 1331012K->1160105K(1908736K), 0.0556949 secs] [Times: user=0.34 sys=0.00, real=0.06 secs] 
5293.149: [GC (Allocation Failure) [PSYoungGen: 477856K->110336K(512000K)] 1486761K->1261417K(1910272K), 0.1530030 secs] [Times: user=0.91 sys=0.00, real=0.15 secs] 
5294.524: [GC (Allocation Failure) [PSYoungGen: 436480K->172704K(499200K)] 1587561K->1430618K(1897472K), 0.0554939 secs] [Times: user=0.33 sys=0.00, real=0.06 secs] 
5294.580: [Full GC (Ergonomics) [PSYoungGen: 172704K->0K(499200K)] [ParOldGen: 1257914K->212031K(1398272K)] 1430618K->212031K(1897472K), [Metaspace: 59736K->59736K(1105920K)], 0.4928430 secs] [Times: user=2.30 sys=0.00, real=0.49 secs] 
5298.304: [GC (Allocation Failure) [PSYoungGen: 326144K->100416K(504320K)] 538175K->312447K(1902592K), 0.1352875 secs] [Times: user=0.80 sys=0.00, real=0.14 secs] 
5298.962: [GC (Allocation Failure) [PSYoungGen: 408640K->153248K(461824K)] 620671K->459776K(1860096K), 0.0551857 secs] [Times: user=0.33 sys=0.00, real=0.06 secs] 
5301.723: [GC (Allocation Failure) [PSYoungGen: 461472K->91936K(501760K)] 768000K->551512K(1900032K), 0.0918295 secs] [Times: user=0.54 sys=0.00, real=0.09 secs] 
5302.209: [GC (Allocation Failure) [PSYoungGen: 396064K->152096K(456704K)] 855640K->698281K(1854976K), 0.0794640 secs] [Times: user=0.48 sys=0.00, real=0.08 secs] 
5304.569: [GC (Allocation Failure) [PSYoungGen: 456224K->93696K(500224K)] 1002409K->792105K(1898496K), 0.1491569 secs] [Times: user=0.88 sys=0.01, real=0.15 secs] 
5304.995: [GC (Allocation Failure) [PSYoungGen: 394240K->147456K(499200K)] 1092649K->933969K(1897472K), 0.0537142 secs] [Times: user=0.32 sys=0.00, real=0.06 secs] 
5308.142: [GC (Allocation Failure) [PSYoungGen: 448000K->89760K(499200K)] 1234513K->1022753K(1897472K), 0.1314395 secs] [Times: user=0.78 sys=0.00, real=0.13 secs] 
5308.782: [GC (Allocation Failure) [PSYoungGen: 390304K->150720K(451584K)] 1323297K->1167562K(1849856K), 0.0531119 secs] [Times: user=0.31 sys=0.00, real=0.05 secs] 
5312.588: [GC (Allocation Failure) [PSYoungGen: 451264K->86240K(498176K)] 1468106K->1253770K(1896448K), 0.1600380 secs] [Times: user=0.95 sys=0.00, real=0.16 secs] 
5313.366: [GC (Allocation Failure) [PSYoungGen: 377360K->140384K(437760K)] 1544891K->1390199K(1836032K), 0.0490213 secs] [Times: user=0.29 sys=0.00, real=0.05 secs] 
5313.415: [Full GC (Ergonomics) [PSYoungGen: 140384K->0K(437760K)] [ParOldGen: 1249815K->195842K(1398272K)] 1390199K->195842K(1836032K), [Metaspace: 59737K->59737K(1105920K)], 0.4754972 secs] [Times: user=2.22 sys=0.00, real=0.48 secs] 
5315.676: [GC (Allocation Failure) [PSYoungGen: 296960K->100128K(500224K)] 492802K->295970K(1898496K), 0.1020597 secs] [Times: user=0.60 sys=0.00, real=0.11 secs] 
5317.273: [GC (Allocation Failure) [PSYoungGen: 400672K->144384K(496640K)] 596514K->436011K(1894912K), 0.0480741 secs] [Times: user=0.28 sys=0.00, real=0.05 secs] 
5319.134: [GC (Allocation Failure) [PSYoungGen: 444928K->101184K(498176K)] 736555K->527731K(1896448K), 0.1665530 secs] [Times: user=1.00 sys=0.00, real=0.17 secs] 
5320.507: [GC (Allocation Failure) [PSYoungGen: 406848K->147104K(499200K)] 833395K->671120K(1897472K), 0.0492395 secs] [Times: user=0.30 sys=0.00, real=0.04 secs] 
5322.338: [GC (Allocation Failure) [PSYoungGen: 452768K->103744K(499712K)] 976784K->765612K(1897984K), 0.1574456 secs] [Times: user=0.94 sys=0.00, real=0.15 secs] 
5324.075: [GC (Allocation Failure) [PSYoungGen: 412992K->148832K(501248K)] 1074860K->910249K(1899520K), 0.0508121 secs] [Times: user=0.30 sys=0.01, real=0.05 secs] 
5325.558: [GC (Allocation Failure) [PSYoungGen: 458080K->106592K(501760K)] 1219497K->1008089K(1900032K), 0.1039148 secs] [Times: user=0.62 sys=0.00, real=0.10 secs] 
5326.749: [GC (Allocation Failure) [PSYoungGen: 418400K->151104K(502784K)] 1319897K->1155611K(1901056K), 0.0526735 secs] [Times: user=0.31 sys=0.00, real=0.05 secs] 
5329.706: [GC (Allocation Failure) [PSYoungGen: 462912K->102176K(505344K)] 1467419K->1249307K(1903616K), 0.1644900 secs] [Times: user=0.98 sys=0.00, real=0.17 secs] 
5331.623: [GC (Allocation Failure) [PSYoungGen: 414496K->149792K(462336K)] 1561627K->1395132K(1860608K), 0.0508320 secs] [Times: user=0.30 sys=0.00, real=0.05 secs] 
5331.674: [Full GC (Ergonomics) [PSYoungGen: 149792K->0K(462336K)] [ParOldGen: 1245339K->193891K(1398272K)] 1395132K->193891K(1860608K), [Metaspace: 59737K->59737K(1105920K)], 0.4680057 secs] [Times: user=2.19 sys=0.00, real=0.47 secs] 
5334.359: [GC (Allocation Failure) [PSYoungGen: 312320K->103264K(506880K)] 506211K->297155K(1905152K), 0.1034604 secs] [Times: user=0.61 sys=0.00, real=0.10 secs] 
5336.129: [GC (Allocation Failure) [PSYoungGen: 415072K->150624K(503808K)] 608963K->443519K(1902080K), 0.0494253 secs] [Times: user=0.29 sys=0.00, real=0.05 secs] 
5338.858: [GC (Allocation Failure) [PSYoungGen: 462432K->100992K(504320K)] 755327K->535559K(1902592K), 0.1648008 secs] [Times: user=0.97 sys=0.00, real=0.16 secs] 
5340.194: [GC (Allocation Failure) [PSYoungGen: 411054K->151072K(462848K)] 845622K->682136K(1861120K), 0.0493433 secs] [Times: user=0.29 sys=0.00, real=0.05 secs] 
5342.042: [GC (Allocation Failure) [PSYoungGen: 462368K->104224K(506368K)] 993432K->777608K(1904640K), 0.1337814 secs] [Times: user=0.79 sys=0.00, real=0.13 secs] 
5343.570: [GC (Allocation Failure) [PSYoungGen: 410903K->147424K(503296K)] 1084287K->920953K(1901568K), 0.0505302 secs] [Times: user=0.30 sys=0.00, real=0.05 secs] 
5345.954: [GC (Allocation Failure) [PSYoungGen: 458208K->103680K(502272K)] 1231737K->1015657K(1900544K), 0.1472748 secs] [Times: user=0.88 sys=0.00, real=0.15 secs] 
5347.597: [GC (Allocation Failure) [PSYoungGen: 409349K->148096K(503296K)] 1321326K->1159450K(1901568K), 0.0507338 secs] [Times: user=0.30 sys=0.00, real=0.05 secs] 
5349.555: [GC (Allocation Failure) [PSYoungGen: 459904K->105152K(503296K)] 1471258K->1256198K(1901568K), 0.1695142 secs] [Times: user=1.01 sys=0.00, real=0.17 secs] 
5350.725: [GC (Allocation Failure) [PSYoungGen: 408370K->146304K(504320K)] 1559417K->1398339K(1902592K), 0.0515635 secs] [Times: user=0.31 sys=0.01, real=0.06 secs] 
5350.777: [Full GC (Ergonomics) [PSYoungGen: 146304K->0K(504320K)] [ParOldGen: 1252035K->196045K(1398272K)] 1398339K->196045K(1902592K), [Metaspace: 59737K->59737K(1105920K)], 0.4702625 secs] [Times: user=2.19 sys=0.00, real=0.47 secs] 
5353.792: [GC (Allocation Failure) [PSYoungGen: 313856K->106176K(503808K)] 509901K->302221K(1902080K), 0.0983403 secs] [Times: user=0.58 sys=0.00, real=0.10 secs] 
5354.702: [GC (Allocation Failure) [PSYoungGen: 409455K->144544K(505344K)] 605500K->443438K(1903616K), 0.0499346 secs] [Times: user=0.30 sys=0.00, real=0.05 secs] 
5357.185: [GC (Allocation Failure) [PSYoungGen: 460960K->105856K(505856K)] 759854K->540542K(1904128K), 0.1614219 secs] [Times: user=0.95 sys=0.01, real=0.17 secs] 
5358.234: [GC (Allocation Failure) [PSYoungGen: 425856K->155616K(475648K)] 860542K->692403K(1873920K), 0.0522755 secs] [Times: user=0.31 sys=0.00, real=0.06 secs] 
5360.752: [GC (Allocation Failure) [PSYoungGen: 475616K->101440K(508416K)] 1012403K->793643K(1906688K), 0.1774558 secs] [Times: user=1.00 sys=0.00, real=0.18 secs] 
5361.608: [GC (Allocation Failure) [PSYoungGen: 417344K->154944K(471040K)] 1109547K->942772K(1869312K), 0.0578934 secs] [Times: user=0.34 sys=0.00, real=0.05 secs] 
5364.985: [GC (Allocation Failure) [PSYoungGen: 470848K->99168K(505344K)] 1258676K->1041116K(1903616K), 0.1558273 secs] [Times: user=0.93 sys=0.00, real=0.16 secs] 
5365.391: [GC (Allocation Failure) [PSYoungGen: 409440K->152704K(463360K)] 1351388K->1188073K(1861632K), 0.0568420 secs] [Times: user=0.34 sys=0.00, real=0.06 secs] 
5369.575: [GC (Allocation Failure) [PSYoungGen: 462976K->93408K(503296K)] 1498345K->1280733K(1901568K), 0.1584794 secs] [Times: user=0.94 sys=0.00, real=0.16 secs] 
5370.003: [GC (Allocation Failure) [PSYoungGen: 400096K->152480K(459264K)] 1587421K->1427402K(1857536K), 0.0563313 secs] [Times: user=0.33 sys=0.00, real=0.06 secs] 
5370.060: [Full GC (Ergonomics) [PSYoungGen: 152480K->0K(459264K)] [ParOldGen: 1274922K->225325K(1398272K)] 1427402K->225325K(1857536K), [Metaspace: 59737K->59737K(1105920K)], 0.5329136 secs] [Times: user=2.50 sys=0.00, real=0.53 secs] 
5373.481: [GC (Allocation Failure) [PSYoungGen: 306688K->92576K(501248K)] 532013K->317901K(1899520K), 0.0854976 secs] [Times: user=0.50 sys=0.01, real=0.09 secs] 
5373.851: [GC (Allocation Failure) [PSYoungGen: 394656K->151744K(454144K)] 619981K->463437K(1852416K), 0.0549121 secs] [Times: user=0.32 sys=0.00, real=0.05 secs] 
5378.072: [GC (Allocation Failure) [PSYoungGen: 453824K->87712K(499200K)] 765517K->551353K(1897472K), 0.1463880 secs] [Times: user=0.87 sys=0.00, real=0.15 secs] 
5378.495: [GC (Allocation Failure) [PSYoungGen: 386208K->146752K(445440K)] 849849K->692478K(1843712K), 0.0527701 secs] [Times: user=0.31 sys=0.00, real=0.06 secs] 
5380.978: [GC (Allocation Failure) [PSYoungGen: 445248K->90496K(499200K)] 990974K->782286K(1897472K), 0.1738993 secs] [Times: user=1.03 sys=0.01, real=0.17 secs] 
5382.242: [GC (Allocation Failure) [PSYoungGen: 372369K->135744K(434176K)] 1064159K->912019K(1832448K), 0.0474608 secs] [Times: user=0.28 sys=0.00, real=0.05 secs] 
5384.450: [GC (Allocation Failure) [PSYoungGen: 433728K->100000K(498688K)] 1210003K->1003123K(1896960K), 0.1661429 secs] [Times: user=0.98 sys=0.00, real=0.16 secs] 
5386.180: [GC (Allocation Failure) [PSYoungGen: 401568K->154464K(495104K)] 1304691K->1153264K(1893376K), 0.0489484 secs] [Times: user=0.29 sys=0.00, real=0.05 secs] 
5387.362: [GC (Allocation Failure) [PSYoungGen: 456032K->99680K(502272K)] 1454832K->1236052K(1900544K), 0.0643812 secs] [Times: user=0.38 sys=0.00, real=0.07 secs] 
5389.266: [GC (Allocation Failure) [PSYoungGen: 404320K->147296K(500224K)] 1540692K->1378953K(1898496K), 0.0492406 secs] [Times: user=0.29 sys=0.00, real=0.05 secs] 
5389.315: [Full GC (Ergonomics) [PSYoungGen: 147296K->0K(500224K)] [ParOldGen: 1231657K->187203K(1398272K)] 1378953K->187203K(1898496K), [Metaspace: 59737K->59737K(1105920K)], 0.4500926 secs] [Times: user=2.10 sys=0.00, real=0.45 secs] 
5391.463: [GC (Allocation Failure) [PSYoungGen: 304640K->103168K(498176K)] 491843K->290371K(1896448K), 0.0898597 secs] [Times: user=0.51 sys=0.01, real=0.09 secs] 
5393.950: [GC (Allocation Failure) [PSYoungGen: 408832K->144160K(499712K)] 596035K->430944K(1897984K), 0.0497704 secs] [Times: user=0.30 sys=0.00, real=0.05 secs] 
5395.103: [GC (Allocation Failure) [PSYoungGen: 449824K->104928K(497664K)] 736608K->527220K(1895936K), 0.0643132 secs] [Times: user=0.38 sys=0.00, real=0.07 secs] 
5396.889: [GC (Allocation Failure) [PSYoungGen: 414688K->147648K(500736K)] 836980K->671393K(1899008K), 0.0514223 secs] [Times: user=0.30 sys=0.00, real=0.05 secs] 
5399.813: [GC (Allocation Failure) [PSYoungGen: 457408K->106304K(503296K)] 981153K->768621K(1901568K), 0.1301384 secs] [Times: user=0.77 sys=0.01, real=0.13 secs] 
5400.927: [GC (Allocation Failure) [PSYoungGen: 420672K->152032K(504320K)] 1082989K->917098K(1902592K), 0.0524100 secs] [Times: user=0.31 sys=0.00, real=0.05 secs] 
5403.567: [GC (Allocation Failure) [PSYoungGen: 466400K->103872K(505856K)] 1231466K->1012086K(1904128K), 0.1100915 secs] [Times: user=0.65 sys=0.00, real=0.11 secs] 
5404.444: [GC (Allocation Failure) [PSYoungGen: 417118K->151296K(465408K)] 1325332K->1159695K(1863680K), 0.0511627 secs] [Times: user=0.30 sys=0.00, real=0.05 secs] 
5407.207: [GC (Allocation Failure) [PSYoungGen: 465152K->105792K(507904K)] 1473551K->1256599K(1906176K), 0.1738417 secs] [Times: user=1.04 sys=0.00, real=0.17 secs] 
5408.157: [GC (Allocation Failure) [PSYoungGen: 408456K->145408K(504320K)] 1559263K->1398284K(1902592K), 0.0512134 secs] [Times: user=0.30 sys=0.00, real=0.05 secs] 
5408.209: [Full GC (Ergonomics) [PSYoungGen: 145408K->0K(504320K)] [ParOldGen: 1252876K->195833K(1398272K)] 1398284K->195833K(1902592K), [Metaspace: 59737K->59737K(1105920K)], 0.4745955 secs] [Times: user=2.22 sys=0.00, real=0.47 secs] 
5411.671: [GC (Allocation Failure) [PSYoungGen: 313344K->100640K(504832K)] 509177K->296473K(1903104K), 0.0971348 secs] [Times: user=0.57 sys=0.00, real=0.10 secs] 
5412.454: [GC (Allocation Failure) [PSYoungGen: 409080K->150208K(505344K)] 604913K->443050K(1903616K), 0.0485034 secs] [Times: user=0.28 sys=0.00, real=0.05 secs] 
5415.050: [GC (Allocation Failure) [PSYoungGen: 465600K->106368K(505344K)] 758442K->541146K(1903616K), 0.1714363 secs] [Times: user=1.02 sys=0.00, real=0.17 secs] 
5415.929: [GC (Allocation Failure) [PSYoungGen: 408504K->144768K(505344K)] 843282K->682106K(1903616K), 0.0500018 secs] [Times: user=0.30 sys=0.00, real=0.05 secs] 
5418.873: [GC (Allocation Failure) [PSYoungGen: 460160K->106784K(503808K)] 997498K->780026K(1902080K), 0.1572415 secs] [Times: user=0.94 sys=0.00, real=0.16 secs] 
5420.368: [GC (Allocation Failure) [PSYoungGen: 409936K->143904K(505856K)] 1083179K->920259K(1904128K), 0.0502815 secs] [Times: user=0.30 sys=0.00, real=0.05 secs] 
5422.997: [GC (Allocation Failure) [PSYoungGen: 461856K->106112K(505856K)] 1238211K->1017979K(1904128K), 0.1559820 secs] [Times: user=0.92 sys=0.00, real=0.15 secs] 
5424.423: [GC (Allocation Failure) [PSYoungGen: 428160K->156160K(478720K)] 1340027K->1170076K(1876992K), 0.0532185 secs] [Times: user=0.31 sys=0.00, real=0.05 secs] 
5426.901: [GC (GCLocker Initiated GC) [PSYoungGen: 478208K->96864K(508416K)] 1492127K->1266391K(1906688K), 0.1559562 secs] [Times: user=0.93 sys=0.00, real=0.16 secs] 
5427.512: [GC (Allocation Failure) [PSYoungGen: 413792K->158016K(475136K)] 1583321K->1418174K(1873408K), 0.0561358 secs] [Times: user=0.34 sys=0.00, real=0.06 secs] 
5427.568: [Full GC (Ergonomics) [PSYoungGen: 158016K->0K(475136K)] [ParOldGen: 1260158K->216532K(1398272K)] 1418174K->216532K(1873408K), [Metaspace: 59737K->59737K(1105920K)], 0.5092980 secs] [Times: user=2.37 sys=0.00, real=0.51 secs] 
5430.851: [GC (Allocation Failure) [PSYoungGen: 316928K->97760K(504320K)] 533460K->314292K(1902592K), 0.0909484 secs] [Times: user=0.54 sys=0.00, real=0.09 secs] 
5431.191: [GC (Allocation Failure) [PSYoungGen: 405984K->154944K(463360K)] 622516K->463393K(1861632K), 0.0553005 secs] [Times: user=0.33 sys=0.00, real=0.06 secs] 
5434.042: [GC (Allocation Failure) [PSYoungGen: 463168K->88608K(500224K)] 771617K->552153K(1898496K), 0.1326036 secs] [Times: user=0.78 sys=0.01, real=0.13 secs] 
5434.445: [GC (Allocation Failure) [PSYoungGen: 390176K->151296K(453120K)] 853721K->697509K(1851392K), 0.0547997 secs] [Times: user=0.32 sys=0.01, real=0.06 secs] 
5437.938: [GC (Allocation Failure) [PSYoungGen: 452864K->88544K(498688K)] 999077K->785957K(1896960K), 0.1657374 secs] [Times: user=0.99 sys=0.00, real=0.16 secs] 
5438.457: [GC (Allocation Failure) [PSYoungGen: 386016K->149280K(446976K)] 1083429K->929098K(1845248K), 0.0533375 secs] [Times: user=0.32 sys=0.00, real=0.05 secs] 
5441.725: [GC (Allocation Failure) [PSYoungGen: 446752K->85856K(497664K)] 1226570K->1014966K(1895936K), 0.1491752 secs] [Times: user=0.88 sys=0.00, real=0.15 secs] 
5442.513: [GC (Allocation Failure) [PSYoungGen: 369538K->139808K(435712K)] 1298649K->1150711K(1833984K), 0.0476040 secs] [Times: user=0.28 sys=0.00, real=0.05 secs] 
5444.266: [GC (Allocation Failure) [PSYoungGen: 435232K->98848K(499200K)] 1446135K->1241295K(1897472K), 0.1185017 secs] [Times: user=0.70 sys=0.00, real=0.12 secs] 
5446.596: [GC (Allocation Failure) [PSYoungGen: 397856K->143296K(495616K)] 1540303K->1380372K(1893888K), 0.0492462 secs] [Times: user=0.29 sys=0.00, real=0.05 secs] 
5446.645: [Full GC (Ergonomics) [PSYoungGen: 143296K->0K(495616K)] [ParOldGen: 1237076K->186804K(1398272K)] 1380372K->186804K(1893888K), [Metaspace: 59737K->59716K(1105920K)], 0.4539831 secs] [Times: user=2.09 sys=0.00, real=0.46 secs] 
5448.209: [GC (Allocation Failure) [PSYoungGen: 299008K->102048K(496640K)] 485812K->288852K(1894912K), 0.0390050 secs] [Times: user=0.23 sys=0.00, real=0.04 secs] 
5450.130: [GC (Allocation Failure) [PSYoungGen: 406688K->142880K(498176K)] 593492K->427881K(1896448K), 0.0495616 secs] [Times: user=0.29 sys=0.00, real=0.05 secs] 
5451.618: [GC (Allocation Failure) [PSYoungGen: 447520K->105696K(498176K)] 732521K->524049K(1896448K), 0.0908759 secs] [Times: user=0.54 sys=0.00, real=0.09 secs] 
5452.948: [GC (Allocation Failure) [PSYoungGen: 416480K->148096K(501248K)] 834833K->669574K(1899520K), 0.0521891 secs] [Times: user=0.31 sys=0.00, real=0.05 secs] 
5454.926: [GC (Allocation Failure) [PSYoungGen: 458880K->106080K(503296K)] 980358K->766786K(1901568K), 0.1731283 secs] [Times: user=1.03 sys=0.00, real=0.18 secs] 
5456.785: [GC (Allocation Failure) [PSYoungGen: 420960K->151872K(504320K)] 1081666K->914082K(1902592K), 0.0524114 secs] [Times: user=0.31 sys=0.00, real=0.06 secs] 
5458.980: [GC (Allocation Failure) [PSYoungGen: 466752K->106816K(505856K)] 1228962K->1011979K(1904128K), 0.1679583 secs] [Times: user=1.00 sys=0.00, real=0.17 secs] 
5461.261: [GC (Allocation Failure) [PSYoungGen: 422208K->150112K(505344K)] 1327371K->1158027K(1903616K), 0.0526218 secs] [Times: user=0.32 sys=0.00, real=0.05 secs] 
5463.434: [GC (Allocation Failure) [PSYoungGen: 465504K->106240K(505344K)] 1473419K->1255379K(1903616K), 0.1538853 secs] [Times: user=0.86 sys=0.01, real=0.16 secs] 
5464.953: [GC (Allocation Failure) [PSYoungGen: 408118K->145184K(505344K)] 1557257K->1396320K(1903616K), 0.0514289 secs] [Times: user=0.30 sys=0.00, real=0.05 secs] 
5465.004: [Full GC (Ergonomics) [PSYoungGen: 145184K->0K(505344K)] [ParOldGen: 1251136K->195953K(1398272K)] 1396320K->195953K(1903616K), [Metaspace: 59716K->59716K(1105920K)], 0.4693515 secs] [Times: user=2.18 sys=0.00, real=0.47 secs] 
5467.677: [GC (Allocation Failure) [PSYoungGen: 315392K->105120K(504832K)] 511345K->301073K(1903104K), 0.0884074 secs] [Times: user=0.51 sys=0.00, real=0.08 secs] 
5468.637: [GC (Allocation Failure) [PSYoungGen: 410400K->146080K(506368K)] 606354K->442946K(1904640K), 0.0494599 secs] [Times: user=0.29 sys=0.01, real=0.05 secs] 
5471.226: [GC (Allocation Failure) [PSYoungGen: 464032K->109536K(504832K)] 760898K->543222K(1903104K), 0.1506796 secs] [Times: user=0.89 sys=0.01, real=0.16 secs] 
5472.743: [GC (Allocation Failure) [PSYoungGen: 430048K->153344K(506880K)] 863734K->692463K(1905152K), 0.0521684 secs] [Times: user=0.32 sys=0.00, real=0.05 secs] 
5475.062: [GC (Allocation Failure) [PSYoungGen: 473856K->99872K(509440K)] 1012975K->791639K(1907712K), 0.1430662 secs] [Times: user=0.85 sys=0.00, real=0.14 secs] 
5476.066: [GC (Allocation Failure) [PSYoungGen: 418336K->158144K(476672K)] 1110103K->943941K(1874944K), 0.0851143 secs] [Times: user=0.50 sys=0.01, real=0.09 secs] 
5479.418: [GC (Allocation Failure) [PSYoungGen: 476608K->97952K(505344K)] 1262405K->1041853K(1903616K), 0.1387446 secs] [Times: user=0.83 sys=0.00, real=0.14 secs] 
5479.802: [GC (Allocation Failure) [PSYoungGen: 408224K->154272K(464896K)] 1352125K->1190270K(1863168K), 0.0577602 secs] [Times: user=0.34 sys=0.01, real=0.06 secs] 
5483.732: [GC (Allocation Failure) [PSYoungGen: 464544K->92992K(502272K)] 1500542K->1282942K(1900544K), 0.1523885 secs] [Times: user=0.85 sys=0.00, real=0.15 secs] 
5484.154: [GC (Allocation Failure) [PSYoungGen: 397632K->153216K(458240K)] 1587582K->1430091K(1856512K), 0.0570682 secs] [Times: user=0.34 sys=0.00, real=0.06 secs] 
5484.211: [Full GC (Ergonomics) [PSYoungGen: 153216K->0K(458240K)] [ParOldGen: 1276875K->229069K(1398272K)] 1430091K->229069K(1856512K), [Metaspace: 59716K->59716K(1105920K)], 0.5437034 secs] [Times: user=2.55 sys=0.00, real=0.54 secs] 
5489.361: [GC (Allocation Failure) [PSYoungGen: 304640K->87968K(499200K)] 533709K->317037K(1897472K), 0.0905883 secs] [Times: user=0.53 sys=0.00, real=0.09 secs] 
5489.753: [GC (Allocation Failure) [PSYoungGen: 386976K->164928K(464384K)] 616045K->476190K(1862656K), 0.0545912 secs] [Times: user=0.32 sys=0.00, real=0.06 secs] 
5492.262: [GC (Allocation Failure) [PSYoungGen: 463936K->88928K(493056K)] 775198K->548482K(1891328K), 0.1381884 secs] [Times: user=0.82 sys=0.00, real=0.14 secs] 
5492.855: [GC (Allocation Failure) [PSYoungGen: 374624K->174560K(460288K)] 834178K->717103K(1858560K), 0.0532119 secs] [Times: user=0.31 sys=0.00, real=0.06 secs] 
5495.474: [GC (Allocation Failure) [PSYoungGen: 460256K->84384K(483328K)] 1002799K->768195K(1881600K), 0.1516543 secs] [Times: user=0.89 sys=0.00, real=0.15 secs] 
5496.262: [GC (Allocation Failure) [PSYoungGen: 351136K->129856K(396800K)] 1034947K->894072K(1795072K), 0.0460117 secs] [Times: user=0.27 sys=0.00, real=0.05 secs] 
5497.645: [GC (Allocation Failure) [PSYoungGen: 396608K->88992K(477184K)] 1160824K->974268K(1875456K), 0.0599385 secs] [Times: user=0.36 sys=0.00, real=0.06 secs] 
5499.945: [GC (Allocation Failure) [PSYoungGen: 357792K->120992K(475136K)] 1243068K->1093449K(1873408K), 0.0541693 secs] [Times: user=0.32 sys=0.00, real=0.06 secs] 
5501.080: [GC (Allocation Failure) [PSYoungGen: 389792K->122432K(485376K)] 1362249K->1206249K(1883648K), 0.0616724 secs] [Times: user=0.37 sys=0.00, real=0.06 secs] 
5502.850: [GC (Allocation Failure) [PSYoungGen: 413760K->101152K(481792K)] 1497577K->1307177K(1880064K), 0.0831518 secs] [Times: user=0.49 sys=0.00, real=0.08 secs] 
5503.455: [GC (Allocation Failure) [PSYoungGen: 389372K->182496K(478208K)] 1595397K->1479397K(1876480K), 0.0616102 secs] [Times: user=0.36 sys=0.00, real=0.07 secs] 
5503.517: [Full GC (Ergonomics) [PSYoungGen: 182496K->0K(478208K)] [ParOldGen: 1296901K->253666K(1398272K)] 1479397K->253666K(1876480K), [Metaspace: 59716K->59716K(1105920K)], 0.5532669 secs] [Times: user=2.42 sys=0.00, real=0.55 secs] 
5506.990: [GC (Allocation Failure) [PSYoungGen: 291328K->89625K(495104K)] 544994K->343291K(1893376K), 0.0358473 secs] [Times: user=0.20 sys=0.00, real=0.03 secs] 
5507.286: [GC (Allocation Failure) [PSYoungGen: 380953K->146624K(494592K)] 634619K->484006K(1892864K), 0.0538436 secs] [Times: user=0.32 sys=0.00, real=0.06 secs] 
5509.890: [GC (Allocation Failure) [PSYoungGen: 438976K->87488K(379904K)] 776358K->571670K(1778176K), 0.1171884 secs] [Times: user=0.70 sys=0.00, real=0.12 secs] 
5510.233: [GC (Allocation Failure) [PSYoungGen: 379840K->145536K(494080K)] 864022K->711619K(1892352K), 0.0542504 secs] [Times: user=0.32 sys=0.00, real=0.06 secs] 
5513.779: [GC (Allocation Failure) [PSYoungGen: 437888K->84320K(495104K)] 1003971K->795775K(1893376K), 0.1465229 secs] [Times: user=0.87 sys=0.00, real=0.14 secs] 
5514.382: [GC (Allocation Failure) [PSYoungGen: 376672K->145472K(494080K)] 1088127K->935508K(1892352K), 0.0519549 secs] [Times: user=0.31 sys=0.00, real=0.05 secs] 
5517.930: [GC (Allocation Failure) [PSYoungGen: 438336K->85056K(495616K)] 1228372K->1020208K(1893888K), 0.1635503 secs] [Times: user=0.98 sys=0.00, real=0.16 secs] 
5519.073: [GC (Allocation Failure) [PSYoungGen: 377895K->141728K(495616K)] 1313047K->1157989K(1893888K), 0.0489144 secs] [Times: user=0.29 sys=0.00, real=0.05 secs] 
5520.757: [GC (Allocation Failure) [PSYoungGen: 436128K->98272K(392704K)] 1452389K->1247533K(1790976K), 0.1427345 secs] [Times: user=0.84 sys=0.01, real=0.14 secs] 
5522.921: [GC (Allocation Failure) [PSYoungGen: 392672K->140800K(492544K)] 1541933K->1383956K(1890816K), 0.0483019 secs] [Times: user=0.29 sys=0.01, real=0.05 secs] 
5522.970: [Full GC (Ergonomics) [PSYoungGen: 140800K->0K(492544K)] [ParOldGen: 1243156K->183230K(1398272K)] 1383956K->183230K(1890816K), [Metaspace: 59716K->59716K(1105920K)], 0.4442808 secs] [Times: user=2.07 sys=0.00, real=0.44 secs] 
5524.703: [GC (Allocation Failure) [PSYoungGen: 295424K->100800K(493056K)] 478654K->284030K(1891328K), 0.0415039 secs] [Times: user=0.25 sys=0.00, real=0.04 secs] 
5527.635: [GC (Allocation Failure) [PSYoungGen: 396224K->137856K(498176K)] 579454K->418707K(1896448K), 0.0496118 secs] [Times: user=0.29 sys=0.00, real=0.05 secs] 
5528.806: [GC (Allocation Failure) [PSYoungGen: 442496K->104256K(497664K)] 723347K->513851K(1895936K), 0.0629446 secs] [Times: user=0.37 sys=0.01, real=0.07 secs] 
5530.814: [GC (Allocation Failure) [PSYoungGen: 408896K->141376K(499200K)] 818491K->652688K(1897472K), 0.0509300 secs] [Times: user=0.31 sys=0.00, real=0.05 secs] 
5531.966: [GC (Allocation Failure) [PSYoungGen: 452160K->109536K(500736K)] 963472K->752928K(1899008K), 0.0632394 secs] [Times: user=0.37 sys=0.00, real=0.07 secs] 
5534.054: [GC (Allocation Failure) [PSYoungGen: 420320K->153440K(499200K)] 1063712K->903877K(1897472K), 0.0546003 secs] [Times: user=0.33 sys=0.00, real=0.06 secs] 
5535.247: [GC (Allocation Failure) [PSYoungGen: 467808K->111360K(505344K)] 1218245K->997629K(1903616K), 0.0867293 secs] [Times: user=0.52 sys=0.00, real=0.08 secs] 
5537.386: [GC (Allocation Failure) [PSYoungGen: 425728K->148608K(506368K)] 1311997K->1143474K(1904640K), 0.0553164 secs] [Times: user=0.33 sys=0.00, real=0.06 secs] 
5538.829: [GC (Allocation Failure) [PSYoungGen: 468608K->109344K(429568K)] 1463474K->1243938K(1827840K), 0.0832634 secs] [Times: user=0.49 sys=0.00, real=0.08 secs] 
5541.464: [GC (Allocation Failure) [PSYoungGen: 429344K->149856K(505344K)] 1563938K->1390047K(1903616K), 0.0542251 secs] [Times: user=0.32 sys=0.00, real=0.06 secs] 
5541.518: [Full GC (Ergonomics) [PSYoungGen: 149856K->0K(505344K)] [ParOldGen: 1240191K->189220K(1398272K)] 1390047K->189220K(1903616K), [Metaspace: 59719K->59719K(1105920K)], 0.4511869 secs] [Times: user=2.11 sys=0.00, real=0.45 secs] 
5544.126: [GC (Allocation Failure) [PSYoungGen: 319488K->108512K(508928K)] 508708K->297732K(1907200K), 0.1010020 secs] [Times: user=0.60 sys=0.00, real=0.11 secs] 
5545.198: [GC (Allocation Failure) [PSYoungGen: 419603K->150368K(505856K)] 608823K->443893K(1904128K), 0.0520587 secs] [Times: user=0.31 sys=0.00, real=0.05 secs] 
5547.249: [GC (Allocation Failure) [PSYoungGen: 470368K->106784K(509440K)] 763893K->541877K(1907712K), 0.1591373 secs] [Times: user=0.94 sys=0.00, real=0.16 secs] 
5548.606: [GC (Allocation Failure) [PSYoungGen: 426784K->154272K(502784K)] 861877K->692322K(1901056K), 0.0724497 secs] [Times: user=0.43 sys=0.00, real=0.08 secs] 
5551.747: [GC (Allocation Failure) [PSYoungGen: 470176K->96800K(507392K)] 1008226K->788986K(1905664K), 0.1436104 secs] [Times: user=0.85 sys=0.00, real=0.14 secs] 
5552.279: [GC (Allocation Failure) [PSYoungGen: 412704K->157344K(497152K)] 1104890K->940460K(1895424K), 0.0558247 secs] [Times: user=0.34 sys=0.00, real=0.05 secs] 
5555.918: [GC (Allocation Failure) [PSYoungGen: 464032K->90432K(502784K)] 1247148K->1030972K(1901056K), 0.1583880 secs] [Times: user=0.94 sys=0.00, real=0.15 secs] 
5556.515: [GC (Allocation Failure) [PSYoungGen: 397120K->153504K(496128K)] 1337660K->1178728K(1894400K), 0.0536385 secs] [Times: user=0.32 sys=0.00, real=0.06 secs] 
5559.581: [GC (Allocation Failure) [PSYoungGen: 454048K->87680K(499712K)] 1479272K->1266481K(1897984K), 0.1629629 secs] [Times: user=0.97 sys=0.01, real=0.16 secs] 
5560.343: [GC (Allocation Failure) [PSYoungGen: 388224K->147424K(497152K)] 1567025K->1408013K(1895424K), 0.0532997 secs] [Times: user=0.32 sys=0.00, real=0.05 secs] 
5560.396: [Full GC (Ergonomics) [PSYoungGen: 147424K->0K(497152K)] [ParOldGen: 1260589K->205394K(1398272K)] 1408013K->205394K(1895424K), [Metaspace: 59719K->59719K(1105920K)], 0.4802717 secs] [Times: user=2.24 sys=0.00, real=0.48 secs] 
5562.806: [GC (Allocation Failure) [PSYoungGen: 298496K->90464K(498688K)] 503890K->295858K(1896960K), 0.1579224 secs] [Times: user=0.94 sys=0.00, real=0.15 secs] 
5563.914: [GC (Allocation Failure) [PSYoungGen: 388670K->142848K(498688K)] 594065K->435151K(1896960K), 0.0475090 secs] [Times: user=0.28 sys=0.00, real=0.05 secs] 
5566.436: [GC (Allocation Failure) [PSYoungGen: 442880K->97792K(398336K)] 735183K->524519K(1796608K), 0.1624159 secs] [Times: user=0.96 sys=0.00, real=0.17 secs] 
5568.415: [GC (Allocation Failure) [PSYoungGen: 397824K->144383K(496640K)] 824551K->665072K(1894912K), 0.0489807 secs] [Times: user=0.29 sys=0.00, real=0.05 secs] 
5569.553: [GC (Allocation Failure) [PSYoungGen: 444927K->102560K(497664K)] 965616K->758732K(1895936K), 0.0650036 secs] [Times: user=0.39 sys=0.00, real=0.07 secs] 
5570.907: [GC (Allocation Failure) [PSYoungGen: 403104K->147136K(496128K)] 1059276K->902077K(1894400K), 0.0513262 secs] [Times: user=0.31 sys=0.00, real=0.05 secs] 
5572.346: [GC (Allocation Failure) [PSYoungGen: 450240K->98752K(498688K)] 1205181K->992201K(1896960K), 0.0961621 secs] [Times: user=0.57 sys=0.00, real=0.10 secs] 
5574.934: [GC (Allocation Failure) [PSYoungGen: 401856K->144032K(501248K)] 1295305K->1132862K(1899520K), 0.0508980 secs] [Times: user=0.30 sys=0.00, real=0.05 secs] 
5576.191: [GC (Allocation Failure) [PSYoungGen: 452768K->105792K(414720K)] 1441598K->1229390K(1812992K), 0.0759590 secs] [Times: user=0.46 sys=0.00, real=0.08 secs] 
5579.833: [GC (Allocation Failure) [PSYoungGen: 414528K->141024K(501760K)] 1538126K->1367315K(1900032K), 0.0532094 secs] [Times: user=0.31 sys=0.00, real=0.06 secs] 
5579.887: [Full GC (Ergonomics) [PSYoungGen: 141024K->0K(501760K)] [ParOldGen: 1226291K->173714K(1398272K)] 1367315K->173714K(1900032K), [Metaspace: 59719K->59719K(1105920K)], 0.4145589 secs] [Times: user=1.92 sys=0.00, real=0.41 secs] 
5581.388: [GC (Allocation Failure) [PSYoungGen: 311808K->109728K(502272K)] 485522K->283442K(1900544K), 0.0345796 secs] [Times: user=0.20 sys=0.00, real=0.03 secs] 
5583.661: [GC (Allocation Failure) [PSYoungGen: 421536K->146496K(501760K)] 595250K->427047K(1900032K), 0.0538696 secs] [Times: user=0.32 sys=0.00, real=0.05 secs] 
5585.325: [GC (Allocation Failure) [PSYoungGen: 462400K->111808K(504320K)] 742951K->529459K(1902592K), 0.1026780 secs] [Times: user=0.61 sys=0.00, real=0.11 secs] 
5587.457: [GC (Allocation Failure) [PSYoungGen: 427712K->148512K(505344K)] 845363K->674072K(1903616K), 0.0546464 secs] [Times: user=0.33 sys=0.00, real=0.05 secs] 
5589.463: [GC (Allocation Failure) [PSYoungGen: 469536K->111232K(508928K)] 995096K->776356K(1907200K), 0.1772306 secs] [Times: user=1.05 sys=0.01, real=0.18 secs] 
5591.069: [GC (Allocation Failure) [PSYoungGen: 418982K->148480K(507392K)] 1084106K->920973K(1905664K), 0.0534660 secs] [Times: user=0.32 sys=0.00, real=0.05 secs] 
5594.278: [GC (Allocation Failure) [PSYoungGen: 472064K->106752K(510464K)] 1244557K->1019253K(1908736K), 0.1572424 secs] [Times: user=0.93 sys=0.00, real=0.15 secs] 
5595.976: [GC (Allocation Failure) [PSYoungGen: 430336K->156480K(503296K)] 1342837K->1171254K(1901568K), 0.0526208 secs] [Times: user=0.31 sys=0.00, real=0.06 secs] 
5598.732: [GC (Allocation Failure) [PSYoungGen: 475456K->98688K(508928K)] 1490230K->1269758K(1907200K), 0.1409606 secs] [Times: user=0.84 sys=0.01, real=0.14 secs] 
5600.097: [GC (Allocation Failure) [PSYoungGen: 417664K->156576K(499712K)] 1588734K->1420178K(1897984K), 0.0573698 secs] [Times: user=0.34 sys=0.00, real=0.05 secs] 
5600.155: [Full GC (Ergonomics) [PSYoungGen: 156576K->0K(499712K)] [ParOldGen: 1263602K->217573K(1398272K)] 1420178K->217573K(1897984K), [Metaspace: 59719K->59719K(1105920K)], 0.5035791 secs] [Times: user=2.36 sys=0.00, real=0.51 secs] 
5602.951: [GC (Allocation Failure) [PSYoungGen: 310784K->96640K(504832K)] 528357K->314213K(1903104K), 0.1260646 secs] [Times: user=0.75 sys=0.01, real=0.13 secs] 
5603.357: [GC (Allocation Failure) [PSYoungGen: 407424K->152704K(498688K)] 624997K->461190K(1896960K), 0.0554634 secs] [Times: user=0.33 sys=0.00, real=0.05 secs] 
5606.628: [GC (Allocation Failure) [PSYoungGen: 458368K->90816K(502272K)] 766854K->551446K(1900544K), 0.1491111 secs] [Times: user=0.89 sys=0.00, real=0.15 secs] 
5607.305: [GC (Allocation Failure) [PSYoungGen: 396480K->151840K(496640K)] 857110K->697303K(1894912K), 0.0541669 secs] [Times: user=0.33 sys=0.00, real=0.06 secs] 
5609.883: [GC (Allocation Failure) [PSYoungGen: 452384K->91520K(499712K)] 997847K->788623K(1897984K), 0.1404805 secs] [Times: user=0.84 sys=0.00, real=0.14 secs] 
5610.321: [GC (Allocation Failure) [PSYoungGen: 392064K->147520K(498688K)] 1089167K->930572K(1896960K), 0.0543142 secs] [Times: user=0.33 sys=0.00, real=0.05 secs] 
5612.947: [GC (Allocation Failure) [PSYoungGen: 448064K->92448K(393216K)] 1231116K->1022248K(1791488K), 0.1675985 secs] [Times: user=0.99 sys=0.01, real=0.16 secs] 
5613.551: [GC (Allocation Failure) [PSYoungGen: 392992K->150976K(495104K)] 1322792K->1166888K(1893376K), 0.0532355 secs] [Times: user=0.32 sys=0.00, real=0.05 secs] 
5617.050: [GC (Allocation Failure) [PSYoungGen: 448448K->87712K(498176K)] 1464360K->1254508K(1896448K), 0.1779900 secs] [Times: user=0.92 sys=0.00, real=0.18 secs] 
5618.950: [GC (Allocation Failure) [PSYoungGen: 381338K->139232K(495104K)] 1548135K->1389437K(1893376K), 0.0492485 secs] [Times: user=0.29 sys=0.00, real=0.05 secs] 
5618.999: [Full GC (Ergonomics) [PSYoungGen: 139232K->0K(495104K)] [ParOldGen: 1250205K->195938K(1398272K)] 1389437K->195938K(1893376K), [Metaspace: 59719K->59719K(1105920K)], 0.4771645 secs] [Times: user=2.24 sys=0.00, real=0.48 secs] 
5621.620: [GC (Allocation Failure) [PSYoungGen: 298496K->98048K(497152K)] 494434K->293986K(1895424K), 0.0998419 secs] [Times: user=0.58 sys=0.00, real=0.10 secs] 
5623.843: [GC (Allocation Failure) [PSYoungGen: 396544K->144480K(497152K)] 592482K->433979K(1895424K), 0.0473941 secs] [Times: user=0.28 sys=0.00, real=0.05 secs] 
5625.010: [GC (Allocation Failure) [PSYoungGen: 446560K->102144K(498688K)] 736059K->527451K(1896960K), 0.0754842 secs] [Times: user=0.44 sys=0.00, real=0.07 secs] 
5626.735: [GC (Allocation Failure) [PSYoungGen: 404224K->145600K(498688K)] 829531K->668956K(1896960K), 0.0499671 secs] [Times: user=0.30 sys=0.00, real=0.05 secs] 
5628.401: [GC (Allocation Failure) [PSYoungGen: 451264K->104672K(500224K)] 974620K->764236K(1898496K), 0.1029148 secs] [Times: user=0.61 sys=0.00, real=0.10 secs] 
5630.989: [GC (Allocation Failure) [PSYoungGen: 410336K->145472K(500224K)] 1069900K->905473K(1898496K), 0.0509401 secs] [Times: user=0.30 sys=0.00, real=0.05 secs] 
5632.123: [GC (GCLocker Initiated GC) [PSYoungGen: 454720K->106240K(502272K)] 1214721K->1002573K(1900544K), 0.0646053 secs] [Times: user=0.39 sys=0.00, real=0.07 secs] 
5634.610: [GC (Allocation Failure) [PSYoungGen: 415488K->160576K(494592K)] 1311823K->1159508K(1892864K), 0.0525063 secs] [Times: user=0.32 sys=0.00, real=0.05 secs] 
5635.753: [GC (Allocation Failure) [PSYoungGen: 466240K->106208K(502272K)] 1465172K->1248216K(1900544K), 0.0694848 secs] [Times: user=0.41 sys=0.01, real=0.07 secs] 
5638.667: [GC (Allocation Failure) [PSYoungGen: 411872K->144864K(499712K)] 1553880K->1389125K(1897984K), 0.0536352 secs] [Times: user=0.32 sys=0.00, real=0.05 secs] 
5638.721: [Full GC (Ergonomics) [PSYoungGen: 144864K->0K(499712K)] [ParOldGen: 1244261K->180753K(1398272K)] 1389125K->180753K(1897984K), [Metaspace: 59719K->59719K(1105920K)], 0.4244973 secs] [Times: user=1.96 sys=0.00, real=0.42 secs] 
5640.243: [GC (Allocation Failure) [PSYoungGen: 309248K->109440K(502784K)] 490001K->290193K(1901056K), 0.0335445 secs] [Times: user=0.19 sys=0.00, real=0.03 secs] 
5641.550: [GC (Allocation Failure) [PSYoungGen: 418688K->148864K(502272K)] 599441K->433190K(1900544K), 0.0527111 secs] [Times: user=0.31 sys=0.00, real=0.05 secs] 
5643.418: [GC (Allocation Failure) [PSYoungGen: 461184K->106336K(504832K)] 745510K->530546K(1903104K), 0.1455005 secs] [Times: user=0.86 sys=0.00, real=0.14 secs] 
5645.883: [GC (Allocation Failure) [PSYoungGen: 418656K->149664K(503296K)] 842866K->676339K(1901568K), 0.0521986 secs] [Times: user=0.31 sys=0.00, real=0.05 secs] 
5648.271: [GC (Allocation Failure) [PSYoungGen: 463520K->106368K(505856K)] 990195K->774031K(1904128K), 0.1701632 secs] [Times: user=1.01 sys=0.00, real=0.17 secs] 
5650.871: [GC (Allocation Failure) [PSYoungGen: 420224K->149536K(503296K)] 1087887K->918844K(1901568K), 0.0517654 secs] [Times: user=0.30 sys=0.00, real=0.05 secs] 
5652.677: [GC (Allocation Failure) [PSYoungGen: 463904K->108192K(506368K)] 1233212K->1018012K(1904640K), 0.1600332 secs] [Times: user=0.95 sys=0.01, real=0.16 secs] 
5654.191: [GC (Allocation Failure) [PSYoungGen: 412409K->145024K(506368K)] 1322229K->1159033K(1904640K), 0.0516047 secs] [Times: user=0.31 sys=0.00, real=0.05 secs] 
5655.833: [GC (Allocation Failure) [PSYoungGen: 462464K->109824K(506880K)] 1476473K->1259937K(1905152K), 0.1259065 secs] [Times: user=0.75 sys=0.00, real=0.13 secs] 
5657.195: [GC (Allocation Failure) [PSYoungGen: 411086K->141920K(506880K)] 1561199K->1397686K(1905152K), 0.0520387 secs] [Times: user=0.29 sys=0.02, real=0.06 secs] 
5657.247: [Full GC (Ergonomics) [PSYoungGen: 141920K->0K(506880K)] [ParOldGen: 1255766K->196531K(1398272K)] 1397686K->196531K(1905152K), [Metaspace: 59719K->59719K(1105920K)], 0.4673010 secs] [Times: user=2.17 sys=0.00, real=0.46 secs] 
5659.461: [GC (Allocation Failure) [PSYoungGen: 320512K->112096K(506880K)] 517043K->308627K(1905152K), 0.0587200 secs] [Times: user=0.35 sys=0.00, real=0.06 secs] 
5660.010: [GC (Allocation Failure) [PSYoungGen: 432608K->154464K(504832K)] 629139K->459236K(1903104K), 0.0531280 secs] [Times: user=0.31 sys=0.01, real=0.05 secs] 
5663.368: [GC (Allocation Failure) [PSYoungGen: 476000K->99392K(509440K)] 780772K->557660K(1907712K), 0.1625701 secs] [Times: user=0.97 sys=0.01, real=0.16 secs] 
5664.326: [GC (Allocation Failure) [PSYoungGen: 420928K->160864K(497664K)] 879196K->711941K(1895936K), 0.0569447 secs] [Times: user=0.34 sys=0.01, real=0.06 secs] 
5666.642: [GC (Allocation Failure) [PSYoungGen: 471648K->98880K(504832K)] 1022725K->810761K(1903104K), 0.1448459 secs] [Times: user=0.86 sys=0.00, real=0.15 secs] 
5667.063: [GC (Allocation Failure) [PSYoungGen: 409664K->154592K(498176K)] 1121545K->955510K(1896448K), 0.0564953 secs] [Times: user=0.33 sys=0.00, real=0.06 secs] 
5670.326: [GC (Allocation Failure) [PSYoungGen: 460256K->91360K(502272K)] 1261174K->1046590K(1900544K), 0.1316069 secs] [Times: user=0.78 sys=0.00, real=0.14 secs] 
5670.727: [GC (Allocation Failure) [PSYoungGen: 397024K->167840K(485376K)] 1352254K->1208855K(1883648K), 0.0560055 secs] [Times: user=0.34 sys=0.00, real=0.05 secs] 
5673.645: [GC (Allocation Failure) [PSYoungGen: 457120K->83552K(373248K)] 1498135K->1275775K(1771520K), 0.1339692 secs] [Times: user=0.80 sys=0.00, real=0.14 secs] 
5674.046: [GC (Allocation Failure) [PSYoungGen: 372832K->145568K(494080K)] 1565055K->1415699K(1892352K), 0.0520937 secs] [Times: user=0.31 sys=0.00, real=0.06 secs] 
5674.098: [Full GC (Ergonomics) [PSYoungGen: 145568K->0K(494080K)] [ParOldGen: 1270131K->214292K(1398272K)] 1415699K->214292K(1892352K), [Metaspace: 59719K->59719K(1105920K)], 0.5051118 secs] [Times: user=2.36 sys=0.00, real=0.50 secs] 
5677.323: [GC (Allocation Failure) [PSYoungGen: 288768K->85120K(374272K)] 503060K->299412K(1772544K), 0.1440874 secs] [Times: user=0.85 sys=0.00, real=0.15 secs] 
5678.301: [GC (Allocation Failure) [PSYoungGen: 373888K->139584K(495104K)] 588180K->435249K(1893376K), 0.0462303 secs] [Times: user=0.27 sys=0.00, real=0.05 secs] 
5680.115: [GC (Allocation Failure) [PSYoungGen: 430400K->96032K(387072K)] 726065K->522065K(1785344K), 0.0999735 secs] [Times: user=0.60 sys=0.00, real=0.10 secs] 
5682.466: [GC (Allocation Failure) [PSYoungGen: 386848K->138176K(493056K)] 812881K->655935K(1891328K), 0.0479696 secs] [Times: user=0.27 sys=0.00, real=0.05 secs] 
5683.607: [GC (Allocation Failure) [PSYoungGen: 432064K->99616K(491520K)] 949823K->747011K(1889792K), 0.0631825 secs] [Times: user=0.38 sys=0.00, real=0.06 secs] 
5686.518: [GC (Allocation Failure) [PSYoungGen: 393504K->136192K(498688K)] 1040899K->880120K(1896960K), 0.0502272 secs] [Times: user=0.30 sys=0.00, real=0.05 secs] 
5687.736: [GC (Allocation Failure) [PSYoungGen: 440320K->105824K(496640K)] 1184248K->976564K(1894912K), 0.0630420 secs] [Times: user=0.37 sys=0.00, real=0.07 secs] 
5689.831: [GC (Allocation Failure) [PSYoungGen: 409952K->141632K(499200K)] 1280692K->1115797K(1897472K), 0.0530562 secs] [Times: user=0.31 sys=0.00, real=0.05 secs] 
5690.997: [GC (GCLocker Initiated GC) [PSYoungGen: 452416K->110368K(500224K)] 1426581K->1216893K(1898496K), 0.0655207 secs] [Times: user=0.39 sys=0.01, real=0.06 secs] 
5692.812: [GC (Allocation Failure) [PSYoungGen: 421152K->144320K(503808K)] 1527680K->1359205K(1902080K), 0.0549662 secs] [Times: user=0.32 sys=0.00, real=0.06 secs] 
5693.979: [GC (Allocation Failure) [PSYoungGen: 463296K->115040K(505856K)] 1678181K->1464629K(1904128K), 0.0679490 secs] [Times: user=0.40 sys=0.00, real=0.07 secs] 
5694.047: [Full GC (Ergonomics) [PSYoungGen: 115040K->0K(505856K)] [ParOldGen: 1349589K->34344K(1398272K)] 1464629K->34344K(1904128K), [Metaspace: 59719K->59719K(1105920K)], 0.0635047 secs] [Times: user=0.22 sys=0.00, real=0.06 secs] 
5695.753: [GC (Allocation Failure) [PSYoungGen: 318976K->148032K(505856K)] 353320K->182376K(1904128K), 0.0291268 secs] [Times: user=0.17 sys=0.01, real=0.03 secs] 
5697.618: [GC (Allocation Failure) [PSYoungGen: 471616K->113952K(509440K)] 505960K->286712K(1907712K), 0.0730900 secs] [Times: user=0.43 sys=0.00, real=0.07 secs] 
5699.212: [GC (Allocation Failure) [PSYoungGen: 435120K->154752K(505856K)] 607881K->437929K(1904128K), 0.0539527 secs] [Times: user=0.32 sys=0.00, real=0.06 secs] 
5702.349: [GC (Allocation Failure) [PSYoungGen: 478848K->109952K(511488K)] 762025K->539145K(1909760K), 0.0777215 secs] [Times: user=0.46 sys=0.00, real=0.08 secs] 
5702.815: [GC (Allocation Failure) [PSYoungGen: 434048K->157344K(503296K)] 863241K->692934K(1901568K), 0.0530569 secs] [Times: user=0.32 sys=0.00, real=0.06 secs] 
5706.222: [GC (GCLocker Initiated GC) [PSYoungGen: 476320K->96064K(508928K)] 1011911K->788651K(1907200K), 0.1556087 secs] [Times: user=0.93 sys=0.00, real=0.16 secs] 
5706.858: [GC (Allocation Failure) [PSYoungGen: 415040K->159744K(497152K)] 1107675K->942255K(1895424K), 0.0557582 secs] [Times: user=0.33 sys=0.00, real=0.05 secs] 
5709.590: [GC (Allocation Failure) [PSYoungGen: 467456K->91136K(503296K)] 1249967K->1033444K(1901568K), 0.0989382 secs] [Times: user=0.59 sys=0.00, real=0.10 secs] 
5709.966: [GC (Allocation Failure) [PSYoungGen: 398848K->152192K(497152K)] 1341156K->1179720K(1895424K), 0.0541482 secs] [Times: user=0.33 sys=0.00, real=0.05 secs] 
5713.782: [GC (Allocation Failure) [PSYoungGen: 453760K->87264K(500224K)] 1481288K->1267004K(1898496K), 0.1639327 secs] [Times: user=0.98 sys=0.00, real=0.17 secs] 
5714.881: [GC (Allocation Failure) [PSYoungGen: 388832K->147456K(498176K)] 1568572K->1408893K(1896448K), 0.0538917 secs] [Times: user=0.32 sys=0.00, real=0.05 secs] 
5714.935: [Full GC (Ergonomics) [PSYoungGen: 147456K->0K(498176K)] [ParOldGen: 1261437K->212568K(1398272K)] 1408893K->212568K(1896448K), [Metaspace: 59719K->59719K(1105920K)], 0.4989921 secs] [Times: user=2.33 sys=0.00, real=0.50 secs] 
5718.362: [GC (Allocation Failure) [PSYoungGen: 298787K->88640K(499200K)] 511356K->301208K(1897472K), 0.1555350 secs] [Times: user=0.93 sys=0.00, real=0.16 secs] 
5719.525: [GC (Allocation Failure) [PSYoungGen: 373271K->138240K(496128K)] 585839K->435243K(1894400K), 0.0485792 secs] [Times: user=0.27 sys=0.00, real=0.05 secs] 
5721.769: [GC (Allocation Failure) [PSYoungGen: 438784K->100672K(497664K)] 735787K->527275K(1895936K), 0.1564021 secs] [Times: user=0.93 sys=0.00, real=0.15 secs] 
5723.326: [GC (Allocation Failure) [PSYoungGen: 401216K->145952K(497664K)] 827819K->669092K(1895936K), 0.0498818 secs] [Times: user=0.29 sys=0.00, real=0.05 secs] 
5725.113: [GC (Allocation Failure) [PSYoungGen: 450080K->102112K(499712K)] 973220K->762956K(1897984K), 0.1369580 secs] [Times: user=0.82 sys=0.00, real=0.14 secs] 
5726.288: [GC (Allocation Failure) [PSYoungGen: 406240K->146976K(499200K)] 1067084K->905789K(1897472K), 0.0503751 secs] [Times: user=0.30 sys=0.00, real=0.05 secs] 
5728.001: [GC (Allocation Failure) [PSYoungGen: 454176K->103776K(501760K)] 1212989K->1000781K(1900032K), 0.1098293 secs] [Times: user=0.66 sys=0.00, real=0.11 secs] 
5729.610: [GC (Allocation Failure) [PSYoungGen: 410976K->156256K(496640K)] 1307981K->1153262K(1894912K), 0.0518301 secs] [Times: user=0.30 sys=0.00, real=0.05 secs] 
5731.765: [GC (Allocation Failure) [PSYoungGen: 461920K->104064K(502272K)] 1458926K->1240054K(1900544K), 0.1728641 secs] [Times: user=1.03 sys=0.00, real=0.18 secs] 
5733.400: [GC (Allocation Failure) [PSYoungGen: 409728K->145728K(501760K)] 1545718K->1381899K(1900032K), 0.0512182 secs] [Times: user=0.30 sys=0.00, real=0.05 secs] 
5733.451: [Full GC (Ergonomics) [PSYoungGen: 145728K->0K(501760K)] [ParOldGen: 1236171K->189380K(1398272K)] 1381899K->189380K(1900032K), [Metaspace: 59719K->59719K(1105920K)], 0.4548419 secs] [Times: user=2.12 sys=0.01, real=0.45 secs] 
5735.611: [GC (Allocation Failure) [PSYoungGen: 308736K->103872K(412672K)] 498116K->293252K(1810944K), 0.0913537 secs] [Times: user=0.54 sys=0.00, real=0.09 secs] 
5736.660: [GC (Allocation Failure) [PSYoungGen: 412608K->151136K(499200K)] 601988K->440289K(1897472K), 0.0504000 secs] [Times: user=0.30 sys=0.00, real=0.05 secs] 
5738.282: [GC (Allocation Failure) [PSYoungGen: 458848K->102848K(502784K)] 748001K->534297K(1901056K), 0.1167111 secs] [Times: user=0.69 sys=0.00, real=0.12 secs] 
5740.387: [GC (Allocation Failure) [PSYoungGen: 410560K->148320K(502272K)] 842009K->678262K(1900544K), 0.0503460 secs] [Times: user=0.30 sys=0.00, real=0.05 secs] 
5742.081: [GC (Allocation Failure) [PSYoungGen: 458592K->104736K(415232K)] 988534K->773778K(1813504K), 0.1553438 secs] [Times: user=0.93 sys=0.00, real=0.16 secs] 
5743.447: [GC (Allocation Failure) [PSYoungGen: 411821K->151040K(500224K)] 1080863K->920458K(1898496K), 0.0512374 secs] [Times: user=0.31 sys=0.00, real=0.05 secs] 
5745.337: [GC (Allocation Failure) [PSYoungGen: 460288K->100640K(503808K)] 1229706K->1012554K(1902080K), 0.0956638 secs] [Times: user=0.57 sys=0.00, real=0.09 secs] 
5747.045: [GC (Allocation Failure) [PSYoungGen: 409888K->150848K(500736K)] 1321802K->1159219K(1899008K), 0.0499913 secs] [Times: user=0.30 sys=0.00, real=0.05 secs] 
5749.070: [GC (Allocation Failure) [PSYoungGen: 459584K->101632K(503808K)] 1467955K->1252543K(1902080K), 0.1386450 secs] [Times: user=0.83 sys=0.00, real=0.14 secs] 
5750.107: [GC (Allocation Failure) [PSYoungGen: 409933K->149248K(501248K)] 1560845K->1398076K(1899520K), 0.0505275 secs] [Times: user=0.30 sys=0.00, real=0.05 secs] 
5750.158: [Full GC (Ergonomics) [PSYoungGen: 149248K->0K(501248K)] [ParOldGen: 1248828K->196313K(1398272K)] 1398076K->196313K(1899520K), [Metaspace: 59719K->59719K(1105920K)], 0.4567522 secs] [Times: user=2.03 sys=0.00, real=0.45 secs] 
5752.852: [GC (Allocation Failure) [PSYoungGen: 308736K->100032K(503808K)] 505049K->296345K(1902080K), 0.0813568 secs] [Times: user=0.48 sys=0.00, real=0.08 secs] 
5754.387: [GC (Allocation Failure) [PSYoungGen: 408768K->149184K(501760K)] 605081K->441166K(1900032K), 0.0483529 secs] [Times: user=0.29 sys=0.00, real=0.04 secs] 
5756.041: [GC (Allocation Failure) [PSYoungGen: 457920K->106400K(415232K)] 749902K->538334K(1813504K), 0.1096325 secs] [Times: user=0.65 sys=0.00, real=0.11 secs] 
5756.910: [GC (Allocation Failure) [PSYoungGen: 412078K->147520K(501248K)] 844012K->682182K(1899520K), 0.0511263 secs] [Times: user=0.30 sys=0.00, real=0.05 secs] 
5758.945: [GC (Allocation Failure) [PSYoungGen: 456768K->102880K(502784K)] 991430K->776462K(1901056K), 0.1406173 secs] [Times: user=0.84 sys=0.00, real=0.14 secs] 
5760.310: [GC (Allocation Failure) [PSYoungGen: 408294K->148608K(501760K)] 1081877K->920659K(1900032K), 0.0501774 secs] [Times: user=0.29 sys=0.00, real=0.05 secs] 
5762.826: [GC (Allocation Failure) [PSYoungGen: 459392K->103552K(504320K)] 1231443K->1015207K(1902592K), 0.1700503 secs] [Times: user=1.01 sys=0.01, real=0.17 secs] 
5763.976: [GC (Allocation Failure) [PSYoungGen: 410573K->148800K(503296K)] 1322229K->1159512K(1901568K), 0.0507361 secs] [Times: user=0.29 sys=0.00, real=0.06 secs] 
5765.761: [GC (Allocation Failure) [PSYoungGen: 461120K->106912K(419328K)] 1471832K->1257580K(1817600K), 0.1361238 secs] [Times: user=0.81 sys=0.00, real=0.14 secs] 
5766.934: [GC (Allocation Failure) [PSYoungGen: 408151K->144192K(504320K)] 1558820K->1398129K(1902592K), 0.0512111 secs] [Times: user=0.30 sys=0.00, real=0.05 secs] 
5766.985: [Full GC (Ergonomics) [PSYoungGen: 144192K->0K(504320K)] [ParOldGen: 1253937K->196224K(1398272K)] 1398129K->196224K(1902592K), [Metaspace: 59719K->59719K(1105920K)], 0.4764634 secs] [Times: user=2.21 sys=0.00, real=0.48 secs] 
5770.378: [GC (Allocation Failure) [PSYoungGen: 314368K->104288K(504832K)] 510592K->300512K(1903104K), 0.0638335 secs] [Times: user=0.37 sys=0.00, real=0.06 secs] 
5770.914: [GC (Allocation Failure) [PSYoungGen: 414251K->147648K(503808K)] 610475K->443984K(1902080K), 0.0496463 secs] [Times: user=0.29 sys=0.00, real=0.05 secs] 
5773.561: [GC (Allocation Failure) [PSYoungGen: 463552K->109280K(506368K)] 759888K->544041K(1904640K), 0.1515066 secs] [Times: user=0.90 sys=0.00, real=0.15 secs] 
5774.240: [GC (Allocation Failure) [PSYoungGen: 425184K->154848K(501760K)] 859945K->694537K(1900032K), 0.0523046 secs] [Times: user=0.31 sys=0.00, real=0.05 secs] 
5777.573: [GC (Allocation Failure) [PSYoungGen: 469567K->92544K(506880K)] 1009257K->786746K(1905152K), 0.1583769 secs] [Times: user=0.94 sys=0.00, real=0.16 secs] 
5778.552: [GC (Allocation Failure) [PSYoungGen: 407424K->154528K(498176K)] 1101626K->936710K(1896448K), 0.0555575 secs] [Times: user=0.33 sys=0.00, real=0.06 secs] 
5780.689: [GC (Allocation Failure) [PSYoungGen: 461216K->93152K(502784K)] 1243398K->1029658K(1901056K), 0.1611864 secs] [Times: user=0.95 sys=0.00, real=0.16 secs] 
5781.982: [GC (Allocation Failure) [PSYoungGen: 399840K->150176K(498688K)] 1336346K->1173683K(1896960K), 0.0548419 secs] [Times: user=0.33 sys=0.00, real=0.06 secs] 
5784.469: [GC (Allocation Failure) [PSYoungGen: 453792K->93472K(501248K)] 1477299K->1266571K(1899520K), 0.1470467 secs] [Times: user=0.88 sys=0.00, real=0.14 secs] 
5785.399: [GC (Allocation Failure) [PSYoungGen: 397088K->149888K(497664K)] 1570187K->1410684K(1895936K), 0.0549861 secs] [Times: user=0.32 sys=0.00, real=0.05 secs] 
5785.454: [Full GC (Ergonomics) [PSYoungGen: 149888K->0K(497664K)] [ParOldGen: 1260796K->208799K(1398272K)] 1410684K->208799K(1895936K), [Metaspace: 59719K->59719K(1105920K)], 0.4806448 secs] [Times: user=2.24 sys=0.00, real=0.48 secs] 
5788.283: [GC (Allocation Failure) [PSYoungGen: 301568K->91712K(500224K)] 510367K->300511K(1898496K), 0.1497588 secs] [Times: user=0.88 sys=0.01, real=0.15 secs] 
5789.052: [GC (Allocation Failure) [PSYoungGen: 377958K->138656K(496128K)] 586758K->434892K(1894400K), 0.0487324 secs] [Times: user=0.29 sys=0.00, real=0.05 secs] 
5790.977: [GC (Allocation Failure) [PSYoungGen: 441760K->98176K(498688K)] 737996K->524100K(1896960K), 0.1423858 secs] [Times: user=0.84 sys=0.00, real=0.14 secs] 
5792.813: [GC (Allocation Failure) [PSYoungGen: 401280K->145792K(501248K)] 827204K->665721K(1899520K), 0.0483283 secs] [Times: user=0.29 sys=0.00, real=0.05 secs] 
5794.173: [GC (Allocation Failure) [PSYoungGen: 454016K->103872K(412160K)] 973945K->760401K(1810432K), 0.0748591 secs] [Times: user=0.45 sys=0.01, real=0.08 secs] 
5796.944: [GC (Allocation Failure) [PSYoungGen: 412096K->154912K(497152K)] 1068625K->911110K(1895424K), 0.0517544 secs] [Times: user=0.31 sys=0.00, real=0.05 secs] 
5798.075: [GC (Allocation Failure) [PSYoungGen: 460576K->105088K(502272K)] 1216774K->998846K(1900544K), 0.0644786 secs] [Times: user=0.38 sys=0.00, real=0.07 secs] 
5799.710: [GC (Allocation Failure) [PSYoungGen: 410752K->145632K(502272K)] 1304510K->1140466K(1900544K), 0.0517901 secs] [Times: user=0.31 sys=0.00, real=0.05 secs] 
5801.285: [GC (Allocation Failure) [PSYoungGen: 454880K->106720K(416256K)] 1449714K->1237658K(1814528K), 0.1017880 secs] [Times: user=0.61 sys=0.00, real=0.11 secs] 
5803.540: [GC (Allocation Failure) [PSYoungGen: 415968K->147072K(500224K)] 1546906K->1380679K(1898496K), 0.0520036 secs] [Times: user=0.31 sys=0.00, real=0.05 secs] 
5803.592: [Full GC (Ergonomics) [PSYoungGen: 147072K->0K(500224K)] [ParOldGen: 1233607K->187736K(1398272K)] 1380679K->187736K(1898496K), [Metaspace: 59719K->59719K(1105920K)], 0.4684676 secs] [Times: user=2.18 sys=0.00, real=0.47 secs] 
5805.537: [GC (Allocation Failure) [PSYoungGen: 309760K->105664K(502272K)] 497496K->293400K(1900544K), 0.0540759 secs] [Times: user=0.31 sys=0.00, real=0.05 secs] 
5807.344: [GC (Allocation Failure) [PSYoungGen: 415424K->148192K(502784K)] 603160K->437545K(1901056K), 0.0510379 secs] [Times: user=0.30 sys=0.00, real=0.05 secs] 
5809.053: [GC (Allocation Failure) [PSYoungGen: 461536K->108064K(505344K)] 750889K->536745K(1903616K), 0.1364629 secs] [Times: user=0.81 sys=0.01, real=0.14 secs] 
5810.322: [GC (Allocation Failure) [PSYoungGen: 418836K->148480K(503296K)] 847517K->681050K(1901568K), 0.0516305 secs] [Times: user=0.31 sys=0.00, real=0.05 secs] 
5812.238: [GC (Allocation Failure) [PSYoungGen: 463360K->105920K(505856K)] 995930K->778398K(1904128K), 0.1554945 secs] [Times: user=0.92 sys=0.01, real=0.15 secs] 
5813.457: [GC (Allocation Failure) [PSYoungGen: 406604K->144736K(505856K)] 1079082K->919214K(1904128K), 0.0505284 secs] [Times: user=0.30 sys=0.00, real=0.05 secs] 
5816.011: [GC (Allocation Failure) [PSYoungGen: 462688K->106240K(507392K)] 1237166K->1016839K(1905664K), 0.1573789 secs] [Times: user=0.92 sys=0.02, real=0.16 secs] 
5817.466: [GC (Allocation Failure) [PSYoungGen: 410199K->144896K(506368K)] 1320798K->1157607K(1904640K), 0.0510891 secs] [Times: user=0.30 sys=0.00, real=0.06 secs] 
5819.675: [GC (Allocation Failure) [PSYoungGen: 464896K->107136K(507904K)] 1477607K->1256067K(1906176K), 0.1699520 secs] [Times: user=1.01 sys=0.00, real=0.17 secs] 
5821.424: [GC (Allocation Failure) [PSYoungGen: 427136K->154912K(503808K)] 1576067K->1407012K(1902080K), 0.0541236 secs] [Times: user=0.33 sys=0.00, real=0.06 secs] 
5821.478: [Full GC (Ergonomics) [PSYoungGen: 154912K->0K(503808K)] [ParOldGen: 1252100K->207009K(1398272K)] 1407012K->207009K(1902080K), [Metaspace: 59722K->59722K(1105920K)], 0.4849714 secs] [Times: user=2.27 sys=0.00, real=0.48 secs] 
5824.482: [GC (Allocation Failure) [PSYoungGen: 318976K->97248K(508928K)] 525985K->304257K(1907200K), 0.1522517 secs] [Times: user=0.90 sys=0.00, real=0.15 secs] 
5825.798: [GC (Allocation Failure) [PSYoungGen: 416224K->176000K(484352K)] 623233K->473934K(1882624K), 0.0556609 secs] [Times: user=0.33 sys=0.00, real=0.05 secs] 
5828.398: [GC (Allocation Failure) [PSYoungGen: 471424K->84960K(380416K)] 769358K->542642K(1778688K), 0.1680423 secs] [Times: user=1.01 sys=0.00, real=0.16 secs] 
5829.937: [GC (Allocation Failure) [PSYoungGen: 380384K->146016K(496640K)] 838066K->682159K(1894912K), 0.0505234 secs] [Times: user=0.30 sys=0.00, real=0.05 secs] 
5831.720: [GC (Allocation Failure) [PSYoungGen: 440416K->89568K(384000K)] 976559K->771303K(1782272K), 0.1393523 secs] [Times: user=0.83 sys=0.01, real=0.14 secs] 
5832.454: [GC (Allocation Failure) [PSYoungGen: 383968K->142400K(496640K)] 1065703K->909500K(1894912K), 0.0482869 secs] [Times: user=0.29 sys=0.00, real=0.05 secs] 
5833.596: [GC (Allocation Failure) [PSYoungGen: 437824K->101568K(397312K)] 1204924K->1001916K(1795584K), 0.0654587 secs] [Times: user=0.39 sys=0.00, real=0.06 secs] 
5834.866: [GC (Allocation Failure) [PSYoungGen: 396992K->144544K(494080K)] 1297340K->1143318K(1892352K), 0.0500075 secs] [Times: user=0.30 sys=0.00, real=0.05 secs] 
5836.219: [GC (Allocation Failure) [PSYoungGen: 441504K->100832K(494592K)] 1440278K->1235582K(1892864K), 0.0628372 secs] [Times: user=0.37 sys=0.00, real=0.06 secs] 
5838.745: [GC (Allocation Failure) [PSYoungGen: 397792K->148640K(496128K)] 1532542K->1378634K(1894400K), 0.0496893 secs] [Times: user=0.30 sys=0.00, real=0.05 secs] 
5838.795: [Full GC (Ergonomics) [PSYoungGen: 148640K->0K(496128K)] [ParOldGen: 1229994K->176890K(1398272K)] 1378634K->176890K(1894400K), [Metaspace: 59722K->59722K(1105920K)], 0.4154656 secs] [Times: user=1.92 sys=0.00, real=0.42 secs] 
5840.278: [GC (Allocation Failure) [PSYoungGen: 301568K->102592K(498688K)] 478458K->279483K(1896960K), 0.0333005 secs] [Times: user=0.19 sys=0.00, real=0.03 secs] 
5843.058: [GC (Allocation Failure) [PSYoungGen: 404160K->140896K(501248K)] 581051K->417623K(1899520K), 0.0511402 secs] [Times: user=0.30 sys=0.00, real=0.05 secs] 
5844.201: [GC (Allocation Failure) [PSYoungGen: 448608K->107616K(500736K)] 725335K->515647K(1899008K), 0.0627709 secs] [Times: user=0.37 sys=0.01, real=0.06 secs] 
5845.825: [GC (Allocation Failure) [PSYoungGen: 415328K->147680K(499200K)] 823359K->660764K(1897472K), 0.0532845 secs] [Times: user=0.32 sys=0.00, real=0.06 secs] 
5847.097: [GC (Allocation Failure) [PSYoungGen: 457440K->104256K(501760K)] 970524K->756212K(1900032K), 0.0686839 secs] [Times: user=0.40 sys=0.00, real=0.06 secs] 
5849.546: [GC (Allocation Failure) [PSYoungGen: 414016K->152736K(501760K)] 1065972K->905609K(1900032K), 0.0522925 secs] [Times: user=0.30 sys=0.00, real=0.05 secs] 
5850.727: [GC (Allocation Failure) [PSYoungGen: 465568K->111808K(505856K)] 1218441K->999633K(1904128K), 0.0641300 secs] [Times: user=0.38 sys=0.00, real=0.06 secs] 
5853.000: [GC (Allocation Failure) [PSYoungGen: 424640K->145728K(504320K)] 1312465K->1143154K(1902592K), 0.0540023 secs] [Times: user=0.32 sys=0.00, real=0.05 secs] 
5854.301: [GC (Allocation Failure) [PSYoungGen: 461120K->110368K(505856K)] 1458546K->1244522K(1904128K), 0.0653256 secs] [Times: user=0.39 sys=0.00, real=0.06 secs] 
5856.343: [GC (Allocation Failure) [PSYoungGen: 425760K->150336K(503296K)] 1559914K->1391031K(1901568K), 0.0544926 secs] [Times: user=0.33 sys=0.00, real=0.06 secs] 
5856.397: [Full GC (Ergonomics) [PSYoungGen: 150336K->0K(503296K)] [ParOldGen: 1240695K->190388K(1398272K)] 1391031K->190388K(1901568K), [Metaspace: 59722K->59722K(1105920K)], 0.4575897 secs] [Times: user=2.13 sys=0.00, real=0.45 secs] 
5858.681: [GC (Allocation Failure) [PSYoungGen: 316416K->108320K(506368K)] 506804K->298708K(1904640K), 0.1034973 secs] [Times: user=0.61 sys=0.00, real=0.10 secs] 
5860.646: [GC (Allocation Failure) [PSYoungGen: 422986K->148736K(506368K)] 613375K->443781K(1904640K), 0.0516736 secs] [Times: user=0.31 sys=0.00, real=0.06 secs] 
5863.166: [GC (Allocation Failure) [PSYoungGen: 468224K->108448K(508928K)] 763269K->543757K(1907200K), 0.1556774 secs] [Times: user=0.86 sys=0.01, real=0.16 secs] 
5864.021: [GC (Allocation Failure) [PSYoungGen: 427936K->155360K(502784K)] 863245K->694862K(1901056K), 0.0524235 secs] [Times: user=0.31 sys=0.00, real=0.05 secs] 
5866.416: [GC (Allocation Failure) [PSYoungGen: 471264K->94784K(507392K)] 1010766K->789070K(1905664K), 0.1574211 secs] [Times: user=0.94 sys=0.00, real=0.16 secs] 
5867.438: [GC (Allocation Failure) [PSYoungGen: 410688K->156096K(498688K)] 1104974K->938967K(1896960K), 0.0553681 secs] [Times: user=0.33 sys=0.00, real=0.05 secs] 
5869.532: [GC (Allocation Failure) [PSYoungGen: 463808K->94432K(503296K)] 1246679K->1032951K(1901568K), 0.1218680 secs] [Times: user=0.72 sys=0.00, real=0.12 secs] 
5870.103: [GC (Allocation Failure) [PSYoungGen: 402144K->153024K(497664K)] 1340663K->1179880K(1895936K), 0.0545884 secs] [Times: user=0.32 sys=0.00, real=0.06 secs] 
5872.613: [GC (Allocation Failure) [PSYoungGen: 455616K->92768K(500736K)] 1482472K->1272404K(1899008K), 0.1385529 secs] [Times: user=0.83 sys=0.00, real=0.14 secs] 
5873.097: [GC (GCLocker Initiated GC) [PSYoungGen: 395360K->149024K(497664K)] 1574996K->1415809K(1895936K), 0.0541623 secs] [Times: user=0.32 sys=0.00, real=0.05 secs] 
5873.151: [Full GC (Ergonomics) [PSYoungGen: 149024K->0K(497664K)] [ParOldGen: 1266785K->213711K(1398272K)] 1415809K->213711K(1895936K), [Metaspace: 59722K->59722K(1105920K)], 0.5103068 secs] [Times: user=2.36 sys=0.00, real=0.51 secs] 
5876.664: [GC (Allocation Failure) [PSYoungGen: 300544K->85440K(499712K)] 518354K->303250K(1897984K), 0.1570087 secs] [Times: user=0.94 sys=0.00, real=0.16 secs] 
5878.118: [GC (Allocation Failure) [PSYoungGen: 385984K->148640K(496640K)] 603794K->450031K(1894912K), 0.0643095 secs] [Times: user=0.38 sys=0.00, real=0.06 secs] 
5880.631: [GC (Allocation Failure) [PSYoungGen: 446112K->85760K(498176K)] 747503K->535515K(1896448K), 0.1474620 secs] [Times: user=0.87 sys=0.01, real=0.15 secs] 
5882.039: [GC (Allocation Failure) [PSYoungGen: 383232K->145088K(496640K)] 832987K->676556K(1894912K), 0.0481666 secs] [Times: user=0.28 sys=0.00, real=0.05 secs] 
5883.949: [GC (Allocation Failure) [PSYoungGen: 441536K->97344K(394240K)] 973004K->765096K(1792512K), 0.0885687 secs] [Times: user=0.52 sys=0.00, real=0.09 secs] 
5885.212: [GC (Allocation Failure) [PSYoungGen: 393792K->143328K(494080K)] 1061544K->905045K(1892352K), 0.0497143 secs] [Times: user=0.29 sys=0.00, real=0.05 secs] 
5887.358: [GC (Allocation Failure) [PSYoungGen: 439776K->96736K(495104K)] 1201493K->992993K(1893376K), 0.0622965 secs] [Times: user=0.37 sys=0.00, real=0.06 secs] 
5888.937: [GC (Allocation Failure) [PSYoungGen: 393184K->140416K(498688K)] 1289441K->1130989K(1896960K), 0.0498183 secs] [Times: user=0.29 sys=0.00, real=0.05 secs] 
5890.138: [GC (GCLocker Initiated GC) [PSYoungGen: 443520K->105184K(498176K)] 1434094K->1227246K(1896448K), 0.0634144 secs] [Times: user=0.38 sys=0.00, real=0.06 secs] 
5891.295: [GC (Allocation Failure) [PSYoungGen: 408288K->144768K(497152K)] 1530353K->1369525K(1895424K), 0.0535180 secs] [Times: user=0.32 sys=0.00, real=0.06 secs] 
5891.348: [Full GC (Ergonomics) [PSYoungGen: 144768K->0K(497152K)] [ParOldGen: 1224757K->172579K(1398272K)] 1369525K->172579K(1895424K), [Metaspace: 59722K->59722K(1105920K)], 0.4091401 secs] [Times: user=1.89 sys=0.00, real=0.41 secs] 
5893.120: [GC (Allocation Failure) [PSYoungGen: 306176K->104832K(499200K)] 478755K->277411K(1897472K), 0.0352879 secs] [Times: user=0.21 sys=0.00, real=0.03 secs] 
5895.585: [GC (Allocation Failure) [PSYoungGen: 411008K->144000K(502272K)] 583587K->418663K(1900544K), 0.0523503 secs] [Times: user=0.31 sys=0.00, real=0.06 secs] 
5896.732: [GC (Allocation Failure) [PSYoungGen: 457344K->108765K(503808K)] 732007K->518389K(1902080K), 0.0625438 secs] [Times: user=0.37 sys=0.00, real=0.06 secs] 
5899.514: [GC (Allocation Failure) [PSYoungGen: 422109K->145152K(503808K)] 831733K->660644K(1902080K), 0.0529996 secs] [Times: user=0.31 sys=0.00, real=0.06 secs] 
5900.666: [GC (Allocation Failure) [PSYoungGen: 462592K->112800K(505856K)] 978084K->763936K(1904128K), 0.0636325 secs] [Times: user=0.38 sys=0.00, real=0.07 secs] 
5902.718: [GC (Allocation Failure) [PSYoungGen: 430240K->158752K(500224K)] 1081376K->919205K(1898496K), 0.0550928 secs] [Times: user=0.33 sys=0.00, real=0.05 secs] 
5904.661: [GC (Allocation Failure) [PSYoungGen: 474656K->107072K(507392K)] 1235109K->1008873K(1905664K), 0.0655409 secs] [Times: user=0.38 sys=0.01, real=0.07 secs] 
5906.248: [GC (Allocation Failure) [PSYoungGen: 422976K->152288K(503296K)] 1324777K->1157362K(1901568K), 0.0525511 secs] [Times: user=0.31 sys=0.00, real=0.05 secs] 
5908.455: [GC (Allocation Failure) [PSYoungGen: 467168K->104576K(506880K)] 1472242K->1253178K(1905152K), 0.1703534 secs] [Times: user=1.01 sys=0.01, real=0.17 secs] 
5909.608: [GC (Allocation Failure) [PSYoungGen: 413197K->148384K(505344K)] 1561800K->1397067K(1903616K), 0.0514520 secs] [Times: user=0.30 sys=0.00, real=0.05 secs] 
5909.660: [Full GC (Ergonomics) [PSYoungGen: 148384K->0K(505344K)] [ParOldGen: 1248683K->195491K(1398272K)] 1397067K->195491K(1903616K), [Metaspace: 59722K->59722K(1105920K)], 0.4744022 secs] [Times: user=2.20 sys=0.00, real=0.47 secs] 
5912.098: [GC (Allocation Failure) [PSYoungGen: 315904K->105536K(421888K)] 511395K->301027K(1820160K), 0.0891549 secs] [Times: user=0.53 sys=0.00, real=0.09 secs] 
5912.753: [GC (Allocation Failure) [PSYoungGen: 407456K->145696K(505344K)] 602947K->442547K(1903616K), 0.0493577 secs] [Times: user=0.30 sys=0.00, real=0.05 secs] 
5914.982: [GC (Allocation Failure) [PSYoungGen: 462112K->106656K(506880K)] 758963K->540387K(1905152K), 0.1632841 secs] [Times: user=0.97 sys=0.00, real=0.16 secs] 
5916.076: [GC (Allocation Failure) [PSYoungGen: 406809K->145248K(505344K)] 840541K->681497K(1903616K), 0.0498552 secs] [Times: user=0.29 sys=0.00, real=0.05 secs] 
5918.384: [GC (Allocation Failure) [PSYoungGen: 463200K->106368K(506880K)] 999449K->779093K(1905152K), 0.1620458 secs] [Times: user=0.97 sys=0.00, real=0.16 secs] 
5919.855: [GC (Allocation Failure) [PSYoungGen: 410992K->144416K(507904K)] 1083718K->919766K(1906176K), 0.0507106 secs] [Times: user=0.30 sys=0.00, real=0.05 secs] 
5922.208: [GC (Allocation Failure) [PSYoungGen: 465952K->109696K(508928K)] 1241302K->1021078K(1907200K), 0.1594008 secs] [Times: user=0.94 sys=0.01, real=0.16 secs] 
5923.199: [GC (Allocation Failure) [PSYoungGen: 431232K->157728K(502272K)] 1342614K->1173939K(1900544K), 0.0536525 secs] [Times: user=0.32 sys=0.00, real=0.05 secs] 
5926.201: [GC (Allocation Failure) [PSYoungGen: 475680K->96960K(508416K)] 1491891K->1270447K(1906688K), 0.1668692 secs] [Times: user=0.99 sys=0.00, real=0.17 secs] 
5927.096: [GC (Allocation Failure) [PSYoungGen: 414912K->159392K(497152K)] 1588399K->1423442K(1895424K), 0.0564467 secs] [Times: user=0.34 sys=0.00, real=0.06 secs] 
5927.153: [Full GC (Ergonomics) [PSYoungGen: 159392K->0K(497152K)] [ParOldGen: 1264050K->221637K(1398272K)] 1423442K->221637K(1895424K), [Metaspace: 59722K->59722K(1105920K)], 0.5172619 secs] [Times: user=2.41 sys=0.00, real=0.52 secs] 
5930.632: [GC (Allocation Failure) [PSYoungGen: 307712K->89984K(503296K)] 529349K->311621K(1901568K), 0.0974898 secs] [Times: user=0.58 sys=0.00, real=0.10 secs] 
5931.232: [GC (Allocation Failure) [PSYoungGen: 397696K->153952K(496128K)] 619333K->459262K(1894400K), 0.0541300 secs] [Times: user=0.32 sys=0.00, real=0.05 secs] 
5933.447: [GC (Allocation Failure) [PSYoungGen: 454496K->90144K(499712K)] 759806K->548974K(1897984K), 0.1523184 secs] [Times: user=0.90 sys=0.01, real=0.15 secs] 
5934.133: [GC (Allocation Failure) [PSYoungGen: 390688K->148768K(497152K)] 849518K->692013K(1895424K), 0.0534280 secs] [Times: user=0.31 sys=0.00, real=0.06 secs] 
5937.500: [GC (Allocation Failure) [PSYoungGen: 447264K->87584K(498688K)] 990509K->778789K(1896960K), 0.1418299 secs] [Times: user=0.84 sys=0.00, real=0.14 secs] 
5938.327: [GC (Allocation Failure) [PSYoungGen: 386080K->146688K(497152K)] 1077285K->921658K(1895424K), 0.0523447 secs] [Times: user=0.32 sys=0.00, real=0.05 secs] 
5940.133: [GC (Allocation Failure) [PSYoungGen: 444160K->91712K(389632K)] 1219130K->1013434K(1787904K), 0.1188597 secs] [Times: user=0.71 sys=0.00, real=0.12 secs] 
5941.632: [GC (Allocation Failure) [PSYoungGen: 389184K->142944K(497664K)] 1310906K->1152295K(1895936K), 0.0499367 secs] [Times: user=0.30 sys=0.00, real=0.05 secs] 
5943.035: [GC (Allocation Failure) [PSYoungGen: 441440K->102496K(401408K)] 1450791K->1245631K(1799680K), 0.1164269 secs] [Times: user=0.69 sys=0.01, real=0.12 secs] 
5943.693: [GC (Allocation Failure) [PSYoungGen: 400992K->144800K(494080K)] 1544127K->1387040K(1892352K), 0.0511083 secs] [Times: user=0.30 sys=0.00, real=0.05 secs] 
5943.744: [Full GC (Ergonomics) [PSYoungGen: 144800K->0K(494080K)] [ParOldGen: 1242240K->192813K(1398272K)] 1387040K->192813K(1892352K), [Metaspace: 59722K->59722K(1105920K)], 0.4634788 secs] [Times: user=2.14 sys=0.00, real=0.47 secs] 
5946.028: [GC (Allocation Failure) [PSYoungGen: 299008K->98720K(495616K)] 491821K->291533K(1893888K), 0.0307264 secs] [Times: user=0.17 sys=0.01, real=0.03 secs] 
5947.834: [GC (Allocation Failure) [PSYoungGen: 397728K->144128K(499712K)] 590541K->431922K(1897984K), 0.0482672 secs] [Times: user=0.29 sys=0.00, real=0.05 secs] 
5949.345: [GC (Allocation Failure) [PSYoungGen: 450304K->103936K(500736K)] 738098K->527050K(1899008K), 0.0627469 secs] [Times: user=0.37 sys=0.00, real=0.07 secs] 
5950.374: [GC (Allocation Failure) [PSYoungGen: 410112K->149280K(498688K)] 833226K->672799K(1896960K), 0.0510532 secs] [Times: user=0.30 sys=0.00, real=0.05 secs] 
5951.865: [GC (Allocation Failure) [PSYoungGen: 456992K->102176K(501760K)] 980511K->766391K(1900032K), 0.0641529 secs] [Times: user=0.38 sys=0.00, real=0.07 secs] 
5954.993: [GC (Allocation Failure) [PSYoungGen: 409888K->145984K(502784K)] 1074103K->908195K(1901056K), 0.0506285 secs] [Times: user=0.30 sys=0.00, real=0.05 secs] 
5956.827: [GC (Allocation Failure) [PSYoungGen: 457792K->105856K(417792K)] 1220003K->1005323K(1816064K), 0.1404799 secs] [Times: user=0.84 sys=0.00, real=0.14 secs] 
5958.391: [GC (Allocation Failure) [PSYoungGen: 417664K->150592K(500736K)] 1317131K->1152012K(1899008K), 0.0534650 secs] [Times: user=0.31 sys=0.00, real=0.05 secs] 
5960.091: [GC (Allocation Failure) [PSYoungGen: 461888K->107904K(504320K)] 1463308K->1251244K(1902592K), 0.1644735 secs] [Times: user=0.99 sys=0.00, real=0.16 secs] 
5961.807: [GC (Allocation Failure) [PSYoungGen: 419200K->148032K(503296K)] 1562540K->1395929K(1901568K), 0.0532718 secs] [Times: user=0.31 sys=0.00, real=0.05 secs] 
5961.860: [Full GC (Ergonomics) [PSYoungGen: 148032K->0K(503296K)] [ParOldGen: 1247897K->194597K(1398272K)] 1395929K->194597K(1901568K), [Metaspace: 59722K->59722K(1105920K)], 0.4632493 secs] [Times: user=2.14 sys=0.00, real=0.46 secs] 
5964.552: [GC (Allocation Failure) [PSYoungGen: 313856K->105408K(505856K)] 508453K->300005K(1904128K), 0.0860538 secs] [Times: user=0.51 sys=0.00, real=0.09 secs] 
5966.658: [GC (Allocation Failure) [PSYoungGen: 415140K->147840K(504320K)] 609737K->443487K(1902592K), 0.0498560 secs] [Times: user=0.30 sys=0.00, real=0.05 secs] 
5968.881: [GC (Allocation Failure) [PSYoungGen: 463232K->105472K(506368K)] 758879K->540267K(1904640K), 0.1537513 secs] [Times: user=0.92 sys=0.00, real=0.15 secs] 
5970.549: [GC (Allocation Failure) [PSYoungGen: 409585K->146496K(505856K)] 844381K->682004K(1904128K), 0.0501018 secs] [Times: user=0.30 sys=0.00, real=0.05 secs] 
5972.043: [GC (Allocation Failure) [PSYoungGen: 463936K->110400K(428032K)] 999444K->783440K(1826304K), 0.0859172 secs] [Times: user=0.51 sys=0.00, real=0.09 secs] 
5972.398: [GC (Allocation Failure) [PSYoungGen: 427840K->154304K(501760K)] 1100880K->933951K(1900032K), 0.0528492 secs] [Times: user=0.31 sys=0.01, real=0.05 secs] 
5975.243: [GC (Allocation Failure) [PSYoungGen: 469696K->97952K(506880K)] 1249343K->1031531K(1905152K), 0.1549093 secs] [Times: user=0.91 sys=0.01, real=0.16 secs] 
5975.826: [GC (Allocation Failure) [PSYoungGen: 413344K->158112K(497664K)] 1346923K->1183568K(1895936K), 0.0562246 secs] [Times: user=0.33 sys=0.00, real=0.05 secs] 
5979.298: [GC (Allocation Failure) [PSYoungGen: 465824K->90656K(503296K)] 1491280K->1274232K(1901568K), 0.1359814 secs] [Times: user=0.81 sys=0.00, real=0.13 secs] 
5980.094: [GC (Allocation Failure) [PSYoungGen: 398368K->150560K(498176K)] 1581944K->1419005K(1896448K), 0.0552857 secs] [Times: user=0.33 sys=0.00, real=0.06 secs] 
5980.150: [Full GC (Ergonomics) [PSYoungGen: 150560K->0K(498176K)] [ParOldGen: 1268445K->216377K(1398272K)] 1419005K->216377K(1896448K), [Metaspace: 59722K->59722K(1105920K)], 0.5078943 secs] [Times: user=2.37 sys=0.00, real=0.51 secs] 
5983.299: [GC (Allocation Failure) [PSYoungGen: 302592K->91040K(500736K)] 518969K->307417K(1899008K), 0.1282103 secs] [Times: user=0.77 sys=0.01, real=0.13 secs] 
5983.897: [GC (Allocation Failure) [PSYoungGen: 393632K->151616K(495616K)] 610009K->453194K(1893888K), 0.0531648 secs] [Times: user=0.31 sys=0.00, real=0.05 secs] 
5986.925: [GC (Allocation Failure) [PSYoungGen: 448335K->86208K(498688K)] 749914K->539546K(1896960K), 0.1597263 secs] [Times: user=0.95 sys=0.00, real=0.16 secs] 
5987.513: [GC (Allocation Failure) [PSYoungGen: 370912K->138048K(494080K)] 824250K->674031K(1892352K), 0.0479372 secs] [Times: user=0.29 sys=0.00, real=0.05 secs] 
5989.401: [GC (Allocation Failure) [PSYoungGen: 437056K->97824K(496640K)] 973039K->763419K(1894912K), 0.0961872 secs] [Times: user=0.57 sys=0.01, real=0.10 secs] 
5991.509: [GC (Allocation Failure) [PSYoungGen: 396832K->143872K(500224K)] 1062427K->903074K(1898496K), 0.0491429 secs] [Times: user=0.30 sys=0.00, real=0.05 secs] 
5992.709: [GC (Allocation Failure) [PSYoungGen: 449024K->104608K(410112K)] 1208226K->999226K(1808384K), 0.0690949 secs] [Times: user=0.41 sys=0.00, real=0.07 secs] 
5994.350: [GC (Allocation Failure) [PSYoungGen: 409760K->143360K(498688K)] 1304378K->1138799K(1896960K), 0.0515364 secs] [Times: user=0.30 sys=0.00, real=0.05 secs] 
5996.138: [GC (Allocation Failure) [PSYoungGen: 450048K->107424K(499712K)] 1445487K->1237127K(1897984K), 0.0639942 secs] [Times: user=0.38 sys=0.01, real=0.06 secs] 
5997.158: [GC (Allocation Failure) [PSYoungGen: 414112K->150272K(499200K)] 1543815K->1383852K(1897472K), 0.0544822 secs] [Times: user=0.32 sys=0.00, real=0.05 secs] 
5997.212: [Full GC (Ergonomics) [PSYoungGen: 150272K->0K(499200K)] [ParOldGen: 1233580K->189654K(1398272K)] 1383852K->189654K(1897472K), [Metaspace: 59723K->59723K(1105920K)], 0.4570574 secs] [Times: user=2.13 sys=0.00, real=0.46 secs] 
5999.284: [GC (Allocation Failure) [PSYoungGen: 310272K->103712K(502784K)] 499926K->293366K(1901056K), 0.0531391 secs] [Times: user=0.31 sys=0.00, real=0.06 secs] 
6001.538: [GC (Allocation Failure) [PSYoungGen: 413984K->148704K(503296K)] 603638K->438007K(1901568K), 0.0501876 secs] [Times: user=0.30 sys=0.00, real=0.05 secs] 
6004.468: [GC (Allocation Failure) [PSYoungGen: 462560K->103264K(506368K)] 751863K->532859K(1904640K), 0.1020102 secs] [Times: user=0.60 sys=0.01, real=0.10 secs] 
6005.993: [GC (Allocation Failure) [PSYoungGen: 417120K->158464K(496128K)] 846715K->687032K(1894400K), 0.0508034 secs] [Times: user=0.29 sys=0.01, real=0.05 secs] 
6007.725: [GC (Allocation Failure) [PSYoungGen: 465152K->106560K(502784K)] 993720K->775984K(1901056K), 0.1227040 secs] [Times: user=0.72 sys=0.00, real=0.13 secs] 
6009.007: [GC (Allocation Failure) [PSYoungGen: 413248K->145440K(501760K)] 1082672K->917501K(1900032K), 0.0513057 secs] [Times: user=0.30 sys=0.00, real=0.05 secs] 
6010.986: [GC (Allocation Failure) [PSYoungGen: 455712K->107872K(503808K)] 1227773K->1016013K(1902080K), 0.1540481 secs] [Times: user=0.92 sys=0.00, real=0.16 secs] 
6012.233: [GC (Allocation Failure) [PSYoungGen: 409036K->145376K(502784K)] 1317177K->1157793K(1901056K), 0.0525172 secs] [Times: user=0.31 sys=0.01, real=0.05 secs] 
6014.101: [GC (Allocation Failure) [PSYoungGen: 458208K->102944K(503808K)] 1470625K->1252377K(1902080K), 0.1552173 secs] [Times: user=0.92 sys=0.00, real=0.15 secs] 
6015.489: [GC (Allocation Failure) [PSYoungGen: 415776K->148416K(504832K)] 1565209K->1396598K(1903104K), 0.0509375 secs] [Times: user=0.30 sys=0.00, real=0.05 secs] 
6015.540: [Full GC (Ergonomics) [PSYoungGen: 148416K->0K(504832K)] [ParOldGen: 1248182K->195878K(1398272K)] 1396598K->195878K(1903104K), [Metaspace: 59723K->59723K(1105920K)], 0.4811876 secs] [Times: user=2.24 sys=0.00, real=0.48 secs] 
6018.353: [GC (Allocation Failure) [PSYoungGen: 315904K->106560K(506880K)] 511782K->302438K(1905152K), 0.0981362 secs] [Times: user=0.58 sys=0.00, real=0.10 secs] 
6020.036: [GC (Allocation Failure) [PSYoungGen: 409051K->144992K(506368K)] 604929K->443459K(1904640K), 0.0500992 secs] [Times: user=0.29 sys=0.00, real=0.05 secs] 
6022.391: [GC (Allocation Failure) [PSYoungGen: 462944K->106336K(507392K)] 761411K->540943K(1905664K), 0.1666145 secs] [Times: user=0.99 sys=0.00, real=0.17 secs] 
6024.411: [GC (Allocation Failure) [PSYoungGen: 408493K->144416K(506880K)] 843101K->681476K(1905152K), 0.0503850 secs] [Times: user=0.30 sys=0.00, real=0.05 secs] 
6026.179: [GC (Allocation Failure) [PSYoungGen: 464416K->108864K(507904K)] 1001476K->782196K(1906176K), 0.1182067 secs] [Times: user=0.70 sys=0.00, real=0.12 secs] 
6027.633: [GC (Allocation Failure) [PSYoungGen: 428864K->153760K(504320K)] 1102196K->931833K(1902592K), 0.0524477 secs] [Times: user=0.32 sys=0.00, real=0.05 secs] 
6030.041: [GC (Allocation Failure) [PSYoungGen: 473248K->98752K(508928K)] 1251321K->1029861K(1907200K), 0.1001751 secs] [Times: user=0.59 sys=0.00, real=0.10 secs] 
6030.917: [GC (Allocation Failure) [PSYoungGen: 418240K->157536K(499200K)] 1349349K->1181682K(1897472K), 0.0862900 secs] [Times: user=0.51 sys=0.00, real=0.08 secs] 
6033.645: [GC (Allocation Failure) [PSYoungGen: 468320K->93568K(504832K)] 1492466K->1275318K(1903104K), 0.1545321 secs] [Times: user=0.92 sys=0.00, real=0.16 secs] 
6034.444: [GC (Allocation Failure) [PSYoungGen: 404352K->151840K(499200K)] 1586102K->1421551K(1897472K), 0.0696743 secs] [Times: user=0.41 sys=0.00, real=0.07 secs] 
6034.513: [Full GC (Ergonomics) [PSYoungGen: 151840K->0K(499200K)] [ParOldGen: 1269711K->218808K(1398272K)] 1421551K->218808K(1897472K), [Metaspace: 59723K->59723K(1105920K)], 0.5028033 secs] [Times: user=2.33 sys=0.01, real=0.50 secs] 
6037.828: [GC (GCLocker Initiated GC) [PSYoungGen: 305664K->92128K(502272K)] 524472K->310936K(1900544K), 0.1192761 secs] [Times: user=0.71 sys=0.00, real=0.12 secs] 
6038.433: [GC (Allocation Failure) [PSYoungGen: 397792K->152128K(496128K)] 616603K->456660K(1894400K), 0.0536856 secs] [Times: user=0.32 sys=0.00, real=0.06 secs] 
6041.191: [GC (Allocation Failure) [PSYoungGen: 452672K->89888K(499712K)] 757204K->546516K(1897984K), 0.1696144 secs] [Times: user=1.01 sys=0.00, real=0.17 secs] 
6041.787: [GC (Allocation Failure) [PSYoungGen: 390432K->151136K(495616K)] 847060K->691833K(1893888K), 0.0541052 secs] [Times: user=0.31 sys=0.00, real=0.05 secs] 
6044.153: [GC (Allocation Failure) [PSYoungGen: 448608K->92672K(498176K)] 989305K->784541K(1896448K), 0.1545540 secs] [Times: user=0.92 sys=0.00, real=0.16 secs] 
6045.173: [GC (Allocation Failure) [PSYoungGen: 378375K->138432K(493056K)] 1070244K->912286K(1891328K), 0.0489311 secs] [Times: user=0.29 sys=0.00, real=0.05 secs] 
6047.095: [GC (Allocation Failure) [PSYoungGen: 437440K->98112K(496128K)] 1211294K->1001526K(1894400K), 0.0898295 secs] [Times: user=0.52 sys=0.01, real=0.09 secs] 
6049.116: [GC (Allocation Failure) [PSYoungGen: 397120K->141984K(501248K)] 1300534K->1139315K(1899520K), 0.0491347 secs] [Times: user=0.29 sys=0.00, real=0.05 secs] 
6050.251: [GC (Allocation Failure) [PSYoungGen: 449184K->106368K(413696K)] 1446515K->1236719K(1811968K), 0.0632702 secs] [Times: user=0.38 sys=0.01, real=0.06 secs] 
6051.415: [GC (Allocation Failure) [PSYoungGen: 413568K->150112K(497152K)] 1543919K->1383387K(1895424K), 0.0532140 secs] [Times: user=0.31 sys=0.00, real=0.06 secs] 
6051.468: [Full GC (Ergonomics) [PSYoungGen: 150112K->0K(497152K)] [ParOldGen: 1233275K->190070K(1398272K)] 1383387K->190070K(1895424K), [Metaspace: 59723K->59723K(1105920K)], 0.4558993 secs] [Times: user=2.13 sys=0.00, real=0.45 secs] 
6053.168: [GC (Allocation Failure) [PSYoungGen: 306688K->103776K(500736K)] 496758K->293846K(1899008K), 0.0352691 secs] [Times: user=0.20 sys=0.00, real=0.03 secs] 
6055.845: [GC (Allocation Failure) [PSYoungGen: 410464K->151328K(500736K)] 600534K->441259K(1899008K), 0.0505936 secs] [Times: user=0.30 sys=0.00, real=0.05 secs] 
6056.981: [GC (Allocation Failure) [PSYoungGen: 461088K->109312K(419328K)] 751019K->533299K(1817600K), 0.0635680 secs] [Times: user=0.37 sys=0.00, real=0.06 secs] 
6059.623: [GC (Allocation Failure) [PSYoungGen: 419072K->144896K(502784K)] 843059K->674592K(1901056K), 0.0518516 secs] [Times: user=0.31 sys=0.00, real=0.05 secs] 
6061.373: [GC (Allocation Failure) [PSYoungGen: 457216K->106784K(503808K)] 986912K->771928K(1902080K), 0.1535398 secs] [Times: user=0.92 sys=0.00, real=0.15 secs] 
6062.817: [GC (Allocation Failure) [PSYoungGen: 419104K->149536K(502272K)] 1084248K->917305K(1900544K), 0.0521351 secs] [Times: user=0.31 sys=0.00, real=0.05 secs] 
6065.025: [GC (Allocation Failure) [PSYoungGen: 463392K->105344K(505344K)] 1231161K->1013453K(1903616K), 0.1638642 secs] [Times: user=0.97 sys=0.01, real=0.17 secs] 
6066.925: [GC (Allocation Failure) [PSYoungGen: 419200K->149472K(504320K)] 1327309K->1158330K(1902592K), 0.0517743 secs] [Times: user=0.30 sys=0.00, real=0.06 secs] 
6068.858: [GC (Allocation Failure) [PSYoungGen: 465376K->105152K(507392K)] 1474234K->1255218K(1905664K), 0.1568319 secs] [Times: user=0.93 sys=0.01, real=0.15 secs] 
6070.952: [GC (Allocation Failure) [PSYoungGen: 414609K->147104K(506368K)] 1564675K->1398082K(1904640K), 0.0516344 secs] [Times: user=0.31 sys=0.00, real=0.05 secs] 
6071.003: [Full GC (Ergonomics) [PSYoungGen: 147104K->0K(506368K)] [ParOldGen: 1250978K->196765K(1398272K)] 1398082K->196765K(1904640K), [Metaspace: 59723K->59723K(1105920K)], 0.4635129 secs] [Times: user=2.15 sys=0.00, real=0.47 secs] 
6073.795: [GC (Allocation Failure) [PSYoungGen: 317440K->108096K(425984K)] 514205K->304861K(1824256K), 0.1039902 secs] [Times: user=0.61 sys=0.00, real=0.11 secs] 
6074.280: [GC (Allocation Failure) [PSYoungGen: 425536K->154720K(502272K)] 622301K->456074K(1900544K), 0.0517082 secs] [Times: user=0.31 sys=0.00, real=0.05 secs] 
6076.369: [GC (Allocation Failure) [PSYoungGen: 469600K->97536K(506880K)] 770954K->553246K(1905152K), 0.1612628 secs] [Times: user=0.97 sys=0.00, real=0.16 secs] 
6077.096: [GC (Allocation Failure) [PSYoungGen: 412416K->154432K(498688K)] 868126K->702207K(1896960K), 0.0556255 secs] [Times: user=0.33 sys=0.00, real=0.06 secs] 
6080.476: [GC (Allocation Failure) [PSYoungGen: 462144K->92128K(503296K)] 1009919K->793703K(1901568K), 0.1660615 secs] [Times: user=0.99 sys=0.00, real=0.17 secs] 
6081.236: [GC (Allocation Failure) [PSYoungGen: 399840K->150464K(499200K)] 1101415K->938224K(1897472K), 0.0529618 secs] [Times: user=0.32 sys=0.00, real=0.06 secs] 
6083.471: [GC (Allocation Failure) [PSYoungGen: 455104K->96352K(501760K)] 1242864K->1033868K(1900032K), 0.1706896 secs] [Times: user=1.01 sys=0.01, real=0.17 secs] 
6083.957: [GC (Allocation Failure) [PSYoungGen: 400992K->150720K(498176K)] 1338508K->1178921K(1896448K), 0.0547384 secs] [Times: user=0.32 sys=0.00, real=0.05 secs] 
6087.300: [GC (Allocation Failure) [PSYoungGen: 453312K->89856K(500736K)] 1481513K->1268749K(1899008K), 0.1659458 secs] [Times: user=0.98 sys=0.00, real=0.16 secs] 
6088.558: [GC (Allocation Failure) [PSYoungGen: 392448K->149568K(497152K)] 1571341K->1411918K(1895424K), 0.0538774 secs] [Times: user=0.32 sys=0.00, real=0.05 secs] 
6088.612: [Full GC (Ergonomics) [PSYoungGen: 149568K->0K(497152K)] [ParOldGen: 1262350K->209275K(1398272K)] 1411918K->209275K(1895424K), [Metaspace: 59723K->59723K(1105920K)], 0.4929625 secs] [Times: user=2.22 sys=0.00, real=0.49 secs] 
6092.059: [GC (Allocation Failure) [PSYoungGen: 299520K->88608K(499200K)] 508795K->297883K(1897472K), 0.1499947 secs] [Times: user=0.89 sys=0.01, real=0.15 secs] 
6092.829: [GC (Allocation Failure) [PSYoungGen: 382274K->141344K(497152K)] 591549K->435436K(1895424K), 0.0483508 secs] [Times: user=0.29 sys=0.00, real=0.05 secs] 
6095.156: [GC (Allocation Failure) [PSYoungGen: 441888K->99936K(498688K)] 735980K->526852K(1896960K), 0.0966120 secs] [Times: user=0.57 sys=0.00, real=0.10 secs] 
6096.185: [GC (Allocation Failure) [PSYoungGen: 400480K->143904K(498176K)] 827396K->666729K(1896448K), 0.0485380 secs] [Times: user=0.29 sys=0.00, real=0.05 secs] 
6097.768: [GC (Allocation Failure) [PSYoungGen: 447008K->102816K(499200K)] 969833K->760909K(1897472K), 0.0644424 secs] [Times: user=0.38 sys=0.01, real=0.06 secs] 
6098.734: [GC (Allocation Failure) [PSYoungGen: 405920K->148448K(497664K)] 1064013K->905993K(1895936K), 0.0518350 secs] [Times: user=0.30 sys=0.00, real=0.05 secs] 
6100.508: [GC (Allocation Failure) [PSYoungGen: 453600K->101376K(500224K)] 1211145K->999002K(1898496K), 0.0643009 secs] [Times: user=0.38 sys=0.00, real=0.06 secs] 
6103.012: [GC (Allocation Failure) [PSYoungGen: 406528K->145920K(501248K)] 1304154K->1140526K(1899520K), 0.0506927 secs] [Times: user=0.30 sys=0.00, real=0.05 secs] 
6104.178: [GC (Allocation Failure) [PSYoungGen: 455168K->107296K(416768K)] 1449774K->1239042K(1815040K), 0.0646984 secs] [Times: user=0.39 sys=0.00, real=0.06 secs] 
6106.188: [GC (Allocation Failure) [PSYoungGen: 416544K->146592K(500736K)] 1548290K->1382375K(1899008K), 0.0531477 secs] [Times: user=0.32 sys=0.00, real=0.05 secs] 
6106.241: [Full GC (Ergonomics) [PSYoungGen: 146592K->0K(500736K)] [ParOldGen: 1235783K->188736K(1398272K)] 1382375K->188736K(1899008K), [Metaspace: 59723K->59723K(1105920K)], 0.4489297 secs] [Times: user=2.07 sys=0.00, real=0.45 secs] 
6109.155: [GC (Allocation Failure) [PSYoungGen: 310784K->104256K(502784K)] 499520K->292992K(1901056K), 0.0524468 secs] [Times: user=0.31 sys=0.00, real=0.06 secs] 
6110.841: [GC (Allocation Failure) [PSYoungGen: 415040K->148416K(503296K)] 603776K->437208K(1901568K), 0.0503892 secs] [Times: user=0.30 sys=0.00, real=0.05 secs] 
6112.480: [GC (Allocation Failure) [PSYoungGen: 462784K->106400K(505856K)] 751576K->534684K(1904128K), 0.1180817 secs] [Times: user=0.69 sys=0.01, real=0.12 secs] 
6113.196: [GC (Allocation Failure) [PSYoungGen: 419374K->151328K(503296K)] 847659K->681893K(1901568K), 0.0517620 secs] [Times: user=0.30 sys=0.00, real=0.06 secs] 
6115.875: [GC (Allocation Failure) [PSYoungGen: 466208K->104928K(506880K)] 996773K->778265K(1905152K), 0.1687639 secs] [Times: user=1.01 sys=0.00, real=0.17 secs] 
6117.606: [GC (Allocation Failure) [PSYoungGen: 406365K->147040K(505344K)] 1079703K->920706K(1903616K), 0.0508755 secs] [Times: user=0.30 sys=0.00, real=0.06 secs] 
6120.023: [GC (Allocation Failure) [PSYoungGen: 462944K->106496K(422912K)] 1236610K->1018330K(1821184K), 0.1671128 secs] [Times: user=0.93 sys=0.00, real=0.17 secs] 
6120.965: [GC (Allocation Failure) [PSYoungGen: 422400K->155008K(501248K)] 1334234K->1169807K(1899520K), 0.0527401 secs] [Times: user=0.31 sys=0.00, real=0.06 secs] 
6124.225: [GC (Allocation Failure) [PSYoungGen: 467840K->93600K(505856K)] 1482639K->1263467K(1904128K), 0.1553521 secs] [Times: user=0.92 sys=0.00, real=0.16 secs] 
6124.865: [GC (Allocation Failure) [PSYoungGen: 406432K->152352K(499200K)] 1576299K->1411916K(1897472K), 0.0557372 secs] [Times: user=0.33 sys=0.00, real=0.06 secs] 
6124.920: [Full GC (Ergonomics) [PSYoungGen: 152352K->0K(499200K)] [ParOldGen: 1259564K->209842K(1398272K)] 1411916K->209842K(1897472K), [Metaspace: 59723K->59723K(1105920K)], 0.4827452 secs] [Times: user=2.24 sys=0.00, real=0.48 secs] 
6128.052: [GC (Allocation Failure) [PSYoungGen: 302982K->90944K(502784K)] 512824K->300786K(1901056K), 0.1440374 secs] [Times: user=0.85 sys=0.00, real=0.15 secs] 
6128.699: [GC (Allocation Failure) [PSYoungGen: 397632K->164384K(487424K)] 607474K->461463K(1885696K), 0.0535360 secs] [Times: user=0.31 sys=0.01, real=0.05 secs] 
6131.185: [GC (Allocation Failure) [PSYoungGen: 456736K->85152K(495616K)] 753815K->529663K(1893888K), 0.1685752 secs] [Times: user=1.00 sys=0.00, real=0.17 secs] 
6133.667: [GC (Allocation Failure) [PSYoungGen: 377504K->139616K(492032K)] 822015K->665152K(1890304K), 0.0473405 secs] [Times: user=0.28 sys=0.00, real=0.04 secs] 
6135.139: [GC (GCLocker Initiated GC) [PSYoungGen: 432480K->95808K(494080K)] 958016K->752432K(1892352K), 0.0624021 secs] [Times: user=0.37 sys=0.00, real=0.06 secs] 
6136.597: [GC (Allocation Failure) [PSYoungGen: 388672K->147104K(494592K)] 1045348K->897029K(1892864K), 0.0491665 secs] [Times: user=0.28 sys=0.00, real=0.05 secs] 
6138.019: [GC (Allocation Failure) [PSYoungGen: 443552K->102688K(496640K)] 1193477K->982245K(1894912K), 0.0639921 secs] [Times: user=0.38 sys=0.00, real=0.06 secs] 
6140.773: [GC (Allocation Failure) [PSYoungGen: 399136K->134560K(495616K)] 1278693K->1114817K(1893888K), 0.0528450 secs] [Times: user=0.31 sys=0.00, real=0.05 secs] 
6141.977: [GC (Allocation Failure) [PSYoungGen: 437152K->109440K(496128K)] 1417409K->1214657K(1894400K), 0.0637193 secs] [Times: user=0.37 sys=0.00, real=0.06 secs] 
6144.031: [GC (Allocation Failure) [PSYoungGen: 412032K->136768K(502784K)] 1517249K->1349870K(1901056K), 0.0552884 secs] [Times: user=0.33 sys=0.00, real=0.05 secs] 
6145.206: [GC (Allocation Failure) [PSYoungGen: 450624K->114176K(501248K)] 1663726K->1454142K(1899520K), 0.0640554 secs] [Times: user=0.38 sys=0.00, real=0.07 secs] 
6145.270: [Full GC (Ergonomics) [PSYoungGen: 114176K->0K(501248K)] [ParOldGen: 1339966K->23171K(1398272K)] 1454142K->23171K(1899520K), [Metaspace: 59723K->59723K(1105920K)], 0.0385297 secs] [Times: user=0.10 sys=0.00, real=0.04 secs] 
6146.854: [GC (Allocation Failure) [PSYoungGen: 313856K->152864K(500224K)] 337027K->176035K(1898496K), 0.0296945 secs] [Times: user=0.18 sys=0.00, real=0.03 secs] 
6147.986: [GC (Allocation Failure) [PSYoungGen: 470304K->112160K(505344K)] 493475K->270631K(1903616K), 0.0635838 secs] [Times: user=0.38 sys=0.00, real=0.07 secs] 
6149.955: [GC (Allocation Failure) [PSYoungGen: 429600K->148448K(509440K)] 588071K->416791K(1907712K), 0.0535847 secs] [Times: user=0.32 sys=0.00, real=0.06 secs] 
6151.121: [GC (Allocation Failure) [PSYoungGen: 473568K->115136K(440320K)] 741911K->522583K(1838592K), 0.0644725 secs] [Times: user=0.38 sys=0.00, real=0.06 secs] 
6153.689: [GC (Allocation Failure) [PSYoungGen: 440256K->154528K(506368K)] 847703K->673492K(1904640K), 0.0555691 secs] [Times: user=0.33 sys=0.00, real=0.05 secs] 
6155.936: [GC (GCLocker Initiated GC) [PSYoungGen: 477600K->109632K(510976K)] 996564K->774044K(1909248K), 0.1722638 secs] [Times: user=1.02 sys=0.00, real=0.18 secs] 
6157.246: [GC (Allocation Failure) [PSYoungGen: 432704K->185312K(418304K)] 1097119K->959436K(1816576K), 0.0562550 secs] [Times: user=0.33 sys=0.01, real=0.06 secs] 
6158.532: [GC (Allocation Failure) [PSYoungGen: 418272K->62560K(465920K)] 1192396K->1005056K(1864192K), 0.0738260 secs] [Times: user=0.43 sys=0.01, real=0.07 secs] 
6160.632: [GC (Allocation Failure) [PSYoungGen: 295520K->107488K(465920K)] 1238016K->1109973K(1864192K), 0.0549999 secs] [Times: user=0.33 sys=0.00, real=0.06 secs] 
6160.891: [GC (Allocation Failure) [PSYoungGen: 340448K->120992K(354304K)] 1342933K->1221437K(1752576K), 0.0651292 secs] [Times: user=0.37 sys=0.01, real=0.07 secs] 
6163.675: [GC (Allocation Failure) [PSYoungGen: 353952K->58592K(461824K)] 1454397K->1279569K(1860096K), 0.1091950 secs] [Times: user=0.64 sys=0.00, real=0.11 secs] 
6163.784: [Full GC (Ergonomics) [PSYoungGen: 58592K->0K(461824K)] [ParOldGen: 1220977K->68569K(1398272K)] 1279569K->68569K(1860096K), [Metaspace: 59723K->59723K(1105920K)], 0.1769496 secs] [Times: user=0.81 sys=0.00, real=0.18 secs] 
6164.260: [GC (Allocation Failure) [PSYoungGen: 230912K->115488K(346624K)] 299481K->184057K(1744896K), 0.0316440 secs] [Times: user=0.18 sys=0.00, real=0.03 secs] 
6165.694: [GC (Allocation Failure) [PSYoungGen: 346400K->82560K(461824K)] 414969K->258077K(1860096K), 0.0567356 secs] [Times: user=0.34 sys=0.00, real=0.06 secs] 
6167.957: [GC (Allocation Failure) [PSYoungGen: 320640K->93632K(458752K)] 496157K->351646K(1857024K), 0.0735349 secs] [Times: user=0.44 sys=0.00, real=0.07 secs] 
6168.274: [GC (Allocation Failure) [PSYoungGen: 331712K->119648K(469504K)] 589726K->465254K(1867776K), 0.0524112 secs] [Times: user=0.30 sys=0.01, real=0.05 secs] 
6170.278: [GC (Allocation Failure) [PSYoungGen: 382816K->75616K(469504K)] 728422K->540758K(1867776K), 0.1358936 secs] [Times: user=0.81 sys=0.00, real=0.13 secs] 
6171.020: [GC (Allocation Failure) [PSYoungGen: 338784K->126784K(486400K)] 803926K->663951K(1884672K), 0.0427816 secs] [Times: user=0.25 sys=0.01, real=0.04 secs] 
6173.948: [GC (Allocation Failure) [PSYoungGen: 414429K->94240K(488448K)] 951597K->749239K(1886720K), 0.0576499 secs] [Times: user=0.34 sys=0.00, real=0.05 secs] 
6175.482: [GC (Allocation Failure) [PSYoungGen: 382496K->132544K(496128K)] 1037495K->880628K(1894400K), 0.0523550 secs] [Times: user=0.31 sys=0.00, real=0.05 secs] 
6177.736: [GC (Allocation Failure) [PSYoungGen: 433600K->106560K(495616K)] 1181684K->978284K(1893888K), 0.0623033 secs] [Times: user=0.37 sys=0.00, real=0.07 secs] 
6179.703: [GC (Allocation Failure) [PSYoungGen: 407616K->136768K(496128K)] 1279340K->1114129K(1894400K), 0.0558637 secs] [Times: user=0.33 sys=0.00, real=0.06 secs] 
6181.510: [GC (Allocation Failure) [PSYoungGen: 444992K->112128K(497152K)] 1422353K->1217205K(1895424K), 0.0657796 secs] [Times: user=0.38 sys=0.00, real=0.06 secs] 
6183.864: [GC (Allocation Failure) [PSYoungGen: 420352K->137632K(502784K)] 1525429K->1353614K(1901056K), 0.0576978 secs] [Times: user=0.34 sys=0.00, real=0.06 secs] 
6185.051: [GC (Allocation Failure) [PSYoungGen: 458144K->114272K(504320K)] 1674126K->1458906K(1902592K), 0.0648852 secs] [Times: user=0.38 sys=0.00, real=0.06 secs] 
6185.116: [Full GC (Ergonomics) [PSYoungGen: 114272K->0K(504320K)] [ParOldGen: 1344634K->20273K(1398272K)] 1458906K->20273K(1902592K), [Metaspace: 59723K->59723K(1105920K)], 0.0320800 secs] [Times: user=0.09 sys=0.00, real=0.04 secs] 
6187.167: [GC (Allocation Failure) [PSYoungGen: 320512K->148672K(504832K)] 340785K->168945K(1903104K), 0.0289226 secs] [Times: user=0.17 sys=0.00, real=0.02 secs] 
6188.360: [GC (Allocation Failure) [PSYoungGen: 475840K->117152K(510464K)] 496113K->277217K(1908736K), 0.0651049 secs] [Times: user=0.38 sys=0.00, real=0.06 secs] 
6189.758: [GC (Allocation Failure) [PSYoungGen: 444320K->153824K(507904K)] 604385K->429174K(1906176K), 0.0558206 secs] [Times: user=0.33 sys=0.00, real=0.05 secs] 
6191.657: [GC (Allocation Failure) [PSYoungGen: 484064K->116416K(514560K)] 759414K->536678K(1912832K), 0.0665703 secs] [Times: user=0.39 sys=0.00, real=0.06 secs] 
6192.882: [GC (Allocation Failure) [PSYoungGen: 446656K->157216K(504832K)] 866918K->690131K(1903104K), 0.0555258 secs] [Times: user=0.33 sys=0.00, real=0.06 secs] 
6195.725: [GC (Allocation Failure) [PSYoungGen: 482336K->102208K(512000K)] 1015251K->791575K(1910272K), 0.1515793 secs] [Times: user=0.90 sys=0.00, real=0.16 secs] 
6196.176: [GC (Allocation Failure) [PSYoungGen: 427328K->162848K(497664K)] 1116695K->948132K(1895936K), 0.0588066 secs] [Times: user=0.35 sys=0.00, real=0.05 secs] 
6199.980: [GC (Allocation Failure) [PSYoungGen: 475680K->90688K(505856K)] 1260964K->1038948K(1904128K), 0.1386780 secs] [Times: user=0.83 sys=0.00, real=0.14 secs] 
6200.391: [GC (Allocation Failure) [PSYoungGen: 403520K->157152K(495616K)] 1351780K->1190013K(1893888K), 0.0570589 secs] [Times: user=0.34 sys=0.00, real=0.06 secs] 
6203.826: [GC (Allocation Failure) [PSYoungGen: 459744K->88512K(500736K)] 1492605K->1278701K(1899008K), 0.1428762 secs] [Times: user=0.85 sys=0.00, real=0.15 secs] 
6204.240: [GC (Allocation Failure) [PSYoungGen: 391104K->152064K(494080K)] 1581293K->1424942K(1892352K), 0.0551928 secs] [Times: user=0.33 sys=0.00, real=0.05 secs] 
6204.295: [Full GC (Ergonomics) [PSYoungGen: 152064K->0K(494080K)] [ParOldGen: 1272878K->229436K(1398272K)] 1424942K->229436K(1892352K), [Metaspace: 59723K->59723K(1105920K)], 0.5400304 secs] [Times: user=2.50 sys=0.01, real=0.54 secs] 
6207.424: [GC (Allocation Failure) [PSYoungGen: 296448K->83552K(497664K)] 525884K->312988K(1895936K), 0.0594856 secs] [Times: user=0.35 sys=0.01, real=0.06 secs] 
6208.009: [GC (Allocation Failure) [PSYoungGen: 380000K->148992K(494080K)] 609436K->455689K(1892352K), 0.0518855 secs] [Times: user=0.30 sys=0.01, real=0.05 secs] 
6210.672: [GC (Allocation Failure) [PSYoungGen: 442368K->88640K(496128K)] 749065K->544377K(1894400K), 0.1549822 secs] [Times: user=0.92 sys=0.01, real=0.16 secs] 
6211.227: [GC (Allocation Failure) [PSYoungGen: 366198K->134752K(489472K)] 821935K->673434K(1887744K), 0.0476713 secs] [Times: user=0.28 sys=0.00, real=0.04 secs] 
6212.332: [GC (Allocation Failure) [PSYoungGen: 429664K->98656K(493056K)] 968346K->763270K(1891328K), 0.0644248 secs] [Times: user=0.36 sys=0.00, real=0.06 secs] 
6214.621: [GC (Allocation Failure) [PSYoungGen: 393568K->141056K(500224K)] 1058182K->900311K(1898496K), 0.0483845 secs] [Times: user=0.28 sys=0.00, real=0.05 secs] 
6215.811: [GC (Allocation Failure) [PSYoungGen: 446720K->105280K(411136K)] 1205975K->996759K(1809408K), 0.0620837 secs] [Times: user=0.37 sys=0.00, real=0.06 secs] 
6217.845: [GC (Allocation Failure) [PSYoungGen: 410944K->143360K(499200K)] 1302423K->1136692K(1897472K), 0.0513830 secs] [Times: user=0.30 sys=0.00, real=0.06 secs] 
6219.180: [GC (Allocation Failure) [PSYoungGen: 451584K->106304K(500224K)] 1444916K->1233316K(1898496K), 0.0865153 secs] [Times: user=0.51 sys=0.00, real=0.09 secs] 
6221.152: [GC (Allocation Failure) [PSYoungGen: 414528K->145600K(501248K)] 1541540K->1375169K(1899520K), 0.0516837 secs] [Times: user=0.31 sys=0.00, real=0.05 secs] 
6221.204: [Full GC (Ergonomics) [PSYoungGen: 145600K->0K(501248K)] [ParOldGen: 1229569K->182219K(1398272K)] 1375169K->182219K(1899520K), [Metaspace: 59723K->59723K(1105920K)], 0.4394467 secs] [Times: user=2.05 sys=0.00, real=0.44 secs] 
6223.278: [GC (Allocation Failure) [PSYoungGen: 313344K->106624K(503808K)] 495563K->288843K(1902080K), 0.0774441 secs] [Times: user=0.46 sys=0.00, real=0.07 secs] 
6225.095: [GC (Allocation Failure) [PSYoungGen: 419968K->151840K(502784K)] 602187K->436288K(1901056K), 0.0521368 secs] [Times: user=0.31 sys=0.00, real=0.06 secs] 
6226.318: [GC (Allocation Failure) [PSYoungGen: 467744K->107040K(507392K)] 752192K->534728K(1905664K), 0.0686046 secs] [Times: user=0.41 sys=0.00, real=0.07 secs] 
6228.365: [GC (Allocation Failure) [PSYoungGen: 422944K->148800K(504832K)] 850632K->679433K(1903104K), 0.0513909 secs] [Times: user=0.30 sys=0.00, real=0.06 secs] 
6230.254: [GC (Allocation Failure) [PSYoungGen: 465728K->109344K(426496K)] 996361K->779593K(1824768K), 0.1193916 secs] [Times: user=0.70 sys=0.00, real=0.12 secs] 
6231.256: [GC (Allocation Failure) [PSYoungGen: 410448K->145152K(505344K)] 1080697K->920622K(1903616K), 0.0522365 secs] [Times: user=0.31 sys=0.00, real=0.05 secs] 
6234.376: [GC (Allocation Failure) [PSYoungGen: 463616K->107328K(506880K)] 1239086K->1019102K(1905152K), 0.1032260 secs] [Times: user=0.62 sys=0.00, real=0.11 secs] 
6235.454: [GC (Allocation Failure) [PSYoungGen: 412063K->144224K(508416K)] 1323837K->1159403K(1906688K), 0.0512474 secs] [Times: user=0.30 sys=0.00, real=0.05 secs] 
6237.531: [GC (Allocation Failure) [PSYoungGen: 466784K->110752K(509440K)] 1481963K->1261235K(1907712K), 0.1697233 secs] [Times: user=1.02 sys=0.00, real=0.17 secs] 
6238.305: [GC (Allocation Failure) [PSYoungGen: 433312K->155616K(503808K)] 1583795K->1413160K(1902080K), 0.0531307 secs] [Times: user=0.32 sys=0.00, real=0.06 secs] 
6238.358: [Full GC (Ergonomics) [PSYoungGen: 155616K->0K(503808K)] [ParOldGen: 1257544K->211139K(1398272K)] 1413160K->211139K(1902080K), [Metaspace: 59725K->59725K(1105920K)], 0.4887572 secs] [Times: user=2.27 sys=0.00, real=0.49 secs] 
6241.231: [GC (Allocation Failure) [PSYoungGen: 320512K->101888K(509440K)] 531651K->313027K(1907712K), 0.1548935 secs] [Times: user=0.92 sys=0.00, real=0.15 secs] 
6241.804: [GC (Allocation Failure) [PSYoungGen: 422400K->158944K(499200K)] 633539K->465784K(1897472K), 0.0561693 secs] [Times: user=0.33 sys=0.00, real=0.06 secs] 
6245.249: [GC (Allocation Failure) [PSYoungGen: 470752K->94336K(505344K)] 777592K->559812K(1903616K), 0.1526398 secs] [Times: user=0.91 sys=0.00, real=0.15 secs] 
6245.657: [GC (Allocation Failure) [PSYoungGen: 406144K->155104K(497664K)] 871620K->709169K(1895936K), 0.0565627 secs] [Times: user=0.33 sys=0.00, real=0.05 secs] 
6248.469: [GC (Allocation Failure) [PSYoungGen: 459744K->91648K(501760K)] 1013809K->800621K(1900032K), 0.1399490 secs] [Times: user=0.84 sys=0.00, real=0.14 secs] 
6248.890: [GC (Allocation Failure) [PSYoungGen: 396288K->151360K(497152K)] 1105261K->945810K(1895424K), 0.0556820 secs] [Times: user=0.33 sys=0.00, real=0.05 secs] 
6251.931: [GC (Allocation Failure) [PSYoungGen: 451904K->89792K(499712K)] 1246354K->1035322K(1897984K), 0.1281440 secs] [Times: user=0.76 sys=0.00, real=0.13 secs] 
6252.299: [GC (Allocation Failure) [PSYoungGen: 390336K->149664K(496128K)] 1335866K->1178797K(1894400K), 0.0546205 secs] [Times: user=0.32 sys=0.00, real=0.05 secs] 
6255.676: [GC (Allocation Failure) [PSYoungGen: 447136K->84576K(498176K)] 1476269K->1263357K(1896448K), 0.1537586 secs] [Times: user=0.91 sys=0.00, real=0.16 secs] 
6256.233: [GC (Allocation Failure) [PSYoungGen: 382048K->180089K(471040K)] 1560829K->1437325K(1869312K), 0.0558435 secs] [Times: user=0.32 sys=0.02, real=0.06 secs] 
6256.289: [Full GC (Ergonomics) [PSYoungGen: 180089K->0K(471040K)] [ParOldGen: 1257235K->210543K(1398272K)] 1437325K->210543K(1869312K), [Metaspace: 59725K->59725K(1105920K)], 0.4924908 secs] [Times: user=2.29 sys=0.00, real=0.49 secs] 
6258.457: [GC (Allocation Failure) [PSYoungGen: 270848K->78560K(484864K)] 481391K->289103K(1883136K), 0.1569023 secs] [Times: user=0.94 sys=0.00, real=0.15 secs] 
6260.041: [GC (Allocation Failure) [PSYoungGen: 349408K->129920K(471552K)] 559951K->414864K(1869824K), 0.0427332 secs] [Times: user=0.25 sys=0.01, real=0.04 secs] 
6261.178: [GC (Allocation Failure) [PSYoungGen: 400768K->91008K(478208K)] 685712K->497012K(1876480K), 0.0598198 secs] [Times: user=0.36 sys=0.00, real=0.06 secs] 
6263.121: [GC (Allocation Failure) [PSYoungGen: 361856K->119744K(471552K)] 767860K->614977K(1869824K), 0.0627251 secs] [Times: user=0.37 sys=0.00, real=0.06 secs] 
6264.307: [GC (Allocation Failure) [PSYoungGen: 406464K->124704K(482816K)] 901697K->729785K(1881088K), 0.0607308 secs] [Times: user=0.37 sys=0.00, real=0.06 secs] 
6265.460: [GC (Allocation Failure) [PSYoungGen: 411424K->109152K(486912K)] 1016505K->839149K(1885184K), 0.0835259 secs] [Times: user=0.49 sys=0.00, real=0.08 secs] 
6266.682: [GC (Allocation Failure) [PSYoungGen: 421472K->139328K(497664K)] 1151469K->967597K(1895936K), 0.0607633 secs] [Times: user=0.36 sys=0.00, real=0.06 secs] 
6268.989: [GC (Allocation Failure) [PSYoungGen: 451648K->114720K(503808K)] 1279917K->1082341K(1902080K), 0.0866218 secs] [Times: user=0.51 sys=0.01, real=0.08 secs] 
6270.213: [GC (Allocation Failure) [PSYoungGen: 442400K->133440K(508416K)] 1410021K->1204958K(1906688K), 0.0614158 secs] [Times: user=0.37 sys=0.00, real=0.06 secs] 
6271.409: [GC (Allocation Failure) [PSYoungGen: 461120K->148480K(510976K)] 1532638K->1353654K(1909248K), 0.0605915 secs] [Times: user=0.36 sys=0.01, real=0.06 secs] 
6273.413: [GC (Allocation Failure) [PSYoungGen: 479744K->10848K(342528K)] 1684918K->1216062K(1740800K), 0.0055864 secs] [Times: user=0.03 sys=0.00, real=0.01 secs] 
6274.625: [GC (Allocation Failure) [PSYoungGen: 342112K->155904K(487424K)] 1547326K->1370123K(1885696K), 0.0338688 secs] [Times: user=0.20 sys=0.00, real=0.04 secs] 
6274.659: [Full GC (Ergonomics) [PSYoungGen: 155904K->0K(487424K)] [ParOldGen: 1214219K->178302K(1398272K)] 1370123K->178302K(1885696K), [Metaspace: 59727K->59727K(1105920K)], 0.4204292 secs] [Times: user=1.92 sys=0.00, real=0.42 secs] 
6276.156: [GC (Allocation Failure) [PSYoungGen: 290304K->97280K(494592K)] 468606K->275582K(1892864K), 0.0327888 secs] [Times: user=0.19 sys=0.00, real=0.04 secs] 
6277.560: [GC (Allocation Failure) [PSYoungGen: 387584K->137216K(492544K)] 565886K->410281K(1890816K), 0.0495611 secs] [Times: user=0.29 sys=0.00, real=0.05 secs] 
6278.889: [GC (Allocation Failure) [PSYoungGen: 432640K->104480K(494592K)] 705705K->505493K(1892864K), 0.0625615 secs] [Times: user=0.38 sys=0.00, real=0.06 secs] 
6280.756: [GC (Allocation Failure) [PSYoungGen: 399904K->134048K(496640K)] 800917K->638110K(1894912K), 0.0564910 secs] [Times: user=0.33 sys=0.00, real=0.06 secs] 
6282.650: [GC (Allocation Failure) [PSYoungGen: 437664K->112096K(495616K)] 941726K->740906K(1893888K), 0.0626614 secs] [Times: user=0.37 sys=0.00, real=0.06 secs] 
6283.990: [GC (Allocation Failure) [PSYoungGen: 415712K->134368K(500736K)] 1044522K->874223K(1899008K), 0.0539201 secs] [Times: user=0.31 sys=0.01, real=0.05 secs] 
6287.338: [GC (Allocation Failure) [PSYoungGen: 449248K->114496K(499712K)] 1189103K->979583K(1897984K), 0.0638284 secs] [Times: user=0.38 sys=0.00, real=0.06 secs] 
6290.318: [GC (Allocation Failure) [PSYoungGen: 429376K->135936K(506880K)] 1294463K->1114116K(1905152K), 0.0654186 secs] [Times: user=0.39 sys=0.00, real=0.06 secs] 
6291.494: [GC (Allocation Failure) [PSYoungGen: 463616K->118912K(507392K)] 1441796K->1223476K(1905664K), 0.0655785 secs] [Times: user=0.39 sys=0.00, real=0.07 secs] 
6292.698: [GC (Allocation Failure) [PSYoungGen: 446592K->153024K(507392K)] 1551156K->1375350K(1905664K), 0.0576901 secs] [Times: user=0.34 sys=0.00, real=0.05 secs] 
6292.755: [Full GC (Ergonomics) [PSYoungGen: 153024K->0K(507392K)] [ParOldGen: 1222326K->173990K(1398272K)] 1375350K->173990K(1905664K), [Metaspace: 59727K->59727K(1105920K)], 0.4006297 secs] [Times: user=1.85 sys=0.00, real=0.40 secs] 
6295.339: [GC (Allocation Failure) [PSYoungGen: 333312K->113856K(514048K)] 507302K->287846K(1912320K), 0.0356947 secs] [Times: user=0.21 sys=0.00, real=0.03 secs] 
6297.129: [GC (Allocation Failure) [PSYoungGen: 447168K->159584K(505856K)] 621158K->443687K(1904128K), 0.0559978 secs] [Times: user=0.33 sys=0.00, real=0.05 secs] 
6298.323: [GC (Allocation Failure) [PSYoungGen: 488800K->119200K(514048K)] 772903K->553795K(1912320K), 0.0689028 secs] [Times: user=0.40 sys=0.00, real=0.07 secs] 
6299.660: [GC (Allocation Failure) [PSYoungGen: 448416K->160288K(503296K)] 883011K->704641K(1901568K), 0.0573738 secs] [Times: user=0.34 sys=0.00, real=0.06 secs] 
6302.198: [GC (Allocation Failure) [PSYoungGen: 483360K->96416K(510976K)] 1027713K->801073K(1909248K), 0.1288768 secs] [Times: user=0.77 sys=0.00, real=0.13 secs] 
6302.884: [GC (Allocation Failure) [PSYoungGen: 419488K->159648K(498176K)] 1124145K->954862K(1896448K), 0.0778067 secs] [Times: user=0.47 sys=0.00, real=0.08 secs] 
6305.205: [GC (GCLocker Initiated GC) [PSYoungGen: 470432K->93184K(504832K)] 1265646K->1048030K(1903104K), 0.1260679 secs] [Times: user=0.74 sys=0.00, real=0.13 secs] 
6306.875: [GC (Allocation Failure) [PSYoungGen: 403968K->148224K(502272K)] 1358818K->1190707K(1900544K), 0.1638963 secs] [Times: user=0.97 sys=0.00, real=0.17 secs] 
6311.604: [GC (Allocation Failure) [PSYoungGen: 456960K->89630K(503808K)] 1499443K->1280014K(1902080K), 0.1598884 secs] [Times: user=0.94 sys=0.01, real=0.16 secs] 
6311.764: [Full GC (Ergonomics) [PSYoungGen: 89630K->0K(503808K)] [ParOldGen: 1190383K->79168K(1398272K)] 1280014K->79168K(1902080K), [Metaspace: 59727K->59727K(1105920K)], 0.2124355 secs] [Times: user=1.00 sys=0.00, real=0.21 secs] 
6312.193: [GC (GCLocker Initiated GC) [PSYoungGen: 308736K->153856K(496640K)] 387904K->233024K(1894912K), 0.0333426 secs] [Times: user=0.20 sys=0.00, real=0.04 secs] 
6313.764: [GC (Allocation Failure) [PSYoungGen: 455424K->102208K(500224K)] 534594K->335202K(1898496K), 0.1226591 secs] [Times: user=0.72 sys=0.01, real=0.13 secs] 
6314.176: [GC (Allocation Failure) [PSYoungGen: 403776K->147456K(500224K)] 636770K->468383K(1898496K), 0.0546663 secs] [Times: user=0.32 sys=0.00, real=0.06 secs] 
6317.419: [GC (Allocation Failure) [PSYoungGen: 451584K->93344K(501248K)] 772511K->560939K(1899520K), 0.1519963 secs] [Times: user=0.90 sys=0.01, real=0.15 secs] 
6317.842: [GC (Allocation Failure) [PSYoungGen: 397472K->152928K(495616K)] 865067K->707912K(1893888K), 0.0549011 secs] [Times: user=0.33 sys=0.00, real=0.06 secs] 
6320.905: [GC (Allocation Failure) [PSYoungGen: 452448K->87552K(499200K)] 1007432K->795632K(1897472K), 0.1487715 secs] [Times: user=0.89 sys=0.00, real=0.15 secs] 
6321.656: [GC (Allocation Failure) [PSYoungGen: 387072K->150400K(494592K)] 1095152K->939653K(1892864K), 0.0538015 secs] [Times: user=0.32 sys=0.00, real=0.05 secs] 
6324.484: [GC (Allocation Failure) [PSYoungGen: 445824K->87104K(497152K)] 1235077K->1026825K(1895424K), 0.1494700 secs] [Times: user=0.89 sys=0.00, real=0.15 secs] 
6325.977: [GC (Allocation Failure) [PSYoungGen: 382528K->147840K(495104K)] 1322249K->1167958K(1893376K), 0.0531403 secs] [Times: user=0.31 sys=0.00, real=0.05 secs] 
6328.004: [GC (Allocation Failure) [PSYoungGen: 442240K->87328K(496640K)] 1462358K->1255066K(1894912K), 0.1401030 secs] [Times: user=0.84 sys=0.00, real=0.14 secs] 
6329.164: [GC (Allocation Failure) [PSYoungGen: 381728K->142976K(496128K)] 1549466K->1393951K(1894400K), 0.0488393 secs] [Times: user=0.29 sys=0.00, real=0.05 secs] 
6329.213: [Full GC (Ergonomics) [PSYoungGen: 142976K->0K(496128K)] [ParOldGen: 1250975K->193670K(1398272K)] 1393951K->193670K(1894400K), [Metaspace: 59727K->59727K(1105920K)], 0.4608249 secs] [Times: user=2.12 sys=0.00, real=0.46 secs] 
6330.705: [GC (Allocation Failure) [PSYoungGen: 295424K->99360K(395264K)] 489094K->293030K(1793536K), 0.0306530 secs] [Times: user=0.18 sys=0.00, real=0.03 secs] 
6332.381: [GC (Allocation Failure) [PSYoungGen: 394784K->142304K(493568K)] 588454K->431235K(1891840K), 0.0484104 secs] [Times: user=0.28 sys=0.00, real=0.05 secs] 
6333.487: [GC (GCLocker Initiated GC) [PSYoungGen: 438752K->98080K(494080K)] 727683K->520379K(1892352K), 0.0621793 secs] [Times: user=0.37 sys=0.00, real=0.06 secs] 
6335.408: [GC (Allocation Failure) [PSYoungGen: 394528K->140768K(498688K)] 816830K->658654K(1896960K), 0.0494226 secs] [Times: user=0.29 sys=0.00, real=0.05 secs] 
6337.749: [GC (Allocation Failure) [PSYoungGen: 444896K->102624K(498688K)] 962782K->752414K(1896960K), 0.0697363 secs] [Times: user=0.41 sys=0.00, real=0.07 secs] 
6339.792: [GC (Allocation Failure) [PSYoungGen: 406752K->142304K(499712K)] 1056542K->892534K(1897984K), 0.0517717 secs] [Times: user=0.30 sys=0.00, real=0.05 secs] 
6341.011: [GC (Allocation Failure) [PSYoungGen: 451040K->108256K(500736K)] 1201270K->991550K(1899008K), 0.0639593 secs] [Times: user=0.38 sys=0.00, real=0.06 secs] 
6342.174: [GC (GCLocker Initiated GC) [PSYoungGen: 416992K->147552K(500224K)] 1300286K->1136739K(1898496K), 0.0539556 secs] [Times: user=0.32 sys=0.00, real=0.06 secs] 
6343.758: [GC (Allocation Failure) [PSYoungGen: 460384K->105760K(503296K)] 1449573K->1233861K(1901568K), 0.0651021 secs] [Times: user=0.39 sys=0.00, real=0.06 secs] 
6347.591: [GC (Allocation Failure) [PSYoungGen: 418592K->142720K(506368K)] 1546693K->1373790K(1904640K), 0.0524916 secs] [Times: user=0.31 sys=0.00, real=0.05 secs] 
6347.644: [Full GC (Ergonomics) [PSYoungGen: 142720K->0K(506368K)] [ParOldGen: 1231070K->172098K(1398272K)] 1373790K->172098K(1904640K), [Metaspace: 59727K->59727K(1105920K)], 0.4016983 secs] [Times: user=1.86 sys=0.00, real=0.40 secs] 
6349.276: [GC (Allocation Failure) [PSYoungGen: 319488K->109888K(507904K)] 491586K->281986K(1906176K), 0.0465122 secs] [Times: user=0.28 sys=0.00, real=0.05 secs] 
6351.370: [GC (Allocation Failure) [PSYoungGen: 429376K->152512K(503296K)] 601474K->431067K(1901568K), 0.0548377 secs] [Times: user=0.32 sys=0.00, real=0.05 secs] 
6352.557: [GC (Allocation Failure) [PSYoungGen: 471488K->109664K(507904K)] 750043K->531579K(1906176K), 0.0658864 secs] [Times: user=0.39 sys=0.00, real=0.06 secs] 
6354.114: [GC (Allocation Failure) [PSYoungGen: 428640K->154304K(503296K)] 850555K->682447K(1901568K), 0.0531168 secs] [Times: user=0.32 sys=0.00, real=0.06 secs] 
6356.547: [GC (Allocation Failure) [PSYoungGen: 472256K->109280K(508416K)] 1000399K->782788K(1906688K), 0.1660316 secs] [Times: user=0.99 sys=0.00, real=0.16 secs] 
6358.034: [GC (Allocation Failure) [PSYoungGen: 427232K->151264K(504320K)] 1100740K->930540K(1902592K), 0.0533588 secs] [Times: user=0.32 sys=0.00, real=0.06 secs] 
6359.787: [GC (Allocation Failure) [PSYoungGen: 468192K->100480K(507904K)] 1247468K->1030440K(1906176K), 0.1597083 secs] [Times: user=0.94 sys=0.01, real=0.16 secs] 
6360.264: [GC (Allocation Failure) [PSYoungGen: 417408K->159104K(496640K)] 1347368K->1183517K(1894912K), 0.0576943 secs] [Times: user=0.34 sys=0.00, real=0.06 secs] 
6363.024: [GC (Allocation Failure) [PSYoungGen: 466816K->90272K(503296K)] 1491229K->1273741K(1901568K), 0.1781695 secs] [Times: user=1.07 sys=0.00, real=0.18 secs] 
6363.651: [GC (Allocation Failure) [PSYoungGen: 397984K->154176K(495616K)] 1581453K->1421982K(1893888K), 0.0549487 secs] [Times: user=0.33 sys=0.00, real=0.06 secs] 
6363.706: [Full GC (Ergonomics) [PSYoungGen: 154176K->0K(495616K)] [ParOldGen: 1267806K->218907K(1398272K)] 1421982K->218907K(1893888K), [Metaspace: 59727K->59727K(1105920K)], 0.5193732 secs] [Times: user=2.42 sys=0.00, real=0.51 secs] 
6367.309: [GC (Allocation Failure) [PSYoungGen: 300544K->86656K(499712K)] 519451K->305563K(1897984K), 0.1241581 secs] [Times: user=0.73 sys=0.00, real=0.12 secs] 
6368.527: [GC (Allocation Failure) [PSYoungGen: 387200K->147072K(497152K)] 606107K->447172K(1895424K), 0.0520442 secs] [Times: user=0.31 sys=0.00, real=0.05 secs] 
6370.822: [GC (Allocation Failure) [PSYoungGen: 445568K->90112K(498688K)] 745668K->536716K(1896960K), 0.1412494 secs] [Times: user=0.85 sys=0.00, real=0.14 secs] 
6371.749: [GC (Allocation Failure) [PSYoungGen: 382403K->140000K(496640K)] 829008K->672989K(1894912K), 0.0492996 secs] [Times: user=0.30 sys=0.00, real=0.05 secs] 
6373.558: [GC (Allocation Failure) [PSYoungGen: 440032K->100192K(497664K)] 973021K->764861K(1895936K), 0.1620347 secs] [Times: user=0.96 sys=0.00, real=0.16 secs] 
6374.548: [GC (Allocation Failure) [PSYoungGen: 400224K->145504K(497664K)] 1064893K->906462K(1895936K), 0.0494736 secs] [Times: user=0.29 sys=0.00, real=0.05 secs] 
6376.136: [GC (Allocation Failure) [PSYoungGen: 448608K->102176K(499200K)] 1209566K->1000086K(1897472K), 0.0636916 secs] [Times: user=0.38 sys=0.01, real=0.07 secs] 
6378.634: [GC (Allocation Failure) [PSYoungGen: 405280K->143488K(499712K)] 1303190K->1139571K(1897984K), 0.0509755 secs] [Times: user=0.30 sys=0.00, real=0.05 secs] 
6379.801: [GC (Allocation Failure) [PSYoungGen: 450688K->106304K(500736K)] 1446771K->1236755K(1899008K), 0.0644676 secs] [Times: user=0.38 sys=0.00, real=0.06 secs] 
6382.007: [GC (Allocation Failure) [PSYoungGen: 413504K->142688K(501248K)] 1543955K->1375945K(1899520K), 0.0517251 secs] [Times: user=0.31 sys=0.00, real=0.05 secs] 
6382.058: [Full GC (Ergonomics) [PSYoungGen: 142688K->0K(501248K)] [ParOldGen: 1233257K->183733K(1398272K)] 1375945K->183733K(1899520K), [Metaspace: 59728K->59728K(1105920K)], 0.4437471 secs] [Times: user=2.06 sys=0.00, real=0.44 secs] 
6383.571: [GC (Allocation Failure) [PSYoungGen: 311808K->108544K(502272K)] 495541K->292277K(1900544K), 0.0446481 secs] [Times: user=0.26 sys=0.00, real=0.04 secs] 
6385.691: [GC (Allocation Failure) [PSYoungGen: 420352K->147712K(502272K)] 604085K->436314K(1900544K), 0.0525575 secs] [Times: user=0.31 sys=0.00, real=0.05 secs] 
6387.448: [GC (Allocation Failure) [PSYoungGen: 463616K->109056K(505344K)] 752218K->536250K(1903616K), 0.1000915 secs] [Times: user=0.60 sys=0.00, real=0.10 secs] 
6389.308: [GC (Allocation Failure) [PSYoungGen: 424960K->150848K(505344K)] 852154K->682847K(1903616K), 0.0520769 secs] [Times: user=0.30 sys=0.00, real=0.05 secs] 
6391.533: [GC (Allocation Failure) [PSYoungGen: 470336K->106240K(508928K)] 1002335K->780263K(1907200K), 0.1585168 secs] [Times: user=0.95 sys=0.00, real=0.16 secs] 
6392.811: [GC (Allocation Failure) [PSYoungGen: 425728K->155008K(501760K)] 1099751K->930748K(1900032K), 0.0528424 secs] [Times: user=0.32 sys=0.00, real=0.05 secs] 
6394.450: [GC (Allocation Failure) [PSYoungGen: 469888K->99680K(506880K)] 1245628K->1029612K(1905152K), 0.1167833 secs] [Times: user=0.68 sys=0.01, real=0.12 secs] 
6395.310: [GC (Allocation Failure) [PSYoungGen: 414560K->157632K(496640K)] 1344492K->1180600K(1894912K), 0.0567246 secs] [Times: user=0.34 sys=0.00, real=0.06 secs] 
6398.140: [GC (Allocation Failure) [PSYoungGen: 464320K->90784K(502784K)] 1487288K->1271372K(1901056K), 0.1685787 secs] [Times: user=1.00 sys=0.00, real=0.17 secs] 
6399.175: [GC (Allocation Failure) [PSYoungGen: 397472K->168448K(484864K)] 1578060K->1433545K(1883136K), 0.0556272 secs] [Times: user=0.33 sys=0.00, real=0.06 secs] 
6399.231: [Full GC (Ergonomics) [PSYoungGen: 168448K->0K(484864K)] [ParOldGen: 1265097K->214837K(1398272K)] 1433545K->214837K(1883136K), [Metaspace: 59728K->59728K(1105920K)], 0.5012210 secs] [Times: user=2.34 sys=0.00, real=0.50 secs] 
6401.828: [GC (Allocation Failure) [PSYoungGen: 289280K->84736K(494080K)] 504117K->299573K(1892352K), 0.1291420 secs] [Times: user=0.77 sys=0.00, real=0.13 secs] 
6403.607: [GC (Allocation Failure) [PSYoungGen: 374016K->138432K(487936K)] 588853K->433476K(1886208K), 0.0464827 secs] [Times: user=0.28 sys=0.00, real=0.04 secs] 
6405.164: [GC (Allocation Failure) [PSYoungGen: 427712K->95040K(491008K)] 722756K->519440K(1889280K), 0.0922145 secs] [Times: user=0.54 sys=0.01, real=0.10 secs] 
6406.792: [GC (Allocation Failure) [PSYoungGen: 384320K->139968K(493056K)] 808720K->655807K(1891328K), 0.0473998 secs] [Times: user=0.28 sys=0.00, real=0.05 secs] 
6408.581: [GC (GCLocker Initiated GC) [PSYoungGen: 437440K->100512K(495616K)] 953280K->747704K(1893888K), 0.0648821 secs] [Times: user=0.39 sys=0.00, real=0.06 secs] 
6409.623: [GC (Allocation Failure) [PSYoungGen: 397984K->139104K(499200K)] 1045224K->884697K(1897472K), 0.0507926 secs] [Times: user=0.29 sys=0.00, real=0.05 secs] 
6412.141: [GC (Allocation Failure) [PSYoungGen: 444580K->106592K(499712K)] 1190173K->981833K(1897984K), 0.0647825 secs] [Times: user=0.39 sys=0.00, real=0.06 secs] 
6413.447: [GC (Allocation Failure) [PSYoungGen: 412256K->141664K(500736K)] 1287497K->1121801K(1899008K), 0.0542939 secs] [Times: user=0.32 sys=0.00, real=0.05 secs] 
6415.355: [GC (Allocation Failure) [PSYoungGen: 452448K->108544K(501248K)] 1432585K->1221273K(1899520K), 0.0653007 secs] [Times: user=0.39 sys=0.00, real=0.07 secs] 
6416.610: [GC (Allocation Failure) [PSYoungGen: 419328K->144032K(503296K)] 1532057K->1362998K(1901568K), 0.0549538 secs] [Times: user=0.33 sys=0.00, real=0.05 secs] 
6418.342: [GC (Allocation Failure) [PSYoungGen: 460960K->113504K(504832K)] 1679926K->1467046K(1903104K), 0.0658480 secs] [Times: user=0.39 sys=0.00, real=0.07 secs] 
6418.407: [Full GC (Ergonomics) [PSYoungGen: 113504K->0K(504832K)] [ParOldGen: 1353542K->36336K(1398272K)] 1467046K->36336K(1903104K), [Metaspace: 59739K->59739K(1105920K)], 0.0712053 secs] [Times: user=0.26 sys=0.01, real=0.07 secs] 
6419.861: [GC (Allocation Failure) [PSYoungGen: 316928K->150400K(504832K)] 353264K->186736K(1903104K), 0.0292897 secs] [Times: user=0.17 sys=0.00, real=0.03 secs] 
6420.970: [GC (Allocation Failure) [PSYoungGen: 471424K->111616K(508416K)] 507760K->289552K(1906688K), 0.0641442 secs] [Times: user=0.38 sys=0.00, real=0.06 secs] 
6423.623: [GC (Allocation Failure) [PSYoungGen: 432640K->152320K(505856K)] 610576K->437913K(1904128K), 0.0528867 secs] [Times: user=0.32 sys=0.00, real=0.05 secs] 
6425.990: [GC (Allocation Failure) [PSYoungGen: 474368K->108448K(510464K)] 759961K->537289K(1908736K), 0.1707958 secs] [Times: user=1.02 sys=0.00, real=0.17 secs] 
6426.793: [GC (Allocation Failure) [PSYoungGen: 430496K->157888K(501248K)] 859337K->691777K(1899520K), 0.0871799 secs] [Times: user=0.51 sys=0.00, real=0.09 secs] 
6430.309: [GC (Allocation Failure) [PSYoungGen: 473792K->99360K(507392K)] 1007681K->791269K(1905664K), 0.1650726 secs] [Times: user=0.99 sys=0.00, real=0.16 secs] 
6430.799: [GC (Allocation Failure) [PSYoungGen: 415264K->155040K(499712K)] 1107173K->939906K(1897984K), 0.0573039 secs] [Times: user=0.33 sys=0.01, real=0.06 secs] 
6433.317: [GC (Allocation Failure) [PSYoungGen: 464800K->96480K(504320K)] 1249666K->1035690K(1902592K), 0.1672690 secs] [Times: user=1.00 sys=0.00, real=0.16 secs] 
6433.763: [GC (Allocation Failure) [PSYoungGen: 406240K->152352K(499200K)] 1345450K->1181951K(1897472K), 0.0567121 secs] [Times: user=0.33 sys=0.00, real=0.06 secs] 
6436.559: [GC (Allocation Failure) [PSYoungGen: 458016K->93952K(502272K)] 1487615K->1275159K(1900544K), 0.1335273 secs] [Times: user=0.80 sys=0.00, real=0.13 secs] 
6436.939: [GC (Allocation Failure) [PSYoungGen: 399616K->153536K(496128K)] 1580823K->1422956K(1894400K), 0.0568432 secs] [Times: user=0.34 sys=0.00, real=0.05 secs] 
6436.996: [Full GC (Ergonomics) [PSYoungGen: 153536K->0K(496128K)] [ParOldGen: 1269420K->225832K(1398272K)] 1422956K->225832K(1894400K), [Metaspace: 59739K->59739K(1105920K)], 0.5347003 secs] [Times: user=2.51 sys=0.00, real=0.54 secs] 
6440.769: [GC (Allocation Failure) [PSYoungGen: 300544K->86496K(499712K)] 526376K->312329K(1897984K), 0.1037320 secs] [Times: user=0.62 sys=0.00, real=0.10 secs] 
6441.385: [GC (Allocation Failure) [PSYoungGen: 387040K->165824K(483328K)] 612873K->472154K(1881600K), 0.0541035 secs] [Times: user=0.32 sys=0.00, real=0.06 secs] 
6443.532: [GC (Allocation Failure) [PSYoungGen: 449984K->83072K(491520K)] 756314K->538574K(1889792K), 0.1654492 secs] [Times: user=0.99 sys=0.01, real=0.17 secs] 
6444.502: [GC (Allocation Failure) [PSYoungGen: 367232K->138016K(484864K)] 822734K->672927K(1883136K), 0.0556819 secs] [Times: user=0.33 sys=0.00, real=0.06 secs] 
6446.693: [GC (Allocation Failure) [PSYoungGen: 422688K->91840K(488448K)] 957599K->756335K(1886720K), 0.0590618 secs] [Times: user=0.35 sys=0.00, real=0.06 secs] 
6448.908: [GC (GCLocker Initiated GC) [PSYoungGen: 376512K->135680K(488448K)] 1041007K->888528K(1886720K), 0.0465385 secs] [Times: user=0.27 sys=0.00, real=0.04 secs] 
6451.490: [GC (Allocation Failure) [PSYoungGen: 429056K->96800K(492544K)] 1181906K->976478K(1890816K), 0.0666617 secs] [Times: user=0.39 sys=0.00, real=0.07 secs] 
6453.725: [GC (Allocation Failure) [PSYoungGen: 390176K->134304K(495104K)] 1269854K->1108635K(1893376K), 0.0491865 secs] [Times: user=0.29 sys=0.00, real=0.05 secs] 
6455.500: [GC (Allocation Failure) [PSYoungGen: 438432K->111392K(497664K)] 1412763K->1210707K(1895936K), 0.0636456 secs] [Times: user=0.38 sys=0.00, real=0.06 secs] 
6457.513: [GC (Allocation Failure) [PSYoungGen: 415520K->136256K(503296K)] 1514835K->1345961K(1901568K), 0.0592606 secs] [Times: user=0.35 sys=0.00, real=0.06 secs] 
6458.903: [GC (Allocation Failure) [PSYoungGen: 451648K->115776K(502272K)] 1661353K->1451789K(1900544K), 0.0642707 secs] [Times: user=0.38 sys=0.00, real=0.07 secs] 
6458.967: [Full GC (Ergonomics) [PSYoungGen: 115776K->0K(502272K)] [ParOldGen: 1336013K->21295K(1398272K)] 1451789K->21295K(1900544K), [Metaspace: 59739K->59739K(1105920K)], 0.0304931 secs] [Times: user=0.08 sys=0.00, real=0.03 secs] 
6459.822: [GC (Allocation Failure) [PSYoungGen: 315392K->148992K(501760K)] 336687K->170287K(1900032K), 0.0286066 secs] [Times: user=0.17 sys=0.00, real=0.03 secs] 
6461.198: [GC (Allocation Failure) [PSYoungGen: 468992K->110656K(505856K)] 490287K->272223K(1904128K), 0.0643218 secs] [Times: user=0.38 sys=0.00, real=0.06 secs] 
6464.193: [GC (Allocation Failure) [PSYoungGen: 430656K->150400K(508416K)] 592223K->419572K(1906688K), 0.0536250 secs] [Times: user=0.32 sys=0.00, real=0.06 secs] 
6465.355: [GC (Allocation Failure) [PSYoungGen: 476544K->115008K(512512K)] 745716K->525632K(1910784K), 0.0648400 secs] [Times: user=0.39 sys=0.00, real=0.07 secs] 
6467.451: [GC (Allocation Failure) [PSYoungGen: 441152K->153344K(507392K)] 851776K->675301K(1905664K), 0.0549771 secs] [Times: user=0.33 sys=0.00, real=0.05 secs] 
6469.884: [GC (Allocation Failure) [PSYoungGen: 478464K->112704K(512000K)] 1000421K->779037K(1910272K), 0.1783867 secs] [Times: user=1.06 sys=0.00, real=0.18 secs] 
6471.842: [GC (Allocation Failure) [PSYoungGen: 437824K->154816K(505856K)] 1104157K->929766K(1904128K), 0.0534762 secs] [Times: user=0.32 sys=0.01, real=0.05 secs] 
6473.562: [GC (Allocation Failure) [PSYoungGen: 476864K->102080K(510464K)] 1251814K->1031706K(1908736K), 0.1456984 secs] [Times: user=0.87 sys=0.01, real=0.15 secs] 
6474.034: [GC (Allocation Failure) [PSYoungGen: 424128K->159616K(499200K)] 1353754K->1185495K(1897472K), 0.0624799 secs] [Times: user=0.37 sys=0.00, real=0.07 secs] 
6477.047: [GC (Allocation Failure) [PSYoungGen: 471424K->95264K(505344K)] 1497303K->1280627K(1903616K), 0.1434535 secs] [Times: user=0.86 sys=0.00, real=0.14 secs] 
6477.442: [GC (Allocation Failure) [PSYoungGen: 407072K->153120K(499712K)] 1592435K->1427476K(1897984K), 0.0574608 secs] [Times: user=0.34 sys=0.00, real=0.06 secs] 
6477.499: [Full GC (Ergonomics) [PSYoungGen: 153120K->0K(499712K)] [ParOldGen: 1274356K->232256K(1398272K)] 1427476K->232256K(1897984K), [Metaspace: 59740K->59740K(1105920K)], 0.5407255 secs] [Times: user=2.52 sys=0.00, real=0.54 secs] 
6481.145: [GC (Allocation Failure) [PSYoungGen: 306688K->90400K(502784K)] 538944K->322656K(1901056K), 0.0772735 secs] [Times: user=0.46 sys=0.00, real=0.08 secs] 
6481.518: [GC (Allocation Failure) [PSYoungGen: 397088K->153760K(495616K)] 629344K->470117K(1893888K), 0.0553423 secs] [Times: user=0.33 sys=0.00, real=0.05 secs] 
6483.747: [GC (Allocation Failure) [PSYoungGen: 453280K->91776K(499200K)] 769637K->562077K(1897472K), 0.1154487 secs] [Times: user=0.68 sys=0.00, real=0.11 secs] 
6484.144: [GC (Allocation Failure) [PSYoungGen: 391296K->148672K(497152K)] 861597K->705130K(1895424K), 0.0552190 secs] [Times: user=0.33 sys=0.00, real=0.06 secs] 
6487.334: [GC (Allocation Failure) [PSYoungGen: 447168K->88256K(498688K)] 1003626K->792922K(1896960K), 0.1530926 secs] [Times: user=0.91 sys=0.00, real=0.16 secs] 
6487.740: [GC (Allocation Failure) [PSYoungGen: 386752K->166688K(482816K)] 1091418K->953598K(1881088K), 0.0544548 secs] [Times: user=0.32 sys=0.00, real=0.05 secs] 
6490.847: [GC (GCLocker Initiated GC) [PSYoungGen: 449824K->79488K(491008K)] 1236734K->1016686K(1889280K), 0.1693159 secs] [Times: user=1.00 sys=0.01, real=0.17 secs] 
6491.555: [GC (Allocation Failure) [PSYoungGen: 362624K->130784K(480768K)] 1316211K->1159890K(1879040K), 0.2256576 secs] [Times: user=1.35 sys=0.00, real=0.23 secs] 
6493.760: [GC (Allocation Failure) [PSYoungGen: 413920K->83168K(485888K)] 1443026K->1243254K(1884160K), 0.3948488 secs] [Times: user=2.36 sys=0.00, real=0.39 secs] 
6496.268: [GC (Allocation Failure) [PSYoungGen: 366304K->137504K(492032K)] 1526390K->1376235K(1890304K), 0.0479722 secs] [Times: user=0.28 sys=0.00, real=0.04 secs] 
6496.316: [Full GC (Ergonomics) [PSYoungGen: 137504K->0K(492032K)] [ParOldGen: 1238731K->182739K(1398272K)] 1376235K->182739K(1890304K), [Metaspace: 59740K->59740K(1105920K)], 0.4377867 secs] [Times: user=2.04 sys=0.00, real=0.44 secs] 
6497.787: [GC (Allocation Failure) [PSYoungGen: 294400K->97408K(494592K)] 477139K->280147K(1892864K), 0.0319209 secs] [Times: user=0.18 sys=0.01, real=0.03 secs] 
6500.923: [GC (Allocation Failure) [PSYoungGen: 391808K->136640K(497664K)] 574547K->413648K(1895936K), 0.0485485 secs] [Times: user=0.29 sys=0.00, real=0.05 secs] 
6502.065: [GC (Allocation Failure) [PSYoungGen: 438720K->106688K(497152K)] 715728K->511092K(1895424K), 0.0620962 secs] [Times: user=0.37 sys=0.00, real=0.07 secs] 
6504.457: [GC (Allocation Failure) [PSYoungGen: 408768K->146624K(495104K)] 813172K->655483K(1893376K), 0.0527524 secs] [Times: user=0.31 sys=0.00, real=0.05 secs] 
6505.610: [GC (Allocation Failure) [PSYoungGen: 451776K->107680K(498176K)] 960635K->745599K(1896448K), 0.0630821 secs] [Times: user=0.38 sys=0.00, real=0.06 secs] 
6507.542: [GC (Allocation Failure) [PSYoungGen: 412832K->140576K(503808K)] 1050751K->884068K(1902080K), 0.0530844 secs] [Times: user=0.32 sys=0.00, real=0.05 secs] 
6508.704: [GC (Allocation Failure) [PSYoungGen: 455968K->112960K(504320K)] 1199460K->987692K(1902592K), 0.0649544 secs] [Times: user=0.39 sys=0.01, real=0.07 secs] 
6510.953: [GC (Allocation Failure) [PSYoungGen: 428352K->145536K(503296K)] 1303084K->1131585K(1901568K), 0.0553119 secs] [Times: user=0.33 sys=0.00, real=0.06 secs] 
6512.114: [GC (Allocation Failure) [PSYoungGen: 464512K->114368K(505856K)] 1450561K->1236697K(1904128K), 0.0670849 secs] [Times: user=0.39 sys=0.00, real=0.07 secs] 
6514.485: [GC (Allocation Failure) [PSYoungGen: 433344K->148064K(506880K)] 1555673K->1382186K(1905152K), 0.0564153 secs] [Times: user=0.33 sys=0.00, real=0.06 secs] 
6514.541: [Full GC (Ergonomics) [PSYoungGen: 148064K->0K(506880K)] [ParOldGen: 1234122K->180723K(1398272K)] 1382186K->180723K(1905152K), [Metaspace: 59740K->59740K(1105920K)], 0.4343450 secs] [Times: user=2.03 sys=0.00, real=0.43 secs] 
6516.089: [GC (Allocation Failure) [PSYoungGen: 324608K->114240K(509952K)] 505331K->294963K(1908224K), 0.0339814 secs] [Times: user=0.20 sys=0.00, real=0.03 secs] 
6518.976: [GC (Allocation Failure) [PSYoungGen: 438848K->153120K(507392K)] 619571K->444204K(1905664K), 0.0552508 secs] [Times: user=0.33 sys=0.00, real=0.06 secs] 
6520.948: [GC (Allocation Failure) [PSYoungGen: 479264K->112640K(512512K)] 770348K->548160K(1910784K), 0.1729328 secs] [Times: user=1.02 sys=0.01, real=0.17 secs] 
6522.207: [GC (Allocation Failure) [PSYoungGen: 438784K->157184K(503808K)] 874304K->701185K(1902080K), 0.0537816 secs] [Times: user=0.31 sys=0.00, real=0.05 secs] 
6524.632: [GC (Allocation Failure) [PSYoungGen: 478208K->101216K(509952K)] 1022209K->801545K(1908224K), 0.1606403 secs] [Times: user=0.96 sys=0.00, real=0.16 secs] 
6525.099: [GC (Allocation Failure) [PSYoungGen: 422240K->159296K(498688K)] 1122569K->954894K(1896960K), 0.0585738 secs] [Times: user=0.35 sys=0.00, real=0.06 secs] 
6526.932: [GC (Allocation Failure) [PSYoungGen: 470080K->97184K(504832K)] 1265678K->1051902K(1903104K), 0.1036818 secs] [Times: user=0.62 sys=0.00, real=0.10 secs] 
6527.274: [GC (Allocation Failure) [PSYoungGen: 407968K->156160K(497664K)] 1362686K->1202279K(1895936K), 0.0587528 secs] [Times: user=0.34 sys=0.00, real=0.06 secs] 
6528.702: [GC (Allocation Failure) [PSYoungGen: 460800K->90304K(501760K)] 1506919K->1292783K(1900032K), 0.0728992 secs] [Times: user=0.43 sys=0.00, real=0.07 secs] 
6528.775: [Full GC (Ergonomics) [PSYoungGen: 90304K->0K(501760K)] [ParOldGen: 1202479K->90842K(1398272K)] 1292783K->90842K(1900032K), [Metaspace: 59740K->59740K(1105920K)], 0.2201719 secs] [Times: user=0.93 sys=0.00, real=0.22 secs] 
6529.209: [GC (Allocation Failure) [PSYoungGen: 304640K->150528K(497664K)] 395482K->241370K(1895936K), 0.0326663 secs] [Times: user=0.19 sys=0.01, real=0.03 secs] 
6530.525: [GC (Allocation Failure) [PSYoungGen: 451072K->89408K(499712K)] 541914K->330554K(1897984K), 0.0900811 secs] [Times: user=0.54 sys=0.00, real=0.09 secs] 
6530.893: [GC (Allocation Failure) [PSYoungGen: 389952K->151104K(495104K)] 631098K->474735K(1893376K), 0.0542381 secs] [Times: user=0.33 sys=0.00, real=0.06 secs] 
Heap
 PSYoungGen      total 495104K, used 2982