5.123: [GC (Allocation Failure) [PSYoungGen: 128000K->12515K(148992K)] 128000K->12595K(488960K), 0.0201921 secs] [Times: user=0.03 sys=0.00, real=0.02 secs] 
5.564: [GC (Metadata GC Threshold) [PSYoungGen: 48911K->6108K(148992K)] 48991K->6204K(488960K), 0.0045672 secs] [Times: user=0.01 sys=0.01, real=0.00 secs] 
5.568: [Full GC (Metadata GC Threshold) [PSYoungGen: 6108K->0K(148992K)] [ParOldGen: 96K->5939K(134144K)] 6204K->5939K(283136K), [Metaspace: 20461K->20461K(1067008K)], 0.0206774 secs] [Times: user=0.06 sys=0.01, real=0.02 secs] 
6.831: [GC (Allocation Failure) [PSYoungGen: 128000K->9830K(148992K)] 133939K->15777K(283136K), 0.0034785 secs] [Times: user=0.01 sys=0.00, real=0.01 secs] 
7.477: [GC (Metadata GC Threshold) [PSYoungGen: 39802K->4612K(148992K)] 45750K->10567K(283136K), 0.0043566 secs] [Times: user=0.01 sys=0.00, real=0.00 secs] 
7.482: [Full GC (Metadata GC Threshold) [PSYoungGen: 4612K->0K(148992K)] [ParOldGen: 5955K->8892K(226816K)] 10567K->8892K(375808K), [Metaspace: 33737K->33737K(1079296K)], 0.0404516 secs] [Times: user=0.13 sys=0.00, real=0.04 secs] 
8.988: [GC (Allocation Failure) [PSYoungGen: 128000K->13141K(148992K)] 136892K->22041K(375808K), 0.0042934 secs] [Times: user=0.02 sys=0.00, real=0.00 secs] 
9.698: [GC (Allocation Failure) [PSYoungGen: 137901K->14644K(178688K)] 146802K->56321K(405504K), 0.0104750 secs] [Times: user=0.05 sys=0.00, real=0.01 secs] 
11.092: [GC (Allocation Failure) [PSYoungGen: 175594K->4903K(180224K)] 217271K->112124K(407040K), 0.0101900 secs] [Times: user=0.04 sys=0.00, real=0.01 secs] 
12.221: [GC (Allocation Failure) [PSYoungGen: 162377K->4903K(241152K)] 269598K->177668K(467968K), 0.0124226 secs] [Times: user=0.05 sys=0.01, real=0.02 secs] 
12.234: [Full GC (Ergonomics) [PSYoungGen: 4903K->0K(241152K)] [ParOldGen: 172764K->159894K(527872K)] 177668K->159894K(769024K), [Metaspace: 52365K->52365K(1097728K)], 0.0960083 secs] [Times: user=0.43 sys=0.00, real=0.09 secs] 
15.231: [GC (Allocation Failure) [PSYoungGen: 222720K->10508K(240640K)] 382614K->178603K(768512K), 0.0044157 secs] [Times: user=0.02 sys=0.00, real=0.01 secs] 
16.800: [GC (Allocation Failure) [PSYoungGen: 233228K->1839K(277504K)] 401323K->235478K(805376K), 0.0078346 secs] [Times: user=0.04 sys=0.01, real=0.01 secs] 
19.381: [GC (Allocation Failure) [PSYoungGen: 263471K->1887K(279552K)] 497110K->235534K(807424K), 0.0019863 secs] [Times: user=0.01 sys=0.00, real=0.00 secs] 
22.554: [GC (Allocation Failure) [PSYoungGen: 263519K->1967K(307200K)] 497166K->235622K(835072K), 0.0036462 secs] [Times: user=0.01 sys=0.01, real=0.00 secs] 
25.788: [GC (Allocation Failure) [PSYoungGen: 296367K->2327K(312832K)] 530022K->235990K(840704K), 0.0021628 secs] [Times: user=0.01 sys=0.00, real=0.00 secs] 
29.881: [GC (Allocation Failure) [PSYoungGen: 296727K->2111K(331264K)] 530390K->235782K(859136K), 0.0022374 secs] [Times: user=0.01 sys=0.00, real=0.00 secs] 
35.211: [GC (Allocation Failure) [PSYoungGen: 321599K->10303K(336896K)] 555270K->243982K(864768K), 0.0024372 secs] [Times: user=0.01 sys=0.00, real=0.00 secs] 
39.287: [GC (Allocation Failure) [PSYoungGen: 329791K->10303K(355328K)] 563470K->243990K(883200K), 0.0035629 secs] [Times: user=0.01 sys=0.00, real=0.00 secs] 
45.751: [GC (Allocation Failure) [PSYoungGen: 349247K->2127K(357376K)] 582934K->235822K(885248K), 0.0036072 secs] [Times: user=0.02 sys=0.00, real=0.01 secs] 
49.413: [GC (Allocation Failure) [PSYoungGen: 341071K->2127K(365568K)] 574766K->235822K(893440K), 0.0036982 secs] [Times: user=0.01 sys=0.00, real=0.01 secs] 
53.265: [GC (Allocation Failure) [PSYoungGen: 351823K->2127K(367104K)] 585518K->235822K(894976K), 0.0019676 secs] [Times: user=0.01 sys=0.00, real=0.00 secs] 
55.666: [GC (Allocation Failure) [PSYoungGen: 351823K->2079K(374272K)] 585518K->235774K(902144K), 0.0020294 secs] [Times: user=0.01 sys=0.00, real=0.00 secs] 
57.738: [GC (Allocation Failure) [PSYoungGen: 360991K->2095K(375296K)] 594686K->235798K(903168K), 0.0017934 secs] [Times: user=0.01 sys=0.00, real=0.00 secs] 
61.892: [GC (Allocation Failure) [PSYoungGen: 361007K->2111K(382976K)] 594710K->235814K(910848K), 0.0040431 secs] [Times: user=0.02 sys=0.01, real=0.01 secs] 
67.520: [GC (Allocation Failure) [PSYoungGen: 370239K->2127K(383488K)] 603942K->301366K(911360K), 0.0151078 secs] [Times: user=0.07 sys=0.01, real=0.02 secs] 
72.519: [GC (Allocation Failure) [PSYoungGen: 370255K->9856K(394240K)] 669494K->309596K(922112K), 0.0028764 secs] [Times: user=0.01 sys=0.01, real=0.00 secs] 
77.436: [GC (Allocation Failure) [PSYoungGen: 389248K->1664K(395264K)] 688988K->301420K(923136K), 0.0029005 secs] [Times: user=0.01 sys=0.00, real=0.00 secs] 
82.260: [GC (Allocation Failure) [PSYoungGen: 381056K->1664K(371200K)] 680812K->301468K(899072K), 0.0033330 secs] [Times: user=0.02 sys=0.00, real=0.00 secs] 
86.295: [GC (Allocation Failure) [PSYoungGen: 370816K->9824K(369664K)] 670620K->309652K(897536K), 0.0022412 secs] [Times: user=0.01 sys=0.00, real=0.00 secs] 
90.050: [GC (Allocation Failure) [PSYoungGen: 369248K->1504K(351232K)] 669076K->301524K(879104K), 0.0039999 secs] [Times: user=0.01 sys=0.00, real=0.01 secs] 
94.682: [GC (Allocation Failure) [PSYoungGen: 351200K->1472K(342016K)] 651220K->301540K(869888K), 0.0037112 secs] [Times: user=0.02 sys=0.00, real=0.01 secs] 
99.667: [GC (Allocation Failure) [PSYoungGen: 341952K->1488K(333312K)] 642020K->301580K(861184K), 0.0034095 secs] [Times: user=0.01 sys=0.00, real=0.00 secs] 
104.053: [GC (Allocation Failure) [PSYoungGen: 333264K->1472K(325120K)] 633356K->301604K(852992K), 0.0035608 secs] [Times: user=0.01 sys=0.00, real=0.01 secs] 
109.860: [GC (Allocation Failure) [PSYoungGen: 325056K->2464K(317952K)] 625188K->302636K(845824K), 0.0018494 secs] [Times: user=0.00 sys=0.00, real=0.00 secs] 
113.838: [GC (Allocation Failure) [PSYoungGen: 317856K->9664K(317440K)] 618028K->309852K(845312K), 0.0028152 secs] [Times: user=0.01 sys=0.00, real=0.00 secs] 
117.460: [GC (Allocation Failure) [PSYoungGen: 317376K->1504K(301568K)] 617564K->301700K(829440K), 0.0019688 secs] [Times: user=0.01 sys=0.00, real=0.00 secs] 
119.858: [GC (Allocation Failure) [PSYoungGen: 301536K->1504K(294400K)] 601732K->301740K(822272K), 0.0021677 secs] [Times: user=0.00 sys=0.00, real=0.00 secs] 
122.564: [GC (Allocation Failure) [PSYoungGen: 294368K->1456K(287232K)] 594604K->301708K(815104K), 0.0018933 secs] [Times: user=0.01 sys=0.00, real=0.00 secs] 
125.050: [GC (Allocation Failure) [PSYoungGen: 287152K->1504K(280576K)] 587404K->301804K(808448K), 0.0021180 secs] [Times: user=0.01 sys=0.00, real=0.00 secs] 
126.925: [GC (Allocation Failure) [PSYoungGen: 280544K->1504K(273920K)] 580844K->301852K(801792K), 0.0017760 secs] [Times: user=0.01 sys=0.00, real=0.00 secs] 
129.024: [GC (Allocation Failure) [PSYoungGen: 273888K->9680K(275968K)] 574236K->310068K(803840K), 0.0020647 secs] [Times: user=0.00 sys=0.00, real=0.00 secs] 
132.074: [GC (Allocation Failure) [PSYoungGen: 275920K->5536K(265728K)] 576308K->305948K(793600K), 0.0019582 secs] [Times: user=0.01 sys=0.00, real=0.00 secs] 
133.739: [GC (Allocation Failure) [PSYoungGen: 265632K->1424K(256000K)] 566044K->301860K(783872K), 0.0021182 secs] [Times: user=0.01 sys=0.00, real=0.00 secs] 
137.182: [GC (Allocation Failure) [PSYoungGen: 255888K->1456K(250368K)] 556324K->301916K(778240K), 0.0033427 secs] [Times: user=0.01 sys=0.00, real=0.01 secs] 
140.870: [GC (Allocation Failure) [PSYoungGen: 250288K->1440K(245248K)] 550748K->301916K(773120K), 0.0028908 secs] [Times: user=0.01 sys=0.00, real=0.00 secs] 
144.829: [GC (Allocation Failure) [PSYoungGen: 245152K->1472K(240128K)] 545628K->301996K(768000K), 0.0023936 secs] [Times: user=0.00 sys=0.00, real=0.00 secs] 
147.426: [GC (Allocation Failure) [PSYoungGen: 240064K->1488K(235008K)] 540588K->302020K(762880K), 0.0018563 secs] [Times: user=0.01 sys=0.00, real=0.00 secs] 
149.938: [GC (Allocation Failure) [PSYoungGen: 234960K->9648K(238592K)] 535492K->310204K(766464K), 0.0020460 secs] [Times: user=0.01 sys=0.00, real=0.00 secs] 
152.182: [GC (Allocation Failure) [PSYoungGen: 238512K->1424K(225792K)] 539068K->301980K(753664K), 0.0040783 secs] [Times: user=0.01 sys=0.00, real=0.01 secs] 
155.546: [GC (Allocation Failure) [PSYoungGen: 225680K->1472K(221184K)] 526236K->302044K(749056K), 0.0029788 secs] [Times: user=0.01 sys=0.00, real=0.00 secs] 
158.609: [GC (Allocation Failure) [PSYoungGen: 221120K->1440K(216576K)] 521692K->302020K(744448K), 0.0025211 secs] [Times: user=0.01 sys=0.00, real=0.00 secs] 
161.315: [GC (Allocation Failure) [PSYoungGen: 216480K->1440K(212480K)] 517060K->302036K(740352K), 0.0020568 secs] [Times: user=0.00 sys=0.00, real=0.00 secs] 
162.244: [GC (Allocation Failure) [PSYoungGen: 212384K->1376K(208384K)] 512980K->301988K(736256K), 0.0019374 secs] [Times: user=0.01 sys=0.00, real=0.00 secs] 
165.299: [GC (Allocation Failure) [PSYoungGen: 208224K->1472K(204288K)] 508836K->302092K(732160K), 0.0030731 secs] [Times: user=0.01 sys=0.00, real=0.00 secs] 
167.615: [GC (Allocation Failure) [PSYoungGen: 204224K->1456K(200704K)] 504844K->302124K(728576K), 0.0028070 secs] [Times: user=0.01 sys=0.00, real=0.00 secs] 
169.650: [GC (Allocation Failure) [PSYoungGen: 200624K->5568K(201216K)] 501292K->306260K(729088K), 0.0020162 secs] [Times: user=0.00 sys=0.00, real=0.00 secs] 
171.859: [GC (Allocation Failure) [PSYoungGen: 201152K->1424K(193536K)] 501844K->302132K(721408K), 0.0019697 secs] [Times: user=0.00 sys=0.00, real=0.00 secs] 
174.596: [GC (Allocation Failure) [PSYoungGen: 193424K->1408K(189952K)] 494132K->302124K(717824K), 0.0028133 secs] [Times: user=0.01 sys=0.00, real=0.00 secs] 
178.039: [GC (Allocation Failure) [PSYoungGen: 189824K->5568K(190464K)] 490540K->306300K(718336K), 0.0022788 secs] [Times: user=0.01 sys=0.00, real=0.00 secs] 
179.127: [GC (Allocation Failure) [PSYoungGen: 190400K->1344K(183296K)] 491132K->302084K(711168K), 0.0022066 secs] [Times: user=0.01 sys=0.00, real=0.00 secs] 
180.627: [GC (Allocation Failure) [PSYoungGen: 183104K->1440K(180224K)] 483844K->302188K(708096K), 0.0020165 secs] [Times: user=0.01 sys=0.00, real=0.00 secs] 
181.940: [GC (Allocation Failure) [PSYoungGen: 180128K->1408K(177152K)] 480876K->302172K(705024K), 0.0019575 secs] [Times: user=0.01 sys=0.00, real=0.00 secs] 
184.353: [GC (Allocation Failure) [PSYoungGen: 177024K->1440K(174080K)] 477788K->302204K(701952K), 0.0029449 secs] [Times: user=0.02 sys=0.00, real=0.01 secs] 
186.501: [GC (Allocation Failure) [PSYoungGen: 173984K->5568K(175104K)] 474748K->310428K(702976K), 0.0022412 secs] [Times: user=0.01 sys=0.00, real=0.00 secs] 
187.623: [GC (Allocation Failure) [PSYoungGen: 175040K->1376K(168448K)] 479900K->306244K(696320K), 0.0021588 secs] [Times: user=0.00 sys=0.00, real=0.01 secs] 
190.201: [GC (Allocation Failure) [PSYoungGen: 168288K->1408K(165888K)] 473156K->306292K(693760K), 0.0029824 secs] [Times: user=0.01 sys=0.00, real=0.01 secs] 
191.468: [GC (Allocation Failure) [PSYoungGen: 165760K->1424K(163328K)] 470644K->306308K(691200K), 0.0024430 secs] [Times: user=0.01 sys=0.00, real=0.00 secs] 
193.689: [GC (Allocation Failure) [PSYoungGen: 163216K->1440K(160768K)] 468100K->306324K(688640K), 0.0019996 secs] [Times: user=0.01 sys=0.00, real=0.00 secs] 
195.708: [GC (Allocation Failure) [PSYoungGen: 160672K->1376K(158208K)] 465556K->306260K(686080K), 0.0032950 secs] [Times: user=0.01 sys=0.00, real=0.00 secs] 
199.385: [GC (Allocation Failure) [PSYoungGen: 158048K->1408K(155648K)] 462932K->306300K(683520K), 0.0023639 secs] [Times: user=0.01 sys=0.00, real=0.00 secs] 
201.733: [GC (Allocation Failure) [PSYoungGen: 155520K->3520K(155136K)] 460412K->308412K(683008K), 0.0020430 secs] [Times: user=0.01 sys=0.00, real=0.01 secs] 
202.380: [GC (Allocation Failure) [PSYoungGen: 155072K->1440K(151040K)] 459964K->306332K(678912K), 0.0020103 secs] [Times: user=0.01 sys=0.00, real=0.00 secs] 
204.074: [GC (Allocation Failure) [PSYoungGen: 150944K->5520K(153088K)] 455836K->310428K(680960K), 0.0019687 secs] [Times: user=0.01 sys=0.00, real=0.00 secs] 
204.906: [GC (Allocation Failure) [PSYoungGen: 152976K->1408K(146944K)] 457884K->306324K(674816K), 0.0017461 secs] [Times: user=0.01 sys=0.00, real=0.00 secs] 
206.542: [GC (Allocation Failure) [PSYoungGen: 146816K->5568K(148992K)] 451732K->310484K(676864K), 0.0020244 secs] [Times: user=0.01 sys=0.00, real=0.01 secs] 
207.756: [GC (Allocation Failure) [PSYoungGen: 148928K->1360K(142848K)] 453844K->306276K(670720K), 0.0021551 secs] [Times: user=0.00 sys=0.00, real=0.00 secs] 
209.272: [GC (Allocation Failure) [PSYoungGen: 142672K->5536K(144896K)] 447588K->310452K(672768K), 0.0021779 secs] [Times: user=0.00 sys=0.00, real=0.01 secs] 
210.814: [GC (Allocation Failure) [PSYoungGen: 144800K->1392K(138752K)] 449716K->306308K(666624K), 0.0043497 secs] [Times: user=0.02 sys=0.00, real=0.00 secs] 
213.364: [GC (Allocation Failure) [PSYoungGen: 138608K->3488K(138752K)] 443524K->308404K(666624K), 0.0025793 secs] [Times: user=0.01 sys=0.00, real=0.00 secs] 
214.372: [GC (Allocation Failure) [PSYoungGen: 138656K->1440K(134656K)] 443572K->306356K(662528K), 0.0034591 secs] [Times: user=0.01 sys=0.00, real=0.01 secs] 
215.835: [GC (Allocation Failure) [PSYoungGen: 134560K->1424K(133120K)] 439476K->306348K(660992K), 0.0027174 secs] [Times: user=0.01 sys=0.00, real=0.00 secs] 
217.469: [GC (Allocation Failure) [PSYoungGen: 133008K->1440K(131584K)] 437932K->306364K(659456K), 0.0019292 secs] [Times: user=0.00 sys=0.00, real=0.00 secs] 
218.280: [GC (Allocation Failure) [PSYoungGen: 131488K->1456K(130048K)] 436412K->306388K(657920K), 0.0032230 secs] [Times: user=0.02 sys=0.00, real=0.00 secs] 
220.430: [GC (Allocation Failure) [PSYoungGen: 129968K->1440K(128512K)] 434900K->306380K(656384K), 0.0034150 secs] [Times: user=0.01 sys=0.00, real=0.01 secs] 
221.455: [GC (Allocation Failure) [PSYoungGen: 128416K->1408K(126976K)] 433356K->306364K(654848K), 0.0022431 secs] [Times: user=0.00 sys=0.00, real=0.00 secs] 
223.277: [GC (Allocation Failure) [PSYoungGen: 126848K->5568K(129536K)] 431804K->314628K(657408K), 0.0053374 secs] [Times: user=0.02 sys=0.00, real=0.00 secs] 
224.768: [GC (Allocation Failure) [PSYoungGen: 129472K->1408K(123904K)] 438532K->310468K(651776K), 0.0032598 secs] [Times: user=0.01 sys=0.00, real=0.00 secs] 
227.602: [GC (Allocation Failure) [PSYoungGen: 123776K->3520K(125440K)] 432836K->312588K(653312K), 0.0033833 secs] [Times: user=0.01 sys=0.00, real=0.01 secs] 
229.019: [GC (Allocation Failure) [PSYoungGen: 124352K->1408K(120832K)] 433420K->310476K(648704K), 0.0033313 secs] [Times: user=0.02 sys=0.00, real=0.00 secs] 
230.437: [GC (Allocation Failure) [PSYoungGen: 120704K->1440K(121856K)] 429772K->310508K(649728K), 0.0039479 secs] [Times: user=0.01 sys=0.00, real=0.00 secs] 
232.384: [GC (Allocation Failure) [PSYoungGen: 119200K->1408K(117760K)] 428268K->310484K(645632K), 0.0026362 secs] [Times: user=0.01 sys=0.01, real=0.00 secs] 
233.340: [GC (Allocation Failure) [PSYoungGen: 117632K->1376K(118272K)] 426708K->310452K(646144K), 0.0031526 secs] [Times: user=0.01 sys=0.00, real=0.00 secs] 
235.209: [GC (Allocation Failure) [PSYoungGen: 116064K->5504K(118784K)] 425140K->314580K(646656K), 0.0020517 secs] [Times: user=0.01 sys=0.01, real=0.00 secs] 
236.356: [GC (Allocation Failure) [PSYoungGen: 118656K->1376K(116224K)] 427732K->310468K(644096K), 0.0027743 secs] [Times: user=0.01 sys=0.00, real=0.00 secs] 
237.296: [GC (Allocation Failure) [PSYoungGen: 112992K->1424K(112128K)] 422084K->310516K(640000K), 0.0026016 secs] [Times: user=0.01 sys=0.00, real=0.00 secs] 
238.728: [GC (Allocation Failure) [PSYoungGen: 112016K->1440K(114688K)] 421108K->310540K(642560K), 0.0019594 secs] [Times: user=0.01 sys=0.00, real=0.00 secs] 
239.605: [GC (Allocation Failure) [PSYoungGen: 111008K->1376K(110080K)] 420108K->310484K(637952K), 0.0034918 secs] [Times: user=0.01 sys=0.00, real=0.00 secs] 
241.023: [GC (Allocation Failure) [PSYoungGen: 109920K->1376K(112128K)] 419028K->310484K(640000K), 0.0033372 secs] [Times: user=0.02 sys=0.00, real=0.01 secs] 
243.025: [GC (Allocation Failure) [PSYoungGen: 108896K->1408K(108032K)] 418004K->310524K(635904K), 0.0025575 secs] [Times: user=0.01 sys=0.00, real=0.00 secs] 
244.393: [GC (Allocation Failure) [PSYoungGen: 107904K->1440K(109056K)] 417020K->310556K(636928K), 0.0042844 secs] [Times: user=0.02 sys=0.00, real=0.01 secs] 
246.716: [GC (Allocation Failure) [PSYoungGen: 106912K->3488K(108032K)] 416028K->314660K(635904K), 0.0021745 secs] [Times: user=0.01 sys=0.00, real=0.00 secs] 
248.073: [GC (Allocation Failure) [PSYoungGen: 107936K->1408K(107008K)] 419108K->312580K(634880K), 0.0031087 secs] [Times: user=0.00 sys=0.01, real=0.01 secs] 
249.053: [GC (Allocation Failure) [PSYoungGen: 104832K->1376K(103936K)] 416004K->312564K(631808K), 0.0027431 secs] [Times: user=0.01 sys=0.00, real=0.01 secs] 
250.603: [GC (Allocation Failure) [PSYoungGen: 103776K->4544K(106496K)] 414964K->320860K(634368K), 0.0020697 secs] [Times: user=0.01 sys=0.00, real=0.01 secs] 
251.064: [GC (Allocation Failure) [PSYoungGen: 105920K->352K(100864K)] 422236K->316668K(628736K), 0.0017938 secs] [Times: user=0.01 sys=0.00, real=0.00 secs] 
251.480: [GC (Allocation Failure) [PSYoungGen: 100704K->384K(103936K)] 417020K->316708K(631808K), 0.0018907 secs] [Times: user=0.01 sys=0.00, real=0.00 secs] 
252.874: [GC (Allocation Failure) [PSYoungGen: 99712K->5520K(103936K)] 416036K->325948K(631808K), 0.0022463 secs] [Times: user=0.01 sys=0.00, real=0.00 secs] 
253.715: [GC (Allocation Failure) [PSYoungGen: 103824K->1408K(101888K)] 424252K->321844K(629760K), 0.0020168 secs] [Times: user=0.01 sys=0.00, real=0.00 secs] 
254.387: [GC (Allocation Failure) [PSYoungGen: 98688K->1392K(97792K)] 419124K->321828K(625664K), 0.0020735 secs] [Times: user=0.00 sys=0.00, real=0.00 secs] 
255.908: [GC (Allocation Failure) [PSYoungGen: 97648K->5568K(101376K)] 418084K->330100K(629248K), 0.0024112 secs] [Times: user=0.01 sys=0.00, real=0.00 secs] 
256.457: [GC (Allocation Failure) [PSYoungGen: 100800K->1408K(95744K)] 425332K->325948K(623616K), 0.0021355 secs] [Times: user=0.01 sys=0.01, real=0.00 secs] 
256.848: [GC (Allocation Failure) [PSYoungGen: 95616K->1376K(98816K)] 420156K->325916K(626688K), 0.0020800 secs] [Times: user=0.01 sys=0.00, real=0.00 secs] 
259.063: [GC (Allocation Failure) [PSYoungGen: 94560K->5568K(97792K)] 419100K->334212K(625664K), 0.0054871 secs] [Times: user=0.02 sys=0.00, real=0.01 secs] 
260.555: [GC (Allocation Failure) [PSYoungGen: 97728K->1376K(97280K)] 426372K->330028K(625152K), 0.0039403 secs] [Times: user=0.01 sys=0.00, real=0.00 secs] 
261.254: [GC (Allocation Failure) [PSYoungGen: 92512K->1408K(91648K)] 421164K->330060K(619520K), 0.0022424 secs] [Times: user=0.01 sys=0.01, real=0.01 secs] 
263.044: [GC (Allocation Failure) [PSYoungGen: 90257K->5568K(95744K)] 418910K->334228K(623616K), 0.0022424 secs] [Times: user=0.01 sys=0.00, real=0.01 secs] 
263.811: [GC (Allocation Failure) [PSYoungGen: 94656K->1408K(90112K)] 423316K->330076K(617984K), 0.0038765 secs] [Times: user=0.01 sys=0.00, real=0.01 secs] 
264.264: [GC (Allocation Failure) [PSYoungGen: 89984K->1376K(94720K)] 418652K->330052K(622592K), 0.0020543 secs] [Times: user=0.01 sys=0.00, real=0.00 secs] 
265.383: [GC (Allocation Failure) [PSYoungGen: 89440K->1984K(89600K)] 418116K->330676K(617472K), 0.0018802 secs] [Times: user=0.00 sys=0.00, real=0.01 secs] 
266.112: [GC (Allocation Failure) [PSYoungGen: 89536K->1376K(93184K)] 418228K->330068K(621056K), 0.0019017 secs] [Times: user=0.01 sys=0.00, real=0.00 secs] 
267.171: [GC (Allocation Failure) [PSYoungGen: 88416K->1408K(88064K)] 417108K->330100K(615936K), 0.0025652 secs] [Times: user=0.00 sys=0.00, real=0.00 secs] 
268.073: [GC (Allocation Failure) [PSYoungGen: 87936K->1376K(91648K)] 416628K->330076K(619520K), 0.0027449 secs] [Times: user=0.01 sys=0.00, real=0.01 secs] 
269.392: [GC (Allocation Failure) [PSYoungGen: 87392K->1440K(87040K)] 416092K->330148K(614912K), 0.0018939 secs] [Times: user=0.01 sys=0.00, real=0.00 secs] 
269.772: [GC (Allocation Failure) [PSYoungGen: 86944K->1408K(90112K)] 415652K->330116K(617984K), 0.0017392 secs] [Times: user=0.00 sys=0.00, real=0.00 secs] 
270.130: [GC (Allocation Failure) [PSYoungGen: 86400K->1440K(86016K)] 415108K->330156K(613888K), 0.0018955 secs] [Times: user=0.01 sys=0.00, real=0.00 secs] 
271.501: [GC (Allocation Failure) [PSYoungGen: 85920K->3520K(89088K)] 414636K->334284K(616960K), 0.0019695 secs] [Times: user=0.01 sys=0.00, real=0.00 secs] 
272.698: [GC (Allocation Failure) [PSYoungGen: 87488K->1408K(84992K)] 418252K->332172K(612864K), 0.0023275 secs] [Times: user=0.01 sys=0.00, real=0.00 secs] 
273.354: [GC (Allocation Failure) [PSYoungGen: 84864K->1408K(87552K)] 415628K->332180K(615424K), 0.0020938 secs] [Times: user=0.01 sys=0.00, real=0.00 secs] 
274.135: [GC (Allocation Failure) [PSYoungGen: 84352K->1376K(83968K)] 415124K->332148K(611840K), 0.0020934 secs] [Times: user=0.01 sys=0.00, real=0.00 secs] 
275.638: [GC (Allocation Failure) [PSYoungGen: 83808K->1440K(85504K)] 414580K->332212K(613376K), 0.0022103 secs] [Times: user=0.00 sys=0.00, real=0.00 secs] 
276.421: [GC (Allocation Failure) [PSYoungGen: 83360K->1408K(82944K)] 414132K->332188K(610816K), 0.0025831 secs] [Times: user=0.01 sys=0.00, real=0.00 secs] 
277.031: [GC (Allocation Failure) [PSYoungGen: 82816K->1376K(84992K)] 413596K->332156K(612864K), 0.0027957 secs] [Times: user=0.01 sys=0.00, real=0.01 secs] 
278.442: [GC (Allocation Failure) [PSYoungGen: 82272K->3520K(83968K)] 413052K->336348K(611840K), 0.0019872 secs] [Times: user=0.01 sys=0.00, real=0.01 secs] 
279.091: [GC (Allocation Failure) [PSYoungGen: 83904K->1440K(83968K)] 416732K->334276K(611840K), 0.0029520 secs] [Times: user=0.01 sys=0.01, real=0.00 secs] 
279.790: [GC (Allocation Failure) [PSYoungGen: 81312K->1408K(80896K)] 414148K->334244K(608768K), 0.0026535 secs] [Times: user=0.01 sys=0.00, real=0.00 secs] 
280.513: [GC (Allocation Failure) [PSYoungGen: 80768K->1408K(81920K)] 413604K->334244K(609792K), 0.0027627 secs] [Times: user=0.01 sys=0.00, real=0.01 secs] 
281.979: [GC (Allocation Failure) [PSYoungGen: 80256K->1440K(79872K)] 413092K->342468K(607744K), 0.0022896 secs] [Times: user=0.01 sys=0.00, real=0.00 secs] 
282.704: [GC (Allocation Failure) [PSYoungGen: 79776K->1408K(81408K)] 420804K->342452K(609280K), 0.0018030 secs] [Times: user=0.01 sys=0.01, real=0.00 secs] 
283.394: [GC (Allocation Failure) [PSYoungGen: 79232K->1440K(78848K)] 420276K->342484K(606720K), 0.0017870 secs] [Times: user=0.01 sys=0.00, real=0.00 secs] 
283.902: [GC (Allocation Failure) [PSYoungGen: 78742K->272K(80384K)] 419786K->341316K(608256K), 0.0018732 secs] [Times: user=0.01 sys=0.00, real=0.01 secs] 
285.224: [GC (Allocation Failure) [PSYoungGen: 77072K->1472K(77824K)] 418116K->342516K(605696K), 0.0019679 secs] [Times: user=0.01 sys=0.00, real=0.00 secs] 
285.873: [GC (Allocation Failure) [PSYoungGen: 77760K->1376K(78848K)] 418804K->342420K(606720K), 0.0023405 secs] [Times: user=0.01 sys=0.00, real=0.01 secs] 
286.236: [GC (Allocation Failure) [PSYoungGen: 77152K->1408K(76800K)] 418196K->342452K(604672K), 0.0021262 secs] [Times: user=0.00 sys=0.00, real=0.00 secs] 
287.302: [GC (Allocation Failure) [PSYoungGen: 76672K->2464K(77824K)] 417716K->343516K(605696K), 0.0019876 secs] [Times: user=0.01 sys=0.00, real=0.01 secs] 
288.207: [GC (Allocation Failure) [PSYoungGen: 77216K->1376K(75776K)] 418268K->342444K(603648K), 0.0024969 secs] [Times: user=0.01 sys=0.00, real=0.00 secs] 
289.168: [GC (Allocation Failure) [PSYoungGen: 75616K->1344K(75776K)] 416684K->342412K(603648K), 0.0041388 secs] [Times: user=0.01 sys=0.00, real=0.00 secs] 
289.853: [GC (Allocation Failure) [PSYoungGen: 75072K->1408K(74752K)] 416140K->342476K(602624K), 0.0028077 secs] [Times: user=0.01 sys=0.00, real=0.01 secs] 
291.146: [GC (Allocation Failure) [PSYoungGen: 74624K->2464K(75776K)] 415692K->346604K(603648K), 0.0018339 secs] [Times: user=0.01 sys=0.00, real=0.00 secs] 
291.447: [GC (Allocation Failure) [PSYoungGen: 75168K->384K(72704K)] 419308K->344524K(600576K), 0.0015569 secs] [Times: user=0.01 sys=0.00, real=0.00 secs] 
291.747: [GC (Allocation Failure) [PSYoungGen: 72576K->320K(74752K)] 416716K->344460K(602624K), 0.0023684 secs] [Times: user=0.01 sys=0.00, real=0.00 secs] 
292.046: [GC (Allocation Failure) [PSYoungGen: 72000K->352K(71680K)] 416140K->344492K(599552K), 0.0020557 secs] [Times: user=0.01 sys=0.00, real=0.00 secs] 
293.120: [GC (Allocation Failure) [PSYoungGen: 71520K->3488K(74240K)] 415660K->349692K(602112K), 0.0019808 secs] [Times: user=0.01 sys=0.00, real=0.00 secs] 
293.413: [GC (Allocation Failure) [PSYoungGen: 74144K->1408K(71680K)] 420348K->347620K(599552K), 0.0017401 secs] [Times: user=0.01 sys=0.00, real=0.01 secs] 
293.705: [GC (Allocation Failure) [PSYoungGen: 71552K->1408K(72192K)] 417764K->347620K(600064K), 0.0020465 secs] [Times: user=0.01 sys=0.00, real=0.00 secs] 
293.994: [GC (Allocation Failure) [PSYoungGen: 71040K->1408K(70656K)] 417252K->347620K(598528K), 0.0019600 secs] [Times: user=0.00 sys=0.00, real=0.01 secs] 
294.945: [GC (Allocation Failure) [PSYoungGen: 70528K->3488K(72192K)] 416740K->351764K(600064K), 0.0020064 secs] [Times: user=0.01 sys=0.00, real=0.00 secs] 
295.321: [GC (Allocation Failure) [PSYoungGen: 72096K->1408K(69632K)] 420372K->349684K(597504K), 0.0018583 secs] [Times: user=0.00 sys=0.00, real=0.00 secs] 
295.833: [GC (Allocation Failure) [PSYoungGen: 69504K->1408K(70144K)] 417780K->349684K(598016K), 0.0039625 secs] [Times: user=0.01 sys=0.00, real=0.01 secs] 
296.431: [GC (Allocation Failure) [PSYoungGen: 68992K->1408K(68608K)] 417268K->349692K(596480K), 0.0025013 secs] [Times: user=0.01 sys=0.00, real=0.00 secs] 
297.771: [GC (Allocation Failure) [PSYoungGen: 68244K->2496K(69632K)] 416528K->350780K(597504K), 0.0019641 secs] [Times: user=0.01 sys=0.00, real=0.00 secs] 
298.516: [GC (Allocation Failure) [PSYoungGen: 69056K->1440K(67584K)] 417340K->349724K(595456K), 0.0019949 secs] [Times: user=0.01 sys=0.00, real=0.00 secs] 
299.178: [GC (Allocation Failure) [PSYoungGen: 67488K->1408K(68608K)] 415772K->349692K(596480K), 0.0029369 secs] [Times: user=0.01 sys=0.00, real=0.00 secs] 
299.651: [GC (Allocation Failure) [PSYoungGen: 66944K->1376K(66560K)] 415228K->349660K(594432K), 0.0021379 secs] [Times: user=0.01 sys=0.00, real=0.00 secs] 
299.966: [GC (Allocation Failure) [PSYoungGen: 66400K->1376K(66560K)] 414684K->349660K(594432K), 0.0021600 secs] [Times: user=0.00 sys=0.00, real=0.00 secs] 
301.471: [GC (Allocation Failure) [PSYoungGen: 65888K->1408K(65536K)] 414172K->349692K(593408K), 0.0020595 secs] [Times: user=0.01 sys=0.00, real=0.00 secs] 
302.115: [GC (Allocation Failure) [PSYoungGen: 65408K->1392K(66048K)] 413692K->349676K(593920K), 0.0033743 secs] [Times: user=0.01 sys=0.00, real=0.00 secs] 
302.602: [GC (Allocation Failure) [PSYoungGen: 64880K->1408K(64512K)] 413164K->349700K(592384K), 0.0027219 secs] [Times: user=0.01 sys=0.00, real=0.01 secs] 
303.133: [GC (Allocation Failure) [PSYoungGen: 64384K->1376K(65024K)] 412676K->349668K(592896K), 0.0032490 secs] [Times: user=0.01 sys=0.00, real=0.01 secs] 
304.377: [GC (Allocation Failure) [PSYoungGen: 62436K->2464K(64512K)] 410728K->351780K(592384K), 0.0019298 secs] [Times: user=0.01 sys=0.00, real=0.00 secs] 
304.625: [GC (Allocation Failure) [PSYoungGen: 64416K->1408K(64000K)] 413732K->350724K(591872K), 0.0018946 secs] [Times: user=0.01 sys=0.00, real=0.00 secs] 
304.882: [GC (Allocation Failure) [PSYoungGen: 62848K->1376K(62464K)] 412164K->350700K(590336K), 0.0030952 secs] [Times: user=0.01 sys=0.00, real=0.01 secs] 
305.137: [GC (Allocation Failure) [PSYoungGen: 62304K->1376K(64000K)] 411628K->350700K(591872K), 0.0027228 secs] [Times: user=0.01 sys=0.00, real=0.00 secs] 
305.391: [GC (Allocation Failure) [PSYoungGen: 62304K->1376K(64000K)] 411628K->350700K(591872K), 0.0026542 secs] [Times: user=0.01 sys=0.00, real=0.00 secs] 
306.558: [GC (Allocation Failure) [PSYoungGen: 62304K->1408K(62464K)] 411628K->350732K(590336K), 0.0020846 secs] [Times: user=0.01 sys=0.01, real=0.00 secs] 
307.112: [GC (Allocation Failure) [PSYoungGen: 62336K->1424K(62464K)] 411660K->350756K(590336K), 0.0033861 secs] [Times: user=0.02 sys=0.00, real=0.01 secs] 
307.462: [GC (Allocation Failure) [PSYoungGen: 62352K->1408K(62464K)] 411684K->350740K(590336K), 0.0023303 secs] [Times: user=0.01 sys=0.00, real=0.01 secs] 
307.932: [GC (Allocation Failure) [PSYoungGen: 62336K->1408K(62464K)] 411668K->350740K(590336K), 0.0041904 secs] [Times: user=0.02 sys=0.00, real=0.01 secs] 
308.548: [GC (Allocation Failure) [PSYoungGen: 62336K->1376K(62976K)] 411668K->350708K(590848K), 0.0037351 secs] [Times: user=0.01 sys=0.00, real=0.00 secs] 
311.482: [GC (Allocation Failure) [PSYoungGen: 62304K->1376K(63488K)] 411636K->350708K(591360K), 0.0029743 secs] [Times: user=0.01 sys=0.00, real=0.01 secs] 
311.955: [GC (Allocation Failure) [PSYoungGen: 62304K->1408K(63488K)] 411636K->350748K(591360K), 0.0020246 secs] [Times: user=0.01 sys=0.00, real=0.00 secs] 
312.454: [GC (Allocation Failure) [PSYoungGen: 62336K->1344K(62464K)] 411676K->350692K(590336K), 0.0020323 secs] [Times: user=0.01 sys=0.00, real=0.01 secs] 
313.227: [GC (Allocation Failure) [PSYoungGen: 62272K->1392K(62976K)] 411620K->350740K(590848K), 0.0017048 secs] [Times: user=0.01 sys=0.00, real=0.00 secs] 
314.736: [GC (Allocation Failure) [PSYoungGen: 62014K->1440K(62976K)] 411362K->350788K(590848K), 0.0015080 secs] [Times: user=0.01 sys=0.00, real=0.00 secs] 
315.678: [GC (Allocation Failure) [PSYoungGen: 62368K->1360K(62976K)] 411716K->350708K(590848K), 0.0035011 secs] [Times: user=0.02 sys=0.00, real=0.00 secs] 
316.453: [GC (Allocation Failure) [PSYoungGen: 62288K->1440K(62976K)] 411636K->350796K(590848K), 0.0030661 secs] [Times: user=0.01 sys=0.00, real=0.01 secs] 
316.945: [GC (Allocation Failure) [PSYoungGen: 62368K->1360K(62976K)] 411724K->350716K(590848K), 0.0040467 secs] [Times: user=0.02 sys=0.00, real=0.00 secs] 
317.407: [GC (Allocation Failure) [PSYoungGen: 62288K->1440K(62976K)] 411644K->350796K(590848K), 0.0018440 secs] [Times: user=0.00 sys=0.00, real=0.00 secs] 
318.724: [GC (Allocation Failure) [PSYoungGen: 62368K->1456K(62976K)] 411724K->350812K(590848K), 0.0017933 secs] [Times: user=0.00 sys=0.00, real=0.00 secs] 
319.346: [GC (Allocation Failure) [PSYoungGen: 62384K->1344K(62976K)] 411740K->350700K(590848K), 0.0044100 secs] [Times: user=0.02 sys=0.00, real=0.00 secs] 
319.943: [GC (Allocation Failure) [PSYoungGen: 62272K->1440K(62976K)] 411628K->350796K(590848K), 0.0031738 secs] [Times: user=0.01 sys=0.00, real=0.01 secs] 
320.404: [GC (Allocation Failure) [PSYoungGen: 62368K->1408K(62976K)] 411724K->350764K(590848K), 0.0024153 secs] [Times: user=0.01 sys=0.00, real=0.00 secs] 
320.815: [GC (Allocation Failure) [PSYoungGen: 62336K->1440K(62976K)] 411692K->350796K(590848K), 0.0021310 secs] [Times: user=0.01 sys=0.00, real=0.00 secs] 
322.166: [GC (Allocation Failure) [PSYoungGen: 62368K->1440K(62976K)] 411724K->350796K(590848K), 0.0019704 secs] [Times: user=0.01 sys=0.00, real=0.00 secs] 
322.427: [GC (Allocation Failure) [PSYoungGen: 62368K->1376K(62976K)] 411724K->350740K(590848K), 0.0016275 secs] [Times: user=0.01 sys=0.00, real=0.00 secs] 
322.680: [GC (Allocation Failure) [PSYoungGen: 62304K->1376K(62976K)] 411668K->350740K(590848K), 0.0018794 secs] [Times: user=0.01 sys=0.00, real=0.00 secs] 
322.933: [GC (Allocation Failure) [PSYoungGen: 62304K->1424K(62976K)] 411668K->350788K(590848K), 0.0018093 secs] [Times: user=0.00 sys=0.00, real=0.01 secs] 
324.027: [GC (Allocation Failure) [PSYoungGen: 62352K->1408K(62976K)] 411716K->350772K(590848K), 0.0016294 secs] [Times: user=0.00 sys=0.00, real=0.00 secs] 
324.534: [GC (Allocation Failure) [PSYoungGen: 62336K->1440K(62976K)] 411700K->350812K(590848K), 0.0020552 secs] [Times: user=0.01 sys=0.00, real=0.00 secs] 
325.043: [GC (Allocation Failure) [PSYoungGen: 62368K->1424K(62976K)] 411740K->350796K(590848K), 0.0021326 secs] [Times: user=0.01 sys=0.00, real=0.01 secs] 
325.588: [GC (Allocation Failure) [PSYoungGen: 62352K->1408K(62976K)] 411724K->350780K(590848K), 0.0022041 secs] [Times: user=0.01 sys=0.00, real=0.00 secs] 
325.896: [GC (Allocation Failure) [PSYoungGen: 62336K->1392K(62976K)] 411708K->350764K(590848K), 0.0021445 secs] [Times: user=0.01 sys=0.00, real=0.00 secs] 
327.271: [GC (Allocation Failure) [PSYoungGen: 62320K->1440K(62976K)] 411692K->350812K(590848K), 0.0062688 secs] [Times: user=0.03 sys=0.00, real=0.01 secs] 
328.181: [GC (Allocation Failure) [PSYoungGen: 62368K->1408K(62464K)] 411740K->350780K(590336K), 0.0041611 secs] [Times: user=0.01 sys=0.00, real=0.01 secs] 
328.961: [GC (Allocation Failure) [PSYoungGen: 62336K->1376K(62464K)] 411708K->350748K(590336K), 0.0034839 secs] [Times: user=0.01 sys=0.00, real=0.01 secs] 
329.761: [GC (Allocation Failure) [PSYoungGen: 62304K->1408K(62464K)] 411676K->350780K(590336K), 0.0031875 secs] [Times: user=0.02 sys=0.00, real=0.01 secs] 
330.366: [GC (Allocation Failure) [PSYoungGen: 62336K->1408K(62464K)] 411708K->350780K(590336K), 0.0031047 secs] [Times: user=0.01 sys=0.00, real=0.00 secs] 
331.866: [GC (Allocation Failure) [PSYoungGen: 62336K->1440K(62464K)] 411708K->350812K(590336K), 0.0021938 secs] [Times: user=0.00 sys=0.00, real=0.00 secs] 
332.522: [GC (Allocation Failure) [PSYoungGen: 62368K->1408K(62464K)] 411740K->350788K(590336K), 0.0036633 secs] [Times: user=0.01 sys=0.00, real=0.01 secs] 
333.105: [GC (Allocation Failure) [PSYoungGen: 62336K->1376K(62464K)] 411716K->350756K(590336K), 0.0035454 secs] [Times: user=0.02 sys=0.00, real=0.00 secs] 
333.608: [GC (Allocation Failure) [PSYoungGen: 62304K->1408K(62464K)] 411684K->350788K(590336K), 0.0030704 secs] [Times: user=0.01 sys=0.00, real=0.00 secs] 
335.075: [GC (Allocation Failure) [PSYoungGen: 62336K->1440K(62464K)] 411716K->350828K(590336K), 0.0019442 secs] [Times: user=0.00 sys=0.00, real=0.00 secs] 
335.613: [GC (Allocation Failure) [PSYoungGen: 62368K->1408K(62464K)] 411756K->350796K(590336K), 0.0022175 secs] [Times: user=0.01 sys=0.00, real=0.01 secs] 
336.336: [GC (Allocation Failure) [PSYoungGen: 62336K->1408K(62464K)] 411724K->350804K(590336K), 0.0027365 secs] [Times: user=0.01 sys=0.00, real=0.00 secs] 
336.872: [GC (Allocation Failure) [PSYoungGen: 62336K->1440K(62464K)] 411732K->350836K(590336K), 0.0023907 secs] [Times: user=0.01 sys=0.00, real=0.01 secs] 
337.428: [GC (Allocation Failure) [PSYoungGen: 62368K->1408K(62464K)] 411764K->350804K(590336K), 0.0024729 secs] [Times: user=0.01 sys=0.00, real=0.00 secs] 
338.629: [GC (Allocation Failure) [PSYoungGen: 62336K->1408K(62464K)] 411732K->350804K(590336K), 0.0017950 secs] [Times: user=0.01 sys=0.00, real=0.00 secs] 
339.183: [GC (Allocation Failure) [PSYoungGen: 62336K->1376K(62464K)] 411732K->350772K(590336K), 0.0037107 secs] [Times: user=0.02 sys=0.00, real=0.01 secs] 
339.660: [GC (Allocation Failure) [PSYoungGen: 62304K->1408K(62464K)] 411700K->350804K(590336K), 0.0023537 secs] [Times: user=0.01 sys=0.00, real=0.00 secs] 
339.906: [GC (Allocation Failure) [PSYoungGen: 62336K->1408K(62464K)] 411732K->350804K(590336K), 0.0019162 secs] [Times: user=0.01 sys=0.01, real=0.00 secs] 
340.159: [GC (Allocation Failure) [PSYoungGen: 62336K->1440K(62464K)] 411732K->350836K(590336K), 0.0017906 secs] [Times: user=0.01 sys=0.00, real=0.00 secs] 
341.147: [GC (Allocation Failure) [PSYoungGen: 62368K->1472K(62464K)] 411764K->350876K(590336K), 0.0017187 secs] [Times: user=0.01 sys=0.00, real=0.00 secs] 
341.400: [GC (Allocation Failure) [PSYoungGen: 62400K->1424K(62464K)] 411804K->350828K(590336K), 0.0015334 secs] [Times: user=0.00 sys=0.00, real=0.00 secs] 
341.769: [GC (Allocation Failure) [PSYoungGen: 62352K->1408K(62464K)] 411756K->350812K(590336K), 0.0018760 secs] [Times: user=0.01 sys=0.00, real=0.00 secs] 
342.237: [GC (Allocation Failure) [PSYoungGen: 62336K->1392K(62464K)] 411740K->350796K(590336K), 0.0019388 secs] [Times: user=0.01 sys=0.00, real=0.00 secs] 
343.427: [GC (Allocation Failure) [PSYoungGen: 62320K->1440K(62464K)] 411724K->350844K(590336K), 0.0017223 secs] [Times: user=0.01 sys=0.00, real=0.00 secs] 
343.791: [GC (Allocation Failure) [PSYoungGen: 62368K->1408K(62464K)] 411772K->350836K(590336K), 0.0018284 secs] [Times: user=0.00 sys=0.00, real=0.00 secs] 
344.044: [GC (Allocation Failure) [PSYoungGen: 62336K->1408K(62464K)] 411764K->350836K(590336K), 0.0019089 secs] [Times: user=0.00 sys=0.00, real=0.00 secs] 
344.420: [GC (Allocation Failure) [PSYoungGen: 62336K->1440K(62464K)] 411764K->350868K(590336K), 0.0026951 secs] [Times: user=0.01 sys=0.01, real=0.00 secs] 
344.795: [GC (Allocation Failure) [PSYoungGen: 62368K->1344K(62464K)] 411796K->350772K(590336K), 0.0032862 secs] [Times: user=0.01 sys=0.00, real=0.00 secs] 
346.537: [GC (Allocation Failure) [PSYoungGen: 62272K->1456K(62464K)] 411700K->350884K(590336K), 0.0020035 secs] [Times: user=0.00 sys=0.00, real=0.00 secs] 
346.878: [GC (Allocation Failure) [PSYoungGen: 62384K->1408K(62464K)] 411812K->350836K(590336K), 0.0018771 secs] [Times: user=0.00 sys=0.00, real=0.00 secs] 
347.294: [GC (Allocation Failure) [PSYoungGen: 62336K->1376K(62464K)] 411764K->350804K(590336K), 0.0019230 secs] [Times: user=0.00 sys=0.00, real=0.00 secs] 
347.785: [GC (Allocation Failure) [PSYoungGen: 62304K->1424K(62464K)] 411732K->350852K(590336K), 0.0039254 secs] [Times: user=0.02 sys=0.00, real=0.00 secs] 
348.289: [GC (Allocation Failure) [PSYoungGen: 62352K->1440K(62464K)] 411780K->350868K(590336K), 0.0023173 secs] [Times: user=0.01 sys=0.00, real=0.00 secs] 
349.762: [GC (Allocation Failure) [PSYoungGen: 62368K->1472K(62464K)] 411796K->350900K(590336K), 0.0019553 secs] [Times: user=0.00 sys=0.00, real=0.01 secs] 
350.034: [GC (Allocation Failure) [PSYoungGen: 62400K->1360K(62464K)] 411828K->350796K(590336K), 0.0019839 secs] [Times: user=0.01 sys=0.00, real=0.01 secs] 
350.287: [GC (Allocation Failure) [PSYoungGen: 62288K->1408K(62464K)] 411724K->350844K(590336K), 0.0019050 secs] [Times: user=0.01 sys=0.00, real=0.00 secs] 
350.559: [GC (Allocation Failure) [PSYoungGen: 62336K->1440K(62464K)] 411772K->350876K(590336K), 0.0021863 secs] [Times: user=0.01 sys=0.00, real=0.00 secs] 
351.573: [GC (Allocation Failure) [PSYoungGen: 62368K->1408K(62464K)] 411804K->350844K(590336K), 0.0018048 secs] [Times: user=0.01 sys=0.00, real=0.01 secs] 
351.887: [GC (Allocation Failure) [PSYoungGen: 62336K->1440K(62464K)] 411772K->350892K(590336K), 0.0016140 secs] [Times: user=0.01 sys=0.00, real=0.00 secs] 
352.162: [GC (Allocation Failure) [PSYoungGen: 62368K->1392K(62464K)] 411820K->350844K(590336K), 0.0025347 secs] [Times: user=0.01 sys=0.00, real=0.01 secs] 
352.614: [GC (Allocation Failure) [PSYoungGen: 62320K->1424K(62464K)] 411772K->350876K(590336K), 0.0028929 secs] [Times: user=0.01 sys=0.00, real=0.00 secs] 
353.217: [GC (Allocation Failure) [PSYoungGen: 62352K->1376K(62464K)] 411804K->350828K(590336K), 0.0027784 secs] [Times: user=0.02 sys=0.01, real=0.00 secs] 
354.425: [GC (Allocation Failure) [PSYoungGen: 62304K->1440K(62464K)] 411756K->350916K(590336K), 0.0027648 secs] [Times: user=0.01 sys=0.00, real=0.00 secs] 
354.697: [GC (Allocation Failure) [PSYoungGen: 62368K->1376K(62464K)] 411844K->350852K(590336K), 0.0019986 secs] [Times: user=0.01 sys=0.00, real=0.00 secs] 
355.009: [GC (Allocation Failure) [PSYoungGen: 62304K->1408K(62464K)] 411780K->350884K(590336K), 0.0019796 secs] [Times: user=0.01 sys=0.00, real=0.00 secs] 
355.291: [GC (Allocation Failure) [PSYoungGen: 62336K->1408K(62464K)] 411812K->350884K(590336K), 0.0018575 secs] [Times: user=0.00 sys=0.00, real=0.00 secs] 
355.573: [GC (Allocation Failure) [PSYoungGen: 62336K->1440K(62464K)] 411812K->350916K(590336K), 0.0090500 secs] [Times: user=0.04 sys=0.00, real=0.01 secs] 
357.021: [GC (Allocation Failure) [PSYoungGen: 62368K->1440K(62464K)] 411844K->350916K(590336K), 0.0015181 secs] [Times: user=0.01 sys=0.00, real=0.00 secs] 
357.273: [GC (Allocation Failure) [PSYoungGen: 62368K->1408K(67072K)] 411844K->350884K(594944K), 0.0016308 secs] [Times: user=0.00 sys=0.01, real=0.01 secs] 
357.545: [GC (Allocation Failure) [PSYoungGen: 66944K->1376K(67584K)] 416420K->350852K(595456K), 0.0026412 secs] [Times: user=0.01 sys=0.00, real=0.00 secs] 
357.820: [GC (Allocation Failure) [PSYoungGen: 67424K->1408K(72192K)] 416900K->350884K(600064K), 0.0021663 secs] [Times: user=0.01 sys=0.00, real=0.00 secs] 
359.241: [GC (Allocation Failure) [PSYoungGen: 72064K->1456K(71680K)] 421540K->350932K(599552K), 0.0018723 secs] [Times: user=0.01 sys=0.00, real=0.00 secs] 
359.679: [GC (Allocation Failure) [PSYoungGen: 71600K->352K(70656K)] 421076K->350860K(598528K), 0.0024248 secs] [Times: user=0.01 sys=0.01, real=0.00 secs] 
359.975: [GC (Allocation Failure) [PSYoungGen: 69984K->352K(69632K)] 420492K->350860K(597504K), 0.0025858 secs] [Times: user=0.01 sys=0.00, real=0.00 secs] 
360.460: [GC (Allocation Failure) [PSYoungGen: 69472K->384K(70144K)] 419980K->350892K(598016K), 0.0021469 secs] [Times: user=0.01 sys=0.00, real=0.00 secs] 
361.804: [GC (Allocation Failure) [PSYoungGen: 68992K->1440K(69632K)] 419500K->356044K(597504K), 0.0020426 secs] [Times: user=0.01 sys=0.00, real=0.00 secs] 
362.095: [GC (Allocation Failure) [PSYoungGen: 69536K->1376K(69120K)] 424140K->355980K(596992K), 0.0018010 secs] [Times: user=0.00 sys=0.00, real=0.00 secs] 
362.376: [GC (Allocation Failure) [PSYoungGen: 68960K->1440K(68608K)] 423564K->356060K(596480K), 0.0019959 secs] [Times: user=0.00 sys=0.00, real=0.00 secs] 
362.820: [GC (Allocation Failure) [PSYoungGen: 68512K->1440K(68096K)] 423132K->356084K(595968K), 0.0027617 secs] [Times: user=0.01 sys=0.00, real=0.00 secs] 
364.147: [GC (Allocation Failure) [PSYoungGen: 68000K->1440K(67584K)] 422644K->356084K(595456K), 0.0017313 secs] [Times: user=0.01 sys=0.00, real=0.00 secs] 
364.976: [GC (Allocation Failure) [PSYoungGen: 67488K->1408K(67072K)] 422132K->356052K(594944K), 0.0037295 secs] [Times: user=0.01 sys=0.00, real=0.00 secs] 
365.678: [GC (Allocation Failure) [PSYoungGen: 66944K->1376K(66560K)] 421588K->356020K(594432K), 0.0023618 secs] [Times: user=0.01 sys=0.00, real=0.00 secs] 
366.426: [GC (Allocation Failure) [PSYoungGen: 66400K->1408K(66048K)] 421044K->356052K(593920K), 0.0033617 secs] [Times: user=0.02 sys=0.00, real=0.00 secs] 
367.147: [GC (Allocation Failure) [PSYoungGen: 65920K->1376K(65536K)] 420564K->356020K(593408K), 0.0032547 secs] [Times: user=0.01 sys=0.00, real=0.00 secs] 
368.317: [GC (Allocation Failure) [PSYoungGen: 65376K->1440K(65024K)] 420020K->356084K(592896K), 0.0020113 secs] [Times: user=0.00 sys=0.00, real=0.00 secs] 
368.676: [GC (Allocation Failure) [PSYoungGen: 64928K->1392K(64512K)] 419572K->356036K(592384K), 0.0020274 secs] [Times: user=0.01 sys=0.00, real=0.00 secs] 
369.149: [GC (Allocation Failure) [PSYoungGen: 64368K->1376K(64000K)] 419012K->356028K(591872K), 0.0018620 secs] [Times: user=0.01 sys=0.00, real=0.00 secs] 
369.799: [GC (Allocation Failure) [PSYoungGen: 63840K->1408K(63488K)] 418492K->356060K(591360K), 0.0039466 secs] [Times: user=0.01 sys=0.00, real=0.00 secs] 
371.050: [GC (Allocation Failure) [PSYoungGen: 63360K->1440K(62976K)] 418012K->356092K(590848K), 0.0018522 secs] [Times: user=0.01 sys=0.00, real=0.00 secs] 
371.305: [GC (Allocation Failure) [PSYoungGen: 62880K->1408K(62464K)] 417532K->356060K(590336K), 0.0018562 secs] [Times: user=0.01 sys=0.00, real=0.00 secs] 
371.561: [GC (Allocation Failure) [PSYoungGen: 62336K->1376K(62976K)] 416988K->356028K(590848K), 0.0020552 secs] [Times: user=0.00 sys=0.00, real=0.00 secs] 
371.833: [GC (Allocation Failure) [PSYoungGen: 62304K->1376K(62976K)] 416956K->356036K(590848K), 0.0022034 secs] [Times: user=0.01 sys=0.00, real=0.01 secs] 
372.093: [GC (Allocation Failure) [PSYoungGen: 62304K->1376K(62976K)] 416964K->356036K(590848K), 0.0027333 secs] [Times: user=0.01 sys=0.00, real=0.01 secs] 
373.738: [GC (Allocation Failure) [PSYoungGen: 62304K->1408K(62976K)] 416964K->356076K(590848K), 0.0035058 secs] [Times: user=0.01 sys=0.00, real=0.00 secs] 
374.386: [GC (Allocation Failure) [PSYoungGen: 62336K->1376K(62976K)] 417004K->356044K(590848K), 0.0030016 secs] [Times: user=0.01 sys=0.00, real=0.00 secs] 
375.174: [GC (Allocation Failure) [PSYoungGen: 62304K->1440K(62976K)] 416972K->356116K(590848K), 0.0028899 secs] [Times: user=0.01 sys=0.00, real=0.00 secs] 
376.005: [GC (Allocation Failure) [PSYoungGen: 62368K->1392K(62976K)] 417044K->356068K(590848K), 0.0026065 secs] [Times: user=0.01 sys=0.00, real=0.00 secs] 
377.683: [GC (Allocation Failure) [PSYoungGen: 62320K->1408K(62976K)] 416996K->356084K(590848K), 0.0017028 secs] [Times: user=0.00 sys=0.00, real=0.01 secs] 
378.525: [GC (Allocation Failure) [PSYoungGen: 62336K->1376K(62976K)] 417012K->356060K(590848K), 0.0031271 secs] [Times: user=0.01 sys=0.00, real=0.00 secs] 
379.103: [GC (Allocation Failure) [PSYoungGen: 62304K->1376K(62976K)] 416988K->356068K(590848K), 0.0022136 secs] [Times: user=0.01 sys=0.00, real=0.01 secs] 
379.645: [GC (Allocation Failure) [PSYoungGen: 62304K->1376K(62976K)] 416996K->356076K(590848K), 0.0022475 secs] [Times: user=0.01 sys=0.00, real=0.00 secs] 
380.138: [GC (Allocation Failure) [PSYoungGen: 62304K->1408K(62976K)] 417004K->356116K(590848K), 0.0020048 secs] [Times: user=0.00 sys=0.01, real=0.00 secs] 
381.131: [GC (Allocation Failure) [PSYoungGen: 62336K->1440K(62976K)] 417044K->356148K(590848K), 0.0017680 secs] [Times: user=0.01 sys=0.00, real=0.00 secs] 
381.384: [GC (Allocation Failure) [PSYoungGen: 62368K->1344K(62464K)] 417076K->356060K(590336K), 0.0018790 secs] [Times: user=0.00 sys=0.00, real=0.00 secs] 
381.671: [GC (Allocation Failure) [PSYoungGen: 62272K->1440K(61952K)] 416988K->356156K(589824K), 0.0024704 secs] [Times: user=0.01 sys=0.00, real=0.00 secs] 
381.922: [GC (Allocation Failure) [PSYoungGen: 61856K->1376K(61952K)] 416572K->356092K(589824K), 0.0023175 secs] [Times: user=0.01 sys=0.00, real=0.01 secs] 
382.192: [GC (Allocation Failure) [PSYoungGen: 61792K->1392K(61952K)] 416508K->356108K(589824K), 0.0020562 secs] [Times: user=0.01 sys=0.00, real=0.01 secs] 
383.179: [GC (Allocation Failure) [PSYoungGen: 61808K->1408K(61952K)] 416524K->356124K(589824K), 0.0018750 secs] [Times: user=0.00 sys=0.00, real=0.00 secs] 
383.473: [GC (Allocation Failure) [PSYoungGen: 61824K->1360K(61952K)] 416540K->356092K(589824K), 0.0017529 secs] [Times: user=0.01 sys=0.00, real=0.01 secs] 
383.723: [GC (Allocation Failure) [PSYoungGen: 61776K->1408K(61952K)] 416508K->356140K(589824K), 0.0018221 secs] [Times: user=0.01 sys=0.00, real=0.01 secs] 
384.033: [GC (Allocation Failure) [PSYoungGen: 61824K->1392K(61952K)] 416556K->356148K(589824K), 0.0019122 secs] [Times: user=0.01 sys=0.00, real=0.01 secs] 
385.138: [GC (Allocation Failure) [PSYoungGen: 61808K->1408K(61952K)] 416564K->356172K(589824K), 0.0018708 secs] [Times: user=0.00 sys=0.00, real=0.00 secs] 
387.267: [GC (Allocation Failure) [PSYoungGen: 61824K->1376K(61952K)] 416588K->356140K(589824K), 0.0031684 secs] [Times: user=0.01 sys=0.00, real=0.00 secs] 
388.306: [GC (Allocation Failure) [PSYoungGen: 61792K->1344K(61952K)] 416556K->356108K(589824K), 0.0032952 secs] [Times: user=0.02 sys=0.00, real=0.00 secs] 
390.159: [GC (Allocation Failure) [PSYoungGen: 61760K->896K(61440K)] 416524K->356684K(589312K), 0.0016782 secs] [Times: user=0.01 sys=0.00, real=0.00 secs] 
391.032: [GC (Allocation Failure) [PSYoungGen: 60800K->320K(61952K)] 416588K->356108K(589824K), 0.0020743 secs] [Times: user=0.01 sys=0.00, real=0.01 secs] 
391.550: [GC (Allocation Failure) [PSYoungGen: 60224K->352K(61952K)] 416012K->356140K(589824K), 0.0020426 secs] [Times: user=0.00 sys=0.00, real=0.00 secs] 
392.011: [GC (Allocation Failure) [PSYoungGen: 60256K->352K(61952K)] 416044K->356140K(589824K), 0.0020583 secs] [Times: user=0.01 sys=0.00, real=0.00 secs] 
392.605: [GC (Allocation Failure) [PSYoungGen: 60256K->320K(61952K)] 416044K->356108K(589824K), 0.0021606 secs] [Times: user=0.01 sys=0.00, real=0.00 secs] 
393.858: [GC (Allocation Failure) [PSYoungGen: 60224K->1424K(61952K)] 416012K->357212K(589824K), 0.0017252 secs] [Times: user=0.01 sys=0.00, real=0.00 secs] 
394.212: [GC (Allocation Failure) [PSYoungGen: 61328K->1376K(61952K)] 417116K->357164K(589824K), 0.0019901 secs] [Times: user=0.01 sys=0.00, real=0.01 secs] 
394.465: [GC (Allocation Failure) [PSYoungGen: 61280K->1392K(61952K)] 417068K->357180K(589824K), 0.0026799 secs] [Times: user=0.01 sys=0.00, real=0.00 secs] 
394.851: [GC (Allocation Failure) [PSYoungGen: 61296K->1344K(61952K)] 417084K->357132K(589824K), 0.0032051 secs] [Times: user=0.01 sys=0.00, real=0.01 secs] 
395.366: [GC (Allocation Failure) [PSYoungGen: 61248K->1376K(61952K)] 417036K->357164K(589824K), 0.0037197 secs] [Times: user=0.02 sys=0.01, real=0.00 secs] 
396.754: [GC (Allocation Failure) [PSYoungGen: 61280K->1392K(61952K)] 417068K->357180K(589824K), 0.0015938 secs] [Times: user=0.00 sys=0.00, real=0.01 secs] 
397.614: [GC (Allocation Failure) [PSYoungGen: 61296K->1408K(61952K)] 417084K->357196K(589824K), 0.0016681 secs] [Times: user=0.01 sys=0.00, real=0.00 secs] 
398.425: [GC (Allocation Failure) [PSYoungGen: 61312K->1408K(61952K)] 417100K->357204K(589824K), 0.0019723 secs] [Times: user=0.00 sys=0.00, real=0.00 secs] 
399.218: [GC (Allocation Failure) [PSYoungGen: 61312K->1392K(61952K)] 417108K->357188K(589824K), 0.0021026 secs] [Times: user=0.01 sys=0.00, real=0.00 secs] 
400.068: [GC (Allocation Failure) [PSYoungGen: 61296K->1440K(61952K)] 417092K->357236K(589824K), 0.0021219 secs] [Times: user=0.01 sys=0.00, real=0.00 secs] 
401.125: [GC (Allocation Failure) [PSYoungGen: 61344K->1472K(61952K)] 417140K->357284K(589824K), 0.0018153 secs] [Times: user=0.01 sys=0.00, real=0.00 secs] 
401.402: [GC (Allocation Failure) [PSYoungGen: 61376K->1344K(61952K)] 417188K->357156K(589824K), 0.0025898 secs] [Times: user=0.01 sys=0.00, real=0.01 secs] 
401.713: [GC (Allocation Failure) [PSYoungGen: 61248K->1392K(61952K)] 417060K->357204K(589824K), 0.0020726 secs] [Times: user=0.01 sys=0.00, real=0.01 secs] 
402.173: [GC (Allocation Failure) [PSYoungGen: 61296K->1376K(61952K)] 417108K->357188K(589824K), 0.0030063 secs] [Times: user=0.01 sys=0.00, real=0.01 secs] 
403.469: [GC (Allocation Failure) [PSYoungGen: 61280K->1440K(61952K)] 417092K->357252K(589824K), 0.0016660 secs] [Times: user=0.01 sys=0.00, real=0.00 secs] 
404.094: [GC (Allocation Failure) [PSYoungGen: 61344K->1376K(61952K)] 417156K->357188K(589824K), 0.0024045 secs] [Times: user=0.01 sys=0.00, real=0.00 secs] 
404.343: [GC (Allocation Failure) [PSYoungGen: 61280K->1408K(61952K)] 417092K->357220K(589824K), 0.0020221 secs] [Times: user=0.01 sys=0.00, real=0.01 secs] 
404.621: [GC (Allocation Failure) [PSYoungGen: 61312K->1472K(61952K)] 417124K->357284K(589824K), 0.0019262 secs] [Times: user=0.01 sys=0.00, real=0.00 secs] 
404.897: [GC (Allocation Failure) [PSYoungGen: 61376K->1344K(61952K)] 417188K->357164K(589824K), 0.0019486 secs] [Times: user=0.00 sys=0.00, real=0.00 secs] 
405.891: [GC (Allocation Failure) [PSYoungGen: 61248K->1408K(61952K)] 417068K->357228K(589824K), 0.0016389 secs] [Times: user=0.00 sys=0.00, real=0.00 secs] 
406.219: [GC (Allocation Failure) [PSYoungGen: 61312K->1440K(61952K)] 417132K->357260K(589824K), 0.0017248 secs] [Times: user=0.00 sys=0.00, real=0.00 secs] 
406.468: [GC (Allocation Failure) [PSYoungGen: 61344K->1392K(61952K)] 417164K->357212K(589824K), 0.0017053 secs] [Times: user=0.01 sys=0.00, real=0.00 secs] 
406.762: [GC (Allocation Failure) [PSYoungGen: 61296K->1424K(61952K)] 417116K->357244K(589824K), 0.0017809 secs] [Times: user=0.01 sys=0.00, real=0.01 secs] 
407.100: [GC (Allocation Failure) [PSYoungGen: 61328K->1408K(61952K)] 417148K->357228K(589824K), 0.0018295 secs] [Times: user=0.00 sys=0.00, real=0.00 secs] 
408.152: [GC (Allocation Failure) [PSYoungGen: 61312K->1440K(61952K)] 417132K->357260K(589824K), 0.0017748 secs] [Times: user=0.00 sys=0.00, real=0.01 secs] 
408.420: [GC (Allocation Failure) [PSYoungGen: 61344K->1376K(61952K)] 417164K->357204K(589824K), 0.0017998 secs] [Times: user=0.00 sys=0.00, real=0.00 secs] 
408.675: [GC (Allocation Failure) [PSYoungGen: 61280K->1376K(61952K)] 417108K->357204K(589824K), 0.0017446 secs] [Times: user=0.01 sys=0.00, real=0.00 secs] 
409.123: [GC (Allocation Failure) [PSYoungGen: 61280K->1392K(61952K)] 417108K->357220K(589824K), 0.0019077 secs] [Times: user=0.01 sys=0.00, real=0.01 secs] 
410.530: [GC (Allocation Failure) [PSYoungGen: 61296K->1696K(61952K)] 417124K->357532K(589824K), 0.0015916 secs] [Times: user=0.00 sys=0.00, real=0.00 secs] 
411.065: [GC (Allocation Failure) [PSYoungGen: 61600K->1408K(61952K)] 417436K->357244K(589824K), 0.0018045 secs] [Times: user=0.01 sys=0.00, real=0.00 secs] 
411.589: [GC (Allocation Failure) [PSYoungGen: 61312K->1376K(61952K)] 417148K->357212K(589824K), 0.0018825 secs] [Times: user=0.01 sys=0.00, real=0.00 secs] 
412.112: [GC (Allocation Failure) [PSYoungGen: 61280K->1376K(61952K)] 417116K->357212K(589824K), 0.0018452 secs] [Times: user=0.00 sys=0.00, real=0.01 secs] 
412.552: [GC (Allocation Failure) [PSYoungGen: 61280K->1408K(61952K)] 417116K->357260K(589824K), 0.0025557 secs] [Times: user=0.01 sys=0.00, real=0.01 secs] 
413.860: [GC (Allocation Failure) [PSYoungGen: 61312K->1440K(61952K)] 417164K->357292K(589824K), 0.0028070 secs] [Times: user=0.01 sys=0.00, real=0.00 secs] 
414.710: [GC (Allocation Failure) [PSYoungGen: 61344K->1376K(61952K)] 417196K->357236K(589824K), 0.0039778 secs] [Times: user=0.02 sys=0.00, real=0.01 secs] 
415.531: [GC (Allocation Failure) [PSYoungGen: 61280K->1392K(61952K)] 417140K->357252K(589824K), 0.0037618 secs] [Times: user=0.01 sys=0.00, real=0.01 secs] 
416.342: [GC (Allocation Failure) [PSYoungGen: 61296K->1440K(61952K)] 417156K->357300K(589824K), 0.0033666 secs] [Times: user=0.01 sys=0.00, real=0.01 secs] 
416.709: [GC (Allocation Failure) [PSYoungGen: 61344K->1376K(61952K)] 417204K->357236K(589824K), 0.0020189 secs] [Times: user=0.00 sys=0.00, real=0.00 secs] 
419.114: [GC (Allocation Failure) [PSYoungGen: 61280K->1424K(61952K)] 417140K->357284K(589824K), 0.0039904 secs] [Times: user=0.02 sys=0.00, real=0.00 secs] 
419.991: [GC (Allocation Failure) [PSYoungGen: 61328K->1376K(61952K)] 417188K->357236K(589824K), 0.0029332 secs] [Times: user=0.01 sys=0.00, real=0.01 secs] 
420.557: [GC (Allocation Failure) [PSYoungGen: 61280K->1376K(61440K)] 417140K->357236K(589312K), 0.0040929 secs] [Times: user=0.01 sys=0.00, real=0.00 secs] 
421.063: [GC (Allocation Failure) [PSYoungGen: 61280K->1376K(61440K)] 417140K->357236K(589312K), 0.0031981 secs] [Times: user=0.01 sys=0.00, real=0.01 secs] 
421.545: [GC (Allocation Failure) [PSYoungGen: 61280K->1376K(61440K)] 417140K->357236K(589312K), 0.0025731 secs] [Times: user=0.01 sys=0.00, real=0.00 secs] 
423.145: [GC (Allocation Failure) [PSYoungGen: 61280K->1456K(61440K)] 417140K->357324K(589312K), 0.0016585 secs] [Times: user=0.01 sys=0.00, real=0.00 secs] 
423.943: [GC (Allocation Failure) [PSYoungGen: 61360K->1408K(61440K)] 417228K->357276K(589312K), 0.0018122 secs] [Times: user=0.01 sys=0.00, real=0.01 secs] 
424.354: [GC (Allocation Failure) [PSYoungGen: 61312K->1408K(61440K)] 417180K->357276K(589312K), 0.0019772 secs] [Times: user=0.01 sys=0.00, real=0.00 secs] 
424.607: [GC (Allocation Failure) [PSYoungGen: 61312K->1376K(61440K)] 417180K->357244K(589312K), 0.0023830 secs] [Times: user=0.01 sys=0.00, real=0.00 secs] 
425.796: [GC (Allocation Failure) [PSYoungGen: 61280K->1440K(61440K)] 417148K->357316K(589312K), 0.0015955 secs] [Times: user=0.01 sys=0.00, real=0.00 secs] 
426.266: [GC (Allocation Failure) [PSYoungGen: 61344K->1408K(61440K)] 417220K->357300K(589312K), 0.0018502 secs] [Times: user=0.01 sys=0.00, real=0.00 secs] 
426.515: [GC (Allocation Failure) [PSYoungGen: 61312K->1408K(61440K)] 417204K->357308K(589312K), 0.0019394 secs] [Times: user=0.01 sys=0.00, real=0.00 secs] 
426.765: [GC (Allocation Failure) [PSYoungGen: 61312K->1376K(61440K)] 417212K->357276K(589312K), 0.0022272 secs] [Times: user=0.01 sys=0.00, real=0.00 secs] 
427.117: [GC (Allocation Failure) [PSYoungGen: 61280K->1392K(61440K)] 417180K->357292K(589312K), 0.0018472 secs] [Times: user=0.00 sys=0.00, real=0.00 secs] 
428.560: [GC (Allocation Failure) [PSYoungGen: 61296K->1424K(61440K)] 417196K->357332K(589312K), 0.0018425 secs] [Times: user=0.01 sys=0.00, real=0.00 secs] 
429.103: [GC (Allocation Failure) [PSYoungGen: 61328K->1440K(61440K)] 417236K->357348K(589312K), 0.0039884 secs] [Times: user=0.01 sys=0.00, real=0.01 secs] 
429.622: [GC (Allocation Failure) [PSYoungGen: 61344K->1424K(61440K)] 417252K->357332K(589312K), 0.0031245 secs] [Times: user=0.01 sys=0.00, real=0.01 secs] 
430.176: [GC (Allocation Failure) [PSYoungGen: 61328K->1408K(61440K)] 417236K->357316K(589312K), 0.0024445 secs] [Times: user=0.01 sys=0.00, real=0.00 secs] 
430.761: [GC (Allocation Failure) [PSYoungGen: 61312K->1376K(61440K)] 417220K->357284K(589312K), 0.0031050 secs] [Times: user=0.01 sys=0.00, real=0.01 secs] 
431.795: [GC (Allocation Failure) [PSYoungGen: 61280K->1408K(61440K)] 417188K->357324K(589312K), 0.0015988 secs] [Times: user=0.01 sys=0.00, real=0.00 secs] 
432.043: [GC (Allocation Failure) [PSYoungGen: 61312K->1424K(61440K)] 417228K->357340K(589312K), 0.0014194 secs] [Times: user=0.01 sys=0.00, real=0.01 secs] 
432.292: [GC (Allocation Failure) [PSYoungGen: 61328K->1408K(61440K)] 417244K->357324K(589312K), 0.0014324 secs] [Times: user=0.00 sys=0.00, real=0.01 secs] 
432.846: [GC (Allocation Failure) [PSYoungGen: 61312K->1424K(61440K)] 417228K->357340K(589312K), 0.0019682 secs] [Times: user=0.01 sys=0.00, real=0.00 secs] 
434.021: [GC (Allocation Failure) [PSYoungGen: 61215K->1520K(61440K)] 417131K->357476K(589312K), 0.0016775 secs] [Times: user=0.01 sys=0.00, real=0.00 secs] 
434.726: [GC (Allocation Failure) [PSYoungGen: 61424K->1408K(61440K)] 417380K->357372K(589312K), 0.0038824 secs] [Times: user=0.01 sys=0.01, real=0.00 secs] 
435.259: [GC (Allocation Failure) [PSYoungGen: 61312K->1424K(61440K)] 417276K->357388K(589312K), 0.0031793 secs] [Times: user=0.01 sys=0.00, real=0.00 secs] 
435.747: [GC (Allocation Failure) [PSYoungGen: 61328K->1408K(61440K)] 417292K->357372K(589312K), 0.0026005 secs] [Times: user=0.01 sys=0.00, real=0.00 secs] 
436.087: [GC (Allocation Failure) [PSYoungGen: 61312K->1392K(61440K)] 417276K->357356K(589312K), 0.0020038 secs] [Times: user=0.01 sys=0.00, real=0.00 secs] 
437.534: [GC (Allocation Failure) [PSYoungGen: 61296K->1440K(61440K)] 417260K->357412K(589312K), 0.0026724 secs] [Times: user=0.01 sys=0.00, real=0.00 secs] 
438.319: [GC (Allocation Failure) [PSYoungGen: 61344K->1408K(61440K)] 417316K->357388K(589312K), 0.0039206 secs] [Times: user=0.02 sys=0.00, real=0.00 secs] 
439.007: [GC (Allocation Failure) [PSYoungGen: 61312K->1408K(61440K)] 417292K->357388K(589312K), 0.0026841 secs] [Times: user=0.01 sys=0.00, real=0.00 secs] 
439.686: [GC (Allocation Failure) [PSYoungGen: 61312K->1376K(61440K)] 417292K->357356K(589312K), 0.0039170 secs] [Times: user=0.02 sys=0.00, real=0.00 secs] 
440.338: [GC (Allocation Failure) [PSYoungGen: 61280K->1376K(61440K)] 417260K->357356K(589312K), 0.0040192 secs] [Times: user=0.02 sys=0.00, real=0.00 secs] 
441.718: [GC (Allocation Failure) [PSYoungGen: 61280K->1440K(61440K)] 417260K->357420K(589312K), 0.0016937 secs] [Times: user=0.01 sys=0.00, real=0.00 secs] 
442.208: [GC (Allocation Failure) [PSYoungGen: 61344K->1376K(61440K)] 417324K->357364K(589312K), 0.0019706 secs] [Times: user=0.01 sys=0.00, real=0.00 secs] 
442.689: [GC (Allocation Failure) [PSYoungGen: 61280K->1408K(61440K)] 417268K->357396K(589312K), 0.0018323 secs] [Times: user=0.01 sys=0.00, real=0.00 secs] 
443.171: [GC (Allocation Failure) [PSYoungGen: 61312K->1376K(61440K)] 417300K->357364K(589312K), 0.0020353 secs] [Times: user=0.01 sys=0.00, real=0.00 secs] 
443.714: [GC (Allocation Failure) [PSYoungGen: 61280K->1392K(61440K)] 417268K->357380K(589312K), 0.0020319 secs] [Times: user=0.01 sys=0.00, real=0.00 secs] 
444.911: [GC (Allocation Failure) [PSYoungGen: 61296K->1456K(61440K)] 417284K->357460K(589312K), 0.0018180 secs] [Times: user=0.01 sys=0.00, real=0.00 secs] 
445.405: [GC (Allocation Failure) [PSYoungGen: 61360K->1408K(61440K)] 417364K->357420K(589312K), 0.0018912 secs] [Times: user=0.00 sys=0.00, real=0.00 secs] 
445.898: [GC (Allocation Failure) [PSYoungGen: 61312K->1376K(61440K)] 417324K->357388K(589312K), 0.0017974 secs] [Times: user=0.01 sys=0.00, real=0.00 secs] 
446.369: [GC (Allocation Failure) [PSYoungGen: 61280K->1376K(61440K)] 417292K->357388K(589312K), 0.0019659 secs] [Times: user=0.01 sys=0.00, real=0.00 secs] 
447.377: [GC (Allocation Failure) [PSYoungGen: 61280K->928K(61440K)] 417292K->357964K(589312K), 0.0017689 secs] [Times: user=0.01 sys=0.00, real=0.00 secs] 
447.626: [GC (Allocation Failure) [PSYoungGen: 60832K->416K(61952K)] 417868K->357460K(589824K), 0.0017230 secs] [Times: user=0.01 sys=0.00, real=0.00 secs] 
447.909: [GC (Allocation Failure) [PSYoungGen: 60320K->384K(61952K)] 417364K->357428K(589824K), 0.0016525 secs] [Times: user=0.01 sys=0.00, real=0.00 secs] 
448.228: [GC (Allocation Failure) [PSYoungGen: 60288K->352K(61952K)] 417332K->357396K(589824K), 0.0017255 secs] [Times: user=0.01 sys=0.00, real=0.00 secs] 
448.576: [GC (Allocation Failure) [PSYoungGen: 60256K->352K(61952K)] 417300K->357396K(589824K), 0.0017118 secs] [Times: user=0.00 sys=0.01, real=0.00 secs] 
449.858: [GC (Allocation Failure) [PSYoungGen: 60256K->1440K(61952K)] 417300K->358484K(589824K), 0.0025721 secs] [Times: user=0.01 sys=0.00, real=0.00 secs] 
450.132: [GC (Allocation Failure) [PSYoungGen: 61344K->1408K(61952K)] 418388K->358452K(589824K), 0.0023399 secs] [Times: user=0.01 sys=0.00, real=0.01 secs] 
450.391: [GC (Allocation Failure) [PSYoungGen: 61312K->1408K(61952K)] 418356K->358452K(589824K), 0.0019592 secs] [Times: user=0.01 sys=0.00, real=0.00 secs] 
450.876: [GC (Allocation Failure) [PSYoungGen: 61312K->1360K(61952K)] 418356K->358404K(589824K), 0.0018223 secs] [Times: user=0.01 sys=0.00, real=0.00 secs] 
451.315: [GC (Allocation Failure) [PSYoungGen: 61264K->1376K(61952K)] 418308K->358420K(589824K), 0.0018100 secs] [Times: user=0.00 sys=0.00, real=0.00 secs] 
453.027: [GC (Allocation Failure) [PSYoungGen: 61280K->1472K(61952K)] 418324K->358516K(589824K), 0.0025187 secs] [Times: user=0.01 sys=0.00, real=0.00 secs] 
453.298: [GC (Allocation Failure) [PSYoungGen: 61376K->1408K(62464K)] 418420K->358468K(590336K), 0.0019397 secs] [Times: user=0.01 sys=0.00, real=0.00 secs] 
453.547: [GC (Allocation Failure) [PSYoungGen: 61312K->1408K(61440K)] 418372K->358468K(589312K), 0.0018236 secs] [Times: user=0.01 sys=0.00, real=0.00 secs] 
453.796: [GC (Allocation Failure) [PSYoungGen: 61312K->1392K(61952K)] 418372K->358452K(589824K), 0.0019405 secs] [Times: user=0.01 sys=0.00, real=0.00 secs] 
454.263: [GC (Allocation Failure) [PSYoungGen: 61296K->1408K(61952K)] 418356K->358468K(589824K), 0.0015255 secs] [Times: user=0.00 sys=0.00, real=0.01 secs] 
456.311: [GC (Allocation Failure) [PSYoungGen: 61312K->1472K(61952K)] 418372K->358532K(589824K), 0.0032955 secs] [Times: user=0.01 sys=0.00, real=0.01 secs] 
457.233: [GC (Allocation Failure) [PSYoungGen: 61376K->1408K(61952K)] 418436K->358468K(589824K), 0.0029720 secs] [Times: user=0.01 sys=0.00, real=0.01 secs] 
457.916: [GC (Allocation Failure) [PSYoungGen: 61312K->1344K(61952K)] 418372K->358404K(589824K), 0.0029813 secs] [Times: user=0.01 sys=0.00, real=0.00 secs] 
458.392: [GC (Allocation Failure) [PSYoungGen: 61248K->1344K(61952K)] 418308K->358404K(589824K), 0.0030025 secs] [Times: user=0.01 sys=0.00, real=0.01 secs] 
459.886: [GC (Allocation Failure) [PSYoungGen: 61248K->1376K(61952K)] 418308K->358436K(589824K), 0.0020174 secs] [Times: user=0.01 sys=0.00, real=0.00 secs] 
460.963: [GC (Allocation Failure) [PSYoungGen: 61280K->1376K(61952K)] 418340K->358436K(589824K), 0.0038498 secs] [Times: user=0.02 sys=0.00, real=0.01 secs] 
462.102: [GC (Allocation Failure) [PSYoungGen: 61280K->1408K(61952K)] 418340K->358468K(589824K), 0.0030251 secs] [Times: user=0.01 sys=0.00, real=0.01 secs] 
462.802: [GC (Allocation Failure) [PSYoungGen: 61312K->1344K(61952K)] 418372K->358404K(589824K), 0.0026829 secs] [Times: user=0.01 sys=0.00, real=0.01 secs] 
463.411: [GC (Allocation Failure) [PSYoungGen: 61248K->1408K(61952K)] 418308K->358468K(589824K), 0.0025365 secs] [Times: user=0.01 sys=0.00, real=0.00 secs] 
464.670: [GC (Allocation Failure) [PSYoungGen: 61312K->1456K(61952K)] 418372K->358516K(589824K), 0.0015608 secs] [Times: user=0.01 sys=0.00, real=0.00 secs] 
465.174: [GC (Allocation Failure) [PSYoungGen: 61360K->1376K(61952K)] 418420K->358444K(589824K), 0.0039809 secs] [Times: user=0.01 sys=0.00, real=0.01 secs] 
465.664: [GC (Allocation Failure) [PSYoungGen: 61280K->1376K(61952K)] 418348K->358444K(589824K), 0.0029607 secs] [Times: user=0.02 sys=0.00, real=0.00 secs] 
465.952: [GC (Allocation Failure) [PSYoungGen: 61280K->1376K(61952K)] 418348K->358444K(589824K), 0.0019071 secs] [Times: user=0.00 sys=0.00, real=0.01 secs] 
466.202: [GC (Allocation Failure) [PSYoungGen: 61280K->1376K(61952K)] 418348K->358444K(589824K), 0.0019120 secs] [Times: user=0.01 sys=0.00, real=0.01 secs] 
467.604: [GC (Allocation Failure) [PSYoungGen: 61280K->1456K(61952K)] 418348K->358532K(589824K), 0.0022183 secs] [Times: user=0.01 sys=0.00, real=0.00 secs] 
468.317: [GC (Allocation Failure) [PSYoungGen: 61360K->1408K(61952K)] 418436K->358492K(589824K), 0.0027347 secs] [Times: user=0.01 sys=0.00, real=0.00 secs] 
469.097: [GC (Allocation Failure) [PSYoungGen: 61312K->1424K(61952K)] 418396K->358508K(589824K), 0.0025951 secs] [Times: user=0.01 sys=0.00, real=0.00 secs] 
469.845: [GC (Allocation Failure) [PSYoungGen: 61328K->1408K(61952K)] 418412K->358492K(589824K), 0.0031550 secs] [Times: user=0.01 sys=0.00, real=0.00 secs] 
471.342: [GC (Allocation Failure) [PSYoungGen: 61312K->1952K(61952K)] 418396K->359036K(589824K), 0.0019633 secs] [Times: user=0.00 sys=0.00, real=0.00 secs] 
472.161: [GC (Allocation Failure) [PSYoungGen: 61856K->1376K(61952K)] 418940K->358460K(589824K), 0.0037745 secs] [Times: user=0.02 sys=0.00, real=0.01 secs] 
473.022: [GC (Allocation Failure) [PSYoungGen: 61280K->1376K(61952K)] 418364K->358460K(589824K), 0.0044040 secs] [Times: user=0.01 sys=0.00, real=0.01 secs] 
473.815: [GC (Allocation Failure) [PSYoungGen: 61280K->1440K(61952K)] 418364K->358524K(589824K), 0.0038188 secs] [Times: user=0.01 sys=0.00, real=0.00 secs] 
474.439: [GC (Allocation Failure) [PSYoungGen: 61344K->1440K(61952K)] 418428K->358524K(589824K), 0.0030452 secs] [Times: user=0.01 sys=0.00, real=0.00 secs] 
476.113: [GC (Allocation Failure) [PSYoungGen: 61344K->1440K(61952K)] 418428K->358524K(589824K), 0.0020962 secs] [Times: user=0.01 sys=0.00, real=0.01 secs] 
476.790: [GC (Allocation Failure) [PSYoungGen: 61344K->1376K(61952K)] 418428K->358468K(589824K), 0.0022840 secs] [Times: user=0.01 sys=0.00, real=0.00 secs] 
477.378: [GC (Allocation Failure) [PSYoungGen: 61280K->1376K(61952K)] 418372K->358468K(589824K), 0.0019793 secs] [Times: user=0.01 sys=0.00, real=0.00 secs] 
477.997: [GC (Allocation Failure) [PSYoungGen: 61280K->1408K(61952K)] 418372K->358500K(589824K), 0.0027116 secs] [Times: user=0.01 sys=0.00, real=0.00 secs] 
478.642: [GC (Allocation Failure) [PSYoungGen: 61312K->1440K(61952K)] 418404K->358532K(589824K), 0.0028642 secs] [Times: user=0.01 sys=0.00, real=0.01 secs] 
479.912: [GC (Allocation Failure) [PSYoungGen: 61344K->1408K(61952K)] 418436K->358500K(589824K), 0.0017745 secs] [Times: user=0.00 sys=0.00, real=0.01 secs] 
480.557: [GC (Allocation Failure) [PSYoungGen: 61312K->1408K(61952K)] 418404K->358508K(589824K), 0.0022039 secs] [Times: user=0.01 sys=0.00, real=0.00 secs] 
481.093: [GC (Allocation Failure) [PSYoungGen: 61312K->1360K(61952K)] 418412K->358460K(589824K), 0.0030637 secs] [Times: user=0.01 sys=0.00, real=0.01 secs] 
481.620: [GC (Allocation Failure) [PSYoungGen: 61264K->1408K(61952K)] 418364K->358508K(589824K), 0.0030672 secs] [Times: user=0.01 sys=0.00, real=0.00 secs] 
482.165: [GC (Allocation Failure) [PSYoungGen: 61312K->1376K(61952K)] 418412K->358476K(589824K), 0.0027287 secs] [Times: user=0.01 sys=0.00, real=0.00 secs] 
483.208: [GC (Allocation Failure) [PSYoungGen: 61280K->1440K(61952K)] 418380K->358540K(589824K), 0.0015507 secs] [Times: user=0.00 sys=0.00, real=0.00 secs] 
483.534: [GC (Allocation Failure) [PSYoungGen: 61344K->1408K(61440K)] 418444K->358508K(589312K), 0.0017043 secs] [Times: user=0.01 sys=0.00, real=0.00 secs] 
483.965: [GC (Allocation Failure) [PSYoungGen: 61312K->1360K(61440K)] 418412K->358460K(589312K), 0.0025081 secs] [Times: user=0.01 sys=0.00, real=0.00 secs] 
484.506: [GC (Allocation Failure) [PSYoungGen: 61264K->352K(60928K)] 418364K->358476K(588800K), 0.0019125 secs] [Times: user=0.01 sys=0.00, real=0.00 secs] 
486.092: [GC (Allocation Failure) [PSYoungGen: 60256K->1424K(61952K)] 418380K->359548K(589824K), 0.0027498 secs] [Times: user=0.01 sys=0.00, real=0.01 secs] 
486.368: [GC (Allocation Failure) [PSYoungGen: 61328K->1408K(61952K)] 419452K->359540K(589824K), 0.0018835 secs] [Times: user=0.00 sys=0.00, real=0.00 secs] 
486.638: [GC (Allocation Failure) [PSYoungGen: 61312K->1376K(61952K)] 419444K->359508K(589824K), 0.0019516 secs] [Times: user=0.01 sys=0.00, real=0.00 secs] 
486.984: [GC (Allocation Failure) [PSYoungGen: 61280K->1376K(61952K)] 419412K->359508K(589824K), 0.0018808 secs] [Times: user=0.01 sys=0.00, real=0.00 secs] 
487.609: [GC (Allocation Failure) [PSYoungGen: 61280K->1376K(61952K)] 419412K->359508K(589824K), 0.0037373 secs] [Times: user=0.01 sys=0.00, real=0.00 secs] 
488.828: [GC (Allocation Failure) [PSYoungGen: 61280K->1408K(61952K)] 419412K->359540K(589824K), 0.0015546 secs] [Times: user=0.01 sys=0.00, real=0.00 secs] 
489.077: [GC (Allocation Failure) [PSYoungGen: 61312K->1408K(61952K)] 419444K->359540K(589824K), 0.0017626 secs] [Times: user=0.00 sys=0.00, real=0.00 secs] 
489.326: [GC (Allocation Failure) [PSYoungGen: 61312K->1440K(61952K)] 419444K->359572K(589824K), 0.0017652 secs] [Times: user=0.00 sys=0.00, real=0.00 secs] 
489.574: [GC (Allocation Failure) [PSYoungGen: 61344K->1376K(61952K)] 419476K->359508K(589824K), 0.0017528 secs] [Times: user=0.00 sys=0.00, real=0.00 secs] 
489.822: [GC (Allocation Failure) [PSYoungGen: 61280K->1408K(61952K)] 419412K->359540K(589824K), 0.0015436 secs] [Times: user=0.01 sys=0.00, real=0.00 secs] 
490.851: [GC (Allocation Failure) [PSYoungGen: 61312K->1408K(61952K)] 419444K->359540K(589824K), 0.0017875 secs] [Times: user=0.01 sys=0.00, real=0.00 secs] 
491.153: [GC (Allocation Failure) [PSYoungGen: 61312K->1408K(61952K)] 419444K->359548K(589824K), 0.0018130 secs] [Times: user=0.00 sys=0.00, real=0.01 secs] 
491.533: [GC (Allocation Failure) [PSYoungGen: 61312K->1408K(61952K)] 419452K->359548K(589824K), 0.0016461 secs] [Times: user=0.01 sys=0.00, real=0.01 secs] 
491.999: [GC (Allocation Failure) [PSYoungGen: 61312K->1408K(61952K)] 419452K->359548K(589824K), 0.0019619 secs] [Times: user=0.01 sys=0.00, real=0.00 secs] 
493.230: [GC (Allocation Failure) [PSYoungGen: 61312K->1664K(61952K)] 419452K->359804K(589824K), 0.0017204 secs] [Times: user=0.01 sys=0.00, real=0.00 secs] 
493.751: [GC (Allocation Failure) [PSYoungGen: 61568K->1376K(61952K)] 419708K->359524K(589824K), 0.0019295 secs] [Times: user=0.01 sys=0.00, real=0.00 secs] 
494.263: [GC (Allocation Failure) [PSYoungGen: 61280K->1376K(61952K)] 419428K->359524K(589824K), 0.0022017 secs] [Times: user=0.01 sys=0.00, real=0.01 secs] 
494.972: [GC (Allocation Failure) [PSYoungGen: 61280K->1376K(61952K)] 419428K->359524K(589824K), 0.0032097 secs] [Times: user=0.01 sys=0.00, real=0.01 secs] 
495.901: [GC (Allocation Failure) [PSYoungGen: 61280K->1408K(61952K)] 419428K->359564K(589824K), 0.0032264 secs] [Times: user=0.01 sys=0.00, real=0.01 secs] 
497.141: [GC (Allocation Failure) [PSYoungGen: 61312K->1440K(61952K)] 419468K->359596K(589824K), 0.0014059 secs] [Times: user=0.01 sys=0.00, real=0.00 secs] 
497.390: [GC (Allocation Failure) [PSYoungGen: 61344K->1392K(61952K)] 419500K->359556K(589824K), 0.0015388 secs] [Times: user=0.01 sys=0.00, real=0.00 secs] 
497.668: [GC (Allocation Failure) [PSYoungGen: 61296K->1376K(61952K)] 419460K->359548K(589824K), 0.0023116 secs] [Times: user=0.01 sys=0.00, real=0.00 secs] 
498.190: [GC (Allocation Failure) [PSYoungGen: 61280K->1408K(61952K)] 419452K->359580K(589824K), 0.0018066 secs] [Times: user=0.01 sys=0.00, real=0.00 secs] 
498.696: [GC (Allocation Failure) [PSYoungGen: 61312K->1440K(61952K)] 419484K->359612K(589824K), 0.0017906 secs] [Times: user=0.01 sys=0.01, real=0.00 secs] 
499.841: [GC (Allocation Failure) [PSYoungGen: 61344K->1456K(61952K)] 419516K->359628K(589824K), 0.0019695 secs] [Times: user=0.01 sys=0.00, real=0.00 secs] 
500.292: [GC (Allocation Failure) [PSYoungGen: 61360K->1408K(61440K)] 419532K->359588K(589312K), 0.0026733 secs] [Times: user=0.01 sys=0.00, real=0.01 secs] 
500.753: [GC (Allocation Failure) [PSYoungGen: 61312K->1344K(61440K)] 419492K->359524K(589312K), 0.0031207 secs] [Times: user=0.02 sys=0.00, real=0.01 secs] 
501.285: [GC (Allocation Failure) [PSYoungGen: 61248K->384K(60928K)] 419428K->359588K(588800K), 0.0024384 secs] [Times: user=0.01 sys=0.00, real=0.00 secs] 
501.774: [GC (Allocation Failure) [PSYoungGen: 60288K->368K(61952K)] 419492K->359572K(589824K), 0.0027586 secs] [Times: user=0.02 sys=0.00, real=0.00 secs] 
502.992: [GC (Allocation Failure) [PSYoungGen: 60272K->1456K(61952K)] 419476K->360660K(589824K), 0.0017925 secs] [Times: user=0.01 sys=0.00, real=0.01 secs] 
503.504: [GC (Allocation Failure) [PSYoungGen: 61360K->1408K(61952K)] 420564K->360612K(589824K), 0.0037992 secs] [Times: user=0.02 sys=0.00, real=0.00 secs] 
504.020: [GC (Allocation Failure) [PSYoungGen: 61312K->1344K(61952K)] 420516K->360548K(589824K), 0.0029239 secs] [Times: user=0.01 sys=0.00, real=0.00 secs] 
504.477: [GC (Allocation Failure) [PSYoungGen: 61248K->1408K(61952K)] 420452K->360628K(589824K), 0.0021090 secs] [Times: user=0.01 sys=0.00, real=0.00 secs] 
505.490: [GC (Allocation Failure) [PSYoungGen: 61312K->1440K(61952K)] 420532K->360660K(589824K), 0.0018116 secs] [Times: user=0.01 sys=0.00, real=0.00 secs] 
505.771: [GC (Allocation Failure) [PSYoungGen: 61344K->1408K(61952K)] 420564K->360628K(589824K), 0.0019818 secs] [Times: user=0.01 sys=0.00, real=0.00 secs] 
506.020: [GC (Allocation Failure) [PSYoungGen: 61312K->1408K(61952K)] 420532K->360628K(589824K), 0.0019788 secs] [Times: user=0.01 sys=0.01, real=0.00 secs] 
506.410: [GC (Allocation Failure) [PSYoungGen: 61312K->1440K(61952K)] 420532K->360660K(589824K), 0.0028233 secs] [Times: user=0.01 sys=0.00, real=0.00 secs] 
506.964: [GC (Allocation Failure) [PSYoungGen: 61344K->1376K(61952K)] 420564K->360596K(589824K), 0.0025473 secs] [Times: user=0.01 sys=0.00, real=0.00 secs] 
508.446: [GC (Allocation Failure) [PSYoungGen: 61280K->1456K(61952K)] 420500K->360676K(589824K), 0.0023240 secs] [Times: user=0.01 sys=0.00, real=0.00 secs] 
509.025: [GC (Allocation Failure) [PSYoungGen: 61360K->1408K(61952K)] 420580K->360644K(589824K), 0.0023442 secs] [Times: user=0.01 sys=0.00, real=0.00 secs] 
509.626: [GC (Allocation Failure) [PSYoungGen: 61312K->1408K(61952K)] 420548K->360644K(589824K), 0.0022088 secs] [Times: user=0.01 sys=0.01, real=0.00 secs] 
510.252: [GC (Allocation Failure) [PSYoungGen: 61312K->1376K(61952K)] 420548K->360612K(589824K), 0.0024401 secs] [Times: user=0.01 sys=0.00, real=0.01 secs] 
510.904: [GC (Allocation Failure) [PSYoungGen: 61280K->1376K(61952K)] 420516K->360612K(589824K), 0.0026692 secs] [Times: user=0.01 sys=0.00, real=0.01 secs] 
512.617: [GC (Allocation Failure) [PSYoungGen: 61280K->1424K(61952K)] 420516K->360660K(589824K), 0.0038813 secs] [Times: user=0.01 sys=0.00, real=0.00 secs] 
513.506: [GC (Allocation Failure) [PSYoungGen: 61328K->1408K(61952K)] 420564K->360652K(589824K), 0.0037895 secs] [Times: user=0.02 sys=0.00, real=0.00 secs] 
514.184: [GC (Allocation Failure) [PSYoungGen: 61312K->1376K(61952K)] 420556K->360620K(589824K), 0.0032010 secs] [Times: user=0.01 sys=0.00, real=0.00 secs] 
514.728: [GC (Allocation Failure) [PSYoungGen: 61280K->1440K(61952K)] 420524K->360684K(589824K), 0.0026587 secs] [Times: user=0.01 sys=0.00, real=0.00 secs] 
516.384: [GC (Allocation Failure) [PSYoungGen: 61213K->1584K(61952K)] 420458K->360828K(589824K), 0.0026798 secs] [Times: user=0.01 sys=0.00, real=0.00 secs] 
517.801: [GC (Allocation Failure) [PSYoungGen: 61488K->1376K(61952K)] 420732K->360628K(589824K), 0.0040278 secs] [Times: user=0.01 sys=0.00, real=0.01 secs] 
518.490: [GC (Allocation Failure) [PSYoungGen: 61280K->1376K(61952K)] 420532K->360628K(589824K), 0.0028510 secs] [Times: user=0.02 sys=0.00, real=0.00 secs] 
519.006: [GC (Allocation Failure) [PSYoungGen: 61280K->1408K(61952K)] 420532K->360660K(589824K), 0.0026105 secs] [Times: user=0.01 sys=0.00, real=0.00 secs] 
519.638: [GC (Allocation Failure) [PSYoungGen: 61312K->1392K(61952K)] 420564K->360644K(589824K), 0.0021952 secs] [Times: user=0.01 sys=0.00, real=0.00 secs] 
520.979: [GC (Allocation Failure) [PSYoungGen: 61296K->1440K(61952K)] 420548K->360692K(589824K), 0.0016606 secs] [Times: user=0.01 sys=0.00, real=0.00 secs] 
521.567: [GC (Allocation Failure) [PSYoungGen: 61344K->1376K(61952K)] 420596K->360628K(589824K), 0.0027204 secs] [Times: user=0.01 sys=0.00, real=0.00 secs] 
522.189: [GC (Allocation Failure) [PSYoungGen: 61280K->1440K(61952K)] 420532K->360692K(589824K), 0.0026554 secs] [Times: user=0.02 sys=0.00, real=0.00 secs] 
522.741: [GC (Allocation Failure) [PSYoungGen: 61344K->1376K(61952K)] 420596K->360628K(589824K), 0.0031789 secs] [Times: user=0.01 sys=0.00, real=0.01 secs] 
523.394: [GC (Allocation Failure) [PSYoungGen: 61280K->1376K(61952K)] 420532K->360628K(589824K), 0.0020288 secs] [Times: user=0.01 sys=0.00, real=0.00 secs] 
524.501: [GC (Allocation Failure) [PSYoungGen: 61280K->1472K(61952K)] 420532K->360732K(589824K), 0.0018087 secs] [Times: user=0.01 sys=0.00, real=0.00 secs] 
524.785: [GC (Allocation Failure) [PSYoungGen: 61376K->1408K(61952K)] 420636K->360676K(589824K), 0.0019862 secs] [Times: user=0.00 sys=0.00, real=0.00 secs] 
525.082: [GC (Allocation Failure) [PSYoungGen: 61312K->1472K(61952K)] 420580K->360740K(589824K), 0.0019061 secs] [Times: user=0.01 sys=0.00, real=0.01 secs] 
525.348: [GC (Allocation Failure) [PSYoungGen: 61376K->1440K(61952K)] 420644K->360708K(589824K), 0.0018475 secs] [Times: user=0.01 sys=0.00, real=0.00 secs] 
525.717: [GC (Allocation Failure) [PSYoungGen: 61344K->1440K(61952K)] 420612K->360716K(589824K), 0.0022714 secs] [Times: user=0.01 sys=0.00, real=0.00 secs] 
526.914: [GC (Allocation Failure) [PSYoungGen: 61344K->1424K(61952K)] 420620K->360700K(589824K), 0.0018025 secs] [Times: user=0.00 sys=0.00, real=0.00 secs] 
527.614: [GC (Allocation Failure) [PSYoungGen: 61328K->1392K(61440K)] 420604K->360668K(589312K), 0.0020765 secs] [Times: user=0.01 sys=0.00, real=0.00 secs] 
528.073: [GC (Allocation Failure) [PSYoungGen: 61296K->1376K(61440K)] 420572K->360652K(589312K), 0.0021054 secs] [Times: user=0.00 sys=0.00, real=0.01 secs] 
528.614: [GC (Allocation Failure) [PSYoungGen: 61280K->352K(60928K)] 420556K->360652K(588800K), 0.0022011 secs] [Times: user=0.01 sys=0.00, real=0.00 secs] 
529.982: [GC (Allocation Failure) [PSYoungGen: 60256K->1424K(61952K)] 420556K->361724K(589824K), 0.0027857 secs] [Times: user=0.01 sys=0.00, real=0.01 secs] 
530.581: [GC (Allocation Failure) [PSYoungGen: 61328K->1424K(61952K)] 421628K->361724K(589824K), 0.0033147 secs] [Times: user=0.02 sys=0.00, real=0.01 secs] 
531.148: [GC (Allocation Failure) [PSYoungGen: 61328K->1408K(61952K)] 421628K->361708K(589824K), 0.0030535 secs] [Times: user=0.02 sys=0.00, real=0.00 secs] 
531.676: [GC (Allocation Failure) [PSYoungGen: 61312K->1376K(61952K)] 421612K->361676K(589824K), 0.0032349 secs] [Times: user=0.01 sys=0.00, real=0.00 secs] 
532.372: [GC (Allocation Failure) [PSYoungGen: 61280K->1408K(61952K)] 421580K->361708K(589824K), 0.0028283 secs] [Times: user=0.01 sys=0.00, real=0.01 secs] 
533.896: [GC (Allocation Failure) [PSYoungGen: 61312K->1408K(61952K)] 421612K->361716K(589824K), 0.0015281 secs] [Times: user=0.00 sys=0.00, real=0.00 secs] 
534.733: [GC (Allocation Failure) [PSYoungGen: 61312K->1376K(61952K)] 421620K->361716K(589824K), 0.0019891 secs] [Times: user=0.01 sys=0.00, real=0.01 secs] 
535.546: [GC (Allocation Failure) [PSYoungGen: 61280K->1376K(61952K)] 421620K->361732K(589824K), 0.0020110 secs] [Times: user=0.00 sys=0.00, real=0.00 secs] 
535.935: [GC (Allocation Failure) [PSYoungGen: 61280K->1408K(61952K)] 421636K->361764K(589824K), 0.0020537 secs] [Times: user=0.01 sys=0.00, real=0.00 secs] 
536.185: [GC (Allocation Failure) [PSYoungGen: 61312K->1344K(61952K)] 421668K->361700K(589824K), 0.0019340 secs] [Times: user=0.01 sys=0.00, real=0.00 secs] 
537.447: [GC (Allocation Failure) [PSYoungGen: 61248K->1408K(61952K)] 421604K->361764K(589824K), 0.0015612 secs] [Times: user=0.00 sys=0.00, real=0.00 secs] 
538.031: [GC (Allocation Failure) [PSYoungGen: 61312K->1376K(61952K)] 421668K->361732K(589824K), 0.0036253 secs] [Times: user=0.02 sys=0.00, real=0.01 secs] 
538.441: [GC (Allocation Failure) [PSYoungGen: 61280K->1376K(61952K)] 421636K->361732K(589824K), 0.0022598 secs] [Times: user=0.00 sys=0.00, real=0.00 secs] 
538.707: [GC (Allocation Failure) [PSYoungGen: 61280K->1424K(61952K)] 421636K->361780K(589824K), 0.0020715 secs] [Times: user=0.01 sys=0.00, real=0.00 secs] 
539.679: [GC (Allocation Failure) [PSYoungGen: 61328K->1408K(61952K)] 421684K->361764K(589824K), 0.0014513 secs] [Times: user=0.00 sys=0.00, real=0.00 secs] 
540.534: [GC (Allocation Failure) [PSYoungGen: 61312K->1408K(61952K)] 421668K->361764K(589824K), 0.0022424 secs] [Times: user=0.00 sys=0.00, real=0.01 secs] 
541.607: [GC (Allocation Failure) [PSYoungGen: 61312K->1376K(61440K)] 421668K->361732K(589312K), 0.0045368 secs] [Times: user=0.02 sys=0.01, real=0.00 secs] 
542.553: [GC (Allocation Failure) [PSYoungGen: 61280K->1344K(61440K)] 421636K->361700K(589312K), 0.0040195 secs] [Times: user=0.02 sys=0.00, real=0.01 secs] 
543.452: [GC (Allocation Failure) [PSYoungGen: 61248K->1408K(61440K)] 421604K->361764K(589312K), 0.0038665 secs] [Times: user=0.02 sys=0.00, real=0.01 secs] 
545.474: [GC (Allocation Failure) [PSYoungGen: 61312K->1440K(61440K)] 421668K->361796K(589312K), 0.0038101 secs] [Times: user=0.02 sys=0.00, real=0.00 secs] 
547.028: [GC (Allocation Failure) [PSYoungGen: 61344K->1408K(61440K)] 421700K->361772K(589312K), 0.0042228 secs] [Times: user=0.02 sys=0.00, real=0.00 secs] 
547.802: [GC (Allocation Failure) [PSYoungGen: 61312K->1408K(61440K)] 421676K->361780K(589312K), 0.0040669 secs] [Times: user=0.02 sys=0.00, real=0.01 secs] 
548.070: [GC (Allocation Failure) [PSYoungGen: 61312K->1376K(61440K)] 421684K->361748K(589312K), 0.0026638 secs] [Times: user=0.02 sys=0.00, real=0.00 secs] 
548.318: [GC (Allocation Failure) [PSYoungGen: 61280K->1344K(61440K)] 421652K->361716K(589312K), 0.0019947 secs] [Times: user=0.01 sys=0.00, real=0.00 secs] 
549.530: [GC (Allocation Failure) [PSYoungGen: 61248K->1472K(61440K)] 421620K->361844K(589312K), 0.0021654 secs] [Times: user=0.01 sys=0.00, real=0.00 secs] 
550.366: [GC (Allocation Failure) [PSYoungGen: 61376K->1376K(61440K)] 421748K->361748K(589312K), 0.0040905 secs] [Times: user=0.02 sys=0.00, real=0.00 secs] 
551.027: [GC (Allocation Failure) [PSYoungGen: 61280K->1376K(61440K)] 421652K->361748K(589312K), 0.0027603 secs] [Times: user=0.01 sys=0.00, real=0.00 secs] 
551.722: [GC (Allocation Failure) [PSYoungGen: 61280K->1376K(61440K)] 421652K->361748K(589312K), 0.0033517 secs] [Times: user=0.01 sys=0.00, real=0.01 secs] 
552.248: [GC (Allocation Failure) [PSYoungGen: 61280K->1376K(61440K)] 421652K->361748K(589312K), 0.0032190 secs] [Times: user=0.02 sys=0.00, real=0.00 secs] 
553.985: [GC (Allocation Failure) [PSYoungGen: 61280K->1376K(61440K)] 421652K->361748K(589312K), 0.0031526 secs] [Times: user=0.01 sys=0.00, real=0.00 secs] 
554.909: [GC (Allocation Failure) [PSYoungGen: 61280K->1344K(61440K)] 421652K->361716K(589312K), 0.0036516 secs] [Times: user=0.02 sys=0.00, real=0.00 secs] 
555.924: [GC (Allocation Failure) [PSYoungGen: 61248K->1376K(61440K)] 421620K->361748K(589312K), 0.0039353 secs] [Times: user=0.01 sys=0.01, real=0.00 secs] 
556.831: [GC (Allocation Failure) [PSYoungGen: 61280K->1344K(61440K)] 421652K->361716K(589312K), 0.0039452 secs] [Times: user=0.02 sys=0.00, real=0.01 secs] 
558.613: [GC (Allocation Failure) [PSYoungGen: 61248K->928K(61440K)] 421620K->362324K(589312K), 0.0023092 secs] [Times: user=0.01 sys=0.00, real=0.01 secs] 
559.080: [GC (Allocation Failure) [PSYoungGen: 60832K->352K(61440K)] 422228K->361756K(589312K), 0.0021049 secs] [Times: user=0.00 sys=0.00, real=0.00 secs] 
559.656: [GC (Allocation Failure) [PSYoungGen: 60256K->352K(61952K)] 421660K->361756K(589824K), 0.0022082 secs] [Times: user=0.01 sys=0.01, real=0.00 secs] 
560.191: [GC (Allocation Failure) [PSYoungGen: 60256K->320K(61952K)] 421660K->361724K(589824K), 0.0039890 secs] [Times: user=0.02 sys=0.00, real=0.01 secs] 
560.589: [GC (Allocation Failure) [PSYoungGen: 60224K->352K(61952K)] 421628K->361756K(589824K), 0.0023910 secs] [Times: user=0.01 sys=0.00, real=0.00 secs] 
561.893: [GC (Allocation Failure) [PSYoungGen: 60256K->1440K(61952K)] 421660K->362844K(589824K), 0.0016558 secs] [Times: user=0.01 sys=0.00, real=0.01 secs] 
562.369: [GC (Allocation Failure) [PSYoungGen: 61344K->1376K(61952K)] 422748K->362780K(589824K), 0.0018355 secs] [Times: user=0.01 sys=0.00, real=0.00 secs] 
562.618: [GC (Allocation Failure) [PSYoungGen: 61280K->1408K(61952K)] 422684K->362812K(589824K), 0.0019825 secs] [Times: user=0.00 sys=0.00, real=0.00 secs] 
562.881: [GC (Allocation Failure) [PSYoungGen: 61312K->1376K(61952K)] 422716K->362780K(589824K), 0.0019578 secs] [Times: user=0.01 sys=0.00, real=0.00 secs] 
563.295: [GC (Allocation Failure) [PSYoungGen: 61280K->1408K(61952K)] 422684K->362812K(589824K), 0.0018794 secs] [Times: user=0.01 sys=0.00, real=0.00 secs] 
564.863: [GC (Allocation Failure) [PSYoungGen: 61312K->1440K(62464K)] 422716K->362844K(590336K), 0.0029635 secs] [Times: user=0.01 sys=0.00, real=0.01 secs] 
565.492: [GC (Allocation Failure) [PSYoungGen: 61344K->1408K(62464K)] 422748K->362820K(590336K), 0.0032574 secs] [Times: user=0.01 sys=0.00, real=0.01 secs] 
565.961: [GC (Allocation Failure) [PSYoungGen: 61312K->1376K(61440K)] 422724K->362796K(589312K), 0.0030399 secs] [Times: user=0.02 sys=0.00, real=0.01 secs] 
566.426: [GC (Allocation Failure) [PSYoungGen: 61280K->1408K(61952K)] 422700K->362828K(589824K), 0.0027966 secs] [Times: user=0.01 sys=0.00, real=0.00 secs] 
567.682: [GC (Allocation Failure) [PSYoungGen: 61312K->128K(61440K)] 422732K->361548K(589312K), 0.0014278 secs] [Times: user=0.01 sys=0.00, real=0.00 secs] 
568.205: [GC (Allocation Failure) [PSYoungGen: 59520K->1408K(61952K)] 420940K->362844K(589824K), 0.0016827 secs] [Times: user=0.01 sys=0.00, real=0.00 secs] 
568.691: [GC (Allocation Failure) [PSYoungGen: 60800K->1344K(61952K)] 422236K->362788K(589824K), 0.0019276 secs] [Times: user=0.01 sys=0.00, real=0.00 secs] 
569.431: [GC (Allocation Failure) [PSYoungGen: 60736K->1424K(61952K)] 422180K->362868K(589824K), 0.0025278 secs] [Times: user=0.01 sys=0.00, real=0.01 secs] 
570.123: [GC (Allocation Failure) [PSYoungGen: 60816K->1408K(61952K)] 422260K->362852K(589824K), 0.0028690 secs] [Times: user=0.02 sys=0.00, real=0.01 secs] 
571.771: [GC (Allocation Failure) [PSYoungGen: 60800K->1456K(61952K)] 422244K->362900K(589824K), 0.0014766 secs] [Times: user=0.01 sys=0.00, real=0.00 secs] 
572.450: [GC (Allocation Failure) [PSYoungGen: 60848K->1392K(61952K)] 422292K->362844K(589824K), 0.0019547 secs] [Times: user=0.01 sys=0.00, real=0.00 secs] 
572.935: [GC (Allocation Failure) [PSYoungGen: 60784K->1376K(60928K)] 422236K->362828K(588800K), 0.0021260 secs] [Times: user=0.00 sys=0.00, real=0.00 secs] 
573.292: [GC (Allocation Failure) [PSYoungGen: 60768K->1392K(61440K)] 422220K->362844K(589312K), 0.0019378 secs] [Times: user=0.01 sys=0.01, real=0.01 secs] 
573.706: [GC (Allocation Failure) [PSYoungGen: 60784K->1440K(61440K)] 422236K->362892K(589312K), 0.0019080 secs] [Times: user=0.01 sys=0.00, real=0.00 secs] 
575.073: [GC (Allocation Failure) [PSYoungGen: 60832K->1408K(61440K)] 422284K->362860K(589312K), 0.0020463 secs] [Times: user=0.01 sys=0.00, real=0.01 secs] 
575.676: [GC (Allocation Failure) [PSYoungGen: 60800K->1408K(61440K)] 422252K->362868K(589312K), 0.0021351 secs] [Times: user=0.01 sys=0.00, real=0.00 secs] 
576.355: [GC (Allocation Failure) [PSYoungGen: 60800K->1376K(61440K)] 422260K->362836K(589312K), 0.0021452 secs] [Times: user=0.00 sys=0.00, real=0.00 secs] 
576.986: [GC (Allocation Failure) [PSYoungGen: 60768K->1376K(61440K)] 422228K->362836K(589312K), 0.0024567 secs] [Times: user=0.01 sys=0.00, real=0.00 secs] 
577.500: [GC (Allocation Failure) [PSYoungGen: 60768K->1408K(61440K)] 422228K->362868K(589312K), 0.0024621 secs] [Times: user=0.01 sys=0.00, real=0.00 secs] 
578.708: [GC (Allocation Failure) [PSYoungGen: 60800K->1408K(61440K)] 422260K->362876K(589312K), 0.0016639 secs] [Times: user=0.01 sys=0.00, real=0.00 secs] 
578.953: [GC (Allocation Failure) [PSYoungGen: 60800K->1408K(61440K)] 422268K->362876K(589312K), 0.0015667 secs] [Times: user=0.01 sys=0.00, real=0.01 secs] 
579.199: [GC (Allocation Failure) [PSYoungGen: 60800K->1408K(61440K)] 422268K->362876K(589312K), 0.0015600 secs] [Times: user=0.01 sys=0.00, real=0.00 secs] 
579.484: [GC (Allocation Failure) [PSYoungGen: 60800K->1440K(61440K)] 422268K->362908K(589312K), 0.0018758 secs] [Times: user=0.00 sys=0.00, real=0.00 secs] 
579.731: [GC (Allocation Failure) [PSYoungGen: 60832K->1376K(61440K)] 422300K->362844K(589312K), 0.0017969 secs] [Times: user=0.00 sys=0.00, real=0.00 secs] 
581.285: [GC (Allocation Failure) [PSYoungGen: 60768K->1440K(61440K)] 422236K->362924K(589312K), 0.0028523 secs] [Times: user=0.01 sys=0.00, real=0.00 secs] 
581.907: [GC (Allocation Failure) [PSYoungGen: 60832K->1408K(61440K)] 422316K->362892K(589312K), 0.0028375 secs] [Times: user=0.01 sys=0.00, real=0.00 secs] 
582.164: [GC (Allocation Failure) [PSYoungGen: 60800K->1408K(61440K)] 422284K->362892K(589312K), 0.0020394 secs] [Times: user=0.01 sys=0.00, real=0.00 secs] 
582.436: [GC (Allocation Failure) [PSYoungGen: 60800K->1392K(61440K)] 422284K->362876K(589312K), 0.0018504 secs] [Times: user=0.01 sys=0.00, real=0.00 secs] 
583.383: [GC (Allocation Failure) [PSYoungGen: 60784K->1408K(61440K)] 422268K->362892K(589312K), 0.0017815 secs] [Times: user=0.01 sys=0.00, real=0.01 secs] 
583.662: [GC (Allocation Failure) [PSYoungGen: 60800K->1376K(61440K)] 422284K->362884K(589312K), 0.0019463 secs] [Times: user=0.01 sys=0.00, real=0.01 secs] 
583.978: [GC (Allocation Failure) [PSYoungGen: 60768K->1424K(61440K)] 422276K->362932K(589312K), 0.0019158 secs] [Times: user=0.01 sys=0.00, real=0.00 secs] 
584.225: [GC (Allocation Failure) [PSYoungGen: 60816K->1376K(61440K)] 422324K->362884K(589312K), 0.0020106 secs] [Times: user=0.01 sys=0.00, real=0.00 secs] 
584.518: [GC (Allocation Failure) [PSYoungGen: 60768K->1408K(61440K)] 422276K->362916K(589312K), 0.0018375 secs] [Times: user=0.01 sys=0.00, real=0.00 secs] 
585.768: [GC (Allocation Failure) [PSYoungGen: 60800K->1440K(61440K)] 422308K->362948K(589312K), 0.0017970 secs] [Times: user=0.00 sys=0.00, real=0.00 secs] 
586.646: [GC (Allocation Failure) [PSYoungGen: 60832K->1344K(61440K)] 422340K->362860K(589312K), 0.0040992 secs] [Times: user=0.02 sys=0.00, real=0.00 secs] 
587.425: [GC (Allocation Failure) [PSYoungGen: 60736K->1344K(61440K)] 422252K->362860K(589312K), 0.0041530 secs] [Times: user=0.01 sys=0.00, real=0.00 secs] 
588.055: [GC (Allocation Failure) [PSYoungGen: 60736K->1344K(61440K)] 422252K->362860K(589312K), 0.0036135 secs] [Times: user=0.01 sys=0.00, real=0.00 secs] 
588.668: [GC (Allocation Failure) [PSYoungGen: 60736K->1376K(60928K)] 422252K->362892K(588800K), 0.0040156 secs] [Times: user=0.01 sys=0.00, real=0.00 secs] 
589.763: [GC (Allocation Failure) [PSYoungGen: 60768K->1440K(60928K)] 422284K->362956K(588800K), 0.0015850 secs] [Times: user=0.00 sys=0.00, real=0.01 secs] 
590.017: [GC (Allocation Failure) [PSYoungGen: 60832K->1408K(60928K)] 422348K->362924K(588800K), 0.0015156 secs] [Times: user=0.00 sys=0.00, real=0.00 secs] 
590.355: [GC (Allocation Failure) [PSYoungGen: 60800K->1376K(60928K)] 422316K->362892K(588800K), 0.0016705 secs] [Times: user=0.00 sys=0.00, real=0.00 secs] 
590.850: [GC (Allocation Failure) [PSYoungGen: 60768K->1376K(60928K)] 422284K->362892K(588800K), 0.0017729 secs] [Times: user=0.00 sys=0.00, real=0.00 secs] 
591.313: [GC (Allocation Failure) [PSYoungGen: 60768K->1344K(60928K)] 422284K->362860K(588800K), 0.0031587 secs] [Times: user=0.02 sys=0.00, real=0.01 secs] 
592.528: [GC (Allocation Failure) [PSYoungGen: 60736K->1408K(60928K)] 422252K->362932K(588800K), 0.0023606 secs] [Times: user=0.01 sys=0.00, real=0.00 secs] 
592.772: [GC (Allocation Failure) [PSYoungGen: 60800K->1376K(60928K)] 422324K->362900K(588800K), 0.0019739 secs] [Times: user=0.01 sys=0.00, real=0.01 secs] 
593.285: [GC (Allocation Failure) [PSYoungGen: 60768K->1376K(60928K)] 422292K->362900K(588800K), 0.0022576 secs] [Times: user=0.00 sys=0.00, real=0.00 secs] 
593.776: [GC (Allocation Failure) [PSYoungGen: 60768K->1376K(60928K)] 422292K->362900K(588800K), 0.0028989 secs] [Times: user=0.02 sys=0.00, real=0.00 secs] 
594.967: [GC (Allocation Failure) [PSYoungGen: 60768K->1440K(60928K)] 422292K->362964K(588800K), 0.0018046 secs] [Times: user=0.00 sys=0.00, real=0.00 secs] 
595.412: [GC (Allocation Failure) [PSYoungGen: 60832K->1376K(60928K)] 422356K->362908K(588800K), 0.0019166 secs] [Times: user=0.01 sys=0.00, real=0.01 secs] 
595.894: [GC (Allocation Failure) [PSYoungGen: 60768K->1376K(60928K)] 422300K->362908K(588800K), 0.0018105 secs] [Times: user=0.01 sys=0.00, real=0.00 secs] 
596.321: [GC (Allocation Failure) [PSYoungGen: 60768K->1392K(60928K)] 422300K->362924K(588800K), 0.0019404 secs] [Times: user=0.01 sys=0.00, real=0.00 secs] 
596.751: [GC (Allocation Failure) [PSYoungGen: 60784K->1376K(60928K)] 422316K->362908K(588800K), 0.0019634 secs] [Times: user=0.00 sys=0.00, real=0.00 secs] 
597.958: [GC (Allocation Failure) [PSYoungGen: 60768K->1408K(60928K)] 422300K->362940K(588800K), 0.0017493 secs] [Times: user=0.00 sys=0.00, real=0.00 secs] 
598.689: [GC (Allocation Failure) [PSYoungGen: 60800K->1376K(60928K)] 422332K->362908K(588800K), 0.0020533 secs] [Times: user=0.01 sys=0.00, real=0.00 secs] 
599.512: [GC (Allocation Failure) [PSYoungGen: 60768K->1376K(60928K)] 422300K->362908K(588800K), 0.0024952 secs] [Times: user=0.01 sys=0.00, real=0.01 secs] 
600.428: [GC (Allocation Failure) [PSYoungGen: 60768K->1408K(60928K)] 422300K->362940K(588800K), 0.0024287 secs] [Times: user=0.01 sys=0.00, real=0.00 secs] 
601.339: [GC (Allocation Failure) [PSYoungGen: 60800K->1408K(60928K)] 422332K->362940K(588800K), 0.0025054 secs] [Times: user=0.01 sys=0.00, real=0.00 secs] 
602.828: [GC (Allocation Failure) [PSYoungGen: 60800K->1408K(60928K)] 422332K->362940K(588800K), 0.0020112 secs] [Times: user=0.01 sys=0.00, real=0.00 secs] 
603.145: [GC (Allocation Failure) [PSYoungGen: 60800K->1408K(60928K)] 422332K->362948K(588800K), 0.0057540 secs] [Times: user=0.03 sys=0.00, real=0.00 secs] 
603.472: [GC (Allocation Failure) [PSYoungGen: 60800K->1440K(60928K)] 422340K->362980K(588800K), 0.0023963 secs] [Times: user=0.01 sys=0.00, real=0.01 secs] 
603.972: [GC (Allocation Failure) [PSYoungGen: 60832K->1376K(60928K)] 422372K->362916K(588800K), 0.0033096 secs] [Times: user=0.01 sys=0.00, real=0.01 secs] 
604.460: [GC (Allocation Failure) [PSYoungGen: 60768K->1440K(60928K)] 422308K->362980K(588800K), 0.0024601 secs] [Times: user=0.01 sys=0.00, real=0.00 secs] 
605.896: [GC (Allocation Failure) [PSYoungGen: 60832K->1408K(60928K)] 422372K->362956K(588800K), 0.0018387 secs] [Times: user=0.01 sys=0.00, real=0.00 secs] 
606.496: [GC (Allocation Failure) [PSYoungGen: 60800K->1408K(60928K)] 422348K->362956K(588800K), 0.0040173 secs] [Times: user=0.01 sys=0.00, real=0.00 secs] 
607.146: [GC (Allocation Failure) [PSYoungGen: 60800K->1376K(60928K)] 422348K->362924K(588800K), 0.0032203 secs] [Times: user=0.02 sys=0.00, real=0.00 secs] 
607.570: [GC (Allocation Failure) [PSYoungGen: 60768K->1376K(60928K)] 422316K->362924K(588800K), 0.0021287 secs] [Times: user=0.01 sys=0.00, real=0.00 secs] 
608.796: [GC (Allocation Failure) [PSYoungGen: 60768K->928K(60928K)] 422316K->363500K(588800K), 0.0017564 secs] [Times: user=0.01 sys=0.00, real=0.00 secs] 
609.291: [GC (Allocation Failure) [PSYoungGen: 60320K->352K(60928K)] 422892K->362924K(588800K), 0.0027421 secs] [Times: user=0.01 sys=0.00, real=0.01 secs] 
609.766: [GC (Allocation Failure) [PSYoungGen: 59744K->384K(61440K)] 422316K->362956K(589312K), 0.0026630 secs] [Times: user=0.01 sys=0.00, real=0.00 secs] 
610.414: [GC (Allocation Failure) [PSYoungGen: 59776K->368K(61440K)] 422348K->362940K(589312K), 0.0033568 secs] [Times: user=0.02 sys=0.00, real=0.00 secs] 
611.016: [GC (Allocation Failure) [PSYoungGen: 59760K->352K(61440K)] 422332K->362924K(589312K), 0.0031624 secs] [Times: user=0.02 sys=0.00, real=0.00 secs] 
612.279: [GC (Allocation Failure) [PSYoungGen: 59744K->1440K(61440K)] 422316K->364020K(589312K), 0.0017932 secs] [Times: user=0.01 sys=0.00, real=0.00 secs] 
612.919: [GC (Allocation Failure) [PSYoungGen: 60832K->1408K(61440K)] 423412K->363988K(589312K), 0.0020381 secs] [Times: user=0.01 sys=0.00, real=0.00 secs] 
613.483: [GC (Allocation Failure) [PSYoungGen: 60800K->1376K(61440K)] 423380K->363956K(589312K), 0.0019442 secs] [Times: user=0.01 sys=0.00, real=0.01 secs] 
613.856: [GC (Allocation Failure) [PSYoungGen: 60768K->1408K(61440K)] 423348K->363988K(589312K), 0.0020851 secs] [Times: user=0.01 sys=0.00, real=0.00 secs] 
614.168: [GC (Allocation Failure) [PSYoungGen: 60800K->1408K(61440K)] 423380K->363988K(589312K), 0.0019734 secs] [Times: user=0.01 sys=0.00, real=0.00 secs] 
615.202: [GC (Allocation Failure) [PSYoungGen: 60800K->1408K(61952K)] 423380K->363988K(589824K), 0.0019098 secs] [Times: user=0.00 sys=0.00, real=0.00 secs] 
615.449: [GC (Allocation Failure) [PSYoungGen: 60800K->1376K(60928K)] 423380K->363964K(588800K), 0.0020302 secs] [Times: user=0.00 sys=0.00, real=0.00 secs] 
615.716: [GC (Allocation Failure) [PSYoungGen: 60768K->1376K(61440K)] 423356K->363964K(589312K), 0.0017205 secs] [Times: user=0.00 sys=0.00, real=0.00 secs] 
616.013: [GC (Allocation Failure) [PSYoungGen: 60768K->1376K(61440K)] 423356K->363972K(589312K), 0.0017234 secs] [Times: user=0.01 sys=0.00, real=0.01 secs] 
616.259: [GC (Allocation Failure) [PSYoungGen: 60768K->1440K(61440K)] 423364K->364036K(589312K), 0.0017070 secs] [Times: user=0.01 sys=0.00, real=0.00 secs] 
617.245: [GC (Allocation Failure) [PSYoungGen: 60832K->1472K(61440K)] 423428K->364084K(589312K), 0.0016851 secs] [Times: user=0.01 sys=0.00, real=0.00 secs] 
617.514: [GC (Allocation Failure) [PSYoungGen: 60864K->1408K(61440K)] 423476K->364028K(589312K), 0.0018748 secs] [Times: user=0.01 sys=0.00, real=0.00 secs] 
617.767: [GC (Allocation Failure) [PSYoungGen: 60800K->1440K(61440K)] 423420K->364060K(589312K), 0.0018849 secs] [Times: user=0.01 sys=0.00, real=0.00 secs] 
618.066: [GC (Allocation Failure) [PSYoungGen: 60832K->1408K(61440K)] 423452K->364028K(589312K), 0.0018582 secs] [Times: user=0.00 sys=0.00, real=0.00 secs] 
619.031: [GC (Allocation Failure) [PSYoungGen: 60800K->2000K(61440K)] 423420K->364620K(589312K), 0.0020000 secs] [Times: user=0.01 sys=0.00, real=0.00 secs] 
619.508: [GC (Allocation Failure) [PSYoungGen: 61392K->1408K(60928K)] 424012K->364036K(588800K), 0.0018596 secs] [Times: user=0.01 sys=0.00, real=0.00 secs] 
619.995: [GC (Allocation Failure) [PSYoungGen: 60800K->1408K(61440K)] 423428K->364036K(589312K), 0.0016613 secs] [Times: user=0.01 sys=0.00, real=0.00 secs] 
620.487: [GC (Allocation Failure) [PSYoungGen: 60800K->1408K(61440K)] 423428K->364036K(589312K), 0.0019174 secs] [Times: user=0.01 sys=0.00, real=0.00 secs] 
621.124: [GC (Allocation Failure) [PSYoungGen: 60800K->1408K(61440K)] 423428K->364036K(589312K), 0.0019769 secs] [Times: user=0.01 sys=0.00, real=0.00 secs] 
622.527: [GC (Allocation Failure) [PSYoungGen: 60800K->1440K(61440K)] 423428K->364068K(589312K), 0.0032217 secs] [Times: user=0.01 sys=0.00, real=0.00 secs] 
622.782: [GC (Allocation Failure) [PSYoungGen: 60832K->1408K(61440K)] 423460K->364060K(589312K), 0.0025096 secs] [Times: user=0.01 sys=0.00, real=0.01 secs] 
623.027: [GC (Allocation Failure) [PSYoungGen: 60800K->1408K(61440K)] 423452K->364060K(589312K), 0.0020471 secs] [Times: user=0.00 sys=0.00, real=0.00 secs] 
623.274: [GC (Allocation Failure) [PSYoungGen: 60800K->1376K(61440K)] 423452K->364028K(589312K), 0.0019645 secs] [Times: user=0.01 sys=0.00, real=0.00 secs] 
623.726: [GC (Allocation Failure) [PSYoungGen: 60768K->1408K(61440K)] 423420K->364060K(589312K), 0.0020392 secs] [Times: user=0.01 sys=0.00, real=0.00 secs] 
625.112: [GC (Allocation Failure) [PSYoungGen: 60800K->1408K(61440K)] 423452K->364060K(589312K), 0.0016816 secs] [Times: user=0.00 sys=0.00, real=0.00 secs] 
625.902: [GC (Allocation Failure) [PSYoungGen: 60800K->1440K(61440K)] 423452K->364092K(589312K), 0.0037095 secs] [Times: user=0.02 sys=0.00, real=0.01 secs] 
626.441: [GC (Allocation Failure) [PSYoungGen: 60832K->1408K(61440K)] 423484K->364060K(589312K), 0.0030600 secs] [Times: user=0.01 sys=0.00, real=0.01 secs] 
626.840: [GC (Allocation Failure) [PSYoungGen: 60800K->1376K(61440K)] 423452K->364028K(589312K), 0.0021879 secs] [Times: user=0.01 sys=0.00, real=0.00 secs] 
627.087: [GC (Allocation Failure) [PSYoungGen: 60768K->1376K(61440K)] 423420K->364028K(589312K), 0.0018073 secs] [Times: user=0.01 sys=0.00, real=0.00 secs] 
628.034: [GC (Allocation Failure) [PSYoungGen: 60768K->1456K(61440K)] 423420K->364124K(589312K), 0.0015654 secs] [Times: user=0.00 sys=0.00, real=0.00 secs] 
628.280: [GC (Allocation Failure) [PSYoungGen: 60848K->1424K(61440K)] 423516K->364092K(589312K), 0.0016692 secs] [Times: user=0.00 sys=0.00, real=0.00 secs] 
628.527: [GC (Allocation Failure) [PSYoungGen: 60816K->1408K(61440K)] 423484K->364076K(589312K), 0.0015742 secs] [Times: user=0.01 sys=0.00, real=0.00 secs] 
628.774: [GC (Allocation Failure) [PSYoungGen: 60800K->1376K(61440K)] 423468K->364044K(589312K), 0.0017890 secs] [Times: user=0.01 sys=0.00, real=0.01 secs] 
629.734: [GC (Allocation Failure) [PSYoungGen: 60768K->1664K(61440K)] 423436K->364332K(589312K), 0.0016382 secs] [Times: user=0.01 sys=0.00, real=0.00 secs] 
630.321: [GC (Allocation Failure) [PSYoungGen: 61056K->1408K(61440K)] 423724K->364076K(589312K), 0.0019198 secs] [Times: user=0.01 sys=0.00, real=0.00 secs] 
630.727: [GC (Allocation Failure) [PSYoungGen: 60800K->1440K(61440K)] 423468K->364108K(589312K), 0.0022177 secs] [Times: user=0.00 sys=0.00, real=0.00 secs] 
630.982: [GC (Allocation Failure) [PSYoungGen: 60832K->1376K(61440K)] 423500K->364044K(589312K), 0.0027385 secs] [Times: user=0.02 sys=0.00, real=0.01 secs] 
631.234: [GC (Allocation Failure) [PSYoungGen: 60768K->1392K(61440K)] 423436K->364060K(589312K), 0.0020365 secs] [Times: user=0.01 sys=0.00, real=0.00 secs] 
632.367: [GC (Allocation Failure) [PSYoungGen: 60784K->1456K(61440K)] 423452K->364124K(589312K), 0.0017648 secs] [Times: user=0.00 sys=0.00, real=0.00 secs] 
632.927: [GC (Allocation Failure) [PSYoungGen: 60848K->1408K(61440K)] 423516K->364084K(589312K), 0.0017864 secs] [Times: user=0.01 sys=0.00, real=0.00 secs] 
633.225: [GC (Allocation Failure) [PSYoungGen: 60800K->1376K(61440K)] 423476K->364052K(589312K), 0.0015525 secs] [Times: user=0.00 sys=0.00, real=0.00 secs] 
633.694: [GC (Allocation Failure) [PSYoungGen: 60768K->1344K(61440K)] 423444K->364020K(589312K), 0.0018696 secs] [Times: user=0.00 sys=0.00, real=0.00 secs] 
634.558: [GC (Allocation Failure) [PSYoungGen: 60736K->1408K(61440K)] 423412K->364084K(589312K), 0.0020567 secs] [Times: user=0.01 sys=0.00, real=0.00 secs] 
636.834: [GC (Allocation Failure) [PSYoungGen: 60800K->1408K(60928K)] 423476K->364092K(588800K), 0.0026458 secs] [Times: user=0.01 sys=0.00, real=0.00 secs] 
637.995: [GC (Allocation Failure) [PSYoungGen: 60800K->1440K(60928K)] 423484K->364124K(588800K), 0.0022859 secs] [Times: user=0.01 sys=0.00, real=0.00 secs] 
638.677: [GC (Allocation Failure) [PSYoungGen: 60832K->384K(60416K)] 423516K->364092K(588288K), 0.0028564 secs] [Times: user=0.01 sys=0.00, real=0.00 secs] 
639.294: [GC (Allocation Failure) [PSYoungGen: 59776K->352K(61440K)] 423484K->364060K(589312K), 0.0026666 secs] [Times: user=0.02 sys=0.00, real=0.00 secs] 
639.930: [GC (Allocation Failure) [PSYoungGen: 59744K->384K(61440K)] 423452K->364092K(589312K), 0.0046538 secs] [Times: user=0.01 sys=0.00, real=0.01 secs] 
641.081: [GC (Allocation Failure) [PSYoungGen: 59776K->1472K(61440K)] 423484K->365180K(589312K), 0.0017641 secs] [Times: user=0.00 sys=0.00, real=0.00 secs] 
641.401: [GC (Allocation Failure) [PSYoungGen: 60864K->1360K(61440K)] 424572K->365068K(589312K), 0.0021454 secs] [Times: user=0.01 sys=0.00, real=0.00 secs] 
641.712: [GC (Allocation Failure) [PSYoungGen: 60752K->1408K(61440K)] 424460K->365116K(589312K), 0.0020470 secs] [Times: user=0.01 sys=0.00, real=0.01 secs] 
641.984: [GC (Allocation Failure) [PSYoungGen: 60800K->1408K(61440K)] 424508K->365116K(589312K), 0.0018303 secs] [Times: user=0.01 sys=0.00, real=0.00 secs] 
642.968: [GC (Allocation Failure) [PSYoungGen: 60800K->1520K(61440K)] 424508K->365228K(589312K), 0.0015950 secs] [Times: user=0.01 sys=0.00, real=0.00 secs] 
643.506: [GC (Allocation Failure) [PSYoungGen: 60912K->1344K(61440K)] 424620K->365052K(589312K), 0.0016236 secs] [Times: user=0.01 sys=0.00, real=0.00 secs] 
644.057: [GC (Allocation Failure) [PSYoungGen: 60736K->1408K(61440K)] 424444K->365116K(589312K), 0.0022137 secs] [Times: user=0.01 sys=0.00, real=0.00 secs] 
644.519: [GC (Allocation Failure) [PSYoungGen: 60800K->1376K(61440K)] 424508K->365084K(589312K), 0.0032409 secs] [Times: user=0.02 sys=0.00, real=0.00 secs] 
644.853: [GC (Allocation Failure) [PSYoungGen: 60768K->1440K(61440K)] 424476K->365148K(589312K), 0.0021778 secs] [Times: user=0.01 sys=0.01, real=0.01 secs] 
646.206: [GC (Allocation Failure) [PSYoungGen: 60832K->1408K(61440K)] 424540K->365132K(589312K), 0.0018425 secs] [Times: user=0.01 sys=0.00, real=0.00 secs] 
646.713: [GC (Allocation Failure) [PSYoungGen: 60800K->1440K(61440K)] 424524K->365172K(589312K), 0.0029396 secs] [Times: user=0.01 sys=0.00, real=0.01 secs] 
647.072: [GC (Allocation Failure) [PSYoungGen: 60832K->1392K(61440K)] 424564K->365124K(589312K), 0.0019640 secs] [Times: user=0.01 sys=0.00, real=0.01 secs] 
647.331: [GC (Allocation Failure) [PSYoungGen: 60784K->1376K(61440K)] 424516K->365108K(589312K), 0.0020145 secs] [Times: user=0.01 sys=0.00, real=0.00 secs] 
647.579: [GC (Allocation Failure) [PSYoungGen: 60768K->1408K(61440K)] 424500K->365140K(589312K), 0.0018535 secs] [Times: user=0.01 sys=0.00, real=0.00 secs] 
649.134: [GC (Allocation Failure) [PSYoungGen: 60800K->1440K(61440K)] 424532K->365172K(589312K), 0.0025641 secs] [Times: user=0.01 sys=0.00, real=0.00 secs] 
650.075: [GC (Allocation Failure) [PSYoungGen: 60832K->1408K(61440K)] 424564K->365148K(589312K), 0.0039033 secs] [Times: user=0.02 sys=0.00, real=0.00 secs] 
650.938: [GC (Allocation Failure) [PSYoungGen: 60800K->1408K(61440K)] 424540K->365148K(589312K), 0.0032870 secs] [Times: user=0.02 sys=0.00, real=0.00 secs] 
651.556: [GC (Allocation Failure) [PSYoungGen: 60800K->1376K(61440K)] 424540K->365116K(589312K), 0.0031894 secs] [Times: user=0.01 sys=0.00, real=0.00 secs] 
652.221: [GC (Allocation Failure) [PSYoungGen: 60768K->1392K(61440K)] 424508K->365132K(589312K), 0.0027834 secs] [Times: user=0.01 sys=0.00, real=0.00 secs] 
653.639: [GC (Allocation Failure) [PSYoungGen: 60784K->1408K(61440K)] 424524K->365156K(589312K), 0.0021046 secs] [Times: user=0.01 sys=0.00, real=0.00 secs] 
653.886: [GC (Allocation Failure) [PSYoungGen: 60800K->1376K(61440K)] 424548K->365124K(589312K), 0.0020626 secs] [Times: user=0.01 sys=0.00, real=0.00 secs] 
654.173: [GC (Allocation Failure) [PSYoungGen: 60768K->1376K(61440K)] 424516K->365124K(589312K), 0.0019751 secs] [Times: user=0.01 sys=0.00, real=0.01 secs] 
654.421: [GC (Allocation Failure) [PSYoungGen: 60768K->1424K(61440K)] 424516K->365172K(589312K), 0.0019637 secs] [Times: user=0.01 sys=0.00, real=0.00 secs] 
655.386: [GC (Allocation Failure) [PSYoungGen: 60816K->1520K(61440K)] 424564K->365276K(589312K), 0.0017995 secs] [Times: user=0.01 sys=0.00, real=0.00 secs] 
655.902: [GC (Allocation Failure) [PSYoungGen: 60912K->1408K(61440K)] 424668K->365172K(589312K), 0.0016827 secs] [Times: user=0.01 sys=0.00, real=0.00 secs] 
656.441: [GC (Allocation Failure) [PSYoungGen: 60800K->1376K(61440K)] 424564K->365140K(589312K), 0.0025571 secs] [Times: user=0.01 sys=0.00, real=0.01 secs] 
657.036: [GC (Allocation Failure) [PSYoungGen: 60768K->1408K(61440K)] 424532K->365172K(589312K), 0.0023590 secs] [Times: user=0.01 sys=0.00, real=0.00 secs] 
657.699: [GC (Allocation Failure) [PSYoungGen: 60800K->1392K(61440K)] 424564K->365156K(589312K), 0.0025430 secs] [Times: user=0.01 sys=0.00, real=0.00 secs] 
659.444: [GC (Allocation Failure) [PSYoungGen: 60784K->1408K(61440K)] 424548K->365172K(589312K), 0.0023453 secs] [Times: user=0.00 sys=0.00, real=0.00 secs] 
660.535: [GC (Allocation Failure) [PSYoungGen: 60800K->1408K(61440K)] 424564K->365180K(589312K), 0.0027843 secs] [Times: user=0.02 sys=0.00, real=0.00 secs] 
662.010: [GC (Allocation Failure) [PSYoungGen: 60800K->1424K(60928K)] 424572K->365196K(588800K), 0.0033888 secs] [Times: user=0.02 sys=0.00, real=0.00 secs] 
662.511: [GC (Allocation Failure) [PSYoungGen: 60816K->1376K(60928K)] 424588K->365148K(588800K), 0.0020747 secs] [Times: user=0.01 sys=0.00, real=0.00 secs] 
663.047: [GC (Allocation Failure) [PSYoungGen: 60768K->1408K(60928K)] 424540K->365180K(588800K), 0.0020267 secs] [Times: user=0.01 sys=0.00, real=0.00 secs] 
664.430: [GC (Allocation Failure) [PSYoungGen: 60800K->1408K(60928K)] 424572K->365180K(588800K), 0.0017561 secs] [Times: user=0.01 sys=0.00, real=0.00 secs] 
665.416: [GC (Allocation Failure) [PSYoungGen: 60800K->1408K(60928K)] 424572K->365188K(588800K), 0.0037793 secs] [Times: user=0.02 sys=0.00, real=0.00 secs] 
666.631: [GC (Allocation Failure) [PSYoungGen: 60800K->1344K(60928K)] 424580K->365124K(588800K), 0.0037838 secs] [Times: user=0.02 sys=0.00, real=0.01 secs] 
667.573: [GC (Allocation Failure) [PSYoungGen: 60736K->1408K(60928K)] 424516K->365188K(588800K), 0.0032461 secs] [Times: user=0.01 sys=0.00, real=0.01 secs] 
668.465: [GC (Allocation Failure) [PSYoungGen: 60800K->1440K(60928K)] 424580K->365220K(588800K), 0.0031429 secs] [Times: user=0.01 sys=0.00, real=0.00 secs] 
670.000: [GC (Allocation Failure) [PSYoungGen: 60832K->1408K(60928K)] 424612K->365196K(588800K), 0.0032689 secs] [Times: user=0.01 sys=0.00, real=0.00 secs] 
670.510: [GC (Allocation Failure) [PSYoungGen: 60800K->1408K(60928K)] 424588K->365196K(588800K), 0.0024646 secs] [Times: user=0.01 sys=0.00, real=0.00 secs] 
671.015: [GC (Allocation Failure) [PSYoungGen: 60800K->1376K(60928K)] 424588K->365164K(588800K), 0.0024820 secs] [Times: user=0.01 sys=0.00, real=0.00 secs] 
671.323: [GC (Allocation Failure) [PSYoungGen: 60768K->1408K(60928K)] 424556K->365196K(588800K), 0.0076850 secs] [Times: user=0.04 sys=0.00, real=0.01 secs] 
672.235: [GC (Allocation Failure) [PSYoungGen: 60671K->288K(60928K)] 424460K->364076K(588800K), 0.0014504 secs] [Times: user=0.00 sys=0.00, real=0.00 secs] 
672.751: [GC (Allocation Failure) [PSYoungGen: 59680K->1376K(61440K)] 423468K->365164K(589312K), 0.0017932 secs] [Times: user=0.00 sys=0.00, real=0.00 secs] 
673.289: [GC (Allocation Failure) [PSYoungGen: 60768K->1376K(61440K)] 424556K->365164K(589312K), 0.0032048 secs] [Times: user=0.02 sys=0.00, real=0.00 secs] 
673.796: [GC (Allocation Failure) [PSYoungGen: 60768K->1376K(61440K)] 424556K->365164K(589312K), 0.0031846 secs] [Times: user=0.01 sys=0.00, real=0.00 secs] 
674.211: [GC (Allocation Failure) [PSYoungGen: 60768K->1392K(61440K)] 424556K->365180K(589312K), 0.0022112 secs] [Times: user=0.01 sys=0.00, real=0.00 secs] 
675.567: [GC (Allocation Failure) [PSYoungGen: 60784K->1408K(61440K)] 424572K->365196K(589312K), 0.0020922 secs] [Times: user=0.01 sys=0.00, real=0.00 secs] 
676.313: [GC (Allocation Failure) [PSYoungGen: 60800K->1376K(61440K)] 424588K->365164K(589312K), 0.0038992 secs] [Times: user=0.02 sys=0.00, real=0.01 secs] 
677.113: [GC (Allocation Failure) [PSYoungGen: 60768K->1376K(61440K)] 424556K->365172K(589312K), 0.0039430 secs] [Times: user=0.01 sys=0.00, real=0.01 secs] 
677.942: [GC (Allocation Failure) [PSYoungGen: 60768K->1440K(61440K)] 424564K->365236K(589312K), 0.0042021 secs] [Times: user=0.01 sys=0.00, real=0.01 secs] 
678.830: [GC (Allocation Failure) [PSYoungGen: 60832K->1376K(61440K)] 424628K->365172K(589312K), 0.0038834 secs] [Times: user=0.01 sys=0.00, real=0.01 secs] 
680.314: [GC (Allocation Failure) [PSYoungGen: 60768K->1408K(61440K)] 424564K->365212K(589312K), 0.0021521 secs] [Times: user=0.01 sys=0.00, real=0.00 secs] 
680.877: [GC (Allocation Failure) [PSYoungGen: 60800K->1376K(61440K)] 424604K->365180K(589312K), 0.0020284 secs] [Times: user=0.01 sys=0.00, real=0.00 secs] 
681.511: [GC (Allocation Failure) [PSYoungGen: 60768K->1376K(61440K)] 424572K->365180K(589312K), 0.0021169 secs] [Times: user=0.00 sys=0.00, real=0.00 secs] 
681.898: [GC (Allocation Failure) [PSYoungGen: 60768K->1376K(61440K)] 424572K->365180K(589312K), 0.0020707 secs] [Times: user=0.00 sys=0.00, real=0.00 secs] 
682.166: [GC (Allocation Failure) [PSYoungGen: 60768K->1424K(61440K)] 424572K->365228K(589312K), 0.0027447 secs] [Times: user=0.01 sys=0.00, real=0.00 secs] 
683.643: [GC (Allocation Failure) [PSYoungGen: 60816K->1440K(61440K)] 424620K->365244K(589312K), 0.0020073 secs] [Times: user=0.01 sys=0.00, real=0.01 secs] 
684.394: [GC (Allocation Failure) [PSYoungGen: 60832K->1408K(61440K)] 424636K->365212K(589312K), 0.0041993 secs] [Times: user=0.01 sys=0.00, real=0.00 secs] 
684.997: [GC (Allocation Failure) [PSYoungGen: 60800K->1440K(61440K)] 424604K->365244K(589312K), 0.0032705 secs] [Times: user=0.01 sys=0.00, real=0.00 secs] 
685.516: [GC (Allocation Failure) [PSYoungGen: 60832K->1440K(61440K)] 424636K->365244K(589312K), 0.0032857 secs] [Times: user=0.01 sys=0.00, real=0.00 secs] 
686.035: [GC (Allocation Failure) [PSYoungGen: 60817K->368K(61440K)] 424622K->364172K(589312K), 0.0024080 secs] [Times: user=0.01 sys=0.00, real=0.00 secs] 
687.366: [GC (Allocation Failure) [PSYoungGen: 59760K->1456K(61440K)] 423564K->365268K(589312K), 0.0020442 secs] [Times: user=0.00 sys=0.00, real=0.00 secs] 
687.952: [GC (Allocation Failure) [PSYoungGen: 60848K->1408K(61440K)] 424660K->365220K(589312K), 0.0021363 secs] [Times: user=0.01 sys=0.00, real=0.01 secs] 
688.424: [GC (Allocation Failure) [PSYoungGen: 60800K->1408K(61440K)] 424612K->365220K(589312K), 0.0020808 secs] [Times: user=0.01 sys=0.00, real=0.00 secs] 
689.018: [GC (Allocation Failure) [PSYoungGen: 60800K->1408K(61440K)] 424612K->365220K(589312K), 0.0022431 secs] [Times: user=0.01 sys=0.00, real=0.00 secs] 
690.393: [GC (Allocation Failure) [PSYoungGen: 60800K->1440K(61440K)] 424612K->365252K(589312K), 0.0018000 secs] [Times: user=0.01 sys=0.00, real=0.01 secs] 
690.640: [GC (Allocation Failure) [PSYoungGen: 60832K->1408K(61440K)] 424644K->365228K(589312K), 0.0017814 secs] [Times: user=0.01 sys=0.00, real=0.00 secs] 
691.048: [GC (Allocation Failure) [PSYoungGen: 60800K->1408K(61440K)] 424620K->365228K(589312K), 0.0019575 secs] [Times: user=0.01 sys=0.00, real=0.00 secs] 
691.524: [GC (Allocation Failure) [PSYoungGen: 60800K->1440K(61440K)] 424620K->365260K(589312K), 0.0038600 secs] [Times: user=0.02 sys=0.00, real=0.00 secs] 
692.025: [GC (Allocation Failure) [PSYoungGen: 60832K->1392K(61440K)] 424652K->365212K(589312K), 0.0026015 secs] [Times: user=0.01 sys=0.00, real=0.00 secs] 
693.557: [GC (Allocation Failure) [PSYoungGen: 60784K->1456K(61440K)] 424604K->365276K(589312K), 0.0021454 secs] [Times: user=0.01 sys=0.00, real=0.00 secs] 
694.239: [GC (Allocation Failure) [PSYoungGen: 60848K->1408K(61440K)] 424668K->365228K(589312K), 0.0024528 secs] [Times: user=0.01 sys=0.00, real=0.00 secs] 
694.768: [GC (Allocation Failure) [PSYoungGen: 60800K->1376K(61440K)] 424620K->365196K(589312K), 0.0025521 secs] [Times: user=0.01 sys=0.00, real=0.00 secs] 
695.228: [GC (Allocation Failure) [PSYoungGen: 60768K->1376K(61440K)] 424588K->365204K(589312K), 0.0022765 secs] [Times: user=0.01 sys=0.00, real=0.00 secs] 
695.728: [GC (Allocation Failure) [PSYoungGen: 60768K->1424K(61440K)] 424596K->365252K(589312K), 0.0020468 secs] [Times: user=0.01 sys=0.00, real=0.00 secs] 
696.979: [GC (Allocation Failure) [PSYoungGen: 60816K->1440K(61440K)] 424644K->365268K(589312K), 0.0017028 secs] [Times: user=0.01 sys=0.00, real=0.00 secs] 
697.596: [GC (Allocation Failure) [PSYoungGen: 60832K->1408K(61440K)] 424660K->365236K(589312K), 0.0027799 secs] [Times: user=0.01 sys=0.00, real=0.00 secs] 
698.068: [GC (Allocation Failure) [PSYoungGen: 60800K->1408K(61440K)] 424628K->365236K(589312K), 0.0021184 secs] [Times: user=0.01 sys=0.00, real=0.00 secs] 
698.315: [GC (Allocation Failure) [PSYoungGen: 60800K->1392K(61440K)] 424628K->365220K(589312K), 0.0020398 secs] [Times: user=0.01 sys=0.00, real=0.00 secs] 
698.601: [GC (Allocation Failure) [PSYoungGen: 60784K->1376K(61440K)] 424612K->365204K(589312K), 0.0017501 secs] [Times: user=0.01 sys=0.00, real=0.00 secs] 
699.526: [GC (Allocation Failure) [PSYoungGen: 60768K->1408K(60928K)] 424596K->365236K(588800K), 0.0017844 secs] [Times: user=0.01 sys=0.00, real=0.00 secs] 
699.822: [GC (Allocation Failure) [PSYoungGen: 60800K->1344K(60928K)] 424628K->365172K(588800K), 0.0020001 secs] [Times: user=0.01 sys=0.00, real=0.01 secs] 
700.132: [GC (Allocation Failure) [PSYoungGen: 60736K->352K(60416K)] 424564K->365204K(588288K), 0.0019743 secs] [Times: user=0.01 sys=0.00, real=0.01 secs] 
700.379: [GC (Allocation Failure) [PSYoungGen: 59744K->320K(61440K)] 424596K->365172K(589312K), 0.0020191 secs] [Times: user=0.01 sys=0.00, real=0.00 secs] 
701.379: [GC (Allocation Failure) [PSYoungGen: 59712K->1408K(61440K)] 424564K->366260K(589312K), 0.0018479 secs] [Times: user=0.00 sys=0.00, real=0.00 secs] 
701.648: [GC (Allocation Failure) [PSYoungGen: 60800K->1408K(61440K)] 425652K->366260K(589312K), 0.0016291 secs] [Times: user=0.00 sys=0.00, real=0.00 secs] 
701.903: [GC (Allocation Failure) [PSYoungGen: 60800K->1440K(61440K)] 425652K->366292K(589312K), 0.0017497 secs] [Times: user=0.01 sys=0.01, real=0.01 secs] 
702.184: [GC (Allocation Failure) [PSYoungGen: 60832K->1408K(61440K)] 425684K->366276K(589312K), 0.0016750 secs] [Times: user=0.01 sys=0.00, real=0.00 secs] 
702.467: [GC (Allocation Failure) [PSYoungGen: 60800K->1424K(61440K)] 425668K->366292K(589312K), 0.0018156 secs] [Times: user=0.01 sys=0.00, real=0.00 secs] 
703.524: [GC (Allocation Failure) [PSYoungGen: 60816K->1408K(61440K)] 425684K->366284K(589312K), 0.0018900 secs] [Times: user=0.01 sys=0.00, real=0.01 secs] 
704.060: [GC (Allocation Failure) [PSYoungGen: 60800K->1376K(61440K)] 425676K->366260K(589312K), 0.0019299 secs] [Times: user=0.01 sys=0.00, real=0.00 secs] 
704.611: [GC (Allocation Failure) [PSYoungGen: 60768K->1440K(61440K)] 425652K->366324K(589312K), 0.0039438 secs] [Times: user=0.01 sys=0.00, real=0.01 secs] 
704.883: [GC (Allocation Failure) [PSYoungGen: 60832K->1408K(61440K)] 425716K->366292K(589312K), 0.0019948 secs] [Times: user=0.01 sys=0.00, real=0.01 secs] 
705.130: [GC (Allocation Failure) [PSYoungGen: 60800K->1376K(61440K)] 425684K->366260K(589312K), 0.0020304 secs] [Times: user=0.01 sys=0.00, real=0.00 secs] 
706.327: [GC (Allocation Failure) [PSYoungGen: 60768K->1408K(61440K)] 425652K->366300K(589312K), 0.0018287 secs] [Times: user=0.01 sys=0.00, real=0.00 secs] 
706.875: [GC (Allocation Failure) [PSYoungGen: 60800K->1376K(61440K)] 425692K->366268K(589312K), 0.0019659 secs] [Times: user=0.01 sys=0.00, real=0.00 secs] 
707.349: [GC (Allocation Failure) [PSYoungGen: 60768K->1440K(61440K)] 425660K->366332K(589312K), 0.0020074 secs] [Times: user=0.01 sys=0.00, real=0.00 secs] 
707.596: [GC (Allocation Failure) [PSYoungGen: 60832K->1408K(61440K)] 425724K->366300K(589312K), 0.0019695 secs] [Times: user=0.01 sys=0.00, real=0.00 secs] 
707.847: [GC (Allocation Failure) [PSYoungGen: 60800K->1376K(61440K)] 425692K->366268K(589312K), 0.0020022 secs] [Times: user=0.01 sys=0.00, real=0.00 secs] 
709.937: [GC (Allocation Failure) [PSYoungGen: 60768K->1408K(61440K)] 425660K->366308K(589312K), 0.0036616 secs] [Times: user=0.02 sys=0.00, real=0.00 secs] 
710.604: [GC (Allocation Failure) [PSYoungGen: 60800K->1440K(61440K)] 425700K->366340K(589312K), 0.0028698 secs] [Times: user=0.01 sys=0.00, real=0.00 secs] 
711.291: [GC (Allocation Failure) [PSYoungGen: 60832K->1440K(61440K)] 425732K->366340K(589312K), 0.0036315 secs] [Times: user=0.02 sys=0.00, real=0.01 secs] 
711.563: [GC (Allocation Failure) [PSYoungGen: 60832K->1440K(61440K)] 425732K->366340K(589312K), 0.0022947 secs] [Times: user=0.00 sys=0.00, real=0.01 secs] 
712.723: [GC (Allocation Failure) [PSYoungGen: 60832K->1440K(61440K)] 425732K->366340K(589312K), 0.0028463 secs] [Times: user=0.02 sys=0.00, real=0.01 secs] 
713.435: [GC (Allocation Failure) [PSYoungGen: 60832K->1344K(61440K)] 425732K->366252K(589312K), 0.0029784 secs] [Times: user=0.02 sys=0.00, real=0.00 secs] 
713.725: [GC (Allocation Failure) [PSYoungGen: 60736K->1408K(61440K)] 425644K->366316K(589312K), 0.0020003 secs] [Times: user=0.01 sys=0.00, real=0.00 secs] 
713.972: [GC (Allocation Failure) [PSYoungGen: 60800K->1408K(61440K)] 425708K->366340K(589312K), 0.0019320 secs] [Times: user=0.01 sys=0.00, real=0.01 secs] 
714.219: [GC (Allocation Failure) [PSYoungGen: 60800K->1408K(61440K)] 425732K->366340K(589312K), 0.0019980 secs] [Times: user=0.00 sys=0.00, real=0.00 secs] 
715.534: [GC (Allocation Failure) [PSYoungGen: 60800K->1440K(61440K)] 425732K->366380K(589312K), 0.0019412 secs] [Times: user=0.01 sys=0.00, real=0.00 secs] 
716.025: [GC (Allocation Failure) [PSYoungGen: 60832K->1376K(61440K)] 425772K->366324K(589312K), 0.0018368 secs] [Times: user=0.00 sys=0.00, real=0.00 secs] 
716.463: [GC (Allocation Failure) [PSYoungGen: 60768K->1408K(61440K)] 425716K->366356K(589312K), 0.0018919 secs] [Times: user=0.01 sys=0.00, real=0.01 secs] 
716.882: [GC (Allocation Failure) [PSYoungGen: 60800K->1376K(61440K)] 425748K->366324K(589312K), 0.0018327 secs] [Times: user=0.00 sys=0.00, real=0.01 secs] 
717.368: [GC (Allocation Failure) [PSYoungGen: 60768K->1440K(61440K)] 425716K->366388K(589312K), 0.0022824 secs] [Times: user=0.01 sys=0.00, real=0.00 secs] 
718.357: [GC (Allocation Failure) [PSYoungGen: 60832K->1408K(60928K)] 425780K->366356K(588800K), 0.0017525 secs] [Times: user=0.01 sys=0.00, real=0.00 secs] 
718.603: [GC (Allocation Failure) [PSYoungGen: 60800K->1408K(60928K)] 425748K->366364K(588800K), 0.0015912 secs] [Times: user=0.01 sys=0.00, real=0.01 secs] 
718.849: [GC (Allocation Failure) [PSYoungGen: 60800K->1408K(60928K)] 425756K->366364K(588800K), 0.0015984 secs] [Times: user=0.01 sys=0.00, real=0.00 secs] 
719.094: [GC (Allocation Failure) [PSYoungGen: 60800K->1376K(60928K)] 425756K->366332K(588800K), 0.0015651 secs] [Times: user=0.01 sys=0.00, real=0.00 secs] 
719.340: [GC (Allocation Failure) [PSYoungGen: 60768K->1392K(60928K)] 425724K->366348K(588800K), 0.0015341 secs] [Times: user=0.01 sys=0.00, real=0.00 secs] 
720.548: [GC (Allocation Failure) [PSYoungGen: 60784K->1408K(60928K)] 425740K->366364K(588800K), 0.0018637 secs] [Times: user=0.01 sys=0.00, real=0.00 secs] 
721.120: [GC (Allocation Failure) [PSYoungGen: 60800K->1376K(60928K)] 425756K->366332K(588800K), 0.0020597 secs] [Times: user=0.01 sys=0.00, real=0.00 secs] 
721.525: [GC (Allocation Failure) [PSYoungGen: 60768K->1408K(60928K)] 425724K->366364K(588800K), 0.0020595 secs] [Times: user=0.01 sys=0.00, real=0.00 secs] 
721.823: [GC (Allocation Failure) [PSYoungGen: 60800K->1376K(60928K)] 425756K->366332K(588800K), 0.0020231 secs] [Times: user=0.01 sys=0.00, real=0.01 secs] 
722.961: [GC (Allocation Failure) [PSYoungGen: 60768K->1440K(60928K)] 425724K->366396K(588800K), 0.0016487 secs] [Times: user=0.01 sys=0.00, real=0.00 secs] 
723.449: [GC (Allocation Failure) [PSYoungGen: 60832K->1392K(60928K)] 425788K->366380K(588800K), 0.0020098 secs] [Times: user=0.01 sys=0.00, real=0.00 secs] 
723.796: [GC (Allocation Failure) [PSYoungGen: 60784K->1424K(60928K)] 425772K->366412K(588800K), 0.0023130 secs] [Times: user=0.01 sys=0.00, real=0.00 secs] 
724.043: [GC (Allocation Failure) [PSYoungGen: 60816K->1376K(60928K)] 425804K->366364K(588800K), 0.0019471 secs] [Times: user=0.01 sys=0.00, real=0.01 secs] 
724.299: [GC (Allocation Failure) [PSYoungGen: 60768K->1408K(60928K)] 425756K->366396K(588800K), 0.0020498 secs] [Times: user=0.01 sys=0.00, real=0.00 secs] 
725.584: [GC (Allocation Failure) [PSYoungGen: 60800K->1472K(60928K)] 425788K->366460K(588800K), 0.0017908 secs] [Times: user=0.00 sys=0.00, real=0.00 secs] 
726.298: [GC (Allocation Failure) [PSYoungGen: 60864K->1408K(60928K)] 425852K->366396K(588800K), 0.0018493 secs] [Times: user=0.01 sys=0.00, real=0.00 secs] 
727.029: [GC (Allocation Failure) [PSYoungGen: 60800K->1376K(60928K)] 425788K->366364K(588800K), 0.0017523 secs] [Times: user=0.01 sys=0.00, real=0.00 secs] 
727.663: [GC (Allocation Failure) [PSYoungGen: 60768K->1408K(60928K)] 425756K->366396K(588800K), 0.0021182 secs] [Times: user=0.01 sys=0.00, real=0.01 secs] 
728.335: [GC (Allocation Failure) [PSYoungGen: 60800K->1312K(60928K)] 425788K->366300K(588800K), 0.0021933 secs] [Times: user=0.01 sys=0.00, real=0.00 secs] 
729.460: [GC (Allocation Failure) [PSYoungGen: 60704K->1440K(60928K)] 425692K->366436K(588800K), 0.0017004 secs] [Times: user=0.01 sys=0.00, real=0.00 secs] 
729.862: [GC (Allocation Failure) [PSYoungGen: 60832K->1392K(60928K)] 425828K->366388K(588800K), 0.0020948 secs] [Times: user=0.01 sys=0.00, real=0.01 secs] 
730.638: [GC (Allocation Failure) [PSYoungGen: 60784K->1408K(60928K)] 425780K->366404K(588800K), 0.0021458 secs] [Times: user=0.01 sys=0.00, real=0.00 secs] 
731.342: [GC (Allocation Failure) [PSYoungGen: 60800K->1376K(60928K)] 425796K->366372K(588800K), 0.0020334 secs] [Times: user=0.01 sys=0.00, real=0.01 secs] 
732.036: [GC (Allocation Failure) [PSYoungGen: 60768K->1376K(60928K)] 425764K->366372K(588800K), 0.0028263 secs] [Times: user=0.02 sys=0.00, real=0.00 secs] 
733.097: [GC (Allocation Failure) [PSYoungGen: 60768K->1440K(60928K)] 425764K->366436K(588800K), 0.0016994 secs] [Times: user=0.01 sys=0.00, real=0.00 secs] 
733.343: [GC (Allocation Failure) [PSYoungGen: 60832K->1408K(60928K)] 425828K->366404K(588800K), 0.0018094 secs] [Times: user=0.01 sys=0.00, real=0.01 secs] 
733.591: [GC (Allocation Failure) [PSYoungGen: 60800K->1408K(60928K)] 425796K->366404K(588800K), 0.0030199 secs] [Times: user=0.01 sys=0.01, real=0.01 secs] 
733.838: [GC (Allocation Failure) [PSYoungGen: 60800K->1440K(60928K)] 425796K->366436K(588800K), 0.0021237 secs] [Times: user=0.01 sys=0.00, real=0.00 secs] 
735.012: [GC (Allocation Failure) [PSYoungGen: 60832K->928K(60928K)] 425828K->366956K(588800K), 0.0025866 secs] [Times: user=0.01 sys=0.00, real=0.01 secs] 
735.942: [GC (Allocation Failure) [PSYoungGen: 60320K->400K(61440K)] 426348K->366436K(589312K), 0.0041989 secs] [Times: user=0.01 sys=0.00, real=0.01 secs] 
736.726: [GC (Allocation Failure) [PSYoungGen: 59792K->400K(61440K)] 425828K->366436K(589312K), 0.0038343 secs] [Times: user=0.01 sys=0.00, real=0.00 secs] 
737.372: [GC (Allocation Failure) [PSYoungGen: 59792K->352K(61440K)] 425828K->366396K(589312K), 0.0027154 secs] [Times: user=0.02 sys=0.00, real=0.01 secs] 
737.977: [GC (Allocation Failure) [PSYoungGen: 59744K->320K(61440K)] 425788K->366364K(589312K), 0.0026708 secs] [Times: user=0.01 sys=0.00, real=0.00 secs] 
739.147: [GC (Allocation Failure) [PSYoungGen: 59712K->1456K(61440K)] 425756K->367508K(589312K), 0.0018882 secs] [Times: user=0.01 sys=0.00, real=0.00 secs] 
739.394: [GC (Allocation Failure) [PSYoungGen: 60848K->1408K(61440K)] 426900K->367476K(589312K), 0.0016307 secs] [Times: user=0.01 sys=0.00, real=0.01 secs] 
739.709: [GC (Allocation Failure) [PSYoungGen: 60800K->1408K(60928K)] 426868K->367476K(588800K), 0.0016169 secs] [Times: user=0.01 sys=0.00, real=0.00 secs] 
740.169: [GC (Allocation Failure) [PSYoungGen: 60288K->1424K(61440K)] 426356K->367492K(589312K), 0.0020481 secs] [Times: user=0.01 sys=0.00, real=0.00 secs] 
740.721: [GC (Allocation Failure) [PSYoungGen: 60304K->1440K(61440K)] 426372K->367508K(589312K), 0.0029238 secs] [Times: user=0.02 sys=0.00, real=0.01 secs] 
741.967: [GC (Allocation Failure) [PSYoungGen: 60320K->1440K(61440K)] 426388K->367508K(589312K), 0.0017681 secs] [Times: user=0.00 sys=0.00, real=0.00 secs] 
742.452: [GC (Allocation Failure) [PSYoungGen: 60320K->1408K(61440K)] 426388K->367484K(589312K), 0.0017019 secs] [Times: user=0.01 sys=0.00, real=0.01 secs] 
742.927: [GC (Allocation Failure) [PSYoungGen: 60288K->1440K(61440K)] 426364K->367516K(589312K), 0.0027993 secs] [Times: user=0.01 sys=0.00, real=0.00 secs] 
743.422: [GC (Allocation Failure) [PSYoungGen: 60320K->1440K(61440K)] 426396K->367516K(589312K), 0.0022919 secs] [Times: user=0.01 sys=0.00, real=0.01 secs] 
743.740: [GC (Allocation Failure) [PSYoungGen: 60320K->1376K(60416K)] 426396K->367452K(588288K), 0.0020439 secs] [Times: user=0.01 sys=0.00, real=0.00 secs] 
744.698: [GC (Allocation Failure) [PSYoungGen: 60256K->1440K(60928K)] 426332K->367540K(588800K), 0.0017810 secs] [Times: user=0.01 sys=0.01, real=0.00 secs] 
744.943: [GC (Allocation Failure) [PSYoungGen: 60320K->1440K(60928K)] 426420K->367540K(588800K), 0.0016529 secs] [Times: user=0.00 sys=0.00, real=0.01 secs] 
745.187: [GC (Allocation Failure) [PSYoungGen: 60320K->1408K(60928K)] 426420K->367508K(588800K), 0.0015349 secs] [Times: user=0.00 sys=0.00, real=0.00 secs] 
745.431: [GC (Allocation Failure) [PSYoungGen: 60288K->1424K(60928K)] 426388K->367524K(588800K), 0.0018548 secs] [Times: user=0.01 sys=0.00, real=0.00 secs] 
746.445: [GC (Allocation Failure) [PSYoungGen: 60298K->128K(60416K)] 426398K->366228K(588288K), 0.0015850 secs] [Times: user=0.01 sys=0.00, real=0.00 secs] 
747.942: [GC (Allocation Failure) [PSYoungGen: 58496K->1376K(60928K)] 424596K->367476K(588800K), 0.0036558 secs] [Times: user=0.02 sys=0.00, real=0.01 secs] 
748.898: [GC (Allocation Failure) [PSYoungGen: 59744K->1408K(59904K)] 425844K->367508K(587776K), 0.0039929 secs] [Times: user=0.02 sys=0.00, real=0.00 secs] 
749.637: [GC (Allocation Failure) [PSYoungGen: 59776K->1424K(60416K)] 425876K->367524K(588288K), 0.0032027 secs] [Times: user=0.01 sys=0.00, real=0.00 secs] 
750.136: [GC (Allocation Failure) [PSYoungGen: 59792K->1344K(60416K)] 425892K->367444K(588288K), 0.0027013 secs] [Times: user=0.01 sys=0.00, real=0.00 secs] 
751.366: [GC (Allocation Failure) [PSYoungGen: 59712K->1952K(60416K)] 425812K->368052K(588288K), 0.0017958 secs] [Times: user=0.01 sys=0.00, real=0.00 secs] 
751.616: [GC (Allocation Failure) [PSYoungGen: 60320K->1424K(60928K)] 426420K->367532K(588800K), 0.0027759 secs] [Times: user=0.01 sys=0.00, real=0.00 secs] 
751.877: [GC (Allocation Failure) [PSYoungGen: 59792K->1344K(59904K)] 425900K->367452K(587776K), 0.0023517 secs] [Times: user=0.01 sys=0.00, real=0.00 secs] 
752.207: [GC (Allocation Failure) [PSYoungGen: 59712K->1408K(60416K)] 425820K->367516K(588288K), 0.0018027 secs] [Times: user=0.01 sys=0.00, real=0.00 secs] 
752.693: [GC (Allocation Failure) [PSYoungGen: 59776K->1408K(60416K)] 425884K->367516K(588288K), 0.0032333 secs] [Times: user=0.01 sys=0.00, real=0.01 secs] 
754.060: [GC (Allocation Failure) [PSYoungGen: 59776K->1440K(60416K)] 425884K->367548K(588288K), 0.0018282 secs] [Times: user=0.00 sys=0.00, real=0.00 secs] 
754.302: [GC (Allocation Failure) [PSYoungGen: 59808K->1408K(60416K)] 425916K->367532K(588288K), 0.0018483 secs] [Times: user=0.01 sys=0.00, real=0.01 secs] 
754.545: [GC (Allocation Failure) [PSYoungGen: 59776K->1408K(60416K)] 425900K->367532K(588288K), 0.0016962 secs] [Times: user=0.00 sys=0.00, real=0.00 secs] 
754.792: [GC (Allocation Failure) [PSYoungGen: 59776K->1328K(60416K)] 425900K->367452K(588288K), 0.0026836 secs] [Times: user=0.01 sys=0.00, real=0.01 secs] 
755.033: [GC (Allocation Failure) [PSYoungGen: 59696K->1440K(60416K)] 425820K->367564K(588288K), 0.0022352 secs] [Times: user=0.01 sys=0.00, real=0.01 secs] 
756.277: [GC (Allocation Failure) [PSYoungGen: 59808K->1440K(60416K)] 425932K->367564K(588288K), 0.0017016 secs] [Times: user=0.00 sys=0.00, real=0.00 secs] 
756.777: [GC (Allocation Failure) [PSYoungGen: 59808K->1376K(60416K)] 425932K->367500K(588288K), 0.0022609 secs] [Times: user=0.01 sys=0.00, real=0.00 secs] 
757.285: [GC (Allocation Failure) [PSYoungGen: 59744K->1408K(60416K)] 425868K->367532K(588288K), 0.0022099 secs] [Times: user=0.01 sys=0.00, real=0.00 secs] 
757.750: [GC (Allocation Failure) [PSYoungGen: 59776K->1376K(60416K)] 425900K->367500K(588288K), 0.0027171 secs] [Times: user=0.01 sys=0.00, real=0.00 secs] 
758.364: [GC (Allocation Failure) [PSYoungGen: 59744K->1376K(60416K)] 425868K->367500K(588288K), 0.0025930 secs] [Times: user=0.01 sys=0.00, real=0.00 secs] 
759.654: [GC (Allocation Failure) [PSYoungGen: 59744K->1440K(60416K)] 425868K->367564K(588288K), 0.0027411 secs] [Times: user=0.01 sys=0.00, real=0.00 secs] 
759.900: [GC (Allocation Failure) [PSYoungGen: 59808K->1408K(60416K)] 425932K->367532K(588288K), 0.0020226 secs] [Times: user=0.01 sys=0.01, real=0.00 secs] 
760.208: [GC (Allocation Failure) [PSYoungGen: 59776K->1376K(60416K)] 425900K->367500K(588288K), 0.0020716 secs] [Times: user=0.01 sys=0.00, real=0.00 secs] 
760.504: [GC (Allocation Failure) [PSYoungGen: 59744K->1376K(60416K)] 425868K->367500K(588288K), 0.0019922 secs] [Times: user=0.00 sys=0.01, real=0.00 secs] 
760.748: [GC (Allocation Failure) [PSYoungGen: 59744K->1376K(60416K)] 425868K->367500K(588288K), 0.0019248 secs] [Times: user=0.01 sys=0.00, real=0.00 secs] 
762.023: [GC (Allocation Failure) [PSYoungGen: 59744K->1440K(60416K)] 425868K->367588K(588288K), 0.0018356 secs] [Times: user=0.00 sys=0.00, real=0.01 secs] 
762.592: [GC (Allocation Failure) [PSYoungGen: 59808K->1376K(60416K)] 425956K->367524K(588288K), 0.0019100 secs] [Times: user=0.01 sys=0.00, real=0.01 secs] 
762.924: [GC (Allocation Failure) [PSYoungGen: 59744K->1408K(60416K)] 425892K->367580K(588288K), 0.0019851 secs] [Times: user=0.00 sys=0.00, real=0.01 secs] 
763.331: [GC (Allocation Failure) [PSYoungGen: 59776K->1392K(59904K)] 425948K->367564K(587776K), 0.0023073 secs] [Times: user=0.01 sys=0.00, real=0.01 secs] 
763.917: [GC (Allocation Failure) [PSYoungGen: 59756K->1312K(59904K)] 425928K->367484K(587776K), 0.0025079 secs] [Times: user=0.01 sys=0.00, real=0.00 secs] 
765.322: [GC (Allocation Failure) [PSYoungGen: 59680K->352K(59392K)] 425852K->367548K(587264K), 0.0022233 secs] [Times: user=0.00 sys=0.00, real=0.01 secs] 
765.723: [GC (Allocation Failure) [PSYoungGen: 58720K->352K(60416K)] 425916K->367548K(588288K), 0.0020129 secs] [Times: user=0.01 sys=0.00, real=0.01 secs] 
765.966: [GC (Allocation Failure) [PSYoungGen: 58720K->352K(60416K)] 425916K->367548K(588288K), 0.0020558 secs] [Times: user=0.01 sys=0.00, real=0.00 secs] 
766.211: [GC (Allocation Failure) [PSYoungGen: 58720K->384K(60416K)] 425916K->367580K(588288K), 0.0019245 secs] [Times: user=0.01 sys=0.00, real=0.00 secs] 
767.223: [GC (Allocation Failure) [PSYoungGen: 58752K->1920K(59904K)] 425948K->369628K(587776K), 0.0017712 secs] [Times: user=0.00 sys=0.00, real=0.01 secs] 
767.802: [GC (Allocation Failure) [PSYoungGen: 59776K->1392K(60416K)] 427484K->369108K(588288K), 0.0027399 secs] [Times: user=0.01 sys=0.00, real=0.01 secs] 
768.311: [GC (Allocation Failure) [PSYoungGen: 59248K->1376K(60416K)] 426964K->369092K(588288K), 0.0030675 secs] [Times: user=0.02 sys=0.00, real=0.01 secs] 
768.702: [GC (Allocation Failure) [PSYoungGen: 59232K->1424K(60416K)] 426948K->369140K(588288K), 0.0023320 secs] [Times: user=0.01 sys=0.00, real=0.01 secs] 
768.940: [GC (Allocation Failure) [PSYoungGen: 59280K->1408K(60416K)] 426996K->369124K(588288K), 0.0021727 secs] [Times: user=0.01 sys=0.00, real=0.00 secs] 
770.178: [GC (Allocation Failure) [PSYoungGen: 59264K->1440K(60416K)] 426980K->369156K(588288K), 0.0019360 secs] [Times: user=0.01 sys=0.00, real=0.00 secs] 
770.656: [GC (Allocation Failure) [PSYoungGen: 59296K->1360K(60416K)] 427012K->369084K(588288K), 0.0019873 secs] [Times: user=0.00 sys=0.00, real=0.00 secs] 
771.095: [GC (Allocation Failure) [PSYoungGen: 59216K->1344K(59392K)] 426940K->369068K(587264K), 0.0030993 secs] [Times: user=0.02 sys=0.00, real=0.00 secs] 
771.547: [GC (Allocation Failure) [PSYoungGen: 59200K->1440K(59904K)] 426924K->369164K(587776K), 0.0026624 secs] [Times: user=0.01 sys=0.00, real=0.00 secs] 
771.988: [GC (Allocation Failure) [PSYoungGen: 59296K->1344K(59904K)] 427020K->369068K(587776K), 0.0038947 secs] [Times: user=0.02 sys=0.00, real=0.00 secs] 
773.311: [GC (Allocation Failure) [PSYoungGen: 59200K->1408K(59904K)] 426924K->369132K(587776K), 0.0017181 secs] [Times: user=0.01 sys=0.00, real=0.00 secs] 
774.569: [GC (Allocation Failure) [PSYoungGen: 59264K->1408K(59904K)] 426988K->369140K(587776K), 0.0039272 secs] [Times: user=0.01 sys=0.00, real=0.00 secs] 
775.480: [GC (Allocation Failure) [PSYoungGen: 59264K->1408K(59904K)] 426996K->369140K(587776K), 0.0044157 secs] [Times: user=0.01 sys=0.00, real=0.01 secs] 
776.162: [GC (Allocation Failure) [PSYoungGen: 59264K->1408K(59904K)] 426996K->369140K(587776K), 0.0039295 secs] [Times: user=0.02 sys=0.00, real=0.01 secs] 
776.686: [GC (Allocation Failure) [PSYoungGen: 59264K->1344K(59904K)] 426996K->369076K(587776K), 0.0029943 secs] [Times: user=0.02 sys=0.00, real=0.00 secs] 
777.861: [GC (Allocation Failure) [PSYoungGen: 59200K->1472K(59904K)] 426932K->369204K(587776K), 0.0018560 secs] [Times: user=0.01 sys=0.00, real=0.00 secs] 
778.167: [GC (Allocation Failure) [PSYoungGen: 59328K->1360K(59904K)] 427060K->369092K(587776K), 0.0018685 secs] [Times: user=0.01 sys=0.00, real=0.00 secs] 
778.428: [GC (Allocation Failure) [PSYoungGen: 59216K->1408K(59904K)] 426948K->369140K(587776K), 0.0018567 secs] [Times: user=0.01 sys=0.00, real=0.00 secs] 
778.693: [GC (Allocation Failure) [PSYoungGen: 59264K->1408K(59904K)] 426996K->369140K(587776K), 0.0018673 secs] [Times: user=0.00 sys=0.00, real=0.01 secs] 
779.034: [GC (Allocation Failure) [PSYoungGen: 59264K->1408K(59904K)] 426996K->369140K(587776K), 0.0020145 secs] [Times: user=0.01 sys=0.00, real=0.00 secs] 
780.589: [GC (Allocation Failure) [PSYoungGen: 59264K->1440K(59904K)] 426996K->369172K(587776K), 0.0029342 secs] [Times: user=0.01 sys=0.00, real=0.00 secs] 
781.089: [GC (Allocation Failure) [PSYoungGen: 59296K->1408K(59904K)] 427028K->369140K(587776K), 0.0031090 secs] [Times: user=0.01 sys=0.01, real=0.00 secs] 
781.513: [GC (Allocation Failure) [PSYoungGen: 59264K->1376K(59904K)] 426996K->369108K(587776K), 0.0019437 secs] [Times: user=0.01 sys=0.00, real=0.01 secs] 
781.753: [GC (Allocation Failure) [PSYoungGen: 59232K->1408K(59904K)] 426964K->369140K(587776K), 0.0020616 secs] [Times: user=0.01 sys=0.00, real=0.01 secs] 
782.018: [GC (Allocation Failure) [PSYoungGen: 59264K->1408K(59904K)] 426996K->369140K(587776K), 0.0020536 secs] [Times: user=0.01 sys=0.00, real=0.00 secs] 
783.513: [GC (Allocation Failure) [PSYoungGen: 59264K->1472K(59904K)] 426996K->369228K(587776K), 0.0027137 secs] [Times: user=0.01 sys=0.00, real=0.01 secs] 
783.951: [GC (Allocation Failure) [PSYoungGen: 59328K->1376K(59904K)] 427084K->369140K(587776K), 0.0023097 secs] [Times: user=0.01 sys=0.00, real=0.00 secs] 
784.266: [GC (Allocation Failure) [PSYoungGen: 59232K->1408K(59904K)] 426996K->369172K(587776K), 0.0019982 secs] [Times: user=0.00 sys=0.00, real=0.00 secs] 
784.520: [GC (Allocation Failure) [PSYoungGen: 59264K->1408K(59904K)] 427028K->369172K(587776K), 0.0020378 secs] [Times: user=0.01 sys=0.00, real=0.00 secs] 
784.765: [GC (Allocation Failure) [PSYoungGen: 59264K->1424K(59904K)] 427028K->369188K(587776K), 0.0020225 secs] [Times: user=0.01 sys=0.00, real=0.00 secs] 
786.532: [GC (Allocation Failure) [PSYoungGen: 59280K->1472K(59904K)] 427044K->369244K(587776K), 0.0043929 secs] [Times: user=0.02 sys=0.00, real=0.01 secs] 
787.403: [GC (Allocation Failure) [PSYoungGen: 59328K->1408K(59904K)] 427100K->369180K(587776K), 0.0036158 secs] [Times: user=0.01 sys=0.00, real=0.01 secs] 
787.991: [GC (Allocation Failure) [PSYoungGen: 59264K->1376K(59904K)] 427036K->369148K(587776K), 0.0028982 secs] [Times: user=0.02 sys=0.01, real=0.01 secs] 
788.307: [GC (Allocation Failure) [PSYoungGen: 59232K->1392K(59904K)] 427004K->369164K(587776K), 0.0021404 secs] [Times: user=0.01 sys=0.00, real=0.00 secs] 
788.688: [GC (Allocation Failure) [PSYoungGen: 59248K->1341K(59904K)] 427020K->369113K(587776K), 0.0013251 secs] [Times: user=0.00 sys=0.00, real=0.00 secs] 
789.468: [GC (Allocation Failure) [PSYoungGen: 59197K->1440K(59904K)] 426969K->369212K(587776K), 0.0019217 secs] [Times: user=0.01 sys=0.00, real=0.00 secs] 
789.709: [GC (Allocation Failure) [PSYoungGen: 59296K->1376K(59392K)] 427068K->369148K(587264K), 0.0019684 secs] [Times: user=0.00 sys=0.00, real=0.00 secs] 
789.982: [GC (Allocation Failure) [PSYoungGen: 59232K->1424K(59392K)] 427004K->369196K(587264K), 0.0023693 secs] [Times: user=0.01 sys=0.00, real=0.01 secs] 
790.225: [GC (Allocation Failure) [PSYoungGen: 59280K->352K(58880K)] 427052K->369148K(586752K), 0.0022445 secs] [Times: user=0.01 sys=0.00, real=0.00 secs] 
791.314: [GC (Allocation Failure) [PSYoungGen: 58208K->1952K(59904K)] 427004K->370748K(587776K), 0.0018293 secs] [Times: user=0.01 sys=0.00, real=0.00 secs] 
792.171: [GC (Allocation Failure) [PSYoungGen: 59808K->1376K(59904K)] 428604K->370180K(587776K), 0.0035479 secs] [Times: user=0.02 sys=0.00, real=0.01 secs] 
792.952: [GC (Allocation Failure) [PSYoungGen: 59232K->1376K(59904K)] 428036K->370180K(587776K), 0.0038370 secs] [Times: user=0.02 sys=0.00, real=0.01 secs] 
793.670: [GC (Allocation Failure) [PSYoungGen: 59232K->1408K(59904K)] 428036K->370212K(587776K), 0.0038636 secs] [Times: user=0.01 sys=0.00, real=0.01 secs] 
794.284: [GC (Allocation Failure) [PSYoungGen: 59264K->1376K(59904K)] 428068K->370188K(587776K), 0.0032524 secs] [Times: user=0.01 sys=0.00, real=0.00 secs] 
795.561: [GC (Allocation Failure) [PSYoungGen: 59232K->1440K(59904K)] 428044K->370260K(587776K), 0.0019192 secs] [Times: user=0.01 sys=0.00, real=0.00 secs] 
796.239: [GC (Allocation Failure) [PSYoungGen: 59296K->1408K(59904K)] 428116K->370228K(587776K), 0.0021892 secs] [Times: user=0.01 sys=0.00, real=0.00 secs] 
797.064: [GC (Allocation Failure) [PSYoungGen: 59264K->1408K(59904K)] 428084K->370228K(587776K), 0.0032507 secs] [Times: user=0.01 sys=0.00, real=0.00 secs] 
797.775: [GC (Allocation Failure) [PSYoungGen: 59264K->1408K(59904K)] 428084K->370228K(587776K), 0.0028195 secs] [Times: user=0.01 sys=0.00, real=0.00 secs] 
798.357: [GC (Allocation Failure) [PSYoungGen: 59264K->1424K(59904K)] 428084K->370244K(587776K), 0.0025751 secs] [Times: user=0.01 sys=0.00, real=0.00 secs] 
799.765: [GC (Allocation Failure) [PSYoungGen: 59280K->1440K(59904K)] 428100K->370260K(587776K), 0.0019518 secs] [Times: user=0.01 sys=0.00, real=0.00 secs] 
800.371: [GC (Allocation Failure) [PSYoungGen: 59296K->1408K(59904K)] 428116K->370228K(587776K), 0.0040050 secs] [Times: user=0.01 sys=0.00, real=0.01 secs] 
800.684: [GC (Allocation Failure) [PSYoungGen: 59264K->1376K(59904K)] 428084K->370196K(587776K), 0.0028191 secs] [Times: user=0.01 sys=0.00, real=0.00 secs] 
800.944: [GC (Allocation Failure) [PSYoungGen: 59232K->1424K(59904K)] 428052K->370244K(587776K), 0.0019711 secs] [Times: user=0.01 sys=0.00, real=0.00 secs] 
801.277: [GC (Allocation Failure) [PSYoungGen: 59280K->1376K(59904K)] 428100K->370196K(587776K), 0.0018536 secs] [Times: user=0.01 sys=0.00, real=0.00 secs] 
802.741: [GC (Allocation Failure) [PSYoungGen: 59232K->1440K(59904K)] 428052K->370260K(587776K), 0.0027416 secs] [Times: user=0.01 sys=0.00, real=0.01 secs] 
802.998: [GC (Allocation Failure) [PSYoungGen: 59296K->1376K(59904K)] 428116K->370196K(587776K), 0.0021006 secs] [Times: user=0.01 sys=0.00, real=0.00 secs] 
803.249: [GC (Allocation Failure) [PSYoungGen: 59232K->1376K(59904K)] 428052K->370196K(587776K), 0.0021266 secs] [Times: user=0.01 sys=0.00, real=0.00 secs] 
803.706: [GC (Allocation Failure) [PSYoungGen: 59232K->1408K(59904K)] 428052K->370228K(587776K), 0.0022136 secs] [Times: user=0.01 sys=0.00, real=0.00 secs] 
804.119: [GC (Allocation Failure) [PSYoungGen: 59264K->1440K(59904K)] 428084K->370260K(587776K), 0.0027141 secs] [Times: user=0.01 sys=0.00, real=0.00 secs] 
805.313: [GC (Allocation Failure) [PSYoungGen: 59296K->1408K(59392K)] 428116K->370236K(587264K), 0.0021121 secs] [Times: user=0.01 sys=0.00, real=0.01 secs] 
805.764: [GC (Allocation Failure) [PSYoungGen: 59264K->1376K(59392K)] 428092K->370204K(587264K), 0.0030196 secs] [Times: user=0.01 sys=0.00, real=0.00 secs] 
806.261: [GC (Allocation Failure) [PSYoungGen: 59232K->1440K(59392K)] 428060K->370268K(587264K), 0.0032336 secs] [Times: user=0.01 sys=0.01, real=0.01 secs] 
806.692: [GC (Allocation Failure) [PSYoungGen: 59296K->1440K(59392K)] 428124K->370268K(587264K), 0.0033075 secs] [Times: user=0.01 sys=0.00, real=0.01 secs] 
807.175: [GC (Allocation Failure) [PSYoungGen: 59296K->1376K(59392K)] 428124K->370204K(587264K), 0.0023758 secs] [Times: user=0.01 sys=0.00, real=0.00 secs] 
809.427: [GC (Allocation Failure) [PSYoungGen: 59232K->1408K(59392K)] 428060K->370236K(587264K), 0.0037918 secs] [Times: user=0.01 sys=0.00, real=0.00 secs] 
809.706: [GC (Allocation Failure) [PSYoungGen: 59264K->1344K(59392K)] 428092K->370172K(587264K), 0.0021248 secs] [Times: user=0.01 sys=0.01, real=0.00 secs] 
809.967: [GC (Allocation Failure) [PSYoungGen: 59200K->1376K(59392K)] 428028K->370204K(587264K), 0.0019138 secs] [Times: user=0.01 sys=0.00, real=0.00 secs] 
810.208: [GC (Allocation Failure) [PSYoungGen: 59232K->1392K(59392K)] 428060K->370220K(587264K), 0.0019876 secs] [Times: user=0.01 sys=0.00, real=0.00 secs] 
810.450: [GC (Allocation Failure) [PSYoungGen: 59248K->1376K(59392K)] 428076K->370204K(587264K), 0.0020482 secs] [Times: user=0.00 sys=0.00, real=0.00 secs] 
811.412: [GC (Allocation Failure) [PSYoungGen: 59232K->1440K(59392K)] 428060K->370268K(587264K), 0.0017081 secs] [Times: user=0.01 sys=0.00, real=0.01 secs] 
811.652: [GC (Allocation Failure) [PSYoungGen: 59296K->1408K(59392K)] 428124K->370236K(587264K), 0.0016311 secs] [Times: user=0.01 sys=0.00, real=0.01 secs] 
811.892: [GC (Allocation Failure) [PSYoungGen: 59264K->1408K(59392K)] 428092K->370236K(587264K), 0.0015853 secs] [Times: user=0.00 sys=0.00, real=0.00 secs] 
812.158: [GC (Allocation Failure) [PSYoungGen: 59264K->1440K(59392K)] 428092K->370268K(587264K), 0.0021858 secs] [Times: user=0.01 sys=0.00, real=0.00 secs] 
812.399: [GC (Allocation Failure) [PSYoungGen: 59296K->1440K(59392K)] 428124K->370268K(587264K), 0.0020032 secs] [Times: user=0.01 sys=0.00, real=0.00 secs] 
813.816: [GC (Allocation Failure) [PSYoungGen: 59296K->1472K(59392K)] 428124K->370308K(587264K), 0.0023010 secs] [Times: user=0.01 sys=0.00, real=0.00 secs] 
814.259: [GC (Allocation Failure) [PSYoungGen: 59328K->1344K(59392K)] 428164K->370180K(587264K), 0.0039663 secs] [Times: user=0.01 sys=0.00, real=0.00 secs] 
814.978: [GC (Allocation Failure) [PSYoungGen: 59200K->1424K(59392K)] 428036K->370260K(587264K), 0.0031236 secs] [Times: user=0.01 sys=0.00, real=0.00 secs] 
815.592: [GC (Allocation Failure) [PSYoungGen: 59280K->1344K(59392K)] 428116K->370180K(587264K), 0.0031344 secs] [Times: user=0.02 sys=0.00, real=0.01 secs] 
817.074: [GC (Allocation Failure) [PSYoungGen: 58982K->1504K(58880K)] 427819K->370364K(586752K), 0.0017032 secs] [Times: user=0.00 sys=0.00, real=0.00 secs] 
817.554: [GC (Allocation Failure) [PSYoungGen: 58848K->1392K(58880K)] 427708K->370252K(586752K), 0.0021852 secs] [Times: user=0.01 sys=0.00, real=0.00 secs] 
817.800: [GC (Allocation Failure) [PSYoungGen: 58736K->1424K(58880K)] 427596K->370284K(586752K), 0.0020921 secs] [Times: user=0.01 sys=0.00, real=0.00 secs] 
818.411: [GC (Allocation Failure) [PSYoungGen: 58768K->1408K(58880K)] 427628K->370268K(586752K), 0.0026355 secs] [Times: user=0.01 sys=0.00, real=0.00 secs] 
819.077: [GC (Allocation Failure) [PSYoungGen: 58752K->1376K(58880K)] 427612K->370236K(586752K), 0.0029289 secs] [Times: user=0.01 sys=0.00, real=0.00 secs] 
820.584: [GC (Allocation Failure) [PSYoungGen: 58720K->928K(58880K)] 427580K->370812K(586752K), 0.0020753 secs] [Times: user=0.01 sys=0.00, real=0.00 secs] 
820.887: [GC (Allocation Failure) [PSYoungGen: 58272K->384K(59392K)] 428156K->370268K(587264K), 0.0021112 secs] [Times: user=0.01 sys=0.00, real=0.00 secs] 
821.126: [GC (Allocation Failure) [PSYoungGen: 57728K->352K(59392K)] 427612K->370236K(587264K), 0.0019352 secs] [Times: user=0.00 sys=0.00, real=0.00 secs] 
821.364: [GC (Allocation Failure) [PSYoungGen: 57696K->320K(59392K)] 427580K->370204K(587264K), 0.0020267 secs] [Times: user=0.01 sys=0.00, real=0.00 secs] 
821.667: [GC (Allocation Failure) [PSYoungGen: 57664K->320K(59392K)] 427548K->370204K(587264K), 0.0026038 secs] [Times: user=0.01 sys=0.00, real=0.00 secs] 
822.860: [GC (Allocation Failure) [PSYoungGen: 57664K->1472K(59392K)] 427548K->371356K(587264K), 0.0019114 secs] [Times: user=0.01 sys=0.00, real=0.00 secs] 
823.414: [GC (Allocation Failure) [PSYoungGen: 58816K->1408K(59392K)] 428700K->371292K(587264K), 0.0040245 secs] [Times: user=0.02 sys=0.00, real=0.00 secs] 
823.866: [GC (Allocation Failure) [PSYoungGen: 58752K->1408K(59904K)] 428636K->371292K(587776K), 0.0022633 secs] [Times: user=0.01 sys=0.00, real=0.00 secs] 
824.346: [GC (Allocation Failure) [PSYoungGen: 58752K->1344K(59904K)] 428636K->371236K(587776K), 0.0038389 secs] [Times: user=0.02 sys=0.00, real=0.00 secs] 
824.830: [GC (Allocation Failure) [PSYoungGen: 58688K->1440K(59904K)] 428580K->371332K(587776K), 0.0021130 secs] [Times: user=0.01 sys=0.00, real=0.00 secs] 
826.121: [GC (Allocation Failure) [PSYoungGen: 58784K->1440K(59904K)] 428676K->371356K(587776K), 0.0018363 secs] [Times: user=0.01 sys=0.00, real=0.00 secs] 
826.682: [GC (Allocation Failure) [PSYoungGen: 58784K->1440K(59904K)] 428700K->371356K(587776K), 0.0034084 secs] [Times: user=0.01 sys=0.00, real=0.01 secs] 
827.072: [GC (Allocation Failure) [PSYoungGen: 58784K->1408K(59904K)] 428700K->371324K(587776K), 0.0021559 secs] [Times: user=0.01 sys=0.00, real=0.01 secs] 
827.310: [GC (Allocation Failure) [PSYoungGen: 58752K->1376K(58880K)] 428668K->371292K(586752K), 0.0020728 secs] [Times: user=0.00 sys=0.00, real=0.00 secs] 
827.602: [GC (Allocation Failure) [PSYoungGen: 58720K->1376K(59392K)] 428636K->371292K(587264K), 0.0019151 secs] [Times: user=0.01 sys=0.00, real=0.01 secs] 
828.753: [GC (Allocation Failure) [PSYoungGen: 58720K->1408K(59392K)] 428636K->371324K(587264K), 0.0021132 secs] [Times: user=0.01 sys=0.00, real=0.01 secs] 
829.601: [GC (Allocation Failure) [PSYoungGen: 58752K->1408K(59392K)] 428668K->371324K(587264K), 0.0021974 secs] [Times: user=0.01 sys=0.00, real=0.00 secs] 
830.275: [GC (Allocation Failure) [PSYoungGen: 58752K->1376K(59392K)] 428668K->371292K(587264K), 0.0022790 secs] [Times: user=0.00 sys=0.00, real=0.00 secs] 
831.404: [GC (Allocation Failure) [PSYoungGen: 58720K->1440K(59392K)] 428636K->371356K(587264K), 0.0042170 secs] [Times: user=0.02 sys=0.00, real=0.00 secs] 
831.896: [GC (Allocation Failure) [PSYoungGen: 58784K->1376K(59392K)] 428700K->371292K(587264K), 0.0031991 secs] [Times: user=0.02 sys=0.00, real=0.00 secs] 
833.120: [GC (Allocation Failure) [PSYoungGen: 58720K->1472K(59392K)] 428636K->371396K(587264K), 0.0017945 secs] [Times: user=0.01 sys=0.00, real=0.00 secs] 
833.817: [GC (Allocation Failure) [PSYoungGen: 58816K->1440K(59392K)] 428740K->371364K(587264K), 0.0022989 secs] [Times: user=0.01 sys=0.00, real=0.00 secs] 
834.381: [GC (Allocation Failure) [PSYoungGen: 58784K->1376K(59392K)] 428708K->371300K(587264K), 0.0027611 secs] [Times: user=0.01 sys=0.00, real=0.00 secs] 
834.851: [GC (Allocation Failure) [PSYoungGen: 58720K->1408K(59392K)] 428644K->371332K(587264K), 0.0027653 secs] [Times: user=0.02 sys=0.01, real=0.00 secs] 
835.398: [GC (Allocation Failure) [PSYoungGen: 58752K->1376K(59392K)] 428676K->371308K(587264K), 0.0039833 secs] [Times: user=0.02 sys=0.00, real=0.00 secs] 
836.773: [GC (Allocation Failure) [PSYoungGen: 58720K->1424K(59392K)] 428652K->371364K(587264K), 0.0037577 secs] [Times: user=0.02 sys=0.00, real=0.01 secs] 
837.161: [GC (Allocation Failure) [PSYoungGen: 58768K->1376K(59392K)] 428708K->371316K(587264K), 0.0024712 secs] [Times: user=0.01 sys=0.00, real=0.01 secs] 
837.559: [GC (Allocation Failure) [PSYoungGen: 58720K->1376K(59392K)] 428660K->371316K(587264K), 0.0024924 secs] [Times: user=0.01 sys=0.00, real=0.00 secs] 
838.139: [GC (Allocation Failure) [PSYoungGen: 58720K->1424K(59392K)] 428660K->371364K(587264K), 0.0025026 secs] [Times: user=0.01 sys=0.00, real=0.00 secs] 
838.810: [GC (Allocation Failure) [PSYoungGen: 58768K->1408K(59392K)] 428708K->371348K(587264K), 0.0022487 secs] [Times: user=0.01 sys=0.00, real=0.00 secs] 
840.598: [GC (Allocation Failure) [PSYoungGen: 58752K->1440K(59392K)] 428692K->371388K(587264K), 0.0033375 secs] [Times: user=0.01 sys=0.00, real=0.00 secs] 
841.034: [GC (Allocation Failure) [PSYoungGen: 58784K->1408K(59392K)] 428732K->371356K(587264K), 0.0023992 secs] [Times: user=0.01 sys=0.00, real=0.01 secs] 
841.610: [GC (Allocation Failure) [PSYoungGen: 58752K->1440K(59392K)] 428700K->371388K(587264K), 0.0030644 secs] [Times: user=0.02 sys=0.00, real=0.00 secs] 
842.272: [GC (Allocation Failure) [PSYoungGen: 58784K->1408K(59392K)] 428732K->371356K(587264K), 0.0032572 secs] [Times: user=0.02 sys=0.00, real=0.01 secs] 
842.910: [GC (Allocation Failure) [PSYoungGen: 58752K->1440K(59392K)] 428700K->371388K(587264K), 0.0032662 secs] [Times: user=0.01 sys=0.01, real=0.00 secs] 
844.277: [GC (Allocation Failure) [PSYoungGen: 58784K->1440K(59392K)] 428732K->371396K(587264K), 0.0020397 secs] [Times: user=0.01 sys=0.00, real=0.00 secs] 
844.901: [GC (Allocation Failure) [PSYoungGen: 58784K->1440K(59392K)] 428740K->371396K(587264K), 0.0032135 secs] [Times: user=0.01 sys=0.00, real=0.01 secs] 
845.459: [GC (Allocation Failure) [PSYoungGen: 58784K->1408K(59392K)] 428740K->371364K(587264K), 0.0035287 secs] [Times: user=0.01 sys=0.00, real=0.00 secs] 
845.868: [GC (Allocation Failure) [PSYoungGen: 58752K->1440K(59392K)] 428708K->371404K(587264K), 0.0027294 secs] [Times: user=0.01 sys=0.00, real=0.00 secs] 
846.252: [GC (Allocation Failure) [PSYoungGen: 58784K->1408K(59392K)] 428748K->371372K(587264K), 0.0027715 secs] [Times: user=0.01 sys=0.00, real=0.01 secs] 
847.328: [GC (Allocation Failure) [PSYoungGen: 58752K->1456K(59392K)] 428716K->371420K(587264K), 0.0019521 secs] [Times: user=0.00 sys=0.00, real=0.00 secs] 
847.629: [GC (Allocation Failure) [PSYoungGen: 58800K->1392K(59392K)] 428764K->371356K(587264K), 0.0016428 secs] [Times: user=0.01 sys=0.00, real=0.00 secs] 
848.088: [GC (Allocation Failure) [PSYoungGen: 58736K->1424K(59392K)] 428700K->371388K(587264K), 0.0019656 secs] [Times: user=0.01 sys=0.00, real=0.00 secs] 
848.577: [GC (Allocation Failure) [PSYoungGen: 58768K->1344K(59392K)] 428732K->371308K(587264K), 0.0020335 secs] [Times: user=0.01 sys=0.00, real=0.00 secs] 
849.072: [GC (Allocation Failure) [PSYoungGen: 58688K->1408K(58880K)] 428652K->371372K(586752K), 0.0021315 secs] [Times: user=0.01 sys=0.00, real=0.01 secs] 
850.150: [GC (Allocation Failure) [PSYoungGen: 58752K->1440K(58880K)] 428716K->371420K(586752K), 0.0017845 secs] [Times: user=0.01 sys=0.00, real=0.00 secs] 
850.392: [GC (Allocation Failure) [PSYoungGen: 58784K->1440K(58880K)] 428764K->371420K(586752K), 0.0018072 secs] [Times: user=0.01 sys=0.00, real=0.01 secs] 
850.652: [GC (Allocation Failure) [PSYoungGen: 58784K->1408K(58880K)] 428764K->371388K(586752K), 0.0018473 secs] [Times: user=0.01 sys=0.00, real=0.01 secs] 
851.064: [GC (Allocation Failure) [PSYoungGen: 58752K->1392K(58880K)] 428732K->371372K(586752K), 0.0020137 secs] [Times: user=0.01 sys=0.00, real=0.00 secs] 
851.481: [GC (Allocation Failure) [PSYoungGen: 58736K->1408K(58880K)] 428716K->371388K(586752K), 0.0022231 secs] [Times: user=0.00 sys=0.00, real=0.00 secs] 
853.044: [GC (Allocation Failure) [PSYoungGen: 58752K->1408K(58880K)] 428732K->371396K(586752K), 0.0024476 secs] [Times: user=0.01 sys=0.00, real=0.00 secs] 
853.868: [GC (Allocation Failure) [PSYoungGen: 58752K->1440K(58880K)] 428740K->371436K(586752K), 0.0040198 secs] [Times: user=0.02 sys=0.00, real=0.00 secs] 
854.605: [GC (Allocation Failure) [PSYoungGen: 58784K->1440K(58880K)] 428780K->371436K(586752K), 0.0032929 secs] [Times: user=0.01 sys=0.00, real=0.00 secs] 
855.219: [GC (Allocation Failure) [PSYoungGen: 58784K->1408K(58880K)] 428780K->371404K(586752K), 0.0032705 secs] [Times: user=0.01 sys=0.00, real=0.00 secs] 
855.961: [GC (Allocation Failure) [PSYoungGen: 58752K->1392K(58880K)] 428748K->371388K(586752K), 0.0034444 secs] [Times: user=0.02 sys=0.00, real=0.01 secs] 
857.886: [GC (Allocation Failure) [PSYoungGen: 58736K->1424K(58880K)] 428732K->371428K(586752K), 0.0042484 secs] [Times: user=0.01 sys=0.00, real=0.00 secs] 
858.376: [GC (Allocation Failure) [PSYoungGen: 58768K->1440K(58880K)] 428772K->371444K(586752K), 0.0027585 secs] [Times: user=0.01 sys=0.00, real=0.00 secs] 
858.921: [GC (Allocation Failure) [PSYoungGen: 58784K->1376K(58880K)] 428788K->371388K(586752K), 0.0028153 secs] [Times: user=0.01 sys=0.00, real=0.01 secs] 
859.382: [GC (Allocation Failure) [PSYoungGen: 58720K->1408K(58880K)] 428732K->371428K(586752K), 0.0021354 secs] [Times: user=0.01 sys=0.00, real=0.00 secs] 
860.609: [GC (Allocation Failure) [PSYoungGen: 58665K->288K(58368K)] 428686K->370316K(586240K), 0.0015777 secs] [Times: user=0.01 sys=0.00, real=0.00 secs] 
860.931: [GC (Allocation Failure) [PSYoungGen: 57120K->1424K(58880K)] 427148K->371476K(586752K), 0.0016313 secs] [Times: user=0.01 sys=0.00, real=0.00 secs] 
861.167: [GC (Allocation Failure) [PSYoungGen: 58256K->1392K(58880K)] 428308K->371444K(586752K), 0.0020360 secs] [Times: user=0.00 sys=0.00, real=0.00 secs] 
861.402: [GC (Allocation Failure) [PSYoungGen: 58224K->1408K(58880K)] 428276K->371460K(586752K), 0.0014891 secs] [Times: user=0.00 sys=0.00, real=0.01 secs] 
861.651: [GC (Allocation Failure) [PSYoungGen: 58240K->1408K(58880K)] 428292K->371460K(586752K), 0.0020279 secs] [Times: user=0.01 sys=0.00, real=0.00 secs] 
862.791: [GC (Allocation Failure) [PSYoungGen: 58240K->1504K(58880K)] 428292K->371556K(586752K), 0.0017807 secs] [Times: user=0.01 sys=0.00, real=0.00 secs] 
863.023: [GC (Allocation Failure) [PSYoungGen: 58336K->1408K(58880K)] 428388K->371460K(586752K), 0.0017881 secs] [Times: user=0.01 sys=0.00, real=0.01 secs] 
863.281: [GC (Allocation Failure) [PSYoungGen: 58240K->1376K(58880K)] 428292K->371428K(586752K), 0.0018173 secs] [Times: user=0.01 sys=0.00, real=0.00 secs] 
863.589: [GC (Allocation Failure) [PSYoungGen: 58208K->1440K(58880K)] 428260K->371516K(586752K), 0.0020059 secs] [Times: user=0.01 sys=0.00, real=0.00 secs] 
864.011: [GC (Allocation Failure) [PSYoungGen: 58272K->1408K(58880K)] 428348K->371484K(586752K), 0.0029074 secs] [Times: user=0.01 sys=0.00, real=0.01 secs] 
865.245: [GC (Allocation Failure) [PSYoungGen: 58240K->1664K(58880K)] 428316K->371740K(586752K), 0.0019789 secs] [Times: user=0.01 sys=0.00, real=0.00 secs] 
865.886: [GC (Allocation Failure) [PSYoungGen: 58496K->1408K(58880K)] 428572K->371484K(586752K), 0.0039069 secs] [Times: user=0.02 sys=0.00, real=0.00 secs] 
866.410: [GC (Allocation Failure) [PSYoungGen: 58240K->1408K(58880K)] 428316K->371484K(586752K), 0.0033666 secs] [Times: user=0.01 sys=0.00, real=0.00 secs] 
866.992: [GC (Allocation Failure) [PSYoungGen: 58240K->1408K(58880K)] 428316K->371484K(586752K), 0.0027480 secs] [Times: user=0.01 sys=0.00, real=0.01 secs] 
867.713: [GC (Allocation Failure) [PSYoungGen: 58240K->1344K(58880K)] 428316K->371420K(586752K), 0.0026349 secs] [Times: user=0.01 sys=0.00, real=0.01 secs] 
869.416: [GC (Allocation Failure) [PSYoungGen: 58176K->1664K(58880K)] 428252K->371748K(586752K), 0.0026002 secs] [Times: user=0.01 sys=0.00, real=0.00 secs] 
870.201: [GC (Allocation Failure) [PSYoungGen: 58496K->1408K(58880K)] 428580K->371508K(586752K), 0.0020888 secs] [Times: user=0.01 sys=0.00, real=0.00 secs] 
870.438: [GC (Allocation Failure) [PSYoungGen: 58240K->1344K(58880K)] 428340K->371444K(586752K), 0.0017941 secs] [Times: user=0.01 sys=0.00, real=0.00 secs] 
870.673: [GC (Allocation Failure) [PSYoungGen: 58176K->1376K(58880K)] 428276K->371476K(586752K), 0.0020006 secs] [Times: user=0.00 sys=0.00, real=0.01 secs] 
870.939: [GC (Allocation Failure) [PSYoungGen: 58208K->1376K(58880K)] 428308K->371476K(586752K), 0.0017992 secs] [Times: user=0.01 sys=0.00, real=0.00 secs] 
872.072: [GC (Allocation Failure) [PSYoungGen: 58208K->1952K(58880K)] 428308K->372052K(586752K), 0.0016105 secs] [Times: user=0.01 sys=0.00, real=0.00 secs] 
872.714: [GC (Allocation Failure) [PSYoungGen: 58784K->1360K(58880K)] 428884K->371460K(586752K), 0.0017969 secs] [Times: user=0.01 sys=0.00, real=0.00 secs] 
872.961: [GC (Allocation Failure) [PSYoungGen: 58192K->1360K(58880K)] 428292K->371460K(586752K), 0.0027145 secs] [Times: user=0.01 sys=0.00, real=0.01 secs] 
873.389: [GC (Allocation Failure) [PSYoungGen: 58192K->1376K(58880K)] 428292K->371476K(586752K), 0.0040791 secs] [Times: user=0.02 sys=0.00, real=0.00 secs] 
873.847: [GC (Allocation Failure) [PSYoungGen: 58208K->1408K(58880K)] 428308K->371508K(586752K), 0.0027378 secs] [Times: user=0.01 sys=0.00, real=0.00 secs] 
875.185: [GC (Allocation Failure) [PSYoungGen: 58240K->1952K(58880K)] 428340K->372068K(586752K), 0.0016854 secs] [Times: user=0.00 sys=0.00, real=0.00 secs] 
875.984: [GC (Allocation Failure) [PSYoungGen: 58784K->1376K(58880K)] 428900K->371492K(586752K), 0.0036486 secs] [Times: user=0.02 sys=0.00, real=0.00 secs] 
876.583: [GC (Allocation Failure) [PSYoungGen: 58208K->1408K(58880K)] 428324K->371524K(586752K), 0.0037791 secs] [Times: user=0.02 sys=0.00, real=0.01 secs] 
877.176: [GC (Allocation Failure) [PSYoungGen: 58240K->1376K(58880K)] 428356K->371492K(586752K), 0.0040612 secs] [Times: user=0.02 sys=0.00, real=0.00 secs] 
877.835: [GC (Allocation Failure) [PSYoungGen: 58208K->1440K(58880K)] 428324K->371556K(586752K), 0.0027289 secs] [Times: user=0.01 sys=0.00, real=0.00 secs] 
879.014: [GC (Allocation Failure) [PSYoungGen: 58272K->1408K(58880K)] 428388K->371524K(586752K), 0.0018396 secs] [Times: user=0.01 sys=0.00, real=0.00 secs] 
879.535: [GC (Allocation Failure) [PSYoungGen: 58240K->1440K(58880K)] 428356K->371556K(586752K), 0.0017504 secs] [Times: user=0.01 sys=0.00, real=0.00 secs] 
880.066: [GC (Allocation Failure) [PSYoungGen: 58272K->1408K(58880K)] 428388K->371524K(586752K), 0.0039495 secs] [Times: user=0.01 sys=0.00, real=0.00 secs] 
880.550: [GC (Allocation Failure) [PSYoungGen: 58240K->1440K(58880K)] 428356K->371556K(586752K), 0.0031273 secs] [Times: user=0.01 sys=0.00, real=0.00 secs] 
881.015: [GC (Allocation Failure) [PSYoungGen: 58272K->1408K(58880K)] 428388K->371524K(586752K), 0.0027643 secs] [Times: user=0.02 sys=0.00, real=0.00 secs] 
882.267: [GC (Allocation Failure) [PSYoungGen: 58240K->1408K(58880K)] 428356K->371524K(586752K), 0.0019309 secs] [Times: user=0.01 sys=0.00, real=0.00 secs] 
882.953: [GC (Allocation Failure) [PSYoungGen: 58240K->1408K(58880K)] 428356K->371524K(586752K), 0.0023096 secs] [Times: user=0.01 sys=0.00, real=0.01 secs] 
883.540: [GC (Allocation Failure) [PSYoungGen: 58240K->1408K(58880K)] 428356K->371524K(586752K), 0.0028525 secs] [Times: user=0.02 sys=0.00, real=0.00 secs] 
884.098: [GC (Allocation Failure) [PSYoungGen: 58240K->1440K(58880K)] 428356K->371556K(586752K), 0.0025564 secs] [Times: user=0.01 sys=0.00, real=0.00 secs] 
884.626: [GC (Allocation Failure) [PSYoungGen: 58272K->1408K(58880K)] 428388K->371524K(586752K), 0.0025007 secs] [Times: user=0.01 sys=0.00, real=0.00 secs] 
885.894: [GC (Allocation Failure) [PSYoungGen: 58240K->1456K(58880K)] 428356K->371588K(586752K), 0.0020244 secs] [Times: user=0.01 sys=0.00, real=0.00 secs] 
886.172: [GC (Allocation Failure) [PSYoungGen: 58288K->1424K(58880K)] 428420K->371556K(586752K), 0.0021125 secs] [Times: user=0.01 sys=0.00, real=0.01 secs] 
886.443: [GC (Allocation Failure) [PSYoungGen: 58256K->1344K(58880K)] 428388K->371476K(586752K), 0.0019456 secs] [Times: user=0.00 sys=0.00, real=0.01 secs] 
886.713: [GC (Allocation Failure) [PSYoungGen: 58176K->1424K(58880K)] 428308K->371556K(586752K), 0.0020000 secs] [Times: user=0.00 sys=0.00, real=0.01 secs] 
886.951: [GC (Allocation Failure) [PSYoungGen: 58256K->1408K(58880K)] 428388K->371540K(586752K), 0.0020674 secs] [Times: user=0.01 sys=0.00, real=0.00 secs] 
888.892: [GC (Allocation Failure) [PSYoungGen: 58240K->1376K(58880K)] 428372K->371508K(586752K), 0.0041120 secs] [Times: user=0.02 sys=0.00, real=0.01 secs] 
889.817: [GC (Allocation Failure) [PSYoungGen: 58208K->1440K(58880K)] 428340K->371572K(586752K), 0.0030402 secs] [Times: user=0.01 sys=0.00, real=0.00 secs] 
890.097: [GC (Allocation Failure) [PSYoungGen: 58272K->1408K(58368K)] 428404K->371540K(586240K), 0.0020978 secs] [Times: user=0.01 sys=0.00, real=0.00 secs] 
890.333: [GC (Allocation Failure) [PSYoungGen: 58240K->1392K(58368K)] 428372K->371524K(586240K), 0.0021229 secs] [Times: user=0.01 sys=0.00, real=0.01 secs] 
890.569: [GC (Allocation Failure) [PSYoungGen: 58224K->1376K(58368K)] 428356K->371508K(586240K), 0.0019099 secs] [Times: user=0.01 sys=0.00, real=0.00 secs] 
891.868: [GC (Allocation Failure) [PSYoungGen: 58208K->1408K(58368K)] 428340K->371540K(586240K), 0.0029294 secs] [Times: user=0.01 sys=0.00, real=0.00 secs] 
892.359: [GC (Allocation Failure) [PSYoungGen: 58240K->1376K(58368K)] 428372K->371508K(586240K), 0.0028454 secs] [Times: user=0.01 sys=0.00, real=0.00 secs] 
892.933: [GC (Allocation Failure) [PSYoungGen: 58208K->1408K(58368K)] 428340K->371540K(586240K), 0.0028351 secs] [Times: user=0.01 sys=0.00, real=0.01 secs] 
893.534: [GC (Allocation Failure) [PSYoungGen: 58240K->1408K(58368K)] 428372K->371540K(586240K), 0.0028356 secs] [Times: user=0.01 sys=0.00, real=0.00 secs] 
893.977: [GC (Allocation Failure) [PSYoungGen: 58240K->1344K(58368K)] 428372K->371492K(586240K), 0.0028895 secs] [Times: user=0.01 sys=0.00, real=0.00 secs] 
895.134: [GC (Allocation Failure) [PSYoungGen: 58176K->1440K(58368K)] 428324K->371596K(586240K), 0.0018988 secs] [Times: user=0.01 sys=0.00, real=0.00 secs] 
895.371: [GC (Allocation Failure) [PSYoungGen: 58272K->1376K(58368K)] 428428K->371532K(586240K), 0.0019060 secs] [Times: user=0.01 sys=0.00, real=0.00 secs] 
895.607: [GC (Allocation Failure) [PSYoungGen: 58208K->1408K(58368K)] 428364K->371564K(586240K), 0.0018212 secs] [Times: user=0.01 sys=0.00, real=0.00 secs] 
895.871: [GC (Allocation Failure) [PSYoungGen: 58240K->1376K(58368K)] 428396K->371532K(586240K), 0.0017409 secs] [Times: user=0.01 sys=0.00, real=0.00 secs] 
896.128: [GC (Allocation Failure) [PSYoungGen: 58208K->1408K(58368K)] 428364K->371564K(586240K), 0.0020047 secs] [Times: user=0.01 sys=0.00, real=0.00 secs] 
897.779: [GC (Allocation Failure) [PSYoungGen: 58240K->1440K(58368K)] 428396K->371604K(586240K), 0.0023352 secs] [Times: user=0.01 sys=0.00, real=0.00 secs] 
898.276: [GC (Allocation Failure) [PSYoungGen: 58272K->1376K(58368K)] 428436K->371540K(586240K), 0.0020614 secs] [Times: user=0.01 sys=0.00, real=0.00 secs] 
898.795: [GC (Allocation Failure) [PSYoungGen: 58208K->1376K(58368K)] 428372K->371540K(586240K), 0.0021285 secs] [Times: user=0.01 sys=0.00, real=0.00 secs] 
899.200: [GC (Allocation Failure) [PSYoungGen: 58208K->1376K(58368K)] 428372K->371540K(586240K), 0.0025080 secs] [Times: user=0.01 sys=0.00, real=0.00 secs] 
899.419: [GC (Allocation Failure) [PSYoungGen: 58208K->1408K(58368K)] 428372K->371572K(586240K), 0.0021251 secs] [Times: user=0.01 sys=0.00, real=0.00 secs] 
900.567: [GC (Allocation Failure) [PSYoungGen: 58240K->1424K(58368K)] 428404K->371588K(586240K), 0.0019003 secs] [Times: user=0.01 sys=0.00, real=0.00 secs] 
901.274: [GC (Allocation Failure) [PSYoungGen: 58256K->1376K(58368K)] 428420K->371540K(586240K), 0.0036171 secs] [Times: user=0.01 sys=0.00, real=0.00 secs] 
901.538: [GC (Allocation Failure) [PSYoungGen: 58208K->1408K(58368K)] 428372K->371572K(586240K), 0.0020916 secs] [Times: user=0.00 sys=0.01, real=0.00 secs] 
901.774: [GC (Allocation Failure) [PSYoungGen: 58240K->1376K(58368K)] 428404K->371540K(586240K), 0.0019912 secs] [Times: user=0.01 sys=0.00, real=0.00 secs] 
902.196: [GC (Allocation Failure) [PSYoungGen: 58208K->1392K(58368K)] 428372K->371556K(586240K), 0.0019264 secs] [Times: user=0.01 sys=0.00, real=0.00 secs] 
903.955: [GC (Allocation Failure) [PSYoungGen: 58224K->1376K(58368K)] 428388K->371564K(586240K), 0.0027853 secs] [Times: user=0.01 sys=0.00, real=0.00 secs] 
904.420: [GC (Allocation Failure) [PSYoungGen: 58208K->1344K(58368K)] 428396K->371532K(586240K), 0.0030626 secs] [Times: user=0.01 sys=0.00, real=0.00 secs] 
904.862: [GC (Allocation Failure) [PSYoungGen: 58176K->1440K(58368K)] 428364K->371628K(586240K), 0.0027601 secs] [Times: user=0.01 sys=0.00, real=0.01 secs] 
905.286: [GC (Allocation Failure) [PSYoungGen: 58272K->1440K(58368K)] 428460K->371628K(586240K), 0.0031036 secs] [Times: user=0.01 sys=0.00, real=0.00 secs] 
905.749: [GC (Allocation Failure) [PSYoungGen: 58272K->1376K(58368K)] 428460K->371564K(586240K), 0.0026518 secs] [Times: user=0.01 sys=0.00, real=0.00 secs] 
906.825: [GC (Allocation Failure) [PSYoungGen: 58208K->1408K(58368K)] 428396K->371604K(586240K), 0.0017872 secs] [Times: user=0.01 sys=0.00, real=0.00 secs] 
907.060: [GC (Allocation Failure) [PSYoungGen: 58240K->1440K(58368K)] 428436K->371636K(586240K), 0.0017138 secs] [Times: user=0.00 sys=0.00, real=0.00 secs] 
907.486: [GC (Allocation Failure) [PSYoungGen: 58272K->1376K(58368K)] 428468K->371572K(586240K), 0.0018981 secs] [Times: user=0.01 sys=0.00, real=0.00 secs] 
907.957: [GC (Allocation Failure) [PSYoungGen: 58208K->1376K(58368K)] 428404K->371572K(586240K), 0.0019967 secs] [Times: user=0.01 sys=0.00, real=0.00 secs] 
908.480: [GC (Allocation Failure) [PSYoungGen: 58208K->1408K(58368K)] 428404K->371604K(586240K), 0.0024798 secs] [Times: user=0.00 sys=0.00, real=0.00 secs] 
909.819: [GC (Allocation Failure) [PSYoungGen: 58240K->1440K(58368K)] 428436K->371636K(586240K), 0.0015619 secs] [Times: user=0.01 sys=0.00, real=0.00 secs] 
910.361: [GC (Allocation Failure) [PSYoungGen: 58272K->1360K(58368K)] 428468K->371556K(586240K), 0.0024072 secs] [Times: user=0.01 sys=0.00, real=0.00 secs] 
910.788: [GC (Allocation Failure) [PSYoungGen: 58192K->1440K(58368K)] 428388K->371636K(586240K), 0.0020353 secs] [Times: user=0.01 sys=0.00, real=0.00 secs] 
911.187: [GC (Allocation Failure) [PSYoungGen: 58272K->1376K(58368K)] 428468K->371572K(586240K), 0.0037282 secs] [Times: user=0.01 sys=0.00, real=0.00 secs] 
911.619: [GC (Allocation Failure) [PSYoungGen: 58208K->1408K(58368K)] 428404K->371604K(586240K), 0.0026006 secs] [Times: user=0.01 sys=0.00, real=0.00 secs] 
913.062: [GC (Allocation Failure) [PSYoungGen: 58240K->1408K(58368K)] 428436K->371620K(586240K), 0.0021010 secs] [Times: user=0.01 sys=0.00, real=0.00 secs] 
913.622: [GC (Allocation Failure) [PSYoungGen: 58240K->1376K(58368K)] 428452K->371588K(586240K), 0.0027515 secs] [Times: user=0.01 sys=0.00, real=0.01 secs] 
914.311: [GC (Allocation Failure) [PSYoungGen: 58208K->1440K(58368K)] 428420K->371676K(586240K), 0.0039417 secs] [Times: user=0.02 sys=0.00, real=0.01 secs] 
914.814: [GC (Allocation Failure) [PSYoungGen: 58272K->1440K(58368K)] 428508K->371676K(586240K), 0.0025597 secs] [Times: user=0.01 sys=0.00, real=0.01 secs] 
915.333: [GC (Allocation Failure) [PSYoungGen: 58272K->1408K(58368K)] 428508K->371644K(586240K), 0.0031952 secs] [Times: user=0.02 sys=0.00, real=0.01 secs] 
916.728: [GC (Allocation Failure) [PSYoungGen: 58240K->1440K(58368K)] 428476K->371676K(586240K), 0.0017259 secs] [Times: user=0.01 sys=0.00, real=0.00 secs] 
916.964: [GC (Allocation Failure) [PSYoungGen: 58272K->1392K(58368K)] 428508K->371628K(586240K), 0.0017379 secs] [Times: user=0.01 sys=0.00, real=0.00 secs] 
917.200: [GC (Allocation Failure) [PSYoungGen: 58224K->1408K(58368K)] 428460K->371644K(586240K), 0.0020142 secs] [Times: user=0.00 sys=0.00, real=0.00 secs] 
917.438: [GC (Allocation Failure) [PSYoungGen: 58240K->1440K(58368K)] 428476K->371676K(586240K), 0.0023377 secs] [Times: user=0.01 sys=0.00, real=0.00 secs] 
917.676: [GC (Allocation Failure) [PSYoungGen: 58272K->1328K(58368K)] 428508K->371564K(586240K), 0.0019609 secs] [Times: user=0.00 sys=0.00, real=0.00 secs] 
918.614: [GC (Allocation Failure) [PSYoungGen: 58160K->1344K(58368K)] 428396K->371580K(586240K), 0.0031279 secs] [Times: user=0.01 sys=0.00, real=0.01 secs] 
918.852: [GC (Allocation Failure) [PSYoungGen: 58176K->1392K(58368K)] 428412K->371628K(586240K), 0.0018793 secs] [Times: user=0.01 sys=0.00, real=0.01 secs] 
919.088: [GC (Allocation Failure) [PSYoungGen: 58224K->1408K(58368K)] 428460K->371644K(586240K), 0.0019000 secs] [Times: user=0.01 sys=0.00, real=0.00 secs] 
919.325: [GC (Allocation Failure) [PSYoungGen: 58240K->1424K(58368K)] 428476K->371660K(586240K), 0.0030547 secs] [Times: user=0.01 sys=0.00, real=0.00 secs] 
919.634: [GC (Allocation Failure) [PSYoungGen: 58256K->1376K(58368K)] 428492K->371612K(586240K), 0.0027921 secs] [Times: user=0.01 sys=0.00, real=0.00 secs] 
920.920: [GC (Allocation Failure) [PSYoungGen: 58208K->1440K(58368K)] 428444K->371676K(586240K), 0.0022120 secs] [Times: user=0.01 sys=0.00, real=0.00 secs] 
921.688: [GC (Allocation Failure) [PSYoungGen: 58272K->1344K(58368K)] 428508K->371580K(586240K), 0.0040395 secs] [Times: user=0.01 sys=0.00, real=0.00 secs] 
922.177: [GC (Allocation Failure) [PSYoungGen: 58176K->1376K(58368K)] 428412K->371612K(586240K), 0.0030345 secs] [Times: user=0.01 sys=0.00, real=0.00 secs] 
922.818: [GC (Allocation Failure) [PSYoungGen: 58208K->1360K(58368K)] 428444K->371612K(586240K), 0.0031487 secs] [Times: user=0.01 sys=0.00, real=0.00 secs] 
923.461: [GC (Allocation Failure) [PSYoungGen: 58192K->1376K(58368K)] 428444K->371628K(586240K), 0.0039540 secs] [Times: user=0.02 sys=0.00, real=0.01 secs] 
924.929: [GC (Allocation Failure) [PSYoungGen: 58208K->1440K(58368K)] 428460K->371692K(586240K), 0.0018411 secs] [Times: user=0.01 sys=0.00, real=0.00 secs] 
925.916: [GC (Allocation Failure) [PSYoungGen: 58272K->1456K(58368K)] 428524K->371708K(586240K), 0.0029065 secs] [Times: user=0.01 sys=0.00, real=0.00 secs] 
926.789: [GC (Allocation Failure) [PSYoungGen: 58288K->1392K(58368K)] 428540K->371644K(586240K), 0.0029756 secs] [Times: user=0.02 sys=0.00, real=0.00 secs] 
927.590: [GC (Allocation Failure) [PSYoungGen: 58224K->1440K(58368K)] 428476K->371692K(586240K), 0.0026310 secs] [Times: user=0.01 sys=0.00, real=0.00 secs] 
928.831: [GC (Allocation Failure) [PSYoungGen: 58272K->1408K(58368K)] 428524K->371660K(586240K), 0.0040349 secs] [Times: user=0.02 sys=0.00, real=0.01 secs] 
930.643: [GC (Allocation Failure) [PSYoungGen: 58240K->1440K(58368K)] 428492K->371692K(586240K), 0.0030948 secs] [Times: user=0.02 sys=0.00, real=0.01 secs] 
931.062: [GC (Allocation Failure) [PSYoungGen: 58272K->1344K(58368K)] 428524K->371596K(586240K), 0.0028934 secs] [Times: user=0.01 sys=0.00, real=0.01 secs] 
931.648: [GC (Allocation Failure) [PSYoungGen: 58176K->1408K(58368K)] 428428K->371660K(586240K), 0.0022456 secs] [Times: user=0.01 sys=0.00, real=0.00 secs] 
932.090: [GC (Allocation Failure) [PSYoungGen: 58240K->1376K(58368K)] 428492K->371628K(586240K), 0.0021326 secs] [Times: user=0.01 sys=0.00, real=0.00 secs] 
932.523: [GC (Allocation Failure) [PSYoungGen: 58208K->1344K(58368K)] 428460K->371596K(586240K), 0.0022557 secs] [Times: user=0.01 sys=0.00, real=0.01 secs] 
933.728: [GC (Allocation Failure) [PSYoungGen: 58176K->1408K(58368K)] 428428K->371660K(586240K), 0.0018829 secs] [Times: user=0.01 sys=0.00, real=0.00 secs] 
934.221: [GC (Allocation Failure) [PSYoungGen: 58240K->1376K(58368K)] 428492K->371628K(586240K), 0.0019369 secs] [Times: user=0.01 sys=0.00, real=0.00 secs] 
934.574: [GC (Allocation Failure) [PSYoungGen: 58208K->1408K(58368K)] 428460K->371660K(586240K), 0.0020377 secs] [Times: user=0.01 sys=0.01, real=0.00 secs] 
935.018: [GC (Allocation Failure) [PSYoungGen: 58240K->1408K(58368K)] 428492K->371660K(586240K), 0.0022247 secs] [Times: user=0.01 sys=0.00, real=0.00 secs] 
935.487: [GC (Allocation Failure) [PSYoungGen: 58240K->1408K(58368K)] 428492K->371660K(586240K), 0.0021042 secs] [Times: user=0.01 sys=0.00, real=0.00 secs] 
936.652: [GC (Allocation Failure) [PSYoungGen: 58240K->1456K(58368K)] 428492K->371716K(586240K), 0.0021492 secs] [Times: user=0.01 sys=0.00, real=0.01 secs] 
937.132: [GC (Allocation Failure) [PSYoungGen: 58288K->1408K(58368K)] 428548K->371668K(586240K), 0.0018608 secs] [Times: user=0.01 sys=0.00, real=0.01 secs] 
937.757: [GC (Allocation Failure) [PSYoungGen: 58240K->1376K(58368K)] 428500K->371636K(586240K), 0.0017885 secs] [Times: user=0.01 sys=0.00, real=0.00 secs] 
938.423: [GC (Allocation Failure) [PSYoungGen: 58208K->1408K(58368K)] 428468K->371668K(586240K), 0.0020114 secs] [Times: user=0.01 sys=0.00, real=0.01 secs] 
938.974: [GC (Allocation Failure) [PSYoungGen: 58240K->1408K(58368K)] 428500K->371668K(586240K), 0.0018768 secs] [Times: user=0.01 sys=0.00, real=0.00 secs] 
940.653: [GC (Allocation Failure) [PSYoungGen: 58240K->1440K(58368K)] 428500K->371708K(586240K), 0.0041528 secs] [Times: user=0.01 sys=0.01, real=0.01 secs] 
941.540: [GC (Allocation Failure) [PSYoungGen: 58272K->1440K(58368K)] 428540K->371708K(586240K), 0.0039353 secs] [Times: user=0.01 sys=0.00, real=0.01 secs] 
942.059: [GC (Allocation Failure) [PSYoungGen: 58272K->1408K(58368K)] 428540K->371676K(586240K), 0.0028477 secs] [Times: user=0.02 sys=0.00, real=0.00 secs] 
942.630: [GC (Allocation Failure) [PSYoungGen: 58240K->1408K(58368K)] 428508K->371676K(586240K), 0.0025931 secs] [Times: user=0.01 sys=0.00, real=0.00 secs] 
943.148: [GC (Allocation Failure) [PSYoungGen: 58240K->1376K(58368K)] 428508K->371644K(586240K), 0.0027707 secs] [Times: user=0.01 sys=0.00, real=0.00 secs] 
944.202: [GC (Allocation Failure) [PSYoungGen: 58208K->1440K(58368K)] 428476K->371708K(586240K), 0.0017799 secs] [Times: user=0.01 sys=0.00, real=0.01 secs] 
944.654: [GC (Allocation Failure) [PSYoungGen: 58272K->1424K(58368K)] 428540K->371692K(586240K), 0.0036807 secs] [Times: user=0.02 sys=0.00, real=0.01 secs] 
945.115: [GC (Allocation Failure) [PSYoungGen: 58256K->1408K(58368K)] 428524K->371684K(586240K), 0.0031965 secs] [Times: user=0.01 sys=0.00, real=0.00 secs] 
945.579: [GC (Allocation Failure) [PSYoungGen: 58240K->1376K(58368K)] 428516K->371652K(586240K), 0.0027514 secs] [Times: user=0.01 sys=0.00, real=0.00 secs] 
946.076: [GC (Allocation Failure) [PSYoungGen: 58208K->1408K(58368K)] 428484K->371684K(586240K), 0.0027737 secs] [Times: user=0.01 sys=0.00, real=0.00 secs] 
947.499: [GC (Allocation Failure) [PSYoungGen: 58240K->1440K(58368K)] 428516K->371716K(586240K), 0.0021270 secs] [Times: user=0.01 sys=0.00, real=0.00 secs] 
948.040: [GC (Allocation Failure) [PSYoungGen: 58272K->1440K(58368K)] 428548K->371716K(586240K), 0.0032908 secs] [Times: user=0.01 sys=0.00, real=0.00 secs] 
948.515: [GC (Allocation Failure) [PSYoungGen: 58272K->1376K(58368K)] 428548K->371652K(586240K), 0.0022531 secs] [Times: user=0.01 sys=0.00, real=0.00 secs] 
948.997: [GC (Allocation Failure) [PSYoungGen: 58208K->1376K(58368K)] 428484K->371652K(586240K), 0.0025087 secs] [Times: user=0.01 sys=0.00, real=0.00 secs] 
949.521: [GC (Allocation Failure) [PSYoungGen: 58208K->1408K(58368K)] 428484K->371684K(586240K), 0.0022749 secs] [Times: user=0.01 sys=0.00, real=0.00 secs] 
950.656: [GC (Allocation Failure) [PSYoungGen: 58240K->1424K(58368K)] 428516K->371708K(586240K), 0.0017645 secs] [Times: user=0.01 sys=0.00, real=0.00 secs] 
951.453: [GC (Allocation Failure) [PSYoungGen: 58256K->1376K(58368K)] 428540K->371660K(586240K), 0.0021054 secs] [Times: user=0.01 sys=0.00, real=0.01 secs] 
952.216: [GC (Allocation Failure) [PSYoungGen: 58208K->1424K(58368K)] 428492K->371708K(586240K), 0.0019557 secs] [Times: user=0.00 sys=0.00, real=0.00 secs] 
952.968: [GC (Allocation Failure) [PSYoungGen: 58256K->1408K(58368K)] 428540K->371692K(586240K), 0.0020592 secs] [Times: user=0.01 sys=0.00, real=0.00 secs] 
953.739: [GC (Allocation Failure) [PSYoungGen: 58240K->1376K(58368K)] 428524K->371660K(586240K), 0.0065025 secs] [Times: user=0.03 sys=0.00, real=0.01 secs] 
955.108: [GC (Allocation Failure) [PSYoungGen: 58208K->1440K(58368K)] 428492K->371732K(586240K), 0.0022290 secs] [Times: user=0.01 sys=0.00, real=0.00 secs] 
955.620: [GC (Allocation Failure) [PSYoungGen: 58272K->1408K(58368K)] 428564K->371708K(586240K), 0.0025804 secs] [Times: user=0.01 sys=0.00, real=0.00 secs] 
955.946: [GC (Allocation Failure) [PSYoungGen: 58240K->1392K(58368K)] 428540K->371692K(586240K), 0.0020120 secs] [Times: user=0.01 sys=0.00, real=0.00 secs] 
956.184: [GC (Allocation Failure) [PSYoungGen: 58224K->1376K(58368K)] 428524K->371676K(586240K), 0.0019142 secs] [Times: user=0.01 sys=0.00, real=0.00 secs] 
956.420: [GC (Allocation Failure) [PSYoungGen: 58208K->1424K(58368K)] 428508K->371724K(586240K), 0.0019953 secs] [Times: user=0.01 sys=0.00, real=0.00 secs] 
957.666: [GC (Allocation Failure) [PSYoungGen: 58256K->1408K(58368K)] 428556K->371708K(586240K), 0.0045548 secs] [Times: user=0.02 sys=0.00, real=0.00 secs] 
958.201: [GC (Allocation Failure) [PSYoungGen: 58240K->1440K(58368K)] 428540K->371740K(586240K), 0.0038354 secs] [Times: user=0.01 sys=0.00, real=0.01 secs] 
958.534: [GC (Allocation Failure) [PSYoungGen: 58272K->1408K(58368K)] 428572K->371708K(586240K), 0.0021097 secs] [Times: user=0.01 sys=0.00, real=0.00 secs] 
958.857: [GC (Allocation Failure) [PSYoungGen: 58240K->1440K(58368K)] 428540K->371740K(586240K), 0.0019375 secs] [Times: user=0.01 sys=0.00, real=0.00 secs] 
959.298: [GC (Allocation Failure) [PSYoungGen: 58272K->1408K(58368K)] 428572K->371708K(586240K), 0.0018706 secs] [Times: user=0.01 sys=0.00, real=0.00 secs] 
960.678: [GC (Allocation Failure) [PSYoungGen: 58240K->1440K(58368K)] 428540K->371740K(586240K), 0.0038442 secs] [Times: user=0.02 sys=0.00, real=0.00 secs] 
960.921: [GC (Allocation Failure) [PSYoungGen: 58272K->1408K(58368K)] 428572K->371708K(586240K), 0.0023000 secs] [Times: user=0.01 sys=0.00, real=0.00 secs] 
961.212: [GC (Allocation Failure) [PSYoungGen: 58240K->1408K(58368K)] 428540K->371708K(586240K), 0.0020683 secs] [Times: user=0.01 sys=0.00, real=0.01 secs] 
961.457: [GC (Allocation Failure) [PSYoungGen: 58240K->1440K(58368K)] 428540K->371740K(586240K), 0.0019800 secs] [Times: user=0.01 sys=0.00, real=0.00 secs] 
961.752: [GC (Allocation Failure) [PSYoungGen: 58267K->304K(58368K)] 428568K->370604K(586240K), 0.0018768 secs] [Times: user=0.00 sys=0.00, real=0.01 secs] 
963.040: [GC (Allocation Failure) [PSYoungGen: 57136K->1440K(58880K)] 427436K->371748K(586752K), 0.0019745 secs] [Times: user=0.01 sys=0.00, real=0.00 secs] 
963.277: [GC (Allocation Failure) [PSYoungGen: 58272K->1408K(58880K)] 428580K->371716K(586752K), 0.0021519 secs] [Times: user=0.01 sys=0.01, real=0.00 secs] 
963.513: [GC (Allocation Failure) [PSYoungGen: 58240K->1392K(58880K)] 428548K->371700K(586752K), 0.0019796 secs] [Times: user=0.01 sys=0.00, real=0.01 secs] 
963.751: [GC (Allocation Failure) [PSYoungGen: 58224K->1392K(58880K)] 428532K->371700K(586752K), 0.0019675 secs] [Times: user=0.01 sys=0.00, real=0.00 secs] 
964.644: [GC (Allocation Failure) [PSYoungGen: 58224K->256K(58880K)] 428532K->370564K(586752K), 0.0013697 secs] [Times: user=0.00 sys=0.00, real=0.01 secs] 
964.894: [GC (Allocation Failure) [PSYoungGen: 57088K->1408K(58880K)] 427396K->371716K(586752K), 0.0017618 secs] [Times: user=0.00 sys=0.00, real=0.00 secs] 
965.131: [GC (Allocation Failure) [PSYoungGen: 58240K->1440K(58880K)] 428548K->371748K(586752K), 0.0017843 secs] [Times: user=0.01 sys=0.00, real=0.00 secs] 
965.469: [GC (Allocation Failure) [PSYoungGen: 58272K->1408K(58880K)] 428580K->371716K(586752K), 0.0018764 secs] [Times: user=0.00 sys=0.00, real=0.00 secs] 
965.871: [GC (Allocation Failure) [PSYoungGen: 58240K->1440K(58880K)] 428548K->371748K(586752K), 0.0021145 secs] [Times: user=0.01 sys=0.00, real=0.00 secs] 
966.995: [GC (Allocation Failure) [PSYoungGen: 58272K->1408K(58880K)] 428580K->371716K(586752K), 0.0015134 secs] [Times: user=0.01 sys=0.00, real=0.00 secs] 
967.279: [GC (Allocation Failure) [PSYoungGen: 58240K->1376K(58880K)] 428548K->371684K(586752K), 0.0019156 secs] [Times: user=0.01 sys=0.00, real=0.00 secs] 
967.691: [GC (Allocation Failure) [PSYoungGen: 58208K->1408K(58880K)] 428516K->371716K(586752K), 0.0030750 secs] [Times: user=0.01 sys=0.00, real=0.01 secs] 
968.347: [GC (Allocation Failure) [PSYoungGen: 58240K->1376K(58880K)] 428548K->371684K(586752K), 0.0040805 secs] [Times: user=0.02 sys=0.00, real=0.00 secs] 
969.059: [GC (Allocation Failure) [PSYoungGen: 58208K->1408K(58880K)] 428516K->371716K(586752K), 0.0035443 secs] [Times: user=0.01 sys=0.00, real=0.00 secs] 
970.590: [GC (Allocation Failure) [PSYoungGen: 58240K->1552K(58880K)] 428548K->371860K(586752K), 0.0018227 secs] [Times: user=0.01 sys=0.00, real=0.00 secs] 
970.831: [GC (Allocation Failure) [PSYoungGen: 58384K->1440K(58880K)] 428692K->371756K(586752K), 0.0018808 secs] [Times: user=0.01 sys=0.00, real=0.00 secs] 
971.068: [GC (Allocation Failure) [PSYoungGen: 58272K->1360K(58880K)] 428588K->371676K(586752K), 0.0018237 secs] [Times: user=0.01 sys=0.00, real=0.00 secs] 
971.346: [GC (Allocation Failure) [PSYoungGen: 58192K->1408K(58880K)] 428508K->371724K(586752K), 0.0017534 secs] [Times: user=0.01 sys=0.00, real=0.00 secs] 
971.790: [GC (Allocation Failure) [PSYoungGen: 58240K->1408K(58880K)] 428556K->371724K(586752K), 0.0022672 secs] [Times: user=0.01 sys=0.00, real=0.00 secs] 
973.085: [GC (Allocation Failure) [PSYoungGen: 58240K->1680K(58880K)] 428556K->372020K(586752K), 0.0019335 secs] [Times: user=0.00 sys=0.00, real=0.00 secs] 
973.364: [GC (Allocation Failure) [PSYoungGen: 58512K->1408K(58880K)] 428852K->371748K(586752K), 0.0027892 secs] [Times: user=0.01 sys=0.00, real=0.00 secs] 
973.597: [GC (Allocation Failure) [PSYoungGen: 58240K->1408K(58880K)] 428580K->371748K(586752K), 0.0019143 secs] [Times: user=0.01 sys=0.00, real=0.00 secs] 
973.833: [GC (Allocation Failure) [PSYoungGen: 58240K->1376K(58880K)] 428580K->371716K(586752K), 0.0020492 secs] [Times: user=0.01 sys=0.00, real=0.01 secs] 
974.070: [GC (Allocation Failure) [PSYoungGen: 58208K->1408K(58880K)] 428548K->371748K(586752K), 0.0018050 secs] [Times: user=0.00 sys=0.00, real=0.00 secs] 
975.017: [GC (Allocation Failure) [PSYoungGen: 58240K->1936K(58880K)] 428580K->372284K(586752K), 0.0016418 secs] [Times: user=0.01 sys=0.00, real=0.00 secs] 
975.252: [GC (Allocation Failure) [PSYoungGen: 58768K->1392K(58880K)] 429116K->371740K(586752K), 0.0017677 secs] [Times: user=0.01 sys=0.00, real=0.01 secs] 
975.519: [GC (Allocation Failure) [PSYoungGen: 58224K->1408K(58880K)] 428572K->371756K(586752K), 0.0016869 secs] [Times: user=0.01 sys=0.00, real=0.00 secs] 
975.756: [GC (Allocation Failure) [PSYoungGen: 58240K->1376K(58880K)] 428588K->371732K(586752K), 0.0025142 secs] [Times: user=0.01 sys=0.01, real=0.00 secs] 
976.002: [GC (Allocation Failure) [PSYoungGen: 58208K->1408K(58880K)] 428564K->371772K(586752K), 0.0023090 secs] [Times: user=0.01 sys=0.00, real=0.01 secs] 
976.937: [GC (Allocation Failure) [PSYoungGen: 58240K->1472K(58880K)] 428604K->371844K(586752K), 0.0017580 secs] [Times: user=0.01 sys=0.00, real=0.00 secs] 
977.231: [GC (Allocation Failure) [PSYoungGen: 58304K->1408K(58880K)] 428676K->371780K(586752K), 0.0021605 secs] [Times: user=0.01 sys=0.00, real=0.00 secs] 
977.479: [GC (Allocation Failure) [PSYoungGen: 58240K->1408K(58880K)] 428612K->371780K(586752K), 0.0018962 secs] [Times: user=0.00 sys=0.00, real=0.00 secs] 
977.715: [GC (Allocation Failure) [PSYoungGen: 58240K->1408K(58880K)] 428612K->371780K(586752K), 0.0022451 secs] [Times: user=0.00 sys=0.00, real=0.00 secs] 
977.958: [GC (Allocation Failure) [PSYoungGen: 58240K->1344K(58880K)] 428612K->371716K(586752K), 0.0022520 secs] [Times: user=0.01 sys=0.00, real=0.00 secs] 
979.382: [GC (Allocation Failure) [PSYoungGen: 58176K->1456K(58880K)] 428548K->371828K(586752K), 0.0017951 secs] [Times: user=0.01 sys=0.00, real=0.01 secs] 
979.618: [GC (Allocation Failure) [PSYoungGen: 58288K->1408K(58880K)] 428660K->371780K(586752K), 0.0018385 secs] [Times: user=0.01 sys=0.00, real=0.00 secs] 
979.855: [GC (Allocation Failure) [PSYoungGen: 58240K->1408K(58880K)] 428612K->371780K(586752K), 0.0019426 secs] [Times: user=0.01 sys=0.00, real=0.00 secs] 
980.091: [GC (Allocation Failure) [PSYoungGen: 58240K->1424K(58880K)] 428612K->371796K(586752K), 0.0019191 secs] [Times: user=0.01 sys=0.00, real=0.00 secs] 
980.327: [GC (Allocation Failure) [PSYoungGen: 58256K->1408K(58880K)] 428628K->371780K(586752K), 0.0018353 secs] [Times: user=0.01 sys=0.00, real=0.00 secs] 
981.266: [GC (Allocation Failure) [PSYoungGen: 58240K->1440K(58880K)] 428612K->371836K(586752K), 0.0018196 secs] [Times: user=0.01 sys=0.00, real=0.00 secs] 
981.501: [GC (Allocation Failure) [PSYoungGen: 58272K->1376K(58880K)] 428668K->371772K(586752K), 0.0019014 secs] [Times: user=0.01 sys=0.00, real=0.00 secs] 
981.737: [GC (Allocation Failure) [PSYoungGen: 58208K->1376K(58880K)] 428604K->371772K(586752K), 0.0034991 secs] [Times: user=0.02 sys=0.00, real=0.00 secs] 
981.975: [GC (Allocation Failure) [PSYoungGen: 58208K->1408K(58368K)] 428604K->371804K(586240K), 0.0018724 secs] [Times: user=0.00 sys=0.00, real=0.00 secs] 
982.324: [GC (Allocation Failure) [PSYoungGen: 58240K->1408K(58368K)] 428636K->371804K(586240K), 0.0018092 secs] [Times: user=0.00 sys=0.00, real=0.00 secs] 
983.456: [GC (Allocation Failure) [PSYoungGen: 58240K->400K(57856K)] 428636K->371820K(585728K), 0.0017615 secs] [Times: user=0.01 sys=0.00, real=0.00 secs] 
983.723: [GC (Allocation Failure) [PSYoungGen: 57232K->352K(58880K)] 428652K->371772K(586752K), 0.0016705 secs] [Times: user=0.00 sys=0.00, real=0.01 secs] 
983.959: [GC (Allocation Failure) [PSYoungGen: 57184K->352K(58880K)] 428604K->371772K(586752K), 0.0018627 secs] [Times: user=0.01 sys=0.00, real=0.00 secs] 
984.198: [GC (Allocation Failure) [PSYoungGen: 57184K->384K(58880K)] 428604K->371804K(586752K), 0.0019192 secs] [Times: user=0.01 sys=0.00, real=0.00 secs] 
984.434: [GC (Allocation Failure) [PSYoungGen: 57216K->384K(58880K)] 428636K->371804K(586752K), 0.0015984 secs] [Times: user=0.01 sys=0.00, real=0.01 secs] 
985.393: [GC (Allocation Failure) [PSYoungGen: 57216K->1408K(58880K)] 428636K->372836K(586752K), 0.0018814 secs] [Times: user=0.01 sys=0.01, real=0.01 secs] 
985.666: [GC (Allocation Failure) [PSYoungGen: 58240K->1424K(58368K)] 429668K->372852K(586240K), 0.0017848 secs] [Times: user=0.01 sys=0.00, real=0.00 secs] 
985.901: [GC (Allocation Failure) [PSYoungGen: 57744K->1424K(58880K)] 429172K->372852K(586752K), 0.0019080 secs] [Times: user=0.00 sys=0.00, real=0.00 secs] 
986.135: [GC (Allocation Failure) [PSYoungGen: 57744K->1408K(58880K)] 429172K->372836K(586752K), 0.0016279 secs] [Times: user=0.01 sys=0.00, real=0.00 secs] 
986.370: [GC (Allocation Failure) [PSYoungGen: 57728K->1408K(58880K)] 429156K->372836K(586752K), 0.0020521 secs] [Times: user=0.01 sys=0.00, real=0.00 secs] 
987.452: [GC (Allocation Failure) [PSYoungGen: 57728K->1456K(58880K)] 429156K->372884K(586752K), 0.0015967 secs] [Times: user=0.00 sys=0.00, real=0.01 secs] 
987.972: [GC (Allocation Failure) [PSYoungGen: 57776K->1440K(58880K)] 429204K->372868K(586752K), 0.0038188 secs] [Times: user=0.02 sys=0.00, real=0.01 secs] 
988.458: [GC (Allocation Failure) [PSYoungGen: 57760K->1408K(58880K)] 429188K->372836K(586752K), 0.0039933 secs] [Times: user=0.01 sys=0.00, real=0.00 secs] 
988.941: [GC (Allocation Failure) [PSYoungGen: 57728K->1440K(58880K)] 429156K->372868K(586752K), 0.0033022 secs] [Times: user=0.01 sys=0.00, real=0.01 secs] 
989.311: [GC (Allocation Failure) [PSYoungGen: 57760K->1408K(58880K)] 429188K->372836K(586752K), 0.0021694 secs] [Times: user=0.00 sys=0.00, real=0.00 secs] 
990.292: [GC (Allocation Failure) [PSYoungGen: 57728K->1440K(58880K)] 429156K->372868K(586752K), 0.0016909 secs] [Times: user=0.01 sys=0.00, real=0.01 secs] 
990.774: [GC (Allocation Failure) [PSYoungGen: 57760K->1376K(57856K)] 429188K->372804K(585728K), 0.0020526 secs] [Times: user=0.01 sys=0.00, real=0.00 secs] 
991.210: [GC (Allocation Failure) [PSYoungGen: 57696K->1440K(58368K)] 429124K->372868K(586240K), 0.0019708 secs] [Times: user=0.01 sys=0.00, real=0.00 secs] 
991.772: [GC (Allocation Failure) [PSYoungGen: 57760K->1376K(58368K)] 429188K->372804K(586240K), 0.0023942 secs] [Times: user=0.01 sys=0.00, real=0.01 secs] 
992.334: [GC (Allocation Failure) [PSYoungGen: 57696K->1392K(58368K)] 429124K->372820K(586240K), 0.0027095 secs] [Times: user=0.01 sys=0.00, real=0.00 secs] 
994.562: [GC (Allocation Failure) [PSYoungGen: 57712K->1440K(58368K)] 429140K->372876K(586240K), 0.0039048 secs] [Times: user=0.01 sys=0.00, real=0.01 secs] 
995.603: [GC (Allocation Failure) [PSYoungGen: 57760K->1376K(58368K)] 429196K->372812K(586240K), 0.0038692 secs] [Times: user=0.02 sys=0.00, real=0.01 secs] 
996.123: [GC (Allocation Failure) [PSYoungGen: 57696K->1424K(58368K)] 429132K->372860K(586240K), 0.0042361 secs] [Times: user=0.02 sys=0.00, real=0.01 secs] 
996.635: [GC (Allocation Failure) [PSYoungGen: 57744K->1344K(58368K)] 429180K->372780K(586240K), 0.0040917 secs] [Times: user=0.01 sys=0.01, real=0.00 secs] 
996.937: [GC (Allocation Failure) [PSYoungGen: 57664K->1392K(58368K)] 429100K->372828K(586240K), 0.0021496 secs] [Times: user=0.01 sys=0.00, real=0.00 secs] 
998.039: [GC (Allocation Failure) [PSYoungGen: 57712K->1408K(58368K)] 429148K->372844K(586240K), 0.0017627 secs] [Times: user=0.01 sys=0.00, real=0.00 secs] 
998.618: [GC (Allocation Failure) [PSYoungGen: 57728K->1344K(58368K)] 429164K->372780K(586240K), 0.0021558 secs] [Times: user=0.01 sys=0.00, real=0.00 secs] 
999.212: [GC (Allocation Failure) [PSYoungGen: 57664K->1440K(58368K)] 429100K->372876K(586240K), 0.0022797 secs] [Times: user=0.01 sys=0.00, real=0.01 secs] 
1000.005: [GC (Allocation Failure) [PSYoungGen: 57760K->1392K(58368K)] 429196K->372828K(586240K), 0.0023753 secs] [Times: user=0.01 sys=0.00, real=0.00 secs] 
1000.756: [GC (Allocation Failure) [PSYoungGen: 57712K->1408K(58368K)] 429148K->372844K(586240K), 0.0024755 secs] [Times: user=0.01 sys=0.00, real=0.00 secs] 
1002.310: [GC (Allocation Failure) [PSYoungGen: 57728K->1440K(58368K)] 429164K->372876K(586240K), 0.0020021 secs] [Times: user=0.01 sys=0.00, real=0.00 secs] 
1003.148: [GC (Allocation Failure) [PSYoungGen: 57760K->1344K(58368K)] 429196K->372780K(586240K), 0.0038857 secs] [Times: user=0.01 sys=0.00, real=0.00 secs] 
1003.893: [GC (Allocation Failure) [PSYoungGen: 57664K->1392K(58368K)] 429100K->372828K(586240K), 0.0037790 secs] [Times: user=0.01 sys=0.00, real=0.01 secs] 
1004.384: [GC (Allocation Failure) [PSYoungGen: 57712K->1360K(58368K)] 429148K->372796K(586240K), 0.0030399 secs] [Times: user=0.01 sys=0.00, real=0.00 secs] 
1004.968: [GC (Allocation Failure) [PSYoungGen: 57680K->1408K(58368K)] 429116K->372844K(586240K), 0.0028257 secs] [Times: user=0.01 sys=0.00, real=0.00 secs] 
1006.180: [GC (Allocation Failure) [PSYoungGen: 57728K->1440K(58368K)] 429164K->372884K(586240K), 0.0014844 secs] [Times: user=0.01 sys=0.00, real=0.00 secs] 
1006.414: [GC (Allocation Failure) [PSYoungGen: 57760K->1408K(58368K)] 429204K->372852K(586240K), 0.0015209 secs] [Times: user=0.01 sys=0.00, real=0.01 secs] 
1006.677: [GC (Allocation Failure) [PSYoungGen: 57728K->1376K(58368K)] 429172K->372820K(586240K), 0.0016345 secs] [Times: user=0.00 sys=0.00, real=0.00 secs] 
1007.253: [GC (Allocation Failure) [PSYoungGen: 57696K->1440K(58368K)] 429140K->372884K(586240K), 0.0020151 secs] [Times: user=0.01 sys=0.00, real=0.01 secs] 
1007.911: [GC (Allocation Failure) [PSYoungGen: 57760K->1440K(58368K)] 429204K->372884K(586240K), 0.0021302 secs] [Times: user=0.01 sys=0.00, real=0.00 secs] 
1009.727: [GC (Allocation Failure) [PSYoungGen: 57760K->1376K(58368K)] 429204K->372820K(586240K), 0.0043189 secs] [Times: user=0.01 sys=0.00, real=0.00 secs] 
1009.985: [GC (Allocation Failure) [PSYoungGen: 57696K->1376K(58368K)] 429140K->372820K(586240K), 0.0020174 secs] [Times: user=0.01 sys=0.00, real=0.00 secs] 
1010.219: [GC (Allocation Failure) [PSYoungGen: 57696K->1392K(57856K)] 429140K->372836K(585728K), 0.0020614 secs] [Times: user=0.00 sys=0.00, real=0.00 secs] 
1010.454: [GC (Allocation Failure) [PSYoungGen: 57712K->1424K(57856K)] 429156K->372868K(585728K), 0.0021938 secs] [Times: user=0.01 sys=0.00, real=0.00 secs] 
1010.688: [GC (Allocation Failure) [PSYoungGen: 57744K->368K(57344K)] 429188K->372836K(585216K), 0.0019567 secs] [Times: user=0.01 sys=0.00, real=0.00 secs] 
1012.222: [GC (Allocation Failure) [PSYoungGen: 56688K->1376K(58368K)] 429156K->373844K(586240K), 0.0037467 secs] [Times: user=0.02 sys=0.00, real=0.01 secs] 
1013.153: [GC (Allocation Failure) [PSYoungGen: 57696K->1440K(58368K)] 430164K->373908K(586240K), 0.0030728 secs] [Times: user=0.01 sys=0.00, real=0.01 secs] 
1013.425: [GC (Allocation Failure) [PSYoungGen: 57760K->1408K(58368K)] 430228K->373876K(586240K), 0.0018306 secs] [Times: user=0.01 sys=0.00, real=0.00 secs] 
1013.697: [GC (Allocation Failure) [PSYoungGen: 57728K->1408K(58368K)] 430196K->373876K(586240K), 0.0021166 secs] [Times: user=0.01 sys=0.00, real=0.00 secs] 
1014.042: [GC (Allocation Failure) [PSYoungGen: 57728K->1408K(58368K)] 430196K->373900K(586240K), 0.0021867 secs] [Times: user=0.01 sys=0.00, real=0.01 secs] 
1015.277: [GC (Allocation Failure) [PSYoungGen: 57728K->1440K(58368K)] 430220K->373932K(586240K), 0.0018191 secs] [Times: user=0.01 sys=0.00, real=0.00 secs] 
1016.015: [GC (Allocation Failure) [PSYoungGen: 57760K->1408K(58368K)] 430252K->373908K(586240K), 0.0028304 secs] [Times: user=0.01 sys=0.00, real=0.00 secs] 
1016.733: [GC (Allocation Failure) [PSYoungGen: 57728K->1344K(58368K)] 430228K->373844K(586240K), 0.0019881 secs] [Times: user=0.01 sys=0.00, real=0.01 secs] 
1017.386: [GC (Allocation Failure) [PSYoungGen: 57664K->1376K(58368K)] 430164K->373876K(586240K), 0.0021396 secs] [Times: user=0.00 sys=0.00, real=0.00 secs] 
1017.873: [GC (Allocation Failure) [PSYoungGen: 57696K->1472K(58368K)] 430196K->373972K(586240K), 0.0022049 secs] [Times: user=0.01 sys=0.00, real=0.01 secs] 
1019.149: [GC (Allocation Failure) [PSYoungGen: 57792K->1952K(58368K)] 430292K->374452K(586240K), 0.0018699 secs] [Times: user=0.01 sys=0.00, real=0.00 secs] 
1019.384: [GC (Allocation Failure) [PSYoungGen: 58272K->1376K(58368K)] 430772K->373876K(586240K), 0.0019532 secs] [Times: user=0.01 sys=0.00, real=0.00 secs] 
1019.618: [GC (Allocation Failure) [PSYoungGen: 57696K->1424K(58368K)] 430196K->373924K(586240K), 0.0017070 secs] [Times: user=0.01 sys=0.00, real=0.00 secs] 
1019.852: [GC (Allocation Failure) [PSYoungGen: 57744K->1408K(58368K)] 430244K->373908K(586240K), 0.0018057 secs] [Times: user=0.00 sys=0.00, real=0.00 secs] 
1020.094: [GC (Allocation Failure) [PSYoungGen: 57728K->1408K(58368K)] 430228K->373908K(586240K), 0.0019859 secs] [Times: user=0.01 sys=0.00, real=0.01 secs] 
1021.225: [GC (Allocation Failure) [PSYoungGen: 57728K->1952K(58368K)] 430228K->374452K(586240K), 0.0022056 secs] [Times: user=0.01 sys=0.00, real=0.00 secs] 
1021.673: [GC (Allocation Failure) [PSYoungGen: 58272K->1392K(58368K)] 430772K->373892K(586240K), 0.0021213 secs] [Times: user=0.01 sys=0.00, real=0.01 secs] 
1021.916: [GC (Allocation Failure) [PSYoungGen: 57712K->1440K(58368K)] 430212K->373940K(586240K), 0.0019814 secs] [Times: user=0.01 sys=0.00, real=0.00 secs] 
1022.239: [GC (Allocation Failure) [PSYoungGen: 57760K->1376K(58368K)] 430260K->373876K(586240K), 0.0018197 secs] [Times: user=0.01 sys=0.00, real=0.00 secs] 
1022.915: [GC (Allocation Failure) [PSYoungGen: 57696K->1376K(58368K)] 430196K->373876K(586240K), 0.0027331 secs] [Times: user=0.01 sys=0.00, real=0.00 secs] 
1024.396: [GC (Allocation Failure) [PSYoungGen: 57696K->1952K(58368K)] 430196K->374476K(586240K), 0.0017559 secs] [Times: user=0.01 sys=0.00, real=0.00 secs] 
1025.398: [GC (Allocation Failure) [PSYoungGen: 58272K->1376K(58368K)] 430796K->373900K(586240K), 0.0022217 secs] [Times: user=0.01 sys=0.00, real=0.00 secs] 
1026.002: [GC (Allocation Failure) [PSYoungGen: 57696K->1440K(58368K)] 430220K->373964K(586240K), 0.0025423 secs] [Times: user=0.01 sys=0.00, real=0.01 secs] 
1026.607: [GC (Allocation Failure) [PSYoungGen: 57760K->1360K(58368K)] 430284K->373884K(586240K), 0.0026943 secs] [Times: user=0.01 sys=0.00, real=0.00 secs] 
1027.440: [GC (Allocation Failure) [PSYoungGen: 57680K->1408K(58368K)] 430204K->373932K(586240K), 0.0025730 secs] [Times: user=0.01 sys=0.00, real=0.00 secs] 
1028.943: [GC (Allocation Failure) [PSYoungGen: 57728K->1712K(58368K)] 430252K->374236K(586240K), 0.0016964 secs] [Times: user=0.01 sys=0.00, real=0.01 secs] 
1029.589: [GC (Allocation Failure) [PSYoungGen: 58032K->1408K(58368K)] 430556K->373932K(586240K), 0.0034256 secs] [Times: user=0.02 sys=0.00, real=0.00 secs] 
1030.219: [GC (Allocation Failure) [PSYoungGen: 57728K->1344K(58368K)] 430252K->373868K(586240K), 0.0033054 secs] [Times: user=0.01 sys=0.00, real=0.00 secs] 
1030.856: [GC (Allocation Failure) [PSYoungGen: 57664K->1360K(58368K)] 430188K->373884K(586240K), 0.0030636 secs] [Times: user=0.02 sys=0.00, real=0.00 secs] 
1031.267: [GC (Allocation Failure) [PSYoungGen: 57680K->1392K(58368K)] 430204K->373916K(586240K), 0.0025340 secs] [Times: user=0.01 sys=0.00, real=0.00 secs] 
1032.504: [GC (Allocation Failure) [PSYoungGen: 57712K->1664K(58368K)] 430236K->374188K(586240K), 0.0017459 secs] [Times: user=0.00 sys=0.00, real=0.00 secs] 
1032.738: [GC (Allocation Failure) [PSYoungGen: 57984K->1376K(58368K)] 430508K->373900K(586240K), 0.0017881 secs] [Times: user=0.00 sys=0.00, real=0.00 secs] 
1032.971: [GC (Allocation Failure) [PSYoungGen: 57696K->1408K(58368K)] 430220K->373932K(586240K), 0.0016235 secs] [Times: user=0.00 sys=0.00, real=0.00 secs] 
1033.205: [GC (Allocation Failure) [PSYoungGen: 57728K->1376K(58368K)] 430252K->373900K(586240K), 0.0017332 secs] [Times: user=0.00 sys=0.00, real=0.00 secs] 
1033.464: [GC (Allocation Failure) [PSYoungGen: 57696K->1408K(58368K)] 430220K->373932K(586240K), 0.0029282 secs] [Times: user=0.01 sys=0.00, real=0.00 secs] 
1034.749: [GC (Allocation Failure) [PSYoungGen: 57728K->1536K(58368K)] 430252K->374060K(586240K), 0.0021317 secs] [Times: user=0.01 sys=0.01, real=0.00 secs] 
1035.306: [GC (Allocation Failure) [PSYoungGen: 57856K->1440K(58368K)] 430380K->373972K(586240K), 0.0020573 secs] [Times: user=0.01 sys=0.00, real=0.00 secs] 
1036.010: [GC (Allocation Failure) [PSYoungGen: 57760K->1344K(58368K)] 430292K->373876K(586240K), 0.0031541 secs] [Times: user=0.01 sys=0.00, real=0.00 secs] 
1036.773: [GC (Allocation Failure) [PSYoungGen: 57664K->1408K(58368K)] 430196K->373940K(586240K), 0.0034246 secs] [Times: user=0.02 sys=0.00, real=0.01 secs] 
1037.304: [GC (Allocation Failure) [PSYoungGen: 57728K->1312K(58368K)] 430260K->373844K(586240K), 0.0030798 secs] [Times: user=0.01 sys=0.00, real=0.00 secs] 
1038.962: [GC (Allocation Failure) [PSYoungGen: 57632K->1472K(58368K)] 430164K->374012K(586240K), 0.0022294 secs] [Times: user=0.01 sys=0.00, real=0.01 secs] 
1039.680: [GC (Allocation Failure) [PSYoungGen: 57792K->1344K(58368K)] 430332K->373884K(586240K), 0.0021630 secs] [Times: user=0.01 sys=0.00, real=0.00 secs] 
1039.915: [GC (Allocation Failure) [PSYoungGen: 57664K->1376K(58368K)] 430204K->373916K(586240K), 0.0019083 secs] [Times: user=0.01 sys=0.00, real=0.00 secs] 
1040.149: [GC (Allocation Failure) [PSYoungGen: 57696K->1408K(58368K)] 430236K->373948K(586240K), 0.0020402 secs] [Times: user=0.01 sys=0.00, real=0.00 secs] 
1040.384: [GC (Allocation Failure) [PSYoungGen: 57728K->1376K(58368K)] 430268K->373916K(586240K), 0.0017638 secs] [Times: user=0.01 sys=0.00, real=0.00 secs] 
1041.515: [GC (Allocation Failure) [PSYoungGen: 57696K->1472K(58368K)] 430236K->374020K(586240K), 0.0017271 secs] [Times: user=0.01 sys=0.00, real=0.00 secs] 
1042.317: [GC (Allocation Failure) [PSYoungGen: 57792K->1376K(58368K)] 430340K->373924K(586240K), 0.0024779 secs] [Times: user=0.01 sys=0.00, real=0.00 secs] 
1043.180: [GC (Allocation Failure) [PSYoungGen: 57696K->1440K(58368K)] 430244K->373988K(586240K), 0.0035491 secs] [Times: user=0.01 sys=0.00, real=0.00 secs] 
1043.700: [GC (Allocation Failure) [PSYoungGen: 57760K->1408K(58368K)] 430308K->373956K(586240K), 0.0030886 secs] [Times: user=0.02 sys=0.00, real=0.00 secs] 
1044.217: [GC (Allocation Failure) [PSYoungGen: 57728K->1408K(58368K)] 430276K->373956K(586240K), 0.0023002 secs] [Times: user=0.01 sys=0.00, real=0.00 secs] 
1045.178: [GC (Allocation Failure) [PSYoungGen: 57691K->256K(58368K)] 430239K->372812K(586240K), 0.0014867 secs] [Times: user=0.00 sys=0.00, real=0.00 secs] 
1045.951: [GC (Allocation Failure) [PSYoungGen: 56576K->1408K(58368K)] 429132K->373964K(586240K), 0.0021190 secs] [Times: user=0.01 sys=0.00, real=0.00 secs] 
1046.812: [GC (Allocation Failure) [PSYoungGen: 57728K->1376K(58368K)] 430284K->373932K(586240K), 0.0024528 secs] [Times: user=0.01 sys=0.00, real=0.01 secs] 
1047.427: [GC (Allocation Failure) [PSYoungGen: 57696K->1408K(58368K)] 430252K->373964K(586240K), 0.0023847 secs] [Times: user=0.01 sys=0.00, real=0.00 secs] 
1048.028: [GC (Allocation Failure) [PSYoungGen: 57728K->1408K(58368K)] 430284K->373964K(586240K), 0.0024991 secs] [Times: user=0.01 sys=0.00, real=0.00 secs] 
1048.523: [GC (Allocation Failure) [PSYoungGen: 57653K->288K(58368K)] 430210K->372852K(586240K), 0.0024126 secs] [Times: user=0.01 sys=0.00, real=0.01 secs] 
1049.514: [GC (Allocation Failure) [PSYoungGen: 56608K->1408K(58368K)] 429172K->373980K(586240K), 0.0019444 secs] [Times: user=0.01 sys=0.00, real=0.00 secs] 
1049.805: [GC (Allocation Failure) [PSYoungGen: 57728K->1360K(58368K)] 430300K->373932K(586240K), 0.0020471 secs] [Times: user=0.00 sys=0.00, real=0.00 secs] 
1050.045: [GC (Allocation Failure) [PSYoungGen: 57680K->1440K(58368K)] 430252K->374012K(586240K), 0.0020627 secs] [Times: user=0.00 sys=0.01, real=0.00 secs] 
1050.490: [GC (Allocation Failure) [PSYoungGen: 57760K->1376K(58368K)] 430332K->373948K(586240K), 0.0018769 secs] [Times: user=0.01 sys=0.01, real=0.00 secs] 
1050.880: [GC (Allocation Failure) [PSYoungGen: 57696K->1344K(58368K)] 430268K->373932K(586240K), 0.0019461 secs] [Times: user=0.01 sys=0.00, real=0.00 secs] 
1052.091: [GC (Allocation Failure) [PSYoungGen: 57664K->1408K(58368K)] 430252K->374004K(586240K), 0.0020241 secs] [Times: user=0.01 sys=0.00, real=0.00 secs] 
1052.486: [GC (Allocation Failure) [PSYoungGen: 57728K->1440K(58368K)] 430324K->374036K(586240K), 0.0018666 secs] [Times: user=0.01 sys=0.00, real=0.00 secs] 
1052.957: [GC (Allocation Failure) [PSYoungGen: 57760K->1376K(58368K)] 430356K->373972K(586240K), 0.0028050 secs] [Times: user=0.01 sys=0.00, real=0.00 secs] 
1053.385: [GC (Allocation Failure) [PSYoungGen: 57696K->1376K(58368K)] 430292K->373972K(586240K), 0.0028986 secs] [Times: user=0.01 sys=0.01, real=0.00 secs] 
1053.826: [GC (Allocation Failure) [PSYoungGen: 57696K->1424K(58368K)] 430292K->374052K(586240K), 0.0033241 secs] [Times: user=0.02 sys=0.00, real=0.00 secs] 
1056.237: [GC (Allocation Failure) [PSYoungGen: 57744K->1472K(58368K)] 430372K->374100K(586240K), 0.0018814 secs] [Times: user=0.00 sys=0.00, real=0.00 secs] 
1057.018: [GC (Allocation Failure) [PSYoungGen: 57792K->1344K(58368K)] 430420K->373972K(586240K), 0.0023950 secs] [Times: user=0.01 sys=0.00, real=0.00 secs] 
1057.766: [GC (Allocation Failure) [PSYoungGen: 57664K->1344K(58368K)] 430292K->373972K(586240K), 0.0024782 secs] [Times: user=0.01 sys=0.00, real=0.00 secs] 
1058.375: [GC (Allocation Failure) [PSYoungGen: 57664K->1408K(58368K)] 430292K->374036K(586240K), 0.0025027 secs] [Times: user=0.01 sys=0.00, real=0.00 secs] 
1058.895: [GC (Allocation Failure) [PSYoungGen: 57728K->1440K(58368K)] 430356K->374068K(586240K), 0.0023121 secs] [Times: user=0.01 sys=0.00, real=0.00 secs] 
1060.998: [GC (Allocation Failure) [PSYoungGen: 57760K->1424K(58368K)] 430388K->374060K(586240K), 0.0033208 secs] [Times: user=0.01 sys=0.00, real=0.00 secs] 
1061.529: [GC (Allocation Failure) [PSYoungGen: 57744K->1440K(58368K)] 430380K->374076K(586240K), 0.0025944 secs] [Times: user=0.01 sys=0.00, real=0.00 secs] 
1062.026: [GC (Allocation Failure) [PSYoungGen: 57760K->1392K(58368K)] 430396K->374028K(586240K), 0.0023017 secs] [Times: user=0.01 sys=0.00, real=0.00 secs] 
1062.527: [GC (Allocation Failure) [PSYoungGen: 57712K->1440K(58368K)] 430348K->374076K(586240K), 0.0021875 secs] [Times: user=0.01 sys=0.00, real=0.00 secs] 
1062.961: [GC (Allocation Failure) [PSYoungGen: 57760K->1408K(58368K)] 430396K->374044K(586240K), 0.0021838 secs] [Times: user=0.01 sys=0.00, real=0.00 secs] 
1064.014: [GC (Allocation Failure) [PSYoungGen: 57728K->1440K(58368K)] 430364K->374084K(586240K), 0.0018766 secs] [Times: user=0.01 sys=0.00, real=0.00 secs] 
1064.248: [GC (Allocation Failure) [PSYoungGen: 57760K->1376K(58368K)] 430404K->374020K(586240K), 0.0018692 secs] [Times: user=0.01 sys=0.00, real=0.00 secs] 
1064.532: [GC (Allocation Failure) [PSYoungGen: 57696K->1392K(58368K)] 430340K->374036K(586240K), 0.0017122 secs] [Times: user=0.01 sys=0.00, real=0.01 secs] 
1064.778: [GC (Allocation Failure) [PSYoungGen: 57712K->1344K(58368K)] 430356K->373988K(586240K), 0.0018834 secs] [Times: user=0.01 sys=0.00, real=0.00 secs] 
1065.019: [GC (Allocation Failure) [PSYoungGen: 57664K->1424K(58368K)] 430308K->374068K(586240K), 0.0019332 secs] [Times: user=0.00 sys=0.00, real=0.00 secs] 
1065.943: [GC (Allocation Failure) [PSYoungGen: 57744K->1408K(58368K)] 430388K->374060K(586240K), 0.0016942 secs] [Times: user=0.01 sys=0.00, real=0.01 secs] 
1066.176: [GC (Allocation Failure) [PSYoungGen: 57728K->1376K(57856K)] 430380K->374028K(585728K), 0.0018072 secs] [Times: user=0.01 sys=0.00, real=0.00 secs] 
1066.409: [GC (Allocation Failure) [PSYoungGen: 57696K->1408K(57856K)] 430348K->374060K(585728K), 0.0017604 secs] [Times: user=0.01 sys=0.00, real=0.00 secs] 
1066.669: [GC (Allocation Failure) [PSYoungGen: 57728K->1376K(57856K)] 430380K->374028K(585728K), 0.0018329 secs] [Times: user=0.01 sys=0.00, real=0.00 secs] 
1066.904: [GC (Allocation Failure) [PSYoungGen: 57696K->1376K(57856K)] 430348K->374028K(585728K), 0.0018941 secs] [Times: user=0.01 sys=0.00, real=0.01 secs] 
1067.873: [GC (Allocation Failure) [PSYoungGen: 57696K->1408K(57856K)] 430348K->374060K(585728K), 0.0019221 secs] [Times: user=0.00 sys=0.00, real=0.01 secs] 
1068.187: [GC (Allocation Failure) [PSYoungGen: 57728K->1408K(57856K)] 430380K->374060K(585728K), 0.0018472 secs] [Times: user=0.01 sys=0.00, real=0.00 secs] 
1068.422: [GC (Allocation Failure) [PSYoungGen: 57728K->1408K(57856K)] 430380K->374060K(585728K), 0.0019990 secs] [Times: user=0.01 sys=0.00, real=0.01 secs] 
1068.861: [GC (Allocation Failure) [PSYoungGen: 57728K->1376K(57856K)] 430380K->374028K(585728K), 0.0020527 secs] [Times: user=0.01 sys=0.00, real=0.00 secs] 
1069.375: [GC (Allocation Failure) [PSYoungGen: 57696K->1344K(57856K)] 430348K->373996K(585728K), 0.0021723 secs] [Times: user=0.01 sys=0.00, real=0.00 secs] 
1070.398: [GC (Allocation Failure) [PSYoungGen: 57664K->1408K(57856K)] 430316K->374060K(585728K), 0.0017398 secs] [Times: user=0.01 sys=0.00, real=0.00 secs] 
1070.631: [GC (Allocation Failure) [PSYoungGen: 57728K->1408K(57856K)] 430380K->374060K(585728K), 0.0017785 secs] [Times: user=0.01 sys=0.00, real=0.00 secs] 
1070.865: [GC (Allocation Failure) [PSYoungGen: 57728K->1424K(57856K)] 430380K->374092K(585728K), 0.0019307 secs] [Times: user=0.01 sys=0.00, real=0.00 secs] 
1071.100: [GC (Allocation Failure) [PSYoungGen: 57744K->1440K(57856K)] 430412K->374108K(585728K), 0.0025853 secs] [Times: user=0.01 sys=0.00, real=0.00 secs] 
1071.431: [GC (Allocation Failure) [PSYoungGen: 57760K->1424K(57856K)] 430428K->374092K(585728K), 0.0025426 secs] [Times: user=0.01 sys=0.00, real=0.00 secs] 
1072.939: [GC (Allocation Failure) [PSYoungGen: 57744K->1408K(57856K)] 430412K->374076K(585728K), 0.0032916 secs] [Times: user=0.02 sys=0.00, real=0.00 secs] 
1073.434: [GC (Allocation Failure) [PSYoungGen: 57728K->1408K(57856K)] 430396K->374076K(585728K), 0.0032356 secs] [Times: user=0.02 sys=0.00, real=0.00 secs] 
1073.870: [GC (Allocation Failure) [PSYoungGen: 57728K->1408K(57856K)] 430396K->374076K(585728K), 0.0032320 secs] [Times: user=0.01 sys=0.00, real=0.00 secs] 
1074.480: [GC (Allocation Failure) [PSYoungGen: 57728K->1424K(57856K)] 430396K->374092K(585728K), 0.0027245 secs] [Times: user=0.01 sys=0.00, real=0.00 secs] 
1075.121: [GC (Allocation Failure) [PSYoungGen: 57744K->1376K(57856K)] 430412K->374044K(585728K), 0.0041215 secs] [Times: user=0.02 sys=0.00, real=0.01 secs] 
1076.467: [GC (Allocation Failure) [PSYoungGen: 57696K->1424K(57856K)] 430364K->374092K(585728K), 0.0017252 secs] [Times: user=0.01 sys=0.00, real=0.00 secs] 
1076.915: [GC (Allocation Failure) [PSYoungGen: 57744K->1408K(57856K)] 430412K->374076K(585728K), 0.0018334 secs] [Times: user=0.01 sys=0.00, real=0.00 secs] 
1077.157: [GC (Allocation Failure) [PSYoungGen: 57728K->1408K(57856K)] 430396K->374076K(585728K), 0.0020607 secs] [Times: user=0.01 sys=0.00, real=0.00 secs] 
1077.408: [GC (Allocation Failure) [PSYoungGen: 57728K->1344K(57856K)] 430396K->374012K(585728K), 0.0019811 secs] [Times: user=0.01 sys=0.00, real=0.00 secs] 
1077.772: [GC (Allocation Failure) [PSYoungGen: 57664K->1408K(57856K)] 430332K->374076K(585728K), 0.0018794 secs] [Times: user=0.01 sys=0.00, real=0.00 secs] 
1079.057: [GC (Allocation Failure) [PSYoungGen: 57728K->1472K(57856K)] 430396K->374148K(585728K), 0.0040405 secs] [Times: user=0.02 sys=0.00, real=0.00 secs] 
1079.525: [GC (Allocation Failure) [PSYoungGen: 57792K->1408K(57856K)] 430468K->374084K(585728K), 0.0025369 secs] [Times: user=0.01 sys=0.00, real=0.00 secs] 
1079.980: [GC (Allocation Failure) [PSYoungGen: 57728K->1440K(57856K)] 430404K->374116K(585728K), 0.0035337 secs] [Times: user=0.02 sys=0.00, real=0.00 secs] 
1080.223: [GC (Allocation Failure) [PSYoungGen: 57760K->1440K(57856K)] 430436K->374116K(585728K), 0.0029327 secs] [Times: user=0.02 sys=0.00, real=0.01 secs] 
1080.459: [GC (Allocation Failure) [PSYoungGen: 57760K->1440K(57856K)] 430436K->374116K(585728K), 0.0020957 secs] [Times: user=0.01 sys=0.00, real=0.00 secs] 
1081.709: [GC (Allocation Failure) [PSYoungGen: 57760K->1472K(57856K)] 430436K->374148K(585728K), 0.0020370 secs] [Times: user=0.01 sys=0.00, real=0.00 secs] 
1082.239: [GC (Allocation Failure) [PSYoungGen: 57792K->1408K(57856K)] 430468K->374084K(585728K), 0.0040493 secs] [Times: user=0.02 sys=0.00, real=0.00 secs] 
1082.582: [GC (Allocation Failure) [PSYoungGen: 57728K->1376K(57856K)] 430404K->374052K(585728K), 0.0020610 secs] [Times: user=0.00 sys=0.00, real=0.01 secs] 
1082.816: [GC (Allocation Failure) [PSYoungGen: 57696K->1392K(57856K)] 430372K->374068K(585728K), 0.0020122 secs] [Times: user=0.01 sys=0.00, real=0.00 secs] 
1083.052: [GC (Allocation Failure) [PSYoungGen: 57712K->1408K(57856K)] 430388K->374100K(585728K), 0.0020851 secs] [Times: user=0.01 sys=0.00, real=0.01 secs] 
1083.945: [GC (Allocation Failure) [PSYoungGen: 57728K->1472K(57856K)] 430420K->374164K(585728K), 0.0016312 secs] [Times: user=0.00 sys=0.00, real=0.00 secs] 
1084.178: [GC (Allocation Failure) [PSYoungGen: 57792K->1424K(57856K)] 430484K->374116K(585728K), 0.0015745 secs] [Times: user=0.01 sys=0.00, real=0.00 secs] 
1084.411: [GC (Allocation Failure) [PSYoungGen: 57744K->1440K(57856K)] 430436K->374132K(585728K), 0.0016408 secs] [Times: user=0.01 sys=0.00, real=0.00 secs] 
1084.645: [GC (Allocation Failure) [PSYoungGen: 57760K->1376K(57856K)] 430452K->374068K(585728K), 0.0015575 secs] [Times: user=0.00 sys=0.00, real=0.00 secs] 
1084.878: [GC (Allocation Failure) [PSYoungGen: 57696K->1408K(57856K)] 430388K->374100K(585728K), 0.0016352 secs] [Times: user=0.00 sys=0.00, real=0.00 secs] 
1085.776: [GC (Allocation Failure) [PSYoungGen: 57728K->1408K(57856K)] 430420K->374116K(585728K), 0.0017953 secs] [Times: user=0.01 sys=0.00, real=0.00 secs] 
1086.010: [GC (Allocation Failure) [PSYoungGen: 57728K->1376K(57856K)] 430436K->374084K(585728K), 0.0017438 secs] [Times: user=0.01 sys=0.00, real=0.00 secs] 
1086.246: [GC (Allocation Failure) [PSYoungGen: 57696K->1408K(57856K)] 430404K->374116K(585728K), 0.0017580 secs] [Times: user=0.00 sys=0.00, real=0.00 secs] 
1086.479: [GC (Allocation Failure) [PSYoungGen: 57728K->1408K(57856K)] 430436K->374116K(585728K), 0.0017589 secs] [Times: user=0.01 sys=0.00, real=0.00 secs] 
1086.713: [GC (Allocation Failure) [PSYoungGen: 57728K->1392K(57856K)] 430436K->374100K(585728K), 0.0018454 secs] [Times: user=0.00 sys=0.00, real=0.01 secs] 
1087.624: [GC (Allocation Failure) [PSYoungGen: 57712K->1408K(57856K)] 430420K->374116K(585728K), 0.0016474 secs] [Times: user=0.01 sys=0.00, real=0.00 secs] 
1087.859: [GC (Allocation Failure) [PSYoungGen: 57728K->1392K(57856K)] 430436K->374100K(585728K), 0.0014943 secs] [Times: user=0.01 sys=0.00, real=0.00 secs] 
1088.092: [GC (Allocation Failure) [PSYoungGen: 57712K->1408K(57856K)] 430420K->374116K(585728K), 0.0016395 secs] [Times: user=0.01 sys=0.00, real=0.00 secs] 
1088.325: [GC (Allocation Failure) [PSYoungGen: 57728K->1408K(57856K)] 430436K->374116K(585728K), 0.0015336 secs] [Times: user=0.01 sys=0.00, real=0.00 secs] 
1088.558: [GC (Allocation Failure) [PSYoungGen: 57728K->1408K(57856K)] 430436K->374116K(585728K), 0.0015788 secs] [Times: user=0.01 sys=0.00, real=0.00 secs] 
1089.734: [GC (Allocation Failure) [PSYoungGen: 57728K->1440K(57856K)] 430436K->374156K(585728K), 0.0023239 secs] [Times: user=0.01 sys=0.00, real=0.00 secs] 
1090.257: [GC (Allocation Failure) [PSYoungGen: 57760K->1408K(57856K)] 430476K->374124K(585728K), 0.0037195 secs] [Times: user=0.01 sys=0.00, real=0.00 secs] 
1090.933: [GC (Allocation Failure) [PSYoungGen: 57728K->1440K(57856K)] 430444K->374156K(585728K), 0.0041039 secs] [Times: user=0.02 sys=0.00, real=0.01 secs] 
1091.600: [GC (Allocation Failure) [PSYoungGen: 57760K->1376K(57856K)] 430476K->374100K(585728K), 0.0040136 secs] [Times: user=0.02 sys=0.00, real=0.01 secs] 
1092.194: [GC (Allocation Failure) [PSYoungGen: 57696K->1344K(57856K)] 430420K->374068K(585728K), 0.0039258 secs] [Times: user=0.01 sys=0.00, real=0.00 secs] 
1093.450: [GC (Allocation Failure) [PSYoungGen: 57664K->1472K(57856K)] 430388K->374196K(585728K), 0.0018228 secs] [Times: user=0.00 sys=0.00, real=0.00 secs] 
1094.046: [GC (Allocation Failure) [PSYoungGen: 57792K->1376K(57856K)] 430516K->374100K(585728K), 0.0021136 secs] [Times: user=0.01 sys=0.00, real=0.00 secs] 
1094.683: [GC (Allocation Failure) [PSYoungGen: 57696K->1376K(57856K)] 430420K->374108K(585728K), 0.0024969 secs] [Times: user=0.01 sys=0.00, real=0.01 secs] 
1095.374: [GC (Allocation Failure) [PSYoungGen: 57696K->1408K(57856K)] 430428K->374140K(585728K), 0.0026372 secs] [Times: user=0.01 sys=0.00, real=0.00 secs] 
1096.046: [GC (Allocation Failure) [PSYoungGen: 57728K->1408K(57856K)] 430460K->374140K(585728K), 0.0027940 secs] [Times: user=0.01 sys=0.00, real=0.00 secs] 
1097.812: [GC (Allocation Failure) [PSYoungGen: 57728K->1408K(57856K)] 430460K->374164K(585728K), 0.0029033 secs] [Times: user=0.02 sys=0.00, real=0.01 secs] 
1098.072: [GC (Allocation Failure) [PSYoungGen: 57728K->1440K(57856K)] 430484K->374196K(585728K), 0.0022528 secs] [Times: user=0.01 sys=0.00, real=0.01 secs] 
1098.308: [GC (Allocation Failure) [PSYoungGen: 57760K->1376K(57856K)] 430516K->374140K(585728K), 0.0019356 secs] [Times: user=0.01 sys=0.00, real=0.00 secs] 
1098.542: [GC (Allocation Failure) [PSYoungGen: 57696K->1408K(57856K)] 430460K->374172K(585728K), 0.0019126 secs] [Times: user=0.01 sys=0.00, real=0.01 secs] 
1098.777: [GC (Allocation Failure) [PSYoungGen: 57728K->1440K(57856K)] 430492K->374212K(585728K), 0.0019678 secs] [Times: user=0.01 sys=0.00, real=0.00 secs] 
1099.756: [GC (Allocation Failure) [PSYoungGen: 57760K->1424K(57856K)] 430532K->374204K(585728K), 0.0018985 secs] [Times: user=0.01 sys=0.00, real=0.00 secs] 
1100.087: [GC (Allocation Failure) [PSYoungGen: 57744K->1408K(57856K)] 430524K->374188K(585728K), 0.0021329 secs] [Times: user=0.01 sys=0.00, real=0.00 secs] 
1100.353: [GC (Allocation Failure) [PSYoungGen: 57728K->1376K(57856K)] 430508K->374156K(585728K), 0.0019705 secs] [Times: user=0.01 sys=0.00, real=0.01 secs] 
1100.587: [GC (Allocation Failure) [PSYoungGen: 57696K->1392K(57856K)] 430476K->374172K(585728K), 0.0020145 secs] [Times: user=0.01 sys=0.00, real=0.00 secs] 
1100.894: [GC (Allocation Failure) [PSYoungGen: 57712K->1376K(57856K)] 430492K->374156K(585728K), 0.0020054 secs] [Times: user=0.01 sys=0.00, real=0.00 secs] 
1101.903: [GC (Allocation Failure) [PSYoungGen: 57696K->1440K(57856K)] 430476K->374220K(585728K), 0.0017875 secs] [Times: user=0.00 sys=0.00, real=0.01 secs] 
1102.137: [GC (Allocation Failure) [PSYoungGen: 57760K->1392K(57856K)] 430540K->374172K(585728K), 0.0017160 secs] [Times: user=0.01 sys=0.00, real=0.00 secs] 
1102.370: [GC (Allocation Failure) [PSYoungGen: 57712K->1440K(57856K)] 430492K->374252K(585728K), 0.0017400 secs] [Times: user=0.00 sys=0.00, real=0.00 secs] 
1102.604: [GC (Allocation Failure) [PSYoungGen: 57760K->1408K(57856K)] 430572K->374220K(585728K), 0.0018016 secs] [Times: user=0.01 sys=0.00, real=0.00 secs] 
1102.838: [GC (Allocation Failure) [PSYoungGen: 57728K->1376K(57856K)] 430540K->374188K(585728K), 0.0018438 secs] [Times: user=0.00 sys=0.00, real=0.00 secs] 
1104.407: [GC (Allocation Failure) [PSYoungGen: 57696K->1440K(57856K)] 430508K->374252K(585728K), 0.0027744 secs] [Times: user=0.01 sys=0.00, real=0.00 secs] 
1105.259: [GC (Allocation Failure) [PSYoungGen: 57760K->1440K(57856K)] 430572K->374252K(585728K), 0.0040064 secs] [Times: user=0.01 sys=0.00, real=0.00 secs] 
1106.261: [GC (Allocation Failure) [PSYoungGen: 57760K->1408K(57856K)] 430572K->374220K(585728K), 0.0051797 secs] [Times: user=0.02 sys=0.00, real=0.01 secs] 
1106.822: [GC (Allocation Failure) [PSYoungGen: 57728K->1328K(57856K)] 430540K->374140K(585728K), 0.0040679 secs] [Times: user=0.02 sys=0.00, real=0.01 secs] 
1107.334: [GC (Allocation Failure) [PSYoungGen: 57648K->1472K(57856K)] 430460K->374284K(585728K), 0.0032352 secs] [Times: user=0.02 sys=0.00, real=0.00 secs] 
1108.729: [GC (Allocation Failure) [PSYoungGen: 57792K->1440K(57856K)] 430604K->374252K(585728K), 0.0017532 secs] [Times: user=0.01 sys=0.00, real=0.00 secs] 
1109.257: [GC (Allocation Failure) [PSYoungGen: 57760K->1376K(57856K)] 430572K->374188K(585728K), 0.0017929 secs] [Times: user=0.01 sys=0.00, real=0.00 secs] 
1109.747: [GC (Allocation Failure) [PSYoungGen: 57696K->1376K(57856K)] 430508K->374188K(585728K), 0.0018664 secs] [Times: user=0.00 sys=0.00, real=0.00 secs] 
1110.307: [GC (Allocation Failure) [PSYoungGen: 57696K->1424K(57856K)] 430508K->374236K(585728K), 0.0021142 secs] [Times: user=0.01 sys=0.00, real=0.00 secs] 
1111.048: [GC (Allocation Failure) [PSYoungGen: 57744K->1408K(57856K)] 430556K->374220K(585728K), 0.0026886 secs] [Times: user=0.01 sys=0.00, real=0.00 secs] 
1112.225: [GC (Allocation Failure) [PSYoungGen: 57728K->1472K(57856K)] 430540K->374284K(585728K), 0.0019770 secs] [Times: user=0.00 sys=0.00, real=0.00 secs] 
1112.459: [GC (Allocation Failure) [PSYoungGen: 57792K->1392K(57856K)] 430604K->374204K(585728K), 0.0018177 secs] [Times: user=0.01 sys=0.00, real=0.00 secs] 
1112.693: [GC (Allocation Failure) [PSYoungGen: 57712K->1376K(57856K)] 430524K->374188K(585728K), 0.0018733 secs] [Times: user=0.01 sys=0.00, real=0.01 secs] 
1112.933: [GC (Allocation Failure) [PSYoungGen: 57696K->1376K(57856K)] 430508K->374188K(585728K), 0.0031584 secs] [Times: user=0.01 sys=0.00, real=0.01 secs] 
1113.231: [GC (Allocation Failure) [PSYoungGen: 57696K->1440K(57856K)] 430508K->374252K(585728K), 0.0024839 secs] [Times: user=0.01 sys=0.00, real=0.01 secs] 
1114.661: [GC (Allocation Failure) [PSYoungGen: 57760K->1408K(57856K)] 430572K->374228K(585728K), 0.0026075 secs] [Times: user=0.01 sys=0.00, real=0.01 secs] 
1115.058: [GC (Allocation Failure) [PSYoungGen: 57728K->1392K(57856K)] 430548K->374220K(585728K), 0.0028477 secs] [Times: user=0.02 sys=0.00, real=0.00 secs] 
1115.283: [GC (Allocation Failure) [PSYoungGen: 57712K->1440K(57856K)] 430540K->374268K(585728K), 0.0035706 secs] [Times: user=0.01 sys=0.00, real=0.01 secs] 
1115.569: [GC (Allocation Failure) [PSYoungGen: 57760K->1408K(57856K)] 430588K->374236K(585728K), 0.0019010 secs] [Times: user=0.01 sys=0.00, real=0.00 secs] 
1115.827: [GC (Allocation Failure) [PSYoungGen: 57728K->1376K(57856K)] 430556K->374204K(585728K), 0.0019532 secs] [Times: user=0.01 sys=0.00, real=0.00 secs] 
1118.193: [GC (Allocation Failure) [PSYoungGen: 57696K->1472K(57856K)] 430524K->374300K(585728K), 0.0040965 secs] [Times: user=0.02 sys=0.00, real=0.01 secs] 
1119.089: [GC (Allocation Failure) [PSYoungGen: 57792K->1408K(57856K)] 430620K->374236K(585728K), 0.0040706 secs] [Times: user=0.01 sys=0.00, real=0.00 secs] 
1119.575: [GC (Allocation Failure) [PSYoungGen: 57728K->1408K(57856K)] 430556K->374236K(585728K), 0.0022359 secs] [Times: user=0.00 sys=0.00, real=0.00 secs] 
1119.801: [GC (Allocation Failure) [PSYoungGen: 57728K->1344K(57856K)] 430556K->374172K(585728K), 0.0020284 secs] [Times: user=0.01 sys=0.00, real=0.00 secs] 
1120.035: [GC (Allocation Failure) [PSYoungGen: 57664K->1376K(57856K)] 430492K->374204K(585728K), 0.0020231 secs] [Times: user=0.01 sys=0.00, real=0.00 secs] 
1121.428: [GC (Allocation Failure) [PSYoungGen: 57696K->1440K(57856K)] 430524K->374268K(585728K), 0.0043034 secs] [Times: user=0.02 sys=0.00, real=0.00 secs] 
1122.071: [GC (Allocation Failure) [PSYoungGen: 57760K->1408K(57856K)] 430588K->374236K(585728K), 0.0026726 secs] [Times: user=0.01 sys=0.00, real=0.01 secs] 
1122.902: [GC (Allocation Failure) [PSYoungGen: 57728K->1376K(57856K)] 430556K->374204K(585728K), 0.0032731 secs] [Times: user=0.01 sys=0.00, real=0.01 secs] 
1123.639: [GC (Allocation Failure) [PSYoungGen: 57696K->1344K(57856K)] 430524K->374172K(585728K), 0.0034469 secs] [Times: user=0.01 sys=0.00, real=0.00 secs] 
1124.019: [GC (Allocation Failure) [PSYoungGen: 57664K->1376K(57856K)] 430492K->374204K(585728K), 0.0021421 secs] [Times: user=0.01 sys=0.00, real=0.00 secs] 
1125.183: [GC (Allocation Failure) [PSYoungGen: 57696K->1424K(57856K)] 430524K->374260K(585728K), 0.0019408 secs] [Times: user=0.01 sys=0.00, real=0.01 secs] 
1125.900: [GC (Allocation Failure) [PSYoungGen: 57744K->1344K(57856K)] 430580K->374180K(585728K), 0.0020052 secs] [Times: user=0.00 sys=0.00, real=0.00 secs] 
1126.708: [GC (Allocation Failure) [PSYoungGen: 57664K->1344K(57856K)] 430500K->374180K(585728K), 0.0046747 secs] [Times: user=0.02 sys=0.00, real=0.00 secs] 
1127.447: [GC (Allocation Failure) [PSYoungGen: 57664K->1408K(57856K)] 430500K->374244K(585728K), 0.0027733 secs] [Times: user=0.02 sys=0.00, real=0.00 secs] 
1128.071: [GC (Allocation Failure) [PSYoungGen: 57728K->1376K(57856K)] 430564K->374212K(585728K), 0.0030360 secs] [Times: user=0.01 sys=0.00, real=0.01 secs] 
1129.499: [GC (Allocation Failure) [PSYoungGen: 57696K->1408K(57856K)] 430532K->374244K(585728K), 0.0020024 secs] [Times: user=0.01 sys=0.00, real=0.00 secs] 
1129.745: [GC (Allocation Failure) [PSYoungGen: 57728K->1408K(57856K)] 430564K->374244K(585728K), 0.0019494 secs] [Times: user=0.00 sys=0.00, real=0.00 secs] 
1129.980: [GC (Allocation Failure) [PSYoungGen: 57728K->1392K(57856K)] 430564K->374228K(585728K), 0.0022299 secs] [Times: user=0.01 sys=0.00, real=0.00 secs] 
1130.239: [GC (Allocation Failure) [PSYoungGen: 57712K->1408K(57856K)] 430548K->374244K(585728K), 0.0022438 secs] [Times: user=0.01 sys=0.00, real=0.00 secs] 
1130.489: [GC (Allocation Failure) [PSYoungGen: 57728K->1408K(57856K)] 430564K->374244K(585728K), 0.0019791 secs] [Times: user=0.00 sys=0.00, real=0.00 secs] 
1131.486: [GC (Allocation Failure) [PSYoungGen: 57728K->1440K(57856K)] 430564K->374276K(585728K), 0.0018531 secs] [Times: user=0.01 sys=0.00, real=0.00 secs] 
1131.809: [GC (Allocation Failure) [PSYoungGen: 57760K->1376K(57856K)] 430596K->374212K(585728K), 0.0021268 secs] [Times: user=0.01 sys=0.00, real=0.00 secs] 
1132.210: [GC (Allocation Failure) [PSYoungGen: 57696K->1424K(57856K)] 430532K->374260K(585728K), 0.0023036 secs] [Times: user=0.01 sys=0.00, real=0.00 secs] 
1132.604: [GC (Allocation Failure) [PSYoungGen: 57744K->1376K(57856K)] 430580K->374212K(585728K), 0.0020983 secs] [Times: user=0.01 sys=0.00, real=0.00 secs] 
1133.065: [GC (Allocation Failure) [PSYoungGen: 57696K->1376K(57856K)] 430532K->374212K(585728K), 0.0021452 secs] [Times: user=0.01 sys=0.00, real=0.00 secs] 
1134.308: [GC (Allocation Failure) [PSYoungGen: 57696K->1408K(57856K)] 430532K->374268K(585728K), 0.0019236 secs] [Times: user=0.01 sys=0.00, real=0.00 secs] 
1134.777: [GC (Allocation Failure) [PSYoungGen: 57728K->1408K(57856K)] 430588K->374268K(585728K), 0.0025451 secs] [Times: user=0.01 sys=0.00, real=0.00 secs] 
1135.249: [GC (Allocation Failure) [PSYoungGen: 57728K->1392K(57856K)] 430588K->374252K(585728K), 0.0023695 secs] [Times: user=0.01 sys=0.00, real=0.00 secs] 
1135.731: [GC (Allocation Failure) [PSYoungGen: 57712K->1392K(57856K)] 430572K->374252K(585728K), 0.0024607 secs] [Times: user=0.01 sys=0.00, real=0.00 secs] 
1136.138: [GC (Allocation Failure) [PSYoungGen: 57712K->1376K(57856K)] 430572K->374236K(585728K), 0.0023296 secs] [Times: user=0.01 sys=0.00, real=0.00 secs] 
1137.546: [GC (Allocation Failure) [PSYoungGen: 57696K->1440K(57856K)] 430556K->374308K(585728K), 0.0018042 secs] [Times: user=0.00 sys=0.00, real=0.00 secs] 
1138.421: [GC (Allocation Failure) [PSYoungGen: 57760K->1408K(57856K)] 430628K->374276K(585728K), 0.0024619 secs] [Times: user=0.01 sys=0.00, real=0.00 secs] 
1139.304: [GC (Allocation Failure) [PSYoungGen: 57728K->1408K(57856K)] 430596K->374276K(585728K), 0.0040800 secs] [Times: user=0.02 sys=0.00, real=0.00 secs] 
1140.157: [GC (Allocation Failure) [PSYoungGen: 57728K->1360K(57856K)] 430596K->374228K(585728K), 0.0042831 secs] [Times: user=0.02 sys=0.00, real=0.00 secs] 
1140.630: [GC (Allocation Failure) [PSYoungGen: 57680K->1408K(57856K)] 430548K->374276K(585728K), 0.0032639 secs] [Times: user=0.02 sys=0.00, real=0.00 secs] 
1141.885: [GC (Allocation Failure) [PSYoungGen: 57728K->1440K(57856K)] 430596K->374308K(585728K), 0.0019946 secs] [Times: user=0.01 sys=0.00, real=0.00 secs] 
1142.357: [GC (Allocation Failure) [PSYoungGen: 57760K->1344K(57856K)] 430628K->374212K(585728K), 0.0040455 secs] [Times: user=0.02 sys=0.00, real=0.00 secs] 
1142.834: [GC (Allocation Failure) [PSYoungGen: 57664K->1312K(57856K)] 430532K->374180K(585728K), 0.0032185 secs] [Times: user=0.01 sys=0.00, real=0.01 secs] 
1143.273: [GC (Allocation Failure) [PSYoungGen: 57632K->1344K(57856K)] 430500K->374212K(585728K), 0.0024243 secs] [Times: user=0.01 sys=0.00, real=0.01 secs] 
1143.985: [GC (Allocation Failure) [PSYoungGen: 57664K->1408K(57856K)] 430532K->374276K(585728K), 0.0029012 secs] [Times: user=0.01 sys=0.00, real=0.00 secs] 
1145.370: [GC (Allocation Failure) [PSYoungGen: 57728K->1440K(57856K)] 430596K->374308K(585728K), 0.0016883 secs] [Times: user=0.00 sys=0.00, real=0.00 secs] 
1146.129: [GC (Allocation Failure) [PSYoungGen: 57760K->1440K(57856K)] 430628K->374316K(585728K), 0.0021408 secs] [Times: user=0.01 sys=0.00, real=0.00 secs] 
1146.992: [GC (Allocation Failure) [PSYoungGen: 57760K->1408K(57856K)] 430636K->374284K(585728K), 0.0027759 secs] [Times: user=0.01 sys=0.00, real=0.01 secs] 
1147.636: [GC (Allocation Failure) [PSYoungGen: 57728K->1440K(57856K)] 430604K->374316K(585728K), 0.0029650 secs] [Times: user=0.01 sys=0.00, real=0.00 secs] 
1148.144: [GC (Allocation Failure) [PSYoungGen: 57760K->1376K(57856K)] 430636K->374252K(585728K), 0.0034521 secs] [Times: user=0.02 sys=0.00, real=0.00 secs] 
1150.333: [GC (Allocation Failure) [PSYoungGen: 57696K->1472K(57856K)] 430572K->374348K(585728K), 0.0028654 secs] [Times: user=0.01 sys=0.00, real=0.01 secs] 
1151.163: [GC (Allocation Failure) [PSYoungGen: 57792K->1408K(57856K)] 430668K->374284K(585728K), 0.0022090 secs] [Times: user=0.01 sys=0.00, real=0.01 secs] 
1151.997: [GC (Allocation Failure) [PSYoungGen: 57728K->1440K(57856K)] 430604K->374316K(585728K), 0.0023960 secs] [Times: user=0.01 sys=0.00, real=0.00 secs] 
1152.279: [GC (Allocation Failure) [PSYoungGen: 57760K->1376K(57856K)] 430636K->374252K(585728K), 0.0020889 secs] [Times: user=0.01 sys=0.00, real=0.00 secs] 
1152.577: [GC (Allocation Failure) [PSYoungGen: 57696K->1424K(57856K)] 430572K->374300K(585728K), 0.0019963 secs] [Times: user=0.01 sys=0.00, real=0.00 secs] 
1153.483: [GC (Allocation Failure) [PSYoungGen: 57744K->1456K(57856K)] 430620K->374332K(585728K), 0.0019343 secs] [Times: user=0.01 sys=0.00, real=0.01 secs] 
1153.733: [GC (Allocation Failure) [PSYoungGen: 57776K->1408K(57856K)] 430652K->374284K(585728K), 0.0018956 secs] [Times: user=0.01 sys=0.00, real=0.01 secs] 
1153.971: [GC (Allocation Failure) [PSYoungGen: 57728K->1376K(57856K)] 430604K->374252K(585728K), 0.0016896 secs] [Times: user=0.01 sys=0.00, real=0.00 secs] 
1154.204: [GC (Allocation Failure) [PSYoungGen: 57696K->1376K(57856K)] 430572K->374252K(585728K), 0.0018536 secs] [Times: user=0.00 sys=0.00, real=0.00 secs] 
1154.471: [GC (Allocation Failure) [PSYoungGen: 57696K->1376K(57856K)] 430572K->374252K(585728K), 0.0018573 secs] [Times: user=0.01 sys=0.00, real=0.00 secs] 
1155.425: [GC (Allocation Failure) [PSYoungGen: 57696K->1408K(57856K)] 430572K->374300K(585728K), 0.0017902 secs] [Times: user=0.01 sys=0.00, real=0.00 secs] 
1155.701: [GC (Allocation Failure) [PSYoungGen: 57728K->1376K(57856K)] 430620K->374268K(585728K), 0.0017603 secs] [Times: user=0.01 sys=0.01, real=0.00 secs] 
1155.941: [GC (Allocation Failure) [PSYoungGen: 57696K->1408K(57856K)] 430588K->374300K(585728K), 0.0019138 secs] [Times: user=0.01 sys=0.00, real=0.00 secs] 
1156.175: [GC (Allocation Failure) [PSYoungGen: 57728K->1408K(57856K)] 430620K->374300K(585728K), 0.0020304 secs] [Times: user=0.01 sys=0.00, real=0.00 secs] 
1156.555: [GC (Allocation Failure) [PSYoungGen: 57728K->1408K(57856K)] 430620K->374300K(585728K), 0.0029538 secs] [Times: user=0.01 sys=0.00, real=0.00 secs] 
1158.207: [GC (Allocation Failure) [PSYoungGen: 57728K->1424K(57856K)] 430620K->374316K(585728K), 0.0038340 secs] [Times: user=0.02 sys=0.00, real=0.00 secs] 
1159.135: [GC (Allocation Failure) [PSYoungGen: 57744K->1408K(57856K)] 430636K->374300K(585728K), 0.0035581 secs] [Times: user=0.01 sys=0.00, real=0.00 secs] 
1159.553: [GC (Allocation Failure) [PSYoungGen: 57728K->1440K(57856K)] 430620K->374332K(585728K), 0.0024976 secs] [Times: user=0.02 sys=0.00, real=0.01 secs] 
1159.795: [GC (Allocation Failure) [PSYoungGen: 57760K->1392K(57856K)] 430652K->374284K(585728K), 0.0020551 secs] [Times: user=0.01 sys=0.00, real=0.00 secs] 
1160.347: [GC (Allocation Failure) [PSYoungGen: 57712K->1376K(57856K)] 430604K->374268K(585728K), 0.0027033 secs] [Times: user=0.01 sys=0.00, real=0.00 secs] 
1161.554: [GC (Allocation Failure) [PSYoungGen: 57696K->1440K(57856K)] 430588K->374340K(585728K), 0.0017982 secs] [Times: user=0.00 sys=0.00, real=0.00 secs] 
1161.866: [GC (Allocation Failure) [PSYoungGen: 57760K->1408K(57856K)] 430660K->374308K(585728K), 0.0020914 secs] [Times: user=0.01 sys=0.00, real=0.00 secs] 
1162.100: [GC (Allocation Failure) [PSYoungGen: 57728K->1408K(57856K)] 430628K->374308K(585728K), 0.0019917 secs] [Times: user=0.01 sys=0.00, real=0.00 secs] 
1162.339: [GC (Allocation Failure) [PSYoungGen: 57728K->1392K(57856K)] 430628K->374292K(585728K), 0.0026870 secs] [Times: user=0.01 sys=0.00, real=0.00 secs] 
1162.572: [GC (Allocation Failure) [PSYoungGen: 57712K->1440K(57856K)] 430612K->374340K(585728K), 0.0020971 secs] [Times: user=0.01 sys=0.00, real=0.01 secs] 
1163.512: [GC (Allocation Failure) [PSYoungGen: 57760K->1488K(57856K)] 430660K->374404K(585728K), 0.0016688 secs] [Times: user=0.00 sys=0.00, real=0.01 secs] 
1163.746: [GC (Allocation Failure) [PSYoungGen: 57808K->1408K(57856K)] 430724K->374324K(585728K), 0.0019414 secs] [Times: user=0.01 sys=0.00, real=0.00 secs] 
1164.034: [GC (Allocation Failure) [PSYoungGen: 57728K->1408K(57856K)] 430644K->374324K(585728K), 0.0017280 secs] [Times: user=0.01 sys=0.00, real=0.01 secs] 
1164.364: [GC (Allocation Failure) [PSYoungGen: 57728K->1376K(57856K)] 430644K->374292K(585728K), 0.0028390 secs] [Times: user=0.01 sys=0.00, real=0.00 secs] 
1164.845: [GC (Allocation Failure) [PSYoungGen: 57696K->1408K(57856K)] 430612K->374324K(585728K), 0.0025662 secs] [Times: user=0.01 sys=0.00, real=0.00 secs] 
1165.956: [GC (Allocation Failure) [PSYoungGen: 57728K->1408K(57856K)] 430644K->374340K(585728K), 0.0019790 secs] [Times: user=0.01 sys=0.00, real=0.00 secs] 
1166.191: [GC (Allocation Failure) [PSYoungGen: 57728K->1392K(57856K)] 430660K->374324K(585728K), 0.0020278 secs] [Times: user=0.01 sys=0.00, real=0.00 secs] 
1166.425: [GC (Allocation Failure) [PSYoungGen: 57712K->1376K(57856K)] 430644K->374308K(585728K), 0.0019843 secs] [Times: user=0.00 sys=0.00, real=0.00 secs] 
1166.659: [GC (Allocation Failure) [PSYoungGen: 57696K->1376K(57856K)] 430628K->374308K(585728K), 0.0018681 secs] [Times: user=0.01 sys=0.00, real=0.00 secs] 
1166.980: [GC (Allocation Failure) [PSYoungGen: 57696K->1424K(57856K)] 430628K->374356K(585728K), 0.0017545 secs] [Times: user=0.01 sys=0.00, real=0.00 secs] 
1168.170: [GC (Allocation Failure) [PSYoungGen: 57744K->1440K(57856K)] 430676K->374380K(585728K), 0.0036820 secs] [Times: user=0.01 sys=0.00, real=0.00 secs] 
1168.641: [GC (Allocation Failure) [PSYoungGen: 57760K->1344K(57856K)] 430700K->374284K(585728K), 0.0027854 secs] [Times: user=0.02 sys=0.00, real=0.01 secs] 
1168.978: [GC (Allocation Failure) [PSYoungGen: 57664K->1376K(57856K)] 430604K->374316K(585728K), 0.0025218 secs] [Times: user=0.01 sys=0.00, real=0.00 secs] 
1169.346: [GC (Allocation Failure) [PSYoungGen: 57696K->1360K(57856K)] 430636K->374300K(585728K), 0.0023707 secs] [Times: user=0.01 sys=0.00, real=0.00 secs] 
1169.861: [GC (Allocation Failure) [PSYoungGen: 57680K->1424K(57856K)] 430620K->374364K(585728K), 0.0024952 secs] [Times: user=0.01 sys=0.00, real=0.00 secs] 
1171.167: [GC (Allocation Failure) [PSYoungGen: 57744K->1440K(57856K)] 430684K->374380K(585728K), 0.0019876 secs] [Times: user=0.01 sys=0.00, real=0.00 secs] 
1171.760: [GC (Allocation Failure) [PSYoungGen: 57760K->1408K(57856K)] 430700K->374348K(585728K), 0.0023285 secs] [Times: user=0.01 sys=0.00, real=0.00 secs] 
1172.244: [GC (Allocation Failure) [PSYoungGen: 57728K->1408K(57856K)] 430668K->374348K(585728K), 0.0022259 secs] [Times: user=0.01 sys=0.00, real=0.00 secs] 
1172.974: [GC (Allocation Failure) [PSYoungGen: 57728K->1376K(57856K)] 430668K->374316K(585728K), 0.0037650 secs] [Times: user=0.01 sys=0.00, real=0.00 secs] 
1173.534: [GC (Allocation Failure) [PSYoungGen: 57696K->1376K(57856K)] 430636K->374332K(585728K), 0.0029501 secs] [Times: user=0.01 sys=0.00, real=0.01 secs] 
1174.852: [GC (Allocation Failure) [PSYoungGen: 57696K->1408K(57856K)] 430652K->374372K(585728K), 0.0017219 secs] [Times: user=0.01 sys=0.00, real=0.00 secs] 
1175.321: [GC (Allocation Failure) [PSYoungGen: 57728K->1376K(57856K)] 430692K->374340K(585728K), 0.0019649 secs] [Times: user=0.01 sys=0.00, real=0.00 secs] 
1175.840: [GC (Allocation Failure) [PSYoungGen: 57696K->1376K(57856K)] 430660K->374340K(585728K), 0.0032251 secs] [Times: user=0.01 sys=0.00, real=0.00 secs] 
1176.338: [GC (Allocation Failure) [PSYoungGen: 57696K->1344K(57856K)] 430660K->374308K(585728K), 0.0028570 secs] [Times: user=0.02 sys=0.00, real=0.00 secs] 
1176.778: [GC (Allocation Failure) [PSYoungGen: 57664K->1424K(57856K)] 430628K->374388K(585728K), 0.0026581 secs] [Times: user=0.01 sys=0.00, real=0.00 secs] 
1178.024: [GC (Allocation Failure) [PSYoungGen: 57744K->1440K(57856K)] 430708K->374404K(585728K), 0.0017738 secs] [Times: user=0.00 sys=0.00, real=0.00 secs] 
1178.791: [GC (Allocation Failure) [PSYoungGen: 57760K->1408K(57856K)] 430724K->374372K(585728K), 0.0035174 secs] [Times: user=0.02 sys=0.00, real=0.01 secs] 
1179.298: [GC (Allocation Failure) [PSYoungGen: 57728K->1440K(57856K)] 430692K->374404K(585728K), 0.0030445 secs] [Times: user=0.01 sys=0.00, real=0.00 secs] 
1179.584: [GC (Allocation Failure) [PSYoungGen: 57760K->1408K(57856K)] 430724K->374372K(585728K), 0.0021248 secs] [Times: user=0.01 sys=0.00, real=0.00 secs] 
1179.858: [GC (Allocation Failure) [PSYoungGen: 57728K->1424K(57856K)] 430692K->374388K(585728K), 0.0020097 secs] [Times: user=0.00 sys=0.00, real=0.00 secs] 
1180.962: [GC (Allocation Failure) [PSYoungGen: 57744K->1440K(57856K)] 430708K->374404K(585728K), 0.0018062 secs] [Times: user=0.01 sys=0.00, real=0.00 secs] 
1181.765: [GC (Allocation Failure) [PSYoungGen: 57760K->1376K(57856K)] 430724K->374340K(585728K), 0.0040594 secs] [Times: user=0.02 sys=0.00, real=0.00 secs] 
1182.542: [GC (Allocation Failure) [PSYoungGen: 57696K->1344K(57856K)] 430660K->374308K(585728K), 0.0038344 secs] [Times: user=0.01 sys=0.00, real=0.01 secs] 
1183.259: [GC (Allocation Failure) [PSYoungGen: 57664K->1376K(57856K)] 430628K->374340K(585728K), 0.0040235 secs] [Times: user=0.01 sys=0.00, real=0.00 secs] 
1183.749: [GC (Allocation Failure) [PSYoungGen: 57696K->1440K(57856K)] 430660K->374404K(585728K), 0.0029339 secs] [Times: user=0.01 sys=0.00, real=0.00 secs] 
1185.141: [GC (Allocation Failure) [PSYoungGen: 57760K->1440K(57856K)] 430724K->374412K(585728K), 0.0019353 secs] [Times: user=0.01 sys=0.00, real=0.00 secs] 
1186.343: [GC (Allocation Failure) [PSYoungGen: 57760K->1376K(57856K)] 430732K->374348K(585728K), 0.0039389 secs] [Times: user=0.02 sys=0.00, real=0.01 secs] 
1187.170: [GC (Allocation Failure) [PSYoungGen: 57696K->1376K(57856K)] 430668K->374348K(585728K), 0.0041335 secs] [Times: user=0.02 sys=0.00, real=0.01 secs] 
1187.798: [GC (Allocation Failure) [PSYoungGen: 57696K->1408K(57856K)] 430668K->374380K(585728K), 0.0030948 secs] [Times: user=0.02 sys=0.00, real=0.00 secs] 
1188.267: [GC (Allocation Failure) [PSYoungGen: 57728K->1376K(57856K)] 430700K->374348K(585728K), 0.0026834 secs] [Times: user=0.01 sys=0.00, real=0.00 secs] 
1189.846: [GC (Allocation Failure) [PSYoungGen: 57696K->1424K(57856K)] 430668K->374396K(585728K), 0.0040105 secs] [Times: user=0.02 sys=0.00, real=0.00 secs] 
1190.822: [GC (Allocation Failure) [PSYoungGen: 57744K->1312K(57856K)] 430716K->374284K(585728K), 0.0030574 secs] [Times: user=0.01 sys=0.00, real=0.01 secs] 
1191.322: [GC (Allocation Failure) [PSYoungGen: 57632K->1376K(57856K)] 430604K->374348K(585728K), 0.0024716 secs] [Times: user=0.01 sys=0.00, real=0.01 secs] 
1191.575: [GC (Allocation Failure) [PSYoungGen: 57696K->1408K(57856K)] 430668K->374380K(585728K), 0.0020110 secs] [Times: user=0.01 sys=0.00, real=0.00 secs] 
1191.861: [GC (Allocation Failure) [PSYoungGen: 57728K->1408K(57856K)] 430700K->374380K(585728K), 0.0020335 secs] [Times: user=0.01 sys=0.00, real=0.00 secs] 
1193.225: [GC (Allocation Failure) [PSYoungGen: 57728K->1440K(57856K)] 430700K->374412K(585728K), 0.0028869 secs] [Times: user=0.01 sys=0.00, real=0.00 secs] 
1194.046: [GC (Allocation Failure) [PSYoungGen: 57760K->1440K(57856K)] 430732K->374412K(585728K), 0.0030783 secs] [Times: user=0.02 sys=0.00, real=0.00 secs] 
1194.579: [GC (Allocation Failure) [PSYoungGen: 57760K->1440K(57856K)] 430732K->374412K(585728K), 0.0021148 secs] [Times: user=0.01 sys=0.00, real=0.00 secs] 
1195.103: [GC (Allocation Failure) [PSYoungGen: 57760K->1440K(57856K)] 430732K->374412K(585728K), 0.0018693 secs] [Times: user=0.00 sys=0.00, real=0.01 secs] 
1195.642: [GC (Allocation Failure) [PSYoungGen: 57760K->1344K(57856K)] 430732K->374316K(585728K), 0.0022196 secs] [Times: user=0.01 sys=0.00, real=0.01 secs] 
1196.747: [GC (Allocation Failure) [PSYoungGen: 57664K->1440K(57856K)] 430636K->374420K(585728K), 0.0017735 secs] [Times: user=0.00 sys=0.00, real=0.00 secs] 
1197.245: [GC (Allocation Failure) [PSYoungGen: 57760K->1376K(57856K)] 430740K->374356K(585728K), 0.0018763 secs] [Times: user=0.01 sys=0.00, real=0.00 secs] 
1197.904: [GC (Allocation Failure) [PSYoungGen: 57696K->1344K(57856K)] 430676K->374324K(585728K), 0.0040688 secs] [Times: user=0.01 sys=0.00, real=0.00 secs] 
1198.625: [GC (Allocation Failure) [PSYoungGen: 57664K->1408K(57856K)] 430644K->374388K(585728K), 0.0032242 secs] [Times: user=0.02 sys=0.00, real=0.00 secs] 
1199.134: [GC (Allocation Failure) [PSYoungGen: 57728K->1440K(57856K)] 430708K->374420K(585728K), 0.0030514 secs] [Times: user=0.01 sys=0.00, real=0.01 secs] 
1200.467: [GC (Allocation Failure) [PSYoungGen: 57760K->1456K(57856K)] 430740K->374436K(585728K), 0.0019719 secs] [Times: user=0.01 sys=0.00, real=0.00 secs] 
1201.048: [GC (Allocation Failure) [PSYoungGen: 57776K->1440K(57856K)] 430756K->374420K(585728K), 0.0025114 secs] [Times: user=0.01 sys=0.00, real=0.00 secs] 
1201.566: [GC (Allocation Failure) [PSYoungGen: 57760K->1376K(57856K)] 430740K->374356K(585728K), 0.0023147 secs] [Times: user=0.00 sys=0.00, real=0.00 secs] 
1202.030: [GC (Allocation Failure) [PSYoungGen: 57696K->1392K(57856K)] 430676K->374372K(585728K), 0.0024998 secs] [Times: user=0.01 sys=0.00, real=0.00 secs] 
1202.585: [GC (Allocation Failure) [PSYoungGen: 57712K->1312K(57856K)] 430692K->374292K(585728K), 0.0027728 secs] [Times: user=0.01 sys=0.00, real=0.00 secs] 
1203.857: [GC (Allocation Failure) [PSYoungGen: 57632K->1408K(57856K)] 430612K->374388K(585728K), 0.0015993 secs] [Times: user=0.01 sys=0.00, real=0.00 secs] 
1204.103: [GC (Allocation Failure) [PSYoungGen: 57728K->1392K(57856K)] 430708K->374372K(585728K), 0.0014499 secs] [Times: user=0.00 sys=0.01, real=0.01 secs] 
1204.396: [GC (Allocation Failure) [PSYoungGen: 57712K->1376K(57856K)] 430692K->374364K(585728K), 0.0018752 secs] [Times: user=0.01 sys=0.00, real=0.00 secs] 
1204.723: [GC (Allocation Failure) [PSYoungGen: 57696K->1440K(57856K)] 430684K->374428K(585728K), 0.0032074 secs] [Times: user=0.02 sys=0.00, real=0.01 secs] 
1205.147: [GC (Allocation Failure) [PSYoungGen: 57760K->1376K(57856K)] 430748K->374364K(585728K), 0.0028656 secs] [Times: user=0.01 sys=0.00, real=0.00 secs] 
1206.329: [GC (Allocation Failure) [PSYoungGen: 57696K->1408K(57856K)] 430684K->374396K(585728K), 0.0017400 secs] [Times: user=0.00 sys=0.00, real=0.00 secs] 
1206.596: [GC (Allocation Failure) [PSYoungGen: 57728K->1424K(57856K)] 430716K->374412K(585728K), 0.0017977 secs] [Times: user=0.01 sys=0.00, real=0.00 secs] 
1206.841: [GC (Allocation Failure) [PSYoungGen: 57744K->1408K(57856K)] 430732K->374396K(585728K), 0.0018410 secs] [Times: user=0.01 sys=0.00, real=0.00 secs] 
1207.093: [GC (Allocation Failure) [PSYoungGen: 57728K->1408K(57856K)] 430716K->374396K(585728K), 0.0019482 secs] [Times: user=0.01 sys=0.00, real=0.01 secs] 
1207.349: [GC (Allocation Failure) [PSYoungGen: 57728K->1424K(57856K)] 430716K->374412K(585728K), 0.0017257 secs] [Times: user=0.01 sys=0.00, real=0.00 secs] 
1208.281: [GC (Allocation Failure) [PSYoungGen: 57744K->1424K(57856K)] 430732K->374412K(585728K), 0.0016036 secs] [Times: user=0.01 sys=0.00, real=0.00 secs] 
1208.648: [GC (Allocation Failure) [PSYoungGen: 57744K->1408K(57856K)] 430732K->374396K(585728K), 0.0018752 secs] [Times: user=0.01 sys=0.00, real=0.00 secs] 
1209.101: [GC (Allocation Failure) [PSYoungGen: 57728K->1344K(57856K)] 430716K->374332K(585728K), 0.0019661 secs] [Times: user=0.01 sys=0.00, real=0.00 secs] 
1209.737: [GC (Allocation Failure) [PSYoungGen: 57664K->1408K(57856K)] 430652K->374396K(585728K), 0.0020579 secs] [Times: user=0.01 sys=0.00, real=0.00 secs] 
1210.340: [GC (Allocation Failure) [PSYoungGen: 57728K->1408K(57856K)] 430716K->374396K(585728K), 0.0020448 secs] [Times: user=0.00 sys=0.00, real=0.00 secs] 
1212.072: [GC (Allocation Failure) [PSYoungGen: 57728K->1408K(57856K)] 430716K->374396K(585728K), 0.0026399 secs] [Times: user=0.01 sys=0.00, real=0.01 secs] 
1212.857: [GC (Allocation Failure) [PSYoungGen: 57728K->1344K(57856K)] 430716K->374332K(585728K), 0.0039168 secs] [Times: user=0.02 sys=0.00, real=0.00 secs] 
1213.570: [GC (Allocation Failure) [PSYoungGen: 57664K->1440K(57856K)] 430652K->374428K(585728K), 0.0025141 secs] [Times: user=0.01 sys=0.00, real=0.00 secs] 
1213.951: [GC (Allocation Failure) [PSYoungGen: 57760K->1408K(57856K)] 430748K->374420K(585728K), 0.0021083 secs] [Times: user=0.01 sys=0.00, real=0.00 secs] 
1214.198: [GC (Allocation Failure) [PSYoungGen: 57728K->1408K(57856K)] 430740K->374420K(585728K), 0.0020638 secs] [Times: user=0.01 sys=0.00, real=0.00 secs] 
1215.368: [GC (Allocation Failure) [PSYoungGen: 57728K->1440K(57856K)] 430740K->375476K(585728K), 0.0019273 secs] [Times: user=0.00 sys=0.00, real=0.00 secs] 
1215.838: [GC (Allocation Failure) [PSYoungGen: 57760K->1408K(57856K)] 431796K->375444K(585728K), 0.0035095 secs] [Times: user=0.02 sys=0.00, real=0.00 secs] 
1216.243: [GC (Allocation Failure) [PSYoungGen: 57728K->1408K(57856K)] 431764K->375452K(585728K), 0.0026165 secs] [Times: user=0.01 sys=0.00, real=0.01 secs] 
1216.477: [GC (Allocation Failure) [PSYoungGen: 57728K->1408K(57856K)] 431772K->375452K(585728K), 0.0020893 secs] [Times: user=0.01 sys=0.00, real=0.00 secs] 
1216.712: [GC (Allocation Failure) [PSYoungGen: 57728K->1376K(57856K)] 431772K->375420K(585728K), 0.0019955 secs] [Times: user=0.00 sys=0.00, real=0.00 secs] 
1218.260: [GC (Allocation Failure) [PSYoungGen: 57696K->896K(57344K)] 431740K->375980K(585216K), 0.0039461 secs] [Times: user=0.02 sys=0.01, real=0.01 secs] 
1220.193: [GC (Allocation Failure) [PSYoungGen: 56704K->320K(57856K)] 431788K->375412K(585728K), 0.0041650 secs] [Times: user=0.01 sys=0.00, real=0.01 secs] 
1220.860: [GC (Allocation Failure) [PSYoungGen: 56128K->336K(57856K)] 431220K->375428K(585728K), 0.0031334 secs] [Times: user=0.01 sys=0.00, real=0.00 secs] 
1221.519: [GC (Allocation Failure) [PSYoungGen: 56144K->320K(57856K)] 431236K->375420K(585728K), 0.0026227 secs] [Times: user=0.01 sys=0.00, real=0.00 secs] 
1222.206: [GC (Allocation Failure) [PSYoungGen: 56128K->320K(57856K)] 431228K->375420K(585728K), 0.0023490 secs] [Times: user=0.01 sys=0.00, real=0.00 secs] 
1223.641: [GC (Allocation Failure) [PSYoungGen: 56128K->1664K(57856K)] 431228K->376764K(585728K), 0.0029582 secs] [Times: user=0.01 sys=0.00, real=0.01 secs] 
1223.886: [GC (Allocation Failure) [PSYoungGen: 57472K->1392K(58368K)] 432572K->376492K(586240K), 0.0018146 secs] [Times: user=0.01 sys=0.00, real=0.00 secs] 
1224.118: [GC (Allocation Failure) [PSYoungGen: 57200K->1376K(58368K)] 432300K->376476K(586240K), 0.0018500 secs] [Times: user=0.01 sys=0.00, real=0.00 secs] 
1224.350: [GC (Allocation Failure) [PSYoungGen: 57184K->1424K(58368K)] 432284K->376524K(586240K), 0.0018084 secs] [Times: user=0.00 sys=0.00, real=0.00 secs] 
1224.582: [GC (Allocation Failure) [PSYoungGen: 57232K->1440K(58368K)] 432332K->376540K(586240K), 0.0016742 secs] [Times: user=0.01 sys=0.00, real=0.00 secs] 
1225.493: [GC (Allocation Failure) [PSYoungGen: 57248K->1440K(58368K)] 432348K->376548K(586240K), 0.0015889 secs] [Times: user=0.01 sys=0.00, real=0.01 secs] 
1225.884: [GC (Allocation Failure) [PSYoungGen: 57248K->1376K(58368K)] 432356K->376484K(586240K), 0.0014364 secs] [Times: user=0.00 sys=0.00, real=0.00 secs] 
1226.353: [GC (Allocation Failure) [PSYoungGen: 57184K->1376K(58368K)] 432292K->376484K(586240K), 0.0017903 secs] [Times: user=0.01 sys=0.00, real=0.01 secs] 
1226.809: [GC (Allocation Failure) [PSYoungGen: 57184K->1376K(57344K)] 432292K->376484K(585216K), 0.0018046 secs] [Times: user=0.00 sys=0.00, real=0.00 secs] 
1227.256: [GC (Allocation Failure) [PSYoungGen: 57184K->1408K(57856K)] 432292K->376516K(585728K), 0.0016923 secs] [Times: user=0.01 sys=0.00, real=0.00 secs] 
1227.715: [GC (Allocation Failure) [PSYoungGen: 57216K->1408K(57856K)] 432324K->376524K(585728K), 0.0018999 secs] [Times: user=0.01 sys=0.00, real=0.00 secs] 
1228.630: [GC (Allocation Failure) [PSYoungGen: 57216K->1472K(57856K)] 432332K->376596K(585728K), 0.0018166 secs] [Times: user=0.01 sys=0.00, real=0.00 secs] 
1228.910: [GC (Allocation Failure) [PSYoungGen: 57280K->1440K(57856K)] 432404K->376564K(585728K), 0.0017979 secs] [Times: user=0.00 sys=0.00, real=0.00 secs] 
1229.297: [GC (Allocation Failure) [PSYoungGen: 57248K->1376K(57856K)] 432372K->376500K(585728K), 0.0018180 secs] [Times: user=0.00 sys=0.00, real=0.00 secs] 
1229.756: [GC (Allocation Failure) [PSYoungGen: 57184K->1392K(57856K)] 432308K->376516K(585728K), 0.0018728 secs] [Times: user=0.01 sys=0.00, real=0.00 secs] 
1230.207: [GC (Allocation Failure) [PSYoungGen: 57200K->1392K(57856K)] 432324K->376516K(585728K), 0.0019478 secs] [Times: user=0.01 sys=0.00, real=0.00 secs] 
1231.359: [GC (Allocation Failure) [PSYoungGen: 57200K->1408K(57856K)] 432324K->376540K(585728K), 0.0019278 secs] [Times: user=0.01 sys=0.00, real=0.00 secs] 
1231.854: [GC (Allocation Failure) [PSYoungGen: 57216K->1408K(57856K)] 432348K->376540K(585728K), 0.0019783 secs] [Times: user=0.01 sys=0.00, real=0.01 secs] 
1232.496: [GC (Allocation Failure) [PSYoungGen: 57216K->1424K(57856K)] 432348K->376556K(585728K), 0.0024874 secs] [Times: user=0.01 sys=0.00, real=0.00 secs] 
1233.133: [GC (Allocation Failure) [PSYoungGen: 57232K->1376K(57856K)] 432364K->376524K(585728K), 0.0041709 secs] [Times: user=0.02 sys=0.00, real=0.01 secs] 
1233.747: [GC (Allocation Failure) [PSYoungGen: 57184K->1408K(57856K)] 432332K->376556K(585728K), 0.0035281 secs] [Times: user=0.01 sys=0.00, real=0.00 secs] 
1235.402: [GC (Allocation Failure) [PSYoungGen: 57216K->1472K(57856K)] 432364K->376628K(585728K), 0.0038409 secs] [Times: user=0.01 sys=0.00, real=0.01 secs] 
1236.437: [GC (Allocation Failure) [PSYoungGen: 57280K->1392K(57856K)] 432436K->376548K(585728K), 0.0043573 secs] [Times: user=0.02 sys=0.00, real=0.00 secs] 
1236.987: [GC (Allocation Failure) [PSYoungGen: 57200K->1392K(57856K)] 432356K->376548K(585728K), 0.0027309 secs] [Times: user=0.01 sys=0.00, real=0.00 secs] 
1237.622: [GC (Allocation Failure) [PSYoungGen: 57200K->1472K(57856K)] 432356K->376628K(585728K), 0.0023075 secs] [Times: user=0.01 sys=0.00, real=0.01 secs] 
1238.252: [GC (Allocation Failure) [PSYoungGen: 57280K->1440K(57856K)] 432436K->376596K(585728K), 0.0040786 secs] [Times: user=0.01 sys=0.00, real=0.01 secs] 
1239.508: [GC (Allocation Failure) [PSYoungGen: 57248K->1408K(57856K)] 432404K->376580K(585728K), 0.0031101 secs] [Times: user=0.01 sys=0.00, real=0.00 secs] 
1240.030: [GC (Allocation Failure) [PSYoungGen: 57216K->1408K(57856K)] 432388K->376580K(585728K), 0.0028073 secs] [Times: user=0.01 sys=0.00, real=0.00 secs] 
1240.535: [GC (Allocation Failure) [PSYoungGen: 57216K->1408K(57856K)] 432388K->376580K(585728K), 0.0022281 secs] [Times: user=0.01 sys=0.00, real=0.00 secs] 
1241.121: [GC (Allocation Failure) [PSYoungGen: 57216K->1408K(57856K)] 432388K->376580K(585728K), 0.0025248 secs] [Times: user=0.01 sys=0.00, real=0.01 secs] 
1241.876: [GC (Allocation Failure) [PSYoungGen: 57216K->1408K(57856K)] 432388K->376580K(585728K), 0.0028981 secs] [Times: user=0.01 sys=0.00, real=0.00 secs] 
1243.014: [GC (Allocation Failure) [PSYoungGen: 57216K->1440K(57856K)] 432388K->376628K(585728K), 0.0017162 secs] [Times: user=0.01 sys=0.00, real=0.00 secs] 
1243.418: [GC (Allocation Failure) [PSYoungGen: 57248K->1392K(57856K)] 432436K->376580K(585728K), 0.0017873 secs] [Times: user=0.00 sys=0.00, real=0.00 secs] 
1243.877: [GC (Allocation Failure) [PSYoungGen: 57200K->1408K(57856K)] 432388K->376596K(585728K), 0.0016375 secs] [Times: user=0.01 sys=0.00, real=0.00 secs] 
1244.337: [GC (Allocation Failure) [PSYoungGen: 57216K->1376K(57856K)] 432404K->376564K(585728K), 0.0018919 secs] [Times: user=0.00 sys=0.00, real=0.00 secs] 
1244.800: [GC (Allocation Failure) [PSYoungGen: 57184K->1376K(57344K)] 432372K->376564K(585216K), 0.0021281 secs] [Times: user=0.00 sys=0.00, real=0.00 secs] 
1245.948: [GC (Allocation Failure) [PSYoungGen: 57184K->1440K(57344K)] 432372K->376636K(585216K), 0.0016071 secs] [Times: user=0.01 sys=0.00, real=0.00 secs] 
1246.448: [GC (Allocation Failure) [PSYoungGen: 57248K->384K(56832K)] 432444K->376604K(584704K), 0.0016773 secs] [Times: user=0.01 sys=0.00, real=0.00 secs] 
1246.897: [GC (Allocation Failure) [PSYoungGen: 56192K->384K(57856K)] 432412K->376604K(585728K), 0.0019876 secs] [Times: user=0.01 sys=0.00, real=0.00 secs] 
1247.423: [GC (Allocation Failure) [PSYoungGen: 56192K->384K(57856K)] 432412K->376604K(585728K), 0.0021694 secs] [Times: user=0.01 sys=0.00, real=0.01 secs] 
1247.926: [GC (Allocation Failure) [PSYoungGen: 56192K->352K(57856K)] 432412K->376572K(585728K), 0.0024106 secs] [Times: user=0.01 sys=0.00, real=0.00 secs] 
1248.959: [GC (Allocation Failure) [PSYoungGen: 56160K->1408K(57856K)] 432380K->377636K(585728K), 0.0018210 secs] [Times: user=0.01 sys=0.00, real=0.00 secs] 
1249.324: [GC (Allocation Failure) [PSYoungGen: 57216K->1376K(57856K)] 433444K->377604K(585728K), 0.0019159 secs] [Times: user=0.01 sys=0.00, real=0.00 secs] 
1249.760: [GC (Allocation Failure) [PSYoungGen: 57184K->1440K(57856K)] 433412K->377668K(585728K), 0.0015707 secs] [Times: user=0.01 sys=0.00, real=0.00 secs] 
1250.209: [GC (Allocation Failure) [PSYoungGen: 57248K->1344K(57856K)] 433476K->377572K(585728K), 0.0028653 secs] [Times: user=0.01 sys=0.00, real=0.00 secs] 
1250.647: [GC (Allocation Failure) [PSYoungGen: 57152K->1392K(57856K)] 433380K->377620K(585728K), 0.0027897 secs] [Times: user=0.01 sys=0.00, real=0.00 secs] 
1252.039: [GC (Allocation Failure) [PSYoungGen: 57200K->1408K(57856K)] 433428K->377652K(585728K), 0.0021797 secs] [Times: user=0.01 sys=0.00, real=0.00 secs] 
1252.632: [GC (Allocation Failure) [PSYoungGen: 57216K->1408K(57856K)] 433460K->377652K(585728K), 0.0021834 secs] [Times: user=0.01 sys=0.00, real=0.01 secs] 
1253.336: [GC (Allocation Failure) [PSYoungGen: 57216K->1440K(57856K)] 433460K->377684K(585728K), 0.0024426 secs] [Times: user=0.01 sys=0.00, real=0.00 secs] 
1253.842: [GC (Allocation Failure) [PSYoungGen: 57248K->1440K(57856K)] 433492K->377684K(585728K), 0.0025411 secs] [Times: user=0.01 sys=0.00, real=0.01 secs] 
1254.359: [GC (Allocation Failure) [PSYoungGen: 57248K->1424K(57856K)] 433492K->377684K(585728K), 0.0025061 secs] [Times: user=0.01 sys=0.00, real=0.00 secs] 
1255.445: [GC (Allocation Failure) [PSYoungGen: 57232K->1408K(57856K)] 433492K->377668K(585728K), 0.0018831 secs] [Times: user=0.00 sys=0.00, real=0.00 secs] 
1255.785: [GC (Allocation Failure) [PSYoungGen: 57216K->1408K(57856K)] 433476K->377668K(585728K), 0.0017968 secs] [Times: user=0.01 sys=0.00, real=0.00 secs] 
1256.415: [GC (Allocation Failure) [PSYoungGen: 57216K->1408K(57856K)] 433476K->377668K(585728K), 0.0025690 secs] [Times: user=0.01 sys=0.00, real=0.00 secs] 
1256.880: [GC (Allocation Failure) [PSYoungGen: 57216K->1408K(57856K)] 433476K->377668K(585728K), 0.0025059 secs] [Times: user=0.01 sys=0.00, real=0.00 secs] 
1257.344: [GC (Allocation Failure) [PSYoungGen: 57216K->1440K(57856K)] 433476K->377700K(585728K), 0.0041093 secs] [Times: user=0.02 sys=0.01, real=0.00 secs] 
1258.511: [GC (Allocation Failure) [PSYoungGen: 57248K->1408K(57856K)] 433508K->377668K(585728K), 0.0015705 secs] [Times: user=0.01 sys=0.00, real=0.00 secs] 
1258.832: [GC (Allocation Failure) [PSYoungGen: 57216K->1408K(57856K)] 433476K->377668K(585728K), 0.0018348 secs] [Times: user=0.01 sys=0.00, real=0.01 secs] 
1259.348: [GC (Allocation Failure) [PSYoungGen: 57216K->1408K(57856K)] 433476K->377668K(585728K), 0.0034755 secs] [Times: user=0.02 sys=0.00, real=0.00 secs] 
1259.896: [GC (Allocation Failure) [PSYoungGen: 57216K->1376K(57856K)] 433476K->377636K(585728K), 0.0038591 secs] [Times: user=0.01 sys=0.00, real=0.00 secs] 
1260.436: [GC (Allocation Failure) [PSYoungGen: 57184K->1440K(57856K)] 433444K->377700K(585728K), 0.0032828 secs] [Times: user=0.02 sys=0.00, real=0.00 secs] 
1261.668: [GC (Allocation Failure) [PSYoungGen: 57248K->1440K(57856K)] 433508K->377708K(585728K), 0.0018582 secs] [Times: user=0.01 sys=0.00, real=0.00 secs] 
1262.010: [GC (Allocation Failure) [PSYoungGen: 57248K->1376K(57856K)] 433516K->377644K(585728K), 0.0019407 secs] [Times: user=0.01 sys=0.00, real=0.00 secs] 
1262.415: [GC (Allocation Failure) [PSYoungGen: 57184K->1440K(57856K)] 433452K->377708K(585728K), 0.0040794 secs] [Times: user=0.02 sys=0.00, real=0.00 secs] 
1262.858: [GC (Allocation Failure) [PSYoungGen: 57248K->1408K(57856K)] 433516K->377676K(585728K), 0.0033400 secs] [Times: user=0.02 sys=0.00, real=0.00 secs] 
1263.533: [GC (Allocation Failure) [PSYoungGen: 57216K->1376K(57856K)] 433484K->377644K(585728K), 0.0038927 secs] [Times: user=0.02 sys=0.00, real=0.01 secs] 
1265.015: [GC (Allocation Failure) [PSYoungGen: 57184K->1440K(57856K)] 433452K->377724K(585728K), 0.0020300 secs] [Times: user=0.01 sys=0.00, real=0.00 secs] 
1265.508: [GC (Allocation Failure) [PSYoungGen: 57248K->1408K(57856K)] 433532K->377692K(585728K), 0.0040735 secs] [Times: user=0.02 sys=0.01, real=0.00 secs] 
1265.781: [GC (Allocation Failure) [PSYoungGen: 57216K->1376K(57856K)] 433500K->377660K(585728K), 0.0022595 secs] [Times: user=0.01 sys=0.00, real=0.01 secs] 
1266.060: [GC (Allocation Failure) [PSYoungGen: 57184K->1440K(57856K)] 433468K->377724K(585728K), 0.0023261 secs] [Times: user=0.01 sys=0.00, real=0.00 secs] 
1266.451: [GC (Allocation Failure) [PSYoungGen: 57248K->1408K(57856K)] 433532K->377692K(585728K), 0.0025235 secs] [Times: user=0.01 sys=0.00, real=0.01 secs] 
1267.701: [GC (Allocation Failure) [PSYoungGen: 57216K->1440K(57856K)] 433500K->377724K(585728K), 0.0017109 secs] [Times: user=0.00 sys=0.00, real=0.00 secs] 
1268.482: [GC (Allocation Failure) [PSYoungGen: 57248K->1360K(57856K)] 433532K->377644K(585728K), 0.0040951 secs] [Times: user=0.02 sys=0.00, real=0.01 secs] 
1269.290: [GC (Allocation Failure) [PSYoungGen: 57168K->1344K(57856K)] 433452K->377628K(585728K), 0.0043764 secs] [Times: user=0.01 sys=0.00, real=0.01 secs] 
1270.124: [GC (Allocation Failure) [PSYoungGen: 57152K->1376K(57856K)] 433436K->377660K(585728K), 0.0040007 secs] [Times: user=0.02 sys=0.00, real=0.00 secs] 
1270.820: [GC (Allocation Failure) [PSYoungGen: 57184K->1344K(57856K)] 433468K->377628K(585728K), 0.0039170 secs] [Times: user=0.02 sys=0.00, real=0.01 secs] 
1272.680: [GC (Allocation Failure) [PSYoungGen: 57152K->1952K(57856K)] 433436K->378236K(585728K), 0.0020597 secs] [Times: user=0.01 sys=0.00, real=0.00 secs] 
1273.609: [GC (Allocation Failure) [PSYoungGen: 57760K->1376K(57856K)] 434044K->377660K(585728K), 0.0028168 secs] [Times: user=0.01 sys=0.00, real=0.00 secs] 
1274.549: [GC (Allocation Failure) [PSYoungGen: 57184K->1344K(57856K)] 433468K->377628K(585728K), 0.0041863 secs] [Times: user=0.02 sys=0.00, real=0.00 secs] 
1275.520: [GC (Allocation Failure) [PSYoungGen: 57152K->1408K(57856K)] 433436K->377692K(585728K), 0.0031526 secs] [Times: user=0.02 sys=0.00, real=0.00 secs] 
1276.184: [GC (Allocation Failure) [PSYoungGen: 57216K->1440K(57856K)] 433500K->377724K(585728K), 0.0023514 secs] [Times: user=0.01 sys=0.00, real=0.00 secs] 
1277.389: [GC (Allocation Failure) [PSYoungGen: 57248K->1616K(57856K)] 433532K->377908K(585728K), 0.0018414 secs] [Times: user=0.01 sys=0.00, real=0.00 secs] 
1277.644: [GC (Allocation Failure) [PSYoungGen: 57424K->1376K(57856K)] 433716K->377668K(585728K), 0.0017873 secs] [Times: user=0.01 sys=0.00, real=0.00 secs] 
1277.875: [GC (Allocation Failure) [PSYoungGen: 57184K->1408K(57856K)] 433476K->377700K(585728K), 0.0024955 secs] [Times: user=0.01 sys=0.00, real=0.00 secs] 
1278.108: [GC (Allocation Failure) [PSYoungGen: 57216K->1408K(57856K)] 433508K->377700K(585728K), 0.0022758 secs] [Times: user=0.01 sys=0.00, real=0.00 secs] 
1278.342: [GC (Allocation Failure) [PSYoungGen: 57216K->1408K(57856K)] 433508K->377700K(585728K), 0.0026300 secs] [Times: user=0.01 sys=0.01, real=0.01 secs] 
1279.230: [GC (Allocation Failure) [PSYoungGen: 57156K->224K(57856K)] 433449K->376516K(585728K), 0.0014129 secs] [Times: user=0.00 sys=0.00, real=0.00 secs] 
1279.484: [GC (Allocation Failure) [PSYoungGen: 56032K->1376K(57856K)] 432324K->377668K(585728K), 0.0018428 secs] [Times: user=0.00 sys=0.00, real=0.00 secs] 
1279.716: [GC (Allocation Failure) [PSYoungGen: 57184K->1376K(57856K)] 433476K->377668K(585728K), 0.0017518 secs] [Times: user=0.01 sys=0.00, real=0.00 secs] 
1279.947: [GC (Allocation Failure) [PSYoungGen: 57184K->1376K(57856K)] 433476K->377668K(585728K), 0.0017628 secs] [Times: user=0.00 sys=0.00, real=0.00 secs] 
1280.179: [GC (Allocation Failure) [PSYoungGen: 57184K->1376K(57856K)] 433476K->377668K(585728K), 0.0018160 secs] [Times: user=0.00 sys=0.00, real=0.00 secs] 
1280.410: [GC (Allocation Failure) [PSYoungGen: 57184K->1424K(57856K)] 433476K->377724K(585728K), 0.0017771 secs] [Times: user=0.00 sys=0.00, real=0.00 secs] 
1281.337: [GC (Allocation Failure) [PSYoungGen: 57232K->1408K(57856K)] 433532K->377708K(585728K), 0.0017444 secs] [Times: user=0.00 sys=0.00, real=0.00 secs] 
1281.568: [GC (Allocation Failure) [PSYoungGen: 57216K->1376K(57856K)] 433516K->377708K(585728K), 0.0017749 secs] [Times: user=0.01 sys=0.00, real=0.00 secs] 
1281.912: [GC (Allocation Failure) [PSYoungGen: 57184K->1408K(57856K)] 433516K->377740K(585728K), 0.0021345 secs] [Times: user=0.01 sys=0.01, real=0.01 secs] 
1282.285: [GC (Allocation Failure) [PSYoungGen: 57216K->1376K(57856K)] 433548K->377708K(585728K), 0.0020298 secs] [Times: user=0.01 sys=0.00, real=0.00 secs] 
1282.723: [GC (Allocation Failure) [PSYoungGen: 57184K->1376K(57856K)] 433516K->377708K(585728K), 0.0021746 secs] [Times: user=0.01 sys=0.00, real=0.01 secs] 
1283.690: [GC (Allocation Failure) [PSYoungGen: 57184K->1440K(57856K)] 433516K->377772K(585728K), 0.0018969 secs] [Times: user=0.01 sys=0.00, real=0.00 secs] 
1283.962: [GC (Allocation Failure) [PSYoungGen: 57248K->1408K(57856K)] 433580K->377740K(585728K), 0.0018401 secs] [Times: user=0.00 sys=0.00, real=0.01 secs] 
1284.194: [GC (Allocation Failure) [PSYoungGen: 57216K->1360K(57856K)] 433548K->377692K(585728K), 0.0019554 secs] [Times: user=0.01 sys=0.00, real=0.00 secs] 
1284.439: [GC (Allocation Failure) [PSYoungGen: 57168K->1376K(57856K)] 433500K->377708K(585728K), 0.0018679 secs] [Times: user=0.01 sys=0.00, real=0.00 secs] 
1284.675: [GC (Allocation Failure) [PSYoungGen: 57184K->1440K(57856K)] 433516K->377772K(585728K), 0.0019148 secs] [Times: user=0.01 sys=0.00, real=0.00 secs] 
1285.998: [GC (Allocation Failure) [PSYoungGen: 57248K->1440K(57856K)] 433580K->377772K(585728K), 0.0033126 secs] [Times: user=0.01 sys=0.00, real=0.00 secs] 
1286.730: [GC (Allocation Failure) [PSYoungGen: 57248K->1376K(57856K)] 433580K->377708K(585728K), 0.0040842 secs] [Times: user=0.02 sys=0.00, real=0.01 secs] 
1287.224: [GC (Allocation Failure) [PSYoungGen: 57184K->1424K(57856K)] 433516K->377756K(585728K), 0.0026967 secs] [Times: user=0.01 sys=0.01, real=0.00 secs] 
1287.776: [GC (Allocation Failure) [PSYoungGen: 57232K->1456K(57856K)] 433564K->377788K(585728K), 0.0026042 secs] [Times: user=0.01 sys=0.00, real=0.00 secs] 
1288.560: [GC (Allocation Failure) [PSYoungGen: 57264K->1376K(57856K)] 433596K->377708K(585728K), 0.0042029 secs] [Times: user=0.01 sys=0.00, real=0.01 secs] 
1290.495: [GC (Allocation Failure) [PSYoungGen: 57184K->1408K(57856K)] 433516K->377740K(585728K), 0.0039232 secs] [Times: user=0.01 sys=0.00, real=0.00 secs] 
1291.415: [GC (Allocation Failure) [PSYoungGen: 57216K->1376K(57344K)] 433548K->377708K(585216K), 0.0042641 secs] [Times: user=0.01 sys=0.00, real=0.00 secs] 
1291.988: [GC (Allocation Failure) [PSYoungGen: 57184K->1344K(57344K)] 433516K->377676K(585216K), 0.0032408 secs] [Times: user=0.02 sys=0.00, real=0.00 secs] 
1292.518: [GC (Allocation Failure) [PSYoungGen: 57152K->1376K(57344K)] 433484K->377708K(585216K), 0.0033061 secs] [Times: user=0.02 sys=0.00, real=0.00 secs] 
1292.923: [GC (Allocation Failure) [PSYoungGen: 57184K->1408K(57344K)] 433516K->377740K(585216K), 0.0022498 secs] [Times: user=0.01 sys=0.00, real=0.01 secs] 
1294.081: [GC (Allocation Failure) [PSYoungGen: 57216K->1456K(57344K)] 433548K->377788K(585216K), 0.0017890 secs] [Times: user=0.01 sys=0.00, real=0.00 secs] 
1294.459: [GC (Allocation Failure) [PSYoungGen: 57264K->1440K(57344K)] 433596K->377772K(585216K), 0.0016581 secs] [Times: user=0.01 sys=0.00, real=0.00 secs] 
1294.690: [GC (Allocation Failure) [PSYoungGen: 57248K->1392K(57344K)] 433580K->377724K(585216K), 0.0019982 secs] [Times: user=0.01 sys=0.00, real=0.00 secs] 
1294.922: [GC (Allocation Failure) [PSYoungGen: 57200K->1440K(57344K)] 433532K->377772K(585216K), 0.0018775 secs] [Times: user=0.01 sys=0.00, real=0.01 secs] 
1295.188: [GC (Allocation Failure) [PSYoungGen: 57248K->1408K(57344K)] 433580K->377748K(585216K), 0.0020094 secs] [Times: user=0.01 sys=0.00, real=0.00 secs] 
1296.232: [GC (Allocation Failure) [PSYoungGen: 57216K->1408K(57344K)] 433556K->377756K(585216K), 0.0017989 secs] [Times: user=0.01 sys=0.00, real=0.01 secs] 
1296.669: [GC (Allocation Failure) [PSYoungGen: 57216K->1440K(57344K)] 433564K->377788K(585216K), 0.0019611 secs] [Times: user=0.01 sys=0.00, real=0.00 secs] 
1296.996: [GC (Allocation Failure) [PSYoungGen: 57248K->1376K(57344K)] 433596K->377724K(585216K), 0.0019623 secs] [Times: user=0.01 sys=0.00, real=0.00 secs] 
1297.227: [GC (Allocation Failure) [PSYoungGen: 57184K->1376K(57344K)] 433532K->377724K(585216K), 0.0019483 secs] [Times: user=0.01 sys=0.00, real=0.00 secs] 
1297.459: [GC (Allocation Failure) [PSYoungGen: 57184K->1408K(57344K)] 433532K->377756K(585216K), 0.0019206 secs] [Times: user=0.01 sys=0.00, real=0.00 secs] 
1298.700: [GC (Allocation Failure) [PSYoungGen: 57216K->1440K(57344K)] 433564K->377788K(585216K), 0.0024982 secs] [Times: user=0.01 sys=0.00, real=0.00 secs] 
1299.240: [GC (Allocation Failure) [PSYoungGen: 57248K->1408K(57344K)] 433596K->377756K(585216K), 0.0037352 secs] [Times: user=0.02 sys=0.01, real=0.01 secs] 
1299.583: [GC (Allocation Failure) [PSYoungGen: 57216K->1360K(57344K)] 433564K->377708K(585216K), 0.0019842 secs] [Times: user=0.01 sys=0.00, real=0.01 secs] 
1300.039: [GC (Allocation Failure) [PSYoungGen: 57168K->1376K(57344K)] 433516K->377724K(585216K), 0.0022818 secs] [Times: user=0.01 sys=0.00, real=0.00 secs] 
1300.491: [GC (Allocation Failure) [PSYoungGen: 57184K->1344K(57344K)] 433532K->377692K(585216K), 0.0022885 secs] [Times: user=0.01 sys=0.00, real=0.00 secs] 
1301.745: [GC (Allocation Failure) [PSYoungGen: 57152K->1376K(57344K)] 433500K->377724K(585216K), 0.0019315 secs] [Times: user=0.01 sys=0.00, real=0.00 secs] 
1301.977: [GC (Allocation Failure) [PSYoungGen: 57184K->1408K(57344K)] 433532K->377756K(585216K), 0.0018813 secs] [Times: user=0.01 sys=0.00, real=0.00 secs] 
1302.229: [GC (Allocation Failure) [PSYoungGen: 57216K->1376K(57344K)] 433564K->377748K(585216K), 0.0025654 secs] [Times: user=0.01 sys=0.00, real=0.00 secs] 
1302.654: [GC (Allocation Failure) [PSYoungGen: 57184K->1440K(57344K)] 433556K->377812K(585216K), 0.0027748 secs] [Times: user=0.01 sys=0.00, real=0.00 secs] 
1303.050: [GC (Allocation Failure) [PSYoungGen: 57248K->1376K(57344K)] 433620K->377748K(585216K), 0.0022507 secs] [Times: user=0.01 sys=0.00, real=0.00 secs] 
1304.104: [GC (Allocation Failure) [PSYoungGen: 57184K->1408K(57344K)] 433556K->377780K(585216K), 0.0017336 secs] [Times: user=0.00 sys=0.00, real=0.01 secs] 
1304.335: [GC (Allocation Failure) [PSYoungGen: 57216K->1408K(57344K)] 433588K->377780K(585216K), 0.0017058 secs] [Times: user=0.01 sys=0.00, real=0.00 secs] 
1304.567: [GC (Allocation Failure) [PSYoungGen: 57216K->1376K(57344K)] 433588K->377748K(585216K), 0.0015791 secs] [Times: user=0.01 sys=0.00, real=0.00 secs] 
1304.840: [GC (Allocation Failure) [PSYoungGen: 57184K->1376K(57344K)] 433556K->377748K(585216K), 0.0018922 secs] [Times: user=0.00 sys=0.00, real=0.00 secs] 
1305.203: [GC (Allocation Failure) [PSYoungGen: 57184K->1424K(57344K)] 433556K->377796K(585216K), 0.0020880 secs] [Times: user=0.01 sys=0.00, real=0.01 secs] 
1306.477: [GC (Allocation Failure) [PSYoungGen: 57232K->1456K(57344K)] 433604K->377828K(585216K), 0.0020618 secs] [Times: user=0.01 sys=0.00, real=0.00 secs] 
1307.203: [GC (Allocation Failure) [PSYoungGen: 57264K->1376K(57344K)] 433636K->377748K(585216K), 0.0031303 secs] [Times: user=0.01 sys=0.01, real=0.01 secs] 
1307.889: [GC (Allocation Failure) [PSYoungGen: 57184K->1408K(57344K)] 433556K->377780K(585216K), 0.0030881 secs] [Times: user=0.01 sys=0.00, real=0.00 secs] 
1308.676: [GC (Allocation Failure) [PSYoungGen: 57216K->1376K(57344K)] 433588K->377748K(585216K), 0.0041221 secs] [Times: user=0.02 sys=0.00, real=0.00 secs] 
1309.356: [GC (Allocation Failure) [PSYoungGen: 57184K->1344K(57344K)] 433556K->377716K(585216K), 0.0038594 secs] [Times: user=0.02 sys=0.00, real=0.00 secs] 
1311.306: [GC (Allocation Failure) [PSYoungGen: 57152K->1424K(57344K)] 433524K->377796K(585216K), 0.0020699 secs] [Times: user=0.01 sys=0.00, real=0.00 secs] 
1312.125: [GC (Allocation Failure) [PSYoungGen: 57232K->1344K(57344K)] 433604K->377716K(585216K), 0.0032279 secs] [Times: user=0.01 sys=0.00, real=0.00 secs] 
1313.127: [GC (Allocation Failure) [PSYoungGen: 57152K->1408K(57344K)] 433524K->377780K(585216K), 0.0040947 secs] [Times: user=0.02 sys=0.00, real=0.00 secs] 
1313.931: [GC (Allocation Failure) [PSYoungGen: 57216K->1440K(57344K)] 433588K->377812K(585216K), 0.0038252 secs] [Times: user=0.02 sys=0.00, real=0.01 secs] 
1314.510: [GC (Allocation Failure) [PSYoungGen: 57248K->1344K(57344K)] 433620K->377716K(585216K), 0.0027289 secs] [Times: user=0.01 sys=0.00, real=0.00 secs] 
1315.702: [GC (Allocation Failure) [PSYoungGen: 57152K->1456K(57344K)] 433524K->377828K(585216K), 0.0016645 secs] [Times: user=0.01 sys=0.00, real=0.00 secs] 
1316.216: [GC (Allocation Failure) [PSYoungGen: 57264K->1376K(57344K)] 433636K->377748K(585216K), 0.0019739 secs] [Times: user=0.01 sys=0.00, real=0.00 secs] 
1316.726: [GC (Allocation Failure) [PSYoungGen: 57184K->1408K(57344K)] 433556K->377788K(585216K), 0.0038390 secs] [Times: user=0.01 sys=0.00, real=0.00 secs] 
1317.249: [GC (Allocation Failure) [PSYoungGen: 57216K->1408K(57344K)] 433596K->377788K(585216K), 0.0027906 secs] [Times: user=0.01 sys=0.00, real=0.00 secs] 
1317.664: [GC (Allocation Failure) [PSYoungGen: 57216K->1376K(57344K)] 433596K->377756K(585216K), 0.0025563 secs] [Times: user=0.01 sys=0.00, real=0.00 secs] 
1318.797: [GC (Allocation Failure) [PSYoungGen: 57184K->1472K(57344K)] 433564K->377852K(585216K), 0.0017885 secs] [Times: user=0.00 sys=0.00, real=0.00 secs] 
1319.029: [GC (Allocation Failure) [PSYoungGen: 57280K->1376K(57344K)] 433660K->377756K(585216K), 0.0017970 secs] [Times: user=0.00 sys=0.00, real=0.00 secs] 
1319.260: [GC (Allocation Failure) [PSYoungGen: 57184K->1392K(57344K)] 433564K->377772K(585216K), 0.0017366 secs] [Times: user=0.00 sys=0.01, real=0.00 secs] 
1319.496: [GC (Allocation Failure) [PSYoungGen: 57200K->1408K(57344K)] 433580K->377788K(585216K), 0.0027061 secs] [Times: user=0.01 sys=0.00, real=0.00 secs] 
1319.725: [GC (Allocation Failure) [PSYoungGen: 57216K->1408K(57344K)] 433596K->377788K(585216K), 0.0022318 secs] [Times: user=0.01 sys=0.00, real=0.00 secs] 
1320.826: [GC (Allocation Failure) [PSYoungGen: 57216K->912K(56832K)] 433596K->378316K(584704K), 0.0019968 secs] [Times: user=0.01 sys=0.00, real=0.00 secs] 
1321.692: [GC (Allocation Failure) [PSYoungGen: 56208K->352K(57344K)] 433612K->377756K(585216K), 0.0035984 secs] [Times: user=0.01 sys=0.00, real=0.01 secs] 
1322.143: [GC (Allocation Failure) [PSYoungGen: 55648K->320K(57344K)] 433052K->377724K(585216K), 0.0024560 secs] [Times: user=0.01 sys=0.00, real=0.01 secs] 
1322.675: [GC (Allocation Failure) [PSYoungGen: 55616K->336K(57344K)] 433020K->377740K(585216K), 0.0023634 secs] [Times: user=0.01 sys=0.00, real=0.00 secs] 
1323.271: [GC (Allocation Failure) [PSYoungGen: 55632K->352K(57344K)] 433036K->377756K(585216K), 0.0033715 secs] [Times: user=0.02 sys=0.00, real=0.01 secs] 
1324.642: [GC (Allocation Failure) [PSYoungGen: 55648K->1552K(57344K)] 433052K->378964K(585216K), 0.0018290 secs] [Times: user=0.00 sys=0.00, real=0.00 secs] 
1325.377: [GC (Allocation Failure) [PSYoungGen: 56848K->1440K(56832K)] 434260K->378852K(584704K), 0.0028069 secs] [Times: user=0.02 sys=0.00, real=0.00 secs] 
1325.898: [GC (Allocation Failure) [PSYoungGen: 56224K->1408K(57344K)] 433636K->378820K(585216K), 0.0039689 secs] [Times: user=0.01 sys=0.00, real=0.00 secs] 
1326.596: [GC (Allocation Failure) [PSYoungGen: 56192K->1344K(57344K)] 433604K->378756K(585216K), 0.0032490 secs] [Times: user=0.01 sys=0.00, real=0.00 secs] 
1327.361: [GC (Allocation Failure) [PSYoungGen: 56128K->1392K(57344K)] 433540K->378804K(585216K), 0.0035260 secs] [Times: user=0.01 sys=0.00, real=0.01 secs] 
1328.030: [GC (Allocation Failure) [PSYoungGen: 56176K->1408K(57344K)] 433588K->378820K(585216K), 0.0026914 secs] [Times: user=0.01 sys=0.00, real=0.00 secs] 
1329.981: [GC (Allocation Failure) [PSYoungGen: 56192K->1472K(57344K)] 433604K->378884K(585216K), 0.0043012 secs] [Times: user=0.02 sys=0.00, real=0.01 secs] 
1330.267: [GC (Allocation Failure) [PSYoungGen: 56256K->1408K(57344K)] 433668K->378820K(585216K), 0.0021201 secs] [Times: user=0.01 sys=0.00, real=0.00 secs] 
1330.514: [GC (Allocation Failure) [PSYoungGen: 56192K->1344K(56320K)] 433604K->378756K(584192K), 0.0020073 secs] [Times: user=0.01 sys=0.00, real=0.00 secs] 
1330.813: [GC (Allocation Failure) [PSYoungGen: 56128K->1392K(56832K)] 433540K->378804K(584704K), 0.0021161 secs] [Times: user=0.01 sys=0.00, real=0.01 secs] 
1331.158: [GC (Allocation Failure) [PSYoungGen: 56176K->1408K(56832K)] 433588K->378820K(584704K), 0.0020153 secs] [Times: user=0.01 sys=0.00, real=0.00 secs] 
1332.544: [GC (Allocation Failure) [PSYoungGen: 56192K->1440K(56832K)] 433604K->378852K(584704K), 0.0030097 secs] [Times: user=0.01 sys=0.00, real=0.00 secs] 
1333.156: [GC (Allocation Failure) [PSYoungGen: 56224K->1440K(56832K)] 433636K->378852K(584704K), 0.0032958 secs] [Times: user=0.02 sys=0.00, real=0.00 secs] 
1333.608: [GC (Allocation Failure) [PSYoungGen: 56224K->1392K(56832K)] 433636K->378804K(584704K), 0.0021573 secs] [Times: user=0.01 sys=0.00, real=0.00 secs] 
1334.112: [GC (Allocation Failure) [PSYoungGen: 56176K->1376K(56832K)] 433588K->378788K(584704K), 0.0029344 secs] [Times: user=0.01 sys=0.00, real=0.01 secs] 
1334.740: [GC (Allocation Failure) [PSYoungGen: 56160K->1408K(56832K)] 433572K->378828K(584704K), 0.0029164 secs] [Times: user=0.01 sys=0.01, real=0.00 secs] 
1336.138: [GC (Allocation Failure) [PSYoungGen: 56192K->1472K(56832K)] 433612K->378892K(584704K), 0.0020626 secs] [Times: user=0.01 sys=0.00, real=0.00 secs] 
1336.585: [GC (Allocation Failure) [PSYoungGen: 56256K->1376K(56832K)] 433676K->378796K(584704K), 0.0039874 secs] [Times: user=0.01 sys=0.00, real=0.00 secs] 
1337.045: [GC (Allocation Failure) [PSYoungGen: 56160K->1408K(56832K)] 433580K->378828K(584704K), 0.0040753 secs] [Times: user=0.01 sys=0.00, real=0.00 secs] 
1337.481: [GC (Allocation Failure) [PSYoungGen: 56192K->1344K(56832K)] 433612K->378772K(584704K), 0.0027922 secs] [Times: user=0.01 sys=0.00, real=0.00 secs] 
1337.916: [GC (Allocation Failure) [PSYoungGen: 56128K->1376K(56832K)] 433556K->378812K(584704K), 0.0027817 secs] [Times: user=0.01 sys=0.00, real=0.00 secs] 
1339.184: [GC (Allocation Failure) [PSYoungGen: 56160K->1408K(56832K)] 433596K->378860K(584704K), 0.0016663 secs] [Times: user=0.01 sys=0.00, real=0.00 secs] 
1339.875: [GC (Allocation Failure) [PSYoungGen: 56192K->1376K(56832K)] 433644K->378828K(584704K), 0.0040181 secs] [Times: user=0.02 sys=0.00, real=0.00 secs] 
1340.551: [GC (Allocation Failure) [PSYoungGen: 56160K->1344K(56832K)] 433612K->378796K(584704K), 0.0040440 secs] [Times: user=0.02 sys=0.00, real=0.01 secs] 
1341.239: [GC (Allocation Failure) [PSYoungGen: 56128K->1376K(56832K)] 433580K->378828K(584704K), 0.0039191 secs] [Times: user=0.02 sys=0.00, real=0.00 secs] 
1341.622: [GC (Allocation Failure) [PSYoungGen: 56160K->1408K(56832K)] 433612K->378860K(584704K), 0.0025291 secs] [Times: user=0.01 sys=0.00, real=0.01 secs] 
1343.785: [GC (Allocation Failure) [PSYoungGen: 56192K->1424K(56832K)] 433644K->378884K(584704K), 0.0040433 secs] [Times: user=0.01 sys=0.00, real=0.00 secs] 
1345.193: [GC (Allocation Failure) [PSYoungGen: 56208K->1376K(56832K)] 433668K->378836K(584704K), 0.0038986 secs] [Times: user=0.02 sys=0.00, real=0.01 secs] 
1345.691: [GC (Allocation Failure) [PSYoungGen: 56160K->1408K(56832K)] 433620K->378868K(584704K), 0.0026455 secs] [Times: user=0.01 sys=0.00, real=0.01 secs] 
1345.915: [GC (Allocation Failure) [PSYoungGen: 56192K->1376K(56832K)] 433652K->378836K(584704K), 0.0020391 secs] [Times: user=0.00 sys=0.00, real=0.00 secs] 
1346.144: [GC (Allocation Failure) [PSYoungGen: 56160K->1376K(56832K)] 433620K->378844K(584704K), 0.0020036 secs] [Times: user=0.01 sys=0.00, real=0.00 secs] 
1347.105: [GC (Allocation Failure) [PSYoungGen: 56071K->1952K(56832K)] 433539K->379420K(584704K), 0.0016770 secs] [Times: user=0.00 sys=0.00, real=0.00 secs] 
1347.625: [GC (Allocation Failure) [PSYoungGen: 56736K->1440K(56832K)] 434204K->378908K(584704K), 0.0023176 secs] [Times: user=0.01 sys=0.00, real=0.00 secs] 
1348.023: [GC (Allocation Failure) [PSYoungGen: 56224K->1376K(56832K)] 433692K->378844K(584704K), 0.0021751 secs] [Times: user=0.01 sys=0.00, real=0.01 secs] 
1348.251: [GC (Allocation Failure) [PSYoungGen: 56160K->1376K(56832K)] 433628K->378844K(584704K), 0.0019944 secs] [Times: user=0.00 sys=0.00, real=0.00 secs] 
1348.478: [GC (Allocation Failure) [PSYoungGen: 56160K->1440K(56832K)] 433628K->378908K(584704K), 0.0020586 secs] [Times: user=0.01 sys=0.00, real=0.00 secs] 
1348.733: [GC (Allocation Failure) [PSYoungGen: 56224K->1440K(56832K)] 433692K->378908K(584704K), 0.0020591 secs] [Times: user=0.01 sys=0.00, real=0.01 secs] 
1349.882: [GC (Allocation Failure) [PSYoungGen: 56224K->1408K(56832K)] 433692K->378876K(584704K), 0.0018790 secs] [Times: user=0.01 sys=0.00, real=0.01 secs] 
1350.325: [GC (Allocation Failure) [PSYoungGen: 56192K->1408K(56832K)] 433660K->378876K(584704K), 0.0019678 secs] [Times: user=0.01 sys=0.00, real=0.00 secs] 
1350.553: [GC (Allocation Failure) [PSYoungGen: 56192K->1392K(56832K)] 433660K->378860K(584704K), 0.0017618 secs] [Times: user=0.00 sys=0.00, real=0.01 secs] 
1350.830: [GC (Allocation Failure) [PSYoungGen: 56176K->1376K(56832K)] 433644K->378844K(584704K), 0.0019164 secs] [Times: user=0.01 sys=0.00, real=0.00 secs] 
1351.172: [GC (Allocation Failure) [PSYoungGen: 56160K->1408K(56832K)] 433628K->378884K(584704K), 0.0019180 secs] [Times: user=0.01 sys=0.00, real=0.01 secs] 
1352.483: [GC (Allocation Failure) [PSYoungGen: 56192K->1408K(56832K)] 433668K->378900K(584704K), 0.0018971 secs] [Times: user=0.01 sys=0.00, real=0.01 secs] 
1353.166: [GC (Allocation Failure) [PSYoungGen: 56192K->1328K(56832K)] 433684K->378820K(584704K), 0.0084797 secs] [Times: user=0.03 sys=0.00, real=0.01 secs] 
1353.808: [GC (Allocation Failure) [PSYoungGen: 56112K->1376K(56832K)] 433604K->378868K(584704K), 0.0032584 secs] [Times: user=0.01 sys=0.00, real=0.00 secs] 
1354.306: [GC (Allocation Failure) [PSYoungGen: 56160K->1408K(56320K)] 433652K->378900K(584192K), 0.0025990 secs] [Times: user=0.01 sys=0.00, real=0.00 secs] 
1354.678: [GC (Allocation Failure) [PSYoungGen: 56192K->1392K(56320K)] 433684K->378892K(584192K), 0.0022520 secs] [Times: user=0.01 sys=0.00, real=0.00 secs] 
1355.852: [GC (Allocation Failure) [PSYoungGen: 56176K->384K(55808K)] 433676K->378908K(583680K), 0.0019691 secs] [Times: user=0.00 sys=0.00, real=0.00 secs] 
1356.080: [GC (Allocation Failure) [PSYoungGen: 55168K->352K(56832K)] 433692K->378876K(584704K), 0.0019424 secs] [Times: user=0.01 sys=0.00, real=0.00 secs] 
1356.307: [GC (Allocation Failure) [PSYoungGen: 55136K->320K(56832K)] 433660K->378844K(584704K), 0.0020288 secs] [Times: user=0.01 sys=0.00, real=0.00 secs] 
1356.535: [GC (Allocation Failure) [PSYoungGen: 55104K->400K(56832K)] 433628K->378924K(584704K), 0.0018789 secs] [Times: user=0.01 sys=0.00, real=0.00 secs] 
1356.764: [GC (Allocation Failure) [PSYoungGen: 55184K->352K(56832K)] 433708K->378876K(584704K), 0.0020296 secs] [Times: user=0.01 sys=0.00, real=0.00 secs] 
1357.889: [GC (Allocation Failure) [PSYoungGen: 55136K->1440K(56832K)] 433660K->379964K(584704K), 0.0019224 secs] [Times: user=0.00 sys=0.00, real=0.00 secs] 
1358.568: [GC (Allocation Failure) [PSYoungGen: 56224K->1392K(56320K)] 434748K->379916K(584192K), 0.0022768 secs] [Times: user=0.01 sys=0.00, real=0.00 secs] 
1359.425: [GC (Allocation Failure) [PSYoungGen: 55664K->1408K(56832K)] 434188K->379932K(584704K), 0.0025073 secs] [Times: user=0.01 sys=0.00, real=0.00 secs] 
1360.132: [GC (Allocation Failure) [PSYoungGen: 55680K->1408K(56832K)] 434204K->379932K(584704K), 0.0031647 secs] [Times: user=0.02 sys=0.00, real=0.01 secs] 
1360.761: [GC (Allocation Failure) [PSYoungGen: 55680K->1408K(56832K)] 434204K->379932K(584704K), 0.0030914 secs] [Times: user=0.01 sys=0.00, real=0.01 secs] 
1362.241: [GC (Allocation Failure) [PSYoungGen: 55680K->1408K(56832K)] 434204K->379932K(584704K), 0.0021860 secs] [Times: user=0.01 sys=0.01, real=0.01 secs] 
1363.016: [GC (Allocation Failure) [PSYoungGen: 55680K->1408K(56832K)] 434204K->379932K(584704K), 0.0044080 secs] [Times: user=0.02 sys=0.00, real=0.00 secs] 
1363.497: [GC (Allocation Failure) [PSYoungGen: 55680K->1440K(56832K)] 434204K->379964K(584704K), 0.0032830 secs] [Times: user=0.02 sys=0.00, real=0.00 secs] 
1363.973: [GC (Allocation Failure) [PSYoungGen: 55712K->1440K(56832K)] 434236K->379964K(584704K), 0.0024887 secs] [Times: user=0.01 sys=0.00, real=0.01 secs] 
1364.329: [GC (Allocation Failure) [PSYoungGen: 55712K->1376K(56832K)] 434236K->379924K(584704K), 0.0020879 secs] [Times: user=0.01 sys=0.00, real=0.00 secs] 
1365.346: [GC (Allocation Failure) [PSYoungGen: 55648K->1664K(56832K)] 434196K->380212K(584704K), 0.0017772 secs] [Times: user=0.01 sys=0.00, real=0.00 secs] 
1366.323: [GC (Allocation Failure) [PSYoungGen: 55936K->1408K(56832K)] 434484K->379956K(584704K), 0.0038731 secs] [Times: user=0.02 sys=0.00, real=0.01 secs] 
1366.774: [GC (Allocation Failure) [PSYoungGen: 55680K->1376K(55808K)] 434228K->379924K(583680K), 0.0027616 secs] [Times: user=0.01 sys=0.00, real=0.01 secs] 
1367.287: [GC (Allocation Failure) [PSYoungGen: 55648K->1376K(56320K)] 434196K->379924K(584192K), 0.0023482 secs] [Times: user=0.01 sys=0.00, real=0.00 secs] 
1367.974: [GC (Allocation Failure) [PSYoungGen: 55648K->1376K(56320K)] 434196K->379924K(584192K), 0.0028404 secs] [Times: user=0.02 sys=0.00, real=0.00 secs] 
1368.411: [GC (Allocation Failure) [PSYoungGen: 55648K->1344K(56320K)] 434196K->379900K(584192K), 0.0028372 secs] [Times: user=0.01 sys=0.00, real=0.00 secs] 
1369.408: [GC (Allocation Failure) [PSYoungGen: 55616K->1408K(56320K)] 434172K->379964K(584192K), 0.0018479 secs] [Times: user=0.00 sys=0.00, real=0.00 secs] 
1369.639: [GC (Allocation Failure) [PSYoungGen: 55680K->1376K(56320K)] 434236K->379932K(584192K), 0.0018889 secs] [Times: user=0.01 sys=0.00, real=0.00 secs] 
1369.897: [GC (Allocation Failure) [PSYoungGen: 55648K->1408K(56320K)] 434204K->379964K(584192K), 0.0017969 secs] [Times: user=0.01 sys=0.00, real=0.00 secs] 
1370.157: [GC (Allocation Failure) [PSYoungGen: 55680K->1344K(56320K)] 434236K->379900K(584192K), 0.0017938 secs] [Times: user=0.00 sys=0.00, real=0.00 secs] 
1370.385: [GC (Allocation Failure) [PSYoungGen: 55616K->1440K(56320K)] 434172K->379996K(584192K), 0.0017945 secs] [Times: user=0.01 sys=0.00, real=0.00 secs] 
1371.398: [GC (Allocation Failure) [PSYoungGen: 55712K->1440K(56320K)] 434268K->379996K(584192K), 0.0018927 secs] [Times: user=0.01 sys=0.00, real=0.00 secs] 
1371.624: [GC (Allocation Failure) [PSYoungGen: 55712K->1376K(56320K)] 434268K->379932K(584192K), 0.0017865 secs] [Times: user=0.00 sys=0.01, real=0.00 secs] 
1371.849: [GC (Allocation Failure) [PSYoungGen: 55648K->1376K(56320K)] 434204K->379932K(584192K), 0.0017813 secs] [Times: user=0.01 sys=0.00, real=0.00 secs] 
1372.075: [GC (Allocation Failure) [PSYoungGen: 55648K->1392K(56320K)] 434204K->379948K(584192K), 0.0019295 secs] [Times: user=0.00 sys=0.00, real=0.00 secs] 
1372.339: [GC (Allocation Failure) [PSYoungGen: 55664K->1376K(56320K)] 434220K->379948K(584192K), 0.0019002 secs] [Times: user=0.01 sys=0.00, real=0.00 secs] 
1373.862: [GC (Allocation Failure) [PSYoungGen: 55648K->1472K(56320K)] 434220K->380044K(584192K), 0.0027169 secs] [Times: user=0.01 sys=0.00, real=0.01 secs] 
1374.418: [GC (Allocation Failure) [PSYoungGen: 55744K->1376K(56320K)] 434316K->379948K(584192K), 0.0024431 secs] [Times: user=0.01 sys=0.00, real=0.00 secs] 
1375.104: [GC (Allocation Failure) [PSYoungGen: 55648K->1408K(56320K)] 434220K->379980K(584192K), 0.0030894 secs] [Times: user=0.01 sys=0.00, real=0.00 secs] 
1375.786: [GC (Allocation Failure) [PSYoungGen: 55680K->1408K(56320K)] 434252K->379980K(584192K), 0.0036965 secs] [Times: user=0.01 sys=0.00, real=0.00 secs] 
1376.470: [GC (Allocation Failure) [PSYoungGen: 55680K->1376K(56320K)] 434252K->379948K(584192K), 0.0039389 secs] [Times: user=0.02 sys=0.00, real=0.01 secs] 
1377.883: [GC (Allocation Failure) [PSYoungGen: 55648K->1408K(56320K)] 434220K->379980K(584192K), 0.0017751 secs] [Times: user=0.01 sys=0.00, real=0.01 secs] 
1378.109: [GC (Allocation Failure) [PSYoungGen: 55680K->1424K(56320K)] 434252K->379996K(584192K), 0.0019118 secs] [Times: user=0.00 sys=0.00, real=0.00 secs] 
1378.426: [GC (Allocation Failure) [PSYoungGen: 55696K->1376K(56320K)] 434268K->379948K(584192K), 0.0016963 secs] [Times: user=0.00 sys=0.00, real=0.00 secs] 
1378.827: [GC (Allocation Failure) [PSYoungGen: 55648K->1376K(55808K)] 434220K->379948K(583680K), 0.0020772 secs] [Times: user=0.01 sys=0.00, real=0.00 secs] 
1379.233: [GC (Allocation Failure) [PSYoungGen: 55648K->1376K(55808K)] 434220K->379948K(583680K), 0.0020823 secs] [Times: user=0.01 sys=0.00, real=0.01 secs] 
1380.381: [GC (Allocation Failure) [PSYoungGen: 55648K->1504K(55808K)] 434220K->380092K(583680K), 0.0017488 secs] [Times: user=0.01 sys=0.00, real=0.00 secs] 
1380.661: [GC (Allocation Failure) [PSYoungGen: 55776K->1392K(56320K)] 434364K->379980K(584192K), 0.0018830 secs] [Times: user=0.00 sys=0.00, real=0.00 secs] 
1380.952: [GC (Allocation Failure) [PSYoungGen: 55664K->1344K(55808K)] 434252K->379932K(583680K), 0.0021154 secs] [Times: user=0.01 sys=0.00, real=0.01 secs] 
1381.246: [GC (Allocation Failure) [PSYoungGen: 55616K->1392K(55808K)] 434204K->379980K(583680K), 0.0019781 secs] [Times: user=0.01 sys=0.00, real=0.00 secs] 
1381.737: [GC (Allocation Failure) [PSYoungGen: 55664K->1392K(55808K)] 434252K->379980K(583680K), 0.0021469 secs] [Times: user=0.01 sys=0.00, real=0.00 secs] 
1382.169: [GC (Allocation Failure) [PSYoungGen: 55664K->1328K(55808K)] 434252K->379916K(583680K), 0.0031025 secs] [Times: user=0.01 sys=0.00, real=0.00 secs] 
1383.230: [GC (Allocation Failure) [PSYoungGen: 55600K->1504K(55808K)] 434188K->380092K(583680K), 0.0029767 secs] [Times: user=0.02 sys=0.00, real=0.00 secs] 
1383.517: [GC (Allocation Failure) [PSYoungGen: 55776K->1472K(56320K)] 434364K->380076K(584192K), 0.0021541 secs] [Times: user=0.00 sys=0.00, real=0.00 secs] 
1383.743: [GC (Allocation Failure) [PSYoungGen: 55744K->1456K(56320K)] 434348K->380060K(584192K), 0.0017651 secs] [Times: user=0.01 sys=0.00, real=0.01 secs] 
1383.984: [GC (Allocation Failure) [PSYoungGen: 55728K->1440K(56320K)] 434332K->380044K(584192K), 0.0019638 secs] [Times: user=0.01 sys=0.00, real=0.00 secs] 
1384.267: [GC (Allocation Failure) [PSYoungGen: 55712K->1472K(56320K)] 434316K->380076K(584192K), 0.0017718 secs] [Times: user=0.01 sys=0.00, real=0.00 secs] 
1385.497: [GC (Allocation Failure) [PSYoungGen: 55744K->1504K(56320K)] 434348K->380108K(584192K), 0.0016800 secs] [Times: user=0.01 sys=0.00, real=0.00 secs] 
1386.098: [GC (Allocation Failure) [PSYoungGen: 55776K->1472K(56320K)] 434380K->380076K(584192K), 0.0040966 secs] [Times: user=0.02 sys=0.00, real=0.00 secs] 
1386.637: [GC (Allocation Failure) [PSYoungGen: 55744K->1456K(56320K)] 434348K->380060K(584192K), 0.0030879 secs] [Times: user=0.02 sys=0.00, real=0.00 secs] 
1387.086: [GC (Allocation Failure) [PSYoungGen: 55728K->1440K(56320K)] 434332K->380044K(584192K), 0.0028745 secs] [Times: user=0.01 sys=0.00, real=0.00 secs] 
1387.522: [GC (Allocation Failure) [PSYoungGen: 55712K->1376K(56320K)] 434316K->380052K(584192K), 0.0031497 secs] [Times: user=0.01 sys=0.00, real=0.01 secs] 
1388.591: [GC (Allocation Failure) [PSYoungGen: 55648K->1424K(56320K)] 434324K->380100K(584192K), 0.0016449 secs] [Times: user=0.01 sys=0.00, real=0.00 secs] 
1388.951: [GC (Allocation Failure) [PSYoungGen: 55696K->1376K(56320K)] 434372K->380052K(584192K), 0.0020208 secs] [Times: user=0.01 sys=0.00, real=0.00 secs] 
1389.480: [GC (Allocation Failure) [PSYoungGen: 55648K->1376K(56320K)] 434324K->380052K(584192K), 0.0022193 secs] [Times: user=0.01 sys=0.00, real=0.00 secs] 
1389.936: [GC (Allocation Failure) [PSYoungGen: 55648K->1376K(55808K)] 434324K->380052K(583680K), 0.0022451 secs] [Times: user=0.01 sys=0.00, real=0.00 secs] 
1390.438: [GC (Allocation Failure) [PSYoungGen: 55648K->1408K(55808K)] 434324K->380084K(583680K), 0.0023317 secs] [Times: user=0.01 sys=0.00, real=0.00 secs] 
1391.680: [GC (Allocation Failure) [PSYoungGen: 55680K->400K(55296K)] 434356K->380100K(583168K), 0.0016704 secs] [Times: user=0.01 sys=0.00, real=0.00 secs] 
1392.130: [GC (Allocation Failure) [PSYoungGen: 54672K->320K(56320K)] 434372K->380020K(584192K), 0.0037695 secs] [Times: user=0.02 sys=0.00, real=0.01 secs] 
1392.539: [GC (Allocation Failure) [PSYoungGen: 54592K->320K(56320K)] 434292K->380020K(584192K), 0.0023969 secs] [Times: user=0.01 sys=0.00, real=0.00 secs] 
1392.766: [GC (Allocation Failure) [PSYoungGen: 54592K->352K(56320K)] 434292K->380052K(584192K), 0.0019841 secs] [Times: user=0.01 sys=0.00, real=0.00 secs] 
1392.992: [GC (Allocation Failure) [PSYoungGen: 54624K->384K(56320K)] 434324K->380084K(584192K), 0.0019491 secs] [Times: user=0.01 sys=0.00, real=0.01 secs] 
1394.048: [GC (Allocation Failure) [PSYoungGen: 54656K->1536K(56320K)] 434356K->381244K(584192K), 0.0017386 secs] [Times: user=0.01 sys=0.00, real=0.00 secs] 
1395.085: [GC (Allocation Failure) [PSYoungGen: 55808K->1408K(56832K)] 435516K->381116K(584704K), 0.0035906 secs] [Times: user=0.02 sys=0.00, real=0.00 secs] 
1395.912: [GC (Allocation Failure) [PSYoungGen: 55680K->1408K(56832K)] 435388K->381116K(584704K), 0.0031073 secs] [Times: user=0.01 sys=0.00, real=0.01 secs] 
1396.652: [GC (Allocation Failure) [PSYoungGen: 55680K->1408K(56832K)] 435388K->381116K(584704K), 0.0031400 secs] [Times: user=0.01 sys=0.00, real=0.01 secs] 
1397.244: [GC (Allocation Failure) [PSYoungGen: 55680K->1408K(56832K)] 435388K->381116K(584704K), 0.0032411 secs] [Times: user=0.01 sys=0.01, real=0.00 secs] 
1397.864: [GC (Allocation Failure) [PSYoungGen: 55680K->1408K(56832K)] 435388K->381124K(584704K), 0.0028483 secs] [Times: user=0.01 sys=0.00, real=0.01 secs] 
1399.988: [GC (Allocation Failure) [PSYoungGen: 55680K->1408K(56832K)] 435396K->381124K(584704K), 0.0038541 secs] [Times: user=0.02 sys=0.00, real=0.00 secs] 
1400.632: [GC (Allocation Failure) [PSYoungGen: 55680K->1376K(56832K)] 435396K->381092K(584704K), 0.0029306 secs] [Times: user=0.01 sys=0.00, real=0.01 secs] 
1401.107: [GC (Allocation Failure) [PSYoungGen: 55648K->1376K(56832K)] 435364K->381092K(584704K), 0.0032182 secs] [Times: user=0.01 sys=0.00, real=0.00 secs] 
1401.539: [GC (Allocation Failure) [PSYoungGen: 55648K->1376K(55808K)] 435364K->381092K(583680K), 0.0031090 secs] [Times: user=0.02 sys=0.00, real=0.00 secs] 
1401.937: [GC (Allocation Failure) [PSYoungGen: 55648K->1376K(56320K)] 435364K->381092K(584192K), 0.0018301 secs] [Times: user=0.01 sys=0.00, real=0.00 secs] 
1403.012: [GC (Allocation Failure) [PSYoungGen: 55648K->1440K(56320K)] 435364K->381156K(584192K), 0.0018599 secs] [Times: user=0.01 sys=0.00, real=0.00 secs] 
1403.528: [GC (Allocation Failure) [PSYoungGen: 55712K->1376K(56320K)] 435428K->381092K(584192K), 0.0018541 secs] [Times: user=0.00 sys=0.00, real=0.00 secs] 
1404.077: [GC (Allocation Failure) [PSYoungGen: 55648K->1424K(56320K)] 435364K->381140K(584192K), 0.0020196 secs] [Times: user=0.01 sys=0.00, real=0.00 secs] 
1404.672: [GC (Allocation Failure) [PSYoungGen: 55696K->1376K(56320K)] 435412K->381092K(584192K), 0.0027127 secs] [Times: user=0.01 sys=0.00, real=0.01 secs] 
1405.533: [GC (Allocation Failure) [PSYoungGen: 55648K->1344K(56320K)] 435364K->381068K(584192K), 0.0028186 secs] [Times: user=0.01 sys=0.00, real=0.01 secs] 
1407.304: [GC (Allocation Failure) [PSYoungGen: 55616K->1424K(56320K)] 435340K->381156K(584192K), 0.0027764 secs] [Times: user=0.01 sys=0.00, real=0.00 secs] 
1407.551: [GC (Allocation Failure) [PSYoungGen: 55696K->1376K(56320K)] 435428K->381108K(584192K), 0.0024373 secs] [Times: user=0.01 sys=0.00, real=0.01 secs] 
1407.815: [GC (Allocation Failure) [PSYoungGen: 55648K->1408K(56320K)] 435380K->381140K(584192K), 0.0019860 secs] [Times: user=0.01 sys=0.00, real=0.00 secs] 
1408.168: [GC (Allocation Failure) [PSYoungGen: 55680K->1376K(56320K)] 435412K->381108K(584192K), 0.0018136 secs] [Times: user=0.01 sys=0.00, real=0.00 secs] 
1408.621: [GC (Allocation Failure) [PSYoungGen: 55648K->1392K(56320K)] 435380K->381124K(584192K), 0.0016987 secs] [Times: user=0.01 sys=0.00, real=0.00 secs] 
1410.204: [GC (Allocation Failure) [PSYoungGen: 55664K->1408K(56320K)] 435396K->381140K(584192K), 0.0023965 secs] [Times: user=0.01 sys=0.00, real=0.00 secs] 
1411.112: [GC (Allocation Failure) [PSYoungGen: 55680K->1408K(56320K)] 435412K->381140K(584192K), 0.0033789 secs] [Times: user=0.01 sys=0.00, real=0.01 secs] 
1411.569: [GC (Allocation Failure) [PSYoungGen: 55680K->1376K(56320K)] 435412K->381108K(584192K), 0.0022004 secs] [Times: user=0.01 sys=0.00, real=0.00 secs] 
1412.099: [GC (Allocation Failure) [PSYoungGen: 55648K->1344K(56320K)] 435380K->381076K(584192K), 0.0019009 secs] [Times: user=0.00 sys=0.00, real=0.00 secs] 
1412.555: [GC (Allocation Failure) [PSYoungGen: 55616K->1424K(56320K)] 435348K->381156K(584192K), 0.0021933 secs] [Times: user=0.00 sys=0.00, real=0.00 secs] 
1413.742: [GC (Allocation Failure) [PSYoungGen: 55696K->1456K(56320K)] 435428K->381188K(584192K), 0.0016940 secs] [Times: user=0.01 sys=0.00, real=0.01 secs] 
1414.386: [GC (Allocation Failure) [PSYoungGen: 55728K->1408K(56320K)] 435460K->381140K(584192K), 0.0022932 secs] [Times: user=0.01 sys=0.00, real=0.00 secs] 
1414.824: [GC (Allocation Failure) [PSYoungGen: 55680K->1376K(56320K)] 435412K->381108K(584192K), 0.0020225 secs] [Times: user=0.01 sys=0.00, real=0.00 secs] 
1415.175: [GC (Allocation Failure) [PSYoungGen: 55648K->1408K(56320K)] 435380K->381148K(584192K), 0.0020969 secs] [Times: user=0.01 sys=0.00, real=0.00 secs] 
1415.571: [GC (Allocation Failure) [PSYoungGen: 55680K->1376K(56320K)] 435420K->381116K(584192K), 0.0019333 secs] [Times: user=0.01 sys=0.00, real=0.00 secs] 
1416.143: [GC (Allocation Failure) [PSYoungGen: 55648K->1376K(56320K)] 435388K->381116K(584192K), 0.0017733 secs] [Times: user=0.00 sys=0.00, real=0.01 secs] 
1417.748: [GC (Allocation Failure) [PSYoungGen: 55648K->1344K(56320K)] 435388K->381084K(584192K), 0.0039814 secs] [Times: user=0.02 sys=0.00, real=0.00 secs] 
1418.579: [GC (Allocation Failure) [PSYoungGen: 55616K->1376K(55808K)] 435356K->381116K(583680K), 0.0039850 secs] [Times: user=0.02 sys=0.00, real=0.00 secs] 
1419.205: [GC (Allocation Failure) [PSYoungGen: 55648K->1408K(55808K)] 435388K->381148K(583680K), 0.0032933 secs] [Times: user=0.01 sys=0.00, real=0.00 secs] 
1419.604: [GC (Allocation Failure) [PSYoungGen: 55680K->384K(55296K)] 435420K->381148K(583168K), 0.0027889 secs] [Times: user=0.01 sys=0.00, real=0.00 secs] 
1420.120: [GC (Allocation Failure) [PSYoungGen: 54656K->352K(56320K)] 435420K->381124K(584192K), 0.0028820 secs] [Times: user=0.01 sys=0.00, real=0.00 secs] 
1421.215: [GC (Allocation Failure) [PSYoungGen: 54624K->1408K(56320K)] 435396K->382180K(584192K), 0.0016238 secs] [Times: user=0.01 sys=0.00, real=0.00 secs] 
1421.484: [GC (Allocation Failure) [PSYoungGen: 55680K->1440K(56320K)] 436452K->382212K(584192K), 0.0017543 secs] [Times: user=0.01 sys=0.00, real=0.01 secs] 
1422.116: [GC (Allocation Failure) [PSYoungGen: 55712K->1408K(56320K)] 436484K->382180K(584192K), 0.0022506 secs] [Times: user=0.01 sys=0.00, real=0.00 secs] 
1422.692: [GC (Allocation Failure) [PSYoungGen: 55680K->1344K(56320K)] 436452K->382116K(584192K), 0.0026714 secs] [Times: user=0.01 sys=0.00, real=0.01 secs] 
1423.339: [GC (Allocation Failure) [PSYoungGen: 55616K->1376K(56320K)] 436388K->382156K(584192K), 0.0025574 secs] [Times: user=0.01 sys=0.00, real=0.00 secs] 
1425.130: [GC (Allocation Failure) [PSYoungGen: 55648K->1440K(56320K)] 436428K->382220K(584192K), 0.0036249 secs] [Times: user=0.02 sys=0.00, real=0.01 secs] 
1425.689: [GC (Allocation Failure) [PSYoungGen: 55712K->1376K(56320K)] 436492K->382164K(584192K), 0.0030882 secs] [Times: user=0.02 sys=0.00, real=0.00 secs] 
1426.167: [GC (Allocation Failure) [PSYoungGen: 55648K->1344K(56320K)] 436436K->382132K(584192K), 0.0027789 secs] [Times: user=0.01 sys=0.00, real=0.00 secs] 
1426.554: [GC (Allocation Failure) [PSYoungGen: 55616K->1408K(56320K)] 436404K->382196K(584192K), 0.0022595 secs] [Times: user=0.01 sys=0.00, real=0.00 secs] 
1426.979: [GC (Allocation Failure) [PSYoungGen: 55680K->1376K(56320K)] 436468K->382164K(584192K), 0.0021275 secs] [Times: user=0.01 sys=0.00, real=0.00 secs] 
1428.178: [GC (Allocation Failure) [PSYoungGen: 55648K->1408K(56320K)] 436436K->382196K(584192K), 0.0016781 secs] [Times: user=0.01 sys=0.00, real=0.00 secs] 
1429.076: [GC (Allocation Failure) [PSYoungGen: 55680K->1376K(56320K)] 436468K->382164K(584192K), 0.0039394 secs] [Times: user=0.02 sys=0.00, real=0.00 secs] 
1429.594: [GC (Allocation Failure) [PSYoungGen: 55648K->1376K(56320K)] 436436K->382164K(584192K), 0.0031803 secs] [Times: user=0.01 sys=0.00, real=0.00 secs] 
1430.218: [GC (Allocation Failure) [PSYoungGen: 55648K->1408K(56320K)] 436436K->382196K(584192K), 0.0027240 secs] [Times: user=0.01 sys=0.00, real=0.00 secs] 
1430.723: [GC (Allocation Failure) [PSYoungGen: 55680K->1376K(56320K)] 436468K->382164K(584192K), 0.0029338 secs] [Times: user=0.01 sys=0.00, real=0.01 secs] 
1431.434: [GC (Allocation Failure) [PSYoungGen: 55648K->1376K(56320K)] 436436K->382164K(584192K), 0.0014838 secs] [Times: user=0.01 sys=0.00, real=0.00 secs] 
1432.426: [GC (Allocation Failure) [PSYoungGen: 55648K->1376K(56320K)] 436436K->382164K(584192K), 0.0019125 secs] [Times: user=0.00 sys=0.00, real=0.00 secs] 
1432.932: [GC (Allocation Failure) [PSYoungGen: 55648K->1424K(56320K)] 436436K->382212K(584192K), 0.0024722 secs] [Times: user=0.01 sys=0.00, real=0.01 secs] 
1433.415: [GC (Allocation Failure) [PSYoungGen: 55696K->1376K(56320K)] 436484K->382164K(584192K), 0.0024263 secs] [Times: user=0.01 sys=0.00, real=0.00 secs] 
1433.865: [GC (Allocation Failure) [PSYoungGen: 55648K->1408K(56320K)] 436436K->382196K(584192K), 0.0022577 secs] [Times: user=0.01 sys=0.00, real=0.00 secs] 
1434.185: [GC (Allocation Failure) [PSYoungGen: 55680K->1312K(56320K)] 436468K->382116K(584192K), 0.0054039 secs] [Times: user=0.02 sys=0.00, real=0.00 secs] 
1435.361: [GC (Allocation Failure) [PSYoungGen: 55584K->1440K(56320K)] 436388K->382244K(584192K), 0.0016551 secs] [Times: user=0.01 sys=0.00, real=0.00 secs] 
1436.015: [GC (Allocation Failure) [PSYoungGen: 55712K->1392K(56320K)] 436516K->382196K(584192K), 0.0037062 secs] [Times: user=0.02 sys=0.00, real=0.00 secs] 
1436.581: [GC (Allocation Failure) [PSYoungGen: 55664K->1376K(56320K)] 436468K->382180K(584192K), 0.0038133 secs] [Times: user=0.02 sys=0.00, real=0.01 secs] 
1437.003: [GC (Allocation Failure) [PSYoungGen: 55648K->1376K(56320K)] 436452K->382180K(584192K), 0.0026851 secs] [Times: user=0.01 sys=0.00, real=0.01 secs] 
1437.458: [GC (Allocation Failure) [PSYoungGen: 55648K->1408K(55808K)] 436452K->382220K(583680K), 0.0028227 secs] [Times: user=0.01 sys=0.00, real=0.00 secs] 
1439.012: [GC (Allocation Failure) [PSYoungGen: 55680K->1424K(55296K)] 436492K->382236K(583168K), 0.0028286 secs] [Times: user=0.01 sys=0.00, real=0.01 secs] 
1439.815: [GC (Allocation Failure) [PSYoungGen: 55184K->1408K(55296K)] 435996K->382220K(583168K), 0.0071492 secs] [Times: user=0.01 sys=0.00, real=0.00 secs] 
1440.568: [GC (Allocation Failure) [PSYoungGen: 55168K->1408K(55296K)] 435980K->382220K(583168K), 0.0029202 secs] [Times: user=0.01 sys=0.00, real=0.00 secs] 
1441.041: [GC (Allocation Failure) [PSYoungGen: 55168K->1408K(55296K)] 435980K->382220K(583168K), 0.0028337 secs] [Times: user=0.01 sys=0.00, real=0.00 secs] 
1441.490: [GC (Allocation Failure) [PSYoungGen: 55168K->1408K(55296K)] 435980K->382220K(583168K), 0.0027359 secs] [Times: user=0.01 sys=0.00, real=0.00 secs] 
1443.478: [GC (Allocation Failure) [PSYoungGen: 55168K->1376K(55296K)] 435980K->382212K(583168K), 0.0017495 secs] [Times: user=0.01 sys=0.00, real=0.00 secs] 
1444.190: [GC (Allocation Failure) [PSYoungGen: 55136K->1408K(55296K)] 435972K->382244K(583168K), 0.0015812 secs] [Times: user=0.00 sys=0.00, real=0.00 secs] 
1444.627: [GC (Allocation Failure) [PSYoungGen: 55168K->1344K(55296K)] 436004K->382180K(583168K), 0.0016637 secs] [Times: user=0.01 sys=0.00, real=0.00 secs] 
1445.093: [GC (Allocation Failure) [PSYoungGen: 55104K->1408K(55296K)] 435940K->382244K(583168K), 0.0018100 secs] [Times: user=0.00 sys=0.01, real=0.01 secs] 
1445.572: [GC (Allocation Failure) [PSYoungGen: 55168K->1440K(55296K)] 436004K->382276K(583168K), 0.0016770 secs] [Times: user=0.01 sys=0.00, real=0.01 secs] 
1446.670: [GC (Allocation Failure) [PSYoungGen: 55200K->1440K(55296K)] 436036K->382292K(583168K), 0.0015366 secs] [Times: user=0.00 sys=0.00, real=0.00 secs] 
1447.016: [GC (Allocation Failure) [PSYoungGen: 55200K->1440K(55296K)] 436052K->382292K(583168K), 0.0020094 secs] [Times: user=0.01 sys=0.00, real=0.00 secs] 
1447.394: [GC (Allocation Failure) [PSYoungGen: 55200K->1440K(55296K)] 436052K->382292K(583168K), 0.0019224 secs] [Times: user=0.01 sys=0.00, real=0.00 secs] 
1447.836: [GC (Allocation Failure) [PSYoungGen: 55200K->1376K(55296K)] 436052K->382228K(583168K), 0.0021531 secs] [Times: user=0.01 sys=0.00, real=0.00 secs] 
1448.255: [GC (Allocation Failure) [PSYoungGen: 55136K->1440K(55296K)] 435988K->382292K(583168K), 0.0023505 secs] [Times: user=0.01 sys=0.00, real=0.00 secs] 
1448.723: [GC (Allocation Failure) [PSYoungGen: 55200K->1408K(55296K)] 436052K->382268K(583168K), 0.0023619 secs] [Times: user=0.01 sys=0.00, real=0.01 secs] 
1451.443: [GC (Allocation Failure) [PSYoungGen: 55168K->1472K(55296K)] 436028K->382332K(583168K), 0.0038571 secs] [Times: user=0.01 sys=0.00, real=0.01 secs] 
1452.218: [GC (Allocation Failure) [PSYoungGen: 55232K->1376K(55296K)] 436092K->382236K(583168K), 0.0033097 secs] [Times: user=0.02 sys=0.00, real=0.00 secs] 
1452.646: [GC (Allocation Failure) [PSYoungGen: 55136K->1440K(55296K)] 435996K->382300K(583168K), 0.0030611 secs] [Times: user=0.01 sys=0.00, real=0.00 secs] 
1453.087: [GC (Allocation Failure) [PSYoungGen: 55200K->1408K(55296K)] 436060K->382268K(583168K), 0.0025586 secs] [Times: user=0.01 sys=0.00, real=0.00 secs] 
1453.655: [GC (Allocation Failure) [PSYoungGen: 55168K->1408K(55296K)] 436028K->382300K(583168K), 0.0028363 secs] [Times: user=0.01 sys=0.00, real=0.00 secs] 
1455.472: [GC (Allocation Failure) [PSYoungGen: 55168K->1456K(55296K)] 436060K->382348K(583168K), 0.0031370 secs] [Times: user=0.01 sys=0.00, real=0.01 secs] 
1456.249: [GC (Allocation Failure) [PSYoungGen: 55216K->1376K(55296K)] 436108K->382276K(583168K), 0.0032610 secs] [Times: user=0.02 sys=0.00, real=0.00 secs] 
1457.155: [GC (Allocation Failure) [PSYoungGen: 55136K->1440K(55296K)] 436036K->382340K(583168K), 0.0029304 secs] [Times: user=0.01 sys=0.00, real=0.00 secs] 
1457.800: [GC (Allocation Failure) [PSYoungGen: 55200K->1408K(55296K)] 436100K->382308K(583168K), 0.0027498 secs] [Times: user=0.02 sys=0.00, real=0.00 secs] 
1458.472: [GC (Allocation Failure) [PSYoungGen: 55168K->1440K(55296K)] 436068K->382340K(583168K), 0.0028674 secs] [Times: user=0.01 sys=0.00, real=0.01 secs] 
1459.831: [GC (Allocation Failure) [PSYoungGen: 55200K->1424K(55296K)] 436100K->382332K(583168K), 0.0016816 secs] [Times: user=0.01 sys=0.00, real=0.00 secs] 
1460.467: [GC (Allocation Failure) [PSYoungGen: 55184K->1376K(55296K)] 436092K->382284K(583168K), 0.0041014 secs] [Times: user=0.02 sys=0.00, real=0.00 secs] 
1461.302: [GC (Allocation Failure) [PSYoungGen: 55136K->1376K(55296K)] 436044K->382284K(583168K), 0.0038568 secs] [Times: user=0.02 sys=0.01, real=0.01 secs] 
1462.154: [GC (Allocation Failure) [PSYoungGen: 55136K->1344K(55296K)] 436044K->382260K(583168K), 0.0040351 secs] [Times: user=0.01 sys=0.00, real=0.00 secs] 
1463.013: [GC (Allocation Failure) [PSYoungGen: 55104K->1376K(55296K)] 436020K->382300K(583168K), 0.0038697 secs] [Times: user=0.02 sys=0.00, real=0.01 secs] 
1464.494: [GC (Allocation Failure) [PSYoungGen: 55136K->320K(55296K)] 436060K->381252K(583168K), 0.0015685 secs] [Times: user=0.01 sys=0.00, real=0.00 secs] 
1464.771: [GC (Allocation Failure) [PSYoungGen: 54080K->1376K(55808K)] 435012K->382308K(583680K), 0.0018117 secs] [Times: user=0.01 sys=0.00, real=0.00 secs] 
1465.043: [GC (Allocation Failure) [PSYoungGen: 55136K->1376K(55808K)] 436068K->382308K(583680K), 0.0017362 secs] [Times: user=0.01 sys=0.00, real=0.01 secs] 
1465.461: [GC (Allocation Failure) [PSYoungGen: 55136K->1376K(55808K)] 436068K->382308K(583680K), 0.0021923 secs] [Times: user=0.00 sys=0.00, real=0.00 secs] 
1465.850: [GC (Allocation Failure) [PSYoungGen: 55136K->1376K(55808K)] 436068K->382308K(583680K), 0.0021385 secs] [Times: user=0.01 sys=0.00, real=0.00 secs] 
1466.226: [GC (Allocation Failure) [PSYoungGen: 55136K->1408K(55808K)] 436068K->382364K(583680K), 0.0022986 secs] [Times: user=0.01 sys=0.00, real=0.00 secs] 
1467.557: [GC (Allocation Failure) [PSYoungGen: 55168K->1408K(55808K)] 436124K->382364K(583680K), 0.0032442 secs] [Times: user=0.01 sys=0.00, real=0.00 secs] 
1468.042: [GC (Allocation Failure) [PSYoungGen: 55168K->1376K(55808K)] 436124K->382332K(583680K), 0.0032280 secs] [Times: user=0.02 sys=0.00, real=0.01 secs] 
1468.559: [GC (Allocation Failure) [PSYoungGen: 55136K->1376K(55808K)] 436092K->382332K(583680K), 0.0031097 secs] [Times: user=0.01 sys=0.00, real=0.00 secs] 
1469.064: [GC (Allocation Failure) [PSYoungGen: 55136K->1376K(55808K)] 436092K->382332K(583680K), 0.0030526 secs] [Times: user=0.01 sys=0.00, real=0.00 secs] 
1469.626: [GC (Allocation Failure) [PSYoungGen: 55136K->1376K(55808K)] 436092K->382332K(583680K), 0.0021282 secs] [Times: user=0.01 sys=0.00, real=0.00 secs] 
1471.292: [GC (Allocation Failure) [PSYoungGen: 55136K->1424K(55808K)] 436092K->382380K(583680K), 0.0032853 secs] [Times: user=0.02 sys=0.00, real=0.01 secs] 
1471.759: [GC (Allocation Failure) [PSYoungGen: 55184K->1408K(55808K)] 436140K->382364K(583680K), 0.0040466 secs] [Times: user=0.02 sys=0.00, real=0.00 secs] 
1472.270: [GC (Allocation Failure) [PSYoungGen: 55168K->1376K(55808K)] 436124K->382332K(583680K), 0.0041846 secs] [Times: user=0.02 sys=0.00, real=0.01 secs] 
1472.678: [GC (Allocation Failure) [PSYoungGen: 55136K->1376K(55808K)] 436092K->382332K(583680K), 0.0027823 secs] [Times: user=0.01 sys=0.00, real=0.00 secs] 
1473.025: [GC (Allocation Failure) [PSYoungGen: 55136K->1376K(55296K)] 436092K->382332K(583168K), 0.0022848 secs] [Times: user=0.00 sys=0.00, real=0.00 secs] 
1474.656: [GC (Allocation Failure) [PSYoungGen: 55136K->1376K(55296K)] 436092K->382340K(583168K), 0.0022437 secs] [Times: user=0.01 sys=0.00, real=0.00 secs] 
1475.676: [GC (Allocation Failure) [PSYoungGen: 55136K->320K(54784K)] 436100K->382308K(582656K), 0.0074745 secs] [Times: user=0.03 sys=0.00, real=0.00 secs] 
1476.189: [GC (Allocation Failure) [PSYoungGen: 54080K->336K(55808K)] 436068K->382324K(583680K), 0.0031578 secs] [Times: user=0.01 sys=0.00, real=0.00 secs] 
1476.738: [GC (Allocation Failure) [PSYoungGen: 54096K->368K(55808K)] 436084K->382356K(583680K), 0.0028229 secs] [Times: user=0.01 sys=0.00, real=0.00 secs] 
1477.336: [GC (Allocation Failure) [PSYoungGen: 54128K->352K(55808K)] 436116K->382340K(583680K), 0.0030059 secs] [Times: user=0.01 sys=0.00, real=0.00 secs] 
1477.936: [GC (Allocation Failure) [PSYoungGen: 54106K->224K(55808K)] 436095K->382220K(583680K), 0.0042999 secs] [Times: user=0.01 sys=0.00, real=0.00 secs] 
1479.314: [GC (Allocation Failure) [PSYoungGen: 53984K->1408K(55808K)] 435980K->383404K(583680K), 0.0017168 secs] [Times: user=0.01 sys=0.00, real=0.00 secs] 
1479.765: [GC (Allocation Failure) [PSYoungGen: 55168K->1408K(55296K)] 437164K->383404K(583168K), 0.0035771 secs] [Times: user=0.02 sys=0.00, real=0.00 secs] 
1480.316: [GC (Allocation Failure) [PSYoungGen: 54656K->1376K(55808K)] 436652K->383372K(583680K), 0.0040563 secs] [Times: user=0.02 sys=0.01, real=0.00 secs] 
1481.024: [GC (Allocation Failure) [PSYoungGen: 54624K->1408K(55808K)] 436620K->383404K(583680K), 0.0040098 secs] [Times: user=0.02 sys=0.00, real=0.00 secs] 
1481.793: [GC (Allocation Failure) [PSYoungGen: 54656K->1376K(55808K)] 436652K->383372K(583680K), 0.0030732 secs] [Times: user=0.01 sys=0.00, real=0.01 secs] 
1482.989: [GC (Allocation Failure) [PSYoungGen: 54624K->1408K(55808K)] 436620K->383404K(583680K), 0.0018974 secs] [Times: user=0.01 sys=0.00, real=0.00 secs] 
1483.269: [GC (Allocation Failure) [PSYoungGen: 54656K->1376K(55808K)] 436652K->383372K(583680K), 0.0019056 secs] [Times: user=0.01 sys=0.00, real=0.00 secs] 
1483.593: [GC (Allocation Failure) [PSYoungGen: 54624K->1376K(55808K)] 436620K->383372K(583680K), 0.0020767 secs] [Times: user=0.00 sys=0.00, real=0.01 secs] 
1483.827: [GC (Allocation Failure) [PSYoungGen: 54624K->1376K(55808K)] 436620K->383372K(583680K), 0.0020021 secs] [Times: user=0.01 sys=0.00, real=0.00 secs] 
1484.251: [GC (Allocation Failure) [PSYoungGen: 54624K->1376K(55808K)] 436620K->383388K(583680K), 0.0023003 secs] [Times: user=0.01 sys=0.00, real=0.01 secs] 
1485.815: [GC (Allocation Failure) [PSYoungGen: 54624K->1440K(54784K)] 436636K->383452K(582656K), 0.0028452 secs] [Times: user=0.02 sys=0.00, real=0.00 secs] 
1486.627: [GC (Allocation Failure) [PSYoungGen: 54688K->1408K(55296K)] 436700K->383420K(583168K), 0.0031986 secs] [Times: user=0.01 sys=0.00, real=0.00 secs] 
1487.297: [GC (Allocation Failure) [PSYoungGen: 54656K->1376K(55296K)] 436668K->383388K(583168K), 0.0032497 secs] [Times: user=0.02 sys=0.00, real=0.00 secs] 
1487.965: [GC (Allocation Failure) [PSYoungGen: 54624K->1376K(55296K)] 436636K->383388K(583168K), 0.0039479 secs] [Times: user=0.02 sys=0.00, real=0.00 secs] 
1488.612: [GC (Allocation Failure) [PSYoungGen: 54624K->1376K(55296K)] 436636K->383388K(583168K), 0.0028552 secs] [Times: user=0.01 sys=0.00, real=0.01 secs] 
1490.306: [GC (Allocation Failure) [PSYoungGen: 54604K->1680K(55296K)] 436617K->383692K(583168K), 0.0021371 secs] [Times: user=0.01 sys=0.00, real=0.00 secs] 
1490.577: [GC (Allocation Failure) [PSYoungGen: 54928K->1424K(55296K)] 436940K->383436K(583168K), 0.0020493 secs] [Times: user=0.01 sys=0.00, real=0.00 secs] 
1490.814: [GC (Allocation Failure) [PSYoungGen: 54672K->1408K(55296K)] 436684K->383420K(583168K), 0.0018904 secs] [Times: user=0.01 sys=0.01, real=0.00 secs] 
1491.035: [GC (Allocation Failure) [PSYoungGen: 54656K->1344K(55296K)] 436668K->383356K(583168K), 0.0030704 secs] [Times: user=0.01 sys=0.00, real=0.00 secs] 
1491.300: [GC (Allocation Failure) [PSYoungGen: 54592K->1408K(55296K)] 436604K->383420K(583168K), 0.0019536 secs] [Times: user=0.01 sys=0.00, real=0.00 secs] 
1491.528: [GC (Allocation Failure) [PSYoungGen: 54656K->1360K(55296K)] 436668K->383380K(583168K), 0.0020396 secs] [Times: user=0.01 sys=0.00, real=0.00 secs] 
1492.435: [GC (Allocation Failure) [PSYoungGen: 54608K->1376K(55296K)] 436628K->383404K(583168K), 0.0017453 secs] [Times: user=0.00 sys=0.00, real=0.00 secs] 
1492.895: [GC (Allocation Failure) [PSYoungGen: 54624K->1376K(55296K)] 436652K->383404K(583168K), 0.0020451 secs] [Times: user=0.01 sys=0.01, real=0.00 secs] 
1493.117: [GC (Allocation Failure) [PSYoungGen: 54624K->1392K(55296K)] 436652K->383420K(583168K), 0.0018504 secs] [Times: user=0.00 sys=0.00, real=0.00 secs] 
1493.338: [GC (Allocation Failure) [PSYoungGen: 54640K->1392K(55296K)] 436668K->383420K(583168K), 0.0019143 secs] [Times: user=0.01 sys=0.00, real=0.00 secs] 
1493.559: [GC (Allocation Failure) [PSYoungGen: 54640K->1376K(55296K)] 436668K->383428K(583168K), 0.0018856 secs] [Times: user=0.01 sys=0.00, real=0.00 secs] 
1494.459: [GC (Allocation Failure) [PSYoungGen: 54624K->1376K(55296K)] 436676K->383428K(583168K), 0.0016912 secs] [Times: user=0.01 sys=0.00, real=0.00 secs] 
1494.679: [GC (Allocation Failure) [PSYoungGen: 54624K->1440K(55296K)] 436676K->383492K(583168K), 0.0017516 secs] [Times: user=0.01 sys=0.00, real=0.00 secs] 
1494.901: [GC (Allocation Failure) [PSYoungGen: 54688K->1408K(55296K)] 436740K->383460K(583168K), 0.0017897 secs] [Times: user=0.01 sys=0.00, real=0.00 secs] 
1495.334: [GC (Allocation Failure) [PSYoungGen: 54656K->1408K(55296K)] 436708K->383460K(583168K), 0.0020233 secs] [Times: user=0.01 sys=0.00, real=0.00 secs] 
1495.775: [GC (Allocation Failure) [PSYoungGen: 54656K->1344K(55296K)] 436708K->383404K(583168K), 0.0020448 secs] [Times: user=0.01 sys=0.00, real=0.00 secs] 
1497.219: [GC (Allocation Failure) [PSYoungGen: 54592K->1952K(55296K)] 436652K->384012K(583168K), 0.0035080 secs] [Times: user=0.01 sys=0.00, real=0.00 secs] 
1497.950: [GC (Allocation Failure) [PSYoungGen: 55200K->1408K(55296K)] 437260K->383468K(583168K), 0.0036374 secs] [Times: user=0.02 sys=0.00, real=0.00 secs] 
1498.689: [GC (Allocation Failure) [PSYoungGen: 54656K->1392K(55296K)] 436716K->383452K(583168K), 0.0035541 secs] [Times: user=0.01 sys=0.00, real=0.00 secs] 
1499.402: [GC (Allocation Failure) [PSYoungGen: 54640K->1408K(55296K)] 436700K->383468K(583168K), 0.0037645 secs] [Times: user=0.02 sys=0.00, real=0.01 secs] 
1499.953: [GC (Allocation Failure) [PSYoungGen: 54656K->1344K(55296K)] 436716K->383404K(583168K), 0.0033047 secs] [Times: user=0.01 sys=0.00, real=0.01 secs] 
1500.186: [GC (Allocation Failure) [PSYoungGen: 54592K->1376K(55296K)] 436652K->383444K(583168K), 0.0020883 secs] [Times: user=0.01 sys=0.00, real=0.00 secs] 
1501.465: [GC (Allocation Failure) [PSYoungGen: 54624K->1408K(55296K)] 436692K->383476K(583168K), 0.0016607 secs] [Times: user=0.00 sys=0.00, real=0.00 secs] 
1502.161: [GC (Allocation Failure) [PSYoungGen: 54656K->1408K(55296K)] 436724K->383476K(583168K), 0.0024319 secs] [Times: user=0.01 sys=0.00, real=0.00 secs] 
1502.762: [GC (Allocation Failure) [PSYoungGen: 54656K->1376K(55296K)] 436724K->383444K(583168K), 0.0026205 secs] [Times: user=0.02 sys=0.00, real=0.01 secs] 
1503.359: [GC (Allocation Failure) [PSYoungGen: 54624K->1376K(55296K)] 436692K->383444K(583168K), 0.0033223 secs] [Times: user=0.01 sys=0.00, real=0.00 secs] 
1503.940: [GC (Allocation Failure) [PSYoungGen: 54624K->1408K(55296K)] 436692K->383476K(583168K), 0.0037870 secs] [Times: user=0.02 sys=0.00, real=0.00 secs] 
1505.348: [GC (Allocation Failure) [PSYoungGen: 54656K->1376K(55296K)] 436724K->383452K(583168K), 0.0024218 secs] [Times: user=0.01 sys=0.00, real=0.00 secs] 
1505.763: [GC (Allocation Failure) [PSYoungGen: 54624K->1408K(55296K)] 436700K->383484K(583168K), 0.0026462 secs] [Times: user=0.01 sys=0.00, real=0.01 secs] 
1506.253: [GC (Allocation Failure) [PSYoungGen: 54656K->1424K(55296K)] 436732K->383500K(583168K), 0.0023100 secs] [Times: user=0.01 sys=0.00, real=0.01 secs] 
1506.701: [GC (Allocation Failure) [PSYoungGen: 54672K->1376K(54784K)] 436748K->383452K(582656K), 0.0022138 secs] [Times: user=0.01 sys=0.00, real=0.00 secs] 
1507.325: [GC (Allocation Failure) [PSYoungGen: 54624K->1344K(54784K)] 436700K->383420K(582656K), 0.0034058 secs] [Times: user=0.01 sys=0.00, real=0.00 secs] 
1508.756: [GC (Allocation Failure) [PSYoungGen: 54592K->384K(54272K)] 436668K->383484K(582144K), 0.0017665 secs] [Times: user=0.01 sys=0.00, real=0.00 secs] 
1508.980: [GC (Allocation Failure) [PSYoungGen: 53632K->384K(55296K)] 436732K->383484K(583168K), 0.0017428 secs] [Times: user=0.00 sys=0.00, real=0.00 secs] 
1509.234: [GC (Allocation Failure) [PSYoungGen: 53632K->352K(55296K)] 436732K->383452K(583168K), 0.0018485 secs] [Times: user=0.01 sys=0.00, real=0.01 secs] 
1509.544: [GC (Allocation Failure) [PSYoungGen: 53600K->384K(55296K)] 436700K->383484K(583168K), 0.0016821 secs] [Times: user=0.01 sys=0.00, real=0.00 secs] 
1509.985: [GC (Allocation Failure) [PSYoungGen: 53632K->320K(55296K)] 436732K->383420K(583168K), 0.0022296 secs] [Times: user=0.01 sys=0.00, real=0.00 secs] 
1510.417: [GC (Allocation Failure) [PSYoungGen: 53568K->320K(55296K)] 436668K->383420K(583168K), 0.0022115 secs] [Times: user=0.01 sys=0.00, real=0.00 secs] 
1511.652: [GC (Allocation Failure) [PSYoungGen: 53568K->1408K(54784K)] 436668K->384508K(582656K), 0.0017758 secs] [Times: user=0.00 sys=0.00, real=0.00 secs] 
1512.350: [GC (Allocation Failure) [PSYoungGen: 54144K->1376K(55296K)] 437244K->384476K(583168K), 0.0037240 secs] [Times: user=0.01 sys=0.01, real=0.01 secs] 
1512.996: [GC (Allocation Failure) [PSYoungGen: 54112K->1376K(55296K)] 437212K->384476K(583168K), 0.0036085 secs] [Times: user=0.01 sys=0.00, real=0.00 secs] 
1513.693: [GC (Allocation Failure) [PSYoungGen: 54112K->1376K(55296K)] 437212K->384476K(583168K), 0.0036067 secs] [Times: user=0.01 sys=0.00, real=0.01 secs] 
1514.152: [GC (Allocation Failure) [PSYoungGen: 54112K->1376K(55296K)] 437212K->384500K(583168K), 0.0027424 secs] [Times: user=0.01 sys=0.00, real=0.01 secs] 
1515.239: [GC (Allocation Failure) [PSYoungGen: 54112K->1376K(55296K)] 437236K->384500K(583168K), 0.0018906 secs] [Times: user=0.01 sys=0.00, real=0.00 secs] 
1515.609: [GC (Allocation Failure) [PSYoungGen: 54112K->1344K(55296K)] 437236K->384468K(583168K), 0.0019558 secs] [Times: user=0.00 sys=0.00, real=0.00 secs] 
1516.087: [GC (Allocation Failure) [PSYoungGen: 54080K->1376K(55296K)] 437204K->384500K(583168K), 0.0036526 secs] [Times: user=0.02 sys=0.00, real=0.00 secs] 
1516.523: [GC (Allocation Failure) [PSYoungGen: 54112K->1360K(55296K)] 437236K->384484K(583168K), 0.0033199 secs] [Times: user=0.01 sys=0.00, real=0.01 secs] 
1516.969: [GC (Allocation Failure) [PSYoungGen: 54096K->1408K(55296K)] 437220K->384532K(583168K), 0.0027200 secs] [Times: user=0.01 sys=0.00, real=0.00 secs] 
1518.150: [GC (Allocation Failure) [PSYoungGen: 54144K->1376K(55296K)] 437268K->384500K(583168K), 0.0019016 secs] [Times: user=0.01 sys=0.00, real=0.00 secs] 
1518.369: [GC (Allocation Failure) [PSYoungGen: 54112K->1392K(54272K)] 437236K->384516K(582144K), 0.0019110 secs] [Times: user=0.01 sys=0.00, real=0.00 secs] 
1519.096: [GC (Allocation Failure) [PSYoungGen: 54128K->1408K(54784K)] 437252K->384532K(582656K), 0.0025449 secs] [Times: user=0.01 sys=0.00, real=0.00 secs] 
1519.810: [GC (Allocation Failure) [PSYoungGen: 54144K->1408K(54784K)] 437268K->384532K(582656K), 0.0021089 secs] [Times: user=0.00 sys=0.00, real=0.00 secs] 
1520.928: [GC (Allocation Failure) [PSYoungGen: 54144K->1408K(54784K)] 437268K->384532K(582656K), 0.0018374 secs] [Times: user=0.01 sys=0.00, real=0.00 secs] 
1521.477: [GC (Allocation Failure) [PSYoungGen: 54144K->1408K(54784K)] 437268K->384532K(582656K), 0.0022387 secs] [Times: user=0.01 sys=0.00, real=0.00 secs] 
1521.921: [GC (Allocation Failure) [PSYoungGen: 54144K->1360K(54784K)] 437268K->384484K(582656K), 0.0021788 secs] [Times: user=0.01 sys=0.00, real=0.00 secs] 
1522.321: [GC (Allocation Failure) [PSYoungGen: 54096K->1344K(54784K)] 437220K->384468K(582656K), 0.0024253 secs] [Times: user=0.01 sys=0.00, real=0.00 secs] 
1522.810: [GC (Allocation Failure) [PSYoungGen: 54080K->1392K(54784K)] 437204K->384516K(582656K), 0.0024779 secs] [Times: user=0.01 sys=0.00, real=0.00 secs] 
1524.136: [GC (Allocation Failure) [PSYoungGen: 54128K->1376K(54784K)] 437252K->384500K(582656K), 0.0022792 secs] [Times: user=0.00 sys=0.00, real=0.00 secs] 
1524.585: [GC (Allocation Failure) [PSYoungGen: 54112K->1376K(54784K)] 437236K->384508K(582656K), 0.0021339 secs] [Times: user=0.01 sys=0.00, real=0.00 secs] 
1525.015: [GC (Allocation Failure) [PSYoungGen: 54112K->1408K(54784K)] 437244K->384540K(582656K), 0.0018552 secs] [Times: user=0.00 sys=0.00, real=0.00 secs] 
1525.494: [GC (Allocation Failure) [PSYoungGen: 54144K->1376K(54784K)] 437276K->384508K(582656K), 0.0021978 secs] [Times: user=0.01 sys=0.00, real=0.01 secs] 
1525.795: [GC (Allocation Failure) [PSYoungGen: 54112K->1312K(54784K)] 437244K->384444K(582656K), 0.0030194 secs] [Times: user=0.02 sys=0.00, real=0.00 secs] 
1526.266: [GC (Allocation Failure) [PSYoungGen: 53941K->288K(54784K)] 437074K->383420K(582656K), 0.0020331 secs] [Times: user=0.01 sys=0.00, real=0.00 secs] 
1527.660: [GC (Allocation Failure) [PSYoungGen: 53024K->1408K(54784K)] 436156K->384540K(582656K), 0.0039871 secs] [Times: user=0.02 sys=0.00, real=0.01 secs] 
1528.129: [GC (Allocation Failure) [PSYoungGen: 54144K->1360K(54784K)] 437276K->384492K(582656K), 0.0030889 secs] [Times: user=0.01 sys=0.00, real=0.00 secs] 
1528.689: [GC (Allocation Failure) [PSYoungGen: 54096K->1376K(54784K)] 437228K->384508K(582656K), 0.0033553 secs] [Times: user=0.01 sys=0.00, real=0.00 secs] 
1528.958: [GC (Allocation Failure) [PSYoungGen: 54112K->1376K(54784K)] 437244K->384508K(582656K), 0.0021105 secs] [Times: user=0.01 sys=0.00, real=0.00 secs] 
1529.305: [GC (Allocation Failure) [PSYoungGen: 54112K->1344K(54784K)] 437244K->384484K(582656K), 0.0019766 secs] [Times: user=0.01 sys=0.00, real=0.00 secs] 
1530.657: [GC (Allocation Failure) [PSYoungGen: 54080K->1472K(54784K)] 437220K->384612K(582656K), 0.0020949 secs] [Times: user=0.01 sys=0.00, real=0.00 secs] 
1531.222: [GC (Allocation Failure) [PSYoungGen: 54208K->1344K(54784K)] 437348K->384484K(582656K), 0.0024107 secs] [Times: user=0.01 sys=0.00, real=0.01 secs] 
1531.449: [GC (Allocation Failure) [PSYoungGen: 54080K->1376K(54784K)] 437220K->384516K(582656K), 0.0020247 secs] [Times: user=0.01 sys=0.00, real=0.00 secs] 
1531.668: [GC (Allocation Failure) [PSYoungGen: 54112K->1392K(54784K)] 437252K->384532K(582656K), 0.0020776 secs] [Times: user=0.01 sys=0.00, real=0.00 secs] 
1532.034: [GC (Allocation Failure) [PSYoungGen: 54128K->1376K(54784K)] 437268K->384516K(582656K), 0.0019618 secs] [Times: user=0.01 sys=0.00, real=0.00 secs] 
1533.711: [GC (Allocation Failure) [PSYoungGen: 54112K->1408K(54784K)] 437252K->384564K(582656K), 0.0021459 secs] [Times: user=0.01 sys=0.00, real=0.00 secs] 
1534.608: [GC (Allocation Failure) [PSYoungGen: 54144K->1376K(54784K)] 437300K->384532K(582656K), 0.0038986 secs] [Times: user=0.02 sys=0.00, real=0.00 secs] 
1535.105: [GC (Allocation Failure) [PSYoungGen: 54112K->1392K(54784K)] 437268K->384548K(582656K), 0.0032219 secs] [Times: user=0.01 sys=0.00, real=0.00 secs] 
1535.547: [GC (Allocation Failure) [PSYoungGen: 54128K->1376K(54784K)] 437284K->384532K(582656K), 0.0022731 secs] [Times: user=0.01 sys=0.00, real=0.00 secs] 
1536.368: [GC (Allocation Failure) [PSYoungGen: 54112K->1376K(54784K)] 437268K->384532K(582656K), 0.0026541 secs] [Times: user=0.01 sys=0.00, real=0.00 secs] 
1537.089: [GC (Allocation Failure) [PSYoungGen: 54112K->1408K(54784K)] 437268K->384564K(582656K), 0.0027847 secs] [Times: user=0.01 sys=0.00, real=0.00 secs] 
1538.318: [GC (Allocation Failure) [PSYoungGen: 54144K->1472K(54784K)] 437300K->384628K(582656K), 0.0018635 secs] [Times: user=0.00 sys=0.00, real=0.00 secs] 
1538.538: [GC (Allocation Failure) [PSYoungGen: 54208K->1408K(54784K)] 437364K->384564K(582656K), 0.0016776 secs] [Times: user=0.01 sys=0.00, real=0.00 secs] 
1538.757: [GC (Allocation Failure) [PSYoungGen: 54144K->1376K(54784K)] 437300K->384532K(582656K), 0.0018850 secs] [Times: user=0.01 sys=0.00, real=0.00 secs] 
1538.976: [GC (Allocation Failure) [PSYoungGen: 54112K->1376K(54784K)] 437268K->384532K(582656K), 0.0018299 secs] [Times: user=0.01 sys=0.00, real=0.00 secs] 
1539.195: [GC (Allocation Failure) [PSYoungGen: 54112K->1376K(54784K)] 437268K->384532K(582656K), 0.0022885 secs] [Times: user=0.01 sys=0.00, real=0.00 secs] 
1540.198: [GC (Allocation Failure) [PSYoungGen: 54112K->1440K(54784K)] 437268K->384596K(582656K), 0.0016862 secs] [Times: user=0.00 sys=0.00, real=0.00 secs] 
1540.513: [GC (Allocation Failure) [PSYoungGen: 54176K->1360K(54784K)] 437332K->384516K(582656K), 0.0016622 secs] [Times: user=0.01 sys=0.00, real=0.01 secs] 
1540.899: [GC (Allocation Failure) [PSYoungGen: 54096K->1376K(54272K)] 437252K->384532K(582144K), 0.0016964 secs] [Times: user=0.01 sys=0.00, real=0.00 secs] 
1541.307: [GC (Allocation Failure) [PSYoungGen: 54112K->1376K(54272K)] 437268K->384532K(582144K), 0.0024785 secs] [Times: user=0.01 sys=0.00, real=0.00 secs] 
1541.784: [GC (Allocation Failure) [PSYoungGen: 54112K->368K(53760K)] 437268K->384556K(581632K), 0.0025624 secs] [Times: user=0.01 sys=0.00, real=0.00 secs] 
1543.117: [GC (Allocation Failure) [PSYoungGen: 53104K->1408K(54784K)] 437292K->385612K(582656K), 0.0021146 secs] [Times: user=0.00 sys=0.00, real=0.00 secs] 
1543.660: [GC (Allocation Failure) [PSYoungGen: 54144K->1376K(54784K)] 438348K->385580K(582656K), 0.0027348 secs] [Times: user=0.01 sys=0.00, real=0.00 secs] 
1544.147: [GC (Allocation Failure) [PSYoungGen: 54112K->1408K(54784K)] 438316K->385612K(582656K), 0.0025074 secs] [Times: user=0.01 sys=0.00, real=0.00 secs] 
1544.508: [GC (Allocation Failure) [PSYoungGen: 54144K->1408K(54784K)] 438348K->385612K(582656K), 0.0027058 secs] [Times: user=0.01 sys=0.00, real=0.00 secs] 
1544.824: [GC (Allocation Failure) [PSYoungGen: 54144K->1376K(54784K)] 438348K->385580K(582656K), 0.0025258 secs] [Times: user=0.01 sys=0.00, real=0.00 secs] 
1545.163: [GC (Allocation Failure) [PSYoungGen: 54112K->1376K(54784K)] 438316K->385588K(582656K), 0.0024346 secs] [Times: user=0.01 sys=0.00, real=0.01 secs] 
1546.485: [GC (Allocation Failure) [PSYoungGen: 54112K->1408K(54784K)] 438324K->385620K(582656K), 0.0016714 secs] [Times: user=0.01 sys=0.00, real=0.00 secs] 
1546.941: [GC (Allocation Failure) [PSYoungGen: 54144K->1392K(54784K)] 438356K->385604K(582656K), 0.0077084 secs] [Times: user=0.04 sys=0.00, real=0.01 secs] 
1547.331: [GC (Allocation Failure) [PSYoungGen: 54128K->1344K(54784K)] 438340K->385556K(582656K), 0.0019628 secs] [Times: user=0.01 sys=0.00, real=0.00 secs] 
1547.909: [GC (Allocation Failure) [PSYoungGen: 54080K->1408K(54784K)] 438292K->385620K(582656K), 0.0020176 secs] [Times: user=0.01 sys=0.00, real=0.00 secs] 
1548.528: [GC (Allocation Failure) [PSYoungGen: 54144K->1344K(54784K)] 438356K->385556K(582656K), 0.0021460 secs] [Times: user=0.01 sys=0.00, real=0.00 secs] 
1549.750: [GC (Allocation Failure) [PSYoungGen: 54080K->1376K(54784K)] 438292K->385588K(582656K), 0.0016758 secs] [Times: user=0.01 sys=0.00, real=0.00 secs] 
1550.149: [GC (Allocation Failure) [PSYoungGen: 54112K->1408K(54784K)] 438324K->385620K(582656K), 0.0017266 secs] [Times: user=0.00 sys=0.00, real=0.00 secs] 
1550.569: [GC (Allocation Failure) [PSYoungGen: 54144K->1376K(54784K)] 438356K->385588K(582656K), 0.0031615 secs] [Times: user=0.01 sys=0.00, real=0.00 secs] 
1550.991: [GC (Allocation Failure) [PSYoungGen: 54112K->1408K(54784K)] 438324K->385620K(582656K), 0.0026418 secs] [Times: user=0.01 sys=0.00, real=0.01 secs] 
1551.435: [GC (Allocation Failure) [PSYoungGen: 54144K->1376K(54272K)] 438356K->385596K(582144K), 0.0032238 secs] [Times: user=0.01 sys=0.00, real=0.00 secs] 
1552.607: [GC (Allocation Failure) [PSYoungGen: 54112K->1440K(54272K)] 438332K->386684K(582144K), 0.0018928 secs] [Times: user=0.01 sys=0.00, real=0.00 secs] 
1553.084: [GC (Allocation Failure) [PSYoungGen: 54176K->1376K(54272K)] 439420K->386620K(582144K), 0.0016847 secs] [Times: user=0.01 sys=0.00, real=0.01 secs] 
1553.534: [GC (Allocation Failure) [PSYoungGen: 54112K->1408K(54272K)] 439356K->386652K(582144K), 0.0037978 secs] [Times: user=0.01 sys=0.00, real=0.00 secs] 
1554.106: [GC (Allocation Failure) [PSYoungGen: 54144K->352K(53760K)] 439388K->386628K(581632K), 0.0031760 secs] [Times: user=0.01 sys=0.00, real=0.00 secs] 
1554.495: [GC (Allocation Failure) [PSYoungGen: 53088K->352K(54784K)] 439364K->386628K(582656K), 0.0019662 secs] [Times: user=0.01 sys=0.00, real=0.00 secs] 
1554.714: [GC (Allocation Failure) [PSYoungGen: 53088K->320K(54784K)] 439364K->386596K(582656K), 0.0019573 secs] [Times: user=0.01 sys=0.00, real=0.00 secs] 
1555.998: [GC (Allocation Failure) [PSYoungGen: 53056K->1456K(54784K)] 439332K->387733K(582656K), 0.0017414 secs] [Times: user=0.01 sys=0.00, real=0.00 secs] 
1556.636: [GC (Allocation Failure) [PSYoungGen: 54192K->1408K(54784K)] 440469K->387684K(582656K), 0.0065174 secs] [Times: user=0.03 sys=0.00, real=0.00 secs] 
1557.385: [GC (Allocation Failure) [PSYoungGen: 54144K->1376K(54784K)] 440420K->387652K(582656K), 0.0040682 secs] [Times: user=0.02 sys=0.00, real=0.00 secs] 
1557.851: [GC (Allocation Failure) [PSYoungGen: 54112K->1392K(54784K)] 440388K->387669K(582656K), 0.0033076 secs] [Times: user=0.01 sys=0.00, real=0.01 secs] 
1558.353: [GC (Allocation Failure) [PSYoungGen: 54128K->1408K(54784K)] 440405K->387684K(582656K), 0.0032977 secs] [Times: user=0.01 sys=0.00, real=0.01 secs] 
1559.860: [GC (Allocation Failure) [PSYoungGen: 54144K->1408K(54784K)] 440420K->387684K(582656K), 0.0021745 secs] [Times: user=0.01 sys=0.00, real=0.00 secs] 
1560.750: [GC (Allocation Failure) [PSYoungGen: 54144K->1376K(54784K)] 440420K->387652K(582656K), 0.0039621 secs] [Times: user=0.02 sys=0.00, real=0.01 secs] 
1561.362: [GC (Allocation Failure) [PSYoungGen: 54112K->1376K(54784K)] 440388K->387652K(582656K), 0.0035177 secs] [Times: user=0.01 sys=0.00, real=0.01 secs] 
1562.052: [GC (Allocation Failure) [PSYoungGen: 54112K->1376K(54784K)] 440388K->387652K(582656K), 0.0038833 secs] [Times: user=0.02 sys=0.00, real=0.01 secs] 
1562.641: [GC (Allocation Failure) [PSYoungGen: 54112K->1344K(54784K)] 440388K->387620K(582656K), 0.0032524 secs] [Times: user=0.01 sys=0.00, real=0.01 secs] 
1563.755: [GC (Allocation Failure) [PSYoungGen: 53056K->224K(54784K)] 439333K->386500K(582656K), 0.0015537 secs] [Times: user=0.01 sys=0.00, real=0.00 secs] 
1563.992: [GC (Allocation Failure) [PSYoungGen: 52960K->1408K(54784K)] 439236K->387684K(582656K), 0.0017534 secs] [Times: user=0.01 sys=0.00, real=0.01 secs] 
1564.371: [GC (Allocation Failure) [PSYoungGen: 54144K->1392K(54784K)] 440420K->387669K(582656K), 0.0020318 secs] [Times: user=0.01 sys=0.00, real=0.00 secs] 
1564.777: [GC (Allocation Failure) [PSYoungGen: 54128K->1376K(54784K)] 440405K->387652K(582656K), 0.0030591 secs] [Times: user=0.02 sys=0.00, real=0.00 secs] 
1565.138: [GC (Allocation Failure) [PSYoungGen: 54112K->1376K(54784K)] 440388K->387660K(582656K), 0.0025105 secs] [Times: user=0.01 sys=0.00, real=0.00 secs] 
1565.513: [GC (Allocation Failure) [PSYoungGen: 54112K->1344K(54784K)] 440396K->387636K(582656K), 0.0038244 secs] [Times: user=0.01 sys=0.00, real=0.01 secs] 
1566.645: [GC (Allocation Failure) [PSYoungGen: 54080K->1424K(54784K)] 440372K->387717K(582656K), 0.0027086 secs] [Times: user=0.01 sys=0.00, real=0.00 secs] 
1567.070: [GC (Allocation Failure) [PSYoungGen: 54160K->1392K(54784K)] 440453K->387685K(582656K), 0.0030615 secs] [Times: user=0.02 sys=0.00, real=0.00 secs] 
1567.446: [GC (Allocation Failure) [PSYoungGen: 54128K->1376K(54784K)] 440421K->387668K(582656K), 0.0057360 secs] [Times: user=0.02 sys=0.00, real=0.00 secs] 
1567.831: [GC (Allocation Failure) [PSYoungGen: 54112K->1376K(54784K)] 440404K->387668K(582656K), 0.0027431 secs] [Times: user=0.01 sys=0.01, real=0.00 secs] 
1568.218: [GC (Allocation Failure) [PSYoungGen: 54112K->1376K(54784K)] 440404K->387668K(582656K), 0.0027760 secs] [Times: user=0.01 sys=0.00, real=0.00 secs] 
1569.326: [GC (Allocation Failure) [PSYoungGen: 54112K->1408K(54784K)] 440404K->387700K(582656K), 0.0017050 secs] [Times: user=0.01 sys=0.00, real=0.00 secs] 
1569.774: [GC (Allocation Failure) [PSYoungGen: 54144K->1408K(54784K)] 440436K->387700K(582656K), 0.0017917 secs] [Times: user=0.01 sys=0.00, real=0.00 secs] 
1570.228: [GC (Allocation Failure) [PSYoungGen: 54144K->1344K(54784K)] 440436K->387636K(582656K), 0.0015619 secs] [Times: user=0.00 sys=0.00, real=0.00 secs] 
1570.683: [GC (Allocation Failure) [PSYoungGen: 54080K->1408K(54784K)] 440372K->387700K(582656K), 0.0015666 secs] [Times: user=0.01 sys=0.00, real=0.01 secs] 
1571.137: [GC (Allocation Failure) [PSYoungGen: 54144K->1408K(54784K)] 440436K->387700K(582656K), 0.0015655 secs] [Times: user=0.01 sys=0.00, real=0.00 secs] 
1571.598: [GC (Allocation Failure) [PSYoungGen: 54144K->1408K(54784K)] 440436K->387700K(582656K), 0.0016757 secs] [Times: user=0.00 sys=0.00, real=0.00 secs] 
1572.857: [GC (Allocation Failure) [PSYoungGen: 54144K->1408K(54784K)] 440436K->387700K(582656K), 0.0017774 secs] [Times: user=0.00 sys=0.00, real=0.00 secs] 
1573.367: [GC (Allocation Failure) [PSYoungGen: 54144K->1376K(54784K)] 440436K->387692K(582656K), 0.0018056 secs] [Times: user=0.01 sys=0.00, real=0.00 secs] 
1573.713: [GC (Allocation Failure) [PSYoungGen: 54112K->1392K(54784K)] 440428K->387709K(582656K), 0.0019759 secs] [Times: user=0.01 sys=0.00, real=0.01 secs] 
1573.932: [GC (Allocation Failure) [PSYoungGen: 54128K->1376K(54784K)] 440445K->387692K(582656K), 0.0017417 secs] [Times: user=0.01 sys=0.00, real=0.01 secs] 
1574.152: [GC (Allocation Failure) [PSYoungGen: 54112K->1424K(54784K)] 440428K->387741K(582656K), 0.0019067 secs] [Times: user=0.00 sys=0.00, real=0.00 secs] 
1575.309: [GC (Allocation Failure) [PSYoungGen: 54160K->1408K(54784K)] 440477K->387732K(582656K), 0.0017198 secs] [Times: user=0.00 sys=0.00, real=0.00 secs] 
1575.939: [GC (Allocation Failure) [PSYoungGen: 54144K->1376K(54784K)] 440468K->387700K(582656K), 0.0041455 secs] [Times: user=0.01 sys=0.00, real=0.00 secs] 
1576.746: [GC (Allocation Failure) [PSYoungGen: 54112K->1408K(54784K)] 440436K->387732K(582656K), 0.0031500 secs] [Times: user=0.01 sys=0.00, real=0.00 secs] 
1577.298: [GC (Allocation Failure) [PSYoungGen: 54144K->1408K(54784K)] 440468K->387740K(582656K), 0.0024792 secs] [Times: user=0.01 sys=0.00, real=0.00 secs] 
1577.753: [GC (Allocation Failure) [PSYoungGen: 54144K->1344K(54784K)] 440476K->387684K(582656K), 0.0021377 secs] [Times: user=0.01 sys=0.00, real=0.01 secs] 
1578.859: [GC (Allocation Failure) [PSYoungGen: 54080K->1408K(54784K)] 440420K->387756K(582656K), 0.0016906 secs] [Times: user=0.00 sys=0.00, real=0.00 secs] 
1579.078: [GC (Allocation Failure) [PSYoungGen: 54144K->1376K(54272K)] 440492K->387724K(582144K), 0.0017670 secs] [Times: user=0.01 sys=0.00, real=0.00 secs] 
1579.296: [GC (Allocation Failure) [PSYoungGen: 54112K->1376K(54272K)] 440460K->387724K(582144K), 0.0016940 secs] [Times: user=0.01 sys=0.00, real=0.00 secs] 
1579.515: [GC (Allocation Failure) [PSYoungGen: 54112K->1376K(54272K)] 440460K->387724K(582144K), 0.0017056 secs] [Times: user=0.01 sys=0.00, real=0.00 secs] 
1579.733: [GC (Allocation Failure) [PSYoungGen: 54112K->1376K(54272K)] 440460K->387724K(582144K), 0.0017757 secs] [Times: user=0.01 sys=0.00, real=0.01 secs] 
1580.024: [GC (Allocation Failure) [PSYoungGen: 54112K->1408K(54272K)] 440460K->387756K(582144K), 0.0015666 secs] [Times: user=0.01 sys=0.00, real=0.00 secs] 
1581.123: [GC (Allocation Failure) [PSYoungGen: 54144K->1408K(54272K)] 440492K->387756K(582144K), 0.0017356 secs] [Times: user=0.01 sys=0.00, real=0.01 secs] 
1581.521: [GC (Allocation Failure) [PSYoungGen: 54144K->1344K(54272K)] 440492K->387692K(582144K), 0.0022826 secs] [Times: user=0.01 sys=0.00, real=0.00 secs] 
1581.744: [GC (Allocation Failure) [PSYoungGen: 54080K->1376K(54272K)] 440428K->387724K(582144K), 0.0022189 secs] [Times: user=0.01 sys=0.00, real=0.00 secs] 
1582.002: [GC (Allocation Failure) [PSYoungGen: 54112K->1344K(54272K)] 440460K->387692K(582144K), 0.0022803 secs] [Times: user=0.01 sys=0.00, real=0.01 secs] 
1582.360: [GC (Allocation Failure) [PSYoungGen: 54080K->1376K(54272K)] 440428K->387756K(582144K), 0.0025479 secs] [Times: user=0.01 sys=0.00, real=0.00 secs] 
1583.667: [GC (Allocation Failure) [PSYoungGen: 54112K->1424K(54272K)] 440492K->387805K(582144K), 0.0018177 secs] [Times: user=0.01 sys=0.00, real=0.00 secs] 
1584.490: [GC (Allocation Failure) [PSYoungGen: 54160K->1392K(54272K)] 440541K->387773K(582144K), 0.0018342 secs] [Times: user=0.01 sys=0.00, real=0.00 secs] 
1585.376: [GC (Allocation Failure) [PSYoungGen: 54128K->1376K(54272K)] 440509K->387756K(582144K), 0.0018596 secs] [Times: user=0.01 sys=0.00, real=0.00 secs] 
1586.010: [GC (Allocation Failure) [PSYoungGen: 54112K->1376K(54272K)] 440492K->387756K(582144K), 0.0018252 secs] [Times: user=0.01 sys=0.00, real=0.00 secs] 
1586.484: [GC (Allocation Failure) [PSYoungGen: 54112K->1408K(54272K)] 440492K->387788K(582144K), 0.0021104 secs] [Times: user=0.00 sys=0.00, real=0.00 secs] 
1587.806: [GC (Allocation Failure) [PSYoungGen: 54135K->1440K(54272K)] 440516K->388333K(582144K), 0.0016792 secs] [Times: user=0.01 sys=0.00, real=0.00 secs] 
1588.079: [GC (Allocation Failure) [PSYoungGen: 54176K->1376K(54272K)] 441069K->388269K(582144K), 0.0019472 secs] [Times: user=0.00 sys=0.00, real=0.00 secs] 
1588.311: [GC (Allocation Failure) [PSYoungGen: 54112K->1360K(54272K)] 441005K->388253K(582144K), 0.0019956 secs] [Times: user=0.01 sys=0.00, real=0.00 secs] 
1588.571: [GC (Allocation Failure) [PSYoungGen: 54096K->1408K(54272K)] 440989K->388301K(582144K), 0.0021671 secs] [Times: user=0.01 sys=0.00, real=0.00 secs] 
1588.827: [GC (Allocation Failure) [PSYoungGen: 54144K->1376K(54272K)] 441037K->388269K(582144K), 0.0021865 secs] [Times: user=0.01 sys=0.00, real=0.00 secs] 
1589.047: [GC (Allocation Failure) [PSYoungGen: 54112K->1376K(54272K)] 441005K->388269K(582144K), 0.0020327 secs] [Times: user=0.01 sys=0.00, real=0.00 secs] 
1590.012: [GC (Allocation Failure) [PSYoungGen: 54112K->1440K(54272K)] 441005K->388333K(582144K), 0.0018699 secs] [Times: user=0.01 sys=0.00, real=0.00 secs] 
1590.424: [GC (Allocation Failure) [PSYoungGen: 54176K->1376K(54272K)] 441069K->388269K(582144K), 0.0018925 secs] [Times: user=0.00 sys=0.00, real=0.00 secs] 
1591.036: [GC (Allocation Failure) [PSYoungGen: 54112K->1408K(54272K)] 441005K->388301K(582144K), 0.0041208 secs] [Times: user=0.01 sys=0.00, real=0.00 secs] 
1591.756: [GC (Allocation Failure) [PSYoungGen: 54144K->1408K(54272K)] 441037K->388301K(582144K), 0.0035006 secs] [Times: user=0.01 sys=0.00, real=0.00 secs] 
1592.539: [GC (Allocation Failure) [PSYoungGen: 54144K->1408K(54272K)] 441037K->388301K(582144K), 0.0028128 secs] [Times: user=0.01 sys=0.00, real=0.00 secs] 
1594.333: [GC (Allocation Failure) [PSYoungGen: 54144K->1440K(54272K)] 441037K->388333K(582144K), 0.0030572 secs] [Times: user=0.01 sys=0.00, real=0.01 secs] 
1594.827: [GC (Allocation Failure) [PSYoungGen: 54176K->1392K(54272K)] 441069K->388293K(582144K), 0.0033781 secs] [Times: user=0.01 sys=0.00, real=0.00 secs] 
1595.465: [GC (Allocation Failure) [PSYoungGen: 54128K->1408K(54272K)] 441029K->388309K(582144K), 0.0034253 secs] [Times: user=0.01 sys=0.00, real=0.00 secs] 
1596.029: [GC (Allocation Failure) [PSYoungGen: 54144K->1376K(54272K)] 441045K->388277K(582144K), 0.0023761 secs] [Times: user=0.01 sys=0.00, real=0.00 secs] 
1596.865: [GC (Allocation Failure) [PSYoungGen: 54112K->1376K(54272K)] 441013K->388277K(582144K), 0.0023615 secs] [Times: user=0.01 sys=0.00, real=0.00 secs] 
1598.763: [GC (Allocation Failure) [PSYoungGen: 54112K->1504K(54272K)] 441013K->388421K(582144K), 0.0019020 secs] [Times: user=0.01 sys=0.00, real=0.01 secs] 
1599.523: [GC (Allocation Failure) [PSYoungGen: 54240K->1408K(54272K)] 441157K->388325K(582144K), 0.0020965 secs] [Times: user=0.01 sys=0.00, real=0.01 secs] 
1600.055: [GC (Allocation Failure) [PSYoungGen: 54144K->1376K(54272K)] 441061K->388293K(582144K), 0.0040770 secs] [Times: user=0.02 sys=0.00, real=0.00 secs] 
1600.543: [GC (Allocation Failure) [PSYoungGen: 54112K->1376K(54272K)] 441029K->388293K(582144K), 0.0030650 secs] [Times: user=0.01 sys=0.00, real=0.01 secs] 
1600.763: [GC (Allocation Failure) [PSYoungGen: 54112K->1408K(54272K)] 441029K->388325K(582144K), 0.0022382 secs] [Times: user=0.01 sys=0.00, real=0.01 secs] 
1600.983: [GC (Allocation Failure) [PSYoungGen: 54144K->1376K(54272K)] 441061K->388301K(582144K), 0.0019248 secs] [Times: user=0.00 sys=0.00, real=0.01 secs] 
1601.929: [GC (Allocation Failure) [PSYoungGen: 54112K->1472K(54272K)] 441037K->388397K(582144K), 0.0017066 secs] [Times: user=0.00 sys=0.00, real=0.00 secs] 
1602.152: [GC (Allocation Failure) [PSYoungGen: 54208K->1472K(54272K)] 441133K->388397K(582144K), 0.0016276 secs] [Times: user=0.01 sys=0.00, real=0.01 secs] 
1602.371: [GC (Allocation Failure) [PSYoungGen: 54208K->1440K(54272K)] 441133K->388365K(582144K), 0.0017474 secs] [Times: user=0.01 sys=0.00, real=0.00 secs] 
1602.624: [GC (Allocation Failure) [PSYoungGen: 54176K->1440K(54272K)] 441101K->388365K(582144K), 0.0017690 secs] [Times: user=0.01 sys=0.00, real=0.00 secs] 
1602.842: [GC (Allocation Failure) [PSYoungGen: 54176K->1472K(54272K)] 441101K->388405K(582144K), 0.0016484 secs] [Times: user=0.01 sys=0.01, real=0.01 secs] 
1604.435: [GC (Allocation Failure) [PSYoungGen: 54208K->1520K(54272K)] 441141K->388477K(582144K), 0.0038240 secs] [Times: user=0.02 sys=0.00, real=0.00 secs] 
1604.728: [GC (Allocation Failure) [PSYoungGen: 54256K->1472K(54784K)] 441213K->388429K(582656K), 0.0021905 secs] [Times: user=0.01 sys=0.00, real=0.00 secs] 
1604.947: [GC (Allocation Failure) [PSYoungGen: 54208K->1472K(54784K)] 441165K->388429K(582656K), 0.0020775 secs] [Times: user=0.01 sys=0.00, real=0.00 secs] 
1605.215: [GC (Allocation Failure) [PSYoungGen: 54208K->1472K(54784K)] 441165K->388429K(582656K), 0.0020052 secs] [Times: user=0.01 sys=0.00, real=0.00 secs] 
1605.616: [GC (Allocation Failure) [PSYoungGen: 54208K->1376K(54784K)] 441165K->388413K(582656K), 0.0019042 secs] [Times: user=0.01 sys=0.00, real=0.00 secs] 
1606.689: [GC (Allocation Failure) [PSYoungGen: 54112K->224K(54784K)] 441149K->387261K(582656K), 0.0014035 secs] [Times: user=0.00 sys=0.00, real=0.00 secs] 
1606.982: [GC (Allocation Failure) [PSYoungGen: 52960K->1376K(54784K)] 439997K->388413K(582656K), 0.0018145 secs] [Times: user=0.01 sys=0.00, real=0.01 secs] 
1607.201: [GC (Allocation Failure) [PSYoungGen: 54112K->1408K(54784K)] 441149K->388445K(582656K), 0.0017584 secs] [Times: user=0.00 sys=0.00, real=0.00 secs] 
1607.419: [GC (Allocation Failure) [PSYoungGen: 54144K->1376K(54784K)] 441181K->388413K(582656K), 0.0016509 secs] [Times: user=0.01 sys=0.00, real=0.00 secs] 
1607.731: [GC (Allocation Failure) [PSYoungGen: 54112K->1376K(54784K)] 441149K->388413K(582656K), 0.0018054 secs] [Times: user=0.01 sys=0.00, real=0.00 secs] 
1608.128: [GC (Allocation Failure) [PSYoungGen: 54112K->1344K(54784K)] 441149K->388381K(582656K), 0.0023254 secs] [Times: user=0.01 sys=0.00, real=0.00 secs] 
1609.494: [GC (Allocation Failure) [PSYoungGen: 54080K->1440K(54784K)] 441117K->388477K(582656K), 0.0040090 secs] [Times: user=0.02 sys=0.00, real=0.00 secs] 
1610.144: [GC (Allocation Failure) [PSYoungGen: 54176K->1408K(54784K)] 441213K->388445K(582656K), 0.0037321 secs] [Times: user=0.01 sys=0.00, real=0.00 secs] 
1610.674: [GC (Allocation Failure) [PSYoungGen: 54144K->1376K(54784K)] 441181K->388413K(582656K), 0.0030273 secs] [Times: user=0.02 sys=0.00, real=0.00 secs] 
1611.051: [GC (Allocation Failure) [PSYoungGen: 54112K->1376K(54784K)] 441149K->388413K(582656K), 0.0021805 secs] [Times: user=0.01 sys=0.00, real=0.01 secs] 
1611.271: [GC (Allocation Failure) [PSYoungGen: 54112K->1424K(54784K)] 441149K->388469K(582656K), 0.0018811 secs] [Times: user=0.01 sys=0.00, real=0.00 secs] 
1612.245: [GC (Allocation Failure) [PSYoungGen: 54160K->1440K(54784K)] 441205K->388501K(582656K), 0.0016378 secs] [Times: user=0.00 sys=0.00, real=0.00 secs] 
1612.740: [GC (Allocation Failure) [PSYoungGen: 54176K->1376K(54784K)] 441237K->388437K(582656K), 0.0017856 secs] [Times: user=0.01 sys=0.00, real=0.00 secs] 
1613.258: [GC (Allocation Failure) [PSYoungGen: 54112K->1376K(54784K)] 441173K->388437K(582656K), 0.0018136 secs] [Times: user=0.00 sys=0.00, real=0.00 secs] 
1613.661: [GC (Allocation Failure) [PSYoungGen: 54112K->1376K(54784K)] 441173K->388437K(582656K), 0.0019659 secs] [Times: user=0.01 sys=0.00, real=0.00 secs] 
1613.880: [GC (Allocation Failure) [PSYoungGen: 54112K->1408K(54784K)] 441173K->388469K(582656K), 0.0018512 secs] [Times: user=0.01 sys=0.00, real=0.00 secs] 
1614.099: [GC (Allocation Failure) [PSYoungGen: 54144K->1408K(54272K)] 441205K->388469K(582144K), 0.0022008 secs] [Times: user=0.01 sys=0.00, real=0.00 secs] 
1615.323: [GC (Allocation Failure) [PSYoungGen: 54144K->1408K(54272K)] 441205K->388469K(582144K), 0.0018847 secs] [Times: user=0.01 sys=0.00, real=0.01 secs] 
1615.809: [GC (Allocation Failure) [PSYoungGen: 54144K->336K(53760K)] 441205K->388421K(581632K), 0.0020290 secs] [Times: user=0.00 sys=0.00, real=0.00 secs] 
1616.097: [GC (Allocation Failure) [PSYoungGen: 53072K->352K(54784K)] 441157K->388437K(582656K), 0.0019433 secs] [Times: user=0.01 sys=0.00, real=0.00 secs] 
1616.317: [GC (Allocation Failure) [PSYoungGen: 53088K->368K(54784K)] 441173K->388453K(582656K), 0.0020000 secs] [Times: user=0.01 sys=0.00, real=0.00 secs] 
1616.536: [GC (Allocation Failure) [PSYoungGen: 53104K->352K(54784K)] 441189K->388437K(582656K), 0.0020358 secs] [Times: user=0.01 sys=0.00, real=0.00 secs] 
1617.540: [GC (Allocation Failure) [PSYoungGen: 53088K->1376K(54784K)] 441173K->389461K(582656K), 0.0018840 secs] [Times: user=0.01 sys=0.00, real=0.00 secs] 
1618.152: [GC (Allocation Failure) [PSYoungGen: 54112K->1408K(54784K)] 442197K->389493K(582656K), 0.0019226 secs] [Times: user=0.00 sys=0.00, real=0.01 secs] 
1618.921: [GC (Allocation Failure) [PSYoungGen: 54144K->1408K(54784K)] 442229K->389493K(582656K), 0.0040196 secs] [Times: user=0.01 sys=0.00, real=0.01 secs] 
1619.619: [GC (Allocation Failure) [PSYoungGen: 54144K->1344K(54784K)] 442229K->389429K(582656K), 0.0041108 secs] [Times: user=0.02 sys=0.00, real=0.00 secs] 
1620.340: [GC (Allocation Failure) [PSYoungGen: 54080K->1376K(54784K)] 442165K->389461K(582656K), 0.0031522 secs] [Times: user=0.01 sys=0.00, real=0.00 secs] 
1621.657: [GC (Allocation Failure) [PSYoungGen: 54112K->1408K(54784K)] 442197K->389493K(582656K), 0.0018628 secs] [Times: user=0.01 sys=0.00, real=0.00 secs] 
1622.102: [GC (Allocation Failure) [PSYoungGen: 54144K->1392K(54784K)] 442229K->389477K(582656K), 0.0018821 secs] [Times: user=0.00 sys=0.00, real=0.00 secs] 
1622.660: [GC (Allocation Failure) [PSYoungGen: 54128K->1376K(54784K)] 442213K->389461K(582656K), 0.0039948 secs] [Times: user=0.01 sys=0.00, real=0.01 secs] 
1623.092: [GC (Allocation Failure) [PSYoungGen: 54112K->1408K(54784K)] 442197K->389493K(582656K), 0.0031509 secs] [Times: user=0.01 sys=0.00, real=0.01 secs] 
1623.569: [GC (Allocation Failure) [PSYoungGen: 54144K->1376K(54784K)] 442229K->389461K(582656K), 0.0026618 secs] [Times: user=0.02 sys=0.00, real=0.00 secs] 
1623.805: [GC (Allocation Failure) [PSYoungGen: 54112K->1376K(54784K)] 442197K->389477K(582656K), 0.0020287 secs] [Times: user=0.01 sys=0.00, real=0.00 secs] 
1625.408: [GC (Allocation Failure) [PSYoungGen: 54112K->1408K(54784K)] 442213K->389509K(582656K), 0.0037131 secs] [Times: user=0.02 sys=0.01, real=0.00 secs] 
1626.450: [GC (Allocation Failure) [PSYoungGen: 54144K->1360K(54784K)] 442245K->389461K(582656K), 0.0035625 secs] [Times: user=0.02 sys=0.00, real=0.00 secs] 
1627.072: [GC (Allocation Failure) [PSYoungGen: 54096K->1408K(54784K)] 442197K->389509K(582656K), 0.0039307 secs] [Times: user=0.02 sys=0.00, real=0.01 secs] 
1627.422: [GC (Allocation Failure) [PSYoungGen: 54144K->1408K(54784K)] 442245K->389509K(582656K), 0.0023529 secs] [Times: user=0.01 sys=0.00, real=0.01 secs] 
1627.639: [GC (Allocation Failure) [PSYoungGen: 54144K->1392K(54784K)] 442245K->389493K(582656K), 0.0020373 secs] [Times: user=0.01 sys=0.00, real=0.00 secs] 
1628.541: [GC (Allocation Failure) [PSYoungGen: 54128K->1408K(54784K)] 442229K->389509K(582656K), 0.0016989 secs] [Times: user=0.00 sys=0.00, real=0.00 secs] 
1628.760: [GC (Allocation Failure) [PSYoungGen: 54144K->1376K(54784K)] 442245K->389477K(582656K), 0.0015449 secs] [Times: user=0.01 sys=0.00, real=0.00 secs] 
1628.994: [GC (Allocation Failure) [PSYoungGen: 54112K->1376K(54784K)] 442213K->389477K(582656K), 0.0018017 secs] [Times: user=0.01 sys=0.00, real=0.00 secs] 
1629.213: [GC (Allocation Failure) [PSYoungGen: 54112K->1392K(54784K)] 442213K->389493K(582656K), 0.0016799 secs] [Times: user=0.00 sys=0.00, real=0.01 secs] 
1629.432: [GC (Allocation Failure) [PSYoungGen: 54128K->1392K(54784K)] 442229K->389493K(582656K), 0.0025619 secs] [Times: user=0.01 sys=0.00, real=0.01 secs] 
1630.552: [GC (Allocation Failure) [PSYoungGen: 54128K->1920K(54784K)] 442229K->390533K(582656K), 0.0024122 secs] [Times: user=0.01 sys=0.00, real=0.01 secs] 
1631.273: [GC (Allocation Failure) [PSYoungGen: 54656K->1408K(54784K)] 443269K->390021K(582656K), 0.0027798 secs] [Times: user=0.01 sys=0.00, real=0.01 secs] 
1632.067: [GC (Allocation Failure) [PSYoungGen: 54144K->1376K(54784K)] 442757K->389989K(582656K), 0.0039986 secs] [Times: user=0.01 sys=0.00, real=0.00 secs] 
1633.020: [GC (Allocation Failure) [PSYoungGen: 54112K->1360K(54784K)] 442725K->389973K(582656K), 0.0040815 secs] [Times: user=0.02 sys=0.00, real=0.00 secs] 
1633.616: [GC (Allocation Failure) [PSYoungGen: 54096K->1344K(54784K)] 442709K->389957K(582656K), 0.0039974 secs] [Times: user=0.02 sys=0.00, real=0.00 secs] 
1634.270: [GC (Allocation Failure) [PSYoungGen: 54080K->1408K(54784K)] 442693K->390037K(582656K), 0.0031388 secs] [Times: user=0.02 sys=0.00, real=0.00 secs] 
1636.229: [GC (Allocation Failure) [PSYoungGen: 54144K->1408K(54784K)] 442773K->390037K(582656K), 0.0025191 secs] [Times: user=0.01 sys=0.00, real=0.00 secs] 
1636.831: [GC (Allocation Failure) [PSYoungGen: 54144K->1376K(54784K)] 442773K->390005K(582656K), 0.0024122 secs] [Times: user=0.01 sys=0.00, real=0.01 secs] 
1637.051: [GC (Allocation Failure) [PSYoungGen: 54112K->1376K(54784K)] 442741K->390005K(582656K), 0.0020051 secs] [Times: user=0.01 sys=0.01, real=0.00 secs] 
1637.339: [GC (Allocation Failure) [PSYoungGen: 54112K->1376K(54784K)] 442741K->390005K(582656K), 0.0021351 secs] [Times: user=0.01 sys=0.00, real=0.00 secs] 
1637.643: [GC (Allocation Failure) [PSYoungGen: 54112K->1424K(54784K)] 442741K->390053K(582656K), 0.0019033 secs] [Times: user=0.01 sys=0.00, real=0.01 secs] 
1638.905: [GC (Allocation Failure) [PSYoungGen: 54160K->1376K(54784K)] 442789K->390005K(582656K), 0.0019212 secs] [Times: user=0.01 sys=0.00, real=0.00 secs] 
1639.535: [GC (Allocation Failure) [PSYoungGen: 54112K->1376K(54784K)] 442741K->390005K(582656K), 0.0073702 secs] [Times: user=0.02 sys=0.00, real=0.00 secs] 
1639.961: [GC (Allocation Failure) [PSYoungGen: 54112K->1376K(54784K)] 442741K->390005K(582656K), 0.0032787 secs] [Times: user=0.01 sys=0.00, real=0.01 secs] 
1640.412: [GC (Allocation Failure) [PSYoungGen: 54112K->1424K(54784K)] 442741K->390053K(582656K), 0.0026672 secs] [Times: user=0.01 sys=0.00, real=0.01 secs] 
1640.865: [GC (Allocation Failure) [PSYoungGen: 54160K->1376K(54272K)] 442789K->390013K(582144K), 0.0023208 secs] [Times: user=0.00 sys=0.00, real=0.00 secs] 
1642.018: [GC (Allocation Failure) [PSYoungGen: 54112K->1504K(54272K)] 442749K->390277K(582144K), 0.0018703 secs] [Times: user=0.01 sys=0.00, real=0.00 secs] 
1642.302: [GC (Allocation Failure) [PSYoungGen: 54240K->1424K(54784K)] 443013K->390197K(582656K), 0.0017522 secs] [Times: user=0.01 sys=0.01, real=0.00 secs] 
1642.600: [GC (Allocation Failure) [PSYoungGen: 54160K->1440K(54784K)] 442933K->390213K(582656K), 0.0016283 secs] [Times: user=0.01 sys=0.01, real=0.00 secs] 
1643.095: [GC (Allocation Failure) [PSYoungGen: 54176K->1392K(54784K)] 442949K->390165K(582656K), 0.0018607 secs] [Times: user=0.01 sys=0.00, real=0.00 secs] 
1643.506: [GC (Allocation Failure) [PSYoungGen: 54128K->1376K(54784K)] 442901K->390149K(582656K), 0.0028267 secs] [Times: user=0.01 sys=0.00, real=0.00 secs] 
1643.927: [GC (Allocation Failure) [PSYoungGen: 54112K->1392K(54784K)] 442885K->390197K(582656K), 0.0027735 secs] [Times: user=0.01 sys=0.00, real=0.00 secs] 
1645.004: [GC (Allocation Failure) [PSYoungGen: 54128K->1440K(54784K)] 442933K->390245K(582656K), 0.0017795 secs] [Times: user=0.01 sys=0.00, real=0.00 secs] 
1645.223: [GC (Allocation Failure) [PSYoungGen: 54176K->1392K(54784K)] 442981K->390197K(582656K), 0.0017082 secs] [Times: user=0.01 sys=0.00, real=0.01 secs] 
1645.648: [GC (Allocation Failure) [PSYoungGen: 54128K->1376K(54272K)] 442933K->390181K(582144K), 0.0038774 secs] [Times: user=0.02 sys=0.00, real=0.00 secs] 
1646.083: [GC (Allocation Failure) [PSYoungGen: 54112K->1376K(54272K)] 442917K->390181K(582144K), 0.0040691 secs] [Times: user=0.02 sys=0.00, real=0.01 secs] 
1646.525: [GC (Allocation Failure) [PSYoungGen: 54112K->1408K(54272K)] 442917K->390221K(582144K), 0.0031308 secs] [Times: user=0.01 sys=0.00, real=0.00 secs] 
1647.710: [GC (Allocation Failure) [PSYoungGen: 54144K->1408K(54272K)] 442957K->390221K(582144K), 0.0020242 secs] [Times: user=0.01 sys=0.00, real=0.00 secs] 
1647.930: [GC (Allocation Failure) [PSYoungGen: 54144K->1376K(54272K)] 442957K->390189K(582144K), 0.0020191 secs] [Times: user=0.00 sys=0.00, real=0.00 secs] 
1648.149: [GC (Allocation Failure) [PSYoungGen: 54112K->1424K(54272K)] 442925K->390237K(582144K), 0.0019782 secs] [Times: user=0.01 sys=0.00, real=0.00 secs] 
1648.368: [GC (Allocation Failure) [PSYoungGen: 54160K->1376K(54272K)] 442973K->390189K(582144K), 0.0017288 secs] [Times: user=0.01 sys=0.00, real=0.00 secs] 
1648.592: [GC (Allocation Failure) [PSYoungGen: 54112K->1376K(54272K)] 442925K->390189K(582144K), 0.0023587 secs] [Times: user=0.01 sys=0.00, real=0.01 secs] 
1649.476: [GC (Allocation Failure) [PSYoungGen: 54112K->192K(54272K)] 442925K->389005K(582144K), 0.0015124 secs] [Times: user=0.00 sys=0.00, real=0.00 secs] 
1649.719: [GC (Allocation Failure) [PSYoungGen: 52928K->1392K(54784K)] 441741K->390205K(582656K), 0.0041173 secs] [Times: user=0.01 sys=0.00, real=0.00 secs] 
1649.940: [GC (Allocation Failure) [PSYoungGen: 54128K->1360K(54784K)] 442941K->390173K(582656K), 0.0015093 secs] [Times: user=0.01 sys=0.00, real=0.00 secs] 
1650.159: [GC (Allocation Failure) [PSYoungGen: 54096K->1440K(54784K)] 442909K->390253K(582656K), 0.0014671 secs] [Times: user=0.01 sys=0.00, real=0.00 secs] 
1650.377: [GC (Allocation Failure) [PSYoungGen: 54176K->1392K(54784K)] 442989K->390205K(582656K), 0.0016053 secs] [Times: user=0.00 sys=0.00, real=0.00 secs] 
1650.596: [GC (Allocation Failure) [PSYoungGen: 54128K->1376K(54784K)] 442941K->390213K(582656K), 0.0017941 secs] [Times: user=0.01 sys=0.00, real=0.00 secs] 
1651.497: [GC (Allocation Failure) [PSYoungGen: 54112K->1408K(54784K)] 442949K->390245K(582656K), 0.0018542 secs] [Times: user=0.00 sys=0.00, real=0.00 secs] 
1651.726: [GC (Allocation Failure) [PSYoungGen: 54144K->1376K(54784K)] 442981K->390213K(582656K), 0.0015686 secs] [Times: user=0.01 sys=0.00, real=0.00 secs] 
1652.060: [GC (Allocation Failure) [PSYoungGen: 54112K->1376K(54784K)] 442949K->390213K(582656K), 0.0015952 secs] [Times: user=0.00 sys=0.00, real=0.00 secs] 
1652.475: [GC (Allocation Failure) [PSYoungGen: 54112K->1344K(54784K)] 442949K->390181K(582656K), 0.0019758 secs] [Times: user=0.01 sys=0.00, real=0.00 secs] 
1652.961: [GC (Allocation Failure) [PSYoungGen: 54080K->1376K(54784K)] 442917K->390213K(582656K), 0.0020415 secs] [Times: user=0.01 sys=0.00, real=0.00 secs] 
1654.139: [GC (Allocation Failure) [PSYoungGen: 54112K->1440K(54784K)] 442949K->390277K(582656K), 0.0018068 secs] [Times: user=0.01 sys=0.00, real=0.00 secs] 
1654.364: [GC (Allocation Failure) [PSYoungGen: 54176K->1408K(54784K)] 443013K->390245K(582656K), 0.0018743 secs] [Times: user=0.01 sys=0.00, real=0.00 secs] 
1654.656: [GC (Allocation Failure) [PSYoungGen: 54144K->1408K(54784K)] 442981K->390245K(582656K), 0.0018340 secs] [Times: user=0.01 sys=0.00, real=0.00 secs] 
1654.897: [GC (Allocation Failure) [PSYoungGen: 54144K->1376K(54784K)] 442981K->390213K(582656K), 0.0018876 secs] [Times: user=0.01 sys=0.00, real=0.00 secs] 
1655.182: [GC (Allocation Failure) [PSYoungGen: 54112K->1376K(54784K)] 442949K->390213K(582656K), 0.0018998 secs] [Times: user=0.00 sys=0.00, real=0.01 secs] 
1655.441: [GC (Allocation Failure) [PSYoungGen: 54112K->1408K(54784K)] 442949K->390245K(582656K), 0.0020598 secs] [Times: user=0.01 sys=0.00, real=0.00 secs] 
1656.365: [GC (Allocation Failure) [PSYoungGen: 54144K->1440K(54784K)] 442981K->390285K(582656K), 0.0018476 secs] [Times: user=0.01 sys=0.01, real=0.00 secs] 
1656.584: [GC (Allocation Failure) [PSYoungGen: 54176K->1376K(54784K)] 443021K->390221K(582656K), 0.0019514 secs] [Times: user=0.01 sys=0.00, real=0.00 secs] 
1656.865: [GC (Allocation Failure) [PSYoungGen: 54112K->1424K(54784K)] 442957K->390269K(582656K), 0.0019032 secs] [Times: user=0.01 sys=0.00, real=0.00 secs] 
1657.188: [GC (Allocation Failure) [PSYoungGen: 54160K->1408K(54272K)] 443005K->390253K(582144K), 0.0020443 secs] [Times: user=0.00 sys=0.00, real=0.00 secs] 
1657.663: [GC (Allocation Failure) [PSYoungGen: 54144K->1376K(54272K)] 442989K->390221K(582144K), 0.0024111 secs] [Times: user=0.01 sys=0.00, real=0.01 secs] 
1658.728: [GC (Allocation Failure) [PSYoungGen: 54112K->1440K(54272K)] 442957K->390293K(582144K), 0.0015832 secs] [Times: user=0.00 sys=0.00, real=0.00 secs] 
1658.947: [GC (Allocation Failure) [PSYoungGen: 54176K->1408K(54272K)] 443029K->390261K(582144K), 0.0015478 secs] [Times: user=0.01 sys=0.00, real=0.00 secs] 
1659.166: [GC (Allocation Failure) [PSYoungGen: 54144K->1392K(54272K)] 442997K->390245K(582144K), 0.0015725 secs] [Times: user=0.01 sys=0.00, real=0.00 secs] 
1659.384: [GC (Allocation Failure) [PSYoungGen: 54128K->1376K(54272K)] 442981K->390229K(582144K), 0.0015196 secs] [Times: user=0.01 sys=0.00, real=0.00 secs] 
1659.603: [GC (Allocation Failure) [PSYoungGen: 54112K->1376K(54272K)] 442965K->390237K(582144K), 0.0020965 secs] [Times: user=0.00 sys=0.00, real=0.01 secs] 
1660.787: [GC (Allocation Failure) [PSYoungGen: 54112K->1440K(54272K)] 442973K->390301K(582144K), 0.0020752 secs] [Times: user=0.00 sys=0.00, real=0.00 secs] 
1661.007: [GC (Allocation Failure) [PSYoungGen: 54176K->1376K(54272K)] 443037K->390253K(582144K), 0.0023041 secs] [Times: user=0.00 sys=0.00, real=0.00 secs] 
1661.226: [GC (Allocation Failure) [PSYoungGen: 54112K->1424K(54272K)] 442989K->390301K(582144K), 0.0019989 secs] [Times: user=0.01 sys=0.00, real=0.00 secs] 
1661.446: [GC (Allocation Failure) [PSYoungGen: 54160K->1376K(54272K)] 443037K->390253K(582144K), 0.0018015 secs] [Times: user=0.01 sys=0.00, real=0.00 secs] 
1661.749: [GC (Allocation Failure) [PSYoungGen: 54112K->1376K(54272K)] 442989K->390253K(582144K), 0.0031574 secs] [Times: user=0.01 sys=0.00, real=0.00 secs] 
1662.103: [GC (Allocation Failure) [PSYoungGen: 54112K->1408K(54272K)] 442989K->390293K(582144K), 0.0028693 secs] [Times: user=0.01 sys=0.00, real=0.01 secs] 
1663.483: [GC (Allocation Failure) [PSYoungGen: 54144K->1424K(54272K)] 443029K->390309K(582144K), 0.0017190 secs] [Times: user=0.00 sys=0.00, real=0.01 secs] 
1663.969: [GC (Allocation Failure) [PSYoungGen: 54160K->1408K(54272K)] 443045K->390293K(582144K), 0.0040494 secs] [Times: user=0.02 sys=0.00, real=0.00 secs] 
1664.290: [GC (Allocation Failure) [PSYoungGen: 54144K->1376K(54272K)] 443029K->390261K(582144K), 0.0021056 secs] [Times: user=0.01 sys=0.00, real=0.00 secs] 
1664.514: [GC (Allocation Failure) [PSYoungGen: 54112K->1376K(54272K)] 442997K->390261K(582144K), 0.0019415 secs] [Times: user=0.01 sys=0.00, real=0.00 secs] 
1664.733: [GC (Allocation Failure) [PSYoungGen: 54112K->1392K(54272K)] 442997K->390293K(582144K), 0.0020426 secs] [Times: user=0.01 sys=0.00, real=0.01 secs] 
1666.884: [GC (Allocation Failure) [PSYoungGen: 54128K->1424K(54272K)] 443029K->390325K(582144K), 0.0026280 secs] [Times: user=0.01 sys=0.00, real=0.00 secs] 
1667.282: [GC (Allocation Failure) [PSYoungGen: 54160K->1376K(54272K)] 443061K->390277K(582144K), 0.0027632 secs] [Times: user=0.01 sys=0.00, real=0.01 secs] 
1667.684: [GC (Allocation Failure) [PSYoungGen: 54112K->1376K(54272K)] 443013K->390277K(582144K), 0.0040063 secs] [Times: user=0.01 sys=0.00, real=0.00 secs] 
1668.207: [GC (Allocation Failure) [PSYoungGen: 54112K->1376K(54272K)] 443013K->390277K(582144K), 0.0032159 secs] [Times: user=0.01 sys=0.01, real=0.00 secs] 
1668.728: [GC (Allocation Failure) [PSYoungGen: 54112K->1376K(54272K)] 443013K->390277K(582144K), 0.0032913 secs] [Times: user=0.02 sys=0.00, real=0.00 secs] 
1670.026: [GC (Allocation Failure) [PSYoungGen: 54112K->1440K(54272K)] 443013K->391365K(582144K), 0.0018807 secs] [Times: user=0.01 sys=0.00, real=0.00 secs] 
1670.435: [GC (Allocation Failure) [PSYoungGen: 54176K->1360K(54272K)] 444101K->391285K(582144K), 0.0018214 secs] [Times: user=0.01 sys=0.00, real=0.00 secs] 
1670.654: [GC (Allocation Failure) [PSYoungGen: 54096K->1408K(54272K)] 444021K->391333K(582144K), 0.0020998 secs] [Times: user=0.00 sys=0.00, real=0.00 secs] 
1670.874: [GC (Allocation Failure) [PSYoungGen: 54144K->1376K(54272K)] 444069K->391301K(582144K), 0.0023229 secs] [Times: user=0.01 sys=0.00, real=0.00 secs] 
1671.102: [GC (Allocation Failure) [PSYoungGen: 54112K->1376K(54272K)] 444037K->391301K(582144K), 0.0025112 secs] [Times: user=0.01 sys=0.00, real=0.01 secs] 
1671.314: [GC (Allocation Failure) [PSYoungGen: 54112K->1376K(54272K)] 444037K->391301K(582144K), 0.0021032 secs] [Times: user=0.01 sys=0.00, real=0.00 secs] 
1672.771: [GC (Allocation Failure) [PSYoungGen: 54112K->1408K(54272K)] 444037K->391333K(582144K), 0.0039529 secs] [Times: user=0.02 sys=0.00, real=0.01 secs] 
1673.229: [GC (Allocation Failure) [PSYoungGen: 54144K->1408K(54272K)] 444069K->391333K(582144K), 0.0033440 secs] [Times: user=0.01 sys=0.00, real=0.00 secs] 
1673.698: [GC (Allocation Failure) [PSYoungGen: 54144K->1376K(54272K)] 444069K->391301K(582144K), 0.0027778 secs] [Times: user=0.01 sys=0.00, real=0.00 secs] 
1674.153: [GC (Allocation Failure) [PSYoungGen: 54112K->1376K(54272K)] 444037K->391317K(582144K), 0.0023682 secs] [Times: user=0.00 sys=0.00, real=0.01 secs] 
1674.499: [GC (Allocation Failure) [PSYoungGen: 54112K->1408K(54272K)] 444053K->391349K(582144K), 0.0030468 secs] [Times: user=0.01 sys=0.00, real=0.00 secs] 
1675.624: [GC (Allocation Failure) [PSYoungGen: 54144K->1488K(54272K)] 444085K->391429K(582144K), 0.0020940 secs] [Times: user=0.01 sys=0.00, real=0.01 secs] 
1675.849: [GC (Allocation Failure) [PSYoungGen: 54224K->1376K(54272K)] 444165K->391317K(582144K), 0.0023411 secs] [Times: user=0.01 sys=0.00, real=0.00 secs] 
1676.065: [GC (Allocation Failure) [PSYoungGen: 54112K->1376K(54272K)] 444053K->391317K(582144K), 0.0021340 secs] [Times: user=0.01 sys=0.00, real=0.00 secs] 
1676.291: [GC (Allocation Failure) [PSYoungGen: 54112K->1408K(54272K)] 444053K->391349K(582144K), 0.0019201 secs] [Times: user=0.00 sys=0.00, real=0.00 secs] 
1676.510: [GC (Allocation Failure) [PSYoungGen: 54144K->1440K(54272K)] 444085K->391381K(582144K), 0.0018583 secs] [Times: user=0.00 sys=0.00, real=0.00 secs] 
1677.781: [GC (Allocation Failure) [PSYoungGen: 54176K->896K(53760K)] 444117K->391861K(581632K), 0.0043006 secs] [Times: user=0.02 sys=0.00, real=0.01 secs] 
1678.975: [GC (Allocation Failure) [PSYoungGen: 53120K->384K(54272K)] 444085K->391349K(582144K), 0.0027771 secs] [Times: user=0.01 sys=0.00, real=0.00 secs] 
1679.686: [GC (Allocation Failure) [PSYoungGen: 52608K->368K(54272K)] 443573K->391333K(582144K), 0.0028092 secs] [Times: user=0.01 sys=0.00, real=0.00 secs] 
1680.321: [GC (Allocation Failure) [PSYoungGen: 52592K->384K(54272K)] 443557K->391349K(582144K), 0.0024599 secs] [Times: user=0.01 sys=0.00, real=0.00 secs] 
1680.875: [GC (Allocation Failure) [PSYoungGen: 52608K->400K(54272K)] 443573K->391365K(582144K), 0.0024157 secs] [Times: user=0.01 sys=0.00, real=0.00 secs] 
1681.522: [GC (Allocation Failure) [PSYoungGen: 52624K->352K(54272K)] 443589K->391317K(582144K), 0.0028607 secs] [Times: user=0.02 sys=0.00, real=0.01 secs] 
1682.561: [GC (Allocation Failure) [PSYoungGen: 52576K->1440K(54272K)] 443541K->392405K(582144K), 0.0017460 secs] [Times: user=0.01 sys=0.00, real=0.00 secs] 
1682.778: [GC (Allocation Failure) [PSYoungGen: 53664K->1424K(54272K)] 444629K->392389K(582144K), 0.0018545 secs] [Times: user=0.01 sys=0.01, real=0.00 secs] 
1682.995: [GC (Allocation Failure) [PSYoungGen: 53648K->1408K(54784K)] 444613K->392373K(582656K), 0.0017653 secs] [Times: user=0.01 sys=0.00, real=0.00 secs] 
1683.211: [GC (Allocation Failure) [PSYoungGen: 53632K->1408K(54784K)] 444597K->392373K(582656K), 0.0018791 secs] [Times: user=0.00 sys=0.00, real=0.00 secs] 
1683.428: [GC (Allocation Failure) [PSYoungGen: 53632K->1376K(54784K)] 444597K->392349K(582656K), 0.0017018 secs] [Times: user=0.00 sys=0.00, real=0.00 secs] 
1684.482: [GC (Allocation Failure) [PSYoungGen: 53600K->1456K(54784K)] 444573K->392429K(582656K), 0.0017493 secs] [Times: user=0.00 sys=0.00, real=0.01 secs] 
1685.256: [GC (Allocation Failure) [PSYoungGen: 53680K->1376K(54784K)] 444653K->392349K(582656K), 0.0029572 secs] [Times: user=0.01 sys=0.00, real=0.00 secs] 
1685.480: [GC (Allocation Failure) [PSYoungGen: 53600K->1376K(54784K)] 444573K->392349K(582656K), 0.0020632 secs] [Times: user=0.01 sys=0.00, real=0.00 secs] 
1685.697: [GC (Allocation Failure) [PSYoungGen: 53600K->1424K(54784K)] 444573K->392397K(582656K), 0.0020134 secs] [Times: user=0.01 sys=0.00, real=0.00 secs] 
1686.009: [GC (Allocation Failure) [PSYoungGen: 53648K->1360K(53760K)] 444621K->392341K(581632K), 0.0018731 secs] [Times: user=0.00 sys=0.00, real=0.00 secs] 
1686.561: [GC (Allocation Failure) [PSYoungGen: 53584K->1376K(54272K)] 444565K->392357K(582144K), 0.0022832 secs] [Times: user=0.01 sys=0.00, real=0.00 secs] 
1687.592: [GC (Allocation Failure) [PSYoungGen: 53600K->1456K(54272K)] 444581K->392437K(582144K), 0.0018646 secs] [Times: user=0.01 sys=0.00, real=0.01 secs] 
1688.016: [GC (Allocation Failure) [PSYoungGen: 53680K->1408K(54272K)] 444661K->392389K(582144K), 0.0018871 secs] [Times: user=0.00 sys=0.00, real=0.00 secs] 
1688.451: [GC (Allocation Failure) [PSYoungGen: 53632K->1344K(54272K)] 444613K->392325K(582144K), 0.0020902 secs] [Times: user=0.01 sys=0.00, real=0.00 secs] 
1688.870: [GC (Allocation Failure) [PSYoungGen: 53568K->1376K(54272K)] 444549K->392357K(582144K), 0.0021265 secs] [Times: user=0.01 sys=0.00, real=0.00 secs] 
1689.381: [GC (Allocation Failure) [PSYoungGen: 53600K->1376K(54272K)] 444581K->392357K(582144K), 0.0021268 secs] [Times: user=0.01 sys=0.00, real=0.00 secs] 
1690.537: [GC (Allocation Failure) [PSYoungGen: 53600K->1408K(54272K)] 444581K->392389K(582144K), 0.0017654 secs] [Times: user=0.00 sys=0.00, real=0.00 secs] 
1690.754: [GC (Allocation Failure) [PSYoungGen: 53632K->1440K(54272K)] 444613K->392421K(582144K), 0.0017368 secs] [Times: user=0.01 sys=0.00, real=0.00 secs] 
1690.971: [GC (Allocation Failure) [PSYoungGen: 53664K->1360K(54272K)] 444645K->392341K(582144K), 0.0026730 secs] [Times: user=0.01 sys=0.00, real=0.00 secs] 
1691.363: [GC (Allocation Failure) [PSYoungGen: 53584K->1376K(54272K)] 444565K->392357K(582144K), 0.0019379 secs] [Times: user=0.00 sys=0.00, real=0.01 secs] 
1691.782: [GC (Allocation Failure) [PSYoungGen: 53600K->1376K(54272K)] 444581K->392357K(582144K), 0.0019054 secs] [Times: user=0.01 sys=0.00, real=0.01 secs] 
1693.011: [GC (Allocation Failure) [PSYoungGen: 53600K->1696K(54272K)] 444581K->392701K(582144K), 0.0016341 secs] [Times: user=0.01 sys=0.00, real=0.00 secs] 
1693.632: [GC (Allocation Failure) [PSYoungGen: 53920K->1376K(54272K)] 444925K->392381K(582144K), 0.0028010 secs] [Times: user=0.01 sys=0.00, real=0.01 secs] 
1694.252: [GC (Allocation Failure) [PSYoungGen: 53600K->1424K(54272K)] 444605K->392429K(582144K), 0.0027919 secs] [Times: user=0.01 sys=0.00, real=0.01 secs] 
1694.883: [GC (Allocation Failure) [PSYoungGen: 53648K->1376K(54272K)] 444653K->392381K(582144K), 0.0041543 secs] [Times: user=0.02 sys=0.00, real=0.01 secs] 
1695.478: [GC (Allocation Failure) [PSYoungGen: 53600K->1376K(54272K)] 444605K->392381K(582144K), 0.0039497 secs] [Times: user=0.01 sys=0.00, real=0.00 secs] 
1696.037: [GC (Allocation Failure) [PSYoungGen: 53600K->1376K(54272K)] 444605K->392389K(582144K), 0.0031538 secs] [Times: user=0.01 sys=0.00, real=0.00 secs] 
1697.136: [GC (Allocation Failure) [PSYoungGen: 53600K->1440K(54272K)] 444613K->392453K(582144K), 0.0016945 secs] [Times: user=0.01 sys=0.00, real=0.00 secs] 
1697.363: [GC (Allocation Failure) [PSYoungGen: 53664K->1376K(54272K)] 444677K->392397K(582144K), 0.0018282 secs] [Times: user=0.01 sys=0.00, real=0.01 secs] 
1697.580: [GC (Allocation Failure) [PSYoungGen: 53600K->1376K(54272K)] 444621K->392405K(582144K), 0.0017637 secs] [Times: user=0.00 sys=0.00, real=0.00 secs] 
1697.796: [GC (Allocation Failure) [PSYoungGen: 53600K->1424K(54272K)] 444629K->392453K(582144K), 0.0019580 secs] [Times: user=0.01 sys=0.00, real=0.00 secs] 
1698.016: [GC (Allocation Failure) [PSYoungGen: 53648K->1408K(54272K)] 444677K->392453K(582144K), 0.0028080 secs] [Times: user=0.01 sys=0.00, real=0.00 secs] 
1698.925: [GC (Allocation Failure) [PSYoungGen: 53632K->1408K(54272K)] 444677K->392453K(582144K), 0.0018000 secs] [Times: user=0.01 sys=0.00, real=0.00 secs] 
1699.149: [GC (Allocation Failure) [PSYoungGen: 53632K->1376K(54272K)] 444677K->392421K(582144K), 0.0016221 secs] [Times: user=0.00 sys=0.00, real=0.00 secs] 
1699.365: [GC (Allocation Failure) [PSYoungGen: 53600K->1376K(54272K)] 444645K->392421K(582144K), 0.0017663 secs] [Times: user=0.01 sys=0.00, real=0.00 secs] 
1699.582: [GC (Allocation Failure) [PSYoungGen: 53600K->1376K(53760K)] 444645K->392421K(581632K), 0.0018671 secs] [Times: user=0.01 sys=0.00, real=0.00 secs] 
1699.798: [GC (Allocation Failure) [PSYoungGen: 53600K->1408K(53760K)] 444645K->392461K(581632K), 0.0017969 secs] [Times: user=0.01 sys=0.00, real=0.00 secs] 
1700.020: [GC (Allocation Failure) [PSYoungGen: 53632K->1408K(53760K)] 444685K->392461K(581632K), 0.0031005 secs] [Times: user=0.02 sys=0.00, real=0.00 secs] 
1701.298: [GC (Allocation Failure) [PSYoungGen: 53632K->1408K(53760K)] 444685K->392461K(581632K), 0.0020668 secs] [Times: user=0.01 sys=0.00, real=0.00 secs] 
1701.753: [GC (Allocation Failure) [PSYoungGen: 53632K->1376K(53760K)] 444685K->392453K(581632K), 0.0021182 secs] [Times: user=0.00 sys=0.00, real=0.01 secs] 
1702.289: [GC (Allocation Failure) [PSYoungGen: 53600K->1408K(53760K)] 444677K->392485K(581632K), 0.0033506 secs] [Times: user=0.02 sys=0.00, real=0.00 secs] 
1702.848: [GC (Allocation Failure) [PSYoungGen: 53632K->1408K(53760K)] 444709K->392485K(581632K), 0.0037824 secs] [Times: user=0.02 sys=0.00, real=0.00 secs] 
1703.476: [GC (Allocation Failure) [PSYoungGen: 53632K->1408K(53760K)] 444709K->392485K(581632K), 0.0032892 secs] [Times: user=0.02 sys=0.00, real=0.00 secs] 
1705.169: [GC (Allocation Failure) [PSYoungGen: 53632K->1440K(53760K)] 444709K->392517K(581632K), 0.0023621 secs] [Times: user=0.01 sys=0.00, real=0.00 secs] 
1705.881: [GC (Allocation Failure) [PSYoungGen: 53664K->1376K(53760K)] 444741K->392453K(581632K), 0.0021443 secs] [Times: user=0.00 sys=0.00, real=0.00 secs] 
1706.726: [GC (Allocation Failure) [PSYoungGen: 53600K->1408K(53760K)] 444677K->392485K(581632K), 0.0025457 secs] [Times: user=0.01 sys=0.00, real=0.00 secs] 
1707.451: [GC (Allocation Failure) [PSYoungGen: 53632K->1376K(53760K)] 444709K->392453K(581632K), 0.0024578 secs] [Times: user=0.01 sys=0.00, real=0.00 secs] 
1708.148: [GC (Allocation Failure) [PSYoungGen: 53600K->1408K(53760K)] 444677K->392485K(581632K), 0.0040549 secs] [Times: user=0.01 sys=0.00, real=0.00 secs] 
1709.585: [GC (Allocation Failure) [PSYoungGen: 53632K->1248K(53760K)] 444709K->392325K(581632K), 0.0015829 secs] [Times: user=0.01 sys=0.00, real=0.00 secs] 
1710.093: [GC (Allocation Failure) [PSYoungGen: 53472K->1408K(53760K)] 444549K->392485K(581632K), 0.0017471 secs] [Times: user=0.01 sys=0.00, real=0.01 secs] 
1710.573: [GC (Allocation Failure) [PSYoungGen: 53632K->1408K(53760K)] 444709K->392485K(581632K), 0.0019401 secs] [Times: user=0.01 sys=0.00, real=0.01 secs] 
1710.879: [GC (Allocation Failure) [PSYoungGen: 53632K->1408K(53760K)] 444709K->392485K(581632K), 0.0018680 secs] [Times: user=0.01 sys=0.00, real=0.00 secs] 
1711.104: [GC (Allocation Failure) [PSYoungGen: 53632K->1360K(53760K)] 444709K->392437K(581632K), 0.0019008 secs] [Times: user=0.00 sys=0.00, real=0.00 secs] 
1711.320: [GC (Allocation Failure) [PSYoungGen: 53584K->1408K(53760K)] 444661K->392493K(581632K), 0.0017998 secs] [Times: user=0.00 sys=0.01, real=0.00 secs] 
1712.299: [GC (Allocation Failure) [PSYoungGen: 53632K->1440K(53760K)] 444717K->392525K(581632K), 0.0015787 secs] [Times: user=0.00 sys=0.00, real=0.00 secs] 
1712.674: [GC (Allocation Failure) [PSYoungGen: 53664K->1376K(53760K)] 444749K->392461K(581632K), 0.0016933 secs] [Times: user=0.01 sys=0.00, real=0.00 secs] 
1713.030: [GC (Allocation Failure) [PSYoungGen: 53600K->1408K(53760K)] 444685K->392493K(581632K), 0.0039678 secs] [Times: user=0.01 sys=0.00, real=0.01 secs] 
1713.442: [GC (Allocation Failure) [PSYoungGen: 53632K->1408K(53760K)] 444717K->392493K(581632K), 0.0031390 secs] [Times: user=0.01 sys=0.00, real=0.01 secs] 
1713.817: [GC (Allocation Failure) [PSYoungGen: 53632K->1408K(53760K)] 444717K->392509K(581632K), 0.0028074 secs] [Times: user=0.01 sys=0.00, real=0.00 secs] 
1715.006: [GC (Allocation Failure) [PSYoungGen: 53632K->1408K(53760K)] 444733K->392509K(581632K), 0.0019093 secs] [Times: user=0.00 sys=0.00, real=0.00 secs] 
1715.472: [GC (Allocation Failure) [PSYoungGen: 53632K->1376K(53760K)] 444733K->392477K(581632K), 0.0020151 secs] [Times: user=0.01 sys=0.00, real=0.01 secs] 
1715.939: [GC (Allocation Failure) [PSYoungGen: 53600K->1408K(53760K)] 444701K->392509K(581632K), 0.0020360 secs] [Times: user=0.01 sys=0.00, real=0.00 secs] 
1716.397: [GC (Allocation Failure) [PSYoungGen: 53632K->1408K(53760K)] 444733K->392509K(581632K), 0.0035368 secs] [Times: user=0.02 sys=0.00, real=0.00 secs] 
1716.860: [GC (Allocation Failure) [PSYoungGen: 53632K->1408K(53760K)] 444733K->392509K(581632K), 0.0034650 secs] [Times: user=0.02 sys=0.00, real=0.00 secs] 
1717.326: [GC (Allocation Failure) [PSYoungGen: 53632K->1440K(53760K)] 444733K->392541K(581632K), 0.0032430 secs] [Times: user=0.02 sys=0.00, real=0.00 secs] 
1718.357: [GC (Allocation Failure) [PSYoungGen: 53664K->1440K(53760K)] 444765K->392541K(581632K), 0.0014836 secs] [Times: user=0.01 sys=0.00, real=0.00 secs] 
1718.665: [GC (Allocation Failure) [PSYoungGen: 53664K->1392K(53760K)] 444765K->392493K(581632K), 0.0017472 secs] [Times: user=0.01 sys=0.00, real=0.00 secs] 
1719.048: [GC (Allocation Failure) [PSYoungGen: 53616K->1408K(53760K)] 444717K->392509K(581632K), 0.0027005 secs] [Times: user=0.01 sys=0.00, real=0.00 secs] 
1719.430: [GC (Allocation Failure) [PSYoungGen: 53632K->1408K(53760K)] 444733K->392509K(581632K), 0.0027416 secs] [Times: user=0.01 sys=0.00, real=0.00 secs] 
1719.829: [GC (Allocation Failure) [PSYoungGen: 53632K->1408K(53760K)] 444733K->392517K(581632K), 0.0029556 secs] [Times: user=0.01 sys=0.00, real=0.00 secs] 
1720.962: [GC (Allocation Failure) [PSYoungGen: 53632K->1440K(53760K)] 444741K->392549K(581632K), 0.0019301 secs] [Times: user=0.01 sys=0.00, real=0.01 secs] 
1721.218: [GC (Allocation Failure) [PSYoungGen: 53664K->1344K(53760K)] 444773K->392453K(581632K), 0.0020846 secs] [Times: user=0.01 sys=0.00, real=0.00 secs] 
1721.718: [GC (Allocation Failure) [PSYoungGen: 53568K->1408K(53760K)] 444677K->392517K(581632K), 0.0025012 secs] [Times: user=0.01 sys=0.00, real=0.00 secs] 
1722.144: [GC (Allocation Failure) [PSYoungGen: 53632K->1376K(53760K)] 444741K->392485K(581632K), 0.0022394 secs] [Times: user=0.01 sys=0.00, real=0.00 secs] 
1722.572: [GC (Allocation Failure) [PSYoungGen: 53600K->1408K(53760K)] 444709K->392533K(581632K), 0.0021668 secs] [Times: user=0.01 sys=0.00, real=0.01 secs] 
1723.130: [GC (Allocation Failure) [PSYoungGen: 53630K->240K(53760K)] 444755K->391365K(581632K), 0.0022579 secs] [Times: user=0.01 sys=0.00, real=0.00 secs] 
1724.056: [GC (Allocation Failure) [PSYoungGen: 52464K->1440K(54272K)] 443589K->392565K(582144K), 0.0017368 secs] [Times: user=0.01 sys=0.00, real=0.00 secs] 
1724.420: [GC (Allocation Failure) [PSYoungGen: 53664K->1376K(54272K)] 444789K->392501K(582144K), 0.0015951 secs] [Times: user=0.00 sys=0.00, real=0.00 secs] 
1724.898: [GC (Allocation Failure) [PSYoungGen: 53600K->1376K(54272K)] 444725K->392501K(582144K), 0.0018296 secs] [Times: user=0.01 sys=0.00, real=0.00 secs] 
1725.507: [GC (Allocation Failure) [PSYoungGen: 53600K->1408K(54272K)] 444725K->392533K(582144K), 0.0022876 secs] [Times: user=0.01 sys=0.00, real=0.00 secs] 
1726.150: [GC (Allocation Failure) [PSYoungGen: 53632K->1440K(54272K)] 444757K->392565K(582144K), 0.0020702 secs] [Times: user=0.01 sys=0.00, real=0.00 secs] 
1727.535: [GC (Allocation Failure) [PSYoungGen: 53664K->1408K(54272K)] 444789K->392533K(582144K), 0.0019724 secs] [Times: user=0.01 sys=0.00, real=0.00 secs] 
1728.098: [GC (Allocation Failure) [PSYoungGen: 53632K->1376K(54272K)] 444757K->392501K(582144K), 0.0032083 secs] [Times: user=0.02 sys=0.00, real=0.00 secs] 
1728.537: [GC (Allocation Failure) [PSYoungGen: 53600K->1376K(54272K)] 444725K->392501K(582144K), 0.0021421 secs] [Times: user=0.01 sys=0.00, real=0.00 secs] 
1729.020: [GC (Allocation Failure) [PSYoungGen: 53600K->1408K(54272K)] 444725K->392533K(582144K), 0.0027147 secs] [Times: user=0.02 sys=0.00, real=0.00 secs] 
1729.504: [GC (Allocation Failure) [PSYoungGen: 53632K->1344K(54272K)] 444757K->392469K(582144K), 0.0033395 secs] [Times: user=0.01 sys=0.00, real=0.01 secs] 
1730.582: [GC (Allocation Failure) [PSYoungGen: 53568K->1952K(54272K)] 444693K->393077K(582144K), 0.0017620 secs] [Times: user=0.00 sys=0.00, real=0.01 secs] 
1731.091: [GC (Allocation Failure) [PSYoungGen: 54176K->1376K(54272K)] 445301K->392501K(582144K), 0.0021892 secs] [Times: user=0.00 sys=0.00, real=0.00 secs] 
1731.309: [GC (Allocation Failure) [PSYoungGen: 53600K->1376K(54272K)] 444725K->392501K(582144K), 0.0022341 secs] [Times: user=0.01 sys=0.00, real=0.00 secs] 
1731.545: [GC (Allocation Failure) [PSYoungGen: 53600K->1376K(54272K)] 444725K->392501K(582144K), 0.0022813 secs] [Times: user=0.01 sys=0.00, real=0.00 secs] 
1731.762: [GC (Allocation Failure) [PSYoungGen: 53600K->1440K(54272K)] 444725K->392565K(582144K), 0.0021021 secs] [Times: user=0.01 sys=0.00, real=0.01 secs] 
1731.979: [GC (Allocation Failure) [PSYoungGen: 53664K->1344K(54272K)] 444789K->392469K(582144K), 0.0028903 secs] [Times: user=0.01 sys=0.00, real=0.00 secs] 
1732.992: [GC (Allocation Failure) [PSYoungGen: 53568K->1504K(54272K)] 444693K->392629K(582144K), 0.0017454 secs] [Times: user=0.00 sys=0.00, real=0.01 secs] 
1733.265: [GC (Allocation Failure) [PSYoungGen: 53728K->1408K(54272K)] 444853K->392549K(582144K), 0.0021446 secs] [Times: user=0.01 sys=0.00, real=0.00 secs] 
1733.482: [GC (Allocation Failure) [PSYoungGen: 53632K->1424K(54272K)] 444773K->392565K(582144K), 0.0020441 secs] [Times: user=0.01 sys=0.00, real=0.01 secs] 
1733.699: [GC (Allocation Failure) [PSYoungGen: 53648K->1376K(54272K)] 444789K->392517K(582144K), 0.0019576 secs] [Times: user=0.01 sys=0.00, real=0.00 secs] 
1733.916: [GC (Allocation Failure) [PSYoungGen: 53600K->1408K(54272K)] 444741K->392549K(582144K), 0.0019521 secs] [Times: user=0.00 sys=0.00, real=0.00 secs] 
1734.826: [GC (Allocation Failure) [PSYoungGen: 53632K->1440K(54272K)] 444773K->392581K(582144K), 0.0018104 secs] [Times: user=0.01 sys=0.00, real=0.00 secs] 
1735.070: [GC (Allocation Failure) [PSYoungGen: 53664K->1392K(54272K)] 444805K->392533K(582144K), 0.0018336 secs] [Times: user=0.01 sys=0.00, real=0.00 secs] 
1735.287: [GC (Allocation Failure) [PSYoungGen: 53616K->1376K(54272K)] 444757K->392517K(582144K), 0.0018985 secs] [Times: user=0.01 sys=0.00, real=0.00 secs] 
1735.504: [GC (Allocation Failure) [PSYoungGen: 53600K->1392K(54272K)] 444741K->392533K(582144K), 0.0017726 secs] [Times: user=0.01 sys=0.00, real=0.00 secs] 
1735.721: [GC (Allocation Failure) [PSYoungGen: 53616K->1328K(54272K)] 444757K->392469K(582144K), 0.0019381 secs] [Times: user=0.01 sys=0.00, real=0.00 secs] 
1735.938: [GC (Allocation Failure) [PSYoungGen: 53552K->1392K(53760K)] 444693K->392533K(581632K), 0.0019933 secs] [Times: user=0.01 sys=0.00, real=0.00 secs] 
1736.841: [GC (Allocation Failure) [PSYoungGen: 53616K->1440K(53760K)] 444757K->392581K(581632K), 0.0017090 secs] [Times: user=0.01 sys=0.00, real=0.00 secs] 
1737.057: [GC (Allocation Failure) [PSYoungGen: 53664K->1408K(53760K)] 444805K->392549K(581632K), 0.0017723 secs] [Times: user=0.01 sys=0.00, real=0.00 secs] 
1737.274: [GC (Allocation Failure) [PSYoungGen: 53632K->1376K(53760K)] 444773K->392517K(581632K), 0.0017859 secs] [Times: user=0.00 sys=0.00, real=0.00 secs] 
1737.490: [GC (Allocation Failure) [PSYoungGen: 53600K->384K(53248K)] 444741K->392549K(581120K), 0.0018029 secs] [Times: user=0.01 sys=0.00, real=0.00 secs] 
1737.706: [GC (Allocation Failure) [PSYoungGen: 52608K->384K(54272K)] 444773K->392549K(582144K), 0.0018393 secs] [Times: user=0.01 sys=0.00, real=0.00 secs] 
1738.864: [GC (Allocation Failure) [PSYoungGen: 52608K->1424K(54272K)] 444773K->393589K(582144K), 0.0019320 secs] [Times: user=0.00 sys=0.00, real=0.00 secs] 
1739.112: [GC (Allocation Failure) [PSYoungGen: 53648K->1408K(54272K)] 445813K->393573K(582144K), 0.0020741 secs] [Times: user=0.01 sys=0.00, real=0.01 secs] 
1739.527: [GC (Allocation Failure) [PSYoungGen: 53632K->1408K(54272K)] 445797K->393573K(582144K), 0.0018483 secs] [Times: user=0.01 sys=0.00, real=0.00 secs] 
1739.955: [GC (Allocation Failure) [PSYoungGen: 53632K->1376K(54272K)] 445797K->393541K(582144K), 0.0019309 secs] [Times: user=0.01 sys=0.00, real=0.00 secs] 
1740.358: [GC (Allocation Failure) [PSYoungGen: 53600K->1392K(54272K)] 445765K->393573K(582144K), 0.0019119 secs] [Times: user=0.01 sys=0.00, real=0.00 secs] 
1741.601: [GC (Allocation Failure) [PSYoungGen: 53616K->1632K(54272K)] 445797K->393813K(582144K), 0.0023215 secs] [Times: user=0.01 sys=0.00, real=0.01 secs] 
1742.161: [GC (Allocation Failure) [PSYoungGen: 53856K->1408K(54272K)] 446037K->393589K(582144K), 0.0023589 secs] [Times: user=0.01 sys=0.00, real=0.00 secs] 
1742.378: [GC (Allocation Failure) [PSYoungGen: 53632K->1344K(54272K)] 445813K->393525K(582144K), 0.0020156 secs] [Times: user=0.01 sys=0.00, real=0.00 secs] 
1742.688: [GC (Allocation Failure) [PSYoungGen: 53568K->1408K(54272K)] 445749K->393589K(582144K), 0.0019224 secs] [Times: user=0.01 sys=0.00, real=0.00 secs] 
1743.103: [GC (Allocation Failure) [PSYoungGen: 53632K->1328K(54272K)] 445813K->393509K(582144K), 0.0019533 secs] [Times: user=0.00 sys=0.00, real=0.01 secs] 
1743.489: [GC (Allocation Failure) [PSYoungGen: 53552K->1408K(54272K)] 445733K->393589K(582144K), 0.0030743 secs] [Times: user=0.02 sys=0.01, real=0.00 secs] 
1744.544: [GC (Allocation Failure) [PSYoungGen: 53632K->1408K(54272K)] 445813K->393589K(582144K), 0.0024899 secs] [Times: user=0.01 sys=0.00, real=0.00 secs] 
1744.777: [GC (Allocation Failure) [PSYoungGen: 53632K->1360K(54272K)] 445813K->393541K(582144K), 0.0021347 secs] [Times: user=0.01 sys=0.01, real=0.00 secs] 
1744.994: [GC (Allocation Failure) [PSYoungGen: 53584K->1360K(54272K)] 445765K->393541K(582144K), 0.0019966 secs] [Times: user=0.00 sys=0.00, real=0.00 secs] 
1745.211: [GC (Allocation Failure) [PSYoungGen: 53584K->1376K(54272K)] 445765K->393557K(582144K), 0.0019608 secs] [Times: user=0.01 sys=0.00, real=0.00 secs] 
1745.455: [GC (Allocation Failure) [PSYoungGen: 53600K->1376K(54272K)] 445781K->393557K(582144K), 0.0019941 secs] [Times: user=0.01 sys=0.00, real=0.00 secs] 
1746.555: [GC (Allocation Failure) [PSYoungGen: 53600K->1440K(54272K)] 445781K->393621K(582144K), 0.0016152 secs] [Times: user=0.01 sys=0.00, real=0.00 secs] 
1747.110: [GC (Allocation Failure) [PSYoungGen: 53664K->1376K(54272K)] 445845K->393557K(582144K), 0.0017158 secs] [Times: user=0.01 sys=0.00, real=0.00 secs] 
1747.755: [GC (Allocation Failure) [PSYoungGen: 53600K->1408K(54272K)] 445781K->393589K(582144K), 0.0026454 secs] [Times: user=0.01 sys=0.00, real=0.00 secs] 
1748.242: [GC (Allocation Failure) [PSYoungGen: 53632K->1376K(54272K)] 445813K->393557K(582144K), 0.0036975 secs] [Times: user=0.01 sys=0.00, real=0.01 secs] 
1748.863: [GC (Allocation Failure) [PSYoungGen: 53600K->1408K(54272K)] 445781K->393589K(582144K), 0.0039022 secs] [Times: user=0.02 sys=0.00, real=0.01 secs] 
1749.413: [GC (Allocation Failure) [PSYoungGen: 53632K->1408K(54272K)] 445813K->393589K(582144K), 0.0031397 secs] [Times: user=0.02 sys=0.00, real=0.01 secs] 
1750.688: [GC (Allocation Failure) [PSYoungGen: 53632K->1440K(54272K)] 445813K->393621K(582144K), 0.0018937 secs] [Times: user=0.01 sys=0.00, real=0.00 secs] 
1751.019: [GC (Allocation Failure) [PSYoungGen: 53664K->1344K(54272K)] 445845K->393525K(582144K), 0.0020843 secs] [Times: user=0.01 sys=0.00, real=0.00 secs] 
1751.241: [GC (Allocation Failure) [PSYoungGen: 53568K->1360K(54272K)] 445749K->393541K(582144K), 0.0030743 secs] [Times: user=0.02 sys=0.00, real=0.01 secs] 
1751.521: [GC (Allocation Failure) [PSYoungGen: 53584K->1424K(54272K)] 445765K->393605K(582144K), 0.0030004 secs] [Times: user=0.01 sys=0.00, real=0.01 secs] 
1751.989: [GC (Allocation Failure) [PSYoungGen: 53648K->1360K(53760K)] 445829K->393557K(581632K), 0.0028589 secs] [Times: user=0.01 sys=0.00, real=0.00 secs] 
1753.276: [GC (Allocation Failure) [PSYoungGen: 53584K->1408K(53760K)] 445781K->393605K(581632K), 0.0020483 secs] [Times: user=0.01 sys=0.00, real=0.00 secs] 
1753.947: [GC (Allocation Failure) [PSYoungGen: 53632K->352K(53248K)] 445829K->393573K(581120K), 0.0026082 secs] [Times: user=0.01 sys=0.00, real=0.00 secs] 
1754.739: [GC (Allocation Failure) [PSYoungGen: 52576K->320K(54272K)] 445797K->393541K(582144K), 0.0032048 secs] [Times: user=0.01 sys=0.00, real=0.00 secs] 
1755.191: [GC (Allocation Failure) [PSYoungGen: 52544K->320K(54272K)] 445765K->393541K(582144K), 0.0027359 secs] [Times: user=0.01 sys=0.00, real=0.01 secs] 
1755.565: [GC (Allocation Failure) [PSYoungGen: 52544K->352K(54272K)] 445765K->393573K(582144K), 0.0028461 secs] [Times: user=0.01 sys=0.00, real=0.00 secs] 
1756.695: [GC (Allocation Failure) [PSYoungGen: 52576K->1584K(53760K)] 445797K->394805K(581632K), 0.0019692 secs] [Times: user=0.01 sys=0.00, real=0.00 secs] 
1756.980: [GC (Allocation Failure) [PSYoungGen: 53296K->1424K(54272K)] 446517K->394645K(582144K), 0.0018634 secs] [Times: user=0.00 sys=0.00, real=0.00 secs] 
1757.196: [GC (Allocation Failure) [PSYoungGen: 53136K->1344K(54272K)] 446357K->394565K(582144K), 0.0044023 secs] [Times: user=0.03 sys=0.00, real=0.00 secs] 
1757.437: [GC (Allocation Failure) [PSYoungGen: 53056K->1408K(54272K)] 446277K->394629K(582144K), 0.0019287 secs] [Times: user=0.01 sys=0.00, real=0.00 secs] 
1757.795: [GC (Allocation Failure) [PSYoungGen: 53120K->1440K(54272K)] 446341K->394661K(582144K), 0.0018401 secs] [Times: user=0.01 sys=0.00, real=0.00 secs] 
1758.219: [GC (Allocation Failure) [PSYoungGen: 53152K->1408K(54272K)] 446373K->394629K(582144K), 0.0019458 secs] [Times: user=0.01 sys=0.00, real=0.00 secs] 
1759.304: [GC (Allocation Failure) [PSYoungGen: 53120K->1440K(54272K)] 446341K->394661K(582144K), 0.0018953 secs] [Times: user=0.01 sys=0.00, real=0.00 secs] 
1759.534: [GC (Allocation Failure) [PSYoungGen: 53152K->1408K(54272K)] 446373K->394629K(582144K), 0.0018257 secs] [Times: user=0.00 sys=0.00, real=0.00 secs] 
1759.749: [GC (Allocation Failure) [PSYoungGen: 53120K->1360K(53248K)] 446341K->394581K(581120K), 0.0020018 secs] [Times: user=0.01 sys=0.00, real=0.00 secs] 
1760.283: [GC (Allocation Failure) [PSYoungGen: 53072K->1376K(53760K)] 446293K->394597K(581632K), 0.0022501 secs] [Times: user=0.01 sys=0.00, real=0.01 secs] 
1760.659: [GC (Allocation Failure) [PSYoungGen: 53088K->1376K(53760K)] 446309K->394597K(581632K), 0.0020450 secs] [Times: user=0.01 sys=0.00, real=0.00 secs] 
1762.041: [GC (Allocation Failure) [PSYoungGen: 53088K->1936K(53760K)] 446309K->395157K(581632K), 0.0023836 secs] [Times: user=0.01 sys=0.00, real=0.00 secs] 
1762.435: [GC (Allocation Failure) [PSYoungGen: 53648K->1376K(54272K)] 446869K->394613K(582144K), 0.0020310 secs] [Times: user=0.01 sys=0.00, real=0.00 secs] 
1762.650: [GC (Allocation Failure) [PSYoungGen: 53088K->1376K(53248K)] 446325K->394613K(581120K), 0.0020774 secs] [Times: user=0.01 sys=0.00, real=0.00 secs] 
1762.865: [GC (Allocation Failure) [PSYoungGen: 53088K->1376K(53760K)] 446325K->394613K(581632K), 0.0019373 secs] [Times: user=0.00 sys=0.00, real=0.00 secs] 
1763.080: [GC (Allocation Failure) [PSYoungGen: 53088K->1424K(53760K)] 446325K->394661K(581632K), 0.0017541 secs] [Times: user=0.01 sys=0.00, real=0.00 secs] 
1763.364: [GC (Allocation Failure) [PSYoungGen: 53136K->1424K(53760K)] 446373K->394661K(581632K), 0.0022032 secs] [Times: user=0.01 sys=0.00, real=0.00 secs] 
1765.256: [GC (Allocation Failure) [PSYoungGen: 53136K->1424K(53760K)] 446373K->394661K(581632K), 0.0030687 secs] [Times: user=0.01 sys=0.00, real=0.00 secs] 
1766.429: [GC (Allocation Failure) [PSYoungGen: 53136K->1392K(53760K)] 446373K->394629K(581632K), 0.0041644 secs] [Times: user=0.02 sys=0.00, real=0.00 secs] 
1766.883: [GC (Allocation Failure) [PSYoungGen: 53104K->1424K(53760K)] 446341K->394661K(581632K), 0.0028233 secs] [Times: user=0.01 sys=0.00, real=0.01 secs] 
1767.363: [GC (Allocation Failure) [PSYoungGen: 53136K->1408K(53760K)] 446373K->394645K(581632K), 0.0027944 secs] [Times: user=0.01 sys=0.00, real=0.01 secs] 
1767.798: [GC (Allocation Failure) [PSYoungGen: 53120K->1440K(53760K)] 446357K->394677K(581632K), 0.0025604 secs] [Times: user=0.01 sys=0.00, real=0.00 secs] 
1768.971: [GC (Allocation Failure) [PSYoungGen: 53152K->1456K(53760K)] 446389K->394693K(581632K), 0.0018270 secs] [Times: user=0.01 sys=0.00, real=0.00 secs] 
1769.185: [GC (Allocation Failure) [PSYoungGen: 53168K->1376K(53760K)] 446405K->394613K(581632K), 0.0018162 secs] [Times: user=0.01 sys=0.00, real=0.00 secs] 
1769.400: [GC (Allocation Failure) [PSYoungGen: 53088K->1408K(53760K)] 446325K->394645K(581632K), 0.0017372 secs] [Times: user=0.01 sys=0.00, real=0.00 secs] 
1769.614: [GC (Allocation Failure) [PSYoungGen: 53120K->1408K(53760K)] 446357K->394645K(581632K), 0.0017856 secs] [Times: user=0.01 sys=0.00, real=0.00 secs] 
1769.961: [GC (Allocation Failure) [PSYoungGen: 53120K->1376K(53760K)] 446357K->394613K(581632K), 0.0017319 secs] [Times: user=0.00 sys=0.00, real=0.00 secs] 
1770.456: [GC (Allocation Failure) [PSYoungGen: 53088K->1392K(53760K)] 446325K->394629K(581632K), 0.0018285 secs] [Times: user=0.01 sys=0.00, real=0.00 secs] 
1771.463: [GC (Allocation Failure) [PSYoungGen: 53104K->1408K(53760K)] 446341K->394645K(581632K), 0.0019205 secs] [Times: user=0.01 sys=0.00, real=0.01 secs] 
1771.678: [GC (Allocation Failure) [PSYoungGen: 53120K->1344K(53760K)] 446357K->394581K(581632K), 0.0018760 secs] [Times: user=0.01 sys=0.00, real=0.00 secs] 
1771.893: [GC (Allocation Failure) [PSYoungGen: 53056K->1424K(53760K)] 446293K->394661K(581632K), 0.0018362 secs] [Times: user=0.01 sys=0.00, real=0.01 secs] 
1772.108: [GC (Allocation Failure) [PSYoungGen: 53136K->1376K(53760K)] 446373K->394613K(581632K), 0.0018477 secs] [Times: user=0.01 sys=0.00, real=0.00 secs] 
1772.427: [GC (Allocation Failure) [PSYoungGen: 53088K->1376K(53760K)] 446325K->394621K(581632K), 0.0018530 secs] [Times: user=0.01 sys=0.00, real=0.00 secs] 
1773.681: [GC (Allocation Failure) [PSYoungGen: 53088K->1408K(53248K)] 446333K->394653K(581120K), 0.0028014 secs] [Times: user=0.01 sys=0.00, real=0.00 secs] 
1773.962: [GC (Allocation Failure) [PSYoungGen: 53120K->1376K(53248K)] 446365K->394621K(581120K), 0.0020471 secs] [Times: user=0.01 sys=0.00, real=0.00 secs] 
1774.177: [GC (Allocation Failure) [PSYoungGen: 53088K->1376K(53248K)] 446333K->394621K(581120K), 0.0021787 secs] [Times: user=0.01 sys=0.00, real=0.00 secs] 
1774.392: [GC (Allocation Failure) [PSYoungGen: 53088K->1376K(53248K)] 446333K->394621K(581120K), 0.0020482 secs] [Times: user=0.01 sys=0.00, real=0.01 secs] 
1774.737: [GC (Allocation Failure) [PSYoungGen: 53088K->1392K(53248K)] 446333K->394645K(581120K), 0.0020471 secs] [Times: user=0.01 sys=0.00, real=0.00 secs] 
1775.105: [GC (Allocation Failure) [PSYoungGen: 53104K->1376K(53248K)] 446357K->394629K(581120K), 0.0019089 secs] [Times: user=0.00 sys=0.00, real=0.00 secs] 
1776.743: [GC (Allocation Failure) [PSYoungGen: 53088K->1408K(53248K)] 446341K->394661K(581120K), 0.0037254 secs] [Times: user=0.01 sys=0.00, real=0.01 secs] 
1777.311: [GC (Allocation Failure) [PSYoungGen: 53120K->1408K(53248K)] 446373K->394661K(581120K), 0.0054387 secs] [Times: user=0.02 sys=0.00, real=0.01 secs] 
1777.786: [GC (Allocation Failure) [PSYoungGen: 53120K->1376K(53248K)] 446373K->394629K(581120K), 0.0031191 secs] [Times: user=0.01 sys=0.00, real=0.00 secs] 
1778.252: [GC (Allocation Failure) [PSYoungGen: 53088K->1392K(53248K)] 446341K->394645K(581120K), 0.0028821 secs] [Times: user=0.01 sys=0.00, real=0.01 secs] 
1778.466: [GC (Allocation Failure) [PSYoungGen: 53104K->1408K(53248K)] 446357K->394661K(581120K), 0.0020499 secs] [Times: user=0.01 sys=0.00, real=0.00 secs] 
1779.742: [GC (Allocation Failure) [PSYoungGen: 53120K->1408K(53248K)] 446373K->394661K(581120K), 0.0018693 secs] [Times: user=0.01 sys=0.00, real=0.00 secs] 
1780.298: [GC (Allocation Failure) [PSYoungGen: 53120K->1392K(53248K)] 446373K->394645K(581120K), 0.0018693 secs] [Times: user=0.00 sys=0.00, real=0.00 secs] 
1781.004: [GC (Allocation Failure) [PSYoungGen: 53104K->1408K(53248K)] 446357K->394661K(581120K), 0.0038262 secs] [Times: user=0.01 sys=0.00, real=0.01 secs] 
1781.610: [GC (Allocation Failure) [PSYoungGen: 53120K->1376K(53248K)] 446373K->394629K(581120K), 0.0039658 secs] [Times: user=0.01 sys=0.00, real=0.01 secs] 
1782.087: [GC (Allocation Failure) [PSYoungGen: 53088K->1376K(53248K)] 446341K->394629K(581120K), 0.0027954 secs] [Times: user=0.01 sys=0.00, real=0.00 secs] 
1782.535: [GC (Allocation Failure) [PSYoungGen: 53088K->1376K(53248K)] 446341K->394629K(581120K), 0.0027830 secs] [Times: user=0.01 sys=0.01, real=0.00 secs] 
1783.995: [GC (Allocation Failure) [PSYoungGen: 53088K->1440K(53248K)] 446341K->394693K(581120K), 0.0017636 secs] [Times: user=0.01 sys=0.00, real=0.00 secs] 
1784.678: [GC (Allocation Failure) [PSYoungGen: 53152K->1392K(53248K)] 446405K->394645K(581120K), 0.0020236 secs] [Times: user=0.01 sys=0.01, real=0.00 secs] 
1785.363: [GC (Allocation Failure) [PSYoungGen: 53104K->1408K(53248K)] 446357K->394677K(581120K), 0.0025500 secs] [Times: user=0.01 sys=0.00, real=0.01 secs] 
1785.738: [GC (Allocation Failure) [PSYoungGen: 53120K->1344K(53248K)] 446389K->394613K(581120K), 0.0029235 secs] [Times: user=0.01 sys=0.00, real=0.00 secs] 
1785.983: [GC (Allocation Failure) [PSYoungGen: 53056K->1360K(53248K)] 446325K->394629K(581120K), 0.0020368 secs] [Times: user=0.01 sys=0.00, real=0.01 secs] 
1787.935: [GC (Allocation Failure) [PSYoungGen: 53072K->1440K(53248K)] 446341K->394709K(581120K), 0.0036977 secs] [Times: user=0.02 sys=0.00, real=0.00 secs] 
1788.907: [GC (Allocation Failure) [PSYoungGen: 53152K->1408K(53248K)] 446421K->394677K(581120K), 0.0028781 secs] [Times: user=0.01 sys=0.00, real=0.00 secs] 
1789.117: [GC (Allocation Failure) [PSYoungGen: 53120K->1392K(53248K)] 446389K->394661K(581120K), 0.0019366 secs] [Times: user=0.01 sys=0.00, real=0.00 secs] 
1789.331: [GC (Allocation Failure) [PSYoungGen: 53104K->1392K(53248K)] 446373K->394661K(581120K), 0.0019737 secs] [Times: user=0.01 sys=0.00, real=0.00 secs] 
1789.546: [GC (Allocation Failure) [PSYoungGen: 53104K->1440K(53248K)] 446373K->394709K(581120K), 0.0019771 secs] [Times: user=0.01 sys=0.00, real=0.00 secs] 
1789.832: [GC (Allocation Failure) [PSYoungGen: 53152K->1376K(53248K)] 446421K->394645K(581120K), 0.0020954 secs] [Times: user=0.01 sys=0.00, real=0.01 secs] 
1790.964: [GC (Allocation Failure) [PSYoungGen: 53088K->1440K(53248K)] 446357K->394709K(581120K), 0.0019242 secs] [Times: user=0.01 sys=0.00, real=0.00 secs] 
1791.333: [GC (Allocation Failure) [PSYoungGen: 53152K->1392K(53248K)] 446421K->394661K(581120K), 0.0019115 secs] [Times: user=0.00 sys=0.00, real=0.01 secs] 
1791.548: [GC (Allocation Failure) [PSYoungGen: 53104K->1376K(53248K)] 446373K->394645K(581120K), 0.0018881 secs] [Times: user=0.01 sys=0.00, real=0.00 secs] 
1791.762: [GC (Allocation Failure) [PSYoungGen: 53088K->1408K(53248K)] 446357K->394677K(581120K), 0.0018400 secs] [Times: user=0.01 sys=0.00, real=0.01 secs] 
1791.978: [GC (Allocation Failure) [PSYoungGen: 53120K->1344K(53248K)] 446389K->394613K(581120K), 0.0021025 secs] [Times: user=0.00 sys=0.00, real=0.00 secs] 
1794.219: [GC (Allocation Failure) [PSYoungGen: 53056K->1440K(53248K)] 446325K->394725K(581120K), 0.0039205 secs] [Times: user=0.01 sys=0.01, real=0.00 secs] 
1795.119: [GC (Allocation Failure) [PSYoungGen: 53152K->1408K(53248K)] 446437K->394693K(581120K), 0.0039005 secs] [Times: user=0.02 sys=0.00, real=0.00 secs] 
1795.822: [GC (Allocation Failure) [PSYoungGen: 53120K->1424K(53248K)] 446405K->394709K(581120K), 0.0034975 secs] [Times: user=0.01 sys=0.00, real=0.01 secs] 
1796.264: [GC (Allocation Failure) [PSYoungGen: 53136K->1440K(53248K)] 446421K->394725K(581120K), 0.0023872 secs] [Times: user=0.01 sys=0.00, real=0.00 secs] 
1796.539: [GC (Allocation Failure) [PSYoungGen: 53152K->1408K(53248K)] 446437K->394693K(581120K), 0.0018369 secs] [Times: user=0.01 sys=0.00, real=0.00 secs] 
1797.541: [GC (Allocation Failure) [PSYoungGen: 52112K->256K(53248K)] 445397K->393541K(581120K), 0.0015924 secs] [Times: user=0.01 sys=0.00, real=0.00 secs] 
1797.881: [GC (Allocation Failure) [PSYoungGen: 51968K->1376K(53760K)] 445253K->394661K(581632K), 0.0017261 secs] [Times: user=0.01 sys=0.00, real=0.00 secs] 
1798.316: [GC (Allocation Failure) [PSYoungGen: 53088K->1408K(53760K)] 446373K->394693K(581632K), 0.0017535 secs] [Times: user=0.01 sys=0.00, real=0.00 secs] 
1798.735: [GC (Allocation Failure) [PSYoungGen: 53120K->1408K(53760K)] 446405K->394693K(581632K), 0.0017528 secs] [Times: user=0.01 sys=0.00, real=0.00 secs] 
1799.181: [GC (Allocation Failure) [PSYoungGen: 53120K->1376K(53760K)] 446405K->394661K(581632K), 0.0018891 secs] [Times: user=0.01 sys=0.00, real=0.00 secs] 
1799.691: [GC (Allocation Failure) [PSYoungGen: 53088K->1376K(53760K)] 446373K->394669K(581632K), 0.0020532 secs] [Times: user=0.01 sys=0.00, real=0.00 secs] 
1801.455: [GC (Allocation Failure) [PSYoungGen: 53088K->1456K(53760K)] 446381K->394749K(581632K), 0.0033410 secs] [Times: user=0.02 sys=0.00, real=0.00 secs] 
1802.331: [GC (Allocation Failure) [PSYoungGen: 53168K->1408K(53760K)] 446461K->394701K(581632K), 0.0033422 secs] [Times: user=0.01 sys=0.00, real=0.01 secs] 
1802.954: [GC (Allocation Failure) [PSYoungGen: 53120K->1376K(53760K)] 446413K->394669K(581632K), 0.0030346 secs] [Times: user=0.02 sys=0.00, real=0.00 secs] 
1803.417: [GC (Allocation Failure) [PSYoungGen: 53088K->1408K(53760K)] 446381K->394701K(581632K), 0.0027742 secs] [Times: user=0.01 sys=0.00, real=0.00 secs] 
1803.849: [GC (Allocation Failure) [PSYoungGen: 53120K->1408K(53760K)] 446413K->394701K(581632K), 0.0029126 secs] [Times: user=0.01 sys=0.00, real=0.00 secs] 
1804.997: [GC (Allocation Failure) [PSYoungGen: 53120K->1440K(53760K)] 446413K->394741K(581632K), 0.0015801 secs] [Times: user=0.01 sys=0.00, real=0.00 secs] 
1806.051: [GC (Allocation Failure) [PSYoungGen: 53152K->1392K(53760K)] 446453K->394693K(581632K), 0.0027363 secs] [Times: user=0.01 sys=0.00, real=0.00 secs] 
1806.726: [GC (Allocation Failure) [PSYoungGen: 53104K->1408K(53760K)] 446405K->394709K(581632K), 0.0029468 secs] [Times: user=0.01 sys=0.00, real=0.00 secs] 
1807.417: [GC (Allocation Failure) [PSYoungGen: 53120K->1408K(53760K)] 446421K->394709K(581632K), 0.0036781 secs] [Times: user=0.02 sys=0.00, real=0.00 secs] 
1807.831: [GC (Allocation Failure) [PSYoungGen: 53120K->1408K(53760K)] 446421K->394709K(581632K), 0.0023858 secs] [Times: user=0.01 sys=0.00, real=0.00 secs] 
1808.263: [GC (Allocation Failure) [PSYoungGen: 53120K->1408K(53760K)] 446421K->394709K(581632K), 0.0029971 secs] [Times: user=0.01 sys=0.00, real=0.01 secs] 
1809.765: [GC (Allocation Failure) [PSYoungGen: 53120K->1488K(53760K)] 446421K->394789K(581632K), 0.0028309 secs] [Times: user=0.01 sys=0.00, real=0.00 secs] 
1810.833: [GC (Allocation Failure) [PSYoungGen: 53200K->1376K(53760K)] 446501K->394677K(581632K), 0.0039634 secs] [Times: user=0.02 sys=0.00, real=0.01 secs] 
1811.656: [GC (Allocation Failure) [PSYoungGen: 53088K->1376K(53760K)] 446389K->394677K(581632K), 0.0033266 secs] [Times: user=0.01 sys=0.00, real=0.00 secs] 
1812.065: [GC (Allocation Failure) [PSYoungGen: 53088K->1376K(53760K)] 446389K->394677K(581632K), 0.0027022 secs] [Times: user=0.01 sys=0.00, real=0.00 secs] 
1812.503: [GC (Allocation Failure) [PSYoungGen: 53088K->1440K(53760K)] 446389K->394741K(581632K), 0.0026532 secs] [Times: user=0.01 sys=0.00, real=0.01 secs] 
1813.782: [GC (Allocation Failure) [PSYoungGen: 53152K->1664K(53760K)] 446453K->394965K(581632K), 0.0020945 secs] [Times: user=0.01 sys=0.00, real=0.01 secs] 
1814.618: [GC (Allocation Failure) [PSYoungGen: 53376K->1408K(53760K)] 446677K->394709K(581632K), 0.0039415 secs] [Times: user=0.02 sys=0.00, real=0.00 secs] 
1815.180: [GC (Allocation Failure) [PSYoungGen: 53120K->1424K(53760K)] 446421K->394725K(581632K), 0.0033870 secs] [Times: user=0.01 sys=0.00, real=0.00 secs] 
1815.605: [GC (Allocation Failure) [PSYoungGen: 53136K->1408K(53760K)] 446437K->394709K(581632K), 0.0026339 secs] [Times: user=0.01 sys=0.00, real=0.00 secs] 
1816.286: [GC (Allocation Failure) [PSYoungGen: 53120K->1376K(53760K)] 446421K->394685K(581632K), 0.0029958 secs] [Times: user=0.01 sys=0.00, real=0.00 secs] 
1817.054: [GC (Allocation Failure) [PSYoungGen: 53088K->1376K(53760K)] 446397K->394685K(581632K), 0.0033181 secs] [Times: user=0.02 sys=0.00, real=0.01 secs] 
1819.037: [GC (Allocation Failure) [PSYoungGen: 53088K->1440K(53760K)] 446397K->394749K(581632K), 0.0033777 secs] [Times: user=0.02 sys=0.00, real=0.00 secs] 
1819.677: [GC (Allocation Failure) [PSYoungGen: 53152K->1376K(53760K)] 446461K->394693K(581632K), 0.0035490 secs] [Times: user=0.01 sys=0.00, real=0.00 secs] 
1819.993: [GC (Allocation Failure) [PSYoungGen: 53088K->1376K(53760K)] 446405K->394693K(581632K), 0.0020900 secs] [Times: user=0.00 sys=0.01, real=0.01 secs] 
1820.215: [GC (Allocation Failure) [PSYoungGen: 53088K->1408K(53248K)] 446405K->394733K(581120K), 0.0020645 secs] [Times: user=0.01 sys=0.00, real=0.00 secs] 
1820.460: [GC (Allocation Failure) [PSYoungGen: 53120K->1408K(53248K)] 446445K->394741K(581120K), 0.0020389 secs] [Times: user=0.00 sys=0.00, real=0.00 secs] 
1821.613: [GC (Allocation Failure) [PSYoungGen: 53120K->896K(52736K)] 446453K->395253K(580608K), 0.0019194 secs] [Times: user=0.01 sys=0.00, real=0.01 secs] 
1822.349: [GC (Allocation Failure) [PSYoungGen: 52608K->352K(53760K)] 446965K->394709K(581632K), 0.0043205 secs] [Times: user=0.01 sys=0.00, real=0.00 secs] 
1822.824: [GC (Allocation Failure) [PSYoungGen: 52064K->352K(53760K)] 446421K->394709K(581632K), 0.0028761 secs] [Times: user=0.01 sys=0.00, real=0.00 secs] 
1823.260: [GC (Allocation Failure) [PSYoungGen: 52064K->352K(53760K)] 446421K->394709K(581632K), 0.0039040 secs] [Times: user=0.01 sys=0.00, real=0.01 secs] 
1823.957: [GC (Allocation Failure) [PSYoungGen: 52064K->352K(53760K)] 446421K->394709K(581632K), 0.0031776 secs] [Times: user=0.02 sys=0.00, real=0.00 secs] 
1824.469: [GC (Allocation Failure) [PSYoungGen: 52064K->384K(53760K)] 446421K->394757K(581632K), 0.0027861 secs] [Times: user=0.01 sys=0.00, real=0.00 secs] 
1826.924: [GC (Allocation Failure) [PSYoungGen: 52096K->1472K(53248K)] 446469K->395845K(581120K), 0.0038663 secs] [Times: user=0.01 sys=0.00, real=0.00 secs] 
1828.299: [GC (Allocation Failure) [PSYoungGen: 52672K->1376K(53760K)] 447045K->395749K(581632K), 0.0026614 secs] [Times: user=0.01 sys=0.00, real=0.00 secs] 
1828.503: [GC (Allocation Failure) [PSYoungGen: 52576K->1376K(53760K)] 446949K->395749K(581632K), 0.0020831 secs] [Times: user=0.01 sys=0.00, real=0.01 secs] 
1828.716: [GC (Allocation Failure) [PSYoungGen: 52576K->1376K(53760K)] 446949K->395749K(581632K), 0.0020550 secs] [Times: user=0.00 sys=0.00, real=0.00 secs] 
1829.004: [GC (Allocation Failure) [PSYoungGen: 52576K->1376K(53760K)] 446949K->395757K(581632K), 0.0020001 secs] [Times: user=0.01 sys=0.00, real=0.01 secs] 
1830.068: [GC (Allocation Failure) [PSYoungGen: 52576K->1408K(53760K)] 446957K->395789K(581632K), 0.0015963 secs] [Times: user=0.01 sys=0.00, real=0.00 secs] 
1830.575: [GC (Allocation Failure) [PSYoungGen: 52608K->1408K(53760K)] 446989K->395789K(581632K), 0.0017921 secs] [Times: user=0.00 sys=0.00, real=0.00 secs] 
1830.847: [GC (Allocation Failure) [PSYoungGen: 52608K->1408K(53760K)] 446989K->395789K(581632K), 0.0022063 secs] [Times: user=0.01 sys=0.00, real=0.00 secs] 
1831.093: [GC (Allocation Failure) [PSYoungGen: 52608K->1440K(53760K)] 446989K->395821K(581632K), 0.0019364 secs] [Times: user=0.01 sys=0.00, real=0.01 secs] 
1831.307: [GC (Allocation Failure) [PSYoungGen: 52640K->1408K(53760K)] 447021K->395789K(581632K), 0.0020321 secs] [Times: user=0.00 sys=0.00, real=0.00 secs] 
1831.520: [GC (Allocation Failure) [PSYoungGen: 52608K->1344K(52736K)] 446989K->395725K(580608K), 0.0020659 secs] [Times: user=0.01 sys=0.00, real=0.00 secs] 
1833.483: [GC (Allocation Failure) [PSYoungGen: 52544K->1472K(53248K)] 446925K->395853K(581120K), 0.0034659 secs] [Times: user=0.01 sys=0.00, real=0.01 secs] 
1834.082: [GC (Allocation Failure) [PSYoungGen: 52672K->1376K(53248K)] 447053K->395757K(581120K), 0.0033974 secs] [Times: user=0.01 sys=0.00, real=0.01 secs] 
1834.443: [GC (Allocation Failure) [PSYoungGen: 52576K->1376K(53248K)] 446957K->395757K(581120K), 0.0026313 secs] [Times: user=0.01 sys=0.00, real=0.01 secs] 
1834.677: [GC (Allocation Failure) [PSYoungGen: 52576K->1408K(53248K)] 446957K->395789K(581120K), 0.0020676 secs] [Times: user=0.01 sys=0.00, real=0.00 secs] 
1835.015: [GC (Allocation Failure) [PSYoungGen: 52608K->1408K(53248K)] 446989K->395797K(581120K), 0.0018717 secs] [Times: user=0.00 sys=0.00, real=0.00 secs] 
1836.147: [GC (Allocation Failure) [PSYoungGen: 52608K->1968K(52736K)] 446997K->396357K(580608K), 0.0016246 secs] [Times: user=0.01 sys=0.00, real=0.00 secs] 
1836.490: [GC (Allocation Failure) [PSYoungGen: 52656K->1360K(52224K)] 447045K->395749K(580096K), 0.0018469 secs] [Times: user=0.01 sys=0.00, real=0.00 secs] 
1836.701: [GC (Allocation Failure) [PSYoungGen: 52048K->1440K(52736K)] 446437K->395829K(580608K), 0.0017017 secs] [Times: user=0.01 sys=0.00, real=0.00 secs] 
1836.911: [GC (Allocation Failure) [PSYoungGen: 52128K->1408K(52736K)] 446517K->395797K(580608K), 0.0020175 secs] [Times: user=0.00 sys=0.00, real=0.00 secs] 
1837.132: [GC (Allocation Failure) [PSYoungGen: 52096K->1408K(52736K)] 446485K->395805K(580608K), 0.0033675 secs] [Times: user=0.01 sys=0.00, real=0.01 secs] 
1837.562: [GC (Allocation Failure) [PSYoungGen: 52096K->1408K(52736K)] 446493K->395805K(580608K), 0.0033223 secs] [Times: user=0.01 sys=0.00, real=0.01 secs] 
1839.655: [GC (Allocation Failure) [PSYoungGen: 52096K->1440K(52736K)] 446493K->395837K(580608K), 0.0032702 secs] [Times: user=0.02 sys=0.00, real=0.00 secs] 
1840.153: [GC (Allocation Failure) [PSYoungGen: 52128K->1408K(52736K)] 446525K->395805K(580608K), 0.0026553 secs] [Times: user=0.01 sys=0.00, real=0.01 secs] 
1840.410: [GC (Allocation Failure) [PSYoungGen: 52096K->1360K(52736K)] 446493K->395757K(580608K), 0.0021095 secs] [Times: user=0.01 sys=0.00, real=0.00 secs] 
1840.621: [GC (Allocation Failure) [PSYoungGen: 52048K->1408K(52736K)] 446445K->395805K(580608K), 0.0019670 secs] [Times: user=0.01 sys=0.00, real=0.00 secs] 
1840.831: [GC (Allocation Failure) [PSYoungGen: 52096K->1344K(52736K)] 446493K->395741K(580608K), 0.0018406 secs] [Times: user=0.01 sys=0.00, real=0.00 secs] 
1841.901: [GC (Allocation Failure) [PSYoungGen: 51068K->224K(52736K)] 445465K->394621K(580608K), 0.0016756 secs] [Times: user=0.00 sys=0.00, real=0.00 secs] 
1842.434: [GC (Allocation Failure) [PSYoungGen: 50912K->1408K(52736K)] 445309K->395805K(580608K), 0.0020296 secs] [Times: user=0.00 sys=0.00, real=0.00 secs] 
1842.665: [GC (Allocation Failure) [PSYoungGen: 52096K->1408K(52736K)] 446493K->395821K(580608K), 0.0020928 secs] [Times: user=0.01 sys=0.00, real=0.00 secs] 
1842.890: [GC (Allocation Failure) [PSYoungGen: 52096K->1392K(52736K)] 446509K->395805K(580608K), 0.0020528 secs] [Times: user=0.01 sys=0.00, real=0.00 secs] 
1843.101: [GC (Allocation Failure) [PSYoungGen: 52080K->1440K(52736K)] 446493K->395861K(580608K), 0.0018149 secs] [Times: user=0.01 sys=0.00, real=0.00 secs] 
1843.311: [GC (Allocation Failure) [PSYoungGen: 52128K->1408K(52736K)] 446549K->395829K(580608K), 0.0020390 secs] [Times: user=0.01 sys=0.00, real=0.00 secs] 
1844.296: [GC (Allocation Failure) [PSYoungGen: 52096K->1408K(52736K)] 446517K->395829K(580608K), 0.0016289 secs] [Times: user=0.01 sys=0.00, real=0.00 secs] 
1844.718: [GC (Allocation Failure) [PSYoungGen: 52096K->1344K(52736K)] 446517K->395765K(580608K), 0.0015363 secs] [Times: user=0.01 sys=0.00, real=0.00 secs] 
1845.128: [GC (Allocation Failure) [PSYoungGen: 52032K->1376K(52736K)] 446453K->395797K(580608K), 0.0017942 secs] [Times: user=0.01 sys=0.00, real=0.00 secs] 
1845.467: [GC (Allocation Failure) [PSYoungGen: 52064K->1440K(52736K)] 446485K->395861K(580608K), 0.0020127 secs] [Times: user=0.01 sys=0.00, real=0.00 secs] 
1845.752: [GC (Allocation Failure) [PSYoungGen: 52128K->1376K(52736K)] 446549K->395797K(580608K), 0.0018532 secs] [Times: user=0.01 sys=0.00, real=0.01 secs] 
1846.123: [GC (Allocation Failure) [PSYoungGen: 52064K->1344K(52736K)] 446485K->395765K(580608K), 0.0021220 secs] [Times: user=0.01 sys=0.00, real=0.01 secs] 
1847.145: [GC (Allocation Failure) [PSYoungGen: 52032K->1408K(52736K)] 446453K->395829K(580608K), 0.0019512 secs] [Times: user=0.00 sys=0.00, real=0.00 secs] 
1847.356: [GC (Allocation Failure) [PSYoungGen: 52096K->1408K(52736K)] 446517K->395829K(580608K), 0.0018907 secs] [Times: user=0.01 sys=0.00, real=0.00 secs] 
1847.595: [GC (Allocation Failure) [PSYoungGen: 52096K->1376K(52736K)] 446517K->395797K(580608K), 0.0018532 secs] [Times: user=0.01 sys=0.01, real=0.00 secs] 
1847.806: [GC (Allocation Failure) [PSYoungGen: 52064K->1440K(52736K)] 446485K->395861K(580608K), 0.0018649 secs] [Times: user=0.01 sys=0.00, real=0.00 secs] 
1848.016: [GC (Allocation Failure) [PSYoungGen: 52128K->1376K(52736K)] 446549K->395797K(580608K), 0.0018343 secs] [Times: user=0.00 sys=0.00, real=0.00 secs] 
1849.021: [GC (Allocation Failure) [PSYoungGen: 52064K->1408K(52736K)] 446485K->395829K(580608K), 0.0019059 secs] [Times: user=0.01 sys=0.00, real=0.00 secs] 
1849.478: [GC (Allocation Failure) [PSYoungGen: 52096K->1376K(52736K)] 446517K->395797K(580608K), 0.0022427 secs] [Times: user=0.00 sys=0.00, real=0.00 secs] 
1849.911: [GC (Allocation Failure) [PSYoungGen: 52064K->1408K(52736K)] 446485K->395829K(580608K), 0.0021402 secs] [Times: user=0.01 sys=0.00, real=0.00 secs] 
1850.215: [GC (Allocation Failure) [PSYoungGen: 52096K->1408K(52736K)] 446517K->395829K(580608K), 0.0020102 secs] [Times: user=0.01 sys=0.00, real=0.00 secs] 
1850.646: [GC (Allocation Failure) [PSYoungGen: 52096K->1376K(52224K)] 446517K->395797K(580096K), 0.0022359 secs] [Times: user=0.01 sys=0.00, real=0.00 secs] 
1851.078: [GC (Allocation Failure) [PSYoungGen: 52064K->1408K(52224K)] 446485K->395845K(580096K), 0.0022978 secs] [Times: user=0.01 sys=0.00, real=0.00 secs] 
1852.492: [GC (Allocation Failure) [PSYoungGen: 52096K->384K(51712K)] 446533K->395845K(579584K), 0.0021270 secs] [Times: user=0.01 sys=0.00, real=0.01 secs] 
1853.292: [GC (Allocation Failure) [PSYoungGen: 51072K->352K(52736K)] 446533K->395813K(580608K), 0.0028050 secs] [Times: user=0.01 sys=0.00, real=0.01 secs] 
1853.858: [GC (Allocation Failure) [PSYoungGen: 51040K->320K(52736K)] 446501K->395781K(580608K), 0.0027894 secs] [Times: user=0.01 sys=0.00, real=0.00 secs] 
1854.478: [GC (Allocation Failure) [PSYoungGen: 51008K->368K(52736K)] 446469K->395829K(580608K), 0.0032833 secs] [Times: user=0.01 sys=0.00, real=0.00 secs] 
1855.114: [GC (Allocation Failure) [PSYoungGen: 51056K->352K(52736K)] 446517K->395813K(580608K), 0.0032342 secs] [Times: user=0.01 sys=0.00, real=0.01 secs] 
1856.300: [GC (Allocation Failure) [PSYoungGen: 51040K->1952K(52736K)] 446501K->397925K(580608K), 0.0019694 secs] [Times: user=0.01 sys=0.00, real=0.00 secs] 
1856.725: [GC (Allocation Failure) [PSYoungGen: 52640K->1408K(53248K)] 448613K->397381K(581120K), 0.0019329 secs] [Times: user=0.01 sys=0.00, real=0.00 secs] 
1857.236: [GC (Allocation Failure) [PSYoungGen: 52096K->1408K(53248K)] 448069K->397381K(581120K), 0.0019099 secs] [Times: user=0.01 sys=0.00, real=0.00 secs] 
1857.848: [GC (Allocation Failure) [PSYoungGen: 52096K->1376K(53248K)] 448069K->397349K(581120K), 0.0021864 secs] [Times: user=0.01 sys=0.00, real=0.00 secs] 
1858.334: [GC (Allocation Failure) [PSYoungGen: 52064K->1376K(53248K)] 448037K->397357K(581120K), 0.0022038 secs] [Times: user=0.01 sys=0.01, real=0.00 secs] 
1859.026: [GC (Allocation Failure) [PSYoungGen: 52064K->1376K(53248K)] 448045K->397357K(581120K), 0.0033683 secs] [Times: user=0.02 sys=0.00, real=0.00 secs] 
1860.185: [GC (Allocation Failure) [PSYoungGen: 52064K->1408K(53248K)] 448045K->397389K(581120K), 0.0017126 secs] [Times: user=0.00 sys=0.00, real=0.00 secs] 
1860.446: [GC (Allocation Failure) [PSYoungGen: 52096K->1376K(53248K)] 448077K->397357K(581120K), 0.0019377 secs] [Times: user=0.01 sys=0.00, real=0.00 secs] 
1860.730: [GC (Allocation Failure) [PSYoungGen: 52064K->1376K(53248K)] 448045K->397357K(581120K), 0.0017567 secs] [Times: user=0.01 sys=0.00, real=0.00 secs] 
1860.975: [GC (Allocation Failure) [PSYoungGen: 52064K->1376K(52224K)] 448045K->397357K(580096K), 0.0019285 secs] [Times: user=0.01 sys=0.00, real=0.00 secs] 
1861.186: [GC (Allocation Failure) [PSYoungGen: 52064K->1472K(52736K)] 448045K->397453K(580608K), 0.0018815 secs] [Times: user=0.01 sys=0.00, real=0.00 secs] 
1861.454: [GC (Allocation Failure) [PSYoungGen: 51142K->272K(52224K)] 447124K->396253K(580096K), 0.0019009 secs] [Times: user=0.01 sys=0.00, real=0.00 secs] 
1862.672: [GC (Allocation Failure) [PSYoungGen: 50448K->1472K(52736K)] 446429K->397453K(580608K), 0.0026012 secs] [Times: user=0.01 sys=0.00, real=0.01 secs] 
1863.225: [GC (Allocation Failure) [PSYoungGen: 51648K->1392K(52736K)] 447629K->397373K(580608K), 0.0029761 secs] [Times: user=0.01 sys=0.01, real=0.00 secs] 
1863.730: [GC (Allocation Failure) [PSYoungGen: 51568K->1440K(52736K)] 447549K->397437K(580608K), 0.0026627 secs] [Times: user=0.01 sys=0.00, real=0.00 secs] 
1864.152: [GC (Allocation Failure) [PSYoungGen: 51616K->1408K(52736K)] 447613K->397405K(580608K), 0.0028174 secs] [Times: user=0.01 sys=0.00, real=0.01 secs] 
1864.565: [GC (Allocation Failure) [PSYoungGen: 51584K->1360K(51712K)] 447581K->397357K(579584K), 0.0028987 secs] [Times: user=0.01 sys=0.00, real=0.00 secs] 
1865.849: [GC (Allocation Failure) [PSYoungGen: 51536K->1392K(52224K)] 447533K->397389K(580096K), 0.0020201 secs] [Times: user=0.01 sys=0.00, real=0.00 secs] 
1866.297: [GC (Allocation Failure) [PSYoungGen: 51568K->1408K(52224K)] 447565K->397405K(580096K), 0.0020305 secs] [Times: user=0.01 sys=0.00, real=0.00 secs] 
1866.729: [GC (Allocation Failure) [PSYoungGen: 51584K->1408K(52224K)] 447581K->397405K(580096K), 0.0025286 secs] [Times: user=0.01 sys=0.00, real=0.00 secs] 
1866.973: [GC (Allocation Failure) [PSYoungGen: 51584K->1408K(52224K)] 447581K->397405K(580096K), 0.0021436 secs] [Times: user=0.01 sys=0.01, real=0.01 secs] 
1867.182: [GC (Allocation Failure) [PSYoungGen: 51584K->1440K(52224K)] 447581K->397437K(580096K), 0.0018331 secs] [Times: user=0.01 sys=0.00, real=0.01 secs] 
1867.390: [GC (Allocation Failure) [PSYoungGen: 51616K->1376K(52224K)] 447613K->397373K(580096K), 0.0020178 secs] [Times: user=0.01 sys=0.00, real=0.00 secs] 
1868.427: [GC (Allocation Failure) [PSYoungGen: 51552K->1456K(52224K)] 447549K->397453K(580096K), 0.0017064 secs] [Times: user=0.01 sys=0.00, real=0.00 secs] 
1868.920: [GC (Allocation Failure) [PSYoungGen: 51632K->1344K(52224K)] 447629K->397341K(580096K), 0.0019702 secs] [Times: user=0.01 sys=0.00, real=0.00 secs] 
1869.408: [GC (Allocation Failure) [PSYoungGen: 51520K->1408K(52224K)] 447517K->397405K(580096K), 0.0022558 secs] [Times: user=0.01 sys=0.00, real=0.00 secs] 
1869.823: [GC (Allocation Failure) [PSYoungGen: 51584K->1376K(52224K)] 447581K->397373K(580096K), 0.0022594 secs] [Times: user=0.00 sys=0.00, real=0.01 secs] 
1870.398: [GC (Allocation Failure) [PSYoungGen: 51552K->1408K(52224K)] 447549K->397405K(580096K), 0.0026220 secs] [Times: user=0.01 sys=0.00, real=0.00 secs] 
1871.765: [GC (Allocation Failure) [PSYoungGen: 51584K->1504K(52224K)] 447581K->397501K(580096K), 0.0017058 secs] [Times: user=0.01 sys=0.00, real=0.00 secs] 
1871.993: [GC (Allocation Failure) [PSYoungGen: 51680K->1408K(52224K)] 447677K->397405K(580096K), 0.0017801 secs] [Times: user=0.01 sys=0.00, real=0.01 secs] 
1872.246: [GC (Allocation Failure) [PSYoungGen: 51584K->1440K(52224K)] 447581K->397437K(580096K), 0.0019101 secs] [Times: user=0.01 sys=0.00, real=0.00 secs] 
1872.467: [GC (Allocation Failure) [PSYoungGen: 51616K->1344K(52224K)] 447613K->397365K(580096K), 0.0017846 secs] [Times: user=0.01 sys=0.00, real=0.00 secs] 
1872.690: [GC (Allocation Failure) [PSYoungGen: 51520K->1408K(52224K)] 447541K->397429K(580096K), 0.0026999 secs] [Times: user=0.01 sys=0.00, real=0.00 secs] 
1872.953: [GC (Allocation Failure) [PSYoungGen: 51584K->1376K(52224K)] 447605K->397397K(580096K), 0.0021030 secs] [Times: user=0.01 sys=0.00, real=0.01 secs] 
1873.993: [GC (Allocation Failure) [PSYoungGen: 51552K->1488K(52224K)] 447573K->397509K(580096K), 0.0017210 secs] [Times: user=0.01 sys=0.00, real=0.01 secs] 
1874.440: [GC (Allocation Failure) [PSYoungGen: 51664K->1408K(52224K)] 447685K->397429K(580096K), 0.0015588 secs] [Times: user=0.01 sys=0.01, real=0.00 secs] 
1874.934: [GC (Allocation Failure) [PSYoungGen: 51584K->1408K(52224K)] 447605K->397429K(580096K), 0.0024659 secs] [Times: user=0.01 sys=0.01, real=0.00 secs] 
1875.270: [GC (Allocation Failure) [PSYoungGen: 51584K->1392K(52224K)] 447605K->397413K(580096K), 0.0020695 secs] [Times: user=0.01 sys=0.00, real=0.00 secs] 
1875.505: [GC (Allocation Failure) [PSYoungGen: 51568K->1376K(52224K)] 447589K->397397K(580096K), 0.0018719 secs] [Times: user=0.01 sys=0.00, real=0.00 secs] 
1875.724: [GC (Allocation Failure) [PSYoungGen: 51552K->1408K(52224K)] 447573K->397429K(580096K), 0.0026044 secs] [Times: user=0.01 sys=0.00, real=0.00 secs] 
1876.909: [GC (Allocation Failure) [PSYoungGen: 51584K->1424K(52224K)] 447605K->397445K(580096K), 0.0019860 secs] [Times: user=0.00 sys=0.00, real=0.00 secs] 
1877.348: [GC (Allocation Failure) [PSYoungGen: 51600K->1408K(52224K)] 447621K->397429K(580096K), 0.0020033 secs] [Times: user=0.01 sys=0.00, real=0.00 secs] 
1877.771: [GC (Allocation Failure) [PSYoungGen: 51584K->1408K(51712K)] 447605K->397429K(579584K), 0.0034731 secs] [Times: user=0.01 sys=0.00, real=0.01 secs] 
1877.981: [GC (Allocation Failure) [PSYoungGen: 51584K->1376K(51712K)] 447605K->397397K(579584K), 0.0020780 secs] [Times: user=0.01 sys=0.00, real=0.00 secs] 
1878.189: [GC (Allocation Failure) [PSYoungGen: 51552K->1408K(51712K)] 447573K->397429K(579584K), 0.0019495 secs] [Times: user=0.01 sys=0.00, real=0.00 secs] 
1879.170: [GC (Allocation Failure) [PSYoungGen: 51584K->1472K(51712K)] 447605K->398005K(579584K), 0.0016356 secs] [Times: user=0.01 sys=0.00, real=0.00 secs] 
1879.615: [GC (Allocation Failure) [PSYoungGen: 51648K->1440K(51712K)] 448181K->397973K(579584K), 0.0020144 secs] [Times: user=0.01 sys=0.00, real=0.00 secs] 
1879.982: [GC (Allocation Failure) [PSYoungGen: 51616K->1440K(51712K)] 448149K->397973K(579584K), 0.0034312 secs] [Times: user=0.02 sys=0.00, real=0.01 secs] 
1880.447: [GC (Allocation Failure) [PSYoungGen: 51616K->1408K(51712K)] 448149K->397941K(579584K), 0.0031054 secs] [Times: user=0.01 sys=0.00, real=0.00 secs] 
1881.056: [GC (Allocation Failure) [PSYoungGen: 51584K->1376K(51712K)] 448117K->397917K(579584K), 0.0033682 secs] [Times: user=0.02 sys=0.00, real=0.00 secs] 
1881.679: [GC (Allocation Failure) [PSYoungGen: 51552K->1440K(51712K)] 448093K->397981K(579584K), 0.0029761 secs] [Times: user=0.01 sys=0.00, real=0.00 secs] 
1883.064: [GC (Allocation Failure) [PSYoungGen: 51616K->1408K(51712K)] 448157K->397973K(579584K), 0.0018299 secs] [Times: user=0.01 sys=0.00, real=0.00 secs] 
1883.706: [GC (Allocation Failure) [PSYoungGen: 51584K->1376K(51712K)] 448149K->397941K(579584K), 0.0021983 secs] [Times: user=0.01 sys=0.00, real=0.00 secs] 
1884.137: [GC (Allocation Failure) [PSYoungGen: 51552K->1408K(51712K)] 448117K->397973K(579584K), 0.0030031 secs] [Times: user=0.01 sys=0.00, real=0.00 secs] 
1884.483: [GC (Allocation Failure) [PSYoungGen: 51584K->1376K(51712K)] 448149K->397941K(579584K), 0.0024255 secs] [Times: user=0.01 sys=0.00, real=0.01 secs] 
1884.686: [GC (Allocation Failure) [PSYoungGen: 51552K->1376K(51712K)] 448117K->397941K(579584K), 0.0020824 secs] [Times: user=0.01 sys=0.00, real=0.00 secs] 
1884.895: [GC (Allocation Failure) [PSYoungGen: 51552K->1344K(51712K)] 448117K->397909K(579584K), 0.0019888 secs] [Times: user=0.00 sys=0.00, real=0.00 secs] 
1885.956: [GC (Allocation Failure) [PSYoungGen: 51520K->1408K(51712K)] 448085K->397973K(579584K), 0.0017154 secs] [Times: user=0.00 sys=0.00, real=0.00 secs] 
1886.397: [GC (Allocation Failure) [PSYoungGen: 51584K->1344K(51712K)] 448149K->397909K(579584K), 0.0024478 secs] [Times: user=0.01 sys=0.00, real=0.00 secs] 
1886.821: [GC (Allocation Failure) [PSYoungGen: 51520K->1344K(51712K)] 448085K->397909K(579584K), 0.0020052 secs] [Times: user=0.01 sys=0.00, real=0.00 secs] 
1887.302: [GC (Allocation Failure) [PSYoungGen: 51520K->1376K(51712K)] 448085K->397941K(579584K), 0.0020140 secs] [Times: user=0.01 sys=0.00, real=0.01 secs] 
1887.846: [GC (Allocation Failure) [PSYoungGen: 51552K->1376K(51712K)] 448117K->397941K(579584K), 0.0023323 secs] [Times: user=0.01 sys=0.00, real=0.00 secs] 
1889.126: [GC (Allocation Failure) [PSYoungGen: 51552K->1408K(51712K)] 448117K->397973K(579584K), 0.0019199 secs] [Times: user=0.01 sys=0.00, real=0.00 secs] 
1889.335: [GC (Allocation Failure) [PSYoungGen: 51584K->1376K(51712K)] 448149K->397941K(579584K), 0.0018955 secs] [Times: user=0.01 sys=0.00, real=0.00 secs] 
1889.550: [GC (Allocation Failure) [PSYoungGen: 51552K->1344K(51712K)] 448117K->397909K(579584K), 0.0018968 secs] [Times: user=0.00 sys=0.00, real=0.00 secs] 
1889.758: [GC (Allocation Failure) [PSYoungGen: 51520K->1344K(51712K)] 448085K->397909K(579584K), 0.0019424 secs] [Times: user=0.01 sys=0.00, real=0.00 secs] 
1889.983: [GC (Allocation Failure) [PSYoungGen: 51520K->1408K(51712K)] 448085K->397981K(579584K), 0.0031116 secs] [Times: user=0.02 sys=0.01, real=0.01 secs] 
1890.191: [GC (Allocation Failure) [PSYoungGen: 51584K->1376K(51712K)] 448157K->397949K(579584K), 0.0020834 secs] [Times: user=0.00 sys=0.00, real=0.00 secs] 
1891.124: [GC (Allocation Failure) [PSYoungGen: 51552K->1408K(51712K)] 448125K->397981K(579584K), 0.0018030 secs] [Times: user=0.00 sys=0.00, real=0.00 secs] 
1891.333: [GC (Allocation Failure) [PSYoungGen: 51584K->1376K(51712K)] 448157K->397949K(579584K), 0.0018528 secs] [Times: user=0.01 sys=0.00, real=0.01 secs] 
1891.557: [GC (Allocation Failure) [PSYoungGen: 51552K->1376K(51712K)] 448125K->397973K(579584K), 0.0018083 secs] [Times: user=0.01 sys=0.00, real=0.00 secs] 
1891.787: [GC (Allocation Failure) [PSYoungGen: 51552K->1408K(51712K)] 448149K->398005K(579584K), 0.0019675 secs] [Times: user=0.01 sys=0.00, real=0.00 secs] 
1892.042: [GC (Allocation Failure) [PSYoungGen: 51584K->1344K(51712K)] 448181K->397941K(579584K), 0.0020867 secs] [Times: user=0.01 sys=0.00, real=0.01 secs] 
1893.007: [GC (Allocation Failure) [PSYoungGen: 51520K->1520K(51712K)] 448117K->398211K(579584K), 0.0018630 secs] [Times: user=0.01 sys=0.00, real=0.00 secs] 
1893.488: [GC (Allocation Failure) [PSYoungGen: 51696K->1280K(51712K)] 448387K->397971K(579584K), 0.0020275 secs] [Times: user=0.01 sys=0.00, real=0.00 secs] 
1893.889: [GC (Allocation Failure) [PSYoungGen: 51456K->1312K(52224K)] 448147K->398003K(580096K), 0.0022008 secs] [Times: user=0.01 sys=0.00, real=0.00 secs] 
1894.098: [GC (Allocation Failure) [PSYoungGen: 51488K->1312K(51712K)] 448179K->398003K(579584K), 0.0026696 secs] [Times: user=0.01 sys=0.00, real=0.00 secs] 
1894.308: [GC (Allocation Failure) [PSYoungGen: 51488K->1312K(51712K)] 448179K->398003K(579584K), 0.0021424 secs] [Times: user=0.01 sys=0.00, real=0.00 secs] 
1894.517: [GC (Allocation Failure) [PSYoungGen: 51488K->1296K(51712K)] 448179K->397987K(579584K), 0.0020988 secs] [Times: user=0.00 sys=0.00, real=0.00 secs] 
1895.801: [GC (Allocation Failure) [PSYoungGen: 51472K->1504K(51200K)] 448163K->398203K(579072K), 0.0023277 secs] [Times: user=0.01 sys=0.00, real=0.00 secs] 
1896.069: [GC (Allocation Failure) [PSYoungGen: 51168K->1504K(51712K)] 447867K->398203K(579584K), 0.0020763 secs] [Times: user=0.01 sys=0.00, real=0.00 secs] 
1896.275: [GC (Allocation Failure) [PSYoungGen: 51168K->1488K(51712K)] 447867K->398187K(579584K), 0.0021593 secs] [Times: user=0.01 sys=0.00, real=0.00 secs] 
1896.482: [GC (Allocation Failure) [PSYoungGen: 51152K->1504K(51712K)] 447851K->398203K(579584K), 0.0018816 secs] [Times: user=0.00 sys=0.00, real=0.01 secs] 
1896.864: [GC (Allocation Failure) [PSYoungGen: 51168K->1520K(51712K)] 447867K->398219K(579584K), 0.0020135 secs] [Times: user=0.01 sys=0.00, real=0.00 secs] 
1897.286: [GC (Allocation Failure) [PSYoungGen: 51184K->1504K(51712K)] 447883K->398203K(579584K), 0.0020028 secs] [Times: user=0.01 sys=0.00, real=0.00 secs] 
1898.437: [GC (Allocation Failure) [PSYoungGen: 51168K->1536K(51712K)] 447867K->398235K(579584K), 0.0019307 secs] [Times: user=0.00 sys=0.00, real=0.00 secs] 
1898.667: [GC (Allocation Failure) [PSYoungGen: 51200K->1536K(51712K)] 447899K->398235K(579584K), 0.0018734 secs] [Times: user=0.01 sys=0.00, real=0.00 secs] 
1898.983: [GC (Allocation Failure) [PSYoungGen: 51200K->1520K(51712K)] 447899K->398219K(579584K), 0.0020497 secs] [Times: user=0.01 sys=0.00, real=0.01 secs] 
1899.197: [GC (Allocation Failure) [PSYoungGen: 51184K->1408K(51712K)] 447883K->398241K(579584K), 0.0020262 secs] [Times: user=0.01 sys=0.00, real=0.00 secs] 
1899.421: [GC (Allocation Failure) [PSYoungGen: 51072K->1424K(51712K)] 447905K->398257K(579584K), 0.0020243 secs] [Times: user=0.01 sys=0.00, real=0.00 secs] 
1900.502: [GC (Allocation Failure) [PSYoungGen: 51088K->1968K(51712K)] 447921K->398801K(579584K), 0.0016363 secs] [Times: user=0.01 sys=0.00, real=0.01 secs] 
1900.967: [GC (Allocation Failure) [PSYoungGen: 51632K->1424K(51712K)] 448465K->398257K(579584K), 0.0017550 secs] [Times: user=0.01 sys=0.00, real=0.00 secs] 
1901.558: [GC (Allocation Failure) [PSYoungGen: 51088K->1408K(51712K)] 447921K->398241K(579584K), 0.0021328 secs] [Times: user=0.01 sys=0.00, real=0.00 secs] 
1901.764: [GC (Allocation Failure) [PSYoungGen: 51072K->1376K(51712K)] 447905K->398209K(579584K), 0.0020795 secs] [Times: user=0.01 sys=0.00, real=0.00 secs] 
1901.971: [GC (Allocation Failure) [PSYoungGen: 51040K->1344K(51712K)] 447873K->398193K(579584K), 0.0020824 secs] [Times: user=0.01 sys=0.00, real=0.00 secs] 
1902.279: [GC (Allocation Failure) [PSYoungGen: 51008K->1408K(51712K)] 447857K->398257K(579584K), 0.0021032 secs] [Times: user=0.01 sys=0.00, real=0.00 secs] 
1903.449: [GC (Allocation Failure) [PSYoungGen: 51072K->1408K(51712K)] 447921K->398257K(579584K), 0.0016804 secs] [Times: user=0.01 sys=0.00, real=0.00 secs] 
1903.730: [GC (Allocation Failure) [PSYoungGen: 51072K->1424K(51712K)] 447921K->398273K(579584K), 0.0019341 secs] [Times: user=0.00 sys=0.00, real=0.00 secs] 
1903.937: [GC (Allocation Failure) [PSYoungGen: 51088K->1408K(51712K)] 447937K->398257K(579584K), 0.0018088 secs] [Times: user=0.01 sys=0.00, real=0.00 secs] 
1904.150: [GC (Allocation Failure) [PSYoungGen: 51072K->1408K(51712K)] 447921K->398257K(579584K), 0.0030814 secs] [Times: user=0.01 sys=0.00, real=0.00 secs] 
1904.353: [GC (Allocation Failure) [PSYoungGen: 51072K->1376K(51712K)] 447921K->398225K(579584K), 0.0023886 secs] [Times: user=0.01 sys=0.00, real=0.01 secs] 
1904.559: [GC (Allocation Failure) [PSYoungGen: 51040K->1408K(51712K)] 447889K->398265K(579584K), 0.0025087 secs] [Times: user=0.01 sys=0.00, real=0.00 secs] 
1906.089: [GC (Allocation Failure) [PSYoungGen: 51072K->1408K(51712K)] 447929K->398265K(579584K), 0.0021637 secs] [Times: user=0.01 sys=0.00, real=0.00 secs] 
1906.820: [GC (Allocation Failure) [PSYoungGen: 51072K->1424K(51712K)] 447929K->398281K(579584K), 0.0028234 secs] [Times: user=0.01 sys=0.00, real=0.00 secs] 
1907.284: [GC (Allocation Failure) [PSYoungGen: 51088K->1408K(51712K)] 447945K->398265K(579584K), 0.0025481 secs] [Times: user=0.01 sys=0.00, real=0.01 secs] 
1907.739: [GC (Allocation Failure) [PSYoungGen: 51072K->1376K(51712K)] 447929K->398233K(579584K), 0.0025190 secs] [Times: user=0.01 sys=0.00, real=0.00 secs] 
1908.169: [GC (Allocation Failure) [PSYoungGen: 51040K->1408K(51712K)] 447897K->398265K(579584K), 0.0027736 secs] [Times: user=0.01 sys=0.00, real=0.00 secs] 
1909.613: [GC (Allocation Failure) [PSYoungGen: 51072K->1552K(51712K)] 447929K->398409K(579584K), 0.0043975 secs] [Times: user=0.01 sys=0.00, real=0.01 secs] 
1910.346: [GC (Allocation Failure) [PSYoungGen: 51216K->1440K(51712K)] 448073K->398297K(579584K), 0.0022817 secs] [Times: user=0.01 sys=0.00, real=0.00 secs] 
1910.558: [GC (Allocation Failure) [PSYoungGen: 51104K->1440K(51712K)] 447961K->398297K(579584K), 0.0028333 secs] [Times: user=0.02 sys=0.00, real=0.00 secs] 
1910.764: [GC (Allocation Failure) [PSYoungGen: 51104K->1408K(51712K)] 447961K->398265K(579584K), 0.0020940 secs] [Times: user=0.01 sys=0.00, real=0.00 secs] 
1911.108: [GC (Allocation Failure) [PSYoungGen: 51072K->1376K(51712K)] 447929K->398233K(579584K), 0.0017868 secs] [Times: user=0.01 sys=0.00, real=0.00 secs] 
1911.597: [GC (Allocation Failure) [PSYoungGen: 51040K->1440K(51712K)] 447897K->398297K(579584K), 0.0022072 secs] [Times: user=0.01 sys=0.00, real=0.00 secs] 
1912.923: [GC (Allocation Failure) [PSYoungGen: 51104K->1456K(51712K)] 447961K->398313K(579584K), 0.0018908 secs] [Times: user=0.01 sys=0.00, real=0.01 secs] 
1913.891: [GC (Allocation Failure) [PSYoungGen: 51120K->1424K(51712K)] 447977K->398281K(579584K), 0.0034775 secs] [Times: user=0.02 sys=0.00, real=0.01 secs] 
1914.554: [GC (Allocation Failure) [PSYoungGen: 51088K->1440K(51200K)] 447945K->398297K(579072K), 0.0034123 secs] [Times: user=0.01 sys=0.00, real=0.00 secs] 
1914.937: [GC (Allocation Failure) [PSYoungGen: 51104K->1408K(51200K)] 447961K->398281K(579072K), 0.0032838 secs] [Times: user=0.01 sys=0.00, real=0.00 secs] 
1915.317: [GC (Allocation Failure) [PSYoungGen: 51072K->384K(50688K)] 447945K->398289K(578560K), 0.0027637 secs] [Times: user=0.01 sys=0.00, real=0.00 secs] 
1915.723: [GC (Allocation Failure) [PSYoungGen: 50048K->336K(51712K)] 447953K->398241K(579584K), 0.0024830 secs] [Times: user=0.01 sys=0.00, real=0.01 secs] 
1916.949: [GC (Allocation Failure) [PSYoungGen: 50000K->1440K(51712K)] 447905K->399345K(579584K), 0.0018142 secs] [Times: user=0.01 sys=0.00, real=0.00 secs] 
1917.329: [GC (Allocation Failure) [PSYoungGen: 51104K->1376K(51712K)] 449009K->399281K(579584K), 0.0018089 secs] [Times: user=0.01 sys=0.00, real=0.00 secs] 
1917.567: [GC (Allocation Failure) [PSYoungGen: 51040K->1376K(51712K)] 448945K->399281K(579584K), 0.0020656 secs] [Times: user=0.01 sys=0.00, real=0.00 secs] 
1917.814: [GC (Allocation Failure) [PSYoungGen: 51040K->1408K(51712K)] 448945K->399321K(579584K), 0.0019209 secs] [Times: user=0.01 sys=0.00, real=0.00 secs] 
1918.023: [GC (Allocation Failure) [PSYoungGen: 51072K->1440K(51712K)] 448985K->399353K(579584K), 0.0019966 secs] [Times: user=0.01 sys=0.00, real=0.01 secs] 
1918.298: [GC (Allocation Failure) [PSYoungGen: 50105K->240K(51712K)] 448018K->398153K(579584K), 0.0018318 secs] [Times: user=0.00 sys=0.00, real=0.00 secs] 
1920.001: [GC (Allocation Failure) [PSYoungGen: 49904K->1392K(51712K)] 447817K->399305K(579584K), 0.0029707 secs] [Times: user=0.01 sys=0.00, real=0.01 secs] 
1921.409: [GC (Allocation Failure) [PSYoungGen: 51056K->1392K(51712K)] 448969K->399305K(579584K), 0.0036833 secs] [Times: user=0.02 sys=0.00, real=0.00 secs] 
1922.526: [GC (Allocation Failure) [PSYoungGen: 51056K->1440K(51712K)] 448969K->399353K(579584K), 0.0039283 secs] [Times: user=0.01 sys=0.00, real=0.00 secs] 
1922.881: [GC (Allocation Failure) [PSYoungGen: 51104K->1408K(51712K)] 449017K->399321K(579584K), 0.0021595 secs] [Times: user=0.01 sys=0.00, real=0.00 secs] 
1923.088: [GC (Allocation Failure) [PSYoungGen: 51072K->1392K(51712K)] 448985K->399305K(579584K), 0.0020783 secs] [Times: user=0.01 sys=0.00, real=0.00 secs] 
1924.087: [GC (Allocation Failure) [PSYoungGen: 51056K->1440K(51712K)] 448969K->399369K(579584K), 0.0018772 secs] [Times: user=0.01 sys=0.00, real=0.00 secs] 
1924.631: [GC (Allocation Failure) [PSYoungGen: 51104K->1376K(51712K)] 449033K->399305K(579584K), 0.0017584 secs] [Times: user=0.01 sys=0.00, real=0.00 secs] 
1925.192: [GC (Allocation Failure) [PSYoungGen: 51040K->1376K(51712K)] 448969K->399305K(579584K), 0.0018350 secs] [Times: user=0.01 sys=0.00, real=0.01 secs] 
1925.842: [GC (Allocation Failure) [PSYoungGen: 51040K->1408K(51712K)] 448969K->399337K(579584K), 0.0018766 secs] [Times: user=0.01 sys=0.00, real=0.01 secs] 
1926.471: [GC (Allocation Failure) [PSYoungGen: 51072K->1344K(51712K)] 449001K->399273K(579584K), 0.0038669 secs] [Times: user=0.02 sys=0.00, real=0.01 secs] 
1926.778: [GC (Allocation Failure) [PSYoungGen: 51008K->1408K(51712K)] 448937K->399337K(579584K), 0.0024027 secs] [Times: user=0.01 sys=0.01, real=0.00 secs] 
1927.790: [GC (Allocation Failure) [PSYoungGen: 51072K->1408K(51712K)] 449001K->399337K(579584K), 0.0023204 secs] [Times: user=0.00 sys=0.00, real=0.00 secs] 
1928.004: [GC (Allocation Failure) [PSYoungGen: 51072K->1424K(51712K)] 449001K->399353K(579584K), 0.0021046 secs] [Times: user=0.01 sys=0.00, real=0.00 secs] 
1928.222: [GC (Allocation Failure) [PSYoungGen: 51088K->1376K(51712K)] 449017K->399305K(579584K), 0.0021653 secs] [Times: user=0.01 sys=0.00, real=0.01 secs] 
1928.428: [GC (Allocation Failure) [PSYoungGen: 51040K->1408K(51712K)] 448969K->399337K(579584K), 0.0018574 secs] [Times: user=0.01 sys=0.00, real=0.00 secs] 
1928.651: [GC (Allocation Failure) [PSYoungGen: 51072K->1360K(51712K)] 449001K->399297K(579584K), 0.0017309 secs] [Times: user=0.01 sys=0.00, real=0.00 secs] 
1928.857: [GC (Allocation Failure) [PSYoungGen: 51024K->1376K(51712K)] 448961K->399313K(579584K), 0.0018990 secs] [Times: user=0.01 sys=0.00, real=0.00 secs] 
1930.423: [GC (Allocation Failure) [PSYoungGen: 51040K->1440K(51712K)] 448977K->399377K(579584K), 0.0042743 secs] [Times: user=0.02 sys=0.00, real=0.01 secs] 
1931.092: [GC (Allocation Failure) [PSYoungGen: 51104K->1376K(51712K)] 449041K->399313K(579584K), 0.0033820 secs] [Times: user=0.01 sys=0.00, real=0.01 secs] 
1931.573: [GC (Allocation Failure) [PSYoungGen: 51040K->1376K(51712K)] 448977K->399313K(579584K), 0.0025853 secs] [Times: user=0.01 sys=0.00, real=0.01 secs] 
1932.168: [GC (Allocation Failure) [PSYoungGen: 51040K->1408K(51712K)] 448977K->399345K(579584K), 0.0028189 secs] [Times: user=0.01 sys=0.00, real=0.00 secs] 
1932.572: [GC (Allocation Failure) [PSYoungGen: 51072K->1408K(51712K)] 449009K->399361K(579584K), 0.0033762 secs] [Times: user=0.01 sys=0.00, real=0.01 secs] 
1933.813: [GC (Allocation Failure) [PSYoungGen: 51072K->1904K(51712K)] 449025K->399857K(579584K), 0.0019667 secs] [Times: user=0.01 sys=0.00, real=0.01 secs] 
1934.551: [GC (Allocation Failure) [PSYoungGen: 51568K->1440K(51712K)] 449521K->399401K(579584K), 0.0042149 secs] [Times: user=0.02 sys=0.00, real=0.01 secs] 
1935.068: [GC (Allocation Failure) [PSYoungGen: 51104K->1440K(51712K)] 449065K->399401K(579584K), 0.0031839 secs] [Times: user=0.01 sys=0.00, real=0.00 secs] 
1935.594: [GC (Allocation Failure) [PSYoungGen: 51104K->1424K(51712K)] 449065K->399385K(579584K), 0.0036119 secs] [Times: user=0.02 sys=0.00, real=0.00 secs] 
1936.087: [GC (Allocation Failure) [PSYoungGen: 51088K->1424K(51712K)] 449049K->399393K(579584K), 0.0036217 secs] [Times: user=0.02 sys=0.00, real=0.00 secs] 
1936.472: [GC (Allocation Failure) [PSYoungGen: 51088K->1360K(51712K)] 449057K->399329K(579584K), 0.0028491 secs] [Times: user=0.02 sys=0.00, real=0.01 secs] 
1937.616: [GC (Allocation Failure) [PSYoungGen: 51024K->1440K(51712K)] 448993K->399417K(579584K), 0.0018473 secs] [Times: user=0.01 sys=0.00, real=0.00 secs] 
1937.831: [GC (Allocation Failure) [PSYoungGen: 51104K->1408K(51712K)] 449081K->399385K(579584K), 0.0019664 secs] [Times: user=0.00 sys=0.00, real=0.00 secs] 
1938.048: [GC (Allocation Failure) [PSYoungGen: 51072K->1376K(51712K)] 449049K->399361K(579584K), 0.0019124 secs] [Times: user=0.01 sys=0.00, real=0.00 secs] 
1938.259: [GC (Allocation Failure) [PSYoungGen: 51040K->1376K(51712K)] 449025K->399361K(579584K), 0.0018360 secs] [Times: user=0.01 sys=0.00, real=0.00 secs] 
1938.472: [GC (Allocation Failure) [PSYoungGen: 51040K->1440K(51712K)] 449025K->399433K(579584K), 0.0021147 secs] [Times: user=0.01 sys=0.00, real=0.01 secs] 
1938.683: [GC (Allocation Failure) [PSYoungGen: 51104K->1408K(51712K)] 449097K->399401K(579584K), 0.0021623 secs] [Times: user=0.01 sys=0.00, real=0.01 secs] 
1939.635: [GC (Allocation Failure) [PSYoungGen: 51072K->1392K(51712K)] 449065K->399385K(579584K), 0.0018965 secs] [Times: user=0.01 sys=0.00, real=0.00 secs] 
1939.845: [GC (Allocation Failure) [PSYoungGen: 51056K->1376K(51712K)] 449049K->399369K(579584K), 0.0019802 secs] [Times: user=0.01 sys=0.00, real=0.00 secs] 
1940.051: [GC (Allocation Failure) [PSYoungGen: 51040K->1392K(51200K)] 449033K->399385K(579072K), 0.0019097 secs] [Times: user=0.01 sys=0.00, real=0.00 secs] 
1940.334: [GC (Allocation Failure) [PSYoungGen: 51056K->1408K(51200K)] 449049K->399401K(579072K), 0.0019161 secs] [Times: user=0.01 sys=0.00, real=0.00 secs] 
1940.664: [GC (Allocation Failure) [PSYoungGen: 51072K->400K(50688K)] 449065K->399441K(578560K), 0.0018772 secs] [Times: user=0.01 sys=0.00, real=0.00 secs] 
1941.720: [GC (Allocation Failure) [PSYoungGen: 50064K->1696K(51712K)] 449105K->400737K(579584K), 0.0017658 secs] [Times: user=0.01 sys=0.00, real=0.00 secs] 
1942.230: [GC (Allocation Failure) [PSYoungGen: 51360K->1408K(51712K)] 450401K->400449K(579584K), 0.0025995 secs] [Times: user=0.01 sys=0.00, real=0.00 secs] 
1942.564: [GC (Allocation Failure) [PSYoungGen: 51072K->1392K(51712K)] 450113K->400433K(579584K), 0.0023409 secs] [Times: user=0.01 sys=0.00, real=0.00 secs] 
1942.797: [GC (Allocation Failure) [PSYoungGen: 51056K->1376K(51712K)] 450097K->400417K(579584K), 0.0028557 secs] [Times: user=0.01 sys=0.00, real=0.00 secs] 
1943.007: [GC (Allocation Failure) [PSYoungGen: 51040K->1376K(51712K)] 450081K->400425K(579584K), 0.0031424 secs] [Times: user=0.01 sys=0.00, real=0.00 secs] 
1943.281: [GC (Allocation Failure) [PSYoungGen: 51040K->1408K(51712K)] 450089K->400457K(579584K), 0.0020066 secs] [Times: user=0.01 sys=0.00, real=0.00 secs] 
1944.515: [GC (Allocation Failure) [PSYoungGen: 51072K->1408K(51712K)] 450121K->400457K(579584K), 0.0019072 secs] [Times: user=0.01 sys=0.00, real=0.00 secs] 
1945.128: [GC (Allocation Failure) [PSYoungGen: 51072K->1376K(51712K)] 450121K->400425K(579584K), 0.0021914 secs] [Times: user=0.01 sys=0.00, real=0.00 secs] 
1945.644: [GC (Allocation Failure) [PSYoungGen: 51040K->1408K(51712K)] 450089K->400457K(579584K), 0.0025522 secs] [Times: user=0.01 sys=0.00, real=0.01 secs] 
1946.096: [GC (Allocation Failure) [PSYoungGen: 51072K->1376K(51712K)] 450121K->400425K(579584K), 0.0025603 secs] [Times: user=0.01 sys=0.00, real=0.00 secs] 
1946.703: [GC (Allocation Failure) [PSYoungGen: 51040K->1408K(51712K)] 450089K->400457K(579584K), 0.0023300 secs] [Times: user=0.01 sys=0.00, real=0.01 secs] 
1947.391: [GC (Allocation Failure) [PSYoungGen: 51072K->1408K(51712K)] 450121K->400457K(579584K), 0.0027518 secs] [Times: user=0.01 sys=0.00, real=0.00 secs] 
1948.520: [GC (Allocation Failure) [PSYoungGen: 51072K->1440K(51712K)] 450121K->400489K(579584K), 0.0017694 secs] [Times: user=0.01 sys=0.00, real=0.00 secs] 
1948.844: [GC (Allocation Failure) [PSYoungGen: 51104K->1424K(51712K)] 450153K->400473K(579584K), 0.0017658 secs] [Times: user=0.01 sys=0.00, real=0.00 secs] 
1949.203: [GC (Allocation Failure) [PSYoungGen: 51088K->1392K(51712K)] 450137K->400441K(579584K), 0.0017456 secs] [Times: user=0.01 sys=0.00, real=0.01 secs] 
1949.579: [GC (Allocation Failure) [PSYoungGen: 51056K->1376K(51712K)] 450105K->400433K(579584K), 0.0019945 secs] [Times: user=0.01 sys=0.00, real=0.00 secs] 
1950.052: [GC (Allocation Failure) [PSYoungGen: 51040K->1376K(51200K)] 450097K->400433K(579072K), 0.0021405 secs] [Times: user=0.01 sys=0.00, real=0.01 secs] 
1951.156: [GC (Allocation Failure) [PSYoungGen: 50109K->192K(50688K)] 449166K->399249K(578560K), 0.0015222 secs] [Times: user=0.00 sys=0.01, real=0.00 secs] 
1951.432: [GC (Allocation Failure) [PSYoungGen: 49344K->1344K(51200K)] 448401K->400401K(579072K), 0.0017394 secs] [Times: user=0.01 sys=0.00, real=0.01 secs] 
1951.674: [GC (Allocation Failure) [PSYoungGen: 50496K->1408K(51200K)] 449553K->400465K(579072K), 0.0017147 secs] [Times: user=0.00 sys=0.00, real=0.00 secs] 
1951.878: [GC (Allocation Failure) [PSYoungGen: 50560K->1408K(51200K)] 449617K->400465K(579072K), 0.0017796 secs] [Times: user=0.01 sys=0.00, real=0.00 secs] 
1952.111: [GC (Allocation Failure) [PSYoungGen: 50560K->1392K(51200K)] 449617K->400449K(579072K), 0.0019171 secs] [Times: user=0.01 sys=0.00, real=0.00 secs] 
1952.315: [GC (Allocation Failure) [PSYoungGen: 50544K->1376K(51200K)] 449601K->400441K(579072K), 0.0018064 secs] [Times: user=0.00 sys=0.00, real=0.00 secs] 
1953.320: [GC (Allocation Failure) [PSYoungGen: 50528K->1376K(51200K)] 449593K->400441K(579072K), 0.0020501 secs] [Times: user=0.01 sys=0.00, real=0.00 secs] 
1953.611: [GC (Allocation Failure) [PSYoungGen: 50528K->1344K(51200K)] 449593K->400409K(579072K), 0.0018193 secs] [Times: user=0.01 sys=0.00, real=0.00 secs] 
1953.882: [GC (Allocation Failure) [PSYoungGen: 50496K->1376K(51200K)] 449561K->400441K(579072K), 0.0018937 secs] [Times: user=0.00 sys=0.00, real=0.01 secs] 
1954.086: [GC (Allocation Failure) [PSYoungGen: 50528K->1408K(51200K)] 449593K->400473K(579072K), 0.0020477 secs] [Times: user=0.01 sys=0.00, real=0.00 secs] 
1954.290: [GC (Allocation Failure) [PSYoungGen: 50560K->1440K(51200K)] 449625K->400505K(579072K), 0.0020163 secs] [Times: user=0.01 sys=0.00, real=0.00 secs] 
1954.560: [GC (Allocation Failure) [PSYoungGen: 50592K->1424K(51200K)] 449657K->400489K(579072K), 0.0020887 secs] [Times: user=0.00 sys=0.00, real=0.00 secs] 
1955.739: [GC (Allocation Failure) [PSYoungGen: 50576K->1408K(51200K)] 449641K->400473K(579072K), 0.0018754 secs] [Times: user=0.01 sys=0.00, real=0.00 secs] 
1956.417: [GC (Allocation Failure) [PSYoungGen: 50560K->1408K(51200K)] 449625K->400473K(579072K), 0.0023734 secs] [Times: user=0.01 sys=0.01, real=0.00 secs] 
1956.908: [GC (Allocation Failure) [PSYoungGen: 50560K->1376K(51200K)] 449625K->400441K(579072K), 0.0021942 secs] [Times: user=0.01 sys=0.00, real=0.00 secs] 
1957.469: [GC (Allocation Failure) [PSYoungGen: 50528K->1376K(51200K)] 449593K->400441K(579072K), 0.0025507 secs] [Times: user=0.01 sys=0.00, real=0.00 secs] 
1958.074: [GC (Allocation Failure) [PSYoungGen: 50528K->1376K(51200K)] 449593K->400441K(579072K), 0.0042061 secs] [Times: user=0.02 sys=0.00, real=0.00 secs] 
1958.776: [GC (Allocation Failure) [PSYoungGen: 50528K->1376K(51200K)] 449593K->400441K(579072K), 0.0031914 secs] [Times: user=0.02 sys=0.00, real=0.00 secs] 
1959.808: [GC (Allocation Failure) [PSYoungGen: 50528K->1408K(51200K)] 449593K->400473K(579072K), 0.0015922 secs] [Times: user=0.01 sys=0.00, real=0.00 secs] 
1960.013: [GC (Allocation Failure) [PSYoungGen: 50560K->1392K(50688K)] 449625K->400457K(578560K), 0.0019184 secs] [Times: user=0.00 sys=0.00, real=0.01 secs] 
1960.217: [GC (Allocation Failure) [PSYoungGen: 50544K->1376K(50688K)] 449609K->400441K(578560K), 0.0018008 secs] [Times: user=0.01 sys=0.00, real=0.00 secs] 
1960.421: [GC (Allocation Failure) [PSYoungGen: 50528K->1440K(50688K)] 449593K->400513K(578560K), 0.0016140 secs] [Times: user=0.01 sys=0.00, real=0.00 secs] 
1960.658: [GC (Allocation Failure) [PSYoungGen: 50592K->1408K(50688K)] 449665K->400481K(578560K), 0.0029091 secs] [Times: user=0.02 sys=0.00, real=0.00 secs] 
1961.517: [GC (Allocation Failure) [PSYoungGen: 50560K->1440K(50688K)] 449633K->400513K(578560K), 0.0016146 secs] [Times: user=0.01 sys=0.00, real=0.00 secs] 
1961.744: [GC (Allocation Failure) [PSYoungGen: 50592K->1408K(50688K)] 449665K->400481K(578560K), 0.0019920 secs] [Times: user=0.01 sys=0.00, real=0.00 secs] 
1962.074: [GC (Allocation Failure) [PSYoungGen: 50560K->1408K(50688K)] 449633K->400481K(578560K), 0.0018158 secs] [Times: user=0.01 sys=0.00, real=0.00 secs] 
1962.446: [GC (Allocation Failure) [PSYoungGen: 50560K->1376K(50688K)] 449633K->400465K(578560K), 0.0016239 secs] [Times: user=0.01 sys=0.00, real=0.00 secs] 
1962.928: [GC (Allocation Failure) [PSYoungGen: 50528K->1408K(50688K)] 449617K->400497K(578560K), 0.0025754 secs] [Times: user=0.01 sys=0.00, real=0.00 secs] 
1963.435: [GC (Allocation Failure) [PSYoungGen: 50560K->1376K(50688K)] 449649K->400465K(578560K), 0.0021811 secs] [Times: user=0.01 sys=0.00, real=0.00 secs] 
1964.841: [GC (Allocation Failure) [PSYoungGen: 50528K->1440K(50688K)] 449617K->400529K(578560K), 0.0020620 secs] [Times: user=0.01 sys=0.00, real=0.00 secs] 
1965.052: [GC (Allocation Failure) [PSYoungGen: 50592K->1408K(50688K)] 449681K->400497K(578560K), 0.0021338 secs] [Times: user=0.00 sys=0.01, real=0.01 secs] 
1965.257: [GC (Allocation Failure) [PSYoungGen: 50560K->1440K(50688K)] 449649K->400529K(578560K), 0.0021230 secs] [Times: user=0.01 sys=0.00, real=0.00 secs] 
1965.462: [GC (Allocation Failure) [PSYoungGen: 50592K->1408K(50688K)] 449681K->400497K(578560K), 0.0021682 secs] [Times: user=0.01 sys=0.00, real=0.01 secs] 
1965.757: [GC (Allocation Failure) [PSYoungGen: 50560K->1376K(50688K)] 449649K->400473K(578560K), 0.0021333 secs] [Times: user=0.01 sys=0.00, real=0.00 secs] 
1966.028: [GC (Allocation Failure) [PSYoungGen: 50528K->1376K(50688K)] 449625K->400473K(578560K), 0.0021413 secs] [Times: user=0.01 sys=0.00, real=0.00 secs] 
1967.182: [GC (Allocation Failure) [PSYoungGen: 50528K->1408K(50688K)] 449625K->400505K(578560K), 0.0018413 secs] [Times: user=0.01 sys=0.00, real=0.00 secs] 
1967.780: [GC (Allocation Failure) [PSYoungGen: 50560K->1344K(50688K)] 449657K->400441K(578560K), 0.0062419 secs] [Times: user=0.01 sys=0.00, real=0.01 secs] 
1968.281: [GC (Allocation Failure) [PSYoungGen: 50496K->1376K(50688K)] 449593K->400473K(578560K), 0.0040175 secs] [Times: user=0.02 sys=0.00, real=0.01 secs] 
1968.749: [GC (Allocation Failure) [PSYoungGen: 50528K->1408K(50688K)] 449625K->400505K(578560K), 0.0039709 secs] [Times: user=0.02 sys=0.00, real=0.00 secs] 
1969.197: [GC (Allocation Failure) [PSYoungGen: 50560K->1408K(50688K)] 449657K->400505K(578560K), 0.0029967 secs] [Times: user=0.01 sys=0.00, real=0.00 secs] 
1969.559: [GC (Allocation Failure) [PSYoungGen: 50560K->1376K(50688K)] 449657K->400473K(578560K), 0.0020201 secs] [Times: user=0.01 sys=0.00, real=0.00 secs] 
1970.706: [GC (Allocation Failure) [PSYoungGen: 50528K->1440K(50688K)] 449625K->400537K(578560K), 0.0035260 secs] [Times: user=0.02 sys=0.00, real=0.00 secs] 
1971.066: [GC (Allocation Failure) [PSYoungGen: 50592K->1344K(50688K)] 449689K->400441K(578560K), 0.0030692 secs] [Times: user=0.02 sys=0.00, real=0.00 secs] 
1971.425: [GC (Allocation Failure) [PSYoungGen: 50496K->1376K(50688K)] 449593K->400473K(578560K), 0.0029326 secs] [Times: user=0.01 sys=0.00, real=0.00 secs] 
1971.789: [GC (Allocation Failure) [PSYoungGen: 50528K->1408K(50688K)] 449625K->400521K(578560K), 0.0031393 secs] [Times: user=0.01 sys=0.00, real=0.00 secs] 
1972.137: [GC (Allocation Failure) [PSYoungGen: 50560K->1376K(50688K)] 449673K->400489K(578560K), 0.0026505 secs] [Times: user=0.01 sys=0.01, real=0.00 secs] 
1973.007: [GC (Allocation Failure) [PSYoungGen: 50528K->1440K(50688K)] 449641K->400553K(578560K), 0.0019258 secs] [Times: user=0.01 sys=0.00, real=0.00 secs] 
1973.533: [GC (Allocation Failure) [PSYoungGen: 50592K->1424K(50688K)] 449705K->400537K(578560K), 0.0019292 secs] [Times: user=0.00 sys=0.00, real=0.01 secs] 
1973.957: [GC (Allocation Failure) [PSYoungGen: 50576K->1440K(50688K)] 449689K->400553K(578560K), 0.0037518 secs] [Times: user=0.02 sys=0.00, real=0.00 secs] 
1974.367: [GC (Allocation Failure) [PSYoungGen: 50592K->1408K(50688K)] 449705K->400521K(578560K), 0.0031719 secs] [Times: user=0.02 sys=0.00, real=0.00 secs] 
1974.774: [GC (Allocation Failure) [PSYoungGen: 50560K->1408K(50688K)] 449673K->400521K(578560K), 0.0031096 secs] [Times: user=0.02 sys=0.00, real=0.00 secs] 
1975.182: [GC (Allocation Failure) [PSYoungGen: 50560K->1408K(50688K)] 449673K->400521K(578560K), 0.0033028 secs] [Times: user=0.02 sys=0.00, real=0.01 secs] 
1976.201: [GC (Allocation Failure) [PSYoungGen: 50560K->1424K(50688K)] 449673K->400537K(578560K), 0.0016244 secs] [Times: user=0.01 sys=0.00, real=0.00 secs] 
1976.538: [GC (Allocation Failure) [PSYoungGen: 50576K->1408K(50688K)] 449689K->400521K(578560K), 0.0018823 secs] [Times: user=0.01 sys=0.00, real=0.00 secs] 
1976.923: [GC (Allocation Failure) [PSYoungGen: 50560K->1392K(50688K)] 449673K->400505K(578560K), 0.0038345 secs] [Times: user=0.02 sys=0.00, real=0.01 secs] 
1977.534: [GC (Allocation Failure) [PSYoungGen: 50544K->1344K(50688K)] 449657K->400457K(578560K), 0.0041537 secs] [Times: user=0.02 sys=0.00, real=0.00 secs] 
1978.122: [GC (Allocation Failure) [PSYoungGen: 50496K->1440K(50688K)] 449609K->400553K(578560K), 0.0037740 secs] [Times: user=0.01 sys=0.00, real=0.01 secs] 
1978.722: [GC (Allocation Failure) [PSYoungGen: 50592K->1392K(50688K)] 449705K->400505K(578560K), 0.0044961 secs] [Times: user=0.02 sys=0.00, real=0.01 secs] 
1979.929: [GC (Allocation Failure) [PSYoungGen: 50544K->1440K(50688K)] 449657K->400553K(578560K), 0.0017139 secs] [Times: user=0.01 sys=0.00, real=0.00 secs] 
1980.133: [GC (Allocation Failure) [PSYoungGen: 50592K->1424K(50688K)] 449705K->400537K(578560K), 0.0019840 secs] [Times: user=0.01 sys=0.00, real=0.01 secs] 
1980.360: [GC (Allocation Failure) [PSYoungGen: 50576K->1408K(50688K)] 449689K->400521K(578560K), 0.0018747 secs] [Times: user=0.01 sys=0.00, real=0.00 secs] 
1980.749: [GC (Allocation Failure) [PSYoungGen: 50560K->1376K(50688K)] 449673K->400489K(578560K), 0.0024653 secs] [Times: user=0.01 sys=0.00, real=0.00 secs] 
1981.145: [GC (Allocation Failure) [PSYoungGen: 50528K->1408K(50688K)] 449641K->400521K(578560K), 0.0025666 secs] [Times: user=0.01 sys=0.00, real=0.00 secs] 
1981.565: [GC (Allocation Failure) [PSYoungGen: 50560K->1376K(50688K)] 449673K->400489K(578560K), 0.0028263 secs] [Times: user=0.01 sys=0.00, real=0.00 secs] 
1982.690: [GC (Allocation Failure) [PSYoungGen: 50528K->1440K(50688K)] 449641K->400553K(578560K), 0.0026683 secs] [Times: user=0.01 sys=0.00, real=0.00 secs] 
1982.896: [GC (Allocation Failure) [PSYoungGen: 50592K->1376K(50688K)] 449705K->400497K(578560K), 0.0020948 secs] [Times: user=0.01 sys=0.00, real=0.00 secs] 
1983.170: [GC (Allocation Failure) [PSYoungGen: 50528K->1392K(50688K)] 449649K->400513K(578560K), 0.0020411 secs] [Times: user=0.01 sys=0.01, real=0.00 secs] 
1983.637: [GC (Allocation Failure) [PSYoungGen: 50544K->1408K(50688K)] 449665K->400537K(578560K), 0.0021521 secs] [Times: user=0.01 sys=0.00, real=0.00 secs] 
1984.030: [GC (Allocation Failure) [PSYoungGen: 50560K->1376K(50688K)] 449689K->400505K(578560K), 0.0022305 secs] [Times: user=0.01 sys=0.00, real=0.00 secs] 
1985.374: [GC (Allocation Failure) [PSYoungGen: 50528K->1504K(50688K)] 449657K->400657K(578560K), 0.0018131 secs] [Times: user=0.00 sys=0.00, real=0.00 secs] 
1985.855: [GC (Allocation Failure) [PSYoungGen: 50656K->1408K(50688K)] 449809K->400561K(578560K), 0.0041054 secs] [Times: user=0.02 sys=0.00, real=0.00 secs] 
1986.273: [GC (Allocation Failure) [PSYoungGen: 50560K->1344K(50688K)] 449713K->400497K(578560K), 0.0030787 secs] [Times: user=0.01 sys=0.00, real=0.01 secs] 
1986.710: [GC (Allocation Failure) [PSYoungGen: 50496K->1408K(50688K)] 449649K->400561K(578560K), 0.0031591 secs] [Times: user=0.01 sys=0.00, real=0.00 secs] 
1987.137: [GC (Allocation Failure) [PSYoungGen: 50560K->1408K(50688K)] 449713K->400561K(578560K), 0.0026113 secs] [Times: user=0.01 sys=0.00, real=0.00 secs] 
1987.493: [GC (Allocation Failure) [PSYoungGen: 50560K->1440K(50688K)] 449713K->400593K(578560K), 0.0027773 secs] [Times: user=0.01 sys=0.00, real=0.01 secs] 
1988.540: [GC (Allocation Failure) [PSYoungGen: 50592K->1504K(50688K)] 449745K->400657K(578560K), 0.0017519 secs] [Times: user=0.00 sys=0.00, real=0.00 secs] 
1988.760: [GC (Allocation Failure) [PSYoungGen: 50656K->1440K(50688K)] 449809K->400593K(578560K), 0.0018517 secs] [Times: user=0.00 sys=0.00, real=0.00 secs] 
1988.964: [GC (Allocation Failure) [PSYoungGen: 50592K->1472K(50688K)] 449745K->400625K(578560K), 0.0018739 secs] [Times: user=0.01 sys=0.00, real=0.00 secs] 
1989.168: [GC (Allocation Failure) [PSYoungGen: 50624K->1472K(50688K)] 449777K->400625K(578560K), 0.0018457 secs] [Times: user=0.01 sys=0.00, real=0.00 secs] 
1989.372: [GC (Allocation Failure) [PSYoungGen: 50624K->1440K(50688K)] 449777K->400601K(578560K), 0.0017818 secs] [Times: user=0.01 sys=0.00, real=0.01 secs] 
1989.576: [GC (Allocation Failure) [PSYoungGen: 50592K->1504K(50176K)] 449753K->400665K(578048K), 0.0019007 secs] [Times: user=0.01 sys=0.00, real=0.00 secs] 
1990.449: [GC (Allocation Failure) [PSYoungGen: 50144K->1472K(50688K)] 449305K->400633K(578560K), 0.0017866 secs] [Times: user=0.01 sys=0.00, real=0.00 secs] 
1990.651: [GC (Allocation Failure) [PSYoungGen: 50112K->1440K(50176K)] 449273K->400601K(578048K), 0.0017215 secs] [Times: user=0.01 sys=0.00, real=0.00 secs] 
1990.853: [GC (Allocation Failure) [PSYoungGen: 50080K->1472K(50176K)] 449241K->400633K(578048K), 0.0018522 secs] [Times: user=0.01 sys=0.00, real=0.01 secs] 
1991.055: [GC (Allocation Failure) [PSYoungGen: 50112K->352K(49664K)] 449273K->400625K(577536K), 0.0020240 secs] [Times: user=0.00 sys=0.00, real=0.00 secs] 
1991.257: [GC (Allocation Failure) [PSYoungGen: 48992K->368K(50688K)] 449265K->400641K(578560K), 0.0018159 secs] [Times: user=0.01 sys=0.00, real=0.00 secs] 
1991.458: [GC (Allocation Failure) [PSYoungGen: 49008K->368K(50688K)] 449281K->400641K(578560K), 0.0016747 secs] [Times: user=0.01 sys=0.00, real=0.00 secs] 
1992.339: [GC (Allocation Failure) [PSYoungGen: 49008K->1440K(50688K)] 449281K->401713K(578560K), 0.0017431 secs] [Times: user=0.01 sys=0.00, real=0.00 secs] 
1992.541: [GC (Allocation Failure) [PSYoungGen: 50080K->1376K(50688K)] 450353K->401649K(578560K), 0.0017591 secs] [Times: user=0.01 sys=0.00, real=0.00 secs] 
1992.742: [GC (Allocation Failure) [PSYoungGen: 50016K->1408K(50688K)] 450289K->401681K(578560K), 0.0017411 secs] [Times: user=0.01 sys=0.00, real=0.01 secs] 
1992.980: [GC (Allocation Failure) [PSYoungGen: 50048K->1424K(50688K)] 450321K->401697K(578560K), 0.0019045 secs] [Times: user=0.01 sys=0.00, real=0.00 secs] 
1993.182: [GC (Allocation Failure) [PSYoungGen: 50064K->1376K(50688K)] 450337K->401649K(578560K), 0.0019204 secs] [Times: user=0.01 sys=0.00, real=0.01 secs] 
1993.404: [GC (Allocation Failure) [PSYoungGen: 50010K->272K(50688K)] 450284K->400545K(578560K), 0.0018170 secs] [Times: user=0.01 sys=0.00, real=0.00 secs] 
1994.248: [GC (Allocation Failure) [PSYoungGen: 48912K->1456K(50688K)] 449185K->401729K(578560K), 0.0015979 secs] [Times: user=0.01 sys=0.00, real=0.00 secs] 
1994.450: [GC (Allocation Failure) [PSYoungGen: 50096K->1408K(51200K)] 450369K->401681K(579072K), 0.0016468 secs] [Times: user=0.01 sys=0.00, real=0.00 secs] 
1994.651: [GC (Allocation Failure) [PSYoungGen: 50048K->1408K(50176K)] 450321K->401681K(578048K), 0.0016617 secs] [Times: user=0.01 sys=0.00, real=0.00 secs] 
1994.853: [GC (Allocation Failure) [PSYoungGen: 50048K->1408K(50688K)] 450321K->401681K(578560K), 0.0024164 secs] [Times: user=0.01 sys=0.00, real=0.01 secs] 
1995.056: [GC (Allocation Failure) [PSYoungGen: 50048K->1408K(50688K)] 450321K->401681K(578560K), 0.0023567 secs] [Times: user=0.01 sys=0.01, real=0.00 secs] 
1996.226: [GC (Allocation Failure) [PSYoungGen: 50048K->1952K(50176K)] 450321K->402225K(578048K), 0.0021466 secs] [Times: user=0.00 sys=0.00, real=0.00 secs] 
1997.266: [GC (Allocation Failure) [PSYoungGen: 50080K->1344K(50688K)] 450353K->401617K(578560K), 0.0042235 secs] [Times: user=0.02 sys=0.00, real=0.00 secs] 
1997.666: [GC (Allocation Failure) [PSYoungGen: 49472K->1344K(49664K)] 449745K->401617K(577536K), 0.0024037 secs] [Times: user=0.01 sys=0.00, real=0.00 secs] 
1997.954: [GC (Allocation Failure) [PSYoungGen: 49472K->1392K(50176K)] 449745K->401665K(578048K), 0.0031409 secs] [Times: user=0.01 sys=0.00, real=0.00 secs] 
1998.172: [GC (Allocation Failure) [PSYoungGen: 49520K->1376K(50176K)] 449793K->401649K(578048K), 0.0030362 secs] [Times: user=0.02 sys=0.00, real=0.01 secs] 
1998.405: [GC (Allocation Failure) [PSYoungGen: 49504K->1440K(50176K)] 449777K->401713K(578048K), 0.0021109 secs] [Times: user=0.01 sys=0.00, real=0.00 secs] 
1999.342: [GC (Allocation Failure) [PSYoungGen: 49568K->1408K(50176K)] 449841K->401681K(578048K), 0.0026598 secs] [Times: user=0.01 sys=0.00, real=0.01 secs] 
1999.544: [GC (Allocation Failure) [PSYoungGen: 49536K->1392K(50176K)] 449809K->401665K(578048K), 0.0018896 secs] [Times: user=0.00 sys=0.00, real=0.00 secs] 
1999.744: [GC (Allocation Failure) [PSYoungGen: 49520K->1344K(50176K)] 449793K->401617K(578048K), 0.0019205 secs] [Times: user=0.01 sys=0.00, real=0.00 secs] 
1999.973: [GC (Allocation Failure) [PSYoungGen: 49472K->1408K(50176K)] 449745K->401681K(578048K), 0.0017997 secs] [Times: user=0.00 sys=0.00, real=0.01 secs] 
2000.173: [GC (Allocation Failure) [PSYoungGen: 49536K->1408K(50176K)] 449809K->401681K(578048K), 0.0017757 secs] [Times: user=0.01 sys=0.00, real=0.01 secs] 
2000.373: [GC (Allocation Failure) [PSYoungGen: 49536K->1376K(50176K)] 449809K->401649K(578048K), 0.0019400 secs] [Times: user=0.01 sys=0.00, real=0.01 secs] 
2001.712: [GC (Allocation Failure) [PSYoungGen: 49504K->1488K(50176K)] 449777K->401777K(578048K), 0.0019671 secs] [Times: user=0.00 sys=0.00, real=0.01 secs] 
2002.867: [GC (Allocation Failure) [PSYoungGen: 49616K->1376K(50176K)] 449905K->401665K(578048K), 0.0035843 secs] [Times: user=0.02 sys=0.00, real=0.00 secs] 
2003.951: [GC (Allocation Failure) [PSYoungGen: 49504K->1408K(50176K)] 449793K->401697K(578048K), 0.0041707 secs] [Times: user=0.01 sys=0.00, real=0.01 secs] 
2004.710: [GC (Allocation Failure) [PSYoungGen: 49536K->1408K(50176K)] 449825K->401697K(578048K), 0.0039644 secs] [Times: user=0.01 sys=0.00, real=0.00 secs] 
2005.465: [GC (Allocation Failure) [PSYoungGen: 49536K->1408K(50176K)] 449825K->401697K(578048K), 0.0038634 secs] [Times: user=0.02 sys=0.00, real=0.00 secs] 
2006.218: [GC (Allocation Failure) [PSYoungGen: 49536K->1408K(50176K)] 449825K->401697K(578048K), 0.0041923 secs] [Times: user=0.02 sys=0.00, real=0.00 secs] 
2007.583: [GC (Allocation Failure) [PSYoungGen: 49536K->1408K(50176K)] 449825K->401697K(578048K), 0.0017056 secs] [Times: user=0.00 sys=0.00, real=0.01 secs] 
2007.992: [GC (Allocation Failure) [PSYoungGen: 49536K->1408K(50176K)] 449825K->401697K(578048K), 0.0039150 secs] [Times: user=0.02 sys=0.00, real=0.01 secs] 
2008.461: [GC (Allocation Failure) [PSYoungGen: 49536K->1376K(50176K)] 449825K->401665K(578048K), 0.0040239 secs] [Times: user=0.02 sys=0.00, real=0.01 secs] 
2008.928: [GC (Allocation Failure) [PSYoungGen: 49504K->1408K(50176K)] 449793K->401697K(578048K), 0.0033773 secs] [Times: user=0.01 sys=0.00, real=0.00 secs] 
2009.199: [GC (Allocation Failure) [PSYoungGen: 49536K->1408K(50176K)] 449825K->401697K(578048K), 0.0018894 secs] [Times: user=0.01 sys=0.00, real=0.00 secs] 
2009.404: [GC (Allocation Failure) [PSYoungGen: 49536K->1392K(49664K)] 449825K->401681K(577536K), 0.0022208 secs] [Times: user=0.01 sys=0.00, real=0.00 secs] 
2010.600: [GC (Allocation Failure) [PSYoungGen: 49520K->1440K(49664K)] 449809K->401729K(577536K), 0.0038978 secs] [Times: user=0.02 sys=0.00, real=0.00 secs] 
2010.978: [GC (Allocation Failure) [PSYoungGen: 49568K->1440K(49664K)] 449857K->401729K(577536K), 0.0039652 secs] [Times: user=0.01 sys=0.00, real=0.00 secs] 
2011.373: [GC (Allocation Failure) [PSYoungGen: 49568K->1376K(49664K)] 449857K->401665K(577536K), 0.0039406 secs] [Times: user=0.01 sys=0.00, real=0.01 secs] 
2011.762: [GC (Allocation Failure) [PSYoungGen: 49504K->1344K(49664K)] 449793K->401633K(577536K), 0.0032604 secs] [Times: user=0.01 sys=0.00, real=0.01 secs] 
2012.207: [GC (Allocation Failure) [PSYoungGen: 49472K->1376K(49664K)] 449761K->401665K(577536K), 0.0028342 secs] [Times: user=0.01 sys=0.00, real=0.00 secs] 
2012.556: [GC (Allocation Failure) [PSYoungGen: 49504K->1376K(49664K)] 449793K->401665K(577536K), 0.0022642 secs] [Times: user=0.01 sys=0.00, real=0.00 secs] 
2013.892: [GC (Allocation Failure) [PSYoungGen: 49504K->1440K(49664K)] 449793K->401753K(577536K), 0.0024140 secs] [Times: user=0.01 sys=0.00, real=0.01 secs] 
2014.356: [GC (Allocation Failure) [PSYoungGen: 49568K->1408K(49664K)] 449881K->401721K(577536K), 0.0038543 secs] [Times: user=0.01 sys=0.00, real=0.00 secs] 
2014.918: [GC (Allocation Failure) [PSYoungGen: 49536K->1408K(49664K)] 449849K->401721K(577536K), 0.0030669 secs] [Times: user=0.02 sys=0.00, real=0.00 secs] 
2015.483: [GC (Allocation Failure) [PSYoungGen: 49536K->1408K(49664K)] 449849K->401721K(577536K), 0.0031836 secs] [Times: user=0.02 sys=0.00, real=0.01 secs] 
2016.087: [GC (Allocation Failure) [PSYoungGen: 49536K->1408K(49664K)] 449849K->401721K(577536K), 0.0031778 secs] [Times: user=0.01 sys=0.00, real=0.00 secs] 
2016.685: [GC (Allocation Failure) [PSYoungGen: 49536K->1376K(49664K)] 449849K->401689K(577536K), 0.0030989 secs] [Times: user=0.02 sys=0.00, real=0.00 secs] 
2017.738: [GC (Allocation Failure) [PSYoungGen: 49504K->1456K(49664K)] 449817K->401769K(577536K), 0.0019719 secs] [Times: user=0.01 sys=0.00, real=0.00 secs] 
2018.042: [GC (Allocation Failure) [PSYoungGen: 49584K->1376K(49664K)] 449897K->401689K(577536K), 0.0020242 secs] [Times: user=0.01 sys=0.00, real=0.01 secs] 
2018.436: [GC (Allocation Failure) [PSYoungGen: 49504K->1376K(49664K)] 449817K->401689K(577536K), 0.0021297 secs] [Times: user=0.01 sys=0.00, real=0.00 secs] 
2018.806: [GC (Allocation Failure) [PSYoungGen: 49504K->1344K(49664K)] 449817K->401657K(577536K), 0.0021705 secs] [Times: user=0.01 sys=0.00, real=0.00 secs] 
2019.291: [GC (Allocation Failure) [PSYoungGen: 49472K->1408K(49664K)] 449785K->401721K(577536K), 0.0039537 secs] [Times: user=0.01 sys=0.00, real=0.01 secs] 
2020.496: [GC (Allocation Failure) [PSYoungGen: 49536K->1504K(49664K)] 449849K->401929K(577536K), 0.0017373 secs] [Times: user=0.01 sys=0.00, real=0.00 secs] 
2020.694: [GC (Allocation Failure) [PSYoungGen: 49632K->1312K(50176K)] 450057K->401737K(578048K), 0.0018194 secs] [Times: user=0.01 sys=0.00, real=0.00 secs] 
2020.894: [GC (Allocation Failure) [PSYoungGen: 49440K->1312K(50176K)] 449865K->401737K(578048K), 0.0018131 secs] [Times: user=0.01 sys=0.00, real=0.00 secs] 
2021.094: [GC (Allocation Failure) [PSYoungGen: 49440K->1312K(50176K)] 449865K->401737K(578048K), 0.0018721 secs] [Times: user=0.00 sys=0.00, real=0.00 secs] 
2021.294: [GC (Allocation Failure) [PSYoungGen: 49440K->1312K(50176K)] 449865K->401737K(578048K), 0.0017982 secs] [Times: user=0.01 sys=0.00, real=0.00 secs] 
2021.494: [GC (Allocation Failure) [PSYoungGen: 49440K->1312K(50176K)] 449865K->401737K(578048K), 0.0017937 secs] [Times: user=0.01 sys=0.00, real=0.01 secs] 
2022.473: [GC (Allocation Failure) [PSYoungGen: 49440K->1440K(50176K)] 449865K->401873K(578048K), 0.0017564 secs] [Times: user=0.01 sys=0.00, real=0.01 secs] 
2022.694: [GC (Allocation Failure) [PSYoungGen: 49568K->1408K(50176K)] 450001K->401841K(578048K), 0.0021337 secs] [Times: user=0.01 sys=0.00, real=0.00 secs] 
2022.895: [GC (Allocation Failure) [PSYoungGen: 49536K->1408K(50176K)] 449969K->401841K(578048K), 0.0018640 secs] [Times: user=0.01 sys=0.00, real=0.00 secs] 
2023.095: [GC (Allocation Failure) [PSYoungGen: 49536K->1392K(49664K)] 449969K->401825K(577536K), 0.0020078 secs] [Times: user=0.01 sys=0.00, real=0.00 secs] 
2023.295: [GC (Allocation Failure) [PSYoungGen: 49520K->1408K(49664K)] 449953K->401841K(577536K), 0.0019288 secs] [Times: user=0.00 sys=0.00, real=0.00 secs] 
2023.495: [GC (Allocation Failure) [PSYoungGen: 49536K->384K(49152K)] 449969K->401841K(577024K), 0.0021124 secs] [Times: user=0.01 sys=0.00, real=0.00 secs] 
2024.776: [GC (Allocation Failure) [PSYoungGen: 48512K->1440K(50176K)] 449969K->402897K(578048K), 0.0021713 secs] [Times: user=0.01 sys=0.00, real=0.00 secs] 
2025.260: [GC (Allocation Failure) [PSYoungGen: 49568K->1376K(50176K)] 451025K->402833K(578048K), 0.0037071 secs] [Times: user=0.02 sys=0.00, real=0.01 secs] 
2025.628: [GC (Allocation Failure) [PSYoungGen: 49504K->1376K(50176K)] 450961K->402833K(578048K), 0.0028165 secs] [Times: user=0.02 sys=0.00, real=0.00 secs] 
2025.853: [GC (Allocation Failure) [PSYoungGen: 49504K->1376K(50176K)] 450961K->402849K(578048K), 0.0020519 secs] [Times: user=0.01 sys=0.00, real=0.01 secs] 
2026.082: [GC (Allocation Failure) [PSYoungGen: 49504K->1424K(50176K)] 450977K->402897K(578048K), 0.0019432 secs] [Times: user=0.01 sys=0.00, real=0.00 secs] 
2026.285: [GC (Allocation Failure) [PSYoungGen: 49552K->1424K(50176K)] 451025K->402897K(578048K), 0.0020210 secs] [Times: user=0.01 sys=0.00, real=0.00 secs] 
2027.217: [GC (Allocation Failure) [PSYoungGen: 49552K->1440K(50176K)] 451025K->402913K(578048K), 0.0016623 secs] [Times: user=0.01 sys=0.00, real=0.00 secs] 
2027.473: [GC (Allocation Failure) [PSYoungGen: 49568K->1408K(50176K)] 451041K->402881K(578048K), 0.0019359 secs] [Times: user=0.01 sys=0.00, real=0.01 secs] 
2027.716: [GC (Allocation Failure) [PSYoungGen: 49536K->1376K(50176K)] 451009K->402849K(578048K), 0.0016951 secs] [Times: user=0.00 sys=0.00, real=0.00 secs] 
2028.126: [GC (Allocation Failure) [PSYoungGen: 49504K->1424K(50176K)] 450977K->402897K(578048K), 0.0025642 secs] [Times: user=0.01 sys=0.00, real=0.00 secs] 
2028.472: [GC (Allocation Failure) [PSYoungGen: 49552K->1408K(50176K)] 451025K->402881K(578048K), 0.0024246 secs] [Times: user=0.01 sys=0.00, real=0.01 secs] 
2028.872: [GC (Allocation Failure) [PSYoungGen: 49536K->1376K(50176K)] 451009K->402849K(578048K), 0.0026264 secs] [Times: user=0.01 sys=0.00, real=0.01 secs] 
2030.047: [GC (Allocation Failure) [PSYoungGen: 49504K->1408K(50176K)] 450977K->402881K(578048K), 0.0020388 secs] [Times: user=0.01 sys=0.00, real=0.00 secs] 
2030.499: [GC (Allocation Failure) [PSYoungGen: 49536K->1392K(50176K)] 451009K->402865K(578048K), 0.0021638 secs] [Times: user=0.00 sys=0.00, real=0.00 secs] 
2030.948: [GC (Allocation Failure) [PSYoungGen: 49520K->1376K(50176K)] 450993K->402849K(578048K), 0.0022436 secs] [Times: user=0.01 sys=0.00, real=0.00 secs] 
2031.244: [GC (Allocation Failure) [PSYoungGen: 49504K->1408K(50176K)] 450977K->402897K(578048K), 0.0021330 secs] [Times: user=0.01 sys=0.00, real=0.00 secs] 
2031.446: [GC (Allocation Failure) [PSYoungGen: 49536K->1424K(50176K)] 451025K->402913K(578048K), 0.0020652 secs] [Times: user=0.01 sys=0.00, real=0.00 secs] 
2031.646: [GC (Allocation Failure) [PSYoungGen: 49552K->1408K(50176K)] 451041K->402897K(578048K), 0.0019701 secs] [Times: user=0.01 sys=0.00, real=0.00 secs] 
2032.915: [GC (Allocation Failure) [PSYoungGen: 49536K->1472K(50176K)] 451025K->402961K(578048K), 0.0025770 secs] [Times: user=0.01 sys=0.00, real=0.00 secs] 
2033.302: [GC (Allocation Failure) [PSYoungGen: 49600K->1376K(50176K)] 451089K->402865K(578048K), 0.0026218 secs] [Times: user=0.01 sys=0.00, real=0.01 secs] 
2033.833: [GC (Allocation Failure) [PSYoungGen: 49504K->1376K(49664K)] 450993K->402865K(577536K), 0.0032104 secs] [Times: user=0.01 sys=0.00, real=0.01 secs] 
2034.478: [GC (Allocation Failure) [PSYoungGen: 49504K->1344K(49664K)] 450993K->402833K(577536K), 0.0030902 secs] [Times: user=0.02 sys=0.00, real=0.00 secs] 
2035.042: [GC (Allocation Failure) [PSYoungGen: 49472K->1408K(49664K)] 450961K->402897K(577536K), 0.0029933 secs] [Times: user=0.01 sys=0.00, real=0.01 secs] 
2035.489: [GC (Allocation Failure) [PSYoungGen: 49536K->1376K(49664K)] 451025K->402865K(577536K), 0.0033834 secs] [Times: user=0.01 sys=0.00, real=0.00 secs] 
2036.640: [GC (Allocation Failure) [PSYoungGen: 49504K->1408K(49664K)] 450993K->402897K(577536K), 0.0017209 secs] [Times: user=0.00 sys=0.00, real=0.00 secs] 
2037.104: [GC (Allocation Failure) [PSYoungGen: 49536K->1376K(49664K)] 451025K->402865K(577536K), 0.0023494 secs] [Times: user=0.01 sys=0.00, real=0.00 secs] 
2037.739: [GC (Allocation Failure) [PSYoungGen: 49504K->1440K(49664K)] 450993K->402929K(577536K), 0.0043270 secs] [Times: user=0.02 sys=0.00, real=0.00 secs] 
2038.336: [GC (Allocation Failure) [PSYoungGen: 49568K->1408K(49664K)] 451057K->402897K(577536K), 0.0039120 secs] [Times: user=0.01 sys=0.00, real=0.00 secs] 
2038.979: [GC (Allocation Failure) [PSYoungGen: 49536K->1408K(49664K)] 451025K->402897K(577536K), 0.0040129 secs] [Times: user=0.02 sys=0.00, real=0.00 secs] 
2040.493: [GC (Allocation Failure) [PSYoungGen: 48673K->192K(49152K)] 450162K->401681K(577024K), 0.0014516 secs] [Times: user=0.01 sys=0.00, real=0.01 secs] 
2040.740: [GC (Allocation Failure) [PSYoungGen: 47808K->1376K(49664K)] 449297K->402873K(577536K), 0.0019339 secs] [Times: user=0.01 sys=0.00, real=0.00 secs] 
2040.938: [GC (Allocation Failure) [PSYoungGen: 48992K->1424K(49664K)] 450489K->402921K(577536K), 0.0018713 secs] [Times: user=0.00 sys=0.00, real=0.00 secs] 
2041.136: [GC (Allocation Failure) [PSYoungGen: 49040K->1408K(49664K)] 450537K->402905K(577536K), 0.0022730 secs] [Times: user=0.00 sys=0.00, real=0.00 secs] 
2041.336: [GC (Allocation Failure) [PSYoungGen: 49024K->1360K(49664K)] 450521K->402865K(577536K), 0.0022948 secs] [Times: user=0.01 sys=0.00, real=0.00 secs] 
2041.534: [GC (Allocation Failure) [PSYoungGen: 48976K->1408K(49664K)] 450481K->402913K(577536K), 0.0022581 secs] [Times: user=0.01 sys=0.00, real=0.00 secs] 
2042.456: [GC (Allocation Failure) [PSYoungGen: 49024K->1696K(49664K)] 450529K->403209K(577536K), 0.0016180 secs] [Times: user=0.00 sys=0.00, real=0.00 secs] 
2042.653: [GC (Allocation Failure) [PSYoungGen: 49312K->1440K(49664K)] 450825K->402953K(577536K), 0.0016247 secs] [Times: user=0.01 sys=0.00, real=0.01 secs] 
2042.851: [GC (Allocation Failure) [PSYoungGen: 49056K->1408K(49664K)] 450569K->402937K(577536K), 0.0018080 secs] [Times: user=0.00 sys=0.00, real=0.00 secs] 
2043.073: [GC (Allocation Failure) [PSYoungGen: 49024K->1408K(49664K)] 450553K->402937K(577536K), 0.0018687 secs] [Times: user=0.01 sys=0.00, real=0.01 secs] 
2043.271: [GC (Allocation Failure) [PSYoungGen: 49024K->1376K(49664K)] 450553K->402913K(577536K), 0.0018104 secs] [Times: user=0.00 sys=0.00, real=0.00 secs] 
2043.469: [GC (Allocation Failure) [PSYoungGen: 48992K->1408K(49664K)] 450529K->402945K(577536K), 0.0019178 secs] [Times: user=0.01 sys=0.00, real=0.00 secs] 
2044.609: [GC (Allocation Failure) [PSYoungGen: 49024K->1952K(49664K)] 450561K->403489K(577536K), 0.0016713 secs] [Times: user=0.00 sys=0.00, real=0.00 secs] 
2045.139: [GC (Allocation Failure) [PSYoungGen: 49568K->1408K(49664K)] 451105K->402945K(577536K), 0.0022749 secs] [Times: user=0.01 sys=0.00, real=0.00 secs] 
2045.524: [GC (Allocation Failure) [PSYoungGen: 49024K->1376K(49664K)] 450561K->402913K(577536K), 0.0039235 secs] [Times: user=0.02 sys=0.00, real=0.00 secs] 
2045.986: [GC (Allocation Failure) [PSYoungGen: 48992K->1376K(49664K)] 450529K->402913K(577536K), 0.0031585 secs] [Times: user=0.02 sys=0.00, real=0.00 secs] 
2046.812: [GC (Allocation Failure) [PSYoungGen: 48992K->1408K(49664K)] 450529K->402953K(577536K), 0.0038053 secs] [Times: user=0.01 sys=0.00, real=0.01 secs] 
2047.484: [GC (Allocation Failure) [PSYoungGen: 49024K->1408K(49664K)] 450569K->402953K(577536K), 0.0027524 secs] [Times: user=0.01 sys=0.00, real=0.00 secs] 
2048.850: [GC (Allocation Failure) [PSYoungGen: 49024K->1424K(49664K)] 450569K->402969K(577536K), 0.0017207 secs] [Times: user=0.01 sys=0.00, real=0.00 secs] 
2049.332: [GC (Allocation Failure) [PSYoungGen: 49040K->1376K(49664K)] 450585K->402921K(577536K), 0.0037971 secs] [Times: user=0.01 sys=0.00, real=0.01 secs] 
2049.641: [GC (Allocation Failure) [PSYoungGen: 48992K->1408K(49664K)] 450537K->402953K(577536K), 0.0027051 secs] [Times: user=0.01 sys=0.00, real=0.01 secs] 
2049.966: [GC (Allocation Failure) [PSYoungGen: 49024K->1424K(49664K)] 450569K->402977K(577536K), 0.0028238 secs] [Times: user=0.02 sys=0.00, real=0.00 secs] 
2050.359: [GC (Allocation Failure) [PSYoungGen: 49040K->1440K(49664K)] 450593K->402993K(577536K), 0.0025330 secs] [Times: user=0.01 sys=0.00, real=0.00 secs] 
2050.790: [GC (Allocation Failure) [PSYoungGen: 49056K->1408K(49664K)] 450609K->402961K(577536K), 0.0028771 secs] [Times: user=0.02 sys=0.00, real=0.00 secs] 
2051.854: [GC (Allocation Failure) [PSYoungGen: 49024K->1456K(49664K)] 450577K->403009K(577536K), 0.0017987 secs] [Times: user=0.01 sys=0.00, real=0.00 secs] 
2052.052: [GC (Allocation Failure) [PSYoungGen: 49072K->1440K(49664K)] 450625K->402993K(577536K), 0.0015845 secs] [Times: user=0.00 sys=0.00, real=0.00 secs] 
2052.363: [GC (Allocation Failure) [PSYoungGen: 49056K->1408K(49664K)] 450609K->402961K(577536K), 0.0016232 secs] [Times: user=0.01 sys=0.00, real=0.01 secs] 
2052.754: [GC (Allocation Failure) [PSYoungGen: 49024K->1408K(49664K)] 450577K->402977K(577536K), 0.0017332 secs] [Times: user=0.01 sys=0.00, real=0.00 secs] 
2053.149: [GC (Allocation Failure) [PSYoungGen: 49024K->1376K(49664K)] 450593K->402945K(577536K), 0.0018763 secs] [Times: user=0.01 sys=0.00, real=0.00 secs] 
2053.543: [GC (Allocation Failure) [PSYoungGen: 48992K->1376K(49664K)] 450561K->402945K(577536K), 0.0028169 secs] [Times: user=0.01 sys=0.00, real=0.01 secs] 
2054.632: [GC (Allocation Failure) [PSYoungGen: 48992K->1472K(49664K)] 450561K->403041K(577536K), 0.0018359 secs] [Times: user=0.01 sys=0.00, real=0.01 secs] 
2054.830: [GC (Allocation Failure) [PSYoungGen: 49088K->1376K(49664K)] 450657K->402953K(577536K), 0.0019804 secs] [Times: user=0.01 sys=0.00, real=0.00 secs] 
2055.029: [GC (Allocation Failure) [PSYoungGen: 48992K->1376K(49152K)] 450569K->402953K(577024K), 0.0019523 secs] [Times: user=0.01 sys=0.00, real=0.00 secs] 
2055.335: [GC (Allocation Failure) [PSYoungGen: 48992K->1408K(49152K)] 450569K->402993K(577024K), 0.0020641 secs] [Times: user=0.01 sys=0.00, real=0.00 secs] 
2055.660: [GC (Allocation Failure) [PSYoungGen: 49024K->368K(48640K)] 450609K->402977K(576512K), 0.0017921 secs] [Times: user=0.01 sys=0.00, real=0.00 secs] 
2056.093: [GC (Allocation Failure) [PSYoungGen: 47984K->416K(49664K)] 450593K->403033K(577536K), 0.0019762 secs] [Times: user=0.01 sys=0.01, real=0.01 secs] 
2057.338: [GC (Allocation Failure) [PSYoungGen: 48032K->1440K(49664K)] 450649K->404057K(577536K), 0.0026426 secs] [Times: user=0.01 sys=0.00, real=0.00 secs] 
2057.892: [GC (Allocation Failure) [PSYoungGen: 49056K->1440K(49664K)] 451673K->404057K(577536K), 0.0036139 secs] [Times: user=0.02 sys=0.00, real=0.01 secs] 
2058.529: [GC (Allocation Failure) [PSYoungGen: 49056K->1376K(49664K)] 451673K->403993K(577536K), 0.0056847 secs] [Times: user=0.03 sys=0.00, real=0.01 secs] 
2059.203: [GC (Allocation Failure) [PSYoungGen: 48992K->1408K(49664K)] 451609K->404025K(577536K), 0.0040604 secs] [Times: user=0.01 sys=0.00, real=0.01 secs] 
2059.893: [GC (Allocation Failure) [PSYoungGen: 49024K->1424K(49664K)] 451641K->404041K(577536K), 0.0039983 secs] [Times: user=0.01 sys=0.00, real=0.01 secs] 
2060.448: [GC (Allocation Failure) [PSYoungGen: 49040K->1408K(49664K)] 451657K->404025K(577536K), 0.0028239 secs] [Times: user=0.02 sys=0.00, real=0.00 secs] 
2061.559: [GC (Allocation Failure) [PSYoungGen: 49024K->1408K(49664K)] 451641K->404025K(577536K), 0.0018107 secs] [Times: user=0.01 sys=0.00, real=0.00 secs] 
2062.209: [GC (Allocation Failure) [PSYoungGen: 49024K->1392K(49664K)] 451641K->404009K(577536K), 0.0020878 secs] [Times: user=0.01 sys=0.00, real=0.00 secs] 
2062.619: [GC (Allocation Failure) [PSYoungGen: 49008K->1408K(49664K)] 451625K->404025K(577536K), 0.0028510 secs] [Times: user=0.01 sys=0.00, real=0.00 secs] 
2063.127: [GC (Allocation Failure) [PSYoungGen: 49024K->1376K(49664K)] 451641K->404009K(577536K), 0.0035180 secs] [Times: user=0.01 sys=0.00, real=0.00 secs] 
2063.730: [GC (Allocation Failure) [PSYoungGen: 48992K->1424K(49664K)] 451625K->404057K(577536K), 0.0038932 secs] [Times: user=0.02 sys=0.00, real=0.01 secs] 
2064.357: [GC (Allocation Failure) [PSYoungGen: 49040K->1376K(49664K)] 451673K->404009K(577536K), 0.0040713 secs] [Times: user=0.02 sys=0.00, real=0.00 secs] 
2065.796: [GC (Allocation Failure) [PSYoungGen: 48992K->1408K(49664K)] 451625K->404041K(577536K), 0.0020226 secs] [Times: user=0.01 sys=0.00, real=0.00 secs] 
2066.538: [GC (Allocation Failure) [PSYoungGen: 49024K->1408K(49664K)] 451657K->404041K(577536K), 0.0040188 secs] [Times: user=0.02 sys=0.00, real=0.00 secs] 
2067.223: [GC (Allocation Failure) [PSYoungGen: 49024K->1392K(49664K)] 451657K->404025K(577536K), 0.0042006 secs] [Times: user=0.02 sys=0.00, real=0.01 secs] 
2067.892: [GC (Allocation Failure) [PSYoungGen: 49008K->1408K(49664K)] 451641K->404041K(577536K), 0.0043089 secs] [Times: user=0.01 sys=0.00, real=0.01 secs] 
2068.397: [GC (Allocation Failure) [PSYoungGen: 49024K->1424K(49664K)] 451657K->404057K(577536K), 0.0042913 secs] [Times: user=0.02 sys=0.00, real=0.00 secs] 
2068.962: [GC (Allocation Failure) [PSYoungGen: 49040K->1376K(49664K)] 451673K->404009K(577536K), 0.0028286 secs] [Times: user=0.01 sys=0.00, real=0.01 secs] 
2070.081: [GC (Allocation Failure) [PSYoungGen: 48992K->1440K(49664K)] 451625K->404073K(577536K), 0.0017477 secs] [Times: user=0.01 sys=0.00, real=0.00 secs] 
2070.315: [GC (Allocation Failure) [PSYoungGen: 49056K->1408K(49664K)] 451689K->404041K(577536K), 0.0018909 secs] [Times: user=0.01 sys=0.00, real=0.00 secs] 
2070.536: [GC (Allocation Failure) [PSYoungGen: 49024K->1376K(49664K)] 451657K->404009K(577536K), 0.0020397 secs] [Times: user=0.01 sys=0.00, real=0.00 secs] 
2070.734: [GC (Allocation Failure) [PSYoungGen: 48992K->1376K(49664K)] 451625K->404017K(577536K), 0.0020782 secs] [Times: user=0.01 sys=0.00, real=0.01 secs] 
2070.932: [GC (Allocation Failure) [PSYoungGen: 48992K->1344K(49664K)] 451633K->403985K(577536K), 0.0020158 secs] [Times: user=0.01 sys=0.00, real=0.01 secs] 
2071.129: [GC (Allocation Failure) [PSYoungGen: 48960K->1376K(49152K)] 451601K->404017K(577024K), 0.0020581 secs] [Times: user=0.01 sys=0.00, real=0.00 secs] 
2072.981: [GC (Allocation Failure) [PSYoungGen: 48992K->1408K(49152K)] 451633K->404049K(577024K), 0.0040082 secs] [Times: user=0.01 sys=0.00, real=0.01 secs] 
2073.625: [GC (Allocation Failure) [PSYoungGen: 49024K->1408K(49152K)] 451665K->404049K(577024K), 0.0031566 secs] [Times: user=0.01 sys=0.00, real=0.00 secs] 
2074.092: [GC (Allocation Failure) [PSYoungGen: 49024K->1376K(49152K)] 451665K->404017K(577024K), 0.0030349 secs] [Times: user=0.01 sys=0.01, real=0.01 secs] 
2074.506: [GC (Allocation Failure) [PSYoungGen: 48992K->1408K(49152K)] 451633K->404065K(577024K), 0.0032960 secs] [Times: user=0.01 sys=0.00, real=0.00 secs] 
2075.007: [GC (Allocation Failure) [PSYoungGen: 49024K->1376K(49152K)] 451681K->404033K(577024K), 0.0028458 secs] [Times: user=0.01 sys=0.01, real=0.00 secs] 
2075.461: [GC (Allocation Failure) [PSYoungGen: 48992K->1408K(49152K)] 451649K->404065K(577024K), 0.0031276 secs] [Times: user=0.01 sys=0.00, real=0.01 secs] 
2076.482: [GC (Allocation Failure) [PSYoungGen: 49024K->1440K(49152K)] 451681K->404097K(577024K), 0.0016925 secs] [Times: user=0.01 sys=0.00, real=0.00 secs] 
2076.680: [GC (Allocation Failure) [PSYoungGen: 49056K->1408K(49152K)] 451713K->404065K(577024K), 0.0019197 secs] [Times: user=0.01 sys=0.00, real=0.00 secs] 
2076.878: [GC (Allocation Failure) [PSYoungGen: 49024K->1344K(49152K)] 451681K->404001K(577024K), 0.0016440 secs] [Times: user=0.01 sys=0.00, real=0.00 secs] 
2077.076: [GC (Allocation Failure) [PSYoungGen: 48960K->1376K(49152K)] 451617K->404033K(577024K), 0.0018085 secs] [Times: user=0.01 sys=0.00, real=0.00 secs] 
2077.274: [GC (Allocation Failure) [PSYoungGen: 48992K->1376K(49152K)] 451649K->404033K(577024K), 0.0040497 secs] [Times: user=0.02 sys=0.00, real=0.01 secs] 
2077.473: [GC (Allocation Failure) [PSYoungGen: 48992K->1408K(49152K)] 451649K->404065K(577024K), 0.0018415 secs] [Times: user=0.01 sys=0.00, real=0.01 secs] 
2079.222: [GC (Allocation Failure) [PSYoungGen: 49024K->1472K(49152K)] 451681K->404129K(577024K), 0.0033943 secs] [Times: user=0.02 sys=0.00, real=0.01 secs] 
2079.808: [GC (Allocation Failure) [PSYoungGen: 49088K->1408K(49152K)] 451745K->404065K(577024K), 0.0037426 secs] [Times: user=0.02 sys=0.00, real=0.00 secs] 
2080.401: [GC (Allocation Failure) [PSYoungGen: 49024K->1408K(49152K)] 451681K->404065K(577024K), 0.0036609 secs] [Times: user=0.01 sys=0.01, real=0.01 secs] 
2080.859: [GC (Allocation Failure) [PSYoungGen: 49024K->1376K(49152K)] 451681K->404033K(577024K), 0.0027727 secs] [Times: user=0.01 sys=0.00, real=0.00 secs] 
2081.314: [GC (Allocation Failure) [PSYoungGen: 48992K->1408K(49152K)] 451649K->404065K(577024K), 0.0028348 secs] [Times: user=0.01 sys=0.00, real=0.01 secs] 
2081.928: [GC (Allocation Failure) [PSYoungGen: 49024K->1408K(49152K)] 451681K->404065K(577024K), 0.0025819 secs] [Times: user=0.01 sys=0.00, real=0.00 secs] 
2083.321: [GC (Allocation Failure) [PSYoungGen: 49024K->1408K(49152K)] 451681K->404065K(577024K), 0.0018799 secs] [Times: user=0.01 sys=0.00, real=0.00 secs] 
2084.083: [GC (Allocation Failure) [PSYoungGen: 49024K->1408K(49152K)] 451681K->404073K(577024K), 0.0043123 secs] [Times: user=0.02 sys=0.00, real=0.01 secs] 
2084.664: [GC (Allocation Failure) [PSYoungGen: 49024K->1408K(49152K)] 451689K->404073K(577024K), 0.0040618 secs] [Times: user=0.02 sys=0.00, real=0.00 secs] 
2085.061: [GC (Allocation Failure) [PSYoungGen: 49024K->1376K(49152K)] 451689K->404041K(577024K), 0.0031704 secs] [Times: user=0.01 sys=0.00, real=0.01 secs] 
2085.442: [GC (Allocation Failure) [PSYoungGen: 48992K->1376K(49152K)] 451657K->404041K(577024K), 0.0026056 secs] [Times: user=0.01 sys=0.00, real=0.01 secs] 
2085.852: [GC (Allocation Failure) [PSYoungGen: 48984K->240K(49152K)] 451650K->402905K(577024K), 0.0024759 secs] [Times: user=0.01 sys=0.00, real=0.01 secs] 
2087.695: [GC (Allocation Failure) [PSYoungGen: 47856K->1440K(49664K)] 450521K->404105K(577536K), 0.0038369 secs] [Times: user=0.02 sys=0.00, real=0.00 secs] 
2088.182: [GC (Allocation Failure) [PSYoungGen: 49056K->1376K(49664K)] 451721K->404041K(577536K), 0.0031478 secs] [Times: user=0.01 sys=0.00, real=0.01 secs] 
2088.613: [GC (Allocation Failure) [PSYoungGen: 48992K->1408K(49664K)] 451657K->404073K(577536K), 0.0031375 secs] [Times: user=0.01 sys=0.00, real=0.01 secs] 
2088.864: [GC (Allocation Failure) [PSYoungGen: 49024K->1408K(49664K)] 451689K->404073K(577536K), 0.0021378 secs] [Times: user=0.01 sys=0.00, real=0.00 secs] 
2089.062: [GC (Allocation Failure) [PSYoungGen: 49024K->1408K(49664K)] 451689K->404073K(577536K), 0.0018834 secs] [Times: user=0.00 sys=0.00, real=0.01 secs] 
2089.967: [GC (Allocation Failure) [PSYoungGen: 48181K->224K(49664K)] 450847K->402889K(577536K), 0.0016736 secs] [Times: user=0.00 sys=0.00, real=0.00 secs] 
2091.363: [GC (Allocation Failure) [PSYoungGen: 47840K->1376K(49664K)] 450505K->404041K(577536K), 0.0035494 secs] [Times: user=0.01 sys=0.00, real=0.01 secs] 
2092.085: [GC (Allocation Failure) [PSYoungGen: 48992K->1376K(49664K)] 451657K->404041K(577536K), 0.0039867 secs] [Times: user=0.01 sys=0.00, real=0.00 secs] 
2092.588: [GC (Allocation Failure) [PSYoungGen: 48992K->1376K(49664K)] 451657K->404041K(577536K), 0.0026706 secs] [Times: user=0.01 sys=0.00, real=0.00 secs] 
2092.780: [GC (Allocation Failure) [PSYoungGen: 48992K->1376K(49664K)] 451657K->404041K(577536K), 0.0028642 secs] [Times: user=0.01 sys=0.00, real=0.00 secs] 
2092.977: [GC (Allocation Failure) [PSYoungGen: 48992K->1392K(49664K)] 451657K->404057K(577536K), 0.0020252 secs] [Times: user=0.01 sys=0.00, real=0.00 secs] 
2093.937: [GC (Allocation Failure) [PSYoungGen: 49008K->1552K(49664K)] 451673K->404233K(577536K), 0.0017467 secs] [Times: user=0.01 sys=0.00, real=0.00 secs] 
2094.178: [GC (Allocation Failure) [PSYoungGen: 49168K->1424K(49664K)] 451849K->404105K(577536K), 0.0028871 secs] [Times: user=0.01 sys=0.00, real=0.00 secs] 
2094.374: [GC (Allocation Failure) [PSYoungGen: 49040K->1392K(49664K)] 451721K->404073K(577536K), 0.0020485 secs] [Times: user=0.00 sys=0.00, real=0.00 secs] 
2094.572: [GC (Allocation Failure) [PSYoungGen: 49008K->1376K(49664K)] 451689K->404057K(577536K), 0.0020937 secs] [Times: user=0.01 sys=0.00, real=0.01 secs] 
2094.770: [GC (Allocation Failure) [PSYoungGen: 48992K->1440K(49664K)] 451673K->404121K(577536K), 0.0020549 secs] [Times: user=0.00 sys=0.00, real=0.00 secs] 
2094.968: [GC (Allocation Failure) [PSYoungGen: 49056K->1424K(49664K)] 451737K->404105K(577536K), 0.0020270 secs] [Times: user=0.01 sys=0.00, real=0.00 secs] 
2095.849: [GC (Allocation Failure) [PSYoungGen: 49040K->1920K(49664K)] 451721K->404601K(577536K), 0.0016711 secs] [Times: user=0.00 sys=0.00, real=0.00 secs] 
2096.048: [GC (Allocation Failure) [PSYoungGen: 49536K->1424K(49664K)] 452217K->404105K(577536K), 0.0015725 secs] [Times: user=0.01 sys=0.00, real=0.00 secs] 
2096.245: [GC (Allocation Failure) [PSYoungGen: 49040K->1376K(49664K)] 451721K->404057K(577536K), 0.0015956 secs] [Times: user=0.01 sys=0.00, real=0.00 secs] 
2096.451: [GC (Allocation Failure) [PSYoungGen: 48992K->1408K(49664K)] 451673K->404089K(577536K), 0.0016068 secs] [Times: user=0.00 sys=0.00, real=0.00 secs] 
2096.672: [GC (Allocation Failure) [PSYoungGen: 49024K->1408K(49664K)] 451705K->404089K(577536K), 0.0022734 secs] [Times: user=0.01 sys=0.00, real=0.01 secs] 
2096.873: [GC (Allocation Failure) [PSYoungGen: 49024K->1408K(49664K)] 451705K->404089K(577536K), 0.0022586 secs] [Times: user=0.01 sys=0.00, real=0.01 secs] 
2097.971: [GC (Allocation Failure) [PSYoungGen: 49024K->1456K(49664K)] 451705K->404137K(577536K), 0.0017868 secs] [Times: user=0.01 sys=0.00, real=0.00 secs] 
2098.571: [GC (Allocation Failure) [PSYoungGen: 49072K->1376K(49664K)] 451753K->404057K(577536K), 0.0019324 secs] [Times: user=0.01 sys=0.00, real=0.00 secs] 
2099.193: [GC (Allocation Failure) [PSYoungGen: 48992K->1376K(49664K)] 451673K->404057K(577536K), 0.0036806 secs] [Times: user=0.01 sys=0.00, real=0.01 secs] 
2099.686: [GC (Allocation Failure) [PSYoungGen: 48992K->1408K(49664K)] 451673K->404089K(577536K), 0.0029036 secs] [Times: user=0.01 sys=0.00, real=0.00 secs] 
2100.055: [GC (Allocation Failure) [PSYoungGen: 49024K->1408K(49664K)] 451705K->404089K(577536K), 0.0023811 secs] [Times: user=0.01 sys=0.00, real=0.00 secs] 
2100.418: [GC (Allocation Failure) [PSYoungGen: 49024K->1408K(49664K)] 451705K->404089K(577536K), 0.0022805 secs] [Times: user=0.01 sys=0.00, real=0.00 secs] 
2101.533: [GC (Allocation Failure) [PSYoungGen: 49024K->1440K(49664K)] 451705K->404137K(577536K), 0.0020669 secs] [Times: user=0.01 sys=0.00, real=0.01 secs] 
2101.932: [GC (Allocation Failure) [PSYoungGen: 49056K->1376K(49664K)] 451753K->404073K(577536K), 0.0032158 secs] [Times: user=0.02 sys=0.00, real=0.01 secs] 
2102.282: [GC (Allocation Failure) [PSYoungGen: 48992K->1376K(49664K)] 451689K->404073K(577536K), 0.0025390 secs] [Times: user=0.01 sys=0.00, real=0.01 secs] 
2102.477: [GC (Allocation Failure) [PSYoungGen: 48992K->1376K(49664K)] 451689K->404081K(577536K), 0.0020829 secs] [Times: user=0.01 sys=0.00, real=0.00 secs] 
2102.675: [GC (Allocation Failure) [PSYoungGen: 48992K->1440K(49664K)] 451697K->404145K(577536K), 0.0021248 secs] [Times: user=0.01 sys=0.00, real=0.00 secs] 
2102.872: [GC (Allocation Failure) [PSYoungGen: 49056K->1408K(49664K)] 451761K->404113K(577536K), 0.0017872 secs] [Times: user=0.01 sys=0.00, real=0.01 secs] 
2103.985: [GC (Allocation Failure) [PSYoungGen: 49024K->1440K(49664K)] 451729K->404145K(577536K), 0.0023558 secs] [Times: user=0.00 sys=0.00, real=0.00 secs] 
2104.224: [GC (Allocation Failure) [PSYoungGen: 49056K->1376K(49152K)] 451761K->404081K(577024K), 0.0021533 secs] [Times: user=0.01 sys=0.00, real=0.00 secs] 
2104.422: [GC (Allocation Failure) [PSYoungGen: 48992K->1376K(49152K)] 451697K->404081K(577024K), 0.0021137 secs] [Times: user=0.01 sys=0.00, real=0.01 secs] 
2104.655: [GC (Allocation Failure) [PSYoungGen: 48992K->336K(48640K)] 451697K->404065K(576512K), 0.0023108 secs] [Times: user=0.01 sys=0.00, real=0.00 secs] 
2104.853: [GC (Allocation Failure) [PSYoungGen: 47952K->368K(49664K)] 451681K->404097K(577536K), 0.0019869 secs] [Times: user=0.01 sys=0.00, real=0.01 secs] 
2105.079: [GC (Allocation Failure) [PSYoungGen: 47984K->416K(49664K)] 451713K->404145K(577536K), 0.0019712 secs] [Times: user=0.01 sys=0.00, real=0.00 secs] 
2106.586: [GC (Allocation Failure) [PSYoungGen: 48032K->1408K(49664K)] 451761K->405137K(577536K), 0.0039169 secs] [Times: user=0.02 sys=0.00, real=0.00 secs] 
2108.233: [GC (Allocation Failure) [PSYoungGen: 49024K->1440K(49664K)] 452753K->405169K(577536K), 0.0034757 secs] [Times: user=0.02 sys=0.00, real=0.01 secs] 
2108.626: [GC (Allocation Failure) [PSYoungGen: 49056K->1344K(49664K)] 452785K->405073K(577536K), 0.0028531 secs] [Times: user=0.01 sys=0.00, real=0.00 secs] 
2108.930: [GC (Allocation Failure) [PSYoungGen: 48960K->1408K(49664K)] 452689K->405137K(577536K), 0.0021087 secs] [Times: user=0.01 sys=0.00, real=0.00 secs] 
2109.317: [GC (Allocation Failure) [PSYoungGen: 49024K->1408K(49664K)] 452753K->405137K(577536K), 0.0033297 secs] [Times: user=0.01 sys=0.00, real=0.00 secs] 
2109.718: [GC (Allocation Failure) [PSYoungGen: 49024K->1408K(49664K)] 452753K->405137K(577536K), 0.0027305 secs] [Times: user=0.01 sys=0.00, real=0.00 secs] 
2110.978: [GC (Allocation Failure) [PSYoungGen: 49024K->1472K(49664K)] 452753K->405201K(577536K), 0.0019581 secs] [Times: user=0.01 sys=0.00, real=0.00 secs] 
2111.189: [GC (Allocation Failure) [PSYoungGen: 49088K->1376K(49664K)] 452817K->405105K(577536K), 0.0035170 secs] [Times: user=0.01 sys=0.00, real=0.00 secs] 
2111.393: [GC (Allocation Failure) [PSYoungGen: 48992K->1360K(49664K)] 452721K->405089K(577536K), 0.0017957 secs] [Times: user=0.00 sys=0.00, real=0.01 secs] 
2111.633: [GC (Allocation Failure) [PSYoungGen: 48976K->1376K(49664K)] 452705K->405105K(577536K), 0.0023288 secs] [Times: user=0.01 sys=0.00, real=0.01 secs] 
2111.837: [GC (Allocation Failure) [PSYoungGen: 48992K->1440K(49664K)] 452721K->405169K(577536K), 0.0024343 secs] [Times: user=0.01 sys=0.00, real=0.00 secs] 
2112.041: [GC (Allocation Failure) [PSYoungGen: 49056K->1424K(49664K)] 452785K->405153K(577536K), 0.0022332 secs] [Times: user=0.01 sys=0.00, real=0.00 secs] 
2113.329: [GC (Allocation Failure) [PSYoungGen: 49040K->1408K(49664K)] 452769K->405145K(577536K), 0.0022517 secs] [Times: user=0.01 sys=0.00, real=0.00 secs] 
2113.790: [GC (Allocation Failure) [PSYoungGen: 49024K->1376K(49664K)] 452761K->405113K(577536K), 0.0042134 secs] [Times: user=0.02 sys=0.00, real=0.01 secs] 
2114.227: [GC (Allocation Failure) [PSYoungGen: 48992K->1440K(49664K)] 452729K->405177K(577536K), 0.0033818 secs] [Times: user=0.01 sys=0.00, real=0.00 secs] 
2114.787: [GC (Allocation Failure) [PSYoungGen: 49056K->1376K(49664K)] 452793K->405113K(577536K), 0.0045343 secs] [Times: user=0.02 sys=0.00, real=0.00 secs] 
2115.304: [GC (Allocation Failure) [PSYoungGen: 48992K->1408K(49664K)] 452729K->405145K(577536K), 0.0031935 secs] [Times: user=0.01 sys=0.00, real=0.00 secs] 
2115.745: [GC (Allocation Failure) [PSYoungGen: 49024K->1440K(49664K)] 452761K->405177K(577536K), 0.0028455 secs] [Times: user=0.02 sys=0.00, real=0.00 secs] 
2117.195: [GC (Allocation Failure) [PSYoungGen: 49056K->1440K(49664K)] 452793K->405177K(577536K), 0.0017726 secs] [Times: user=0.01 sys=0.00, real=0.00 secs] 
2117.742: [GC (Allocation Failure) [PSYoungGen: 49056K->1376K(49664K)] 452793K->405113K(577536K), 0.0018079 secs] [Times: user=0.01 sys=0.01, real=0.01 secs] 
2118.306: [GC (Allocation Failure) [PSYoungGen: 48992K->1376K(49664K)] 452729K->405113K(577536K), 0.0020745 secs] [Times: user=0.01 sys=0.00, real=0.00 secs] 
2118.903: [GC (Allocation Failure) [PSYoungGen: 48992K->1408K(49664K)] 452729K->405145K(577536K), 0.0019537 secs] [Times: user=0.01 sys=0.00, real=0.01 secs] 
2119.513: [GC (Allocation Failure) [PSYoungGen: 49024K->1376K(49664K)] 452761K->405113K(577536K), 0.0020923 secs] [Times: user=0.01 sys=0.00, real=0.01 secs] 
2119.900: [GC (Allocation Failure) [PSYoungGen: 48992K->1376K(49664K)] 452729K->405113K(577536K), 0.0021218 secs] [Times: user=0.01 sys=0.00, real=0.00 secs] 
2120.977: [GC (Allocation Failure) [PSYoungGen: 48992K->1408K(49664K)] 452729K->405145K(577536K), 0.0017696 secs] [Times: user=0.01 sys=0.00, real=0.00 secs] 
2121.211: [GC (Allocation Failure) [PSYoungGen: 49024K->1392K(49664K)] 452761K->405129K(577536K), 0.0020015 secs] [Times: user=0.01 sys=0.00, real=0.00 secs] 
2121.421: [GC (Allocation Failure) [PSYoungGen: 49008K->1376K(49664K)] 452745K->405113K(577536K), 0.0020535 secs] [Times: user=0.01 sys=0.00, real=0.00 secs] 
2121.623: [GC (Allocation Failure) [PSYoungGen: 48992K->1392K(49152K)] 452729K->405137K(577024K), 0.0020560 secs] [Times: user=0.01 sys=0.00, real=0.01 secs] 
2121.878: [GC (Allocation Failure) [PSYoungGen: 49008K->1344K(49152K)] 452753K->405089K(577024K), 0.0021064 secs] [Times: user=0.01 sys=0.00, real=0.00 secs] 
2122.081: [GC (Allocation Failure) [PSYoungGen: 48960K->352K(48640K)] 452705K->405121K(576512K), 0.0021565 secs] [Times: user=0.01 sys=0.00, real=0.00 secs] 
2123.044: [GC (Allocation Failure) [PSYoungGen: 47968K->1424K(49664K)] 452737K->406209K(577536K), 0.0017686 secs] [Times: user=0.01 sys=0.00, real=0.01 secs] 
2123.251: [GC (Allocation Failure) [PSYoungGen: 49040K->1408K(49664K)] 453825K->406193K(577536K), 0.0017879 secs] [Times: user=0.00 sys=0.00, real=0.00 secs] 
2123.452: [GC (Allocation Failure) [PSYoungGen: 49024K->1376K(49664K)] 453809K->406161K(577536K), 0.0017245 secs] [Times: user=0.01 sys=0.00, real=0.00 secs] 
2123.649: [GC (Allocation Failure) [PSYoungGen: 48992K->1376K(49664K)] 453777K->406161K(577536K), 0.0016309 secs] [Times: user=0.01 sys=0.01, real=0.00 secs] 
2123.897: [GC (Allocation Failure) [PSYoungGen: 48992K->1408K(49664K)] 453777K->406193K(577536K), 0.0019425 secs] [Times: user=0.00 sys=0.00, real=0.00 secs] 
2124.333: [GC (Allocation Failure) [PSYoungGen: 49024K->1376K(49664K)] 453809K->406161K(577536K), 0.0022969 secs] [Times: user=0.01 sys=0.00, real=0.01 secs] 
2125.619: [GC (Allocation Failure) [PSYoungGen: 48992K->1440K(49664K)] 453777K->406225K(577536K), 0.0017692 secs] [Times: user=0.01 sys=0.00, real=0.00 secs] 
2126.129: [GC (Allocation Failure) [PSYoungGen: 49056K->1392K(49664K)] 453841K->406177K(577536K), 0.0037144 secs] [Times: user=0.01 sys=0.00, real=0.00 secs] 
2126.347: [GC (Allocation Failure) [PSYoungGen: 49008K->1376K(49664K)] 453793K->406161K(577536K), 0.0030362 secs] [Times: user=0.01 sys=0.01, real=0.00 secs] 
2126.546: [GC (Allocation Failure) [PSYoungGen: 48992K->1424K(49664K)] 453777K->406209K(577536K), 0.0021536 secs] [Times: user=0.01 sys=0.00, real=0.00 secs] 
2126.744: [GC (Allocation Failure) [PSYoungGen: 49040K->1424K(49664K)] 453825K->406209K(577536K), 0.0020575 secs] [Times: user=0.00 sys=0.00, real=0.01 secs] 
2126.941: [GC (Allocation Failure) [PSYoungGen: 49040K->1392K(49664K)] 453825K->406177K(577536K), 0.0017751 secs] [Times: user=0.01 sys=0.00, real=0.00 secs] 
2127.801: [GC (Allocation Failure) [PSYoungGen: 49008K->1440K(49664K)] 453793K->406225K(577536K), 0.0016509 secs] [Times: user=0.00 sys=0.00, real=0.00 secs] 
2127.998: [GC (Allocation Failure) [PSYoungGen: 49056K->1392K(49664K)] 453841K->406177K(577536K), 0.0015858 secs] [Times: user=0.01 sys=0.00, real=0.00 secs] 
2128.216: [GC (Allocation Failure) [PSYoungGen: 49008K->1408K(49664K)] 453793K->406193K(577536K), 0.0016595 secs] [Times: user=0.00 sys=0.00, real=0.00 secs] 
2128.414: [GC (Allocation Failure) [PSYoungGen: 49024K->1376K(49664K)] 453809K->406161K(577536K), 0.0017384 secs] [Times: user=0.01 sys=0.00, real=0.00 secs] 
2128.611: [GC (Allocation Failure) [PSYoungGen: 48992K->1408K(49664K)] 453777K->406193K(577536K), 0.0017640 secs] [Times: user=0.01 sys=0.00, real=0.00 secs] 
2128.808: [GC (Allocation Failure) [PSYoungGen: 49024K->1376K(49664K)] 453809K->406161K(577536K), 0.0015806 secs] [Times: user=0.00 sys=0.00, real=0.00 secs] 
2130.198: [GC (Allocation Failure) [PSYoungGen: 48992K->1440K(49664K)] 453777K->406225K(577536K), 0.0016879 secs] [Times: user=0.00 sys=0.00, real=0.00 secs] 
2130.587: [GC (Allocation Failure) [PSYoungGen: 49056K->1408K(49664K)] 453841K->406193K(577536K), 0.0016344 secs] [Times: user=0.01 sys=0.00, real=0.00 secs] 
2130.848: [GC (Allocation Failure) [PSYoungGen: 49024K->1376K(49152K)] 453809K->406161K(577024K), 0.0020511 secs] [Times: user=0.01 sys=0.00, real=0.00 secs] 
2131.185: [GC (Allocation Failure) [PSYoungGen: 48992K->1376K(49152K)] 453777K->406177K(577024K), 0.0020714 secs] [Times: user=0.01 sys=0.00, real=0.00 secs] 
2131.522: [GC (Allocation Failure) [PSYoungGen: 48992K->1392K(49152K)] 453793K->406193K(577024K), 0.0019790 secs] [Times: user=0.01 sys=0.00, real=0.01 secs] 
2132.639: [GC (Allocation Failure) [PSYoungGen: 49008K->128K(48640K)] 453809K->404929K(576512K), 0.0015668 secs] [Times: user=0.01 sys=0.00, real=0.00 secs] 
2132.851: [GC (Allocation Failure) [PSYoungGen: 47232K->1440K(49152K)] 452033K->406241K(577024K), 0.0018532 secs] [Times: user=0.01 sys=0.00, real=0.00 secs] 
2133.047: [GC (Allocation Failure) [PSYoungGen: 48544K->1408K(49152K)] 453345K->406209K(577024K), 0.0016792 secs] [Times: user=0.01 sys=0.00, real=0.00 secs] 
2133.242: [GC (Allocation Failure) [PSYoungGen: 48512K->1392K(49152K)] 453313K->406193K(577024K), 0.0017394 secs] [Times: user=0.00 sys=0.00, real=0.00 secs] 
2133.437: [GC (Allocation Failure) [PSYoungGen: 48496K->1408K(49152K)] 453297K->406209K(577024K), 0.0017925 secs] [Times: user=0.01 sys=0.00, real=0.00 secs] 
2133.632: [GC (Allocation Failure) [PSYoungGen: 48512K->1408K(49152K)] 453313K->406209K(577024K), 0.0017610 secs] [Times: user=0.01 sys=0.00, real=0.01 secs] 
2134.333: [GC (Allocation Failure) [PSYoungGen: 48512K->1373K(49152K)] 453313K->406174K(577024K), 0.0015690 secs] [Times: user=0.01 sys=0.00, real=0.01 secs] 
2135.659: [GC (Allocation Failure) [PSYoungGen: 48477K->1472K(49152K)] 453278K->406273K(577024K), 0.0028150 secs] [Times: user=0.02 sys=0.00, real=0.00 secs] 
2136.470: [GC (Allocation Failure) [PSYoungGen: 48576K->1440K(49152K)] 453377K->406241K(577024K), 0.0040105 secs] [Times: user=0.02 sys=0.00, real=0.01 secs] 
2137.022: [GC (Allocation Failure) [PSYoungGen: 48544K->1408K(49152K)] 453345K->406209K(577024K), 0.0032000 secs] [Times: user=0.01 sys=0.00, real=0.01 secs] 
2137.442: [GC (Allocation Failure) [PSYoungGen: 48512K->1408K(49152K)] 453313K->406217K(577024K), 0.0027140 secs] [Times: user=0.01 sys=0.00, real=0.01 secs] 
2137.864: [GC (Allocation Failure) [PSYoungGen: 48512K->1440K(49152K)] 453321K->406249K(577024K), 0.0035836 secs] [Times: user=0.02 sys=0.00, real=0.00 secs] 
2138.414: [GC (Allocation Failure) [PSYoungGen: 47563K->240K(49152K)] 452372K->405049K(577024K), 0.0035060 secs] [Times: user=0.02 sys=0.00, real=0.00 secs] 
2139.549: [GC (Allocation Failure) [PSYoungGen: 47344K->1440K(49152K)] 452153K->406249K(577024K), 0.0018590 secs] [Times: user=0.00 sys=0.00, real=0.00 secs] 
2140.057: [GC (Allocation Failure) [PSYoungGen: 48544K->1408K(49152K)] 453353K->406217K(577024K), 0.0037147 secs] [Times: user=0.02 sys=0.00, real=0.00 secs] 
2140.444: [GC (Allocation Failure) [PSYoungGen: 48512K->1408K(49152K)] 453321K->406217K(577024K), 0.0028953 secs] [Times: user=0.01 sys=0.00, real=0.00 secs] 
2140.843: [GC (Allocation Failure) [PSYoungGen: 48512K->1408K(49152K)] 453321K->406217K(577024K), 0.0026539 secs] [Times: user=0.01 sys=0.00, real=0.01 secs] 
2141.317: [GC (Allocation Failure) [PSYoungGen: 48512K->1424K(49152K)] 453321K->406233K(577024K), 0.0023657 secs] [Times: user=0.01 sys=0.00, real=0.00 secs] 
2141.837: [GC (Allocation Failure) [PSYoungGen: 48528K->240K(49152K)] 453337K->405049K(577024K), 0.0022722 secs] [Times: user=0.01 sys=0.00, real=0.00 secs] 
2142.743: [GC (Allocation Failure) [PSYoungGen: 47344K->1440K(49152K)] 452153K->406249K(577024K), 0.0017678 secs] [Times: user=0.01 sys=0.00, real=0.01 secs] 
2142.939: [GC (Allocation Failure) [PSYoungGen: 48544K->1376K(49152K)] 453353K->406185K(577024K), 0.0017784 secs] [Times: user=0.01 sys=0.00, real=0.00 secs] 
2143.167: [GC (Allocation Failure) [PSYoungGen: 48480K->1376K(49152K)] 453289K->406185K(577024K), 0.0018294 secs] [Times: user=0.01 sys=0.00, real=0.00 secs] 
2143.469: [GC (Allocation Failure) [PSYoungGen: 48480K->1392K(49152K)] 453289K->406217K(577024K), 0.0017430 secs] [Times: user=0.00 sys=0.00, real=0.00 secs] 
2143.786: [GC (Allocation Failure) [PSYoungGen: 48496K->1392K(49152K)] 453321K->406217K(577024K), 0.0018501 secs] [Times: user=0.01 sys=0.00, real=0.00 secs] 
2144.177: [GC (Allocation Failure) [PSYoungGen: 48489K->272K(49152K)] 453314K->405097K(577024K), 0.0020030 secs] [Times: user=0.01 sys=0.00, real=0.00 secs] 
2145.826: [GC (Allocation Failure) [PSYoungGen: 47376K->1472K(49152K)] 452201K->406297K(577024K), 0.0035316 secs] [Times: user=0.02 sys=0.00, real=0.00 secs] 
2146.327: [GC (Allocation Failure) [PSYoungGen: 48576K->1376K(49152K)] 453401K->406201K(577024K), 0.0037267 secs] [Times: user=0.01 sys=0.00, real=0.00 secs] 
2146.988: [GC (Allocation Failure) [PSYoungGen: 48480K->1440K(49152K)] 453305K->406265K(577024K), 0.0034188 secs] [Times: user=0.02 sys=0.00, real=0.00 secs] 
2147.555: [GC (Allocation Failure) [PSYoungGen: 48544K->1408K(49152K)] 453369K->406233K(577024K), 0.0033574 secs] [Times: user=0.01 sys=0.00, real=0.00 secs] 
2148.072: [GC (Allocation Failure) [PSYoungGen: 48512K->1376K(49152K)] 453337K->406201K(577024K), 0.0034024 secs] [Times: user=0.02 sys=0.00, real=0.01 secs] 
2148.643: [GC (Allocation Failure) [PSYoungGen: 48441K->272K(48640K)] 453266K->405097K(576512K), 0.0032608 secs] [Times: user=0.01 sys=0.00, real=0.01 secs] 
2149.744: [GC (Allocation Failure) [PSYoungGen: 46864K->1408K(49152K)] 451689K->406233K(577024K), 0.0019599 secs] [Times: user=0.01 sys=0.00, real=0.00 secs] 
2149.998: [GC (Allocation Failure) [PSYoungGen: 48000K->1392K(48128K)] 452825K->406217K(576000K), 0.0022807 secs] [Times: user=0.01 sys=0.00, real=0.00 secs] 
2150.235: [GC (Allocation Failure) [PSYoungGen: 47984K->1376K(48640K)] 452809K->406201K(576512K), 0.0025762 secs] [Times: user=0.01 sys=0.00, real=0.00 secs] 
2150.559: [GC (Allocation Failure) [PSYoungGen: 47968K->1408K(48640K)] 452793K->406233K(576512K), 0.0033216 secs] [Times: user=0.02 sys=0.00, real=0.00 secs] 
2151.063: [GC (Allocation Failure) [PSYoungGen: 48000K->1440K(48640K)] 452825K->406265K(576512K), 0.0039592 secs] [Times: user=0.02 sys=0.00, real=0.01 secs] 
2151.554: [GC (Allocation Failure) [PSYoungGen: 48032K->1408K(48640K)] 452857K->406233K(576512K), 0.0027911 secs] [Times: user=0.01 sys=0.00, real=0.00 secs] 
2153.311: [GC (Allocation Failure) [PSYoungGen: 48000K->1472K(48640K)] 452825K->406297K(576512K), 0.0023263 secs] [Times: user=0.01 sys=0.00, real=0.01 secs] 
2153.504: [GC (Allocation Failure) [PSYoungGen: 48064K->1408K(48640K)] 452889K->406233K(576512K), 0.0021702 secs] [Times: user=0.01 sys=0.00, real=0.00 secs] 
2153.698: [GC (Allocation Failure) [PSYoungGen: 48000K->1376K(48640K)] 452825K->406201K(576512K), 0.0021208 secs] [Times: user=0.01 sys=0.00, real=0.00 secs] 
2153.941: [GC (Allocation Failure) [PSYoungGen: 47968K->1376K(48640K)] 452793K->406209K(576512K), 0.0021161 secs] [Times: user=0.01 sys=0.00, real=0.00 secs] 
2154.349: [GC (Allocation Failure) [PSYoungGen: 47968K->1392K(48640K)] 452801K->406225K(576512K), 0.0023235 secs] [Times: user=0.01 sys=0.00, real=0.00 secs] 
2154.724: [GC (Allocation Failure) [PSYoungGen: 47984K->1376K(48640K)] 452817K->406209K(576512K), 0.0021471 secs] [Times: user=0.01 sys=0.00, real=0.00 secs] 
2156.265: [GC (Allocation Failure) [PSYoungGen: 47968K->1408K(48640K)] 452801K->406241K(576512K), 0.0038613 secs] [Times: user=0.02 sys=0.00, real=0.00 secs] 
2156.748: [GC (Allocation Failure) [PSYoungGen: 48000K->1440K(48640K)] 452833K->406273K(576512K), 0.0032440 secs] [Times: user=0.02 sys=0.00, real=0.00 secs] 
2157.064: [GC (Allocation Failure) [PSYoungGen: 48032K->1376K(48640K)] 452865K->406209K(576512K), 0.0026059 secs] [Times: user=0.01 sys=0.00, real=0.00 secs] 
2157.461: [GC (Allocation Failure) [PSYoungGen: 47968K->1408K(48640K)] 452801K->406241K(576512K), 0.0021963 secs] [Times: user=0.01 sys=0.00, real=0.00 secs] 
2157.894: [GC (Allocation Failure) [PSYoungGen: 48000K->1408K(48640K)] 452833K->406241K(576512K), 0.0025410 secs] [Times: user=0.01 sys=0.00, real=0.01 secs] 
2158.320: [GC (Allocation Failure) [PSYoungGen: 48000K->1408K(48640K)] 452833K->406241K(576512K), 0.0023094 secs] [Times: user=0.01 sys=0.00, real=0.00 secs] 
2159.724: [GC (Allocation Failure) [PSYoungGen: 48000K->1440K(48640K)] 452833K->406273K(576512K), 0.0027770 secs] [Times: user=0.01 sys=0.00, real=0.00 secs] 
2160.486: [GC (Allocation Failure) [PSYoungGen: 48032K->1408K(48640K)] 452865K->406241K(576512K), 0.0037216 secs] [Times: user=0.01 sys=0.00, real=0.00 secs] 
2161.300: [GC (Allocation Failure) [PSYoungGen: 48000K->1440K(48640K)] 452833K->406273K(576512K), 0.0041149 secs] [Times: user=0.02 sys=0.00, real=0.01 secs] 
2162.001: [GC (Allocation Failure) [PSYoungGen: 48032K->1408K(48640K)] 452865K->406241K(576512K), 0.0041231 secs] [Times: user=0.01 sys=0.00, real=0.01 secs] 
2162.540: [GC (Allocation Failure) [PSYoungGen: 48000K->1344K(48640K)] 452833K->406177K(576512K), 0.0071290 secs] [Times: user=0.03 sys=0.00, real=0.01 secs] 
2163.070: [GC (Allocation Failure) [PSYoungGen: 47936K->1408K(48640K)] 452769K->406241K(576512K), 0.0040215 secs] [Times: user=0.02 sys=0.00, real=0.01 secs] 
2164.118: [GC (Allocation Failure) [PSYoungGen: 48000K->1408K(48640K)] 452833K->406241K(576512K), 0.0024789 secs] [Times: user=0.01 sys=0.00, real=0.00 secs] 
2164.313: [GC (Allocation Failure) [PSYoungGen: 48000K->1376K(48640K)] 452833K->406209K(576512K), 0.0021158 secs] [Times: user=0.01 sys=0.00, real=0.01 secs] 
2164.683: [GC (Allocation Failure) [PSYoungGen: 47968K->1440K(48640K)] 452801K->406281K(576512K), 0.0020786 secs] [Times: user=0.01 sys=0.00, real=0.01 secs] 
2165.030: [GC (Allocation Failure) [PSYoungGen: 48032K->1376K(48640K)] 452873K->406217K(576512K), 0.0019302 secs] [Times: user=0.01 sys=0.00, real=0.00 secs] 
2165.390: [GC (Allocation Failure) [PSYoungGen: 47968K->1408K(48640K)] 452809K->406249K(576512K), 0.0031295 secs] [Times: user=0.02 sys=0.00, real=0.00 secs] 
2165.815: [GC (Allocation Failure) [PSYoungGen: 48000K->1360K(48640K)] 452841K->406201K(576512K), 0.0027976 secs] [Times: user=0.01 sys=0.00, real=0.00 secs] 
2166.838: [GC (Allocation Failure) [PSYoungGen: 47952K->1440K(48640K)] 452793K->406281K(576512K), 0.0019391 secs] [Times: user=0.01 sys=0.00, real=0.00 secs] 
2167.031: [GC (Allocation Failure) [PSYoungGen: 48032K->1392K(48128K)] 452873K->406233K(576000K), 0.0020075 secs] [Times: user=0.01 sys=0.00, real=0.00 secs] 
2167.367: [GC (Allocation Failure) [PSYoungGen: 47984K->1376K(48128K)] 452825K->406217K(576000K), 0.0020060 secs] [Times: user=0.01 sys=0.00, real=0.00 secs] 
2167.867: [GC (Allocation Failure) [PSYoungGen: 47968K->352K(47616K)] 452809K->406217K(575488K), 0.0021416 secs] [Times: user=0.01 sys=0.00, real=0.00 secs] 
2168.438: [GC (Allocation Failure) [PSYoungGen: 46944K->416K(48640K)] 452809K->406281K(576512K), 0.0039331 secs] [Times: user=0.02 sys=0.00, real=0.00 secs] 
2168.949: [GC (Allocation Failure) [PSYoungGen: 47008K->352K(48640K)] 452873K->406217K(576512K), 0.0042914 secs] [Times: user=0.02 sys=0.00, real=0.00 secs] 
2170.418: [GC (Allocation Failure) [PSYoungGen: 46944K->1456K(48640K)] 452809K->407321K(576512K), 0.0036514 secs] [Times: user=0.02 sys=0.00, real=0.00 secs] 
2170.640: [GC (Allocation Failure) [PSYoungGen: 48048K->1376K(48640K)] 453913K->407241K(576512K), 0.0020926 secs] [Times: user=0.01 sys=0.00, real=0.00 secs] 
2170.834: [GC (Allocation Failure) [PSYoungGen: 47968K->1376K(48640K)] 453833K->407241K(576512K), 0.0020588 secs] [Times: user=0.01 sys=0.00, real=0.00 secs] 
2171.028: [GC (Allocation Failure) [PSYoungGen: 47968K->1408K(48640K)] 453833K->407273K(576512K), 0.0018907 secs] [Times: user=0.01 sys=0.00, real=0.00 secs] 
2171.321: [GC (Allocation Failure) [PSYoungGen: 48000K->1408K(48640K)] 453865K->407273K(576512K), 0.0020575 secs] [Times: user=0.01 sys=0.00, real=0.00 secs] 
2171.638: [GC (Allocation Failure) [PSYoungGen: 48000K->1376K(48640K)] 453865K->407257K(576512K), 0.0018540 secs] [Times: user=0.01 sys=0.00, real=0.00 secs] 
2172.747: [GC (Allocation Failure) [PSYoungGen: 47968K->1472K(48640K)] 453849K->407353K(576512K), 0.0019361 secs] [Times: user=0.01 sys=0.00, real=0.00 secs] 
2172.950: [GC (Allocation Failure) [PSYoungGen: 48064K->1408K(48640K)] 453945K->407289K(576512K), 0.0017833 secs] [Times: user=0.01 sys=0.00, real=0.00 secs] 
2173.143: [GC (Allocation Failure) [PSYoungGen: 48000K->1376K(48640K)] 453881K->407257K(576512K), 0.0017911 secs] [Times: user=0.01 sys=0.00, real=0.01 secs] 
2173.341: [GC (Allocation Failure) [PSYoungGen: 47968K->1376K(48640K)] 453849K->407265K(576512K), 0.0033832 secs] [Times: user=0.02 sys=0.00, real=0.01 secs] 
2173.533: [GC (Allocation Failure) [PSYoungGen: 47968K->1408K(48640K)] 453857K->407297K(576512K), 0.0023893 secs] [Times: user=0.01 sys=0.00, real=0.01 secs] 
2173.727: [GC (Allocation Failure) [PSYoungGen: 48000K->1376K(52736K)] 453889K->407265K(580608K), 0.0024630 secs] [Times: user=0.01 sys=0.00, real=0.00 secs] 
2175.120: [GC (Allocation Failure) [PSYoungGen: 52064K->1408K(52736K)] 457953K->407297K(580608K), 0.0032132 secs] [Times: user=0.01 sys=0.01, real=0.00 secs] 
2175.793: [GC (Allocation Failure) [PSYoungGen: 52096K->1360K(52736K)] 457985K->407257K(580608K), 0.0041715 secs] [Times: user=0.02 sys=0.00, real=0.01 secs] 
2176.408: [GC (Allocation Failure) [PSYoungGen: 52048K->1408K(52736K)] 457945K->407313K(580608K), 0.0039278 secs] [Times: user=0.02 sys=0.00, real=0.00 secs] 
2176.929: [GC (Allocation Failure) [PSYoungGen: 52096K->1408K(52736K)] 458001K->407321K(580608K), 0.0046735 secs] [Times: user=0.01 sys=0.00, real=0.00 secs] 
2177.389: [GC (Allocation Failure) [PSYoungGen: 52096K->1408K(52736K)] 458009K->407321K(580608K), 0.0028167 secs] [Times: user=0.01 sys=0.00, real=0.00 secs] 
2177.964: [GC (Allocation Failure) [PSYoungGen: 52096K->1392K(52736K)] 458009K->407305K(580608K), 0.0026254 secs] [Times: user=0.01 sys=0.00, real=0.00 secs] 
2179.193: [GC (Allocation Failure) [PSYoungGen: 52080K->1408K(52736K)] 457993K->407321K(580608K), 0.0021313 secs] [Times: user=0.01 sys=0.00, real=0.01 secs] 
2179.417: [GC (Allocation Failure) [PSYoungGen: 52096K->1440K(52736K)] 458009K->407353K(580608K), 0.0025470 secs] [Times: user=0.01 sys=0.00, real=0.00 secs] 
2179.640: [GC (Allocation Failure) [PSYoungGen: 52128K->1344K(52736K)] 458041K->407257K(580608K), 0.0023032 secs] [Times: user=0.01 sys=0.00, real=0.00 secs] 
2179.875: [GC (Allocation Failure) [PSYoungGen: 52032K->1344K(52736K)] 457945K->407257K(580608K), 0.0025624 secs] [Times: user=0.01 sys=0.00, real=0.00 secs] 
2180.077: [GC (Allocation Failure) [PSYoungGen: 52032K->1408K(52736K)] 457945K->407321K(580608K), 0.0019669 secs] [Times: user=0.01 sys=0.00, real=0.00 secs] 
2181.108: [GC (Allocation Failure) [PSYoungGen: 52096K->1424K(52736K)] 458009K->407337K(580608K), 0.0017426 secs] [Times: user=0.01 sys=0.00, real=0.00 secs] 
2181.580: [GC (Allocation Failure) [PSYoungGen: 52112K->1408K(52736K)] 458025K->407321K(580608K), 0.0035079 secs] [Times: user=0.01 sys=0.01, real=0.01 secs] 
2182.013: [GC (Allocation Failure) [PSYoungGen: 52096K->1408K(52736K)] 458009K->407321K(580608K), 0.0026088 secs] [Times: user=0.01 sys=0.00, real=0.01 secs] 
2182.224: [GC (Allocation Failure) [PSYoungGen: 52096K->1376K(52736K)] 458009K->407289K(580608K), 0.0020815 secs] [Times: user=0.01 sys=0.00, real=0.00 secs] 
2182.434: [GC (Allocation Failure) [PSYoungGen: 52064K->1424K(52736K)] 457977K->407353K(580608K), 0.0020705 secs] [Times: user=0.01 sys=0.01, real=0.00 secs] 
2182.645: [GC (Allocation Failure) [PSYoungGen: 52112K->1392K(52736K)] 458041K->407321K(580608K), 0.0019986 secs] [Times: user=0.01 sys=0.00, real=0.00 secs] 
2183.924: [GC (Allocation Failure) [PSYoungGen: 52080K->1408K(52736K)] 458009K->407337K(580608K), 0.0019449 secs] [Times: user=0.01 sys=0.00, real=0.00 secs] 
2184.392: [GC (Allocation Failure) [PSYoungGen: 52096K->1376K(52224K)] 458025K->407305K(580096K), 0.0041664 secs] [Times: user=0.02 sys=0.00, real=0.01 secs] 
2184.644: [GC (Allocation Failure) [PSYoungGen: 52064K->1440K(52224K)] 457993K->407369K(580096K), 0.0021331 secs] [Times: user=0.01 sys=0.00, real=0.00 secs] 
2184.867: [GC (Allocation Failure) [PSYoungGen: 52128K->1376K(52224K)] 458057K->407305K(580096K), 0.0020456 secs] [Times: user=0.01 sys=0.00, real=0.00 secs] 
2185.078: [GC (Allocation Failure) [PSYoungGen: 52064K->1440K(52224K)] 457993K->407369K(580096K), 0.0019387 secs] [Times: user=0.01 sys=0.00, real=0.00 secs] 
2186.177: [GC (Allocation Failure) [PSYoungGen: 52128K->1408K(52224K)] 458057K->407337K(580096K), 0.0017761 secs] [Times: user=0.01 sys=0.00, real=0.00 secs] 
2186.723: [GC (Allocation Failure) [PSYoungGen: 52096K->1408K(52224K)] 458025K->407337K(580096K), 0.0021546 secs] [Times: user=0.01 sys=0.00, real=0.01 secs] 
2187.092: [GC (Allocation Failure) [PSYoungGen: 52096K->1408K(52224K)] 458025K->407337K(580096K), 0.0021843 secs] [Times: user=0.00 sys=0.00, real=0.01 secs] 
2187.303: [GC (Allocation Failure) [PSYoungGen: 52096K->1376K(52224K)] 458025K->407305K(580096K), 0.0021344 secs] [Times: user=0.01 sys=0.00, real=0.01 secs] 
2187.538: [GC (Allocation Failure) [PSYoungGen: 52064K->1376K(52224K)] 457993K->407313K(580096K), 0.0018736 secs] [Times: user=0.00 sys=0.00, real=0.00 secs] 
2187.749: [GC (Allocation Failure) [PSYoungGen: 52064K->1440K(52224K)] 458001K->407377K(580096K), 0.0020674 secs] [Times: user=0.01 sys=0.00, real=0.00 secs] 
2189.002: [GC (Allocation Failure) [PSYoungGen: 52128K->1440K(52224K)] 458065K->407377K(580096K), 0.0017993 secs] [Times: user=0.01 sys=0.00, real=0.01 secs] 
2189.264: [GC (Allocation Failure) [PSYoungGen: 52128K->1376K(52224K)] 458065K->407313K(580096K), 0.0019373 secs] [Times: user=0.01 sys=0.00, real=0.00 secs] 
2189.476: [GC (Allocation Failure) [PSYoungGen: 52064K->1360K(52224K)] 458001K->407297K(580096K), 0.0033181 secs] [Times: user=0.01 sys=0.00, real=0.00 secs] 
2189.688: [GC (Allocation Failure) [PSYoungGen: 52048K->1408K(52224K)] 457985K->407345K(580096K), 0.0029537 secs] [Times: user=0.01 sys=0.00, real=0.00 secs] 
2189.900: [GC (Allocation Failure) [PSYoungGen: 52096K->1408K(52224K)] 458033K->407345K(580096K), 0.0020544 secs] [Times: user=0.01 sys=0.00, real=0.00 secs] 
2190.908: [GC (Allocation Failure) [PSYoungGen: 52096K->928K(51712K)] 458033K->407889K(579584K), 0.0019041 secs] [Times: user=0.01 sys=0.00, real=0.00 secs] 
2191.556: [GC (Allocation Failure) [PSYoungGen: 51104K->320K(52224K)] 458065K->407297K(580096K), 0.0041541 secs] [Times: user=0.02 sys=0.00, real=0.00 secs] 
2192.121: [GC (Allocation Failure) [PSYoungGen: 50496K->368K(52224K)] 457473K->407345K(580096K), 0.0041585 secs] [Times: user=0.02 sys=0.00, real=0.01 secs] 
2192.596: [GC (Allocation Failure) [PSYoungGen: 50544K->352K(52224K)] 457521K->407329K(580096K), 0.0031863 secs] [Times: user=0.01 sys=0.00, real=0.00 secs] 
2193.040: [GC (Allocation Failure) [PSYoungGen: 50528K->352K(52224K)] 457505K->407329K(580096K), 0.0032971 secs] [Times: user=0.01 sys=0.00, real=0.00 secs] 
2193.539: [GC (Allocation Failure) [PSYoungGen: 50528K->352K(52224K)] 457505K->407329K(580096K), 0.0027891 secs] [Times: user=0.01 sys=0.00, real=0.00 secs] 
2195.120: [GC (Allocation Failure) [PSYoungGen: 50528K->1472K(52224K)] 457505K->408449K(580096K), 0.0040720 secs] [Times: user=0.02 sys=0.00, real=0.01 secs] 
2195.813: [GC (Allocation Failure) [PSYoungGen: 51648K->1408K(52224K)] 458625K->408385K(580096K), 0.0034426 secs] [Times: user=0.01 sys=0.00, real=0.01 secs] 
2196.425: [GC (Allocation Failure) [PSYoungGen: 51584K->1408K(52736K)] 458561K->408385K(580608K), 0.0030180 secs] [Times: user=0.01 sys=0.00, real=0.00 secs] 
2197.010: [GC (Allocation Failure) [PSYoungGen: 51584K->1408K(52736K)] 458561K->408385K(580608K), 0.0031702 secs] [Times: user=0.01 sys=0.01, real=0.00 secs] 
2197.769: [GC (Allocation Failure) [PSYoungGen: 51584K->1408K(52736K)] 458561K->408385K(580608K), 0.0034055 secs] [Times: user=0.02 sys=0.00, real=0.00 secs] 
2198.484: [GC (Allocation Failure) [PSYoungGen: 51584K->1376K(52736K)] 458561K->408353K(580608K), 0.0034850 secs] [Times: user=0.01 sys=0.00, real=0.00 secs] 
2200.741: [GC (Allocation Failure) [PSYoungGen: 51552K->1440K(52736K)] 458529K->408417K(580608K), 0.0027910 secs] [Times: user=0.01 sys=0.00, real=0.01 secs] 
2201.155: [GC (Allocation Failure) [PSYoungGen: 51616K->1376K(52736K)] 458593K->408353K(580608K), 0.0021765 secs] [Times: user=0.01 sys=0.00, real=0.00 secs] 
2201.378: [GC (Allocation Failure) [PSYoungGen: 51552K->1376K(52736K)] 458529K->408353K(580608K), 0.0021700 secs] [Times: user=0.01 sys=0.00, real=0.00 secs] 
2201.607: [GC (Allocation Failure) [PSYoungGen: 51552K->1440K(52736K)] 458529K->408417K(580608K), 0.0019611 secs] [Times: user=0.01 sys=0.00, real=0.00 secs] 
2201.822: [GC (Allocation Failure) [PSYoungGen: 51616K->1392K(52736K)] 458593K->408369K(580608K), 0.0020595 secs] [Times: user=0.01 sys=0.00, real=0.01 secs] 
2203.014: [GC (Allocation Failure) [PSYoungGen: 51568K->1440K(51712K)] 458545K->408417K(579584K), 0.0030902 secs] [Times: user=0.01 sys=0.00, real=0.00 secs] 
2203.879: [GC (Allocation Failure) [PSYoungGen: 51616K->1408K(52224K)] 458593K->408385K(580096K), 0.0023561 secs] [Times: user=0.01 sys=0.00, real=0.00 secs] 
2204.521: [GC (Allocation Failure) [PSYoungGen: 51584K->1408K(52224K)] 458561K->408385K(580096K), 0.0031939 secs] [Times: user=0.01 sys=0.00, real=0.01 secs] 
2204.957: [GC (Allocation Failure) [PSYoungGen: 51584K->1376K(52224K)] 458561K->408353K(580096K), 0.0031364 secs] [Times: user=0.01 sys=0.00, real=0.00 secs] 
2205.444: [GC (Allocation Failure) [PSYoungGen: 51552K->1392K(52224K)] 458529K->408377K(580096K), 0.0031931 secs] [Times: user=0.01 sys=0.00, real=0.00 secs] 
2206.011: [GC (Allocation Failure) [PSYoungGen: 51568K->1408K(52224K)] 458553K->408393K(580096K), 0.0034129 secs] [Times: user=0.01 sys=0.00, real=0.01 secs] 
2207.325: [GC (Allocation Failure) [PSYoungGen: 51584K->1424K(52224K)] 458569K->408409K(580096K), 0.0017873 secs] [Times: user=0.01 sys=0.00, real=0.00 secs] 
2207.608: [GC (Allocation Failure) [PSYoungGen: 51600K->1376K(52224K)] 458585K->408361K(580096K), 0.0018752 secs] [Times: user=0.01 sys=0.00, real=0.00 secs] 
2207.817: [GC (Allocation Failure) [PSYoungGen: 51552K->1376K(52224K)] 458537K->408361K(580096K), 0.0019634 secs] [Times: user=0.01 sys=0.00, real=0.00 secs] 
2208.101: [GC (Allocation Failure) [PSYoungGen: 51552K->1392K(52224K)] 458537K->408377K(580096K), 0.0018377 secs] [Times: user=0.01 sys=0.00, real=0.00 secs] 
2208.538: [GC (Allocation Failure) [PSYoungGen: 51568K->1408K(52224K)] 458553K->408393K(580096K), 0.0022934 secs] [Times: user=0.01 sys=0.00, real=0.00 secs] 
2208.931: [GC (Allocation Failure) [PSYoungGen: 51584K->1408K(52224K)] 458569K->408393K(580096K), 0.0021390 secs] [Times: user=0.01 sys=0.00, real=0.00 secs] 
2209.920: [GC (Allocation Failure) [PSYoungGen: 51584K->1440K(52224K)] 458569K->408425K(580096K), 0.0019653 secs] [Times: user=0.01 sys=0.01, real=0.00 secs] 
2210.129: [GC (Allocation Failure) [PSYoungGen: 51616K->1392K(52224K)] 458601K->408377K(580096K), 0.0018948 secs] [Times: user=0.01 sys=0.00, real=0.00 secs] 
2210.525: [GC (Allocation Failure) [PSYoungGen: 51568K->1376K(52224K)] 458553K->408361K(580096K), 0.0029701 secs] [Times: user=0.02 sys=0.00, real=0.00 secs] 
2210.867: [GC (Allocation Failure) [PSYoungGen: 51552K->1408K(52224K)] 458537K->408401K(580096K), 0.0027944 secs] [Times: user=0.01 sys=0.00, real=0.00 secs] 
2211.263: [GC (Allocation Failure) [PSYoungGen: 51584K->1408K(52224K)] 458577K->408401K(580096K), 0.0029300 secs] [Times: user=0.01 sys=0.00, real=0.01 secs] 
2213.104: [GC (Allocation Failure) [PSYoungGen: 51584K->1440K(52224K)] 458577K->408441K(580096K), 0.0019514 secs] [Times: user=0.01 sys=0.00, real=0.00 secs] 
2213.312: [GC (Allocation Failure) [PSYoungGen: 51616K->1440K(52224K)] 458617K->408449K(580096K), 0.0017274 secs] [Times: user=0.01 sys=0.00, real=0.01 secs] 
2213.544: [GC (Allocation Failure) [PSYoungGen: 51616K->1376K(52224K)] 458625K->408385K(580096K), 0.0019069 secs] [Times: user=0.00 sys=0.00, real=0.00 secs] 
2213.777: [GC (Allocation Failure) [PSYoungGen: 51552K->1408K(52224K)] 458561K->408417K(580096K), 0.0018533 secs] [Times: user=0.01 sys=0.00, real=0.00 secs] 
2213.985: [GC (Allocation Failure) [PSYoungGen: 51584K->1376K(52224K)] 458593K->408385K(580096K), 0.0017708 secs] [Times: user=0.01 sys=0.00, real=0.00 secs] 
2214.211: [GC (Allocation Failure) [PSYoungGen: 51552K->1376K(52224K)] 458561K->408385K(580096K), 0.0019674 secs] [Times: user=0.01 sys=0.00, real=0.00 secs] 
2216.630: [GC (Allocation Failure) [PSYoungGen: 51552K->1440K(52224K)] 458561K->408449K(580096K), 0.0032036 secs] [Times: user=0.01 sys=0.00, real=0.00 secs] 
2216.844: [GC (Allocation Failure) [PSYoungGen: 51616K->1440K(52224K)] 458625K->408449K(580096K), 0.0019793 secs] [Times: user=0.01 sys=0.01, real=0.00 secs] 
2217.053: [GC (Allocation Failure) [PSYoungGen: 51616K->1376K(52224K)] 458625K->408385K(580096K), 0.0023134 secs] [Times: user=0.00 sys=0.00, real=0.01 secs] 
2217.264: [GC (Allocation Failure) [PSYoungGen: 51552K->1408K(52224K)] 458561K->408417K(580096K), 0.0027216 secs] [Times: user=0.01 sys=0.00, real=0.00 secs] 
2217.489: [GC (Allocation Failure) [PSYoungGen: 51584K->1376K(51712K)] 458593K->408385K(579584K), 0.0020322 secs] [Times: user=0.01 sys=0.00, real=0.00 secs] 
2218.696: [GC (Allocation Failure) [PSYoungGen: 51552K->1504K(51712K)] 458561K->408617K(579584K), 0.0017671 secs] [Times: user=0.00 sys=0.00, real=0.00 secs] 
2219.240: [GC (Allocation Failure) [PSYoungGen: 51680K->1328K(52224K)] 458793K->408441K(580096K), 0.0028412 secs] [Times: user=0.02 sys=0.00, real=0.00 secs] 
2219.736: [GC (Allocation Failure) [PSYoungGen: 51504K->1296K(52224K)] 458617K->408409K(580096K), 0.0029933 secs] [Times: user=0.01 sys=0.00, real=0.00 secs] 
2220.329: [GC (Allocation Failure) [PSYoungGen: 51472K->1280K(52224K)] 458585K->408393K(580096K), 0.0042288 secs] [Times: user=0.01 sys=0.00, real=0.00 secs] 
2220.870: [GC (Allocation Failure) [PSYoungGen: 51456K->1296K(52224K)] 458569K->408409K(580096K), 0.0040961 secs] [Times: user=0.02 sys=0.00, real=0.01 secs] 
2221.359: [GC (Allocation Failure) [PSYoungGen: 51472K->1296K(52224K)] 458585K->408409K(580096K), 0.0028658 secs] [Times: user=0.01 sys=0.00, real=0.00 secs] 
2222.603: [GC (Allocation Failure) [PSYoungGen: 51472K->1440K(52224K)] 458585K->408553K(580096K), 0.0017931 secs] [Times: user=0.01 sys=0.00, real=0.01 secs] 
2222.813: [GC (Allocation Failure) [PSYoungGen: 51616K->1424K(52224K)] 458729K->408537K(580096K), 0.0017988 secs] [Times: user=0.01 sys=0.00, real=0.01 secs] 
2223.022: [GC (Allocation Failure) [PSYoungGen: 51600K->1408K(52224K)] 458713K->408521K(580096K), 0.0028015 secs] [Times: user=0.01 sys=0.00, real=0.01 secs] 
2223.231: [GC (Allocation Failure) [PSYoungGen: 51584K->1376K(52224K)] 458697K->408489K(580096K), 0.0022551 secs] [Times: user=0.01 sys=0.00, real=0.00 secs] 
2223.441: [GC (Allocation Failure) [PSYoungGen: 51552K->1424K(52224K)] 458665K->408561K(580096K), 0.0026092 secs] [Times: user=0.01 sys=0.00, real=0.00 secs] 
2223.649: [GC (Allocation Failure) [PSYoungGen: 51600K->1376K(52224K)] 458737K->408513K(580096K), 0.0021682 secs] [Times: user=0.01 sys=0.00, real=0.00 secs] 
2224.589: [GC (Allocation Failure) [PSYoungGen: 51552K->1456K(52224K)] 458689K->408593K(580096K), 0.0018643 secs] [Times: user=0.00 sys=0.00, real=0.00 secs] 
2224.797: [GC (Allocation Failure) [PSYoungGen: 51632K->1440K(52224K)] 458769K->408577K(580096K), 0.0018515 secs] [Times: user=0.00 sys=0.00, real=0.00 secs] 
2225.006: [GC (Allocation Failure) [PSYoungGen: 51616K->1424K(52224K)] 458753K->408561K(580096K), 0.0026247 secs] [Times: user=0.01 sys=0.00, real=0.00 secs] 
2225.215: [GC (Allocation Failure) [PSYoungGen: 51600K->1376K(51712K)] 458737K->408537K(579584K), 0.0024047 secs] [Times: user=0.01 sys=0.00, real=0.00 secs] 
2225.424: [GC (Allocation Failure) [PSYoungGen: 51552K->1408K(52224K)] 458713K->408569K(580096K), 0.0022912 secs] [Times: user=0.01 sys=0.00, real=0.00 secs] 
2226.381: [GC (Allocation Failure) [PSYoungGen: 52096K->1424K(52224K)] 459257K->408585K(580096K), 0.0018625 secs] [Times: user=0.01 sys=0.00, real=0.00 secs] 
2226.617: [GC (Allocation Failure) [PSYoungGen: 52112K->1408K(52224K)] 459273K->408569K(580096K), 0.0019252 secs] [Times: user=0.01 sys=0.00, real=0.00 secs] 
2226.882: [GC (Allocation Failure) [PSYoungGen: 52096K->1408K(52224K)] 459257K->408569K(580096K), 0.0018466 secs] [Times: user=0.01 sys=0.00, real=0.01 secs] 
2227.113: [GC (Allocation Failure) [PSYoungGen: 52096K->1408K(52224K)] 459257K->408569K(580096K), 0.0036449 secs] [Times: user=0.01 sys=0.00, real=0.01 secs] 
2227.331: [GC (Allocation Failure) [PSYoungGen: 52096K->1408K(53760K)] 459257K->408569K(581632K), 0.0032164 secs] [Times: user=0.01 sys=0.00, real=0.01 secs] 
2227.630: [GC (Allocation Failure) [PSYoungGen: 53632K->1408K(53760K)] 460793K->408569K(581632K), 0.0023578 secs] [Times: user=0.01 sys=0.00, real=0.00 secs] 
2228.950: [GC (Allocation Failure) [PSYoungGen: 53632K->1376K(53760K)] 460793K->408537K(581632K), 0.0022672 secs] [Times: user=0.01 sys=0.00, real=0.00 secs] 
2229.185: [GC (Allocation Failure) [PSYoungGen: 53600K->1408K(53760K)] 460761K->408569K(581632K), 0.0024286 secs] [Times: user=0.01 sys=0.00, real=0.00 secs] 
2229.403: [GC (Allocation Failure) [PSYoungGen: 53632K->1408K(53760K)] 460793K->408569K(581632K), 0.0025973 secs] [Times: user=0.01 sys=0.00, real=0.01 secs] 
2229.621: [GC (Allocation Failure) [PSYoungGen: 53632K->1408K(53760K)] 460793K->408569K(581632K), 0.0026377 secs] [Times: user=0.01 sys=0.00, real=0.01 secs] 
2229.839: [GC (Allocation Failure) [PSYoungGen: 53632K->1424K(53760K)] 460793K->408601K(581632K), 0.0021171 secs] [Times: user=0.00 sys=0.00, real=0.00 secs] 
2231.629: [GC (Allocation Failure) [PSYoungGen: 53648K->1472K(53760K)] 460825K->408649K(581632K), 0.0043475 secs] [Times: user=0.02 sys=0.00, real=0.00 secs] 
2232.927: [GC (Allocation Failure) [PSYoungGen: 53696K->1376K(53760K)] 460873K->408553K(581632K), 0.0040070 secs] [Times: user=0.02 sys=0.00, real=0.00 secs] 
2233.388: [GC (Allocation Failure) [PSYoungGen: 53600K->1440K(53760K)] 460777K->408617K(581632K), 0.0032964 secs] [Times: user=0.01 sys=0.00, real=0.00 secs] 
2234.098: [GC (Allocation Failure) [PSYoungGen: 53664K->1424K(53760K)] 460841K->408601K(581632K), 0.0034121 secs] [Times: user=0.02 sys=0.00, real=0.00 secs] 
2234.929: [GC (Allocation Failure) [PSYoungGen: 53648K->1376K(53760K)] 460825K->408553K(581632K), 0.0043681 secs] [Times: user=0.02 sys=0.00, real=0.00 secs] 
2235.730: [GC (Allocation Failure) [PSYoungGen: 53600K->1440K(53760K)] 460777K->408617K(581632K), 0.0039657 secs] [Times: user=0.02 sys=0.00, real=0.01 secs] 
2236.829: [GC (Allocation Failure) [PSYoungGen: 53664K->1440K(53760K)] 460841K->408617K(581632K), 0.0017482 secs] [Times: user=0.01 sys=0.00, real=0.00 secs] 
2237.062: [GC (Allocation Failure) [PSYoungGen: 53664K->1376K(53760K)] 460841K->408553K(581632K), 0.0017789 secs] [Times: user=0.01 sys=0.00, real=0.00 secs] 
2237.302: [GC (Allocation Failure) [PSYoungGen: 53600K->1424K(53760K)] 460777K->408601K(581632K), 0.0023354 secs] [Times: user=0.00 sys=0.01, real=0.01 secs] 
2237.538: [GC (Allocation Failure) [PSYoungGen: 53648K->1376K(53760K)] 460825K->408553K(581632K), 0.0025639 secs] [Times: user=0.01 sys=0.00, real=0.00 secs] 
2237.774: [GC (Allocation Failure) [PSYoungGen: 53600K->1376K(53760K)] 460777K->408553K(581632K), 0.0026387 secs] [Times: user=0.01 sys=0.01, real=0.01 secs] 
2238.764: [GC (Allocation Failure) [PSYoungGen: 53600K->1440K(53760K)] 460777K->408617K(581632K), 0.0018438 secs] [Times: user=0.01 sys=0.00, real=0.01 secs] 
2238.981: [GC (Allocation Failure) [PSYoungGen: 53664K->1408K(53760K)] 460841K->408585K(581632K), 0.0021094 secs] [Times: user=0.00 sys=0.00, real=0.00 secs] 
2239.238: [GC (Allocation Failure) [PSYoungGen: 53632K->1376K(53760K)] 460809K->408553K(581632K), 0.0020563 secs] [Times: user=0.01 sys=0.00, real=0.00 secs] 
2239.562: [GC (Allocation Failure) [PSYoungGen: 53600K->1408K(53760K)] 460777K->408585K(581632K), 0.0018788 secs] [Times: user=0.01 sys=0.00, real=0.01 secs] 
2239.969: [GC (Allocation Failure) [PSYoungGen: 53632K->1408K(53760K)] 460809K->408593K(581632K), 0.0022828 secs] [Times: user=0.01 sys=0.00, real=0.00 secs] 
2241.180: [GC (Allocation Failure) [PSYoungGen: 53632K->1504K(53760K)] 460817K->408793K(581632K), 0.0016707 secs] [Times: user=0.01 sys=0.00, real=0.00 secs] 
2241.427: [GC (Allocation Failure) [PSYoungGen: 53728K->1312K(53248K)] 461017K->408601K(581120K), 0.0019304 secs] [Times: user=0.01 sys=0.00, real=0.00 secs] 
2241.652: [GC (Allocation Failure) [PSYoungGen: 53024K->1296K(53760K)] 460313K->408585K(581632K), 0.0020204 secs] [Times: user=0.00 sys=0.00, real=0.01 secs] 
2241.899: [GC (Allocation Failure) [PSYoungGen: 53008K->1280K(53760K)] 460297K->408593K(581632K), 0.0016747 secs] [Times: user=0.01 sys=0.00, real=0.00 secs] 
2242.357: [GC (Allocation Failure) [PSYoungGen: 52992K->1328K(53760K)] 460305K->408641K(581632K), 0.0020747 secs] [Times: user=0.01 sys=0.00, real=0.00 secs] 
2242.747: [GC (Allocation Failure) [PSYoungGen: 53040K->1312K(53760K)] 460353K->408625K(581632K), 0.0019426 secs] [Times: user=0.00 sys=0.00, real=0.00 secs] 
2244.129: [GC (Allocation Failure) [PSYoungGen: 53024K->1440K(53760K)] 460337K->409777K(581632K), 0.0022377 secs] [Times: user=0.01 sys=0.00, real=0.00 secs] 
2244.721: [GC (Allocation Failure) [PSYoungGen: 53152K->1440K(53760K)] 461489K->409777K(581632K), 0.0027154 secs] [Times: user=0.01 sys=0.00, real=0.00 secs] 
2245.480: [GC (Allocation Failure) [PSYoungGen: 53152K->1472K(53760K)] 461489K->409809K(581632K), 0.0038259 secs] [Times: user=0.02 sys=0.00, real=0.00 secs] 
2246.286: [GC (Allocation Failure) [PSYoungGen: 53184K->1456K(53760K)] 461521K->409793K(581632K), 0.0039287 secs] [Times: user=0.02 sys=0.00, real=0.00 secs] 
2247.074: [GC (Allocation Failure) [PSYoungGen: 53168K->1456K(53760K)] 461505K->409793K(581632K), 0.0035871 secs] [Times: user=0.02 sys=0.00, real=0.00 secs] 
2248.378: [GC (Allocation Failure) [PSYoungGen: 53168K->1952K(53760K)] 461505K->410289K(581632K), 0.0019220 secs] [Times: user=0.00 sys=0.00, real=0.00 secs] 
2248.823: [GC (Allocation Failure) [PSYoungGen: 53664K->1392K(53760K)] 462001K->409729K(581632K), 0.0022754 secs] [Times: user=0.01 sys=0.00, real=0.01 secs] 
2249.298: [GC (Allocation Failure) [PSYoungGen: 53104K->1440K(53760K)] 461441K->409777K(581632K), 0.0020355 secs] [Times: user=0.01 sys=0.00, real=0.00 secs] 
2249.733: [GC (Allocation Failure) [PSYoungGen: 53152K->1408K(53760K)] 461489K->409745K(581632K), 0.0019668 secs] [Times: user=0.01 sys=0.00, real=0.01 secs] 
2250.169: [GC (Allocation Failure) [PSYoungGen: 53120K->1376K(53760K)] 461457K->409761K(581632K), 0.0023206 secs] [Times: user=0.00 sys=0.00, real=0.00 secs] 
2250.570: [GC (Allocation Failure) [PSYoungGen: 53088K->1344K(53760K)] 461473K->409729K(581632K), 0.0021342 secs] [Times: user=0.00 sys=0.01, real=0.00 secs] 
2251.903: [GC (Allocation Failure) [PSYoungGen: 53056K->1472K(53760K)] 461441K->409857K(581632K), 0.0021774 secs] [Times: user=0.01 sys=0.00, real=0.01 secs] 
2252.435: [GC (Allocation Failure) [PSYoungGen: 53184K->1376K(53760K)] 461569K->409761K(581632K), 0.0027356 secs] [Times: user=0.01 sys=0.00, real=0.00 secs] 
2253.101: [GC (Allocation Failure) [PSYoungGen: 53088K->1408K(53760K)] 461473K->409793K(581632K), 0.0028394 secs] [Times: user=0.01 sys=0.00, real=0.01 secs] 
2253.758: [GC (Allocation Failure) [PSYoungGen: 53120K->1440K(53760K)] 461505K->409825K(581632K), 0.0036681 secs] [Times: user=0.01 sys=0.00, real=0.00 secs] 
2254.226: [GC (Allocation Failure) [PSYoungGen: 53152K->1408K(53760K)] 461537K->409793K(581632K), 0.0023564 secs] [Times: user=0.01 sys=0.00, real=0.00 secs] 
2255.546: [GC (Allocation Failure) [PSYoungGen: 53120K->1440K(53760K)] 461505K->409833K(581632K), 0.0018619 secs] [Times: user=0.01 sys=0.00, real=0.00 secs] 
2255.765: [GC (Allocation Failure) [PSYoungGen: 53152K->1440K(53760K)] 461545K->409833K(581632K), 0.0019178 secs] [Times: user=0.01 sys=0.00, real=0.00 secs] 
2256.045: [GC (Allocation Failure) [PSYoungGen: 53152K->1376K(53760K)] 461545K->409769K(581632K), 0.0019878 secs] [Times: user=0.01 sys=0.00, real=0.00 secs] 
2256.260: [GC (Allocation Failure) [PSYoungGen: 53088K->1376K(53760K)] 461481K->409769K(581632K), 0.0019660 secs] [Times: user=0.01 sys=0.00, real=0.00 secs] 
2256.475: [GC (Allocation Failure) [PSYoungGen: 53088K->1376K(53760K)] 461481K->409769K(581632K), 0.0023680 secs] [Times: user=0.01 sys=0.00, real=0.00 secs] 
2256.690: [GC (Allocation Failure) [PSYoungGen: 53088K->1376K(53760K)] 461481K->409769K(581632K), 0.0020501 secs] [Times: user=0.00 sys=0.00, real=0.00 secs] 
2258.363: [GC (Allocation Failure) [PSYoungGen: 53088K->1408K(53760K)] 461481K->409801K(581632K), 0.0021844 secs] [Times: user=0.01 sys=0.00, real=0.01 secs] 
2259.288: [GC (Allocation Failure) [PSYoungGen: 53120K->1344K(53760K)] 461513K->409737K(581632K), 0.0032270 secs] [Times: user=0.01 sys=0.00, real=0.00 secs] 
2260.161: [GC (Allocation Failure) [PSYoungGen: 53056K->1408K(53248K)] 461449K->409801K(581120K), 0.0033776 secs] [Times: user=0.01 sys=0.00, real=0.01 secs] 
2260.812: [GC (Allocation Failure) [PSYoungGen: 53120K->1408K(53248K)] 461513K->409801K(581120K), 0.0032347 secs] [Times: user=0.01 sys=0.00, real=0.01 secs] 
2261.341: [GC (Allocation Failure) [PSYoungGen: 53120K->1376K(53248K)] 461513K->409769K(581120K), 0.0028971 secs] [Times: user=0.01 sys=0.01, real=0.00 secs] 
2262.494: [GC (Allocation Failure) [PSYoungGen: 53088K->1408K(53248K)] 461481K->409801K(581120K), 0.0017142 secs] [Times: user=0.01 sys=0.00, real=0.00 secs] 
2263.033: [GC (Allocation Failure) [PSYoungGen: 53120K->1376K(53248K)] 461513K->409769K(581120K), 0.0019077 secs] [Times: user=0.01 sys=0.00, real=0.01 secs] 
2263.574: [GC (Allocation Failure) [PSYoungGen: 53088K->1376K(53248K)] 461481K->409769K(581120K), 0.0021661 secs] [Times: user=0.01 sys=0.00, real=0.00 secs] 
2264.171: [GC (Allocation Failure) [PSYoungGen: 53088K->1376K(53248K)] 461481K->409769K(581120K), 0.0022053 secs] [Times: user=0.00 sys=0.00, real=0.00 secs] 
2264.593: [GC (Allocation Failure) [PSYoungGen: 53088K->1376K(53248K)] 461481K->409777K(581120K), 0.0022588 secs] [Times: user=0.00 sys=0.00, real=0.01 secs] 
2264.998: [GC (Allocation Failure) [PSYoungGen: 53088K->1376K(53248K)] 461489K->409777K(581120K), 0.0028410 secs] [Times: user=0.01 sys=0.00, real=0.00 secs] 
2266.473: [GC (Allocation Failure) [PSYoungGen: 53088K->1440K(53248K)] 461489K->409841K(581120K), 0.0028723 secs] [Times: user=0.01 sys=0.00, real=0.01 secs] 
2267.085: [GC (Allocation Failure) [PSYoungGen: 53152K->1376K(53248K)] 461553K->409777K(581120K), 0.0040769 secs] [Times: user=0.01 sys=0.00, real=0.00 secs] 
2267.634: [GC (Allocation Failure) [PSYoungGen: 53088K->1344K(53248K)] 461489K->409745K(581120K), 0.0038690 secs] [Times: user=0.02 sys=0.00, real=0.00 secs] 
2268.137: [GC (Allocation Failure) [PSYoungGen: 53056K->1328K(53248K)] 461457K->409729K(581120K), 0.0028282 secs] [Times: user=0.02 sys=0.00, real=0.00 secs] 
2268.547: [GC (Allocation Failure) [PSYoungGen: 53040K->1344K(53248K)] 461441K->409745K(581120K), 0.0028087 secs] [Times: user=0.01 sys=0.00, real=0.00 secs] 
2269.669: [GC (Allocation Failure) [PSYoungGen: 53056K->1376K(53248K)] 461457K->409777K(581120K), 0.0018457 secs] [Times: user=0.01 sys=0.00, real=0.00 secs] 
2269.884: [GC (Allocation Failure) [PSYoungGen: 53088K->1376K(53248K)] 461489K->409777K(581120K), 0.0019551 secs] [Times: user=0.01 sys=0.00, real=0.00 secs] 
2270.185: [GC (Allocation Failure) [PSYoungGen: 53088K->1424K(53248K)] 461489K->409825K(581120K), 0.0020555 secs] [Times: user=0.01 sys=0.00, real=0.00 secs] 
2270.400: [GC (Allocation Failure) [PSYoungGen: 53136K->1408K(53248K)] 461537K->409809K(581120K), 0.0021400 secs] [Times: user=0.01 sys=0.00, real=0.00 secs] 
2270.627: [GC (Allocation Failure) [PSYoungGen: 53120K->1408K(53248K)] 461521K->409809K(581120K), 0.0022011 secs] [Times: user=0.01 sys=0.00, real=0.00 secs] 
2270.841: [GC (Allocation Failure) [PSYoungGen: 53120K->1408K(53248K)] 461521K->409809K(581120K), 0.0021528 secs] [Times: user=0.01 sys=0.00, real=0.00 secs] 
2272.623: [GC (Allocation Failure) [PSYoungGen: 53120K->1408K(53248K)] 461521K->409809K(581120K), 0.0030684 secs] [Times: user=0.01 sys=0.00, real=0.01 secs] 
2273.170: [GC (Allocation Failure) [PSYoungGen: 53120K->1408K(53248K)] 461521K->409809K(581120K), 0.0031787 secs] [Times: user=0.02 sys=0.00, real=0.00 secs] 
2273.585: [GC (Allocation Failure) [PSYoungGen: 53120K->1360K(53248K)] 461521K->409777K(581120K), 0.0028208 secs] [Times: user=0.01 sys=0.00, real=0.00 secs] 
2274.145: [GC (Allocation Failure) [PSYoungGen: 53072K->1408K(53248K)] 461489K->409825K(581120K), 0.0040217 secs] [Times: user=0.01 sys=0.00, real=0.00 secs] 
2274.574: [GC (Allocation Failure) [PSYoungGen: 53120K->1360K(53248K)] 461537K->409777K(581120K), 0.0028781 secs] [Times: user=0.01 sys=0.00, real=0.00 secs] 
2275.976: [GC (Allocation Failure) [PSYoungGen: 53072K->1424K(53248K)] 461489K->409841K(581120K), 0.0026322 secs] [Times: user=0.01 sys=0.00, real=0.00 secs] 
2276.495: [GC (Allocation Failure) [PSYoungGen: 53136K->1376K(53248K)] 461553K->409793K(581120K), 0.0028489 secs] [Times: user=0.01 sys=0.00, real=0.00 secs] 
2277.245: [GC (Allocation Failure) [PSYoungGen: 53088K->1408K(53248K)] 461505K->409825K(581120K), 0.0027258 secs] [Times: user=0.01 sys=0.00, real=0.00 secs] 
2277.937: [GC (Allocation Failure) [PSYoungGen: 53120K->1392K(53248K)] 461537K->409809K(581120K), 0.0027946 secs] [Times: user=0.01 sys=0.00, real=0.00 secs] 
2278.514: [GC (Allocation Failure) [PSYoungGen: 53104K->1408K(53248K)] 461521K->409825K(581120K), 0.0030035 secs] [Times: user=0.02 sys=0.00, real=0.00 secs] 
2279.734: [GC (Allocation Failure) [PSYoungGen: 53118K->192K(53248K)] 461535K->408609K(581120K), 0.0016177 secs] [Times: user=0.00 sys=0.00, real=0.00 secs] 
2280.387: [GC (Allocation Failure) [PSYoungGen: 51904K->1408K(53760K)] 460321K->409825K(581632K), 0.0019597 secs] [Times: user=0.01 sys=0.00, real=0.00 secs] 
2281.163: [GC (Allocation Failure) [PSYoungGen: 53120K->1392K(53760K)] 461537K->409809K(581632K), 0.0021202 secs] [Times: user=0.01 sys=0.01, real=0.01 secs] 
2281.775: [GC (Allocation Failure) [PSYoungGen: 53104K->1376K(53760K)] 461521K->409793K(581632K), 0.0034262 secs] [Times: user=0.01 sys=0.00, real=0.00 secs] 
2282.362: [GC (Allocation Failure) [PSYoungGen: 53088K->1376K(53760K)] 461505K->409793K(581632K), 0.0034359 secs] [Times: user=0.02 sys=0.01, real=0.01 secs] 
2282.870: [GC (Allocation Failure) [PSYoungGen: 53088K->1408K(53760K)] 461505K->409825K(581632K), 0.0030433 secs] [Times: user=0.01 sys=0.00, real=0.00 secs] 
2284.162: [GC (Allocation Failure) [PSYoungGen: 53120K->1472K(53760K)] 461537K->409889K(581632K), 0.0017406 secs] [Times: user=0.00 sys=0.00, real=0.01 secs] 
2284.915: [GC (Allocation Failure) [PSYoungGen: 53184K->1440K(53760K)] 461601K->409857K(581632K), 0.0021953 secs] [Times: user=0.01 sys=0.00, real=0.00 secs] 
2285.683: [GC (Allocation Failure) [PSYoungGen: 53152K->1360K(53760K)] 461569K->409777K(581632K), 0.0025575 secs] [Times: user=0.01 sys=0.00, real=0.01 secs] 
2286.123: [GC (Allocation Failure) [PSYoungGen: 53072K->1440K(53760K)] 461489K->409865K(581632K), 0.0025934 secs] [Times: user=0.01 sys=0.00, real=0.01 secs] 
2286.528: [GC (Allocation Failure) [PSYoungGen: 53152K->1392K(53760K)] 461577K->409817K(581632K), 0.0023791 secs] [Times: user=0.01 sys=0.00, real=0.00 secs] 
2287.822: [GC (Allocation Failure) [PSYoungGen: 52091K->256K(53760K)] 460516K->408681K(581632K), 0.0016563 secs] [Times: user=0.01 sys=0.00, real=0.01 secs] 
2288.149: [GC (Allocation Failure) [PSYoungGen: 51968K->1408K(53760K)] 460393K->409833K(581632K), 0.0019552 secs] [Times: user=0.01 sys=0.00, real=0.00 secs] 
2288.467: [GC (Allocation Failure) [PSYoungGen: 53120K->1424K(53760K)] 461545K->409849K(581632K), 0.0019968 secs] [Times: user=0.01 sys=0.00, real=0.00 secs] 
2288.690: [GC (Allocation Failure) [PSYoungGen: 53136K->1392K(53760K)] 461561K->409817K(581632K), 0.0020254 secs] [Times: user=0.01 sys=0.00, real=0.00 secs] 
2288.912: [GC (Allocation Failure) [PSYoungGen: 53104K->1408K(53760K)] 461529K->409833K(581632K), 0.0024019 secs] [Times: user=0.01 sys=0.00, real=0.01 secs] 
2289.385: [GC (Allocation Failure) [PSYoungGen: 53120K->1392K(53760K)] 461545K->409817K(581632K), 0.0023220 secs] [Times: user=0.01 sys=0.00, real=0.00 secs] 
2290.547: [GC (Allocation Failure) [PSYoungGen: 53104K->1456K(53760K)] 461529K->409881K(581632K), 0.0019089 secs] [Times: user=0.01 sys=0.00, real=0.00 secs] 
2290.869: [GC (Allocation Failure) [PSYoungGen: 53168K->1424K(53760K)] 461593K->409849K(581632K), 0.0027448 secs] [Times: user=0.01 sys=0.00, real=0.00 secs] 
2291.110: [GC (Allocation Failure) [PSYoungGen: 53136K->1392K(53760K)] 461561K->409817K(581632K), 0.0022669 secs] [Times: user=0.01 sys=0.00, real=0.00 secs] 
2291.389: [GC (Allocation Failure) [PSYoungGen: 53104K->1392K(53760K)] 461529K->409817K(581632K), 0.0031161 secs] [Times: user=0.01 sys=0.00, real=0.00 secs] 
2291.668: [GC (Allocation Failure) [PSYoungGen: 53104K->1424K(53760K)] 461529K->409881K(581632K), 0.0019242 secs] [Times: user=0.01 sys=0.00, real=0.00 secs] 
2292.752: [GC (Allocation Failure) [PSYoungGen: 53136K->1664K(53760K)] 461593K->410137K(581632K), 0.0018120 secs] [Times: user=0.01 sys=0.00, real=0.01 secs] 
2293.251: [GC (Allocation Failure) [PSYoungGen: 53376K->1376K(53760K)] 461849K->409849K(581632K), 0.0022263 secs] [Times: user=0.01 sys=0.00, real=0.00 secs] 
2293.642: [GC (Allocation Failure) [PSYoungGen: 53088K->1440K(53760K)] 461561K->409913K(581632K), 0.0023367 secs] [Times: user=0.01 sys=0.00, real=0.01 secs] 
2293.963: [GC (Allocation Failure) [PSYoungGen: 53152K->1408K(53760K)] 461625K->409881K(581632K), 0.0022896 secs] [Times: user=0.01 sys=0.00, real=0.01 secs] 
2294.541: [GC (Allocation Failure) [PSYoungGen: 53120K->1376K(53760K)] 461593K->409857K(581632K), 0.0025424 secs] [Times: user=0.01 sys=0.00, real=0.00 secs] 
2295.081: [GC (Allocation Failure) [PSYoungGen: 53088K->1424K(53760K)] 461569K->409913K(581632K), 0.0023908 secs] [Times: user=0.01 sys=0.00, real=0.00 secs] 
2296.563: [GC (Allocation Failure) [PSYoungGen: 53136K->1440K(53760K)] 461625K->409937K(581632K), 0.0019224 secs] [Times: user=0.01 sys=0.00, real=0.01 secs] 
2297.395: [GC (Allocation Failure) [PSYoungGen: 53152K->1344K(53760K)] 461649K->409849K(581632K), 0.0036105 secs] [Times: user=0.02 sys=0.00, real=0.00 secs] 
2297.846: [GC (Allocation Failure) [PSYoungGen: 53056K->1344K(53760K)] 461561K->409849K(581632K), 0.0039142 secs] [Times: user=0.02 sys=0.00, real=0.00 secs] 
2298.245: [GC (Allocation Failure) [PSYoungGen: 53056K->1376K(53760K)] 461561K->409881K(581632K), 0.0031766 secs] [Times: user=0.01 sys=0.00, real=0.00 secs] 
2298.786: [GC (Allocation Failure) [PSYoungGen: 53088K->1376K(53760K)] 461593K->409897K(581632K), 0.0028406 secs] [Times: user=0.01 sys=0.00, real=0.00 secs] 
2300.042: [GC (Allocation Failure) [PSYoungGen: 53088K->1920K(53760K)] 461609K->410441K(581632K), 0.0019728 secs] [Times: user=0.00 sys=0.00, real=0.01 secs] 
2300.258: [GC (Allocation Failure) [PSYoungGen: 53632K->1376K(53760K)] 462153K->409897K(581632K), 0.0019465 secs] [Times: user=0.00 sys=0.00, real=0.00 secs] 
2300.473: [GC (Allocation Failure) [PSYoungGen: 53088K->1408K(53760K)] 461609K->409929K(581632K), 0.0019472 secs] [Times: user=0.01 sys=0.00, real=0.01 secs] 
2300.688: [GC (Allocation Failure) [PSYoungGen: 53120K->1440K(53760K)] 461641K->409961K(581632K), 0.0018889 secs] [Times: user=0.01 sys=0.00, real=0.00 secs] 
2300.930: [GC (Allocation Failure) [PSYoungGen: 53152K->1408K(53760K)] 461673K->409929K(581632K), 0.0019492 secs] [Times: user=0.01 sys=0.00, real=0.00 secs] 
2301.146: [GC (Allocation Failure) [PSYoungGen: 53120K->1408K(53760K)] 461641K->409929K(581632K), 0.0019461 secs] [Times: user=0.01 sys=0.00, real=0.00 secs] 
2302.603: [GC (Allocation Failure) [PSYoungGen: 53120K->1424K(53760K)] 461641K->409945K(581632K), 0.0023484 secs] [Times: user=0.01 sys=0.00, real=0.01 secs] 
2303.345: [GC (Allocation Failure) [PSYoungGen: 53136K->1440K(53760K)] 461657K->409961K(581632K), 0.0020986 secs] [Times: user=0.01 sys=0.00, real=0.00 secs] 
2303.794: [GC (Allocation Failure) [PSYoungGen: 53152K->1408K(53760K)] 461673K->409945K(581632K), 0.0020902 secs] [Times: user=0.01 sys=0.00, real=0.01 secs] 
2304.298: [GC (Allocation Failure) [PSYoungGen: 53120K->1376K(53760K)] 461657K->409913K(581632K), 0.0039819 secs] [Times: user=0.02 sys=0.00, real=0.00 secs] 
2304.999: [GC (Allocation Failure) [PSYoungGen: 53088K->1440K(53760K)] 461625K->409977K(581632K), 0.0028548 secs] [Times: user=0.01 sys=0.01, real=0.00 secs] 
2306.213: [GC (Allocation Failure) [PSYoungGen: 53152K->1408K(53760K)] 461689K->409945K(581632K), 0.0017510 secs] [Times: user=0.01 sys=0.00, real=0.01 secs] 
2306.794: [GC (Allocation Failure) [PSYoungGen: 53120K->1344K(53760K)] 461657K->409881K(581632K), 0.0018151 secs] [Times: user=0.01 sys=0.00, real=0.00 secs] 
2307.140: [GC (Allocation Failure) [PSYoungGen: 53056K->1408K(53760K)] 461593K->409945K(581632K), 0.0024234 secs] [Times: user=0.01 sys=0.00, real=0.00 secs] 
2307.505: [GC (Allocation Failure) [PSYoungGen: 53120K->1392K(53760K)] 461657K->409929K(581632K), 0.0023344 secs] [Times: user=0.01 sys=0.00, real=0.00 secs] 
2308.052: [GC (Allocation Failure) [PSYoungGen: 53104K->1376K(53248K)] 461641K->409913K(581120K), 0.0030970 secs] [Times: user=0.01 sys=0.00, real=0.01 secs] 
2308.634: [GC (Allocation Failure) [PSYoungGen: 53088K->1408K(53248K)] 461625K->409945K(581120K), 0.0032169 secs] [Times: user=0.01 sys=0.00, real=0.00 secs] 
2309.858: [GC (Allocation Failure) [PSYoungGen: 53120K->1440K(53248K)] 461657K->409977K(581120K), 0.0017379 secs] [Times: user=0.01 sys=0.00, real=0.00 secs] 
2310.193: [GC (Allocation Failure) [PSYoungGen: 53152K->1440K(53248K)] 461689K->409977K(581120K), 0.0034105 secs] [Times: user=0.01 sys=0.00, real=0.01 secs] 
2310.561: [GC (Allocation Failure) [PSYoungGen: 53152K->1408K(53248K)] 461689K->409945K(581120K), 0.0025269 secs] [Times: user=0.01 sys=0.00, real=0.00 secs] 
2310.979: [GC (Allocation Failure) [PSYoungGen: 53120K->1440K(53248K)] 461657K->409977K(581120K), 0.0032025 secs] [Times: user=0.01 sys=0.00, real=0.00 secs] 
2311.390: [GC (Allocation Failure) [PSYoungGen: 53152K->1328K(53248K)] 461689K->409865K(581120K), 0.0032815 secs] [Times: user=0.02 sys=0.00, real=0.00 secs] 
2312.554: [GC (Allocation Failure) [PSYoungGen: 53040K->1424K(53248K)] 461577K->409961K(581120K), 0.0015946 secs] [Times: user=0.01 sys=0.00, real=0.00 secs] 
2313.004: [GC (Allocation Failure) [PSYoungGen: 53136K->1408K(53248K)] 461673K->409945K(581120K), 0.0017604 secs] [Times: user=0.01 sys=0.00, real=0.00 secs] 
2313.462: [GC (Allocation Failure) [PSYoungGen: 53120K->1408K(53248K)] 461657K->409945K(581120K), 0.0040019 secs] [Times: user=0.02 sys=0.00, real=0.01 secs] 
2313.900: [GC (Allocation Failure) [PSYoungGen: 53120K->1392K(53248K)] 461657K->409945K(581120K), 0.0029147 secs] [Times: user=0.01 sys=0.00, real=0.00 secs] 
2314.241: [GC (Allocation Failure) [PSYoungGen: 53104K->1408K(53248K)] 461657K->409961K(581120K), 0.0023793 secs] [Times: user=0.01 sys=0.00, real=0.00 secs] 
2314.650: [GC (Allocation Failure) [PSYoungGen: 53120K->1344K(53248K)] 461673K->409897K(581120K), 0.0023567 secs] [Times: user=0.00 sys=0.00, real=0.00 secs] 
2315.973: [GC (Allocation Failure) [PSYoungGen: 53056K->1440K(53248K)] 461609K->409993K(581120K), 0.0025475 secs] [Times: user=0.01 sys=0.00, real=0.01 secs] 
2316.603: [GC (Allocation Failure) [PSYoungGen: 53152K->1376K(53248K)] 461705K->409929K(581120K), 0.0028391 secs] [Times: user=0.01 sys=0.00, real=0.01 secs] 
2317.042: [GC (Allocation Failure) [PSYoungGen: 53088K->1376K(53248K)] 461641K->409929K(581120K), 0.0028919 secs] [Times: user=0.01 sys=0.00, real=0.01 secs] 
2317.529: [GC (Allocation Failure) [PSYoungGen: 53088K->1344K(53248K)] 461641K->409897K(581120K), 0.0039251 secs] [Times: user=0.01 sys=0.00, real=0.00 secs] 
2317.883: [GC (Allocation Failure) [PSYoungGen: 53056K->1408K(53248K)] 461609K->409961K(581120K), 0.0027584 secs] [Times: user=0.01 sys=0.00, real=0.01 secs] 
2319.103: [GC (Allocation Failure) [PSYoungGen: 53120K->1472K(53248K)] 461673K->410025K(581120K), 0.0019651 secs] [Times: user=0.01 sys=0.00, real=0.01 secs] 
2319.731: [GC (Allocation Failure) [PSYoungGen: 53184K->1440K(53248K)] 461737K->409993K(581120K), 0.0022963 secs] [Times: user=0.01 sys=0.00, real=0.00 secs] 
2320.374: [GC (Allocation Failure) [PSYoungGen: 53152K->1440K(53248K)] 461705K->409993K(581120K), 0.0025607 secs] [Times: user=0.01 sys=0.00, real=0.01 secs] 
2321.116: [GC (Allocation Failure) [PSYoungGen: 53152K->1440K(53248K)] 461705K->409993K(581120K), 0.0027831 secs] [Times: user=0.01 sys=0.00, real=0.00 secs] 
2321.552: [GC (Allocation Failure) [PSYoungGen: 53152K->1440K(53248K)] 461705K->409993K(581120K), 0.0028888 secs] [Times: user=0.01 sys=0.00, real=0.01 secs] 
2322.140: [GC (Allocation Failure) [PSYoungGen: 53152K->1408K(53248K)] 461705K->409961K(581120K), 0.0027439 secs] [Times: user=0.01 sys=0.00, real=0.00 secs] 
2323.468: [GC (Allocation Failure) [PSYoungGen: 53120K->1440K(53248K)] 461673K->409993K(581120K), 0.0025963 secs] [Times: user=0.01 sys=0.00, real=0.00 secs] 
2324.067: [GC (Allocation Failure) [PSYoungGen: 53152K->1376K(53248K)] 461705K->409929K(581120K), 0.0031711 secs] [Times: user=0.02 sys=0.00, real=0.00 secs] 
2324.638: [GC (Allocation Failure) [PSYoungGen: 53088K->1408K(53248K)] 461641K->409961K(581120K), 0.0029397 secs] [Times: user=0.01 sys=0.00, real=0.00 secs] 
2325.426: [GC (Allocation Failure) [PSYoungGen: 53120K->1344K(53248K)] 461673K->409905K(581120K), 0.0038695 secs] [Times: user=0.02 sys=0.00, real=0.00 secs] 
2326.328: [GC (Allocation Failure) [PSYoungGen: 53056K->1408K(53248K)] 461617K->409969K(581120K), 0.0044490 secs] [Times: user=0.01 sys=0.00, real=0.00 secs] 
2327.987: [GC (Allocation Failure) [PSYoungGen: 53120K->1440K(53248K)] 461681K->410001K(581120K), 0.0021850 secs] [Times: user=0.00 sys=0.00, real=0.00 secs] 
2328.415: [GC (Allocation Failure) [PSYoungGen: 53152K->1376K(53248K)] 461713K->409937K(581120K), 0.0021362 secs] [Times: user=0.01 sys=0.00, real=0.00 secs] 
2328.708: [GC (Allocation Failure) [PSYoungGen: 53088K->1376K(53248K)] 461649K->409937K(581120K), 0.0021370 secs] [Times: user=0.00 sys=0.00, real=0.00 secs] 
2328.954: [GC (Allocation Failure) [PSYoungGen: 53088K->1376K(53248K)] 461649K->409937K(581120K), 0.0020623 secs] [Times: user=0.01 sys=0.00, real=0.00 secs] 
2329.169: [GC (Allocation Failure) [PSYoungGen: 53088K->1408K(53248K)] 461649K->409977K(581120K), 0.0018562 secs] [Times: user=0.01 sys=0.00, real=0.00 secs] 
2329.402: [GC (Allocation Failure) [PSYoungGen: 53115K->272K(53248K)] 461684K->408841K(581120K), 0.0021541 secs] [Times: user=0.01 sys=0.00, real=0.01 secs] 
2331.871: [GC (Allocation Failure) [PSYoungGen: 51984K->1440K(53760K)] 460553K->410009K(581632K), 0.0035408 secs] [Times: user=0.01 sys=0.00, real=0.01 secs] 
2332.134: [GC (Allocation Failure) [PSYoungGen: 53152K->1408K(53760K)] 461721K->409977K(581632K), 0.0021445 secs] [Times: user=0.01 sys=0.00, real=0.00 secs] 
2332.349: [GC (Allocation Failure) [PSYoungGen: 53120K->1376K(53760K)] 461689K->409945K(581632K), 0.0019061 secs] [Times: user=0.01 sys=0.00, real=0.00 secs] 
2332.563: [GC (Allocation Failure) [PSYoungGen: 53088K->1376K(53760K)] 461657K->409945K(581632K), 0.0020505 secs] [Times: user=0.01 sys=0.00, real=0.01 secs] 
2332.778: [GC (Allocation Failure) [PSYoungGen: 53088K->1392K(53760K)] 461657K->409961K(581632K), 0.0020214 secs] [Times: user=0.00 sys=0.00, real=0.00 secs] 
2334.209: [GC (Allocation Failure) [PSYoungGen: 53104K->1440K(53760K)] 461673K->410009K(581632K), 0.0029408 secs] [Times: user=0.01 sys=0.00, real=0.00 secs] 
2334.415: [GC (Allocation Failure) [PSYoungGen: 53152K->1408K(53760K)] 461721K->409993K(581632K), 0.0020343 secs] [Times: user=0.00 sys=0.00, real=0.00 secs] 
2334.630: [GC (Allocation Failure) [PSYoungGen: 53120K->1408K(53760K)] 461705K->409993K(581632K), 0.0020317 secs] [Times: user=0.01 sys=0.00, real=0.00 secs] 
2334.910: [GC (Allocation Failure) [PSYoungGen: 53120K->1376K(53760K)] 461705K->409961K(581632K), 0.0019917 secs] [Times: user=0.01 sys=0.00, real=0.00 secs] 
2335.134: [GC (Allocation Failure) [PSYoungGen: 53088K->1344K(53760K)] 461673K->409937K(581632K), 0.0021014 secs] [Times: user=0.01 sys=0.00, real=0.00 secs] 
2336.155: [GC (Allocation Failure) [PSYoungGen: 53056K->1552K(53760K)] 461649K->410145K(581632K), 0.0016172 secs] [Times: user=0.01 sys=0.00, real=0.00 secs] 
2336.710: [GC (Allocation Failure) [PSYoungGen: 53264K->1408K(53760K)] 461857K->410001K(581632K), 0.0038973 secs] [Times: user=0.01 sys=0.00, real=0.01 secs] 
2337.253: [GC (Allocation Failure) [PSYoungGen: 53120K->1440K(53760K)] 461713K->410033K(581632K), 0.0032111 secs] [Times: user=0.01 sys=0.00, real=0.01 secs] 
2337.843: [GC (Allocation Failure) [PSYoungGen: 53152K->1408K(53760K)] 461745K->410001K(581632K), 0.0032499 secs] [Times: user=0.01 sys=0.00, real=0.01 secs] 
2338.425: [GC (Allocation Failure) [PSYoungGen: 53120K->1376K(53760K)] 461713K->409969K(581632K), 0.0041591 secs] [Times: user=0.02 sys=0.00, real=0.00 secs] 
2339.014: [GC (Allocation Failure) [PSYoungGen: 53088K->1408K(53760K)] 461681K->410001K(581632K), 0.0034327 secs] [Times: user=0.02 sys=0.00, real=0.01 secs] 
2340.517: [GC (Allocation Failure) [PSYoungGen: 53120K->1440K(53760K)] 461713K->410033K(581632K), 0.0041497 secs] [Times: user=0.02 sys=0.00, real=0.00 secs] 
2341.017: [GC (Allocation Failure) [PSYoungGen: 53152K->1376K(53760K)] 461745K->409969K(581632K), 0.0031296 secs] [Times: user=0.02 sys=0.00, real=0.00 secs] 
2341.233: [GC (Allocation Failure) [PSYoungGen: 53088K->1408K(53760K)] 461681K->410001K(581632K), 0.0019964 secs] [Times: user=0.00 sys=0.00, real=0.01 secs] 
2341.448: [GC (Allocation Failure) [PSYoungGen: 53120K->1376K(53760K)] 461713K->409969K(581632K), 0.0021006 secs] [Times: user=0.01 sys=0.00, real=0.00 secs] 
2341.662: [GC (Allocation Failure) [PSYoungGen: 53088K->1408K(53248K)] 461681K->410001K(581120K), 0.0020503 secs] [Times: user=0.01 sys=0.00, real=0.01 secs] 
2342.665: [GC (Allocation Failure) [PSYoungGen: 53120K->928K(53248K)] 461713K->410545K(581120K), 0.0019221 secs] [Times: user=0.01 sys=0.00, real=0.00 secs] 
2343.343: [GC (Allocation Failure) [PSYoungGen: 52640K->320K(53760K)] 462257K->409953K(581632K), 0.0027553 secs] [Times: user=0.01 sys=0.00, real=0.01 secs] 
2343.832: [GC (Allocation Failure) [PSYoungGen: 52032K->352K(53760K)] 461665K->409985K(581632K), 0.0035407 secs] [Times: user=0.02 sys=0.00, real=0.01 secs] 
2344.431: [GC (Allocation Failure) [PSYoungGen: 52064K->352K(53760K)] 461697K->409985K(581632K), 0.0041482 secs] [Times: user=0.02 sys=0.01, real=0.01 secs] 
2344.912: [GC (Allocation Failure) [PSYoungGen: 52064K->352K(53760K)] 461697K->409985K(581632K), 0.0023155 secs] [Times: user=0.01 sys=0.00, real=0.01 secs] 
2345.379: [GC (Allocation Failure) [PSYoungGen: 52064K->416K(53760K)] 461697K->410049K(581632K), 0.0022404 secs] [Times: user=0.01 sys=0.00, real=0.00 secs] 
2346.455: [GC (Allocation Failure) [PSYoungGen: 52128K->1424K(53760K)] 461761K->411057K(581632K), 0.0016732 secs] [Times: user=0.00 sys=0.00, real=0.00 secs] 
2346.670: [GC (Allocation Failure) [PSYoungGen: 53136K->1408K(53248K)] 462769K->411041K(581120K), 0.0016448 secs] [Times: user=0.01 sys=0.00, real=0.00 secs] 
2346.882: [GC (Allocation Failure) [PSYoungGen: 52608K->1408K(53760K)] 462241K->411041K(581632K), 0.0017025 secs] [Times: user=0.01 sys=0.00, real=0.01 secs] 
2347.139: [GC (Allocation Failure) [PSYoungGen: 52608K->1360K(53760K)] 462241K->410993K(581632K), 0.0017754 secs] [Times: user=0.00 sys=0.00, real=0.00 secs] 
2347.537: [GC (Allocation Failure) [PSYoungGen: 52560K->1408K(53760K)] 462193K->411041K(581632K), 0.0022001 secs] [Times: user=0.01 sys=0.00, real=0.00 secs] 
2348.894: [GC (Allocation Failure) [PSYoungGen: 52608K->1952K(53760K)] 462241K->411585K(581632K), 0.0023074 secs] [Times: user=0.01 sys=0.00, real=0.00 secs] 
2349.714: [GC (Allocation Failure) [PSYoungGen: 53152K->1376K(53760K)] 462785K->411009K(581632K), 0.0039866 secs] [Times: user=0.02 sys=0.00, real=0.00 secs] 
2350.216: [GC (Allocation Failure) [PSYoungGen: 52576K->1392K(53760K)] 462209K->411025K(581632K), 0.0028486 secs] [Times: user=0.01 sys=0.00, real=0.00 secs] 
2350.579: [GC (Allocation Failure) [PSYoungGen: 52592K->1408K(53760K)] 462225K->411041K(581632K), 0.0024015 secs] [Times: user=0.01 sys=0.00, real=0.00 secs] 
2350.787: [GC (Allocation Failure) [PSYoungGen: 52608K->1392K(53760K)] 462241K->411025K(581632K), 0.0018491 secs] [Times: user=0.00 sys=0.00, real=0.00 secs] 
2351.079: [GC (Allocation Failure) [PSYoungGen: 52592K->1376K(53760K)] 462225K->411009K(581632K), 0.0022367 secs] [Times: user=0.00 sys=0.00, real=0.00 secs] 
2352.125: [GC (Allocation Failure) [PSYoungGen: 52576K->1408K(53760K)] 462209K->411041K(581632K), 0.0019151 secs] [Times: user=0.01 sys=0.00, real=0.00 secs] 
2352.528: [GC (Allocation Failure) [PSYoungGen: 52608K->1424K(52736K)] 462241K->411057K(580608K), 0.0021940 secs] [Times: user=0.01 sys=0.00, real=0.00 secs] 
2353.017: [GC (Allocation Failure) [PSYoungGen: 52624K->1376K(53248K)] 462257K->411025K(581120K), 0.0029855 secs] [Times: user=0.01 sys=0.00, real=0.00 secs] 
2353.599: [GC (Allocation Failure) [PSYoungGen: 52576K->1344K(53248K)] 462225K->410993K(581120K), 0.0035063 secs] [Times: user=0.02 sys=0.00, real=0.00 secs] 
2354.178: [GC (Allocation Failure) [PSYoungGen: 52544K->1344K(53248K)] 462193K->410993K(581120K), 0.0035837 secs] [Times: user=0.01 sys=0.00, real=0.00 secs] 
2355.394: [GC (Allocation Failure) [PSYoungGen: 52544K->1952K(53248K)] 462193K->411601K(581120K), 0.0018048 secs] [Times: user=0.01 sys=0.00, real=0.00 secs] 
2355.682: [GC (Allocation Failure) [PSYoungGen: 53152K->1392K(52736K)] 462801K->411041K(580608K), 0.0032104 secs] [Times: user=0.02 sys=0.00, real=0.01 secs] 
2356.112: [GC (Allocation Failure) [PSYoungGen: 52592K->1408K(53248K)] 462241K->411057K(581120K), 0.0033468 secs] [Times: user=0.01 sys=0.00, real=0.01 secs] 
2356.534: [GC (Allocation Failure) [PSYoungGen: 52608K->1376K(53248K)] 462257K->411025K(581120K), 0.0031963 secs] [Times: user=0.02 sys=0.00, real=0.00 secs] 
2356.958: [GC (Allocation Failure) [PSYoungGen: 52576K->1408K(53248K)] 462225K->411065K(581120K), 0.0028353 secs] [Times: user=0.01 sys=0.00, real=0.00 secs] 
2357.362: [GC (Allocation Failure) [PSYoungGen: 52608K->1408K(53248K)] 462265K->411065K(581120K), 0.0028715 secs] [Times: user=0.01 sys=0.00, real=0.01 secs] 
2358.613: [GC (Allocation Failure) [PSYoungGen: 52608K->1456K(53248K)] 462265K->411113K(581120K), 0.0037113 secs] [Times: user=0.02 sys=0.00, real=0.01 secs] 
2359.239: [GC (Allocation Failure) [PSYoungGen: 52656K->1344K(53248K)] 462313K->411001K(581120K), 0.0043099 secs] [Times: user=0.02 sys=0.00, real=0.00 secs] 
2359.839: [GC (Allocation Failure) [PSYoungGen: 52544K->1376K(53248K)] 462201K->411033K(581120K), 0.0041117 secs] [Times: user=0.02 sys=0.00, real=0.00 secs] 
2360.242: [GC (Allocation Failure) [PSYoungGen: 52576K->1376K(53248K)] 462233K->411033K(581120K), 0.0029020 secs] [Times: user=0.01 sys=0.01, real=0.01 secs] 
2360.800: [GC (Allocation Failure) [PSYoungGen: 52576K->1440K(53248K)] 462233K->411097K(581120K), 0.0028602 secs] [Times: user=0.01 sys=0.00, real=0.00 secs] 
2362.158: [GC (Allocation Failure) [PSYoungGen: 52640K->1696K(53248K)] 462297K->411353K(581120K), 0.0015321 secs] [Times: user=0.00 sys=0.00, real=0.00 secs] 
2362.375: [GC (Allocation Failure) [PSYoungGen: 52896K->1408K(53248K)] 462553K->411065K(581120K), 0.0016172 secs] [Times: user=0.01 sys=0.00, real=0.00 secs] 
2362.602: [GC (Allocation Failure) [PSYoungGen: 52608K->1344K(53248K)] 462265K->411001K(581120K), 0.0018943 secs] [Times: user=0.00 sys=0.00, real=0.01 secs] 
2363.109: [GC (Allocation Failure) [PSYoungGen: 52544K->1408K(53248K)] 462201K->411065K(581120K), 0.0030349 secs] [Times: user=0.02 sys=0.00, real=0.00 secs] 
2363.597: [GC (Allocation Failure) [PSYoungGen: 52608K->1408K(53248K)] 462265K->411081K(581120K), 0.0028090 secs] [Times: user=0.01 sys=0.00, real=0.00 secs] 
2364.079: [GC (Allocation Failure) [PSYoungGen: 52608K->1392K(53248K)] 462281K->411065K(581120K), 0.0029902 secs] [Times: user=0.01 sys=0.01, real=0.00 secs] 
2365.221: [GC (Allocation Failure) [PSYoungGen: 52592K->1440K(53248K)] 462265K->411113K(581120K), 0.0014364 secs] [Times: user=0.00 sys=0.00, real=0.00 secs] 
2365.508: [GC (Allocation Failure) [PSYoungGen: 52640K->1376K(53248K)] 462313K->411049K(581120K), 0.0017972 secs] [Times: user=0.00 sys=0.00, real=0.00 secs] 
2365.880: [GC (Allocation Failure) [PSYoungGen: 52576K->1408K(53248K)] 462249K->411081K(581120K), 0.0044321 secs] [Times: user=0.02 sys=0.01, real=0.01 secs] 
2366.330: [GC (Allocation Failure) [PSYoungGen: 52608K->1376K(53248K)] 462281K->411049K(581120K), 0.0034125 secs] [Times: user=0.01 sys=0.00, real=0.00 secs] 
2366.867: [GC (Allocation Failure) [PSYoungGen: 52576K->1376K(53248K)] 462249K->411049K(581120K), 0.0028552 secs] [Times: user=0.01 sys=0.00, real=0.00 secs] 
2368.115: [GC (Allocation Failure) [PSYoungGen: 52576K->1520K(53248K)] 462249K->411193K(581120K), 0.0016837 secs] [Times: user=0.00 sys=0.00, real=0.00 secs] 
2368.334: [GC (Allocation Failure) [PSYoungGen: 52720K->1344K(53248K)] 462393K->411017K(581120K), 0.0018475 secs] [Times: user=0.01 sys=0.00, real=0.00 secs] 
2368.575: [GC (Allocation Failure) [PSYoungGen: 52544K->1360K(53248K)] 462217K->411033K(581120K), 0.0018514 secs] [Times: user=0.00 sys=0.00, real=0.00 secs] 
2368.788: [GC (Allocation Failure) [PSYoungGen: 52560K->1392K(53248K)] 462233K->411065K(581120K), 0.0027336 secs] [Times: user=0.02 sys=0.00, real=0.00 secs] 
2369.002: [GC (Allocation Failure) [PSYoungGen: 52592K->1376K(53248K)] 462265K->411049K(581120K), 0.0022461 secs] [Times: user=0.01 sys=0.00, real=0.01 secs] 
2369.292: [GC (Allocation Failure) [PSYoungGen: 52576K->1376K(53248K)] 462249K->411049K(581120K), 0.0027977 secs] [Times: user=0.02 sys=0.00, real=0.01 secs] 
2370.559: [GC (Allocation Failure) [PSYoungGen: 52576K->1440K(53248K)] 462249K->411113K(581120K), 0.0024582 secs] [Times: user=0.01 sys=0.00, real=0.00 secs] 
2370.791: [GC (Allocation Failure) [PSYoungGen: 52640K->1376K(52736K)] 462313K->411049K(580608K), 0.0024450 secs] [Times: user=0.01 sys=0.00, real=0.00 secs] 
2371.214: [GC (Allocation Failure) [PSYoungGen: 52576K->1408K(52736K)] 462249K->411081K(580608K), 0.0019530 secs] [Times: user=0.00 sys=0.00, real=0.00 secs] 
2371.663: [GC (Allocation Failure) [PSYoungGen: 52608K->352K(52224K)] 462281K->411049K(580096K), 0.0021075 secs] [Times: user=0.01 sys=0.00, real=0.01 secs] 
2372.116: [GC (Allocation Failure) [PSYoungGen: 51552K->352K(53248K)] 462249K->411073K(581120K), 0.0020440 secs] [Times: user=0.01 sys=0.00, real=0.00 secs] 
2373.285: [GC (Allocation Failure) [PSYoungGen: 51552K->1440K(53248K)] 462273K->412161K(581120K), 0.0015308 secs] [Times: user=0.01 sys=0.00, real=0.00 secs] 
2374.639: [GC (Allocation Failure) [PSYoungGen: 52640K->1376K(53248K)] 463361K->412105K(581120K), 0.0042262 secs] [Times: user=0.02 sys=0.01, real=0.00 secs] 
2375.435: [GC (Allocation Failure) [PSYoungGen: 52576K->1376K(53248K)] 463305K->412105K(581120K), 0.0031722 secs] [Times: user=0.01 sys=0.00, real=0.00 secs] 
2375.919: [GC (Allocation Failure) [PSYoungGen: 52576K->1376K(53248K)] 463305K->412105K(581120K), 0.0026025 secs] [Times: user=0.01 sys=0.00, real=0.00 secs] 
2376.258: [GC (Allocation Failure) [PSYoungGen: 52576K->1408K(53248K)] 463305K->412137K(581120K), 0.0021758 secs] [Times: user=0.01 sys=0.00, real=0.00 secs] 
2376.471: [GC (Allocation Failure) [PSYoungGen: 52608K->1376K(53248K)] 463337K->412105K(581120K), 0.0019736 secs] [Times: user=0.01 sys=0.00, real=0.00 secs] 
2377.967: [GC (Allocation Failure) [PSYoungGen: 52576K->1440K(53248K)] 463305K->412169K(581120K), 0.0027741 secs] [Times: user=0.01 sys=0.00, real=0.00 secs] 
2378.962: [GC (Allocation Failure) [PSYoungGen: 52640K->1376K(53248K)] 463369K->412105K(581120K), 0.0041228 secs] [Times: user=0.02 sys=0.00, real=0.01 secs] 
2379.406: [GC (Allocation Failure) [PSYoungGen: 52576K->1376K(53248K)] 463305K->412105K(581120K), 0.0033646 secs] [Times: user=0.01 sys=0.00, real=0.00 secs] 
2379.877: [GC (Allocation Failure) [PSYoungGen: 52576K->1376K(53248K)] 463305K->412105K(581120K), 0.0028398 secs] [Times: user=0.01 sys=0.00, real=0.00 secs] 
2380.277: [GC (Allocation Failure) [PSYoungGen: 52576K->1392K(53248K)] 463305K->412121K(581120K), 0.0026231 secs] [Times: user=0.01 sys=0.00, real=0.00 secs] 
2380.687: [GC (Allocation Failure) [PSYoungGen: 52582K->1360K(53248K)] 463311K->412089K(581120K), 0.0026796 secs] [Times: user=0.02 sys=0.00, real=0.00 secs] 
2381.686: [GC (Allocation Failure) [PSYoungGen: 52560K->1440K(53248K)] 463289K->412169K(581120K), 0.0028487 secs] [Times: user=0.01 sys=0.00, real=0.00 secs] 
2381.898: [GC (Allocation Failure) [PSYoungGen: 52640K->1376K(53248K)] 463369K->412105K(581120K), 0.0020924 secs] [Times: user=0.01 sys=0.00, real=0.00 secs] 
2382.111: [GC (Allocation Failure) [PSYoungGen: 52576K->1376K(53248K)] 463305K->412105K(581120K), 0.0021145 secs] [Times: user=0.01 sys=0.00, real=0.00 secs] 
2382.324: [GC (Allocation Failure) [PSYoungGen: 52576K->1392K(53248K)] 463305K->412121K(581120K), 0.0021177 secs] [Times: user=0.01 sys=0.00, real=0.00 secs] 
2382.537: [GC (Allocation Failure) [PSYoungGen: 52592K->1376K(53248K)] 463321K->412121K(581120K), 0.0019699 secs] [Times: user=0.01 sys=0.00, real=0.00 secs] 
2383.759: [GC (Allocation Failure) [PSYoungGen: 52576K->1408K(53248K)] 463321K->412153K(581120K), 0.0022637 secs] [Times: user=0.01 sys=0.00, real=0.00 secs] 
2384.371: [GC (Allocation Failure) [PSYoungGen: 52608K->1408K(53248K)] 463353K->412153K(581120K), 0.0027103 secs] [Times: user=0.01 sys=0.00, real=0.01 secs] 
2384.781: [GC (Allocation Failure) [PSYoungGen: 52608K->1376K(53248K)] 463353K->412121K(581120K), 0.0028709 secs] [Times: user=0.01 sys=0.00, real=0.01 secs] 
2385.231: [GC (Allocation Failure) [PSYoungGen: 52576K->1440K(53248K)] 463321K->412185K(581120K), 0.0029730 secs] [Times: user=0.02 sys=0.00, real=0.00 secs] 
2385.808: [GC (Allocation Failure) [PSYoungGen: 52640K->1376K(53248K)] 463385K->412129K(581120K), 0.0032397 secs] [Times: user=0.01 sys=0.00, real=0.00 secs] 
2386.429: [GC (Allocation Failure) [PSYoungGen: 52576K->1376K(53248K)] 463329K->412129K(581120K), 0.0034316 secs] [Times: user=0.02 sys=0.00, real=0.00 secs] 
2387.444: [GC (Allocation Failure) [PSYoungGen: 52576K->1408K(53248K)] 463329K->412161K(581120K), 0.0019261 secs] [Times: user=0.01 sys=0.00, real=0.00 secs] 
2387.657: [GC (Allocation Failure) [PSYoungGen: 52608K->1376K(52736K)] 463361K->412129K(580608K), 0.0017956 secs] [Times: user=0.01 sys=0.00, real=0.00 secs] 
2387.869: [GC (Allocation Failure) [PSYoungGen: 52576K->1376K(52736K)] 463329K->412129K(580608K), 0.0019092 secs] [Times: user=0.01 sys=0.00, real=0.00 secs] 
2388.100: [GC (Allocation Failure) [PSYoungGen: 52576K->352K(52224K)] 463329K->412129K(580096K), 0.0020004 secs] [Times: user=0.01 sys=0.00, real=0.00 secs] 
2388.398: [GC (Allocation Failure) [PSYoungGen: 51552K->352K(53248K)] 463329K->412129K(581120K), 0.0017906 secs] [Times: user=0.01 sys=0.00, real=0.00 secs] 
2389.736: [GC (Allocation Failure) [PSYoungGen: 51552K->1440K(53248K)] 463329K->413217K(581120K), 0.0021741 secs] [Times: user=0.01 sys=0.00, real=0.00 secs] 
2390.606: [GC (Allocation Failure) [PSYoungGen: 52640K->1376K(53248K)] 464417K->413153K(581120K), 0.0041904 secs] [Times: user=0.02 sys=0.01, real=0.00 secs] 
2391.231: [GC (Allocation Failure) [PSYoungGen: 52576K->1376K(53248K)] 464353K->413153K(581120K), 0.0035017 secs] [Times: user=0.02 sys=0.00, real=0.01 secs] 
2392.232: [GC (Allocation Failure) [PSYoungGen: 52576K->1312K(53248K)] 464353K->413089K(581120K), 0.0038544 secs] [Times: user=0.01 sys=0.00, real=0.01 secs] 
2393.248: [GC (Allocation Failure) [PSYoungGen: 52512K->1408K(53248K)] 464289K->413185K(581120K), 0.0042662 secs] [Times: user=0.02 sys=0.00, real=0.00 secs] 
2394.162: [GC (Allocation Failure) [PSYoungGen: 52608K->1376K(53248K)] 464385K->413153K(581120K), 0.0041540 secs] [Times: user=0.02 sys=0.00, real=0.01 secs] 
2395.208: [GC (Allocation Failure) [PSYoungGen: 52576K->1472K(53248K)] 464353K->413257K(581120K), 0.0016667 secs] [Times: user=0.01 sys=0.00, real=0.00 secs] 
2395.533: [GC (Allocation Failure) [PSYoungGen: 52672K->1376K(53248K)] 464457K->413161K(581120K), 0.0015730 secs] [Times: user=0.01 sys=0.00, real=0.01 secs] 
2395.964: [GC (Allocation Failure) [PSYoungGen: 52576K->1408K(53248K)] 464361K->413193K(581120K), 0.0024681 secs] [Times: user=0.01 sys=0.00, real=0.01 secs] 
2396.370: [GC (Allocation Failure) [PSYoungGen: 52608K->1344K(53248K)] 464393K->413129K(581120K), 0.0028218 secs] [Times: user=0.02 sys=0.00, real=0.00 secs] 
2396.816: [GC (Allocation Failure) [PSYoungGen: 52544K->1408K(53248K)] 464329K->413193K(581120K), 0.0025745 secs] [Times: user=0.01 sys=0.00, real=0.00 secs] 
2398.172: [GC (Allocation Failure) [PSYoungGen: 52608K->1408K(53248K)] 464393K->413193K(581120K), 0.0029678 secs] [Times: user=0.01 sys=0.00, real=0.01 secs] 
2398.386: [GC (Allocation Failure) [PSYoungGen: 52608K->1424K(53248K)] 464393K->413209K(581120K), 0.0018914 secs] [Times: user=0.00 sys=0.00, real=0.00 secs] 
2398.633: [GC (Allocation Failure) [PSYoungGen: 52624K->1376K(53248K)] 464409K->413161K(581120K), 0.0019856 secs] [Times: user=0.00 sys=0.01, real=0.01 secs] 
2398.845: [GC (Allocation Failure) [PSYoungGen: 52576K->1344K(53248K)] 464361K->413129K(581120K), 0.0020196 secs] [Times: user=0.01 sys=0.00, real=0.00 secs] 
2399.073: [GC (Allocation Failure) [PSYoungGen: 52544K->1408K(53248K)] 464329K->413193K(581120K), 0.0025701 secs] [Times: user=0.01 sys=0.01, real=0.01 secs] 
2399.280: [GC (Allocation Failure) [PSYoungGen: 52608K->1376K(53248K)] 464393K->413161K(581120K), 0.0021494 secs] [Times: user=0.01 sys=0.00, real=0.00 secs] 
2400.639: [GC (Allocation Failure) [PSYoungGen: 52576K->1440K(53248K)] 464361K->413225K(581120K), 0.0016856 secs] [Times: user=0.01 sys=0.00, real=0.00 secs] 
2401.373: [GC (Allocation Failure) [PSYoungGen: 52640K->1376K(53248K)] 464425K->413161K(581120K), 0.0022198 secs] [Times: user=0.01 sys=0.00, real=0.01 secs] 
2402.103: [GC (Allocation Failure) [PSYoungGen: 52576K->1408K(53248K)] 464361K->413193K(581120K), 0.0040653 secs] [Times: user=0.02 sys=0.00, real=0.01 secs] 
2402.357: [GC (Allocation Failure) [PSYoungGen: 52608K->1408K(53248K)] 464393K->413193K(581120K), 0.0021263 secs] [Times: user=0.01 sys=0.00, real=0.00 secs] 
2402.656: [GC (Allocation Failure) [PSYoungGen: 52608K->1376K(53248K)] 464393K->413177K(581120K), 0.0020044 secs] [Times: user=0.01 sys=0.00, real=0.00 secs] 
2404.520: [GC (Allocation Failure) [PSYoungGen: 52576K->1472K(53248K)] 464377K->413273K(581120K), 0.0043640 secs] [Times: user=0.02 sys=0.00, real=0.01 secs] 
2405.528: [GC (Allocation Failure) [PSYoungGen: 52672K->1376K(53248K)] 464473K->413177K(581120K), 0.0039695 secs] [Times: user=0.01 sys=0.00, real=0.00 secs] 
2406.133: [GC (Allocation Failure) [PSYoungGen: 52576K->1344K(53248K)] 464377K->413145K(581120K), 0.0037325 secs] [Times: user=0.02 sys=0.00, real=0.01 secs] 
2406.740: [GC (Allocation Failure) [PSYoungGen: 52544K->1440K(53248K)] 464345K->413241K(581120K), 0.0030355 secs] [Times: user=0.01 sys=0.00, real=0.00 secs] 
2407.424: [GC (Allocation Failure) [PSYoungGen: 52640K->1376K(53248K)] 464441K->413177K(581120K), 0.0039785 secs] [Times: user=0.01 sys=0.00, real=0.00 secs] 
2408.059: [GC (Allocation Failure) [PSYoungGen: 52576K->1376K(52736K)] 464377K->413177K(580608K), 0.0042678 secs] [Times: user=0.02 sys=0.00, real=0.00 secs] 
2409.357: [GC (Allocation Failure) [PSYoungGen: 52576K->1408K(52736K)] 464377K->413209K(580608K), 0.0017368 secs] [Times: user=0.01 sys=0.00, real=0.00 secs] 
2409.820: [GC (Allocation Failure) [PSYoungGen: 52608K->1440K(52736K)] 464409K->413241K(580608K), 0.0020442 secs] [Times: user=0.01 sys=0.00, real=0.00 secs] 
2410.260: [GC (Allocation Failure) [PSYoungGen: 52640K->1376K(52736K)] 464441K->413177K(580608K), 0.0040940 secs] [Times: user=0.01 sys=0.00, real=0.01 secs] 
2410.682: [GC (Allocation Failure) [PSYoungGen: 52576K->1344K(52736K)] 464377K->413145K(580608K), 0.0027801 secs] [Times: user=0.02 sys=0.00, real=0.01 secs] 
2410.917: [GC (Allocation Failure) [PSYoungGen: 52544K->1408K(52736K)] 464345K->413209K(580608K), 0.0020588 secs] [Times: user=0.01 sys=0.00, real=0.00 secs] 
2411.798: [GC (Allocation Failure) [PSYoungGen: 52608K->1408K(52736K)] 464409K->413209K(580608K), 0.0018999 secs] [Times: user=0.01 sys=0.00, real=0.00 secs] 
2412.032: [GC (Allocation Failure) [PSYoungGen: 52608K->1376K(52736K)] 464409K->413177K(580608K), 0.0018494 secs] [Times: user=0.01 sys=0.00, real=0.00 secs] 
2412.349: [GC (Allocation Failure) [PSYoungGen: 52576K->1376K(52736K)] 464377K->413177K(580608K), 0.0016186 secs] [Times: user=0.01 sys=0.00, real=0.00 secs] 
2412.764: [GC (Allocation Failure) [PSYoungGen: 52576K->1376K(52736K)] 464377K->413177K(580608K), 0.0018978 secs] [Times: user=0.01 sys=0.00, real=0.00 secs] 
2413.124: [GC (Allocation Failure) [PSYoungGen: 52576K->1376K(52736K)] 464377K->413177K(580608K), 0.0017348 secs] [Times: user=0.01 sys=0.00, real=0.00 secs] 
2413.506: [GC (Allocation Failure) [PSYoungGen: 52576K->1408K(52736K)] 464377K->413233K(580608K), 0.0019218 secs] [Times: user=0.01 sys=0.00, real=0.00 secs] 
2414.709: [GC (Allocation Failure) [PSYoungGen: 52608K->1440K(52736K)] 464433K->413265K(580608K), 0.0019116 secs] [Times: user=0.01 sys=0.00, real=0.00 secs] 
2415.347: [GC (Allocation Failure) [PSYoungGen: 52640K->1376K(52736K)] 464465K->413201K(580608K), 0.0041574 secs] [Times: user=0.02 sys=0.00, real=0.00 secs] 
2415.925: [GC (Allocation Failure) [PSYoungGen: 52576K->1408K(52736K)] 464401K->413241K(580608K), 0.0038284 secs] [Times: user=0.02 sys=0.00, real=0.00 secs] 
2416.491: [GC (Allocation Failure) [PSYoungGen: 52608K->1408K(52736K)] 464441K->413241K(580608K), 0.0040372 secs] [Times: user=0.01 sys=0.00, real=0.01 secs] 
2416.959: [GC (Allocation Failure) [PSYoungGen: 52608K->1440K(52736K)] 464441K->413281K(580608K), 0.0029005 secs] [Times: user=0.01 sys=0.00, real=0.00 secs] 
2418.333: [GC (Allocation Failure) [PSYoungGen: 52640K->1440K(52736K)] 464481K->413289K(580608K), 0.0020829 secs] [Times: user=0.01 sys=0.00, real=0.01 secs] 
2419.464: [GC (Allocation Failure) [PSYoungGen: 52640K->1408K(52736K)] 464489K->413257K(580608K), 0.0038926 secs] [Times: user=0.01 sys=0.00, real=0.00 secs] 
2420.168: [GC (Allocation Failure) [PSYoungGen: 52608K->1376K(52736K)] 464457K->413225K(580608K), 0.0041143 secs] [Times: user=0.02 sys=0.00, real=0.00 secs] 
2420.717: [GC (Allocation Failure) [PSYoungGen: 52576K->1376K(52736K)] 464425K->413225K(580608K), 0.0034059 secs] [Times: user=0.02 sys=0.00, real=0.00 secs] 
2421.076: [GC (Allocation Failure) [PSYoungGen: 52576K->1408K(52736K)] 464425K->413257K(580608K), 0.0026150 secs] [Times: user=0.01 sys=0.00, real=0.00 secs] 
2421.286: [GC (Allocation Failure) [PSYoungGen: 52608K->1376K(52736K)] 464457K->413225K(580608K), 0.0028382 secs] [Times: user=0.01 sys=0.00, real=0.00 secs] 
2422.385: [GC (Allocation Failure) [PSYoungGen: 52576K->1472K(52736K)] 464425K->413321K(580608K), 0.0021971 secs] [Times: user=0.01 sys=0.00, real=0.00 secs] 
2422.806: [GC (Allocation Failure) [PSYoungGen: 52672K->1376K(52736K)] 464521K->413225K(580608K), 0.0025596 secs] [Times: user=0.01 sys=0.00, real=0.00 secs] 
2423.235: [GC (Allocation Failure) [PSYoungGen: 52576K->1344K(52736K)] 464425K->413193K(580608K), 0.0023912 secs] [Times: user=0.01 sys=0.00, real=0.00 secs] 
2423.742: [GC (Allocation Failure) [PSYoungGen: 52544K->1376K(52736K)] 464393K->413225K(580608K), 0.0023700 secs] [Times: user=0.01 sys=0.00, real=0.01 secs] 
2424.173: [GC (Allocation Failure) [PSYoungGen: 52576K->1408K(52736K)] 464425K->413273K(580608K), 0.0021240 secs] [Times: user=0.01 sys=0.00, real=0.01 secs] 
2425.333: [GC (Allocation Failure) [PSYoungGen: 52608K->1440K(52736K)] 464473K->413305K(580608K), 0.0015862 secs] [Times: user=0.01 sys=0.00, real=0.01 secs] 
2425.862: [GC (Allocation Failure) [PSYoungGen: 52640K->1376K(52736K)] 464505K->413241K(580608K), 0.0019467 secs] [Times: user=0.01 sys=0.00, real=0.01 secs] 
2426.295: [GC (Allocation Failure) [PSYoungGen: 52576K->1392K(52736K)] 464441K->413257K(580608K), 0.0034277 secs] [Times: user=0.01 sys=0.00, real=0.00 secs] 
2426.551: [GC (Allocation Failure) [PSYoungGen: 52592K->1376K(52736K)] 464457K->413241K(580608K), 0.0019820 secs] [Times: user=0.01 sys=0.01, real=0.00 secs] 
2426.914: [GC (Allocation Failure) [PSYoungGen: 52576K->1344K(52736K)] 464441K->413217K(580608K), 0.0017591 secs] [Times: user=0.01 sys=0.00, real=0.00 secs] 
2427.312: [GC (Allocation Failure) [PSYoungGen: 52544K->1376K(52736K)] 464417K->413249K(580608K), 0.0019677 secs] [Times: user=0.01 sys=0.00, real=0.01 secs] 
2428.923: [GC (Allocation Failure) [PSYoungGen: 52576K->1376K(52736K)] 464449K->413249K(580608K), 0.0082359 secs] [Times: user=0.04 sys=0.00, real=0.01 secs] 
2429.663: [GC (Allocation Failure) [PSYoungGen: 52576K->1392K(52736K)] 464449K->413265K(580608K), 0.0021488 secs] [Times: user=0.01 sys=0.00, real=0.01 secs] 
2430.036: [GC (Allocation Failure) [PSYoungGen: 52592K->1376K(52736K)] 464465K->413249K(580608K), 0.0022205 secs] [Times: user=0.01 sys=0.01, real=0.00 secs] 
2430.251: [GC (Allocation Failure) [PSYoungGen: 52576K->1376K(52736K)] 464449K->413249K(580608K), 0.0028795 secs] [Times: user=0.01 sys=0.01, real=0.01 secs] 
2430.464: [GC (Allocation Failure) [PSYoungGen: 52576K->1376K(52736K)] 464449K->413249K(580608K), 0.0022797 secs] [Times: user=0.00 sys=0.00, real=0.00 secs] 
2431.398: [GC (Allocation Failure) [PSYoungGen: 52576K->1424K(52736K)] 464449K->413297K(580608K), 0.0016818 secs] [Times: user=0.01 sys=0.00, real=0.00 secs] 
2432.207: [GC (Allocation Failure) [PSYoungGen: 52624K->1440K(52736K)] 464497K->413313K(580608K), 0.0037058 secs] [Times: user=0.01 sys=0.00, real=0.00 secs] 
2432.671: [GC (Allocation Failure) [PSYoungGen: 52640K->1392K(52736K)] 464513K->413265K(580608K), 0.0033970 secs] [Times: user=0.02 sys=0.00, real=0.01 secs] 
2433.194: [GC (Allocation Failure) [PSYoungGen: 52592K->1376K(52736K)] 464465K->413249K(580608K), 0.0043325 secs] [Times: user=0.02 sys=0.00, real=0.00 secs] 
2433.721: [GC (Allocation Failure) [PSYoungGen: 52576K->1456K(52736K)] 464449K->413345K(580608K), 0.0028322 secs] [Times: user=0.01 sys=0.00, real=0.01 secs] 
2434.146: [GC (Allocation Failure) [PSYoungGen: 52656K->1408K(52736K)] 464545K->413297K(580608K), 0.0039234 secs] [Times: user=0.02 sys=0.00, real=0.00 secs] 
2435.454: [GC (Allocation Failure) [PSYoungGen: 52608K->1408K(52736K)] 464497K->413305K(580608K), 0.0030833 secs] [Times: user=0.01 sys=0.00, real=0.00 secs] 
2435.867: [GC (Allocation Failure) [PSYoungGen: 52608K->1376K(52736K)] 464505K->413273K(580608K), 0.0028637 secs] [Times: user=0.01 sys=0.00, real=0.00 secs] 
2436.270: [GC (Allocation Failure) [PSYoungGen: 52576K->1392K(52736K)] 464473K->413289K(580608K), 0.0039190 secs] [Times: user=0.02 sys=0.00, real=0.01 secs] 
2436.669: [GC (Allocation Failure) [PSYoungGen: 52592K->1376K(52736K)] 464489K->413273K(580608K), 0.0033195 secs] [Times: user=0.01 sys=0.00, real=0.00 secs] 
2437.078: [GC (Allocation Failure) [PSYoungGen: 52576K->1408K(52736K)] 464473K->413305K(580608K), 0.0034158 secs] [Times: user=0.02 sys=0.00, real=0.00 secs] 
2438.218: [GC (Allocation Failure) [PSYoungGen: 52608K->928K(52736K)] 464505K->413849K(580608K), 0.0017363 secs] [Times: user=0.01 sys=0.00, real=0.00 secs] 
2438.683: [GC (Allocation Failure) [PSYoungGen: 52128K->352K(52224K)] 465049K->413273K(580096K), 0.0018582 secs] [Times: user=0.00 sys=0.00, real=0.01 secs] 
2439.130: [GC (Allocation Failure) [PSYoungGen: 51040K->416K(52736K)] 463961K->413337K(580608K), 0.0019439 secs] [Times: user=0.01 sys=0.00, real=0.00 secs] 
2439.720: [GC (Allocation Failure) [PSYoungGen: 51104K->352K(52736K)] 464025K->413273K(580608K), 0.0025535 secs] [Times: user=0.01 sys=0.00, real=0.00 secs] 
2440.078: [GC (Allocation Failure) [PSYoungGen: 51040K->352K(52736K)] 463961K->413273K(580608K), 0.0027369 secs] [Times: user=0.01 sys=0.00, real=0.00 secs] 
2440.424: [GC (Allocation Failure) [PSYoungGen: 51040K->368K(52736K)] 463961K->413289K(580608K), 0.0024973 secs] [Times: user=0.01 sys=0.00, real=0.00 secs] 
2441.839: [GC (Allocation Failure) [PSYoungGen: 51056K->1472K(52736K)] 463977K->414393K(580608K), 0.0019888 secs] [Times: user=0.01 sys=0.00, real=0.00 secs] 
2442.766: [GC (Allocation Failure) [PSYoungGen: 52160K->1360K(52224K)] 465081K->414281K(580096K), 0.0036240 secs] [Times: user=0.02 sys=0.00, real=0.00 secs] 
2443.639: [GC (Allocation Failure) [PSYoungGen: 51536K->1440K(52736K)] 464457K->414361K(580608K), 0.0039934 secs] [Times: user=0.02 sys=0.00, real=0.00 secs] 
2443.880: [GC (Allocation Failure) [PSYoungGen: 51616K->1376K(52736K)] 464537K->414297K(580608K), 0.0020640 secs] [Times: user=0.01 sys=0.00, real=0.00 secs] 
2444.106: [GC (Allocation Failure) [PSYoungGen: 51552K->1376K(52736K)] 464473K->414313K(580608K), 0.0019010 secs] [Times: user=0.01 sys=0.00, real=0.00 secs] 
2444.520: [GC (Allocation Failure) [PSYoungGen: 51552K->1424K(52736K)] 464489K->414361K(580608K), 0.0019539 secs] [Times: user=0.01 sys=0.00, real=0.00 secs] 
2445.730: [GC (Allocation Failure) [PSYoungGen: 51600K->1408K(52736K)] 464537K->414345K(580608K), 0.0020432 secs] [Times: user=0.01 sys=0.00, real=0.00 secs] 
2445.961: [GC (Allocation Failure) [PSYoungGen: 51584K->1408K(52736K)] 464521K->414345K(580608K), 0.0020554 secs] [Times: user=0.01 sys=0.00, real=0.00 secs] 
2446.178: [GC (Allocation Failure) [PSYoungGen: 51584K->1408K(52736K)] 464521K->414345K(580608K), 0.0025570 secs] [Times: user=0.01 sys=0.00, real=0.00 secs] 
2446.402: [GC (Allocation Failure) [PSYoungGen: 51584K->1376K(52736K)] 464521K->414313K(580608K), 0.0023712 secs] [Times: user=0.01 sys=0.00, real=0.01 secs] 
2446.611: [GC (Allocation Failure) [PSYoungGen: 51552K->1376K(51712K)] 464489K->414313K(579584K), 0.0019734 secs] [Times: user=0.01 sys=0.00, real=0.00 secs] 
2448.370: [GC (Allocation Failure) [PSYoungGen: 51552K->1440K(52224K)] 464489K->414385K(580096K), 0.0018100 secs] [Times: user=0.01 sys=0.00, real=0.00 secs] 
2448.593: [GC (Allocation Failure) [PSYoungGen: 51616K->1344K(52224K)] 464561K->414289K(580096K), 0.0019120 secs] [Times: user=0.01 sys=0.00, real=0.01 secs] 
2448.804: [GC (Allocation Failure) [PSYoungGen: 51520K->1376K(52224K)] 464465K->414321K(580096K), 0.0018443 secs] [Times: user=0.01 sys=0.00, real=0.00 secs] 
2449.166: [GC (Allocation Failure) [PSYoungGen: 51552K->1376K(52224K)] 464497K->414321K(580096K), 0.0018975 secs] [Times: user=0.01 sys=0.00, real=0.00 secs] 
2449.523: [GC (Allocation Failure) [PSYoungGen: 51552K->1408K(52224K)] 464497K->414353K(580096K), 0.0016824 secs] [Times: user=0.01 sys=0.00, real=0.01 secs] 
2449.958: [GC (Allocation Failure) [PSYoungGen: 51584K->1440K(52224K)] 464529K->414385K(580096K), 0.0040464 secs] [Times: user=0.02 sys=0.00, real=0.00 secs] 
2451.147: [GC (Allocation Failure) [PSYoungGen: 51616K->1408K(52224K)] 464561K->414353K(580096K), 0.0019922 secs] [Times: user=0.00 sys=0.00, real=0.00 secs] 
2451.356: [GC (Allocation Failure) [PSYoungGen: 51584K->1376K(52224K)] 464529K->414321K(580096K), 0.0019322 secs] [Times: user=0.00 sys=0.00, real=0.00 secs] 
2451.564: [GC (Allocation Failure) [PSYoungGen: 51552K->1408K(52224K)] 464497K->414353K(580096K), 0.0019719 secs] [Times: user=0.01 sys=0.00, real=0.00 secs] 
2451.775: [GC (Allocation Failure) [PSYoungGen: 51584K->1408K(52224K)] 464529K->414361K(580096K), 0.0035783 secs] [Times: user=0.02 sys=0.00, real=0.00 secs] 
2452.035: [GC (Allocation Failure) [PSYoungGen: 51584K->1408K(52224K)] 464537K->414377K(580096K), 0.0029070 secs] [Times: user=0.02 sys=0.00, real=0.00 secs] 
2452.933: [GC (Allocation Failure) [PSYoungGen: 51584K->1696K(52224K)] 464553K->414665K(580096K), 0.0016902 secs] [Times: user=0.01 sys=0.00, real=0.01 secs] 
2453.153: [GC (Allocation Failure) [PSYoungGen: 51872K->1424K(52224K)] 464841K->414393K(580096K), 0.0016481 secs] [Times: user=0.01 sys=0.00, real=0.01 secs] 
2453.481: [GC (Allocation Failure) [PSYoungGen: 51600K->1376K(52224K)] 464569K->414345K(580096K), 0.0017938 secs] [Times: user=0.01 sys=0.00, real=0.00 secs] 
2453.935: [GC (Allocation Failure) [PSYoungGen: 51552K->1376K(52224K)] 464521K->414345K(580096K), 0.0040283 secs] [Times: user=0.02 sys=0.00, real=0.00 secs] 
2454.459: [GC (Allocation Failure) [PSYoungGen: 51552K->1376K(52224K)] 464521K->414361K(580096K), 0.0042567 secs] [Times: user=0.02 sys=0.00, real=0.01 secs] 
2454.919: [GC (Allocation Failure) [PSYoungGen: 51552K->1408K(52224K)] 464537K->414393K(580096K), 0.0037606 secs] [Times: user=0.02 sys=0.00, real=0.00 secs] 
2456.269: [GC (Allocation Failure) [PSYoungGen: 51584K->1440K(52224K)] 464569K->414425K(580096K), 0.0019092 secs] [Times: user=0.00 sys=0.00, real=0.00 secs] 
2456.866: [GC (Allocation Failure) [PSYoungGen: 51616K->1376K(52224K)] 464601K->414361K(580096K), 0.0033796 secs] [Times: user=0.01 sys=0.00, real=0.00 secs] 
2457.314: [GC (Allocation Failure) [PSYoungGen: 51552K->1440K(52224K)] 464537K->414425K(580096K), 0.0033805 secs] [Times: user=0.02 sys=0.00, real=0.00 secs] 
2457.656: [GC (Allocation Failure) [PSYoungGen: 51616K->1376K(52224K)] 464601K->414361K(580096K), 0.0020717 secs] [Times: user=0.01 sys=0.00, real=0.00 secs] 
2458.109: [GC (Allocation Failure) [PSYoungGen: 51552K->1408K(52224K)] 464537K->414393K(580096K), 0.0023632 secs] [Times: user=0.00 sys=0.00, real=0.00 secs] 
2458.489: [GC (Allocation Failure) [PSYoungGen: 51584K->1376K(52224K)] 464569K->414361K(580096K), 0.0023934 secs] [Times: user=0.01 sys=0.00, real=0.00 secs] 
2459.784: [GC (Allocation Failure) [PSYoungGen: 51552K->1376K(52224K)] 464537K->414361K(580096K), 0.0055701 secs] [Times: user=0.02 sys=0.00, real=0.00 secs] 
2460.274: [GC (Allocation Failure) [PSYoungGen: 51552K->1376K(52224K)] 464537K->414361K(580096K), 0.0030472 secs] [Times: user=0.01 sys=0.00, real=0.00 secs] 
2460.855: [GC (Allocation Failure) [PSYoungGen: 51552K->1408K(52224K)] 464537K->414393K(580096K), 0.0031810 secs] [Times: user=0.01 sys=0.00, real=0.00 secs] 
2461.613: [GC (Allocation Failure) [PSYoungGen: 51584K->1376K(51712K)] 464569K->414369K(579584K), 0.0032314 secs] [Times: user=0.02 sys=0.00, real=0.01 secs] 
2462.352: [GC (Allocation Failure) [PSYoungGen: 51552K->1408K(51712K)] 464545K->414401K(579584K), 0.0046450 secs] [Times: user=0.01 sys=0.00, real=0.01 secs] 
2463.993: [GC (Allocation Failure) [PSYoungGen: 51584K->384K(51200K)] 464577K->414401K(579072K), 0.0017906 secs] [Times: user=0.01 sys=0.00, real=0.01 secs] 
2464.428: [GC (Allocation Failure) [PSYoungGen: 50560K->352K(52224K)] 464577K->414369K(580096K), 0.0019211 secs] [Times: user=0.01 sys=0.00, real=0.00 secs] 
2464.851: [GC (Allocation Failure) [PSYoungGen: 50528K->368K(52224K)] 464545K->414385K(580096K), 0.0026682 secs] [Times: user=0.01 sys=0.00, real=0.01 secs] 
2465.305: [GC (Allocation Failure) [PSYoungGen: 50544K->416K(52224K)] 464561K->414441K(580096K), 0.0028263 secs] [Times: user=0.01 sys=0.00, real=0.00 secs] 
2465.702: [GC (Allocation Failure) [PSYoungGen: 50592K->320K(52224K)] 464617K->414345K(580096K), 0.0028378 secs] [Times: user=0.01 sys=0.00, real=0.01 secs] 
2465.912: [GC (Allocation Failure) [PSYoungGen: 50496K->352K(52224K)] 464521K->414377K(580096K), 0.0025194 secs] [Times: user=0.01 sys=0.00, real=0.01 secs] 
2466.842: [GC (Allocation Failure) [PSYoungGen: 50528K->1440K(51712K)] 464553K->415465K(579584K), 0.0019610 secs] [Times: user=0.01 sys=0.00, real=0.01 secs] 
2467.048: [GC (Allocation Failure) [PSYoungGen: 51104K->1424K(52224K)] 465129K->415449K(580096K), 0.0020413 secs] [Times: user=0.01 sys=0.00, real=0.00 secs] 
2467.255: [GC (Allocation Failure) [PSYoungGen: 51088K->1376K(52224K)] 465113K->415401K(580096K), 0.0019025 secs] [Times: user=0.01 sys=0.00, real=0.00 secs] 
2467.461: [GC (Allocation Failure) [PSYoungGen: 51040K->1376K(52224K)] 465065K->415401K(580096K), 0.0020196 secs] [Times: user=0.01 sys=0.00, real=0.00 secs] 
2467.797: [GC (Allocation Failure) [PSYoungGen: 51040K->1408K(52224K)] 465065K->415433K(580096K), 0.0025604 secs] [Times: user=0.01 sys=0.00, real=0.00 secs] 
2468.122: [GC (Allocation Failure) [PSYoungGen: 51072K->1376K(52224K)] 465097K->415401K(580096K), 0.0022208 secs] [Times: user=0.01 sys=0.00, real=0.01 secs] 
2469.233: [GC (Allocation Failure) [PSYoungGen: 51040K->1472K(52224K)] 465065K->415497K(580096K), 0.0018832 secs] [Times: user=0.01 sys=0.00, real=0.01 secs] 
2469.463: [GC (Allocation Failure) [PSYoungGen: 51136K->1408K(52224K)] 465161K->415433K(580096K), 0.0016143 secs] [Times: user=0.01 sys=0.00, real=0.01 secs] 
2469.848: [GC (Allocation Failure) [PSYoungGen: 51072K->1360K(52224K)] 465097K->415385K(580096K), 0.0022905 secs] [Times: user=0.01 sys=0.01, real=0.00 secs] 
2470.233: [GC (Allocation Failure) [PSYoungGen: 51024K->1376K(52224K)] 465049K->415401K(580096K), 0.0025701 secs] [Times: user=0.01 sys=0.00, real=0.01 secs] 
2470.826: [GC (Allocation Failure) [PSYoungGen: 51040K->1376K(52224K)] 465065K->415401K(580096K), 0.0040343 secs] [Times: user=0.02 sys=0.00, real=0.00 secs] 
2472.201: [GC (Allocation Failure) [PSYoungGen: 51040K->1408K(51200K)] 465065K->415457K(579072K), 0.0017802 secs] [Times: user=0.01 sys=0.00, real=0.00 secs] 
2472.764: [GC (Allocation Failure) [PSYoungGen: 51072K->1344K(51712K)] 465121K->415393K(579584K), 0.0017509 secs] [Times: user=0.01 sys=0.00, real=0.01 secs] 
2473.324: [GC (Allocation Failure) [PSYoungGen: 51008K->1408K(51712K)] 465057K->415457K(579584K), 0.0040856 secs] [Times: user=0.01 sys=0.00, real=0.00 secs] 
2474.030: [GC (Allocation Failure) [PSYoungGen: 51072K->1376K(51712K)] 465121K->415425K(579584K), 0.0028688 secs] [Times: user=0.01 sys=0.00, real=0.00 secs] 
2474.729: [GC (Allocation Failure) [PSYoungGen: 51040K->1376K(51712K)] 465089K->415433K(579584K), 0.0030495 secs] [Times: user=0.01 sys=0.00, real=0.00 secs] 
2475.456: [GC (Allocation Failure) [PSYoungGen: 51040K->1376K(51712K)] 465097K->415433K(579584K), 0.0040302 secs] [Times: user=0.02 sys=0.00, real=0.00 secs] 
2476.735: [GC (Allocation Failure) [PSYoungGen: 51040K->1424K(51712K)] 465097K->415481K(579584K), 0.0021359 secs] [Times: user=0.01 sys=0.01, real=0.00 secs] 
2476.988: [GC (Allocation Failure) [PSYoungGen: 51088K->1376K(51712K)] 465145K->415433K(579584K), 0.0022626 secs] [Times: user=0.01 sys=0.00, real=0.00 secs] 
2477.199: [GC (Allocation Failure) [PSYoungGen: 51040K->1376K(51712K)] 465097K->415433K(579584K), 0.0021400 secs] [Times: user=0.01 sys=0.00, real=0.00 secs] 
2477.410: [GC (Allocation Failure) [PSYoungGen: 51040K->1376K(51712K)] 465097K->415433K(579584K), 0.0021862 secs] [Times: user=0.01 sys=0.00, real=0.00 secs] 
2477.628: [GC (Allocation Failure) [PSYoungGen: 51040K->1376K(51712K)] 465097K->415433K(579584K), 0.0020753 secs] [Times: user=0.01 sys=0.00, real=0.00 secs] 
2478.039: [GC (Allocation Failure) [PSYoungGen: 51040K->1376K(51712K)] 465097K->415433K(579584K), 0.0020133 secs] [Times: user=0.01 sys=0.00, real=0.00 secs] 
2479.282: [GC (Allocation Failure) [PSYoungGen: 51040K->1376K(51712K)] 465097K->415433K(579584K), 0.0019383 secs] [Times: user=0.00 sys=0.00, real=0.01 secs] 
2479.950: [GC (Allocation Failure) [PSYoungGen: 51040K->1408K(51712K)] 465097K->415465K(579584K), 0.0021286 secs] [Times: user=0.01 sys=0.00, real=0.00 secs] 
2480.765: [GC (Allocation Failure) [PSYoungGen: 51072K->1408K(51712K)] 465129K->415465K(579584K), 0.0042846 secs] [Times: user=0.01 sys=0.00, real=0.00 secs] 
2481.285: [GC (Allocation Failure) [PSYoungGen: 51072K->1408K(51712K)] 465129K->415465K(579584K), 0.0032278 secs] [Times: user=0.01 sys=0.00, real=0.00 secs] 
2481.935: [GC (Allocation Failure) [PSYoungGen: 51072K->1408K(51712K)] 465129K->415465K(579584K), 0.0034911 secs] [Times: user=0.02 sys=0.00, real=0.00 secs] 
2483.285: [GC (Allocation Failure) [PSYoungGen: 51072K->1952K(51712K)] 465129K->416009K(579584K), 0.0020050 secs] [Times: user=0.01 sys=0.00, real=0.00 secs] 
2483.868: [GC (Allocation Failure) [PSYoungGen: 51616K->1376K(51712K)] 465673K->415433K(579584K), 0.0018235 secs] [Times: user=0.01 sys=0.00, real=0.00 secs] 
2484.340: [GC (Allocation Failure) [PSYoungGen: 51040K->1408K(51712K)] 465097K->415481K(579584K), 0.0031975 secs] [Times: user=0.02 sys=0.00, real=0.00 secs] 
2484.681: [GC (Allocation Failure) [PSYoungGen: 51072K->1424K(51712K)] 465145K->415497K(579584K), 0.0022241 secs] [Times: user=0.01 sys=0.00, real=0.00 secs] 
2485.112: [GC (Allocation Failure) [PSYoungGen: 51088K->1440K(51712K)] 465161K->415521K(579584K), 0.0026244 secs] [Times: user=0.01 sys=0.00, real=0.01 secs] 
2485.479: [GC (Allocation Failure) [PSYoungGen: 51104K->1408K(51712K)] 465185K->415489K(579584K), 0.0025996 secs] [Times: user=0.01 sys=0.00, real=0.00 secs] 
2486.601: [GC (Allocation Failure) [PSYoungGen: 51072K->1440K(51712K)] 465153K->415521K(579584K), 0.0016700 secs] [Times: user=0.01 sys=0.00, real=0.00 secs] 
2487.172: [GC (Allocation Failure) [PSYoungGen: 51104K->1408K(51712K)] 465185K->415489K(579584K), 0.0041492 secs] [Times: user=0.02 sys=0.00, real=0.01 secs] 
2487.556: [GC (Allocation Failure) [PSYoungGen: 51072K->1376K(51712K)] 465153K->415457K(579584K), 0.0036268 secs] [Times: user=0.02 sys=0.00, real=0.00 secs] 
2487.960: [GC (Allocation Failure) [PSYoungGen: 51040K->1376K(51712K)] 465121K->415457K(579584K), 0.0039528 secs] [Times: user=0.02 sys=0.00, real=0.01 secs] 
2488.393: [GC (Allocation Failure) [PSYoungGen: 51040K->1424K(51712K)] 465121K->415505K(579584K), 0.0030700 secs] [Times: user=0.01 sys=0.00, real=0.01 secs] 
2488.820: [GC (Allocation Failure) [PSYoungGen: 51088K->1360K(51712K)] 465169K->415441K(579584K), 0.0032680 secs] [Times: user=0.01 sys=0.00, real=0.00 secs] 
2490.257: [GC (Allocation Failure) [PSYoungGen: 51024K->1440K(51712K)] 465105K->415521K(579584K), 0.0038909 secs] [Times: user=0.01 sys=0.00, real=0.00 secs] 
2490.667: [GC (Allocation Failure) [PSYoungGen: 51104K->1392K(51712K)] 465185K->415473K(579584K), 0.0027840 secs] [Times: user=0.01 sys=0.00, real=0.00 secs] 
2491.085: [GC (Allocation Failure) [PSYoungGen: 51056K->1376K(51712K)] 465137K->415457K(579584K), 0.0029343 secs] [Times: user=0.01 sys=0.00, real=0.00 secs] 
2491.529: [GC (Allocation Failure) [PSYoungGen: 51040K->1408K(51712K)] 465121K->415497K(579584K), 0.0031337 secs] [Times: user=0.01 sys=0.00, real=0.00 secs] 
2492.018: [GC (Allocation Failure) [PSYoungGen: 51072K->1408K(51200K)] 465161K->415497K(579072K), 0.0028978 secs] [Times: user=0.01 sys=0.00, real=0.00 secs] 
2492.964: [GC (Allocation Failure) [PSYoungGen: 51072K->1504K(51200K)] 465161K->415709K(579072K), 0.0016931 secs] [Times: user=0.00 sys=0.00, real=0.00 secs] 
2493.917: [GC (Allocation Failure) [PSYoungGen: 51168K->1264K(51712K)] 465373K->415493K(579584K), 0.0025653 secs] [Times: user=0.01 sys=0.00, real=0.00 secs] 
2494.310: [GC (Allocation Failure) [PSYoungGen: 50928K->1280K(51712K)] 465157K->415509K(579584K), 0.0021935 secs] [Times: user=0.01 sys=0.00, real=0.00 secs] 
2494.766: [GC (Allocation Failure) [PSYoungGen: 50944K->1296K(51712K)] 465173K->415525K(579584K), 0.0021069 secs] [Times: user=0.01 sys=0.00, real=0.00 secs] 
2495.290: [GC (Allocation Failure) [PSYoungGen: 50960K->1280K(51712K)] 465189K->415509K(579584K), 0.0022310 secs] [Times: user=0.01 sys=0.00, real=0.00 secs] 
2495.800: [GC (Allocation Failure) [PSYoungGen: 50944K->1312K(51712K)] 465173K->415541K(579584K), 0.0021673 secs] [Times: user=0.01 sys=0.00, real=0.00 secs] 
2497.679: [GC (Allocation Failure) [PSYoungGen: 50976K->1472K(51712K)] 465205K->416725K(579584K), 0.0037169 secs] [Times: user=0.02 sys=0.00, real=0.00 secs] 
2499.437: [GC (Allocation Failure) [PSYoungGen: 51136K->1408K(51712K)] 466389K->416661K(579584K), 0.0032418 secs] [Times: user=0.02 sys=0.00, real=0.00 secs] 
2499.807: [GC (Allocation Failure) [PSYoungGen: 51072K->1408K(51712K)] 466325K->416661K(579584K), 0.0026404 secs] [Times: user=0.01 sys=0.00, real=0.00 secs] 
2500.214: [GC (Allocation Failure) [PSYoungGen: 51072K->1376K(51712K)] 466325K->416629K(579584K), 0.0022329 secs] [Times: user=0.01 sys=0.00, real=0.00 secs] 
2500.852: [GC (Allocation Failure) [PSYoungGen: 51040K->1408K(51712K)] 466293K->416661K(579584K), 0.0029480 secs] [Times: user=0.01 sys=0.00, real=0.01 secs] 
2501.490: [GC (Allocation Failure) [PSYoungGen: 51072K->1408K(51712K)] 466325K->416661K(579584K), 0.0030718 secs] [Times: user=0.01 sys=0.00, real=0.00 secs] 
2503.080: [GC (Allocation Failure) [PSYoungGen: 51072K->1440K(51712K)] 466325K->416693K(579584K), 0.0022186 secs] [Times: user=0.01 sys=0.00, real=0.00 secs] 
2503.704: [GC (Allocation Failure) [PSYoungGen: 51104K->1440K(51712K)] 466357K->416693K(579584K), 0.0032325 secs] [Times: user=0.02 sys=0.00, real=0.00 secs] 
2504.136: [GC (Allocation Failure) [PSYoungGen: 51104K->1408K(51712K)] 466357K->416661K(579584K), 0.0034487 secs] [Times: user=0.02 sys=0.00, real=0.00 secs] 
2504.648: [GC (Allocation Failure) [PSYoungGen: 51072K->1408K(51200K)] 466325K->416685K(579072K), 0.0030738 secs] [Times: user=0.01 sys=0.00, real=0.00 secs] 
2505.046: [GC (Allocation Failure) [PSYoungGen: 51072K->1408K(51200K)] 466349K->416685K(579072K), 0.0030603 secs] [Times: user=0.01 sys=0.00, real=0.00 secs] 
2505.533: [GC (Allocation Failure) [PSYoungGen: 51072K->416K(50688K)] 466349K->416717K(578560K), 0.0029259 secs] [Times: user=0.01 sys=0.00, real=0.01 secs] 
2506.922: [GC (Allocation Failure) [PSYoungGen: 50080K->1440K(51712K)] 466381K->417749K(579584K), 0.0020074 secs] [Times: user=0.01 sys=0.00, real=0.01 secs] 
2507.129: [GC (Allocation Failure) [PSYoungGen: 51104K->1360K(51712K)] 467413K->417669K(579584K), 0.0025841 secs] [Times: user=0.01 sys=0.00, real=0.00 secs] 
2507.507: [GC (Allocation Failure) [PSYoungGen: 51024K->1440K(51712K)] 467333K->417749K(579584K), 0.0035058 secs] [Times: user=0.01 sys=0.00, real=0.00 secs] 
2508.070: [GC (Allocation Failure) [PSYoungGen: 51104K->1440K(51712K)] 467413K->417781K(579584K), 0.0029529 secs] [Times: user=0.01 sys=0.00, real=0.00 secs] 
2508.525: [GC (Allocation Failure) [PSYoungGen: 51104K->1376K(51712K)] 467445K->417717K(579584K), 0.0034316 secs] [Times: user=0.01 sys=0.00, real=0.00 secs] 
2510.025: [GC (Allocation Failure) [PSYoungGen: 51040K->1424K(51712K)] 467381K->417765K(579584K), 0.0031586 secs] [Times: user=0.01 sys=0.00, real=0.00 secs] 
2510.646: [GC (Allocation Failure) [PSYoungGen: 51088K->1376K(51712K)] 467429K->417717K(579584K), 0.0032419 secs] [Times: user=0.02 sys=0.00, real=0.00 secs] 
2510.856: [GC (Allocation Failure) [PSYoungGen: 51040K->1392K(51712K)] 467381K->417733K(579584K), 0.0021639 secs] [Times: user=0.01 sys=0.00, real=0.00 secs] 
2511.079: [GC (Allocation Failure) [PSYoungGen: 51056K->1408K(51712K)] 467397K->417749K(579584K), 0.0020995 secs] [Times: user=0.01 sys=0.00, real=0.00 secs] 
2511.379: [GC (Allocation Failure) [PSYoungGen: 51072K->1344K(51712K)] 467413K->417693K(579584K), 0.0020627 secs] [Times: user=0.01 sys=0.00, real=0.00 secs] 
2511.818: [GC (Allocation Failure) [PSYoungGen: 51008K->1376K(51712K)] 467357K->417725K(579584K), 0.0020842 secs] [Times: user=0.01 sys=0.00, real=0.00 secs] 
2513.916: [GC (Allocation Failure) [PSYoungGen: 51040K->1440K(51712K)] 467389K->417789K(579584K), 0.0041569 secs] [Times: user=0.01 sys=0.00, real=0.00 secs] 
2514.974: [GC (Allocation Failure) [PSYoungGen: 51104K->1440K(51712K)] 467453K->417797K(579584K), 0.0041302 secs] [Times: user=0.02 sys=0.00, real=0.00 secs] 
2515.704: [GC (Allocation Failure) [PSYoungGen: 51104K->1408K(51712K)] 467461K->417765K(579584K), 0.0036999 secs] [Times: user=0.02 sys=0.00, real=0.01 secs] 
2515.916: [GC (Allocation Failure) [PSYoungGen: 51072K->1376K(51712K)] 467429K->417733K(579584K), 0.0020908 secs] [Times: user=0.01 sys=0.00, real=0.00 secs] 
2516.122: [GC (Allocation Failure) [PSYoungGen: 51040K->1408K(51712K)] 467397K->417765K(579584K), 0.0020600 secs] [Times: user=0.01 sys=0.00, real=0.01 secs] 
2516.351: [GC (Allocation Failure) [PSYoungGen: 51072K->1376K(51200K)] 467429K->417733K(579072K), 0.0021664 secs] [Times: user=0.01 sys=0.00, real=0.00 secs] 
2517.991: [GC (Allocation Failure) [PSYoungGen: 51040K->1472K(50688K)] 467397K->417829K(578560K), 0.0020813 secs] [Times: user=0.01 sys=0.00, real=0.00 secs] 
2519.140: [GC (Allocation Failure) [PSYoungGen: 50624K->1376K(51200K)] 466981K->417733K(579072K), 0.0035733 secs] [Times: user=0.02 sys=0.00, real=0.01 secs] 
2519.940: [GC (Allocation Failure) [PSYoungGen: 50528K->1376K(50688K)] 466885K->417733K(578560K), 0.0029268 secs] [Times: user=0.01 sys=0.00, real=0.00 secs] 
2520.353: [GC (Allocation Failure) [PSYoungGen: 50528K->1376K(50688K)] 466885K->417733K(578560K), 0.0029641 secs] [Times: user=0.02 sys=0.00, real=0.01 secs] 
2521.203: [GC (Allocation Failure) [PSYoungGen: 50528K->416K(50176K)] 466885K->417797K(578048K), 0.0032144 secs] [Times: user=0.02 sys=0.00, real=0.01 secs] 
2522.968: [GC (Allocation Failure) [PSYoungGen: 49568K->1952K(51200K)] 466949K->419333K(579072K), 0.0021469 secs] [Times: user=0.01 sys=0.00, real=0.00 secs] 
2523.533: [GC (Allocation Failure) [PSYoungGen: 51104K->1408K(51200K)] 468485K->418789K(579072K), 0.0019285 secs] [Times: user=0.01 sys=0.00, real=0.01 secs] 
2523.741: [GC (Allocation Failure) [PSYoungGen: 50560K->1376K(51200K)] 467941K->418757K(579072K), 0.0019594 secs] [Times: user=0.01 sys=0.00, real=0.00 secs] 
2523.946: [GC (Allocation Failure) [PSYoungGen: 50528K->1376K(51200K)] 467909K->418757K(579072K), 0.0020859 secs] [Times: user=0.01 sys=0.00, real=0.00 secs] 
2524.150: [GC (Allocation Failure) [PSYoungGen: 50528K->1392K(51200K)] 467909K->418773K(579072K), 0.0020462 secs] [Times: user=0.01 sys=0.00, real=0.00 secs] 
2524.354: [GC (Allocation Failure) [PSYoungGen: 50544K->1408K(51200K)] 467925K->418805K(579072K), 0.0020778 secs] [Times: user=0.01 sys=0.00, real=0.00 secs] 
2525.375: [GC (Allocation Failure) [PSYoungGen: 50560K->1440K(51200K)] 467957K->418837K(579072K), 0.0019512 secs] [Times: user=0.00 sys=0.00, real=0.00 secs] 
2525.816: [GC (Allocation Failure) [PSYoungGen: 50592K->1376K(51200K)] 467989K->418773K(579072K), 0.0019119 secs] [Times: user=0.01 sys=0.00, real=0.00 secs] 
2526.221: [GC (Allocation Failure) [PSYoungGen: 50528K->1360K(51200K)] 467925K->418757K(579072K), 0.0020316 secs] [Times: user=0.01 sys=0.00, real=0.00 secs] 
2526.425: [GC (Allocation Failure) [PSYoungGen: 50512K->1376K(51200K)] 467909K->418773K(579072K), 0.0020775 secs] [Times: user=0.01 sys=0.00, real=0.00 secs] 
2526.741: [GC (Allocation Failure) [PSYoungGen: 50528K->1376K(51200K)] 467925K->418781K(579072K), 0.0018474 secs] [Times: user=0.01 sys=0.00, real=0.00 secs] 
2527.248: [GC (Allocation Failure) [PSYoungGen: 50528K->1376K(51200K)] 467933K->418781K(579072K), 0.0021551 secs] [Times: user=0.00 sys=0.00, real=0.00 secs] 
2528.345: [GC (Allocation Failure) [PSYoungGen: 50528K->1408K(51200K)] 467933K->418813K(579072K), 0.0046533 secs] [Times: user=0.01 sys=0.00, real=0.00 secs] 
2528.584: [GC (Allocation Failure) [PSYoungGen: 50560K->1392K(51200K)] 467965K->418797K(579072K), 0.0019073 secs] [Times: user=0.01 sys=0.00, real=0.00 secs] 
2528.788: [GC (Allocation Failure) [PSYoungGen: 50544K->1376K(50688K)] 467949K->418781K(578560K), 0.0020655 secs] [Times: user=0.01 sys=0.00, real=0.00 secs] 
2529.051: [GC (Allocation Failure) [PSYoungGen: 50528K->1440K(50176K)] 467933K->418845K(578048K), 0.0019480 secs] [Times: user=0.01 sys=0.00, real=0.00 secs] 
2529.254: [GC (Allocation Failure) [PSYoungGen: 50080K->1408K(50176K)] 467485K->418813K(578048K), 0.0021725 secs] [Times: user=0.01 sys=0.00, real=0.01 secs] 
2529.455: [GC (Allocation Failure) [PSYoungGen: 50048K->1376K(50176K)] 467453K->418789K(578048K), 0.0021169 secs] [Times: user=0.01 sys=0.00, real=0.00 secs] 
2530.346: [GC (Allocation Failure) [PSYoungGen: 50016K->1408K(50176K)] 467429K->418821K(578048K), 0.0016606 secs] [Times: user=0.00 sys=0.00, real=0.00 secs] 
2530.625: [GC (Allocation Failure) [PSYoungGen: 50048K->1392K(50176K)] 467461K->418805K(578048K), 0.0018645 secs] [Times: user=0.01 sys=0.00, real=0.00 secs] 
2530.922: [GC (Allocation Failure) [PSYoungGen: 50032K->1408K(50176K)] 467445K->418821K(578048K), 0.0016278 secs] [Times: user=0.00 sys=0.00, real=0.01 secs] 
2531.267: [GC (Allocation Failure) [PSYoungGen: 50048K->1376K(50176K)] 467461K->418813K(578048K), 0.0016381 secs] [Times: user=0.01 sys=0.00, real=0.00 secs] 
2531.701: [GC (Allocation Failure) [PSYoungGen: 50016K->1376K(50176K)] 467453K->418813K(578048K), 0.0024220 secs] [Times: user=0.01 sys=0.00, real=0.00 secs] 
2532.845: [GC (Allocation Failure) [PSYoungGen: 50016K->1504K(49664K)] 467453K->419085K(577536K), 0.0017928 secs] [Times: user=0.01 sys=0.00, real=0.00 secs] 
2533.096: [GC (Allocation Failure) [PSYoungGen: 49632K->1408K(50176K)] 467213K->418989K(578048K), 0.0020081 secs] [Times: user=0.00 sys=0.00, real=0.00 secs] 
2533.297: [GC (Allocation Failure) [PSYoungGen: 49536K->1408K(50176K)] 467117K->418989K(578048K), 0.0019946 secs] [Times: user=0.01 sys=0.00, real=0.00 secs] 
2533.549: [GC (Allocation Failure) [PSYoungGen: 49536K->1376K(49664K)] 467117K->418965K(577536K), 0.0035579 secs] [Times: user=0.01 sys=0.00, real=0.00 secs] 
2533.916: [GC (Allocation Failure) [PSYoungGen: 49504K->1408K(49664K)] 467093K->418997K(577536K), 0.0018456 secs] [Times: user=0.01 sys=0.00, real=0.00 secs] 
2534.358: [GC (Allocation Failure) [PSYoungGen: 49536K->1376K(49664K)] 467125K->418981K(577536K), 0.0027514 secs] [Times: user=0.01 sys=0.00, real=0.00 secs] 
2536.023: [GC (Allocation Failure) [PSYoungGen: 49504K->1472K(49664K)] 467109K->419077K(577536K), 0.0042384 secs] [Times: user=0.02 sys=0.00, real=0.01 secs] 
2536.639: [GC (Allocation Failure) [PSYoungGen: 49600K->1440K(49664K)] 467205K->419045K(577536K), 0.0034108 secs] [Times: user=0.01 sys=0.00, real=0.00 secs] 
2536.855: [GC (Allocation Failure) [PSYoungGen: 49568K->1424K(49664K)] 467173K->419029K(577536K), 0.0029611 secs] [Times: user=0.01 sys=0.00, real=0.00 secs] 
2537.157: [GC (Allocation Failure) [PSYoungGen: 49552K->1472K(49664K)] 467157K->419077K(577536K), 0.0028938 secs] [Times: user=0.01 sys=0.00, real=0.00 secs] 
2537.476: [GC (Allocation Failure) [PSYoungGen: 49600K->1472K(49152K)] 467205K->419085K(577024K), 0.0029733 secs] [Times: user=0.02 sys=0.00, real=0.00 secs] 
2537.800: [GC (Allocation Failure) [PSYoungGen: 49088K->1408K(49152K)] 466701K->419021K(577024K), 0.0030055 secs] [Times: user=0.02 sys=0.00, real=0.00 secs] 
2539.347: [GC (Allocation Failure) [PSYoungGen: 49024K->1440K(49152K)] 466637K->419053K(577024K), 0.0040742 secs] [Times: user=0.02 sys=0.00, real=0.00 secs] 
2540.033: [GC (Allocation Failure) [PSYoungGen: 49056K->1408K(49152K)] 466669K->419021K(577024K), 0.0035641 secs] [Times: user=0.01 sys=0.00, real=0.01 secs] 
2540.521: [GC (Allocation Failure) [PSYoungGen: 49024K->1440K(49152K)] 466637K->419053K(577024K), 0.0032088 secs] [Times: user=0.01 sys=0.01, real=0.01 secs] 
2541.028: [GC (Allocation Failure) [PSYoungGen: 49056K->1376K(49152K)] 466669K->419077K(577024K), 0.0034662 secs] [Times: user=0.01 sys=0.00, real=0.00 secs] 
2541.630: [GC (Allocation Failure) [PSYoungGen: 48992K->1408K(49152K)] 466693K->419109K(577024K), 0.0042770 secs] [Times: user=0.01 sys=0.00, real=0.01 secs] 
2542.231: [GC (Allocation Failure) [PSYoungGen: 49024K->1440K(49152K)] 466725K->419141K(577024K), 0.0040395 secs] [Times: user=0.02 sys=0.00, real=0.01 secs] 
2543.835: [GC (Allocation Failure) [PSYoungGen: 49056K->1440K(49152K)] 466757K->419141K(577024K), 0.0024600 secs] [Times: user=0.01 sys=0.00, real=0.00 secs] 
2544.467: [GC (Allocation Failure) [PSYoungGen: 49056K->1408K(49152K)] 466757K->419109K(577024K), 0.0036112 secs] [Times: user=0.01 sys=0.00, real=0.00 secs] 
2545.075: [GC (Allocation Failure) [PSYoungGen: 49024K->1408K(49152K)] 466725K->419109K(577024K), 0.0030461 secs] [Times: user=0.02 sys=0.00, real=0.00 secs] 
2545.538: [GC (Allocation Failure) [PSYoungGen: 49024K->1408K(49152K)] 466725K->419117K(577024K), 0.0028643 secs] [Times: user=0.01 sys=0.00, real=0.00 secs] 
2546.027: [GC (Allocation Failure) [PSYoungGen: 49024K->1408K(49152K)] 466733K->419117K(577024K), 0.0030352 secs] [Times: user=0.01 sys=0.00, real=0.00 secs] 
2546.776: [GC (Allocation Failure) [PSYoungGen: 49024K->1408K(49152K)] 466733K->419117K(577024K), 0.0042908 secs] [Times: user=0.02 sys=0.00, real=0.00 secs] 
2548.308: [GC (Allocation Failure) [PSYoungGen: 49024K->1440K(49152K)] 466733K->419149K(577024K), 0.0036661 secs] [Times: user=0.01 sys=0.00, real=0.00 secs] 
2549.116: [GC (Allocation Failure) [PSYoungGen: 49056K->1440K(49152K)] 466765K->419149K(577024K), 0.0041376 secs] [Times: user=0.01 sys=0.01, real=0.00 secs] 
2550.012: [GC (Allocation Failure) [PSYoungGen: 49056K->1344K(49152K)] 466765K->419053K(577024K), 0.0043597 secs] [Times: user=0.01 sys=0.00, real=0.01 secs] 
2550.538: [GC (Allocation Failure) [PSYoungGen: 48960K->1408K(49152K)] 466669K->419117K(577024K), 0.0030811 secs] [Times: user=0.01 sys=0.00, real=0.00 secs] 
2550.963: [GC (Allocation Failure) [PSYoungGen: 49024K->1392K(49152K)] 466733K->419101K(577024K), 0.0032322 secs] [Times: user=0.02 sys=0.00, real=0.01 secs] 
2551.373: [GC (Allocation Failure) [PSYoungGen: 49008K->1344K(49152K)] 466717K->419053K(577024K), 0.0055961 secs] [Times: user=0.03 sys=0.01, real=0.01 secs] 
2553.021: [GC (Allocation Failure) [PSYoungGen: 48960K->1440K(49152K)] 466669K->419149K(577024K), 0.0022862 secs] [Times: user=0.01 sys=0.00, real=0.00 secs] 
2554.134: [GC (Allocation Failure) [PSYoungGen: 49056K->1408K(49152K)] 466765K->419117K(577024K), 0.0040403 secs] [Times: user=0.01 sys=0.00, real=0.00 secs] 
2554.783: [GC (Allocation Failure) [PSYoungGen: 49024K->1376K(49152K)] 466733K->419085K(577024K), 0.0025820 secs] [Times: user=0.01 sys=0.00, real=0.01 secs] 
2555.173: [GC (Allocation Failure) [PSYoungGen: 48992K->1376K(49152K)] 466701K->419085K(577024K), 0.0024541 secs] [Times: user=0.01 sys=0.00, real=0.01 secs] 
2555.552: [GC (Allocation Failure) [PSYoungGen: 48992K->1408K(49152K)] 466701K->419117K(577024K), 0.0034748 secs] [Times: user=0.02 sys=0.00, real=0.01 secs] 
2555.797: [GC (Allocation Failure) [PSYoungGen: 49024K->1376K(49152K)] 466733K->419093K(577024K), 0.0022061 secs] [Times: user=0.01 sys=0.01, real=0.00 secs] 
2556.976: [GC (Allocation Failure) [PSYoungGen: 48992K->1408K(49152K)] 466709K->419125K(577024K), 0.0019373 secs] [Times: user=0.01 sys=0.00, real=0.00 secs] 
2557.456: [GC (Allocation Failure) [PSYoungGen: 49024K->1376K(49152K)] 466741K->419093K(577024K), 0.0020951 secs] [Times: user=0.01 sys=0.00, real=0.00 secs] 
2557.858: [GC (Allocation Failure) [PSYoungGen: 48992K->1408K(49152K)] 466709K->419125K(577024K), 0.0026021 secs] [Times: user=0.01 sys=0.00, real=0.00 secs] 
2558.374: [GC (Allocation Failure) [PSYoungGen: 49024K->1344K(49152K)] 466741K->419061K(577024K), 0.0026414 secs] [Times: user=0.01 sys=0.00, real=0.00 secs] 
2558.966: [GC (Allocation Failure) [PSYoungGen: 48960K->1360K(49152K)] 466677K->419077K(577024K), 0.0030553 secs] [Times: user=0.01 sys=0.01, real=0.00 secs] 
2559.396: [GC (Allocation Failure) [PSYoungGen: 48976K->1408K(49152K)] 466693K->419125K(577024K), 0.0027558 secs] [Times: user=0.01 sys=0.00, real=0.00 secs] 
2560.668: [GC (Allocation Failure) [PSYoungGen: 49024K->1440K(49152K)] 466741K->419157K(577024K), 0.0035516 secs] [Times: user=0.01 sys=0.01, real=0.00 secs] 
2561.089: [GC (Allocation Failure) [PSYoungGen: 49056K->1408K(49152K)] 466773K->419125K(577024K), 0.0032748 secs] [Times: user=0.02 sys=0.00, real=0.00 secs] 
2561.484: [GC (Allocation Failure) [PSYoungGen: 49024K->1360K(49152K)] 466741K->419077K(577024K), 0.0026065 secs] [Times: user=0.01 sys=0.00, real=0.00 secs] 
2561.902: [GC (Allocation Failure) [PSYoungGen: 48976K->1344K(49152K)] 466693K->419061K(577024K), 0.0028565 secs] [Times: user=0.01 sys=0.00, real=0.01 secs] 
2562.104: [GC (Allocation Failure) [PSYoungGen: 48960K->1376K(49152K)] 466677K->419093K(577024K), 0.0020502 secs] [Times: user=0.01 sys=0.00, real=0.00 secs] 
2562.407: [GC (Allocation Failure) [PSYoungGen: 48992K->1408K(49152K)] 466709K->419149K(577024K), 0.0019752 secs] [Times: user=0.01 sys=0.00, real=0.00 secs] 
2563.639: [GC (Allocation Failure) [PSYoungGen: 49024K->1408K(49152K)] 466765K->419149K(577024K), 0.0043910 secs] [Times: user=0.02 sys=0.00, real=0.00 secs] 
2564.061: [GC (Allocation Failure) [PSYoungGen: 49024K->1408K(49152K)] 466765K->419149K(577024K), 0.0031364 secs] [Times: user=0.01 sys=0.00, real=0.01 secs] 
2564.261: [GC (Allocation Failure) [PSYoungGen: 49024K->1376K(49152K)] 466765K->419117K(577024K), 0.0020289 secs] [Times: user=0.01 sys=0.00, real=0.00 secs] 
2564.459: [GC (Allocation Failure) [PSYoungGen: 48992K->1344K(49152K)] 466733K->419085K(577024K), 0.0019827 secs] [Times: user=0.01 sys=0.00, real=0.00 secs] 
2564.672: [GC (Allocation Failure) [PSYoungGen: 48960K->1408K(49152K)] 466701K->419157K(577024K), 0.0020072 secs] [Times: user=0.01 sys=0.00, real=0.01 secs] 
2565.006: [GC (Allocation Failure) [PSYoungGen: 49024K->1376K(49152K)] 466773K->419125K(577024K), 0.0017745 secs] [Times: user=0.01 sys=0.00, real=0.00 secs] 
2566.348: [GC (Allocation Failure) [PSYoungGen: 48992K->1440K(49152K)] 466741K->419189K(577024K), 0.0025155 secs] [Times: user=0.01 sys=0.00, real=0.00 secs] 
2566.901: [GC (Allocation Failure) [PSYoungGen: 49056K->1328K(49152K)] 466805K->419077K(577024K), 0.0042189 secs] [Times: user=0.02 sys=0.00, real=0.01 secs] 
2567.426: [GC (Allocation Failure) [PSYoungGen: 48944K->1376K(49152K)] 466693K->419125K(577024K), 0.0025699 secs] [Times: user=0.01 sys=0.00, real=0.00 secs] 
2567.872: [GC (Allocation Failure) [PSYoungGen: 48992K->1408K(49152K)] 466741K->419157K(577024K), 0.0024635 secs] [Times: user=0.01 sys=0.00, real=0.01 secs] 
2568.295: [GC (Allocation Failure) [PSYoungGen: 49024K->1392K(49152K)] 466773K->419141K(577024K), 0.0026152 secs] [Times: user=0.01 sys=0.00, real=0.00 secs] 
2568.734: [GC (Allocation Failure) [PSYoungGen: 49008K->1408K(49152K)] 466757K->419157K(577024K), 0.0040793 secs] [Times: user=0.01 sys=0.00, real=0.00 secs] 
2570.066: [GC (Allocation Failure) [PSYoungGen: 49024K->1440K(49152K)] 466773K->419189K(577024K), 0.0017899 secs] [Times: user=0.01 sys=0.00, real=0.00 secs] 
2570.526: [GC (Allocation Failure) [PSYoungGen: 49056K->1392K(49152K)] 466805K->419141K(577024K), 0.0020542 secs] [Times: user=0.00 sys=0.00, real=0.00 secs] 
2570.940: [GC (Allocation Failure) [PSYoungGen: 49008K->1408K(49152K)] 466757K->419157K(577024K), 0.0034686 secs] [Times: user=0.01 sys=0.00, real=0.00 secs] 
2571.430: [GC (Allocation Failure) [PSYoungGen: 49024K->1376K(49152K)] 466773K->419133K(577024K), 0.0034415 secs] [Times: user=0.01 sys=0.00, real=0.00 secs] 
2571.952: [GC (Allocation Failure) [PSYoungGen: 48992K->1408K(49152K)] 466749K->419165K(577024K), 0.0033992 secs] [Times: user=0.02 sys=0.00, real=0.01 secs] 
2572.377: [GC (Allocation Failure) [PSYoungGen: 49024K->1376K(49152K)] 466781K->419133K(577024K), 0.0034248 secs] [Times: user=0.01 sys=0.00, real=0.00 secs] 
2573.752: [GC (Allocation Failure) [PSYoungGen: 48992K->1408K(49152K)] 466749K->419165K(577024K), 0.0022525 secs] [Times: user=0.01 sys=0.00, real=0.01 secs] 
2574.242: [GC (Allocation Failure) [PSYoungGen: 49024K->1408K(49152K)] 466781K->419181K(577024K), 0.0026396 secs] [Times: user=0.01 sys=0.00, real=0.01 secs] 
2574.746: [GC (Allocation Failure) [PSYoungGen: 49024K->1408K(49152K)] 466797K->419189K(577024K), 0.0026198 secs] [Times: user=0.01 sys=0.00, real=0.00 secs] 
2575.618: [GC (Allocation Failure) [PSYoungGen: 49024K->1408K(49152K)] 466805K->419189K(577024K), 0.0034175 secs] [Times: user=0.02 sys=0.00, real=0.00 secs] 
2576.346: [GC (Allocation Failure) [PSYoungGen: 49024K->1376K(49152K)] 466805K->419157K(577024K), 0.0038678 secs] [Times: user=0.01 sys=0.00, real=0.00 secs] 
2577.396: [GC (Allocation Failure) [PSYoungGen: 48032K->272K(49152K)] 465813K->418053K(577024K), 0.0043220 secs] [Times: user=0.02 sys=0.00, real=0.00 secs] 
2578.563: [GC (Allocation Failure) [PSYoungGen: 47888K->1440K(49664K)] 465669K->419221K(577536K), 0.0019432 secs] [Times: user=0.01 sys=0.00, real=0.01 secs] 
2578.957: [GC (Allocation Failure) [PSYoungGen: 49056K->1376K(49664K)] 466837K->419157K(577536K), 0.0040741 secs] [Times: user=0.02 sys=0.00, real=0.00 secs] 
2579.363: [GC (Allocation Failure) [PSYoungGen: 48992K->1376K(49664K)] 466773K->419157K(577536K), 0.0040187 secs] [Times: user=0.02 sys=0.00, real=0.01 secs] 
2579.863: [GC (Allocation Failure) [PSYoungGen: 48992K->1360K(49664K)] 466773K->419141K(577536K), 0.0031988 secs] [Times: user=0.02 sys=0.01, real=0.01 secs] 
2580.398: [GC (Allocation Failure) [PSYoungGen: 48976K->1376K(49664K)] 466757K->419157K(577536K), 0.0032230 secs] [Times: user=0.01 sys=0.00, real=0.00 secs] 
2581.676: [GC (Allocation Failure) [PSYoungGen: 48111K->224K(49664K)] 465892K->418005K(577536K), 0.0014848 secs] [Times: user=0.01 sys=0.00, real=0.00 secs] 
2582.233: [GC (Allocation Failure) [PSYoungGen: 47840K->1376K(49664K)] 465621K->419157K(577536K), 0.0017701 secs] [Times: user=0.01 sys=0.00, real=0.01 secs] 
2582.860: [GC (Allocation Failure) [PSYoungGen: 48992K->1408K(49664K)] 466773K->419189K(577536K), 0.0017822 secs] [Times: user=0.00 sys=0.00, real=0.00 secs] 
2583.429: [GC (Allocation Failure) [PSYoungGen: 49024K->1440K(49664K)] 466805K->419221K(577536K), 0.0018489 secs] [Times: user=0.01 sys=0.00, real=0.00 secs] 
2583.630: [GC (Allocation Failure) [PSYoungGen: 49056K->1408K(49664K)] 466837K->419189K(577536K), 0.0018699 secs] [Times: user=0.01 sys=0.00, real=0.00 secs] 
2583.828: [GC (Allocation Failure) [PSYoungGen: 49024K->1376K(49664K)] 466805K->419157K(577536K), 0.0019297 secs] [Times: user=0.01 sys=0.00, real=0.00 secs] 
2584.780: [GC (Allocation Failure) [PSYoungGen: 48992K->1536K(49664K)] 466773K->419333K(577536K), 0.0022916 secs] [Times: user=0.01 sys=0.00, real=0.00 secs] 
2585.601: [GC (Allocation Failure) [PSYoungGen: 49152K->1408K(49664K)] 466949K->419205K(577536K), 0.0026761 secs] [Times: user=0.01 sys=0.00, real=0.00 secs] 
2586.281: [GC (Allocation Failure) [PSYoungGen: 49024K->1408K(49664K)] 466821K->419205K(577536K), 0.0029194 secs] [Times: user=0.01 sys=0.00, real=0.01 secs] 
2586.810: [GC (Allocation Failure) [PSYoungGen: 49024K->1376K(49664K)] 466821K->419173K(577536K), 0.0030724 secs] [Times: user=0.01 sys=0.00, real=0.00 secs] 
2587.216: [GC (Allocation Failure) [PSYoungGen: 48992K->1376K(49664K)] 466789K->419173K(577536K), 0.0030847 secs] [Times: user=0.01 sys=0.00, real=0.00 secs] 
2587.632: [GC (Allocation Failure) [PSYoungGen: 48992K->1344K(49664K)] 466789K->419141K(577536K), 0.0023434 secs] [Times: user=0.01 sys=0.00, real=0.01 secs] 
2588.740: [GC (Allocation Failure) [PSYoungGen: 48960K->1664K(49664K)] 466757K->419461K(577536K), 0.0017105 secs] [Times: user=0.01 sys=0.00, real=0.00 secs] 
2589.547: [GC (Allocation Failure) [PSYoungGen: 49280K->1376K(49664K)] 467077K->419173K(577536K), 0.0028486 secs] [Times: user=0.01 sys=0.00, real=0.00 secs] 
2590.064: [GC (Allocation Failure) [PSYoungGen: 48992K->1408K(49664K)] 466789K->419205K(577536K), 0.0028791 secs] [Times: user=0.01 sys=0.00, real=0.00 secs] 
2590.531: [GC (Allocation Failure) [PSYoungGen: 49024K->1408K(49664K)] 466821K->419205K(577536K), 0.0029101 secs] [Times: user=0.02 sys=0.00, real=0.01 secs] 
2590.889: [GC (Allocation Failure) [PSYoungGen: 49024K->1376K(49664K)] 466821K->419173K(577536K), 0.0029390 secs] [Times: user=0.01 sys=0.00, real=0.00 secs] 
2591.284: [GC (Allocation Failure) [PSYoungGen: 48992K->1392K(49664K)] 466789K->419189K(577536K), 0.0027461 secs] [Times: user=0.01 sys=0.00, real=0.00 secs] 
2592.688: [GC (Allocation Failure) [PSYoungGen: 49008K->1952K(49664K)] 466805K->419749K(577536K), 0.0026448 secs] [Times: user=0.01 sys=0.00, real=0.00 secs] 
2593.341: [GC (Allocation Failure) [PSYoungGen: 49568K->1408K(49664K)] 467365K->419205K(577536K), 0.0023320 secs] [Times: user=0.01 sys=0.00, real=0.00 secs] 
2593.602: [GC (Allocation Failure) [PSYoungGen: 49024K->1408K(49664K)] 466821K->419205K(577536K), 0.0021494 secs] [Times: user=0.00 sys=0.00, real=0.01 secs] 
2593.801: [GC (Allocation Failure) [PSYoungGen: 49024K->1376K(49664K)] 466821K->419189K(577536K), 0.0019487 secs] [Times: user=0.00 sys=0.00, real=0.00 secs] 
2593.999: [GC (Allocation Failure) [PSYoungGen: 48992K->1376K(49664K)] 466805K->419189K(577536K), 0.0021610 secs] [Times: user=0.01 sys=0.00, real=0.00 secs] 
2594.197: [GC (Allocation Failure) [PSYoungGen: 48992K->1344K(49664K)] 466805K->419157K(577536K), 0.0020737 secs] [Times: user=0.00 sys=0.01, real=0.00 secs] 
2595.803: [GC (Allocation Failure) [PSYoungGen: 48960K->1408K(49664K)] 466773K->419221K(577536K), 0.0042629 secs] [Times: user=0.02 sys=0.00, real=0.01 secs] 
2597.093: [GC (Allocation Failure) [PSYoungGen: 49024K->1344K(49664K)] 466837K->419157K(577536K), 0.0042654 secs] [Times: user=0.02 sys=0.00, real=0.01 secs] 
2597.635: [GC (Allocation Failure) [PSYoungGen: 48960K->1408K(49664K)] 466773K->419221K(577536K), 0.0034408 secs] [Times: user=0.01 sys=0.00, real=0.00 secs] 
2598.042: [GC (Allocation Failure) [PSYoungGen: 49024K->1376K(49664K)] 466837K->419189K(577536K), 0.0033789 secs] [Times: user=0.01 sys=0.00, real=0.01 secs] 
2598.398: [GC (Allocation Failure) [PSYoungGen: 48992K->1408K(49664K)] 466805K->419221K(577536K), 0.0032339 secs] [Times: user=0.01 sys=0.00, real=0.00 secs] 
2598.831: [GC (Allocation Failure) [PSYoungGen: 49024K->1376K(49664K)] 466837K->419189K(577536K), 0.0030698 secs] [Times: user=0.02 sys=0.00, real=0.01 secs] 
2600.123: [GC (Allocation Failure) [PSYoungGen: 48992K->1440K(49664K)] 466805K->419253K(577536K), 0.0016624 secs] [Times: user=0.00 sys=0.00, real=0.01 secs] 
2600.428: [GC (Allocation Failure) [PSYoungGen: 49056K->1440K(49664K)] 466869K->419253K(577536K), 0.0020624 secs] [Times: user=0.00 sys=0.00, real=0.00 secs] 
2600.685: [GC (Allocation Failure) [PSYoungGen: 49056K->1376K(49664K)] 466869K->419189K(577536K), 0.0017763 secs] [Times: user=0.00 sys=0.00, real=0.00 secs] 
2601.062: [GC (Allocation Failure) [PSYoungGen: 48992K->1440K(49664K)] 466805K->419253K(577536K), 0.0038556 secs] [Times: user=0.02 sys=0.00, real=0.01 secs] 
2601.461: [GC (Allocation Failure) [PSYoungGen: 49056K->1344K(49664K)] 466869K->419157K(577536K), 0.0024640 secs] [Times: user=0.00 sys=0.00, real=0.00 secs] 
2601.951: [GC (Allocation Failure) [PSYoungGen: 48960K->1376K(49664K)] 466773K->419189K(577536K), 0.0034311 secs] [Times: user=0.02 sys=0.00, real=0.01 secs] 
2603.316: [GC (Allocation Failure) [PSYoungGen: 48992K->1408K(49152K)] 466805K->419221K(577024K), 0.0020130 secs] [Times: user=0.01 sys=0.00, real=0.00 secs] 
2604.068: [GC (Allocation Failure) [PSYoungGen: 49024K->1376K(49152K)] 466837K->419189K(577024K), 0.0039698 secs] [Times: user=0.02 sys=0.00, real=0.00 secs] 
2604.625: [GC (Allocation Failure) [PSYoungGen: 48992K->1376K(49152K)] 466805K->419189K(577024K), 0.0032106 secs] [Times: user=0.01 sys=0.00, real=0.00 secs] 
2604.977: [GC (Allocation Failure) [PSYoungGen: 48992K->1408K(49152K)] 466805K->419229K(577024K), 0.0031074 secs] [Times: user=0.01 sys=0.00, real=0.00 secs] 
2605.371: [GC (Allocation Failure) [PSYoungGen: 49024K->1408K(49152K)] 466845K->419229K(577024K), 0.0032440 secs] [Times: user=0.01 sys=0.00, real=0.01 secs] 
2606.115: [GC (Allocation Failure) [PSYoungGen: 49024K->1408K(49152K)] 466845K->419229K(577024K), 0.0032015 secs] [Times: user=0.02 sys=0.00, real=0.00 secs] 
2607.314: [GC (Allocation Failure) [PSYoungGen: 49024K->1440K(49152K)] 466845K->419261K(577024K), 0.0016556 secs] [Times: user=0.01 sys=0.00, real=0.00 secs] 
2607.893: [GC (Allocation Failure) [PSYoungGen: 49056K->1376K(49152K)] 466877K->419197K(577024K), 0.0019133 secs] [Times: user=0.01 sys=0.00, real=0.01 secs] 
2608.304: [GC (Allocation Failure) [PSYoungGen: 48992K->1424K(49152K)] 466813K->419245K(577024K), 0.0034604 secs] [Times: user=0.02 sys=0.00, real=0.00 secs] 
2608.665: [GC (Allocation Failure) [PSYoungGen: 49040K->1408K(49152K)] 466861K->419237K(577024K), 0.0030242 secs] [Times: user=0.01 sys=0.00, real=0.00 secs] 
2609.031: [GC (Allocation Failure) [PSYoungGen: 49024K->1376K(49152K)] 466853K->419205K(577024K), 0.0028940 secs] [Times: user=0.01 sys=0.00, real=0.01 secs] 
2609.407: [GC (Allocation Failure) [PSYoungGen: 48992K->1408K(49152K)] 466821K->419237K(577024K), 0.0029298 secs] [Times: user=0.01 sys=0.00, real=0.00 secs] 
2610.408: [GC (Allocation Failure) [PSYoungGen: 49024K->1408K(49152K)] 466853K->419237K(577024K), 0.0016991 secs] [Times: user=0.01 sys=0.00, real=0.00 secs] 
2610.605: [GC (Allocation Failure) [PSYoungGen: 49024K->1376K(49152K)] 466853K->419205K(577024K), 0.0018221 secs] [Times: user=0.01 sys=0.00, real=0.00 secs] 
2610.803: [GC (Allocation Failure) [PSYoungGen: 48992K->1376K(49152K)] 466821K->419205K(577024K), 0.0018298 secs] [Times: user=0.00 sys=0.01, real=0.01 secs] 
2611.000: [GC (Allocation Failure) [PSYoungGen: 48992K->1392K(49152K)] 466821K->419221K(577024K), 0.0021139 secs] [Times: user=0.00 sys=0.00, real=0.00 secs] 
2611.210: [GC (Allocation Failure) [PSYoungGen: 49008K->1360K(49152K)] 466837K->419189K(577024K), 0.0024214 secs] [Times: user=0.01 sys=0.00, real=0.00 secs] 
2611.408: [GC (Allocation Failure) [PSYoungGen: 48976K->1408K(49152K)] 466805K->419261K(577024K), 0.0023485 secs] [Times: user=0.01 sys=0.00, real=0.00 secs] 
2612.389: [GC (Allocation Failure) [PSYoungGen: 49024K->1440K(49152K)] 466877K->419293K(577024K), 0.0016482 secs] [Times: user=0.00 sys=0.00, real=0.00 secs] 
2612.722: [GC (Allocation Failure) [PSYoungGen: 49056K->1344K(49152K)] 466909K->419197K(577024K), 0.0018491 secs] [Times: user=0.01 sys=0.00, real=0.00 secs] 
2613.092: [GC (Allocation Failure) [PSYoungGen: 48960K->1408K(49152K)] 466813K->419261K(577024K), 0.0029943 secs] [Times: user=0.01 sys=0.00, real=0.01 secs] 
2613.431: [GC (Allocation Failure) [PSYoungGen: 49024K->1312K(49152K)] 466877K->419165K(577024K), 0.0032089 secs] [Times: user=0.01 sys=0.00, real=0.01 secs] 
2613.767: [GC (Allocation Failure) [PSYoungGen: 48928K->1392K(49152K)] 466781K->419245K(577024K), 0.0040608 secs] [Times: user=0.01 sys=0.00, real=0.00 secs] 
2614.100: [GC (Allocation Failure) [PSYoungGen: 49008K->1392K(49152K)] 466861K->419245K(577024K), 0.0040180 secs] [Times: user=0.02 sys=0.00, real=0.01 secs] 
2615.529: [GC (Allocation Failure) [PSYoungGen: 49008K->1440K(49152K)] 466861K->419293K(577024K), 0.0041271 secs] [Times: user=0.02 sys=0.00, real=0.00 secs] 
2616.041: [GC (Allocation Failure) [PSYoungGen: 49056K->1408K(49152K)] 466909K->419261K(577024K), 0.0033572 secs] [Times: user=0.02 sys=0.00, real=0.01 secs] 
2616.390: [GC (Allocation Failure) [PSYoungGen: 49024K->1408K(49152K)] 466877K->419261K(577024K), 0.0028779 secs] [Times: user=0.01 sys=0.00, real=0.00 secs] 
2616.740: [GC (Allocation Failure) [PSYoungGen: 49024K->1408K(49152K)] 466877K->419261K(577024K), 0.0028674 secs] [Times: user=0.01 sys=0.00, real=0.00 secs] 
2617.170: [GC (Allocation Failure) [PSYoungGen: 49024K->1440K(49152K)] 466877K->419293K(577024K), 0.0031314 secs] [Times: user=0.01 sys=0.00, real=0.00 secs] 
2617.609: [GC (Allocation Failure) [PSYoungGen: 49056K->1440K(49152K)] 466909K->419293K(577024K), 0.0031435 secs] [Times: user=0.02 sys=0.01, real=0.00 secs] 
2619.594: [GC (Allocation Failure) [PSYoungGen: 49056K->1376K(49152K)] 466909K->419229K(577024K), 0.0039621 secs] [Times: user=0.01 sys=0.00, real=0.00 secs] 
2620.326: [GC (Allocation Failure) [PSYoungGen: 48992K->1344K(49152K)] 466845K->419197K(577024K), 0.0031363 secs] [Times: user=0.02 sys=0.00, real=0.00 secs] 
2620.901: [GC (Allocation Failure) [PSYoungGen: 48960K->1376K(49152K)] 466813K->419229K(577024K), 0.0041144 secs] [Times: user=0.02 sys=0.00, real=0.01 secs] 
2621.458: [GC (Allocation Failure) [PSYoungGen: 48992K->1376K(49152K)] 466845K->419229K(577024K), 0.0040725 secs] [Times: user=0.02 sys=0.00, real=0.00 secs] 
2622.029: [GC (Allocation Failure) [PSYoungGen: 48992K->1408K(49152K)] 466845K->419261K(577024K), 0.0042480 secs] [Times: user=0.02 sys=0.00, real=0.00 secs] 
2622.587: [GC (Allocation Failure) [PSYoungGen: 49024K->1440K(49152K)] 466877K->419293K(577024K), 0.0040418 secs] [Times: user=0.02 sys=0.00, real=0.00 secs] 
2623.966: [GC (Allocation Failure) [PSYoungGen: 49056K->1440K(49152K)] 466909K->419293K(577024K), 0.0019906 secs] [Times: user=0.01 sys=0.00, real=0.00 secs] 
2624.590: [GC (Allocation Failure) [PSYoungGen: 49056K->1408K(49152K)] 466909K->419261K(577024K), 0.0038198 secs] [Times: user=0.01 sys=0.00, real=0.01 secs] 
2625.204: [GC (Allocation Failure) [PSYoungGen: 49024K->1408K(49152K)] 466877K->419261K(577024K), 0.0034144 secs] [Times: user=0.01 sys=0.00, real=0.01 secs] 
2625.788: [GC (Allocation Failure) [PSYoungGen: 49024K->1408K(49152K)] 466877K->419269K(577024K), 0.0032695 secs] [Times: user=0.02 sys=0.00, real=0.00 secs] 
2626.379: [GC (Allocation Failure) [PSYoungGen: 49024K->1376K(49152K)] 466885K->419237K(577024K), 0.0032324 secs] [Times: user=0.02 sys=0.00, real=0.00 secs] 
2627.026: [GC (Allocation Failure) [PSYoungGen: 48992K->1344K(49152K)] 466853K->419205K(577024K), 0.0033660 secs] [Times: user=0.01 sys=0.00, real=0.00 secs] 
2628.849: [GC (Allocation Failure) [PSYoungGen: 48960K->1440K(49152K)] 466821K->419301K(577024K), 0.0044092 secs] [Times: user=0.01 sys=0.00, real=0.00 secs] 
2629.642: [GC (Allocation Failure) [PSYoungGen: 49056K->1376K(49152K)] 466917K->419237K(577024K), 0.0040952 secs] [Times: user=0.02 sys=0.01, real=0.01 secs] 
2630.259: [GC (Allocation Failure) [PSYoungGen: 48992K->1440K(49152K)] 466853K->419301K(577024K), 0.0036955 secs] [Times: user=0.01 sys=0.00, real=0.00 secs] 
2630.931: [GC (Allocation Failure) [PSYoungGen: 49056K->1360K(49152K)] 466917K->419221K(577024K), 0.0036742 secs] [Times: user=0.02 sys=0.00, real=0.01 secs] 
2631.534: [GC (Allocation Failure) [PSYoungGen: 48976K->1376K(49152K)] 466837K->419237K(577024K), 0.0034558 secs] [Times: user=0.02 sys=0.01, real=0.01 secs] 
2632.037: [GC (Allocation Failure) [PSYoungGen: 48992K->1408K(49152K)] 466853K->419269K(577024K), 0.0032334 secs] [Times: user=0.02 sys=0.00, real=0.00 secs] 
2633.012: [GC (Allocation Failure) [PSYoungGen: 49024K->1440K(49152K)] 466885K->419301K(577024K), 0.0019089 secs] [Times: user=0.01 sys=0.00, real=0.01 secs] 
2633.235: [GC (Allocation Failure) [PSYoungGen: 49056K->1408K(49152K)] 466917K->419269K(577024K), 0.0017966 secs] [Times: user=0.00 sys=0.00, real=0.00 secs] 
2633.447: [GC (Allocation Failure) [PSYoungGen: 49024K->1376K(49152K)] 466885K->419237K(577024K), 0.0018264 secs] [Times: user=0.01 sys=0.00, real=0.00 secs] 
2633.658: [GC (Allocation Failure) [PSYoungGen: 48992K->1344K(49152K)] 466853K->419213K(577024K), 0.0019070 secs] [Times: user=0.01 sys=0.00, real=0.00 secs] 
2633.867: [GC (Allocation Failure) [PSYoungGen: 48960K->1360K(49152K)] 466829K->419245K(577024K), 0.0019735 secs] [Times: user=0.01 sys=0.00, real=0.00 secs] 
2634.100: [GC (Allocation Failure) [PSYoungGen: 48972K->304K(48640K)] 466857K->418189K(576512K), 0.0019267 secs] [Times: user=0.01 sys=0.00, real=0.00 secs] 
2635.162: [GC (Allocation Failure) [PSYoungGen: 47408K->1440K(49152K)] 465293K->419325K(577024K), 0.0028480 secs] [Times: user=0.01 sys=0.00, real=0.01 secs] 
2635.466: [GC (Allocation Failure) [PSYoungGen: 48544K->1376K(49152K)] 466429K->419261K(577024K), 0.0020693 secs] [Times: user=0.01 sys=0.00, real=0.00 secs] 
2635.864: [GC (Allocation Failure) [PSYoungGen: 48480K->1344K(49152K)] 466365K->419229K(577024K), 0.0022779 secs] [Times: user=0.01 sys=0.00, real=0.01 secs] 
2636.218: [GC (Allocation Failure) [PSYoungGen: 48448K->1392K(49152K)] 466333K->419277K(577024K), 0.0022567 secs] [Times: user=0.01 sys=0.00, real=0.00 secs] 
2636.580: [GC (Allocation Failure) [PSYoungGen: 48496K->1408K(49152K)] 466381K->419293K(577024K), 0.0024206 secs] [Times: user=0.01 sys=0.00, real=0.00 secs] 
2636.945: [GC (Allocation Failure) [PSYoungGen: 48476K->272K(49152K)] 466361K->418157K(577024K), 0.0022769 secs] [Times: user=0.01 sys=0.00, real=0.00 secs] 
2637.833: [GC (Allocation Failure) [PSYoungGen: 47376K->1440K(49152K)] 465261K->419325K(577024K), 0.0017823 secs] [Times: user=0.01 sys=0.00, real=0.01 secs] 
2638.028: [GC (Allocation Failure) [PSYoungGen: 48544K->1376K(49152K)] 466429K->419261K(577024K), 0.0016443 secs] [Times: user=0.01 sys=0.00, real=0.00 secs] 
2638.224: [GC (Allocation Failure) [PSYoungGen: 48480K->1360K(49152K)] 466365K->419245K(577024K), 0.0018168 secs] [Times: user=0.01 sys=0.00, real=0.01 secs] 
2638.419: [GC (Allocation Failure) [PSYoungGen: 48464K->1424K(49152K)] 466349K->419309K(577024K), 0.0018944 secs] [Times: user=0.01 sys=0.00, real=0.00 secs] 
2638.614: [GC (Allocation Failure) [PSYoungGen: 48528K->1376K(49152K)] 466413K->419261K(577024K), 0.0018406 secs] [Times: user=0.00 sys=0.00, real=0.00 secs] 
2638.870: [GC (Allocation Failure) [PSYoungGen: 48442K->288K(49152K)] 466327K->418173K(577024K), 0.0017195 secs] [Times: user=0.01 sys=0.00, real=0.00 secs] 
2640.103: [GC (Allocation Failure) [PSYoungGen: 47392K->1440K(49152K)] 465277K->419325K(577024K), 0.0016450 secs] [Times: user=0.01 sys=0.00, real=0.01 secs] 
2640.408: [GC (Allocation Failure) [PSYoungGen: 48544K->1408K(49152K)] 466429K->419293K(577024K), 0.0027349 secs] [Times: user=0.01 sys=0.00, real=0.00 secs] 
2640.604: [GC (Allocation Failure) [PSYoungGen: 48512K->1376K(49152K)] 466397K->419261K(577024K), 0.0023068 secs] [Times: user=0.01 sys=0.00, real=0.00 secs] 
2640.890: [GC (Allocation Failure) [PSYoungGen: 48480K->1360K(49152K)] 466365K->419261K(577024K), 0.0026112 secs] [Times: user=0.01 sys=0.00, real=0.00 secs] 
2641.454: [GC (Allocation Failure) [PSYoungGen: 48464K->1408K(49152K)] 466365K->419309K(577024K), 0.0024142 secs] [Times: user=0.01 sys=0.00, real=0.00 secs] 
2641.990: [GC (Allocation Failure) [PSYoungGen: 48473K->272K(49152K)] 466374K->418173K(577024K), 0.0021382 secs] [Times: user=0.01 sys=0.00, real=0.00 secs] 
2642.892: [GC (Allocation Failure) [PSYoungGen: 47376K->1408K(49152K)] 465277K->419309K(577024K), 0.0018791 secs] [Times: user=0.01 sys=0.00, real=0.01 secs] 
2643.088: [GC (Allocation Failure) [PSYoungGen: 48512K->1376K(49152K)] 466413K->419277K(577024K), 0.0019400 secs] [Times: user=0.01 sys=0.00, real=0.00 secs] 
2643.284: [GC (Allocation Failure) [PSYoungGen: 48480K->1392K(49152K)] 466381K->419293K(577024K), 0.0019617 secs] [Times: user=0.00 sys=0.00, real=0.00 secs] 
2643.574: [GC (Allocation Failure) [PSYoungGen: 48496K->1376K(49152K)] 466397K->419277K(577024K), 0.0020070 secs] [Times: user=0.00 sys=0.00, real=0.00 secs] 
2643.769: [GC (Allocation Failure) [PSYoungGen: 48480K->1376K(49152K)] 466381K->419277K(577024K), 0.0019101 secs] [Times: user=0.00 sys=0.00, real=0.00 secs] 
2643.974: [GC (Allocation Failure) [PSYoungGen: 48439K->272K(49152K)] 466340K->418173K(577024K), 0.0019001 secs] [Times: user=0.01 sys=0.00, real=0.00 secs] 
2644.862: [GC (Allocation Failure) [PSYoungGen: 47376K->1440K(49152K)] 465277K->419341K(577024K), 0.0017996 secs] [Times: user=0.00 sys=0.00, real=0.01 secs] 
2645.133: [GC (Allocation Failure) [PSYoungGen: 48544K->1376K(49152K)] 466445K->419277K(577024K), 0.0019180 secs] [Times: user=0.00 sys=0.00, real=0.01 secs] 
2645.523: [GC (Allocation Failure) [PSYoungGen: 48480K->1344K(49152K)] 466381K->419245K(577024K), 0.0020942 secs] [Times: user=0.01 sys=0.00, real=0.01 secs] 
2645.969: [GC (Allocation Failure) [PSYoungGen: 48448K->1392K(49152K)] 466349K->419309K(577024K), 0.0023218 secs] [Times: user=0.01 sys=0.00, real=0.00 secs] 
2646.443: [GC (Allocation Failure) [PSYoungGen: 48496K->1344K(49152K)] 466413K->419261K(577024K), 0.0024348 secs] [Times: user=0.01 sys=0.00, real=0.01 secs] 
2646.891: [GC (Allocation Failure) [PSYoungGen: 48409K->240K(49152K)] 466326K->418157K(577024K), 0.0028467 secs] [Times: user=0.01 sys=0.00, real=0.01 secs] 
2647.827: [GC (Allocation Failure) [PSYoungGen: 47344K->1408K(49152K)] 465261K->419325K(577024K), 0.0019443 secs] [Times: user=0.01 sys=0.00, real=0.00 secs] 
2648.046: [GC (Allocation Failure) [PSYoungGen: 48512K->1408K(49664K)] 466429K->419325K(577536K), 0.0016553 secs] [Times: user=0.00 sys=0.00, real=0.00 secs] 
2648.242: [GC (Allocation Failure) [PSYoungGen: 48512K->1360K(48640K)] 466429K->419277K(576512K), 0.0017037 secs] [Times: user=0.01 sys=0.00, real=0.01 secs] 
2648.437: [GC (Allocation Failure) [PSYoungGen: 48464K->1344K(49152K)] 466381K->419269K(577024K), 0.0017770 secs] [Times: user=0.01 sys=0.00, real=0.00 secs] 
2648.632: [GC (Allocation Failure) [PSYoungGen: 48448K->1344K(49152K)] 466373K->419269K(577024K), 0.0018869 secs] [Times: user=0.01 sys=0.00, real=0.01 secs] 
2648.941: [GC (Allocation Failure) [PSYoungGen: 48423K->272K(48640K)] 466349K->418197K(576512K), 0.0024357 secs] [Times: user=0.01 sys=0.00, real=0.00 secs] 
2649.930: [GC (Allocation Failure) [PSYoungGen: 46864K->1408K(49152K)] 464789K->419333K(577024K), 0.0028920 secs] [Times: user=0.01 sys=0.00, real=0.00 secs] 
2650.124: [GC (Allocation Failure) [PSYoungGen: 48000K->1408K(49152K)] 465925K->419333K(577024K), 0.0021718 secs] [Times: user=0.01 sys=0.00, real=0.00 secs] 
2650.318: [GC (Allocation Failure) [PSYoungGen: 48000K->1376K(48128K)] 465925K->419301K(576000K), 0.0021886 secs] [Times: user=0.01 sys=0.00, real=0.00 secs] 
2650.512: [GC (Allocation Failure) [PSYoungGen: 47968K->1376K(48640K)] 465893K->419317K(576512K), 0.0019982 secs] [Times: user=0.01 sys=0.00, real=0.01 secs] 
2650.754: [GC (Allocation Failure) [PSYoungGen: 47968K->1376K(48640K)] 465909K->419317K(576512K), 0.0020799 secs] [Times: user=0.01 sys=0.00, real=0.00 secs] 
2651.037: [GC (Allocation Failure) [PSYoungGen: 47968K->1376K(48640K)] 465909K->419317K(576512K), 0.0018130 secs] [Times: user=0.01 sys=0.00, real=0.00 secs] 
2652.236: [GC (Allocation Failure) [PSYoungGen: 47968K->1440K(48640K)] 465909K->419381K(576512K), 0.0018676 secs] [Times: user=0.01 sys=0.00, real=0.00 secs] 
2652.457: [GC (Allocation Failure) [PSYoungGen: 48032K->1408K(48640K)] 465973K->419349K(576512K), 0.0028544 secs] [Times: user=0.01 sys=0.00, real=0.00 secs] 
2652.680: [GC (Allocation Failure) [PSYoungGen: 48000K->1376K(48640K)] 465941K->419325K(576512K), 0.0024317 secs] [Times: user=0.01 sys=0.00, real=0.00 secs] 
2652.876: [GC (Allocation Failure) [PSYoungGen: 47968K->1376K(48640K)] 465917K->419325K(576512K), 0.0029089 secs] [Times: user=0.01 sys=0.00, real=0.00 secs] 
2653.069: [GC (Allocation Failure) [PSYoungGen: 47968K->1376K(48640K)] 465917K->419325K(576512K), 0.0021656 secs] [Times: user=0.01 sys=0.00, real=0.00 secs] 
2653.262: [GC (Allocation Failure) [PSYoungGen: 47968K->1424K(52736K)] 465917K->419373K(580608K), 0.0324035 secs] [Times: user=0.06 sys=0.07, real=0.04 secs] 
2654.794: [GC (Allocation Failure) [PSYoungGen: 52112K->1424K(52736K)] 470061K->419381K(580608K), 0.0031843 secs] [Times: user=0.01 sys=0.00, real=0.01 secs] 
2655.430: [GC (Allocation Failure) [PSYoungGen: 52112K->1376K(58880K)] 470069K->419341K(586752K), 0.0040717 secs] [Times: user=0.01 sys=0.00, real=0.01 secs] 
2656.162: [GC (Allocation Failure) [PSYoungGen: 58720K->1376K(59392K)] 476685K->419341K(587264K), 0.0031489 secs] [Times: user=0.01 sys=0.00, real=0.01 secs] 
2656.780: [GC (Allocation Failure) [PSYoungGen: 58720K->1376K(65536K)] 476685K->419341K(593408K), 0.0031584 secs] [Times: user=0.01 sys=0.00, real=0.00 secs] 
2657.199: [GC (Allocation Failure) [PSYoungGen: 65376K->1376K(66048K)] 483341K->419357K(593920K), 0.0025578 secs] [Times: user=0.01 sys=0.00, real=0.00 secs] 
2659.841: [GC (Allocation Failure) [PSYoungGen: 65376K->1472K(72704K)] 483357K->419453K(600576K), 0.0700074 secs] [Times: user=0.00 sys=0.27, real=0.07 secs] 
2660.773: [GC (Allocation Failure) [PSYoungGen: 72128K->1376K(72704K)] 490109K->419357K(600576K), 0.0029604 secs] [Times: user=0.01 sys=0.00, real=0.01 secs] 
2661.814: [GC (Allocation Failure) [PSYoungGen: 72032K->1392K(78336K)] 490013K->419373K(606208K), 0.0033542 secs] [Times: user=0.01 sys=0.00, real=0.00 secs] 
2663.070: [GC (Allocation Failure) [PSYoungGen: 78192K->1376K(77824K)] 496173K->419357K(605696K), 0.0044993 secs] [Times: user=0.01 sys=0.00, real=0.01 secs] 
2664.528: [GC (Allocation Failure) [PSYoungGen: 77664K->1424K(77312K)] 495645K->419405K(605184K), 0.0018701 secs] [Times: user=0.00 sys=0.00, real=0.00 secs] 
2664.951: [GC (Allocation Failure) [PSYoungGen: 77200K->1376K(76800K)] 495181K->419357K(604672K), 0.0035181 secs] [Times: user=0.01 sys=0.00, real=0.01 secs] 
2665.491: [GC (Allocation Failure) [PSYoungGen: 76640K->1408K(76288K)] 494621K->419389K(604160K), 0.0025115 secs] [Times: user=0.01 sys=0.00, real=0.00 secs] 
2666.939: [GC (Allocation Failure) [PSYoungGen: 76160K->1952K(76288K)] 494141K->419933K(604160K), 0.0025049 secs] [Times: user=0.01 sys=0.00, real=0.00 secs] 
2667.452: [GC (Allocation Failure) [PSYoungGen: 76192K->320K(74240K)] 494173K->419325K(602112K), 0.0022357 secs] [Times: user=0.01 sys=0.00, real=0.01 secs] 
2667.769: [GC (Allocation Failure) [PSYoungGen: 74048K->384K(75264K)] 493053K->419389K(603136K), 0.0020552 secs] [Times: user=0.01 sys=0.00, real=0.00 secs] 
2668.128: [GC (Allocation Failure) [PSYoungGen: 73600K->352K(74752K)] 492605K->419365K(602624K), 0.0019884 secs] [Times: user=0.01 sys=0.00, real=0.00 secs] 
2669.368: [GC (Allocation Failure) [PSYoungGen: 73056K->1440K(73728K)] 492069K->420453K(601600K), 0.0017119 secs] [Times: user=0.01 sys=0.00, real=0.00 secs] 
2669.833: [GC (Allocation Failure) [PSYoungGen: 73632K->1424K(73728K)] 492645K->420437K(601600K), 0.0020807 secs] [Times: user=0.01 sys=0.01, real=0.01 secs] 
2670.141: [GC (Allocation Failure) [PSYoungGen: 73104K->1376K(72704K)] 492117K->420389K(600576K), 0.0019778 secs] [Times: user=0.01 sys=0.00, real=0.00 secs] 
2670.539: [GC (Allocation Failure) [PSYoungGen: 72544K->1376K(72704K)] 491557K->420389K(600576K), 0.0020210 secs] [Times: user=0.01 sys=0.00, real=0.00 secs] 
2671.977: [GC (Allocation Failure) [PSYoungGen: 72032K->1408K(71680K)] 491045K->420421K(599552K), 0.0017803 secs] [Times: user=0.00 sys=0.00, real=0.00 secs] 
2672.396: [GC (Allocation Failure) [PSYoungGen: 71552K->1376K(71168K)] 490565K->420389K(599040K), 0.0021268 secs] [Times: user=0.01 sys=0.00, real=0.00 secs] 
2672.740: [GC (Allocation Failure) [PSYoungGen: 71008K->1424K(70656K)] 490021K->420437K(598528K), 0.0025859 secs] [Times: user=0.01 sys=0.00, real=0.00 secs] 
2673.159: [GC (Allocation Failure) [PSYoungGen: 70544K->1376K(70144K)] 489557K->420389K(598016K), 0.0021391 secs] [Times: user=0.00 sys=0.00, real=0.00 secs] 
2674.239: [GC (Allocation Failure) [PSYoungGen: 69984K->1440K(69632K)] 488997K->420469K(597504K), 0.0021137 secs] [Times: user=0.01 sys=0.00, real=0.00 secs] 
2674.521: [GC (Allocation Failure) [PSYoungGen: 69536K->1408K(69120K)] 488565K->420437K(596992K), 0.0018958 secs] [Times: user=0.01 sys=0.00, real=0.00 secs] 
2674.879: [GC (Allocation Failure) [PSYoungGen: 68992K->1408K(68608K)] 488021K->420437K(596480K), 0.0026045 secs] [Times: user=0.01 sys=0.00, real=0.00 secs] 
2675.159: [GC (Allocation Failure) [PSYoungGen: 68480K->1376K(68096K)] 487509K->420405K(595968K), 0.0018903 secs] [Times: user=0.00 sys=0.00, real=0.00 secs] 
2676.531: [GC (Allocation Failure) [PSYoungGen: 67936K->1968K(68096K)] 486965K->420997K(595968K), 0.0019315 secs] [Times: user=0.01 sys=0.00, real=0.00 secs] 
2677.167: [GC (Allocation Failure) [PSYoungGen: 68016K->320K(66560K)] 487045K->420373K(594432K), 0.0019194 secs] [Times: user=0.01 sys=0.00, real=0.00 secs] 
2677.864: [GC (Allocation Failure) [PSYoungGen: 65856K->336K(65536K)] 485909K->420389K(593408K), 0.0019822 secs] [Times: user=0.01 sys=0.00, real=0.01 secs] 
2678.868: [GC (Allocation Failure) [PSYoungGen: 65360K->320K(66560K)] 485413K->420373K(594432K), 0.0031214 secs] [Times: user=0.01 sys=0.00, real=0.00 secs] 
2680.075: [GC (Allocation Failure) [PSYoungGen: 64832K->352K(64512K)] 484885K->420405K(592384K), 0.0046221 secs] [Times: user=0.02 sys=0.00, real=0.00 secs] 
2681.718: [GC (Allocation Failure) [PSYoungGen: 64352K->1440K(65536K)] 484405K->421493K(593408K), 0.0022676 secs] [Times: user=0.01 sys=0.00, real=0.00 secs] 
2682.246: [GC (Allocation Failure) [PSYoungGen: 64928K->1408K(64512K)] 484981K->421461K(592384K), 0.0026611 secs] [Times: user=0.02 sys=0.00, real=0.00 secs] 
2682.808: [GC (Allocation Failure) [PSYoungGen: 64384K->1408K(64512K)] 484437K->421461K(592384K), 0.0028213 secs] [Times: user=0.01 sys=0.00, real=0.00 secs] 
2683.416: [GC (Allocation Failure) [PSYoungGen: 63872K->1408K(63488K)] 483925K->421461K(591360K), 0.0030196 secs] [Times: user=0.01 sys=0.00, real=0.00 secs] 
2684.729: [GC (Allocation Failure) [PSYoungGen: 63360K->1408K(63488K)] 483413K->421461K(591360K), 0.0019035 secs] [Times: user=0.01 sys=0.00, real=0.00 secs] 
2685.309: [GC (Allocation Failure) [PSYoungGen: 62848K->1376K(62464K)] 482901K->421429K(590336K), 0.0019121 secs] [Times: user=0.00 sys=0.00, real=0.00 secs] 
2685.875: [GC (Allocation Failure) [PSYoungGen: 62304K->1376K(63488K)] 482357K->421437K(591360K), 0.0022048 secs] [Times: user=0.01 sys=0.00, real=0.00 secs] 
2686.446: [GC (Allocation Failure) [PSYoungGen: 62304K->1376K(63488K)] 482365K->421437K(591360K), 0.0024788 secs] [Times: user=0.01 sys=0.00, real=0.00 secs] 
2686.935: [GC (Allocation Failure) [PSYoungGen: 62304K->1424K(63488K)] 482365K->421493K(591360K), 0.0024357 secs] [Times: user=0.01 sys=0.00, real=0.00 secs] 
2688.530: [GC (Allocation Failure) [PSYoungGen: 62352K->1440K(63488K)] 482421K->421509K(591360K), 0.0022337 secs] [Times: user=0.01 sys=0.00, real=0.00 secs] 
2689.174: [GC (Allocation Failure) [PSYoungGen: 62368K->1408K(63488K)] 482437K->421477K(591360K), 0.0034488 secs] [Times: user=0.01 sys=0.00, real=0.00 secs] 
2689.957: [GC (Allocation Failure) [PSYoungGen: 62336K->1344K(62464K)] 482405K->421413K(590336K), 0.0043280 secs] [Times: user=0.01 sys=0.00, real=0.00 secs] 
2690.540: [GC (Allocation Failure) [PSYoungGen: 62272K->1408K(62976K)] 482341K->421477K(590848K), 0.0034283 secs] [Times: user=0.01 sys=0.00, real=0.00 secs] 
2691.227: [GC (Allocation Failure) [PSYoungGen: 62331K->272K(62976K)] 482400K->420341K(590848K), 0.0040089 secs] [Times: user=0.02 sys=0.00, real=0.00 secs] 
2692.311: [GC (Allocation Failure) [PSYoungGen: 61200K->1440K(63488K)] 481269K->421509K(591360K), 0.0020404 secs] [Times: user=0.01 sys=0.00, real=0.00 secs] 
2692.587: [GC (Allocation Failure) [PSYoungGen: 62368K->1392K(63488K)] 482437K->421461K(591360K), 0.0020737 secs] [Times: user=0.00 sys=0.00, real=0.00 secs] 
2692.841: [GC (Allocation Failure) [PSYoungGen: 62320K->1408K(63488K)] 482389K->421477K(591360K), 0.0021019 secs] [Times: user=0.01 sys=0.00, real=0.00 secs] 
2693.094: [GC (Allocation Failure) [PSYoungGen: 62336K->1392K(62464K)] 482405K->421461K(590336K), 0.0021332 secs] [Times: user=0.01 sys=0.00, real=0.00 secs] 
2694.138: [GC (Allocation Failure) [PSYoungGen: 62320K->1424K(62976K)] 482389K->421493K(590848K), 0.0020264 secs] [Times: user=0.01 sys=0.00, real=0.00 secs] 
2694.392: [GC (Allocation Failure) [PSYoungGen: 62352K->1408K(62976K)] 482421K->421493K(590848K), 0.0019323 secs] [Times: user=0.01 sys=0.00, real=0.01 secs] 
2694.700: [GC (Allocation Failure) [PSYoungGen: 62336K->1408K(62976K)] 482421K->421493K(590848K), 0.0020901 secs] [Times: user=0.01 sys=0.00, real=0.00 secs] 
2695.192: [GC (Allocation Failure) [PSYoungGen: 62336K->1376K(62976K)] 482421K->421461K(590848K), 0.0035163 secs] [Times: user=0.01 sys=0.00, real=0.01 secs] 
2695.790: [GC (Allocation Failure) [PSYoungGen: 62304K->1376K(62976K)] 482389K->421461K(590848K), 0.0055482 secs] [Times: user=0.02 sys=0.00, real=0.01 secs] 
2697.868: [GC (Allocation Failure) [PSYoungGen: 62304K->1472K(62976K)] 482389K->421557K(590848K), 0.0024947 secs] [Times: user=0.01 sys=0.00, real=0.00 secs] 
2698.119: [GC (Allocation Failure) [PSYoungGen: 62400K->1440K(62976K)] 482485K->421525K(590848K), 0.0020411 secs] [Times: user=0.00 sys=0.00, real=0.00 secs] 
2698.373: [GC (Allocation Failure) [PSYoungGen: 62368K->1376K(62976K)] 482453K->421461K(590848K), 0.0021393 secs] [Times: user=0.01 sys=0.00, real=0.01 secs] 
2698.627: [GC (Allocation Failure) [PSYoungGen: 62304K->1376K(62976K)] 482389K->421461K(590848K), 0.0020899 secs] [Times: user=0.01 sys=0.00, real=0.00 secs] 
2699.638: [GC (Allocation Failure) [PSYoungGen: 62304K->1664K(62976K)] 482389K->421749K(590848K), 0.0020452 secs] [Times: user=0.01 sys=0.00, real=0.00 secs] 
2701.018: [GC (Allocation Failure) [PSYoungGen: 62592K->1360K(62976K)] 482677K->421445K(590848K), 0.0043002 secs] [Times: user=0.02 sys=0.00, real=0.00 secs] 
2702.135: [GC (Allocation Failure) [PSYoungGen: 62288K->1344K(62976K)] 482373K->421429K(590848K), 0.0042125 secs] [Times: user=0.02 sys=0.00, real=0.00 secs] 
2703.092: [GC (Allocation Failure) [PSYoungGen: 62272K->1376K(62976K)] 482357K->421461K(590848K), 0.0034725 secs] [Times: user=0.02 sys=0.00, real=0.01 secs] 
2703.873: [GC (Allocation Failure) [PSYoungGen: 62304K->1376K(62976K)] 482389K->421461K(590848K), 0.0034753 secs] [Times: user=0.01 sys=0.00, real=0.01 secs] 
2705.462: [GC (Allocation Failure) [PSYoungGen: 62304K->1440K(62976K)] 482389K->421525K(590848K), 0.0030842 secs] [Times: user=0.02 sys=0.00, real=0.01 secs] 
2706.392: [GC (Allocation Failure) [PSYoungGen: 62368K->1408K(62976K)] 482453K->421493K(590848K), 0.0033304 secs] [Times: user=0.01 sys=0.00, real=0.01 secs] 
2707.179: [GC (Allocation Failure) [PSYoungGen: 62336K->1344K(62976K)] 482421K->421429K(590848K), 0.0033436 secs] [Times: user=0.01 sys=0.01, real=0.00 secs] 
2707.930: [GC (Allocation Failure) [PSYoungGen: 62272K->1344K(62976K)] 482357K->421445K(590848K), 0.0032443 secs] [Times: user=0.01 sys=0.00, real=0.00 secs] 
2708.432: [GC (Allocation Failure) [PSYoungGen: 62272K->1424K(62976K)] 482373K->421525K(590848K), 0.0031257 secs] [Times: user=0.01 sys=0.00, real=0.01 secs] 
2709.737: [GC (Allocation Failure) [PSYoungGen: 62352K->1456K(62976K)] 482453K->421557K(590848K), 0.0018400 secs] [Times: user=0.00 sys=0.00, real=0.00 secs] 
2710.268: [GC (Allocation Failure) [PSYoungGen: 62384K->1376K(62976K)] 482485K->421477K(590848K), 0.0023453 secs] [Times: user=0.01 sys=0.00, real=0.00 secs] 
2710.522: [GC (Allocation Failure) [PSYoungGen: 62304K->1408K(62976K)] 482405K->421509K(590848K), 0.0021919 secs] [Times: user=0.01 sys=0.00, real=0.01 secs] 
2710.775: [GC (Allocation Failure) [PSYoungGen: 62336K->1376K(62976K)] 482437K->421477K(590848K), 0.0021341 secs] [Times: user=0.01 sys=0.00, real=0.00 secs] 
2711.813: [GC (Allocation Failure) [PSYoungGen: 62304K->1952K(62976K)] 482405K->422053K(590848K), 0.0018278 secs] [Times: user=0.01 sys=0.00, real=0.01 secs] 
2712.340: [GC (Allocation Failure) [PSYoungGen: 62880K->1408K(62976K)] 482981K->421509K(590848K), 0.0033513 secs] [Times: user=0.02 sys=0.00, real=0.00 secs] 
2712.900: [GC (Allocation Failure) [PSYoungGen: 62336K->1440K(62976K)] 482437K->421541K(590848K), 0.0032447 secs] [Times: user=0.01 sys=0.00, real=0.01 secs] 
2713.166: [GC (Allocation Failure) [PSYoungGen: 62368K->1376K(62976K)] 482469K->421477K(590848K), 0.0020936 secs] [Times: user=0.01 sys=0.00, real=0.00 secs] 
2713.419: [GC (Allocation Failure) [PSYoungGen: 62304K->1376K(62976K)] 482405K->421477K(590848K), 0.0020619 secs] [Times: user=0.01 sys=0.00, real=0.00 secs] 
2714.479: [GC (Allocation Failure) [PSYoungGen: 62304K->1440K(62976K)] 482405K->421541K(590848K), 0.0020264 secs] [Times: user=0.01 sys=0.00, real=0.00 secs] 
2715.001: [GC (Allocation Failure) [PSYoungGen: 62368K->1392K(62976K)] 482469K->421501K(590848K), 0.0018753 secs] [Times: user=0.01 sys=0.00, real=0.00 secs] 
2715.407: [GC (Allocation Failure) [PSYoungGen: 62320K->1392K(62976K)] 482429K->421501K(590848K), 0.0020604 secs] [Times: user=0.01 sys=0.00, real=0.00 secs] 
2715.661: [GC (Allocation Failure) [PSYoungGen: 62320K->1408K(62976K)] 482429K->421517K(590848K), 0.0021617 secs] [Times: user=0.01 sys=0.00, real=0.00 secs] 
2716.018: [GC (Allocation Failure) [PSYoungGen: 62336K->1376K(62976K)] 482445K->421485K(590848K), 0.0018812 secs] [Times: user=0.01 sys=0.00, real=0.00 secs] 
2717.173: [GC (Allocation Failure) [PSYoungGen: 62304K->1408K(62976K)] 482413K->421517K(590848K), 0.0019341 secs] [Times: user=0.01 sys=0.00, real=0.01 secs] 
2717.710: [GC (Allocation Failure) [PSYoungGen: 62336K->1360K(62976K)] 482445K->421469K(590848K), 0.0020181 secs] [Times: user=0.01 sys=0.00, real=0.00 secs] 
2718.296: [GC (Allocation Failure) [PSYoungGen: 62288K->1376K(62976K)] 482397K->421485K(590848K), 0.0025571 secs] [Times: user=0.01 sys=0.00, real=0.00 secs] 
2718.847: [GC (Allocation Failure) [PSYoungGen: 62304K->1344K(62976K)] 482413K->421453K(590848K), 0.0028978 secs] [Times: user=0.02 sys=0.00, real=0.00 secs] 
2720.142: [GC (Allocation Failure) [PSYoungGen: 62272K->1440K(62976K)] 482381K->421549K(590848K), 0.0021353 secs] [Times: user=0.01 sys=0.00, real=0.01 secs] 
2721.004: [GC (Allocation Failure) [PSYoungGen: 62368K->1440K(62976K)] 482477K->421549K(590848K), 0.0019687 secs] [Times: user=0.01 sys=0.00, real=0.01 secs] 
2721.838: [GC (Allocation Failure) [PSYoungGen: 62368K->1408K(62976K)] 482477K->421517K(590848K), 0.0041587 secs] [Times: user=0.02 sys=0.00, real=0.00 secs] 
2722.395: [GC (Allocation Failure) [PSYoungGen: 62336K->1376K(62464K)] 482445K->421485K(590336K), 0.0030348 secs] [Times: user=0.01 sys=0.00, real=0.00 secs] 
2722.998: [GC (Allocation Failure) [PSYoungGen: 62304K->1408K(62464K)] 482413K->421517K(590336K), 0.0030656 secs] [Times: user=0.02 sys=0.00, real=0.00 secs] 
2724.350: [GC (Allocation Failure) [PSYoungGen: 62336K->416K(61952K)] 482445K->421549K(589824K), 0.0022056 secs] [Times: user=0.01 sys=0.00, real=0.00 secs] 
2724.879: [GC (Allocation Failure) [PSYoungGen: 61344K->352K(62976K)] 482477K->421485K(590848K), 0.0024341 secs] [Times: user=0.01 sys=0.00, real=0.00 secs] 
2725.363: [GC (Allocation Failure) [PSYoungGen: 61280K->352K(62976K)] 482413K->421493K(590848K), 0.0023936 secs] [Times: user=0.01 sys=0.00, real=0.01 secs] 
2725.945: [GC (Allocation Failure) [PSYoungGen: 61280K->384K(62976K)] 482421K->421525K(590848K), 0.0026149 secs] [Times: user=0.01 sys=0.00, real=0.00 secs] 
2726.619: [GC (Allocation Failure) [PSYoungGen: 61312K->320K(62976K)] 482453K->421461K(590848K), 0.0032699 secs] [Times: user=0.02 sys=0.00, real=0.00 secs] 
2728.126: [GC (Allocation Failure) [PSYoungGen: 61248K->1440K(62976K)] 482389K->422581K(590848K), 0.0032509 secs] [Times: user=0.02 sys=0.00, real=0.00 secs] 
2728.513: [GC (Allocation Failure) [PSYoungGen: 62368K->1408K(62464K)] 483509K->422549K(590336K), 0.0019789 secs] [Times: user=0.01 sys=0.00, real=0.01 secs] 
2728.764: [GC (Allocation Failure) [PSYoungGen: 61824K->1344K(62976K)] 482965K->422485K(590848K), 0.0020037 secs] [Times: user=0.01 sys=0.00, real=0.00 secs] 
2729.075: [GC (Allocation Failure) [PSYoungGen: 61760K->1408K(62976K)] 482901K->422549K(590848K), 0.0021193 secs] [Times: user=0.01 sys=0.00, real=0.00 secs] 
2730.214: [GC (Allocation Failure) [PSYoungGen: 61824K->1408K(62976K)] 482965K->422549K(590848K), 0.0019670 secs] [Times: user=0.01 sys=0.00, real=0.01 secs] 
2730.465: [GC (Allocation Failure) [PSYoungGen: 61824K->1376K(62976K)] 482965K->422517K(590848K), 0.0018816 secs] [Times: user=0.01 sys=0.00, real=0.00 secs] 
2730.715: [GC (Allocation Failure) [PSYoungGen: 61792K->1408K(62976K)] 482933K->422549K(590848K), 0.0018489 secs] [Times: user=0.01 sys=0.00, real=0.00 secs] 
2730.966: [GC (Allocation Failure) [PSYoungGen: 61824K->1376K(62976K)] 482965K->422517K(590848K), 0.0018762 secs] [Times: user=0.01 sys=0.00, real=0.00 secs] 
2731.217: [GC (Allocation Failure) [PSYoungGen: 61792K->1376K(61952K)] 482933K->422517K(589824K), 0.0017581 secs] [Times: user=0.01 sys=0.00, real=0.00 secs] 
2732.142: [GC (Allocation Failure) [PSYoungGen: 61792K->1440K(62464K)] 482933K->422581K(590336K), 0.0019096 secs] [Times: user=0.01 sys=0.00, real=0.00 secs] 
2732.392: [GC (Allocation Failure) [PSYoungGen: 61856K->1424K(62464K)] 482997K->422565K(590336K), 0.0017603 secs] [Times: user=0.01 sys=0.00, real=0.01 secs] 
2732.643: [GC (Allocation Failure) [PSYoungGen: 61840K->1408K(62464K)] 482981K->422573K(590336K), 0.0017551 secs] [Times: user=0.01 sys=0.00, real=0.01 secs] 
2733.034: [GC (Allocation Failure) [PSYoungGen: 61824K->1408K(62464K)] 482989K->422573K(590336K), 0.0018650 secs] [Times: user=0.01 sys=0.00, real=0.00 secs] 
2733.485: [GC (Allocation Failure) [PSYoungGen: 61824K->1408K(62464K)] 482989K->422573K(590336K), 0.0017467 secs] [Times: user=0.01 sys=0.00, real=0.00 secs] 
2734.755: [GC (Allocation Failure) [PSYoungGen: 61824K->1424K(62464K)] 482989K->422589K(590336K), 0.0020273 secs] [Times: user=0.01 sys=0.00, real=0.00 secs] 
2735.279: [GC (Allocation Failure) [PSYoungGen: 61840K->1376K(62464K)] 483005K->422541K(590336K), 0.0019698 secs] [Times: user=0.00 sys=0.00, real=0.00 secs] 
2735.815: [GC (Allocation Failure) [PSYoungGen: 61792K->1376K(62464K)] 482957K->422541K(590336K), 0.0021591 secs] [Times: user=0.01 sys=0.00, real=0.00 secs] 
2736.236: [GC (Allocation Failure) [PSYoungGen: 61792K->1408K(62464K)] 482957K->422573K(590336K), 0.0022034 secs] [Times: user=0.01 sys=0.00, real=0.00 secs] 
2737.589: [GC (Allocation Failure) [PSYoungGen: 61824K->1440K(62464K)] 482989K->422605K(590336K), 0.0016891 secs] [Times: user=0.01 sys=0.00, real=0.00 secs] 
2737.894: [GC (Allocation Failure) [PSYoungGen: 61856K->1344K(62464K)] 483021K->422509K(590336K), 0.0018381 secs] [Times: user=0.01 sys=0.00, real=0.00 secs] 
2738.145: [GC (Allocation Failure) [PSYoungGen: 61760K->1376K(62464K)] 482925K->422541K(590336K), 0.0018949 secs] [Times: user=0.01 sys=0.00, real=0.00 secs] 
2738.469: [GC (Allocation Failure) [PSYoungGen: 61792K->1424K(62464K)] 482957K->422589K(590336K), 0.0019283 secs] [Times: user=0.00 sys=0.00, real=0.00 secs] 
2738.722: [GC (Allocation Failure) [PSYoungGen: 61840K->1376K(62464K)] 483005K->422541K(590336K), 0.0020037 secs] [Times: user=0.00 sys=0.00, real=0.01 secs] 
2739.998: [GC (Allocation Failure) [PSYoungGen: 61792K->1408K(62464K)] 482957K->422573K(590336K), 0.0020934 secs] [Times: user=0.01 sys=0.00, real=0.00 secs] 
2740.818: [GC (Allocation Failure) [PSYoungGen: 61824K->1312K(62464K)] 482989K->422477K(590336K), 0.0040966 secs] [Times: user=0.02 sys=0.00, real=0.00 secs] 
2741.639: [GC (Allocation Failure) [PSYoungGen: 61728K->1376K(62464K)] 482893K->422541K(590336K), 0.0041060 secs] [Times: user=0.01 sys=0.00, real=0.00 secs] 
2742.338: [GC (Allocation Failure) [PSYoungGen: 61792K->1376K(62464K)] 482957K->422541K(590336K), 0.0037204 secs] [Times: user=0.01 sys=0.00, real=0.00 secs] 
2743.014: [GC (Allocation Failure) [PSYoungGen: 61792K->1440K(62464K)] 482957K->422605K(590336K), 0.0040320 secs] [Times: user=0.02 sys=0.00, real=0.00 secs] 
2744.237: [GC (Allocation Failure) [PSYoungGen: 61856K->1376K(62464K)] 483021K->422541K(590336K), 0.0019642 secs] [Times: user=0.01 sys=0.01, real=0.00 secs] 
2744.488: [GC (Allocation Failure) [PSYoungGen: 61792K->1408K(62464K)] 482957K->422581K(590336K), 0.0025714 secs] [Times: user=0.01 sys=0.00, real=0.00 secs] 
2744.740: [GC (Allocation Failure) [PSYoungGen: 61824K->1408K(62464K)] 482997K->422581K(590336K), 0.0023602 secs] [Times: user=0.01 sys=0.00, real=0.00 secs] 
2744.995: [GC (Allocation Failure) [PSYoungGen: 61824K->1440K(62464K)] 482997K->422613K(590336K), 0.0027222 secs] [Times: user=0.01 sys=0.01, real=0.00 secs] 
2746.165: [GC (Allocation Failure) [PSYoungGen: 61856K->1440K(62464K)] 483029K->422613K(590336K), 0.0018940 secs] [Times: user=0.01 sys=0.00, real=0.00 secs] 
2746.690: [GC (Allocation Failure) [PSYoungGen: 61856K->1408K(62464K)] 483029K->422581K(590336K), 0.0021476 secs] [Times: user=0.01 sys=0.00, real=0.00 secs] 
2747.225: [GC (Allocation Failure) [PSYoungGen: 61824K->1376K(62464K)] 482997K->422549K(590336K), 0.0023349 secs] [Times: user=0.01 sys=0.00, real=0.00 secs] 
2747.861: [GC (Allocation Failure) [PSYoungGen: 61792K->1408K(62464K)] 482965K->422581K(590336K), 0.0041039 secs] [Times: user=0.02 sys=0.00, real=0.01 secs] 
2748.524: [GC (Allocation Failure) [PSYoungGen: 61824K->1408K(61952K)] 482997K->422581K(589824K), 0.0036019 secs] [Times: user=0.01 sys=0.00, real=0.00 secs] 
2749.643: [GC (Allocation Failure) [PSYoungGen: 61824K->1408K(61952K)] 482997K->422581K(589824K), 0.0018301 secs] [Times: user=0.01 sys=0.00, real=0.01 secs] 
2749.894: [GC (Allocation Failure) [PSYoungGen: 61824K->1376K(61952K)] 482997K->422549K(589824K), 0.0018712 secs] [Times: user=0.01 sys=0.00, real=0.01 secs] 
2750.144: [GC (Allocation Failure) [PSYoungGen: 61792K->1392K(61952K)] 482965K->422565K(589824K), 0.0018357 secs] [Times: user=0.00 sys=0.00, real=0.00 secs] 
2750.395: [GC (Allocation Failure) [PSYoungGen: 61808K->1376K(61952K)] 482981K->422549K(589824K), 0.0015763 secs] [Times: user=0.01 sys=0.00, real=0.00 secs] 
2750.646: [GC (Allocation Failure) [PSYoungGen: 61792K->1376K(61952K)] 482965K->422549K(589824K), 0.0019579 secs] [Times: user=0.01 sys=0.00, real=0.00 secs] 
2751.887: [GC (Allocation Failure) [PSYoungGen: 61792K->1408K(61952K)] 482965K->422581K(589824K), 0.0019496 secs] [Times: user=0.01 sys=0.00, real=0.00 secs] 
2752.463: [GC (Allocation Failure) [PSYoungGen: 61824K->1376K(61952K)] 482997K->422549K(589824K), 0.0023485 secs] [Times: user=0.01 sys=0.00, real=0.01 secs] 
2753.051: [GC (Allocation Failure) [PSYoungGen: 61792K->1408K(61952K)] 482965K->422581K(589824K), 0.0021344 secs] [Times: user=0.01 sys=0.00, real=0.00 secs] 
2753.316: [GC (Allocation Failure) [PSYoungGen: 61824K->1376K(61952K)] 482997K->422565K(589824K), 0.0020398 secs] [Times: user=0.01 sys=0.00, real=0.00 secs] 
2754.516: [GC (Allocation Failure) [PSYoungGen: 61792K->1440K(61952K)] 482981K->422629K(589824K), 0.0029187 secs] [Times: user=0.02 sys=0.00, real=0.00 secs] 
2754.768: [GC (Allocation Failure) [PSYoungGen: 61856K->1440K(61952K)] 483045K->422629K(589824K), 0.0021868 secs] [Times: user=0.01 sys=0.00, real=0.00 secs] 
2755.020: [GC (Allocation Failure) [PSYoungGen: 61856K->1408K(61952K)] 483045K->422597K(589824K), 0.0020160 secs] [Times: user=0.00 sys=0.00, real=0.00 secs] 
2755.272: [GC (Allocation Failure) [PSYoungGen: 61824K->1440K(61952K)] 483013K->422629K(589824K), 0.0020895 secs] [Times: user=0.01 sys=0.00, real=0.01 secs] 
2755.523: [GC (Allocation Failure) [PSYoungGen: 61856K->1408K(61952K)] 483045K->422597K(589824K), 0.0021233 secs] [Times: user=0.01 sys=0.00, real=0.01 secs] 
2756.467: [GC (Allocation Failure) [PSYoungGen: 61824K->1440K(61952K)] 483013K->422629K(589824K), 0.0019333 secs] [Times: user=0.01 sys=0.00, real=0.00 secs] 
2756.717: [GC (Allocation Failure) [PSYoungGen: 61856K->1408K(61952K)] 483045K->422597K(589824K), 0.0018128 secs] [Times: user=0.01 sys=0.00, real=0.00 secs] 
2756.968: [GC (Allocation Failure) [PSYoungGen: 61824K->1408K(61952K)] 483013K->422597K(589824K), 0.0018122 secs] [Times: user=0.01 sys=0.00, real=0.00 secs] 
2757.218: [GC (Allocation Failure) [PSYoungGen: 61824K->1376K(61952K)] 483013K->422565K(589824K), 0.0065041 secs] [Times: user=0.03 sys=0.00, real=0.01 secs] 
2757.473: [GC (Allocation Failure) [PSYoungGen: 61792K->1376K(67072K)] 482981K->422565K(594944K), 0.0018906 secs] [Times: user=0.01 sys=0.00, real=0.01 secs] 
2758.427: [GC (Allocation Failure) [PSYoungGen: 66912K->1440K(66560K)] 488101K->422629K(594432K), 0.0019225 secs] [Times: user=0.00 sys=0.00, real=0.00 secs] 
2758.697: [GC (Allocation Failure) [PSYoungGen: 66464K->384K(65024K)] 487653K->422597K(592896K), 0.0017673 secs] [Times: user=0.01 sys=0.00, real=0.00 secs] 
2758.965: [GC (Allocation Failure) [PSYoungGen: 64896K->384K(64512K)] 487109K->422597K(592384K), 0.0017025 secs] [Times: user=0.01 sys=0.00, real=0.00 secs] 
2759.230: [GC (Allocation Failure) [PSYoungGen: 64384K->352K(65024K)] 486597K->422565K(592896K), 0.0018470 secs] [Times: user=0.00 sys=0.00, real=0.00 secs] 
2760.182: [GC (Allocation Failure) [PSYoungGen: 63840K->1440K(64512K)] 486053K->423653K(592384K), 0.0019113 secs] [Times: user=0.01 sys=0.00, real=0.01 secs] 
2760.444: [GC (Allocation Failure) [PSYoungGen: 64416K->1440K(64000K)] 486629K->423653K(591872K), 0.0019056 secs] [Times: user=0.01 sys=0.00, real=0.01 secs] 
2760.703: [GC (Allocation Failure) [PSYoungGen: 63904K->1376K(63488K)] 486117K->423613K(591360K), 0.0019961 secs] [Times: user=0.01 sys=0.00, real=0.01 secs] 
2760.961: [GC (Allocation Failure) [PSYoungGen: 63328K->1376K(62976K)] 485565K->423613K(590848K), 0.0019290 secs] [Times: user=0.01 sys=0.00, real=0.00 secs] 
2762.055: [GC (Allocation Failure) [PSYoungGen: 62816K->128K(61440K)] 485053K->422365K(589312K), 0.0017200 secs] [Times: user=0.01 sys=0.00, real=0.00 secs] 
2762.329: [GC (Allocation Failure) [PSYoungGen: 61056K->1376K(62976K)] 483293K->423613K(590848K), 0.0016221 secs] [Times: user=0.01 sys=0.00, real=0.00 secs] 
2762.582: [GC (Allocation Failure) [PSYoungGen: 62304K->1376K(62976K)] 484541K->423613K(590848K), 0.0018246 secs] [Times: user=0.01 sys=0.00, real=0.01 secs] 
2762.840: [GC (Allocation Failure) [PSYoungGen: 62304K->1328K(62976K)] 484541K->423565K(590848K), 0.0026892 secs] [Times: user=0.01 sys=0.00, real=0.00 secs] 
2763.090: [GC (Allocation Failure) [PSYoungGen: 62256K->1376K(62976K)] 484493K->423613K(590848K), 0.0023439 secs] [Times: user=0.01 sys=0.00, real=0.00 secs] 
2764.270: [GC (Allocation Failure) [PSYoungGen: 62304K->1440K(62976K)] 484541K->423677K(590848K), 0.0016408 secs] [Times: user=0.01 sys=0.00, real=0.00 secs] 
2765.040: [GC (Allocation Failure) [PSYoungGen: 62368K->1344K(62976K)] 484605K->423581K(590848K), 0.0042916 secs] [Times: user=0.02 sys=0.00, real=0.01 secs] 
2765.875: [GC (Allocation Failure) [PSYoungGen: 62272K->1344K(62976K)] 484509K->423581K(590848K), 0.0042930 secs] [Times: user=0.01 sys=0.00, real=0.00 secs] 
2766.649: [GC (Allocation Failure) [PSYoungGen: 62272K->1408K(62976K)] 484509K->423645K(590848K), 0.0041540 secs] [Times: user=0.02 sys=0.00, real=0.00 secs] 
2767.232: [GC (Allocation Failure) [PSYoungGen: 62336K->1408K(62976K)] 484573K->423645K(590848K), 0.0029118 secs] [Times: user=0.02 sys=0.00, real=0.01 secs] 
2769.078: [GC (Allocation Failure) [PSYoungGen: 62336K->1408K(62976K)] 484573K->423645K(590848K), 0.0042852 secs] [Times: user=0.02 sys=0.00, real=0.00 secs] 
2770.046: [GC (Allocation Failure) [PSYoungGen: 62336K->1376K(62976K)] 484573K->423621K(590848K), 0.0041216 secs] [Times: user=0.01 sys=0.00, real=0.00 secs] 
2770.882: [GC (Allocation Failure) [PSYoungGen: 62304K->1376K(62976K)] 484549K->423621K(590848K), 0.0037379 secs] [Times: user=0.01 sys=0.01, real=0.01 secs] 
2771.670: [GC (Allocation Failure) [PSYoungGen: 62304K->1376K(62976K)] 484549K->423621K(590848K), 0.0043619 secs] [Times: user=0.02 sys=0.00, real=0.01 secs] 
2773.341: [GC (Allocation Failure) [PSYoungGen: 62304K->1696K(62976K)] 484549K->423941K(590848K), 0.0019943 secs] [Times: user=0.00 sys=0.00, real=0.00 secs] 
2774.122: [GC (Allocation Failure) [PSYoungGen: 62624K->1408K(62976K)] 484869K->423653K(590848K), 0.0043482 secs] [Times: user=0.02 sys=0.01, real=0.01 secs] 
2774.699: [GC (Allocation Failure) [PSYoungGen: 62336K->1408K(62976K)] 484581K->423653K(590848K), 0.0029367 secs] [Times: user=0.01 sys=0.00, real=0.00 secs] 
2775.220: [GC (Allocation Failure) [PSYoungGen: 62336K->1408K(62976K)] 484581K->423653K(590848K), 0.0028514 secs] [Times: user=0.01 sys=0.00, real=0.00 secs] 
2775.595: [GC (Allocation Failure) [PSYoungGen: 62336K->1408K(62976K)] 484581K->423661K(590848K), 0.0021324 secs] [Times: user=0.01 sys=0.00, real=0.00 secs] 
2776.661: [GC (Allocation Failure) [PSYoungGen: 62336K->1440K(62976K)] 484589K->423693K(590848K), 0.0019721 secs] [Times: user=0.01 sys=0.00, real=0.00 secs] 
2777.224: [GC (Allocation Failure) [PSYoungGen: 62368K->1408K(62976K)] 484621K->423661K(590848K), 0.0020045 secs] [Times: user=0.01 sys=0.00, real=0.00 secs] 
2777.758: [GC (Allocation Failure) [PSYoungGen: 62336K->1344K(62976K)] 484589K->423605K(590848K), 0.0022708 secs] [Times: user=0.01 sys=0.00, real=0.00 secs] 
2778.281: [GC (Allocation Failure) [PSYoungGen: 62272K->1360K(62976K)] 484533K->423621K(590848K), 0.0023718 secs] [Times: user=0.01 sys=0.00, real=0.01 secs] 
2778.916: [GC (Allocation Failure) [PSYoungGen: 62288K->1408K(62976K)] 484549K->423669K(590848K), 0.0024571 secs] [Times: user=0.01 sys=0.00, real=0.00 secs] 
2779.943: [GC (Allocation Failure) [PSYoungGen: 62336K->1456K(62976K)] 484597K->423725K(590848K), 0.0019716 secs] [Times: user=0.01 sys=0.00, real=0.01 secs] 
2780.196: [GC (Allocation Failure) [PSYoungGen: 62384K->1408K(62976K)] 484653K->423685K(590848K), 0.0018013 secs] [Times: user=0.00 sys=0.00, real=0.00 secs] 
2780.448: [GC (Allocation Failure) [PSYoungGen: 62336K->1408K(62976K)] 484613K->423693K(590848K), 0.0019430 secs] [Times: user=0.01 sys=0.00, real=0.00 secs] 
2780.701: [GC (Allocation Failure) [PSYoungGen: 62336K->1376K(62976K)] 484621K->423661K(590848K), 0.0016305 secs] [Times: user=0.01 sys=0.00, real=0.00 secs] 
2782.003: [GC (Allocation Failure) [PSYoungGen: 62304K->1408K(62976K)] 484589K->423693K(590848K), 0.0037340 secs] [Times: user=0.01 sys=0.00, real=0.01 secs] 
2782.711: [GC (Allocation Failure) [PSYoungGen: 62336K->1376K(62976K)] 484621K->423661K(590848K), 0.0026666 secs] [Times: user=0.01 sys=0.00, real=0.00 secs] 
2783.228: [GC (Allocation Failure) [PSYoungGen: 62304K->1408K(62976K)] 484589K->423693K(590848K), 0.0024626 secs] [Times: user=0.01 sys=0.00, real=0.00 secs] 
2783.707: [GC (Allocation Failure) [PSYoungGen: 62336K->1408K(62976K)] 484621K->423709K(590848K), 0.0023284 secs] [Times: user=0.01 sys=0.00, real=0.00 secs] 
2784.199: [GC (Allocation Failure) [PSYoungGen: 62336K->1408K(62976K)] 484637K->423709K(590848K), 0.0021587 secs] [Times: user=0.00 sys=0.00, real=0.00 secs] 
2785.285: [GC (Allocation Failure) [PSYoungGen: 62336K->1440K(62976K)] 484637K->423741K(590848K), 0.0017385 secs] [Times: user=0.01 sys=0.00, real=0.00 secs] 
2785.537: [GC (Allocation Failure) [PSYoungGen: 62368K->1424K(62976K)] 484669K->423725K(590848K), 0.0018291 secs] [Times: user=0.01 sys=0.00, real=0.00 secs] 
2785.790: [GC (Allocation Failure) [PSYoungGen: 62352K->1408K(62464K)] 484653K->423709K(590336K), 0.0021369 secs] [Times: user=0.01 sys=0.00, real=0.00 secs] 
2786.083: [GC (Allocation Failure) [PSYoungGen: 62336K->1376K(62464K)] 484637K->423677K(590336K), 0.0024860 secs] [Times: user=0.01 sys=0.00, real=0.01 secs] 
2786.337: [GC (Allocation Failure) [PSYoungGen: 62304K->352K(61952K)] 484605K->423677K(589824K), 0.0023695 secs] [Times: user=0.01 sys=0.00, real=0.00 secs] 
2787.281: [GC (Allocation Failure) [PSYoungGen: 61280K->1472K(62976K)] 484605K->424797K(590848K), 0.0017411 secs] [Times: user=0.00 sys=0.00, real=0.00 secs] 
2787.559: [GC (Allocation Failure) [PSYoungGen: 62400K->1408K(62976K)] 485725K->424733K(590848K), 0.0019667 secs] [Times: user=0.00 sys=0.00, real=0.00 secs] 
2787.812: [GC (Allocation Failure) [PSYoungGen: 62336K->1376K(62976K)] 485661K->424701K(590848K), 0.0021236 secs] [Times: user=0.01 sys=0.00, real=0.01 secs] 
2788.077: [GC (Allocation Failure) [PSYoungGen: 62304K->1408K(62976K)] 485629K->424733K(590848K), 0.0024022 secs] [Times: user=0.01 sys=0.00, real=0.00 secs] 
2789.130: [GC (Allocation Failure) [PSYoungGen: 62336K->1488K(62976K)] 485661K->424813K(590848K), 0.0016513 secs] [Times: user=0.01 sys=0.00, real=0.00 secs] 
2789.400: [GC (Allocation Failure) [PSYoungGen: 62416K->1408K(62976K)] 485741K->424733K(590848K), 0.0017698 secs] [Times: user=0.00 sys=0.00, real=0.00 secs] 
2789.653: [GC (Allocation Failure) [PSYoungGen: 62336K->1376K(62976K)] 485661K->424701K(590848K), 0.0018918 secs] [Times: user=0.01 sys=0.00, real=0.01 secs] 
2789.919: [GC (Allocation Failure) [PSYoungGen: 62304K->1408K(62976K)] 485629K->424733K(590848K), 0.0027863 secs] [Times: user=0.01 sys=0.00, real=0.00 secs] 
2790.324: [GC (Allocation Failure) [PSYoungGen: 62336K->1408K(62976K)] 485661K->424733K(590848K), 0.0033438 secs] [Times: user=0.02 sys=0.00, real=0.01 secs] 
2791.555: [GC (Allocation Failure) [PSYoungGen: 62336K->1440K(62976K)] 485661K->424765K(590848K), 0.0016756 secs] [Times: user=0.00 sys=0.00, real=0.00 secs] 
2791.822: [GC (Allocation Failure) [PSYoungGen: 62368K->1360K(62976K)] 485693K->424701K(590848K), 0.0019744 secs] [Times: user=0.01 sys=0.00, real=0.01 secs] 
2792.100: [GC (Allocation Failure) [PSYoungGen: 62288K->1440K(62976K)] 485629K->424781K(590848K), 0.0029095 secs] [Times: user=0.01 sys=0.00, real=0.00 secs] 
2792.366: [GC (Allocation Failure) [PSYoungGen: 62368K->1376K(62976K)] 485709K->424717K(590848K), 0.0021547 secs] [Times: user=0.01 sys=0.00, real=0.00 secs] 
2793.569: [GC (Allocation Failure) [PSYoungGen: 62301K->96K(62976K)] 485642K->423437K(590848K), 0.0017625 secs] [Times: user=0.01 sys=0.00, real=0.00 secs] 
2794.012: [GC (Allocation Failure) [PSYoungGen: 61024K->1440K(62976K)] 484365K->424781K(590848K), 0.0032790 secs] [Times: user=0.01 sys=0.00, real=0.01 secs] 
2794.264: [GC (Allocation Failure) [PSYoungGen: 62368K->1408K(62976K)] 485709K->424749K(590848K), 0.0023829 secs] [Times: user=0.01 sys=0.00, real=0.01 secs] 
2794.520: [GC (Allocation Failure) [PSYoungGen: 62336K->1376K(62976K)] 485677K->424717K(590848K), 0.0028834 secs] [Times: user=0.01 sys=0.00, real=0.00 secs] 
2794.967: [GC (Allocation Failure) [PSYoungGen: 62304K->1408K(62976K)] 485645K->424749K(590848K), 0.0034067 secs] [Times: user=0.02 sys=0.00, real=0.00 secs] 
2796.193: [GC (Allocation Failure) [PSYoungGen: 62336K->1440K(62976K)] 485677K->424781K(590848K), 0.0029207 secs] [Times: user=0.01 sys=0.00, real=0.01 secs] 
2796.462: [GC (Allocation Failure) [PSYoungGen: 62368K->1408K(62976K)] 485709K->424749K(590848K), 0.0022497 secs] [Times: user=0.01 sys=0.00, real=0.01 secs] 
2796.715: [GC (Allocation Failure) [PSYoungGen: 62336K->1376K(62976K)] 485677K->424717K(590848K), 0.0021773 secs] [Times: user=0.00 sys=0.00, real=0.00 secs] 
2796.968: [GC (Allocation Failure) [PSYoungGen: 62304K->1440K(62976K)] 485645K->424781K(590848K), 0.0021231 secs] [Times: user=0.01 sys=0.00, real=0.00 secs] 
2797.221: [GC (Allocation Failure) [PSYoungGen: 62368K->1376K(62976K)] 485709K->424717K(590848K), 0.0020092 secs] [Times: user=0.01 sys=0.00, real=0.00 secs] 
2798.193: [GC (Allocation Failure) [PSYoungGen: 62304K->1408K(62976K)] 485645K->424749K(590848K), 0.0023176 secs] [Times: user=0.01 sys=0.00, real=0.01 secs] 
2798.446: [GC (Allocation Failure) [PSYoungGen: 62336K->1392K(62976K)] 485677K->424733K(590848K), 0.0019027 secs] [Times: user=0.01 sys=0.00, real=0.00 secs] 
2798.700: [GC (Allocation Failure) [PSYoungGen: 62320K->1424K(62976K)] 485661K->424765K(590848K), 0.0018625 secs] [Times: user=0.00 sys=0.00, real=0.00 secs] 
2798.953: [GC (Allocation Failure) [PSYoungGen: 62352K->1376K(62976K)] 485693K->424717K(590848K), 0.0024935 secs] [Times: user=0.01 sys=0.00, real=0.01 secs] 
2799.945: [GC (Allocation Failure) [PSYoungGen: 62304K->1920K(62976K)] 485645K->425261K(590848K), 0.0020765 secs] [Times: user=0.01 sys=0.00, real=0.00 secs] 
2800.256: [GC (Allocation Failure) [PSYoungGen: 62848K->1376K(62976K)] 486189K->424717K(590848K), 0.0019494 secs] [Times: user=0.01 sys=0.00, real=0.00 secs] 
2800.509: [GC (Allocation Failure) [PSYoungGen: 62304K->1440K(62976K)] 485645K->424781K(590848K), 0.0019626 secs] [Times: user=0.01 sys=0.00, real=0.00 secs] 
2800.762: [GC (Allocation Failure) [PSYoungGen: 62368K->1408K(62976K)] 485709K->424749K(590848K), 0.0019877 secs] [Times: user=0.01 sys=0.00, real=0.01 secs] 
2801.045: [GC (Allocation Failure) [PSYoungGen: 62336K->1408K(62976K)] 485677K->424749K(590848K), 0.0021903 secs] [Times: user=0.01 sys=0.00, real=0.00 secs] 
2802.001: [GC (Allocation Failure) [PSYoungGen: 62336K->1424K(62976K)] 485677K->424781K(590848K), 0.0020784 secs] [Times: user=0.01 sys=0.00, real=0.00 secs] 
2802.289: [GC (Allocation Failure) [PSYoungGen: 62352K->1376K(62976K)] 485709K->424733K(590848K), 0.0019715 secs] [Times: user=0.01 sys=0.00, real=0.00 secs] 
2802.542: [GC (Allocation Failure) [PSYoungGen: 62304K->1408K(62976K)] 485661K->424765K(590848K), 0.0019703 secs] [Times: user=0.00 sys=0.00, real=0.01 secs] 
2802.795: [GC (Allocation Failure) [PSYoungGen: 62336K->1408K(62976K)] 485693K->424765K(590848K), 0.0018233 secs] [Times: user=0.01 sys=0.00, real=0.00 secs] 
2803.207: [GC (Allocation Failure) [PSYoungGen: 62336K->1376K(62976K)] 485693K->424733K(590848K), 0.0021275 secs] [Times: user=0.01 sys=0.00, real=0.00 secs] 
2805.174: [GC (Allocation Failure) [PSYoungGen: 62304K->1440K(62976K)] 485661K->424797K(590848K), 0.0022929 secs] [Times: user=0.01 sys=0.00, real=0.00 secs] 
2806.051: [GC (Allocation Failure) [PSYoungGen: 62368K->1376K(62976K)] 485725K->424733K(590848K), 0.0032619 secs] [Times: user=0.02 sys=0.00, real=0.01 secs] 
2806.713: [GC (Allocation Failure) [PSYoungGen: 62304K->1408K(62976K)] 485661K->424765K(590848K), 0.0037070 secs] [Times: user=0.01 sys=0.00, real=0.01 secs] 
2807.421: [GC (Allocation Failure) [PSYoungGen: 62336K->1408K(62976K)] 485693K->424765K(590848K), 0.0037492 secs] [Times: user=0.01 sys=0.00, real=0.01 secs] 
2809.047: [GC (Allocation Failure) [PSYoungGen: 62336K->1440K(62976K)] 485693K->424797K(590848K), 0.0037143 secs] [Times: user=0.02 sys=0.00, real=0.00 secs] 
2810.116: [GC (Allocation Failure) [PSYoungGen: 62368K->1376K(62976K)] 485725K->424733K(590848K), 0.0040518 secs] [Times: user=0.01 sys=0.00, real=0.00 secs] 
2811.041: [GC (Allocation Failure) [PSYoungGen: 62304K->1344K(62464K)] 485661K->424701K(590336K), 0.0044244 secs] [Times: user=0.02 sys=0.00, real=0.01 secs] 
2811.750: [GC (Allocation Failure) [PSYoungGen: 62272K->1408K(62464K)] 485629K->424765K(590336K), 0.0036588 secs] [Times: user=0.02 sys=0.00, real=0.01 secs] 
2812.336: [GC (Allocation Failure) [PSYoungGen: 62336K->400K(61952K)] 485693K->424781K(589824K), 0.0033302 secs] [Times: user=0.01 sys=0.00, real=0.00 secs] 
2813.775: [GC (Allocation Failure) [PSYoungGen: 61328K->1440K(62976K)] 485709K->425821K(590848K), 0.0031322 secs] [Times: user=0.01 sys=0.00, real=0.00 secs] 
2814.572: [GC (Allocation Failure) [PSYoungGen: 62368K->1376K(62976K)] 486749K->425757K(590848K), 0.0038965 secs] [Times: user=0.01 sys=0.00, real=0.01 secs] 
2815.431: [GC (Allocation Failure) [PSYoungGen: 62304K->1408K(62976K)] 486685K->425789K(590848K), 0.0032324 secs] [Times: user=0.01 sys=0.00, real=0.01 secs] 
2816.105: [GC (Allocation Failure) [PSYoungGen: 62336K->1376K(62976K)] 486717K->425757K(590848K), 0.0040206 secs] [Times: user=0.02 sys=0.00, real=0.00 secs] 
2816.646: [GC (Allocation Failure) [PSYoungGen: 62304K->1376K(62976K)] 486685K->425757K(590848K), 0.0034759 secs] [Times: user=0.02 sys=0.00, real=0.00 secs] 
2818.633: [GC (Allocation Failure) [PSYoungGen: 62304K->1408K(62976K)] 486685K->425789K(590848K), 0.0040879 secs] [Times: user=0.01 sys=0.00, real=0.01 secs] 
2819.468: [GC (Allocation Failure) [PSYoungGen: 62336K->1408K(62976K)] 486717K->425797K(590848K), 0.0040541 secs] [Times: user=0.02 sys=0.00, real=0.00 secs] 
2820.373: [GC (Allocation Failure) [PSYoungGen: 62336K->1344K(62976K)] 486725K->425733K(590848K), 0.0040971 secs] [Times: user=0.02 sys=0.00, real=0.01 secs] 
2821.053: [GC (Allocation Failure) [PSYoungGen: 62272K->1408K(62976K)] 486661K->425797K(590848K), 0.0029265 secs] [Times: user=0.01 sys=0.00, real=0.01 secs] 
2822.785: [GC (Allocation Failure) [PSYoungGen: 62336K->1456K(62976K)] 486725K->425845K(590848K), 0.0029441 secs] [Times: user=0.01 sys=0.00, real=0.00 secs] 
2823.440: [GC (Allocation Failure) [PSYoungGen: 62384K->1408K(62976K)] 486773K->425797K(590848K), 0.0028368 secs] [Times: user=0.01 sys=0.00, real=0.00 secs] 
2824.116: [GC (Allocation Failure) [PSYoungGen: 62336K->1408K(62976K)] 486725K->425797K(590848K), 0.0035119 secs] [Times: user=0.01 sys=0.01, real=0.00 secs] 
2824.674: [GC (Allocation Failure) [PSYoungGen: 62336K->1424K(62976K)] 486725K->425813K(590848K), 0.0029369 secs] [Times: user=0.01 sys=0.00, real=0.00 secs] 
2825.348: [GC (Allocation Failure) [PSYoungGen: 62352K->1376K(62976K)] 486741K->425765K(590848K), 0.0024532 secs] [Times: user=0.01 sys=0.00, real=0.00 secs] 
2826.904: [GC (Allocation Failure) [PSYoungGen: 62304K->1408K(62976K)] 486693K->425797K(590848K), 0.0021218 secs] [Times: user=0.01 sys=0.00, real=0.00 secs] 
2827.730: [GC (Allocation Failure) [PSYoungGen: 62336K->1344K(62976K)] 486725K->425733K(590848K), 0.0040895 secs] [Times: user=0.01 sys=0.00, real=0.01 secs] 
2828.683: [GC (Allocation Failure) [PSYoungGen: 62272K->1440K(62976K)] 486661K->425837K(590848K), 0.0043205 secs] [Times: user=0.01 sys=0.00, real=0.01 secs] 
2829.404: [GC (Allocation Failure) [PSYoungGen: 62368K->1408K(62976K)] 486765K->425805K(590848K), 0.0034926 secs] [Times: user=0.02 sys=0.00, real=0.01 secs] 
2830.880: [GC (Allocation Failure) [PSYoungGen: 62168K->192K(62976K)] 486566K->424589K(590848K), 0.0015740 secs] [Times: user=0.00 sys=0.00, real=0.00 secs] 
2831.300: [GC (Allocation Failure) [PSYoungGen: 61120K->1344K(62976K)] 485517K->425741K(590848K), 0.0019929 secs] [Times: user=0.01 sys=0.00, real=0.00 secs] 
2832.098: [GC (Allocation Failure) [PSYoungGen: 62272K->1408K(62976K)] 486669K->425805K(590848K), 0.0022169 secs] [Times: user=0.01 sys=0.00, real=0.00 secs] 
2832.891: [GC (Allocation Failure) [PSYoungGen: 62336K->1408K(62976K)] 486733K->425805K(590848K), 0.0041686 secs] [Times: user=0.02 sys=0.00, real=0.01 secs] 
2833.872: [GC (Allocation Failure) [PSYoungGen: 62336K->1408K(62976K)] 486733K->425805K(590848K), 0.0034682 secs] [Times: user=0.01 sys=0.00, real=0.01 secs] 
2835.442: [GC (Allocation Failure) [PSYoungGen: 62336K->1424K(62976K)] 486733K->425821K(590848K), 0.0022022 secs] [Times: user=0.01 sys=0.00, real=0.01 secs] 
2835.696: [GC (Allocation Failure) [PSYoungGen: 62352K->1376K(62976K)] 486749K->425773K(590848K), 0.0021937 secs] [Times: user=0.01 sys=0.00, real=0.00 secs] 
2835.950: [GC (Allocation Failure) [PSYoungGen: 62304K->1408K(62976K)] 486701K->425805K(590848K), 0.0022137 secs] [Times: user=0.01 sys=0.00, real=0.00 secs] 
2836.203: [GC (Allocation Failure) [PSYoungGen: 62336K->1376K(62976K)] 486733K->425773K(590848K), 0.0019721 secs] [Times: user=0.01 sys=0.00, real=0.01 secs] 
2836.456: [GC (Allocation Failure) [PSYoungGen: 62304K->1424K(62976K)] 486701K->425829K(590848K), 0.0019279 secs] [Times: user=0.01 sys=0.00, real=0.00 secs] 
2838.155: [GC (Allocation Failure) [PSYoungGen: 62352K->1408K(62976K)] 486757K->425813K(590848K), 0.0034190 secs] [Times: user=0.01 sys=0.00, real=0.00 secs] 
2839.163: [GC (Allocation Failure) [PSYoungGen: 62336K->1408K(62976K)] 486741K->425813K(590848K), 0.0035653 secs] [Times: user=0.01 sys=0.00, real=0.01 secs] 
2840.088: [GC (Allocation Failure) [PSYoungGen: 62336K->1408K(62976K)] 486741K->425813K(590848K), 0.0041865 secs] [Times: user=0.02 sys=0.01, real=0.00 secs] 
2840.814: [GC (Allocation Failure) [PSYoungGen: 62336K->1408K(62976K)] 486741K->425813K(590848K), 0.0031001 secs] [Times: user=0.01 sys=0.00, real=0.01 secs] 
2842.625: [GC (Allocation Failure) [PSYoungGen: 62336K->1968K(62976K)] 486741K->426373K(590848K), 0.0018606 secs] [Times: user=0.00 sys=0.00, real=0.00 secs] 
2843.282: [GC (Allocation Failure) [PSYoungGen: 62896K->1440K(62976K)] 487301K->425845K(590848K), 0.0019338 secs] [Times: user=0.00 sys=0.00, real=0.01 secs] 
2843.818: [GC (Allocation Failure) [PSYoungGen: 62368K->1376K(62976K)] 486773K->425781K(590848K), 0.0033951 secs] [Times: user=0.01 sys=0.00, real=0.00 secs] 
2844.390: [GC (Allocation Failure) [PSYoungGen: 62304K->1408K(62976K)] 486709K->425813K(590848K), 0.0028897 secs] [Times: user=0.01 sys=0.00, real=0.00 secs] 
2845.409: [GC (Allocation Failure) [PSYoungGen: 62336K->1376K(62976K)] 486741K->425781K(590848K), 0.0041356 secs] [Times: user=0.01 sys=0.00, real=0.00 secs] 
2846.928: [GC (Allocation Failure) [PSYoungGen: 62304K->1424K(62976K)] 486709K->425829K(590848K), 0.0020065 secs] [Times: user=0.00 sys=0.01, real=0.00 secs] 
2847.187: [GC (Allocation Failure) [PSYoungGen: 62352K->1408K(62976K)] 486757K->425821K(590848K), 0.0021252 secs] [Times: user=0.01 sys=0.00, real=0.00 secs] 
2847.440: [GC (Allocation Failure) [PSYoungGen: 62336K->1408K(62976K)] 486749K->425821K(590848K), 0.0026103 secs] [Times: user=0.01 sys=0.00, real=0.00 secs] 
2847.695: [GC (Allocation Failure) [PSYoungGen: 62336K->1376K(62976K)] 486749K->425789K(590848K), 0.0021890 secs] [Times: user=0.01 sys=0.00, real=0.00 secs] 
2848.091: [GC (Allocation Failure) [PSYoungGen: 62304K->1440K(62976K)] 486717K->425853K(590848K), 0.0027244 secs] [Times: user=0.01 sys=0.00, real=0.01 secs] 
2849.751: [GC (Allocation Failure) [PSYoungGen: 62368K->1440K(62976K)] 486781K->425853K(590848K), 0.0028937 secs] [Times: user=0.01 sys=0.00, real=0.00 secs] 
2850.700: [GC (Allocation Failure) [PSYoungGen: 62368K->1376K(62976K)] 486781K->425797K(590848K), 0.0030792 secs] [Times: user=0.01 sys=0.00, real=0.00 secs] 
2851.686: [GC (Allocation Failure) [PSYoungGen: 62304K->1376K(62976K)] 486725K->425797K(590848K), 0.0040702 secs] [Times: user=0.01 sys=0.00, real=0.00 secs] 
2852.059: [GC (Allocation Failure) [PSYoungGen: 62304K->1376K(62976K)] 486725K->425797K(590848K), 0.0026362 secs] [Times: user=0.01 sys=0.00, real=0.00 secs] 
2853.224: [GC (Allocation Failure) [PSYoungGen: 62304K->1440K(62976K)] 486725K->425861K(590848K), 0.0017836 secs] [Times: user=0.01 sys=0.00, real=0.00 secs] 
2854.009: [GC (Allocation Failure) [PSYoungGen: 62368K->1376K(62976K)] 486789K->425805K(590848K), 0.0023377 secs] [Times: user=0.00 sys=0.00, real=0.00 secs] 
2854.707: [GC (Allocation Failure) [PSYoungGen: 62304K->1408K(62976K)] 486733K->425837K(590848K), 0.0040582 secs] [Times: user=0.02 sys=0.00, real=0.00 secs] 
2855.422: [GC (Allocation Failure) [PSYoungGen: 62336K->1376K(62464K)] 486765K->425805K(590336K), 0.0032666 secs] [Times: user=0.02 sys=0.00, real=0.01 secs] 
2855.907: [GC (Allocation Failure) [PSYoungGen: 62304K->1408K(62464K)] 486733K->425837K(590336K), 0.0030493 secs] [Times: user=0.01 sys=0.00, real=0.00 secs] 
2857.258: [GC (Allocation Failure) [PSYoungGen: 62336K->416K(61952K)] 486765K->425877K(589824K), 0.0021927 secs] [Times: user=0.01 sys=0.00, real=0.00 secs] 
2857.609: [GC (Allocation Failure) [PSYoungGen: 61344K->352K(62976K)] 486805K->425813K(590848K), 0.0021456 secs] [Times: user=0.01 sys=0.00, real=0.00 secs] 
2857.880: [GC (Allocation Failure) [PSYoungGen: 61280K->384K(62976K)] 486741K->425845K(590848K), 0.0020811 secs] [Times: user=0.01 sys=0.00, real=0.00 secs] 
2858.208: [GC (Allocation Failure) [PSYoungGen: 61312K->352K(62976K)] 486773K->425813K(590848K), 0.0020966 secs] [Times: user=0.01 sys=0.00, real=0.00 secs] 
2858.703: [GC (Allocation Failure) [PSYoungGen: 61280K->352K(62976K)] 486741K->425813K(590848K), 0.0020114 secs] [Times: user=0.01 sys=0.00, real=0.01 secs] 
2860.516: [GC (Allocation Failure) [PSYoungGen: 61280K->1408K(62976K)] 486741K->426869K(590848K), 0.0018508 secs] [Times: user=0.01 sys=0.00, real=0.00 secs] 
2861.499: [GC (Allocation Failure) [PSYoungGen: 62336K->1408K(62464K)] 487797K->426869K(590336K), 0.0019618 secs] [Times: user=0.01 sys=0.00, real=0.00 secs] 
2862.209: [GC (Allocation Failure) [PSYoungGen: 61824K->1408K(62976K)] 487285K->426869K(590848K), 0.0020103 secs] [Times: user=0.01 sys=0.00, real=0.00 secs] 
2862.745: [GC (Allocation Failure) [PSYoungGen: 61824K->1408K(62976K)] 487285K->426869K(590848K), 0.0019983 secs] [Times: user=0.01 sys=0.00, real=0.00 secs] 
2863.991: [GC (Allocation Failure) [PSYoungGen: 61824K->1424K(62976K)] 487285K->426885K(590848K), 0.0019755 secs] [Times: user=0.01 sys=0.00, real=0.00 secs] 
2864.744: [GC (Allocation Failure) [PSYoungGen: 61840K->1440K(62976K)] 487301K->426901K(590848K), 0.0046350 secs] [Times: user=0.01 sys=0.00, real=0.00 secs] 
2865.484: [GC (Allocation Failure) [PSYoungGen: 61856K->1376K(62976K)] 487317K->426837K(590848K), 0.0042258 secs] [Times: user=0.02 sys=0.00, real=0.00 secs] 
2866.156: [GC (Allocation Failure) [PSYoungGen: 61792K->1376K(62976K)] 487253K->426845K(590848K), 0.0035365 secs] [Times: user=0.01 sys=0.00, real=0.00 secs] 
2866.804: [GC (Allocation Failure) [PSYoungGen: 61792K->1312K(61952K)] 487261K->426781K(589824K), 0.0040614 secs] [Times: user=0.01 sys=0.00, real=0.01 secs] 
2868.057: [GC (Allocation Failure) [PSYoungGen: 61728K->1440K(62464K)] 487197K->426909K(590336K), 0.0026280 secs] [Times: user=0.01 sys=0.00, real=0.00 secs] 
2868.589: [GC (Allocation Failure) [PSYoungGen: 61856K->1376K(62464K)] 487325K->426845K(590336K), 0.0026154 secs] [Times: user=0.01 sys=0.00, real=0.00 secs] 
2869.395: [GC (Allocation Failure) [PSYoungGen: 61792K->1408K(62464K)] 487261K->426877K(590336K), 0.0029106 secs] [Times: user=0.01 sys=0.00, real=0.00 secs] 
2870.201: [GC (Allocation Failure) [PSYoungGen: 61824K->1344K(62464K)] 487293K->426813K(590336K), 0.0041036 secs] [Times: user=0.02 sys=0.01, real=0.01 secs] 
2871.094: [GC (Allocation Failure) [PSYoungGen: 61760K->1360K(62464K)] 487229K->426829K(590336K), 0.0034697 secs] [Times: user=0.01 sys=0.00, real=0.00 secs] 
2872.505: [GC (Allocation Failure) [PSYoungGen: 61776K->1408K(62464K)] 487245K->426877K(590336K), 0.0020044 secs] [Times: user=0.00 sys=0.00, real=0.00 secs] 
2873.396: [GC (Allocation Failure) [PSYoungGen: 61824K->1376K(62464K)] 487293K->426845K(590336K), 0.0038349 secs] [Times: user=0.02 sys=0.00, real=0.00 secs] 
2873.975: [GC (Allocation Failure) [PSYoungGen: 61792K->1408K(62464K)] 487261K->426877K(590336K), 0.0032834 secs] [Times: user=0.01 sys=0.00, real=0.00 secs] 
2874.570: [GC (Allocation Failure) [PSYoungGen: 61824K->1440K(62464K)] 487293K->426909K(590336K), 0.0035651 secs] [Times: user=0.01 sys=0.00, real=0.01 secs] 
2876.214: [GC (Allocation Failure) [PSYoungGen: 61856K->1440K(62464K)] 487325K->426909K(590336K), 0.0018906 secs] [Times: user=0.01 sys=0.00, real=0.00 secs] 
2876.465: [GC (Allocation Failure) [PSYoungGen: 61856K->1408K(62464K)] 487325K->426877K(590336K), 0.0019667 secs] [Times: user=0.01 sys=0.00, real=0.00 secs] 
2876.717: [GC (Allocation Failure) [PSYoungGen: 61824K->1392K(62464K)] 487293K->426869K(590336K), 0.0019373 secs] [Times: user=0.01 sys=0.00, real=0.00 secs] 
2877.093: [GC (Allocation Failure) [PSYoungGen: 61808K->1344K(62464K)] 487285K->426821K(590336K), 0.0042240 secs] [Times: user=0.01 sys=0.00, real=0.01 secs] 
2877.597: [GC (Allocation Failure) [PSYoungGen: 61760K->1408K(62464K)] 487237K->426885K(590336K), 0.0032575 secs] [Times: user=0.01 sys=0.00, real=0.00 secs] 
2878.725: [GC (Allocation Failure) [PSYoungGen: 61824K->1392K(62464K)] 487301K->426869K(590336K), 0.0017659 secs] [Times: user=0.01 sys=0.00, real=0.00 secs] 
2878.995: [GC (Allocation Failure) [PSYoungGen: 61808K->1392K(62464K)] 487285K->426877K(590336K), 0.0017783 secs] [Times: user=0.01 sys=0.00, real=0.00 secs] 
2879.246: [GC (Allocation Failure) [PSYoungGen: 61808K->1408K(62464K)] 487293K->426893K(590336K), 0.0018383 secs] [Times: user=0.01 sys=0.00, real=0.00 secs] 
2879.537: [GC (Allocation Failure) [PSYoungGen: 61824K->1408K(62464K)] 487309K->426893K(590336K), 0.0018971 secs] [Times: user=0.01 sys=0.00, real=0.00 secs] 
2879.870: [GC (Allocation Failure) [PSYoungGen: 61824K->1408K(62464K)] 487309K->426893K(590336K), 0.0019342 secs] [Times: user=0.00 sys=0.00, real=0.00 secs] 
2881.285: [GC (Allocation Failure) [PSYoungGen: 61824K->1424K(62464K)] 487309K->426909K(590336K), 0.0021735 secs] [Times: user=0.01 sys=0.00, real=0.00 secs] 
2881.790: [GC (Allocation Failure) [PSYoungGen: 61840K->1440K(62464K)] 487325K->426925K(590336K), 0.0022323 secs] [Times: user=0.01 sys=0.00, real=0.00 secs] 
2882.415: [GC (Allocation Failure) [PSYoungGen: 61856K->1376K(62464K)] 487341K->426861K(590336K), 0.0022469 secs] [Times: user=0.01 sys=0.00, real=0.00 secs] 
2883.186: [GC (Allocation Failure) [PSYoungGen: 61792K->1392K(62464K)] 487277K->426877K(590336K), 0.0029328 secs] [Times: user=0.01 sys=0.00, real=0.00 secs] 
2884.680: [GC (Allocation Failure) [PSYoungGen: 61808K->1952K(62464K)] 487293K->427445K(590336K), 0.0017970 secs] [Times: user=0.01 sys=0.00, real=0.00 secs] 
2885.032: [GC (Allocation Failure) [PSYoungGen: 62368K->1376K(62464K)] 487861K->426869K(590336K), 0.0021675 secs] [Times: user=0.01 sys=0.00, real=0.01 secs] 
2885.347: [GC (Allocation Failure) [PSYoungGen: 61792K->1408K(62464K)] 487285K->426901K(590336K), 0.0021173 secs] [Times: user=0.01 sys=0.00, real=0.00 secs] 
2885.643: [GC (Allocation Failure) [PSYoungGen: 61824K->1440K(62464K)] 487317K->426933K(590336K), 0.0021102 secs] [Times: user=0.01 sys=0.00, real=0.01 secs] 
2885.924: [GC (Allocation Failure) [PSYoungGen: 61856K->1408K(62464K)] 487349K->426901K(590336K), 0.0021357 secs] [Times: user=0.01 sys=0.00, real=0.01 secs] 
2887.014: [GC (Allocation Failure) [PSYoungGen: 61824K->1408K(62464K)] 487317K->426901K(590336K), 0.0019259 secs] [Times: user=0.00 sys=0.00, real=0.00 secs] 
2887.265: [GC (Allocation Failure) [PSYoungGen: 61824K->1408K(62464K)] 487317K->426901K(590336K), 0.0017600 secs] [Times: user=0.01 sys=0.00, real=0.00 secs] 
2887.622: [GC (Allocation Failure) [PSYoungGen: 61824K->1376K(62464K)] 487317K->426869K(590336K), 0.0018148 secs] [Times: user=0.00 sys=0.00, real=0.00 secs] 
2888.028: [GC (Allocation Failure) [PSYoungGen: 61792K->1408K(62464K)] 487285K->426901K(590336K), 0.0021489 secs] [Times: user=0.01 sys=0.00, real=0.00 secs] 
2888.475: [GC (Allocation Failure) [PSYoungGen: 61824K->1440K(62464K)] 487317K->426933K(590336K), 0.0021673 secs] [Times: user=0.01 sys=0.00, real=0.00 secs] 
2889.641: [GC (Allocation Failure) [PSYoungGen: 61856K->1456K(62464K)] 487349K->426949K(590336K), 0.0019145 secs] [Times: user=0.00 sys=0.00, real=0.00 secs] 
2890.316: [GC (Allocation Failure) [PSYoungGen: 61872K->1408K(62464K)] 487365K->426901K(590336K), 0.0044876 secs] [Times: user=0.01 sys=0.00, real=0.00 secs] 
2891.134: [GC (Allocation Failure) [PSYoungGen: 61824K->1376K(62464K)] 487317K->426869K(590336K), 0.0041349 secs] [Times: user=0.02 sys=0.00, real=0.00 secs] 
2891.935: [GC (Allocation Failure) [PSYoungGen: 61792K->1424K(62464K)] 487285K->426925K(590336K), 0.0041512 secs] [Times: user=0.02 sys=0.00, real=0.00 secs] 
2893.497: [GC (Allocation Failure) [PSYoungGen: 61840K->1936K(62464K)] 487341K->427437K(590336K), 0.0018865 secs] [Times: user=0.01 sys=0.00, real=0.00 secs] 
2894.233: [GC (Allocation Failure) [PSYoungGen: 62352K->1376K(62464K)] 487853K->426893K(590336K), 0.0043038 secs] [Times: user=0.02 sys=0.00, real=0.01 secs] 
2894.640: [GC (Allocation Failure) [PSYoungGen: 61792K->1312K(62464K)] 487309K->426829K(590336K), 0.0023063 secs] [Times: user=0.01 sys=0.00, real=0.00 secs] 
2894.906: [GC (Allocation Failure) [PSYoungGen: 61728K->1408K(62464K)] 487245K->426925K(590336K), 0.0021434 secs] [Times: user=0.01 sys=0.00, real=0.00 secs] 
2895.222: [GC (Allocation Failure) [PSYoungGen: 61824K->1440K(62464K)] 487341K->426957K(590336K), 0.0019033 secs] [Times: user=0.01 sys=0.00, real=0.01 secs] 
2896.467: [GC (Allocation Failure) [PSYoungGen: 61856K->1440K(62464K)] 487373K->426957K(590336K), 0.0019779 secs] [Times: user=0.00 sys=0.00, real=0.00 secs] 
2897.083: [GC (Allocation Failure) [PSYoungGen: 61856K->1408K(62464K)] 487373K->426933K(590336K), 0.0023889 secs] [Times: user=0.01 sys=0.00, real=0.01 secs] 
2897.336: [GC (Allocation Failure) [PSYoungGen: 61824K->1376K(62464K)] 487349K->426901K(590336K), 0.0023190 secs] [Times: user=0.01 sys=0.00, real=0.00 secs] 
2897.617: [GC (Allocation Failure) [PSYoungGen: 61792K->1408K(62464K)] 487317K->426933K(590336K), 0.0023554 secs] [Times: user=0.01 sys=0.00, real=0.00 secs] 
2897.868: [GC (Allocation Failure) [PSYoungGen: 61824K->1408K(62464K)] 487349K->426933K(590336K), 0.0020927 secs] [Times: user=0.01 sys=0.00, real=0.00 secs] 
2899.487: [GC (Allocation Failure) [PSYoungGen: 61824K->1440K(62464K)] 487349K->426965K(590336K), 0.0041278 secs] [Times: user=0.02 sys=0.00, real=0.00 secs] 
2900.471: [GC (Allocation Failure) [PSYoungGen: 61856K->1376K(62464K)] 487381K->426909K(590336K), 0.0033264 secs] [Times: user=0.01 sys=0.00, real=0.01 secs] 
2900.962: [GC (Allocation Failure) [PSYoungGen: 61792K->1440K(62464K)] 487325K->426981K(590336K), 0.0027038 secs] [Times: user=0.01 sys=0.00, real=0.01 secs] 
2901.615: [GC (Allocation Failure) [PSYoungGen: 61856K->1408K(62464K)] 487397K->426949K(590336K), 0.0032643 secs] [Times: user=0.01 sys=0.00, real=0.00 secs] 
2903.111: [GC (Allocation Failure) [PSYoungGen: 61824K->1952K(62464K)] 487365K->427493K(590336K), 0.0017246 secs] [Times: user=0.01 sys=0.00, real=0.00 secs] 
2903.534: [GC (Allocation Failure) [PSYoungGen: 62368K->1408K(62464K)] 487909K->426949K(590336K), 0.0017664 secs] [Times: user=0.01 sys=0.00, real=0.01 secs] 
2904.056: [GC (Allocation Failure) [PSYoungGen: 61824K->1376K(62464K)] 487365K->426917K(590336K), 0.0023870 secs] [Times: user=0.01 sys=0.00, real=0.00 secs] 
2904.683: [GC (Allocation Failure) [PSYoungGen: 61792K->1440K(62464K)] 487333K->426989K(590336K), 0.0025056 secs] [Times: user=0.01 sys=0.00, real=0.01 secs] 
2905.300: [GC (Allocation Failure) [PSYoungGen: 61856K->1408K(62464K)] 487405K->426957K(590336K), 0.0035135 secs] [Times: user=0.01 sys=0.00, real=0.00 secs] 
2907.023: [GC (Allocation Failure) [PSYoungGen: 61824K->1424K(62464K)] 487373K->426973K(590336K), 0.0019857 secs] [Times: user=0.01 sys=0.00, real=0.01 secs] 
2907.275: [GC (Allocation Failure) [PSYoungGen: 61840K->1328K(62464K)] 487389K->426877K(590336K), 0.0020980 secs] [Times: user=0.01 sys=0.00, real=0.00 secs] 
2907.527: [GC (Allocation Failure) [PSYoungGen: 61744K->1408K(62464K)] 487293K->426957K(590336K), 0.0019968 secs] [Times: user=0.01 sys=0.00, real=0.00 secs] 
2907.822: [GC (Allocation Failure) [PSYoungGen: 61824K->1408K(62464K)] 487373K->426957K(590336K), 0.0019722 secs] [Times: user=0.00 sys=0.00, real=0.01 secs] 
2908.132: [GC (Allocation Failure) [PSYoungGen: 61824K->1376K(62464K)] 487373K->426925K(590336K), 0.0020127 secs] [Times: user=0.01 sys=0.00, real=0.01 secs] 
2910.012: [GC (Allocation Failure) [PSYoungGen: 61792K->1456K(62464K)] 487341K->427005K(590336K), 0.0027304 secs] [Times: user=0.01 sys=0.00, real=0.01 secs] 
2911.095: [GC (Allocation Failure) [PSYoungGen: 61872K->1376K(62464K)] 487421K->426925K(590336K), 0.0035011 secs] [Times: user=0.01 sys=0.00, real=0.00 secs] 
2911.669: [GC (Allocation Failure) [PSYoungGen: 61792K->1408K(62464K)] 487341K->426957K(590336K), 0.0034550 secs] [Times: user=0.01 sys=0.00, real=0.00 secs] 
2912.276: [GC (Allocation Failure) [PSYoungGen: 61824K->1440K(62464K)] 487373K->426989K(590336K), 0.0032934 secs] [Times: user=0.01 sys=0.00, real=0.00 secs] 
2913.493: [GC (Allocation Failure) [PSYoungGen: 61856K->1568K(62464K)] 487405K->427117K(590336K), 0.0018022 secs] [Times: user=0.00 sys=0.00, real=0.01 secs] 
2913.743: [GC (Allocation Failure) [PSYoungGen: 61984K->1424K(62464K)] 487533K->426973K(590336K), 0.0017434 secs] [Times: user=0.01 sys=0.00, real=0.01 secs] 
2913.994: [GC (Allocation Failure) [PSYoungGen: 61840K->1392K(62464K)] 487389K->426941K(590336K), 0.0019015 secs] [Times: user=0.01 sys=0.00, real=0.00 secs] 
2914.299: [GC (Allocation Failure) [PSYoungGen: 61808K->1440K(62464K)] 487357K->426989K(590336K), 0.0021373 secs] [Times: user=0.01 sys=0.00, real=0.00 secs] 
2914.803: [GC (Allocation Failure) [PSYoungGen: 61856K->1408K(62464K)] 487405K->426965K(590336K), 0.0034206 secs] [Times: user=0.01 sys=0.00, real=0.01 secs] 
2916.152: [GC (Allocation Failure) [PSYoungGen: 61824K->1408K(62464K)] 487381K->426965K(590336K), 0.0021225 secs] [Times: user=0.01 sys=0.00, real=0.01 secs] 
2916.829: [GC (Allocation Failure) [PSYoungGen: 61824K->1392K(62464K)] 487381K->426949K(590336K), 0.0021549 secs] [Times: user=0.01 sys=0.00, real=0.00 secs] 
2917.431: [GC (Allocation Failure) [PSYoungGen: 61808K->1376K(62464K)] 487365K->426933K(590336K), 0.0024183 secs] [Times: user=0.01 sys=0.00, real=0.00 secs] 
2917.886: [GC (Allocation Failure) [PSYoungGen: 61792K->1424K(61952K)] 487349K->426981K(589824K), 0.0027745 secs] [Times: user=0.01 sys=0.00, real=0.00 secs] 
2918.617: [GC (Allocation Failure) [PSYoungGen: 61840K->1424K(61952K)] 487397K->426981K(589824K), 0.0027534 secs] [Times: user=0.01 sys=0.00, real=0.00 secs] 
2920.398: [GC (Allocation Failure) [PSYoungGen: 61840K->1408K(61952K)] 487397K->426965K(589824K), 0.0035399 secs] [Times: user=0.02 sys=0.00, real=0.00 secs] 
2921.310: [GC (Allocation Failure) [PSYoungGen: 61824K->1392K(61952K)] 487381K->426949K(589824K), 0.0085698 secs] [Times: user=0.03 sys=0.00, real=0.01 secs] 
2921.941: [GC (Allocation Failure) [PSYoungGen: 61808K->1376K(61952K)] 487365K->426933K(589824K), 0.0031897 secs] [Times: user=0.01 sys=0.00, real=0.01 secs] 
2922.972: [GC (Allocation Failure) [PSYoungGen: 61792K->1376K(61952K)] 487349K->426933K(589824K), 0.0040963 secs] [Times: user=0.02 sys=0.00, real=0.01 secs] 
2924.604: [GC (Allocation Failure) [PSYoungGen: 61792K->1280K(61952K)] 487349K->426837K(589824K), 0.0016149 secs] [Times: user=0.00 sys=0.00, real=0.00 secs] 
2925.544: [GC (Allocation Failure) [PSYoungGen: 61696K->1344K(61952K)] 487253K->426901K(589824K), 0.0032470 secs] [Times: user=0.02 sys=0.00, real=0.00 secs] 
2926.058: [GC (Allocation Failure) [PSYoungGen: 61760K->1376K(61952K)] 487317K->426933K(589824K), 0.0032260 secs] [Times: user=0.02 sys=0.00, real=0.00 secs] 
2926.715: [GC (Allocation Failure) [PSYoungGen: 61792K->1376K(61952K)] 487349K->426933K(589824K), 0.0047407 secs] [Times: user=0.02 sys=0.00, real=0.00 secs] 
2927.437: [GC (Allocation Failure) [PSYoungGen: 61792K->1376K(61952K)] 487349K->426933K(589824K), 0.0040002 secs] [Times: user=0.02 sys=0.00, real=0.00 secs] 
2928.923: [GC (Allocation Failure) [PSYoungGen: 61792K->1472K(61952K)] 487349K->427037K(589824K), 0.0023898 secs] [Times: user=0.01 sys=0.00, real=0.01 secs] 
2929.559: [GC (Allocation Failure) [PSYoungGen: 61888K->1408K(61952K)] 487453K->426973K(589824K), 0.0037717 secs] [Times: user=0.02 sys=0.00, real=0.00 secs] 
2930.146: [GC (Allocation Failure) [PSYoungGen: 61824K->1392K(61952K)] 487389K->426957K(589824K), 0.0034651 secs] [Times: user=0.02 sys=0.00, real=0.00 secs] 
2930.695: [GC (Allocation Failure) [PSYoungGen: 61808K->1408K(61952K)] 487373K->426973K(589824K), 0.0040190 secs] [Times: user=0.02 sys=0.00, real=0.00 secs] 
2931.266: [GC (Allocation Failure) [PSYoungGen: 61824K->1376K(61952K)] 487389K->426941K(589824K), 0.0034588 secs] [Times: user=0.01 sys=0.00, real=0.00 secs] 
2932.358: [GC (Allocation Failure) [PSYoungGen: 61792K->1424K(61952K)] 487357K->426989K(589824K), 0.0018068 secs] [Times: user=0.01 sys=0.00, real=0.00 secs] 
2932.608: [GC (Allocation Failure) [PSYoungGen: 61840K->1408K(61952K)] 487405K->426973K(589824K), 0.0018274 secs] [Times: user=0.01 sys=0.00, real=0.00 secs] 
2932.859: [GC (Allocation Failure) [PSYoungGen: 61824K->1376K(61952K)] 487389K->426941K(589824K), 0.0017508 secs] [Times: user=0.01 sys=0.00, real=0.00 secs] 
2933.109: [GC (Allocation Failure) [PSYoungGen: 61792K->1408K(61952K)] 487357K->426973K(589824K), 0.0019319 secs] [Times: user=0.00 sys=0.00, real=0.00 secs] 
2934.144: [GC (Allocation Failure) [PSYoungGen: 61824K->272K(61952K)] 487389K->425837K(589824K), 0.0015492 secs] [Times: user=0.01 sys=0.00, real=0.00 secs] 
2934.801: [GC (Allocation Failure) [PSYoungGen: 60688K->1408K(62464K)] 486253K->426981K(590336K), 0.0036369 secs] [Times: user=0.02 sys=0.00, real=0.01 secs] 
2935.300: [GC (Allocation Failure) [PSYoungGen: 61824K->1360K(62464K)] 487397K->426933K(590336K), 0.0024446 secs] [Times: user=0.01 sys=0.00, real=0.00 secs] 
2935.689: [GC (Allocation Failure) [PSYoungGen: 61776K->1408K(62464K)] 487349K->426981K(590336K), 0.0025022 secs] [Times: user=0.01 sys=0.00, real=0.00 secs] 
2936.120: [GC (Allocation Failure) [PSYoungGen: 61824K->1408K(62464K)] 487397K->426981K(590336K), 0.0035979 secs] [Times: user=0.02 sys=0.00, real=0.01 secs] 
2937.335: [GC (Allocation Failure) [PSYoungGen: 61824K->1440K(62464K)] 487397K->427013K(590336K), 0.0020380 secs] [Times: user=0.01 sys=0.00, real=0.00 secs] 
2937.701: [GC (Allocation Failure) [PSYoungGen: 61856K->1440K(62464K)] 487429K->427013K(590336K), 0.0022118 secs] [Times: user=0.01 sys=0.00, real=0.00 secs] 
2937.994: [GC (Allocation Failure) [PSYoungGen: 61856K->1408K(62464K)] 487429K->426981K(590336K), 0.0022565 secs] [Times: user=0.01 sys=0.00, real=0.00 secs] 
2938.362: [GC (Allocation Failure) [PSYoungGen: 61824K->1376K(62464K)] 487397K->426949K(590336K), 0.0023661 secs] [Times: user=0.01 sys=0.00, real=0.01 secs] 
2938.890: [GC (Allocation Failure) [PSYoungGen: 61792K->1440K(62464K)] 487365K->427013K(590336K), 0.0019229 secs] [Times: user=0.01 sys=0.00, real=0.00 secs] 
2940.428: [GC (Allocation Failure) [PSYoungGen: 61856K->1440K(62464K)] 487429K->427013K(590336K), 0.0024787 secs] [Times: user=0.01 sys=0.00, real=0.00 secs] 
2941.279: [GC (Allocation Failure) [PSYoungGen: 61856K->1408K(62464K)] 487429K->426981K(590336K), 0.0034872 secs] [Times: user=0.01 sys=0.00, real=0.00 secs] 
2941.742: [GC (Allocation Failure) [PSYoungGen: 61824K->1360K(62464K)] 487397K->426933K(590336K), 0.0038354 secs] [Times: user=0.02 sys=0.00, real=0.01 secs] 
2942.143: [GC (Allocation Failure) [PSYoungGen: 61776K->1408K(62464K)] 487349K->426981K(590336K), 0.0024524 secs] [Times: user=0.01 sys=0.00, real=0.01 secs] 
2942.479: [GC (Allocation Failure) [PSYoungGen: 61816K->240K(62464K)] 487390K->425813K(590336K), 0.0020682 secs] [Times: user=0.00 sys=0.01, real=0.00 secs] 
2943.889: [GC (Allocation Failure) [PSYoungGen: 60656K->1472K(62464K)] 486229K->427045K(590336K), 0.0044265 secs] [Times: user=0.02 sys=0.00, real=0.00 secs] 
2944.310: [GC (Allocation Failure) [PSYoungGen: 61888K->1408K(62464K)] 487461K->426997K(590336K), 0.0022077 secs] [Times: user=0.01 sys=0.00, real=0.00 secs] 
2944.729: [GC (Allocation Failure) [PSYoungGen: 61824K->1440K(62464K)] 487413K->427029K(590336K), 0.0041581 secs] [Times: user=0.01 sys=0.00, real=0.00 secs] 
2945.157: [GC (Allocation Failure) [PSYoungGen: 61856K->1408K(62464K)] 487445K->426997K(590336K), 0.0029197 secs] [Times: user=0.02 sys=0.00, real=0.00 secs] 
2946.355: [GC (Allocation Failure) [PSYoungGen: 61824K->1440K(62464K)] 487413K->427029K(590336K), 0.0020229 secs] [Times: user=0.01 sys=0.00, real=0.00 secs] 
2946.606: [GC (Allocation Failure) [PSYoungGen: 61856K->1376K(62464K)] 487445K->426965K(590336K), 0.0019434 secs] [Times: user=0.01 sys=0.00, real=0.00 secs] 
2946.858: [GC (Allocation Failure) [PSYoungGen: 61792K->1376K(62464K)] 487381K->426965K(590336K), 0.0018948 secs] [Times: user=0.00 sys=0.00, real=0.00 secs] 
2947.203: [GC (Allocation Failure) [PSYoungGen: 61792K->1376K(62464K)] 487381K->426965K(590336K), 0.0022073 secs] [Times: user=0.01 sys=0.00, real=0.01 secs] 
2947.456: [GC (Allocation Failure) [PSYoungGen: 61792K->1408K(62464K)] 487381K->426997K(590336K), 0.0022267 secs] [Times: user=0.01 sys=0.00, real=0.00 secs] 
2949.474: [GC (Allocation Failure) [PSYoungGen: 61824K->1376K(62464K)] 487413K->426965K(590336K), 0.0040650 secs] [Times: user=0.02 sys=0.00, real=0.01 secs] 
2950.886: [GC (Allocation Failure) [PSYoungGen: 61792K->1376K(62464K)] 487381K->426965K(590336K), 0.0042353 secs] [Times: user=0.01 sys=0.00, real=0.00 secs] 
2951.417: [GC (Allocation Failure) [PSYoungGen: 61792K->1408K(62464K)] 487381K->426997K(590336K), 0.0028242 secs] [Times: user=0.01 sys=0.00, real=0.00 secs] 
2951.660: [GC (Allocation Failure) [PSYoungGen: 61824K->1408K(62464K)] 487413K->426997K(590336K), 0.0020848 secs] [Times: user=0.01 sys=0.00, real=0.00 secs] 
2951.913: [GC (Allocation Failure) [PSYoungGen: 61824K->1408K(62464K)] 487413K->426997K(590336K), 0.0018924 secs] [Times: user=0.01 sys=0.00, real=0.01 secs] 
2952.865: [GC (Allocation Failure) [PSYoungGen: 61824K->1424K(62464K)] 487413K->427013K(590336K), 0.0018380 secs] [Times: user=0.01 sys=0.00, real=0.00 secs] 
2953.116: [GC (Allocation Failure) [PSYoungGen: 61840K->1408K(62464K)] 487429K->426997K(590336K), 0.0017669 secs] [Times: user=0.01 sys=0.00, real=0.00 secs] 
2953.366: [GC (Allocation Failure) [PSYoungGen: 61824K->1408K(62464K)] 487413K->426997K(590336K), 0.0018267 secs] [Times: user=0.01 sys=0.00, real=0.00 secs] 
2953.617: [GC (Allocation Failure) [PSYoungGen: 61824K->1376K(62464K)] 487413K->426989K(590336K), 0.0019351 secs] [Times: user=0.01 sys=0.00, real=0.00 secs] 
2955.032: [GC (Allocation Failure) [PSYoungGen: 61792K->1408K(62464K)] 487405K->427021K(590336K), 0.0035189 secs] [Times: user=0.01 sys=0.00, real=0.01 secs] 
2955.716: [GC (Allocation Failure) [PSYoungGen: 61824K->1408K(62464K)] 487437K->427021K(590336K), 0.0024808 secs] [Times: user=0.01 sys=0.00, real=0.00 secs] 
2956.021: [GC (Allocation Failure) [PSYoungGen: 61824K->1408K(62464K)] 487437K->427021K(590336K), 0.0021938 secs] [Times: user=0.01 sys=0.00, real=0.00 secs] 
2956.273: [GC (Allocation Failure) [PSYoungGen: 61824K->1360K(61952K)] 487437K->426973K(589824K), 0.0022504 secs] [Times: user=0.01 sys=0.00, real=0.01 secs] 
2956.544: [GC (Allocation Failure) [PSYoungGen: 61776K->1376K(61952K)] 487389K->426989K(589824K), 0.0021423 secs] [Times: user=0.01 sys=0.00, real=0.00 secs] 
2958.376: [GC (Allocation Failure) [PSYoungGen: 61792K->1408K(61952K)] 487405K->427021K(589824K), 0.0037083 secs] [Times: user=0.02 sys=0.00, real=0.00 secs] 
2959.030: [GC (Allocation Failure) [PSYoungGen: 61824K->1424K(61952K)] 487437K->427037K(589824K), 0.0030857 secs] [Times: user=0.01 sys=0.01, real=0.00 secs] 
2959.546: [GC (Allocation Failure) [PSYoungGen: 61840K->1376K(61952K)] 487453K->426989K(589824K), 0.0027088 secs] [Times: user=0.01 sys=0.00, real=0.00 secs] 
2960.199: [GC (Allocation Failure) [PSYoungGen: 61792K->1344K(61952K)] 487405K->426957K(589824K), 0.0030370 secs] [Times: user=0.01 sys=0.00, real=0.00 secs] 
2960.787: [GC (Allocation Failure) [PSYoungGen: 61760K->1360K(61952K)] 487373K->426973K(589824K), 0.0032210 secs] [Times: user=0.01 sys=0.00, real=0.00 secs] 
2962.804: [GC (Allocation Failure) [PSYoungGen: 61776K->1408K(61952K)] 487389K->427021K(589824K), 0.0028626 secs] [Times: user=0.01 sys=0.00, real=0.00 secs] 
2963.204: [GC (Allocation Failure) [PSYoungGen: 61824K->1376K(61952K)] 487437K->426989K(589824K), 0.0021268 secs] [Times: user=0.00 sys=0.00, real=0.00 secs] 
2963.638: [GC (Allocation Failure) [PSYoungGen: 61792K->1408K(61952K)] 487405K->427021K(589824K), 0.0020417 secs] [Times: user=0.01 sys=0.00, real=0.00 secs] 
2964.191: [GC (Allocation Failure) [PSYoungGen: 61824K->1344K(61952K)] 487437K->426957K(589824K), 0.0022165 secs] [Times: user=0.01 sys=0.00, real=0.00 secs] 
2965.433: [GC (Allocation Failure) [PSYoungGen: 61760K->1408K(61952K)] 487373K->427021K(589824K), 0.0019673 secs] [Times: user=0.00 sys=0.01, real=0.01 secs] 
2965.724: [GC (Allocation Failure) [PSYoungGen: 61824K->1392K(61952K)] 487437K->427013K(589824K), 0.0019260 secs] [Times: user=0.01 sys=0.00, real=0.01 secs] 
2965.990: [GC (Allocation Failure) [PSYoungGen: 61808K->1376K(61952K)] 487429K->426997K(589824K), 0.0020203 secs] [Times: user=0.00 sys=0.00, real=0.00 secs] 
2966.282: [GC (Allocation Failure) [PSYoungGen: 61792K->1424K(61952K)] 487413K->427045K(589824K), 0.0021272 secs] [Times: user=0.01 sys=0.00, real=0.01 secs] 
2966.757: [GC (Allocation Failure) [PSYoungGen: 61840K->1344K(61952K)] 487461K->426965K(589824K), 0.0020700 secs] [Times: user=0.01 sys=0.00, real=0.00 secs] 
2968.239: [GC (Allocation Failure) [PSYoungGen: 61760K->1440K(61952K)] 487381K->427061K(589824K), 0.0044198 secs] [Times: user=0.02 sys=0.00, real=0.00 secs] 
2969.143: [GC (Allocation Failure) [PSYoungGen: 61856K->1440K(61952K)] 487477K->427061K(589824K), 0.0040103 secs] [Times: user=0.02 sys=0.00, real=0.01 secs] 
2969.948: [GC (Allocation Failure) [PSYoungGen: 61856K->1408K(61952K)] 487477K->427029K(589824K), 0.0040479 secs] [Times: user=0.02 sys=0.00, real=0.00 secs] 
2970.604: [GC (Allocation Failure) [PSYoungGen: 61824K->1440K(61952K)] 487445K->427061K(589824K), 0.0029034 secs] [Times: user=0.01 sys=0.00, real=0.00 secs] 
2971.347: [GC (Allocation Failure) [PSYoungGen: 61856K->1440K(61952K)] 487477K->427061K(589824K), 0.0029085 secs] [Times: user=0.01 sys=0.00, real=0.00 secs] 
2972.704: [GC (Allocation Failure) [PSYoungGen: 61856K->1440K(61952K)] 487477K->427061K(589824K), 0.0017076 secs] [Times: user=0.01 sys=0.00, real=0.00 secs] 
2973.098: [GC (Allocation Failure) [PSYoungGen: 61856K->1408K(61952K)] 487477K->427029K(589824K), 0.0028862 secs] [Times: user=0.01 sys=0.00, real=0.00 secs] 
2973.367: [GC (Allocation Failure) [PSYoungGen: 61824K->1408K(61952K)] 487445K->427029K(589824K), 0.0022455 secs] [Times: user=0.01 sys=0.00, real=0.00 secs] 
2973.623: [GC (Allocation Failure) [PSYoungGen: 61824K->1376K(61952K)] 487445K->426997K(589824K), 0.0022268 secs] [Times: user=0.01 sys=0.00, real=0.01 secs] 
2974.812: [GC (Allocation Failure) [PSYoungGen: 61792K->1440K(61952K)] 487413K->427061K(589824K), 0.0017786 secs] [Times: user=0.01 sys=0.00, real=0.00 secs] 
2975.444: [GC (Allocation Failure) [PSYoungGen: 61856K->1376K(61952K)] 487477K->427013K(589824K), 0.0017771 secs] [Times: user=0.01 sys=0.00, real=0.00 secs] 
2976.127: [GC (Allocation Failure) [PSYoungGen: 61792K->1376K(61952K)] 487429K->427013K(589824K), 0.0017563 secs] [Times: user=0.01 sys=0.00, real=0.00 secs] 
2976.936: [GC (Allocation Failure) [PSYoungGen: 61792K->1392K(61952K)] 487429K->427029K(589824K), 0.0021508 secs] [Times: user=0.01 sys=0.00, real=0.00 secs] 
2977.997: [GC (Allocation Failure) [PSYoungGen: 61808K->1440K(61952K)] 487445K->427077K(589824K), 0.0021942 secs] [Times: user=0.01 sys=0.00, real=0.00 secs] 
2979.805: [GC (Allocation Failure) [PSYoungGen: 61856K->1440K(61952K)] 487493K->427077K(589824K), 0.0018644 secs] [Times: user=0.01 sys=0.00, real=0.00 secs] 
2980.630: [GC (Allocation Failure) [PSYoungGen: 61856K->1408K(61952K)] 487493K->427045K(589824K), 0.0040829 secs] [Times: user=0.02 sys=0.00, real=0.01 secs] 
2981.212: [GC (Allocation Failure) [PSYoungGen: 61824K->1408K(61952K)] 487461K->427045K(589824K), 0.0032021 secs] [Times: user=0.01 sys=0.00, real=0.01 secs] 
2981.686: [GC (Allocation Failure) [PSYoungGen: 61824K->1408K(61952K)] 487461K->427045K(589824K), 0.0034791 secs] [Times: user=0.02 sys=0.00, real=0.00 secs] 
2982.177: [GC (Allocation Failure) [PSYoungGen: 61824K->1408K(61952K)] 487461K->427045K(589824K), 0.0034845 secs] [Times: user=0.01 sys=0.00, real=0.00 secs] 
2983.233: [GC (Allocation Failure) [PSYoungGen: 61824K->1408K(61952K)] 487461K->427045K(589824K), 0.0017264 secs] [Times: user=0.01 sys=0.00, real=0.01 secs] 
2983.483: [GC (Allocation Failure) [PSYoungGen: 61824K->1376K(61952K)] 487461K->427013K(589824K), 0.0015879 secs] [Times: user=0.01 sys=0.00, real=0.01 secs] 
2983.733: [GC (Allocation Failure) [PSYoungGen: 61792K->1408K(61952K)] 487429K->427045K(589824K), 0.0015419 secs] [Times: user=0.00 sys=0.01, real=0.01 secs] 
2984.072: [GC (Allocation Failure) [PSYoungGen: 61824K->1376K(61952K)] 487461K->427013K(589824K), 0.0024106 secs] [Times: user=0.01 sys=0.00, real=0.01 secs] 
2985.341: [GC (Allocation Failure) [PSYoungGen: 61792K->1408K(61952K)] 487429K->427045K(589824K), 0.0018425 secs] [Times: user=0.00 sys=0.00, real=0.00 secs] 
2985.592: [GC (Allocation Failure) [PSYoungGen: 61824K->1408K(61952K)] 487461K->427053K(589824K), 0.0018484 secs] [Times: user=0.01 sys=0.00, real=0.01 secs] 
2985.843: [GC (Allocation Failure) [PSYoungGen: 61824K->1344K(61952K)] 487469K->426989K(589824K), 0.0016753 secs] [Times: user=0.00 sys=0.00, real=0.01 secs] 
2986.097: [GC (Allocation Failure) [PSYoungGen: 61760K->1408K(61952K)] 487405K->427053K(589824K), 0.0027171 secs] [Times: user=0.01 sys=0.00, real=0.00 secs] 
2986.397: [GC (Allocation Failure) [PSYoungGen: 61824K->1344K(61952K)] 487469K->426989K(589824K), 0.0027912 secs] [Times: user=0.02 sys=0.00, real=0.00 secs] 
2988.072: [GC (Allocation Failure) [PSYoungGen: 61760K->1392K(61952K)] 487405K->427037K(589824K), 0.0036963 secs] [Times: user=0.02 sys=0.00, real=0.01 secs] 
2988.751: [GC (Allocation Failure) [PSYoungGen: 61808K->1408K(61952K)] 487453K->427053K(589824K), 0.0034386 secs] [Times: user=0.01 sys=0.00, real=0.01 secs] 
2989.041: [GC (Allocation Failure) [PSYoungGen: 61824K->1376K(61952K)] 487469K->427021K(589824K), 0.0022208 secs] [Times: user=0.00 sys=0.00, real=0.00 secs] 
2989.292: [GC (Allocation Failure) [PSYoungGen: 61792K->1360K(61952K)] 487437K->427005K(589824K), 0.0021918 secs] [Times: user=0.01 sys=0.00, real=0.01 secs] 
2989.580: [GC (Allocation Failure) [PSYoungGen: 61776K->1376K(61952K)] 487421K->427021K(589824K), 0.0021908 secs] [Times: user=0.01 sys=0.00, real=0.00 secs] 
2991.012: [GC (Allocation Failure) [PSYoungGen: 61792K->1440K(61952K)] 487437K->427085K(589824K), 0.0025783 secs] [Times: user=0.01 sys=0.00, real=0.01 secs] 
2991.589: [GC (Allocation Failure) [PSYoungGen: 61856K->1392K(61952K)] 487501K->427037K(589824K), 0.0029432 secs] [Times: user=0.01 sys=0.00, real=0.00 secs] 
2992.067: [GC (Allocation Failure) [PSYoungGen: 61808K->1376K(61952K)] 487453K->427021K(589824K), 0.0027555 secs] [Times: user=0.02 sys=0.00, real=0.00 secs] 
2992.661: [GC (Allocation Failure) [PSYoungGen: 61792K->1408K(61952K)] 487437K->427053K(589824K), 0.0031077 secs] [Times: user=0.01 sys=0.00, real=0.01 secs] 
2993.984: [GC (Allocation Failure) [PSYoungGen: 61824K->960K(61952K)] 487469K->427629K(589824K), 0.0017622 secs] [Times: user=0.01 sys=0.00, real=0.00 secs] 
2994.645: [GC (Allocation Failure) [PSYoungGen: 61376K->352K(61952K)] 488045K->427029K(589824K), 0.0020079 secs] [Times: user=0.01 sys=0.00, real=0.00 secs] 
2995.342: [GC (Allocation Failure) [PSYoungGen: 60768K->336K(62464K)] 487445K->427013K(590336K), 0.0020543 secs] [Times: user=0.01 sys=0.00, real=0.01 secs] 
2996.049: [GC (Allocation Failure) [PSYoungGen: 60752K->352K(62464K)] 487429K->427029K(590336K), 0.0019110 secs] [Times: user=0.01 sys=0.00, real=0.00 secs] 
2996.688: [GC (Allocation Failure) [PSYoungGen: 60768K->352K(62464K)] 487445K->427029K(590336K), 0.0023029 secs] [Times: user=0.01 sys=0.00, real=0.00 secs] 
2998.108: [GC (Allocation Failure) [PSYoungGen: 60768K->1440K(62464K)] 487445K->428117K(590336K), 0.0025152 secs] [Times: user=0.01 sys=0.00, real=0.00 secs] 
2999.031: [GC (Allocation Failure) [PSYoungGen: 61856K->1440K(62464K)] 488533K->428117K(590336K), 0.0027909 secs] [Times: user=0.01 sys=0.00, real=0.01 secs] 
3000.183: [GC (Allocation Failure) [PSYoungGen: 61856K->1424K(62464K)] 488533K->428101K(590336K), 0.0037891 secs] [Times: user=0.02 sys=0.00, real=0.01 secs] 
3001.077: [GC (Allocation Failure) [PSYoungGen: 61840K->1408K(62976K)] 488517K->428085K(590848K), 0.0033707 secs] [Times: user=0.02 sys=0.00, real=0.00 secs] 
3001.727: [GC (Allocation Failure) [PSYoungGen: 61824K->1440K(62976K)] 488501K->428117K(590848K), 0.0034162 secs] [Times: user=0.02 sys=0.00, real=0.00 secs] 
3003.083: [GC (Allocation Failure) [PSYoungGen: 61856K->1456K(62976K)] 488533K->428133K(590848K), 0.0019949 secs] [Times: user=0.01 sys=0.00, real=0.01 secs] 
3003.923: [GC (Allocation Failure) [PSYoungGen: 61872K->1376K(62976K)] 488549K->428053K(590848K), 0.0024602 secs] [Times: user=0.01 sys=0.00, real=0.01 secs] 
3004.430: [GC (Allocation Failure) [PSYoungGen: 61792K->1376K(61952K)] 488469K->428053K(589824K), 0.0036000 secs] [Times: user=0.01 sys=0.00, real=0.00 secs] 
3004.942: [GC (Allocation Failure) [PSYoungGen: 61792K->1376K(62464K)] 488469K->428053K(590336K), 0.0031356 secs] [Times: user=0.02 sys=0.00, real=0.01 secs] 
3006.425: [GC (Allocation Failure) [PSYoungGen: 61792K->1696K(61952K)] 488469K->428373K(589824K), 0.0018174 secs] [Times: user=0.01 sys=0.00, real=0.00 secs] 
3007.023: [GC (Allocation Failure) [PSYoungGen: 61600K->1408K(62464K)] 488277K->428093K(590336K), 0.0027387 secs] [Times: user=0.01 sys=0.00, real=0.01 secs] 
3007.406: [GC (Allocation Failure) [PSYoungGen: 61312K->1408K(61440K)] 487997K->428101K(589312K), 0.0023132 secs] [Times: user=0.00 sys=0.00, real=0.00 secs] 
3007.655: [GC (Allocation Failure) [PSYoungGen: 61312K->1376K(61952K)] 488005K->428069K(589824K), 0.0021804 secs] [Times: user=0.01 sys=0.00, real=0.00 secs] 
3007.949: [GC (Allocation Failure) [PSYoungGen: 61280K->1408K(61952K)] 487973K->428101K(589824K), 0.0018555 secs] [Times: user=0.01 sys=0.00, real=0.00 secs] 
3008.983: [GC (Allocation Failure) [PSYoungGen: 61312K->1440K(61952K)] 488005K->428133K(589824K), 0.0018620 secs] [Times: user=0.00 sys=0.00, real=0.01 secs] 
3009.272: [GC (Allocation Failure) [PSYoungGen: 61344K->1376K(61952K)] 488037K->428069K(589824K), 0.0019792 secs] [Times: user=0.01 sys=0.00, real=0.01 secs] 
3009.572: [GC (Allocation Failure) [PSYoungGen: 61280K->1424K(61952K)] 487973K->428117K(589824K), 0.0019953 secs] [Times: user=0.01 sys=0.00, real=0.01 secs] 
3009.821: [GC (Allocation Failure) [PSYoungGen: 61328K->1376K(61952K)] 488021K->428069K(589824K), 0.0018636 secs] [Times: user=0.00 sys=0.00, real=0.00 secs] 
3010.070: [GC (Allocation Failure) [PSYoungGen: 61280K->1376K(61952K)] 487973K->428077K(589824K), 0.0018961 secs] [Times: user=0.01 sys=0.00, real=0.00 secs] 
3011.818: [GC (Allocation Failure) [PSYoungGen: 61280K->1408K(61952K)] 487981K->428109K(589824K), 0.0021635 secs] [Times: user=0.01 sys=0.00, real=0.00 secs] 
3012.512: [GC (Allocation Failure) [PSYoungGen: 61312K->1408K(61952K)] 488013K->428109K(589824K), 0.0029541 secs] [Times: user=0.01 sys=0.01, real=0.01 secs] 
3013.205: [GC (Allocation Failure) [PSYoungGen: 61312K->1376K(61952K)] 488013K->428077K(589824K), 0.0040987 secs] [Times: user=0.02 sys=0.00, real=0.00 secs] 
3013.752: [GC (Allocation Failure) [PSYoungGen: 61280K->1440K(61952K)] 487981K->428141K(589824K), 0.0032519 secs] [Times: user=0.01 sys=0.00, real=0.01 secs] 
3014.286: [GC (Allocation Failure) [PSYoungGen: 61344K->1408K(61952K)] 488045K->428125K(589824K), 0.0027468 secs] [Times: user=0.01 sys=0.00, real=0.00 secs] 
3015.291: [GC (Allocation Failure) [PSYoungGen: 61312K->1376K(61952K)] 488029K->428093K(589824K), 0.0019444 secs] [Times: user=0.01 sys=0.00, real=0.00 secs] 
3015.540: [GC (Allocation Failure) [PSYoungGen: 61280K->1408K(61952K)] 487997K->428133K(589824K), 0.0020025 secs] [Times: user=0.01 sys=0.00, real=0.00 secs] 
3015.789: [GC (Allocation Failure) [PSYoungGen: 61312K->1376K(61952K)] 488037K->428101K(589824K), 0.0019184 secs] [Times: user=0.01 sys=0.00, real=0.00 secs] 
3016.038: [GC (Allocation Failure) [PSYoungGen: 61280K->1408K(61952K)] 488005K->428133K(589824K), 0.0019605 secs] [Times: user=0.01 sys=0.00, real=0.00 secs] 
3017.061: [GC (Allocation Failure) [PSYoungGen: 61312K->1408K(61952K)] 488037K->428133K(589824K), 0.0020612 secs] [Times: user=0.01 sys=0.00, real=0.00 secs] 
3017.311: [GC (Allocation Failure) [PSYoungGen: 61312K->1408K(61952K)] 488037K->428141K(589824K), 0.0021131 secs] [Times: user=0.01 sys=0.00, real=0.00 secs] 
3017.712: [GC (Allocation Failure) [PSYoungGen: 61312K->1424K(61952K)] 488045K->428157K(589824K), 0.0021519 secs] [Times: user=0.01 sys=0.00, real=0.01 secs] 
3018.090: [GC (Allocation Failure) [PSYoungGen: 61328K->1376K(61952K)] 488061K->428109K(589824K), 0.0021218 secs] [Times: user=0.01 sys=0.00, real=0.00 secs] 
3018.492: [GC (Allocation Failure) [PSYoungGen: 61280K->1408K(61952K)] 488013K->428141K(589824K), 0.0029180 secs] [Times: user=0.02 sys=0.00, real=0.01 secs] 
3019.811: [GC (Allocation Failure) [PSYoungGen: 61312K->1440K(61952K)] 488045K->428189K(589824K), 0.0017191 secs] [Times: user=0.01 sys=0.00, real=0.00 secs] 
3020.358: [GC (Allocation Failure) [PSYoungGen: 61344K->1376K(61440K)] 488093K->428133K(589312K), 0.0047281 secs] [Times: user=0.02 sys=0.00, real=0.00 secs] 
3020.773: [GC (Allocation Failure) [PSYoungGen: 61280K->1408K(61440K)] 488037K->428165K(589312K), 0.0023676 secs] [Times: user=0.01 sys=0.00, real=0.01 secs] 
3021.070: [GC (Allocation Failure) [PSYoungGen: 61312K->1408K(61440K)] 488069K->428165K(589312K), 0.0021479 secs] [Times: user=0.01 sys=0.00, real=0.00 secs] 
3021.372: [GC (Allocation Failure) [PSYoungGen: 61312K->1408K(61440K)] 488069K->428165K(589312K), 0.0021307 secs] [Times: user=0.01 sys=0.00, real=0.01 secs] 
3022.407: [GC (Allocation Failure) [PSYoungGen: 61312K->1408K(61440K)] 488069K->428165K(589312K), 0.0018350 secs] [Times: user=0.01 sys=0.00, real=0.00 secs] 
3022.842: [GC (Allocation Failure) [PSYoungGen: 61312K->1344K(61440K)] 488069K->428125K(589312K), 0.0016599 secs] [Times: user=0.01 sys=0.00, real=0.00 secs] 
3023.289: [GC (Allocation Failure) [PSYoungGen: 61248K->1408K(61440K)] 488029K->428189K(589312K), 0.0023993 secs] [Times: user=0.01 sys=0.00, real=0.00 secs] 
3023.770: [GC (Allocation Failure) [PSYoungGen: 61312K->1376K(61440K)] 488093K->428157K(589312K), 0.0090891 secs] [Times: user=0.04 sys=0.00, real=0.01 secs] 
3025.983: [GC (Allocation Failure) [PSYoungGen: 61280K->1010K(61440K)] 488061K->427799K(589312K), 0.0043126 secs] [Times: user=0.02 sys=0.00, real=0.01 secs] 
3026.583: [GC (Allocation Failure) [PSYoungGen: 60914K->2016K(61440K)] 487703K->430131K(589312K), 0.0030418 secs] [Times: user=0.02 sys=0.00, real=0.01 secs] 
3028.372: [GC (Allocation Failure) [PSYoungGen: 61408K->2528K(61952K)] 489523K->438154K(589824K), 0.0059156 secs] [Times: user=0.02 sys=0.01, real=0.01 secs] 
3035.889: [GC (Allocation Failure) [PSYoungGen: 61920K->5600K(51712K)] 497546K->475090K(579584K), 0.0605310 secs] [Times: user=0.27 sys=0.08, real=0.06 secs] 
3036.361: [GC (Allocation Failure) [PSYoungGen: 51680K->18912K(65024K)] 521170K->507994K(592896K), 0.0454293 secs] [Times: user=0.24 sys=0.01, real=0.05 secs] 
3040.240: [GC (Allocation Failure) [PSYoungGen: 64992K->29664K(69632K)] 554074K->537226K(597504K), 0.0603633 secs] [Times: user=0.30 sys=0.03, real=0.06 secs] 
3040.300: [Full GC (Ergonomics) [PSYoungGen: 29664K->0K(69632K)] [ParOldGen: 507562K->119152K(499200K)] 537226K->119152K(568832K), [Metaspace: 59883K->59786K(1105920K)], 0.3611415 secs] [Times: user=1.72 sys=0.03, real=0.36 secs] 
3042.778: [GC (Allocation Failure) [PSYoungGen: 39936K->30912K(81920K)] 159088K->150072K(581120K), 0.0816280 secs] [Times: user=0.48 sys=0.00, real=0.08 secs] 
3043.103: [GC (Allocation Failure) [PSYoungGen: 70848K->45568K(76800K)] 190008K->181608K(576000K), 0.1094223 secs] [Times: user=0.60 sys=0.05, real=0.11 secs] 
3045.335: [GC (Allocation Failure) [PSYoungGen: 76800K->60416K(91648K)] 229224K->217056K(590848K), 0.1935279 secs] [Times: user=1.13 sys=0.02, real=0.19 secs] 
3045.588: [GC (Allocation Failure) [PSYoungGen: 91648K->72704K(92160K)] 248288K->241328K(591360K), 0.1340970 secs] [Times: user=0.79 sys=0.01, real=0.13 secs] 
3046.593: [GC (Allocation Failure) [PSYoungGen: 92160K->87744K(110080K)] 260784K->256368K(609280K), 0.1400202 secs] [Times: user=0.82 sys=0.00, real=0.14 secs] 
3047.637: [GC (Allocation Failure) [PSYoungGen: 107170K->84544K(117760K)] 275794K->265856K(616960K), 0.1274188 secs] [Times: user=0.76 sys=0.01, real=0.13 secs] 
3048.316: [GC (Allocation Failure) [PSYoungGen: 96832K->34977K(47616K)] 278144K->263825K(546816K), 0.1153571 secs] [Times: user=0.69 sys=0.00, real=0.11 secs] 
3048.458: [GC (Allocation Failure) [PSYoungGen: 47265K->7296K(121856K)] 276113K->263888K(621056K), 0.0460097 secs] [Times: user=0.27 sys=0.00, real=0.05 secs] 
3048.533: [GC (Allocation Failure) [PSYoungGen: 22144K->64K(123392K)] 278736K->263904K(622592K), 0.0108461 secs] [Times: user=0.06 sys=0.00, real=0.02 secs] 
3048.573: [GC (Allocation Failure) [PSYoungGen: 14912K->64K(121856K)] 278752K->263904K(621056K), 0.0017007 secs] [Times: user=0.01 sys=0.00, real=0.01 secs] 
3048.610: [GC (Allocation Failure) [PSYoungGen: 17984K->32K(123904K)] 281824K->263872K(623104K), 0.0018147 secs] [Times: user=0.01 sys=0.00, real=0.00 secs] 
3048.646: [GC (Allocation Failure) [PSYoungGen: 17952K->2720K(118784K)] 281792K->266560K(617984K), 0.0023728 secs] [Times: user=0.01 sys=0.00, real=0.00 secs] 
3048.974: [GC (Allocation Failure) [PSYoungGen: 24224K->7904K(29696K)] 288064K->273937K(528896K), 0.0037913 secs] [Times: user=0.02 sys=0.00, real=0.01 secs] 
3050.201: [GC (Allocation Failure) [PSYoungGen: 29408K->10752K(111104K)] 295441K->283957K(610304K), 0.0194222 secs] [Times: user=0.10 sys=0.01, real=0.02 secs] 
3051.774: [GC (Allocation Failure) [PSYoungGen: 36864K->17984K(44544K)] 310069K->300841K(543744K), 0.0120224 secs] [Times: user=0.06 sys=0.00, real=0.02 secs] 
3052.536: [GC (Allocation Failure) [PSYoungGen: 43186K->12992K(105984K)] 326043K->313709K(605184K), 0.0297948 secs] [Times: user=0.16 sys=0.01, real=0.03 secs] 
3052.646: [GC (Allocation Failure) [PSYoungGen: 44224K->22976K(110592K)] 344941K->335949K(609792K), 0.0194963 secs] [Times: user=0.10 sys=0.01, real=0.02 secs] 
3052.729: [GC (Allocation Failure) [PSYoungGen: 54208K->24640K(104448K)] 367181K->360501K(603648K), 0.0235003 secs] [Times: user=0.14 sys=0.00, real=0.02 secs] 
3052.796: [GC (Allocation Failure) [PSYoungGen: 62528K->29632K(108032K)] 398389K->390121K(607232K), 0.0157769 secs] [Times: user=0.09 sys=0.00, real=0.01 secs] 
3052.856: [GC (Allocation Failure) [PSYoungGen: 67520K->30464K(111104K)] 428009K->420601K(610304K), 0.0190229 secs] [Times: user=0.11 sys=0.00, real=0.02 secs] 
3052.924: [GC (Allocation Failure) [PSYoungGen: 73893K->34624K(112640K)] 464030K->455297K(611840K), 0.0840649 secs] [Times: user=0.50 sys=0.00, real=0.08 secs] 
3053.042: [GC (Allocation Failure) [PSYoungGen: 80192K->38144K(120832K)] 500865K->493489K(620032K), 0.0243498 secs] [Times: user=0.14 sys=0.00, real=0.03 secs] 
3053.066: [Full GC (Ergonomics) [PSYoungGen: 38144K->0K(120832K)] [ParOldGen: 455345K->226818K(641536K)] 493489K->226818K(762368K), [Metaspace: 60003K->60003K(1105920K)], 0.5339606 secs] [Times: user=2.45 sys=0.00, real=0.53 secs] 
3054.409: [GC (Allocation Failure) [PSYoungGen: 53760K->26208K(121856K)] 280578K->253026K(763392K), 0.0341948 secs] [Times: user=0.20 sys=0.00, real=0.03 secs] 
3054.548: [GC (Allocation Failure) [PSYoungGen: 79968K->1216K(127488K)] 306786K->254290K(769024K), 0.0451690 secs] [Times: user=0.26 sys=0.01, real=0.04 secs] 
3054.916: [GC (Allocation Failure) [PSYoungGen: 64704K->17536K(128000K)] 317778K->271738K(769536K), 0.0041217 secs] [Times: user=0.02 sys=0.00, real=0.00 secs] 
3055.100: [GC (Allocation Failure) [PSYoungGen: 81024K->44064K(132608K)] 335226K->312295K(774144K), 0.0197685 secs] [Times: user=0.11 sys=0.00, real=0.02 secs] 
3055.239: [GC (Allocation Failure) [PSYoungGen: 115232K->56320K(136704K)] 383463K->364495K(778240K), 0.0409051 secs] [Times: user=0.24 sys=0.00, real=0.04 secs] 
3055.393: [GC (Allocation Failure) [PSYoungGen: 127488K->57120K(151552K)] 435663K->421647K(793088K), 0.0345565 secs] [Times: user=0.19 sys=0.01, real=0.04 secs] 
3058.217: [GC (Allocation Failure) [PSYoungGen: 135456K->59360K(157696K)] 499983K->481023K(799232K), 0.1095644 secs] [Times: user=0.65 sys=0.00, real=0.11 secs] 
3059.669: [GC (Allocation Failure) [PSYoungGen: 137696K->21504K(171520K)] 559359K->502543K(813056K), 0.0340850 secs] [Times: user=0.20 sys=0.00, real=0.03 secs] 
3060.002: [GC (Allocation Failure) [PSYoungGen: 114176K->21056K(174592K)] 595215K->523583K(816128K), 0.0500917 secs] [Times: user=0.27 sys=0.02, real=0.05 secs] 
3060.406: [GC (Allocation Failure) [PSYoungGen: 113728K->67360K(179712K)] 616255K->587760K(821248K), 0.0535137 secs] [Times: user=0.18 sys=0.10, real=0.05 secs] 
3060.590: [GC (Allocation Failure) [PSYoungGen: 168224K->87520K(188416K)] 688624K->672412K(829952K), 0.0391103 secs] [Times: user=0.21 sys=0.01, real=0.04 secs] 
3060.629: [Full GC (Ergonomics) [PSYoungGen: 87520K->0K(188416K)] [ParOldGen: 584892K->175351K(646144K)] 672412K->175351K(834560K), [Metaspace: 60018K->60018K(1105920K)], 0.4125861 secs] [Times: user=1.91 sys=0.00, real=0.41 secs] 
3061.136: [GC (Allocation Failure) [PSYoungGen: 100864K->78784K(241664K)] 276215K->254135K(887808K), 0.0473606 secs] [Times: user=0.15 sys=0.10, real=0.04 secs] 
3062.130: [GC (Allocation Failure) [PSYoungGen: 194496K->13632K(245248K)] 369847K->267351K(891392K), 0.0485149 secs] [Times: user=0.29 sys=0.00, real=0.05 secs] 
3063.620: [GC (Allocation Failure) [PSYoungGen: 129344K->74048K(261120K)] 383063K->340250K(907264K), 0.0329239 secs] [Times: user=0.16 sys=0.03, real=0.03 secs] 
3065.351: [GC (Allocation Failure) [PSYoungGen: 207168K->103488K(263168K)] 473370K->439170K(909312K), 0.1245608 secs] [Times: user=0.74 sys=0.01, real=0.13 secs] 
3066.954: [GC (Allocation Failure) [PSYoungGen: 236608K->70816K(287744K)] 572290K->501882K(933888K), 0.0553688 secs] [Times: user=0.30 sys=0.02, real=0.05 secs] 
3069.094: [GC (Allocation Failure) [PSYoungGen: 223392K->60800K(291840K)] 654458K->562410K(937984K), 0.0729375 secs] [Times: user=0.43 sys=0.00, real=0.08 secs] 
3069.382: [GC (Allocation Failure) [PSYoungGen: 213376K->121536K(290816K)] 714986K->678023K(936960K), 0.0456460 secs] [Times: user=0.23 sys=0.05, real=0.05 secs] 
3069.427: [Full GC (Ergonomics) [PSYoungGen: 121536K->0K(290816K)] [ParOldGen: 556487K->191726K(728576K)] 678023K->191726K(1019392K), [Metaspace: 60025K->60025K(1105920K)], 0.4464466 secs] [Times: user=2.06 sys=0.00, real=0.45 secs] 
3071.250: [GC (Allocation Failure) [PSYoungGen: 157696K->70656K(307200K)] 349422K->262382K(1035776K), 0.0293909 secs] [Times: user=0.18 sys=0.00, real=0.03 secs] 
3072.603: [GC (Allocation Failure) [PSYoungGen: 228352K->75968K(314880K)] 420078K->338058K(1043456K), 0.0587017 secs] [Times: user=0.35 sys=0.00, real=0.06 secs] 
3074.023: [GC (Allocation Failure) [PSYoungGen: 254656K->132384K(318976K)] 516746K->464780K(1047552K), 0.1416605 secs] [Times: user=0.84 sys=0.00, real=0.15 secs] 
3077.440: [GC (Allocation Failure) [PSYoungGen: 311072K->52768K(346624K)] 643468K->517396K(1075200K), 0.0555449 secs] [Times: user=0.32 sys=0.00, real=0.06 secs] 
3078.190: [GC (Allocation Failure) [PSYoungGen: 254496K->144832K(353792K)] 719124K->660030K(1082368K), 0.0616327 secs] [Times: user=0.37 sys=0.00, real=0.06 secs] 
3081.287: [GC (Allocation Failure) [PSYoungGen: 346560K->90240K(387584K)] 861758K->742134K(1116160K), 0.0687027 secs] [Times: user=0.37 sys=0.04, real=0.07 secs] 
3081.356: [Full GC (Ergonomics) [PSYoungGen: 90240K->0K(387584K)] [ParOldGen: 651894K->18570K(640000K)] 742134K->18570K(1027584K), [Metaspace: 60035K->60035K(1105920K)], 0.0271009 secs] [Times: user=0.06 sys=0.00, real=0.02 secs] 
3083.080: [GC (Allocation Failure) [PSYoungGen: 226816K->146848K(393728K)] 245386K->165418K(1033728K), 0.0857395 secs] [Times: user=0.50 sys=0.00, real=0.09 secs] 
3086.016: [GC (Allocation Failure) [PSYoungGen: 373664K->3072K(436224K)] 392234K->21738K(1076224K), 0.0019120 secs] [Times: user=0.01 sys=0.00, real=0.00 secs] 
3086.650: [GC (Allocation Failure) [PSYoungGen: 256000K->170816K(440832K)] 274666K->191122K(1080832K), 0.0330508 secs] [Times: user=0.19 sys=0.00, real=0.03 secs] 
3089.357: [GC (Allocation Failure) [PSYoungGen: 423744K->113664K(489984K)] 444050K->296338K(1129984K), 0.0802412 secs] [Times: user=0.43 sys=0.05, real=0.08 secs] 
3091.520: [GC (Allocation Failure) [PSYoungGen: 392192K->197088K(475648K)] 574866K->490126K(1115648K), 0.1201024 secs] [Times: user=0.72 sys=0.00, real=0.12 secs] 
3093.590: [GC (Allocation Failure) [PSYoungGen: 475616K->118336K(462336K)] 768654K->608358K(1102336K), 0.0801171 secs] [Times: user=0.48 sys=0.00, real=0.08 secs] 
3093.671: [Full GC (Ergonomics) [PSYoungGen: 118336K->0K(462336K)] [ParOldGen: 490022K->128377K(864256K)] 608358K->128377K(1326592K), [Metaspace: 60046K->60046K(1105920K)], 0.2666915 secs] [Times: user=1.20 sys=0.00, real=0.27 secs] 
3095.056: [GC (Allocation Failure) [PSYoungGen: 239104K->135904K(468992K)] 367481K->264281K(1333248K), 0.0502922 secs] [Times: user=0.30 sys=0.00, real=0.05 secs] 
3096.378: [GC (Allocation Failure) [PSYoungGen: 375008K->142176K(466944K)] 503385K->406673K(1331200K), 0.1307462 secs] [Times: user=0.76 sys=0.01, real=0.13 secs] 
3100.164: [GC (Allocation Failure) [PSYoungGen: 379232K->2880K(240128K)] 643729K->267393K(1104384K), 0.0039589 secs] [Times: user=0.03 sys=0.00, real=0.01 secs] 
3101.103: [GC (Allocation Failure) [PSYoungGen: 239936K->156992K(465920K)] 504449K->422991K(1330176K), 0.0395632 secs] [Times: user=0.19 sys=0.05, real=0.04 secs] 
3102.604: [GC (Allocation Failure) [PSYoungGen: 389952K->99040K(332288K)] 655951K->513327K(1196544K), 0.0678079 secs] [Times: user=0.40 sys=0.00, real=0.07 secs] 
3104.399: [GC (Allocation Failure) [PSYoungGen: 332000K->164832K(462848K)] 746287K->677033K(1327104K), 0.1376243 secs] [Times: user=0.80 sys=0.02, real=0.14 secs] 
3107.244: [GC (Allocation Failure) [PSYoungGen: 396256K->95744K(464384K)] 908457K->764169K(1328640K), 0.1694776 secs] [Times: user=0.95 sys=0.06, real=0.17 secs] 
3107.414: [Full GC (Ergonomics) [PSYoungGen: 95744K->0K(464384K)] [ParOldGen: 668425K->37818K(828928K)] 764169K->37818K(1293312K), [Metaspace: 60061K->60061K(1105920K)], 0.0978052 secs] [Times: user=0.38 sys=0.00, real=0.09 secs] 
3108.556: [GC (Allocation Failure) [PSYoungGen: 228364K->164512K(463360K)] 266183K->202330K(1292288K), 0.0331373 secs] [Times: user=0.19 sys=0.01, real=0.03 secs] 
3110.019: [GC (Allocation Failure) [PSYoungGen: 396960K->91456K(465408K)] 434778K->285054K(1294336K), 0.1086530 secs] [Times: user=0.64 sys=0.01, real=0.11 secs] 
3112.066: [GC (Allocation Failure) [PSYoungGen: 308735K->158624K(462848K)] 502333K->440464K(1291776K), 0.1317326 secs] [Times: user=0.79 sys=0.00, real=0.13 secs] 
3115.292: [GC (Allocation Failure) [PSYoungGen: 391072K->94976K(327680K)] 672912K->527369K(1156608K), 0.1643442 secs] [Times: user=0.98 sys=0.00, real=0.17 secs] 
3117.257: [GC (Allocation Failure) [PSYoungGen: 311538K->155648K(459264K)] 743931K->679629K(1288192K), 0.0491591 secs] [Times: user=0.29 sys=0.00, real=0.05 secs] 
3118.846: [GC (Allocation Failure) [PSYoungGen: 387072K->93696K(463360K)] 911053K->764877K(1292288K), 0.0905111 secs] [Times: user=0.53 sys=0.00, real=0.09 secs] 
3118.937: [Full GC (Ergonomics) [PSYoungGen: 93696K->0K(463360K)] [ParOldGen: 671181K->45660K(861696K)] 764877K->45660K(1325056K), [Metaspace: 60073K->60073K(1105920K)], 0.0844276 secs] [Times: user=0.34 sys=0.00, real=0.08 secs] 
3119.594: [GC (Allocation Failure) [PSYoungGen: 231424K->168864K(455680K)] 277084K->214524K(1317376K), 0.0542079 secs] [Times: user=0.31 sys=0.00, real=0.05 secs] 
3122.717: [GC (Allocation Failure) [PSYoungGen: 399776K->86368K(463872K)] 445436K->301124K(1325568K), 0.0953474 secs] [Times: user=0.56 sys=0.00, real=0.09 secs] 
3123.841: [GC (Allocation Failure) [PSYoungGen: 317280K->163456K(461312K)] 532036K->460893K(1323008K), 0.1116317 secs] [Times: user=0.66 sys=0.00, real=0.11 secs] 
3126.044: [GC (Allocation Failure) [PSYoungGen: 396416K->88832K(465920K)] 693853K->549493K(1327616K), 0.1317114 secs] [Times: user=0.78 sys=0.00, real=0.13 secs] 
3127.099: [GC (Allocation Failure) [PSYoungGen: 321792K->174848K(461312K)] 782453K->718594K(1323008K), 0.0909864 secs] [Times: user=0.52 sys=0.02, real=0.09 secs] 
3129.842: [GC (Allocation Failure) [PSYoungGen: 407808K->89952K(465920K)] 951554K->808802K(1327616K), 0.1231507 secs] [Times: user=0.65 sys=0.08, real=0.13 secs] 
3129.965: [Full GC (Ergonomics) [PSYoungGen: 89952K->0K(465920K)] [ParOldGen: 718850K->88826K(944128K)] 808802K->88826K(1410048K), [Metaspace: 60095K->60095K(1105920K)], 0.1965997 secs] [Times: user=0.88 sys=0.00, real=0.19 secs] 
3130.394: [GC (Allocation Failure) [PSYoungGen: 232960K->172640K(465920K)] 321786K->261466K(1410048K), 0.0365213 secs] [Times: user=0.21 sys=0.00, real=0.03 secs] 
3132.334: [GC (Allocation Failure) [PSYoungGen: 405600K->91104K(465920K)] 494426K->351950K(1410048K), 0.0962392 secs] [Times: user=0.58 sys=0.00, real=0.09 secs] 
3134.532: [GC (Allocation Failure) [PSYoungGen: 324064K->153184K(465920K)] 584910K->499003K(1410048K), 0.0605686 secs] [Times: user=0.36 sys=0.00, real=0.06 secs] 
3136.794: [GC (Allocation Failure) [PSYoungGen: 386144K->99616K(332800K)] 731963K->598419K(1276928K), 0.0823922 secs] [Times: user=0.49 sys=0.00, real=0.08 secs] 
3137.997: [GC (Allocation Failure) [PSYoungGen: 332576K->148576K(462848K)] 831379K->736223K(1406976K), 0.0601476 secs] [Times: user=0.36 sys=0.00, real=0.06 secs] 
3140.185: [GC (Allocation Failure) [PSYoungGen: 382560K->117056K(351232K)] 970207K->853327K(1295360K), 0.0706402 secs] [Times: user=0.41 sys=0.01, real=0.07 secs] 
3140.256: [Full GC (Ergonomics) [PSYoungGen: 117056K->0K(351232K)] [ParOldGen: 736271K->133625K(1020928K)] 853327K->133625K(1372160K), [Metaspace: 60099K->60099K(1105920K)], 0.3005037 secs] [Times: user=1.38 sys=0.00, real=0.30 secs] 
3142.662: [GC (Allocation Failure) [PSYoungGen: 233984K->130752K(468480K)] 367609K->264377K(1489408K), 0.0480722 secs] [Times: user=0.29 sys=0.00, real=0.05 secs] 
3145.372: [GC (Allocation Failure) [PSYoungGen: 380096K->144928K(461312K)] 513721K->409137K(1482240K), 0.0666144 secs] [Times: user=0.39 sys=0.00, real=0.07 secs] 
3146.835: [GC (Allocation Failure) [PSYoungGen: 394272K->13376K(465920K)] 658481K->277669K(1486848K), 0.0060300 secs] [Times: user=0.03 sys=0.00, real=0.00 secs] 
3148.870: [GC (Allocation Failure) [PSYoungGen: 260321K->170816K(426496K)] 524614K->446664K(1447424K), 0.0384821 secs] [Times: user=0.23 sys=0.00, real=0.04 secs] 
3151.565: [GC (Allocation Failure) [PSYoungGen: 426304K->106816K(476160K)] 702152K->545448K(1497088K), 0.1761498 secs] [Times: user=1.04 sys=0.01, real=0.17 secs] 
3152.029: [GC (Allocation Failure) [PSYoungGen: 351552K->193312K(438272K)] 790184K->734533K(1459200K), 0.0553032 secs] [Times: user=0.33 sys=0.00, real=0.06 secs] 
3153.839: [GC (Allocation Failure) [PSYoungGen: 438048K->101280K(465920K)] 979269K->818765K(1486848K), 0.1173674 secs] [Times: user=0.71 sys=0.00, real=0.12 secs] 
3155.197: [GC (Allocation Failure) [PSYoungGen: 334240K->200288K(465920K)] 1051725K->1013258K(1486848K), 0.0731945 secs] [Times: user=0.34 sys=0.09, real=0.07 secs] 
3155.270: [Full GC (Ergonomics) [PSYoungGen: 200288K->0K(465920K)] [ParOldGen: 812970K->254280K(1178112K)] 1013258K->254280K(1644032K), [Metaspace: 60104K->60104K(1105920K)], 0.5764504 secs] [Times: user=2.63 sys=0.00, real=0.58 secs] 
3158.303: [GC (Allocation Failure) [PSYoungGen: 232960K->89429K(465920K)] 487240K->343709K(1644032K), 0.0283863 secs] [Times: user=0.16 sys=0.00, real=0.03 secs] 
3159.526: [GC (Allocation Failure) [PSYoungGen: 322389K->160480K(465920K)] 576669K->497370K(1644032K), 0.0602422 secs] [Times: user=0.36 sys=0.00, real=0.06 secs] 
3161.206: [GC (Allocation Failure) [PSYoungGen: 393440K->98880K(465920K)] 730330K->596218K(1644032K), 0.0868865 secs] [Times: user=0.52 sys=0.00, real=0.08 secs] 
3163.847: [GC (Allocation Failure) [PSYoungGen: 331840K->149696K(465920K)] 829178K->734770K(1644032K), 0.0603129 secs] [Times: user=0.36 sys=0.00, real=0.06 secs] 
3164.574: [GC (Allocation Failure) [PSYoungGen: 382656K->112576K(458752K)] 967730K->847566K(1636864K), 0.0752474 secs] [Times: user=0.45 sys=0.00, real=0.08 secs] 
3166.045: [GC (Allocation Failure) [PSYoungGen: 345536K->136064K(462336K)] 1080526K->972419K(1640448K), 0.0774064 secs] [Times: user=0.35 sys=0.06, real=0.07 secs] 
3166.763: [GC (Allocation Failure) [PSYoungGen: 369024K->137920K(462336K)] 1205379K->1110531K(1640448K), 0.0768143 secs] [Times: user=0.33 sys=0.12, real=0.08 secs] 
3166.840: [Full GC (Ergonomics) [PSYoungGen: 137920K->0K(462336K)] [ParOldGen: 972611K->153922K(1092096K)] 1110531K->153922K(1554432K), [Metaspace: 60111K->60111K(1105920K)], 0.3620771 secs] [Times: user=1.66 sys=0.00, real=0.36 secs] 
3170.354: [GC (Allocation Failure) [PSYoungGen: 247808K->113504K(463872K)] 401730K->267426K(1555968K), 0.0405539 secs] [Times: user=0.24 sys=0.00, real=0.04 secs] 
3171.445: [GC (Allocation Failure) [PSYoungGen: 361312K->171968K(470016K)] 515234K->438171K(1562112K), 0.0613735 secs] [Times: user=0.36 sys=0.01, real=0.06 secs] 
3174.044: [GC (Allocation Failure) [PSYoungGen: 432064K->108096K(478208K)] 698267K->537819K(1570304K), 0.1804510 secs] [Times: user=1.07 sys=0.01, real=0.18 secs] 
3176.595: [GC (Allocation Failure) [PSYoungGen: 368192K->189024K(458240K)] 797915K->722732K(1550336K), 0.1328091 secs] [Times: user=0.68 sys=0.08, real=0.13 secs] 
3178.819: [GC (Allocation Failure) [PSYoungGen: 433248K->105056K(471552K)] 966956K->827876K(1563648K), 0.1092787 secs] [Times: user=0.65 sys=0.00, real=0.11 secs] 
3182.228: [GC (Allocation Failure) [PSYoungGen: 346289K->197312K(456192K)] 1069109K->1015481K(1548288K), 0.0699788 secs] [Times: user=0.42 sys=0.00, real=0.07 secs] 
3185.535: [GC (Allocation Failure) [PSYoungGen: 430272K->92704K(465920K)] 1248441K->1071521K(1558016K), 0.0943293 secs] [Times: user=0.54 sys=0.03, real=0.09 secs] 
3185.630: [Full GC (Ergonomics) [PSYoungGen: 92704K->0K(465920K)] [ParOldGen: 978817K->108818K(1110528K)] 1071521K->108818K(1576448K), [Metaspace: 60127K->60127K(1105920K)], 0.2457406 secs] [Times: user=1.12 sys=0.00, real=0.25 secs] 
3186.964: [GC (Allocation Failure) [PSYoungGen: 232960K->150912K(463872K)] 341778K->259730K(1574400K), 0.0426545 secs] [Times: user=0.25 sys=0.00, real=0.04 secs] 
3189.614: [GC (Allocation Failure) [PSYoungGen: 383872K->98752K(464896K)] 492690K->358714K(1575424K), 0.0884343 secs] [Times: user=0.52 sys=0.00, real=0.08 secs] 
3190.882: [GC (Allocation Failure) [PSYoungGen: 331712K->149600K(462848K)] 591674K->497553K(1573376K), 0.0604279 secs] [Times: user=0.36 sys=0.00, real=0.06 secs] 
3193.188: [GC (Allocation Failure) [PSYoungGen: 387680K->125408K(463872K)] 735633K->623181K(1574400K), 0.0658163 secs] [Times: user=0.39 sys=0.00, real=0.06 secs] 
3194.417: [GC (Allocation Failure) [PSYoungGen: 363488K->992K(452608K)] 861261K->498861K(1563136K), 0.0016638 secs] [Times: user=0.01 sys=0.00, real=0.00 secs] 
3195.971: [GC (Allocation Failure) [PSYoungGen: 235488K->149056K(466432K)] 733357K->647530K(1576960K), 0.0293720 secs] [Times: user=0.17 sys=0.01, real=0.03 secs] 
3198.147: [GC (Allocation Failure) [PSYoungGen: 383552K->4864K(464384K)] 882026K->503478K(1574912K), 0.0025869 secs] [Times: user=0.01 sys=0.00, real=0.00 secs] 
3199.944: [GC (Allocation Failure) [PSYoungGen: 237824K->157312K(465920K)] 736438K->659211K(1576448K), 0.0318210 secs] [Times: user=0.19 sys=0.00, real=0.03 secs] 
3201.431: [GC (Allocation Failure) [PSYoungGen: 390272K->103360K(465920K)] 892171K->752907K(1576448K), 0.1074214 secs] [Times: user=0.64 sys=0.00, real=0.11 secs] 
3202.747: [GC (Allocation Failure) [PSYoungGen: 334502K->170432K(465920K)] 984050K->920252K(1576448K), 0.0540923 secs] [Times: user=0.32 sys=0.00, real=0.05 secs] 
3204.711: [GC (Allocation Failure) [PSYoungGen: 403392K->92960K(465920K)] 1153212K->1004340K(1576448K), 0.1342254 secs] [Times: user=0.80 sys=0.00, real=0.14 secs] 
3204.846: [Full GC (Ergonomics) [PSYoungGen: 92960K->0K(465920K)] [ParOldGen: 911380K->44645K(1111552K)] 1004340K->44645K(1577472K), [Metaspace: 60166K->60166K(1105920K)], 0.1097926 secs] [Times: user=0.46 sys=0.00, real=0.11 secs] 
3206.828: [GC (Allocation Failure) [PSYoungGen: 232960K->167744K(465920K)] 277605K->212389K(1577472K), 0.0713973 secs] [Times: user=0.42 sys=0.01, real=0.07 secs] 
3209.302: [GC (Allocation Failure) [PSYoungGen: 400704K->85088K(465920K)] 445349K->297661K(1577472K), 0.1543276 secs] [Times: user=0.91 sys=0.01, real=0.16 secs] 
3209.742: [GC (Allocation Failure) [PSYoungGen: 318048K->173504K(465920K)] 530621K->467194K(1577472K), 0.0552194 secs] [Times: user=0.33 sys=0.00, real=0.06 secs] 
3212.470: [GC (Allocation Failure) [PSYoungGen: 406464K->84768K(465920K)] 700154K->552066K(1577472K), 0.0985020 secs] [Times: user=0.59 sys=0.00, real=0.10 secs] 
3213.631: [GC (Allocation Failure) [PSYoungGen: 317728K->173088K(465920K)] 785026K->720183K(1577472K), 0.1127840 secs] [Times: user=0.67 sys=0.00, real=0.11 secs] 
3216.929: [GC (Allocation Failure) [PSYoungGen: 406048K->86176K(465920K)] 953143K->806079K(1577472K), 0.1160075 secs] [Times: user=0.69 sys=0.00, real=0.12 secs] 
3217.362: [GC (Allocation Failure) [PSYoungGen: 319136K->208768K(465920K)] 1039039K->1008484K(1577472K), 0.0576994 secs] [Times: user=0.34 sys=0.00, real=0.06 secs] 
3219.366: [GC (Allocation Failure) [PSYoungGen: 441728K->87264K(465920K)] 1241444K->1062260K(1577472K), 0.0938511 secs] [Times: user=0.55 sys=0.01, real=0.09 secs] 
3219.460: [Full GC (Ergonomics) [PSYoungGen: 87264K->0K(465920K)] [ParOldGen: 974996K->103906K(1210880K)] 1062260K->103906K(1676800K), [Metaspace: 60169K->60169K(1105920K)], 0.2370562 secs] [Times: user=1.05 sys=0.00, real=0.24 secs] 
3221.396: [GC (Allocation Failure) [PSYoungGen: 232960K->157248K(465920K)] 336866K->261154K(1676800K), 0.0455161 secs] [Times: user=0.27 sys=0.00, real=0.04 secs] 
3223.168: [GC (Allocation Failure) [PSYoungGen: 390208K->107616K(465920K)] 494114K->368602K(1676800K), 0.0769023 secs] [Times: user=0.46 sys=0.00, real=0.08 secs] 
3224.411: [GC (Allocation Failure) [PSYoungGen: 340576K->149280K(465920K)] 601562K->499151K(1676800K), 0.0602761 secs] [Times: user=0.36 sys=0.00, real=0.06 secs] 
3226.908: [GC (Allocation Failure) [PSYoungGen: 382240K->116928K(465920K)] 732111K->616047K(1676800K), 0.0698440 secs] [Times: user=0.42 sys=0.00, real=0.07 secs] 
3228.237: [GC (Allocation Failure) [PSYoungGen: 349888K->131264K(364544K)] 849007K->736628K(1575424K), 0.0615951 secs] [Times: user=0.37 sys=0.00, real=0.06 secs] 
3230.746: [GC (Allocation Failure) [PSYoungGen: 364224K->131840K(464896K)] 969588K->868580K(1675776K), 0.0626665 secs] [Times: user=0.37 sys=0.00, real=0.06 secs] 
3231.929: [GC (Allocation Failure) [PSYoungGen: 372992K->2864K(456704K)] 1109732K->739660K(1667584K), 0.0033616 secs] [Times: user=0.02 sys=0.00, real=0.00 secs] 
3233.467: [GC (Allocation Failure) [PSYoungGen: 244016K->160320K(461312K)] 980812K->898645K(1672192K), 0.0316830 secs] [Times: user=0.18 sys=0.00, real=0.03 secs] 
3236.374: [GC (Allocation Failure) [PSYoungGen: 393280K->98528K(331776K)] 1131605K->988365K(1542656K), 0.0711934 secs] [Times: user=0.42 sys=0.01, real=0.07 secs] 
3237.318: [GC (Allocation Failure) [PSYoungGen: 331488K->163136K(457216K)] 1221325K->1149714K(1668096K), 0.0551557 secs] [Times: user=0.32 sys=0.01, real=0.05 secs] 
3237.374: [Full GC (Ergonomics) [PSYoungGen: 163136K->0K(457216K)] [ParOldGen: 986578K->190796K(1330176K)] 1149714K->190796K(1787392K), [Metaspace: 60171K->60171K(1105920K)], 0.4411343 secs] [Times: user=2.05 sys=0.00, real=0.45 secs] 
3240.528: [GC (Allocation Failure) [PSYoungGen: 231424K->96576K(463360K)] 422220K->287372K(1793536K), 0.0633249 secs] [Times: user=0.38 sys=0.00, real=0.06 secs] 
3241.779: [GC (Allocation Failure) [PSYoungGen: 328000K->164160K(460288K)] 518796K->448332K(1790464K), 0.0512194 secs] [Times: user=0.30 sys=0.00, real=0.05 secs] 
3243.928: [GC (Allocation Failure) [PSYoungGen: 399168K->97728K(466432K)] 683340K->537016K(1796608K), 0.1792605 secs] [Times: user=1.07 sys=0.00, real=0.18 secs] 
3244.599: [GC (Allocation Failure) [PSYoungGen: 332736K->172672K(458240K)] 772024K->705949K(1788416K), 0.0516612 secs] [Times: user=0.31 sys=0.00, real=0.05 secs] 
3247.579: [GC (Allocation Failure) [PSYoungGen: 405632K->87072K(465920K)] 938909K->792781K(1796096K), 0.1573356 secs] [Times: user=0.94 sys=0.00, real=0.16 secs] 
3248.314: [GC (Allocation Failure) [PSYoungGen: 320032K->173824K(462848K)] 1025741K->961289K(1793024K), 0.0912685 secs] [Times: user=0.54 sys=0.00, real=0.09 secs] 
3252.881: [GC (Allocation Failure) [PSYoungGen: 406784K->77216K(465920K)] 1194249K->1038277K(1796096K), 0.1453246 secs] [Times: user=0.87 sys=0.00, real=0.15 secs] 
3253.327: [GC (Allocation Failure) [PSYoungGen: 310176K->195872K(465920K)] 1271237K->1228401K(1796096K), 0.0673494 secs] [Times: user=0.32 sys=0.08, real=0.07 secs] 
3256.309: [GC (Allocation Failure) [PSYoungGen: 428832K->82784K(465920K)] 1461361K->1295049K(1796096K), 0.1312601 secs] [Times: user=0.62 sys=0.16, real=0.13 secs] 
3256.440: [Full GC (Ergonomics) [PSYoungGen: 82784K->0K(465920K)] [ParOldGen: 1212265K->92440K(1275392K)] 1295049K->92440K(1741312K), [Metaspace: 60173K->60173K(1105920K)], 0.1990975 secs] [Times: user=0.88 sys=0.00, real=0.20 secs] 
3257.302: [GC (Allocation Failure) [PSYoungGen: 232960K->210336K(465920K)] 325400K->302776K(1741312K), 0.0464597 secs] [Times: user=0.25 sys=0.02, real=0.05 secs] 
3259.252: [GC (Allocation Failure) [PSYoungGen: 443296K->90048K(465920K)] 535736K->351748K(1741312K), 0.0969006 secs] [Times: user=0.58 sys=0.00, real=0.10 secs] 
3260.468: [GC (Allocation Failure) [PSYoungGen: 323008K->154688K(465920K)] 584708K->499189K(1741312K), 0.0599258 secs] [Times: user=0.36 sys=0.01, real=0.06 secs] 
3261.757: [GC (Allocation Failure) [PSYoungGen: 387648K->115904K(465920K)] 732149K->614909K(1741312K), 0.0832862 secs] [Times: user=0.49 sys=0.01, real=0.08 secs] 
3263.688: [GC (Allocation Failure) [PSYoungGen: 348864K->140608K(465920K)] 847869K->736682K(1741312K), 0.0610266 secs] [Times: user=0.36 sys=0.00, real=0.06 secs] 
3264.887: [GC (Allocation Failure) [PSYoungGen: 373568K->128704K(361984K)] 969642K->865370K(1637376K), 0.0601322 secs] [Times: user=0.36 sys=0.00, real=0.06 secs] 
3266.324: [GC (Allocation Failure) [PSYoungGen: 361664K->118880K(469504K)] 1098330K->973983K(1744896K), 0.0621940 secs] [Times: user=0.38 sys=0.00, real=0.06 secs] 
3268.659: [GC (Allocation Failure) [PSYoungGen: 359520K->145888K(461824K)] 1214623K->1119887K(1737216K), 0.0562167 secs] [Times: user=0.33 sys=0.00, real=0.06 secs] 
3269.977: [GC (Allocation Failure) [PSYoungGen: 386528K->9344K(454656K)] 1360527K->983455K(1730048K), 0.0052068 secs] [Times: user=0.02 sys=0.00, real=0.00 secs] 
3272.243: [GC (Allocation Failure) [PSYoungGen: 245888K->166144K(402944K)] 1219999K->1147564K(1678336K), 0.0343342 secs] [Times: user=0.20 sys=0.00, real=0.04 secs] 
3274.387: [GC (Allocation Failure) [PSYoungGen: 402688K->97920K(468992K)] 1384108K->1236892K(1744384K), 0.1747500 secs] [Times: user=1.04 sys=0.00, real=0.17 secs] 
3274.562: [Full GC (Ergonomics) [PSYoungGen: 97920K->0K(468992K)] [ParOldGen: 1138972K->41942K(1265664K)] 1236892K->41942K(1734656K), [Metaspace: 60179K->60179K(1105920K)], 0.1124428 secs] [Times: user=0.47 sys=0.01, real=0.12 secs] 
3276.165: [GC (Allocation Failure) [PSYoungGen: 224681K->161280K(465920K)] 266623K->203222K(1731584K), 0.0310385 secs] [Times: user=0.18 sys=0.00, real=0.03 secs] 
3278.663: [GC (Allocation Failure) [PSYoungGen: 397312K->94016K(462848K)] 439254K->288350K(1728512K), 0.1726801 secs] [Times: user=1.03 sys=0.01, real=0.18 secs] 
3279.556: [GC (Allocation Failure) [PSYoungGen: 330048K->175008K(464384K)] 524382K->458918K(1730048K), 0.0497940 secs] [Times: user=0.30 sys=0.00, real=0.05 secs] 
3283.133: [GC (Allocation Failure) [PSYoungGen: 411040K->81696K(465920K)] 694950K->540338K(1731584K), 0.1709495 secs] [Times: user=1.01 sys=0.00, real=0.18 secs] 
3283.793: [GC (Allocation Failure) [PSYoungGen: 314656K->173792K(465920K)] 773298K->710627K(1731584K), 0.0547391 secs] [Times: user=0.33 sys=0.00, real=0.06 secs] 
3286.921: [GC (Allocation Failure) [PSYoungGen: 406752K->90368K(465920K)] 943587K->801219K(1731584K), 0.1216896 secs] [Times: user=0.72 sys=0.00, real=0.12 secs] 
3287.290: [GC (Allocation Failure) [PSYoungGen: 323328K->173920K(465920K)] 1034179K->969224K(1731584K), 0.0584979 secs] [Times: user=0.35 sys=0.00, real=0.06 secs] 
3289.325: [GC (Allocation Failure) [PSYoungGen: 406880K->89088K(465920K)] 1202184K->1057724K(1731584K), 0.1016766 secs] [Times: user=0.60 sys=0.00, real=0.10 secs] 
3291.508: [GC (Allocation Failure) [PSYoungGen: 318262K->197600K(465920K)] 1286899K->1248977K(1731584K), 0.0677102 secs] [Times: user=0.40 sys=0.00, real=0.07 secs] 
3291.576: [Full GC (Ergonomics) [PSYoungGen: 197600K->0K(465920K)] [ParOldGen: 1051377K->257369K(1398272K)] 1248977K->257369K(1864192K), [Metaspace: 60187K->60187K(1105920K)], 0.5119125 secs] [Times: user=2.05 sys=0.00, real=0.51 secs] 
3294.552: [GC (Allocation Failure) [PSYoungGen: 232960K->94071K(465920K)] 490329K->351441K(1864192K), 0.0306734 secs] [Times: user=0.18 sys=0.00, real=0.03 secs] 
3295.721: [GC (Allocation Failure) [PSYoungGen: 327031K->155008K(465920K)] 584401K->499754K(1864192K), 0.0600982 secs] [Times: user=0.36 sys=0.00, real=0.06 secs] 
3297.697: [GC (Allocation Failure) [PSYoungGen: 387968K->105984K(465920K)] 732714K->605950K(1864192K), 0.0826643 secs] [Times: user=0.50 sys=0.00, real=0.08 secs] 
3298.903: [GC (Allocation Failure) [PSYoungGen: 338944K->142208K(465920K)] 838910K->737850K(1864192K), 0.0609974 secs] [Times: user=0.36 sys=0.00, real=0.07 secs] 
3300.477: [GC (Allocation Failure) [PSYoungGen: 375168K->124832K(448512K)] 970810K->862426K(1846784K), 0.0633619 secs] [Times: user=0.35 sys=0.00, real=0.06 secs] 
3301.670: [GC (Allocation Failure) [PSYoungGen: 357792K->124000K(457216K)] 1095386K->975915K(1855488K), 0.0625434 secs] [Times: user=0.37 sys=0.00, real=0.06 secs] 
3304.031: [GC (Allocation Failure) [PSYoungGen: 356960K->142432K(467456K)] 1208875K->1117571K(1865728K), 0.0576418 secs] [Times: user=0.35 sys=0.00, real=0.06 secs] 
3305.679: [GC (Allocation Failure) [PSYoungGen: 401504K->12704K(471040K)] 1376643K->987943K(1869312K), 0.0099809 secs] [Times: user=0.05 sys=0.00, real=0.01 secs] 
3307.324: [GC (Allocation Failure) [PSYoungGen: 271776K->182752K(456704K)] 1247015K->1167688K(1854976K), 0.0398586 secs] [Times: user=0.24 sys=0.00, real=0.04 secs] 
3309.695: [GC (Allocation Failure) [PSYoungGen: 415712K->86080K(465920K)] 1400648K->1253456K(1864192K), 0.1831209 secs] [Times: user=1.09 sys=0.00, real=0.18 secs] 
3309.879: [Full GC (Ergonomics) [PSYoungGen: 86080K->0K(465920K)] [ParOldGen: 1167376K->56057K(1382912K)] 1253456K->56057K(1848832K), [Metaspace: 60188K->60188K(1105920K)], 0.1582030 secs] [Times: user=0.72 sys=0.00, real=0.16 secs] 
3310.576: [GC (Allocation Failure) [PSYoungGen: 232960K->169440K(465408K)] 289017K->225497K(1848320K), 0.0361446 secs] [Times: user=0.22 sys=0.00, real=0.03 secs] 
3312.868: [GC (Allocation Failure) [PSYoungGen: 402400K->90496K(465920K)] 458457K->315809K(1848832K), 0.1389424 secs] [Times: user=0.83 sys=0.00, real=0.14 secs] 
3313.272: [GC (Allocation Failure) [PSYoungGen: 323456K->175520K(465920K)] 548769K->485778K(1848832K), 0.0580014 secs] [Times: user=0.35 sys=0.00, real=0.06 secs] 
3316.860: [GC (Allocation Failure) [PSYoungGen: 408480K->81536K(465920K)] 718738K->567294K(1848832K), 0.1265437 secs] [Times: user=0.75 sys=0.00, real=0.13 secs] 
3317.373: [GC (Allocation Failure) [PSYoungGen: 313896K->208448K(465920K)] 799655K->769519K(1848832K), 0.0568758 secs] [Times: user=0.34 sys=0.00, real=0.06 secs] 
3319.784: [GC (Allocation Failure) [PSYoungGen: 441408K->87648K(465920K)] 1002479K->823255K(1848832K), 0.0927811 secs] [Times: user=0.55 sys=0.01, real=0.09 secs] 
3321.041: [GC (Allocation Failure) [PSYoungGen: 320608K->156672K(465920K)] 1056215K->973324K(1848832K), 0.0601227 secs] [Times: user=0.36 sys=0.00, real=0.06 secs] 
3322.843: [GC (Allocation Failure) [PSYoungGen: 389632K->101920K(465920K)] 1206284K->1075092K(1848832K), 0.0813580 secs] [Times: user=0.49 sys=0.00, real=0.09 secs] 
3324.289: [GC (Allocation Failure) [PSYoungGen: 334880K->146848K(465920K)] 1308052K->1211077K(1848832K), 0.0609950 secs] [Times: user=0.36 sys=0.00, real=0.06 secs] 
3326.157: [GC (Allocation Failure) [PSYoungGen: 379808K->119296K(352768K)] 1444037K->1330173K(1735680K), 0.0683448 secs] [Times: user=0.40 sys=0.00, real=0.07 secs] 
3326.226: [Full GC (Ergonomics) [PSYoungGen: 119296K->0K(352768K)] [ParOldGen: 1210877K->134004K(1398272K)] 1330173K->134004K(1751040K), [Metaspace: 60192K->60192K(1105920K)], 0.3257398 secs] [Times: user=1.49 sys=0.00, real=0.32 secs] 
3329.400: [GC (Allocation Failure) [PSYoungGen: 232960K->129120K(474112K)] 366964K->263124K(1872384K), 0.0468804 secs] [Times: user=0.28 sys=0.00, real=0.05 secs] 
3330.966: [GC (Allocation Failure) [PSYoungGen: 372320K->140736K(384000K)] 506324K->403600K(1782272K), 0.0660217 secs] [Times: user=0.39 sys=0.00, real=0.06 secs] 
3332.787: [GC (Allocation Failure) [PSYoungGen: 383936K->3040K(450560K)] 646800K->265944K(1848832K), 0.0021914 secs] [Times: user=0.01 sys=0.00, real=0.00 secs] 
3333.908: [GC (Allocation Failure) [PSYoungGen: 237536K->159840K(463360K)] 500440K->424677K(1861632K), 0.0314409 secs] [Times: user=0.18 sys=0.01, real=0.03 secs] 
3336.087: [GC (Allocation Failure) [PSYoungGen: 394336K->97920K(460800K)] 659173K->514125K(1859072K), 0.1599375 secs] [Times: user=0.96 sys=0.00, real=0.16 secs] 
3337.340: [GC (Allocation Failure) [PSYoungGen: 334878K->172416K(463360K)] 751083K->684182K(1861632K), 0.0527509 secs] [Times: user=0.31 sys=0.00, real=0.05 secs] 
3338.957: [GC (Allocation Failure) [PSYoungGen: 409472K->97952K(468480K)] 921238K->773622K(1866752K), 0.1047617 secs] [Times: user=0.62 sys=0.00, real=0.10 secs] 
3340.044: [GC (Allocation Failure) [PSYoungGen: 335008K->172256K(465920K)] 1010678K->941787K(1864192K), 0.0517411 secs] [Times: user=0.31 sys=0.00, real=0.06 secs] 
3343.753: [GC (Allocation Failure) [PSYoungGen: 408549K->87040K(466432K)] 1178080K->1028243K(1864704K), 0.1502776 secs] [Times: user=0.90 sys=0.00, real=0.15 secs] 
3344.170: [GC (Allocation Failure) [PSYoungGen: 320512K->173280K(465920K)] 1261715K->1197022K(1864192K), 0.0573399 secs] [Times: user=0.34 sys=0.01, real=0.06 secs] 
3347.374: [GC (Allocation Failure) [PSYoungGen: 406752K->83104K(465920K)] 1430494K->1280174K(1864192K), 0.1313448 secs] [Times: user=0.78 sys=0.00, real=0.14 secs] 
3347.505: [Full GC (Ergonomics) [PSYoungGen: 83104K->0K(465920K)] [ParOldGen: 1197070K->77351K(1398272K)] 1280174K->77351K(1864192K), [Metaspace: 60198K->60198K(1105920K)], 0.1919938 secs] [Times: user=0.89 sys=0.00, real=0.19 secs] 
3347.948: [GC (Allocation Failure) [PSYoungGen: 232960K->179520K(465920K)] 310311K->256871K(1864192K), 0.0385293 secs] [Times: user=0.22 sys=0.00, real=0.04 secs] 
3351.615: [GC (Allocation Failure) [PSYoungGen: 412480K->81504K(465920K)] 489831K->338711K(1864192K), 0.1027779 secs] [Times: user=0.59 sys=0.00, real=0.10 secs] 
3352.841: [GC (Allocation Failure) [PSYoungGen: 314464K->164576K(465920K)] 571671K->496856K(1864192K), 0.0600536 secs] [Times: user=0.36 sys=0.00, real=0.06 secs] 
3355.844: [GC (Allocation Failure) [PSYoungGen: 394086K->93728K(465920K)] 726367K->590872K(1864192K), 0.0931094 secs] [Times: user=0.55 sys=0.00, real=0.09 secs] 
3357.140: [GC (Allocation Failure) [PSYoungGen: 326688K->151616K(465920K)] 823832K->735401K(1864192K), 0.0601390 secs] [Times: user=0.36 sys=0.00, real=0.06 secs] 
3359.371: [GC (Allocation Failure) [PSYoungGen: 384576K->121664K(456704K)] 968361K->856561K(1854976K), 0.0828054 secs] [Times: user=0.49 sys=0.00, real=0.09 secs] 
3360.579: [GC (Allocation Failure) [PSYoungGen: 354624K->143200K(461312K)] 1089521K->972630K(1859584K), 0.0607677 secs] [Times: user=0.36 sys=0.00, real=0.06 secs] 
3362.456: [GC (Allocation Failure) [PSYoungGen: 376160K->123040K(452608K)] 1205590K->1095742K(1850880K), 0.0675336 secs] [Times: user=0.40 sys=0.00, real=0.07 secs] 
3363.670: [GC (Allocation Failure) [PSYoungGen: 369312K->2112K(461824K)] 1342014K->974914K(1860096K), 0.0035686 secs] [Times: user=0.02 sys=0.00, real=0.01 secs] 
3365.576: [GC (Allocation Failure) [PSYoungGen: 248384K->160000K(461312K)] 1221186K->1133634K(1859584K), 0.0319898 secs] [Times: user=0.19 sys=0.00, real=0.03 secs] 
3366.840: [GC (Allocation Failure) [PSYoungGen: 392960K->15008K(465920K)] 1366594K->988790K(1864192K), 0.0066464 secs] [Times: user=0.04 sys=0.00, real=0.01 secs] 
3367.796: [GC (Allocation Failure) [PSYoungGen: 243048K->169472K(465920K)] 1216831K->1156051K(1864192K), 0.0370075 secs] [Times: user=0.21 sys=0.00, real=0.03 secs] 
3370.768: [GC (Allocation Failure) [PSYoungGen: 402432K->87552K(465920K)] 1389011K->1235291K(1864192K), 0.1748669 secs] [Times: user=1.04 sys=0.01, real=0.17 secs] 
3370.943: [Full GC (Ergonomics) [PSYoungGen: 87552K->0K(465920K)] [ParOldGen: 1147739K->38179K(1398272K)] 1235291K->38179K(1864192K), [Metaspace: 60209K->60209K(1105920K)], 0.1054836 secs] [Times: user=0.42 sys=0.00, real=0.11 secs] 
3372.786: [GC (Allocation Failure) [PSYoungGen: 231172K->163456K(465920K)] 269351K->201635K(1864192K), 0.0315523 secs] [Times: user=0.19 sys=0.00, real=0.03 secs] 
3375.160: [GC (Allocation Failure) [PSYoungGen: 396416K->98272K(465920K)] 434595K->290579K(1864192K), 0.1247093 secs] [Times: user=0.75 sys=0.01, real=0.13 secs] 
3376.912: [GC (Allocation Failure) [PSYoungGen: 331232K->165440K(465920K)] 523539K->449695K(1864192K), 0.0494492 secs] [Times: user=0.29 sys=0.01, real=0.05 secs] 
3379.634: [GC (Allocation Failure) [PSYoungGen: 398400K->89984K(465920K)] 682655K->538816K(1864192K), 0.1746545 secs] [Times: user=1.04 sys=0.00, real=0.17 secs] 
3380.272: [GC (Allocation Failure) [PSYoungGen: 322944K->171008K(465920K)] 771776K->705932K(1864192K), 0.0556307 secs] [Times: user=0.33 sys=0.00, real=0.06 secs] 
3382.154: [GC (Allocation Failure) [PSYoungGen: 403968K->90080K(465920K)] 938892K->795756K(1864192K), 0.1155632 secs] [Times: user=0.69 sys=0.00, real=0.11 secs] 
3382.525: [GC (Allocation Failure) [PSYoungGen: 323040K->176896K(465920K)] 1028716K->966597K(1864192K), 0.0588644 secs] [Times: user=0.35 sys=0.00, real=0.06 secs] 
3385.402: [GC (Allocation Failure) [PSYoungGen: 409856K->86048K(465920K)] 1199557K->1052441K(1864192K), 0.1132516 secs] [Times: user=0.67 sys=0.01, real=0.12 secs] 
3386.520: [GC (Allocation Failure) [PSYoungGen: 314447K->201312K(465920K)] 1280841K->1247258K(1864192K), 0.0680510 secs] [Times: user=0.41 sys=0.00, real=0.07 secs] 
3388.877: [GC (Allocation Failure) [PSYoungGen: 434272K->92320K(465920K)] 1480218K->1302854K(1864192K), 0.0929582 secs] [Times: user=0.55 sys=0.00, real=0.09 secs] 
3388.970: [Full GC (Ergonomics) [PSYoungGen: 92320K->0K(465920K)] [ParOldGen: 1210534K->107434K(1398272K)] 1302854K->107434K(1864192K), [Metaspace: 60213K->60213K(1105920K)], 0.2399028 secs] [Times: user=1.08 sys=0.00, real=0.24 secs] 
3390.311: [GC (Allocation Failure) [PSYoungGen: 232960K->151264K(465920K)] 340394K->258698K(1864192K), 0.0431038 secs] [Times: user=0.25 sys=0.00, real=0.05 secs] 
3392.443: [GC (Allocation Failure) [PSYoungGen: 384224K->110816K(465920K)] 491658K->369774K(1864192K), 0.0789367 secs] [Times: user=0.47 sys=0.00, real=0.08 secs] 
3393.661: [GC (Allocation Failure) [PSYoungGen: 343776K->145408K(465920K)] 602734K->496275K(1864192K), 0.0601989 secs] [Times: user=0.36 sys=0.00, real=0.06 secs] 
3395.051: [GC (Allocation Failure) [PSYoungGen: 378368K->128416K(361472K)] 729235K->624859K(1759744K), 0.0700927 secs] [Times: user=0.42 sys=0.00, real=0.07 secs] 
3396.247: [GC (Allocation Failure) [PSYoungGen: 361376K->119712K(466432K)] 857819K->734147K(1864704K), 0.0627994 secs] [Times: user=0.37 sys=0.00, real=0.06 secs] 
3397.947: [GC (Allocation Failure) [PSYoungGen: 360864K->156384K(458240K)] 975299K->890267K(1856512K), 0.0578229 secs] [Times: user=0.34 sys=0.00, real=0.06 secs] 
3399.601: [GC (Allocation Failure) [PSYoungGen: 397536K->14432K(457728K)] 1131419K->748375K(1856000K), 0.0073304 secs] [Times: user=0.04 sys=0.00, real=0.01 secs] 
3401.650: [GC (Allocation Failure) [PSYoungGen: 253536K->168256K(407552K)] 987479K->914208K(1805824K), 0.0358355 secs] [Times: user=0.21 sys=0.00, real=0.04 secs] 
3403.453: [GC (Allocation Failure) [PSYoungGen: 407360K->100736K(469504K)] 1153312K->1005828K(1867776K), 0.1045353 secs] [Times: user=0.62 sys=0.00, real=0.11 secs] 
3404.697: [GC (Allocation Failure) [PSYoungGen: 337280K->170624K(465920K)] 1242372K->1172113K(1864192K), 0.0521348 secs] [Times: user=0.31 sys=0.01, real=0.05 secs] 
3406.632: [GC (Allocation Failure) [PSYoungGen: 407168K->93376K(467456K)] 1408657K->1264429K(1865728K), 0.1607313 secs] [Times: user=0.96 sys=0.00, real=0.16 secs] 
3406.793: [Full GC (Ergonomics) [PSYoungGen: 93376K->0K(467456K)] [ParOldGen: 1171053K->69326K(1398272K)] 1264429K->69326K(1865728K), [Metaspace: 60219K->60219K(1105920K)], 0.1737619 secs] [Times: user=0.80 sys=0.00, real=0.18 secs] 
3407.220: [GC (Allocation Failure) [PSYoungGen: 234496K->180416K(465920K)] 303822K->249742K(1864192K), 0.0385949 secs] [Times: user=0.23 sys=0.00, real=0.04 secs] 
3409.936: [GC (Allocation Failure) [PSYoungGen: 414912K->86496K(465920K)] 484238K->336498K(1864192K), 0.1178642 secs] [Times: user=0.70 sys=0.00, real=0.11 secs] 
3411.065: [GC (Allocation Failure) [PSYoungGen: 317925K->204736K(465920K)] 567928K->535370K(1864192K), 0.0678600 secs] [Times: user=0.40 sys=0.00, real=0.06 secs] 
3414.116: [GC (Allocation Failure) [PSYoungGen: 437696K->88800K(465920K)] 768330K->587442K(1864192K), 0.0990439 secs] [Times: user=0.59 sys=0.00, real=0.10 secs] 
3415.321: [GC (Allocation Failure) [PSYoungGen: 321760K->155776K(465920K)] 820402K->736497K(1864192K), 0.0599517 secs] [Times: user=0.36 sys=0.00, real=0.06 secs] 
3417.062: [GC (Allocation Failure) [PSYoungGen: 388736K->105728K(465920K)] 969457K->841873K(1864192K), 0.0726362 secs] [Times: user=0.44 sys=0.00, real=0.08 secs] 
3418.240: [GC (Allocation Failure) [PSYoungGen: 338688K->142848K(465920K)] 1074833K->974374K(1864192K), 0.0610079 secs] [Times: user=0.36 sys=0.00, real=0.06 secs] 
3420.632: [GC (Allocation Failure) [PSYoungGen: 375808K->123616K(452608K)] 1207334K->1097286K(1850880K), 0.0689666 secs] [Times: user=0.41 sys=0.00, real=0.07 secs] 
3421.857: [GC (Allocation Failure) [PSYoungGen: 356576K->124384K(459264K)] 1330246K->1211578K(1857536K), 0.0625266 secs] [Times: user=0.37 sys=0.00, real=0.06 secs] 
3424.469: [GC (Allocation Failure) [PSYoungGen: 357344K->143072K(467456K)] 1444538K->1354426K(1865728K), 0.0585336 secs] [Times: user=0.34 sys=0.00, real=0.06 secs] 
3424.528: [Full GC (Ergonomics) [PSYoungGen: 143072K->0K(467456K)] [ParOldGen: 1211354K->159092K(1398272K)] 1354426K->159092K(1865728K), [Metaspace: 60228K->60228K(1105920K)], 0.3639027 secs] [Times: user=1.68 sys=0.00, real=0.36 secs] 
3426.732: [GC (Allocation Failure) [PSYoungGen: 254976K->115712K(468992K)] 414068K->274804K(1867264K), 0.1160178 secs] [Times: user=0.69 sys=0.00, real=0.12 secs] 
3428.848: [GC (Allocation Failure) [PSYoungGen: 364757K->174048K(471040K)] 523850K->446721K(1869312K), 0.0597552 secs] [Times: user=0.36 sys=0.00, real=0.06 secs] 
3432.265: [GC (Allocation Failure) [PSYoungGen: 437216K->111808K(480256K)] 709889K->549293K(1878528K), 0.1690367 secs] [Times: user=1.00 sys=0.00, real=0.17 secs] 
3433.397: [GC (Allocation Failure) [PSYoungGen: 374976K->194752K(455168K)] 812461K->739510K(1853440K), 0.0591775 secs] [Times: user=0.35 sys=0.01, real=0.06 secs] 
3436.300: [GC (Allocation Failure) [PSYoungGen: 437952K->93088K(471040K)] 982710K->832398K(1869312K), 0.1090858 secs] [Times: user=0.65 sys=0.00, real=0.11 secs] 
3439.021: [GC (Allocation Failure) [PSYoungGen: 336288K->152416K(465408K)] 1075598K->978409K(1863680K), 0.0613171 secs] [Times: user=0.37 sys=0.00, real=0.06 secs] 
3440.860: [GC (Allocation Failure) [PSYoungGen: 397152K->121600K(468992K)] 1223145K->1100025K(1867264K), 0.0748408 secs] [Times: user=0.44 sys=0.00, real=0.08 secs] 
3443.330: [GC (Allocation Failure) [PSYoungGen: 366336K->127456K(462336K)] 1344761K->1216546K(1860608K), 0.0638295 secs] [Times: user=0.37 sys=0.01, real=0.07 secs] 
3446.073: [GC (Allocation Failure) [PSYoungGen: 384480K->159264K(466944K)] 1473570K->1375090K(1865216K), 0.0622888 secs] [Times: user=0.37 sys=0.01, real=0.07 secs] 
3446.135: [Full GC (Ergonomics) [PSYoungGen: 159264K->0K(466944K)] [ParOldGen: 1215826K->174706K(1398272K)] 1375090K->174706K(1865216K), [Metaspace: 60229K->60229K(1105920K)], 0.4050954 secs] [Times: user=1.87 sys=0.00, real=0.40 secs] 
3448.042: [GC (Allocation Failure) [PSYoungGen: 257024K->109792K(484864K)] 431730K->284498K(1883136K), 0.0614370 secs] [Times: user=0.36 sys=0.00, real=0.06 secs] 
3449.925: [GC (Allocation Failure) [PSYoungGen: 386784K->198976K(476160K)] 561490K->480711K(1874432K), 0.0603140 secs] [Times: user=0.36 sys=0.00, real=0.06 secs] 
3451.725: [GC (Allocation Failure) [PSYoungGen: 468683K->114208K(477184K)] 750418K->594383K(1875456K), 0.0816181 secs] [Times: user=0.48 sys=0.00, real=0.08 secs] 
3454.297: [GC (Allocation Failure) [PSYoungGen: 368672K->151040K(406016K)] 848847K->738996K(1804288K), 0.0659659 secs] [Times: user=0.39 sys=0.00, real=0.06 secs] 
3455.571: [GC (Allocation Failure) [PSYoungGen: 405504K->139936K(479744K)] 993460K->878756K(1878016K), 0.0638397 secs] [Times: user=0.38 sys=0.00, real=0.07 secs] 
3458.777: [GC (Allocation Failure) [PSYoungGen: 401568K->9472K(472576K)] 1140388K->748332K(1870848K), 0.0052161 secs] [Times: user=0.02 sys=0.00, real=0.00 secs] 
3459.723: [GC (Allocation Failure) [PSYoungGen: 271104K->187936K(458752K)] 1009964K->934429K(1857024K), 0.0400326 secs] [Times: user=0.23 sys=0.00, real=0.04 secs] 
3462.245: [GC (Allocation Failure) [PSYoungGen: 420896K->86848K(465920K)] 1167389K->1021117K(1864192K), 0.1524069 secs] [Times: user=0.90 sys=0.01, real=0.15 secs] 
3462.912: [GC (Allocation Failure) [PSYoungGen: 319808K->168448K(465920K)] 1254077K->1185837K(1864192K), 0.1010869 secs] [Times: user=0.59 sys=0.01, real=0.10 secs] 
3465.369: [GC (Allocation Failure) [PSYoungGen: 401408K->89568K(465920K)] 1418797K->1275066K(1864192K), 0.1495399 secs] [Times: user=0.89 sys=0.00, real=0.15 secs] 
3465.519: [Full GC (Ergonomics) [PSYoungGen: 89568K->0K(465920K)] [ParOldGen: 1185497K->74310K(1398272K)] 1275066K->74310K(1864192K), [Metaspace: 60229K->60229K(1105920K)], 0.1861254 secs] [Times: user=0.86 sys=0.00, real=0.19 secs] 
3466.061: [GC (Allocation Failure) [PSYoungGen: 232960K->173056K(465920K)] 307270K->247366K(1864192K), 0.0498485 secs] [Times: user=0.30 sys=0.00, real=0.05 secs] 
3469.542: [GC (Allocation Failure) [PSYoungGen: 406016K->81792K(465920K)] 480326K->329070K(1864192K), 0.1241350 secs] [Times: user=0.73 sys=0.00, real=0.13 secs] 
3469.987: [GC (Allocation Failure) [PSYoungGen: 314752K->193056K(465920K)] 562030K->515763K(1864192K), 0.0560283 secs] [Times: user=0.33 sys=0.00, real=0.05 secs] 
3473.342: [GC (Allocation Failure) [PSYoungGen: 426016K->84640K(465920K)] 748723K->583419K(1864192K), 0.1130151 secs] [Times: user=0.67 sys=0.00, real=0.12 secs] 
3474.565: [GC (Allocation Failure) [PSYoungGen: 317600K->160032K(465920K)] 816379K->736904K(1864192K), 0.0598746 secs] [Times: user=0.36 sys=0.00, real=0.06 secs] 
3475.888: [GC (Allocation Failure) [PSYoungGen: 392992K->100448K(465920K)] 969864K->837344K(1864192K), 0.0919441 secs] [Times: user=0.54 sys=0.00, real=0.09 secs] 
3477.799: [GC (Allocation Failure) [PSYoungGen: 333408K->147616K(465920K)] 1070304K->974493K(1864192K), 0.0610653 secs] [Times: user=0.36 sys=0.00, real=0.06 secs] 
3479.853: [GC (Allocation Failure) [PSYoungGen: 380576K->114016K(347136K)] 1207453K->1088301K(1745408K), 0.0759072 secs] [Times: user=0.45 sys=0.00, real=0.08 secs] 
3481.714: [GC (Allocation Failure) [PSYoungGen: 346976K->134496K(471552K)] 1321261K->1211722K(1869824K), 0.0616513 secs] [Times: user=0.36 sys=0.00, real=0.07 secs] 
3482.820: [GC (Allocation Failure) [PSYoungGen: 375648K->137184K(378368K)] 1452874K->1349114K(1776640K), 0.0613751 secs] [Times: user=0.36 sys=0.00, real=0.06 secs] 
3482.881: [Full GC (Ergonomics) [PSYoungGen: 137184K->0K(378368K)] [ParOldGen: 1211930K->153213K(1398272K)] 1349114K->153213K(1776640K), [Metaspace: 60229K->60229K(1105920K)], 0.3538562 secs] [Times: user=1.64 sys=0.00, real=0.36 secs] 
3484.448: [GC (Allocation Failure) [PSYoungGen: 241152K->114368K(468480K)] 394365K->267581K(1866752K), 0.0486945 secs] [Times: user=0.29 sys=0.00, real=0.05 secs] 
3486.497: [GC (Allocation Failure) [PSYoungGen: 366784K->180288K(462336K)] 519997K->446298K(1860608K), 0.0607866 secs] [Times: user=0.36 sys=0.00, real=0.06 secs] 
3489.545: [GC (Allocation Failure) [PSYoungGen: 432704K->101984K(481280K)] 698714K->539614K(1879552K), 0.1809621 secs] [Times: user=1.08 sys=0.01, real=0.18 secs] 
3490.739: [GC (Allocation Failure) [PSYoungGen: 362080K->195008K(455168K)] 799710K->730223K(1853440K), 0.0560700 secs] [Times: user=0.34 sys=0.00, real=0.06 secs] 
3495.773: [GC (Allocation Failure) [PSYoungGen: 455104K->95040K(468480K)] 990319K->825435K(1866752K), 0.1260360 secs] [Times: user=0.73 sys=0.02, real=0.13 secs] 
3497.077: [GC (Allocation Failure) [PSYoungGen: 330560K->159296K(465920K)] 1060955K->977962K(1864192K), 0.0633742 secs] [Times: user=0.38 sys=0.00, real=0.06 secs] 
3499.283: [GC (Allocation Failure) [PSYoungGen: 394816K->119104K(457728K)] 1213482K->1096970K(1856000K), 0.0951489 secs] [Times: user=0.56 sys=0.00, real=0.10 secs] 
3500.556: [GC (Allocation Failure) [PSYoungGen: 357184K->145344K(461824K)] 1335050K->1215207K(1860096K), 0.0611185 secs] [Times: user=0.36 sys=0.00, real=0.06 secs] 
3502.502: [GC (Allocation Failure) [PSYoungGen: 383424K->140128K(462336K)] 1453287K->1355391K(1860608K), 0.0628075 secs] [Times: user=0.38 sys=0.00, real=0.07 secs] 
3502.565: [Full GC (Ergonomics) [PSYoungGen: 140128K->0K(462336K)] [ParOldGen: 1215263K->147962K(1398272K)] 1355391K->147962K(1860608K), [Metaspace: 60242K->60242K(1105920K)], 0.3393498 secs] [Times: user=1.56 sys=0.00, real=0.34 secs] 
3504.358: [GC (Allocation Failure) [PSYoungGen: 256000K->122048K(468480K)] 403962K->270010K(1866752K), 0.0757850 secs] [Times: user=0.45 sys=0.01, real=0.08 secs] 
3507.328: [GC (Allocation Failure) [PSYoungGen: 378048K->178240K(474112K)] 526010K->446531K(1872384K), 0.0631077 secs] [Times: user=0.37 sys=0.00, real=0.06 secs] 
3510.362: [GC (Allocation Failure) [PSYoungGen: 444992K->115008K(482816K)] 713283K->552459K(1881088K), 0.1840691 secs] [Times: user=1.10 sys=0.00, real=0.19 secs] 
3511.397: [GC (Allocation Failure) [PSYoungGen: 380385K->212448K(445440K)] 817837K->775208K(1843712K), 0.0683388 secs] [Times: user=0.40 sys=0.01, real=0.07 secs] 
3514.287: [GC (Allocation Failure) [PSYoungGen: 445408K->87264K(465920K)] 1008168K->827444K(1864192K), 0.1067294 secs] [Times: user=0.63 sys=0.00, real=0.10 secs] 
3515.514: [GC (Allocation Failure) [PSYoungGen: 320224K->156960K(465920K)] 1060404K->977435K(1864192K), 0.0602425 secs] [Times: user=0.36 sys=0.00, real=0.06 secs] 
3517.516: [GC (Allocation Failure) [PSYoungGen: 389920K->103008K(465920K)] 1210395K->1080607K(1864192K), 0.0889745 secs] [Times: user=0.53 sys=0.00, real=0.09 secs] 
3518.744: [GC (Allocation Failure) [PSYoungGen: 335968K->145408K(465920K)] 1313567K->1215468K(1864192K), 0.0612201 secs] [Times: user=0.36 sys=0.00, real=0.06 secs] 
3521.577: [GC (Allocation Failure) [PSYoungGen: 378368K->125408K(465920K)] 1448428K->1340636K(1864192K), 0.0748827 secs] [Times: user=0.45 sys=0.01, real=0.07 secs] 
3521.652: [Full GC (Ergonomics) [PSYoungGen: 125408K->0K(465920K)] [ParOldGen: 1215228K->133296K(1398272K)] 1340636K->133296K(1864192K), [Metaspace: 60245K->60245K(1105920K)], 0.3025374 secs] [Times: user=1.39 sys=0.00, real=0.31 secs] 
3523.084: [GC (Allocation Failure) [PSYoungGen: 232960K->131424K(465920K)] 366256K->264720K(1864192K), 0.0440915 secs] [Times: user=0.26 sys=0.00, real=0.04 secs] 
3525.495: [GC (Allocation Failure) [PSYoungGen: 364384K->135040K(368128K)] 497680K->399732K(1766400K), 0.0699605 secs] [Times: user=0.41 sys=0.01, real=0.07 secs] 
3527.229: [GC (Allocation Failure) [PSYoungGen: 368000K->2080K(458752K)] 632692K->266804K(1857024K), 0.0019996 secs] [Times: user=0.01 sys=0.00, real=0.00 secs] 
3528.993: [GC (Allocation Failure) [PSYoungGen: 231456K->146144K(462336K)] 496180K->411801K(1860608K), 0.0287283 secs] [Times: user=0.17 sys=0.00, real=0.03 secs] 
3531.047: [GC (Allocation Failure) [PSYoungGen: 375520K->4128K(465920K)] 641177K->269873K(1864192K), 0.0022289 secs] [Times: user=0.01 sys=0.00, real=0.00 secs] 
3532.305: [GC (Allocation Failure) [PSYoungGen: 237088K->157152K(465920K)] 502833K->425957K(1864192K), 0.0311681 secs] [Times: user=0.18 sys=0.00, real=0.03 secs] 
3534.188: [GC (Allocation Failure) [PSYoungGen: 390112K->102752K(465920K)] 658917K->519229K(1864192K), 0.0817009 secs] [Times: user=0.49 sys=0.00, real=0.08 secs] 
3535.289: [GC (Allocation Failure) [PSYoungGen: 335712K->169184K(465920K)] 752189K->686298K(1864192K), 0.0538632 secs] [Times: user=0.32 sys=0.00, real=0.05 secs] 
3537.872: [GC (Allocation Failure) [PSYoungGen: 402144K->92672K(465920K)] 919258K->770162K(1864192K), 0.1599722 secs] [Times: user=0.95 sys=0.00, real=0.16 secs] 
3538.953: [GC (Allocation Failure) [PSYoungGen: 310376K->159776K(465920K)] 987867K->926259K(1864192K), 0.0488607 secs] [Times: user=0.29 sys=0.00, real=0.05 secs] 
3540.742: [GC (Allocation Failure) [PSYoungGen: 392736K->97344K(465920K)] 1159219K->1014747K(1864192K), 0.1522559 secs] [Times: user=0.91 sys=0.00, real=0.16 secs] 
3541.821: [GC (Allocation Failure) [PSYoungGen: 330304K->170880K(465920K)] 1247707K->1181764K(1864192K), 0.0516993 secs] [Times: user=0.31 sys=0.00, real=0.05 secs] 
3544.934: [GC (Allocation Failure) [PSYoungGen: 403840K->85312K(465920K)] 1414724K->1266700K(1864192K), 0.1821198 secs] [Times: user=1.08 sys=0.00, real=0.18 secs] 
3545.116: [Full GC (Ergonomics) [PSYoungGen: 85312K->0K(465920K)] [ParOldGen: 1181388K->60101K(1398272K)] 1266700K->60101K(1864192K), [Metaspace: 60245K->60245K(1105920K)], 0.1678526 secs] [Times: user=0.80 sys=0.00, real=0.17 secs] 
3545.633: [GC (Allocation Failure) [PSYoungGen: 232960K->174368K(465920K)] 293061K->234469K(1864192K), 0.0359118 secs] [Times: user=0.21 sys=0.00, real=0.04 secs] 
3549.011: [GC (Allocation Failure) [PSYoungGen: 407328K->80896K(465920K)] 467429K->315573K(1864192K), 0.1394560 secs] [Times: user=0.83 sys=0.00, real=0.14 secs] 
3549.420: [GC (Allocation Failure) [PSYoungGen: 313856K->195776K(465920K)] 548533K->505302K(1864192K), 0.0573104 secs] [Times: user=0.34 sys=0.00, real=0.06 secs] 
3552.784: [GC (Allocation Failure) [PSYoungGen: 428736K->85664K(465920K)] 738262K->574766K(1864192K), 0.1214409 secs] [Times: user=0.73 sys=0.00, real=0.12 secs] 
3553.699: [GC (Allocation Failure) [PSYoungGen: 318624K->204960K(465920K)] 807726K->773319K(1864192K), 0.0651473 secs] [Times: user=0.38 sys=0.01, real=0.07 secs] 
3556.136: [GC (Allocation Failure) [PSYoungGen: 437920K->93280K(465920K)] 1006279K->829279K(1864192K), 0.0943693 secs] [Times: user=0.57 sys=0.00, real=0.09 secs] 
3557.353: [GC (Allocation Failure) [PSYoungGen: 326240K->151104K(465920K)] 1062239K->973694K(1864192K), 0.0604927 secs] [Times: user=0.36 sys=0.00, real=0.07 secs] 
3559.110: [GC (Allocation Failure) [PSYoungGen: 384064K->106304K(465920K)] 1206654K->1079790K(1864192K), 0.0704777 secs] [Times: user=0.42 sys=0.00, real=0.07 secs] 
3560.333: [GC (Allocation Failure) [PSYoungGen: 339264K->142592K(465920K)] 1312750K->1211675K(1864192K), 0.0613654 secs] [Times: user=0.37 sys=0.00, real=0.07 secs] 
3562.971: [GC (Allocation Failure) [PSYoungGen: 375552K->123136K(463872K)] 1444635K->1334491K(1862144K), 0.0759634 secs] [Times: user=0.45 sys=0.00, real=0.08 secs] 
3563.047: [Full GC (Ergonomics) [PSYoungGen: 123136K->0K(463872K)] [ParOldGen: 1211355K->139108K(1398272K)] 1334491K->139108K(1862144K), [Metaspace: 60248K->60248K(1105920K)], 0.3167927 secs] [Times: user=1.46 sys=0.00, real=0.32 secs] 
3564.462: [GC (Allocation Failure) [PSYoungGen: 232960K->125600K(358912K)] 372068K->264708K(1757184K), 0.0431717 secs] [Times: user=0.26 sys=0.00, real=0.05 secs] 
3566.828: [GC (Allocation Failure) [PSYoungGen: 358560K->140736K(463872K)] 497668K->404896K(1862144K), 0.0613655 secs] [Times: user=0.36 sys=0.00, real=0.06 secs] 
3568.027: [GC (Allocation Failure) [PSYoungGen: 381888K->6528K(458752K)] 646048K->270744K(1857024K), 0.0030723 secs] [Times: user=0.01 sys=0.00, real=0.00 secs] 
3570.542: [GC (Allocation Failure) [PSYoungGen: 247680K->161920K(462848K)] 511896K->430597K(1861120K), 0.0326654 secs] [Times: user=0.19 sys=0.00, real=0.04 secs] 
3571.993: [GC (Allocation Failure) [PSYoungGen: 394880K->102080K(335360K)] 663557K->523453K(1733632K), 0.0955844 secs] [Times: user=0.56 sys=0.00, real=0.10 secs] 
3572.861: [GC (Allocation Failure) [PSYoungGen: 326894K->164512K(457728K)] 748267K->685370K(1856000K), 0.0528445 secs] [Times: user=0.31 sys=0.00, real=0.06 secs] 
3575.241: [GC (Allocation Failure) [PSYoungGen: 392976K->90464K(463360K)] 913834K->766806K(1861632K), 0.1633142 secs] [Times: user=0.98 sys=0.00, real=0.17 secs] 
3577.026: [GC (Allocation Failure) [PSYoungGen: 309920K->159648K(462848K)] 986263K->923887K(1861120K), 0.0484944 secs] [Times: user=0.29 sys=0.00, real=0.05 secs] 
3579.701: [GC (Allocation Failure) [PSYoungGen: 394656K->93120K(328192K)] 1158895K->1008563K(1726464K), 0.1644416 secs] [Times: user=0.98 sys=0.00, real=0.17 secs] 
3580.920: [GC (Allocation Failure) [PSYoungGen: 328128K->167904K(459264K)] 1243571K->1172769K(1857536K), 0.0508555 secs] [Times: user=0.29 sys=0.00, real=0.05 secs] 
3583.989: [GC (Allocation Failure) [PSYoungGen: 400864K->87968K(465920K)] 1405729K->1260149K(1864192K), 0.1729335 secs] [Times: user=1.03 sys=0.00, real=0.17 secs] 
3584.162: [Full GC (Ergonomics) [PSYoungGen: 87968K->0K(465920K)] [ParOldGen: 1172181K->57220K(1398272K)] 1260149K->57220K(1864192K), [Metaspace: 60248K->60248K(1105920K)], 0.1556313 secs] [Times: user=0.71 sys=0.00, real=0.16 secs] 
3584.839: [GC (Allocation Failure) [PSYoungGen: 232960K->170496K(461824K)] 290180K->227716K(1860096K), 0.0359034 secs] [Times: user=0.21 sys=0.00, real=0.04 secs] 
3588.122: [GC (Allocation Failure) [PSYoungGen: 403456K->86432K(465920K)] 460676K->314092K(1864192K), 0.1640500 secs] [Times: user=0.98 sys=0.00, real=0.17 secs] 
3588.576: [GC (Allocation Failure) [PSYoungGen: 319392K->176032K(464896K)] 547052K->483905K(1863168K), 0.0564383 secs] [Times: user=0.34 sys=0.00, real=0.05 secs] 
3591.282: [GC (Allocation Failure) [PSYoungGen: 408992K->85952K(465920K)] 716865K->569625K(1864192K), 0.1195389 secs] [Times: user=0.71 sys=0.00, real=0.12 secs] 
3592.001: [GC (Allocation Failure) [PSYoungGen: 318023K->206624K(465920K)] 801697K->770137K(1864192K), 0.0615784 secs] [Times: user=0.37 sys=0.00, real=0.06 secs] 
3593.961: [GC (Allocation Failure) [PSYoungGen: 439584K->89664K(465920K)] 1003097K->825009K(1864192K), 0.1046729 secs] [Times: user=0.62 sys=0.00, real=0.11 secs] 
3595.219: [GC (Allocation Failure) [PSYoungGen: 322624K->153952K(465920K)] 1057969K->972413K(1864192K), 0.0600950 secs] [Times: user=0.35 sys=0.00, real=0.06 secs] 
3597.538: [GC (Allocation Failure) [PSYoungGen: 386912K->102528K(465920K)] 1205373K->1075173K(1864192K), 0.0811871 secs] [Times: user=0.48 sys=0.00, real=0.08 secs] 
3599.201: [GC (Allocation Failure) [PSYoungGen: 335488K->146272K(465920K)] 1308133K->1210437K(1864192K), 0.0607954 secs] [Times: user=0.36 sys=0.00, real=0.06 secs] 
3600.649: [GC (Allocation Failure) [PSYoungGen: 379232K->119168K(352256K)] 1443397K->1329325K(1750528K), 0.0703784 secs] [Times: user=0.42 sys=0.00, real=0.07 secs] 
3600.719: [Full GC (Ergonomics) [PSYoungGen: 119168K->0K(352256K)] [ParOldGen: 1210157K->135261K(1398272K)] 1329325K->135261K(1750528K), [Metaspace: 60372K->60372K(1105920K)], 0.3036202 secs] [Times: user=1.39 sys=0.00, real=0.30 secs] 
3602.123: [GC (Allocation Failure) [PSYoungGen: 232960K->129664K(470528K)] 368221K->264925K(1868800K), 0.0442713 secs] [Times: user=0.26 sys=0.00, real=0.05 secs] 
3604.844: [GC (Allocation Failure) [PSYoungGen: 372352K->152672K(460800K)] 507613K->417165K(1859072K), 0.0652017 secs] [Times: user=0.39 sys=0.00, real=0.06 secs] 
3606.396: [GC (Allocation Failure) [PSYoungGen: 395360K->7616K(456192K)] 659853K->272157K(1854464K), 0.0035608 secs] [Times: user=0.02 sys=0.00, real=0.00 secs] 
3609.398: [GC (Allocation Failure) [PSYoungGen: 245696K->161408K(399872K)] 510237K->431778K(1798144K), 0.0331309 secs] [Times: user=0.20 sys=0.00, real=0.03 secs] 
3611.616: [GC (Allocation Failure) [PSYoungGen: 399488K->98496K(470528K)] 669858K->521078K(1868800K), 0.1662727 secs] [Times: user=0.99 sys=0.01, real=0.16 secs] 
3614.183: [GC (Allocation Failure) [PSYoungGen: 333093K->167712K(465920K)] 755675K->685611K(1864192K), 0.0521816 secs] [Times: user=0.31 sys=0.00, real=0.06 secs] 
3616.290: [GC (Allocation Failure) [PSYoungGen: 405280K->95552K(466432K)] 923179K->772243K(1864704K), 0.1832823 secs] [Times: user=1.09 sys=0.00, real=0.18 secs] 
3617.381: [GC (Allocation Failure) [PSYoungGen: 332608K->170784K(465920K)] 1009299K->939164K(1864192K), 0.0507084 secs] [Times: user=0.30 sys=0.00, real=0.05 secs] 
3619.536: [GC (Allocation Failure) [PSYoungGen: 407840K->95808K(467968K)] 1176220K->1034664K(1866240K), 0.1670315 secs] [Times: user=0.99 sys=0.01, real=0.16 secs] 
3619.986: [GC (Allocation Failure) [PSYoungGen: 330816K->180736K(465920K)] 1269672K->1208897K(1864192K), 0.0603260 secs] [Times: user=0.35 sys=0.00, real=0.06 secs] 
3622.993: [GC (Allocation Failure) [PSYoungGen: 415744K->82752K(465920K)] 1443905K->1291817K(1864192K), 0.1182910 secs] [Times: user=0.71 sys=0.00, real=0.12 secs] 
3623.112: [Full GC (Ergonomics) [PSYoungGen: 82752K->0K(465920K)] [ParOldGen: 1209065K->89484K(1398272K)] 1291817K->89484K(1864192K), [Metaspace: 60372K->60372K(1105920K)], 0.2182469 secs] [Times: user=0.97 sys=0.00, real=0.22 secs] 
3623.684: [GC (Allocation Failure) [PSYoungGen: 231351K->205984K(465920K)] 320836K->295468K(1864192K), 0.0373474 secs] [Times: user=0.21 sys=0.01, real=0.04 secs] 
3626.854: [GC (Allocation Failure) [PSYoungGen: 438944K->82592K(465920K)] 528428K->343900K(1864192K), 0.1139156 secs] [Times: user=0.68 sys=0.00, real=0.12 secs] 
3628.114: [GC (Allocation Failure) [PSYoungGen: 315552K->162720K(465920K)] 576860K->499343K(1864192K), 0.0590643 secs] [Times: user=0.35 sys=0.00, real=0.05 secs] 
3631.060: [GC (Allocation Failure) [PSYoungGen: 392536K->93440K(465920K)] 729160K->592491K(1864192K), 0.0950836 secs] [Times: user=0.56 sys=0.00, real=0.10 secs] 
3632.300: [GC (Allocation Failure) [PSYoungGen: 326400K->151104K(465920K)] 825451K->736714K(1864192K), 0.0602081 secs] [Times: user=0.36 sys=0.00, real=0.06 secs] 
3634.896: [GC (Allocation Failure) [PSYoungGen: 384064K->106656K(465920K)] 969674K->843338K(1864192K), 0.0890686 secs] [Times: user=0.53 sys=0.00, real=0.09 secs] 
3636.110: [GC (Allocation Failure) [PSYoungGen: 339616K->142016K(375296K)] 1076298K->974247K(1773568K), 0.0607381 secs] [Times: user=0.36 sys=0.01, real=0.06 secs] 
3638.740: [GC (Allocation Failure) [PSYoungGen: 374976K->123104K(473600K)] 1207207K->1097119K(1871872K), 0.0661158 secs] [Times: user=0.38 sys=0.00, real=0.07 secs] 
3639.990: [GC (Allocation Failure) [PSYoungGen: 365280K->1024K(464384K)] 1339295K->975123K(1862656K), 0.0023203 secs] [Times: user=0.01 sys=0.00, real=0.00 secs] 
3641.864: [GC (Allocation Failure) [PSYoungGen: 243200K->156064K(465920K)] 1217299K->1130768K(1864192K), 0.0313829 secs] [Times: user=0.18 sys=0.00, real=0.03 secs] 
3643.429: [GC (Allocation Failure) [PSYoungGen: 389024K->9216K(465920K)] 1363728K->984168K(1864192K), 0.0044976 secs] [Times: user=0.03 sys=0.00, real=0.00 secs] 
3644.793: [GC (Allocation Failure) [PSYoungGen: 242176K->167648K(465920K)] 1217128K->1149685K(1864192K), 0.0351149 secs] [Times: user=0.21 sys=0.00, real=0.04 secs] 
3646.819: [GC (Allocation Failure) [PSYoungGen: 400608K->97792K(465920K)] 1382645K->1238425K(1864192K), 0.1455716 secs] [Times: user=0.86 sys=0.01, real=0.15 secs] 
3646.965: [Full GC (Ergonomics) [PSYoungGen: 97792K->0K(465920K)] [ParOldGen: 1140633K->41639K(1398272K)] 1238425K->41639K(1864192K), [Metaspace: 60379K->60379K(1105920K)], 0.1120452 secs] [Times: user=0.45 sys=0.00, real=0.11 secs] 
3648.010: [GC (Allocation Failure) [PSYoungGen: 220561K->160224K(465920K)] 262200K->201863K(1864192K), 0.0310225 secs] [Times: user=0.18 sys=0.00, real=0.03 secs] 
3649.982: [GC (Allocation Failure) [PSYoungGen: 393184K->94400K(465920K)] 434823K->287591K(1864192K), 0.1594938 secs] [Times: user=0.95 sys=0.00, real=0.16 secs] 
3652.261: [GC (Allocation Failure) [PSYoungGen: 327360K->198112K(465920K)] 520551K->481628K(1864192K), 0.0504451 secs] [Times: user=0.30 sys=0.00, real=0.05 secs] 
3655.120: [GC (Allocation Failure) [PSYoungGen: 431072K->85728K(465920K)] 714588K->533828K(1864192K), 0.1633641 secs] [Times: user=0.97 sys=0.00, real=0.16 secs] 
3656.017: [GC (Allocation Failure) [PSYoungGen: 318688K->173248K(465920K)] 766788K->703153K(1864192K), 0.0549750 secs] [Times: user=0.33 sys=0.00, real=0.05 secs] 
3659.150: [GC (Allocation Failure) [PSYoungGen: 406208K->83616K(465920K)] 936113K->786841K(1864192K), 0.1590467 secs] [Times: user=0.95 sys=0.00, real=0.16 secs] 
3659.609: [GC (Allocation Failure) [PSYoungGen: 316576K->179104K(465920K)] 1019801K->959909K(1864192K), 0.0576972 secs] [Times: user=0.34 sys=0.00, real=0.06 secs] 
3663.031: [GC (Allocation Failure) [PSYoungGen: 412064K->79424K(465920K)] 1192869K->1039521K(1864192K), 0.1410433 secs] [Times: user=0.85 sys=0.00, real=0.14 secs] 
3663.479: [GC (Allocation Failure) [PSYoungGen: 312384K->194944K(465920K)] 1272481K->1227950K(1864192K), 0.0563825 secs] [Times: user=0.33 sys=0.00, real=0.06 secs] 
3665.639: [GC (Allocation Failure) [PSYoungGen: 427904K->91008K(465920K)] 1460910K->1302342K(1864192K), 0.1100333 secs] [Times: user=0.65 sys=0.01, real=0.11 secs] 
3665.749: [Full GC (Ergonomics) [PSYoungGen: 91008K->0K(465920K)] [ParOldGen: 1211334K->107669K(1398272K)] 1302342K->107669K(1864192K), [Metaspace: 60395K->60395K(1105920K)], 0.2425016 secs] [Times: user=1.10 sys=0.00, real=0.24 secs] 
3667.075: [GC (Allocation Failure) [PSYoungGen: 232960K->153568K(465920K)] 340629K->261237K(1864192K), 0.0439575 secs] [Times: user=0.26 sys=0.00, real=0.04 secs] 
3669.318: [GC (Allocation Failure) [PSYoungGen: 386528K->112576K(465920K)] 494197K->373645K(1864192K), 0.0891056 secs] [Times: user=0.53 sys=0.00, real=0.09 secs] 
3670.575: [GC (Allocation Failure) [PSYoungGen: 345536K->144608K(465920K)] 606605K->499438K(1864192K), 0.0603697 secs] [Times: user=0.36 sys=0.00, real=0.06 secs] 
3673.897: [GC (Allocation Failure) [PSYoungGen: 377568K->121824K(354816K)] 732398K->620606K(1753088K), 0.0732406 secs] [Times: user=0.44 sys=0.00, real=0.07 secs] 
3675.095: [GC (Allocation Failure) [PSYoungGen: 354784K->126688K(474624K)] 853566K->736842K(1872896K), 0.0626406 secs] [Times: user=0.37 sys=0.00, real=0.06 secs] 
3677.543: [GC (Allocation Failure) [PSYoungGen: 369888K->144448K(464384K)] 980042K->880810K(1862656K), 0.0585703 secs] [Times: user=0.34 sys=0.00, real=0.06 secs] 
3679.105: [GC (Allocation Failure) [PSYoungGen: 387648K->9216K(452608K)] 1124010K->745642K(1850880K), 0.0081943 secs] [Times: user=0.04 sys=0.00, real=0.00 secs] 
3682.217: [GC (Allocation Failure) [PSYoungGen: 243712K->163584K(464384K)] 980138K->907031K(1862656K), 0.0347450 secs] [Times: user=0.20 sys=0.00, real=0.03 secs] 
3683.632: [GC (Allocation Failure) [PSYoungGen: 398080K->96736K(462848K)] 1141527K->994631K(1861120K), 0.1232909 secs] [Times: user=0.73 sys=0.00, real=0.13 secs] 
3685.662: [GC (Allocation Failure) [PSYoungGen: 328037K->165568K(464384K)] 1225933K->1157796K(1862656K), 0.1100750 secs] [Times: user=0.65 sys=0.00, real=0.11 secs] 
3688.210: [GC (Allocation Failure) [PSYoungGen: 401600K->98144K(465920K)] 1393828K->1247412K(1864192K), 0.1423518 secs] [Times: user=0.84 sys=0.01, real=0.14 secs] 
3689.637: [GC (Allocation Failure) [PSYoungGen: 335712K->170880K(465920K)] 1484980K->1414205K(1864192K), 0.0604780 secs] [Times: user=0.31 sys=0.05, real=0.06 secs] 
3689.698: [Full GC (Ergonomics) [PSYoungGen: 170880K->0K(465920K)] [ParOldGen: 1243325K->215286K(1398272K)] 1414205K->215286K(1864192K), [Metaspace: 60396K->60396K(1105920K)], 0.4908591 secs] [Times: user=2.28 sys=0.00, real=0.49 secs] 
3693.056: [GC (Allocation Failure) [PSYoungGen: 237568K->92960K(467968K)] 452854K->308246K(1866240K), 0.1352093 secs] [Times: user=0.80 sys=0.00, real=0.13 secs] 
3693.502: [GC (Allocation Failure) [PSYoungGen: 328480K->194528K(465920K)] 543766K->496983K(1864192K), 0.0588457 secs] [Times: user=0.35 sys=0.01, real=0.06 secs] 
3696.675: [GC (Allocation Failure) [PSYoungGen: 430048K->86624K(465920K)] 732503K->567091K(1864192K), 0.1241492 secs] [Times: user=0.74 sys=0.00, real=0.12 secs] 
3697.877: [GC (Allocation Failure) [PSYoungGen: 319236K->207104K(465920K)] 799703K->767452K(1864192K), 0.0680611 secs] [Times: user=0.41 sys=0.00, real=0.07 secs] 
3699.290: [GC (Allocation Failure) [PSYoungGen: 438426K->93184K(465920K)] 998774K->823884K(1864192K), 0.1087556 secs] [Times: user=0.65 sys=0.00, real=0.11 secs] 
3700.528: [GC (Allocation Failure) [PSYoungGen: 326144K->151424K(465920K)] 1056844K->968711K(1864192K), 0.0604176 secs] [Times: user=0.36 sys=0.01, real=0.06 secs] 
3703.298: [GC (Allocation Failure) [PSYoungGen: 384384K->105664K(465920K)] 1201671K->1073727K(1864192K), 0.0872784 secs] [Times: user=0.52 sys=0.00, real=0.09 secs] 
3704.580: [GC (Allocation Failure) [PSYoungGen: 338624K->142912K(465920K)] 1306687K->1206316K(1864192K), 0.0613502 secs] [Times: user=0.36 sys=0.00, real=0.06 secs] 
3707.259: [GC (Allocation Failure) [PSYoungGen: 375872K->119328K(455680K)] 1439276K->1325516K(1853952K), 0.0729405 secs] [Times: user=0.43 sys=0.00, real=0.07 secs] 
3707.332: [Full GC (Ergonomics) [PSYoungGen: 119328K->0K(455680K)] [ParOldGen: 1206188K->134782K(1398272K)] 1325516K->134782K(1853952K), [Metaspace: 60403K->60403K(1105920K)], 0.2913345 secs] [Times: user=1.32 sys=0.00, real=0.29 secs] 
3708.934: [GC (Allocation Failure) [PSYoungGen: 232960K->129152K(460800K)] 367742K->263934K(1859072K), 0.0460295 secs] [Times: user=0.28 sys=0.00, real=0.04 secs] 
3711.372: [GC (Allocation Failure) [PSYoungGen: 362112K->134560K(462336K)] 496894K->398750K(1860608K), 0.0695253 secs] [Times: user=0.41 sys=0.00, real=0.07 secs] 
3712.842: [GC (Allocation Failure) [PSYoungGen: 387488K->7584K(464384K)] 651678K->271850K(1862656K), 0.0037140 secs] [Times: user=0.01 sys=0.00, real=0.01 secs] 
3714.484: [GC (Allocation Failure) [PSYoungGen: 260512K->176480K(457216K)] 524778K->446303K(1855488K), 0.0355543 secs] [Times: user=0.20 sys=0.00, real=0.03 secs] 
3716.130: [GC (Allocation Failure) [PSYoungGen: 409440K->100288K(465920K)] 679263K->537183K(1864192K), 0.1343123 secs] [Times: user=0.80 sys=0.00, real=0.14 secs] 
3717.165: [GC (Allocation Failure) [PSYoungGen: 333248K->169344K(460800K)] 770143K->703423K(1859072K), 0.1063535 secs] [Times: user=0.64 sys=0.00, real=0.10 secs] 
3720.321: [GC (Allocation Failure) [PSYoungGen: 402304K->81984K(465920K)] 936383K->785104K(1864192K), 0.1716946 secs] [Times: user=1.01 sys=0.01, real=0.17 secs] 
3720.860: [GC (Allocation Failure) [PSYoungGen: 314944K->173152K(464896K)] 1018064K->954748K(1863168K), 0.0559630 secs] [Times: user=0.32 sys=0.01, real=0.06 secs] 
3727.542: [GC (Allocation Failure) [PSYoungGen: 403543K->74496K(465920K)] 1185140K->1029204K(1864192K), 0.1442105 secs] [Times: user=0.86 sys=0.00, real=0.15 secs] 
3727.976: [GC (Allocation Failure) [PSYoungGen: 307456K->171488K(465920K)] 1262164K->1196873K(1864192K), 0.0540782 secs] [Times: user=0.32 sys=0.01, real=0.05 secs] 
3731.327: [GC (Allocation Failure) [PSYoungGen: 404448K->83136K(465920K)] 1429833K->1279825K(1864192K), 0.1276090 secs] [Times: user=0.71 sys=0.00, real=0.13 secs] 
3731.454: [Full GC (Ergonomics) [PSYoungGen: 83136K->0K(465920K)] [ParOldGen: 1196689K->75967K(1398272K)] 1279825K->75967K(1864192K), [Metaspace: 60405K->60405K(1105920K)], 0.1802616 secs] [Times: user=0.82 sys=0.00, real=0.18 secs] 
3731.868: [GC (Allocation Failure) [PSYoungGen: 232960K->175360K(465920K)] 308927K->251327K(1864192K), 0.0372890 secs] [Times: user=0.22 sys=0.00, real=0.04 secs] 
3735.574: [GC (Allocation Failure) [PSYoungGen: 408320K->82784K(465920K)] 484287K->334007K(1864192K), 0.1276287 secs] [Times: user=0.76 sys=0.00, real=0.13 secs] 
3736.659: [GC (Allocation Failure) [PSYoungGen: 315744K->195552K(465920K)] 566967K->523064K(1864192K), 0.0649614 secs] [Times: user=0.38 sys=0.00, real=0.07 secs] 
3738.884: [GC (Allocation Failure) [PSYoungGen: 428512K->89856K(465920K)] 756024K->588528K(1864192K), 0.1082976 secs] [Times: user=0.64 sys=0.00, real=0.10 secs] 
3740.178: [GC (Allocation Failure) [PSYoungGen: 322816K->154528K(465920K)] 821488K->736153K(1864192K), 0.0603674 secs] [Times: user=0.36 sys=0.00, real=0.06 secs] 
3740.967: [GC (Allocation Failure) [PSYoungGen: 387488K->115328K(465920K)] 969113K->851681K(1864192K), 0.0614789 secs] [Times: user=0.37 sys=0.00, real=0.06 secs] 
3742.534: [GC (Allocation Failure) [PSYoungGen: 348288K->133056K(462848K)] 1084641K->974334K(1861120K), 0.0614859 secs] [Times: user=0.36 sys=0.00, real=0.06 secs] 
3745.150: [GC (Allocation Failure) [PSYoungGen: 366016K->132320K(365568K)] 1207294K->1105998K(1763840K), 0.0623807 secs] [Times: user=0.37 sys=0.00, real=0.06 secs] 
3746.326: [GC (Allocation Failure) [PSYoungGen: 365280K->1632K(449024K)] 1338958K->975358K(1847296K), 0.0022710 secs] [Times: user=0.01 sys=0.00, real=0.00 secs] 
3748.841: [GC (Allocation Failure) [PSYoungGen: 228448K->144832K(459776K)] 1202174K->1119179K(1858048K), 0.0303263 secs] [Times: user=0.17 sys=0.00, real=0.03 secs] 
3750.086: [GC (Allocation Failure) [PSYoungGen: 371648K->3104K(465920K)] 1345995K->977539K(1864192K), 0.0023991 secs] [Times: user=0.02 sys=0.00, real=0.00 secs] 
3753.265: [GC (Allocation Failure) [PSYoungGen: 236064K->159264K(465920K)] 1210499K->1135032K(1864192K), 0.0306411 secs] [Times: user=0.18 sys=0.00, real=0.03 secs] 
3754.917: [GC (Allocation Failure) [PSYoungGen: 392224K->104832K(465920K)] 1367992K->1221876K(1864192K), 0.1739568 secs] [Times: user=1.03 sys=0.01, real=0.17 secs] 
3757.598: [GC (Allocation Failure) [PSYoungGen: 337792K->160608K(465920K)] 1454836K->1380424K(1864192K), 0.0536672 secs] [Times: user=0.32 sys=0.00, real=0.05 secs] 
3757.651: [Full GC (Ergonomics) [PSYoungGen: 160608K->0K(465920K)] [ParOldGen: 1219816K->181952K(1398272K)] 1380424K->181952K(1864192K), [Metaspace: 60415K->60415K(1105920K)], 0.4413479 secs] [Times: user=2.06 sys=0.00, real=0.44 secs] 
3759.782: [GC (Allocation Failure) [PSYoungGen: 232960K->97824K(463872K)] 414912K->279776K(1862144K), 0.0997841 secs] [Times: user=0.59 sys=0.01, real=0.10 secs] 
3761.125: [GC (Allocation Failure) [PSYoungGen: 330784K->167840K(464896K)] 512736K->445171K(1863168K), 0.0525060 secs] [Times: user=0.31 sys=0.00, real=0.05 secs] 
3763.612: [GC (Allocation Failure) [PSYoungGen: 400800K->95520K(465920K)] 678131K->531491K(1864192K), 0.1602685 secs] [Times: user=0.95 sys=0.01, real=0.16 secs] 
3764.447: [GC (Allocation Failure) [PSYoungGen: 329504K->170688K(465920K)] 765475K->698088K(1864192K), 0.0512508 secs] [Times: user=0.30 sys=0.00, real=0.05 secs] 
3767.507: [GC (Allocation Failure) [PSYoungGen: 404672K->86688K(465920K)] 932072K->784220K(1864192K), 0.1746406 secs] [Times: user=1.04 sys=0.01, real=0.17 secs] 
3768.561: [GC (Allocation Failure) [PSYoungGen: 319648K->173632K(465920K)] 1017180K->953895K(1864192K), 0.0566123 secs] [Times: user=0.33 sys=0.00, real=0.06 secs] 
3771.393: [GC (Allocation Failure) [PSYoungGen: 406592K->80096K(465920K)] 1186855K->1034171K(1864192K), 0.1320364 secs] [Times: user=0.79 sys=0.00, real=0.14 secs] 
3771.796: [GC (Allocation Failure) [PSYoungGen: 313056K->179232K(465920K)] 1267131K->1207408K(1864192K), 0.0571975 secs] [Times: user=0.34 sys=0.00, real=0.06 secs] 
3774.647: [GC (Allocation Failure) [PSYoungGen: 412192K->92992K(465920K)] 1440368K->1300640K(1864192K), 0.1131540 secs] [Times: user=0.67 sys=0.00, real=0.11 secs] 
3774.760: [Full GC (Ergonomics) [PSYoungGen: 92992K->0K(465920K)] [ParOldGen: 1207648K->98441K(1398272K)] 1300640K->98441K(1864192K), [Metaspace: 60415K->60415K(1105920K)], 0.2301986 secs] [Times: user=1.05 sys=0.00, real=0.23 secs] 
3775.964: [GC (Allocation Failure) [PSYoungGen: 230463K->198208K(465920K)] 328904K->296649K(1864192K), 0.0486983 secs] [Times: user=0.28 sys=0.00, real=0.04 secs] 
3778.821: [GC (Allocation Failure) [PSYoungGen: 427272K->92864K(465920K)] 525713K->352109K(1864192K), 0.0961069 secs] [Times: user=0.57 sys=0.00, real=0.10 secs] 
3780.094: [GC (Allocation Failure) [PSYoungGen: 325824K->151296K(465920K)] 585069K->497149K(1864192K), 0.0599091 secs] [Times: user=0.35 sys=0.00, real=0.06 secs] 
3783.631: [GC (Allocation Failure) [PSYoungGen: 384256K->102496K(465920K)] 730109K->599549K(1864192K), 0.0901534 secs] [Times: user=0.54 sys=0.00, real=0.09 secs] 
3784.844: [GC (Allocation Failure) [PSYoungGen: 335456K->146016K(465920K)] 832509K->735110K(1864192K), 0.0607316 secs] [Times: user=0.36 sys=0.01, real=0.06 secs] 
3787.367: [GC (Allocation Failure) [PSYoungGen: 378976K->124896K(453632K)] 968070K->859794K(1851904K), 0.0649118 secs] [Times: user=0.38 sys=0.00, real=0.06 secs] 
3788.596: [GC (Allocation Failure) [PSYoungGen: 357856K->131616K(459776K)] 1092754K->972601K(1858048K), 0.0616721 secs] [Times: user=0.37 sys=0.00, real=0.06 secs] 
3791.518: [GC (Allocation Failure) [PSYoungGen: 364576K->134912K(461312K)] 1205561K->1107186K(1859584K), 0.0655466 secs] [Times: user=0.39 sys=0.00, real=0.06 secs] 
3793.406: [GC (Allocation Failure) [PSYoungGen: 388864K->8064K(465408K)] 1361138K->980354K(1863680K), 0.0038583 secs] [Times: user=0.02 sys=0.00, real=0.00 secs] 
3794.858: [GC (Allocation Failure) [PSYoungGen: 262016K->176384K(457216K)] 1234306K->1155154K(1855488K), 0.0360337 secs] [Times: user=0.21 sys=0.00, real=0.04 secs] 
3797.484: [GC (Allocation Failure) [PSYoungGen: 409344K->94528K(465920K)] 1388114K->1240746K(1864192K), 0.1798592 secs] [Times: user=1.07 sys=0.00, real=0.18 secs] 
3797.664: [Full GC (Ergonomics) [PSYoungGen: 94528K->0K(465920K)] [ParOldGen: 1146218K->45171K(1398272K)] 1240746K->45171K(1864192K), [Metaspace: 60416K->60416K(1105920K)], 0.1229348 secs] [Times: user=0.54 sys=0.00, real=0.13 secs] 
3799.540: [GC (Allocation Failure) [PSYoungGen: 232960K->183488K(461824K)] 278131K->228659K(1860096K), 0.0366272 secs] [Times: user=0.21 sys=0.00, real=0.04 secs] 
3802.160: [GC (Allocation Failure) [PSYoungGen: 416448K->88608K(465920K)] 461619K->300639K(1864192K), 0.1607916 secs] [Times: user=0.96 sys=0.00, real=0.16 secs] 
3803.399: [GC (Allocation Failure) [PSYoungGen: 321568K->170784K(465920K)] 533599K->467488K(1864192K), 0.0553117 secs] [Times: user=0.33 sys=0.00, real=0.06 secs] 
3806.500: [GC (Allocation Failure) [PSYoungGen: 403744K->82752K(465920K)] 700448K->550048K(1864192K), 0.1321502 secs] [Times: user=0.79 sys=0.00, real=0.13 secs] 
3807.056: [GC (Allocation Failure) [PSYoungGen: 315712K->195520K(465920K)] 783008K->739633K(1864192K), 0.0569332 secs] [Times: user=0.34 sys=0.01, real=0.05 secs] 
3810.326: [GC (Allocation Failure) [PSYoungGen: 428480K->83264K(465920K)] 972593K->806745K(1864192K), 0.1257592 secs] [Times: user=0.75 sys=0.00, real=0.12 secs] 
3811.543: [GC (Allocation Failure) [PSYoungGen: 313389K->207392K(465920K)] 1036870K->1007342K(1864192K), 0.0622134 secs] [Times: user=0.38 sys=0.00, real=0.07 secs] 
3814.881: [GC (Allocation Failure) [PSYoungGen: 440352K->87296K(465920K)] 1240302K->1060086K(1864192K), 0.1142298 secs] [Times: user=0.68 sys=0.01, real=0.12 secs] 
3816.331: [GC (Allocation Failure) [PSYoungGen: 320256K->157312K(465920K)] 1293046K->1210494K(1864192K), 0.0607512 secs] [Times: user=0.36 sys=0.00, real=0.06 secs] 
3818.696: [GC (Allocation Failure) [PSYoungGen: 390272K->99840K(465920K)] 1443454K->1310210K(1864192K), 0.0961678 secs] [Times: user=0.57 sys=0.00, real=0.09 secs] 
3818.792: [Full GC (Ergonomics) [PSYoungGen: 99840K->0K(465920K)] [ParOldGen: 1210370K->114942K(1398272K)] 1310210K->114942K(1864192K), [Metaspace: 60416K->60416K(1105920K)], 0.2614571 secs] [Times: user=1.20 sys=0.00, real=0.27 secs] 
3820.168: [GC (Allocation Failure) [PSYoungGen: 232960K->148672K(465920K)] 347902K->263614K(1864192K), 0.0546695 secs] [Times: user=0.33 sys=0.00, real=0.05 secs] 
3822.653: [GC (Allocation Failure) [PSYoungGen: 381632K->117312K(465920K)] 496574K->380962K(1864192K), 0.0953469 secs] [Times: user=0.57 sys=0.00, real=0.10 secs] 
3823.906: [GC (Allocation Failure) [PSYoungGen: 350272K->131616K(455680K)] 613922K->501997K(1853952K), 0.0619738 secs] [Times: user=0.36 sys=0.00, real=0.06 secs] 
3825.994: [GC (Allocation Failure) [PSYoungGen: 364576K->138144K(460800K)] 734957K->639437K(1859072K), 0.0584962 secs] [Times: user=0.34 sys=0.01, real=0.06 secs] 
3827.163: [GC (Allocation Failure) [PSYoungGen: 371104K->2784K(454144K)] 872397K->504157K(1852416K), 0.0021316 secs] [Times: user=0.01 sys=0.00, real=0.01 secs] 
3830.671: [GC (Allocation Failure) [PSYoungGen: 235744K->151872K(465920K)] 737117K->654354K(1864192K), 0.0300718 secs] [Times: user=0.18 sys=0.00, real=0.03 secs] 
3832.056: [GC (Allocation Failure) [PSYoungGen: 384832K->104352K(452608K)] 887314K->749386K(1850880K), 0.0982608 secs] [Times: user=0.58 sys=0.00, real=0.10 secs] 
3834.500: [GC (Allocation Failure) [PSYoungGen: 337312K->162976K(459264K)] 982346K->910431K(1857536K), 0.0539461 secs] [Times: user=0.32 sys=0.00, real=0.06 secs] 
3837.081: [GC (Allocation Failure) [PSYoungGen: 395936K->93344K(466944K)] 1143391K->994975K(1865216K), 0.1431589 secs] [Times: user=0.85 sys=0.01, real=0.15 secs] 
3838.730: [GC (Allocation Failure) [PSYoungGen: 326186K->168352K(409088K)] 1227817K->1160880K(1807360K), 0.1020125 secs] [Times: user=0.60 sys=0.00, real=0.10 secs] 
3843.834: [GC (Allocation Failure) [PSYoungGen: 408992K->91456K(470528K)] 1401520K->1243852K(1868800K), 0.1709749 secs] [Times: user=1.02 sys=0.00, real=0.17 secs] 
3844.005: [Full GC (Ergonomics) [PSYoungGen: 91456K->0K(470528K)] [ParOldGen: 1152396K->42275K(1398272K)] 1243852K->42275K(1868800K), [Metaspace: 60417K->60417K(1105920K)], 0.1163309 secs] [Times: user=0.47 sys=0.00, real=0.11 secs] 
3845.104: [GC (Allocation Failure) [PSYoungGen: 237568K->174496K(465920K)] 279843K->216771K(1864192K), 0.0368329 secs] [Times: user=0.22 sys=0.00, real=0.03 secs] 
3848.148: [GC (Allocation Failure) [PSYoungGen: 412064K->87744K(465920K)] 454339K->304627K(1864192K), 0.1521323 secs] [Times: user=0.91 sys=0.00, real=0.15 secs] 
3849.090: [GC (Allocation Failure) [PSYoungGen: 320704K->173792K(465920K)] 537587K->474460K(1864192K), 0.0561479 secs] [Times: user=0.33 sys=0.00, real=0.06 secs] 
3852.543: [GC (Allocation Failure) [PSYoungGen: 406752K->82880K(465920K)] 707420K->557444K(1864192K), 0.1658715 secs] [Times: user=0.99 sys=0.00, real=0.17 secs] 
3852.987: [GC (Allocation Failure) [PSYoungGen: 315840K->179712K(465920K)] 790404K->731261K(1864192K), 0.0581779 secs] [Times: user=0.34 sys=0.01, real=0.06 secs] 
3856.035: [GC (Allocation Failure) [PSYoungGen: 412672K->86464K(465920K)] 964221K->817949K(1864192K), 0.1178623 secs] [Times: user=0.70 sys=0.01, real=0.11 secs] 
3856.878: [GC (Allocation Failure) [PSYoungGen: 319424K->206912K(465920K)] 1050909K->1014328K(1864192K), 0.0625889 secs] [Times: user=0.37 sys=0.01, real=0.06 secs] 
3859.143: [GC (Allocation Failure) [PSYoungGen: 438507K->93440K(465920K)] 1245923K->1066368K(1864192K), 0.0984665 secs] [Times: user=0.58 sys=0.01, real=0.10 secs] 
3860.723: [GC (Allocation Failure) [PSYoungGen: 326400K->151104K(465920K)] 1299328K->1210597K(1864192K), 0.0612232 secs] [Times: user=0.37 sys=0.00, real=0.07 secs] 
3862.958: [GC (Allocation Failure) [PSYoungGen: 384064K->106624K(465920K)] 1443557K->1317185K(1864192K), 0.0881044 secs] [Times: user=0.53 sys=0.00, real=0.09 secs] 
3863.046: [Full GC (Ergonomics) [PSYoungGen: 106624K->0K(465920K)] [ParOldGen: 1210561K->121574K(1398272K)] 1317185K->121574K(1864192K), [Metaspace: 60427K->60427K(1105920K)], 0.2633788 secs] [Times: user=1.18 sys=0.00, real=0.26 secs] 
3865.268: [GC (Allocation Failure) [PSYoungGen: 232960K->141728K(465920K)] 354534K->263302K(1864192K), 0.0519204 secs] [Times: user=0.31 sys=0.00, real=0.05 secs] 
3867.885: [GC (Allocation Failure) [PSYoungGen: 374688K->120192K(454656K)] 496262K->383414K(1852928K), 0.0886816 secs] [Times: user=0.53 sys=0.00, real=0.08 secs] 
3869.105: [GC (Allocation Failure) [PSYoungGen: 353152K->128224K(460288K)] 616374K->500978K(1858560K), 0.0616757 secs] [Times: user=0.37 sys=0.00, real=0.06 secs] 
3869.894: [GC (Allocation Failure) [PSYoungGen: 361184K->143296K(467968K)] 733938K->644058K(1866240K), 0.0583589 secs] [Times: user=0.34 sys=0.00, real=0.05 secs] 
3871.942: [GC (Allocation Failure) [PSYoungGen: 396736K->10560K(467456K)] 897498K->511374K(1865728K), 0.0073183 secs] [Times: user=0.03 sys=0.00, real=0.01 secs] 
3874.023: [GC (Allocation Failure) [PSYoungGen: 252201K->174080K(459264K)] 753016K->683179K(1857536K), 0.0358060 secs] [Times: user=0.21 sys=0.00, real=0.04 secs] 
3876.999: [GC (Allocation Failure) [PSYoungGen: 407040K->92096K(465920K)] 916139K->766899K(1864192K), 0.1822092 secs] [Times: user=1.08 sys=0.01, real=0.18 secs] 
3878.836: [GC (Allocation Failure) [PSYoungGen: 311385K->160000K(463360K)] 986189K->922208K(1861632K), 0.0478728 secs] [Times: user=0.28 sys=0.00, real=0.05 secs] 
3881.609: [GC (Allocation Failure) [PSYoungGen: 392960K->94048K(327168K)] 1155168K->1007432K(1725440K), 0.1564577 secs] [Times: user=0.93 sys=0.00, real=0.16 secs] 
3882.905: [GC (Allocation Failure) [PSYoungGen: 311362K->157728K(461312K)] 1224747K->1161105K(1859584K), 0.0485416 secs] [Times: user=0.29 sys=0.01, real=0.04 secs] 
3885.695: [GC (Allocation Failure) [PSYoungGen: 390688K->93120K(463872K)] 1394065K->1245189K(1862144K), 0.0989238 secs] [Times: user=0.58 sys=0.00, real=0.09 secs] 
3886.997: [GC (Allocation Failure) [PSYoungGen: 326080K->168608K(458752K)] 1478149K->1410739K(1857024K), 0.1332906 secs] [Times: user=0.79 sys=0.00, real=0.13 secs] 
3887.131: [Full GC (Ergonomics) [PSYoungGen: 168608K->0K(458752K)] [ParOldGen: 1242131K->208915K(1398272K)] 1410739K->208915K(1857024K), [Metaspace: 60429K->60429K(1105920K)], 0.5331550 secs] [Times: user=2.55 sys=0.00, real=0.54 secs] 
3890.193: [GC (Allocation Failure) [PSYoungGen: 232960K->92480K(465408K)] 441875K->301395K(1863680K), 0.1527982 secs] [Times: user=0.91 sys=0.00, real=0.16 secs] 
3890.874: [GC (Allocation Failure) [PSYoungGen: 325440K->183872K(460800K)] 534355K->481238K(1859072K), 0.0571524 secs] [Times: user=0.34 sys=0.00, real=0.05 secs] 
3894.389: [GC (Allocation Failure) [PSYoungGen: 416832K->82528K(465920K)] 714198K->546686K(1864192K), 0.1208816 secs] [Times: user=0.72 sys=0.00, real=0.12 secs] 
3894.935: [GC (Allocation Failure) [PSYoungGen: 315488K->179168K(465920K)] 779646K->719999K(1864192K), 0.0569657 secs] [Times: user=0.34 sys=0.00, real=0.05 secs] 
3898.404: [GC (Allocation Failure) [PSYoungGen: 412128K->82752K(465920K)] 952959K->802991K(1864192K), 0.1345622 secs] [Times: user=0.80 sys=0.00, real=0.13 secs] 
3899.125: [GC (Allocation Failure) [PSYoungGen: 312322K->207168K(465920K)] 1032562K->1003980K(1864192K), 0.0623296 secs] [Times: user=0.37 sys=0.00, real=0.06 secs] 
3902.129: [GC (Allocation Failure) [PSYoungGen: 440128K->86336K(465920K)] 1236940K->1055772K(1864192K), 0.1180969 secs] [Times: user=0.71 sys=0.00, real=0.12 secs] 
3903.367: [GC (Allocation Failure) [PSYoungGen: 319296K->158496K(465920K)] 1288732K->1207337K(1864192K), 0.0606034 secs] [Times: user=0.36 sys=0.00, real=0.06 secs] 
3906.651: [GC (Allocation Failure) [PSYoungGen: 391456K->99968K(465920K)] 1440297K->1307097K(1864192K), 0.0974174 secs] [Times: user=0.58 sys=0.01, real=0.10 secs] 
3906.749: [Full GC (Ergonomics) [PSYoungGen: 99968K->0K(465920K)] [ParOldGen: 1207129K->114999K(1398272K)] 1307097K->114999K(1864192K), [Metaspace: 60429K->60429K(1105920K)], 0.2618051 secs] [Times: user=1.20 sys=0.00, real=0.26 secs] 
3908.137: [GC (Allocation Failure) [PSYoungGen: 232960K->149056K(465920K)] 347959K->264055K(1864192K), 0.0535332 secs] [Times: user=0.31 sys=0.00, real=0.05 secs] 
3911.781: [GC (Allocation Failure) [PSYoungGen: 382016K->112736K(465920K)] 497015K->376656K(1864192K), 0.0998205 secs] [Times: user=0.59 sys=0.00, real=0.10 secs] 
3913.007: [GC (Allocation Failure) [PSYoungGen: 345696K->136096K(454656K)] 609616K->502123K(1852928K), 0.0616201 secs] [Times: user=0.37 sys=0.00, real=0.06 secs] 
3914.355: [GC (Allocation Failure) [PSYoungGen: 369056K->133312K(460288K)] 735083K->635347K(1858560K), 0.0668762 secs] [Times: user=0.39 sys=0.01, real=0.06 secs] 
3915.977: [GC (Allocation Failure) [PSYoungGen: 366272K->2432K(454656K)] 868307K->504499K(1852928K), 0.0026708 secs] [Times: user=0.01 sys=0.00, real=0.00 secs] 
3917.664: [GC (Allocation Failure) [PSYoungGen: 238464K->155488K(391680K)] 740531K->658640K(1789952K), 0.0306312 secs] [Times: user=0.18 sys=0.00, real=0.03 secs] 
3920.974: [GC (Allocation Failure) [PSYoungGen: 391520K->5152K(465920K)] 894672K->508412K(1864192K), 0.0042505 secs] [Times: user=0.02 sys=0.01, real=0.00 secs] 
3922.923: [GC (Allocation Failure) [PSYoungGen: 238112K->162624K(465920K)] 741372K->668936K(1864192K), 0.0329066 secs] [Times: user=0.19 sys=0.00, real=0.04 secs] 
3924.482: [GC (Allocation Failure) [PSYoungGen: 395584K->101056K(465920K)] 901896K->760928K(1864192K), 0.1635971 secs] [Times: user=0.97 sys=0.01, real=0.17 secs] 
3925.550: [GC (Allocation Failure) [PSYoungGen: 327444K->164928K(465920K)] 987317K->924021K(1864192K), 0.0885841 secs] [Times: user=0.52 sys=0.00, real=0.09 secs] 
3929.412: [GC (Allocation Failure) [PSYoungGen: 397888K->90688K(465920K)] 1156981K->1006685K(1864192K), 0.1500772 secs] [Times: user=0.90 sys=0.01, real=0.15 secs] 
3930.338: [GC (Allocation Failure) [PSYoungGen: 308919K->159552K(465920K)] 1224917K->1163198K(1864192K), 0.0706908 secs] [Times: user=0.41 sys=0.00, real=0.07 secs] 
3932.784: [GC (Allocation Failure) [PSYoungGen: 392512K->92576K(465920K)] 1396158K->1247390K(1864192K), 0.1498183 secs] [Times: user=0.88 sys=0.00, real=0.15 secs] 
3932.933: [Full GC (Ergonomics) [PSYoungGen: 92576K->0K(465920K)] [ParOldGen: 1154814K->43693K(1398272K)] 1247390K->43693K(1864192K), [Metaspace: 60429K->60429K(1105920K)], 0.1250929 secs] [Times: user=0.52 sys=0.01, real=0.13 secs] 
3933.612: [GC (Allocation Failure) [PSYoungGen: 232960K->169088K(465920K)] 276653K->212781K(1864192K), 0.0519022 secs] [Times: user=0.30 sys=0.00, real=0.06 secs] 
3936.583: [GC (Allocation Failure) [PSYoungGen: 402048K->91520K(465920K)] 445741K->304125K(1864192K), 0.1713960 secs] [Times: user=0.87 sys=0.00, real=0.18 secs] 
3937.164: [GC (Allocation Failure) [PSYoungGen: 324480K->171424K(465920K)] 537085K->471810K(1864192K), 0.0566511 secs] [Times: user=0.34 sys=0.00, real=0.05 secs] 
3941.881: [GC (Allocation Failure) [PSYoungGen: 404384K->79264K(465920K)] 704770K->550806K(1864192K), 0.1748068 secs] [Times: user=1.05 sys=0.00, real=0.18 secs] 
3942.399: [GC (Allocation Failure) [PSYoungGen: 312224K->179200K(465920K)] 783766K->724075K(1864192K), 0.0564447 secs] [Times: user=0.33 sys=0.00, real=0.06 secs] 
3946.915: [GC (Allocation Failure) [PSYoungGen: 412160K->81696K(465920K)] 957035K->806019K(1864192K), 0.1349905 secs] [Times: user=0.77 sys=0.00, real=0.13 secs] 
3947.464: [GC (Allocation Failure) [PSYoungGen: 313553K->206944K(465920K)] 1037876K->1006656K(1864192K), 0.0567283 secs] [Times: user=0.34 sys=0.00, real=0.05 secs] 
3950.790: [GC (Allocation Failure) [PSYoungGen: 439904K->84960K(465920K)] 1239616K->1057836K(1864192K), 0.1175241 secs] [Times: user=0.70 sys=0.00, real=0.12 secs] 
3952.805: [GC (Allocation Failure) [PSYoungGen: 317920K->159328K(465920K)] 1290796K->1210168K(1864192K), 0.0596430 secs] [Times: user=0.35 sys=0.00, real=0.06 secs] 
3954.588: [GC (Allocation Failure) [PSYoungGen: 392288K->101632K(465920K)] 1443128K->1311920K(1864192K), 0.0933072 secs] [Times: user=0.56 sys=0.00, real=0.09 secs] 
3954.681: [Full GC (Ergonomics) [PSYoungGen: 101632K->0K(465920K)] [ParOldGen: 1210288K->116715K(1398272K)] 1311920K->116715K(1864192K), [Metaspace: 60431K->60431K(1105920K)], 0.2593571 secs] [Times: user=1.18 sys=0.00, real=0.26 secs] 
3956.048: [GC (Allocation Failure) [PSYoungGen: 232960K->146592K(465920K)] 349675K->263307K(1864192K), 0.0511685 secs] [Times: user=0.30 sys=0.00, real=0.05 secs] 
3958.679: [GC (Allocation Failure) [PSYoungGen: 379552K->116416K(465920K)] 496267K->379771K(1864192K), 0.0921964 secs] [Times: user=0.55 sys=0.00, real=0.09 secs] 
3960.426: [GC (Allocation Failure) [PSYoungGen: 349376K->131744K(365056K)] 612731K->500754K(1763328K), 0.0614763 secs] [Times: user=0.37 sys=0.00, real=0.06 secs] 
3961.937: [GC (Allocation Failure) [PSYoungGen: 364704K->138528K(463872K)] 733714K->639098K(1862144K), 0.0601017 secs] [Times: user=0.35 sys=0.00, real=0.06 secs] 
3964.023: [GC (Allocation Failure) [PSYoungGen: 377120K->3168K(458240K)] 877690K->503762K(1856512K), 0.0026079 secs] [Times: user=0.02 sys=0.00, real=0.01 secs] 
3965.902: [GC (Allocation Failure) [PSYoungGen: 241760K->158176K(464896K)] 742354K->660655K(1863168K), 0.0313187 secs] [Times: user=0.18 sys=0.00, real=0.03 secs] 
3968.028: [GC (Allocation Failure) [PSYoungGen: 391136K->102880K(335872K)] 893615K->754127K(1734144K), 0.1666250 secs] [Times: user=0.99 sys=0.00, real=0.17 secs] 
3971.454: [GC (Allocation Failure) [PSYoungGen: 335840K->164256K(455680K)] 987087K->915740K(1853952K), 0.0537501 secs] [Times: user=0.32 sys=0.00, real=0.05 secs] 
3973.338: [GC (Allocation Failure) [PSYoungGen: 392608K->95872K(461312K)] 1144092K->1002564K(1859584K), 0.1673259 secs] [Times: user=0.99 sys=0.00, real=0.17 secs] 
3974.763: [GC (Allocation Failure) [PSYoungGen: 319844K->160128K(462336K)] 1226536K->1160485K(1860608K), 0.0678699 secs] [Times: user=0.40 sys=0.00, real=0.07 secs] 
3977.734: [GC (Allocation Failure) [PSYoungGen: 395136K->93664K(465920K)] 1395493K->1245245K(1864192K), 0.1667200 secs] [Times: user=0.84 sys=0.00, real=0.16 secs] 
3979.764: [GC (Allocation Failure) [PSYoungGen: 328672K->168352K(458752K)] 1480253K->1410134K(1857024K), 0.0511577 secs] [Times: user=0.30 sys=0.00, real=0.06 secs] 
3979.815: [Full GC (Ergonomics) [PSYoungGen: 168352K->0K(458752K)] [ParOldGen: 1241782K->208512K(1398272K)] 1410134K->208512K(1857024K), [Metaspace: 60438K->60438K(1105920K)], 0.4776595 secs] [Times: user=2.22 sys=0.00, real=0.47 secs] 
3982.802: [GC (Allocation Failure) [PSYoungGen: 232960K->90240K(465920K)] 441472K->298752K(1864192K), 0.1271485 secs] [Times: user=0.75 sys=0.00, real=0.13 secs] 
3983.991: [GC (Allocation Failure) [PSYoungGen: 323200K->162528K(462336K)] 531712K->458184K(1860608K), 0.1237204 secs] [Times: user=0.73 sys=0.00, real=0.13 secs] 
3988.116: [GC (Allocation Failure) [PSYoungGen: 396512K->87616K(466432K)] 692168K->545560K(1864704K), 0.1330959 secs] [Times: user=0.79 sys=0.00, real=0.13 secs] 
3988.706: [GC (Allocation Failure) [PSYoungGen: 321600K->195904K(461312K)] 779544K->735108K(1859584K), 0.0574354 secs] [Times: user=0.34 sys=0.00, real=0.05 secs] 
3991.636: [GC (Allocation Failure) [PSYoungGen: 428864K->86688K(465920K)] 968068K->805588K(1864192K), 0.1178501 secs] [Times: user=0.70 sys=0.01, real=0.12 secs] 
3993.071: [GC (Allocation Failure) [PSYoungGen: 319648K->206976K(465920K)] 1038548K->1006577K(1864192K), 0.0609471 secs] [Times: user=0.36 sys=0.00, real=0.06 secs] 
3996.140: [GC (Allocation Failure) [PSYoungGen: 439936K->89792K(465920K)] 1239537K->1059665K(1864192K), 0.1051758 secs] [Times: user=0.62 sys=0.00, real=0.11 secs] 
3997.373: [GC (Allocation Failure) [PSYoungGen: 322752K->155072K(465920K)] 1292625K->1208220K(1864192K), 0.0606856 secs] [Times: user=0.36 sys=0.00, real=0.06 secs] 
4000.601: [GC (Allocation Failure) [PSYoungGen: 380909K->93600K(465920K)] 1434057K->1301384K(1864192K), 0.0964855 secs] [Times: user=0.57 sys=0.00, real=0.10 secs] 
4000.697: [Full GC (Ergonomics) [PSYoungGen: 93600K->0K(465920K)] [ParOldGen: 1207784K->108749K(1398272K)] 1301384K->108749K(1864192K), [Metaspace: 60456K->60456K(1105920K)], 0.2475560 secs] [Times: user=1.13 sys=0.00, real=0.25 secs] 
4002.047: [GC (Allocation Failure) [PSYoungGen: 232960K->150848K(465920K)] 341709K->259597K(1864192K), 0.0425470 secs] [Times: user=0.25 sys=0.00, real=0.04 secs] 
4005.110: [GC (Allocation Failure) [PSYoungGen: 383808K->105856K(465920K)] 492557K->365677K(1864192K), 0.0904719 secs] [Times: user=0.54 sys=0.00, real=0.09 secs] 
4006.336: [GC (Allocation Failure) [PSYoungGen: 338816K->142912K(460800K)] 598637K->497914K(1859072K), 0.0606359 secs] [Times: user=0.36 sys=0.00, real=0.06 secs] 
4009.043: [GC (Allocation Failure) [PSYoungGen: 375872K->124192K(357376K)] 730874K->621866K(1755648K), 0.0707260 secs] [Times: user=0.42 sys=0.00, real=0.08 secs] 
4010.246: [GC (Allocation Failure) [PSYoungGen: 357152K->124416K(470016K)] 854826K->735678K(1868288K), 0.0617436 secs] [Times: user=0.37 sys=0.00, real=0.06 secs] 
4012.732: [GC (Allocation Failure) [PSYoungGen: 373248K->162304K(461824K)] 984510K->897638K(1860096K), 0.0583292 secs] [Times: user=0.35 sys=0.00, real=0.06 secs] 
4014.608: [GC (Allocation Failure) [PSYoungGen: 411136K->20032K(461312K)] 1146470K->755426K(1859584K), 0.0171578 secs] [Times: user=0.09 sys=0.00, real=0.02 secs] 
4016.139: [GC (Allocation Failure) [PSYoungGen: 252155K->166240K(410624K)] 987550K->918463K(1808896K), 0.0372939 secs] [Times: user=0.22 sys=0.00, real=0.04 secs] 
4019.427: [GC (Allocation Failure) [PSYoungGen: 410464K->103456K(472576K)] 1162687K->1012619K(1870848K), 0.1629949 secs] [Times: user=0.97 sys=0.00, real=0.16 secs] 
4020.919: [GC (Allocation Failure) [PSYoungGen: 343072K->172096K(465920K)] 1252235K->1180820K(1864192K), 0.0531687 secs] [Times: user=0.32 sys=0.00, real=0.05 secs] 
4023.404: [GC (Allocation Failure) [PSYoungGen: 411712K->91072K(468992K)] 1420436K->1271676K(1867264K), 0.1447568 secs] [Times: user=0.85 sys=0.00, real=0.14 secs] 
4023.549: [Full GC (Ergonomics) [PSYoungGen: 91072K->0K(468992K)] [ParOldGen: 1180604K->74783K(1398272K)] 1271676K->74783K(1867264K), [Metaspace: 60456K->60456K(1105920K)], 0.1856836 secs] [Times: user=0.86 sys=0.00, real=0.19 secs] 
4023.977: [GC (Allocation Failure) [PSYoungGen: 236032K->178784K(465920K)] 310815K->253567K(1864192K), 0.0383294 secs] [Times: user=0.22 sys=0.00, real=0.04 secs] 
4027.380: [GC (Allocation Failure) [PSYoungGen: 414816K->88192K(465920K)] 489599K->341611K(1864192K), 0.1298623 secs] [Times: user=0.77 sys=0.00, real=0.13 secs] 
4028.640: [GC (Allocation Failure) [PSYoungGen: 321152K->162592K(465920K)] 574571K->497782K(1864192K), 0.0621555 secs] [Times: user=0.37 sys=0.00, real=0.06 secs] 
4032.132: [GC (Allocation Failure) [PSYoungGen: 392062K->93568K(465920K)] 727253K->591282K(1864192K), 0.0963679 secs] [Times: user=0.57 sys=0.00, real=0.10 secs] 
4033.403: [GC (Allocation Failure) [PSYoungGen: 326528K->150848K(384000K)] 824242K->735135K(1782272K), 0.0601208 secs] [Times: user=0.36 sys=0.00, real=0.06 secs] 
4037.206: [GC (Allocation Failure) [PSYoungGen: 383808K->103136K(470528K)] 968095K->838191K(1868800K), 0.0952173 secs] [Times: user=0.57 sys=0.00, real=0.09 secs] 
4038.513: [GC (Allocation Failure) [PSYoungGen: 341728K->145440K(384512K)] 1076783K->972948K(1782784K), 0.0609740 secs] [Times: user=0.36 sys=0.00, real=0.07 secs] 
4041.128: [GC (Allocation Failure) [PSYoungGen: 384032K->125920K(473088K)] 1211540K->1098644K(1871360K), 0.0778939 secs] [Times: user=0.47 sys=0.00, real=0.08 secs] 
4042.517: [GC (Allocation Failure) [PSYoungGen: 375776K->2944K(463872K)] 1348500K->975692K(1862144K), 0.0031580 secs] [Times: user=0.02 sys=0.00, real=0.00 secs] 
4045.006: [GC (Allocation Failure) [PSYoungGen: 252800K->165664K(459776K)] 1225548K->1139552K(1858048K), 0.0326933 secs] [Times: user=0.20 sys=0.00, real=0.03 secs] 
4046.708: [GC (Allocation Failure) [PSYoungGen: 398624K->100704K(333824K)] 1372512K->1231168K(1732096K), 0.1508811 secs] [Times: user=0.90 sys=0.01, real=0.15 secs] 
4047.642: [GC (Allocation Failure) [PSYoungGen: 323808K->164544K(459264K)] 1454273K->1393501K(1857536K), 0.0537712 secs] [Times: user=0.31 sys=0.01, real=0.06 secs] 
4047.695: [Full GC (Ergonomics) [PSYoungGen: 164544K->0K(459264K)] [ParOldGen: 1228957K->197386K(1398272K)] 1393501K->197386K(1857536K), [Metaspace: 60457K->60457K(1105920K)], 0.4620008 secs] [Times: user=2.14 sys=0.00, real=0.46 secs] 
4050.946: [GC (Allocation Failure) [PSYoungGen: 232010K->90272K(465408K)] 429397K->287658K(1863680K), 0.0921033 secs] [Times: user=0.54 sys=0.00, real=0.09 secs] 
4053.207: [GC (Allocation Failure) [PSYoungGen: 311997K->160096K(463360K)] 509384K->444815K(1861632K), 0.0470086 secs] [Times: user=0.28 sys=0.00, real=0.05 secs] 
4055.973: [GC (Allocation Failure) [PSYoungGen: 396128K->97248K(333312K)] 680847K->533211K(1731584K), 0.1786616 secs] [Times: user=1.07 sys=0.00, real=0.18 secs] 
4058.047: [GC (Allocation Failure) [PSYoungGen: 333280K->169632K(457728K)] 769243K->699168K(1856000K), 0.0504127 secs] [Times: user=0.30 sys=0.00, real=0.05 secs] 
4060.606: [GC (Allocation Failure) [PSYoungGen: 402080K->89472K(465408K)] 931616K->788288K(1863680K), 0.1502633 secs] [Times: user=0.90 sys=0.00, real=0.15 secs] 
4061.266: [GC (Allocation Failure) [PSYoungGen: 321920K->173376K(461312K)] 1020736K->957733K(1859584K), 0.0573145 secs] [Times: user=0.34 sys=0.00, real=0.05 secs] 
4064.601: [GC (Allocation Failure) [PSYoungGen: 406336K->83072K(465920K)] 1190693K->1041013K(1864192K), 0.1665310 secs] [Times: user=0.99 sys=0.00, real=0.17 secs] 
4065.045: [GC (Allocation Failure) [PSYoungGen: 316032K->179232K(465920K)] 1273973K->1214118K(1864192K), 0.0590490 secs] [Times: user=0.35 sys=0.00, real=0.06 secs] 
4069.752: [GC (Allocation Failure) [PSYoungGen: 412192K->79840K(465920K)] 1447078K->1294238K(1864192K), 0.1333127 secs] [Times: user=0.79 sys=0.00, real=0.14 secs] 
4069.885: [Full GC (Ergonomics) [PSYoungGen: 79840K->0K(465920K)] [ParOldGen: 1214398K->92044K(1398272K)] 1294238K->92044K(1864192K), [Metaspace: 60459K->60459K(1105920K)], 0.2312403 secs] [Times: user=1.01 sys=0.00, real=0.23 secs] 
4071.106: [GC (Allocation Failure) [PSYoungGen: 229215K->204928K(465920K)] 321260K->296972K(1864192K), 0.0499544 secs] [Times: user=0.29 sys=0.00, real=0.05 secs] 
4073.740: [GC (Allocation Failure) [PSYoungGen: 437888K->89856K(465920K)] 529932K->350300K(1864192K), 0.1039581 secs] [Times: user=0.62 sys=0.00, real=0.11 secs] 
4074.974: [GC (Allocation Failure) [PSYoungGen: 322816K->154912K(465920K)] 583260K->498601K(1864192K), 0.0597677 secs] [Times: user=0.36 sys=0.00, real=0.06 secs] 
4077.598: [GC (Allocation Failure) [PSYoungGen: 387872K->105408K(465920K)] 731561K->604233K(1864192K), 0.0936815 secs] [Times: user=0.56 sys=0.00, real=0.09 secs] 
4078.871: [GC (Allocation Failure) [PSYoungGen: 338368K->143264K(465920K)] 837193K->737046K(1864192K), 0.0611456 secs] [Times: user=0.36 sys=0.00, real=0.06 secs] 
4081.858: [GC (Allocation Failure) [PSYoungGen: 376224K->119264K(352256K)] 970006K->855838K(1750528K), 0.0796794 secs] [Times: user=0.48 sys=0.00, real=0.08 secs] 
4083.067: [GC (Allocation Failure) [PSYoungGen: 352224K->128576K(470528K)] 1088798K->973995K(1868800K), 0.0618410 secs] [Times: user=0.37 sys=0.00, real=0.06 secs] 
4086.758: [GC (Allocation Failure) [PSYoungGen: 371264K->147872K(460800K)] 1216683K->1121915K(1859072K), 0.0650012 secs] [Times: user=0.38 sys=0.00, real=0.06 secs] 
4088.703: [GC (Allocation Failure) [PSYoungGen: 390560K->6464K(457216K)] 1364603K->980963K(1855488K), 0.0072822 secs] [Times: user=0.04 sys=0.00, real=0.01 secs] 
4089.751: [GC (Allocation Failure) [PSYoungGen: 247104K->172320K(413184K)] 1221603K->1151673K(1811456K), 0.0350845 secs] [Times: user=0.20 sys=0.00, real=0.04 secs] 
4091.987: [GC (Allocation Failure) [PSYoungGen: 412960K->101696K(468480K)] 1392313K->1244345K(1866752K), 0.1866520 secs] [Times: user=1.11 sys=0.01, real=0.18 secs] 
4093.358: [GC (Allocation Failure) [PSYoungGen: 337216K->172800K(465920K)] 1479865K->1413670K(1864192K), 0.0537938 secs] [Times: user=0.32 sys=0.00, real=0.05 secs] 
4093.412: [Full GC (Ergonomics) [PSYoungGen: 172800K->0K(465920K)] [ParOldGen: 1240869K->215491K(1398272K)] 1413670K->215491K(1864192K), [Metaspace: 60461K->60461K(1105920K)], 0.4876257 secs] [Times: user=2.26 sys=0.00, real=0.49 secs] 
4097.308: [GC (Allocation Failure) [PSYoungGen: 235520K->85888K(465920K)] 451011K->301379K(1864192K), 0.1183916 secs] [Times: user=0.70 sys=0.00, real=0.12 secs] 
4098.291: [GC (Allocation Failure) [PSYoungGen: 318848K->169856K(465920K)] 534339K->467200K(1864192K), 0.0551519 secs] [Times: user=0.32 sys=0.00, real=0.06 secs] 
4101.824: [GC (Allocation Failure) [PSYoungGen: 402816K->82208K(465920K)] 700160K->549452K(1864192K), 0.1625979 secs] [Times: user=0.97 sys=0.00, real=0.16 secs] 
4102.460: [GC (Allocation Failure) [PSYoungGen: 315168K->175456K(465920K)] 782412K->719217K(1864192K), 0.0546532 secs] [Times: user=0.32 sys=0.00, real=0.06 secs] 
4106.007: [GC (Allocation Failure) [PSYoungGen: 408416K->83360K(465920K)] 952177K->802269K(1864192K), 0.1425588 secs] [Times: user=0.85 sys=0.00, real=0.14 secs] 
4106.540: [GC (Allocation Failure) [PSYoungGen: 315723K->207968K(465920K)] 1034633K->1004210K(1864192K), 0.0580779 secs] [Times: user=0.34 sys=0.00, real=0.06 secs] 
4110.324: [GC (Allocation Failure) [PSYoungGen: 440928K->90496K(465920K)] 1237170K->1060682K(1864192K), 0.1196868 secs] [Times: user=0.71 sys=0.00, real=0.11 secs] 
4111.583: [GC (Allocation Failure) [PSYoungGen: 323456K->154432K(465920K)] 1293642K->1208503K(1864192K), 0.0611390 secs] [Times: user=0.37 sys=0.01, real=0.07 secs] 
4114.330: [GC (Allocation Failure) [PSYoungGen: 387392K->108224K(465920K)] 1441463K->1316567K(1864192K), 0.1025729 secs] [Times: user=0.60 sys=0.00, real=0.10 secs] 
4114.432: [Full GC (Ergonomics) [PSYoungGen: 108224K->0K(465920K)] [ParOldGen: 1208343K->115596K(1398272K)] 1316567K->115596K(1864192K), [Metaspace: 60461K->60461K(1105920K)], 0.2700133 secs] [Times: user=1.25 sys=0.00, real=0.27 secs] 
4115.804: [GC (Allocation Failure) [PSYoungGen: 232960K->148608K(465920K)] 348556K->264204K(1864192K), 0.0543339 secs] [Times: user=0.32 sys=0.00, real=0.05 secs] 
4119.140: [GC (Allocation Failure) [PSYoungGen: 381568K->114976K(462848K)] 497164K->379112K(1861120K), 0.1001079 secs] [Times: user=0.59 sys=0.00, real=0.10 secs] 
4120.387: [GC (Allocation Failure) [PSYoungGen: 347936K->133152K(366592K)] 612072K->501655K(1764864K), 0.0610014 secs] [Times: user=0.36 sys=0.00, real=0.06 secs] 
4123.302: [GC (Allocation Failure) [PSYoungGen: 366112K->141344K(465408K)] 734615K->643047K(1863680K), 0.0698776 secs] [Times: user=0.42 sys=0.00, real=0.07 secs] 
4124.912: [GC (Allocation Failure) [PSYoungGen: 384032K->2944K(460288K)] 885735K->504699K(1858560K), 0.0028689 secs] [Times: user=0.01 sys=0.01, real=0.01 secs] 
4126.863: [GC (Allocation Failure) [PSYoungGen: 245632K->167584K(463872K)] 747387K->670988K(1862144K), 0.0330635 secs] [Times: user=0.20 sys=0.00, real=0.04 secs] 
4129.427: [GC (Allocation Failure) [PSYoungGen: 400544K->95328K(465920K)] 903948K->757456K(1864192K), 0.0969893 secs] [Times: user=0.57 sys=0.01, real=0.10 secs] 
4131.491: [GC (Allocation Failure) [PSYoungGen: 328288K->167456K(463872K)] 990416K->922469K(1862144K), 0.0515063 secs] [Times: user=0.30 sys=0.00, real=0.05 secs] 
4133.418: [GC (Allocation Failure) [PSYoungGen: 400416K->96448K(465920K)] 1155429K->1009965K(1864192K), 0.1581454 secs] [Times: user=0.94 sys=0.00, real=0.16 secs] 
4135.125: [GC (Allocation Failure) [PSYoungGen: 329408K->166464K(463872K)] 1242925K->1172134K(1862144K), 0.0511907 secs] [Times: user=0.30 sys=0.00, real=0.05 secs] 
4138.218: [GC (Allocation Failure) [PSYoungGen: 399424K->89312K(465920K)] 1405094K->1260718K(1864192K), 0.1775877 secs] [Times: user=1.06 sys=0.00, real=0.18 secs] 
4138.396: [Full GC (Ergonomics) [PSYoungGen: 89312K->0K(465920K)] [ParOldGen: 1171406K->59112K(1398272K)] 1260718K->59112K(1864192K), [Metaspace: 60461K->60461K(1105920K)], 0.1626346 secs] [Times: user=0.76 sys=0.00, real=0.16 secs] 
4139.380: [GC (Allocation Failure) [PSYoungGen: 232960K->171136K(464896K)] 292072K->230248K(1863168K), 0.0359214 secs] [Times: user=0.21 sys=0.00, real=0.04 secs] 
4142.638: [GC (Allocation Failure) [PSYoungGen: 404096K->84736K(465920K)] 463208K->314704K(1864192K), 0.1734140 secs] [Times: user=1.03 sys=0.00, real=0.17 secs] 
4144.012: [GC (Allocation Failure) [PSYoungGen: 317696K->172480K(465920K)] 547664K->481317K(1864192K), 0.1586163 secs] [Times: user=0.95 sys=0.00, real=0.16 secs] 
4147.016: [GC (Allocation Failure) [PSYoungGen: 405440K->80032K(465920K)] 714277K->561301K(1864192K), 0.1470466 secs] [Times: user=0.86 sys=0.00, real=0.14 secs] 
4147.597: [GC (Allocation Failure) [PSYoungGen: 312992K->174080K(465920K)] 794261K->728962K(1864192K), 0.0822432 secs] [Times: user=0.49 sys=0.00, real=0.08 secs] 
4149.997: [GC (Allocation Failure) [PSYoungGen: 407040K->88448K(465920K)] 961922K->817202K(1864192K), 0.1222975 secs] [Times: user=0.72 sys=0.00, real=0.12 secs] 
4152.740: [GC (Allocation Failure) [PSYoungGen: 319625K->198464K(465920K)] 1048379K->1009254K(1864192K), 0.0686079 secs] [Times: user=0.41 sys=0.00, real=0.07 secs] 
4154.410: [GC (Allocation Failure) [PSYoungGen: 431424K->93504K(465920K)] 1242214K->1065886K(1864192K), 0.1049650 secs] [Times: user=0.62 sys=0.00, real=0.11 secs] 
4156.405: [GC (Allocation Failure) [PSYoungGen: 326464K->151200K(465920K)] 1298846K->1210099K(1864192K), 0.0611185 secs] [Times: user=0.36 sys=0.00, real=0.06 secs] 
4158.661: [GC (Allocation Failure) [PSYoungGen: 384160K->103136K(465920K)] 1443059K->1313179K(1864192K), 0.0884470 secs] [Times: user=0.53 sys=0.00, real=0.09 secs] 
4158.749: [Full GC (Ergonomics) [PSYoungGen: 103136K->0K(465920K)] [ParOldGen: 1210043K->118214K(1398272K)] 1313179K->118214K(1864192K), [Metaspace: 60461K->60461K(1105920K)], 0.2625478 secs] [Times: user=1.20 sys=0.00, real=0.26 secs] 
4160.131: [GC (Allocation Failure) [PSYoungGen: 232960K->144960K(465920K)] 351174K->263174K(1864192K), 0.0524811 secs] [Times: user=0.32 sys=0.00, real=0.05 secs] 
4162.306: [GC (Allocation Failure) [PSYoungGen: 377920K->121376K(354816K)] 496134K->384862K(1753088K), 0.0897923 secs] [Times: user=0.53 sys=0.00, real=0.09 secs] 
4163.544: [GC (Allocation Failure) [PSYoungGen: 354336K->126656K(468992K)] 617822K->500666K(1867264K), 0.0618333 secs] [Times: user=0.37 sys=0.00, real=0.07 secs] 
4165.786: [GC (Allocation Failure) [PSYoungGen: 369344K->147328K(459264K)] 743354K->648162K(1857536K), 0.0584242 secs] [Times: user=0.35 sys=0.00, real=0.06 secs] 
4167.742: [GC (Allocation Failure) [PSYoungGen: 390016K->10400K(459264K)] 890850K->511474K(1857536K), 0.0082476 secs] [Times: user=0.04 sys=0.00, real=0.01 secs] 
4169.513: [GC (Allocation Failure) [PSYoungGen: 254571K->174528K(418816K)] 755646K->683551K(1817088K), 0.0363491 secs] [Times: user=0.21 sys=0.00, real=0.04 secs] 
4172.655: [GC (Allocation Failure) [PSYoungGen: 418752K->98432K(468992K)] 927775K->773271K(1867264K), 0.1587366 secs] [Times: user=0.95 sys=0.00, real=0.16 secs] 
4174.435: [GC (Allocation Failure) [PSYoungGen: 334464K->171936K(465920K)] 1009303K->940416K(1864192K), 0.0511819 secs] [Times: user=0.30 sys=0.00, real=0.05 secs] 
4178.336: [GC (Allocation Failure) [PSYoungGen: 407557K->86304K(465920K)] 1176037K->1026280K(1864192K), 0.1786398 secs] [Times: user=1.04 sys=0.01, real=0.18 secs] 
4180.033: [GC (Allocation Failure) [PSYoungGen: 319264K->170304K(465920K)] 1259240K->1192585K(1864192K), 0.0560839 secs] [Times: user=0.34 sys=0.00, real=0.06 secs] 
4183.459: [GC (Allocation Failure) [PSYoungGen: 403264K->84192K(465920K)] 1425545K->1276633K(1864192K), 0.1540581 secs] [Times: user=0.92 sys=0.00, real=0.15 secs] 
4183.613: [Full GC (Ergonomics) [PSYoungGen: 84192K->0K(465920K)] [ParOldGen: 1192441K->75758K(1398272K)] 1276633K->75758K(1864192K), [Metaspace: 60461K->60461K(1105920K)], 0.1914383 secs] [Times: user=0.89 sys=0.00, real=0.20 secs] 
4184.165: [GC (Allocation Failure) [PSYoungGen: 232960K->179168K(465920K)] 308718K->254926K(1864192K), 0.0383609 secs] [Times: user=0.23 sys=0.00, real=0.03 secs] 
4186.570: [GC (Allocation Failure) [PSYoungGen: 412128K->89056K(465920K)] 487886K->344242K(1864192K), 0.1110039 secs] [Times: user=0.67 sys=0.00, real=0.11 secs] 
4187.781: [GC (Allocation Failure) [PSYoungGen: 322016K->161216K(465920K)] 577202K->498931K(1864192K), 0.0623227 secs] [Times: user=0.37 sys=0.00, real=0.06 secs] 
4191.046: [GC (Allocation Failure) [PSYoungGen: 386849K->93216K(465920K)] 724564K->591959K(1864192K), 0.1027625 secs] [Times: user=0.61 sys=0.00, real=0.10 secs] 
4192.307: [GC (Allocation Failure) [PSYoungGen: 326176K->151008K(465920K)] 824919K->736324K(1864192K), 0.0601887 secs] [Times: user=0.35 sys=0.00, real=0.06 secs] 
4194.692: [GC (Allocation Failure) [PSYoungGen: 383968K->107200K(456704K)] 969284K->843196K(1854976K), 0.0757017 secs] [Times: user=0.45 sys=0.00, real=0.08 secs] 
4195.888: [GC (Allocation Failure) [PSYoungGen: 340160K->141408K(461312K)] 1076156K->973983K(1859584K), 0.0609142 secs] [Times: user=0.36 sys=0.00, real=0.06 secs] 
4199.610: [GC (Allocation Failure) [PSYoungGen: 374368K->120544K(452608K)] 1206943K->1094307K(1850880K), 0.0834618 secs] [Times: user=0.49 sys=0.00, real=0.08 secs] 
4200.844: [GC (Allocation Failure) [PSYoungGen: 366816K->2208K(461824K)] 1340579K->976035K(1860096K), 0.0033536 secs] [Times: user=0.01 sys=0.00, real=0.00 secs] 
4204.230: [GC (Allocation Failure) [PSYoungGen: 248480K->158624K(460800K)] 1222307K->1133208K(1859072K), 0.0317378 secs] [Times: user=0.18 sys=0.00, real=0.03 secs] 
4206.123: [GC (Allocation Failure) [PSYoungGen: 391584K->12192K(465920K)] 1366168K->986864K(1864192K), 0.0095587 secs] [Times: user=0.05 sys=0.00, real=0.01 secs] 
4208.372: [GC (Allocation Failure) [PSYoungGen: 245152K->163616K(465920K)] 1219824K->1147997K(1864192K), 0.0352700 secs] [Times: user=0.21 sys=0.00, real=0.04 secs] 
4211.496: [GC (Allocation Failure) [PSYoungGen: 396576K->96512K(465920K)] 1380957K->1235357K(1864192K), 0.1829232 secs] [Times: user=1.08 sys=0.01, real=0.18 secs] 
4211.679: [Full GC (Ergonomics) [PSYoungGen: 96512K->0K(465920K)] [ParOldGen: 1138845K->37682K(1398272K)] 1235357K->37682K(1864192K), [Metaspace: 60461K->60461K(1105920K)], 0.1075961 secs] [Times: user=0.43 sys=0.00, real=0.11 secs] 
4213.834: [GC (Allocation Failure) [PSYoungGen: 231555K->163360K(465920K)] 269238K->201042K(1864192K), 0.0314456 secs] [Times: user=0.19 sys=0.00, real=0.04 secs] 
4215.738: [GC (Allocation Failure) [PSYoungGen: 396320K->99680K(465920K)] 434002K->291994K(1864192K), 0.1270542 secs] [Times: user=0.75 sys=0.01, real=0.13 secs] 
4217.377: [GC (Allocation Failure) [PSYoungGen: 332640K->166048K(465920K)] 524954K->454251K(1864192K), 0.0507240 secs] [Times: user=0.30 sys=0.00, real=0.05 secs] 
4220.377: [GC (Allocation Failure) [PSYoungGen: 399008K->87552K(465920K)] 687211K->540963K(1864192K), 0.1769568 secs] [Times: user=1.06 sys=0.00, real=0.17 secs] 
4221.198: [GC (Allocation Failure) [PSYoungGen: 320512K->173856K(465920K)] 773923K->711010K(1864192K), 0.0558336 secs] [Times: user=0.33 sys=0.00, real=0.06 secs] 
4226.033: [GC (Allocation Failure) [PSYoungGen: 406816K->81184K(465920K)] 943970K->792270K(1864192K), 0.1694165 secs] [Times: user=1.02 sys=0.00, real=0.17 secs] 
4227.030: [GC (Allocation Failure) [PSYoungGen: 314144K->176064K(465920K)] 1025230K->961963K(1864192K), 0.0567848 secs] [Times: user=0.34 sys=0.00, real=0.06 secs] 
4230.208: [GC (Allocation Failure) [PSYoungGen: 409024K->83744K(465920K)] 1194923K->1045547K(1864192K), 0.1428212 secs] [Times: user=0.85 sys=0.00, real=0.14 secs] 
4231.151: [GC (Allocation Failure) [PSYoungGen: 316704K->196352K(465920K)] 1278507K->1235700K(1864192K), 0.0637423 secs] [Times: user=0.38 sys=0.00, real=0.07 secs] 
4234.183: [GC (Allocation Failure) [PSYoungGen: 429312K->92640K(465920K)] 1468660K->1304036K(1864192K), 0.1144131 secs] [Times: user=0.59 sys=0.00, real=0.12 secs] 
4234.298: [Full GC (Ergonomics) [PSYoungGen: 92640K->0K(465920K)] [ParOldGen: 1211396K->107404K(1398272K)] 1304036K->107404K(1864192K), [Metaspace: 60461K->60461K(1105920K)], 0.2427995 secs] [Times: user=1.07 sys=0.00, real=0.24 secs] 
4235.635: [GC (Allocation Failure) [PSYoungGen: 232960K->151616K(465920K)] 340364K->259020K(1864192K), 0.0431875 secs] [Times: user=0.25 sys=0.00, real=0.04 secs] 
4238.742: [GC (Allocation Failure) [PSYoungGen: 384576K->111200K(465920K)] 491980K->370044K(1864192K), 0.0924519 secs] [Times: user=0.55 sys=0.00, real=0.10 secs] 
4240.003: [GC (Allocation Failure) [PSYoungGen: 344160K->145536K(465920K)] 603004K->496913K(1864192K), 0.0601258 secs] [Times: user=0.35 sys=0.00, real=0.06 secs] 
4243.016: [GC (Allocation Failure) [PSYoungGen: 378496K->120128K(353280K)] 729873K->617193K(1751552K), 0.0879132 secs] [Times: user=0.53 sys=0.00, real=0.09 secs] 
4244.281: [GC (Allocation Failure) [PSYoungGen: 353088K->128864K(467968K)] 850153K->735069K(1866240K), 0.0622879 secs] [Times: user=0.37 sys=0.00, real=0.06 secs] 
4246.382: [GC (Allocation Failure) [PSYoungGen: 371040K->152256K(458752K)] 977245K->887101K(1857024K), 0.0594777 secs] [Times: user=0.35 sys=0.00, real=0.06 secs] 
4248.286: [GC (Allocation Failure) [PSYoungGen: 394432K->9952K(458240K)] 1129277K->744829K(1856512K), 0.0093750 secs] [Times: user=0.05 sys=0.01, real=0.01 secs] 
4251.286: [GC (Allocation Failure) [PSYoungGen: 251104K->175040K(416256K)] 985981K->917602K(1814528K), 0.0362340 secs] [Times: user=0.21 sys=0.00, real=0.03 secs] 
4254.107: [GC (Allocation Failure) [PSYoungGen: 416192K->94144K(466432K)] 1158754K->1003086K(1864704K), 0.1764450 secs] [Times: user=1.04 sys=0.01, real=0.17 secs] 
4257.147: [GC (Allocation Failure) [PSYoungGen: 311989K->157184K(465920K)] 1220932K->1156067K(1864192K), 0.0486193 secs] [Times: user=0.28 sys=0.00, real=0.05 secs] 
4259.020: [GC (Allocation Failure) [PSYoungGen: 390656K->94304K(458752K)] 1389539K->1241899K(1857024K), 0.1628640 secs] [Times: user=0.97 sys=0.00, real=0.16 secs] 
4260.975: [GC (Allocation Failure) [PSYoungGen: 327776K->169408K(462336K)] 1475371K->1407040K(1860608K), 0.0503068 secs] [Times: user=0.30 sys=0.00, real=0.05 secs] 
4261.026: [Full GC (Ergonomics) [PSYoungGen: 169408K->0K(462336K)] [ParOldGen: 1237632K->209697K(1398272K)] 1407040K->209697K(1860608K), [Metaspace: 60466K->60466K(1105920K)], 0.4751088 secs] [Times: user=2.21 sys=0.00, real=0.47 secs] 
4264.248: [GC (Allocation Failure) [PSYoungGen: 233472K->89568K(467968K)] 443169K->299265K(1866240K), 0.1620547 secs] [Times: user=0.97 sys=0.00, real=0.16 secs] 
4265.880: [GC (Allocation Failure) [PSYoungGen: 324576K->168000K(465920K)] 534273K->463818K(1864192K), 0.0557572 secs] [Times: user=0.33 sys=0.00, real=0.06 secs] 
4269.062: [GC (Allocation Failure) [PSYoungGen: 403008K->87648K(465920K)] 698826K->551334K(1864192K), 0.1249109 secs] [Times: user=0.74 sys=0.01, real=0.13 secs] 
4269.498: [GC (Allocation Failure) [PSYoungGen: 320608K->176512K(465920K)] 784294K->721685K(1864192K), 0.0586121 secs] [Times: user=0.35 sys=0.01, real=0.06 secs] 
4272.734: [GC (Allocation Failure) [PSYoungGen: 409472K->85280K(465920K)] 954645K->806565K(1864192K), 0.1402869 secs] [Times: user=0.83 sys=0.00, real=0.14 secs] 
4273.475: [GC (Allocation Failure) [PSYoungGen: 315066K->204640K(465920K)] 1036351K->1004910K(1864192K), 0.0620166 secs] [Times: user=0.37 sys=0.00, real=0.06 secs] 
4276.663: [GC (Allocation Failure) [PSYoungGen: 437600K->87200K(465920K)] 1237870K->1057246K(1864192K), 0.1255840 secs] [Times: user=0.74 sys=0.00, real=0.13 secs] 
4277.917: [GC (Allocation Failure) [PSYoungGen: 320160K->157312K(465920K)] 1290206K->1207629K(1864192K), 0.0605144 secs] [Times: user=0.36 sys=0.00, real=0.06 secs] 
4281.759: [GC (Allocation Failure) [PSYoungGen: 390272K->99584K(465920K)] 1440589K->1307453K(1864192K), 0.1011547 secs] [Times: user=0.60 sys=0.00, real=0.10 secs] 
4281.860: [Full GC (Ergonomics) [PSYoungGen: 99584K->0K(465920K)] [ParOldGen: 1207869K->114719K(1398272K)] 1307453K->114719K(1864192K), [Metaspace: 60466K->60466K(1105920K)], 0.2615465 secs] [Times: user=1.20 sys=0.00, real=0.26 secs] 
4283.218: [GC (Allocation Failure) [PSYoungGen: 232960K->148416K(465920K)] 347679K->263135K(1864192K), 0.0543487 secs] [Times: user=0.33 sys=0.00, real=0.05 secs] 
4286.053: [GC (Allocation Failure) [PSYoungGen: 381376K->118400K(460800K)] 496095K->381871K(1859072K), 0.1017818 secs] [Times: user=0.60 sys=0.00, real=0.11 secs] 
4287.716: [GC (Allocation Failure) [PSYoungGen: 351360K->130304K(363520K)] 614831K->501314K(1761792K), 0.0617678 secs] [Times: user=0.37 sys=0.00, real=0.06 secs] 
4289.499: [GC (Allocation Failure) [PSYoungGen: 363264K->138528K(467456K)] 734274K->639610K(1865728K), 0.0649215 secs] [Times: user=0.38 sys=0.01, real=0.07 secs] 
4290.973: [GC (Allocation Failure) [PSYoungGen: 384800K->4896K(461824K)] 885882K->506146K(1860096K), 0.0047880 secs] [Times: user=0.03 sys=0.00, real=0.01 secs] 
4294.715: [GC (Allocation Failure) [PSYoungGen: 251168K->167488K(461312K)] 752418K->671811K(1859584K), 0.0339348 secs] [Times: user=0.20 sys=0.00, real=0.03 secs] 
4296.608: [GC (Allocation Failure) [PSYoungGen: 400448K->98336K(465920K)] 904771K->761391K(1864192K), 0.1525906 secs] [Times: user=0.91 sys=0.00, real=0.15 secs] 
4297.861: [GC (Allocation Failure) [PSYoungGen: 322970K->163616K(461312K)] 986025K->922761K(1859584K), 0.0521121 secs] [Times: user=0.31 sys=0.01, real=0.05 secs] 
4300.769: [GC (Allocation Failure) [PSYoungGen: 396576K->95104K(328192K)] 1155721K->1009145K(1726464K), 0.1700998 secs] [Times: user=1.01 sys=0.01, real=0.17 secs] 
4302.511: [GC (Allocation Failure) [PSYoungGen: 311771K->156256K(463360K)] 1225812K->1161474K(1861632K), 0.0495542 secs] [Times: user=0.29 sys=0.00, real=0.05 secs] 
4304.986: [GC (Allocation Failure) [PSYoungGen: 391776K->101120K(336896K)] 1396994K->1253982K(1735168K), 0.1594185 secs] [Times: user=0.94 sys=0.00, real=0.16 secs] 
4306.061: [GC (Allocation Failure) [PSYoungGen: 336640K->171808K(456704K)] 1489502K->1422103K(1854976K), 0.0553503 secs] [Times: user=0.32 sys=0.01, real=0.06 secs] 
4306.117: [Full GC (Ergonomics) [PSYoungGen: 171808K->0K(456704K)] [ParOldGen: 1250295K->219418K(1398272K)] 1422103K->219418K(1854976K), [Metaspace: 60471K->60471K(1105920K)], 0.4982842 secs] [Times: user=2.22 sys=0.00, real=0.50 secs] 
4310.893: [GC (Allocation Failure) [PSYoungGen: 232960K->84512K(464896K)] 452378K->303930K(1863168K), 0.1286403 secs] [Times: user=0.77 sys=0.00, real=0.13 secs] 
4311.807: [GC (Allocation Failure) [PSYoungGen: 317472K->173600K(461824K)] 536890K->471703K(1860096K), 0.0549168 secs] [Times: user=0.33 sys=0.00, real=0.05 secs] 
4315.013: [GC (Allocation Failure) [PSYoungGen: 406560K->89248K(465920K)] 704663K->560499K(1864192K), 0.1160435 secs] [Times: user=0.69 sys=0.00, real=0.12 secs] 
4315.432: [GC (Allocation Failure) [PSYoungGen: 322208K->209152K(465408K)] 793459K->763548K(1863680K), 0.0579989 secs] [Times: user=0.34 sys=0.00, real=0.06 secs] 
4320.704: [GC (Allocation Failure) [PSYoungGen: 442112K->79424K(465920K)] 996508K->809524K(1864192K), 0.1259908 secs] [Times: user=0.75 sys=0.00, real=0.12 secs] 
4321.975: [GC (Allocation Failure) [PSYoungGen: 312384K->164832K(465920K)] 1042484K->967736K(1864192K), 0.0594054 secs] [Times: user=0.36 sys=0.00, real=0.06 secs] 
4325.200: [GC (Allocation Failure) [PSYoungGen: 392271K->93152K(465920K)] 1195176K->1061153K(1864192K), 0.1059304 secs] [Times: user=0.63 sys=0.00, real=0.11 secs] 
4326.426: [GC (Allocation Failure) [PSYoungGen: 326112K->151616K(465920K)] 1294113K->1206228K(1864192K), 0.0608704 secs] [Times: user=0.36 sys=0.00, real=0.06 secs] 
4330.084: [GC (Allocation Failure) [PSYoungGen: 384576K->103040K(465920K)] 1439188K->1308796K(1864192K), 0.0975899 secs] [Times: user=0.58 sys=0.00, real=0.10 secs] 
4330.181: [Full GC (Ergonomics) [PSYoungGen: 103040K->0K(465920K)] [ParOldGen: 1205756K->118109K(1398272K)] 1308796K->118109K(1864192K), [Metaspace: 60471K->60471K(1105920K)], 0.2712991 secs] [Times: user=1.25 sys=0.00, real=0.27 secs] 
4331.553: [GC (Allocation Failure) [PSYoungGen: 232960K->146112K(464896K)] 351069K->264221K(1863168K), 0.0521013 secs] [Times: user=0.31 sys=0.00, real=0.06 secs] 
4334.565: [GC (Allocation Failure) [PSYoungGen: 379072K->118016K(351232K)] 497181K->381737K(1749504K), 0.0961800 secs] [Times: user=0.57 sys=0.00, real=0.09 secs] 
4335.843: [GC (Allocation Failure) [PSYoungGen: 350976K->130368K(467456K)] 614697K->501646K(1865728K), 0.0610121 secs] [Times: user=0.37 sys=0.00, real=0.07 secs] 
4338.899: [GC (Allocation Failure) [PSYoungGen: 373568K->142848K(458752K)] 744846K->644630K(1857024K), 0.0592223 secs] [Times: user=0.35 sys=0.00, real=0.06 secs] 
4340.410: [GC (Allocation Failure) [PSYoungGen: 386048K->9984K(459776K)] 887830K->512242K(1858048K), 0.0097310 secs] [Times: user=0.04 sys=0.00, real=0.01 secs] 
4343.003: [GC (Allocation Failure) [PSYoungGen: 257280K->173952K(421376K)] 759538K->683583K(1819648K), 0.0359076 secs] [Times: user=0.21 sys=0.00, real=0.04 secs] 
4346.242: [GC (Allocation Failure) [PSYoungGen: 421248K->105920K(472576K)] 930879K->780027K(1870848K), 0.1700456 secs] [Times: user=1.01 sys=0.00, real=0.17 secs] 
4347.154: [GC (Allocation Failure) [PSYoungGen: 345536K->179200K(465920K)] 1019643K->955516K(1864192K), 0.0550004 secs] [Times: user=0.32 sys=0.00, real=0.05 secs] 
4350.424: [GC (Allocation Failure) [PSYoungGen: 418816K->88480K(465920K)] 1195132K->1044268K(1864192K), 0.1684944 secs] [Times: user=1.01 sys=0.00, real=0.16 secs] 
4350.869: [GC (Allocation Failure) [PSYoungGen: 321440K->179616K(465920K)] 1277228K->1217793K(1864192K), 0.0594265 secs] [Times: user=0.35 sys=0.00, real=0.06 secs] 
4356.611: [GC (Allocation Failure) [PSYoungGen: 412576K->78016K(465920K)] 1450753K->1296049K(1864192K), 0.1240533 secs] [Times: user=0.74 sys=0.00, real=0.13 secs] 
4356.735: [Full GC (Ergonomics) [PSYoungGen: 78016K->0K(465920K)] [ParOldGen: 1218033K->92913K(1398272K)] 1296049K->92913K(1864192K), [Metaspace: 60472K->60472K(1105920K)], 0.2242442 secs] [Times: user=1.03 sys=0.00, real=0.22 secs] 
4357.621: [GC (Allocation Failure) [PSYoungGen: 232960K->207808K(465920K)] 325873K->300722K(1864192K), 0.0418892 secs] [Times: user=0.24 sys=0.00, real=0.04 secs] 
4361.134: [GC (Allocation Failure) [PSYoungGen: 440027K->93216K(465920K)] 532941K->352441K(1864192K), 0.1053170 secs] [Times: user=0.63 sys=0.00, real=0.10 secs] 
4362.347: [GC (Allocation Failure) [PSYoungGen: 326176K->151520K(465920K)] 585401K->497346K(1864192K), 0.0601939 secs] [Times: user=0.35 sys=0.00, real=0.06 secs] 
4366.232: [GC (Allocation Failure) [PSYoungGen: 384480K->103392K(465920K)] 730306K->600290K(1864192K), 0.0996262 secs] [Times: user=0.59 sys=0.00, real=0.10 secs] 
4367.477: [GC (Allocation Failure) [PSYoungGen: 336352K->145440K(465920K)] 833250K->734850K(1864192K), 0.0604776 secs] [Times: user=0.36 sys=0.00, real=0.06 secs] 
4369.754: [GC (Allocation Failure) [PSYoungGen: 378400K->121920K(455680K)] 967810K->856610K(1853952K), 0.0746482 secs] [Times: user=0.44 sys=0.00, real=0.08 secs] 
4370.970: [GC (Allocation Failure) [PSYoungGen: 354880K->128K(460800K)] 1089570K->735462K(1859072K), 0.0019546 secs] [Times: user=0.01 sys=0.01, real=0.00 secs] 
4374.835: [GC (Allocation Failure) [PSYoungGen: 233088K->138976K(465920K)] 968422K->874338K(1864192K), 0.0303133 secs] [Times: user=0.18 sys=0.01, real=0.03 secs] 
4375.987: [GC (Allocation Failure) [PSYoungGen: 371936K->3232K(465920K)] 1107298K->738662K(1864192K), 0.0025524 secs] [Times: user=0.01 sys=0.00, real=0.00 secs] 
4378.775: [GC (Allocation Failure) [PSYoungGen: 236192K->154816K(465920K)] 971622K->891643K(1864192K), 0.0384384 secs] [Times: user=0.23 sys=0.00, real=0.04 secs] 
4380.372: [GC (Allocation Failure) [PSYoungGen: 387776K->102176K(465920K)] 1124603K->984563K(1864192K), 0.1011717 secs] [Times: user=0.60 sys=0.00, real=0.10 secs] 
4382.603: [GC (Allocation Failure) [PSYoungGen: 335136K->164608K(465920K)] 1217523K->1147008K(1864192K), 0.0533442 secs] [Times: user=0.32 sys=0.00, real=0.06 secs] 
4385.021: [GC (Allocation Failure) [PSYoungGen: 397568K->97408K(465920K)] 1379968K->1235080K(1864192K), 0.1631434 secs] [Times: user=0.97 sys=0.01, real=0.17 secs] 
4387.464: [GC (Allocation Failure) [PSYoungGen: 325328K->162432K(465920K)] 1463000K->1395013K(1864192K), 0.0525774 secs] [Times: user=0.31 sys=0.00, real=0.05 secs] 
4387.517: [Full GC (Ergonomics) [PSYoungGen: 162432K->0K(465920K)] [ParOldGen: 1232581K->197380K(1398272K)] 1395013K->197380K(1864192K), [Metaspace: 60472K->60472K(1105920K)], 0.4762778 secs] [Times: user=2.22 sys=0.00, real=0.47 secs] 
4390.426: [GC (Allocation Failure) [PSYoungGen: 232960K->94080K(327168K)] 430340K->291460K(1725440K), 0.0927304 secs] [Times: user=0.54 sys=0.00, real=0.09 secs] 
4391.998: [GC (Allocation Failure) [PSYoungGen: 327040K->167584K(463872K)] 524420K->454525K(1862144K), 0.0492998 secs] [Times: user=0.30 sys=0.00, real=0.05 secs] 
4395.713: [GC (Allocation Failure) [PSYoungGen: 399520K->89728K(464896K)] 686461K->543109K(1863168K), 0.1690921 secs] [Times: user=1.01 sys=0.00, real=0.17 secs] 
4396.744: [GC (Allocation Failure) [PSYoungGen: 321664K->167872K(465920K)] 775045K->707482K(1864192K), 0.0553829 secs] [Times: user=0.33 sys=0.00, real=0.05 secs] 
4401.016: [GC (Allocation Failure) [PSYoungGen: 400832K->85856K(465920K)] 940442K->792878K(1864192K), 0.1662084 secs] [Times: user=1.00 sys=0.00, real=0.16 secs] 
4401.627: [GC (Allocation Failure) [PSYoungGen: 318816K->176480K(465920K)] 1025838K->963267K(1864192K), 0.0574426 secs] [Times: user=0.34 sys=0.00, real=0.06 secs] 
4405.245: [GC (Allocation Failure) [PSYoungGen: 409440K->82944K(465920K)] 1196227K->1046043K(1864192K), 0.1271120 secs] [Times: user=0.76 sys=0.00, real=0.12 secs] 
4405.793: [GC (Allocation Failure) [PSYoungGen: 314317K->210112K(465920K)] 1277416K->1249898K(1864192K), 0.0583750 secs] [Times: user=0.35 sys=0.00, real=0.06 secs] 
4409.337: [GC (Allocation Failure) [PSYoungGen: 443072K->87520K(465920K)] 1482858K->1303866K(1864192K), 0.1105393 secs] [Times: user=0.64 sys=0.00, real=0.11 secs] 
4409.448: [Full GC (Ergonomics) [PSYoungGen: 87520K->0K(465920K)] [ParOldGen: 1216346K->102631K(1398272K)] 1303866K->102631K(1864192K), [Metaspace: 60472K->60472K(1105920K)], 0.2146086 secs] [Times: user=0.85 sys=0.00, real=0.21 secs] 
4410.753: [GC (Allocation Failure) [PSYoungGen: 232960K->156864K(465920K)] 335591K->259495K(1864192K), 0.0456153 secs] [Times: user=0.27 sys=0.00, real=0.05 secs] 
4413.468: [GC (Allocation Failure) [PSYoungGen: 389824K->99776K(465920K)] 492455K->359179K(1864192K), 0.0778300 secs] [Times: user=0.46 sys=0.00, real=0.08 secs] 
4414.702: [GC (Allocation Failure) [PSYoungGen: 332736K->148352K(465920K)] 592139K->496934K(1864192K), 0.0599247 secs] [Times: user=0.36 sys=0.00, real=0.06 secs] 
4418.622: [GC (Allocation Failure) [PSYoungGen: 381312K->125440K(358912K)] 729894K->622294K(1757184K), 0.0866285 secs] [Times: user=0.52 sys=0.00, real=0.09 secs] 
4419.866: [GC (Allocation Failure) [PSYoungGen: 358400K->130816K(473600K)] 855254K->734483K(1871872K), 0.0617211 secs] [Times: user=0.37 sys=0.00, real=0.06 secs] 
4423.073: [GC (Allocation Failure) [PSYoungGen: 372992K->136768K(379392K)] 976659K->871291K(1777664K), 0.0663291 secs] [Times: user=0.40 sys=0.00, real=0.07 secs] 
4424.591: [GC (Allocation Failure) [PSYoungGen: 378944K->4576K(449024K)] 1113467K->739139K(1847296K), 0.0032175 secs] [Times: user=0.02 sys=0.00, real=0.01 secs] 
4427.887: [GC (Allocation Failure) [PSYoungGen: 237536K->158208K(461312K)] 972099K->895512K(1859584K), 0.0317852 secs] [Times: user=0.18 sys=0.00, real=0.03 secs] 
4429.530: [GC (Allocation Failure) [PSYoungGen: 391168K->100864K(459264K)] 1128472K->987276K(1857536K), 0.1692922 secs] [Times: user=1.01 sys=0.00, real=0.17 secs] 
4432.442: [GC (Allocation Failure) [PSYoungGen: 338944K->168864K(462848K)] 1225356K->1153425K(1861120K), 0.0531822 secs] [Times: user=0.32 sys=0.00, real=0.06 secs] 
4435.196: [GC (Allocation Failure) [PSYoungGen: 406944K->99520K(467456K)] 1391505K->1243721K(1865728K), 0.1792461 secs] [Times: user=1.08 sys=0.00, real=0.18 secs] 
4437.550: [GC (Allocation Failure) [PSYoungGen: 339136K->171936K(465920K)] 1483337K->1411818K(1864192K), 0.0524266 secs] [Times: user=0.31 sys=0.00, real=0.05 secs] 
4437.603: [Full GC (Ergonomics) [PSYoungGen: 171936K->0K(465920K)] [ParOldGen: 1239882K->215394K(1398272K)] 1411818K->215394K(1864192K), [Metaspace: 60472K->60472K(1105920K)], 0.4912565 secs] [Times: user=2.29 sys=0.00, real=0.50 secs] 
4440.632: [GC (Allocation Failure) [PSYoungGen: 236043K->87616K(468480K)] 451437K->303010K(1866752K), 0.1269495 secs] [Times: user=0.76 sys=0.01, real=0.13 secs] 
4441.490: [GC (Allocation Failure) [PSYoungGen: 323136K->175520K(465920K)] 538530K->474347K(1864192K), 0.0563756 secs] [Times: user=0.33 sys=0.00, real=0.06 secs] 
4445.397: [GC (Allocation Failure) [PSYoungGen: 411040K->87712K(465920K)] 709867K->562187K(1864192K), 0.1585811 secs] [Times: user=0.95 sys=0.00, real=0.16 secs] 
4445.990: [GC (Allocation Failure) [PSYoungGen: 320672K->211968K(465920K)] 795147K->767952K(1864192K), 0.0581400 secs] [Times: user=0.35 sys=0.00, real=0.06 secs] 
4449.146: [GC (Allocation Failure) [PSYoungGen: 444928K->91936K(465920K)] 1000912K->823112K(1864192K), 0.1171153 secs] [Times: user=0.69 sys=0.01, real=0.11 secs] 
4450.384: [GC (Allocation Failure) [PSYoungGen: 324896K->157408K(465920K)] 1056072K->969095K(1864192K), 0.0597827 secs] [Times: user=0.36 sys=0.00, real=0.06 secs] 
4452.896: [GC (Allocation Failure) [PSYoungGen: 390368K->101088K(465920K)] 1202055K->1070007K(1864192K), 0.0996992 secs] [Times: user=0.60 sys=0.00, real=0.10 secs] 
4454.136: [GC (Allocation Failure) [PSYoungGen: 334048K->147360K(465920K)] 1302967K->1206360K(1864192K), 0.0600519 secs] [Times: user=0.36 sys=0.00, real=0.06 secs] 
4457.788: [GC (Allocation Failure) [PSYoungGen: 380320K->117856K(459776K)] 1439320K->1324408K(1858048K), 0.0759825 secs] [Times: user=0.45 sys=0.00, real=0.08 secs] 
4457.864: [Full GC (Ergonomics) [PSYoungGen: 117856K->0K(459776K)] [ParOldGen: 1206552K->133405K(1398272K)] 1324408K->133405K(1858048K), [Metaspace: 60472K->60472K(1105920K)], 0.2970058 secs] [Times: user=1.36 sys=0.00, real=0.29 secs] 
4459.264: [GC (Allocation Failure) [PSYoungGen: 232960K->130816K(364032K)] 366365K->264221K(1762304K), 0.0468857 secs] [Times: user=0.27 sys=0.01, real=0.04 secs] 
4462.760: [GC (Allocation Failure) [PSYoungGen: 363776K->132224K(470016K)] 497181K->396181K(1868288K), 0.0785754 secs] [Times: user=0.47 sys=0.00, real=0.08 secs] 
4464.001: [GC (Allocation Failure) [PSYoungGen: 382080K->6432K(462336K)] 646037K->270737K(1860608K), 0.0025582 secs] [Times: user=0.01 sys=0.01, real=0.01 secs] 
4467.167: [GC (Allocation Failure) [PSYoungGen: 256288K->174912K(457728K)] 520593K->443885K(1856000K), 0.0351720 secs] [Times: user=0.20 sys=0.00, real=0.03 secs] 
4469.433: [GC (Allocation Failure) [PSYoungGen: 407227K->93792K(465920K)] 676201K->528622K(1864192K), 0.1736030 secs] [Times: user=1.04 sys=0.00, real=0.18 secs] 
4472.111: [GC (Allocation Failure) [PSYoungGen: 314783K->159776K(462336K)] 749613K->685646K(1860608K), 0.0496931 secs] [Times: user=0.29 sys=0.01, real=0.05 secs] 
4474.439: [GC (Allocation Failure) [PSYoungGen: 392736K->93984K(327168K)] 918606K->771082K(1725440K), 0.1644678 secs] [Times: user=0.97 sys=0.00, real=0.16 secs] 
4477.805: [GC (Allocation Failure) [PSYoungGen: 316362K->157088K(461312K)] 993461K->924067K(1859584K), 0.0487046 secs] [Times: user=0.29 sys=0.00, real=0.05 secs] 
4480.178: [GC (Allocation Failure) [PSYoungGen: 391072K->95136K(463872K)] 1158051K->1010411K(1862144K), 0.1746479 secs] [Times: user=1.05 sys=0.00, real=0.17 secs] 
4481.562: [GC (Allocation Failure) [PSYoungGen: 329120K->168288K(459776K)] 1244395K->1174880K(1858048K), 0.0505270 secs] [Times: user=0.30 sys=0.00, real=0.05 secs] 
4484.543: [GC (Allocation Failure) [PSYoungGen: 403296K->86720K(466432K)] 1409888K->1261192K(1864704K), 0.1726156 secs] [Times: user=1.03 sys=0.00, real=0.18 secs] 
4484.716: [Full GC (Ergonomics) [PSYoungGen: 86720K->0K(466432K)] [ParOldGen: 1174472K->58128K(1398272K)] 1261192K->58128K(1864704K), [Metaspace: 60474K->60474K(1105920K)], 0.1647104 secs] [Times: user=0.77 sys=0.00, real=0.16 secs] 
4485.897: [GC (Allocation Failure) [PSYoungGen: 235008K->172224K(460800K)] 293136K->230352K(1859072K), 0.0361868 secs] [Times: user=0.21 sys=0.00, real=0.03 secs] 
4489.522: [GC (Allocation Failure) [PSYoungGen: 405184K->85760K(465920K)] 463312K->315852K(1864192K), 0.1748233 secs] [Times: user=1.04 sys=0.00, real=0.18 secs] 
4490.162: [GC (Allocation Failure) [PSYoungGen: 318720K->176672K(464896K)] 548812K->486349K(1863168K), 0.0569368 secs] [Times: user=0.34 sys=0.00, real=0.06 secs] 
4493.356: [GC (Allocation Failure) [PSYoungGen: 409632K->86112K(465920K)] 719309K->572309K(1864192K), 0.1304426 secs] [Times: user=0.78 sys=0.00, real=0.13 secs] 
4494.255: [GC (Allocation Failure) [PSYoungGen: 319072K->210272K(465920K)] 805269K->776186K(1864192K), 0.0648978 secs] [Times: user=0.38 sys=0.00, real=0.06 secs] 
4497.934: [GC (Allocation Failure) [PSYoungGen: 443232K->87488K(465920K)] 1009146K->822602K(1864192K), 0.1203327 secs] [Times: user=0.72 sys=0.00, real=0.12 secs] 
4499.194: [GC (Allocation Failure) [PSYoungGen: 320448K->157312K(465920K)] 1055562K->973230K(1864192K), 0.0599186 secs] [Times: user=0.35 sys=0.00, real=0.05 secs] 
4502.645: [GC (Allocation Failure) [PSYoungGen: 390272K->108800K(465920K)] 1206190K->1082094K(1864192K), 0.1040551 secs] [Times: user=0.62 sys=0.00, real=0.10 secs] 
4503.929: [GC (Allocation Failure) [PSYoungGen: 341760K->148032K(465920K)] 1315054K->1211058K(1864192K), 0.0605300 secs] [Times: user=0.36 sys=0.00, real=0.06 secs] 
4506.767: [GC (Allocation Failure) [PSYoungGen: 380992K->121152K(354304K)] 1444018K->1332362K(1752576K), 0.0859876 secs] [Times: user=0.51 sys=0.00, real=0.08 secs] 
4506.853: [Full GC (Ergonomics) [PSYoungGen: 121152K->0K(354304K)] [ParOldGen: 1211210K->136199K(1398272K)] 1332362K->136199K(1752576K), [Metaspace: 60481K->60481K(1105920K)], 0.3146504 secs] [Times: user=1.46 sys=0.00, real=0.32 secs] 
4508.259: [GC (Allocation Failure) [PSYoungGen: 232960K->126976K(471552K)] 369159K->263175K(1869824K), 0.0457855 secs] [Times: user=0.27 sys=0.00, real=0.05 secs] 
4511.899: [GC (Allocation Failure) [PSYoungGen: 369152K->149696K(462336K)] 505351K->413055K(1860608K), 0.0745544 secs] [Times: user=0.44 sys=0.00, real=0.07 secs] 
4513.112: [GC (Allocation Failure) [PSYoungGen: 391872K->10400K(456192K)] 655231K->273791K(1854464K), 0.0037873 secs] [Times: user=0.02 sys=0.00, real=0.01 secs] 
4517.202: [GC (Allocation Failure) [PSYoungGen: 247968K->166720K(404480K)] 511359K->437932K(1802752K), 0.0343407 secs] [Times: user=0.20 sys=0.00, real=0.04 secs] 
4519.703: [GC (Allocation Failure) [PSYoungGen: 404288K->96032K(468480K)] 675500K->524772K(1866752K), 0.1653844 secs] [Times: user=0.98 sys=0.00, real=0.17 secs] 
4521.644: [GC (Allocation Failure) [PSYoungGen: 316845K->162464K(465920K)] 745585K->684614K(1864192K), 0.0508590 secs] [Times: user=0.31 sys=0.00, real=0.05 secs] 
4524.234: [GC (Allocation Failure) [PSYoungGen: 397984K->94208K(463872K)] 920134K->770582K(1862144K), 0.1782745 secs] [Times: user=1.06 sys=0.00, real=0.17 secs] 
4525.825: [GC (Allocation Failure) [PSYoungGen: 329728K->174560K(464896K)] 1006102K->939287K(1863168K), 0.0503091 secs] [Times: user=0.30 sys=0.00, real=0.05 secs] 
4529.175: [GC (Allocation Failure) [PSYoungGen: 410080K->84736K(465920K)] 1174807K->1024187K(1864192K), 0.1828241 secs] [Times: user=1.09 sys=0.00, real=0.18 secs] 
4530.639: [GC (Allocation Failure) [PSYoungGen: 317696K->189760K(465920K)] 1257147K->1210256K(1864192K), 0.0564790 secs] [Times: user=0.34 sys=0.00, real=0.06 secs] 
4534.462: [GC (Allocation Failure) [PSYoungGen: 422720K->85856K(465920K)] 1443216K->1279952K(1864192K), 0.1744527 secs] [Times: user=1.04 sys=0.00, real=0.18 secs] 
4534.637: [Full GC (Ergonomics) [PSYoungGen: 85856K->0K(465920K)] [ParOldGen: 1194096K->76002K(1398272K)] 1279952K->76002K(1864192K), [Metaspace: 60490K->60490K(1105920K)], 0.2044445 secs] [Times: user=0.97 sys=0.00, real=0.20 secs] 
4535.148: [GC (Allocation Failure) [PSYoungGen: 232960K->173152K(465920K)] 308962K->249154K(1864192K), 0.0371592 secs] [Times: user=0.22 sys=0.00, real=0.04 secs] 
4538.715: [GC (Allocation Failure) [PSYoungGen: 406112K->88768K(465920K)] 482114K->337366K(1864192K), 0.1287502 secs] [Times: user=0.76 sys=0.00, real=0.12 secs] 
4539.402: [GC (Allocation Failure) [PSYoungGen: 318629K->201504K(465920K)] 567228K->532683K(1864192K), 0.0616489 secs] [Times: user=0.37 sys=0.00, real=0.07 secs] 
4543.202: [GC (Allocation Failure) [PSYoungGen: 434464K->88992K(465920K)] 765643K->586291K(1864192K), 0.1169830 secs] [Times: user=0.70 sys=0.00, real=0.12 secs] 
4544.443: [GC (Allocation Failure) [PSYoungGen: 321952K->155392K(465920K)] 819251K->735164K(1864192K), 0.0603090 secs] [Times: user=0.36 sys=0.01, real=0.06 secs] 
4547.540: [GC (Allocation Failure) [PSYoungGen: 388352K->101632K(465920K)] 968124K->836492K(1864192K), 0.0944847 secs] [Times: user=0.56 sys=0.00, real=0.10 secs] 
4548.770: [GC (Allocation Failure) [PSYoungGen: 334592K->147008K(465920K)] 1069452K->972785K(1864192K), 0.0603967 secs] [Times: user=0.36 sys=0.00, real=0.06 secs] 
4552.596: [GC (Allocation Failure) [PSYoungGen: 379968K->118624K(463872K)] 1205745K->1091213K(1862144K), 0.0823763 secs] [Times: user=0.49 sys=0.00, real=0.08 secs] 
4553.815: [GC (Allocation Failure) [PSYoungGen: 351584K->129664K(363008K)] 1324173K->1210457K(1761280K), 0.0620385 secs] [Times: user=0.37 sys=0.00, real=0.06 secs] 
4556.699: [GC (Allocation Failure) [PSYoungGen: 362624K->132832K(465920K)] 1443417K->1343178K(1864192K), 0.0651341 secs] [Times: user=0.39 sys=0.00, real=0.07 secs] 
4556.764: [Full GC (Ergonomics) [PSYoungGen: 132832K->0K(465920K)] [ParOldGen: 1210345K->147843K(1398272K)] 1343178K->147843K(1864192K), [Metaspace: 60501K->60501K(1105920K)], 0.3450466 secs] [Times: user=1.59 sys=0.00, real=0.34 secs] 
4558.219: [GC (Allocation Failure) [PSYoungGen: 244224K->120032K(457728K)] 392067K->267875K(1856000K), 0.0418477 secs] [Times: user=0.25 sys=0.00, real=0.04 secs] 
4560.657: [GC (Allocation Failure) [PSYoungGen: 364256K->166016K(464384K)] 512099K->432528K(1862656K), 0.0607855 secs] [Times: user=0.36 sys=0.00, real=0.06 secs] 
4563.219: [GC (Allocation Failure) [PSYoungGen: 423552K->112608K(470528K)] 690064K->535676K(1868800K), 0.1688204 secs] [Times: user=0.99 sys=0.00, real=0.17 secs] 
4565.269: [GC (Allocation Failure) [PSYoungGen: 370144K->185984K(464896K)] 793212K->717484K(1863168K), 0.0580889 secs] [Times: user=0.34 sys=0.00, real=0.06 secs] 
4569.052: [GC (Allocation Failure) [PSYoungGen: 442496K->99168K(477696K)] 973996K->816257K(1875968K), 0.1449158 secs] [Times: user=0.86 sys=0.00, real=0.15 secs] 
4570.375: [GC (Allocation Failure) [PSYoungGen: 355680K->168096K(471552K)] 1072769K->977669K(1869824K), 0.0662409 secs] [Times: user=0.39 sys=0.00, real=0.06 secs] 
4574.489: [GC (Allocation Failure) [PSYoungGen: 420512K->130272K(382976K)] 1230085K->1107805K(1781248K), 0.0907354 secs] [Times: user=0.54 sys=0.00, real=0.09 secs] 
4575.733: [GC (Allocation Failure) [PSYoungGen: 382688K->2848K(453632K)] 1360221K->980445K(1851904K), 0.0043919 secs] [Times: user=0.02 sys=0.00, real=0.01 secs] 
4578.394: [GC (Allocation Failure) [PSYoungGen: 240928K->155072K(393216K)] 1218525K->1133866K(1791488K), 0.0316883 secs] [Times: user=0.19 sys=0.00, real=0.03 secs] 
4580.026: [GC (Allocation Failure) [PSYoungGen: 393152K->106720K(474624K)] 1371946K->1231094K(1872896K), 0.1598431 secs] [Times: user=0.95 sys=0.01, real=0.16 secs] 
4582.086: [GC (Allocation Failure) [PSYoungGen: 348077K->171104K(414720K)] 1472451K->1399339K(1812992K), 0.0566632 secs] [Times: user=0.33 sys=0.00, real=0.05 secs] 
4582.143: [Full GC (Ergonomics) [PSYoungGen: 171104K->0K(414720K)] [ParOldGen: 1228235K->197922K(1398272K)] 1399339K->197922K(1812992K), [Metaspace: 60501K->60501K(1105920K)], 0.4589466 secs] [Times: user=2.13 sys=0.00, real=0.46 secs] 
4585.368: [GC (Allocation Failure) [PSYoungGen: 243200K->101472K(473088K)] 441122K->299394K(1871360K), 0.0715226 secs] [Times: user=0.42 sys=0.00, real=0.07 secs] 
4587.300: [GC (Allocation Failure) [PSYoungGen: 342624K->178848K(420352K)] 540546K->473790K(1818624K), 0.0527498 secs] [Times: user=0.31 sys=0.00, real=0.05 secs] 
4590.012: [GC (Allocation Failure) [PSYoungGen: 420000K->92704K(466944K)] 714942K->566366K(1865216K), 0.1847511 secs] [Times: user=1.10 sys=0.00, real=0.19 secs] 
4590.481: [GC (Allocation Failure) [PSYoungGen: 326688K->175712K(465920K)] 800350K->735975K(1864192K), 0.0585779 secs] [Times: user=0.35 sys=0.00, real=0.06 secs] 
4594.364: [GC (Allocation Failure) [PSYoungGen: 409696K->87072K(465920K)] 969959K->822767K(1864192K), 0.1242420 secs] [Times: user=0.74 sys=0.00, real=0.12 secs] 
4595.615: [GC (Allocation Failure) [PSYoungGen: 320032K->160960K(465920K)] 1055727K->977253K(1864192K), 0.0619128 secs] [Times: user=0.37 sys=0.00, real=0.06 secs] 
4599.257: [GC (Allocation Failure) [PSYoungGen: 393920K->93568K(465920K)] 1210213K->1070717K(1864192K), 0.1077162 secs] [Times: user=0.64 sys=0.01, real=0.11 secs] 
4600.496: [GC (Allocation Failure) [PSYoungGen: 326528K->150816K(384000K)] 1303677K->1214914K(1782272K), 0.0601868 secs] [Times: user=0.36 sys=0.00, real=0.06 secs] 
4603.774: [GC (Allocation Failure) [PSYoungGen: 383776K->107392K(470528K)] 1447874K->1322538K(1868800K), 0.0946926 secs] [Times: user=0.57 sys=0.01, real=0.09 secs] 
4603.869: [Full GC (Ergonomics) [PSYoungGen: 107392K->0K(470528K)] [ParOldGen: 1215146K->122928K(1398272K)] 1322538K->122928K(1868800K), [Metaspace: 60501K->60501K(1105920K)], 0.2733178 secs] [Times: user=1.24 sys=0.00, real=0.27 secs] 
4605.282: [GC (Allocation Failure) [PSYoungGen: 239104K->140768K(379904K)] 362032K->263696K(1778176K), 0.0507175 secs] [Times: user=0.30 sys=0.00, real=0.05 secs] 
4608.870: [GC (Allocation Failure) [PSYoungGen: 379872K->137632K(467968K)] 502800K->401600K(1866240K), 0.0932537 secs] [Times: user=0.56 sys=0.01, real=0.09 secs] 
4610.119: [GC (Allocation Failure) [PSYoungGen: 385440K->6560K(462336K)] 649408K->270568K(1860608K), 0.0029826 secs] [Times: user=0.01 sys=0.00, real=0.00 secs] 
4611.561: [GC (Allocation Failure) [PSYoungGen: 254368K->178080K(459776K)] 518376K->447074K(1858048K), 0.0355415 secs] [Times: user=0.21 sys=0.00, real=0.04 secs] 
4614.673: [GC (Allocation Failure) [PSYoungGen: 411040K->93632K(465920K)] 680034K->532298K(1864192K), 0.1864542 secs] [Times: user=1.10 sys=0.01, real=0.19 secs] 
4616.265: [GC (Allocation Failure) [PSYoungGen: 312829K->159936K(464896K)] 751495K->686183K(1863168K), 0.0480003 secs] [Times: user=0.28 sys=0.00, real=0.04 secs] 
4618.494: [GC (Allocation Failure) [PSYoungGen: 392896K->94656K(327680K)] 919143K->771675K(1725952K), 0.1791442 secs] [Times: user=1.07 sys=0.01, real=0.18 secs] 
4620.942: [GC (Allocation Failure) [PSYoungGen: 312505K->156608K(460800K)] 989525K->924116K(1859072K), 0.0489142 secs] [Times: user=0.29 sys=0.00, real=0.05 secs] 
4623.411: [GC (Allocation Failure) [PSYoungGen: 388032K->91616K(463360K)] 1155540K->1007052K(1861632K), 0.1783806 secs] [Times: user=1.06 sys=0.00, real=0.18 secs] 
4625.780: [GC (Allocation Failure) [PSYoungGen: 307860K->159040K(460800K)] 1223296K->1162824K(1859072K), 0.0480790 secs] [Times: user=0.28 sys=0.00, real=0.05 secs] 
4627.837: [GC (Allocation Failure) [PSYoungGen: 393024K->94464K(464384K)] 1396808K->1249072K(1862656K), 0.1631164 secs] [Times: user=0.97 sys=0.01, real=0.16 secs] 
4629.754: [GC (Allocation Failure) [PSYoungGen: 328448K->170496K(458752K)] 1483056K->1414921K(1857024K), 0.0508224 secs] [Times: user=0.30 sys=0.00, real=0.05 secs] 
4629.805: [Full GC (Ergonomics) [PSYoungGen: 170496K->0K(458752K)] [ParOldGen: 1244425K->210310K(1398272K)] 1414921K->210310K(1857024K), [Metaspace: 60503K->60503K(1105920K)], 0.4918886 secs] [Times: user=2.31 sys=0.00, real=0.49 secs] 
4633.452: [GC (Allocation Failure) [PSYoungGen: 233984K->90464K(466432K)] 444294K->300774K(1864704K), 0.1209268 secs] [Times: user=0.72 sys=0.00, real=0.12 secs] 
4635.243: [GC (Allocation Failure) [PSYoungGen: 324448K->170752K(461312K)] 534758K->467435K(1859584K), 0.0564318 secs] [Times: user=0.33 sys=0.00, real=0.06 secs] 
4638.213: [GC (Allocation Failure) [PSYoungGen: 403712K->81088K(465920K)] 700395K->548475K(1864192K), 0.1210638 secs] [Times: user=0.72 sys=0.00, real=0.13 secs] 
4639.220: [GC (Allocation Failure) [PSYoungGen: 314048K->179040K(465408K)] 781435K->721372K(1863680K), 0.0564847 secs] [Times: user=0.33 sys=0.00, real=0.06 secs] 
4643.025: [GC (Allocation Failure) [PSYoungGen: 412000K->82304K(465920K)] 954332K->803932K(1864192K), 0.1453911 secs] [Times: user=0.86 sys=0.00, real=0.14 secs] 
4643.748: [GC (Allocation Failure) [PSYoungGen: 311250K->207168K(465920K)] 1032878K->1004787K(1864192K), 0.0612635 secs] [Times: user=0.37 sys=0.00, real=0.06 secs] 
4646.941: [GC (Allocation Failure) [PSYoungGen: 440128K->85600K(465920K)] 1237747K->1055871K(1864192K), 0.1185484 secs] [Times: user=0.71 sys=0.01, real=0.12 secs] 
4648.181: [GC (Allocation Failure) [PSYoungGen: 318560K->158560K(465920K)] 1288831K->1207728K(1864192K), 0.0597342 secs] [Times: user=0.36 sys=0.00, real=0.06 secs] 
4650.317: [GC (Allocation Failure) [PSYoungGen: 391520K->102784K(465920K)] 1440688K->1310384K(1864192K), 0.0818703 secs] [Times: user=0.48 sys=0.00, real=0.08 secs] 
4650.399: [Full GC (Ergonomics) [PSYoungGen: 102784K->0K(465920K)] [ParOldGen: 1207600K->117948K(1398272K)] 1310384K->117948K(1864192K), [Metaspace: 60503K->60503K(1105920K)], 0.2537762 secs] [Times: user=1.14 sys=0.00, real=0.25 secs] 
4651.766: [GC (Allocation Failure) [PSYoungGen: 232960K->145504K(465920K)] 350908K->263452K(1864192K), 0.0533886 secs] [Times: user=0.32 sys=0.00, real=0.05 secs] 
4654.281: [GC (Allocation Failure) [PSYoungGen: 378464K->138336K(371712K)] 496412K->401668K(1769984K), 0.0848780 secs] [Times: user=0.51 sys=0.00, real=0.09 secs] 
4656.331: [GC (Allocation Failure) [PSYoungGen: 371296K->126368K(474112K)] 634628K->501209K(1872384K), 0.0614466 secs] [Times: user=0.37 sys=0.00, real=0.06 secs] 
4658.668: [GC (Allocation Failure) [PSYoungGen: 368544K->151424K(464896K)] 743385K->652393K(1863168K), 0.0618613 secs] [Times: user=0.37 sys=0.00, real=0.06 secs] 
4660.064: [GC (Allocation Failure) [PSYoungGen: 393600K->9760K(453632K)] 894569K->510813K(1851904K), 0.0053306 secs] [Times: user=0.03 sys=0.00, real=0.00 secs] 
4663.440: [GC (Allocation Failure) [PSYoungGen: 242208K->158752K(465408K)] 743261K->667322K(1863680K), 0.0334807 secs] [Times: user=0.20 sys=0.00, real=0.03 secs] 
4664.963: [GC (Allocation Failure) [PSYoungGen: 391200K->99296K(458752K)] 899770K->757874K(1857024K), 0.1260319 secs] [Times: user=0.74 sys=0.01, real=0.13 secs] 
4668.687: [GC (Allocation Failure) [PSYoungGen: 332256K->163200K(462336K)] 990834K->918167K(1860608K), 0.0529052 secs] [Times: user=0.31 sys=0.00, real=0.05 secs] 
4670.229: [GC (Allocation Failure) [PSYoungGen: 396160K->98464K(462848K)] 1151127K->1007663K(1861120K), 0.1405531 secs] [Times: user=0.84 sys=0.00, real=0.14 secs] 
4671.760: [GC (Allocation Failure) [PSYoungGen: 335008K->168928K(464384K)] 1244207K->1172861K(1862656K), 0.0800396 secs] [Times: user=0.47 sys=0.00, real=0.08 secs] 
4675.254: [GC (Allocation Failure) [PSYoungGen: 405472K->91104K(467968K)] 1409405K->1263281K(1866240K), 0.1370365 secs] [Times: user=0.81 sys=0.00, real=0.14 secs] 
4675.391: [Full GC (Ergonomics) [PSYoungGen: 91104K->0K(467968K)] [ParOldGen: 1172177K->62082K(1398272K)] 1263281K->62082K(1866240K), [Metaspace: 60503K->60503K(1105920K)], 0.1534223 secs] [Times: user=0.70 sys=0.00, real=0.16 secs] 
4676.952: [GC (Allocation Failure) [PSYoungGen: 236032K->171808K(465920K)] 298114K->233890K(1864192K), 0.1090429 secs] [Times: user=0.59 sys=0.00, real=0.11 secs] 
4679.069: [GC (Allocation Failure) [PSYoungGen: 407840K->94272K(466944K)] 469922K->328158K(1865216K), 0.1322403 secs] [Times: user=0.79 sys=0.00, real=0.13 secs] 
4681.348: [GC (Allocation Failure) [PSYoungGen: 328256K->168032K(465920K)] 562142K->490363K(1864192K), 0.1457481 secs] [Times: user=0.87 sys=0.00, real=0.15 secs] 
4683.256: [GC (Allocation Failure) [PSYoungGen: 402016K->92640K(465920K)] 724347K->583235K(1864192K), 0.1067301 secs] [Times: user=0.63 sys=0.00, real=0.10 secs] 
4686.443: [GC (Allocation Failure) [PSYoungGen: 325600K->156992K(465920K)] 816195K->733926K(1864192K), 0.0626654 secs] [Times: user=0.36 sys=0.00, real=0.07 secs] 
4688.884: [GC (Allocation Failure) [PSYoungGen: 384299K->93280K(458752K)] 961233K->826990K(1857024K), 0.1097112 secs] [Times: user=0.66 sys=0.00, real=0.11 secs] 
4690.112: [GC (Allocation Failure) [PSYoungGen: 326240K->151232K(462336K)] 1059950K->971527K(1860608K), 0.0601683 secs] [Times: user=0.36 sys=0.00, real=0.06 secs] 
4693.052: [GC (Allocation Failure) [PSYoungGen: 384192K->107072K(456192K)] 1204487K->1078251K(1854464K), 0.0953151 secs] [Times: user=0.57 sys=0.00, real=0.10 secs] 
4694.350: [GC (Allocation Failure) [PSYoungGen: 348224K->141568K(463360K)] 1319403K->1209078K(1861632K), 0.0610893 secs] [Times: user=0.37 sys=0.00, real=0.06 secs] 
4697.406: [GC (Allocation Failure) [PSYoungGen: 382720K->136960K(462336K)] 1450230K->1345678K(1860608K), 0.0704177 secs] [Times: user=0.39 sys=0.00, real=0.07 secs] 
4697.476: [Full GC (Ergonomics) [PSYoungGen: 136960K->0K(462336K)] [ParOldGen: 1208718K->151996K(1398272K)] 1345678K->151996K(1860608K), [Metaspace: 60503K->60503K(1105920K)], 0.3483872 secs] [Times: user=1.54 sys=0.00, real=0.35 secs] 
4698.980: [GC (Allocation Failure) [PSYoungGen: 258560K->122304K(471040K)] 410556K->274300K(1869312K), 0.0422993 secs] [Times: user=0.25 sys=0.00, real=0.04 secs] 
4701.547: [GC (Allocation Failure) [PSYoungGen: 372449K->173280K(475136K)] 524446K->445545K(1873408K), 0.0619578 secs] [Times: user=0.37 sys=0.00, real=0.06 secs] 
4705.123: [GC (Allocation Failure) [PSYoungGen: 443104K->120864K(484352K)] 715369K->557145K(1882624K), 0.1684659 secs] [Times: user=1.00 sys=0.00, real=0.17 secs] 
4706.697: [GC (Allocation Failure) [PSYoungGen: 390688K->188256K(463872K)] 826969K->738820K(1862144K), 0.0669236 secs] [Times: user=0.40 sys=0.00, real=0.07 secs] 
4710.444: [GC (Allocation Failure) [PSYoungGen: 443744K->109728K(477184K)] 994308K->848116K(1875456K), 0.1037911 secs] [Times: user=0.62 sys=0.00, real=0.10 secs] 
4711.738: [GC (Allocation Failure) [PSYoungGen: 365216K->1280K(452608K)] 1103604K->739748K(1850880K), 0.0022945 secs] [Times: user=0.01 sys=0.00, real=0.00 secs] 
4714.116: [GC (Allocation Failure) [PSYoungGen: 236288K->154848K(390144K)] 974756K->894073K(1788416K), 0.0293080 secs] [Times: user=0.17 sys=0.00, real=0.03 secs] 
4715.552: [GC (Allocation Failure) [PSYoungGen: 389856K->8480K(465920K)] 1129081K->747929K(1864192K), 0.0033231 secs] [Times: user=0.02 sys=0.00, real=0.01 secs] 
4719.312: [GC (Allocation Failure) [PSYoungGen: 241440K->155392K(465920K)] 980889K->901342K(1864192K), 0.0324034 secs] [Times: user=0.19 sys=0.00, real=0.04 secs] 
4720.910: [GC (Allocation Failure) [PSYoungGen: 388352K->103072K(465920K)] 1134302K->995370K(1864192K), 0.1475631 secs] [Times: user=0.88 sys=0.01, real=0.15 secs] 
4724.038: [GC (Allocation Failure) [PSYoungGen: 336032K->164448K(465920K)] 1228330K->1157191K(1864192K), 0.0534924 secs] [Times: user=0.31 sys=0.00, real=0.05 secs] 
4725.619: [GC (Allocation Failure) [PSYoungGen: 397408K->97984K(465920K)] 1390151K->1246207K(1864192K), 0.1456571 secs] [Times: user=0.87 sys=0.00, real=0.15 secs] 
4725.764: [Full GC (Ergonomics) [PSYoungGen: 97984K->0K(465920K)] [ParOldGen: 1148223K->45256K(1398272K)] 1246207K->45256K(1864192K), [Metaspace: 60504K->60504K(1105920K)], 0.1209772 secs] [Times: user=0.50 sys=0.00, real=0.12 secs] 
4727.896: [GC (Allocation Failure) [PSYoungGen: 232960K->166400K(465920K)] 278216K->211656K(1864192K), 0.0355097 secs] [Times: user=0.21 sys=0.00, real=0.03 secs] 
4731.578: [GC (Allocation Failure) [PSYoungGen: 399360K->92544K(465920K)] 444616K->303016K(1864192K), 0.1608197 secs] [Times: user=0.96 sys=0.00, real=0.16 secs] 
4733.098: [GC (Allocation Failure) [PSYoungGen: 325504K->167808K(465920K)] 535976K->467017K(1864192K), 0.0564284 secs] [Times: user=0.34 sys=0.00, real=0.06 secs] 
4735.699: [GC (Allocation Failure) [PSYoungGen: 400768K->87328K(465920K)] 699977K->553725K(1864192K), 0.1547705 secs] [Times: user=0.92 sys=0.01, real=0.16 secs] 
4736.590: [GC (Allocation Failure) [PSYoungGen: 320288K->191904K(465920K)] 786685K->739566K(1864192K), 0.0578785 secs] [Times: user=0.34 sys=0.00, real=0.06 secs] 
4739.764: [GC (Allocation Failure) [PSYoungGen: 424864K->89792K(465920K)] 972526K->812642K(1864192K), 0.1439459 secs] [Times: user=0.85 sys=0.00, real=0.14 secs] 
4740.834: [GC (Allocation Failure) [PSYoungGen: 322752K->188256K(465920K)] 1045602K->994695K(1864192K), 0.0657614 secs] [Times: user=0.39 sys=0.00, real=0.06 secs] 
4744.110: [GC (Allocation Failure) [PSYoungGen: 421216K->90304K(465920K)] 1227655K->1064639K(1864192K), 0.1070592 secs] [Times: user=0.64 sys=0.00, real=0.11 secs] 
4745.337: [GC (Allocation Failure) [PSYoungGen: 323264K->154304K(465920K)] 1297599K->1212116K(1864192K), 0.0605817 secs] [Times: user=0.37 sys=0.00, real=0.06 secs] 
4748.292: [GC (Allocation Failure) [PSYoungGen: 387264K->100608K(465920K)] 1445076K->1312716K(1864192K), 0.0763892 secs] [Times: user=0.45 sys=0.00, real=0.08 secs] 
4748.368: [Full GC (Ergonomics) [PSYoungGen: 100608K->0K(465920K)] [ParOldGen: 1212108K->115293K(1398272K)] 1312716K->115293K(1864192K), [Metaspace: 60504K->60504K(1105920K)], 0.2580344 secs] [Times: user=1.17 sys=0.00, real=0.26 secs] 
4749.745: [GC (Allocation Failure) [PSYoungGen: 232960K->148800K(465920K)] 348253K->264093K(1864192K), 0.0544402 secs] [Times: user=0.33 sys=0.00, real=0.05 secs] 
4752.408: [GC (Allocation Failure) [PSYoungGen: 381760K->117312K(457728K)] 497053K->381277K(1856000K), 0.0976494 secs] [Times: user=0.58 sys=0.00, real=0.10 secs] 
4753.634: [GC (Allocation Failure) [PSYoungGen: 350272K->131680K(461824K)] 614237K->502608K(1860096K), 0.0609472 secs] [Times: user=0.36 sys=0.00, real=0.06 secs] 
4755.353: [GC (Allocation Failure) [PSYoungGen: 364640K->142432K(465920K)] 735568K->644616K(1864192K), 0.0610208 secs] [Times: user=0.36 sys=0.00, real=0.07 secs] 
4758.017: [GC (Allocation Failure) [PSYoungGen: 391776K->6080K(465408K)] 893960K->508288K(1863680K), 0.0038173 secs] [Times: user=0.02 sys=0.00, real=0.00 secs] 
4760.157: [GC (Allocation Failure) [PSYoungGen: 255424K->174400K(461312K)] 757632K->680893K(1859584K), 0.0356017 secs] [Times: user=0.21 sys=0.00, real=0.03 secs] 
4762.409: [GC (Allocation Failure) [PSYoungGen: 407360K->96608K(465920K)] 913853K->768477K(1864192K), 0.1662009 secs] [Times: user=0.99 sys=0.00, real=0.17 secs] 
4765.265: [GC (Allocation Failure) [PSYoungGen: 319754K->158016K(464384K)] 991623K->923085K(1862656K), 0.1037555 secs] [Times: user=0.62 sys=0.00, real=0.10 secs] 
4767.570: [GC (Allocation Failure) [PSYoungGen: 390976K->96608K(329728K)] 1156045K->1011197K(1728000K), 0.0950145 secs] [Times: user=0.56 sys=0.00, real=0.10 secs] 
4768.702: [GC (Allocation Failure) [PSYoungGen: 329568K->168288K(457216K)] 1244157K->1176158K(1855488K), 0.0763647 secs] [Times: user=0.45 sys=0.00, real=0.08 secs] 
4771.737: [GC (Allocation Failure) [PSYoungGen: 397664K->87936K(462336K)] 1405534K->1263966K(1860608K), 0.1274463 secs] [Times: user=0.75 sys=0.01, real=0.13 secs] 
4771.865: [Full GC (Ergonomics) [PSYoungGen: 87936K->0K(462336K)] [ParOldGen: 1176030K->61393K(1398272K)] 1263966K->61393K(1860608K), [Metaspace: 60504K->60504K(1105920K)], 0.1482687 secs] [Times: user=0.67 sys=0.00, real=0.14 secs] 
4773.115: [GC (Allocation Failure) [PSYoungGen: 229376K->165696K(463360K)] 290769K->227089K(1861632K), 0.0779078 secs] [Times: user=0.45 sys=0.00, real=0.07 secs] 
4775.416: [GC (Allocation Failure) [PSYoungGen: 398656K->87904K(465920K)] 460049K->315029K(1864192K), 0.0865652 secs] [Times: user=0.51 sys=0.00, real=0.08 secs] 
4777.398: [GC (Allocation Failure) [PSYoungGen: 320864K->169696K(464384K)] 547989K->478878K(1862656K), 0.1455868 secs] [Times: user=0.87 sys=0.00, real=0.14 secs] 
4779.359: [GC (Allocation Failure) [PSYoungGen: 402656K->91328K(465920K)] 711838K->569990K(1864192K), 0.1087289 secs] [Times: user=0.63 sys=0.00, real=0.11 secs] 
4781.667: [GC (Allocation Failure) [PSYoungGen: 324288K->186560K(465920K)] 802950K->750634K(1864192K), 0.1343966 secs] [Times: user=0.80 sys=0.00, real=0.13 secs] 
4784.100: [GC (Allocation Failure) [PSYoungGen: 419520K->90976K(465920K)] 983594K->824938K(1864192K), 0.1008982 secs] [Times: user=0.60 sys=0.00, real=0.10 secs] 
4788.576: [GC (Allocation Failure) [PSYoungGen: 322120K->189760K(465920K)] 1056083K->1008999K(1864192K), 0.0674472 secs] [Times: user=0.40 sys=0.01, real=0.06 secs] 
4790.749: [GC (Allocation Failure) [PSYoungGen: 419078K->92768K(465920K)] 1238317K->1064983K(1864192K), 0.0908717 secs] [Times: user=0.54 sys=0.01, real=0.09 secs] 
4792.422: [GC (Allocation Failure) [PSYoungGen: 325728K->151072K(465920K)] 1297943K->1209824K(1864192K), 0.0603450 secs] [Times: user=0.36 sys=0.00, real=0.06 secs] 
4795.894: [GC (Allocation Failure) [PSYoungGen: 384032K->102240K(465920K)] 1442784K->1312120K(1864192K), 0.0936464 secs] [Times: user=0.56 sys=0.00, real=0.09 secs] 
4795.988: [Full GC (Ergonomics) [PSYoungGen: 102240K->0K(465920K)] [ParOldGen: 1209880K->117314K(1398272K)] 1312120K->117314K(1864192K), [Metaspace: 60504K->60504K(1105920K)], 0.2702861 secs] [Times: user=1.24 sys=0.00, real=0.27 secs] 
4797.356: [GC (Allocation Failure) [PSYoungGen: 232960K->146624K(465920K)] 350274K->263938K(1864192K), 0.0532681 secs] [Times: user=0.31 sys=0.00, real=0.05 secs] 
4800.021: [GC (Allocation Failure) [PSYoungGen: 379584K->119328K(352768K)] 496898K->382754K(1751040K), 0.0923921 secs] [Times: user=0.54 sys=0.00, real=0.09 secs] 
4801.242: [GC (Allocation Failure) [PSYoungGen: 352288K->129120K(466944K)] 615714K->501230K(1865216K), 0.0613296 secs] [Times: user=0.37 sys=0.00, real=0.06 secs] 
4802.988: [GC (Allocation Failure) [PSYoungGen: 371296K->147360K(457728K)] 743406K->648278K(1856000K), 0.0625129 secs] [Times: user=0.37 sys=0.01, real=0.06 secs] 
4806.092: [GC (Allocation Failure) [PSYoungGen: 389536K->6880K(459264K)] 890454K->507822K(1857536K), 0.0027248 secs] [Times: user=0.01 sys=0.00, real=0.01 secs] 
4808.503: [GC (Allocation Failure) [PSYoungGen: 252640K->171296K(417280K)] 753582K->677247K(1815552K), 0.0345926 secs] [Times: user=0.20 sys=0.00, real=0.04 secs] 
4810.241: [GC (Allocation Failure) [PSYoungGen: 417056K->111072K(472576K)] 923007K->779415K(1870848K), 0.0967353 secs] [Times: user=0.54 sys=0.00, real=0.10 secs] 
4811.557: [GC (Allocation Failure) [PSYoungGen: 350688K->171008K(465920K)] 1019031K->946976K(1864192K), 0.1233173 secs] [Times: user=0.74 sys=0.00, real=0.12 secs] 
4814.871: [GC (Allocation Failure) [PSYoungGen: 410624K->95232K(468480K)] 1186592K->1041968K(1866752K), 0.1387269 secs] [Times: user=0.82 sys=0.00, real=0.14 secs] 
4816.210: [GC (Allocation Failure) [PSYoungGen: 332288K->174368K(465920K)] 1279024K->1210621K(1864192K), 0.1662825 secs] [Times: user=0.99 sys=0.00, real=0.17 secs] 
4819.778: [GC (Allocation Failure) [PSYoungGen: 411424K->84576K(465920K)] 1447677K->1294693K(1864192K), 0.1383387 secs] [Times: user=0.82 sys=0.00, real=0.14 secs] 
4819.916: [Full GC (Ergonomics) [PSYoungGen: 84576K->0K(465920K)] [ParOldGen: 1210117K->94158K(1398272K)] 1294693K->94158K(1864192K), [Metaspace: 60507K->60507K(1105920K)], 0.2348219 secs] [Times: user=1.09 sys=0.00, real=0.23 secs] 
4822.795: [GC (Allocation Failure) [PSYoungGen: 231065K->199136K(465920K)] 325223K->293294K(1864192K), 0.0437821 secs] [Times: user=0.26 sys=0.00, real=0.04 secs] 
4824.665: [GC (Allocation Failure) [PSYoungGen: 432096K->90816K(465920K)] 526254K->350154K(1864192K), 0.0970576 secs] [Times: user=0.58 sys=0.00, real=0.09 secs] 
4828.254: [GC (Allocation Failure) [PSYoungGen: 323776K->152640K(465920K)] 583114K->496657K(1864192K), 0.0600587 secs] [Times: user=0.36 sys=0.00, real=0.06 secs] 
4830.486: [GC (Allocation Failure) [PSYoungGen: 385600K->115520K(465920K)] 729617K->612425K(1864192K), 0.0953645 secs] [Times: user=0.56 sys=0.00, real=0.09 secs] 
4831.789: [GC (Allocation Failure) [PSYoungGen: 348480K->149440K(382464K)] 845385K->734700K(1780736K), 0.0609123 secs] [Times: user=0.36 sys=0.00, real=0.06 secs] 
4833.905: [GC (Allocation Failure) [PSYoungGen: 382400K->117120K(472064K)] 967660K->851776K(1870336K), 0.0771315 secs] [Times: user=0.46 sys=0.00, real=0.07 secs] 
4835.152: [GC (Allocation Failure) [PSYoungGen: 357760K->131136K(372224K)] 1092416K->972265K(1770496K), 0.0618940 secs] [Times: user=0.36 sys=0.00, real=0.06 secs] 
4837.206: [GC (Allocation Failure) [PSYoungGen: 371776K->149184K(460288K)] 1212905K->1121241K(1858560K), 0.0595049 secs] [Times: user=0.35 sys=0.01, real=0.06 secs] 
4840.307: [GC (Allocation Failure) [PSYoungGen: 394432K->12480K(458752K)] 1366489K->984569K(1857024K), 0.0041685 secs] [Times: user=0.02 sys=0.00, real=0.00 secs] 
4841.646: [GC (Allocation Failure) [PSYoungGen: 257612K->171936K(458752K)] 1229701K->1154802K(1857024K), 0.0366010 secs] [Times: user=0.22 sys=0.00, real=0.03 secs] 
4844.685: [GC (Allocation Failure) [PSYoungGen: 404896K->93312K(465920K)] 1387762K->1239386K(1864192K), 0.1022950 secs] [Times: user=0.60 sys=0.01, real=0.10 secs] 
4844.787: [Full GC (Ergonomics) [PSYoungGen: 93312K->0K(465920K)] [ParOldGen: 1146074K->44184K(1398272K)] 1239386K->44184K(1864192K), [Metaspace: 60507K->60507K(1105920K)], 0.0848333 secs] [Times: user=0.34 sys=0.00, real=0.08 secs] 
4845.897: [GC (Allocation Failure) [PSYoungGen: 232960K->166272K(461824K)] 277144K->210456K(1860096K), 0.0557311 secs] [Times: user=0.33 sys=0.00, real=0.05 secs] 
4849.485: [GC (Allocation Failure) [PSYoungGen: 399232K->89088K(465920K)] 443416K->299288K(1864192K), 0.1692541 secs] [Times: user=1.01 sys=0.00, real=0.17 secs] 
4850.583: [GC (Allocation Failure) [PSYoungGen: 322048K->170080K(463360K)] 532248K->465441K(1861632K), 0.0550070 secs] [Times: user=0.32 sys=0.00, real=0.06 secs] 
4853.586: [GC (Allocation Failure) [PSYoungGen: 403040K->86816K(465920K)] 698401K->551837K(1864192K), 0.1621607 secs] [Times: user=0.97 sys=0.00, real=0.16 secs] 
4854.170: [GC (Allocation Failure) [PSYoungGen: 319776K->176160K(465920K)] 784797K->722078K(1864192K), 0.0570737 secs] [Times: user=0.34 sys=0.00, real=0.06 secs] 
4857.776: [GC (Allocation Failure) [PSYoungGen: 409120K->85824K(465920K)] 955038K->807742K(1864192K), 0.1306733 secs] [Times: user=0.78 sys=0.00, real=0.13 secs] 
4858.267: [GC (Allocation Failure) [PSYoungGen: 318784K->205408K(465920K)] 1040702K->1006923K(1864192K), 0.0575166 secs] [Times: user=0.34 sys=0.00, real=0.06 secs] 
4862.604: [GC (Allocation Failure) [PSYoungGen: 438368K->86176K(465920K)] 1239883K->1059131K(1864192K), 0.1246386 secs] [Times: user=0.74 sys=0.00, real=0.12 secs] 
4863.855: [GC (Allocation Failure) [PSYoungGen: 319136K->158016K(465920K)] 1292091K->1210663K(1864192K), 0.0600181 secs] [Times: user=0.36 sys=0.00, real=0.06 secs] 
4865.498: [GC (Allocation Failure) [PSYoungGen: 390976K->104480K(465920K)] 1443623K->1315223K(1864192K), 0.0943582 secs] [Times: user=0.56 sys=0.00, real=0.09 secs] 
4865.593: [Full GC (Ergonomics) [PSYoungGen: 104480K->0K(465920K)] [ParOldGen: 1210743K->120031K(1398272K)] 1315223K->120031K(1864192K), [Metaspace: 60507K->60507K(1105920K)], 0.2749559 secs] [Times: user=1.27 sys=0.00, real=0.28 secs] 
4866.963: [GC (Allocation Failure) [PSYoungGen: 232960K->144416K(465920K)] 352991K->264447K(1864192K), 0.0516386 secs] [Times: user=0.31 sys=0.00, real=0.06 secs] 
4870.170: [GC (Allocation Failure) [PSYoungGen: 377376K->118464K(351744K)] 497407K->382387K(1750016K), 0.0933656 secs] [Times: user=0.55 sys=0.00, real=0.09 secs] 
4871.404: [GC (Allocation Failure) [PSYoungGen: 351424K->129568K(471552K)] 615347K->501552K(1869824K), 0.0611775 secs] [Times: user=0.37 sys=0.00, real=0.06 secs] 
4874.677: [GC (Allocation Failure) [PSYoungGen: 372256K->147104K(461824K)] 744240K->648880K(1860096K), 0.0596221 secs] [Times: user=0.35 sys=0.00, real=0.06 secs] 
4875.909: [GC (Allocation Failure) [PSYoungGen: 389792K->9280K(456192K)] 891568K->511128K(1854464K), 0.0038737 secs] [Times: user=0.02 sys=0.00, real=0.00 secs] 
4879.090: [GC (Allocation Failure) [PSYoungGen: 248384K->166592K(406016K)] 750232K->674981K(1804288K), 0.0343345 secs] [Times: user=0.21 sys=0.00, real=0.04 secs] 
4881.103: [GC (Allocation Failure) [PSYoungGen: 405696K->102144K(470528K)] 914085K->767965K(1868800K), 0.1776223 secs] [Times: user=1.06 sys=0.00, real=0.18 secs] 
4882.476: [GC (Allocation Failure) [PSYoungGen: 339712K->173056K(465920K)] 1005533K->937302K(1864192K), 0.0537381 secs] [Times: user=0.32 sys=0.00, real=0.05 secs] 
4885.880: [GC (Allocation Failure) [PSYoungGen: 410624K->89856K(466944K)] 1174870K->1026698K(1865216K), 0.1678898 secs] [Times: user=0.99 sys=0.01, real=0.17 secs] 
4887.245: [GC (Allocation Failure) [PSYoungGen: 323840K->170912K(465920K)] 1260682K->1193367K(1864192K), 0.0564713 secs] [Times: user=0.34 sys=0.00, real=0.05 secs] 
4891.349: [GC (Allocation Failure) [PSYoungGen: 404896K->84576K(465920K)] 1427351K->1277519K(1864192K), 0.1709180 secs] [Times: user=1.02 sys=0.00, real=0.17 secs] 
4891.520: [Full GC (Ergonomics) [PSYoungGen: 84576K->0K(465920K)] [ParOldGen: 1192943K->75153K(1398272K)] 1277519K->75153K(1864192K), [Metaspace: 60508K->60508K(1105920K)], 0.2006261 secs] [Times: user=0.94 sys=0.00, real=0.20 secs] 
4892.051: [GC (Allocation Failure) [PSYoungGen: 232960K->174848K(465920K)] 308113K->250001K(1864192K), 0.0380005 secs] [Times: user=0.23 sys=0.00, real=0.04 secs] 
4895.674: [GC (Allocation Failure) [PSYoungGen: 407808K->82592K(465920K)] 482961K->332201K(1864192K), 0.1361629 secs] [Times: user=0.81 sys=0.00, real=0.13 secs] 
4896.384: [GC (Allocation Failure) [PSYoungGen: 312708K->207264K(465920K)] 562318K->533074K(1864192K), 0.0608570 secs] [Times: user=0.36 sys=0.00, real=0.06 secs] 
4899.194: [GC (Allocation Failure) [PSYoungGen: 440224K->90592K(465920K)] 766034K->588849K(1864192K), 0.1075350 secs] [Times: user=0.64 sys=0.00, real=0.10 secs] 
4900.420: [GC (Allocation Failure) [PSYoungGen: 323552K->154464K(465920K)] 821809K->736302K(1864192K), 0.0605509 secs] [Times: user=0.36 sys=0.00, real=0.06 secs] 
4902.942: [GC (Allocation Failure) [PSYoungGen: 387424K->103104K(465920K)] 969262K->839158K(1864192K), 0.0983445 secs] [Times: user=0.58 sys=0.00, real=0.10 secs] 
4904.245: [GC (Allocation Failure) [PSYoungGen: 336064K->145568K(465920K)] 1072118K->973903K(1864192K), 0.0607822 secs] [Times: user=0.37 sys=0.00, real=0.06 secs] 
4906.498: [GC (Allocation Failure) [PSYoungGen: 378528K->124480K(456704K)] 1206863K->1098239K(1854976K), 0.0669374 secs] [Times: user=0.40 sys=0.00, real=0.07 secs] 
4907.693: [GC (Allocation Failure) [PSYoungGen: 357440K->124256K(461312K)] 1331199K->1212034K(1859584K), 0.0631148 secs] [Times: user=0.38 sys=0.01, real=0.07 secs] 
4910.383: [GC (Allocation Failure) [PSYoungGen: 357216K->140064K(465920K)] 1444994K->1351426K(1864192K), 0.0642041 secs] [Times: user=0.38 sys=0.00, real=0.07 secs] 
4910.447: [Full GC (Ergonomics) [PSYoungGen: 140064K->0K(465920K)] [ParOldGen: 1211362K->155094K(1398272K)] 1351426K->155094K(1864192K), [Metaspace: 60508K->60508K(1105920K)], 0.3651651 secs] [Times: user=1.69 sys=0.00, real=0.36 secs] 
4911.934: [GC (Allocation Failure) [PSYoungGen: 251392K->119904K(465920K)] 406486K->274998K(1864192K), 0.0400366 secs] [Times: user=0.23 sys=0.00, real=0.04 secs] 
4915.940: [GC (Allocation Failure) [PSYoungGen: 371296K->172160K(470016K)] 526390K->445087K(1868288K), 0.0610863 secs] [Times: user=0.37 sys=0.00, real=0.06 secs] 
4918.729: [GC (Allocation Failure) [PSYoungGen: 434304K->113312K(477696K)] 707231K->548951K(1875968K), 0.1643594 secs] [Times: user=0.97 sys=0.00, real=0.16 secs] 
4920.481: [GC (Allocation Failure) [PSYoungGen: 375456K->192960K(458240K)] 811095K->737244K(1856512K), 0.1443605 secs] [Times: user=0.64 sys=0.11, real=0.15 secs] 
4923.982: [GC (Allocation Failure) [PSYoungGen: 440256K->95392K(473088K)] 984540K->832441K(1871360K), 0.1185447 secs] [Times: user=0.71 sys=0.00, real=0.12 secs] 
4925.292: [GC (Allocation Failure) [PSYoungGen: 342688K->152544K(467456K)] 1079737K->978121K(1865728K), 0.0624891 secs] [Times: user=0.37 sys=0.00, real=0.07 secs] 
4926.887: [GC (Allocation Failure) [PSYoungGen: 401376K->136256K(471040K)] 1226953K->1114449K(1869312K), 0.0731370 secs] [Times: user=0.43 sys=0.00, real=0.07 secs] 
4928.108: [GC (Allocation Failure) [PSYoungGen: 385088K->7776K(457216K)] 1363281K->986305K(1855488K), 0.0030503 secs] [Times: user=0.01 sys=0.00, real=0.00 secs] 
4931.557: [GC (Allocation Failure) [PSYoungGen: 250976K->168416K(411648K)] 1229505K->1152818K(1809920K), 0.0345765 secs] [Times: user=0.20 sys=0.00, real=0.03 secs] 
4933.483: [GC (Allocation Failure) [PSYoungGen: 411616K->99552K(470528K)] 1396018K->1243518K(1868800K), 0.1352156 secs] [Times: user=0.81 sys=0.01, real=0.14 secs] 
4933.618: [Full GC (Ergonomics) [PSYoungGen: 99552K->0K(470528K)] [ParOldGen: 1143966K->41966K(1398272K)] 1243518K->41966K(1868800K), [Metaspace: 60508K->59605K(1105920K)], 0.1217059 secs] [Times: user=0.47 sys=0.00, real=0.12 secs] 
4935.587: [GC (Allocation Failure) [PSYoungGen: 226441K->160352K(465920K)] 268407K->202318K(1864192K), 0.0318488 secs] [Times: user=0.19 sys=0.00, real=0.03 secs] 
4938.492: [GC (Allocation Failure) [PSYoungGen: 397920K->97152K(463360K)] 439886K->290154K(1861632K), 0.1661427 secs] [Times: user=0.99 sys=0.01, real=0.17 secs] 
4940.599: [GC (Allocation Failure) [PSYoungGen: 336256K->174080K(465408K)] 529258K->459894K(1863680K), 0.0509561 secs] [Times: user=0.31 sys=0.00, real=0.05 secs] 
4943.705: [GC (Allocation Failure) [PSYoungGen: 413184K->87968K(467968K)] 698998K->547406K(1866240K), 0.1856248 secs] [Times: user=1.11 sys=0.00, real=0.18 secs] 
4944.774: [GC (Allocation Failure) [PSYoungGen: 322976K->180416K(465920K)] 782414K->721523K(1864192K), 0.0578965 secs] [Times: user=0.34 sys=0.00, real=0.05 secs] 
4948.341: [GC (Allocation Failure) [PSYoungGen: 415424K->82592K(465920K)] 956531K->804363K(1864192K), 0.1393619 secs] [Times: user=0.83 sys=0.00, real=0.14 secs] 
4949.781: [GC (Allocation Failure) [PSYoungGen: 315196K->208576K(465920K)] 1036968K->1006047K(1864192K), 0.0626924 secs] [Times: user=0.37 sys=0.00, real=0.06 secs] 
4951.740: [GC (Allocation Failure) [PSYoungGen: 441536K->92512K(465920K)] 1239007K->1065079K(1864192K), 0.1071254 secs] [Times: user=0.64 sys=0.00, real=0.11 secs] 
4952.981: [GC (Allocation Failure) [PSYoungGen: 325472K->156416K(465920K)] 1298039K->1210531K(1864192K), 0.0603972 secs] [Times: user=0.36 sys=0.00, real=0.06 secs] 
4955.950: [GC (Allocation Failure) [PSYoungGen: 389376K->107904K(465920K)] 1443491K->1318051K(1864192K), 0.1031966 secs] [Times: user=0.61 sys=0.00, real=0.10 secs] 
4956.053: [Full GC (Ergonomics) [PSYoungGen: 107904K->0K(465920K)] [ParOldGen: 1210147K->114831K(1398272K)] 1318051K->114831K(1864192K), [Metaspace: 59618K->59618K(1105920K)], 0.2533760 secs] [Times: user=1.16 sys=0.00, real=0.26 secs] 
4957.425: [GC (Allocation Failure) [PSYoungGen: 232960K->148576K(465920K)] 347791K->263407K(1864192K), 0.0540636 secs] [Times: user=0.32 sys=0.00, real=0.05 secs] 
4959.708: [GC (Allocation Failure) [PSYoungGen: 381536K->120032K(458752K)] 496367K->383587K(1857024K), 0.0987897 secs] [Times: user=0.59 sys=0.00, real=0.10 secs] 
4960.959: [GC (Allocation Failure) [PSYoungGen: 352992K->128032K(462336K)] 616547K->501244K(1860608K), 0.0615509 secs] [Times: user=0.37 sys=0.00, real=0.06 secs] 
4964.336: [GC (Allocation Failure) [PSYoungGen: 360992K->138272K(462848K)] 734204K->639564K(1861120K), 0.0657332 secs] [Times: user=0.39 sys=0.00, real=0.06 secs] 
4965.664: [GC (Allocation Failure) [PSYoungGen: 387616K->6592K(463360K)] 888908K->507984K(1861632K), 0.0025233 secs] [Times: user=0.01 sys=0.00, real=0.00 secs] 
4967.915: [GC (Allocation Failure) [PSYoungGen: 255936K->171200K(459776K)] 757328K->677261K(1858048K), 0.0346387 secs] [Times: user=0.20 sys=0.00, real=0.03 secs] 
4970.374: [GC (Allocation Failure) [PSYoungGen: 403535K->97536K(465920K)] 909596K->765425K(1864192K), 0.1703446 secs] [Times: user=1.01 sys=0.00, real=0.17 secs] 
4973.705: [GC (Allocation Failure) [PSYoungGen: 319988K->159680K(462848K)] 987877K->922318K(1861120K), 0.0505980 secs] [Times: user=0.30 sys=0.00, real=0.05 secs] 
4975.573: [GC (Allocation Failure) [PSYoungGen: 393664K->94464K(328704K)] 1156302K->1008302K(1726976K), 0.1681601 secs] [Times: user=0.98 sys=0.01, real=0.17 secs] 
4976.922: [GC (Allocation Failure) [PSYoungGen: 328448K->170400K(458240K)] 1242286K->1174045K(1856512K), 0.0504171 secs] [Times: user=0.29 sys=0.00, real=0.05 secs] 
4980.084: [GC (Allocation Failure) [PSYoungGen: 401824K->86080K(464384K)] 1405469K->1259541K(1862656K), 0.1758820 secs] [Times: user=1.05 sys=0.01, real=0.17 secs] 
4980.260: [Full GC (Ergonomics) [PSYoungGen: 86080K->0K(464384K)] [ParOldGen: 1173461K->58352K(1398272K)] 1259541K->58352K(1862656K), [Metaspace: 59619K->59619K(1105920K)], 0.1633636 secs] [Times: user=0.76 sys=0.00, real=0.16 secs] 
4981.042: [GC (Allocation Failure) [PSYoungGen: 231424K->170144K(463360K)] 289776K->228496K(1861632K), 0.0356330 secs] [Times: user=0.21 sys=0.00, real=0.04 secs] 
4984.731: [GC (Allocation Failure) [PSYoungGen: 402223K->78368K(465920K)] 460575K->306816K(1864192K), 0.1523344 secs] [Times: user=0.91 sys=0.00, real=0.15 secs] 
4985.569: [GC (Allocation Failure) [PSYoungGen: 311328K->173824K(465920K)] 539776K->476841K(1864192K), 0.0546217 secs] [Times: user=0.33 sys=0.00, real=0.05 secs] 
4988.314: [GC (Allocation Failure) [PSYoungGen: 406784K->83008K(465920K)] 709801K->560089K(1864192K), 0.1454059 secs] [Times: user=0.87 sys=0.00, real=0.14 secs] 
4988.933: [GC (Allocation Failure) [PSYoungGen: 315968K->194880K(465920K)] 793049K->748868K(1864192K), 0.0941363 secs] [Times: user=0.56 sys=0.00, real=0.10 secs] 
4992.227: [GC (Allocation Failure) [PSYoungGen: 427840K->86432K(465920K)] 981828K->818916K(1864192K), 0.1202183 secs] [Times: user=0.72 sys=0.00, real=0.12 secs] 
4993.493: [GC (Allocation Failure) [PSYoungGen: 319392K->162336K(465920K)] 1051876K->974103K(1864192K), 0.0614850 secs] [Times: user=0.37 sys=0.00, real=0.07 secs] 
4996.845: [GC (Allocation Failure) [PSYoungGen: 391815K->93248K(465920K)] 1203583K->1067371K(1864192K), 0.1053451 secs] [Times: user=0.63 sys=0.00, real=0.10 secs] 
4998.078: [GC (Allocation Failure) [PSYoungGen: 326208K->151392K(465920K)] 1300331K->1212170K(1864192K), 0.0604643 secs] [Times: user=0.36 sys=0.00, real=0.06 secs] 
5001.061: [GC (Allocation Failure) [PSYoungGen: 384352K->105952K(465920K)] 1445130K->1317802K(1864192K), 0.0982012 secs] [Times: user=0.59 sys=0.00, real=0.10 secs] 
5001.159: [Full GC (Ergonomics) [PSYoungGen: 105952K->0K(465920K)] [ParOldGen: 1211850K->121016K(1398272K)] 1317802K->121016K(1864192K), [Metaspace: 59619K->59619K(1105920K)], 0.2799518 secs] [Times: user=1.29 sys=0.00, real=0.28 secs] 
5002.551: [GC (Allocation Failure) [PSYoungGen: 232960K->142112K(458752K)] 353976K->263128K(1857024K), 0.0521172 secs] [Times: user=0.31 sys=0.00, real=0.05 secs] 
5005.512: [GC (Allocation Failure) [PSYoungGen: 375072K->120224K(462336K)] 496088K->383552K(1860608K), 0.1010832 secs] [Times: user=0.59 sys=0.01, real=0.10 secs] 
5006.753: [GC (Allocation Failure) [PSYoungGen: 353184K->127968K(456192K)] 616512K->500831K(1854464K), 0.0615407 secs] [Times: user=0.37 sys=0.00, real=0.07 secs] 
5008.969: [GC (Allocation Failure) [PSYoungGen: 376800K->154528K(460288K)] 749663K->655167K(1858560K), 0.0586934 secs] [Times: user=0.35 sys=0.00, real=0.06 secs] 
5011.136: [GC (Allocation Failure) [PSYoungGen: 403360K->15328K(463872K)] 903999K->516011K(1862144K), 0.0050580 secs] [Times: user=0.03 sys=0.00, real=0.00 secs] 
5013.945: [GC (Allocation Failure) [PSYoungGen: 251777K->170752K(421376K)] 752460K->683384K(1819648K), 0.0365975 secs] [Times: user=0.22 sys=0.00, real=0.03 secs] 
5016.841: [GC (Allocation Failure) [PSYoungGen: 421120K->106016K(473600K)] 933752K->780476K(1871872K), 0.1816375 secs] [Times: user=1.08 sys=0.00, real=0.18 secs] 
5018.562: [GC (Allocation Failure) [PSYoungGen: 346656K->175584K(465920K)] 1021116K->951641K(1864192K), 0.0540451 secs] [Times: user=0.32 sys=0.01, real=0.06 secs] 
5022.262: [GC (Allocation Failure) [PSYoungGen: 416224K->94144K(468992K)] 1192281K->1045981K(1867264K), 0.1576544 secs] [Times: user=0.94 sys=0.00, real=0.16 secs] 
5022.764: [GC (Allocation Failure) [PSYoungGen: 330176K->210528K(465920K)] 1282013K->1249965K(1864192K), 0.0596245 secs] [Times: user=0.35 sys=0.00, real=0.06 secs] 
5025.855: [GC (Allocation Failure) [PSYoungGen: 446560K->86624K(465920K)] 1485997K->1302765K(1864192K), 0.1247004 secs] [Times: user=0.74 sys=0.01, real=0.12 secs] 
5025.980: [Full GC (Ergonomics) [PSYoungGen: 86624K->0K(465920K)] [ParOldGen: 1216141K->102277K(1398272K)] 1302765K->102277K(1864192K), [Metaspace: 59619K->59615K(1105920K)], 0.2390527 secs] [Times: user=1.08 sys=0.00, real=0.24 secs] 
5027.290: [GC (Allocation Failure) [PSYoungGen: 232960K->158560K(465920K)] 335237K->260837K(1864192K), 0.0458756 secs] [Times: user=0.28 sys=0.00, real=0.05 secs] 
5030.487: [GC (Allocation Failure) [PSYoungGen: 391520K->109120K(465920K)] 493797K->369613K(1864192K), 0.1043136 secs] [Times: user=0.62 sys=0.00, real=0.10 secs] 
5031.718: [GC (Allocation Failure) [PSYoungGen: 342080K->147392K(465920K)] 602573K->498374K(1864192K), 0.0602948 secs] [Times: user=0.36 sys=0.00, real=0.06 secs] 
5034.316: [GC (Allocation Failure) [PSYoungGen: 380352K->118496K(452608K)] 731334K->616574K(1850880K), 0.0812531 secs] [Times: user=0.48 sys=0.00, real=0.08 secs] 
5035.542: [GC (Allocation Failure) [PSYoungGen: 351456K->129952K(459264K)] 849534K->736267K(1857536K), 0.0626342 secs] [Times: user=0.37 sys=0.00, real=0.07 secs] 
5038.962: [GC (Allocation Failure) [PSYoungGen: 362912K->135936K(461824K)] 969227K->871723K(1860096K), 0.0641093 secs] [Times: user=0.38 sys=0.00, real=0.07 secs] 
5040.161: [GC (Allocation Failure) [PSYoungGen: 391424K->9984K(465920K)] 1127211K->745863K(1864192K), 0.0032606 secs] [Times: user=0.01 sys=0.00, real=0.01 secs] 
5042.759: [GC (Allocation Failure) [PSYoungGen: 255635K->175584K(456192K)] 991514K->918628K(1854464K), 0.0361938 secs] [Times: user=0.21 sys=0.00, real=0.04 secs] 
5044.940: [GC (Allocation Failure) [PSYoungGen: 408544K->93888K(465920K)] 1151588K->1003568K(1864192K), 0.1783739 secs] [Times: user=1.05 sys=0.01, real=0.18 secs] 
5046.987: [GC (Allocation Failure) [PSYoungGen: 326848K->168544K(460800K)] 1236528K->1167765K(1859072K), 0.0505866 secs] [Times: user=0.30 sys=0.00, real=0.05 secs] 
5049.163: [GC (Allocation Failure) [PSYoungGen: 401504K->93568K(465920K)] 1400725K->1260553K(1864192K), 0.1634066 secs] [Times: user=0.97 sys=0.00, real=0.17 secs] 
5049.327: [Full GC (Ergonomics) [PSYoungGen: 93568K->0K(465920K)] [ParOldGen: 1166985K->63934K(1398272K)] 1260553K->63934K(1864192K), [Metaspace: 59616K->59616K(1105920K)], 0.1659541 secs] [Times: user=0.77 sys=0.00, real=0.16 secs] 
5049.948: [GC (Allocation Failure) [PSYoungGen: 232960K->168480K(462336K)] 296894K->232414K(1860608K), 0.0338396 secs] [Times: user=0.20 sys=0.00, real=0.03 secs] 
5053.536: [GC (Allocation Failure) [PSYoungGen: 401440K->87264K(465920K)] 465374K->318910K(1864192K), 0.1432427 secs] [Times: user=0.85 sys=0.00, real=0.14 secs] 
5053.985: [GC (Allocation Failure) [PSYoungGen: 320224K->178784K(464896K)] 551870K->487675K(1863168K), 0.0569471 secs] [Times: user=0.34 sys=0.00, real=0.05 secs] 
5057.653: [GC (Allocation Failure) [PSYoungGen: 411744K->89216K(465920K)] 720635K->577115K(1864192K), 0.1325138 secs] [Times: user=0.79 sys=0.00, real=0.14 secs] 
5058.818: [GC (Allocation Failure) [PSYoungGen: 320922K->201088K(465920K)] 808822K->772024K(1864192K), 0.0677293 secs] [Times: user=0.40 sys=0.00, real=0.07 secs] 
5061.769: [GC (Allocation Failure) [PSYoungGen: 434048K->93568K(465920K)] 1004984K->828600K(1864192K), 0.1113138 secs] [Times: user=0.66 sys=0.00, real=0.11 secs] 
5063.011: [GC (Allocation Failure) [PSYoungGen: 326528K->151456K(465920K)] 1061560K->972861K(1864192K), 0.0600630 secs] [Times: user=0.36 sys=0.00, real=0.06 secs] 
5066.461: [GC (Allocation Failure) [PSYoungGen: 384416K->105312K(465920K)] 1205821K->1077957K(1864192K), 0.0934267 secs] [Times: user=0.55 sys=0.00, real=0.10 secs] 
5067.758: [GC (Allocation Failure) [PSYoungGen: 338272K->142624K(464896K)] 1310917K->1210054K(1863168K), 0.0607932 secs] [Times: user=0.37 sys=0.00, real=0.06 secs] 
5069.845: [GC (Allocation Failure) [PSYoungGen: 375584K->120768K(353792K)] 1443014K->1331022K(1752064K), 0.0785298 secs] [Times: user=0.47 sys=0.00, real=0.07 secs] 
5069.923: [Full GC (Ergonomics) [PSYoungGen: 120768K->0K(353792K)] [ParOldGen: 1210254K->135812K(1398272K)] 1331022K->135812K(1752064K), [Metaspace: 59664K->59664K(1105920K)], 0.3092147 secs] [Times: user=1.41 sys=0.00, real=0.31 secs] 
5071.349: [GC (Allocation Failure) [PSYoungGen: 232960K->128000K(467968K)] 368772K->263812K(1866240K), 0.0465263 secs] [Times: user=0.28 sys=0.00, real=0.05 secs] 
5073.565: [GC (Allocation Failure) [PSYoungGen: 372224K->153792K(458240K)] 508036K->417748K(1856512K), 0.0644081 secs] [Times: user=0.38 sys=0.00, real=0.06 secs] 
5075.204: [GC (Allocation Failure) [PSYoungGen: 397144K->14112K(461312K)] 661100K->278124K(1859584K), 0.0039665 secs] [Times: user=0.02 sys=0.00, real=0.01 secs] 
5076.639: [GC (Allocation Failure) [PSYoungGen: 252109K->170912K(417280K)] 516122K->446773K(1815552K), 0.0363888 secs] [Times: user=0.21 sys=0.01, real=0.04 secs] 
5079.495: [GC (Allocation Failure) [PSYoungGen: 417184K->100832K(471040K)] 693045K->538685K(1869312K), 0.1836416 secs] [Times: user=1.09 sys=0.00, real=0.18 secs] 
5081.121: [GC (Allocation Failure) [PSYoungGen: 338912K->191648K(465920K)] 776765K->726479K(1864192K), 0.0534342 secs] [Times: user=0.32 sys=0.00, real=0.06 secs] 
5083.873: [GC (Allocation Failure) [PSYoungGen: 429728K->91424K(465920K)] 964559K->801483K(1864192K), 0.1168426 secs] [Times: user=0.70 sys=0.00, real=0.12 secs] 
5085.040: [GC (Allocation Failure) [PSYoungGen: 324384K->174016K(465920K)] 1034443K->969815K(1864192K), 0.1274757 secs] [Times: user=0.77 sys=0.01, real=0.13 secs] 
5089.751: [GC (Allocation Failure) [PSYoungGen: 406976K->78656K(465920K)] 1202775K->1048688K(1864192K), 0.1675923 secs] [Times: user=1.00 sys=0.00, real=0.17 secs] 
5090.405: [GC (Allocation Failure) [PSYoungGen: 311616K->195744K(465920K)] 1281648K->1237904K(1864192K), 0.0574590 secs] [Times: user=0.34 sys=0.00, real=0.05 secs] 
5093.500: [GC (Allocation Failure) [PSYoungGen: 428704K->86720K(465920K)] 1470864K->1304288K(1864192K), 0.1194975 secs] [Times: user=0.71 sys=0.00, real=0.12 secs] 
5093.619: [Full GC (Ergonomics) [PSYoungGen: 86720K->0K(465920K)] [ParOldGen: 1217568K->101843K(1398272K)] 1304288K->101843K(1864192K), [Metaspace: 59679K->59679K(1105920K)], 0.2455190 secs] [Times: user=1.14 sys=0.00, real=0.25 secs] 
5094.949: [GC (Allocation Failure) [PSYoungGen: 232960K->158240K(465920K)] 334803K->260084K(1864192K), 0.0457848 secs] [Times: user=0.27 sys=0.00, real=0.05 secs] 
5096.993: [GC (Allocation Failure) [PSYoungGen: 391200K->101024K(465920K)] 493044K->360732K(1864192K), 0.0959819 secs] [Times: user=0.57 sys=0.00, real=0.10 secs] 
5098.486: [GC (Allocation Failure) [PSYoungGen: 333984K->147200K(465920K)] 593692K->496848K(1864192K), 0.0597766 secs] [Times: user=0.36 sys=0.00, real=0.06 secs] 
5101.211: [GC (Allocation Failure) [PSYoungGen: 380160K->118400K(460800K)] 729808K->615448K(1859072K), 0.0826699 secs] [Times: user=0.49 sys=0.01, real=0.09 secs] 
5102.429: [GC (Allocation Failure) [PSYoungGen: 351360K->129856K(363008K)] 848408K->734309K(1761280K), 0.0616590 secs] [Times: user=0.36 sys=0.00, real=0.06 secs] 
5105.263: [GC (Allocation Failure) [PSYoungGen: 362816K->135936K(467456K)] 967269K->870325K(1865728K), 0.0687593 secs] [Times: user=0.40 sys=0.00, real=0.07 secs] 
5106.472: [GC (Allocation Failure) [PSYoungGen: 382720K->5568K(461312K)] 1117109K->740065K(1859584K), 0.0028304 secs] [Times: user=0.01 sys=0.00, real=0.01 secs] 
5110.067: [GC (Allocation Failure) [PSYoungGen: 252352K->175104K(459776K)] 986849K->913326K(1858048K), 0.0337902 secs] [Times: user=0.20 sys=0.01, real=0.03 secs] 
5111.788: [GC (Allocation Failure) [PSYoungGen: 408064K->99520K(465920K)] 1146286K->995438K(1864192K), 0.1386663 secs] [Times: user=0.83 sys=0.00, real=0.14 secs] 
5113.890: [GC (Allocation Failure) [PSYoungGen: 329386K->163040K(462848K)] 1225304K->1155891K(1861120K), 0.0522458 secs] [Times: user=0.31 sys=0.01, real=0.05 secs] 
5115.902: [GC (Allocation Failure) [PSYoungGen: 396000K->96640K(329728K)] 1388851K->1243643K(1728000K), 0.1782013 secs] [Times: user=1.06 sys=0.01, real=0.18 secs] 
5117.771: [GC (Allocation Failure) [PSYoungGen: 315906K->154976K(462336K)] 1462909K->1394840K(1860608K), 0.0497784 secs] [Times: user=0.29 sys=0.00, real=0.05 secs] 
5117.821: [Full GC (Ergonomics) [PSYoungGen: 154976K->0K(462336K)] [ParOldGen: 1239864K->197923K(1398272K)] 1394840K->197923K(1860608K), [Metaspace: 59679K->59679K(1105920K)], 0.4728411 secs] [Times: user=2.14 sys=0.00, real=0.48 secs] 
5120.480: [GC (Allocation Failure) [PSYoungGen: 233984K->97600K(464384K)] 431907K->295523K(1862656K), 0.0884610 secs] [Times: user=0.53 sys=0.01, real=0.09 secs] 
5122.366: [GC (Allocation Failure) [PSYoungGen: 331584K->166144K(458240K)] 529507K->457848K(1856512K), 0.0497333 secs] [Times: user=0.29 sys=0.00, real=0.05 secs] 
5124.600: [GC (Allocation Failure) [PSYoungGen: 400128K->91232K(464384K)] 691832K->548496K(1862656K), 0.1605812 secs] [Times: user=0.96 sys=0.00, real=0.16 secs] 
5125.472: [GC (Allocation Failure) [PSYoungGen: 325216K->171584K(459264K)] 782480K->715609K(1857536K), 0.0560814 secs] [Times: user=0.34 sys=0.00, real=0.06 secs] 
5129.346: [GC (Allocation Failure) [PSYoungGen: 404544K->82720K(465920K)] 948569K->797953K(1864192K), 0.1716384 secs] [Times: user=1.02 sys=0.01, real=0.17 secs] 
5130.229: [GC (Allocation Failure) [PSYoungGen: 315680K->176416K(463872K)] 1030913K->967697K(1862144K), 0.0567155 secs] [Times: user=0.34 sys=0.00, real=0.06 secs] 
5132.951: [GC (Allocation Failure) [PSYoungGen: 409376K->86336K(465920K)] 1200657K->1053842K(1864192K), 0.1405808 secs] [Times: user=0.83 sys=0.01, real=0.14 secs] 
5134.260: [GC (Allocation Failure) [PSYoungGen: 317447K->204064K(465920K)] 1284953K->1251390K(1864192K), 0.0629289 secs] [Times: user=0.38 sys=0.00, real=0.06 secs] 
5137.380: [GC (Allocation Failure) [PSYoungGen: 437024K->87168K(465920K)] 1484350K->1303598K(1864192K), 0.1271810 secs] [Times: user=0.76 sys=0.00, real=0.13 secs] 
5137.507: [Full GC (Ergonomics) [PSYoungGen: 87168K->0K(465920K)] [ParOldGen: 1216430K->102736K(1398272K)] 1303598K->102736K(1864192K), [Metaspace: 59718K->59718K(1105920K)], 0.2462454 secs] [Times: user=1.14 sys=0.00, real=0.25 secs] 
5139.738: [GC (Allocation Failure) [PSYoungGen: 232960K->157280K(465920K)] 335696K->260016K(1864192K), 0.0456970 secs] [Times: user=0.27 sys=0.00, real=0.04 secs] 
5141.271: [GC (Allocation Failure) [PSYoungGen: 390240K->101344K(465920K)] 492976K->361600K(1864192K), 0.1002341 secs] [Times: user=0.59 sys=0.01, real=0.10 secs] 
5142.558: [GC (Allocation Failure) [PSYoungGen: 334304K->147552K(465920K)] 594560K->497887K(1864192K), 0.0601612 secs] [Times: user=0.36 sys=0.00, real=0.06 secs] 
5145.287: [GC (Allocation Failure) [PSYoungGen: 380512K->121440K(354816K)] 730847K->619399K(1753088K), 0.0769070 secs] [Times: user=0.46 sys=0.00, real=0.08 secs] 
5146.524: [GC (Allocation Failure) [PSYoungGen: 354400K->126880K(471040K)] 852359K->735656K(1869312K), 0.0612714 secs] [Times: user=0.36 sys=0.00, real=0.06 secs] 
5149.099: [GC (Allocation Failure) [PSYoungGen: 369568K->146400K(461312K)] 978344K->881816K(1859584K), 0.0640522 secs] [Times: user=0.38 sys=0.00, real=0.06 secs] 
5150.275: [GC (Allocation Failure) [PSYoungGen: 389088K->11072K(456704K)] 1124504K->746536K(1854976K), 0.0036314 secs] [Times: user=0.02 sys=0.00, real=0.00 secs] 
5152.899: [GC (Allocation Failure) [PSYoungGen: 251200K->172576K(413184K)] 986664K->916789K(1811456K), 0.0362109 secs] [Times: user=0.21 sys=0.00, real=0.04 secs] 
5155.100: [GC (Allocation Failure) [PSYoungGen: 412704K->97024K(468480K)] 1156917K->1004949K(1866752K), 0.1696431 secs] [Times: user=1.01 sys=0.00, real=0.17 secs] 
5156.942: [GC (Allocation Failure) [PSYoungGen: 332544K->185952K(465920K)] 1240469K->1186798K(1864192K), 0.0523960 secs] [Times: user=0.32 sys=0.00, real=0.06 secs] 
5160.847: [GC (Allocation Failure) [PSYoungGen: 421467K->90496K(465920K)] 1422313K->1260446K(1864192K), 0.1741216 secs] [Times: user=1.04 sys=0.00, real=0.17 secs] 
5161.021: [Full GC (Ergonomics) [PSYoungGen: 90496K->0K(465920K)] [ParOldGen: 1169950K->63526K(1398272K)] 1260446K->63526K(1864192K), [Metaspace: 59718K->59718K(1105920K)], 0.1728558 secs] [Times: user=0.80 sys=0.00, real=0.18 secs] 
5161.941: [GC (Allocation Failure) [PSYoungGen: 232960K->186944K(465920K)] 296486K->250470K(1864192K), 0.0345272 secs] [Times: user=0.21 sys=0.00, real=0.04 secs] 
5165.148: [GC (Allocation Failure) [PSYoungGen: 419904K->81984K(465920K)] 483430K->315726K(1864192K), 0.1389548 secs] [Times: user=0.82 sys=0.00, real=0.14 secs] 
5165.737: [GC (Allocation Failure) [PSYoungGen: 314944K->178976K(465920K)] 548686K->488203K(1864192K), 0.0568735 secs] [Times: user=0.34 sys=0.00, real=0.06 secs] 
5169.587: [GC (Allocation Failure) [PSYoungGen: 411936K->83232K(465920K)] 721163K->571663K(1864192K), 0.1409881 secs] [Times: user=0.84 sys=0.00, real=0.14 secs] 
5170.605: [GC (Allocation Failure) [PSYoungGen: 316192K->210336K(465920K)] 804623K->775566K(1864192K), 0.0648057 secs] [Times: user=0.39 sys=0.00, real=0.06 secs] 
5174.020: [GC (Allocation Failure) [PSYoungGen: 443296K->91648K(465920K)] 1008526K->826058K(1864192K), 0.1193612 secs] [Times: user=0.71 sys=0.00, real=0.12 secs] 
5175.255: [GC (Allocation Failure) [PSYoungGen: 324608K->152640K(465920K)] 1059018K->971891K(1864192K), 0.0607099 secs] [Times: user=0.37 sys=0.00, real=0.06 secs] 
5179.136: [GC (Allocation Failure) [PSYoungGen: 385600K->114048K(465920K)] 1204851K->1085759K(1864192K), 0.0985528 secs] [Times: user=0.59 sys=0.00, real=0.10 secs] 
5180.386: [GC (Allocation Failure) [PSYoungGen: 347008K->142560K(465920K)] 1318719K->1209372K(1864192K), 0.0616698 secs] [Times: user=0.37 sys=0.00, real=0.06 secs] 
5183.539: [GC (Allocation Failure) [PSYoungGen: 375520K->122656K(462848K)] 1442332K->1331948K(1861120K), 0.0809699 secs] [Times: user=0.48 sys=0.00, real=0.08 secs] 
5183.620: [Full GC (Ergonomics) [PSYoungGen: 122656K->0K(462848K)] [ParOldGen: 1209292K->138118K(1398272K)] 1331948K->138118K(1861120K), [Metaspace: 59718K->59718K(1105920K)], 0.3130969 secs] [Times: user=1.43 sys=0.00, real=0.31 secs] 
5185.028: [GC (Allocation Failure) [PSYoungGen: 232960K->125696K(358912K)] 371078K->263814K(1757184K), 0.0455015 secs] [Times: user=0.27 sys=0.01, real=0.05 secs] 
5188.492: [GC (Allocation Failure) [PSYoungGen: 358656K->136800K(467456K)] 496774K->400374K(1865728K), 0.0700875 secs] [Times: user=0.41 sys=0.00, real=0.07 secs] 
5189.694: [GC (Allocation Failure) [PSYoungGen: 381536K->5632K(460288K)] 645110K->269282K(1858560K), 0.0030232 secs] [Times: user=0.02 sys=0.00, real=0.00 secs] 
5191.534: [GC (Allocation Failure) [PSYoungGen: 250368K->169056K(461312K)] 514018K->436383K(1859584K), 0.0337110 secs] [Times: user=0.19 sys=0.00, real=0.03 secs] 
5193.231: [GC (Allocation Failure) [PSYoungGen: 402016K->99808K(465920K)] 669343K->527107K(1864192K), 0.1520101 secs] [Times: user=0.90 sys=0.00, real=0.15 secs] 
5194.446: [GC (Allocation Failure) [PSYoungGen: 321883K->160128K(461824K)] 749182K->684812K(1860096K), 0.0516698 secs] [Times: user=0.30 sys=0.00, real=0.05 secs] 
5196.951: [GC (Allocation Failure) [PSYoungGen: 393088K->93696K(327168K)] 917772K->769600K(1725440K), 0.1760805 secs] [Times: user=1.05 sys=0.00, real=0.18 secs] 
5198.853: [GC (Allocation Failure) [PSYoungGen: 326656K->183840K(458752K)] 1002560K->949693K(1857024K), 0.0508264 secs] [Times: user=0.30 sys=0.00, real=0.06 secs] 
5201.754: [GC (Allocation Failure) [PSYoungGen: 415264K->84064K(464384K)] 1181117K->1017053K(1862656K), 0.1481394 secs] [Times: user=0.89 sys=0.00, real=0.14 secs] 
5203.123: [GC (Allocation Failure) [PSYoungGen: 315488K->183200K(465920K)] 1248477K->1196292K(1864192K), 0.0545334 secs] [Times: user=0.33 sys=0.00, real=0.06 secs] 
5206.179: [GC (Allocation Failure) [PSYoungGen: 416160K->89728K(465920K)] 1429252K->1269236K(1864192K), 0.1558245 secs] [Times: user=0.92 sys=0.01, real=0.16 secs] 
5206.335: [Full GC (Ergonomics) [PSYoungGen: 89728K->0K(465920K)] [ParOldGen: 1179508K->66920K(1398272K)] 1269236K->66920K(1864192K), [Metaspace: 59718K->59718K(1105920K)], 0.1727548 secs] [Times: user=0.81 sys=0.00, real=0.17 secs] 
5206.905: [GC (Allocation Failure) [PSYoungGen: 232960K->179104K(465920K)] 299880K->246024K(1864192K), 0.0386750 secs] [Times: user=0.23 sys=0.00, real=0.03 secs] 
5210.890: [GC (Allocation Failure) [PSYoungGen: 412064K->81984K(465920K)] 478984K->328304K(1864192K), 0.1409570 secs] [Times: user=0.84 sys=0.00, real=0.14 secs] 
5211.290: [GC (Allocation Failure) [PSYoungGen: 314944K->174240K(465920K)] 561264K->496493K(1864192K), 0.0571478 secs] [Times: user=0.33 sys=0.01, real=0.06 secs] 
5214.888: [GC (Allocation Failure) [PSYoungGen: 407200K->85792K(465920K)] 729453K->581725K(1864192K), 0.1249479 secs] [Times: user=0.74 sys=0.01, real=0.12 secs] 
5216.138: [GC (Allocation Failure) [PSYoungGen: 318752K->161792K(465920K)] 814685K->736578K(1864192K), 0.0610303 secs] [Times: user=0.36 sys=0.00, real=0.06 secs] 
5219.194: [GC (Allocation Failure) [PSYoungGen: 394752K->93536K(465920K)] 969538K->830066K(1864192K), 0.0962141 secs] [Times: user=0.57 sys=0.00, real=0.09 secs] 
5220.446: [GC (Allocation Failure) [PSYoungGen: 326496K->150816K(465920K)] 1063026K->974006K(1864192K), 0.0659195 secs] [Times: user=0.33 sys=0.00, real=0.06 secs] 
5223.552: [GC (Allocation Failure) [PSYoungGen: 383776K->109888K(343040K)] 1206966K->1084074K(1741312K), 0.0913583 secs] [Times: user=0.54 sys=0.01, real=0.09 secs] 
5224.777: [GC (Allocation Failure) [PSYoungGen: 342848K->138208K(471552K)] 1317034K->1211671K(1869824K), 0.0617404 secs] [Times: user=0.37 sys=0.01, real=0.06 secs] 
5227.460: [GC (Allocation Failure) [PSYoungGen: 377312K->128256K(367616K)] 1450775K->1340095K(1765888K), 0.0791263 secs] [Times: user=0.47 sys=0.00, real=0.08 secs] 
5227.539: [Full GC (Ergonomics) [PSYoungGen: 128256K->0K(367616K)] [ParOldGen: 1211839K->141875K(1398272K)] 1340095K->141875K(1765888K), [Metaspace: 59718K->59718K(1105920K)], 0.3622250 secs] [Times: user=1.68 sys=0.00, real=0.36 secs] 
5228.996: [GC (Allocation Failure) [PSYoungGen: 239104K->121952K(464384K)] 380979K->263827K(1862656K), 0.0424113 secs] [Times: user=0.25 sys=0.00, real=0.04 secs] 
5231.459: [GC (Allocation Failure) [PSYoungGen: 369760K->162336K(456704K)] 511635K->424680K(1854976K), 0.0615394 secs] [Times: user=0.36 sys=0.01, real=0.06 secs] 
5233.241: [GC (Allocation Failure) [PSYoungGen: 410144K->26176K(465920K)] 672488K->288644K(1864192K), 0.0132015 secs] [Times: user=0.07 sys=0.00, real=0.02 secs] 
5234.363: [GC (Allocation Failure) [PSYoungGen: 278592K->179456K(432128K)] 541060K->464536K(1830400K), 0.0424377 secs] [Times: user=0.25 sys=0.00, real=0.05 secs] 
5238.598: [GC (Allocation Failure) [PSYoungGen: 431872K->98656K(470016K)] 716952K->562057K(1868288K), 0.1695234 secs] [Times: user=1.01 sys=0.00, real=0.17 secs] 
5239.056: [GC (Allocation Failure) [PSYoungGen: 335712K->182432K(465920K)] 799113K->738189K(1864192K), 0.0608102 secs] [Times: user=0.37 sys=0.00, real=0.06 secs] 
5242.306: [GC (Allocation Failure) [PSYoungGen: 419488K->87104K(465920K)] 975245K->825205K(1864192K), 0.1148718 secs] [Times: user=0.68 sys=0.00, real=0.11 secs] 
5243.561: [GC (Allocation Failure) [PSYoungGen: 320064K->158208K(465920K)] 1058165K->976250K(1864192K), 0.0602884 secs] [Times: user=0.36 sys=0.00, real=0.06 secs] 
5246.874: [GC (Allocation Failure) [PSYoungGen: 383688K->93600K(464896K)] 1201731K->1070042K(1863168K), 0.0953883 secs] [Times: user=0.57 sys=0.00, real=0.10 secs] 
5248.109: [GC (Allocation Failure) [PSYoungGen: 326560K->150976K(465408K)] 1303002K->1214089K(1863680K), 0.0607797 secs] [Times: user=0.36 sys=0.00, real=0.06 secs] 
5249.823: [GC (Allocation Failure) [PSYoungGen: 383936K->114624K(450560K)] 1447049K->1328577K(1848832K), 0.0971987 secs] [Times: user=0.57 sys=0.00, real=0.10 secs] 
5249.920: [Full GC (Ergonomics) [PSYoungGen: 114624K->0K(450560K)] [ParOldGen: 1213953K->120494K(1398272K)] 1328577K->120494K(1848832K), [Metaspace: 59718K->59718K(1105920K)], 0.2789561 secs] [Times: user=1.29 sys=0.00, real=0.28 secs] 
5251.319: [GC (Allocation Failure) [PSYoungGen: 235008K->142336K(458240K)] 355502K->262830K(1856512K), 0.0515229 secs] [Times: user=0.30 sys=0.00, real=0.05 secs] 
5255.281: [GC (Allocation Failure) [PSYoungGen: 377344K->122848K(455680K)] 497838K->385702K(1853952K), 0.0962404 secs] [Times: user=0.58 sys=0.00, real=0.10 secs] 
5256.518: [GC (Allocation Failure) [PSYoungGen: 379360K->5056K(467456K)] 642214K->267950K(1865728K), 0.0028090 secs] [Times: user=0.02 sys=0.00, real=0.00 secs] 
5258.047: [GC (Allocation Failure) [PSYoungGen: 261568K->175040K(456704K)] 524462K->441355K(1854976K), 0.0350112 secs] [Times: user=0.21 sys=0.01, real=0.03 secs] 
5259.828: [GC (Allocation Failure) [PSYoungGen: 408000K->100448K(465920K)] 674315K->532451K(1864192K), 0.1073537 secs] [Times: user=0.64 sys=0.00, real=0.11 secs] 
5260.848: [GC (Allocation Failure) [PSYoungGen: 333408K->171776K(460288K)] 765411K->700900K(1858560K), 0.0527942 secs] [Times: user=0.32 sys=0.00, real=0.05 secs] 
5264.450: [GC (Allocation Failure) [PSYoungGen: 404736K->84928K(465920K)] 933860K->785820K(1864192K), 0.1727657 secs] [Times: user=1.03 sys=0.00, real=0.17 secs] 
5265.207: [GC (Allocation Failure) [PSYoungGen: 317888K->169952K(464384K)] 1018780K->951933K(1862656K), 0.0554628 secs] [Times: user=0.33 sys=0.00, real=0.05 secs] 
5268.266: [GC (Allocation Failure) [PSYoungGen: 402912K->90496K(465920K)] 1184893K->1042469K(1864192K), 0.1742873 secs] [Times: user=1.04 sys=0.00, real=0.17 secs] 
5268.717: [GC (Allocation Failure) [PSYoungGen: 323456K->174304K(465920K)] 1275429K->1210558K(1864192K), 0.0592961 secs] [Times: user=0.35 sys=0.00, real=0.06 secs] 
5271.835: [GC (Allocation Failure) [PSYoungGen: 407264K->89152K(465920K)] 1443518K->1299134K(1864192K), 0.1244767 secs] [Times: user=0.74 sys=0.00, real=0.12 secs] 
5271.960: [Full GC (Ergonomics) [PSYoungGen: 89152K->0K(465920K)] [ParOldGen: 1209982K->96926K(1398272K)] 1299134K->96926K(1864192K), [Metaspace: 59718K->59718K(1105920K)], 0.2345209 secs] [Times: user=1.08 sys=0.00, real=0.24 secs] 
5273.173: [GC (Allocation Failure) [PSYoungGen: 232960K->189114K(465920K)] 329886K->286041K(1864192K), 0.0482538 secs] [Times: user=0.28 sys=0.01, real=0.05 secs] 
5275.582: [GC (Allocation Failure) [PSYoungGen: 417543K->93088K(465920K)] 514469K->351806K(1864192K), 0.1061266 secs] [Times: user=0.63 sys=0.00, real=0.11 secs] 
5276.803: [GC (Allocation Failure) [PSYoungGen: 326048K->150912K(465920K)] 584766K->496179K(1864192K), 0.0602715 secs] [Times: user=0.36 sys=0.00, real=0.06 secs] 
5278.121: [GC (Allocation Failure) [PSYoungGen: 383872K->106880K(465920K)] 729139K->603003K(1864192K), 0.0603140 secs] [Times: user=0.35 sys=0.00, real=0.06 secs] 
5279.413: [GC (Allocation Failure) [PSYoungGen: 339840K->142304K(457728K)] 835963K->734260K(1856000K), 0.0608417 secs] [Times: user=0.36 sys=0.00, real=0.06 secs] 
5282.055: [GC (Allocation Failure) [PSYoungGen: 375264K->123200K(461824K)] 967220K->857104K(1860096K), 0.0798562 secs] [Times: user=0.47 sys=0.00, real=0.08 secs] 
5283.277: [GC (Allocation Failure) [PSYoungGen: 356160K->125216K(457728K)] 1090064K->971672K(1856000K), 0.0620922 secs] [Times: user=0.37 sys=0.00, real=0.06 secs] 
5285.438: [GC (Allocation Failure) [PSYoungGen: 375584K->154816K(461312K)] 1222040K->1126212K(1859584K), 0.0592706 secs] [Times: user=0.35 sys=0.00, real=0.06 secs] 
5286.884: [GC (Allocation Failure) [PSYoungGen: 405184K->22208K(466432K)] 1376580K->993644K(1864704K), 0.0095759 secs] [Times: user=0.05 sys=0.00, real=0.00 secs] 
5289.139: [GC (Allocation Failure) [PSYoungGen: 275648K->177184K(431104K)] 1247084K->1167705K(1829376K), 0.0416811 secs] [Times: user=0.25 sys=0.00, real=0.04 secs] 
5291.916: [GC (Allocation Failure) [PSYoungGen: 430624K->101024K(471552K)] 1421145K->1267689K(1869824K), 0.1835415 secs] [Times: user=1.09 sys=0.00, real=0.18 secs] 
5292.100: [Full GC (Ergonomics) [PSYoungGen: 101024K->0K(471552K)] [ParOldGen: 1166665K->72466K(1398272K)] 1267689K->72466K(1869824K), [Metaspace: 59718K->59718K(1105920K)], 0.1984286 secs] [Times: user=0.89 sys=0.00, real=0.20 secs] 
5292.645: [GC (Allocation Failure) [PSYoungGen: 238592K->181056K(465920K)] 311058K->253522K(1864192K), 0.0380463 secs] [Times: user=0.23 sys=0.00, real=0.03 secs] 
5296.764: [GC (Allocation Failure) [PSYoungGen: 419648K->86304K(465920K)] 492114K->339638K(1864192K), 0.1364297 secs] [Times: user=0.82 sys=0.00, real=0.13 secs] 
5297.910: [GC (Allocation Failure) [PSYoungGen: 314179K->200736K(465920K)] 567513K->534023K(1864192K), 0.0670802 secs] [Times: user=0.40 sys=0.00, real=0.07 secs] 
5300.577: [GC (Allocation Failure) [PSYoungGen: 433696K->93312K(465920K)] 766983K->590331K(1864192K), 0.1035866 secs] [Times: user=0.61 sys=0.00, real=0.10 secs] 
5301.797: [GC (Allocation Failure) [PSYoungGen: 326272K->151392K(465920K)] 823291K->734980K(1864192K), 0.0601534 secs] [Times: user=0.36 sys=0.00, real=0.06 secs] 
5305.086: [GC (Allocation Failure) [PSYoungGen: 384352K->104960K(465920K)] 967940K->839852K(1864192K), 0.0967624 secs] [Times: user=0.58 sys=0.00, real=0.09 secs] 
5306.311: [GC (Allocation Failure) [PSYoungGen: 337920K->143008K(376320K)] 1072812K->972609K(1774592K), 0.0609727 secs] [Times: user=0.36 sys=0.00, real=0.06 secs] 
5309.666: [GC (Allocation Failure) [PSYoungGen: 375968K->131136K(473088K)] 1205569K->1103769K(1871360K), 0.0785117 secs] [Times: user=0.46 sys=0.00, real=0.08 secs] 
5310.891: [GC (Allocation Failure) [PSYoungGen: 373312K->1792K(463872K)] 1345945K->974501K(1862144K), 0.0033716 secs] [Times: user=0.02 sys=0.00, real=0.01 secs] 
5313.000: [GC (Allocation Failure) [PSYoungGen: 243968K->152480K(465920K)] 1216677K->1126659K(1864192K), 0.0307058 secs] [Times: user=0.18 sys=0.00, real=0.03 secs] 
5315.076: [GC (Allocation Failure) [PSYoungGen: 385440K->7872K(465920K)] 1359619K->982163K(1864192K), 0.0042767 secs] [Times: user=0.02 sys=0.00, real=0.00 secs] 
5317.505: [GC (Allocation Failure) [PSYoungGen: 240832K->163392K(465920K)] 1215123K->1143575K(1864192K), 0.0339186 secs] [Times: user=0.20 sys=0.00, real=0.03 secs] 
5318.646: [GC (Allocation Failure) [PSYoungGen: 396352K->100160K(465920K)] 1376535K->1234871K(1864192K), 0.0728636 secs] [Times: user=0.44 sys=0.01, real=0.07 secs] 
5319.672: [GC (Allocation Failure) [PSYoungGen: 331020K->163136K(465920K)] 1465732K->1396032K(1864192K), 0.0538527 secs] [Times: user=0.31 sys=0.00, real=0.06 secs] 
5319.726: [Full GC (Ergonomics) [PSYoungGen: 163136K->0K(465920K)] [ParOldGen: 1232896K->197181K(1398272K)] 1396032K->197181K(1864192K), [Metaspace: 59718K->59718K(1105920K)], 0.4756666 secs] [Times: user=2.23 sys=0.00, real=0.47 secs] 
5323.065: [GC (Allocation Failure) [PSYoungGen: 232960K->91968K(465920K)] 430141K->289149K(1864192K), 0.0449692 secs] [Times: user=0.26 sys=0.00, real=0.04 secs] 
5324.742: [GC (Allocation Failure) [PSYoungGen: 312384K->160032K(465920K)] 509566K->445204K(1864192K), 0.0478244 secs] [Times: user=0.28 sys=0.00, real=0.05 secs] 
5327.153: [GC (Allocation Failure) [PSYoungGen: 392992K->99680K(332800K)] 678164K->535684K(1731072K), 0.1541991 secs] [Times: user=0.92 sys=0.00, real=0.16 secs] 
5327.724: [GC (Allocation Failure) [PSYoungGen: 332640K->189248K(464896K)] 768644K->721285K(1863168K), 0.0523145 secs] [Times: user=0.31 sys=0.00, real=0.05 secs] 
5330.868: [GC (Allocation Failure) [PSYoungGen: 418230K->82336K(465408K)] 950268K->787189K(1863680K), 0.1743902 secs] [Times: user=1.03 sys=0.00, real=0.17 secs] 
5331.674: [GC (Allocation Failure) [PSYoungGen: 314784K->166240K(465920K)] 1019637K->949770K(1864192K), 0.0598978 secs] [Times: user=0.36 sys=0.00, real=0.05 secs] 
5335.717: [GC (Allocation Failure) [PSYoungGen: 399200K->85920K(465920K)] 1182730K->1035794K(1864192K), 0.1649986 secs] [Times: user=0.99 sys=0.00, real=0.16 secs] 
5336.323: [GC (Allocation Failure) [PSYoungGen: 318880K->176640K(465920K)] 1268754K->1206499K(1864192K), 0.0579326 secs] [Times: user=0.34 sys=0.00, real=0.06 secs] 
5338.825: [GC (Allocation Failure) [PSYoungGen: 409600K->90272K(465920K)] 1439459K->1296571K(1864192K), 0.1285426 secs] [Times: user=0.76 sys=0.00, real=0.12 secs] 
5338.953: [Full GC (Ergonomics) [PSYoungGen: 90272K->0K(465920K)] [ParOldGen: 1206299K->94401K(1398272K)] 1296571K->94401K(1864192K), [Metaspace: 59718K->59718K(1105920K)], 0.2300857 secs] [Times: user=1.06 sys=0.00, real=0.23 secs] 
5340.147: [GC (Allocation Failure) [PSYoungGen: 231412K->201600K(465920K)] 325813K->296001K(1864192K), 0.0495262 secs] [Times: user=0.29 sys=0.00, real=0.05 secs] 
5342.941: [GC (Allocation Failure) [PSYoungGen: 434560K->93088K(465920K)] 528961K->351785K(1864192K), 0.1075455 secs] [Times: user=0.64 sys=0.00, real=0.11 secs] 
5344.174: [GC (Allocation Failure) [PSYoungGen: 326048K->151424K(465920K)] 584745K->496718K(1864192K), 0.0604112 secs] [Times: user=0.36 sys=0.01, real=0.07 secs] 
5346.228: [GC (Allocation Failure) [PSYoungGen: 384384K->106816K(465920K)] 729678K->602954K(1864192K), 0.0952667 secs] [Times: user=0.57 sys=0.00, real=0.10 secs] 
5347.550: [GC (Allocation Failure) [PSYoungGen: 339776K->142080K(465920K)] 835914K->734495K(1864192K), 0.0607308 secs] [Times: user=0.36 sys=0.00, real=0.06 secs] 
5349.862: [GC (Allocation Failure) [PSYoungGen: 375040K->125056K(358400K)] 967455K->858991K(1756672K), 0.0775605 secs] [Times: user=0.46 sys=0.00, real=0.08 secs] 
5352.134: [GC (Allocation Failure) [PSYoungGen: 358016K->122560K(467968K)] 1091951K->971148K(1866240K), 0.0623326 secs] [Times: user=0.38 sys=0.00, real=0.07 secs] 
5353.278: [GC (Allocation Failure) [PSYoungGen: 364224K->149568K(459264K)] 1212812K->1120884K(1857536K), 0.0593556 secs] [Times: user=0.36 sys=0.00, real=0.06 secs] 
5355.671: [GC (Allocation Failure) [PSYoungGen: 391232K->8800K(457728K)] 1362548K->980152K(1856000K), 0.0041167 secs] [Times: user=0.02 sys=0.00, real=0.01 secs] 
5356.455: [GC (Allocation Failure) [PSYoungGen: 249952K->175008K(416256K)] 1221304K->1153661K(1814528K), 0.0360745 secs] [Times: user=0.21 sys=0.00, real=0.03 secs] 
5359.055: [GC (Allocation Failure) [PSYoungGen: 416160K->97536K(466944K)] 1394813K->1242589K(1865216K), 0.1745601 secs] [Times: user=1.04 sys=0.00, real=0.17 secs] 
5360.062: [GC (Allocation Failure) [PSYoungGen: 331520K->168704K(465920K)] 1476573K->1407662K(1864192K), 0.0519503 secs] [Times: user=0.31 sys=0.00, real=0.06 secs] 
5360.114: [Full GC (Ergonomics) [PSYoungGen: 168704K->0K(465920K)] [ParOldGen: 1238958K->211962K(1398272K)] 1407662K->211962K(1864192K), [Metaspace: 59718K->59718K(1105920K)], 0.4937527 secs] [Times: user=2.31 sys=0.00, real=0.49 secs] 
5363.359: [GC (Allocation Failure) [PSYoungGen: 233984K->89856K(465920K)] 445946K->301818K(1864192K), 0.1513342 secs] [Times: user=0.91 sys=0.00, real=0.15 secs] 
5364.851: [GC (Allocation Failure) [PSYoungGen: 322816K->168768K(465920K)] 534778K->466992K(1864192K), 0.1028784 secs] [Times: user=0.61 sys=0.00, real=0.11 secs] 
5368.197: [GC (Allocation Failure) [PSYoungGen: 401728K->80096K(465920K)] 699952K->547152K(1864192K), 0.1235976 secs] [Times: user=0.73 sys=0.01, real=0.12 secs] 
5368.587: [GC (Allocation Failure) [PSYoungGen: 313056K->179456K(465920K)] 780112K->720917K(1864192K), 0.0562541 secs] [Times: user=0.34 sys=0.01, real=0.06 secs] 
5371.757: [GC (Allocation Failure) [PSYoungGen: 412416K->83552K(465920K)] 953877K->804653K(1864192K), 0.1399723 secs] [Times: user=0.84 sys=0.00, real=0.14 secs] 
5373.229: [GC (Allocation Failure) [PSYoungGen: 315727K->205568K(465920K)] 1036828K->1004298K(1864192K), 0.0615422 secs] [Times: user=0.37 sys=0.00, real=0.06 secs] 
5375.559: [GC (Allocation Failure) [PSYoungGen: 438528K->86144K(465920K)] 1237258K->1055850K(1864192K), 0.1125071 secs] [Times: user=0.67 sys=0.00, real=0.11 secs] 
5377.427: [GC (Allocation Failure) [PSYoungGen: 319104K->158144K(465920K)] 1288810K->1207163K(1864192K), 0.0600418 secs] [Times: user=0.36 sys=0.00, real=0.06 secs] 
5378.940: [GC (Allocation Failure) [PSYoungGen: 391104K->99488K(465920K)] 1440123K->1306799K(1864192K), 0.0885895 secs] [Times: user=0.53 sys=0.00, real=0.09 secs] 
5379.029: [Full GC (Ergonomics) [PSYoungGen: 99488K->0K(465920K)] [ParOldGen: 1207311K->113608K(1398272K)] 1306799K->113608K(1864192K), [Metaspace: 59718K->59718K(1105920K)], 0.2508027 secs] [Times: user=1.13 sys=0.00, real=0.25 secs] 
5381.736: [GC (Allocation Failure) [PSYoungGen: 232960K->148832K(465920K)] 346568K->262440K(1864192K), 0.0543724 secs] [Times: user=0.32 sys=0.00, real=0.05 secs] 
5382.839: [GC (Allocation Failure) [PSYoungGen: 381792K->116928K(465920K)] 495400K->379568K(1864192K), 0.0914362 secs] [Times: user=0.54 sys=0.01, real=0.09 secs] 
5385.176: [GC (Allocation Failure) [PSYoungGen: 349888K->130752K(364032K)] 612528K->499735K(1762304K), 0.0610543 secs] [Times: user=0.37 sys=0.00, real=0.06 secs] 
5387.418: [GC (Allocation Failure) [PSYoungGen: 363712K->131456K(465920K)] 732695K->631407K(1864192K), 0.0702495 secs] [Times: user=0.42 sys=0.00, real=0.07 secs] 
5389.396: [GC (Allocation Failure) [PSYoungGen: 373120K->2816K(457216K)] 873071K->502791K(1855488K), 0.0028840 secs] [Times: user=0.01 sys=0.00, real=0.00 secs] 
5390.981: [GC (Allocation Failure) [PSYoungGen: 244480K->163008K(461312K)] 744455K->664316K(1859584K), 0.0321903 secs] [Times: user=0.19 sys=0.00, real=0.03 secs] 
5392.092: [GC (Allocation Failure) [PSYoungGen: 395968K->99552K(332800K)] 897276K->755004K(1731072K), 0.0690355 secs] [Times: user=0.41 sys=0.00, real=0.07 secs] 
5395.069: [GC (Allocation Failure) [PSYoungGen: 332512K->176512K(458240K)] 987964K->928545K(1856512K), 0.0530347 secs] [Times: user=0.32 sys=0.00, real=0.05 secs] 
5396.877: [GC (Allocation Failure) [PSYoungGen: 407936K->95040K(464384K)] 1159969K->1006809K(1862656K), 0.1682160 secs] [Times: user=1.00 sys=0.01, real=0.17 secs] 
5399.545: [GC (Allocation Failure) [PSYoungGen: 314974K->156992K(463872K)] 1226744K->1159742K(1862144K), 0.0496483 secs] [Times: user=0.29 sys=0.01, real=0.05 secs] 
5401.238: [GC (Allocation Failure) [PSYoungGen: 389952K->94336K(327680K)] 1392702K->1244946K(1725952K), 0.1727658 secs] [Times: user=1.03 sys=0.00, real=0.17 secs] 
5403.506: [GC (Allocation Failure) [PSYoungGen: 327296K->169056K(457728K)] 1477906K->1409282K(1856000K), 0.0511607 secs] [Times: user=0.30 sys=0.00, real=0.05 secs] 
5403.557: [Full GC (Ergonomics) [PSYoungGen: 169056K->0K(457728K)] [ParOldGen: 1240226K->207950K(1398272K)] 1409282K->207950K(1856000K), [Metaspace: 59718K->59718K(1105920K)], 0.4765204 secs] [Times: user=2.21 sys=0.00, real=0.47 secs] 
5406.650: [GC (Allocation Failure) [PSYoungGen: 229888K->81504K(462848K)] 437838K->289454K(1861120K), 0.1528197 secs] [Times: user=0.92 sys=0.00, real=0.15 secs] 
5408.329: [GC (Allocation Failure) [PSYoungGen: 311392K->170624K(464384K)] 519342K->455883K(1862656K), 0.0529641 secs] [Times: user=0.31 sys=0.00, real=0.05 secs] 
5410.626: [GC (Allocation Failure) [PSYoungGen: 403584K->83072K(465920K)] 688843K->539075K(1864192K), 0.1742954 secs] [Times: user=1.04 sys=0.00, real=0.17 secs] 
5411.486: [GC (Allocation Failure) [PSYoungGen: 316032K->172320K(465920K)] 772035K->707495K(1864192K), 0.0699968 secs] [Times: user=0.42 sys=0.00, real=0.07 secs] 
5414.311: [GC (Allocation Failure) [PSYoungGen: 405280K->85280K(465920K)] 940455K->792659K(1864192K), 0.1503041 secs] [Times: user=0.89 sys=0.00, real=0.15 secs] 
5414.965: [GC (Allocation Failure) [PSYoungGen: 318240K->175648K(465920K)] 1025619K->962268K(1864192K), 0.0905539 secs] [Times: user=0.54 sys=0.00, real=0.09 secs] 
5417.940: [GC (Allocation Failure) [PSYoungGen: 408608K->85248K(465920K)] 1195228K->1047492K(1864192K), 0.1300261 secs] [Times: user=0.77 sys=0.00, real=0.13 secs] 
5418.964: [GC (Allocation Failure) [PSYoungGen: 318208K->207104K(465920K)] 1280452K->1248673K(1864192K), 0.0576562 secs] [Times: user=0.34 sys=0.00, real=0.05 secs] 
5421.907: [GC (Allocation Failure) [PSYoungGen: 440064K->88992K(465920K)] 1481633K->1296641K(1864192K), 0.1149694 secs] [Times: user=0.68 sys=0.00, real=0.11 secs] 
5422.022: [Full GC (Ergonomics) [PSYoungGen: 88992K->0K(465920K)] [ParOldGen: 1207649K->103095K(1398272K)] 1296641K->103095K(1864192K), [Metaspace: 59718K->59718K(1105920K)], 0.2406157 secs] [Times: user=1.09 sys=0.00, real=0.24 secs] 
5423.363: [GC (Allocation Failure) [PSYoungGen: 232960K->155296K(465920K)] 336055K->258391K(1864192K), 0.0448897 secs] [Times: user=0.27 sys=0.00, real=0.05 secs] 
5425.556: [GC (Allocation Failure) [PSYoungGen: 388256K->100512K(465920K)] 491351K->358971K(1864192K), 0.1002024 secs] [Times: user=0.58 sys=0.00, real=0.10 secs] 
5426.842: [GC (Allocation Failure) [PSYoungGen: 333472K->148320K(465920K)] 591931K->495980K(1864192K), 0.0600546 secs] [Times: user=0.35 sys=0.00, real=0.06 secs] 
5429.256: [GC (Allocation Failure) [PSYoungGen: 381280K->117568K(350720K)] 728940K->613644K(1748992K), 0.0743667 secs] [Times: user=0.44 sys=0.00, real=0.07 secs] 
5430.464: [GC (Allocation Failure) [PSYoungGen: 350528K->131232K(475136K)] 846604K->733713K(1873408K), 0.0611423 secs] [Times: user=0.36 sys=0.01, real=0.07 secs] 
5433.494: [GC (Allocation Failure) [PSYoungGen: 373920K->142176K(385024K)] 976401K->875985K(1783296K), 0.0663123 secs] [Times: user=0.40 sys=0.00, real=0.06 secs] 
5434.680: [GC (Allocation Failure) [PSYoungGen: 384864K->8512K(450560K)] 1118673K->742737K(1848832K), 0.0038851 secs] [Times: user=0.01 sys=0.00, real=0.01 secs] 
5437.389: [GC (Allocation Failure) [PSYoungGen: 240448K->159488K(462336K)] 974673K->900078K(1860608K), 0.0339158 secs] [Times: user=0.20 sys=0.00, real=0.03 secs] 
5438.513: [GC (Allocation Failure) [PSYoungGen: 391424K->101056K(458752K)] 1132014K->991950K(1857024K), 0.0682111 secs] [Times: user=0.40 sys=0.00, real=0.07 secs] 
5440.278: [GC (Allocation Failure) [PSYoungGen: 336340K->165920K(462336K)] 1227235K->1155735K(1860608K), 0.0541956 secs] [Times: user=0.32 sys=0.00, real=0.05 secs] 
5442.614: [GC (Allocation Failure) [PSYoungGen: 401440K->95040K(466432K)] 1391255K->1241651K(1864704K), 0.1714019 secs] [Times: user=1.02 sys=0.00, real=0.17 secs] 
5444.246: [GC (Allocation Failure) [PSYoungGen: 333632K->170592K(465920K)] 1480243K->1408348K(1864192K), 0.0526846 secs] [Times: user=0.31 sys=0.00, real=0.05 secs] 
5444.298: [Full GC (Ergonomics) [PSYoungGen: 170592K->0K(465920K)] [ParOldGen: 1237756K->211067K(1398272K)] 1408348K->211067K(1864192K), [Metaspace: 59718K->59718K(1105920K)], 0.4813478 secs] [Times: user=2.23 sys=0.00, real=0.48 secs] 
5447.626: [GC (Allocation Failure) [PSYoungGen: 238592K->90432K(468480K)] 449659K->301499K(1866752K), 0.1491865 secs] [Times: user=0.89 sys=0.00, real=0.15 secs] 
5448.589: [GC (Allocation Failure) [PSYoungGen: 325952K->175520K(465920K)] 537019K->472444K(1864192K), 0.0563466 secs] [Times: user=0.33 sys=0.01, real=0.06 secs] 
5451.150: [GC (Allocation Failure) [PSYoungGen: 411040K->85184K(465920K)] 707964K->557708K(1864192K), 0.1180809 secs] [Times: user=0.69 sys=0.00, real=0.12 secs] 
5451.781: [GC (Allocation Failure) [PSYoungGen: 318144K->194592K(465920K)] 790668K->745827K(1864192K), 0.0801600 secs] [Times: user=0.47 sys=0.00, real=0.08 secs] 
5455.036: [GC (Allocation Failure) [PSYoungGen: 427552K->82912K(465920K)] 978787K->812411K(1864192K), 0.1305928 secs] [Times: user=0.78 sys=0.00, real=0.13 secs] 
5456.297: [GC (Allocation Failure) [PSYoungGen: 315872K->161824K(465920K)] 1045371K->967186K(1864192K), 0.0596976 secs] [Times: user=0.35 sys=0.00, real=0.06 secs] 
5458.724: [GC (Allocation Failure) [PSYoungGen: 394784K->93760K(465920K)] 1200146K->1061018K(1864192K), 0.0937133 secs] [Times: user=0.55 sys=0.00, real=0.09 secs] 
5459.927: [GC (Allocation Failure) [PSYoungGen: 326720K->151104K(465920K)] 1293978K->1205081K(1864192K), 0.0604087 secs] [Times: user=0.36 sys=0.00, real=0.06 secs] 
5462.313: [GC (Allocation Failure) [PSYoungGen: 384064K->107360K(464896K)] 1438041K->1312289K(1863168K), 0.0948083 secs] [Times: user=0.56 sys=0.00, real=0.10 secs] 
5462.408: [Full GC (Ergonomics) [PSYoungGen: 107360K->0K(464896K)] [ParOldGen: 1204929K->121904K(1398272K)] 1312289K->121904K(1863168K), [Metaspace: 59718K->59697K(1105920K)], 0.2811341 secs] [Times: user=1.26 sys=0.00, real=0.28 secs] 
5463.807: [GC (Allocation Failure) [PSYoungGen: 232960K->141728K(374784K)] 354864K->263632K(1773056K), 0.0513474 secs] [Times: user=0.31 sys=0.00, real=0.05 secs] 
5466.156: [GC (Allocation Failure) [PSYoungGen: 374688K->123680K(471040K)] 496592K->387136K(1869312K), 0.0732874 secs] [Times: user=0.43 sys=0.01, real=0.07 secs] 
5467.384: [GC (Allocation Failure) [PSYoungGen: 367392K->2624K(461824K)] 630848K->266168K(1860096K), 0.0017414 secs] [Times: user=0.00 sys=0.00, real=0.00 secs] 
5469.286: [GC (Allocation Failure) [PSYoungGen: 246336K->158784K(463360K)] 509880K->423245K(1861632K), 0.0311508 secs] [Times: user=0.18 sys=0.00, real=0.03 secs] 
5470.418: [GC (Allocation Failure) [PSYoungGen: 391744K->14144K(465920K)] 656205K->278809K(1864192K), 0.0039807 secs] [Times: user=0.02 sys=0.00, real=0.00 secs] 
5472.851: [GC (Allocation Failure) [PSYoungGen: 247104K->164320K(465920K)] 511769K->440726K(1864192K), 0.0354314 secs] [Times: user=0.20 sys=0.00, real=0.04 secs] 
5474.459: [GC (Allocation Failure) [PSYoungGen: 397280K->97120K(465920K)] 673686K->528570K(1864192K), 0.1769290 secs] [Times: user=1.04 sys=0.01, real=0.18 secs] 
5477.989: [GC (Allocation Failure) [PSYoungGen: 327212K->160352K(465920K)] 758662K->685627K(1864192K), 0.0508638 secs] [Times: user=0.30 sys=0.00, real=0.05 secs] 
5480.278: [GC (Allocation Failure) [PSYoungGen: 393312K->95456K(465920K)] 918587K->772131K(1864192K), 0.1642686 secs] [Times: user=0.98 sys=0.00, real=0.16 secs] 
5482.345: [GC (Allocation Failure) [PSYoungGen: 328416K->166048K(465920K)] 1005091K->934307K(1864192K), 0.0513341 secs] [Times: user=0.31 sys=0.00, real=0.05 secs] 
5484.778: [GC (Allocation Failure) [PSYoungGen: 399008K->87104K(465920K)] 1167267K->1021268K(1864192K), 0.1559274 secs] [Times: user=0.92 sys=0.00, real=0.16 secs] 
5486.198: [GC (Allocation Failure) [PSYoungGen: 320064K->186144K(465920K)] 1254228K->1202819K(1864192K), 0.0563898 secs] [Times: user=0.33 sys=0.00, real=0.06 secs] 
5487.673: [GC (Allocation Failure) [PSYoungGen: 419104K->92864K(465920K)] 1435779K->1278779K(1864192K), 0.0720658 secs] [Times: user=0.43 sys=0.00, real=0.08 secs] 
5487.745: [Full GC (Ergonomics) [PSYoungGen: 92864K->0K(465920K)] [ParOldGen: 1185915K->75376K(1398272K)] 1278779K->75376K(1864192K), [Metaspace: 59697K->59697K(1105920K)], 0.1627507 secs] [Times: user=0.70 sys=0.00, real=0.16 secs] 
5488.572: [GC (Allocation Failure) [PSYoungGen: 232960K->170528K(465920K)] 308336K->245904K(1864192K), 0.0654794 secs] [Times: user=0.39 sys=0.01, real=0.07 secs] 
5491.480: [GC (Allocation Failure) [PSYoungGen: 403488K->90464K(465920K)] 478864K->336260K(1864192K), 0.1127296 secs] [Times: user=0.67 sys=0.00, real=0.11 secs] 
5492.917: [GC (Allocation Failure) [PSYoungGen: 322026K->201504K(465920K)] 567822K->531673K(1864192K), 0.0614464 secs] [Times: user=0.36 sys=0.00, real=0.06 secs] 
5495.866: [GC (Allocation Failure) [PSYoungGen: 434464K->89856K(465920K)] 764633K->586545K(1864192K), 0.1018139 secs] [Times: user=0.60 sys=0.01, real=0.10 secs] 
5497.982: [GC (Allocation Failure) [PSYoungGen: 322816K->154624K(465920K)] 819505K->734400K(1864192K), 0.0596376 secs] [Times: user=0.35 sys=0.00, real=0.06 secs] 
5499.963: [GC (Allocation Failure) [PSYoungGen: 387584K->102656K(465920K)] 967360K->836840K(1864192K), 0.0965414 secs] [Times: user=0.57 sys=0.00, real=0.10 secs] 
5501.184: [GC (Allocation Failure) [PSYoungGen: 335616K->146176K(465920K)] 1069800K->972401K(1864192K), 0.0610933 secs] [Times: user=0.37 sys=0.00, real=0.07 secs] 
5504.029: [GC (Allocation Failure) [PSYoungGen: 379136K->117088K(350208K)] 1205361K->1089089K(1748480K), 0.0900098 secs] [Times: user=0.54 sys=0.00, real=0.09 secs] 
5505.319: [GC (Allocation Failure) [PSYoungGen: 350048K->131552K(471552K)] 1322049K->1209689K(1869824K), 0.0623262 secs] [Times: user=0.37 sys=0.00, real=0.06 secs] 
5508.591: [GC (Allocation Failure) [PSYoungGen: 373216K->137152K(462848K)] 1451353K->1346705K(1861120K), 0.0673201 secs] [Times: user=0.40 sys=0.00, real=0.07 secs] 
5508.658: [Full GC (Ergonomics) [PSYoungGen: 137152K->0K(462848K)] [ParOldGen: 1209553K->151598K(1398272K)] 1346705K->151598K(1861120K), [Metaspace: 59697K->59697K(1105920K)], 0.3535712 secs] [Times: user=1.64 sys=0.00, real=0.35 secs] 
5510.119: [GC (Allocation Failure) [PSYoungGen: 241664K->115680K(470016K)] 393262K->267278K(1868288K), 0.0408693 secs] [Times: user=0.24 sys=0.00, real=0.04 secs] 
5512.760: [GC (Allocation Failure) [PSYoungGen: 370144K->175232K(463360K)] 521742K->441683K(1861632K), 0.1136042 secs] [Times: user=0.67 sys=0.01, real=0.12 secs] 
5515.020: [GC (Allocation Failure) [PSYoungGen: 429696K->110112K(484864K)] 696147K->542987K(1883136K), 0.1173220 secs] [Times: user=0.69 sys=0.01, real=0.12 secs] 
5516.039: [GC (Allocation Failure) [PSYoungGen: 376864K->192032K(459264K)] 809739K->730995K(1857536K), 0.0854930 secs] [Times: user=0.51 sys=0.00, real=0.09 secs] 
5518.723: [GC (Allocation Failure) [PSYoungGen: 458784K->112960K(475648K)] 997747K->843467K(1873920K), 0.1095932 secs] [Times: user=0.65 sys=0.00, real=0.11 secs] 
5520.805: [GC (Allocation Failure) [PSYoungGen: 360256K->144800K(392192K)] 1090763K->977692K(1790464K), 0.0642982 secs] [Times: user=0.38 sys=0.00, real=0.06 secs] 
5523.649: [GC (Allocation Failure) [PSYoungGen: 392096K->138272K(472576K)] 1224988K->1116064K(1870848K), 0.0655056 secs] [Times: user=0.39 sys=0.00, real=0.07 secs] 
5524.855: [GC (Allocation Failure) [PSYoungGen: 392736K->9376K(465408K)] 1370528K->987236K(1863680K), 0.0039690 secs] [Times: user=0.02 sys=0.00, real=0.00 secs] 
5527.055: [GC (Allocation Failure) [PSYoungGen: 257567K->175424K(457728K)] 1235428K->1160321K(1856000K), 0.0368705 secs] [Times: user=0.22 sys=0.00, real=0.03 secs] 
5528.859: [GC (Allocation Failure) [PSYoungGen: 408384K->96064K(465920K)] 1393281K->1247717K(1864192K), 0.1272321 secs] [Times: user=0.76 sys=0.00, real=0.13 secs] 
5528.987: [Full GC (Ergonomics) [PSYoungGen: 96064K->0K(465920K)] [ParOldGen: 1151653K->45816K(1398272K)] 1247717K->45816K(1864192K), [Metaspace: 59697K->59697K(1105920K)], 0.1097712 secs] [Times: user=0.45 sys=0.00, real=0.11 secs] 
5531.087: [GC (Allocation Failure) [PSYoungGen: 218329K->155456K(463872K)] 264146K->201272K(1862144K), 0.0307663 secs] [Times: user=0.18 sys=0.00, real=0.03 secs] 
5533.429: [GC (Allocation Failure) [PSYoungGen: 392512K->98976K(466944K)] 438328K->291276K(1865216K), 0.1657856 secs] [Times: user=0.99 sys=0.00, real=0.17 secs] 
5535.549: [GC (Allocation Failure) [PSYoungGen: 336032K->169920K(460288K)] 528332K->457157K(1858560K), 0.0512068 secs] [Times: user=0.30 sys=0.00, real=0.05 secs] 
5538.308: [GC (Allocation Failure) [PSYoungGen: 402000K->86688K(466944K)] 689238K->543357K(1865216K), 0.1713239 secs] [Times: user=0.93 sys=0.00, real=0.17 secs] 
5539.138: [GC (Allocation Failure) [PSYoungGen: 322208K->172416K(461312K)] 778877K->711578K(1859584K), 0.0556750 secs] [Times: user=0.33 sys=0.00, real=0.06 secs] 
5542.166: [GC (Allocation Failure) [PSYoungGen: 405376K->83648K(465920K)] 944538K->794970K(1864192K), 0.1863840 secs] [Times: user=1.12 sys=0.00, real=0.18 secs] 
5542.661: [GC (Allocation Failure) [PSYoungGen: 316608K->176640K(465920K)] 1027930K->965183K(1864192K), 0.0570631 secs] [Times: user=0.34 sys=0.00, real=0.06 secs] 
5546.584: [GC (Allocation Failure) [PSYoungGen: 409600K->81696K(465920K)] 1198143K->1046559K(1864192K), 0.1340223 secs] [Times: user=0.80 sys=0.00, real=0.13 secs] 
5547.703: [GC (Allocation Failure) [PSYoungGen: 314656K->194752K(465920K)] 1279519K->1234748K(1864192K), 0.0656544 secs] [Times: user=0.39 sys=0.00, real=0.07 secs] 
5549.794: [GC (Allocation Failure) [PSYoungGen: 427712K->93088K(465920K)] 1467708K->1303200K(1864192K), 0.1057198 secs] [Times: user=0.63 sys=0.00, real=0.10 secs] 
5549.900: [Full GC (Ergonomics) [PSYoungGen: 93088K->0K(465920K)] [ParOldGen: 1210112K->107649K(1398272K)] 1303200K->107649K(1864192K), [Metaspace: 59697K->59697K(1105920K)], 0.2512591 secs] [Times: user=1.15 sys=0.00, real=0.25 secs] 
5551.220: [GC (Allocation Failure) [PSYoungGen: 232960K->151936K(465920K)] 340609K->259585K(1864192K), 0.0430994 secs] [Times: user=0.26 sys=0.01, real=0.04 secs] 
5553.458: [GC (Allocation Failure) [PSYoungGen: 384896K->121600K(465920K)] 492545K->380905K(1864192K), 0.0880852 secs] [Times: user=0.52 sys=0.00, real=0.09 secs] 
5554.686: [GC (Allocation Failure) [PSYoungGen: 354560K->142720K(457728K)] 613865K->496566K(1856000K), 0.0601501 secs] [Times: user=0.36 sys=0.00, real=0.06 secs] 
5556.686: [GC (Allocation Failure) [PSYoungGen: 375680K->124416K(461824K)] 729526K->621190K(1860096K), 0.0769853 secs] [Times: user=0.46 sys=0.00, real=0.07 secs] 
5557.879: [GC (Allocation Failure) [PSYoungGen: 357376K->124640K(459264K)] 854150K->734947K(1857536K), 0.0626189 secs] [Times: user=0.37 sys=0.00, real=0.06 secs] 
5560.296: [GC (Allocation Failure) [PSYoungGen: 374496K->151360K(462336K)] 984803K->886027K(1860608K), 0.0604780 secs] [Times: user=0.35 sys=0.00, real=0.06 secs] 
5561.605: [GC (Allocation Failure) [PSYoungGen: 401216K->19168K(464384K)] 1135883K->753927K(1862656K), 0.0064975 secs] [Times: user=0.03 sys=0.00, real=0.00 secs] 
5563.498: [GC (Allocation Failure) [PSYoungGen: 271584K->179136K(431616K)] 1006343K->930100K(1829888K), 0.0411624 secs] [Times: user=0.24 sys=0.00, real=0.04 secs] 
5566.883: [GC (Allocation Failure) [PSYoungGen: 431552K->100928K(470528K)] 1182516K->1030288K(1868800K), 0.1670596 secs] [Times: user=0.99 sys=0.01, real=0.17 secs] 
5567.850: [GC (Allocation Failure) [PSYoungGen: 338496K->176320K(465920K)] 1267856K->1200517K(1864192K), 0.0602673 secs] [Times: user=0.36 sys=0.00, real=0.06 secs] 
5571.946: [GC (Allocation Failure) [PSYoungGen: 413888K->85728K(465920K)] 1438085K->1285773K(1864192K), 0.1444898 secs] [Times: user=0.86 sys=0.00, real=0.14 secs] 
5572.090: [Full GC (Ergonomics) [PSYoungGen: 85728K->0K(465920K)] [ParOldGen: 1200045K->88769K(1398272K)] 1285773K->88769K(1864192K), [Metaspace: 59703K->59703K(1105920K)], 0.2201976 secs] [Times: user=1.02 sys=0.00, real=0.22 secs] 
5572.841: [GC (Allocation Failure) [PSYoungGen: 230631K->205536K(465920K)] 319401K->294305K(1864192K), 0.0394971 secs] [Times: user=0.23 sys=0.01, real=0.04 secs] 
5575.591: [GC (Allocation Failure) [PSYoungGen: 438496K->90336K(465920K)] 527265K->349477K(1864192K), 0.1161572 secs] [Times: user=0.69 sys=0.00, real=0.12 secs] 
5576.859: [GC (Allocation Failure) [PSYoungGen: 323296K->154400K(465920K)] 582437K->496921K(1864192K), 0.0599769 secs] [Times: user=0.36 sys=0.00, real=0.06 secs] 
5579.770: [GC (Allocation Failure) [PSYoungGen: 387360K->102080K(465920K)] 729881K->598837K(1864192K), 0.1017320 secs] [Times: user=0.60 sys=0.01, real=0.10 secs] 
5581.002: [GC (Allocation Failure) [PSYoungGen: 335040K->145856K(465920K)] 831797K->734161K(1864192K), 0.0606765 secs] [Times: user=0.36 sys=0.00, real=0.06 secs] 
5582.857: [GC (Allocation Failure) [PSYoungGen: 378816K->118496K(452608K)] 967121K->852806K(1850880K), 0.0885292 secs] [Times: user=0.52 sys=0.00, real=0.09 secs] 
5584.617: [GC (Allocation Failure) [PSYoungGen: 351456K->129824K(459264K)] 1085766K->972021K(1857536K), 0.0619493 secs] [Times: user=0.37 sys=0.00, real=0.06 secs] 
5586.782: [GC (Allocation Failure) [PSYoungGen: 362784K->133984K(462336K)] 1204981K->1105765K(1860608K), 0.0639167 secs] [Times: user=0.38 sys=0.01, real=0.07 secs] 
5589.558: [GC (Allocation Failure) [PSYoungGen: 389984K->5696K(465920K)] 1361765K->977509K(1864192K), 0.0039684 secs] [Times: user=0.02 sys=0.00, real=0.00 secs] 
5591.359: [GC (Allocation Failure) [PSYoungGen: 261696K->177632K(455680K)] 1233509K->1153478K(1853952K), 0.0355907 secs] [Times: user=0.21 sys=0.00, real=0.04 secs] 
5593.666: [GC (Allocation Failure) [PSYoungGen: 410592K->97024K(465920K)] 1386438K->1241290K(1864192K), 0.1082982 secs] [Times: user=0.64 sys=0.01, real=0.11 secs] 
5593.775: [Full GC (Ergonomics) [PSYoungGen: 97024K->0K(465920K)] [ParOldGen: 1144266K->46017K(1398272K)] 1241290K->46017K(1864192K), [Metaspace: 59703K->59703K(1105920K)], 0.0919775 secs] [Times: user=0.37 sys=0.00, real=0.09 secs] 
5594.494: [GC (Allocation Failure) [PSYoungGen: 232960K->168640K(460800K)] 278977K->214657K(1859072K), 0.0481137 secs] [Times: user=0.29 sys=0.00, real=0.04 secs] 
5597.389: [GC (Allocation Failure) [PSYoungGen: 400856K->90752K(465920K)] 446873K->305249K(1864192K), 0.1389052 secs] [Times: user=0.81 sys=0.01, real=0.14 secs] 
5598.202: [GC (Allocation Failure) [PSYoungGen: 323712K->166944K(462848K)] 538209K->468486K(1861120K), 0.0554958 secs] [Times: user=0.33 sys=0.00, real=0.06 secs] 
5601.108: [GC (Allocation Failure) [PSYoungGen: 399904K->90240K(465920K)] 701446K->558274K(1864192K), 0.1593846 secs] [Times: user=0.95 sys=0.01, real=0.16 secs] 
5601.693: [GC (Allocation Failure) [PSYoungGen: 323200K->174272K(463872K)] 791234K->726458K(1862144K), 0.0979538 secs] [Times: user=0.58 sys=0.00, real=0.10 secs] 
5605.615: [GC (Allocation Failure) [PSYoungGen: 407232K->86176K(465920K)] 959418K->812819K(1864192K), 0.1301707 secs] [Times: user=0.78 sys=0.00, real=0.13 secs] 
5606.715: [GC (Allocation Failure) [PSYoungGen: 319136K->189760K(465920K)] 1045779K->996495K(1864192K), 0.0654940 secs] [Times: user=0.40 sys=0.00, real=0.06 secs] 
5610.598: [GC (Allocation Failure) [PSYoungGen: 422720K->90400K(465920K)] 1229455K->1062271K(1864192K), 0.1096213 secs] [Times: user=0.65 sys=0.00, real=0.11 secs] 
5611.808: [GC (Allocation Failure) [PSYoungGen: 323360K->154080K(465920K)] 1295231K->1209988K(1864192K), 0.0610795 secs] [Times: user=0.36 sys=0.00, real=0.06 secs] 
5614.567: [GC (Allocation Failure) [PSYoungGen: 387040K->101152K(465920K)] 1442948K->1310500K(1864192K), 0.0979537 secs] [Times: user=0.58 sys=0.00, real=0.10 secs] 
5614.665: [Full GC (Ergonomics) [PSYoungGen: 101152K->0K(465920K)] [ParOldGen: 1209348K->116729K(1398272K)] 1310500K->116729K(1864192K), [Metaspace: 59703K->59703K(1105920K)], 0.2647878 secs] [Times: user=1.22 sys=0.00, real=0.26 secs] 
5616.038: [GC (Allocation Failure) [PSYoungGen: 232960K->147456K(464896K)] 349689K->264185K(1863168K), 0.0527987 secs] [Times: user=0.31 sys=0.00, real=0.05 secs] 
5619.443: [GC (Allocation Failure) [PSYoungGen: 380416K->117056K(350208K)] 497145K->381129K(1748480K), 0.0992115 secs] [Times: user=0.59 sys=0.00, real=0.10 secs] 
5620.766: [GC (Allocation Failure) [PSYoungGen: 350016K->131040K(466944K)] 614089K->501970K(1865216K), 0.0613682 secs] [Times: user=0.37 sys=0.00, real=0.06 secs] 
5622.686: [GC (Allocation Failure) [PSYoungGen: 373728K->140000K(458752K)] 744658K->641738K(1857024K), 0.0636296 secs] [Times: user=0.38 sys=0.00, real=0.06 secs] 
5623.876: [GC (Allocation Failure) [PSYoungGen: 382688K->8288K(457728K)] 884426K->510202K(1856000K), 0.0041123 secs] [Times: user=0.02 sys=0.00, real=0.00 secs] 
5625.828: [GC (Allocation Failure) [PSYoungGen: 254560K->172544K(419328K)] 756474K->681292K(1817600K), 0.0354857 secs] [Times: user=0.21 sys=0.00, real=0.03 secs] 
5627.934: [GC (Allocation Failure) [PSYoungGen: 418816K->101472K(472576K)] 927564K->774204K(1870848K), 0.0790495 secs] [Times: user=0.47 sys=0.00, real=0.07 secs] 
5629.229: [GC (Allocation Failure) [PSYoungGen: 341088K->174016K(465920K)] 1013820K->944201K(1864192K), 0.0530916 secs] [Times: user=0.31 sys=0.00, real=0.05 secs] 
5632.602: [GC (Allocation Failure) [PSYoungGen: 413632K->91392K(468480K)] 1183817K->1034837K(1866752K), 0.1674231 secs] [Times: user=1.00 sys=0.00, real=0.17 secs] 
5633.095: [GC (Allocation Failure) [PSYoungGen: 326912K->181536K(465920K)] 1270357K->1210370K(1864192K), 0.0601794 secs] [Times: user=0.36 sys=0.00, real=0.06 secs] 
5636.349: [GC (Allocation Failure) [PSYoungGen: 417056K->85376K(465920K)] 1445890K->1295906K(1864192K), 0.1380323 secs] [Times: user=0.82 sys=0.00, real=0.14 secs] 
5636.487: [Full GC (Ergonomics) [PSYoungGen: 85376K->0K(465920K)] [ParOldGen: 1210530K->93224K(1398272K)] 1295906K->93224K(1864192K), [Metaspace: 59703K->59703K(1105920K)], 0.2263441 secs] [Times: user=1.05 sys=0.00, real=0.23 secs] 
5637.728: [GC (Allocation Failure) [PSYoungGen: 229546K->202592K(465920K)] 322770K->295816K(1864192K), 0.0494957 secs] [Times: user=0.29 sys=0.00, real=0.05 secs] 
5641.359: [GC (Allocation Failure) [PSYoungGen: 435552K->86240K(465920K)] 528776K->345276K(1864192K), 0.1158790 secs] [Times: user=0.69 sys=0.00, real=0.12 secs] 
5642.618: [GC (Allocation Failure) [PSYoungGen: 319200K->158464K(465920K)] 578236K->496505K(1864192K), 0.0594886 secs] [Times: user=0.35 sys=0.00, real=0.06 secs] 
5646.142: [GC (Allocation Failure) [PSYoungGen: 383251K->93664K(465920K)] 721293K->590389K(1864192K), 0.1046220 secs] [Times: user=0.62 sys=0.00, real=0.11 secs] 
5647.360: [GC (Allocation Failure) [PSYoungGen: 326624K->150688K(465920K)] 823349K->734032K(1864192K), 0.0599258 secs] [Times: user=0.36 sys=0.00, real=0.06 secs] 
5650.192: [GC (Allocation Failure) [PSYoungGen: 383648K->106432K(465920K)] 966992K->840640K(1864192K), 0.0934972 secs] [Times: user=0.56 sys=0.00, real=0.10 secs] 
5651.473: [GC (Allocation Failure) [PSYoungGen: 339392K->141728K(374784K)] 1073600K->971737K(1773056K), 0.0609183 secs] [Times: user=0.36 sys=0.00, real=0.07 secs] 
5652.434: [GC (Allocation Failure) [PSYoungGen: 374688K->144160K(465920K)] 1204697K->1116069K(1864192K), 0.0642341 secs] [Times: user=0.38 sys=0.00, real=0.07 secs] 
5653.615: [GC (Allocation Failure) [PSYoungGen: 381216K->3264K(461824K)] 1353125K->975273K(1860096K), 0.0029986 secs] [Times: user=0.02 sys=0.00, real=0.00 secs] 
5656.222: [GC (Allocation Failure) [PSYoungGen: 240320K->167520K(465920K)] 1212329K->1141214K(1864192K), 0.0320592 secs] [Times: user=0.18 sys=0.00, real=0.04 secs] 
5657.345: [GC (Allocation Failure) [PSYoungGen: 400480K->101184K(465920K)] 1374174K->1224842K(1864192K), 0.0683006 secs] [Times: user=0.41 sys=0.01, real=0.06 secs] 
5659.282: [GC (Allocation Failure) [PSYoungGen: 334144K->166624K(465920K)] 1457802K->1388847K(1864192K), 0.0530678 secs] [Times: user=0.31 sys=0.00, real=0.06 secs] 
5659.335: [Full GC (Ergonomics) [PSYoungGen: 166624K->0K(465920K)] [ParOldGen: 1222223K->192375K(1398272K)] 1388847K->192375K(1864192K), [Metaspace: 59703K->59703K(1105920K)], 0.4478939 secs] [Times: user=2.08 sys=0.00, real=0.44 secs] 
5660.819: [GC (Allocation Failure) [PSYoungGen: 232960K->97952K(465920K)] 425335K->290327K(1864192K), 0.0309801 secs] [Times: user=0.18 sys=0.00, real=0.03 secs] 
5663.106: [GC (Allocation Failure) [PSYoungGen: 315759K->158208K(465920K)] 508135K->444584K(1864192K), 0.0494294 secs] [Times: user=0.29 sys=0.00, real=0.05 secs] 
5665.156: [GC (Allocation Failure) [PSYoungGen: 391168K->95232K(328704K)] 677544K->530732K(1726976K), 0.1754586 secs] [Times: user=1.04 sys=0.01, real=0.17 secs] 
5667.595: [GC (Allocation Failure) [PSYoungGen: 314283K->156832K(460800K)] 749783K->683005K(1859072K), 0.0487438 secs] [Times: user=0.28 sys=0.00, real=0.05 secs] 
5669.170: [GC (Allocation Failure) [PSYoungGen: 387744K->94080K(462848K)] 913917K->768189K(1861120K), 0.1590522 secs] [Times: user=0.93 sys=0.01, real=0.16 secs] 
5671.287: [GC (Allocation Failure) [PSYoungGen: 324992K->165920K(458240K)] 999101K->929577K(1856512K), 0.0501832 secs] [Times: user=0.30 sys=0.00, real=0.05 secs] 
5673.388: [GC (Allocation Failure) [PSYoungGen: 397344K->89440K(463872K)] 1161001K->1018281K(1862144K), 0.1582653 secs] [Times: user=0.93 sys=0.01, real=0.16 secs] 
5674.944: [GC (Allocation Failure) [PSYoungGen: 320864K->167968K(461312K)] 1249705K->1181894K(1859584K), 0.0563858 secs] [Times: user=0.34 sys=0.00, real=0.05 secs] 
5677.640: [GC (Allocation Failure) [PSYoungGen: 398728K->83104K(465920K)] 1412654K->1264582K(1864192K), 0.1654446 secs] [Times: user=0.98 sys=0.01, real=0.17 secs] 
5677.805: [Full GC (Ergonomics) [PSYoungGen: 83104K->0K(465920K)] [ParOldGen: 1181478K->62774K(1398272K)] 1264582K->62774K(1864192K), [Metaspace: 59703K->59703K(1105920K)], 0.1941880 secs] [Times: user=0.90 sys=0.00, real=0.19 secs] 
5678.944: [GC (Allocation Failure) [PSYoungGen: 232960K->173504K(464384K)] 295734K->236278K(1862656K), 0.0346245 secs] [Times: user=0.21 sys=0.00, real=0.03 secs] 
5681.139: [GC (Allocation Failure) [PSYoungGen: 406464K->84544K(465920K)] 469238K->320958K(1864192K), 0.1126360 secs] [Times: user=0.67 sys=0.00, real=0.11 secs] 
5681.832: [GC (Allocation Failure) [PSYoungGen: 317504K->176448K(465920K)] 553918K->490827K(1864192K), 0.0846702 secs] [Times: user=0.50 sys=0.00, real=0.09 secs] 
5684.191: [GC (Allocation Failure) [PSYoungGen: 409408K->86784K(465920K)] 723787K->577719K(1864192K), 0.1152958 secs] [Times: user=0.69 sys=0.00, real=0.12 secs] 
5685.445: [GC (Allocation Failure) [PSYoungGen: 319744K->161920K(465920K)] 810679K->732512K(1864192K), 0.0622343 secs] [Times: user=0.37 sys=0.00, real=0.06 secs] 
5688.475: [GC (Allocation Failure) [PSYoungGen: 387124K->93120K(465920K)] 957717K->825664K(1864192K), 0.1068501 secs] [Times: user=0.64 sys=0.00, real=0.10 secs] 
5689.975: [GC (Allocation Failure) [PSYoungGen: 326080K->150880K(465920K)] 1058624K->970015K(1864192K), 0.0602423 secs] [Times: user=0.36 sys=0.00, real=0.06 secs] 
5692.450: [GC (Allocation Failure) [PSYoungGen: 383840K->102944K(336384K)] 1202975K->1072951K(1734656K), 0.0942606 secs] [Times: user=0.56 sys=0.00, real=0.10 secs] 
5693.685: [GC (Allocation Failure) [PSYoungGen: 335904K->145504K(463872K)] 1305911K->1207809K(1862144K), 0.0609305 secs] [Times: user=0.37 sys=0.00, real=0.06 secs] 
5695.415: [GC (Allocation Failure) [PSYoungGen: 381024K->125088K(360960K)] 1443329K->1332457K(1759232K), 0.0745766 secs] [Times: user=0.44 sys=0.00, real=0.07 secs] 
5695.490: [Full GC (Ergonomics) [PSYoungGen: 125088K->0K(360960K)] [ParOldGen: 1207369K->139100K(1398272K)] 1332457K->139100K(1759232K), [Metaspace: 59703K->59703K(1105920K)], 0.3241198 secs] [Times: user=1.48 sys=0.00, real=0.33 secs] 
5697.299: [GC (Allocation Failure) [PSYoungGen: 235520K->122848K(468992K)] 374620K->261948K(1867264K), 0.0439284 secs] [Times: user=0.27 sys=0.00, real=0.04 secs] 
5699.572: [GC (Allocation Failure) [PSYoungGen: 375776K->154752K(460800K)] 514876K->416444K(1859072K), 0.0621603 secs] [Times: user=0.37 sys=0.00, real=0.07 secs] 
5700.752: [GC (Allocation Failure) [PSYoungGen: 407680K->22464K(467968K)] 669372K->284532K(1866240K), 0.0056340 secs] [Times: user=0.02 sys=0.00, real=0.01 secs] 
5702.892: [GC (Allocation Failure) [PSYoungGen: 280000K->183008K(440832K)] 542068K->464649K(1839104K), 0.0433819 secs] [Times: user=0.25 sys=0.00, real=0.05 secs] 
5706.108: [GC (Allocation Failure) [PSYoungGen: 440544K->104928K(472064K)] 722185K->568905K(1870336K), 0.1461045 secs] [Times: user=0.87 sys=0.00, real=0.15 secs] 
5706.588: [GC (Allocation Failure) [PSYoungGen: 343139K->209568K(465920K)] 807116K->772474K(1864192K), 0.0613136 secs] [Times: user=0.37 sys=0.00, real=0.06 secs] 
5709.376: [GC (Allocation Failure) [PSYoungGen: 448672K->92352K(465920K)] 1011578K->830850K(1864192K), 0.1233950 secs] [Times: user=0.73 sys=0.00, real=0.12 secs] 
5711.533: [GC (Allocation Failure) [PSYoungGen: 325312K->152992K(465920K)] 1063810K->976543K(1864192K), 0.0610405 secs] [Times: user=0.36 sys=0.00, real=0.07 secs] 
5713.118: [GC (Allocation Failure) [PSYoungGen: 385952K->103776K(465920K)] 1209503K->1079995K(1864192K), 0.0958982 secs] [Times: user=0.56 sys=0.00, real=0.10 secs] 
5714.356: [GC (Allocation Failure) [PSYoungGen: 336736K->144960K(378368K)] 1312955K->1214122K(1776640K), 0.0623260 secs] [Times: user=0.37 sys=0.00, real=0.06 secs] 
5716.788: [GC (Allocation Failure) [PSYoungGen: 377920K->121536K(472064K)] 1447082K->1335034K(1870336K), 0.0856392 secs] [Times: user=0.50 sys=0.01, real=0.09 secs] 
5716.874: [Full GC (Ergonomics) [PSYoungGen: 121536K->0K(472064K)] [ParOldGen: 1213498K->135570K(1398272K)] 1335034K->135570K(1870336K), [Metaspace: 59703K->59703K(1105920K)], 0.3004842 secs] [Times: user=1.37 sys=0.00, real=0.30 secs] 
5718.290: [GC (Allocation Failure) [PSYoungGen: 241664K->127424K(369152K)] 377234K->262994K(1767424K), 0.0461375 secs] [Times: user=0.28 sys=0.00, real=0.05 secs] 
5720.786: [GC (Allocation Failure) [PSYoungGen: 369088K->164128K(454144K)] 504658K->426502K(1852416K), 0.0639668 secs] [Times: user=0.38 sys=0.00, real=0.06 secs] 
5721.943: [GC (Allocation Failure) [PSYoungGen: 405792K->15552K(459264K)] 668166K->277986K(1857536K), 0.0043427 secs] [Times: user=0.02 sys=0.00, real=0.01 secs] 
5725.282: [GC (Allocation Failure) [PSYoungGen: 257216K->169088K(461824K)] 519650K->444055K(1860096K), 0.0369801 secs] [Times: user=0.22 sys=0.00, real=0.04 secs] 
5727.082: [GC (Allocation Failure) [PSYoungGen: 402048K->96000K(465920K)] 677015K->530675K(1864192K), 0.1480902 secs] [Times: user=0.88 sys=0.00, real=0.15 secs] 
5728.518: [GC (Allocation Failure) [PSYoungGen: 328960K->184128K(462848K)] 763635K->711040K(1861120K), 0.0516758 secs] [Times: user=0.30 sys=0.00, real=0.05 secs] 
5730.958: [GC (Allocation Failure) [PSYoungGen: 417088K->88384K(465920K)] 944000K->782496K(1864192K), 0.1640115 secs] [Times: user=0.98 sys=0.00, real=0.16 secs] 
5732.037: [GC (Allocation Failure) [PSYoungGen: 321344K->170144K(465920K)] 1015456K->948681K(1864192K), 0.0548597 secs] [Times: user=0.32 sys=0.00, real=0.05 secs] 
5735.055: [GC (Allocation Failure) [PSYoungGen: 403104K->86336K(465920K)] 1181641K->1034793K(1864192K), 0.1691922 secs] [Times: user=1.01 sys=0.00, real=0.17 secs] 
5735.809: [GC (Allocation Failure) [PSYoungGen: 319296K->172928K(465920K)] 1267753K->1201896K(1864192K), 0.0575014 secs] [Times: user=0.34 sys=0.00, real=0.06 secs] 
5739.210: [GC (Allocation Failure) [PSYoungGen: 405888K->86400K(465920K)] 1434856K->1287688K(1864192K), 0.1300389 secs] [Times: user=0.77 sys=0.01, real=0.13 secs] 
5739.340: [Full GC (Ergonomics) [PSYoungGen: 86400K->0K(465920K)] [ParOldGen: 1201288K->85599K(1398272K)] 1287688K->85599K(1864192K), [Metaspace: 59703K->59703K(1105920K)], 0.2062606 secs] [Times: user=0.94 sys=0.00, real=0.21 secs] 
5739.898: [GC (Allocation Failure) [PSYoungGen: 232395K->207424K(465920K)] 317995K->293023K(1864192K), 0.0369321 secs] [Times: user=0.22 sys=0.00, real=0.04 secs] 
5743.120: [GC (Allocation Failure) [PSYoungGen: 440384K->84736K(465920K)] 525983K->343607K(1864192K), 0.1174535 secs] [Times: user=0.70 sys=0.00, real=0.12 secs] 
5744.366: [GC (Allocation Failure) [PSYoungGen: 317696K->160576K(465920K)] 576567K->497099K(1864192K), 0.0598819 secs] [Times: user=0.36 sys=0.00, real=0.06 secs] 
5746.610: [GC (Allocation Failure) [PSYoungGen: 385616K->93184K(465920K)] 722139K->590331K(1864192K), 0.1095559 secs] [Times: user=0.65 sys=0.00, real=0.11 secs] 
5747.874: [GC (Allocation Failure) [PSYoungGen: 326144K->150816K(465920K)] 823291K->734576K(1864192K), 0.0602946 secs] [Times: user=0.36 sys=0.00, real=0.06 secs] 
5750.421: [GC (Allocation Failure) [PSYoungGen: 383776K->103872K(465920K)] 967536K->838696K(1864192K), 0.0975995 secs] [Times: user=0.56 sys=0.01, real=0.10 secs] 
5751.662: [GC (Allocation Failure) [PSYoungGen: 336832K->144672K(465920K)] 1071656K->972175K(1864192K), 0.0608936 secs] [Times: user=0.36 sys=0.00, real=0.06 secs] 
5753.630: [GC (Allocation Failure) [PSYoungGen: 377632K->121408K(354816K)] 1205135K->1093759K(1753088K), 0.0836260 secs] [Times: user=0.49 sys=0.00, real=0.09 secs] 
5754.927: [GC (Allocation Failure) [PSYoungGen: 354368K->126848K(466944K)] 1326719K->1209804K(1865216K), 0.0628428 secs] [Times: user=0.37 sys=0.00, real=0.06 secs] 
5756.215: [GC (Allocation Failure) [PSYoungGen: 369024K->157472K(457728K)] 1451980K->1367440K(1856000K), 0.0595774 secs] [Times: user=0.36 sys=0.00, real=0.06 secs] 
5756.275: [Full GC (Ergonomics) [PSYoungGen: 157472K->0K(457728K)] [ParOldGen: 1209968K->171482K(1398272K)] 1367440K->171482K(1856000K), [Metaspace: 59703K->59703K(1105920K)], 0.3987070 secs] [Times: user=1.83 sys=0.00, real=0.40 secs] 
5757.743: [GC (Allocation Failure) [PSYoungGen: 242176K->104256K(479232K)] 413658K->275738K(1877504K), 0.0358357 secs] [Times: user=0.21 sys=0.00, real=0.04 secs] 
5760.432: [GC (Allocation Failure) [PSYoungGen: 366912K->201472K(464384K)] 538394K->474135K(1862656K), 0.0586399 secs] [Times: user=0.35 sys=0.00, real=0.06 secs] 
5763.689: [GC (Allocation Failure) [PSYoungGen: 464128K->106240K(471552K)] 736791K->563327K(1869824K), 0.1790784 secs] [Times: user=1.07 sys=0.00, real=0.18 secs] 
5764.146: [GC (Allocation Failure) [PSYoungGen: 345856K->181056K(420864K)] 802943K->738164K(1819136K), 0.0629946 secs] [Times: user=0.37 sys=0.00, real=0.06 secs] 
5766.867: [GC (Allocation Failure) [PSYoungGen: 420672K->90880K(465920K)] 977780K->828616K(1864192K), 0.1119052 secs] [Times: user=0.66 sys=0.00, real=0.11 secs] 
5768.136: [GC (Allocation Failure) [PSYoungGen: 323840K->153440K(386560K)] 1061576K->974981K(1784832K), 0.0604162 secs] [Times: user=0.36 sys=0.00, real=0.06 secs] 
5769.049: [GC (Allocation Failure) [PSYoungGen: 386400K->121984K(471552K)] 1207941K->1097189K(1869824K), 0.0786727 secs] [Times: user=0.47 sys=0.01, real=0.08 secs] 
5771.138: [GC (Allocation Failure) [PSYoungGen: 362112K->133952K(374272K)] 1337317K->1212404K(1772544K), 0.0619247 secs] [Times: user=0.37 sys=0.00, real=0.06 secs] 
5772.536: [GC (Allocation Failure) [PSYoungGen: 374080K->143200K(462848K)] 1452532K->1355740K(1861120K), 0.0623577 secs] [Times: user=0.37 sys=0.00, real=0.06 secs] 
5772.598: [Full GC (Ergonomics) [PSYoungGen: 143200K->0K(462848K)] [ParOldGen: 1212540K->157659K(1398272K)] 1355740K->157659K(1861120K), [Metaspace: 59703K->59703K(1105920K)], 0.3651757 secs] [Times: user=1.69 sys=0.00, real=0.37 secs] 
5775.422: [GC (Allocation Failure) [PSYoungGen: 247808K->109408K(458240K)] 405467K->267067K(1856512K), 0.0394665 secs] [Times: user=0.23 sys=0.00, real=0.04 secs] 
5778.170: [GC (Allocation Failure) [PSYoungGen: 357216K->179328K(471040K)] 514875K->445064K(1869312K), 0.0583361 secs] [Times: user=0.35 sys=0.01, real=0.06 secs] 
5780.325: [GC (Allocation Failure) [PSYoungGen: 440140K->121664K(480768K)] 705876K->549216K(1879040K), 0.1756294 secs] [Times: user=1.04 sys=0.01, real=0.17 secs] 
5781.153: [GC (Allocation Failure) [PSYoungGen: 385344K->211936K(444928K)] 812896K->772349K(1843200K), 0.0653879 secs] [Times: user=0.39 sys=0.01, real=0.07 secs] 
5784.495: [GC (Allocation Failure) [PSYoungGen: 444896K->82048K(465920K)] 1005309K->821397K(1864192K), 0.1332192 secs] [Times: user=0.79 sys=0.00, real=0.13 secs] 
5785.635: [GC (Allocation Failure) [PSYoungGen: 311456K->199392K(465920K)] 1050805K->1014689K(1864192K), 0.0676290 secs] [Times: user=0.41 sys=0.00, real=0.06 secs] 
5788.506: [GC (Allocation Failure) [PSYoungGen: 432352K->89632K(465920K)] 1247649K->1066977K(1864192K), 0.1196971 secs] [Times: user=0.71 sys=0.00, real=0.12 secs] 
5789.758: [GC (Allocation Failure) [PSYoungGen: 322592K->155776K(465920K)] 1299937K->1215555K(1864192K), 0.0610429 secs] [Times: user=0.37 sys=0.00, real=0.06 secs] 
5792.515: [GC (Allocation Failure) [PSYoungGen: 388736K->112064K(465920K)] 1448515K->1327667K(1864192K), 0.0918323 secs] [Times: user=0.55 sys=0.00, real=0.09 secs] 
5792.607: [Full GC (Ergonomics) [PSYoungGen: 112064K->0K(465920K)] [ParOldGen: 1215603K->118942K(1398272K)] 1327667K->118942K(1864192K), [Metaspace: 59703K->59703K(1105920K)], 0.2595051 secs] [Times: user=1.16 sys=0.00, real=0.26 secs] 
5793.964: [GC (Allocation Failure) [PSYoungGen: 232960K->145216K(465920K)] 351902K->264158K(1864192K), 0.0533681 secs] [Times: user=0.32 sys=0.00, real=0.05 secs] 
5796.260: [GC (Allocation Failure) [PSYoungGen: 378176K->120800K(465920K)] 497118K->384470K(1864192K), 0.0904033 secs] [Times: user=0.54 sys=0.00, real=0.09 secs] 
5797.470: [GC (Allocation Failure) [PSYoungGen: 353760K->127456K(465920K)] 617430K->501515K(1864192K), 0.0617524 secs] [Times: user=0.37 sys=0.00, real=0.06 secs] 
5798.940: [GC (Allocation Failure) [PSYoungGen: 360416K->139552K(372736K)] 734475K->640667K(1771008K), 0.0646792 secs] [Times: user=0.38 sys=0.01, real=0.07 secs] 
5800.239: [GC (Allocation Failure) [PSYoungGen: 372512K->3424K(461824K)] 873627K->504571K(1860096K), 0.0025791 secs] [Times: user=0.02 sys=0.00, real=0.00 secs] 
5802.947: [GC (Allocation Failure) [PSYoungGen: 234336K->154400K(463872K)] 735483K->657096K(1862144K), 0.0305010 secs] [Times: user=0.18 sys=0.00, real=0.03 secs] 
5805.445: [GC (Allocation Failure) [PSYoungGen: 385312K->99328K(465920K)] 888008K->747536K(1864192K), 0.0738324 secs] [Times: user=0.37 sys=0.00, real=0.07 secs] 
5807.605: [GC (Allocation Failure) [PSYoungGen: 332288K->161152K(465920K)] 980496K->907413K(1864192K), 0.0526994 secs] [Times: user=0.31 sys=0.00, real=0.05 secs] 
5808.919: [GC (Allocation Failure) [PSYoungGen: 394112K->97792K(465920K)] 1140373K->996077K(1864192K), 0.0676408 secs] [Times: user=0.40 sys=0.00, real=0.07 secs] 
5810.713: [GC (Allocation Failure) [PSYoungGen: 330441K->168320K(465920K)] 1228726K->1161329K(1864192K), 0.0520876 secs] [Times: user=0.31 sys=0.00, real=0.06 secs] 
5812.163: [GC (Allocation Failure) [PSYoungGen: 401280K->95072K(465920K)] 1394289K->1247590K(1864192K), 0.0727552 secs] [Times: user=0.43 sys=0.00, real=0.08 secs] 
5813.783: [GC (Allocation Failure) [PSYoungGen: 328032K->167936K(465920K)] 1480550K->1411590K(1864192K), 0.0507194 secs] [Times: user=0.30 sys=0.00, real=0.05 secs] 
5813.833: [Full GC (Ergonomics) [PSYoungGen: 167936K->0K(465920K)] [ParOldGen: 1243654K->208557K(1398272K)] 1411590K->208557K(1864192K), [Metaspace: 59703K->59703K(1105920K)], 0.4879947 secs] [Times: user=2.27 sys=0.00, real=0.49 secs] 
5816.604: [GC (Allocation Failure) [PSYoungGen: 232960K->89792K(465920K)] 441517K->298349K(1864192K), 0.1617037 secs] [Times: user=0.95 sys=0.01, real=0.16 secs] 
5817.842: [GC (Allocation Failure) [PSYoungGen: 322752K->170080K(465920K)] 531309K->463906K(1864192K), 0.0551927 secs] [Times: user=0.33 sys=0.00, real=0.06 secs] 
5820.824: [GC (Allocation Failure) [PSYoungGen: 403040K->83552K(465920K)] 696866K->546974K(1864192K), 0.1326113 secs] [Times: user=0.79 sys=0.00, real=0.13 secs] 
5821.494: [GC (Allocation Failure) [PSYoungGen: 316512K->178400K(465920K)] 779934K->719243K(1864192K), 0.0909505 secs] [Times: user=0.55 sys=0.00, real=0.09 secs] 
5824.666: [GC (Allocation Failure) [PSYoungGen: 411360K->84896K(465920K)] 952203K->804351K(1864192K), 0.1199257 secs] [Times: user=0.71 sys=0.01, real=0.12 secs] 
5825.582: [GC (Allocation Failure) [PSYoungGen: 316269K->204832K(465920K)] 1035724K->1002214K(1864192K), 0.0692403 secs] [Times: user=0.41 sys=0.00, real=0.07 secs] 
5828.440: [GC (Allocation Failure) [PSYoungGen: 437792K->88320K(465920K)] 1235174K->1056574K(1864192K), 0.1131358 secs] [Times: user=0.68 sys=0.00, real=0.11 secs] 
5829.668: [GC (Allocation Failure) [PSYoungGen: 321280K->155936K(465920K)] 1289534K->1205879K(1864192K), 0.0604384 secs] [Times: user=0.36 sys=0.00, real=0.06 secs] 
5832.094: [GC (Allocation Failure) [PSYoungGen: 388896K->102240K(465920K)] 1438839K->1308135K(1864192K), 0.1014546 secs] [Times: user=0.60 sys=0.00, real=0.10 secs] 
5832.195: [Full GC (Ergonomics) [PSYoungGen: 102240K->0K(465920K)] [ParOldGen: 1205895K->116841K(1398272K)] 1308135K->116841K(1864192K), [Metaspace: 59703K->59703K(1105920K)], 0.2719445 secs] [Times: user=1.26 sys=0.00, real=0.27 secs] 
5833.575: [GC (Allocation Failure) [PSYoungGen: 232960K->146560K(465920K)] 349801K->263402K(1864192K), 0.0526673 secs] [Times: user=0.31 sys=0.00, real=0.05 secs] 
5836.056: [GC (Allocation Failure) [PSYoungGen: 379520K->115552K(463872K)] 496362K->379062K(1862144K), 0.0932304 secs] [Times: user=0.55 sys=0.00, real=0.09 secs] 
5837.287: [GC (Allocation Failure) [PSYoungGen: 348512K->133184K(366592K)] 612022K->501525K(1764864K), 0.0623720 secs] [Times: user=0.36 sys=0.00, real=0.06 secs] 
5840.310: [GC (Allocation Failure) [PSYoungGen: 366144K->131904K(467456K)] 734485K->633037K(1865728K), 0.0742128 secs] [Times: user=0.44 sys=0.00, real=0.08 secs] 
5841.526: [GC (Allocation Failure) [PSYoungGen: 376640K->3456K(458752K)] 877773K->504677K(1857024K), 0.0035108 secs] [Times: user=0.01 sys=0.00, real=0.00 secs] 
5842.929: [GC (Allocation Failure) [PSYoungGen: 248192K->168096K(460288K)] 749413K->671346K(1858560K), 0.0335030 secs] [Times: user=0.19 sys=0.00, real=0.03 secs] 
5845.749: [GC (Allocation Failure) [PSYoungGen: 401056K->97632K(465920K)] 904306K->759870K(1864192K), 0.0704391 secs] [Times: user=0.41 sys=0.01, real=0.07 secs] 
5847.711: [GC (Allocation Failure) [PSYoungGen: 330592K->171392K(461312K)] 992830K->929007K(1859584K), 0.0528259 secs] [Times: user=0.31 sys=0.00, real=0.06 secs] 
5849.012: [GC (Allocation Failure) [PSYoungGen: 404352K->101120K(465920K)] 1161967K->1012723K(1864192K), 0.1079162 secs] [Times: user=0.64 sys=0.01, real=0.11 secs] 
5850.973: [GC (Allocation Failure) [PSYoungGen: 334080K->162944K(462336K)] 1245683K->1171808K(1860608K), 0.0523832 secs] [Times: user=0.31 sys=0.00, real=0.06 secs] 
5853.383: [GC (Allocation Failure) [PSYoungGen: 395904K->92384K(325632K)] 1404768K->1263104K(1723904K), 0.1720754 secs] [Times: user=1.02 sys=0.01, real=0.18 secs] 
5853.555: [Full GC (Ergonomics) [PSYoungGen: 92384K->0K(325632K)] [ParOldGen: 1170720K->60583K(1398272K)] 1263104K->60583K(1723904K), [Metaspace: 59705K->59705K(1105920K)], 0.1693567 secs] [Times: user=0.80 sys=0.00, real=0.17 secs] 
5854.407: [GC (Allocation Failure) [PSYoungGen: 232960K->170528K(461312K)] 293543K->231111K(1859584K), 0.0350007 secs] [Times: user=0.20 sys=0.00, real=0.03 secs] 
5857.096: [GC (Allocation Failure) [PSYoungGen: 402976K->85216K(465408K)] 463559K->316095K(1863680K), 0.1748104 secs] [Times: user=1.03 sys=0.01, real=0.17 secs] 
5857.659: [GC (Allocation Failure) [PSYoungGen: 317664K->178368K(465408K)] 548543K->488040K(1863680K), 0.0574897 secs] [Times: user=0.34 sys=0.00, real=0.06 secs] 
5861.617: [GC (Allocation Failure) [PSYoungGen: 411328K->81728K(465920K)] 721000K->569936K(1864192K), 0.1362281 secs] [Times: user=0.82 sys=0.00, real=0.14 secs] 
5862.341: [GC (Allocation Failure) [PSYoungGen: 314688K->194656K(465920K)] 802896K->758669K(1864192K), 0.0609560 secs] [Times: user=0.36 sys=0.01, real=0.06 secs] 
5864.907: [GC (Allocation Failure) [PSYoungGen: 427616K->93600K(465920K)] 991629K->827517K(1864192K), 0.0919412 secs] [Times: user=0.55 sys=0.00, real=0.09 secs] 
5866.744: [GC (Allocation Failure) [PSYoungGen: 326560K->151136K(465920K)] 1060477K->971580K(1864192K), 0.0606879 secs] [Times: user=0.36 sys=0.00, real=0.06 secs] 
5870.044: [GC (Allocation Failure) [PSYoungGen: 378622K->93600K(465920K)] 1199066K->1064972K(1864192K), 0.0961707 secs] [Times: user=0.57 sys=0.00, real=0.10 secs] 
5871.257: [GC (Allocation Failure) [PSYoungGen: 326560K->151040K(465920K)] 1297932K->1209029K(1864192K), 0.0606545 secs] [Times: user=0.36 sys=0.00, real=0.06 secs] 
5872.844: [GC (Allocation Failure) [PSYoungGen: 384000K->116160K(349184K)] 1441989K->1324973K(1747456K), 0.0880161 secs] [Times: user=0.52 sys=0.00, real=0.08 secs] 
5872.932: [Full GC (Ergonomics) [PSYoungGen: 116160K->0K(349184K)] [ParOldGen: 1208813K->122501K(1398272K)] 1324973K->122501K(1747456K), [Metaspace: 59705K->59705K(1105920K)], 0.2723864 secs] [Times: user=1.23 sys=0.00, real=0.28 secs] 
5874.669: [GC (Allocation Failure) [PSYoungGen: 232960K->141216K(466432K)] 355461K->263717K(1864704K), 0.0494791 secs] [Times: user=0.29 sys=0.00, real=0.05 secs] 
5876.237: [GC (Allocation Failure) [PSYoungGen: 379296K->143968K(461312K)] 501797K->407617K(1859584K), 0.0845403 secs] [Times: user=0.50 sys=0.00, real=0.08 secs] 
5877.491: [GC (Allocation Failure) [PSYoungGen: 382048K->2720K(453120K)] 645697K->266437K(1851392K), 0.0020038 secs] [Times: user=0.01 sys=0.00, real=0.00 secs] 
5879.790: [GC (Allocation Failure) [PSYoungGen: 236704K->157312K(391680K)] 500421K->422322K(1789952K), 0.0306239 secs] [Times: user=0.18 sys=0.00, real=0.03 secs] 
5881.082: [GC (Allocation Failure) [PSYoungGen: 391296K->99008K(471040K)] 656306K->512530K(1869312K), 0.0671472 secs] [Times: user=0.40 sys=0.00, real=0.07 secs] 
5883.486: [GC (Allocation Failure) [PSYoungGen: 337088K->169056K(465920K)] 750610K->679151K(1864192K), 0.0523393 secs] [Times: user=0.31 sys=0.00, real=0.05 secs] 
5884.981: [GC (Allocation Failure) [PSYoungGen: 407136K->97152K(466944K)] 917231K->767495K(1865216K), 0.1190918 secs] [Times: user=0.71 sys=0.00, real=0.12 secs] 
5886.982: [GC (Allocation Failure) [PSYoungGen: 334208K->169600K(465920K)] 1004551K->933076K(1864192K), 0.0523966 secs] [Times: user=0.31 sys=0.00, real=0.06 secs] 
5889.537: [GC (Allocation Failure) [PSYoungGen: 406656K->90208K(467456K)] 1170132K->1022916K(1865728K), 0.1685541 secs] [Times: user=1.01 sys=0.00, real=0.17 secs] 
5891.008: [GC (Allocation Failure) [PSYoungGen: 324704K->174560K(465920K)] 1257412K->1193017K(1864192K), 0.0574931 secs] [Times: user=0.35 sys=0.00, real=0.06 secs] 
5894.520: [GC (Allocation Failure) [PSYoungGen: 409056K->79520K(465920K)] 1427513K->1272785K(1864192K), 0.1785464 secs] [Times: user=1.07 sys=0.00, real=0.18 secs] 
5894.699: [Full GC (Ergonomics) [PSYoungGen: 79520K->0K(465920K)] [ParOldGen: 1193265K->69900K(1398272K)] 1272785K->69900K(1864192K), [Metaspace: 59705K->59705K(1105920K)], 0.1922095 secs] [Times: user=0.91 sys=0.00, real=0.19 secs] 
5895.362: [GC (Allocation Failure) [PSYoungGen: 232960K->179296K(465920K)] 302860K->249196K(1864192K), 0.0382064 secs] [Times: user=0.22 sys=0.00, real=0.04 secs] 
5898.162: [GC (Allocation Failure) [PSYoungGen: 412256K->92544K(465920K)] 482156K->341964K(1864192K), 0.1467233 secs] [Times: user=0.87 sys=0.00, real=0.15 secs] 
5899.466: [GC (Allocation Failure) [PSYoungGen: 325504K->191200K(465920K)] 574924K->521841K(1864192K), 0.0644280 secs] [Times: user=0.38 sys=0.01, real=0.06 secs] 
5902.557: [GC (Allocation Failure) [PSYoungGen: 424160K->89216K(465920K)] 754801K->586641K(1864192K), 0.1110824 secs] [Times: user=0.66 sys=0.00, real=0.11 secs] 
5903.784: [GC (Allocation Failure) [PSYoungGen: 322176K->155296K(465920K)] 819601K->735230K(1864192K), 0.0601186 secs] [Times: user=0.36 sys=0.00, real=0.06 secs] 
5906.283: [GC (Allocation Failure) [PSYoungGen: 388256K->99904K(465920K)] 968190K->835206K(1864192K), 0.1040797 secs] [Times: user=0.62 sys=0.01, real=0.11 secs] 
5907.573: [GC (Allocation Failure) [PSYoungGen: 332864K->149056K(465920K)] 1068166K->973177K(1864192K), 0.0605437 secs] [Times: user=0.36 sys=0.00, real=0.06 secs] 
5909.681: [GC (Allocation Failure) [PSYoungGen: 382016K->119872K(455680K)] 1206137K->1092777K(1853952K), 0.0801189 secs] [Times: user=0.48 sys=0.00, real=0.08 secs] 
5910.894: [GC (Allocation Failure) [PSYoungGen: 352832K->127968K(460800K)] 1325737K->1210414K(1859072K), 0.0622177 secs] [Times: user=0.37 sys=0.00, real=0.07 secs] 
5913.825: [GC (Allocation Failure) [PSYoungGen: 360928K->134528K(462336K)] 1443374K->1345038K(1860608K), 0.0687514 secs] [Times: user=0.41 sys=0.00, real=0.07 secs] 
5913.894: [Full GC (Ergonomics) [PSYoungGen: 134528K->0K(462336K)] [ParOldGen: 1210510K->149017K(1398272K)] 1345038K->149017K(1860608K), [Metaspace: 59705K->59705K(1105920K)], 0.3428189 secs] [Times: user=1.58 sys=0.00, real=0.34 secs] 
5915.352: [GC (Allocation Failure) [PSYoungGen: 252928K->121888K(464384K)] 401945K->270905K(1862656K), 0.0421976 secs] [Times: user=0.25 sys=0.00, real=0.05 secs] 
5917.635: [GC (Allocation Failure) [PSYoungGen: 374816K->176512K(472064K)] 523833K->445590K(1870336K), 0.0625694 secs] [Times: user=0.37 sys=0.00, real=0.06 secs] 
5919.762: [GC (Allocation Failure) [PSYoungGen: 444288K->116320K(482304K)] 713366K->552958K(1880576K), 0.1621837 secs] [Times: user=0.96 sys=0.01, real=0.17 secs] 
5921.194: [GC (Allocation Failure) [PSYoungGen: 381691K->209376K(442368K)] 818330K->776219K(1840640K), 0.0908135 secs] [Times: user=0.45 sys=0.07, real=0.10 secs] 
5924.000: [GC (Allocation Failure) [PSYoungGen: 442336K->91616K(465920K)] 1009179K->830875K(1864192K), 0.1055105 secs] [Times: user=0.63 sys=0.00, real=0.11 secs] 
5925.213: [GC (Allocation Failure) [PSYoungGen: 324576K->152288K(465920K)] 1063835K->976842K(1864192K), 0.0603812 secs] [Times: user=0.36 sys=0.00, real=0.06 secs] 
5927.577: [GC (Allocation Failure) [PSYoungGen: 385248K->102880K(465920K)] 1209802K->1079890K(1864192K), 0.0991670 secs] [Times: user=0.59 sys=0.00, real=0.10 secs] 
5928.872: [GC (Allocation Failure) [PSYoungGen: 335840K->146592K(465920K)] 1312850K->1215423K(1864192K), 0.0610569 secs] [Times: user=0.36 sys=0.00, real=0.06 secs] 
5932.019: [GC (Allocation Failure) [PSYoungGen: 379552K->115840K(465920K)] 1448383K->1331051K(1864192K), 0.0883729 secs] [Times: user=0.52 sys=0.01, real=0.09 secs] 
5932.107: [Full GC (Ergonomics) [PSYoungGen: 115840K->0K(465920K)] [ParOldGen: 1215211K->129955K(1398272K)] 1331051K->129955K(1864192K), [Metaspace: 59705K->59705K(1105920K)], 0.2887751 secs] [Times: user=1.32 sys=0.00, real=0.29 secs] 
5933.529: [GC (Allocation Failure) [PSYoungGen: 232960K->132736K(465920K)] 362915K->262691K(1864192K), 0.0463695 secs] [Times: user=0.28 sys=0.00, real=0.05 secs] 
5935.021: [GC (Allocation Failure) [PSYoungGen: 365696K->137248K(370688K)] 495651K->399983K(1768960K), 0.0790323 secs] [Times: user=0.47 sys=0.00, real=0.08 secs] 
5936.210: [GC (Allocation Failure) [PSYoungGen: 370208K->3056K(452608K)] 632943K->266063K(1850880K), 0.0037476 secs] [Times: user=0.02 sys=0.00, real=0.01 secs] 
5939.526: [GC (Allocation Failure) [PSYoungGen: 229360K->143552K(459264K)] 492367K->407748K(1857536K), 0.0336349 secs] [Times: user=0.20 sys=0.00, real=0.03 secs] 
5940.659: [GC (Allocation Failure) [PSYoungGen: 369856K->106336K(457728K)] 634052K->504700K(1856000K), 0.0672071 secs] [Times: user=0.40 sys=0.00, real=0.07 secs] 
5942.931: [GC (Allocation Failure) [PSYoungGen: 339296K->156160K(461824K)] 737660K->659632K(1860096K), 0.0550552 secs] [Times: user=0.33 sys=0.00, real=0.06 secs] 
5944.253: [GC (Allocation Failure) [PSYoungGen: 389120K->101952K(459776K)] 892592K->752253K(1858048K), 0.0681148 secs] [Times: user=0.41 sys=0.00, real=0.07 secs] 
5946.542: [GC (Allocation Failure) [PSYoungGen: 342080K->170496K(464384K)] 992381K->920481K(1862656K), 0.0538901 secs] [Times: user=0.32 sys=0.00, real=0.06 secs] 
5948.295: [GC (Allocation Failure) [PSYoungGen: 410624K->100416K(469504K)] 1160609K->1012181K(1867776K), 0.1538007 secs] [Times: user=0.91 sys=0.00, real=0.15 secs] 
5950.266: [GC (Allocation Failure) [PSYoungGen: 342592K->174496K(416768K)] 1254357K->1182602K(1815040K), 0.0534647 secs] [Times: user=0.32 sys=0.00, real=0.05 secs] 
5952.539: [GC (Allocation Failure) [PSYoungGen: 416672K->90976K(468480K)] 1424778K->1273158K(1866752K), 0.1798350 secs] [Times: user=1.07 sys=0.00, real=0.18 secs] 
5952.719: [Full GC (Ergonomics) [PSYoungGen: 90976K->0K(468480K)] [ParOldGen: 1182182K->70338K(1398272K)] 1273158K->70338K(1866752K), [Metaspace: 59705K->59705K(1105920K)], 0.1881439 secs] [Times: user=0.88 sys=0.01, real=0.19 secs] 
5953.292: [GC (Allocation Failure) [PSYoungGen: 235520K->180704K(465920K)] 305858K->251042K(1864192K), 0.0469307 secs] [Times: user=0.28 sys=0.00, real=0.05 secs] 
5955.764: [GC (Allocation Failure) [PSYoungGen: 416224K->88160K(465920K)] 486562K->339534K(1864192K), 0.1367832 secs] [Times: user=0.81 sys=0.00, real=0.13 secs] 
5957.168: [GC (Allocation Failure) [PSYoungGen: 317134K->199392K(465920K)] 568509K->532795K(1864192K), 0.0616875 secs] [Times: user=0.36 sys=0.01, real=0.06 secs] 
5960.005: [GC (Allocation Failure) [PSYoungGen: 432352K->89120K(465920K)] 765755K->586979K(1864192K), 0.1085781 secs] [Times: user=0.65 sys=0.00, real=0.10 secs] 
5961.434: [GC (Allocation Failure) [PSYoungGen: 322080K->154944K(465920K)] 819939K->735418K(1864192K), 0.0597203 secs] [Times: user=0.35 sys=0.00, real=0.06 secs] 
5962.675: [GC (Allocation Failure) [PSYoungGen: 387904K->104032K(465920K)] 968378K->839290K(1864192K), 0.1005419 secs] [Times: user=0.60 sys=0.00, real=0.10 secs] 
5964.509: [GC (Allocation Failure) [PSYoungGen: 336992K->144640K(465920K)] 1072250K->973007K(1864192K), 0.0606843 secs] [Times: user=0.36 sys=0.00, real=0.06 secs] 
5966.004: [GC (Allocation Failure) [PSYoungGen: 377600K->120896K(450560K)] 1205967K->1094047K(1848832K), 0.0704427 secs] [Times: user=0.42 sys=0.00, real=0.07 secs] 
5968.031: [GC (Allocation Failure) [PSYoungGen: 353856K->127776K(458240K)] 1327007K->1211112K(1856512K), 0.0619705 secs] [Times: user=0.37 sys=0.00, real=0.06 secs] 
5969.797: [GC (Allocation Failure) [PSYoungGen: 360736K->133952K(460288K)] 1444072K->1344808K(1858560K), 0.0575106 secs] [Times: user=0.34 sys=0.00, real=0.06 secs] 
5969.855: [Full GC (Ergonomics) [PSYoungGen: 133952K->0K(460288K)] [ParOldGen: 1210856K->148504K(1398272K)] 1344808K->148504K(1858560K), [Metaspace: 59705K->59705K(1105920K)], 0.3391133 secs] [Times: user=1.55 sys=0.00, real=0.34 secs] 
5971.307: [GC (Allocation Failure) [PSYoungGen: 257024K->124960K(466432K)] 405528K->273464K(1864704K), 0.0420485 secs] [Times: user=0.24 sys=0.00, real=0.04 secs] 
5973.372: [GC (Allocation Failure) [PSYoungGen: 374612K->174176K(478208K)] 523117K->445281K(1876480K), 0.0624002 secs] [Times: user=0.37 sys=0.00, real=0.07 secs] 
5976.659: [GC (Allocation Failure) [PSYoungGen: 450144K->121984K(487424K)] 721249K->558349K(1885696K), 0.1851099 secs] [Times: user=1.10 sys=0.01, real=0.19 secs] 
5978.192: [GC (Allocation Failure) [PSYoungGen: 397952K->186880K(467456K)] 834317K->738506K(1865728K), 0.0664664 secs] [Times: user=0.39 sys=0.00, real=0.07 secs] 
5979.974: [GC (Allocation Failure) [PSYoungGen: 448512K->139776K(480256K)] 1000138K->878298K(1878528K), 0.0881364 secs] [Times: user=0.48 sys=0.00, real=0.08 secs] 
5981.457: [GC (Allocation Failure) [PSYoungGen: 401408K->6912K(457216K)] 1139930K->745482K(1855488K), 0.0027225 secs] [Times: user=0.01 sys=0.00, real=0.00 secs] 
5983.682: [GC (Allocation Failure) [PSYoungGen: 253184K->177408K(423936K)] 991754K->920903K(1822208K), 0.0357077 secs] [Times: user=0.21 sys=0.00, real=0.04 secs] 
5985.822: [GC (Allocation Failure) [PSYoungGen: 423680K->97952K(468480K)] 1167175K->1010399K(1866752K), 0.1490195 secs] [Times: user=0.88 sys=0.00, real=0.15 secs] 
5987.674: [GC (Allocation Failure) [PSYoungGen: 333472K->169472K(465920K)] 1245919K->1175771K(1864192K), 0.0516279 secs] [Times: user=0.31 sys=0.00, real=0.05 secs] 
5990.352: [GC (Allocation Failure) [PSYoungGen: 401311K->87424K(465920K)] 1407611K->1262875K(1864192K), 0.1486608 secs] [Times: user=0.88 sys=0.01, real=0.15 secs] 
5990.500: [Full GC (Ergonomics) [PSYoungGen: 87424K->0K(465920K)] [ParOldGen: 1175451K->62895K(1398272K)] 1262875K->62895K(1864192K), [Metaspace: 59705K->59705K(1105920K)], 0.1657683 secs] [Times: user=0.76 sys=0.00, real=0.17 secs] 
5992.037: [GC (Allocation Failure) [PSYoungGen: 232960K->166304K(465920K)] 295855K->229199K(1864192K), 0.0335652 secs] [Times: user=0.20 sys=0.00, real=0.03 secs] 
5994.873: [GC (Allocation Failure) [PSYoungGen: 399264K->88928K(465920K)] 462159K->317927K(1864192K), 0.1637831 secs] [Times: user=0.98 sys=0.00, real=0.17 secs] 
5995.354: [GC (Allocation Failure) [PSYoungGen: 321888K->177760K(465920K)] 550887K->485668K(1864192K), 0.0588873 secs] [Times: user=0.35 sys=0.00, real=0.05 secs] 
5999.401: [GC (Allocation Failure) [PSYoungGen: 410720K->81024K(465920K)] 718628K->566908K(1864192K), 0.1565226 secs] [Times: user=0.93 sys=0.00, real=0.16 secs] 
5999.962: [GC (Allocation Failure) [PSYoungGen: 312831K->207008K(465920K)] 798716K->767577K(1864192K), 0.0565473 secs] [Times: user=0.34 sys=0.00, real=0.06 secs] 
6002.069: [GC (Allocation Failure) [PSYoungGen: 439968K->89920K(465920K)] 1000537K->823589K(1864192K), 0.1247596 secs] [Times: user=0.74 sys=0.01, real=0.12 secs] 
6004.487: [GC (Allocation Failure) [PSYoungGen: 322880K->154912K(465920K)] 1056549K->971268K(1864192K), 0.0601257 secs] [Times: user=0.35 sys=0.00, real=0.06 secs] 
6006.949: [GC (Allocation Failure) [PSYoungGen: 380978K->93312K(465920K)] 1197335K->1064812K(1864192K), 0.1081989 secs] [Times: user=0.64 sys=0.00, real=0.11 secs] 
6008.213: [GC (Allocation Failure) [PSYoungGen: 326272K->150624K(465920K)] 1297772K->1208697K(1864192K), 0.0603754 secs] [Times: user=0.36 sys=0.00, real=0.07 secs] 
6011.751: [GC (Allocation Failure) [PSYoungGen: 383584K->106080K(465920K)] 1441657K->1314961K(1864192K), 0.0947648 secs] [Times: user=0.56 sys=0.00, real=0.10 secs] 
6011.846: [Full GC (Ergonomics) [PSYoungGen: 106080K->0K(465920K)] [ParOldGen: 1208881K->120641K(1398272K)] 1314961K->120641K(1864192K), [Metaspace: 59705K->59705K(1105920K)], 0.2766504 secs] [Times: user=1.28 sys=0.00, real=0.27 secs] 
6013.191: [GC (Allocation Failure) [PSYoungGen: 232960K->142144K(375296K)] 353601K->262785K(1773568K), 0.0505188 secs] [Times: user=0.30 sys=0.00, real=0.05 secs] 
6014.816: [GC (Allocation Failure) [PSYoungGen: 375104K->130464K(472064K)] 495745K->393401K(1870336K), 0.0731386 secs] [Times: user=0.44 sys=0.01, real=0.07 secs] 
6017.532: [GC (Allocation Failure) [PSYoungGen: 373152K->2656K(462336K)] 636089K->265625K(1860608K), 0.0018647 secs] [Times: user=0.01 sys=0.00, real=0.01 secs] 
6019.870: [GC (Allocation Failure) [PSYoungGen: 245344K->157728K(464896K)] 508313K->422116K(1863168K), 0.0309838 secs] [Times: user=0.19 sys=0.00, real=0.03 secs] 
6021.562: [GC (Allocation Failure) [PSYoungGen: 390688K->101888K(335360K)] 655076K->514529K(1733632K), 0.0668253 secs] [Times: user=0.40 sys=0.00, real=0.07 secs] 
6023.831: [GC (Allocation Failure) [PSYoungGen: 334848K->165856K(455680K)] 747489K->678162K(1853952K), 0.0530115 secs] [Times: user=0.32 sys=0.00, real=0.06 secs] 
6025.067: [GC (Allocation Failure) [PSYoungGen: 394208K->97984K(461312K)] 906514K->767166K(1859584K), 0.0696874 secs] [Times: user=0.42 sys=0.00, real=0.07 secs] 
6027.682: [GC (Allocation Failure) [PSYoungGen: 321914K->159872K(462336K)] 991097K->923299K(1860608K), 0.0509779 secs] [Times: user=0.30 sys=0.00, real=0.05 secs] 
6028.881: [GC (Allocation Failure) [PSYoungGen: 394880K->97760K(465920K)] 1158307K->1012247K(1864192K), 0.0690509 secs] [Times: user=0.40 sys=0.01, real=0.07 secs] 
6030.540: [GC (Allocation Failure) [PSYoungGen: 332768K->169120K(458752K)] 1247255K->1177772K(1857024K), 0.0520986 secs] [Times: user=0.31 sys=0.00, real=0.05 secs] 
6033.089: [GC (Allocation Failure) [PSYoungGen: 402592K->86784K(465920K)] 1411244K->1264304K(1864192K), 0.1701449 secs] [Times: user=1.02 sys=0.00, real=0.17 secs] 
6033.259: [Full GC (Ergonomics) [PSYoungGen: 86784K->0K(465920K)] [ParOldGen: 1177520K->62147K(1398272K)] 1264304K->62147K(1864192K), [Metaspace: 59706K->59706K(1105920K)], 0.1702125 secs] [Times: user=0.79 sys=0.00, real=0.17 secs] 
6034.367: [GC (Allocation Failure) [PSYoungGen: 233472K->168800K(461312K)] 295619K->230947K(1859584K), 0.0338095 secs] [Times: user=0.21 sys=0.00, real=0.03 secs] 
6038.343: [GC (Allocation Failure) [PSYoungGen: 401760K->82560K(465920K)] 463907K->312835K(1864192K), 0.1734335 secs] [Times: user=1.03 sys=0.00, real=0.18 secs] 
6039.458: [GC (Allocation Failure) [PSYoungGen: 315520K->189760K(464896K)] 545795K->496412K(1863168K), 0.0564734 secs] [Times: user=0.33 sys=0.00, real=0.06 secs] 
6042.282: [GC (Allocation Failure) [PSYoungGen: 422720K->88416K(465920K)] 729372K->567788K(1864192K), 0.1552782 secs] [Times: user=0.93 sys=0.00, real=0.16 secs] 
6042.752: [GC (Allocation Failure) [PSYoungGen: 321376K->206592K(465920K)] 800748K->768352K(1864192K), 0.0590461 secs] [Times: user=0.35 sys=0.00, real=0.06 secs] 
6044.948: [GC (Allocation Failure) [PSYoungGen: 439552K->89568K(465920K)] 1001312K->824287K(1864192K), 0.1082492 secs] [Times: user=0.64 sys=0.00, real=0.11 secs] 
6046.164: [GC (Allocation Failure) [PSYoungGen: 322528K->155392K(465920K)] 1057247K->973124K(1864192K), 0.0604154 secs] [Times: user=0.36 sys=0.00, real=0.06 secs] 
6048.408: [GC (Allocation Failure) [PSYoungGen: 388352K->103680K(465920K)] 1206084K->1076112K(1864192K), 0.0961245 secs] [Times: user=0.57 sys=0.00, real=0.10 secs] 
6049.723: [GC (Allocation Failure) [PSYoungGen: 336640K->144896K(465920K)] 1309072K->1210305K(1864192K), 0.0610935 secs] [Times: user=0.37 sys=0.00, real=0.07 secs] 
6052.820: [GC (Allocation Failure) [PSYoungGen: 377856K->120096K(353280K)] 1443265K->1330273K(1751552K), 0.0878992 secs] [Times: user=0.52 sys=0.00, real=0.09 secs] 
6052.908: [Full GC (Ergonomics) [PSYoungGen: 120096K->0K(353280K)] [ParOldGen: 1210177K->135132K(1398272K)] 1330273K->135132K(1751552K), [Metaspace: 59706K->59706K(1105920K)], 0.3042829 secs] [Times: user=1.40 sys=0.00, real=0.30 secs] 
6054.307: [GC (Allocation Failure) [PSYoungGen: 232960K->127616K(472576K)] 368092K->262748K(1870848K), 0.0448807 secs] [Times: user=0.26 sys=0.00, real=0.04 secs] 
6056.565: [GC (Allocation Failure) [PSYoungGen: 370304K->143008K(462848K)] 505436K->405600K(1861120K), 0.0690122 secs] [Times: user=0.41 sys=0.00, real=0.06 secs] 
6057.754: [GC (Allocation Failure) [PSYoungGen: 385696K->9216K(452608K)] 648288K->271864K(1850880K), 0.0029038 secs] [Times: user=0.01 sys=0.01, real=0.00 secs] 
6059.415: [GC (Allocation Failure) [PSYoungGen: 245760K->166240K(464896K)] 508408K->435749K(1863168K), 0.0341680 secs] [Times: user=0.20 sys=0.00, real=0.03 secs] 
6061.100: [GC (Allocation Failure) [PSYoungGen: 402784K->103552K(463872K)] 672293K->529917K(1862144K), 0.0688822 secs] [Times: user=0.41 sys=0.00, real=0.07 secs] 
6062.608: [GC (Allocation Failure) [PSYoungGen: 341120K->170496K(464896K)] 767485K->695054K(1863168K), 0.0531333 secs] [Times: user=0.32 sys=0.00, real=0.05 secs] 
6065.724: [GC (Allocation Failure) [PSYoungGen: 408064K->90112K(468480K)] 932622K->784750K(1866752K), 0.1768413 secs] [Times: user=1.05 sys=0.00, real=0.17 secs] 
6067.346: [GC (Allocation Failure) [PSYoungGen: 325632K->168352K(465920K)] 1020270K->949319K(1864192K), 0.1135516 secs] [Times: user=0.68 sys=0.00, real=0.11 secs] 
6070.852: [GC (Allocation Failure) [PSYoungGen: 403872K->87776K(466944K)] 1184839K->1036567K(1865216K), 0.1372489 secs] [Times: user=0.82 sys=0.00, real=0.14 secs] 
6071.531: [GC (Allocation Failure) [PSYoungGen: 321760K->177088K(465920K)] 1270551K->1207496K(1864192K), 0.0581883 secs] [Times: user=0.35 sys=0.00, real=0.06 secs] 
6073.781: [GC (Allocation Failure) [PSYoungGen: 411072K->87968K(465920K)] 1441480K->1295160K(1864192K), 0.1261098 secs] [Times: user=0.74 sys=0.00, real=0.13 secs] 
6073.908: [Full GC (Ergonomics) [PSYoungGen: 87968K->0K(465920K)] [ParOldGen: 1207192K->93478K(1398272K)] 1295160K->93478K(1864192K), [Metaspace: 59706K->59706K(1105920K)], 0.2287080 secs] [Times: user=1.05 sys=0.01, real=0.23 secs] 
6075.075: [GC (Allocation Failure) [PSYoungGen: 232960K->191104K(465920K)] 326438K->284582K(1864192K), 0.0478991 secs] [Times: user=0.27 sys=0.01, real=0.04 secs] 
6077.148: [GC (Allocation Failure) [PSYoungGen: 421505K->93056K(465920K)] 514984K->352858K(1864192K), 0.0958288 secs] [Times: user=0.57 sys=0.00, real=0.10 secs] 
6078.374: [GC (Allocation Failure) [PSYoungGen: 326016K->151008K(465920K)] 585818K->497343K(1864192K), 0.0598199 secs] [Times: user=0.36 sys=0.00, real=0.06 secs] 
6081.021: [GC (Allocation Failure) [PSYoungGen: 383968K->102464K(465920K)] 730303K->599695K(1864192K), 0.0960200 secs] [Times: user=0.57 sys=0.00, real=0.10 secs] 
6082.314: [GC (Allocation Failure) [PSYoungGen: 335424K->145632K(378880K)] 832655K->734868K(1777152K), 0.0610800 secs] [Times: user=0.37 sys=0.00, real=0.06 secs] 
6083.557: [GC (Allocation Failure) [PSYoungGen: 378592K->121472K(473088K)] 967828K->856492K(1871360K), 0.0826818 secs] [Times: user=0.50 sys=0.00, real=0.08 secs] 
6084.807: [GC (Allocation Failure) [PSYoungGen: 363136K->1440K(464384K)] 1098156K->736780K(1862656K), 0.0035619 secs] [Times: user=0.02 sys=0.00, real=0.00 secs] 
6086.835: [GC (Allocation Failure) [PSYoungGen: 243104K->158592K(465920K)] 978444K->894513K(1864192K), 0.0317034 secs] [Times: user=0.18 sys=0.00, real=0.03 secs] 
6088.029: [GC (Allocation Failure) [PSYoungGen: 391552K->12992K(465920K)] 1127473K->749041K(1864192K), 0.0042870 secs] [Times: user=0.02 sys=0.00, real=0.01 secs] 
6091.208: [GC (Allocation Failure) [PSYoungGen: 245952K->162304K(465920K)] 982001K->908877K(1864192K), 0.0351116 secs] [Times: user=0.21 sys=0.00, real=0.03 secs] 
6092.356: [GC (Allocation Failure) [PSYoungGen: 395264K->98464K(465920K)] 1141837K->998357K(1864192K), 0.0696697 secs] [Times: user=0.41 sys=0.00, real=0.07 secs] 
6094.869: [GC (Allocation Failure) [PSYoungGen: 326108K->161312K(465920K)] 1226002K->1156778K(1864192K), 0.0528082 secs] [Times: user=0.32 sys=0.00, real=0.05 secs] 
6096.241: [GC (Allocation Failure) [PSYoungGen: 394272K->93984K(465920K)] 1389738K->1242190K(1864192K), 0.0714733 secs] [Times: user=0.42 sys=0.00, real=0.07 secs] 
6096.313: [Full GC (Ergonomics) [PSYoungGen: 93984K->0K(465920K)] [ParOldGen: 1148206K->43241K(1398272K)] 1242190K->43241K(1864192K), [Metaspace: 59706K->59706K(1105920K)], 0.0822255 secs] [Times: user=0.32 sys=0.00, real=0.09 secs] 
6098.309: [GC (Allocation Failure) [PSYoungGen: 220574K->157344K(465920K)] 263816K->200586K(1864192K), 0.0312475 secs] [Times: user=0.18 sys=0.00, real=0.03 secs] 
6099.552: [GC (Allocation Failure) [PSYoungGen: 390304K->97408K(330752K)] 433546K->289134K(1729024K), 0.0666128 secs] [Times: user=0.40 sys=0.00, real=0.07 secs] 
6102.042: [GC (Allocation Failure) [PSYoungGen: 314571K->153504K(463872K)] 506297K->438750K(1862144K), 0.0482555 secs] [Times: user=0.29 sys=0.00, real=0.05 secs] 
6103.220: [GC (Allocation Failure) [PSYoungGen: 385440K->97952K(330240K)] 670686K->527798K(1728512K), 0.0748046 secs] [Times: user=0.42 sys=0.00, real=0.08 secs] 
6105.644: [GC (Allocation Failure) [PSYoungGen: 318210K->153472K(458240K)] 748057K->677579K(1856512K), 0.0490913 secs] [Times: user=0.29 sys=0.00, real=0.04 secs] 
6106.866: [GC (Allocation Failure) [PSYoungGen: 385408K->98336K(460288K)] 909515K->766743K(1858560K), 0.0682353 secs] [Times: user=0.41 sys=0.00, real=0.07 secs] 
6108.507: [GC (Allocation Failure) [PSYoungGen: 330272K->169088K(458752K)] 998679K->932140K(1857024K), 0.0521427 secs] [Times: user=0.31 sys=0.01, real=0.05 secs] 
6111.630: [GC (Allocation Failure) [PSYoungGen: 405632K->87936K(466432K)] 1168684K->1019996K(1864704K), 0.1845344 secs] [Times: user=1.10 sys=0.00, real=0.19 secs] 
6112.781: [GC (Allocation Failure) [PSYoungGen: 324480K->172960K(458752K)] 1256540K->1188525K(1857024K), 0.0571785 secs] [Times: user=0.34 sys=0.00, real=0.06 secs] 
6115.778: [GC (Allocation Failure) [PSYoungGen: 405920K->82720K(465920K)] 1421485K->1271053K(1864192K), 0.1584357 secs] [Times: user=0.94 sys=0.00, real=0.16 secs] 
6115.936: [Full GC (Ergonomics) [PSYoungGen: 82720K->0K(465920K)] [ParOldGen: 1188333K->75298K(1398272K)] 1271053K->75298K(1864192K), [Metaspace: 59706K->59706K(1105920K)], 0.1930101 secs] [Times: user=0.89 sys=0.00, real=0.19 secs] 
6116.545: [GC (Allocation Failure) [PSYoungGen: 232960K->176512K(463872K)] 308258K->251810K(1862144K), 0.0381044 secs] [Times: user=0.22 sys=0.00, real=0.03 secs] 
6119.236: [GC (Allocation Failure) [PSYoungGen: 409472K->83488K(465920K)] 484770K->335186K(1864192K), 0.1372131 secs] [Times: user=0.82 sys=0.00, real=0.13 secs] 
6121.305: [GC (Allocation Failure) [PSYoungGen: 316448K->209440K(465920K)] 568146K->537665K(1864192K), 0.0637740 secs] [Times: user=0.38 sys=0.00, real=0.06 secs] 
6122.482: [GC (Allocation Failure) [PSYoungGen: 441472K->93216K(465920K)] 769697K->590001K(1864192K), 0.0841226 secs] [Times: user=0.49 sys=0.00, real=0.09 secs] 
6124.131: [GC (Allocation Failure) [PSYoungGen: 326176K->151136K(465920K)] 822961K->734482K(1864192K), 0.0603229 secs] [Times: user=0.36 sys=0.00, real=0.06 secs] 
6125.751: [GC (Allocation Failure) [PSYoungGen: 384096K->109280K(465920K)] 967442K->843498K(1864192K), 0.0904491 secs] [Times: user=0.53 sys=0.00, real=0.09 secs] 
6128.040: [GC (Allocation Failure) [PSYoungGen: 342240K->139328K(464896K)] 1076458K->972331K(1863168K), 0.0616417 secs] [Times: user=0.37 sys=0.00, real=0.06 secs] 
6131.051: [GC (Allocation Failure) [PSYoungGen: 372288K->118016K(351232K)] 1205291K->1090207K(1749504K), 0.0741451 secs] [Times: user=0.44 sys=0.00, real=0.08 secs] 
6132.250: [GC (Allocation Failure) [PSYoungGen: 350976K->130208K(467968K)] 1323167K->1209892K(1866240K), 0.0623720 secs] [Times: user=0.37 sys=0.00, real=0.06 secs] 
6134.274: [GC (Allocation Failure) [PSYoungGen: 373920K->141504K(458752K)] 1453604K->1351456K(1857024K), 0.0735462 secs] [Times: user=0.44 sys=0.00, real=0.07 secs] 
6134.348: [Full GC (Ergonomics) [PSYoungGen: 141504K->0K(458752K)] [ParOldGen: 1209952K->155523K(1398272K)] 1351456K->155523K(1857024K), [Metaspace: 59707K->59707K(1105920K)], 0.3551747 secs] [Times: user=1.62 sys=0.00, real=0.35 secs] 
6135.883: [GC (Allocation Failure) [PSYoungGen: 243712K->115936K(476672K)] 399235K->271459K(1874944K), 0.0398897 secs] [Times: user=0.24 sys=0.00, real=0.04 secs] 
6137.215: [GC (Allocation Failure) [PSYoungGen: 381152K->186880K(471040K)] 536675K->456768K(1869312K), 0.0624302 secs] [Times: user=0.37 sys=0.00, real=0.06 secs] 
6140.628: [GC (Allocation Failure) [PSYoungGen: 452096K->106208K(482816K)] 721984K->562304K(1881088K), 0.1293365 secs] [Times: user=0.77 sys=0.00, real=0.13 secs] 
6143.087: [GC (Allocation Failure) [PSYoungGen: 366242K->216032K(479232K)] 822338K->773917K(1877504K), 0.0670972 secs] [Times: user=0.40 sys=0.00, real=0.07 secs] 
6144.226: [GC (Allocation Failure) [PSYoungGen: 479200K->118304K(452608K)] 1037085K->857673K(1850880K), 0.1226280 secs] [Times: user=0.72 sys=0.00, real=0.12 secs] 
6146.494: [GC (Allocation Failure) [PSYoungGen: 351264K->129504K(465920K)] 1090633K->976717K(1864192K), 0.0618583 secs] [Times: user=0.37 sys=0.01, real=0.06 secs] 
6147.630: [GC (Allocation Failure) [PSYoungGen: 362464K->136192K(465920K)] 1209677K->1112989K(1864192K), 0.0621106 secs] [Times: user=0.36 sys=0.00, real=0.06 secs] 
6150.082: [GC (Allocation Failure) [PSYoungGen: 369152K->2048K(465920K)] 1345949K->978897K(1864192K), 0.0028383 secs] [Times: user=0.02 sys=0.00, real=0.01 secs] 
6151.497: [GC (Allocation Failure) [PSYoungGen: 235008K->147168K(465920K)] 1211857K->1124946K(1864192K), 0.0294875 secs] [Times: user=0.18 sys=0.00, real=0.03 secs] 
6153.367: [GC (Allocation Failure) [PSYoungGen: 380128K->4288K(465920K)] 1357906K->982314K(1864192K), 0.0037657 secs] [Times: user=0.02 sys=0.00, real=0.00 secs] 
6154.849: [GC (Allocation Failure) [PSYoungGen: 237248K->162080K(465920K)] 1215274K->1142715K(1864192K), 0.0324676 secs] [Times: user=0.19 sys=0.00, real=0.03 secs] 
6157.219: [GC (Allocation Failure) [PSYoungGen: 395040K->96832K(465920K)] 1375675K->1230999K(1864192K), 0.0676989 secs] [Times: user=0.41 sys=0.00, real=0.07 secs] 
6157.957: [GC (Allocation Failure) [PSYoungGen: 329792K->170432K(465920K)] 1463959K->1399208K(1864192K), 0.0523782 secs] [Times: user=0.31 sys=0.00, real=0.05 secs] 
6158.009: [Full GC (Ergonomics) [PSYoungGen: 170432K->0K(465920K)] [ParOldGen: 1228776K->196316K(1398272K)] 1399208K->196316K(1864192K), [Metaspace: 59707K->59707K(1105920K)], 0.4587777 secs] [Times: user=2.12 sys=0.00, real=0.46 secs] 
6159.485: [GC (Allocation Failure) [PSYoungGen: 232960K->92768K(465920K)] 429276K->289084K(1864192K), 0.0293920 secs] [Times: user=0.17 sys=0.00, real=0.03 secs] 
6162.166: [GC (Allocation Failure) [PSYoungGen: 325728K->169696K(465920K)] 522044K->454520K(1864192K), 0.0490660 secs] [Times: user=0.29 sys=0.00, real=0.05 secs] 
6164.630: [GC (Allocation Failure) [PSYoungGen: 402656K->89696K(465920K)] 687480K->543769K(1864192K), 0.1744456 secs] [Times: user=0.97 sys=0.01, real=0.18 secs] 
6165.808: [GC (Allocation Failure) [PSYoungGen: 322656K->171360K(465920K)] 776729K->711316K(1864192K), 0.0560941 secs] [Times: user=0.34 sys=0.00, real=0.06 secs] 
6168.001: [GC (Allocation Failure) [PSYoungGen: 404320K->91776K(465920K)] 944276K->803204K(1864192K), 0.1571238 secs] [Times: user=0.93 sys=0.00, real=0.16 secs] 
6169.813: [GC (Allocation Failure) [PSYoungGen: 324736K->167424K(465920K)] 1036164K->964349K(1864192K), 0.0948307 secs] [Times: user=0.55 sys=0.01, real=0.10 secs] 
6171.310: [GC (Allocation Failure) [PSYoungGen: 400384K->95808K(465920K)] 1197309K->1060125K(1864192K), 0.0901086 secs] [Times: user=0.53 sys=0.00, real=0.09 secs] 
6173.526: [GC (Allocation Failure) [PSYoungGen: 326157K->195296K(465920K)] 1290474K->1249065K(1864192K), 0.0628278 secs] [Times: user=0.38 sys=0.00, real=0.06 secs] 
6174.664: [GC (Allocation Failure) [PSYoungGen: 427727K->93152K(465920K)] 1481497K->1307353K(1864192K), 0.1087394 secs] [Times: user=0.64 sys=0.01, real=0.10 secs] 
6174.773: [Full GC (Ergonomics) [PSYoungGen: 93152K->0K(465920K)] [ParOldGen: 1214201K->107218K(1398272K)] 1307353K->107218K(1864192K), [Metaspace: 59707K->59707K(1105920K)], 0.2585243 secs] [Times: user=1.14 sys=0.00, real=0.26 secs] 
6177.694: [GC (Allocation Failure) [PSYoungGen: 232960K->150752K(465920K)] 340178K->257970K(1864192K), 0.0428093 secs] [Times: user=0.25 sys=0.00, real=0.05 secs] 
6179.773: [GC (Allocation Failure) [PSYoungGen: 383712K->99104K(465920K)] 490930K->357306K(1864192K), 0.0990548 secs] [Times: user=0.59 sys=0.00, real=0.10 secs] 
6181.617: [GC (Allocation Failure) [PSYoungGen: 332064K->149504K(465920K)] 590266K->495641K(1864192K), 0.0600011 secs] [Times: user=0.35 sys=0.00, real=0.06 secs] 
6182.503: [GC (Allocation Failure) [PSYoungGen: 382464K->121024K(354304K)] 728601K->616893K(1752576K), 0.0872229 secs] [Times: user=0.52 sys=0.01, real=0.09 secs] 
6184.988: [GC (Allocation Failure) [PSYoungGen: 353984K->127552K(473088K)] 849853K->733464K(1871360K), 0.0617764 secs] [Times: user=0.37 sys=0.00, real=0.06 secs] 
6185.814: [GC (Allocation Failure) [PSYoungGen: 370240K->152096K(463360K)] 976152K->885680K(1861632K), 0.0585546 secs] [Times: user=0.35 sys=0.00, real=0.05 secs] 
6187.231: [GC (Allocation Failure) [PSYoungGen: 394784K->10432K(456192K)] 1128368K->744088K(1854464K), 0.0037531 secs] [Times: user=0.02 sys=0.00, real=0.01 secs] 
6189.087: [GC (Allocation Failure) [PSYoungGen: 246464K->168544K(404992K)] 980120K->910217K(1803264K), 0.0355467 secs] [Times: user=0.20 sys=0.00, real=0.03 secs] 
6190.244: [GC (Allocation Failure) [PSYoungGen: 404576K->98528K(467456K)] 1146249K->999521K(1865728K), 0.0704679 secs] [Times: user=0.42 sys=0.01, real=0.07 secs] 
6192.871: [GC (Allocation Failure) [PSYoungGen: 333024K->171200K(465920K)] 1234017K->1166922K(1864192K), 0.0530843 secs] [Times: user=0.32 sys=0.00, real=0.06 secs] 
6195.338: [GC (Allocation Failure) [PSYoungGen: 405696K->90752K(465920K)] 1401418K->1257402K(1864192K), 0.1832146 secs] [Times: user=1.04 sys=0.00, real=0.18 secs] 
6195.521: [Full GC (Ergonomics) [PSYoungGen: 90752K->0K(465920K)] [ParOldGen: 1166650K->61895K(1398272K)] 1257402K->61895K(1864192K), [Metaspace: 59709K->59709K(1105920K)], 0.1686811 secs] [Times: user=0.71 sys=0.00, real=0.17 secs] 
6196.767: [GC (Allocation Failure) [PSYoungGen: 232960K->168192K(465920K)] 294855K->230087K(1864192K), 0.0338047 secs] [Times: user=0.20 sys=0.00, real=0.03 secs] 
6200.655: [GC (Allocation Failure) [PSYoungGen: 401152K->82240K(465920K)] 463047K->312195K(1864192K), 0.1659316 secs] [Times: user=0.99 sys=0.00, real=0.16 secs] 
6201.878: [GC (Allocation Failure) [PSYoungGen: 315200K->179328K(465920K)] 545155K->485308K(1864192K), 0.0576936 secs] [Times: user=0.34 sys=0.00, real=0.06 secs] 
6205.311: [GC (Allocation Failure) [PSYoungGen: 412288K->82400K(465920K)] 718268K->567924K(1864192K), 0.1423665 secs] [Times: user=0.85 sys=0.00, real=0.15 secs] 
6205.915: [GC (Allocation Failure) [PSYoungGen: 314609K->205824K(465920K)] 800134K->767197K(1864192K), 0.0569143 secs] [Times: user=0.34 sys=0.00, real=0.05 secs] 
6209.770: [GC (Allocation Failure) [PSYoungGen: 438784K->84128K(465920K)] 1000157K->817769K(1864192K), 0.1211491 secs] [Times: user=0.72 sys=0.00, real=0.12 secs] 
6211.042: [GC (Allocation Failure) [PSYoungGen: 317088K->159936K(465920K)] 1050729K->971038K(1864192K), 0.0595407 secs] [Times: user=0.36 sys=0.00, real=0.06 secs] 
6214.833: [GC (Allocation Failure) [PSYoungGen: 389724K->93312K(465920K)] 1200827K->1064318K(1864192K), 0.1083432 secs] [Times: user=0.63 sys=0.01, real=0.11 secs] 
6216.082: [GC (Allocation Failure) [PSYoungGen: 326272K->151744K(465920K)] 1297278K->1209315K(1864192K), 0.0616645 secs] [Times: user=0.36 sys=0.00, real=0.07 secs] 
6218.402: [GC (Allocation Failure) [PSYoungGen: 384704K->105568K(465920K)] 1442275K->1314155K(1864192K), 0.0932765 secs] [Times: user=0.55 sys=0.01, real=0.10 secs] 
6218.496: [Full GC (Ergonomics) [PSYoungGen: 105568K->0K(465920K)] [ParOldGen: 1208587K->120694K(1398272K)] 1314155K->120694K(1864192K), [Metaspace: 59709K->59709K(1105920K)], 0.2686235 secs] [Times: user=1.22 sys=0.00, real=0.27 secs] 
6220.160: [GC (Allocation Failure) [PSYoungGen: 232960K->142816K(465920K)] 353654K->263510K(1864192K), 0.0505432 secs] [Times: user=0.30 sys=0.00, real=0.05 secs] 
6223.090: [GC (Allocation Failure) [PSYoungGen: 375776K->115200K(449536K)] 496470K->378614K(1847808K), 0.0944064 secs] [Times: user=0.56 sys=0.00, real=0.10 secs] 
6224.334: [GC (Allocation Failure) [PSYoungGen: 348160K->133440K(457728K)] 611574K->501219K(1856000K), 0.0617852 secs] [Times: user=0.37 sys=0.00, real=0.06 secs] 
6226.164: [GC (Allocation Failure) [PSYoungGen: 366400K->132288K(458752K)] 734179K->633299K(1857024K), 0.0664044 secs] [Times: user=0.37 sys=0.00, real=0.06 secs] 
6228.009: [GC (Allocation Failure) [PSYoungGen: 388800K->8416K(466944K)] 889811K->509591K(1865216K), 0.0048458 secs] [Times: user=0.03 sys=0.00, real=0.00 secs] 
6229.263: [GC (Allocation Failure) [PSYoungGen: 255943K->176384K(455168K)] 757119K->684260K(1853440K), 0.0362537 secs] [Times: user=0.21 sys=0.00, real=0.04 secs] 
6230.810: [GC (Allocation Failure) [PSYoungGen: 409344K->94464K(465920K)] 917220K->769780K(1864192K), 0.0720833 secs] [Times: user=0.43 sys=0.00, real=0.07 secs] 
6232.765: [GC (Allocation Failure) [PSYoungGen: 312114K->156640K(465920K)] 987430K->922929K(1864192K), 0.0499513 secs] [Times: user=0.30 sys=0.00, real=0.05 secs] 
6235.234: [GC (Allocation Failure) [PSYoungGen: 394720K->99232K(337408K)] 1161009K->1012889K(1735680K), 0.1115181 secs] [Times: user=0.66 sys=0.00, real=0.11 secs] 
6235.753: [GC (Allocation Failure) [PSYoungGen: 337312K->174368K(455168K)] 1250969K->1182886K(1853440K), 0.0527349 secs] [Times: user=0.31 sys=0.00, real=0.06 secs] 
6237.905: [GC (Allocation Failure) [PSYoungGen: 405792K->87424K(464384K)] 1414310K->1269998K(1862656K), 0.1779060 secs] [Times: user=1.06 sys=0.00, real=0.17 secs] 
6238.083: [Full GC (Ergonomics) [PSYoungGen: 87424K->0K(464384K)] [ParOldGen: 1182574K->68026K(1398272K)] 1269998K->68026K(1862656K), [Metaspace: 59711K->59711K(1105920K)], 0.1734348 secs] [Times: user=0.80 sys=0.00, real=0.18 secs] 
6239.234: [GC (Allocation Failure) [PSYoungGen: 231424K->176832K(462336K)] 299450K->244858K(1860608K), 0.0385578 secs] [Times: user=0.22 sys=0.00, real=0.04 secs] 
6243.054: [GC (Allocation Failure) [PSYoungGen: 409792K->81984K(465920K)] 477818K->326954K(1864192K), 0.1589794 secs] [Times: user=0.95 sys=0.00, real=0.15 secs] 
6243.499: [GC (Allocation Failure) [PSYoungGen: 314944K->176192K(465920K)] 559914K->497019K(1864192K), 0.0574385 secs] [Times: user=0.34 sys=0.00, real=0.06 secs] 
6246.737: [GC (Allocation Failure) [PSYoungGen: 409152K->85760K(465920K)] 729979K->582747K(1864192K), 0.1448703 secs] [Times: user=0.75 sys=0.00, real=0.14 secs] 
6248.000: [GC (Allocation Failure) [PSYoungGen: 318720K->163520K(465920K)] 815707K->735594K(1864192K), 0.0606995 secs] [Times: user=0.36 sys=0.00, real=0.06 secs] 
6249.958: [GC (Allocation Failure) [PSYoungGen: 394161K->93856K(465920K)] 966235K->829634K(1864192K), 0.0973777 secs] [Times: user=0.58 sys=0.00, real=0.10 secs] 
6251.683: [GC (Allocation Failure) [PSYoungGen: 326816K->150976K(465920K)] 1062594K->973287K(1864192K), 0.0601938 secs] [Times: user=0.36 sys=0.00, real=0.06 secs] 
6254.297: [GC (Allocation Failure) [PSYoungGen: 383936K->101760K(334848K)] 1206247K->1074911K(1733120K), 0.0976866 secs] [Times: user=0.58 sys=0.00, real=0.10 secs] 
6255.566: [GC (Allocation Failure) [PSYoungGen: 334720K->147008K(464896K)] 1307871K->1210768K(1863168K), 0.0608656 secs] [Times: user=0.36 sys=0.00, real=0.06 secs] 
6256.756: [GC (Allocation Failure) [PSYoungGen: 382528K->139360K(462336K)] 1446288K->1350224K(1860608K), 0.0752821 secs] [Times: user=0.45 sys=0.00, real=0.07 secs] 
6256.831: [Full GC (Ergonomics) [PSYoungGen: 139360K->0K(462336K)] [ParOldGen: 1210864K->146204K(1398272K)] 1350224K->146204K(1860608K), [Metaspace: 59711K->59711K(1105920K)], 0.3397928 secs] [Times: user=1.47 sys=0.00, real=0.34 secs] 
6258.698: [GC (Allocation Failure) [PSYoungGen: 235520K->116608K(464384K)] 381724K->262812K(1862656K), 0.0411193 secs] [Times: user=0.24 sys=0.00, real=0.04 secs] 
6260.314: [GC (Allocation Failure) [PSYoungGen: 366976K->164160K(464384K)] 513180K->426876K(1862656K), 0.0609172 secs] [Times: user=0.37 sys=0.00, real=0.06 secs] 
6261.786: [GC (Allocation Failure) [PSYoungGen: 414528K->28384K(462336K)] 677244K->291116K(1860608K), 0.0090778 secs] [Times: user=0.05 sys=0.00, real=0.01 secs] 
6264.667: [GC (Allocation Failure) [PSYoungGen: 256416K->160064K(403456K)] 519149K->445361K(1801728K), 0.0377143 secs] [Times: user=0.22 sys=0.00, real=0.04 secs] 
6266.594: [GC (Allocation Failure) [PSYoungGen: 403264K->103616K(474112K)] 688561K->540061K(1872384K), 0.1801237 secs] [Times: user=1.06 sys=0.02, real=0.18 secs] 
6267.712: [GC (Allocation Failure) [PSYoungGen: 345792K->174880K(417280K)] 782237K->711444K(1815552K), 0.0536776 secs] [Times: user=0.32 sys=0.00, real=0.06 secs] 
6270.583: [GC (Allocation Failure) [PSYoungGen: 417056K->92768K(469504K)] 953620K->803396K(1867776K), 0.1896916 secs] [Times: user=1.13 sys=0.01, real=0.19 secs] 
6271.063: [GC (Allocation Failure) [PSYoungGen: 329312K->176160K(465920K)] 1039940K->973206K(1864192K), 0.0594652 secs] [Times: user=0.36 sys=0.00, real=0.06 secs] 
6274.206: [GC (Allocation Failure) [PSYoungGen: 412704K->93536K(465920K)] 1209750K->1065854K(1864192K), 0.1130556 secs] [Times: user=0.68 sys=0.00, real=0.11 secs] 
6275.408: [GC (Allocation Failure) [PSYoungGen: 321660K->193600K(465920K)] 1293978K->1253485K(1864192K), 0.0692958 secs] [Times: user=0.42 sys=0.00, real=0.07 secs] 
6278.020: [GC (Allocation Failure) [PSYoungGen: 424294K->93184K(465920K)] 1484180K->1309597K(1864192K), 0.1078464 secs] [Times: user=0.64 sys=0.00, real=0.11 secs] 
6278.128: [Full GC (Ergonomics) [PSYoungGen: 93184K->0K(465920K)] [ParOldGen: 1216413K->108276K(1398272K)] 1309597K->108276K(1864192K), [Metaspace: 59711K->59711K(1105920K)], 0.2498794 secs] [Times: user=1.14 sys=0.00, real=0.25 secs] 
6279.478: [GC (Allocation Failure) [PSYoungGen: 232960K->150560K(465920K)] 341236K->258836K(1864192K), 0.0427825 secs] [Times: user=0.25 sys=0.00, real=0.04 secs] 
6281.831: [GC (Allocation Failure) [PSYoungGen: 383520K->123104K(459776K)] 491796K->382156K(1858048K), 0.0907130 secs] [Times: user=0.54 sys=0.00, real=0.09 secs] 
6283.057: [GC (Allocation Failure) [PSYoungGen: 356064K->141824K(462848K)] 615116K->497073K(1861120K), 0.0607879 secs] [Times: user=0.36 sys=0.00, real=0.06 secs] 
6285.646: [GC (Allocation Failure) [PSYoungGen: 374784K->120416K(457216K)] 730033K->617273K(1855488K), 0.0843696 secs] [Times: user=0.50 sys=0.00, real=0.08 secs] 
6287.035: [GC (Allocation Failure) [PSYoungGen: 365152K->1856K(461824K)] 862009K->498737K(1860096K), 0.0018255 secs] [Times: user=0.01 sys=0.00, real=0.00 secs] 
6288.933: [GC (Allocation Failure) [PSYoungGen: 246592K->156320K(462848K)] 743473K->654026K(1861120K), 0.0309682 secs] [Times: user=0.18 sys=0.01, real=0.04 secs] 
6290.115: [GC (Allocation Failure) [PSYoungGen: 389280K->13600K(465920K)] 886986K->511470K(1864192K), 0.0049453 secs] [Times: user=0.03 sys=0.00, real=0.00 secs] 
6292.326: [GC (Allocation Failure) [PSYoungGen: 246560K->163264K(465920K)] 744430K->672875K(1864192K), 0.0353141 secs] [Times: user=0.20 sys=0.01, real=0.03 secs] 
6293.478: [GC (Allocation Failure) [PSYoungGen: 396224K->101184K(465920K)] 905835K->765043K(1864192K), 0.0683955 secs] [Times: user=0.41 sys=0.00, real=0.07 secs] 
6294.835: [GC (Allocation Failure) [PSYoungGen: 318457K->158976K(465920K)] 982316K->918840K(1864192K), 0.0503725 secs] [Times: user=0.30 sys=0.00, real=0.05 secs] 
6296.836: [GC (Allocation Failure) [PSYoungGen: 391936K->94112K(465920K)] 1151800K->1004652K(1864192K), 0.0676027 secs] [Times: user=0.40 sys=0.00, real=0.07 secs] 
6298.387: [GC (Allocation Failure) [PSYoungGen: 327072K->167488K(465920K)] 1237612K->1168753K(1864192K), 0.0501295 secs] [Times: user=0.29 sys=0.00, real=0.05 secs] 
6301.279: [GC (Allocation Failure) [PSYoungGen: 400448K->89824K(465920K)] 1401713K->1258269K(1864192K), 0.1783826 secs] [Times: user=1.06 sys=0.00, real=0.18 secs] 
6301.457: [Full GC (Ergonomics) [PSYoungGen: 89824K->0K(465920K)] [ParOldGen: 1168445K->59623K(1398272K)] 1258269K->59623K(1864192K), [Metaspace: 59711K->59711K(1105920K)], 0.1623474 secs] [Times: user=0.76 sys=0.00, real=0.16 secs] 
6302.831: [GC (Allocation Failure) [PSYoungGen: 232960K->165824K(465920K)] 292583K->225447K(1864192K), 0.0344210 secs] [Times: user=0.21 sys=0.00, real=0.04 secs] 
6305.404: [GC (Allocation Failure) [PSYoungGen: 398784K->84928K(465920K)] 458407K->310007K(1864192K), 0.1569919 secs] [Times: user=0.93 sys=0.00, real=0.16 secs] 
6306.720: [GC (Allocation Failure) [PSYoungGen: 317888K->177280K(465920K)] 542967K->480716K(1864192K), 0.0566723 secs] [Times: user=0.34 sys=0.00, real=0.06 secs] 
6309.313: [GC (Allocation Failure) [PSYoungGen: 410240K->83744K(465920K)] 713676K->564536K(1864192K), 0.1477649 secs] [Times: user=0.87 sys=0.01, real=0.15 secs] 
6309.945: [GC (Allocation Failure) [PSYoungGen: 316704K->209312K(465920K)] 797496K->767328K(1864192K), 0.0805349 secs] [Times: user=0.48 sys=0.00, real=0.08 secs] 
6312.371: [GC (Allocation Failure) [PSYoungGen: 442272K->87296K(465920K)] 1000288K->821504K(1864192K), 0.1081512 secs] [Times: user=0.64 sys=0.00, real=0.11 secs] 
6313.588: [GC (Allocation Failure) [PSYoungGen: 320256K->158176K(465920K)] 1054464K->972700K(1864192K), 0.0599724 secs] [Times: user=0.36 sys=0.00, real=0.06 secs] 
6315.626: [GC (Allocation Failure) [PSYoungGen: 391136K->106240K(465920K)] 1205660K->1078716K(1864192K), 0.0990991 secs] [Times: user=0.59 sys=0.00, real=0.10 secs] 
6316.835: [GC (Allocation Failure) [PSYoungGen: 339200K->142304K(465920K)] 1311676K->1210681K(1864192K), 0.0613603 secs] [Times: user=0.36 sys=0.00, real=0.06 secs] 
6319.307: [GC (Allocation Failure) [PSYoungGen: 375264K->117216K(350208K)] 1443641K->1327225K(1748480K), 0.0837854 secs] [Times: user=0.50 sys=0.00, real=0.08 secs] 
6319.391: [Full GC (Ergonomics) [PSYoungGen: 117216K->0K(350208K)] [ParOldGen: 1210009K->132351K(1398272K)] 1327225K->132351K(1748480K), [Metaspace: 59711K->59711K(1105920K)], 0.2938836 secs] [Times: user=1.34 sys=0.00, real=0.30 secs] 
6320.769: [GC (Allocation Failure) [PSYoungGen: 232960K->131616K(471552K)] 365311K->263967K(1869824K), 0.0462651 secs] [Times: user=0.27 sys=0.01, real=0.05 secs] 
6323.427: [GC (Allocation Failure) [PSYoungGen: 373280K->138400K(462848K)] 505631K->402063K(1861120K), 0.0761903 secs] [Times: user=0.46 sys=0.00, real=0.07 secs] 
6324.668: [GC (Allocation Failure) [PSYoungGen: 380064K->6816K(452096K)] 643727K->270667K(1850368K), 0.0030017 secs] [Times: user=0.02 sys=0.00, real=0.00 secs] 
6326.605: [GC (Allocation Failure) [PSYoungGen: 242848K->161312K(463872K)] 506699K->430143K(1862144K), 0.0326184 secs] [Times: user=0.19 sys=0.00, real=0.03 secs] 
6327.875: [GC (Allocation Failure) [PSYoungGen: 397344K->103744K(460800K)] 666175K->524424K(1859072K), 0.0737692 secs] [Times: user=0.43 sys=0.00, real=0.07 secs] 
6329.792: [GC (Allocation Failure) [PSYoungGen: 326700K->163360K(463360K)] 747380K->684788K(1861632K), 0.0530946 secs] [Times: user=0.32 sys=0.00, real=0.06 secs] 
6331.310: [GC (Allocation Failure) [PSYoungGen: 401440K->98240K(466944K)] 922868K->774460K(1865216K), 0.1244895 secs] [Times: user=0.73 sys=0.01, real=0.13 secs] 
6333.343: [GC (Allocation Failure) [PSYoungGen: 340928K->171648K(414720K)] 1017148K->941949K(1812992K), 0.0515555 secs] [Times: user=0.31 sys=0.00, real=0.06 secs] 
6336.295: [GC (Allocation Failure) [PSYoungGen: 414336K->92320K(471040K)] 1184637K->1033705K(1869312K), 0.1381923 secs] [Times: user=0.82 sys=0.00, real=0.13 secs] 
6337.212: [GC (Allocation Failure) [PSYoungGen: 330400K->182144K(465920K)] 1271785K->1209302K(1864192K), 0.0592778 secs] [Times: user=0.35 sys=0.00, real=0.06 secs] 
6339.658: [GC (Allocation Failure) [PSYoungGen: 420224K->88384K(465920K)] 1447382K->1297806K(1864192K), 0.1421365 secs] [Times: user=0.84 sys=0.00, real=0.14 secs] 
6339.800: [Full GC (Ergonomics) [PSYoungGen: 88384K->0K(465920K)] [ParOldGen: 1209422K->96463K(1398272K)] 1297806K->96463K(1864192K), [Metaspace: 59711K->59711K(1105920K)], 0.2324156 secs] [Times: user=1.07 sys=0.01, real=0.23 secs] 
6341.719: [GC (Allocation Failure) [PSYoungGen: 232960K->163936K(465920K)] 329423K->260399K(1864192K), 0.0470536 secs] [Times: user=0.28 sys=0.00, real=0.05 secs] 
6343.878: [GC (Allocation Failure) [PSYoungGen: 396896K->93824K(465920K)] 493359K->354360K(1864192K), 0.0991086 secs] [Times: user=0.59 sys=0.00, real=0.10 secs] 
6345.117: [GC (Allocation Failure) [PSYoungGen: 326784K->150208K(383488K)] 587320K->497339K(1781760K), 0.0600524 secs] [Times: user=0.35 sys=0.00, real=0.06 secs] 
6347.801: [GC (Allocation Failure) [PSYoungGen: 383168K->107104K(471552K)] 730299K->604683K(1869824K), 0.0975046 secs] [Times: user=0.58 sys=0.00, real=0.10 secs] 
6349.046: [GC (Allocation Failure) [PSYoungGen: 346720K->141184K(380928K)] 844299K->734912K(1779200K), 0.0603030 secs] [Times: user=0.36 sys=0.00, real=0.06 secs] 
6350.659: [GC (Allocation Failure) [PSYoungGen: 380800K->136192K(468992K)] 974528K->871120K(1867264K), 0.0658803 secs] [Times: user=0.39 sys=0.00, real=0.07 secs] 
6351.857: [GC (Allocation Failure) [PSYoungGen: 384000K->6592K(462848K)] 1118928K->741664K(1861120K), 0.0026962 secs] [Times: user=0.01 sys=0.00, real=0.00 secs] 
6353.649: [GC (Allocation Failure) [PSYoungGen: 254400K->175712K(459776K)] 989472K->915444K(1858048K), 0.0354286 secs] [Times: user=0.21 sys=0.00, real=0.04 secs] 
6354.745: [GC (Allocation Failure) [PSYoungGen: 408672K->95584K(465920K)] 1148404K->1002332K(1864192K), 0.0714890 secs] [Times: user=0.42 sys=0.01, real=0.07 secs] 
6357.071: [GC (Allocation Failure) [PSYoungGen: 314010K->157856K(463872K)] 1220759K->1156441K(1862144K), 0.0495356 secs] [Times: user=0.29 sys=0.00, real=0.05 secs] 
6358.245: [GC (Allocation Failure) [PSYoungGen: 390816K->99456K(332800K)] 1389401K->1246769K(1731072K), 0.0671319 secs] [Times: user=0.40 sys=0.00, real=0.06 secs] 
6358.312: [Full GC (Ergonomics) [PSYoungGen: 99456K->0K(332800K)] [ParOldGen: 1147313K->50961K(1398272K)] 1246769K->50961K(1731072K), [Metaspace: 59711K->59711K(1105920K)], 0.1043889 secs] [Times: user=0.41 sys=0.00, real=0.11 secs] 
6359.955: [GC (Allocation Failure) [PSYoungGen: 232960K->162720K(456704K)] 283921K->213681K(1854976K), 0.0347659 secs] [Times: user=0.21 sys=0.00, real=0.03 secs] 
6362.031: [GC (Allocation Failure) [PSYoungGen: 392608K->90368K(461824K)] 443569K->302741K(1860096K), 0.1661109 secs] [Times: user=0.99 sys=0.00, real=0.17 secs] 
6363.769: [GC (Allocation Failure) [PSYoungGen: 320256K->180832K(460288K)] 532629K->479246K(1858560K), 0.0564359 secs] [Times: user=0.34 sys=0.00, real=0.06 secs] 
6365.948: [GC (Allocation Failure) [PSYoungGen: 413792K->90048K(465920K)] 712206K->552318K(1864192K), 0.1298421 secs] [Times: user=0.78 sys=0.00, real=0.13 secs] 
6366.506: [GC (Allocation Failure) [PSYoungGen: 323008K->173664K(465920K)] 785278K->719787K(1864192K), 0.0573138 secs] [Times: user=0.34 sys=0.00, real=0.05 secs] 
6369.268: [GC (Allocation Failure) [PSYoungGen: 406624K->88704K(465920K)] 952747K->807663K(1864192K), 0.1404070 secs] [Times: user=0.84 sys=0.00, real=0.14 secs] 
6369.876: [GC (Allocation Failure) [PSYoungGen: 321664K->192576K(465920K)] 1040623K->993900K(1864192K), 0.0591949 secs] [Times: user=0.35 sys=0.00, real=0.06 secs] 
6372.257: [GC (Allocation Failure) [PSYoungGen: 424236K->92864K(465920K)] 1225560K->1065916K(1864192K), 0.1149968 secs] [Times: user=0.68 sys=0.00, real=0.11 secs] 
6373.518: [GC (Allocation Failure) [PSYoungGen: 325824K->151520K(465920K)] 1298876K->1211127K(1864192K), 0.0603279 secs] [Times: user=0.35 sys=0.00, real=0.06 secs] 
6376.583: [GC (Allocation Failure) [PSYoungGen: 384480K->102272K(465920K)] 1444087K->1312835K(1864192K), 0.0921212 secs] [Times: user=0.54 sys=0.00, real=0.10 secs] 
6376.676: [Full GC (Ergonomics) [PSYoungGen: 102272K->0K(465920K)] [ParOldGen: 1210563K->117872K(1398272K)] 1312835K->117872K(1864192K), [Metaspace: 59712K->59712K(1105920K)], 0.2657134 secs] [Times: user=1.21 sys=0.00, real=0.26 secs] 
6378.034: [GC (Allocation Failure) [PSYoungGen: 232960K->145952K(463872K)] 350832K->263824K(1862144K), 0.0538054 secs] [Times: user=0.32 sys=0.00, real=0.05 secs] 
6380.237: [GC (Allocation Failure) [PSYoungGen: 378912K->118816K(352256K)] 496784K->382536K(1750528K), 0.0926544 secs] [Times: user=0.55 sys=0.00, real=0.09 secs] 
6381.467: [GC (Allocation Failure) [PSYoungGen: 351776K->128960K(468992K)] 615496K->501325K(1867264K), 0.0617123 secs] [Times: user=0.37 sys=0.00, real=0.06 secs] 
6383.709: [GC (Allocation Failure) [PSYoungGen: 374208K->147136K(459776K)] 746573K->648509K(1858048K), 0.0625347 secs] [Times: user=0.37 sys=0.00, real=0.06 secs] 
6385.018: [GC (Allocation Failure) [PSYoungGen: 392384K->12352K(461824K)] 893757K->513809K(1860096K), 0.0039378 secs] [Times: user=0.02 sys=0.00, real=0.00 secs] 
6386.894: [GC (Allocation Failure) [PSYoungGen: 257899K->172544K(421888K)] 759357K->684094K(1820160K), 0.0365596 secs] [Times: user=0.21 sys=0.00, real=0.03 secs] 
6388.931: [GC (Allocation Failure) [PSYoungGen: 421376K->106400K(473088K)] 932926K->781714K(1871360K), 0.1859561 secs] [Times: user=1.11 sys=0.00, real=0.19 secs] 
6390.029: [GC (Allocation Failure) [PSYoungGen: 346528K->172256K(465920K)] 1021842K->950211K(1864192K), 0.0543483 secs] [Times: user=0.32 sys=0.00, real=0.05 secs] 
6393.124: [GC (Allocation Failure) [PSYoungGen: 412384K->87392K(468480K)] 1190339K->1037211K(1866752K), 0.1650287 secs] [Times: user=0.99 sys=0.00, real=0.16 secs] 
6394.404: [GC (Allocation Failure) [PSYoungGen: 322912K->174592K(465920K)] 1272731K->1205948K(1864192K), 0.0589248 secs] [Times: user=0.35 sys=0.00, real=0.06 secs] 
6397.169: [GC (Allocation Failure) [PSYoungGen: 410112K->84928K(465920K)] 1441468K->1290936K(1864192K), 0.1403744 secs] [Times: user=0.83 sys=0.01, real=0.14 secs] 
6397.310: [Full GC (Ergonomics) [PSYoungGen: 84928K->0K(465920K)] [ParOldGen: 1206008K->88525K(1398272K)] 1290936K->88525K(1864192K), [Metaspace: 59712K->59712K(1105920K)], 0.2148163 secs] [Times: user=0.99 sys=0.00, real=0.22 secs] 
6398.419: [GC (Allocation Failure) [PSYoungGen: 231080K->205248K(465920K)] 319605K->293773K(1864192K), 0.0369643 secs] [Times: user=0.21 sys=0.00, real=0.04 secs] 
6401.178: [GC (Allocation Failure) [PSYoungGen: 438208K->86592K(465920K)] 526733K->345589K(1864192K), 0.1187124 secs] [Times: user=0.71 sys=0.00, real=0.12 secs] 
6403.233: [GC (Allocation Failure) [PSYoungGen: 319552K->157728K(465920K)] 578549K->496238K(1864192K), 0.0594486 secs] [Times: user=0.35 sys=0.00, real=0.06 secs] 
6404.970: [GC (Allocation Failure) [PSYoungGen: 383723K->93696K(465920K)] 722233K->590142K(1864192K), 0.1081043 secs] [Times: user=0.64 sys=0.00, real=0.11 secs] 
6406.240: [GC (Allocation Failure) [PSYoungGen: 326656K->150752K(465920K)] 823102K->734091K(1864192K), 0.0603547 secs] [Times: user=0.36 sys=0.00, real=0.06 secs] 
6407.949: [GC (Allocation Failure) [PSYoungGen: 383712K->109408K(464896K)] 967051K->843559K(1863168K), 0.0904400 secs] [Times: user=0.54 sys=0.00, real=0.09 secs] 
6409.162: [GC (Allocation Failure) [PSYoungGen: 342368K->139008K(372224K)] 1076519K->971950K(1770496K), 0.0610920 secs] [Times: user=0.36 sys=0.00, real=0.06 secs] 
6410.826: [GC (Allocation Failure) [PSYoungGen: 371968K->128672K(470528K)] 1204910K->1100430K(1868800K), 0.0768180 secs] [Times: user=0.45 sys=0.00, real=0.07 secs] 
6412.120: [GC (Allocation Failure) [PSYoungGen: 372896K->2784K(460800K)] 1344654K->974574K(1859072K), 0.0027650 secs] [Times: user=0.01 sys=0.00, real=0.00 secs] 
6413.633: [GC (Allocation Failure) [PSYoungGen: 247008K->162656K(462336K)] 1218798K->1135799K(1860608K), 0.0321304 secs] [Times: user=0.19 sys=0.00, real=0.04 secs] 
6415.729: [GC (Allocation Failure) [PSYoungGen: 395616K->97984K(331264K)] 1368759K->1224915K(1729536K), 0.0700748 secs] [Times: user=0.42 sys=0.01, real=0.07 secs] 
6416.937: [GC (Allocation Failure) [PSYoungGen: 330944K->170080K(459264K)] 1457875K->1392708K(1857536K), 0.0529868 secs] [Times: user=0.31 sys=0.00, real=0.05 secs] 
6416.990: [Full GC (Ergonomics) [PSYoungGen: 170080K->0K(459264K)] [ParOldGen: 1222628K->197226K(1398272K)] 1392708K->197226K(1857536K), [Metaspace: 59712K->59712K(1105920K)], 0.4764395 secs] [Times: user=2.22 sys=0.00, real=0.48 secs] 
6419.946: [GC (Allocation Failure) [PSYoungGen: 231424K->92128K(464384K)] 428650K->289354K(1862656K), 0.0297313 secs] [Times: user=0.17 sys=0.01, real=0.03 secs] 
6420.808: [GC (Allocation Failure) [PSYoungGen: 323552K->183712K(462848K)] 520778K->469567K(1861120K), 0.0493398 secs] [Times: user=0.29 sys=0.00, real=0.05 secs] 
6423.001: [GC (Allocation Failure) [PSYoungGen: 416672K->90496K(465920K)] 702527K->542915K(1864192K), 0.1650153 secs] [Times: user=0.98 sys=0.00, real=0.17 secs] 
6424.511: [GC (Allocation Failure) [PSYoungGen: 323456K->165728K(465920K)] 775875K->704648K(1864192K), 0.0558292 secs] [Times: user=0.32 sys=0.01, real=0.06 secs] 
6427.504: [GC (Allocation Failure) [PSYoungGen: 398688K->91200K(465920K)] 937608K->794756K(1864192K), 0.1515486 secs] [Times: user=0.91 sys=0.00, real=0.15 secs] 
6428.255: [GC (Allocation Failure) [PSYoungGen: 324160K->174720K(465920K)] 1027716K->959341K(1864192K), 0.0569416 secs] [Times: user=0.34 sys=0.00, real=0.05 secs] 
6430.535: [GC (Allocation Failure) [PSYoungGen: 407680K->86048K(465920K)] 1192301K->1045229K(1864192K), 0.1311862 secs] [Times: user=0.78 sys=0.01, real=0.13 secs] 
6431.594: [GC (Allocation Failure) [PSYoungGen: 319008K->172544K(465920K)] 1278189K->1211290K(1864192K), 0.1524330 secs] [Times: user=0.90 sys=0.01, real=0.15 secs] 
6435.021: [GC (Allocation Failure) [PSYoungGen: 405504K->82176K(465920K)] 1444250K->1293298K(1864192K), 0.1456240 secs] [Times: user=0.86 sys=0.00, real=0.15 secs] 
6435.167: [Full GC (Ergonomics) [PSYoungGen: 82176K->0K(465920K)] [ParOldGen: 1211122K->92839K(1398272K)] 1293298K->92839K(1864192K), [Metaspace: 59712K->59712K(1105920K)], 0.2311475 secs] [Times: user=1.08 sys=0.00, real=0.23 secs] 
6436.471: [GC (Allocation Failure) [PSYoungGen: 232960K->166784K(465920K)] 325799K->259623K(1864192K), 0.0476258 secs] [Times: user=0.29 sys=0.00, real=0.05 secs] 
6439.659: [GC (Allocation Failure) [PSYoungGen: 398889K->93056K(465920K)] 491728K->352943K(1864192K), 0.1079338 secs] [Times: user=0.64 sys=0.00, real=0.11 secs] 
6440.871: [GC (Allocation Failure) [PSYoungGen: 326016K->151264K(465920K)] 585903K->497743K(1864192K), 0.0599298 secs] [Times: user=0.35 sys=0.00, real=0.06 secs] 
6443.514: [GC (Allocation Failure) [PSYoungGen: 384224K->106464K(339456K)] 730703K->603983K(1737728K), 0.0892022 secs] [Times: user=0.53 sys=0.00, real=0.09 secs] 
6444.746: [GC (Allocation Failure) [PSYoungGen: 339424K->141920K(468992K)] 836943K->735500K(1867264K), 0.0615673 secs] [Times: user=0.37 sys=0.00, real=0.06 secs] 
6446.534: [GC (Allocation Failure) [PSYoungGen: 379488K->136192K(374272K)] 973068K->871164K(1772544K), 0.0688520 secs] [Times: user=0.40 sys=0.00, real=0.07 secs] 
6448.258: [GC (Allocation Failure) [PSYoungGen: 373760K->1600K(448512K)] 1108732K->736636K(1846784K), 0.0032645 secs] [Times: user=0.02 sys=0.00, real=0.00 secs] 
6449.424: [GC (Allocation Failure) [PSYoungGen: 229952K->146208K(460800K)] 964988K->881937K(1859072K), 0.0297041 secs] [Times: user=0.17 sys=0.00, real=0.03 secs] 
6450.612: [GC (Allocation Failure) [PSYoungGen: 374560K->4096K(464896K)] 1110289K->739937K(1863168K), 0.0033914 secs] [Times: user=0.02 sys=0.00, real=0.01 secs] 
6452.812: [GC (Allocation Failure) [PSYoungGen: 237056K->157920K(465920K)] 972897K->896238K(1864192K), 0.0318946 secs] [Times: user=0.19 sys=0.00, real=0.04 secs] 
6453.925: [GC (Allocation Failure) [PSYoungGen: 390400K->100992K(465920K)] 1128718K->988174K(1864192K), 0.0675957 secs] [Times: user=0.40 sys=0.00, real=0.06 secs] 
6456.450: [GC (Allocation Failure) [PSYoungGen: 333952K->163552K(465920K)] 1221134K->1149499K(1864192K), 0.0533912 secs] [Times: user=0.32 sys=0.00, real=0.05 secs] 
6457.576: [GC (Allocation Failure) [PSYoungGen: 396512K->99328K(463872K)] 1382459K->1239099K(1862144K), 0.0697972 secs] [Times: user=0.42 sys=0.00, real=0.07 secs] 
6459.704: [GC (Allocation Failure) [PSYoungGen: 322129K->160544K(464896K)] 1461900K->1395704K(1863168K), 0.0519971 secs] [Times: user=0.30 sys=0.00, real=0.05 secs] 
6459.756: [Full GC (Ergonomics) [PSYoungGen: 160544K->0K(464896K)] [ParOldGen: 1235159K->197093K(1398272K)] 1395704K->197093K(1863168K), [Metaspace: 59712K->59712K(1105920K)], 0.4545587 secs] [Times: user=2.11 sys=0.00, real=0.45 secs] 
6461.258: [GC (Allocation Failure) [PSYoungGen: 232960K->98112K(459776K)] 430053K->295205K(1858048K), 0.0305084 secs] [Times: user=0.18 sys=0.00, real=0.03 secs] 
6464.369: [GC (Allocation Failure) [PSYoungGen: 332096K->194880K(462848K)] 529189K->485890K(1861120K), 0.0509292 secs] [Times: user=0.30 sys=0.00, real=0.05 secs] 
6466.291: [GC (Allocation Failure) [PSYoungGen: 428864K->91680K(465920K)] 719874K->543606K(1864192K), 0.1593638 secs] [Times: user=0.93 sys=0.02, real=0.16 secs] 
6467.127: [GC (Allocation Failure) [PSYoungGen: 324640K->171136K(465920K)] 776566K->710491K(1864192K), 0.0559047 secs] [Times: user=0.34 sys=0.00, real=0.05 secs] 
6469.632: [GC (Allocation Failure) [PSYoungGen: 404096K->89600K(465920K)] 943451K->799899K(1864192K), 0.1707938 secs] [Times: user=1.02 sys=0.00, real=0.17 secs] 
6470.084: [GC (Allocation Failure) [PSYoungGen: 322560K->176288K(465920K)] 1032859K->970404K(1864192K), 0.0595024 secs] [Times: user=0.35 sys=0.00, real=0.06 secs] 
6473.891: [GC (Allocation Failure) [PSYoungGen: 409248K->77632K(465920K)] 1203364K->1047980K(1864192K), 0.1509702 secs] [Times: user=0.90 sys=0.00, real=0.15 secs] 
6474.790: [GC (Allocation Failure) [PSYoungGen: 310592K->213408K(465920K)] 1280940K->1255084K(1864192K), 0.0639768 secs] [Times: user=0.38 sys=0.00, real=0.07 secs] 
6476.869: [GC (Allocation Failure) [PSYoungGen: 446368K->93120K(465920K)] 1488044K->1307448K(1864192K), 0.1162863 secs] [Times: user=0.69 sys=0.00, real=0.12 secs] 
6476.985: [Full GC (Ergonomics) [PSYoungGen: 93120K->0K(465920K)] [ParOldGen: 1214328K->107745K(1398272K)] 1307448K->107745K(1864192K), [Metaspace: 59717K->59717K(1105920K)], 0.2564865 secs] [Times: user=1.18 sys=0.00, real=0.25 secs] 
6478.301: [GC (Allocation Failure) [PSYoungGen: 232960K->151040K(465920K)] 340705K->258785K(1864192K), 0.0428023 secs] [Times: user=0.25 sys=0.00, real=0.05 secs] 
6481.046: [GC (Allocation Failure) [PSYoungGen: 384000K->103584K(465920K)] 491745K->362257K(1864192K), 0.0950933 secs] [Times: user=0.57 sys=0.00, real=0.09 secs] 
6482.273: [GC (Allocation Failure) [PSYoungGen: 336544K->144800K(465920K)] 595217K->496202K(1864192K), 0.0603293 secs] [Times: user=0.36 sys=0.00, real=0.07 secs] 
6483.467: [GC (Allocation Failure) [PSYoungGen: 377760K->123232K(462848K)] 729162K->619546K(1861120K), 0.0699147 secs] [Times: user=0.42 sys=0.00, real=0.07 secs] 
6484.665: [GC (Allocation Failure) [PSYoungGen: 356192K->125312K(358400K)] 852506K->733918K(1756672K), 0.0617430 secs] [Times: user=0.37 sys=0.00, real=0.06 secs] 
6486.693: [GC (Allocation Failure) [PSYoungGen: 358272K->145248K(462336K)] 966878K->879343K(1860608K), 0.0602726 secs] [Times: user=0.36 sys=0.00, real=0.06 secs] 
6487.874: [GC (Allocation Failure) [PSYoungGen: 385888K->7008K(459264K)] 1119983K->741255K(1857536K), 0.0027042 secs] [Times: user=0.01 sys=0.00, real=0.00 secs] 
6491.670: [GC (Allocation Failure) [PSYoungGen: 247648K->158976K(463872K)] 981895K->898491K(1862144K), 0.0323860 secs] [Times: user=0.19 sys=0.00, real=0.03 secs] 
6492.784: [GC (Allocation Failure) [PSYoungGen: 391936K->104192K(337408K)] 1131451K->993499K(1735680K), 0.0678483 secs] [Times: user=0.40 sys=0.01, real=0.06 secs] 
6494.728: [GC (Allocation Failure) [PSYoungGen: 337152K->164320K(456192K)] 1226459K->1155516K(1854464K), 0.0766081 secs] [Times: user=0.45 sys=0.00, real=0.08 secs] 
6495.936: [GC (Allocation Failure) [PSYoungGen: 393696K->98304K(461824K)] 1384892K->1244488K(1860096K), 0.0793493 secs] [Times: user=0.47 sys=0.00, real=0.08 secs] 
6497.782: [GC (Allocation Failure) [PSYoungGen: 318216K->153728K(463872K)] 1464401K->1394725K(1862144K), 0.0498372 secs] [Times: user=0.29 sys=0.00, real=0.05 secs] 
6497.831: [Full GC (Ergonomics) [PSYoungGen: 153728K->0K(463872K)] [ParOldGen: 1240997K->197339K(1398272K)] 1394725K->197339K(1862144K), [Metaspace: 59724K->59724K(1105920K)], 0.4706138 secs] [Times: user=2.19 sys=0.00, real=0.47 secs] 
6499.725: [GC (Allocation Failure) [PSYoungGen: 238080K->101600K(465408K)] 435419K->298939K(1863680K), 0.0511040 secs] [Times: user=0.30 sys=0.00, real=0.05 secs] 
6501.862: [GC (Allocation Failure) [PSYoungGen: 339680K->166752K(460288K)] 537019K->461784K(1858560K), 0.0511815 secs] [Times: user=0.31 sys=0.00, real=0.05 secs] 
6504.148: [GC (Allocation Failure) [PSYoungGen: 405856K->92160K(466944K)] 700888K->553440K(1865216K), 0.1575090 secs] [Times: user=0.94 sys=0.00, real=0.16 secs] 
6505.146: [GC (Allocation Failure) [PSYoungGen: 331264K->178240K(456704K)] 792544K->725702K(1854976K), 0.0909349 secs] [Times: user=0.53 sys=0.00, real=0.09 secs] 
6507.667: [GC (Allocation Failure) [PSYoungGen: 411200K->86176K(465920K)] 958662K->811802K(1864192K), 0.1201351 secs] [Times: user=0.71 sys=0.00, real=0.12 secs] 
6508.394: [GC (Allocation Failure) [PSYoungGen: 319136K->192768K(463872K)] 1044762K->998367K(1862144K), 0.0605449 secs] [Times: user=0.35 sys=0.00, real=0.06 secs] 
6510.882: [GC (Allocation Failure) [PSYoungGen: 425728K->94400K(465920K)] 1231327K->1072123K(1864192K), 0.1017673 secs] [Times: user=0.61 sys=0.00, real=0.11 secs] 
6512.277: [GC (Allocation Failure) [PSYoungGen: 327360K->153920K(465920K)] 1305083K->1215252K(1864192K), 0.0603497 secs] [Times: user=0.36 sys=0.00, real=0.06 secs] 
6513.777: [GC (Allocation Failure) [PSYoungGen: 386880K->104160K(337408K)] 1448212K->1319220K(1735680K), 0.0955999 secs] [Times: user=0.57 sys=0.00, real=0.09 secs] 
6513.873: [Full GC (Ergonomics) [PSYoungGen: 104160K->0K(337408K)] [ParOldGen: 1215060K->118021K(1398272K)] 1319220K->118021K(1735680K), [Metaspace: 59724K->59724K(1105920K)], 0.2710737 secs] [Times: user=1.24 sys=0.00, real=0.28 secs] 
6515.242: [GC (Allocation Failure) [PSYoungGen: 232960K->144160K(470016K)] 350981K->262181K(1868288K), 0.0515569 secs] [Times: user=0.31 sys=0.00, real=0.05 secs] 
6517.171: [GC (Allocation Failure) [PSYoungGen: 381728K->121888K(359936K)] 499749K->384001K(1758208K), 0.0879543 secs] [Times: user=0.52 sys=0.01, real=0.09 secs] 
6519.060: [GC (Allocation Failure) [PSYoungGen: 359456K->126976K(467456K)] 621569K->500082K(1865728K), 0.0618844 secs] [Times: user=0.37 sys=0.00, real=0.06 secs] 
6520.221: [GC (Allocation Failure) [PSYoungGen: 374784K->153952K(458240K)] 747890K->654074K(1856512K), 0.0598654 secs] [Times: user=0.35 sys=0.00, real=0.06 secs] 
6521.624: [GC (Allocation Failure) [PSYoungGen: 401760K->19776K(465408K)] 901882K->519994K(1863680K), 0.0051203 secs] [Times: user=0.03 sys=0.00, real=0.00 secs] 
6524.030: [GC (Allocation Failure) [PSYoungGen: 257690K->165728K(419328K)] 757909K->682919K(1817600K), 0.0373038 secs] [Times: user=0.22 sys=0.00, real=0.04 secs] 
6526.268: [GC (Allocation Failure) [PSYoungGen: 419168K->111488K(477696K)] 936359K->785435K(1875968K), 0.1856882 secs] [Times: user=1.10 sys=0.00, real=0.18 secs] 
6527.108: [GC (Allocation Failure) [PSYoungGen: 359808K->180672K(429056K)] 1033755K->961976K(1827328K), 0.0560207 secs] [Times: user=0.33 sys=0.00, real=0.06 secs] 
6530.034: [GC (Allocation Failure) [PSYoungGen: 428992K->100960K(471552K)] 1210296K->1062288K(1869824K), 0.1246996 secs] [Times: user=0.75 sys=0.00, real=0.12 secs] 
6531.306: [GC (Allocation Failure) [PSYoungGen: 340064K->158752K(466432K)] 1301392K->1214669K(1864704K), 0.0653150 secs] [Times: user=0.38 sys=0.00, real=0.06 secs] 
6533.507: [GC (Allocation Failure) [PSYoungGen: 397856K->105440K(463872K)] 1453773K->1320017K(1862144K), 0.0984361 secs] [Times: user=0.59 sys=0.00, real=0.10 secs] 
6533.605: [Full GC (Ergonomics) [PSYoungGen: 105440K->0K(463872K)] [ParOldGen: 1214577K->119484K(1398272K)] 1320017K->119484K(1862144K), [Metaspace: 59724K->59724K(1105920K)], 0.2774002 secs] [Times: user=1.28 sys=0.00, real=0.27 secs] 
6534.998: [GC (Allocation Failure) [PSYoungGen: 242688K->143264K(465920K)] 362172K->262748K(1864192K), 0.0523274 secs] [Times: user=0.31 sys=0.00, real=0.05 secs] 
6537.109: [GC (Allocation Failure) [PSYoungGen: 385952K->135456K(463872K)] 505436K->398456K(1862144K), 0.0817699 secs] [Times: user=0.48 sys=0.00, real=0.08 secs] 
6538.340: [GC (Allocation Failure) [PSYoungGen: 391456K->11232K(468992K)] 654456K->274376K(1867264K), 0.0034983 secs] [Times: user=0.02 sys=0.00, real=0.01 secs] 
6539.271: [GC (Allocation Failure) [PSYoungGen: 253041K->173440K(457728K)] 516185K->445833K(1856000K), 0.0361678 secs] [Times: user=0.21 sys=0.00, real=0.04 secs] 
6540.391: [GC (Allocation Failure) [PSYoungGen: 406400K->96768K(465920K)] 678793K->533729K(1864192K), 0.0692647 secs] [Times: user=0.41 sys=0.00, real=0.07 secs] 
6542.502: [GC (Allocation Failure) [PSYoungGen: 329728K->166304K(461312K)] 766689K->695874K(1859584K), 0.0504800 secs] [Times: user=0.29 sys=0.00, real=0.05 secs] 
6544.336: [GC (Allocation Failure) [PSYoungGen: 399264K->91040K(465920K)] 928834K->786082K(1864192K), 0.1567376 secs] [Times: user=0.93 sys=0.00, real=0.15 secs] 
6545.812: [GC (Allocation Failure) [PSYoungGen: 324000K->173504K(462336K)] 1019042K->955375K(1860608K), 0.0571427 secs] [Times: user=0.34 sys=0.00, real=0.06 secs] 
6547.168: [GC (Allocation Failure) [PSYoungGen: 406464K->91904K(465920K)] 1188335K->1047227K(1864192K), 0.0700267 secs] [Times: user=0.41 sys=0.01, real=0.07 secs] 
6548.862: [GC (Allocation Failure) [PSYoungGen: 324864K->170688K(465408K)] 1280187K->1212664K(1863680K), 0.0592121 secs] [Times: user=0.35 sys=0.00, real=0.06 secs] 
6551.611: [GC (Allocation Failure) [PSYoungGen: 403648K->82880K(465920K)] 1445624K->1295032K(1864192K), 0.1197225 secs] [Times: user=0.71 sys=0.00, real=0.12 secs] 
6551.731: [Full GC (Ergonomics) [PSYoungGen: 82880K->0K(465920K)] [ParOldGen: 1212152K->91890K(1398272K)] 1295032K->91890K(1864192K), [Metaspace: 59724K->59724K(1105920K)], 0.2183096 secs] [Times: user=1.00 sys=0.00, real=0.22 secs] 
6552.912: [GC (Allocation Failure) [PSYoungGen: 231589K->203872K(465920K)] 323480K->295763K(1864192K), 0.0496863 secs] [Times: user=0.29 sys=0.00, real=0.05 secs] 
6555.129: [GC (Allocation Failure) [PSYoungGen: 435986K->93248K(465920K)] 527877K->351971K(1864192K), 0.1005825 secs] [Times: user=0.60 sys=0.00, real=0.10 secs] 
6556.371: [GC (Allocation Failure) [PSYoungGen: 326208K->150848K(465920K)] 584931K->496203K(1864192K), 0.0601385 secs] [Times: user=0.36 sys=0.00, real=0.06 secs] 
6558.946: [GC (Allocation Failure) [PSYoungGen: 383808K->99424K(465920K)] 729163K->595795K(1864192K), 0.1019683 secs] [Times: user=0.60 sys=0.00, real=0.10 secs] 
6560.176: [GC (Allocation Failure) [PSYoungGen: 332384K->149600K(465920K)] 828755K->734388K(1864192K), 0.0603368 secs] [Times: user=0.36 sys=0.00, real=0.06 secs] 
6560.598: [GC (Allocation Failure) [PSYoungGen: 382560K->120000K(353280K)] 967348K->854156K(1751552K), 0.0617879 secs] [Times: user=0.36 sys=0.00, real=0.06 secs] 
6561.889: [GC (Allocation Failure) [PSYoungGen: 352960K->128288K(469504K)] 1087116K->971547K(1867776K), 0.0618527 secs] [Times: user=0.37 sys=0.00, real=0.06 secs] 
6562.290: [GC (Allocation Failure) [PSYoungGen: 370976K->145184K(459776K)] 1214235K->1116919K(1858048K), 0.0669493 secs] [Times: user=0.39 sys=0.01, real=0.07 secs] 
Heap
 PSYoungGen      total 459776K, used 361937K [0x00000000d5580000, 0x00000000ff180000, 0x0000000100000000)
  edenl=0.07 secs] 
