5.605: [GC (Allocation Failure) [PSYoungGen: 128000K->12447K(148992K)] 128000K->12535K(488960K), 0.0216214 secs] [Times: user=0.02 sys=0.00, real=0.03 secs] 
6.106: [GC (Metadata GC Threshold) [PSYoungGen: 48844K->6080K(148992K)] 48932K->6176K(488960K), 0.0045529 secs] [Times: user=0.01 sys=0.01, real=0.00 secs] 
6.111: [Full GC (Metadata GC Threshold) [PSYoungGen: 6080K->0K(148992K)] [ParOldGen: 96K->5936K(134144K)] 6176K->5936K(283136K), [Metaspace: 20451K->20451K(1067008K)], 0.0195776 secs] [Times: user=0.06 sys=0.00, real=0.02 secs] 
7.408: [GC (Allocation Failure) [PSYoungGen: 128000K->9840K(148992K)] 133936K->15784K(283136K), 0.0030540 secs] [Times: user=0.01 sys=0.00, real=0.00 secs] 
7.956: [GC (Metadata GC Threshold) [PSYoungGen: 37917K->4610K(148992K)] 43862K->10562K(283136K), 0.0028611 secs] [Times: user=0.02 sys=0.00, real=0.00 secs] 
7.959: [Full GC (Metadata GC Threshold) [PSYoungGen: 4610K->0K(148992K)] [ParOldGen: 5952K->8871K(219136K)] 10562K->8871K(368128K), [Metaspace: 33752K->33752K(1081344K)], 0.0239195 secs] [Times: user=0.07 sys=0.00, real=0.02 secs] 
9.426: [GC (Allocation Failure) [PSYoungGen: 128000K->12860K(148992K)] 136871K->21739K(368128K), 0.0045129 secs] [Times: user=0.02 sys=0.00, real=0.00 secs] 
10.603: [GC (Allocation Failure) [PSYoungGen: 140860K->12723K(186880K)] 149739K->54378K(406016K), 0.0154222 secs] [Times: user=0.06 sys=0.01, real=0.02 secs] 
13.402: [GC (Allocation Failure) [PSYoungGen: 176302K->4807K(187904K)] 217958K->112007K(407040K), 0.0103499 secs] [Times: user=0.05 sys=0.01, real=0.01 secs] 
14.509: [GC (Allocation Failure) [PSYoungGen: 161418K->4791K(259072K)] 268618K->177535K(478208K), 0.0124484 secs] [Times: user=0.06 sys=0.01, real=0.01 secs] 
14.522: [Full GC (Ergonomics) [PSYoungGen: 4791K->0K(259072K)] [ParOldGen: 172743K->159797K(510464K)] 177535K->159797K(769536K), [Metaspace: 52459K->52459K(1097728K)], 0.0988883 secs] [Times: user=0.42 sys=0.00, real=0.10 secs] 
15.539: [GC (Allocation Failure) [PSYoungGen: 242176K->1552K(259072K)] 401973K->259662K(769536K), 0.0085622 secs] [Times: user=0.05 sys=0.00, real=0.01 secs] 
16.208: [GC (Allocation Failure) [PSYoungGen: 243728K->17393K(317440K)] 501838K->276631K(827904K), 0.0039111 secs] [Times: user=0.02 sys=0.01, real=0.00 secs] 
17.316: [GC (Allocation Failure) [PSYoungGen: 317425K->1776K(320512K)] 576663K->261014K(830976K), 0.0017718 secs] [Times: user=0.01 sys=0.00, real=0.00 secs] 
18.151: [GC (Allocation Failure) [PSYoungGen: 301808K->18237K(380928K)] 561046K->277483K(891392K), 0.0033044 secs] [Times: user=0.01 sys=0.00, real=0.00 secs] 
19.229: [GC (Allocation Failure) [PSYoungGen: 378685K->1952K(383488K)] 637931K->261198K(893952K), 0.0020006 secs] [Times: user=0.01 sys=0.00, real=0.00 secs] 
20.653: [GC (Allocation Failure) [PSYoungGen: 362400K->1824K(430592K)] 621646K->261070K(941056K), 0.0022115 secs] [Times: user=0.01 sys=0.00, real=0.00 secs] 
23.050: [GC (Allocation Failure) [PSYoungGen: 418592K->2469K(439296K)] 677838K->261715K(949760K), 0.0042050 secs] [Times: user=0.02 sys=0.00, real=0.00 secs] 
25.544: [GC (Allocation Failure) [PSYoungGen: 419237K->829K(479232K)] 678483K->260075K(989696K), 0.0022132 secs] [Times: user=0.01 sys=0.00, real=0.01 secs] 
30.181: [GC (Allocation Failure) [PSYoungGen: 467773K->2090K(488448K)] 727019K->261336K(998912K), 0.0021381 secs] [Times: user=0.00 sys=0.00, real=0.00 secs] 
31.844: [GC (Allocation Failure) [PSYoungGen: 469034K->2026K(512000K)] 728280K->261272K(1022464K), 0.0021586 secs] [Times: user=0.01 sys=0.00, real=0.01 secs] 
36.739: [GC (Allocation Failure) [PSYoungGen: 497642K->2090K(515584K)] 756888K->261336K(1026048K), 0.0032057 secs] [Times: user=0.02 sys=0.00, real=0.00 secs] 
39.478: [GC (Allocation Failure) [PSYoungGen: 497706K->2157K(537088K)] 756952K->261403K(1047552K), 0.0037474 secs] [Times: user=0.01 sys=0.00, real=0.00 secs] 
42.057: [GC (Allocation Failure) [PSYoungGen: 522861K->2157K(539136K)] 782107K->261403K(1049600K), 0.0050890 secs] [Times: user=0.02 sys=0.01, real=0.00 secs] 
44.969: [GC (Allocation Failure) [PSYoungGen: 522861K->2157K(561664K)] 782107K->261403K(1072128K), 0.0035853 secs] [Times: user=0.00 sys=0.01, real=0.00 secs] 
48.274: [GC (Allocation Failure) [PSYoungGen: 549485K->2157K(564224K)] 808731K->261411K(1074688K), 0.0025731 secs] [Times: user=0.01 sys=0.00, real=0.01 secs] 
51.145: [GC (Allocation Failure) [PSYoungGen: 549485K->2064K(586240K)] 808739K->261403K(1096704K), 0.0035807 secs] [Times: user=0.01 sys=0.01, real=0.01 secs] 
54.132: [GC (Allocation Failure) [PSYoungGen: 573968K->1840K(587264K)] 833307K->261441K(1097728K), 0.0026184 secs] [Times: user=0.01 sys=0.00, real=0.00 secs] 
56.725: [GC (Allocation Failure) [PSYoungGen: 573744K->1872K(601088K)] 833345K->261505K(1111552K), 0.0025420 secs] [Times: user=0.01 sys=0.00, real=0.01 secs] 
61.458: [GC (Allocation Failure) [PSYoungGen: 590672K->1888K(602624K)] 850305K->261569K(1113088K), 0.0024292 secs] [Times: user=0.01 sys=0.00, real=0.00 secs] 
65.499: [GC (Allocation Failure) [PSYoungGen: 590688K->1856K(615424K)] 850369K->261601K(1125888K), 0.0038286 secs] [Times: user=0.01 sys=0.00, real=0.00 secs] 
69.670: [GC (Allocation Failure) [PSYoungGen: 606016K->1904K(585728K)] 865761K->261673K(1096192K), 0.0024879 secs] [Times: user=0.01 sys=0.00, real=0.00 secs] 
72.205: [GC (Allocation Failure) [PSYoungGen: 585584K->1776K(566272K)] 845353K->261745K(1076736K), 0.0020797 secs] [Times: user=0.00 sys=0.00, real=0.01 secs] 
73.906: [GC (Allocation Failure) [PSYoungGen: 566000K->1712K(547840K)] 825969K->261697K(1058304K), 0.0018168 secs] [Times: user=0.01 sys=0.00, real=0.00 secs] 
76.721: [GC (Allocation Failure) [PSYoungGen: 547504K->1741K(529920K)] 807489K->261766K(1040384K), 0.0017522 secs] [Times: user=0.01 sys=0.00, real=0.00 secs] 
79.442: [GC (Allocation Failure) [PSYoungGen: 529613K->1725K(513024K)] 789638K->261766K(1023488K), 0.0023388 secs] [Times: user=0.01 sys=0.00, real=0.00 secs] 
84.504: [GC (Allocation Failure) [PSYoungGen: 512701K->1648K(496640K)] 772742K->261729K(1007104K), 0.0049382 secs] [Times: user=0.02 sys=0.00, real=0.01 secs] 
87.632: [GC (Allocation Failure) [PSYoungGen: 496240K->1664K(481280K)] 756321K->261793K(991744K), 0.0033673 secs] [Times: user=0.01 sys=0.00, real=0.00 secs] 
90.388: [GC (Allocation Failure) [PSYoungGen: 480896K->1632K(466432K)] 741025K->261777K(976896K), 0.0043909 secs] [Times: user=0.01 sys=0.00, real=0.00 secs] 
93.230: [GC (Allocation Failure) [PSYoungGen: 459312K->5792K(456192K)] 719457K->270041K(966656K), 0.0037589 secs] [Times: user=0.01 sys=0.00, real=0.00 secs] 
95.708: [GC (Allocation Failure) [PSYoungGen: 455840K->1725K(438784K)] 720089K->265998K(949248K), 0.0017596 secs] [Times: user=0.00 sys=0.01, real=0.00 secs] 
99.144: [GC (Allocation Failure) [PSYoungGen: 438461K->1600K(425984K)] 702734K->265889K(936448K), 0.0017331 secs] [Times: user=0.01 sys=0.00, real=0.00 secs] 
101.239: [GC (Allocation Failure) [PSYoungGen: 425536K->1616K(413696K)] 689825K->265945K(924160K), 0.0024136 secs] [Times: user=0.00 sys=0.00, real=0.00 secs] 
103.142: [GC (Allocation Failure) [PSYoungGen: 413264K->1696K(401920K)] 677593K->282425K(912384K), 0.0045622 secs] [Times: user=0.02 sys=0.00, real=0.01 secs] 
106.848: [GC (Allocation Failure) [PSYoungGen: 401568K->1661K(390656K)] 682297K->282430K(901120K), 0.0018183 secs] [Times: user=0.01 sys=0.00, real=0.00 secs] 
111.841: [GC (Allocation Failure) [PSYoungGen: 390269K->1549K(379904K)] 671038K->282350K(890368K), 0.0016806 secs] [Times: user=0.00 sys=0.00, real=0.00 secs] 
113.812: [GC (Allocation Failure) [PSYoungGen: 379405K->1584K(369152K)] 660206K->282401K(879616K), 0.0026870 secs] [Times: user=0.00 sys=0.00, real=0.00 secs] 
115.251: [GC (Allocation Failure) [PSYoungGen: 368688K->2688K(359936K)] 649505K->283513K(870400K), 0.0020574 secs] [Times: user=0.00 sys=0.00, real=0.00 secs] 
116.908: [GC (Allocation Failure) [PSYoungGen: 359552K->1485K(348672K)] 640377K->282326K(859136K), 0.0016402 secs] [Times: user=0.01 sys=0.00, real=0.00 secs] 
118.756: [GC (Allocation Failure) [PSYoungGen: 348621K->1552K(339968K)] 629462K->282401K(850432K), 0.0020967 secs] [Times: user=0.00 sys=0.00, real=0.00 secs] 
119.798: [GC (Allocation Failure) [PSYoungGen: 339472K->1680K(331264K)] 620321K->282545K(841728K), 0.0018660 secs] [Times: user=0.00 sys=0.00, real=0.00 secs] 
122.650: [GC (Allocation Failure) [PSYoungGen: 330896K->1501K(322048K)] 611761K->282382K(832512K), 0.0028750 secs] [Times: user=0.01 sys=0.00, real=0.00 secs] 
123.511: [GC (Allocation Failure) [PSYoungGen: 322013K->1632K(314368K)] 602894K->282537K(824832K), 0.0022983 secs] [Times: user=0.01 sys=0.00, real=0.00 secs] 
124.724: [GC (Allocation Failure) [PSYoungGen: 313952K->1501K(306176K)] 594857K->282430K(816640K), 0.0016672 secs] [Times: user=0.00 sys=0.00, real=0.00 secs] 
125.842: [GC (Allocation Failure) [PSYoungGen: 306141K->1520K(298496K)] 587070K->282489K(808960K), 0.0028376 secs] [Times: user=0.01 sys=0.00, real=0.00 secs] 
127.345: [GC (Allocation Failure) [PSYoungGen: 298480K->1565K(291840K)] 579449K->282534K(802304K), 0.0015958 secs] [Times: user=0.01 sys=0.00, real=0.01 secs] 
129.031: [GC (Allocation Failure) [PSYoungGen: 291357K->1536K(284672K)] 572326K->282513K(795136K), 0.0025577 secs] [Times: user=0.01 sys=0.00, real=0.00 secs] 
130.725: [GC (Allocation Failure) [PSYoungGen: 284160K->1584K(278016K)] 565137K->282569K(788480K), 0.0018329 secs] [Times: user=0.01 sys=0.00, real=0.01 secs] 
131.710: [GC (Allocation Failure) [PSYoungGen: 277552K->1456K(270848K)] 558537K->282449K(781312K), 0.0017951 secs] [Times: user=0.01 sys=0.00, real=0.00 secs] 
132.571: [GC (Allocation Failure) [PSYoungGen: 270748K->1565K(265216K)] 551741K->282566K(775680K), 0.0017940 secs] [Times: user=0.00 sys=0.00, real=0.00 secs] 
134.601: [GC (Allocation Failure) [PSYoungGen: 264733K->1488K(258560K)] 545734K->282497K(769024K), 0.0022302 secs] [Times: user=0.01 sys=0.00, real=0.00 secs] 
135.666: [GC (Allocation Failure) [PSYoungGen: 258512K->1661K(253440K)] 539521K->282678K(763904K), 0.0015850 secs] [Times: user=0.01 sys=0.00, real=0.00 secs] 
138.074: [GC (Allocation Failure) [PSYoungGen: 253053K->1552K(247808K)] 534070K->282577K(758272K), 0.0044824 secs] [Times: user=0.01 sys=0.01, real=0.01 secs] 
140.256: [GC (Allocation Failure) [PSYoungGen: 247312K->1552K(242176K)] 528337K->282585K(752640K), 0.0017263 secs] [Times: user=0.01 sys=0.00, real=0.00 secs] 
140.881: [GC (Allocation Failure) [PSYoungGen: 241680K->1568K(237056K)] 522713K->282609K(747520K), 0.0019694 secs] [Times: user=0.01 sys=0.00, real=0.00 secs] 
142.721: [GC (Allocation Failure) [PSYoungGen: 236576K->1501K(231424K)] 517617K->282550K(741888K), 0.0017983 secs] [Times: user=0.00 sys=0.00, real=0.00 secs] 
143.176: [GC (Allocation Failure) [PSYoungGen: 231389K->2656K(227840K)] 512438K->283721K(738304K), 0.0018712 secs] [Times: user=0.01 sys=0.00, real=0.00 secs] 
145.909: [GC (Allocation Failure) [PSYoungGen: 227424K->1376K(221696K)] 508489K->282441K(732160K), 0.0028677 secs] [Times: user=0.01 sys=0.00, real=0.00 secs] 
147.205: [GC (Allocation Failure) [PSYoungGen: 221536K->1613K(217600K)] 502601K->282686K(728064K), 0.0016084 secs] [Times: user=0.01 sys=0.00, real=0.01 secs] 
148.580: [GC (Allocation Failure) [PSYoungGen: 217165K->1552K(212992K)] 498238K->282641K(723456K), 0.0026658 secs] [Times: user=0.01 sys=0.00, real=0.00 secs] 
150.579: [GC (Allocation Failure) [PSYoungGen: 212496K->1469K(208384K)] 493585K->282574K(718848K), 0.0019062 secs] [Times: user=0.01 sys=0.01, real=0.00 secs] 
150.946: [GC (Allocation Failure) [PSYoungGen: 208317K->1693K(204800K)] 489422K->282830K(715264K), 0.0017247 secs] [Times: user=0.01 sys=0.00, real=0.00 secs] 
152.814: [GC (Allocation Failure) [PSYoungGen: 204445K->1392K(200192K)] 485582K->282537K(710656K), 0.0023456 secs] [Times: user=0.01 sys=0.00, real=0.01 secs] 
153.650: [GC (Allocation Failure) [PSYoungGen: 200048K->1565K(197120K)] 481193K->282726K(707584K), 0.0015907 secs] [Times: user=0.00 sys=0.00, real=0.00 secs] 
154.394: [GC (Allocation Failure) [PSYoungGen: 196637K->1568K(193536K)] 477798K->290921K(704000K), 0.0026833 secs] [Times: user=0.02 sys=0.00, real=0.01 secs] 
156.751: [GC (Allocation Failure) [PSYoungGen: 193056K->1440K(189440K)] 482409K->290793K(699904K), 0.0033355 secs] [Times: user=0.01 sys=0.00, real=0.00 secs] 
157.541: [GC (Allocation Failure) [PSYoungGen: 189344K->1565K(186368K)] 478697K->290926K(696832K), 0.0016585 secs] [Times: user=0.01 sys=0.00, real=0.00 secs] 
158.662: [GC (Allocation Failure) [PSYoungGen: 185885K->1504K(182272K)] 475246K->290873K(692736K), 0.0029169 secs] [Times: user=0.01 sys=0.00, real=0.00 secs] 
161.155: [GC (Allocation Failure) [PSYoungGen: 182240K->1376K(179200K)] 471609K->290745K(689664K), 0.0037305 secs] [Times: user=0.01 sys=0.00, real=0.01 secs] 
162.029: [GC (Allocation Failure) [PSYoungGen: 179040K->1565K(176640K)] 468409K->290934K(687104K), 0.0015760 secs] [Times: user=0.01 sys=0.01, real=0.00 secs] 
162.465: [GC (Allocation Failure) [PSYoungGen: 176157K->1568K(173568K)] 465526K->290945K(684032K), 0.0019190 secs] [Times: user=0.00 sys=0.00, real=0.01 secs] 
163.270: [GC (Allocation Failure) [PSYoungGen: 173088K->1376K(169984K)] 462465K->290761K(680448K), 0.0016079 secs] [Times: user=0.00 sys=0.00, real=0.00 secs] 
163.964: [GC (Allocation Failure) [PSYoungGen: 169824K->1517K(166912K)] 459209K->290902K(677376K), 0.0014998 secs] [Times: user=0.00 sys=0.00, real=0.00 secs] 
164.380: [GC (Allocation Failure) [PSYoungGen: 166893K->1600K(164864K)] 456278K->293049K(675328K), 0.0019760 secs] [Times: user=0.01 sys=0.00, real=0.00 secs] 
165.311: [GC (Allocation Failure) [PSYoungGen: 164416K->320K(160768K)] 455865K->292801K(671232K), 0.0016726 secs] [Times: user=0.00 sys=0.00, real=0.00 secs] 
166.071: [GC (Allocation Failure) [PSYoungGen: 160576K->1469K(160256K)] 453057K->293950K(670720K), 0.0015961 secs] [Times: user=0.01 sys=0.00, real=0.00 secs] 
166.346: [GC (Allocation Failure) [PSYoungGen: 159165K->1597K(157184K)] 451646K->294078K(667648K), 0.0017820 secs] [Times: user=0.01 sys=0.00, real=0.01 secs] 
167.396: [GC (Allocation Failure) [PSYoungGen: 156733K->1456K(154112K)] 449214K->293945K(664576K), 0.0023435 secs] [Times: user=0.01 sys=0.00, real=0.01 secs] 
168.323: [GC (Allocation Failure) [PSYoungGen: 154032K->1408K(151552K)] 446521K->293897K(662016K), 0.0018235 secs] [Times: user=0.00 sys=0.00, real=0.00 secs] 
168.856: [GC (Allocation Failure) [PSYoungGen: 151424K->1552K(149504K)] 443913K->294049K(659968K), 0.0019498 secs] [Times: user=0.01 sys=0.00, real=0.00 secs] 
169.262: [GC (Allocation Failure) [PSYoungGen: 149008K->544K(146432K)] 441505K->296121K(656896K), 0.0019499 secs] [Times: user=0.01 sys=0.00, real=0.00 secs] 
170.490: [GC (Allocation Failure) [PSYoungGen: 145952K->384K(143872K)] 441529K->295961K(654336K), 0.0023324 secs] [Times: user=0.01 sys=0.00, real=0.00 secs] 
171.150: [GC (Allocation Failure) [PSYoungGen: 143744K->1469K(142848K)] 439321K->297046K(653312K), 0.0015631 secs] [Times: user=0.00 sys=0.00, real=0.00 secs] 
171.448: [GC (Allocation Failure) [PSYoungGen: 142781K->1597K(141312K)] 438358K->297174K(651776K), 0.0016009 secs] [Times: user=0.01 sys=0.00, real=0.00 secs] 
173.682: [GC (Allocation Failure) [PSYoungGen: 140861K->1488K(138752K)] 436438K->297073K(649216K), 0.0042871 secs] [Times: user=0.02 sys=0.00, real=0.01 secs] 
174.924: [GC (Allocation Failure) [PSYoungGen: 138704K->1408K(136704K)] 434289K->297001K(647168K), 0.0026954 secs] [Times: user=0.01 sys=0.00, real=0.01 secs] 
176.157: [GC (Allocation Failure) [PSYoungGen: 136576K->1469K(134656K)] 432169K->297070K(645120K), 0.0021540 secs] [Times: user=0.01 sys=0.00, real=0.00 secs] 
176.417: [GC (Allocation Failure) [PSYoungGen: 134589K->1629K(133120K)] 430190K->297238K(643584K), 0.0016602 secs] [Times: user=0.01 sys=0.00, real=0.00 secs] 
176.865: [GC (Allocation Failure) [PSYoungGen: 132701K->1456K(130560K)] 428310K->297081K(641024K), 0.0020137 secs] [Times: user=0.01 sys=0.00, real=0.01 secs] 
177.483: [GC (Allocation Failure) [PSYoungGen: 130480K->1376K(129024K)] 426105K->297009K(639488K), 0.0024049 secs] [Times: user=0.01 sys=0.00, real=0.00 secs] 
178.025: [GC (Allocation Failure) [PSYoungGen: 128859K->1501K(127488K)] 424493K->297134K(637952K), 0.0017206 secs] [Times: user=0.00 sys=0.00, real=0.01 secs] 
178.246: [GC (Allocation Failure) [PSYoungGen: 127453K->1520K(125952K)] 423086K->297153K(636416K), 0.0015462 secs] [Times: user=0.01 sys=0.00, real=0.00 secs] 
178.595: [GC (Allocation Failure) [PSYoungGen: 125936K->1504K(124416K)] 421569K->297177K(634880K), 0.0017491 secs] [Times: user=0.00 sys=0.01, real=0.01 secs] 
179.736: [GC (Allocation Failure) [PSYoungGen: 124384K->1392K(122880K)] 420057K->297073K(633344K), 0.0031140 secs] [Times: user=0.01 sys=0.00, real=0.00 secs] 
180.401: [GC (Allocation Failure) [PSYoungGen: 122736K->1376K(121344K)] 418417K->297057K(631808K), 0.0018743 secs] [Times: user=0.01 sys=0.00, real=0.00 secs] 
180.736: [GC (Allocation Failure) [PSYoungGen: 121184K->1517K(119808K)] 416865K->297206K(630272K), 0.0015926 secs] [Times: user=0.00 sys=0.00, real=0.00 secs] 
180.944: [GC (Allocation Failure) [PSYoungGen: 119789K->1533K(118272K)] 415478K->297246K(628736K), 0.0015870 secs] [Times: user=0.01 sys=0.00, real=0.00 secs] 
182.692: [GC (Allocation Failure) [PSYoungGen: 118269K->1456K(116736K)] 413982K->297169K(627200K), 0.0032055 secs] [Times: user=0.01 sys=0.00, real=0.00 secs] 
183.602: [GC (Allocation Failure) [PSYoungGen: 116656K->1440K(115200K)] 412369K->297153K(625664K), 0.0021882 secs] [Times: user=0.00 sys=0.00, real=0.00 secs] 
184.433: [GC (Allocation Failure) [PSYoungGen: 115104K->1453K(113664K)] 410817K->297174K(624128K), 0.0023742 secs] [Times: user=0.01 sys=0.00, real=0.00 secs] 
184.711: [GC (Allocation Failure) [PSYoungGen: 113581K->1533K(112128K)] 409302K->297254K(622592K), 0.0016871 secs] [Times: user=0.01 sys=0.00, real=0.00 secs] 
184.905: [GC (Allocation Failure) [PSYoungGen: 112125K->1565K(111104K)] 407846K->297294K(621568K), 0.0016490 secs] [Times: user=0.01 sys=0.00, real=0.01 secs] 
185.655: [GC (Allocation Failure) [PSYoungGen: 110621K->416K(108544K)] 406350K->297177K(619008K), 0.0028062 secs] [Times: user=0.02 sys=0.00, real=0.01 secs] 
186.656: [GC (Allocation Failure) [PSYoungGen: 108448K->352K(109056K)] 405209K->297121K(619520K), 0.0023868 secs] [Times: user=0.01 sys=0.00, real=0.00 secs] 
187.552: [GC (Allocation Failure) [PSYoungGen: 107360K->1501K(107520K)] 404129K->298270K(617984K), 0.0021038 secs] [Times: user=0.01 sys=0.00, real=0.00 secs] 
187.831: [GC (Allocation Failure) [PSYoungGen: 107485K->1536K(107008K)] 404254K->298305K(617472K), 0.0015288 secs] [Times: user=0.01 sys=0.00, real=0.00 secs] 
188.014: [GC (Allocation Failure) [PSYoungGen: 106496K->512K(104960K)] 403265K->298305K(615424K), 0.0016757 secs] [Times: user=0.01 sys=0.00, real=0.00 secs] 
189.432: [GC (Allocation Failure) [PSYoungGen: 104448K->1456K(104448K)] 402241K->299249K(614912K), 0.0041442 secs] [Times: user=0.02 sys=0.00, real=0.01 secs] 
190.718: [GC (Allocation Failure) [PSYoungGen: 104368K->1376K(103424K)] 402161K->299169K(613888K), 0.0042363 secs] [Times: user=0.01 sys=0.00, real=0.00 secs] 
191.679: [GC (Allocation Failure) [PSYoungGen: 103264K->1533K(102400K)] 401057K->299326K(612864K), 0.0027685 secs] [Times: user=0.01 sys=0.00, real=0.00 secs] 
192.000: [GC (Allocation Failure) [PSYoungGen: 102397K->1549K(101888K)] 400190K->299350K(612352K), 0.0015135 secs] [Times: user=0.00 sys=0.00, real=0.00 secs] 
192.173: [GC (Allocation Failure) [PSYoungGen: 101382K->1533K(100352K)] 399184K->299334K(610816K), 0.0015365 secs] [Times: user=0.00 sys=0.00, real=0.00 secs] 
193.502: [GC (Allocation Failure) [PSYoungGen: 100349K->1488K(99328K)] 398150K->299297K(609792K), 0.0042373 secs] [Times: user=0.01 sys=0.00, real=0.01 secs] 
194.916: [GC (Allocation Failure) [PSYoungGen: 99280K->1376K(98304K)] 397089K->299185K(608768K), 0.0038201 secs] [Times: user=0.01 sys=0.00, real=0.00 secs] 
195.808: [GC (Allocation Failure) [PSYoungGen: 98144K->1344K(97280K)] 395953K->299153K(607744K), 0.0026030 secs] [Times: user=0.01 sys=0.00, real=0.00 secs] 
196.330: [GC (Allocation Failure) [PSYoungGen: 97088K->1421K(96256K)] 394897K->299230K(606720K), 0.0020066 secs] [Times: user=0.00 sys=0.00, real=0.00 secs] 
196.522: [GC (Allocation Failure) [PSYoungGen: 96141K->1456K(95232K)] 393950K->299265K(605696K), 0.0014845 secs] [Times: user=0.00 sys=0.00, real=0.00 secs] 
196.691: [GC (Allocation Failure) [PSYoungGen: 95152K->1501K(94208K)] 392961K->299318K(604672K), 0.0015373 secs] [Times: user=0.01 sys=0.00, real=0.00 secs] 
198.325: [GC (Allocation Failure) [PSYoungGen: 94173K->1440K(93184K)] 391990K->299257K(603648K), 0.0024600 secs] [Times: user=0.01 sys=0.00, real=0.01 secs] 
199.237: [GC (Allocation Failure) [PSYoungGen: 93088K->1392K(92160K)] 390905K->299217K(602624K), 0.0025748 secs] [Times: user=0.01 sys=0.00, real=0.00 secs] 
200.381: [GC (Allocation Failure) [PSYoungGen: 92016K->1408K(91136K)] 389841K->299233K(601600K), 0.0035020 secs] [Times: user=0.01 sys=0.00, real=0.00 secs] 
200.828: [GC (Allocation Failure) [PSYoungGen: 91008K->1517K(90112K)] 388833K->299342K(600576K), 0.0016588 secs] [Times: user=0.00 sys=0.00, real=0.00 secs] 
200.983: [GC (Allocation Failure) [PSYoungGen: 90093K->1533K(89088K)] 387918K->299358K(599552K), 0.0015362 secs] [Times: user=0.01 sys=0.00, real=0.00 secs] 
201.164: [GC (Allocation Failure) [PSYoungGen: 89085K->1501K(88064K)] 386910K->299326K(598528K), 0.0018690 secs] [Times: user=0.00 sys=0.00, real=0.00 secs] 
203.130: [GC (Allocation Failure) [PSYoungGen: 88029K->1424K(87552K)] 385854K->299265K(598016K), 0.0030804 secs] [Times: user=0.01 sys=0.00, real=0.00 secs] 
204.654: [GC (Allocation Failure) [PSYoungGen: 87440K->1408K(87040K)] 385281K->299249K(597504K), 0.0031416 secs] [Times: user=0.01 sys=0.00, real=0.01 secs] 
205.891: [GC (Allocation Failure) [PSYoungGen: 86912K->1392K(86528K)] 384753K->299233K(596992K), 0.0031230 secs] [Times: user=0.01 sys=0.00, real=0.00 secs] 
206.505: [GC (Allocation Failure) [PSYoungGen: 86384K->1421K(86016K)] 384225K->299270K(596480K), 0.0019456 secs] [Times: user=0.01 sys=0.00, real=0.01 secs] 
206.672: [GC (Allocation Failure) [PSYoungGen: 85901K->1504K(85504K)] 383750K->299353K(595968K), 0.0014162 secs] [Times: user=0.01 sys=0.00, real=0.00 secs] 
206.819: [GC (Allocation Failure) [PSYoungGen: 85472K->1453K(84992K)] 383321K->299302K(595456K), 0.0016259 secs] [Times: user=0.00 sys=0.00, real=0.00 secs] 
207.154: [GC (Allocation Failure) [PSYoungGen: 84909K->1456K(84480K)] 382758K->299305K(594944K), 0.0015214 secs] [Times: user=0.00 sys=0.00, real=0.01 secs] 
207.604: [GC (Allocation Failure) [PSYoungGen: 84400K->1376K(83968K)] 382249K->299225K(594432K), 0.0018951 secs] [Times: user=0.01 sys=0.00, real=0.00 secs] 
208.034: [GC (Allocation Failure) [PSYoungGen: 83808K->1408K(83456K)] 381657K->299257K(593920K), 0.0017215 secs] [Times: user=0.01 sys=0.00, real=0.01 secs] 
208.431: [GC (Allocation Failure) [PSYoungGen: 83328K->1469K(82944K)] 381177K->299318K(593408K), 0.0018951 secs] [Times: user=0.01 sys=0.00, real=0.00 secs] 
208.578: [GC (Allocation Failure) [PSYoungGen: 82877K->1517K(82432K)] 380726K->299366K(592896K), 0.0016503 secs] [Times: user=0.01 sys=0.00, real=0.00 secs] 
208.722: [GC (Allocation Failure) [PSYoungGen: 82413K->1501K(89600K)] 380262K->299350K(600064K), 0.0018409 secs] [Times: user=0.01 sys=0.00, real=0.00 secs] 
208.989: [GC (Allocation Failure) [PSYoungGen: 89565K->992K(96768K)] 387414K->299873K(607232K), 0.0019371 secs] [Times: user=0.01 sys=0.00, real=0.00 secs] 
210.586: [GC (Allocation Failure) [PSYoungGen: 96736K->416K(95232K)] 395617K->299297K(605696K), 0.0041265 secs] [Times: user=0.02 sys=0.00, real=0.00 secs] 
212.050: [GC (Allocation Failure) [PSYoungGen: 95136K->384K(94208K)] 394017K->299265K(604672K), 0.0033339 secs] [Times: user=0.01 sys=0.00, real=0.00 secs] 
212.749: [GC (Allocation Failure) [PSYoungGen: 94080K->1456K(94720K)] 392961K->300345K(605184K), 0.0028636 secs] [Times: user=0.01 sys=0.00, real=0.00 secs] 
213.054: [GC (Allocation Failure) [PSYoungGen: 94128K->1501K(93184K)] 393017K->300390K(603648K), 0.0016525 secs] [Times: user=0.00 sys=0.00, real=0.00 secs] 
213.216: [GC (Allocation Failure) [PSYoungGen: 93149K->1501K(92160K)] 392038K->300390K(602624K), 0.0017234 secs] [Times: user=0.01 sys=0.00, real=0.00 secs] 
214.379: [GC (Allocation Failure) [PSYoungGen: 92125K->1440K(91136K)] 391014K->300329K(601600K), 0.0042992 secs] [Times: user=0.01 sys=0.00, real=0.00 secs] 
215.989: [GC (Allocation Failure) [PSYoungGen: 91040K->1376K(90112K)] 389929K->300265K(600576K), 0.0045766 secs] [Times: user=0.01 sys=0.00, real=0.00 secs] 
216.921: [GC (Allocation Failure) [PSYoungGen: 89952K->1376K(89088K)] 388841K->300265K(599552K), 0.0030742 secs] [Times: user=0.02 sys=0.01, real=0.00 secs] 
218.002: [GC (Allocation Failure) [PSYoungGen: 88928K->1437K(88064K)] 387817K->300342K(598528K), 0.0027073 secs] [Times: user=0.01 sys=0.00, real=0.00 secs] 
218.216: [GC (Allocation Failure) [PSYoungGen: 87965K->1469K(87552K)] 386870K->300374K(598016K), 0.0015475 secs] [Times: user=0.00 sys=0.00, real=0.00 secs] 
218.370: [GC (Allocation Failure) [PSYoungGen: 87485K->1469K(87040K)] 386390K->300374K(597504K), 0.0014800 secs] [Times: user=0.00 sys=0.00, real=0.00 secs] 
218.948: [GC (Allocation Failure) [PSYoungGen: 86973K->1488K(86528K)] 385878K->300393K(596992K), 0.0029750 secs] [Times: user=0.01 sys=0.00, real=0.00 secs] 
220.124: [GC (Allocation Failure) [PSYoungGen: 86480K->1360K(86016K)] 385385K->300265K(596480K), 0.0036264 secs] [Times: user=0.01 sys=0.01, real=0.01 secs] 
220.950: [GC (Allocation Failure) [PSYoungGen: 85840K->1440K(85504K)] 384745K->300345K(595968K), 0.0026947 secs] [Times: user=0.01 sys=0.00, real=0.00 secs] 
221.829: [GC (Allocation Failure) [PSYoungGen: 85408K->1376K(84992K)] 384313K->300289K(595456K), 0.0025108 secs] [Times: user=0.01 sys=0.00, real=0.00 secs] 
222.272: [GC (Allocation Failure) [PSYoungGen: 84832K->1469K(84480K)] 383745K->300382K(594944K), 0.0015388 secs] [Times: user=0.01 sys=0.00, real=0.00 secs] 
222.418: [GC (Allocation Failure) [PSYoungGen: 84413K->1501K(83968K)] 383326K->300430K(594432K), 0.0015830 secs] [Times: user=0.00 sys=0.00, real=0.00 secs] 
222.586: [GC (Allocation Failure) [PSYoungGen: 83933K->1501K(83456K)] 382862K->300430K(593920K), 0.0016340 secs] [Times: user=0.01 sys=0.00, real=0.01 secs] 
223.650: [GC (Allocation Failure) [PSYoungGen: 83421K->1456K(82944K)] 382350K->300385K(593408K), 0.0035462 secs] [Times: user=0.01 sys=0.00, real=0.00 secs] 
224.848: [GC (Allocation Failure) [PSYoungGen: 82864K->1376K(82432K)] 381793K->300305K(592896K), 0.0033206 secs] [Times: user=0.01 sys=0.00, real=0.00 secs] 
225.830: [GC (Allocation Failure) [PSYoungGen: 82272K->1376K(81920K)] 381201K->300305K(592384K), 0.0033502 secs] [Times: user=0.01 sys=0.00, real=0.00 secs] 
226.653: [GC (Allocation Failure) [PSYoungGen: 81760K->1424K(81408K)] 380689K->300353K(591872K), 0.0023055 secs] [Times: user=0.01 sys=0.00, real=0.00 secs] 
226.842: [GC (Allocation Failure) [PSYoungGen: 81296K->1501K(80896K)] 380225K->300430K(591360K), 0.0015635 secs] [Times: user=0.01 sys=0.00, real=0.00 secs] 
226.986: [GC (Allocation Failure) [PSYoungGen: 80861K->1453K(80384K)] 379790K->300382K(590848K), 0.0014614 secs] [Times: user=0.00 sys=0.00, real=0.01 secs] 
227.123: [GC (Allocation Failure) [PSYoungGen: 80301K->1533K(79872K)] 379230K->300462K(590336K), 0.0016365 secs] [Times: user=0.01 sys=0.00, real=0.00 secs] 
227.594: [GC (Allocation Failure) [PSYoungGen: 79869K->1424K(79360K)] 378798K->300361K(589824K), 0.0018421 secs] [Times: user=0.01 sys=0.00, real=0.01 secs] 
228.063: [GC (Allocation Failure) [PSYoungGen: 79248K->1424K(78848K)] 378185K->300369K(589312K), 0.0018347 secs] [Times: user=0.01 sys=0.00, real=0.00 secs] 
228.628: [GC (Allocation Failure) [PSYoungGen: 78736K->1376K(78336K)] 377681K->300321K(588800K), 0.0018400 secs] [Times: user=0.01 sys=0.00, real=0.00 secs] 
229.096: [GC (Allocation Failure) [PSYoungGen: 78176K->1501K(77824K)] 377121K->300446K(588288K), 0.0023151 secs] [Times: user=0.01 sys=0.00, real=0.00 secs] 
229.266: [GC (Allocation Failure) [PSYoungGen: 77789K->1421K(77312K)] 376734K->300390K(587776K), 0.0015680 secs] [Times: user=0.00 sys=0.00, real=0.00 secs] 
229.399: [GC (Allocation Failure) [PSYoungGen: 77197K->1501K(76800K)] 376166K->300470K(587264K), 0.0016468 secs] [Times: user=0.00 sys=0.00, real=0.00 secs] 
229.530: [GC (Allocation Failure) [PSYoungGen: 76765K->1469K(83968K)] 375734K->300438K(594432K), 0.0015501 secs] [Times: user=0.01 sys=0.00, real=0.00 secs] 
230.147: [GC (Allocation Failure) [PSYoungGen: 83901K->1440K(83456K)] 382870K->300417K(593920K), 0.0024003 secs] [Times: user=0.01 sys=0.00, real=0.00 secs] 
230.636: [GC (Allocation Failure) [PSYoungGen: 83360K->1440K(82944K)] 382337K->300425K(593408K), 0.0019429 secs] [Times: user=0.00 sys=0.00, real=0.01 secs] 
231.221: [GC (Allocation Failure) [PSYoungGen: 82848K->1424K(82432K)] 381833K->300417K(592896K), 0.0021153 secs] [Times: user=0.01 sys=0.00, real=0.00 secs] 
231.736: [GC (Allocation Failure) [PSYoungGen: 82320K->1469K(81920K)] 381313K->300462K(592384K), 0.0015672 secs] [Times: user=0.01 sys=0.00, real=0.01 secs] 
231.883: [GC (Allocation Failure) [PSYoungGen: 81853K->1453K(81408K)] 380846K->300446K(591872K), 0.0015012 secs] [Times: user=0.00 sys=0.00, real=0.00 secs] 
232.024: [GC (Allocation Failure) [PSYoungGen: 81325K->1421K(80896K)] 380318K->300414K(591360K), 0.0013983 secs] [Times: user=0.01 sys=0.00, real=0.00 secs] 
232.349: [GC (Allocation Failure) [PSYoungGen: 80781K->1440K(80384K)] 379774K->300441K(590848K), 0.0019719 secs] [Times: user=0.00 sys=0.00, real=0.00 secs] 
232.710: [GC (Allocation Failure) [PSYoungGen: 80288K->1408K(79872K)] 379289K->300409K(590336K), 0.0016185 secs] [Times: user=0.01 sys=0.00, real=0.00 secs] 
233.036: [GC (Allocation Failure) [PSYoungGen: 79744K->1344K(79360K)] 378745K->300353K(589824K), 0.0019543 secs] [Times: user=0.01 sys=0.00, real=0.01 secs] 
233.437: [GC (Allocation Failure) [PSYoungGen: 79168K->1408K(78848K)] 378177K->300417K(589312K), 0.0018409 secs] [Times: user=0.01 sys=0.00, real=0.00 secs] 
233.673: [GC (Allocation Failure) [PSYoungGen: 78720K->1453K(78336K)] 377729K->300462K(588800K), 0.0015661 secs] [Times: user=0.01 sys=0.00, real=0.00 secs] 
233.808: [GC (Allocation Failure) [PSYoungGen: 78253K->1469K(77824K)] 377262K->300478K(588288K), 0.0015780 secs] [Times: user=0.01 sys=0.00, real=0.00 secs] 
233.941: [GC (Allocation Failure) [PSYoungGen: 77757K->1501K(84992K)] 376766K->300510K(595456K), 0.0016188 secs] [Times: user=0.00 sys=0.00, real=0.00 secs] 
236.483: [GC (Allocation Failure) [PSYoungGen: 84957K->1424K(84480K)] 383966K->300433K(594944K), 0.0039953 secs] [Times: user=0.02 sys=0.00, real=0.01 secs] 
237.284: [GC (Allocation Failure) [PSYoungGen: 84368K->1424K(83968K)] 383377K->300433K(594432K), 0.0040964 secs] [Times: user=0.01 sys=0.00, real=0.01 secs] 
238.112: [GC (Allocation Failure) [PSYoungGen: 83856K->1424K(83456K)] 382865K->300441K(593920K), 0.0025116 secs] [Times: user=0.01 sys=0.00, real=0.00 secs] 
238.941: [GC (Allocation Failure) [PSYoungGen: 83344K->1408K(82944K)] 382361K->300425K(593408K), 0.0046181 secs] [Times: user=0.02 sys=0.00, real=0.01 secs] 
239.286: [GC (Allocation Failure) [PSYoungGen: 82816K->445K(81408K)] 381833K->300486K(591872K), 0.0015464 secs] [Times: user=0.00 sys=0.00, real=0.00 secs] 
239.454: [GC (Allocation Failure) [PSYoungGen: 81341K->397K(82432K)] 381382K->300454K(592896K), 0.0017176 secs] [Times: user=0.00 sys=0.01, real=0.00 secs] 
239.642: [GC (Allocation Failure) [PSYoungGen: 80781K->461K(80384K)] 380838K->300518K(590848K), 0.0020067 secs] [Times: user=0.01 sys=0.00, real=0.00 secs] 
240.434: [GC (Allocation Failure) [PSYoungGen: 80333K->1504K(81408K)] 380390K->301561K(591872K), 0.0027210 secs] [Times: user=0.00 sys=0.00, real=0.01 secs] 
241.172: [GC (Allocation Failure) [PSYoungGen: 80864K->1408K(80384K)] 380921K->301473K(590848K), 0.0024222 secs] [Times: user=0.01 sys=0.00, real=0.00 secs] 
241.692: [GC (Allocation Failure) [PSYoungGen: 80256K->1376K(79872K)] 380321K->301441K(590336K), 0.0021785 secs] [Times: user=0.00 sys=0.00, real=0.00 secs] 
242.067: [GC (Allocation Failure) [PSYoungGen: 79712K->1437K(79360K)] 379777K->301502K(589824K), 0.0019769 secs] [Times: user=0.01 sys=0.00, real=0.00 secs] 
242.221: [GC (Allocation Failure) [PSYoungGen: 79261K->1501K(78848K)] 379326K->301566K(589312K), 0.0016570 secs] [Times: user=0.01 sys=0.00, real=0.00 secs] 
242.357: [GC (Allocation Failure) [PSYoungGen: 78813K->1453K(78336K)] 378878K->301518K(588800K), 0.0014804 secs] [Times: user=0.00 sys=0.00, real=0.00 secs] 
242.491: [GC (Allocation Failure) [PSYoungGen: 78253K->1453K(85504K)] 378318K->301518K(595968K), 0.0014840 secs] [Times: user=0.01 sys=0.00, real=0.00 secs] 
243.226: [GC (Allocation Failure) [PSYoungGen: 85421K->1440K(84992K)] 385486K->301505K(595456K), 0.0039356 secs] [Times: user=0.01 sys=0.00, real=0.00 secs] 
244.203: [GC (Allocation Failure) [PSYoungGen: 84896K->1344K(84480K)] 384961K->301409K(594944K), 0.0033163 secs] [Times: user=0.01 sys=0.00, real=0.01 secs] 
244.989: [GC (Allocation Failure) [PSYoungGen: 84288K->1408K(83968K)] 384353K->301473K(594432K), 0.0030867 secs] [Times: user=0.01 sys=0.00, real=0.00 secs] 
245.532: [GC (Allocation Failure) [PSYoungGen: 83840K->1469K(83456K)] 383905K->301534K(593920K), 0.0020015 secs] [Times: user=0.01 sys=0.00, real=0.00 secs] 
245.742: [GC (Allocation Failure) [PSYoungGen: 83389K->1469K(82944K)] 383454K->301534K(593408K), 0.0020050 secs] [Times: user=0.01 sys=0.00, real=0.00 secs] 
245.911: [GC (Allocation Failure) [PSYoungGen: 82877K->1501K(82432K)] 382942K->301566K(592896K), 0.0017359 secs] [Times: user=0.01 sys=0.00, real=0.00 secs] 
246.361: [GC (Allocation Failure) [PSYoungGen: 82397K->1440K(81920K)] 382462K->301505K(592384K), 0.0023820 secs] [Times: user=0.01 sys=0.00, real=0.00 secs] 
247.079: [GC (Allocation Failure) [PSYoungGen: 81824K->1360K(81408K)] 381889K->301425K(591872K), 0.0024308 secs] [Times: user=0.01 sys=0.00, real=0.00 secs] 
247.858: [GC (Allocation Failure) [PSYoungGen: 81232K->1376K(80896K)] 381297K->301441K(591360K), 0.0020206 secs] [Times: user=0.00 sys=0.00, real=0.00 secs] 
248.269: [GC (Allocation Failure) [PSYoungGen: 80736K->1360K(80384K)] 380801K->301425K(590848K), 0.0024074 secs] [Times: user=0.01 sys=0.00, real=0.00 secs] 
248.498: [GC (Allocation Failure) [PSYoungGen: 80208K->1485K(79872K)] 380273K->301558K(590336K), 0.0013591 secs] [Times: user=0.01 sys=0.00, real=0.00 secs] 
248.634: [GC (Allocation Failure) [PSYoungGen: 79821K->1520K(79360K)] 379894K->301593K(589824K), 0.0015343 secs] [Times: user=0.01 sys=0.00, real=0.01 secs] 
248.773: [GC (Allocation Failure) [PSYoungGen: 79344K->1469K(78848K)] 379417K->301542K(589312K), 0.0015600 secs] [Times: user=0.01 sys=0.00, real=0.00 secs] 
249.393: [GC (Allocation Failure) [PSYoungGen: 78781K->1392K(78336K)] 378854K->301465K(588800K), 0.0021997 secs] [Times: user=0.01 sys=0.00, real=0.00 secs] 
249.908: [GC (Allocation Failure) [PSYoungGen: 78192K->1344K(77824K)] 378265K->301417K(588288K), 0.0019659 secs] [Times: user=0.00 sys=0.00, real=0.00 secs] 
250.541: [GC (Allocation Failure) [PSYoungGen: 77632K->1376K(77312K)] 377705K->301449K(587776K), 0.0021670 secs] [Times: user=0.01 sys=0.00, real=0.00 secs] 
251.159: [GC (Allocation Failure) [PSYoungGen: 77152K->1408K(76800K)] 377225K->301481K(587264K), 0.0020231 secs] [Times: user=0.01 sys=0.00, real=0.00 secs] 
251.424: [GC (Allocation Failure) [PSYoungGen: 76661K->1501K(76288K)] 376735K->301574K(586752K), 0.0016517 secs] [Times: user=0.01 sys=0.00, real=0.01 secs] 
251.557: [GC (Allocation Failure) [PSYoungGen: 76253K->1488K(75776K)] 376326K->301569K(586240K), 0.0014398 secs] [Times: user=0.00 sys=0.00, real=0.00 secs] 
251.687: [GC (Allocation Failure) [PSYoungGen: 75728K->1421K(75264K)] 375809K->301502K(585728K), 0.0014514 secs] [Times: user=0.00 sys=0.00, real=0.00 secs] 
252.196: [GC (Allocation Failure) [PSYoungGen: 75149K->1504K(74752K)] 375230K->301585K(585216K), 0.0018113 secs] [Times: user=0.01 sys=0.00, real=0.01 secs] 
253.231: [GC (Allocation Failure) [PSYoungGen: 74720K->1408K(74240K)] 374801K->301497K(584704K), 0.0033768 secs] [Times: user=0.01 sys=0.00, real=0.00 secs] 
254.053: [GC (Allocation Failure) [PSYoungGen: 74112K->1408K(73728K)] 374201K->301497K(584192K), 0.0031942 secs] [Times: user=0.01 sys=0.00, real=0.01 secs] 
254.817: [GC (Allocation Failure) [PSYoungGen: 73600K->1408K(73216K)] 373689K->301505K(583680K), 0.0027125 secs] [Times: user=0.01 sys=0.00, real=0.00 secs] 
255.360: [GC (Allocation Failure) [PSYoungGen: 73088K->1389K(72704K)] 373185K->301486K(583168K), 0.0019792 secs] [Times: user=0.00 sys=0.00, real=0.00 secs] 
255.512: [GC (Allocation Failure) [PSYoungGen: 72557K->1501K(72192K)] 372654K->301614K(582656K), 0.0014986 secs] [Times: user=0.01 sys=0.00, real=0.00 secs] 
255.636: [GC (Allocation Failure) [PSYoungGen: 72157K->1469K(71680K)] 372270K->301582K(582144K), 0.0015229 secs] [Times: user=0.00 sys=0.00, real=0.01 secs] 
255.758: [GC (Allocation Failure) [PSYoungGen: 71613K->1485K(78336K)] 371726K->301598K(588800K), 0.0014313 secs] [Times: user=0.01 sys=0.00, real=0.00 secs] 
257.211: [GC (Allocation Failure) [PSYoungGen: 78285K->1408K(77824K)] 378398K->301529K(588288K), 0.0031719 secs] [Times: user=0.01 sys=0.00, real=0.00 secs] 
257.866: [GC (Allocation Failure) [PSYoungGen: 77696K->1408K(77312K)] 377817K->301537K(587776K), 0.0026907 secs] [Times: user=0.00 sys=0.00, real=0.00 secs] 
258.652: [GC (Allocation Failure) [PSYoungGen: 77184K->1408K(76800K)] 377313K->301537K(587264K), 0.0021527 secs] [Times: user=0.00 sys=0.00, real=0.00 secs] 
259.178: [GC (Allocation Failure) [PSYoungGen: 76672K->1501K(76288K)] 376801K->301630K(586752K), 0.0026896 secs] [Times: user=0.01 sys=0.00, real=0.00 secs] 
259.363: [GC (Allocation Failure) [PSYoungGen: 76253K->1501K(75776K)] 376382K->301630K(586240K), 0.0015219 secs] [Times: user=0.00 sys=0.00, real=0.00 secs] 
259.494: [GC (Allocation Failure) [PSYoungGen: 75741K->1469K(75264K)] 375870K->301622K(585728K), 0.0014497 secs] [Times: user=0.01 sys=0.00, real=0.00 secs] 
259.622: [GC (Allocation Failure) [PSYoungGen: 75197K->1469K(81920K)] 375350K->301622K(592384K), 0.0015669 secs] [Times: user=0.00 sys=0.00, real=0.00 secs] 
260.399: [GC (Allocation Failure) [PSYoungGen: 81853K->1408K(81408K)] 382006K->301561K(591872K), 0.0040119 secs] [Times: user=0.02 sys=0.00, real=0.00 secs] 
261.161: [GC (Allocation Failure) [PSYoungGen: 81280K->1376K(80896K)] 381433K->301529K(591360K), 0.0028983 secs] [Times: user=0.01 sys=0.00, real=0.00 secs] 
261.784: [GC (Allocation Failure) [PSYoungGen: 80736K->1360K(80384K)] 380889K->301513K(590848K), 0.0026784 secs] [Times: user=0.01 sys=0.00, real=0.01 secs] 
262.370: [GC (Allocation Failure) [PSYoungGen: 80208K->1437K(79872K)] 380361K->301590K(590336K), 0.0018293 secs] [Times: user=0.01 sys=0.00, real=0.00 secs] 
262.517: [GC (Allocation Failure) [PSYoungGen: 79773K->1501K(79360K)] 379926K->301654K(589824K), 0.0015150 secs] [Times: user=0.00 sys=0.00, real=0.00 secs] 
262.654: [GC (Allocation Failure) [PSYoungGen: 79325K->1501K(78848K)] 379478K->301654K(589312K), 0.0015074 secs] [Times: user=0.01 sys=0.00, real=0.01 secs] 
262.812: [GC (Allocation Failure) [PSYoungGen: 78813K->1517K(86016K)] 378966K->301670K(596480K), 0.0017170 secs] [Times: user=0.00 sys=0.00, real=0.00 secs] 
263.415: [GC (Allocation Failure) [PSYoungGen: 85997K->1424K(85504K)] 386150K->301577K(595968K), 0.0039649 secs] [Times: user=0.02 sys=0.00, real=0.01 secs] 
264.105: [GC (Allocation Failure) [PSYoungGen: 85392K->1440K(84992K)] 385545K->301601K(595456K), 0.0023944 secs] [Times: user=0.01 sys=0.00, real=0.01 secs] 
264.843: [GC (Allocation Failure) [PSYoungGen: 84896K->1440K(84480K)] 385057K->301601K(594944K), 0.0018976 secs] [Times: user=0.01 sys=0.00, real=0.00 secs] 
265.282: [GC (Allocation Failure) [PSYoungGen: 84384K->1453K(83968K)] 384545K->301614K(594432K), 0.0014893 secs] [Times: user=0.01 sys=0.00, real=0.00 secs] 
265.425: [GC (Allocation Failure) [PSYoungGen: 83885K->1488K(83456K)] 384046K->301649K(593920K), 0.0015018 secs] [Times: user=0.01 sys=0.00, real=0.01 secs] 
265.568: [GC (Allocation Failure) [PSYoungGen: 83408K->1533K(82944K)] 383569K->301694K(593408K), 0.0016368 secs] [Times: user=0.01 sys=0.00, real=0.00 secs] 
265.853: [GC (Allocation Failure) [PSYoungGen: 82941K->1440K(82432K)] 383102K->301601K(592896K), 0.0016643 secs] [Times: user=0.01 sys=0.00, real=0.00 secs] 
266.672: [GC (Allocation Failure) [PSYoungGen: 82336K->1344K(81920K)] 382497K->301505K(592384K), 0.0019380 secs] [Times: user=0.01 sys=0.00, real=0.00 secs] 
267.355: [GC (Allocation Failure) [PSYoungGen: 81728K->1408K(81408K)] 381889K->301569K(591872K), 0.0019559 secs] [Times: user=0.01 sys=0.00, real=0.01 secs] 
268.029: [GC (Allocation Failure) [PSYoungGen: 81280K->1376K(80896K)] 381441K->301537K(591360K), 0.0022298 secs] [Times: user=0.01 sys=0.00, real=0.00 secs] 
268.327: [GC (Allocation Failure) [PSYoungGen: 80736K->1453K(80384K)] 380897K->301630K(590848K), 0.0015355 secs] [Times: user=0.00 sys=0.00, real=0.00 secs] 
268.464: [GC (Allocation Failure) [PSYoungGen: 80301K->1517K(79872K)] 380478K->301694K(590336K), 0.0015687 secs] [Times: user=0.01 sys=0.00, real=0.01 secs] 
268.602: [GC (Allocation Failure) [PSYoungGen: 79853K->1472K(79360K)] 380030K->301649K(589824K), 0.0015285 secs] [Times: user=0.00 sys=0.00, real=0.00 secs] 
269.072: [GC (Allocation Failure) [PSYoungGen: 79296K->1456K(78848K)] 379473K->301633K(589312K), 0.0018411 secs] [Times: user=0.01 sys=0.00, real=0.00 secs] 
269.834: [GC (Allocation Failure) [PSYoungGen: 78768K->1376K(78336K)] 378945K->301553K(588800K), 0.0021294 secs] [Times: user=0.01 sys=0.00, real=0.01 secs] 
270.337: [GC (Allocation Failure) [PSYoungGen: 78176K->1376K(77824K)] 378353K->301553K(588288K), 0.0020582 secs] [Times: user=0.01 sys=0.00, real=0.00 secs] 
270.682: [GC (Allocation Failure) [PSYoungGen: 77664K->1344K(77312K)] 377841K->301521K(587776K), 0.0018334 secs] [Times: user=0.01 sys=0.00, real=0.00 secs] 
270.871: [GC (Allocation Failure) [PSYoungGen: 77120K->1517K(76800K)] 377297K->301694K(587264K), 0.0016842 secs] [Times: user=0.01 sys=0.00, real=0.00 secs] 
271.002: [GC (Allocation Failure) [PSYoungGen: 76781K->1453K(76288K)] 376958K->301630K(586752K), 0.0014857 secs] [Times: user=0.01 sys=0.00, real=0.00 secs] 
271.154: [GC (Allocation Failure) [PSYoungGen: 76205K->1469K(75776K)] 376382K->301646K(586240K), 0.0016858 secs] [Times: user=0.01 sys=0.00, real=0.00 secs] 
272.046: [GC (Allocation Failure) [PSYoungGen: 75709K->1440K(75264K)] 375886K->301617K(585728K), 0.0025458 secs] [Times: user=0.01 sys=0.00, real=0.00 secs] 
273.139: [GC (Allocation Failure) [PSYoungGen: 75168K->1376K(74752K)] 375345K->301569K(585216K), 0.0023990 secs] [Times: user=0.01 sys=0.00, real=0.00 secs] 
273.779: [GC (Allocation Failure) [PSYoungGen: 74592K->1376K(74240K)] 374785K->301569K(584704K), 0.0019889 secs] [Times: user=0.01 sys=0.00, real=0.00 secs] 
274.350: [GC (Allocation Failure) [PSYoungGen: 74080K->1408K(73728K)] 374273K->301601K(584192K), 0.0020866 secs] [Times: user=0.01 sys=0.00, real=0.00 secs] 
274.782: [GC (Allocation Failure) [PSYoungGen: 73600K->1469K(73216K)] 373793K->301662K(583680K), 0.0015925 secs] [Times: user=0.00 sys=0.00, real=0.00 secs] 
274.926: [GC (Allocation Failure) [PSYoungGen: 73149K->1488K(72704K)] 373342K->301681K(583168K), 0.0016650 secs] [Times: user=0.01 sys=0.00, real=0.00 secs] 
275.083: [GC (Allocation Failure) [PSYoungGen: 72656K->1469K(72192K)] 372849K->301662K(582656K), 0.0016276 secs] [Times: user=0.01 sys=0.00, real=0.00 secs] 
275.268: [GC (Allocation Failure) [PSYoungGen: 71205K->288K(70656K)] 371398K->300481K(581120K), 0.0019971 secs] [Times: user=0.00 sys=0.00, real=0.00 secs] 
276.207: [GC (Allocation Failure) [PSYoungGen: 70432K->1408K(71168K)] 370625K->301601K(581632K), 0.0024759 secs] [Times: user=0.01 sys=0.00, real=0.00 secs] 
276.797: [GC (Allocation Failure) [PSYoungGen: 71040K->1376K(70656K)] 371233K->301569K(581120K), 0.0021173 secs] [Times: user=0.01 sys=0.00, real=0.00 secs] 
277.489: [GC (Allocation Failure) [PSYoungGen: 70496K->1408K(70144K)] 370689K->301601K(580608K), 0.0019400 secs] [Times: user=0.01 sys=0.00, real=0.00 secs] 
278.049: [GC (Allocation Failure) [PSYoungGen: 70016K->1344K(69632K)] 370209K->301537K(580096K), 0.0028799 secs] [Times: user=0.01 sys=0.00, real=0.00 secs] 
278.325: [GC (Allocation Failure) [PSYoungGen: 69440K->1501K(69120K)] 369633K->301694K(579584K), 0.0021314 secs] [Times: user=0.01 sys=0.00, real=0.01 secs] 
278.469: [GC (Allocation Failure) [PSYoungGen: 69085K->1536K(69120K)] 369278K->301729K(579584K), 0.0017740 secs] [Times: user=0.00 sys=0.00, real=0.00 secs] 
278.587: [GC (Allocation Failure) [PSYoungGen: 68608K->432K(74240K)] 368801K->301649K(584704K), 0.0017064 secs] [Times: user=0.00 sys=0.00, real=0.00 secs] 
278.797: [GC (Allocation Failure) [PSYoungGen: 74160K->1408K(82944K)] 375377K->302657K(593408K), 0.0017909 secs] [Times: user=0.00 sys=0.00, real=0.00 secs] 
279.312: [GC (Allocation Failure) [PSYoungGen: 82304K->1408K(81920K)] 383553K->302657K(592384K), 0.0024357 secs] [Times: user=0.01 sys=0.00, real=0.00 secs] 
279.934: [GC (Allocation Failure) [PSYoungGen: 81792K->1440K(81408K)] 383041K->302689K(591872K), 0.0022457 secs] [Times: user=0.00 sys=0.00, real=0.00 secs] 
280.646: [GC (Allocation Failure) [PSYoungGen: 81312K->1408K(80896K)] 382561K->302657K(591360K), 0.0021840 secs] [Times: user=0.01 sys=0.00, real=0.01 secs] 
281.031: [GC (Allocation Failure) [PSYoungGen: 80768K->1565K(80896K)] 382017K->302822K(591360K), 0.0016153 secs] [Times: user=0.01 sys=0.00, real=0.00 secs] 
281.168: [GC (Allocation Failure) [PSYoungGen: 80413K->541K(79360K)] 381670K->302822K(589824K), 0.0015191 secs] [Times: user=0.01 sys=0.00, real=0.00 secs] 
281.305: [GC (Allocation Failure) [PSYoungGen: 78877K->493K(78336K)] 381158K->302774K(588800K), 0.0015570 secs] [Times: user=0.01 sys=0.00, real=0.01 secs] 
281.613: [GC (Allocation Failure) [PSYoungGen: 78317K->1456K(78848K)] 380598K->303737K(589312K), 0.0016443 secs] [Times: user=0.00 sys=0.00, real=0.00 secs] 
282.192: [GC (Allocation Failure) [PSYoungGen: 78768K->1440K(78336K)] 381049K->303729K(588800K), 0.0018170 secs] [Times: user=0.00 sys=0.00, real=0.00 secs] 
282.927: [GC (Allocation Failure) [PSYoungGen: 78240K->1440K(77824K)] 380529K->303729K(588288K), 0.0016701 secs] [Times: user=0.01 sys=0.00, real=0.00 secs] 
283.917: [GC (Allocation Failure) [PSYoungGen: 77728K->1344K(77312K)] 380017K->303633K(587776K), 0.0021405 secs] [Times: user=0.01 sys=0.00, real=0.00 secs] 
284.371: [GC (Allocation Failure) [PSYoungGen: 77120K->1469K(76800K)] 379409K->303758K(587264K), 0.0015252 secs] [Times: user=0.00 sys=0.00, real=0.00 secs] 
284.522: [GC (Allocation Failure) [PSYoungGen: 76733K->1453K(76288K)] 379022K->303742K(586752K), 0.0017712 secs] [Times: user=0.01 sys=0.00, real=0.00 secs] 
284.702: [GC (Allocation Failure) [PSYoungGen: 76205K->1501K(75776K)] 378494K->303790K(586240K), 0.0019640 secs] [Times: user=0.01 sys=0.00, real=0.00 secs] 
284.961: [GC (Allocation Failure) [PSYoungGen: 75741K->1424K(75264K)] 378030K->303721K(585728K), 0.0025207 secs] [Times: user=0.01 sys=0.00, real=0.00 secs] 
285.347: [GC (Allocation Failure) [PSYoungGen: 75152K->1376K(74752K)] 377449K->303689K(585216K), 0.0018949 secs] [Times: user=0.01 sys=0.00, real=0.00 secs] 
285.900: [GC (Allocation Failure) [PSYoungGen: 74592K->1408K(74240K)] 376905K->303721K(584704K), 0.0020701 secs] [Times: user=0.01 sys=0.00, real=0.00 secs] 
286.502: [GC (Allocation Failure) [PSYoungGen: 74112K->1344K(73728K)] 376425K->303657K(584192K), 0.0020059 secs] [Times: user=0.01 sys=0.00, real=0.00 secs] 
286.935: [GC (Allocation Failure) [PSYoungGen: 73536K->1501K(73216K)] 375849K->303814K(583680K), 0.0017559 secs] [Times: user=0.01 sys=0.00, real=0.01 secs] 
287.069: [GC (Allocation Failure) [PSYoungGen: 73181K->1421K(72704K)] 375494K->303734K(583168K), 0.0015104 secs] [Times: user=0.00 sys=0.00, real=0.00 secs] 
287.193: [GC (Allocation Failure) [PSYoungGen: 72589K->1453K(72192K)] 374902K->303766K(582656K), 0.0015187 secs] [Times: user=0.01 sys=0.00, real=0.00 secs] 
287.317: [GC (Allocation Failure) [PSYoungGen: 72109K->1469K(78848K)] 374422K->303782K(589312K), 0.0015332 secs] [Times: user=0.01 sys=0.00, real=0.00 secs] 
287.629: [GC (Allocation Failure) [PSYoungGen: 78781K->1456K(78336K)] 381094K->303793K(588800K), 0.0018748 secs] [Times: user=0.00 sys=0.00, real=0.00 secs] 
287.948: [GC (Allocation Failure) [PSYoungGen: 78256K->1424K(77824K)] 380593K->303761K(588288K), 0.0016231 secs] [Times: user=0.01 sys=0.00, real=0.00 secs] 
288.264: [GC (Allocation Failure) [PSYoungGen: 77712K->1376K(77312K)] 380049K->303713K(587776K), 0.0017856 secs] [Times: user=0.00 sys=0.00, real=0.01 secs] 
288.587: [GC (Allocation Failure) [PSYoungGen: 77152K->1469K(76800K)] 379489K->303806K(587264K), 0.0017060 secs] [Times: user=0.01 sys=0.00, real=0.00 secs] 
288.785: [GC (Allocation Failure) [PSYoungGen: 76733K->1533K(76288K)] 379070K->303870K(586752K), 0.0018796 secs] [Times: user=0.01 sys=0.00, real=0.01 secs] 
288.928: [GC (Allocation Failure) [PSYoungGen: 76285K->1504K(75776K)] 378622K->303841K(586240K), 0.0015029 secs] [Times: user=0.00 sys=0.00, real=0.00 secs] 
289.061: [GC (Allocation Failure) [PSYoungGen: 75744K->1453K(82432K)] 378081K->303790K(592896K), 0.0014479 secs] [Times: user=0.01 sys=0.00, real=0.00 secs] 
290.712: [GC (Allocation Failure) [PSYoungGen: 82349K->1456K(81920K)] 384686K->303801K(592384K), 0.0045400 secs] [Times: user=0.02 sys=0.00, real=0.01 secs] 
291.985: [GC (Allocation Failure) [PSYoungGen: 81840K->1408K(81408K)] 384185K->303753K(591872K), 0.0032621 secs] [Times: user=0.01 sys=0.00, real=0.01 secs] 
292.720: [GC (Allocation Failure) [PSYoungGen: 81280K->1408K(80896K)] 383625K->303753K(591360K), 0.0031217 secs] [Times: user=0.01 sys=0.00, real=0.00 secs] 
293.365: [GC (Allocation Failure) [PSYoungGen: 80768K->1469K(80384K)] 383113K->303814K(590848K), 0.0025981 secs] [Times: user=0.01 sys=0.00, real=0.01 secs] 
293.553: [GC (Allocation Failure) [PSYoungGen: 80317K->1485K(79872K)] 382662K->303830K(590336K), 0.0014921 secs] [Times: user=0.01 sys=0.00, real=0.00 secs] 
293.690: [GC (Allocation Failure) [PSYoungGen: 79821K->1501K(79360K)] 382166K->303846K(589824K), 0.0014749 secs] [Times: user=0.00 sys=0.00, real=0.00 secs] 
293.850: [GC (Allocation Failure) [PSYoungGen: 79325K->1501K(78848K)] 381670K->303846K(589312K), 0.0016156 secs] [Times: user=0.01 sys=0.00, real=0.00 secs] 
294.645: [GC (Allocation Failure) [PSYoungGen: 78813K->1408K(78336K)] 381158K->303753K(588800K), 0.0022017 secs] [Times: user=0.01 sys=0.00, real=0.01 secs] 
295.479: [GC (Allocation Failure) [PSYoungGen: 78208K->1376K(77824K)] 380553K->303729K(588288K), 0.0024450 secs] [Times: user=0.01 sys=0.00, real=0.00 secs] 
296.217: [GC (Allocation Failure) [PSYoungGen: 77664K->1376K(77312K)] 380017K->303729K(587776K), 0.0034353 secs] [Times: user=0.02 sys=0.00, real=0.00 secs] 
297.012: [GC (Allocation Failure) [PSYoungGen: 77152K->1437K(76800K)] 379505K->303790K(587264K), 0.0023296 secs] [Times: user=0.01 sys=0.00, real=0.00 secs] 
297.211: [GC (Allocation Failure) [PSYoungGen: 76701K->1469K(76288K)] 379054K->303822K(586752K), 0.0015513 secs] [Times: user=0.00 sys=0.00, real=0.00 secs] 
297.342: [GC (Allocation Failure) [PSYoungGen: 76221K->1421K(75776K)] 378574K->303774K(586240K), 0.0015484 secs] [Times: user=0.00 sys=0.00, real=0.00 secs] 
297.473: [GC (Allocation Failure) [PSYoungGen: 75661K->1437K(75264K)] 378014K->303790K(585728K), 0.0016641 secs] [Times: user=0.01 sys=0.00, real=0.00 secs] 
297.799: [GC (Allocation Failure) [PSYoungGen: 75165K->1424K(74752K)] 377518K->303785K(585216K), 0.0015310 secs] [Times: user=0.00 sys=0.00, real=0.00 secs] 
298.103: [GC (Allocation Failure) [PSYoungGen: 74640K->1408K(74240K)] 377001K->303769K(584704K), 0.0017964 secs] [Times: user=0.00 sys=0.00, real=0.00 secs] 
298.405: [GC (Allocation Failure) [PSYoungGen: 74112K->1376K(73728K)] 376473K->303753K(584192K), 0.0017851 secs] [Times: user=0.01 sys=0.00, real=0.01 secs] 
298.704: [GC (Allocation Failure) [PSYoungGen: 73568K->1408K(73216K)] 375945K->303785K(583680K), 0.0022488 secs] [Times: user=0.01 sys=0.00, real=0.01 secs] 
299.032: [GC (Allocation Failure) [PSYoungGen: 73088K->1533K(72704K)] 375465K->303910K(583168K), 0.0015460 secs] [Times: user=0.00 sys=0.00, real=0.00 secs] 
299.157: [GC (Allocation Failure) [PSYoungGen: 72701K->1485K(72192K)] 375078K->303862K(582656K), 0.0015685 secs] [Times: user=0.01 sys=0.00, real=0.00 secs] 
299.281: [GC (Allocation Failure) [PSYoungGen: 72141K->1501K(78848K)] 374518K->303878K(589312K), 0.0015178 secs] [Times: user=0.01 sys=0.00, real=0.00 secs] 
299.700: [GC (Allocation Failure) [PSYoungGen: 78813K->1440K(78336K)] 381190K->303817K(588800K), 0.0022067 secs] [Times: user=0.00 sys=0.00, real=0.00 secs] 
300.112: [GC (Allocation Failure) [PSYoungGen: 78240K->1408K(77824K)] 380617K->303793K(588288K), 0.0017794 secs] [Times: user=0.01 sys=0.00, real=0.00 secs] 
300.430: [GC (Allocation Failure) [PSYoungGen: 77696K->1376K(77312K)] 380081K->303769K(587776K), 0.0019085 secs] [Times: user=0.01 sys=0.00, real=0.00 secs] 
300.745: [GC (Allocation Failure) [PSYoungGen: 77152K->1440K(76800K)] 379545K->303833K(587264K), 0.0022317 secs] [Times: user=0.01 sys=0.00, real=0.01 secs] 
301.012: [GC (Allocation Failure) [PSYoungGen: 76704K->1469K(76288K)] 379097K->303862K(586752K), 0.0018650 secs] [Times: user=0.01 sys=0.00, real=0.00 secs] 
301.147: [GC (Allocation Failure) [PSYoungGen: 76221K->1485K(75776K)] 378614K->303878K(586240K), 0.0015268 secs] [Times: user=0.00 sys=0.00, real=0.00 secs] 
301.278: [GC (Allocation Failure) [PSYoungGen: 75725K->1453K(82432K)] 378118K->303846K(592896K), 0.0014397 secs] [Times: user=0.01 sys=0.00, real=0.00 secs] 
302.072: [GC (Allocation Failure) [PSYoungGen: 82349K->1440K(81920K)] 384742K->303833K(592384K), 0.0034485 secs] [Times: user=0.01 sys=0.00, real=0.00 secs] 
303.203: [GC (Allocation Failure) [PSYoungGen: 81824K->1408K(81408K)] 384217K->303809K(591872K), 0.0045402 secs] [Times: user=0.02 sys=0.00, real=0.01 secs] 
304.219: [GC (Allocation Failure) [PSYoungGen: 81280K->1376K(80896K)] 383681K->303777K(591360K), 0.0030917 secs] [Times: user=0.01 sys=0.00, real=0.00 secs] 
305.201: [GC (Allocation Failure) [PSYoungGen: 80736K->1376K(80384K)] 383137K->303777K(590848K), 0.0043691 secs] [Times: user=0.01 sys=0.00, real=0.01 secs] 
305.651: [GC (Allocation Failure) [PSYoungGen: 80209K->1501K(79872K)] 382611K->303902K(590336K), 0.0018335 secs] [Times: user=0.01 sys=0.00, real=0.00 secs] 
305.800: [GC (Allocation Failure) [PSYoungGen: 79837K->1453K(79360K)] 382238K->303854K(589824K), 0.0014993 secs] [Times: user=0.01 sys=0.00, real=0.00 secs] 
305.939: [GC (Allocation Failure) [PSYoungGen: 79277K->1485K(78848K)] 381678K->303886K(589312K), 0.0014873 secs] [Times: user=0.01 sys=0.00, real=0.00 secs] 
306.623: [GC (Allocation Failure) [PSYoungGen: 78797K->1472K(78336K)] 381198K->303873K(588800K), 0.0018873 secs] [Times: user=0.01 sys=0.00, real=0.00 secs] 
307.213: [GC (Allocation Failure) [PSYoungGen: 78272K->1408K(77824K)] 380673K->303809K(588288K), 0.0022154 secs] [Times: user=0.01 sys=0.00, real=0.00 secs] 
308.120: [GC (Allocation Failure) [PSYoungGen: 77696K->1392K(77312K)] 380097K->303793K(587776K), 0.0029115 secs] [Times: user=0.01 sys=0.00, real=0.00 secs] 
309.006: [GC (Allocation Failure) [PSYoungGen: 77168K->1408K(76800K)] 379569K->303809K(587264K), 0.0045295 secs] [Times: user=0.01 sys=0.00, real=0.00 secs] 
309.418: [GC (Allocation Failure) [PSYoungGen: 76672K->1501K(76288K)] 379073K->303902K(586752K), 0.0020181 secs] [Times: user=0.01 sys=0.00, real=0.00 secs] 
309.563: [GC (Allocation Failure) [PSYoungGen: 76253K->1485K(75776K)] 378654K->303886K(586240K), 0.0016057 secs] [Times: user=0.00 sys=0.00, real=0.00 secs] 
309.694: [GC (Allocation Failure) [PSYoungGen: 75725K->1501K(75264K)] 378126K->303902K(585728K), 0.0017124 secs] [Times: user=0.00 sys=0.00, real=0.01 secs] 
310.202: [GC (Allocation Failure) [PSYoungGen: 75229K->1472K(74752K)] 377630K->303873K(585216K), 0.0023168 secs] [Times: user=0.01 sys=0.00, real=0.00 secs] 
310.762: [GC (Allocation Failure) [PSYoungGen: 74688K->1408K(74240K)] 377089K->303825K(584704K), 0.0019713 secs] [Times: user=0.00 sys=0.00, real=0.00 secs] 
311.262: [GC (Allocation Failure) [PSYoungGen: 74112K->1408K(73728K)] 376529K->303825K(584192K), 0.0017194 secs] [Times: user=0.00 sys=0.00, real=0.00 secs] 
311.842: [GC (Allocation Failure) [PSYoungGen: 73600K->1376K(73216K)] 376017K->303793K(583680K), 0.0021031 secs] [Times: user=0.00 sys=0.00, real=0.00 secs] 
312.300: [GC (Allocation Failure) [PSYoungGen: 73056K->1453K(72704K)] 375473K->303870K(583168K), 0.0020077 secs] [Times: user=0.00 sys=0.00, real=0.00 secs] 
312.452: [GC (Allocation Failure) [PSYoungGen: 72621K->1501K(72192K)] 375038K->303918K(582656K), 0.0016989 secs] [Times: user=0.01 sys=0.00, real=0.00 secs] 
312.576: [GC (Allocation Failure) [PSYoungGen: 72157K->1533K(71680K)] 374574K->303950K(582144K), 0.0015899 secs] [Times: user=0.01 sys=0.00, real=0.00 secs] 
312.699: [GC (Allocation Failure) [PSYoungGen: 71677K->1501K(78336K)] 374094K->303918K(588800K), 0.0015647 secs] [Times: user=0.00 sys=0.00, real=0.00 secs] 
313.465: [GC (Allocation Failure) [PSYoungGen: 78301K->1408K(77824K)] 380718K->303833K(588288K), 0.0021184 secs] [Times: user=0.01 sys=0.00, real=0.01 secs] 
314.114: [GC (Allocation Failure) [PSYoungGen: 77696K->1408K(77312K)] 380121K->303833K(587776K), 0.0037824 secs] [Times: user=0.01 sys=0.00, real=0.01 secs] 
314.849: [GC (Allocation Failure) [PSYoungGen: 77184K->1376K(76800K)] 379609K->303801K(587264K), 0.0030317 secs] [Times: user=0.01 sys=0.00, real=0.00 secs] 
315.731: [GC (Allocation Failure) [PSYoungGen: 76640K->1469K(76288K)] 379065K->303894K(586752K), 0.0028451 secs] [Times: user=0.01 sys=0.00, real=0.00 secs] 
315.941: [GC (Allocation Failure) [PSYoungGen: 76221K->1533K(75776K)] 378646K->303958K(586240K), 0.0014388 secs] [Times: user=0.01 sys=0.00, real=0.00 secs] 
316.094: [GC (Allocation Failure) [PSYoungGen: 75773K->1469K(75264K)] 378198K->303894K(585728K), 0.0019398 secs] [Times: user=0.00 sys=0.00, real=0.00 secs] 
316.250: [GC (Allocation Failure) [PSYoungGen: 75197K->1469K(74752K)] 377622K->303894K(585216K), 0.0016273 secs] [Times: user=0.01 sys=0.00, real=0.00 secs] 
316.981: [GC (Allocation Failure) [PSYoungGen: 74685K->1456K(74240K)] 377110K->303881K(584704K), 0.0036269 secs] [Times: user=0.01 sys=0.00, real=0.00 secs] 
317.986: [GC (Allocation Failure) [PSYoungGen: 74160K->1408K(73728K)] 376585K->303833K(584192K), 0.0033265 secs] [Times: user=0.01 sys=0.00, real=0.01 secs] 
319.074: [GC (Allocation Failure) [PSYoungGen: 73600K->1344K(73216K)] 376025K->303769K(583680K), 0.0060201 secs] [Times: user=0.02 sys=0.00, real=0.01 secs] 
320.141: [GC (Allocation Failure) [PSYoungGen: 73024K->1376K(72704K)] 375449K->303825K(583168K), 0.0042189 secs] [Times: user=0.02 sys=0.00, real=0.00 secs] 
320.588: [GC (Allocation Failure) [PSYoungGen: 72544K->1456K(72192K)] 374993K->303905K(582656K), 0.0021215 secs] [Times: user=0.01 sys=0.00, real=0.00 secs] 
320.736: [GC (Allocation Failure) [PSYoungGen: 72112K->1469K(71680K)] 374561K->303918K(582144K), 0.0015309 secs] [Times: user=0.01 sys=0.00, real=0.00 secs] 
320.858: [GC (Allocation Failure) [PSYoungGen: 71595K->1501K(71168K)] 374044K->303950K(581632K), 0.0016172 secs] [Times: user=0.01 sys=0.00, real=0.00 secs] 
321.185: [GC (Allocation Failure) [PSYoungGen: 71133K->1472K(70656K)] 373582K->304433K(581120K), 0.0019240 secs] [Times: user=0.01 sys=0.00, real=0.01 secs] 
321.732: [GC (Allocation Failure) [PSYoungGen: 70592K->1408K(70144K)] 373553K->304377K(580608K), 0.0018352 secs] [Times: user=0.00 sys=0.00, real=0.00 secs] 
322.364: [GC (Allocation Failure) [PSYoungGen: 70016K->1392K(69632K)] 372985K->304361K(580096K), 0.0023659 secs] [Times: user=0.01 sys=0.00, real=0.01 secs] 
322.910: [GC (Allocation Failure) [PSYoungGen: 69488K->1440K(69120K)] 372457K->304409K(579584K), 0.0025493 secs] [Times: user=0.01 sys=0.00, real=0.00 secs] 
323.455: [GC (Allocation Failure) [PSYoungGen: 69024K->1376K(68608K)] 371993K->304353K(579072K), 0.0025162 secs] [Times: user=0.01 sys=0.00, real=0.01 secs] 
323.694: [GC (Allocation Failure) [PSYoungGen: 68448K->1469K(68096K)] 371425K->304446K(578560K), 0.0014483 secs] [Times: user=0.00 sys=0.00, real=0.00 secs] 
323.810: [GC (Allocation Failure) [PSYoungGen: 68029K->1437K(67584K)] 371006K->304414K(578048K), 0.0016384 secs] [Times: user=0.01 sys=0.00, real=0.00 secs] 
323.926: [GC (Allocation Failure) [PSYoungGen: 67485K->1469K(73728K)] 370462K->304446K(584192K), 0.0014743 secs] [Times: user=0.01 sys=0.00, real=0.00 secs] 
324.312: [GC (Allocation Failure) [PSYoungGen: 73661K->1472K(73216K)] 376638K->304449K(583680K), 0.0019192 secs] [Times: user=0.01 sys=0.00, real=0.00 secs] 
324.906: [GC (Allocation Failure) [PSYoungGen: 73152K->1408K(72704K)] 376129K->304385K(583168K), 0.0025928 secs] [Times: user=0.01 sys=0.00, real=0.00 secs] 
325.203: [GC (Allocation Failure) [PSYoungGen: 72576K->1408K(72192K)] 375553K->304385K(582656K), 0.0020339 secs] [Times: user=0.01 sys=0.00, real=0.00 secs] 
325.692: [GC (Allocation Failure) [PSYoungGen: 72064K->1344K(71680K)] 375041K->304321K(582144K), 0.0020870 secs] [Times: user=0.01 sys=0.00, real=0.00 secs] 
326.353: [GC (Allocation Failure) [PSYoungGen: 71488K->413K(70144K)] 374465K->304422K(580608K), 0.0027078 secs] [Times: user=0.01 sys=0.00, real=0.01 secs] 
326.553: [GC (Allocation Failure) [PSYoungGen: 70040K->493K(71168K)] 374050K->304502K(581632K), 0.0013899 secs] [Times: user=0.00 sys=0.00, real=0.00 secs] 
326.675: [GC (Allocation Failure) [PSYoungGen: 69613K->496K(69120K)] 373622K->304505K(579584K), 0.0014913 secs] [Times: user=0.00 sys=0.00, real=0.01 secs] 
326.796: [GC (Allocation Failure) [PSYoungGen: 69097K->480K(70144K)] 373106K->304497K(580608K), 0.0014596 secs] [Times: user=0.01 sys=0.00, real=0.00 secs] 
327.147: [GC (Allocation Failure) [PSYoungGen: 68576K->1504K(69120K)] 372593K->305545K(579584K), 0.0019083 secs] [Times: user=0.01 sys=0.00, real=0.00 secs] 
327.686: [GC (Allocation Failure) [PSYoungGen: 69088K->1408K(68608K)] 373129K->305449K(579072K), 0.0020831 secs] [Times: user=0.01 sys=0.00, real=0.00 secs] 
328.348: [GC (Allocation Failure) [PSYoungGen: 68480K->1344K(68096K)] 372521K->305385K(578560K), 0.0030792 secs] [Times: user=0.01 sys=0.00, real=0.00 secs] 
329.191: [GC (Allocation Failure) [PSYoungGen: 67904K->1376K(67584K)] 371945K->305417K(578048K), 0.0046312 secs] [Times: user=0.02 sys=0.00, real=0.01 secs] 
329.954: [GC (Allocation Failure) [PSYoungGen: 67424K->1469K(67072K)] 371465K->305510K(577536K), 0.0025069 secs] [Times: user=0.01 sys=0.00, real=0.01 secs] 
330.176: [GC (Allocation Failure) [PSYoungGen: 67005K->1453K(66560K)] 371046K->305494K(577024K), 0.0021368 secs] [Times: user=0.00 sys=0.00, real=0.00 secs] 
330.311: [GC (Allocation Failure) [PSYoungGen: 66477K->1469K(66048K)] 370518K->305510K(576512K), 0.0015138 secs] [Times: user=0.01 sys=0.00, real=0.00 secs] 
330.424: [GC (Allocation Failure) [PSYoungGen: 65981K->1533K(72704K)] 370022K->305590K(583168K), 0.0016199 secs] [Times: user=0.01 sys=0.00, real=0.00 secs] 
331.043: [GC (Allocation Failure) [PSYoungGen: 72701K->1488K(79360K)] 376758K->305545K(589824K), 0.0045264 secs] [Times: user=0.01 sys=0.00, real=0.01 secs] 
332.119: [GC (Allocation Failure) [PSYoungGen: 79312K->1408K(78848K)] 383369K->305465K(589312K), 0.0031724 secs] [Times: user=0.01 sys=0.00, real=0.00 secs] 
332.618: [GC (Allocation Failure) [PSYoungGen: 78720K->1408K(78336K)] 382777K->305465K(588800K), 0.0018991 secs] [Times: user=0.01 sys=0.00, real=0.00 secs] 
332.962: [GC (Allocation Failure) [PSYoungGen: 78208K->1408K(77824K)] 382265K->305473K(588288K), 0.0020956 secs] [Times: user=0.01 sys=0.00, real=0.00 secs] 
333.222: [GC (Allocation Failure) [PSYoungGen: 77696K->1469K(77312K)] 381761K->305542K(587776K), 0.0014803 secs] [Times: user=0.00 sys=0.00, real=0.00 secs] 
333.356: [GC (Allocation Failure) [PSYoungGen: 77245K->1485K(76800K)] 381318K->305558K(587264K), 0.0015567 secs] [Times: user=0.01 sys=0.00, real=0.01 secs] 
333.487: [GC (Allocation Failure) [PSYoungGen: 76749K->1469K(76288K)] 380822K->305542K(586752K), 0.0015459 secs] [Times: user=0.01 sys=0.00, real=0.00 secs] 
333.733: [GC (Allocation Failure) [PSYoungGen: 76221K->1440K(75776K)] 380294K->305513K(586240K), 0.0018197 secs] [Times: user=0.01 sys=0.00, real=0.00 secs] 
334.093: [GC (Allocation Failure) [PSYoungGen: 75680K->1424K(75264K)] 379753K->305497K(585728K), 0.0017217 secs] [Times: user=0.01 sys=0.00, real=0.00 secs] 
334.451: [GC (Allocation Failure) [PSYoungGen: 75152K->1408K(74752K)] 379225K->305481K(585216K), 0.0018944 secs] [Times: user=0.01 sys=0.00, real=0.00 secs] 
334.762: [GC (Allocation Failure) [PSYoungGen: 74624K->1408K(74240K)] 378697K->305481K(584704K), 0.0016050 secs] [Times: user=0.00 sys=0.00, real=0.00 secs] 
335.807: [GC (Allocation Failure) [PSYoungGen: 74112K->1453K(73728K)] 378185K->305534K(584192K), 0.0017800 secs] [Times: user=0.01 sys=0.00, real=0.00 secs] 
335.982: [GC (Allocation Failure) [PSYoungGen: 73645K->1469K(73216K)] 377726K->305550K(583680K), 0.0016523 secs] [Times: user=0.01 sys=0.00, real=0.00 secs] 
336.134: [GC (Allocation Failure) [PSYoungGen: 73149K->1501K(72704K)] 377230K->305582K(583168K), 0.0017569 secs] [Times: user=0.00 sys=0.00, real=0.00 secs] 
336.259: [GC (Allocation Failure) [PSYoungGen: 72669K->1469K(72192K)] 376750K->305550K(582656K), 0.0015610 secs] [Times: user=0.01 sys=0.00, real=0.00 secs] 
337.140: [GC (Allocation Failure) [PSYoungGen: 72125K->1376K(71680K)] 376206K->305457K(582144K), 0.0028646 secs] [Times: user=0.01 sys=0.00, real=0.00 secs] 
338.216: [GC (Allocation Failure) [PSYoungGen: 71520K->1376K(71168K)] 375601K->305473K(581632K), 0.0022178 secs] [Times: user=0.01 sys=0.00, real=0.01 secs] 
338.943: [GC (Allocation Failure) [PSYoungGen: 71008K->1344K(70656K)] 375105K->305441K(581120K), 0.0028370 secs] [Times: user=0.01 sys=0.00, real=0.00 secs] 
339.757: [GC (Allocation Failure) [PSYoungGen: 70464K->1344K(70144K)] 374561K->305441K(580608K), 0.0026234 secs] [Times: user=0.01 sys=0.00, real=0.00 secs] 
340.134: [GC (Allocation Failure) [PSYoungGen: 69952K->1501K(69632K)] 374049K->305606K(580096K), 0.0018753 secs] [Times: user=0.01 sys=0.01, real=0.01 secs] 
340.256: [GC (Allocation Failure) [PSYoungGen: 69597K->1469K(69120K)] 373702K->305574K(579584K), 0.0015308 secs] [Times: user=0.01 sys=0.00, real=0.00 secs] 
340.375: [GC (Allocation Failure) [PSYoungGen: 69053K->1501K(68608K)] 373158K->305606K(579072K), 0.0015258 secs] [Times: user=0.01 sys=0.00, real=0.01 secs] 
340.505: [GC (Allocation Failure) [PSYoungGen: 68573K->128K(74240K)] 372678K->304241K(584704K), 0.0017619 secs] [Times: user=0.01 sys=0.00, real=0.01 secs] 
341.400: [GC (Allocation Failure) [PSYoungGen: 73856K->1424K(75264K)] 377969K->305537K(585728K), 0.0042951 secs] [Times: user=0.01 sys=0.00, real=0.00 secs] 
341.724: [GC (Allocation Failure) [PSYoungGen: 74640K->1408K(74240K)] 378753K->305521K(584704K), 0.0022973 secs] [Times: user=0.00 sys=0.00, real=0.01 secs] 
342.110: [GC (Allocation Failure) [PSYoungGen: 74112K->1296K(73728K)] 378225K->305409K(584192K), 0.0019211 secs] [Times: user=0.01 sys=0.00, real=0.00 secs] 
342.606: [GC (Allocation Failure) [PSYoungGen: 73488K->1469K(73216K)] 377601K->305582K(583680K), 0.0017458 secs] [Times: user=0.00 sys=0.00, real=0.00 secs] 
342.749: [GC (Allocation Failure) [PSYoungGen: 73149K->1453K(72704K)] 377262K->305566K(583168K), 0.0015753 secs] [Times: user=0.00 sys=0.00, real=0.00 secs] 
342.876: [GC (Allocation Failure) [PSYoungGen: 72621K->1469K(72192K)] 376734K->305582K(582656K), 0.0014794 secs] [Times: user=0.01 sys=0.00, real=0.01 secs] 
343.019: [GC (Allocation Failure) [PSYoungGen: 72125K->1533K(78848K)] 376238K->305646K(589312K), 0.0017046 secs] [Times: user=0.01 sys=0.00, real=0.00 secs] 
343.644: [GC (Allocation Failure) [PSYoungGen: 78845K->1392K(78336K)] 382958K->305513K(588800K), 0.0020966 secs] [Times: user=0.01 sys=0.00, real=0.01 secs] 
344.751: [GC (Allocation Failure) [PSYoungGen: 78192K->1408K(77824K)] 382313K->305529K(588288K), 0.0037683 secs] [Times: user=0.01 sys=0.00, real=0.00 secs] 
345.603: [GC (Allocation Failure) [PSYoungGen: 77696K->1408K(77312K)] 381817K->305529K(587776K), 0.0028553 secs] [Times: user=0.01 sys=0.00, real=0.01 secs] 
346.403: [GC (Allocation Failure) [PSYoungGen: 77184K->1376K(76800K)] 381305K->305497K(587264K), 0.0044673 secs] [Times: user=0.01 sys=0.01, real=0.01 secs] 
346.737: [GC (Allocation Failure) [PSYoungGen: 76640K->1453K(76288K)] 380761K->305574K(586752K), 0.0018044 secs] [Times: user=0.00 sys=0.00, real=0.00 secs] 
346.876: [GC (Allocation Failure) [PSYoungGen: 76205K->1469K(75776K)] 380326K->305590K(586240K), 0.0016345 secs] [Times: user=0.01 sys=0.00, real=0.00 secs] 
347.006: [GC (Allocation Failure) [PSYoungGen: 75709K->1453K(75264K)] 379830K->305574K(585728K), 0.0013994 secs] [Times: user=0.01 sys=0.00, real=0.00 secs] 
347.249: [GC (Allocation Failure) [PSYoungGen: 75181K->1456K(74752K)] 379302K->305577K(585216K), 0.0023067 secs] [Times: user=0.00 sys=0.00, real=0.00 secs] 
347.739: [GC (Allocation Failure) [PSYoungGen: 74672K->1376K(74240K)] 378793K->305497K(584704K), 0.0024915 secs] [Times: user=0.01 sys=0.00, real=0.00 secs] 
348.372: [GC (Allocation Failure) [PSYoungGen: 74080K->1344K(73728K)] 378201K->305489K(584192K), 0.0024629 secs] [Times: user=0.01 sys=0.00, real=0.00 secs] 
348.986: [GC (Allocation Failure) [PSYoungGen: 73536K->1376K(73216K)] 377681K->305521K(583680K), 0.0019931 secs] [Times: user=0.00 sys=0.00, real=0.00 secs] 
349.383: [GC (Allocation Failure) [PSYoungGen: 73056K->1469K(72704K)] 377201K->305614K(583168K), 0.0018483 secs] [Times: user=0.01 sys=0.01, real=0.00 secs] 
349.510: [GC (Allocation Failure) [PSYoungGen: 72637K->1453K(72192K)] 376782K->305598K(582656K), 0.0015199 secs] [Times: user=0.01 sys=0.01, real=0.00 secs] 
349.634: [GC (Allocation Failure) [PSYoungGen: 72109K->1485K(71680K)] 376254K->305630K(582144K), 0.0014688 secs] [Times: user=0.00 sys=0.00, real=0.00 secs] 
349.756: [GC (Allocation Failure) [PSYoungGen: 71629K->1501K(78848K)] 375774K->305646K(589312K), 0.0014977 secs] [Times: user=0.01 sys=0.00, real=0.00 secs] 
350.076: [GC (Allocation Failure) [PSYoungGen: 78813K->1408K(78336K)] 382958K->305561K(588800K), 0.0016095 secs] [Times: user=0.00 sys=0.00, real=0.00 secs] 
350.394: [GC (Allocation Failure) [PSYoungGen: 78208K->1360K(77824K)] 382361K->305513K(588288K), 0.0015302 secs] [Times: user=0.01 sys=0.00, real=0.01 secs] 
350.710: [GC (Allocation Failure) [PSYoungGen: 77648K->1376K(77312K)] 381801K->305529K(587776K), 0.0015443 secs] [Times: user=0.00 sys=0.00, real=0.00 secs] 
351.011: [GC (Allocation Failure) [PSYoungGen: 77152K->1501K(76800K)] 381305K->305654K(587264K), 0.0015039 secs] [Times: user=0.01 sys=0.00, real=0.00 secs] 
351.142: [GC (Allocation Failure) [PSYoungGen: 76765K->1421K(76288K)] 380918K->305574K(586752K), 0.0015176 secs] [Times: user=0.01 sys=0.00, real=0.00 secs] 
351.273: [GC (Allocation Failure) [PSYoungGen: 76173K->1453K(75776K)] 380326K->305606K(586240K), 0.0015222 secs] [Times: user=0.01 sys=0.00, real=0.00 secs] 
351.403: [GC (Allocation Failure) [PSYoungGen: 75693K->1485K(82944K)] 379846K->305638K(593408K), 0.0014820 secs] [Times: user=0.01 sys=0.00, real=0.00 secs] 
351.731: [GC (Allocation Failure) [PSYoungGen: 82893K->1408K(82432K)] 387046K->305569K(592896K), 0.0015084 secs] [Times: user=0.01 sys=0.00, real=0.00 secs] 
352.066: [GC (Allocation Failure) [PSYoungGen: 82304K->1344K(81920K)] 386465K->305505K(592384K), 0.0017119 secs] [Times: user=0.01 sys=0.00, real=0.00 secs] 
352.399: [GC (Allocation Failure) [PSYoungGen: 81728K->1376K(81408K)] 385889K->305537K(591872K), 0.0014652 secs] [Times: user=0.00 sys=0.00, real=0.00 secs] 
352.700: [GC (Allocation Failure) [PSYoungGen: 81248K->1437K(80896K)] 385409K->305598K(591360K), 0.0014780 secs] [Times: user=0.01 sys=0.00, real=0.00 secs] 
352.840: [GC (Allocation Failure) [PSYoungGen: 80797K->1485K(80384K)] 384958K->305646K(590848K), 0.0014077 secs] [Times: user=0.00 sys=0.00, real=0.00 secs] 
352.979: [GC (Allocation Failure) [PSYoungGen: 80333K->1453K(79872K)] 384494K->305614K(590336K), 0.0016333 secs] [Times: user=0.00 sys=0.00, real=0.00 secs] 
353.199: [GC (Allocation Failure) [PSYoungGen: 79789K->1520K(79360K)] 383950K->305721K(589824K), 0.0016705 secs] [Times: user=0.01 sys=0.00, real=0.00 secs] 
354.389: [GC (Allocation Failure) [PSYoungGen: 79344K->1376K(78848K)] 383545K->305593K(589312K), 0.0038283 secs] [Times: user=0.01 sys=0.00, real=0.00 secs] 
355.420: [GC (Allocation Failure) [PSYoungGen: 78688K->1360K(78336K)] 382905K->305577K(588800K), 0.0043339 secs] [Times: user=0.02 sys=0.00, real=0.00 secs] 
356.347: [GC (Allocation Failure) [PSYoungGen: 78160K->1408K(77824K)] 382377K->305625K(588288K), 0.0031125 secs] [Times: user=0.01 sys=0.00, real=0.00 secs] 
357.056: [GC (Allocation Failure) [PSYoungGen: 77696K->1389K(77312K)] 381913K->305606K(587776K), 0.0021042 secs] [Times: user=0.01 sys=0.00, real=0.00 secs] 
357.279: [GC (Allocation Failure) [PSYoungGen: 77165K->1421K(76800K)] 381382K->305638K(587264K), 0.0022140 secs] [Times: user=0.00 sys=0.00, real=0.00 secs] 
357.479: [GC (Allocation Failure) [PSYoungGen: 76685K->1469K(76288K)] 380902K->305686K(586752K), 0.0019182 secs] [Times: user=0.00 sys=0.00, real=0.00 secs] 
357.637: [GC (Allocation Failure) [PSYoungGen: 76221K->1485K(75776K)] 380438K->305702K(586240K), 0.0015859 secs] [Times: user=0.01 sys=0.00, real=0.00 secs] 
358.323: [GC (Allocation Failure) [PSYoungGen: 75725K->1408K(75264K)] 379942K->305625K(585728K), 0.0029620 secs] [Times: user=0.01 sys=0.00, real=0.01 secs] 
358.989: [GC (Allocation Failure) [PSYoungGen: 75136K->1344K(74752K)] 379353K->305577K(585216K), 0.0024131 secs] [Times: user=0.01 sys=0.00, real=0.00 secs] 
359.593: [GC (Allocation Failure) [PSYoungGen: 74560K->1328K(74240K)] 378793K->305561K(584704K), 0.0024985 secs] [Times: user=0.01 sys=0.00, real=0.01 secs] 
360.132: [GC (Allocation Failure) [PSYoungGen: 74032K->1392K(73728K)] 378265K->305625K(584192K), 0.0021359 secs] [Times: user=0.01 sys=0.00, real=0.00 secs] 
360.339: [GC (Allocation Failure) [PSYoungGen: 73584K->1469K(73216K)] 377817K->305702K(583680K), 0.0018634 secs] [Times: user=0.01 sys=0.00, real=0.00 secs] 
360.485: [GC (Allocation Failure) [PSYoungGen: 73149K->1469K(72704K)] 377382K->305702K(583168K), 0.0015886 secs] [Times: user=0.01 sys=0.00, real=0.01 secs] 
360.609: [GC (Allocation Failure) [PSYoungGen: 72637K->1501K(72192K)] 376870K->305734K(582656K), 0.0015250 secs] [Times: user=0.00 sys=0.00, real=0.00 secs] 
361.001: [GC (Allocation Failure) [PSYoungGen: 72157K->1392K(71680K)] 376390K->305633K(582144K), 0.0035751 secs] [Times: user=0.01 sys=0.00, real=0.00 secs] 
361.567: [GC (Allocation Failure) [PSYoungGen: 71536K->1376K(71168K)] 375777K->305617K(581632K), 0.0028761 secs] [Times: user=0.01 sys=0.00, real=0.00 secs] 
362.143: [GC (Allocation Failure) [PSYoungGen: 71008K->1344K(70656K)] 375249K->305585K(581120K), 0.0025175 secs] [Times: user=0.00 sys=0.00, real=0.00 secs] 
362.813: [GC (Allocation Failure) [PSYoungGen: 70464K->1376K(70144K)] 374705K->305617K(580608K), 0.0030065 secs] [Times: user=0.01 sys=0.00, real=0.00 secs] 
363.237: [GC (Allocation Failure) [PSYoungGen: 69984K->1469K(69632K)] 374225K->305710K(580096K), 0.0020673 secs] [Times: user=0.01 sys=0.00, real=0.00 secs] 
363.371: [GC (Allocation Failure) [PSYoungGen: 69565K->1533K(69120K)] 373806K->305774K(579584K), 0.0014399 secs] [Times: user=0.01 sys=0.00, real=0.00 secs] 
363.491: [GC (Allocation Failure) [PSYoungGen: 69117K->1501K(68608K)] 373358K->305742K(579072K), 0.0015129 secs] [Times: user=0.01 sys=0.00, real=0.00 secs] 
363.611: [GC (Allocation Failure) [PSYoungGen: 68546K->1469K(75264K)] 372787K->305710K(585728K), 0.0015133 secs] [Times: user=0.00 sys=0.00, real=0.00 secs] 
364.157: [GC (Allocation Failure) [PSYoungGen: 75197K->1376K(74752K)] 379438K->305617K(585216K), 0.0019255 secs] [Times: user=0.00 sys=0.00, real=0.00 secs] 
365.434: [GC (Allocation Failure) [PSYoungGen: 74592K->1376K(74240K)] 378833K->305617K(584704K), 0.0030860 secs] [Times: user=0.01 sys=0.00, real=0.01 secs] 
366.498: [GC (Allocation Failure) [PSYoungGen: 74080K->1440K(73728K)] 378321K->305681K(584192K), 0.0032386 secs] [Times: user=0.01 sys=0.00, real=0.00 secs] 
367.544: [GC (Allocation Failure) [PSYoungGen: 73632K->1408K(73216K)] 377873K->305649K(583680K), 0.0031479 secs] [Times: user=0.02 sys=0.00, real=0.01 secs] 
367.818: [GC (Allocation Failure) [PSYoungGen: 73088K->1501K(72704K)] 377329K->305742K(583168K), 0.0017108 secs] [Times: user=0.00 sys=0.00, real=0.00 secs] 
367.945: [GC (Allocation Failure) [PSYoungGen: 72669K->1469K(72192K)] 376910K->305710K(582656K), 0.0015034 secs] [Times: user=0.01 sys=0.00, real=0.01 secs] 
368.069: [GC (Allocation Failure) [PSYoungGen: 72125K->1533K(71680K)] 376366K->305774K(582144K), 0.0015774 secs] [Times: user=0.00 sys=0.00, real=0.00 secs] 
368.288: [GC (Allocation Failure) [PSYoungGen: 71677K->1440K(71168K)] 375918K->305697K(581632K), 0.0017919 secs] [Times: user=0.01 sys=0.00, real=0.00 secs] 
369.360: [GC (Allocation Failure) [PSYoungGen: 71072K->1376K(70656K)] 375329K->305649K(581120K), 0.0025867 secs] [Times: user=0.01 sys=0.00, real=0.00 secs] 
370.217: [GC (Allocation Failure) [PSYoungGen: 70496K->1376K(70144K)] 374769K->305649K(580608K), 0.0038203 secs] [Times: user=0.01 sys=0.01, real=0.00 secs] 
371.162: [GC (Allocation Failure) [PSYoungGen: 69984K->1408K(69632K)] 374257K->305689K(580096K), 0.0031904 secs] [Times: user=0.01 sys=0.00, real=0.00 secs] 
372.029: [GC (Allocation Failure) [PSYoungGen: 69504K->1469K(69120K)] 373785K->305758K(579584K), 0.0026140 secs] [Times: user=0.01 sys=0.00, real=0.00 secs] 
372.207: [GC (Allocation Failure) [PSYoungGen: 69053K->1501K(68608K)] 373342K->305790K(579072K), 0.0016104 secs] [Times: user=0.01 sys=0.00, real=0.00 secs] 
372.325: [GC (Allocation Failure) [PSYoungGen: 68573K->1501K(68096K)] 372862K->305790K(578560K), 0.0015463 secs] [Times: user=0.01 sys=0.00, real=0.01 secs] 
372.441: [GC (Allocation Failure) [PSYoungGen: 68061K->1469K(74240K)] 372350K->305758K(584704K), 0.0015361 secs] [Times: user=0.00 sys=0.00, real=0.00 secs] 
373.061: [GC (Allocation Failure) [PSYoungGen: 74173K->1440K(73728K)] 378462K->305737K(584192K), 0.0016191 secs] [Times: user=0.01 sys=0.00, real=0.00 secs] 
373.365: [GC (Allocation Failure) [PSYoungGen: 73632K->1408K(73216K)] 377929K->305705K(583680K), 0.0018047 secs] [Times: user=0.00 sys=0.00, real=0.01 secs] 
373.663: [GC (Allocation Failure) [PSYoungGen: 73088K->1376K(72704K)] 377385K->305673K(583168K), 0.0017545 secs] [Times: user=0.01 sys=0.00, real=0.00 secs] 
373.958: [GC (Allocation Failure) [PSYoungGen: 72544K->1408K(72192K)] 376841K->305713K(582656K), 0.0018567 secs] [Times: user=0.01 sys=0.00, real=0.00 secs] 
374.219: [GC (Allocation Failure) [PSYoungGen: 72064K->1472K(71680K)] 376369K->305777K(582144K), 0.0015077 secs] [Times: user=0.00 sys=0.00, real=0.00 secs] 
374.343: [GC (Allocation Failure) [PSYoungGen: 71616K->1501K(71168K)] 375921K->305806K(581632K), 0.0016147 secs] [Times: user=0.01 sys=0.00, real=0.00 secs] 
374.466: [GC (Allocation Failure) [PSYoungGen: 71133K->1485K(70656K)] 375438K->305790K(581120K), 0.0014381 secs] [Times: user=0.01 sys=0.00, real=0.00 secs] 
374.588: [GC (Allocation Failure) [PSYoungGen: 70605K->1501K(77312K)] 374910K->305814K(587776K), 0.0016085 secs] [Times: user=0.00 sys=0.00, real=0.00 secs] 
374.871: [GC (Allocation Failure) [PSYoungGen: 77277K->1392K(84480K)] 381590K->305713K(594944K), 0.0017938 secs] [Times: user=0.01 sys=0.00, real=0.00 secs] 
375.215: [GC (Allocation Failure) [PSYoungGen: 84336K->1408K(83968K)] 388657K->305737K(594432K), 0.0017945 secs] [Times: user=0.01 sys=0.00, real=0.01 secs] 
375.582: [GC (Allocation Failure) [PSYoungGen: 83840K->1424K(83456K)] 388169K->305753K(593920K), 0.0025360 secs] [Times: user=0.01 sys=0.00, real=0.00 secs] 
375.923: [GC (Allocation Failure) [PSYoungGen: 83344K->1437K(82944K)] 387673K->305798K(593408K), 0.0018638 secs] [Times: user=0.00 sys=0.00, real=0.00 secs] 
376.077: [GC (Allocation Failure) [PSYoungGen: 82845K->1453K(82432K)] 387206K->305814K(592896K), 0.0015015 secs] [Times: user=0.01 sys=0.00, real=0.00 secs] 
376.218: [GC (Allocation Failure) [PSYoungGen: 82349K->1501K(81920K)] 386710K->305862K(592384K), 0.0016076 secs] [Times: user=0.01 sys=0.00, real=0.00 secs] 
376.410: [GC (Allocation Failure) [PSYoungGen: 81885K->928K(80896K)] 386246K->306321K(591360K), 0.0016273 secs] [Times: user=0.00 sys=0.00, real=0.00 secs] 
377.035: [GC (Allocation Failure) [PSYoungGen: 80800K->288K(79872K)] 386193K->305705K(590336K), 0.0015326 secs] [Times: user=0.01 sys=0.00, real=0.01 secs] 
377.725: [GC (Allocation Failure) [PSYoungGen: 79648K->352K(79360K)] 385065K->305769K(589824K), 0.0040961 secs] [Times: user=0.01 sys=0.00, real=0.01 secs] 
378.446: [GC (Allocation Failure) [PSYoungGen: 79200K->352K(80384K)] 384617K->305769K(590848K), 0.0025783 secs] [Times: user=0.01 sys=0.00, real=0.01 secs] 
378.779: [GC (Allocation Failure) [PSYoungGen: 78688K->1533K(79360K)] 384105K->306950K(589824K), 0.0018766 secs] [Times: user=0.01 sys=0.00, real=0.00 secs] 
378.918: [GC (Allocation Failure) [PSYoungGen: 79357K->1501K(78848K)] 384774K->306918K(589312K), 0.0016913 secs] [Times: user=0.00 sys=0.00, real=0.00 secs] 
379.055: [GC (Allocation Failure) [PSYoungGen: 78813K->1421K(78336K)] 384230K->306838K(588800K), 0.0015746 secs] [Times: user=0.01 sys=0.01, real=0.01 secs] 
379.666: [GC (Allocation Failure) [PSYoungGen: 78221K->1440K(77824K)] 383638K->306865K(588288K), 0.0025658 secs] [Times: user=0.01 sys=0.00, real=0.00 secs] 
380.484: [GC (Allocation Failure) [PSYoungGen: 77728K->1424K(77312K)] 383153K->306849K(587776K), 0.0025592 secs] [Times: user=0.01 sys=0.00, real=0.01 secs] 
381.497: [GC (Allocation Failure) [PSYoungGen: 77200K->1408K(76800K)] 382625K->306833K(587264K), 0.0029885 secs] [Times: user=0.01 sys=0.00, real=0.00 secs] 
382.470: [GC (Allocation Failure) [PSYoungGen: 76672K->1344K(76288K)] 382097K->306769K(586752K), 0.0027384 secs] [Times: user=0.00 sys=0.00, real=0.00 secs] 
382.978: [GC (Allocation Failure) [PSYoungGen: 76096K->1437K(75776K)] 381521K->306862K(586240K), 0.0019304 secs] [Times: user=0.01 sys=0.01, real=0.00 secs] 
383.116: [GC (Allocation Failure) [PSYoungGen: 75677K->1533K(75264K)] 381102K->306958K(585728K), 0.0016476 secs] [Times: user=0.01 sys=0.00, real=0.00 secs] 
383.265: [GC (Allocation Failure) [PSYoungGen: 75261K->1456K(74752K)] 380686K->306881K(585216K), 0.0017314 secs] [Times: user=0.01 sys=0.00, real=0.01 secs] 
383.427: [GC (Allocation Failure) [PSYoungGen: 74672K->1485K(74240K)] 380097K->306910K(584704K), 0.0015977 secs] [Times: user=0.00 sys=0.00, real=0.00 secs] 
384.358: [GC (Allocation Failure) [PSYoungGen: 74189K->1408K(73728K)] 379614K->306841K(584192K), 0.0017657 secs] [Times: user=0.00 sys=0.00, real=0.00 secs] 
385.278: [GC (Allocation Failure) [PSYoungGen: 73600K->1376K(73216K)] 379033K->306809K(583680K), 0.0020621 secs] [Times: user=0.00 sys=0.00, real=0.00 secs] 
386.439: [GC (Allocation Failure) [PSYoungGen: 73056K->1376K(72704K)] 378489K->306809K(583168K), 0.0021148 secs] [Times: user=0.01 sys=0.00, real=0.00 secs] 
388.294: [GC (Allocation Failure) [PSYoungGen: 72544K->1501K(72192K)] 377977K->306934K(582656K), 0.0022370 secs] [Times: user=0.01 sys=0.00, real=0.01 secs] 
388.457: [GC (Allocation Failure) [PSYoungGen: 72157K->1504K(71680K)] 377590K->306937K(582144K), 0.0016231 secs] [Times: user=0.01 sys=0.00, real=0.00 secs] 
388.579: [GC (Allocation Failure) [PSYoungGen: 71648K->1453K(71168K)] 377081K->306886K(581632K), 0.0016444 secs] [Times: user=0.01 sys=0.00, real=0.00 secs] 
388.702: [GC (Allocation Failure) [PSYoungGen: 71085K->1469K(70656K)] 376518K->306902K(581120K), 0.0016164 secs] [Times: user=0.01 sys=0.00, real=0.00 secs] 
389.122: [GC (Allocation Failure) [PSYoungGen: 70589K->1424K(70144K)] 376022K->306881K(580608K), 0.0017690 secs] [Times: user=0.00 sys=0.00, real=0.00 secs] 
389.407: [GC (Allocation Failure) [PSYoungGen: 70032K->1376K(69632K)] 375489K->306833K(580096K), 0.0018393 secs] [Times: user=0.01 sys=0.00, real=0.00 secs] 
389.734: [GC (Allocation Failure) [PSYoungGen: 69472K->1312K(69120K)] 374929K->306793K(579584K), 0.0018880 secs] [Times: user=0.01 sys=0.00, real=0.01 secs] 
390.015: [GC (Allocation Failure) [PSYoungGen: 68896K->1408K(68608K)] 374377K->306889K(579072K), 0.0020357 secs] [Times: user=0.01 sys=0.00, real=0.01 secs] 
390.289: [GC (Allocation Failure) [PSYoungGen: 68480K->1437K(68096K)] 373961K->306918K(578560K), 0.0015772 secs] [Times: user=0.00 sys=0.00, real=0.00 secs] 
390.411: [GC (Allocation Failure) [PSYoungGen: 67997K->1453K(67584K)] 373478K->306934K(578048K), 0.0015499 secs] [Times: user=0.00 sys=0.00, real=0.00 secs] 
390.542: [GC (Allocation Failure) [PSYoungGen: 67501K->1501K(74240K)] 372982K->306982K(584704K), 0.0018387 secs] [Times: user=0.00 sys=0.00, real=0.00 secs] 
390.707: [GC (Allocation Failure) [PSYoungGen: 74205K->1485K(81408K)] 379686K->306966K(591872K), 0.0017822 secs] [Times: user=0.00 sys=0.00, real=0.00 secs] 
392.114: [GC (Allocation Failure) [PSYoungGen: 81357K->1456K(80896K)] 386838K->306945K(591360K), 0.0041235 secs] [Times: user=0.02 sys=0.00, real=0.01 secs] 
394.302: [GC (Allocation Failure) [PSYoungGen: 80816K->1376K(80384K)] 386305K->306865K(590848K), 0.0044609 secs] [Times: user=0.01 sys=0.00, real=0.01 secs] 
395.310: [GC (Allocation Failure) [PSYoungGen: 80224K->1376K(79872K)] 385713K->306865K(590336K), 0.0025203 secs] [Times: user=0.01 sys=0.00, real=0.00 secs] 
396.506: [GC (Allocation Failure) [PSYoungGen: 79712K->1344K(79360K)] 385201K->306833K(589824K), 0.0034356 secs] [Times: user=0.01 sys=0.00, real=0.00 secs] 
396.794: [GC (Allocation Failure) [PSYoungGen: 79146K->1421K(78848K)] 384636K->306910K(589312K), 0.0015076 secs] [Times: user=0.01 sys=0.00, real=0.00 secs] 
396.929: [GC (Allocation Failure) [PSYoungGen: 78733K->1469K(78336K)] 384222K->306958K(588800K), 0.0014915 secs] [Times: user=0.01 sys=0.00, real=0.00 secs] 
397.063: [GC (Allocation Failure) [PSYoungGen: 78269K->1485K(77824K)] 383758K->306974K(588288K), 0.0013932 secs] [Times: user=0.01 sys=0.00, real=0.00 secs] 
397.375: [GC (Allocation Failure) [PSYoungGen: 77773K->1488K(77312K)] 383262K->306977K(587776K), 0.0019680 secs] [Times: user=0.01 sys=0.00, real=0.01 secs] 
397.777: [GC (Allocation Failure) [PSYoungGen: 77264K->1344K(76800K)] 382753K->306833K(587264K), 0.0016707 secs] [Times: user=0.01 sys=0.00, real=0.00 secs] 
398.090: [GC (Allocation Failure) [PSYoungGen: 76608K->1408K(76288K)] 382097K->306897K(586752K), 0.0017681 secs] [Times: user=0.00 sys=0.00, real=0.00 secs] 
398.400: [GC (Allocation Failure) [PSYoungGen: 76160K->1392K(75776K)] 381649K->306881K(586240K), 0.0016837 secs] [Times: user=0.00 sys=0.00, real=0.00 secs] 
398.619: [GC (Allocation Failure) [PSYoungGen: 75632K->1453K(75264K)] 381121K->306942K(585728K), 0.0016534 secs] [Times: user=0.00 sys=0.00, real=0.00 secs] 
398.748: [GC (Allocation Failure) [PSYoungGen: 75181K->1421K(74752K)] 380670K->306910K(585216K), 0.0014678 secs] [Times: user=0.00 sys=0.00, real=0.00 secs] 
398.876: [GC (Allocation Failure) [PSYoungGen: 74637K->1453K(74240K)] 380126K->306942K(584704K), 0.0014870 secs] [Times: user=0.01 sys=0.00, real=0.01 secs] 
399.605: [GC (Allocation Failure) [PSYoungGen: 74157K->1456K(73728K)] 379646K->306945K(584192K), 0.0021833 secs] [Times: user=0.01 sys=0.00, real=0.01 secs] 
400.647: [GC (Allocation Failure) [PSYoungGen: 73648K->1376K(73216K)] 379137K->306881K(583680K), 0.0022438 secs] [Times: user=0.01 sys=0.00, real=0.00 secs] 
401.514: [GC (Allocation Failure) [PSYoungGen: 73056K->1408K(72704K)] 378561K->306913K(583168K), 0.0037998 secs] [Times: user=0.02 sys=0.00, real=0.01 secs] 
402.194: [GC (Allocation Failure) [PSYoungGen: 72576K->1376K(72192K)] 378081K->306881K(582656K), 0.0026290 secs] [Times: user=0.01 sys=0.00, real=0.01 secs] 
402.746: [GC (Allocation Failure) [PSYoungGen: 72032K->1501K(71680K)] 377537K->307006K(582144K), 0.0021870 secs] [Times: user=0.01 sys=0.00, real=0.01 secs] 
402.901: [GC (Allocation Failure) [PSYoungGen: 71645K->1469K(71168K)] 377150K->306974K(581632K), 0.0016195 secs] [Times: user=0.01 sys=0.00, real=0.00 secs] 
403.023: [GC (Allocation Failure) [PSYoungGen: 71101K->1453K(70656K)] 376606K->306958K(581120K), 0.0015030 secs] [Times: user=0.01 sys=0.00, real=0.00 secs] 
403.145: [GC (Allocation Failure) [PSYoungGen: 70573K->1485K(70144K)] 376078K->306990K(580608K), 0.0014547 secs] [Times: user=0.01 sys=0.00, real=0.01 secs] 
403.504: [GC (Allocation Failure) [PSYoungGen: 70093K->1408K(69632K)] 375598K->306921K(580096K), 0.0015642 secs] [Times: user=0.01 sys=0.00, real=0.00 secs] 
403.878: [GC (Allocation Failure) [PSYoungGen: 69504K->1376K(69120K)] 375017K->306889K(579584K), 0.0018614 secs] [Times: user=0.00 sys=0.00, real=0.00 secs] 
404.225: [GC (Allocation Failure) [PSYoungGen: 68960K->1376K(68608K)] 374473K->306889K(579072K), 0.0019534 secs] [Times: user=0.00 sys=0.00, real=0.01 secs] 
404.767: [GC (Allocation Failure) [PSYoungGen: 68448K->1408K(68096K)] 373961K->306921K(578560K), 0.0023536 secs] [Times: user=0.01 sys=0.00, real=0.00 secs] 
405.099: [GC (Allocation Failure) [PSYoungGen: 67968K->1437K(67584K)] 373481K->306950K(578048K), 0.0017970 secs] [Times: user=0.01 sys=0.00, real=0.00 secs] 
405.270: [GC (Allocation Failure) [PSYoungGen: 67485K->1501K(67072K)] 372998K->307014K(577536K), 0.0019194 secs] [Times: user=0.00 sys=0.00, real=0.00 secs] 
405.414: [GC (Allocation Failure) [PSYoungGen: 67037K->397K(65536K)] 372550K->306934K(576000K), 0.0014327 secs] [Times: user=0.01 sys=0.00, real=0.00 secs] 
405.529: [GC (Allocation Failure) [PSYoungGen: 65421K->429K(73728K)] 371958K->306982K(584192K), 0.0016043 secs] [Times: user=0.01 sys=0.00, real=0.00 secs] 
406.181: [GC (Allocation Failure) [PSYoungGen: 72109K->1424K(72704K)] 378662K->307977K(583168K), 0.0028306 secs] [Times: user=0.01 sys=0.00, real=0.00 secs] 
406.499: [GC (Allocation Failure) [PSYoungGen: 72592K->1376K(72192K)] 379145K->307953K(582656K), 0.0020051 secs] [Times: user=0.00 sys=0.00, real=0.00 secs] 
407.288: [GC (Allocation Failure) [PSYoungGen: 72032K->1408K(71680K)] 378609K->307985K(582144K), 0.0022217 secs] [Times: user=0.01 sys=0.00, real=0.00 secs] 
408.335: [GC (Allocation Failure) [PSYoungGen: 71552K->1408K(71168K)] 378129K->307985K(581632K), 0.0031674 secs] [Times: user=0.02 sys=0.00, real=0.01 secs] 
408.633: [GC (Allocation Failure) [PSYoungGen: 71040K->1424K(70656K)] 377617K->308001K(581120K), 0.0017760 secs] [Times: user=0.00 sys=0.00, real=0.00 secs] 
408.761: [GC (Allocation Failure) [PSYoungGen: 70544K->1469K(70144K)] 377121K->308046K(580608K), 0.0017302 secs] [Times: user=0.01 sys=0.00, real=0.00 secs] 
408.881: [GC (Allocation Failure) [PSYoungGen: 70077K->1453K(69632K)] 376654K->308030K(580096K), 0.0014576 secs] [Times: user=0.01 sys=0.00, real=0.00 secs] 
409.001: [GC (Allocation Failure) [PSYoungGen: 69549K->1469K(76288K)] 376126K->308062K(586752K), 0.0016542 secs] [Times: user=0.00 sys=0.00, real=0.00 secs] 
411.021: [GC (Allocation Failure) [PSYoungGen: 76221K->1376K(75776K)] 382814K->307977K(586240K), 0.0024861 secs] [Times: user=0.01 sys=0.00, real=0.00 secs] 
412.165: [GC (Allocation Failure) [PSYoungGen: 75616K->1376K(75264K)] 382217K->307977K(585728K), 0.0028656 secs] [Times: user=0.01 sys=0.00, real=0.01 secs] 
412.527: [GC (Allocation Failure) [PSYoungGen: 75104K->1376K(74752K)] 381705K->307977K(585216K), 0.0019050 secs] [Times: user=0.01 sys=0.00, real=0.00 secs] 
413.156: [GC (Allocation Failure) [PSYoungGen: 74592K->1485K(74240K)] 381193K->308086K(584704K), 0.0019577 secs] [Times: user=0.00 sys=0.00, real=0.00 secs] 
413.293: [GC (Allocation Failure) [PSYoungGen: 74189K->1501K(73728K)] 380790K->308102K(584192K), 0.0015219 secs] [Times: user=0.01 sys=0.00, real=0.00 secs] 
413.420: [GC (Allocation Failure) [PSYoungGen: 73693K->1485K(73216K)] 380294K->308086K(583680K), 0.0015438 secs] [Times: user=0.01 sys=0.00, real=0.00 secs] 
413.545: [GC (Allocation Failure) [PSYoungGen: 73165K->1501K(72704K)] 379766K->308102K(583168K), 0.0014213 secs] [Times: user=0.00 sys=0.00, real=0.01 secs] 
414.304: [GC (Allocation Failure) [PSYoungGen: 72669K->1424K(72192K)] 379270K->308025K(582656K), 0.0027682 secs] [Times: user=0.01 sys=0.00, real=0.01 secs] 
415.253: [GC (Allocation Failure) [PSYoungGen: 72080K->1376K(71680K)] 378681K->307977K(582144K), 0.0024911 secs] [Times: user=0.01 sys=0.00, real=0.00 secs] 
416.032: [GC (Allocation Failure) [PSYoungGen: 71520K->1424K(71168K)] 378121K->308025K(581632K), 0.0024818 secs] [Times: user=0.00 sys=0.00, real=0.00 secs] 
416.770: [GC (Allocation Failure) [PSYoungGen: 71056K->1360K(70656K)] 377657K->307961K(581120K), 0.0022964 secs] [Times: user=0.01 sys=0.00, real=0.00 secs] 
417.246: [GC (Allocation Failure) [PSYoungGen: 70480K->1533K(70144K)] 377081K->308134K(580608K), 0.0018135 secs] [Times: user=0.01 sys=0.00, real=0.01 secs] 
417.377: [GC (Allocation Failure) [PSYoungGen: 70141K->1501K(69632K)] 376742K->308102K(580096K), 0.0014300 secs] [Times: user=0.01 sys=0.00, real=0.00 secs] 
417.496: [GC (Allocation Failure) [PSYoungGen: 69597K->1501K(69120K)] 376198K->308102K(579584K), 0.0016949 secs] [Times: user=0.00 sys=0.00, real=0.01 secs] 
417.615: [GC (Allocation Failure) [PSYoungGen: 69085K->1533K(68608K)] 375686K->308134K(579072K), 0.0014205 secs] [Times: user=0.01 sys=0.00, real=0.01 secs] 
418.804: [GC (Allocation Failure) [PSYoungGen: 68605K->1424K(68096K)] 375206K->308041K(578560K), 0.0021553 secs] [Times: user=0.01 sys=0.01, real=0.01 secs] 
419.081: [GC (Allocation Failure) [PSYoungGen: 67984K->1440K(67584K)] 374601K->308089K(578048K), 0.0019102 secs] [Times: user=0.01 sys=0.00, real=0.00 secs] 
419.355: [GC (Allocation Failure) [PSYoungGen: 67488K->1376K(67072K)] 374137K->308025K(577536K), 0.0020278 secs] [Times: user=0.01 sys=0.00, real=0.01 secs] 
419.627: [GC (Allocation Failure) [PSYoungGen: 66912K->1408K(66560K)] 373561K->308057K(577024K), 0.0017663 secs] [Times: user=0.00 sys=0.01, real=0.00 secs] 
419.918: [GC (Allocation Failure) [PSYoungGen: 66400K->1469K(66048K)] 373049K->308118K(576512K), 0.0018092 secs] [Times: user=0.01 sys=0.00, real=0.00 secs] 
420.069: [GC (Allocation Failure) [PSYoungGen: 65981K->1485K(65536K)] 372630K->308134K(576000K), 0.0016695 secs] [Times: user=0.01 sys=0.00, real=0.00 secs] 
420.186: [GC (Allocation Failure) [PSYoungGen: 65456K->1469K(71680K)] 372106K->308118K(582144K), 0.0017186 secs] [Times: user=0.00 sys=0.00, real=0.00 secs] 
420.309: [GC (Allocation Failure) [PSYoungGen: 71613K->1501K(78848K)] 378262K->308166K(589312K), 0.0016288 secs] [Times: user=0.00 sys=0.00, real=0.00 secs] 
421.020: [GC (Allocation Failure) [PSYoungGen: 78813K->1456K(78336K)] 385478K->308121K(588800K), 0.0019800 secs] [Times: user=0.00 sys=0.00, real=0.00 secs] 
422.058: [GC (Allocation Failure) [PSYoungGen: 78256K->1408K(77824K)] 384921K->308073K(588288K), 0.0026159 secs] [Times: user=0.01 sys=0.00, real=0.00 secs] 
422.932: [GC (Allocation Failure) [PSYoungGen: 77696K->1392K(77312K)] 384361K->308057K(587776K), 0.0022285 secs] [Times: user=0.01 sys=0.01, real=0.00 secs] 
424.086: [GC (Allocation Failure) [PSYoungGen: 77168K->1501K(76800K)] 383833K->308166K(587264K), 0.0023579 secs] [Times: user=0.01 sys=0.00, real=0.00 secs] 
424.267: [GC (Allocation Failure) [PSYoungGen: 76765K->1533K(76288K)] 383430K->308198K(586752K), 0.0017809 secs] [Times: user=0.00 sys=0.00, real=0.00 secs] 
424.399: [GC (Allocation Failure) [PSYoungGen: 76285K->1485K(75776K)] 382950K->308150K(586240K), 0.0014066 secs] [Times: user=0.00 sys=0.00, real=0.00 secs] 
424.549: [GC (Allocation Failure) [PSYoungGen: 75725K->1517K(75264K)] 382390K->308182K(585728K), 0.0017721 secs] [Times: user=0.00 sys=0.00, real=0.00 secs] 
425.040: [GC (Allocation Failure) [PSYoungGen: 75245K->1424K(74752K)] 381910K->308105K(585216K), 0.0023885 secs] [Times: user=0.01 sys=0.00, real=0.00 secs] 
425.730: [GC (Allocation Failure) [PSYoungGen: 74640K->1440K(74240K)] 381321K->308121K(584704K), 0.0043601 secs] [Times: user=0.01 sys=0.00, real=0.00 secs] 
426.630: [GC (Allocation Failure) [PSYoungGen: 74144K->1408K(73728K)] 380825K->308089K(584192K), 0.0036746 secs] [Times: user=0.01 sys=0.00, real=0.00 secs] 
427.503: [GC (Allocation Failure) [PSYoungGen: 73600K->1376K(73216K)] 380281K->308057K(583680K), 0.0028714 secs] [Times: user=0.01 sys=0.00, real=0.01 secs] 
427.915: [GC (Allocation Failure) [PSYoungGen: 73056K->1453K(72704K)] 379737K->308134K(583168K), 0.0017311 secs] [Times: user=0.00 sys=0.00, real=0.01 secs] 
428.055: [GC (Allocation Failure) [PSYoungGen: 72621K->1501K(72192K)] 379302K->308182K(582656K), 0.0016155 secs] [Times: user=0.01 sys=0.00, real=0.01 secs] 
428.179: [GC (Allocation Failure) [PSYoungGen: 72157K->1453K(71680K)] 378838K->308134K(582144K), 0.0014790 secs] [Times: user=0.01 sys=0.00, real=0.00 secs] 
428.369: [GC (Allocation Failure) [PSYoungGen: 71597K->1696K(71680K)] 378278K->308377K(582144K), 0.0019017 secs] [Times: user=0.01 sys=0.00, real=0.00 secs] 
428.942: [GC (Allocation Failure) [PSYoungGen: 71328K->352K(69632K)] 378009K->308065K(580096K), 0.0017620 secs] [Times: user=0.01 sys=0.00, real=0.00 secs] 
429.790: [GC (Allocation Failure) [PSYoungGen: 69472K->320K(70656K)] 377185K->308057K(581120K), 0.0017336 secs] [Times: user=0.00 sys=0.00, real=0.00 secs] 
430.177: [GC (Allocation Failure) [PSYoungGen: 68928K->352K(68608K)] 376665K->308089K(579072K), 0.0020100 secs] [Times: user=0.00 sys=0.00, real=0.00 secs] 
430.838: [GC (Allocation Failure) [PSYoungGen: 68448K->320K(68096K)] 376185K->308057K(578560K), 0.0019783 secs] [Times: user=0.01 sys=0.00, real=0.00 secs] 
431.045: [GC (Allocation Failure) [PSYoungGen: 67904K->1437K(68608K)] 375641K->309174K(579072K), 0.0016358 secs] [Times: user=0.01 sys=0.00, real=0.01 secs] 
431.163: [GC (Allocation Failure) [PSYoungGen: 68509K->1501K(68096K)] 376246K->309238K(578560K), 0.0016279 secs] [Times: user=0.01 sys=0.00, real=0.00 secs] 
431.279: [GC (Allocation Failure) [PSYoungGen: 68061K->1469K(67584K)] 375798K->309206K(578048K), 0.0016459 secs] [Times: user=0.00 sys=0.00, real=0.00 secs] 
431.459: [GC (Allocation Failure) [PSYoungGen: 67517K->1968K(74752K)] 375254K->309721K(585216K), 0.0018890 secs] [Times: user=0.01 sys=0.00, real=0.00 secs] 
431.809: [GC (Allocation Failure) [PSYoungGen: 74672K->1392K(73728K)] 382425K->309145K(584192K), 0.0019961 secs] [Times: user=0.01 sys=0.00, real=0.00 secs] 
432.113: [GC (Allocation Failure) [PSYoungGen: 73584K->1408K(73216K)] 381337K->309161K(583680K), 0.0017341 secs] [Times: user=0.00 sys=0.00, real=0.00 secs] 
432.443: [GC (Allocation Failure) [PSYoungGen: 73088K->1376K(72704K)] 380841K->309129K(583168K), 0.0019628 secs] [Times: user=0.01 sys=0.00, real=0.00 secs] 
432.830: [GC (Allocation Failure) [PSYoungGen: 72544K->1485K(72192K)] 380297K->309238K(582656K), 0.0015186 secs] [Times: user=0.01 sys=0.00, real=0.00 secs] 
432.956: [GC (Allocation Failure) [PSYoungGen: 72141K->1469K(71680K)] 379894K->309222K(582144K), 0.0016791 secs] [Times: user=0.00 sys=0.00, real=0.00 secs] 
433.082: [GC (Allocation Failure) [PSYoungGen: 71613K->1565K(71680K)] 379366K->309318K(582144K), 0.0015860 secs] [Times: user=0.00 sys=0.00, real=0.00 secs] 
433.203: [GC (Allocation Failure) [PSYoungGen: 71197K->1565K(78848K)] 378950K->309334K(589312K), 0.0015620 secs] [Times: user=0.00 sys=0.00, real=0.00 secs] 
434.087: [GC (Allocation Failure) [PSYoungGen: 78365K->1472K(77824K)] 386134K->309241K(588288K), 0.0025112 secs] [Times: user=0.01 sys=0.00, real=0.00 secs] 
434.404: [GC (Allocation Failure) [PSYoungGen: 77760K->1344K(77312K)] 385529K->309113K(587776K), 0.0017891 secs] [Times: user=0.01 sys=0.00, real=0.00 secs] 
434.874: [GC (Allocation Failure) [PSYoungGen: 77120K->1360K(76800K)] 384889K->309129K(587264K), 0.0018798 secs] [Times: user=0.01 sys=0.00, real=0.01 secs] 
435.579: [GC (Allocation Failure) [PSYoungGen: 76624K->1376K(76288K)] 384393K->309145K(586752K), 0.0018367 secs] [Times: user=0.00 sys=0.00, real=0.00 secs] 
435.839: [GC (Allocation Failure) [PSYoungGen: 76128K->1501K(75776K)] 383897K->309270K(586240K), 0.0015743 secs] [Times: user=0.01 sys=0.00, real=0.00 secs] 
435.970: [GC (Allocation Failure) [PSYoungGen: 75741K->1488K(75264K)] 383510K->309257K(585728K), 0.0015035 secs] [Times: user=0.01 sys=0.00, real=0.00 secs] 
436.099: [GC (Allocation Failure) [PSYoungGen: 75216K->1469K(74752K)] 382985K->309238K(585216K), 0.0017130 secs] [Times: user=0.01 sys=0.00, real=0.00 secs] 
436.403: [GC (Allocation Failure) [PSYoungGen: 74685K->1424K(74240K)] 382454K->309217K(584704K), 0.0017120 secs] [Times: user=0.01 sys=0.00, real=0.00 secs] 
436.743: [GC (Allocation Failure) [PSYoungGen: 74128K->1408K(73728K)] 381921K->309209K(584192K), 0.0017736 secs] [Times: user=0.00 sys=0.00, real=0.00 secs] 
437.217: [GC (Allocation Failure) [PSYoungGen: 73600K->1440K(73216K)] 381401K->309241K(583680K), 0.0019133 secs] [Times: user=0.00 sys=0.00, real=0.00 secs] 
437.827: [GC (Allocation Failure) [PSYoungGen: 73120K->1376K(72704K)] 380921K->309177K(583168K), 0.0019846 secs] [Times: user=0.00 sys=0.00, real=0.00 secs] 
438.219: [GC (Allocation Failure) [PSYoungGen: 72544K->1469K(72192K)] 380345K->309270K(582656K), 0.0014989 secs] [Times: user=0.01 sys=0.00, real=0.00 secs] 
438.344: [GC (Allocation Failure) [PSYoungGen: 72125K->1501K(71680K)] 379926K->309302K(582144K), 0.0015931 secs] [Times: user=0.00 sys=0.00, real=0.00 secs] 
438.466: [GC (Allocation Failure) [PSYoungGen: 71645K->1501K(71168K)] 379446K->309302K(581632K), 0.0014620 secs] [Times: user=0.00 sys=0.00, real=0.00 secs] 
438.588: [GC (Allocation Failure) [PSYoungGen: 71133K->1501K(77824K)] 378934K->309302K(588288K), 0.0015810 secs] [Times: user=0.01 sys=0.00, real=0.00 secs] 
439.087: [GC (Allocation Failure) [PSYoungGen: 77789K->1472K(77312K)] 385590K->309273K(587776K), 0.0017337 secs] [Times: user=0.01 sys=0.00, real=0.00 secs] 
439.402: [GC (Allocation Failure) [PSYoungGen: 77248K->1392K(76800K)] 385049K->309193K(587264K), 0.0019614 secs] [Times: user=0.01 sys=0.00, real=0.00 secs] 
439.893: [GC (Allocation Failure) [PSYoungGen: 76656K->1376K(76288K)] 384457K->309177K(586752K), 0.0025890 secs] [Times: user=0.01 sys=0.00, real=0.00 secs] 
440.614: [GC (Allocation Failure) [PSYoungGen: 76128K->1469K(75776K)] 383929K->309270K(586240K), 0.0028083 secs] [Times: user=0.01 sys=0.00, real=0.01 secs] 
440.801: [GC (Allocation Failure) [PSYoungGen: 75709K->1453K(75264K)] 383510K->309254K(585728K), 0.0015189 secs] [Times: user=0.01 sys=0.00, real=0.00 secs] 
440.930: [GC (Allocation Failure) [PSYoungGen: 75181K->1501K(74752K)] 382982K->309302K(585216K), 0.0015930 secs] [Times: user=0.00 sys=0.00, real=0.00 secs] 
441.058: [GC (Allocation Failure) [PSYoungGen: 74717K->1485K(74240K)] 382518K->309286K(584704K), 0.0015118 secs] [Times: user=0.00 sys=0.00, real=0.00 secs] 
441.747: [GC (Allocation Failure) [PSYoungGen: 74189K->1360K(73728K)] 381990K->309193K(584192K), 0.0021152 secs] [Times: user=0.01 sys=0.00, real=0.00 secs] 
442.564: [GC (Allocation Failure) [PSYoungGen: 73552K->1440K(73216K)] 381385K->309273K(583680K), 0.0020294 secs] [Times: user=0.01 sys=0.00, real=0.01 secs] 
443.333: [GC (Allocation Failure) [PSYoungGen: 73120K->1376K(72704K)] 380953K->309209K(583168K), 0.0021416 secs] [Times: user=0.01 sys=0.00, real=0.00 secs] 
444.034: [GC (Allocation Failure) [PSYoungGen: 72544K->1376K(72192K)] 380377K->309209K(582656K), 0.0023423 secs] [Times: user=0.00 sys=0.00, real=0.01 secs] 
444.404: [GC (Allocation Failure) [PSYoungGen: 72032K->1437K(71680K)] 379865K->309270K(582144K), 0.0019626 secs] [Times: user=0.01 sys=0.00, real=0.01 secs] 
444.532: [GC (Allocation Failure) [PSYoungGen: 71581K->1488K(71168K)] 379414K->309321K(581632K), 0.0014496 secs] [Times: user=0.00 sys=0.00, real=0.00 secs] 
444.654: [GC (Allocation Failure) [PSYoungGen: 71120K->1424K(70656K)] 378953K->309257K(581120K), 0.0015997 secs] [Times: user=0.01 sys=0.00, real=0.01 secs] 
444.776: [GC (Allocation Failure) [PSYoungGen: 70544K->1453K(77312K)] 378377K->309286K(587776K), 0.0015590 secs] [Times: user=0.01 sys=0.00, real=0.00 secs] 
446.210: [GC (Allocation Failure) [PSYoungGen: 77229K->1376K(76800K)] 385062K->309209K(587264K), 0.0023519 secs] [Times: user=0.01 sys=0.00, real=0.00 secs] 
446.869: [GC (Allocation Failure) [PSYoungGen: 76640K->1376K(76288K)] 384473K->309209K(586752K), 0.0019618 secs] [Times: user=0.01 sys=0.00, real=0.00 secs] 
447.713: [GC (Allocation Failure) [PSYoungGen: 76128K->1376K(75776K)] 383961K->309209K(586240K), 0.0044423 secs] [Times: user=0.01 sys=0.00, real=0.01 secs] 
448.480: [GC (Allocation Failure) [PSYoungGen: 75616K->1437K(75264K)] 383449K->309270K(585728K), 0.0027416 secs] [Times: user=0.01 sys=0.00, real=0.00 secs] 
448.683: [GC (Allocation Failure) [PSYoungGen: 75165K->1504K(74752K)] 382998K->309337K(585216K), 0.0016599 secs] [Times: user=0.00 sys=0.00, real=0.00 secs] 
448.811: [GC (Allocation Failure) [PSYoungGen: 74720K->1533K(74240K)] 382553K->309366K(584704K), 0.0015381 secs] [Times: user=0.01 sys=0.00, real=0.00 secs] 
448.939: [GC (Allocation Failure) [PSYoungGen: 74237K->1501K(73728K)] 382070K->309334K(584192K), 0.0016285 secs] [Times: user=0.00 sys=0.00, real=0.00 secs] 
449.338: [GC (Allocation Failure) [PSYoungGen: 73693K->1440K(73216K)] 381526K->309297K(583680K), 0.0018876 secs] [Times: user=0.01 sys=0.01, real=0.00 secs] 
449.696: [GC (Allocation Failure) [PSYoungGen: 73120K->1408K(72704K)] 380977K->309265K(583168K), 0.0021017 secs] [Times: user=0.00 sys=0.00, real=0.00 secs] 
450.003: [GC (Allocation Failure) [PSYoungGen: 72576K->1376K(72192K)] 380433K->309233K(582656K), 0.0020136 secs] [Times: user=0.01 sys=0.00, real=0.00 secs] 
450.407: [GC (Allocation Failure) [PSYoungGen: 72032K->1312K(71680K)] 379889K->309169K(582144K), 0.0020587 secs] [Times: user=0.00 sys=0.00, real=0.00 secs] 
450.664: [GC (Allocation Failure) [PSYoungGen: 71434K->1469K(71168K)] 379291K->309326K(581632K), 0.0015495 secs] [Times: user=0.00 sys=0.00, real=0.00 secs] 
450.804: [GC (Allocation Failure) [PSYoungGen: 71101K->1488K(70656K)] 378958K->309345K(581120K), 0.0017263 secs] [Times: user=0.01 sys=0.00, real=0.01 secs] 
450.968: [GC (Allocation Failure) [PSYoungGen: 70608K->1533K(70144K)] 378465K->309390K(580608K), 0.0018727 secs] [Times: user=0.01 sys=0.00, real=0.00 secs] 
451.129: [GC (Allocation Failure) [PSYoungGen: 69973K->192K(68608K)] 377830K->308049K(579072K), 0.0016788 secs] [Times: user=0.01 sys=0.00, real=0.00 secs] 
451.766: [GC (Allocation Failure) [PSYoungGen: 68288K->1392K(69120K)] 376145K->309265K(579584K), 0.0025283 secs] [Times: user=0.01 sys=0.00, real=0.00 secs] 
452.250: [GC (Allocation Failure) [PSYoungGen: 68976K->1328K(68608K)] 376849K->309201K(579072K), 0.0020324 secs] [Times: user=0.01 sys=0.00, real=0.00 secs] 
453.036: [GC (Allocation Failure) [PSYoungGen: 68400K->1344K(68096K)] 376273K->309217K(578560K), 0.0021891 secs] [Times: user=0.01 sys=0.00, real=0.01 secs] 
454.061: [GC (Allocation Failure) [PSYoungGen: 67904K->1440K(67584K)] 375777K->309313K(578048K), 0.0025225 secs] [Times: user=0.00 sys=0.00, real=0.00 secs] 
454.544: [GC (Allocation Failure) [PSYoungGen: 67488K->1501K(67072K)] 375361K->309374K(577536K), 0.0019682 secs] [Times: user=0.01 sys=0.00, real=0.00 secs] 
454.672: [GC (Allocation Failure) [PSYoungGen: 67037K->1469K(66560K)] 374910K->309342K(577024K), 0.0017004 secs] [Times: user=0.00 sys=0.00, real=0.00 secs] 
454.786: [GC (Allocation Failure) [PSYoungGen: 66493K->1456K(66048K)] 374366K->309329K(576512K), 0.0016331 secs] [Times: user=0.00 sys=0.00, real=0.00 secs] 
454.900: [GC (Allocation Failure) [PSYoungGen: 65968K->1469K(72704K)] 373841K->309350K(583168K), 0.0017233 secs] [Times: user=0.01 sys=0.00, real=0.00 secs] 
455.219: [GC (Allocation Failure) [PSYoungGen: 72637K->1392K(72192K)] 380518K->309273K(582656K), 0.0015590 secs] [Times: user=0.01 sys=0.00, real=0.00 secs] 
455.512: [GC (Allocation Failure) [PSYoungGen: 72048K->1376K(71680K)] 379929K->309257K(582144K), 0.0018521 secs] [Times: user=0.00 sys=0.00, real=0.00 secs] 
455.827: [GC (Allocation Failure) [PSYoungGen: 71520K->1376K(71168K)] 379401K->309257K(581632K), 0.0016343 secs] [Times: user=0.01 sys=0.00, real=0.00 secs] 
456.135: [GC (Allocation Failure) [PSYoungGen: 71008K->1392K(70656K)] 378889K->309273K(581120K), 0.0017022 secs] [Times: user=0.01 sys=0.00, real=0.01 secs] 
456.316: [GC (Allocation Failure) [PSYoungGen: 70512K->1421K(70144K)] 378393K->309302K(580608K), 0.0014757 secs] [Times: user=0.01 sys=0.00, real=0.00 secs] 
456.436: [GC (Allocation Failure) [PSYoungGen: 70029K->1469K(69632K)] 377910K->309350K(580096K), 0.0016771 secs] [Times: user=0.00 sys=0.01, real=0.00 secs] 
456.555: [GC (Allocation Failure) [PSYoungGen: 69565K->1501K(76800K)] 377446K->309398K(587264K), 0.0016345 secs] [Times: user=0.01 sys=0.00, real=0.01 secs] 
457.354: [GC (Allocation Failure) [PSYoungGen: 76765K->1440K(76288K)] 384662K->309361K(586752K), 0.0040867 secs] [Times: user=0.01 sys=0.00, real=0.01 secs] 
458.692: [GC (Allocation Failure) [PSYoungGen: 76192K->1408K(75776K)] 384113K->309329K(586240K), 0.0029996 secs] [Times: user=0.01 sys=0.00, real=0.00 secs] 
459.723: [GC (Allocation Failure) [PSYoungGen: 75648K->1392K(75264K)] 383569K->309313K(585728K), 0.0029268 secs] [Times: user=0.01 sys=0.01, real=0.01 secs] 
460.306: [GC (Allocation Failure) [PSYoungGen: 75120K->1408K(74752K)] 383041K->309329K(585216K), 0.0025022 secs] [Times: user=0.01 sys=0.00, real=0.00 secs] 
460.809: [GC (Allocation Failure) [PSYoungGen: 74617K->1437K(74240K)] 382539K->309358K(584704K), 0.0020078 secs] [Times: user=0.01 sys=0.00, real=0.00 secs] 
460.960: [GC (Allocation Failure) [PSYoungGen: 74141K->1485K(73728K)] 382062K->309406K(584192K), 0.0014549 secs] [Times: user=0.01 sys=0.00, real=0.00 secs] 
461.085: [GC (Allocation Failure) [PSYoungGen: 73677K->1485K(73216K)] 381598K->309406K(583680K), 0.0017376 secs] [Times: user=0.00 sys=0.00, real=0.01 secs] 
461.210: [GC (Allocation Failure) [PSYoungGen: 73165K->1485K(80384K)] 381086K->309406K(590848K), 0.0016074 secs] [Times: user=0.01 sys=0.00, real=0.00 secs] 
462.308: [GC (Allocation Failure) [PSYoungGen: 80333K->1440K(79872K)] 388254K->309361K(590336K), 0.0026648 secs] [Times: user=0.01 sys=0.00, real=0.00 secs] 
463.417: [GC (Allocation Failure) [PSYoungGen: 79776K->1376K(79360K)] 387697K->309297K(589824K), 0.0027576 secs] [Times: user=0.01 sys=0.00, real=0.00 secs] 
464.033: [GC (Allocation Failure) [PSYoungGen: 79200K->1376K(78848K)] 387121K->309297K(589312K), 0.0022537 secs] [Times: user=0.01 sys=0.00, real=0.00 secs] 
464.391: [GC (Allocation Failure) [PSYoungGen: 78688K->1405K(78336K)] 386609K->309326K(588800K), 0.0015670 secs] [Times: user=0.00 sys=0.00, real=0.00 secs] 
464.529: [GC (Allocation Failure) [PSYoungGen: 78205K->1469K(77824K)] 386126K->309390K(588288K), 0.0016242 secs] [Times: user=0.01 sys=0.00, real=0.00 secs] 
464.663: [GC (Allocation Failure) [PSYoungGen: 77757K->1501K(77312K)] 385678K->309422K(587776K), 0.0015545 secs] [Times: user=0.00 sys=0.00, real=0.00 secs] 
464.795: [GC (Allocation Failure) [PSYoungGen: 77277K->1501K(76800K)] 385198K->309422K(587264K), 0.0016542 secs] [Times: user=0.00 sys=0.00, real=0.01 secs] 
466.886: [GC (Allocation Failure) [PSYoungGen: 76765K->1440K(76288K)] 384686K->309361K(586752K), 0.0042540 secs] [Times: user=0.01 sys=0.00, real=0.01 secs] 
467.643: [GC (Allocation Failure) [PSYoungGen: 76192K->1376K(75776K)] 384113K->309297K(586240K), 0.0030301 secs] [Times: user=0.01 sys=0.00, real=0.01 secs] 
468.883: [GC (Allocation Failure) [PSYoungGen: 75616K->1408K(75264K)] 383537K->309329K(585728K), 0.0043424 secs] [Times: user=0.02 sys=0.00, real=0.01 secs] 
470.091: [GC (Allocation Failure) [PSYoungGen: 75136K->1437K(74752K)] 383057K->309358K(585216K), 0.0037148 secs] [Times: user=0.02 sys=0.00, real=0.00 secs] 
470.322: [GC (Allocation Failure) [PSYoungGen: 74628K->1485K(74240K)] 382550K->309406K(584704K), 0.0017863 secs] [Times: user=0.01 sys=0.01, real=0.00 secs] 
470.451: [GC (Allocation Failure) [PSYoungGen: 74189K->1453K(73728K)] 382110K->309374K(584192K), 0.0015317 secs] [Times: user=0.00 sys=0.00, real=0.00 secs] 
470.577: [GC (Allocation Failure) [PSYoungGen: 73645K->1453K(73216K)] 381566K->309374K(583680K), 0.0014575 secs] [Times: user=0.01 sys=0.00, real=0.00 secs] 
471.241: [GC (Allocation Failure) [PSYoungGen: 73133K->1424K(72704K)] 381054K->309345K(583168K), 0.0027305 secs] [Times: user=0.01 sys=0.00, real=0.00 secs] 
471.767: [GC (Allocation Failure) [PSYoungGen: 72592K->1376K(72192K)] 380513K->309313K(582656K), 0.0021827 secs] [Times: user=0.01 sys=0.00, real=0.00 secs] 
472.323: [GC (Allocation Failure) [PSYoungGen: 72032K->1376K(71680K)] 379969K->309313K(582144K), 0.0021951 secs] [Times: user=0.00 sys=0.00, real=0.00 secs] 
472.986: [GC (Allocation Failure) [PSYoungGen: 71520K->1408K(71168K)] 379457K->309345K(581632K), 0.0025733 secs] [Times: user=0.01 sys=0.00, real=0.00 secs] 
473.429: [GC (Allocation Failure) [PSYoungGen: 71040K->1469K(70656K)] 378977K->309406K(581120K), 0.0018470 secs] [Times: user=0.01 sys=0.00, real=0.00 secs] 
473.561: [GC (Allocation Failure) [PSYoungGen: 70589K->509K(69120K)] 378526K->309470K(579584K), 0.0015988 secs] [Times: user=0.00 sys=0.00, real=0.00 secs] 
473.681: [GC (Allocation Failure) [PSYoungGen: 69098K->461K(70144K)] 378059K->309422K(580608K), 0.0013721 secs] [Times: user=0.01 sys=0.00, real=0.00 secs] 
473.818: [GC (Allocation Failure) [PSYoungGen: 68557K->429K(68096K)] 377518K->309390K(578560K), 0.0018632 secs] [Times: user=0.00 sys=0.00, real=0.00 secs] 
474.306: [GC (Allocation Failure) [PSYoungGen: 68013K->1440K(69120K)] 376974K->310401K(579584K), 0.0022203 secs] [Times: user=0.01 sys=0.00, real=0.00 secs] 
474.928: [GC (Allocation Failure) [PSYoungGen: 68512K->1376K(68096K)] 377473K->310337K(578560K), 0.0037578 secs] [Times: user=0.02 sys=0.00, real=0.00 secs] 
475.496: [GC (Allocation Failure) [PSYoungGen: 67936K->1376K(67584K)] 376897K->310337K(578048K), 0.0028262 secs] [Times: user=0.01 sys=0.00, real=0.00 secs] 
475.903: [GC (Allocation Failure) [PSYoungGen: 67424K->1376K(67072K)] 376385K->310337K(577536K), 0.0021698 secs] [Times: user=0.01 sys=0.00, real=0.00 secs] 
476.252: [GC (Allocation Failure) [PSYoungGen: 66912K->1437K(66560K)] 375873K->310398K(577024K), 0.0019944 secs] [Times: user=0.01 sys=0.00, real=0.00 secs] 
476.381: [GC (Allocation Failure) [PSYoungGen: 66461K->1469K(66048K)] 375422K->310430K(576512K), 0.0014479 secs] [Times: user=0.01 sys=0.00, real=0.00 secs] 
476.495: [GC (Allocation Failure) [PSYoungGen: 65981K->1437K(65536K)] 374942K->310398K(576000K), 0.0015515 secs] [Times: user=0.00 sys=0.00, real=0.01 secs] 
476.608: [GC (Allocation Failure) [PSYoungGen: 65437K->1501K(71680K)] 374398K->310478K(582144K), 0.0013539 secs] [Times: user=0.00 sys=0.00, real=0.00 secs] 
477.064: [GC (Allocation Failure) [PSYoungGen: 71645K->1408K(71168K)] 380622K->310417K(581632K), 0.0017866 secs] [Times: user=0.00 sys=0.00, real=0.00 secs] 
477.693: [GC (Allocation Failure) [PSYoungGen: 71040K->1344K(70656K)] 380049K->310353K(581120K), 0.0017439 secs] [Times: user=0.01 sys=0.00, real=0.00 secs] 
478.162: [GC (Allocation Failure) [PSYoungGen: 70464K->1344K(70144K)] 379473K->310353K(580608K), 0.0019463 secs] [Times: user=0.01 sys=0.00, real=0.00 secs] 
478.745: [GC (Allocation Failure) [PSYoungGen: 69952K->1376K(69632K)] 378961K->310385K(580096K), 0.0017714 secs] [Times: user=0.01 sys=0.00, real=0.01 secs] 
479.158: [GC (Allocation Failure) [PSYoungGen: 69472K->1437K(69120K)] 378481K->310446K(579584K), 0.0021181 secs] [Times: user=0.01 sys=0.00, real=0.00 secs] 
479.298: [GC (Allocation Failure) [PSYoungGen: 69021K->1469K(68608K)] 378030K->310478K(579072K), 0.0015450 secs] [Times: user=0.00 sys=0.00, real=0.00 secs] 
479.418: [GC (Allocation Failure) [PSYoungGen: 68541K->1453K(68096K)] 377550K->310462K(578560K), 0.0016585 secs] [Times: user=0.01 sys=0.00, real=0.00 secs] 
479.535: [GC (Allocation Failure) [PSYoungGen: 68013K->1453K(74752K)] 377022K->310478K(585216K), 0.0017592 secs] [Times: user=0.01 sys=0.00, real=0.01 secs] 
480.965: [GC (Allocation Failure) [PSYoungGen: 74669K->1440K(74240K)] 383694K->310465K(584704K), 0.0030563 secs] [Times: user=0.01 sys=0.00, real=0.01 secs] 
481.521: [GC (Allocation Failure) [PSYoungGen: 74144K->1408K(73728K)] 383169K->310433K(584192K), 0.0022677 secs] [Times: user=0.01 sys=0.00, real=0.00 secs] 
482.093: [GC (Allocation Failure) [PSYoungGen: 73600K->1440K(73216K)] 382625K->310465K(583680K), 0.0027458 secs] [Times: user=0.01 sys=0.00, real=0.00 secs] 
482.690: [GC (Allocation Failure) [PSYoungGen: 73120K->1408K(72704K)] 382145K->310433K(583168K), 0.0023735 secs] [Times: user=0.01 sys=0.00, real=0.00 secs] 
482.987: [GC (Allocation Failure) [PSYoungGen: 72576K->1421K(72192K)] 381601K->310446K(582656K), 0.0017401 secs] [Times: user=0.01 sys=0.00, real=0.00 secs] 
483.112: [GC (Allocation Failure) [PSYoungGen: 72077K->1501K(71680K)] 381102K->310526K(582144K), 0.0015268 secs] [Times: user=0.00 sys=0.00, real=0.00 secs] 
483.254: [GC (Allocation Failure) [PSYoungGen: 71627K->1501K(71168K)] 380653K->310526K(581632K), 0.0019050 secs] [Times: user=0.01 sys=0.00, real=0.01 secs] 
483.469: [GC (Allocation Failure) [PSYoungGen: 71133K->928K(70144K)] 380158K->310977K(580608K), 0.0018966 secs] [Times: user=0.00 sys=0.00, real=0.00 secs] 
483.757: [GC (Allocation Failure) [PSYoungGen: 70048K->352K(69120K)] 380097K->310401K(579584K), 0.0019457 secs] [Times: user=0.00 sys=0.00, real=0.00 secs] 
484.043: [GC (Allocation Failure) [PSYoungGen: 68960K->352K(68608K)] 379009K->310401K(579072K), 0.0021014 secs] [Times: user=0.01 sys=0.00, real=0.00 secs] 
484.327: [GC (Allocation Failure) [PSYoungGen: 68448K->352K(69632K)] 378497K->310401K(580096K), 0.0019542 secs] [Times: user=0.01 sys=0.00, real=0.00 secs] 
484.741: [GC (Allocation Failure) [PSYoungGen: 67772K->240K(67584K)] 377822K->310289K(578048K), 0.0018707 secs] [Times: user=0.01 sys=0.00, real=0.00 secs] 
484.871: [GC (Allocation Failure) [PSYoungGen: 67312K->1504K(69120K)] 377361K->311553K(579584K), 0.0015632 secs] [Times: user=0.00 sys=0.00, real=0.00 secs] 
484.988: [GC (Allocation Failure) [PSYoungGen: 68064K->1469K(67584K)] 378113K->311518K(578048K), 0.0015309 secs] [Times: user=0.01 sys=0.00, real=0.00 secs] 
485.104: [GC (Allocation Failure) [PSYoungGen: 67517K->1469K(74240K)] 377566K->311518K(584704K), 0.0015254 secs] [Times: user=0.01 sys=0.00, real=0.00 secs] 
485.338: [GC (Allocation Failure) [PSYoungGen: 74173K->1408K(73728K)] 384222K->311457K(584192K), 0.0017020 secs] [Times: user=0.00 sys=0.00, real=0.00 secs] 
485.921: [GC (Allocation Failure) [PSYoungGen: 73600K->1344K(73216K)] 383649K->311409K(583680K), 0.0020236 secs] [Times: user=0.01 sys=0.00, real=0.00 secs] 
486.427: [GC (Allocation Failure) [PSYoungGen: 73024K->1376K(72704K)] 383089K->311441K(583168K), 0.0021925 secs] [Times: user=0.01 sys=0.00, real=0.00 secs] 
486.716: [GC (Allocation Failure) [PSYoungGen: 72544K->1408K(72192K)] 382609K->311473K(582656K), 0.0018741 secs] [Times: user=0.01 sys=0.00, real=0.00 secs] 
486.986: [GC (Allocation Failure) [PSYoungGen: 72064K->1437K(71680K)] 382129K->311502K(582144K), 0.0018821 secs] [Times: user=0.01 sys=0.00, real=0.01 secs] 
487.129: [GC (Allocation Failure) [PSYoungGen: 71581K->1501K(71168K)] 381646K->311566K(581632K), 0.0015644 secs] [Times: user=0.01 sys=0.00, real=0.00 secs] 
487.281: [GC (Allocation Failure) [PSYoungGen: 71133K->1469K(70656K)] 381198K->311534K(581120K), 0.0020644 secs] [Times: user=0.01 sys=0.00, real=0.00 secs] 
487.405: [GC (Allocation Failure) [PSYoungGen: 70589K->1501K(77824K)] 380654K->311582K(588288K), 0.0017023 secs] [Times: user=0.00 sys=0.00, real=0.01 secs] 
488.325: [GC (Allocation Failure) [PSYoungGen: 77789K->1392K(77312K)] 387870K->311473K(587776K), 0.0039154 secs] [Times: user=0.01 sys=0.00, real=0.01 secs] 
489.477: [GC (Allocation Failure) [PSYoungGen: 77168K->1408K(76800K)] 387249K->311489K(587264K), 0.0032648 secs] [Times: user=0.01 sys=0.00, real=0.00 secs] 
490.330: [GC (Allocation Failure) [PSYoungGen: 76672K->1408K(76288K)] 386753K->311489K(586752K), 0.0037717 secs] [Times: user=0.01 sys=0.00, real=0.00 secs] 
491.497: [GC (Allocation Failure) [PSYoungGen: 76160K->1376K(75776K)] 386241K->311465K(586240K), 0.0027627 secs] [Times: user=0.01 sys=0.00, real=0.00 secs] 
491.995: [GC (Allocation Failure) [PSYoungGen: 75616K->1533K(75264K)] 385705K->311622K(585728K), 0.0018515 secs] [Times: user=0.01 sys=0.00, real=0.01 secs] 
492.128: [GC (Allocation Failure) [PSYoungGen: 75261K->1533K(74752K)] 385350K->311622K(585216K), 0.0015532 secs] [Times: user=0.01 sys=0.00, real=0.00 secs] 
492.258: [GC (Allocation Failure) [PSYoungGen: 74749K->1501K(74240K)] 384838K->311590K(584704K), 0.0016537 secs] [Times: user=0.01 sys=0.00, real=0.00 secs] 
492.750: [GC (Allocation Failure) [PSYoungGen: 74205K->1456K(73728K)] 384294K->311545K(584192K), 0.0022903 secs] [Times: user=0.01 sys=0.00, real=0.00 secs] 
493.278: [GC (Allocation Failure) [PSYoungGen: 73648K->1440K(73216K)] 383737K->311529K(583680K), 0.0017885 secs] [Times: user=0.01 sys=0.00, real=0.00 secs] 
493.576: [GC (Allocation Failure) [PSYoungGen: 73120K->1408K(72704K)] 383209K->311497K(583168K), 0.0026136 secs] [Times: user=0.01 sys=0.00, real=0.00 secs] 
493.891: [GC (Allocation Failure) [PSYoungGen: 72576K->1328K(72192K)] 382665K->311417K(582656K), 0.0017649 secs] [Times: user=0.01 sys=0.00, real=0.00 secs] 
494.204: [GC (Allocation Failure) [PSYoungGen: 71984K->1469K(71680K)] 382073K->311558K(582144K), 0.0019289 secs] [Times: user=0.01 sys=0.00, real=0.01 secs] 
494.328: [GC (Allocation Failure) [PSYoungGen: 71613K->1488K(71168K)] 381702K->311577K(581632K), 0.0015367 secs] [Times: user=0.00 sys=0.00, real=0.00 secs] 
494.451: [GC (Allocation Failure) [PSYoungGen: 71120K->1501K(78336K)] 381209K->311590K(588800K), 0.0018408 secs] [Times: user=0.01 sys=0.00, real=0.00 secs] 
494.586: [GC (Allocation Failure) [PSYoungGen: 78301K->1485K(86016K)] 388390K->311582K(596480K), 0.0015759 secs] [Times: user=0.00 sys=0.00, real=0.01 secs] 
495.037: [GC (Allocation Failure) [PSYoungGen: 85965K->1392K(85504K)] 396062K->311497K(595968K), 0.0019574 secs] [Times: user=0.00 sys=0.00, real=0.00 secs] 
495.386: [GC (Allocation Failure) [PSYoungGen: 85360K->1376K(84992K)] 395465K->311489K(595456K), 0.0017005 secs] [Times: user=0.00 sys=0.00, real=0.00 secs] 
495.798: [GC (Allocation Failure) [PSYoungGen: 84832K->1376K(84480K)] 394945K->311497K(594944K), 0.0019821 secs] [Times: user=0.00 sys=0.00, real=0.00 secs] 
496.118: [GC (Allocation Failure) [PSYoungGen: 84293K->1405K(83968K)] 394415K->311534K(594432K), 0.0014410 secs] [Times: user=0.01 sys=0.00, real=0.00 secs] 
496.263: [GC (Allocation Failure) [PSYoungGen: 83837K->1453K(83456K)] 393966K->311582K(593920K), 0.0015760 secs] [Times: user=0.00 sys=0.00, real=0.00 secs] 
496.405: [GC (Allocation Failure) [PSYoungGen: 83373K->1533K(82944K)] 393502K->311662K(593408K), 0.0016583 secs] [Times: user=0.01 sys=0.00, real=0.01 secs] 
496.907: [GC (Allocation Failure) [PSYoungGen: 82941K->1408K(82432K)] 393070K->311537K(592896K), 0.0020567 secs] [Times: user=0.01 sys=0.00, real=0.00 secs] 
497.796: [GC (Allocation Failure) [PSYoungGen: 82304K->1376K(81920K)] 392433K->311505K(592384K), 0.0026851 secs] [Times: user=0.01 sys=0.01, real=0.00 secs] 
498.625: [GC (Allocation Failure) [PSYoungGen: 81760K->1376K(81408K)] 391889K->311505K(591872K), 0.0027104 secs] [Times: user=0.01 sys=0.00, real=0.01 secs] 
499.439: [GC (Allocation Failure) [PSYoungGen: 81248K->1344K(80896K)] 391377K->311473K(591360K), 0.0025738 secs] [Times: user=0.01 sys=0.00, real=0.00 secs] 
499.755: [GC (Allocation Failure) [PSYoungGen: 80704K->1469K(80384K)] 390833K->311598K(590848K), 0.0016337 secs] [Times: user=0.01 sys=0.00, real=0.01 secs] 
499.893: [GC (Allocation Failure) [PSYoungGen: 80317K->1501K(79872K)] 390446K->311630K(590336K), 0.0015284 secs] [Times: user=0.01 sys=0.00, real=0.00 secs] 
500.031: [GC (Allocation Failure) [PSYoungGen: 79837K->1533K(79360K)] 389966K->311662K(589824K), 0.0016960 secs] [Times: user=0.00 sys=0.00, real=0.00 secs] 
500.307: [GC (Allocation Failure) [PSYoungGen: 79357K->1424K(78848K)] 389486K->311553K(589312K), 0.0021284 secs] [Times: user=0.00 sys=0.00, real=0.00 secs] 
500.628: [GC (Allocation Failure) [PSYoungGen: 78736K->1344K(78336K)] 388865K->311473K(588800K), 0.0016096 secs] [Times: user=0.00 sys=0.00, real=0.00 secs] 
501.331: [GC (Allocation Failure) [PSYoungGen: 78144K->1408K(77824K)] 388273K->311545K(588288K), 0.0020427 secs] [Times: user=0.01 sys=0.00, real=0.00 secs] 
501.954: [GC (Allocation Failure) [PSYoungGen: 77696K->1376K(77312K)] 387833K->311513K(587776K), 0.0021811 secs] [Times: user=0.00 sys=0.00, real=0.01 secs] 
502.238: [GC (Allocation Failure) [PSYoungGen: 77152K->1437K(76800K)] 387289K->311574K(587264K), 0.0017867 secs] [Times: user=0.01 sys=0.01, real=0.00 secs] 
502.424: [GC (Allocation Failure) [PSYoungGen: 76701K->1421K(76288K)] 386838K->311558K(586752K), 0.0022272 secs] [Times: user=0.01 sys=0.00, real=0.01 secs] 
502.580: [GC (Allocation Failure) [PSYoungGen: 76173K->1501K(75776K)] 386310K->311638K(586240K), 0.0016681 secs] [Times: user=0.01 sys=0.00, real=0.00 secs] 
502.837: [GC (Allocation Failure) [PSYoungGen: 75741K->1472K(75264K)] 385878K->311609K(585728K), 0.0026226 secs] [Times: user=0.01 sys=0.00, real=0.00 secs] 
503.264: [GC (Allocation Failure) [PSYoungGen: 75200K->1408K(74752K)] 385337K->311553K(585216K), 0.0019339 secs] [Times: user=0.01 sys=0.00, real=0.00 secs] 
503.841: [GC (Allocation Failure) [PSYoungGen: 74624K->1408K(74240K)] 384769K->311553K(584704K), 0.0018364 secs] [Times: user=0.00 sys=0.00, real=0.00 secs] 
504.433: [GC (Allocation Failure) [PSYoungGen: 74112K->1408K(73728K)] 384257K->311553K(584192K), 0.0030374 secs] [Times: user=0.01 sys=0.00, real=0.01 secs] 
504.796: [GC (Allocation Failure) [PSYoungGen: 73600K->1501K(73216K)] 383745K->311646K(583680K), 0.0020002 secs] [Times: user=0.00 sys=0.00, real=0.00 secs] 
504.935: [GC (Allocation Failure) [PSYoungGen: 73181K->1485K(72704K)] 383326K->311630K(583168K), 0.0015157 secs] [Times: user=0.00 sys=0.00, real=0.01 secs] 
505.061: [GC (Allocation Failure) [PSYoungGen: 72653K->1453K(72192K)] 382798K->311598K(582656K), 0.0015294 secs] [Times: user=0.01 sys=0.01, real=0.00 secs] 
505.225: [GC (Allocation Failure) [PSYoungGen: 72109K->1520K(71680K)] 382254K->311697K(582144K), 0.0018080 secs] [Times: user=0.00 sys=0.00, real=0.01 secs] 
505.513: [GC (Allocation Failure) [PSYoungGen: 71664K->1344K(71168K)] 381841K->311521K(581632K), 0.0016307 secs] [Times: user=0.00 sys=0.00, real=0.00 secs] 
506.206: [GC (Allocation Failure) [PSYoungGen: 70976K->1376K(70656K)] 381153K->311553K(581120K), 0.0028633 secs] [Times: user=0.01 sys=0.00, real=0.00 secs] 
506.950: [GC (Allocation Failure) [PSYoungGen: 70496K->1408K(70144K)] 380673K->311585K(580608K), 0.0033156 secs] [Times: user=0.01 sys=0.00, real=0.00 secs] 
507.559: [GC (Allocation Failure) [PSYoungGen: 69919K->352K(68608K)] 380097K->310553K(579072K), 0.0031015 secs] [Times: user=0.01 sys=0.00, real=0.00 secs] 
507.803: [GC (Allocation Failure) [PSYoungGen: 68448K->1517K(69632K)] 378649K->311718K(580096K), 0.0020611 secs] [Times: user=0.01 sys=0.00, real=0.00 secs] 
507.941: [GC (Allocation Failure) [PSYoungGen: 69101K->1533K(68608K)] 379302K->311734K(579072K), 0.0016461 secs] [Times: user=0.01 sys=0.00, real=0.00 secs] 
508.059: [GC (Allocation Failure) [PSYoungGen: 68605K->1533K(68096K)] 378806K->311734K(578560K), 0.0015532 secs] [Times: user=0.00 sys=0.00, real=0.00 secs] 
508.471: [GC (Allocation Failure) [PSYoungGen: 68093K->1504K(67584K)] 378294K->311729K(578048K), 0.0024201 secs] [Times: user=0.01 sys=0.00, real=0.00 secs] 
509.493: [GC (Allocation Failure) [PSYoungGen: 67552K->1440K(67072K)] 377777K->311665K(577536K), 0.0035958 secs] [Times: user=0.02 sys=0.00, real=0.01 secs] 
510.140: [GC (Allocation Failure) [PSYoungGen: 66976K->1472K(66560K)] 377201K->311697K(577024K), 0.0028255 secs] [Times: user=0.02 sys=0.00, real=0.00 secs] 
510.938: [GC (Allocation Failure) [PSYoungGen: 66496K->1472K(66048K)] 376721K->311697K(576512K), 0.0032752 secs] [Times: user=0.01 sys=0.00, real=0.00 secs] 
511.683: [GC (Allocation Failure) [PSYoungGen: 65984K->1472K(65536K)] 376209K->311697K(576000K), 0.0033697 secs] [Times: user=0.01 sys=0.00, real=0.01 secs] 
512.006: [GC (Allocation Failure) [PSYoungGen: 65472K->1501K(65024K)] 375697K->311726K(575488K), 0.0018443 secs] [Times: user=0.01 sys=0.00, real=0.00 secs] 
512.161: [GC (Allocation Failure) [PSYoungGen: 64989K->1533K(64512K)] 375214K->311758K(574976K), 0.0018126 secs] [Times: user=0.01 sys=0.00, real=0.00 secs] 
512.308: [GC (Allocation Failure) [PSYoungGen: 64509K->1488K(64000K)] 374734K->311793K(574464K), 0.0024325 secs] [Times: user=0.01 sys=0.00, real=0.00 secs] 
512.435: [GC (Allocation Failure) [PSYoungGen: 63952K->1453K(70656K)] 374257K->311758K(581120K), 0.0015760 secs] [Times: user=0.00 sys=0.00, real=0.01 secs] 
514.185: [GC (Allocation Failure) [PSYoungGen: 70573K->1472K(70144K)] 380878K->311777K(580608K), 0.0064173 secs] [Times: user=0.02 sys=0.00, real=0.01 secs] 
515.115: [GC (Allocation Failure) [PSYoungGen: 70080K->1312K(69632K)] 380385K->311617K(580096K), 0.0019619 secs] [Times: user=0.01 sys=0.00, real=0.01 secs] 
515.811: [GC (Allocation Failure) [PSYoungGen: 69408K->1360K(69120K)] 379713K->311665K(579584K), 0.0022538 secs] [Times: user=0.00 sys=0.00, real=0.00 secs] 
516.555: [GC (Allocation Failure) [PSYoungGen: 68944K->1408K(68608K)] 379249K->311713K(579072K), 0.0019593 secs] [Times: user=0.01 sys=0.00, real=0.01 secs] 
516.887: [GC (Allocation Failure) [PSYoungGen: 68480K->1437K(68096K)] 378785K->311742K(578560K), 0.0016685 secs] [Times: user=0.01 sys=0.00, real=0.00 secs] 
517.004: [GC (Allocation Failure) [PSYoungGen: 67997K->1469K(67584K)] 378302K->311774K(578048K), 0.0015542 secs] [Times: user=0.01 sys=0.00, real=0.01 secs] 
517.137: [GC (Allocation Failure) [PSYoungGen: 67517K->1501K(67072K)] 377822K->311814K(577536K), 0.0019665 secs] [Times: user=0.00 sys=0.00, real=0.00 secs] 
517.284: [GC (Allocation Failure) [PSYoungGen: 67037K->1453K(73728K)] 377350K->311766K(584192K), 0.0016668 secs] [Times: user=0.01 sys=0.00, real=0.00 secs] 
517.736: [GC (Allocation Failure) [PSYoungGen: 73645K->1408K(73216K)] 383958K->311721K(583680K), 0.0020426 secs] [Times: user=0.01 sys=0.00, real=0.00 secs] 
518.171: [GC (Allocation Failure) [PSYoungGen: 73088K->1408K(72704K)] 383401K->311721K(583168K), 0.0017892 secs] [Times: user=0.01 sys=0.00, real=0.00 secs] 
518.557: [GC (Allocation Failure) [PSYoungGen: 72576K->1360K(72192K)] 382889K->311697K(582656K), 0.0031076 secs] [Times: user=0.01 sys=0.00, real=0.00 secs] 
519.071: [GC (Allocation Failure) [PSYoungGen: 72016K->1344K(71680K)] 382353K->311681K(582144K), 0.0023617 secs] [Times: user=0.01 sys=0.00, real=0.00 secs] 
519.316: [GC (Allocation Failure) [PSYoungGen: 71488K->1456K(71168K)] 381825K->311793K(581632K), 0.0015647 secs] [Times: user=0.01 sys=0.00, real=0.00 secs] 
519.458: [GC (Allocation Failure) [PSYoungGen: 71088K->1501K(70656K)] 381425K->311838K(581120K), 0.0015660 secs] [Times: user=0.00 sys=0.00, real=0.00 secs] 
519.616: [GC (Allocation Failure) [PSYoungGen: 70621K->1485K(70144K)] 380958K->311822K(580608K), 0.0017531 secs] [Times: user=0.01 sys=0.00, real=0.00 secs] 
519.871: [GC (Allocation Failure) [PSYoungGen: 70093K->1472K(69632K)] 380430K->311817K(580096K), 0.0018741 secs] [Times: user=0.00 sys=0.00, real=0.00 secs] 
520.569: [GC (Allocation Failure) [PSYoungGen: 69568K->1376K(69120K)] 379913K->311721K(579584K), 0.0024217 secs] [Times: user=0.01 sys=0.00, real=0.00 secs] 
520.890: [GC (Allocation Failure) [PSYoungGen: 68960K->1440K(68608K)] 379305K->311785K(579072K), 0.0019051 secs] [Times: user=0.01 sys=0.00, real=0.00 secs] 
521.170: [GC (Allocation Failure) [PSYoungGen: 68512K->1312K(68096K)] 378857K->311657K(578560K), 0.0018744 secs] [Times: user=0.01 sys=0.00, real=0.00 secs] 
521.446: [GC (Allocation Failure) [PSYoungGen: 67872K->1344K(67584K)] 378217K->311689K(578048K), 0.0017853 secs] [Times: user=0.01 sys=0.01, real=0.00 secs] 
521.639: [GC (Allocation Failure) [PSYoungGen: 67392K->1456K(67072K)] 377737K->311801K(577536K), 0.0015845 secs] [Times: user=0.01 sys=0.00, real=0.00 secs] 
521.755: [GC (Allocation Failure) [PSYoungGen: 66992K->1469K(66560K)] 377337K->311814K(577024K), 0.0016232 secs] [Times: user=0.00 sys=0.00, real=0.01 secs] 
521.869: [GC (Allocation Failure) [PSYoungGen: 66493K->1424K(73216K)] 376838K->311769K(583680K), 0.0014945 secs] [Times: user=0.01 sys=0.00, real=0.00 secs] 
522.695: [GC (Allocation Failure) [PSYoungGen: 73104K->976K(72192K)] 383449K->312345K(582656K), 0.0043512 secs] [Times: user=0.01 sys=0.00, real=0.01 secs] 
524.956: [GC (Allocation Failure) [PSYoungGen: 72144K->384K(71168K)] 383513K->311753K(581632K), 0.0024692 secs] [Times: user=0.01 sys=0.00, real=0.01 secs] 
525.493: [GC (Allocation Failure) [PSYoungGen: 71040K->352K(70656K)] 382409K->311721K(581120K), 0.0022694 secs] [Times: user=0.01 sys=0.00, real=0.00 secs] 
526.249: [GC (Allocation Failure) [PSYoungGen: 70496K->368K(71680K)] 381865K->311737K(582144K), 0.0020933 secs] [Times: user=0.00 sys=0.00, real=0.00 secs] 
526.947: [GC (Allocation Failure) [PSYoungGen: 70000K->1533K(70656K)] 381369K->312902K(581120K), 0.0023788 secs] [Times: user=0.00 sys=0.00, real=0.00 secs] 
527.118: [GC (Allocation Failure) [PSYoungGen: 70653K->1469K(70144K)] 382022K->312838K(580608K), 0.0016743 secs] [Times: user=0.01 sys=0.00, real=0.00 secs] 
527.239: [GC (Allocation Failure) [PSYoungGen: 70077K->1501K(69632K)] 381446K->312870K(580096K), 0.0014959 secs] [Times: user=0.01 sys=0.00, real=0.00 secs] 
527.360: [GC (Allocation Failure) [PSYoungGen: 69597K->1485K(69120K)] 380966K->312870K(579584K), 0.0014893 secs] [Times: user=0.01 sys=0.00, real=0.00 secs] 
527.663: [GC (Allocation Failure) [PSYoungGen: 69069K->1456K(68608K)] 380454K->312849K(579072K), 0.0017818 secs] [Times: user=0.00 sys=0.00, real=0.00 secs] 
528.246: [GC (Allocation Failure) [PSYoungGen: 68528K->1376K(68096K)] 379921K->312769K(578560K), 0.0019882 secs] [Times: user=0.01 sys=0.00, real=0.01 secs] 
528.873: [GC (Allocation Failure) [PSYoungGen: 67936K->1360K(67584K)] 379329K->312753K(578048K), 0.0028987 secs] [Times: user=0.01 sys=0.00, real=0.01 secs] 
529.382: [GC (Allocation Failure) [PSYoungGen: 67408K->1360K(67072K)] 378801K->312753K(577536K), 0.0023876 secs] [Times: user=0.01 sys=0.00, real=0.00 secs] 
529.923: [GC (Allocation Failure) [PSYoungGen: 66896K->1440K(66560K)] 378289K->312857K(577024K), 0.0024660 secs] [Times: user=0.01 sys=0.00, real=0.00 secs] 
530.099: [GC (Allocation Failure) [PSYoungGen: 66464K->1469K(66048K)] 377881K->312886K(576512K), 0.0015760 secs] [Times: user=0.01 sys=0.00, real=0.00 secs] 
530.211: [GC (Allocation Failure) [PSYoungGen: 65981K->1469K(65536K)] 377398K->312886K(576000K), 0.0014834 secs] [Times: user=0.01 sys=0.00, real=0.00 secs] 
530.323: [GC (Allocation Failure) [PSYoungGen: 65442K->1501K(65024K)] 376860K->312958K(575488K), 0.0015431 secs] [Times: user=0.01 sys=0.00, real=0.00 secs] 
530.671: [GC (Allocation Failure) [PSYoungGen: 64989K->1504K(64512K)] 376446K->313113K(574976K), 0.0021897 secs] [Times: user=0.01 sys=0.00, real=0.00 secs] 
531.370: [GC (Allocation Failure) [PSYoungGen: 64480K->1280K(64000K)] 376089K->312889K(574464K), 0.0021687 secs] [Times: user=0.01 sys=0.00, real=0.00 secs] 
531.867: [GC (Allocation Failure) [PSYoungGen: 63744K->1280K(63488K)] 375353K->312889K(573952K), 0.0019207 secs] [Times: user=0.01 sys=0.00, real=0.00 secs] 
532.160: [GC (Allocation Failure) [PSYoungGen: 63232K->1328K(62976K)] 374841K->312937K(573440K), 0.0021104 secs] [Times: user=0.01 sys=0.00, real=0.00 secs] 
532.416: [GC (Allocation Failure) [PSYoungGen: 62768K->1280K(62464K)] 374377K->312889K(572928K), 0.0022831 secs] [Times: user=0.01 sys=0.00, real=0.01 secs] 
532.656: [GC (Allocation Failure) [PSYoungGen: 62208K->1501K(61952K)] 373817K->313110K(572416K), 0.0018679 secs] [Times: user=0.01 sys=0.00, real=0.00 secs] 
532.771: [GC (Allocation Failure) [PSYoungGen: 61917K->1485K(61440K)] 373526K->313094K(571904K), 0.0015229 secs] [Times: user=0.00 sys=0.00, real=0.00 secs] 
532.876: [GC (Allocation Failure) [PSYoungGen: 61389K->1501K(67584K)] 372998K->313126K(578048K), 0.0015802 secs] [Times: user=0.01 sys=0.00, real=0.00 secs] 
532.992: [GC (Allocation Failure) [PSYoungGen: 67549K->1504K(68096K)] 379174K->313129K(578560K), 0.0015930 secs] [Times: user=0.00 sys=0.00, real=0.00 secs] 
533.667: [GC (Allocation Failure) [PSYoungGen: 68064K->1488K(67584K)] 379689K->313121K(578048K), 0.0023459 secs] [Times: user=0.01 sys=0.00, real=0.00 secs] 
534.540: [GC (Allocation Failure) [PSYoungGen: 67536K->1440K(67072K)] 379169K->313073K(577536K), 0.0033565 secs] [Times: user=0.02 sys=0.00, real=0.00 secs] 
535.263: [GC (Allocation Failure) [PSYoungGen: 66976K->1440K(66560K)] 378609K->313073K(577024K), 0.0037746 secs] [Times: user=0.01 sys=0.00, real=0.01 secs] 
535.896: [GC (Allocation Failure) [PSYoungGen: 66464K->1408K(66048K)] 378097K->313041K(576512K), 0.0025351 secs] [Times: user=0.01 sys=0.00, real=0.00 secs] 
536.407: [GC (Allocation Failure) [PSYoungGen: 65920K->1469K(65536K)] 377553K->313102K(576000K), 0.0021902 secs] [Times: user=0.01 sys=0.00, real=0.00 secs] 
536.560: [GC (Allocation Failure) [PSYoungGen: 65469K->1565K(65536K)] 377102K->313198K(576000K), 0.0014139 secs] [Times: user=0.01 sys=0.00, real=0.00 secs] 
536.671: [GC (Allocation Failure) [PSYoungGen: 65053K->1536K(65024K)] 376686K->313225K(575488K), 0.0017038 secs] [Times: user=0.01 sys=0.00, real=0.00 secs] 
536.783: [GC (Allocation Failure) [PSYoungGen: 64512K->445K(65024K)] 376201K->313158K(575488K), 0.0015510 secs] [Times: user=0.01 sys=0.00, real=0.00 secs] 
536.946: [GC (Allocation Failure) [PSYoungGen: 64295K->1616K(66048K)] 377008K->314353K(576512K), 0.0024437 secs] [Times: user=0.00 sys=0.00, real=0.00 secs] 
537.226: [GC (Allocation Failure) [PSYoungGen: 65616K->1376K(72704K)] 378353K->314113K(583168K), 0.0017684 secs] [Times: user=0.01 sys=0.00, real=0.00 secs] 
537.559: [GC (Allocation Failure) [PSYoungGen: 72032K->1376K(71680K)] 384769K->314113K(582144K), 0.0016739 secs] [Times: user=0.00 sys=0.00, real=0.00 secs] 
538.022: [GC (Allocation Failure) [PSYoungGen: 71520K->1408K(71168K)] 384257K->314153K(581632K), 0.0017100 secs] [Times: user=0.01 sys=0.00, real=0.00 secs] 
538.501: [GC (Allocation Failure) [PSYoungGen: 71040K->1344K(70656K)] 383785K->314089K(581120K), 0.0023203 secs] [Times: user=0.01 sys=0.00, real=0.00 secs] 
538.825: [GC (Allocation Failure) [PSYoungGen: 70464K->1469K(70144K)] 383209K->314214K(580608K), 0.0019238 secs] [Times: user=0.01 sys=0.00, real=0.01 secs] 
538.956: [GC (Allocation Failure) [PSYoungGen: 70077K->1469K(69632K)] 382822K->314214K(580096K), 0.0017302 secs] [Times: user=0.00 sys=0.00, real=0.00 secs] 
539.075: [GC (Allocation Failure) [PSYoungGen: 69565K->1501K(69120K)] 382310K->314270K(579584K), 0.0015380 secs] [Times: user=0.01 sys=0.00, real=0.01 secs] 
539.313: [GC (Allocation Failure) [PSYoungGen: 69085K->1440K(68608K)] 381854K->314209K(579072K), 0.0019805 secs] [Times: user=0.01 sys=0.00, real=0.00 secs] 
540.073: [GC (Allocation Failure) [PSYoungGen: 68512K->1424K(68096K)] 381281K->314193K(578560K), 0.0042761 secs] [Times: user=0.01 sys=0.00, real=0.01 secs] 
540.606: [GC (Allocation Failure) [PSYoungGen: 67984K->1440K(67584K)] 380753K->314209K(578048K), 0.0025717 secs] [Times: user=0.01 sys=0.00, real=0.00 secs] 
541.336: [GC (Allocation Failure) [PSYoungGen: 67488K->1328K(67072K)] 380257K->314097K(577536K), 0.0028326 secs] [Times: user=0.01 sys=0.00, real=0.01 secs] 
542.128: [GC (Allocation Failure) [PSYoungGen: 66864K->1440K(66560K)] 379633K->314209K(577024K), 0.0046582 secs] [Times: user=0.01 sys=0.00, real=0.00 secs] 
542.428: [GC (Allocation Failure) [PSYoungGen: 66464K->1533K(66048K)] 379233K->314302K(576512K), 0.0019837 secs] [Times: user=0.01 sys=0.00, real=0.00 secs] 
542.554: [GC (Allocation Failure) [PSYoungGen: 66045K->1501K(65536K)] 378814K->314270K(576000K), 0.0014865 secs] [Times: user=0.00 sys=0.00, real=0.00 secs] 
542.669: [GC (Allocation Failure) [PSYoungGen: 65501K->1533K(66048K)] 378270K->314318K(576512K), 0.0017794 secs] [Times: user=0.01 sys=0.00, real=0.00 secs] 
542.784: [GC (Allocation Failure) [PSYoungGen: 65533K->1501K(66048K)] 378318K->314286K(576512K), 0.0015320 secs] [Times: user=0.01 sys=0.00, real=0.01 secs] 
543.456: [GC (Allocation Failure) [PSYoungGen: 65501K->1408K(65024K)] 378286K->314193K(575488K), 0.0023987 secs] [Times: user=0.01 sys=0.00, real=0.00 secs] 
544.152: [GC (Allocation Failure) [PSYoungGen: 64896K->1376K(64512K)] 377681K->314161K(574976K), 0.0031905 secs] [Times: user=0.01 sys=0.00, real=0.00 secs] 
544.635: [GC (Allocation Failure) [PSYoungGen: 64352K->1376K(64000K)] 377137K->314161K(574464K), 0.0030660 secs] [Times: user=0.01 sys=0.00, real=0.01 secs] 
545.053: [GC (Allocation Failure) [PSYoungGen: 63840K->1376K(63488K)] 376625K->314161K(573952K), 0.0025634 secs] [Times: user=0.01 sys=0.00, real=0.00 secs] 
545.347: [GC (Allocation Failure) [PSYoungGen: 63328K->1469K(62976K)] 376113K->314254K(573440K), 0.0016760 secs] [Times: user=0.01 sys=0.00, real=0.00 secs] 
545.465: [GC (Allocation Failure) [PSYoungGen: 62909K->1488K(62464K)] 375694K->314273K(572928K), 0.0016842 secs] [Times: user=0.01 sys=0.00, real=0.01 secs] 
545.573: [GC (Allocation Failure) [PSYoungGen: 62416K->1453K(68608K)] 375201K->314254K(579072K), 0.0014643 secs] [Times: user=0.01 sys=0.00, real=0.00 secs] 
545.690: [GC (Allocation Failure) [PSYoungGen: 68525K->1469K(69120K)] 381326K->314270K(579584K), 0.0015488 secs] [Times: user=0.01 sys=0.00, real=0.00 secs] 
546.119: [GC (Allocation Failure) [PSYoungGen: 68541K->1440K(68096K)] 381342K->314241K(578560K), 0.0022301 secs] [Times: user=0.01 sys=0.00, real=0.00 secs] 
546.664: [GC (Allocation Failure) [PSYoungGen: 68000K->1344K(67584K)] 380801K->314153K(578048K), 0.0023497 secs] [Times: user=0.01 sys=0.00, real=0.01 secs] 
546.939: [GC (Allocation Failure) [PSYoungGen: 67392K->1376K(67072K)] 380201K->314201K(577536K), 0.0018681 secs] [Times: user=0.01 sys=0.00, real=0.00 secs] 
547.261: [GC (Allocation Failure) [PSYoungGen: 66912K->1424K(66560K)] 379737K->314249K(577024K), 0.0020065 secs] [Times: user=0.00 sys=0.00, real=0.00 secs] 
547.677: [GC (Allocation Failure) [PSYoungGen: 66448K->1469K(66048K)] 379273K->314294K(576512K), 0.0027590 secs] [Times: user=0.01 sys=0.00, real=0.00 secs] 
547.891: [GC (Allocation Failure) [PSYoungGen: 65981K->1440K(65536K)] 378806K->314265K(576000K), 0.0019065 secs] [Times: user=0.01 sys=0.00, real=0.00 secs] 
548.047: [GC (Allocation Failure) [PSYoungGen: 65440K->1469K(65024K)] 378265K->314294K(575488K), 0.0019048 secs] [Times: user=0.01 sys=0.00, real=0.00 secs] 
548.195: [GC (Allocation Failure) [PSYoungGen: 64957K->1501K(64512K)] 377782K->314334K(574976K), 0.0015527 secs] [Times: user=0.01 sys=0.00, real=0.01 secs] 
548.398: [GC (Allocation Failure) [PSYoungGen: 64477K->1520K(64000K)] 377310K->314465K(574464K), 0.0019009 secs] [Times: user=0.00 sys=0.00, real=0.00 secs] 
549.038: [GC (Allocation Failure) [PSYoungGen: 63984K->1296K(63488K)] 376929K->314241K(573952K), 0.0026808 secs] [Times: user=0.01 sys=0.00, real=0.00 secs] 
549.548: [GC (Allocation Failure) [PSYoungGen: 63248K->1328K(62976K)] 376193K->314273K(573440K), 0.0022126 secs] [Times: user=0.01 sys=0.00, real=0.00 secs] 
550.151: [GC (Allocation Failure) [PSYoungGen: 62768K->1344K(62464K)] 375713K->314289K(572928K), 0.0022771 secs] [Times: user=0.01 sys=0.00, real=0.00 secs] 
550.660: [GC (Allocation Failure) [PSYoungGen: 62272K->1344K(61952K)] 375217K->314289K(572416K), 0.0020481 secs] [Times: user=0.01 sys=0.00, real=0.00 secs] 
550.979: [GC (Allocation Failure) [PSYoungGen: 61760K->1488K(61440K)] 374705K->314433K(571904K), 0.0020779 secs] [Times: user=0.00 sys=0.00, real=0.00 secs] 
551.092: [GC (Allocation Failure) [PSYoungGen: 61392K->1520K(60928K)] 374337K->314465K(571392K), 0.0015077 secs] [Times: user=0.00 sys=0.00, real=0.00 secs] 
551.195: [GC (Allocation Failure) [PSYoungGen: 60912K->1552K(67584K)] 373857K->314513K(578048K), 0.0017112 secs] [Times: user=0.01 sys=0.00, real=0.01 secs] 
551.310: [GC (Allocation Failure) [PSYoungGen: 67061K->445K(67584K)] 380023K->314430K(578048K), 0.0016926 secs] [Times: user=0.00 sys=0.00, real=0.00 secs] 
551.954: [GC (Allocation Failure) [PSYoungGen: 67005K->1488K(67584K)] 380990K->315473K(578048K), 0.0026671 secs] [Times: user=0.01 sys=0.00, real=0.01 secs] 
552.501: [GC (Allocation Failure) [PSYoungGen: 67536K->1408K(67072K)] 381521K->315393K(577536K), 0.0026877 secs] [Times: user=0.01 sys=0.00, real=0.00 secs] 
553.104: [GC (Allocation Failure) [PSYoungGen: 66944K->1440K(66560K)] 380929K->315425K(577024K), 0.0027243 secs] [Times: user=0.01 sys=0.00, real=0.01 secs] 
553.648: [GC (Allocation Failure) [PSYoungGen: 66464K->1392K(66048K)] 380449K->315377K(576512K), 0.0021924 secs] [Times: user=0.01 sys=0.00, real=0.00 secs] 
554.170: [GC (Allocation Failure) [PSYoungGen: 65904K->1501K(65536K)] 379889K->315486K(576000K), 0.0021376 secs] [Times: user=0.01 sys=0.00, real=0.00 secs] 
554.322: [GC (Allocation Failure) [PSYoungGen: 65501K->1536K(65536K)] 379486K->315521K(576000K), 0.0015447 secs] [Times: user=0.01 sys=0.00, real=0.00 secs] 
554.434: [GC (Allocation Failure) [PSYoungGen: 65024K->1485K(64512K)] 379009K->315519K(574976K), 0.0015227 secs] [Times: user=0.01 sys=0.00, real=0.01 secs] 
554.545: [GC (Allocation Failure) [PSYoungGen: 64461K->1533K(65024K)] 378495K->315566K(575488K), 0.0015030 secs] [Times: user=0.00 sys=0.00, real=0.01 secs] 
554.656: [GC (Allocation Failure) [PSYoungGen: 65021K->1453K(65536K)] 379054K->315487K(576000K), 0.0015117 secs] [Times: user=0.01 sys=0.00, real=0.00 secs] 
555.001: [GC (Allocation Failure) [PSYoungGen: 64941K->1456K(64512K)] 378975K->315489K(574976K), 0.0019073 secs] [Times: user=0.01 sys=0.00, real=0.00 secs] 
555.486: [GC (Allocation Failure) [PSYoungGen: 64432K->1408K(64000K)] 378465K->315441K(574464K), 0.0019127 secs] [Times: user=0.01 sys=0.00, real=0.00 secs] 
556.013: [GC (Allocation Failure) [PSYoungGen: 63872K->1408K(63488K)] 377905K->315441K(573952K), 0.0017500 secs] [Times: user=0.01 sys=0.00, real=0.00 secs] 
556.598: [GC (Allocation Failure) [PSYoungGen: 63360K->1392K(62976K)] 377393K->315425K(573440K), 0.0021070 secs] [Times: user=0.01 sys=0.00, real=0.00 secs] 
556.976: [GC (Allocation Failure) [PSYoungGen: 62832K->1469K(62464K)] 376865K->315502K(572928K), 0.0018750 secs] [Times: user=0.01 sys=0.00, real=0.00 secs] 
557.097: [GC (Allocation Failure) [PSYoungGen: 62397K->1565K(62464K)] 376430K->315599K(572928K), 0.0016614 secs] [Times: user=0.01 sys=0.00, real=0.00 secs] 
557.204: [GC (Allocation Failure) [PSYoungGen: 61981K->477K(60416K)] 376015K->315558K(570880K), 0.0015379 secs] [Times: user=0.00 sys=0.00, real=0.00 secs] 
557.309: [GC (Allocation Failure) [PSYoungGen: 60381K->461K(68096K)] 375462K->315543K(578560K), 0.0014557 secs] [Times: user=0.01 sys=0.00, real=0.00 secs] 
557.623: [GC (Allocation Failure) [PSYoungGen: 66509K->1456K(67072K)] 381591K->316537K(577536K), 0.0018740 secs] [Times: user=0.01 sys=0.00, real=0.00 secs] 
558.228: [GC (Allocation Failure) [PSYoungGen: 66992K->1376K(66560K)] 382073K->316473K(577024K), 0.0020527 secs] [Times: user=0.01 sys=0.00, real=0.00 secs] 
558.767: [GC (Allocation Failure) [PSYoungGen: 66400K->1376K(66048K)] 381497K->316473K(576512K), 0.0025730 secs] [Times: user=0.01 sys=0.00, real=0.00 secs] 
559.251: [GC (Allocation Failure) [PSYoungGen: 65888K->1376K(65536K)] 380985K->316473K(576000K), 0.0020588 secs] [Times: user=0.01 sys=0.00, real=0.00 secs] 
559.517: [GC (Allocation Failure) [PSYoungGen: 65376K->1328K(65024K)] 380473K->316425K(575488K), 0.0019125 secs] [Times: user=0.01 sys=0.00, real=0.00 secs] 
559.673: [GC (Allocation Failure) [PSYoungGen: 64816K->1501K(64512K)] 379913K->316599K(574976K), 0.0015940 secs] [Times: user=0.01 sys=0.00, real=0.00 secs] 
559.783: [GC (Allocation Failure) [PSYoungGen: 64477K->1517K(64000K)] 379575K->316615K(574464K), 0.0015428 secs] [Times: user=0.01 sys=0.00, real=0.00 secs] 
559.893: [GC (Allocation Failure) [PSYoungGen: 63981K->1472K(64512K)] 379079K->316585K(574976K), 0.0014965 secs] [Times: user=0.01 sys=0.00, real=0.00 secs] 
560.003: [GC (Allocation Failure) [PSYoungGen: 63936K->1501K(71168K)] 379049K->316615K(581632K), 0.0017039 secs] [Times: user=0.00 sys=0.00, real=0.00 secs] 
560.309: [GC (Allocation Failure) [PSYoungGen: 70621K->1392K(71168K)] 385735K->316505K(581632K), 0.0015608 secs] [Times: user=0.01 sys=0.00, real=0.00 secs] 
560.595: [GC (Allocation Failure) [PSYoungGen: 70512K->1344K(70144K)] 385625K->316457K(580608K), 0.0020622 secs] [Times: user=0.01 sys=0.00, real=0.01 secs] 
561.081: [GC (Allocation Failure) [PSYoungGen: 69952K->1408K(69632K)] 385065K->316521K(580096K), 0.0037741 secs] [Times: user=0.01 sys=0.00, real=0.00 secs] 
561.642: [GC (Allocation Failure) [PSYoungGen: 69504K->1408K(69120K)] 384617K->316521K(579584K), 0.0023098 secs] [Times: user=0.01 sys=0.00, real=0.00 secs] 
561.919: [GC (Allocation Failure) [PSYoungGen: 68992K->1501K(68608K)] 384105K->316615K(579072K), 0.0017104 secs] [Times: user=0.00 sys=0.00, real=0.00 secs] 
562.056: [GC (Allocation Failure) [PSYoungGen: 68554K->1469K(68096K)] 383667K->316583K(578560K), 0.0018577 secs] [Times: user=0.01 sys=0.00, real=0.01 secs] 
562.205: [GC (Allocation Failure) [PSYoungGen: 68029K->1485K(75264K)] 383143K->316607K(585728K), 0.0017383 secs] [Times: user=0.01 sys=0.00, real=0.01 secs] 
562.373: [GC (Allocation Failure) [PSYoungGen: 74701K->1469K(75264K)] 389823K->316591K(585728K), 0.0017141 secs] [Times: user=0.01 sys=0.00, real=0.00 secs] 
562.973: [GC (Allocation Failure) [PSYoungGen: 74685K->1408K(74240K)] 389807K->316529K(584704K), 0.0019400 secs] [Times: user=0.01 sys=0.00, real=0.00 secs] 
563.319: [GC (Allocation Failure) [PSYoungGen: 74112K->1376K(73728K)] 389233K->316497K(584192K), 0.0019847 secs] [Times: user=0.01 sys=0.00, real=0.00 secs] 
563.618: [GC (Allocation Failure) [PSYoungGen: 73568K->1408K(73216K)] 388689K->316529K(583680K), 0.0020502 secs] [Times: user=0.00 sys=0.00, real=0.00 secs] 
563.961: [GC (Allocation Failure) [PSYoungGen: 73088K->1469K(72704K)] 388209K->316591K(583168K), 0.0020361 secs] [Times: user=0.01 sys=0.00, real=0.00 secs] 
564.144: [GC (Allocation Failure) [PSYoungGen: 72637K->1485K(72192K)] 387759K->316607K(582656K), 0.0020264 secs] [Times: user=0.00 sys=0.00, real=0.00 secs] 
564.287: [GC (Allocation Failure) [PSYoungGen: 72141K->1469K(71680K)] 387263K->316591K(582144K), 0.0017695 secs] [Times: user=0.00 sys=0.00, real=0.00 secs] 
564.433: [GC (Allocation Failure) [PSYoungGen: 71600K->1488K(72192K)] 386722K->316609K(582656K), 0.0017582 secs] [Times: user=0.01 sys=0.00, real=0.00 secs] 
564.908: [GC (Allocation Failure) [PSYoungGen: 71632K->1408K(71168K)] 386753K->316529K(581632K), 0.0029469 secs] [Times: user=0.01 sys=0.00, real=0.00 secs] 
565.871: [GC (Allocation Failure) [PSYoungGen: 71040K->1376K(70656K)] 386161K->316505K(581120K), 0.0028624 secs] [Times: user=0.01 sys=0.00, real=0.00 secs] 
566.682: [GC (Allocation Failure) [PSYoungGen: 70496K->1376K(70144K)] 385625K->316505K(580608K), 0.0028352 secs] [Times: user=0.01 sys=0.00, real=0.00 secs] 
567.459: [GC (Allocation Failure) [PSYoungGen: 69984K->1376K(69632K)] 385113K->316537K(580096K), 0.0039559 secs] [Times: user=0.02 sys=0.00, real=0.00 secs] 
567.921: [GC (Allocation Failure) [PSYoungGen: 69472K->1437K(69120K)] 384633K->316599K(579584K), 0.0020781 secs] [Times: user=0.01 sys=0.00, real=0.00 secs] 
568.074: [GC (Allocation Failure) [PSYoungGen: 69021K->1501K(68608K)] 384183K->316663K(579072K), 0.0015957 secs] [Times: user=0.00 sys=0.00, real=0.00 secs] 
568.192: [GC (Allocation Failure) [PSYoungGen: 68573K->1501K(68096K)] 383735K->316663K(578560K), 0.0016591 secs] [Times: user=0.00 sys=0.00, real=0.00 secs] 
568.325: [GC (Allocation Failure) [PSYoungGen: 68061K->1437K(74752K)] 383223K->316599K(585216K), 0.0018306 secs] [Times: user=0.00 sys=0.00, real=0.01 secs] 
568.977: [GC (Allocation Failure) [PSYoungGen: 74653K->1456K(74240K)] 389815K->316617K(584704K), 0.0020309 secs] [Times: user=0.01 sys=0.00, real=0.00 secs] 
570.238: [GC (Allocation Failure) [PSYoungGen: 74160K->1376K(73728K)] 389321K->316537K(584192K), 0.0020493 secs] [Times: user=0.01 sys=0.00, real=0.00 secs] 
571.607: [GC (Allocation Failure) [PSYoungGen: 73568K->1408K(73216K)] 388729K->316569K(583680K), 0.0045448 secs] [Times: user=0.02 sys=0.00, real=0.00 secs] 
572.573: [GC (Allocation Failure) [PSYoungGen: 73088K->1376K(72704K)] 388249K->316537K(583168K), 0.0028637 secs] [Times: user=0.01 sys=0.00, real=0.01 secs] 
572.972: [GC (Allocation Failure) [PSYoungGen: 72544K->1533K(72192K)] 387705K->316695K(582656K), 0.0019912 secs] [Times: user=0.01 sys=0.00, real=0.00 secs] 
573.112: [GC (Allocation Failure) [PSYoungGen: 72189K->1517K(71680K)] 387351K->316679K(582144K), 0.0014843 secs] [Times: user=0.01 sys=0.00, real=0.00 secs] 
573.234: [GC (Allocation Failure) [PSYoungGen: 71660K->1501K(71168K)] 386821K->316663K(581632K), 0.0016012 secs] [Times: user=0.01 sys=0.00, real=0.00 secs] 
573.356: [GC (Allocation Failure) [PSYoungGen: 71133K->1517K(70656K)] 386295K->316687K(581120K), 0.0016106 secs] [Times: user=0.00 sys=0.00, real=0.00 secs] 
574.034: [GC (Allocation Failure) [PSYoungGen: 70637K->1456K(70144K)] 385807K->316625K(580608K), 0.0043900 secs] [Times: user=0.01 sys=0.00, real=0.01 secs] 
574.814: [GC (Allocation Failure) [PSYoungGen: 70064K->1376K(69632K)] 385233K->316545K(580096K), 0.0026254 secs] [Times: user=0.01 sys=0.00, real=0.01 secs] 
575.237: [GC (Allocation Failure) [PSYoungGen: 69472K->1408K(69120K)] 384641K->316577K(579584K), 0.0020793 secs] [Times: user=0.01 sys=0.00, real=0.00 secs] 
575.518: [GC (Allocation Failure) [PSYoungGen: 68992K->1376K(68608K)] 384161K->316545K(579072K), 0.0018335 secs] [Times: user=0.01 sys=0.00, real=0.00 secs] 
575.693: [GC (Allocation Failure) [PSYoungGen: 68448K->1485K(68096K)] 383617K->316655K(578560K), 0.0015568 secs] [Times: user=0.00 sys=0.00, real=0.00 secs] 
575.814: [GC (Allocation Failure) [PSYoungGen: 68045K->1517K(67584K)] 383215K->316687K(578048K), 0.0015802 secs] [Times: user=0.00 sys=0.00, real=0.00 secs] 
575.931: [GC (Allocation Failure) [PSYoungGen: 67565K->1485K(68096K)] 382735K->316655K(578560K), 0.0016674 secs] [Times: user=0.00 sys=0.00, real=0.00 secs] 
576.065: [GC (Allocation Failure) [PSYoungGen: 67533K->1501K(68096K)] 382703K->316695K(578560K), 0.0017113 secs] [Times: user=0.01 sys=0.00, real=0.01 secs] 
576.565: [GC (Allocation Failure) [PSYoungGen: 67549K->1408K(67072K)] 382743K->316601K(577536K), 0.0019690 secs] [Times: user=0.01 sys=0.00, real=0.01 secs] 
577.067: [GC (Allocation Failure) [PSYoungGen: 66944K->1392K(66560K)] 382137K->316609K(577024K), 0.0019442 secs] [Times: user=0.01 sys=0.00, real=0.00 secs] 
577.581: [GC (Allocation Failure) [PSYoungGen: 66416K->1408K(66048K)] 381633K->316625K(576512K), 0.0016869 secs] [Times: user=0.00 sys=0.01, real=0.00 secs] 
577.848: [GC (Allocation Failure) [PSYoungGen: 65920K->1408K(65536K)] 381137K->316625K(576000K), 0.0021133 secs] [Times: user=0.00 sys=0.00, real=0.00 secs] 
578.047: [GC (Allocation Failure) [PSYoungGen: 65408K->1469K(65024K)] 380625K->316687K(575488K), 0.0015329 secs] [Times: user=0.01 sys=0.00, real=0.00 secs] 
578.158: [GC (Allocation Failure) [PSYoungGen: 64957K->1485K(64512K)] 380175K->316703K(574976K), 0.0015049 secs] [Times: user=0.01 sys=0.00, real=0.00 secs] 
578.268: [GC (Allocation Failure) [PSYoungGen: 64461K->1421K(70656K)] 379679K->316639K(581120K), 0.0014116 secs] [Times: user=0.01 sys=0.00, real=0.00 secs] 
578.390: [GC (Allocation Failure) [PSYoungGen: 70541K->1453K(71168K)] 385759K->316687K(581632K), 0.0016384 secs] [Times: user=0.01 sys=0.00, real=0.00 secs] 
579.023: [GC (Allocation Failure) [PSYoungGen: 70573K->1424K(70144K)] 385807K->316665K(580608K), 0.0022965 secs] [Times: user=0.01 sys=0.00, real=0.00 secs] 
579.807: [GC (Allocation Failure) [PSYoungGen: 70032K->1408K(69632K)] 385273K->316649K(580096K), 0.0026475 secs] [Times: user=0.01 sys=0.01, real=0.00 secs] 
580.411: [GC (Allocation Failure) [PSYoungGen: 69504K->1360K(69120K)] 384745K->316601K(579584K), 0.0020778 secs] [Times: user=0.01 sys=0.00, real=0.00 secs] 
580.967: [GC (Allocation Failure) [PSYoungGen: 68944K->1376K(68608K)] 384185K->316617K(579072K), 0.0022912 secs] [Times: user=0.01 sys=0.00, real=0.00 secs] 
581.360: [GC (Allocation Failure) [PSYoungGen: 68448K->1437K(68096K)] 383689K->316679K(578560K), 0.0014404 secs] [Times: user=0.01 sys=0.00, real=0.00 secs] 
581.476: [GC (Allocation Failure) [PSYoungGen: 67997K->1469K(67584K)] 383239K->316711K(578048K), 0.0016474 secs] [Times: user=0.00 sys=0.00, real=0.00 secs] 
581.592: [GC (Allocation Failure) [PSYoungGen: 67517K->1453K(67072K)] 382759K->316695K(577536K), 0.0014862 secs] [Times: user=0.01 sys=0.00, real=0.00 secs] 
581.725: [GC (Allocation Failure) [PSYoungGen: 66989K->1485K(73728K)] 382231K->316735K(584192K), 0.0020696 secs] [Times: user=0.00 sys=0.00, real=0.01 secs] 
582.592: [GC (Allocation Failure) [PSYoungGen: 73677K->1456K(73216K)] 388927K->316705K(583680K), 0.0023611 secs] [Times: user=0.01 sys=0.00, real=0.00 secs] 
583.554: [GC (Allocation Failure) [PSYoungGen: 73136K->1344K(72704K)] 388385K->316593K(583168K), 0.0026416 secs] [Times: user=0.01 sys=0.00, real=0.01 secs] 
584.473: [GC (Allocation Failure) [PSYoungGen: 72512K->1360K(72192K)] 387761K->316609K(582656K), 0.0024439 secs] [Times: user=0.01 sys=0.00, real=0.00 secs] 
585.248: [GC (Allocation Failure) [PSYoungGen: 72016K->1376K(71680K)] 387265K->316625K(582144K), 0.0032977 secs] [Times: user=0.01 sys=0.00, real=0.00 secs] 
585.655: [GC (Allocation Failure) [PSYoungGen: 71520K->1517K(71168K)] 386769K->316767K(581632K), 0.0018530 secs] [Times: user=0.01 sys=0.00, real=0.01 secs] 
585.786: [GC (Allocation Failure) [PSYoungGen: 71149K->1453K(70656K)] 386399K->316703K(581120K), 0.0028341 secs] [Times: user=0.01 sys=0.00, real=0.00 secs] 
585.915: [GC (Allocation Failure) [PSYoungGen: 70573K->1485K(71168K)] 385823K->316735K(581632K), 0.0015808 secs] [Times: user=0.01 sys=0.00, real=0.01 secs] 
586.055: [GC (Allocation Failure) [PSYoungGen: 70605K->1984K(71168K)] 385855K->317249K(581632K), 0.0015071 secs] [Times: user=0.01 sys=0.00, real=0.01 secs] 
586.341: [GC (Allocation Failure) [PSYoungGen: 71104K->1424K(70144K)] 386369K->316689K(580608K), 0.0017267 secs] [Times: user=0.01 sys=0.00, real=0.00 secs] 
586.764: [GC (Allocation Failure) [PSYoungGen: 70032K->1360K(69632K)] 385297K->316625K(580096K), 0.0019832 secs] [Times: user=0.01 sys=0.00, real=0.01 secs] 
587.387: [GC (Allocation Failure) [PSYoungGen: 69456K->1392K(69120K)] 384721K->316657K(579584K), 0.0029964 secs] [Times: user=0.01 sys=0.00, real=0.00 secs] 
587.935: [GC (Allocation Failure) [PSYoungGen: 68976K->1376K(68608K)] 384241K->316641K(579072K), 0.0041509 secs] [Times: user=0.02 sys=0.00, real=0.01 secs] 
588.218: [GC (Allocation Failure) [PSYoungGen: 68448K->1469K(68096K)] 383713K->316759K(578560K), 0.0018464 secs] [Times: user=0.01 sys=0.00, real=0.00 secs] 
588.348: [GC (Allocation Failure) [PSYoungGen: 68029K->1469K(67584K)] 383319K->316759K(578048K), 0.0015806 secs] [Times: user=0.00 sys=0.00, real=0.00 secs] 
588.465: [GC (Allocation Failure) [PSYoungGen: 67517K->1421K(74240K)] 382807K->316711K(584704K), 0.0015360 secs] [Times: user=0.00 sys=0.00, real=0.01 secs] 
588.739: [GC (Allocation Failure) [PSYoungGen: 74125K->1424K(73728K)] 389415K->316713K(584192K), 0.0023368 secs] [Times: user=0.00 sys=0.00, real=0.00 secs] 
589.431: [GC (Allocation Failure) [PSYoungGen: 73616K->1408K(73216K)] 388905K->316697K(583680K), 0.0030426 secs] [Times: user=0.02 sys=0.00, real=0.00 secs] 
590.028: [GC (Allocation Failure) [PSYoungGen: 73088K->1344K(72704K)] 388377K->316633K(583168K), 0.0060128 secs] [Times: user=0.02 sys=0.00, real=0.00 secs] 
590.622: [GC (Allocation Failure) [PSYoungGen: 72512K->1408K(72192K)] 387801K->316697K(582656K), 0.0026688 secs] [Times: user=0.01 sys=0.00, real=0.00 secs] 
591.055: [GC (Allocation Failure) [PSYoungGen: 72064K->1437K(71680K)] 387353K->316727K(582144K), 0.0019455 secs] [Times: user=0.01 sys=0.00, real=0.01 secs] 
591.200: [GC (Allocation Failure) [PSYoungGen: 71556K->1437K(71168K)] 386846K->316727K(581632K), 0.0016373 secs] [Times: user=0.01 sys=0.00, real=0.00 secs] 
591.322: [GC (Allocation Failure) [PSYoungGen: 71069K->1488K(70656K)] 386359K->316777K(581120K), 0.0015597 secs] [Times: user=0.00 sys=0.01, real=0.00 secs] 
591.444: [GC (Allocation Failure) [PSYoungGen: 70608K->1469K(71168K)] 385897K->316775K(581632K), 0.0016007 secs] [Times: user=0.00 sys=0.00, real=0.00 secs] 
591.960: [GC (Allocation Failure) [PSYoungGen: 70589K->1424K(70144K)] 385895K->316729K(580608K), 0.0021046 secs] [Times: user=0.00 sys=0.00, real=0.00 secs] 
592.411: [GC (Allocation Failure) [PSYoungGen: 70032K->1344K(69632K)] 385337K->316649K(580096K), 0.0019441 secs] [Times: user=0.01 sys=0.00, real=0.00 secs] 
592.863: [GC (Allocation Failure) [PSYoungGen: 69440K->1376K(69120K)] 384745K->316681K(579584K), 0.0021745 secs] [Times: user=0.01 sys=0.00, real=0.00 secs] 
593.144: [GC (Allocation Failure) [PSYoungGen: 68960K->1344K(68608K)] 384265K->316649K(579072K), 0.0018411 secs] [Times: user=0.01 sys=0.00, real=0.01 secs] 
593.408: [GC (Allocation Failure) [PSYoungGen: 68416K->1485K(68096K)] 383721K->316791K(578560K), 0.0016663 secs] [Times: user=0.01 sys=0.00, real=0.00 secs] 
593.525: [GC (Allocation Failure) [PSYoungGen: 68045K->1501K(67584K)] 383351K->316807K(578048K), 0.0015598 secs] [Times: user=0.01 sys=0.00, real=0.01 secs] 
593.641: [GC (Allocation Failure) [PSYoungGen: 67537K->1453K(67072K)] 382842K->316759K(577536K), 0.0016031 secs] [Times: user=0.01 sys=0.00, real=0.00 secs] 
593.757: [GC (Allocation Failure) [PSYoungGen: 66989K->1453K(67584K)] 382295K->316767K(578048K), 0.0015499 secs] [Times: user=0.01 sys=0.00, real=0.00 secs] 
594.108: [GC (Allocation Failure) [PSYoungGen: 66989K->1456K(66560K)] 382303K->316769K(577024K), 0.0017306 secs] [Times: user=0.01 sys=0.00, real=0.00 secs] 
594.645: [GC (Allocation Failure) [PSYoungGen: 66480K->1344K(66048K)] 381793K->316657K(576512K), 0.0018967 secs] [Times: user=0.01 sys=0.00, real=0.01 secs] 
595.225: [GC (Allocation Failure) [PSYoungGen: 65856K->1344K(65536K)] 381169K->316657K(576000K), 0.0020684 secs] [Times: user=0.01 sys=0.00, real=0.01 secs] 
595.605: [GC (Allocation Failure) [PSYoungGen: 65344K->1408K(65024K)] 380657K->316721K(575488K), 0.0020515 secs] [Times: user=0.01 sys=0.00, real=0.01 secs] 
596.112: [GC (Allocation Failure) [PSYoungGen: 64896K->1360K(64512K)] 380209K->316673K(574976K), 0.0019240 secs] [Times: user=0.01 sys=0.00, real=0.00 secs] 
596.246: [GC (Allocation Failure) [PSYoungGen: 64336K->1501K(64000K)] 379649K->316815K(574464K), 0.0016402 secs] [Times: user=0.01 sys=0.00, real=0.00 secs] 
596.356: [GC (Allocation Failure) [PSYoungGen: 63965K->1472K(63488K)] 379279K->316785K(573952K), 0.0017330 secs] [Times: user=0.00 sys=0.00, real=0.00 secs] 
596.465: [GC (Allocation Failure) [PSYoungGen: 63408K->1392K(64000K)] 378721K->316729K(574464K), 0.0017462 secs] [Times: user=0.01 sys=0.00, real=0.01 secs] 
596.574: [GC (Allocation Failure) [PSYoungGen: 63326K->1504K(64000K)] 378664K->316841K(574464K), 0.0015663 secs] [Times: user=0.01 sys=0.00, real=0.00 secs] 
597.013: [GC (Allocation Failure) [PSYoungGen: 63456K->1392K(70144K)] 378793K->316729K(580608K), 0.0022364 secs] [Times: user=0.01 sys=0.00, real=0.00 secs] 
597.337: [GC (Allocation Failure) [PSYoungGen: 70000K->1392K(69632K)] 385337K->316729K(580096K), 0.0019123 secs] [Times: user=0.00 sys=0.00, real=0.00 secs] 
597.620: [GC (Allocation Failure) [PSYoungGen: 69488K->1344K(69120K)] 384825K->316681K(579584K), 0.0020210 secs] [Times: user=0.01 sys=0.00, real=0.00 secs] 
597.928: [GC (Allocation Failure) [PSYoungGen: 68928K->1392K(68608K)] 384265K->316729K(579072K), 0.0018668 secs] [Times: user=0.01 sys=0.00, real=0.00 secs] 
598.125: [GC (Allocation Failure) [PSYoungGen: 68464K->1485K(68096K)] 383801K->316823K(578560K), 0.0015052 secs] [Times: user=0.01 sys=0.00, real=0.01 secs] 
598.241: [GC (Allocation Failure) [PSYoungGen: 68045K->1517K(67584K)] 383383K->316855K(578048K), 0.0014970 secs] [Times: user=0.00 sys=0.00, real=0.00 secs] 
598.357: [GC (Allocation Failure) [PSYoungGen: 67565K->1453K(68096K)] 382903K->316799K(578560K), 0.0016082 secs] [Times: user=0.01 sys=0.00, real=0.00 secs] 
598.473: [GC (Allocation Failure) [PSYoungGen: 67501K->1533K(68096K)] 382847K->316879K(578560K), 0.0016411 secs] [Times: user=0.01 sys=0.00, real=0.00 secs] 
599.699: [GC (Allocation Failure) [PSYoungGen: 67581K->1424K(67072K)] 382927K->316769K(577536K), 0.0024333 secs] [Times: user=0.01 sys=0.00, real=0.00 secs] 
600.467: [GC (Allocation Failure) [PSYoungGen: 66960K->1376K(66560K)] 382305K->316721K(577024K), 0.0025572 secs] [Times: user=0.01 sys=0.00, real=0.00 secs] 
601.005: [GC (Allocation Failure) [PSYoungGen: 66400K->1376K(66048K)] 381745K->316721K(576512K), 0.0021680 secs] [Times: user=0.01 sys=0.00, real=0.01 secs] 
601.482: [GC (Allocation Failure) [PSYoungGen: 65888K->1392K(65536K)] 381233K->316737K(576000K), 0.0024153 secs] [Times: user=0.01 sys=0.00, real=0.00 secs] 
601.688: [GC (Allocation Failure) [PSYoungGen: 65392K->1469K(65024K)] 380737K->316815K(575488K), 0.0015040 secs] [Times: user=0.00 sys=0.00, real=0.00 secs] 
601.816: [GC (Allocation Failure) [PSYoungGen: 64957K->1469K(64512K)] 380303K->316815K(574976K), 0.0018673 secs] [Times: user=0.00 sys=0.00, real=0.00 secs] 
601.955: [GC (Allocation Failure) [PSYoungGen: 64445K->1485K(64000K)] 379791K->316831K(574464K), 0.0018110 secs] [Times: user=0.01 sys=0.00, real=0.01 secs] 
602.069: [GC (Allocation Failure) [PSYoungGen: 63949K->1453K(70656K)] 379295K->316815K(581120K), 0.0015923 secs] [Times: user=0.00 sys=0.00, real=0.00 secs] 
602.317: [GC (Allocation Failure) [PSYoungGen: 70573K->1424K(71168K)] 385935K->316785K(581632K), 0.0021975 secs] [Times: user=0.01 sys=0.00, real=0.00 secs] 
602.689: [GC (Allocation Failure) [PSYoungGen: 70544K->1408K(70144K)] 385905K->316769K(580608K), 0.0018877 secs] [Times: user=0.01 sys=0.00, real=0.00 secs] 
602.974: [GC (Allocation Failure) [PSYoungGen: 70016K->1408K(69632K)] 385377K->316769K(580096K), 0.0019911 secs] [Times: user=0.01 sys=0.00, real=0.01 secs] 
603.257: [GC (Allocation Failure) [PSYoungGen: 69504K->1408K(69120K)] 384865K->316769K(579584K), 0.0021644 secs] [Times: user=0.00 sys=0.00, real=0.00 secs] 
603.528: [GC (Allocation Failure) [PSYoungGen: 68992K->1472K(68608K)] 384353K->316833K(579072K), 0.0015548 secs] [Times: user=0.00 sys=0.00, real=0.00 secs] 
603.647: [GC (Allocation Failure) [PSYoungGen: 68544K->1472K(68096K)] 383905K->316833K(578560K), 0.0015928 secs] [Times: user=0.01 sys=0.00, real=0.00 secs] 
603.763: [GC (Allocation Failure) [PSYoungGen: 68032K->1501K(68608K)] 383393K->316863K(579072K), 0.0015943 secs] [Times: user=0.01 sys=0.00, real=0.00 secs] 
603.879: [GC (Allocation Failure) [PSYoungGen: 68061K->1424K(68608K)] 383423K->316801K(579072K), 0.0015186 secs] [Times: user=0.01 sys=0.00, real=0.00 secs] 
605.264: [GC (Allocation Failure) [PSYoungGen: 67984K->1424K(67584K)] 383361K->316801K(578048K), 0.0030230 secs] [Times: user=0.01 sys=0.00, real=0.01 secs] 
606.446: [GC (Allocation Failure) [PSYoungGen: 67472K->1376K(67072K)] 382849K->316753K(577536K), 0.0090584 secs] [Times: user=0.03 sys=0.01, real=0.00 secs] 
607.102: [GC (Allocation Failure) [PSYoungGen: 66912K->1344K(66560K)] 382289K->316737K(577024K), 0.0022569 secs] [Times: user=0.01 sys=0.00, real=0.00 secs] 
607.681: [GC (Allocation Failure) [PSYoungGen: 66368K->1376K(66048K)] 381761K->316769K(576512K), 0.0024489 secs] [Times: user=0.01 sys=0.00, real=0.00 secs] 
608.362: [GC (Allocation Failure) [PSYoungGen: 65888K->1437K(65536K)] 381281K->316831K(576000K), 0.0022026 secs] [Times: user=0.00 sys=0.00, real=0.00 secs] 
608.501: [GC (Allocation Failure) [PSYoungGen: 65437K->1504K(65024K)] 380831K->316897K(575488K), 0.0016880 secs] [Times: user=0.00 sys=0.00, real=0.00 secs] 
608.629: [GC (Allocation Failure) [PSYoungGen: 64992K->1501K(64512K)] 380385K->316895K(574976K), 0.0017715 secs] [Times: user=0.00 sys=0.00, real=0.00 secs] 
608.767: [GC (Allocation Failure) [PSYoungGen: 64477K->1504K(71168K)] 379871K->316921K(581632K), 0.0022119 secs] [Times: user=0.01 sys=0.00, real=0.00 secs] 
609.201: [GC (Allocation Failure) [PSYoungGen: 71136K->1408K(70656K)] 386553K->316825K(581120K), 0.0023376 secs] [Times: user=0.00 sys=0.01, real=0.00 secs] 
609.552: [GC (Allocation Failure) [PSYoungGen: 70528K->1344K(70144K)] 385945K->316761K(580608K), 0.0019527 secs] [Times: user=0.01 sys=0.00, real=0.00 secs] 
609.899: [GC (Allocation Failure) [PSYoungGen: 69952K->1440K(69632K)] 385369K->316857K(580096K), 0.0018291 secs] [Times: user=0.01 sys=0.00, real=0.00 secs] 
610.429: [GC (Allocation Failure) [PSYoungGen: 69536K->1376K(69120K)] 384953K->316793K(579584K), 0.0024207 secs] [Times: user=0.01 sys=0.00, real=0.00 secs] 
610.926: [GC (Allocation Failure) [PSYoungGen: 68960K->1392K(68608K)] 384377K->316809K(579072K), 0.0021398 secs] [Times: user=0.01 sys=0.00, real=0.01 secs] 
611.078: [GC (Allocation Failure) [PSYoungGen: 68464K->1424K(68096K)] 383881K->316841K(578560K), 0.0016326 secs] [Times: user=0.01 sys=0.00, real=0.00 secs] 
611.197: [GC (Allocation Failure) [PSYoungGen: 67984K->1456K(67584K)] 383401K->316873K(578048K), 0.0014801 secs] [Times: user=0.00 sys=0.00, real=0.00 secs] 
611.331: [GC (Allocation Failure) [PSYoungGen: 67504K->1469K(68096K)] 382921K->316895K(578560K), 0.0017699 secs] [Times: user=0.00 sys=0.00, real=0.00 secs] 
612.047: [GC (Allocation Failure) [PSYoungGen: 67517K->1456K(67072K)] 382943K->316881K(577536K), 0.0039595 secs] [Times: user=0.02 sys=0.00, real=0.00 secs] 
612.830: [GC (Allocation Failure) [PSYoungGen: 66992K->1376K(66560K)] 382417K->316801K(577024K), 0.0029865 secs] [Times: user=0.01 sys=0.00, real=0.00 secs] 
613.446: [GC (Allocation Failure) [PSYoungGen: 66400K->1344K(66048K)] 381825K->316777K(576512K), 0.0028377 secs] [Times: user=0.00 sys=0.00, real=0.00 secs] 
613.862: [GC (Allocation Failure) [PSYoungGen: 65856K->1376K(65536K)] 381289K->316809K(576000K), 0.0025284 secs] [Times: user=0.01 sys=0.00, real=0.00 secs] 
614.362: [GC (Allocation Failure) [PSYoungGen: 65376K->1376K(65024K)] 380809K->316809K(575488K), 0.0020919 secs] [Times: user=0.01 sys=0.00, real=0.00 secs] 
614.584: [GC (Allocation Failure) [PSYoungGen: 64864K->1469K(64512K)] 380297K->316911K(574976K), 0.0016013 secs] [Times: user=0.01 sys=0.00, real=0.01 secs] 
614.694: [GC (Allocation Failure) [PSYoungGen: 64445K->477K(62976K)] 379887K->316943K(573440K), 0.0015579 secs] [Times: user=0.00 sys=0.00, real=0.00 secs] 
614.804: [GC (Allocation Failure) [PSYoungGen: 62941K->477K(70656K)] 379407K->316959K(581120K), 0.0014762 secs] [Times: user=0.01 sys=0.00, real=0.00 secs] 
614.924: [GC (Allocation Failure) [PSYoungGen: 69073K->429K(71168K)] 385555K->316911K(581632K), 0.0014350 secs] [Times: user=0.00 sys=0.00, real=0.00 secs] 
615.602: [GC (Allocation Failure) [PSYoungGen: 69549K->1456K(70144K)] 386031K->317945K(580608K), 0.0022347 secs] [Times: user=0.01 sys=0.00, real=0.00 secs] 
615.939: [GC (Allocation Failure) [PSYoungGen: 70064K->1344K(69632K)] 386553K->317833K(580096K), 0.0018596 secs] [Times: user=0.01 sys=0.00, real=0.00 secs] 
616.222: [GC (Allocation Failure) [PSYoungGen: 69440K->1328K(69120K)] 385929K->317817K(579584K), 0.0023109 secs] [Times: user=0.01 sys=0.00, real=0.00 secs] 
616.606: [GC (Allocation Failure) [PSYoungGen: 68912K->1376K(68608K)] 385401K->317865K(579072K), 0.0023162 secs] [Times: user=0.00 sys=0.00, real=0.00 secs] 
616.859: [GC (Allocation Failure) [PSYoungGen: 68448K->1501K(68096K)] 384937K->317991K(578560K), 0.0014962 secs] [Times: user=0.01 sys=0.00, real=0.00 secs] 
616.977: [GC (Allocation Failure) [PSYoungGen: 68061K->1421K(67584K)] 384551K->317911K(578048K), 0.0014440 secs] [Times: user=0.01 sys=0.00, real=0.00 secs] 
617.111: [GC (Allocation Failure) [PSYoungGen: 67469K->1469K(67072K)] 383959K->317983K(577536K), 0.0017868 secs] [Times: user=0.00 sys=0.00, real=0.00 secs] 
617.256: [GC (Allocation Failure) [PSYoungGen: 67005K->1469K(67584K)] 383519K->317983K(578048K), 0.0018485 secs] [Times: user=0.01 sys=0.00, real=0.00 secs] 
617.995: [GC (Allocation Failure) [PSYoungGen: 67005K->1424K(66560K)] 383519K->317937K(577024K), 0.0023808 secs] [Times: user=0.01 sys=0.00, real=0.01 secs] 
618.619: [GC (Allocation Failure) [PSYoungGen: 66448K->1408K(66048K)] 382961K->317921K(576512K), 0.0032850 secs] [Times: user=0.01 sys=0.00, real=0.00 secs] 
619.147: [GC (Allocation Failure) [PSYoungGen: 65920K->1344K(65536K)] 382433K->317857K(576000K), 0.0031636 secs] [Times: user=0.01 sys=0.00, real=0.00 secs] 
619.786: [GC (Allocation Failure) [PSYoungGen: 65344K->1376K(65024K)] 381857K->317889K(575488K), 0.0028785 secs] [Times: user=0.01 sys=0.01, real=0.00 secs] 
620.161: [GC (Allocation Failure) [PSYoungGen: 64864K->1421K(64512K)] 381377K->317935K(574976K), 0.0021688 secs] [Times: user=0.01 sys=0.00, real=0.00 secs] 
620.298: [GC (Allocation Failure) [PSYoungGen: 64397K->1472K(64000K)] 380911K->317985K(574464K), 0.0017632 secs] [Times: user=0.00 sys=0.00, real=0.00 secs] 
620.408: [GC (Allocation Failure) [PSYoungGen: 63936K->1469K(63488K)] 380449K->317983K(573952K), 0.0016843 secs] [Times: user=0.00 sys=0.00, real=0.00 secs] 
620.517: [GC (Allocation Failure) [PSYoungGen: 63421K->1533K(64000K)] 379935K->318071K(574464K), 0.0014952 secs] [Times: user=0.01 sys=0.00, real=0.00 secs] 
620.923: [GC (Allocation Failure) [PSYoungGen: 63485K->1424K(62976K)] 380023K->317961K(573440K), 0.0020112 secs] [Times: user=0.01 sys=0.00, real=0.00 secs] 
621.343: [GC (Allocation Failure) [PSYoungGen: 62864K->1344K(62464K)] 379401K->317881K(572928K), 0.0019486 secs] [Times: user=0.01 sys=0.00, real=0.00 secs] 
621.769: [GC (Allocation Failure) [PSYoungGen: 62272K->1408K(61952K)] 378809K->317945K(572416K), 0.0019412 secs] [Times: user=0.00 sys=0.00, real=0.00 secs] 
622.218: [GC (Allocation Failure) [PSYoungGen: 61824K->1376K(61440K)] 378361K->317913K(571904K), 0.0021169 secs] [Times: user=0.00 sys=0.00, real=0.00 secs] 
622.718: [GC (Allocation Failure) [PSYoungGen: 61280K->1408K(60928K)] 377817K->317945K(571392K), 0.0022456 secs] [Times: user=0.01 sys=0.00, real=0.00 secs] 
623.022: [GC (Allocation Failure) [PSYoungGen: 60779K->1533K(60416K)] 377317K->318071K(570880K), 0.0020544 secs] [Times: user=0.01 sys=0.00, real=0.00 secs] 
623.164: [GC (Allocation Failure) [PSYoungGen: 60413K->1501K(60928K)] 376951K->318039K(571392K), 0.0019442 secs] [Times: user=0.01 sys=0.00, real=0.00 secs] 
623.303: [GC (Allocation Failure) [PSYoungGen: 60381K->1453K(60928K)] 376919K->317999K(571392K), 0.0017343 secs] [Times: user=0.01 sys=0.00, real=0.00 secs] 
623.414: [GC (Allocation Failure) [PSYoungGen: 60333K->1533K(60928K)] 376879K->318079K(571392K), 0.0016881 secs] [Times: user=0.00 sys=0.00, real=0.00 secs] 
623.605: [GC (Allocation Failure) [PSYoungGen: 60413K->1424K(67072K)] 376959K->317969K(577536K), 0.0037089 secs] [Times: user=0.02 sys=0.00, real=0.01 secs] 
623.913: [GC (Allocation Failure) [PSYoungGen: 66448K->1408K(67072K)] 382993K->317953K(577536K), 0.0019202 secs] [Times: user=0.01 sys=0.00, real=0.00 secs] 
624.436: [GC (Allocation Failure) [PSYoungGen: 66432K->1392K(73216K)] 382977K->317937K(583680K), 0.0039299 secs] [Times: user=0.02 sys=0.00, real=0.01 secs] 
625.038: [GC (Allocation Failure) [PSYoungGen: 73072K->1392K(72704K)] 389617K->317937K(583168K), 0.0028708 secs] [Times: user=0.01 sys=0.00, real=0.00 secs] 
625.573: [GC (Allocation Failure) [PSYoungGen: 72560K->1437K(72192K)] 389105K->317983K(582656K), 0.0023105 secs] [Times: user=0.01 sys=0.00, real=0.00 secs] 
625.801: [GC (Allocation Failure) [PSYoungGen: 72093K->1437K(71680K)] 388639K->317983K(582144K), 0.0023551 secs] [Times: user=0.01 sys=0.00, real=0.00 secs] 
625.992: [GC (Allocation Failure) [PSYoungGen: 71581K->1453K(71168K)] 388127K->318007K(581632K), 0.0021747 secs] [Times: user=0.00 sys=0.00, real=0.00 secs] 
626.151: [GC (Allocation Failure) [PSYoungGen: 71085K->1501K(70656K)] 387639K->318055K(581120K), 0.0016531 secs] [Times: user=0.01 sys=0.00, real=0.00 secs] 
626.749: [GC (Allocation Failure) [PSYoungGen: 70621K->1424K(70144K)] 387175K->317993K(580608K), 0.0053124 secs] [Times: user=0.02 sys=0.00, real=0.00 secs] 
627.340: [GC (Allocation Failure) [PSYoungGen: 70032K->1376K(69632K)] 386601K->317945K(580096K), 0.0032354 secs] [Times: user=0.01 sys=0.00, real=0.00 secs] 
627.719: [GC (Allocation Failure) [PSYoungGen: 69472K->1408K(69120K)] 386041K->317977K(579584K), 0.0020038 secs] [Times: user=0.01 sys=0.01, real=0.00 secs] 
627.999: [GC (Allocation Failure) [PSYoungGen: 68992K->1376K(68608K)] 385561K->317945K(579072K), 0.0018466 secs] [Times: user=0.01 sys=0.00, real=0.00 secs] 
628.243: [GC (Allocation Failure) [PSYoungGen: 68448K->1472K(68096K)] 385017K->318041K(578560K), 0.0014383 secs] [Times: user=0.00 sys=0.00, real=0.00 secs] 
628.359: [GC (Allocation Failure) [PSYoungGen: 68032K->1453K(67584K)] 384601K->318023K(578048K), 0.0015248 secs] [Times: user=0.01 sys=0.00, real=0.00 secs] 
628.475: [GC (Allocation Failure) [PSYoungGen: 67501K->1453K(68096K)] 384071K->318023K(578560K), 0.0016116 secs] [Times: user=0.01 sys=0.00, real=0.01 secs] 
628.591: [GC (Allocation Failure) [PSYoungGen: 67501K->1501K(68096K)] 384071K->318095K(578560K), 0.0015883 secs] [Times: user=0.00 sys=0.00, real=0.00 secs] 
629.225: [GC (Allocation Failure) [PSYoungGen: 67549K->1456K(67072K)] 384143K->318049K(577536K), 0.0023494 secs] [Times: user=0.01 sys=0.00, real=0.01 secs] 
629.681: [GC (Allocation Failure) [PSYoungGen: 66992K->1424K(66560K)] 383585K->318017K(577024K), 0.0033424 secs] [Times: user=0.01 sys=0.00, real=0.00 secs] 
630.264: [GC (Allocation Failure) [PSYoungGen: 66448K->1376K(66048K)] 383041K->317969K(576512K), 0.0021681 secs] [Times: user=0.01 sys=0.00, real=0.01 secs] 
630.983: [GC (Allocation Failure) [PSYoungGen: 65888K->1376K(65536K)] 382481K->317969K(576000K), 0.0035782 secs] [Times: user=0.02 sys=0.01, real=0.01 secs] 
631.572: [GC (Allocation Failure) [PSYoungGen: 65376K->1437K(65024K)] 381969K->318031K(575488K), 0.0023035 secs] [Times: user=0.01 sys=0.00, real=0.00 secs] 
631.732: [GC (Allocation Failure) [PSYoungGen: 64925K->1533K(64512K)] 381519K->318127K(574976K), 0.0016986 secs] [Times: user=0.01 sys=0.00, real=0.00 secs] 
631.842: [GC (Allocation Failure) [PSYoungGen: 64509K->1501K(64000K)] 381103K->318095K(574464K), 0.0016081 secs] [Times: user=0.01 sys=0.00, real=0.00 secs] 
631.952: [GC (Allocation Failure) [PSYoungGen: 63965K->1469K(71168K)] 380559K->318087K(581632K), 0.0014604 secs] [Times: user=0.01 sys=0.00, real=0.00 secs] 
632.219: [GC (Allocation Failure) [PSYoungGen: 70589K->1488K(70144K)] 387207K->318105K(580608K), 0.0018208 secs] [Times: user=0.01 sys=0.00, real=0.00 secs] 
632.837: [GC (Allocation Failure) [PSYoungGen: 70096K->1408K(69632K)] 386713K->318025K(580096K), 0.0018301 secs] [Times: user=0.01 sys=0.00, real=0.00 secs] 
633.448: [GC (Allocation Failure) [PSYoungGen: 69504K->1376K(69120K)] 386121K->317993K(579584K), 0.0018808 secs] [Times: user=0.01 sys=0.00, real=0.00 secs] 
633.729: [GC (Allocation Failure) [PSYoungGen: 68960K->1360K(68608K)] 385577K->317977K(579072K), 0.0017568 secs] [Times: user=0.00 sys=0.00, real=0.00 secs] 
634.032: [GC (Allocation Failure) [PSYoungGen: 68432K->1501K(68096K)] 385049K->318119K(578560K), 0.0018918 secs] [Times: user=0.00 sys=0.00, real=0.00 secs] 
634.159: [GC (Allocation Failure) [PSYoungGen: 68061K->1421K(67584K)] 384679K->318039K(578048K), 0.0015548 secs] [Times: user=0.00 sys=0.00, real=0.00 secs] 
634.275: [GC (Allocation Failure) [PSYoungGen: 67469K->1485K(67072K)] 384087K->318103K(577536K), 0.0016567 secs] [Times: user=0.01 sys=0.00, real=0.01 secs] 
634.391: [GC (Allocation Failure) [PSYoungGen: 67021K->1469K(67584K)] 383639K->318103K(578048K), 0.0017302 secs] [Times: user=0.00 sys=0.00, real=0.00 secs] 
634.597: [GC (Allocation Failure) [PSYoungGen: 67005K->1440K(74240K)] 383639K->318081K(584704K), 0.0019241 secs] [Times: user=0.01 sys=0.00, real=0.00 secs] 
635.274: [GC (Allocation Failure) [PSYoungGen: 73632K->1376K(73216K)] 390273K->318017K(583680K), 0.0024314 secs] [Times: user=0.01 sys=0.00, real=0.01 secs] 
635.771: [GC (Allocation Failure) [PSYoungGen: 73056K->1376K(72704K)] 389697K->318017K(583168K), 0.0019589 secs] [Times: user=0.00 sys=0.00, real=0.00 secs] 
636.069: [GC (Allocation Failure) [PSYoungGen: 72544K->1408K(72192K)] 389185K->318073K(582656K), 0.0018754 secs] [Times: user=0.01 sys=0.00, real=0.00 secs] 
636.647: [GC (Allocation Failure) [PSYoungGen: 72064K->1405K(71680K)] 388729K->318071K(582144K), 0.0027473 secs] [Times: user=0.01 sys=0.00, real=0.00 secs] 
636.830: [GC (Allocation Failure) [PSYoungGen: 71549K->1472K(71168K)] 388215K->318137K(581632K), 0.0015833 secs] [Times: user=0.01 sys=0.00, real=0.00 secs] 
636.951: [GC (Allocation Failure) [PSYoungGen: 71104K->1501K(70656K)] 387769K->318167K(581120K), 0.0016444 secs] [Times: user=0.01 sys=0.00, real=0.00 secs] 
637.073: [GC (Allocation Failure) [PSYoungGen: 70621K->1469K(71168K)] 387287K->318151K(581632K), 0.0015813 secs] [Times: user=0.01 sys=0.00, real=0.00 secs] 
637.529: [GC (Allocation Failure) [PSYoungGen: 70589K->1440K(70144K)] 387271K->318121K(580608K), 0.0016744 secs] [Times: user=0.00 sys=0.00, real=0.00 secs] 
638.430: [GC (Allocation Failure) [PSYoungGen: 70048K->1408K(69632K)] 386729K->318089K(580096K), 0.0028850 secs] [Times: user=0.01 sys=0.00, real=0.00 secs] 
639.258: [GC (Allocation Failure) [PSYoungGen: 69504K->1408K(69120K)] 386185K->318089K(579584K), 0.0038054 secs] [Times: user=0.02 sys=0.00, real=0.00 secs] 
639.768: [GC (Allocation Failure) [PSYoungGen: 68992K->1408K(68608K)] 385673K->318097K(579072K), 0.0027346 secs] [Times: user=0.01 sys=0.00, real=0.00 secs] 
640.369: [GC (Allocation Failure) [PSYoungGen: 68480K->1437K(68096K)] 385169K->318127K(578560K), 0.0027285 secs] [Times: user=0.01 sys=0.00, real=0.00 secs] 
640.564: [GC (Allocation Failure) [PSYoungGen: 67997K->1453K(67584K)] 384687K->318143K(578048K), 0.0019313 secs] [Times: user=0.01 sys=0.00, real=0.00 secs] 
640.719: [GC (Allocation Failure) [PSYoungGen: 67470K->448K(66048K)] 384159K->318161K(576512K), 0.0016494 secs] [Times: user=0.00 sys=0.00, real=0.00 secs] 
640.865: [GC (Allocation Failure) [PSYoungGen: 65984K->429K(67072K)] 383697K->318159K(577536K), 0.0018461 secs] [Times: user=0.00 sys=0.00, real=0.01 secs] 
641.359: [GC (Allocation Failure) [PSYoungGen: 65453K->1360K(66048K)] 383183K->319089K(576512K), 0.0024919 secs] [Times: user=0.01 sys=0.00, real=0.00 secs] 
642.191: [GC (Allocation Failure) [PSYoungGen: 65872K->1376K(65536K)] 383601K->319105K(576000K), 0.0025112 secs] [Times: user=0.01 sys=0.00, real=0.00 secs] 
642.814: [GC (Allocation Failure) [PSYoungGen: 65376K->1376K(65024K)] 383105K->319105K(575488K), 0.0023087 secs] [Times: user=0.01 sys=0.00, real=0.01 secs] 
643.264: [GC (Allocation Failure) [PSYoungGen: 64864K->1408K(64512K)] 382593K->319137K(574976K), 0.0023413 secs] [Times: user=0.01 sys=0.00, real=0.01 secs] 
643.664: [GC (Allocation Failure) [PSYoungGen: 64384K->1469K(64000K)] 382113K->319207K(574464K), 0.0023071 secs] [Times: user=0.01 sys=0.00, real=0.01 secs] 
643.815: [GC (Allocation Failure) [PSYoungGen: 63933K->1501K(63488K)] 381671K->319239K(573952K), 0.0016326 secs] [Times: user=0.01 sys=0.00, real=0.01 secs] 
643.925: [GC (Allocation Failure) [PSYoungGen: 63453K->1456K(62976K)] 381191K->319193K(573440K), 0.0014647 secs] [Times: user=0.01 sys=0.00, real=0.01 secs] 
644.032: [GC (Allocation Failure) [PSYoungGen: 62896K->1533K(69120K)] 380633K->319279K(579584K), 0.0016111 secs] [Times: user=0.00 sys=0.00, real=0.00 secs] 
644.150: [GC (Allocation Failure) [PSYoungGen: 69117K->1520K(69632K)] 386863K->319265K(580096K), 0.0014944 secs] [Times: user=0.01 sys=0.00, real=0.00 secs] 
644.617: [GC (Allocation Failure) [PSYoungGen: 69616K->1408K(69120K)] 387361K->319161K(579584K), 0.0019182 secs] [Times: user=0.01 sys=0.00, real=0.00 secs] 
644.965: [GC (Allocation Failure) [PSYoungGen: 68992K->1360K(68608K)] 386745K->319113K(579072K), 0.0019644 secs] [Times: user=0.01 sys=0.00, real=0.01 secs] 
645.593: [GC (Allocation Failure) [PSYoungGen: 68432K->1392K(68096K)] 386185K->319145K(578560K), 0.0023786 secs] [Times: user=0.01 sys=0.00, real=0.00 secs] 
646.133: [GC (Allocation Failure) [PSYoungGen: 67952K->1408K(67584K)] 385705K->319161K(578048K), 0.0024534 secs] [Times: user=0.01 sys=0.00, real=0.00 secs] 
646.395: [GC (Allocation Failure) [PSYoungGen: 67456K->1424K(67072K)] 385209K->319185K(577536K), 0.0015073 secs] [Times: user=0.01 sys=0.00, real=0.01 secs] 
646.510: [GC (Allocation Failure) [PSYoungGen: 66960K->1501K(66560K)] 384721K->319263K(577024K), 0.0016111 secs] [Times: user=0.00 sys=0.00, real=0.00 secs] 
646.624: [GC (Allocation Failure) [PSYoungGen: 66525K->1456K(66048K)] 384287K->319233K(576512K), 0.0015616 secs] [Times: user=0.00 sys=0.00, real=0.00 secs] 
646.737: [GC (Allocation Failure) [PSYoungGen: 65968K->1501K(66560K)] 383745K->319303K(577024K), 0.0017008 secs] [Times: user=0.01 sys=0.00, real=0.00 secs] 
647.835: [GC (Allocation Failure) [PSYoungGen: 66013K->1440K(65536K)] 383815K->319241K(576000K), 0.0027792 secs] [Times: user=0.01 sys=0.00, real=0.01 secs] 
648.861: [GC (Allocation Failure) [PSYoungGen: 65440K->1408K(65024K)] 383241K->319209K(575488K), 0.0047988 secs] [Times: user=0.01 sys=0.00, real=0.01 secs] 
649.945: [GC (Allocation Failure) [PSYoungGen: 64896K->1408K(64512K)] 382697K->319217K(574976K), 0.0032389 secs] [Times: user=0.01 sys=0.00, real=0.01 secs] 
650.660: [GC (Allocation Failure) [PSYoungGen: 64384K->1376K(64000K)] 382193K->319185K(574464K), 0.0031191 secs] [Times: user=0.01 sys=0.00, real=0.00 secs] 
651.160: [GC (Allocation Failure) [PSYoungGen: 63840K->1469K(63488K)] 381649K->319279K(573952K), 0.0021927 secs] [Times: user=0.01 sys=0.00, real=0.00 secs] 
651.296: [GC (Allocation Failure) [PSYoungGen: 63421K->1533K(62976K)] 381231K->319343K(573440K), 0.0017084 secs] [Times: user=0.01 sys=0.00, real=0.00 secs] 
651.405: [GC (Allocation Failure) [PSYoungGen: 62973K->1488K(62464K)] 380783K->319297K(572928K), 0.0016443 secs] [Times: user=0.01 sys=0.00, real=0.01 secs] 
651.513: [GC (Allocation Failure) [PSYoungGen: 62416K->1517K(62976K)] 380225K->319359K(573440K), 0.0015892 secs] [Times: user=0.01 sys=0.00, real=0.00 secs] 
651.743: [GC (Allocation Failure) [PSYoungGen: 62445K->1440K(62976K)] 380287K->319281K(573440K), 0.0017298 secs] [Times: user=0.01 sys=0.00, real=0.00 secs] 
652.326: [GC (Allocation Failure) [PSYoungGen: 62368K->1376K(61952K)] 380209K->319217K(572416K), 0.0019001 secs] [Times: user=0.01 sys=0.00, real=0.00 secs] 
652.828: [GC (Allocation Failure) [PSYoungGen: 61792K->1376K(61440K)] 379633K->319217K(571904K), 0.0024350 secs] [Times: user=0.01 sys=0.00, real=0.00 secs] 
653.182: [GC (Allocation Failure) [PSYoungGen: 61280K->1344K(60928K)] 379121K->319193K(571392K), 0.0018599 secs] [Times: user=0.01 sys=0.00, real=0.00 secs] 
653.429: [GC (Allocation Failure) [PSYoungGen: 60736K->1376K(60416K)] 378585K->319225K(570880K), 0.0021648 secs] [Times: user=0.01 sys=0.00, real=0.00 secs] 
653.664: [GC (Allocation Failure) [PSYoungGen: 60256K->1469K(60416K)] 378105K->319319K(570880K), 0.0020028 secs] [Times: user=0.01 sys=0.00, real=0.01 secs] 
653.787: [GC (Allocation Failure) [PSYoungGen: 60349K->1533K(60416K)] 378199K->319383K(570880K), 0.0016300 secs] [Times: user=0.00 sys=0.00, real=0.00 secs] 
653.893: [GC (Allocation Failure) [PSYoungGen: 60413K->1501K(65536K)] 378263K->319367K(576000K), 0.0015609 secs] [Times: user=0.00 sys=0.00, real=0.00 secs] 
654.007: [GC (Allocation Failure) [PSYoungGen: 65501K->1533K(66048K)] 383367K->319399K(576512K), 0.0016374 secs] [Times: user=0.00 sys=0.00, real=0.00 secs] 
654.541: [GC (Allocation Failure) [PSYoungGen: 65533K->1424K(72704K)] 383399K->319289K(583168K), 0.0032729 secs] [Times: user=0.01 sys=0.00, real=0.00 secs] 
655.610: [GC (Allocation Failure) [PSYoungGen: 72080K->1360K(71680K)] 389945K->319225K(582144K), 0.0028486 secs] [Times: user=0.01 sys=0.00, real=0.00 secs] 
656.448: [GC (Allocation Failure) [PSYoungGen: 71504K->1408K(71168K)] 389369K->319273K(581632K), 0.0032108 secs] [Times: user=0.01 sys=0.00, real=0.00 secs] 
657.046: [GC (Allocation Failure) [PSYoungGen: 71040K->1408K(70656K)] 388905K->319273K(581120K), 0.0023104 secs] [Times: user=0.01 sys=0.00, real=0.01 secs] 
657.699: [GC (Allocation Failure) [PSYoungGen: 70510K->1453K(70144K)] 388375K->319319K(580608K), 0.0018764 secs] [Times: user=0.01 sys=0.00, real=0.00 secs] 
657.845: [GC (Allocation Failure) [PSYoungGen: 70061K->1485K(69632K)] 387927K->319375K(580096K), 0.0014288 secs] [Times: user=0.00 sys=0.00, real=0.01 secs] 
657.967: [GC (Allocation Failure) [PSYoungGen: 69581K->1501K(69120K)] 387471K->319407K(579584K), 0.0017113 secs] [Times: user=0.00 sys=0.00, real=0.00 secs] 
658.087: [GC (Allocation Failure) [PSYoungGen: 69085K->1469K(68608K)] 386991K->319375K(579072K), 0.0015787 secs] [Times: user=0.00 sys=0.00, real=0.00 secs] 
658.386: [GC (Allocation Failure) [PSYoungGen: 68541K->1360K(68096K)] 386447K->319265K(578560K), 0.0016365 secs] [Times: user=0.01 sys=0.00, real=0.00 secs] 
658.939: [GC (Allocation Failure) [PSYoungGen: 67920K->1376K(67584K)] 385825K->319281K(578048K), 0.0019397 secs] [Times: user=0.00 sys=0.00, real=0.00 secs] 
659.481: [GC (Allocation Failure) [PSYoungGen: 67424K->1376K(67072K)] 385329K->319281K(577536K), 0.0018210 secs] [Times: user=0.01 sys=0.00, real=0.00 secs] 
660.115: [GC (Allocation Failure) [PSYoungGen: 66912K->1408K(66560K)] 384817K->319313K(577024K), 0.0026908 secs] [Times: user=0.01 sys=0.00, real=0.01 secs] 
660.803: [GC (Allocation Failure) [PSYoungGen: 66432K->1501K(66048K)] 384337K->319407K(576512K), 0.0024879 secs] [Times: user=0.01 sys=0.00, real=0.00 secs] 
661.019: [GC (Allocation Failure) [PSYoungGen: 66013K->1501K(65536K)] 383919K->319407K(576000K), 0.0019747 secs] [Times: user=0.01 sys=0.00, real=0.00 secs] 
661.154: [GC (Allocation Failure) [PSYoungGen: 65501K->1501K(65024K)] 383407K->319407K(575488K), 0.0016534 secs] [Times: user=0.00 sys=0.00, real=0.00 secs] 
661.266: [GC (Allocation Failure) [PSYoungGen: 64989K->1456K(64512K)] 382895K->319377K(574976K), 0.0014745 secs] [Times: user=0.01 sys=0.00, real=0.01 secs] 
661.501: [GC (Allocation Failure) [PSYoungGen: 64432K->1952K(64512K)] 382353K->319873K(574976K), 0.0020395 secs] [Times: user=0.01 sys=0.00, real=0.00 secs] 
662.571: [GC (Allocation Failure) [PSYoungGen: 64416K->1344K(63488K)] 382337K->319265K(573952K), 0.0045310 secs] [Times: user=0.02 sys=0.00, real=0.00 secs] 
663.531: [GC (Allocation Failure) [PSYoungGen: 63296K->1408K(62976K)] 381217K->319329K(573440K), 0.0037213 secs] [Times: user=0.01 sys=0.00, real=0.00 secs] 
664.587: [GC (Allocation Failure) [PSYoungGen: 62848K->1376K(62464K)] 380769K->319297K(572928K), 0.0042280 secs] [Times: user=0.02 sys=0.00, real=0.00 secs] 
665.533: [GC (Allocation Failure) [PSYoungGen: 62304K->1376K(61952K)] 380225K->319297K(572416K), 0.0039092 secs] [Times: user=0.01 sys=0.00, real=0.01 secs] 
665.991: [GC (Allocation Failure) [PSYoungGen: 61792K->1469K(61440K)] 379713K->319391K(571904K), 0.0021920 secs] [Times: user=0.00 sys=0.00, real=0.00 secs] 
666.127: [GC (Allocation Failure) [PSYoungGen: 61373K->1469K(60928K)] 379295K->319391K(571392K), 0.0015965 secs] [Times: user=0.01 sys=0.00, real=0.00 secs] 
666.231: [GC (Allocation Failure) [PSYoungGen: 60861K->1456K(60416K)] 378783K->319385K(570880K), 0.0015779 secs] [Times: user=0.00 sys=0.00, real=0.00 secs] 
666.335: [GC (Allocation Failure) [PSYoungGen: 60336K->1456K(60928K)] 378265K->319385K(571392K), 0.0016605 secs] [Times: user=0.01 sys=0.00, real=0.01 secs] 
666.505: [GC (Allocation Failure) [PSYoungGen: 60848K->1440K(61440K)] 378777K->319369K(571904K), 0.0017866 secs] [Times: user=0.00 sys=0.00, real=0.01 secs] 
666.751: [GC (Allocation Failure) [PSYoungGen: 60832K->1408K(67584K)] 378761K->319337K(578048K), 0.0017580 secs] [Times: user=0.01 sys=0.00, real=0.00 secs] 
667.023: [GC (Allocation Failure) [PSYoungGen: 66944K->1344K(66560K)] 384873K->319273K(577024K), 0.0014859 secs] [Times: user=0.00 sys=0.00, real=0.00 secs] 
667.293: [GC (Allocation Failure) [PSYoungGen: 66368K->1376K(66048K)] 384297K->319305K(576512K), 0.0016480 secs] [Times: user=0.00 sys=0.00, real=0.00 secs] 
667.560: [GC (Allocation Failure) [PSYoungGen: 65888K->1408K(65536K)] 383817K->319337K(576000K), 0.0016966 secs] [Times: user=0.00 sys=0.00, real=0.00 secs] 
667.726: [GC (Allocation Failure) [PSYoungGen: 65408K->1488K(65024K)] 383337K->319417K(575488K), 0.0014995 secs] [Times: user=0.01 sys=0.00, real=0.00 secs] 
667.838: [GC (Allocation Failure) [PSYoungGen: 64976K->1469K(64512K)] 382905K->319431K(574976K), 0.0016745 secs] [Times: user=0.00 sys=0.00, real=0.00 secs] 
667.950: [GC (Allocation Failure) [PSYoungGen: 64445K->1453K(65024K)] 382407K->319415K(575488K), 0.0015715 secs] [Times: user=0.00 sys=0.00, real=0.00 secs] 
668.062: [GC (Allocation Failure) [PSYoungGen: 64429K->1453K(65024K)] 382391K->319415K(575488K), 0.0013595 secs] [Times: user=0.01 sys=0.00, real=0.00 secs] 
668.315: [GC (Allocation Failure) [PSYoungGen: 64429K->1424K(71680K)] 382391K->319385K(582144K), 0.0017482 secs] [Times: user=0.00 sys=0.01, real=0.01 secs] 
668.604: [GC (Allocation Failure) [PSYoungGen: 71056K->1376K(70656K)] 389017K->319337K(581120K), 0.0015172 secs] [Times: user=0.01 sys=0.00, real=0.00 secs] 
668.906: [GC (Allocation Failure) [PSYoungGen: 70496K->1440K(70144K)] 388457K->319401K(580608K), 0.0016873 secs] [Times: user=0.01 sys=0.00, real=0.00 secs] 
669.412: [GC (Allocation Failure) [PSYoungGen: 70048K->1360K(69632K)] 388009K->319321K(580096K), 0.0018488 secs] [Times: user=0.01 sys=0.00, real=0.00 secs] 
669.701: [GC (Allocation Failure) [PSYoungGen: 69456K->1469K(69120K)] 387417K->319431K(579584K), 0.0015893 secs] [Times: user=0.01 sys=0.00, real=0.00 secs] 
669.821: [GC (Allocation Failure) [PSYoungGen: 69038K->1501K(68608K)] 386999K->319463K(579072K), 0.0015273 secs] [Times: user=0.01 sys=0.00, real=0.00 secs] 
669.938: [GC (Allocation Failure) [PSYoungGen: 68573K->1501K(68096K)] 386535K->319471K(578560K), 0.0016666 secs] [Times: user=0.00 sys=0.00, real=0.00 secs] 
670.054: [GC (Allocation Failure) [PSYoungGen: 68061K->1472K(68608K)] 386031K->319441K(579072K), 0.0016542 secs] [Times: user=0.00 sys=0.00, real=0.01 secs] 
670.683: [GC (Allocation Failure) [PSYoungGen: 68032K->1408K(67584K)] 386001K->319377K(578048K), 0.0019630 secs] [Times: user=0.00 sys=0.00, real=0.00 secs] 
671.445: [GC (Allocation Failure) [PSYoungGen: 67456K->1392K(67072K)] 385425K->319361K(577536K), 0.0021105 secs] [Times: user=0.00 sys=0.00, real=0.01 secs] 
672.029: [GC (Allocation Failure) [PSYoungGen: 66928K->1344K(66560K)] 384897K->319313K(577024K), 0.0021351 secs] [Times: user=0.01 sys=0.00, real=0.00 secs] 
672.572: [GC (Allocation Failure) [PSYoungGen: 66368K->1344K(66048K)] 384337K->319313K(576512K), 0.0022662 secs] [Times: user=0.01 sys=0.00, real=0.00 secs] 
672.965: [GC (Allocation Failure) [PSYoungGen: 65856K->1437K(65536K)] 383825K->319407K(576000K), 0.0019267 secs] [Times: user=0.01 sys=0.00, real=0.01 secs] 
673.089: [GC (Allocation Failure) [PSYoungGen: 65437K->1472K(65024K)] 383407K->319441K(575488K), 0.0016100 secs] [Times: user=0.01 sys=0.00, real=0.00 secs] 
673.200: [GC (Allocation Failure) [PSYoungGen: 64960K->1453K(64512K)] 382929K->319423K(574976K), 0.0015260 secs] [Times: user=0.01 sys=0.00, real=0.00 secs] 
673.310: [GC (Allocation Failure) [PSYoungGen: 64429K->1456K(71680K)] 382399K->319441K(582144K), 0.0015127 secs] [Times: user=0.01 sys=0.00, real=0.00 secs] 
673.725: [GC (Allocation Failure) [PSYoungGen: 71088K->1424K(70656K)] 389073K->319409K(581120K), 0.0019110 secs] [Times: user=0.01 sys=0.00, real=0.01 secs] 
674.720: [GC (Allocation Failure) [PSYoungGen: 70544K->1376K(70144K)] 388529K->319361K(580608K), 0.0023378 secs] [Times: user=0.01 sys=0.00, real=0.00 secs] 
676.012: [GC (Allocation Failure) [PSYoungGen: 69984K->1376K(69632K)] 387969K->319361K(580096K), 0.0027773 secs] [Times: user=0.01 sys=0.00, real=0.00 secs] 
676.997: [GC (Allocation Failure) [PSYoungGen: 69472K->1344K(69120K)] 387457K->319329K(579584K), 0.0030916 secs] [Times: user=0.01 sys=0.00, real=0.00 secs] 
677.696: [GC (Allocation Failure) [PSYoungGen: 68928K->1469K(68608K)] 386913K->319455K(579072K), 0.0022766 secs] [Times: user=0.01 sys=0.00, real=0.00 secs] 
677.851: [GC (Allocation Failure) [PSYoungGen: 68541K->1488K(68096K)] 386527K->319473K(578560K), 0.0015945 secs] [Times: user=0.01 sys=0.00, real=0.00 secs] 
677.967: [GC (Allocation Failure) [PSYoungGen: 68048K->1424K(67584K)] 386033K->319409K(578048K), 0.0015754 secs] [Times: user=0.01 sys=0.00, real=0.00 secs] 
678.084: [GC (Allocation Failure) [PSYoungGen: 67472K->1424K(67072K)] 385457K->319425K(577536K), 0.0015577 secs] [Times: user=0.00 sys=0.00, real=0.00 secs] 
678.842: [GC (Allocation Failure) [PSYoungGen: 66960K->1424K(66560K)] 384961K->319425K(577024K), 0.0023729 secs] [Times: user=0.01 sys=0.00, real=0.00 secs] 
680.252: [GC (Allocation Failure) [PSYoungGen: 66448K->1376K(66048K)] 384449K->319393K(576512K), 0.0032727 secs] [Times: user=0.01 sys=0.00, real=0.00 secs] 
680.823: [GC (Allocation Failure) [PSYoungGen: 65888K->320K(64512K)] 383905K->319361K(574976K), 0.0022612 secs] [Times: user=0.00 sys=0.00, real=0.00 secs] 
681.678: [GC (Allocation Failure) [PSYoungGen: 64320K->320K(65536K)] 383361K->319369K(576000K), 0.0027214 secs] [Times: user=0.00 sys=0.00, real=0.00 secs] 
682.370: [GC (Allocation Failure) [PSYoungGen: 63808K->1437K(64512K)] 382857K->320487K(574976K), 0.0024797 secs] [Times: user=0.01 sys=0.00, real=0.00 secs] 
682.529: [GC (Allocation Failure) [PSYoungGen: 64413K->1453K(64000K)] 383463K->320503K(574464K), 0.0015574 secs] [Times: user=0.00 sys=0.00, real=0.00 secs] 
682.638: [GC (Allocation Failure) [PSYoungGen: 63917K->1485K(63488K)] 382967K->320535K(573952K), 0.0016063 secs] [Times: user=0.00 sys=0.00, real=0.00 secs] 
682.746: [GC (Allocation Failure) [PSYoungGen: 63422K->1456K(64512K)] 382472K->320513K(574976K), 0.0015716 secs] [Times: user=0.00 sys=0.00, real=0.00 secs] 
682.857: [GC (Allocation Failure) [PSYoungGen: 63920K->1453K(70144K)] 382977K->320511K(580608K), 0.0017461 secs] [Times: user=0.00 sys=0.00, real=0.00 secs] 
683.827: [GC (Allocation Failure) [PSYoungGen: 69549K->1440K(69120K)] 388607K->320497K(579584K), 0.0032755 secs] [Times: user=0.01 sys=0.00, real=0.00 secs] 
684.918: [GC (Allocation Failure) [PSYoungGen: 69024K->1408K(68608K)] 388081K->320465K(579072K), 0.0042440 secs] [Times: user=0.02 sys=0.01, real=0.00 secs] 
685.772: [GC (Allocation Failure) [PSYoungGen: 68480K->1376K(68096K)] 387537K->320433K(578560K), 0.0039506 secs] [Times: user=0.01 sys=0.00, real=0.00 secs] 
686.749: [GC (Allocation Failure) [PSYoungGen: 67936K->1376K(67584K)] 386993K->320433K(578048K), 0.0049033 secs] [Times: user=0.02 sys=0.00, real=0.00 secs] 
687.203: [GC (Allocation Failure) [PSYoungGen: 67424K->1469K(67072K)] 386481K->320535K(577536K), 0.0021091 secs] [Times: user=0.01 sys=0.00, real=0.00 secs] 
687.344: [GC (Allocation Failure) [PSYoungGen: 67005K->1453K(66560K)] 386071K->320519K(577024K), 0.0015587 secs] [Times: user=0.01 sys=0.00, real=0.01 secs] 
687.458: [GC (Allocation Failure) [PSYoungGen: 66477K->1501K(66048K)] 385543K->320583K(576512K), 0.0017224 secs] [Times: user=0.00 sys=0.00, real=0.00 secs] 
687.572: [GC (Allocation Failure) [PSYoungGen: 66013K->1469K(66560K)] 385095K->320551K(577024K), 0.0016228 secs] [Times: user=0.00 sys=0.00, real=0.00 secs] 
687.870: [GC (Allocation Failure) [PSYoungGen: 65981K->1440K(65536K)] 385063K->320521K(576000K), 0.0014779 secs] [Times: user=0.01 sys=0.00, real=0.00 secs] 
688.145: [GC (Allocation Failure) [PSYoungGen: 65440K->1408K(65024K)] 384521K->320513K(575488K), 0.0015505 secs] [Times: user=0.00 sys=0.00, real=0.01 secs] 
688.443: [GC (Allocation Failure) [PSYoungGen: 64896K->1392K(64512K)] 384001K->320497K(574976K), 0.0017017 secs] [Times: user=0.00 sys=0.00, real=0.00 secs] 
688.775: [GC (Allocation Failure) [PSYoungGen: 64368K->1376K(64000K)] 383473K->320481K(574464K), 0.0021617 secs] [Times: user=0.01 sys=0.00, real=0.01 secs] 
689.054: [GC (Allocation Failure) [PSYoungGen: 63840K->1405K(63488K)] 382945K->320511K(573952K), 0.0018489 secs] [Times: user=0.01 sys=0.00, real=0.01 secs] 
689.173: [GC (Allocation Failure) [PSYoungGen: 63357K->1421K(62976K)] 382463K->320527K(573440K), 0.0015527 secs] [Times: user=0.01 sys=0.00, real=0.00 secs] 
689.280: [GC (Allocation Failure) [PSYoungGen: 62861K->1437K(63488K)] 381967K->320543K(573952K), 0.0016041 secs] [Times: user=0.01 sys=0.00, real=0.00 secs] 
689.388: [GC (Allocation Failure) [PSYoungGen: 62877K->1533K(69632K)] 381983K->320655K(580096K), 0.0015605 secs] [Times: user=0.00 sys=0.00, real=0.00 secs] 
689.634: [GC (Allocation Failure) [PSYoungGen: 69117K->1424K(69632K)] 388239K->320545K(580096K), 0.0017365 secs] [Times: user=0.01 sys=0.00, real=0.00 secs] 
690.256: [GC (Allocation Failure) [PSYoungGen: 69008K->1408K(68608K)] 388129K->320529K(579072K), 0.0021024 secs] [Times: user=0.01 sys=0.00, real=0.01 secs] 
690.859: [GC (Allocation Failure) [PSYoungGen: 68480K->1376K(68096K)] 387601K->320497K(578560K), 0.0044064 secs] [Times: user=0.02 sys=0.00, real=0.00 secs] 
691.507: [GC (Allocation Failure) [PSYoungGen: 67936K->1344K(67584K)] 387057K->320473K(578048K), 0.0025540 secs] [Times: user=0.01 sys=0.00, real=0.00 secs] 
692.054: [GC (Allocation Failure) [PSYoungGen: 67392K->1488K(67072K)] 386521K->320617K(577536K), 0.0029327 secs] [Times: user=0.01 sys=0.00, real=0.01 secs] 
692.226: [GC (Allocation Failure) [PSYoungGen: 67024K->1501K(66560K)] 386153K->320631K(577024K), 0.0015089 secs] [Times: user=0.00 sys=0.00, real=0.00 secs] 
692.339: [GC (Allocation Failure) [PSYoungGen: 66525K->1504K(66048K)] 385655K->320633K(576512K), 0.0016851 secs] [Times: user=0.00 sys=0.00, real=0.00 secs] 
692.452: [GC (Allocation Failure) [PSYoungGen: 66016K->1501K(72704K)] 385145K->320647K(583168K), 0.0015517 secs] [Times: user=0.01 sys=0.00, real=0.00 secs] 
692.690: [GC (Allocation Failure) [PSYoungGen: 72669K->1408K(72192K)] 391815K->320561K(582656K), 0.0018275 secs] [Times: user=0.01 sys=0.00, real=0.00 secs] 
693.366: [GC (Allocation Failure) [PSYoungGen: 72064K->1440K(71680K)] 391217K->320593K(582144K), 0.0020229 secs] [Times: user=0.01 sys=0.00, real=0.00 secs] 
694.031: [GC (Allocation Failure) [PSYoungGen: 71584K->1408K(71168K)] 390737K->320561K(581632K), 0.0034983 secs] [Times: user=0.01 sys=0.01, real=0.00 secs] 
694.811: [GC (Allocation Failure) [PSYoungGen: 71040K->1344K(70656K)] 390193K->320497K(581120K), 0.0038927 secs] [Times: user=0.02 sys=0.00, real=0.00 secs] 
695.965: [GC (Allocation Failure) [PSYoungGen: 70464K->1469K(70144K)] 389617K->320623K(580608K), 0.0025975 secs] [Times: user=0.01 sys=0.00, real=0.01 secs] 
696.148: [GC (Allocation Failure) [PSYoungGen: 70077K->1517K(69632K)] 389231K->320671K(580096K), 0.0016724 secs] [Times: user=0.00 sys=0.00, real=0.00 secs] 
696.266: [GC (Allocation Failure) [PSYoungGen: 69613K->1424K(69120K)] 388767K->320577K(579584K), 0.0016246 secs] [Times: user=0.00 sys=0.00, real=0.00 secs] 
696.385: [GC (Allocation Failure) [PSYoungGen: 69008K->1456K(68608K)] 388161K->320625K(579072K), 0.0015938 secs] [Times: user=0.01 sys=0.00, real=0.01 secs] 
696.698: [GC (Allocation Failure) [PSYoungGen: 68528K->1392K(68096K)] 387697K->320561K(578560K), 0.0019506 secs] [Times: user=0.01 sys=0.00, real=0.00 secs] 
696.975: [GC (Allocation Failure) [PSYoungGen: 67952K->1408K(67584K)] 387121K->320577K(578048K), 0.0019985 secs] [Times: user=0.01 sys=0.00, real=0.01 secs] 
697.249: [GC (Allocation Failure) [PSYoungGen: 67456K->1376K(67072K)] 386625K->320561K(577536K), 0.0020499 secs] [Times: user=0.00 sys=0.00, real=0.00 secs] 
697.522: [GC (Allocation Failure) [PSYoungGen: 66912K->1408K(66560K)] 386097K->320593K(577024K), 0.0018334 secs] [Times: user=0.01 sys=0.00, real=0.00 secs] 
698.083: [GC (Allocation Failure) [PSYoungGen: 66411K->1469K(66048K)] 385596K->320655K(576512K), 0.0027008 secs] [Times: user=0.01 sys=0.00, real=0.01 secs] 
698.248: [GC (Allocation Failure) [PSYoungGen: 65981K->1469K(65536K)] 385167K->320655K(576000K), 0.0016414 secs] [Times: user=0.01 sys=0.00, real=0.00 secs] 
698.378: [GC (Allocation Failure) [PSYoungGen: 65469K->1453K(65024K)] 384655K->320639K(575488K), 0.0016668 secs] [Times: user=0.01 sys=0.00, real=0.00 secs] 
698.517: [GC (Allocation Failure) [PSYoungGen: 64941K->1469K(65536K)] 384127K->320671K(576000K), 0.0018626 secs] [Times: user=0.01 sys=0.00, real=0.00 secs] 
698.679: [GC (Allocation Failure) [PSYoungGen: 64957K->1472K(65536K)] 384159K->320681K(576000K), 0.0017696 secs] [Times: user=0.01 sys=0.00, real=0.00 secs] 
699.206: [GC (Allocation Failure) [PSYoungGen: 64960K->1408K(64512K)] 384169K->320617K(574976K), 0.0027567 secs] [Times: user=0.01 sys=0.00, real=0.00 secs] 
699.834: [GC (Allocation Failure) [PSYoungGen: 64384K->1408K(64000K)] 383593K->320617K(574464K), 0.0034574 secs] [Times: user=0.01 sys=0.00, real=0.01 secs] 
700.691: [GC (Allocation Failure) [PSYoungGen: 63872K->1344K(63488K)] 383081K->320553K(573952K), 0.0026041 secs] [Times: user=0.01 sys=0.00, real=0.00 secs] 
701.209: [GC (Allocation Failure) [PSYoungGen: 63296K->1376K(62976K)] 382505K->320585K(573440K), 0.0020958 secs] [Times: user=0.01 sys=0.00, real=0.00 secs] 
701.540: [GC (Allocation Failure) [PSYoungGen: 62816K->1472K(62464K)] 382025K->320681K(572928K), 0.0015768 secs] [Times: user=0.01 sys=0.00, real=0.00 secs] 
701.662: [GC (Allocation Failure) [PSYoungGen: 62400K->1469K(61952K)] 381609K->320679K(572416K), 0.0018988 secs] [Times: user=0.00 sys=0.00, real=0.00 secs] 
701.797: [GC (Allocation Failure) [PSYoungGen: 61885K->1453K(61440K)] 381095K->320671K(571904K), 0.0018599 secs] [Times: user=0.01 sys=0.00, real=0.00 secs] 
701.938: [GC (Allocation Failure) [PSYoungGen: 61357K->1501K(67584K)] 380575K->320719K(578048K), 0.0019592 secs] [Times: user=0.01 sys=0.00, real=0.00 secs] 
702.988: [GC (Allocation Failure) [PSYoungGen: 67549K->1424K(67072K)] 386767K->320641K(577536K), 0.0030406 secs] [Times: user=0.01 sys=0.00, real=0.00 secs] 
703.641: [GC (Allocation Failure) [PSYoungGen: 66960K->1376K(66560K)] 386177K->320593K(577024K), 0.0023541 secs] [Times: user=0.01 sys=0.00, real=0.00 secs] 
705.210: [GC (Allocation Failure) [PSYoungGen: 66400K->1408K(66048K)] 385617K->320625K(576512K), 0.0045685 secs] [Times: user=0.02 sys=0.00, real=0.00 secs] 
706.047: [GC (Allocation Failure) [PSYoungGen: 65920K->1376K(65536K)] 385137K->320593K(576000K), 0.0046787 secs] [Times: user=0.02 sys=0.00, real=0.00 secs] 
706.740: [GC (Allocation Failure) [PSYoungGen: 65376K->1437K(65024K)] 384593K->320655K(575488K), 0.0024649 secs] [Times: user=0.01 sys=0.00, real=0.00 secs] 
706.936: [GC (Allocation Failure) [PSYoungGen: 64925K->1437K(64512K)] 384143K->320655K(574976K), 0.0024625 secs] [Times: user=0.00 sys=0.00, real=0.00 secs] 
707.083: [GC (Allocation Failure) [PSYoungGen: 64413K->448K(62976K)] 383631K->320705K(573440K), 0.0016100 secs] [Times: user=0.01 sys=0.00, real=0.00 secs] 
707.209: [GC (Allocation Failure) [PSYoungGen: 62908K->493K(64000K)] 383166K->320751K(574464K), 0.0017396 secs] [Times: user=0.00 sys=0.00, real=0.00 secs] 
707.350: [GC (Allocation Failure) [PSYoungGen: 62445K->461K(64512K)] 382703K->320719K(574976K), 0.0018945 secs] [Times: user=0.01 sys=0.00, real=0.00 secs] 
708.328: [GC (Allocation Failure) [PSYoungGen: 62925K->1376K(63488K)] 383183K->321641K(573952K), 0.0043295 secs] [Times: user=0.01 sys=0.00, real=0.00 secs] 
709.309: [GC (Allocation Failure) [PSYoungGen: 63328K->1376K(62976K)] 383593K->321641K(573440K), 0.0044420 secs] [Times: user=0.01 sys=0.00, real=0.00 secs] 
710.263: [GC (Allocation Failure) [PSYoungGen: 62816K->1376K(62464K)] 383081K->321665K(572928K), 0.0043233 secs] [Times: user=0.02 sys=0.00, real=0.01 secs] 
711.190: [GC (Allocation Failure) [PSYoungGen: 62304K->1408K(61952K)] 382593K->321697K(572416K), 0.0040482 secs] [Times: user=0.01 sys=0.00, real=0.00 secs] 
711.605: [GC (Allocation Failure) [PSYoungGen: 61824K->1469K(61440K)] 382113K->321767K(571904K), 0.0022493 secs] [Times: user=0.01 sys=0.00, real=0.01 secs] 
711.743: [GC (Allocation Failure) [PSYoungGen: 61373K->1424K(60928K)] 381671K->321721K(571392K), 0.0015177 secs] [Times: user=0.00 sys=0.00, real=0.00 secs] 
711.847: [GC (Allocation Failure) [PSYoungGen: 60816K->1501K(60416K)] 381113K->321807K(570880K), 0.0015642 secs] [Times: user=0.01 sys=0.00, real=0.00 secs] 
711.950: [GC (Allocation Failure) [PSYoungGen: 60381K->1469K(60928K)] 380687K->321775K(571392K), 0.0015701 secs] [Times: user=0.00 sys=0.00, real=0.00 secs] 
712.054: [GC (Allocation Failure) [PSYoungGen: 60349K->1453K(60928K)] 380655K->321759K(571392K), 0.0015670 secs] [Times: user=0.01 sys=0.00, real=0.01 secs] 
713.103: [GC (Allocation Failure) [PSYoungGen: 60333K->1440K(60416K)] 380639K->321745K(570880K), 0.0028606 secs] [Times: user=0.01 sys=0.00, real=0.01 secs] 
713.809: [GC (Allocation Failure) [PSYoungGen: 60320K->1376K(60416K)] 380625K->321681K(570880K), 0.0027724 secs] [Times: user=0.01 sys=0.00, real=0.00 secs] 
714.528: [GC (Allocation Failure) [PSYoungGen: 60256K->1408K(60416K)] 380561K->321713K(570880K), 0.0034262 secs] [Times: user=0.01 sys=0.00, real=0.00 secs] 
715.236: [GC (Allocation Failure) [PSYoungGen: 60288K->1408K(60416K)] 380593K->321713K(570880K), 0.0029470 secs] [Times: user=0.01 sys=0.00, real=0.00 secs] 
715.673: [GC (Allocation Failure) [PSYoungGen: 60288K->1424K(60416K)] 380593K->321729K(570880K), 0.0019064 secs] [Times: user=0.01 sys=0.00, real=0.00 secs] 
715.841: [GC (Allocation Failure) [PSYoungGen: 60304K->1453K(60416K)] 380609K->321759K(570880K), 0.0022926 secs] [Times: user=0.01 sys=0.00, real=0.00 secs] 
715.986: [GC (Allocation Failure) [PSYoungGen: 60333K->1501K(60416K)] 380639K->321823K(570880K), 0.0016647 secs] [Times: user=0.00 sys=0.00, real=0.01 secs] 
716.105: [GC (Allocation Failure) [PSYoungGen: 60381K->1501K(64000K)] 380703K->321823K(574464K), 0.0018021 secs] [Times: user=0.01 sys=0.00, real=0.01 secs] 
716.241: [GC (Allocation Failure) [PSYoungGen: 63453K->1488K(67072K)] 383775K->321809K(577536K), 0.0019488 secs] [Times: user=0.01 sys=0.00, real=0.00 secs] 
716.826: [GC (Allocation Failure) [PSYoungGen: 66512K->1360K(67072K)] 386833K->321681K(577536K), 0.0033319 secs] [Times: user=0.02 sys=0.00, real=0.00 secs] 
717.485: [GC (Allocation Failure) [PSYoungGen: 66384K->1344K(66048K)] 386705K->321689K(576512K), 0.0025080 secs] [Times: user=0.01 sys=0.00, real=0.01 secs] 
718.055: [GC (Allocation Failure) [PSYoungGen: 65856K->1328K(65536K)] 386201K->321673K(576000K), 0.0022719 secs] [Times: user=0.01 sys=0.00, real=0.01 secs] 
718.536: [GC (Allocation Failure) [PSYoungGen: 65328K->1376K(65024K)] 385673K->321721K(575488K), 0.0022863 secs] [Times: user=0.01 sys=0.00, real=0.00 secs] 
718.758: [GC (Allocation Failure) [PSYoungGen: 64864K->1437K(64512K)] 385209K->321783K(574976K), 0.0015722 secs] [Times: user=0.01 sys=0.00, real=0.00 secs] 
718.868: [GC (Allocation Failure) [PSYoungGen: 64413K->1469K(64000K)] 384759K->321815K(574464K), 0.0016281 secs] [Times: user=0.00 sys=0.00, real=0.00 secs] 
718.978: [GC (Allocation Failure) [PSYoungGen: 63933K->1533K(71168K)] 384279K->321895K(581632K), 0.0016069 secs] [Times: user=0.01 sys=0.00, real=0.00 secs] 
719.099: [GC (Allocation Failure) [PSYoungGen: 70653K->1485K(71168K)] 391015K->321847K(581632K), 0.0015556 secs] [Times: user=0.00 sys=0.00, real=0.00 secs] 
719.821: [GC (Allocation Failure) [PSYoungGen: 70605K->1424K(70144K)] 390967K->321785K(580608K), 0.0030630 secs] [Times: user=0.01 sys=0.00, real=0.00 secs] 
720.529: [GC (Allocation Failure) [PSYoungGen: 70032K->1376K(69632K)] 390393K->321737K(580096K), 0.0026764 secs] [Times: user=0.01 sys=0.00, real=0.00 secs] 
721.223: [GC (Allocation Failure) [PSYoungGen: 69472K->1376K(69120K)] 389833K->321737K(579584K), 0.0026022 secs] [Times: user=0.01 sys=0.00, real=0.00 secs] 
722.113: [GC (Allocation Failure) [PSYoungGen: 68960K->1392K(68608K)] 389321K->321753K(579072K), 0.0024406 secs] [Times: user=0.01 sys=0.00, real=0.00 secs] 
722.657: [GC (Allocation Failure) [PSYoungGen: 68464K->1421K(68096K)] 388825K->321783K(578560K), 0.0019940 secs] [Times: user=0.01 sys=0.00, real=0.00 secs] 
722.788: [GC (Allocation Failure) [PSYoungGen: 67981K->1501K(67584K)] 388343K->321863K(578048K), 0.0016865 secs] [Times: user=0.01 sys=0.00, real=0.00 secs] 
722.904: [GC (Allocation Failure) [PSYoungGen: 67549K->1469K(67072K)] 387911K->321831K(577536K), 0.0016234 secs] [Times: user=0.01 sys=0.00, real=0.00 secs] 
723.020: [GC (Allocation Failure) [PSYoungGen: 67005K->1485K(67584K)] 387367K->321863K(578048K), 0.0016515 secs] [Times: user=0.01 sys=0.00, real=0.00 secs] 
723.252: [GC (Allocation Failure) [PSYoungGen: 67021K->1424K(66560K)] 387399K->321801K(577024K), 0.0015505 secs] [Times: user=0.01 sys=0.00, real=0.00 secs] 
723.530: [GC (Allocation Failure) [PSYoungGen: 66448K->1328K(66048K)] 386825K->321705K(576512K), 0.0015942 secs] [Times: user=0.00 sys=0.00, real=0.00 secs] 
723.868: [GC (Allocation Failure) [PSYoungGen: 65840K->1408K(65536K)] 386217K->321785K(576000K), 0.0017038 secs] [Times: user=0.00 sys=0.00, real=0.00 secs] 
724.146: [GC (Allocation Failure) [PSYoungGen: 65408K->1408K(65024K)] 385785K->321785K(575488K), 0.0019456 secs] [Times: user=0.00 sys=0.00, real=0.00 secs] 
724.423: [GC (Allocation Failure) [PSYoungGen: 64896K->1437K(64512K)] 385273K->321815K(574976K), 0.0021111 secs] [Times: user=0.01 sys=0.00, real=0.00 secs] 
724.553: [GC (Allocation Failure) [PSYoungGen: 64413K->1517K(64000K)] 384791K->321895K(574464K), 0.0016313 secs] [Times: user=0.01 sys=0.00, real=0.00 secs] 
724.662: [GC (Allocation Failure) [PSYoungGen: 63981K->1469K(64512K)] 384359K->321847K(574976K), 0.0015683 secs] [Times: user=0.01 sys=0.00, real=0.00 secs] 
724.773: [GC (Allocation Failure) [PSYoungGen: 63933K->1485K(71168K)] 384311K->321871K(581632K), 0.0016894 secs] [Times: user=0.01 sys=0.00, real=0.00 secs] 
725.321: [GC (Allocation Failure) [PSYoungGen: 70605K->1472K(71168K)] 390991K->321857K(581632K), 0.0039028 secs] [Times: user=0.02 sys=0.00, real=0.00 secs] 
726.941: [GC (Allocation Failure) [PSYoungGen: 70592K->1392K(70144K)] 390977K->321777K(580608K), 0.0028622 secs] [Times: user=0.01 sys=0.01, real=0.00 secs] 
727.692: [GC (Allocation Failure) [PSYoungGen: 70000K->1376K(69632K)] 390385K->321785K(580096K), 0.0026983 secs] [Times: user=0.01 sys=0.00, real=0.00 secs] 
728.293: [GC (Allocation Failure) [PSYoungGen: 69472K->1376K(69120K)] 389881K->321785K(579584K), 0.0027049 secs] [Times: user=0.01 sys=0.00, real=0.00 secs] 
728.965: [GC (Allocation Failure) [PSYoungGen: 68960K->1469K(68608K)] 389369K->321879K(579072K), 0.0029594 secs] [Times: user=0.01 sys=0.00, real=0.01 secs] 
729.153: [GC (Allocation Failure) [PSYoungGen: 68541K->1453K(68096K)] 388951K->321863K(578560K), 0.0015522 secs] [Times: user=0.01 sys=0.00, real=0.00 secs] 
729.286: [GC (Allocation Failure) [PSYoungGen: 68013K->1472K(67584K)] 388423K->321881K(578048K), 0.0018348 secs] [Times: user=0.00 sys=0.00, real=0.00 secs] 
729.432: [GC (Allocation Failure) [PSYoungGen: 67520K->1421K(67072K)] 387929K->321839K(577536K), 0.0017027 secs] [Times: user=0.01 sys=0.00, real=0.00 secs] 
729.871: [GC (Allocation Failure) [PSYoungGen: 66957K->1952K(67072K)] 387375K->322369K(577536K), 0.0043464 secs] [Times: user=0.02 sys=0.01, real=0.00 secs] 
731.505: [GC (Allocation Failure) [PSYoungGen: 66976K->384K(65024K)] 387393K->321825K(575488K), 0.0045278 secs] [Times: user=0.02 sys=0.00, real=0.01 secs] 
732.664: [GC (Allocation Failure) [PSYoungGen: 64896K->352K(66048K)] 386337K->321793K(576512K), 0.0044946 secs] [Times: user=0.02 sys=0.00, real=0.01 secs] 
733.695: [GC (Allocation Failure) [PSYoungGen: 64352K->384K(64000K)] 385793K->321825K(574464K), 0.0045014 secs] [Times: user=0.01 sys=0.00, real=0.01 secs] 
734.494: [GC (Allocation Failure) [PSYoungGen: 63872K->384K(65536K)] 385313K->321825K(576000K), 0.0038623 secs] [Times: user=0.01 sys=0.00, real=0.01 secs] 
734.746: [GC (Allocation Failure) [PSYoungGen: 63360K->1469K(64000K)] 384801K->322911K(574464K), 0.0019334 secs] [Times: user=0.00 sys=0.00, real=0.01 secs] 
734.861: [GC (Allocation Failure) [PSYoungGen: 63933K->1469K(63488K)] 385375K->322911K(573952K), 0.0015811 secs] [Times: user=0.01 sys=0.00, real=0.00 secs] 
734.970: [GC (Allocation Failure) [PSYoungGen: 63421K->1501K(62976K)] 384863K->322959K(573440K), 0.0015821 secs] [Times: user=0.01 sys=0.00, real=0.00 secs] 
735.077: [GC (Allocation Failure) [PSYoungGen: 62941K->1472K(68096K)] 384399K->322929K(578560K), 0.0016228 secs] [Times: user=0.00 sys=0.00, real=0.00 secs] 
735.506: [GC (Allocation Failure) [PSYoungGen: 67008K->1424K(66560K)] 388465K->322889K(577024K), 0.0019788 secs] [Times: user=0.00 sys=0.00, real=0.01 secs] 
736.242: [GC (Allocation Failure) [PSYoungGen: 66448K->1408K(66048K)] 387913K->322873K(576512K), 0.0020750 secs] [Times: user=0.00 sys=0.00, real=0.00 secs] 
737.125: [GC (Allocation Failure) [PSYoungGen: 65920K->1408K(65536K)] 387385K->322881K(576000K), 0.0026623 secs] [Times: user=0.01 sys=0.00, real=0.01 secs] 
737.946: [GC (Allocation Failure) [PSYoungGen: 65408K->1408K(65024K)] 386881K->322889K(575488K), 0.0029776 secs] [Times: user=0.01 sys=0.00, real=0.00 secs] 
738.591: [GC (Allocation Failure) [PSYoungGen: 64896K->1501K(64512K)] 386377K->322983K(574976K), 0.0025680 secs] [Times: user=0.01 sys=0.00, real=0.00 secs] 
738.770: [GC (Allocation Failure) [PSYoungGen: 64477K->1469K(64000K)] 385959K->322951K(574464K), 0.0016139 secs] [Times: user=0.01 sys=0.00, real=0.00 secs] 
738.880: [GC (Allocation Failure) [PSYoungGen: 63933K->1469K(63488K)] 385415K->322967K(573952K), 0.0016160 secs] [Times: user=0.01 sys=0.00, real=0.00 secs] 
738.989: [GC (Allocation Failure) [PSYoungGen: 63421K->1469K(64512K)] 384919K->322991K(574976K), 0.0016589 secs] [Times: user=0.00 sys=0.00, real=0.00 secs] 
739.189: [GC (Allocation Failure) [PSYoungGen: 63933K->1968K(70144K)] 385455K->323489K(580608K), 0.0021889 secs] [Times: user=0.01 sys=0.00, real=0.00 secs] 
739.541: [GC (Allocation Failure) [PSYoungGen: 70064K->1392K(69120K)] 391585K->322913K(579584K), 0.0023869 secs] [Times: user=0.01 sys=0.00, real=0.00 secs] 
740.144: [GC (Allocation Failure) [PSYoungGen: 68976K->1360K(68608K)] 390497K->322881K(579072K), 0.0023729 secs] [Times: user=0.01 sys=0.01, real=0.01 secs] 
740.713: [GC (Allocation Failure) [PSYoungGen: 68432K->1376K(68096K)] 389953K->322897K(578560K), 0.0023824 secs] [Times: user=0.01 sys=0.00, real=0.00 secs] 
741.526: [GC (Allocation Failure) [PSYoungGen: 67936K->1408K(67584K)] 389457K->322929K(578048K), 0.0030280 secs] [Times: user=0.01 sys=0.00, real=0.00 secs] 
741.790: [GC (Allocation Failure) [PSYoungGen: 67456K->1469K(67072K)] 388977K->322991K(577536K), 0.0020769 secs] [Times: user=0.01 sys=0.00, real=0.00 secs] 
741.911: [GC (Allocation Failure) [PSYoungGen: 67005K->1472K(66560K)] 388527K->322993K(577024K), 0.0015091 secs] [Times: user=0.00 sys=0.00, real=0.00 secs] 
742.043: [GC (Allocation Failure) [PSYoungGen: 66496K->1437K(66048K)] 388017K->322967K(576512K), 0.0018882 secs] [Times: user=0.01 sys=0.00, real=0.00 secs] 
742.186: [GC (Allocation Failure) [PSYoungGen: 65949K->1485K(66560K)] 387479K->323015K(577024K), 0.0026145 secs] [Times: user=0.01 sys=0.00, real=0.01 secs] 
742.494: [GC (Allocation Failure) [PSYoungGen: 66509K->1408K(67072K)] 388039K->322937K(577536K), 0.0017122 secs] [Times: user=0.01 sys=0.00, real=0.00 secs] 
742.837: [GC (Allocation Failure) [PSYoungGen: 66432K->1408K(66048K)] 387961K->322937K(576512K), 0.0020117 secs] [Times: user=0.01 sys=0.00, real=0.00 secs] 
743.329: [GC (Allocation Failure) [PSYoungGen: 65920K->1376K(65536K)] 387449K->322905K(576000K), 0.0020420 secs] [Times: user=0.01 sys=0.00, real=0.00 secs] 
743.906: [GC (Allocation Failure) [PSYoungGen: 65376K->1376K(65024K)] 386905K->322905K(575488K), 0.0018166 secs] [Times: user=0.01 sys=0.00, real=0.00 secs] 
744.202: [GC (Allocation Failure) [PSYoungGen: 64864K->1501K(64512K)] 386393K->323031K(574976K), 0.0017174 secs] [Times: user=0.00 sys=0.00, real=0.00 secs] 
744.313: [GC (Allocation Failure) [PSYoungGen: 64477K->1501K(64000K)] 386007K->323031K(574464K), 0.0015235 secs] [Times: user=0.01 sys=0.00, real=0.00 secs] 
744.422: [GC (Allocation Failure) [PSYoungGen: 63965K->1501K(71168K)] 385495K->323055K(581632K), 0.0016844 secs] [Times: user=0.01 sys=0.00, real=0.00 secs] 
744.545: [GC (Allocation Failure) [PSYoungGen: 70621K->1456K(71168K)] 392175K->323009K(581632K), 0.0015698 secs] [Times: user=0.01 sys=0.00, real=0.01 secs] 
745.201: [GC (Allocation Failure) [PSYoungGen: 70576K->1424K(70144K)] 392129K->322977K(580608K), 0.0017441 secs] [Times: user=0.01 sys=0.00, real=0.00 secs] 
746.011: [GC (Allocation Failure) [PSYoungGen: 70032K->1376K(69632K)] 391585K->322929K(580096K), 0.0028115 secs] [Times: user=0.01 sys=0.00, real=0.00 secs] 
746.791: [GC (Allocation Failure) [PSYoungGen: 69472K->1376K(69120K)] 391025K->322953K(579584K), 0.0026010 secs] [Times: user=0.01 sys=0.01, real=0.00 secs] 
747.607: [GC (Allocation Failure) [PSYoungGen: 68960K->1408K(68608K)] 390537K->322985K(579072K), 0.0040909 secs] [Times: user=0.01 sys=0.00, real=0.00 secs] 
748.102: [GC (Allocation Failure) [PSYoungGen: 68480K->1437K(68096K)] 390057K->323015K(578560K), 0.0022103 secs] [Times: user=0.01 sys=0.00, real=0.00 secs] 
748.245: [GC (Allocation Failure) [PSYoungGen: 67997K->1469K(67584K)] 389575K->323047K(578048K), 0.0016299 secs] [Times: user=0.00 sys=0.00, real=0.01 secs] 
748.361: [GC (Allocation Failure) [PSYoungGen: 67507K->1469K(67072K)] 389085K->323047K(577536K), 0.0016185 secs] [Times: user=0.01 sys=0.00, real=0.00 secs] 
748.476: [GC (Allocation Failure) [PSYoungGen: 67005K->1469K(67584K)] 388583K->323063K(578048K), 0.0017105 secs] [Times: user=0.01 sys=0.01, real=0.00 secs] 
749.034: [GC (Allocation Failure) [PSYoungGen: 67005K->1424K(66560K)] 388599K->323017K(577024K), 0.0017876 secs] [Times: user=0.01 sys=0.00, real=0.00 secs] 
749.806: [GC (Allocation Failure) [PSYoungGen: 66448K->1376K(66048K)] 388041K->322969K(576512K), 0.0020355 secs] [Times: user=0.01 sys=0.00, real=0.01 secs] 
750.343: [GC (Allocation Failure) [PSYoungGen: 65888K->1360K(65536K)] 387481K->322953K(576000K), 0.0021799 secs] [Times: user=0.01 sys=0.00, real=0.00 secs] 
750.946: [GC (Allocation Failure) [PSYoungGen: 65360K->1312K(65024K)] 386953K->322905K(575488K), 0.0028559 secs] [Times: user=0.01 sys=0.00, real=0.00 secs] 
751.441: [GC (Allocation Failure) [PSYoungGen: 64800K->1501K(64512K)] 386393K->323095K(574976K), 0.0023604 secs] [Times: user=0.01 sys=0.00, real=0.00 secs] 
751.595: [GC (Allocation Failure) [PSYoungGen: 64477K->1469K(64000K)] 386071K->323063K(574464K), 0.0015591 secs] [Times: user=0.01 sys=0.00, real=0.01 secs] 
751.705: [GC (Allocation Failure) [PSYoungGen: 63933K->1469K(63488K)] 385527K->323063K(573952K), 0.0015923 secs] [Times: user=0.01 sys=0.00, real=0.01 secs] 
751.813: [GC (Allocation Failure) [PSYoungGen: 63421K->1456K(64000K)] 385015K->323057K(574464K), 0.0014947 secs] [Times: user=0.00 sys=0.00, real=0.00 secs] 
752.230: [GC (Allocation Failure) [PSYoungGen: 63408K->1936K(63488K)] 385009K->323545K(573952K), 0.0026624 secs] [Times: user=0.00 sys=0.00, real=0.00 secs] 
752.826: [GC (Allocation Failure) [PSYoungGen: 63376K->1376K(62464K)] 384985K->322985K(572928K), 0.0022044 secs] [Times: user=0.01 sys=0.00, real=0.00 secs] 
753.457: [GC (Allocation Failure) [PSYoungGen: 62304K->1376K(61952K)] 383913K->322985K(572416K), 0.0022923 secs] [Times: user=0.01 sys=0.00, real=0.00 secs] 
754.063: [GC (Allocation Failure) [PSYoungGen: 61792K->1376K(61440K)] 383401K->322985K(571904K), 0.0022506 secs] [Times: user=0.01 sys=0.00, real=0.00 secs] 
754.632: [GC (Allocation Failure) [PSYoungGen: 61280K->1376K(60928K)] 382889K->322985K(571392K), 0.0024619 secs] [Times: user=0.01 sys=0.00, real=0.00 secs] 
755.153: [GC (Allocation Failure) [PSYoungGen: 60762K->1469K(60416K)] 382372K->323079K(570880K), 0.0016862 secs] [Times: user=0.01 sys=0.00, real=0.00 secs] 
755.266: [GC (Allocation Failure) [PSYoungGen: 60349K->1469K(60416K)] 381959K->323079K(570880K), 0.0017597 secs] [Times: user=0.01 sys=0.00, real=0.00 secs] 
755.370: [GC (Allocation Failure) [PSYoungGen: 60349K->1424K(60928K)] 381959K->323049K(571392K), 0.0015231 secs] [Times: user=0.00 sys=0.00, real=0.00 secs] 
755.489: [GC (Allocation Failure) [PSYoungGen: 60304K->1501K(60928K)] 381929K->323127K(571392K), 0.0018170 secs] [Times: user=0.00 sys=0.00, real=0.00 secs] 
755.748: [GC (Allocation Failure) [PSYoungGen: 60381K->1920K(67072K)] 382007K->323545K(577536K), 0.0022624 secs] [Times: user=0.01 sys=0.00, real=0.00 secs] 
756.397: [GC (Allocation Failure) [PSYoungGen: 66944K->1344K(66048K)] 388569K->322969K(576512K), 0.0019100 secs] [Times: user=0.01 sys=0.00, real=0.00 secs] 
756.764: [GC (Allocation Failure) [PSYoungGen: 65856K->1376K(65536K)] 387481K->323001K(576000K), 0.0019129 secs] [Times: user=0.01 sys=0.00, real=0.01 secs] 
757.326: [GC (Allocation Failure) [PSYoungGen: 65376K->1360K(65024K)] 387001K->323009K(575488K), 0.0022004 secs] [Times: user=0.01 sys=0.00, real=0.01 secs] 
757.930: [GC (Allocation Failure) [PSYoungGen: 64848K->1376K(64512K)] 386497K->323025K(574976K), 0.0033624 secs] [Times: user=0.01 sys=0.00, real=0.00 secs] 
758.267: [GC (Allocation Failure) [PSYoungGen: 64325K->1501K(64000K)] 385975K->323151K(574464K), 0.0019163 secs] [Times: user=0.00 sys=0.00, real=0.00 secs] 
758.395: [GC (Allocation Failure) [PSYoungGen: 63965K->1501K(63488K)] 385615K->323159K(573952K), 0.0016843 secs] [Times: user=0.01 sys=0.00, real=0.01 secs] 
758.504: [GC (Allocation Failure) [PSYoungGen: 63453K->1453K(62976K)] 385111K->323111K(573440K), 0.0015528 secs] [Times: user=0.00 sys=0.00, real=0.00 secs] 
758.611: [GC (Allocation Failure) [PSYoungGen: 62893K->1485K(63488K)] 384551K->323143K(573952K), 0.0014513 secs] [Times: user=0.00 sys=0.00, real=0.00 secs] 
758.866: [GC (Allocation Failure) [PSYoungGen: 62925K->1440K(62464K)] 384583K->323097K(572928K), 0.0018394 secs] [Times: user=0.00 sys=0.00, real=0.00 secs] 
759.138: [GC (Allocation Failure) [PSYoungGen: 62368K->1344K(61952K)] 384025K->323001K(572416K), 0.0016980 secs] [Times: user=0.01 sys=0.00, real=0.00 secs] 
759.948: [GC (Allocation Failure) [PSYoungGen: 61760K->1376K(61440K)] 383417K->323033K(571904K), 0.0021712 secs] [Times: user=0.01 sys=0.00, real=0.00 secs] 
760.754: [GC (Allocation Failure) [PSYoungGen: 61280K->1312K(60928K)] 382937K->322969K(571392K), 0.0034508 secs] [Times: user=0.02 sys=0.00, real=0.01 secs] 
761.610: [GC (Allocation Failure) [PSYoungGen: 60704K->1376K(60416K)] 382361K->323033K(570880K), 0.0023124 secs] [Times: user=0.01 sys=0.00, real=0.00 secs] 
761.835: [GC (Allocation Failure) [PSYoungGen: 60231K->1456K(60928K)] 381889K->323113K(571392K), 0.0018589 secs] [Times: user=0.01 sys=0.00, real=0.01 secs] 
761.974: [GC (Allocation Failure) [PSYoungGen: 60336K->1469K(60928K)] 381993K->323135K(571392K), 0.0019408 secs] [Times: user=0.00 sys=0.00, real=0.00 secs] 
762.105: [GC (Allocation Failure) [PSYoungGen: 60349K->1469K(60928K)] 382015K->323135K(571392K), 0.0018951 secs] [Times: user=0.01 sys=0.00, real=0.01 secs] 
762.215: [GC (Allocation Failure) [PSYoungGen: 60349K->1437K(60928K)] 382015K->323103K(571392K), 0.0016918 secs] [Times: user=0.01 sys=0.00, real=0.01 secs] 
763.326: [GC (Allocation Failure) [PSYoungGen: 60317K->1424K(60416K)] 381983K->323089K(570880K), 0.0036223 secs] [Times: user=0.02 sys=0.00, real=0.01 secs] 
763.752: [GC (Allocation Failure) [PSYoungGen: 60304K->1376K(60416K)] 381969K->323041K(570880K), 0.0023279 secs] [Times: user=0.00 sys=0.00, real=0.00 secs] 
763.996: [GC (Allocation Failure) [PSYoungGen: 60256K->1376K(60416K)] 381921K->323041K(570880K), 0.0020268 secs] [Times: user=0.01 sys=0.00, real=0.00 secs] 
764.241: [GC (Allocation Failure) [PSYoungGen: 60256K->1376K(60416K)] 381921K->323041K(570880K), 0.0020259 secs] [Times: user=0.00 sys=0.00, real=0.00 secs] 
764.485: [GC (Allocation Failure) [PSYoungGen: 60256K->1376K(60416K)] 381921K->323041K(570880K), 0.0017643 secs] [Times: user=0.01 sys=0.00, real=0.01 secs] 
764.667: [GC (Allocation Failure) [PSYoungGen: 60256K->1501K(60416K)] 381921K->323167K(570880K), 0.0016588 secs] [Times: user=0.01 sys=0.00, real=0.00 secs] 
764.770: [GC (Allocation Failure) [PSYoungGen: 60381K->1392K(63488K)] 382047K->323073K(573952K), 0.0015887 secs] [Times: user=0.01 sys=0.00, real=0.00 secs] 
764.879: [GC (Allocation Failure) [PSYoungGen: 63344K->1424K(64000K)] 385025K->323105K(574464K), 0.0016367 secs] [Times: user=0.01 sys=0.00, real=0.00 secs] 
764.987: [GC (Allocation Failure) [PSYoungGen: 63376K->1533K(70656K)] 385057K->323215K(581120K), 0.0017647 secs] [Times: user=0.01 sys=0.00, real=0.00 secs] 
765.233: [GC (Allocation Failure) [PSYoungGen: 70141K->1376K(70656K)] 391823K->323073K(581120K), 0.0017895 secs] [Times: user=0.01 sys=0.00, real=0.00 secs] 
765.743: [GC (Allocation Failure) [PSYoungGen: 69984K->1376K(69632K)] 391681K->323073K(580096K), 0.0021347 secs] [Times: user=0.01 sys=0.00, real=0.00 secs] 
766.514: [GC (Allocation Failure) [PSYoungGen: 69472K->1344K(69120K)] 391169K->323041K(579584K), 0.0041634 secs] [Times: user=0.02 sys=0.00, real=0.01 secs] 
767.267: [GC (Allocation Failure) [PSYoungGen: 68928K->1408K(68608K)] 390625K->323105K(579072K), 0.0030426 secs] [Times: user=0.02 sys=0.00, real=0.00 secs] 
767.848: [GC (Allocation Failure) [PSYoungGen: 68480K->1389K(68096K)] 390177K->323087K(578560K), 0.0021207 secs] [Times: user=0.01 sys=0.00, real=0.00 secs] 
767.989: [GC (Allocation Failure) [PSYoungGen: 67949K->1485K(67584K)] 389647K->323183K(578048K), 0.0015046 secs] [Times: user=0.00 sys=0.00, real=0.00 secs] 
768.105: [GC (Allocation Failure) [PSYoungGen: 67533K->1533K(67072K)] 389231K->323247K(577536K), 0.0019036 secs] [Times: user=0.01 sys=0.00, real=0.01 secs] 
768.221: [GC (Allocation Failure) [PSYoungGen: 67069K->1453K(74240K)] 388783K->323167K(584704K), 0.0016554 secs] [Times: user=0.01 sys=0.00, real=0.00 secs] 
768.824: [GC (Allocation Failure) [PSYoungGen: 74157K->1424K(73728K)] 395871K->323145K(584192K), 0.0016709 secs] [Times: user=0.01 sys=0.00, real=0.01 secs] 
769.818: [GC (Allocation Failure) [PSYoungGen: 73616K->1376K(73216K)] 395337K->323097K(583680K), 0.0040771 secs] [Times: user=0.01 sys=0.00, real=0.00 secs] 
770.413: [GC (Allocation Failure) [PSYoungGen: 73056K->1376K(72704K)] 394777K->323097K(583168K), 0.0031065 secs] [Times: user=0.01 sys=0.00, real=0.01 secs] 
771.056: [GC (Allocation Failure) [PSYoungGen: 72544K->1408K(72192K)] 394265K->323129K(582656K), 0.0031045 secs] [Times: user=0.01 sys=0.00, real=0.01 secs] 
771.425: [GC (Allocation Failure) [PSYoungGen: 72064K->1469K(71680K)] 393785K->323191K(582144K), 0.0020607 secs] [Times: user=0.01 sys=0.00, real=0.01 secs] 
771.559: [GC (Allocation Failure) [PSYoungGen: 71613K->1501K(71168K)] 393335K->323223K(581632K), 0.0017649 secs] [Times: user=0.00 sys=0.00, real=0.00 secs] 
771.681: [GC (Allocation Failure) [PSYoungGen: 71133K->1504K(70656K)] 392855K->323225K(581120K), 0.0015924 secs] [Times: user=0.01 sys=0.00, real=0.00 secs] 
771.803: [GC (Allocation Failure) [PSYoungGen: 70624K->1485K(71168K)] 392345K->323215K(581632K), 0.0016561 secs] [Times: user=0.00 sys=0.01, real=0.00 secs] 
772.130: [GC (Allocation Failure) [PSYoungGen: 70605K->1472K(70144K)] 392335K->323201K(580608K), 0.0019256 secs] [Times: user=0.01 sys=0.00, real=0.00 secs] 
772.438: [GC (Allocation Failure) [PSYoungGen: 70080K->1408K(69632K)] 391809K->323137K(580096K), 0.0018851 secs] [Times: user=0.01 sys=0.00, real=0.00 secs] 
772.817: [GC (Allocation Failure) [PSYoungGen: 69504K->1456K(69120K)] 391233K->323185K(579584K), 0.0019948 secs] [Times: user=0.01 sys=0.00, real=0.00 secs] 
773.116: [GC (Allocation Failure) [PSYoungGen: 69040K->1376K(68608K)] 390769K->323105K(579072K), 0.0021586 secs] [Times: user=0.00 sys=0.00, real=0.01 secs] 
773.325: [GC (Allocation Failure) [PSYoungGen: 68448K->1392K(68096K)] 390177K->323121K(578560K), 0.0015043 secs] [Times: user=0.00 sys=0.00, real=0.01 secs] 
773.443: [GC (Allocation Failure) [PSYoungGen: 67952K->1501K(67584K)] 389681K->323231K(578048K), 0.0016234 secs] [Times: user=0.01 sys=0.00, real=0.00 secs] 
773.576: [GC (Allocation Failure) [PSYoungGen: 67549K->1453K(68096K)] 389279K->323183K(578560K), 0.0018525 secs] [Times: user=0.00 sys=0.00, real=0.01 secs] 
773.725: [GC (Allocation Failure) [PSYoungGen: 67501K->1501K(74752K)] 389231K->323247K(585216K), 0.0019976 secs] [Times: user=0.01 sys=0.00, real=0.01 secs] 
774.389: [GC (Allocation Failure) [PSYoungGen: 74205K->1376K(73728K)] 395951K->323121K(584192K), 0.0023954 secs] [Times: user=0.01 sys=0.00, real=0.00 secs] 
775.003: [GC (Allocation Failure) [PSYoungGen: 73568K->1344K(73216K)] 395313K->323089K(583680K), 0.0025178 secs] [Times: user=0.01 sys=0.00, real=0.00 secs] 
775.341: [GC (Allocation Failure) [PSYoungGen: 73024K->1344K(72704K)] 394769K->323089K(583168K), 0.0019565 secs] [Times: user=0.01 sys=0.00, real=0.00 secs] 
775.649: [GC (Allocation Failure) [PSYoungGen: 72512K->1469K(72192K)] 394257K->323215K(582656K), 0.0019522 secs] [Times: user=0.01 sys=0.00, real=0.00 secs] 
775.786: [GC (Allocation Failure) [PSYoungGen: 72125K->1533K(71680K)] 393871K->323303K(582144K), 0.0015554 secs] [Times: user=0.01 sys=0.00, real=0.00 secs] 
775.909: [GC (Allocation Failure) [PSYoungGen: 71677K->1501K(71168K)] 393447K->323271K(581632K), 0.0016688 secs] [Times: user=0.01 sys=0.00, real=0.00 secs] 
776.032: [GC (Allocation Failure) [PSYoungGen: 71133K->1485K(71680K)] 392903K->323255K(582144K), 0.0015756 secs] [Times: user=0.00 sys=0.00, real=0.00 secs] 
777.025: [GC (Allocation Failure) [PSYoungGen: 71117K->1488K(70656K)] 392887K->323257K(581120K), 0.0041640 secs] [Times: user=0.01 sys=0.00, real=0.01 secs] 
778.378: [GC (Allocation Failure) [PSYoungGen: 70608K->1376K(70144K)] 392377K->323145K(580608K), 0.0046432 secs] [Times: user=0.02 sys=0.00, real=0.00 secs] 
779.389: [GC (Allocation Failure) [PSYoungGen: 69984K->1328K(69632K)] 391753K->323097K(580096K), 0.0032695 secs] [Times: user=0.01 sys=0.00, real=0.00 secs] 
780.098: [GC (Allocation Failure) [PSYoungGen: 69424K->1376K(69120K)] 391193K->323145K(579584K), 0.0027392 secs] [Times: user=0.01 sys=0.00, real=0.00 secs] 
780.605: [GC (Allocation Failure) [PSYoungGen: 68960K->1437K(68608K)] 390729K->323207K(579072K), 0.0022873 secs] [Times: user=0.01 sys=0.00, real=0.01 secs] 
780.765: [GC (Allocation Failure) [PSYoungGen: 68509K->1424K(68096K)] 390279K->323193K(578560K), 0.0015678 secs] [Times: user=0.01 sys=0.00, real=0.01 secs] 
780.887: [GC (Allocation Failure) [PSYoungGen: 67984K->1456K(67584K)] 389753K->323225K(578048K), 0.0014122 secs] [Times: user=0.01 sys=0.00, real=0.00 secs] 
781.005: [GC (Allocation Failure) [PSYoungGen: 67504K->1504K(67072K)] 389273K->323273K(577536K), 0.0016549 secs] [Times: user=0.01 sys=0.00, real=0.01 secs] 
781.251: [GC (Allocation Failure) [PSYoungGen: 67040K->1440K(66560K)] 388809K->323209K(577024K), 0.0018180 secs] [Times: user=0.01 sys=0.00, real=0.00 secs] 
781.525: [GC (Allocation Failure) [PSYoungGen: 66464K->1392K(66048K)] 388233K->323161K(576512K), 0.0020086 secs] [Times: user=0.01 sys=0.00, real=0.01 secs] 
781.886: [GC (Allocation Failure) [PSYoungGen: 65904K->1376K(65536K)] 387673K->323145K(576000K), 0.0018535 secs] [Times: user=0.01 sys=0.00, real=0.01 secs] 
782.190: [GC (Allocation Failure) [PSYoungGen: 65376K->1376K(65024K)] 387145K->323145K(575488K), 0.0019893 secs] [Times: user=0.01 sys=0.00, real=0.00 secs] 
782.495: [GC (Allocation Failure) [PSYoungGen: 64864K->1373K(64512K)] 386633K->323142K(574976K), 0.0018390 secs] [Times: user=0.01 sys=0.00, real=0.01 secs] 
782.627: [GC (Allocation Failure) [PSYoungGen: 64349K->1469K(64000K)] 386118K->323239K(574464K), 0.0016416 secs] [Times: user=0.01 sys=0.00, real=0.00 secs] 
782.737: [GC (Allocation Failure) [PSYoungGen: 63933K->1389K(70656K)] 385703K->323159K(581120K), 0.0016477 secs] [Times: user=0.00 sys=0.00, real=0.00 secs] 
782.859: [GC (Allocation Failure) [PSYoungGen: 70509K->1456K(71168K)] 392279K->323233K(581632K), 0.0015357 secs] [Times: user=0.01 sys=0.00, real=0.00 secs] 
783.092: [GC (Allocation Failure) [PSYoungGen: 70576K->1440K(78336K)] 392353K->324241K(588800K), 0.0019656 secs] [Times: user=0.01 sys=0.00, real=0.00 secs] 
783.883: [GC (Allocation Failure) [PSYoungGen: 77728K->320K(76288K)] 400529K->323121K(586752K), 0.0020252 secs] [Times: user=0.01 sys=0.00, real=0.00 secs] 
784.956: [GC (Allocation Failure) [PSYoungGen: 76096K->320K(76800K)] 398897K->323121K(587264K), 0.0040002 secs] [Times: user=0.02 sys=0.00, real=0.00 secs] 
786.007: [GC (Allocation Failure) [PSYoungGen: 75584K->304K(75264K)] 398385K->323105K(585728K), 0.0045503 secs] [Times: user=0.02 sys=0.00, real=0.00 secs] 
786.528: [GC (Allocation Failure) [PSYoungGen: 75048K->1437K(75776K)] 397849K->324239K(586240K), 0.0021681 secs] [Times: user=0.01 sys=0.00, real=0.00 secs] 
786.691: [GC (Allocation Failure) [PSYoungGen: 75677K->1437K(75264K)] 398479K->324239K(585728K), 0.0015772 secs] [Times: user=0.00 sys=0.00, real=0.00 secs] 
786.819: [GC (Allocation Failure) [PSYoungGen: 75165K->1520K(74752K)] 397967K->324321K(585216K), 0.0016890 secs] [Times: user=0.00 sys=0.00, real=0.00 secs] 
786.947: [GC (Allocation Failure) [PSYoungGen: 74736K->1469K(74752K)] 397537K->324295K(585216K), 0.0015742 secs] [Times: user=0.01 sys=0.00, real=0.00 secs] 
787.782: [GC (Allocation Failure) [PSYoungGen: 74173K->1376K(73728K)] 396999K->324217K(584192K), 0.0021676 secs] [Times: user=0.01 sys=0.00, real=0.00 secs] 
788.440: [GC (Allocation Failure) [PSYoungGen: 73568K->1376K(73216K)] 396409K->324217K(583680K), 0.0028538 secs] [Times: user=0.01 sys=0.00, real=0.00 secs] 
789.148: [GC (Allocation Failure) [PSYoungGen: 73056K->1408K(72704K)] 395897K->324249K(583168K), 0.0023503 secs] [Times: user=0.01 sys=0.00, real=0.00 secs] 
789.778: [GC (Allocation Failure) [PSYoungGen: 72576K->1296K(72192K)] 395417K->324137K(582656K), 0.0024682 secs] [Times: user=0.01 sys=0.00, real=0.00 secs] 
789.975: [GC (Allocation Failure) [PSYoungGen: 71952K->1501K(71680K)] 394793K->324343K(582144K), 0.0015243 secs] [Times: user=0.00 sys=0.00, real=0.01 secs] 
790.098: [GC (Allocation Failure) [PSYoungGen: 71645K->1469K(71168K)] 394487K->324311K(581632K), 0.0015918 secs] [Times: user=0.00 sys=0.00, real=0.00 secs] 
790.220: [GC (Allocation Failure) [PSYoungGen: 71101K->1469K(70656K)] 393943K->324311K(581120K), 0.0016844 secs] [Times: user=0.01 sys=0.00, real=0.00 secs] 
790.412: [GC (Allocation Failure) [PSYoungGen: 70589K->1440K(70144K)] 393431K->324281K(580608K), 0.0019385 secs] [Times: user=0.01 sys=0.00, real=0.00 secs] 
790.697: [GC (Allocation Failure) [PSYoungGen: 70048K->1408K(69632K)] 392889K->324249K(580096K), 0.0015294 secs] [Times: user=0.00 sys=0.01, real=0.00 secs] 
790.980: [GC (Allocation Failure) [PSYoungGen: 69504K->1392K(69120K)] 392345K->324233K(579584K), 0.0018407 secs] [Times: user=0.00 sys=0.00, real=0.00 secs] 
791.262: [GC (Allocation Failure) [PSYoungGen: 68976K->1312K(68608K)] 391817K->324153K(579072K), 0.0026433 secs] [Times: user=0.01 sys=0.00, real=0.00 secs] 
791.558: [GC (Allocation Failure) [PSYoungGen: 68384K->1437K(68096K)] 391225K->324279K(578560K), 0.0020588 secs] [Times: user=0.01 sys=0.00, real=0.00 secs] 
791.695: [GC (Allocation Failure) [PSYoungGen: 67997K->1472K(67584K)] 390839K->324313K(578048K), 0.0016250 secs] [Times: user=0.01 sys=0.00, real=0.01 secs] 
791.811: [GC (Allocation Failure) [PSYoungGen: 67520K->1421K(68608K)] 390361K->324263K(579072K), 0.0016203 secs] [Times: user=0.00 sys=0.00, real=0.00 secs] 
791.927: [GC (Allocation Failure) [PSYoungGen: 67981K->1520K(74752K)] 390823K->324361K(585216K), 0.0017860 secs] [Times: user=0.01 sys=0.00, real=0.00 secs] 
792.296: [GC (Allocation Failure) [PSYoungGen: 74224K->1408K(74752K)] 397065K->324257K(585216K), 0.0018221 secs] [Times: user=0.01 sys=0.00, real=0.00 secs] 
793.211: [GC (Allocation Failure) [PSYoungGen: 74112K->1376K(73728K)] 396961K->324225K(584192K), 0.0039703 secs] [Times: user=0.01 sys=0.00, real=0.00 secs] 
793.876: [GC (Allocation Failure) [PSYoungGen: 73568K->1344K(73216K)] 396417K->324193K(583680K), 0.0035028 secs] [Times: user=0.01 sys=0.01, real=0.00 secs] 
794.496: [GC (Allocation Failure) [PSYoungGen: 73024K->1408K(72704K)] 395873K->324257K(583168K), 0.0023105 secs] [Times: user=0.01 sys=0.00, real=0.01 secs] 
795.026: [GC (Allocation Failure) [PSYoungGen: 72576K->1469K(72192K)] 395425K->324319K(582656K), 0.0020641 secs] [Times: user=0.01 sys=0.00, real=0.01 secs] 
795.168: [GC (Allocation Failure) [PSYoungGen: 72125K->1501K(71680K)] 394975K->324351K(582144K), 0.0015213 secs] [Times: user=0.01 sys=0.00, real=0.00 secs] 
795.290: [GC (Allocation Failure) [PSYoungGen: 71645K->1453K(71168K)] 394495K->324303K(581632K), 0.0016720 secs] [Times: user=0.00 sys=0.00, real=0.00 secs] 
795.413: [GC (Allocation Failure) [PSYoungGen: 71085K->1501K(78336K)] 393935K->324367K(588800K), 0.0017051 secs] [Times: user=0.01 sys=0.00, real=0.00 secs] 
795.958: [GC (Allocation Failure) [PSYoungGen: 78301K->1440K(77824K)] 401167K->324305K(588288K), 0.0018438 secs] [Times: user=0.01 sys=0.00, real=0.00 secs] 
796.361: [GC (Allocation Failure) [PSYoungGen: 77728K->1440K(77312K)] 400593K->324305K(587776K), 0.0023316 secs] [Times: user=0.01 sys=0.00, real=0.00 secs] 
796.680: [GC (Allocation Failure) [PSYoungGen: 77216K->1376K(76800K)] 400081K->324241K(587264K), 0.0025688 secs] [Times: user=0.01 sys=0.00, real=0.00 secs] 
797.013: [GC (Allocation Failure) [PSYoungGen: 76640K->1392K(76288K)] 399505K->324273K(586752K), 0.0018440 secs] [Times: user=0.01 sys=0.00, real=0.00 secs] 
797.166: [GC (Allocation Failure) [PSYoungGen: 76144K->1469K(75776K)] 399025K->324351K(586240K), 0.0016163 secs] [Times: user=0.01 sys=0.00, real=0.00 secs] 
797.297: [GC (Allocation Failure) [PSYoungGen: 75709K->1453K(75264K)] 398591K->324335K(585728K), 0.0016010 secs] [Times: user=0.01 sys=0.00, real=0.00 secs] 
797.426: [GC (Allocation Failure) [PSYoungGen: 75181K->1469K(75776K)] 398063K->324351K(586240K), 0.0016820 secs] [Times: user=0.00 sys=0.00, real=0.01 secs] 
798.033: [GC (Allocation Failure) [PSYoungGen: 75197K->1424K(74752K)] 398079K->324305K(585216K), 0.0023780 secs] [Times: user=0.01 sys=0.00, real=0.00 secs] 
799.037: [GC (Allocation Failure) [PSYoungGen: 74640K->1408K(74240K)] 397521K->324289K(584704K), 0.0040355 secs] [Times: user=0.02 sys=0.00, real=0.00 secs] 
799.780: [GC (Allocation Failure) [PSYoungGen: 74112K->1408K(73728K)] 396993K->324289K(584192K), 0.0024919 secs] [Times: user=0.01 sys=0.00, real=0.00 secs] 
800.385: [GC (Allocation Failure) [PSYoungGen: 73600K->1376K(73216K)] 396481K->324257K(583680K), 0.0034342 secs] [Times: user=0.01 sys=0.00, real=0.01 secs] 
800.772: [GC (Allocation Failure) [PSYoungGen: 73056K->1421K(72704K)] 395937K->324303K(583168K), 0.0017926 secs] [Times: user=0.01 sys=0.00, real=0.00 secs] 
800.944: [GC (Allocation Failure) [PSYoungGen: 72589K->1389K(72192K)] 395471K->324271K(582656K), 0.0018759 secs] [Times: user=0.01 sys=0.00, real=0.01 secs] 
801.111: [GC (Allocation Failure) [PSYoungGen: 72045K->1453K(71680K)] 394927K->324335K(582144K), 0.0020001 secs] [Times: user=0.01 sys=0.00, real=0.00 secs] 
801.706: [GC (Allocation Failure) [PSYoungGen: 71597K->1696K(71680K)] 394479K->324577K(582144K), 0.0044282 secs] [Times: user=0.01 sys=0.00, real=0.00 secs] 
803.232: [GC (Allocation Failure) [PSYoungGen: 71328K->352K(69632K)] 394209K->324257K(580096K), 0.0038351 secs] [Times: user=0.01 sys=0.00, real=0.00 secs] 
804.014: [GC (Allocation Failure) [PSYoungGen: 69472K->320K(70656K)] 393377K->324225K(581120K), 0.0038475 secs] [Times: user=0.02 sys=0.00, real=0.01 secs] 
804.822: [GC (Allocation Failure) [PSYoungGen: 68928K->320K(68608K)] 392833K->324225K(579072K), 0.0038000 secs] [Times: user=0.02 sys=0.00, real=0.00 secs] 
805.548: [GC (Allocation Failure) [PSYoungGen: 68416K->384K(68096K)] 392321K->324289K(578560K), 0.0034179 secs] [Times: user=0.01 sys=0.00, real=0.00 secs] 
805.842: [GC (Allocation Failure) [PSYoungGen: 67968K->1469K(68608K)] 391873K->325375K(579072K), 0.0019425 secs] [Times: user=0.01 sys=0.00, real=0.00 secs] 
805.973: [GC (Allocation Failure) [PSYoungGen: 68541K->1485K(68096K)] 392447K->325391K(578560K), 0.0016471 secs] [Times: user=0.00 sys=0.00, real=0.00 secs] 
806.089: [GC (Allocation Failure) [PSYoungGen: 68045K->1485K(67584K)] 391951K->325391K(578048K), 0.0016048 secs] [Times: user=0.01 sys=0.00, real=0.00 secs] 
806.292: [GC (Allocation Failure) [PSYoungGen: 67533K->1984K(67584K)] 391439K->325889K(578048K), 0.0018765 secs] [Times: user=0.01 sys=0.00, real=0.00 secs] 
806.909: [GC (Allocation Failure) [PSYoungGen: 67520K->1424K(66560K)] 391425K->325329K(577024K), 0.0023011 secs] [Times: user=0.01 sys=0.00, real=0.00 secs] 
807.643: [GC (Allocation Failure) [PSYoungGen: 66448K->1360K(66048K)] 390353K->325265K(576512K), 0.0022936 secs] [Times: user=0.01 sys=0.00, real=0.00 secs] 
808.361: [GC (Allocation Failure) [PSYoungGen: 65872K->1344K(65536K)] 389777K->325249K(576000K), 0.0025914 secs] [Times: user=0.01 sys=0.00, real=0.00 secs] 
808.725: [GC (Allocation Failure) [PSYoungGen: 65344K->1344K(65024K)] 389249K->325249K(575488K), 0.0023410 secs] [Times: user=0.00 sys=0.00, real=0.01 secs] 
808.937: [GC (Allocation Failure) [PSYoungGen: 64832K->1501K(64512K)] 388737K->325407K(574976K), 0.0016537 secs] [Times: user=0.01 sys=0.00, real=0.00 secs] 
809.047: [GC (Allocation Failure) [PSYoungGen: 64477K->1501K(64000K)] 388383K->325407K(574464K), 0.0016045 secs] [Times: user=0.00 sys=0.00, real=0.00 secs] 
809.157: [GC (Allocation Failure) [PSYoungGen: 63965K->1469K(63488K)] 387871K->325407K(573952K), 0.0016834 secs] [Times: user=0.00 sys=0.00, real=0.00 secs] 
809.265: [GC (Allocation Failure) [PSYoungGen: 63421K->1456K(65024K)] 387359K->325393K(575488K), 0.0014566 secs] [Times: user=0.00 sys=0.00, real=0.01 secs] 
809.711: [GC (Allocation Failure) [PSYoungGen: 63920K->1408K(63488K)] 387857K->325345K(573952K), 0.0018848 secs] [Times: user=0.01 sys=0.00, real=0.00 secs] 
810.281: [GC (Allocation Failure) [PSYoungGen: 63360K->1408K(62976K)] 387297K->325345K(573440K), 0.0030199 secs] [Times: user=0.02 sys=0.00, real=0.00 secs] 
810.830: [GC (Allocation Failure) [PSYoungGen: 62848K->1344K(62464K)] 386785K->325281K(572928K), 0.0030110 secs] [Times: user=0.01 sys=0.00, real=0.00 secs] 
811.173: [GC (Allocation Failure) [PSYoungGen: 62272K->1328K(61952K)] 386209K->325265K(572416K), 0.0020725 secs] [Times: user=0.00 sys=0.00, real=0.00 secs] 
811.446: [GC (Allocation Failure) [PSYoungGen: 61744K->1437K(61440K)] 385681K->325375K(571904K), 0.0019075 secs] [Times: user=0.01 sys=0.00, real=0.00 secs] 
811.566: [GC (Allocation Failure) [PSYoungGen: 61341K->1533K(60928K)] 385279K->325471K(571392K), 0.0020231 secs] [Times: user=0.01 sys=0.00, real=0.00 secs] 
811.699: [GC (Allocation Failure) [PSYoungGen: 60925K->1501K(67072K)] 384863K->325447K(577536K), 0.0020484 secs] [Times: user=0.01 sys=0.00, real=0.00 secs] 
811.878: [GC (Allocation Failure) [PSYoungGen: 67029K->1469K(67584K)] 390974K->325415K(578048K), 0.0023873 secs] [Times: user=0.01 sys=0.00, real=0.00 secs] 
812.073: [GC (Allocation Failure) [PSYoungGen: 67005K->1501K(74752K)] 390951K->325447K(585216K), 0.0021771 secs] [Times: user=0.00 sys=0.00, real=0.00 secs] 
814.246: [GC (Allocation Failure) [PSYoungGen: 74205K->1440K(73728K)] 398151K->325385K(584192K), 0.0027104 secs] [Times: user=0.01 sys=0.00, real=0.00 secs] 
814.911: [GC (Allocation Failure) [PSYoungGen: 73632K->1408K(73216K)] 397577K->325353K(583680K), 0.0025381 secs] [Times: user=0.01 sys=0.00, real=0.00 secs] 
815.511: [GC (Allocation Failure) [PSYoungGen: 73088K->1376K(72704K)] 397033K->325321K(583168K), 0.0025312 secs] [Times: user=0.01 sys=0.00, real=0.00 secs] 
816.182: [GC (Allocation Failure) [PSYoungGen: 72544K->1469K(72192K)] 396489K->325415K(582656K), 0.0026897 secs] [Times: user=0.01 sys=0.00, real=0.00 secs] 
816.421: [GC (Allocation Failure) [PSYoungGen: 72125K->1485K(71680K)] 396071K->325431K(582144K), 0.0020320 secs] [Times: user=0.01 sys=0.00, real=0.00 secs] 
816.563: [GC (Allocation Failure) [PSYoungGen: 71618K->1437K(71168K)] 395564K->325383K(581632K), 0.0017542 secs] [Times: user=0.00 sys=0.00, real=0.00 secs] 
816.686: [GC (Allocation Failure) [PSYoungGen: 71069K->1501K(70656K)] 395015K->325455K(581120K), 0.0016405 secs] [Times: user=0.01 sys=0.00, real=0.00 secs] 
817.185: [GC (Allocation Failure) [PSYoungGen: 70621K->1456K(70144K)] 394575K->325409K(580608K), 0.0036002 secs] [Times: user=0.02 sys=0.00, real=0.01 secs] 
818.062: [GC (Allocation Failure) [PSYoungGen: 70064K->1408K(69632K)] 394017K->325361K(580096K), 0.0039134 secs] [Times: user=0.01 sys=0.00, real=0.01 secs] 
818.673: [GC (Allocation Failure) [PSYoungGen: 69504K->1424K(69120K)] 393457K->325377K(579584K), 0.0031511 secs] [Times: user=0.01 sys=0.00, real=0.01 secs] 
819.241: [GC (Allocation Failure) [PSYoungGen: 69008K->1344K(68608K)] 392961K->325297K(579072K), 0.0029329 secs] [Times: user=0.02 sys=0.00, real=0.00 secs] 
819.949: [GC (Allocation Failure) [PSYoungGen: 68416K->1469K(68096K)] 392369K->325439K(578560K), 0.0026510 secs] [Times: user=0.01 sys=0.00, real=0.00 secs] 
820.125: [GC (Allocation Failure) [PSYoungGen: 68029K->1421K(67584K)] 391999K->325391K(578048K), 0.0016207 secs] [Times: user=0.01 sys=0.00, real=0.01 secs] 
820.259: [GC (Allocation Failure) [PSYoungGen: 67469K->1453K(67072K)] 391439K->325423K(577536K), 0.0016810 secs] [Times: user=0.01 sys=0.00, real=0.00 secs] 
820.408: [GC (Allocation Failure) [PSYoungGen: 66989K->1469K(66560K)] 390959K->325439K(577024K), 0.0015962 secs] [Times: user=0.00 sys=0.00, real=0.00 secs] 
821.410: [GC (Allocation Failure) [PSYoungGen: 66493K->1488K(66048K)] 390463K->325457K(576512K), 0.0042492 secs] [Times: user=0.01 sys=0.00, real=0.00 secs] 
822.509: [GC (Allocation Failure) [PSYoungGen: 66000K->1376K(65536K)] 389969K->325345K(576000K), 0.0029004 secs] [Times: user=0.01 sys=0.00, real=0.00 secs] 
823.269: [GC (Allocation Failure) [PSYoungGen: 65376K->1408K(65024K)] 389345K->325377K(575488K), 0.0030632 secs] [Times: user=0.02 sys=0.00, real=0.00 secs] 
824.222: [GC (Allocation Failure) [PSYoungGen: 64896K->1376K(64512K)] 388865K->325345K(574976K), 0.0039994 secs] [Times: user=0.01 sys=0.01, real=0.01 secs] 
825.245: [GC (Allocation Failure) [PSYoungGen: 64352K->1408K(64000K)] 388321K->325377K(574464K), 0.0039932 secs] [Times: user=0.01 sys=0.00, real=0.01 secs] 
825.611: [GC (Allocation Failure) [PSYoungGen: 63872K->1469K(63488K)] 387841K->325439K(573952K), 0.0020948 secs] [Times: user=0.01 sys=0.00, real=0.00 secs] 
825.737: [GC (Allocation Failure) [PSYoungGen: 63421K->1549K(63488K)] 387391K->325519K(573952K), 0.0016086 secs] [Times: user=0.00 sys=0.00, real=0.00 secs] 
825.861: [GC (Allocation Failure) [PSYoungGen: 62989K->1453K(62464K)] 386959K->325431K(572928K), 0.0019081 secs] [Times: user=0.01 sys=0.00, real=0.00 secs] 
825.996: [GC (Allocation Failure) [PSYoungGen: 62380K->1469K(62976K)] 386358K->325447K(573440K), 0.0018370 secs] [Times: user=0.01 sys=0.00, real=0.00 secs] 
826.622: [GC (Allocation Failure) [PSYoungGen: 62909K->1456K(62464K)] 386887K->325433K(572928K), 0.0023158 secs] [Times: user=0.01 sys=0.00, real=0.00 secs] 
827.307: [GC (Allocation Failure) [PSYoungGen: 62384K->1344K(61952K)] 386361K->325321K(572416K), 0.0032154 secs] [Times: user=0.01 sys=0.00, real=0.00 secs] 
828.013: [GC (Allocation Failure) [PSYoungGen: 61760K->1408K(61440K)] 385737K->325385K(571904K), 0.0027778 secs] [Times: user=0.01 sys=0.00, real=0.00 secs] 
828.974: [GC (Allocation Failure) [PSYoungGen: 61312K->1392K(60928K)] 385289K->325369K(571392K), 0.0028131 secs] [Times: user=0.01 sys=0.01, real=0.01 secs] 
829.981: [GC (Allocation Failure) [PSYoungGen: 60784K->1437K(60416K)] 384761K->325415K(570880K), 0.0034648 secs] [Times: user=0.02 sys=0.00, real=0.00 secs] 
830.164: [GC (Allocation Failure) [PSYoungGen: 60317K->1453K(60928K)] 384295K->325431K(571392K), 0.0019425 secs] [Times: user=0.01 sys=0.00, real=0.01 secs] 
830.274: [GC (Allocation Failure) [PSYoungGen: 60333K->1488K(60928K)] 384311K->325474K(571392K), 0.0015452 secs] [Times: user=0.01 sys=0.00, real=0.01 secs] 
830.379: [GC (Allocation Failure) [PSYoungGen: 60368K->1456K(60928K)] 384354K->325465K(571392K), 0.0015900 secs] [Times: user=0.00 sys=0.00, real=0.00 secs] 
830.483: [GC (Allocation Failure) [PSYoungGen: 60304K->1456K(60928K)] 384313K->325465K(571392K), 0.0014614 secs] [Times: user=0.01 sys=0.00, real=0.00 secs] 
830.760: [GC (Allocation Failure) [PSYoungGen: 60336K->1424K(67072K)] 384345K->325441K(577536K), 0.0022944 secs] [Times: user=0.01 sys=0.00, real=0.00 secs] 
831.057: [GC (Allocation Failure) [PSYoungGen: 66448K->1440K(66048K)] 390465K->325457K(576512K), 0.0017854 secs] [Times: user=0.01 sys=0.00, real=0.00 secs] 
831.377: [GC (Allocation Failure) [PSYoungGen: 65952K->352K(65024K)] 389969K->325393K(575488K), 0.0017769 secs] [Times: user=0.01 sys=0.00, real=0.00 secs] 
831.649: [GC (Allocation Failure) [PSYoungGen: 64352K->384K(64000K)] 389393K->325425K(574464K), 0.0018747 secs] [Times: user=0.01 sys=0.00, real=0.00 secs] 
831.997: [GC (Allocation Failure) [PSYoungGen: 63872K->1504K(64512K)] 388913K->326546K(574976K), 0.0018481 secs] [Times: user=0.01 sys=0.00, real=0.00 secs] 
832.156: [GC (Allocation Failure) [PSYoungGen: 64480K->1485K(64000K)] 389522K->326527K(574464K), 0.0021170 secs] [Times: user=0.01 sys=0.00, real=0.00 secs] 
832.347: [GC (Allocation Failure) [PSYoungGen: 63949K->1469K(63488K)] 388991K->326519K(573952K), 0.0020547 secs] [Times: user=0.01 sys=0.00, real=0.00 secs] 
832.480: [GC (Allocation Failure) [PSYoungGen: 63421K->1453K(64000K)] 388471K->326503K(574464K), 0.0016409 secs] [Times: user=0.01 sys=0.00, real=0.00 secs] 
832.703: [GC (Allocation Failure) [PSYoungGen: 63405K->1760K(63488K)] 388455K->326809K(573952K), 0.0018671 secs] [Times: user=0.01 sys=0.00, real=0.00 secs] 
834.103: [GC (Allocation Failure) [PSYoungGen: 63200K->1440K(62464K)] 388249K->326489K(572928K), 0.0027105 secs] [Times: user=0.01 sys=0.00, real=0.00 secs] 
835.157: [GC (Allocation Failure) [PSYoungGen: 62368K->432K(60928K)] 387417K->326505K(571392K), 0.0033550 secs] [Times: user=0.02 sys=0.00, real=0.00 secs] 
835.977: [GC (Allocation Failure) [PSYoungGen: 60848K->352K(62464K)] 386921K->326425K(572928K), 0.0035573 secs] [Times: user=0.02 sys=0.00, real=0.00 secs] 
836.806: [GC (Allocation Failure) [PSYoungGen: 60256K->368K(59904K)] 386329K->326441K(570368K), 0.0033687 secs] [Times: user=0.01 sys=0.00, real=0.00 secs] 
837.414: [GC (Allocation Failure) [PSYoungGen: 59760K->1533K(61440K)] 385833K->327607K(571904K), 0.0024324 secs] [Times: user=0.01 sys=0.00, real=0.01 secs] 
837.565: [GC (Allocation Failure) [PSYoungGen: 60413K->1533K(60416K)] 386487K->327607K(570880K), 0.0017767 secs] [Times: user=0.00 sys=0.00, real=0.01 secs] 
837.669: [GC (Allocation Failure) [PSYoungGen: 60413K->1440K(60416K)] 386487K->327538K(570880K), 0.0017753 secs] [Times: user=0.01 sys=0.00, real=0.00 secs] 
837.773: [GC (Allocation Failure) [PSYoungGen: 60320K->1469K(63488K)] 386418K->327567K(573952K), 0.0016397 secs] [Times: user=0.01 sys=0.00, real=0.00 secs] 
837.937: [GC (Allocation Failure) [PSYoungGen: 62397K->1920K(63488K)] 388495K->328025K(573952K), 0.0018924 secs] [Times: user=0.00 sys=0.00, real=0.00 secs] 
838.268: [GC (Allocation Failure) [PSYoungGen: 62848K->1408K(61952K)] 388953K->327537K(572416K), 0.0021104 secs] [Times: user=0.01 sys=0.00, real=0.00 secs] 
838.523: [GC (Allocation Failure) [PSYoungGen: 61824K->1392K(61440K)] 387953K->327521K(571904K), 0.0021397 secs] [Times: user=0.01 sys=0.00, real=0.00 secs] 
838.776: [GC (Allocation Failure) [PSYoungGen: 61296K->1424K(60928K)] 387425K->327553K(571392K), 0.0022053 secs] [Times: user=0.01 sys=0.00, real=0.01 secs] 
839.060: [GC (Allocation Failure) [PSYoungGen: 60816K->1408K(60416K)] 386945K->327537K(570880K), 0.0018149 secs] [Times: user=0.00 sys=0.00, real=0.00 secs] 
839.288: [GC (Allocation Failure) [PSYoungGen: 60288K->1501K(60416K)] 386417K->327631K(570880K), 0.0016969 secs] [Times: user=0.01 sys=0.00, real=0.00 secs] 
839.408: [GC (Allocation Failure) [PSYoungGen: 60381K->1421K(60416K)] 386511K->327559K(570880K), 0.0017911 secs] [Times: user=0.00 sys=0.00, real=0.00 secs] 
839.541: [GC (Allocation Failure) [PSYoungGen: 60301K->1421K(64512K)] 386439K->327559K(574976K), 0.0019580 secs] [Times: user=0.01 sys=0.00, real=0.00 secs] 
839.698: [GC (Allocation Failure) [PSYoungGen: 63373K->1437K(64000K)] 389511K->327575K(574464K), 0.0019204 secs] [Times: user=0.00 sys=0.00, real=0.00 secs] 
839.871: [GC (Allocation Failure) [PSYoungGen: 63389K->1920K(70144K)] 389527K->328065K(580608K), 0.0020187 secs] [Times: user=0.00 sys=0.00, real=0.00 secs] 
840.184: [GC (Allocation Failure) [PSYoungGen: 70016K->1376K(70656K)] 396161K->327521K(581120K), 0.0018810 secs] [Times: user=0.00 sys=0.00, real=0.00 secs] 
840.472: [GC (Allocation Failure) [PSYoungGen: 69472K->1392K(69120K)] 395617K->327537K(579584K), 0.0020342 secs] [Times: user=0.00 sys=0.00, real=0.00 secs] 
840.827: [GC (Allocation Failure) [PSYoungGen: 68976K->1408K(68608K)] 395121K->327553K(579072K), 0.0022959 secs] [Times: user=0.01 sys=0.00, real=0.00 secs] 
841.105: [GC (Allocation Failure) [PSYoungGen: 68480K->1344K(68096K)] 394625K->327489K(578560K), 0.0019110 secs] [Times: user=0.01 sys=0.00, real=0.01 secs] 
841.277: [GC (Allocation Failure) [PSYoungGen: 67904K->1533K(67584K)] 394049K->327679K(578048K), 0.0017516 secs] [Times: user=0.01 sys=0.00, real=0.00 secs] 
841.395: [GC (Allocation Failure) [PSYoungGen: 67581K->1485K(67072K)] 393727K->327647K(577536K), 0.0015655 secs] [Times: user=0.01 sys=0.00, real=0.01 secs] 
841.513: [GC (Allocation Failure) [PSYoungGen: 67021K->1533K(73728K)] 393183K->327695K(584192K), 0.0016467 secs] [Times: user=0.00 sys=0.00, real=0.00 secs] 
841.743: [GC (Allocation Failure) [PSYoungGen: 73725K->1440K(74240K)] 399887K->327601K(584704K), 0.0017966 secs] [Times: user=0.00 sys=0.00, real=0.00 secs] 
842.270: [GC (Allocation Failure) [PSYoungGen: 74144K->1376K(73728K)] 400305K->327537K(584192K), 0.0018007 secs] [Times: user=0.00 sys=0.00, real=0.00 secs] 
842.856: [GC (Allocation Failure) [PSYoungGen: 73568K->1376K(73216K)] 399729K->327537K(583680K), 0.0020515 secs] [Times: user=0.00 sys=0.00, real=0.00 secs] 
843.380: [GC (Allocation Failure) [PSYoungGen: 73056K->1424K(72704K)] 399217K->327585K(583168K), 0.0019268 secs] [Times: user=0.01 sys=0.00, real=0.00 secs] 
843.804: [GC (Allocation Failure) [PSYoungGen: 72592K->1405K(72192K)] 398753K->327567K(582656K), 0.0020303 secs] [Times: user=0.01 sys=0.00, real=0.01 secs] 
843.972: [GC (Allocation Failure) [PSYoungGen: 72061K->1485K(71680K)] 398223K->327647K(582144K), 0.0019542 secs] [Times: user=0.01 sys=0.00, real=0.00 secs] 
844.152: [GC (Allocation Failure) [PSYoungGen: 71629K->1469K(71168K)] 397791K->327631K(581632K), 0.0020489 secs] [Times: user=0.01 sys=0.00, real=0.00 secs] 
844.354: [GC (Allocation Failure) [PSYoungGen: 71101K->1469K(70656K)] 397263K->327647K(581120K), 0.0023457 secs] [Times: user=0.01 sys=0.00, real=0.01 secs] 
845.244: [GC (Allocation Failure) [PSYoungGen: 70589K->1424K(70144K)] 396767K->327609K(580608K), 0.0026392 secs] [Times: user=0.00 sys=0.00, real=0.01 secs] 
846.012: [GC (Allocation Failure) [PSYoungGen: 70032K->1408K(69632K)] 396217K->327593K(580096K), 0.0024198 secs] [Times: user=0.01 sys=0.00, real=0.00 secs] 
846.647: [GC (Allocation Failure) [PSYoungGen: 69504K->1376K(69120K)] 395689K->327561K(579584K), 0.0047105 secs] [Times: user=0.02 sys=0.00, real=0.00 secs] 
847.244: [GC (Allocation Failure) [PSYoungGen: 68960K->1376K(68608K)] 395145K->327561K(579072K), 0.0025681 secs] [Times: user=0.01 sys=0.00, real=0.01 secs] 
847.657: [GC (Allocation Failure) [PSYoungGen: 68448K->1421K(68096K)] 394633K->327607K(578560K), 0.0021265 secs] [Times: user=0.01 sys=0.00, real=0.00 secs] 
847.831: [GC (Allocation Failure) [PSYoungGen: 67981K->1469K(67584K)] 394167K->327655K(578048K), 0.0019650 secs] [Times: user=0.01 sys=0.00, real=0.00 secs] 
847.983: [GC (Allocation Failure) [PSYoungGen: 67517K->1501K(67072K)] 393703K->327711K(577536K), 0.0015524 secs] [Times: user=0.00 sys=0.01, real=0.00 secs] 
848.114: [GC (Allocation Failure) [PSYoungGen: 67037K->1485K(66560K)] 393247K->327703K(577024K), 0.0017060 secs] [Times: user=0.01 sys=0.00, real=0.01 secs] 
848.842: [GC (Allocation Failure) [PSYoungGen: 66509K->1424K(66048K)] 392727K->327641K(576512K), 0.0032001 secs] [Times: user=0.01 sys=0.00, real=0.00 secs] 
849.514: [GC (Allocation Failure) [PSYoungGen: 65936K->1344K(65536K)] 392153K->327561K(576000K), 0.0029788 secs] [Times: user=0.01 sys=0.00, real=0.01 secs] 
850.298: [GC (Allocation Failure) [PSYoungGen: 65344K->1376K(65024K)] 391561K->327593K(575488K), 0.0033841 secs] [Times: user=0.01 sys=0.00, real=0.00 secs] 
850.992: [GC (Allocation Failure) [PSYoungGen: 64864K->1376K(64512K)] 391081K->327593K(574976K), 0.0030817 secs] [Times: user=0.01 sys=0.00, real=0.00 secs] 
851.658: [GC (Allocation Failure) [PSYoungGen: 64352K->1456K(64000K)] 390569K->327674K(574464K), 0.0028639 secs] [Times: user=0.01 sys=0.00, real=0.00 secs] 
851.841: [GC (Allocation Failure) [PSYoungGen: 63920K->1549K(64000K)] 390138K->327767K(574464K), 0.0028911 secs] [Times: user=0.01 sys=0.00, real=0.00 secs] 
851.953: [GC (Allocation Failure) [PSYoungGen: 63501K->1501K(64000K)] 389719K->327719K(574464K), 0.0017106 secs] [Times: user=0.01 sys=0.00, real=0.00 secs] 
852.064: [GC (Allocation Failure) [PSYoungGen: 63965K->1533K(64512K)] 390183K->327775K(574976K), 0.0015862 secs] [Times: user=0.01 sys=0.00, real=0.00 secs] 
852.190: [GC (Allocation Failure) [PSYoungGen: 63997K->1533K(71168K)] 390239K->327775K(581632K), 0.0019472 secs] [Times: user=0.01 sys=0.01, real=0.00 secs] 
852.603: [GC (Allocation Failure) [PSYoungGen: 70653K->1408K(71168K)] 396895K->327649K(581632K), 0.0017132 secs] [Times: user=0.00 sys=0.00, real=0.00 secs] 
852.892: [GC (Allocation Failure) [PSYoungGen: 70528K->1376K(70144K)] 396769K->327625K(580608K), 0.0021814 secs] [Times: user=0.01 sys=0.00, real=0.00 secs] 
853.185: [GC (Allocation Failure) [PSYoungGen: 69984K->1392K(69632K)] 396233K->327641K(580096K), 0.0022660 secs] [Times: user=0.00 sys=0.00, real=0.01 secs] 
853.509: [GC (Allocation Failure) [PSYoungGen: 69488K->1440K(69120K)] 395737K->327689K(579584K), 0.0016935 secs] [Times: user=0.00 sys=0.00, real=0.00 secs] 
853.693: [GC (Allocation Failure) [PSYoungGen: 69024K->1469K(68608K)] 395273K->327719K(579072K), 0.0017477 secs] [Times: user=0.01 sys=0.00, real=0.00 secs] 
853.830: [GC (Allocation Failure) [PSYoungGen: 68541K->1469K(68096K)] 394791K->327719K(578560K), 0.0017710 secs] [Times: user=0.00 sys=0.00, real=0.00 secs] 
853.976: [GC (Allocation Failure) [PSYoungGen: 68029K->1424K(74752K)] 394279K->327682K(585216K), 0.0019274 secs] [Times: user=0.01 sys=0.00, real=0.01 secs] 
854.728: [GC (Allocation Failure) [PSYoungGen: 74640K->1952K(74752K)] 400898K->328225K(585216K), 0.0047407 secs] [Times: user=0.01 sys=0.00, real=0.00 secs] 
855.786: [GC (Allocation Failure) [PSYoungGen: 74656K->1344K(73728K)] 400929K->327625K(584192K), 0.0020333 secs] [Times: user=0.01 sys=0.00, real=0.00 secs] 
856.087: [GC (Allocation Failure) [PSYoungGen: 73536K->1408K(73216K)] 399817K->327689K(583680K), 0.0018019 secs] [Times: user=0.01 sys=0.00, real=0.00 secs] 
856.502: [GC (Allocation Failure) [PSYoungGen: 73088K->1376K(72704K)] 399369K->327681K(583168K), 0.0020881 secs] [Times: user=0.01 sys=0.00, real=0.00 secs] 
857.047: [GC (Allocation Failure) [PSYoungGen: 72544K->1437K(72192K)] 398849K->327743K(582656K), 0.0018204 secs] [Times: user=0.01 sys=0.00, real=0.00 secs] 
857.178: [GC (Allocation Failure) [PSYoungGen: 72091K->1485K(71680K)] 398397K->327791K(582144K), 0.0015873 secs] [Times: user=0.01 sys=0.00, real=0.00 secs] 
857.301: [GC (Allocation Failure) [PSYoungGen: 71629K->1485K(71168K)] 397935K->327791K(581632K), 0.0015776 secs] [Times: user=0.01 sys=0.00, real=0.00 secs] 
857.422: [GC (Allocation Failure) [PSYoungGen: 71117K->1421K(72192K)] 397423K->327727K(582656K), 0.0016327 secs] [Times: user=0.01 sys=0.00, real=0.00 secs] 
857.941: [GC (Allocation Failure) [PSYoungGen: 71565K->1440K(71168K)] 397871K->327753K(581632K), 0.0019849 secs] [Times: user=0.01 sys=0.00, real=0.00 secs] 
858.824: [GC (Allocation Failure) [PSYoungGen: 71072K->1440K(70656K)] 397385K->327753K(581120K), 0.0024259 secs] [Times: user=0.01 sys=0.00, real=0.01 secs] 
859.749: [GC (Allocation Failure) [PSYoungGen: 70560K->1408K(70144K)] 396873K->327721K(580608K), 0.0020447 secs] [Times: user=0.01 sys=0.00, real=0.00 secs] 
860.620: [GC (Allocation Failure) [PSYoungGen: 70016K->1408K(69632K)] 396329K->327721K(580096K), 0.0023427 secs] [Times: user=0.00 sys=0.00, real=0.00 secs] 
861.261: [GC (Allocation Failure) [PSYoungGen: 69504K->1469K(69120K)] 395817K->327783K(579584K), 0.0017357 secs] [Times: user=0.01 sys=0.00, real=0.00 secs] 
861.393: [GC (Allocation Failure) [PSYoungGen: 69053K->1456K(68608K)] 395367K->327770K(579072K), 0.0016647 secs] [Times: user=0.00 sys=0.00, real=0.00 secs] 
861.510: [GC (Allocation Failure) [PSYoungGen: 68528K->1485K(68096K)] 394842K->327799K(578560K), 0.0015184 secs] [Times: user=0.01 sys=0.00, real=0.00 secs] 
861.627: [GC (Allocation Failure) [PSYoungGen: 68045K->1485K(67584K)] 394359K->327815K(578048K), 0.0016331 secs] [Times: user=0.01 sys=0.00, real=0.00 secs] 
862.234: [GC (Allocation Failure) [PSYoungGen: 67533K->1520K(67072K)] 393863K->327849K(577536K), 0.0027627 secs] [Times: user=0.01 sys=0.00, real=0.01 secs] 
863.210: [GC (Allocation Failure) [PSYoungGen: 67056K->1376K(66560K)] 393385K->327705K(577024K), 0.0036870 secs] [Times: user=0.01 sys=0.00, real=0.00 secs] 
864.037: [GC (Allocation Failure) [PSYoungGen: 66400K->1408K(66048K)] 392729K->327737K(576512K), 0.0046707 secs] [Times: user=0.01 sys=0.00, real=0.00 secs] 
864.832: [GC (Allocation Failure) [PSYoungGen: 65920K->1392K(65536K)] 392249K->327721K(576000K), 0.0033574 secs] [Times: user=0.01 sys=0.00, real=0.00 secs] 
865.524: [GC (Allocation Failure) [PSYoungGen: 65392K->1520K(65024K)] 391721K->327850K(575488K), 0.0024972 secs] [Times: user=0.01 sys=0.00, real=0.01 secs] 
865.697: [GC (Allocation Failure) [PSYoungGen: 65008K->1488K(64512K)] 391338K->327818K(574976K), 0.0015819 secs] [Times: user=0.00 sys=0.00, real=0.00 secs] 
865.807: [GC (Allocation Failure) [PSYoungGen: 64464K->1453K(64000K)] 390794K->327783K(574464K), 0.0015502 secs] [Times: user=0.00 sys=0.00, real=0.00 secs] 
865.917: [GC (Allocation Failure) [PSYoungGen: 63917K->1453K(71168K)] 390247K->327807K(581632K), 0.0015681 secs] [Times: user=0.00 sys=0.00, real=0.00 secs] 
866.249: [GC (Allocation Failure) [PSYoungGen: 70573K->1456K(70144K)] 396927K->327809K(580608K), 0.0018442 secs] [Times: user=0.01 sys=0.00, real=0.00 secs] 
866.846: [GC (Allocation Failure) [PSYoungGen: 70064K->1392K(69632K)] 396417K->327745K(580096K), 0.0045078 secs] [Times: user=0.01 sys=0.00, real=0.00 secs] 
867.463: [GC (Allocation Failure) [PSYoungGen: 69488K->1376K(69120K)] 395841K->327729K(579584K), 0.0020964 secs] [Times: user=0.01 sys=0.00, real=0.00 secs] 
868.220: [GC (Allocation Failure) [PSYoungGen: 68960K->1376K(68608K)] 395313K->327729K(579072K), 0.0020587 secs] [Times: user=0.01 sys=0.00, real=0.00 secs] 
869.001: [GC (Allocation Failure) [PSYoungGen: 68448K->1437K(68096K)] 394801K->327799K(578560K), 0.0036998 secs] [Times: user=0.01 sys=0.00, real=0.00 secs] 
869.221: [GC (Allocation Failure) [PSYoungGen: 67997K->1485K(67584K)] 394359K->327863K(578048K), 0.0018285 secs] [Times: user=0.01 sys=0.00, real=0.00 secs] 
869.344: [GC (Allocation Failure) [PSYoungGen: 67533K->1389K(67072K)] 393911K->327767K(577536K), 0.0015770 secs] [Times: user=0.00 sys=0.00, real=0.01 secs] 
869.460: [GC (Allocation Failure) [PSYoungGen: 66925K->1533K(66560K)] 393303K->327927K(577024K), 0.0015917 secs] [Times: user=0.01 sys=0.00, real=0.00 secs] 
869.668: [GC (Allocation Failure) [PSYoungGen: 66557K->1472K(66048K)] 392951K->327865K(576512K), 0.0019678 secs] [Times: user=0.01 sys=0.00, real=0.00 secs] 
870.006: [GC (Allocation Failure) [PSYoungGen: 65984K->1408K(65536K)] 392377K->327801K(576000K), 0.0017372 secs] [Times: user=0.01 sys=0.00, real=0.00 secs] 
870.585: [GC (Allocation Failure) [PSYoungGen: 65408K->1408K(65024K)] 391801K->327801K(575488K), 0.0025208 secs] [Times: user=0.01 sys=0.00, real=0.01 secs] 
871.142: [GC (Allocation Failure) [PSYoungGen: 64896K->1376K(64512K)] 391289K->327769K(574976K), 0.0022627 secs] [Times: user=0.01 sys=0.00, real=0.00 secs] 
871.798: [GC (Allocation Failure) [PSYoungGen: 64352K->1360K(64000K)] 390745K->327753K(574464K), 0.0021204 secs] [Times: user=0.01 sys=0.00, real=0.00 secs] 
872.052: [GC (Allocation Failure) [PSYoungGen: 63824K->1453K(63488K)] 390217K->327847K(573952K), 0.0016255 secs] [Times: user=0.00 sys=0.00, real=0.00 secs] 
872.177: [GC (Allocation Failure) [PSYoungGen: 63405K->1421K(62976K)] 389799K->327815K(573440K), 0.0019161 secs] [Times: user=0.01 sys=0.00, real=0.00 secs] 
872.313: [GC (Allocation Failure) [PSYoungGen: 62861K->1421K(62464K)] 389255K->327823K(572928K), 0.0018891 secs] [Times: user=0.00 sys=0.00, real=0.00 secs] 
872.454: [GC (Allocation Failure) [PSYoungGen: 62349K->1501K(62464K)] 388751K->327903K(572928K), 0.0017446 secs] [Times: user=0.01 sys=0.00, real=0.01 secs] 
872.813: [GC (Allocation Failure) [PSYoungGen: 62429K->1408K(61952K)] 388831K->327809K(572416K), 0.0027025 secs] [Times: user=0.01 sys=0.00, real=0.01 secs] 
873.314: [GC (Allocation Failure) [PSYoungGen: 61824K->1376K(61440K)] 388225K->327777K(571904K), 0.0021743 secs] [Times: user=0.01 sys=0.00, real=0.01 secs] 
873.812: [GC (Allocation Failure) [PSYoungGen: 61280K->1376K(60928K)] 387681K->327785K(571392K), 0.0021251 secs] [Times: user=0.01 sys=0.00, real=0.00 secs] 
874.273: [GC (Allocation Failure) [PSYoungGen: 60768K->1376K(60416K)] 387177K->327785K(570880K), 0.0019176 secs] [Times: user=0.00 sys=0.00, real=0.00 secs] 
874.942: [GC (Allocation Failure) [PSYoungGen: 60256K->1376K(60416K)] 386665K->327785K(570880K), 0.0022229 secs] [Times: user=0.00 sys=0.00, real=0.00 secs] 
875.245: [GC (Allocation Failure) [PSYoungGen: 60256K->1456K(60416K)] 386665K->327866K(570880K), 0.0018117 secs] [Times: user=0.01 sys=0.00, real=0.01 secs] 
875.350: [GC (Allocation Failure) [PSYoungGen: 60336K->1424K(60416K)] 386746K->327850K(570880K), 0.0015227 secs] [Times: user=0.01 sys=0.00, real=0.00 secs] 
875.454: [GC (Allocation Failure) [PSYoungGen: 60304K->1469K(60416K)] 386730K->327895K(570880K), 0.0016508 secs] [Times: user=0.01 sys=0.00, real=0.00 secs] 
875.558: [GC (Allocation Failure) [PSYoungGen: 60349K->1469K(60416K)] 386775K->327895K(570880K), 0.0016811 secs] [Times: user=0.01 sys=0.00, real=0.00 secs] 
876.119: [GC (Allocation Failure) [PSYoungGen: 60349K->1424K(60416K)] 386775K->327849K(570880K), 0.0020177 secs] [Times: user=0.00 sys=0.00, real=0.00 secs] 
876.907: [GC (Allocation Failure) [PSYoungGen: 60304K->1408K(60416K)] 386729K->327849K(570880K), 0.0019004 secs] [Times: user=0.01 sys=0.00, real=0.00 secs] 
877.711: [GC (Allocation Failure) [PSYoungGen: 60288K->1344K(60416K)] 386729K->327785K(570880K), 0.0019501 secs] [Times: user=0.01 sys=0.00, real=0.00 secs] 
878.239: [GC (Allocation Failure) [PSYoungGen: 60224K->1440K(60416K)] 386665K->327881K(570880K), 0.0019650 secs] [Times: user=0.01 sys=0.00, real=0.00 secs] 
878.674: [GC (Allocation Failure) [PSYoungGen: 60320K->1408K(60416K)] 386761K->327849K(570880K), 0.0021759 secs] [Times: user=0.00 sys=0.00, real=0.01 secs] 
878.914: [GC (Allocation Failure) [PSYoungGen: 60288K->1421K(60416K)] 386729K->327863K(570880K), 0.0016236 secs] [Times: user=0.01 sys=0.00, real=0.00 secs] 
879.018: [GC (Allocation Failure) [PSYoungGen: 60301K->1504K(60416K)] 386743K->327962K(570880K), 0.0015570 secs] [Times: user=0.00 sys=0.00, real=0.00 secs] 
879.122: [GC (Allocation Failure) [PSYoungGen: 60384K->1472K(60416K)] 386842K->327930K(570880K), 0.0016446 secs] [Times: user=0.01 sys=0.00, real=0.00 secs] 
879.226: [GC (Allocation Failure) [PSYoungGen: 60352K->1421K(66560K)] 386810K->327879K(577024K), 0.0015680 secs] [Times: user=0.00 sys=0.00, real=0.01 secs] 
879.469: [GC (Allocation Failure) [PSYoungGen: 66445K->1456K(67072K)] 392903K->327913K(577536K), 0.0019876 secs] [Times: user=0.00 sys=0.00, real=0.00 secs] 
880.080: [GC (Allocation Failure) [PSYoungGen: 66992K->1392K(66560K)] 393449K->327849K(577024K), 0.0019303 secs] [Times: user=0.01 sys=0.00, real=0.00 secs] 
880.653: [GC (Allocation Failure) [PSYoungGen: 66416K->1376K(66048K)] 392873K->327833K(576512K), 0.0021752 secs] [Times: user=0.01 sys=0.00, real=0.00 secs] 
881.277: [GC (Allocation Failure) [PSYoungGen: 65888K->352K(64512K)] 392345K->327833K(574976K), 0.0021751 secs] [Times: user=0.01 sys=0.00, real=0.00 secs] 
881.772: [GC (Allocation Failure) [PSYoungGen: 64352K->1469K(65536K)] 391833K->328951K(576000K), 0.0017775 secs] [Times: user=0.01 sys=0.00, real=0.00 secs] 
881.936: [GC (Allocation Failure) [PSYoungGen: 64957K->1437K(64512K)] 392439K->328919K(574976K), 0.0020573 secs] [Times: user=0.00 sys=0.00, real=0.01 secs] 
882.089: [GC (Allocation Failure) [PSYoungGen: 64413K->1536K(64512K)] 391895K->329034K(574976K), 0.0022300 secs] [Times: user=0.01 sys=0.00, real=0.00 secs] 
882.244: [GC (Allocation Failure) [PSYoungGen: 64000K->477K(62464K)] 391498K->328999K(572928K), 0.0018050 secs] [Times: user=0.01 sys=0.00, real=0.01 secs] 
882.355: [GC (Allocation Failure) [PSYoungGen: 62429K->480K(69632K)] 390951K->329002K(580096K), 0.0015172 secs] [Times: user=0.00 sys=0.00, real=0.01 secs] 
884.142: [GC (Allocation Failure) [PSYoungGen: 68064K->1408K(68608K)] 396586K->329937K(579072K), 0.0034490 secs] [Times: user=0.01 sys=0.00, real=0.00 secs] 
884.833: [GC (Allocation Failure) [PSYoungGen: 68480K->1376K(68096K)] 397009K->329905K(578560K), 0.0025147 secs] [Times: user=0.01 sys=0.00, real=0.00 secs] 
885.381: [GC (Allocation Failure) [PSYoungGen: 67936K->1360K(67584K)] 396465K->329889K(578048K), 0.0030059 secs] [Times: user=0.02 sys=0.00, real=0.00 secs] 
886.050: [GC (Allocation Failure) [PSYoungGen: 67408K->1408K(67072K)] 395937K->329937K(577536K), 0.0026838 secs] [Times: user=0.01 sys=0.00, real=0.00 secs] 
886.422: [GC (Allocation Failure) [PSYoungGen: 66944K->1453K(66560K)] 395473K->329983K(577024K), 0.0018511 secs] [Times: user=0.01 sys=0.00, real=0.00 secs] 
886.548: [GC (Allocation Failure) [PSYoungGen: 66477K->1469K(66048K)] 395007K->329999K(576512K), 0.0015965 secs] [Times: user=0.01 sys=0.00, real=0.00 secs] 
886.661: [GC (Allocation Failure) [PSYoungGen: 65981K->1456K(65536K)] 394511K->329994K(576000K), 0.0015391 secs] [Times: user=0.01 sys=0.00, real=0.00 secs] 
886.774: [GC (Allocation Failure) [PSYoungGen: 65456K->1472K(67072K)] 393994K->330010K(577536K), 0.0017257 secs] [Times: user=0.01 sys=0.00, real=0.01 secs] 
888.449: [GC (Allocation Failure) [PSYoungGen: 66496K->1440K(66048K)] 395034K->329977K(576512K), 0.0037991 secs] [Times: user=0.01 sys=0.00, real=0.00 secs] 
889.234: [GC (Allocation Failure) [PSYoungGen: 65952K->1408K(65536K)] 394489K->329945K(576000K), 0.0035514 secs] [Times: user=0.01 sys=0.00, real=0.01 secs] 
889.612: [GC (Allocation Failure) [PSYoungGen: 65408K->1408K(65024K)] 393945K->329977K(575488K), 0.0019511 secs] [Times: user=0.01 sys=0.00, real=0.00 secs] 
890.174: [GC (Allocation Failure) [PSYoungGen: 64896K->1312K(64512K)] 393465K->329881K(574976K), 0.0020896 secs] [Times: user=0.01 sys=0.00, real=0.01 secs] 
890.693: [GC (Allocation Failure) [PSYoungGen: 64288K->1440K(64000K)] 392857K->330010K(574464K), 0.0017717 secs] [Times: user=0.00 sys=0.00, real=0.00 secs] 
890.845: [GC (Allocation Failure) [PSYoungGen: 63904K->1453K(63488K)] 392474K->330023K(573952K), 0.0018144 secs] [Times: user=0.00 sys=0.00, real=0.01 secs] 
890.991: [GC (Allocation Failure) [PSYoungGen: 63405K->1501K(62976K)] 391975K->330071K(573440K), 0.0016708 secs] [Times: user=0.00 sys=0.00, real=0.00 secs] 
891.099: [GC (Allocation Failure) [PSYoungGen: 62941K->1421K(69120K)] 391511K->329999K(579584K), 0.0016984 secs] [Times: user=0.00 sys=0.00, real=0.00 secs] 
891.501: [GC (Allocation Failure) [PSYoungGen: 68493K->1424K(68096K)] 397071K->330001K(578560K), 0.0025711 secs] [Times: user=0.01 sys=0.00, real=0.00 secs] 
892.486: [GC (Allocation Failure) [PSYoungGen: 67984K->1376K(67584K)] 396561K->329953K(578048K), 0.0039862 secs] [Times: user=0.01 sys=0.00, real=0.00 secs] 
893.231: [GC (Allocation Failure) [PSYoungGen: 67424K->1408K(67072K)] 396001K->329985K(577536K), 0.0032214 secs] [Times: user=0.01 sys=0.00, real=0.00 secs] 
893.742: [GC (Allocation Failure) [PSYoungGen: 66944K->1408K(66560K)] 395521K->329985K(577024K), 0.0027354 secs] [Times: user=0.01 sys=0.00, real=0.00 secs] 
894.287: [GC (Allocation Failure) [PSYoungGen: 66432K->1408K(66048K)] 395009K->329985K(576512K), 0.0024170 secs] [Times: user=0.01 sys=0.00, real=0.00 secs] 
894.479: [GC (Allocation Failure) [PSYoungGen: 65920K->1501K(65536K)] 394497K->330079K(576000K), 0.0016557 secs] [Times: user=0.00 sys=0.00, real=0.00 secs] 
894.592: [GC (Allocation Failure) [PSYoungGen: 65501K->1501K(65024K)] 394079K->330079K(575488K), 0.0016873 secs] [Times: user=0.01 sys=0.00, real=0.00 secs] 
894.705: [GC (Allocation Failure) [PSYoungGen: 64989K->1469K(66048K)] 393567K->330055K(576512K), 0.0015761 secs] [Times: user=0.00 sys=0.00, real=0.01 secs] 
894.817: [GC (Allocation Failure) [PSYoungGen: 65466K->1517K(72192K)] 394051K->330103K(582656K), 0.0017902 secs] [Times: user=0.00 sys=0.00, real=0.00 secs] 
895.187: [GC (Allocation Failure) [PSYoungGen: 71661K->1440K(72192K)] 400247K->330025K(582656K), 0.0020191 secs] [Times: user=0.01 sys=0.00, real=0.00 secs] 
895.650: [GC (Allocation Failure) [PSYoungGen: 71584K->1376K(71168K)] 400169K->329961K(581632K), 0.0020468 secs] [Times: user=0.01 sys=0.00, real=0.00 secs] 
896.183: [GC (Allocation Failure) [PSYoungGen: 71008K->1376K(70656K)] 399593K->329961K(581120K), 0.0025800 secs] [Times: user=0.01 sys=0.00, real=0.01 secs] 
896.724: [GC (Allocation Failure) [PSYoungGen: 70496K->1376K(70144K)] 399081K->329961K(580608K), 0.0020415 secs] [Times: user=0.00 sys=0.00, real=0.01 secs] 
897.031: [GC (Allocation Failure) [PSYoungGen: 69984K->1440K(69632K)] 398569K->330026K(580096K), 0.0017259 secs] [Times: user=0.00 sys=0.00, real=0.00 secs] 
897.150: [GC (Allocation Failure) [PSYoungGen: 69536K->1453K(69120K)] 398122K->330039K(579584K), 0.0016461 secs] [Times: user=0.01 sys=0.00, real=0.00 secs] 
897.269: [GC (Allocation Failure) [PSYoungGen: 69037K->1469K(68608K)] 397623K->330071K(579072K), 0.0016574 secs] [Times: user=0.01 sys=0.00, real=0.00 secs] 
897.440: [GC (Allocation Failure) [PSYoungGen: 68541K->1504K(75776K)] 397143K->330225K(586240K), 0.0019067 secs] [Times: user=0.00 sys=0.00, real=0.00 secs] 
897.755: [GC (Allocation Failure) [PSYoungGen: 75744K->1248K(75264K)] 404465K->329969K(585728K), 0.0017850 secs] [Times: user=0.01 sys=0.00, real=0.01 secs] 
898.296: [GC (Allocation Failure) [PSYoungGen: 74976K->1312K(74752K)] 403697K->330033K(585216K), 0.0020550 secs] [Times: user=0.01 sys=0.00, real=0.00 secs] 
899.127: [GC (Allocation Failure) [PSYoungGen: 74528K->1280K(74240K)] 403249K->330001K(584704K), 0.0042065 secs] [Times: user=0.02 sys=0.00, real=0.00 secs] 
899.963: [GC (Allocation Failure) [PSYoungGen: 73984K->1437K(73728K)] 402705K->330159K(584192K), 0.0031437 secs] [Times: user=0.02 sys=0.00, real=0.01 secs] 
900.203: [GC (Allocation Failure) [PSYoungGen: 73629K->1469K(73216K)] 402351K->330191K(583680K), 0.0021706 secs] [Times: user=0.01 sys=0.00, real=0.00 secs] 
900.391: [GC (Allocation Failure) [PSYoungGen: 73149K->1453K(72704K)] 401871K->330175K(583168K), 0.0021964 secs] [Times: user=0.01 sys=0.00, real=0.00 secs] 
900.547: [GC (Allocation Failure) [PSYoungGen: 72621K->1437K(72192K)] 401343K->330159K(582656K), 0.0014957 secs] [Times: user=0.00 sys=0.00, real=0.00 secs] 
900.803: [GC (Allocation Failure) [PSYoungGen: 72093K->1456K(71680K)] 400815K->330185K(582144K), 0.0026067 secs] [Times: user=0.01 sys=0.00, real=0.01 secs] 
901.096: [GC (Allocation Failure) [PSYoungGen: 71600K->1408K(71168K)] 400329K->330137K(581632K), 0.0020794 secs] [Times: user=0.01 sys=0.01, real=0.00 secs] 
901.385: [GC (Allocation Failure) [PSYoungGen: 71040K->1408K(70656K)] 399769K->330137K(581120K), 0.0020638 secs] [Times: user=0.01 sys=0.01, real=0.01 secs] 
901.693: [GC (Allocation Failure) [PSYoungGen: 70528K->1440K(70144K)] 399257K->330169K(580608K), 0.0018953 secs] [Times: user=0.01 sys=0.00, real=0.00 secs] 
901.911: [GC (Allocation Failure) [PSYoungGen: 70048K->1501K(69632K)] 398777K->330231K(580096K), 0.0016081 secs] [Times: user=0.00 sys=0.00, real=0.00 secs] 
902.030: [GC (Allocation Failure) [PSYoungGen: 69597K->1533K(69120K)] 398327K->330263K(579584K), 0.0016804 secs] [Times: user=0.01 sys=0.00, real=0.00 secs] 
902.149: [GC (Allocation Failure) [PSYoungGen: 69117K->1565K(69632K)] 397847K->330295K(580096K), 0.0014862 secs] [Times: user=0.00 sys=0.00, real=0.00 secs] 
902.267: [GC (Allocation Failure) [PSYoungGen: 69149K->1501K(69632K)] 397879K->330279K(580096K), 0.0015447 secs] [Times: user=0.00 sys=0.00, real=0.00 secs] 
902.770: [GC (Allocation Failure) [PSYoungGen: 69085K->1408K(68608K)] 397863K->330193K(579072K), 0.0019635 secs] [Times: user=0.01 sys=0.00, real=0.00 secs] 
903.362: [GC (Allocation Failure) [PSYoungGen: 68480K->1392K(68096K)] 397265K->330177K(578560K), 0.0041916 secs] [Times: user=0.02 sys=0.00, real=0.01 secs] 
903.933: [GC (Allocation Failure) [PSYoungGen: 67952K->1376K(67584K)] 396737K->330161K(578048K), 0.0025507 secs] [Times: user=0.01 sys=0.00, real=0.01 secs] 
904.587: [GC (Allocation Failure) [PSYoungGen: 67424K->1408K(67072K)] 396209K->330193K(577536K), 0.0028358 secs] [Times: user=0.01 sys=0.00, real=0.00 secs] 
904.911: [GC (Allocation Failure) [PSYoungGen: 66944K->1501K(66560K)] 395729K->330287K(577024K), 0.0019161 secs] [Times: user=0.00 sys=0.00, real=0.00 secs] 
905.029: [GC (Allocation Failure) [PSYoungGen: 66525K->1533K(66048K)] 395311K->330319K(576512K), 0.0016679 secs] [Times: user=0.01 sys=0.00, real=0.00 secs] 
905.142: [GC (Allocation Failure) [PSYoungGen: 66020K->1501K(65536K)] 394806K->330287K(576000K), 0.0015546 secs] [Times: user=0.00 sys=0.00, real=0.00 secs] 
905.255: [GC (Allocation Failure) [PSYoungGen: 65501K->1501K(72192K)] 394287K->330319K(582656K), 0.0016437 secs] [Times: user=0.00 sys=0.00, real=0.01 secs] 
905.698: [GC (Allocation Failure) [PSYoungGen: 72157K->1408K(71680K)] 400975K->330225K(582144K), 0.0020318 secs] [Times: user=0.01 sys=0.00, real=0.00 secs] 
906.116: [GC (Allocation Failure) [PSYoungGen: 71552K->1376K(71168K)] 400369K->330193K(581632K), 0.0019324 secs] [Times: user=0.01 sys=0.00, real=0.00 secs] 
906.405: [GC (Allocation Failure) [PSYoungGen: 71008K->1344K(70656K)] 399825K->330185K(581120K), 0.0018620 secs] [Times: user=0.01 sys=0.00, real=0.01 secs] 
906.936: [GC (Allocation Failure) [PSYoungGen: 70464K->1408K(70144K)] 399305K->330249K(580608K), 0.0021407 secs] [Times: user=0.01 sys=0.00, real=0.00 secs] 
907.347: [GC (Allocation Failure) [PSYoungGen: 70016K->1469K(69632K)] 398857K->330311K(580096K), 0.0022713 secs] [Times: user=0.01 sys=0.00, real=0.00 secs] 
907.499: [GC (Allocation Failure) [PSYoungGen: 69565K->1501K(69120K)] 398407K->330343K(579584K), 0.0018055 secs] [Times: user=0.01 sys=0.00, real=0.00 secs] 
907.619: [GC (Allocation Failure) [PSYoungGen: 69085K->1424K(68608K)] 397927K->330266K(579072K), 0.0015381 secs] [Times: user=0.00 sys=0.00, real=0.00 secs] 
907.737: [GC (Allocation Failure) [PSYoungGen: 68481K->1533K(69120K)] 397323K->330391K(579584K), 0.0017055 secs] [Times: user=0.00 sys=0.00, real=0.00 secs] 
908.230: [GC (Allocation Failure) [PSYoungGen: 68605K->1408K(68096K)] 397463K->330265K(578560K), 0.0029283 secs] [Times: user=0.01 sys=0.00, real=0.00 secs] 
908.499: [GC (Allocation Failure) [PSYoungGen: 67968K->1392K(67584K)] 396825K->330249K(578048K), 0.0020029 secs] [Times: user=0.01 sys=0.00, real=0.00 secs] 
908.846: [GC (Allocation Failure) [PSYoungGen: 67440K->1376K(67072K)] 396297K->330233K(577536K), 0.0016964 secs] [Times: user=0.00 sys=0.00, real=0.00 secs] 
909.323: [GC (Allocation Failure) [PSYoungGen: 66912K->1312K(66560K)] 395769K->330169K(577024K), 0.0041998 secs] [Times: user=0.01 sys=0.00, real=0.01 secs] 
909.662: [GC (Allocation Failure) [PSYoungGen: 66336K->1469K(66048K)] 395193K->330327K(576512K), 0.0018208 secs] [Times: user=0.01 sys=0.00, real=0.00 secs] 
909.793: [GC (Allocation Failure) [PSYoungGen: 65981K->1472K(65536K)] 394839K->330330K(576000K), 0.0016784 secs] [Times: user=0.01 sys=0.00, real=0.00 secs] 
909.907: [GC (Allocation Failure) [PSYoungGen: 65472K->1456K(65024K)] 394330K->330314K(575488K), 0.0015253 secs] [Times: user=0.01 sys=0.00, real=0.00 secs] 
910.018: [GC (Allocation Failure) [PSYoungGen: 64944K->1440K(71680K)] 393802K->330306K(582144K), 0.0015561 secs] [Times: user=0.01 sys=0.00, real=0.00 secs] 
910.983: [GC (Allocation Failure) [PSYoungGen: 71584K->1472K(71168K)] 400450K->330337K(581632K), 0.0024369 secs] [Times: user=0.00 sys=0.00, real=0.00 secs] 
911.792: [GC (Allocation Failure) [PSYoungGen: 71104K->1376K(70656K)] 399969K->330241K(581120K), 0.0027096 secs] [Times: user=0.01 sys=0.00, real=0.00 secs] 
912.633: [GC (Allocation Failure) [PSYoungGen: 70496K->1376K(70144K)] 399361K->330241K(580608K), 0.0027995 secs] [Times: user=0.01 sys=0.00, real=0.00 secs] 
913.273: [GC (Allocation Failure) [PSYoungGen: 69984K->1408K(69632K)] 398849K->330273K(580096K), 0.0026824 secs] [Times: user=0.02 sys=0.00, real=0.00 secs] 
913.745: [GC (Allocation Failure) [PSYoungGen: 69504K->1501K(69120K)] 398369K->330367K(579584K), 0.0018905 secs] [Times: user=0.00 sys=0.00, real=0.01 secs] 
913.899: [GC (Allocation Failure) [PSYoungGen: 69085K->1424K(68608K)] 397951K->330290K(579072K), 0.0018694 secs] [Times: user=0.00 sys=0.00, real=0.00 secs] 
914.052: [GC (Allocation Failure) [PSYoungGen: 68496K->1485K(69120K)] 397362K->330351K(579584K), 0.0031297 secs] [Times: user=0.01 sys=0.00, real=0.00 secs] 
914.215: [GC (Allocation Failure) [PSYoungGen: 68557K->1453K(69120K)] 397423K->330335K(579584K), 0.0015861 secs] [Times: user=0.00 sys=0.00, real=0.01 secs] 
914.713: [GC (Allocation Failure) [PSYoungGen: 68525K->1408K(68096K)] 397407K->330289K(578560K), 0.0026785 secs] [Times: user=0.01 sys=0.00, real=0.01 secs] 
915.499: [GC (Allocation Failure) [PSYoungGen: 67968K->1360K(67584K)] 396849K->330241K(578048K), 0.0024183 secs] [Times: user=0.01 sys=0.00, real=0.00 secs] 
916.264: [GC (Allocation Failure) [PSYoungGen: 67408K->1376K(67072K)] 396289K->330257K(577536K), 0.0023878 secs] [Times: user=0.01 sys=0.00, real=0.01 secs] 
916.973: [GC (Allocation Failure) [PSYoungGen: 66912K->1408K(66560K)] 395793K->330289K(577024K), 0.0025670 secs] [Times: user=0.00 sys=0.00, real=0.00 secs] 
917.376: [GC (Allocation Failure) [PSYoungGen: 66432K->1469K(66048K)] 395313K->330351K(576512K), 0.0020540 secs] [Times: user=0.01 sys=0.00, real=0.00 secs] 
917.510: [GC (Allocation Failure) [PSYoungGen: 65981K->1472K(65536K)] 394863K->330354K(576000K), 0.0016237 secs] [Times: user=0.01 sys=0.00, real=0.00 secs] 
917.623: [GC (Allocation Failure) [PSYoungGen: 65472K->1501K(65024K)] 394354K->330383K(575488K), 0.0016352 secs] [Times: user=0.01 sys=0.00, real=0.00 secs] 
917.734: [GC (Allocation Failure) [PSYoungGen: 64989K->1453K(71680K)] 393871K->330343K(582144K), 0.0015580 secs] [Times: user=0.01 sys=0.00, real=0.00 secs] 
918.460: [GC (Allocation Failure) [PSYoungGen: 71597K->1456K(71168K)] 400487K->330369K(581632K), 0.0025159 secs] [Times: user=0.01 sys=0.00, real=0.00 secs] 
919.632: [GC (Allocation Failure) [PSYoungGen: 71088K->1376K(70656K)] 400001K->330289K(581120K), 0.0026943 secs] [Times: user=0.01 sys=0.00, real=0.00 secs] 
920.465: [GC (Allocation Failure) [PSYoungGen: 70496K->1408K(70144K)] 399409K->330321K(580608K), 0.0033728 secs] [Times: user=0.02 sys=0.00, real=0.01 secs] 
921.006: [GC (Allocation Failure) [PSYoungGen: 70016K->1392K(69632K)] 398929K->330305K(580096K), 0.0027653 secs] [Times: user=0.01 sys=0.00, real=0.00 secs] 
921.446: [GC (Allocation Failure) [PSYoungGen: 69488K->1469K(69120K)] 398401K->330383K(579584K), 0.0020920 secs] [Times: user=0.01 sys=0.00, real=0.00 secs] 
921.624: [GC (Allocation Failure) [PSYoungGen: 69053K->1421K(68608K)] 397967K->330335K(579072K), 0.0022783 secs] [Times: user=0.01 sys=0.00, real=0.01 secs] 
921.807: [GC (Allocation Failure) [PSYoungGen: 68473K->1469K(68096K)] 397386K->330383K(578560K), 0.0023059 secs] [Times: user=0.01 sys=0.00, real=0.00 secs] 
921.966: [GC (Allocation Failure) [PSYoungGen: 68029K->1501K(67584K)] 396943K->330423K(578048K), 0.0017489 secs] [Times: user=0.00 sys=0.00, real=0.01 secs] 
922.215: [GC (Allocation Failure) [PSYoungGen: 67549K->1440K(67072K)] 396471K->330361K(577536K), 0.0026671 secs] [Times: user=0.01 sys=0.00, real=0.01 secs] 
922.536: [GC (Allocation Failure) [PSYoungGen: 66976K->1376K(66560K)] 395897K->330297K(577024K), 0.0019072 secs] [Times: user=0.00 sys=0.00, real=0.01 secs] 
923.103: [GC (Allocation Failure) [PSYoungGen: 66400K->1376K(66048K)] 395321K->330297K(576512K), 0.0022639 secs] [Times: user=0.01 sys=0.00, real=0.00 secs] 
923.665: [GC (Allocation Failure) [PSYoungGen: 65888K->1408K(65536K)] 394809K->330329K(576000K), 0.0022106 secs] [Times: user=0.01 sys=0.00, real=0.01 secs] 
924.175: [GC (Allocation Failure) [PSYoungGen: 65408K->1437K(65024K)] 394329K->330359K(575488K), 0.0018622 secs] [Times: user=0.01 sys=0.00, real=0.01 secs] 
924.344: [GC (Allocation Failure) [PSYoungGen: 64925K->1485K(64512K)] 393847K->330407K(574976K), 0.0020813 secs] [Times: user=0.01 sys=0.00, real=0.01 secs] 
924.513: [GC (Allocation Failure) [PSYoungGen: 64461K->512K(63488K)] 393383K->330458K(573952K), 0.0023521 secs] [Times: user=0.01 sys=0.00, real=0.00 secs] 
924.709: [GC (Allocation Failure) [PSYoungGen: 62976K->445K(62464K)] 392922K->330399K(572928K), 0.0021405 secs] [Times: user=0.01 sys=0.00, real=0.00 secs] 
924.891: [GC (Allocation Failure) [PSYoungGen: 62394K->1456K(64512K)] 392348K->331409K(574976K), 0.0025756 secs] [Times: user=0.01 sys=0.00, real=0.00 secs] 
925.376: [GC (Allocation Failure) [PSYoungGen: 63920K->1376K(63488K)] 393873K->331329K(573952K), 0.0021897 secs] [Times: user=0.01 sys=0.00, real=0.01 secs] 
925.837: [GC (Allocation Failure) [PSYoungGen: 63328K->1408K(62976K)] 393281K->331361K(573440K), 0.0022752 secs] [Times: user=0.01 sys=0.00, real=0.00 secs] 
926.377: [GC (Allocation Failure) [PSYoungGen: 62848K->1376K(62464K)] 392801K->331329K(572928K), 0.0020379 secs] [Times: user=0.01 sys=0.00, real=0.00 secs] 
926.918: [GC (Allocation Failure) [PSYoungGen: 62304K->1376K(61952K)] 392257K->331353K(572416K), 0.0020693 secs] [Times: user=0.01 sys=0.00, real=0.00 secs] 
927.328: [GC (Allocation Failure) [PSYoungGen: 61792K->1469K(61440K)] 391769K->331447K(571904K), 0.0022623 secs] [Times: user=0.01 sys=0.00, real=0.00 secs] 
927.478: [GC (Allocation Failure) [PSYoungGen: 61373K->1469K(60928K)] 391351K->331447K(571392K), 0.0020450 secs] [Times: user=0.01 sys=0.00, real=0.00 secs] 
927.626: [GC (Allocation Failure) [PSYoungGen: 60861K->1488K(60416K)] 390839K->331474K(570880K), 0.0016175 secs] [Times: user=0.01 sys=0.00, real=0.00 secs] 
927.746: [GC (Allocation Failure) [PSYoungGen: 60368K->1469K(60928K)] 390354K->331455K(571392K), 0.0018575 secs] [Times: user=0.01 sys=0.00, real=0.00 secs] 
927.937: [GC (Allocation Failure) [PSYoungGen: 60349K->1936K(60928K)] 390335K->331921K(571392K), 0.0018944 secs] [Times: user=0.01 sys=0.00, real=0.00 secs] 
928.528: [GC (Allocation Failure) [PSYoungGen: 60816K->1408K(60416K)] 390801K->331393K(570880K), 0.0029614 secs] [Times: user=0.01 sys=0.00, real=0.00 secs] 
929.241: [GC (Allocation Failure) [PSYoungGen: 60288K->1408K(60416K)] 390273K->331393K(570880K), 0.0033816 secs] [Times: user=0.01 sys=0.00, real=0.00 secs] 
929.968: [GC (Allocation Failure) [PSYoungGen: 60288K->1408K(60416K)] 390273K->331393K(570880K), 0.0029673 secs] [Times: user=0.01 sys=0.00, real=0.00 secs] 
930.564: [GC (Allocation Failure) [PSYoungGen: 60288K->1376K(60416K)] 390273K->331361K(570880K), 0.0029981 secs] [Times: user=0.01 sys=0.00, real=0.01 secs] 
931.226: [GC (Allocation Failure) [PSYoungGen: 60256K->1437K(60416K)] 390241K->331423K(570880K), 0.0022950 secs] [Times: user=0.01 sys=0.01, real=0.01 secs] 
931.379: [GC (Allocation Failure) [PSYoungGen: 60317K->1469K(60416K)] 390303K->331471K(570880K), 0.0017110 secs] [Times: user=0.01 sys=0.00, real=0.00 secs] 
931.484: [GC (Allocation Failure) [PSYoungGen: 60349K->1469K(60416K)] 390351K->331471K(570880K), 0.0015897 secs] [Times: user=0.01 sys=0.00, real=0.00 secs] 
931.588: [GC (Allocation Failure) [PSYoungGen: 60349K->1488K(63488K)] 390351K->331490K(573952K), 0.0016036 secs] [Times: user=0.01 sys=0.00, real=0.00 secs] 
931.696: [GC (Allocation Failure) [PSYoungGen: 62928K->1472K(67072K)] 392930K->331474K(577536K), 0.0017424 secs] [Times: user=0.01 sys=0.00, real=0.00 secs] 
933.323: [GC (Allocation Failure) [PSYoungGen: 66496K->1408K(66048K)] 396498K->331409K(576512K), 0.0043070 secs] [Times: user=0.02 sys=0.00, real=0.01 secs] 
934.172: [GC (Allocation Failure) [PSYoungGen: 65920K->1344K(65536K)] 395921K->331345K(576000K), 0.0029985 secs] [Times: user=0.01 sys=0.00, real=0.00 secs] 
934.718: [GC (Allocation Failure) [PSYoungGen: 65344K->1376K(65024K)] 395345K->331377K(575488K), 0.0028919 secs] [Times: user=0.01 sys=0.00, real=0.00 secs] 
935.338: [GC (Allocation Failure) [PSYoungGen: 64864K->1408K(64512K)] 394865K->331409K(574976K), 0.0023738 secs] [Times: user=0.01 sys=0.00, real=0.00 secs] 
935.751: [GC (Allocation Failure) [PSYoungGen: 64384K->1453K(64000K)] 394385K->331455K(574464K), 0.0020544 secs] [Times: user=0.01 sys=0.00, real=0.00 secs] 
935.871: [GC (Allocation Failure) [PSYoungGen: 63917K->1456K(63488K)] 393919K->331466K(573952K), 0.0015937 secs] [Times: user=0.01 sys=0.00, real=0.00 secs] 
935.980: [GC (Allocation Failure) [PSYoungGen: 63408K->1533K(62976K)] 393418K->331543K(573440K), 0.0016513 secs] [Times: user=0.01 sys=0.00, real=0.00 secs] 
936.087: [GC (Allocation Failure) [PSYoungGen: 62973K->1501K(63488K)] 392983K->331511K(573952K), 0.0017106 secs] [Times: user=0.01 sys=0.00, real=0.00 secs] 
936.609: [GC (Allocation Failure) [PSYoungGen: 62941K->1392K(62464K)] 392951K->331401K(572928K), 0.0018368 secs] [Times: user=0.01 sys=0.00, real=0.00 secs] 
937.653: [GC (Allocation Failure) [PSYoungGen: 62320K->1360K(61952K)] 392329K->331369K(572416K), 0.0025490 secs] [Times: user=0.01 sys=0.00, real=0.01 secs] 
938.716: [GC (Allocation Failure) [PSYoungGen: 61776K->1376K(61440K)] 391785K->331385K(571904K), 0.0043183 secs] [Times: user=0.02 sys=0.00, real=0.00 secs] 
939.816: [GC (Allocation Failure) [PSYoungGen: 61280K->1376K(60928K)] 391289K->331385K(571392K), 0.0039723 secs] [Times: user=0.02 sys=0.00, real=0.00 secs] 
940.751: [GC (Allocation Failure) [PSYoungGen: 60768K->1376K(60416K)] 390777K->331401K(570880K), 0.0044034 secs] [Times: user=0.02 sys=0.00, real=0.00 secs] 
941.077: [GC (Allocation Failure) [PSYoungGen: 60256K->1469K(60928K)] 390281K->331495K(571392K), 0.0018348 secs] [Times: user=0.01 sys=0.00, real=0.00 secs] 
941.195: [GC (Allocation Failure) [PSYoungGen: 60349K->1456K(60928K)] 390375K->331482K(571392K), 0.0015457 secs] [Times: user=0.01 sys=0.00, real=0.01 secs] 
941.299: [GC (Allocation Failure) [PSYoungGen: 60336K->1533K(60928K)] 390362K->331575K(571392K), 0.0015302 secs] [Times: user=0.00 sys=0.00, real=0.00 secs] 
941.417: [GC (Allocation Failure) [PSYoungGen: 60413K->1469K(60928K)] 390455K->331511K(571392K), 0.0019193 secs] [Times: user=0.00 sys=0.00, real=0.00 secs] 
941.626: [GC (Allocation Failure) [PSYoungGen: 60349K->1392K(67072K)] 390391K->331433K(577536K), 0.0022168 secs] [Times: user=0.00 sys=0.00, real=0.00 secs] 
941.965: [GC (Allocation Failure) [PSYoungGen: 66416K->1376K(66048K)] 396457K->331417K(576512K), 0.0018771 secs] [Times: user=0.01 sys=0.00, real=0.01 secs] 
942.527: [GC (Allocation Failure) [PSYoungGen: 65888K->1408K(65536K)] 395929K->331449K(576000K), 0.0021498 secs] [Times: user=0.00 sys=0.00, real=0.00 secs] 
943.072: [GC (Allocation Failure) [PSYoungGen: 65408K->1408K(65024K)] 395449K->331449K(575488K), 0.0021215 secs] [Times: user=0.01 sys=0.00, real=0.00 secs] 
943.696: [GC (Allocation Failure) [PSYoungGen: 64896K->1376K(64512K)] 394937K->331417K(574976K), 0.0022837 secs] [Times: user=0.00 sys=0.00, real=0.00 secs] 
943.902: [GC (Allocation Failure) [PSYoungGen: 64352K->1469K(64000K)] 394393K->331511K(574464K), 0.0015715 secs] [Times: user=0.00 sys=0.00, real=0.00 secs] 
944.012: [GC (Allocation Failure) [PSYoungGen: 63933K->1392K(63488K)] 393975K->331442K(573952K), 0.0016470 secs] [Times: user=0.01 sys=0.00, real=0.00 secs] 
944.120: [GC (Allocation Failure) [PSYoungGen: 63344K->1501K(64000K)] 393394K->331551K(574464K), 0.0016768 secs] [Times: user=0.00 sys=0.00, real=0.00 secs] 
944.229: [GC (Allocation Failure) [PSYoungGen: 63453K->1453K(70656K)] 393503K->331503K(581120K), 0.0016073 secs] [Times: user=0.00 sys=0.00, real=0.00 secs] 
946.108: [GC (Allocation Failure) [PSYoungGen: 70061K->1424K(69632K)] 400111K->331473K(580096K), 0.0046968 secs] [Times: user=0.01 sys=0.00, real=0.00 secs] 
947.679: [GC (Allocation Failure) [PSYoungGen: 69520K->1376K(69120K)] 399569K->331425K(579584K), 0.0041126 secs] [Times: user=0.01 sys=0.00, real=0.00 secs] 
948.254: [GC (Allocation Failure) [PSYoungGen: 68960K->1392K(68608K)] 399009K->331441K(579072K), 0.0021035 secs] [Times: user=0.01 sys=0.00, real=0.00 secs] 
948.818: [GC (Allocation Failure) [PSYoungGen: 68464K->1392K(68096K)] 398513K->331441K(578560K), 0.0027918 secs] [Times: user=0.01 sys=0.00, real=0.00 secs] 
949.193: [GC (Allocation Failure) [PSYoungGen: 67952K->1501K(67584K)] 398001K->331551K(578048K), 0.0020064 secs] [Times: user=0.01 sys=0.00, real=0.00 secs] 
949.331: [GC (Allocation Failure) [PSYoungGen: 67526K->1389K(67072K)] 397576K->331439K(577536K), 0.0016378 secs] [Times: user=0.00 sys=0.00, real=0.00 secs] 
949.446: [GC (Allocation Failure) [PSYoungGen: 66925K->1424K(66560K)] 396975K->331490K(577024K), 0.0015878 secs] [Times: user=0.01 sys=0.00, real=0.00 secs] 
949.560: [GC (Allocation Failure) [PSYoungGen: 66448K->1440K(67584K)] 396514K->331506K(578048K), 0.0016916 secs] [Times: user=0.00 sys=0.00, real=0.00 secs] 
950.390: [GC (Allocation Failure) [PSYoungGen: 66976K->1440K(66560K)] 397042K->331505K(577024K), 0.0048093 secs] [Times: user=0.02 sys=0.00, real=0.00 secs] 
951.195: [GC (Allocation Failure) [PSYoungGen: 66464K->352K(65536K)] 396529K->331441K(576000K), 0.0027434 secs] [Times: user=0.01 sys=0.00, real=0.01 secs] 
951.726: [GC (Allocation Failure) [PSYoungGen: 64864K->352K(64512K)] 395953K->331441K(574976K), 0.0027225 secs] [Times: user=0.01 sys=0.00, real=0.00 secs] 
952.397: [GC (Allocation Failure) [PSYoungGen: 64352K->384K(65024K)] 395441K->331473K(575488K), 0.0028898 secs] [Times: user=0.01 sys=0.00, real=0.00 secs] 
952.845: [GC (Allocation Failure) [PSYoungGen: 63872K->1437K(64512K)] 394961K->332527K(574976K), 0.0024336 secs] [Times: user=0.01 sys=0.00, real=0.01 secs] 
952.997: [GC (Allocation Failure) [PSYoungGen: 64413K->1469K(64000K)] 395503K->332559K(574464K), 0.0015931 secs] [Times: user=0.01 sys=0.00, real=0.00 secs] 
953.106: [GC (Allocation Failure) [PSYoungGen: 63913K->1469K(63488K)] 395003K->332559K(573952K), 0.0016243 secs] [Times: user=0.01 sys=0.00, real=0.00 secs] 
953.215: [GC (Allocation Failure) [PSYoungGen: 63421K->1501K(64000K)] 394511K->332607K(574464K), 0.0016095 secs] [Times: user=0.01 sys=0.00, real=0.01 secs] 
953.475: [GC (Allocation Failure) [PSYoungGen: 63453K->1456K(62976K)] 394559K->332561K(573440K), 0.0019788 secs] [Times: user=0.01 sys=0.00, real=0.01 secs] 
954.036: [GC (Allocation Failure) [PSYoungGen: 62896K->1376K(62464K)] 394001K->332481K(572928K), 0.0021568 secs] [Times: user=0.00 sys=0.00, real=0.00 secs] 
954.542: [GC (Allocation Failure) [PSYoungGen: 62304K->1360K(61952K)] 393409K->332465K(572416K), 0.0022088 secs] [Times: user=0.01 sys=0.00, real=0.00 secs] 
955.043: [GC (Allocation Failure) [PSYoungGen: 61776K->1408K(61440K)] 392881K->332513K(571904K), 0.0027996 secs] [Times: user=0.01 sys=0.00, real=0.00 secs] 
955.497: [GC (Allocation Failure) [PSYoungGen: 61312K->1408K(60928K)] 392417K->332513K(571392K), 0.0019181 secs] [Times: user=0.01 sys=0.00, real=0.00 secs] 
955.829: [GC (Allocation Failure) [PSYoungGen: 60800K->1501K(60416K)] 391905K->332607K(570880K), 0.0020232 secs] [Times: user=0.00 sys=0.00, real=0.00 secs] 
955.970: [GC (Allocation Failure) [PSYoungGen: 60381K->1533K(60928K)] 391487K->332639K(571392K), 0.0019722 secs] [Times: user=0.01 sys=0.00, real=0.00 secs] 
956.113: [GC (Allocation Failure) [PSYoungGen: 60413K->1469K(60928K)] 391519K->332583K(571392K), 0.0035248 secs] [Times: user=0.01 sys=0.00, real=0.01 secs] 
956.254: [GC (Allocation Failure) [PSYoungGen: 60349K->1501K(60928K)] 391463K->332639K(571392K), 0.0018654 secs] [Times: user=0.00 sys=0.00, real=0.00 secs] 
956.579: [GC (Allocation Failure) [PSYoungGen: 60381K->1472K(66560K)] 391519K->332609K(577024K), 0.0024159 secs] [Times: user=0.00 sys=0.01, real=0.00 secs] 
957.472: [GC (Allocation Failure) [PSYoungGen: 66496K->1344K(66048K)] 397633K->332481K(576512K), 0.0031284 secs] [Times: user=0.01 sys=0.00, real=0.00 secs] 
958.486: [GC (Allocation Failure) [PSYoungGen: 65856K->1360K(65536K)] 396993K->332497K(576000K), 0.0032136 secs] [Times: user=0.01 sys=0.00, real=0.00 secs] 
959.182: [GC (Allocation Failure) [PSYoungGen: 65360K->1344K(65024K)] 396497K->332481K(575488K), 0.0031673 secs] [Times: user=0.01 sys=0.00, real=0.00 secs] 
959.801: [GC (Allocation Failure) [PSYoungGen: 64832K->1376K(64512K)] 395969K->332513K(574976K), 0.0027970 secs] [Times: user=0.01 sys=0.00, real=0.00 secs] 
960.084: [GC (Allocation Failure) [PSYoungGen: 64352K->1437K(64000K)] 395489K->332575K(574464K), 0.0019893 secs] [Times: user=0.01 sys=0.00, real=0.01 secs] 
960.201: [GC (Allocation Failure) [PSYoungGen: 63901K->1421K(63488K)] 395039K->332567K(573952K), 0.0016332 secs] [Times: user=0.00 sys=0.00, real=0.00 secs] 
960.309: [GC (Allocation Failure) [PSYoungGen: 63373K->1504K(64000K)] 394519K->332650K(574464K), 0.0016385 secs] [Times: user=0.01 sys=0.00, real=0.00 secs] 
960.418: [GC (Allocation Failure) [PSYoungGen: 63456K->1501K(70656K)] 394602K->332647K(581120K), 0.0018259 secs] [Times: user=0.01 sys=0.00, real=0.00 secs] 
960.941: [GC (Allocation Failure) [PSYoungGen: 70109K->1440K(69632K)] 401255K->332585K(580096K), 0.0021266 secs] [Times: user=0.01 sys=0.00, real=0.00 secs] 
961.898: [GC (Allocation Failure) [PSYoungGen: 69536K->1376K(69120K)] 400681K->332521K(579584K), 0.0040983 secs] [Times: user=0.02 sys=0.00, real=0.00 secs] 
962.698: [GC (Allocation Failure) [PSYoungGen: 68960K->1408K(68608K)] 400105K->332553K(579072K), 0.0033583 secs] [Times: user=0.01 sys=0.00, real=0.00 secs] 
963.223: [GC (Allocation Failure) [PSYoungGen: 68480K->1344K(68096K)] 399625K->332489K(578560K), 0.0032617 secs] [Times: user=0.01 sys=0.00, real=0.01 secs] 
963.754: [GC (Allocation Failure) [PSYoungGen: 67904K->1469K(67584K)] 399049K->332615K(578048K), 0.0019636 secs] [Times: user=0.01 sys=0.00, real=0.01 secs] 
963.892: [GC (Allocation Failure) [PSYoungGen: 67517K->1488K(67072K)] 398663K->332634K(577536K), 0.0016599 secs] [Times: user=0.00 sys=0.00, real=0.00 secs] 
964.008: [GC (Allocation Failure) [PSYoungGen: 67024K->1501K(66560K)] 398170K->332655K(577024K), 0.0015677 secs] [Times: user=0.01 sys=0.00, real=0.00 secs] 
964.122: [GC (Allocation Failure) [PSYoungGen: 66525K->1501K(67072K)] 397679K->332655K(577536K), 0.0018500 secs] [Times: user=0.01 sys=0.00, real=0.00 secs] 
964.402: [GC (Allocation Failure) [PSYoungGen: 66525K->1424K(66048K)] 397679K->332585K(576512K), 0.0018046 secs] [Times: user=0.01 sys=0.00, real=0.00 secs] 
964.893: [GC (Allocation Failure) [PSYoungGen: 65936K->1408K(65536K)] 397097K->332569K(576000K), 0.0019044 secs] [Times: user=0.01 sys=0.00, real=0.00 secs] 
965.429: [GC (Allocation Failure) [PSYoungGen: 65408K->1344K(65024K)] 396569K->332505K(575488K), 0.0018072 secs] [Times: user=0.01 sys=0.00, real=0.00 secs] 
966.047: [GC (Allocation Failure) [PSYoungGen: 64832K->1408K(64512K)] 395993K->332569K(574976K), 0.0042290 secs] [Times: user=0.01 sys=0.00, real=0.00 secs] 
966.628: [GC (Allocation Failure) [PSYoungGen: 64384K->1437K(64000K)] 395545K->332599K(574464K), 0.0028091 secs] [Times: user=0.01 sys=0.00, real=0.00 secs] 
966.798: [GC (Allocation Failure) [PSYoungGen: 63901K->1472K(63488K)] 395063K->332634K(573952K), 0.0016716 secs] [Times: user=0.01 sys=0.00, real=0.00 secs] 
966.907: [GC (Allocation Failure) [PSYoungGen: 63424K->1533K(62976K)] 394586K->332695K(573440K), 0.0016458 secs] [Times: user=0.01 sys=0.00, real=0.00 secs] 
967.015: [GC (Allocation Failure) [PSYoungGen: 62973K->1488K(63488K)] 394135K->332666K(573952K), 0.0016119 secs] [Times: user=0.00 sys=0.00, real=0.01 secs] 
967.121: [GC (Allocation Failure) [PSYoungGen: 62928K->160K(63488K)] 394106K->331353K(573952K), 0.0014151 secs] [Times: user=0.01 sys=0.00, real=0.00 secs] 
967.488: [GC (Allocation Failure) [PSYoungGen: 61600K->1344K(62464K)] 392793K->332537K(572928K), 0.0021817 secs] [Times: user=0.01 sys=0.00, real=0.00 secs] 
967.826: [GC (Allocation Failure) [PSYoungGen: 62272K->1344K(61952K)] 393465K->332537K(572416K), 0.0023056 secs] [Times: user=0.01 sys=0.00, real=0.00 secs] 
968.083: [GC (Allocation Failure) [PSYoungGen: 61760K->1392K(61440K)] 392953K->332585K(571904K), 0.0018288 secs] [Times: user=0.01 sys=0.00, real=0.00 secs] 
968.338: [GC (Allocation Failure) [PSYoungGen: 61296K->1376K(60928K)] 392489K->332569K(571392K), 0.0018996 secs] [Times: user=0.01 sys=0.00, real=0.00 secs] 
968.600: [GC (Allocation Failure) [PSYoungGen: 60768K->1437K(60416K)] 391961K->332631K(570880K), 0.0019313 secs] [Times: user=0.01 sys=0.00, real=0.00 secs] 
968.712: [GC (Allocation Failure) [PSYoungGen: 60317K->1440K(60416K)] 391511K->332634K(570880K), 0.0017502 secs] [Times: user=0.01 sys=0.00, real=0.00 secs] 
968.816: [GC (Allocation Failure) [PSYoungGen: 60320K->1424K(66560K)] 391514K->332634K(577024K), 0.0014880 secs] [Times: user=0.00 sys=0.00, real=0.00 secs] 
968.929: [GC (Allocation Failure) [PSYoungGen: 66448K->1533K(67072K)] 397658K->332743K(577536K), 0.0017227 secs] [Times: user=0.00 sys=0.00, real=0.00 secs] 
969.126: [GC (Allocation Failure) [PSYoungGen: 66557K->1440K(74240K)] 397767K->332649K(584704K), 0.0019339 secs] [Times: user=0.01 sys=0.00, real=0.00 secs] 
969.494: [GC (Allocation Failure) [PSYoungGen: 73632K->1392K(74240K)] 404841K->332601K(584704K), 0.0020573 secs] [Times: user=0.01 sys=0.00, real=0.01 secs] 
969.966: [GC (Allocation Failure) [PSYoungGen: 73584K->1360K(73216K)] 404793K->332569K(583680K), 0.0026921 secs] [Times: user=0.01 sys=0.00, real=0.00 secs] 
970.316: [GC (Allocation Failure) [PSYoungGen: 73040K->1408K(72704K)] 404249K->332617K(583168K), 0.0021669 secs] [Times: user=0.01 sys=0.00, real=0.00 secs] 
970.628: [GC (Allocation Failure) [PSYoungGen: 72576K->1437K(72192K)] 403785K->332647K(582656K), 0.0018410 secs] [Times: user=0.01 sys=0.00, real=0.00 secs] 
970.795: [GC (Allocation Failure) [PSYoungGen: 72093K->1469K(71680K)] 403303K->332679K(582144K), 0.0020229 secs] [Times: user=0.01 sys=0.00, real=0.01 secs] 
970.950: [GC (Allocation Failure) [PSYoungGen: 71613K->1501K(71168K)] 402823K->332711K(581632K), 0.0019712 secs] [Times: user=0.01 sys=0.00, real=0.00 secs] 
971.117: [GC (Allocation Failure) [PSYoungGen: 71133K->1469K(78336K)] 402343K->332687K(588800K), 0.0021219 secs] [Times: user=0.01 sys=0.00, real=0.00 secs] 
972.614: [GC (Allocation Failure) [PSYoungGen: 78269K->1408K(77824K)] 409487K->332625K(588288K), 0.0049078 secs] [Times: user=0.02 sys=0.00, real=0.01 secs] 
973.682: [GC (Allocation Failure) [PSYoungGen: 77696K->1408K(77312K)] 408913K->332625K(587776K), 0.0028422 secs] [Times: user=0.01 sys=0.00, real=0.00 secs] 
973.995: [GC (Allocation Failure) [PSYoungGen: 77184K->1344K(76800K)] 408401K->332561K(587264K), 0.0020859 secs] [Times: user=0.00 sys=0.00, real=0.01 secs] 
974.418: [GC (Allocation Failure) [PSYoungGen: 76608K->1408K(76288K)] 407825K->332625K(586752K), 0.0018622 secs] [Times: user=0.01 sys=0.00, real=0.00 secs] 
974.632: [GC (Allocation Failure) [PSYoungGen: 76160K->1501K(75776K)] 407377K->332727K(586240K), 0.0015552 secs] [Times: user=0.01 sys=0.00, real=0.00 secs] 
974.785: [GC (Allocation Failure) [PSYoungGen: 75741K->1469K(75264K)] 406967K->332695K(585728K), 0.0019259 secs] [Times: user=0.00 sys=0.00, real=0.01 secs] 
974.944: [GC (Allocation Failure) [PSYoungGen: 75197K->1456K(74752K)] 406423K->332682K(585216K), 0.0016666 secs] [Times: user=0.01 sys=0.00, real=0.00 secs] 
975.291: [GC (Allocation Failure) [PSYoungGen: 74672K->1424K(74240K)] 405898K->332657K(584704K), 0.0020310 secs] [Times: user=0.00 sys=0.00, real=0.00 secs] 
975.916: [GC (Allocation Failure) [PSYoungGen: 74128K->1408K(73728K)] 405361K->332641K(584192K), 0.0018078 secs] [Times: user=0.00 sys=0.00, real=0.00 secs] 
976.234: [GC (Allocation Failure) [PSYoungGen: 73600K->1376K(73216K)] 404833K->332617K(583680K), 0.0038545 secs] [Times: user=0.02 sys=0.00, real=0.01 secs] 
976.534: [GC (Allocation Failure) [PSYoungGen: 73056K->1376K(72704K)] 404297K->332617K(583168K), 0.0020480 secs] [Times: user=0.00 sys=0.00, real=0.01 secs] 
976.774: [GC (Allocation Failure) [PSYoungGen: 72544K->1469K(72192K)] 403785K->332711K(582656K), 0.0016743 secs] [Times: user=0.01 sys=0.00, real=0.01 secs] 
976.899: [GC (Allocation Failure) [PSYoungGen: 72111K->1453K(71680K)] 403353K->332695K(582144K), 0.0016584 secs] [Times: user=0.01 sys=0.00, real=0.00 secs] 
977.021: [GC (Allocation Failure) [PSYoungGen: 71594K->1453K(71168K)] 402836K->332695K(581632K), 0.0016231 secs] [Times: user=0.01 sys=0.00, real=0.00 secs] 
977.144: [GC (Allocation Failure) [PSYoungGen: 71085K->1485K(71680K)] 402327K->332727K(582144K), 0.0015478 secs] [Times: user=0.01 sys=0.00, real=0.00 secs] 
978.269: [GC (Allocation Failure) [PSYoungGen: 71117K->1392K(70656K)] 402359K->332649K(581120K), 0.0049961 secs] [Times: user=0.02 sys=0.00, real=0.00 secs] 
979.159: [GC (Allocation Failure) [PSYoungGen: 70512K->1440K(70144K)] 401769K->332697K(580608K), 0.0031845 secs] [Times: user=0.01 sys=0.00, real=0.00 secs] 
979.823: [GC (Allocation Failure) [PSYoungGen: 70048K->1408K(69632K)] 401305K->332665K(580096K), 0.0025804 secs] [Times: user=0.01 sys=0.00, real=0.00 secs] 
980.433: [GC (Allocation Failure) [PSYoungGen: 69504K->1376K(69120K)] 400761K->332633K(579584K), 0.0028373 secs] [Times: user=0.01 sys=0.00, real=0.01 secs] 
980.774: [GC (Allocation Failure) [PSYoungGen: 68960K->1469K(68608K)] 400217K->332727K(579072K), 0.0020439 secs] [Times: user=0.01 sys=0.00, real=0.01 secs] 
980.901: [GC (Allocation Failure) [PSYoungGen: 68538K->1485K(68096K)] 399796K->332743K(578560K), 0.0015257 secs] [Times: user=0.01 sys=0.00, real=0.00 secs] 
981.017: [GC (Allocation Failure) [PSYoungGen: 68045K->1469K(67584K)] 399303K->332727K(578048K), 0.0015672 secs] [Times: user=0.00 sys=0.00, real=0.00 secs] 
981.133: [GC (Allocation Failure) [PSYoungGen: 67517K->1453K(68096K)] 398775K->332727K(578560K), 0.0015781 secs] [Times: user=0.01 sys=0.00, real=0.00 secs] 
981.541: [GC (Allocation Failure) [PSYoungGen: 67501K->1408K(67072K)] 398775K->332681K(577536K), 0.0020440 secs] [Times: user=0.01 sys=0.00, real=0.00 secs] 
981.814: [GC (Allocation Failure) [PSYoungGen: 66944K->1376K(66560K)] 398217K->332649K(577024K), 0.0020024 secs] [Times: user=0.00 sys=0.01, real=0.01 secs] 
982.084: [GC (Allocation Failure) [PSYoungGen: 66400K->1344K(66048K)] 397673K->332617K(576512K), 0.0027729 secs] [Times: user=0.01 sys=0.00, real=0.01 secs] 
982.354: [GC (Allocation Failure) [PSYoungGen: 65856K->1408K(65536K)] 397129K->332681K(576000K), 0.0019389 secs] [Times: user=0.00 sys=0.00, real=0.01 secs] 
982.557: [GC (Allocation Failure) [PSYoungGen: 65408K->1437K(65024K)] 396681K->332711K(575488K), 0.0015813 secs] [Times: user=0.01 sys=0.00, real=0.00 secs] 
982.669: [GC (Allocation Failure) [PSYoungGen: 64925K->493K(65024K)] 396199K->332791K(575488K), 0.0016909 secs] [Times: user=0.01 sys=0.00, real=0.00 secs] 
982.781: [GC (Allocation Failure) [PSYoungGen: 65005K->493K(66560K)] 397303K->332791K(577024K), 0.0015327 secs] [Times: user=0.00 sys=0.00, real=0.00 secs] 
982.911: [GC (Allocation Failure) [PSYoungGen: 65005K->429K(73728K)] 397303K->332735K(584192K), 0.0018558 secs] [Times: user=0.01 sys=0.00, real=0.00 secs] 
983.798: [GC (Allocation Failure) [PSYoungGen: 72109K->1392K(73728K)] 404415K->333697K(584192K), 0.0042097 secs] [Times: user=0.02 sys=0.00, real=0.00 secs] 
984.726: [GC (Allocation Failure) [PSYoungGen: 73072K->1408K(72704K)] 405377K->333713K(583168K), 0.0041196 secs] [Times: user=0.02 sys=0.00, real=0.00 secs] 
985.589: [GC (Allocation Failure) [PSYoungGen: 72576K->1408K(72192K)] 404881K->333713K(582656K), 0.0039221 secs] [Times: user=0.02 sys=0.00, real=0.00 secs] 
986.453: [GC (Allocation Failure) [PSYoungGen: 72064K->1360K(71680K)] 404369K->333665K(582144K), 0.0030214 secs] [Times: user=0.01 sys=0.00, real=0.01 secs] 
987.052: [GC (Allocation Failure) [PSYoungGen: 71504K->1520K(71168K)] 403809K->333826K(581632K), 0.0022802 secs] [Times: user=0.01 sys=0.00, real=0.00 secs] 
987.235: [GC (Allocation Failure) [PSYoungGen: 71152K->1501K(70656K)] 403458K->333807K(581120K), 0.0021236 secs] [Times: user=0.00 sys=0.00, real=0.01 secs] 
987.421: [GC (Allocation Failure) [PSYoungGen: 70621K->1485K(70144K)] 402927K->333791K(580608K), 0.0023316 secs] [Times: user=0.01 sys=0.00, real=0.00 secs] 
987.622: [GC (Allocation Failure) [PSYoungGen: 70088K->1437K(69632K)] 402394K->333767K(580096K), 0.0023505 secs] [Times: user=0.01 sys=0.00, real=0.00 secs] 
989.448: [GC (Allocation Failure) [PSYoungGen: 69533K->1392K(69120K)] 401863K->333721K(579584K), 0.0041816 secs] [Times: user=0.02 sys=0.01, real=0.00 secs] 
990.703: [GC (Allocation Failure) [PSYoungGen: 68976K->1360K(68608K)] 401305K->333689K(579072K), 0.0045294 secs] [Times: user=0.01 sys=0.00, real=0.01 secs] 
991.359: [GC (Allocation Failure) [PSYoungGen: 68432K->1376K(68096K)] 400761K->333705K(578560K), 0.0039788 secs] [Times: user=0.01 sys=0.00, real=0.00 secs] 
991.885: [GC (Allocation Failure) [PSYoungGen: 67936K->1408K(67584K)] 400265K->333737K(578048K), 0.0023824 secs] [Times: user=0.01 sys=0.00, real=0.01 secs] 
992.167: [GC (Allocation Failure) [PSYoungGen: 67456K->1389K(67072K)] 399785K->333719K(577536K), 0.0017541 secs] [Times: user=0.01 sys=0.01, real=0.00 secs] 
992.282: [GC (Allocation Failure) [PSYoungGen: 66894K->1472K(66560K)] 399223K->333802K(577024K), 0.0016073 secs] [Times: user=0.01 sys=0.00, real=0.00 secs] 
992.414: [GC (Allocation Failure) [PSYoungGen: 66496K->1501K(66048K)] 398826K->333831K(576512K), 0.0018846 secs] [Times: user=0.01 sys=0.00, real=0.00 secs] 
992.565: [GC (Allocation Failure) [PSYoungGen: 66013K->1469K(72704K)] 398343K->333807K(583168K), 0.0019243 secs] [Times: user=0.01 sys=0.00, real=0.01 secs] 
994.139: [GC (Allocation Failure) [PSYoungGen: 72637K->1360K(72192K)] 404975K->333697K(582656K), 0.0039249 secs] [Times: user=0.02 sys=0.00, real=0.00 secs] 
994.848: [GC (Allocation Failure) [PSYoungGen: 72016K->1408K(71680K)] 404353K->333745K(582144K), 0.0030603 secs] [Times: user=0.01 sys=0.00, real=0.00 secs] 
995.308: [GC (Allocation Failure) [PSYoungGen: 71552K->1376K(71168K)] 403889K->333713K(581632K), 0.0019053 secs] [Times: user=0.01 sys=0.00, real=0.00 secs] 
995.629: [GC (Allocation Failure) [PSYoungGen: 71008K->1408K(70656K)] 403345K->333745K(581120K), 0.0019679 secs] [Times: user=0.00 sys=0.01, real=0.00 secs] 
995.851: [GC (Allocation Failure) [PSYoungGen: 70528K->1424K(70144K)] 402865K->333762K(580608K), 0.0016752 secs] [Times: user=0.01 sys=0.00, real=0.00 secs] 
995.971: [GC (Allocation Failure) [PSYoungGen: 70032K->1424K(69632K)] 402370K->333762K(580096K), 0.0016236 secs] [Times: user=0.01 sys=0.00, real=0.00 secs] 
996.094: [GC (Allocation Failure) [PSYoungGen: 69520K->1533K(69120K)] 401858K->333871K(579584K), 0.0016564 secs] [Times: user=0.00 sys=0.00, real=0.01 secs] 
996.216: [GC (Allocation Failure) [PSYoungGen: 69117K->333K(69632K)] 401455K->332687K(580096K), 0.0016842 secs] [Times: user=0.00 sys=0.00, real=0.00 secs] 
996.586: [GC (Allocation Failure) [PSYoungGen: 67917K->1456K(68608K)] 400271K->333809K(579072K), 0.0017439 secs] [Times: user=0.00 sys=0.00, real=0.01 secs] 
996.869: [GC (Allocation Failure) [PSYoungGen: 68528K->1408K(68096K)] 400881K->333761K(578560K), 0.0018002 secs] [Times: user=0.01 sys=0.00, real=0.00 secs] 
997.154: [GC (Allocation Failure) [PSYoungGen: 67968K->1408K(67584K)] 400321K->333777K(578048K), 0.0019501 secs] [Times: user=0.00 sys=0.00, real=0.01 secs] 
997.473: [GC (Allocation Failure) [PSYoungGen: 67456K->1376K(67072K)] 399825K->333745K(577536K), 0.0024702 secs] [Times: user=0.00 sys=0.00, real=0.01 secs] 
997.721: [GC (Allocation Failure) [PSYoungGen: 66912K->1501K(66560K)] 399281K->333871K(577024K), 0.0019546 secs] [Times: user=0.01 sys=0.00, real=0.00 secs] 
997.873: [GC (Allocation Failure) [PSYoungGen: 66525K->1437K(66048K)] 398895K->333807K(576512K), 0.0020551 secs] [Times: user=0.01 sys=0.00, real=0.00 secs] 
998.011: [GC (Allocation Failure) [PSYoungGen: 65949K->1469K(65536K)] 398319K->333839K(576000K), 0.0015787 secs] [Times: user=0.00 sys=0.00, real=0.00 secs] 
998.124: [GC (Allocation Failure) [PSYoungGen: 65469K->1469K(66048K)] 397839K->333847K(576512K), 0.0017815 secs] [Times: user=0.00 sys=0.00, real=0.00 secs] 
999.127: [GC (Allocation Failure) [PSYoungGen: 65469K->1408K(65024K)] 397847K->333785K(575488K), 0.0029516 secs] [Times: user=0.01 sys=0.00, real=0.00 secs] 
999.719: [GC (Allocation Failure) [PSYoungGen: 64896K->1344K(64512K)] 397273K->333721K(574976K), 0.0031284 secs] [Times: user=0.02 sys=0.00, real=0.00 secs] 
1000.466: [GC (Allocation Failure) [PSYoungGen: 64320K->1376K(64000K)] 396697K->333753K(574464K), 0.0027123 secs] [Times: user=0.01 sys=0.00, real=0.01 secs] 
1001.212: [GC (Allocation Failure) [PSYoungGen: 63840K->1376K(63488K)] 396217K->333753K(573952K), 0.0027400 secs] [Times: user=0.01 sys=0.00, real=0.00 secs] 
1001.977: [GC (Allocation Failure) [PSYoungGen: 63328K->1437K(62976K)] 395705K->333815K(573440K), 0.0026577 secs] [Times: user=0.01 sys=0.01, real=0.00 secs] 
1002.149: [GC (Allocation Failure) [PSYoungGen: 62877K->1453K(62464K)] 395255K->333831K(572928K), 0.0017470 secs] [Times: user=0.00 sys=0.00, real=0.00 secs] 
1002.258: [GC (Allocation Failure) [PSYoungGen: 62381K->1485K(61952K)] 394759K->333863K(572416K), 0.0016149 secs] [Times: user=0.00 sys=0.00, real=0.00 secs] 
1002.365: [GC (Allocation Failure) [PSYoungGen: 61901K->1488K(62464K)] 394279K->333874K(572928K), 0.0015158 secs] [Times: user=0.01 sys=0.00, real=0.01 secs] 
1002.522: [GC (Allocation Failure) [PSYoungGen: 61904K->1952K(62464K)] 394290K->334337K(572928K), 0.0018306 secs] [Times: user=0.01 sys=0.00, real=0.00 secs] 
1002.804: [GC (Allocation Failure) [PSYoungGen: 62368K->1376K(61440K)] 394753K->333761K(571904K), 0.0020979 secs] [Times: user=0.01 sys=0.00, real=0.01 secs] 
1003.109: [GC (Allocation Failure) [PSYoungGen: 61280K->1408K(60928K)] 393665K->333793K(571392K), 0.0021338 secs] [Times: user=0.01 sys=0.00, real=0.00 secs] 
1003.412: [GC (Allocation Failure) [PSYoungGen: 60800K->1328K(60416K)] 393185K->333713K(570880K), 0.0020833 secs] [Times: user=0.00 sys=0.00, real=0.00 secs] 
1003.702: [GC (Allocation Failure) [PSYoungGen: 60208K->1344K(60416K)] 392593K->333729K(570880K), 0.0020406 secs] [Times: user=0.00 sys=0.00, real=0.00 secs] 
1003.959: [GC (Allocation Failure) [PSYoungGen: 60224K->1469K(60416K)] 392609K->333855K(570880K), 0.0015268 secs] [Times: user=0.01 sys=0.00, real=0.00 secs] 
1004.065: [GC (Allocation Failure) [PSYoungGen: 60349K->1501K(60416K)] 392735K->333887K(570880K), 0.0017678 secs] [Times: user=0.01 sys=0.00, real=0.01 secs] 
1004.169: [GC (Allocation Failure) [PSYoungGen: 60381K->1453K(65024K)] 392767K->333847K(575488K), 0.0016956 secs] [Times: user=0.01 sys=0.00, real=0.00 secs] 
1004.280: [GC (Allocation Failure) [PSYoungGen: 64941K->1501K(65536K)] 397335K->333895K(576000K), 0.0015992 secs] [Times: user=0.01 sys=0.00, real=0.00 secs] 
1004.445: [GC (Allocation Failure) [PSYoungGen: 64989K->1920K(72704K)] 397383K->334313K(583168K), 0.0020819 secs] [Times: user=0.01 sys=0.00, real=0.01 secs] 
1005.074: [GC (Allocation Failure) [PSYoungGen: 72576K->1344K(72704K)] 404969K->333753K(583168K), 0.0020857 secs] [Times: user=0.00 sys=0.00, real=0.01 secs] 
1005.849: [GC (Allocation Failure) [PSYoungGen: 72000K->1344K(71680K)] 404409K->333753K(582144K), 0.0029765 secs] [Times: user=0.01 sys=0.01, real=0.00 secs] 
1006.729: [GC (Allocation Failure) [PSYoungGen: 71488K->1408K(71168K)] 403897K->333817K(581632K), 0.0044349 secs] [Times: user=0.02 sys=0.00, real=0.00 secs] 
1007.603: [GC (Allocation Failure) [PSYoungGen: 71040K->1501K(70656K)] 403449K->333911K(581120K), 0.0038879 secs] [Times: user=0.02 sys=0.00, real=0.01 secs] 
1007.818: [GC (Allocation Failure) [PSYoungGen: 70621K->1501K(70144K)] 403031K->333911K(580608K), 0.0020378 secs] [Times: user=0.00 sys=0.00, real=0.00 secs] 
1007.944: [GC (Allocation Failure) [PSYoungGen: 70109K->1504K(69632K)] 402519K->333930K(580096K), 0.0016309 secs] [Times: user=0.01 sys=0.00, real=0.00 secs] 
1008.082: [GC (Allocation Failure) [PSYoungGen: 69600K->1485K(69120K)] 402026K->333911K(579584K), 0.0018097 secs] [Times: user=0.00 sys=0.00, real=0.00 secs] 
1008.343: [GC (Allocation Failure) [PSYoungGen: 69069K->1392K(68608K)] 401495K->333817K(579072K), 0.0019464 secs] [Times: user=0.01 sys=0.00, real=0.00 secs] 
1008.795: [GC (Allocation Failure) [PSYoungGen: 68464K->1376K(68096K)] 400889K->333801K(578560K), 0.0022531 secs] [Times: user=0.01 sys=0.00, real=0.01 secs] 
1009.334: [GC (Allocation Failure) [PSYoungGen: 67936K->1344K(67584K)] 400361K->333769K(578048K), 0.0024968 secs] [Times: user=0.01 sys=0.01, real=0.01 secs] 
1009.894: [GC (Allocation Failure) [PSYoungGen: 67392K->1328K(67072K)] 399817K->333753K(577536K), 0.0028093 secs] [Times: user=0.01 sys=0.00, real=0.01 secs] 
1010.404: [GC (Allocation Failure) [PSYoungGen: 66864K->1392K(66560K)] 399289K->333818K(577024K), 0.0030336 secs] [Times: user=0.01 sys=0.00, real=0.01 secs] 
1010.636: [GC (Allocation Failure) [PSYoungGen: 66416K->1469K(66048K)] 398842K->333895K(576512K), 0.0020727 secs] [Times: user=0.01 sys=0.00, real=0.00 secs] 
1010.764: [GC (Allocation Failure) [PSYoungGen: 65981K->1424K(65536K)] 398407K->333850K(576000K), 0.0016571 secs] [Times: user=0.00 sys=0.00, real=0.00 secs] 
1010.877: [GC (Allocation Failure) [PSYoungGen: 65424K->1469K(72192K)] 397850K->333911K(582656K), 0.0018649 secs] [Times: user=0.01 sys=0.00, real=0.00 secs] 
1011.077: [GC (Allocation Failure) [PSYoungGen: 72125K->1440K(72704K)] 404567K->333881K(583168K), 0.0020067 secs] [Times: user=0.01 sys=0.00, real=0.00 secs] 
1011.639: [GC (Allocation Failure) [PSYoungGen: 72096K->1376K(71680K)] 404537K->333817K(582144K), 0.0026283 secs] [Times: user=0.01 sys=0.00, real=0.00 secs] 
1012.234: [GC (Allocation Failure) [PSYoungGen: 71520K->1392K(71168K)] 403961K->333833K(581632K), 0.0028685 secs] [Times: user=0.01 sys=0.00, real=0.01 secs] 
1012.913: [GC (Allocation Failure) [PSYoungGen: 71024K->1376K(70656K)] 403465K->333817K(581120K), 0.0025726 secs] [Times: user=0.01 sys=0.00, real=0.00 secs] 
1013.582: [GC (Allocation Failure) [PSYoungGen: 70496K->1437K(70144K)] 402937K->333879K(580608K), 0.0032399 secs] [Times: user=0.01 sys=0.00, real=0.00 secs] 
1013.787: [GC (Allocation Failure) [PSYoungGen: 70045K->1469K(69632K)] 402487K->333911K(580096K), 0.0017262 secs] [Times: user=0.01 sys=0.00, real=0.00 secs] 
1013.906: [GC (Allocation Failure) [PSYoungGen: 69565K->1488K(69120K)] 402007K->333930K(579584K), 0.0015904 secs] [Times: user=0.00 sys=0.00, real=0.00 secs] 
1014.025: [GC (Allocation Failure) [PSYoungGen: 69072K->1472K(68608K)] 401514K->333930K(579072K), 0.0016739 secs] [Times: user=0.01 sys=0.00, real=0.01 secs] 
1014.266: [GC (Allocation Failure) [PSYoungGen: 68544K->1424K(68096K)] 401002K->333881K(578560K), 0.0021014 secs] [Times: user=0.01 sys=0.00, real=0.01 secs] 
1014.863: [GC (Allocation Failure) [PSYoungGen: 67984K->1376K(67584K)] 400441K->333833K(578048K), 0.0022757 secs] [Times: user=0.01 sys=0.01, real=0.00 secs] 
1015.394: [GC (Allocation Failure) [PSYoungGen: 67424K->1376K(67072K)] 399881K->333833K(577536K), 0.0023712 secs] [Times: user=0.01 sys=0.00, real=0.01 secs] 
1015.945: [GC (Allocation Failure) [PSYoungGen: 66912K->1408K(66560K)] 399369K->333865K(577024K), 0.0027366 secs] [Times: user=0.01 sys=0.00, real=0.01 secs] 
1016.457: [GC (Allocation Failure) [PSYoungGen: 66432K->1424K(66048K)] 398889K->333882K(576512K), 0.0027893 secs] [Times: user=0.01 sys=0.00, real=0.00 secs] 
1016.626: [GC (Allocation Failure) [PSYoungGen: 65936K->1440K(65536K)] 398394K->333898K(576000K), 0.0016117 secs] [Times: user=0.00 sys=0.00, real=0.00 secs] 
1016.743: [GC (Allocation Failure) [PSYoungGen: 65440K->1389K(65024K)] 397898K->333847K(575488K), 0.0015177 secs] [Times: user=0.01 sys=0.00, real=0.00 secs] 
1016.855: [GC (Allocation Failure) [PSYoungGen: 64877K->1453K(64512K)] 397335K->333919K(574976K), 0.0015875 secs] [Times: user=0.01 sys=0.00, real=0.01 secs] 
1017.024: [GC (Allocation Failure) [PSYoungGen: 64247K->496K(64512K)] 396713K->334025K(574976K), 0.0018187 secs] [Times: user=0.00 sys=0.00, real=0.01 secs] 
1017.633: [GC (Allocation Failure) [PSYoungGen: 64496K->336K(64000K)] 398025K->333865K(574464K), 0.0039625 secs] [Times: user=0.02 sys=0.00, real=0.01 secs] 
1018.384: [GC (Allocation Failure) [PSYoungGen: 63824K->352K(64512K)] 397353K->333881K(574976K), 0.0038821 secs] [Times: user=0.01 sys=0.00, real=0.01 secs] 
1019.243: [GC (Allocation Failure) [PSYoungGen: 63328K->352K(62976K)] 396857K->333881K(573440K), 0.0042193 secs] [Times: user=0.02 sys=0.00, real=0.01 secs] 
1020.081: [GC (Allocation Failure) [PSYoungGen: 62816K->320K(63488K)] 396345K->333849K(573952K), 0.0041938 secs] [Times: user=0.01 sys=0.00, real=0.00 secs] 
1020.510: [GC (Allocation Failure) [PSYoungGen: 62272K->1437K(63488K)] 395801K->334967K(573952K), 0.0021608 secs] [Times: user=0.00 sys=0.00, real=0.00 secs] 
1020.649: [GC (Allocation Failure) [PSYoungGen: 62877K->1485K(62976K)] 396407K->335015K(573440K), 0.0015749 secs] [Times: user=0.00 sys=0.00, real=0.00 secs] 
1020.755: [GC (Allocation Failure) [PSYoungGen: 62413K->1421K(61952K)] 395943K->334959K(572416K), 0.0015757 secs] [Times: user=0.01 sys=0.00, real=0.01 secs] 
1020.864: [GC (Allocation Failure) [PSYoungGen: 61837K->1469K(62976K)] 395375K->335007K(573440K), 0.0016781 secs] [Times: user=0.01 sys=0.00, real=0.00 secs] 
1021.616: [GC (Allocation Failure) [PSYoungGen: 61885K->1472K(61440K)] 395423K->335009K(571904K), 0.0025985 secs] [Times: user=0.01 sys=0.00, real=0.00 secs] 
1021.864: [GC (Allocation Failure) [PSYoungGen: 61376K->1408K(61440K)] 394913K->334945K(571904K), 0.0020796 secs] [Times: user=0.00 sys=0.00, real=0.01 secs] 
1022.111: [GC (Allocation Failure) [PSYoungGen: 60800K->1408K(60416K)] 394337K->334945K(570880K), 0.0019965 secs] [Times: user=0.01 sys=0.00, real=0.00 secs] 
1022.356: [GC (Allocation Failure) [PSYoungGen: 60288K->1408K(61440K)] 393825K->334945K(571904K), 0.0018217 secs] [Times: user=0.01 sys=0.00, real=0.01 secs] 
1022.600: [GC (Allocation Failure) [PSYoungGen: 60288K->1408K(60416K)] 393825K->334945K(570880K), 0.0018125 secs] [Times: user=0.01 sys=0.00, real=0.00 secs] 
1022.792: [GC (Allocation Failure) [PSYoungGen: 60288K->1501K(60928K)] 393825K->335039K(571392K), 0.0016313 secs] [Times: user=0.01 sys=0.00, real=0.00 secs] 
1022.911: [GC (Allocation Failure) [PSYoungGen: 60381K->1437K(60928K)] 393919K->334983K(571392K), 0.0017189 secs] [Times: user=0.00 sys=0.00, real=0.00 secs] 
1023.042: [GC (Allocation Failure) [PSYoungGen: 60317K->1437K(60928K)] 393863K->334983K(571392K), 0.0019206 secs] [Times: user=0.01 sys=0.00, real=0.00 secs] 
1023.153: [GC (Allocation Failure) [PSYoungGen: 60317K->1424K(60928K)] 393863K->334970K(571392K), 0.0016064 secs] [Times: user=0.01 sys=0.00, real=0.00 secs] 
1023.621: [GC (Allocation Failure) [PSYoungGen: 60304K->1440K(66560K)] 393850K->334985K(577024K), 0.0040070 secs] [Times: user=0.02 sys=0.00, real=0.00 secs] 
1024.763: [GC (Allocation Failure) [PSYoungGen: 66464K->1376K(66048K)] 400009K->334921K(576512K), 0.0044676 secs] [Times: user=0.02 sys=0.00, real=0.01 secs] 
1025.674: [GC (Allocation Failure) [PSYoungGen: 65888K->1408K(65536K)] 399433K->334953K(576000K), 0.0031764 secs] [Times: user=0.01 sys=0.00, real=0.01 secs] 
1026.669: [GC (Allocation Failure) [PSYoungGen: 65408K->1376K(65024K)] 398953K->334921K(575488K), 0.0028473 secs] [Times: user=0.01 sys=0.00, real=0.00 secs] 
1027.671: [GC (Allocation Failure) [PSYoungGen: 64864K->1344K(64512K)] 398409K->334889K(574976K), 0.0027384 secs] [Times: user=0.01 sys=0.00, real=0.00 secs] 
1028.032: [GC (Allocation Failure) [PSYoungGen: 64320K->1469K(64000K)] 397865K->335015K(574464K), 0.0019175 secs] [Times: user=0.00 sys=0.00, real=0.00 secs] 
1028.158: [GC (Allocation Failure) [PSYoungGen: 63933K->1421K(63488K)] 397479K->334999K(573952K), 0.0015696 secs] [Times: user=0.00 sys=0.00, real=0.00 secs] 
1028.266: [GC (Allocation Failure) [PSYoungGen: 63373K->1472K(62976K)] 396951K->335050K(573440K), 0.0017239 secs] [Times: user=0.00 sys=0.00, real=0.00 secs] 
1028.375: [GC (Allocation Failure) [PSYoungGen: 62912K->1501K(63488K)] 396490K->335079K(573952K), 0.0016965 secs] [Times: user=0.00 sys=0.00, real=0.01 secs] 
1028.894: [GC (Allocation Failure) [PSYoungGen: 62941K->1408K(62464K)] 396519K->334985K(572928K), 0.0019987 secs] [Times: user=0.00 sys=0.00, real=0.01 secs] 
1029.205: [GC (Allocation Failure) [PSYoungGen: 62336K->1344K(61952K)] 395913K->334921K(572416K), 0.0018519 secs] [Times: user=0.01 sys=0.00, real=0.01 secs] 
1029.494: [GC (Allocation Failure) [PSYoungGen: 61760K->1408K(61440K)] 395337K->334985K(571904K), 0.0019671 secs] [Times: user=0.01 sys=0.00, real=0.01 secs] 
1029.744: [GC (Allocation Failure) [PSYoungGen: 61312K->1376K(60928K)] 394889K->334953K(571392K), 0.0018175 secs] [Times: user=0.00 sys=0.00, real=0.00 secs] 
1030.008: [GC (Allocation Failure) [PSYoungGen: 60768K->1405K(60416K)] 394345K->334983K(570880K), 0.0019430 secs] [Times: user=0.01 sys=0.00, real=0.00 secs] 
1030.130: [GC (Allocation Failure) [PSYoungGen: 60285K->1453K(60928K)] 393863K->335031K(571392K), 0.0015826 secs] [Times: user=0.00 sys=0.00, real=0.00 secs] 
1030.234: [GC (Allocation Failure) [PSYoungGen: 60333K->1456K(60928K)] 393911K->335050K(571392K), 0.0017325 secs] [Times: user=0.00 sys=0.00, real=0.00 secs] 
1030.337: [GC (Allocation Failure) [PSYoungGen: 60336K->1533K(67072K)] 393930K->335127K(577536K), 0.0017803 secs] [Times: user=0.00 sys=0.00, real=0.00 secs] 
1030.452: [GC (Allocation Failure) [PSYoungGen: 66557K->1453K(67072K)] 400151K->335047K(577536K), 0.0015140 secs] [Times: user=0.01 sys=0.00, real=0.00 secs] 
1030.924: [GC (Allocation Failure) [PSYoungGen: 66477K->1408K(73216K)] 400071K->335001K(583680K), 0.0021192 secs] [Times: user=0.01 sys=0.00, real=0.01 secs] 
1031.458: [GC (Allocation Failure) [PSYoungGen: 73088K->1376K(72704K)] 406681K->334969K(583168K), 0.0022343 secs] [Times: user=0.01 sys=0.00, real=0.00 secs] 
1031.988: [GC (Allocation Failure) [PSYoungGen: 72544K->1376K(72192K)] 406137K->334969K(582656K), 0.0020510 secs] [Times: user=0.01 sys=0.00, real=0.00 secs] 
1032.488: [GC (Allocation Failure) [PSYoungGen: 72032K->1376K(71680K)] 405625K->334969K(582144K), 0.0021377 secs] [Times: user=0.01 sys=0.00, real=0.00 secs] 
1032.796: [GC (Allocation Failure) [PSYoungGen: 71520K->1472K(71168K)] 405113K->335066K(581632K), 0.0016556 secs] [Times: user=0.01 sys=0.00, real=0.00 secs] 
1032.918: [GC (Allocation Failure) [PSYoungGen: 71104K->1533K(70656K)] 404698K->335127K(581120K), 0.0016884 secs] [Times: user=0.00 sys=0.00, real=0.00 secs] 
1033.040: [GC (Allocation Failure) [PSYoungGen: 70653K->1520K(70144K)] 404247K->335146K(580608K), 0.0015354 secs] [Times: user=0.01 sys=0.00, real=0.00 secs] 
1033.171: [GC (Allocation Failure) [PSYoungGen: 70128K->1456K(71168K)] 403754K->335081K(581632K), 0.0015605 secs] [Times: user=0.01 sys=0.00, real=0.00 secs] 
1033.508: [GC (Allocation Failure) [PSYoungGen: 70576K->1392K(70144K)] 404201K->335017K(580608K), 0.0017927 secs] [Times: user=0.01 sys=0.00, real=0.00 secs] 
1033.825: [GC (Allocation Failure) [PSYoungGen: 70000K->1376K(69632K)] 403625K->335001K(580096K), 0.0019575 secs] [Times: user=0.01 sys=0.00, real=0.01 secs] 
1034.184: [GC (Allocation Failure) [PSYoungGen: 69472K->1376K(69120K)] 403097K->335001K(579584K), 0.0019523 secs] [Times: user=0.01 sys=0.00, real=0.01 secs] 
1034.471: [GC (Allocation Failure) [PSYoungGen: 68960K->1344K(68608K)] 402585K->334969K(579072K), 0.0018116 secs] [Times: user=0.00 sys=0.00, real=0.00 secs] 
1034.655: [GC (Allocation Failure) [PSYoungGen: 68416K->1533K(68096K)] 402041K->335159K(578560K), 0.0015984 secs] [Times: user=0.01 sys=0.00, real=0.01 secs] 
1034.771: [GC (Allocation Failure) [PSYoungGen: 68093K->1485K(67584K)] 401719K->335111K(578048K), 0.0016662 secs] [Times: user=0.01 sys=0.00, real=0.00 secs] 
1034.887: [GC (Allocation Failure) [PSYoungGen: 67533K->1485K(73728K)] 401159K->335111K(584192K), 0.0016442 secs] [Times: user=0.01 sys=0.00, real=0.00 secs] 
1035.090: [GC (Allocation Failure) [PSYoungGen: 73677K->1968K(74240K)] 407303K->335593K(584704K), 0.0019551 secs] [Times: user=0.01 sys=0.00, real=0.00 secs] 
1035.416: [GC (Allocation Failure) [PSYoungGen: 74160K->1376K(73216K)] 407785K->335001K(583680K), 0.0020070 secs] [Times: user=0.00 sys=0.00, real=0.01 secs] 
1035.850: [GC (Allocation Failure) [PSYoungGen: 73056K->1408K(72704K)] 406681K->335057K(583168K), 0.0020736 secs] [Times: user=0.00 sys=0.00, real=0.00 secs] 
1036.513: [GC (Allocation Failure) [PSYoungGen: 72576K->1328K(72192K)] 406225K->334977K(582656K), 0.0023556 secs] [Times: user=0.01 sys=0.00, real=0.00 secs] 
1037.057: [GC (Allocation Failure) [PSYoungGen: 71984K->1437K(71680K)] 405633K->335087K(582144K), 0.0023686 secs] [Times: user=0.01 sys=0.00, real=0.00 secs] 
1037.218: [GC (Allocation Failure) [PSYoungGen: 71581K->1453K(71168K)] 405231K->335103K(581632K), 0.0015660 secs] [Times: user=0.01 sys=0.00, real=0.00 secs] 
1037.342: [GC (Allocation Failure) [PSYoungGen: 71085K->1485K(70656K)] 404735K->335135K(581120K), 0.0016067 secs] [Times: user=0.01 sys=0.00, real=0.00 secs] 
1037.464: [GC (Allocation Failure) [PSYoungGen: 70605K->1501K(70144K)] 404255K->335167K(580608K), 0.0016329 secs] [Times: user=0.01 sys=0.01, real=0.00 secs] 
1037.749: [GC (Allocation Failure) [PSYoungGen: 70109K->1392K(69632K)] 403775K->335073K(580096K), 0.0020672 secs] [Times: user=0.01 sys=0.00, real=0.00 secs] 
1038.074: [GC (Allocation Failure) [PSYoungGen: 69488K->1376K(69120K)] 403169K->335057K(579584K), 0.0019460 secs] [Times: user=0.01 sys=0.00, real=0.00 secs] 
1038.772: [GC (Allocation Failure) [PSYoungGen: 68960K->1376K(68608K)] 402641K->335057K(579072K), 0.0022010 secs] [Times: user=0.01 sys=0.00, real=0.00 secs] 
1039.593: [GC (Allocation Failure) [PSYoungGen: 68448K->1376K(68096K)] 402129K->335057K(578560K), 0.0022894 secs] [Times: user=0.01 sys=0.00, real=0.00 secs] 
1040.242: [GC (Allocation Failure) [PSYoungGen: 67936K->1405K(67584K)] 401617K->335087K(578048K), 0.0026679 secs] [Times: user=0.01 sys=0.00, real=0.00 secs] 
1040.402: [GC (Allocation Failure) [PSYoungGen: 67453K->1421K(67072K)] 401135K->335103K(577536K), 0.0015531 secs] [Times: user=0.01 sys=0.00, real=0.00 secs] 
1040.517: [GC (Allocation Failure) [PSYoungGen: 66957K->1469K(66560K)] 400639K->335151K(577024K), 0.0016233 secs] [Times: user=0.01 sys=0.00, real=0.00 secs] 
1040.631: [GC (Allocation Failure) [PSYoungGen: 66493K->1453K(66048K)] 400175K->335151K(576512K), 0.0015153 secs] [Times: user=0.01 sys=0.00, real=0.00 secs] 
1041.013: [GC (Allocation Failure) [PSYoungGen: 65965K->1408K(65536K)] 399663K->335105K(576000K), 0.0021668 secs] [Times: user=0.00 sys=0.00, real=0.00 secs] 
1041.595: [GC (Allocation Failure) [PSYoungGen: 65408K->1408K(65024K)] 399105K->335105K(575488K), 0.0020729 secs] [Times: user=0.01 sys=0.00, real=0.01 secs] 
1041.860: [GC (Allocation Failure) [PSYoungGen: 64896K->1408K(64512K)] 398593K->335105K(574976K), 0.0023694 secs] [Times: user=0.01 sys=0.00, real=0.00 secs] 
1042.251: [GC (Allocation Failure) [PSYoungGen: 64384K->1408K(64000K)] 398081K->335105K(574464K), 0.0018011 secs] [Times: user=0.01 sys=0.00, real=0.00 secs] 
1042.669: [GC (Allocation Failure) [PSYoungGen: 63872K->1376K(63488K)] 397569K->335073K(573952K), 0.0026378 secs] [Times: user=0.01 sys=0.00, real=0.00 secs] 
1042.966: [GC (Allocation Failure) [PSYoungGen: 63328K->1469K(62976K)] 397025K->335167K(573440K), 0.0018906 secs] [Times: user=0.01 sys=0.00, real=0.00 secs] 
1043.085: [GC (Allocation Failure) [PSYoungGen: 62909K->1488K(62464K)] 396607K->335186K(572928K), 0.0016326 secs] [Times: user=0.01 sys=0.00, real=0.01 secs] 
1043.192: [GC (Allocation Failure) [PSYoungGen: 62416K->1520K(68608K)] 396114K->335226K(579072K), 0.0015834 secs] [Times: user=0.00 sys=0.00, real=0.00 secs] 
1043.310: [GC (Allocation Failure) [PSYoungGen: 68592K->1488K(70144K)] 402298K->335194K(580608K), 0.0015205 secs] [Times: user=0.00 sys=0.00, real=0.00 secs] 
1043.952: [GC (Allocation Failure) [PSYoungGen: 69584K->1424K(69120K)] 403290K->335129K(579584K), 0.0031768 secs] [Times: user=0.01 sys=0.00, real=0.00 secs] 
1044.286: [GC (Allocation Failure) [PSYoungGen: 69008K->1408K(68608K)] 402713K->335113K(579072K), 0.0029615 secs] [Times: user=0.01 sys=0.00, real=0.00 secs] 
1044.687: [GC (Allocation Failure) [PSYoungGen: 68480K->1392K(68096K)] 402185K->335097K(578560K), 0.0024677 secs] [Times: user=0.01 sys=0.00, real=0.00 secs] 
1045.338: [GC (Allocation Failure) [PSYoungGen: 67952K->1408K(67584K)] 401657K->335113K(578048K), 0.0032847 secs] [Times: user=0.01 sys=0.00, real=0.00 secs] 
1045.797: [GC (Allocation Failure) [PSYoungGen: 67456K->1501K(67072K)] 401161K->335207K(577536K), 0.0021575 secs] [Times: user=0.01 sys=0.00, real=0.00 secs] 
1045.933: [GC (Allocation Failure) [PSYoungGen: 67037K->1533K(66560K)] 400743K->335239K(577024K), 0.0016794 secs] [Times: user=0.00 sys=0.00, real=0.00 secs] 
1046.047: [GC (Allocation Failure) [PSYoungGen: 66557K->1533K(66048K)] 400263K->335255K(576512K), 0.0014821 secs] [Times: user=0.01 sys=0.00, real=0.00 secs] 
1046.160: [GC (Allocation Failure) [PSYoungGen: 66045K->1456K(72704K)] 399767K->335194K(583168K), 0.0015654 secs] [Times: user=0.00 sys=0.00, real=0.00 secs] 
1046.748: [GC (Allocation Failure) [PSYoungGen: 72112K->1408K(71680K)] 405850K->335145K(582144K), 0.0023874 secs] [Times: user=0.01 sys=0.00, real=0.00 secs] 
1047.371: [GC (Allocation Failure) [PSYoungGen: 71552K->1376K(71168K)] 405289K->335113K(581632K), 0.0037793 secs] [Times: user=0.02 sys=0.00, real=0.00 secs] 
1047.972: [GC (Allocation Failure) [PSYoungGen: 71008K->1344K(70656K)] 404745K->335081K(581120K), 0.0023429 secs] [Times: user=0.01 sys=0.00, real=0.00 secs] 
1048.868: [GC (Allocation Failure) [PSYoungGen: 70464K->1408K(70144K)] 404201K->335145K(580608K), 0.0029109 secs] [Times: user=0.01 sys=0.00, real=0.00 secs] 
1049.387: [GC (Allocation Failure) [PSYoungGen: 70016K->1517K(69632K)] 403753K->335255K(580096K), 0.0018863 secs] [Times: user=0.01 sys=0.00, real=0.00 secs] 
1049.518: [GC (Allocation Failure) [PSYoungGen: 69613K->1501K(69120K)] 403351K->335239K(579584K), 0.0017104 secs] [Times: user=0.00 sys=0.00, real=0.00 secs] 
1049.655: [GC (Allocation Failure) [PSYoungGen: 69085K->1469K(68608K)] 402823K->335207K(579072K), 0.0018057 secs] [Times: user=0.00 sys=0.00, real=0.01 secs] 
1049.803: [GC (Allocation Failure) [PSYoungGen: 68519K->1469K(68096K)] 402257K->335215K(578560K), 0.0019941 secs] [Times: user=0.01 sys=0.00, real=0.00 secs] 
1052.019: [GC (Allocation Failure) [PSYoungGen: 68029K->1408K(67584K)] 401775K->335153K(578048K), 0.0030167 secs] [Times: user=0.01 sys=0.00, real=0.00 secs] 
1052.385: [GC (Allocation Failure) [PSYoungGen: 67456K->1344K(67072K)] 401201K->335089K(577536K), 0.0028019 secs] [Times: user=0.01 sys=0.00, real=0.01 secs] 
1052.946: [GC (Allocation Failure) [PSYoungGen: 66880K->1376K(66560K)] 400625K->335121K(577024K), 0.0022412 secs] [Times: user=0.01 sys=0.00, real=0.00 secs] 
1053.505: [GC (Allocation Failure) [PSYoungGen: 66400K->1376K(66048K)] 400145K->335121K(576512K), 0.0021998 secs] [Times: user=0.01 sys=0.00, real=0.01 secs] 
1053.896: [GC (Allocation Failure) [PSYoungGen: 65888K->1485K(65536K)] 399633K->335231K(576000K), 0.0018524 secs] [Times: user=0.01 sys=0.00, real=0.00 secs] 
1054.012: [GC (Allocation Failure) [PSYoungGen: 65485K->1453K(65024K)] 399231K->335199K(575488K), 0.0015940 secs] [Times: user=0.01 sys=0.00, real=0.00 secs] 
1054.122: [GC (Allocation Failure) [PSYoungGen: 64941K->1453K(64512K)] 398687K->335199K(574976K), 0.0015283 secs] [Times: user=0.01 sys=0.00, real=0.00 secs] 
1054.234: [GC (Allocation Failure) [PSYoungGen: 64429K->1469K(65536K)] 398175K->335231K(576000K), 0.0016277 secs] [Times: user=0.00 sys=0.00, real=0.00 secs] 
1054.578: [GC (Allocation Failure) [PSYoungGen: 64957K->1472K(64512K)] 398719K->335233K(574976K), 0.0020773 secs] [Times: user=0.01 sys=0.00, real=0.00 secs] 
1054.906: [GC (Allocation Failure) [PSYoungGen: 64448K->1376K(64000K)] 398209K->335137K(574464K), 0.0034937 secs] [Times: user=0.01 sys=0.00, real=0.00 secs] 
1055.423: [GC (Allocation Failure) [PSYoungGen: 63840K->1376K(63488K)] 397601K->335137K(573952K), 0.0039010 secs] [Times: user=0.02 sys=0.00, real=0.01 secs] 
1055.897: [GC (Allocation Failure) [PSYoungGen: 63328K->1408K(62976K)] 397089K->335169K(573440K), 0.0027332 secs] [Times: user=0.01 sys=0.00, real=0.00 secs] 
1056.433: [GC (Allocation Failure) [PSYoungGen: 62848K->1376K(62464K)] 396609K->335137K(572928K), 0.0020153 secs] [Times: user=0.01 sys=0.00, real=0.00 secs] 
1056.637: [GC (Allocation Failure) [PSYoungGen: 62304K->1533K(61952K)] 396065K->335295K(572416K), 0.0016977 secs] [Times: user=0.01 sys=0.00, real=0.00 secs] 
1056.743: [GC (Allocation Failure) [PSYoungGen: 61949K->1533K(61440K)] 395711K->335295K(571904K), 0.0015920 secs] [Times: user=0.00 sys=0.00, real=0.00 secs] 
1056.848: [GC (Allocation Failure) [PSYoungGen: 61437K->1453K(68096K)] 395199K->335247K(578560K), 0.0015078 secs] [Times: user=0.00 sys=0.00, real=0.00 secs] 
1056.964: [GC (Allocation Failure) [PSYoungGen: 67501K->1501K(68096K)] 401295K->335295K(578560K), 0.0016162 secs] [Times: user=0.01 sys=0.00, real=0.01 secs] 
1057.596: [GC (Allocation Failure) [PSYoungGen: 67549K->1472K(67072K)] 401343K->335265K(577536K), 0.0017965 secs] [Times: user=0.01 sys=0.00, real=0.00 secs] 
1058.511: [GC (Allocation Failure) [PSYoungGen: 67008K->1440K(66560K)] 400801K->335233K(577024K), 0.0019843 secs] [Times: user=0.00 sys=0.00, real=0.00 secs] 
1059.125: [GC (Allocation Failure) [PSYoungGen: 66464K->1328K(66048K)] 400257K->335121K(576512K), 0.0022687 secs] [Times: user=0.01 sys=0.00, real=0.01 secs] 
1059.706: [GC (Allocation Failure) [PSYoungGen: 65840K->1376K(65536K)] 399633K->335169K(576000K), 0.0021449 secs] [Times: user=0.00 sys=0.00, real=0.00 secs] 
1060.142: [GC (Allocation Failure) [PSYoungGen: 65376K->1453K(65024K)] 399169K->335247K(575488K), 0.0020974 secs] [Times: user=0.01 sys=0.00, real=0.00 secs] 
1060.312: [GC (Allocation Failure) [PSYoungGen: 64941K->1437K(64512K)] 398735K->335231K(574976K), 0.0020630 secs] [Times: user=0.01 sys=0.00, real=0.00 secs] 
1060.458: [GC (Allocation Failure) [PSYoungGen: 64413K->1469K(64000K)] 398207K->335271K(574464K), 0.0016876 secs] [Times: user=0.01 sys=0.00, real=0.00 secs] 
1060.586: [GC (Allocation Failure) [PSYoungGen: 63933K->1501K(64512K)] 397735K->335303K(574976K), 0.0019797 secs] [Times: user=0.01 sys=0.00, real=0.00 secs] 
1060.897: [GC (Allocation Failure) [PSYoungGen: 63965K->1440K(64512K)] 397767K->335241K(574976K), 0.0036619 secs] [Times: user=0.01 sys=0.01, real=0.00 secs] 
1061.555: [GC (Allocation Failure) [PSYoungGen: 63904K->1376K(63488K)] 397705K->335177K(573952K), 0.0023653 secs] [Times: user=0.01 sys=0.00, real=0.01 secs] 
1062.091: [GC (Allocation Failure) [PSYoungGen: 63328K->1376K(62976K)] 397129K->335177K(573440K), 0.0024632 secs] [Times: user=0.01 sys=0.00, real=0.00 secs] 
1062.745: [GC (Allocation Failure) [PSYoungGen: 62816K->1376K(62464K)] 396617K->335177K(572928K), 0.0019675 secs] [Times: user=0.01 sys=0.00, real=0.01 secs] 
1063.302: [GC (Allocation Failure) [PSYoungGen: 62304K->1392K(61952K)] 396105K->335193K(572416K), 0.0022654 secs] [Times: user=0.01 sys=0.01, real=0.00 secs] 
1063.510: [GC (Allocation Failure) [PSYoungGen: 61808K->1424K(61440K)] 395609K->335226K(571904K), 0.0015932 secs] [Times: user=0.01 sys=0.00, real=0.00 secs] 
1063.614: [GC (Allocation Failure) [PSYoungGen: 61328K->1501K(60928K)] 395130K->335303K(571392K), 0.0017278 secs] [Times: user=0.01 sys=0.00, real=0.01 secs] 
1063.719: [GC (Allocation Failure) [PSYoungGen: 60884K->1472K(67072K)] 394686K->335290K(577536K), 0.0015832 secs] [Times: user=0.01 sys=0.00, real=0.00 secs] 
1063.836: [GC (Allocation Failure) [PSYoungGen: 67008K->1520K(67584K)] 400826K->335338K(578048K), 0.0016565 secs] [Times: user=0.01 sys=0.00, real=0.01 secs] 
1064.339: [GC (Allocation Failure) [PSYoungGen: 67056K->1440K(66560K)] 400874K->335265K(577024K), 0.0019444 secs] [Times: user=0.00 sys=0.00, real=0.00 secs] 
1064.894: [GC (Allocation Failure) [PSYoungGen: 66464K->1408K(66048K)] 400289K->335233K(576512K), 0.0027897 secs] [Times: user=0.01 sys=0.01, real=0.01 secs] 
1065.478: [GC (Allocation Failure) [PSYoungGen: 65920K->1376K(65536K)] 399745K->335201K(576000K), 0.0025785 secs] [Times: user=0.01 sys=0.00, real=0.00 secs] 
1066.007: [GC (Allocation Failure) [PSYoungGen: 65376K->1408K(65024K)] 399201K->335233K(575488K), 0.0034161 secs] [Times: user=0.02 sys=0.01, real=0.00 secs] 
1066.522: [GC (Allocation Failure) [PSYoungGen: 64896K->1469K(64512K)] 398721K->335295K(574976K), 0.0021650 secs] [Times: user=0.01 sys=0.00, real=0.00 secs] 
1066.666: [GC (Allocation Failure) [PSYoungGen: 64445K->1456K(64000K)] 398271K->335282K(574464K), 0.0017604 secs] [Times: user=0.01 sys=0.00, real=0.00 secs] 
1066.776: [GC (Allocation Failure) [PSYoungGen: 63920K->1517K(63488K)] 397746K->335367K(573952K), 0.0017606 secs] [Times: user=0.00 sys=0.00, real=0.01 secs] 
1066.884: [GC (Allocation Failure) [PSYoungGen: 63469K->1501K(70144K)] 397319K->335375K(580608K), 0.0017011 secs] [Times: user=0.01 sys=0.00, real=0.00 secs] 
1068.355: [GC (Allocation Failure) [PSYoungGen: 70109K->1472K(69632K)] 403983K->335353K(580096K), 0.0039008 secs] [Times: user=0.01 sys=0.00, real=0.01 secs] 
1069.191: [GC (Allocation Failure) [PSYoungGen: 69568K->1408K(69120K)] 403449K->335289K(579584K), 0.0044063 secs] [Times: user=0.02 sys=0.00, real=0.00 secs] 
1069.846: [GC (Allocation Failure) [PSYoungGen: 68992K->1376K(68608K)] 402873K->335257K(579072K), 0.0027445 secs] [Times: user=0.01 sys=0.00, real=0.00 secs] 
1070.441: [GC (Allocation Failure) [PSYoungGen: 68448K->1408K(68096K)] 402329K->335289K(578560K), 0.0021350 secs] [Times: user=0.01 sys=0.00, real=0.00 secs] 
1071.312: [GC (Allocation Failure) [PSYoungGen: 67968K->1469K(67584K)] 401849K->335351K(578048K), 0.0033933 secs] [Times: user=0.02 sys=0.00, real=0.01 secs] 
1071.534: [GC (Allocation Failure) [PSYoungGen: 67517K->1437K(67072K)] 401399K->335319K(577536K), 0.0020516 secs] [Times: user=0.00 sys=0.00, real=0.01 secs] 
1071.658: [GC (Allocation Failure) [PSYoungGen: 66970K->1501K(66560K)] 400852K->335383K(577024K), 0.0017449 secs] [Times: user=0.00 sys=0.00, real=0.00 secs] 
1071.790: [GC (Allocation Failure) [PSYoungGen: 66525K->1533K(66048K)] 400407K->335431K(576512K), 0.0017582 secs] [Times: user=0.01 sys=0.00, real=0.00 secs] 
1072.556: [GC (Allocation Failure) [PSYoungGen: 66045K->1984K(66048K)] 399943K->335889K(576512K), 0.0028164 secs] [Times: user=0.01 sys=0.00, real=0.00 secs] 
1073.176: [GC (Allocation Failure) [PSYoungGen: 65984K->1376K(65024K)] 399889K->335281K(575488K), 0.0032763 secs] [Times: user=0.01 sys=0.00, real=0.01 secs] 
1073.954: [GC (Allocation Failure) [PSYoungGen: 64864K->1392K(64512K)] 398769K->335297K(574976K), 0.0025581 secs] [Times: user=0.01 sys=0.00, real=0.01 secs] 
1074.497: [GC (Allocation Failure) [PSYoungGen: 64368K->1376K(64000K)] 398273K->335281K(574464K), 0.0022510 secs] [Times: user=0.01 sys=0.00, real=0.00 secs] 
1075.029: [GC (Allocation Failure) [PSYoungGen: 63840K->1376K(63488K)] 397745K->335281K(573952K), 0.0018844 secs] [Times: user=0.01 sys=0.00, real=0.00 secs] 
1075.308: [GC (Allocation Failure) [PSYoungGen: 63328K->1469K(62976K)] 397233K->335375K(573440K), 0.0016840 secs] [Times: user=0.00 sys=0.00, real=0.00 secs] 
1075.416: [GC (Allocation Failure) [PSYoungGen: 62909K->1501K(62464K)] 396815K->335407K(572928K), 0.0016462 secs] [Times: user=0.00 sys=0.00, real=0.01 secs] 
1075.523: [GC (Allocation Failure) [PSYoungGen: 62429K->1501K(61952K)] 396335K->335431K(572416K), 0.0016213 secs] [Times: user=0.00 sys=0.00, real=0.00 secs] 
1075.629: [GC (Allocation Failure) [PSYoungGen: 61917K->1453K(62464K)] 395847K->335383K(572928K), 0.0016402 secs] [Times: user=0.01 sys=0.00, real=0.00 secs] 
1076.092: [GC (Allocation Failure) [PSYoungGen: 62381K->1440K(61952K)] 396311K->335369K(572416K), 0.0018510 secs] [Times: user=0.01 sys=0.00, real=0.00 secs] 
1076.664: [GC (Allocation Failure) [PSYoungGen: 61856K->1408K(61440K)] 395785K->335337K(571904K), 0.0032935 secs] [Times: user=0.02 sys=0.00, real=0.01 secs] 
1076.916: [GC (Allocation Failure) [PSYoungGen: 61312K->1408K(60928K)] 395241K->335337K(571392K), 0.0019244 secs] [Times: user=0.01 sys=0.00, real=0.00 secs] 
1077.262: [GC (Allocation Failure) [PSYoungGen: 60800K->1408K(60416K)] 394729K->335361K(570880K), 0.0021301 secs] [Times: user=0.01 sys=0.00, real=0.00 secs] 
1077.529: [GC (Allocation Failure) [PSYoungGen: 60288K->1408K(60928K)] 394241K->335361K(571392K), 0.0019111 secs] [Times: user=0.00 sys=0.00, real=0.00 secs] 
1077.804: [GC (Allocation Failure) [PSYoungGen: 60288K->1421K(60928K)] 394241K->335375K(571392K), 0.0017017 secs] [Times: user=0.01 sys=0.00, real=0.00 secs] 
1077.923: [GC (Allocation Failure) [PSYoungGen: 60301K->1469K(60928K)] 394255K->335439K(571392K), 0.0018038 secs] [Times: user=0.01 sys=0.00, real=0.00 secs] 
1078.054: [GC (Allocation Failure) [PSYoungGen: 60349K->1488K(60928K)] 394319K->335458K(571392K), 0.0028150 secs] [Times: user=0.01 sys=0.00, real=0.01 secs] 
1078.199: [GC (Allocation Failure) [PSYoungGen: 60368K->1437K(60928K)] 394338K->335407K(571392K), 0.0019476 secs] [Times: user=0.01 sys=0.00, real=0.00 secs] 
1078.507: [GC (Allocation Failure) [PSYoungGen: 60317K->1424K(66560K)] 394287K->335393K(577024K), 0.0025683 secs] [Times: user=0.01 sys=0.01, real=0.00 secs] 
1079.097: [GC (Allocation Failure) [PSYoungGen: 66448K->1376K(66048K)] 400417K->335345K(576512K), 0.0021018 secs] [Times: user=0.01 sys=0.00, real=0.00 secs] 
1079.581: [GC (Allocation Failure) [PSYoungGen: 65888K->1344K(65536K)] 399857K->335313K(576000K), 0.0020905 secs] [Times: user=0.01 sys=0.00, real=0.00 secs] 
1080.110: [GC (Allocation Failure) [PSYoungGen: 65344K->1424K(65024K)] 399313K->335393K(575488K), 0.0020079 secs] [Times: user=0.01 sys=0.00, real=0.00 secs] 
1080.663: [GC (Allocation Failure) [PSYoungGen: 64912K->1328K(64512K)] 398881K->335297K(574976K), 0.0033475 secs] [Times: user=0.01 sys=0.00, real=0.01 secs] 
1080.939: [GC (Allocation Failure) [PSYoungGen: 64302K->1437K(64000K)] 398272K->335415K(574464K), 0.0020411 secs] [Times: user=0.00 sys=0.00, real=0.00 secs] 
1081.057: [GC (Allocation Failure) [PSYoungGen: 63901K->1501K(63488K)] 397879K->335495K(573952K), 0.0016138 secs] [Times: user=0.01 sys=0.00, real=0.00 secs] 
1081.165: [GC (Allocation Failure) [PSYoungGen: 63453K->1520K(64000K)] 397447K->335514K(574464K), 0.0015710 secs] [Times: user=0.00 sys=0.00, real=0.01 secs] 
1081.274: [GC (Allocation Failure) [PSYoungGen: 63472K->1533K(70656K)] 397466K->335527K(581120K), 0.0017092 secs] [Times: user=0.01 sys=0.00, real=0.00 secs] 
1081.554: [GC (Allocation Failure) [PSYoungGen: 70141K->1408K(70656K)] 404135K->335401K(581120K), 0.0015857 secs] [Times: user=0.00 sys=0.00, real=0.01 secs] 
1081.839: [GC (Allocation Failure) [PSYoungGen: 70016K->1408K(69632K)] 404009K->335401K(580096K), 0.0017425 secs] [Times: user=0.01 sys=0.00, real=0.00 secs] 
1082.121: [GC (Allocation Failure) [PSYoungGen: 69504K->1408K(69120K)] 403497K->335401K(579584K), 0.0017381 secs] [Times: user=0.01 sys=0.00, real=0.00 secs] 
1082.405: [GC (Allocation Failure) [PSYoungGen: 68992K->1376K(68608K)] 402985K->335369K(579072K), 0.0014112 secs] [Times: user=0.01 sys=0.00, real=0.01 secs] 
1082.597: [GC (Allocation Failure) [PSYoungGen: 68448K->1485K(68096K)] 402441K->335479K(578560K), 0.0017880 secs] [Times: user=0.00 sys=0.00, real=0.00 secs] 
1082.714: [GC (Allocation Failure) [PSYoungGen: 68045K->1488K(67584K)] 402039K->335482K(578048K), 0.0015792 secs] [Times: user=0.00 sys=0.00, real=0.00 secs] 
1082.830: [GC (Allocation Failure) [PSYoungGen: 67536K->1533K(74240K)] 401530K->335543K(584704K), 0.0016069 secs] [Times: user=0.01 sys=0.00, real=0.00 secs] 
1082.957: [GC (Allocation Failure) [PSYoungGen: 74237K->1565K(74752K)] 408247K->335575K(585216K), 0.0016891 secs] [Times: user=0.01 sys=0.00, real=0.00 secs] 
1083.592: [GC (Allocation Failure) [PSYoungGen: 74269K->1472K(73728K)] 408279K->335481K(584192K), 0.0018938 secs] [Times: user=0.00 sys=0.00, real=0.00 secs] 
1084.334: [GC (Allocation Failure) [PSYoungGen: 73664K->1408K(73216K)] 407673K->335417K(583680K), 0.0020166 secs] [Times: user=0.01 sys=0.00, real=0.01 secs] 
1085.080: [GC (Allocation Failure) [PSYoungGen: 73088K->1472K(72704K)] 407097K->335481K(583168K), 0.0022560 secs] [Times: user=0.01 sys=0.00, real=0.00 secs] 
1086.028: [GC (Allocation Failure) [PSYoungGen: 72521K->288K(72192K)] 406531K->334305K(582656K), 0.0029090 secs] [Times: user=0.01 sys=0.00, real=0.00 secs] 
1086.219: [GC (Allocation Failure) [PSYoungGen: 70944K->1501K(71680K)] 404961K->335519K(582144K), 0.0016899 secs] [Times: user=0.00 sys=0.00, real=0.00 secs] 
1086.360: [GC (Allocation Failure) [PSYoungGen: 71645K->1501K(71168K)] 405663K->335519K(581632K), 0.0018959 secs] [Times: user=0.01 sys=0.00, real=0.00 secs] 
1086.513: [GC (Allocation Failure) [PSYoungGen: 71133K->1440K(70656K)] 405151K->335458K(581120K), 0.0017791 secs] [Times: user=0.00 sys=0.00, real=0.00 secs] 
1087.058: [GC (Allocation Failure) [PSYoungGen: 70560K->1488K(70144K)] 404578K->335529K(580608K), 0.0029826 secs] [Times: user=0.01 sys=0.00, real=0.00 secs] 
1088.643: [GC (Allocation Failure) [PSYoungGen: 70096K->1344K(69632K)] 404137K->335385K(580096K), 0.0026248 secs] [Times: user=0.01 sys=0.00, real=0.01 secs] 
1089.041: [GC (Allocation Failure) [PSYoungGen: 69440K->1408K(69120K)] 403481K->335449K(579584K), 0.0021685 secs] [Times: user=0.01 sys=0.00, real=0.00 secs] 
1089.777: [GC (Allocation Failure) [PSYoungGen: 68992K->1376K(68608K)] 403033K->335417K(579072K), 0.0030941 secs] [Times: user=0.01 sys=0.00, real=0.00 secs] 
1090.684: [GC (Allocation Failure) [PSYoungGen: 68448K->1501K(68096K)] 402489K->335543K(578560K), 0.0029595 secs] [Times: user=0.01 sys=0.00, real=0.01 secs] 
1090.906: [GC (Allocation Failure) [PSYoungGen: 68061K->1437K(67584K)] 402103K->335479K(578048K), 0.0021999 secs] [Times: user=0.01 sys=0.00, real=0.00 secs] 
1091.039: [GC (Allocation Failure) [PSYoungGen: 67485K->1456K(67072K)] 401527K->335498K(577536K), 0.0016451 secs] [Times: user=0.01 sys=0.00, real=0.00 secs] 
1091.155: [GC (Allocation Failure) [PSYoungGen: 66992K->1453K(66560K)] 401034K->335495K(577024K), 0.0015903 secs] [Times: user=0.00 sys=0.00, real=0.01 secs] 
1092.034: [GC (Allocation Failure) [PSYoungGen: 66477K->1424K(66048K)] 400519K->335465K(576512K), 0.0050757 secs] [Times: user=0.02 sys=0.00, real=0.01 secs] 
1093.221: [GC (Allocation Failure) [PSYoungGen: 65936K->1376K(65536K)] 399977K->335417K(576000K), 0.0027587 secs] [Times: user=0.01 sys=0.00, real=0.00 secs] 
1093.907: [GC (Allocation Failure) [PSYoungGen: 65376K->1376K(65024K)] 399417K->335417K(575488K), 0.0024998 secs] [Times: user=0.01 sys=0.00, real=0.00 secs] 
1094.438: [GC (Allocation Failure) [PSYoungGen: 64864K->1376K(64512K)] 398905K->335417K(574976K), 0.0025919 secs] [Times: user=0.01 sys=0.00, real=0.00 secs] 
1094.977: [GC (Allocation Failure) [PSYoungGen: 64352K->1408K(64000K)] 398393K->335449K(574464K), 0.0022727 secs] [Times: user=0.00 sys=0.00, real=0.00 secs] 
1095.205: [GC (Allocation Failure) [PSYoungGen: 63872K->1533K(63488K)] 397913K->335575K(573952K), 0.0015991 secs] [Times: user=0.01 sys=0.00, real=0.01 secs] 
1095.314: [GC (Allocation Failure) [PSYoungGen: 63485K->1453K(62976K)] 397527K->335495K(573440K), 0.0017025 secs] [Times: user=0.01 sys=0.00, real=0.01 secs] 
1095.423: [GC (Allocation Failure) [PSYoungGen: 62893K->1533K(62464K)] 396935K->335591K(572928K), 0.0016688 secs] [Times: user=0.00 sys=0.00, real=0.00 secs] 
1095.531: [GC (Allocation Failure) [PSYoungGen: 62461K->1485K(62976K)] 396519K->335551K(573440K), 0.0015925 secs] [Times: user=0.01 sys=0.00, real=0.00 secs] 
1096.024: [GC (Allocation Failure) [PSYoungGen: 62413K->1472K(61952K)] 396479K->335545K(572416K), 0.0019780 secs] [Times: user=0.00 sys=0.00, real=0.01 secs] 
1096.675: [GC (Allocation Failure) [PSYoungGen: 61888K->1376K(61440K)] 395961K->335457K(571904K), 0.0042314 secs] [Times: user=0.01 sys=0.00, real=0.01 secs] 
1097.164: [GC (Allocation Failure) [PSYoungGen: 61280K->1376K(60928K)] 395361K->335457K(571392K), 0.0032721 secs] [Times: user=0.01 sys=0.00, real=0.01 secs] 
1097.657: [GC (Allocation Failure) [PSYoungGen: 60768K->1344K(60416K)] 394849K->335425K(570880K), 0.0026485 secs] [Times: user=0.01 sys=0.00, real=0.00 secs] 
1098.105: [GC (Allocation Failure) [PSYoungGen: 60224K->1408K(60928K)] 394305K->335489K(571392K), 0.0018911 secs] [Times: user=0.01 sys=0.00, real=0.01 secs] 
1098.254: [GC (Allocation Failure) [PSYoungGen: 60288K->1469K(60928K)] 394369K->335551K(571392K), 0.0016144 secs] [Times: user=0.00 sys=0.00, real=0.00 secs] 
1098.358: [GC (Allocation Failure) [PSYoungGen: 60349K->1421K(60928K)] 394431K->335535K(571392K), 0.0016310 secs] [Times: user=0.01 sys=0.00, real=0.00 secs] 
1098.462: [GC (Allocation Failure) [PSYoungGen: 60301K->1469K(60928K)] 394415K->335583K(571392K), 0.0016445 secs] [Times: user=0.01 sys=0.00, real=0.00 secs] 
1098.570: [GC (Allocation Failure) [PSYoungGen: 60349K->1453K(60928K)] 394463K->335567K(571392K), 0.0013693 secs] [Times: user=0.00 sys=0.00, real=0.00 secs] 
1098.790: [GC (Allocation Failure) [PSYoungGen: 60333K->1392K(67072K)] 394447K->335505K(577536K), 0.0019186 secs] [Times: user=0.01 sys=0.00, real=0.00 secs] 
1099.060: [GC (Allocation Failure) [PSYoungGen: 66416K->1376K(66048K)] 400529K->335489K(576512K), 0.0018697 secs] [Times: user=0.01 sys=0.00, real=0.00 secs] 
1099.328: [GC (Allocation Failure) [PSYoungGen: 65888K->1376K(65536K)] 400001K->335489K(576000K), 0.0018052 secs] [Times: user=0.01 sys=0.00, real=0.00 secs] 
1099.620: [GC (Allocation Failure) [PSYoungGen: 65376K->1312K(65024K)] 399489K->335425K(575488K), 0.0019450 secs] [Times: user=0.00 sys=0.00, real=0.00 secs] 
1099.882: [GC (Allocation Failure) [PSYoungGen: 64800K->1488K(64512K)] 398913K->335602K(574976K), 0.0014964 secs] [Times: user=0.00 sys=0.00, real=0.00 secs] 
1099.993: [GC (Allocation Failure) [PSYoungGen: 64464K->1453K(64000K)] 398578K->335567K(574464K), 0.0018329 secs] [Times: user=0.00 sys=0.00, real=0.00 secs] 
1100.103: [GC (Allocation Failure) [PSYoungGen: 63917K->1437K(64512K)] 398031K->335567K(574976K), 0.0016598 secs] [Times: user=0.00 sys=0.00, real=0.00 secs] 
1100.213: [GC (Allocation Failure) [PSYoungGen: 63901K->1501K(64512K)] 398031K->335631K(574976K), 0.0016244 secs] [Times: user=0.00 sys=0.00, real=0.00 secs] 
1100.783: [GC (Allocation Failure) [PSYoungGen: 63965K->1488K(70656K)] 398095K->335617K(581120K), 0.0028449 secs] [Times: user=0.01 sys=0.00, real=0.01 secs] 
1102.811: [GC (Allocation Failure) [PSYoungGen: 70608K->1408K(70144K)] 404737K->335537K(580608K), 0.0038099 secs] [Times: user=0.01 sys=0.00, real=0.00 secs] 
1103.208: [GC (Allocation Failure) [PSYoungGen: 70016K->1376K(69632K)] 404145K->335505K(580096K), 0.0020902 secs] [Times: user=0.01 sys=0.00, real=0.00 secs] 
1103.750: [GC (Allocation Failure) [PSYoungGen: 69472K->1408K(69120K)] 403601K->335537K(579584K), 0.0022685 secs] [Times: user=0.01 sys=0.00, real=0.00 secs] 
1104.329: [GC (Allocation Failure) [PSYoungGen: 68992K->1392K(68608K)] 403121K->335521K(579072K), 0.0024385 secs] [Times: user=0.01 sys=0.00, real=0.00 secs] 
1104.645: [GC (Allocation Failure) [PSYoungGen: 68463K->1517K(68096K)] 402593K->335647K(578560K), 0.0019999 secs] [Times: user=0.00 sys=0.00, real=0.01 secs] 
1104.779: [GC (Allocation Failure) [PSYoungGen: 68077K->1469K(67584K)] 402207K->335599K(578048K), 0.0016128 secs] [Times: user=0.01 sys=0.00, real=0.00 secs] 
1104.895: [GC (Allocation Failure) [PSYoungGen: 67517K->1456K(67072K)] 401647K->335602K(577536K), 0.0018137 secs] [Times: user=0.01 sys=0.00, real=0.01 secs] 
1105.011: [GC (Allocation Failure) [PSYoungGen: 66992K->1424K(67584K)] 401138K->335569K(578048K), 0.0016143 secs] [Times: user=0.00 sys=0.00, real=0.00 secs] 
1105.350: [GC (Allocation Failure) [PSYoungGen: 66960K->1408K(66560K)] 401105K->335561K(577024K), 0.0025817 secs] [Times: user=0.01 sys=0.00, real=0.00 secs] 
1105.673: [GC (Allocation Failure) [PSYoungGen: 66432K->1360K(66048K)] 400585K->335513K(576512K), 0.0020391 secs] [Times: user=0.01 sys=0.00, real=0.00 secs] 
1105.961: [GC (Allocation Failure) [PSYoungGen: 65872K->1408K(65536K)] 400025K->335561K(576000K), 0.0018793 secs] [Times: user=0.01 sys=0.00, real=0.00 secs] 
1106.289: [GC (Allocation Failure) [PSYoungGen: 65408K->1392K(65024K)] 399561K->335545K(575488K), 0.0020894 secs] [Times: user=0.01 sys=0.00, real=0.00 secs] 
1106.570: [GC (Allocation Failure) [PSYoungGen: 64880K->1501K(64512K)] 399033K->335655K(574976K), 0.0015842 secs] [Times: user=0.01 sys=0.00, real=0.00 secs] 
1106.680: [GC (Allocation Failure) [PSYoungGen: 64477K->477K(62976K)] 398631K->335655K(573440K), 0.0017731 secs] [Times: user=0.00 sys=0.00, real=0.00 secs] 
1106.805: [GC (Allocation Failure) [PSYoungGen: 62941K->416K(64512K)] 398119K->335610K(574976K), 0.0019595 secs] [Times: user=0.01 sys=0.00, real=0.01 secs] 
1106.947: [GC (Allocation Failure) [PSYoungGen: 62880K->461K(71168K)] 398074K->335679K(581632K), 0.0018910 secs] [Times: user=0.00 sys=0.00, real=0.00 secs] 
1107.250: [GC (Allocation Failure) [PSYoungGen: 69581K->1456K(71168K)] 404799K->336673K(581632K), 0.0020013 secs] [Times: user=0.01 sys=0.00, real=0.00 secs] 
1107.592: [GC (Allocation Failure) [PSYoungGen: 70576K->1408K(70144K)] 405793K->336625K(580608K), 0.0021109 secs] [Times: user=0.01 sys=0.00, real=0.00 secs] 
1107.887: [GC (Allocation Failure) [PSYoungGen: 70016K->1376K(69632K)] 405233K->336593K(580096K), 0.0024417 secs] [Times: user=0.01 sys=0.00, real=0.00 secs] 
1108.189: [GC (Allocation Failure) [PSYoungGen: 69472K->1408K(69120K)] 404689K->336625K(579584K), 0.0018343 secs] [Times: user=0.01 sys=0.00, real=0.00 secs] 
1109.604: [GC (Allocation Failure) [PSYoungGen: 68992K->1469K(68608K)] 404209K->336687K(579072K), 0.0025167 secs] [Times: user=0.01 sys=0.00, real=0.01 secs] 
1109.762: [GC (Allocation Failure) [PSYoungGen: 68534K->1469K(68096K)] 403752K->336687K(578560K), 0.0016034 secs] [Times: user=0.00 sys=0.00, real=0.00 secs] 
1109.878: [GC (Allocation Failure) [PSYoungGen: 68029K->1501K(67584K)] 403247K->336727K(578048K), 0.0019780 secs] [Times: user=0.01 sys=0.00, real=0.00 secs] 
1109.994: [GC (Allocation Failure) [PSYoungGen: 67549K->1485K(74752K)] 402775K->336719K(585216K), 0.0016925 secs] [Times: user=0.01 sys=0.00, real=0.01 secs] 
1113.157: [GC (Allocation Failure) [PSYoungGen: 74701K->1440K(74240K)] 409935K->336673K(584704K), 0.0042939 secs] [Times: user=0.02 sys=0.00, real=0.00 secs] 
1113.580: [GC (Allocation Failure) [PSYoungGen: 74144K->1360K(73728K)] 409377K->336593K(584192K), 0.0020138 secs] [Times: user=0.01 sys=0.00, real=0.00 secs] 
1113.925: [GC (Allocation Failure) [PSYoungGen: 73552K->1376K(73216K)] 408785K->336609K(583680K), 0.0021841 secs] [Times: user=0.01 sys=0.00, real=0.01 secs] 
1114.458: [GC (Allocation Failure) [PSYoungGen: 73056K->1408K(72704K)] 408289K->336641K(583168K), 0.0019031 secs] [Times: user=0.01 sys=0.00, real=0.00 secs] 
1114.777: [GC (Allocation Failure) [PSYoungGen: 72576K->1437K(72192K)] 407809K->336671K(582656K), 0.0022656 secs] [Times: user=0.01 sys=0.00, real=0.00 secs] 
1114.945: [GC (Allocation Failure) [PSYoungGen: 72093K->1533K(71680K)] 407327K->336767K(582144K), 0.0017987 secs] [Times: user=0.01 sys=0.01, real=0.01 secs] 
1115.067: [GC (Allocation Failure) [PSYoungGen: 71654K->1501K(71168K)] 406888K->336735K(581632K), 0.0016722 secs] [Times: user=0.00 sys=0.00, real=0.00 secs] 
1115.515: [GC (Allocation Failure) [PSYoungGen: 71133K->1984K(71168K)] 406367K->337217K(581632K), 0.0021668 secs] [Times: user=0.01 sys=0.00, real=0.01 secs] 
1116.120: [GC (Allocation Failure) [PSYoungGen: 71104K->1376K(70144K)] 406337K->336609K(580608K), 0.0026720 secs] [Times: user=0.01 sys=0.00, real=0.00 secs] 
1116.704: [GC (Allocation Failure) [PSYoungGen: 69984K->1376K(69632K)] 405217K->336609K(580096K), 0.0022202 secs] [Times: user=0.01 sys=0.00, real=0.01 secs] 
1117.269: [GC (Allocation Failure) [PSYoungGen: 69472K->1312K(69120K)] 404705K->336545K(579584K), 0.0023595 secs] [Times: user=0.01 sys=0.00, real=0.00 secs] 
1117.837: [GC (Allocation Failure) [PSYoungGen: 68896K->1344K(68608K)] 404129K->336577K(579072K), 0.0030234 secs] [Times: user=0.02 sys=0.00, real=0.00 secs] 
1118.080: [GC (Allocation Failure) [PSYoungGen: 68416K->1469K(68096K)] 403649K->336703K(578560K), 0.0020447 secs] [Times: user=0.01 sys=0.00, real=0.00 secs] 
1118.199: [GC (Allocation Failure) [PSYoungGen: 68029K->1485K(67584K)] 403263K->336719K(578048K), 0.0017372 secs] [Times: user=0.01 sys=0.00, real=0.00 secs] 
1118.316: [GC (Allocation Failure) [PSYoungGen: 67533K->1549K(67584K)] 402767K->336783K(578048K), 0.0017032 secs] [Times: user=0.01 sys=0.00, real=0.00 secs] 
1118.463: [GC (Allocation Failure) [PSYoungGen: 67085K->928K(67584K)] 402319K->337209K(578048K), 0.0016904 secs] [Times: user=0.01 sys=0.00, real=0.00 secs] 
1118.740: [GC (Allocation Failure) [PSYoungGen: 67488K->320K(66560K)] 403769K->336601K(577024K), 0.0015086 secs] [Times: user=0.00 sys=0.01, real=0.00 secs] 
1119.013: [GC (Allocation Failure) [PSYoungGen: 66368K->320K(67584K)] 402649K->336601K(578048K), 0.0015628 secs] [Times: user=0.01 sys=0.00, real=0.00 secs] 
1119.285: [GC (Allocation Failure) [PSYoungGen: 65856K->352K(65536K)] 402137K->336633K(576000K), 0.0015608 secs] [Times: user=0.00 sys=0.00, real=0.01 secs] 
1119.555: [GC (Allocation Failure) [PSYoungGen: 65376K->352K(66560K)] 401657K->336633K(577024K), 0.0015772 secs] [Times: user=0.00 sys=0.00, real=0.01 secs] 
1119.709: [GC (Allocation Failure) [PSYoungGen: 64864K->1501K(65536K)] 401145K->337783K(576000K), 0.0017443 secs] [Times: user=0.01 sys=0.00, real=0.00 secs] 
1119.823: [GC (Allocation Failure) [PSYoungGen: 65501K->1533K(65536K)] 401783K->337815K(576000K), 0.0015425 secs] [Times: user=0.00 sys=0.00, real=0.00 secs] 
1119.935: [GC (Allocation Failure) [PSYoungGen: 65021K->1501K(66048K)] 401303K->337799K(576512K), 0.0015910 secs] [Times: user=0.01 sys=0.00, real=0.01 secs] 
1120.046: [GC (Allocation Failure) [PSYoungGen: 64989K->1533K(72704K)] 401287K->337831K(583168K), 0.0016321 secs] [Times: user=0.01 sys=0.00, real=0.00 secs] 
1121.695: [GC (Allocation Failure) [PSYoungGen: 71677K->1440K(71168K)] 407975K->337737K(581632K), 0.0035666 secs] [Times: user=0.01 sys=0.01, real=0.01 secs] 
1122.850: [GC (Allocation Failure) [PSYoungGen: 71072K->1376K(71168K)] 407369K->337673K(581632K), 0.0031097 secs] [Times: user=0.02 sys=0.00, real=0.00 secs] 
1123.638: [GC (Allocation Failure) [PSYoungGen: 70496K->1376K(70144K)] 406793K->337673K(580608K), 0.0023349 secs] [Times: user=0.01 sys=0.00, real=0.00 secs] 
1124.579: [GC (Allocation Failure) [PSYoungGen: 69984K->1376K(70144K)] 406281K->337673K(580608K), 0.0034699 secs] [Times: user=0.01 sys=0.00, real=0.00 secs] 
1125.013: [GC (Allocation Failure) [PSYoungGen: 69471K->1469K(69120K)] 405768K->337767K(579584K), 0.0022181 secs] [Times: user=0.00 sys=0.00, real=0.00 secs] 
1125.147: [GC (Allocation Failure) [PSYoungGen: 69037K->1453K(69120K)] 405335K->337751K(579584K), 0.0015483 secs] [Times: user=0.01 sys=0.00, real=0.00 secs] 
1125.265: [GC (Allocation Failure) [PSYoungGen: 68525K->1533K(68096K)] 404823K->337847K(578560K), 0.0016257 secs] [Times: user=0.01 sys=0.00, real=0.01 secs] 
1125.381: [GC (Allocation Failure) [PSYoungGen: 68093K->1533K(69120K)] 404407K->337855K(579584K), 0.0016896 secs] [Times: user=0.01 sys=0.00, real=0.00 secs] 
1126.580: [GC (Allocation Failure) [PSYoungGen: 68093K->1408K(67584K)] 404415K->337729K(578048K), 0.0029263 secs] [Times: user=0.01 sys=0.00, real=0.00 secs] 
1127.556: [GC (Allocation Failure) [PSYoungGen: 67456K->1344K(67072K)] 403777K->337665K(577536K), 0.0025108 secs] [Times: user=0.01 sys=0.00, real=0.01 secs] 
1128.313: [GC (Allocation Failure) [PSYoungGen: 66880K->1360K(66560K)] 403201K->337681K(577024K), 0.0022425 secs] [Times: user=0.01 sys=0.00, real=0.00 secs] 
1129.090: [GC (Allocation Failure) [PSYoungGen: 66384K->1376K(66048K)] 402705K->337697K(576512K), 0.0019231 secs] [Times: user=0.01 sys=0.00, real=0.00 secs] 
1129.599: [GC (Allocation Failure) [PSYoungGen: 65888K->1485K(65536K)] 402209K->337807K(576000K), 0.0020358 secs] [Times: user=0.01 sys=0.00, real=0.00 secs] 
1129.766: [GC (Allocation Failure) [PSYoungGen: 65485K->1469K(65024K)] 401807K->337791K(575488K), 0.0022087 secs] [Times: user=0.00 sys=0.00, real=0.01 secs] 
1129.944: [GC (Allocation Failure) [PSYoungGen: 64957K->1469K(64512K)] 401279K->337791K(574976K), 0.0023072 secs] [Times: user=0.00 sys=0.00, real=0.01 secs] 
1130.087: [GC (Allocation Failure) [PSYoungGen: 64445K->1469K(64000K)] 400767K->337815K(574464K), 0.0016242 secs] [Times: user=0.01 sys=0.00, real=0.00 secs] 
1130.366: [GC (Allocation Failure) [PSYoungGen: 63933K->1360K(63488K)] 400279K->337705K(573952K), 0.0027140 secs] [Times: user=0.01 sys=0.00, real=0.01 secs] 
1130.631: [GC (Allocation Failure) [PSYoungGen: 63312K->1376K(62976K)] 399657K->337721K(573440K), 0.0018103 secs] [Times: user=0.00 sys=0.00, real=0.00 secs] 
1130.888: [GC (Allocation Failure) [PSYoungGen: 62816K->1344K(62464K)] 399161K->337689K(572928K), 0.0018798 secs] [Times: user=0.00 sys=0.00, real=0.00 secs] 
1131.207: [GC (Allocation Failure) [PSYoungGen: 62272K->1344K(61952K)] 398617K->337689K(572416K), 0.0017633 secs] [Times: user=0.01 sys=0.00, real=0.00 secs] 
1131.462: [GC (Allocation Failure) [PSYoungGen: 61760K->1344K(61440K)] 398105K->337689K(571904K), 0.0018301 secs] [Times: user=0.01 sys=0.00, real=0.00 secs] 
1131.643: [GC (Allocation Failure) [PSYoungGen: 61248K->1424K(60928K)] 397593K->337770K(571392K), 0.0016001 secs] [Times: user=0.00 sys=0.00, real=0.00 secs] 
1131.747: [GC (Allocation Failure) [PSYoungGen: 60816K->1533K(60416K)] 397162K->337879K(570880K), 0.0016856 secs] [Times: user=0.01 sys=0.00, real=0.00 secs] 
1131.850: [GC (Allocation Failure) [PSYoungGen: 60413K->1501K(60928K)] 396759K->337855K(571392K), 0.0018064 secs] [Times: user=0.01 sys=0.00, real=0.00 secs] 
1131.969: [GC (Allocation Failure) [PSYoungGen: 60893K->1469K(61440K)] 397247K->337823K(571904K), 0.0018048 secs] [Times: user=0.01 sys=0.00, real=0.00 secs] 
1132.609: [GC (Allocation Failure) [PSYoungGen: 60861K->1424K(67072K)] 397215K->337777K(577536K), 0.0027281 secs] [Times: user=0.01 sys=0.00, real=0.00 secs] 
1133.206: [GC (Allocation Failure) [PSYoungGen: 66960K->1344K(66560K)] 403313K->337697K(577024K), 0.0022045 secs] [Times: user=0.01 sys=0.00, real=0.00 secs] 
1133.746: [GC (Allocation Failure) [PSYoungGen: 66368K->1376K(66048K)] 402721K->337729K(576512K), 0.0021451 secs] [Times: user=0.01 sys=0.00, real=0.00 secs] 
1134.216: [GC (Allocation Failure) [PSYoungGen: 65888K->1360K(65536K)] 402241K->337713K(576000K), 0.0026215 secs] [Times: user=0.01 sys=0.00, real=0.00 secs] 
1134.674: [GC (Allocation Failure) [PSYoungGen: 65360K->1469K(65024K)] 401713K->337823K(575488K), 0.0024920 secs] [Times: user=0.00 sys=0.00, real=0.01 secs] 
1134.832: [GC (Allocation Failure) [PSYoungGen: 64957K->1485K(64512K)] 401311K->337839K(574976K), 0.0016242 secs] [Times: user=0.01 sys=0.00, real=0.00 secs] 
1134.942: [GC (Allocation Failure) [PSYoungGen: 64461K->1469K(64000K)] 400815K->337839K(574464K), 0.0016487 secs] [Times: user=0.00 sys=0.00, real=0.00 secs] 
1135.051: [GC (Allocation Failure) [PSYoungGen: 63933K->1501K(64512K)] 400303K->337871K(574976K), 0.0016909 secs] [Times: user=0.00 sys=0.00, real=0.00 secs] 
1135.303: [GC (Allocation Failure) [PSYoungGen: 63965K->1952K(71168K)] 400335K->338321K(581632K), 0.0022062 secs] [Times: user=0.00 sys=0.00, real=0.00 secs] 
1136.818: [GC (Allocation Failure) [PSYoungGen: 71072K->1376K(70144K)] 407441K->337745K(580608K), 0.0040630 secs] [Times: user=0.02 sys=0.00, real=0.00 secs] 
1137.774: [GC (Allocation Failure) [PSYoungGen: 69984K->1376K(69632K)] 406353K->337777K(580096K), 0.0045302 secs] [Times: user=0.02 sys=0.00, real=0.01 secs] 
1138.612: [GC (Allocation Failure) [PSYoungGen: 69472K->1376K(69120K)] 405873K->337777K(579584K), 0.0045914 secs] [Times: user=0.01 sys=0.00, real=0.01 secs] 
1139.408: [GC (Allocation Failure) [PSYoungGen: 68960K->1408K(68608K)] 405361K->337809K(579072K), 0.0039878 secs] [Times: user=0.01 sys=0.00, real=0.00 secs] 
1139.697: [GC (Allocation Failure) [PSYoungGen: 68480K->1533K(68096K)] 404881K->337935K(578560K), 0.0020070 secs] [Times: user=0.01 sys=0.00, real=0.00 secs] 
1139.822: [GC (Allocation Failure) [PSYoungGen: 68093K->1501K(67584K)] 404495K->337903K(578048K), 0.0017045 secs] [Times: user=0.01 sys=0.00, real=0.00 secs] 
1139.940: [GC (Allocation Failure) [PSYoungGen: 67549K->1533K(67072K)] 403951K->337951K(577536K), 0.0017982 secs] [Times: user=0.01 sys=0.00, real=0.00 secs] 
1140.121: [GC (Allocation Failure) [PSYoungGen: 67069K->1728K(67584K)] 403487K->338145K(578048K), 0.0019723 secs] [Times: user=0.00 sys=0.00, real=0.00 secs] 
1140.392: [GC (Allocation Failure) [PSYoungGen: 67264K->1344K(66560K)] 403681K->337761K(577024K), 0.0017492 secs] [Times: user=0.01 sys=0.00, real=0.00 secs] 
1140.703: [GC (Allocation Failure) [PSYoungGen: 66368K->1376K(66048K)] 402785K->337793K(576512K), 0.0020151 secs] [Times: user=0.00 sys=0.00, real=0.00 secs] 
1141.173: [GC (Allocation Failure) [PSYoungGen: 65888K->1344K(65536K)] 402305K->337761K(576000K), 0.0032388 secs] [Times: user=0.01 sys=0.00, real=0.01 secs] 
1141.619: [GC (Allocation Failure) [PSYoungGen: 65344K->1344K(65024K)] 401761K->337761K(575488K), 0.0025176 secs] [Times: user=0.01 sys=0.00, real=0.00 secs] 
1141.948: [GC (Allocation Failure) [PSYoungGen: 64832K->1501K(64512K)] 401249K->337919K(574976K), 0.0018930 secs] [Times: user=0.01 sys=0.00, real=0.00 secs] 
1142.095: [GC (Allocation Failure) [PSYoungGen: 64477K->1469K(64000K)] 400895K->337887K(574464K), 0.0019725 secs] [Times: user=0.01 sys=0.00, real=0.01 secs] 
1142.234: [GC (Allocation Failure) [PSYoungGen: 63933K->1469K(63488K)] 400351K->337903K(573952K), 0.0018336 secs] [Times: user=0.01 sys=0.00, real=0.00 secs] 
1142.380: [GC (Allocation Failure) [PSYoungGen: 63421K->1469K(64000K)] 399855K->337903K(574464K), 0.0018865 secs] [Times: user=0.00 sys=0.00, real=0.00 secs] 
1142.823: [GC (Allocation Failure) [PSYoungGen: 63421K->1408K(62976K)] 399855K->337841K(573440K), 0.0024485 secs] [Times: user=0.01 sys=0.00, real=0.01 secs] 
1143.348: [GC (Allocation Failure) [PSYoungGen: 62848K->1344K(62464K)] 399281K->337777K(572928K), 0.0031517 secs] [Times: user=0.01 sys=0.00, real=0.00 secs] 
1144.265: [GC (Allocation Failure) [PSYoungGen: 62272K->1344K(61952K)] 398705K->337777K(572416K), 0.0047192 secs] [Times: user=0.02 sys=0.00, real=0.01 secs] 
1145.033: [GC (Allocation Failure) [PSYoungGen: 61760K->1376K(61440K)] 398193K->337809K(571904K), 0.0032492 secs] [Times: user=0.01 sys=0.00, real=0.01 secs] 
1145.898: [GC (Allocation Failure) [PSYoungGen: 61280K->1376K(60928K)] 397713K->337809K(571392K), 0.0034324 secs] [Times: user=0.01 sys=0.00, real=0.00 secs] 
1146.112: [GC (Allocation Failure) [PSYoungGen: 60768K->1437K(60416K)] 397201K->337871K(570880K), 0.0020198 secs] [Times: user=0.01 sys=0.00, real=0.00 secs] 
1146.226: [GC (Allocation Failure) [PSYoungGen: 60317K->1533K(60928K)] 396751K->337983K(571392K), 0.0015939 secs] [Times: user=0.00 sys=0.00, real=0.01 secs] 
1146.329: [GC (Allocation Failure) [PSYoungGen: 60413K->1456K(60928K)] 396863K->337906K(571392K), 0.0016497 secs] [Times: user=0.01 sys=0.00, real=0.00 secs] 
1146.433: [GC (Allocation Failure) [PSYoungGen: 60336K->1472K(60928K)] 396786K->337922K(571392K), 0.0016286 secs] [Times: user=0.01 sys=0.00, real=0.00 secs] 
1147.683: [GC (Allocation Failure) [PSYoungGen: 60352K->1408K(60416K)] 396802K->337881K(570880K), 0.0040414 secs] [Times: user=0.02 sys=0.01, real=0.01 secs] 
1148.747: [GC (Allocation Failure) [PSYoungGen: 60288K->1408K(60416K)] 396761K->337881K(570880K), 0.0066498 secs] [Times: user=0.02 sys=0.00, real=0.00 secs] 
1149.121: [GC (Allocation Failure) [PSYoungGen: 60288K->1408K(60416K)] 396761K->337881K(570880K), 0.0020193 secs] [Times: user=0.00 sys=0.00, real=0.00 secs] 
1149.483: [GC (Allocation Failure) [PSYoungGen: 60288K->1376K(60416K)] 396761K->337849K(570880K), 0.0023838 secs] [Times: user=0.00 sys=0.00, real=0.00 secs] 
1149.927: [GC (Allocation Failure) [PSYoungGen: 60256K->1376K(60416K)] 396729K->337849K(570880K), 0.0022302 secs] [Times: user=0.01 sys=0.00, real=0.00 secs] 
1150.124: [GC (Allocation Failure) [PSYoungGen: 60256K->1421K(60416K)] 396729K->337895K(570880K), 0.0016713 secs] [Times: user=0.00 sys=0.00, real=0.00 secs] 
1150.227: [GC (Allocation Failure) [PSYoungGen: 60301K->1504K(60416K)] 396775K->337994K(570880K), 0.0015839 secs] [Times: user=0.01 sys=0.00, real=0.00 secs] 
1150.330: [GC (Allocation Failure) [PSYoungGen: 60384K->1424K(64000K)] 396874K->337914K(574464K), 0.0016331 secs] [Times: user=0.00 sys=0.00, real=0.00 secs] 
1150.439: [GC (Allocation Failure) [PSYoungGen: 63376K->1533K(67072K)] 399866K->338023K(577536K), 0.0017460 secs] [Times: user=0.00 sys=0.00, real=0.00 secs] 
1151.244: [GC (Allocation Failure) [PSYoungGen: 66557K->1440K(67072K)] 403047K->337929K(577536K), 0.0037266 secs] [Times: user=0.01 sys=0.00, real=0.01 secs] 
1152.124: [GC (Allocation Failure) [PSYoungGen: 66464K->1344K(66048K)] 402953K->337833K(576512K), 0.0029765 secs] [Times: user=0.01 sys=0.01, real=0.01 secs] 
1152.705: [GC (Allocation Failure) [PSYoungGen: 65856K->1408K(65536K)] 402345K->337897K(576000K), 0.0034507 secs] [Times: user=0.02 sys=0.00, real=0.01 secs] 
1153.356: [GC (Allocation Failure) [PSYoungGen: 65408K->1392K(65024K)] 401897K->337881K(575488K), 0.0039029 secs] [Times: user=0.02 sys=0.00, real=0.00 secs] 
1154.044: [GC (Allocation Failure) [PSYoungGen: 64880K->1437K(64512K)] 401369K->337927K(574976K), 0.0030591 secs] [Times: user=0.01 sys=0.00, real=0.01 secs] 
1154.225: [GC (Allocation Failure) [PSYoungGen: 64413K->1501K(64000K)] 400903K->337991K(574464K), 0.0017477 secs] [Times: user=0.01 sys=0.00, real=0.01 secs] 
1154.337: [GC (Allocation Failure) [PSYoungGen: 63965K->1501K(63488K)] 400455K->338007K(573952K), 0.0016559 secs] [Times: user=0.01 sys=0.00, real=0.00 secs] 
1154.447: [GC (Allocation Failure) [PSYoungGen: 63453K->1469K(70144K)] 399959K->337975K(580608K), 0.0016409 secs] [Times: user=0.01 sys=0.00, real=0.00 secs] 
1154.626: [GC (Allocation Failure) [PSYoungGen: 70077K->1952K(70656K)] 406583K->338457K(581120K), 0.0018662 secs] [Times: user=0.00 sys=0.00, real=0.00 secs] 
1154.960: [GC (Allocation Failure) [PSYoungGen: 70560K->1392K(69632K)] 407065K->337897K(580096K), 0.0020160 secs] [Times: user=0.01 sys=0.00, real=0.00 secs] 
1155.243: [GC (Allocation Failure) [PSYoungGen: 69488K->1424K(69120K)] 405993K->337929K(579584K), 0.0021604 secs] [Times: user=0.01 sys=0.00, real=0.00 secs] 
1155.757: [GC (Allocation Failure) [PSYoungGen: 69008K->1376K(68608K)] 405513K->337881K(579072K), 0.0023122 secs] [Times: user=0.00 sys=0.00, real=0.00 secs] 
1156.268: [GC (Allocation Failure) [PSYoungGen: 68448K->1392K(68096K)] 404953K->337897K(578560K), 0.0034631 secs] [Times: user=0.01 sys=0.00, real=0.00 secs] 
1156.566: [GC (Allocation Failure) [PSYoungGen: 67952K->1469K(67584K)] 404457K->337975K(578048K), 0.0019773 secs] [Times: user=0.00 sys=0.00, real=0.00 secs] 
1156.694: [GC (Allocation Failure) [PSYoungGen: 67517K->1533K(67072K)] 404023K->338039K(577536K), 0.0016362 secs] [Times: user=0.00 sys=0.00, real=0.01 secs] 
1156.810: [GC (Allocation Failure) [PSYoungGen: 67069K->1469K(66560K)] 403575K->337999K(577024K), 0.0015997 secs] [Times: user=0.01 sys=0.00, real=0.00 secs] 
1157.061: [GC (Allocation Failure) [PSYoungGen: 66493K->1664K(66560K)] 403023K->338209K(577024K), 0.0020691 secs] [Times: user=0.01 sys=0.00, real=0.00 secs] 
1157.965: [GC (Allocation Failure) [PSYoungGen: 66176K->320K(64512K)] 402721K->337889K(574976K), 0.0025917 secs] [Times: user=0.01 sys=0.00, real=0.01 secs] 
1158.651: [GC (Allocation Failure) [PSYoungGen: 64320K->352K(65536K)] 401889K->337921K(576000K), 0.0031943 secs] [Times: user=0.01 sys=0.00, real=0.00 secs] 
1159.299: [GC (Allocation Failure) [PSYoungGen: 63840K->320K(63488K)] 401409K->337889K(573952K), 0.0027094 secs] [Times: user=0.02 sys=0.00, real=0.00 secs] 
1159.967: [GC (Allocation Failure) [PSYoungGen: 63296K->352K(65024K)] 400865K->337921K(575488K), 0.0022623 secs] [Times: user=0.01 sys=0.00, real=0.00 secs] 
1160.535: [GC (Allocation Failure) [PSYoungGen: 62816K->1469K(63488K)] 400385K->339039K(573952K), 0.0022095 secs] [Times: user=0.01 sys=0.00, real=0.01 secs] 
1160.714: [GC (Allocation Failure) [PSYoungGen: 63421K->1437K(62976K)] 400991K->339007K(573440K), 0.0021683 secs] [Times: user=0.01 sys=0.00, real=0.01 secs] 
1160.857: [GC (Allocation Failure) [PSYoungGen: 62877K->1472K(62464K)] 400447K->339058K(572928K), 0.0017416 secs] [Times: user=0.00 sys=0.01, real=0.00 secs] 
1160.964: [GC (Allocation Failure) [PSYoungGen: 62400K->1392K(61952K)] 399986K->338978K(572416K), 0.0016748 secs] [Times: user=0.01 sys=0.00, real=0.00 secs] 
1161.382: [GC (Allocation Failure) [PSYoungGen: 61808K->1440K(61440K)] 399394K->339025K(571904K), 0.0030748 secs] [Times: user=0.01 sys=0.01, real=0.00 secs] 
1162.457: [GC (Allocation Failure) [PSYoungGen: 61344K->1376K(60928K)] 398929K->338961K(571392K), 0.0049545 secs] [Times: user=0.02 sys=0.00, real=0.00 secs] 
1163.505: [GC (Allocation Failure) [PSYoungGen: 60768K->1376K(60416K)] 398353K->338961K(570880K), 0.0048276 secs] [Times: user=0.02 sys=0.01, real=0.01 secs] 
1164.542: [GC (Allocation Failure) [PSYoungGen: 60256K->1376K(60416K)] 397841K->338961K(570880K), 0.0038915 secs] [Times: user=0.02 sys=0.00, real=0.00 secs] 
1165.407: [GC (Allocation Failure) [PSYoungGen: 60256K->1344K(60416K)] 397841K->338929K(570880K), 0.0049843 secs] [Times: user=0.02 sys=0.00, real=0.00 secs] 
1166.084: [GC (Allocation Failure) [PSYoungGen: 60224K->1501K(60416K)] 397809K->339087K(570880K), 0.0025065 secs] [Times: user=0.00 sys=0.00, real=0.01 secs] 
1166.221: [GC (Allocation Failure) [PSYoungGen: 60381K->1501K(60416K)] 397967K->339095K(570880K), 0.0016403 secs] [Times: user=0.00 sys=0.00, real=0.00 secs] 
1166.326: [GC (Allocation Failure) [PSYoungGen: 60381K->1485K(60416K)] 397975K->339079K(570880K), 0.0018225 secs] [Times: user=0.00 sys=0.00, real=0.00 secs] 
1166.430: [GC (Allocation Failure) [PSYoungGen: 60365K->1469K(60928K)] 397959K->339063K(571392K), 0.0015938 secs] [Times: user=0.01 sys=0.00, real=0.00 secs] 
1166.793: [GC (Allocation Failure) [PSYoungGen: 60349K->1440K(60928K)] 397943K->339033K(571392K), 0.0017583 secs] [Times: user=0.01 sys=0.00, real=0.00 secs] 
1167.275: [GC (Allocation Failure) [PSYoungGen: 60320K->1376K(60928K)] 397913K->338969K(571392K), 0.0017560 secs] [Times: user=0.01 sys=0.00, real=0.01 secs] 
1167.856: [GC (Allocation Failure) [PSYoungGen: 60256K->1376K(60928K)] 397849K->338969K(571392K), 0.0047061 secs] [Times: user=0.02 sys=0.00, real=0.00 secs] 
1168.354: [GC (Allocation Failure) [PSYoungGen: 60256K->1392K(60928K)] 397849K->338985K(571392K), 0.0025591 secs] [Times: user=0.01 sys=0.00, real=0.01 secs] 
1168.673: [GC (Allocation Failure) [PSYoungGen: 60272K->1376K(60928K)] 397865K->338969K(571392K), 0.0019404 secs] [Times: user=0.00 sys=0.00, real=0.00 secs] 
1168.872: [GC (Allocation Failure) [PSYoungGen: 60256K->1408K(60928K)] 397849K->339002K(571392K), 0.0014691 secs] [Times: user=0.01 sys=0.00, real=0.00 secs] 
1168.975: [GC (Allocation Failure) [PSYoungGen: 60288K->1533K(60928K)] 397882K->339151K(571392K), 0.0016059 secs] [Times: user=0.01 sys=0.00, real=0.01 secs] 
1169.078: [GC (Allocation Failure) [PSYoungGen: 60413K->1533K(60928K)] 398031K->339175K(571392K), 0.0016363 secs] [Times: user=0.00 sys=0.00, real=0.00 secs] 
1169.182: [GC (Allocation Failure) [PSYoungGen: 60413K->1469K(60928K)] 398055K->339111K(571392K), 0.0015579 secs] [Times: user=0.00 sys=0.00, real=0.00 secs] 
1169.418: [GC (Allocation Failure) [PSYoungGen: 60349K->1456K(66560K)] 397991K->339097K(577024K), 0.0020346 secs] [Times: user=0.00 sys=0.00, real=0.00 secs] 
1170.181: [GC (Allocation Failure) [PSYoungGen: 66480K->1440K(66048K)] 404121K->339081K(576512K), 0.0020508 secs] [Times: user=0.00 sys=0.00, real=0.00 secs] 
1171.201: [GC (Allocation Failure) [PSYoungGen: 65952K->1360K(65536K)] 403593K->339001K(576000K), 0.0032148 secs] [Times: user=0.01 sys=0.00, real=0.00 secs] 
1172.298: [GC (Allocation Failure) [PSYoungGen: 65360K->1408K(65024K)] 403001K->339049K(575488K), 0.0034182 secs] [Times: user=0.01 sys=0.00, real=0.00 secs] 
1172.899: [GC (Allocation Failure) [PSYoungGen: 64896K->1408K(64512K)] 402537K->339049K(574976K), 0.0025124 secs] [Times: user=0.01 sys=0.00, real=0.00 secs] 
1173.237: [GC (Allocation Failure) [PSYoungGen: 64384K->1456K(64000K)] 402025K->339098K(574464K), 0.0021758 secs] [Times: user=0.01 sys=0.00, real=0.00 secs] 
1173.361: [GC (Allocation Failure) [PSYoungGen: 63920K->1501K(63488K)] 401562K->339159K(573952K), 0.0017872 secs] [Times: user=0.01 sys=0.00, real=0.00 secs] 
1173.485: [GC (Allocation Failure) [PSYoungGen: 63453K->1469K(62976K)] 401111K->339127K(573440K), 0.0019198 secs] [Times: user=0.01 sys=0.00, real=0.01 secs] 
1173.621: [GC (Allocation Failure) [PSYoungGen: 62909K->1533K(63488K)] 400567K->339191K(573952K), 0.0018866 secs] [Times: user=0.00 sys=0.00, real=0.00 secs] 
1174.054: [GC (Allocation Failure) [PSYoungGen: 62973K->1424K(62464K)] 400631K->339081K(572928K), 0.0025376 secs] [Times: user=0.01 sys=0.00, real=0.01 secs] 
1174.565: [GC (Allocation Failure) [PSYoungGen: 62352K->1408K(61952K)] 400009K->339065K(572416K), 0.0035195 secs] [Times: user=0.01 sys=0.00, real=0.01 secs] 
1175.048: [GC (Allocation Failure) [PSYoungGen: 61824K->1376K(61440K)] 399481K->339033K(571904K), 0.0018821 secs] [Times: user=0.00 sys=0.00, real=0.00 secs] 
1175.344: [GC (Allocation Failure) [PSYoungGen: 61280K->1360K(60928K)] 398937K->339017K(571392K), 0.0019273 secs] [Times: user=0.01 sys=0.00, real=0.00 secs] 
1175.590: [GC (Allocation Failure) [PSYoungGen: 60752K->1376K(60416K)] 398409K->339033K(570880K), 0.0020438 secs] [Times: user=0.00 sys=0.00, real=0.00 secs] 
1175.744: [GC (Allocation Failure) [PSYoungGen: 60256K->1533K(60928K)] 397913K->339191K(571392K), 0.0014738 secs] [Times: user=0.01 sys=0.00, real=0.00 secs] 
1175.849: [GC (Allocation Failure) [PSYoungGen: 60413K->1421K(60928K)] 398071K->339095K(571392K), 0.0017109 secs] [Times: user=0.00 sys=0.00, real=0.00 secs] 
1175.955: [GC (Allocation Failure) [PSYoungGen: 60301K->1485K(67072K)] 397975K->339159K(577536K), 0.0016180 secs] [Times: user=0.01 sys=0.00, real=0.01 secs] 
1176.068: [GC (Allocation Failure) [PSYoungGen: 66509K->1533K(67072K)] 404183K->339207K(577536K), 0.0016355 secs] [Times: user=0.01 sys=0.00, real=0.00 secs] 
1176.936: [GC (Allocation Failure) [PSYoungGen: 66557K->1456K(66048K)] 404231K->339153K(576512K), 0.0028840 secs] [Times: user=0.01 sys=0.00, real=0.01 secs] 
1177.802: [GC (Allocation Failure) [PSYoungGen: 65968K->1408K(65536K)] 403665K->339105K(576000K), 0.0026970 secs] [Times: user=0.01 sys=0.00, real=0.00 secs] 
1178.518: [GC (Allocation Failure) [PSYoungGen: 65408K->1312K(65024K)] 403105K->339009K(575488K), 0.0027659 secs] [Times: user=0.01 sys=0.00, real=0.00 secs] 
1178.996: [GC (Allocation Failure) [PSYoungGen: 64800K->1376K(64512K)] 402497K->339073K(574976K), 0.0026193 secs] [Times: user=0.01 sys=0.00, real=0.01 secs] 
1179.330: [GC (Allocation Failure) [PSYoungGen: 64352K->1421K(64000K)] 402049K->339119K(574464K), 0.0019246 secs] [Times: user=0.01 sys=0.00, real=0.00 secs] 
1179.462: [GC (Allocation Failure) [PSYoungGen: 63885K->1469K(63488K)] 401583K->339167K(573952K), 0.0016285 secs] [Times: user=0.01 sys=0.00, real=0.00 secs] 
1179.572: [GC (Allocation Failure) [PSYoungGen: 63421K->1421K(62976K)] 401119K->339127K(573440K), 0.0016775 secs] [Times: user=0.01 sys=0.00, real=0.00 secs] 
1179.680: [GC (Allocation Failure) [PSYoungGen: 62861K->1437K(69632K)] 400567K->339143K(580096K), 0.0016993 secs] [Times: user=0.00 sys=0.00, real=0.00 secs] 
1180.658: [GC (Allocation Failure) [PSYoungGen: 69533K->1440K(70144K)] 407239K->339145K(580608K), 0.0070232 secs] [Times: user=0.03 sys=0.00, real=0.00 secs] 
1181.963: [GC (Allocation Failure) [PSYoungGen: 69536K->1408K(69120K)] 407241K->339113K(579584K), 0.0041721 secs] [Times: user=0.01 sys=0.01, real=0.01 secs] 
1182.557: [GC (Allocation Failure) [PSYoungGen: 68992K->1376K(68608K)] 406697K->339081K(579072K), 0.0030667 secs] [Times: user=0.02 sys=0.00, real=0.00 secs] 
1183.076: [GC (Allocation Failure) [PSYoungGen: 68448K->1408K(68096K)] 406153K->339113K(578560K), 0.0031256 secs] [Times: user=0.01 sys=0.00, real=0.00 secs] 
1183.635: [GC (Allocation Failure) [PSYoungGen: 67968K->1469K(67584K)] 405673K->339175K(578048K), 0.0026367 secs] [Times: user=0.01 sys=0.00, real=0.01 secs] 
1183.817: [GC (Allocation Failure) [PSYoungGen: 67517K->1501K(67072K)] 405223K->339207K(577536K), 0.0017956 secs] [Times: user=0.01 sys=0.00, real=0.00 secs] 
1183.933: [GC (Allocation Failure) [PSYoungGen: 67037K->1453K(66560K)] 404743K->339159K(577024K), 0.0017440 secs] [Times: user=0.00 sys=0.00, real=0.00 secs] 
1184.047: [GC (Allocation Failure) [PSYoungGen: 66477K->1453K(67072K)] 404183K->339175K(577536K), 0.0016387 secs] [Times: user=0.01 sys=0.00, real=0.00 secs] 
1184.216: [GC (Allocation Failure) [PSYoungGen: 66477K->1952K(73728K)] 404199K->339673K(584192K), 0.0019552 secs] [Times: user=0.01 sys=0.00, real=0.01 secs] 
1184.549: [GC (Allocation Failure) [PSYoungGen: 73632K->1344K(72704K)] 411353K->339065K(583168K), 0.0018096 secs] [Times: user=0.01 sys=0.00, real=0.00 secs] 
1184.864: [GC (Allocation Failure) [PSYoungGen: 72512K->1376K(72192K)] 410233K->339097K(582656K), 0.0019240 secs] [Times: user=0.01 sys=0.00, real=0.01 secs] 
1185.196: [GC (Allocation Failure) [PSYoungGen: 72032K->1440K(71680K)] 409753K->339161K(582144K), 0.0017930 secs] [Times: user=0.00 sys=0.00, real=0.01 secs] 
1185.518: [GC (Allocation Failure) [PSYoungGen: 71584K->1405K(71168K)] 409305K->339127K(581632K), 0.0019595 secs] [Times: user=0.01 sys=0.00, real=0.00 secs] 
1185.644: [GC (Allocation Failure) [PSYoungGen: 71037K->1533K(70656K)] 408759K->339255K(581120K), 0.0015110 secs] [Times: user=0.00 sys=0.00, real=0.00 secs] 
1185.767: [GC (Allocation Failure) [PSYoungGen: 70653K->1501K(70144K)] 408375K->339223K(580608K), 0.0016379 secs] [Times: user=0.01 sys=0.00, real=0.00 secs] 
1185.889: [GC (Allocation Failure) [PSYoungGen: 70109K->1504K(70656K)] 407831K->339242K(581120K), 0.0016948 secs] [Times: user=0.00 sys=0.00, real=0.00 secs] 
1186.344: [GC (Allocation Failure) [PSYoungGen: 70112K->1424K(69632K)] 407850K->339185K(580096K), 0.0020487 secs] [Times: user=0.00 sys=0.00, real=0.01 secs] 
1187.499: [GC (Allocation Failure) [PSYoungGen: 69520K->1376K(69120K)] 407281K->339137K(579584K), 0.0028345 secs] [Times: user=0.01 sys=0.00, real=0.00 secs] 
1188.493: [GC (Allocation Failure) [PSYoungGen: 68960K->1408K(68608K)] 406721K->339169K(579072K), 0.0026430 secs] [Times: user=0.01 sys=0.00, real=0.00 secs] 
1189.281: [GC (Allocation Failure) [PSYoungGen: 68480K->1344K(68096K)] 406241K->339105K(578560K), 0.0030190 secs] [Times: user=0.01 sys=0.00, real=0.00 secs] 
1189.991: [GC (Allocation Failure) [PSYoungGen: 67904K->1437K(67584K)] 405665K->339199K(578048K), 0.0021369 secs] [Times: user=0.01 sys=0.00, real=0.00 secs] 
1190.145: [GC (Allocation Failure) [PSYoungGen: 67485K->1533K(67072K)] 405247K->339295K(577536K), 0.0016147 secs] [Times: user=0.01 sys=0.00, real=0.01 secs] 
1190.260: [GC (Allocation Failure) [PSYoungGen: 67069K->1421K(66560K)] 404831K->339183K(577024K), 0.0015475 secs] [Times: user=0.01 sys=0.00, real=0.00 secs] 
1190.374: [GC (Allocation Failure) [PSYoungGen: 66445K->1501K(66048K)] 404207K->339279K(576512K), 0.0018231 secs] [Times: user=0.01 sys=0.00, real=0.00 secs] 
1190.597: [GC (Allocation Failure) [PSYoungGen: 66013K->1392K(65536K)] 403791K->339169K(576000K), 0.0018963 secs] [Times: user=0.00 sys=0.00, real=0.00 secs] 
1190.889: [GC (Allocation Failure) [PSYoungGen: 65392K->1376K(65024K)] 403169K->339153K(575488K), 0.0018416 secs] [Times: user=0.01 sys=0.00, real=0.00 secs] 
1191.392: [GC (Allocation Failure) [PSYoungGen: 64864K->1408K(64512K)] 402641K->339185K(574976K), 0.0018756 secs] [Times: user=0.01 sys=0.00, real=0.00 secs] 
1191.888: [GC (Allocation Failure) [PSYoungGen: 64384K->1344K(64000K)] 402161K->339121K(574464K), 0.0022904 secs] [Times: user=0.00 sys=0.00, real=0.00 secs] 
1192.363: [GC (Allocation Failure) [PSYoungGen: 63808K->1392K(63488K)] 401585K->339169K(573952K), 0.0021567 secs] [Times: user=0.00 sys=0.00, real=0.00 secs] 
1192.575: [GC (Allocation Failure) [PSYoungGen: 63344K->1456K(62976K)] 401121K->339234K(573440K), 0.0016328 secs] [Times: user=0.01 sys=0.00, real=0.01 secs] 
1192.682: [GC (Allocation Failure) [PSYoungGen: 62896K->1469K(62464K)] 400674K->339247K(572928K), 0.0015699 secs] [Times: user=0.01 sys=0.00, real=0.00 secs] 
1192.789: [GC (Allocation Failure) [PSYoungGen: 62397K->1504K(68608K)] 400175K->339298K(579072K), 0.0016980 secs] [Times: user=0.00 sys=0.00, real=0.00 secs] 
1192.906: [GC (Allocation Failure) [PSYoungGen: 68572K->1469K(69120K)] 406366K->339263K(579584K), 0.0015803 secs] [Times: user=0.01 sys=0.00, real=0.00 secs] 
1193.283: [GC (Allocation Failure) [PSYoungGen: 69053K->1424K(68608K)] 406847K->339217K(579072K), 0.0019523 secs] [Times: user=0.01 sys=0.00, real=0.00 secs] 
1193.724: [GC (Allocation Failure) [PSYoungGen: 68496K->1408K(68096K)] 406289K->339201K(578560K), 0.0019765 secs] [Times: user=0.00 sys=0.00, real=0.00 secs] 
1194.247: [GC (Allocation Failure) [PSYoungGen: 67968K->1376K(67584K)] 405761K->339169K(578048K), 0.0019324 secs] [Times: user=0.01 sys=0.00, real=0.00 secs] 
1194.845: [GC (Allocation Failure) [PSYoungGen: 67424K->1376K(67072K)] 405217K->339169K(577536K), 0.0039447 secs] [Times: user=0.02 sys=0.01, real=0.01 secs] 
1195.306: [GC (Allocation Failure) [PSYoungGen: 66912K->1501K(66560K)] 404705K->339295K(577024K), 0.0020960 secs] [Times: user=0.01 sys=0.00, real=0.00 secs] 
1195.452: [GC (Allocation Failure) [PSYoungGen: 66525K->1469K(66048K)] 404319K->339263K(576512K), 0.0016465 secs] [Times: user=0.01 sys=0.00, real=0.00 secs] 
1195.567: [GC (Allocation Failure) [PSYoungGen: 65981K->1453K(65536K)] 403775K->339263K(576000K), 0.0016538 secs] [Times: user=0.00 sys=0.00, real=0.00 secs] 
1195.682: [GC (Allocation Failure) [PSYoungGen: 65453K->1520K(66048K)] 403263K->339330K(576512K), 0.0016035 secs] [Times: user=0.01 sys=0.00, real=0.00 secs] 
1196.059: [GC (Allocation Failure) [PSYoungGen: 65520K->1392K(65024K)] 403330K->339201K(575488K), 0.0020433 secs] [Times: user=0.01 sys=0.00, real=0.00 secs] 
1196.740: [GC (Allocation Failure) [PSYoungGen: 64880K->1312K(64512K)] 402689K->339137K(574976K), 0.0037679 secs] [Times: user=0.01 sys=0.00, real=0.00 secs] 
1197.583: [GC (Allocation Failure) [PSYoungGen: 64288K->1376K(64000K)] 402113K->339201K(574464K), 0.0044205 secs] [Times: user=0.02 sys=0.00, real=0.01 secs] 
1198.567: [GC (Allocation Failure) [PSYoungGen: 63840K->1376K(63488K)] 401665K->339201K(573952K), 0.0039372 secs] [Times: user=0.02 sys=0.00, real=0.00 secs] 
1199.363: [GC (Allocation Failure) [PSYoungGen: 63328K->1424K(62976K)] 401153K->339250K(573440K), 0.0033784 secs] [Times: user=0.01 sys=0.00, real=0.01 secs] 
1199.542: [GC (Allocation Failure) [PSYoungGen: 62864K->1501K(62464K)] 400690K->339327K(572928K), 0.0020314 secs] [Times: user=0.01 sys=0.00, real=0.00 secs] 
1199.652: [GC (Allocation Failure) [PSYoungGen: 62429K->1421K(61952K)] 400255K->339247K(572416K), 0.0016547 secs] [Times: user=0.00 sys=0.00, real=0.00 secs] 
1199.759: [GC (Allocation Failure) [PSYoungGen: 61837K->1424K(62464K)] 399663K->339258K(572928K), 0.0017280 secs] [Times: user=0.01 sys=0.00, real=0.00 secs] 
1199.867: [GC (Allocation Failure) [PSYoungGen: 61840K->1488K(62464K)] 399674K->339322K(572928K), 0.0016416 secs] [Times: user=0.01 sys=0.00, real=0.00 secs] 
1200.418: [GC (Allocation Failure) [PSYoungGen: 61904K->1424K(61440K)] 399738K->339257K(571904K), 0.0019219 secs] [Times: user=0.00 sys=0.00, real=0.00 secs] 
1201.175: [GC (Allocation Failure) [PSYoungGen: 61328K->1376K(60928K)] 399161K->339209K(571392K), 0.0031668 secs] [Times: user=0.01 sys=0.00, real=0.01 secs] 
1201.737: [GC (Allocation Failure) [PSYoungGen: 60768K->1360K(60416K)] 398601K->339193K(570880K), 0.0027526 secs] [Times: user=0.01 sys=0.00, real=0.00 secs] 
1202.295: [GC (Allocation Failure) [PSYoungGen: 60240K->1376K(60416K)] 398073K->339209K(570880K), 0.0027541 secs] [Times: user=0.01 sys=0.00, real=0.01 secs] 
1202.946: [GC (Allocation Failure) [PSYoungGen: 60256K->1437K(60416K)] 398089K->339271K(570880K), 0.0033782 secs] [Times: user=0.01 sys=0.00, real=0.00 secs] 
1203.135: [GC (Allocation Failure) [PSYoungGen: 60317K->1501K(60416K)] 398151K->339335K(570880K), 0.0020959 secs] [Times: user=0.00 sys=0.00, real=0.01 secs] 
1203.248: [GC (Allocation Failure) [PSYoungGen: 60381K->1453K(60416K)] 398215K->339295K(570880K), 0.0015727 secs] [Times: user=0.00 sys=0.00, real=0.00 secs] 
1203.351: [GC (Allocation Failure) [PSYoungGen: 60333K->1501K(65536K)] 398175K->339343K(576000K), 0.0016217 secs] [Times: user=0.01 sys=0.00, real=0.00 secs] 
1203.462: [GC (Allocation Failure) [PSYoungGen: 64989K->1533K(67072K)] 402831K->339375K(577536K), 0.0017072 secs] [Times: user=0.01 sys=0.00, real=0.00 secs] 
1204.177: [GC (Allocation Failure) [PSYoungGen: 66557K->1424K(67072K)] 404399K->339265K(577536K), 0.0042362 secs] [Times: user=0.02 sys=0.00, real=0.00 secs] 
1205.014: [GC (Allocation Failure) [PSYoungGen: 66448K->1376K(66048K)] 404289K->339217K(576512K), 0.0039839 secs] [Times: user=0.02 sys=0.00, real=0.01 secs] 
1206.182: [GC (Allocation Failure) [PSYoungGen: 65888K->1376K(65536K)] 403729K->339217K(576000K), 0.0045185 secs] [Times: user=0.01 sys=0.01, real=0.01 secs] 
1206.721: [GC (Allocation Failure) [PSYoungGen: 65376K->1376K(65024K)] 403217K->339217K(575488K), 0.0030911 secs] [Times: user=0.01 sys=0.00, real=0.00 secs] 
1207.096: [GC (Allocation Failure) [PSYoungGen: 64864K->1469K(64512K)] 402705K->339311K(574976K), 0.0020543 secs] [Times: user=0.01 sys=0.00, real=0.01 secs] 
1207.220: [GC (Allocation Failure) [PSYoungGen: 64445K->1453K(64000K)] 402287K->339295K(574464K), 0.0015393 secs] [Times: user=0.01 sys=0.00, real=0.00 secs] 
1207.330: [GC (Allocation Failure) [PSYoungGen: 63917K->1533K(71168K)] 401759K->339399K(581632K), 0.0016784 secs] [Times: user=0.01 sys=0.00, real=0.00 secs] 
1207.452: [GC (Allocation Failure) [PSYoungGen: 70653K->1501K(71168K)] 408519K->339367K(581632K), 0.0017767 secs] [Times: user=0.01 sys=0.00, real=0.00 secs] 
1207.811: [GC (Allocation Failure) [PSYoungGen: 70621K->1424K(70144K)] 408487K->339313K(580608K), 0.0019307 secs] [Times: user=0.00 sys=0.00, real=0.00 secs] 
1208.393: [GC (Allocation Failure) [PSYoungGen: 70032K->1408K(69632K)] 407921K->339297K(580096K), 0.0018932 secs] [Times: user=0.00 sys=0.00, real=0.00 secs] 
1208.802: [GC (Allocation Failure) [PSYoungGen: 69504K->1408K(69120K)] 407393K->339297K(579584K), 0.0019637 secs] [Times: user=0.00 sys=0.00, real=0.00 secs] 
1209.083: [GC (Allocation Failure) [PSYoungGen: 68992K->1440K(68608K)] 406881K->339329K(579072K), 0.0017310 secs] [Times: user=0.01 sys=0.00, real=0.00 secs] 
1209.344: [GC (Allocation Failure) [PSYoungGen: 68512K->1421K(68096K)] 406401K->339311K(578560K), 0.0032775 secs] [Times: user=0.01 sys=0.00, real=0.01 secs] 
1209.464: [GC (Allocation Failure) [PSYoungGen: 67981K->1488K(67584K)] 405871K->339378K(578048K), 0.0016709 secs] [Times: user=0.01 sys=0.00, real=0.00 secs] 
1209.580: [GC (Allocation Failure) [PSYoungGen: 67536K->1488K(68096K)] 405426K->339378K(578560K), 0.0015846 secs] [Times: user=0.00 sys=0.00, real=0.00 secs] 
1209.696: [GC (Allocation Failure) [PSYoungGen: 67536K->1501K(74752K)] 405426K->339407K(585216K), 0.0016755 secs] [Times: user=0.01 sys=0.01, real=0.01 secs] 
1210.306: [GC (Allocation Failure) [PSYoungGen: 74205K->1440K(73728K)] 412111K->339345K(584192K), 0.0022230 secs] [Times: user=0.01 sys=0.00, real=0.00 secs] 
1211.147: [GC (Allocation Failure) [PSYoungGen: 73632K->1376K(73216K)] 411537K->339281K(583680K), 0.0029161 secs] [Times: user=0.01 sys=0.00, real=0.00 secs] 
1211.942: [GC (Allocation Failure) [PSYoungGen: 73056K->1408K(72704K)] 410961K->339313K(583168K), 0.0047108 secs] [Times: user=0.02 sys=0.00, real=0.01 secs] 
1212.760: [GC (Allocation Failure) [PSYoungGen: 72576K->1344K(72192K)] 410481K->339249K(582656K), 0.0046927 secs] [Times: user=0.02 sys=0.00, real=0.00 secs] 
1213.323: [GC (Allocation Failure) [PSYoungGen: 72000K->1437K(71680K)] 409905K->339343K(582144K), 0.0024128 secs] [Times: user=0.01 sys=0.00, real=0.00 secs] 
1213.479: [GC (Allocation Failure) [PSYoungGen: 71581K->1501K(71168K)] 409487K->339407K(581632K), 0.0017053 secs] [Times: user=0.01 sys=0.00, real=0.00 secs] 
1213.601: [GC (Allocation Failure) [PSYoungGen: 71133K->1453K(70656K)] 409039K->339367K(581120K), 0.0016370 secs] [Times: user=0.00 sys=0.00, real=0.00 secs] 
1213.723: [GC (Allocation Failure) [PSYoungGen: 70573K->1485K(71168K)] 408487K->339415K(581632K), 0.0016834 secs] [Times: user=0.01 sys=0.00, real=0.00 secs] 
1214.066: [GC (Allocation Failure) [PSYoungGen: 70605K->1440K(70144K)] 408535K->339369K(580608K), 0.0019511 secs] [Times: user=0.01 sys=0.00, real=0.00 secs] 
1214.414: [GC (Allocation Failure) [PSYoungGen: 70048K->1408K(69632K)] 407977K->339345K(580096K), 0.0019094 secs] [Times: user=0.01 sys=0.00, real=0.01 secs] 
1214.711: [GC (Allocation Failure) [PSYoungGen: 69504K->1376K(69120K)] 407441K->339321K(579584K), 0.0019409 secs] [Times: user=0.00 sys=0.00, real=0.00 secs] 
1215.038: [GC (Allocation Failure) [PSYoungGen: 68960K->1376K(68608K)] 406905K->339321K(579072K), 0.0018861 secs] [Times: user=0.01 sys=0.00, real=0.00 secs] 
1215.230: [GC (Allocation Failure) [PSYoungGen: 68448K->1501K(68096K)] 406393K->339447K(578560K), 0.0016706 secs] [Times: user=0.01 sys=0.00, real=0.00 secs] 
1215.346: [GC (Allocation Failure) [PSYoungGen: 68061K->1453K(67584K)] 406007K->339399K(578048K), 0.0016298 secs] [Times: user=0.01 sys=0.00, real=0.00 secs] 
1215.462: [GC (Allocation Failure) [PSYoungGen: 67501K->1501K(68096K)] 405447K->339447K(578560K), 0.0016647 secs] [Times: user=0.01 sys=0.00, real=0.00 secs] 
1215.578: [GC (Allocation Failure) [PSYoungGen: 67549K->1549K(74752K)] 405495K->339511K(585216K), 0.0017778 secs] [Times: user=0.01 sys=0.00, real=0.00 secs] 
1215.931: [GC (Allocation Failure) [PSYoungGen: 74253K->1408K(74752K)] 412215K->339369K(585216K), 0.0018816 secs] [Times: user=0.01 sys=0.00, real=0.00 secs] 
1216.243: [GC (Allocation Failure) [PSYoungGen: 74112K->1360K(73728K)] 412073K->339345K(584192K), 0.0018384 secs] [Times: user=0.01 sys=0.00, real=0.00 secs] 
1216.590: [GC (Allocation Failure) [PSYoungGen: 73552K->1376K(73216K)] 411537K->339361K(583680K), 0.0020732 secs] [Times: user=0.01 sys=0.00, real=0.00 secs] 
1216.953: [GC (Allocation Failure) [PSYoungGen: 73056K->1392K(72704K)] 411041K->339378K(583168K), 0.0018544 secs] [Times: user=0.01 sys=0.00, real=0.00 secs] 
1217.100: [GC (Allocation Failure) [PSYoungGen: 72560K->1501K(72192K)] 410546K->339487K(582656K), 0.0018458 secs] [Times: user=0.01 sys=0.00, real=0.00 secs] 
1217.225: [GC (Allocation Failure) [PSYoungGen: 72157K->1485K(71680K)] 410143K->339471K(582144K), 0.0016208 secs] [Times: user=0.00 sys=0.00, real=0.01 secs] 
1217.347: [GC (Allocation Failure) [PSYoungGen: 71623K->1437K(78848K)] 409609K->339423K(589312K), 0.0015476 secs] [Times: user=0.01 sys=0.00, real=0.00 secs] 
1217.952: [GC (Allocation Failure) [PSYoungGen: 78749K->1440K(78336K)] 416735K->339433K(588800K), 0.0023605 secs] [Times: user=0.01 sys=0.00, real=0.00 secs] 
1218.921: [GC (Allocation Failure) [PSYoungGen: 78240K->1376K(77824K)] 416233K->339369K(588288K), 0.0031752 secs] [Times: user=0.01 sys=0.00, real=0.00 secs] 
1219.916: [GC (Allocation Failure) [PSYoungGen: 77664K->1376K(77312K)] 415657K->339369K(587776K), 0.0028800 secs] [Times: user=0.01 sys=0.00, real=0.01 secs] 
1220.728: [GC (Allocation Failure) [PSYoungGen: 77152K->1344K(76800K)] 415145K->339337K(587264K), 0.0027960 secs] [Times: user=0.01 sys=0.00, real=0.00 secs] 
1221.100: [GC (Allocation Failure) [PSYoungGen: 76594K->1437K(76288K)] 414588K->339431K(586752K), 0.0020246 secs] [Times: user=0.01 sys=0.00, real=0.00 secs] 
1221.239: [GC (Allocation Failure) [PSYoungGen: 76189K->1472K(75776K)] 414183K->339466K(586240K), 0.0016173 secs] [Times: user=0.01 sys=0.00, real=0.00 secs] 
1221.369: [GC (Allocation Failure) [PSYoungGen: 75712K->1501K(75264K)] 413706K->339495K(585728K), 0.0017104 secs] [Times: user=0.01 sys=0.00, real=0.00 secs] 
1221.565: [GC (Allocation Failure) [PSYoungGen: 75229K->1472K(74752K)] 413223K->339465K(585216K), 0.0028033 secs] [Times: user=0.01 sys=0.00, real=0.01 secs] 
1221.879: [GC (Allocation Failure) [PSYoungGen: 74688K->1344K(74240K)] 412681K->339337K(584704K), 0.0017024 secs] [Times: user=0.01 sys=0.00, real=0.00 secs] 
1222.181: [GC (Allocation Failure) [PSYoungGen: 74048K->1408K(73728K)] 412041K->339401K(584192K), 0.0017153 secs] [Times: user=0.01 sys=0.00, real=0.00 secs] 
1222.480: [GC (Allocation Failure) [PSYoungGen: 73600K->1424K(73216K)] 411593K->339417K(583680K), 0.0018216 secs] [Times: user=0.00 sys=0.00, real=0.00 secs] 
1222.727: [GC (Allocation Failure) [PSYoungGen: 73104K->1472K(72704K)] 411097K->339466K(583168K), 0.0015210 secs] [Times: user=0.00 sys=0.00, real=0.00 secs] 
1222.852: [GC (Allocation Failure) [PSYoungGen: 72640K->1469K(72192K)] 410634K->339463K(582656K), 0.0015852 secs] [Times: user=0.00 sys=0.00, real=0.00 secs] 
1222.976: [GC (Allocation Failure) [PSYoungGen: 72125K->1533K(71680K)] 410119K->339527K(582144K), 0.0016960 secs] [Times: user=0.01 sys=0.00, real=0.00 secs] 
1223.098: [GC (Allocation Failure) [PSYoungGen: 71677K->1501K(72192K)] 409671K->339495K(582656K), 0.0016202 secs] [Times: user=0.01 sys=0.00, real=0.00 secs] 
1224.076: [GC (Allocation Failure) [PSYoungGen: 71645K->1408K(71168K)] 409639K->339401K(581632K), 0.0024786 secs] [Times: user=0.01 sys=0.00, real=0.00 secs] 
1224.757: [GC (Allocation Failure) [PSYoungGen: 71040K->1360K(70656K)] 409033K->339353K(581120K), 0.0022184 secs] [Times: user=0.00 sys=0.00, real=0.00 secs] 
1225.343: [GC (Allocation Failure) [PSYoungGen: 70480K->1376K(70144K)] 408473K->339369K(580608K), 0.0035035 secs] [Times: user=0.01 sys=0.00, real=0.01 secs] 
1225.996: [GC (Allocation Failure) [PSYoungGen: 69984K->1376K(69632K)] 407977K->339369K(580096K), 0.0024266 secs] [Times: user=0.00 sys=0.00, real=0.01 secs] 
1226.387: [GC (Allocation Failure) [PSYoungGen: 69472K->1469K(69120K)] 407465K->339463K(579584K), 0.0020483 secs] [Times: user=0.01 sys=0.00, real=0.00 secs] 
1226.516: [GC (Allocation Failure) [PSYoungGen: 69053K->1456K(68608K)] 407047K->339450K(579072K), 0.0016415 secs] [Times: user=0.00 sys=0.00, real=0.00 secs] 
1226.635: [GC (Allocation Failure) [PSYoungGen: 68528K->1456K(68096K)] 406522K->339450K(578560K), 0.0016595 secs] [Times: user=0.01 sys=0.00, real=0.01 secs] 
1226.753: [GC (Allocation Failure) [PSYoungGen: 68016K->1472K(68608K)] 406010K->339490K(579072K), 0.0016101 secs] [Times: user=0.00 sys=0.00, real=0.00 secs] 
1227.076: [GC (Allocation Failure) [PSYoungGen: 68032K->1440K(67584K)] 406050K->339457K(578048K), 0.0018403 secs] [Times: user=0.00 sys=0.00, real=0.01 secs] 
1227.351: [GC (Allocation Failure) [PSYoungGen: 67488K->1408K(67072K)] 405505K->339425K(577536K), 0.0017885 secs] [Times: user=0.00 sys=0.00, real=0.00 secs] 
1227.623: [GC (Allocation Failure) [PSYoungGen: 66944K->1408K(66560K)] 404961K->339425K(577024K), 0.0018114 secs] [Times: user=0.01 sys=0.00, real=0.00 secs] 
1227.893: [GC (Allocation Failure) [PSYoungGen: 66432K->1472K(66048K)] 404449K->339489K(576512K), 0.0022199 secs] [Times: user=0.00 sys=0.00, real=0.00 secs] 
1228.287: [GC (Allocation Failure) [PSYoungGen: 65984K->1437K(65536K)] 404001K->339455K(576000K), 0.0023867 secs] [Times: user=0.01 sys=0.00, real=0.00 secs] 
1228.440: [GC (Allocation Failure) [PSYoungGen: 65437K->1501K(65024K)] 403455K->339519K(575488K), 0.0015828 secs] [Times: user=0.01 sys=0.00, real=0.00 secs] 
1228.552: [GC (Allocation Failure) [PSYoungGen: 64989K->1453K(64512K)] 403007K->339471K(574976K), 0.0016704 secs] [Times: user=0.01 sys=0.00, real=0.00 secs] 
1228.661: [GC (Allocation Failure) [PSYoungGen: 64429K->1533K(65024K)] 402447K->339567K(575488K), 0.0016307 secs] [Times: user=0.01 sys=0.00, real=0.00 secs] 
1229.017: [GC (Allocation Failure) [PSYoungGen: 64509K->1392K(65024K)] 402543K->339425K(575488K), 0.0042488 secs] [Times: user=0.02 sys=0.00, real=0.00 secs] 
1229.571: [GC (Allocation Failure) [PSYoungGen: 64368K->1376K(64000K)] 402401K->339409K(574464K), 0.0026188 secs] [Times: user=0.01 sys=0.00, real=0.00 secs] 
1229.981: [GC (Allocation Failure) [PSYoungGen: 63840K->1392K(63488K)] 401873K->339425K(573952K), 0.0022273 secs] [Times: user=0.01 sys=0.00, real=0.00 secs] 
1230.547: [GC (Allocation Failure) [PSYoungGen: 63344K->1376K(62976K)] 401377K->339409K(573440K), 0.0018778 secs] [Times: user=0.01 sys=0.00, real=0.00 secs] 
1231.251: [GC (Allocation Failure) [PSYoungGen: 62816K->1344K(62464K)] 400849K->339377K(572928K), 0.0048113 secs] [Times: user=0.01 sys=0.00, real=0.01 secs] 
1231.529: [GC (Allocation Failure) [PSYoungGen: 62272K->1485K(61952K)] 400305K->339519K(572416K), 0.0019046 secs] [Times: user=0.00 sys=0.00, real=0.00 secs] 
1231.652: [GC (Allocation Failure) [PSYoungGen: 61901K->1501K(61440K)] 399935K->339535K(571904K), 0.0015869 secs] [Times: user=0.00 sys=0.00, real=0.00 secs] 
1231.757: [GC (Allocation Failure) [PSYoungGen: 61405K->1424K(67584K)] 399439K->339474K(578048K), 0.0015865 secs] [Times: user=0.00 sys=0.00, real=0.00 secs] 
1231.877: [GC (Allocation Failure) [PSYoungGen: 67472K->1453K(68096K)] 405522K->339503K(578560K), 0.0014877 secs] [Times: user=0.01 sys=0.00, real=0.00 secs] 
1232.661: [GC (Allocation Failure) [PSYoungGen: 67501K->1440K(67072K)] 405551K->339489K(577536K), 0.0021066 secs] [Times: user=0.01 sys=0.00, real=0.00 secs] 
1233.207: [GC (Allocation Failure) [PSYoungGen: 66976K->1376K(66560K)] 405025K->339425K(577024K), 0.0027748 secs] [Times: user=0.01 sys=0.00, real=0.00 secs] 
1233.624: [GC (Allocation Failure) [PSYoungGen: 66400K->1376K(66048K)] 404449K->339425K(576512K), 0.0024248 secs] [Times: user=0.01 sys=0.00, real=0.01 secs] 
1234.047: [GC (Allocation Failure) [PSYoungGen: 65888K->1408K(65536K)] 403937K->339457K(576000K), 0.0030552 secs] [Times: user=0.01 sys=0.01, real=0.00 secs] 
1234.732: [GC (Allocation Failure) [PSYoungGen: 65408K->1469K(65024K)] 403457K->339519K(575488K), 0.0024861 secs] [Times: user=0.01 sys=0.00, real=0.00 secs] 
1234.891: [GC (Allocation Failure) [PSYoungGen: 64957K->1533K(64512K)] 403007K->339583K(574976K), 0.0017758 secs] [Times: user=0.00 sys=0.00, real=0.00 secs] 
1235.001: [GC (Allocation Failure) [PSYoungGen: 64509K->1501K(64000K)] 402559K->339567K(574464K), 0.0016320 secs] [Times: user=0.01 sys=0.00, real=0.00 secs] 
1235.126: [GC (Allocation Failure) [PSYoungGen: 63965K->1469K(71168K)] 402031K->339535K(581632K), 0.0018164 secs] [Times: user=0.00 sys=0.00, real=0.00 secs] 
1235.933: [GC (Allocation Failure) [PSYoungGen: 70589K->1456K(70144K)] 408655K->339521K(580608K), 0.0036934 secs] [Times: user=0.02 sys=0.00, real=0.01 secs] 
1236.353: [GC (Allocation Failure) [PSYoungGen: 70064K->1376K(69632K)] 408129K->339441K(580096K), 0.0019476 secs] [Times: user=0.01 sys=0.00, real=0.00 secs] 
1236.649: [GC (Allocation Failure) [PSYoungGen: 69472K->1440K(69120K)] 407537K->339505K(579584K), 0.0020435 secs] [Times: user=0.00 sys=0.00, real=0.00 secs] 
1237.233: [GC (Allocation Failure) [PSYoungGen: 69024K->1328K(68608K)] 407089K->339417K(579072K), 0.0019289 secs] [Times: user=0.01 sys=0.00, real=0.00 secs] 
1237.697: [GC (Allocation Failure) [PSYoungGen: 68400K->1405K(68096K)] 406489K->339495K(578560K), 0.0021126 secs] [Times: user=0.01 sys=0.00, real=0.00 secs] 
1237.868: [GC (Allocation Failure) [PSYoungGen: 67965K->1485K(67584K)] 406055K->339575K(578048K), 0.0018546 secs] [Times: user=0.01 sys=0.00, real=0.00 secs] 
1238.017: [GC (Allocation Failure) [PSYoungGen: 67533K->1501K(67072K)] 405623K->339591K(577536K), 0.0015969 secs] [Times: user=0.01 sys=0.00, real=0.00 secs] 
1238.132: [GC (Allocation Failure) [PSYoungGen: 67037K->1424K(66560K)] 405127K->339530K(577024K), 0.0017161 secs] [Times: user=0.00 sys=0.00, real=0.00 secs] 
1238.719: [GC (Allocation Failure) [PSYoungGen: 66448K->1456K(66048K)] 404554K->339561K(576512K), 0.0037929 secs] [Times: user=0.01 sys=0.00, real=0.00 secs] 
1239.626: [GC (Allocation Failure) [PSYoungGen: 65968K->1344K(65536K)] 404073K->339449K(576000K), 0.0032567 secs] [Times: user=0.01 sys=0.00, real=0.00 secs] 
1240.245: [GC (Allocation Failure) [PSYoungGen: 65344K->1408K(65024K)] 403449K->339513K(575488K), 0.0050868 secs] [Times: user=0.02 sys=0.00, real=0.01 secs] 
1241.054: [GC (Allocation Failure) [PSYoungGen: 64896K->1376K(64512K)] 403001K->339481K(574976K), 0.0026614 secs] [Times: user=0.01 sys=0.00, real=0.01 secs] 
1241.824: [GC (Allocation Failure) [PSYoungGen: 64292K->256K(64000K)] 402398K->338361K(574464K), 0.0027182 secs] [Times: user=0.01 sys=0.00, real=0.01 secs] 
1242.003: [GC (Allocation Failure) [PSYoungGen: 62720K->1469K(63488K)] 400825K->339575K(573952K), 0.0020054 secs] [Times: user=0.01 sys=0.00, real=0.00 secs] 
1242.120: [GC (Allocation Failure) [PSYoungGen: 63421K->1501K(62976K)] 401527K->339607K(573440K), 0.0016229 secs] [Times: user=0.00 sys=0.00, real=0.00 secs] 
1242.244: [GC (Allocation Failure) [PSYoungGen: 62941K->1517K(63488K)] 401047K->339631K(573952K), 0.0017927 secs] [Times: user=0.01 sys=0.00, real=0.01 secs] 
1242.382: [GC (Allocation Failure) [PSYoungGen: 62957K->1501K(69632K)] 401071K->339615K(580096K), 0.0020584 secs] [Times: user=0.00 sys=0.00, real=0.00 secs] 
1243.018: [GC (Allocation Failure) [PSYoungGen: 69085K->1408K(69632K)] 407199K->339521K(580096K), 0.0040629 secs] [Times: user=0.02 sys=0.00, real=0.00 secs] 
1243.471: [GC (Allocation Failure) [PSYoungGen: 68992K->1408K(68608K)] 407105K->339521K(579072K), 0.0021932 secs] [Times: user=0.01 sys=0.00, real=0.00 secs] 
1243.770: [GC (Allocation Failure) [PSYoungGen: 68480K->1376K(68096K)] 406593K->339489K(578560K), 0.0025545 secs] [Times: user=0.01 sys=0.00, real=0.00 secs] 
1244.133: [GC (Allocation Failure) [PSYoungGen: 67936K->1408K(67584K)] 406049K->339521K(578048K), 0.0017536 secs] [Times: user=0.01 sys=0.00, real=0.00 secs] 
1244.419: [GC (Allocation Failure) [PSYoungGen: 67456K->1485K(67072K)] 405569K->339599K(577536K), 0.0018159 secs] [Times: user=0.01 sys=0.00, real=0.00 secs] 
1244.535: [GC (Allocation Failure) [PSYoungGen: 67021K->1421K(66560K)] 405135K->339535K(577024K), 0.0015886 secs] [Times: user=0.00 sys=0.00, real=0.01 secs] 
1244.649: [GC (Allocation Failure) [PSYoungGen: 66445K->1501K(73216K)] 404559K->339631K(583680K), 0.0016977 secs] [Times: user=0.01 sys=0.00, real=0.00 secs] 
1244.775: [GC (Allocation Failure) [PSYoungGen: 73181K->1437K(73728K)] 411311K->339567K(584192K), 0.0016390 secs] [Times: user=0.00 sys=0.00, real=0.01 secs] 
1245.997: [GC (Allocation Failure) [PSYoungGen: 73117K->1408K(72704K)] 411247K->339537K(583168K), 0.0025553 secs] [Times: user=0.01 sys=0.00, real=0.00 secs] 
1246.841: [GC (Allocation Failure) [PSYoungGen: 72576K->1376K(72192K)] 410705K->339505K(582656K), 0.0023049 secs] [Times: user=0.01 sys=0.00, real=0.00 secs] 
1247.202: [GC (Allocation Failure) [PSYoungGen: 72032K->1360K(71680K)] 410161K->339505K(582144K), 0.0021231 secs] [Times: user=0.01 sys=0.00, real=0.00 secs] 
1247.808: [GC (Allocation Failure) [PSYoungGen: 71504K->1376K(71168K)] 409649K->339521K(581632K), 0.0025690 secs] [Times: user=0.01 sys=0.00, real=0.00 secs] 
1248.059: [GC (Allocation Failure) [PSYoungGen: 71008K->1501K(70656K)] 409153K->339647K(581120K), 0.0017186 secs] [Times: user=0.01 sys=0.00, real=0.00 secs] 
1248.183: [GC (Allocation Failure) [PSYoungGen: 70621K->1469K(70144K)] 408767K->339615K(580608K), 0.0016989 secs] [Times: user=0.01 sys=0.00, real=0.00 secs] 
1248.304: [GC (Allocation Failure) [PSYoungGen: 70071K->1421K(69632K)] 408217K->339567K(580096K), 0.0017161 secs] [Times: user=0.01 sys=0.00, real=0.01 secs] 
1248.576: [GC (Allocation Failure) [PSYoungGen: 69517K->1728K(69632K)] 407663K->339873K(580096K), 0.0024180 secs] [Times: user=0.01 sys=0.00, real=0.00 secs] 
1249.198: [GC (Allocation Failure) [PSYoungGen: 69312K->1344K(68608K)] 407457K->339489K(579072K), 0.0023118 secs] [Times: user=0.01 sys=0.00, real=0.00 secs] 
1249.568: [GC (Allocation Failure) [PSYoungGen: 68416K->1344K(68096K)] 406561K->339489K(578560K), 0.0018826 secs] [Times: user=0.01 sys=0.00, real=0.00 secs] 
1249.846: [GC (Allocation Failure) [PSYoungGen: 67904K->1376K(67584K)] 406049K->339521K(578048K), 0.0020382 secs] [Times: user=0.01 sys=0.00, real=0.01 secs] 
1250.176: [GC (Allocation Failure) [PSYoungGen: 67424K->1408K(67072K)] 405569K->339561K(577536K), 0.0019779 secs] [Times: user=0.00 sys=0.00, real=0.01 secs] 
1250.408: [GC (Allocation Failure) [PSYoungGen: 66944K->1469K(66560K)] 405097K->339623K(577024K), 0.0016489 secs] [Times: user=0.00 sys=0.00, real=0.00 secs] 
1250.522: [GC (Allocation Failure) [PSYoungGen: 66493K->1501K(66048K)] 404647K->339655K(576512K), 0.0016533 secs] [Times: user=0.01 sys=0.01, real=0.00 secs] 
1250.635: [GC (Allocation Failure) [PSYoungGen: 66013K->1392K(67072K)] 404167K->339546K(577536K), 0.0015510 secs] [Times: user=0.01 sys=0.00, real=0.01 secs] 
1250.748: [GC (Allocation Failure) [PSYoungGen: 66416K->1501K(73216K)] 404570K->339663K(583680K), 0.0017916 secs] [Times: user=0.00 sys=0.00, real=0.00 secs] 
1252.637: [GC (Allocation Failure) [PSYoungGen: 72669K->1472K(72192K)] 410831K->339633K(582656K), 0.0041047 secs] [Times: user=0.02 sys=0.00, real=0.00 secs] 
1253.284: [GC (Allocation Failure) [PSYoungGen: 72128K->1376K(71680K)] 410289K->339537K(582144K), 0.0032424 secs] [Times: user=0.01 sys=0.00, real=0.01 secs] 
1253.894: [GC (Allocation Failure) [PSYoungGen: 71520K->1440K(71168K)] 409681K->339601K(581632K), 0.0032427 secs] [Times: user=0.02 sys=0.00, real=0.01 secs] 
1254.469: [GC (Allocation Failure) [PSYoungGen: 71072K->1344K(70656K)] 409233K->339505K(581120K), 0.0027297 secs] [Times: user=0.01 sys=0.00, real=0.00 secs] 
1254.669: [GC (Allocation Failure) [PSYoungGen: 70464K->1501K(70144K)] 408625K->339663K(580608K), 0.0015277 secs] [Times: user=0.01 sys=0.00, real=0.00 secs] 
1254.789: [GC (Allocation Failure) [PSYoungGen: 70109K->1488K(69632K)] 408271K->339650K(580096K), 0.0015603 secs] [Times: user=0.01 sys=0.00, real=0.00 secs] 
1254.908: [GC (Allocation Failure) [PSYoungGen: 69584K->1488K(69120K)] 407746K->339666K(579584K), 0.0016999 secs] [Times: user=0.00 sys=0.00, real=0.00 secs] 
1255.206: [GC (Allocation Failure) [PSYoungGen: 69072K->1984K(69120K)] 407250K->340161K(579584K), 0.0021036 secs] [Times: user=0.01 sys=0.00, real=0.00 secs] 
1256.339: [GC (Allocation Failure) [PSYoungGen: 69056K->1376K(68096K)] 407233K->339553K(578560K), 0.0026833 secs] [Times: user=0.01 sys=0.00, real=0.00 secs] 
1257.179: [GC (Allocation Failure) [PSYoungGen: 67936K->1440K(67584K)] 406113K->339617K(578048K), 0.0024933 secs] [Times: user=0.01 sys=0.00, real=0.00 secs] 
1258.074: [GC (Allocation Failure) [PSYoungGen: 67488K->1408K(67072K)] 405665K->339585K(577536K), 0.0028848 secs] [Times: user=0.01 sys=0.00, real=0.01 secs] 
1258.797: [GC (Allocation Failure) [PSYoungGen: 66944K->1408K(66560K)] 405121K->339585K(577024K), 0.0022138 secs] [Times: user=0.01 sys=0.00, real=0.00 secs] 
1258.966: [GC (Allocation Failure) [PSYoungGen: 66407K->1501K(66048K)] 404585K->339679K(576512K), 0.0018511 secs] [Times: user=0.00 sys=0.00, real=0.00 secs] 
1259.081: [GC (Allocation Failure) [PSYoungGen: 66013K->1488K(65536K)] 404191K->339666K(576000K), 0.0015602 secs] [Times: user=0.01 sys=0.00, real=0.00 secs] 
1259.195: [GC (Allocation Failure) [PSYoungGen: 65488K->1501K(66560K)] 403666K->339679K(577024K), 0.0030611 secs] [Times: user=0.01 sys=0.00, real=0.01 secs] 
1259.311: [GC (Allocation Failure) [PSYoungGen: 66013K->1469K(73216K)] 404191K->339671K(583680K), 0.0016272 secs] [Times: user=0.01 sys=0.01, real=0.00 secs] 
1260.602: [GC (Allocation Failure) [PSYoungGen: 72637K->1424K(73216K)] 410839K->339625K(583680K), 0.0038663 secs] [Times: user=0.01 sys=0.00, real=0.00 secs] 
1262.540: [GC (Allocation Failure) [PSYoungGen: 72592K->1408K(72192K)] 410793K->339617K(582656K), 0.0059748 secs] [Times: user=0.02 sys=0.00, real=0.01 secs] 
1263.723: [GC (Allocation Failure) [PSYoungGen: 72064K->1440K(71680K)] 410273K->339649K(582144K), 0.0028632 secs] [Times: user=0.01 sys=0.00, real=0.01 secs] 
1264.279: [GC (Allocation Failure) [PSYoungGen: 71584K->1440K(71168K)] 409793K->339649K(581632K), 0.0020886 secs] [Times: user=0.01 sys=0.00, real=0.00 secs] 
1264.484: [GC (Allocation Failure) [PSYoungGen: 71072K->1565K(71168K)] 409281K->339775K(581632K), 0.0016553 secs] [Times: user=0.00 sys=0.00, real=0.00 secs] 
1264.606: [GC (Allocation Failure) [PSYoungGen: 70685K->429K(69120K)] 408895K->339663K(579584K), 0.0016389 secs] [Times: user=0.00 sys=0.00, real=0.01 secs] 
1264.744: [GC (Allocation Failure) [PSYoungGen: 69036K->493K(70144K)] 408270K->339735K(580608K), 0.0018553 secs] [Times: user=0.01 sys=0.00, real=0.00 secs] 
1264.970: [GC (Allocation Failure) [PSYoungGen: 68589K->1472K(69120K)] 407831K->340713K(579584K), 0.0023234 secs] [Times: user=0.01 sys=0.00, real=0.00 secs] 
1265.295: [GC (Allocation Failure) [PSYoungGen: 69056K->1376K(68608K)] 408297K->340617K(579072K), 0.0020544 secs] [Times: user=0.01 sys=0.00, real=0.01 secs] 
1265.594: [GC (Allocation Failure) [PSYoungGen: 68448K->1472K(68096K)] 407689K->340713K(578560K), 0.0017294 secs] [Times: user=0.01 sys=0.00, real=0.01 secs] 
1265.936: [GC (Allocation Failure) [PSYoungGen: 68032K->1376K(67584K)] 407273K->340617K(578048K), 0.0021195 secs] [Times: user=0.01 sys=0.00, real=0.00 secs] 
1266.220: [GC (Allocation Failure) [PSYoungGen: 67424K->1440K(67072K)] 406665K->340681K(577536K), 0.0018914 secs] [Times: user=0.00 sys=0.00, real=0.00 secs] 
1266.363: [GC (Allocation Failure) [PSYoungGen: 66976K->1501K(66560K)] 406217K->340743K(577024K), 0.0016725 secs] [Times: user=0.00 sys=0.00, real=0.00 secs] 
1266.478: [GC (Allocation Failure) [PSYoungGen: 66525K->1517K(66048K)] 405767K->340759K(576512K), 0.0014889 secs] [Times: user=0.00 sys=0.00, real=0.00 secs] 
1266.590: [GC (Allocation Failure) [PSYoungGen: 66029K->1533K(73216K)] 405271K->340775K(583680K), 0.0016160 secs] [Times: user=0.00 sys=0.01, real=0.00 secs] 
1266.901: [GC (Allocation Failure) [PSYoungGen: 73213K->1760K(73216K)] 412455K->341009K(583680K), 0.0018732 secs] [Times: user=0.01 sys=0.00, real=0.00 secs] 
1267.787: [GC (Allocation Failure) [PSYoungGen: 72928K->1376K(72192K)] 412177K->340657K(582656K), 0.0039934 secs] [Times: user=0.01 sys=0.00, real=0.00 secs] 
1268.460: [GC (Allocation Failure) [PSYoungGen: 72032K->1376K(71680K)] 411313K->340657K(582144K), 0.0031490 secs] [Times: user=0.02 sys=0.00, real=0.00 secs] 
1268.976: [GC (Allocation Failure) [PSYoungGen: 71520K->1376K(71168K)] 410801K->340657K(581632K), 0.0023158 secs] [Times: user=0.01 sys=0.00, real=0.00 secs] 
1269.572: [GC (Allocation Failure) [PSYoungGen: 71008K->1437K(70656K)] 410289K->340719K(581120K), 0.0021871 secs] [Times: user=0.01 sys=0.00, real=0.00 secs] 
1269.766: [GC (Allocation Failure) [PSYoungGen: 70557K->1501K(70144K)] 409839K->340783K(580608K), 0.0023030 secs] [Times: user=0.00 sys=0.00, real=0.00 secs] 
1269.955: [GC (Allocation Failure) [PSYoungGen: 70105K->1501K(69632K)] 409387K->340783K(580096K), 0.0020531 secs] [Times: user=0.01 sys=0.00, real=0.01 secs] 
1270.103: [GC (Allocation Failure) [PSYoungGen: 69597K->1453K(69120K)] 408879K->340751K(579584K), 0.0015849 secs] [Times: user=0.01 sys=0.00, real=0.00 secs] 
1270.297: [GC (Allocation Failure) [PSYoungGen: 69037K->1424K(68608K)] 408335K->340721K(579072K), 0.0022172 secs] [Times: user=0.01 sys=0.00, real=0.00 secs] 
1270.645: [GC (Allocation Failure) [PSYoungGen: 68496K->1408K(68096K)] 407793K->340705K(578560K), 0.0021278 secs] [Times: user=0.01 sys=0.00, real=0.01 secs] 
1270.921: [GC (Allocation Failure) [PSYoungGen: 67968K->1376K(67584K)] 407265K->340673K(578048K), 0.0020823 secs] [Times: user=0.01 sys=0.00, real=0.00 secs] 
1271.208: [GC (Allocation Failure) [PSYoungGen: 67424K->1376K(67072K)] 406721K->340673K(577536K), 0.0020749 secs] [Times: user=0.01 sys=0.00, real=0.00 secs] 
1271.493: [GC (Allocation Failure) [PSYoungGen: 66912K->1437K(66560K)] 406209K->340735K(577024K), 0.0019154 secs] [Times: user=0.00 sys=0.00, real=0.00 secs] 
1271.616: [GC (Allocation Failure) [PSYoungGen: 66461K->1501K(66048K)] 405759K->340799K(576512K), 0.0018502 secs] [Times: user=0.01 sys=0.00, real=0.00 secs] 
1271.730: [GC (Allocation Failure) [PSYoungGen: 66013K->1485K(66560K)] 405311K->340783K(577024K), 0.0014888 secs] [Times: user=0.01 sys=0.00, real=0.00 secs] 
1271.844: [GC (Allocation Failure) [PSYoungGen: 66509K->1533K(67072K)] 405807K->340855K(577536K), 0.0015645 secs] [Times: user=0.01 sys=0.00, real=0.00 secs] 
1272.001: [GC (Allocation Failure) [PSYoungGen: 66557K->1984K(74240K)] 405879K->341817K(584704K), 0.0017938 secs] [Times: user=0.01 sys=0.00, real=0.00 secs] 
1272.301: [GC (Allocation Failure) [PSYoungGen: 74176K->1376K(74240K)] 414009K->341209K(584704K), 0.0019826 secs] [Times: user=0.01 sys=0.00, real=0.00 secs] 
1272.600: [GC (Allocation Failure) [PSYoungGen: 73568K->1376K(73216K)] 413401K->341209K(583680K), 0.0019420 secs] [Times: user=0.01 sys=0.00, real=0.00 secs] 
1272.990: [GC (Allocation Failure) [PSYoungGen: 73056K->1408K(72704K)] 412889K->341241K(583168K), 0.0020404 secs] [Times: user=0.01 sys=0.00, real=0.00 secs] 
1273.537: [GC (Allocation Failure) [PSYoungGen: 72576K->1437K(72192K)] 412409K->341271K(582656K), 0.0019105 secs] [Times: user=0.01 sys=0.00, real=0.00 secs] 
1273.721: [GC (Allocation Failure) [PSYoungGen: 72093K->1421K(71680K)] 411927K->341255K(582144K), 0.0021822 secs] [Times: user=0.01 sys=0.00, real=0.00 secs] 
1273.875: [GC (Allocation Failure) [PSYoungGen: 71565K->1469K(71168K)] 411399K->341303K(581632K), 0.0017764 secs] [Times: user=0.01 sys=0.00, real=0.01 secs] 
1273.998: [GC (Allocation Failure) [PSYoungGen: 71101K->1501K(78336K)] 410935K->341351K(588800K), 0.0017715 secs] [Times: user=0.00 sys=0.00, real=0.00 secs] 
1274.423: [GC (Allocation Failure) [PSYoungGen: 78301K->1440K(77824K)] 418151K->341297K(588288K), 0.0029630 secs] [Times: user=0.01 sys=0.00, real=0.01 secs] 
1274.825: [GC (Allocation Failure) [PSYoungGen: 77728K->1376K(77312K)] 417585K->341233K(587776K), 0.0020722 secs] [Times: user=0.01 sys=0.00, real=0.01 secs] 
1275.140: [GC (Allocation Failure) [PSYoungGen: 77152K->1408K(76800K)] 417009K->341265K(587264K), 0.0018518 secs] [Times: user=0.01 sys=0.00, real=0.00 secs] 
1275.627: [GC (Allocation Failure) [PSYoungGen: 76672K->1360K(76288K)] 416529K->341241K(586752K), 0.0020447 secs] [Times: user=0.01 sys=0.01, real=0.00 secs] 
1275.927: [GC (Allocation Failure) [PSYoungGen: 76112K->1469K(75776K)] 415993K->341351K(586240K), 0.0024042 secs] [Times: user=0.01 sys=0.00, real=0.00 secs] 
1276.089: [GC (Allocation Failure) [PSYoungGen: 75709K->1501K(75264K)] 415591K->341383K(585728K), 0.0017251 secs] [Times: user=0.01 sys=0.00, real=0.00 secs] 
1276.218: [GC (Allocation Failure) [PSYoungGen: 75229K->1469K(74752K)] 415111K->341351K(585216K), 0.0017123 secs] [Times: user=0.01 sys=0.00, real=0.00 secs] 
1276.516: [GC (Allocation Failure) [PSYoungGen: 74685K->1424K(74240K)] 414567K->341313K(584704K), 0.0026339 secs] [Times: user=0.01 sys=0.00, real=0.01 secs] 
1277.077: [GC (Allocation Failure) [PSYoungGen: 74128K->1376K(73728K)] 414017K->341265K(584192K), 0.0032287 secs] [Times: user=0.01 sys=0.00, real=0.00 secs] 
1277.598: [GC (Allocation Failure) [PSYoungGen: 73568K->1408K(73216K)] 413457K->341297K(583680K), 0.0022493 secs] [Times: user=0.00 sys=0.00, real=0.00 secs] 
1278.245: [GC (Allocation Failure) [PSYoungGen: 73088K->1376K(72704K)] 412977K->341265K(583168K), 0.0028402 secs] [Times: user=0.01 sys=0.00, real=0.01 secs] 
1278.746: [GC (Allocation Failure) [PSYoungGen: 72544K->1501K(72192K)] 412433K->341391K(582656K), 0.0021177 secs] [Times: user=0.01 sys=0.00, real=0.00 secs] 
1278.903: [GC (Allocation Failure) [PSYoungGen: 72153K->1533K(71680K)] 412043K->341423K(582144K), 0.0017651 secs] [Times: user=0.01 sys=0.00, real=0.00 secs] 
1279.043: [GC (Allocation Failure) [PSYoungGen: 71677K->1501K(71168K)] 411567K->341391K(581632K), 0.0020164 secs] [Times: user=0.01 sys=0.00, real=0.00 secs] 
1279.198: [GC (Allocation Failure) [PSYoungGen: 71133K->1501K(70656K)] 411023K->341391K(581120K), 0.0020132 secs] [Times: user=0.01 sys=0.00, real=0.00 secs] 
1281.146: [GC (Allocation Failure) [PSYoungGen: 70621K->1424K(70144K)] 410511K->341329K(580608K), 0.0030013 secs] [Times: user=0.01 sys=0.00, real=0.00 secs] 
1281.687: [GC (Allocation Failure) [PSYoungGen: 70032K->1360K(69632K)] 409937K->341265K(580096K), 0.0026592 secs] [Times: user=0.01 sys=0.00, real=0.00 secs] 
1282.193: [GC (Allocation Failure) [PSYoungGen: 69456K->1440K(69120K)] 409361K->341345K(579584K), 0.0027466 secs] [Times: user=0.01 sys=0.00, real=0.01 secs] 
1282.470: [GC (Allocation Failure) [PSYoungGen: 69024K->1424K(68608K)] 408929K->341329K(579072K), 0.0020122 secs] [Times: user=0.01 sys=0.00, real=0.00 secs] 
1282.676: [GC (Allocation Failure) [PSYoungGen: 68496K->1501K(68096K)] 408401K->341407K(578560K), 0.0016401 secs] [Times: user=0.01 sys=0.00, real=0.00 secs] 
1282.792: [GC (Allocation Failure) [PSYoungGen: 68061K->1453K(67584K)] 407967K->341359K(578048K), 0.0016179 secs] [Times: user=0.01 sys=0.00, real=0.00 secs] 
1282.908: [GC (Allocation Failure) [PSYoungGen: 67501K->1501K(67072K)] 407407K->341407K(577536K), 0.0016082 secs] [Times: user=0.00 sys=0.00, real=0.00 secs] 
1283.023: [GC (Allocation Failure) [PSYoungGen: 67037K->1533K(67584K)] 406943K->341455K(578048K), 0.0017464 secs] [Times: user=0.01 sys=0.00, real=0.00 secs] 
1283.856: [GC (Allocation Failure) [PSYoungGen: 67069K->1440K(66560K)] 406991K->341361K(577024K), 0.0031154 secs] [Times: user=0.01 sys=0.00, real=0.01 secs] 
1284.600: [GC (Allocation Failure) [PSYoungGen: 66464K->1408K(66048K)] 406385K->341329K(576512K), 0.0025750 secs] [Times: user=0.01 sys=0.00, real=0.00 secs] 
1285.139: [GC (Allocation Failure) [PSYoungGen: 65920K->1408K(65536K)] 405841K->341329K(576000K), 0.0026322 secs] [Times: user=0.01 sys=0.00, real=0.00 secs] 
1285.632: [GC (Allocation Failure) [PSYoungGen: 65408K->1408K(65024K)] 405329K->341329K(575488K), 0.0025854 secs] [Times: user=0.01 sys=0.01, real=0.00 secs] 
1286.037: [GC (Allocation Failure) [PSYoungGen: 64868K->1565K(65024K)] 404790K->341487K(575488K), 0.0021006 secs] [Times: user=0.01 sys=0.00, real=0.00 secs] 
1286.161: [GC (Allocation Failure) [PSYoungGen: 64541K->1488K(64000K)] 404463K->341410K(574464K), 0.0016710 secs] [Times: user=0.00 sys=0.00, real=0.00 secs] 
1286.271: [GC (Allocation Failure) [PSYoungGen: 63952K->1501K(63488K)] 403874K->341423K(573952K), 0.0016137 secs] [Times: user=0.01 sys=0.00, real=0.00 secs] 
1286.379: [GC (Allocation Failure) [PSYoungGen: 63453K->1472K(64000K)] 403375K->341410K(574464K), 0.0016612 secs] [Times: user=0.00 sys=0.00, real=0.00 secs] 
1286.950: [GC (Allocation Failure) [PSYoungGen: 63936K->1408K(63488K)] 403874K->341377K(573952K), 0.0021770 secs] [Times: user=0.01 sys=0.00, real=0.00 secs] 
1287.660: [GC (Allocation Failure) [PSYoungGen: 63360K->1376K(62976K)] 403329K->341345K(573440K), 0.0021384 secs] [Times: user=0.01 sys=0.00, real=0.00 secs] 
1288.160: [GC (Allocation Failure) [PSYoungGen: 62816K->1376K(62464K)] 402785K->341345K(572928K), 0.0023385 secs] [Times: user=0.01 sys=0.00, real=0.00 secs] 
1288.668: [GC (Allocation Failure) [PSYoungGen: 62304K->1376K(61952K)] 402273K->341345K(572416K), 0.0020835 secs] [Times: user=0.01 sys=0.00, real=0.00 secs] 
1289.288: [GC (Allocation Failure) [PSYoungGen: 61792K->1376K(61440K)] 401761K->341345K(571904K), 0.0020838 secs] [Times: user=0.01 sys=0.00, real=0.00 secs] 
1289.647: [GC (Allocation Failure) [PSYoungGen: 61280K->1469K(60928K)] 401249K->341439K(571392K), 0.0015641 secs] [Times: user=0.01 sys=0.00, real=0.00 secs] 
1289.751: [GC (Allocation Failure) [PSYoungGen: 60861K->1533K(60416K)] 400831K->341503K(570880K), 0.0016661 secs] [Times: user=0.00 sys=0.00, real=0.00 secs] 
1289.856: [GC (Allocation Failure) [PSYoungGen: 60413K->1517K(60928K)] 400383K->341511K(571392K), 0.0017658 secs] [Times: user=0.01 sys=0.00, real=0.01 secs] 
1289.960: [GC (Allocation Failure) [PSYoungGen: 60397K->1501K(60928K)] 400391K->341495K(571392K), 0.0015005 secs] [Times: user=0.00 sys=0.00, real=0.00 secs] 
1290.172: [GC (Allocation Failure) [PSYoungGen: 60381K->1424K(67072K)] 400375K->341417K(577536K), 0.0019775 secs] [Times: user=0.00 sys=0.00, real=0.00 secs] 
1290.478: [GC (Allocation Failure) [PSYoungGen: 66448K->1376K(66048K)] 406441K->341369K(576512K), 0.0020106 secs] [Times: user=0.01 sys=0.00, real=0.00 secs] 
1290.761: [GC (Allocation Failure) [PSYoungGen: 65888K->1360K(65536K)] 405881K->341353K(576000K), 0.0018794 secs] [Times: user=0.01 sys=0.00, real=0.00 secs] 
1291.051: [GC (Allocation Failure) [PSYoungGen: 65360K->1344K(65024K)] 405353K->341337K(575488K), 0.0018233 secs] [Times: user=0.01 sys=0.00, real=0.00 secs] 
1291.327: [GC (Allocation Failure) [PSYoungGen: 64832K->1408K(64512K)] 404825K->341401K(574976K), 0.0019274 secs] [Times: user=0.01 sys=0.01, real=0.00 secs] 
1291.542: [GC (Allocation Failure) [PSYoungGen: 64384K->1485K(64000K)] 404377K->341479K(574464K), 0.0017317 secs] [Times: user=0.01 sys=0.00, real=0.00 secs] 
1291.654: [GC (Allocation Failure) [PSYoungGen: 63949K->1501K(63488K)] 403943K->341511K(573952K), 0.0015962 secs] [Times: user=0.01 sys=0.00, real=0.00 secs] 
1291.762: [GC (Allocation Failure) [PSYoungGen: 63453K->1469K(64000K)] 403463K->341479K(574464K), 0.0016459 secs] [Times: user=0.01 sys=0.00, real=0.00 secs] 
1291.871: [GC (Allocation Failure) [PSYoungGen: 63421K->1485K(70656K)] 403431K->341495K(581120K), 0.0018020 secs] [Times: user=0.01 sys=0.00, real=0.00 secs] 
1292.229: [GC (Allocation Failure) [PSYoungGen: 70093K->1440K(70656K)] 410103K->341449K(581120K), 0.0019194 secs] [Times: user=0.01 sys=0.00, real=0.00 secs] 
1292.546: [GC (Allocation Failure) [PSYoungGen: 70048K->1376K(69632K)] 410057K->341385K(580096K), 0.0021088 secs] [Times: user=0.01 sys=0.00, real=0.01 secs] 
1292.838: [GC (Allocation Failure) [PSYoungGen: 69472K->1360K(69120K)] 409481K->341369K(579584K), 0.0022787 secs] [Times: user=0.01 sys=0.00, real=0.00 secs] 
1293.150: [GC (Allocation Failure) [PSYoungGen: 68944K->1376K(68608K)] 408953K->341385K(579072K), 0.0019244 secs] [Times: user=0.01 sys=0.00, real=0.00 secs] 
1293.387: [GC (Allocation Failure) [PSYoungGen: 68448K->1421K(68096K)] 408457K->341431K(578560K), 0.0016239 secs] [Times: user=0.01 sys=0.00, real=0.00 secs] 
1293.523: [GC (Allocation Failure) [PSYoungGen: 67981K->1437K(67584K)] 407991K->341447K(578048K), 0.0018189 secs] [Times: user=0.01 sys=0.00, real=0.00 secs] 
1293.675: [GC (Allocation Failure) [PSYoungGen: 67485K->1501K(74240K)] 407495K->341519K(584704K), 0.0020953 secs] [Times: user=0.01 sys=0.00, real=0.01 secs] 
1293.841: [GC (Allocation Failure) [PSYoungGen: 74205K->1501K(74752K)] 414223K->341519K(585216K), 0.0015533 secs] [Times: user=0.00 sys=0.00, real=0.00 secs] 
1294.313: [GC (Allocation Failure) [PSYoungGen: 74205K->1408K(73728K)] 414223K->341425K(584192K), 0.0021013 secs] [Times: user=0.00 sys=0.00, real=0.00 secs] 
1294.624: [GC (Allocation Failure) [PSYoungGen: 73600K->1376K(73216K)] 413617K->341393K(583680K), 0.0024664 secs] [Times: user=0.01 sys=0.00, real=0.01 secs] 
1294.935: [GC (Allocation Failure) [PSYoungGen: 73056K->1344K(72704K)] 413073K->341361K(583168K), 0.0024330 secs] [Times: user=0.01 sys=0.00, real=0.01 secs] 
1295.243: [GC (Allocation Failure) [PSYoungGen: 72512K->1376K(72192K)] 412529K->341409K(582656K), 0.0022225 secs] [Times: user=0.00 sys=0.00, real=0.00 secs] 
1295.417: [GC (Allocation Failure) [PSYoungGen: 72032K->1501K(71680K)] 412065K->341535K(582144K), 0.0017237 secs] [Times: user=0.01 sys=0.00, real=0.00 secs] 
1295.540: [GC (Allocation Failure) [PSYoungGen: 71645K->1501K(71168K)] 411679K->341535K(581632K), 0.0016628 secs] [Times: user=0.01 sys=0.00, real=0.00 secs] 
1295.662: [GC (Allocation Failure) [PSYoungGen: 71133K->1501K(71680K)] 411167K->341535K(582144K), 0.0016228 secs] [Times: user=0.01 sys=0.00, real=0.00 secs] 
1296.388: [GC (Allocation Failure) [PSYoungGen: 71133K->1440K(70656K)] 411167K->341473K(581120K), 0.0022296 secs] [Times: user=0.01 sys=0.00, real=0.00 secs] 
1297.230: [GC (Allocation Failure) [PSYoungGen: 70560K->1376K(70144K)] 410593K->341409K(580608K), 0.0032542 secs] [Times: user=0.01 sys=0.00, real=0.00 secs] 
1297.825: [GC (Allocation Failure) [PSYoungGen: 69984K->1344K(69632K)] 410017K->341377K(580096K), 0.0031664 secs] [Times: user=0.01 sys=0.00, real=0.01 secs] 
1298.508: [GC (Allocation Failure) [PSYoungGen: 69440K->1408K(69120K)] 409473K->341441K(579584K), 0.0031213 secs] [Times: user=0.01 sys=0.00, real=0.00 secs] 
1299.098: [GC (Allocation Failure) [PSYoungGen: 68992K->1405K(68608K)] 409025K->341439K(579072K), 0.0023063 secs] [Times: user=0.01 sys=0.00, real=0.00 secs] 
1299.253: [GC (Allocation Failure) [PSYoungGen: 68477K->1469K(68096K)] 408511K->341503K(578560K), 0.0016607 secs] [Times: user=0.01 sys=0.00, real=0.00 secs] 
1299.369: [GC (Allocation Failure) [PSYoungGen: 68029K->1469K(67584K)] 408063K->341503K(578048K), 0.0017379 secs] [Times: user=0.01 sys=0.00, real=0.00 secs] 
1299.486: [GC (Allocation Failure) [PSYoungGen: 67517K->1472K(67072K)] 407551K->341506K(577536K), 0.0016008 secs] [Times: user=0.00 sys=0.00, real=0.00 secs] 
1299.694: [GC (Allocation Failure) [PSYoungGen: 67008K->1440K(66560K)] 407042K->341473K(577024K), 0.0015504 secs] [Times: user=0.01 sys=0.00, real=0.00 secs] 
1299.979: [GC (Allocation Failure) [PSYoungGen: 66464K->1408K(66048K)] 406497K->341441K(576512K), 0.0018067 secs] [Times: user=0.00 sys=0.00, real=0.00 secs] 
1300.323: [GC (Allocation Failure) [PSYoungGen: 65920K->1376K(65536K)] 405953K->341409K(576000K), 0.0018047 secs] [Times: user=0.01 sys=0.00, real=0.00 secs] 
1300.624: [GC (Allocation Failure) [PSYoungGen: 65376K->1376K(65024K)] 405409K->341409K(575488K), 0.0020808 secs] [Times: user=0.01 sys=0.00, real=0.01 secs] 
1300.888: [GC (Allocation Failure) [PSYoungGen: 64864K->1408K(64512K)] 404897K->341441K(574976K), 0.0018339 secs] [Times: user=0.01 sys=0.00, real=0.00 secs] 
1301.924: [GC (Allocation Failure) [PSYoungGen: 64356K->1485K(64000K)] 404390K->341519K(574464K), 0.0021731 secs] [Times: user=0.00 sys=0.00, real=0.01 secs] 
1302.077: [GC (Allocation Failure) [PSYoungGen: 63949K->413K(62464K)] 403983K->341471K(572928K), 0.0019886 secs] [Times: user=0.00 sys=0.00, real=0.00 secs] 
1302.223: [GC (Allocation Failure) [PSYoungGen: 62365K->445K(63488K)] 403423K->341511K(573952K), 0.0018521 secs] [Times: user=0.01 sys=0.00, real=0.00 secs] 
1302.370: [GC (Allocation Failure) [PSYoungGen: 61885K->461K(61440K)] 402951K->341527K(571904K), 0.0016012 secs] [Times: user=0.01 sys=0.00, real=0.00 secs] 
1302.857: [GC (Allocation Failure) [PSYoungGen: 61389K->1392K(62464K)] 402455K->342458K(572928K), 0.0031564 secs] [Times: user=0.01 sys=0.00, real=0.00 secs] 
1303.394: [GC (Allocation Failure) [PSYoungGen: 61808K->1376K(61440K)] 402874K->342441K(571904K), 0.0027917 secs] [Times: user=0.01 sys=0.00, real=0.01 secs] 
1303.951: [GC (Allocation Failure) [PSYoungGen: 61280K->1392K(60928K)] 402345K->342458K(571392K), 0.0027977 secs] [Times: user=0.02 sys=0.00, real=0.00 secs] 
1304.477: [GC (Allocation Failure) [PSYoungGen: 60784K->1440K(60416K)] 401850K->342505K(570880K), 0.0024064 secs] [Times: user=0.01 sys=0.00, real=0.00 secs] 
1305.200: [GC (Allocation Failure) [PSYoungGen: 60320K->1456K(60416K)] 401385K->342522K(570880K), 0.0034765 secs] [Times: user=0.01 sys=0.00, real=0.00 secs] 
1305.384: [GC (Allocation Failure) [PSYoungGen: 60336K->1453K(60416K)] 401402K->342519K(570880K), 0.0019439 secs] [Times: user=0.01 sys=0.00, real=0.00 secs] 
1305.495: [GC (Allocation Failure) [PSYoungGen: 60333K->1485K(60416K)] 401399K->342559K(570880K), 0.0016889 secs] [Times: user=0.01 sys=0.00, real=0.01 secs] 
1305.600: [GC (Allocation Failure) [PSYoungGen: 60365K->1501K(66048K)] 401439K->342575K(576512K), 0.0015111 secs] [Times: user=0.01 sys=0.00, real=0.00 secs] 
1305.714: [GC (Allocation Failure) [PSYoungGen: 66012K->1469K(66560K)] 407086K->342543K(577024K), 0.0016093 secs] [Times: user=0.01 sys=0.00, real=0.00 secs] 
1305.982: [GC (Allocation Failure) [PSYoungGen: 65981K->1408K(72704K)] 407055K->342481K(583168K), 0.0017487 secs] [Times: user=0.01 sys=0.00, real=0.00 secs] 
1306.277: [GC (Allocation Failure) [PSYoungGen: 72576K->1376K(72192K)] 413649K->342449K(582656K), 0.0017962 secs] [Times: user=0.01 sys=0.00, real=0.00 secs] 
1306.570: [GC (Allocation Failure) [PSYoungGen: 72032K->1408K(71680K)] 413105K->342513K(582144K), 0.0017736 secs] [Times: user=0.01 sys=0.00, real=0.00 secs] 
1306.861: [GC (Allocation Failure) [PSYoungGen: 71552K->1376K(71168K)] 412657K->342481K(581632K), 0.0022127 secs] [Times: user=0.01 sys=0.00, real=0.00 secs] 
1307.123: [GC (Allocation Failure) [PSYoungGen: 71008K->1437K(70656K)] 412113K->342543K(581120K), 0.0025370 secs] [Times: user=0.01 sys=0.00, real=0.00 secs] 
1307.287: [GC (Allocation Failure) [PSYoungGen: 70557K->1469K(70144K)] 411663K->342575K(580608K), 0.0018630 secs] [Times: user=0.01 sys=0.00, real=0.00 secs] 
1307.425: [GC (Allocation Failure) [PSYoungGen: 70061K->1453K(70656K)] 411167K->342575K(581120K), 0.0020163 secs] [Times: user=0.01 sys=0.00, real=0.01 secs] 
1307.591: [GC (Allocation Failure) [PSYoungGen: 69379K->256K(70656K)] 410501K->341377K(581120K), 0.0015523 secs] [Times: user=0.01 sys=0.00, real=0.00 secs] 
1307.909: [GC (Allocation Failure) [PSYoungGen: 68864K->1408K(69632K)] 409985K->342529K(580096K), 0.0022412 secs] [Times: user=0.01 sys=0.00, real=0.00 secs] 
1308.185: [GC (Allocation Failure) [PSYoungGen: 69504K->1424K(69120K)] 410625K->342546K(579584K), 0.0023449 secs] [Times: user=0.01 sys=0.00, real=0.01 secs] 
1308.466: [GC (Allocation Failure) [PSYoungGen: 69008K->1424K(68608K)] 410130K->342546K(579072K), 0.0018685 secs] [Times: user=0.01 sys=0.01, real=0.00 secs] 
1308.745: [GC (Allocation Failure) [PSYoungGen: 68496K->1376K(68096K)] 409618K->342497K(578560K), 0.0020871 secs] [Times: user=0.00 sys=0.00, real=0.01 secs] 
1309.024: [GC (Allocation Failure) [PSYoungGen: 67936K->1469K(67584K)] 409057K->342591K(578048K), 0.0023983 secs] [Times: user=0.01 sys=0.00, real=0.01 secs] 
1309.183: [GC (Allocation Failure) [PSYoungGen: 67517K->1533K(67072K)] 408639K->342655K(577536K), 0.0017926 secs] [Times: user=0.01 sys=0.00, real=0.00 secs] 
1309.318: [GC (Allocation Failure) [PSYoungGen: 67069K->1533K(73728K)] 408191K->342655K(584192K), 0.0018126 secs] [Times: user=0.01 sys=0.00, real=0.00 secs] 
1309.570: [GC (Allocation Failure) [PSYoungGen: 73725K->1568K(73728K)] 414847K->342698K(584192K), 0.0023331 secs] [Times: user=0.01 sys=0.00, real=0.00 secs] 
1310.201: [GC (Allocation Failure) [PSYoungGen: 73248K->1344K(72704K)] 414378K->342473K(583168K), 0.0026392 secs] [Times: user=0.01 sys=0.00, real=0.00 secs] 
1310.829: [GC (Allocation Failure) [PSYoungGen: 72512K->1376K(72192K)] 413641K->342505K(582656K), 0.0024207 secs] [Times: user=0.01 sys=0.00, real=0.00 secs] 
1311.393: [GC (Allocation Failure) [PSYoungGen: 72032K->1376K(71680K)] 413161K->342505K(582144K), 0.0022212 secs] [Times: user=0.01 sys=0.00, real=0.00 secs] 
1311.979: [GC (Allocation Failure) [PSYoungGen: 71520K->1469K(71168K)] 412649K->342599K(581632K), 0.0036017 secs] [Times: user=0.01 sys=0.00, real=0.00 secs] 
1312.196: [GC (Allocation Failure) [PSYoungGen: 71101K->1501K(70656K)] 412231K->342631K(581120K), 0.0019551 secs] [Times: user=0.00 sys=0.00, real=0.00 secs] 
1312.322: [GC (Allocation Failure) [PSYoungGen: 70621K->1517K(70144K)] 411751K->342647K(580608K), 0.0016711 secs] [Times: user=0.01 sys=0.00, real=0.00 secs] 
1312.442: [GC (Allocation Failure) [PSYoungGen: 70116K->1453K(69632K)] 411245K->342591K(580096K), 0.0015917 secs] [Times: user=0.01 sys=0.00, real=0.00 secs] 
1312.755: [GC (Allocation Failure) [PSYoungGen: 69549K->1472K(69120K)] 410687K->342617K(579584K), 0.0027645 secs] [Times: user=0.00 sys=0.00, real=0.01 secs] 
1313.391: [GC (Allocation Failure) [PSYoungGen: 69056K->1344K(68608K)] 410201K->342489K(579072K), 0.0042715 secs] [Times: user=0.02 sys=0.00, real=0.00 secs] 
1313.957: [GC (Allocation Failure) [PSYoungGen: 68416K->1408K(68096K)] 409561K->342553K(578560K), 0.0026042 secs] [Times: user=0.01 sys=0.00, real=0.00 secs] 
1314.492: [GC (Allocation Failure) [PSYoungGen: 67968K->1408K(67584K)] 409113K->342553K(578048K), 0.0025523 secs] [Times: user=0.01 sys=0.01, real=0.00 secs] 
1315.111: [GC (Allocation Failure) [PSYoungGen: 67456K->1501K(67072K)] 408601K->342647K(577536K), 0.0032554 secs] [Times: user=0.01 sys=0.00, real=0.00 secs] 
1315.304: [GC (Allocation Failure) [PSYoungGen: 67037K->1437K(66560K)] 408183K->342583K(577024K), 0.0018447 secs] [Times: user=0.01 sys=0.00, real=0.01 secs] 
1315.419: [GC (Allocation Failure) [PSYoungGen: 66461K->1533K(66048K)] 407607K->342679K(576512K), 0.0017381 secs] [Times: user=0.01 sys=0.00, real=0.00 secs] 
1315.534: [GC (Allocation Failure) [PSYoungGen: 66045K->1453K(66560K)] 407191K->342607K(577024K), 0.0016947 secs] [Times: user=0.01 sys=0.00, real=0.00 secs] 
1315.706: [GC (Allocation Failure) [PSYoungGen: 66477K->1440K(67072K)] 407631K->342593K(577536K), 0.0018733 secs] [Times: user=0.01 sys=0.00, real=0.00 secs] 
1316.002: [GC (Allocation Failure) [PSYoungGen: 66464K->1344K(66048K)] 407617K->342497K(576512K), 0.0021104 secs] [Times: user=0.01 sys=0.00, real=0.00 secs] 
1316.273: [GC (Allocation Failure) [PSYoungGen: 65856K->1408K(65536K)] 407009K->342561K(576000K), 0.0021953 secs] [Times: user=0.01 sys=0.00, real=0.00 secs] 
1316.539: [GC (Allocation Failure) [PSYoungGen: 65408K->1360K(65024K)] 406561K->342530K(575488K), 0.0021432 secs] [Times: user=0.01 sys=0.00, real=0.00 secs] 
1316.859: [GC (Allocation Failure) [PSYoungGen: 64848K->1408K(64512K)] 406018K->342577K(574976K), 0.0021247 secs] [Times: user=0.01 sys=0.00, real=0.00 secs] 
1317.049: [GC (Allocation Failure) [PSYoungGen: 64384K->1424K(64000K)] 405553K->342594K(574464K), 0.0014940 secs] [Times: user=0.00 sys=0.00, real=0.00 secs] 
1317.160: [GC (Allocation Failure) [PSYoungGen: 63888K->1501K(63488K)] 405058K->342671K(573952K), 0.0016586 secs] [Times: user=0.01 sys=0.00, real=0.00 secs] 
1317.269: [GC (Allocation Failure) [PSYoungGen: 63453K->1485K(70144K)] 404623K->342671K(580608K), 0.0016653 secs] [Times: user=0.01 sys=0.00, real=0.00 secs] 
1317.390: [GC (Allocation Failure) [PSYoungGen: 70093K->1501K(70656K)] 411279K->342687K(581120K), 0.0016933 secs] [Times: user=0.01 sys=0.00, real=0.00 secs] 
1317.727: [GC (Allocation Failure) [PSYoungGen: 70109K->1440K(77312K)] 411295K->342625K(587776K), 0.0021418 secs] [Times: user=0.00 sys=0.00, real=0.00 secs] 
1318.041: [GC (Allocation Failure) [PSYoungGen: 77216K->1376K(76800K)] 418401K->342561K(587264K), 0.0020460 secs] [Times: user=0.00 sys=0.00, real=0.00 secs] 
1318.365: [GC (Allocation Failure) [PSYoungGen: 76640K->1328K(76288K)] 417825K->342514K(586752K), 0.0019451 secs] [Times: user=0.01 sys=0.00, real=0.01 secs] 
1318.753: [GC (Allocation Failure) [PSYoungGen: 76080K->1376K(75776K)] 417266K->342561K(586240K), 0.0019483 secs] [Times: user=0.00 sys=0.00, real=0.00 secs] 
1318.968: [GC (Allocation Failure) [PSYoungGen: 75616K->1453K(75264K)] 416801K->342639K(585728K), 0.0018158 secs] [Times: user=0.01 sys=0.00, real=0.00 secs] 
1319.099: [GC (Allocation Failure) [PSYoungGen: 75181K->1517K(74752K)] 416367K->342703K(585216K), 0.0016283 secs] [Times: user=0.00 sys=0.00, real=0.00 secs] 
1319.227: [GC (Allocation Failure) [PSYoungGen: 74733K->1472K(74240K)] 415919K->342674K(584704K), 0.0016388 secs] [Times: user=0.00 sys=0.00, real=0.00 secs] 
1319.654: [GC (Allocation Failure) [PSYoungGen: 74176K->1392K(73728K)] 415378K->342594K(584192K), 0.0019434 secs] [Times: user=0.01 sys=0.00, real=0.01 secs] 
1320.327: [GC (Allocation Failure) [PSYoungGen: 73584K->1344K(73216K)] 414786K->342545K(583680K), 0.0042051 secs] [Times: user=0.02 sys=0.00, real=0.00 secs] 
1321.108: [GC (Allocation Failure) [PSYoungGen: 73024K->1376K(72704K)] 414225K->342577K(583168K), 0.0024279 secs] [Times: user=0.01 sys=0.00, real=0.00 secs] 
1321.942: [GC (Allocation Failure) [PSYoungGen: 72544K->1360K(72192K)] 413745K->342562K(582656K), 0.0026701 secs] [Times: user=0.01 sys=0.00, real=0.00 secs] 
1322.485: [GC (Allocation Failure) [PSYoungGen: 72016K->1469K(71680K)] 413218K->342671K(582144K), 0.0023905 secs] [Times: user=0.01 sys=0.00, real=0.01 secs] 
1322.641: [GC (Allocation Failure) [PSYoungGen: 71613K->1501K(71168K)] 412815K->342703K(581632K), 0.0016570 secs] [Times: user=0.01 sys=0.00, real=0.00 secs] 
1322.763: [GC (Allocation Failure) [PSYoungGen: 71133K->1520K(70656K)] 412335K->342722K(581120K), 0.0016136 secs] [Times: user=0.00 sys=0.00, real=0.00 secs] 
1322.886: [GC (Allocation Failure) [PSYoungGen: 70640K->1504K(70144K)] 411842K->342706K(580608K), 0.0017570 secs] [Times: user=0.01 sys=0.00, real=0.00 secs] 
1323.810: [GC (Allocation Failure) [PSYoungGen: 70112K->1408K(69632K)] 411314K->342609K(580096K), 0.0024735 secs] [Times: user=0.01 sys=0.00, real=0.00 secs] 
1324.687: [GC (Allocation Failure) [PSYoungGen: 69504K->1376K(69120K)] 410705K->342577K(579584K), 0.0035562 secs] [Times: user=0.01 sys=0.00, real=0.00 secs] 
1325.621: [GC (Allocation Failure) [PSYoungGen: 68960K->1376K(68608K)] 410161K->342577K(579072K), 0.0027448 secs] [Times: user=0.01 sys=0.00, real=0.00 secs] 
1326.588: [GC (Allocation Failure) [PSYoungGen: 68448K->1408K(68096K)] 409649K->342609K(578560K), 0.0033659 secs] [Times: user=0.01 sys=0.00, real=0.00 secs] 
1327.019: [GC (Allocation Failure) [PSYoungGen: 67968K->1517K(67584K)] 409169K->342719K(578048K), 0.0019266 secs] [Times: user=0.01 sys=0.00, real=0.00 secs] 
1327.149: [GC (Allocation Failure) [PSYoungGen: 67557K->1485K(67072K)] 408759K->342687K(577536K), 0.0015857 secs] [Times: user=0.01 sys=0.00, real=0.00 secs] 
1327.267: [GC (Allocation Failure) [PSYoungGen: 67021K->1453K(66560K)] 408223K->342655K(577024K), 0.0017336 secs] [Times: user=0.01 sys=0.00, real=0.00 secs] 
1327.383: [GC (Allocation Failure) [PSYoungGen: 66477K->1501K(66048K)] 407679K->342719K(576512K), 0.0015763 secs] [Times: user=0.01 sys=0.00, real=0.00 secs] 
1327.881: [GC (Allocation Failure) [PSYoungGen: 66013K->1456K(65536K)] 407231K->342674K(576000K), 0.0019253 secs] [Times: user=0.01 sys=0.00, real=0.00 secs] 
1328.587: [GC (Allocation Failure) [PSYoungGen: 65456K->1344K(65024K)] 406674K->342561K(575488K), 0.0042082 secs] [Times: user=0.01 sys=0.00, real=0.00 secs] 
1329.360: [GC (Allocation Failure) [PSYoungGen: 64832K->1376K(64512K)] 406049K->342625K(574976K), 0.0040229 secs] [Times: user=0.01 sys=0.00, real=0.00 secs] 
1329.817: [GC (Allocation Failure) [PSYoungGen: 64352K->1376K(64000K)] 405601K->342625K(574464K), 0.0026174 secs] [Times: user=0.01 sys=0.00, real=0.00 secs] 
1330.255: [GC (Allocation Failure) [PSYoungGen: 63840K->1440K(63488K)] 405089K->342690K(573952K), 0.0023497 secs] [Times: user=0.01 sys=0.00, real=0.01 secs] 
1330.402: [GC (Allocation Failure) [PSYoungGen: 63392K->1389K(62976K)] 404642K->342639K(573440K), 0.0017041 secs] [Times: user=0.01 sys=0.00, real=0.00 secs] 
1330.510: [GC (Allocation Failure) [PSYoungGen: 62829K->1469K(62464K)] 404079K->342719K(572928K), 0.0016698 secs] [Times: user=0.01 sys=0.00, real=0.00 secs] 
1330.617: [GC (Allocation Failure) [PSYoungGen: 62397K->1485K(62976K)] 403647K->342743K(573440K), 0.0016082 secs] [Times: user=0.01 sys=0.00, real=0.00 secs] 
1330.815: [GC (Allocation Failure) [PSYoungGen: 62413K->1952K(62976K)] 403671K->343210K(573440K), 0.0018215 secs] [Times: user=0.01 sys=0.00, real=0.01 secs] 
1331.581: [GC (Allocation Failure) [PSYoungGen: 62880K->1376K(61952K)] 404138K->342633K(572416K), 0.0043958 secs] [Times: user=0.01 sys=0.01, real=0.00 secs] 
1332.178: [GC (Allocation Failure) [PSYoungGen: 61792K->1376K(61440K)] 403049K->342633K(571904K), 0.0027228 secs] [Times: user=0.01 sys=0.00, real=0.00 secs] 
1332.650: [GC (Allocation Failure) [PSYoungGen: 61280K->1440K(60928K)] 402537K->342697K(571392K), 0.0025750 secs] [Times: user=0.01 sys=0.00, real=0.00 secs] 
1333.098: [GC (Allocation Failure) [PSYoungGen: 60832K->1408K(60416K)] 402089K->342665K(570880K), 0.0022818 secs] [Times: user=0.01 sys=0.00, real=0.00 secs] 
1333.398: [GC (Allocation Failure) [PSYoungGen: 60288K->1469K(60416K)] 401545K->342727K(570880K), 0.0020307 secs] [Times: user=0.01 sys=0.00, real=0.00 secs] 
1333.516: [GC (Allocation Failure) [PSYoungGen: 60349K->1485K(60416K)] 401607K->342743K(570880K), 0.0017142 secs] [Times: user=0.00 sys=0.00, real=0.00 secs] 
1333.621: [GC (Allocation Failure) [PSYoungGen: 60365K->1533K(65536K)] 401623K->342799K(576000K), 0.0016725 secs] [Times: user=0.01 sys=0.00, real=0.00 secs] 
1333.734: [GC (Allocation Failure) [PSYoungGen: 65533K->1469K(66048K)] 406799K->342735K(576512K), 0.0016220 secs] [Times: user=0.00 sys=0.00, real=0.00 secs] 
1334.020: [GC (Allocation Failure) [PSYoungGen: 65469K->1504K(72704K)] 406735K->342777K(583168K), 0.0020855 secs] [Times: user=0.01 sys=0.00, real=0.00 secs] 
1334.927: [GC (Allocation Failure) [PSYoungGen: 72160K->1440K(71680K)] 413433K->342721K(582144K), 0.0021930 secs] [Times: user=0.01 sys=0.00, real=0.00 secs] 
1335.946: [GC (Allocation Failure) [PSYoungGen: 71584K->1440K(71168K)] 412865K->342721K(581632K), 0.0024518 secs] [Times: user=0.01 sys=0.00, real=0.01 secs] 
1337.019: [GC (Allocation Failure) [PSYoungGen: 71072K->1376K(70656K)] 412353K->342657K(581120K), 0.0028217 secs] [Times: user=0.01 sys=0.00, real=0.00 secs] 
1338.142: [GC (Allocation Failure) [PSYoungGen: 70496K->1501K(70144K)] 411777K->342783K(580608K), 0.0028555 secs] [Times: user=0.01 sys=0.00, real=0.00 secs] 
1338.327: [GC (Allocation Failure) [PSYoungGen: 70109K->1453K(69632K)] 411391K->342735K(580096K), 0.0017507 secs] [Times: user=0.01 sys=0.00, real=0.00 secs] 
1338.448: [GC (Allocation Failure) [PSYoungGen: 69549K->1533K(69120K)] 410831K->342831K(579584K), 0.0017873 secs] [Times: user=0.00 sys=0.00, real=0.00 secs] 
1338.570: [GC (Allocation Failure) [PSYoungGen: 69117K->1453K(68608K)] 410415K->342775K(579072K), 0.0017017 secs] [Times: user=0.00 sys=0.00, real=0.00 secs] 
1338.972: [GC (Allocation Failure) [PSYoungGen: 68525K->1440K(68096K)] 409847K->342761K(578560K), 0.0018834 secs] [Times: user=0.00 sys=0.00, real=0.00 secs] 
1339.561: [GC (Allocation Failure) [PSYoungGen: 68000K->1360K(67584K)] 409321K->342682K(578048K), 0.0019523 secs] [Times: user=0.01 sys=0.00, real=0.00 secs] 
1340.537: [GC (Allocation Failure) [PSYoungGen: 67408K->1376K(67072K)] 408730K->342697K(577536K), 0.0048255 secs] [Times: user=0.01 sys=0.00, real=0.00 secs] 
1341.297: [GC (Allocation Failure) [PSYoungGen: 66912K->1376K(66560K)] 408233K->342697K(577024K), 0.0027548 secs] [Times: user=0.01 sys=0.00, real=0.00 secs] 
1342.012: [GC (Allocation Failure) [PSYoungGen: 66400K->1437K(66048K)] 407721K->342759K(576512K), 0.0031747 secs] [Times: user=0.01 sys=0.00, real=0.00 secs] 
1342.202: [GC (Allocation Failure) [PSYoungGen: 65949K->1501K(65536K)] 407271K->342823K(576000K), 0.0019415 secs] [Times: user=0.01 sys=0.00, real=0.00 secs] 
1342.316: [GC (Allocation Failure) [PSYoungGen: 65500K->1421K(65024K)] 406822K->342743K(575488K), 0.0016243 secs] [Times: user=0.01 sys=0.00, real=0.00 secs] 
1342.427: [GC (Allocation Failure) [PSYoungGen: 64909K->1421K(64512K)] 406231K->342751K(574976K), 0.0016505 secs] [Times: user=0.01 sys=0.00, real=0.00 secs] 
1342.556: [GC (Allocation Failure) [PSYoungGen: 64244K->256K(65024K)] 405574K->341585K(575488K), 0.0018808 secs] [Times: user=0.00 sys=0.00, real=0.00 secs] 
1343.460: [GC (Allocation Failure) [PSYoungGen: 63232K->1328K(64000K)] 404561K->342658K(574464K), 0.0032724 secs] [Times: user=0.01 sys=0.00, real=0.00 secs] 
1343.946: [GC (Allocation Failure) [PSYoungGen: 63792K->1408K(63488K)] 405122K->342737K(573952K), 0.0022335 secs] [Times: user=0.01 sys=0.00, real=0.00 secs] 
1344.483: [GC (Allocation Failure) [PSYoungGen: 63360K->1408K(62976K)] 404689K->342737K(573440K), 0.0022650 secs] [Times: user=0.01 sys=0.00, real=0.00 secs] 
1345.036: [GC (Allocation Failure) [PSYoungGen: 62848K->1376K(62464K)] 404177K->342705K(572928K), 0.0023647 secs] [Times: user=0.01 sys=0.00, real=0.00 secs] 
1345.395: [GC (Allocation Failure) [PSYoungGen: 62304K->1501K(61952K)] 403633K->342831K(572416K), 0.0020228 secs] [Times: user=0.01 sys=0.00, real=0.01 secs] 
1345.511: [GC (Allocation Failure) [PSYoungGen: 61917K->1504K(61440K)] 403247K->342834K(571904K), 0.0016067 secs] [Times: user=0.01 sys=0.00, real=0.00 secs] 
1345.631: [GC (Allocation Failure) [PSYoungGen: 61408K->1469K(60928K)] 402738K->342807K(571392K), 0.0019319 secs] [Times: user=0.00 sys=0.00, real=0.00 secs] 
1345.762: [GC (Allocation Failure) [PSYoungGen: 60861K->1469K(61440K)] 402199K->342807K(571904K), 0.0019436 secs] [Times: user=0.01 sys=0.00, real=0.00 secs] 
1345.985: [GC (Allocation Failure) [PSYoungGen: 60861K->2000K(61440K)] 402199K->343338K(571904K), 0.0021561 secs] [Times: user=0.01 sys=0.00, real=0.01 secs] 
1346.516: [GC (Allocation Failure) [PSYoungGen: 61392K->1392K(60416K)] 402730K->342730K(570880K), 0.0027834 secs] [Times: user=0.01 sys=0.00, real=0.01 secs] 
1347.189: [GC (Allocation Failure) [PSYoungGen: 60272K->1376K(60416K)] 401610K->342737K(570880K), 0.0028665 secs] [Times: user=0.01 sys=0.00, real=0.00 secs] 
1347.834: [GC (Allocation Failure) [PSYoungGen: 60256K->1392K(60416K)] 401617K->342754K(570880K), 0.0027318 secs] [Times: user=0.01 sys=0.00, real=0.01 secs] 
1348.483: [GC (Allocation Failure) [PSYoungGen: 60272K->1376K(60416K)] 401634K->342737K(570880K), 0.0028657 secs] [Times: user=0.01 sys=0.00, real=0.00 secs] 
1348.879: [GC (Allocation Failure) [PSYoungGen: 60256K->1405K(60416K)] 401617K->342767K(570880K), 0.0019649 secs] [Times: user=0.01 sys=0.00, real=0.00 secs] 
1349.004: [GC (Allocation Failure) [PSYoungGen: 60285K->1472K(60416K)] 401647K->342842K(570880K), 0.0016713 secs] [Times: user=0.01 sys=0.01, real=0.00 secs] 
1349.109: [GC (Allocation Failure) [PSYoungGen: 60352K->1421K(60416K)] 401722K->342807K(570880K), 0.0015260 secs] [Times: user=0.00 sys=0.00, real=0.00 secs] 
1349.214: [GC (Allocation Failure) [PSYoungGen: 60301K->1504K(64512K)] 401687K->342890K(574976K), 0.0016788 secs] [Times: user=0.00 sys=0.00, real=0.01 secs] 
1349.395: [GC (Allocation Failure) [PSYoungGen: 63754K->1680K(67072K)] 405140K->343066K(577536K), 0.0017869 secs] [Times: user=0.00 sys=0.00, real=0.01 secs] 
1349.939: [GC (Allocation Failure) [PSYoungGen: 66704K->1376K(66048K)] 408090K->342761K(576512K), 0.0017194 secs] [Times: user=0.01 sys=0.00, real=0.00 secs] 
1350.506: [GC (Allocation Failure) [PSYoungGen: 65888K->1360K(65536K)] 407273K->342746K(576000K), 0.0019669 secs] [Times: user=0.01 sys=0.00, real=0.00 secs] 
1351.078: [GC (Allocation Failure) [PSYoungGen: 65360K->1344K(65024K)] 406746K->342729K(575488K), 0.0020857 secs] [Times: user=0.00 sys=0.00, real=0.00 secs] 
1351.700: [GC (Allocation Failure) [PSYoungGen: 64832K->1408K(64512K)] 406217K->342793K(574976K), 0.0026696 secs] [Times: user=0.01 sys=0.00, real=0.00 secs] 
1352.057: [GC (Allocation Failure) [PSYoungGen: 64384K->1437K(64000K)] 405769K->342823K(574464K), 0.0021781 secs] [Times: user=0.01 sys=0.00, real=0.00 secs] 
1352.213: [GC (Allocation Failure) [PSYoungGen: 63901K->1437K(63488K)] 405287K->342839K(573952K), 0.0019793 secs] [Times: user=0.01 sys=0.01, real=0.00 secs] 
1352.376: [GC (Allocation Failure) [PSYoungGen: 63389K->1501K(62976K)] 404791K->342903K(573440K), 0.0022001 secs] [Times: user=0.00 sys=0.00, real=0.01 secs] 
1352.562: [GC (Allocation Failure) [PSYoungGen: 62941K->1501K(62464K)] 404343K->342903K(572928K), 0.0024013 secs] [Times: user=0.01 sys=0.00, real=0.00 secs] 
1353.047: [GC (Allocation Failure) [PSYoungGen: 62429K->1456K(61952K)] 403831K->342858K(572416K), 0.0022515 secs] [Times: user=0.01 sys=0.00, real=0.00 secs] 
1353.827: [GC (Allocation Failure) [PSYoungGen: 61872K->1376K(61440K)] 403274K->342777K(571904K), 0.0024078 secs] [Times: user=0.01 sys=0.00, real=0.00 secs] 
1354.449: [GC (Allocation Failure) [PSYoungGen: 61280K->1408K(60928K)] 402681K->342809K(571392K), 0.0023888 secs] [Times: user=0.01 sys=0.00, real=0.00 secs] 
1355.033: [GC (Allocation Failure) [PSYoungGen: 60800K->1344K(60416K)] 402201K->342745K(570880K), 0.0022418 secs] [Times: user=0.01 sys=0.00, real=0.00 secs] 
1356.004: [GC (Allocation Failure) [PSYoungGen: 60224K->1344K(60928K)] 401625K->342745K(571392K), 0.0033612 secs] [Times: user=0.01 sys=0.00, real=0.01 secs] 
1356.380: [GC (Allocation Failure) [PSYoungGen: 60224K->1469K(60928K)] 401625K->342871K(571392K), 0.0021293 secs] [Times: user=0.01 sys=0.00, real=0.00 secs] 
1356.504: [GC (Allocation Failure) [PSYoungGen: 60349K->1501K(60928K)] 401751K->342919K(571392K), 0.0017640 secs] [Times: user=0.01 sys=0.00, real=0.01 secs] 
1356.624: [GC (Allocation Failure) [PSYoungGen: 60381K->1469K(60928K)] 401799K->342887K(571392K), 0.0017891 secs] [Times: user=0.01 sys=0.00, real=0.00 secs] 
1356.756: [GC (Allocation Failure) [PSYoungGen: 60349K->1469K(60928K)] 401767K->342887K(571392K), 0.0018550 secs] [Times: user=0.01 sys=0.00, real=0.00 secs] 
1357.218: [GC (Allocation Failure) [PSYoungGen: 60349K->1440K(60416K)] 401767K->342857K(570880K), 0.0020940 secs] [Times: user=0.01 sys=0.00, real=0.00 secs] 
1358.256: [GC (Allocation Failure) [PSYoungGen: 60320K->1408K(60416K)] 401737K->342849K(570880K), 0.0041473 secs] [Times: user=0.02 sys=0.01, real=0.00 secs] 
1359.255: [GC (Allocation Failure) [PSYoungGen: 60288K->1376K(60416K)] 401729K->342817K(570880K), 0.0045604 secs] [Times: user=0.02 sys=0.00, real=0.01 secs] 
1359.701: [GC (Allocation Failure) [PSYoungGen: 60256K->1344K(60416K)] 401697K->342785K(570880K), 0.0029957 secs] [Times: user=0.01 sys=0.00, real=0.00 secs] 
1360.099: [GC (Allocation Failure) [PSYoungGen: 60224K->1376K(60416K)] 401665K->342817K(570880K), 0.0021627 secs] [Times: user=0.01 sys=0.00, real=0.00 secs] 
1360.447: [GC (Allocation Failure) [PSYoungGen: 60256K->1472K(60416K)] 401697K->342914K(570880K), 0.0021290 secs] [Times: user=0.01 sys=0.00, real=0.00 secs] 
1360.557: [GC (Allocation Failure) [PSYoungGen: 60352K->1424K(60416K)] 401794K->342882K(570880K), 0.0016605 secs] [Times: user=0.01 sys=0.00, real=0.00 secs] 
1360.675: [GC (Allocation Failure) [PSYoungGen: 60304K->1501K(63488K)] 401762K->342959K(573952K), 0.0018711 secs] [Times: user=0.00 sys=0.00, real=0.01 secs] 
1360.811: [GC (Allocation Failure) [PSYoungGen: 62941K->1437K(67072K)] 404399K->342895K(577536K), 0.0020189 secs] [Times: user=0.01 sys=0.00, real=0.00 secs] 
1361.100: [GC (Allocation Failure) [PSYoungGen: 66461K->1440K(67072K)] 407919K->342897K(577536K), 0.0021151 secs] [Times: user=0.00 sys=0.00, real=0.00 secs] 
1361.391: [GC (Allocation Failure) [PSYoungGen: 66464K->1392K(66048K)] 407921K->342850K(576512K), 0.0020934 secs] [Times: user=0.01 sys=0.00, real=0.00 secs] 
1361.659: [GC (Allocation Failure) [PSYoungGen: 65904K->1376K(65536K)] 407362K->342833K(576000K), 0.0022733 secs] [Times: user=0.01 sys=0.00, real=0.00 secs] 
1362.001: [GC (Allocation Failure) [PSYoungGen: 65376K->1376K(65024K)] 406833K->342833K(575488K), 0.0019357 secs] [Times: user=0.01 sys=0.00, real=0.00 secs] 
1362.265: [GC (Allocation Failure) [PSYoungGen: 64864K->1440K(64512K)] 406321K->342897K(574976K), 0.0019911 secs] [Times: user=0.00 sys=0.00, real=0.01 secs] 
1362.409: [GC (Allocation Failure) [PSYoungGen: 64416K->1456K(64000K)] 405873K->342914K(574464K), 0.0016088 secs] [Times: user=0.00 sys=0.00, real=0.00 secs] 
1362.520: [GC (Allocation Failure) [PSYoungGen: 63915K->1472K(71168K)] 405373K->342946K(581632K), 0.0016925 secs] [Times: user=0.01 sys=0.00, real=0.00 secs] 
1362.642: [GC (Allocation Failure) [PSYoungGen: 70592K->1456K(71168K)] 412066K->342930K(581632K), 0.0015378 secs] [Times: user=0.01 sys=0.00, real=0.00 secs] 
1362.852: [GC (Allocation Failure) [PSYoungGen: 70576K->1696K(71168K)] 412050K->343170K(581632K), 0.0018732 secs] [Times: user=0.01 sys=0.00, real=0.00 secs] 
1363.845: [GC (Allocation Failure) [PSYoungGen: 70816K->1376K(70144K)] 412290K->342849K(580608K), 0.0037140 secs] [Times: user=0.02 sys=0.00, real=0.01 secs] 
1365.060: [GC (Allocation Failure) [PSYoungGen: 69984K->1376K(69632K)] 411457K->342849K(580096K), 0.0067239 secs] [Times: user=0.03 sys=0.01, real=0.01 secs] 
1365.970: [GC (Allocation Failure) [PSYoungGen: 69472K->1408K(69120K)] 410945K->342881K(579584K), 0.0034677 secs] [Times: user=0.01 sys=0.00, real=0.00 secs] 
1366.836: [GC (Allocation Failure) [PSYoungGen: 68992K->1408K(68608K)] 410465K->342881K(579072K), 0.0036717 secs] [Times: user=0.02 sys=0.00, real=0.00 secs] 
1367.096: [GC (Allocation Failure) [PSYoungGen: 68480K->1453K(68096K)] 409953K->342927K(578560K), 0.0024493 secs] [Times: user=0.00 sys=0.00, real=0.00 secs] 
1367.223: [GC (Allocation Failure) [PSYoungGen: 68013K->1533K(67584K)] 409487K->343007K(578048K), 0.0018008 secs] [Times: user=0.01 sys=0.00, real=0.00 secs] 
1367.340: [GC (Allocation Failure) [PSYoungGen: 67581K->1501K(74240K)] 409055K->342991K(584704K), 0.0017547 secs] [Times: user=0.00 sys=0.00, real=0.00 secs] 
1367.539: [GC (Allocation Failure) [PSYoungGen: 74205K->1504K(74752K)] 415695K->342993K(585216K), 0.0019608 secs] [Times: user=0.01 sys=0.00, real=0.00 secs] 
1367.920: [GC (Allocation Failure) [PSYoungGen: 74208K->1440K(73728K)] 415697K->342945K(584192K), 0.0020879 secs] [Times: user=0.01 sys=0.00, real=0.00 secs] 
1368.802: [GC (Allocation Failure) [PSYoungGen: 73632K->1424K(73216K)] 415137K->342930K(583680K), 0.0046915 secs] [Times: user=0.02 sys=0.00, real=0.01 secs] 
1369.712: [GC (Allocation Failure) [PSYoungGen: 73104K->1440K(72704K)] 414610K->342945K(583168K), 0.0041348 secs] [Times: user=0.01 sys=0.01, real=0.01 secs] 
1370.512: [GC (Allocation Failure) [PSYoungGen: 72608K->1565K(72704K)] 414113K->343071K(583168K), 0.0028512 secs] [Times: user=0.00 sys=0.01, real=0.00 secs] 
1370.705: [GC (Allocation Failure) [PSYoungGen: 72221K->464K(70656K)] 413727K->342994K(581120K), 0.0016258 secs] [Times: user=0.00 sys=0.00, real=0.01 secs] 
1370.827: [GC (Allocation Failure) [PSYoungGen: 70608K->493K(71680K)] 413138K->343023K(582144K), 0.0016142 secs] [Times: user=0.00 sys=0.00, real=0.00 secs] 
1370.950: [GC (Allocation Failure) [PSYoungGen: 70125K->477K(69632K)] 412655K->343015K(580096K), 0.0016947 secs] [Times: user=0.01 sys=0.00, real=0.00 secs] 
1371.261: [GC (Allocation Failure) [PSYoungGen: 69597K->1392K(70656K)] 412135K->343930K(581120K), 0.0020349 secs] [Times: user=0.01 sys=0.00, real=0.00 secs] 
1371.586: [GC (Allocation Failure) [PSYoungGen: 70000K->1344K(69632K)] 412538K->343882K(580096K), 0.0020883 secs] [Times: user=0.01 sys=0.00, real=0.00 secs] 
1372.182: [GC (Allocation Failure) [PSYoungGen: 69440K->1376K(69120K)] 411978K->343914K(579584K), 0.0021311 secs] [Times: user=0.01 sys=0.00, real=0.00 secs] 
1372.793: [GC (Allocation Failure) [PSYoungGen: 68960K->1376K(68608K)] 411498K->343914K(579072K), 0.0021288 secs] [Times: user=0.01 sys=0.00, real=0.00 secs] 
1373.251: [GC (Allocation Failure) [PSYoungGen: 68448K->1421K(68096K)] 410986K->343959K(578560K), 0.0021813 secs] [Times: user=0.00 sys=0.00, real=0.00 secs] 
1373.384: [GC (Allocation Failure) [PSYoungGen: 67981K->1485K(67584K)] 410519K->344023K(578048K), 0.0016635 secs] [Times: user=0.01 sys=0.00, real=0.00 secs] 
1373.518: [GC (Allocation Failure) [PSYoungGen: 67533K->1437K(67072K)] 410071K->343975K(577536K), 0.0020206 secs] [Times: user=0.01 sys=0.00, real=0.00 secs] 
1373.684: [GC (Allocation Failure) [PSYoungGen: 66973K->1469K(73728K)] 409511K->344023K(584192K), 0.0020078 secs] [Times: user=0.01 sys=0.00, real=0.01 secs] 
1374.190: [GC (Allocation Failure) [PSYoungGen: 73661K->1424K(73216K)] 416215K->343978K(583680K), 0.0020713 secs] [Times: user=0.01 sys=0.00, real=0.00 secs] 
1374.525: [GC (Allocation Failure) [PSYoungGen: 73104K->1360K(72704K)] 415658K->343914K(583168K), 0.0019176 secs] [Times: user=0.00 sys=0.00, real=0.01 secs] 
1374.972: [GC (Allocation Failure) [PSYoungGen: 72528K->1392K(72192K)] 415082K->343946K(582656K), 0.0018754 secs] [Times: user=0.01 sys=0.01, real=0.00 secs] 
1375.599: [GC (Allocation Failure) [PSYoungGen: 72048K->1440K(71680K)] 414602K->343994K(582144K), 0.0025380 secs] [Times: user=0.01 sys=0.00, real=0.00 secs] 
1376.025: [GC (Allocation Failure) [PSYoungGen: 71584K->1501K(71168K)] 414138K->344055K(581632K), 0.0021484 secs] [Times: user=0.01 sys=0.00, real=0.01 secs] 
1376.172: [GC (Allocation Failure) [PSYoungGen: 71133K->1501K(70656K)] 413687K->344055K(581120K), 0.0016784 secs] [Times: user=0.01 sys=0.00, real=0.00 secs] 
1376.294: [GC (Allocation Failure) [PSYoungGen: 70621K->1533K(70144K)] 413175K->344087K(580608K), 0.0016914 secs] [Times: user=0.01 sys=0.00, real=0.01 secs] 
1376.415: [GC (Allocation Failure) [PSYoungGen: 70133K->1533K(69632K)] 412687K->344103K(580096K), 0.0016136 secs] [Times: user=0.00 sys=0.00, real=0.01 secs] 
1376.976: [GC (Allocation Failure) [PSYoungGen: 69629K->1408K(69120K)] 412199K->344002K(579584K), 0.0023400 secs] [Times: user=0.01 sys=0.00, real=0.00 secs] 
1377.338: [GC (Allocation Failure) [PSYoungGen: 68992K->1376K(68608K)] 411586K->343970K(579072K), 0.0021385 secs] [Times: user=0.00 sys=0.00, real=0.00 secs] 
1377.630: [GC (Allocation Failure) [PSYoungGen: 68448K->1408K(68096K)] 411042K->344002K(578560K), 0.0019414 secs] [Times: user=0.01 sys=0.00, real=0.00 secs] 
1377.907: [GC (Allocation Failure) [PSYoungGen: 67968K->1408K(67584K)] 410562K->344002K(578048K), 0.0019375 secs] [Times: user=0.01 sys=0.00, real=0.00 secs] 
1378.133: [GC (Allocation Failure) [PSYoungGen: 67456K->1501K(67072K)] 410050K->344095K(577536K), 0.0016489 secs] [Times: user=0.00 sys=0.00, real=0.00 secs] 
1378.249: [GC (Allocation Failure) [PSYoungGen: 67037K->1533K(66560K)] 409631K->344127K(577024K), 0.0017837 secs] [Times: user=0.01 sys=0.00, real=0.00 secs] 
1378.364: [GC (Allocation Failure) [PSYoungGen: 66557K->1469K(67072K)] 409151K->344063K(577536K), 0.0016882 secs] [Times: user=0.01 sys=0.00, real=0.01 secs] 
1378.480: [GC (Allocation Failure) [PSYoungGen: 66493K->1453K(73728K)] 409087K->344063K(584192K), 0.0016320 secs] [Times: user=0.01 sys=0.00, real=0.00 secs] 
1378.814: [GC (Allocation Failure) [PSYoungGen: 73133K->1440K(73728K)] 415743K->344050K(584192K), 0.0019332 secs] [Times: user=0.01 sys=0.00, real=0.00 secs] 
1379.143: [GC (Allocation Failure) [PSYoungGen: 73120K->1376K(72704K)] 415730K->343986K(583168K), 0.0020843 secs] [Times: user=0.01 sys=0.01, real=0.00 secs] 
1379.447: [GC (Allocation Failure) [PSYoungGen: 72544K->1440K(72192K)] 415154K->344050K(582656K), 0.0020044 secs] [Times: user=0.01 sys=0.00, real=0.00 secs] 
1379.740: [GC (Allocation Failure) [PSYoungGen: 72096K->1344K(71680K)] 414706K->343962K(582144K), 0.0019515 secs] [Times: user=0.01 sys=0.00, real=0.00 secs] 
1379.951: [GC (Allocation Failure) [PSYoungGen: 71488K->1501K(71168K)] 414106K->344119K(581632K), 0.0016625 secs] [Times: user=0.01 sys=0.00, real=0.00 secs] 
1380.075: [GC (Allocation Failure) [PSYoungGen: 71133K->1501K(70656K)] 413751K->344119K(581120K), 0.0016795 secs] [Times: user=0.01 sys=0.00, real=0.01 secs] 
1380.215: [GC (Allocation Failure) [PSYoungGen: 70621K->1501K(78336K)] 413239K->344119K(588800K), 0.0020230 secs] [Times: user=0.01 sys=0.00, real=0.01 secs] 
1380.463: [GC (Allocation Failure) [PSYoungGen: 77789K->1440K(78336K)] 420407K->344058K(588800K), 0.0021413 secs] [Times: user=0.01 sys=0.00, real=0.00 secs] 
1380.815: [GC (Allocation Failure) [PSYoungGen: 77728K->1376K(77312K)] 420346K->343994K(587776K), 0.0021423 secs] [Times: user=0.01 sys=0.00, real=0.01 secs] 
1381.156: [GC (Allocation Failure) [PSYoungGen: 77152K->1344K(76800K)] 419770K->343962K(587264K), 0.0019378 secs] [Times: user=0.01 sys=0.00, real=0.00 secs] 
1381.591: [GC (Allocation Failure) [PSYoungGen: 76608K->1376K(76288K)] 419226K->343994K(586752K), 0.0019534 secs] [Times: user=0.01 sys=0.01, real=0.00 secs] 
1381.878: [GC (Allocation Failure) [PSYoungGen: 76128K->1533K(75776K)] 418746K->344151K(586240K), 0.0018517 secs] [Times: user=0.01 sys=0.00, real=0.00 secs] 
1382.030: [GC (Allocation Failure) [PSYoungGen: 75773K->1469K(75264K)] 418391K->344087K(585728K), 0.0018839 secs] [Times: user=0.01 sys=0.00, real=0.00 secs] 
1382.188: [GC (Allocation Failure) [PSYoungGen: 75197K->1533K(74752K)] 417815K->344151K(585216K), 0.0018227 secs] [Times: user=0.00 sys=0.00, real=0.00 secs] 
1382.323: [GC (Allocation Failure) [PSYoungGen: 74749K->1440K(74240K)] 417367K->344058K(584704K), 0.0017006 secs] [Times: user=0.01 sys=0.00, real=0.00 secs] 
1384.200: [GC (Allocation Failure) [PSYoungGen: 74144K->1376K(73728K)] 416762K->344010K(584192K), 0.0027501 secs] [Times: user=0.01 sys=0.00, real=0.00 secs] 
1384.716: [GC (Allocation Failure) [PSYoungGen: 73568K->1344K(73216K)] 416202K->343978K(583680K), 0.0023349 secs] [Times: user=0.01 sys=0.00, real=0.00 secs] 
1385.295: [GC (Allocation Failure) [PSYoungGen: 73024K->1424K(72704K)] 415658K->344058K(583168K), 0.0024138 secs] [Times: user=0.01 sys=0.00, real=0.01 secs] 
1385.841: [GC (Allocation Failure) [PSYoungGen: 72592K->1456K(72192K)] 415226K->344090K(582656K), 0.0022578 secs] [Times: user=0.00 sys=0.00, real=0.00 secs] 
1386.001: [GC (Allocation Failure) [PSYoungGen: 72098K->1504K(71680K)] 414732K->344146K(582144K), 0.0017987 secs] [Times: user=0.01 sys=0.00, real=0.00 secs] 
1386.124: [GC (Allocation Failure) [PSYoungGen: 71648K->1453K(71168K)] 414290K->344095K(581632K), 0.0016115 secs] [Times: user=0.01 sys=0.00, real=0.00 secs] 
1386.247: [GC (Allocation Failure) [PSYoungGen: 71085K->1501K(70656K)] 413727K->344143K(581120K), 0.0017178 secs] [Times: user=0.01 sys=0.00, real=0.00 secs] 
1386.677: [GC (Allocation Failure) [PSYoungGen: 70621K->1472K(70144K)] 413263K->344114K(580608K), 0.0022483 secs] [Times: user=0.01 sys=0.00, real=0.00 secs] 
1387.272: [GC (Allocation Failure) [PSYoungGen: 70080K->1376K(69632K)] 412722K->344018K(580096K), 0.0036582 secs] [Times: user=0.01 sys=0.00, real=0.00 secs] 
1387.952: [GC (Allocation Failure) [PSYoungGen: 69472K->1392K(69120K)] 412114K->344034K(579584K), 0.0040797 secs] [Times: user=0.01 sys=0.01, real=0.01 secs] 
1388.502: [GC (Allocation Failure) [PSYoungGen: 68976K->1344K(68608K)] 411618K->344002K(579072K), 0.0023026 secs] [Times: user=0.01 sys=0.00, real=0.00 secs] 
1389.012: [GC (Allocation Failure) [PSYoungGen: 68416K->1437K(68096K)] 411074K->344095K(578560K), 0.0019801 secs] [Times: user=0.01 sys=0.00, real=0.00 secs] 
1389.144: [GC (Allocation Failure) [PSYoungGen: 67997K->1501K(67584K)] 410655K->344159K(578048K), 0.0017416 secs] [Times: user=0.01 sys=0.00, real=0.01 secs] 
1389.261: [GC (Allocation Failure) [PSYoungGen: 67549K->1501K(67072K)] 410207K->344159K(577536K), 0.0017277 secs] [Times: user=0.00 sys=0.00, real=0.00 secs] 
1389.377: [GC (Allocation Failure) [PSYoungGen: 67037K->1421K(67584K)] 409695K->344095K(578048K), 0.0015700 secs] [Times: user=0.00 sys=0.00, real=0.00 secs] 
1389.873: [GC (Allocation Failure) [PSYoungGen: 66957K->1456K(66560K)] 409631K->344138K(577024K), 0.0018553 secs] [Times: user=0.01 sys=0.01, real=0.00 secs] 
1390.974: [GC (Allocation Failure) [PSYoungGen: 66480K->1408K(66048K)] 409162K->344090K(576512K), 0.0045188 secs] [Times: user=0.02 sys=0.00, real=0.01 secs] 
1391.889: [GC (Allocation Failure) [PSYoungGen: 65920K->1376K(65536K)] 408602K->344058K(576000K), 0.0047668 secs] [Times: user=0.02 sys=0.00, real=0.00 secs] 
1392.568: [GC (Allocation Failure) [PSYoungGen: 65376K->1376K(65024K)] 408058K->344058K(575488K), 0.0032695 secs] [Times: user=0.02 sys=0.00, real=0.00 secs] 
1393.166: [GC (Allocation Failure) [PSYoungGen: 64864K->1469K(64512K)] 407546K->344151K(574976K), 0.0031495 secs] [Times: user=0.02 sys=0.00, real=0.00 secs] 
1393.355: [GC (Allocation Failure) [PSYoungGen: 64445K->1469K(64000K)] 407127K->344151K(574464K), 0.0019297 secs] [Times: user=0.00 sys=0.00, real=0.01 secs] 
1393.469: [GC (Allocation Failure) [PSYoungGen: 63933K->1456K(63488K)] 406615K->344138K(573952K), 0.0016486 secs] [Times: user=0.01 sys=0.00, real=0.00 secs] 
1393.578: [GC (Allocation Failure) [PSYoungGen: 63408K->1469K(64000K)] 406090K->344159K(574464K), 0.0016419 secs] [Times: user=0.01 sys=0.00, real=0.00 secs] 
1393.687: [GC (Allocation Failure) [PSYoungGen: 63421K->1424K(64000K)] 406111K->344114K(574464K), 0.0016066 secs] [Times: user=0.01 sys=0.00, real=0.00 secs] 
1394.535: [GC (Allocation Failure) [PSYoungGen: 63376K->1472K(62976K)] 406066K->344170K(573440K), 0.0023836 secs] [Times: user=0.00 sys=0.00, real=0.01 secs] 
1395.246: [GC (Allocation Failure) [PSYoungGen: 62912K->1408K(62464K)] 405610K->344106K(572928K), 0.0028365 secs] [Times: user=0.01 sys=0.00, real=0.00 secs] 
1395.758: [GC (Allocation Failure) [PSYoungGen: 62336K->1408K(61952K)] 405034K->344106K(572416K), 0.0022836 secs] [Times: user=0.01 sys=0.00, real=0.00 secs] 
1396.175: [GC (Allocation Failure) [PSYoungGen: 61824K->1408K(61440K)] 404522K->344106K(571904K), 0.0022759 secs] [Times: user=0.01 sys=0.00, real=0.01 secs] 
1396.418: [GC (Allocation Failure) [PSYoungGen: 61312K->1469K(60928K)] 404010K->344167K(571392K), 0.0018989 secs] [Times: user=0.01 sys=0.00, real=0.00 secs] 
1396.525: [GC (Allocation Failure) [PSYoungGen: 60861K->1517K(60416K)] 403559K->344215K(570880K), 0.0016922 secs] [Times: user=0.00 sys=0.00, real=0.01 secs] 
1396.651: [GC (Allocation Failure) [PSYoungGen: 60397K->1533K(66560K)] 403095K->344239K(577024K), 0.0019243 secs] [Times: user=0.00 sys=0.00, real=0.00 secs] 
1396.810: [GC (Allocation Failure) [PSYoungGen: 66557K->1485K(67072K)] 409263K->344191K(577536K), 0.0016674 secs] [Times: user=0.01 sys=0.00, real=0.00 secs] 
1396.976: [GC (Allocation Failure) [PSYoungGen: 66509K->1712K(73728K)] 409215K->344434K(584192K), 0.0020264 secs] [Times: user=0.01 sys=0.00, real=0.00 secs] 
1397.578: [GC (Allocation Failure) [PSYoungGen: 73392K->1360K(72704K)] 416114K->344082K(583168K), 0.0026533 secs] [Times: user=0.01 sys=0.00, real=0.00 secs] 
1398.211: [GC (Allocation Failure) [PSYoungGen: 72528K->1408K(72192K)] 415250K->344130K(582656K), 0.0034588 secs] [Times: user=0.01 sys=0.00, real=0.00 secs] 
1398.918: [GC (Allocation Failure) [PSYoungGen: 72064K->1376K(71680K)] 414786K->344098K(582144K), 0.0027030 secs] [Times: user=0.01 sys=0.00, real=0.00 secs] 
1399.479: [GC (Allocation Failure) [PSYoungGen: 71488K->1437K(71168K)] 414210K->344159K(581632K), 0.0020862 secs] [Times: user=0.01 sys=0.00, real=0.00 secs] 
1399.628: [GC (Allocation Failure) [PSYoungGen: 71069K->1440K(70656K)] 413791K->344162K(581120K), 0.0015689 secs] [Times: user=0.01 sys=0.00, real=0.00 secs] 
1399.750: [GC (Allocation Failure) [PSYoungGen: 70560K->1472K(70144K)] 413282K->344194K(580608K), 0.0016676 secs] [Times: user=0.01 sys=0.00, real=0.00 secs] 
1399.871: [GC (Allocation Failure) [PSYoungGen: 70055K->1472K(70656K)] 412777K->344218K(581120K), 0.0016346 secs] [Times: user=0.01 sys=0.00, real=0.00 secs] 
1400.663: [GC (Allocation Failure) [PSYoungGen: 70080K->1456K(69632K)] 412826K->344202K(580096K), 0.0025342 secs] [Times: user=0.01 sys=0.00, real=0.00 secs] 
1402.560: [GC (Allocation Failure) [PSYoungGen: 69552K->1408K(69120K)] 412298K->344154K(579584K), 0.0036468 secs] [Times: user=0.01 sys=0.00, real=0.00 secs] 
1403.367: [GC (Allocation Failure) [PSYoungGen: 68992K->1376K(68608K)] 411738K->344122K(579072K), 0.0025091 secs] [Times: user=0.01 sys=0.00, real=0.00 secs] 
1403.760: [GC (Allocation Failure) [PSYoungGen: 68448K->1376K(68096K)] 411194K->344122K(578560K), 0.0021538 secs] [Times: user=0.00 sys=0.00, real=0.00 secs] 
1404.039: [GC (Allocation Failure) [PSYoungGen: 67936K->1469K(67584K)] 410682K->344215K(578048K), 0.0018983 secs] [Times: user=0.01 sys=0.00, real=0.00 secs] 
1404.164: [GC (Allocation Failure) [PSYoungGen: 67517K->1536K(67584K)] 410263K->344282K(578048K), 0.0016085 secs] [Times: user=0.01 sys=0.00, real=0.00 secs] 
1404.279: [GC (Allocation Failure) [PSYoungGen: 67072K->445K(65536K)] 409818K->344215K(576000K), 0.0017477 secs] [Times: user=0.01 sys=0.00, real=0.00 secs] 
1404.394: [GC (Allocation Failure) [PSYoungGen: 65469K->445K(73728K)] 409239K->344231K(584192K), 0.0015057 secs] [Times: user=0.01 sys=0.00, real=0.00 secs] 
1404.733: [GC (Allocation Failure) [PSYoungGen: 72125K->1376K(72704K)] 415911K->345162K(583168K), 0.0021254 secs] [Times: user=0.00 sys=0.00, real=0.00 secs] 
1405.393: [GC (Allocation Failure) [PSYoungGen: 72544K->1376K(72192K)] 416330K->345162K(582656K), 0.0023572 secs] [Times: user=0.01 sys=0.00, real=0.00 secs] 
1406.154: [GC (Allocation Failure) [PSYoungGen: 72032K->1376K(71680K)] 415818K->345162K(582144K), 0.0022289 secs] [Times: user=0.01 sys=0.00, real=0.01 secs] 
1406.750: [GC (Allocation Failure) [PSYoungGen: 71520K->1376K(71168K)] 415306K->345162K(581632K), 0.0022363 secs] [Times: user=0.01 sys=0.00, real=0.00 secs] 
1407.337: [GC (Allocation Failure) [PSYoungGen: 71008K->1437K(70656K)] 414794K->345223K(581120K), 0.0023060 secs] [Times: user=0.01 sys=0.00, real=0.00 secs] 
1407.536: [GC (Allocation Failure) [PSYoungGen: 70557K->1469K(70144K)] 414343K->345255K(580608K), 0.0023517 secs] [Times: user=0.00 sys=0.00, real=0.00 secs] 
1407.725: [GC (Allocation Failure) [PSYoungGen: 70060K->1437K(69632K)] 413846K->345223K(580096K), 0.0023695 secs] [Times: user=0.01 sys=0.00, real=0.01 secs] 
1407.870: [GC (Allocation Failure) [PSYoungGen: 69533K->1533K(69120K)] 413319K->345343K(579584K), 0.0018582 secs] [Times: user=0.01 sys=0.00, real=0.00 secs] 
1408.297: [GC (Allocation Failure) [PSYoungGen: 69117K->1440K(68608K)] 412927K->345282K(579072K), 0.0042096 secs] [Times: user=0.01 sys=0.00, real=0.00 secs] 
1409.090: [GC (Allocation Failure) [PSYoungGen: 68512K->1408K(68096K)] 412354K->345250K(578560K), 0.0027649 secs] [Times: user=0.01 sys=0.00, real=0.00 secs] 
1409.731: [GC (Allocation Failure) [PSYoungGen: 67968K->1376K(67584K)] 411810K->345218K(578048K), 0.0027101 secs] [Times: user=0.01 sys=0.00, real=0.00 secs] 
1410.502: [GC (Allocation Failure) [PSYoungGen: 67424K->1424K(67072K)] 411266K->345266K(577536K), 0.0034598 secs] [Times: user=0.01 sys=0.00, real=0.01 secs] 
1411.198: [GC (Allocation Failure) [PSYoungGen: 66960K->1405K(66560K)] 410802K->345247K(577024K), 0.0027668 secs] [Times: user=0.01 sys=0.00, real=0.00 secs] 
1411.367: [GC (Allocation Failure) [PSYoungGen: 66429K->1485K(66048K)] 410271K->345327K(576512K), 0.0016962 secs] [Times: user=0.01 sys=0.00, real=0.00 secs] 
1411.483: [GC (Allocation Failure) [PSYoungGen: 65972K->1504K(65536K)] 409814K->345346K(576000K), 0.0017582 secs] [Times: user=0.00 sys=0.01, real=0.00 secs] 
1411.599: [GC (Allocation Failure) [PSYoungGen: 65504K->1501K(65024K)] 409346K->345359K(575488K), 0.0016543 secs] [Times: user=0.01 sys=0.00, real=0.00 secs] 
1411.937: [GC (Allocation Failure) [PSYoungGen: 64989K->1376K(64512K)] 408847K->345234K(574976K), 0.0022156 secs] [Times: user=0.01 sys=0.00, real=0.00 secs] 
1412.595: [GC (Allocation Failure) [PSYoungGen: 64352K->1440K(64000K)] 408210K->345298K(574464K), 0.0020019 secs] [Times: user=0.01 sys=0.00, real=0.01 secs] 
1413.066: [GC (Allocation Failure) [PSYoungGen: 63904K->1312K(63488K)] 407762K->345170K(573952K), 0.0022042 secs] [Times: user=0.00 sys=0.00, real=0.00 secs] 
1413.650: [GC (Allocation Failure) [PSYoungGen: 63264K->1376K(62976K)] 407122K->345234K(573440K), 0.0021248 secs] [Times: user=0.01 sys=0.00, real=0.00 secs] 
1414.331: [GC (Allocation Failure) [PSYoungGen: 62816K->1312K(62464K)] 406674K->345170K(572928K), 0.0022564 secs] [Times: user=0.01 sys=0.00, real=0.00 secs] 
1414.630: [GC (Allocation Failure) [PSYoungGen: 62240K->1469K(61952K)] 406098K->345327K(572416K), 0.0019883 secs] [Times: user=0.01 sys=0.00, real=0.00 secs] 
1414.742: [GC (Allocation Failure) [PSYoungGen: 61885K->1504K(61440K)] 405743K->345362K(571904K), 0.0016342 secs] [Times: user=0.01 sys=0.00, real=0.00 secs] 
1414.848: [GC (Allocation Failure) [PSYoungGen: 61408K->1469K(60928K)] 405266K->345335K(571392K), 0.0016537 secs] [Times: user=0.00 sys=0.00, real=0.00 secs] 
1414.952: [GC (Allocation Failure) [PSYoungGen: 60861K->1485K(61440K)] 404727K->345351K(571904K), 0.0015500 secs] [Times: user=0.01 sys=0.00, real=0.00 secs] 
1415.376: [GC (Allocation Failure) [PSYoungGen: 60877K->1440K(60416K)] 404743K->345306K(570880K), 0.0019532 secs] [Times: user=0.01 sys=0.00, real=0.01 secs] 
1416.007: [GC (Allocation Failure) [PSYoungGen: 60320K->1344K(60928K)] 404186K->345210K(571392K), 0.0018010 secs] [Times: user=0.01 sys=0.00, real=0.00 secs] 
1416.662: [GC (Allocation Failure) [PSYoungGen: 60224K->1344K(60928K)] 404090K->345210K(571392K), 0.0021438 secs] [Times: user=0.01 sys=0.00, real=0.00 secs] 
1417.168: [GC (Allocation Failure) [PSYoungGen: 60224K->1344K(60928K)] 404090K->345210K(571392K), 0.0020942 secs] [Times: user=0.01 sys=0.00, real=0.00 secs] 
1417.775: [GC (Allocation Failure) [PSYoungGen: 60224K->1408K(60928K)] 404090K->345298K(571392K), 0.0030079 secs] [Times: user=0.02 sys=0.00, real=0.01 secs] 
1418.116: [GC (Allocation Failure) [PSYoungGen: 60288K->1469K(60928K)] 404178K->345359K(571392K), 0.0020645 secs] [Times: user=0.01 sys=0.00, real=0.00 secs] 
1418.242: [GC (Allocation Failure) [PSYoungGen: 60349K->1424K(60928K)] 404239K->345322K(571392K), 0.0015800 secs] [Times: user=0.01 sys=0.00, real=0.00 secs] 
1418.347: [GC (Allocation Failure) [PSYoungGen: 60304K->1424K(60928K)] 404202K->345322K(571392K), 0.0016240 secs] [Times: user=0.00 sys=0.00, real=0.00 secs] 
1418.453: [GC (Allocation Failure) [PSYoungGen: 60304K->1440K(60928K)] 404202K->345338K(571392K), 0.0017728 secs] [Times: user=0.00 sys=0.00, real=0.00 secs] 
1419.332: [GC (Allocation Failure) [PSYoungGen: 60320K->1440K(60416K)] 404218K->345338K(570880K), 0.0022834 secs] [Times: user=0.01 sys=0.00, real=0.00 secs] 
1420.074: [GC (Allocation Failure) [PSYoungGen: 60320K->1376K(60416K)] 404218K->345274K(570880K), 0.0026576 secs] [Times: user=0.01 sys=0.00, real=0.01 secs] 
1420.666: [GC (Allocation Failure) [PSYoungGen: 60256K->1424K(60416K)] 404154K->345322K(570880K), 0.0025175 secs] [Times: user=0.01 sys=0.00, real=0.00 secs] 
1421.419: [GC (Allocation Failure) [PSYoungGen: 60304K->1376K(60416K)] 404202K->345274K(570880K), 0.0045714 secs] [Times: user=0.02 sys=0.00, real=0.00 secs] 
1422.295: [GC (Allocation Failure) [PSYoungGen: 60256K->1376K(60416K)] 404154K->345274K(570880K), 0.0031772 secs] [Times: user=0.01 sys=0.00, real=0.01 secs] 
1422.746: [GC (Allocation Failure) [PSYoungGen: 60256K->1405K(60416K)] 404154K->345303K(570880K), 0.0020508 secs] [Times: user=0.00 sys=0.00, real=0.00 secs] 
1422.868: [GC (Allocation Failure) [PSYoungGen: 60285K->477K(59392K)] 404183K->345407K(569856K), 0.0016375 secs] [Times: user=0.00 sys=0.00, real=0.00 secs] 
1422.972: [GC (Allocation Failure) [PSYoungGen: 59357K->493K(60928K)] 404287K->345423K(571392K), 0.0015383 secs] [Times: user=0.01 sys=0.00, real=0.00 secs] 
1423.091: [GC (Allocation Failure) [PSYoungGen: 59373K->445K(63488K)] 404303K->345375K(573952K), 0.0018541 secs] [Times: user=0.01 sys=0.00, real=0.00 secs] 
1423.373: [GC (Allocation Failure) [PSYoungGen: 61885K->1440K(63488K)] 406815K->346370K(573952K), 0.0022674 secs] [Times: user=0.01 sys=0.00, real=0.00 secs] 
1423.902: [GC (Allocation Failure) [PSYoungGen: 62880K->1408K(62464K)] 407810K->346338K(572928K), 0.0022428 secs] [Times: user=0.01 sys=0.00, real=0.00 secs] 
1424.483: [GC (Allocation Failure) [PSYoungGen: 62336K->1408K(61952K)] 407266K->346338K(572416K), 0.0037989 secs] [Times: user=0.01 sys=0.00, real=0.01 secs] 
1425.056: [GC (Allocation Failure) [PSYoungGen: 61824K->1392K(61440K)] 406754K->346322K(571904K), 0.0029646 secs] [Times: user=0.01 sys=0.00, real=0.00 secs] 
1425.715: [GC (Allocation Failure) [PSYoungGen: 61296K->1344K(60928K)] 406226K->346274K(571392K), 0.0022475 secs] [Times: user=0.00 sys=0.00, real=0.01 secs] 
1426.121: [GC (Allocation Failure) [PSYoungGen: 60736K->1440K(60416K)] 405666K->346370K(570880K), 0.0019325 secs] [Times: user=0.01 sys=0.00, real=0.00 secs] 
1426.244: [GC (Allocation Failure) [PSYoungGen: 60320K->1501K(60416K)] 405250K->346439K(570880K), 0.0016438 secs] [Times: user=0.00 sys=0.00, real=0.01 secs] 
1426.349: [GC (Allocation Failure) [PSYoungGen: 60381K->1533K(60416K)] 405319K->346471K(570880K), 0.0016034 secs] [Times: user=0.01 sys=0.00, real=0.00 secs] 
1426.453: [GC (Allocation Failure) [PSYoungGen: 60413K->1520K(66048K)] 405351K->346458K(576512K), 0.0016498 secs] [Times: user=0.01 sys=0.00, real=0.00 secs] 
1426.773: [GC (Allocation Failure) [PSYoungGen: 65520K->1456K(67072K)] 410458K->346394K(577536K), 0.0022685 secs] [Times: user=0.01 sys=0.00, real=0.00 secs] 
1427.685: [GC (Allocation Failure) [PSYoungGen: 66480K->1376K(66048K)] 411418K->346338K(576512K), 0.0035804 secs] [Times: user=0.01 sys=0.00, real=0.01 secs] 
1428.306: [GC (Allocation Failure) [PSYoungGen: 65888K->1360K(65536K)] 410850K->346322K(576000K), 0.0027966 secs] [Times: user=0.01 sys=0.00, real=0.00 secs] 
1428.951: [GC (Allocation Failure) [PSYoungGen: 65360K->1344K(65024K)] 410322K->346306K(575488K), 0.0029124 secs] [Times: user=0.01 sys=0.00, real=0.00 secs] 
1429.702: [GC (Allocation Failure) [PSYoungGen: 64832K->1344K(64512K)] 409794K->346306K(574976K), 0.0041205 secs] [Times: user=0.01 sys=0.00, real=0.01 secs] 
1430.012: [GC (Allocation Failure) [PSYoungGen: 64320K->1437K(64000K)] 409282K->346399K(574464K), 0.0021216 secs] [Times: user=0.00 sys=0.00, real=0.00 secs] 
1430.138: [GC (Allocation Failure) [PSYoungGen: 63901K->1504K(63488K)] 408863K->346482K(573952K), 0.0016549 secs] [Times: user=0.01 sys=0.00, real=0.00 secs] 
1430.248: [GC (Allocation Failure) [PSYoungGen: 63456K->1456K(62976K)] 408434K->346434K(573440K), 0.0016222 secs] [Times: user=0.00 sys=0.00, real=0.00 secs] 
1430.355: [GC (Allocation Failure) [PSYoungGen: 62896K->1469K(63488K)] 407874K->346447K(573952K), 0.0017660 secs] [Times: user=0.00 sys=0.00, real=0.01 secs] 
1430.741: [GC (Allocation Failure) [PSYoungGen: 62909K->1408K(62464K)] 407887K->346386K(572928K), 0.0020708 secs] [Times: user=0.01 sys=0.00, real=0.00 secs] 
1431.300: [GC (Allocation Failure) [PSYoungGen: 62336K->1376K(61952K)] 407314K->346354K(572416K), 0.0024073 secs] [Times: user=0.01 sys=0.00, real=0.00 secs] 
1431.806: [GC (Allocation Failure) [PSYoungGen: 61792K->1408K(61440K)] 406770K->346386K(571904K), 0.0028725 secs] [Times: user=0.01 sys=0.00, real=0.00 secs] 
1432.310: [GC (Allocation Failure) [PSYoungGen: 61312K->1376K(60928K)] 406290K->346354K(571392K), 0.0021642 secs] [Times: user=0.01 sys=0.00, real=0.00 secs] 
1432.834: [GC (Allocation Failure) [PSYoungGen: 60768K->1424K(60416K)] 405746K->346402K(570880K), 0.0026140 secs] [Times: user=0.01 sys=0.00, real=0.01 secs] 
1432.994: [GC (Allocation Failure) [PSYoungGen: 60304K->1533K(60928K)] 405282K->346511K(571392K), 0.0015393 secs] [Times: user=0.01 sys=0.00, real=0.00 secs] 
1433.099: [GC (Allocation Failure) [PSYoungGen: 60413K->1389K(60928K)] 405391K->346375K(571392K), 0.0016003 secs] [Times: user=0.01 sys=0.00, real=0.00 secs] 
1433.203: [GC (Allocation Failure) [PSYoungGen: 60269K->1485K(60928K)] 405255K->346471K(571392K), 0.0016046 secs] [Times: user=0.00 sys=0.00, real=0.00 secs] 
1433.307: [GC (Allocation Failure) [PSYoungGen: 60365K->1501K(60928K)] 405351K->346487K(571392K), 0.0016664 secs] [Times: user=0.01 sys=0.00, real=0.00 secs] 
1434.239: [GC (Allocation Failure) [PSYoungGen: 60381K->1424K(60416K)] 405367K->346410K(570880K), 0.0022286 secs] [Times: user=0.01 sys=0.00, real=0.00 secs] 
1435.187: [GC (Allocation Failure) [PSYoungGen: 60304K->1408K(60416K)] 405290K->346394K(570880K), 0.0033535 secs] [Times: user=0.01 sys=0.00, real=0.00 secs] 
1435.998: [GC (Allocation Failure) [PSYoungGen: 60288K->1376K(60416K)] 405274K->346362K(570880K), 0.0026551 secs] [Times: user=0.01 sys=0.01, real=0.00 secs] 
1436.746: [GC (Allocation Failure) [PSYoungGen: 60256K->1424K(60416K)] 405242K->346410K(570880K), 0.0046227 secs] [Times: user=0.02 sys=0.00, real=0.00 secs] 
1437.459: [GC (Allocation Failure) [PSYoungGen: 60304K->1344K(60416K)] 405290K->346330K(570880K), 0.0027188 secs] [Times: user=0.01 sys=0.00, real=0.00 secs] 
1437.762: [GC (Allocation Failure) [PSYoungGen: 60224K->1501K(60416K)] 405210K->346487K(570880K), 0.0021935 secs] [Times: user=0.01 sys=0.00, real=0.00 secs] 
1437.886: [GC (Allocation Failure) [PSYoungGen: 60381K->1456K(60416K)] 405367K->346458K(570880K), 0.0016456 secs] [Times: user=0.01 sys=0.00, real=0.00 secs] 
1438.004: [GC (Allocation Failure) [PSYoungGen: 60336K->1469K(64000K)] 405338K->346471K(574464K), 0.0019325 secs] [Times: user=0.01 sys=0.00, real=0.00 secs] 
1438.141: [GC (Allocation Failure) [PSYoungGen: 63421K->1533K(67072K)] 408423K->346559K(577536K), 0.0018349 secs] [Times: user=0.01 sys=0.00, real=0.00 secs] 
1438.483: [GC (Allocation Failure) [PSYoungGen: 66557K->1424K(67072K)] 411583K->346450K(577536K), 0.0026491 secs] [Times: user=0.01 sys=0.00, real=0.01 secs] 
1439.017: [GC (Allocation Failure) [PSYoungGen: 66448K->1376K(66048K)] 411474K->346402K(576512K), 0.0020508 secs] [Times: user=0.01 sys=0.00, real=0.00 secs] 
1439.531: [GC (Allocation Failure) [PSYoungGen: 65888K->1376K(65536K)] 410914K->346402K(576000K), 0.0020483 secs] [Times: user=0.00 sys=0.00, real=0.00 secs] 
1440.050: [GC (Allocation Failure) [PSYoungGen: 65376K->1312K(65024K)] 410402K->346338K(575488K), 0.0020225 secs] [Times: user=0.01 sys=0.00, real=0.00 secs] 
1440.506: [GC (Allocation Failure) [PSYoungGen: 64800K->1421K(64512K)] 409826K->346447K(574976K), 0.0026239 secs] [Times: user=0.01 sys=0.00, real=0.01 secs] 
1440.695: [GC (Allocation Failure) [PSYoungGen: 64397K->1472K(64000K)] 409423K->346498K(574464K), 0.0019845 secs] [Times: user=0.01 sys=0.00, real=0.01 secs] 
1440.846: [GC (Allocation Failure) [PSYoungGen: 63936K->1501K(63488K)] 408962K->346543K(573952K), 0.0021965 secs] [Times: user=0.01 sys=0.00, real=0.00 secs] 
1440.993: [GC (Allocation Failure) [PSYoungGen: 63453K->1469K(70144K)] 408495K->346511K(580608K), 0.0020592 secs] [Times: user=0.00 sys=0.00, real=0.00 secs] 
1441.291: [GC (Allocation Failure) [PSYoungGen: 70077K->1440K(69632K)] 415119K->346482K(580096K), 0.0022425 secs] [Times: user=0.01 sys=0.00, real=0.00 secs] 
1442.348: [GC (Allocation Failure) [PSYoungGen: 69536K->1376K(69120K)] 414578K->346418K(579584K), 0.0041909 secs] [Times: user=0.02 sys=0.00, real=0.00 secs] 
1443.250: [GC (Allocation Failure) [PSYoungGen: 68960K->1344K(68608K)] 414002K->346386K(579072K), 0.0052153 secs] [Times: user=0.02 sys=0.00, real=0.00 secs] 
1444.210: [GC (Allocation Failure) [PSYoungGen: 68416K->1376K(68096K)] 413458K->346418K(578560K), 0.0047595 secs] [Times: user=0.02 sys=0.00, real=0.00 secs] 
1445.123: [GC (Allocation Failure) [PSYoungGen: 67764K->320K(66560K)] 412806K->345362K(577024K), 0.0027166 secs] [Times: user=0.01 sys=0.00, real=0.00 secs] 
1445.300: [GC (Allocation Failure) [PSYoungGen: 66368K->1485K(67072K)] 411410K->346527K(577536K), 0.0016504 secs] [Times: user=0.01 sys=0.00, real=0.00 secs] 
1445.416: [GC (Allocation Failure) [PSYoungGen: 67021K->1469K(66560K)] 412063K->346511K(577024K), 0.0016462 secs] [Times: user=0.00 sys=0.00, real=0.00 secs] 
1445.530: [GC (Allocation Failure) [PSYoungGen: 66493K->1501K(67072K)] 411535K->346567K(577536K), 0.0017942 secs] [Times: user=0.01 sys=0.00, real=0.00 secs] 
1445.716: [GC (Allocation Failure) [PSYoungGen: 66525K->1600K(67072K)] 411591K->346666K(577536K), 0.0020055 secs] [Times: user=0.01 sys=0.00, real=0.01 secs] 
1446.053: [GC (Allocation Failure) [PSYoungGen: 66624K->1408K(66048K)] 411690K->346474K(576512K), 0.0020794 secs] [Times: user=0.01 sys=0.00, real=0.00 secs] 
1446.321: [GC (Allocation Failure) [PSYoungGen: 65920K->1408K(65536K)] 410986K->346474K(576000K), 0.0021454 secs] [Times: user=0.01 sys=0.01, real=0.00 secs] 
1446.588: [GC (Allocation Failure) [PSYoungGen: 65408K->1376K(65024K)] 410474K->346442K(575488K), 0.0030446 secs] [Times: user=0.01 sys=0.00, real=0.00 secs] 
1446.853: [GC (Allocation Failure) [PSYoungGen: 64864K->1408K(64512K)] 409930K->346474K(574976K), 0.0026518 secs] [Times: user=0.01 sys=0.00, real=0.00 secs] 
1447.081: [GC (Allocation Failure) [PSYoungGen: 64384K->1485K(71168K)] 409450K->346551K(581632K), 0.0025881 secs] [Times: user=0.00 sys=0.00, real=0.00 secs] 
1447.247: [GC (Allocation Failure) [PSYoungGen: 71117K->1472K(71680K)] 416183K->346538K(582144K), 0.0021800 secs] [Times: user=0.01 sys=0.00, real=0.00 secs] 
1447.417: [GC (Allocation Failure) [PSYoungGen: 71104K->1517K(79360K)] 416170K->346599K(589824K), 0.0017590 secs] [Times: user=0.01 sys=0.00, real=0.00 secs] 
1447.554: [GC (Allocation Failure) [PSYoungGen: 78829K->224K(79360K)] 423911K->345338K(589824K), 0.0016771 secs] [Times: user=0.00 sys=0.00, real=0.01 secs] 
1449.958: [GC (Allocation Failure) [PSYoungGen: 77536K->1344K(78336K)] 422650K->346458K(588800K), 0.0036483 secs] [Times: user=0.01 sys=0.00, real=0.00 secs] 
1451.164: [GC (Allocation Failure) [PSYoungGen: 78144K->1376K(77824K)] 423258K->346490K(588288K), 0.0043282 secs] [Times: user=0.01 sys=0.00, real=0.01 secs] 
1451.810: [GC (Allocation Failure) [PSYoungGen: 77664K->1344K(77312K)] 422778K->346458K(587776K), 0.0020293 secs] [Times: user=0.01 sys=0.00, real=0.00 secs] 
1452.091: [GC (Allocation Failure) [PSYoungGen: 77120K->1469K(76800K)] 422234K->346583K(587264K), 0.0017013 secs] [Times: user=0.00 sys=0.00, real=0.00 secs] 
1452.224: [GC (Allocation Failure) [PSYoungGen: 76733K->1504K(76288K)] 421847K->346618K(586752K), 0.0017527 secs] [Times: user=0.01 sys=0.00, real=0.01 secs] 
1452.355: [GC (Allocation Failure) [PSYoungGen: 76256K->1517K(75776K)] 421370K->346631K(586240K), 0.0018389 secs] [Times: user=0.01 sys=0.00, real=0.01 secs] 
1452.488: [GC (Allocation Failure) [PSYoungGen: 75757K->1469K(83456K)] 420871K->346591K(593920K), 0.0016645 secs] [Times: user=0.00 sys=0.00, real=0.00 secs] 
1455.401: [GC (Allocation Failure) [PSYoungGen: 83389K->1424K(82944K)] 428511K->346546K(593408K), 0.0021560 secs] [Times: user=0.01 sys=0.00, real=0.00 secs] 
1455.739: [GC (Allocation Failure) [PSYoungGen: 82832K->1408K(82432K)] 427954K->346530K(592896K), 0.0019509 secs] [Times: user=0.01 sys=0.00, real=0.00 secs] 
1456.075: [GC (Allocation Failure) [PSYoungGen: 82304K->1408K(81920K)] 427426K->346530K(592384K), 0.0020458 secs] [Times: user=0.01 sys=0.00, real=0.01 secs] 
1456.380: [GC (Allocation Failure) [PSYoungGen: 81792K->1440K(81408K)] 426914K->346562K(591872K), 0.0016963 secs] [Times: user=0.01 sys=0.00, real=0.00 secs] 
1456.520: [GC (Allocation Failure) [PSYoungGen: 81312K->1488K(80896K)] 426434K->346610K(591360K), 0.0015975 secs] [Times: user=0.00 sys=0.00, real=0.00 secs] 
1456.685: [GC (Allocation Failure) [PSYoungGen: 80848K->1469K(80384K)] 425970K->346591K(590848K), 0.0020769 secs] [Times: user=0.01 sys=0.00, real=0.01 secs] 
1456.925: [GC (Allocation Failure) [PSYoungGen: 80317K->1440K(79872K)] 425439K->346570K(590336K), 0.0022550 secs] [Times: user=0.01 sys=0.00, real=0.01 secs] 
1457.251: [GC (Allocation Failure) [PSYoungGen: 79776K->1408K(79360K)] 424906K->346538K(589824K), 0.0020372 secs] [Times: user=0.01 sys=0.00, real=0.00 secs] 
1457.575: [GC (Allocation Failure) [PSYoungGen: 79232K->1376K(78848K)] 424362K->346514K(589312K), 0.0020470 secs] [Times: user=0.01 sys=0.00, real=0.01 secs] 
1457.896: [GC (Allocation Failure) [PSYoungGen: 78688K->1376K(78336K)] 423826K->346514K(588800K), 0.0020020 secs] [Times: user=0.01 sys=0.01, real=0.00 secs] 
1458.138: [GC (Allocation Failure) [PSYoungGen: 78176K->1440K(77824K)] 423314K->346602K(588288K), 0.0016833 secs] [Times: user=0.01 sys=0.00, real=0.00 secs] 
1458.274: [GC (Allocation Failure) [PSYoungGen: 77728K->1488K(77312K)] 422890K->346650K(587776K), 0.0016576 secs] [Times: user=0.00 sys=0.00, real=0.00 secs] 
1458.410: [GC (Allocation Failure) [PSYoungGen: 77264K->1456K(76800K)] 422426K->346618K(587264K), 0.0016497 secs] [Times: user=0.01 sys=0.00, real=0.00 secs] 
1458.916: [GC (Allocation Failure) [PSYoungGen: 76720K->1440K(76288K)] 421882K->346602K(586752K), 0.0029096 secs] [Times: user=0.01 sys=0.00, real=0.00 secs] 
1459.914: [GC (Allocation Failure) [PSYoungGen: 76192K->1376K(75776K)] 421354K->346538K(586240K), 0.0024983 secs] [Times: user=0.01 sys=0.00, real=0.01 secs] 
1460.416: [GC (Allocation Failure) [PSYoungGen: 75616K->1376K(75264K)] 420778K->346538K(585728K), 0.0024707 secs] [Times: user=0.01 sys=0.00, real=0.00 secs] 
1460.999: [GC (Allocation Failure) [PSYoungGen: 75104K->1376K(74752K)] 420266K->346538K(585216K), 0.0024899 secs] [Times: user=0.01 sys=0.00, real=0.00 secs] 
1461.523: [GC (Allocation Failure) [PSYoungGen: 74592K->1501K(74240K)] 419754K->346663K(584704K), 0.0019481 secs] [Times: user=0.01 sys=0.00, real=0.00 secs] 
1461.663: [GC (Allocation Failure) [PSYoungGen: 74205K->1472K(73728K)] 419367K->346634K(584192K), 0.0016401 secs] [Times: user=0.01 sys=0.00, real=0.00 secs] 
1461.790: [GC (Allocation Failure) [PSYoungGen: 73664K->1501K(73216K)] 418826K->346663K(583680K), 0.0017389 secs] [Times: user=0.01 sys=0.00, real=0.00 secs] 
1461.915: [GC (Allocation Failure) [PSYoungGen: 73181K->1533K(72704K)] 418343K->346695K(583168K), 0.0017382 secs] [Times: user=0.01 sys=0.00, real=0.01 secs] 
1462.331: [GC (Allocation Failure) [PSYoungGen: 72701K->1408K(72192K)] 417863K->346570K(582656K), 0.0018948 secs] [Times: user=0.01 sys=0.00, real=0.00 secs] 
1462.642: [GC (Allocation Failure) [PSYoungGen: 72064K->1376K(71680K)] 417226K->346538K(582144K), 0.0018277 secs] [Times: user=0.01 sys=0.00, real=0.00 secs] 
1463.014: [GC (Allocation Failure) [PSYoungGen: 71520K->1344K(71168K)] 416682K->346506K(581632K), 0.0018751 secs] [Times: user=0.00 sys=0.00, real=0.01 secs] 
1463.541: [GC (Allocation Failure) [PSYoungGen: 70976K->1344K(70656K)] 416138K->346506K(581120K), 0.0018989 secs] [Times: user=0.01 sys=0.00, real=0.00 secs] 
1463.811: [GC (Allocation Failure) [PSYoungGen: 70464K->1469K(70144K)] 415626K->346631K(580608K), 0.0016929 secs] [Times: user=0.01 sys=0.00, real=0.00 secs] 
1463.934: [GC (Allocation Failure) [PSYoungGen: 70077K->1504K(69632K)] 415239K->346666K(580096K), 0.0017119 secs] [Times: user=0.01 sys=0.00, real=0.00 secs] 
1464.055: [GC (Allocation Failure) [PSYoungGen: 69600K->1520K(69120K)] 414762K->346682K(579584K), 0.0015913 secs] [Times: user=0.00 sys=0.00, real=0.01 secs] 
1464.177: [GC (Allocation Failure) [PSYoungGen: 68784K->224K(69632K)] 413946K->345386K(580096K), 0.0015903 secs] [Times: user=0.00 sys=0.00, real=0.00 secs] 
1464.847: [GC (Allocation Failure) [PSYoungGen: 67808K->1408K(68608K)] 412970K->346570K(579072K), 0.0019725 secs] [Times: user=0.01 sys=0.00, real=0.00 secs] 
1465.354: [GC (Allocation Failure) [PSYoungGen: 68480K->1344K(68096K)] 413642K->346506K(578560K), 0.0023197 secs] [Times: user=0.01 sys=0.00, real=0.01 secs] 
1465.903: [GC (Allocation Failure) [PSYoungGen: 67904K->1392K(67584K)] 413066K->346554K(578048K), 0.0022220 secs] [Times: user=0.01 sys=0.00, real=0.00 secs] 
1466.451: [GC (Allocation Failure) [PSYoungGen: 67440K->1392K(67072K)] 412602K->346570K(577536K), 0.0025642 secs] [Times: user=0.01 sys=0.00, real=0.00 secs] 
1466.694: [GC (Allocation Failure) [PSYoungGen: 66928K->1469K(66560K)] 412106K->346647K(577024K), 0.0015732 secs] [Times: user=0.01 sys=0.00, real=0.00 secs] 
1466.808: [GC (Allocation Failure) [PSYoungGen: 66493K->1485K(66048K)] 411671K->346663K(576512K), 0.0017801 secs] [Times: user=0.01 sys=0.00, real=0.00 secs] 
1466.922: [GC (Allocation Failure) [PSYoungGen: 65997K->1456K(65536K)] 411175K->346634K(576000K), 0.0016452 secs] [Times: user=0.01 sys=0.00, real=0.00 secs] 
1467.035: [GC (Allocation Failure) [PSYoungGen: 65456K->1501K(72192K)] 410634K->346687K(582656K), 0.0015441 secs] [Times: user=0.01 sys=0.00, real=0.01 secs] 
1467.315: [GC (Allocation Failure) [PSYoungGen: 72157K->1440K(71680K)] 417343K->346626K(582144K), 0.0017852 secs] [Times: user=0.00 sys=0.00, real=0.01 secs] 
1467.606: [GC (Allocation Failure) [PSYoungGen: 71584K->1376K(71168K)] 416770K->346562K(581632K), 0.0017682 secs] [Times: user=0.00 sys=0.00, real=0.01 secs] 
1467.894: [GC (Allocation Failure) [PSYoungGen: 71008K->1392K(70656K)] 416194K->346578K(581120K), 0.0018165 secs] [Times: user=0.01 sys=0.00, real=0.01 secs] 
1468.181: [GC (Allocation Failure) [PSYoungGen: 70512K->1408K(70144K)] 415698K->346602K(580608K), 0.0019411 secs] [Times: user=0.01 sys=0.00, real=0.00 secs] 
1468.361: [GC (Allocation Failure) [PSYoungGen: 70016K->1504K(69632K)] 415210K->346698K(580096K), 0.0015856 secs] [Times: user=0.01 sys=0.00, real=0.00 secs] 
1468.500: [GC (Allocation Failure) [PSYoungGen: 69600K->1437K(69120K)] 414794K->346631K(579584K), 0.0020596 secs] [Times: user=0.01 sys=0.00, real=0.00 secs] 
1468.654: [GC (Allocation Failure) [PSYoungGen: 69021K->1421K(68608K)] 414215K->346623K(579072K), 0.0017037 secs] [Times: user=0.01 sys=0.00, real=0.00 secs] 
1468.791: [GC (Allocation Failure) [PSYoungGen: 68493K->349K(69120K)] 413695K->345567K(579584K), 0.0018626 secs] [Times: user=0.01 sys=0.00, real=0.00 secs] 
1469.962: [GC (Allocation Failure) [PSYoungGen: 67421K->1408K(68096K)] 412639K->346626K(578560K), 0.0024371 secs] [Times: user=0.01 sys=0.00, real=0.00 secs] 
1470.640: [GC (Allocation Failure) [PSYoungGen: 67968K->1376K(67584K)] 413186K->346594K(578048K), 0.0025843 secs] [Times: user=0.01 sys=0.01, real=0.00 secs] 
1471.340: [GC (Allocation Failure) [PSYoungGen: 67424K->1376K(67072K)] 412642K->346594K(577536K), 0.0041962 secs] [Times: user=0.01 sys=0.00, real=0.00 secs] 
1471.820: [GC (Allocation Failure) [PSYoungGen: 66912K->1408K(66560K)] 412130K->346626K(577024K), 0.0026452 secs] [Times: user=0.01 sys=0.00, real=0.00 secs] 
1472.102: [GC (Allocation Failure) [PSYoungGen: 66432K->1488K(66048K)] 411650K->346706K(576512K), 0.0019055 secs] [Times: user=0.01 sys=0.00, real=0.00 secs] 
1472.222: [GC (Allocation Failure) [PSYoungGen: 66000K->1469K(65536K)] 411218K->346687K(576000K), 0.0016610 secs] [Times: user=0.00 sys=0.01, real=0.00 secs] 
1472.335: [GC (Allocation Failure) [PSYoungGen: 65444K->1533K(65024K)] 410662K->346751K(575488K), 0.0015903 secs] [Times: user=0.00 sys=0.00, real=0.01 secs] 
1472.463: [GC (Allocation Failure) [PSYoungGen: 65021K->1504K(71680K)] 410239K->346738K(582144K), 0.0019492 secs] [Times: user=0.01 sys=0.00, real=0.00 secs] 
1473.033: [GC (Allocation Failure) [PSYoungGen: 71648K->1440K(71168K)] 416882K->346674K(581632K), 0.0021105 secs] [Times: user=0.00 sys=0.00, real=0.00 secs] 
1473.351: [GC (Allocation Failure) [PSYoungGen: 71072K->1376K(70656K)] 416306K->346610K(581120K), 0.0032097 secs] [Times: user=0.01 sys=0.00, real=0.00 secs] 
1473.693: [GC (Allocation Failure) [PSYoungGen: 70496K->1344K(70144K)] 415730K->346578K(580608K), 0.0020419 secs] [Times: user=0.01 sys=0.00, real=0.00 secs] 
1474.310: [GC (Allocation Failure) [PSYoungGen: 69952K->1408K(69632K)] 415186K->346642K(580096K), 0.0027313 secs] [Times: user=0.01 sys=0.00, real=0.00 secs] 
1474.707: [GC (Allocation Failure) [PSYoungGen: 69504K->1501K(69120K)] 414738K->346735K(579584K), 0.0022373 secs] [Times: user=0.01 sys=0.00, real=0.00 secs] 
1474.850: [GC (Allocation Failure) [PSYoungGen: 69055K->1453K(68608K)] 414289K->346687K(579072K), 0.0017031 secs] [Times: user=0.00 sys=0.00, real=0.00 secs] 
1474.969: [GC (Allocation Failure) [PSYoungGen: 68525K->1533K(68096K)] 413759K->346767K(578560K), 0.0017225 secs] [Times: user=0.01 sys=0.00, real=0.00 secs] 
1475.085: [GC (Allocation Failure) [PSYoungGen: 68093K->1501K(68608K)] 413327K->346751K(579072K), 0.0017004 secs] [Times: user=0.01 sys=0.00, real=0.01 secs] 
1476.028: [GC (Allocation Failure) [PSYoungGen: 68061K->1440K(67584K)] 413311K->346690K(578048K), 0.0019855 secs] [Times: user=0.01 sys=0.00, real=0.00 secs] 
1476.952: [GC (Allocation Failure) [PSYoungGen: 67488K->1376K(67072K)] 412738K->346626K(577536K), 0.0040986 secs] [Times: user=0.01 sys=0.00, real=0.01 secs] 
1477.727: [GC (Allocation Failure) [PSYoungGen: 66912K->1392K(66560K)] 412162K->346666K(577024K), 0.0030825 secs] [Times: user=0.01 sys=0.00, real=0.00 secs] 
1478.224: [GC (Allocation Failure) [PSYoungGen: 66416K->1376K(66048K)] 411690K->346650K(576512K), 0.0025388 secs] [Times: user=0.01 sys=0.00, real=0.01 secs] 
1478.612: [GC (Allocation Failure) [PSYoungGen: 65888K->1437K(65536K)] 411162K->346711K(576000K), 0.0018757 secs] [Times: user=0.00 sys=0.00, real=0.00 secs] 
1478.741: [GC (Allocation Failure) [PSYoungGen: 65437K->1485K(65024K)] 410711K->346759K(575488K), 0.0015510 secs] [Times: user=0.01 sys=0.00, real=0.00 secs] 
1478.853: [GC (Allocation Failure) [PSYoungGen: 64973K->1424K(64512K)] 410247K->346698K(574976K), 0.0015748 secs] [Times: user=0.01 sys=0.00, real=0.00 secs] 
1478.965: [GC (Allocation Failure) [PSYoungGen: 64400K->1453K(71168K)] 409674K->346735K(581632K), 0.0016715 secs] [Times: user=0.01 sys=0.00, real=0.01 secs] 
1479.223: [GC (Allocation Failure) [PSYoungGen: 71085K->1408K(70656K)] 416367K->346690K(581120K), 0.0019624 secs] [Times: user=0.01 sys=0.00, real=0.00 secs] 
1479.787: [GC (Allocation Failure) [PSYoungGen: 70528K->1344K(70144K)] 415810K->346626K(580608K), 0.0020385 secs] [Times: user=0.01 sys=0.00, real=0.00 secs] 
1480.328: [GC (Allocation Failure) [PSYoungGen: 69952K->1376K(69632K)] 415234K->346658K(580096K), 0.0025898 secs] [Times: user=0.01 sys=0.01, real=0.00 secs] 
1480.883: [GC (Allocation Failure) [PSYoungGen: 69472K->1392K(69120K)] 414754K->346674K(579584K), 0.0026210 secs] [Times: user=0.01 sys=0.00, real=0.01 secs] 
1481.333: [GC (Allocation Failure) [PSYoungGen: 68976K->1453K(68608K)] 414258K->346735K(579072K), 0.0021411 secs] [Times: user=0.00 sys=0.00, real=0.00 secs] 
1481.466: [GC (Allocation Failure) [PSYoungGen: 68508K->1469K(68096K)] 413790K->346751K(578560K), 0.0017078 secs] [Times: user=0.01 sys=0.00, real=0.00 secs] 
1481.583: [GC (Allocation Failure) [PSYoungGen: 68029K->1469K(67584K)] 413311K->346751K(578048K), 0.0016960 secs] [Times: user=0.00 sys=0.00, real=0.00 secs] 
1481.700: [GC (Allocation Failure) [PSYoungGen: 67517K->1517K(68096K)] 412799K->346815K(578560K), 0.0016371 secs] [Times: user=0.00 sys=0.00, real=0.00 secs] 
1481.919: [GC (Allocation Failure) [PSYoungGen: 67565K->1424K(67072K)] 412863K->346730K(577536K), 0.0017184 secs] [Times: user=0.00 sys=0.00, real=0.00 secs] 
1482.612: [GC (Allocation Failure) [PSYoungGen: 66960K->1424K(66560K)] 412266K->346730K(577024K), 0.0042136 secs] [Times: user=0.01 sys=0.01, real=0.01 secs] 
1483.209: [GC (Allocation Failure) [PSYoungGen: 66448K->1424K(66048K)] 411754K->346730K(576512K), 0.0022968 secs] [Times: user=0.01 sys=0.00, real=0.00 secs] 
1483.961: [GC (Allocation Failure) [PSYoungGen: 65936K->1376K(65536K)] 411242K->346682K(576000K), 0.0025701 secs] [Times: user=0.00 sys=0.00, real=0.00 secs] 
1484.624: [GC (Allocation Failure) [PSYoungGen: 65344K->1504K(65024K)] 410650K->346810K(575488K), 0.0029139 secs] [Times: user=0.01 sys=0.00, real=0.01 secs] 
1484.808: [GC (Allocation Failure) [PSYoungGen: 64992K->1501K(64512K)] 410298K->346807K(574976K), 0.0017632 secs] [Times: user=0.01 sys=0.00, real=0.00 secs] 
1484.920: [GC (Allocation Failure) [PSYoungGen: 64477K->1485K(64000K)] 409783K->346791K(574464K), 0.0016626 secs] [Times: user=0.01 sys=0.00, real=0.00 secs] 
1485.031: [GC (Allocation Failure) [PSYoungGen: 63949K->1517K(71168K)] 409255K->346839K(581632K), 0.0015674 secs] [Times: user=0.00 sys=0.00, real=0.00 secs] 
1485.677: [GC (Allocation Failure) [PSYoungGen: 70637K->1440K(70144K)] 415959K->346762K(580608K), 0.0043730 secs] [Times: user=0.01 sys=0.00, real=0.00 secs] 
1486.527: [GC (Allocation Failure) [PSYoungGen: 70048K->1408K(69632K)] 415370K->346730K(580096K), 0.0030587 secs] [Times: user=0.01 sys=0.00, real=0.00 secs] 
1487.337: [GC (Allocation Failure) [PSYoungGen: 69504K->1376K(69120K)] 414826K->346698K(579584K), 0.0033302 secs] [Times: user=0.01 sys=0.00, real=0.00 secs] 
1487.916: [GC (Allocation Failure) [PSYoungGen: 68960K->1408K(68608K)] 414282K->346730K(579072K), 0.0024674 secs] [Times: user=0.01 sys=0.00, real=0.00 secs] 
1488.458: [GC (Allocation Failure) [PSYoungGen: 68480K->1456K(68096K)] 413802K->346794K(578560K), 0.0022781 secs] [Times: user=0.01 sys=0.00, real=0.00 secs] 
1488.618: [GC (Allocation Failure) [PSYoungGen: 68016K->1533K(67584K)] 413354K->346871K(578048K), 0.0016443 secs] [Times: user=0.01 sys=0.00, real=0.00 secs] 
1488.735: [GC (Allocation Failure) [PSYoungGen: 67581K->1485K(67072K)] 412919K->346823K(577536K), 0.0016052 secs] [Times: user=0.01 sys=0.00, real=0.01 secs] 
1488.851: [GC (Allocation Failure) [PSYoungGen: 67021K->1501K(67584K)] 412359K->346855K(578048K), 0.0017396 secs] [Times: user=0.01 sys=0.00, real=0.00 secs] 
1489.099: [GC (Allocation Failure) [PSYoungGen: 67037K->1440K(66560K)] 412391K->346794K(577024K), 0.0017239 secs] [Times: user=0.00 sys=0.00, real=0.00 secs] 
1489.800: [GC (Allocation Failure) [PSYoungGen: 66464K->1360K(66048K)] 411818K->346714K(576512K), 0.0038164 secs] [Times: user=0.01 sys=0.01, real=0.00 secs] 
1490.160: [GC (Allocation Failure) [PSYoungGen: 65872K->1312K(65536K)] 411226K->346666K(576000K), 0.0025468 secs] [Times: user=0.01 sys=0.00, real=0.00 secs] 
1490.550: [GC (Allocation Failure) [PSYoungGen: 65312K->1376K(65024K)] 410666K->346730K(575488K), 0.0020765 secs] [Times: user=0.01 sys=0.00, real=0.00 secs] 
1491.123: [GC (Allocation Failure) [PSYoungGen: 64864K->1376K(64512K)] 410218K->346730K(574976K), 0.0019693 secs] [Times: user=0.00 sys=0.00, real=0.00 secs] 
1491.471: [GC (Allocation Failure) [PSYoungGen: 64352K->1488K(64000K)] 409706K->346842K(574464K), 0.0019937 secs] [Times: user=0.01 sys=0.00, real=0.00 secs] 
1491.586: [GC (Allocation Failure) [PSYoungGen: 63952K->1421K(63488K)] 409306K->346775K(573952K), 0.0016896 secs] [Times: user=0.01 sys=0.00, real=0.01 secs] 
1491.710: [GC (Allocation Failure) [PSYoungGen: 63373K->1469K(70656K)] 408727K->346839K(581120K), 0.0019071 secs] [Times: user=0.01 sys=0.00, real=0.00 secs] 
1491.867: [GC (Allocation Failure) [PSYoungGen: 70077K->1453K(70656K)] 415447K->346823K(581120K), 0.0020343 secs] [Times: user=0.01 sys=0.00, real=0.00 secs] 
1492.768: [GC (Allocation Failure) [PSYoungGen: 70061K->1424K(69632K)] 415431K->346802K(580096K), 0.0032901 secs] [Times: user=0.02 sys=0.00, real=0.00 secs] 
1493.617: [GC (Allocation Failure) [PSYoungGen: 69520K->1376K(69120K)] 414898K->346754K(579584K), 0.0027778 secs] [Times: user=0.01 sys=0.00, real=0.00 secs] 
1494.332: [GC (Allocation Failure) [PSYoungGen: 68960K->1344K(68608K)] 414338K->346722K(579072K), 0.0022851 secs] [Times: user=0.01 sys=0.00, real=0.00 secs] 
1495.115: [GC (Allocation Failure) [PSYoungGen: 68416K->1408K(68096K)] 413794K->346786K(578560K), 0.0033572 secs] [Times: user=0.01 sys=0.00, real=0.01 secs] 
1495.523: [GC (Allocation Failure) [PSYoungGen: 67968K->1501K(67584K)] 413346K->346879K(578048K), 0.0021818 secs] [Times: user=0.01 sys=0.00, real=0.00 secs] 
1495.658: [GC (Allocation Failure) [PSYoungGen: 67534K->1456K(67072K)] 412912K->346834K(577536K), 0.0015711 secs] [Times: user=0.01 sys=0.00, real=0.00 secs] 
1495.774: [GC (Allocation Failure) [PSYoungGen: 66992K->1456K(66560K)] 412370K->346850K(577024K), 0.0016568 secs] [Times: user=0.00 sys=0.01, real=0.00 secs] 
1495.888: [GC (Allocation Failure) [PSYoungGen: 66480K->1485K(67072K)] 411874K->346879K(577536K), 0.0016559 secs] [Times: user=0.01 sys=0.00, real=0.00 secs] 
1497.534: [GC (Allocation Failure) [PSYoungGen: 66509K->1440K(66048K)] 411903K->346834K(576512K), 0.0029715 secs] [Times: user=0.01 sys=0.00, real=0.01 secs] 
1500.265: [GC (Allocation Failure) [PSYoungGen: 65952K->1328K(65536K)] 411346K->346722K(576000K), 0.0048592 secs] [Times: user=0.02 sys=0.00, real=0.01 secs] 
1501.144: [GC (Allocation Failure) [PSYoungGen: 65328K->1360K(65024K)] 410722K->346754K(575488K), 0.0030003 secs] [Times: user=0.01 sys=0.00, real=0.01 secs] 
1501.510: [GC (Allocation Failure) [PSYoungGen: 64848K->1344K(64512K)] 410242K->346746K(574976K), 0.0020213 secs] [Times: user=0.01 sys=0.00, real=0.00 secs] 
1501.748: [GC (Allocation Failure) [PSYoungGen: 64317K->1469K(64000K)] 409719K->346871K(574464K), 0.0017041 secs] [Times: user=0.00 sys=0.00, real=0.00 secs] 
1501.875: [GC (Allocation Failure) [PSYoungGen: 63933K->1501K(63488K)] 409335K->346903K(573952K), 0.0018952 secs] [Times: user=0.00 sys=0.00, real=0.01 secs] 
1502.012: [GC (Allocation Failure) [PSYoungGen: 63453K->1469K(62976K)] 408855K->346871K(573440K), 0.0018684 secs] [Times: user=0.01 sys=0.00, real=0.00 secs] 
1502.123: [GC (Allocation Failure) [PSYoungGen: 62909K->1533K(63488K)] 408311K->346959K(573952K), 0.0016630 secs] [Times: user=0.01 sys=0.00, real=0.00 secs] 
1502.281: [GC (Allocation Failure) [PSYoungGen: 62973K->1920K(63488K)] 408399K->347346K(573952K), 0.0019094 secs] [Times: user=0.01 sys=0.00, real=0.00 secs] 
1502.561: [GC (Allocation Failure) [PSYoungGen: 63360K->1312K(69120K)] 408786K->346738K(579584K), 0.0020749 secs] [Times: user=0.01 sys=0.00, real=0.00 secs] 
1502.842: [GC (Allocation Failure) [PSYoungGen: 68896K->1376K(68608K)] 414322K->346802K(579072K), 0.0019533 secs] [Times: user=0.01 sys=0.00, real=0.00 secs] 
1503.214: [GC (Allocation Failure) [PSYoungGen: 68448K->1328K(68096K)] 413874K->346754K(578560K), 0.0019979 secs] [Times: user=0.01 sys=0.00, real=0.01 secs] 
1503.490: [GC (Allocation Failure) [PSYoungGen: 67888K->1312K(67584K)] 413314K->346738K(578048K), 0.0019333 secs] [Times: user=0.01 sys=0.00, real=0.00 secs] 
1503.692: [GC (Allocation Failure) [PSYoungGen: 67360K->1501K(67072K)] 412786K->346927K(577536K), 0.0017621 secs] [Times: user=0.00 sys=0.00, real=0.00 secs] 
1503.809: [GC (Allocation Failure) [PSYoungGen: 67037K->1501K(66560K)] 412463K->346927K(577024K), 0.0018366 secs] [Times: user=0.01 sys=0.00, real=0.00 secs] 
1503.923: [GC (Allocation Failure) [PSYoungGen: 66525K->1469K(67072K)] 411951K->346903K(577536K), 0.0016936 secs] [Times: user=0.00 sys=0.00, real=0.00 secs] 
1504.037: [GC (Allocation Failure) [PSYoungGen: 66493K->1501K(67072K)] 411927K->346935K(577536K), 0.0016826 secs] [Times: user=0.01 sys=0.00, real=0.00 secs] 
1504.434: [GC (Allocation Failure) [PSYoungGen: 66525K->1424K(73216K)] 411959K->346874K(583680K), 0.0020227 secs] [Times: user=0.00 sys=0.00, real=0.00 secs] 
1504.732: [GC (Allocation Failure) [PSYoungGen: 73104K->1344K(72704K)] 418554K->346794K(583168K), 0.0021311 secs] [Times: user=0.01 sys=0.00, real=0.00 secs] 
1505.028: [GC (Allocation Failure) [PSYoungGen: 72512K->1344K(72192K)] 417962K->346794K(582656K), 0.0020311 secs] [Times: user=0.00 sys=0.00, real=0.00 secs] 
1505.321: [GC (Allocation Failure) [PSYoungGen: 72000K->1408K(71680K)] 417450K->346858K(582144K), 0.0022366 secs] [Times: user=0.01 sys=0.00, real=0.00 secs] 
1505.639: [GC (Allocation Failure) [PSYoungGen: 71552K->1501K(71168K)] 417002K->346951K(581632K), 0.0017167 secs] [Times: user=0.01 sys=0.00, real=0.00 secs] 
1505.763: [GC (Allocation Failure) [PSYoungGen: 71133K->1517K(70656K)] 416583K->346967K(581120K), 0.0016034 secs] [Times: user=0.01 sys=0.00, real=0.00 secs] 
1505.887: [GC (Allocation Failure) [PSYoungGen: 70637K->1469K(71168K)] 416087K->346927K(581632K), 0.0017036 secs] [Times: user=0.01 sys=0.00, real=0.00 secs] 
1506.305: [GC (Allocation Failure) [PSYoungGen: 70589K->1472K(70144K)] 416047K->346930K(580608K), 0.0026894 secs] [Times: user=0.01 sys=0.00, real=0.01 secs] 
1507.209: [GC (Allocation Failure) [PSYoungGen: 70080K->1376K(69632K)] 415538K->346834K(580096K), 0.0029761 secs] [Times: user=0.01 sys=0.00, real=0.00 secs] 
1507.894: [GC (Allocation Failure) [PSYoungGen: 69472K->1344K(69120K)] 414930K->346802K(579584K), 0.0028723 secs] [Times: user=0.01 sys=0.00, real=0.01 secs] 
1508.578: [GC (Allocation Failure) [PSYoungGen: 68928K->1408K(68608K)] 414386K->346866K(579072K), 0.0061159 secs] [Times: user=0.03 sys=0.00, real=0.00 secs] 
1509.277: [GC (Allocation Failure) [PSYoungGen: 68480K->1469K(68096K)] 413938K->346927K(578560K), 0.0029703 secs] [Times: user=0.01 sys=0.00, real=0.00 secs] 
1509.516: [GC (Allocation Failure) [PSYoungGen: 68029K->1437K(67584K)] 413487K->346895K(578048K), 0.0022228 secs] [Times: user=0.00 sys=0.00, real=0.00 secs] 
1509.655: [GC (Allocation Failure) [PSYoungGen: 67485K->1469K(67072K)] 412943K->346927K(577536K), 0.0017252 secs] [Times: user=0.00 sys=0.00, real=0.01 secs] 
1509.771: [GC (Allocation Failure) [PSYoungGen: 67005K->1552K(67584K)] 412463K->347010K(578048K), 0.0017917 secs] [Times: user=0.01 sys=0.00, real=0.00 secs] 
1509.934: [GC (Allocation Failure) [PSYoungGen: 67088K->1984K(67584K)] 412546K->347954K(578048K), 0.0018533 secs] [Times: user=0.00 sys=0.00, real=0.01 secs] 
1510.405: [GC (Allocation Failure) [PSYoungGen: 67520K->1392K(66560K)] 413490K->347362K(577024K), 0.0026664 secs] [Times: user=0.01 sys=0.00, real=0.01 secs] 
1510.671: [GC (Allocation Failure) [PSYoungGen: 66416K->1408K(66048K)] 412386K->347378K(576512K), 0.0033664 secs] [Times: user=0.01 sys=0.01, real=0.00 secs] 
1510.940: [GC (Allocation Failure) [PSYoungGen: 65920K->1408K(65536K)] 411890K->347378K(576000K), 0.0020334 secs] [Times: user=0.01 sys=0.00, real=0.00 secs] 
1511.206: [GC (Allocation Failure) [PSYoungGen: 65408K->1408K(65024K)] 411378K->347378K(575488K), 0.0020360 secs] [Times: user=0.00 sys=0.00, real=0.00 secs] 
1512.584: [GC (Allocation Failure) [PSYoungGen: 64896K->1469K(64512K)] 410866K->347439K(574976K), 0.0020818 secs] [Times: user=0.01 sys=0.00, real=0.01 secs] 
1512.751: [GC (Allocation Failure) [PSYoungGen: 64445K->1437K(64000K)] 410415K->347407K(574464K), 0.0020668 secs] [Times: user=0.01 sys=0.00, real=0.00 secs] 
1512.890: [GC (Allocation Failure) [PSYoungGen: 63901K->1501K(63488K)] 409871K->347487K(573952K), 0.0015881 secs] [Times: user=0.00 sys=0.00, real=0.00 secs] 
1512.999: [GC (Allocation Failure) [PSYoungGen: 63453K->1533K(70656K)] 409439K->347519K(581120K), 0.0016820 secs] [Times: user=0.00 sys=0.00, real=0.00 secs] 
1513.571: [GC (Allocation Failure) [PSYoungGen: 70141K->1424K(70656K)] 416127K->347410K(581120K), 0.0047039 secs] [Times: user=0.02 sys=0.00, real=0.01 secs] 
1514.424: [GC (Allocation Failure) [PSYoungGen: 70032K->1408K(69632K)] 416018K->347394K(580096K), 0.0023463 secs] [Times: user=0.01 sys=0.00, real=0.01 secs] 
1515.092: [GC (Allocation Failure) [PSYoungGen: 69504K->1408K(69120K)] 415490K->347394K(579584K), 0.0027147 secs] [Times: user=0.00 sys=0.00, real=0.00 secs] 
1515.903: [GC (Allocation Failure) [PSYoungGen: 68992K->1408K(68608K)] 414978K->347394K(579072K), 0.0024290 secs] [Times: user=0.01 sys=0.00, real=0.00 secs] 
1516.307: [GC (Allocation Failure) [PSYoungGen: 68480K->1469K(68096K)] 414466K->347455K(578560K), 0.0019472 secs] [Times: user=0.00 sys=0.00, real=0.00 secs] 
1516.431: [GC (Allocation Failure) [PSYoungGen: 68029K->1501K(67584K)] 414015K->347487K(578048K), 0.0016973 secs] [Times: user=0.00 sys=0.00, real=0.00 secs] 
1516.548: [GC (Allocation Failure) [PSYoungGen: 67549K->1469K(67072K)] 413535K->347471K(577536K), 0.0017294 secs] [Times: user=0.00 sys=0.00, real=0.00 secs] 
1516.664: [GC (Allocation Failure) [PSYoungGen: 67005K->1485K(67584K)] 413007K->347487K(578048K), 0.0016081 secs] [Times: user=0.01 sys=0.00, real=0.00 secs] 
1516.887: [GC (Allocation Failure) [PSYoungGen: 67021K->1424K(66560K)] 413023K->347426K(577024K), 0.0015776 secs] [Times: user=0.01 sys=0.00, real=0.00 secs] 
1517.157: [GC (Allocation Failure) [PSYoungGen: 66448K->1344K(66048K)] 412450K->347346K(576512K), 0.0015951 secs] [Times: user=0.01 sys=0.00, real=0.00 secs] 
1517.424: [GC (Allocation Failure) [PSYoungGen: 65856K->1408K(65536K)] 411858K->347410K(576000K), 0.0014360 secs] [Times: user=0.00 sys=0.00, real=0.00 secs] 
1517.690: [GC (Allocation Failure) [PSYoungGen: 65408K->1376K(65024K)] 411410K->347394K(575488K), 0.0029717 secs] [Times: user=0.01 sys=0.00, real=0.00 secs] 
1517.935: [GC (Allocation Failure) [PSYoungGen: 64864K->1501K(64512K)] 410882K->347519K(574976K), 0.0019582 secs] [Times: user=0.01 sys=0.00, real=0.01 secs] 
1518.054: [GC (Allocation Failure) [PSYoungGen: 64477K->1485K(64000K)] 410495K->347503K(574464K), 0.0016330 secs] [Times: user=0.00 sys=0.00, real=0.01 secs] 
1518.181: [GC (Allocation Failure) [PSYoungGen: 63949K->1469K(70656K)] 409967K->347487K(581120K), 0.0018684 secs] [Times: user=0.00 sys=0.00, real=0.00 secs] 
1518.316: [GC (Allocation Failure) [PSYoungGen: 70589K->1501K(71168K)] 416607K->347535K(581632K), 0.0018467 secs] [Times: user=0.01 sys=0.00, real=0.00 secs] 
1518.781: [GC (Allocation Failure) [PSYoungGen: 70621K->1424K(78848K)] 416655K->347458K(589312K), 0.0062946 secs] [Times: user=0.02 sys=0.00, real=0.01 secs] 
1519.773: [GC (Allocation Failure) [PSYoungGen: 78224K->1344K(77824K)] 424258K->347378K(588288K), 0.0028760 secs] [Times: user=0.01 sys=0.00, real=0.00 secs] 
1520.437: [GC (Allocation Failure) [PSYoungGen: 77632K->1408K(77312K)] 423666K->347442K(587776K), 0.0026961 secs] [Times: user=0.01 sys=0.00, real=0.00 secs] 
1521.090: [GC (Allocation Failure) [PSYoungGen: 77184K->1376K(76800K)] 423218K->347410K(587264K), 0.0021506 secs] [Times: user=0.00 sys=0.00, real=0.00 secs] 
1521.359: [GC (Allocation Failure) [PSYoungGen: 76640K->1472K(76288K)] 422674K->347506K(586752K), 0.0016879 secs] [Times: user=0.01 sys=0.00, real=0.00 secs] 
1521.492: [GC (Allocation Failure) [PSYoungGen: 76224K->1501K(75776K)] 422258K->347535K(586240K), 0.0016475 secs] [Times: user=0.01 sys=0.00, real=0.00 secs] 
1521.623: [GC (Allocation Failure) [PSYoungGen: 75741K->1504K(75264K)] 421775K->347538K(585728K), 0.0017619 secs] [Times: user=0.00 sys=0.00, real=0.00 secs] 
1521.882: [GC (Allocation Failure) [PSYoungGen: 75232K->1472K(74752K)] 421266K->347506K(585216K), 0.0019206 secs] [Times: user=0.01 sys=0.00, real=0.00 secs] 
1522.544: [GC (Allocation Failure) [PSYoungGen: 74688K->1408K(74240K)] 420722K->347442K(584704K), 0.0018854 secs] [Times: user=0.01 sys=0.00, real=0.01 secs] 
1523.262: [GC (Allocation Failure) [PSYoungGen: 74112K->1408K(73728K)] 420146K->347442K(584192K), 0.0033658 secs] [Times: user=0.01 sys=0.00, real=0.00 secs] 
1523.911: [GC (Allocation Failure) [PSYoungGen: 73600K->1408K(73216K)] 419634K->347442K(583680K), 0.0028200 secs] [Times: user=0.01 sys=0.00, real=0.00 secs] 
1524.410: [GC (Allocation Failure) [PSYoungGen: 73088K->1437K(72704K)] 419122K->347471K(583168K), 0.0021933 secs] [Times: user=0.01 sys=0.00, real=0.00 secs] 
1524.559: [GC (Allocation Failure) [PSYoungGen: 72605K->1501K(72192K)] 418639K->347535K(582656K), 0.0016863 secs] [Times: user=0.01 sys=0.00, real=0.00 secs] 
1524.684: [GC (Allocation Failure) [PSYoungGen: 72157K->1485K(71680K)] 418191K->347519K(582144K), 0.0016742 secs] [Times: user=0.00 sys=0.00, real=0.00 secs] 
1524.807: [GC (Allocation Failure) [PSYoungGen: 71605K->1501K(71168K)] 417639K->347535K(581632K), 0.0018316 secs] [Times: user=0.00 sys=0.00, real=0.00 secs] 
1525.447: [GC (Allocation Failure) [PSYoungGen: 71133K->1456K(70656K)] 417167K->347490K(581120K), 0.0022413 secs] [Times: user=0.01 sys=0.00, real=0.00 secs] 
1526.533: [GC (Allocation Failure) [PSYoungGen: 70576K->1408K(70144K)] 416610K->347442K(580608K), 0.0032677 secs] [Times: user=0.01 sys=0.00, real=0.01 secs] 
1527.331: [GC (Allocation Failure) [PSYoungGen: 70016K->1376K(69632K)] 416050K->347410K(580096K), 0.0028494 secs] [Times: user=0.01 sys=0.00, real=0.00 secs] 
1528.142: [GC (Allocation Failure) [PSYoungGen: 69472K->1376K(69120K)] 415506K->347410K(579584K), 0.0032770 secs] [Times: user=0.01 sys=0.00, real=0.00 secs] 
1528.555: [GC (Allocation Failure) [PSYoungGen: 68960K->1469K(68608K)] 414994K->347503K(579072K), 0.0021745 secs] [Times: user=0.01 sys=0.00, real=0.01 secs] 
1528.695: [GC (Allocation Failure) [PSYoungGen: 68541K->1424K(68096K)] 414575K->347490K(578560K), 0.0017016 secs] [Times: user=0.00 sys=0.00, real=0.01 secs] 
1528.811: [GC (Allocation Failure) [PSYoungGen: 67984K->1456K(67584K)] 414050K->347522K(578048K), 0.0015981 secs] [Times: user=0.00 sys=0.00, real=0.00 secs] 
1528.928: [GC (Allocation Failure) [PSYoungGen: 67504K->1456K(67072K)] 413570K->347538K(577536K), 0.0016302 secs] [Times: user=0.00 sys=0.00, real=0.00 secs] 
1529.469: [GC (Allocation Failure) [PSYoungGen: 66992K->1440K(66560K)] 413074K->347522K(577024K), 0.0022006 secs] [Times: user=0.01 sys=0.00, real=0.00 secs] 
1530.323: [GC (Allocation Failure) [PSYoungGen: 66464K->1376K(66048K)] 412546K->347458K(576512K), 0.0042874 secs] [Times: user=0.02 sys=0.00, real=0.01 secs] 
1531.156: [GC (Allocation Failure) [PSYoungGen: 65888K->1408K(65536K)] 411970K->347490K(576000K), 0.0025244 secs] [Times: user=0.01 sys=0.00, real=0.00 secs] 
1531.887: [GC (Allocation Failure) [PSYoungGen: 65408K->384K(64000K)] 411490K->347490K(574464K), 0.0036054 secs] [Times: user=0.01 sys=0.00, real=0.00 secs] 
1532.445: [GC (Allocation Failure) [PSYoungGen: 63872K->1472K(65024K)] 410978K->348578K(575488K), 0.0025965 secs] [Times: user=0.01 sys=0.00, real=0.01 secs] 
1532.652: [GC (Allocation Failure) [PSYoungGen: 64448K->1501K(64000K)] 411554K->348607K(574464K), 0.0022239 secs] [Times: user=0.01 sys=0.00, real=0.00 secs] 
1532.793: [GC (Allocation Failure) [PSYoungGen: 63965K->1456K(63488K)] 411071K->348562K(573952K), 0.0017115 secs] [Times: user=0.01 sys=0.00, real=0.00 secs] 
1532.916: [GC (Allocation Failure) [PSYoungGen: 63408K->1485K(62976K)] 410514K->348599K(573440K), 0.0018349 secs] [Times: user=0.01 sys=0.00, real=0.01 secs] 
1533.123: [GC (Allocation Failure) [PSYoungGen: 62925K->1936K(62976K)] 410039K->349050K(573440K), 0.0019629 secs] [Times: user=0.00 sys=0.00, real=0.00 secs] 
1533.709: [GC (Allocation Failure) [PSYoungGen: 62864K->384K(60928K)] 409978K->348522K(571392K), 0.0027277 secs] [Times: user=0.01 sys=0.00, real=0.00 secs] 
1533.973: [GC (Allocation Failure) [PSYoungGen: 60800K->288K(61952K)] 408938K->348426K(572416K), 0.0019709 secs] [Times: user=0.01 sys=0.00, real=0.00 secs] 
1534.242: [GC (Allocation Failure) [PSYoungGen: 60192K->352K(61440K)] 408330K->348490K(571904K), 0.0018635 secs] [Times: user=0.00 sys=0.00, real=0.00 secs] 
1534.622: [GC (Allocation Failure) [PSYoungGen: 59744K->352K(59392K)] 407882K->348490K(569856K), 0.0021205 secs] [Times: user=0.01 sys=0.00, real=0.00 secs] 
1535.102: [GC (Allocation Failure) [PSYoungGen: 59232K->1469K(61440K)] 407370K->349607K(571904K), 0.0027378 secs] [Times: user=0.01 sys=0.00, real=0.00 secs] 
1535.258: [GC (Allocation Failure) [PSYoungGen: 60349K->1456K(61440K)] 408487K->349594K(571904K), 0.0016380 secs] [Times: user=0.00 sys=0.00, real=0.00 secs] 
1535.362: [GC (Allocation Failure) [PSYoungGen: 60336K->1472K(61440K)] 408474K->349626K(571904K), 0.0016589 secs] [Times: user=0.00 sys=0.00, real=0.00 secs] 
1535.466: [GC (Allocation Failure) [PSYoungGen: 60352K->1456K(61440K)] 408506K->349610K(571904K), 0.0016653 secs] [Times: user=0.01 sys=0.00, real=0.00 secs] 
1535.657: [GC (Allocation Failure) [PSYoungGen: 60336K->1952K(67584K)] 408490K->350106K(578048K), 0.0018958 secs] [Times: user=0.01 sys=0.00, real=0.00 secs] 
1536.574: [GC (Allocation Failure) [PSYoungGen: 66976K->1392K(66048K)] 415130K->349570K(576512K), 0.0029208 secs] [Times: user=0.01 sys=0.00, real=0.01 secs] 
1537.313: [GC (Allocation Failure) [PSYoungGen: 65904K->1376K(66048K)] 414082K->349554K(576512K), 0.0027907 secs] [Times: user=0.01 sys=0.00, real=0.01 secs] 
1537.793: [GC (Allocation Failure) [PSYoungGen: 65376K->1344K(65024K)] 413554K->349522K(575488K), 0.0039388 secs] [Times: user=0.01 sys=0.00, real=0.01 secs] 
1538.494: [GC (Allocation Failure) [PSYoungGen: 64832K->1360K(65024K)] 413010K->349538K(575488K), 0.0027249 secs] [Times: user=0.01 sys=0.00, real=0.01 secs] 
1538.900: [GC (Allocation Failure) [PSYoungGen: 64336K->1469K(64000K)] 412514K->349647K(574464K), 0.0026386 secs] [Times: user=0.01 sys=0.00, real=0.00 secs] 
1539.053: [GC (Allocation Failure) [PSYoungGen: 63933K->1456K(64000K)] 412111K->349642K(574464K), 0.0016681 secs] [Times: user=0.01 sys=0.00, real=0.00 secs] 
1539.163: [GC (Allocation Failure) [PSYoungGen: 63408K->1501K(62976K)] 411594K->349687K(573440K), 0.0017415 secs] [Times: user=0.01 sys=0.00, real=0.00 secs] 
1539.271: [GC (Allocation Failure) [PSYoungGen: 62941K->1469K(64000K)] 411127K->349655K(574464K), 0.0016703 secs] [Times: user=0.01 sys=0.00, real=0.00 secs] 
1539.482: [GC (Allocation Failure) [PSYoungGen: 62909K->1424K(64000K)] 411095K->349610K(574464K), 0.0021413 secs] [Times: user=0.01 sys=0.00, real=0.00 secs] 
1539.738: [GC (Allocation Failure) [PSYoungGen: 62864K->1392K(69120K)] 411050K->349578K(579584K), 0.0020045 secs] [Times: user=0.01 sys=0.00, real=0.00 secs] 
1540.019: [GC (Allocation Failure) [PSYoungGen: 68976K->1376K(68608K)] 417162K->349562K(579072K), 0.0021025 secs] [Times: user=0.01 sys=0.00, real=0.00 secs] 
1540.297: [GC (Allocation Failure) [PSYoungGen: 68448K->1392K(68096K)] 416634K->349578K(578560K), 0.0019624 secs] [Times: user=0.01 sys=0.00, real=0.00 secs] 
1540.567: [GC (Allocation Failure) [PSYoungGen: 67952K->1392K(67584K)] 416138K->349578K(578048K), 0.0016841 secs] [Times: user=0.00 sys=0.00, real=0.00 secs] 
1540.685: [GC (Allocation Failure) [PSYoungGen: 67440K->1456K(67072K)] 415626K->349642K(577536K), 0.0017183 secs] [Times: user=0.00 sys=0.00, real=0.01 secs] 
1540.801: [GC (Allocation Failure) [PSYoungGen: 66992K->1501K(67584K)] 415178K->349695K(578048K), 0.0016326 secs] [Times: user=0.01 sys=0.00, real=0.00 secs] 
1540.915: [GC (Allocation Failure) [PSYoungGen: 67008K->1469K(74752K)] 415202K->349663K(585216K), 0.0015849 secs] [Times: user=0.00 sys=0.00, real=0.01 secs] 
1541.233: [GC (Allocation Failure) [PSYoungGen: 74173K->1456K(74752K)] 422367K->349650K(585216K), 0.0020954 secs] [Times: user=0.01 sys=0.00, real=0.00 secs] 
1541.802: [GC (Allocation Failure) [PSYoungGen: 74160K->1408K(73728K)] 422354K->349602K(584192K), 0.0026942 secs] [Times: user=0.01 sys=0.00, real=0.00 secs] 
1542.636: [GC (Allocation Failure) [PSYoungGen: 73600K->1376K(73216K)] 421794K->349570K(583680K), 0.0036334 secs] [Times: user=0.01 sys=0.00, real=0.00 secs] 
1543.220: [GC (Allocation Failure) [PSYoungGen: 73056K->1312K(72704K)] 421250K->349506K(583168K), 0.0022663 secs] [Times: user=0.01 sys=0.00, real=0.00 secs] 
1543.613: [GC (Allocation Failure) [PSYoungGen: 72480K->1504K(72192K)] 420674K->349698K(582656K), 0.0019666 secs] [Times: user=0.01 sys=0.00, real=0.00 secs] 
1543.743: [GC (Allocation Failure) [PSYoungGen: 72160K->1504K(71680K)] 420354K->349698K(582144K), 0.0016500 secs] [Times: user=0.00 sys=0.00, real=0.00 secs] 
1543.866: [GC (Allocation Failure) [PSYoungGen: 71648K->1533K(71168K)] 419842K->349727K(581632K), 0.0016298 secs] [Times: user=0.01 sys=0.00, real=0.00 secs] 
1543.989: [GC (Allocation Failure) [PSYoungGen: 71165K->1472K(78336K)] 419359K->349682K(588800K), 0.0017129 secs] [Times: user=0.01 sys=0.00, real=0.00 secs] 
1544.624: [GC (Allocation Failure) [PSYoungGen: 78272K->1424K(77824K)] 426482K->349634K(588288K), 0.0020176 secs] [Times: user=0.00 sys=0.00, real=0.01 secs] 
1545.313: [GC (Allocation Failure) [PSYoungGen: 77712K->1408K(77312K)] 425922K->349618K(587776K), 0.0040451 secs] [Times: user=0.01 sys=0.00, real=0.01 secs] 
1545.972: [GC (Allocation Failure) [PSYoungGen: 77184K->1344K(76800K)] 425394K->349554K(587264K), 0.0029163 secs] [Times: user=0.02 sys=0.00, real=0.00 secs] 
1546.559: [GC (Allocation Failure) [PSYoungGen: 76608K->1469K(76288K)] 424818K->349679K(586752K), 0.0024279 secs] [Times: user=0.00 sys=0.00, real=0.00 secs] 
1546.725: [GC (Allocation Failure) [PSYoungGen: 76221K->1469K(75776K)] 424431K->349679K(586240K), 0.0018055 secs] [Times: user=0.00 sys=0.00, real=0.01 secs] 
1546.856: [GC (Allocation Failure) [PSYoungGen: 75709K->1485K(75264K)] 423919K->349695K(585728K), 0.0016636 secs] [Times: user=0.00 sys=0.00, real=0.01 secs] 
1546.985: [GC (Allocation Failure) [PSYoungGen: 75213K->1501K(74752K)] 423423K->349711K(585216K), 0.0018223 secs] [Times: user=0.01 sys=0.00, real=0.01 secs] 
1547.515: [GC (Allocation Failure) [PSYoungGen: 74717K->1456K(74240K)] 422927K->349674K(584704K), 0.0019652 secs] [Times: user=0.01 sys=0.00, real=0.01 secs] 
1547.937: [GC (Allocation Failure) [PSYoungGen: 74160K->1376K(73728K)] 422378K->349626K(584192K), 0.0022190 secs] [Times: user=0.01 sys=0.00, real=0.00 secs] 
1548.238: [GC (Allocation Failure) [PSYoungGen: 73568K->1440K(73216K)] 421818K->349690K(583680K), 0.0022488 secs] [Times: user=0.01 sys=0.00, real=0.00 secs] 
1548.537: [GC (Allocation Failure) [PSYoungGen: 73120K->1360K(72704K)] 421370K->349610K(583168K), 0.0022543 secs] [Times: user=0.01 sys=0.01, real=0.00 secs] 
1548.778: [GC (Allocation Failure) [PSYoungGen: 72528K->1421K(72192K)] 420778K->349671K(582656K), 0.0016036 secs] [Times: user=0.00 sys=0.00, real=0.00 secs] 
1548.903: [GC (Allocation Failure) [PSYoungGen: 72077K->1469K(71680K)] 420327K->349719K(582144K), 0.0016429 secs] [Times: user=0.01 sys=0.00, real=0.00 secs] 
1549.025: [GC (Allocation Failure) [PSYoungGen: 71604K->1485K(71168K)] 419855K->349735K(581632K), 0.0016645 secs] [Times: user=0.00 sys=0.00, real=0.01 secs] 
1549.435: [GC (Allocation Failure) [PSYoungGen: 71117K->1952K(71168K)] 419367K->350202K(581632K), 0.0031875 secs] [Times: user=0.01 sys=0.00, real=0.01 secs] 
1550.785: [GC (Allocation Failure) [PSYoungGen: 71072K->1360K(70144K)] 419322K->349610K(580608K), 0.0038909 secs] [Times: user=0.01 sys=0.00, real=0.01 secs] 
1551.470: [GC (Allocation Failure) [PSYoungGen: 69968K->1376K(69632K)] 418218K->349626K(580096K), 0.0022504 secs] [Times: user=0.01 sys=0.00, real=0.00 secs] 
1552.090: [GC (Allocation Failure) [PSYoungGen: 69472K->1408K(69120K)] 417722K->349658K(579584K), 0.0023430 secs] [Times: user=0.00 sys=0.00, real=0.00 secs] 
1552.607: [GC (Allocation Failure) [PSYoungGen: 68992K->1360K(68608K)] 417242K->349610K(579072K), 0.0023219 secs] [Times: user=0.01 sys=0.01, real=0.00 secs] 
1552.822: [GC (Allocation Failure) [PSYoungGen: 68432K->1501K(68096K)] 416682K->349751K(578560K), 0.0023096 secs] [Times: user=0.01 sys=0.00, real=0.00 secs] 
1552.973: [GC (Allocation Failure) [PSYoungGen: 68061K->1421K(67584K)] 416311K->349671K(578048K), 0.0017361 secs] [Times: user=0.01 sys=0.00, real=0.00 secs] 
1553.091: [GC (Allocation Failure) [PSYoungGen: 67469K->1485K(67072K)] 415719K->349735K(577536K), 0.0016806 secs] [Times: user=0.00 sys=0.00, real=0.00 secs] 
1553.391: [GC (Allocation Failure) [PSYoungGen: 67021K->1728K(67072K)] 415271K->349978K(577536K), 0.0023444 secs] [Times: user=0.01 sys=0.00, real=0.00 secs] 
1553.977: [GC (Allocation Failure) [PSYoungGen: 66752K->384K(65024K)] 415002K->349658K(575488K), 0.0033284 secs] [Times: user=0.01 sys=0.00, real=0.00 secs] 
1554.499: [GC (Allocation Failure) [PSYoungGen: 64896K->320K(66048K)] 414170K->349594K(576512K), 0.0031741 secs] [Times: user=0.01 sys=0.00, real=0.00 secs] 
1554.934: [GC (Allocation Failure) [PSYoungGen: 64320K->352K(65536K)] 413594K->349626K(576000K), 0.0018525 secs] [Times: user=0.00 sys=0.00, real=0.00 secs] 
1555.231: [GC (Allocation Failure) [PSYoungGen: 63840K->352K(63488K)] 413114K->349626K(573952K), 0.0019657 secs] [Times: user=0.01 sys=0.00, real=0.00 secs] 
1555.478: [GC (Allocation Failure) [PSYoungGen: 63328K->1440K(64512K)] 412602K->350714K(574976K), 0.0017727 secs] [Times: user=0.01 sys=0.00, real=0.00 secs] 
1555.589: [GC (Allocation Failure) [PSYoungGen: 63904K->1453K(63488K)] 413178K->350727K(573952K), 0.0016325 secs] [Times: user=0.00 sys=0.00, real=0.00 secs] 
1555.698: [GC (Allocation Failure) [PSYoungGen: 63405K->1533K(64512K)] 412679K->350823K(574976K), 0.0016327 secs] [Times: user=0.00 sys=0.00, real=0.00 secs] 
1555.806: [GC (Allocation Failure) [PSYoungGen: 63485K->1456K(64512K)] 412775K->350746K(574976K), 0.0016430 secs] [Times: user=0.00 sys=0.00, real=0.00 secs] 
1556.784: [GC (Allocation Failure) [PSYoungGen: 63408K->1424K(62976K)] 412698K->350746K(573440K), 0.0026009 secs] [Times: user=0.01 sys=0.00, real=0.01 secs] 
1557.661: [GC (Allocation Failure) [PSYoungGen: 62864K->1376K(62464K)] 412186K->350698K(572928K), 0.0050113 secs] [Times: user=0.02 sys=0.00, real=0.01 secs] 
1558.333: [GC (Allocation Failure) [PSYoungGen: 62304K->1360K(61952K)] 411626K->350682K(572416K), 0.0028986 secs] [Times: user=0.01 sys=0.01, real=0.00 secs] 
1558.690: [GC (Allocation Failure) [PSYoungGen: 61776K->1376K(61440K)] 411098K->350698K(571904K), 0.0022662 secs] [Times: user=0.01 sys=0.00, real=0.00 secs] 
1559.045: [GC (Allocation Failure) [PSYoungGen: 61280K->1376K(60928K)] 410602K->350698K(571392K), 0.0022621 secs] [Times: user=0.00 sys=0.00, real=0.01 secs] 
1559.209: [GC (Allocation Failure) [PSYoungGen: 60768K->1453K(60416K)] 410090K->350775K(570880K), 0.0016783 secs] [Times: user=0.00 sys=0.00, real=0.00 secs] 
1559.313: [GC (Allocation Failure) [PSYoungGen: 60333K->1533K(60416K)] 409655K->350871K(570880K), 0.0015975 secs] [Times: user=0.01 sys=0.00, real=0.00 secs] 
1559.433: [GC (Allocation Failure) [PSYoungGen: 60403K->1501K(65536K)] 409741K->350839K(576000K), 0.0020779 secs] [Times: user=0.01 sys=0.00, real=0.00 secs] 
1559.585: [GC (Allocation Failure) [PSYoungGen: 64989K->1469K(67072K)] 414327K->350807K(577536K), 0.0021364 secs] [Times: user=0.01 sys=0.00, real=0.01 secs] 
1560.056: [GC (Allocation Failure) [PSYoungGen: 66493K->1408K(67072K)] 415831K->350746K(577536K), 0.0021341 secs] [Times: user=0.00 sys=0.00, real=0.00 secs] 
1560.646: [GC (Allocation Failure) [PSYoungGen: 66432K->1344K(66048K)] 415770K->350682K(576512K), 0.0022161 secs] [Times: user=0.01 sys=0.00, real=0.00 secs] 
1561.011: [GC (Allocation Failure) [PSYoungGen: 65856K->1376K(65536K)] 415194K->350714K(576000K), 0.0027524 secs] [Times: user=0.01 sys=0.00, real=0.00 secs] 
1561.295: [GC (Allocation Failure) [PSYoungGen: 65376K->1392K(65024K)] 414714K->350730K(575488K), 0.0020110 secs] [Times: user=0.01 sys=0.00, real=0.01 secs] 
1561.642: [GC (Allocation Failure) [PSYoungGen: 64880K->1501K(64512K)] 414218K->350839K(574976K), 0.0026754 secs] [Times: user=0.01 sys=0.00, real=0.00 secs] 
1561.805: [GC (Allocation Failure) [PSYoungGen: 64477K->1533K(64000K)] 413815K->350871K(574464K), 0.0016476 secs] [Times: user=0.00 sys=0.00, real=0.01 secs] 
1561.915: [GC (Allocation Failure) [PSYoungGen: 63997K->1533K(71168K)] 413335K->350887K(581632K), 0.0016877 secs] [Times: user=0.00 sys=0.00, real=0.01 secs] 
1562.037: [GC (Allocation Failure) [PSYoungGen: 70653K->1533K(71168K)] 420007K->350887K(581632K), 0.0017751 secs] [Times: user=0.01 sys=0.00, real=0.00 secs] 
1562.478: [GC (Allocation Failure) [PSYoungGen: 70653K->1424K(70144K)] 420007K->350778K(580608K), 0.0021162 secs] [Times: user=0.01 sys=0.00, real=0.00 secs] 
1563.360: [GC (Allocation Failure) [PSYoungGen: 70032K->1376K(69632K)] 419386K->350730K(580096K), 0.0049655 secs] [Times: user=0.02 sys=0.00, real=0.00 secs] 
1564.202: [GC (Allocation Failure) [PSYoungGen: 69472K->1408K(69120K)] 418826K->350762K(579584K), 0.0032162 secs] [Times: user=0.02 sys=0.00, real=0.00 secs] 
1564.711: [GC (Allocation Failure) [PSYoungGen: 68992K->1376K(68608K)] 418346K->350730K(579072K), 0.0024024 secs] [Times: user=0.01 sys=0.00, real=0.00 secs] 
1564.986: [GC (Allocation Failure) [PSYoungGen: 68448K->1437K(68096K)] 417802K->350791K(578560K), 0.0022774 secs] [Times: user=0.01 sys=0.00, real=0.00 secs] 
1565.179: [GC (Allocation Failure) [PSYoungGen: 67997K->1501K(67584K)] 417351K->350855K(578048K), 0.0020778 secs] [Times: user=0.00 sys=0.00, real=0.00 secs] 
1565.348: [GC (Allocation Failure) [PSYoungGen: 67549K->1469K(67072K)] 416903K->350823K(577536K), 0.0021132 secs] [Times: user=0.01 sys=0.00, real=0.00 secs] 
1565.523: [GC (Allocation Failure) [PSYoungGen: 67005K->1501K(67584K)] 416359K->350863K(578048K), 0.0024790 secs] [Times: user=0.01 sys=0.00, real=0.01 secs] 
1565.851: [GC (Allocation Failure) [PSYoungGen: 67037K->1392K(66560K)] 416399K->350754K(577024K), 0.0029771 secs] [Times: user=0.01 sys=0.00, real=0.00 secs] 
1566.403: [GC (Allocation Failure) [PSYoungGen: 66416K->1376K(66048K)] 415778K->350738K(576512K), 0.0031949 secs] [Times: user=0.01 sys=0.00, real=0.01 secs] 
1566.931: [GC (Allocation Failure) [PSYoungGen: 65888K->1376K(65536K)] 415250K->350738K(576000K), 0.0026689 secs] [Times: user=0.01 sys=0.00, real=0.00 secs] 
1567.407: [GC (Allocation Failure) [PSYoungGen: 65376K->1376K(65024K)] 414738K->350762K(575488K), 0.0022511 secs] [Times: user=0.01 sys=0.00, real=0.00 secs] 
1567.791: [GC (Allocation Failure) [PSYoungGen: 64864K->1408K(64512K)] 414250K->350794K(574976K), 0.0022476 secs] [Times: user=0.01 sys=0.00, real=0.00 secs] 
1567.960: [GC (Allocation Failure) [PSYoungGen: 64384K->1424K(64000K)] 413770K->350810K(574464K), 0.0015235 secs] [Times: user=0.01 sys=0.00, real=0.00 secs] 
1568.070: [GC (Allocation Failure) [PSYoungGen: 63888K->1488K(63488K)] 413274K->350874K(573952K), 0.0017255 secs] [Times: user=0.00 sys=0.00, real=0.00 secs] 
1568.179: [GC (Allocation Failure) [PSYoungGen: 63440K->1456K(64000K)] 412826K->350850K(574464K), 0.0017486 secs] [Times: user=0.00 sys=0.00, real=0.00 secs] 
1568.287: [GC (Allocation Failure) [PSYoungGen: 63408K->1456K(64000K)] 412802K->350850K(574464K), 0.0016162 secs] [Times: user=0.01 sys=0.00, real=0.00 secs] 
1569.124: [GC (Allocation Failure) [PSYoungGen: 63408K->1408K(62976K)] 412802K->350802K(573440K), 0.0030090 secs] [Times: user=0.01 sys=0.00, real=0.01 secs] 
1570.102: [GC (Allocation Failure) [PSYoungGen: 62848K->1376K(62464K)] 412242K->350770K(572928K), 0.0067176 secs] [Times: user=0.02 sys=0.00, real=0.01 secs] 
1570.722: [GC (Allocation Failure) [PSYoungGen: 62304K->1408K(61952K)] 411698K->350802K(572416K), 0.0029596 secs] [Times: user=0.01 sys=0.00, real=0.00 secs] 
1571.124: [GC (Allocation Failure) [PSYoungGen: 61824K->1408K(61440K)] 411218K->350802K(571904K), 0.0027320 secs] [Times: user=0.01 sys=0.00, real=0.01 secs] 
1571.534: [GC (Allocation Failure) [PSYoungGen: 61312K->1405K(60928K)] 410706K->350799K(571392K), 0.0024904 secs] [Times: user=0.00 sys=0.00, real=0.01 secs] 
1571.685: [GC (Allocation Failure) [PSYoungGen: 60797K->1472K(60416K)] 410191K->350866K(570880K), 0.0018198 secs] [Times: user=0.01 sys=0.00, real=0.01 secs] 
1571.790: [GC (Allocation Failure) [PSYoungGen: 60352K->429K(65536K)] 409746K->350863K(576000K), 0.0016851 secs] [Times: user=0.01 sys=0.00, real=0.00 secs] 
1571.904: [GC (Allocation Failure) [PSYoungGen: 65453K->461K(67584K)] 415887K->350895K(578048K), 0.0014969 secs] [Times: user=0.01 sys=0.00, real=0.00 secs] 
1572.020: [GC (Allocation Failure) [PSYoungGen: 65905K->256K(74240K)] 416340K->350690K(584704K), 0.0015492 secs] [Times: user=0.01 sys=0.00, real=0.00 secs] 
1573.862: [GC (Allocation Failure) [PSYoungGen: 72448K->1392K(73216K)] 422882K->351842K(583680K), 0.0022449 secs] [Times: user=0.01 sys=0.00, real=0.00 secs] 
1574.412: [GC (Allocation Failure) [PSYoungGen: 73072K->1312K(72704K)] 423522K->351762K(583168K), 0.0024266 secs] [Times: user=0.01 sys=0.00, real=0.00 secs] 
1574.972: [GC (Allocation Failure) [PSYoungGen: 72480K->1440K(72192K)] 422930K->351890K(582656K), 0.0026306 secs] [Times: user=0.01 sys=0.00, real=0.00 secs] 
1575.549: [GC (Allocation Failure) [PSYoungGen: 72096K->1437K(71680K)] 422546K->351887K(582144K), 0.0039874 secs] [Times: user=0.01 sys=0.00, real=0.00 secs] 
1575.774: [GC (Allocation Failure) [PSYoungGen: 71581K->1501K(71168K)] 422031K->351951K(581632K), 0.0020215 secs] [Times: user=0.01 sys=0.00, real=0.01 secs] 
1575.901: [GC (Allocation Failure) [PSYoungGen: 71133K->1501K(70656K)] 421583K->351951K(581120K), 0.0017115 secs] [Times: user=0.01 sys=0.00, real=0.00 secs] 
1576.024: [GC (Allocation Failure) [PSYoungGen: 70621K->1469K(71168K)] 421071K->351927K(581632K), 0.0018016 secs] [Times: user=0.00 sys=0.00, real=0.01 secs] 
1576.223: [GC (Allocation Failure) [PSYoungGen: 70589K->1424K(78336K)] 421047K->351890K(588800K), 0.0019169 secs] [Times: user=0.01 sys=0.00, real=0.00 secs] 
1576.642: [GC (Allocation Failure) [PSYoungGen: 77712K->1392K(77312K)] 428178K->351858K(587776K), 0.0016788 secs] [Times: user=0.01 sys=0.01, real=0.00 secs] 
1577.218: [GC (Allocation Failure) [PSYoungGen: 77168K->1424K(76800K)] 427634K->351890K(587264K), 0.0021022 secs] [Times: user=0.01 sys=0.00, real=0.00 secs] 
1577.870: [GC (Allocation Failure) [PSYoungGen: 76688K->1408K(76288K)] 427154K->351898K(586752K), 0.0032360 secs] [Times: user=0.01 sys=0.00, real=0.00 secs] 
1578.280: [GC (Allocation Failure) [PSYoungGen: 76160K->1469K(75776K)] 426650K->351959K(586240K), 0.0019834 secs] [Times: user=0.00 sys=0.00, real=0.00 secs] 
1578.424: [GC (Allocation Failure) [PSYoungGen: 75709K->1469K(75264K)] 426199K->351959K(585728K), 0.0016491 secs] [Times: user=0.01 sys=0.00, real=0.00 secs] 
1578.553: [GC (Allocation Failure) [PSYoungGen: 75197K->1469K(74752K)] 425687K->351959K(585216K), 0.0017883 secs] [Times: user=0.00 sys=0.00, real=0.00 secs] 
1579.223: [GC (Allocation Failure) [PSYoungGen: 74685K->1968K(74752K)] 425175K->352458K(585216K), 0.0038760 secs] [Times: user=0.01 sys=0.00, real=0.01 secs] 
1580.612: [GC (Allocation Failure) [PSYoungGen: 74672K->1376K(73728K)] 425162K->351866K(584192K), 0.0042644 secs] [Times: user=0.01 sys=0.00, real=0.01 secs] 
1581.644: [GC (Allocation Failure) [PSYoungGen: 73568K->1408K(73216K)] 424058K->351898K(583680K), 0.0033832 secs] [Times: user=0.02 sys=0.00, real=0.01 secs] 
1582.224: [GC (Allocation Failure) [PSYoungGen: 73088K->1376K(72704K)] 423578K->351866K(583168K), 0.0023095 secs] [Times: user=0.01 sys=0.00, real=0.01 secs] 
1582.799: [GC (Allocation Failure) [PSYoungGen: 72544K->1437K(72192K)] 423034K->351927K(582656K), 0.0023849 secs] [Times: user=0.00 sys=0.00, real=0.00 secs] 
1582.951: [GC (Allocation Failure) [PSYoungGen: 72073K->1520K(71680K)] 422564K->352010K(582144K), 0.0015609 secs] [Times: user=0.00 sys=0.00, real=0.00 secs] 
1583.073: [GC (Allocation Failure) [PSYoungGen: 71664K->1533K(71168K)] 422154K->352023K(581632K), 0.0017062 secs] [Times: user=0.01 sys=0.00, real=0.00 secs] 
1583.195: [GC (Allocation Failure) [PSYoungGen: 71165K->1472K(70656K)] 421655K->351962K(581120K), 0.0015972 secs] [Times: user=0.01 sys=0.00, real=0.01 secs] 
1583.457: [GC (Allocation Failure) [PSYoungGen: 70592K->1456K(70144K)] 421082K->351946K(580608K), 0.0018792 secs] [Times: user=0.01 sys=0.00, real=0.00 secs] 
1583.945: [GC (Allocation Failure) [PSYoungGen: 70064K->1376K(69632K)] 420554K->351866K(580096K), 0.0020406 secs] [Times: user=0.01 sys=0.00, real=0.01 secs] 
1584.604: [GC (Allocation Failure) [PSYoungGen: 69472K->1408K(69120K)] 419962K->351898K(579584K), 0.0033648 secs] [Times: user=0.01 sys=0.00, real=0.01 secs] 
1585.608: [GC (Allocation Failure) [PSYoungGen: 68992K->1344K(68608K)] 419482K->351834K(579072K), 0.0028780 secs] [Times: user=0.01 sys=0.00, real=0.00 secs] 
1586.565: [GC (Allocation Failure) [PSYoungGen: 68416K->1469K(68096K)] 418906K->351959K(578560K), 0.0028506 secs] [Times: user=0.01 sys=0.00, real=0.01 secs] 
1586.742: [GC (Allocation Failure) [PSYoungGen: 68029K->1485K(67584K)] 418519K->351975K(578048K), 0.0015292 secs] [Times: user=0.01 sys=0.00, real=0.00 secs] 
1586.859: [GC (Allocation Failure) [PSYoungGen: 67533K->1456K(67072K)] 418023K->351946K(577536K), 0.0015739 secs] [Times: user=0.01 sys=0.00, real=0.00 secs] 
1586.976: [GC (Allocation Failure) [PSYoungGen: 66992K->1533K(66560K)] 417482K->352031K(577024K), 0.0016896 secs] [Times: user=0.01 sys=0.00, real=0.00 secs] 
1587.742: [GC (Allocation Failure) [PSYoungGen: 66557K->1408K(66048K)] 417055K->351906K(576512K), 0.0046035 secs] [Times: user=0.02 sys=0.00, real=0.01 secs] 
1588.801: [GC (Allocation Failure) [PSYoungGen: 65920K->1360K(65536K)] 416418K->351874K(576000K), 0.0042743 secs] [Times: user=0.02 sys=0.00, real=0.00 secs] 
1589.366: [GC (Allocation Failure) [PSYoungGen: 65360K->1376K(65024K)] 415874K->351890K(575488K), 0.0026224 secs] [Times: user=0.01 sys=0.00, real=0.00 secs] 
1590.107: [GC (Allocation Failure) [PSYoungGen: 64864K->1376K(64512K)] 415378K->351890K(574976K), 0.0022897 secs] [Times: user=0.01 sys=0.00, real=0.00 secs] 
1591.037: [GC (Allocation Failure) [PSYoungGen: 64352K->1424K(64000K)] 414866K->351938K(574464K), 0.0041194 secs] [Times: user=0.02 sys=0.00, real=0.00 secs] 
1591.240: [GC (Allocation Failure) [PSYoungGen: 63888K->1469K(63488K)] 414402K->351983K(573952K), 0.0018995 secs] [Times: user=0.01 sys=0.00, real=0.00 secs] 
1591.358: [GC (Allocation Failure) [PSYoungGen: 63421K->1469K(62976K)] 413935K->351983K(573440K), 0.0016851 secs] [Times: user=0.00 sys=0.00, real=0.00 secs] 
1591.466: [GC (Allocation Failure) [PSYoungGen: 62909K->1392K(62464K)] 413423K->351922K(572928K), 0.0015110 secs] [Times: user=0.00 sys=0.00, real=0.01 secs] 
1591.573: [GC (Allocation Failure) [PSYoungGen: 62320K->1456K(63488K)] 412850K->351986K(573952K), 0.0015768 secs] [Times: user=0.01 sys=0.00, real=0.00 secs] 
1591.999: [GC (Allocation Failure) [PSYoungGen: 62896K->1440K(62464K)] 413426K->351970K(572928K), 0.0019106 secs] [Times: user=0.01 sys=0.00, real=0.00 secs] 
1592.421: [GC (Allocation Failure) [PSYoungGen: 62368K->1408K(61952K)] 412898K->351938K(572416K), 0.0034210 secs] [Times: user=0.01 sys=0.00, real=0.00 secs] 
1592.885: [GC (Allocation Failure) [PSYoungGen: 61824K->1376K(61440K)] 412354K->351906K(571904K), 0.0027829 secs] [Times: user=0.01 sys=0.00, real=0.01 secs] 
1593.422: [GC (Allocation Failure) [PSYoungGen: 61280K->1376K(60928K)] 411810K->351906K(571392K), 0.0032841 secs] [Times: user=0.02 sys=0.00, real=0.00 secs] 
1593.953: [GC (Allocation Failure) [PSYoungGen: 60768K->1469K(60416K)] 411298K->351999K(570880K), 0.0026304 secs] [Times: user=0.01 sys=0.00, real=0.00 secs] 
1594.122: [GC (Allocation Failure) [PSYoungGen: 60349K->1469K(60416K)] 410879K->351999K(570880K), 0.0019032 secs] [Times: user=0.00 sys=0.00, real=0.00 secs] 
1594.228: [GC (Allocation Failure) [PSYoungGen: 60349K->1453K(60416K)] 410879K->351991K(570880K), 0.0015912 secs] [Times: user=0.01 sys=0.00, real=0.00 secs] 
1594.334: [GC (Allocation Failure) [PSYoungGen: 60333K->1517K(66048K)] 410871K->352055K(576512K), 0.0015157 secs] [Times: user=0.01 sys=0.00, real=0.00 secs] 
1594.447: [GC (Allocation Failure) [PSYoungGen: 65517K->1421K(67072K)] 416055K->351959K(577536K), 0.0017905 secs] [Times: user=0.01 sys=0.00, real=0.00 secs] 
1595.136: [GC (Allocation Failure) [PSYoungGen: 66445K->1408K(66048K)] 416983K->351946K(576512K), 0.0019317 secs] [Times: user=0.00 sys=0.00, real=0.00 secs] 
1595.551: [GC (Allocation Failure) [PSYoungGen: 65920K->1376K(65536K)] 416458K->351914K(576000K), 0.0025061 secs] [Times: user=0.01 sys=0.00, real=0.00 secs] 
1595.806: [GC (Allocation Failure) [PSYoungGen: 65376K->1376K(65024K)] 415914K->351914K(575488K), 0.0021596 secs] [Times: user=0.01 sys=0.00, real=0.00 secs] 
1596.157: [GC (Allocation Failure) [PSYoungGen: 64864K->1408K(64512K)] 415402K->351946K(574976K), 0.0020171 secs] [Times: user=0.01 sys=0.00, real=0.00 secs] 
1596.420: [GC (Allocation Failure) [PSYoungGen: 64384K->1469K(64000K)] 414922K->352031K(574464K), 0.0024715 secs] [Times: user=0.00 sys=0.00, real=0.00 secs] 
1596.595: [GC (Allocation Failure) [PSYoungGen: 63933K->1501K(63488K)] 414495K->352063K(573952K), 0.0019738 secs] [Times: user=0.01 sys=0.00, real=0.01 secs] 
1596.742: [GC (Allocation Failure) [PSYoungGen: 63453K->1456K(64000K)] 414015K->352034K(574464K), 0.0020739 secs] [Times: user=0.01 sys=0.00, real=0.00 secs] 
1596.880: [GC (Allocation Failure) [PSYoungGen: 63408K->1469K(70656K)] 413986K->352047K(581120K), 0.0020945 secs] [Times: user=0.01 sys=0.00, real=0.00 secs] 
1597.481: [GC (Allocation Failure) [PSYoungGen: 70077K->1488K(70656K)] 420655K->352066K(581120K), 0.0043578 secs] [Times: user=0.01 sys=0.00, real=0.00 secs] 
1598.306: [GC (Allocation Failure) [PSYoungGen: 70096K->1360K(69632K)] 420674K->351938K(580096K), 0.0055753 secs] [Times: user=0.02 sys=0.00, real=0.00 secs] 
1598.871: [GC (Allocation Failure) [PSYoungGen: 69456K->1440K(77312K)] 420034K->352018K(587776K), 0.0067721 secs] [Times: user=0.01 sys=0.03, real=0.01 secs] 
1599.521: [GC (Allocation Failure) [PSYoungGen: 76704K->1344K(76288K)] 427282K->351922K(586752K), 0.0039973 secs] [Times: user=0.02 sys=0.00, real=0.00 secs] 
1599.988: [GC (Allocation Failure) [PSYoungGen: 76096K->1469K(75776K)] 426674K->352047K(586240K), 0.0021394 secs] [Times: user=0.00 sys=0.00, real=0.00 secs] 
1600.143: [GC (Allocation Failure) [PSYoungGen: 75709K->1501K(75264K)] 426287K->352079K(585728K), 0.0018422 secs] [Times: user=0.01 sys=0.00, real=0.00 secs] 
1600.271: [GC (Allocation Failure) [PSYoungGen: 75229K->1533K(74752K)] 425807K->352111K(585216K), 0.0015482 secs] [Times: user=0.01 sys=0.00, real=0.00 secs] 
1600.401: [GC (Allocation Failure) [PSYoungGen: 74749K->160K(75264K)] 425327K->350754K(585728K), 0.0016236 secs] [Times: user=0.01 sys=0.00, real=0.00 secs] 
1601.591: [GC (Allocation Failure) [PSYoungGen: 73376K->1424K(74240K)] 423970K->352018K(584704K), 0.0032957 secs] [Times: user=0.02 sys=0.00, real=0.00 secs] 
1602.146: [GC (Allocation Failure) [PSYoungGen: 74128K->1376K(73728K)] 424722K->351970K(584192K), 0.0033126 secs] [Times: user=0.02 sys=0.00, real=0.01 secs] 
1602.776: [GC (Allocation Failure) [PSYoungGen: 73568K->1408K(73216K)] 424162K->352002K(583680K), 0.0028280 secs] [Times: user=0.01 sys=0.00, real=0.00 secs] 
1603.408: [GC (Allocation Failure) [PSYoungGen: 73088K->1424K(72704K)] 423682K->352018K(583168K), 0.0040587 secs] [Times: user=0.01 sys=0.00, real=0.00 secs] 
1603.636: [GC (Allocation Failure) [PSYoungGen: 72592K->1437K(72192K)] 423186K->352031K(582656K), 0.0020231 secs] [Times: user=0.01 sys=0.00, real=0.01 secs] 
1603.764: [GC (Allocation Failure) [PSYoungGen: 72093K->1485K(71680K)] 422687K->352079K(582144K), 0.0016399 secs] [Times: user=0.01 sys=0.00, real=0.01 secs] 
1603.887: [GC (Allocation Failure) [PSYoungGen: 71622K->1469K(71168K)] 422216K->352063K(581632K), 0.0017852 secs] [Times: user=0.00 sys=0.00, real=0.00 secs] 
1604.504: [GC (Allocation Failure) [PSYoungGen: 71101K->1472K(70656K)] 421695K->352066K(581120K), 0.0031127 secs] [Times: user=0.02 sys=0.00, real=0.01 secs] 
1605.347: [GC (Allocation Failure) [PSYoungGen: 70592K->1344K(70144K)] 421186K->351938K(580608K), 0.0043447 secs] [Times: user=0.01 sys=0.00, real=0.00 secs] 
1606.008: [GC (Allocation Failure) [PSYoungGen: 69952K->1408K(69632K)] 420546K->352002K(580096K), 0.0032445 secs] [Times: user=0.01 sys=0.01, real=0.00 secs] 
1606.695: [GC (Allocation Failure) [PSYoungGen: 69504K->1408K(69120K)] 420098K->352002K(579584K), 0.0025431 secs] [Times: user=0.01 sys=0.00, real=0.01 secs] 
1607.229: [GC (Allocation Failure) [PSYoungGen: 68992K->1469K(68608K)] 419586K->352063K(579072K), 0.0022863 secs] [Times: user=0.01 sys=0.00, real=0.00 secs] 
1607.410: [GC (Allocation Failure) [PSYoungGen: 68541K->1549K(68608K)] 419135K->352143K(579072K), 0.0025208 secs] [Times: user=0.01 sys=0.00, real=0.00 secs] 
1607.566: [GC (Allocation Failure) [PSYoungGen: 68105K->1453K(67584K)] 418699K->352047K(578048K), 0.0016677 secs] [Times: user=0.00 sys=0.00, real=0.00 secs] 
1607.701: [GC (Allocation Failure) [PSYoungGen: 67501K->1533K(67072K)] 418095K->352127K(577536K), 0.0019984 secs] [Times: user=0.00 sys=0.00, real=0.00 secs] 
1608.144: [GC (Allocation Failure) [PSYoungGen: 67069K->1408K(66560K)] 417663K->352026K(577024K), 0.0038352 secs] [Times: user=0.01 sys=0.00, real=0.01 secs] 
1608.735: [GC (Allocation Failure) [PSYoungGen: 66432K->1328K(66048K)] 417050K->351946K(576512K), 0.0032261 secs] [Times: user=0.01 sys=0.00, real=0.01 secs] 
1609.039: [GC (Allocation Failure) [PSYoungGen: 65840K->1376K(65536K)] 416458K->351994K(576000K), 0.0021238 secs] [Times: user=0.01 sys=0.00, real=0.00 secs] 
1609.340: [GC (Allocation Failure) [PSYoungGen: 65376K->1408K(65024K)] 415994K->352026K(575488K), 0.0019428 secs] [Times: user=0.01 sys=0.00, real=0.00 secs] 
1609.642: [GC (Allocation Failure) [PSYoungGen: 64896K->1392K(64512K)] 415514K->352010K(574976K), 0.0019904 secs] [Times: user=0.01 sys=0.00, real=0.00 secs] 
1609.760: [GC (Allocation Failure) [PSYoungGen: 64368K->1501K(64000K)] 414986K->352119K(574464K), 0.0016896 secs] [Times: user=0.01 sys=0.00, real=0.00 secs] 
1609.871: [GC (Allocation Failure) [PSYoungGen: 63965K->1501K(64512K)] 414583K->352119K(574976K), 0.0016500 secs] [Times: user=0.01 sys=0.00, real=0.00 secs] 
1609.981: [GC (Allocation Failure) [PSYoungGen: 64477K->1501K(65024K)] 415095K->352127K(575488K), 0.0016223 secs] [Times: user=0.00 sys=0.00, real=0.00 secs] 
1610.092: [GC (Allocation Failure) [PSYoungGen: 64477K->368K(71680K)] 415103K->350994K(582144K), 0.0016092 secs] [Times: user=0.01 sys=0.00, real=0.00 secs] 
1611.386: [GC (Allocation Failure) [PSYoungGen: 70000K->1408K(70656K)] 420626K->352034K(581120K), 0.0031488 secs] [Times: user=0.01 sys=0.00, real=0.00 secs] 
1612.237: [GC (Allocation Failure) [PSYoungGen: 70528K->1376K(70144K)] 421154K->352002K(580608K), 0.0024990 secs] [Times: user=0.01 sys=0.00, real=0.00 secs] 
1612.935: [GC (Allocation Failure) [PSYoungGen: 69984K->1376K(69632K)] 420610K->352002K(580096K), 0.0032459 secs] [Times: user=0.01 sys=0.00, real=0.01 secs] 
1613.509: [GC (Allocation Failure) [PSYoungGen: 69472K->1408K(69120K)] 420098K->352034K(579584K), 0.0028166 secs] [Times: user=0.01 sys=0.00, real=0.00 secs] 
1613.771: [GC (Allocation Failure) [PSYoungGen: 68992K->1424K(68608K)] 419618K->352050K(579072K), 0.0017032 secs] [Times: user=0.01 sys=0.00, real=0.00 secs] 
1613.890: [GC (Allocation Failure) [PSYoungGen: 68496K->1456K(68096K)] 419122K->352082K(578560K), 0.0016481 secs] [Times: user=0.00 sys=0.00, real=0.00 secs] 
1614.006: [GC (Allocation Failure) [PSYoungGen: 68016K->1485K(67584K)] 418642K->352119K(578048K), 0.0016512 secs] [Times: user=0.01 sys=0.00, real=0.01 secs] 
1614.188: [GC (Allocation Failure) [PSYoungGen: 67533K->1536K(67584K)] 418167K->352170K(578048K), 0.0018805 secs] [Times: user=0.01 sys=0.00, real=0.00 secs] 
1614.687: [GC (Allocation Failure) [PSYoungGen: 67072K->1376K(66560K)] 417706K->352010K(577024K), 0.0026924 secs] [Times: user=0.01 sys=0.00, real=0.00 secs] 
1614.988: [GC (Allocation Failure) [PSYoungGen: 66400K->1408K(66048K)] 417034K->352042K(576512K), 0.0021499 secs] [Times: user=0.00 sys=0.00, real=0.00 secs] 
1615.494: [GC (Allocation Failure) [PSYoungGen: 65920K->1408K(65536K)] 416554K->352042K(576000K), 0.0022033 secs] [Times: user=0.01 sys=0.00, real=0.01 secs] 
1616.020: [GC (Allocation Failure) [PSYoungGen: 65408K->1392K(65024K)] 416042K->352026K(575488K), 0.0021609 secs] [Times: user=0.01 sys=0.00, real=0.00 secs] 
1616.300: [GC (Allocation Failure) [PSYoungGen: 64880K->1485K(64512K)] 415514K->352119K(574976K), 0.0020295 secs] [Times: user=0.00 sys=0.00, real=0.00 secs] 
1616.413: [GC (Allocation Failure) [PSYoungGen: 64461K->1485K(64000K)] 415095K->352119K(574464K), 0.0016048 secs] [Times: user=0.00 sys=0.00, real=0.00 secs] 
1616.524: [GC (Allocation Failure) [PSYoungGen: 63949K->1501K(65024K)] 414583K->352135K(575488K), 0.0017614 secs] [Times: user=0.00 sys=0.00, real=0.00 secs] 
1616.634: [GC (Allocation Failure) [PSYoungGen: 64450K->1533K(71168K)] 415084K->352175K(581632K), 0.0034665 secs] [Times: user=0.00 sys=0.01, real=0.01 secs] 
1617.209: [GC (Allocation Failure) [PSYoungGen: 70653K->1392K(71168K)] 421295K->352058K(581632K), 0.0017212 secs] [Times: user=0.00 sys=0.00, real=0.00 secs] 
1617.971: [GC (Allocation Failure) [PSYoungGen: 70512K->1440K(77824K)] 421178K->352106K(588288K), 0.0037008 secs] [Times: user=0.02 sys=0.00, real=0.00 secs] 
1618.635: [GC (Allocation Failure) [PSYoungGen: 77728K->1408K(77312K)] 428394K->352074K(587776K), 0.0028090 secs] [Times: user=0.01 sys=0.00, real=0.01 secs] 
1619.417: [GC (Allocation Failure) [PSYoungGen: 77184K->1344K(76800K)] 427850K->352010K(587264K), 0.0023355 secs] [Times: user=0.01 sys=0.00, real=0.00 secs] 
1619.693: [GC (Allocation Failure) [PSYoungGen: 76608K->1456K(76288K)] 427274K->352122K(586752K), 0.0016305 secs] [Times: user=0.01 sys=0.00, real=0.00 secs] 
1619.824: [GC (Allocation Failure) [PSYoungGen: 76208K->1488K(75776K)] 426874K->352154K(586240K), 0.0016250 secs] [Times: user=0.00 sys=0.00, real=0.01 secs] 
1619.956: [GC (Allocation Failure) [PSYoungGen: 75728K->1533K(75264K)] 426394K->352207K(585728K), 0.0017809 secs] [Times: user=0.00 sys=0.00, real=0.01 secs] 
1620.880: [GC (Allocation Failure) [PSYoungGen: 75261K->1488K(74752K)] 425935K->352162K(585216K), 0.0032899 secs] [Times: user=0.01 sys=0.00, real=0.00 secs] 
1621.915: [GC (Allocation Failure) [PSYoungGen: 74704K->1408K(74240K)] 425378K->352082K(584704K), 0.0040738 secs] [Times: user=0.02 sys=0.00, real=0.01 secs] 
1622.551: [GC (Allocation Failure) [PSYoungGen: 74112K->1376K(73728K)] 424786K->352050K(584192K), 0.0028005 secs] [Times: user=0.01 sys=0.00, real=0.00 secs] 
1623.159: [GC (Allocation Failure) [PSYoungGen: 73568K->1424K(73216K)] 424242K->352098K(583680K), 0.0022856 secs] [Times: user=0.01 sys=0.00, real=0.00 secs] 
1623.817: [GC (Allocation Failure) [PSYoungGen: 73104K->1469K(72704K)] 423778K->352143K(583168K), 0.0023235 secs] [Times: user=0.01 sys=0.00, real=0.00 secs] 
1623.971: [GC (Allocation Failure) [PSYoungGen: 72637K->1501K(72192K)] 423311K->352175K(582656K), 0.0017696 secs] [Times: user=0.01 sys=0.00, real=0.00 secs] 
1624.095: [GC (Allocation Failure) [PSYoungGen: 72157K->1488K(71680K)] 422831K->352162K(582144K), 0.0017004 secs] [Times: user=0.01 sys=0.00, real=0.01 secs] 
1624.218: [GC (Allocation Failure) [PSYoungGen: 71632K->1456K(71168K)] 422306K->352130K(581632K), 0.0019099 secs] [Times: user=0.01 sys=0.00, real=0.00 secs] 
1624.866: [GC (Allocation Failure) [PSYoungGen: 71088K->1408K(70656K)] 421762K->352090K(581120K), 0.0020662 secs] [Times: user=0.01 sys=0.00, real=0.00 secs] 
1625.485: [GC (Allocation Failure) [PSYoungGen: 70528K->1408K(70144K)] 421210K->352090K(580608K), 0.0021051 secs] [Times: user=0.01 sys=0.00, real=0.01 secs] 
1626.060: [GC (Allocation Failure) [PSYoungGen: 70016K->1440K(69632K)] 420698K->352122K(580096K), 0.0021060 secs] [Times: user=0.01 sys=0.00, real=0.00 secs] 
1626.343: [GC (Allocation Failure) [PSYoungGen: 69536K->1408K(69120K)] 420218K->352090K(579584K), 0.0021830 secs] [Times: user=0.01 sys=0.00, real=0.00 secs] 
1626.548: [GC (Allocation Failure) [PSYoungGen: 68992K->1421K(68608K)] 419674K->352103K(579072K), 0.0016139 secs] [Times: user=0.01 sys=0.00, real=0.00 secs] 
1626.667: [GC (Allocation Failure) [PSYoungGen: 68493K->1456K(68096K)] 419175K->352138K(578560K), 0.0016911 secs] [Times: user=0.01 sys=0.00, real=0.00 secs] 
1626.783: [GC (Allocation Failure) [PSYoungGen: 68016K->1488K(67584K)] 418698K->352170K(578048K), 0.0016158 secs] [Times: user=0.00 sys=0.00, real=0.00 secs] 
1626.900: [GC (Allocation Failure) [PSYoungGen: 67536K->1488K(68096K)] 418218K->352186K(578560K), 0.0015802 secs] [Times: user=0.00 sys=0.00, real=0.00 secs] 
1628.028: [GC (Allocation Failure) [PSYoungGen: 67536K->1408K(67072K)] 418234K->352122K(577536K), 0.0045145 secs] [Times: user=0.02 sys=0.00, real=0.00 secs] 
1628.905: [GC (Allocation Failure) [PSYoungGen: 66944K->1408K(66560K)] 417658K->352122K(577024K), 0.0030517 secs] [Times: user=0.01 sys=0.00, real=0.01 secs] 
1629.453: [GC (Allocation Failure) [PSYoungGen: 66432K->1376K(66048K)] 417146K->352090K(576512K), 0.0032249 secs] [Times: user=0.01 sys=0.00, real=0.01 secs] 
1630.088: [GC (Allocation Failure) [PSYoungGen: 65888K->1376K(65536K)] 416602K->352090K(576000K), 0.0026977 secs] [Times: user=0.01 sys=0.00, real=0.00 secs] 
1630.579: [GC (Allocation Failure) [PSYoungGen: 65376K->1437K(65024K)] 416090K->352151K(575488K), 0.0022276 secs] [Times: user=0.01 sys=0.00, real=0.00 secs] 
1630.711: [GC (Allocation Failure) [PSYoungGen: 64925K->1469K(64512K)] 415639K->352183K(574976K), 0.0015584 secs] [Times: user=0.01 sys=0.00, real=0.00 secs] 
1630.821: [GC (Allocation Failure) [PSYoungGen: 64445K->1501K(64000K)] 415159K->352215K(574464K), 0.0015420 secs] [Times: user=0.01 sys=0.00, real=0.00 secs] 
1630.932: [GC (Allocation Failure) [PSYoungGen: 63965K->1437K(70656K)] 414679K->352159K(581120K), 0.0016196 secs] [Times: user=0.01 sys=0.00, real=0.00 secs] 
1631.318: [GC (Allocation Failure) [PSYoungGen: 70557K->1392K(70144K)] 421279K->352114K(580608K), 0.0020773 secs] [Times: user=0.01 sys=0.00, real=0.00 secs] 
1631.948: [GC (Allocation Failure) [PSYoungGen: 70000K->1376K(69632K)] 420722K->352098K(580096K), 0.0022111 secs] [Times: user=0.01 sys=0.00, real=0.00 secs] 
1632.521: [GC (Allocation Failure) [PSYoungGen: 69472K->1376K(69120K)] 420194K->352098K(579584K), 0.0023087 secs] [Times: user=0.00 sys=0.00, real=0.00 secs] 
1633.199: [GC (Allocation Failure) [PSYoungGen: 68960K->1408K(68608K)] 419682K->352130K(579072K), 0.0022733 secs] [Times: user=0.00 sys=0.00, real=0.00 secs] 
1633.676: [GC (Allocation Failure) [PSYoungGen: 68480K->1469K(68096K)] 419202K->352191K(578560K), 0.0027802 secs] [Times: user=0.01 sys=0.00, real=0.00 secs] 
1633.903: [GC (Allocation Failure) [PSYoungGen: 68029K->1469K(67584K)] 418751K->352191K(578048K), 0.0022261 secs] [Times: user=0.01 sys=0.00, real=0.00 secs] 
1634.078: [GC (Allocation Failure) [PSYoungGen: 67517K->1437K(67072K)] 418239K->352159K(577536K), 0.0023825 secs] [Times: user=0.01 sys=0.01, real=0.00 secs] 
1634.238: [GC (Allocation Failure) [PSYoungGen: 66973K->1501K(66560K)] 417695K->352239K(577024K), 0.0017365 secs] [Times: user=0.00 sys=0.00, real=0.00 secs] 
1634.463: [GC (Allocation Failure) [PSYoungGen: 66525K->416K(65024K)] 417263K->352178K(575488K), 0.0022214 secs] [Times: user=0.01 sys=0.00, real=0.00 secs] 
1634.774: [GC (Allocation Failure) [PSYoungGen: 64928K->352K(66048K)] 416690K->352114K(576512K), 0.0020320 secs] [Times: user=0.01 sys=0.00, real=0.01 secs] 
1635.056: [GC (Allocation Failure) [PSYoungGen: 64352K->352K(64512K)] 416114K->352114K(574976K), 0.0021917 secs] [Times: user=0.01 sys=0.00, real=0.00 secs] 
1635.363: [GC (Allocation Failure) [PSYoungGen: 63840K->352K(63488K)] 415602K->352114K(573952K), 0.0020840 secs] [Times: user=0.00 sys=0.01, real=0.00 secs] 
1635.664: [GC (Allocation Failure) [PSYoungGen: 63328K->1469K(64000K)] 415090K->353231K(574464K), 0.0019345 secs] [Times: user=0.00 sys=0.00, real=0.01 secs] 
1635.781: [GC (Allocation Failure) [PSYoungGen: 63933K->1501K(64000K)] 415695K->353263K(574464K), 0.0018315 secs] [Times: user=0.01 sys=0.00, real=0.00 secs] 
1635.891: [GC (Allocation Failure) [PSYoungGen: 63453K->1485K(64512K)] 415215K->353247K(574976K), 0.0016538 secs] [Times: user=0.01 sys=0.00, real=0.00 secs] 
1636.000: [GC (Allocation Failure) [PSYoungGen: 63437K->1533K(64512K)] 415199K->353311K(574976K), 0.0016070 secs] [Times: user=0.01 sys=0.00, real=0.00 secs] 
1636.125: [GC (Allocation Failure) [PSYoungGen: 63485K->1533K(71680K)] 415263K->353327K(582144K), 0.0017996 secs] [Times: user=0.00 sys=0.00, real=0.01 secs] 
1636.722: [GC (Allocation Failure) [PSYoungGen: 70653K->1424K(71680K)] 422447K->353218K(582144K), 0.0022866 secs] [Times: user=0.01 sys=0.00, real=0.00 secs] 
1637.292: [GC (Allocation Failure) [PSYoungGen: 70544K->1440K(78848K)] 422338K->353234K(589312K), 0.0059635 secs] [Times: user=0.01 sys=0.02, real=0.01 secs] 
1637.767: [GC (Allocation Failure) [PSYoungGen: 77728K->1360K(77312K)] 429522K->353154K(587776K), 0.0020509 secs] [Times: user=0.00 sys=0.00, real=0.00 secs] 
1638.549: [GC (Allocation Failure) [PSYoungGen: 76962K->256K(77312K)] 428757K->352050K(587776K), 0.0027569 secs] [Times: user=0.01 sys=0.00, real=0.00 secs] 
1638.749: [GC (Allocation Failure) [PSYoungGen: 75520K->1456K(76288K)] 427314K->353250K(586752K), 0.0015954 secs] [Times: user=0.01 sys=0.00, real=0.00 secs] 
1638.881: [GC (Allocation Failure) [PSYoungGen: 76208K->1517K(76288K)] 428002K->353311K(586752K), 0.0016450 secs] [Times: user=0.01 sys=0.00, real=0.00 secs] 
1639.011: [GC (Allocation Failure) [PSYoungGen: 75757K->1488K(75264K)] 427551K->353298K(585728K), 0.0017077 secs] [Times: user=0.01 sys=0.01, real=0.00 secs] 
1639.522: [GC (Allocation Failure) [PSYoungGen: 75216K->1456K(75264K)] 427026K->353266K(585728K), 0.0022589 secs] [Times: user=0.01 sys=0.00, real=0.00 secs] 
1640.130: [GC (Allocation Failure) [PSYoungGen: 74672K->1392K(74240K)] 426482K->353202K(584704K), 0.0021707 secs] [Times: user=0.01 sys=0.00, real=0.00 secs] 
1640.731: [GC (Allocation Failure) [PSYoungGen: 74096K->1376K(74240K)] 425906K->353186K(584704K), 0.0021593 secs] [Times: user=0.01 sys=0.00, real=0.00 secs] 
1641.562: [GC (Allocation Failure) [PSYoungGen: 73568K->1392K(73216K)] 425378K->353202K(583680K), 0.0035737 secs] [Times: user=0.01 sys=0.00, real=0.00 secs] 
1642.051: [GC (Allocation Failure) [PSYoungGen: 73056K->1485K(72704K)] 424866K->353295K(583168K), 0.0020199 secs] [Times: user=0.01 sys=0.00, real=0.00 secs] 
1642.194: [GC (Allocation Failure) [PSYoungGen: 72653K->1453K(72192K)] 424463K->353263K(582656K), 0.0015825 secs] [Times: user=0.01 sys=0.00, real=0.01 secs] 
1642.339: [GC (Allocation Failure) [PSYoungGen: 72109K->1501K(71680K)] 423919K->353311K(582144K), 0.0019518 secs] [Times: user=0.01 sys=0.00, real=0.00 secs] 
1642.495: [GC (Allocation Failure) [PSYoungGen: 71539K->224K(71680K)] 423349K->352034K(582144K), 0.0017670 secs] [Times: user=0.01 sys=0.00, real=0.01 secs] 
1643.666: [GC (Allocation Failure) [PSYoungGen: 69856K->1408K(71168K)] 421666K->353218K(581632K), 0.0028346 secs] [Times: user=0.01 sys=0.00, real=0.01 secs] 
1644.578: [GC (Allocation Failure) [PSYoungGen: 70528K->1408K(70144K)] 422338K->353218K(580608K), 0.0035345 secs] [Times: user=0.02 sys=0.00, real=0.00 secs] 
1645.470: [GC (Allocation Failure) [PSYoungGen: 70016K->1424K(69632K)] 421826K->353234K(580096K), 0.0041197 secs] [Times: user=0.02 sys=0.00, real=0.00 secs] 
1646.232: [GC (Allocation Failure) [PSYoungGen: 69520K->1408K(69120K)] 421330K->353218K(579584K), 0.0035107 secs] [Times: user=0.01 sys=0.00, real=0.01 secs] 
1646.494: [GC (Allocation Failure) [PSYoungGen: 68992K->1485K(68608K)] 420802K->353295K(579072K), 0.0018917 secs] [Times: user=0.00 sys=0.00, real=0.01 secs] 
1646.616: [GC (Allocation Failure) [PSYoungGen: 68557K->1517K(68096K)] 420367K->353327K(578560K), 0.0017005 secs] [Times: user=0.01 sys=0.00, real=0.00 secs] 
1646.733: [GC (Allocation Failure) [PSYoungGen: 68077K->1501K(67584K)] 419887K->353311K(578048K), 0.0015968 secs] [Times: user=0.01 sys=0.00, real=0.00 secs] 
1646.899: [GC (Allocation Failure) [PSYoungGen: 67549K->1600K(67584K)] 419359K->353418K(578048K), 0.0019838 secs] [Times: user=0.01 sys=0.00, real=0.00 secs] 
1647.364: [GC (Allocation Failure) [PSYoungGen: 67136K->320K(66048K)] 418954K->353162K(576512K), 0.0017747 secs] [Times: user=0.00 sys=0.00, real=0.00 secs] 
1647.831: [GC (Allocation Failure) [PSYoungGen: 65344K->384K(65024K)] 418186K->353226K(575488K), 0.0021556 secs] [Times: user=0.01 sys=0.00, real=0.00 secs] 
1648.374: [GC (Allocation Failure) [PSYoungGen: 64896K->352K(66048K)] 417738K->353218K(576512K), 0.0025853 secs] [Times: user=0.01 sys=0.00, real=0.01 secs] 
1648.860: [GC (Allocation Failure) [PSYoungGen: 64352K->384K(64000K)] 417218K->353250K(574464K), 0.0042386 secs] [Times: user=0.02 sys=0.00, real=0.00 secs] 
1649.172: [GC (Allocation Failure) [PSYoungGen: 63872K->1453K(65024K)] 416738K->354319K(575488K), 0.0021019 secs] [Times: user=0.01 sys=0.00, real=0.00 secs] 
1649.299: [GC (Allocation Failure) [PSYoungGen: 64429K->1485K(64000K)] 417295K->354351K(574464K), 0.0015076 secs] [Times: user=0.01 sys=0.00, real=0.00 secs] 
1649.409: [GC (Allocation Failure) [PSYoungGen: 63949K->1501K(64000K)] 416815K->354383K(574464K), 0.0016405 secs] [Times: user=0.00 sys=0.01, real=0.00 secs] 
1649.518: [GC (Allocation Failure) [PSYoungGen: 63453K->1501K(64512K)] 416335K->354391K(574976K), 0.0017899 secs] [Times: user=0.01 sys=0.00, real=0.00 secs] 
1649.766: [GC (Allocation Failure) [PSYoungGen: 63453K->1392K(71168K)] 416343K->354282K(581632K), 0.0017868 secs] [Times: user=0.01 sys=0.00, real=0.00 secs] 
1650.371: [GC (Allocation Failure) [PSYoungGen: 70000K->1408K(69632K)] 422890K->354298K(580096K), 0.0019750 secs] [Times: user=0.01 sys=0.00, real=0.00 secs] 
1651.105: [GC (Allocation Failure) [PSYoungGen: 69504K->1424K(69632K)] 422394K->354314K(580096K), 0.0041995 secs] [Times: user=0.02 sys=0.00, real=0.01 secs] 
1651.901: [GC (Allocation Failure) [PSYoungGen: 69008K->1392K(68608K)] 421898K->354282K(579072K), 0.0039640 secs] [Times: user=0.02 sys=0.00, real=0.00 secs] 
1652.547: [GC (Allocation Failure) [PSYoungGen: 68464K->1469K(68608K)] 421354K->354359K(579072K), 0.0027812 secs] [Times: user=0.01 sys=0.00, real=0.00 secs] 
1652.724: [GC (Allocation Failure) [PSYoungGen: 68029K->1421K(67584K)] 420919K->354311K(578048K), 0.0015531 secs] [Times: user=0.01 sys=0.00, real=0.00 secs] 
1652.858: [GC (Allocation Failure) [PSYoungGen: 67469K->1456K(67584K)] 420359K->354362K(578048K), 0.0022478 secs] [Times: user=0.00 sys=0.00, real=0.00 secs] 
1653.004: [GC (Allocation Failure) [PSYoungGen: 66992K->1501K(68096K)] 419898K->354407K(578560K), 0.0019358 secs] [Times: user=0.01 sys=0.00, real=0.01 secs] 
1653.440: [GC (Allocation Failure) [PSYoungGen: 67037K->1424K(66560K)] 419943K->354330K(577024K), 0.0021872 secs] [Times: user=0.01 sys=0.00, real=0.00 secs] 
1654.299: [GC (Allocation Failure) [PSYoungGen: 66448K->1360K(66048K)] 419354K->354266K(576512K), 0.0043087 secs] [Times: user=0.02 sys=0.00, real=0.00 secs] 
1655.254: [GC (Allocation Failure) [PSYoungGen: 65872K->1392K(65536K)] 418778K->354298K(576000K), 0.0043001 secs] [Times: user=0.01 sys=0.01, real=0.01 secs] 
1656.178: [GC (Allocation Failure) [PSYoungGen: 65392K->1376K(65024K)] 418298K->354282K(575488K), 0.0048152 secs] [Times: user=0.01 sys=0.00, real=0.00 secs] 
1656.845: [GC (Allocation Failure) [PSYoungGen: 64864K->1469K(64512K)] 417770K->354375K(574976K), 0.0034712 secs] [Times: user=0.02 sys=0.00, real=0.01 secs] 
1657.043: [GC (Allocation Failure) [PSYoungGen: 64442K->1501K(64000K)] 417348K->354407K(574464K), 0.0030176 secs] [Times: user=0.02 sys=0.00, real=0.01 secs] 
1657.196: [GC (Allocation Failure) [PSYoungGen: 63965K->1437K(63488K)] 416871K->354343K(573952K), 0.0019377 secs] [Times: user=0.01 sys=0.00, real=0.00 secs] 
1657.345: [GC (Allocation Failure) [PSYoungGen: 63389K->1469K(70656K)] 416295K->354391K(581120K), 0.0019059 secs] [Times: user=0.00 sys=0.00, real=0.01 secs] 
1657.527: [GC (Allocation Failure) [PSYoungGen: 70077K->1600K(70656K)] 422999K->354522K(581120K), 0.0020286 secs] [Times: user=0.01 sys=0.00, real=0.00 secs] 
1657.960: [GC (Allocation Failure) [PSYoungGen: 70208K->1408K(69632K)] 423130K->354330K(580096K), 0.0023335 secs] [Times: user=0.01 sys=0.00, real=0.00 secs] 
1658.345: [GC (Allocation Failure) [PSYoungGen: 69504K->1376K(69120K)] 422426K->354322K(579584K), 0.0021252 secs] [Times: user=0.01 sys=0.00, real=0.01 secs] 
1658.862: [GC (Allocation Failure) [PSYoungGen: 68960K->1344K(68608K)] 421906K->354290K(579072K), 0.0024210 secs] [Times: user=0.01 sys=0.00, real=0.00 secs] 
1659.381: [GC (Allocation Failure) [PSYoungGen: 68416K->1312K(68096K)] 421362K->354258K(578560K), 0.0027403 secs] [Times: user=0.01 sys=0.00, real=0.00 secs] 
1659.591: [GC (Allocation Failure) [PSYoungGen: 67872K->1501K(67584K)] 420818K->354447K(578048K), 0.0016711 secs] [Times: user=0.01 sys=0.00, real=0.00 secs] 
1659.708: [GC (Allocation Failure) [PSYoungGen: 67549K->1453K(67072K)] 420495K->354399K(577536K), 0.0015947 secs] [Times: user=0.01 sys=0.00, real=0.00 secs] 
1659.824: [GC (Allocation Failure) [PSYoungGen: 66989K->1469K(66560K)] 419935K->354431K(577024K), 0.0016288 secs] [Times: user=0.00 sys=0.00, real=0.00 secs] 
1659.954: [GC (Allocation Failure) [PSYoungGen: 66493K->1437K(67072K)] 419455K->354399K(577536K), 0.0019747 secs] [Times: user=0.01 sys=0.00, real=0.01 secs] 
1660.843: [GC (Allocation Failure) [PSYoungGen: 66461K->1408K(66048K)] 419423K->354370K(576512K), 0.0023110 secs] [Times: user=0.01 sys=0.00, real=0.00 secs] 
1661.434: [GC (Allocation Failure) [PSYoungGen: 65920K->1376K(65536K)] 418882K->354338K(576000K), 0.0028704 secs] [Times: user=0.01 sys=0.00, real=0.01 secs] 
1662.069: [GC (Allocation Failure) [PSYoungGen: 65376K->1376K(65024K)] 418338K->354346K(575488K), 0.0040654 secs] [Times: user=0.01 sys=0.00, real=0.00 secs] 
1662.746: [GC (Allocation Failure) [PSYoungGen: 64864K->1328K(64512K)] 417834K->354298K(574976K), 0.0026667 secs] [Times: user=0.01 sys=0.00, real=0.00 secs] 
1663.144: [GC (Allocation Failure) [PSYoungGen: 64304K->1501K(64000K)] 417274K->354471K(574464K), 0.0021767 secs] [Times: user=0.01 sys=0.00, real=0.01 secs] 
1663.266: [GC (Allocation Failure) [PSYoungGen: 63965K->1469K(63488K)] 416935K->354439K(573952K), 0.0017173 secs] [Times: user=0.00 sys=0.00, real=0.00 secs] 
1663.375: [GC (Allocation Failure) [PSYoungGen: 63421K->1501K(62976K)] 416391K->354479K(573440K), 0.0017471 secs] [Times: user=0.00 sys=0.00, real=0.01 secs] 
1663.483: [GC (Allocation Failure) [PSYoungGen: 62941K->1533K(63488K)] 415919K->354511K(573952K), 0.0016164 secs] [Times: user=0.01 sys=0.00, real=0.00 secs] 
1663.838: [GC (Allocation Failure) [PSYoungGen: 62973K->1408K(62464K)] 415951K->354386K(572928K), 0.0018961 secs] [Times: user=0.01 sys=0.00, real=0.00 secs] 
1664.153: [GC (Allocation Failure) [PSYoungGen: 62336K->1376K(61952K)] 415314K->354354K(572416K), 0.0019246 secs] [Times: user=0.00 sys=0.00, real=0.00 secs] 
1664.446: [GC (Allocation Failure) [PSYoungGen: 61792K->1376K(61440K)] 414770K->354354K(571904K), 0.0020276 secs] [Times: user=0.00 sys=0.00, real=0.00 secs] 
1664.836: [GC (Allocation Failure) [PSYoungGen: 61280K->1440K(60928K)] 414258K->354418K(571392K), 0.0018730 secs] [Times: user=0.01 sys=0.00, real=0.00 secs] 
1665.305: [GC (Allocation Failure) [PSYoungGen: 60832K->1408K(60416K)] 413810K->354386K(570880K), 0.0024241 secs] [Times: user=0.01 sys=0.00, real=0.01 secs] 
1665.576: [GC (Allocation Failure) [PSYoungGen: 60288K->1421K(60928K)] 413266K->354399K(571392K), 0.0019016 secs] [Times: user=0.00 sys=0.00, real=0.00 secs] 
1665.688: [GC (Allocation Failure) [PSYoungGen: 60301K->1456K(60928K)] 413279K->354434K(571392K), 0.0015932 secs] [Times: user=0.00 sys=0.00, real=0.00 secs] 
1665.792: [GC (Allocation Failure) [PSYoungGen: 60336K->1501K(60928K)] 413314K->354495K(571392K), 0.0016228 secs] [Times: user=0.00 sys=0.00, real=0.00 secs] 
1665.911: [GC (Allocation Failure) [PSYoungGen: 60373K->1469K(60928K)] 413367K->354463K(571392K), 0.0018008 secs] [Times: user=0.01 sys=0.00, real=0.00 secs] 
1666.357: [GC (Allocation Failure) [PSYoungGen: 60349K->1392K(60416K)] 413343K->354402K(570880K), 0.0021922 secs] [Times: user=0.01 sys=0.00, real=0.00 secs] 
1667.643: [GC (Allocation Failure) [PSYoungGen: 60272K->1376K(60416K)] 413282K->354386K(570880K), 0.0038074 secs] [Times: user=0.01 sys=0.01, real=0.01 secs] 
1668.480: [GC (Allocation Failure) [PSYoungGen: 60256K->1408K(60416K)] 413266K->354418K(570880K), 0.0036098 secs] [Times: user=0.01 sys=0.00, real=0.00 secs] 
1669.005: [GC (Allocation Failure) [PSYoungGen: 60288K->1392K(60416K)] 413298K->354402K(570880K), 0.0031738 secs] [Times: user=0.01 sys=0.00, real=0.01 secs] 
1669.504: [GC (Allocation Failure) [PSYoungGen: 60272K->1376K(60416K)] 413282K->354386K(570880K), 0.0031506 secs] [Times: user=0.01 sys=0.00, real=0.01 secs] 
1669.784: [GC (Allocation Failure) [PSYoungGen: 60256K->1469K(60416K)] 413266K->354479K(570880K), 0.0022071 secs] [Times: user=0.00 sys=0.00, real=0.01 secs] 
1669.914: [GC (Allocation Failure) [PSYoungGen: 60349K->1501K(60416K)] 413359K->354519K(570880K), 0.0016336 secs] [Times: user=0.00 sys=0.00, real=0.00 secs] 
1670.018: [GC (Allocation Failure) [PSYoungGen: 60381K->1501K(63488K)] 413399K->354519K(573952K), 0.0016579 secs] [Times: user=0.01 sys=0.00, real=0.00 secs] 
1670.125: [GC (Allocation Failure) [PSYoungGen: 62941K->1437K(67072K)] 415959K->354455K(577536K), 0.0017380 secs] [Times: user=0.01 sys=0.00, real=0.01 secs] 
1670.324: [GC (Allocation Failure) [PSYoungGen: 66461K->1440K(67072K)] 419479K->354458K(577536K), 0.0017343 secs] [Times: user=0.01 sys=0.00, real=0.00 secs] 
1670.609: [GC (Allocation Failure) [PSYoungGen: 66464K->1376K(66048K)] 419482K->354394K(576512K), 0.0017893 secs] [Times: user=0.00 sys=0.01, real=0.00 secs] 
1670.877: [GC (Allocation Failure) [PSYoungGen: 65888K->1376K(65536K)] 418906K->354394K(576000K), 0.0019819 secs] [Times: user=0.01 sys=0.00, real=0.00 secs] 
1671.147: [GC (Allocation Failure) [PSYoungGen: 65376K->1376K(65024K)] 418394K->354394K(575488K), 0.0022887 secs] [Times: user=0.01 sys=0.00, real=0.00 secs] 
1671.408: [GC (Allocation Failure) [PSYoungGen: 64864K->1344K(64512K)] 417882K->354362K(574976K), 0.0022898 secs] [Times: user=0.00 sys=0.00, real=0.00 secs] 
1671.568: [GC (Allocation Failure) [PSYoungGen: 64320K->1533K(64000K)] 417338K->354551K(574464K), 0.0016786 secs] [Times: user=0.00 sys=0.00, real=0.00 secs] 
1671.678: [GC (Allocation Failure) [PSYoungGen: 63997K->1533K(70656K)] 417015K->354567K(581120K), 0.0016496 secs] [Times: user=0.00 sys=0.00, real=0.00 secs] 
1671.799: [GC (Allocation Failure) [PSYoungGen: 70653K->1517K(71168K)] 423687K->354551K(581632K), 0.0016163 secs] [Times: user=0.01 sys=0.00, real=0.00 secs] 
1672.033: [GC (Allocation Failure) [PSYoungGen: 70637K->1536K(71168K)] 423671K->354570K(581632K), 0.0020476 secs] [Times: user=0.00 sys=0.00, real=0.00 secs] 
1673.288: [GC (Allocation Failure) [PSYoungGen: 70656K->1376K(70144K)] 423690K->354410K(580608K), 0.0088070 secs] [Times: user=0.04 sys=0.00, real=0.01 secs] 
1673.997: [GC (Allocation Failure) [PSYoungGen: 69984K->1376K(69632K)] 423018K->354410K(580096K), 0.0026363 secs] [Times: user=0.01 sys=0.00, real=0.00 secs] 
1674.556: [GC (Allocation Failure) [PSYoungGen: 69472K->1344K(69120K)] 422506K->354378K(579584K), 0.0019860 secs] [Times: user=0.01 sys=0.00, real=0.00 secs] 
1675.332: [GC (Allocation Failure) [PSYoungGen: 68928K->1360K(68608K)] 421962K->354394K(579072K), 0.0050428 secs] [Times: user=0.02 sys=0.00, real=0.01 secs] 
1675.714: [GC (Allocation Failure) [PSYoungGen: 68432K->1504K(68096K)] 421466K->354562K(578560K), 0.0020155 secs] [Times: user=0.01 sys=0.00, real=0.01 secs] 
1675.846: [GC (Allocation Failure) [PSYoungGen: 68064K->1485K(67584K)] 421122K->354559K(578048K), 0.0018484 secs] [Times: user=0.00 sys=0.00, real=0.00 secs] 
1675.963: [GC (Allocation Failure) [PSYoungGen: 67533K->1488K(67072K)] 420607K->354562K(577536K), 0.0016702 secs] [Times: user=0.01 sys=0.00, real=0.00 secs] 
1676.146: [GC (Allocation Failure) [PSYoungGen: 67016K->1568K(67072K)] 420090K->354642K(577536K), 0.0020421 secs] [Times: user=0.01 sys=0.00, real=0.00 secs] 
1677.397: [GC (Allocation Failure) [PSYoungGen: 66592K->384K(65024K)] 419666K->354482K(575488K), 0.0024508 secs] [Times: user=0.01 sys=0.00, real=0.00 secs] 
1677.709: [GC (Allocation Failure) [PSYoungGen: 64896K->320K(66048K)] 418994K->354418K(576512K), 0.0019453 secs] [Times: user=0.01 sys=0.00, real=0.00 secs] 
1678.214: [GC (Allocation Failure) [PSYoungGen: 64320K->352K(64000K)] 418418K->354450K(574464K), 0.0023348 secs] [Times: user=0.01 sys=0.00, real=0.01 secs] 
1678.699: [GC (Allocation Failure) [PSYoungGen: 63840K->352K(63488K)] 417938K->354474K(573952K), 0.0032303 secs] [Times: user=0.01 sys=0.00, real=0.00 secs] 
1678.979: [GC (Allocation Failure) [PSYoungGen: 63328K->1469K(64000K)] 417450K->355591K(574464K), 0.0019629 secs] [Times: user=0.01 sys=0.00, real=0.00 secs] 
1679.093: [GC (Allocation Failure) [PSYoungGen: 63933K->1501K(63488K)] 418055K->355623K(573952K), 0.0016939 secs] [Times: user=0.00 sys=0.00, real=0.00 secs] 
1679.202: [GC (Allocation Failure) [PSYoungGen: 63453K->1517K(69120K)] 417575K->355647K(579584K), 0.0016003 secs] [Times: user=0.01 sys=0.00, real=0.00 secs] 
1679.319: [GC (Allocation Failure) [PSYoungGen: 68077K->1456K(69120K)] 422207K->355586K(579584K), 0.0015650 secs] [Times: user=0.00 sys=0.00, real=0.00 secs] 
1679.780: [GC (Allocation Failure) [PSYoungGen: 68016K->1440K(67584K)] 422146K->355570K(578048K), 0.0018111 secs] [Times: user=0.01 sys=0.00, real=0.00 secs] 
1680.093: [GC (Allocation Failure) [PSYoungGen: 67488K->1376K(67072K)] 421618K->355506K(577536K), 0.0029919 secs] [Times: user=0.02 sys=0.00, real=0.01 secs] 
1680.632: [GC (Allocation Failure) [PSYoungGen: 66912K->1440K(74240K)] 421042K->355570K(584704K), 0.0146085 secs] [Times: user=0.02 sys=0.06, real=0.02 secs] 
1681.382: [GC (Allocation Failure) [PSYoungGen: 73120K->1408K(74240K)] 427250K->355538K(584704K), 0.0026972 secs] [Times: user=0.01 sys=0.01, real=0.00 secs] 
1682.058: [GC (Allocation Failure) [PSYoungGen: 73088K->1520K(81920K)] 427218K->355650K(592384K), 0.0096830 secs] [Times: user=0.04 sys=0.01, real=0.01 secs] 
1682.296: [GC (Allocation Failure) [PSYoungGen: 80880K->1501K(81920K)] 435010K->355647K(592384K), 0.0022620 secs] [Times: user=0.01 sys=0.00, real=0.00 secs] 
1682.494: [GC (Allocation Failure) [PSYoungGen: 80861K->1536K(90624K)] 435007K->355682K(601088K), 0.0260803 secs] [Times: user=0.10 sys=0.03, real=0.03 secs] 
1683.101: [GC (Allocation Failure) [PSYoungGen: 89600K->1504K(90624K)] 443746K->355658K(601088K), 0.0098953 secs] [Times: user=0.03 sys=0.02, real=0.01 secs] 
1683.773: [GC (Allocation Failure) [PSYoungGen: 89568K->1376K(102400K)] 443722K->355530K(612864K), 0.0023846 secs] [Times: user=0.00 sys=0.00, real=0.00 secs] 
1684.565: [GC (Allocation Failure) [PSYoungGen: 102240K->1392K(103936K)] 456394K->355546K(614400K), 0.0024908 secs] [Times: user=0.01 sys=0.00, real=0.01 secs] 
1685.334: [GC (Allocation Failure) [PSYoungGen: 103280K->1501K(116736K)] 457434K->355671K(627200K), 0.0027269 secs] [Times: user=0.01 sys=0.00, real=0.01 secs] 
1685.580: [GC (Allocation Failure) [PSYoungGen: 116189K->1549K(116736K)] 470359K->355719K(627200K), 0.0017682 secs] [Times: user=0.00 sys=0.00, real=0.00 secs] 
1685.863: [GC (Allocation Failure) [PSYoungGen: 116237K->1744K(130048K)] 470407K->355946K(640512K), 0.0033810 secs] [Times: user=0.01 sys=0.01, real=0.01 secs] 
1687.233: [GC (Allocation Failure) [PSYoungGen: 129744K->1376K(130048K)] 483946K->355594K(640512K), 0.0031050 secs] [Times: user=0.02 sys=0.00, real=0.01 secs] 
1688.296: [GC (Allocation Failure) [PSYoungGen: 129376K->1456K(128000K)] 483594K->355674K(638464K), 0.0063282 secs] [Times: user=0.02 sys=0.02, real=0.00 secs] 
1688.683: [GC (Allocation Failure) [PSYoungGen: 127920K->1552K(126976K)] 482138K->355770K(637440K), 0.0031168 secs] [Times: user=0.02 sys=0.00, real=0.01 secs] 
1688.904: [GC (Allocation Failure) [PSYoungGen: 126480K->509K(123904K)] 480698K->355751K(634368K), 0.0019349 secs] [Times: user=0.01 sys=0.01, real=0.01 secs] 
1689.730: [GC (Allocation Failure) [PSYoungGen: 123901K->1456K(123904K)] 479143K->356698K(634368K), 0.0021193 secs] [Times: user=0.01 sys=0.00, real=0.00 secs] 
1690.307: [GC (Allocation Failure) [PSYoungGen: 123312K->1376K(121856K)] 478554K->356618K(632320K), 0.0019923 secs] [Times: user=0.01 sys=0.00, real=0.00 secs] 
1690.803: [GC (Allocation Failure) [PSYoungGen: 121696K->1469K(120320K)] 476938K->356711K(630784K), 0.0018118 secs] [Times: user=0.00 sys=0.00, real=0.00 secs] 
1691.011: [GC (Allocation Failure) [PSYoungGen: 120253K->1533K(118784K)] 475495K->356791K(629248K), 0.0016264 secs] [Times: user=0.01 sys=0.00, real=0.00 secs] 
1691.526: [GC (Allocation Failure) [PSYoungGen: 118781K->1488K(117248K)] 474039K->356754K(627712K), 0.0043965 secs] [Times: user=0.02 sys=0.00, real=0.00 secs] 
1692.583: [GC (Allocation Failure) [PSYoungGen: 117200K->1408K(115712K)] 472466K->356674K(626176K), 0.0027381 secs] [Times: user=0.01 sys=0.00, real=0.00 secs] 
1693.550: [GC (Allocation Failure) [PSYoungGen: 115584K->1376K(114176K)] 470850K->356642K(624640K), 0.0029761 secs] [Times: user=0.01 sys=0.01, real=0.00 secs] 
1694.025: [GC (Allocation Failure) [PSYoungGen: 114016K->1485K(112640K)] 469282K->356751K(623104K), 0.0017122 secs] [Times: user=0.01 sys=0.00, real=0.01 secs] 
1694.220: [GC (Allocation Failure) [PSYoungGen: 112589K->1565K(111616K)] 467855K->356831K(622080K), 0.0019570 secs] [Times: user=0.01 sys=0.00, real=0.00 secs] 
1694.907: [GC (Allocation Failure) [PSYoungGen: 111133K->400K(109056K)] 466399K->356698K(619520K), 0.0019522 secs] [Times: user=0.01 sys=0.00, real=0.00 secs] 
1695.390: [GC (Allocation Failure) [PSYoungGen: 108944K->352K(108032K)] 465242K->356650K(618496K), 0.0021997 secs] [Times: user=0.01 sys=0.00, real=0.00 secs] 
1695.837: [GC (Allocation Failure) [PSYoungGen: 107872K->352K(107008K)] 464170K->356650K(617472K), 0.0019523 secs] [Times: user=0.01 sys=0.00, real=0.00 secs] 
1696.072: [GC (Allocation Failure) [PSYoungGen: 106848K->1501K(108032K)] 463146K->357807K(618496K), 0.0016779 secs] [Times: user=0.01 sys=0.00, real=0.00 secs] 
1696.257: [GC (Allocation Failure) [PSYoungGen: 106973K->1469K(105984K)] 463279K->357775K(616448K), 0.0017316 secs] [Times: user=0.01 sys=0.00, real=0.00 secs] 
1697.082: [GC (Allocation Failure) [PSYoungGen: 105917K->1440K(104960K)] 462223K->357754K(615424K), 0.0023085 secs] [Times: user=0.01 sys=0.00, real=0.00 secs] 
1697.788: [GC (Allocation Failure) [PSYoungGen: 104864K->1424K(103936K)] 461178K->357746K(614400K), 0.0020472 secs] [Times: user=0.01 sys=0.00, real=0.00 secs] 
1698.330: [GC (Allocation Failure) [PSYoungGen: 103824K->1408K(102912K)] 460146K->357738K(613376K), 0.0036685 secs] [Times: user=0.01 sys=0.00, real=0.00 secs] 
1698.747: [GC (Allocation Failure) [PSYoungGen: 102784K->1501K(101888K)] 459114K->357831K(612352K), 0.0017480 secs] [Times: user=0.01 sys=0.00, real=0.00 secs] 
1698.923: [GC (Allocation Failure) [PSYoungGen: 101853K->1533K(100864K)] 458183K->357863K(611328K), 0.0015958 secs] [Times: user=0.00 sys=0.00, real=0.00 secs] 
1699.400: [GC (Allocation Failure) [PSYoungGen: 100861K->1440K(99840K)] 457191K->357786K(610304K), 0.0021212 secs] [Times: user=0.01 sys=0.00, real=0.00 secs] 
1700.035: [GC (Allocation Failure) [PSYoungGen: 99744K->1376K(98816K)] 456090K->357722K(609280K), 0.0022213 secs] [Times: user=0.01 sys=0.00, real=0.01 secs] 
1700.509: [GC (Allocation Failure) [PSYoungGen: 98656K->1408K(97792K)] 455002K->357754K(608256K), 0.0029459 secs] [Times: user=0.01 sys=0.00, real=0.00 secs] 
1701.175: [GC (Allocation Failure) [PSYoungGen: 97664K->1389K(96768K)] 454010K->357735K(607232K), 0.0022587 secs] [Times: user=0.01 sys=0.00, real=0.01 secs] 
1701.363: [GC (Allocation Failure) [PSYoungGen: 96621K->1533K(95744K)] 452967K->357879K(606208K), 0.0015623 secs] [Times: user=0.00 sys=0.00, real=0.00 secs] 
1701.527: [GC (Allocation Failure) [PSYoungGen: 95741K->1421K(94720K)] 452087K->357775K(605184K), 0.0017825 secs] [Times: user=0.00 sys=0.00, real=0.00 secs] 
1702.701: [GC (Allocation Failure) [PSYoungGen: 94605K->1488K(93696K)] 450959K->357842K(604160K), 0.0047123 secs] [Times: user=0.02 sys=0.00, real=0.01 secs] 
1704.133: [GC (Allocation Failure) [PSYoungGen: 93648K->1376K(92672K)] 450002K->357730K(603136K), 0.0049062 secs] [Times: user=0.02 sys=0.00, real=0.01 secs] 
1704.960: [GC (Allocation Failure) [PSYoungGen: 92512K->1408K(91648K)] 448866K->357762K(602112K), 0.0025571 secs] [Times: user=0.01 sys=0.00, real=0.00 secs] 
1705.498: [GC (Allocation Failure) [PSYoungGen: 91520K->1485K(90624K)] 447874K->357839K(601088K), 0.0020217 secs] [Times: user=0.01 sys=0.00, real=0.00 secs] 
1705.661: [GC (Allocation Failure) [PSYoungGen: 90573K->1437K(89600K)] 446927K->357791K(600064K), 0.0015914 secs] [Times: user=0.00 sys=0.00, real=0.00 secs] 
1705.815: [GC (Allocation Failure) [PSYoungGen: 89501K->1504K(88576K)] 445855K->357858K(599040K), 0.0018573 secs] [Times: user=0.01 sys=0.00, real=0.01 secs] 
1706.624: [GC (Allocation Failure) [PSYoungGen: 88544K->1392K(88064K)] 444898K->357746K(598528K), 0.0019821 secs] [Times: user=0.01 sys=0.00, real=0.01 secs] 
1707.898: [GC (Allocation Failure) [PSYoungGen: 87920K->1312K(87552K)] 444274K->357666K(598016K), 0.0044394 secs] [Times: user=0.02 sys=0.00, real=0.00 secs] 
1709.063: [GC (Allocation Failure) [PSYoungGen: 87328K->1376K(87040K)] 443682K->357730K(597504K), 0.0045935 secs] [Times: user=0.02 sys=0.00, real=0.01 secs] 
1709.956: [GC (Allocation Failure) [PSYoungGen: 86880K->1501K(86528K)] 443234K->357855K(596992K), 0.0026417 secs] [Times: user=0.01 sys=0.00, real=0.01 secs] 
1710.151: [GC (Allocation Failure) [PSYoungGen: 86493K->1501K(86016K)] 442847K->357855K(596480K), 0.0017072 secs] [Times: user=0.00 sys=0.00, real=0.00 secs] 
1710.302: [GC (Allocation Failure) [PSYoungGen: 85981K->1517K(85504K)] 442335K->357871K(595968K), 0.0016579 secs] [Times: user=0.00 sys=0.00, real=0.00 secs] 
1710.527: [GC (Allocation Failure) [PSYoungGen: 85485K->1408K(84992K)] 441839K->357762K(595456K), 0.0018077 secs] [Times: user=0.01 sys=0.00, real=0.00 secs] 
1711.165: [GC (Allocation Failure) [PSYoungGen: 84864K->1376K(84480K)] 441218K->357730K(594944K), 0.0019786 secs] [Times: user=0.01 sys=0.00, real=0.01 secs] 
1712.035: [GC (Allocation Failure) [PSYoungGen: 84320K->1408K(83968K)] 440674K->357770K(594432K), 0.0040581 secs] [Times: user=0.01 sys=0.00, real=0.01 secs] 
1712.911: [GC (Allocation Failure) [PSYoungGen: 83840K->1408K(83456K)] 440202K->357770K(593920K), 0.0035781 secs] [Times: user=0.01 sys=0.00, real=0.00 secs] 
1713.201: [GC (Allocation Failure) [PSYoungGen: 83328K->1501K(82944K)] 439690K->357863K(593408K), 0.0016348 secs] [Times: user=0.00 sys=0.00, real=0.00 secs] 
1713.345: [GC (Allocation Failure) [PSYoungGen: 82909K->1520K(82432K)] 439271K->357882K(592896K), 0.0016622 secs] [Times: user=0.01 sys=0.00, real=0.01 secs] 
1713.487: [GC (Allocation Failure) [PSYoungGen: 82416K->1504K(81920K)] 438778K->357866K(592384K), 0.0016979 secs] [Times: user=0.01 sys=0.00, real=0.00 secs] 
1714.151: [GC (Allocation Failure) [PSYoungGen: 81888K->1456K(81408K)] 438250K->357818K(591872K), 0.0025279 secs] [Times: user=0.01 sys=0.00, real=0.00 secs] 
1714.867: [GC (Allocation Failure) [PSYoungGen: 81328K->1376K(80896K)] 437690K->357738K(591360K), 0.0026393 secs] [Times: user=0.01 sys=0.00, real=0.00 secs] 
1715.520: [GC (Allocation Failure) [PSYoungGen: 80736K->1376K(80384K)] 437098K->357738K(590848K), 0.0023434 secs] [Times: user=0.01 sys=0.00, real=0.00 secs] 
1716.081: [GC (Allocation Failure) [PSYoungGen: 80224K->1437K(79872K)] 436586K->357799K(590336K), 0.0020905 secs] [Times: user=0.01 sys=0.00, real=0.00 secs] 
1716.245: [GC (Allocation Failure) [PSYoungGen: 79773K->1485K(79360K)] 436135K->357847K(589824K), 0.0017051 secs] [Times: user=0.01 sys=0.00, real=0.01 secs] 
1716.381: [GC (Allocation Failure) [PSYoungGen: 79309K->1501K(78848K)] 435671K->357863K(589312K), 0.0016824 secs] [Times: user=0.00 sys=0.00, real=0.00 secs] 
1716.518: [GC (Allocation Failure) [PSYoungGen: 78813K->1501K(78336K)] 435175K->357863K(588800K), 0.0016623 secs] [Times: user=0.01 sys=0.00, real=0.00 secs] 
1717.067: [GC (Allocation Failure) [PSYoungGen: 78301K->1424K(77824K)] 434663K->357786K(588288K), 0.0019848 secs] [Times: user=0.01 sys=0.00, real=0.00 secs] 
1717.671: [GC (Allocation Failure) [PSYoungGen: 77712K->1376K(77312K)] 434074K->357738K(587776K), 0.0033052 secs] [Times: user=0.01 sys=0.00, real=0.00 secs] 
1718.297: [GC (Allocation Failure) [PSYoungGen: 77152K->1376K(76800K)] 433514K->357738K(587264K), 0.0025460 secs] [Times: user=0.01 sys=0.00, real=0.00 secs] 
1718.910: [GC (Allocation Failure) [PSYoungGen: 76640K->1469K(76288K)] 433002K->357855K(586752K), 0.0022489 secs] [Times: user=0.01 sys=0.00, real=0.00 secs] 
1719.128: [GC (Allocation Failure) [PSYoungGen: 76221K->1437K(75776K)] 432607K->357823K(586240K), 0.0021794 secs] [Times: user=0.01 sys=0.00, real=0.00 secs] 
1719.283: [GC (Allocation Failure) [PSYoungGen: 75677K->1421K(75264K)] 432063K->357807K(585728K), 0.0016794 secs] [Times: user=0.01 sys=0.00, real=0.00 secs] 
1719.412: [GC (Allocation Failure) [PSYoungGen: 75149K->1533K(74752K)] 431535K->357919K(585216K), 0.0018124 secs] [Times: user=0.00 sys=0.00, real=0.00 secs] 
1719.700: [GC (Allocation Failure) [PSYoungGen: 74749K->1440K(74240K)] 431135K->357826K(584704K), 0.0026065 secs] [Times: user=0.01 sys=0.00, real=0.00 secs] 
1720.000: [GC (Allocation Failure) [PSYoungGen: 74144K->1408K(73728K)] 430530K->357794K(584192K), 0.0019810 secs] [Times: user=0.01 sys=0.00, real=0.00 secs] 
1720.388: [GC (Allocation Failure) [PSYoungGen: 73600K->1360K(73216K)] 429986K->357746K(583680K), 0.0025055 secs] [Times: user=0.01 sys=0.00, real=0.00 secs] 
1720.902: [GC (Allocation Failure) [PSYoungGen: 73040K->1344K(72704K)] 429426K->357730K(583168K), 0.0027793 secs] [Times: user=0.01 sys=0.00, real=0.00 secs] 
1721.210: [GC (Allocation Failure) [PSYoungGen: 72512K->1437K(72192K)] 428898K->357823K(582656K), 0.0019885 secs] [Times: user=0.01 sys=0.00, real=0.00 secs] 
1721.339: [GC (Allocation Failure) [PSYoungGen: 72093K->1501K(71680K)] 428479K->357887K(582144K), 0.0016051 secs] [Times: user=0.00 sys=0.00, real=0.00 secs] 
1721.463: [GC (Allocation Failure) [PSYoungGen: 71623K->1485K(71168K)] 428009K->357871K(581632K), 0.0017123 secs] [Times: user=0.01 sys=0.00, real=0.00 secs] 
1721.722: [GC (Allocation Failure) [PSYoungGen: 71117K->1408K(70656K)] 427503K->357794K(581120K), 0.0021403 secs] [Times: user=0.00 sys=0.00, real=0.00 secs] 
1722.085: [GC (Allocation Failure) [PSYoungGen: 70528K->1376K(70144K)] 426914K->357762K(580608K), 0.0022764 secs] [Times: user=0.01 sys=0.00, real=0.01 secs] 
1722.490: [GC (Allocation Failure) [PSYoungGen: 69984K->1344K(69632K)] 426370K->357730K(580096K), 0.0023392 secs] [Times: user=0.01 sys=0.00, real=0.00 secs] 
1723.154: [GC (Allocation Failure) [PSYoungGen: 69440K->1408K(69120K)] 425826K->357794K(579584K), 0.0025371 secs] [Times: user=0.00 sys=0.00, real=0.01 secs] 
1723.990: [GC (Allocation Failure) [PSYoungGen: 68992K->1424K(68608K)] 425378K->357818K(579072K), 0.0038075 secs] [Times: user=0.02 sys=0.00, real=0.00 secs] 
1724.209: [GC (Allocation Failure) [PSYoungGen: 68496K->1501K(68096K)] 424890K->357895K(578560K), 0.0020327 secs] [Times: user=0.01 sys=0.00, real=0.00 secs] 
1724.333: [GC (Allocation Failure) [PSYoungGen: 68061K->1469K(67584K)] 424455K->357863K(578048K), 0.0016582 secs] [Times: user=0.01 sys=0.00, real=0.00 secs] 
1724.466: [GC (Allocation Failure) [PSYoungGen: 67517K->1533K(67072K)] 423911K->357927K(577536K), 0.0019324 secs] [Times: user=0.01 sys=0.00, real=0.00 secs] 
1724.923: [GC (Allocation Failure) [PSYoungGen: 67069K->1440K(66560K)] 423463K->357842K(577024K), 0.0027374 secs] [Times: user=0.01 sys=0.01, real=0.00 secs] 
1726.224: [GC (Allocation Failure) [PSYoungGen: 66464K->1408K(66048K)] 422866K->357810K(576512K), 0.0035720 secs] [Times: user=0.01 sys=0.00, real=0.01 secs] 
1726.847: [GC (Allocation Failure) [PSYoungGen: 65920K->1408K(65536K)] 422322K->357810K(576000K), 0.0027881 secs] [Times: user=0.01 sys=0.00, real=0.00 secs] 
1727.391: [GC (Allocation Failure) [PSYoungGen: 65408K->1408K(65024K)] 421810K->357810K(575488K), 0.0027545 secs] [Times: user=0.01 sys=0.00, real=0.00 secs] 
1727.678: [GC (Allocation Failure) [PSYoungGen: 64896K->1440K(64512K)] 421298K->357842K(574976K), 0.0019356 secs] [Times: user=0.01 sys=0.00, real=0.00 secs] 
1727.856: [GC (Allocation Failure) [PSYoungGen: 64416K->1424K(64000K)] 420818K->357826K(574464K), 0.0016808 secs] [Times: user=0.00 sys=0.00, real=0.00 secs] 
1727.966: [GC (Allocation Failure) [PSYoungGen: 63888K->1501K(63488K)] 420290K->357927K(573952K), 0.0016364 secs] [Times: user=0.01 sys=0.00, real=0.00 secs] 
1728.075: [GC (Allocation Failure) [PSYoungGen: 63453K->1421K(70144K)] 419879K->357863K(580608K), 0.0016676 secs] [Times: user=0.01 sys=0.00, real=0.01 secs] 
1728.195: [GC (Allocation Failure) [PSYoungGen: 70029K->1485K(77312K)] 426471K->357927K(587776K), 0.0015641 secs] [Times: user=0.00 sys=0.00, real=0.01 secs] 
1728.540: [GC (Allocation Failure) [PSYoungGen: 77261K->1408K(76800K)] 433703K->357850K(587264K), 0.0020403 secs] [Times: user=0.01 sys=0.00, real=0.00 secs] 
1728.853: [GC (Allocation Failure) [PSYoungGen: 76672K->1376K(76288K)] 433114K->357818K(586752K), 0.0018138 secs] [Times: user=0.01 sys=0.00, real=0.00 secs] 
1729.211: [GC (Allocation Failure) [PSYoungGen: 76128K->1408K(75776K)] 432570K->357858K(586240K), 0.0020977 secs] [Times: user=0.01 sys=0.00, real=0.00 secs] 
1729.557: [GC (Allocation Failure) [PSYoungGen: 75648K->1469K(75264K)] 432098K->357919K(585728K), 0.0031786 secs] [Times: user=0.01 sys=0.00, real=0.00 secs] 
1729.785: [GC (Allocation Failure) [PSYoungGen: 75197K->1469K(74752K)] 431647K->357919K(585216K), 0.0028916 secs] [Times: user=0.01 sys=0.00, real=0.01 secs] 
1729.916: [GC (Allocation Failure) [PSYoungGen: 74685K->1421K(82432K)] 431135K->357871K(592896K), 0.0016653 secs] [Times: user=0.01 sys=0.00, real=0.00 secs] 
1730.083: [GC (Allocation Failure) [PSYoungGen: 82317K->1469K(90624K)] 438767K->357935K(601088K), 0.0018595 secs] [Times: user=0.00 sys=0.00, real=0.00 secs] 
1732.047: [GC (Allocation Failure) [PSYoungGen: 90557K->1392K(89600K)] 447023K->357858K(600064K), 0.0032326 secs] [Times: user=0.01 sys=0.00, real=0.00 secs] 
1733.006: [GC (Allocation Failure) [PSYoungGen: 89456K->1408K(88576K)] 445922K->357874K(599040K), 0.0035901 secs] [Times: user=0.01 sys=0.00, real=0.00 secs] 
1733.849: [GC (Allocation Failure) [PSYoungGen: 88448K->352K(87040K)] 444914K->357842K(597504K), 0.0026662 secs] [Times: user=0.01 sys=0.00, real=0.00 secs] 
1734.439: [GC (Allocation Failure) [PSYoungGen: 86880K->1469K(88064K)] 444370K->358959K(598528K), 0.0020725 secs] [Times: user=0.00 sys=0.00, real=0.00 secs] 
1734.595: [GC (Allocation Failure) [PSYoungGen: 87485K->1501K(87040K)] 444975K->358991K(597504K), 0.0017789 secs] [Times: user=0.01 sys=0.00, real=0.01 secs] 
1734.744: [GC (Allocation Failure) [PSYoungGen: 87005K->1536K(87040K)] 444495K->359026K(597504K), 0.0017925 secs] [Times: user=0.00 sys=0.00, real=0.01 secs] 
1735.387: [GC (Allocation Failure) [PSYoungGen: 86528K->416K(84992K)] 444018K->358930K(595456K), 0.0024166 secs] [Times: user=0.01 sys=0.00, real=0.00 secs] 
1736.392: [GC (Allocation Failure) [PSYoungGen: 84896K->352K(86016K)] 443410K->358866K(596480K), 0.0032602 secs] [Times: user=0.02 sys=0.01, real=0.00 secs] 
1737.249: [GC (Allocation Failure) [PSYoungGen: 84320K->336K(83968K)] 442834K->358850K(594432K), 0.0043595 secs] [Times: user=0.02 sys=0.00, real=0.00 secs] 
1738.009: [GC (Allocation Failure) [PSYoungGen: 83792K->1469K(85504K)] 442306K->359983K(595968K), 0.0024833 secs] [Times: user=0.01 sys=0.00, real=0.00 secs] 
1738.213: [GC (Allocation Failure) [PSYoungGen: 84413K->1488K(83968K)] 442927K->360002K(594432K), 0.0016516 secs] [Times: user=0.01 sys=0.00, real=0.00 secs] 
1738.357: [GC (Allocation Failure) [PSYoungGen: 83920K->1485K(83456K)] 442434K->359999K(593920K), 0.0016279 secs] [Times: user=0.01 sys=0.00, real=0.00 secs] 
1738.500: [GC (Allocation Failure) [PSYoungGen: 83405K->128K(83456K)] 441919K->358642K(593920K), 0.0016386 secs] [Times: user=0.00 sys=0.00, real=0.00 secs] 
1739.011: [GC (Allocation Failure) [PSYoungGen: 81536K->1360K(82432K)] 440050K->359874K(592896K), 0.0021093 secs] [Times: user=0.01 sys=0.00, real=0.00 secs] 
1739.604: [GC (Allocation Failure) [PSYoungGen: 82256K->1408K(82432K)] 440770K->359922K(592896K), 0.0019918 secs] [Times: user=0.01 sys=0.00, real=0.01 secs] 
1740.638: [GC (Allocation Failure) [PSYoungGen: 81792K->1376K(81408K)] 440306K->359914K(591872K), 0.0040222 secs] [Times: user=0.02 sys=0.00, real=0.00 secs] 
1741.385: [GC (Allocation Failure) [PSYoungGen: 81226K->1437K(81408K)] 439764K->359975K(591872K), 0.0023791 secs] [Times: user=0.01 sys=0.00, real=0.01 secs] 
1741.559: [GC (Allocation Failure) [PSYoungGen: 80797K->1501K(80384K)] 439335K->360039K(590848K), 0.0017325 secs] [Times: user=0.01 sys=0.00, real=0.00 secs] 
1741.698: [GC (Allocation Failure) [PSYoungGen: 80349K->1453K(80384K)] 438887K->359991K(590848K), 0.0018070 secs] [Times: user=0.00 sys=0.00, real=0.00 secs] 
1742.145: [GC (Allocation Failure) [PSYoungGen: 79789K->1440K(79360K)] 438327K->359978K(589824K), 0.0024120 secs] [Times: user=0.01 sys=0.00, real=0.01 secs] 
1742.487: [GC (Allocation Failure) [PSYoungGen: 79264K->1408K(79360K)] 437802K->359946K(589824K), 0.0022221 secs] [Times: user=0.01 sys=0.00, real=0.00 secs] 
1742.808: [GC (Allocation Failure) [PSYoungGen: 78720K->1376K(78336K)] 437258K->359914K(588800K), 0.0021047 secs] [Times: user=0.01 sys=0.00, real=0.00 secs] 
1743.127: [GC (Allocation Failure) [PSYoungGen: 78176K->1376K(77824K)] 436714K->359914K(588288K), 0.0021817 secs] [Times: user=0.01 sys=0.00, real=0.00 secs] 
1743.362: [GC (Allocation Failure) [PSYoungGen: 77664K->1437K(77312K)] 436202K->359975K(587776K), 0.0017011 secs] [Times: user=0.00 sys=0.00, real=0.00 secs] 
1743.497: [GC (Allocation Failure) [PSYoungGen: 77213K->1533K(76800K)] 435751K->360071K(587264K), 0.0017355 secs] [Times: user=0.00 sys=0.00, real=0.00 secs] 
1743.629: [GC (Allocation Failure) [PSYoungGen: 76797K->1472K(76288K)] 435335K->360010K(586752K), 0.0016087 secs] [Times: user=0.01 sys=0.00, real=0.00 secs] 
1743.882: [GC (Allocation Failure) [PSYoungGen: 76224K->1440K(75776K)] 434762K->359978K(586240K), 0.0018315 secs] [Times: user=0.00 sys=0.00, real=0.00 secs] 
1744.492: [GC (Allocation Failure) [PSYoungGen: 75680K->1408K(75264K)] 434218K->359946K(585728K), 0.0020233 secs] [Times: user=0.00 sys=0.00, real=0.00 secs] 
1745.103: [GC (Allocation Failure) [PSYoungGen: 75136K->1376K(74752K)] 433674K->359914K(585216K), 0.0025489 secs] [Times: user=0.01 sys=0.00, real=0.00 secs] 
1745.710: [GC (Allocation Failure) [PSYoungGen: 74592K->1376K(74240K)] 433130K->359914K(584704K), 0.0026734 secs] [Times: user=0.01 sys=0.00, real=0.00 secs] 
1746.100: [GC (Allocation Failure) [PSYoungGen: 74067K->1501K(73728K)] 432605K->360039K(584192K), 0.0018876 secs] [Times: user=0.01 sys=0.00, real=0.00 secs] 
1746.230: [GC (Allocation Failure) [PSYoungGen: 73693K->1533K(73216K)] 432231K->360071K(583680K), 0.0016576 secs] [Times: user=0.01 sys=0.00, real=0.00 secs] 
1746.356: [GC (Allocation Failure) [PSYoungGen: 73213K->1501K(72704K)] 431751K->360063K(583168K), 0.0017416 secs] [Times: user=0.00 sys=0.00, real=0.00 secs] 
1746.481: [GC (Allocation Failure) [PSYoungGen: 72669K->1501K(73728K)] 431231K->360063K(584192K), 0.0017261 secs] [Times: user=0.01 sys=0.00, real=0.00 secs] 
1746.798: [GC (Allocation Failure) [PSYoungGen: 73181K->1424K(72704K)] 431743K->359986K(583168K), 0.0018380 secs] [Times: user=0.01 sys=0.00, real=0.00 secs] 
1747.337: [GC (Allocation Failure) [PSYoungGen: 72592K->1376K(72192K)] 431154K->359938K(582656K), 0.0018393 secs] [Times: user=0.01 sys=0.00, real=0.00 secs] 
1747.990: [GC (Allocation Failure) [PSYoungGen: 72032K->1376K(71680K)] 430594K->359938K(582144K), 0.0028520 secs] [Times: user=0.02 sys=0.00, real=0.00 secs] 
1748.613: [GC (Allocation Failure) [PSYoungGen: 71520K->1376K(71168K)] 430082K->359938K(581632K), 0.0022855 secs] [Times: user=0.00 sys=0.00, real=0.00 secs] 
1748.888: [GC (Allocation Failure) [PSYoungGen: 71008K->1408K(70656K)] 429570K->359970K(581120K), 0.0017278 secs] [Times: user=0.01 sys=0.00, real=0.00 secs] 
1749.011: [GC (Allocation Failure) [PSYoungGen: 70528K->1501K(70144K)] 429090K->360063K(580608K), 0.0017395 secs] [Times: user=0.01 sys=0.00, real=0.00 secs] 
1749.132: [GC (Allocation Failure) [PSYoungGen: 70092K->1504K(69632K)] 428655K->360066K(580096K), 0.0016641 secs] [Times: user=0.01 sys=0.00, real=0.00 secs] 
1749.290: [GC (Allocation Failure) [PSYoungGen: 69600K->1696K(69632K)] 428162K->360258K(580096K), 0.0019201 secs] [Times: user=0.01 sys=0.00, real=0.00 secs] 
1749.570: [GC (Allocation Failure) [PSYoungGen: 69280K->304K(67584K)] 427842K->359890K(578048K), 0.0019225 secs] [Times: user=0.00 sys=0.00, real=0.00 secs] 
1749.848: [GC (Allocation Failure) [PSYoungGen: 67376K->352K(68608K)] 426962K->359938K(579072K), 0.0016508 secs] [Times: user=0.00 sys=0.00, real=0.00 secs] 
1750.124: [GC (Allocation Failure) [PSYoungGen: 66912K->352K(66560K)] 426498K->359938K(577024K), 0.0018453 secs] [Times: user=0.01 sys=0.00, real=0.00 secs] 
1750.398: [GC (Allocation Failure) [PSYoungGen: 66400K->352K(68096K)] 425986K->359938K(578560K), 0.0017451 secs] [Times: user=0.00 sys=0.00, real=0.00 secs] 
1750.573: [GC (Allocation Failure) [PSYoungGen: 65888K->1421K(66560K)] 425474K->361007K(577024K), 0.0016945 secs] [Times: user=0.01 sys=0.00, real=0.00 secs] 
1750.703: [GC (Allocation Failure) [PSYoungGen: 66445K->1501K(66048K)] 426031K->361087K(576512K), 0.0020966 secs] [Times: user=0.01 sys=0.00, real=0.00 secs] 
1750.856: [GC (Allocation Failure) [PSYoungGen: 66013K->1469K(71168K)] 425599K->361055K(581632K), 0.0021645 secs] [Times: user=0.01 sys=0.00, real=0.00 secs] 
1751.015: [GC (Allocation Failure) [PSYoungGen: 70077K->1485K(71168K)] 429663K->361087K(581632K), 0.0017011 secs] [Times: user=0.01 sys=0.00, real=0.01 secs] 
1751.331: [GC (Allocation Failure) [PSYoungGen: 70093K->1440K(69632K)] 429695K->361042K(580096K), 0.0022107 secs] [Times: user=0.00 sys=0.00, real=0.00 secs] 
1751.622: [GC (Allocation Failure) [PSYoungGen: 69536K->1360K(69120K)] 429138K->360962K(579584K), 0.0021263 secs] [Times: user=0.01 sys=0.00, real=0.00 secs] 
1751.903: [GC (Allocation Failure) [PSYoungGen: 68944K->1376K(68608K)] 428546K->360978K(579072K), 0.0020510 secs] [Times: user=0.01 sys=0.00, real=0.00 secs] 
1752.182: [GC (Allocation Failure) [PSYoungGen: 68448K->1376K(68096K)] 428050K->360978K(578560K), 0.0020695 secs] [Times: user=0.00 sys=0.00, real=0.00 secs] 
1752.365: [GC (Allocation Failure) [PSYoungGen: 67936K->1485K(67584K)] 427538K->361087K(578048K), 0.0016578 secs] [Times: user=0.01 sys=0.00, real=0.01 secs] 
1752.482: [GC (Allocation Failure) [PSYoungGen: 67533K->1469K(73216K)] 427135K->361071K(583680K), 0.0025894 secs] [Times: user=0.02 sys=0.00, real=0.00 secs] 
1752.627: [GC (Allocation Failure) [PSYoungGen: 72125K->1501K(75776K)] 431727K->361111K(586240K), 0.0018920 secs] [Times: user=0.01 sys=0.00, real=0.00 secs] 
1752.837: [GC (Allocation Failure) [PSYoungGen: 74717K->1696K(75776K)] 434327K->361306K(586240K), 0.0021565 secs] [Times: user=0.01 sys=0.00, real=0.00 secs] 
1753.553: [GC (Allocation Failure) [PSYoungGen: 74912K->1360K(74240K)] 434522K->360970K(584704K), 0.0024760 secs] [Times: user=0.01 sys=0.00, real=0.00 secs] 
1754.567: [GC (Allocation Failure) [PSYoungGen: 74064K->1344K(73728K)] 433674K->360954K(584192K), 0.0037535 secs] [Times: user=0.01 sys=0.00, real=0.00 secs] 
1755.684: [GC (Allocation Failure) [PSYoungGen: 73536K->1376K(73216K)] 433146K->360986K(583680K), 0.0038722 secs] [Times: user=0.01 sys=0.00, real=0.01 secs] 
1756.459: [GC (Allocation Failure) [PSYoungGen: 73056K->1501K(72704K)] 432666K->361111K(583168K), 0.0028091 secs] [Times: user=0.01 sys=0.00, real=0.00 secs] 
1756.648: [GC (Allocation Failure) [PSYoungGen: 72669K->1485K(72192K)] 432279K->361095K(582656K), 0.0015536 secs] [Times: user=0.01 sys=0.00, real=0.00 secs] 
1756.773: [GC (Allocation Failure) [PSYoungGen: 72141K->1485K(71680K)] 431751K->361095K(582144K), 0.0018790 secs] [Times: user=0.00 sys=0.00, real=0.00 secs] 
1756.896: [GC (Allocation Failure) [PSYoungGen: 71602K->1485K(71168K)] 431212K->361095K(581632K), 0.0015739 secs] [Times: user=0.01 sys=0.00, real=0.00 secs] 
1757.360: [GC (Allocation Failure) [PSYoungGen: 71117K->1424K(70656K)] 430727K->361042K(581120K), 0.0022533 secs] [Times: user=0.01 sys=0.00, real=0.00 secs] 
1758.143: [GC (Allocation Failure) [PSYoungGen: 70544K->1424K(70144K)] 430162K->361066K(580608K), 0.0042070 secs] [Times: user=0.01 sys=0.00, real=0.01 secs] 
1759.172: [GC (Allocation Failure) [PSYoungGen: 70032K->1376K(69632K)] 429674K->361018K(580096K), 0.0039368 secs] [Times: user=0.01 sys=0.00, real=0.00 secs] 
1759.882: [GC (Allocation Failure) [PSYoungGen: 69472K->1376K(69120K)] 429114K->361018K(579584K), 0.0031128 secs] [Times: user=0.01 sys=0.00, real=0.00 secs] 
1760.473: [GC (Allocation Failure) [PSYoungGen: 68960K->1469K(68608K)] 428602K->361111K(579072K), 0.0023863 secs] [Times: user=0.01 sys=0.00, real=0.00 secs] 
1760.621: [GC (Allocation Failure) [PSYoungGen: 68541K->1453K(68096K)] 428183K->361095K(578560K), 0.0015816 secs] [Times: user=0.01 sys=0.00, real=0.00 secs] 
1760.737: [GC (Allocation Failure) [PSYoungGen: 67992K->1453K(67584K)] 427635K->361095K(578048K), 0.0016434 secs] [Times: user=0.01 sys=0.00, real=0.00 secs] 
1760.853: [GC (Allocation Failure) [PSYoungGen: 67501K->1456K(67072K)] 427143K->361106K(577536K), 0.0015546 secs] [Times: user=0.01 sys=0.00, real=0.00 secs] 
1761.093: [GC (Allocation Failure) [PSYoungGen: 66992K->1424K(66560K)] 426642K->361074K(577024K), 0.0018718 secs] [Times: user=0.01 sys=0.00, real=0.00 secs] 
1761.362: [GC (Allocation Failure) [PSYoungGen: 66448K->1376K(66048K)] 426098K->361026K(576512K), 0.0017545 secs] [Times: user=0.01 sys=0.00, real=0.00 secs] 
1761.630: [GC (Allocation Failure) [PSYoungGen: 65888K->1376K(65536K)] 425538K->361026K(576000K), 0.0019249 secs] [Times: user=0.00 sys=0.01, real=0.00 secs] 
1761.925: [GC (Allocation Failure) [PSYoungGen: 65376K->1376K(65024K)] 425026K->361026K(575488K), 0.0018854 secs] [Times: user=0.01 sys=0.00, real=0.01 secs] 
1762.205: [GC (Allocation Failure) [PSYoungGen: 64864K->1469K(64512K)] 424514K->361119K(574976K), 0.0019696 secs] [Times: user=0.01 sys=0.00, real=0.01 secs] 
1762.322: [GC (Allocation Failure) [PSYoungGen: 64445K->1485K(64000K)] 424095K->361135K(574464K), 0.0015392 secs] [Times: user=0.01 sys=0.00, real=0.00 secs] 
1762.432: [GC (Allocation Failure) [PSYoungGen: 63949K->1501K(70656K)] 423599K->361151K(581120K), 0.0016309 secs] [Times: user=0.00 sys=0.00, real=0.00 secs] 
1762.574: [GC (Allocation Failure) [PSYoungGen: 70621K->1501K(71680K)] 430271K->361159K(582144K), 0.0020036 secs] [Times: user=0.00 sys=0.00, real=0.00 secs] 
1762.891: [GC (Allocation Failure) [PSYoungGen: 71645K->1376K(72192K)] 431303K->361034K(582656K), 0.0023992 secs] [Times: user=0.01 sys=0.00, real=0.00 secs] 
1763.190: [GC (Allocation Failure) [PSYoungGen: 71520K->1376K(71168K)] 431178K->361034K(581632K), 0.0022466 secs] [Times: user=0.00 sys=0.00, real=0.00 secs] 
1763.510: [GC (Allocation Failure) [PSYoungGen: 71008K->1376K(70656K)] 430666K->361034K(581120K), 0.0021891 secs] [Times: user=0.01 sys=0.00, real=0.00 secs] 
1763.820: [GC (Allocation Failure) [PSYoungGen: 70496K->1376K(70144K)] 430154K->361034K(580608K), 0.0018672 secs] [Times: user=0.01 sys=0.00, real=0.00 secs] 
1764.131: [GC (Allocation Failure) [PSYoungGen: 69984K->1501K(69632K)] 429642K->361159K(580096K), 0.0020306 secs] [Times: user=0.01 sys=0.00, real=0.00 secs] 
1764.260: [GC (Allocation Failure) [PSYoungGen: 69597K->1469K(69120K)] 429255K->361127K(579584K), 0.0016031 secs] [Times: user=0.00 sys=0.00, real=0.00 secs] 
1764.379: [GC (Allocation Failure) [PSYoungGen: 69053K->1501K(76800K)] 428711K->361159K(587264K), 0.0016149 secs] [Times: user=0.00 sys=0.00, real=0.00 secs] 
1764.513: [GC (Allocation Failure) [PSYoungGen: 76253K->1488K(76800K)] 435911K->361154K(587264K), 0.0016329 secs] [Times: user=0.01 sys=0.00, real=0.00 secs] 
1764.818: [GC (Allocation Failure) [PSYoungGen: 76240K->1456K(75776K)] 435906K->361122K(586240K), 0.0020428 secs] [Times: user=0.01 sys=0.00, real=0.00 secs] 
1765.134: [GC (Allocation Failure) [PSYoungGen: 75696K->1376K(75264K)] 435362K->361074K(585728K), 0.0018225 secs] [Times: user=0.00 sys=0.00, real=0.01 secs] 
1765.709: [GC (Allocation Failure) [PSYoungGen: 75104K->1376K(74752K)] 434802K->361074K(585216K), 0.0029171 secs] [Times: user=0.01 sys=0.00, real=0.00 secs] 
1766.333: [GC (Allocation Failure) [PSYoungGen: 74592K->1376K(74240K)] 434290K->361074K(584704K), 0.0032242 secs] [Times: user=0.01 sys=0.00, real=0.01 secs] 
1766.646: [GC (Allocation Failure) [PSYoungGen: 74080K->1501K(73728K)] 433778K->361199K(584192K), 0.0018812 secs] [Times: user=0.01 sys=0.00, real=0.00 secs] 
1766.773: [GC (Allocation Failure) [PSYoungGen: 73693K->1456K(73216K)] 433391K->361154K(583680K), 0.0015767 secs] [Times: user=0.01 sys=0.00, real=0.00 secs] 
1766.921: [GC (Allocation Failure) [PSYoungGen: 73136K->1437K(72704K)] 432834K->361135K(583168K), 0.0019728 secs] [Times: user=0.00 sys=0.00, real=0.00 secs] 
1767.717: [GC (Allocation Failure) [PSYoungGen: 72605K->1472K(72192K)] 432303K->361170K(582656K), 0.0044473 secs] [Times: user=0.02 sys=0.01, real=0.00 secs] 
1768.788: [GC (Allocation Failure) [PSYoungGen: 72128K->1344K(71680K)] 431826K->361042K(582144K), 0.0035119 secs] [Times: user=0.01 sys=0.00, real=0.00 secs] 
1769.738: [GC (Allocation Failure) [PSYoungGen: 71488K->1392K(71168K)] 431186K->361090K(581632K), 0.0044856 secs] [Times: user=0.02 sys=0.00, real=0.00 secs] 
1770.462: [GC (Allocation Failure) [PSYoungGen: 71024K->1344K(70656K)] 430722K->361042K(581120K), 0.0028420 secs] [Times: user=0.01 sys=0.00, real=0.00 secs] 
1771.008: [GC (Allocation Failure) [PSYoungGen: 70464K->1437K(70144K)] 430162K->361135K(580608K), 0.0024638 secs] [Times: user=0.01 sys=0.00, real=0.00 secs] 
1771.179: [GC (Allocation Failure) [PSYoungGen: 70045K->1501K(69632K)] 429743K->361199K(580096K), 0.0016632 secs] [Times: user=0.00 sys=0.00, real=0.00 secs] 
1771.298: [GC (Allocation Failure) [PSYoungGen: 69597K->1469K(69120K)] 429295K->361167K(579584K), 0.0017365 secs] [Times: user=0.01 sys=0.00, real=0.00 secs] 
1771.418: [GC (Allocation Failure) [PSYoungGen: 69053K->1485K(68608K)] 428751K->361183K(579072K), 0.0015963 secs] [Times: user=0.00 sys=0.00, real=0.00 secs] 
1771.736: [GC (Allocation Failure) [PSYoungGen: 68557K->1440K(68096K)] 428255K->361146K(578560K), 0.0020997 secs] [Times: user=0.01 sys=0.00, real=0.01 secs] 
1772.394: [GC (Allocation Failure) [PSYoungGen: 68000K->1408K(67584K)] 427706K->361114K(578048K), 0.0023935 secs] [Times: user=0.01 sys=0.00, real=0.01 secs] 
1773.115: [GC (Allocation Failure) [PSYoungGen: 67456K->1440K(67072K)] 427162K->361146K(577536K), 0.0041462 secs] [Times: user=0.01 sys=0.01, real=0.01 secs] 
1773.837: [GC (Allocation Failure) [PSYoungGen: 66976K->1408K(66560K)] 426682K->361114K(577024K), 0.0050706 secs] [Times: user=0.02 sys=0.00, real=0.00 secs] 
1774.582: [GC (Allocation Failure) [PSYoungGen: 66419K->1520K(66048K)] 426125K->361226K(576512K), 0.0026521 secs] [Times: user=0.01 sys=0.00, real=0.00 secs] 
1774.758: [GC (Allocation Failure) [PSYoungGen: 66032K->1565K(66048K)] 425738K->361271K(576512K), 0.0017489 secs] [Times: user=0.01 sys=0.00, real=0.00 secs] 
1774.871: [GC (Allocation Failure) [PSYoungGen: 65565K->1485K(65024K)] 425271K->361191K(575488K), 0.0015282 secs] [Times: user=0.00 sys=0.00, real=0.00 secs] 
1774.982: [GC (Allocation Failure) [PSYoungGen: 64973K->1517K(66048K)] 424679K->361239K(576512K), 0.0016361 secs] [Times: user=0.00 sys=0.00, real=0.00 secs] 
1775.145: [GC (Allocation Failure) [PSYoungGen: 65517K->1536K(72192K)] 425239K->361258K(582656K), 0.0038068 secs] [Times: user=0.00 sys=0.02, real=0.01 secs] 
1775.443: [GC (Allocation Failure) [PSYoungGen: 71680K->1376K(72192K)] 431402K->361098K(582656K), 0.0016339 secs] [Times: user=0.00 sys=0.00, real=0.00 secs] 
1775.810: [GC (Allocation Failure) [PSYoungGen: 71520K->1408K(71168K)] 431242K->361130K(581632K), 0.0018157 secs] [Times: user=0.01 sys=0.00, real=0.00 secs] 
1776.100: [GC (Allocation Failure) [PSYoungGen: 71040K->1424K(70656K)] 430762K->361146K(581120K), 0.0020590 secs] [Times: user=0.01 sys=0.00, real=0.00 secs] 
1776.402: [GC (Allocation Failure) [PSYoungGen: 70544K->1469K(70144K)] 430266K->361191K(580608K), 0.0017810 secs] [Times: user=0.01 sys=0.00, real=0.00 secs] 
1776.532: [GC (Allocation Failure) [PSYoungGen: 70077K->1565K(70144K)] 429799K->361287K(580608K), 0.0016425 secs] [Times: user=0.00 sys=0.00, real=0.00 secs] 
1776.651: [GC (Allocation Failure) [PSYoungGen: 69661K->509K(76288K)] 429383K->361255K(586752K), 0.0017193 secs] [Times: user=0.01 sys=0.00, real=0.00 secs] 
1776.783: [GC (Allocation Failure) [PSYoungGen: 75773K->493K(77312K)] 436519K->361271K(587776K), 0.0016781 secs] [Times: user=0.01 sys=0.00, real=0.00 secs] 
1778.213: [GC (Allocation Failure) [PSYoungGen: 75757K->1472K(76288K)] 436535K->362250K(586752K), 0.0037085 secs] [Times: user=0.02 sys=0.01, real=0.01 secs] 
1779.056: [GC (Allocation Failure) [PSYoungGen: 76224K->1376K(75776K)] 437002K->362154K(586240K), 0.0034189 secs] [Times: user=0.01 sys=0.00, real=0.00 secs] 
1780.020: [GC (Allocation Failure) [PSYoungGen: 75616K->1376K(75264K)] 436394K->362154K(585728K), 0.0043555 secs] [Times: user=0.02 sys=0.00, real=0.00 secs] 
1780.824: [GC (Allocation Failure) [PSYoungGen: 75104K->1392K(74752K)] 435882K->362170K(585216K), 0.0029812 secs] [Times: user=0.01 sys=0.00, real=0.01 secs] 
1781.277: [GC (Allocation Failure) [PSYoungGen: 74608K->1501K(74240K)] 435386K->362279K(584704K), 0.0020110 secs] [Times: user=0.01 sys=0.00, real=0.00 secs] 
1781.420: [GC (Allocation Failure) [PSYoungGen: 74205K->1533K(73728K)] 434983K->362311K(584192K), 0.0017716 secs] [Times: user=0.00 sys=0.01, real=0.00 secs] 
1781.547: [GC (Allocation Failure) [PSYoungGen: 73725K->1421K(73216K)] 434503K->362199K(583680K), 0.0016110 secs] [Times: user=0.00 sys=0.00, real=0.00 secs] 
1781.674: [GC (Allocation Failure) [PSYoungGen: 72651K->288K(71680K)] 433429K->361066K(582144K), 0.0016538 secs] [Times: user=0.00 sys=0.00, real=0.00 secs] 
1782.707: [GC (Allocation Failure) [PSYoungGen: 71456K->1408K(72192K)] 432234K->362186K(582656K), 0.0022526 secs] [Times: user=0.01 sys=0.00, real=0.00 secs] 
1783.781: [GC (Allocation Failure) [PSYoungGen: 72064K->1376K(71680K)] 432842K->362154K(582144K), 0.0028533 secs] [Times: user=0.01 sys=0.00, real=0.00 secs] 
1784.879: [GC (Allocation Failure) [PSYoungGen: 71520K->1408K(71168K)] 432298K->362186K(581632K), 0.0031699 secs] [Times: user=0.01 sys=0.00, real=0.00 secs] 
1785.438: [GC (Allocation Failure) [PSYoungGen: 71040K->288K(69632K)] 431818K->361066K(580096K), 0.0027386 secs] [Times: user=0.01 sys=0.00, real=0.00 secs] 
1785.613: [GC (Allocation Failure) [PSYoungGen: 69408K->1552K(77824K)] 430186K->362330K(588288K), 0.0054720 secs] [Times: user=0.02 sys=0.00, real=0.01 secs] 
1785.756: [GC (Allocation Failure) [PSYoungGen: 77328K->1501K(78336K)] 438106K->362279K(588800K), 0.0017164 secs] [Times: user=0.00 sys=0.00, real=0.00 secs] 
1785.890: [GC (Allocation Failure) [PSYoungGen: 77277K->1517K(86528K)] 438055K->362311K(596992K), 0.0016171 secs] [Times: user=0.00 sys=0.00, real=0.00 secs] 
1786.455: [GC (Allocation Failure) [PSYoungGen: 85485K->1392K(84992K)] 446279K->362186K(595456K), 0.0021313 secs] [Times: user=0.01 sys=0.00, real=0.01 secs] 
1787.154: [GC (Allocation Failure) [PSYoungGen: 84848K->1408K(84480K)] 445642K->362202K(594944K), 0.0035408 secs] [Times: user=0.02 sys=0.00, real=0.01 secs] 
1787.862: [GC (Allocation Failure) [PSYoungGen: 84352K->1408K(83968K)] 445146K->362202K(594432K), 0.0035097 secs] [Times: user=0.01 sys=0.00, real=0.00 secs] 
1788.563: [GC (Allocation Failure) [PSYoungGen: 83840K->1501K(83456K)] 444634K->362295K(593920K), 0.0022177 secs] [Times: user=0.01 sys=0.00, real=0.00 secs] 
1788.739: [GC (Allocation Failure) [PSYoungGen: 83421K->1501K(82944K)] 444215K->362295K(593408K), 0.0018536 secs] [Times: user=0.01 sys=0.00, real=0.00 secs] 
1788.883: [GC (Allocation Failure) [PSYoungGen: 82909K->1501K(82432K)] 443703K->362295K(592896K), 0.0015785 secs] [Times: user=0.00 sys=0.00, real=0.00 secs] 
1789.024: [GC (Allocation Failure) [PSYoungGen: 82397K->192K(80896K)] 443191K->361002K(591360K), 0.0016368 secs] [Times: user=0.00 sys=0.00, real=0.01 secs] 
1789.402: [GC (Allocation Failure) [PSYoungGen: 80576K->1344K(81920K)] 441386K->362154K(592384K), 0.0018702 secs] [Times: user=0.01 sys=0.00, real=0.00 secs] 
1789.733: [GC (Allocation Failure) [PSYoungGen: 81216K->1376K(80896K)] 442026K->362186K(591360K), 0.0018477 secs] [Times: user=0.00 sys=0.00, real=0.00 secs] 
1790.097: [GC (Allocation Failure) [PSYoungGen: 80736K->1376K(80384K)] 441546K->362186K(590848K), 0.0027895 secs] [Times: user=0.01 sys=0.00, real=0.00 secs] 
1790.390: [GC (Allocation Failure) [PSYoungGen: 80224K->1453K(79872K)] 441034K->362263K(590336K), 0.0021520 secs] [Times: user=0.01 sys=0.00, real=0.00 secs] 
1790.567: [GC (Allocation Failure) [PSYoungGen: 79789K->1501K(79360K)] 440599K->362311K(589824K), 0.0021313 secs] [Times: user=0.00 sys=0.00, real=0.00 secs] 
1790.756: [GC (Allocation Failure) [PSYoungGen: 79325K->1469K(78848K)] 440135K->362279K(589312K), 0.0022183 secs] [Times: user=0.01 sys=0.00, real=0.00 secs] 
1790.977: [GC (Allocation Failure) [PSYoungGen: 78781K->1408K(78336K)] 439591K->362218K(588800K), 0.0020602 secs] [Times: user=0.01 sys=0.00, real=0.00 secs] 
1791.337: [GC (Allocation Failure) [PSYoungGen: 78208K->1376K(77824K)] 439018K->362186K(588288K), 0.0021535 secs] [Times: user=0.01 sys=0.00, real=0.00 secs] 
1791.684: [GC (Allocation Failure) [PSYoungGen: 77664K->1408K(77312K)] 438474K->362218K(587776K), 0.0020741 secs] [Times: user=0.01 sys=0.00, real=0.01 secs] 
1792.001: [GC (Allocation Failure) [PSYoungGen: 77184K->1376K(76800K)] 437994K->362186K(587264K), 0.0028763 secs] [Times: user=0.01 sys=0.00, real=0.00 secs] 
1792.319: [GC (Allocation Failure) [PSYoungGen: 76640K->1501K(76288K)] 437450K->362311K(586752K), 0.0025923 secs] [Times: user=0.01 sys=0.00, real=0.00 secs] 
1792.495: [GC (Allocation Failure) [PSYoungGen: 76253K->1453K(75776K)] 437063K->362263K(586240K), 0.0016105 secs] [Times: user=0.01 sys=0.00, real=0.01 secs] 
1792.626: [GC (Allocation Failure) [PSYoungGen: 75693K->1501K(75264K)] 436503K->362311K(585728K), 0.0017667 secs] [Times: user=0.00 sys=0.00, real=0.00 secs] 
1792.757: [GC (Allocation Failure) [PSYoungGen: 75229K->256K(73728K)] 436039K->361066K(584192K), 0.0016126 secs] [Times: user=0.01 sys=0.00, real=0.00 secs] 
1795.014: [GC (Allocation Failure) [PSYoungGen: 73472K->1376K(74240K)] 434282K->362186K(584704K), 0.0042323 secs] [Times: user=0.01 sys=0.00, real=0.01 secs] 
1796.436: [GC (Allocation Failure) [PSYoungGen: 74080K->1408K(73728K)] 434890K->362218K(584192K), 0.0027875 secs] [Times: user=0.01 sys=0.00, real=0.00 secs] 
1796.777: [GC (Allocation Failure) [PSYoungGen: 73600K->1424K(73216K)] 434410K->362234K(583680K), 0.0022570 secs] [Times: user=0.01 sys=0.00, real=0.00 secs] 
1797.169: [GC (Allocation Failure) [PSYoungGen: 73104K->1501K(72704K)] 433914K->362311K(583168K), 0.0023616 secs] [Times: user=0.01 sys=0.00, real=0.00 secs] 
1797.326: [GC (Allocation Failure) [PSYoungGen: 72669K->1533K(72192K)] 433479K->362343K(582656K), 0.0016842 secs] [Times: user=0.00 sys=0.00, real=0.00 secs] 
1797.451: [GC (Allocation Failure) [PSYoungGen: 72189K->1533K(71680K)] 432999K->362343K(582144K), 0.0016497 secs] [Times: user=0.01 sys=0.00, real=0.00 secs] 
1797.573: [GC (Allocation Failure) [PSYoungGen: 71650K->1485K(72192K)] 432460K->362295K(582656K), 0.0017383 secs] [Times: user=0.01 sys=0.00, real=0.00 secs] 
1797.980: [GC (Allocation Failure) [PSYoungGen: 71629K->1472K(71168K)] 432439K->362282K(581632K), 0.0021164 secs] [Times: user=0.01 sys=0.00, real=0.00 secs] 
1798.647: [GC (Allocation Failure) [PSYoungGen: 71104K->1392K(70656K)] 431914K->362202K(581120K), 0.0026453 secs] [Times: user=0.01 sys=0.00, real=0.00 secs] 
1799.001: [GC (Allocation Failure) [PSYoungGen: 70512K->1376K(70144K)] 431322K->362202K(580608K), 0.0021224 secs] [Times: user=0.01 sys=0.00, real=0.00 secs] 
1799.302: [GC (Allocation Failure) [PSYoungGen: 69984K->1376K(69632K)] 430810K->362202K(580096K), 0.0019489 secs] [Times: user=0.01 sys=0.00, real=0.00 secs] 
1799.571: [GC (Allocation Failure) [PSYoungGen: 69472K->1453K(69120K)] 430298K->362279K(579584K), 0.0016518 secs] [Times: user=0.00 sys=0.00, real=0.00 secs] 
1799.691: [GC (Allocation Failure) [PSYoungGen: 69037K->1501K(68608K)] 429863K->362327K(579072K), 0.0017251 secs] [Times: user=0.01 sys=0.00, real=0.00 secs] 
1799.809: [GC (Allocation Failure) [PSYoungGen: 68573K->1469K(68096K)] 429399K->362295K(578560K), 0.0017102 secs] [Times: user=0.00 sys=0.00, real=0.00 secs] 
1799.925: [GC (Allocation Failure) [PSYoungGen: 68029K->1501K(68608K)] 428855K->362343K(579072K), 0.0016552 secs] [Times: user=0.01 sys=0.00, real=0.01 secs] 
1800.954: [GC (Allocation Failure) [PSYoungGen: 68061K->1440K(67584K)] 428903K->362290K(578048K), 0.0036293 secs] [Times: user=0.01 sys=0.00, real=0.01 secs] 
1801.984: [GC (Allocation Failure) [PSYoungGen: 67488K->1376K(67072K)] 428338K->362226K(577536K), 0.0048263 secs] [Times: user=0.02 sys=0.00, real=0.01 secs] 
1802.965: [GC (Allocation Failure) [PSYoungGen: 66912K->1408K(66560K)] 427762K->362258K(577024K), 0.0032399 secs] [Times: user=0.01 sys=0.00, real=0.01 secs] 
1803.554: [GC (Allocation Failure) [PSYoungGen: 66432K->1408K(66048K)] 427282K->362258K(576512K), 0.0024546 secs] [Times: user=0.01 sys=0.00, real=0.01 secs] 
1804.008: [GC (Allocation Failure) [PSYoungGen: 65920K->1469K(65536K)] 426770K->362319K(576000K), 0.0019020 secs] [Times: user=0.01 sys=0.00, real=0.00 secs] 
1804.132: [GC (Allocation Failure) [PSYoungGen: 65469K->1501K(65024K)] 426319K->362351K(575488K), 0.0017210 secs] [Times: user=0.00 sys=0.00, real=0.00 secs] 
1804.244: [GC (Allocation Failure) [PSYoungGen: 64989K->1533K(64512K)] 425839K->362383K(574976K), 0.0016661 secs] [Times: user=0.00 sys=0.00, real=0.00 secs] 
1804.356: [GC (Allocation Failure) [PSYoungGen: 64509K->1424K(65024K)] 425359K->362282K(575488K), 0.0016238 secs] [Times: user=0.01 sys=0.00, real=0.01 secs] 
1804.719: [GC (Allocation Failure) [PSYoungGen: 64400K->1424K(64000K)] 425258K->362282K(574464K), 0.0022301 secs] [Times: user=0.00 sys=0.00, real=0.00 secs] 
1805.821: [GC (Allocation Failure) [PSYoungGen: 63888K->1376K(63488K)] 424746K->362234K(573952K), 0.0045665 secs] [Times: user=0.01 sys=0.01, real=0.00 secs] 
1806.354: [GC (Allocation Failure) [PSYoungGen: 63328K->1408K(62976K)] 424186K->362266K(573440K), 0.0026416 secs] [Times: user=0.01 sys=0.00, real=0.01 secs] 
1807.318: [GC (Allocation Failure) [PSYoungGen: 62848K->1408K(62464K)] 423706K->362266K(572928K), 0.0034924 secs] [Times: user=0.01 sys=0.01, real=0.00 secs] 
1808.074: [GC (Allocation Failure) [PSYoungGen: 62336K->1408K(61952K)] 423194K->362266K(572416K), 0.0038385 secs] [Times: user=0.01 sys=0.00, real=0.01 secs] 
1808.626: [GC (Allocation Failure) [PSYoungGen: 61824K->1517K(61440K)] 422682K->362375K(571904K), 0.0025210 secs] [Times: user=0.01 sys=0.00, real=0.01 secs] 
1808.772: [GC (Allocation Failure) [PSYoungGen: 61421K->1533K(60928K)] 422279K->362391K(571392K), 0.0017594 secs] [Times: user=0.01 sys=0.00, real=0.00 secs] 
1808.876: [GC (Allocation Failure) [PSYoungGen: 60925K->1533K(60416K)] 421783K->362399K(570880K), 0.0016905 secs] [Times: user=0.00 sys=0.00, real=0.00 secs] 
1808.981: [GC (Allocation Failure) [PSYoungGen: 60413K->1392K(60928K)] 421279K->362282K(571392K), 0.0017135 secs] [Times: user=0.01 sys=0.00, real=0.00 secs] 
1809.498: [GC (Allocation Failure) [PSYoungGen: 60272K->1440K(60416K)] 421162K->362330K(570880K), 0.0026414 secs] [Times: user=0.01 sys=0.00, real=0.00 secs] 
1810.603: [GC (Allocation Failure) [PSYoungGen: 60320K->1344K(60416K)] 421210K->362234K(570880K), 0.0032677 secs] [Times: user=0.01 sys=0.00, real=0.01 secs] 
1811.122: [GC (Allocation Failure) [PSYoungGen: 60224K->1376K(60416K)] 421114K->362266K(570880K), 0.0026436 secs] [Times: user=0.01 sys=0.00, real=0.00 secs] 
1811.741: [GC (Allocation Failure) [PSYoungGen: 60256K->1344K(60416K)] 421146K->362234K(570880K), 0.0033628 secs] [Times: user=0.01 sys=0.00, real=0.00 secs] 
1812.225: [GC (Allocation Failure) [PSYoungGen: 60224K->1408K(60416K)] 421114K->362298K(570880K), 0.0028272 secs] [Times: user=0.01 sys=0.00, real=0.01 secs] 
1812.571: [GC (Allocation Failure) [PSYoungGen: 60288K->1504K(60416K)] 421178K->362394K(570880K), 0.0021680 secs] [Times: user=0.01 sys=0.00, real=0.00 secs] 
1812.698: [GC (Allocation Failure) [PSYoungGen: 60384K->1504K(60416K)] 421274K->362410K(570880K), 0.0016935 secs] [Times: user=0.00 sys=0.00, real=0.00 secs] 
1812.803: [GC (Allocation Failure) [PSYoungGen: 60384K->1533K(60416K)] 421290K->362439K(570880K), 0.0016611 secs] [Times: user=0.00 sys=0.00, real=0.00 secs] 
1812.908: [GC (Allocation Failure) [PSYoungGen: 60413K->1488K(62464K)] 421319K->362394K(572928K), 0.0016232 secs] [Times: user=0.01 sys=0.00, real=0.00 secs] 
1813.101: [GC (Allocation Failure) [PSYoungGen: 62416K->1952K(62976K)] 423322K->362858K(573440K), 0.0018927 secs] [Times: user=0.01 sys=0.00, real=0.00 secs] 
1813.822: [GC (Allocation Failure) [PSYoungGen: 62880K->1440K(61952K)] 423786K->362354K(572416K), 0.0020535 secs] [Times: user=0.01 sys=0.01, real=0.00 secs] 
1814.393: [GC (Allocation Failure) [PSYoungGen: 61856K->1408K(61440K)] 422770K->362322K(571904K), 0.0020248 secs] [Times: user=0.01 sys=0.01, real=0.00 secs] 
1815.247: [GC (Allocation Failure) [PSYoungGen: 61312K->1408K(60928K)] 422226K->362322K(571392K), 0.0032086 secs] [Times: user=0.01 sys=0.00, real=0.00 secs] 
1816.258: [GC (Allocation Failure) [PSYoungGen: 60800K->1376K(60416K)] 421714K->362290K(570880K), 0.0038091 secs] [Times: user=0.01 sys=0.00, real=0.00 secs] 
1816.899: [GC (Allocation Failure) [PSYoungGen: 60256K->1472K(60416K)] 421170K->362394K(570880K), 0.0020831 secs] [Times: user=0.01 sys=0.00, real=0.00 secs] 
1817.024: [GC (Allocation Failure) [PSYoungGen: 60352K->1469K(60416K)] 421274K->362407K(570880K), 0.0016542 secs] [Times: user=0.00 sys=0.00, real=0.00 secs] 
1817.128: [GC (Allocation Failure) [PSYoungGen: 60349K->1501K(60416K)] 421287K->362455K(570880K), 0.0016677 secs] [Times: user=0.01 sys=0.00, real=0.00 secs] 
1817.232: [GC (Allocation Failure) [PSYoungGen: 60381K->1533K(66048K)] 421335K->362487K(576512K), 0.0017097 secs] [Times: user=0.01 sys=0.00, real=0.00 secs] 
1817.522: [GC (Allocation Failure) [PSYoungGen: 65533K->1952K(65536K)] 426487K->363434K(576000K), 0.0019077 secs] [Times: user=0.01 sys=0.00, real=0.00 secs] 
1818.286: [GC (Allocation Failure) [PSYoungGen: 65440K->1360K(64512K)] 426922K->362842K(574976K), 0.0043361 secs] [Times: user=0.01 sys=0.00, real=0.00 secs] 
1819.309: [GC (Allocation Failure) [PSYoungGen: 64336K->352K(62976K)] 425818K->362858K(573440K), 0.0045374 secs] [Times: user=0.02 sys=0.00, real=0.00 secs] 
1820.110: [GC (Allocation Failure) [PSYoungGen: 62816K->320K(62464K)] 425322K->362826K(572928K), 0.0029374 secs] [Times: user=0.01 sys=0.00, real=0.00 secs] 
1820.900: [GC (Allocation Failure) [PSYoungGen: 62272K->384K(63488K)] 424778K->362890K(573952K), 0.0033531 secs] [Times: user=0.01 sys=0.00, real=0.00 secs] 
1821.437: [GC (Allocation Failure) [PSYoungGen: 61824K->1469K(62464K)] 424330K->363975K(572928K), 0.0022634 secs] [Times: user=0.01 sys=0.00, real=0.00 secs] 
1821.580: [GC (Allocation Failure) [PSYoungGen: 62397K->1453K(62464K)] 424903K->363975K(572928K), 0.0016851 secs] [Times: user=0.00 sys=0.00, real=0.00 secs] 
1821.687: [GC (Allocation Failure) [PSYoungGen: 61869K->1453K(61440K)] 424391K->363975K(571904K), 0.0017545 secs] [Times: user=0.00 sys=0.00, real=0.00 secs] 
1821.794: [GC (Allocation Failure) [PSYoungGen: 61350K->1488K(62464K)] 423873K->364010K(572928K), 0.0022970 secs] [Times: user=0.00 sys=0.00, real=0.01 secs] 
1821.970: [GC (Allocation Failure) [PSYoungGen: 61392K->1424K(62464K)] 423914K->363946K(572928K), 0.0020991 secs] [Times: user=0.01 sys=0.00, real=0.00 secs] 
1822.257: [GC (Allocation Failure) [PSYoungGen: 61328K->1392K(69120K)] 423850K->363914K(579584K), 0.0022478 secs] [Times: user=0.01 sys=0.00, real=0.00 secs] 
1822.921: [GC (Allocation Failure) [PSYoungGen: 67952K->1408K(67584K)] 430474K->363930K(578048K), 0.0022644 secs] [Times: user=0.00 sys=0.00, real=0.00 secs] 
1823.689: [GC (Allocation Failure) [PSYoungGen: 67456K->1440K(67072K)] 429978K->363962K(577536K), 0.0042867 secs] [Times: user=0.01 sys=0.00, real=0.00 secs] 
1824.428: [GC (Allocation Failure) [PSYoungGen: 66976K->1408K(66560K)] 429498K->363930K(577024K), 0.0031984 secs] [Times: user=0.01 sys=0.00, real=0.00 secs] 
1824.661: [GC (Allocation Failure) [PSYoungGen: 66424K->1469K(66048K)] 428946K->363991K(576512K), 0.0019428 secs] [Times: user=0.01 sys=0.00, real=0.00 secs] 
1824.777: [GC (Allocation Failure) [PSYoungGen: 65981K->1421K(65536K)] 428503K->363959K(576000K), 0.0016398 secs] [Times: user=0.01 sys=0.00, real=0.00 secs] 
1824.891: [GC (Allocation Failure) [PSYoungGen: 65421K->1533K(66048K)] 427959K->364071K(576512K), 0.0016438 secs] [Times: user=0.00 sys=0.00, real=0.00 secs] 
1825.004: [GC (Allocation Failure) [PSYoungGen: 65533K->1456K(66048K)] 428071K->363994K(576512K), 0.0015736 secs] [Times: user=0.01 sys=0.00, real=0.00 secs] 
1825.736: [GC (Allocation Failure) [PSYoungGen: 65456K->1440K(65024K)] 427994K->363978K(575488K), 0.0023024 secs] [Times: user=0.01 sys=0.01, real=0.00 secs] 
1826.073: [GC (Allocation Failure) [PSYoungGen: 64928K->1408K(64512K)] 427466K->363946K(574976K), 0.0022991 secs] [Times: user=0.01 sys=0.00, real=0.00 secs] 
1826.621: [GC (Allocation Failure) [PSYoungGen: 64384K->1408K(64000K)] 426922K->363954K(574464K), 0.0019430 secs] [Times: user=0.01 sys=0.00, real=0.00 secs] 
1827.183: [GC (Allocation Failure) [PSYoungGen: 63872K->1408K(63488K)] 426418K->363978K(573952K), 0.0021409 secs] [Times: user=0.01 sys=0.00, real=0.00 secs] 
1827.556: [GC (Allocation Failure) [PSYoungGen: 63360K->1437K(62976K)] 425930K->364007K(573440K), 0.0015709 secs] [Times: user=0.01 sys=0.00, real=0.00 secs] 
1827.679: [GC (Allocation Failure) [PSYoungGen: 62877K->1485K(62464K)] 425447K->364055K(572928K), 0.0019020 secs] [Times: user=0.01 sys=0.00, real=0.00 secs] 
1827.820: [GC (Allocation Failure) [PSYoungGen: 62413K->1437K(61952K)] 424983K->364015K(572416K), 0.0020547 secs] [Times: user=0.00 sys=0.00, real=0.00 secs] 
1827.962: [GC (Allocation Failure) [PSYoungGen: 61835K->1501K(68096K)] 424413K->364079K(578560K), 0.0019293 secs] [Times: user=0.01 sys=0.00, real=0.00 secs] 
1828.394: [GC (Allocation Failure) [PSYoungGen: 68061K->1440K(67584K)] 430639K->364018K(578048K), 0.0029031 secs] [Times: user=0.01 sys=0.00, real=0.01 secs] 
1828.941: [GC (Allocation Failure) [PSYoungGen: 67488K->1376K(67072K)] 430066K->363954K(577536K), 0.0023268 secs] [Times: user=0.01 sys=0.00, real=0.00 secs] 
1829.498: [GC (Allocation Failure) [PSYoungGen: 66912K->1408K(66560K)] 429490K->363986K(577024K), 0.0024190 secs] [Times: user=0.00 sys=0.00, real=0.00 secs] 
1829.988: [GC (Allocation Failure) [PSYoungGen: 66432K->1376K(66048K)] 429010K->363954K(576512K), 0.0020451 secs] [Times: user=0.00 sys=0.00, real=0.00 secs] 
1830.362: [GC (Allocation Failure) [PSYoungGen: 65888K->1469K(65536K)] 428466K->364047K(576000K), 0.0021506 secs] [Times: user=0.00 sys=0.00, real=0.00 secs] 
1830.489: [GC (Allocation Failure) [PSYoungGen: 65469K->1437K(65024K)] 428047K->364015K(575488K), 0.0017524 secs] [Times: user=0.01 sys=0.00, real=0.00 secs] 
1830.602: [GC (Allocation Failure) [PSYoungGen: 64925K->1485K(64512K)] 427503K->364063K(574976K), 0.0016528 secs] [Times: user=0.01 sys=0.00, real=0.00 secs] 
1830.713: [GC (Allocation Failure) [PSYoungGen: 64461K->1469K(65024K)] 427039K->364055K(575488K), 0.0016942 secs] [Times: user=0.01 sys=0.00, real=0.00 secs] 
1830.825: [GC (Allocation Failure) [PSYoungGen: 64445K->1565K(71680K)] 427031K->364151K(582144K), 0.0018026 secs] [Times: user=0.01 sys=0.00, real=0.01 secs] 
1831.501: [GC (Allocation Failure) [PSYoungGen: 71197K->1408K(70656K)] 433783K->363994K(581120K), 0.0021367 secs] [Times: user=0.00 sys=0.00, real=0.00 secs] 
1832.080: [GC (Allocation Failure) [PSYoungGen: 70528K->1376K(70144K)] 433114K->363962K(580608K), 0.0029311 secs] [Times: user=0.01 sys=0.00, real=0.00 secs] 
1832.632: [GC (Allocation Failure) [PSYoungGen: 69984K->1408K(69632K)] 432570K->363994K(580096K), 0.0025785 secs] [Times: user=0.01 sys=0.00, real=0.00 secs] 
1833.193: [GC (Allocation Failure) [PSYoungGen: 69504K->1376K(69120K)] 432090K->363962K(579584K), 0.0027337 secs] [Times: user=0.01 sys=0.00, real=0.00 secs] 
1833.433: [GC (Allocation Failure) [PSYoungGen: 68960K->1501K(68608K)] 431546K->364087K(579072K), 0.0018025 secs] [Times: user=0.01 sys=0.00, real=0.00 secs] 
1833.552: [GC (Allocation Failure) [PSYoungGen: 68573K->1520K(68096K)] 431159K->364106K(578560K), 0.0016346 secs] [Times: user=0.00 sys=0.00, real=0.00 secs] 
1833.668: [GC (Allocation Failure) [PSYoungGen: 68080K->1533K(68608K)] 430666K->364135K(579072K), 0.0017042 secs] [Times: user=0.00 sys=0.00, real=0.00 secs] 
1833.839: [GC (Allocation Failure) [PSYoungGen: 68093K->1504K(75264K)] 430695K->364106K(585728K), 0.0021328 secs] [Times: user=0.01 sys=0.00, real=0.00 secs] 
1834.193: [GC (Allocation Failure) [PSYoungGen: 74720K->1376K(74240K)] 437322K->363978K(584704K), 0.0018725 secs] [Times: user=0.01 sys=0.00, real=0.00 secs] 
1834.554: [GC (Allocation Failure) [PSYoungGen: 74080K->1376K(73728K)] 436682K->363978K(584192K), 0.0018419 secs] [Times: user=0.00 sys=0.00, real=0.01 secs] 
1834.897: [GC (Allocation Failure) [PSYoungGen: 73568K->1408K(73216K)] 436170K->364010K(583680K), 0.0022189 secs] [Times: user=0.00 sys=0.00, real=0.00 secs] 
1835.316: [GC (Allocation Failure) [PSYoungGen: 73074K->1437K(72704K)] 435676K->364039K(583168K), 0.0022711 secs] [Times: user=0.00 sys=0.01, real=0.00 secs] 
1835.470: [GC (Allocation Failure) [PSYoungGen: 72605K->1501K(72192K)] 435207K->364103K(582656K), 0.0018416 secs] [Times: user=0.01 sys=0.00, real=0.00 secs] 
1835.595: [GC (Allocation Failure) [PSYoungGen: 72157K->1453K(71680K)] 434759K->364055K(582144K), 0.0015935 secs] [Times: user=0.01 sys=0.00, real=0.01 secs] 
1835.738: [GC (Allocation Failure) [PSYoungGen: 71586K->1485K(72192K)] 434188K->364087K(582656K), 0.0020807 secs] [Times: user=0.01 sys=0.00, real=0.00 secs] 
1836.227: [GC (Allocation Failure) [PSYoungGen: 71629K->1440K(71168K)] 434231K->364066K(581632K), 0.0019823 secs] [Times: user=0.01 sys=0.00, real=0.00 secs] 
1836.526: [GC (Allocation Failure) [PSYoungGen: 71072K->1408K(70656K)] 433698K->364034K(581120K), 0.0020367 secs] [Times: user=0.01 sys=0.00, real=0.01 secs] 
1836.815: [GC (Allocation Failure) [PSYoungGen: 70528K->1376K(70144K)] 433154K->364002K(580608K), 0.0042578 secs] [Times: user=0.01 sys=0.00, real=0.01 secs] 
1837.102: [GC (Allocation Failure) [PSYoungGen: 69984K->1408K(69632K)] 432610K->364034K(580096K), 0.0021189 secs] [Times: user=0.00 sys=0.00, real=0.00 secs] 
1837.347: [GC (Allocation Failure) [PSYoungGen: 69504K->1472K(69120K)] 432130K->364098K(579584K), 0.0016200 secs] [Times: user=0.00 sys=0.00, real=0.00 secs] 
1837.467: [GC (Allocation Failure) [PSYoungGen: 69056K->1469K(68608K)] 431682K->364095K(579072K), 0.0017653 secs] [Times: user=0.01 sys=0.00, real=0.00 secs] 
1837.586: [GC (Allocation Failure) [PSYoungGen: 68541K->1501K(75776K)] 431167K->364127K(586240K), 0.0017098 secs] [Times: user=0.01 sys=0.00, real=0.01 secs] 
1837.717: [GC (Allocation Failure) [PSYoungGen: 75741K->1520K(76288K)] 438367K->364162K(586752K), 0.0016133 secs] [Times: user=0.01 sys=0.01, real=0.00 secs] 
1838.014: [GC (Allocation Failure) [PSYoungGen: 75760K->1424K(83968K)] 438402K->364066K(594432K), 0.0018224 secs] [Times: user=0.01 sys=0.00, real=0.01 secs] 
1838.354: [GC (Allocation Failure) [PSYoungGen: 83344K->1376K(82944K)] 445986K->364018K(593408K), 0.0016582 secs] [Times: user=0.00 sys=0.00, real=0.01 secs] 
1838.692: [GC (Allocation Failure) [PSYoungGen: 82784K->1408K(82432K)] 445426K->364050K(592896K), 0.0020493 secs] [Times: user=0.01 sys=0.00, real=0.00 secs] 
1839.027: [GC (Allocation Failure) [PSYoungGen: 82304K->1437K(81920K)] 444946K->364087K(592384K), 0.0023777 secs] [Times: user=0.01 sys=0.00, real=0.00 secs] 
1839.236: [GC (Allocation Failure) [PSYoungGen: 81821K->1533K(81408K)] 444471K->364183K(591872K), 0.0018010 secs] [Times: user=0.01 sys=0.00, real=0.01 secs] 
1839.399: [GC (Allocation Failure) [PSYoungGen: 81405K->1469K(80896K)] 444055K->364119K(591360K), 0.0019935 secs] [Times: user=0.01 sys=0.00, real=0.00 secs] 
1839.570: [GC (Allocation Failure) [PSYoungGen: 79912K->256K(80384K)] 442563K->362906K(590848K), 0.0017143 secs] [Times: user=0.00 sys=0.00, real=0.00 secs] 
1839.945: [GC (Allocation Failure) [PSYoungGen: 79104K->1376K(79872K)] 441754K->364026K(590336K), 0.0022098 secs] [Times: user=0.01 sys=0.00, real=0.01 secs] 
1840.467: [GC (Allocation Failure) [PSYoungGen: 79712K->1408K(79360K)] 442362K->364058K(589824K), 0.0021006 secs] [Times: user=0.01 sys=0.00, real=0.00 secs] 
1841.172: [GC (Allocation Failure) [PSYoungGen: 79232K->1376K(78848K)] 441882K->364026K(589312K), 0.0030286 secs] [Times: user=0.01 sys=0.00, real=0.00 secs] 
1841.917: [GC (Allocation Failure) [PSYoungGen: 78688K->1469K(78336K)] 441338K->364119K(588800K), 0.0026778 secs] [Times: user=0.01 sys=0.00, real=0.00 secs] 
1842.097: [GC (Allocation Failure) [PSYoungGen: 78269K->1469K(77824K)] 440919K->364119K(588288K), 0.0017082 secs] [Times: user=0.01 sys=0.00, real=0.00 secs] 
1842.231: [GC (Allocation Failure) [PSYoungGen: 77757K->1501K(77312K)] 440407K->364151K(587776K), 0.0016322 secs] [Times: user=0.00 sys=0.00, real=0.00 secs] 
1842.363: [GC (Allocation Failure) [PSYoungGen: 76278K->256K(75776K)] 438928K->362906K(586240K), 0.0016651 secs] [Times: user=0.01 sys=0.00, real=0.00 secs] 
1843.385: [GC (Allocation Failure) [PSYoungGen: 75520K->1376K(76288K)] 438170K->364026K(586752K), 0.0027336 secs] [Times: user=0.01 sys=0.00, real=0.01 secs] 
1844.264: [GC (Allocation Failure) [PSYoungGen: 76128K->1408K(75776K)] 438778K->364058K(586240K), 0.0047175 secs] [Times: user=0.02 sys=0.00, real=0.01 secs] 
1845.288: [GC (Allocation Failure) [PSYoungGen: 75648K->1408K(75264K)] 438298K->364058K(585728K), 0.0038209 secs] [Times: user=0.02 sys=0.00, real=0.00 secs] 
1845.953: [GC (Allocation Failure) [PSYoungGen: 75136K->1501K(74752K)] 437786K->364151K(585216K), 0.0025550 secs] [Times: user=0.01 sys=0.00, real=0.01 secs] 
1846.128: [GC (Allocation Failure) [PSYoungGen: 74717K->1501K(74240K)] 437367K->364151K(584704K), 0.0017097 secs] [Times: user=0.01 sys=0.00, real=0.00 secs] 
1846.256: [GC (Allocation Failure) [PSYoungGen: 74205K->1456K(73728K)] 436855K->364106K(584192K), 0.0016152 secs] [Times: user=0.01 sys=0.00, real=0.00 secs] 
1846.382: [GC (Allocation Failure) [PSYoungGen: 73648K->1424K(73216K)] 436298K->364074K(583680K), 0.0017109 secs] [Times: user=0.00 sys=0.00, real=0.00 secs] 
1846.907: [GC (Allocation Failure) [PSYoungGen: 73104K->1440K(72704K)] 435754K->364090K(583168K), 0.0021978 secs] [Times: user=0.01 sys=0.00, real=0.00 secs] 
1847.269: [GC (Allocation Failure) [PSYoungGen: 72608K->1440K(72192K)] 435258K->364090K(582656K), 0.0022347 secs] [Times: user=0.01 sys=0.00, real=0.00 secs] 
1847.822: [GC (Allocation Failure) [PSYoungGen: 72096K->1344K(71680K)] 434746K->363994K(582144K), 0.0021698 secs] [Times: user=0.00 sys=0.00, real=0.00 secs] 
1848.536: [GC (Allocation Failure) [PSYoungGen: 71488K->1376K(71168K)] 434138K->364026K(581632K), 0.0021297 secs] [Times: user=0.01 sys=0.00, real=0.00 secs] 
1848.878: [GC (Allocation Failure) [PSYoungGen: 71008K->1424K(70656K)] 433658K->364098K(581120K), 0.0015934 secs] [Times: user=0.01 sys=0.00, real=0.00 secs] 
1849.000: [GC (Allocation Failure) [PSYoungGen: 70544K->1424K(70144K)] 433218K->364098K(580608K), 0.0017114 secs] [Times: user=0.01 sys=0.00, real=0.00 secs] 
1849.120: [GC (Allocation Failure) [PSYoungGen: 70023K->1501K(69632K)] 432697K->364175K(580096K), 0.0017701 secs] [Times: user=0.01 sys=0.01, real=0.00 secs] 
1849.240: [GC (Allocation Failure) [PSYoungGen: 69597K->1421K(70144K)] 432271K->364103K(580608K), 0.0016294 secs] [Times: user=0.01 sys=0.00, real=0.00 secs] 
1849.967: [GC (Allocation Failure) [PSYoungGen: 69517K->1376K(69120K)] 432199K->364058K(579584K), 0.0044796 secs] [Times: user=0.02 sys=0.00, real=0.00 secs] 
1850.525: [GC (Allocation Failure) [PSYoungGen: 68960K->1376K(68608K)] 431642K->364058K(579072K), 0.0032439 secs] [Times: user=0.02 sys=0.00, real=0.01 secs] 
1851.067: [GC (Allocation Failure) [PSYoungGen: 68448K->1440K(68096K)] 431130K->364122K(578560K), 0.0028263 secs] [Times: user=0.01 sys=0.00, real=0.00 secs] 
1851.625: [GC (Allocation Failure) [PSYoungGen: 68000K->1376K(67584K)] 430682K->364058K(578048K), 0.0026168 secs] [Times: user=0.01 sys=0.00, real=0.01 secs] 
1851.883: [GC (Allocation Failure) [PSYoungGen: 67424K->1501K(67072K)] 430106K->364183K(577536K), 0.0020394 secs] [Times: user=0.01 sys=0.00, real=0.00 secs] 
1852.002: [GC (Allocation Failure) [PSYoungGen: 67037K->1520K(66560K)] 429719K->364202K(577024K), 0.0017016 secs] [Times: user=0.00 sys=0.00, real=0.00 secs] 
1852.117: [GC (Allocation Failure) [PSYoungGen: 66544K->1501K(67072K)] 429226K->364183K(577536K), 0.0016560 secs] [Times: user=0.00 sys=0.00, real=0.00 secs] 
1852.233: [GC (Allocation Failure) [PSYoungGen: 66525K->1533K(73728K)] 429207K->364231K(584192K), 0.0017980 secs] [Times: user=0.01 sys=0.00, real=0.00 secs] 
1852.871: [GC (Allocation Failure) [PSYoungGen: 73213K->1440K(72704K)] 435911K->364138K(583168K), 0.0022368 secs] [Times: user=0.00 sys=0.00, real=0.00 secs] 
1853.514: [GC (Allocation Failure) [PSYoungGen: 72608K->1376K(72192K)] 435306K->364074K(582656K), 0.0022874 secs] [Times: user=0.01 sys=0.00, real=0.01 secs] 
1854.166: [GC (Allocation Failure) [PSYoungGen: 72032K->1344K(71680K)] 434730K->364042K(582144K), 0.0023170 secs] [Times: user=0.01 sys=0.00, real=0.01 secs] 
1854.702: [GC (Allocation Failure) [PSYoungGen: 71488K->1408K(71168K)] 434186K->364106K(581632K), 0.0021365 secs] [Times: user=0.01 sys=0.00, real=0.00 secs] 
1854.874: [GC (Allocation Failure) [PSYoungGen: 71040K->1456K(70656K)] 433738K->364154K(581120K), 0.0016438 secs] [Times: user=0.01 sys=0.00, real=0.00 secs] 
1854.996: [GC (Allocation Failure) [PSYoungGen: 70576K->1501K(70144K)] 433274K->364199K(580608K), 0.0017482 secs] [Times: user=0.01 sys=0.00, real=0.00 secs] 
1855.136: [GC (Allocation Failure) [PSYoungGen: 70084K->1424K(69632K)] 432783K->364122K(580096K), 0.0019879 secs] [Times: user=0.01 sys=0.00, real=0.01 secs] 
1855.353: [GC (Allocation Failure) [PSYoungGen: 69520K->1984K(69632K)] 432218K->365194K(580096K), 0.0017977 secs] [Times: user=0.01 sys=0.00, real=0.00 secs] 
1855.716: [GC (Allocation Failure) [PSYoungGen: 69568K->1376K(68608K)] 432778K->364586K(579072K), 0.0021689 secs] [Times: user=0.01 sys=0.00, real=0.00 secs] 
1856.498: [GC (Allocation Failure) [PSYoungGen: 68448K->1376K(68096K)] 431658K->364586K(578560K), 0.0025419 secs] [Times: user=0.01 sys=0.00, real=0.00 secs] 
1857.387: [GC (Allocation Failure) [PSYoungGen: 67936K->1376K(67584K)] 431146K->364610K(578048K), 0.0033714 secs] [Times: user=0.02 sys=0.00, real=0.00 secs] 
1858.346: [GC (Allocation Failure) [PSYoungGen: 67424K->1392K(67072K)] 430658K->364626K(577536K), 0.0034376 secs] [Times: user=0.01 sys=0.00, real=0.01 secs] 
1858.691: [GC (Allocation Failure) [PSYoungGen: 66928K->1469K(66560K)] 430162K->364703K(577024K), 0.0021643 secs] [Times: user=0.01 sys=0.00, real=0.00 secs] 
1858.815: [GC (Allocation Failure) [PSYoungGen: 66493K->1469K(66048K)] 429727K->364703K(576512K), 0.0017689 secs] [Times: user=0.01 sys=0.00, real=0.01 secs] 
1858.929: [GC (Allocation Failure) [PSYoungGen: 65981K->1424K(65536K)] 429215K->364658K(576000K), 0.0016772 secs] [Times: user=0.00 sys=0.00, real=0.00 secs] 
1859.043: [GC (Allocation Failure) [PSYoungGen: 65424K->1501K(66048K)] 428658K->364751K(576512K), 0.0016619 secs] [Times: user=0.01 sys=0.00, real=0.00 secs] 
1859.339: [GC (Allocation Failure) [PSYoungGen: 66013K->1440K(65536K)] 429263K->364690K(576000K), 0.0017801 secs] [Times: user=0.01 sys=0.01, real=0.00 secs] 
1859.783: [GC (Allocation Failure) [PSYoungGen: 65440K->1408K(65024K)] 428690K->364658K(575488K), 0.0019700 secs] [Times: user=0.01 sys=0.00, real=0.00 secs] 
1860.324: [GC (Allocation Failure) [PSYoungGen: 64896K->1408K(64512K)] 428146K->364658K(574976K), 0.0021977 secs] [Times: user=0.00 sys=0.01, real=0.01 secs] 
1860.930: [GC (Allocation Failure) [PSYoungGen: 64384K->1376K(64000K)] 427634K->364626K(574464K), 0.0023929 secs] [Times: user=0.01 sys=0.00, real=0.00 secs] 
1861.371: [GC (Allocation Failure) [PSYoungGen: 63840K->1501K(63488K)] 427090K->364751K(573952K), 0.0021875 secs] [Times: user=0.01 sys=0.00, real=0.00 secs] 
1861.505: [GC (Allocation Failure) [PSYoungGen: 63453K->1485K(62976K)] 426703K->364735K(573440K), 0.0016905 secs] [Times: user=0.01 sys=0.00, real=0.01 secs] 
1861.612: [GC (Allocation Failure) [PSYoungGen: 62925K->1469K(62464K)] 426175K->364735K(572928K), 0.0017292 secs] [Times: user=0.01 sys=0.00, real=0.00 secs] 
1861.720: [GC (Allocation Failure) [PSYoungGen: 62397K->1485K(62976K)] 425663K->364751K(573440K), 0.0015975 secs] [Times: user=0.01 sys=0.00, real=0.00 secs] 
1862.018: [GC (Allocation Failure) [PSYoungGen: 62413K->1440K(61952K)] 425679K->364706K(572416K), 0.0019697 secs] [Times: user=0.00 sys=0.00, real=0.00 secs] 
1862.296: [GC (Allocation Failure) [PSYoungGen: 61856K->1344K(61440K)] 425122K->364610K(571904K), 0.0019901 secs] [Times: user=0.01 sys=0.00, real=0.01 secs] 
1862.827: [GC (Allocation Failure) [PSYoungGen: 61248K->1376K(60928K)] 424514K->364642K(571392K), 0.0022750 secs] [Times: user=0.01 sys=0.00, real=0.00 secs] 
1863.347: [GC (Allocation Failure) [PSYoungGen: 60768K->1376K(60416K)] 424034K->364642K(570880K), 0.0022758 secs] [Times: user=0.01 sys=0.00, real=0.00 secs] 
1863.845: [GC (Allocation Failure) [PSYoungGen: 60256K->1408K(60928K)] 423522K->364674K(571392K), 0.0020450 secs] [Times: user=0.00 sys=0.00, real=0.01 secs] 
1864.177: [GC (Allocation Failure) [PSYoungGen: 60288K->1469K(60928K)] 423554K->364735K(571392K), 0.0016440 secs] [Times: user=0.00 sys=0.00, real=0.00 secs] 
1864.281: [GC (Allocation Failure) [PSYoungGen: 60349K->1469K(60928K)] 423615K->364735K(571392K), 0.0015958 secs] [Times: user=0.01 sys=0.00, real=0.00 secs] 
1864.385: [GC (Allocation Failure) [PSYoungGen: 60349K->1392K(60928K)] 423615K->364674K(571392K), 0.0016628 secs] [Times: user=0.01 sys=0.00, real=0.01 secs] 
1864.490: [GC (Allocation Failure) [PSYoungGen: 60272K->1501K(60928K)] 423554K->364783K(571392K), 0.0016653 secs] [Times: user=0.01 sys=0.00, real=0.00 secs] 
1864.650: [GC (Allocation Failure) [PSYoungGen: 60381K->1456K(67584K)] 423663K->364738K(578048K), 0.0039192 secs] [Times: user=0.01 sys=0.01, real=0.00 secs] 
1864.956: [GC (Allocation Failure) [PSYoungGen: 66992K->1344K(67584K)] 430274K->364626K(578048K), 0.0018024 secs] [Times: user=0.01 sys=0.00, real=0.00 secs] 
1865.228: [GC (Allocation Failure) [PSYoungGen: 66880K->1392K(74240K)] 430162K->364698K(584704K), 0.0018504 secs] [Times: user=0.00 sys=0.00, real=0.00 secs] 
1865.452: [GC (Allocation Failure) [PSYoungGen: 74096K->1469K(74752K)] 437402K->364775K(585216K), 0.0016045 secs] [Times: user=0.01 sys=0.00, real=0.00 secs] 
1865.541: [GC (Allocation Failure) [PSYoungGen: 74173K->1488K(82432K)] 437479K->364810K(592896K), 0.0030913 secs] [Times: user=0.01 sys=0.00, real=0.00 secs] 
1865.650: [GC (Allocation Failure) [PSYoungGen: 81872K->1501K(82432K)] 445194K->364823K(592896K), 0.0038174 secs] [Times: user=0.01 sys=0.00, real=0.00 secs] 
1866.207: [GC (Allocation Failure) [PSYoungGen: 81885K->1584K(92672K)] 445207K->364906K(603136K), 0.0027918 secs] [Times: user=0.01 sys=0.00, real=0.00 secs] 
1867.782: [GC (Allocation Failure) [PSYoungGen: 92208K->1328K(93696K)] 455530K->364658K(604160K), 0.0034140 secs] [Times: user=0.01 sys=0.00, real=0.00 secs] 
1869.104: [GC (Allocation Failure) [PSYoungGen: 92976K->1296K(102912K)] 456306K->364626K(613376K), 0.0026135 secs] [Times: user=0.01 sys=0.00, real=0.01 secs] 
1871.244: [GC (Allocation Failure) [PSYoungGen: 102160K->1469K(101376K)] 465490K->364807K(611840K), 0.0022819 secs] [Times: user=0.00 sys=0.00, real=0.01 secs] 
1871.446: [GC (Allocation Failure) [PSYoungGen: 101309K->1533K(100352K)] 464647K->364871K(610816K), 0.0016966 secs] [Times: user=0.00 sys=0.00, real=0.00 secs] 
1871.654: [GC (Allocation Failure) [PSYoungGen: 100349K->1533K(99328K)] 463687K->364871K(609792K), 0.0021654 secs] [Times: user=0.01 sys=0.00, real=0.01 secs] 
1872.282: [GC (Allocation Failure) [PSYoungGen: 99325K->1440K(98304K)] 462663K->364778K(608768K), 0.0022888 secs] [Times: user=0.01 sys=0.00, real=0.00 secs] 
1873.178: [GC (Allocation Failure) [PSYoungGen: 98208K->1344K(97280K)] 461546K->364682K(607744K), 0.0032245 secs] [Times: user=0.01 sys=0.00, real=0.00 secs] 
1873.811: [GC (Allocation Failure) [PSYoungGen: 97088K->1376K(96256K)] 460426K->364714K(606720K), 0.0019107 secs] [Times: user=0.01 sys=0.00, real=0.00 secs] 
1874.119: [GC (Allocation Failure) [PSYoungGen: 96096K->1469K(95232K)] 459434K->364807K(605696K), 0.0017605 secs] [Times: user=0.01 sys=0.00, real=0.00 secs] 
1874.283: [GC (Allocation Failure) [PSYoungGen: 95165K->1485K(94208K)] 458503K->364823K(604672K), 0.0016293 secs] [Times: user=0.01 sys=0.00, real=0.00 secs] 
1874.444: [GC (Allocation Failure) [PSYoungGen: 94157K->1504K(93184K)] 457495K->364842K(603648K), 0.0016957 secs] [Times: user=0.01 sys=0.00, real=0.00 secs] 
1875.247: [GC (Allocation Failure) [PSYoungGen: 93152K->1408K(92160K)] 456490K->364746K(602624K), 0.0017703 secs] [Times: user=0.01 sys=0.00, real=0.00 secs] 
1876.187: [GC (Allocation Failure) [PSYoungGen: 92032K->1376K(91136K)] 455370K->364714K(601600K), 0.0034610 secs] [Times: user=0.01 sys=0.00, real=0.00 secs] 
1876.888: [GC (Allocation Failure) [PSYoungGen: 90976K->1408K(90112K)] 454314K->364746K(600576K), 0.0025484 secs] [Times: user=0.01 sys=0.00, real=0.00 secs] 
1877.399: [GC (Allocation Failure) [PSYoungGen: 89984K->1501K(89088K)] 453322K->364839K(599552K), 0.0017966 secs] [Times: user=0.00 sys=0.00, real=0.00 secs] 
1877.578: [GC (Allocation Failure) [PSYoungGen: 89053K->1456K(88064K)] 452391K->364794K(598528K), 0.0017725 secs] [Times: user=0.00 sys=0.00, real=0.00 secs] 
1877.753: [GC (Allocation Failure) [PSYoungGen: 87984K->1552K(88064K)] 451322K->364890K(598528K), 0.0017466 secs] [Times: user=0.00 sys=0.00, real=0.00 secs] 
1878.134: [GC (Allocation Failure) [PSYoungGen: 87568K->400K(86016K)] 450906K->364762K(596480K), 0.0019931 secs] [Times: user=0.00 sys=0.00, real=0.01 secs] 
1878.534: [GC (Allocation Failure) [PSYoungGen: 85904K->400K(87040K)] 450266K->364762K(597504K), 0.0019160 secs] [Times: user=0.00 sys=0.01, real=0.01 secs] 
1878.937: [GC (Allocation Failure) [PSYoungGen: 85392K->352K(84992K)] 449754K->364746K(595456K), 0.0022224 secs] [Times: user=0.01 sys=0.00, real=0.00 secs] 
1879.453: [GC (Allocation Failure) [PSYoungGen: 84832K->1485K(86016K)] 449226K->365879K(596480K), 0.0020665 secs] [Times: user=0.01 sys=0.00, real=0.00 secs] 
1879.610: [GC (Allocation Failure) [PSYoungGen: 85453K->1453K(84992K)] 449847K->365847K(595456K), 0.0017172 secs] [Times: user=0.01 sys=0.00, real=0.00 secs] 
1879.756: [GC (Allocation Failure) [PSYoungGen: 84909K->1453K(84480K)] 449303K->365847K(594944K), 0.0017687 secs] [Times: user=0.01 sys=0.00, real=0.00 secs] 
1880.099: [GC (Allocation Failure) [PSYoungGen: 84397K->1440K(83968K)] 448791K->365834K(594432K), 0.0017547 secs] [Times: user=0.01 sys=0.00, real=0.00 secs] 
1880.484: [GC (Allocation Failure) [PSYoungGen: 83872K->1392K(83456K)] 448266K->365786K(593920K), 0.0017786 secs] [Times: user=0.01 sys=0.00, real=0.00 secs] 
1880.840: [GC (Allocation Failure) [PSYoungGen: 83312K->1376K(82944K)] 447706K->365770K(593408K), 0.0028641 secs] [Times: user=0.01 sys=0.00, real=0.00 secs] 
1881.175: [GC (Allocation Failure) [PSYoungGen: 82784K->1376K(82432K)] 447178K->365770K(592896K), 0.0022995 secs] [Times: user=0.01 sys=0.00, real=0.01 secs] 
1881.393: [GC (Allocation Failure) [PSYoungGen: 82272K->1469K(81920K)] 446666K->365863K(592384K), 0.0016454 secs] [Times: user=0.01 sys=0.00, real=0.00 secs] 
1881.556: [GC (Allocation Failure) [PSYoungGen: 81853K->1485K(81408K)] 446247K->365879K(591872K), 0.0020296 secs] [Times: user=0.01 sys=0.00, real=0.00 secs] 
1881.743: [GC (Allocation Failure) [PSYoungGen: 81357K->1453K(80896K)] 445751K->365847K(591360K), 0.0020520 secs] [Times: user=0.00 sys=0.00, real=0.00 secs] 
1882.052: [GC (Allocation Failure) [PSYoungGen: 80813K->1424K(80384K)] 445207K->365818K(590848K), 0.0019268 secs] [Times: user=0.01 sys=0.00, real=0.00 secs] 
1882.416: [GC (Allocation Failure) [PSYoungGen: 80272K->1408K(79872K)] 444666K->365802K(590336K), 0.0017158 secs] [Times: user=0.01 sys=0.00, real=0.00 secs] 
1882.748: [GC (Allocation Failure) [PSYoungGen: 79744K->1376K(79360K)] 444138K->365786K(589824K), 0.0020099 secs] [Times: user=0.00 sys=0.00, real=0.00 secs] 
1883.069: [GC (Allocation Failure) [PSYoungGen: 79200K->1437K(78848K)] 443610K->365847K(589312K), 0.0015999 secs] [Times: user=0.00 sys=0.00, real=0.00 secs] 
1883.207: [GC (Allocation Failure) [PSYoungGen: 78749K->1453K(78336K)] 443159K->365863K(588800K), 0.0017835 secs] [Times: user=0.01 sys=0.00, real=0.00 secs] 
1883.341: [GC (Allocation Failure) [PSYoungGen: 78253K->1501K(77824K)] 442663K->365911K(588288K), 0.0016778 secs] [Times: user=0.01 sys=0.00, real=0.00 secs] 
1883.475: [GC (Allocation Failure) [PSYoungGen: 77789K->1501K(77312K)] 442199K->365911K(587776K), 0.0017077 secs] [Times: user=0.01 sys=0.00, real=0.01 secs] 
1883.801: [GC (Allocation Failure) [PSYoungGen: 77277K->1424K(76800K)] 441687K->365834K(587264K), 0.0017119 secs] [Times: user=0.01 sys=0.00, real=0.00 secs] 
1884.267: [GC (Allocation Failure) [PSYoungGen: 76688K->1408K(76288K)] 441098K->365818K(586752K), 0.0017530 secs] [Times: user=0.00 sys=0.00, real=0.00 secs] 
1884.807: [GC (Allocation Failure) [PSYoungGen: 76160K->1376K(75776K)] 440570K->365786K(586240K), 0.0034874 secs] [Times: user=0.02 sys=0.00, real=0.00 secs] 
1885.459: [GC (Allocation Failure) [PSYoungGen: 75616K->1344K(75264K)] 440026K->365754K(585728K), 0.0033761 secs] [Times: user=0.01 sys=0.00, real=0.00 secs] 
1885.696: [GC (Allocation Failure) [PSYoungGen: 75072K->1421K(74752K)] 439482K->365831K(585216K), 0.0016138 secs] [Times: user=0.01 sys=0.00, real=0.00 secs] 
1885.824: [GC (Allocation Failure) [PSYoungGen: 74637K->1488K(74240K)] 439047K->365898K(584704K), 0.0016462 secs] [Times: user=0.00 sys=0.00, real=0.00 secs] 
1885.952: [GC (Allocation Failure) [PSYoungGen: 74192K->1533K(73728K)] 438602K->365967K(584192K), 0.0016929 secs] [Times: user=0.01 sys=0.00, real=0.00 secs] 
1886.732: [GC (Allocation Failure) [PSYoungGen: 73725K->1488K(73216K)] 438159K->365922K(583680K), 0.0042172 secs] [Times: user=0.02 sys=0.00, real=0.01 secs] 
1887.379: [GC (Allocation Failure) [PSYoungGen: 73168K->1376K(72704K)] 437602K->365810K(583168K), 0.0026019 secs] [Times: user=0.01 sys=0.00, real=0.00 secs] 
1887.923: [GC (Allocation Failure) [PSYoungGen: 72544K->1328K(72192K)] 436978K->365762K(582656K), 0.0025412 secs] [Times: user=0.01 sys=0.00, real=0.00 secs] 
1888.578: [GC (Allocation Failure) [PSYoungGen: 71984K->1328K(71680K)] 436418K->365762K(582144K), 0.0024840 secs] [Times: user=0.01 sys=0.00, real=0.00 secs] 
1889.199: [GC (Allocation Failure) [PSYoungGen: 71472K->1469K(71168K)] 435906K->365903K(581632K), 0.0027004 secs] [Times: user=0.01 sys=0.00, real=0.00 secs] 
1889.366: [GC (Allocation Failure) [PSYoungGen: 71101K->1501K(70656K)] 435535K->365935K(581120K), 0.0016505 secs] [Times: user=0.00 sys=0.00, real=0.01 secs] 
1889.507: [GC (Allocation Failure) [PSYoungGen: 70621K->1453K(70144K)] 435055K->365887K(580608K), 0.0018040 secs] [Times: user=0.00 sys=0.00, real=0.00 secs] 
1889.660: [GC (Allocation Failure) [PSYoungGen: 70035K->1469K(69632K)] 434469K->365903K(580096K), 0.0020035 secs] [Times: user=0.01 sys=0.00, real=0.00 secs] 
1890.508: [GC (Allocation Failure) [PSYoungGen: 69565K->1408K(69120K)] 433999K->365850K(579584K), 0.0044494 secs] [Times: user=0.02 sys=0.00, real=0.00 secs] 
1891.423: [GC (Allocation Failure) [PSYoungGen: 68992K->1408K(68608K)] 433434K->365850K(579072K), 0.0041858 secs] [Times: user=0.01 sys=0.00, real=0.01 secs] 
1891.930: [GC (Allocation Failure) [PSYoungGen: 68480K->1408K(68096K)] 432922K->365850K(578560K), 0.0029599 secs] [Times: user=0.01 sys=0.00, real=0.00 secs] 
1892.433: [GC (Allocation Failure) [PSYoungGen: 67968K->1376K(67584K)] 432410K->365818K(578048K), 0.0027040 secs] [Times: user=0.01 sys=0.00, real=0.00 secs] 
1892.835: [GC (Allocation Failure) [PSYoungGen: 67424K->1469K(67072K)] 431866K->365911K(577536K), 0.0027378 secs] [Times: user=0.01 sys=0.00, real=0.01 secs] 
1892.997: [GC (Allocation Failure) [PSYoungGen: 67005K->1421K(66560K)] 431447K->365863K(577024K), 0.0015902 secs] [Times: user=0.00 sys=0.00, real=0.00 secs] 
1893.111: [GC (Allocation Failure) [PSYoungGen: 66445K->1456K(66048K)] 430887K->365898K(576512K), 0.0017253 secs] [Times: user=0.01 sys=0.00, real=0.00 secs] 
1893.224: [GC (Allocation Failure) [PSYoungGen: 65968K->1533K(72704K)] 430410K->365991K(583168K), 0.0016196 secs] [Times: user=0.00 sys=0.00, real=0.00 secs] 
1893.688: [GC (Allocation Failure) [PSYoungGen: 72701K->1424K(73216K)] 437159K->365882K(583680K), 0.0044165 secs] [Times: user=0.02 sys=0.00, real=0.00 secs] 
1894.390: [GC (Allocation Failure) [PSYoungGen: 72592K->1376K(72192K)] 437050K->365834K(582656K), 0.0035277 secs] [Times: user=0.01 sys=0.00, real=0.00 secs] 
1894.903: [GC (Allocation Failure) [PSYoungGen: 72032K->1344K(71680K)] 436490K->365802K(582144K), 0.0024397 secs] [Times: user=0.01 sys=0.00, real=0.00 secs] 
1895.342: [GC (Allocation Failure) [PSYoungGen: 71488K->1408K(71168K)] 435946K->365866K(581632K), 0.0022343 secs] [Times: user=0.01 sys=0.00, real=0.00 secs] 
1895.636: [GC (Allocation Failure) [PSYoungGen: 71040K->1504K(70656K)] 435498K->365962K(581120K), 0.0017378 secs] [Times: user=0.01 sys=0.00, real=0.00 secs] 
1895.758: [GC (Allocation Failure) [PSYoungGen: 70624K->1533K(70144K)] 435082K->365991K(580608K), 0.0017645 secs] [Times: user=0.00 sys=0.00, real=0.00 secs] 
1895.878: [GC (Allocation Failure) [PSYoungGen: 70131K->1501K(69632K)] 434590K->365959K(580096K), 0.0017207 secs] [Times: user=0.01 sys=0.00, real=0.00 secs] 
1895.999: [GC (Allocation Failure) [PSYoungGen: 69597K->1501K(76800K)] 434055K->365967K(587264K), 0.0016613 secs] [Times: user=0.00 sys=0.00, real=0.00 secs] 
1898.636: [GC (Allocation Failure) [PSYoungGen: 76765K->1376K(76288K)] 441231K->365842K(586752K), 0.0047299 secs] [Times: user=0.02 sys=0.00, real=0.00 secs] 
1899.205: [GC (Allocation Failure) [PSYoungGen: 76128K->1376K(75776K)] 440594K->365866K(586240K), 0.0025448 secs] [Times: user=0.01 sys=0.00, real=0.01 secs] 
1899.519: [GC (Allocation Failure) [PSYoungGen: 75616K->1408K(75264K)] 440106K->365898K(585728K), 0.0020566 secs] [Times: user=0.01 sys=0.00, real=0.00 secs] 
1899.830: [GC (Allocation Failure) [PSYoungGen: 75136K->1469K(74752K)] 439626K->365959K(585216K), 0.0020115 secs] [Times: user=0.01 sys=0.00, real=0.00 secs] 
1899.964: [GC (Allocation Failure) [PSYoungGen: 74685K->1453K(74240K)] 439175K->365943K(584704K), 0.0016374 secs] [Times: user=0.00 sys=0.00, real=0.00 secs] 
1900.094: [GC (Allocation Failure) [PSYoungGen: 74157K->1501K(73728K)] 438647K->365991K(584192K), 0.0016881 secs] [Times: user=0.00 sys=0.00, real=0.00 secs] 
1900.220: [GC (Allocation Failure) [PSYoungGen: 73693K->1437K(74240K)] 438183K->365927K(584704K), 0.0016150 secs] [Times: user=0.01 sys=0.00, real=0.00 secs] 
1901.919: [GC (Allocation Failure) [PSYoungGen: 73629K->1424K(73216K)] 438119K->365922K(583680K), 0.0047649 secs] [Times: user=0.02 sys=0.00, real=0.00 secs] 
1903.182: [GC (Allocation Failure) [PSYoungGen: 73104K->1344K(72704K)] 437602K->365842K(583168K), 0.0034184 secs] [Times: user=0.01 sys=0.00, real=0.00 secs] 
1904.036: [GC (Allocation Failure) [PSYoungGen: 72512K->1344K(72192K)] 437010K->365842K(582656K), 0.0029076 secs] [Times: user=0.01 sys=0.00, real=0.00 secs] 
1904.821: [GC (Allocation Failure) [PSYoungGen: 72000K->1408K(71680K)] 436498K->365906K(582144K), 0.0023294 secs] [Times: user=0.01 sys=0.00, real=0.00 secs] 
1905.331: [GC (Allocation Failure) [PSYoungGen: 71552K->1501K(71168K)] 436050K->365999K(581632K), 0.0020469 secs] [Times: user=0.00 sys=0.00, real=0.00 secs] 
1905.465: [GC (Allocation Failure) [PSYoungGen: 71133K->1501K(70656K)] 435631K->365999K(581120K), 0.0017401 secs] [Times: user=0.01 sys=0.00, real=0.01 secs] 
1905.589: [GC (Allocation Failure) [PSYoungGen: 70621K->1488K(70144K)] 435119K->365986K(580608K), 0.0016554 secs] [Times: user=0.01 sys=0.00, real=0.00 secs] 
1905.709: [GC (Allocation Failure) [PSYoungGen: 70091K->1533K(69632K)] 434589K->366031K(580096K), 0.0017455 secs] [Times: user=0.01 sys=0.00, real=0.00 secs] 
1907.406: [GC (Allocation Failure) [PSYoungGen: 69629K->1424K(69120K)] 434127K->365922K(579584K), 0.0031187 secs] [Times: user=0.01 sys=0.00, real=0.01 secs] 
1908.614: [GC (Allocation Failure) [PSYoungGen: 69008K->1408K(68608K)] 433506K->365906K(579072K), 0.0041585 secs] [Times: user=0.01 sys=0.00, real=0.01 secs] 
1909.687: [GC (Allocation Failure) [PSYoungGen: 68480K->1344K(68096K)] 432978K->365842K(578560K), 0.0030720 secs] [Times: user=0.01 sys=0.00, real=0.00 secs] 
1910.702: [GC (Allocation Failure) [PSYoungGen: 67904K->1392K(67584K)] 432402K->365890K(578048K), 0.0041921 secs] [Times: user=0.01 sys=0.00, real=0.01 secs] 
1911.147: [GC (Allocation Failure) [PSYoungGen: 67440K->1469K(67072K)] 431938K->365967K(577536K), 0.0021943 secs] [Times: user=0.01 sys=0.00, real=0.00 secs] 
1911.281: [GC (Allocation Failure) [PSYoungGen: 67005K->1533K(66560K)] 431503K->366031K(577024K), 0.0017705 secs] [Times: user=0.01 sys=0.00, real=0.00 secs] 
1911.395: [GC (Allocation Failure) [PSYoungGen: 66557K->1421K(66048K)] 431055K->365919K(576512K), 0.0016417 secs] [Times: user=0.00 sys=0.00, real=0.01 secs] 
1911.510: [GC (Allocation Failure) [PSYoungGen: 65933K->1421K(72704K)] 430431K->365935K(583168K), 0.0016985 secs] [Times: user=0.00 sys=0.00, real=0.00 secs] 
1912.330: [GC (Allocation Failure) [PSYoungGen: 72589K->1440K(72192K)] 437103K->365954K(582656K), 0.0018425 secs] [Times: user=0.01 sys=0.00, real=0.00 secs] 
1913.050: [GC (Allocation Failure) [PSYoungGen: 72096K->1376K(71680K)] 436610K->365890K(582144K), 0.0020882 secs] [Times: user=0.01 sys=0.00, real=0.00 secs] 
1913.432: [GC (Allocation Failure) [PSYoungGen: 71520K->1408K(71168K)] 436034K->365922K(581632K), 0.0020025 secs] [Times: user=0.01 sys=0.00, real=0.00 secs] 
1914.123: [GC (Allocation Failure) [PSYoungGen: 71040K->1376K(70656K)] 435554K->365890K(581120K), 0.0022678 secs] [Times: user=0.01 sys=0.00, real=0.00 secs] 
1914.424: [GC (Allocation Failure) [PSYoungGen: 70496K->1424K(70144K)] 435010K->365938K(580608K), 0.0015378 secs] [Times: user=0.01 sys=0.00, real=0.01 secs] 
1914.545: [GC (Allocation Failure) [PSYoungGen: 70032K->1533K(69632K)] 434546K->366047K(580096K), 0.0017114 secs] [Times: user=0.00 sys=0.00, real=0.01 secs] 
1914.664: [GC (Allocation Failure) [PSYoungGen: 69629K->1456K(69120K)] 434143K->365970K(579584K), 0.0016032 secs] [Times: user=0.01 sys=0.01, real=0.00 secs] 
1914.802: [GC (Allocation Failure) [PSYoungGen: 69040K->1488K(70144K)] 433554K->366010K(580608K), 0.0019445 secs] [Times: user=0.00 sys=0.00, real=0.00 secs] 
1915.556: [GC (Allocation Failure) [PSYoungGen: 69584K->1408K(69120K)] 434106K->365930K(579584K), 0.0028528 secs] [Times: user=0.01 sys=0.00, real=0.00 secs] 
1916.221: [GC (Allocation Failure) [PSYoungGen: 68992K->1376K(68608K)] 433514K->365898K(579072K), 0.0022212 secs] [Times: user=0.01 sys=0.00, real=0.00 secs] 
1916.800: [GC (Allocation Failure) [PSYoungGen: 68448K->1344K(68096K)] 432970K->365866K(578560K), 0.0021807 secs] [Times: user=0.01 sys=0.00, real=0.00 secs] 
1917.077: [GC (Allocation Failure) [PSYoungGen: 67904K->1376K(67584K)] 432426K->365898K(578048K), 0.0022072 secs] [Times: user=0.01 sys=0.00, real=0.00 secs] 
1917.302: [GC (Allocation Failure) [PSYoungGen: 67424K->1469K(67072K)] 431946K->365991K(577536K), 0.0016797 secs] [Times: user=0.00 sys=0.00, real=0.00 secs] 
1917.419: [GC (Allocation Failure) [PSYoungGen: 67005K->1501K(66560K)] 431527K->366023K(577024K), 0.0017808 secs] [Times: user=0.01 sys=0.00, real=0.00 secs] 
1917.549: [GC (Allocation Failure) [PSYoungGen: 66525K->1437K(73216K)] 431047K->365983K(583680K), 0.0019125 secs] [Times: user=0.01 sys=0.00, real=0.00 secs] 
1917.709: [GC (Allocation Failure) [PSYoungGen: 73117K->1469K(73728K)] 437663K->366031K(584192K), 0.0018534 secs] [Times: user=0.01 sys=0.00, real=0.00 secs] 
1919.250: [GC (Allocation Failure) [PSYoungGen: 73149K->1376K(72704K)] 437711K->365938K(583168K), 0.0022682 secs] [Times: user=0.01 sys=0.00, real=0.00 secs] 
1919.735: [GC (Allocation Failure) [PSYoungGen: 72544K->1424K(72192K)] 437106K->365986K(582656K), 0.0058002 secs] [Times: user=0.00 sys=0.02, real=0.01 secs] 
1920.320: [GC (Allocation Failure) [PSYoungGen: 72080K->1312K(71680K)] 436642K->365874K(582144K), 0.0020593 secs] [Times: user=0.01 sys=0.00, real=0.00 secs] 
1920.873: [GC (Allocation Failure) [PSYoungGen: 71456K->1360K(71168K)] 436018K->365922K(581632K), 0.0021345 secs] [Times: user=0.01 sys=0.00, real=0.00 secs] 
1921.085: [GC (Allocation Failure) [PSYoungGen: 70992K->1533K(70656K)] 435554K->366095K(581120K), 0.0016939 secs] [Times: user=0.01 sys=0.00, real=0.01 secs] 
1921.208: [GC (Allocation Failure) [PSYoungGen: 70653K->1533K(70144K)] 435215K->366095K(580608K), 0.0018054 secs] [Times: user=0.01 sys=0.00, real=0.00 secs] 
1921.328: [GC (Allocation Failure) [PSYoungGen: 70134K->1501K(77312K)] 434696K->366063K(587776K), 0.0016386 secs] [Times: user=0.00 sys=0.00, real=0.00 secs] 
1921.547: [GC (Allocation Failure) [PSYoungGen: 77277K->1424K(76800K)] 441839K->365986K(587264K), 0.0019698 secs] [Times: user=0.00 sys=0.00, real=0.00 secs] 
1921.879: [GC (Allocation Failure) [PSYoungGen: 76688K->1360K(76288K)] 441250K->365922K(586752K), 0.0017875 secs] [Times: user=0.00 sys=0.00, real=0.00 secs] 
1922.190: [GC (Allocation Failure) [PSYoungGen: 76112K->1376K(75776K)] 440674K->365938K(586240K), 0.0027174 secs] [Times: user=0.01 sys=0.00, real=0.00 secs] 
1922.606: [GC (Allocation Failure) [PSYoungGen: 75616K->1376K(75264K)] 440178K->365938K(585728K), 0.0035130 secs] [Times: user=0.01 sys=0.00, real=0.01 secs] 
1923.019: [GC (Allocation Failure) [PSYoungGen: 75081K->1469K(74752K)] 439643K->366031K(585216K), 0.0020786 secs] [Times: user=0.00 sys=0.00, real=0.00 secs] 
1923.156: [GC (Allocation Failure) [PSYoungGen: 74685K->1501K(74240K)] 439247K->366063K(584704K), 0.0018217 secs] [Times: user=0.01 sys=0.00, real=0.01 secs] 
1923.285: [GC (Allocation Failure) [PSYoungGen: 74205K->1533K(73728K)] 438767K->366095K(584192K), 0.0017931 secs] [Times: user=0.01 sys=0.00, real=0.01 secs] 
1923.414: [GC (Allocation Failure) [PSYoungGen: 72837K->256K(74240K)] 437400K->364818K(584704K), 0.0015478 secs] [Times: user=0.00 sys=0.00, real=0.00 secs] 
1923.821: [GC (Allocation Failure) [PSYoungGen: 72448K->1376K(73216K)] 437010K->365938K(583680K), 0.0018259 secs] [Times: user=0.01 sys=0.00, real=0.00 secs] 
1924.319: [GC (Allocation Failure) [PSYoungGen: 73056K->1344K(72704K)] 437618K->365906K(583168K), 0.0041322 secs] [Times: user=0.01 sys=0.00, real=0.00 secs] 
1924.918: [GC (Allocation Failure) [PSYoungGen: 72512K->1440K(72192K)] 437074K->366002K(582656K), 0.0026586 secs] [Times: user=0.02 sys=0.00, real=0.00 secs] 
1925.431: [GC (Allocation Failure) [PSYoungGen: 72096K->1501K(71680K)] 436658K->366063K(582144K), 0.0024685 secs] [Times: user=0.01 sys=0.00, real=0.00 secs] 
1925.602: [GC (Allocation Failure) [PSYoungGen: 71640K->1453K(71168K)] 436202K->366015K(581632K), 0.0016037 secs] [Times: user=0.01 sys=0.00, real=0.00 secs] 
1925.725: [GC (Allocation Failure) [PSYoungGen: 71085K->1501K(70656K)] 435647K->366063K(581120K), 0.0017279 secs] [Times: user=0.01 sys=0.00, real=0.01 secs] 
1925.848: [GC (Allocation Failure) [PSYoungGen: 70621K->1453K(71168K)] 435183K->366015K(581632K), 0.0016333 secs] [Times: user=0.01 sys=0.00, real=0.00 secs] 
1926.165: [GC (Allocation Failure) [PSYoungGen: 70573K->1456K(70144K)] 435135K->366042K(580608K), 0.0021411 secs] [Times: user=0.01 sys=0.00, real=0.01 secs] 
1926.720: [GC (Allocation Failure) [PSYoungGen: 70064K->1344K(69632K)] 434650K->365930K(580096K), 0.0024022 secs] [Times: user=0.01 sys=0.00, real=0.00 secs] 
1927.338: [GC (Allocation Failure) [PSYoungGen: 69440K->1344K(69120K)] 434026K->365930K(579584K), 0.0022252 secs] [Times: user=0.01 sys=0.00, real=0.00 secs] 
1927.904: [GC (Allocation Failure) [PSYoungGen: 68928K->1344K(68608K)] 433514K->365930K(579072K), 0.0024225 secs] [Times: user=0.01 sys=0.00, real=0.01 secs] 
1928.332: [GC (Allocation Failure) [PSYoungGen: 68416K->1437K(68096K)] 433002K->366023K(578560K), 0.0019377 secs] [Times: user=0.01 sys=0.00, real=0.00 secs] 
1928.458: [GC (Allocation Failure) [PSYoungGen: 67997K->1485K(67584K)] 432583K->366071K(578048K), 0.0017138 secs] [Times: user=0.01 sys=0.00, real=0.00 secs] 
1928.574: [GC (Allocation Failure) [PSYoungGen: 67533K->1421K(67072K)] 432119K->366007K(577536K), 0.0016286 secs] [Times: user=0.01 sys=0.00, real=0.01 secs] 
1928.691: [GC (Allocation Failure) [PSYoungGen: 66957K->1501K(74752K)] 431543K->366095K(585216K), 0.0017098 secs] [Times: user=0.00 sys=0.00, real=0.00 secs] 
1929.122: [GC (Allocation Failure) [PSYoungGen: 74205K->1424K(73728K)] 438799K->366018K(584192K), 0.0017716 secs] [Times: user=0.01 sys=0.00, real=0.00 secs] 
1930.033: [GC (Allocation Failure) [PSYoungGen: 73616K->1376K(73216K)] 438210K->365970K(583680K), 0.0027757 secs] [Times: user=0.01 sys=0.00, real=0.00 secs] 
1930.820: [GC (Allocation Failure) [PSYoungGen: 73056K->1408K(72704K)] 437650K->366002K(583168K), 0.0027141 secs] [Times: user=0.01 sys=0.00, real=0.00 secs] 
1931.440: [GC (Allocation Failure) [PSYoungGen: 72576K->1376K(72192K)] 437170K->365970K(582656K), 0.0027666 secs] [Times: user=0.01 sys=0.00, real=0.00 secs] 
1931.913: [GC (Allocation Failure) [PSYoungGen: 72032K->1469K(71680K)] 436626K->366071K(582144K), 0.0021938 secs] [Times: user=0.01 sys=0.00, real=0.00 secs] 
1932.090: [GC (Allocation Failure) [PSYoungGen: 71613K->1517K(71168K)] 436215K->366119K(581632K), 0.0020008 secs] [Times: user=0.01 sys=0.00, real=0.00 secs] 
1932.245: [GC (Allocation Failure) [PSYoungGen: 71149K->1501K(70656K)] 435751K->366103K(581120K), 0.0017757 secs] [Times: user=0.01 sys=0.00, real=0.01 secs] 
1932.367: [GC (Allocation Failure) [PSYoungGen: 70621K->1533K(70144K)] 435223K->366151K(580608K), 0.0017132 secs] [Times: user=0.00 sys=0.00, real=0.00 secs] 
1933.001: [GC (Allocation Failure) [PSYoungGen: 70141K->1408K(69632K)] 434759K->366026K(580096K), 0.0028129 secs] [Times: user=0.01 sys=0.00, real=0.00 secs] 
1933.650: [GC (Allocation Failure) [PSYoungGen: 69504K->1376K(69120K)] 434122K->365994K(579584K), 0.0023764 secs] [Times: user=0.01 sys=0.00, real=0.00 secs] 
1934.608: [GC (Allocation Failure) [PSYoungGen: 68960K->1344K(68608K)] 433578K->365970K(579072K), 0.0023117 secs] [Times: user=0.01 sys=0.00, real=0.00 secs] 
1935.574: [GC (Allocation Failure) [PSYoungGen: 68416K->1392K(68096K)] 433042K->366018K(578560K), 0.0022192 secs] [Times: user=0.01 sys=0.00, real=0.01 secs] 
1936.099: [GC (Allocation Failure) [PSYoungGen: 67952K->1501K(67584K)] 432578K->366127K(578048K), 0.0020404 secs] [Times: user=0.00 sys=0.00, real=0.00 secs] 
1936.218: [GC (Allocation Failure) [PSYoungGen: 67549K->1488K(67072K)] 432175K->366114K(577536K), 0.0016435 secs] [Times: user=0.01 sys=0.00, real=0.00 secs] 
1936.334: [GC (Allocation Failure) [PSYoungGen: 67024K->1469K(66560K)] 431650K->366095K(577024K), 0.0016685 secs] [Times: user=0.01 sys=0.00, real=0.00 secs] 
1936.449: [GC (Allocation Failure) [PSYoungGen: 66491K->1488K(67072K)] 431117K->366130K(577536K), 0.0017285 secs] [Times: user=0.01 sys=0.00, real=0.00 secs] 
1937.510: [GC (Allocation Failure) [PSYoungGen: 66512K->1424K(66048K)] 431154K->366074K(576512K), 0.0042571 secs] [Times: user=0.01 sys=0.00, real=0.00 secs] 
1938.385: [GC (Allocation Failure) [PSYoungGen: 65936K->1408K(65536K)] 430586K->366058K(576000K), 0.0024838 secs] [Times: user=0.01 sys=0.00, real=0.01 secs] 
1938.920: [GC (Allocation Failure) [PSYoungGen: 65408K->1344K(65024K)] 430058K->365994K(575488K), 0.0025689 secs] [Times: user=0.01 sys=0.00, real=0.00 secs] 
1939.527: [GC (Allocation Failure) [PSYoungGen: 64832K->1408K(64512K)] 429482K->366082K(574976K), 0.0074270 secs] [Times: user=0.03 sys=0.00, real=0.00 secs] 
1939.963: [GC (Allocation Failure) [PSYoungGen: 64384K->1456K(64000K)] 429058K->366130K(574464K), 0.0021350 secs] [Times: user=0.01 sys=0.00, real=0.00 secs] 
1940.093: [GC (Allocation Failure) [PSYoungGen: 63920K->1440K(63488K)] 428594K->366114K(573952K), 0.0017221 secs] [Times: user=0.01 sys=0.00, real=0.00 secs] 
1940.218: [GC (Allocation Failure) [PSYoungGen: 63392K->1485K(70144K)] 428066K->366159K(580608K), 0.0018749 secs] [Times: user=0.00 sys=0.00, real=0.00 secs] 
1940.375: [GC (Allocation Failure) [PSYoungGen: 70093K->1453K(70656K)] 434767K->366135K(581120K), 0.0021243 secs] [Times: user=0.01 sys=0.00, real=0.01 secs] 
1940.674: [GC (Allocation Failure) [PSYoungGen: 70061K->1424K(77824K)] 434743K->366106K(588288K), 0.0025084 secs] [Times: user=0.01 sys=0.00, real=0.01 secs] 
1941.459: [GC (Allocation Failure) [PSYoungGen: 77200K->1376K(76800K)] 441882K->366058K(587264K), 0.0029641 secs] [Times: user=0.01 sys=0.00, real=0.00 secs] 
1942.235: [GC (Allocation Failure) [PSYoungGen: 76640K->1408K(76288K)] 441322K->366090K(586752K), 0.0028861 secs] [Times: user=0.01 sys=0.00, real=0.01 secs] 
1942.935: [GC (Allocation Failure) [PSYoungGen: 76160K->1344K(75776K)] 440842K->366026K(586240K), 0.0028183 secs] [Times: user=0.02 sys=0.00, real=0.01 secs] 
1943.395: [GC (Allocation Failure) [PSYoungGen: 75584K->1533K(75264K)] 440266K->366215K(585728K), 0.0028300 secs] [Times: user=0.01 sys=0.00, real=0.01 secs] 
1943.580: [GC (Allocation Failure) [PSYoungGen: 75261K->1421K(74752K)] 439943K->366103K(585216K), 0.0017697 secs] [Times: user=0.01 sys=0.00, real=0.00 secs] 
1943.709: [GC (Allocation Failure) [PSYoungGen: 74637K->1533K(74240K)] 439319K->366215K(584704K), 0.0016934 secs] [Times: user=0.00 sys=0.00, real=0.00 secs] 
1943.837: [GC (Allocation Failure) [PSYoungGen: 74237K->1501K(73728K)] 438919K->366207K(584192K), 0.0018251 secs] [Times: user=0.01 sys=0.00, real=0.00 secs] 
1944.419: [GC (Allocation Failure) [PSYoungGen: 73693K->1376K(73216K)] 438399K->366082K(583680K), 0.0027678 secs] [Times: user=0.01 sys=0.00, real=0.00 secs] 
1945.010: [GC (Allocation Failure) [PSYoungGen: 73056K->1344K(72704K)] 437762K->366050K(583168K), 0.0023084 secs] [Times: user=0.01 sys=0.00, real=0.00 secs] 
1945.665: [GC (Allocation Failure) [PSYoungGen: 72512K->1376K(72192K)] 437218K->366082K(582656K), 0.0037955 secs] [Times: user=0.01 sys=0.00, real=0.01 secs] 
1946.360: [GC (Allocation Failure) [PSYoungGen: 72032K->1501K(71680K)] 436738K->366207K(582144K), 0.0039671 secs] [Times: user=0.02 sys=0.00, real=0.00 secs] 
1946.589: [GC (Allocation Failure) [PSYoungGen: 71645K->1501K(71168K)] 436351K->366207K(581632K), 0.0020508 secs] [Times: user=0.01 sys=0.00, real=0.00 secs] 
1946.752: [GC (Allocation Failure) [PSYoungGen: 71133K->1485K(70656K)] 435839K->366191K(581120K), 0.0019662 secs] [Times: user=0.00 sys=0.00, real=0.00 secs] 
1946.906: [GC (Allocation Failure) [PSYoungGen: 70605K->1453K(70144K)] 435311K->366159K(580608K), 0.0016942 secs] [Times: user=0.00 sys=0.00, real=0.00 secs] 
1947.140: [GC (Allocation Failure) [PSYoungGen: 70061K->1440K(69632K)] 434767K->366154K(580096K), 0.0023966 secs] [Times: user=0.01 sys=0.00, real=0.00 secs] 
1947.518: [GC (Allocation Failure) [PSYoungGen: 69536K->1376K(69120K)] 434250K->366090K(579584K), 0.0024946 secs] [Times: user=0.01 sys=0.00, real=0.00 secs] 
1948.016: [GC (Allocation Failure) [PSYoungGen: 68960K->1440K(68608K)] 433674K->366186K(579072K), 0.0025359 secs] [Times: user=0.01 sys=0.00, real=0.00 secs] 
1948.594: [GC (Allocation Failure) [PSYoungGen: 68512K->1360K(68096K)] 433258K->366106K(578560K), 0.0024502 secs] [Times: user=0.01 sys=0.00, real=0.01 secs] 
1949.121: [GC (Allocation Failure) [PSYoungGen: 67920K->1437K(67584K)] 432666K->366183K(578048K), 0.0024628 secs] [Times: user=0.01 sys=0.00, real=0.00 secs] 
1949.271: [GC (Allocation Failure) [PSYoungGen: 67485K->1533K(67072K)] 432231K->366279K(577536K), 0.0016969 secs] [Times: user=0.01 sys=0.00, real=0.00 secs] 
1949.387: [GC (Allocation Failure) [PSYoungGen: 67037K->1469K(66560K)] 431783K->366215K(577024K), 0.0016813 secs] [Times: user=0.01 sys=0.00, real=0.00 secs] 
1949.501: [GC (Allocation Failure) [PSYoungGen: 66493K->1456K(67072K)] 431239K->366202K(577536K), 0.0016988 secs] [Times: user=0.01 sys=0.00, real=0.00 secs] 
1949.802: [GC (Allocation Failure) [PSYoungGen: 66480K->1424K(66048K)] 431226K->366170K(576512K), 0.0024279 secs] [Times: user=0.01 sys=0.00, real=0.00 secs] 
1950.425: [GC (Allocation Failure) [PSYoungGen: 65936K->1376K(65536K)] 430682K->366122K(576000K), 0.0027890 secs] [Times: user=0.01 sys=0.01, real=0.01 secs] 
1951.046: [GC (Allocation Failure) [PSYoungGen: 65376K->1344K(65024K)] 430122K->366090K(575488K), 0.0030725 secs] [Times: user=0.02 sys=0.00, real=0.01 secs] 
1951.789: [GC (Allocation Failure) [PSYoungGen: 64832K->1376K(64512K)] 429578K->366122K(574976K), 0.0084520 secs] [Times: user=0.04 sys=0.00, real=0.01 secs] 
1952.373: [GC (Allocation Failure) [PSYoungGen: 64352K->1376K(64000K)] 429098K->366122K(574464K), 0.0026922 secs] [Times: user=0.01 sys=0.00, real=0.00 secs] 
1952.639: [GC (Allocation Failure) [PSYoungGen: 63840K->1488K(63488K)] 428586K->366234K(573952K), 0.0019831 secs] [Times: user=0.00 sys=0.00, real=0.00 secs] 
1952.757: [GC (Allocation Failure) [PSYoungGen: 63440K->1517K(62976K)] 428186K->366263K(573440K), 0.0017139 secs] [Times: user=0.01 sys=0.00, real=0.00 secs] 
1952.865: [GC (Allocation Failure) [PSYoungGen: 62957K->1501K(63488K)] 427703K->366263K(573952K), 0.0017317 secs] [Times: user=0.01 sys=0.00, real=0.01 secs] 
1952.974: [GC (Allocation Failure) [PSYoungGen: 62941K->1501K(63488K)] 427703K->366263K(573952K), 0.0016233 secs] [Times: user=0.01 sys=0.00, real=0.00 secs] 
1953.305: [GC (Allocation Failure) [PSYoungGen: 62941K->1424K(69120K)] 427703K->366186K(579584K), 0.0020061 secs] [Times: user=0.01 sys=0.01, real=0.01 secs] 
1953.586: [GC (Allocation Failure) [PSYoungGen: 69008K->1376K(68608K)] 433770K->366138K(579072K), 0.0019554 secs] [Times: user=0.01 sys=0.01, real=0.00 secs] 
1953.866: [GC (Allocation Failure) [PSYoungGen: 68448K->1392K(68096K)] 433210K->366154K(578560K), 0.0020248 secs] [Times: user=0.01 sys=0.00, real=0.00 secs] 
1954.142: [GC (Allocation Failure) [PSYoungGen: 67952K->1408K(67584K)] 432714K->366170K(578048K), 0.0019267 secs] [Times: user=0.00 sys=0.00, real=0.00 secs] 
1954.392: [GC (Allocation Failure) [PSYoungGen: 67456K->1440K(67072K)] 432218K->366202K(577536K), 0.0021580 secs] [Times: user=0.01 sys=0.00, real=0.00 secs] 
1954.580: [GC (Allocation Failure) [PSYoungGen: 66976K->1469K(66560K)] 431738K->366231K(577024K), 0.0027546 secs] [Times: user=0.01 sys=0.00, real=0.00 secs] 
1954.786: [GC (Allocation Failure) [PSYoungGen: 66493K->1469K(67072K)] 431255K->366239K(577536K), 0.0023529 secs] [Times: user=0.01 sys=0.00, real=0.01 secs] 
1954.925: [GC (Allocation Failure) [PSYoungGen: 66493K->1533K(67072K)] 431263K->366303K(577536K), 0.0016875 secs] [Times: user=0.01 sys=0.00, real=0.01 secs] 
1955.128: [GC (Allocation Failure) [PSYoungGen: 66557K->1440K(74240K)] 431327K->366210K(584704K), 0.0033906 secs] [Times: user=0.01 sys=0.00, real=0.00 secs] 
1955.430: [GC (Allocation Failure) [PSYoungGen: 73632K->1312K(74240K)] 438402K->366098K(584704K), 0.0020977 secs] [Times: user=0.01 sys=0.00, real=0.00 secs] 
1955.730: [GC (Allocation Failure) [PSYoungGen: 73504K->1376K(73216K)] 438290K->366162K(583680K), 0.0020161 secs] [Times: user=0.01 sys=0.00, real=0.00 secs] 
1956.045: [GC (Allocation Failure) [PSYoungGen: 73056K->1376K(72704K)] 437842K->366162K(583168K), 0.0019426 secs] [Times: user=0.00 sys=0.00, real=0.01 secs] 
1956.320: [GC (Allocation Failure) [PSYoungGen: 72544K->1501K(72192K)] 437330K->366287K(582656K), 0.0015874 secs] [Times: user=0.01 sys=0.00, real=0.00 secs] 
1956.446: [GC (Allocation Failure) [PSYoungGen: 72157K->1453K(71680K)] 436943K->366239K(582144K), 0.0017126 secs] [Times: user=0.00 sys=0.00, real=0.01 secs] 
1956.569: [GC (Allocation Failure) [PSYoungGen: 71597K->1504K(78848K)] 436383K->366314K(589312K), 0.0017323 secs] [Times: user=0.01 sys=0.00, real=0.00 secs] 
1956.704: [GC (Allocation Failure) [PSYoungGen: 78816K->1501K(79360K)] 443626K->366327K(589824K), 0.0016821 secs] [Times: user=0.00 sys=0.01, real=0.01 secs] 
1957.170: [GC (Allocation Failure) [PSYoungGen: 78813K->1408K(78336K)] 443639K->366234K(588800K), 0.0029523 secs] [Times: user=0.01 sys=0.00, real=0.00 secs] 
1957.584: [GC (Allocation Failure) [PSYoungGen: 78208K->1312K(77824K)] 443034K->366138K(588288K), 0.0022401 secs] [Times: user=0.01 sys=0.00, real=0.01 secs] 
1957.925: [GC (Allocation Failure) [PSYoungGen: 77600K->1344K(77312K)] 442426K->366170K(587776K), 0.0020874 secs] [Times: user=0.01 sys=0.00, real=0.01 secs] 
1958.356: [GC (Allocation Failure) [PSYoungGen: 77120K->1504K(76800K)] 441946K->366330K(587264K), 0.0019781 secs] [Times: user=0.01 sys=0.00, real=0.00 secs] 
1958.497: [GC (Allocation Failure) [PSYoungGen: 76768K->1469K(76288K)] 441594K->366295K(586752K), 0.0016453 secs] [Times: user=0.01 sys=0.00, real=0.00 secs] 
1958.628: [GC (Allocation Failure) [PSYoungGen: 76221K->1501K(75776K)] 441047K->366327K(586240K), 0.0016567 secs] [Times: user=0.00 sys=0.00, real=0.00 secs] 
1958.760: [GC (Allocation Failure) [PSYoungGen: 75741K->1488K(83456K)] 440567K->366314K(593920K), 0.0016194 secs] [Times: user=0.01 sys=0.00, real=0.00 secs] 
1959.107: [GC (Allocation Failure) [PSYoungGen: 83408K->1392K(82944K)] 448234K->366218K(593408K), 0.0020249 secs] [Times: user=0.01 sys=0.00, real=0.00 secs] 
1959.498: [GC (Allocation Failure) [PSYoungGen: 82800K->1408K(82432K)] 447626K->366234K(592896K), 0.0019355 secs] [Times: user=0.00 sys=0.00, real=0.00 secs] 
1959.858: [GC (Allocation Failure) [PSYoungGen: 82304K->1408K(81920K)] 447130K->366234K(592384K), 0.0019595 secs] [Times: user=0.01 sys=0.00, real=0.00 secs] 
1960.334: [GC (Allocation Failure) [PSYoungGen: 81792K->1389K(81408K)] 446618K->366215K(591872K), 0.0016408 secs] [Times: user=0.00 sys=0.00, real=0.00 secs] 
1960.498: [GC (Allocation Failure) [PSYoungGen: 81261K->1485K(80896K)] 446087K->366311K(591360K), 0.0018325 secs] [Times: user=0.01 sys=0.00, real=0.00 secs] 
1960.682: [GC (Allocation Failure) [PSYoungGen: 80845K->1517K(80384K)] 445671K->366343K(590848K), 0.0020768 secs] [Times: user=0.01 sys=0.00, real=0.00 secs] 
1960.918: [GC (Allocation Failure) [PSYoungGen: 80365K->1984K(80384K)] 445191K->366810K(590848K), 0.0020894 secs] [Times: user=0.01 sys=0.00, real=0.00 secs] 
1961.263: [GC (Allocation Failure) [PSYoungGen: 80320K->1376K(79360K)] 445146K->366202K(589824K), 0.0019583 secs] [Times: user=0.01 sys=0.00, real=0.00 secs] 
1961.725: [GC (Allocation Failure) [PSYoungGen: 79200K->1328K(78848K)] 444026K->366154K(589312K), 0.0021481 secs] [Times: user=0.00 sys=0.01, real=0.01 secs] 
1962.313: [GC (Allocation Failure) [PSYoungGen: 78640K->1408K(78336K)] 443466K->366234K(588800K), 0.0019439 secs] [Times: user=0.00 sys=0.00, real=0.00 secs] 
1962.750: [GC (Allocation Failure) [PSYoungGen: 78208K->1469K(77824K)] 443034K->366295K(588288K), 0.0016067 secs] [Times: user=0.01 sys=0.00, real=0.00 secs] 
1962.886: [GC (Allocation Failure) [PSYoungGen: 77757K->1469K(77312K)] 442583K->366295K(587776K), 0.0018279 secs] [Times: user=0.01 sys=0.00, real=0.00 secs] 
1963.022: [GC (Allocation Failure) [PSYoungGen: 77245K->1453K(76800K)] 442071K->366279K(587264K), 0.0017246 secs] [Times: user=0.01 sys=0.00, real=0.00 secs] 
1963.239: [GC (Allocation Failure) [PSYoungGen: 76717K->1472K(76288K)] 441543K->366810K(586752K), 0.0019234 secs] [Times: user=0.01 sys=0.00, real=0.00 secs] 
1963.587: [GC (Allocation Failure) [PSYoungGen: 76224K->1424K(75776K)] 441562K->366762K(586240K), 0.0019697 secs] [Times: user=0.01 sys=0.00, real=0.00 secs] 
1963.989: [GC (Allocation Failure) [PSYoungGen: 75664K->1408K(75264K)] 441002K->366746K(585728K), 0.0018478 secs] [Times: user=0.01 sys=0.00, real=0.00 secs] 
1964.454: [GC (Allocation Failure) [PSYoungGen: 75136K->1408K(74752K)] 440474K->366746K(585216K), 0.0019844 secs] [Times: user=0.01 sys=0.00, real=0.01 secs] 
1964.888: [GC (Allocation Failure) [PSYoungGen: 74624K->1437K(74240K)] 439962K->366775K(584704K), 0.0017512 secs] [Times: user=0.01 sys=0.00, real=0.00 secs] 
1965.017: [GC (Allocation Failure) [PSYoungGen: 74141K->1469K(73728K)] 439479K->366807K(584192K), 0.0017331 secs] [Times: user=0.01 sys=0.00, real=0.00 secs] 
1965.144: [GC (Allocation Failure) [PSYoungGen: 73661K->1501K(73216K)] 438999K->366839K(583680K), 0.0016391 secs] [Times: user=0.00 sys=0.00, real=0.01 secs] 
1965.271: [GC (Allocation Failure) [PSYoungGen: 73181K->1517K(72704K)] 438519K->366855K(583168K), 0.0016499 secs] [Times: user=0.01 sys=0.00, real=0.00 secs] 
1965.768: [GC (Allocation Failure) [PSYoungGen: 72685K->1408K(72192K)] 438023K->366754K(582656K), 0.0017482 secs] [Times: user=0.01 sys=0.00, real=0.00 secs] 
1966.259: [GC (Allocation Failure) [PSYoungGen: 72064K->1408K(71680K)] 437410K->366754K(582144K), 0.0019524 secs] [Times: user=0.00 sys=0.00, real=0.00 secs] 
1966.854: [GC (Allocation Failure) [PSYoungGen: 71552K->1376K(71168K)] 436898K->366746K(581632K), 0.0018985 secs] [Times: user=0.01 sys=0.00, real=0.01 secs] 
1967.479: [GC (Allocation Failure) [PSYoungGen: 71008K->1312K(70656K)] 436378K->366682K(581120K), 0.0019586 secs] [Times: user=0.01 sys=0.00, real=0.00 secs] 
1967.845: [GC (Allocation Failure) [PSYoungGen: 70432K->1469K(70144K)] 435802K->366839K(580608K), 0.0017898 secs] [Times: user=0.00 sys=0.00, real=0.01 secs] 
1967.966: [GC (Allocation Failure) [PSYoungGen: 70069K->1533K(69632K)] 435439K->366903K(580096K), 0.0018157 secs] [Times: user=0.01 sys=0.00, real=0.01 secs] 
1968.087: [GC (Allocation Failure) [PSYoungGen: 69629K->1421K(69120K)] 434999K->366791K(579584K), 0.0015791 secs] [Times: user=0.01 sys=0.00, real=0.00 secs] 
1968.208: [GC (Allocation Failure) [PSYoungGen: 69005K->1421K(70144K)] 434375K->366807K(580608K), 0.0017266 secs] [Times: user=0.01 sys=0.00, real=0.00 secs] 
1968.904: [GC (Allocation Failure) [PSYoungGen: 69517K->1408K(69120K)] 434903K->366794K(579584K), 0.0019826 secs] [Times: user=0.01 sys=0.00, real=0.00 secs] 
1969.440: [GC (Allocation Failure) [PSYoungGen: 68992K->1376K(68608K)] 434378K->366762K(579072K), 0.0022856 secs] [Times: user=0.01 sys=0.00, real=0.00 secs] 
1969.962: [GC (Allocation Failure) [PSYoungGen: 68448K->1344K(68096K)] 433834K->366730K(578560K), 0.0022114 secs] [Times: user=0.01 sys=0.00, real=0.00 secs] 
1970.395: [GC (Allocation Failure) [PSYoungGen: 67904K->1344K(67584K)] 433290K->366730K(578048K), 0.0022721 secs] [Times: user=0.01 sys=0.00, real=0.01 secs] 
1970.667: [GC (Allocation Failure) [PSYoungGen: 67392K->1424K(67072K)] 432778K->366810K(577536K), 0.0016087 secs] [Times: user=0.01 sys=0.00, real=0.00 secs] 
1970.783: [GC (Allocation Failure) [PSYoungGen: 66960K->1533K(66560K)] 432346K->366919K(577024K), 0.0016589 secs] [Times: user=0.00 sys=0.00, real=0.00 secs] 
1970.912: [GC (Allocation Failure) [PSYoungGen: 66557K->1453K(66048K)] 431943K->366839K(576512K), 0.0018793 secs] [Times: user=0.01 sys=0.00, real=0.00 secs] 
1971.064: [GC (Allocation Failure) [PSYoungGen: 65965K->1453K(73216K)] 431351K->366847K(583680K), 0.0020997 secs] [Times: user=0.00 sys=0.00, real=0.01 secs] 
1971.758: [GC (Allocation Failure) [PSYoungGen: 72621K->1472K(72192K)] 438015K->366866K(582656K), 0.0024255 secs] [Times: user=0.01 sys=0.00, real=0.00 secs] 
1972.708: [GC (Allocation Failure) [PSYoungGen: 72128K->1360K(71680K)] 437522K->366754K(582144K), 0.0025073 secs] [Times: user=0.01 sys=0.00, real=0.00 secs] 
1973.560: [GC (Allocation Failure) [PSYoungGen: 71504K->1344K(71168K)] 436898K->366738K(581632K), 0.0023566 secs] [Times: user=0.01 sys=0.00, real=0.00 secs] 
1974.296: [GC (Allocation Failure) [PSYoungGen: 70976K->1376K(70656K)] 436370K->366770K(581120K), 0.0024014 secs] [Times: user=0.01 sys=0.00, real=0.00 secs] 
1974.572: [GC (Allocation Failure) [PSYoungGen: 70496K->1453K(70144K)] 435890K->366847K(580608K), 0.0016908 secs] [Times: user=0.01 sys=0.00, real=0.00 secs] 
1974.694: [GC (Allocation Failure) [PSYoungGen: 70061K->1501K(69632K)] 435455K->366895K(580096K), 0.0017556 secs] [Times: user=0.01 sys=0.00, real=0.00 secs] 
1974.814: [GC (Allocation Failure) [PSYoungGen: 69597K->1488K(69120K)] 434991K->366882K(579584K), 0.0015906 secs] [Times: user=0.01 sys=0.00, real=0.01 secs] 
1974.954: [GC (Allocation Failure) [PSYoungGen: 69072K->1453K(70144K)] 434466K->366855K(580608K), 0.0020944 secs] [Times: user=0.01 sys=0.00, real=0.00 secs] 
1975.937: [GC (Allocation Failure) [PSYoungGen: 69549K->1408K(69120K)] 434951K->366810K(579584K), 0.0029921 secs] [Times: user=0.01 sys=0.00, real=0.00 secs] 
1976.543: [GC (Allocation Failure) [PSYoungGen: 68992K->1408K(68608K)] 434394K->366810K(579072K), 0.0029513 secs] [Times: user=0.01 sys=0.00, real=0.00 secs] 
1976.971: [GC (Allocation Failure) [PSYoungGen: 68480K->1376K(68096K)] 433882K->366778K(578560K), 0.0020864 secs] [Times: user=0.01 sys=0.00, real=0.00 secs] 
1977.247: [GC (Allocation Failure) [PSYoungGen: 67936K->1424K(67584K)] 433338K->366826K(578048K), 0.0021001 secs] [Times: user=0.00 sys=0.00, real=0.00 secs] 
1977.437: [GC (Allocation Failure) [PSYoungGen: 67472K->1533K(67072K)] 432874K->366935K(577536K), 0.0016167 secs] [Times: user=0.00 sys=0.00, real=0.00 secs] 
1977.553: [GC (Allocation Failure) [PSYoungGen: 67069K->1501K(66560K)] 432471K->366903K(577024K), 0.0018774 secs] [Times: user=0.01 sys=0.00, real=0.00 secs] 
1977.667: [GC (Allocation Failure) [PSYoungGen: 66525K->1501K(73216K)] 431927K->366903K(583680K), 0.0017232 secs] [Times: user=0.00 sys=0.00, real=0.00 secs] 
1977.793: [GC (Allocation Failure) [PSYoungGen: 73181K->1549K(73728K)] 438583K->366975K(584192K), 0.0016282 secs] [Times: user=0.01 sys=0.00, real=0.00 secs] 
1978.549: [GC (Allocation Failure) [PSYoungGen: 73229K->1392K(72704K)] 438655K->366818K(583168K), 0.0026228 secs] [Times: user=0.02 sys=0.00, real=0.00 secs] 
1979.365: [GC (Allocation Failure) [PSYoungGen: 72560K->1328K(80896K)] 437986K->366754K(591360K), 0.0174095 secs] [Times: user=0.07 sys=0.02, real=0.02 secs] 
1980.253: [GC (Allocation Failure) [PSYoungGen: 80176K->1344K(79872K)] 445602K->366770K(590336K), 0.0022223 secs] [Times: user=0.01 sys=0.00, real=0.00 secs] 
1981.108: [GC (Allocation Failure) [PSYoungGen: 79680K->1469K(79360K)] 445106K->366895K(589824K), 0.0025353 secs] [Times: user=0.01 sys=0.00, real=0.00 secs] 
1981.334: [GC (Allocation Failure) [PSYoungGen: 79293K->1469K(78848K)] 444719K->366895K(589312K), 0.0022855 secs] [Times: user=0.01 sys=0.00, real=0.01 secs] 
1981.493: [GC (Allocation Failure) [PSYoungGen: 78781K->1533K(78336K)] 444207K->366967K(588800K), 0.0017750 secs] [Times: user=0.01 sys=0.00, real=0.00 secs] 
1981.650: [GC (Allocation Failure) [PSYoungGen: 78333K->1485K(77824K)] 443767K->366919K(588288K), 0.0019357 secs] [Times: user=0.01 sys=0.00, real=0.00 secs] 
1982.667: [GC (Allocation Failure) [PSYoungGen: 77773K->1376K(77312K)] 443207K->366818K(587776K), 0.0037260 secs] [Times: user=0.02 sys=0.00, real=0.00 secs] 
1983.303: [GC (Allocation Failure) [PSYoungGen: 77152K->1408K(76800K)] 442594K->366850K(587264K), 0.0030906 secs] [Times: user=0.01 sys=0.00, real=0.00 secs] 
1984.238: [GC (Allocation Failure) [PSYoungGen: 76672K->1344K(76288K)] 442114K->366786K(586752K), 0.0034339 secs] [Times: user=0.01 sys=0.00, real=0.00 secs] 
1984.893: [GC (Allocation Failure) [PSYoungGen: 76096K->1501K(75776K)] 441538K->366943K(586240K), 0.0029438 secs] [Times: user=0.01 sys=0.01, real=0.01 secs] 
1985.114: [GC (Allocation Failure) [PSYoungGen: 75741K->1533K(75264K)] 441183K->366975K(585728K), 0.0017598 secs] [Times: user=0.01 sys=0.00, real=0.01 secs] 
1985.244: [GC (Allocation Failure) [PSYoungGen: 75261K->1501K(74752K)] 440703K->366943K(585216K), 0.0016315 secs] [Times: user=0.01 sys=0.00, real=0.00 secs] 
1985.372: [GC (Allocation Failure) [PSYoungGen: 74717K->1453K(74240K)] 440159K->366895K(584704K), 0.0016946 secs] [Times: user=0.01 sys=0.00, real=0.00 secs] 
1986.257: [GC (Allocation Failure) [PSYoungGen: 74157K->1456K(73728K)] 439599K->366898K(584192K), 0.0021782 secs] [Times: user=0.01 sys=0.00, real=0.00 secs] 
1987.351: [GC (Allocation Failure) [PSYoungGen: 73648K->1344K(73216K)] 439090K->366786K(583680K), 0.0025297 secs] [Times: user=0.01 sys=0.00, real=0.00 secs] 
1988.387: [GC (Allocation Failure) [PSYoungGen: 73024K->1408K(72704K)] 438466K->366850K(583168K), 0.0047574 secs] [Times: user=0.02 sys=0.00, real=0.00 secs] 
1988.821: [GC (Allocation Failure) [PSYoungGen: 72576K->1392K(72192K)] 438018K->366834K(582656K), 0.0020477 secs] [Times: user=0.01 sys=0.00, real=0.00 secs] 
1989.051: [GC (Allocation Failure) [PSYoungGen: 72048K->1469K(71680K)] 437490K->366911K(582144K), 0.0016452 secs] [Times: user=0.01 sys=0.00, real=0.00 secs] 
1989.175: [GC (Allocation Failure) [PSYoungGen: 71613K->1533K(71168K)] 437055K->366975K(581632K), 0.0017047 secs] [Times: user=0.00 sys=0.00, real=0.01 secs] 
1989.318: [GC (Allocation Failure) [PSYoungGen: 71165K->1424K(70656K)] 436607K->366890K(581120K), 0.0020151 secs] [Times: user=0.01 sys=0.00, real=0.00 secs] 
1989.552: [GC (Allocation Failure) [PSYoungGen: 70544K->1488K(70144K)] 436010K->366954K(580608K), 0.0018190 secs] [Times: user=0.00 sys=0.00, real=0.00 secs] 
1991.084: [GC (Allocation Failure) [PSYoungGen: 70096K->1376K(69632K)] 435562K->366850K(580096K), 0.0036358 secs] [Times: user=0.02 sys=0.00, real=0.01 secs] 
1991.648: [GC (Allocation Failure) [PSYoungGen: 69472K->1360K(69120K)] 434946K->366834K(579584K), 0.0025306 secs] [Times: user=0.01 sys=0.00, real=0.00 secs] 
1992.453: [GC (Allocation Failure) [PSYoungGen: 68944K->1312K(68608K)] 434418K->366786K(579072K), 0.0027141 secs] [Times: user=0.01 sys=0.00, real=0.01 secs] 
1993.369: [GC (Allocation Failure) [PSYoungGen: 68384K->1408K(68096K)] 433858K->366882K(578560K), 0.0035043 secs] [Times: user=0.02 sys=0.00, real=0.00 secs] 
1993.735: [GC (Allocation Failure) [PSYoungGen: 67968K->1485K(67584K)] 433442K->366959K(578048K), 0.0021630 secs] [Times: user=0.00 sys=0.00, real=0.01 secs] 
1993.906: [GC (Allocation Failure) [PSYoungGen: 67533K->1469K(67072K)] 433007K->366943K(577536K), 0.0021049 secs] [Times: user=0.01 sys=0.00, real=0.00 secs] 
1994.051: [GC (Allocation Failure) [PSYoungGen: 67005K->1456K(66560K)] 432479K->366930K(577024K), 0.0016160 secs] [Times: user=0.00 sys=0.00, real=0.00 secs] 
1994.164: [GC (Allocation Failure) [PSYoungGen: 66480K->1469K(67584K)] 431954K->366951K(578048K), 0.0018978 secs] [Times: user=0.00 sys=0.00, real=0.01 secs] 
1994.818: [GC (Allocation Failure) [PSYoungGen: 67005K->1424K(66560K)] 432487K->366906K(577024K), 0.0025717 secs] [Times: user=0.01 sys=0.00, real=0.00 secs] 
1995.367: [GC (Allocation Failure) [PSYoungGen: 66448K->1376K(66048K)] 431930K->366858K(576512K), 0.0033253 secs] [Times: user=0.01 sys=0.00, real=0.00 secs] 
1995.928: [GC (Allocation Failure) [PSYoungGen: 65888K->1392K(65536K)] 431370K->366874K(576000K), 0.0027188 secs] [Times: user=0.01 sys=0.00, real=0.00 secs] 
1996.271: [GC (Allocation Failure) [PSYoungGen: 65392K->1408K(65024K)] 430874K->366890K(575488K), 0.0022252 secs] [Times: user=0.01 sys=0.00, real=0.00 secs] 
1996.490: [GC (Allocation Failure) [PSYoungGen: 64896K->1440K(64512K)] 430378K->366922K(574976K), 0.0016946 secs] [Times: user=0.01 sys=0.00, real=0.00 secs] 
1996.600: [GC (Allocation Failure) [PSYoungGen: 64416K->1501K(64000K)] 429898K->366983K(574464K), 0.0017281 secs] [Times: user=0.00 sys=0.00, real=0.00 secs] 
1996.711: [GC (Allocation Failure) [PSYoungGen: 63965K->1421K(70144K)] 429447K->366911K(580608K), 0.0016801 secs] [Times: user=0.01 sys=0.00, real=0.00 secs] 
1996.831: [GC (Allocation Failure) [PSYoungGen: 70010K->1501K(70656K)] 435501K->366991K(581120K), 0.0025202 secs] [Times: user=0.01 sys=0.00, real=0.00 secs] 
1997.892: [GC (Allocation Failure) [PSYoungGen: 70109K->1456K(77312K)] 435599K->366970K(587776K), 0.0045902 secs] [Times: user=0.01 sys=0.01, real=0.01 secs] 
1998.669: [GC (Allocation Failure) [PSYoungGen: 77232K->1360K(76800K)] 442746K->366874K(587264K), 0.0033095 secs] [Times: user=0.01 sys=0.00, real=0.00 secs] 
1999.475: [GC (Allocation Failure) [PSYoungGen: 76624K->1376K(76288K)] 442138K->366890K(586752K), 0.0038492 secs] [Times: user=0.01 sys=0.00, real=0.01 secs] 
2000.186: [GC (Allocation Failure) [PSYoungGen: 76128K->1376K(75776K)] 441642K->366890K(586240K), 0.0042632 secs] [Times: user=0.01 sys=0.00, real=0.00 secs] 
2000.508: [GC (Allocation Failure) [PSYoungGen: 75616K->1501K(75264K)] 441130K->367015K(585728K), 0.0019577 secs] [Times: user=0.01 sys=0.00, real=0.00 secs] 
2000.645: [GC (Allocation Failure) [PSYoungGen: 75229K->1533K(74752K)] 440743K->367047K(585216K), 0.0017662 secs] [Times: user=0.00 sys=0.00, real=0.01 secs] 
2000.775: [GC (Allocation Failure) [PSYoungGen: 74749K->1501K(74240K)] 440263K->367015K(584704K), 0.0017811 secs] [Times: user=0.00 sys=0.00, real=0.01 secs] 
2001.192: [GC (Allocation Failure) [PSYoungGen: 74205K->1440K(73728K)] 439719K->366954K(584192K), 0.0019899 secs] [Times: user=0.01 sys=0.00, real=0.00 secs] 
2001.836: [GC (Allocation Failure) [PSYoungGen: 73632K->1360K(73216K)] 439146K->366874K(583680K), 0.0020780 secs] [Times: user=0.00 sys=0.00, real=0.00 secs] 
2002.290: [GC (Allocation Failure) [PSYoungGen: 73040K->1376K(72704K)] 438554K->366890K(583168K), 0.0020947 secs] [Times: user=0.00 sys=0.00, real=0.00 secs] 
2002.602: [GC (Allocation Failure) [PSYoungGen: 72544K->1360K(72192K)] 438058K->366874K(582656K), 0.0021520 secs] [Times: user=0.01 sys=0.00, real=0.00 secs] 
2002.895: [GC (Allocation Failure) [PSYoungGen: 72016K->1472K(71680K)] 437530K->366986K(582144K), 0.0016833 secs] [Times: user=0.01 sys=0.00, real=0.01 secs] 
2003.019: [GC (Allocation Failure) [PSYoungGen: 71616K->1456K(71168K)] 437130K->366970K(581632K), 0.0016197 secs] [Times: user=0.01 sys=0.00, real=0.00 secs] 
2003.141: [GC (Allocation Failure) [PSYoungGen: 71088K->1533K(70656K)] 436602K->367047K(581120K), 0.0017955 secs] [Times: user=0.00 sys=0.00, real=0.00 secs] 
2003.264: [GC (Allocation Failure) [PSYoungGen: 70653K->1501K(71168K)] 436167K->367015K(581632K), 0.0018498 secs] [Times: user=0.01 sys=0.00, real=0.00 secs] 
2005.390: [GC (Allocation Failure) [PSYoungGen: 71133K->1408K(70656K)] 436647K->366930K(581120K), 0.0054506 secs] [Times: user=0.02 sys=0.00, real=0.00 secs] 
2006.019: [GC (Allocation Failure) [PSYoungGen: 70528K->1376K(70144K)] 436050K->366898K(580608K), 0.0028013 secs] [Times: user=0.01 sys=0.00, real=0.00 secs] 
2006.577: [GC (Allocation Failure) [PSYoungGen: 69984K->1344K(69632K)] 435506K->366866K(580096K), 0.0022909 secs] [Times: user=0.01 sys=0.01, real=0.00 secs] 
2007.149: [GC (Allocation Failure) [PSYoungGen: 69440K->1376K(69120K)] 434962K->366898K(579584K), 0.0033526 secs] [Times: user=0.01 sys=0.00, real=0.00 secs] 
2007.793: [GC (Allocation Failure) [PSYoungGen: 68960K->1485K(68608K)] 434482K->367007K(579072K), 0.0024625 secs] [Times: user=0.01 sys=0.00, real=0.00 secs] 
2007.941: [GC (Allocation Failure) [PSYoungGen: 68557K->1501K(68096K)] 434079K->367023K(578560K), 0.0018374 secs] [Times: user=0.01 sys=0.00, real=0.00 secs] 
2008.075: [GC (Allocation Failure) [PSYoungGen: 68061K->1501K(67584K)] 433583K->367023K(578048K), 0.0020332 secs] [Times: user=0.00 sys=0.00, real=0.01 secs] 
2008.221: [GC (Allocation Failure) [PSYoungGen: 67549K->1488K(68096K)] 433071K->367026K(578560K), 0.0020156 secs] [Times: user=0.00 sys=0.00, real=0.00 secs] 
2008.470: [GC (Allocation Failure) [PSYoungGen: 67536K->1408K(67072K)] 433074K->366962K(577536K), 0.0021736 secs] [Times: user=0.01 sys=0.00, real=0.00 secs] 
2008.743: [GC (Allocation Failure) [PSYoungGen: 66944K->1376K(66560K)] 432498K->366930K(577024K), 0.0021500 secs] [Times: user=0.01 sys=0.00, real=0.00 secs] 
2009.033: [GC (Allocation Failure) [PSYoungGen: 66400K->1408K(66048K)] 431954K->366962K(576512K), 0.0021448 secs] [Times: user=0.01 sys=0.01, real=0.00 secs] 
2009.308: [GC (Allocation Failure) [PSYoungGen: 65920K->1376K(65536K)] 431474K->366930K(576000K), 0.0025317 secs] [Times: user=0.01 sys=0.00, real=0.00 secs] 
2009.582: [GC (Allocation Failure) [PSYoungGen: 65376K->1437K(65024K)] 430930K->366991K(575488K), 0.0022628 secs] [Times: user=0.01 sys=0.00, real=0.00 secs] 
2009.773: [GC (Allocation Failure) [PSYoungGen: 64925K->1501K(64512K)] 430479K->367055K(574976K), 0.0024847 secs] [Times: user=0.01 sys=0.00, real=0.01 secs] 
2009.955: [GC (Allocation Failure) [PSYoungGen: 64477K->1469K(65024K)] 430031K->367023K(575488K), 0.0023846 secs] [Times: user=0.01 sys=0.00, real=0.01 secs] 
2010.138: [GC (Allocation Failure) [PSYoungGen: 64436K->1501K(71680K)] 429991K->367063K(582144K), 0.0024832 secs] [Times: user=0.01 sys=0.00, real=0.00 secs] 
2010.417: [GC (Allocation Failure) [PSYoungGen: 71133K->1456K(71680K)] 436695K->367018K(582144K), 0.0027097 secs] [Times: user=0.02 sys=0.00, real=0.00 secs] 
2010.705: [GC (Allocation Failure) [PSYoungGen: 71088K->1408K(79360K)] 436650K->366970K(589824K), 0.0049861 secs] [Times: user=0.00 sys=0.02, real=0.01 secs] 
2011.065: [GC (Allocation Failure) [PSYoungGen: 78720K->1376K(79360K)] 444282K->366938K(589824K), 0.0022577 secs] [Times: user=0.01 sys=0.00, real=0.01 secs] 
2011.500: [GC (Allocation Failure) [PSYoungGen: 78688K->1376K(78336K)] 444250K->366938K(588800K), 0.0018696 secs] [Times: user=0.01 sys=0.00, real=0.00 secs] 
2011.726: [GC (Allocation Failure) [PSYoungGen: 78176K->1437K(77824K)] 443738K->366999K(588288K), 0.0016440 secs] [Times: user=0.01 sys=0.00, real=0.00 secs] 
2011.862: [GC (Allocation Failure) [PSYoungGen: 77725K->1533K(77312K)] 443287K->367095K(587776K), 0.0017352 secs] [Times: user=0.00 sys=0.00, real=0.00 secs] 
2011.997: [GC (Allocation Failure) [PSYoungGen: 77309K->1565K(85504K)] 442871K->367127K(595968K), 0.0017253 secs] [Times: user=0.01 sys=0.00, real=0.00 secs] 
2012.849: [GC (Allocation Failure) [PSYoungGen: 85021K->1456K(84480K)] 450583K->367018K(594944K), 0.0026585 secs] [Times: user=0.01 sys=0.00, real=0.00 secs] 
2013.797: [GC (Allocation Failure) [PSYoungGen: 84400K->1376K(83968K)] 449962K->366938K(594432K), 0.0028083 secs] [Times: user=0.01 sys=0.00, real=0.00 secs] 
2014.915: [GC (Allocation Failure) [PSYoungGen: 83808K->1376K(83456K)] 449370K->366938K(593920K), 0.0026484 secs] [Times: user=0.01 sys=0.00, real=0.01 secs] 
2016.229: [GC (Allocation Failure) [PSYoungGen: 83296K->1408K(82944K)] 448858K->366970K(593408K), 0.0051117 secs] [Times: user=0.02 sys=0.00, real=0.00 secs] 
2016.757: [GC (Allocation Failure) [PSYoungGen: 82816K->1469K(82432K)] 448378K->367031K(592896K), 0.0021688 secs] [Times: user=0.01 sys=0.00, real=0.00 secs] 
2016.909: [GC (Allocation Failure) [PSYoungGen: 82365K->1533K(81920K)] 447927K->367095K(592384K), 0.0018397 secs] [Times: user=0.01 sys=0.00, real=0.00 secs] 
2017.072: [GC (Allocation Failure) [PSYoungGen: 81917K->1533K(81408K)] 447479K->367095K(591872K), 0.0019365 secs] [Times: user=0.01 sys=0.00, real=0.00 secs] 
2017.413: [GC (Allocation Failure) [PSYoungGen: 81405K->1456K(80896K)] 446967K->367018K(591360K), 0.0029759 secs] [Times: user=0.02 sys=0.00, real=0.00 secs] 
2018.051: [GC (Allocation Failure) [PSYoungGen: 80816K->1440K(80384K)] 446378K->367002K(590848K), 0.0023487 secs] [Times: user=0.01 sys=0.01, real=0.00 secs] 
2018.676: [GC (Allocation Failure) [PSYoungGen: 80288K->1408K(79872K)] 445850K->366970K(590336K), 0.0034829 secs] [Times: user=0.01 sys=0.01, real=0.00 secs] 
2019.209: [GC (Allocation Failure) [PSYoungGen: 79744K->1437K(79360K)] 445306K->366999K(589824K), 0.0020219 secs] [Times: user=0.01 sys=0.00, real=0.00 secs] 
2019.370: [GC (Allocation Failure) [PSYoungGen: 79261K->1469K(78848K)] 444823K->367055K(589312K), 0.0018037 secs] [Times: user=0.01 sys=0.00, real=0.00 secs] 
2019.530: [GC (Allocation Failure) [PSYoungGen: 78781K->1469K(78336K)] 444367K->367055K(588800K), 0.0020753 secs] [Times: user=0.01 sys=0.00, real=0.00 secs] 
2019.712: [GC (Allocation Failure) [PSYoungGen: 78269K->1485K(77824K)] 443855K->367071K(588288K), 0.0022853 secs] [Times: user=0.00 sys=0.00, real=0.00 secs] 
2020.036: [GC (Allocation Failure) [PSYoungGen: 77773K->1408K(77312K)] 443359K->366994K(587776K), 0.0020658 secs] [Times: user=0.01 sys=0.00, real=0.00 secs] 
2020.442: [GC (Allocation Failure) [PSYoungGen: 77184K->1360K(76800K)] 442770K->366954K(587264K), 0.0021048 secs] [Times: user=0.01 sys=0.00, real=0.00 secs] 
2021.094: [GC (Allocation Failure) [PSYoungGen: 76624K->1424K(76288K)] 442218K->367018K(586752K), 0.0019413 secs] [Times: user=0.01 sys=0.00, real=0.01 secs] 
2021.894: [GC (Allocation Failure) [PSYoungGen: 76176K->1392K(75776K)] 441770K->366986K(586240K), 0.0030717 secs] [Times: user=0.01 sys=0.00, real=0.01 secs] 
2022.103: [GC (Allocation Failure) [PSYoungGen: 75632K->1437K(75264K)] 441226K->367031K(585728K), 0.0016373 secs] [Times: user=0.00 sys=0.00, real=0.00 secs] 
2022.234: [GC (Allocation Failure) [PSYoungGen: 75165K->1453K(74752K)] 440759K->367047K(585216K), 0.0016907 secs] [Times: user=0.00 sys=0.00, real=0.01 secs] 
2022.364: [GC (Allocation Failure) [PSYoungGen: 74669K->1501K(74240K)] 440263K->367095K(584704K), 0.0017835 secs] [Times: user=0.01 sys=0.00, real=0.01 secs] 
2022.898: [GC (Allocation Failure) [PSYoungGen: 74205K->1424K(73728K)] 439799K->367018K(584192K), 0.0022799 secs] [Times: user=0.01 sys=0.01, real=0.00 secs] 
2023.649: [GC (Allocation Failure) [PSYoungGen: 73616K->1376K(73216K)] 439210K->366970K(583680K), 0.0036251 secs] [Times: user=0.02 sys=0.00, real=0.00 secs] 
2024.822: [GC (Allocation Failure) [PSYoungGen: 73056K->1392K(72704K)] 438650K->366986K(583168K), 0.0033717 secs] [Times: user=0.01 sys=0.00, real=0.01 secs] 
2025.670: [GC (Allocation Failure) [PSYoungGen: 72560K->1376K(72192K)] 438154K->366970K(582656K), 0.0047981 secs] [Times: user=0.02 sys=0.00, real=0.00 secs] 
2026.281: [GC (Allocation Failure) [PSYoungGen: 72032K->1469K(71680K)] 437626K->367063K(582144K), 0.0023763 secs] [Times: user=0.01 sys=0.00, real=0.00 secs] 
2026.431: [GC (Allocation Failure) [PSYoungGen: 71613K->1533K(71168K)] 437207K->367127K(581632K), 0.0017315 secs] [Times: user=0.01 sys=0.00, real=0.00 secs] 
2026.556: [GC (Allocation Failure) [PSYoungGen: 71165K->1485K(70656K)] 436759K->367079K(581120K), 0.0016984 secs] [Times: user=0.01 sys=0.00, real=0.01 secs] 
2026.680: [GC (Allocation Failure) [PSYoungGen: 70605K->1485K(70144K)] 436199K->367079K(580608K), 0.0015941 secs] [Times: user=0.00 sys=0.00, real=0.00 secs] 
2027.026: [GC (Allocation Failure) [PSYoungGen: 70093K->1424K(69632K)] 435687K->367026K(580096K), 0.0020450 secs] [Times: user=0.01 sys=0.01, real=0.01 secs] 
2027.309: [GC (Allocation Failure) [PSYoungGen: 69520K->1408K(69120K)] 435122K->367010K(579584K), 0.0018398 secs] [Times: user=0.01 sys=0.00, real=0.00 secs] 
2027.590: [GC (Allocation Failure) [PSYoungGen: 68992K->1376K(68608K)] 434594K->366978K(579072K), 0.0019180 secs] [Times: user=0.01 sys=0.00, real=0.00 secs] 
2027.994: [GC (Allocation Failure) [PSYoungGen: 68448K->1376K(68096K)] 434050K->366994K(578560K), 0.0017798 secs] [Times: user=0.00 sys=0.00, real=0.01 secs] 
2028.222: [GC (Allocation Failure) [PSYoungGen: 67936K->1501K(67584K)] 433554K->367119K(578048K), 0.0017234 secs] [Times: user=0.00 sys=0.00, real=0.00 secs] 
2028.356: [GC (Allocation Failure) [PSYoungGen: 67519K->1453K(67072K)] 433138K->367071K(577536K), 0.0018278 secs] [Times: user=0.00 sys=0.00, real=0.00 secs] 
2028.509: [GC (Allocation Failure) [PSYoungGen: 66989K->1453K(66560K)] 432607K->367071K(577024K), 0.0019238 secs] [Times: user=0.00 sys=0.00, real=0.00 secs] 
2028.639: [GC (Allocation Failure) [PSYoungGen: 66477K->1437K(67072K)] 432095K->367063K(577536K), 0.0018129 secs] [Times: user=0.00 sys=0.00, real=0.00 secs] 
2030.107: [GC (Allocation Failure) [PSYoungGen: 66973K->1376K(66560K)] 432599K->367002K(577024K), 0.0038175 secs] [Times: user=0.02 sys=0.00, real=0.00 secs] 
2030.809: [GC (Allocation Failure) [PSYoungGen: 66400K->1440K(66048K)] 432026K->367066K(576512K), 0.0030362 secs] [Times: user=0.01 sys=0.00, real=0.00 secs] 
2031.302: [GC (Allocation Failure) [PSYoungGen: 65952K->1376K(65536K)] 431578K->367002K(576000K), 0.0029947 secs] [Times: user=0.01 sys=0.00, real=0.00 secs] 
2031.837: [GC (Allocation Failure) [PSYoungGen: 65376K->1408K(65024K)] 431002K->367034K(575488K), 0.0037976 secs] [Times: user=0.02 sys=0.00, real=0.00 secs] 
2032.206: [GC (Allocation Failure) [PSYoungGen: 64896K->1501K(64512K)] 430522K->367127K(574976K), 0.0021690 secs] [Times: user=0.00 sys=0.00, real=0.01 secs] 
2032.328: [GC (Allocation Failure) [PSYoungGen: 64477K->477K(62976K)] 430103K->367127K(573440K), 0.0016332 secs] [Times: user=0.01 sys=0.00, real=0.00 secs] 
2032.438: [GC (Allocation Failure) [PSYoungGen: 62941K->525K(64512K)] 429591K->367175K(574976K), 0.0026036 secs] [Times: user=0.01 sys=0.00, real=0.00 secs] 
2032.550: [GC (Allocation Failure) [PSYoungGen: 62978K->432K(71680K)] 429629K->367090K(582144K), 0.0016484 secs] [Times: user=0.01 sys=0.00, real=0.00 secs] 
2033.064: [GC (Allocation Failure) [PSYoungGen: 70064K->1408K(71680K)] 436722K->368066K(582144K), 0.0020124 secs] [Times: user=0.01 sys=0.01, real=0.01 secs] 
2034.026: [GC (Allocation Failure) [PSYoungGen: 71040K->1376K(70656K)] 437698K->368034K(581120K), 0.0045527 secs] [Times: user=0.02 sys=0.01, real=0.01 secs] 
2035.321: [GC (Allocation Failure) [PSYoungGen: 70496K->1344K(70144K)] 437154K->368002K(580608K), 0.0042340 secs] [Times: user=0.02 sys=0.00, real=0.00 secs] 
2036.423: [GC (Allocation Failure) [PSYoungGen: 69952K->1344K(69632K)] 436610K->368002K(580096K), 0.0043466 secs] [Times: user=0.02 sys=0.00, real=0.01 secs] 
2037.189: [GC (Allocation Failure) [PSYoungGen: 69440K->1469K(69120K)] 436098K->368127K(579584K), 0.0029699 secs] [Times: user=0.02 sys=0.00, real=0.00 secs] 
2037.367: [GC (Allocation Failure) [PSYoungGen: 69053K->1469K(68608K)] 435711K->368127K(579072K), 0.0015956 secs] [Times: user=0.01 sys=0.00, real=0.00 secs] 
2037.485: [GC (Allocation Failure) [PSYoungGen: 68541K->1472K(68096K)] 435199K->368130K(578560K), 0.0016415 secs] [Times: user=0.00 sys=0.00, real=0.01 secs] 
2037.601: [GC (Allocation Failure) [PSYoungGen: 68032K->1504K(67584K)] 434690K->368178K(578048K), 0.0016449 secs] [Times: user=0.01 sys=0.00, real=0.00 secs] 
2037.844: [GC (Allocation Failure) [PSYoungGen: 67552K->1392K(67072K)] 434226K->368066K(577536K), 0.0019577 secs] [Times: user=0.01 sys=0.00, real=0.01 secs] 
2038.193: [GC (Allocation Failure) [PSYoungGen: 66928K->1344K(66560K)] 433602K->368018K(577024K), 0.0018665 secs] [Times: user=0.01 sys=0.00, real=0.00 secs] 
2038.464: [GC (Allocation Failure) [PSYoungGen: 66368K->1376K(66048K)] 433042K->368074K(576512K), 0.0020942 secs] [Times: user=0.00 sys=0.00, real=0.00 secs] 
2038.765: [GC (Allocation Failure) [PSYoungGen: 65888K->1392K(65536K)] 432586K->368090K(576000K), 0.0018997 secs] [Times: user=0.00 sys=0.01, real=0.01 secs] 
2039.057: [GC (Allocation Failure) [PSYoungGen: 65392K->1485K(65024K)] 432090K->368183K(575488K), 0.0019586 secs] [Times: user=0.01 sys=0.00, real=0.00 secs] 
2039.174: [GC (Allocation Failure) [PSYoungGen: 64973K->1424K(64512K)] 431671K->368122K(574976K), 0.0016033 secs] [Times: user=0.01 sys=0.00, real=0.00 secs] 
2039.283: [GC (Allocation Failure) [PSYoungGen: 64400K->1488K(71168K)] 431098K->368186K(581632K), 0.0018429 secs] [Times: user=0.01 sys=0.00, real=0.00 secs] 
2039.406: [GC (Allocation Failure) [PSYoungGen: 71120K->1456K(71680K)] 437818K->368162K(582144K), 0.0018563 secs] [Times: user=0.00 sys=0.00, real=0.00 secs] 
2039.672: [GC (Allocation Failure) [PSYoungGen: 71088K->1424K(71680K)] 437794K->368130K(582144K), 0.0021478 secs] [Times: user=0.01 sys=0.00, real=0.00 secs] 
2040.042: [GC (Allocation Failure) [PSYoungGen: 71056K->1344K(70656K)] 437762K->368050K(581120K), 0.0020443 secs] [Times: user=0.01 sys=0.00, real=0.00 secs] 
2040.341: [GC (Allocation Failure) [PSYoungGen: 70464K->1344K(70144K)] 437170K->368050K(580608K), 0.0022118 secs] [Times: user=0.00 sys=0.00, real=0.00 secs] 
2040.843: [GC (Allocation Failure) [PSYoungGen: 69952K->1408K(69632K)] 436658K->368114K(580096K), 0.0035408 secs] [Times: user=0.01 sys=0.00, real=0.01 secs] 
2041.354: [GC (Allocation Failure) [PSYoungGen: 69504K->1469K(69120K)] 436210K->368175K(579584K), 0.0024859 secs] [Times: user=0.01 sys=0.00, real=0.01 secs] 
2041.511: [GC (Allocation Failure) [PSYoungGen: 69053K->1469K(68608K)] 435759K->368175K(579072K), 0.0015884 secs] [Times: user=0.00 sys=0.00, real=0.00 secs] 
2041.647: [GC (Allocation Failure) [PSYoungGen: 68541K->1453K(68096K)] 435247K->368159K(578560K), 0.0019308 secs] [Times: user=0.01 sys=0.00, real=0.00 secs] 
2041.794: [GC (Allocation Failure) [PSYoungGen: 68013K->1469K(74752K)] 434719K->368183K(585216K), 0.0019990 secs] [Times: user=0.01 sys=0.00, real=0.01 secs] 
2042.207: [GC (Allocation Failure) [PSYoungGen: 74685K->1456K(74240K)] 441399K->368170K(584704K), 0.0027990 secs] [Times: user=0.00 sys=0.00, real=0.00 secs] 
2042.675: [GC (Allocation Failure) [PSYoungGen: 74160K->1376K(73728K)] 440874K->368090K(584192K), 0.0021293 secs] [Times: user=0.01 sys=0.00, real=0.01 secs] 
2042.980: [GC (Allocation Failure) [PSYoungGen: 73568K->1376K(73216K)] 440282K->368090K(583680K), 0.0027736 secs] [Times: user=0.01 sys=0.00, real=0.00 secs] 
2043.307: [GC (Allocation Failure) [PSYoungGen: 73056K->1440K(72704K)] 439770K->368154K(583168K), 0.0021557 secs] [Times: user=0.01 sys=0.00, real=0.00 secs] 
2043.547: [GC (Allocation Failure) [PSYoungGen: 72608K->1469K(72192K)] 439322K->368183K(582656K), 0.0017048 secs] [Times: user=0.01 sys=0.00, real=0.00 secs] 
2043.673: [GC (Allocation Failure) [PSYoungGen: 72125K->1533K(71680K)] 438839K->368247K(582144K), 0.0016293 secs] [Times: user=0.01 sys=0.00, real=0.00 secs] 
2043.795: [GC (Allocation Failure) [PSYoungGen: 71662K->1533K(72704K)] 438376K->368247K(583168K), 0.0018904 secs] [Times: user=0.01 sys=0.00, real=0.01 secs] 
2043.919: [GC (Allocation Failure) [PSYoungGen: 72189K->1501K(79360K)] 438903K->368231K(589824K), 0.0015870 secs] [Times: user=0.00 sys=0.00, real=0.00 secs] 
2044.512: [GC (Allocation Failure) [PSYoungGen: 78813K->1408K(78336K)] 445543K->368138K(588800K), 0.0026936 secs] [Times: user=0.01 sys=0.00, real=0.00 secs] 
2045.165: [GC (Allocation Failure) [PSYoungGen: 78208K->1408K(77824K)] 444938K->368138K(588288K), 0.0029895 secs] [Times: user=0.01 sys=0.00, real=0.01 secs] 
2045.851: [GC (Allocation Failure) [PSYoungGen: 77696K->1328K(77312K)] 444426K->368058K(587776K), 0.0028088 secs] [Times: user=0.01 sys=0.00, real=0.00 secs] 
2046.510: [GC (Allocation Failure) [PSYoungGen: 77104K->1488K(76800K)] 443834K->368218K(587264K), 0.0023048 secs] [Times: user=0.01 sys=0.00, real=0.00 secs] 
2046.673: [GC (Allocation Failure) [PSYoungGen: 76752K->1456K(76288K)] 443482K->368210K(586752K), 0.0016803 secs] [Times: user=0.01 sys=0.00, real=0.00 secs] 
2046.804: [GC (Allocation Failure) [PSYoungGen: 76208K->1472K(75776K)] 442962K->368226K(586240K), 0.0017214 secs] [Times: user=0.00 sys=0.00, real=0.01 secs] 
2046.935: [GC (Allocation Failure) [PSYoungGen: 75712K->1456K(75264K)] 442466K->368210K(585728K), 0.0016559 secs] [Times: user=0.01 sys=0.00, real=0.01 secs] 
2047.510: [GC (Allocation Failure) [PSYoungGen: 75184K->1408K(74752K)] 441938K->368162K(585216K), 0.0024754 secs] [Times: user=0.01 sys=0.00, real=0.00 secs] 
2048.205: [GC (Allocation Failure) [PSYoungGen: 74624K->1408K(74240K)] 441378K->368162K(584704K), 0.0025731 secs] [Times: user=0.01 sys=0.00, real=0.01 secs] 
2048.519: [GC (Allocation Failure) [PSYoungGen: 74112K->1344K(73728K)] 440866K->368098K(584192K), 0.0020713 secs] [Times: user=0.01 sys=0.00, real=0.00 secs] 
2048.819: [GC (Allocation Failure) [PSYoungGen: 73536K->1408K(73216K)] 440290K->368162K(583680K), 0.0019590 secs] [Times: user=0.01 sys=0.00, real=0.00 secs] 
2049.000: [GC (Allocation Failure) [PSYoungGen: 73088K->1517K(72704K)] 439842K->368271K(583168K), 0.0016811 secs] [Times: user=0.01 sys=0.00, real=0.00 secs] 
2049.126: [GC (Allocation Failure) [PSYoungGen: 72685K->1485K(72192K)] 439439K->368239K(582656K), 0.0016669 secs] [Times: user=0.01 sys=0.00, real=0.01 secs] 
2049.251: [GC (Allocation Failure) [PSYoungGen: 72141K->1421K(71680K)] 438895K->368175K(582144K), 0.0017162 secs] [Times: user=0.01 sys=0.00, real=0.00 secs] 
2049.434: [GC (Allocation Failure) [PSYoungGen: 71565K->1472K(71168K)] 438319K->368226K(581632K), 0.0018323 secs] [Times: user=0.01 sys=0.00, real=0.00 secs] 
2049.741: [GC (Allocation Failure) [PSYoungGen: 71104K->1376K(70656K)] 437858K->368130K(581120K), 0.0018245 secs] [Times: user=0.01 sys=0.00, real=0.00 secs] 
2050.074: [GC (Allocation Failure) [PSYoungGen: 70496K->1328K(70144K)] 437250K->368082K(580608K), 0.0020345 secs] [Times: user=0.01 sys=0.00, real=0.00 secs] 
2050.400: [GC (Allocation Failure) [PSYoungGen: 69936K->1360K(69632K)] 436690K->368114K(580096K), 0.0019278 secs] [Times: user=0.01 sys=0.00, real=0.00 secs] 
2050.713: [GC (Allocation Failure) [PSYoungGen: 69456K->1469K(69120K)] 436210K->368223K(579584K), 0.0019525 secs] [Times: user=0.00 sys=0.00, real=0.00 secs] 
2050.836: [GC (Allocation Failure) [PSYoungGen: 69053K->1453K(68608K)] 435807K->368207K(579072K), 0.0017811 secs] [Times: user=0.00 sys=0.00, real=0.00 secs] 
2050.955: [GC (Allocation Failure) [PSYoungGen: 68525K->1501K(69120K)] 435279K->368255K(579584K), 0.0016625 secs] [Times: user=0.01 sys=0.00, real=0.01 secs] 
2051.073: [GC (Allocation Failure) [PSYoungGen: 68573K->1437K(76288K)] 435327K->368191K(586752K), 0.0015876 secs] [Times: user=0.01 sys=0.00, real=0.00 secs] 
2051.317: [GC (Allocation Failure) [PSYoungGen: 75677K->1424K(76288K)] 442431K->368186K(586752K), 0.0019907 secs] [Times: user=0.00 sys=0.00, real=0.00 secs] 
2051.626: [GC (Allocation Failure) [PSYoungGen: 75664K->1376K(75264K)] 442426K->368138K(585728K), 0.0017359 secs] [Times: user=0.01 sys=0.00, real=0.00 secs] 
2051.954: [GC (Allocation Failure) [PSYoungGen: 75104K->1408K(74752K)] 441866K->368170K(585216K), 0.0017381 secs] [Times: user=0.01 sys=0.00, real=0.00 secs] 
2052.353: [GC (Allocation Failure) [PSYoungGen: 74624K->1376K(74240K)] 441386K->368138K(584704K), 0.0017490 secs] [Times: user=0.01 sys=0.00, real=0.00 secs] 
2052.614: [GC (Allocation Failure) [PSYoungGen: 74080K->1469K(73728K)] 440842K->368239K(584192K), 0.0017264 secs] [Times: user=0.01 sys=0.00, real=0.00 secs] 
2052.744: [GC (Allocation Failure) [PSYoungGen: 73661K->1533K(73216K)] 440431K->368311K(583680K), 0.0022141 secs] [Times: user=0.00 sys=0.00, real=0.01 secs] 
2052.890: [GC (Allocation Failure) [PSYoungGen: 73213K->1504K(81408K)] 439991K->368282K(591872K), 0.0020130 secs] [Times: user=0.01 sys=0.00, real=0.00 secs] 
2053.618: [GC (Allocation Failure) [PSYoungGen: 80864K->2000K(80896K)] 447642K->368778K(591360K), 0.0045007 secs] [Times: user=0.02 sys=0.00, real=0.00 secs] 
2054.526: [GC (Allocation Failure) [PSYoungGen: 80848K->1392K(79872K)] 447626K->368170K(590336K), 0.0026040 secs] [Times: user=0.01 sys=0.00, real=0.00 secs] 
2055.391: [GC (Allocation Failure) [PSYoungGen: 79728K->1376K(79360K)] 446506K->368162K(589824K), 0.0023827 secs] [Times: user=0.00 sys=0.00, real=0.00 secs] 
2056.102: [GC (Allocation Failure) [PSYoungGen: 79200K->1408K(78848K)] 445986K->368194K(589312K), 0.0026065 secs] [Times: user=0.01 sys=0.00, real=0.00 secs] 
2056.669: [GC (Allocation Failure) [PSYoungGen: 78720K->1501K(78336K)] 445506K->368287K(588800K), 0.0020834 secs] [Times: user=0.01 sys=0.00, real=0.00 secs] 
2056.854: [GC (Allocation Failure) [PSYoungGen: 78301K->1501K(77824K)] 445087K->368287K(588288K), 0.0021389 secs] [Times: user=0.01 sys=0.00, real=0.01 secs] 
2057.034: [GC (Allocation Failure) [PSYoungGen: 77789K->1456K(77312K)] 444575K->368242K(587776K), 0.0020020 secs] [Times: user=0.01 sys=0.01, real=0.01 secs] 
2057.307: [GC (Allocation Failure) [PSYoungGen: 77232K->1392K(76800K)] 444018K->368178K(587264K), 0.0025758 secs] [Times: user=0.01 sys=0.00, real=0.00 secs] 
2058.084: [GC (Allocation Failure) [PSYoungGen: 76656K->1344K(76288K)] 443442K->368130K(586752K), 0.0023488 secs] [Times: user=0.01 sys=0.00, real=0.01 secs] 
2058.396: [GC (Allocation Failure) [PSYoungGen: 76096K->1408K(75776K)] 442882K->368210K(586240K), 0.0021910 secs] [Times: user=0.01 sys=0.00, real=0.01 secs] 
2058.801: [GC (Allocation Failure) [PSYoungGen: 75648K->1376K(75264K)] 442450K->368178K(585728K), 0.0019081 secs] [Times: user=0.01 sys=0.00, real=0.00 secs] 
2059.273: [GC (Allocation Failure) [PSYoungGen: 75104K->1437K(74752K)] 441906K->368239K(585216K), 0.0017923 secs] [Times: user=0.01 sys=0.00, real=0.00 secs] 
2059.402: [GC (Allocation Failure) [PSYoungGen: 74653K->1501K(74240K)] 441455K->368303K(584704K), 0.0017865 secs] [Times: user=0.01 sys=0.00, real=0.00 secs] 
2059.530: [GC (Allocation Failure) [PSYoungGen: 74205K->1469K(73728K)] 441007K->368271K(584192K), 0.0018599 secs] [Times: user=0.00 sys=0.00, real=0.00 secs] 
2059.656: [GC (Allocation Failure) [PSYoungGen: 73661K->1453K(74240K)] 440463K->368255K(584704K), 0.0016538 secs] [Times: user=0.00 sys=0.00, real=0.01 secs] 
2059.990: [GC (Allocation Failure) [PSYoungGen: 74157K->1408K(73728K)] 440959K->368210K(584192K), 0.0017615 secs] [Times: user=0.01 sys=0.00, real=0.00 secs] 
2060.303: [GC (Allocation Failure) [PSYoungGen: 73600K->1344K(73216K)] 440402K->368146K(583680K), 0.0018565 secs] [Times: user=0.01 sys=0.00, real=0.00 secs] 
2060.648: [GC (Allocation Failure) [PSYoungGen: 73024K->1440K(72704K)] 439826K->368242K(583168K), 0.0028012 secs] [Times: user=0.01 sys=0.00, real=0.00 secs] 
2061.038: [GC (Allocation Failure) [PSYoungGen: 72608K->1376K(72192K)] 439410K->368178K(582656K), 0.0020590 secs] [Times: user=0.01 sys=0.00, real=0.00 secs] 
2061.277: [GC (Allocation Failure) [PSYoungGen: 72032K->1453K(71680K)] 438834K->368255K(582144K), 0.0016372 secs] [Times: user=0.01 sys=0.00, real=0.00 secs] 
2061.400: [GC (Allocation Failure) [PSYoungGen: 71597K->1472K(72192K)] 438399K->368274K(582656K), 0.0023807 secs] [Times: user=0.01 sys=0.00, real=0.00 secs] 
2061.524: [GC (Allocation Failure) [PSYoungGen: 71616K->1501K(72192K)] 438418K->368303K(582656K), 0.0016800 secs] [Times: user=0.00 sys=0.00, real=0.01 secs] 
2061.793: [GC (Allocation Failure) [PSYoungGen: 71645K->1408K(78848K)] 438447K->368218K(589312K), 0.0021167 secs] [Times: user=0.01 sys=0.00, real=0.00 secs] 
2062.466: [GC (Allocation Failure) [PSYoungGen: 78720K->1408K(78336K)] 445530K->368218K(588800K), 0.0019276 secs] [Times: user=0.01 sys=0.00, real=0.00 secs] 
2063.240: [GC (Allocation Failure) [PSYoungGen: 78208K->1376K(77824K)] 445018K->368186K(588288K), 0.0023893 secs] [Times: user=0.01 sys=0.01, real=0.00 secs] 
2064.020: [GC (Allocation Failure) [PSYoungGen: 77664K->1408K(77312K)] 444474K->368218K(587776K), 0.0027857 secs] [Times: user=0.01 sys=0.00, real=0.00 secs] 
2064.682: [GC (Allocation Failure) [PSYoungGen: 77184K->1453K(76800K)] 443994K->368263K(587264K), 0.0023903 secs] [Times: user=0.01 sys=0.00, real=0.00 secs] 
2064.840: [GC (Allocation Failure) [PSYoungGen: 76717K->1501K(76288K)] 443527K->368311K(586752K), 0.0017294 secs] [Times: user=0.00 sys=0.00, real=0.00 secs] 
2064.972: [GC (Allocation Failure) [PSYoungGen: 76253K->1453K(75776K)] 443063K->368263K(586240K), 0.0017021 secs] [Times: user=0.00 sys=0.00, real=0.00 secs] 
2065.139: [GC (Allocation Failure) [PSYoungGen: 75272K->1728K(75776K)] 442082K->368538K(586240K), 0.0018144 secs] [Times: user=0.01 sys=0.00, real=0.00 secs] 
2065.827: [GC (Allocation Failure) [PSYoungGen: 75456K->1392K(74752K)] 442266K->368202K(585216K), 0.0040048 secs] [Times: user=0.02 sys=0.00, real=0.00 secs] 
2066.333: [GC (Allocation Failure) [PSYoungGen: 74608K->1408K(74240K)] 441418K->368218K(584704K), 0.0025627 secs] [Times: user=0.01 sys=0.00, real=0.01 secs] 
2066.854: [GC (Allocation Failure) [PSYoungGen: 74112K->1376K(73728K)] 440922K->368186K(584192K), 0.0025058 secs] [Times: user=0.01 sys=0.00, real=0.01 secs] 
2067.320: [GC (Allocation Failure) [PSYoungGen: 73568K->1501K(73216K)] 440378K->368311K(583680K), 0.0021264 secs] [Times: user=0.01 sys=0.00, real=0.00 secs] 
2067.465: [GC (Allocation Failure) [PSYoungGen: 73159K->1421K(72704K)] 439969K->368231K(583168K), 0.0017572 secs] [Times: user=0.00 sys=0.00, real=0.01 secs] 
2067.591: [GC (Allocation Failure) [PSYoungGen: 72589K->1517K(72192K)] 439399K->368327K(582656K), 0.0016637 secs] [Times: user=0.01 sys=0.00, real=0.00 secs] 
2067.715: [GC (Allocation Failure) [PSYoungGen: 72173K->1501K(71680K)] 438983K->368335K(582144K), 0.0016061 secs] [Times: user=0.00 sys=0.00, real=0.01 secs] 
2068.438: [GC (Allocation Failure) [PSYoungGen: 71645K->1424K(71168K)] 438479K->368258K(581632K), 0.0021344 secs] [Times: user=0.01 sys=0.00, real=0.00 secs] 
2069.234: [GC (Allocation Failure) [PSYoungGen: 71056K->1344K(70656K)] 437890K->368178K(581120K), 0.0040706 secs] [Times: user=0.02 sys=0.00, real=0.01 secs] 
2070.108: [GC (Allocation Failure) [PSYoungGen: 70464K->1376K(70144K)] 437298K->368210K(580608K), 0.0033937 secs] [Times: user=0.01 sys=0.00, real=0.00 secs] 
2070.837: [GC (Allocation Failure) [PSYoungGen: 69984K->1408K(69632K)] 436818K->368242K(580096K), 0.0026294 secs] [Times: user=0.01 sys=0.01, real=0.00 secs] 
2071.229: [GC (Allocation Failure) [PSYoungGen: 69504K->1453K(69120K)] 436338K->368287K(579584K), 0.0019356 secs] [Times: user=0.01 sys=0.00, real=0.00 secs] 
2071.384: [GC (Allocation Failure) [PSYoungGen: 69037K->1424K(68608K)] 435871K->368258K(579072K), 0.0028394 secs] [Times: user=0.01 sys=0.00, real=0.01 secs] 
2071.540: [GC (Allocation Failure) [PSYoungGen: 68464K->1453K(68096K)] 435298K->368287K(578560K), 0.0019918 secs] [Times: user=0.01 sys=0.00, real=0.00 secs] 
2071.694: [GC (Allocation Failure) [PSYoungGen: 68013K->1501K(68608K)] 434847K->368343K(579072K), 0.0021561 secs] [Times: user=0.01 sys=0.00, real=0.01 secs] 
2072.172: [GC (Allocation Failure) [PSYoungGen: 68573K->1392K(68096K)] 435415K->368234K(578560K), 0.0020901 secs] [Times: user=0.01 sys=0.00, real=0.00 secs] 
2072.595: [GC (Allocation Failure) [PSYoungGen: 67952K->1344K(67584K)] 434794K->368186K(578048K), 0.0020682 secs] [Times: user=0.00 sys=0.00, real=0.01 secs] 
2072.889: [GC (Allocation Failure) [PSYoungGen: 67392K->1408K(67072K)] 434234K->368250K(577536K), 0.0021721 secs] [Times: user=0.01 sys=0.00, real=0.00 secs] 
2073.344: [GC (Allocation Failure) [PSYoungGen: 66944K->1376K(66560K)] 433786K->368218K(577024K), 0.0023007 secs] [Times: user=0.00 sys=0.00, real=0.01 secs] 
2074.220: [GC (Allocation Failure) [PSYoungGen: 66400K->1453K(66048K)] 433242K->368295K(576512K), 0.0025661 secs] [Times: user=0.01 sys=0.00, real=0.00 secs] 
2074.403: [GC (Allocation Failure) [PSYoungGen: 65965K->1453K(65536K)] 432807K->368295K(576000K), 0.0021740 secs] [Times: user=0.01 sys=0.00, real=0.00 secs] 
2074.525: [GC (Allocation Failure) [PSYoungGen: 65453K->1469K(65024K)] 432295K->368311K(575488K), 0.0017797 secs] [Times: user=0.01 sys=0.00, real=0.01 secs] 
2074.637: [GC (Allocation Failure) [PSYoungGen: 64957K->1421K(65536K)] 431799K->368279K(576000K), 0.0017365 secs] [Times: user=0.01 sys=0.00, real=0.00 secs] 
2074.976: [GC (Allocation Failure) [PSYoungGen: 64909K->1440K(65536K)] 431767K->368298K(576000K), 0.0031333 secs] [Times: user=0.01 sys=0.00, real=0.01 secs] 
2076.128: [GC (Allocation Failure) [PSYoungGen: 64928K->1376K(64512K)] 431786K->368234K(574976K), 0.0037916 secs] [Times: user=0.01 sys=0.00, real=0.00 secs] 
2076.789: [GC (Allocation Failure) [PSYoungGen: 64352K->1408K(64000K)] 431210K->368266K(574464K), 0.0038763 secs] [Times: user=0.01 sys=0.00, real=0.00 secs] 
2077.482: [GC (Allocation Failure) [PSYoungGen: 63872K->1440K(63488K)] 430730K->368298K(573952K), 0.0026045 secs] [Times: user=0.01 sys=0.00, real=0.00 secs] 
2078.260: [GC (Allocation Failure) [PSYoungGen: 63392K->1376K(62976K)] 430250K->368234K(573440K), 0.0038700 secs] [Times: user=0.01 sys=0.00, real=0.00 secs] 
2078.552: [GC (Allocation Failure) [PSYoungGen: 62816K->477K(61440K)] 429674K->368383K(571904K), 0.0046486 secs] [Times: user=0.02 sys=0.00, real=0.01 secs] 
2078.677: [GC (Allocation Failure) [PSYoungGen: 61405K->461K(62464K)] 429311K->368367K(572928K), 0.0016384 secs] [Times: user=0.01 sys=0.00, real=0.00 secs] 
2078.784: [GC (Allocation Failure) [PSYoungGen: 60877K->493K(68608K)] 428783K->368407K(579072K), 0.0016578 secs] [Times: user=0.01 sys=0.00, real=0.00 secs] 
2078.901: [GC (Allocation Failure) [PSYoungGen: 67565K->509K(69120K)] 435479K->368423K(579584K), 0.0015381 secs] [Times: user=0.00 sys=0.00, real=0.00 secs] 
2079.175: [GC (Allocation Failure) [PSYoungGen: 67581K->1376K(75776K)] 435495K->369290K(586240K), 0.0019142 secs] [Times: user=0.01 sys=0.00, real=0.01 secs] 
2079.532: [GC (Allocation Failure) [PSYoungGen: 75616K->1376K(75264K)] 443530K->369290K(585728K), 0.0019992 secs] [Times: user=0.01 sys=0.00, real=0.00 secs] 
2080.268: [GC (Allocation Failure) [PSYoungGen: 75104K->1408K(74752K)] 443018K->369322K(585216K), 0.0021202 secs] [Times: user=0.01 sys=0.00, real=0.00 secs] 
2081.102: [GC (Allocation Failure) [PSYoungGen: 74624K->1376K(74240K)] 442538K->369290K(584704K), 0.0049525 secs] [Times: user=0.02 sys=0.00, real=0.01 secs] 
2081.506: [GC (Allocation Failure) [PSYoungGen: 74080K->1504K(73728K)] 441994K->369418K(584192K), 0.0020144 secs] [Times: user=0.01 sys=0.01, real=0.00 secs] 
2081.646: [GC (Allocation Failure) [PSYoungGen: 73696K->1424K(73216K)] 441610K->369338K(583680K), 0.0017709 secs] [Times: user=0.01 sys=0.00, real=0.00 secs] 
2081.772: [GC (Allocation Failure) [PSYoungGen: 73098K->1453K(72704K)] 441012K->369383K(583168K), 0.0016401 secs] [Times: user=0.01 sys=0.00, real=0.00 secs] 
2082.061: [GC (Allocation Failure) [PSYoungGen: 72621K->1456K(72192K)] 440551K->369386K(582656K), 0.0020457 secs] [Times: user=0.01 sys=0.00, real=0.00 secs] 
2082.435: [GC (Allocation Failure) [PSYoungGen: 72112K->1408K(71680K)] 440042K->369338K(582144K), 0.0021902 secs] [Times: user=0.01 sys=0.00, real=0.01 secs] 
2082.752: [GC (Allocation Failure) [PSYoungGen: 71552K->1392K(71168K)] 439482K->369322K(581632K), 0.0020896 secs] [Times: user=0.01 sys=0.00, real=0.00 secs] 
2083.188: [GC (Allocation Failure) [PSYoungGen: 71024K->1376K(70656K)] 438954K->369306K(581120K), 0.0020656 secs] [Times: user=0.01 sys=0.00, real=0.00 secs] 
2083.631: [GC (Allocation Failure) [PSYoungGen: 70485K->1469K(70144K)] 438415K->369399K(580608K), 0.0021373 secs] [Times: user=0.01 sys=0.00, real=0.00 secs] 
2083.791: [GC (Allocation Failure) [PSYoungGen: 70077K->1453K(69632K)] 438007K->369383K(580096K), 0.0017960 secs] [Times: user=0.01 sys=0.00, real=0.00 secs] 
2083.948: [GC (Allocation Failure) [PSYoungGen: 69549K->1501K(69120K)] 437479K->369431K(579584K), 0.0021363 secs] [Times: user=0.01 sys=0.00, real=0.00 secs] 
2084.106: [GC (Allocation Failure) [PSYoungGen: 69085K->1501K(68608K)] 437015K->369431K(579072K), 0.0016145 secs] [Times: user=0.00 sys=0.00, real=0.00 secs] 
2084.766: [GC (Allocation Failure) [PSYoungGen: 68573K->1472K(68096K)] 436503K->369410K(578560K), 0.0032188 secs] [Times: user=0.01 sys=0.00, real=0.01 secs] 
2085.966: [GC (Allocation Failure) [PSYoungGen: 68032K->1408K(67584K)] 435970K->369346K(578048K), 0.0045316 secs] [Times: user=0.01 sys=0.00, real=0.01 secs] 
2086.520: [GC (Allocation Failure) [PSYoungGen: 67456K->1376K(67072K)] 435394K->369314K(577536K), 0.0026724 secs] [Times: user=0.01 sys=0.00, real=0.00 secs] 
2087.097: [GC (Allocation Failure) [PSYoungGen: 66912K->1408K(66560K)] 434850K->369346K(577024K), 0.0024371 secs] [Times: user=0.01 sys=0.00, real=0.00 secs] 
2087.543: [GC (Allocation Failure) [PSYoungGen: 66432K->1469K(66048K)] 434370K->369423K(576512K), 0.0021890 secs] [Times: user=0.01 sys=0.00, real=0.00 secs] 
2087.716: [GC (Allocation Failure) [PSYoungGen: 65981K->1501K(65536K)] 433935K->369455K(576000K), 0.0022138 secs] [Times: user=0.00 sys=0.00, real=0.00 secs] 
2087.883: [GC (Allocation Failure) [PSYoungGen: 65501K->1501K(65024K)] 433455K->369455K(575488K), 0.0022621 secs] [Times: user=0.01 sys=0.00, real=0.00 secs] 
2088.057: [GC (Allocation Failure) [PSYoungGen: 64989K->1453K(65536K)] 432943K->369415K(576000K), 0.0024937 secs] [Times: user=0.01 sys=0.01, real=0.00 secs] 
2088.316: [GC (Allocation Failure) [PSYoungGen: 64941K->1424K(64512K)] 432903K->369386K(574976K), 0.0024308 secs] [Times: user=0.01 sys=0.00, real=0.01 secs] 
2088.614: [GC (Allocation Failure) [PSYoungGen: 64400K->1344K(64000K)] 432362K->369306K(574464K), 0.0021304 secs] [Times: user=0.01 sys=0.00, real=0.01 secs] 
2088.874: [GC (Allocation Failure) [PSYoungGen: 63808K->1344K(63488K)] 431770K->369306K(573952K), 0.0021346 secs] [Times: user=0.01 sys=0.00, real=0.01 secs] 
2089.131: [GC (Allocation Failure) [PSYoungGen: 63296K->1408K(62976K)] 431258K->369370K(573440K), 0.0020765 secs] [Times: user=0.01 sys=0.00, real=0.00 secs] 
2089.386: [GC (Allocation Failure) [PSYoungGen: 62848K->1376K(62464K)] 430810K->369338K(572928K), 0.0031054 secs] [Times: user=0.01 sys=0.01, real=0.00 secs] 
2089.587: [GC (Allocation Failure) [PSYoungGen: 62304K->1421K(61952K)] 430266K->369383K(572416K), 0.0017581 secs] [Times: user=0.01 sys=0.00, real=0.00 secs] 
2089.694: [GC (Allocation Failure) [PSYoungGen: 61837K->1501K(62464K)] 429799K->369463K(572928K), 0.0017790 secs] [Times: user=0.00 sys=0.00, real=0.01 secs] 
2089.801: [GC (Allocation Failure) [PSYoungGen: 61917K->1501K(69120K)] 429879K->369479K(579584K), 0.0016076 secs] [Times: user=0.01 sys=0.00, real=0.00 secs] 
2089.920: [GC (Allocation Failure) [PSYoungGen: 68573K->1469K(69120K)] 436551K->369447K(579584K), 0.0016483 secs] [Times: user=0.01 sys=0.00, real=0.00 secs] 
2090.390: [GC (Allocation Failure) [PSYoungGen: 68541K->1424K(75776K)] 436519K->369402K(586240K), 0.0019170 secs] [Times: user=0.01 sys=0.00, real=0.00 secs] 
2091.114: [GC (Allocation Failure) [PSYoungGen: 75664K->1376K(75264K)] 443642K->369354K(585728K), 0.0044151 secs] [Times: user=0.01 sys=0.01, real=0.01 secs] 
2091.540: [GC (Allocation Failure) [PSYoungGen: 75104K->1408K(74752K)] 443082K->369386K(585216K), 0.0020496 secs] [Times: user=0.01 sys=0.00, real=0.00 secs] 
2091.867: [GC (Allocation Failure) [PSYoungGen: 74624K->1408K(74240K)] 442602K->369386K(584704K), 0.0020606 secs] [Times: user=0.00 sys=0.00, real=0.00 secs] 
2092.124: [GC (Allocation Failure) [PSYoungGen: 74112K->1504K(73728K)] 442090K->369482K(584192K), 0.0016531 secs] [Times: user=0.01 sys=0.00, real=0.01 secs] 
2092.252: [GC (Allocation Failure) [PSYoungGen: 73696K->1517K(73216K)] 441674K->369495K(583680K), 0.0016593 secs] [Times: user=0.00 sys=0.00, real=0.00 secs] 
2092.377: [GC (Allocation Failure) [PSYoungGen: 73197K->1469K(72704K)] 441175K->369463K(583168K), 0.0016540 secs] [Times: user=0.00 sys=0.00, real=0.00 secs] 
2092.638: [GC (Allocation Failure) [PSYoungGen: 72637K->1952K(72704K)] 440631K->369946K(583168K), 0.0019673 secs] [Times: user=0.01 sys=0.00, real=0.00 secs] 
2093.299: [GC (Allocation Failure) [PSYoungGen: 72608K->1408K(71680K)] 440602K->369402K(582144K), 0.0021232 secs] [Times: user=0.01 sys=0.00, real=0.00 secs] 
2093.930: [GC (Allocation Failure) [PSYoungGen: 71552K->1424K(71168K)] 439546K->369418K(581632K), 0.0033325 secs] [Times: user=0.01 sys=0.00, real=0.00 secs] 
2094.499: [GC (Allocation Failure) [PSYoungGen: 71056K->1408K(70656K)] 439050K->369402K(581120K), 0.0036754 secs] [Times: user=0.02 sys=0.00, real=0.00 secs] 
2095.267: [GC (Allocation Failure) [PSYoungGen: 70528K->1469K(70144K)] 438522K->369463K(580608K), 0.0027930 secs] [Times: user=0.01 sys=0.01, real=0.00 secs] 
2095.438: [GC (Allocation Failure) [PSYoungGen: 70077K->1533K(69632K)] 438071K->369527K(580096K), 0.0016706 secs] [Times: user=0.01 sys=0.00, real=0.00 secs] 
2095.559: [GC (Allocation Failure) [PSYoungGen: 69629K->1501K(69120K)] 437623K->369495K(579584K), 0.0017711 secs] [Times: user=0.01 sys=0.00, real=0.00 secs] 
2095.697: [GC (Allocation Failure) [PSYoungGen: 69085K->1533K(68608K)] 437079K->369527K(579072K), 0.0017752 secs] [Times: user=0.01 sys=0.00, real=0.00 secs] 
2096.326: [GC (Allocation Failure) [PSYoungGen: 68605K->1472K(68096K)] 436599K->369466K(578560K), 0.0030180 secs] [Times: user=0.01 sys=0.00, real=0.01 secs] 
2097.136: [GC (Allocation Failure) [PSYoungGen: 68032K->1408K(67584K)] 436026K->369402K(578048K), 0.0024528 secs] [Times: user=0.01 sys=0.00, real=0.00 secs] 
2097.467: [GC (Allocation Failure) [PSYoungGen: 67456K->1376K(67072K)] 435450K->369386K(577536K), 0.0023681 secs] [Times: user=0.01 sys=0.00, real=0.00 secs] 
2097.740: [GC (Allocation Failure) [PSYoungGen: 66912K->1440K(66560K)] 434922K->369450K(577024K), 0.0020924 secs] [Times: user=0.01 sys=0.01, real=0.00 secs] 
2098.306: [GC (Allocation Failure) [PSYoungGen: 66464K->1501K(66048K)] 434474K->369511K(576512K), 0.0022971 secs] [Times: user=0.01 sys=0.00, real=0.01 secs] 
2098.445: [GC (Allocation Failure) [PSYoungGen: 66013K->1533K(65536K)] 434023K->369543K(576000K), 0.0015677 secs] [Times: user=0.01 sys=0.00, real=0.01 secs] 
2098.558: [GC (Allocation Failure) [PSYoungGen: 65533K->1549K(65536K)] 433543K->369559K(576000K), 0.0017170 secs] [Times: user=0.00 sys=0.00, real=0.00 secs] 
2098.670: [GC (Allocation Failure) [PSYoungGen: 65037K->509K(65536K)] 433047K->369551K(576000K), 0.0019424 secs] [Times: user=0.01 sys=0.00, real=0.00 secs] 
2098.783: [GC (Allocation Failure) [PSYoungGen: 65021K->464K(66560K)] 434063K->369506K(577024K), 0.0015497 secs] [Times: user=0.00 sys=0.00, real=0.00 secs] 
2099.475: [GC (Allocation Failure) [PSYoungGen: 64976K->1424K(65536K)] 434018K->370466K(576000K), 0.0021095 secs] [Times: user=0.01 sys=0.00, real=0.01 secs] 
2099.870: [GC (Allocation Failure) [PSYoungGen: 65424K->1392K(65024K)] 434466K->370434K(575488K), 0.0039910 secs] [Times: user=0.01 sys=0.00, real=0.00 secs] 
2100.155: [GC (Allocation Failure) [PSYoungGen: 64880K->1408K(64512K)] 433922K->370450K(574976K), 0.0019357 secs] [Times: user=0.00 sys=0.00, real=0.01 secs] 
2100.701: [GC (Allocation Failure) [PSYoungGen: 64384K->1408K(64000K)] 433426K->370450K(574464K), 0.0022057 secs] [Times: user=0.01 sys=0.00, real=0.00 secs] 
2101.033: [GC (Allocation Failure) [PSYoungGen: 63872K->1517K(63488K)] 432914K->370559K(573952K), 0.0020105 secs] [Times: user=0.01 sys=0.00, real=0.00 secs] 
2101.179: [GC (Allocation Failure) [PSYoungGen: 63469K->1501K(62976K)] 432511K->370543K(573440K), 0.0021616 secs] [Times: user=0.01 sys=0.00, real=0.00 secs] 
2101.317: [GC (Allocation Failure) [PSYoungGen: 62941K->1501K(69120K)] 431983K->370559K(579584K), 0.0019616 secs] [Times: user=0.01 sys=0.00, real=0.00 secs] 
2101.439: [GC (Allocation Failure) [PSYoungGen: 69085K->1533K(70144K)] 438143K->370591K(580608K), 0.0017488 secs] [Times: user=0.00 sys=0.00, real=0.00 secs] 
2101.683: [GC (Allocation Failure) [PSYoungGen: 69629K->1472K(76800K)] 438687K->370530K(587264K), 0.0025437 secs] [Times: user=0.01 sys=0.01, real=0.00 secs] 
2101.994: [GC (Allocation Failure) [PSYoungGen: 76224K->1408K(75776K)] 445282K->370466K(586240K), 0.0020696 secs] [Times: user=0.01 sys=0.00, real=0.01 secs] 
2102.302: [GC (Allocation Failure) [PSYoungGen: 75648K->1344K(75264K)] 444706K->370418K(585728K), 0.0020221 secs] [Times: user=0.01 sys=0.00, real=0.00 secs] 
2102.608: [GC (Allocation Failure) [PSYoungGen: 75072K->1344K(74752K)] 444146K->370418K(585216K), 0.0020655 secs] [Times: user=0.01 sys=0.00, real=0.00 secs] 
2102.829: [GC (Allocation Failure) [PSYoungGen: 74560K->1408K(74240K)] 443634K->370482K(584704K), 0.0016025 secs] [Times: user=0.01 sys=0.00, real=0.00 secs] 
2102.956: [GC (Allocation Failure) [PSYoungGen: 74112K->1469K(73728K)] 443186K->370543K(584192K), 0.0017838 secs] [Times: user=0.00 sys=0.00, real=0.00 secs] 
2103.083: [GC (Allocation Failure) [PSYoungGen: 73661K->1488K(74240K)] 442735K->370562K(584704K), 0.0016823 secs] [Times: user=0.00 sys=0.00, real=0.00 secs] 
2103.392: [GC (Allocation Failure) [PSYoungGen: 73680K->1984K(73728K)] 442754K->371570K(584192K), 0.0022677 secs] [Times: user=0.01 sys=0.00, real=0.00 secs] 
2104.416: [GC (Allocation Failure) [PSYoungGen: 73664K->1440K(72704K)] 443250K->371026K(583168K), 0.0046866 secs] [Times: user=0.02 sys=0.00, real=0.00 secs] 
2105.533: [GC (Allocation Failure) [PSYoungGen: 72608K->1440K(72192K)] 442194K->371026K(582656K), 0.0033628 secs] [Times: user=0.02 sys=0.00, real=0.01 secs] 
2106.463: [GC (Allocation Failure) [PSYoungGen: 72096K->1376K(71680K)] 441682K->370962K(582144K), 0.0043181 secs] [Times: user=0.01 sys=0.00, real=0.01 secs] 
2107.248: [GC (Allocation Failure) [PSYoungGen: 71520K->1469K(71168K)] 441106K->371055K(581632K), 0.0033759 secs] [Times: user=0.02 sys=0.00, real=0.00 secs] 
2107.497: [GC (Allocation Failure) [PSYoungGen: 71101K->1469K(70656K)] 440687K->371055K(581120K), 0.0020685 secs] [Times: user=0.00 sys=0.00, real=0.00 secs] 
2107.634: [GC (Allocation Failure) [PSYoungGen: 70589K->1501K(70144K)] 440175K->371087K(580608K), 0.0018892 secs] [Times: user=0.01 sys=0.00, real=0.00 secs] 
2107.773: [GC (Allocation Failure) [PSYoungGen: 70109K->1456K(69632K)] 439695K->371042K(580096K), 0.0017801 secs] [Times: user=0.01 sys=0.00, real=0.00 secs] 
2108.654: [GC (Allocation Failure) [PSYoungGen: 69552K->1472K(69120K)] 439138K->371090K(579584K), 0.0043257 secs] [Times: user=0.02 sys=0.00, real=0.01 secs] 
2109.593: [GC (Allocation Failure) [PSYoungGen: 69056K->1376K(68608K)] 438674K->370994K(579072K), 0.0021213 secs] [Times: user=0.01 sys=0.00, real=0.00 secs] 
2109.888: [GC (Allocation Failure) [PSYoungGen: 68448K->1376K(68096K)] 438066K->370994K(578560K), 0.0022231 secs] [Times: user=0.00 sys=0.00, real=0.00 secs] 
2110.171: [GC (Allocation Failure) [PSYoungGen: 67936K->1376K(67584K)] 437554K->370994K(578048K), 0.0021053 secs] [Times: user=0.01 sys=0.00, real=0.00 secs] 
2110.438: [GC (Allocation Failure) [PSYoungGen: 67424K->1469K(67072K)] 437042K->371087K(577536K), 0.0016974 secs] [Times: user=0.00 sys=0.00, real=0.00 secs] 
2110.556: [GC (Allocation Failure) [PSYoungGen: 67005K->1504K(66560K)] 436623K->371122K(577024K), 0.0016547 secs] [Times: user=0.00 sys=0.00, real=0.00 secs] 
2110.670: [GC (Allocation Failure) [PSYoungGen: 66528K->1501K(66048K)] 436146K->371119K(576512K), 0.0016446 secs] [Times: user=0.01 sys=0.00, real=0.00 secs] 
2110.783: [GC (Allocation Failure) [PSYoungGen: 66013K->1488K(66560K)] 435631K->371122K(577024K), 0.0016460 secs] [Times: user=0.00 sys=0.00, real=0.00 secs] 
2111.097: [GC (Allocation Failure) [PSYoungGen: 66512K->1472K(66048K)] 436146K->371106K(576512K), 0.0020692 secs] [Times: user=0.00 sys=0.00, real=0.00 secs] 
2111.670: [GC (Allocation Failure) [PSYoungGen: 65984K->1408K(65536K)] 435618K->371042K(576000K), 0.0022847 secs] [Times: user=0.01 sys=0.00, real=0.00 secs] 
2112.276: [GC (Allocation Failure) [PSYoungGen: 65408K->1408K(65024K)] 435042K->371042K(575488K), 0.0043041 secs] [Times: user=0.02 sys=0.00, real=0.01 secs] 
2112.871: [GC (Allocation Failure) [PSYoungGen: 64896K->1408K(64512K)] 434530K->371042K(574976K), 0.0029870 secs] [Times: user=0.01 sys=0.00, real=0.00 secs] 
2113.344: [GC (Allocation Failure) [PSYoungGen: 64384K->1376K(64000K)] 434018K->371010K(574464K), 0.0027372 secs] [Times: user=0.01 sys=0.00, real=0.01 secs] 
2113.592: [GC (Allocation Failure) [PSYoungGen: 63840K->1469K(63488K)] 433474K->371103K(573952K), 0.0020115 secs] [Times: user=0.01 sys=0.00, real=0.00 secs] 
2113.706: [GC (Allocation Failure) [PSYoungGen: 63421K->1469K(62976K)] 433055K->371103K(573440K), 0.0016449 secs] [Times: user=0.00 sys=0.00, real=0.00 secs] 
2113.814: [GC (Allocation Failure) [PSYoungGen: 62909K->1501K(63488K)] 432543K->371143K(573952K), 0.0016107 secs] [Times: user=0.01 sys=0.00, real=0.00 secs] 
2113.923: [GC (Allocation Failure) [PSYoungGen: 62941K->1504K(63488K)] 432583K->371146K(573952K), 0.0016287 secs] [Times: user=0.01 sys=0.00, real=0.00 secs] 
2114.172: [GC (Allocation Failure) [PSYoungGen: 62944K->1440K(69120K)] 432586K->371082K(579584K), 0.0020830 secs] [Times: user=0.01 sys=0.00, real=0.00 secs] 
2114.453: [GC (Allocation Failure) [PSYoungGen: 69024K->1360K(68608K)] 438666K->371002K(579072K), 0.0020784 secs] [Times: user=0.01 sys=0.00, real=0.00 secs] 
2114.761: [GC (Allocation Failure) [PSYoungGen: 68432K->1344K(68096K)] 438074K->370986K(578560K), 0.0018980 secs] [Times: user=0.01 sys=0.00, real=0.00 secs] 
2115.154: [GC (Allocation Failure) [PSYoungGen: 67904K->1440K(67584K)] 437546K->371082K(578048K), 0.0022076 secs] [Times: user=0.01 sys=0.00, real=0.01 secs] 
2115.426: [GC (Allocation Failure) [PSYoungGen: 67488K->1437K(67072K)] 437130K->371079K(577536K), 0.0017849 secs] [Times: user=0.01 sys=0.00, real=0.00 secs] 
2115.560: [GC (Allocation Failure) [PSYoungGen: 66973K->1453K(66560K)] 436615K->371095K(577024K), 0.0018230 secs] [Times: user=0.00 sys=0.00, real=0.00 secs] 
2115.707: [GC (Allocation Failure) [PSYoungGen: 66477K->1501K(67072K)] 436119K->371159K(577536K), 0.0020321 secs] [Times: user=0.01 sys=0.00, real=0.00 secs] 
2115.863: [GC (Allocation Failure) [PSYoungGen: 66525K->1504K(67072K)] 436183K->371194K(577536K), 0.0018235 secs] [Times: user=0.00 sys=0.00, real=0.00 secs] 
2116.535: [GC (Allocation Failure) [PSYoungGen: 66528K->1440K(66048K)] 436218K->371130K(576512K), 0.0030167 secs] [Times: user=0.01 sys=0.00, real=0.01 secs] 
2117.780: [GC (Allocation Failure) [PSYoungGen: 65952K->1344K(65536K)] 435642K->371034K(576000K), 0.0045477 secs] [Times: user=0.02 sys=0.00, real=0.00 secs] 
2118.377: [GC (Allocation Failure) [PSYoungGen: 65344K->1344K(65024K)] 435034K->371034K(575488K), 0.0022589 secs] [Times: user=0.01 sys=0.00, real=0.00 secs] 
2118.988: [GC (Allocation Failure) [PSYoungGen: 64832K->1424K(64512K)] 434522K->371114K(574976K), 0.0022218 secs] [Times: user=0.01 sys=0.00, real=0.00 secs] 
2119.568: [GC (Allocation Failure) [PSYoungGen: 64374K->1424K(64000K)] 434064K->371114K(574464K), 0.0020514 secs] [Times: user=0.01 sys=0.00, real=0.00 secs] 
2119.697: [GC (Allocation Failure) [PSYoungGen: 63888K->1536K(64000K)] 433578K->371226K(574464K), 0.0017227 secs] [Times: user=0.00 sys=0.00, real=0.00 secs] 
2119.807: [GC (Allocation Failure) [PSYoungGen: 63488K->509K(61952K)] 433178K->371223K(572416K), 0.0016911 secs] [Times: user=0.00 sys=0.00, real=0.00 secs] 
2119.916: [GC (Allocation Failure) [PSYoungGen: 61949K->429K(69632K)] 432663K->371151K(580096K), 0.0016040 secs] [Times: user=0.00 sys=0.00, real=0.01 secs] 
2120.036: [GC (Allocation Failure) [PSYoungGen: 68013K->429K(69632K)] 438735K->371151K(580096K), 0.0017135 secs] [Times: user=0.00 sys=0.00, real=0.00 secs] 
2121.030: [GC (Allocation Failure) [PSYoungGen: 68013K->1440K(68608K)] 438735K->372162K(579072K), 0.0027066 secs] [Times: user=0.01 sys=0.00, real=0.00 secs] 
2121.556: [GC (Allocation Failure) [PSYoungGen: 68512K->1408K(68096K)] 439234K->372130K(578560K), 0.0023964 secs] [Times: user=0.01 sys=0.00, real=0.01 secs] 
2122.114: [GC (Allocation Failure) [PSYoungGen: 67968K->1408K(67584K)] 438690K->372130K(578048K), 0.0024858 secs] [Times: user=0.01 sys=0.01, real=0.01 secs] 
2122.546: [GC (Allocation Failure) [PSYoungGen: 67456K->1440K(67072K)] 438178K->372162K(577536K), 0.0026734 secs] [Times: user=0.01 sys=0.00, real=0.00 secs] 
2122.827: [GC (Allocation Failure) [PSYoungGen: 66976K->1456K(66560K)] 437698K->372178K(577024K), 0.0021399 secs] [Times: user=0.01 sys=0.00, real=0.00 secs] 
2122.959: [GC (Allocation Failure) [PSYoungGen: 66480K->1533K(66048K)] 437202K->372255K(576512K), 0.0017515 secs] [Times: user=0.01 sys=0.00, real=0.00 secs] 
2123.073: [GC (Allocation Failure) [PSYoungGen: 66045K->1485K(65536K)] 436767K->372215K(576000K), 0.0016373 secs] [Times: user=0.01 sys=0.00, real=0.00 secs] 
2123.187: [GC (Allocation Failure) [PSYoungGen: 65485K->1501K(66048K)] 436215K->372231K(576512K), 0.0016944 secs] [Times: user=0.01 sys=0.00, real=0.00 secs] 
2123.952: [GC (Allocation Failure) [PSYoungGen: 65501K->1440K(65024K)] 436231K->372170K(575488K), 0.0024039 secs] [Times: user=0.01 sys=0.01, real=0.00 secs] 
2124.338: [GC (Allocation Failure) [PSYoungGen: 64928K->1344K(65536K)] 435658K->372074K(576000K), 0.0052041 secs] [Times: user=0.02 sys=0.00, real=0.00 secs] 
2124.632: [GC (Allocation Failure) [PSYoungGen: 64832K->1392K(64512K)] 435562K->372122K(574976K), 0.0019244 secs] [Times: user=0.01 sys=0.00, real=0.00 secs] 
2125.369: [GC (Allocation Failure) [PSYoungGen: 64368K->1328K(64000K)] 435098K->372058K(574464K), 0.0029470 secs] [Times: user=0.01 sys=0.00, real=0.00 secs] 
2125.989: [GC (Allocation Failure) [PSYoungGen: 63792K->1405K(63488K)] 434522K->372135K(573952K), 0.0023955 secs] [Times: user=0.00 sys=0.00, real=0.00 secs] 
2126.172: [GC (Allocation Failure) [PSYoungGen: 63357K->1469K(62976K)] 434087K->372199K(573440K), 0.0024330 secs] [Times: user=0.00 sys=0.00, real=0.00 secs] 
2126.310: [GC (Allocation Failure) [PSYoungGen: 62909K->1501K(62464K)] 433639K->372231K(572928K), 0.0017329 secs] [Times: user=0.01 sys=0.00, real=0.00 secs] 
2126.419: [GC (Allocation Failure) [PSYoungGen: 62429K->1533K(62976K)] 433159K->372279K(573440K), 0.0016814 secs] [Times: user=0.01 sys=0.00, real=0.00 secs] 
2126.630: [GC (Allocation Failure) [PSYoungGen: 62461K->1920K(62976K)] 433207K->372682K(573440K), 0.0020746 secs] [Times: user=0.00 sys=0.00, real=0.00 secs] 
2127.254: [GC (Allocation Failure) [PSYoungGen: 62848K->1376K(69632K)] 433610K->372138K(580096K), 0.0071486 secs] [Times: user=0.03 sys=0.00, real=0.01 secs] 
2127.609: [GC (Allocation Failure) [PSYoungGen: 68960K->1344K(68608K)] 439722K->372106K(579072K), 0.0019860 secs] [Times: user=0.01 sys=0.00, real=0.00 secs] 
2127.895: [GC (Allocation Failure) [PSYoungGen: 68416K->1376K(68096K)] 439178K->372138K(578560K), 0.0021683 secs] [Times: user=0.01 sys=0.00, real=0.01 secs] 
2128.171: [GC (Allocation Failure) [PSYoungGen: 67936K->1408K(67584K)] 438698K->372170K(578048K), 0.0019725 secs] [Times: user=0.01 sys=0.00, real=0.00 secs] 
2128.339: [GC (Allocation Failure) [PSYoungGen: 67456K->1501K(67072K)] 438218K->372263K(577536K), 0.0016410 secs] [Times: user=0.01 sys=0.00, real=0.00 secs] 
2128.456: [GC (Allocation Failure) [PSYoungGen: 67037K->1501K(67584K)] 437799K->372263K(578048K), 0.0017218 secs] [Times: user=0.00 sys=0.00, real=0.00 secs] 
2128.573: [GC (Allocation Failure) [PSYoungGen: 67037K->1469K(74240K)] 437799K->372239K(584704K), 0.0016673 secs] [Times: user=0.00 sys=0.00, real=0.00 secs] 
2128.722: [GC (Allocation Failure) [PSYoungGen: 73661K->256K(74240K)] 444431K->371026K(584704K), 0.0043203 secs] [Times: user=0.00 sys=0.02, real=0.01 secs] 
2130.360: [GC (Allocation Failure) [PSYoungGen: 72448K->1312K(81920K)] 443218K->372082K(592384K), 0.0030340 secs] [Times: user=0.01 sys=0.00, real=0.00 secs] 
2131.649: [GC (Allocation Failure) [PSYoungGen: 81696K->1408K(81408K)] 452466K->372178K(591872K), 0.0031477 secs] [Times: user=0.01 sys=0.00, real=0.00 secs] 
2132.386: [GC (Allocation Failure) [PSYoungGen: 81280K->1376K(80896K)] 452050K->372146K(591360K), 0.0022412 secs] [Times: user=0.01 sys=0.01, real=0.01 secs] 
2133.132: [GC (Allocation Failure) [PSYoungGen: 80736K->1469K(80384K)] 451506K->372239K(590848K), 0.0019362 secs] [Times: user=0.01 sys=0.00, real=0.00 secs] 
2133.275: [GC (Allocation Failure) [PSYoungGen: 80317K->1504K(79872K)] 451087K->372274K(590336K), 0.0016652 secs] [Times: user=0.01 sys=0.00, real=0.01 secs] 
2133.412: [GC (Allocation Failure) [PSYoungGen: 79840K->1533K(79360K)] 450610K->372303K(589824K), 0.0017779 secs] [Times: user=0.00 sys=0.00, real=0.00 secs] 
2133.633: [GC (Allocation Failure) [PSYoungGen: 79357K->992K(78336K)] 450127K->372786K(588800K), 0.0019944 secs] [Times: user=0.01 sys=0.00, real=0.00 secs] 
2135.277: [GC (Allocation Failure) [PSYoungGen: 78304K->352K(77312K)] 450098K->372146K(587776K), 0.0044982 secs] [Times: user=0.02 sys=0.00, real=0.00 secs] 
2136.515: [GC (Allocation Failure) [PSYoungGen: 77152K->416K(78336K)] 448946K->372210K(588800K), 0.0033040 secs] [Times: user=0.01 sys=0.00, real=0.01 secs] 
2136.878: [GC (Allocation Failure) [PSYoungGen: 76704K->384K(76288K)] 448498K->372178K(586752K), 0.0021045 secs] [Times: user=0.01 sys=0.00, real=0.00 secs] 
2137.327: [GC (Allocation Failure) [PSYoungGen: 76160K->1469K(77312K)] 447954K->373263K(587776K), 0.0017241 secs] [Times: user=0.01 sys=0.00, real=0.00 secs] 
2137.460: [GC (Allocation Failure) [PSYoungGen: 76733K->1501K(76288K)] 448527K->373295K(586752K), 0.0017846 secs] [Times: user=0.01 sys=0.00, real=0.00 secs] 
2137.592: [GC (Allocation Failure) [PSYoungGen: 76253K->1501K(76288K)] 448047K->373295K(586752K), 0.0017202 secs] [Times: user=0.01 sys=0.00, real=0.00 secs] 
2137.725: [GC (Allocation Failure) [PSYoungGen: 75741K->1501K(75264K)] 447535K->373295K(585728K), 0.0017941 secs] [Times: user=0.01 sys=0.00, real=0.01 secs] 
2138.750: [GC (Allocation Failure) [PSYoungGen: 75229K->1440K(75264K)] 447023K->373234K(585728K), 0.0041839 secs] [Times: user=0.02 sys=0.00, real=0.00 secs] 
2139.552: [GC (Allocation Failure) [PSYoungGen: 74656K->1376K(74240K)] 446450K->373170K(584704K), 0.0030202 secs] [Times: user=0.01 sys=0.00, real=0.00 secs] 
2140.325: [GC (Allocation Failure) [PSYoungGen: 74080K->1408K(74240K)] 445874K->373226K(584704K), 0.0032720 secs] [Times: user=0.01 sys=0.00, real=0.01 secs] 
2140.865: [GC (Allocation Failure) [PSYoungGen: 73600K->1469K(73216K)] 445418K->373287K(583680K), 0.0027339 secs] [Times: user=0.01 sys=0.00, real=0.01 secs] 
2141.041: [GC (Allocation Failure) [PSYoungGen: 73149K->1517K(73216K)] 444967K->373335K(583680K), 0.0017091 secs] [Times: user=0.00 sys=0.01, real=0.00 secs] 
2141.167: [GC (Allocation Failure) [PSYoungGen: 72685K->1533K(72192K)] 444503K->373351K(582656K), 0.0016824 secs] [Times: user=0.00 sys=0.00, real=0.00 secs] 
2141.293: [GC (Allocation Failure) [PSYoungGen: 72189K->1501K(72192K)] 444007K->373319K(582656K), 0.0017909 secs] [Times: user=0.01 sys=0.00, real=0.00 secs] 
2141.828: [GC (Allocation Failure) [PSYoungGen: 71645K->1376K(71168K)] 443463K->373194K(581632K), 0.0020201 secs] [Times: user=0.01 sys=0.00, real=0.00 secs] 
2142.615: [GC (Allocation Failure) [PSYoungGen: 71008K->1360K(70656K)] 442826K->373178K(581120K), 0.0040663 secs] [Times: user=0.02 sys=0.00, real=0.01 secs] 
2143.360: [GC (Allocation Failure) [PSYoungGen: 70480K->1424K(70144K)] 442298K->373242K(580608K), 0.0046239 secs] [Times: user=0.01 sys=0.00, real=0.00 secs] 
2143.936: [GC (Allocation Failure) [PSYoungGen: 70032K->1376K(69632K)] 441850K->373194K(580096K), 0.0024458 secs] [Times: user=0.01 sys=0.01, real=0.00 secs] 
2144.324: [GC (Allocation Failure) [PSYoungGen: 69472K->1469K(69120K)] 441290K->373287K(579584K), 0.0023547 secs] [Times: user=0.01 sys=0.00, real=0.01 secs] 
2144.469: [GC (Allocation Failure) [PSYoungGen: 69053K->1533K(68608K)] 440871K->373351K(579072K), 0.0018153 secs] [Times: user=0.00 sys=0.00, real=0.00 secs] 
2144.587: [GC (Allocation Failure) [PSYoungGen: 68605K->1485K(68096K)] 440423K->373303K(578560K), 0.0016229 secs] [Times: user=0.01 sys=0.00, real=0.00 secs] 
2144.704: [GC (Allocation Failure) [PSYoungGen: 68045K->1469K(68608K)] 439863K->373287K(579072K), 0.0017438 secs] [Times: user=0.01 sys=0.00, real=0.01 secs] 
2145.108: [GC (Allocation Failure) [PSYoungGen: 68029K->1456K(67584K)] 439847K->373282K(578048K), 0.0020234 secs] [Times: user=0.01 sys=0.00, real=0.00 secs] 
2145.529: [GC (Allocation Failure) [PSYoungGen: 67504K->1376K(67072K)] 439330K->373202K(577536K), 0.0032282 secs] [Times: user=0.01 sys=0.00, real=0.00 secs] 
2145.863: [GC (Allocation Failure) [PSYoungGen: 66912K->1408K(66560K)] 438738K->373234K(577024K), 0.0021878 secs] [Times: user=0.01 sys=0.00, real=0.00 secs] 
2146.143: [GC (Allocation Failure) [PSYoungGen: 66432K->1376K(66048K)] 438258K->373202K(576512K), 0.0021080 secs] [Times: user=0.01 sys=0.00, real=0.00 secs] 
2146.447: [GC (Allocation Failure) [PSYoungGen: 65886K->1469K(65536K)] 437712K->373295K(576000K), 0.0019728 secs] [Times: user=0.01 sys=0.00, real=0.00 secs] 
2146.571: [GC (Allocation Failure) [PSYoungGen: 65469K->1536K(65536K)] 437295K->373362K(576000K), 0.0016811 secs] [Times: user=0.01 sys=0.00, real=0.00 secs] 
2146.682: [GC (Allocation Failure) [PSYoungGen: 65024K->1504K(66048K)] 436850K->373330K(576512K), 0.0017241 secs] [Times: user=0.00 sys=0.00, real=0.00 secs] 
2146.796: [GC (Allocation Failure) [PSYoungGen: 65504K->1533K(72192K)] 437330K->373375K(582656K), 0.0017283 secs] [Times: user=0.00 sys=0.00, real=0.01 secs] 
2147.015: [GC (Allocation Failure) [PSYoungGen: 71677K->1456K(72192K)] 443519K->373298K(582656K), 0.0018923 secs] [Times: user=0.01 sys=0.00, real=0.01 secs] 
2147.360: [GC (Allocation Failure) [PSYoungGen: 71600K->1376K(71168K)] 443442K->373218K(581632K), 0.0018341 secs] [Times: user=0.01 sys=0.00, real=0.00 secs] 
2147.901: [GC (Allocation Failure) [PSYoungGen: 71008K->1424K(70656K)] 442850K->373266K(581120K), 0.0020449 secs] [Times: user=0.01 sys=0.00, real=0.00 secs] 
2148.513: [GC (Allocation Failure) [PSYoungGen: 70544K->1392K(70144K)] 442386K->373234K(580608K), 0.0030559 secs] [Times: user=0.01 sys=0.00, real=0.01 secs] 
2149.177: [GC (Allocation Failure) [PSYoungGen: 70000K->1472K(69632K)] 441842K->373314K(580096K), 0.0031822 secs] [Times: user=0.01 sys=0.01, real=0.00 secs] 
2149.372: [GC (Allocation Failure) [PSYoungGen: 69568K->1533K(69120K)] 441410K->373375K(579584K), 0.0016798 secs] [Times: user=0.01 sys=0.00, real=0.00 secs] 
2149.510: [GC (Allocation Failure) [PSYoungGen: 69117K->1581K(77312K)] 440959K->373423K(587776K), 0.0044707 secs] [Times: user=0.01 sys=0.01, real=0.00 secs] 
2149.685: [GC (Allocation Failure) [PSYoungGen: 76845K->1533K(77824K)] 448687K->373383K(588288K), 0.0016961 secs] [Times: user=0.01 sys=0.00, real=0.01 secs] 
2150.877: [GC (Allocation Failure) [PSYoungGen: 77309K->1456K(77824K)] 449159K->373306K(588288K), 0.0038434 secs] [Times: user=0.01 sys=0.00, real=0.00 secs] 
2151.500: [GC (Allocation Failure) [PSYoungGen: 77232K->1408K(76800K)] 449082K->373258K(587264K), 0.0027929 secs] [Times: user=0.01 sys=0.00, real=0.00 secs] 
2152.154: [GC (Allocation Failure) [PSYoungGen: 76672K->1408K(76288K)] 448522K->373258K(586752K), 0.0026960 secs] [Times: user=0.01 sys=0.00, real=0.01 secs] 
2152.472: [GC (Allocation Failure) [PSYoungGen: 76160K->1376K(75776K)] 448010K->373226K(586240K), 0.0024314 secs] [Times: user=0.01 sys=0.01, real=0.00 secs] 
2152.747: [GC (Allocation Failure) [PSYoungGen: 75616K->1469K(75264K)] 447466K->373319K(585728K), 0.0021515 secs] [Times: user=0.00 sys=0.00, real=0.00 secs] 
2152.881: [GC (Allocation Failure) [PSYoungGen: 75197K->1501K(74752K)] 447047K->373351K(585216K), 0.0015767 secs] [Times: user=0.00 sys=0.00, real=0.00 secs] 
2153.010: [GC (Allocation Failure) [PSYoungGen: 74717K->1533K(82944K)] 446567K->373383K(593408K), 0.0037947 secs] [Times: user=0.02 sys=0.00, real=0.00 secs] 
2153.277: [GC (Allocation Failure) [PSYoungGen: 82429K->1440K(83968K)] 454279K->373290K(594432K), 0.0025296 secs] [Times: user=0.01 sys=0.00, real=0.00 secs] 
2153.618: [GC (Allocation Failure) [PSYoungGen: 83360K->1440K(83968K)] 455210K->373290K(594432K), 0.0020729 secs] [Times: user=0.00 sys=0.00, real=0.00 secs] 
2154.018: [GC (Allocation Failure) [PSYoungGen: 83360K->1408K(82944K)] 455210K->373258K(593408K), 0.0020830 secs] [Times: user=0.00 sys=0.00, real=0.00 secs] 
2154.356: [GC (Allocation Failure) [PSYoungGen: 82816K->1344K(82432K)] 454666K->373194K(592896K), 0.0020637 secs] [Times: user=0.01 sys=0.00, real=0.00 secs] 
2154.561: [GC (Allocation Failure) [PSYoungGen: 82240K->1456K(81920K)] 454090K->373306K(592384K), 0.0016027 secs] [Times: user=0.01 sys=0.00, real=0.00 secs] 
2154.701: [GC (Allocation Failure) [PSYoungGen: 81840K->1485K(81408K)] 453690K->373335K(591872K), 0.0017634 secs] [Times: user=0.00 sys=0.00, real=0.00 secs] 
2154.842: [GC (Allocation Failure) [PSYoungGen: 81357K->1533K(80896K)] 453207K->373415K(591360K), 0.0016645 secs] [Times: user=0.01 sys=0.00, real=0.00 secs] 
2155.757: [GC (Allocation Failure) [PSYoungGen: 80893K->1440K(80384K)] 452775K->373330K(590848K), 0.0032067 secs] [Times: user=0.01 sys=0.00, real=0.00 secs] 
2156.548: [GC (Allocation Failure) [PSYoungGen: 80288K->1440K(79872K)] 452178K->373330K(590336K), 0.0031975 secs] [Times: user=0.01 sys=0.00, real=0.00 secs] 
2157.235: [GC (Allocation Failure) [PSYoungGen: 79776K->1344K(79360K)] 451666K->373250K(589824K), 0.0032525 secs] [Times: user=0.01 sys=0.00, real=0.01 secs] 
2158.150: [GC (Allocation Failure) [PSYoungGen: 79168K->1469K(78848K)] 451074K->373375K(589312K), 0.0024521 secs] [Times: user=0.01 sys=0.00, real=0.00 secs] 
2158.381: [GC (Allocation Failure) [PSYoungGen: 78781K->1533K(78336K)] 450687K->373439K(588800K), 0.0023673 secs] [Times: user=0.01 sys=0.01, real=0.00 secs] 
2158.535: [GC (Allocation Failure) [PSYoungGen: 78333K->1501K(77824K)] 450239K->373407K(588288K), 0.0018327 secs] [Times: user=0.00 sys=0.00, real=0.01 secs] 
2158.669: [GC (Allocation Failure) [PSYoungGen: 77789K->1501K(77312K)] 449695K->373407K(587776K), 0.0018081 secs] [Times: user=0.00 sys=0.00, real=0.00 secs] 
2158.995: [GC (Allocation Failure) [PSYoungGen: 77277K->1472K(76800K)] 449183K->373378K(587264K), 0.0024533 secs] [Times: user=0.01 sys=0.00, real=0.01 secs] 
2159.308: [GC (Allocation Failure) [PSYoungGen: 76736K->1408K(76288K)] 448642K->373314K(586752K), 0.0022522 secs] [Times: user=0.01 sys=0.00, real=0.00 secs] 
2159.619: [GC (Allocation Failure) [PSYoungGen: 76160K->1408K(75776K)] 448066K->373314K(586240K), 0.0020851 secs] [Times: user=0.01 sys=0.00, real=0.00 secs] 
2159.942: [GC (Allocation Failure) [PSYoungGen: 75648K->1437K(75264K)] 447554K->373343K(585728K), 0.0021974 secs] [Times: user=0.01 sys=0.00, real=0.00 secs] 
2160.081: [GC (Allocation Failure) [PSYoungGen: 75165K->1533K(74752K)] 447071K->373439K(585216K), 0.0015830 secs] [Times: user=0.00 sys=0.00, real=0.00 secs] 
2160.210: [GC (Allocation Failure) [PSYoungGen: 74749K->1520K(74240K)] 446655K->373426K(584704K), 0.0018025 secs] [Times: user=0.00 sys=0.00, real=0.00 secs] 
2160.340: [GC (Allocation Failure) [PSYoungGen: 74224K->1472K(81920K)] 446130K->373378K(592384K), 0.0016334 secs] [Times: user=0.01 sys=0.00, real=0.00 secs] 
2161.198: [GC (Allocation Failure) [PSYoungGen: 81856K->1456K(81408K)] 453762K->373362K(591872K), 0.0027323 secs] [Times: user=0.01 sys=0.00, real=0.00 secs] 
2162.143: [GC (Allocation Failure) [PSYoungGen: 81328K->1408K(80896K)] 453234K->373314K(591360K), 0.0026082 secs] [Times: user=0.01 sys=0.00, real=0.01 secs] 
2163.144: [GC (Allocation Failure) [PSYoungGen: 80768K->1440K(80384K)] 452674K->373346K(590848K), 0.0029991 secs] [Times: user=0.02 sys=0.00, real=0.01 secs] 
2164.080: [GC (Allocation Failure) [PSYoungGen: 80288K->1437K(79872K)] 452194K->373343K(590336K), 0.0027093 secs] [Times: user=0.00 sys=0.00, real=0.00 secs] 
2164.292: [GC (Allocation Failure) [PSYoungGen: 79773K->1533K(79360K)] 451679K->373439K(589824K), 0.0016787 secs] [Times: user=0.01 sys=0.00, real=0.00 secs] 
2164.431: [GC (Allocation Failure) [PSYoungGen: 79357K->1501K(78848K)] 451263K->373407K(589312K), 0.0015898 secs] [Times: user=0.00 sys=0.00, real=0.00 secs] 
2164.570: [GC (Allocation Failure) [PSYoungGen: 78813K->1453K(78336K)] 450719K->373359K(588800K), 0.0024063 secs] [Times: user=0.00 sys=0.00, real=0.00 secs] 
2165.476: [GC (Allocation Failure) [PSYoungGen: 78253K->1472K(77824K)] 450159K->373378K(588288K), 0.0021306 secs] [Times: user=0.01 sys=0.00, real=0.00 secs] 
2165.981: [GC (Allocation Failure) [PSYoungGen: 77760K->1392K(77312K)] 449666K->373298K(587776K), 0.0023081 secs] [Times: user=0.01 sys=0.00, real=0.00 secs] 
2166.760: [GC (Allocation Failure) [PSYoungGen: 77168K->1408K(76800K)] 449074K->373314K(587264K), 0.0024481 secs] [Times: user=0.01 sys=0.00, real=0.00 secs] 
2167.315: [GC (Allocation Failure) [PSYoungGen: 76672K->1501K(76288K)] 448578K->373407K(586752K), 0.0022628 secs] [Times: user=0.01 sys=0.00, real=0.01 secs] 
2167.491: [GC (Allocation Failure) [PSYoungGen: 76253K->1469K(75776K)] 448159K->373375K(586240K), 0.0016388 secs] [Times: user=0.01 sys=0.00, real=0.00 secs] 
2167.623: [GC (Allocation Failure) [PSYoungGen: 75709K->1501K(75264K)] 447615K->373407K(585728K), 0.0017219 secs] [Times: user=0.01 sys=0.00, real=0.00 secs] 
2167.753: [GC (Allocation Failure) [PSYoungGen: 75229K->1501K(74752K)] 447135K->373407K(585216K), 0.0017794 secs] [Times: user=0.01 sys=0.00, real=0.00 secs] 
2168.631: [GC (Allocation Failure) [PSYoungGen: 74717K->1456K(74240K)] 446623K->373362K(584704K), 0.0022829 secs] [Times: user=0.01 sys=0.00, real=0.00 secs] 
2169.902: [GC (Allocation Failure) [PSYoungGen: 74160K->1408K(73728K)] 446066K->373322K(584192K), 0.0029102 secs] [Times: user=0.01 sys=0.00, real=0.00 secs] 
2170.529: [GC (Allocation Failure) [PSYoungGen: 73600K->1408K(73216K)] 445514K->373338K(583680K), 0.0024209 secs] [Times: user=0.01 sys=0.00, real=0.00 secs] 
2171.149: [GC (Allocation Failure) [PSYoungGen: 73088K->1376K(72704K)] 445018K->373306K(583168K), 0.0022836 secs] [Times: user=0.01 sys=0.00, real=0.00 secs] 
2171.463: [GC (Allocation Failure) [PSYoungGen: 72544K->1440K(72192K)] 444474K->373370K(582656K), 0.0015983 secs] [Times: user=0.00 sys=0.00, real=0.00 secs] 
2171.587: [GC (Allocation Failure) [PSYoungGen: 72096K->1533K(71680K)] 444026K->373463K(582144K), 0.0015956 secs] [Times: user=0.01 sys=0.00, real=0.00 secs] 
2171.710: [GC (Allocation Failure) [PSYoungGen: 71677K->1501K(71168K)] 443607K->373431K(581632K), 0.0017912 secs] [Times: user=0.00 sys=0.00, real=0.00 secs] 
2171.833: [GC (Allocation Failure) [PSYoungGen: 71133K->1533K(70656K)] 443063K->373463K(581120K), 0.0016408 secs] [Times: user=0.01 sys=0.00, real=0.00 secs] 
2172.223: [GC (Allocation Failure) [PSYoungGen: 70653K->1408K(70144K)] 442583K->373338K(580608K), 0.0019324 secs] [Times: user=0.01 sys=0.00, real=0.00 secs] 
2172.640: [GC (Allocation Failure) [PSYoungGen: 70016K->1392K(69632K)] 441946K->373322K(580096K), 0.0022273 secs] [Times: user=0.01 sys=0.00, real=0.00 secs] 
2172.945: [GC (Allocation Failure) [PSYoungGen: 69488K->1344K(69120K)] 441418K->373274K(579584K), 0.0029147 secs] [Times: user=0.01 sys=0.01, real=0.01 secs] 
2173.278: [GC (Allocation Failure) [PSYoungGen: 68928K->1408K(68608K)] 440858K->373338K(579072K), 0.0021439 secs] [Times: user=0.01 sys=0.00, real=0.00 secs] 
2173.440: [GC (Allocation Failure) [PSYoungGen: 68468K->1437K(68096K)] 440399K->373375K(578560K), 0.0016641 secs] [Times: user=0.01 sys=0.00, real=0.00 secs] 
2173.574: [GC (Allocation Failure) [PSYoungGen: 67997K->1501K(67584K)] 439935K->373439K(578048K), 0.0018267 secs] [Times: user=0.00 sys=0.00, real=0.01 secs] 
2173.732: [GC (Allocation Failure) [PSYoungGen: 67549K->1517K(68608K)] 439487K->373455K(579072K), 0.0018358 secs] [Times: user=0.00 sys=0.00, real=0.00 secs] 
2173.867: [GC (Allocation Failure) [PSYoungGen: 68062K->1533K(74752K)] 440000K->373479K(585216K), 0.0018852 secs] [Times: user=0.01 sys=0.00, real=0.00 secs] 
2174.552: [GC (Allocation Failure) [PSYoungGen: 74237K->1440K(73728K)] 446183K->373394K(584192K), 0.0025935 secs] [Times: user=0.01 sys=0.00, real=0.00 secs] 
2175.356: [GC (Allocation Failure) [PSYoungGen: 73632K->1376K(73216K)] 445586K->373346K(583680K), 0.0031018 secs] [Times: user=0.01 sys=0.00, real=0.01 secs] 
2175.952: [GC (Allocation Failure) [PSYoungGen: 73056K->1408K(72704K)] 445026K->373378K(583168K), 0.0021388 secs] [Times: user=0.01 sys=0.00, real=0.00 secs] 
2176.848: [GC (Allocation Failure) [PSYoungGen: 72576K->1405K(72192K)] 444546K->373399K(582656K), 0.0023780 secs] [Times: user=0.01 sys=0.00, real=0.00 secs] 
2177.012: [GC (Allocation Failure) [PSYoungGen: 72043K->1501K(71680K)] 444038K->373495K(582144K), 0.0016912 secs] [Times: user=0.01 sys=0.00, real=0.00 secs] 
2177.136: [GC (Allocation Failure) [PSYoungGen: 71641K->1533K(71168K)] 443635K->373527K(581632K), 0.0017717 secs] [Times: user=0.01 sys=0.00, real=0.01 secs] 
2177.261: [GC (Allocation Failure) [PSYoungGen: 71165K->1469K(70656K)] 443159K->373463K(581120K), 0.0016585 secs] [Times: user=0.01 sys=0.00, real=0.00 secs] 
2177.532: [GC (Allocation Failure) [PSYoungGen: 70589K->1456K(70144K)] 442583K->373450K(580608K), 0.0021223 secs] [Times: user=0.01 sys=0.00, real=0.00 secs] 
2177.818: [GC (Allocation Failure) [PSYoungGen: 70064K->1376K(69632K)] 442058K->373370K(580096K), 0.0019491 secs] [Times: user=0.01 sys=0.00, real=0.00 secs] 
2178.153: [GC (Allocation Failure) [PSYoungGen: 69472K->1408K(69120K)] 441466K->373402K(579584K), 0.0021218 secs] [Times: user=0.01 sys=0.00, real=0.00 secs] 
2178.434: [GC (Allocation Failure) [PSYoungGen: 68992K->1408K(68608K)] 440986K->373402K(579072K), 0.0020171 secs] [Times: user=0.00 sys=0.00, real=0.01 secs] 
2178.699: [GC (Allocation Failure) [PSYoungGen: 68480K->1501K(68096K)] 440474K->373495K(578560K), 0.0020927 secs] [Times: user=0.00 sys=0.00, real=0.00 secs] 
2178.819: [GC (Allocation Failure) [PSYoungGen: 68061K->1501K(67584K)] 440055K->373495K(578048K), 0.0017666 secs] [Times: user=0.00 sys=0.00, real=0.00 secs] 
2178.937: [GC (Allocation Failure) [PSYoungGen: 67549K->1501K(68096K)] 439543K->373495K(578560K), 0.0015693 secs] [Times: user=0.01 sys=0.00, real=0.00 secs] 
2179.073: [GC (Allocation Failure) [PSYoungGen: 67549K->1533K(68096K)] 439543K->373527K(578560K), 0.0020027 secs] [Times: user=0.00 sys=0.00, real=0.00 secs] 
2180.447: [GC (Allocation Failure) [PSYoungGen: 67581K->1424K(67072K)] 439575K->373418K(577536K), 0.0040471 secs] [Times: user=0.01 sys=0.00, real=0.00 secs] 
2181.737: [GC (Allocation Failure) [PSYoungGen: 66960K->1344K(66560K)] 438954K->373338K(577024K), 0.0037951 secs] [Times: user=0.01 sys=0.00, real=0.00 secs] 
2182.325: [GC (Allocation Failure) [PSYoungGen: 66368K->1408K(66048K)] 438362K->373402K(576512K), 0.0024908 secs] [Times: user=0.01 sys=0.00, real=0.01 secs] 
2182.813: [GC (Allocation Failure) [PSYoungGen: 65920K->1392K(65536K)] 437914K->373386K(576000K), 0.0023827 secs] [Times: user=0.01 sys=0.00, real=0.00 secs] 
2183.273: [GC (Allocation Failure) [PSYoungGen: 65392K->1437K(65024K)] 437386K->373431K(575488K), 0.0021537 secs] [Times: user=0.01 sys=0.00, real=0.00 secs] 
2183.414: [GC (Allocation Failure) [PSYoungGen: 64925K->1469K(64512K)] 436919K->373463K(574976K), 0.0017322 secs] [Times: user=0.01 sys=0.00, real=0.01 secs] 
2183.539: [GC (Allocation Failure) [PSYoungGen: 64445K->1421K(64000K)] 436439K->373415K(574464K), 0.0017619 secs] [Times: user=0.01 sys=0.00, real=0.00 secs] 
2183.679: [GC (Allocation Failure) [PSYoungGen: 63885K->1504K(63488K)] 435879K->373514K(573952K), 0.0019423 secs] [Times: user=0.01 sys=0.00, real=0.00 secs] 
2183.795: [GC (Allocation Failure) [PSYoungGen: 63456K->1517K(70144K)] 435466K->373527K(580608K), 0.0016727 secs] [Times: user=0.00 sys=0.00, real=0.01 secs] 
2184.367: [GC (Allocation Failure) [PSYoungGen: 70125K->1408K(69632K)] 442135K->373418K(580096K), 0.0024574 secs] [Times: user=0.01 sys=0.00, real=0.00 secs] 
2184.822: [GC (Allocation Failure) [PSYoungGen: 69504K->1408K(69120K)] 441514K->373418K(579584K), 0.0022349 secs] [Times: user=0.01 sys=0.00, real=0.00 secs] 
2185.107: [GC (Allocation Failure) [PSYoungGen: 68992K->1408K(68608K)] 441002K->373418K(579072K), 0.0022989 secs] [Times: user=0.01 sys=0.01, real=0.00 secs] 
2185.512: [GC (Allocation Failure) [PSYoungGen: 68480K->1408K(68096K)] 440490K->373418K(578560K), 0.0021657 secs] [Times: user=0.00 sys=0.00, real=0.00 secs] 
2185.754: [GC (Allocation Failure) [PSYoungGen: 67968K->1504K(67584K)] 439978K->373514K(578048K), 0.0027639 secs] [Times: user=0.01 sys=0.00, real=0.01 secs] 
2185.877: [GC (Allocation Failure) [PSYoungGen: 67552K->1533K(67072K)] 439562K->373543K(577536K), 0.0016764 secs] [Times: user=0.01 sys=0.00, real=0.00 secs] 
2185.996: [GC (Allocation Failure) [PSYoungGen: 67069K->1517K(67584K)] 439079K->373535K(578048K), 0.0017035 secs] [Times: user=0.01 sys=0.00, real=0.00 secs] 
2186.113: [GC (Allocation Failure) [PSYoungGen: 67053K->1517K(74752K)] 439071K->373559K(585216K), 0.0015981 secs] [Times: user=0.00 sys=0.00, real=0.00 secs] 
2187.196: [GC (Allocation Failure) [PSYoungGen: 74221K->1408K(73728K)] 446263K->373450K(584192K), 0.0038659 secs] [Times: user=0.01 sys=0.01, real=0.01 secs] 
2187.921: [GC (Allocation Failure) [PSYoungGen: 73600K->1376K(73216K)] 445642K->373418K(583680K), 0.0025363 secs] [Times: user=0.01 sys=0.00, real=0.00 secs] 
2188.841: [GC (Allocation Failure) [PSYoungGen: 73056K->1440K(72704K)] 445098K->373482K(583168K), 0.0029509 secs] [Times: user=0.01 sys=0.00, real=0.00 secs] 
2189.591: [GC (Allocation Failure) [PSYoungGen: 72608K->1392K(72192K)] 444650K->373434K(582656K), 0.0028264 secs] [Times: user=0.01 sys=0.00, real=0.00 secs] 
2189.837: [GC (Allocation Failure) [PSYoungGen: 72048K->1453K(71680K)] 444090K->373495K(582144K), 0.0016038 secs] [Times: user=0.01 sys=0.00, real=0.00 secs] 
2189.960: [GC (Allocation Failure) [PSYoungGen: 71597K->1504K(71168K)] 443639K->373546K(581632K), 0.0017814 secs] [Times: user=0.01 sys=0.00, real=0.00 secs] 
2190.083: [GC (Allocation Failure) [PSYoungGen: 71136K->1472K(70656K)] 443178K->373514K(581120K), 0.0017817 secs] [Times: user=0.01 sys=0.00, real=0.00 secs] 
2190.425: [GC (Allocation Failure) [PSYoungGen: 70592K->1392K(70144K)] 442634K->373434K(580608K), 0.0019324 secs] [Times: user=0.01 sys=0.00, real=0.01 secs] 
2191.107: [GC (Allocation Failure) [PSYoungGen: 70000K->1440K(69632K)] 442042K->373482K(580096K), 0.0040989 secs] [Times: user=0.01 sys=0.00, real=0.00 secs] 
2191.781: [GC (Allocation Failure) [PSYoungGen: 69536K->1440K(69120K)] 441578K->373482K(579584K), 0.0029283 secs] [Times: user=0.01 sys=0.00, real=0.00 secs] 
2192.583: [GC (Allocation Failure) [PSYoungGen: 69024K->1408K(68608K)] 441066K->373450K(579072K), 0.0029870 secs] [Times: user=0.01 sys=0.00, real=0.01 secs] 
2193.237: [GC (Allocation Failure) [PSYoungGen: 68480K->1501K(68096K)] 440522K->373543K(578560K), 0.0026783 secs] [Times: user=0.01 sys=0.00, real=0.00 secs] 
2193.419: [GC (Allocation Failure) [PSYoungGen: 68061K->1504K(67584K)] 440103K->373546K(578048K), 0.0017607 secs] [Times: user=0.00 sys=0.00, real=0.00 secs] 
2193.537: [GC (Allocation Failure) [PSYoungGen: 67552K->1501K(67072K)] 439594K->373543K(577536K), 0.0016643 secs] [Times: user=0.00 sys=0.00, real=0.00 secs] 
2193.653: [GC (Allocation Failure) [PSYoungGen: 67037K->1501K(66560K)] 439079K->373543K(577024K), 0.0016741 secs] [Times: user=0.01 sys=0.00, real=0.00 secs] 
2194.241: [GC (Allocation Failure) [PSYoungGen: 66525K->1456K(66048K)] 438567K->373498K(576512K), 0.0031087 secs] [Times: user=0.01 sys=0.00, real=0.00 secs] 
2195.725: [GC (Allocation Failure) [PSYoungGen: 65968K->1376K(65536K)] 438010K->373418K(576000K), 0.0040781 secs] [Times: user=0.01 sys=0.00, real=0.01 secs] 
2196.401: [GC (Allocation Failure) [PSYoungGen: 65376K->1408K(65024K)] 437418K->373450K(575488K), 0.0035812 secs] [Times: user=0.02 sys=0.01, real=0.00 secs] 
2196.929: [GC (Allocation Failure) [PSYoungGen: 64896K->1376K(64512K)] 436938K->373418K(574976K), 0.0031668 secs] [Times: user=0.01 sys=0.00, real=0.00 secs] 
2197.250: [GC (Allocation Failure) [PSYoungGen: 64352K->1408K(64000K)] 436394K->373450K(574464K), 0.0021786 secs] [Times: user=0.01 sys=0.00, real=0.00 secs] 
2197.609: [GC (Allocation Failure) [PSYoungGen: 63872K->1501K(63488K)] 435914K->373543K(573952K), 0.0016591 secs] [Times: user=0.01 sys=0.00, real=0.00 secs] 
2197.719: [GC (Allocation Failure) [PSYoungGen: 63453K->1501K(62976K)] 435495K->373543K(573440K), 0.0016643 secs] [Times: user=0.01 sys=0.01, real=0.00 secs] 
2197.842: [GC (Allocation Failure) [PSYoungGen: 62941K->1453K(62464K)] 434983K->373503K(572928K), 0.0018089 secs] [Times: user=0.01 sys=0.00, real=0.00 secs] 
2197.978: [GC (Allocation Failure) [PSYoungGen: 62381K->1453K(62976K)] 434431K->373503K(573440K), 0.0018421 secs] [Times: user=0.01 sys=0.00, real=0.00 secs] 
2199.344: [GC (Allocation Failure) [PSYoungGen: 62381K->1392K(61952K)] 434431K->373466K(572416K), 0.0033862 secs] [Times: user=0.02 sys=0.00, real=0.01 secs] 
2199.943: [GC (Allocation Failure) [PSYoungGen: 61808K->1344K(61440K)] 433882K->373418K(571904K), 0.0026298 secs] [Times: user=0.01 sys=0.00, real=0.00 secs] 
2200.444: [GC (Allocation Failure) [PSYoungGen: 61248K->1408K(60928K)] 433322K->373482K(571392K), 0.0028981 secs] [Times: user=0.02 sys=0.00, real=0.01 secs] 
2200.943: [GC (Allocation Failure) [PSYoungGen: 60800K->1408K(60416K)] 432874K->373482K(570880K), 0.0025908 secs] [Times: user=0.01 sys=0.00, real=0.00 secs] 
2201.371: [GC (Allocation Failure) [PSYoungGen: 60288K->1360K(60928K)] 432362K->373434K(571392K), 0.0022288 secs] [Times: user=0.01 sys=0.00, real=0.00 secs] 
2201.529: [GC (Allocation Failure) [PSYoungGen: 60240K->1472K(60928K)] 432314K->373546K(571392K), 0.0015940 secs] [Times: user=0.00 sys=0.00, real=0.00 secs] 
2201.634: [GC (Allocation Failure) [PSYoungGen: 60352K->1453K(60928K)] 432426K->373535K(571392K), 0.0015405 secs] [Times: user=0.01 sys=0.00, real=0.00 secs] 
2201.739: [GC (Allocation Failure) [PSYoungGen: 60326K->1501K(60928K)] 432409K->373583K(571392K), 0.0017550 secs] [Times: user=0.01 sys=0.00, real=0.00 secs] 
2201.844: [GC (Allocation Failure) [PSYoungGen: 60381K->1501K(60928K)] 432463K->373583K(571392K), 0.0016236 secs] [Times: user=0.01 sys=0.00, real=0.00 secs] 
2202.240: [GC (Allocation Failure) [PSYoungGen: 60381K->1456K(66560K)] 432463K->373538K(577024K), 0.0021023 secs] [Times: user=0.01 sys=0.00, real=0.00 secs] 
2202.630: [GC (Allocation Failure) [PSYoungGen: 66480K->1408K(66048K)] 438562K->373490K(576512K), 0.0021294 secs] [Times: user=0.01 sys=0.00, real=0.00 secs] 
2202.941: [GC (Allocation Failure) [PSYoungGen: 65920K->1408K(65536K)] 438002K->373490K(576000K), 0.0021387 secs] [Times: user=0.00 sys=0.00, real=0.00 secs] 
2203.290: [GC (Allocation Failure) [PSYoungGen: 65408K->1408K(65024K)] 437490K->373490K(575488K), 0.0022490 secs] [Times: user=0.00 sys=0.00, real=0.00 secs] 
2203.628: [GC (Allocation Failure) [PSYoungGen: 64896K->1501K(64512K)] 436978K->373583K(574976K), 0.0022039 secs] [Times: user=0.01 sys=0.00, real=0.00 secs] 
2203.750: [GC (Allocation Failure) [PSYoungGen: 64477K->1504K(64000K)] 436559K->373586K(574464K), 0.0017504 secs] [Times: user=0.01 sys=0.00, real=0.00 secs] 
2203.862: [GC (Allocation Failure) [PSYoungGen: 63968K->1504K(64512K)] 436050K->373594K(574976K), 0.0017767 secs] [Times: user=0.00 sys=0.00, real=0.00 secs] 
2203.972: [GC (Allocation Failure) [PSYoungGen: 63947K->1485K(64512K)] 436037K->373575K(574976K), 0.0016889 secs] [Times: user=0.00 sys=0.00, real=0.00 secs] 
2204.083: [GC (Allocation Failure) [PSYoungGen: 63949K->224K(71680K)] 436039K->372314K(582144K), 0.0020554 secs] [Times: user=0.01 sys=0.00, real=0.00 secs] 
2204.731: [GC (Allocation Failure) [PSYoungGen: 69856K->1376K(71680K)] 441946K->373490K(582144K), 0.0020843 secs] [Times: user=0.01 sys=0.00, real=0.00 secs] 
2205.360: [GC (Allocation Failure) [PSYoungGen: 71008K->1424K(78336K)] 443122K->373538K(588800K), 0.0053170 secs] [Times: user=0.01 sys=0.02, real=0.00 secs] 
2206.294: [GC (Allocation Failure) [PSYoungGen: 78224K->1376K(77824K)] 450338K->373490K(588288K), 0.0043887 secs] [Times: user=0.01 sys=0.00, real=0.01 secs] 
2207.067: [GC (Allocation Failure) [PSYoungGen: 77664K->1437K(77312K)] 449778K->373551K(587776K), 0.0033010 secs] [Times: user=0.01 sys=0.01, real=0.00 secs] 
2207.294: [GC (Allocation Failure) [PSYoungGen: 77213K->1517K(76800K)] 449327K->373631K(587264K), 0.0016521 secs] [Times: user=0.00 sys=0.00, real=0.01 secs] 
2207.426: [GC (Allocation Failure) [PSYoungGen: 76781K->1549K(76800K)] 448895K->373663K(587264K), 0.0015384 secs] [Times: user=0.00 sys=0.00, real=0.00 secs] 
2207.558: [GC (Allocation Failure) [PSYoungGen: 76301K->1501K(75776K)] 448415K->373623K(586240K), 0.0017381 secs] [Times: user=0.01 sys=0.00, real=0.00 secs] 
2208.038: [GC (Allocation Failure) [PSYoungGen: 75741K->1440K(75264K)] 447863K->373562K(585728K), 0.0032973 secs] [Times: user=0.01 sys=0.00, real=0.00 secs] 
2208.674: [GC (Allocation Failure) [PSYoungGen: 75168K->1376K(74752K)] 447290K->373498K(585216K), 0.0031499 secs] [Times: user=0.01 sys=0.00, real=0.01 secs] 
2209.284: [GC (Allocation Failure) [PSYoungGen: 74592K->1408K(74240K)] 446714K->373530K(584704K), 0.0032075 secs] [Times: user=0.01 sys=0.00, real=0.01 secs] 
2209.924: [GC (Allocation Failure) [PSYoungGen: 74112K->1440K(73728K)] 446234K->373562K(584192K), 0.0022625 secs] [Times: user=0.01 sys=0.00, real=0.01 secs] 
2210.171: [GC (Allocation Failure) [PSYoungGen: 73632K->1533K(73216K)] 445754K->373655K(583680K), 0.0016705 secs] [Times: user=0.01 sys=0.00, real=0.00 secs] 
2210.297: [GC (Allocation Failure) [PSYoungGen: 73213K->1469K(72704K)] 445335K->373591K(583168K), 0.0017041 secs] [Times: user=0.01 sys=0.00, real=0.00 secs] 
2210.422: [GC (Allocation Failure) [PSYoungGen: 72637K->1485K(72192K)] 444759K->373607K(582656K), 0.0016486 secs] [Times: user=0.01 sys=0.00, real=0.00 secs] 
2210.763: [GC (Allocation Failure) [PSYoungGen: 72141K->1440K(71680K)] 444263K->373562K(582144K), 0.0020218 secs] [Times: user=0.01 sys=0.00, real=0.00 secs] 
2211.609: [GC (Allocation Failure) [PSYoungGen: 71584K->1360K(71168K)] 443706K->373482K(581632K), 0.0036936 secs] [Times: user=0.01 sys=0.00, real=0.00 secs] 
2212.394: [GC (Allocation Failure) [PSYoungGen: 70992K->1376K(70656K)] 443114K->373498K(581120K), 0.0043470 secs] [Times: user=0.01 sys=0.00, real=0.01 secs] 
2213.267: [GC (Allocation Failure) [PSYoungGen: 70496K->1376K(70144K)] 442618K->373498K(580608K), 0.0029044 secs] [Times: user=0.01 sys=0.00, real=0.00 secs] 
2214.001: [GC (Allocation Failure) [PSYoungGen: 69984K->1469K(69632K)] 442106K->373591K(580096K), 0.0027396 secs] [Times: user=0.01 sys=0.00, real=0.00 secs] 
2214.173: [GC (Allocation Failure) [PSYoungGen: 69565K->1469K(69120K)] 441687K->373591K(579584K), 0.0016024 secs] [Times: user=0.00 sys=0.00, real=0.00 secs] 
2214.293: [GC (Allocation Failure) [PSYoungGen: 69053K->1485K(68608K)] 441175K->373607K(579072K), 0.0016675 secs] [Times: user=0.01 sys=0.00, real=0.00 secs] 
2214.411: [GC (Allocation Failure) [PSYoungGen: 68557K->1469K(68096K)] 440679K->373591K(578560K), 0.0017665 secs] [Times: user=0.01 sys=0.01, real=0.00 secs] 
2214.681: [GC (Allocation Failure) [PSYoungGen: 68029K->1424K(67584K)] 440151K->373546K(578048K), 0.0019527 secs] [Times: user=0.00 sys=0.00, real=0.00 secs] 
2215.185: [GC (Allocation Failure) [PSYoungGen: 67472K->1408K(67072K)] 439594K->373530K(577536K), 0.0023592 secs] [Times: user=0.01 sys=0.00, real=0.01 secs] 
2215.821: [GC (Allocation Failure) [PSYoungGen: 66944K->1344K(66560K)] 439066K->373466K(577024K), 0.0024766 secs] [Times: user=0.01 sys=0.00, real=0.00 secs] 
2216.414: [GC (Allocation Failure) [PSYoungGen: 66368K->1408K(66048K)] 438490K->373530K(576512K), 0.0022792 secs] [Times: user=0.01 sys=0.00, real=0.01 secs] 
2216.956: [GC (Allocation Failure) [PSYoungGen: 65920K->1520K(65536K)] 438042K->373642K(576000K), 0.0023894 secs] [Times: user=0.01 sys=0.01, real=0.00 secs] 
2217.098: [GC (Allocation Failure) [PSYoungGen: 65520K->1501K(65024K)] 437642K->373623K(575488K), 0.0015701 secs] [Times: user=0.01 sys=0.00, real=0.00 secs] 
2217.211: [GC (Allocation Failure) [PSYoungGen: 64989K->1517K(64512K)] 437111K->373639K(574976K), 0.0016227 secs] [Times: user=0.00 sys=0.00, real=0.00 secs] 
2217.323: [GC (Allocation Failure) [PSYoungGen: 64493K->1469K(64000K)] 436615K->373599K(574464K), 0.0015434 secs] [Times: user=0.01 sys=0.00, real=0.00 secs] 
2217.436: [GC (Allocation Failure) [PSYoungGen: 63842K->256K(65024K)] 435972K->372410K(575488K), 0.0016810 secs] [Times: user=0.01 sys=0.00, real=0.01 secs] 
2217.719: [GC (Allocation Failure) [PSYoungGen: 63232K->1456K(71168K)] 435386K->373610K(581632K), 0.0039108 secs] [Times: user=0.01 sys=0.01, real=0.00 secs] 
2218.008: [GC (Allocation Failure) [PSYoungGen: 70576K->1408K(71168K)] 442730K->373562K(581632K), 0.0018878 secs] [Times: user=0.01 sys=0.00, real=0.00 secs] 
2218.295: [GC (Allocation Failure) [PSYoungGen: 70528K->1392K(70144K)] 442682K->373546K(580608K), 0.0019224 secs] [Times: user=0.01 sys=0.00, real=0.01 secs] 
2218.580: [GC (Allocation Failure) [PSYoungGen: 70000K->1376K(69632K)] 442154K->373530K(580096K), 0.0017627 secs] [Times: user=0.01 sys=0.00, real=0.00 secs] 
2218.744: [GC (Allocation Failure) [PSYoungGen: 69472K->1504K(69120K)] 441626K->373658K(579584K), 0.0015917 secs] [Times: user=0.01 sys=0.00, real=0.00 secs] 
2218.863: [GC (Allocation Failure) [PSYoungGen: 69088K->1485K(68608K)] 441242K->373639K(579072K), 0.0016755 secs] [Times: user=0.00 sys=0.00, real=0.00 secs] 
2218.981: [GC (Allocation Failure) [PSYoungGen: 68557K->1488K(75776K)] 440711K->373650K(586240K), 0.0016363 secs] [Times: user=0.01 sys=0.00, real=0.00 secs] 
2219.355: [GC (Allocation Failure) [PSYoungGen: 75728K->1952K(75776K)] 447890K->374114K(586240K), 0.0024896 secs] [Times: user=0.01 sys=0.00, real=0.01 secs] 
2221.047: [GC (Allocation Failure) [PSYoungGen: 75680K->1376K(74752K)] 447842K->373538K(585216K), 0.0030064 secs] [Times: user=0.01 sys=0.00, real=0.00 secs] 
2221.439: [GC (Allocation Failure) [PSYoungGen: 74592K->1376K(74240K)] 446754K->373538K(584704K), 0.0023250 secs] [Times: user=0.01 sys=0.00, real=0.00 secs] 
2221.741: [GC (Allocation Failure) [PSYoungGen: 74080K->1408K(73728K)] 446242K->373570K(584192K), 0.0019353 secs] [Times: user=0.01 sys=0.00, real=0.00 secs] 
2222.024: [GC (Allocation Failure) [PSYoungGen: 73600K->1405K(73216K)] 445762K->373567K(583680K), 0.0018756 secs] [Times: user=0.01 sys=0.00, real=0.00 secs] 
2222.152: [GC (Allocation Failure) [PSYoungGen: 73074K->1485K(72704K)] 445236K->373647K(583168K), 0.0017948 secs] [Times: user=0.01 sys=0.00, real=0.00 secs] 
2222.280: [GC (Allocation Failure) [PSYoungGen: 72653K->1469K(72192K)] 444815K->373631K(582656K), 0.0017414 secs] [Times: user=0.01 sys=0.00, real=0.00 secs] 
2222.407: [GC (Allocation Failure) [PSYoungGen: 72125K->1485K(72704K)] 444287K->373655K(583168K), 0.0016643 secs] [Times: user=0.00 sys=0.00, real=0.00 secs] 
2222.763: [GC (Allocation Failure) [PSYoungGen: 72653K->1424K(72192K)] 444823K->373594K(582656K), 0.0019832 secs] [Times: user=0.01 sys=0.00, real=0.00 secs] 
2223.099: [GC (Allocation Failure) [PSYoungGen: 72080K->1376K(71680K)] 444250K->373546K(582144K), 0.0022241 secs] [Times: user=0.01 sys=0.00, real=0.00 secs] 
2223.420: [GC (Allocation Failure) [PSYoungGen: 71520K->1376K(71168K)] 443690K->373546K(581632K), 0.0022063 secs] [Times: user=0.01 sys=0.00, real=0.00 secs] 
2223.873: [GC (Allocation Failure) [PSYoungGen: 71008K->1376K(70656K)] 443178K->373546K(581120K), 0.0021679 secs] [Times: user=0.01 sys=0.00, real=0.00 secs] 
2224.152: [GC (Allocation Failure) [PSYoungGen: 70496K->1501K(70144K)] 442666K->373671K(580608K), 0.0016612 secs] [Times: user=0.01 sys=0.00, real=0.00 secs] 
2224.273: [GC (Allocation Failure) [PSYoungGen: 70109K->1501K(69632K)] 442279K->373671K(580096K), 0.0017606 secs] [Times: user=0.01 sys=0.00, real=0.00 secs] 
2224.393: [GC (Allocation Failure) [PSYoungGen: 69597K->1453K(70144K)] 441767K->373623K(580608K), 0.0017541 secs] [Times: user=0.01 sys=0.00, real=0.00 secs] 
2224.513: [GC (Allocation Failure) [PSYoungGen: 69549K->1485K(77312K)] 441719K->373671K(587776K), 0.0016546 secs] [Times: user=0.01 sys=0.00, real=0.00 secs] 
2224.961: [GC (Allocation Failure) [PSYoungGen: 76749K->1408K(76288K)] 448935K->373594K(586752K), 0.0018046 secs] [Times: user=0.00 sys=0.00, real=0.00 secs] 
2225.655: [GC (Allocation Failure) [PSYoungGen: 76160K->1408K(75776K)] 448346K->373594K(586240K), 0.0039159 secs] [Times: user=0.01 sys=0.00, real=0.01 secs] 
2226.302: [GC (Allocation Failure) [PSYoungGen: 75648K->1376K(75264K)] 447834K->373586K(585728K), 0.0022044 secs] [Times: user=0.01 sys=0.00, real=0.00 secs] 
2226.979: [GC (Allocation Failure) [PSYoungGen: 75104K->1421K(74752K)] 447314K->373631K(585216K), 0.0023152 secs] [Times: user=0.01 sys=0.00, real=0.00 secs] 
2227.143: [GC (Allocation Failure) [PSYoungGen: 74607K->1517K(74240K)] 446818K->373727K(584704K), 0.0016750 secs] [Times: user=0.01 sys=0.00, real=0.00 secs] 
2227.272: [GC (Allocation Failure) [PSYoungGen: 74221K->1501K(73728K)] 446431K->373711K(584192K), 0.0017990 secs] [Times: user=0.01 sys=0.00, real=0.00 secs] 
2227.400: [GC (Allocation Failure) [PSYoungGen: 73693K->1485K(73216K)] 445903K->373695K(583680K), 0.0017630 secs] [Times: user=0.00 sys=0.00, real=0.00 secs] 
2227.958: [GC (Allocation Failure) [PSYoungGen: 73165K->1472K(72704K)] 445375K->373690K(583168K), 0.0021956 secs] [Times: user=0.01 sys=0.01, real=0.00 secs] 
2228.826: [GC (Allocation Failure) [PSYoungGen: 72640K->1376K(72192K)] 444858K->373594K(582656K), 0.0043000 secs] [Times: user=0.01 sys=0.00, real=0.00 secs] 
2229.792: [GC (Allocation Failure) [PSYoungGen: 72032K->1408K(71680K)] 444250K->373626K(582144K), 0.0037672 secs] [Times: user=0.01 sys=0.00, real=0.01 secs] 
2230.422: [GC (Allocation Failure) [PSYoungGen: 71552K->1376K(71168K)] 443770K->373594K(581632K), 0.0032947 secs] [Times: user=0.01 sys=0.01, real=0.00 secs] 
2230.874: [GC (Allocation Failure) [PSYoungGen: 71008K->1405K(70656K)] 443226K->373623K(581120K), 0.0023999 secs] [Times: user=0.00 sys=0.00, real=0.01 secs] 
2231.025: [GC (Allocation Failure) [PSYoungGen: 70525K->1504K(70144K)] 442743K->373722K(580608K), 0.0017249 secs] [Times: user=0.00 sys=0.00, real=0.01 secs] 
2231.146: [GC (Allocation Failure) [PSYoungGen: 70108K->1469K(69632K)] 442326K->373687K(580096K), 0.0017297 secs] [Times: user=0.00 sys=0.00, real=0.01 secs] 
2231.285: [GC (Allocation Failure) [PSYoungGen: 69565K->1485K(69120K)] 441783K->373703K(579584K), 0.0018968 secs] [Times: user=0.00 sys=0.00, real=0.01 secs] 
2232.557: [GC (Allocation Failure) [PSYoungGen: 69069K->1376K(68608K)] 441287K->373594K(579072K), 0.0049628 secs] [Times: user=0.02 sys=0.00, real=0.00 secs] 
2233.188: [GC (Allocation Failure) [PSYoungGen: 68448K->1376K(68096K)] 440666K->373594K(578560K), 0.0026378 secs] [Times: user=0.01 sys=0.00, real=0.00 secs] 
2233.590: [GC (Allocation Failure) [PSYoungGen: 67936K->1360K(67584K)] 440154K->373578K(578048K), 0.0025324 secs] [Times: user=0.01 sys=0.00, real=0.00 secs] 
2234.023: [GC (Allocation Failure) [PSYoungGen: 67408K->1376K(67072K)] 439626K->373594K(577536K), 0.0026924 secs] [Times: user=0.01 sys=0.00, real=0.01 secs] 
2234.337: [GC (Allocation Failure) [PSYoungGen: 66912K->1453K(66560K)] 439130K->373671K(577024K), 0.0020310 secs] [Times: user=0.01 sys=0.00, real=0.00 secs] 
2234.460: [GC (Allocation Failure) [PSYoungGen: 66477K->1501K(66048K)] 438695K->373719K(576512K), 0.0018059 secs] [Times: user=0.01 sys=0.00, real=0.00 secs] 
2234.573: [GC (Allocation Failure) [PSYoungGen: 65988K->1533K(65536K)] 438207K->373751K(576000K), 0.0017222 secs] [Times: user=0.00 sys=0.00, real=0.00 secs] 
2234.687: [GC (Allocation Failure) [PSYoungGen: 65533K->1533K(66048K)] 437751K->373759K(576512K), 0.0016579 secs] [Times: user=0.01 sys=0.00, real=0.00 secs] 
2235.100: [GC (Allocation Failure) [PSYoungGen: 65533K->1424K(65024K)] 437759K->373650K(575488K), 0.0021545 secs] [Times: user=0.01 sys=0.00, real=0.00 secs] 
2235.545: [GC (Allocation Failure) [PSYoungGen: 64912K->1376K(64512K)] 437138K->373602K(574976K), 0.0023926 secs] [Times: user=0.01 sys=0.00, real=0.01 secs] 
2235.799: [GC (Allocation Failure) [PSYoungGen: 64352K->1376K(64000K)] 436578K->373602K(574464K), 0.0022341 secs] [Times: user=0.00 sys=0.00, real=0.00 secs] 
2236.115: [GC (Allocation Failure) [PSYoungGen: 63840K->1344K(63488K)] 436066K->373570K(573952K), 0.0023145 secs] [Times: user=0.01 sys=0.00, real=0.01 secs] 
2236.384: [GC (Allocation Failure) [PSYoungGen: 63296K->1437K(62976K)] 435522K->373663K(573440K), 0.0019851 secs] [Times: user=0.01 sys=0.00, real=0.00 secs] 
2236.516: [GC (Allocation Failure) [PSYoungGen: 62877K->1469K(62464K)] 435103K->373695K(572928K), 0.0018558 secs] [Times: user=0.01 sys=0.01, real=0.00 secs] 
2236.624: [GC (Allocation Failure) [PSYoungGen: 62397K->1501K(69120K)] 434623K->373727K(579584K), 0.0017114 secs] [Times: user=0.01 sys=0.00, real=0.01 secs] 
2236.744: [GC (Allocation Failure) [PSYoungGen: 69085K->1533K(69632K)] 441311K->373783K(580096K), 0.0017713 secs] [Times: user=0.01 sys=0.00, real=0.00 secs] 
2236.956: [GC (Allocation Failure) [PSYoungGen: 69117K->1952K(77312K)] 441367K->374202K(587776K), 0.0021763 secs] [Times: user=0.01 sys=0.00, real=0.00 secs] 
2237.648: [GC (Allocation Failure) [PSYoungGen: 77216K->1408K(76288K)] 449466K->373658K(586752K), 0.0022689 secs] [Times: user=0.00 sys=0.00, real=0.00 secs] 
2238.262: [GC (Allocation Failure) [PSYoungGen: 76160K->1360K(75776K)] 448410K->373610K(586240K), 0.0023684 secs] [Times: user=0.01 sys=0.00, real=0.00 secs] 
2238.689: [GC (Allocation Failure) [PSYoungGen: 75600K->1344K(75264K)] 447850K->373594K(585728K), 0.0023066 secs] [Times: user=0.01 sys=0.00, real=0.00 secs] 
2239.161: [GC (Allocation Failure) [PSYoungGen: 75072K->1472K(74752K)] 447322K->373722K(585216K), 0.0023908 secs] [Times: user=0.01 sys=0.00, real=0.00 secs] 
2239.316: [GC (Allocation Failure) [PSYoungGen: 74674K->1504K(74240K)] 446924K->373754K(584704K), 0.0018389 secs] [Times: user=0.01 sys=0.00, real=0.00 secs] 
2239.445: [GC (Allocation Failure) [PSYoungGen: 74208K->1485K(73728K)] 446458K->373735K(584192K), 0.0017852 secs] [Times: user=0.01 sys=0.00, real=0.01 secs] 
2239.572: [GC (Allocation Failure) [PSYoungGen: 73677K->1485K(74240K)] 445927K->373743K(584704K), 0.0018412 secs] [Times: user=0.01 sys=0.00, real=0.00 secs] 
2240.338: [GC (Allocation Failure) [PSYoungGen: 73677K->1392K(73216K)] 445935K->373650K(583680K), 0.0030534 secs] [Times: user=0.01 sys=0.00, real=0.00 secs] 
2240.855: [GC (Allocation Failure) [PSYoungGen: 73072K->1376K(72704K)] 445330K->373634K(583168K), 0.0021862 secs] [Times: user=0.00 sys=0.00, real=0.01 secs] 
2241.323: [GC (Allocation Failure) [PSYoungGen: 72544K->1408K(72192K)] 444802K->373666K(582656K), 0.0022063 secs] [Times: user=0.01 sys=0.00, real=0.00 secs] 
2242.076: [GC (Allocation Failure) [PSYoungGen: 72064K->1408K(71680K)] 444322K->373666K(582144K), 0.0046795 secs] [Times: user=0.02 sys=0.00, real=0.00 secs] 
2242.446: [GC (Allocation Failure) [PSYoungGen: 71552K->1469K(71168K)] 443810K->373727K(581632K), 0.0019560 secs] [Times: user=0.01 sys=0.00, real=0.01 secs] 
2242.580: [GC (Allocation Failure) [PSYoungGen: 71101K->1568K(71168K)] 443359K->373826K(581632K), 0.0017214 secs] [Times: user=0.01 sys=0.00, real=0.00 secs] 
2242.704: [GC (Allocation Failure) [PSYoungGen: 70688K->477K(69120K)] 442946K->373759K(579584K), 0.0015955 secs] [Times: user=0.01 sys=0.00, real=0.00 secs] 
2243.125: [GC (Allocation Failure) [PSYoungGen: 69085K->1952K(70144K)] 442367K->375234K(580608K), 0.0032784 secs] [Times: user=0.01 sys=0.00, real=0.01 secs] 
2244.157: [GC (Allocation Failure) [PSYoungGen: 70048K->1408K(69120K)] 443330K->374690K(579584K), 0.0023962 secs] [Times: user=0.01 sys=0.00, real=0.00 secs] 
2244.475: [GC (Allocation Failure) [PSYoungGen: 68992K->1408K(68608K)] 442274K->374690K(579072K), 0.0020796 secs] [Times: user=0.01 sys=0.00, real=0.01 secs] 
2245.054: [GC (Allocation Failure) [PSYoungGen: 68480K->1376K(68096K)] 441762K->374658K(578560K), 0.0020424 secs] [Times: user=0.01 sys=0.00, real=0.01 secs] 
2245.636: [GC (Allocation Failure) [PSYoungGen: 67936K->1424K(67584K)] 441218K->374706K(578048K), 0.0038513 secs] [Times: user=0.01 sys=0.00, real=0.01 secs] 
2245.948: [GC (Allocation Failure) [PSYoungGen: 67472K->1485K(67072K)] 440754K->374767K(577536K), 0.0019914 secs] [Times: user=0.01 sys=0.00, real=0.00 secs] 
2246.075: [GC (Allocation Failure) [PSYoungGen: 67021K->1469K(66560K)] 440303K->374751K(577024K), 0.0017467 secs] [Times: user=0.01 sys=0.00, real=0.01 secs] 
2246.206: [GC (Allocation Failure) [PSYoungGen: 66493K->1501K(66048K)] 439775K->374783K(576512K), 0.0018937 secs] [Times: user=0.01 sys=0.00, real=0.00 secs] 
2246.349: [GC (Allocation Failure) [PSYoungGen: 66013K->1501K(72704K)] 439295K->374799K(583168K), 0.0018572 secs] [Times: user=0.01 sys=0.00, real=0.00 secs] 
2247.060: [GC (Allocation Failure) [PSYoungGen: 72669K->1408K(72192K)] 445967K->374706K(582656K), 0.0035383 secs] [Times: user=0.01 sys=0.00, real=0.00 secs] 
2247.718: [GC (Allocation Failure) [PSYoungGen: 72064K->1376K(71680K)] 445362K->374674K(582144K), 0.0031379 secs] [Times: user=0.01 sys=0.00, real=0.00 secs] 
2248.372: [GC (Allocation Failure) [PSYoungGen: 71520K->1408K(71168K)] 444818K->374730K(581632K), 0.0031819 secs] [Times: user=0.01 sys=0.00, real=0.00 secs] 
2248.822: [GC (Allocation Failure) [PSYoungGen: 71040K->1408K(70656K)] 444362K->374730K(581120K), 0.0023331 secs] [Times: user=0.00 sys=0.00, real=0.00 secs] 
2249.030: [GC (Allocation Failure) [PSYoungGen: 70528K->1501K(70144K)] 443850K->374823K(580608K), 0.0015933 secs] [Times: user=0.00 sys=0.00, real=0.00 secs] 
2249.150: [GC (Allocation Failure) [PSYoungGen: 70109K->1517K(69632K)] 443431K->374839K(580096K), 0.0017370 secs] [Times: user=0.01 sys=0.00, real=0.00 secs] 
2249.270: [GC (Allocation Failure) [PSYoungGen: 69613K->1485K(69120K)] 442935K->374823K(579584K), 0.0015629 secs] [Times: user=0.00 sys=0.00, real=0.00 secs] 
2249.500: [GC (Allocation Failure) [PSYoungGen: 69069K->1472K(68608K)] 442407K->374810K(579072K), 0.0019550 secs] [Times: user=0.01 sys=0.00, real=0.00 secs] 
2249.975: [GC (Allocation Failure) [PSYoungGen: 68544K->1408K(68096K)] 441882K->374746K(578560K), 0.0019169 secs] [Times: user=0.01 sys=0.00, real=0.01 secs] 
2250.266: [GC (Allocation Failure) [PSYoungGen: 67968K->1376K(67584K)] 441306K->374714K(578048K), 0.0020558 secs] [Times: user=0.00 sys=0.00, real=0.00 secs] 
2250.689: [GC (Allocation Failure) [PSYoungGen: 67424K->1408K(67072K)] 440762K->374746K(577536K), 0.0021043 secs] [Times: user=0.01 sys=0.00, real=0.00 secs] 
2251.199: [GC (Allocation Failure) [PSYoungGen: 66944K->1360K(66560K)] 440282K->374698K(577024K), 0.0022483 secs] [Times: user=0.01 sys=0.00, real=0.00 secs] 
2251.363: [GC (Allocation Failure) [PSYoungGen: 66384K->1469K(66048K)] 439722K->374807K(576512K), 0.0015727 secs] [Times: user=0.00 sys=0.00, real=0.00 secs] 
2251.477: [GC (Allocation Failure) [PSYoungGen: 65981K->1469K(65536K)] 439319K->374807K(576000K), 0.0019045 secs] [Times: user=0.01 sys=0.00, real=0.00 secs] 
2251.591: [GC (Allocation Failure) [PSYoungGen: 65469K->1469K(66048K)] 438807K->374807K(576512K), 0.0016265 secs] [Times: user=0.01 sys=0.00, real=0.00 secs] 
2251.705: [GC (Allocation Failure) [PSYoungGen: 65981K->1504K(66560K)] 439319K->374858K(577024K), 0.0017634 secs] [Times: user=0.00 sys=0.00, real=0.01 secs] 
2252.531: [GC (Allocation Failure) [PSYoungGen: 66016K->1440K(65536K)] 439370K->374794K(576000K), 0.0040702 secs] [Times: user=0.02 sys=0.00, real=0.00 secs] 
2253.197: [GC (Allocation Failure) [PSYoungGen: 65440K->1408K(65024K)] 438794K->374762K(575488K), 0.0025302 secs] [Times: user=0.01 sys=0.00, real=0.00 secs] 
2253.823: [GC (Allocation Failure) [PSYoungGen: 64896K->1408K(64512K)] 438250K->374762K(574976K), 0.0024754 secs] [Times: user=0.01 sys=0.00, real=0.00 secs] 
2254.445: [GC (Allocation Failure) [PSYoungGen: 64384K->1408K(64000K)] 437738K->374762K(574464K), 0.0032860 secs] [Times: user=0.02 sys=0.00, real=0.01 secs] 
2254.941: [GC (Allocation Failure) [PSYoungGen: 63872K->1533K(63488K)] 437226K->374887K(573952K), 0.0027169 secs] [Times: user=0.01 sys=0.00, real=0.00 secs] 
2255.104: [GC (Allocation Failure) [PSYoungGen: 63485K->1501K(62976K)] 436839K->374855K(573440K), 0.0016981 secs] [Times: user=0.01 sys=0.00, real=0.00 secs] 
2255.211: [GC (Allocation Failure) [PSYoungGen: 62941K->1501K(62464K)] 436295K->374871K(572928K), 0.0016461 secs] [Times: user=0.00 sys=0.00, real=0.00 secs] 
2255.319: [GC (Allocation Failure) [PSYoungGen: 62410K->1501K(69120K)] 435780K->374871K(579584K), 0.0017327 secs] [Times: user=0.01 sys=0.00, real=0.00 secs] 
2255.769: [GC (Allocation Failure) [PSYoungGen: 69085K->1424K(68608K)] 442455K->374794K(579072K), 0.0019115 secs] [Times: user=0.01 sys=0.00, real=0.00 secs] 
2256.654: [GC (Allocation Failure) [PSYoungGen: 68496K->1408K(68096K)] 441866K->374778K(578560K), 0.0028907 secs] [Times: user=0.01 sys=0.00, real=0.01 secs] 
2257.277: [GC (Allocation Failure) [PSYoungGen: 67968K->1408K(67584K)] 441338K->374778K(578048K), 0.0027447 secs] [Times: user=0.01 sys=0.00, real=0.00 secs] 
2257.824: [GC (Allocation Failure) [PSYoungGen: 67456K->1440K(67072K)] 440826K->374810K(577536K), 0.0028502 secs] [Times: user=0.01 sys=0.00, real=0.01 secs] 
2258.404: [GC (Allocation Failure) [PSYoungGen: 66976K->1437K(66560K)] 440346K->374823K(577024K), 0.0023177 secs] [Times: user=0.01 sys=0.01, real=0.01 secs] 
2258.552: [GC (Allocation Failure) [PSYoungGen: 66461K->1421K(66048K)] 439847K->374807K(576512K), 0.0015978 secs] [Times: user=0.01 sys=0.00, real=0.00 secs] 
2258.665: [GC (Allocation Failure) [PSYoungGen: 65933K->1501K(65536K)] 439319K->374887K(576000K), 0.0018033 secs] [Times: user=0.01 sys=0.00, real=0.01 secs] 
2258.779: [GC (Allocation Failure) [PSYoungGen: 65475K->1536K(66048K)] 438861K->374938K(576512K), 0.0017920 secs] [Times: user=0.00 sys=0.00, real=0.00 secs] 
2258.979: [GC (Allocation Failure) [PSYoungGen: 65536K->1920K(72704K)] 438938K->375322K(583168K), 0.0018679 secs] [Times: user=0.00 sys=0.00, real=0.00 secs] 
2260.050: [GC (Allocation Failure) [PSYoungGen: 72576K->1376K(71680K)] 445978K->374778K(582144K), 0.0027234 secs] [Times: user=0.01 sys=0.00, real=0.00 secs] 
2260.338: [GC (Allocation Failure) [PSYoungGen: 71520K->1424K(71168K)] 444922K->374826K(581632K), 0.0021181 secs] [Times: user=0.01 sys=0.00, real=0.00 secs] 
2260.627: [GC (Allocation Failure) [PSYoungGen: 71056K->1408K(70656K)] 444458K->374810K(581120K), 0.0020750 secs] [Times: user=0.01 sys=0.00, real=0.00 secs] 
2260.938: [GC (Allocation Failure) [PSYoungGen: 70528K->1437K(70144K)] 443930K->374839K(580608K), 0.0019087 secs] [Times: user=0.01 sys=0.00, real=0.00 secs] 
2261.102: [GC (Allocation Failure) [PSYoungGen: 70045K->1421K(69632K)] 443447K->374823K(580096K), 0.0019498 secs] [Times: user=0.01 sys=0.00, real=0.00 secs] 
2261.263: [GC (Allocation Failure) [PSYoungGen: 69517K->1517K(69120K)] 442919K->374919K(579584K), 0.0021637 secs] [Times: user=0.01 sys=0.00, real=0.00 secs] 
2261.426: [GC (Allocation Failure) [PSYoungGen: 69101K->1533K(68608K)] 442503K->374951K(579072K), 0.0018823 secs] [Times: user=0.01 sys=0.00, real=0.01 secs] 
2262.070: [GC (Allocation Failure) [PSYoungGen: 68605K->1456K(68096K)] 442023K->374874K(578560K), 0.0034691 secs] [Times: user=0.02 sys=0.00, real=0.00 secs] 
2263.679: [GC (Allocation Failure) [PSYoungGen: 68016K->1376K(67584K)] 441434K->374794K(578048K), 0.0041346 secs] [Times: user=0.01 sys=0.00, real=0.00 secs] 
2264.681: [GC (Allocation Failure) [PSYoungGen: 67424K->1376K(67072K)] 440842K->374794K(577536K), 0.0036748 secs] [Times: user=0.01 sys=0.00, real=0.00 secs] 
2265.520: [GC (Allocation Failure) [PSYoungGen: 66912K->1344K(66560K)] 440330K->374762K(577024K), 0.0030561 secs] [Times: user=0.01 sys=0.00, real=0.00 secs] 
2266.143: [GC (Allocation Failure) [PSYoungGen: 66368K->1456K(66048K)] 439786K->374874K(576512K), 0.0025418 secs] [Times: user=0.01 sys=0.00, real=0.01 secs] 
2266.308: [GC (Allocation Failure) [PSYoungGen: 65968K->1501K(65536K)] 439386K->374919K(576000K), 0.0017084 secs] [Times: user=0.01 sys=0.00, real=0.00 secs] 
2266.421: [GC (Allocation Failure) [PSYoungGen: 65501K->1485K(65024K)] 438919K->374903K(575488K), 0.0016173 secs] [Times: user=0.01 sys=0.00, real=0.00 secs] 
2266.532: [GC (Allocation Failure) [PSYoungGen: 64973K->1501K(64512K)] 438391K->374927K(574976K), 0.0017696 secs] [Times: user=0.01 sys=0.00, real=0.00 secs] 
2266.644: [GC (Allocation Failure) [PSYoungGen: 64477K->1517K(65024K)] 437903K->374943K(575488K), 0.0016912 secs] [Times: user=0.01 sys=0.00, real=0.00 secs] 
2267.762: [GC (Allocation Failure) [PSYoungGen: 64493K->1408K(64000K)] 437919K->374834K(574464K), 0.0045297 secs] [Times: user=0.01 sys=0.00, real=0.01 secs] 
2268.304: [GC (Allocation Failure) [PSYoungGen: 63872K->1376K(63488K)] 437298K->374802K(573952K), 0.0030422 secs] [Times: user=0.01 sys=0.00, real=0.01 secs] 
2268.872: [GC (Allocation Failure) [PSYoungGen: 63328K->1376K(62976K)] 436754K->374802K(573440K), 0.0024874 secs] [Times: user=0.01 sys=0.00, real=0.00 secs] 
2269.139: [GC (Allocation Failure) [PSYoungGen: 62816K->1408K(62464K)] 436242K->374834K(572928K), 0.0021345 secs] [Times: user=0.01 sys=0.00, real=0.00 secs] 
2269.548: [GC (Allocation Failure) [PSYoungGen: 62336K->1453K(61952K)] 435762K->374879K(572416K), 0.0020293 secs] [Times: user=0.01 sys=0.00, real=0.00 secs] 
2269.688: [GC (Allocation Failure) [PSYoungGen: 61869K->1469K(61440K)] 435295K->374895K(571904K), 0.0017824 secs] [Times: user=0.01 sys=0.00, real=0.00 secs] 
2269.826: [GC (Allocation Failure) [PSYoungGen: 61373K->1437K(60928K)] 434799K->374895K(571392K), 0.0022073 secs] [Times: user=0.00 sys=0.01, real=0.01 secs] 
2269.996: [GC (Allocation Failure) [PSYoungGen: 60829K->1453K(61440K)] 434287K->374911K(571904K), 0.0025486 secs] [Times: user=0.01 sys=0.00, real=0.00 secs] 
2270.314: [GC (Allocation Failure) [PSYoungGen: 60845K->1984K(61440K)] 434303K->375442K(571904K), 0.0022925 secs] [Times: user=0.01 sys=0.00, real=0.01 secs] 
2271.230: [GC (Allocation Failure) [PSYoungGen: 61376K->1376K(60416K)] 434834K->374834K(570880K), 0.0040211 secs] [Times: user=0.02 sys=0.00, real=0.00 secs] 
2272.107: [GC (Allocation Failure) [PSYoungGen: 60256K->1424K(60416K)] 433714K->374882K(570880K), 0.0041697 secs] [Times: user=0.01 sys=0.00, real=0.00 secs] 
2272.613: [GC (Allocation Failure) [PSYoungGen: 60304K->1376K(60416K)] 433762K->374834K(570880K), 0.0022945 secs] [Times: user=0.01 sys=0.00, real=0.01 secs] 
2272.859: [GC (Allocation Failure) [PSYoungGen: 60256K->1408K(60416K)] 433714K->374866K(570880K), 0.0021775 secs] [Times: user=0.01 sys=0.00, real=0.00 secs] 
2273.158: [GC (Allocation Failure) [PSYoungGen: 60288K->1501K(60416K)] 433746K->374959K(570880K), 0.0019934 secs] [Times: user=0.00 sys=0.00, real=0.00 secs] 
2273.271: [GC (Allocation Failure) [PSYoungGen: 60381K->1533K(60416K)] 433839K->374991K(570880K), 0.0017874 secs] [Times: user=0.01 sys=0.00, real=0.00 secs] 
2273.376: [GC (Allocation Failure) [PSYoungGen: 60413K->1485K(64000K)] 433871K->374951K(574464K), 0.0015654 secs] [Times: user=0.00 sys=0.00, real=0.00 secs] 
2273.502: [GC (Allocation Failure) [PSYoungGen: 63949K->1453K(64512K)] 437415K->374919K(574976K), 0.0019030 secs] [Times: user=0.01 sys=0.00, real=0.00 secs] 
2273.740: [GC (Allocation Failure) [PSYoungGen: 63917K->1984K(71168K)] 437383K->375450K(581632K), 0.0019602 secs] [Times: user=0.00 sys=0.00, real=0.00 secs] 
2274.343: [GC (Allocation Failure) [PSYoungGen: 71104K->1344K(70144K)] 444570K->374810K(580608K), 0.0024913 secs] [Times: user=0.01 sys=0.00, real=0.00 secs] 
2274.905: [GC (Allocation Failure) [PSYoungGen: 69952K->1376K(69632K)] 443418K->374842K(580096K), 0.0029310 secs] [Times: user=0.01 sys=0.00, real=0.01 secs] 
2275.203: [GC (Allocation Failure) [PSYoungGen: 69472K->1344K(69120K)] 442938K->374810K(579584K), 0.0020561 secs] [Times: user=0.01 sys=0.00, real=0.00 secs] 
2275.609: [GC (Allocation Failure) [PSYoungGen: 68928K->1408K(68608K)] 442394K->374874K(579072K), 0.0020979 secs] [Times: user=0.00 sys=0.00, real=0.00 secs] 
2275.823: [GC (Allocation Failure) [PSYoungGen: 68480K->1501K(68096K)] 441946K->374967K(578560K), 0.0018994 secs] [Times: user=0.01 sys=0.00, real=0.00 secs] 
2275.940: [GC (Allocation Failure) [PSYoungGen: 68061K->1501K(67584K)] 441527K->374975K(578048K), 0.0017401 secs] [Times: user=0.00 sys=0.00, real=0.00 secs] 
2276.057: [GC (Allocation Failure) [PSYoungGen: 67549K->1453K(68608K)] 441023K->374927K(579072K), 0.0017768 secs] [Times: user=0.01 sys=0.00, real=0.00 secs] 
2276.322: [GC (Allocation Failure) [PSYoungGen: 68013K->1952K(68096K)] 441487K->375450K(578560K), 0.0020904 secs] [Times: user=0.01 sys=0.00, real=0.00 secs] 
2276.927: [GC (Allocation Failure) [PSYoungGen: 68000K->1360K(67072K)] 441498K->374858K(577536K), 0.0032823 secs] [Times: user=0.01 sys=0.00, real=0.00 secs] 
2277.413: [GC (Allocation Failure) [PSYoungGen: 66896K->384K(65536K)] 440394K->374906K(576000K), 0.0024669 secs] [Times: user=0.01 sys=0.01, real=0.00 secs] 
2277.682: [GC (Allocation Failure) [PSYoungGen: 65408K->352K(65024K)] 439930K->374874K(575488K), 0.0020002 secs] [Times: user=0.00 sys=0.00, real=0.00 secs] 
2277.950: [GC (Allocation Failure) [PSYoungGen: 64864K->352K(64512K)] 439386K->374874K(574976K), 0.0022388 secs] [Times: user=0.01 sys=0.00, real=0.00 secs] 
2278.158: [GC (Allocation Failure) [PSYoungGen: 64352K->1469K(66048K)] 438874K->375991K(576512K), 0.0016986 secs] [Times: user=0.00 sys=0.00, real=0.00 secs] 
2278.274: [GC (Allocation Failure) [PSYoungGen: 64957K->1504K(64512K)] 439479K->376026K(574976K), 0.0016306 secs] [Times: user=0.00 sys=0.00, real=0.00 secs] 
2278.385: [GC (Allocation Failure) [PSYoungGen: 64480K->1501K(69632K)] 439002K->376031K(580096K), 0.0017225 secs] [Times: user=0.01 sys=0.00, real=0.01 secs] 
2278.520: [GC (Allocation Failure) [PSYoungGen: 68573K->1533K(72192K)] 443103K->376063K(582656K), 0.0019237 secs] [Times: user=0.00 sys=0.00, real=0.00 secs] 
2279.033: [GC (Allocation Failure) [PSYoungGen: 71165K->1440K(70656K)] 445695K->375970K(581120K), 0.0023340 secs] [Times: user=0.01 sys=0.01, real=0.00 secs] 
2279.662: [GC (Allocation Failure) [PSYoungGen: 70560K->1376K(70656K)] 445090K->375906K(581120K), 0.0025029 secs] [Times: user=0.01 sys=0.00, real=0.00 secs] 
2280.299: [GC (Allocation Failure) [PSYoungGen: 69984K->1408K(69632K)] 444514K->375938K(580096K), 0.0026205 secs] [Times: user=0.01 sys=0.00, real=0.00 secs] 
2280.947: [GC (Allocation Failure) [PSYoungGen: 69504K->1376K(69120K)] 444034K->375906K(579584K), 0.0026010 secs] [Times: user=0.01 sys=0.00, real=0.00 secs] 
2281.291: [GC (Allocation Failure) [PSYoungGen: 68960K->1504K(68608K)] 443490K->376034K(579072K), 0.0017775 secs] [Times: user=0.01 sys=0.00, real=0.00 secs] 
2281.410: [GC (Allocation Failure) [PSYoungGen: 68576K->1469K(68096K)] 443106K->375999K(578560K), 0.0015859 secs] [Times: user=0.01 sys=0.01, real=0.00 secs] 
2281.527: [GC (Allocation Failure) [PSYoungGen: 68029K->1469K(67584K)] 442559K->376015K(578048K), 0.0016806 secs] [Times: user=0.01 sys=0.00, real=0.00 secs] 
2281.645: [GC (Allocation Failure) [PSYoungGen: 67517K->1504K(68096K)] 442063K->376050K(578560K), 0.0017983 secs] [Times: user=0.00 sys=0.00, real=0.01 secs] 
2282.278: [GC (Allocation Failure) [PSYoungGen: 68064K->1408K(67584K)] 442610K->375954K(578048K), 0.0019571 secs] [Times: user=0.01 sys=0.00, real=0.00 secs] 
2282.795: [GC (Allocation Failure) [PSYoungGen: 67456K->1408K(67072K)] 442002K->375954K(577536K), 0.0023819 secs] [Times: user=0.01 sys=0.00, real=0.01 secs] 
2283.150: [GC (Allocation Failure) [PSYoungGen: 66944K->1376K(66560K)] 441490K->375922K(577024K), 0.0023503 secs] [Times: user=0.01 sys=0.00, real=0.00 secs] 
2283.427: [GC (Allocation Failure) [PSYoungGen: 66400K->1440K(66048K)] 440946K->375986K(576512K), 0.0020067 secs] [Times: user=0.01 sys=0.00, real=0.00 secs] 
2283.628: [GC (Allocation Failure) [PSYoungGen: 65952K->1437K(65536K)] 440498K->375983K(576000K), 0.0017126 secs] [Times: user=0.01 sys=0.00, real=0.00 secs] 
2283.742: [GC (Allocation Failure) [PSYoungGen: 65437K->1501K(65024K)] 439983K->376047K(575488K), 0.0016156 secs] [Times: user=0.01 sys=0.00, real=0.00 secs] 
2283.871: [GC (Allocation Failure) [PSYoungGen: 64989K->1501K(65536K)] 439535K->376047K(576000K), 0.0018035 secs] [Times: user=0.01 sys=0.00, real=0.00 secs] 
2284.011: [GC (Allocation Failure) [PSYoungGen: 64989K->1501K(72192K)] 439535K->376055K(582656K), 0.0019171 secs] [Times: user=0.01 sys=0.00, real=0.00 secs] 
2284.477: [GC (Allocation Failure) [PSYoungGen: 71645K->1424K(71168K)] 446199K->375978K(581632K), 0.0022321 secs] [Times: user=0.01 sys=0.00, real=0.00 secs] 
2285.182: [GC (Allocation Failure) [PSYoungGen: 71056K->1344K(70656K)] 445610K->375898K(581120K), 0.0031702 secs] [Times: user=0.01 sys=0.00, real=0.00 secs] 
2285.797: [GC (Allocation Failure) [PSYoungGen: 70464K->1408K(70144K)] 445018K->375962K(580608K), 0.0029286 secs] [Times: user=0.01 sys=0.00, real=0.00 secs] 
2286.447: [GC (Allocation Failure) [PSYoungGen: 70016K->1376K(69632K)] 444570K->375930K(580096K), 0.0026331 secs] [Times: user=0.01 sys=0.00, real=0.00 secs] 
2286.867: [GC (Allocation Failure) [PSYoungGen: 69472K->1469K(69120K)] 444026K->376023K(579584K), 0.0021348 secs] [Times: user=0.01 sys=0.00, real=0.00 secs] 
2287.010: [GC (Allocation Failure) [PSYoungGen: 69048K->1453K(68608K)] 443602K->376023K(579072K), 0.0016846 secs] [Times: user=0.01 sys=0.00, real=0.00 secs] 
2287.128: [GC (Allocation Failure) [PSYoungGen: 68525K->1533K(68096K)] 443095K->376103K(578560K), 0.0017312 secs] [Times: user=0.01 sys=0.00, real=0.00 secs] 
2287.245: [GC (Allocation Failure) [PSYoungGen: 68093K->1501K(68608K)] 442663K->376087K(579072K), 0.0017671 secs] [Times: user=0.01 sys=0.00, real=0.01 secs] 
2287.506: [GC (Allocation Failure) [PSYoungGen: 68061K->1392K(68608K)] 442647K->375978K(579072K), 0.0025692 secs] [Times: user=0.01 sys=0.00, real=0.00 secs] 
2287.912: [GC (Allocation Failure) [PSYoungGen: 67952K->1344K(67584K)] 442538K->375930K(578048K), 0.0022515 secs] [Times: user=0.01 sys=0.00, real=0.00 secs] 
2288.441: [GC (Allocation Failure) [PSYoungGen: 67392K->1408K(67072K)] 441978K->375994K(577536K), 0.0024044 secs] [Times: user=0.00 sys=0.01, real=0.00 secs] 
2288.937: [GC (Allocation Failure) [PSYoungGen: 66944K->1344K(66560K)] 441530K->375930K(577024K), 0.0030444 secs] [Times: user=0.01 sys=0.00, real=0.00 secs] 
2289.419: [GC (Allocation Failure) [PSYoungGen: 66368K->1469K(66048K)] 440954K->376055K(576512K), 0.0023865 secs] [Times: user=0.01 sys=0.00, real=0.00 secs] 
2289.588: [GC (Allocation Failure) [PSYoungGen: 65981K->1501K(65536K)] 440567K->376087K(576000K), 0.0021726 secs] [Times: user=0.00 sys=0.00, real=0.00 secs] 
2289.745: [GC (Allocation Failure) [PSYoungGen: 65501K->1533K(65024K)] 440087K->376119K(575488K), 0.0019912 secs] [Times: user=0.00 sys=0.00, real=0.01 secs] 
2289.857: [GC (Allocation Failure) [PSYoungGen: 65021K->1469K(71680K)] 439607K->376063K(582144K), 0.0016746 secs] [Times: user=0.01 sys=0.00, real=0.00 secs] 
2290.130: [GC (Allocation Failure) [PSYoungGen: 71613K->1456K(72192K)] 446207K->376050K(582656K), 0.0024190 secs] [Times: user=0.00 sys=0.00, real=0.00 secs] 
2290.438: [GC (Allocation Failure) [PSYoungGen: 71600K->1344K(71168K)] 446194K->375938K(581632K), 0.0021069 secs] [Times: user=0.00 sys=0.00, real=0.00 secs] 
2290.728: [GC (Allocation Failure) [PSYoungGen: 70976K->1376K(70656K)] 445570K->375970K(581120K), 0.0028107 secs] [Times: user=0.01 sys=0.00, real=0.00 secs] 
2291.019: [GC (Allocation Failure) [PSYoungGen: 70496K->1312K(70144K)] 445090K->375906K(580608K), 0.0025861 secs] [Times: user=0.01 sys=0.00, real=0.00 secs] 
2291.315: [GC (Allocation Failure) [PSYoungGen: 69920K->1472K(69632K)] 444514K->376066K(580096K), 0.0020218 secs] [Times: user=0.01 sys=0.00, real=0.01 secs] 
2291.438: [GC (Allocation Failure) [PSYoungGen: 69568K->1453K(69120K)] 444162K->376047K(579584K), 0.0016447 secs] [Times: user=0.01 sys=0.00, real=0.00 secs] 
2291.559: [GC (Allocation Failure) [PSYoungGen: 69037K->1533K(76800K)] 443631K->376127K(587264K), 0.0016327 secs] [Times: user=0.01 sys=0.00, real=0.00 secs] 
2291.691: [GC (Allocation Failure) [PSYoungGen: 76285K->1501K(76800K)] 450879K->376111K(587264K), 0.0017195 secs] [Times: user=0.01 sys=0.00, real=0.00 secs] 
2291.980: [GC (Allocation Failure) [PSYoungGen: 76253K->1408K(76800K)] 450863K->376018K(587264K), 0.0019266 secs] [Times: user=0.01 sys=0.00, real=0.00 secs] 
2292.343: [GC (Allocation Failure) [PSYoungGen: 76160K->1344K(75776K)] 450770K->375954K(586240K), 0.0019811 secs] [Times: user=0.01 sys=0.00, real=0.00 secs] 
2292.678: [GC (Allocation Failure) [PSYoungGen: 75584K->1392K(75264K)] 450194K->376002K(585728K), 0.0020286 secs] [Times: user=0.00 sys=0.00, real=0.00 secs] 
2293.030: [GC (Allocation Failure) [PSYoungGen: 75120K->1408K(74752K)] 449730K->376026K(585216K), 0.0020256 secs] [Times: user=0.00 sys=0.00, real=0.00 secs] 
2293.288: [GC (Allocation Failure) [PSYoungGen: 74624K->1485K(74240K)] 449242K->376103K(584704K), 0.0016340 secs] [Times: user=0.01 sys=0.00, real=0.00 secs] 
2293.438: [GC (Allocation Failure) [PSYoungGen: 74189K->1533K(73728K)] 448807K->376151K(584192K), 0.0018847 secs] [Times: user=0.01 sys=0.00, real=0.00 secs] 
2293.604: [GC (Allocation Failure) [PSYoungGen: 73725K->1501K(73216K)] 448343K->376119K(583680K), 0.0017441 secs] [Times: user=0.01 sys=0.01, real=0.01 secs] 
2294.083: [GC (Allocation Failure) [PSYoungGen: 73181K->1408K(72704K)] 447799K->376034K(583168K), 0.0030027 secs] [Times: user=0.01 sys=0.00, real=0.00 secs] 
2295.067: [GC (Allocation Failure) [PSYoungGen: 72576K->1408K(72192K)] 447202K->376034K(582656K), 0.0047819 secs] [Times: user=0.02 sys=0.00, real=0.00 secs] 
2296.120: [GC (Allocation Failure) [PSYoungGen: 72064K->1376K(71680K)] 446690K->376002K(582144K), 0.0047242 secs] [Times: user=0.01 sys=0.00, real=0.00 secs] 
2297.140: [GC (Allocation Failure) [PSYoungGen: 71520K->1344K(71168K)] 446146K->375970K(581632K), 0.0049924 secs] [Times: user=0.01 sys=0.00, real=0.00 secs] 
2297.756: [GC (Allocation Failure) [PSYoungGen: 70976K->1504K(70656K)] 445602K->376130K(581120K), 0.0022656 secs] [Times: user=0.01 sys=0.00, real=0.00 secs] 
2297.956: [GC (Allocation Failure) [PSYoungGen: 70624K->1469K(70144K)] 445250K->376095K(580608K), 0.0023218 secs] [Times: user=0.00 sys=0.00, real=0.00 secs] 
2298.141: [GC (Allocation Failure) [PSYoungGen: 70077K->1453K(69632K)] 444703K->376095K(580096K), 0.0021492 secs] [Times: user=0.01 sys=0.00, real=0.00 secs] 
2298.295: [GC (Allocation Failure) [PSYoungGen: 69549K->1504K(69120K)] 444191K->376146K(579584K), 0.0019224 secs] [Times: user=0.01 sys=0.00, real=0.01 secs] 
2300.115: [GC (Allocation Failure) [PSYoungGen: 69088K->1392K(68608K)] 443730K->376034K(579072K), 0.0044252 secs] [Times: user=0.02 sys=0.00, real=0.01 secs] 
2301.340: [GC (Allocation Failure) [PSYoungGen: 68464K->1408K(68096K)] 443106K->376050K(578560K), 0.0057000 secs] [Times: user=0.02 sys=0.00, real=0.00 secs] 
2302.366: [GC (Allocation Failure) [PSYoungGen: 67968K->1408K(67584K)] 442610K->376050K(578048K), 0.0046449 secs] [Times: user=0.02 sys=0.00, real=0.00 secs] 
2303.655: [GC (Allocation Failure) [PSYoungGen: 67456K->1408K(67072K)] 442098K->376050K(577536K), 0.0038146 secs] [Times: user=0.01 sys=0.00, real=0.01 secs] 
2304.489: [GC (Allocation Failure) [PSYoungGen: 66944K->1501K(66560K)] 441586K->376143K(577024K), 0.0025338 secs] [Times: user=0.01 sys=0.00, real=0.00 secs] 
2304.651: [GC (Allocation Failure) [PSYoungGen: 66525K->1533K(66048K)] 441167K->376175K(576512K), 0.0016908 secs] [Times: user=0.01 sys=0.00, real=0.00 secs] 
2304.765: [GC (Allocation Failure) [PSYoungGen: 66045K->1472K(65536K)] 440687K->376114K(576000K), 0.0015072 secs] [Times: user=0.00 sys=0.00, real=0.01 secs] 
2304.879: [GC (Allocation Failure) [PSYoungGen: 65472K->1517K(65024K)] 440114K->376175K(575488K), 0.0016626 secs] [Times: user=0.01 sys=0.00, real=0.00 secs] 
2305.126: [GC (Allocation Failure) [PSYoungGen: 65005K->1440K(64512K)] 439663K->376098K(574976K), 0.0018919 secs] [Times: user=0.00 sys=0.00, real=0.00 secs] 
2305.632: [GC (Allocation Failure) [PSYoungGen: 64416K->1360K(64000K)] 439074K->376018K(574464K), 0.0019472 secs] [Times: user=0.00 sys=0.00, real=0.00 secs] 
2306.150: [GC (Allocation Failure) [PSYoungGen: 63824K->1408K(63488K)] 438482K->376066K(573952K), 0.0028459 secs] [Times: user=0.01 sys=0.00, real=0.00 secs] 
2306.693: [GC (Allocation Failure) [PSYoungGen: 63360K->1408K(62976K)] 438018K->376066K(573440K), 0.0028046 secs] [Times: user=0.01 sys=0.00, real=0.01 secs] 
2307.219: [GC (Allocation Failure) [PSYoungGen: 62848K->1392K(62464K)] 437506K->376050K(572928K), 0.0027004 secs] [Times: user=0.01 sys=0.00, real=0.00 secs] 
2307.795: [GC (Allocation Failure) [PSYoungGen: 62320K->1469K(61952K)] 436978K->376127K(572416K), 0.0021960 secs] [Times: user=0.01 sys=0.00, real=0.01 secs] 
2307.923: [GC (Allocation Failure) [PSYoungGen: 61885K->1488K(61440K)] 436543K->376146K(571904K), 0.0016274 secs] [Times: user=0.01 sys=0.00, real=0.00 secs] 
2308.028: [GC (Allocation Failure) [PSYoungGen: 61392K->1549K(61440K)] 436050K->376223K(571904K), 0.0017185 secs] [Times: user=0.00 sys=0.00, real=0.00 secs] 
2308.132: [GC (Allocation Failure) [PSYoungGen: 60917K->477K(66560K)] 435591K->376175K(577024K), 0.0018077 secs] [Times: user=0.00 sys=0.01, real=0.00 secs] 
2308.474: [GC (Allocation Failure) [PSYoungGen: 66525K->1392K(67584K)] 442223K->377106K(578048K), 0.0016707 secs] [Times: user=0.01 sys=0.00, real=0.01 secs] 
2309.051: [GC (Allocation Failure) [PSYoungGen: 66928K->1408K(66560K)] 442642K->377122K(577024K), 0.0037371 secs] [Times: user=0.02 sys=0.00, real=0.00 secs] 
2309.704: [GC (Allocation Failure) [PSYoungGen: 66432K->1312K(66048K)] 442146K->377026K(576512K), 0.0040316 secs] [Times: user=0.01 sys=0.00, real=0.01 secs] 
2310.297: [GC (Allocation Failure) [PSYoungGen: 65824K->1344K(65536K)] 441538K->377058K(576000K), 0.0027173 secs] [Times: user=0.01 sys=0.00, real=0.00 secs] 
2310.718: [GC (Allocation Failure) [PSYoungGen: 65344K->1469K(65024K)] 441058K->377183K(575488K), 0.0026009 secs] [Times: user=0.01 sys=0.00, real=0.00 secs] 
2310.866: [GC (Allocation Failure) [PSYoungGen: 64957K->1501K(64512K)] 440671K->377215K(574976K), 0.0017266 secs] [Times: user=0.00 sys=0.00, real=0.00 secs] 
2310.977: [GC (Allocation Failure) [PSYoungGen: 64477K->1501K(65536K)] 440191K->377231K(576000K), 0.0017665 secs] [Times: user=0.00 sys=0.00, real=0.00 secs] 
2311.089: [GC (Allocation Failure) [PSYoungGen: 64989K->1533K(71680K)] 440719K->377263K(582144K), 0.0017831 secs] [Times: user=0.00 sys=0.00, real=0.00 secs] 
2311.290: [GC (Allocation Failure) [PSYoungGen: 71165K->1408K(71680K)] 446895K->377138K(582144K), 0.0019583 secs] [Times: user=0.01 sys=0.00, real=0.00 secs] 
2311.591: [GC (Allocation Failure) [PSYoungGen: 71040K->1376K(70656K)] 446770K->377106K(581120K), 0.0018491 secs] [Times: user=0.00 sys=0.01, real=0.00 secs] 
2311.972: [GC (Allocation Failure) [PSYoungGen: 70496K->1376K(70144K)] 446226K->377106K(580608K), 0.0022303 secs] [Times: user=0.01 sys=0.00, real=0.00 secs] 
2312.258: [GC (Allocation Failure) [PSYoungGen: 69984K->1376K(69632K)] 445714K->377106K(580096K), 0.0018562 secs] [Times: user=0.01 sys=0.00, real=0.00 secs] 
2312.607: [GC (Allocation Failure) [PSYoungGen: 69472K->1472K(69120K)] 445202K->377202K(579584K), 0.0021288 secs] [Times: user=0.00 sys=0.00, real=0.00 secs] 
2312.743: [GC (Allocation Failure) [PSYoungGen: 69056K->1501K(68608K)] 444786K->377231K(579072K), 0.0017083 secs] [Times: user=0.01 sys=0.00, real=0.00 secs] 
2312.879: [GC (Allocation Failure) [PSYoungGen: 68573K->1501K(75776K)] 444303K->377231K(586240K), 0.0019802 secs] [Times: user=0.00 sys=0.00, real=0.00 secs] 
2313.052: [GC (Allocation Failure) [PSYoungGen: 75741K->1533K(75264K)] 451471K->377279K(585728K), 0.0016867 secs] [Times: user=0.00 sys=0.00, real=0.00 secs] 
2313.297: [GC (Allocation Failure) [PSYoungGen: 75261K->1456K(74752K)] 451007K->377202K(585216K), 0.0023668 secs] [Times: user=0.01 sys=0.00, real=0.00 secs] 
2313.666: [GC (Allocation Failure) [PSYoungGen: 74672K->1376K(74240K)] 450418K->377122K(584704K), 0.0021852 secs] [Times: user=0.01 sys=0.00, real=0.00 secs] 
2313.971: [GC (Allocation Failure) [PSYoungGen: 74080K->1344K(73728K)] 449826K->377090K(584192K), 0.0020881 secs] [Times: user=0.01 sys=0.00, real=0.00 secs] 
2314.288: [GC (Allocation Failure) [PSYoungGen: 73536K->1376K(73216K)] 449282K->377122K(583680K), 0.0023031 secs] [Times: user=0.01 sys=0.00, real=0.00 secs] 
2314.531: [GC (Allocation Failure) [PSYoungGen: 73056K->1501K(72704K)] 448802K->377247K(583168K), 0.0016996 secs] [Times: user=0.01 sys=0.00, real=0.00 secs] 
2314.657: [GC (Allocation Failure) [PSYoungGen: 72669K->1485K(72192K)] 448415K->377231K(582656K), 0.0016597 secs] [Times: user=0.01 sys=0.00, real=0.00 secs] 
2314.782: [GC (Allocation Failure) [PSYoungGen: 72141K->1485K(71680K)] 447887K->377231K(582144K), 0.0016987 secs] [Times: user=0.01 sys=0.00, real=0.00 secs] 
2314.905: [GC (Allocation Failure) [PSYoungGen: 71607K->1517K(72192K)] 447353K->377279K(582656K), 0.0017088 secs] [Times: user=0.01 sys=0.00, real=0.01 secs] 
2316.119: [GC (Allocation Failure) [PSYoungGen: 71661K->1456K(71168K)] 447423K->377242K(581632K), 0.0033120 secs] [Times: user=0.02 sys=0.00, real=0.00 secs] 
2316.741: [GC (Allocation Failure) [PSYoungGen: 71088K->1408K(70656K)] 446874K->377194K(581120K), 0.0022504 secs] [Times: user=0.01 sys=0.00, real=0.00 secs] 
2317.408: [GC (Allocation Failure) [PSYoungGen: 70528K->1408K(70144K)] 446314K->377194K(580608K), 0.0024652 secs] [Times: user=0.01 sys=0.00, real=0.00 secs] 
2318.126: [GC (Allocation Failure) [PSYoungGen: 70016K->1376K(69632K)] 445802K->377162K(580096K), 0.0086792 secs] [Times: user=0.04 sys=0.00, real=0.01 secs] 
2318.473: [GC (Allocation Failure) [PSYoungGen: 69472K->1469K(69120K)] 445258K->377255K(579584K), 0.0022782 secs] [Times: user=0.01 sys=0.00, real=0.00 secs] 
2318.608: [GC (Allocation Failure) [PSYoungGen: 69053K->1485K(68608K)] 444839K->377271K(579072K), 0.0017195 secs] [Times: user=0.01 sys=0.00, real=0.00 secs] 
2318.727: [GC (Allocation Failure) [PSYoungGen: 68545K->1517K(68096K)] 444331K->377303K(578560K), 0.0017551 secs] [Times: user=0.00 sys=0.00, real=0.00 secs] 
2319.159: [GC (Allocation Failure) [PSYoungGen: 68077K->1616K(68096K)] 443863K->377410K(578560K), 0.0026365 secs] [Times: user=0.01 sys=0.00, real=0.00 secs] 
2320.749: [GC (Allocation Failure) [PSYoungGen: 67664K->1328K(67072K)] 443458K->377122K(577536K), 0.0031691 secs] [Times: user=0.01 sys=0.00, real=0.00 secs] 
2321.277: [GC (Allocation Failure) [PSYoungGen: 66864K->1408K(66560K)] 442658K->377202K(577024K), 0.0024336 secs] [Times: user=0.01 sys=0.00, real=0.00 secs] 
2321.543: [GC (Allocation Failure) [PSYoungGen: 66432K->1376K(66048K)] 442226K->377170K(576512K), 0.0020505 secs] [Times: user=0.00 sys=0.00, real=0.00 secs] 
2321.825: [GC (Allocation Failure) [PSYoungGen: 65888K->1360K(65536K)] 441682K->377154K(576000K), 0.0019560 secs] [Times: user=0.01 sys=0.00, real=0.01 secs] 
2322.009: [GC (Allocation Failure) [PSYoungGen: 65360K->1504K(65024K)] 441154K->377298K(575488K), 0.0017565 secs] [Times: user=0.01 sys=0.00, real=0.00 secs] 
2322.122: [GC (Allocation Failure) [PSYoungGen: 64992K->1472K(64512K)] 440786K->377266K(574976K), 0.0017092 secs] [Times: user=0.00 sys=0.00, real=0.00 secs] 
2322.245: [GC (Allocation Failure) [PSYoungGen: 64448K->1501K(65536K)] 440242K->377295K(576000K), 0.0020355 secs] [Times: user=0.01 sys=0.00, real=0.01 secs] 
2322.394: [GC (Allocation Failure) [PSYoungGen: 64989K->1533K(71680K)] 440783K->377343K(582144K), 0.0022368 secs] [Times: user=0.01 sys=0.00, real=0.01 secs] 
2323.534: [GC (Allocation Failure) [PSYoungGen: 71165K->1424K(70656K)] 446975K->377234K(581120K), 0.0033175 secs] [Times: user=0.02 sys=0.00, real=0.01 secs] 
2324.554: [GC (Allocation Failure) [PSYoungGen: 70544K->1376K(70144K)] 446354K->377186K(580608K), 0.0047944 secs] [Times: user=0.02 sys=0.00, real=0.01 secs] 
2325.595: [GC (Allocation Failure) [PSYoungGen: 69984K->1440K(69632K)] 445794K->377250K(580096K), 0.0038867 secs] [Times: user=0.01 sys=0.00, real=0.01 secs] 
2326.292: [GC (Allocation Failure) [PSYoungGen: 69536K->1408K(69120K)] 445346K->377218K(579584K), 0.0034305 secs] [Times: user=0.01 sys=0.01, real=0.00 secs] 
2326.620: [GC (Allocation Failure) [PSYoungGen: 68992K->1437K(68608K)] 444802K->377247K(579072K), 0.0020357 secs] [Times: user=0.01 sys=0.00, real=0.00 secs] 
2326.751: [GC (Allocation Failure) [PSYoungGen: 68504K->1533K(68096K)] 444315K->377343K(578560K), 0.0016437 secs] [Times: user=0.01 sys=0.00, real=0.00 secs] 
2326.868: [GC (Allocation Failure) [PSYoungGen: 68093K->1501K(67584K)] 443903K->377319K(578048K), 0.0017333 secs] [Times: user=0.01 sys=0.00, real=0.00 secs] 
2326.985: [GC (Allocation Failure) [PSYoungGen: 67549K->1504K(68096K)] 443367K->377322K(578560K), 0.0016093 secs] [Times: user=0.01 sys=0.00, real=0.01 secs] 
2327.795: [GC (Allocation Failure) [PSYoungGen: 67552K->1408K(67072K)] 443370K->377226K(577536K), 0.0028561 secs] [Times: user=0.01 sys=0.01, real=0.01 secs] 
2328.475: [GC (Allocation Failure) [PSYoungGen: 66944K->1408K(66560K)] 442762K->377242K(577024K), 0.0021068 secs] [Times: user=0.01 sys=0.00, real=0.01 secs] 
2329.487: [GC (Allocation Failure) [PSYoungGen: 66432K->1376K(66048K)] 442266K->377210K(576512K), 0.0067408 secs] [Times: user=0.03 sys=0.00, real=0.00 secs] 
2330.342: [GC (Allocation Failure) [PSYoungGen: 65888K->1408K(65536K)] 441722K->377242K(576000K), 0.0036734 secs] [Times: user=0.01 sys=0.00, real=0.00 secs] 
2330.985: [GC (Allocation Failure) [PSYoungGen: 65408K->1469K(65024K)] 441242K->377303K(575488K), 0.0024502 secs] [Times: user=0.01 sys=0.00, real=0.01 secs] 
2331.138: [GC (Allocation Failure) [PSYoungGen: 64957K->1437K(64512K)] 440791K->377271K(574976K), 0.0017224 secs] [Times: user=0.01 sys=0.00, real=0.00 secs] 
2331.249: [GC (Allocation Failure) [PSYoungGen: 64413K->1504K(64000K)] 440247K->377338K(574464K), 0.0017504 secs] [Times: user=0.01 sys=0.00, real=0.00 secs] 
2331.359: [GC (Allocation Failure) [PSYoungGen: 63968K->1472K(64512K)] 439802K->377322K(574976K), 0.0016915 secs] [Times: user=0.00 sys=0.00, real=0.00 secs] 
2331.977: [GC (Allocation Failure) [PSYoungGen: 63936K->1440K(63488K)] 439786K->377290K(573952K), 0.0026721 secs] [Times: user=0.01 sys=0.00, real=0.00 secs] 
2332.909: [GC (Allocation Failure) [PSYoungGen: 63392K->1392K(62976K)] 439242K->377242K(573440K), 0.0050296 secs] [Times: user=0.02 sys=0.00, real=0.00 secs] 
2333.503: [GC (Allocation Failure) [PSYoungGen: 62832K->1408K(62464K)] 438682K->377258K(572928K), 0.0047180 secs] [Times: user=0.02 sys=0.00, real=0.01 secs] 
2334.057: [GC (Allocation Failure) [PSYoungGen: 62336K->1440K(61952K)] 438186K->377290K(572416K), 0.0030211 secs] [Times: user=0.02 sys=0.00, real=0.00 secs] 
2334.319: [GC (Allocation Failure) [PSYoungGen: 61856K->1408K(61440K)] 437706K->377258K(571904K), 0.0021541 secs] [Times: user=0.01 sys=0.00, real=0.00 secs] 
2334.501: [GC (Allocation Failure) [PSYoungGen: 61312K->1501K(60928K)] 437162K->377351K(571392K), 0.0016074 secs] [Times: user=0.01 sys=0.00, real=0.00 secs] 
2334.619: [GC (Allocation Failure) [PSYoungGen: 60893K->1517K(60416K)] 436743K->377367K(570880K), 0.0019290 secs] [Times: user=0.01 sys=0.00, real=0.00 secs] 
2334.756: [GC (Allocation Failure) [PSYoungGen: 60397K->1549K(60928K)] 436247K->377415K(571392K), 0.0021817 secs] [Times: user=0.01 sys=0.00, real=0.01 secs] 
2334.906: [GC (Allocation Failure) [PSYoungGen: 60429K->1485K(60928K)] 436295K->377351K(571392K), 0.0017242 secs] [Times: user=0.00 sys=0.00, real=0.00 secs] 
2335.895: [GC (Allocation Failure) [PSYoungGen: 60365K->1488K(60416K)] 436231K->377354K(570880K), 0.0035192 secs] [Times: user=0.01 sys=0.00, real=0.01 secs] 
2336.748: [GC (Allocation Failure) [PSYoungGen: 60368K->1424K(60416K)] 436234K->377290K(570880K), 0.0039722 secs] [Times: user=0.01 sys=0.00, real=0.00 secs] 
2337.980: [GC (Allocation Failure) [PSYoungGen: 60304K->1424K(60416K)] 436170K->377290K(570880K), 0.0044362 secs] [Times: user=0.02 sys=0.00, real=0.00 secs] 
2338.626: [GC (Allocation Failure) [PSYoungGen: 60304K->1392K(60416K)] 436170K->377258K(570880K), 0.0027098 secs] [Times: user=0.01 sys=0.00, real=0.00 secs] 
2338.865: [GC (Allocation Failure) [PSYoungGen: 60272K->1424K(60416K)] 436138K->377290K(570880K), 0.0019943 secs] [Times: user=0.01 sys=0.00, real=0.01 secs] 
2339.084: [GC (Allocation Failure) [PSYoungGen: 60304K->1469K(60416K)] 436170K->377335K(570880K), 0.0017777 secs] [Times: user=0.01 sys=0.00, real=0.01 secs] 
2339.188: [GC (Allocation Failure) [PSYoungGen: 60349K->1469K(60416K)] 436215K->377375K(570880K), 0.0015820 secs] [Times: user=0.01 sys=0.00, real=0.00 secs] 
2339.293: [GC (Allocation Failure) [PSYoungGen: 60349K->1472K(63488K)] 436255K->377378K(573952K), 0.0016879 secs] [Times: user=0.00 sys=0.00, real=0.00 secs] 
2339.401: [GC (Allocation Failure) [PSYoungGen: 62912K->1501K(67072K)] 438818K->377407K(577536K), 0.0019025 secs] [Times: user=0.00 sys=0.00, real=0.00 secs] 
2339.649: [GC (Allocation Failure) [PSYoungGen: 66525K->1472K(67072K)] 442431K->377378K(577536K), 0.0017419 secs] [Times: user=0.01 sys=0.00, real=0.00 secs] 
2339.941: [GC (Allocation Failure) [PSYoungGen: 66496K->1376K(66048K)] 442402K->377282K(576512K), 0.0020670 secs] [Times: user=0.01 sys=0.01, real=0.00 secs] 
2340.277: [GC (Allocation Failure) [PSYoungGen: 65888K->1392K(65536K)] 441794K->377298K(576000K), 0.0022142 secs] [Times: user=0.01 sys=0.00, real=0.00 secs] 
2340.543: [GC (Allocation Failure) [PSYoungGen: 65392K->1440K(65024K)] 441298K->377346K(575488K), 0.0020414 secs] [Times: user=0.01 sys=0.00, real=0.00 secs] 
2340.806: [GC (Allocation Failure) [PSYoungGen: 64928K->1360K(64512K)] 440834K->377266K(574976K), 0.0021927 secs] [Times: user=0.01 sys=0.00, real=0.00 secs] 
2341.001: [GC (Allocation Failure) [PSYoungGen: 64309K->1533K(64000K)] 440216K->377439K(574464K), 0.0016417 secs] [Times: user=0.01 sys=0.00, real=0.00 secs] 
2341.129: [GC (Allocation Failure) [PSYoungGen: 63997K->1504K(63488K)] 439903K->377426K(573952K), 0.0018939 secs] [Times: user=0.00 sys=0.00, real=0.00 secs] 
2341.265: [GC (Allocation Failure) [PSYoungGen: 63456K->1533K(70144K)] 439378K->377455K(580608K), 0.0018574 secs] [Times: user=0.01 sys=0.00, real=0.01 secs] 
2341.386: [GC (Allocation Failure) [PSYoungGen: 70141K->1437K(70656K)] 446063K->377359K(581120K), 0.0017450 secs] [Times: user=0.00 sys=0.00, real=0.00 secs] 
2341.724: [GC (Allocation Failure) [PSYoungGen: 70045K->1424K(77312K)] 445967K->377346K(587776K), 0.0025608 secs] [Times: user=0.01 sys=0.00, real=0.01 secs] 
2342.080: [GC (Allocation Failure) [PSYoungGen: 77200K->1408K(76800K)] 453122K->377338K(587264K), 0.0022296 secs] [Times: user=0.01 sys=0.00, real=0.00 secs] 
2342.409: [GC (Allocation Failure) [PSYoungGen: 76672K->1376K(76288K)] 452602K->377306K(586752K), 0.0020168 secs] [Times: user=0.01 sys=0.00, real=0.00 secs] 
2342.929: [GC (Allocation Failure) [PSYoungGen: 76128K->1501K(75776K)] 452058K->377431K(586240K), 0.0022249 secs] [Times: user=0.01 sys=0.00, real=0.00 secs] 
2343.078: [GC (Allocation Failure) [PSYoungGen: 75741K->1504K(75264K)] 451671K->377434K(585728K), 0.0018462 secs] [Times: user=0.00 sys=0.00, real=0.00 secs] 
2343.209: [GC (Allocation Failure) [PSYoungGen: 75232K->1501K(74752K)] 451162K->377431K(585216K), 0.0018230 secs] [Times: user=0.01 sys=0.00, real=0.00 secs] 
2343.340: [GC (Allocation Failure) [PSYoungGen: 74717K->1488K(75264K)] 450647K->377434K(585728K), 0.0072400 secs] [Times: user=0.03 sys=0.00, real=0.01 secs] 
2343.887: [GC (Allocation Failure) [PSYoungGen: 74704K->1472K(75264K)] 450650K->377418K(585728K), 0.0021018 secs] [Times: user=0.01 sys=0.00, real=0.00 secs] 
2344.582: [GC (Allocation Failure) [PSYoungGen: 74688K->1408K(84480K)] 450634K->377354K(594944K), 0.0070124 secs] [Times: user=0.03 sys=0.00, real=0.01 secs] 
2344.963: [GC (Allocation Failure) [PSYoungGen: 83840K->1472K(84480K)] 459786K->377418K(594944K), 0.0064352 secs] [Times: user=0.01 sys=0.02, real=0.01 secs] 
2345.332: [GC (Allocation Failure) [PSYoungGen: 83679K->352K(94720K)] 459625K->376298K(605184K), 0.0055740 secs] [Times: user=0.02 sys=0.01, real=0.01 secs] 
2345.620: [GC (Allocation Failure) [PSYoungGen: 93024K->1552K(94720K)] 468970K->377514K(605184K), 0.0040956 secs] [Times: user=0.00 sys=0.01, real=0.00 secs] 
2345.786: [GC (Allocation Failure) [PSYoungGen: 94224K->1533K(105984K)] 470186K->377503K(616448K), 0.0035632 secs] [Times: user=0.00 sys=0.01, real=0.00 secs] 
2346.153: [GC (Allocation Failure) [PSYoungGen: 105469K->1440K(105984K)] 481439K->377410K(616448K), 0.0025766 secs] [Times: user=0.01 sys=0.00, real=0.00 secs] 
2346.593: [GC (Allocation Failure) [PSYoungGen: 105376K->1344K(116736K)] 481346K->377322K(627200K), 0.0019980 secs] [Times: user=0.00 sys=0.00, real=0.00 secs] 
2347.111: [GC (Allocation Failure) [PSYoungGen: 116544K->1312K(115200K)] 492522K->377290K(625664K), 0.0020075 secs] [Times: user=0.00 sys=0.00, real=0.00 secs] 
2347.465: [GC (Allocation Failure) [PSYoungGen: 114976K->1485K(113664K)] 490954K->377463K(624128K), 0.0018144 secs] [Times: user=0.01 sys=0.00, real=0.01 secs] 
2347.661: [GC (Allocation Failure) [PSYoungGen: 113613K->1501K(112128K)] 489591K->377479K(622592K), 0.0017555 secs] [Times: user=0.00 sys=0.00, real=0.00 secs] 
2348.007: [GC (Allocation Failure) [PSYoungGen: 112093K->1440K(110592K)] 488071K->377418K(621056K), 0.0020222 secs] [Times: user=0.01 sys=0.00, real=0.00 secs] 
2348.503: [GC (Allocation Failure) [PSYoungGen: 110496K->1408K(109568K)] 486474K->377386K(620032K), 0.0031086 secs] [Times: user=0.01 sys=0.00, real=0.01 secs] 
2349.260: [GC (Allocation Failure) [PSYoungGen: 109440K->1408K(108544K)] 485418K->377386K(619008K), 0.0031396 secs] [Times: user=0.01 sys=0.00, real=0.00 secs] 
2349.767: [GC (Allocation Failure) [PSYoungGen: 108416K->1504K(107520K)] 484394K->377482K(617984K), 0.0017521 secs] [Times: user=0.01 sys=0.00, real=0.00 secs] 
2350.002: [GC (Allocation Failure) [PSYoungGen: 107488K->1501K(106496K)] 483466K->377479K(616960K), 0.0021664 secs] [Times: user=0.01 sys=0.00, real=0.00 secs] 
2350.351: [GC (Allocation Failure) [PSYoungGen: 106461K->1440K(105472K)] 482439K->377418K(615936K), 0.0021247 secs] [Times: user=0.01 sys=0.00, real=0.00 secs] 
2350.783: [GC (Allocation Failure) [PSYoungGen: 105376K->1376K(104448K)] 481354K->377354K(614912K), 0.0018955 secs] [Times: user=0.01 sys=0.00, real=0.00 secs] 
2351.210: [GC (Allocation Failure) [PSYoungGen: 104288K->1408K(103424K)] 480266K->377386K(613888K), 0.0021117 secs] [Times: user=0.01 sys=0.00, real=0.00 secs] 
2351.525: [GC (Allocation Failure) [PSYoungGen: 103296K->1485K(102400K)] 479274K->377463K(612864K), 0.0016876 secs] [Times: user=0.00 sys=0.00, real=0.01 secs] 
2351.703: [GC (Allocation Failure) [PSYoungGen: 102349K->1536K(101888K)] 478327K->377514K(612352K), 0.0017532 secs] [Times: user=0.01 sys=0.00, real=0.00 secs] 
2352.173: [GC (Allocation Failure) [PSYoungGen: 101376K->432K(99328K)] 477354K->377434K(609792K), 0.0024596 secs] [Times: user=0.01 sys=0.00, real=0.00 secs] 
2353.523: [GC (Allocation Failure) [PSYoungGen: 99248K->352K(99840K)] 476250K->377354K(610304K), 0.0030527 secs] [Times: user=0.01 sys=0.00, real=0.01 secs] 
2354.362: [GC (Allocation Failure) [PSYoungGen: 98144K->384K(97280K)] 475146K->377386K(607744K), 0.0025329 secs] [Times: user=0.01 sys=0.00, real=0.00 secs] 
2355.069: [GC (Allocation Failure) [PSYoungGen: 97152K->1501K(97792K)] 474154K->378503K(608256K), 0.0021379 secs] [Times: user=0.01 sys=0.00, real=0.00 secs] 
2355.319: [GC (Allocation Failure) [PSYoungGen: 97245K->1533K(96256K)] 474247K->378535K(606720K), 0.0023706 secs] [Times: user=0.01 sys=0.00, real=0.00 secs] 
2355.499: [GC (Allocation Failure) [PSYoungGen: 96253K->1453K(95232K)] 473255K->378455K(605696K), 0.0018283 secs] [Times: user=0.01 sys=0.00, real=0.00 secs] 
2355.898: [GC (Allocation Failure) [PSYoungGen: 95149K->1440K(94208K)] 472151K->378442K(604672K), 0.0025482 secs] [Times: user=0.01 sys=0.00, real=0.00 secs] 
2356.358: [GC (Allocation Failure) [PSYoungGen: 94112K->1408K(93184K)] 471114K->378410K(603648K), 0.0021786 secs] [Times: user=0.00 sys=0.00, real=0.00 secs] 
2357.065: [GC (Allocation Failure) [PSYoungGen: 93056K->1376K(92160K)] 470058K->378378K(602624K), 0.0023279 secs] [Times: user=0.01 sys=0.00, real=0.01 secs] 
2357.585: [GC (Allocation Failure) [PSYoungGen: 92000K->1501K(91136K)] 469002K->378503K(601600K), 0.0025535 secs] [Times: user=0.01 sys=0.00, real=0.01 secs] 
2357.784: [GC (Allocation Failure) [PSYoungGen: 91101K->1533K(90112K)] 468103K->378535K(600576K), 0.0017262 secs] [Times: user=0.01 sys=0.00, real=0.01 secs] 
2357.940: [GC (Allocation Failure) [PSYoungGen: 90109K->1501K(89088K)] 467111K->378503K(599552K), 0.0019028 secs] [Times: user=0.00 sys=0.00, real=0.00 secs] 
2358.359: [GC (Allocation Failure) [PSYoungGen: 89053K->1440K(88064K)] 466055K->378442K(598528K), 0.0041815 secs] [Times: user=0.02 sys=0.00, real=0.00 secs] 
2359.094: [GC (Allocation Failure) [PSYoungGen: 87968K->1408K(87552K)] 464970K->378434K(598016K), 0.0034308 secs] [Times: user=0.01 sys=0.00, real=0.01 secs] 
2359.824: [GC (Allocation Failure) [PSYoungGen: 87424K->1440K(87040K)] 464450K->378466K(597504K), 0.0032261 secs] [Times: user=0.01 sys=0.00, real=0.01 secs] 
2360.462: [GC (Allocation Failure) [PSYoungGen: 86944K->1469K(86528K)] 463970K->378495K(596992K), 0.0024339 secs] [Times: user=0.01 sys=0.00, real=0.00 secs] 
2360.637: [GC (Allocation Failure) [PSYoungGen: 86461K->1485K(86016K)] 463487K->378511K(596480K), 0.0016628 secs] [Times: user=0.00 sys=0.00, real=0.00 secs] 
2360.787: [GC (Allocation Failure) [PSYoungGen: 85965K->1453K(85504K)] 462991K->378479K(595968K), 0.0017117 secs] [Times: user=0.01 sys=0.00, real=0.00 secs] 
2361.170: [GC (Allocation Failure) [PSYoungGen: 85421K->1440K(84992K)] 462447K->378466K(595456K), 0.0021336 secs] [Times: user=0.01 sys=0.00, real=0.00 secs] 
2362.273: [GC (Allocation Failure) [PSYoungGen: 84896K->1376K(84480K)] 461922K->378402K(594944K), 0.0040580 secs] [Times: user=0.01 sys=0.00, real=0.01 secs] 
2363.256: [GC (Allocation Failure) [PSYoungGen: 84320K->1392K(83968K)] 461346K->378418K(594432K), 0.0035831 secs] [Times: user=0.02 sys=0.00, real=0.01 secs] 
2364.188: [GC (Allocation Failure) [PSYoungGen: 83824K->1408K(83456K)] 460850K->378434K(593920K), 0.0027043 secs] [Times: user=0.01 sys=0.00, real=0.00 secs] 
2364.499: [GC (Allocation Failure) [PSYoungGen: 83328K->1501K(82944K)] 460354K->378527K(593408K), 0.0017098 secs] [Times: user=0.01 sys=0.00, real=0.00 secs] 
2364.643: [GC (Allocation Failure) [PSYoungGen: 82909K->1533K(82432K)] 459935K->378559K(592896K), 0.0018880 secs] [Times: user=0.01 sys=0.00, real=0.00 secs] 
2364.786: [GC (Allocation Failure) [PSYoungGen: 82429K->1517K(81920K)] 459455K->378543K(592384K), 0.0016138 secs] [Times: user=0.01 sys=0.00, real=0.01 secs] 
2365.096: [GC (Allocation Failure) [PSYoungGen: 81901K->1408K(81408K)] 458927K->378434K(591872K), 0.0027795 secs] [Times: user=0.01 sys=0.00, real=0.01 secs] 
2365.428: [GC (Allocation Failure) [PSYoungGen: 81280K->1392K(80896K)] 458306K->378418K(591360K), 0.0018576 secs] [Times: user=0.01 sys=0.00, real=0.00 secs] 
2365.758: [GC (Allocation Failure) [PSYoungGen: 80752K->1408K(80384K)] 457778K->378434K(590848K), 0.0024439 secs] [Times: user=0.01 sys=0.00, real=0.00 secs] 
2366.108: [GC (Allocation Failure) [PSYoungGen: 80256K->1488K(79872K)] 457282K->378514K(590336K), 0.0026390 secs] [Times: user=0.01 sys=0.00, real=0.00 secs] 
2366.303: [GC (Allocation Failure) [PSYoungGen: 79824K->1453K(79360K)] 456850K->378479K(589824K), 0.0016966 secs] [Times: user=0.01 sys=0.00, real=0.00 secs] 
2366.441: [GC (Allocation Failure) [PSYoungGen: 79277K->1517K(78848K)] 456303K->378543K(589312K), 0.0015707 secs] [Times: user=0.01 sys=0.00, real=0.00 secs] 
2366.576: [GC (Allocation Failure) [PSYoungGen: 78829K->1501K(78336K)] 455855K->378527K(588800K), 0.0018606 secs] [Times: user=0.00 sys=0.00, real=0.00 secs] 
2367.717: [GC (Allocation Failure) [PSYoungGen: 78301K->1440K(77824K)] 455327K->378466K(588288K), 0.0036655 secs] [Times: user=0.01 sys=0.00, real=0.00 secs] 
2368.396: [GC (Allocation Failure) [PSYoungGen: 77728K->1408K(77312K)] 454754K->378442K(587776K), 0.0031121 secs] [Times: user=0.01 sys=0.00, real=0.00 secs] 
2369.088: [GC (Allocation Failure) [PSYoungGen: 77184K->1408K(76800K)] 454218K->378466K(587264K), 0.0026228 secs] [Times: user=0.01 sys=0.00, real=0.00 secs] 
2369.697: [GC (Allocation Failure) [PSYoungGen: 76672K->1437K(76288K)] 453730K->378495K(586752K), 0.0026658 secs] [Times: user=0.01 sys=0.00, real=0.00 secs] 
2369.931: [GC (Allocation Failure) [PSYoungGen: 76189K->1469K(75776K)] 453247K->378527K(586240K), 0.0021348 secs] [Times: user=0.01 sys=0.00, real=0.00 secs] 
2370.078: [GC (Allocation Failure) [PSYoungGen: 75709K->1504K(75264K)] 452767K->378562K(585728K), 0.0017545 secs] [Times: user=0.01 sys=0.00, real=0.00 secs] 
2370.207: [GC (Allocation Failure) [PSYoungGen: 75232K->1488K(74752K)] 452290K->378546K(585216K), 0.0016791 secs] [Times: user=0.01 sys=0.00, real=0.00 secs] 
2370.771: [GC (Allocation Failure) [PSYoungGen: 74704K->1424K(74240K)] 451762K->378482K(584704K), 0.0045710 secs] [Times: user=0.02 sys=0.00, real=0.00 secs] 
2371.295: [GC (Allocation Failure) [PSYoungGen: 74128K->1408K(73728K)] 451186K->378466K(584192K), 0.0021123 secs] [Times: user=0.00 sys=0.00, real=0.01 secs] 
2371.594: [GC (Allocation Failure) [PSYoungGen: 73600K->1408K(73216K)] 450658K->378474K(583680K), 0.0021197 secs] [Times: user=0.01 sys=0.00, real=0.01 secs] 
2372.120: [GC (Allocation Failure) [PSYoungGen: 73088K->1408K(72704K)] 450154K->378474K(583168K), 0.0021030 secs] [Times: user=0.01 sys=0.00, real=0.00 secs] 
2372.365: [GC (Allocation Failure) [PSYoungGen: 72576K->1533K(72192K)] 449642K->378599K(582656K), 0.0018710 secs] [Times: user=0.01 sys=0.00, real=0.01 secs] 
2372.490: [GC (Allocation Failure) [PSYoungGen: 72189K->1517K(71680K)] 449255K->378583K(582144K), 0.0015646 secs] [Times: user=0.01 sys=0.00, real=0.00 secs] 
2372.613: [GC (Allocation Failure) [PSYoungGen: 71633K->1501K(71168K)] 448699K->378567K(581632K), 0.0017540 secs] [Times: user=0.00 sys=0.00, real=0.00 secs] 
2372.800: [GC (Allocation Failure) [PSYoungGen: 71133K->1440K(70656K)] 448199K->378506K(581120K), 0.0018028 secs] [Times: user=0.00 sys=0.00, real=0.00 secs] 
2373.340: [GC (Allocation Failure) [PSYoungGen: 70560K->1344K(70144K)] 447626K->378410K(580608K), 0.0017932 secs] [Times: user=0.01 sys=0.00, real=0.00 secs] 
2373.744: [GC (Allocation Failure) [PSYoungGen: 69952K->1376K(69632K)] 447018K->378442K(580096K), 0.0017865 secs] [Times: user=0.01 sys=0.00, real=0.01 secs] 
2374.027: [GC (Allocation Failure) [PSYoungGen: 69472K->1408K(69120K)] 446538K->378474K(579584K), 0.0020276 secs] [Times: user=0.00 sys=0.01, real=0.00 secs] 
2374.317: [GC (Allocation Failure) [PSYoungGen: 68992K->1469K(68608K)] 446058K->378535K(579072K), 0.0019030 secs] [Times: user=0.01 sys=0.00, real=0.00 secs] 
2374.477: [GC (Allocation Failure) [PSYoungGen: 68541K->1501K(68096K)] 445607K->378567K(578560K), 0.0020686 secs] [Times: user=0.01 sys=0.00, real=0.00 secs] 
2374.639: [GC (Allocation Failure) [PSYoungGen: 68061K->1533K(67584K)] 445127K->378599K(578048K), 0.0020666 secs] [Times: user=0.01 sys=0.00, real=0.00 secs] 
2374.796: [GC (Allocation Failure) [PSYoungGen: 67581K->1533K(67072K)] 444647K->378599K(577536K), 0.0018066 secs] [Times: user=0.01 sys=0.00, real=0.00 secs] 
2375.087: [GC (Allocation Failure) [PSYoungGen: 67069K->1472K(66560K)] 444135K->378546K(577024K), 0.0019800 secs] [Times: user=0.01 sys=0.00, real=0.00 secs] 
2375.357: [GC (Allocation Failure) [PSYoungGen: 66496K->1376K(66048K)] 443570K->378450K(576512K), 0.0022124 secs] [Times: user=0.01 sys=0.00, real=0.00 secs] 
2375.625: [GC (Allocation Failure) [PSYoungGen: 65888K->1392K(65536K)] 442962K->378482K(576000K), 0.0020893 secs] [Times: user=0.01 sys=0.00, real=0.01 secs] 
2375.920: [GC (Allocation Failure) [PSYoungGen: 65392K->1376K(65024K)] 442482K->378466K(575488K), 0.0023863 secs] [Times: user=0.01 sys=0.01, real=0.00 secs] 
2376.294: [GC (Allocation Failure) [PSYoungGen: 64864K->1408K(64512K)] 441954K->378498K(574976K), 0.0020993 secs] [Times: user=0.01 sys=0.00, real=0.01 secs] 
2376.571: [GC (Allocation Failure) [PSYoungGen: 64384K->1501K(64000K)] 441474K->378591K(574464K), 0.0018175 secs] [Times: user=0.00 sys=0.00, real=0.00 secs] 
2376.682: [GC (Allocation Failure) [PSYoungGen: 63965K->1437K(63488K)] 441055K->378527K(573952K), 0.0016008 secs] [Times: user=0.01 sys=0.00, real=0.00 secs] 
2376.792: [GC (Allocation Failure) [PSYoungGen: 63389K->1469K(70144K)] 440479K->378567K(580608K), 0.0017039 secs] [Times: user=0.01 sys=0.00, real=0.00 secs] 
2376.913: [GC (Allocation Failure) [PSYoungGen: 70058K->1501K(76800K)] 447156K->378599K(587264K), 0.0016882 secs] [Times: user=0.01 sys=0.00, real=0.00 secs] 
2377.291: [GC (Allocation Failure) [PSYoungGen: 76765K->1472K(76288K)] 453863K->378570K(586752K), 0.0018784 secs] [Times: user=0.01 sys=0.00, real=0.00 secs] 
2377.644: [GC (Allocation Failure) [PSYoungGen: 76224K->1360K(75776K)] 453322K->378458K(586240K), 0.0020895 secs] [Times: user=0.01 sys=0.00, real=0.00 secs] 
2377.964: [GC (Allocation Failure) [PSYoungGen: 75600K->1408K(75264K)] 452698K->378506K(585728K), 0.0020425 secs] [Times: user=0.01 sys=0.00, real=0.00 secs] 
2378.309: [GC (Allocation Failure) [PSYoungGen: 75136K->1469K(74752K)] 452234K->378567K(585216K), 0.0020571 secs] [Times: user=0.01 sys=0.00, real=0.00 secs] 
2378.454: [GC (Allocation Failure) [PSYoungGen: 74685K->1485K(74240K)] 451783K->378583K(584704K), 0.0017010 secs] [Times: user=0.01 sys=0.00, real=0.01 secs] 
2378.583: [GC (Allocation Failure) [PSYoungGen: 74189K->1533K(73728K)] 451287K->378631K(584192K), 0.0018415 secs] [Times: user=0.01 sys=0.00, real=0.00 secs] 
2378.709: [GC (Allocation Failure) [PSYoungGen: 73725K->1469K(74240K)] 450823K->378583K(584704K), 0.0016101 secs] [Times: user=0.01 sys=0.00, real=0.00 secs] 
2379.218: [GC (Allocation Failure) [PSYoungGen: 73661K->1408K(73216K)] 450775K->378522K(583680K), 0.0022409 secs] [Times: user=0.01 sys=0.00, real=0.00 secs] 
2380.034: [GC (Allocation Failure) [PSYoungGen: 73088K->1408K(72704K)] 450202K->378522K(583168K), 0.0023809 secs] [Times: user=0.01 sys=0.00, real=0.01 secs] 
2380.536: [GC (Allocation Failure) [PSYoungGen: 72576K->1376K(72192K)] 449690K->378490K(582656K), 0.0028294 secs] [Times: user=0.01 sys=0.00, real=0.01 secs] 
2381.030: [GC (Allocation Failure) [PSYoungGen: 72032K->1376K(71680K)] 449146K->378490K(582144K), 0.0022607 secs] [Times: user=0.00 sys=0.00, real=0.00 secs] 
2381.403: [GC (Allocation Failure) [PSYoungGen: 71520K->1440K(71168K)] 448634K->378554K(581632K), 0.0015262 secs] [Times: user=0.00 sys=0.00, real=0.00 secs] 
2381.526: [GC (Allocation Failure) [PSYoungGen: 71052K->1472K(70656K)] 448166K->378586K(581120K), 0.0018400 secs] [Times: user=0.01 sys=0.00, real=0.01 secs] 
2381.648: [GC (Allocation Failure) [PSYoungGen: 70592K->1504K(78336K)] 447706K->378642K(588800K), 0.0035582 secs] [Times: user=0.02 sys=0.00, real=0.00 secs] 
2381.785: [GC (Allocation Failure) [PSYoungGen: 78304K->1565K(78848K)] 455442K->378711K(589312K), 0.0016103 secs] [Times: user=0.00 sys=0.00, real=0.01 secs] 
2383.106: [GC (Allocation Failure) [PSYoungGen: 78365K->1376K(86016K)] 455511K->378522K(596480K), 0.0028560 secs] [Times: user=0.01 sys=0.00, real=0.00 secs] 
2383.842: [GC (Allocation Failure) [PSYoungGen: 85856K->1312K(85504K)] 463002K->378458K(595968K), 0.0024987 secs] [Times: user=0.01 sys=0.00, real=0.00 secs] 
2384.253: [GC (Allocation Failure) [PSYoungGen: 85280K->1312K(84992K)] 462426K->378458K(595456K), 0.0021302 secs] [Times: user=0.01 sys=0.00, real=0.00 secs] 
2384.549: [GC (Allocation Failure) [PSYoungGen: 84768K->1469K(84480K)] 461914K->378615K(594944K), 0.0016691 secs] [Times: user=0.00 sys=0.00, real=0.00 secs] 
2384.720: [GC (Allocation Failure) [PSYoungGen: 84413K->1533K(83968K)] 461559K->378679K(594432K), 0.0018941 secs] [Times: user=0.01 sys=0.00, real=0.00 secs] 
2384.886: [GC (Allocation Failure) [PSYoungGen: 83965K->1501K(83456K)] 461111K->378647K(593920K), 0.0017861 secs] [Times: user=0.00 sys=0.00, real=0.00 secs] 
2385.459: [GC (Allocation Failure) [PSYoungGen: 83421K->1440K(82944K)] 460567K->378586K(593408K), 0.0032537 secs] [Times: user=0.01 sys=0.00, real=0.00 secs] 
2386.283: [GC (Allocation Failure) [PSYoungGen: 82848K->1376K(82432K)] 459994K->378522K(592896K), 0.0035220 secs] [Times: user=0.02 sys=0.00, real=0.01 secs] 
2387.069: [GC (Allocation Failure) [PSYoungGen: 82272K->1440K(81920K)] 459418K->378586K(592384K), 0.0027992 secs] [Times: user=0.01 sys=0.00, real=0.00 secs] 
2387.964: [GC (Allocation Failure) [PSYoungGen: 81824K->1408K(81408K)] 458970K->378554K(591872K), 0.0032263 secs] [Times: user=0.01 sys=0.00, real=0.01 secs] 
2388.342: [GC (Allocation Failure) [PSYoungGen: 81280K->1501K(80896K)] 458426K->378647K(591360K), 0.0019114 secs] [Times: user=0.01 sys=0.00, real=0.00 secs] 
2388.525: [GC (Allocation Failure) [PSYoungGen: 80861K->1533K(80384K)] 458007K->378679K(590848K), 0.0020866 secs] [Times: user=0.01 sys=0.00, real=0.01 secs] 
2388.697: [GC (Allocation Failure) [PSYoungGen: 80381K->1504K(79872K)] 457527K->378674K(590336K), 0.0018564 secs] [Times: user=0.01 sys=0.00, real=0.00 secs] 
2389.365: [GC (Allocation Failure) [PSYoungGen: 79840K->1424K(79360K)] 457010K->378594K(589824K), 0.0031386 secs] [Times: user=0.01 sys=0.00, real=0.01 secs] 
2389.766: [GC (Allocation Failure) [PSYoungGen: 79248K->1408K(78848K)] 456418K->378578K(589312K), 0.0022791 secs] [Times: user=0.01 sys=0.00, real=0.00 secs] 
2390.088: [GC (Allocation Failure) [PSYoungGen: 78720K->1408K(78336K)] 455890K->378578K(588800K), 0.0021055 secs] [Times: user=0.01 sys=0.00, real=0.00 secs] 
2390.472: [GC (Allocation Failure) [PSYoungGen: 78208K->256K(77312K)] 455378K->377426K(587776K), 0.0019337 secs] [Times: user=0.01 sys=0.00, real=0.00 secs] 
2390.615: [GC (Allocation Failure) [PSYoungGen: 76544K->1533K(77312K)] 453714K->378703K(587776K), 0.0018709 secs] [Times: user=0.01 sys=0.00, real=0.01 secs] 
2390.750: [GC (Allocation Failure) [PSYoungGen: 77309K->1501K(76800K)] 454479K->378671K(587264K), 0.0017191 secs] [Times: user=0.00 sys=0.00, real=0.00 secs] 
2390.888: [GC (Allocation Failure) [PSYoungGen: 76765K->1501K(76288K)] 453935K->378671K(586752K), 0.0016369 secs] [Times: user=0.01 sys=0.00, real=0.00 secs] 
2391.327: [GC (Allocation Failure) [PSYoungGen: 76253K->1392K(75776K)] 453423K->378562K(586240K), 0.0024095 secs] [Times: user=0.01 sys=0.00, real=0.00 secs] 
2391.953: [GC (Allocation Failure) [PSYoungGen: 75632K->1408K(75264K)] 452802K->378578K(585728K), 0.0020988 secs] [Times: user=0.01 sys=0.00, real=0.00 secs] 
2392.388: [GC (Allocation Failure) [PSYoungGen: 75136K->1408K(74752K)] 452306K->378578K(585216K), 0.0021992 secs] [Times: user=0.01 sys=0.00, real=0.00 secs] 
2392.692: [GC (Allocation Failure) [PSYoungGen: 74624K->1376K(74240K)] 451794K->378546K(584704K), 0.0021289 secs] [Times: user=0.01 sys=0.00, real=0.00 secs] 
2392.894: [GC (Allocation Failure) [PSYoungGen: 74080K->1504K(73728K)] 451250K->378674K(584192K), 0.0017633 secs] [Times: user=0.01 sys=0.00, real=0.01 secs] 
2393.043: [GC (Allocation Failure) [PSYoungGen: 73696K->1533K(73216K)] 450866K->378703K(583680K), 0.0020636 secs] [Times: user=0.01 sys=0.00, real=0.00 secs] 
2393.202: [GC (Allocation Failure) [PSYoungGen: 73187K->1469K(72704K)] 450357K->378639K(583168K), 0.0021996 secs] [Times: user=0.01 sys=0.00, real=0.00 secs] 
2393.488: [GC (Allocation Failure) [PSYoungGen: 72637K->1472K(72192K)] 449807K->378642K(582656K), 0.0024197 secs] [Times: user=0.01 sys=0.00, real=0.00 secs] 
2394.126: [GC (Allocation Failure) [PSYoungGen: 72128K->1376K(71680K)] 449298K->378546K(582144K), 0.0024127 secs] [Times: user=0.01 sys=0.00, real=0.00 secs] 
2394.745: [GC (Allocation Failure) [PSYoungGen: 71520K->1376K(71168K)] 448690K->378546K(581632K), 0.0023161 secs] [Times: user=0.01 sys=0.00, real=0.01 secs] 
2395.043: [GC (Allocation Failure) [PSYoungGen: 71008K->1376K(70656K)] 448178K->378546K(581120K), 0.0021196 secs] [Times: user=0.01 sys=0.00, real=0.00 secs] 
2395.335: [GC (Allocation Failure) [PSYoungGen: 70496K->1456K(70144K)] 447666K->378626K(580608K), 0.0019274 secs] [Times: user=0.00 sys=0.00, real=0.01 secs] 
2395.460: [GC (Allocation Failure) [PSYoungGen: 70064K->1517K(69632K)] 447234K->378687K(580096K), 0.0016629 secs] [Times: user=0.00 sys=0.00, real=0.00 secs] 
2395.579: [GC (Allocation Failure) [PSYoungGen: 69613K->1533K(69120K)] 446783K->378703K(579584K), 0.0017910 secs] [Times: user=0.01 sys=0.00, real=0.00 secs] 
2395.699: [GC (Allocation Failure) [PSYoungGen: 69117K->1517K(69632K)] 446287K->378687K(580096K), 0.0016214 secs] [Times: user=0.00 sys=0.00, real=0.00 secs] 
2395.919: [GC (Allocation Failure) [PSYoungGen: 69101K->1472K(69632K)] 446271K->378642K(580096K), 0.0020089 secs] [Times: user=0.01 sys=0.00, real=0.00 secs] 
2396.200: [GC (Allocation Failure) [PSYoungGen: 69056K->1408K(68608K)] 446226K->378594K(579072K), 0.0019162 secs] [Times: user=0.00 sys=0.00, real=0.00 secs] 
2396.479: [GC (Allocation Failure) [PSYoungGen: 68480K->1344K(68096K)] 445666K->378530K(578560K), 0.0019282 secs] [Times: user=0.00 sys=0.00, real=0.00 secs] 
2396.756: [GC (Allocation Failure) [PSYoungGen: 67904K->1408K(67584K)] 445090K->378594K(578048K), 0.0024971 secs] [Times: user=0.01 sys=0.00, real=0.01 secs] 
2397.019: [GC (Allocation Failure) [PSYoungGen: 67456K->1504K(67072K)] 444642K->378690K(577536K), 0.0021308 secs] [Times: user=0.01 sys=0.00, real=0.00 secs] 
2397.143: [GC (Allocation Failure) [PSYoungGen: 67040K->1453K(66560K)] 444226K->378639K(577024K), 0.0015749 secs] [Times: user=0.01 sys=0.00, real=0.00 secs] 
2397.258: [GC (Allocation Failure) [PSYoungGen: 66477K->1453K(73216K)] 443663K->378639K(583680K), 0.0015162 secs] [Times: user=0.00 sys=0.00, real=0.00 secs] 
2397.404: [GC (Allocation Failure) [PSYoungGen: 73133K->1533K(73728K)] 450319K->378743K(584192K), 0.0020515 secs] [Times: user=0.01 sys=0.00, real=0.01 secs] 
2397.641: [GC (Allocation Failure) [PSYoungGen: 73213K->1472K(73728K)] 450423K->378682K(584192K), 0.0021334 secs] [Times: user=0.01 sys=0.00, real=0.00 secs] 
2397.939: [GC (Allocation Failure) [PSYoungGen: 73152K->1376K(72704K)] 450362K->378586K(583168K), 0.0020118 secs] [Times: user=0.01 sys=0.00, real=0.00 secs] 
2398.235: [GC (Allocation Failure) [PSYoungGen: 72544K->1408K(72192K)] 449754K->378618K(582656K), 0.0021028 secs] [Times: user=0.01 sys=0.00, real=0.01 secs] 
2398.530: [GC (Allocation Failure) [PSYoungGen: 72064K->1376K(71680K)] 449274K->378594K(582144K), 0.0019468 secs] [Times: user=0.01 sys=0.00, real=0.00 secs] 
2398.879: [GC (Allocation Failure) [PSYoungGen: 71520K->1501K(71168K)] 448738K->378719K(581632K), 0.0020424 secs] [Times: user=0.01 sys=0.00, real=0.00 secs] 
2399.010: [GC (Allocation Failure) [PSYoungGen: 71133K->1501K(70656K)] 448351K->378719K(581120K), 0.0018597 secs] [Times: user=0.00 sys=0.00, real=0.00 secs] 
2399.132: [GC (Allocation Failure) [PSYoungGen: 70621K->1501K(77824K)] 447839K->378719K(588288K), 0.0016924 secs] [Times: user=0.01 sys=0.01, real=0.00 secs] 
2399.267: [GC (Allocation Failure) [PSYoungGen: 77789K->1533K(78336K)] 455007K->378767K(588800K), 0.0017763 secs] [Times: user=0.01 sys=0.00, real=0.00 secs] 
2400.380: [GC (Allocation Failure) [PSYoungGen: 77821K->1440K(77312K)] 455055K->378674K(587776K), 0.0027035 secs] [Times: user=0.01 sys=0.00, real=0.00 secs] 
2401.121: [GC (Allocation Failure) [PSYoungGen: 77216K->1344K(76800K)] 454450K->378578K(587264K), 0.0045360 secs] [Times: user=0.02 sys=0.00, real=0.01 secs] 
2402.154: [GC (Allocation Failure) [PSYoungGen: 76608K->1344K(76288K)] 453842K->378578K(586752K), 0.0037788 secs] [Times: user=0.01 sys=0.00, real=0.01 secs] 
2403.176: [GC (Allocation Failure) [PSYoungGen: 76096K->1469K(75776K)] 453330K->378703K(586240K), 0.0040760 secs] [Times: user=0.02 sys=0.00, real=0.00 secs] 
2403.407: [GC (Allocation Failure) [PSYoungGen: 75709K->1533K(75264K)] 452943K->378767K(585728K), 0.0017294 secs] [Times: user=0.01 sys=0.00, real=0.00 secs] 
2403.538: [GC (Allocation Failure) [PSYoungGen: 75261K->1533K(74752K)] 452495K->378767K(585216K), 0.0017212 secs] [Times: user=0.01 sys=0.00, real=0.00 secs] 
2403.666: [GC (Allocation Failure) [PSYoungGen: 74749K->1533K(74240K)] 451983K->378767K(584704K), 0.0016518 secs] [Times: user=0.01 sys=0.00, real=0.00 secs] 
2404.161: [GC (Allocation Failure) [PSYoungGen: 74237K->1440K(73728K)] 451471K->378674K(584192K), 0.0023647 secs] [Times: user=0.01 sys=0.01, real=0.00 secs] 
2404.796: [GC (Allocation Failure) [PSYoungGen: 73632K->1440K(73216K)] 450866K->378674K(583680K), 0.0028921 secs] [Times: user=0.01 sys=0.01, real=0.00 secs] 
2405.422: [GC (Allocation Failure) [PSYoungGen: 73120K->1408K(72704K)] 450354K->378642K(583168K), 0.0029693 secs] [Times: user=0.01 sys=0.00, real=0.00 secs] 
2406.119: [GC (Allocation Failure) [PSYoungGen: 72576K->1376K(72192K)] 449810K->378610K(582656K), 0.0032835 secs] [Times: user=0.01 sys=0.00, real=0.00 secs] 
2406.616: [GC (Allocation Failure) [PSYoungGen: 72032K->1501K(71680K)] 449266K->378735K(582144K), 0.0023130 secs] [Times: user=0.01 sys=0.00, real=0.00 secs] 
2406.761: [GC (Allocation Failure) [PSYoungGen: 71645K->1453K(71168K)] 448879K->378687K(581632K), 0.0016407 secs] [Times: user=0.01 sys=0.00, real=0.00 secs] 
2406.885: [GC (Allocation Failure) [PSYoungGen: 71085K->1421K(71680K)] 448319K->378655K(582144K), 0.0027291 secs] [Times: user=0.01 sys=0.00, real=0.01 secs] 
2407.010: [GC (Allocation Failure) [PSYoungGen: 71053K->1517K(71680K)] 448287K->378751K(582144K), 0.0015968 secs] [Times: user=0.01 sys=0.00, real=0.00 secs] 
2407.322: [GC (Allocation Failure) [PSYoungGen: 71149K->1408K(70656K)] 448383K->378642K(581120K), 0.0017975 secs] [Times: user=0.01 sys=0.00, real=0.00 secs] 
2407.627: [GC (Allocation Failure) [PSYoungGen: 70528K->1376K(70144K)] 447762K->378610K(580608K), 0.0018750 secs] [Times: user=0.01 sys=0.00, real=0.00 secs] 
2407.958: [GC (Allocation Failure) [PSYoungGen: 69984K->1408K(69632K)] 447218K->378666K(580096K), 0.0025621 secs] [Times: user=0.01 sys=0.00, real=0.00 secs] 
2408.288: [GC (Allocation Failure) [PSYoungGen: 69504K->1376K(69120K)] 446762K->378634K(579584K), 0.0020857 secs] [Times: user=0.01 sys=0.00, real=0.00 secs] 
2408.453: [GC (Allocation Failure) [PSYoungGen: 68960K->1469K(68608K)] 446218K->378727K(579072K), 0.0024454 secs] [Times: user=0.02 sys=0.00, real=0.00 secs] 
2408.573: [GC (Allocation Failure) [PSYoungGen: 68541K->1501K(75776K)] 445799K->378759K(586240K), 0.0015925 secs] [Times: user=0.01 sys=0.00, real=0.00 secs] 
2408.704: [GC (Allocation Failure) [PSYoungGen: 75741K->1533K(76288K)] 452999K->378791K(586752K), 0.0016895 secs] [Times: user=0.00 sys=0.00, real=0.01 secs] 
2409.077: [GC (Allocation Failure) [PSYoungGen: 75773K->1472K(75264K)] 453031K->378730K(585728K), 0.0023880 secs] [Times: user=0.01 sys=0.00, real=0.00 secs] 
2409.870: [GC (Allocation Failure) [PSYoungGen: 75200K->1408K(74752K)] 452458K->378666K(585216K), 0.0035054 secs] [Times: user=0.01 sys=0.00, real=0.00 secs] 
2410.798: [GC (Allocation Failure) [PSYoungGen: 74624K->1344K(74240K)] 451882K->378602K(584704K), 0.0041715 secs] [Times: user=0.02 sys=0.00, real=0.00 secs] 
2411.639: [GC (Allocation Failure) [PSYoungGen: 74048K->1408K(73728K)] 451306K->378666K(584192K), 0.0030802 secs] [Times: user=0.01 sys=0.00, real=0.00 secs] 
2412.243: [GC (Allocation Failure) [PSYoungGen: 73600K->1501K(73216K)] 450858K->378759K(583680K), 0.0023986 secs] [Times: user=0.01 sys=0.00, real=0.00 secs] 
2412.403: [GC (Allocation Failure) [PSYoungGen: 73181K->1472K(72704K)] 450439K->378730K(583168K), 0.0016402 secs] [Times: user=0.00 sys=0.00, real=0.00 secs] 
2412.549: [GC (Allocation Failure) [PSYoungGen: 72640K->1453K(72192K)] 449898K->378711K(582656K), 0.0018874 secs] [Times: user=0.00 sys=0.00, real=0.00 secs] 
2412.707: [GC (Allocation Failure) [PSYoungGen: 72109K->1501K(71680K)] 449367K->378759K(582144K), 0.0018802 secs] [Times: user=0.01 sys=0.00, real=0.00 secs] 
2413.518: [GC (Allocation Failure) [PSYoungGen: 71645K->1472K(71168K)] 448903K->378730K(581632K), 0.0024067 secs] [Times: user=0.00 sys=0.00, real=0.00 secs] 
2413.808: [GC (Allocation Failure) [PSYoungGen: 71104K->1408K(70656K)] 448362K->378674K(581120K), 0.0021161 secs] [Times: user=0.01 sys=0.00, real=0.00 secs] 
2414.095: [GC (Allocation Failure) [PSYoungGen: 70528K->1408K(70144K)] 447794K->378674K(580608K), 0.0021377 secs] [Times: user=0.01 sys=0.00, real=0.01 secs] 
2414.395: [GC (Allocation Failure) [PSYoungGen: 70016K->1408K(69632K)] 447282K->378674K(580096K), 0.0020764 secs] [Times: user=0.01 sys=0.00, real=0.01 secs] 
2414.589: [GC (Allocation Failure) [PSYoungGen: 69496K->1408K(69120K)] 446763K->378674K(579584K), 0.0016686 secs] [Times: user=0.00 sys=0.01, real=0.00 secs] 
2414.728: [GC (Allocation Failure) [PSYoungGen: 68992K->1501K(68608K)] 446258K->378767K(579072K), 0.0020512 secs] [Times: user=0.01 sys=0.00, real=0.00 secs] 
2414.885: [GC (Allocation Failure) [PSYoungGen: 68564K->1501K(69120K)] 445831K->378767K(579584K), 0.0022123 secs] [Times: user=0.01 sys=0.00, real=0.01 secs] 
2415.040: [GC (Allocation Failure) [PSYoungGen: 68572K->1437K(76288K)] 445839K->378719K(586752K), 0.0017659 secs] [Times: user=0.01 sys=0.00, real=0.00 secs] 
2415.666: [GC (Allocation Failure) [PSYoungGen: 75677K->1440K(75264K)] 452959K->378722K(585728K), 0.0025020 secs] [Times: user=0.01 sys=0.00, real=0.00 secs] 
2416.444: [GC (Allocation Failure) [PSYoungGen: 75168K->1408K(74752K)] 452450K->378698K(585216K), 0.0030165 secs] [Times: user=0.01 sys=0.00, real=0.01 secs] 
2417.382: [GC (Allocation Failure) [PSYoungGen: 74624K->1376K(74240K)] 451914K->378682K(584704K), 0.0029594 secs] [Times: user=0.01 sys=0.00, real=0.00 secs] 
2418.190: [GC (Allocation Failure) [PSYoungGen: 74080K->1469K(73728K)] 451386K->378775K(584192K), 0.0041389 secs] [Times: user=0.01 sys=0.00, real=0.00 secs] 
2418.421: [GC (Allocation Failure) [PSYoungGen: 73661K->1501K(73216K)] 450967K->378807K(583680K), 0.0019104 secs] [Times: user=0.01 sys=0.00, real=0.00 secs] 
2418.549: [GC (Allocation Failure) [PSYoungGen: 73179K->1501K(72704K)] 450486K->378807K(583168K), 0.0018214 secs] [Times: user=0.01 sys=0.00, real=0.00 secs] 
2418.695: [GC (Allocation Failure) [PSYoungGen: 72669K->1501K(72192K)] 449975K->378807K(582656K), 0.0019462 secs] [Times: user=0.01 sys=0.00, real=0.01 secs] 
2418.940: [GC (Allocation Failure) [PSYoungGen: 72157K->1424K(71680K)] 449463K->378730K(582144K), 0.0021624 secs] [Times: user=0.01 sys=0.00, real=0.00 secs] 
2419.232: [GC (Allocation Failure) [PSYoungGen: 71568K->1376K(71168K)] 448874K->378682K(581632K), 0.0018836 secs] [Times: user=0.01 sys=0.00, real=0.00 secs] 
2419.521: [GC (Allocation Failure) [PSYoungGen: 71008K->1376K(70656K)] 448314K->378682K(581120K), 0.0019647 secs] [Times: user=0.01 sys=0.00, real=0.00 secs] 
2419.808: [GC (Allocation Failure) [PSYoungGen: 70496K->1344K(70144K)] 447802K->378650K(580608K), 0.0019763 secs] [Times: user=0.01 sys=0.00, real=0.00 secs] 
2420.093: [GC (Allocation Failure) [PSYoungGen: 69952K->1469K(69632K)] 447258K->378775K(580096K), 0.0026831 secs] [Times: user=0.01 sys=0.00, real=0.00 secs] 
2420.279: [GC (Allocation Failure) [PSYoungGen: 69565K->1501K(69120K)] 446871K->378807K(579584K), 0.0016403 secs] [Times: user=0.00 sys=0.00, real=0.00 secs] 
2420.398: [GC (Allocation Failure) [PSYoungGen: 69085K->1533K(68608K)] 446391K->378839K(579072K), 0.0017619 secs] [Times: user=0.00 sys=0.00, real=0.00 secs] 
2420.516: [GC (Allocation Failure) [PSYoungGen: 68584K->1501K(69120K)] 445891K->378807K(579584K), 0.0017409 secs] [Times: user=0.01 sys=0.00, real=0.00 secs] 
2421.239: [GC (Allocation Failure) [PSYoungGen: 68573K->1392K(68096K)] 445879K->378706K(578560K), 0.0043579 secs] [Times: user=0.01 sys=0.00, real=0.00 secs] 
2422.120: [GC (Allocation Failure) [PSYoungGen: 67952K->1376K(67584K)] 445266K->378690K(578048K), 0.0039086 secs] [Times: user=0.01 sys=0.00, real=0.00 secs] 
2422.861: [GC (Allocation Failure) [PSYoungGen: 67424K->1376K(67072K)] 444738K->378690K(577536K), 0.0032203 secs] [Times: user=0.01 sys=0.00, real=0.00 secs] 
2423.615: [GC (Allocation Failure) [PSYoungGen: 66912K->1408K(66560K)] 444226K->378722K(577024K), 0.0035005 secs] [Times: user=0.02 sys=0.00, real=0.01 secs] 
2424.333: [GC (Allocation Failure) [PSYoungGen: 66432K->1501K(66048K)] 443746K->378815K(576512K), 0.0024418 secs] [Times: user=0.01 sys=0.00, real=0.00 secs] 
2424.484: [GC (Allocation Failure) [PSYoungGen: 66013K->1472K(65536K)] 443327K->378786K(576000K), 0.0016957 secs] [Times: user=0.00 sys=0.00, real=0.01 secs] 
2424.597: [GC (Allocation Failure) [PSYoungGen: 65472K->1504K(65024K)] 442786K->378842K(575488K), 0.0018374 secs] [Times: user=0.01 sys=0.00, real=0.00 secs] 
2424.724: [GC (Allocation Failure) [PSYoungGen: 64992K->1517K(71680K)] 442330K->378863K(582144K), 0.0018486 secs] [Times: user=0.00 sys=0.01, real=0.01 secs] 
2426.198: [GC (Allocation Failure) [PSYoungGen: 71661K->1456K(71168K)] 449007K->378802K(581632K), 0.0050660 secs] [Times: user=0.02 sys=0.00, real=0.00 secs] 
2427.066: [GC (Allocation Failure) [PSYoungGen: 71088K->1408K(70656K)] 448434K->378754K(581120K), 0.0028040 secs] [Times: user=0.01 sys=0.00, real=0.00 secs] 
2427.875: [GC (Allocation Failure) [PSYoungGen: 70528K->1408K(70144K)] 447874K->378754K(580608K), 0.0030298 secs] [Times: user=0.01 sys=0.00, real=0.01 secs] 
2428.752: [GC (Allocation Failure) [PSYoungGen: 70016K->1344K(69632K)] 447362K->378690K(580096K), 0.0045770 secs] [Times: user=0.02 sys=0.00, real=0.01 secs] 
2429.387: [GC (Allocation Failure) [PSYoungGen: 69440K->1437K(69120K)] 446786K->378783K(579584K), 0.0027189 secs] [Times: user=0.01 sys=0.00, real=0.00 secs] 
2429.557: [GC (Allocation Failure) [PSYoungGen: 69021K->1469K(68608K)] 446367K->378815K(579072K), 0.0017345 secs] [Times: user=0.01 sys=0.00, real=0.00 secs] 
2429.675: [GC (Allocation Failure) [PSYoungGen: 68528K->1501K(68096K)] 445874K->378847K(578560K), 0.0017202 secs] [Times: user=0.01 sys=0.00, real=0.01 secs] 
2429.792: [GC (Allocation Failure) [PSYoungGen: 68061K->1517K(67584K)] 445407K->378879K(578048K), 0.0016787 secs] [Times: user=0.00 sys=0.00, real=0.00 secs] 
2430.332: [GC (Allocation Failure) [PSYoungGen: 67565K->1456K(67072K)] 444927K->378842K(577536K), 0.0021039 secs] [Times: user=0.01 sys=0.00, real=0.00 secs] 
2430.737: [GC (Allocation Failure) [PSYoungGen: 66992K->1376K(66560K)] 444378K->378762K(577024K), 0.0020993 secs] [Times: user=0.01 sys=0.00, real=0.00 secs] 
2431.039: [GC (Allocation Failure) [PSYoungGen: 66400K->1376K(66048K)] 443786K->378762K(576512K), 0.0026478 secs] [Times: user=0.01 sys=0.00, real=0.00 secs] 
2431.308: [GC (Allocation Failure) [PSYoungGen: 65888K->1408K(65536K)] 443274K->378794K(576000K), 0.0024472 secs] [Times: user=0.01 sys=0.00, real=0.00 secs] 
2431.792: [GC (Allocation Failure) [PSYoungGen: 65408K->1405K(65024K)] 442794K->378799K(575488K), 0.0030448 secs] [Times: user=0.01 sys=0.00, real=0.00 secs] 
2431.937: [GC (Allocation Failure) [PSYoungGen: 64893K->1533K(64512K)] 442287K->378927K(574976K), 0.0017310 secs] [Times: user=0.01 sys=0.00, real=0.00 secs] 
2432.065: [GC (Allocation Failure) [PSYoungGen: 64509K->1501K(65024K)] 441903K->378895K(575488K), 0.0020037 secs] [Times: user=0.01 sys=0.00, real=0.01 secs] 
2432.208: [GC (Allocation Failure) [PSYoungGen: 64471K->1501K(65024K)] 441865K->378911K(575488K), 0.0019221 secs] [Times: user=0.01 sys=0.00, real=0.00 secs] 
2432.331: [GC (Allocation Failure) [PSYoungGen: 64477K->1488K(71680K)] 441887K->378898K(582144K), 0.0048221 secs] [Times: user=0.02 sys=0.01, real=0.00 secs] 
2433.916: [GC (Allocation Failure) [PSYoungGen: 71120K->1440K(71680K)] 448530K->378850K(582144K), 0.0027527 secs] [Times: user=0.01 sys=0.00, real=0.01 secs] 
2434.505: [GC (Allocation Failure) [PSYoungGen: 71072K->1424K(79872K)] 448482K->378834K(590336K), 0.0469877 secs] [Times: user=0.17 sys=0.06, real=0.05 secs] 
2435.280: [GC (Allocation Failure) [PSYoungGen: 79248K->1408K(79872K)] 456658K->378818K(590336K), 0.0045079 secs] [Times: user=0.02 sys=0.00, real=0.00 secs] 
2436.010: [GC (Allocation Failure) [PSYoungGen: 79232K->1488K(89600K)] 456642K->378906K(600064K), 0.0028720 secs] [Times: user=0.01 sys=0.00, real=0.00 secs] 
2436.236: [GC (Allocation Failure) [PSYoungGen: 89552K->1568K(90624K)] 466970K->378986K(601088K), 0.0019581 secs] [Times: user=0.01 sys=0.00, real=0.01 secs] 
2436.391: [GC (Allocation Failure) [PSYoungGen: 90144K->1533K(101376K)] 467562K->378967K(611840K), 0.0020046 secs] [Times: user=0.01 sys=0.00, real=0.00 secs] 
2437.100: [GC (Allocation Failure) [PSYoungGen: 100861K->1472K(101376K)] 478295K->378906K(611840K), 0.0022944 secs] [Times: user=0.01 sys=0.00, real=0.00 secs] 
2438.418: [GC (Allocation Failure) [PSYoungGen: 100800K->1408K(111104K)] 478234K->378858K(621568K), 0.0083805 secs] [Times: user=0.03 sys=0.00, real=0.01 secs] 
2439.374: [GC (Allocation Failure) [PSYoungGen: 110976K->1376K(110080K)] 488426K->378826K(620544K), 0.0039178 secs] [Times: user=0.01 sys=0.00, real=0.01 secs] 
2439.954: [GC (Allocation Failure) [PSYoungGen: 109920K->1453K(109056K)] 487370K->378903K(619520K), 0.0016367 secs] [Times: user=0.01 sys=0.00, real=0.01 secs] 
2440.143: [GC (Allocation Failure) [PSYoungGen: 108973K->1536K(108544K)] 486423K->378986K(619008K), 0.0016895 secs] [Times: user=0.00 sys=0.00, real=0.00 secs] 
2440.549: [GC (Allocation Failure) [PSYoungGen: 108032K->448K(105984K)] 485482K->378922K(616448K), 0.0021656 secs] [Times: user=0.01 sys=0.00, real=0.00 secs] 
2441.676: [GC (Allocation Failure) [PSYoungGen: 105920K->416K(106496K)] 484394K->378890K(616960K), 0.0042226 secs] [Times: user=0.02 sys=0.00, real=0.00 secs] 
2442.662: [GC (Allocation Failure) [PSYoungGen: 104864K->352K(103936K)] 483338K->378826K(614400K), 0.0029863 secs] [Times: user=0.02 sys=0.00, real=0.00 secs] 
2443.667: [GC (Allocation Failure) [PSYoungGen: 103776K->1533K(104448K)] 482250K->380007K(614912K), 0.0021442 secs] [Times: user=0.01 sys=0.00, real=0.00 secs] 
2443.864: [GC (Allocation Failure) [PSYoungGen: 103933K->1581K(103424K)] 482407K->380055K(613888K), 0.0018073 secs] [Times: user=0.01 sys=0.00, real=0.00 secs] 
2444.042: [GC (Allocation Failure) [PSYoungGen: 102957K->1472K(101888K)] 481431K->379946K(612352K), 0.0017178 secs] [Times: user=0.01 sys=0.00, real=0.00 secs] 
2445.200: [GC (Allocation Failure) [PSYoungGen: 101824K->1440K(100864K)] 480298K->379914K(611328K), 0.0023010 secs] [Times: user=0.01 sys=0.00, real=0.00 secs] 
2446.116: [GC (Allocation Failure) [PSYoungGen: 100768K->1376K(99840K)] 479242K->379850K(610304K), 0.0029582 secs] [Times: user=0.01 sys=0.00, real=0.00 secs] 
2446.909: [GC (Allocation Failure) [PSYoungGen: 99680K->1405K(98816K)] 478154K->379879K(609280K), 0.0021900 secs] [Times: user=0.01 sys=0.00, real=0.00 secs] 
2447.102: [GC (Allocation Failure) [PSYoungGen: 98685K->1568K(98304K)] 477159K->380042K(608768K), 0.0018765 secs] [Times: user=0.01 sys=0.00, real=0.00 secs] 
2447.270: [GC (Allocation Failure) [PSYoungGen: 97824K->509K(95744K)] 476298K->380007K(606208K), 0.0017908 secs] [Times: user=0.01 sys=0.00, real=0.00 secs] 
2447.621: [GC (Allocation Failure) [PSYoungGen: 95741K->1472K(96768K)] 475239K->380970K(607232K), 0.0018908 secs] [Times: user=0.01 sys=0.00, real=0.00 secs] 
2448.205: [GC (Allocation Failure) [PSYoungGen: 95680K->1360K(94720K)] 475178K->380858K(605184K), 0.0026583 secs] [Times: user=0.01 sys=0.00, real=0.01 secs] 
2449.182: [GC (Allocation Failure) [PSYoungGen: 94544K->1408K(93696K)] 474042K->380906K(604160K), 0.0030216 secs] [Times: user=0.01 sys=0.00, real=0.00 secs] 
2449.937: [GC (Allocation Failure) [PSYoungGen: 93568K->1501K(92672K)] 473066K->380999K(603136K), 0.0022488 secs] [Times: user=0.01 sys=0.00, real=0.00 secs] 
2450.178: [GC (Allocation Failure) [PSYoungGen: 92606K->1533K(91648K)] 472105K->381031K(602112K), 0.0022985 secs] [Times: user=0.01 sys=0.00, real=0.00 secs] 
2450.345: [GC (Allocation Failure) [PSYoungGen: 91645K->1501K(90624K)] 471143K->381023K(601088K), 0.0016783 secs] [Times: user=0.00 sys=0.00, real=0.01 secs] 
2451.418: [GC (Allocation Failure) [PSYoungGen: 90589K->1408K(89600K)] 470111K->380930K(600064K), 0.0049210 secs] [Times: user=0.02 sys=0.00, real=0.00 secs] 
2452.693: [GC (Allocation Failure) [PSYoungGen: 89472K->1408K(88576K)] 468994K->380930K(599040K), 0.0025593 secs] [Times: user=0.01 sys=0.00, real=0.00 secs] 
2453.795: [GC (Allocation Failure) [PSYoungGen: 88448K->1440K(88064K)] 467970K->380962K(598528K), 0.0049185 secs] [Times: user=0.02 sys=0.00, real=0.01 secs] 
2454.504: [GC (Allocation Failure) [PSYoungGen: 87968K->1517K(87552K)] 467490K->381039K(598016K), 0.0022215 secs] [Times: user=0.01 sys=0.00, real=0.00 secs] 
2454.681: [GC (Allocation Failure) [PSYoungGen: 87533K->1485K(87040K)] 467055K->381007K(597504K), 0.0018704 secs] [Times: user=0.01 sys=0.00, real=0.00 secs] 
2454.830: [GC (Allocation Failure) [PSYoungGen: 86989K->1504K(86528K)] 466511K->381058K(596992K), 0.0017591 secs] [Times: user=0.00 sys=0.00, real=0.00 secs] 
2455.371: [GC (Allocation Failure) [PSYoungGen: 86496K->1456K(86016K)] 466050K->381010K(596480K), 0.0021986 secs] [Times: user=0.01 sys=0.00, real=0.00 secs] 
2456.332: [GC (Allocation Failure) [PSYoungGen: 85936K->1408K(85504K)] 465490K->380962K(595968K), 0.0023626 secs] [Times: user=0.01 sys=0.00, real=0.00 secs] 
2457.465: [GC (Allocation Failure) [PSYoungGen: 85376K->1408K(84992K)] 464930K->380962K(595456K), 0.0043845 secs] [Times: user=0.02 sys=0.01, real=0.01 secs] 
2458.338: [GC (Allocation Failure) [PSYoungGen: 84864K->1469K(84480K)] 464418K->381023K(594944K), 0.0026337 secs] [Times: user=0.01 sys=0.00, real=0.00 secs] 
2458.538: [GC (Allocation Failure) [PSYoungGen: 84413K->1469K(83968K)] 463967K->381023K(594432K), 0.0018079 secs] [Times: user=0.01 sys=0.00, real=0.00 secs] 
2458.682: [GC (Allocation Failure) [PSYoungGen: 83901K->1533K(83456K)] 463455K->381087K(593920K), 0.0016605 secs] [Times: user=0.00 sys=0.00, real=0.00 secs] 
2458.826: [GC (Allocation Failure) [PSYoungGen: 83453K->1501K(82944K)] 463007K->381055K(593408K), 0.0017809 secs] [Times: user=0.00 sys=0.00, real=0.01 secs] 
2459.810: [GC (Allocation Failure) [PSYoungGen: 82909K->1376K(82432K)] 462463K->380930K(592896K), 0.0043200 secs] [Times: user=0.02 sys=0.00, real=0.00 secs] 
2460.559: [GC (Allocation Failure) [PSYoungGen: 82272K->1376K(81920K)] 461826K->380930K(592384K), 0.0025678 secs] [Times: user=0.01 sys=0.00, real=0.00 secs] 
2461.458: [GC (Allocation Failure) [PSYoungGen: 81760K->1376K(81408K)] 461314K->380930K(591872K), 0.0026749 secs] [Times: user=0.01 sys=0.00, real=0.00 secs] 
2462.084: [GC (Allocation Failure) [PSYoungGen: 81248K->1469K(80896K)] 460802K->381031K(591360K), 0.0021509 secs] [Times: user=0.01 sys=0.00, real=0.01 secs] 
2462.236: [GC (Allocation Failure) [PSYoungGen: 80829K->1501K(80384K)] 460391K->381063K(590848K), 0.0016547 secs] [Times: user=0.00 sys=0.00, real=0.00 secs] 
2462.374: [GC (Allocation Failure) [PSYoungGen: 80349K->1485K(79872K)] 459911K->381047K(590336K), 0.0023976 secs] [Times: user=0.01 sys=0.00, real=0.01 secs] 
2462.656: [GC (Allocation Failure) [PSYoungGen: 79821K->1488K(79360K)] 459383K->381050K(589824K), 0.0021859 secs] [Times: user=0.01 sys=0.00, real=0.01 secs] 
2463.006: [GC (Allocation Failure) [PSYoungGen: 79312K->1376K(78848K)] 458874K->380938K(589312K), 0.0019927 secs] [Times: user=0.00 sys=0.00, real=0.00 secs] 
2463.365: [GC (Allocation Failure) [PSYoungGen: 78688K->1376K(78336K)] 458250K->380938K(588800K), 0.0019063 secs] [Times: user=0.00 sys=0.00, real=0.01 secs] 
2463.684: [GC (Allocation Failure) [PSYoungGen: 78176K->1408K(77824K)] 457738K->380970K(588288K), 0.0020317 secs] [Times: user=0.00 sys=0.00, real=0.00 secs] 
2463.927: [GC (Allocation Failure) [PSYoungGen: 77696K->1472K(77312K)] 457258K->381034K(587776K), 0.0016556 secs] [Times: user=0.00 sys=0.00, real=0.00 secs] 
2464.060: [GC (Allocation Failure) [PSYoungGen: 77248K->1549K(77312K)] 456810K->381111K(587776K), 0.0017575 secs] [Times: user=0.01 sys=0.00, real=0.00 secs] 
2464.191: [GC (Allocation Failure) [PSYoungGen: 76813K->493K(75264K)] 456375K->381079K(585728K), 0.0016578 secs] [Times: user=0.01 sys=0.00, real=0.00 secs] 
2464.968: [GC (Allocation Failure) [PSYoungGen: 75245K->1952K(76288K)] 455831K->382538K(586752K), 0.0045887 secs] [Times: user=0.02 sys=0.00, real=0.00 secs] 
2466.467: [GC (Allocation Failure) [PSYoungGen: 76192K->1376K(75264K)] 456778K->381962K(585728K), 0.0033839 secs] [Times: user=0.01 sys=0.00, real=0.00 secs] 
2467.057: [GC (Allocation Failure) [PSYoungGen: 75104K->1408K(74752K)] 455690K->381994K(585216K), 0.0028874 secs] [Times: user=0.01 sys=0.00, real=0.00 secs] 
2467.776: [GC (Allocation Failure) [PSYoungGen: 74624K->1440K(74240K)] 455210K->382026K(584704K), 0.0029457 secs] [Times: user=0.01 sys=0.00, real=0.00 secs] 
2468.326: [GC (Allocation Failure) [PSYoungGen: 74144K->1469K(73728K)] 454730K->382055K(584192K), 0.0025849 secs] [Times: user=0.01 sys=0.00, real=0.00 secs] 
2468.495: [GC (Allocation Failure) [PSYoungGen: 73661K->1533K(73216K)] 454247K->382143K(583680K), 0.0017299 secs] [Times: user=0.01 sys=0.00, real=0.01 secs] 
2468.620: [GC (Allocation Failure) [PSYoungGen: 73204K->1469K(72704K)] 453815K->382079K(583168K), 0.0017606 secs] [Times: user=0.01 sys=0.00, real=0.00 secs] 
2468.746: [GC (Allocation Failure) [PSYoungGen: 72637K->1517K(72192K)] 453247K->382127K(582656K), 0.0016053 secs] [Times: user=0.01 sys=0.00, real=0.00 secs] 
2469.801: [GC (Allocation Failure) [PSYoungGen: 72173K->1440K(71680K)] 452783K->382050K(582144K), 0.0026945 secs] [Times: user=0.01 sys=0.00, real=0.00 secs] 
2470.514: [GC (Allocation Failure) [PSYoungGen: 71584K->1408K(71168K)] 452194K->382018K(581632K), 0.0029080 secs] [Times: user=0.01 sys=0.00, real=0.01 secs] 
2471.303: [GC (Allocation Failure) [PSYoungGen: 71040K->1376K(70656K)] 451650K->381986K(581120K), 0.0027802 secs] [Times: user=0.01 sys=0.00, real=0.01 secs] 
2472.033: [GC (Allocation Failure) [PSYoungGen: 70496K->1424K(70144K)] 451106K->382034K(580608K), 0.0029299 secs] [Times: user=0.02 sys=0.00, real=0.01 secs] 
2472.512: [GC (Allocation Failure) [PSYoungGen: 70032K->1469K(69632K)] 450642K->382079K(580096K), 0.0024200 secs] [Times: user=0.01 sys=0.00, real=0.00 secs] 
2472.661: [GC (Allocation Failure) [PSYoungGen: 69565K->1504K(69120K)] 450175K->382114K(579584K), 0.0017520 secs] [Times: user=0.00 sys=0.00, real=0.00 secs] 
2472.799: [GC (Allocation Failure) [PSYoungGen: 69088K->1485K(68608K)] 449698K->382095K(579072K), 0.0022494 secs] [Times: user=0.00 sys=0.00, real=0.00 secs] 
2472.952: [GC (Allocation Failure) [PSYoungGen: 68557K->1472K(68096K)] 449167K->382098K(578560K), 0.0016688 secs] [Times: user=0.00 sys=0.00, real=0.00 secs] 
2473.209: [GC (Allocation Failure) [PSYoungGen: 68032K->1408K(67584K)] 448658K->382034K(578048K), 0.0030622 secs] [Times: user=0.01 sys=0.01, real=0.00 secs] 
2473.498: [GC (Allocation Failure) [PSYoungGen: 67456K->1376K(67072K)] 448082K->382002K(577536K), 0.0019297 secs] [Times: user=0.01 sys=0.00, real=0.00 secs] 
2474.024: [GC (Allocation Failure) [PSYoungGen: 66912K->1440K(66560K)] 447538K->382066K(577024K), 0.0021230 secs] [Times: user=0.01 sys=0.00, real=0.00 secs] 
2474.626: [GC (Allocation Failure) [PSYoungGen: 66464K->1376K(66048K)] 447090K->382002K(576512K), 0.0042830 secs] [Times: user=0.02 sys=0.00, real=0.00 secs] 
2475.097: [GC (Allocation Failure) [PSYoungGen: 65888K->1437K(65536K)] 446514K->382063K(576000K), 0.0024034 secs] [Times: user=0.01 sys=0.00, real=0.00 secs] 
2475.238: [GC (Allocation Failure) [PSYoungGen: 65437K->1485K(65024K)] 446063K->382111K(575488K), 0.0015836 secs] [Times: user=0.00 sys=0.00, real=0.00 secs] 
2475.349: [GC (Allocation Failure) [PSYoungGen: 64973K->1533K(64512K)] 445599K->382159K(574976K), 0.0018148 secs] [Times: user=0.00 sys=0.00, real=0.00 secs] 
2475.477: [GC (Allocation Failure) [PSYoungGen: 64509K->1501K(71168K)] 445135K->382143K(581632K), 0.0019000 secs] [Times: user=0.01 sys=0.00, real=0.00 secs] 
2476.711: [GC (Allocation Failure) [PSYoungGen: 71133K->1424K(70656K)] 451775K->382066K(581120K), 0.0047233 secs] [Times: user=0.02 sys=0.00, real=0.01 secs] 
2478.023: [GC (Allocation Failure) [PSYoungGen: 70544K->1408K(70144K)] 451186K->382050K(580608K), 0.0048436 secs] [Times: user=0.02 sys=0.00, real=0.01 secs] 
2478.378: [GC (Allocation Failure) [PSYoungGen: 70016K->1408K(69632K)] 450658K->382066K(580096K), 0.0022970 secs] [Times: user=0.01 sys=0.00, real=0.00 secs] 
2478.811: [GC (Allocation Failure) [PSYoungGen: 69504K->1408K(69120K)] 450162K->382066K(579584K), 0.0020995 secs] [Times: user=0.00 sys=0.00, real=0.00 secs] 
2479.169: [GC (Allocation Failure) [PSYoungGen: 68992K->1501K(68608K)] 449650K->382159K(579072K), 0.0018844 secs] [Times: user=0.01 sys=0.00, real=0.00 secs] 
2479.288: [GC (Allocation Failure) [PSYoungGen: 68573K->1517K(68096K)] 449231K->382175K(578560K), 0.0016001 secs] [Times: user=0.01 sys=0.00, real=0.00 secs] 
2479.405: [GC (Allocation Failure) [PSYoungGen: 68077K->1517K(67584K)] 448735K->382175K(578048K), 0.0019524 secs] [Times: user=0.01 sys=0.00, real=0.01 secs] 
2479.540: [GC (Allocation Failure) [PSYoungGen: 67565K->1533K(69632K)] 448223K->382207K(580096K), 0.0018334 secs] [Times: user=0.00 sys=0.00, real=0.00 secs] 
2480.078: [GC (Allocation Failure) [PSYoungGen: 69629K->1456K(69120K)] 450303K->382130K(579584K), 0.0019651 secs] [Times: user=0.00 sys=0.00, real=0.00 secs] 
2480.995: [GC (Allocation Failure) [PSYoungGen: 69040K->1344K(68608K)] 449714K->382018K(579072K), 0.0048410 secs] [Times: user=0.02 sys=0.00, real=0.01 secs] 
2481.696: [GC (Allocation Failure) [PSYoungGen: 68416K->1408K(68096K)] 449090K->382082K(578560K), 0.0033258 secs] [Times: user=0.01 sys=0.00, real=0.00 secs] 
2482.286: [GC (Allocation Failure) [PSYoungGen: 67968K->1376K(67584K)] 448642K->382050K(578048K), 0.0029072 secs] [Times: user=0.01 sys=0.00, real=0.00 secs] 
2482.697: [GC (Allocation Failure) [PSYoungGen: 67424K->1501K(67072K)] 448098K->382175K(577536K), 0.0021680 secs] [Times: user=0.01 sys=0.00, real=0.00 secs] 
2482.834: [GC (Allocation Failure) [PSYoungGen: 67037K->1501K(66560K)] 447711K->382175K(577024K), 0.0017842 secs] [Times: user=0.01 sys=0.00, real=0.00 secs] 
2482.948: [GC (Allocation Failure) [PSYoungGen: 66525K->1501K(66048K)] 447199K->382175K(576512K), 0.0017083 secs] [Times: user=0.01 sys=0.00, real=0.00 secs] 
2483.065: [GC (Allocation Failure) [PSYoungGen: 66013K->1517K(66560K)] 446687K->382199K(577024K), 0.0014528 secs] [Times: user=0.01 sys=0.00, real=0.01 secs] 
2483.373: [GC (Allocation Failure) [PSYoungGen: 66029K->1408K(65536K)] 446711K->382098K(576000K), 0.0019579 secs] [Times: user=0.00 sys=0.00, real=0.00 secs] 
2483.817: [GC (Allocation Failure) [PSYoungGen: 65408K->1344K(65024K)] 446098K->382034K(575488K), 0.0018952 secs] [Times: user=0.01 sys=0.00, real=0.00 secs] 
2484.109: [GC (Allocation Failure) [PSYoungGen: 64832K->1376K(64512K)] 445522K->382066K(574976K), 0.0020274 secs] [Times: user=0.01 sys=0.00, real=0.00 secs] 
2484.371: [GC (Allocation Failure) [PSYoungGen: 64352K->1344K(64000K)] 445042K->382034K(574464K), 0.0019336 secs] [Times: user=0.01 sys=0.00, real=0.00 secs] 
2484.630: [GC (Allocation Failure) [PSYoungGen: 63808K->1424K(63488K)] 444498K->382114K(573952K), 0.0019922 secs] [Times: user=0.01 sys=0.00, real=0.00 secs] 
2484.768: [GC (Allocation Failure) [PSYoungGen: 63376K->1533K(62976K)] 444066K->382223K(573440K), 0.0016623 secs] [Times: user=0.01 sys=0.00, real=0.00 secs] 
2484.877: [GC (Allocation Failure) [PSYoungGen: 62973K->1501K(63488K)] 443663K->382191K(573952K), 0.0016736 secs] [Times: user=0.01 sys=0.00, real=0.00 secs] 
2484.986: [GC (Allocation Failure) [PSYoungGen: 62941K->1533K(69632K)] 443631K->382231K(580096K), 0.0015937 secs] [Times: user=0.01 sys=0.00, real=0.01 secs] 
2485.105: [GC (Allocation Failure) [PSYoungGen: 69117K->1501K(69632K)] 449815K->382199K(580096K), 0.0016065 secs] [Times: user=0.00 sys=0.00, real=0.01 secs] 
2485.763: [GC (Allocation Failure) [PSYoungGen: 69085K->1440K(68608K)] 449783K->382162K(579072K), 0.0022920 secs] [Times: user=0.01 sys=0.00, real=0.00 secs] 
2486.664: [GC (Allocation Failure) [PSYoungGen: 68512K->1456K(68096K)] 449234K->382178K(578560K), 0.0064249 secs] [Times: user=0.01 sys=0.02, real=0.01 secs] 
2487.502: [GC (Allocation Failure) [PSYoungGen: 68016K->1376K(67584K)] 448738K->382098K(578048K), 0.0029966 secs] [Times: user=0.01 sys=0.01, real=0.00 secs] 
2488.080: [GC (Allocation Failure) [PSYoungGen: 67424K->1376K(67072K)] 448146K->382098K(577536K), 0.0040294 secs] [Times: user=0.01 sys=0.00, real=0.00 secs] 
2488.525: [GC (Allocation Failure) [PSYoungGen: 66912K->1501K(66560K)] 447634K->382223K(577024K), 0.0021181 secs] [Times: user=0.01 sys=0.00, real=0.01 secs] 
2488.657: [GC (Allocation Failure) [PSYoungGen: 66525K->1501K(66048K)] 447247K->382223K(576512K), 0.0016493 secs] [Times: user=0.00 sys=0.00, real=0.00 secs] 
2488.771: [GC (Allocation Failure) [PSYoungGen: 66013K->1533K(65536K)] 446735K->382279K(576000K), 0.0017499 secs] [Times: user=0.01 sys=0.00, real=0.00 secs] 
2488.884: [GC (Allocation Failure) [PSYoungGen: 65533K->1485K(72192K)] 446279K->382231K(582656K), 0.0018122 secs] [Times: user=0.01 sys=0.00, real=0.01 secs] 
2489.995: [GC (Allocation Failure) [PSYoungGen: 72141K->1456K(71680K)] 452887K->382202K(582144K), 0.0026293 secs] [Times: user=0.01 sys=0.00, real=0.01 secs] 
2491.042: [GC (Allocation Failure) [PSYoungGen: 71600K->1376K(71168K)] 452346K->382122K(581632K), 0.0026818 secs] [Times: user=0.01 sys=0.00, real=0.00 secs] 
2492.089: [GC (Allocation Failure) [PSYoungGen: 71008K->1408K(70656K)] 451754K->382154K(581120K), 0.0027372 secs] [Times: user=0.01 sys=0.00, real=0.00 secs] 
2493.223: [GC (Allocation Failure) [PSYoungGen: 70528K->1440K(70144K)] 451274K->382186K(580608K), 0.0034816 secs] [Times: user=0.01 sys=0.00, real=0.01 secs] 
2493.955: [GC (Allocation Failure) [PSYoungGen: 70048K->1501K(69632K)] 450794K->382247K(580096K), 0.0023980 secs] [Times: user=0.01 sys=0.00, real=0.01 secs] 
2494.103: [GC (Allocation Failure) [PSYoungGen: 69597K->1517K(69120K)] 450343K->382263K(579584K), 0.0016965 secs] [Times: user=0.01 sys=0.00, real=0.00 secs] 
2494.224: [GC (Allocation Failure) [PSYoungGen: 69101K->1504K(68608K)] 449847K->382274K(579072K), 0.0016359 secs] [Times: user=0.00 sys=0.00, real=0.00 secs] 
2494.344: [GC (Allocation Failure) [PSYoungGen: 68576K->1501K(68096K)] 449346K->382295K(578560K), 0.0017519 secs] [Times: user=0.01 sys=0.00, real=0.00 secs] 
2495.868: [GC (Allocation Failure) [PSYoungGen: 68061K->1440K(67584K)] 448855K->382234K(578048K), 0.0026665 secs] [Times: user=0.01 sys=0.00, real=0.00 secs] 
2496.400: [GC (Allocation Failure) [PSYoungGen: 67488K->1408K(67072K)] 448282K->382202K(577536K), 0.0027678 secs] [Times: user=0.01 sys=0.00, real=0.00 secs] 
2496.896: [GC (Allocation Failure) [PSYoungGen: 66944K->1408K(66560K)] 447738K->382202K(577024K), 0.0025144 secs] [Times: user=0.01 sys=0.00, real=0.00 secs] 
2497.409: [GC (Allocation Failure) [PSYoungGen: 66432K->1408K(66048K)] 447226K->382202K(576512K), 0.0027564 secs] [Times: user=0.01 sys=0.00, real=0.00 secs] 
2497.751: [GC (Allocation Failure) [PSYoungGen: 65920K->1437K(65536K)] 446714K->382231K(576000K), 0.0018937 secs] [Times: user=0.01 sys=0.00, real=0.00 secs] 
2497.874: [GC (Allocation Failure) [PSYoungGen: 65437K->1501K(65024K)] 446231K->382295K(575488K), 0.0016935 secs] [Times: user=0.01 sys=0.00, real=0.00 secs] 
2497.986: [GC (Allocation Failure) [PSYoungGen: 64989K->1485K(64512K)] 445783K->382279K(574976K), 0.0015971 secs] [Times: user=0.00 sys=0.00, real=0.01 secs] 
2498.096: [GC (Allocation Failure) [PSYoungGen: 64461K->1504K(65536K)] 445255K->382314K(576000K), 0.0016698 secs] [Times: user=0.01 sys=0.00, real=0.00 secs] 
2498.524: [GC (Allocation Failure) [PSYoungGen: 64992K->1440K(64512K)] 445802K->382250K(574976K), 0.0021785 secs] [Times: user=0.01 sys=0.00, real=0.01 secs] 
2499.170: [GC (Allocation Failure) [PSYoungGen: 64416K->1344K(64000K)] 445226K->382178K(574464K), 0.0024014 secs] [Times: user=0.01 sys=0.01, real=0.00 secs] 
2499.935: [GC (Allocation Failure) [PSYoungGen: 63808K->1424K(63488K)] 444642K->382258K(573952K), 0.0023529 secs] [Times: user=0.01 sys=0.00, real=0.01 secs] 
2500.457: [GC (Allocation Failure) [PSYoungGen: 63376K->1408K(62976K)] 444210K->382242K(573440K), 0.0024232 secs] [Times: user=0.01 sys=0.00, real=0.00 secs] 
2500.918: [GC (Allocation Failure) [PSYoungGen: 62848K->1408K(62464K)] 443682K->382242K(572928K), 0.0023592 secs] [Times: user=0.01 sys=0.00, real=0.00 secs] 
2501.149: [GC (Allocation Failure) [PSYoungGen: 62336K->1488K(61952K)] 443170K->382322K(572416K), 0.0019594 secs] [Times: user=0.01 sys=0.00, real=0.00 secs] 
2501.257: [GC (Allocation Failure) [PSYoungGen: 61904K->1501K(61440K)] 442738K->382335K(571904K), 0.0016690 secs] [Times: user=0.01 sys=0.00, real=0.00 secs] 
2501.362: [GC (Allocation Failure) [PSYoungGen: 61405K->1437K(68096K)] 442239K->382287K(578560K), 0.0015509 secs] [Times: user=0.00 sys=0.00, real=0.00 secs] 
2501.480: [GC (Allocation Failure) [PSYoungGen: 67485K->1469K(68096K)] 448335K->382327K(578560K), 0.0018048 secs] [Times: user=0.00 sys=0.00, real=0.00 secs] 
2502.164: [GC (Allocation Failure) [PSYoungGen: 67517K->1472K(67072K)] 448375K->382330K(577536K), 0.0019757 secs] [Times: user=0.01 sys=0.00, real=0.01 secs] 
2502.491: [GC (Allocation Failure) [PSYoungGen: 67008K->1440K(66560K)] 447866K->382298K(577024K), 0.0018839 secs] [Times: user=0.01 sys=0.00, real=0.00 secs] 
2502.828: [GC (Allocation Failure) [PSYoungGen: 66464K->1408K(66048K)] 447322K->382266K(576512K), 0.0021811 secs] [Times: user=0.01 sys=0.00, real=0.00 secs] 
2503.128: [GC (Allocation Failure) [PSYoungGen: 65920K->1440K(65536K)] 446778K->382298K(576000K), 0.0021377 secs] [Times: user=0.01 sys=0.00, real=0.00 secs] 
2503.444: [GC (Allocation Failure) [PSYoungGen: 65440K->1485K(65024K)] 446298K->382343K(575488K), 0.0018714 secs] [Times: user=0.00 sys=0.00, real=0.01 secs] 
2503.561: [GC (Allocation Failure) [PSYoungGen: 64973K->1485K(65536K)] 445831K->382343K(576000K), 0.0022367 secs] [Times: user=0.00 sys=0.00, real=0.00 secs] 
2503.706: [GC (Allocation Failure) [PSYoungGen: 64973K->1485K(65536K)] 445831K->382351K(576000K), 0.0021122 secs] [Times: user=0.01 sys=0.00, real=0.00 secs] 
2503.857: [GC (Allocation Failure) [PSYoungGen: 64973K->1549K(72192K)] 445839K->382415K(582656K), 0.0015436 secs] [Times: user=0.01 sys=0.01, real=0.00 secs] 
2505.254: [GC (Allocation Failure) [PSYoungGen: 71693K->1472K(71168K)] 452559K->382338K(581632K), 0.0035683 secs] [Times: user=0.02 sys=0.00, real=0.01 secs] 
2505.933: [GC (Allocation Failure) [PSYoungGen: 71104K->1408K(70656K)] 451970K->382274K(581120K), 0.0030661 secs] [Times: user=0.01 sys=0.00, real=0.01 secs] 
2506.534: [GC (Allocation Failure) [PSYoungGen: 70528K->1408K(70144K)] 451394K->382274K(580608K), 0.0028637 secs] [Times: user=0.01 sys=0.00, real=0.01 secs] 
2507.190: [GC (Allocation Failure) [PSYoungGen: 70016K->1408K(69632K)] 450882K->382274K(580096K), 0.0025630 secs] [Times: user=0.01 sys=0.00, real=0.00 secs] 
2507.673: [GC (Allocation Failure) [PSYoungGen: 69504K->1533K(69120K)] 450370K->382399K(579584K), 0.0021466 secs] [Times: user=0.00 sys=0.00, real=0.00 secs] 
2507.815: [GC (Allocation Failure) [PSYoungGen: 69117K->1565K(69120K)] 449983K->382431K(579584K), 0.0017124 secs] [Times: user=0.01 sys=0.00, real=0.01 secs] 
2507.932: [GC (Allocation Failure) [PSYoungGen: 68614K->1533K(68096K)] 449481K->382431K(578560K), 0.0017843 secs] [Times: user=0.01 sys=0.00, real=0.00 secs] 
2508.050: [GC (Allocation Failure) [PSYoungGen: 68093K->1501K(68608K)] 448991K->382407K(579072K), 0.0017529 secs] [Times: user=0.01 sys=0.00, real=0.00 secs] 
2508.889: [GC (Allocation Failure) [PSYoungGen: 68573K->1392K(68096K)] 449479K->382298K(578560K), 0.0029775 secs] [Times: user=0.01 sys=0.00, real=0.00 secs] 
2509.523: [GC (Allocation Failure) [PSYoungGen: 67952K->1376K(67584K)] 448858K->382282K(578048K), 0.0033580 secs] [Times: user=0.01 sys=0.00, real=0.01 secs] 
2510.098: [GC (Allocation Failure) [PSYoungGen: 67424K->1376K(67072K)] 448330K->382282K(577536K), 0.0033636 secs] [Times: user=0.01 sys=0.00, real=0.00 secs] 
2510.644: [GC (Allocation Failure) [PSYoungGen: 66912K->1344K(66560K)] 447818K->382250K(577024K), 0.0030774 secs] [Times: user=0.01 sys=0.00, real=0.01 secs] 
2510.907: [GC (Allocation Failure) [PSYoungGen: 66368K->1437K(66048K)] 447274K->382343K(576512K), 0.0019708 secs] [Times: user=0.01 sys=0.00, real=0.00 secs] 
2511.026: [GC (Allocation Failure) [PSYoungGen: 65949K->1437K(65536K)] 446855K->382343K(576000K), 0.0016568 secs] [Times: user=0.01 sys=0.00, real=0.00 secs] 
2511.140: [GC (Allocation Failure) [PSYoungGen: 65437K->1501K(65024K)] 446343K->382407K(575488K), 0.0016520 secs] [Times: user=0.00 sys=0.00, real=0.00 secs] 
2511.252: [GC (Allocation Failure) [PSYoungGen: 64989K->1469K(65536K)] 445895K->382391K(576000K), 0.0016632 secs] [Times: user=0.01 sys=0.00, real=0.00 secs] 
2511.865: [GC (Allocation Failure) [PSYoungGen: 64957K->1424K(64512K)] 445879K->382346K(574976K), 0.0044063 secs] [Times: user=0.02 sys=0.00, real=0.01 secs] 
2512.844: [GC (Allocation Failure) [PSYoungGen: 64400K->1376K(64000K)] 445322K->382298K(574464K), 0.0024803 secs] [Times: user=0.01 sys=0.00, real=0.01 secs] 
2513.145: [GC (Allocation Failure) [PSYoungGen: 63840K->1440K(63488K)] 444762K->382362K(573952K), 0.0020880 secs] [Times: user=0.01 sys=0.00, real=0.01 secs] 
2513.662: [GC (Allocation Failure) [PSYoungGen: 63392K->1440K(62976K)] 444314K->382362K(573440K), 0.0023700 secs] [Times: user=0.01 sys=0.00, real=0.00 secs] 
2514.205: [GC (Allocation Failure) [PSYoungGen: 62880K->1408K(62464K)] 443802K->382330K(572928K), 0.0033011 secs] [Times: user=0.02 sys=0.00, real=0.01 secs] 
2514.550: [GC (Allocation Failure) [PSYoungGen: 62336K->1517K(61952K)] 443258K->382439K(572416K), 0.0022792 secs] [Times: user=0.01 sys=0.00, real=0.00 secs] 
2514.681: [GC (Allocation Failure) [PSYoungGen: 61933K->1549K(61952K)] 442855K->382471K(572416K), 0.0017408 secs] [Times: user=0.00 sys=0.00, real=0.00 secs] 
2514.787: [GC (Allocation Failure) [PSYoungGen: 61453K->1469K(60928K)] 442375K->382399K(571392K), 0.0015703 secs] [Times: user=0.01 sys=0.00, real=0.00 secs] 
2514.892: [GC (Allocation Failure) [PSYoungGen: 60861K->1536K(61952K)] 441791K->382466K(572416K), 0.0017059 secs] [Times: user=0.01 sys=0.00, real=0.00 secs] 
2515.508: [GC (Allocation Failure) [PSYoungGen: 61440K->1440K(60928K)] 442370K->382370K(571392K), 0.0021493 secs] [Times: user=0.01 sys=0.00, real=0.00 secs] 
2515.776: [GC (Allocation Failure) [PSYoungGen: 60832K->1392K(60416K)] 441762K->382322K(570880K), 0.0022082 secs] [Times: user=0.00 sys=0.00, real=0.01 secs] 
2516.021: [GC (Allocation Failure) [PSYoungGen: 60272K->1344K(60416K)] 441202K->382274K(570880K), 0.0027036 secs] [Times: user=0.01 sys=0.00, real=0.00 secs] 
2516.433: [GC (Allocation Failure) [PSYoungGen: 60224K->1376K(60416K)] 441154K->382306K(570880K), 0.0027268 secs] [Times: user=0.01 sys=0.00, real=0.01 secs] 
2516.849: [GC (Allocation Failure) [PSYoungGen: 60256K->1408K(60416K)] 441186K->382338K(570880K), 0.0027986 secs] [Times: user=0.01 sys=0.00, real=0.00 secs] 
2517.125: [GC (Allocation Failure) [PSYoungGen: 60288K->1501K(60416K)] 441218K->382431K(570880K), 0.0020063 secs] [Times: user=0.01 sys=0.00, real=0.01 secs] 
2517.242: [GC (Allocation Failure) [PSYoungGen: 60381K->1408K(60416K)] 441311K->382354K(570880K), 0.0016642 secs] [Times: user=0.01 sys=0.00, real=0.00 secs] 
2517.347: [GC (Allocation Failure) [PSYoungGen: 60288K->1456K(64512K)] 441234K->382402K(574976K), 0.0016142 secs] [Times: user=0.01 sys=0.00, real=0.00 secs] 
2517.460: [GC (Allocation Failure) [PSYoungGen: 63920K->1533K(67072K)] 444866K->382479K(577536K), 0.0016154 secs] [Times: user=0.00 sys=0.00, real=0.00 secs] 
2517.848: [GC (Allocation Failure) [PSYoungGen: 66557K->1440K(66048K)] 447503K->382386K(576512K), 0.0018716 secs] [Times: user=0.00 sys=0.00, real=0.00 secs] 
2518.152: [GC (Allocation Failure) [PSYoungGen: 65952K->1408K(65536K)] 446898K->382354K(576000K), 0.0029766 secs] [Times: user=0.01 sys=0.00, real=0.00 secs] 
2518.416: [GC (Allocation Failure) [PSYoungGen: 65408K->1376K(65024K)] 446354K->382322K(575488K), 0.0025980 secs] [Times: user=0.01 sys=0.00, real=0.00 secs] 
2518.981: [GC (Allocation Failure) [PSYoungGen: 64864K->1376K(64512K)] 445810K->382322K(574976K), 0.0029509 secs] [Times: user=0.02 sys=0.00, real=0.00 secs] 
2519.555: [GC (Allocation Failure) [PSYoungGen: 64225K->288K(62976K)] 445172K->381234K(573440K), 0.0025654 secs] [Times: user=0.01 sys=0.00, real=0.01 secs] 
2519.730: [GC (Allocation Failure) [PSYoungGen: 62752K->1469K(63488K)] 443698K->382415K(573952K), 0.0017188 secs] [Times: user=0.01 sys=0.00, real=0.00 secs] 
2519.839: [GC (Allocation Failure) [PSYoungGen: 63421K->1437K(62976K)] 444367K->382391K(573440K), 0.0016956 secs] [Times: user=0.01 sys=0.00, real=0.00 secs] 
2519.947: [GC (Allocation Failure) [PSYoungGen: 62877K->1504K(63488K)] 443831K->382458K(573952K), 0.0017085 secs] [Times: user=0.01 sys=0.00, real=0.00 secs] 
2520.070: [GC (Allocation Failure) [PSYoungGen: 62944K->1501K(63488K)] 443898K->382455K(573952K), 0.0019057 secs] [Times: user=0.01 sys=0.00, real=0.00 secs] 
2520.360: [GC (Allocation Failure) [PSYoungGen: 62941K->1424K(70144K)] 443895K->382378K(580608K), 0.0021116 secs] [Times: user=0.01 sys=0.01, real=0.00 secs] 
2520.763: [GC (Allocation Failure) [PSYoungGen: 69520K->1408K(69120K)] 450474K->382362K(579584K), 0.0020976 secs] [Times: user=0.00 sys=0.01, real=0.00 secs] 
2521.338: [GC (Allocation Failure) [PSYoungGen: 68992K->1312K(68608K)] 449946K->382266K(579072K), 0.0029010 secs] [Times: user=0.01 sys=0.00, real=0.00 secs] 
2521.925: [GC (Allocation Failure) [PSYoungGen: 68384K->1376K(68096K)] 449338K->382330K(578560K), 0.0025937 secs] [Times: user=0.01 sys=0.00, real=0.01 secs] 
2522.317: [GC (Allocation Failure) [PSYoungGen: 67932K->1536K(68096K)] 448886K->382490K(578560K), 0.0022998 secs] [Times: user=0.01 sys=0.00, real=0.00 secs] 
2522.463: [GC (Allocation Failure) [PSYoungGen: 67584K->1536K(67584K)] 448538K->382490K(578048K), 0.0018329 secs] [Times: user=0.01 sys=0.00, real=0.00 secs] 
2522.580: [GC (Allocation Failure) [PSYoungGen: 67055K->477K(65536K)] 448009K->382463K(576000K), 0.0016045 secs] [Times: user=0.01 sys=0.00, real=0.00 secs] 
2522.695: [GC (Allocation Failure) [PSYoungGen: 65501K->525K(67072K)] 447487K->382511K(577536K), 0.0017440 secs] [Times: user=0.00 sys=0.00, real=0.01 secs] 
2523.347: [GC (Allocation Failure) [PSYoungGen: 65549K->1456K(66048K)] 447535K->383442K(576512K), 0.0024049 secs] [Times: user=0.01 sys=0.00, real=0.00 secs] 
2524.190: [GC (Allocation Failure) [PSYoungGen: 65968K->1376K(65536K)] 447954K->383362K(576000K), 0.0060189 secs] [Times: user=0.03 sys=0.00, real=0.00 secs] 
2525.153: [GC (Allocation Failure) [PSYoungGen: 65376K->1376K(65024K)] 447362K->383362K(575488K), 0.0043544 secs] [Times: user=0.02 sys=0.00, real=0.01 secs] 
2525.999: [GC (Allocation Failure) [PSYoungGen: 64864K->1392K(64512K)] 446850K->383378K(574976K), 0.0051745 secs] [Times: user=0.02 sys=0.00, real=0.00 secs] 
2526.595: [GC (Allocation Failure) [PSYoungGen: 64368K->1469K(64000K)] 446354K->383455K(574464K), 0.0028761 secs] [Times: user=0.01 sys=0.00, real=0.01 secs] 
2526.804: [GC (Allocation Failure) [PSYoungGen: 63933K->1501K(63488K)] 445919K->383487K(573952K), 0.0023682 secs] [Times: user=0.01 sys=0.00, real=0.01 secs] 
2526.971: [GC (Allocation Failure) [PSYoungGen: 63453K->1469K(62976K)] 445439K->383455K(573440K), 0.0022607 secs] [Times: user=0.01 sys=0.00, real=0.00 secs] 
2527.130: [GC (Allocation Failure) [PSYoungGen: 62909K->1536K(69632K)] 444895K->383538K(580096K), 0.0022667 secs] [Times: user=0.01 sys=0.00, real=0.00 secs] 
2527.404: [GC (Allocation Failure) [PSYoungGen: 69120K->416K(67584K)] 451122K->383442K(578048K), 0.0024837 secs] [Times: user=0.01 sys=0.00, real=0.01 secs] 
2527.689: [GC (Allocation Failure) [PSYoungGen: 67488K->352K(68608K)] 450514K->383378K(579072K), 0.0021994 secs] [Times: user=0.01 sys=0.01, real=0.00 secs] 
2528.024: [GC (Allocation Failure) [PSYoungGen: 66912K->352K(68096K)] 449938K->383402K(578560K), 0.0020814 secs] [Times: user=0.01 sys=0.00, real=0.01 secs] 
2528.636: [GC (Allocation Failure) [PSYoungGen: 66400K->320K(66048K)] 449450K->383370K(576512K), 0.0028501 secs] [Times: user=0.01 sys=0.00, real=0.01 secs] 
2529.299: [GC (Allocation Failure) [PSYoungGen: 65856K->352K(67072K)] 448906K->383402K(577536K), 0.0041207 secs] [Times: user=0.02 sys=0.00, real=0.00 secs] 
2529.642: [GC (Allocation Failure) [PSYoungGen: 65376K->1501K(66048K)] 448426K->384551K(576512K), 0.0022630 secs] [Times: user=0.01 sys=0.00, real=0.00 secs] 
2529.767: [GC (Allocation Failure) [PSYoungGen: 66013K->1469K(66048K)] 449063K->384519K(576512K), 0.0019188 secs] [Times: user=0.01 sys=0.00, real=0.00 secs] 
2529.880: [GC (Allocation Failure) [PSYoungGen: 65452K->1469K(66560K)] 448503K->384527K(577024K), 0.0016098 secs] [Times: user=0.00 sys=0.00, real=0.00 secs] 
2529.993: [GC (Allocation Failure) [PSYoungGen: 65466K->1565K(73216K)] 448524K->384623K(583680K), 0.0030889 secs] [Times: user=0.01 sys=0.01, real=0.01 secs] 
2530.312: [GC (Allocation Failure) [PSYoungGen: 72221K->1392K(73216K)] 455279K->384450K(583680K), 0.0019082 secs] [Times: user=0.00 sys=0.00, real=0.00 secs] 
2530.606: [GC (Allocation Failure) [PSYoungGen: 72048K->1344K(80384K)] 455106K->384402K(590848K), 0.0019013 secs] [Times: user=0.01 sys=0.00, real=0.00 secs] 
2530.947: [GC (Allocation Failure) [PSYoungGen: 79680K->1344K(79360K)] 462738K->384402K(589824K), 0.0019312 secs] [Times: user=0.01 sys=0.00, real=0.00 secs] 
2531.368: [GC (Allocation Failure) [PSYoungGen: 79168K->1453K(79360K)] 462226K->384511K(589824K), 0.0019399 secs] [Times: user=0.01 sys=0.01, real=0.00 secs] 
2531.548: [GC (Allocation Failure) [PSYoungGen: 78765K->1501K(78336K)] 461823K->384559K(588800K), 0.0019088 secs] [Times: user=0.00 sys=0.00, real=0.00 secs] 
2531.726: [GC (Allocation Failure) [PSYoungGen: 78301K->1501K(78336K)] 461359K->384559K(588800K), 0.0020386 secs] [Times: user=0.01 sys=0.00, real=0.00 secs] 
2531.921: [GC (Allocation Failure) [PSYoungGen: 77789K->1501K(77312K)] 460847K->384575K(587776K), 0.0023985 secs] [Times: user=0.01 sys=0.00, real=0.00 secs] 
2533.129: [GC (Allocation Failure) [PSYoungGen: 77277K->1392K(77312K)] 460351K->384474K(587776K), 0.0043949 secs] [Times: user=0.02 sys=0.00, real=0.00 secs] 
2533.859: [GC (Allocation Failure) [PSYoungGen: 76656K->1344K(76288K)] 459738K->384426K(586752K), 0.0031714 secs] [Times: user=0.01 sys=0.00, real=0.00 secs] 
2534.341: [GC (Allocation Failure) [PSYoungGen: 76096K->1344K(75776K)] 459178K->384426K(586240K), 0.0044705 secs] [Times: user=0.02 sys=0.00, real=0.01 secs] 
2534.745: [GC (Allocation Failure) [PSYoungGen: 75417K->288K(74240K)] 458500K->383378K(584704K), 0.0018251 secs] [Times: user=0.00 sys=0.00, real=0.01 secs] 
2534.885: [GC (Allocation Failure) [PSYoungGen: 74016K->1501K(75264K)] 457106K->384591K(585728K), 0.0018482 secs] [Times: user=0.01 sys=0.00, real=0.01 secs] 
2535.016: [GC (Allocation Failure) [PSYoungGen: 74717K->1485K(74240K)] 457807K->384575K(584704K), 0.0016656 secs] [Times: user=0.00 sys=0.00, real=0.00 secs] 
2535.145: [GC (Allocation Failure) [PSYoungGen: 74189K->1533K(75264K)] 457279K->384623K(585728K), 0.0017420 secs] [Times: user=0.01 sys=0.00, real=0.01 secs] 
2535.394: [GC (Allocation Failure) [PSYoungGen: 74237K->1424K(73728K)] 457327K->384514K(584192K), 0.0020458 secs] [Times: user=0.01 sys=0.01, real=0.01 secs] 
2535.766: [GC (Allocation Failure) [PSYoungGen: 73616K->1344K(73728K)] 456706K->384442K(584192K), 0.0019457 secs] [Times: user=0.01 sys=0.00, real=0.00 secs] 
2536.351: [GC (Allocation Failure) [PSYoungGen: 73024K->1408K(72704K)] 456122K->384506K(583168K), 0.0028614 secs] [Times: user=0.01 sys=0.01, real=0.00 secs] 
2536.906: [GC (Allocation Failure) [PSYoungGen: 72576K->1376K(72192K)] 455674K->384474K(582656K), 0.0023608 secs] [Times: user=0.01 sys=0.00, real=0.00 secs] 
2537.321: [GC (Allocation Failure) [PSYoungGen: 72032K->1437K(71680K)] 455130K->384535K(582144K), 0.0024526 secs] [Times: user=0.01 sys=0.00, real=0.00 secs] 
2537.527: [GC (Allocation Failure) [PSYoungGen: 71581K->1469K(71168K)] 454679K->384591K(581632K), 0.0023924 secs] [Times: user=0.01 sys=0.00, real=0.00 secs] 
2537.682: [GC (Allocation Failure) [PSYoungGen: 71101K->1501K(70656K)] 454223K->384623K(581120K), 0.0018311 secs] [Times: user=0.00 sys=0.00, real=0.00 secs] 
2537.824: [GC (Allocation Failure) [PSYoungGen: 70621K->1533K(70144K)] 453743K->384655K(580608K), 0.0018036 secs] [Times: user=0.01 sys=0.00, real=0.00 secs] 
2538.621: [GC (Allocation Failure) [PSYoungGen: 70141K->1376K(69632K)] 453263K->384498K(580096K), 0.0046066 secs] [Times: user=0.02 sys=0.00, real=0.00 secs] 
2539.391: [GC (Allocation Failure) [PSYoungGen: 69472K->1344K(69120K)] 452594K->384466K(579584K), 0.0026825 secs] [Times: user=0.01 sys=0.00, real=0.00 secs] 
2540.212: [GC (Allocation Failure) [PSYoungGen: 68928K->1344K(68608K)] 452050K->384466K(579072K), 0.0045002 secs] [Times: user=0.02 sys=0.00, real=0.01 secs] 
2540.993: [GC (Allocation Failure) [PSYoungGen: 68416K->1344K(68096K)] 451538K->384466K(578560K), 0.0042777 secs] [Times: user=0.02 sys=0.01, real=0.01 secs] 
2541.581: [GC (Allocation Failure) [PSYoungGen: 67887K->1533K(67584K)] 451010K->384655K(578048K), 0.0023424 secs] [Times: user=0.01 sys=0.00, real=0.00 secs] 
2541.725: [GC (Allocation Failure) [PSYoungGen: 67581K->1472K(67072K)] 450703K->384594K(577536K), 0.0017408 secs] [Times: user=0.00 sys=0.00, real=0.01 secs] 
2541.840: [GC (Allocation Failure) [PSYoungGen: 66979K->1533K(66560K)] 450102K->384655K(577024K), 0.0016373 secs] [Times: user=0.00 sys=0.00, real=0.00 secs] 
2541.955: [GC (Allocation Failure) [PSYoungGen: 66557K->1469K(67072K)] 449679K->384599K(577536K), 0.0016067 secs] [Times: user=0.01 sys=0.00, real=0.01 secs] 
2542.806: [GC (Allocation Failure) [PSYoungGen: 66493K->1456K(66048K)] 449623K->384586K(576512K), 0.0021914 secs] [Times: user=0.00 sys=0.00, real=0.00 secs] 
2543.668: [GC (Allocation Failure) [PSYoungGen: 65968K->1360K(65536K)] 449098K->384490K(576000K), 0.0023755 secs] [Times: user=0.01 sys=0.00, real=0.00 secs] 
2544.223: [GC (Allocation Failure) [PSYoungGen: 65360K->1392K(65024K)] 448490K->384522K(575488K), 0.0024720 secs] [Times: user=0.01 sys=0.00, real=0.00 secs] 
2544.743: [GC (Allocation Failure) [PSYoungGen: 64880K->1376K(64512K)] 448010K->384506K(574976K), 0.0023876 secs] [Times: user=0.01 sys=0.00, real=0.00 secs] 
2545.171: [GC (Allocation Failure) [PSYoungGen: 64352K->1469K(64000K)] 447482K->384599K(574464K), 0.0020975 secs] [Times: user=0.01 sys=0.00, real=0.00 secs] 
2545.297: [GC (Allocation Failure) [PSYoungGen: 63933K->1501K(63488K)] 447063K->384631K(573952K), 0.0017158 secs] [Times: user=0.00 sys=0.00, real=0.00 secs] 
2545.406: [GC (Allocation Failure) [PSYoungGen: 63453K->1549K(63488K)] 446583K->384679K(573952K), 0.0016245 secs] [Times: user=0.00 sys=0.00, real=0.00 secs] 
2545.529: [GC (Allocation Failure) [PSYoungGen: 62989K->1501K(63488K)] 446119K->384647K(573952K), 0.0019219 secs] [Times: user=0.01 sys=0.00, real=0.00 secs] 
2545.714: [GC (Allocation Failure) [PSYoungGen: 63453K->1456K(64000K)] 446599K->384602K(574464K), 0.0020554 secs] [Times: user=0.01 sys=0.00, real=0.00 secs] 
2545.971: [GC (Allocation Failure) [PSYoungGen: 63408K->1424K(70656K)] 446554K->384570K(581120K), 0.0020508 secs] [Times: user=0.00 sys=0.00, real=0.00 secs] 
2546.257: [GC (Allocation Failure) [PSYoungGen: 70032K->1376K(69632K)] 453178K->384522K(580096K), 0.0019009 secs] [Times: user=0.01 sys=0.00, real=0.00 secs] 
2546.540: [GC (Allocation Failure) [PSYoungGen: 69472K->1408K(69120K)] 452618K->384578K(579584K), 0.0019778 secs] [Times: user=0.00 sys=0.00, real=0.00 secs] 
2546.821: [GC (Allocation Failure) [PSYoungGen: 68992K->1376K(68608K)] 452162K->384546K(579072K), 0.0020931 secs] [Times: user=0.01 sys=0.00, real=0.00 secs] 
2547.119: [GC (Allocation Failure) [PSYoungGen: 68448K->1469K(68096K)] 451618K->384639K(578560K), 0.0017910 secs] [Times: user=0.01 sys=0.00, real=0.00 secs] 
2547.236: [GC (Allocation Failure) [PSYoungGen: 68029K->1453K(67584K)] 451199K->384623K(578048K), 0.0017279 secs] [Times: user=0.01 sys=0.00, real=0.00 secs] 
2547.353: [GC (Allocation Failure) [PSYoungGen: 67501K->1453K(68096K)] 450671K->384631K(578560K), 0.0025243 secs] [Times: user=0.01 sys=0.00, real=0.00 secs] 
2547.569: [GC (Allocation Failure) [PSYoungGen: 67501K->1744K(68096K)] 450679K->384922K(578560K), 0.0021868 secs] [Times: user=0.01 sys=0.00, real=0.00 secs] 
2548.894: [GC (Allocation Failure) [PSYoungGen: 67792K->1344K(67072K)] 450970K->384522K(577536K), 0.0043673 secs] [Times: user=0.02 sys=0.00, real=0.01 secs] 
2549.732: [GC (Allocation Failure) [PSYoungGen: 66880K->1344K(66560K)] 450058K->384522K(577024K), 0.0031224 secs] [Times: user=0.01 sys=0.00, real=0.00 secs] 
2550.632: [GC (Allocation Failure) [PSYoungGen: 66368K->1344K(66048K)] 449546K->384522K(576512K), 0.0047520 secs] [Times: user=0.02 sys=0.01, real=0.01 secs] 
2551.534: [GC (Allocation Failure) [PSYoungGen: 65856K->1376K(65536K)] 449034K->384554K(576000K), 0.0040151 secs] [Times: user=0.02 sys=0.00, real=0.01 secs] 
2551.957: [GC (Allocation Failure) [PSYoungGen: 65376K->1469K(65024K)] 448554K->384647K(575488K), 0.0021544 secs] [Times: user=0.01 sys=0.00, real=0.00 secs] 
2552.091: [GC (Allocation Failure) [PSYoungGen: 64957K->1501K(64512K)] 448135K->384679K(574976K), 0.0016462 secs] [Times: user=0.00 sys=0.00, real=0.00 secs] 
2552.201: [GC (Allocation Failure) [PSYoungGen: 64477K->1533K(64000K)] 447655K->384727K(574464K), 0.0016732 secs] [Times: user=0.01 sys=0.00, real=0.00 secs] 
2552.328: [GC (Allocation Failure) [PSYoungGen: 63997K->1488K(70656K)] 447191K->384682K(581120K), 0.0018765 secs] [Times: user=0.00 sys=0.00, real=0.00 secs] 
2552.864: [GC (Allocation Failure) [PSYoungGen: 70608K->1424K(70144K)] 453802K->384618K(580608K), 0.0023386 secs] [Times: user=0.01 sys=0.00, real=0.01 secs] 
2553.508: [GC (Allocation Failure) [PSYoungGen: 70032K->1376K(70656K)] 453226K->384570K(581120K), 0.0142959 secs] [Times: user=0.07 sys=0.00, real=0.01 secs] 
2553.891: [GC (Allocation Failure) [PSYoungGen: 69984K->1376K(77312K)] 453178K->384570K(587776K), 0.0020452 secs] [Times: user=0.01 sys=0.00, real=0.00 secs] 
2554.246: [GC (Allocation Failure) [PSYoungGen: 77152K->1408K(76800K)] 460346K->384602K(587264K), 0.0021706 secs] [Times: user=0.01 sys=0.00, real=0.00 secs] 
2554.481: [GC (Allocation Failure) [PSYoungGen: 76672K->1504K(76288K)] 459866K->384698K(586752K), 0.0019306 secs] [Times: user=0.01 sys=0.00, real=0.00 secs] 
2554.613: [GC (Allocation Failure) [PSYoungGen: 76256K->1485K(75776K)] 459450K->384679K(586240K), 0.0016455 secs] [Times: user=0.00 sys=0.00, real=0.00 secs] 
2554.766: [GC (Allocation Failure) [PSYoungGen: 75725K->1568K(76288K)] 458919K->384778K(586752K), 0.0018713 secs] [Times: user=0.01 sys=0.00, real=0.00 secs] 
2556.126: [GC (Allocation Failure) [PSYoungGen: 75808K->1440K(75264K)] 459018K->384650K(585728K), 0.0047372 secs] [Times: user=0.02 sys=0.00, real=0.00 secs] 
2558.097: [GC (Allocation Failure) [PSYoungGen: 75168K->1408K(74752K)] 458378K->384618K(585216K), 0.0032689 secs] [Times: user=0.01 sys=0.00, real=0.00 secs] 
2558.871: [GC (Allocation Failure) [PSYoungGen: 74624K->1408K(74240K)] 457834K->384618K(584704K), 0.0028611 secs] [Times: user=0.01 sys=0.00, real=0.00 secs] 
2559.688: [GC (Allocation Failure) [PSYoungGen: 74112K->1344K(73728K)] 457322K->384570K(584192K), 0.0033620 secs] [Times: user=0.01 sys=0.00, real=0.00 secs] 
2560.149: [GC (Allocation Failure) [PSYoungGen: 73536K->1469K(73216K)] 456762K->384695K(583680K), 0.0021225 secs] [Times: user=0.00 sys=0.01, real=0.00 secs] 
2560.298: [GC (Allocation Failure) [PSYoungGen: 73149K->1485K(72704K)] 456375K->384711K(583168K), 0.0016538 secs] [Times: user=0.01 sys=0.00, real=0.00 secs] 
2560.424: [GC (Allocation Failure) [PSYoungGen: 72653K->1485K(72192K)] 455879K->384711K(582656K), 0.0016871 secs] [Times: user=0.01 sys=0.00, real=0.00 secs] 
2560.548: [GC (Allocation Failure) [PSYoungGen: 72141K->1504K(71680K)] 455367K->384730K(582144K), 0.0016850 secs] [Times: user=0.01 sys=0.00, real=0.00 secs] 
2560.843: [GC (Allocation Failure) [PSYoungGen: 71648K->1440K(71168K)] 454874K->384666K(581632K), 0.0020116 secs] [Times: user=0.01 sys=0.00, real=0.00 secs] 
2561.412: [GC (Allocation Failure) [PSYoungGen: 71072K->1408K(70656K)] 454298K->384634K(581120K), 0.0021433 secs] [Times: user=0.01 sys=0.00, real=0.00 secs] 
2561.947: [GC (Allocation Failure) [PSYoungGen: 70528K->1408K(70144K)] 453754K->384642K(580608K), 0.0022643 secs] [Times: user=0.01 sys=0.00, real=0.00 secs] 
2562.517: [GC (Allocation Failure) [PSYoungGen: 70016K->1392K(69632K)] 453250K->384626K(580096K), 0.0037351 secs] [Times: user=0.02 sys=0.00, real=0.00 secs] 
2562.841: [GC (Allocation Failure) [PSYoungGen: 69488K->1501K(69120K)] 452722K->384735K(579584K), 0.0023103 secs] [Times: user=0.01 sys=0.00, real=0.00 secs] 
2562.974: [GC (Allocation Failure) [PSYoungGen: 69085K->1504K(68608K)] 452319K->384738K(579072K), 0.0018023 secs] [Times: user=0.01 sys=0.00, real=0.00 secs] 
2563.092: [GC (Allocation Failure) [PSYoungGen: 68570K->1472K(68096K)] 451805K->384706K(578560K), 0.0016387 secs] [Times: user=0.00 sys=0.00, real=0.00 secs] 
2563.209: [GC (Allocation Failure) [PSYoungGen: 68032K->1501K(68608K)] 451266K->384751K(579072K), 0.0016589 secs] [Times: user=0.01 sys=0.00, real=0.00 secs] 
2563.916: [GC (Allocation Failure) [PSYoungGen: 68061K->1392K(67584K)] 451311K->384642K(578048K), 0.0028854 secs] [Times: user=0.01 sys=0.00, real=0.00 secs] 
2564.562: [GC (Allocation Failure) [PSYoungGen: 67440K->1408K(67072K)] 450690K->384658K(577536K), 0.0045437 secs] [Times: user=0.02 sys=0.00, real=0.01 secs] 
2565.182: [GC (Allocation Failure) [PSYoungGen: 66944K->1376K(66560K)] 450194K->384626K(577024K), 0.0060564 secs] [Times: user=0.03 sys=0.00, real=0.01 secs] 
2565.809: [GC (Allocation Failure) [PSYoungGen: 66400K->1408K(66048K)] 449650K->384658K(576512K), 0.0025893 secs] [Times: user=0.01 sys=0.00, real=0.00 secs] 
2566.210: [GC (Allocation Failure) [PSYoungGen: 65920K->1469K(65536K)] 449170K->384719K(576000K), 0.0019989 secs] [Times: user=0.01 sys=0.00, real=0.00 secs] 
2566.333: [GC (Allocation Failure) [PSYoungGen: 65469K->1501K(65024K)] 448719K->384751K(575488K), 0.0016762 secs] [Times: user=0.01 sys=0.00, real=0.00 secs] 
2566.445: [GC (Allocation Failure) [PSYoungGen: 64989K->1469K(64512K)] 448239K->384719K(574976K), 0.0016786 secs] [Times: user=0.01 sys=0.00, real=0.01 secs] 
2566.555: [GC (Allocation Failure) [PSYoungGen: 64445K->1536K(65024K)] 447695K->384802K(575488K), 0.0017320 secs] [Times: user=0.00 sys=0.00, real=0.01 secs] 
2566.839: [GC (Allocation Failure) [PSYoungGen: 64512K->1408K(64000K)] 447778K->384674K(574464K), 0.0018443 secs] [Times: user=0.00 sys=0.00, real=0.00 secs] 
2567.364: [GC (Allocation Failure) [PSYoungGen: 63872K->1376K(63488K)] 447138K->384666K(573952K), 0.0019674 secs] [Times: user=0.01 sys=0.00, real=0.01 secs] 
2567.944: [GC (Allocation Failure) [PSYoungGen: 63328K->1376K(62976K)] 446618K->384666K(573440K), 0.0038917 secs] [Times: user=0.02 sys=0.00, real=0.01 secs] 
2568.463: [GC (Allocation Failure) [PSYoungGen: 62816K->1376K(62464K)] 446106K->384666K(572928K), 0.0033621 secs] [Times: user=0.01 sys=0.00, real=0.01 secs] 
2568.968: [GC (Allocation Failure) [PSYoungGen: 62304K->1376K(61952K)] 445594K->384666K(572416K), 0.0033989 secs] [Times: user=0.02 sys=0.01, real=0.00 secs] 
2569.181: [GC (Allocation Failure) [PSYoungGen: 61792K->1469K(61440K)] 445082K->384759K(571904K), 0.0019608 secs] [Times: user=0.01 sys=0.00, real=0.00 secs] 
2569.293: [GC (Allocation Failure) [PSYoungGen: 61373K->1472K(60928K)] 444663K->384762K(571392K), 0.0017421 secs] [Times: user=0.01 sys=0.00, real=0.00 secs] 
2569.399: [GC (Allocation Failure) [PSYoungGen: 60847K->1485K(61440K)] 444137K->384783K(571904K), 0.0016854 secs] [Times: user=0.01 sys=0.00, real=0.00 secs] 
2569.506: [GC (Allocation Failure) [PSYoungGen: 60872K->1501K(61440K)] 444170K->384799K(571904K), 0.0017187 secs] [Times: user=0.00 sys=0.00, real=0.00 secs] 
2571.016: [GC (Allocation Failure) [PSYoungGen: 60893K->1408K(60416K)] 444191K->384706K(570880K), 0.0044971 secs] [Times: user=0.02 sys=0.00, real=0.01 secs] 
2571.683: [GC (Allocation Failure) [PSYoungGen: 60288K->1376K(60416K)] 443586K->384682K(570880K), 0.0025270 secs] [Times: user=0.02 sys=0.00, real=0.00 secs] 
2572.160: [GC (Allocation Failure) [PSYoungGen: 60256K->1392K(60416K)] 443562K->384698K(570880K), 0.0025450 secs] [Times: user=0.01 sys=0.00, real=0.00 secs] 
2572.741: [GC (Allocation Failure) [PSYoungGen: 60272K->1408K(60416K)] 443578K->384714K(570880K), 0.0026916 secs] [Times: user=0.01 sys=0.00, real=0.00 secs] 
2573.328: [GC (Allocation Failure) [PSYoungGen: 60288K->1408K(60416K)] 443594K->384714K(570880K), 0.0025804 secs] [Times: user=0.01 sys=0.00, real=0.00 secs] 
2573.547: [GC (Allocation Failure) [PSYoungGen: 60288K->1533K(60416K)] 443594K->384839K(570880K), 0.0021488 secs] [Times: user=0.01 sys=0.00, real=0.00 secs] 
2573.656: [GC (Allocation Failure) [PSYoungGen: 60413K->1501K(60416K)] 443719K->384815K(570880K), 0.0016060 secs] [Times: user=0.00 sys=0.00, real=0.00 secs] 
2573.761: [GC (Allocation Failure) [PSYoungGen: 60381K->1501K(64512K)] 443695K->384815K(574976K), 0.0016578 secs] [Times: user=0.01 sys=0.00, real=0.00 secs] 
2573.872: [GC (Allocation Failure) [PSYoungGen: 63965K->1533K(67072K)] 447279K->384847K(577536K), 0.0016297 secs] [Times: user=0.01 sys=0.00, real=0.00 secs] 
2574.417: [GC (Allocation Failure) [PSYoungGen: 66557K->1440K(66048K)] 449871K->384754K(576512K), 0.0020679 secs] [Times: user=0.01 sys=0.00, real=0.00 secs] 
2575.246: [GC (Allocation Failure) [PSYoungGen: 65952K->1424K(65536K)] 449266K->384738K(576000K), 0.0049796 secs] [Times: user=0.02 sys=0.00, real=0.00 secs] 
2576.018: [GC (Allocation Failure) [PSYoungGen: 65424K->1408K(65024K)] 448738K->384722K(575488K), 0.0034635 secs] [Times: user=0.02 sys=0.00, real=0.00 secs] 
2576.638: [GC (Allocation Failure) [PSYoungGen: 64896K->1408K(64512K)] 448210K->384722K(574976K), 0.0025808 secs] [Times: user=0.01 sys=0.00, real=0.00 secs] 
2577.102: [GC (Allocation Failure) [PSYoungGen: 64384K->1469K(64000K)] 447698K->384783K(574464K), 0.0024930 secs] [Times: user=0.01 sys=0.00, real=0.00 secs] 
2577.246: [GC (Allocation Failure) [PSYoungGen: 63933K->1501K(63488K)] 447247K->384815K(573952K), 0.0017407 secs] [Times: user=0.01 sys=0.00, real=0.00 secs] 
2577.356: [GC (Allocation Failure) [PSYoungGen: 63453K->1517K(62976K)] 446767K->384847K(573440K), 0.0018382 secs] [Times: user=0.01 sys=0.00, real=0.00 secs] 
2577.464: [GC (Allocation Failure) [PSYoungGen: 62957K->1485K(63488K)] 446287K->384831K(573952K), 0.0016732 secs] [Times: user=0.01 sys=0.00, real=0.00 secs] 
2577.573: [GC (Allocation Failure) [PSYoungGen: 62015K->256K(63488K)] 445362K->383602K(573952K), 0.0016711 secs] [Times: user=0.00 sys=0.01, real=0.00 secs] 
2578.083: [GC (Allocation Failure) [PSYoungGen: 61696K->1408K(62464K)] 445042K->384754K(572928K), 0.0019584 secs] [Times: user=0.01 sys=0.00, real=0.00 secs] 
2578.393: [GC (Allocation Failure) [PSYoungGen: 62336K->1408K(68608K)] 445682K->384754K(579072K), 0.0035174 secs] [Times: user=0.01 sys=0.00, real=0.01 secs] 
2578.674: [GC (Allocation Failure) [PSYoungGen: 68480K->1376K(69120K)] 451826K->384722K(579584K), 0.0032415 secs] [Times: user=0.01 sys=0.00, real=0.01 secs] 
2578.954: [GC (Allocation Failure) [PSYoungGen: 68448K->1408K(68096K)] 451794K->384754K(578560K), 0.0023058 secs] [Times: user=0.01 sys=0.00, real=0.01 secs] 
2579.217: [GC (Allocation Failure) [PSYoungGen: 67968K->1501K(67584K)] 451314K->384847K(578048K), 0.0020753 secs] [Times: user=0.01 sys=0.00, real=0.00 secs] 
2579.348: [GC (Allocation Failure) [PSYoungGen: 67549K->1501K(68096K)] 450895K->384847K(578560K), 0.0017239 secs] [Times: user=0.01 sys=0.00, real=0.00 secs] 
2579.481: [GC (Allocation Failure) [PSYoungGen: 67549K->1517K(74752K)] 450895K->384871K(585216K), 0.0032543 secs] [Times: user=0.01 sys=0.00, real=0.00 secs] 
2579.655: [GC (Allocation Failure) [PSYoungGen: 74221K->1469K(74752K)] 457575K->384823K(585216K), 0.0020660 secs] [Times: user=0.01 sys=0.00, real=0.01 secs] 
2579.976: [GC (Allocation Failure) [PSYoungGen: 74173K->1440K(82432K)] 457527K->384802K(592896K), 0.0022030 secs] [Times: user=0.00 sys=0.00, real=0.01 secs] 
2580.313: [GC (Allocation Failure) [PSYoungGen: 82336K->1344K(82944K)] 465698K->384706K(593408K), 0.0022388 secs] [Times: user=0.01 sys=0.00, real=0.00 secs] 
2580.648: [GC (Allocation Failure) [PSYoungGen: 82240K->1344K(81920K)] 465602K->384706K(592384K), 0.0019315 secs] [Times: user=0.01 sys=0.00, real=0.00 secs] 
2580.958: [GC (Allocation Failure) [PSYoungGen: 81728K->1440K(81408K)] 465090K->384802K(591872K), 0.0018187 secs] [Times: user=0.00 sys=0.00, real=0.00 secs] 
2581.101: [GC (Allocation Failure) [PSYoungGen: 81312K->1533K(80896K)] 464674K->384895K(591360K), 0.0016016 secs] [Times: user=0.00 sys=0.00, real=0.00 secs] 
2581.241: [GC (Allocation Failure) [PSYoungGen: 80893K->1488K(80384K)] 464255K->384850K(590848K), 0.0018320 secs] [Times: user=0.00 sys=0.00, real=0.00 secs] 
2581.550: [GC (Allocation Failure) [PSYoungGen: 80336K->1504K(79872K)] 463698K->384914K(590336K), 0.0022231 secs] [Times: user=0.01 sys=0.00, real=0.00 secs] 
2583.011: [GC (Allocation Failure) [PSYoungGen: 79840K->1424K(79360K)] 463250K->384834K(589824K), 0.0034035 secs] [Times: user=0.01 sys=0.00, real=0.00 secs] 
2583.982: [GC (Allocation Failure) [PSYoungGen: 79248K->1376K(78848K)] 462658K->384786K(589312K), 0.0032079 secs] [Times: user=0.01 sys=0.00, real=0.00 secs] 
2584.825: [GC (Allocation Failure) [PSYoungGen: 78688K->1376K(78336K)] 462098K->384786K(588800K), 0.0033330 secs] [Times: user=0.02 sys=0.00, real=0.01 secs] 
2585.552: [GC (Allocation Failure) [PSYoungGen: 78176K->1501K(77824K)] 461586K->384911K(588288K), 0.0021643 secs] [Times: user=0.01 sys=0.00, real=0.00 secs] 
2585.720: [GC (Allocation Failure) [PSYoungGen: 77789K->1501K(77312K)] 461199K->384911K(587776K), 0.0017728 secs] [Times: user=0.00 sys=0.00, real=0.00 secs] 
2585.857: [GC (Allocation Failure) [PSYoungGen: 77277K->1501K(76800K)] 460687K->384911K(587264K), 0.0017647 secs] [Times: user=0.01 sys=0.00, real=0.00 secs] 
2585.991: [GC (Allocation Failure) [PSYoungGen: 76765K->1440K(76288K)] 460175K->384850K(586752K), 0.0020892 secs] [Times: user=0.00 sys=0.00, real=0.00 secs] 
2586.787: [GC (Allocation Failure) [PSYoungGen: 76192K->1376K(75776K)] 459602K->384786K(586240K), 0.0020980 secs] [Times: user=0.01 sys=0.00, real=0.00 secs] 
2587.133: [GC (Allocation Failure) [PSYoungGen: 75616K->1376K(75264K)] 459026K->384786K(585728K), 0.0021780 secs] [Times: user=0.00 sys=0.00, real=0.00 secs] 
2587.440: [GC (Allocation Failure) [PSYoungGen: 75104K->1408K(74752K)] 458514K->384818K(585216K), 0.0020110 secs] [Times: user=0.01 sys=0.00, real=0.00 secs] 
2587.784: [GC (Allocation Failure) [PSYoungGen: 74624K->1469K(74240K)] 458034K->384879K(584704K), 0.0020954 secs] [Times: user=0.01 sys=0.00, real=0.00 secs] 
2587.919: [GC (Allocation Failure) [PSYoungGen: 74165K->1472K(73728K)] 457576K->384882K(584192K), 0.0016533 secs] [Times: user=0.01 sys=0.00, real=0.00 secs] 
2588.066: [GC (Allocation Failure) [PSYoungGen: 73664K->1501K(73216K)] 457074K->384911K(583680K), 0.0020890 secs] [Times: user=0.01 sys=0.01, real=0.00 secs] 
2588.221: [GC (Allocation Failure) [PSYoungGen: 73181K->1517K(72704K)] 456591K->384959K(583168K), 0.0015735 secs] [Times: user=0.01 sys=0.00, real=0.00 secs] 
2588.501: [GC (Allocation Failure) [PSYoungGen: 72685K->1408K(72192K)] 456127K->384874K(582656K), 0.0021911 secs] [Times: user=0.01 sys=0.01, real=0.00 secs] 
2588.857: [GC (Allocation Failure) [PSYoungGen: 72064K->1328K(71680K)] 455530K->384794K(582144K), 0.0020726 secs] [Times: user=0.01 sys=0.00, real=0.00 secs] 
2589.149: [GC (Allocation Failure) [PSYoungGen: 71472K->1376K(71168K)] 454938K->384842K(581632K), 0.0021204 secs] [Times: user=0.01 sys=0.00, real=0.00 secs] 
2589.438: [GC (Allocation Failure) [PSYoungGen: 71008K->1408K(70656K)] 454474K->384874K(581120K), 0.0021745 secs] [Times: user=0.01 sys=0.00, real=0.00 secs] 
2589.686: [GC (Allocation Failure) [PSYoungGen: 70528K->1504K(70144K)] 453994K->384970K(580608K), 0.0016920 secs] [Times: user=0.00 sys=0.00, real=0.00 secs] 
2589.806: [GC (Allocation Failure) [PSYoungGen: 70112K->1504K(69632K)] 453578K->384994K(580096K), 0.0018085 secs] [Times: user=0.00 sys=0.01, real=0.00 secs] 
2589.926: [GC (Allocation Failure) [PSYoungGen: 69600K->1440K(76800K)] 453090K->384938K(587264K), 0.0017820 secs] [Times: user=0.00 sys=0.00, real=0.01 secs] 
2590.058: [GC (Allocation Failure) [PSYoungGen: 76704K->1485K(77312K)] 460202K->384991K(587776K), 0.0016858 secs] [Times: user=0.01 sys=0.00, real=0.00 secs] 
2590.747: [GC (Allocation Failure) [PSYoungGen: 77261K->1408K(76800K)] 460767K->384914K(587264K), 0.0020990 secs] [Times: user=0.01 sys=0.00, real=0.00 secs] 
2591.903: [GC (Allocation Failure) [PSYoungGen: 76672K->1360K(76288K)] 460178K->384866K(586752K), 0.0034483 secs] [Times: user=0.01 sys=0.01, real=0.01 secs] 
2593.350: [GC (Allocation Failure) [PSYoungGen: 76112K->1376K(75776K)] 459618K->384882K(586240K), 0.0036291 secs] [Times: user=0.01 sys=0.00, real=0.00 secs] 
2594.427: [GC (Allocation Failure) [PSYoungGen: 75616K->1437K(75264K)] 459122K->384943K(585728K), 0.0028693 secs] [Times: user=0.01 sys=0.00, real=0.00 secs] 
2594.627: [GC (Allocation Failure) [PSYoungGen: 75165K->1472K(74752K)] 458671K->384978K(585216K), 0.0018311 secs] [Times: user=0.01 sys=0.00, real=0.00 secs] 
2594.775: [GC (Allocation Failure) [PSYoungGen: 74688K->1453K(74240K)] 458194K->384959K(584704K), 0.0019492 secs] [Times: user=0.01 sys=0.00, real=0.01 secs] 
2594.946: [GC (Allocation Failure) [PSYoungGen: 74157K->1501K(73728K)] 457663K->385007K(584192K), 0.0021541 secs] [Times: user=0.01 sys=0.00, real=0.00 secs] 
2595.489: [GC (Allocation Failure) [PSYoungGen: 73693K->1392K(73216K)] 457199K->384898K(583680K), 0.0021357 secs] [Times: user=0.00 sys=0.00, real=0.00 secs] 
2595.847: [GC (Allocation Failure) [PSYoungGen: 73072K->1344K(72704K)] 456578K->384850K(583168K), 0.0035927 secs] [Times: user=0.01 sys=0.00, real=0.00 secs] 
2596.183: [GC (Allocation Failure) [PSYoungGen: 72512K->1376K(72192K)] 456018K->384882K(582656K), 0.0022365 secs] [Times: user=0.00 sys=0.00, real=0.00 secs] 
2596.532: [GC (Allocation Failure) [PSYoungGen: 72032K->1344K(71680K)] 455538K->384850K(582144K), 0.0021813 secs] [Times: user=0.01 sys=0.00, real=0.00 secs] 
2596.760: [GC (Allocation Failure) [PSYoungGen: 71488K->1469K(71168K)] 454994K->384975K(581632K), 0.0023225 secs] [Times: user=0.01 sys=0.00, real=0.00 secs] 
2596.939: [GC (Allocation Failure) [PSYoungGen: 71101K->1533K(70656K)] 454607K->385039K(581120K), 0.0017171 secs] [Times: user=0.00 sys=0.00, real=0.00 secs] 
2597.061: [GC (Allocation Failure) [PSYoungGen: 70653K->1501K(70144K)] 454159K->385007K(580608K), 0.0016470 secs] [Times: user=0.00 sys=0.00, real=0.00 secs] 
2597.336: [GC (Allocation Failure) [PSYoungGen: 70109K->1504K(69632K)] 453615K->385010K(580096K), 0.0019553 secs] [Times: user=0.00 sys=0.00, real=0.01 secs] 
2598.189: [GC (Allocation Failure) [PSYoungGen: 69600K->1312K(69120K)] 453106K->384818K(579584K), 0.0035220 secs] [Times: user=0.02 sys=0.00, real=0.00 secs] 
2598.857: [GC (Allocation Failure) [PSYoungGen: 68896K->1344K(68608K)] 452402K->384858K(579072K), 0.0032405 secs] [Times: user=0.01 sys=0.00, real=0.00 secs] 
2599.418: [GC (Allocation Failure) [PSYoungGen: 68416K->1344K(68096K)] 451930K->384858K(578560K), 0.0028486 secs] [Times: user=0.02 sys=0.00, real=0.00 secs] 
2600.096: [GC (Allocation Failure) [PSYoungGen: 67904K->1344K(67584K)] 451418K->384858K(578048K), 0.0038234 secs] [Times: user=0.01 sys=0.00, real=0.01 secs] 
2600.457: [GC (Allocation Failure) [PSYoungGen: 67392K->1469K(67072K)] 450906K->384983K(577536K), 0.0021283 secs] [Times: user=0.01 sys=0.00, real=0.00 secs] 
2600.589: [GC (Allocation Failure) [PSYoungGen: 67005K->1520K(66560K)] 450519K->385034K(577024K), 0.0018292 secs] [Times: user=0.01 sys=0.00, real=0.00 secs] 
2600.720: [GC (Allocation Failure) [PSYoungGen: 66544K->1453K(66048K)] 450058K->384967K(576512K), 0.0019514 secs] [Times: user=0.01 sys=0.00, real=0.00 secs] 
2600.865: [GC (Allocation Failure) [PSYoungGen: 65965K->1485K(66560K)] 449479K->385007K(577024K), 0.0023174 secs] [Times: user=0.01 sys=0.00, real=0.01 secs] 
2601.736: [GC (Allocation Failure) [PSYoungGen: 65997K->1440K(65536K)] 449519K->384962K(576000K), 0.0018394 secs] [Times: user=0.01 sys=0.00, real=0.01 secs] 
2602.452: [GC (Allocation Failure) [PSYoungGen: 65440K->1344K(65024K)] 448962K->384866K(575488K), 0.0024200 secs] [Times: user=0.01 sys=0.00, real=0.00 secs] 
2603.185: [GC (Allocation Failure) [PSYoungGen: 64832K->1376K(64512K)] 448354K->384898K(574976K), 0.0031695 secs] [Times: user=0.02 sys=0.00, real=0.01 secs] 
2603.889: [GC (Allocation Failure) [PSYoungGen: 64352K->1344K(64000K)] 447874K->384866K(574464K), 0.0040366 secs] [Times: user=0.02 sys=0.00, real=0.00 secs] 
2604.307: [GC (Allocation Failure) [PSYoungGen: 63808K->1469K(63488K)] 447330K->384991K(573952K), 0.0023263 secs] [Times: user=0.00 sys=0.00, real=0.00 secs] 
2604.449: [GC (Allocation Failure) [PSYoungGen: 63421K->1520K(62976K)] 446943K->385042K(573440K), 0.0016600 secs] [Times: user=0.01 sys=0.00, real=0.00 secs] 
2604.572: [GC (Allocation Failure) [PSYoungGen: 62960K->1469K(62464K)] 446482K->385007K(572928K), 0.0017069 secs] [Times: user=0.01 sys=0.00, real=0.00 secs] 
2604.715: [GC (Allocation Failure) [PSYoungGen: 62397K->1501K(68608K)] 445935K->385039K(579072K), 0.0020582 secs] [Times: user=0.01 sys=0.00, real=0.01 secs] 
2605.151: [GC (Allocation Failure) [PSYoungGen: 68573K->1456K(68096K)] 452111K->384994K(578560K), 0.0025926 secs] [Times: user=0.01 sys=0.00, real=0.00 secs] 
2606.062: [GC (Allocation Failure) [PSYoungGen: 68016K->1376K(67584K)] 451554K->384914K(578048K), 0.0047260 secs] [Times: user=0.02 sys=0.00, real=0.01 secs] 
2606.821: [GC (Allocation Failure) [PSYoungGen: 67424K->1376K(67072K)] 450962K->384914K(577536K), 0.0032813 secs] [Times: user=0.01 sys=0.00, real=0.00 secs] 
2607.339: [GC (Allocation Failure) [PSYoungGen: 66912K->1440K(66560K)] 450450K->384978K(577024K), 0.0035847 secs] [Times: user=0.02 sys=0.00, real=0.00 secs] 
2607.878: [GC (Allocation Failure) [PSYoungGen: 66464K->1501K(66048K)] 450002K->385039K(576512K), 0.0034331 secs] [Times: user=0.02 sys=0.00, real=0.00 secs] 
2608.093: [GC (Allocation Failure) [PSYoungGen: 66013K->1453K(65536K)] 449551K->384991K(576000K), 0.0021989 secs] [Times: user=0.00 sys=0.00, real=0.00 secs] 
2608.215: [GC (Allocation Failure) [PSYoungGen: 65423K->1504K(65024K)] 448961K->385042K(575488K), 0.0016287 secs] [Times: user=0.01 sys=0.00, real=0.01 secs] 
2608.326: [GC (Allocation Failure) [PSYoungGen: 64992K->1469K(66048K)] 448530K->385031K(576512K), 0.0016721 secs] [Times: user=0.00 sys=0.00, real=0.00 secs] 
2608.440: [GC (Allocation Failure) [PSYoungGen: 65264K->256K(72192K)] 448827K->383818K(582656K), 0.0015713 secs] [Times: user=0.01 sys=0.00, real=0.00 secs] 
2609.336: [GC (Allocation Failure) [PSYoungGen: 70400K->1376K(71168K)] 453962K->384938K(581632K), 0.0032218 secs] [Times: user=0.01 sys=0.01, real=0.00 secs] 
2610.019: [GC (Allocation Failure) [PSYoungGen: 71008K->1344K(70656K)] 454570K->384906K(581120K), 0.0032136 secs] [Times: user=0.01 sys=0.00, real=0.00 secs] 
2610.723: [GC (Allocation Failure) [PSYoungGen: 70464K->1376K(70144K)] 454026K->384938K(580608K), 0.0032186 secs] [Times: user=0.02 sys=0.00, real=0.01 secs] 
2611.380: [GC (Allocation Failure) [PSYoungGen: 69984K->1312K(69632K)] 453546K->384874K(580096K), 0.0040472 secs] [Times: user=0.02 sys=0.01, real=0.00 secs] 
2611.814: [GC (Allocation Failure) [PSYoungGen: 69386K->1469K(69120K)] 452948K->385031K(579584K), 0.0020916 secs] [Times: user=0.01 sys=0.00, real=0.01 secs] 
2611.944: [GC (Allocation Failure) [PSYoungGen: 69053K->1501K(68608K)] 452615K->385063K(579072K), 0.0016700 secs] [Times: user=0.00 sys=0.00, real=0.00 secs] 
2612.064: [GC (Allocation Failure) [PSYoungGen: 68573K->1488K(68096K)] 452135K->385058K(578560K), 0.0016901 secs] [Times: user=0.00 sys=0.00, real=0.01 secs] 
2612.263: [GC (Allocation Failure) [PSYoungGen: 68048K->1984K(68096K)] 451618K->385554K(578560K), 0.0017707 secs] [Times: user=0.00 sys=0.00, real=0.00 secs] 
2613.159: [GC (Allocation Failure) [PSYoungGen: 68032K->1392K(67072K)] 451602K->384962K(577536K), 0.0046055 secs] [Times: user=0.02 sys=0.00, real=0.00 secs] 
2613.857: [GC (Allocation Failure) [PSYoungGen: 66928K->1376K(66560K)] 450498K->384946K(577024K), 0.0028423 secs] [Times: user=0.01 sys=0.00, real=0.00 secs] 
2614.463: [GC (Allocation Failure) [PSYoungGen: 66400K->1344K(66048K)] 449970K->384914K(576512K), 0.0032191 secs] [Times: user=0.02 sys=0.00, real=0.01 secs] 
2615.233: [GC (Allocation Failure) [PSYoungGen: 65856K->1376K(65536K)] 449426K->384946K(576000K), 0.0028718 secs] [Times: user=0.01 sys=0.00, real=0.00 secs] 
2615.572: [GC (Allocation Failure) [PSYoungGen: 65376K->1469K(65024K)] 448946K->385039K(575488K), 0.0019846 secs] [Times: user=0.01 sys=0.00, real=0.00 secs] 
2615.693: [GC (Allocation Failure) [PSYoungGen: 64957K->1453K(64512K)] 448527K->385023K(574976K), 0.0021669 secs] [Times: user=0.01 sys=0.00, real=0.00 secs] 
2615.804: [GC (Allocation Failure) [PSYoungGen: 64429K->1504K(65536K)] 447999K->385082K(576000K), 0.0016442 secs] [Times: user=0.01 sys=0.00, real=0.01 secs] 
2615.916: [GC (Allocation Failure) [PSYoungGen: 64992K->1501K(71680K)] 448570K->385087K(582144K), 0.0014988 secs] [Times: user=0.01 sys=0.00, real=0.01 secs] 
2618.148: [GC (Allocation Failure) [PSYoungGen: 71133K->1440K(70656K)] 454719K->385026K(581120K), 0.0027434 secs] [Times: user=0.01 sys=0.00, real=0.00 secs] 
2618.434: [GC (Allocation Failure) [PSYoungGen: 70560K->1392K(70144K)] 454146K->384978K(580608K), 0.0022174 secs] [Times: user=0.00 sys=0.00, real=0.01 secs] 
2618.719: [GC (Allocation Failure) [PSYoungGen: 70000K->1376K(69632K)] 453586K->384962K(580096K), 0.0021700 secs] [Times: user=0.01 sys=0.00, real=0.00 secs] 
2619.002: [GC (Allocation Failure) [PSYoungGen: 69472K->1376K(69120K)] 453058K->384978K(579584K), 0.0025569 secs] [Times: user=0.01 sys=0.00, real=0.00 secs] 
2619.252: [GC (Allocation Failure) [PSYoungGen: 68960K->1469K(68608K)] 452562K->385071K(579072K), 0.0020857 secs] [Times: user=0.01 sys=0.00, real=0.00 secs] 
2619.379: [GC (Allocation Failure) [PSYoungGen: 68526K->1501K(68096K)] 452129K->385103K(578560K), 0.0017618 secs] [Times: user=0.00 sys=0.00, real=0.00 secs] 
2619.496: [GC (Allocation Failure) [PSYoungGen: 68061K->1501K(68608K)] 451663K->385111K(579072K), 0.0015908 secs] [Times: user=0.00 sys=0.00, real=0.00 secs] 
2619.613: [GC (Allocation Failure) [PSYoungGen: 68061K->1533K(75264K)] 451671K->385143K(585728K), 0.0016052 secs] [Times: user=0.01 sys=0.00, real=0.00 secs] 
2619.923: [GC (Allocation Failure) [PSYoungGen: 74749K->1392K(75264K)] 458359K->385002K(585728K), 0.0026054 secs] [Times: user=0.01 sys=0.00, real=0.00 secs] 
2620.225: [GC (Allocation Failure) [PSYoungGen: 74608K->1376K(74240K)] 458218K->384986K(584704K), 0.0020619 secs] [Times: user=0.00 sys=0.00, real=0.01 secs] 
2620.527: [GC (Allocation Failure) [PSYoungGen: 74080K->1376K(73728K)] 457690K->384986K(584192K), 0.0020468 secs] [Times: user=0.00 sys=0.00, real=0.00 secs] 
2620.827: [GC (Allocation Failure) [PSYoungGen: 73568K->1344K(73216K)] 457178K->384954K(583680K), 0.0021938 secs] [Times: user=0.00 sys=0.00, real=0.00 secs] 
2621.000: [GC (Allocation Failure) [PSYoungGen: 73024K->1504K(72704K)] 456634K->385114K(583168K), 0.0016603 secs] [Times: user=0.01 sys=0.00, real=0.00 secs] 
2621.125: [GC (Allocation Failure) [PSYoungGen: 72672K->1469K(72192K)] 456282K->385079K(582656K), 0.0017657 secs] [Times: user=0.01 sys=0.00, real=0.01 secs] 
2621.250: [GC (Allocation Failure) [PSYoungGen: 72125K->1469K(80384K)] 455735K->385079K(590848K), 0.0015728 secs] [Times: user=0.01 sys=0.00, real=0.00 secs] 
2621.777: [GC (Allocation Failure) [PSYoungGen: 79805K->1440K(79360K)] 463415K->385050K(589824K), 0.0027114 secs] [Times: user=0.01 sys=0.00, real=0.00 secs] 
2622.252: [GC (Allocation Failure) [PSYoungGen: 79264K->1408K(78848K)] 462874K->385018K(589312K), 0.0022761 secs] [Times: user=0.01 sys=0.00, real=0.00 secs] 
2622.729: [GC (Allocation Failure) [PSYoungGen: 78720K->1408K(78336K)] 462330K->385018K(588800K), 0.0028241 secs] [Times: user=0.01 sys=0.00, real=0.00 secs] 
2623.322: [GC (Allocation Failure) [PSYoungGen: 78208K->1376K(77824K)] 461818K->384986K(588288K), 0.0032288 secs] [Times: user=0.01 sys=0.00, real=0.00 secs] 
2623.695: [GC (Allocation Failure) [PSYoungGen: 77664K->1485K(77312K)] 461274K->385095K(587776K), 0.0020507 secs] [Times: user=0.01 sys=0.00, real=0.01 secs] 
2623.838: [GC (Allocation Failure) [PSYoungGen: 77261K->1488K(76800K)] 460871K->385098K(587264K), 0.0017617 secs] [Times: user=0.01 sys=0.00, real=0.00 secs] 
2623.971: [GC (Allocation Failure) [PSYoungGen: 76752K->1549K(76800K)] 460362K->385159K(587264K), 0.0016143 secs] [Times: user=0.01 sys=0.00, real=0.00 secs] 
2624.396: [GC (Allocation Failure) [PSYoungGen: 76301K->1408K(75776K)] 459911K->385018K(586240K), 0.0020344 secs] [Times: user=0.01 sys=0.00, real=0.00 secs] 
2625.180: [GC (Allocation Failure) [PSYoungGen: 75648K->1376K(75264K)] 459258K->384986K(585728K), 0.0039495 secs] [Times: user=0.01 sys=0.00, real=0.00 secs] 
2626.340: [GC (Allocation Failure) [PSYoungGen: 75104K->1408K(74752K)] 458714K->385018K(585216K), 0.0049197 secs] [Times: user=0.02 sys=0.00, real=0.00 secs] 
2627.452: [GC (Allocation Failure) [PSYoungGen: 74624K->1376K(74240K)] 458234K->384986K(584704K), 0.0048108 secs] [Times: user=0.02 sys=0.00, real=0.01 secs] 
2628.293: [GC (Allocation Failure) [PSYoungGen: 74080K->1437K(73728K)] 457690K->385047K(584192K), 0.0025772 secs] [Times: user=0.01 sys=0.00, real=0.00 secs] 
2628.510: [GC (Allocation Failure) [PSYoungGen: 73629K->1469K(73216K)] 457239K->385079K(583680K), 0.0022439 secs] [Times: user=0.01 sys=0.00, real=0.00 secs] 
2628.701: [GC (Allocation Failure) [PSYoungGen: 73149K->1501K(72704K)] 456759K->385111K(583168K), 0.0022148 secs] [Times: user=0.01 sys=0.00, real=0.00 secs] 
2628.859: [GC (Allocation Failure) [PSYoungGen: 72669K->1501K(72192K)] 456279K->385111K(582656K), 0.0016864 secs] [Times: user=0.01 sys=0.00, real=0.00 secs] 
2629.475: [GC (Allocation Failure) [PSYoungGen: 72157K->1440K(71680K)] 455767K->385066K(582144K), 0.0029630 secs] [Times: user=0.01 sys=0.00, real=0.01 secs] 
2630.117: [GC (Allocation Failure) [PSYoungGen: 71584K->1344K(71168K)] 455210K->384970K(581632K), 0.0025420 secs] [Times: user=0.00 sys=0.00, real=0.00 secs] 
2630.713: [GC (Allocation Failure) [PSYoungGen: 70976K->1376K(70656K)] 454602K->385002K(581120K), 0.0030081 secs] [Times: user=0.01 sys=0.00, real=0.01 secs] 
2631.359: [GC (Allocation Failure) [PSYoungGen: 70496K->1376K(70144K)] 454122K->385002K(580608K), 0.0022366 secs] [Times: user=0.01 sys=0.00, real=0.00 secs] 
2631.556: [GC (Allocation Failure) [PSYoungGen: 69984K->1469K(69632K)] 453610K->385095K(580096K), 0.0017076 secs] [Times: user=0.01 sys=0.00, real=0.00 secs] 
2631.678: [GC (Allocation Failure) [PSYoungGen: 69565K->1501K(69120K)] 453191K->385127K(579584K), 0.0016049 secs] [Times: user=0.01 sys=0.00, real=0.00 secs] 
2631.798: [GC (Allocation Failure) [PSYoungGen: 69085K->1440K(68608K)] 452711K->385066K(579072K), 0.0017171 secs] [Times: user=0.01 sys=0.00, real=0.00 secs] 
2631.947: [GC (Allocation Failure) [PSYoungGen: 68512K->1520K(68096K)] 452138K->385536K(578560K), 0.0015202 secs] [Times: user=0.01 sys=0.00, real=0.00 secs] 
2632.432: [GC (Allocation Failure) [PSYoungGen: 68080K->1312K(67584K)] 452096K->385328K(578048K), 0.0018329 secs] [Times: user=0.01 sys=0.00, real=0.00 secs] 
2633.210: [GC (Allocation Failure) [PSYoungGen: 67360K->1312K(67072K)] 451376K->385328K(577536K), 0.0020928 secs] [Times: user=0.01 sys=0.00, real=0.00 secs] 
2634.093: [GC (Allocation Failure) [PSYoungGen: 66848K->1344K(66560K)] 450864K->385360K(577024K), 0.0022120 secs] [Times: user=0.01 sys=0.00, real=0.00 secs] 
2635.296: [GC (Allocation Failure) [PSYoungGen: 66368K->1312K(66048K)] 450384K->385328K(576512K), 0.0027592 secs] [Times: user=0.01 sys=0.00, real=0.00 secs] 
2635.662: [GC (Allocation Failure) [PSYoungGen: 65824K->1533K(65536K)] 449840K->385550K(576000K), 0.0022233 secs] [Times: user=0.01 sys=0.00, real=0.00 secs] 
2635.788: [GC (Allocation Failure) [PSYoungGen: 65533K->1533K(65024K)] 449550K->385549K(575488K), 0.0015550 secs] [Times: user=0.00 sys=0.00, real=0.00 secs] 
2635.917: [GC (Allocation Failure) [PSYoungGen: 65021K->1501K(66048K)] 449037K->385518K(576512K), 0.0031092 secs] [Times: user=0.02 sys=0.00, real=0.00 secs] 
2636.061: [GC (Allocation Failure) [PSYoungGen: 65501K->1565K(72192K)] 449518K->385598K(582656K), 0.0019134 secs] [Times: user=0.01 sys=0.00, real=0.00 secs] 
2636.767: [GC (Allocation Failure) [PSYoungGen: 71709K->1472K(71168K)] 455742K->385504K(581632K), 0.0022066 secs] [Times: user=0.01 sys=0.01, real=0.00 secs] 
2637.239: [GC (Allocation Failure) [PSYoungGen: 71104K->1472K(70656K)] 455136K->385504K(581120K), 0.0018726 secs] [Times: user=0.01 sys=0.00, real=0.00 secs] 
2637.526: [GC (Allocation Failure) [PSYoungGen: 70592K->1504K(70144K)] 454624K->385536K(580608K), 0.0018909 secs] [Times: user=0.00 sys=0.00, real=0.01 secs] 
2637.811: [GC (Allocation Failure) [PSYoungGen: 70112K->1488K(69632K)] 454144K->385536K(580096K), 0.0021373 secs] [Times: user=0.01 sys=0.00, real=0.00 secs] 
2638.024: [GC (Allocation Failure) [PSYoungGen: 69583K->1533K(69120K)] 453631K->385581K(579584K), 0.0016501 secs] [Times: user=0.00 sys=0.00, real=0.00 secs] 
2638.143: [GC (Allocation Failure) [PSYoungGen: 69114K->1565K(69120K)] 453162K->385614K(579584K), 0.0015243 secs] [Times: user=0.01 sys=0.00, real=0.00 secs] 
2638.261: [GC (Allocation Failure) [PSYoungGen: 68637K->1453K(69632K)] 452686K->385574K(580096K), 0.0016982 secs] [Times: user=0.00 sys=0.00, real=0.00 secs] 
2638.381: [GC (Allocation Failure) [PSYoungGen: 69037K->1501K(76288K)] 453158K->385621K(586752K), 0.0015633 secs] [Times: user=0.00 sys=0.00, real=0.00 secs] 
2639.745: [GC (Allocation Failure) [PSYoungGen: 75741K->1408K(75264K)] 459861K->385528K(585728K), 0.0031165 secs] [Times: user=0.00 sys=0.00, real=0.01 secs] 
2640.629: [GC (Allocation Failure) [PSYoungGen: 75136K->1376K(74752K)] 459256K->385496K(585216K), 0.0030245 secs] [Times: user=0.01 sys=0.00, real=0.00 secs] 
2641.547: [GC (Allocation Failure) [PSYoungGen: 74592K->1408K(74240K)] 458712K->385528K(584704K), 0.0048678 secs] [Times: user=0.02 sys=0.00, real=0.00 secs] 
2642.509: [GC (Allocation Failure) [PSYoungGen: 74112K->1421K(73728K)] 458232K->385550K(584192K), 0.0037558 secs] [Times: user=0.01 sys=0.00, real=0.00 secs] 
2642.707: [GC (Allocation Failure) [PSYoungGen: 73613K->1485K(73216K)] 457742K->385614K(583680K), 0.0016968 secs] [Times: user=0.00 sys=0.00, real=0.00 secs] 
2642.834: [GC (Allocation Failure) [PSYoungGen: 73165K->1517K(72704K)] 457294K->385646K(583168K), 0.0017483 secs] [Times: user=0.01 sys=0.00, real=0.00 secs] 
2642.960: [GC (Allocation Failure) [PSYoungGen: 72685K->1469K(72192K)] 456814K->385597K(582656K), 0.0017037 secs] [Times: user=0.01 sys=0.00, real=0.00 secs] 
2643.922: [GC (Allocation Failure) [PSYoungGen: 72125K->1424K(71680K)] 456253K->385552K(582144K), 0.0043156 secs] [Times: user=0.01 sys=0.00, real=0.01 secs] 
2645.065: [GC (Allocation Failure) [PSYoungGen: 71568K->1344K(71168K)] 455696K->385472K(581632K), 0.0052560 secs] [Times: user=0.02 sys=0.00, real=0.01 secs] 
2645.688: [GC (Allocation Failure) [PSYoungGen: 70976K->1408K(70656K)] 455104K->385536K(581120K), 0.0033294 secs] [Times: user=0.01 sys=0.00, real=0.00 secs] 
2646.179: [GC (Allocation Failure) [PSYoungGen: 70528K->1376K(70144K)] 454656K->385504K(580608K), 0.0028972 secs] [Times: user=0.01 sys=0.00, real=0.00 secs] 
2646.689: [GC (Allocation Failure) [PSYoungGen: 69984K->1469K(69632K)] 454112K->385598K(580096K), 0.0022158 secs] [Times: user=0.01 sys=0.00, real=0.00 secs] 
2646.832: [GC (Allocation Failure) [PSYoungGen: 69565K->1437K(69120K)] 453694K->385565K(579584K), 0.0016482 secs] [Times: user=0.00 sys=0.00, real=0.00 secs] 
2646.952: [GC (Allocation Failure) [PSYoungGen: 69021K->1469K(68608K)] 453149K->385598K(579072K), 0.0016209 secs] [Times: user=0.00 sys=0.00, real=0.00 secs] 
2647.073: [GC (Allocation Failure) [PSYoungGen: 68541K->1453K(69120K)] 452670K->385582K(579584K), 0.0021425 secs] [Times: user=0.01 sys=0.00, real=0.00 secs] 
2647.413: [GC (Allocation Failure) [PSYoungGen: 68525K->1456K(76288K)] 452654K->385584K(586752K), 0.0027437 secs] [Times: user=0.01 sys=0.00, real=0.01 secs] 
2648.208: [GC (Allocation Failure) [PSYoungGen: 75696K->1376K(75264K)] 459824K->385504K(585728K), 0.0028653 secs] [Times: user=0.01 sys=0.00, real=0.00 secs] 
2648.776: [GC (Allocation Failure) [PSYoungGen: 75104K->1376K(74752K)] 459232K->385520K(585216K), 0.0025623 secs] [Times: user=0.01 sys=0.01, real=0.00 secs] 
2649.363: [GC (Allocation Failure) [PSYoungGen: 74592K->1344K(74240K)] 458736K->385488K(584704K), 0.0039134 secs] [Times: user=0.02 sys=0.00, real=0.01 secs] 
2649.740: [GC (Allocation Failure) [PSYoungGen: 74048K->1469K(73728K)] 458192K->385613K(584192K), 0.0021684 secs] [Times: user=0.01 sys=0.00, real=0.00 secs] 
2649.888: [GC (Allocation Failure) [PSYoungGen: 73661K->1501K(73216K)] 457805K->385646K(583680K), 0.0016655 secs] [Times: user=0.00 sys=0.00, real=0.00 secs] 
2650.015: [GC (Allocation Failure) [PSYoungGen: 73181K->1469K(72704K)] 457326K->385613K(583168K), 0.0016971 secs] [Times: user=0.00 sys=0.00, real=0.01 secs] 
2650.370: [GC (Allocation Failure) [PSYoungGen: 72637K->1440K(72192K)] 456781K->385584K(582656K), 0.0021336 secs] [Times: user=0.01 sys=0.00, real=0.00 secs] 
2651.413: [GC (Allocation Failure) [PSYoungGen: 72096K->1312K(71680K)] 456240K->385456K(582144K), 0.0056161 secs] [Times: user=0.03 sys=0.00, real=0.01 secs] 
2652.563: [GC (Allocation Failure) [PSYoungGen: 71456K->1376K(71168K)] 455600K->385520K(581632K), 0.0041217 secs] [Times: user=0.02 sys=0.00, real=0.01 secs] 
2653.376: [GC (Allocation Failure) [PSYoungGen: 71008K->1376K(70656K)] 455152K->385520K(581120K), 0.0037335 secs] [Times: user=0.02 sys=0.00, real=0.00 secs] 
2654.154: [GC (Allocation Failure) [PSYoungGen: 70496K->1456K(70144K)] 454640K->385600K(580608K), 0.0041078 secs] [Times: user=0.02 sys=0.00, real=0.01 secs] 
2654.374: [GC (Allocation Failure) [PSYoungGen: 70064K->1533K(69632K)] 454208K->385678K(580096K), 0.0019526 secs] [Times: user=0.01 sys=0.00, real=0.01 secs] 
2654.498: [GC (Allocation Failure) [PSYoungGen: 69629K->1501K(69120K)] 453774K->385645K(579584K), 0.0016596 secs] [Times: user=0.01 sys=0.00, real=0.00 secs] 
2654.617: [GC (Allocation Failure) [PSYoungGen: 69085K->1501K(68608K)] 453229K->385646K(579072K), 0.0017524 secs] [Times: user=0.01 sys=0.00, real=0.00 secs] 
2655.043: [GC (Allocation Failure) [PSYoungGen: 68573K->1424K(68096K)] 452718K->385568K(578560K), 0.0025666 secs] [Times: user=0.01 sys=0.00, real=0.00 secs] 
2655.633: [GC (Allocation Failure) [PSYoungGen: 67984K->1376K(67584K)] 452128K->385528K(578048K), 0.0030292 secs] [Times: user=0.01 sys=0.00, real=0.01 secs] 
2656.246: [GC (Allocation Failure) [PSYoungGen: 67424K->1344K(67072K)] 451576K->385496K(577536K), 0.0027869 secs] [Times: user=0.00 sys=0.00, real=0.00 secs] 
2656.943: [GC (Allocation Failure) [PSYoungGen: 66880K->1312K(66560K)] 451032K->385472K(577024K), 0.0030912 secs] [Times: user=0.01 sys=0.00, real=0.00 secs] 
2657.659: [GC (Allocation Failure) [PSYoungGen: 66336K->1469K(66048K)] 450496K->385630K(576512K), 0.0039906 secs] [Times: user=0.02 sys=0.00, real=0.00 secs] 
2657.908: [GC (Allocation Failure) [PSYoungGen: 65981K->1501K(65536K)] 450142K->385662K(576000K), 0.0022041 secs] [Times: user=0.00 sys=0.00, real=0.00 secs] 
2658.075: [GC (Allocation Failure) [PSYoungGen: 65501K->1533K(65024K)] 449662K->385694K(575488K), 0.0021534 secs] [Times: user=0.01 sys=0.00, real=0.01 secs] 
2658.218: [GC (Allocation Failure) [PSYoungGen: 65021K->1485K(64512K)] 449182K->385654K(574976K), 0.0017409 secs] [Times: user=0.00 sys=0.00, real=0.00 secs] 
2658.330: [GC (Allocation Failure) [PSYoungGen: 64390K->256K(65024K)] 448559K->384424K(575488K), 0.0016368 secs] [Times: user=0.01 sys=0.00, real=0.00 secs] 
2660.116: [GC (Allocation Failure) [PSYoungGen: 63232K->1344K(64000K)] 447400K->385528K(574464K), 0.0043582 secs] [Times: user=0.01 sys=0.00, real=0.00 secs] 
2660.979: [GC (Allocation Failure) [PSYoungGen: 63808K->1376K(63488K)] 447992K->385560K(573952K), 0.0031824 secs] [Times: user=0.01 sys=0.00, real=0.00 secs] 
2661.484: [GC (Allocation Failure) [PSYoungGen: 63328K->1376K(62976K)] 447512K->385560K(573440K), 0.0028407 secs] [Times: user=0.01 sys=0.00, real=0.01 secs] 
2661.930: [GC (Allocation Failure) [PSYoungGen: 62816K->1408K(62464K)] 447000K->385592K(572928K), 0.0026747 secs] [Times: user=0.01 sys=0.01, real=0.00 secs] 
2662.261: [GC (Allocation Failure) [PSYoungGen: 62336K->1469K(61952K)] 446520K->385654K(572416K), 0.0021936 secs] [Times: user=0.01 sys=0.00, real=0.00 secs] 
2662.387: [GC (Allocation Failure) [PSYoungGen: 61885K->1504K(61440K)] 446070K->385688K(571904K), 0.0017095 secs] [Times: user=0.00 sys=0.00, real=0.00 secs] 
2662.494: [GC (Allocation Failure) [PSYoungGen: 61408K->1469K(60928K)] 445592K->385669K(571392K), 0.0016094 secs] [Times: user=0.01 sys=0.00, real=0.00 secs] 
2662.599: [GC (Allocation Failure) [PSYoungGen: 60861K->1469K(68096K)] 445061K->385670K(578560K), 0.0016180 secs] [Times: user=0.01 sys=0.00, real=0.00 secs] 
2662.843: [GC (Allocation Failure) [PSYoungGen: 67517K->1472K(68096K)] 451718K->385672K(578560K), 0.0018260 secs] [Times: user=0.01 sys=0.00, real=0.00 secs] 
2663.469: [GC (Allocation Failure) [PSYoungGen: 67520K->1376K(67072K)] 451720K->385576K(577536K), 0.0041724 secs] [Times: user=0.02 sys=0.00, real=0.00 secs] 
2663.758: [GC (Allocation Failure) [PSYoungGen: 66912K->1376K(66560K)] 451112K->385576K(577024K), 0.0024553 secs] [Times: user=0.01 sys=0.01, real=0.00 secs] 
2664.034: [GC (Allocation Failure) [PSYoungGen: 66400K->1408K(66048K)] 450600K->385608K(576512K), 0.0021241 secs] [Times: user=0.01 sys=0.00, real=0.01 secs] 
2664.542: [GC (Allocation Failure) [PSYoungGen: 65920K->1344K(65536K)] 450120K->385544K(576000K), 0.0021216 secs] [Times: user=0.01 sys=0.00, real=0.00 secs] 
2664.851: [GC (Allocation Failure) [PSYoungGen: 65344K->1469K(65024K)] 449544K->385669K(575488K), 0.0018555 secs] [Times: user=0.00 sys=0.00, real=0.00 secs] 
2664.963: [GC (Allocation Failure) [PSYoungGen: 64957K->1453K(64512K)] 449157K->385670K(574976K), 0.0017300 secs] [Times: user=0.01 sys=0.00, real=0.00 secs] 
2665.074: [GC (Allocation Failure) [PSYoungGen: 64429K->1469K(65024K)] 448646K->385701K(575488K), 0.0016972 secs] [Times: user=0.01 sys=0.00, real=0.00 secs] 
2665.185: [GC (Allocation Failure) [PSYoungGen: 64445K->1453K(71680K)] 448677K->385686K(582144K), 0.0016268 secs] [Times: user=0.01 sys=0.00, real=0.01 secs] 
2665.753: [GC (Allocation Failure) [PSYoungGen: 71085K->1424K(70656K)] 455318K->385672K(581120K), 0.0020253 secs] [Times: user=0.01 sys=0.01, real=0.00 secs] 
2666.120: [GC (Allocation Failure) [PSYoungGen: 70544K->1312K(70144K)] 454792K->385560K(580608K), 0.0019370 secs] [Times: user=0.01 sys=0.00, real=0.00 secs] 
2666.683: [GC (Allocation Failure) [PSYoungGen: 69920K->1344K(69632K)] 454168K->385592K(580096K), 0.0021898 secs] [Times: user=0.00 sys=0.00, real=0.00 secs] 
2667.464: [GC (Allocation Failure) [PSYoungGen: 69440K->1376K(69120K)] 453688K->385624K(579584K), 0.0045955 secs] [Times: user=0.02 sys=0.00, real=0.01 secs] 
2667.872: [GC (Allocation Failure) [PSYoungGen: 68960K->1501K(68608K)] 453208K->385750K(579072K), 0.0022262 secs] [Times: user=0.01 sys=0.00, real=0.00 secs] 
2668.012: [GC (Allocation Failure) [PSYoungGen: 68572K->1437K(68096K)] 452821K->385685K(578560K), 0.0016448 secs] [Times: user=0.01 sys=0.00, real=0.00 secs] 
2668.129: [GC (Allocation Failure) [PSYoungGen: 67997K->1437K(67584K)] 452245K->385701K(578048K), 0.0016187 secs] [Times: user=0.00 sys=0.00, real=0.00 secs] 
2668.245: [GC (Allocation Failure) [PSYoungGen: 67485K->1501K(68096K)] 451749K->385766K(578560K), 0.0015863 secs] [Times: user=0.01 sys=0.00, real=0.01 secs] 
2668.557: [GC (Allocation Failure) [PSYoungGen: 67549K->1408K(67072K)] 451814K->385672K(577536K), 0.0026686 secs] [Times: user=0.01 sys=0.00, real=0.00 secs] 
2668.872: [GC (Allocation Failure) [PSYoungGen: 66944K->1344K(66560K)] 451208K->385608K(577024K), 0.0019651 secs] [Times: user=0.01 sys=0.00, real=0.00 secs] 
2669.203: [GC (Allocation Failure) [PSYoungGen: 66368K->1344K(66048K)] 450632K->385608K(576512K), 0.0021983 secs] [Times: user=0.01 sys=0.00, real=0.00 secs] 
2669.471: [GC (Allocation Failure) [PSYoungGen: 65856K->1408K(65536K)] 450120K->385672K(576000K), 0.0021031 secs] [Times: user=0.01 sys=0.00, real=0.00 secs] 
2669.706: [GC (Allocation Failure) [PSYoungGen: 65408K->1488K(65024K)] 449672K->385752K(575488K), 0.0016313 secs] [Times: user=0.01 sys=0.00, real=0.00 secs] 
2669.819: [GC (Allocation Failure) [PSYoungGen: 64976K->1453K(64512K)] 449240K->385718K(574976K), 0.0016311 secs] [Times: user=0.01 sys=0.00, real=0.00 secs] 
2669.946: [GC (Allocation Failure) [PSYoungGen: 64429K->1533K(65024K)] 448694K->385798K(575488K), 0.0020188 secs] [Times: user=0.01 sys=0.00, real=0.00 secs] 
2670.085: [GC (Allocation Failure) [PSYoungGen: 64509K->1517K(71680K)] 448774K->385790K(582144K), 0.0019210 secs] [Times: user=0.01 sys=0.00, real=0.01 secs] 
2670.593: [GC (Allocation Failure) [PSYoungGen: 71149K->1424K(70656K)] 455422K->385696K(581120K), 0.0021634 secs] [Times: user=0.01 sys=0.01, real=0.00 secs] 
2671.228: [GC (Allocation Failure) [PSYoungGen: 70544K->1376K(70144K)] 454816K->385648K(580608K), 0.0020973 secs] [Times: user=0.01 sys=0.00, real=0.00 secs] 
2671.813: [GC (Allocation Failure) [PSYoungGen: 69984K->1408K(69632K)] 454256K->385680K(580096K), 0.0022186 secs] [Times: user=0.01 sys=0.00, real=0.00 secs] 
2672.355: [GC (Allocation Failure) [PSYoungGen: 69504K->1408K(69120K)] 453776K->385680K(579584K), 0.0022806 secs] [Times: user=0.00 sys=0.00, real=0.01 secs] 
2672.701: [GC (Allocation Failure) [PSYoungGen: 68992K->1437K(68608K)] 453264K->385710K(579072K), 0.0020175 secs] [Times: user=0.01 sys=0.00, real=0.00 secs] 
2672.828: [GC (Allocation Failure) [PSYoungGen: 68509K->1533K(68096K)] 452782K->385806K(578560K), 0.0016548 secs] [Times: user=0.01 sys=0.00, real=0.00 secs] 
2672.962: [GC (Allocation Failure) [PSYoungGen: 68093K->1501K(68608K)] 452366K->385774K(579072K), 0.0033749 secs] [Times: user=0.01 sys=0.00, real=0.01 secs] 
2673.112: [GC (Allocation Failure) [PSYoungGen: 68061K->1501K(75776K)] 452334K->385781K(586240K), 0.0018661 secs] [Times: user=0.01 sys=0.00, real=0.00 secs] 
2673.641: [GC (Allocation Failure) [PSYoungGen: 75229K->1424K(75776K)] 459509K->385704K(586240K), 0.0063677 secs] [Times: user=0.03 sys=0.00, real=0.01 secs] 
2674.260: [GC (Allocation Failure) [PSYoungGen: 75152K->1408K(74752K)] 459432K->385688K(585216K), 0.0019965 secs] [Times: user=0.01 sys=0.00, real=0.00 secs] 
2674.865: [GC (Allocation Failure) [PSYoungGen: 74624K->1344K(74240K)] 458904K->385624K(584704K), 0.0021867 secs] [Times: user=0.01 sys=0.00, real=0.01 secs] 
2675.485: [GC (Allocation Failure) [PSYoungGen: 74048K->1344K(73728K)] 458328K->385624K(584192K), 0.0022420 secs] [Times: user=0.01 sys=0.00, real=0.01 secs] 
2675.692: [GC (Allocation Failure) [PSYoungGen: 73536K->1501K(73216K)] 457816K->385781K(583680K), 0.0018089 secs] [Times: user=0.01 sys=0.00, real=0.00 secs] 
2675.818: [GC (Allocation Failure) [PSYoungGen: 73181K->1504K(72704K)] 457461K->385784K(583168K), 0.0016606 secs] [Times: user=0.01 sys=0.00, real=0.00 secs] 
2675.943: [GC (Allocation Failure) [PSYoungGen: 72672K->1501K(72192K)] 456952K->385781K(582656K), 0.0017116 secs] [Times: user=0.00 sys=0.00, real=0.00 secs] 
2676.262: [GC (Allocation Failure) [PSYoungGen: 72157K->1440K(71680K)] 456437K->385720K(582144K), 0.0021590 secs] [Times: user=0.01 sys=0.00, real=0.00 secs] 
2677.007: [GC (Allocation Failure) [PSYoungGen: 71584K->1408K(71168K)] 455864K->385688K(581632K), 0.0023551 secs] [Times: user=0.01 sys=0.00, real=0.00 secs] 
2677.617: [GC (Allocation Failure) [PSYoungGen: 71040K->1376K(70656K)] 455320K->385672K(581120K), 0.0022344 secs] [Times: user=0.01 sys=0.00, real=0.00 secs] 
2678.191: [GC (Allocation Failure) [PSYoungGen: 70496K->1408K(70144K)] 454792K->385704K(580608K), 0.0021673 secs] [Times: user=0.00 sys=0.00, real=0.00 secs] 
2678.499: [GC (Allocation Failure) [PSYoungGen: 70016K->1437K(69632K)] 454312K->385733K(580096K), 0.0018641 secs] [Times: user=0.00 sys=0.00, real=0.00 secs] 
2678.627: [GC (Allocation Failure) [PSYoungGen: 69533K->1469K(69120K)] 453829K->385765K(579584K), 0.0017408 secs] [Times: user=0.01 sys=0.00, real=0.00 secs] 
2678.746: [GC (Allocation Failure) [PSYoungGen: 69053K->1469K(68608K)] 453349K->385766K(579072K), 0.0015900 secs] [Times: user=0.01 sys=0.00, real=0.01 secs] 
2678.864: [GC (Allocation Failure) [PSYoungGen: 68541K->1501K(75776K)] 452838K->385797K(586240K), 0.0017124 secs] [Times: user=0.01 sys=0.00, real=0.00 secs] 
2679.163: [GC (Allocation Failure) [PSYoungGen: 75741K->1408K(75264K)] 460037K->385712K(585728K), 0.0017588 secs] [Times: user=0.00 sys=0.00, real=0.00 secs] 
2679.813: [GC (Allocation Failure) [PSYoungGen: 75136K->1376K(74752K)] 459440K->385680K(585216K), 0.0018105 secs] [Times: user=0.01 sys=0.00, real=0.00 secs] 
2680.447: [GC (Allocation Failure) [PSYoungGen: 74592K->1408K(74240K)] 458896K->385712K(584704K), 0.0017207 secs] [Times: user=0.01 sys=0.00, real=0.00 secs] 
2680.947: [GC (Allocation Failure) [PSYoungGen: 74112K->1376K(73728K)] 458416K->385680K(584192K), 0.0020248 secs] [Times: user=0.01 sys=0.00, real=0.00 secs] 
2681.296: [GC (Allocation Failure) [PSYoungGen: 73547K->1437K(73216K)] 457852K->385741K(583680K), 0.0016480 secs] [Times: user=0.01 sys=0.00, real=0.01 secs] 
2681.421: [GC (Allocation Failure) [PSYoungGen: 73117K->1485K(72704K)] 457421K->385790K(583168K), 0.0017619 secs] [Times: user=0.01 sys=0.00, real=0.00 secs] 
2681.548: [GC (Allocation Failure) [PSYoungGen: 72653K->1469K(72192K)] 456958K->385773K(582656K), 0.0016106 secs] [Times: user=0.01 sys=0.00, real=0.00 secs] 
2681.674: [GC (Allocation Failure) [PSYoungGen: 72125K->1469K(71680K)] 456429K->385789K(582144K), 0.0016879 secs] [Times: user=0.00 sys=0.00, real=0.00 secs] 
2682.272: [GC (Allocation Failure) [PSYoungGen: 71613K->1472K(71168K)] 455933K->385792K(581632K), 0.0019105 secs] [Times: user=0.01 sys=0.00, real=0.00 secs] 
2682.929: [GC (Allocation Failure) [PSYoungGen: 71104K->1376K(70656K)] 455424K->385696K(581120K), 0.0020501 secs] [Times: user=0.01 sys=0.00, real=0.00 secs] 
2683.548: [GC (Allocation Failure) [PSYoungGen: 70496K->1408K(70144K)] 454816K->385728K(580608K), 0.0019632 secs] [Times: user=0.01 sys=0.00, real=0.00 secs] 
2684.261: [GC (Allocation Failure) [PSYoungGen: 70016K->1408K(69632K)] 454336K->385728K(580096K), 0.0023974 secs] [Times: user=0.01 sys=0.01, real=0.00 secs] 
2684.538: [GC (Allocation Failure) [PSYoungGen: 69504K->1437K(69120K)] 453824K->385757K(579584K), 0.0015986 secs] [Times: user=0.00 sys=0.00, real=0.00 secs] 
2684.675: [GC (Allocation Failure) [PSYoungGen: 68996K->1533K(68608K)] 453316K->385854K(579072K), 0.0018654 secs] [Times: user=0.00 sys=0.00, real=0.01 secs] 
2684.826: [GC (Allocation Failure) [PSYoungGen: 68605K->480K(67072K)] 452926K->385848K(577536K), 0.0017818 secs] [Times: user=0.01 sys=0.00, real=0.01 secs] 
2684.942: [GC (Allocation Failure) [PSYoungGen: 67040K->493K(68096K)] 452408K->385870K(578560K), 0.0017551 secs] [Times: user=0.00 sys=0.00, real=0.00 secs] 
2685.545: [GC (Allocation Failure) [PSYoungGen: 66541K->1408K(67072K)] 451918K->386784K(577536K), 0.0025615 secs] [Times: user=0.01 sys=0.00, real=0.01 secs] 
2686.225: [GC (Allocation Failure) [PSYoungGen: 66944K->1376K(66560K)] 452320K->386752K(577024K), 0.0027787 secs] [Times: user=0.01 sys=0.00, real=0.01 secs] 
2686.855: [GC (Allocation Failure) [PSYoungGen: 66400K->1408K(66048K)] 451776K->386784K(576512K), 0.0026595 secs] [Times: user=0.01 sys=0.00, real=0.01 secs] 
2687.760: [GC (Allocation Failure) [PSYoungGen: 65920K->1408K(65536K)] 451296K->386784K(576000K), 0.0033177 secs] [Times: user=0.01 sys=0.00, real=0.00 secs] 
2688.250: [GC (Allocation Failure) [PSYoungGen: 65408K->1469K(65024K)] 450784K->386846K(575488K), 0.0021051 secs] [Times: user=0.01 sys=0.00, real=0.00 secs] 
2688.386: [GC (Allocation Failure) [PSYoungGen: 64957K->1469K(64512K)] 450334K->386862K(574976K), 0.0016739 secs] [Times: user=0.01 sys=0.00, real=0.00 secs] 
2688.497: [GC (Allocation Failure) [PSYoungGen: 64445K->1440K(64000K)] 449838K->386832K(574464K), 0.0015901 secs] [Times: user=0.01 sys=0.00, real=0.00 secs] 
2688.607: [GC (Allocation Failure) [PSYoungGen: 63904K->1504K(65536K)] 449296K->386912K(576000K), 0.0022986 secs] [Times: user=0.01 sys=0.00, real=0.00 secs] 
2689.456: [GC (Allocation Failure) [PSYoungGen: 64992K->1392K(64512K)] 450400K->386800K(574976K), 0.0028026 secs] [Times: user=0.01 sys=0.00, real=0.00 secs] 
2690.531: [GC (Allocation Failure) [PSYoungGen: 64368K->1392K(64000K)] 449776K->386800K(574464K), 0.0041515 secs] [Times: user=0.02 sys=0.00, real=0.00 secs] 
2691.053: [GC (Allocation Failure) [PSYoungGen: 63856K->1376K(63488K)] 449264K->386784K(573952K), 0.0026280 secs] [Times: user=0.01 sys=0.00, real=0.00 secs] 
2691.551: [GC (Allocation Failure) [PSYoungGen: 63328K->1376K(62976K)] 448736K->386784K(573440K), 0.0045550 secs] [Times: user=0.01 sys=0.00, real=0.01 secs] 
2692.091: [GC (Allocation Failure) [PSYoungGen: 62816K->1424K(62464K)] 448224K->386832K(572928K), 0.0031511 secs] [Times: user=0.01 sys=0.00, real=0.00 secs] 
2692.274: [GC (Allocation Failure) [PSYoungGen: 62352K->1485K(61952K)] 447760K->386894K(572416K), 0.0019762 secs] [Times: user=0.00 sys=0.01, real=0.01 secs] 
2692.385: [GC (Allocation Failure) [PSYoungGen: 61901K->1469K(61440K)] 447310K->386878K(571904K), 0.0015396 secs] [Times: user=0.00 sys=0.00, real=0.01 secs] 
2692.491: [GC (Allocation Failure) [PSYoungGen: 61373K->1485K(68096K)] 446782K->386902K(578560K), 0.0016139 secs] [Times: user=0.01 sys=0.00, real=0.00 secs] 
2692.609: [GC (Allocation Failure) [PSYoungGen: 67533K->1517K(68608K)] 452950K->386934K(579072K), 0.0016233 secs] [Times: user=0.01 sys=0.00, real=0.00 secs] 
2692.922: [GC (Allocation Failure) [PSYoungGen: 68077K->1440K(67584K)] 453494K->386856K(578048K), 0.0017137 secs] [Times: user=0.01 sys=0.01, real=0.00 secs] 
2693.198: [GC (Allocation Failure) [PSYoungGen: 67488K->1376K(67072K)] 452904K->386792K(577536K), 0.0016192 secs] [Times: user=0.01 sys=0.00, real=0.00 secs] 
2693.469: [GC (Allocation Failure) [PSYoungGen: 66912K->1376K(66560K)] 452328K->386792K(577024K), 0.0019983 secs] [Times: user=0.01 sys=0.01, real=0.00 secs] 
2693.769: [GC (Allocation Failure) [PSYoungGen: 66400K->1408K(66048K)] 451816K->386824K(576512K), 0.0030210 secs] [Times: user=0.01 sys=0.00, real=0.00 secs] 
2693.987: [GC (Allocation Failure) [PSYoungGen: 65920K->1405K(65536K)] 451336K->386822K(576000K), 0.0016789 secs] [Times: user=0.00 sys=0.00, real=0.00 secs] 
2694.100: [GC (Allocation Failure) [PSYoungGen: 65405K->1517K(65024K)] 450822K->386934K(575488K), 0.0016905 secs] [Times: user=0.01 sys=0.00, real=0.00 secs] 
2694.211: [GC (Allocation Failure) [PSYoungGen: 65005K->1485K(65536K)] 450422K->386918K(576000K), 0.0016686 secs] [Times: user=0.01 sys=0.00, real=0.00 secs] 
2694.323: [GC (Allocation Failure) [PSYoungGen: 64973K->1501K(72192K)] 450406K->386934K(582656K), 0.0016400 secs] [Times: user=0.01 sys=0.00, real=0.00 secs] 
2694.771: [GC (Allocation Failure) [PSYoungGen: 71645K->1424K(72192K)] 457078K->386872K(582656K), 0.0021734 secs] [Times: user=0.01 sys=0.00, real=0.00 secs] 
2695.063: [GC (Allocation Failure) [PSYoungGen: 71568K->1424K(71168K)] 457016K->386872K(581632K), 0.0021036 secs] [Times: user=0.01 sys=0.01, real=0.00 secs] 
2695.353: [GC (Allocation Failure) [PSYoungGen: 71056K->1408K(70656K)] 456504K->386856K(581120K), 0.0023327 secs] [Times: user=0.01 sys=0.00, real=0.00 secs] 
2695.643: [GC (Allocation Failure) [PSYoungGen: 70528K->1344K(70144K)] 455976K->386792K(580608K), 0.0028041 secs] [Times: user=0.01 sys=0.00, real=0.01 secs] 
2695.906: [GC (Allocation Failure) [PSYoungGen: 69952K->1533K(77824K)] 455400K->386982K(588288K), 0.0046002 secs] [Times: user=0.02 sys=0.00, real=0.01 secs] 
2696.092: [GC (Allocation Failure) [PSYoungGen: 77309K->1533K(77824K)] 462758K->386982K(588288K), 0.0020644 secs] [Times: user=0.01 sys=0.00, real=0.00 secs] 
2696.281: [GC (Allocation Failure) [PSYoungGen: 77309K->1533K(77824K)] 462758K->386982K(588288K), 0.0023116 secs] [Times: user=0.01 sys=0.00, real=0.00 secs] 
2696.498: [GC (Allocation Failure) [PSYoungGen: 77309K->1968K(86016K)] 462758K->387416K(596480K), 0.0020073 secs] [Times: user=0.01 sys=0.00, real=0.00 secs] 
2696.870: [GC (Allocation Failure) [PSYoungGen: 85936K->1344K(84992K)] 471384K->386792K(595456K), 0.0021009 secs] [Times: user=0.01 sys=0.00, real=0.00 secs] 
2697.581: [GC (Allocation Failure) [PSYoungGen: 84800K->1376K(84480K)] 470248K->386824K(594944K), 0.0031723 secs] [Times: user=0.01 sys=0.00, real=0.00 secs] 
2698.237: [GC (Allocation Failure) [PSYoungGen: 84320K->1344K(83968K)] 469768K->386792K(594432K), 0.0031065 secs] [Times: user=0.01 sys=0.00, real=0.00 secs] 
2698.691: [GC (Allocation Failure) [PSYoungGen: 83776K->1437K(83456K)] 469224K->386886K(593920K), 0.0021930 secs] [Times: user=0.01 sys=0.00, real=0.00 secs] 
2698.851: [GC (Allocation Failure) [PSYoungGen: 83357K->1437K(82944K)] 468806K->386886K(593408K), 0.0017536 secs] [Times: user=0.01 sys=0.00, real=0.00 secs] 
2698.995: [GC (Allocation Failure) [PSYoungGen: 82845K->1517K(82432K)] 468294K->386966K(592896K), 0.0017633 secs] [Times: user=0.01 sys=0.00, real=0.01 secs] 
2699.462: [GC (Allocation Failure) [PSYoungGen: 82413K->1456K(81920K)] 467862K->386904K(592384K), 0.0040941 secs] [Times: user=0.02 sys=0.00, real=0.01 secs] 
2700.099: [GC (Allocation Failure) [PSYoungGen: 81840K->1376K(81408K)] 467288K->386824K(591872K), 0.0028036 secs] [Times: user=0.01 sys=0.00, real=0.00 secs] 
2700.766: [GC (Allocation Failure) [PSYoungGen: 81248K->1376K(80896K)] 466696K->386824K(591360K), 0.0027643 secs] [Times: user=0.01 sys=0.00, real=0.00 secs] 
2701.183: [GC (Allocation Failure) [PSYoungGen: 80736K->1469K(80384K)] 466184K->386918K(590848K), 0.0022139 secs] [Times: user=0.00 sys=0.00, real=0.00 secs] 
2701.340: [GC (Allocation Failure) [PSYoungGen: 80317K->1533K(79872K)] 465766K->386982K(590336K), 0.0017009 secs] [Times: user=0.01 sys=0.00, real=0.00 secs] 
2701.478: [GC (Allocation Failure) [PSYoungGen: 79869K->1501K(79360K)] 465318K->386950K(589824K), 0.0016901 secs] [Times: user=0.01 sys=0.00, real=0.00 secs] 
2701.639: [GC (Allocation Failure) [PSYoungGen: 79325K->1533K(78848K)] 464774K->386982K(589312K), 0.0020458 secs] [Times: user=0.01 sys=0.00, real=0.00 secs] 
2702.485: [GC (Allocation Failure) [PSYoungGen: 78845K->1456K(78336K)] 464294K->386904K(588800K), 0.0023820 secs] [Times: user=0.01 sys=0.00, real=0.01 secs] 
2702.912: [GC (Allocation Failure) [PSYoungGen: 78256K->1376K(77824K)] 463704K->386824K(588288K), 0.0021500 secs] [Times: user=0.01 sys=0.00, real=0.00 secs] 
2703.482: [GC (Allocation Failure) [PSYoungGen: 77664K->1376K(77312K)] 463112K->386824K(587776K), 0.0023723 secs] [Times: user=0.01 sys=0.00, real=0.00 secs] 
2704.301: [GC (Allocation Failure) [PSYoungGen: 77152K->1437K(76800K)] 462600K->386886K(587264K), 0.0032520 secs] [Times: user=0.01 sys=0.00, real=0.00 secs] 
2704.507: [GC (Allocation Failure) [PSYoungGen: 76701K->1472K(76288K)] 462150K->386920K(586752K), 0.0016569 secs] [Times: user=0.00 sys=0.00, real=0.00 secs] 
2704.638: [GC (Allocation Failure) [PSYoungGen: 76224K->1437K(75776K)] 461672K->386886K(586240K), 0.0016882 secs] [Times: user=0.01 sys=0.00, real=0.00 secs] 
2704.770: [GC (Allocation Failure) [PSYoungGen: 75677K->1469K(75264K)] 461126K->386918K(585728K), 0.0016694 secs] [Times: user=0.01 sys=0.00, real=0.00 secs] 
2705.479: [GC (Allocation Failure) [PSYoungGen: 75197K->1440K(74752K)] 460646K->386888K(585216K), 0.0021391 secs] [Times: user=0.01 sys=0.00, real=0.00 secs] 
2706.550: [GC (Allocation Failure) [PSYoungGen: 74656K->1408K(74240K)] 460104K->386856K(584704K), 0.0043646 secs] [Times: user=0.02 sys=0.00, real=0.00 secs] 
2707.283: [GC (Allocation Failure) [PSYoungGen: 74112K->1408K(73728K)] 459560K->386856K(584192K), 0.0028929 secs] [Times: user=0.01 sys=0.00, real=0.01 secs] 
2708.115: [GC (Allocation Failure) [PSYoungGen: 73600K->1408K(73216K)] 459048K->386856K(583680K), 0.0028774 secs] [Times: user=0.01 sys=0.00, real=0.01 secs] 
2708.479: [GC (Allocation Failure) [PSYoungGen: 73088K->1469K(72704K)] 458536K->386918K(583168K), 0.0019583 secs] [Times: user=0.01 sys=0.00, real=0.00 secs] 
2708.612: [GC (Allocation Failure) [PSYoungGen: 72637K->1469K(72192K)] 458086K->386918K(582656K), 0.0015847 secs] [Times: user=0.01 sys=0.00, real=0.00 secs] 
2708.740: [GC (Allocation Failure) [PSYoungGen: 72125K->1488K(71680K)] 457574K->386952K(582144K), 0.0016793 secs] [Times: user=0.01 sys=0.00, real=0.00 secs] 
2709.133: [GC (Allocation Failure) [PSYoungGen: 71632K->1952K(71680K)] 457096K->387416K(582144K), 0.0023265 secs] [Times: user=0.00 sys=0.00, real=0.00 secs] 
2710.550: [GC (Allocation Failure) [PSYoungGen: 71584K->1344K(70656K)] 457048K->386808K(581120K), 0.0049770 secs] [Times: user=0.02 sys=0.00, real=0.00 secs] 
2711.225: [GC (Allocation Failure) [PSYoungGen: 70464K->1408K(70144K)] 455928K->386872K(580608K), 0.0033658 secs] [Times: user=0.01 sys=0.00, real=0.01 secs] 
2712.046: [GC (Allocation Failure) [PSYoungGen: 70016K->1408K(69632K)] 455480K->386872K(580096K), 0.0039984 secs] [Times: user=0.01 sys=0.00, real=0.01 secs] 
2712.715: [GC (Allocation Failure) [PSYoungGen: 69504K->1437K(69120K)] 454968K->386902K(579584K), 0.0027712 secs] [Times: user=0.01 sys=0.00, real=0.01 secs] 
2712.900: [GC (Allocation Failure) [PSYoungGen: 69021K->1485K(68608K)] 454486K->386950K(579072K), 0.0016919 secs] [Times: user=0.01 sys=0.00, real=0.00 secs] 
2713.019: [GC (Allocation Failure) [PSYoungGen: 68557K->1485K(68096K)] 454022K->386950K(578560K), 0.0016250 secs] [Times: user=0.01 sys=0.00, real=0.00 secs] 
2713.135: [GC (Allocation Failure) [PSYoungGen: 68045K->1469K(67584K)] 453510K->386934K(578048K), 0.0016683 secs] [Times: user=0.01 sys=0.00, real=0.01 secs] 
2713.559: [GC (Allocation Failure) [PSYoungGen: 67517K->1440K(67072K)] 452982K->386904K(577536K), 0.0025468 secs] [Times: user=0.01 sys=0.00, real=0.00 secs] 
2715.063: [GC (Allocation Failure) [PSYoungGen: 66976K->1344K(66560K)] 452440K->386808K(577024K), 0.0047880 secs] [Times: user=0.02 sys=0.00, real=0.01 secs] 
2715.852: [GC (Allocation Failure) [PSYoungGen: 66368K->1376K(66048K)] 451832K->386840K(576512K), 0.0029481 secs] [Times: user=0.01 sys=0.00, real=0.00 secs] 
2716.340: [GC (Allocation Failure) [PSYoungGen: 65888K->1408K(65536K)] 451352K->386872K(576000K), 0.0025119 secs] [Times: user=0.01 sys=0.00, real=0.00 secs] 
2716.689: [GC (Allocation Failure) [PSYoungGen: 65408K->1344K(65024K)] 450872K->386808K(575488K), 0.0018816 secs] [Times: user=0.00 sys=0.00, real=0.00 secs] 
2716.888: [GC (Allocation Failure) [PSYoungGen: 64832K->1437K(64512K)] 450296K->386902K(574976K), 0.0018146 secs] [Times: user=0.00 sys=0.00, real=0.00 secs] 
2716.999: [GC (Allocation Failure) [PSYoungGen: 64413K->1517K(64000K)] 449878K->387006K(574464K), 0.0016475 secs] [Times: user=0.01 sys=0.00, real=0.00 secs] 
2717.109: [GC (Allocation Failure) [PSYoungGen: 63981K->1469K(65024K)] 449470K->386974K(575488K), 0.0016280 secs] [Times: user=0.01 sys=0.00, real=0.00 secs] 
2717.220: [GC (Allocation Failure) [PSYoungGen: 64445K->1501K(71168K)] 449950K->387006K(581632K), 0.0015294 secs] [Times: user=0.01 sys=0.00, real=0.00 secs] 
2717.766: [GC (Allocation Failure) [PSYoungGen: 70621K->1392K(70144K)] 456126K->386904K(580608K), 0.0021387 secs] [Times: user=0.01 sys=0.00, real=0.01 secs] 
2718.382: [GC (Allocation Failure) [PSYoungGen: 70000K->1408K(69632K)] 455512K->386920K(580096K), 0.0023733 secs] [Times: user=0.01 sys=0.00, real=0.00 secs] 
2719.079: [GC (Allocation Failure) [PSYoungGen: 69504K->1344K(69120K)] 455016K->386856K(579584K), 0.0024992 secs] [Times: user=0.01 sys=0.00, real=0.00 secs] 
2719.582: [GC (Allocation Failure) [PSYoungGen: 68928K->1376K(68608K)] 454440K->386888K(579072K), 0.0023683 secs] [Times: user=0.01 sys=0.00, real=0.00 secs] 
2719.847: [GC (Allocation Failure) [PSYoungGen: 68448K->1501K(68096K)] 453960K->387014K(578560K), 0.0018596 secs] [Times: user=0.01 sys=0.00, real=0.00 secs] 
2719.982: [GC (Allocation Failure) [PSYoungGen: 68061K->1469K(67584K)] 453574K->386982K(578048K), 0.0018360 secs] [Times: user=0.00 sys=0.00, real=0.00 secs] 
2720.129: [GC (Allocation Failure) [PSYoungGen: 67517K->1501K(67072K)] 453030K->387030K(577536K), 0.0019974 secs] [Times: user=0.01 sys=0.00, real=0.00 secs] 
2720.250: [GC (Allocation Failure) [PSYoungGen: 67037K->1424K(67584K)] 452566K->386952K(578048K), 0.0016077 secs] [Times: user=0.01 sys=0.00, real=0.00 secs] 
2721.459: [GC (Allocation Failure) [PSYoungGen: 66960K->1456K(66560K)] 452488K->386984K(577024K), 0.0028028 secs] [Times: user=0.01 sys=0.00, real=0.00 secs] 
2722.214: [GC (Allocation Failure) [PSYoungGen: 66480K->1344K(66048K)] 452008K->386872K(576512K), 0.0038812 secs] [Times: user=0.01 sys=0.00, real=0.01 secs] 
2722.773: [GC (Allocation Failure) [PSYoungGen: 65856K->1408K(65536K)] 451384K->386936K(576000K), 0.0030492 secs] [Times: user=0.01 sys=0.00, real=0.01 secs] 
2723.312: [GC (Allocation Failure) [PSYoungGen: 65408K->1328K(65024K)] 450936K->386856K(575488K), 0.0031184 secs] [Times: user=0.01 sys=0.00, real=0.00 secs] 
2723.717: [GC (Allocation Failure) [PSYoungGen: 64816K->1453K(64512K)] 450344K->386982K(574976K), 0.0024679 secs] [Times: user=0.01 sys=0.00, real=0.00 secs] 
2723.856: [GC (Allocation Failure) [PSYoungGen: 64429K->1533K(64000K)] 449958K->387062K(574464K), 0.0016612 secs] [Times: user=0.00 sys=0.00, real=0.00 secs] 
2723.967: [GC (Allocation Failure) [PSYoungGen: 63997K->1469K(63488K)] 449526K->386998K(573952K), 0.0017568 secs] [Times: user=0.00 sys=0.00, real=0.00 secs] 
2724.076: [GC (Allocation Failure) [PSYoungGen: 63421K->1501K(64000K)] 448950K->387046K(574464K), 0.0016195 secs] [Times: user=0.01 sys=0.01, real=0.01 secs] 
2724.584: [GC (Allocation Failure) [PSYoungGen: 63453K->1472K(62976K)] 448998K->387016K(573440K), 0.0032481 secs] [Times: user=0.01 sys=0.00, real=0.01 secs] 
2724.928: [GC (Allocation Failure) [PSYoungGen: 62912K->1408K(62464K)] 448456K->386952K(572928K), 0.0021815 secs] [Times: user=0.01 sys=0.00, real=0.00 secs] 
2725.235: [GC (Allocation Failure) [PSYoungGen: 62336K->1376K(61952K)] 447880K->386920K(572416K), 0.0020647 secs] [Times: user=0.01 sys=0.00, real=0.01 secs] 
2725.487: [GC (Allocation Failure) [PSYoungGen: 61792K->1408K(61440K)] 447336K->386952K(571904K), 0.0021612 secs] [Times: user=0.01 sys=0.00, real=0.00 secs] 
2725.741: [GC (Allocation Failure) [PSYoungGen: 61312K->1408K(60928K)] 446856K->386952K(571392K), 0.0020308 secs] [Times: user=0.01 sys=0.00, real=0.00 secs] 
2726.001: [GC (Allocation Failure) [PSYoungGen: 60800K->1437K(60416K)] 446344K->386982K(570880K), 0.0017057 secs] [Times: user=0.00 sys=0.00, real=0.00 secs] 
2726.107: [GC (Allocation Failure) [PSYoungGen: 60317K->1469K(60928K)] 445862K->387014K(571392K), 0.0016553 secs] [Times: user=0.01 sys=0.00, real=0.00 secs] 
2726.213: [GC (Allocation Failure) [PSYoungGen: 60349K->1469K(60928K)] 445894K->387022K(571392K), 0.0016678 secs] [Times: user=0.01 sys=0.01, real=0.00 secs] 
2726.318: [GC (Allocation Failure) [PSYoungGen: 60349K->1501K(60928K)] 445902K->387062K(571392K), 0.0015740 secs] [Times: user=0.00 sys=0.00, real=0.00 secs] 
2726.550: [GC (Allocation Failure) [PSYoungGen: 60381K->1440K(66560K)] 445942K->387000K(577024K), 0.0019529 secs] [Times: user=0.00 sys=0.00, real=0.00 secs] 
2727.405: [GC (Allocation Failure) [PSYoungGen: 66464K->1344K(66048K)] 452024K->386904K(576512K), 0.0047245 secs] [Times: user=0.02 sys=0.00, real=0.01 secs] 
2728.223: [GC (Allocation Failure) [PSYoungGen: 65856K->1376K(65536K)] 451416K->386936K(576000K), 0.0039885 secs] [Times: user=0.01 sys=0.01, real=0.01 secs] 
2728.504: [GC (Allocation Failure) [PSYoungGen: 65376K->1344K(65024K)] 450936K->386904K(575488K), 0.0021189 secs] [Times: user=0.00 sys=0.00, real=0.01 secs] 
2728.768: [GC (Allocation Failure) [PSYoungGen: 64832K->1344K(64512K)] 450392K->386904K(574976K), 0.0021679 secs] [Times: user=0.01 sys=0.00, real=0.00 secs] 
2728.939: [GC (Allocation Failure) [PSYoungGen: 64320K->1440K(64000K)] 449880K->387000K(574464K), 0.0016438 secs] [Times: user=0.01 sys=0.00, real=0.00 secs] 
2729.052: [GC (Allocation Failure) [PSYoungGen: 63904K->1517K(64512K)] 449464K->387094K(574976K), 0.0026041 secs] [Times: user=0.01 sys=0.00, real=0.00 secs] 
2729.167: [GC (Allocation Failure) [PSYoungGen: 63981K->1437K(64512K)] 449558K->387014K(574976K), 0.0015141 secs] [Times: user=0.00 sys=0.00, real=0.00 secs] 
2729.294: [GC (Allocation Failure) [PSYoungGen: 63901K->1533K(71680K)] 449478K->387110K(582144K), 0.0018374 secs] [Times: user=0.01 sys=0.00, real=0.00 secs] 
2729.608: [GC (Allocation Failure) [PSYoungGen: 71165K->1440K(71680K)] 456742K->387016K(582144K), 0.0022287 secs] [Times: user=0.01 sys=0.00, real=0.00 secs] 
2729.897: [GC (Allocation Failure) [PSYoungGen: 71072K->1408K(78336K)] 456648K->386984K(588800K), 0.0019584 secs] [Times: user=0.01 sys=0.00, real=0.00 secs] 
2730.265: [GC (Allocation Failure) [PSYoungGen: 78208K->1344K(77824K)] 463784K->386920K(588288K), 0.0021326 secs] [Times: user=0.00 sys=0.00, real=0.01 secs] 
2730.629: [GC (Allocation Failure) [PSYoungGen: 77632K->1344K(77312K)] 463208K->386920K(587776K), 0.0022267 secs] [Times: user=0.00 sys=0.00, real=0.00 secs] 
2730.848: [GC (Allocation Failure) [PSYoungGen: 77120K->1501K(76800K)] 462696K->387078K(587264K), 0.0016764 secs] [Times: user=0.01 sys=0.00, real=0.00 secs] 
2730.979: [GC (Allocation Failure) [PSYoungGen: 76765K->1504K(76288K)] 462342K->387080K(586752K), 0.0017363 secs] [Times: user=0.01 sys=0.00, real=0.00 secs] 
2731.111: [GC (Allocation Failure) [PSYoungGen: 76256K->1437K(75776K)] 461832K->387030K(586240K), 0.0016116 secs] [Times: user=0.00 sys=0.00, real=0.00 secs] 
2731.566: [GC (Allocation Failure) [PSYoungGen: 75677K->1456K(75264K)] 461270K->387048K(585728K), 0.0020776 secs] [Times: user=0.01 sys=0.00, real=0.00 secs] 
2732.292: [GC (Allocation Failure) [PSYoungGen: 75184K->1360K(74752K)] 460776K->386952K(585216K), 0.0051073 secs] [Times: user=0.02 sys=0.00, real=0.01 secs] 
2733.103: [GC (Allocation Failure) [PSYoungGen: 74576K->1376K(74240K)] 460168K->386968K(584704K), 0.0038115 secs] [Times: user=0.02 sys=0.00, real=0.01 secs] 
2733.656: [GC (Allocation Failure) [PSYoungGen: 74080K->1376K(73728K)] 459672K->386968K(584192K), 0.0025879 secs] [Times: user=0.01 sys=0.00, real=0.00 secs] 
2734.014: [GC (Allocation Failure) [PSYoungGen: 73568K->1469K(73216K)] 459160K->387062K(583680K), 0.0018722 secs] [Times: user=0.01 sys=0.00, real=0.00 secs] 
2734.143: [GC (Allocation Failure) [PSYoungGen: 73149K->1501K(72704K)] 458742K->387094K(583168K), 0.0016486 secs] [Times: user=0.01 sys=0.00, real=0.00 secs] 
2734.269: [GC (Allocation Failure) [PSYoungGen: 72669K->1549K(72704K)] 458262K->387142K(583168K), 0.0016027 secs] [Times: user=0.01 sys=0.00, real=0.00 secs] 
2734.395: [GC (Allocation Failure) [PSYoungGen: 72105K->224K(73216K)] 457698K->385816K(583680K), 0.0018248 secs] [Times: user=0.01 sys=0.00, real=0.01 secs] 
2735.605: [GC (Allocation Failure) [PSYoungGen: 71392K->1376K(72192K)] 456984K->386968K(582656K), 0.0031710 secs] [Times: user=0.01 sys=0.01, real=0.01 secs] 
2736.466: [GC (Allocation Failure) [PSYoungGen: 72032K->1344K(71680K)] 457624K->386936K(582144K), 0.0031150 secs] [Times: user=0.01 sys=0.00, real=0.00 secs] 
2737.153: [GC (Allocation Failure) [PSYoungGen: 71488K->1376K(71168K)] 457080K->386968K(581632K), 0.0027379 secs] [Times: user=0.01 sys=0.00, real=0.01 secs] 
2737.673: [GC (Allocation Failure) [PSYoungGen: 70765K->240K(69632K)] 456358K->385832K(580096K), 0.0025068 secs] [Times: user=0.01 sys=0.00, real=0.00 secs] 
2737.848: [GC (Allocation Failure) [PSYoungGen: 69328K->1469K(70144K)] 454920K->387062K(580608K), 0.0018366 secs] [Times: user=0.01 sys=0.00, real=0.00 secs] 
2737.969: [GC (Allocation Failure) [PSYoungGen: 70077K->1517K(69632K)] 455670K->387110K(580096K), 0.0018345 secs] [Times: user=0.01 sys=0.00, real=0.00 secs] 
2738.089: [GC (Allocation Failure) [PSYoungGen: 69613K->1533K(75776K)] 455206K->387126K(586240K), 0.0017129 secs] [Times: user=0.01 sys=0.00, real=0.00 secs] 
2738.500: [GC (Allocation Failure) [PSYoungGen: 75773K->1408K(75264K)] 461366K->387008K(585728K), 0.0021643 secs] [Times: user=0.01 sys=0.00, real=0.00 secs] 
2739.202: [GC (Allocation Failure) [PSYoungGen: 75136K->1376K(74752K)] 460736K->386976K(585216K), 0.0031402 secs] [Times: user=0.01 sys=0.01, real=0.00 secs] 
2739.598: [GC (Allocation Failure) [PSYoungGen: 74592K->1392K(74240K)] 460192K->386992K(584704K), 0.0021598 secs] [Times: user=0.01 sys=0.00, real=0.00 secs] 
2740.158: [GC (Allocation Failure) [PSYoungGen: 74096K->1376K(73728K)] 459696K->386976K(584192K), 0.0022495 secs] [Times: user=0.01 sys=0.00, real=0.00 secs] 
2740.632: [GC (Allocation Failure) [PSYoungGen: 73568K->1437K(73216K)] 459168K->387038K(583680K), 0.0017205 secs] [Times: user=0.00 sys=0.00, real=0.00 secs] 
2740.758: [GC (Allocation Failure) [PSYoungGen: 73117K->1517K(72704K)] 458718K->387118K(583168K), 0.0018215 secs] [Times: user=0.01 sys=0.00, real=0.00 secs] 
2740.884: [GC (Allocation Failure) [PSYoungGen: 72685K->1440K(72192K)] 458286K->387040K(582656K), 0.0016696 secs] [Times: user=0.01 sys=0.00, real=0.00 secs] 
2741.008: [GC (Allocation Failure) [PSYoungGen: 72096K->1469K(71680K)] 457696K->387086K(582144K), 0.0016161 secs] [Times: user=0.01 sys=0.00, real=0.00 secs] 
2741.967: [GC (Allocation Failure) [PSYoungGen: 71613K->1440K(71168K)] 457230K->387056K(581632K), 0.0028188 secs] [Times: user=0.01 sys=0.00, real=0.00 secs] 
2743.021: [GC (Allocation Failure) [PSYoungGen: 71072K->1376K(70656K)] 456688K->386992K(581120K), 0.0042531 secs] [Times: user=0.02 sys=0.00, real=0.00 secs] 
2743.780: [GC (Allocation Failure) [PSYoungGen: 70496K->1440K(70144K)] 456112K->387056K(580608K), 0.0028006 secs] [Times: user=0.01 sys=0.00, real=0.00 secs] 
2744.325: [GC (Allocation Failure) [PSYoungGen: 70048K->1376K(69632K)] 455664K->386992K(580096K), 0.0028194 secs] [Times: user=0.01 sys=0.00, real=0.01 secs] 
2744.679: [GC (Allocation Failure) [PSYoungGen: 69472K->1533K(69120K)] 455088K->387150K(579584K), 0.0020031 secs] [Times: user=0.01 sys=0.00, real=0.00 secs] 
2744.807: [GC (Allocation Failure) [PSYoungGen: 69117K->1469K(68608K)] 454734K->387086K(579072K), 0.0016590 secs] [Times: user=0.01 sys=0.00, real=0.00 secs] 
2744.925: [GC (Allocation Failure) [PSYoungGen: 68541K->1485K(68096K)] 454158K->387102K(578560K), 0.0016894 secs] [Times: user=0.01 sys=0.00, real=0.01 secs] 
2745.042: [GC (Allocation Failure) [PSYoungGen: 68045K->1469K(68608K)] 453662K->387094K(579072K), 0.0016477 secs] [Times: user=0.00 sys=0.00, real=0.00 secs] 
2747.223: [GC (Allocation Failure) [PSYoungGen: 68029K->1408K(67584K)] 453654K->387032K(578048K), 0.0046949 secs] [Times: user=0.01 sys=0.00, real=0.01 secs] 
2748.255: [GC (Allocation Failure) [PSYoungGen: 67456K->1408K(67072K)] 453080K->387032K(577536K), 0.0035673 secs] [Times: user=0.01 sys=0.00, real=0.01 secs] 
2749.255: [GC (Allocation Failure) [PSYoungGen: 66944K->1408K(66560K)] 452568K->387032K(577024K), 0.0032956 secs] [Times: user=0.02 sys=0.00, real=0.01 secs] 
2750.161: [GC (Allocation Failure) [PSYoungGen: 66432K->1408K(66048K)] 452056K->387032K(576512K), 0.0035571 secs] [Times: user=0.01 sys=0.00, real=0.00 secs] 
2750.600: [GC (Allocation Failure) [PSYoungGen: 65920K->1469K(65536K)] 451544K->387094K(576000K), 0.0024375 secs] [Times: user=0.01 sys=0.00, real=0.00 secs] 
2750.740: [GC (Allocation Failure) [PSYoungGen: 65469K->1469K(65024K)] 451094K->387094K(575488K), 0.0017643 secs] [Times: user=0.00 sys=0.00, real=0.00 secs] 
2750.851: [GC (Allocation Failure) [PSYoungGen: 64957K->1469K(64512K)] 450582K->387094K(574976K), 0.0017592 secs] [Times: user=0.00 sys=0.00, real=0.00 secs] 
2750.962: [GC (Allocation Failure) [PSYoungGen: 64445K->1421K(65024K)] 450070K->387062K(575488K), 0.0018286 secs] [Times: user=0.01 sys=0.00, real=0.00 secs] 
2751.241: [GC (Allocation Failure) [PSYoungGen: 64397K->1424K(64000K)] 450038K->387064K(574464K), 0.0020542 secs] [Times: user=0.00 sys=0.00, real=0.00 secs] 
2751.512: [GC (Allocation Failure) [PSYoungGen: 63888K->1424K(63488K)] 449528K->387064K(573952K), 0.0020408 secs] [Times: user=0.01 sys=0.00, real=0.00 secs] 
2751.878: [GC (Allocation Failure) [PSYoungGen: 63376K->1344K(62976K)] 449016K->386984K(573440K), 0.0031850 secs] [Times: user=0.01 sys=0.00, real=0.00 secs] 
2752.346: [GC (Allocation Failure) [PSYoungGen: 62784K->1376K(62464K)] 448424K->387016K(572928K), 0.0030394 secs] [Times: user=0.01 sys=0.00, real=0.00 secs] 
2752.825: [GC (Allocation Failure) [PSYoungGen: 62174K->288K(60928K)] 447815K->385928K(571392K), 0.0029174 secs] [Times: user=0.02 sys=0.00, real=0.01 secs] 
2752.999: [GC (Allocation Failure) [PSYoungGen: 60704K->1437K(61440K)] 446344K->387078K(571904K), 0.0019437 secs] [Times: user=0.01 sys=0.00, real=0.00 secs] 
2753.107: [GC (Allocation Failure) [PSYoungGen: 61341K->1469K(61952K)] 446982K->387110K(572416K), 0.0017305 secs] [Times: user=0.01 sys=0.00, real=0.00 secs] 
2753.212: [GC (Allocation Failure) [PSYoungGen: 61369K->1469K(68096K)] 447009K->387118K(578560K), 0.0016446 secs] [Times: user=0.01 sys=0.00, real=0.00 secs] 
2753.329: [GC (Allocation Failure) [PSYoungGen: 67517K->1501K(68096K)] 453166K->387150K(578560K), 0.0023171 secs] [Times: user=0.01 sys=0.00, real=0.00 secs] 
2753.855: [GC (Allocation Failure) [PSYoungGen: 67549K->1424K(74752K)] 453198K->387072K(585216K), 0.0034165 secs] [Times: user=0.01 sys=0.00, real=0.01 secs] 
2754.174: [GC (Allocation Failure) [PSYoungGen: 74640K->1344K(75264K)] 460288K->386992K(585728K), 0.0020795 secs] [Times: user=0.00 sys=0.00, real=0.00 secs] 
2754.547: [GC (Allocation Failure) [PSYoungGen: 74560K->1344K(74240K)] 460208K->386992K(584704K), 0.0026897 secs] [Times: user=0.01 sys=0.00, real=0.00 secs] 
2754.843: [GC (Allocation Failure) [PSYoungGen: 74048K->1376K(73728K)] 459696K->387032K(584192K), 0.0021354 secs] [Times: user=0.01 sys=0.00, real=0.00 secs] 
2755.033: [GC (Allocation Failure) [PSYoungGen: 73568K->1437K(73216K)] 459224K->387094K(583680K), 0.0015978 secs] [Times: user=0.00 sys=0.00, real=0.00 secs] 
2755.159: [GC (Allocation Failure) [PSYoungGen: 73117K->1501K(72704K)] 458774K->387158K(583168K), 0.0017203 secs] [Times: user=0.01 sys=0.00, real=0.00 secs] 
2755.284: [GC (Allocation Failure) [PSYoungGen: 72669K->1469K(80384K)] 458326K->387142K(590848K), 0.0016369 secs] [Times: user=0.00 sys=0.00, real=0.00 secs] 
2755.547: [GC (Allocation Failure) [PSYoungGen: 80317K->1440K(79872K)] 465990K->387112K(590336K), 0.0021016 secs] [Times: user=0.01 sys=0.00, real=0.00 secs] 
2755.901: [GC (Allocation Failure) [PSYoungGen: 79776K->1376K(79360K)] 465448K->387048K(589824K), 0.0020671 secs] [Times: user=0.01 sys=0.00, real=0.00 secs] 
2756.237: [GC (Allocation Failure) [PSYoungGen: 79200K->1376K(78848K)] 464872K->387048K(589312K), 0.0019491 secs] [Times: user=0.00 sys=0.00, real=0.00 secs] 
2756.608: [GC (Allocation Failure) [PSYoungGen: 78688K->1440K(78336K)] 464360K->387112K(588800K), 0.0021412 secs] [Times: user=0.01 sys=0.00, real=0.00 secs] 
2756.852: [GC (Allocation Failure) [PSYoungGen: 78240K->1440K(77824K)] 463912K->387112K(588288K), 0.0016438 secs] [Times: user=0.01 sys=0.00, real=0.00 secs] 
2756.986: [GC (Allocation Failure) [PSYoungGen: 77728K->1501K(77312K)] 463400K->387174K(587776K), 0.0018702 secs] [Times: user=0.00 sys=0.00, real=0.00 secs] 
2757.121: [GC (Allocation Failure) [PSYoungGen: 77277K->1501K(76800K)] 462950K->387174K(587264K), 0.0016763 secs] [Times: user=0.00 sys=0.00, real=0.00 secs] 
2758.413: [GC (Allocation Failure) [PSYoungGen: 76765K->1424K(76288K)] 462438K->387096K(586752K), 0.0049961 secs] [Times: user=0.02 sys=0.00, real=0.01 secs] 
2759.714: [GC (Allocation Failure) [PSYoungGen: 76176K->1376K(75776K)] 461848K->387048K(586240K), 0.0038180 secs] [Times: user=0.01 sys=0.00, real=0.01 secs] 
2760.284: [GC (Allocation Failure) [PSYoungGen: 75616K->1376K(75264K)] 461288K->387048K(585728K), 0.0028959 secs] [Times: user=0.01 sys=0.00, real=0.01 secs] 
2760.923: [GC (Allocation Failure) [PSYoungGen: 75104K->1344K(74752K)] 460776K->387016K(585216K), 0.0023737 secs] [Times: user=0.01 sys=0.00, real=0.00 secs] 
2761.300: [GC (Allocation Failure) [PSYoungGen: 74560K->1421K(74240K)] 460232K->387094K(584704K), 0.0018793 secs] [Times: user=0.01 sys=0.00, real=0.00 secs] 
2761.433: [GC (Allocation Failure) [PSYoungGen: 74125K->1485K(73728K)] 459798K->387158K(584192K), 0.0016691 secs] [Times: user=0.00 sys=0.00, real=0.00 secs] 
2761.561: [GC (Allocation Failure) [PSYoungGen: 73677K->1549K(73728K)] 459350K->387222K(584192K), 0.0016219 secs] [Times: user=0.00 sys=0.00, real=0.00 secs] 
2761.687: [GC (Allocation Failure) [PSYoungGen: 73229K->1501K(72704K)] 458902K->387174K(583168K), 0.0016762 secs] [Times: user=0.01 sys=0.00, real=0.00 secs] 
2762.003: [GC (Allocation Failure) [PSYoungGen: 72669K->1408K(72192K)] 458342K->387080K(582656K), 0.0018347 secs] [Times: user=0.01 sys=0.00, real=0.00 secs] 
2762.297: [GC (Allocation Failure) [PSYoungGen: 72064K->1376K(71680K)] 457736K->387048K(582144K), 0.0018479 secs] [Times: user=0.01 sys=0.00, real=0.00 secs] 
2762.587: [GC (Allocation Failure) [PSYoungGen: 71520K->1408K(71168K)] 457192K->387080K(581632K), 0.0016427 secs] [Times: user=0.01 sys=0.00, real=0.00 secs] 
2762.880: [GC (Allocation Failure) [PSYoungGen: 71040K->1376K(70656K)] 456712K->387048K(581120K), 0.0020236 secs] [Times: user=0.00 sys=0.00, real=0.00 secs] 
2763.025: [GC (Allocation Failure) [PSYoungGen: 70496K->1517K(70144K)] 456168K->387190K(580608K), 0.0016411 secs] [Times: user=0.01 sys=0.00, real=0.01 secs] 
2763.146: [GC (Allocation Failure) [PSYoungGen: 70123K->1453K(69632K)] 455795K->387126K(580096K), 0.0016840 secs] [Times: user=0.01 sys=0.00, real=0.00 secs] 
2763.268: [GC (Allocation Failure) [PSYoungGen: 69549K->1501K(70144K)] 455222K->387174K(580608K), 0.0016530 secs] [Times: user=0.01 sys=0.00, real=0.00 secs] 
2763.587: [GC (Allocation Failure) [PSYoungGen: 70109K->1408K(69632K)] 455782K->387080K(580096K), 0.0019548 secs] [Times: user=0.01 sys=0.00, real=0.00 secs] 
2764.168: [GC (Allocation Failure) [PSYoungGen: 69504K->1408K(69120K)] 455176K->387080K(579584K), 0.0020188 secs] [Times: user=0.01 sys=0.00, real=0.00 secs] 
2764.731: [GC (Allocation Failure) [PSYoungGen: 68992K->1408K(68608K)] 454664K->387080K(579072K), 0.0020670 secs] [Times: user=0.01 sys=0.00, real=0.00 secs] 
2765.436: [GC (Allocation Failure) [PSYoungGen: 68480K->1408K(68096K)] 454152K->387080K(578560K), 0.0022873 secs] [Times: user=0.01 sys=0.00, real=0.00 secs] 
2765.996: [GC (Allocation Failure) [PSYoungGen: 67968K->1437K(67584K)] 453640K->387110K(578048K), 0.0023613 secs] [Times: user=0.01 sys=0.00, real=0.00 secs] 
2766.141: [GC (Allocation Failure) [PSYoungGen: 67485K->1504K(67072K)] 453158K->387176K(577536K), 0.0016590 secs] [Times: user=0.01 sys=0.00, real=0.00 secs] 
2766.256: [GC (Allocation Failure) [PSYoungGen: 67015K->1533K(66560K)] 452688K->387222K(577024K), 0.0017409 secs] [Times: user=0.01 sys=0.00, real=0.01 secs] 
2766.387: [GC (Allocation Failure) [PSYoungGen: 66557K->1437K(66048K)] 452246K->387126K(576512K), 0.0018612 secs] [Times: user=0.01 sys=0.00, real=0.00 secs] 
2766.607: [GC (Allocation Failure) [PSYoungGen: 65760K->1568K(66560K)] 451449K->387256K(577024K), 0.0023762 secs] [Times: user=0.01 sys=0.00, real=0.00 secs] 
2767.218: [GC (Allocation Failure) [PSYoungGen: 66080K->1376K(65536K)] 451768K->387064K(576000K), 0.0023537 secs] [Times: user=0.00 sys=0.00, real=0.00 secs] 
2767.771: [GC (Allocation Failure) [PSYoungGen: 65376K->1408K(65024K)] 451064K->387096K(575488K), 0.0023173 secs] [Times: user=0.01 sys=0.00, real=0.00 secs] 
2768.084: [GC (Allocation Failure) [PSYoungGen: 64896K->1376K(64512K)] 450584K->387064K(574976K), 0.0021336 secs] [Times: user=0.01 sys=0.00, real=0.00 secs] 
2768.376: [GC (Allocation Failure) [PSYoungGen: 64352K->1408K(64000K)] 450040K->387096K(574464K), 0.0021446 secs] [Times: user=0.00 sys=0.00, real=0.00 secs] 
2768.570: [GC (Allocation Failure) [PSYoungGen: 63872K->1469K(63488K)] 449560K->387158K(573952K), 0.0015320 secs] [Times: user=0.00 sys=0.00, real=0.00 secs] 
2768.681: [GC (Allocation Failure) [PSYoungGen: 63421K->1440K(62976K)] 449110K->387128K(573440K), 0.0017208 secs] [Times: user=0.01 sys=0.00, real=0.00 secs] 
2768.791: [GC (Allocation Failure) [PSYoungGen: 62880K->1501K(69120K)] 448568K->387206K(579584K), 0.0015799 secs] [Times: user=0.01 sys=0.00, real=0.00 secs] 
2768.912: [GC (Allocation Failure) [PSYoungGen: 69085K->1533K(69632K)] 454790K->387238K(580096K), 0.0016568 secs] [Times: user=0.00 sys=0.00, real=0.00 secs] 
2769.275: [GC (Allocation Failure) [PSYoungGen: 69117K->1392K(68608K)] 454822K->387096K(579072K), 0.0020249 secs] [Times: user=0.00 sys=0.00, real=0.01 secs] 
2769.739: [GC (Allocation Failure) [PSYoungGen: 68464K->1344K(68096K)] 454168K->387048K(578560K), 0.0019933 secs] [Times: user=0.00 sys=0.00, real=0.00 secs] 
2770.245: [GC (Allocation Failure) [PSYoungGen: 67904K->1344K(67584K)] 453608K->387048K(578048K), 0.0027563 secs] [Times: user=0.01 sys=0.00, real=0.01 secs] 
2770.834: [GC (Allocation Failure) [PSYoungGen: 67392K->1312K(67072K)] 453096K->387016K(577536K), 0.0027965 secs] [Times: user=0.01 sys=0.00, real=0.01 secs] 
2771.334: [GC (Allocation Failure) [PSYoungGen: 66848K->1440K(66560K)] 452552K->387144K(577024K), 0.0022825 secs] [Times: user=0.01 sys=0.00, real=0.01 secs] 
2771.478: [GC (Allocation Failure) [PSYoungGen: 66464K->1504K(66048K)] 452168K->387208K(576512K), 0.0017521 secs] [Times: user=0.00 sys=0.00, real=0.00 secs] 
2771.592: [GC (Allocation Failure) [PSYoungGen: 66001K->1517K(65536K)] 451705K->387230K(576000K), 0.0016085 secs] [Times: user=0.01 sys=0.00, real=0.00 secs] 
2771.723: [GC (Allocation Failure) [PSYoungGen: 65517K->1501K(72192K)] 451230K->387214K(582656K), 0.0018256 secs] [Times: user=0.01 sys=0.00, real=0.00 secs] 
2772.130: [GC (Allocation Failure) [PSYoungGen: 72157K->1392K(71680K)] 457870K->387112K(582144K), 0.0026677 secs] [Times: user=0.01 sys=0.00, real=0.00 secs] 
2772.709: [GC (Allocation Failure) [PSYoungGen: 71536K->1376K(71168K)] 457256K->387096K(581632K), 0.0022168 secs] [Times: user=0.00 sys=0.00, real=0.00 secs] 
2773.218: [GC (Allocation Failure) [PSYoungGen: 71008K->1376K(70656K)] 456728K->387096K(581120K), 0.0028997 secs] [Times: user=0.01 sys=0.01, real=0.00 secs] 
2773.823: [GC (Allocation Failure) [PSYoungGen: 70496K->1408K(70144K)] 456216K->387128K(580608K), 0.0028583 secs] [Times: user=0.01 sys=0.00, real=0.01 secs] 
2774.365: [GC (Allocation Failure) [PSYoungGen: 70016K->1437K(69632K)] 455736K->387158K(580096K), 0.0026853 secs] [Times: user=0.01 sys=0.01, real=0.01 secs] 
2774.525: [GC (Allocation Failure) [PSYoungGen: 69533K->1453K(69120K)] 455254K->387174K(579584K), 0.0015951 secs] [Times: user=0.01 sys=0.00, real=0.01 secs] 
2774.644: [GC (Allocation Failure) [PSYoungGen: 69037K->1501K(68608K)] 454758K->387222K(579072K), 0.0017522 secs] [Times: user=0.01 sys=0.00, real=0.01 secs] 
2774.762: [GC (Allocation Failure) [PSYoungGen: 68561K->1501K(68096K)] 454282K->387230K(578560K), 0.0016208 secs] [Times: user=0.01 sys=0.00, real=0.00 secs] 
2775.017: [GC (Allocation Failure) [PSYoungGen: 68061K->1456K(67584K)] 453790K->387184K(578048K), 0.0019715 secs] [Times: user=0.01 sys=0.00, real=0.00 secs] 
2775.366: [GC (Allocation Failure) [PSYoungGen: 67504K->1376K(67072K)] 453232K->387112K(577536K), 0.0021361 secs] [Times: user=0.01 sys=0.00, real=0.00 secs] 
2775.639: [GC (Allocation Failure) [PSYoungGen: 66912K->1408K(66560K)] 452648K->387144K(577024K), 0.0021819 secs] [Times: user=0.01 sys=0.00, real=0.00 secs] 
2775.909: [GC (Allocation Failure) [PSYoungGen: 66432K->1408K(66048K)] 452168K->387144K(576512K), 0.0020377 secs] [Times: user=0.01 sys=0.00, real=0.00 secs] 
2776.172: [GC (Allocation Failure) [PSYoungGen: 65920K->1437K(65536K)] 451656K->387190K(576000K), 0.0025167 secs] [Times: user=0.01 sys=0.00, real=0.00 secs] 
2776.356: [GC (Allocation Failure) [PSYoungGen: 65437K->1533K(65024K)] 451190K->387286K(575488K), 0.0021183 secs] [Times: user=0.00 sys=0.00, real=0.00 secs] 
2776.482: [GC (Allocation Failure) [PSYoungGen: 65021K->1517K(64512K)] 450774K->387270K(574976K), 0.0016143 secs] [Times: user=0.00 sys=0.00, real=0.00 secs] 
2776.593: [GC (Allocation Failure) [PSYoungGen: 64493K->1501K(65024K)] 450246K->387270K(575488K), 0.0017060 secs] [Times: user=0.01 sys=0.00, real=0.00 secs] 
2777.251: [GC (Allocation Failure) [PSYoungGen: 64477K->1472K(64000K)] 450246K->387240K(574464K), 0.0041143 secs] [Times: user=0.01 sys=0.01, real=0.00 secs] 
2778.124: [GC (Allocation Failure) [PSYoungGen: 63936K->1376K(63488K)] 449704K->387144K(573952K), 0.0026824 secs] [Times: user=0.01 sys=0.00, real=0.01 secs] 
2778.688: [GC (Allocation Failure) [PSYoungGen: 63328K->1408K(62976K)] 449096K->387176K(573440K), 0.0027128 secs] [Times: user=0.01 sys=0.00, real=0.00 secs] 
2779.130: [GC (Allocation Failure) [PSYoungGen: 62848K->1328K(62464K)] 448616K->387096K(572928K), 0.0024752 secs] [Times: user=0.01 sys=0.00, real=0.00 secs] 
2779.640: [GC (Allocation Failure) [PSYoungGen: 62256K->1408K(61952K)] 448024K->387176K(572416K), 0.0025111 secs] [Times: user=0.01 sys=0.00, real=0.00 secs] 
2779.937: [GC (Allocation Failure) [PSYoungGen: 61824K->1472K(61440K)] 447592K->387240K(571904K), 0.0021997 secs] [Times: user=0.01 sys=0.00, real=0.00 secs] 
2780.057: [GC (Allocation Failure) [PSYoungGen: 61376K->1501K(60928K)] 447144K->387270K(571392K), 0.0015062 secs] [Times: user=0.01 sys=0.00, real=0.00 secs] 
2780.161: [GC (Allocation Failure) [PSYoungGen: 60893K->1501K(60416K)] 446662K->387278K(570880K), 0.0016713 secs] [Times: user=0.01 sys=0.00, real=0.00 secs] 
2780.266: [GC (Allocation Failure) [PSYoungGen: 60381K->1472K(66560K)] 446158K->387248K(577024K), 0.0016969 secs] [Times: user=0.00 sys=0.00, real=0.00 secs] 
2780.532: [GC (Allocation Failure) [PSYoungGen: 66496K->1440K(67072K)] 452272K->387216K(577536K), 0.0022476 secs] [Times: user=0.01 sys=0.00, real=0.00 secs] 
2780.814: [GC (Allocation Failure) [PSYoungGen: 66464K->1376K(66048K)] 452240K->387152K(576512K), 0.0019899 secs] [Times: user=0.01 sys=0.01, real=0.01 secs] 
2781.223: [GC (Allocation Failure) [PSYoungGen: 65888K->1392K(65536K)] 451664K->387168K(576000K), 0.0022202 secs] [Times: user=0.01 sys=0.00, real=0.00 secs] 
2781.496: [GC (Allocation Failure) [PSYoungGen: 65392K->1376K(65024K)] 451168K->387152K(575488K), 0.0020651 secs] [Times: user=0.01 sys=0.00, real=0.00 secs] 
2782.048: [GC (Allocation Failure) [PSYoungGen: 64864K->1408K(64512K)] 450640K->387184K(574976K), 0.0024296 secs] [Times: user=0.01 sys=0.00, real=0.00 secs] 
2782.198: [GC (Allocation Failure) [PSYoungGen: 64384K->1469K(64000K)] 450160K->387246K(574464K), 0.0015789 secs] [Times: user=0.00 sys=0.00, real=0.00 secs] 
2782.309: [GC (Allocation Failure) [PSYoungGen: 63933K->1501K(63488K)] 449710K->387294K(573952K), 0.0016228 secs] [Times: user=0.00 sys=0.00, real=0.00 secs] 
2782.419: [GC (Allocation Failure) [PSYoungGen: 63453K->1501K(70144K)] 449246K->387294K(580608K), 0.0016529 secs] [Times: user=0.00 sys=0.00, real=0.00 secs] 
2782.539: [GC (Allocation Failure) [PSYoungGen: 70109K->1485K(70656K)] 455902K->387278K(581120K), 0.0016000 secs] [Times: user=0.00 sys=0.00, real=0.00 secs] 
2782.868: [GC (Allocation Failure) [PSYoungGen: 70093K->1440K(78336K)] 455886K->387232K(588800K), 0.0270749 secs] [Times: user=0.09 sys=0.05, real=0.02 secs] 
2783.210: [GC (Allocation Failure) [PSYoungGen: 77728K->1408K(78336K)] 463520K->387200K(588800K), 0.0020183 secs] [Times: user=0.00 sys=0.00, real=0.00 secs] 
2783.767: [GC (Allocation Failure) [PSYoungGen: 77696K->1392K(87552K)] 463488K->387184K(598016K), 0.0020569 secs] [Times: user=0.01 sys=0.00, real=0.00 secs] 
2784.412: [GC (Allocation Failure) [PSYoungGen: 87408K->1501K(88576K)] 473200K->387302K(599040K), 0.0035998 secs] [Times: user=0.00 sys=0.02, real=0.00 secs] 
2784.569: [GC (Allocation Failure) [PSYoungGen: 88029K->1552K(98304K)] 473830K->387352K(608768K), 0.0037489 secs] [Times: user=0.01 sys=0.00, real=0.00 secs] 
2784.743: [GC (Allocation Failure) [PSYoungGen: 97808K->1549K(98304K)] 483608K->387366K(608768K), 0.0016880 secs] [Times: user=0.01 sys=0.00, real=0.00 secs] 
2785.188: [GC (Allocation Failure) [PSYoungGen: 97805K->1440K(110080K)] 483622K->387256K(620544K), 0.0058480 secs] [Times: user=0.02 sys=0.00, real=0.00 secs] 
2786.095: [GC (Allocation Failure) [PSYoungGen: 109472K->1344K(110080K)] 495288K->387160K(620544K), 0.0022286 secs] [Times: user=0.01 sys=0.00, real=0.01 secs] 
2787.173: [GC (Allocation Failure) [PSYoungGen: 109376K->1424K(120832K)] 495192K->387248K(631296K), 0.0074362 secs] [Times: user=0.02 sys=0.01, real=0.01 secs] 
2787.709: [GC (Allocation Failure) [PSYoungGen: 120720K->1581K(119808K)] 506544K->387406K(630272K), 0.0041752 secs] [Times: user=0.01 sys=0.01, real=0.00 secs] 
2787.919: [GC (Allocation Failure) [PSYoungGen: 119341K->509K(116736K)] 505166K->387358K(627200K), 0.0017860 secs] [Times: user=0.00 sys=0.00, real=0.00 secs] 
2788.822: [GC (Allocation Failure) [PSYoungGen: 116733K->1440K(116736K)] 503582K->388288K(627200K), 0.0020371 secs] [Times: user=0.01 sys=0.00, real=0.00 secs] 
2789.901: [GC (Allocation Failure) [PSYoungGen: 116128K->1376K(114688K)] 502976K->388224K(625152K), 0.0023231 secs] [Times: user=0.00 sys=0.00, real=0.00 secs] 
2790.727: [GC (Allocation Failure) [PSYoungGen: 114528K->1437K(113152K)] 501376K->388286K(623616K), 0.0027868 secs] [Times: user=0.01 sys=0.00, real=0.00 secs] 
2791.025: [GC (Allocation Failure) [PSYoungGen: 113053K->1504K(111616K)] 499902K->388392K(622080K), 0.0017734 secs] [Times: user=0.01 sys=0.00, real=0.01 secs] 
2791.218: [GC (Allocation Failure) [PSYoungGen: 111584K->1533K(110592K)] 498472K->388422K(621056K), 0.0017946 secs] [Times: user=0.01 sys=0.00, real=0.00 secs] 
2791.803: [GC (Allocation Failure) [PSYoungGen: 110589K->1424K(109568K)] 497478K->388312K(620032K), 0.0020143 secs] [Times: user=0.01 sys=0.00, real=0.00 secs] 
2792.257: [GC (Allocation Failure) [PSYoungGen: 109456K->1376K(108544K)] 496344K->388264K(619008K), 0.0024764 secs] [Times: user=0.01 sys=0.00, real=0.00 secs] 
2792.669: [GC (Allocation Failure) [PSYoungGen: 108384K->1501K(107520K)] 495272K->388390K(617984K), 0.0016375 secs] [Times: user=0.01 sys=0.00, real=0.00 secs] 
2792.854: [GC (Allocation Failure) [PSYoungGen: 107485K->1565K(107008K)] 494374K->388454K(617472K), 0.0018816 secs] [Times: user=0.01 sys=0.00, real=0.00 secs] 
2793.039: [GC (Allocation Failure) [PSYoungGen: 106525K->557K(104960K)] 493414K->388470K(615424K), 0.0016571 secs] [Times: user=0.01 sys=0.00, real=0.00 secs] 
2794.096: [GC (Allocation Failure) [PSYoungGen: 104493K->1472K(104448K)] 492406K->389384K(614912K), 0.0031629 secs] [Times: user=0.01 sys=0.00, real=0.00 secs] 
2795.009: [GC (Allocation Failure) [PSYoungGen: 104384K->1408K(103424K)] 492296K->389320K(613888K), 0.0028269 secs] [Times: user=0.01 sys=0.00, real=0.00 secs] 
2795.533: [GC (Allocation Failure) [PSYoungGen: 103296K->1501K(102400K)] 491208K->389414K(612864K), 0.0019138 secs] [Times: user=0.00 sys=0.00, real=0.00 secs] 
2795.720: [GC (Allocation Failure) [PSYoungGen: 102365K->1501K(101376K)] 490278K->389414K(611840K), 0.0016710 secs] [Times: user=0.01 sys=0.00, real=0.00 secs] 
2795.894: [GC (Allocation Failure) [PSYoungGen: 101341K->1501K(100352K)] 489254K->389414K(610816K), 0.0018342 secs] [Times: user=0.01 sys=0.00, real=0.00 secs] 
2796.315: [GC (Allocation Failure) [PSYoungGen: 100317K->1472K(99328K)] 488230K->389384K(609792K), 0.0018079 secs] [Times: user=0.01 sys=0.00, real=0.01 secs] 
2796.758: [GC (Allocation Failure) [PSYoungGen: 99264K->1376K(98304K)] 487176K->389288K(608768K), 0.0020358 secs] [Times: user=0.00 sys=0.00, real=0.00 secs] 
2797.160: [GC (Allocation Failure) [PSYoungGen: 98144K->1376K(97280K)] 486056K->389288K(607744K), 0.0021166 secs] [Times: user=0.01 sys=0.00, real=0.00 secs] 
2797.488: [GC (Allocation Failure) [PSYoungGen: 97120K->1437K(96256K)] 485032K->389350K(606720K), 0.0016673 secs] [Times: user=0.01 sys=0.00, real=0.00 secs] 
2797.655: [GC (Allocation Failure) [PSYoungGen: 96157K->1517K(95232K)] 484070K->389438K(605696K), 0.0016491 secs] [Times: user=0.01 sys=0.00, real=0.01 secs] 
2797.820: [GC (Allocation Failure) [PSYoungGen: 95213K->1469K(94208K)] 483134K->389414K(604672K), 0.0016818 secs] [Times: user=0.01 sys=0.00, real=0.00 secs] 
2799.286: [GC (Allocation Failure) [PSYoungGen: 94141K->1408K(93184K)] 482086K->389352K(603648K), 0.0032539 secs] [Times: user=0.02 sys=0.00, real=0.00 secs] 
2799.861: [GC (Allocation Failure) [PSYoungGen: 93056K->1344K(92160K)] 481000K->389288K(602624K), 0.0021947 secs] [Times: user=0.01 sys=0.00, real=0.00 secs] 
2800.275: [GC (Allocation Failure) [PSYoungGen: 91968K->1408K(91136K)] 479912K->389352K(601600K), 0.0023023 secs] [Times: user=0.01 sys=0.00, real=0.01 secs] 
2800.566: [GC (Allocation Failure) [PSYoungGen: 91008K->1501K(90112K)] 478952K->389446K(600576K), 0.0017037 secs] [Times: user=0.00 sys=0.00, real=0.00 secs] 
2800.723: [GC (Allocation Failure) [PSYoungGen: 90077K->1485K(89088K)] 478022K->389430K(599552K), 0.0017300 secs] [Times: user=0.01 sys=0.00, real=0.00 secs] 
2800.881: [GC (Allocation Failure) [PSYoungGen: 89037K->1469K(88064K)] 476982K->389414K(598528K), 0.0016650 secs] [Times: user=0.00 sys=0.00, real=0.00 secs] 
2801.665: [GC (Allocation Failure) [PSYoungGen: 87997K->1424K(87552K)] 475942K->389368K(598016K), 0.0025917 secs] [Times: user=0.01 sys=0.00, real=0.01 secs] 
2802.396: [GC (Allocation Failure) [PSYoungGen: 87440K->1376K(87040K)] 475384K->389320K(597504K), 0.0028565 secs] [Times: user=0.01 sys=0.00, real=0.00 secs] 
2803.086: [GC (Allocation Failure) [PSYoungGen: 86880K->1328K(86528K)] 474824K->389272K(596992K), 0.0027644 secs] [Times: user=0.02 sys=0.00, real=0.00 secs] 
2803.622: [GC (Allocation Failure) [PSYoungGen: 86320K->1552K(86528K)] 474264K->389496K(596992K), 0.0023150 secs] [Times: user=0.01 sys=0.00, real=0.00 secs] 
2803.790: [GC (Allocation Failure) [PSYoungGen: 86032K->461K(84480K)] 473976K->389430K(594944K), 0.0022343 secs] [Times: user=0.01 sys=0.00, real=0.00 secs] 
2803.939: [GC (Allocation Failure) [PSYoungGen: 84429K->493K(85504K)] 473398K->389462K(595968K), 0.0015624 secs] [Times: user=0.01 sys=0.00, real=0.00 secs] 
2804.736: [GC (Allocation Failure) [PSYoungGen: 83949K->1456K(84480K)] 472918K->390424K(594944K), 0.0030141 secs] [Times: user=0.01 sys=0.00, real=0.01 secs] 
2805.629: [GC (Allocation Failure) [PSYoungGen: 84400K->1376K(83968K)] 473368K->390344K(594432K), 0.0026041 secs] [Times: user=0.01 sys=0.00, real=0.00 secs] 
2806.035: [GC (Allocation Failure) [PSYoungGen: 83808K->1376K(83456K)] 472776K->390344K(593920K), 0.0020912 secs] [Times: user=0.00 sys=0.00, real=0.01 secs] 
2806.909: [GC (Allocation Failure) [PSYoungGen: 83296K->1437K(82944K)] 472264K->390406K(593408K), 0.0028091 secs] [Times: user=0.01 sys=0.00, real=0.00 secs] 
2807.112: [GC (Allocation Failure) [PSYoungGen: 82845K->1501K(82432K)] 471814K->390470K(592896K), 0.0016393 secs] [Times: user=0.01 sys=0.00, real=0.00 secs] 
2807.255: [GC (Allocation Failure) [PSYoungGen: 82397K->1485K(81920K)] 471366K->390454K(592384K), 0.0017534 secs] [Times: user=0.01 sys=0.00, real=0.01 secs] 
2807.396: [GC (Allocation Failure) [PSYoungGen: 81869K->1469K(81408K)] 470838K->390438K(591872K), 0.0016300 secs] [Times: user=0.01 sys=0.00, real=0.00 secs] 
2808.909: [GC (Allocation Failure) [PSYoungGen: 81341K->1408K(80896K)] 470310K->390376K(591360K), 0.0032149 secs] [Times: user=0.01 sys=0.00, real=0.00 secs] 
2809.425: [GC (Allocation Failure) [PSYoungGen: 80768K->1376K(80384K)] 469736K->390344K(590848K), 0.0020287 secs] [Times: user=0.01 sys=0.00, real=0.01 secs] 
2809.965: [GC (Allocation Failure) [PSYoungGen: 80224K->1376K(79872K)] 469192K->390360K(590336K), 0.0026249 secs] [Times: user=0.00 sys=0.00, real=0.01 secs] 
2810.515: [GC (Allocation Failure) [PSYoungGen: 79712K->1501K(79360K)] 468696K->390486K(589824K), 0.0020785 secs] [Times: user=0.01 sys=0.00, real=0.01 secs] 
2810.661: [GC (Allocation Failure) [PSYoungGen: 79325K->1501K(78848K)] 468310K->390486K(589312K), 0.0018121 secs] [Times: user=0.01 sys=0.00, real=0.00 secs] 
2810.797: [GC (Allocation Failure) [PSYoungGen: 78813K->1469K(78336K)] 467798K->390454K(588800K), 0.0016919 secs] [Times: user=0.00 sys=0.00, real=0.00 secs] 
2811.030: [GC (Allocation Failure) [PSYoungGen: 78269K->1680K(87040K)] 467254K->390664K(597504K), 0.0046007 secs] [Times: user=0.02 sys=0.00, real=0.00 secs] 
2812.265: [GC (Allocation Failure) [PSYoungGen: 86672K->320K(84992K)] 475656K->390328K(595456K), 0.0045431 secs] [Times: user=0.02 sys=0.00, real=0.01 secs] 
2812.986: [GC (Allocation Failure) [PSYoungGen: 84800K->352K(84480K)] 474808K->390368K(594944K), 0.0026308 secs] [Times: user=0.01 sys=0.00, real=0.00 secs] 
2814.040: [GC (Allocation Failure) [PSYoungGen: 84320K->352K(83968K)] 474336K->390368K(594432K), 0.0050365 secs] [Times: user=0.02 sys=0.00, real=0.00 secs] 
2814.632: [GC (Allocation Failure) [PSYoungGen: 83808K->1501K(85504K)] 473824K->391518K(595968K), 0.0020465 secs] [Times: user=0.01 sys=0.00, real=0.00 secs] 
2814.794: [GC (Allocation Failure) [PSYoungGen: 84445K->1501K(83968K)] 474462K->391518K(594432K), 0.0017599 secs] [Times: user=0.00 sys=0.00, real=0.01 secs] 
2814.939: [GC (Allocation Failure) [PSYoungGen: 83933K->1469K(83456K)] 473950K->391486K(593920K), 0.0016678 secs] [Times: user=0.01 sys=0.00, real=0.00 secs] 
2815.237: [GC (Allocation Failure) [PSYoungGen: 83389K->1456K(82944K)] 473406K->391472K(593408K), 0.0028039 secs] [Times: user=0.01 sys=0.00, real=0.00 secs] 
2815.655: [GC (Allocation Failure) [PSYoungGen: 82864K->1408K(82432K)] 472880K->391424K(592896K), 0.0021675 secs] [Times: user=0.00 sys=0.00, real=0.01 secs] 
2815.992: [GC (Allocation Failure) [PSYoungGen: 82304K->1408K(81920K)] 472320K->391424K(592384K), 0.0022138 secs] [Times: user=0.01 sys=0.00, real=0.00 secs] 
2816.417: [GC (Allocation Failure) [PSYoungGen: 81792K->1469K(81408K)] 471808K->391486K(591872K), 0.0034287 secs] [Times: user=0.01 sys=0.00, real=0.00 secs] 
2816.633: [GC (Allocation Failure) [PSYoungGen: 81341K->1501K(80896K)] 471358K->391518K(591360K), 0.0017986 secs] [Times: user=0.01 sys=0.00, real=0.00 secs] 
2816.798: [GC (Allocation Failure) [PSYoungGen: 80861K->1552K(80896K)] 470878K->391568K(591360K), 0.0019271 secs] [Times: user=0.00 sys=0.00, real=0.00 secs] 
2816.972: [GC (Allocation Failure) [PSYoungGen: 80400K->1501K(79872K)] 470416K->391518K(590336K), 0.0022044 secs] [Times: user=0.01 sys=0.00, real=0.00 secs] 
2817.329: [GC (Allocation Failure) [PSYoungGen: 79837K->1424K(79360K)] 469854K->391440K(589824K), 0.0024801 secs] [Times: user=0.01 sys=0.00, real=0.00 secs] 
2817.747: [GC (Allocation Failure) [PSYoungGen: 79248K->1376K(78848K)] 469264K->391400K(589312K), 0.0021918 secs] [Times: user=0.01 sys=0.00, real=0.00 secs] 
2818.100: [GC (Allocation Failure) [PSYoungGen: 78688K->1408K(78336K)] 468712K->391448K(588800K), 0.0020954 secs] [Times: user=0.01 sys=0.00, real=0.00 secs] 
2818.468: [GC (Allocation Failure) [PSYoungGen: 78208K->1469K(77824K)] 468248K->391510K(588288K), 0.0026827 secs] [Times: user=0.01 sys=0.01, real=0.00 secs] 
2818.672: [GC (Allocation Failure) [PSYoungGen: 77757K->1437K(77312K)] 467798K->391478K(587776K), 0.0018040 secs] [Times: user=0.01 sys=0.00, real=0.00 secs] 
2818.827: [GC (Allocation Failure) [PSYoungGen: 77213K->1533K(76800K)] 467254K->391614K(587264K), 0.0019988 secs] [Times: user=0.01 sys=0.00, real=0.00 secs] 
2818.988: [GC (Allocation Failure) [PSYoungGen: 76797K->1485K(76288K)] 466878K->391566K(586752K), 0.0018157 secs] [Times: user=0.01 sys=0.00, real=0.00 secs] 
2819.411: [GC (Allocation Failure) [PSYoungGen: 76237K->1408K(75776K)] 466318K->391488K(586240K), 0.0030073 secs] [Times: user=0.01 sys=0.00, real=0.00 secs] 
2820.142: [GC (Allocation Failure) [PSYoungGen: 75648K->1376K(75264K)] 465728K->391456K(585728K), 0.0031317 secs] [Times: user=0.01 sys=0.00, real=0.00 secs] 
2820.870: [GC (Allocation Failure) [PSYoungGen: 75104K->1344K(74752K)] 465184K->391424K(585216K), 0.0038033 secs] [Times: user=0.01 sys=0.00, real=0.00 secs] 
2821.606: [GC (Allocation Failure) [PSYoungGen: 74545K->1437K(74240K)] 464625K->391518K(584704K), 0.0028501 secs] [Times: user=0.01 sys=0.00, real=0.01 secs] 
2821.806: [GC (Allocation Failure) [PSYoungGen: 74141K->1533K(73728K)] 464222K->391614K(584192K), 0.0016409 secs] [Times: user=0.00 sys=0.00, real=0.00 secs] 
2821.934: [GC (Allocation Failure) [PSYoungGen: 73725K->1517K(73216K)] 463806K->391598K(583680K), 0.0017861 secs] [Times: user=0.01 sys=0.00, real=0.01 secs] 
2822.061: [GC (Allocation Failure) [PSYoungGen: 73197K->1501K(72704K)] 463278K->391582K(583168K), 0.0016832 secs] [Times: user=0.01 sys=0.01, real=0.00 secs] 
2822.531: [GC (Allocation Failure) [PSYoungGen: 72669K->1424K(72192K)] 462750K->391504K(582656K), 0.0024253 secs] [Times: user=0.01 sys=0.00, real=0.00 secs] 
2823.158: [GC (Allocation Failure) [PSYoungGen: 72080K->1360K(71680K)] 462160K->391440K(582144K), 0.0021098 secs] [Times: user=0.01 sys=0.00, real=0.00 secs] 
2823.490: [GC (Allocation Failure) [PSYoungGen: 71504K->1376K(71168K)] 461584K->391456K(581632K), 0.0026164 secs] [Times: user=0.00 sys=0.00, real=0.00 secs] 
2823.924: [GC (Allocation Failure) [PSYoungGen: 71008K->1408K(70656K)] 461088K->391488K(581120K), 0.0022713 secs] [Times: user=0.01 sys=0.00, real=0.01 secs] 
2824.276: [GC (Allocation Failure) [PSYoungGen: 70528K->1437K(70144K)] 460608K->391518K(580608K), 0.0020517 secs] [Times: user=0.01 sys=0.00, real=0.01 secs] 
2824.405: [GC (Allocation Failure) [PSYoungGen: 70045K->1501K(69632K)] 460126K->391582K(580096K), 0.0017654 secs] [Times: user=0.01 sys=0.00, real=0.01 secs] 
2824.526: [GC (Allocation Failure) [PSYoungGen: 69597K->1501K(69120K)] 459678K->391582K(579584K), 0.0017093 secs] [Times: user=0.01 sys=0.00, real=0.00 secs] 
2824.647: [GC (Allocation Failure) [PSYoungGen: 69085K->1437K(72704K)] 459166K->391518K(583168K), 0.0016456 secs] [Times: user=0.01 sys=0.00, real=0.00 secs] 
2825.186: [GC (Allocation Failure) [PSYoungGen: 72605K->1392K(72192K)] 462686K->391472K(582656K), 0.0018290 secs] [Times: user=0.01 sys=0.00, real=0.00 secs] 
2825.802: [GC (Allocation Failure) [PSYoungGen: 72048K->1376K(71680K)] 462128K->391456K(582144K), 0.0038798 secs] [Times: user=0.01 sys=0.01, real=0.01 secs] 
2826.511: [GC (Allocation Failure) [PSYoungGen: 71520K->1376K(71168K)] 461600K->391456K(581632K), 0.0026730 secs] [Times: user=0.02 sys=0.00, real=0.00 secs] 
2827.190: [GC (Allocation Failure) [PSYoungGen: 71008K->1344K(70656K)] 461088K->391440K(581120K), 0.0031603 secs] [Times: user=0.01 sys=0.00, real=0.00 secs] 
2827.626: [GC (Allocation Failure) [PSYoungGen: 70464K->1469K(70144K)] 460560K->391566K(580608K), 0.0021798 secs] [Times: user=0.01 sys=0.00, real=0.01 secs] 
2827.809: [GC (Allocation Failure) [PSYoungGen: 70059K->1501K(69632K)] 460156K->391598K(580096K), 0.0023911 secs] [Times: user=0.01 sys=0.00, real=0.00 secs] 
2827.965: [GC (Allocation Failure) [PSYoungGen: 69597K->1517K(69120K)] 459694K->391614K(579584K), 0.0017382 secs] [Times: user=0.00 sys=0.00, real=0.01 secs] 
2828.104: [GC (Allocation Failure) [PSYoungGen: 69101K->1437K(68608K)] 459198K->391550K(579072K), 0.0019128 secs] [Times: user=0.01 sys=0.00, real=0.00 secs] 
2828.766: [GC (Allocation Failure) [PSYoungGen: 68509K->1408K(68096K)] 458622K->391520K(578560K), 0.0040905 secs] [Times: user=0.02 sys=0.00, real=0.01 secs] 
2829.527: [GC (Allocation Failure) [PSYoungGen: 67968K->1376K(67584K)] 458080K->391488K(578048K), 0.0030285 secs] [Times: user=0.01 sys=0.00, real=0.00 secs] 
2830.324: [GC (Allocation Failure) [PSYoungGen: 67424K->1408K(67072K)] 457536K->391520K(577536K), 0.0043068 secs] [Times: user=0.01 sys=0.00, real=0.01 secs] 
2830.869: [GC (Allocation Failure) [PSYoungGen: 66944K->1376K(66560K)] 457056K->391488K(577024K), 0.0029914 secs] [Times: user=0.01 sys=0.00, real=0.00 secs] 
2831.258: [GC (Allocation Failure) [PSYoungGen: 66400K->1437K(66048K)] 456512K->391550K(576512K), 0.0020710 secs] [Times: user=0.01 sys=0.00, real=0.00 secs] 
2831.385: [GC (Allocation Failure) [PSYoungGen: 65949K->1437K(65536K)] 456062K->391550K(576000K), 0.0016706 secs] [Times: user=0.00 sys=0.01, real=0.01 secs] 
2831.499: [GC (Allocation Failure) [PSYoungGen: 65437K->1501K(65024K)] 455550K->391614K(575488K), 0.0016811 secs] [Times: user=0.01 sys=0.00, real=0.00 secs] 
2831.616: [GC (Allocation Failure) [PSYoungGen: 64989K->1501K(65536K)] 455102K->391622K(576000K), 0.0015958 secs] [Times: user=0.00 sys=0.00, real=0.01 secs] 
2832.381: [GC (Allocation Failure) [PSYoungGen: 64989K->1424K(64512K)] 455110K->391544K(574976K), 0.0027202 secs] [Times: user=0.01 sys=0.00, real=0.00 secs] 
2833.452: [GC (Allocation Failure) [PSYoungGen: 64400K->1360K(64000K)] 454520K->391480K(574464K), 0.0044043 secs] [Times: user=0.02 sys=0.00, real=0.01 secs] 
2834.157: [GC (Allocation Failure) [PSYoungGen: 63824K->1376K(63488K)] 453944K->391496K(573952K), 0.0033109 secs] [Times: user=0.02 sys=0.00, real=0.00 secs] 
2834.733: [GC (Allocation Failure) [PSYoungGen: 63328K->1408K(62976K)] 453448K->391536K(573440K), 0.0028462 secs] [Times: user=0.02 sys=0.00, real=0.01 secs] 
2835.168: [GC (Allocation Failure) [PSYoungGen: 62848K->1437K(62464K)] 452976K->391566K(572928K), 0.0026849 secs] [Times: user=0.01 sys=0.00, real=0.00 secs] 
2835.366: [GC (Allocation Failure) [PSYoungGen: 62365K->1469K(61952K)] 452494K->391598K(572416K), 0.0025428 secs] [Times: user=0.01 sys=0.00, real=0.00 secs] 
2835.505: [GC (Allocation Failure) [PSYoungGen: 61885K->1469K(61440K)] 452014K->391598K(571904K), 0.0017359 secs] [Times: user=0.01 sys=0.00, real=0.01 secs] 
2835.624: [GC (Allocation Failure) [PSYoungGen: 61373K->1469K(61952K)] 451502K->391614K(572416K), 0.0019673 secs] [Times: user=0.01 sys=0.00, real=0.01 secs] 
2835.763: [GC (Allocation Failure) [PSYoungGen: 61373K->1469K(61952K)] 451518K->391614K(572416K), 0.0019286 secs] [Times: user=0.01 sys=0.00, real=0.00 secs] 
2836.039: [GC (Allocation Failure) [PSYoungGen: 61373K->1376K(68608K)] 451518K->391520K(579072K), 0.0026500 secs] [Times: user=0.00 sys=0.01, real=0.00 secs] 
2836.317: [GC (Allocation Failure) [PSYoungGen: 67936K->1376K(67584K)] 458080K->391520K(578048K), 0.0020977 secs] [Times: user=0.00 sys=0.00, real=0.00 secs] 
2836.652: [GC (Allocation Failure) [PSYoungGen: 67424K->1408K(67072K)] 457568K->391552K(577536K), 0.0019322 secs] [Times: user=0.01 sys=0.00, real=0.00 secs] 
2837.181: [GC (Allocation Failure) [PSYoungGen: 66944K->1376K(66560K)] 457088K->391520K(577024K), 0.0019797 secs] [Times: user=0.00 sys=0.00, real=0.00 secs] 
2837.567: [GC (Allocation Failure) [PSYoungGen: 66400K->1437K(66048K)] 456544K->391598K(576512K), 0.0027603 secs] [Times: user=0.01 sys=0.01, real=0.00 secs] 
2837.750: [GC (Allocation Failure) [PSYoungGen: 65949K->1437K(65536K)] 456110K->391598K(576000K), 0.0017805 secs] [Times: user=0.01 sys=0.00, real=0.00 secs] 
2837.866: [GC (Allocation Failure) [PSYoungGen: 65437K->480K(64000K)] 455598K->391672K(574464K), 0.0016209 secs] [Times: user=0.01 sys=0.00, real=0.01 secs] 
2837.979: [GC (Allocation Failure) [PSYoungGen: 63968K->493K(65536K)] 455160K->391686K(576000K), 0.0016621 secs] [Times: user=0.01 sys=0.00, real=0.00 secs] 
2838.475: [GC (Allocation Failure) [PSYoungGen: 63981K->1424K(72192K)] 455174K->392616K(582656K), 0.0043309 secs] [Times: user=0.01 sys=0.00, real=0.01 secs] 
2839.561: [GC (Allocation Failure) [PSYoungGen: 71568K->1312K(71168K)] 462760K->392504K(581632K), 0.0046351 secs] [Times: user=0.02 sys=0.00, real=0.00 secs] 
2840.538: [GC (Allocation Failure) [PSYoungGen: 70944K->1344K(70656K)] 462136K->392536K(581120K), 0.0045960 secs] [Times: user=0.02 sys=0.00, real=0.00 secs] 
2841.365: [GC (Allocation Failure) [PSYoungGen: 70464K->1408K(70144K)] 461656K->392600K(580608K), 0.0028505 secs] [Times: user=0.01 sys=0.00, real=0.01 secs] 
2841.938: [GC (Allocation Failure) [PSYoungGen: 70016K->1469K(69632K)] 461208K->392662K(580096K), 0.0023900 secs] [Times: user=0.01 sys=0.00, real=0.00 secs] 
2842.087: [GC (Allocation Failure) [PSYoungGen: 69565K->1485K(69120K)] 460758K->392678K(579584K), 0.0017128 secs] [Times: user=0.01 sys=0.00, real=0.00 secs] 
2842.206: [GC (Allocation Failure) [PSYoungGen: 69069K->1517K(68608K)] 460262K->392710K(579072K), 0.0018183 secs] [Times: user=0.01 sys=0.00, real=0.00 secs] 
2842.325: [GC (Allocation Failure) [PSYoungGen: 68589K->1437K(69120K)] 459782K->392646K(579584K), 0.0016783 secs] [Times: user=0.01 sys=0.00, real=0.01 secs] 
2842.996: [GC (Allocation Failure) [PSYoungGen: 68509K->1424K(68096K)] 459718K->392632K(578560K), 0.0022113 secs] [Times: user=0.01 sys=0.00, real=0.01 secs] 
2843.617: [GC (Allocation Failure) [PSYoungGen: 67984K->1344K(67584K)] 459192K->392552K(578048K), 0.0022076 secs] [Times: user=0.01 sys=0.00, real=0.00 secs] 
2844.238: [GC (Allocation Failure) [PSYoungGen: 67392K->1408K(67072K)] 458600K->392616K(577536K), 0.0021486 secs] [Times: user=0.01 sys=0.00, real=0.00 secs] 
2844.692: [GC (Allocation Failure) [PSYoungGen: 66944K->1376K(66560K)] 458152K->392584K(577024K), 0.0022079 secs] [Times: user=0.01 sys=0.00, real=0.00 secs] 
2845.000: [GC (Allocation Failure) [PSYoungGen: 66400K->1437K(66048K)] 457608K->392646K(576512K), 0.0019464 secs] [Times: user=0.01 sys=0.00, real=0.00 secs] 
2845.122: [GC (Allocation Failure) [PSYoungGen: 65949K->1501K(65536K)] 457158K->392710K(576000K), 0.0017657 secs] [Times: user=0.01 sys=0.00, real=0.00 secs] 
2845.236: [GC (Allocation Failure) [PSYoungGen: 65501K->1488K(65024K)] 456710K->392696K(575488K), 0.0015680 secs] [Times: user=0.01 sys=0.00, real=0.01 secs] 
2845.348: [GC (Allocation Failure) [PSYoungGen: 64976K->1501K(71680K)] 456184K->392718K(582144K), 0.0016966 secs] [Times: user=0.01 sys=0.00, real=0.00 secs] 
2845.556: [GC (Allocation Failure) [PSYoungGen: 71645K->1456K(72192K)] 462862K->392672K(582656K), 0.0020491 secs] [Times: user=0.01 sys=0.00, real=0.00 secs] 
2845.848: [GC (Allocation Failure) [PSYoungGen: 71600K->1376K(71168K)] 462816K->392592K(581632K), 0.0020919 secs] [Times: user=0.01 sys=0.00, real=0.00 secs] 
2846.142: [GC (Allocation Failure) [PSYoungGen: 71008K->1376K(70656K)] 462224K->392592K(581120K), 0.0019969 secs] [Times: user=0.01 sys=0.00, real=0.00 secs] 
2846.429: [GC (Allocation Failure) [PSYoungGen: 70496K->1344K(70144K)] 461712K->392576K(580608K), 0.0022090 secs] [Times: user=0.01 sys=0.00, real=0.00 secs] 
2846.700: [GC (Allocation Failure) [PSYoungGen: 69952K->1424K(69632K)] 461184K->392656K(580096K), 0.0020310 secs] [Times: user=0.01 sys=0.00, real=0.00 secs] 
2846.823: [GC (Allocation Failure) [PSYoungGen: 69520K->1501K(69120K)] 460752K->392734K(579584K), 0.0017647 secs] [Times: user=0.01 sys=0.00, real=0.00 secs] 
2846.943: [GC (Allocation Failure) [PSYoungGen: 69085K->1469K(69632K)] 460318K->392702K(580096K), 0.0016507 secs] [Times: user=0.01 sys=0.00, real=0.00 secs] 
2847.062: [GC (Allocation Failure) [PSYoungGen: 69053K->1469K(69632K)] 460286K->392718K(580096K), 0.0015707 secs] [Times: user=0.01 sys=0.00, real=0.00 secs] 
2848.293: [GC (Allocation Failure) [PSYoungGen: 69053K->1424K(68608K)] 460302K->392672K(579072K), 0.0036095 secs] [Times: user=0.01 sys=0.00, real=0.01 secs] 
2849.051: [GC (Allocation Failure) [PSYoungGen: 68496K->1408K(68096K)] 459744K->392656K(578560K), 0.0035346 secs] [Times: user=0.01 sys=0.00, real=0.00 secs] 
2849.598: [GC (Allocation Failure) [PSYoungGen: 67968K->1344K(67584K)] 459216K->392592K(578048K), 0.0030596 secs] [Times: user=0.02 sys=0.00, real=0.00 secs] 
2850.153: [GC (Allocation Failure) [PSYoungGen: 67392K->1424K(67072K)] 458640K->392672K(577536K), 0.0066954 secs] [Times: user=0.01 sys=0.02, real=0.01 secs] 
2850.423: [GC (Allocation Failure) [PSYoungGen: 66960K->1453K(66560K)] 458208K->392702K(577024K), 0.0020381 secs] [Times: user=0.01 sys=0.00, real=0.00 secs] 
2850.551: [GC (Allocation Failure) [PSYoungGen: 66477K->1501K(66048K)] 457726K->392750K(576512K), 0.0016716 secs] [Times: user=0.01 sys=0.00, real=0.00 secs] 
2850.665: [GC (Allocation Failure) [PSYoungGen: 66007K->1501K(73216K)] 457255K->392750K(583680K), 0.0016511 secs] [Times: user=0.00 sys=0.00, real=0.01 secs] 
2850.791: [GC (Allocation Failure) [PSYoungGen: 73181K->1504K(73728K)] 464430K->392768K(584192K), 0.0016710 secs] [Times: user=0.01 sys=0.00, real=0.00 secs] 
2852.150: [GC (Allocation Failure) [PSYoungGen: 73184K->1424K(72704K)] 464448K->392688K(583168K), 0.0062047 secs] [Times: user=0.02 sys=0.00, real=0.01 secs] 
2852.579: [GC (Allocation Failure) [PSYoungGen: 72592K->1392K(72192K)] 463856K->392656K(582656K), 0.0022168 secs] [Times: user=0.00 sys=0.00, real=0.00 secs] 
2853.120: [GC (Allocation Failure) [PSYoungGen: 72048K->1376K(71680K)] 463312K->392640K(582144K), 0.0020476 secs] [Times: user=0.01 sys=0.00, real=0.00 secs] 
2853.893: [GC (Allocation Failure) [PSYoungGen: 71520K->1376K(71168K)] 462784K->392640K(581632K), 0.0069469 secs] [Times: user=0.03 sys=0.00, real=0.01 secs] 
2854.533: [GC (Allocation Failure) [PSYoungGen: 71008K->1421K(70656K)] 462272K->392686K(581120K), 0.0026350 secs] [Times: user=0.01 sys=0.00, real=0.00 secs] 
2854.702: [GC (Allocation Failure) [PSYoungGen: 70541K->1517K(70144K)] 461806K->392782K(580608K), 0.0016196 secs] [Times: user=0.01 sys=0.00, real=0.00 secs] 
2854.823: [GC (Allocation Failure) [PSYoungGen: 70125K->1501K(69632K)] 461390K->392766K(580096K), 0.0015993 secs] [Times: user=0.01 sys=0.00, real=0.00 secs] 
2854.962: [GC (Allocation Failure) [PSYoungGen: 69597K->1533K(69120K)] 460862K->392814K(579584K), 0.0019698 secs] [Times: user=0.01 sys=0.00, real=0.00 secs] 
2855.565: [GC (Allocation Failure) [PSYoungGen: 69117K->1392K(68608K)] 460398K->392672K(579072K), 0.0030015 secs] [Times: user=0.01 sys=0.00, real=0.01 secs] 
2856.091: [GC (Allocation Failure) [PSYoungGen: 68464K->1376K(68096K)] 459744K->392656K(578560K), 0.0028943 secs] [Times: user=0.01 sys=0.00, real=0.00 secs] 
2856.365: [GC (Allocation Failure) [PSYoungGen: 67936K->1328K(67584K)] 459216K->392608K(578048K), 0.0021150 secs] [Times: user=0.01 sys=0.00, real=0.01 secs] 
2856.988: [GC (Allocation Failure) [PSYoungGen: 67376K->1376K(67072K)] 458656K->392656K(577536K), 0.0022012 secs] [Times: user=0.01 sys=0.00, real=0.00 secs] 
2857.521: [GC (Allocation Failure) [PSYoungGen: 66912K->1469K(66560K)] 458192K->392750K(577024K), 0.0019602 secs] [Times: user=0.00 sys=0.00, real=0.00 secs] 
2857.644: [GC (Allocation Failure) [PSYoungGen: 66493K->1504K(66048K)] 457774K->392784K(576512K), 0.0017044 secs] [Times: user=0.01 sys=0.00, real=0.00 secs] 
2857.758: [GC (Allocation Failure) [PSYoungGen: 66016K->1437K(65536K)] 457296K->392718K(576000K), 0.0015916 secs] [Times: user=0.01 sys=0.00, real=0.00 secs] 
2857.873: [GC (Allocation Failure) [PSYoungGen: 65437K->1437K(72192K)] 456718K->392742K(582656K), 0.0018995 secs] [Times: user=0.00 sys=0.00, real=0.00 secs] 
2858.390: [GC (Allocation Failure) [PSYoungGen: 72093K->1408K(71680K)] 463398K->392712K(582144K), 0.0017362 secs] [Times: user=0.01 sys=0.00, real=0.00 secs] 
2859.398: [GC (Allocation Failure) [PSYoungGen: 71552K->1408K(71168K)] 462856K->392712K(581632K), 0.0034679 secs] [Times: user=0.01 sys=0.00, real=0.00 secs] 
2859.831: [GC (Allocation Failure) [PSYoungGen: 71040K->1376K(70656K)] 462344K->392680K(581120K), 0.0020319 secs] [Times: user=0.01 sys=0.00, real=0.00 secs] 
2860.271: [GC (Allocation Failure) [PSYoungGen: 70496K->1376K(70144K)] 461800K->392680K(580608K), 0.0022427 secs] [Times: user=0.01 sys=0.00, real=0.00 secs] 
2860.720: [GC (Allocation Failure) [PSYoungGen: 69984K->1437K(69632K)] 461288K->392742K(580096K), 0.0028003 secs] [Times: user=0.01 sys=0.00, real=0.00 secs] 
2860.893: [GC (Allocation Failure) [PSYoungGen: 69533K->1469K(69120K)] 460838K->392774K(579584K), 0.0017884 secs] [Times: user=0.01 sys=0.00, real=0.00 secs] 
2861.029: [GC (Allocation Failure) [PSYoungGen: 69053K->1501K(68608K)] 460358K->392806K(579072K), 0.0019645 secs] [Times: user=0.01 sys=0.00, real=0.00 secs] 
2861.178: [GC (Allocation Failure) [PSYoungGen: 68573K->1501K(68096K)] 459878K->392822K(578560K), 0.0019208 secs] [Times: user=0.01 sys=0.00, real=0.00 secs] 
2861.692: [GC (Allocation Failure) [PSYoungGen: 68061K->1424K(67584K)] 459382K->392744K(578048K), 0.0027278 secs] [Times: user=0.01 sys=0.00, real=0.00 secs] 
2861.963: [GC (Allocation Failure) [PSYoungGen: 67472K->1376K(67072K)] 458792K->392696K(577536K), 0.0023637 secs] [Times: user=0.01 sys=0.00, real=0.00 secs] 
2862.270: [GC (Allocation Failure) [PSYoungGen: 66912K->1344K(66560K)] 458232K->392664K(577024K), 0.0028656 secs] [Times: user=0.01 sys=0.00, real=0.00 secs] 
2862.574: [GC (Allocation Failure) [PSYoungGen: 66368K->1408K(66048K)] 457688K->392728K(576512K), 0.0022142 secs] [Times: user=0.01 sys=0.00, real=0.01 secs] 
2862.853: [GC (Allocation Failure) [PSYoungGen: 65920K->1472K(65536K)] 457240K->392792K(576000K), 0.0015945 secs] [Times: user=0.01 sys=0.00, real=0.00 secs] 
2862.967: [GC (Allocation Failure) [PSYoungGen: 65472K->1469K(65024K)] 456792K->392790K(575488K), 0.0017126 secs] [Times: user=0.00 sys=0.00, real=0.00 secs] 
2863.079: [GC (Allocation Failure) [PSYoungGen: 64957K->1517K(65536K)] 456278K->392862K(576000K), 0.0017973 secs] [Times: user=0.00 sys=0.00, real=0.00 secs] 
2863.194: [GC (Allocation Failure) [PSYoungGen: 65517K->1533K(66048K)] 456862K->392894K(576512K), 0.0017041 secs] [Times: user=0.01 sys=0.00, real=0.00 secs] 
2863.429: [GC (Allocation Failure) [PSYoungGen: 65533K->1408K(72192K)] 456894K->392768K(582656K), 0.0021028 secs] [Times: user=0.01 sys=0.00, real=0.00 secs] 
2864.066: [GC (Allocation Failure) [PSYoungGen: 72064K->1376K(71680K)] 463424K->392736K(582144K), 0.0018486 secs] [Times: user=0.00 sys=0.00, real=0.00 secs] 
2864.664: [GC (Allocation Failure) [PSYoungGen: 71520K->1376K(71168K)] 462880K->392736K(581632K), 0.0020778 secs] [Times: user=0.00 sys=0.00, real=0.00 secs] 
2865.078: [GC (Allocation Failure) [PSYoungGen: 71008K->1408K(70656K)] 462368K->392768K(581120K), 0.0019757 secs] [Times: user=0.01 sys=0.00, real=0.00 secs] 
2865.587: [GC (Allocation Failure) [PSYoungGen: 70528K->1469K(70144K)] 461888K->392830K(580608K), 0.0020256 secs] [Times: user=0.01 sys=0.00, real=0.00 secs] 
2865.714: [GC (Allocation Failure) [PSYoungGen: 70077K->1469K(69632K)] 461438K->392830K(580096K), 0.0016647 secs] [Times: user=0.01 sys=0.00, real=0.00 secs] 
2865.833: [GC (Allocation Failure) [PSYoungGen: 69565K->1485K(69120K)] 460926K->392846K(579584K), 0.0016841 secs] [Times: user=0.01 sys=0.00, real=0.00 secs] 
2865.953: [GC (Allocation Failure) [PSYoungGen: 69069K->1517K(69632K)] 460430K->392902K(580096K), 0.0016229 secs] [Times: user=0.01 sys=0.00, real=0.00 secs] 
2866.383: [GC (Allocation Failure) [PSYoungGen: 69101K->1472K(68608K)] 460486K->392856K(579072K), 0.0019559 secs] [Times: user=0.01 sys=0.00, real=0.00 secs] 
2867.008: [GC (Allocation Failure) [PSYoungGen: 68544K->1312K(68096K)] 459928K->392696K(578560K), 0.0025665 secs] [Times: user=0.01 sys=0.00, real=0.00 secs] 
2867.500: [GC (Allocation Failure) [PSYoungGen: 67872K->1360K(67584K)] 459256K->392744K(578048K), 0.0021942 secs] [Times: user=0.01 sys=0.00, real=0.00 secs] 
2867.996: [GC (Allocation Failure) [PSYoungGen: 67408K->1344K(67072K)] 458792K->392728K(577536K), 0.0025068 secs] [Times: user=0.01 sys=0.00, real=0.01 secs] 
2868.743: [GC (Allocation Failure) [PSYoungGen: 66880K->1437K(66560K)] 458264K->392822K(577024K), 0.0027073 secs] [Times: user=0.01 sys=0.00, real=0.00 secs] 
2868.900: [GC (Allocation Failure) [PSYoungGen: 66461K->1472K(66048K)] 457846K->392856K(576512K), 0.0020031 secs] [Times: user=0.01 sys=0.00, real=0.00 secs] 
2869.014: [GC (Allocation Failure) [PSYoungGen: 65984K->1469K(65536K)] 457368K->392854K(576000K), 0.0016669 secs] [Times: user=0.01 sys=0.00, real=0.00 secs] 
2869.126: [GC (Allocation Failure) [PSYoungGen: 65445K->1533K(72192K)] 456829K->392934K(582656K), 0.0017337 secs] [Times: user=0.00 sys=0.00, real=0.00 secs] 
2869.426: [GC (Allocation Failure) [PSYoungGen: 72189K->1472K(71680K)] 463590K->392872K(582144K), 0.0018693 secs] [Times: user=0.01 sys=0.00, real=0.01 secs] 
2870.264: [GC (Allocation Failure) [PSYoungGen: 71616K->1408K(71168K)] 463016K->392808K(581632K), 0.0019268 secs] [Times: user=0.01 sys=0.00, real=0.00 secs] 
2870.863: [GC (Allocation Failure) [PSYoungGen: 71040K->1360K(70656K)] 462440K->392760K(581120K), 0.0018723 secs] [Times: user=0.01 sys=0.00, real=0.00 secs] 
2871.398: [GC (Allocation Failure) [PSYoungGen: 70480K->1312K(70144K)] 461880K->392712K(580608K), 0.0020594 secs] [Times: user=0.01 sys=0.00, real=0.00 secs] 
2871.680: [GC (Allocation Failure) [PSYoungGen: 69920K->1485K(69632K)] 461320K->392886K(580096K), 0.0021449 secs] [Times: user=0.01 sys=0.00, real=0.00 secs] 
2871.813: [GC (Allocation Failure) [PSYoungGen: 69581K->1469K(69120K)] 460982K->392870K(579584K), 0.0017611 secs] [Times: user=0.01 sys=0.00, real=0.00 secs] 
2871.933: [GC (Allocation Failure) [PSYoungGen: 69053K->1501K(68608K)] 460454K->392902K(579072K), 0.0016746 secs] [Times: user=0.00 sys=0.00, real=0.00 secs] 
2872.051: [GC (Allocation Failure) [PSYoungGen: 68573K->1549K(69120K)] 459974K->392966K(579584K), 0.0016348 secs] [Times: user=0.01 sys=0.00, real=0.00 secs] 
2872.378: [GC (Allocation Failure) [PSYoungGen: 68621K->1472K(68096K)] 460038K->392888K(578560K), 0.0019784 secs] [Times: user=0.01 sys=0.01, real=0.00 secs] 
2872.936: [GC (Allocation Failure) [PSYoungGen: 68032K->1424K(67584K)] 459448K->392840K(578048K), 0.0019849 secs] [Times: user=0.01 sys=0.00, real=0.00 secs] 
2873.505: [GC (Allocation Failure) [PSYoungGen: 67472K->1408K(67072K)] 458888K->392824K(577536K), 0.0019647 secs] [Times: user=0.01 sys=0.00, real=0.01 secs] 
2873.945: [GC (Allocation Failure) [PSYoungGen: 66944K->1376K(66560K)] 458360K->392792K(577024K), 0.0022784 secs] [Times: user=0.01 sys=0.01, real=0.01 secs] 
2874.296: [GC (Allocation Failure) [PSYoungGen: 66397K->1437K(66048K)] 457814K->392854K(576512K), 0.0019686 secs] [Times: user=0.01 sys=0.00, real=0.00 secs] 
2874.424: [GC (Allocation Failure) [PSYoungGen: 65949K->1504K(65536K)] 457366K->392920K(576000K), 0.0019338 secs] [Times: user=0.00 sys=0.00, real=0.01 secs] 
2874.538: [GC (Allocation Failure) [PSYoungGen: 65504K->1501K(65024K)] 456920K->392918K(575488K), 0.0015798 secs] [Times: user=0.01 sys=0.00, real=0.00 secs] 
2874.651: [GC (Allocation Failure) [PSYoungGen: 64989K->1501K(71680K)] 456406K->392926K(582144K), 0.0016841 secs] [Times: user=0.01 sys=0.00, real=0.00 secs] 
2875.012: [GC (Allocation Failure) [PSYoungGen: 71645K->1984K(71680K)] 463070K->393920K(582144K), 0.0023842 secs] [Times: user=0.00 sys=0.01, real=0.00 secs] 
2875.682: [GC (Allocation Failure) [PSYoungGen: 71616K->1376K(70656K)] 463552K->393312K(581120K), 0.0035316 secs] [Times: user=0.02 sys=0.00, real=0.00 secs] 
2876.311: [GC (Allocation Failure) [PSYoungGen: 70496K->1376K(70144K)] 462432K->393312K(580608K), 0.0033535 secs] [Times: user=0.01 sys=0.00, real=0.00 secs] 
2876.929: [GC (Allocation Failure) [PSYoungGen: 69984K->1376K(69632K)] 461920K->393328K(580096K), 0.0030114 secs] [Times: user=0.00 sys=0.01, real=0.00 secs] 
2877.560: [GC (Allocation Failure) [PSYoungGen: 69472K->1488K(69120K)] 461424K->393440K(579584K), 0.0023929 secs] [Times: user=0.01 sys=0.00, real=0.00 secs] 
2877.732: [GC (Allocation Failure) [PSYoungGen: 69072K->1437K(68608K)] 461024K->393390K(579072K), 0.0016972 secs] [Times: user=0.01 sys=0.00, real=0.00 secs] 
2877.851: [GC (Allocation Failure) [PSYoungGen: 68509K->1472K(68096K)] 460462K->393424K(578560K), 0.0016337 secs] [Times: user=0.01 sys=0.00, real=0.00 secs] 
2877.967: [GC (Allocation Failure) [PSYoungGen: 68032K->1485K(67584K)] 459984K->393454K(578048K), 0.0017250 secs] [Times: user=0.00 sys=0.00, real=0.00 secs] 
2878.240: [GC (Allocation Failure) [PSYoungGen: 67533K->1472K(67072K)] 459502K->393440K(577536K), 0.0017115 secs] [Times: user=0.01 sys=0.00, real=0.00 secs] 
2879.323: [GC (Allocation Failure) [PSYoungGen: 67008K->1392K(66560K)] 458976K->393360K(577024K), 0.0049621 secs] [Times: user=0.02 sys=0.01, real=0.01 secs] 
2880.119: [GC (Allocation Failure) [PSYoungGen: 66416K->1440K(66048K)] 458384K->393408K(576512K), 0.0039419 secs] [Times: user=0.01 sys=0.00, real=0.00 secs] 
2880.959: [GC (Allocation Failure) [PSYoungGen: 65952K->1344K(65536K)] 457920K->393312K(576000K), 0.0041665 secs] [Times: user=0.02 sys=0.00, real=0.00 secs] 
2881.608: [GC (Allocation Failure) [PSYoungGen: 65344K->1376K(65024K)] 457312K->393344K(575488K), 0.0036162 secs] [Times: user=0.01 sys=0.00, real=0.00 secs] 
2881.901: [GC (Allocation Failure) [PSYoungGen: 64864K->1501K(64512K)] 456832K->393470K(574976K), 0.0022070 secs] [Times: user=0.01 sys=0.00, real=0.00 secs] 
2882.025: [GC (Allocation Failure) [PSYoungGen: 64477K->1517K(64000K)] 456446K->393486K(574464K), 0.0016486 secs] [Times: user=0.00 sys=0.00, real=0.01 secs] 
2882.153: [GC (Allocation Failure) [PSYoungGen: 63981K->1421K(65024K)] 455950K->393398K(575488K), 0.0020608 secs] [Times: user=0.01 sys=0.00, real=0.00 secs] 
2882.292: [GC (Allocation Failure) [PSYoungGen: 64397K->1533K(71168K)] 456374K->393510K(581632K), 0.0020408 secs] [Times: user=0.00 sys=0.00, real=0.00 secs] 
2882.958: [GC (Allocation Failure) [PSYoungGen: 70653K->1408K(70144K)] 462630K->393384K(580608K), 0.0022936 secs] [Times: user=0.01 sys=0.00, real=0.00 secs] 
2883.579: [GC (Allocation Failure) [PSYoungGen: 70016K->1376K(69632K)] 461992K->393352K(580096K), 0.0022470 secs] [Times: user=0.01 sys=0.00, real=0.00 secs] 
2884.071: [GC (Allocation Failure) [PSYoungGen: 69472K->1376K(69120K)] 461448K->393352K(579584K), 0.0032361 secs] [Times: user=0.02 sys=0.00, real=0.00 secs] 
2884.621: [GC (Allocation Failure) [PSYoungGen: 68960K->1408K(68608K)] 460936K->393384K(579072K), 0.0034719 secs] [Times: user=0.01 sys=0.00, real=0.00 secs] 
2885.044: [GC (Allocation Failure) [PSYoungGen: 68480K->1437K(68096K)] 460456K->393414K(578560K), 0.0024828 secs] [Times: user=0.01 sys=0.00, real=0.01 secs] 
2885.218: [GC (Allocation Failure) [PSYoungGen: 67997K->1469K(67584K)] 459974K->393446K(578048K), 0.0025925 secs] [Times: user=0.01 sys=0.00, real=0.00 secs] 
2885.363: [GC (Allocation Failure) [PSYoungGen: 67506K->1437K(67072K)] 459482K->393430K(577536K), 0.0017113 secs] [Times: user=0.00 sys=0.00, real=0.00 secs] 
2885.481: [GC (Allocation Failure) [PSYoungGen: 66973K->1440K(67584K)] 458966K->393432K(578048K), 0.0017659 secs] [Times: user=0.01 sys=0.00, real=0.00 secs] 
2886.425: [GC (Allocation Failure) [PSYoungGen: 66976K->1408K(66560K)] 458968K->393400K(577024K), 0.0048383 secs] [Times: user=0.02 sys=0.00, real=0.01 secs] 
2887.104: [GC (Allocation Failure) [PSYoungGen: 66432K->1408K(66048K)] 458424K->393400K(576512K), 0.0030961 secs] [Times: user=0.01 sys=0.00, real=0.01 secs] 
2887.501: [GC (Allocation Failure) [PSYoungGen: 65920K->1440K(65536K)] 457912K->393448K(576000K), 0.0022980 secs] [Times: user=0.00 sys=0.00, real=0.00 secs] 
2887.767: [GC (Allocation Failure) [PSYoungGen: 65440K->1376K(65024K)] 457448K->393384K(575488K), 0.0020911 secs] [Times: user=0.00 sys=0.00, real=0.00 secs] 
2888.027: [GC (Allocation Failure) [PSYoungGen: 64864K->1469K(64512K)] 456872K->393478K(574976K), 0.0018746 secs] [Times: user=0.00 sys=0.00, real=0.00 secs] 
2888.139: [GC (Allocation Failure) [PSYoungGen: 64445K->1469K(64000K)] 456454K->393478K(574464K), 0.0016747 secs] [Times: user=0.01 sys=0.00, real=0.00 secs] 
2888.249: [GC (Allocation Failure) [PSYoungGen: 63933K->1437K(64512K)] 455942K->393446K(574976K), 0.0016308 secs] [Times: user=0.01 sys=0.00, real=0.00 secs] 
2888.360: [GC (Allocation Failure) [PSYoungGen: 63901K->1533K(70144K)] 455910K->393558K(580608K), 0.0016439 secs] [Times: user=0.01 sys=0.00, real=0.00 secs] 
2888.934: [GC (Allocation Failure) [PSYoungGen: 70141K->1392K(70656K)] 462166K->393416K(581120K), 0.0043037 secs] [Times: user=0.01 sys=0.01, real=0.01 secs] 
2889.946: [GC (Allocation Failure) [PSYoungGen: 70000K->1344K(69632K)] 462024K->393368K(580096K), 0.0041802 secs] [Times: user=0.02 sys=0.00, real=0.00 secs] 
2890.564: [GC (Allocation Failure) [PSYoungGen: 69440K->1360K(69120K)] 461464K->393384K(579584K), 0.0031361 secs] [Times: user=0.01 sys=0.00, real=0.01 secs] 
2891.414: [GC (Allocation Failure) [PSYoungGen: 68944K->1344K(68608K)] 460968K->393368K(579072K), 0.0030451 secs] [Times: user=0.02 sys=0.00, real=0.01 secs] 
2892.197: [GC (Allocation Failure) [PSYoungGen: 68416K->1501K(68096K)] 460440K->393526K(578560K), 0.0028119 secs] [Times: user=0.01 sys=0.00, real=0.00 secs] 
2892.369: [GC (Allocation Failure) [PSYoungGen: 68061K->1533K(67584K)] 460086K->393558K(578048K), 0.0015809 secs] [Times: user=0.01 sys=0.00, real=0.00 secs] 
2892.486: [GC (Allocation Failure) [PSYoungGen: 67581K->1536K(67584K)] 459606K->393560K(578048K), 0.0016860 secs] [Times: user=0.01 sys=0.00, real=0.00 secs] 
2892.603: [GC (Allocation Failure) [PSYoungGen: 67072K->461K(65536K)] 459096K->393518K(576000K), 0.0016696 secs] [Times: user=0.00 sys=0.00, real=0.00 secs] 
2892.809: [GC (Allocation Failure) [PSYoungGen: 65485K->1424K(66560K)] 458542K->394488K(577024K), 0.0020891 secs] [Times: user=0.01 sys=0.00, real=0.00 secs] 
2893.314: [GC (Allocation Failure) [PSYoungGen: 65936K->1376K(65536K)] 459000K->394448K(576000K), 0.0019796 secs] [Times: user=0.01 sys=0.00, real=0.00 secs] 
2893.833: [GC (Allocation Failure) [PSYoungGen: 65376K->1408K(65024K)] 458448K->394480K(575488K), 0.0019551 secs] [Times: user=0.00 sys=0.00, real=0.00 secs] 
2894.436: [GC (Allocation Failure) [PSYoungGen: 64896K->1408K(64512K)] 457968K->394480K(574976K), 0.0022505 secs] [Times: user=0.01 sys=0.00, real=0.01 secs] 
2894.996: [GC (Allocation Failure) [PSYoungGen: 64384K->1344K(64000K)] 457456K->394416K(574464K), 0.0025027 secs] [Times: user=0.01 sys=0.00, real=0.01 secs] 
2895.209: [GC (Allocation Failure) [PSYoungGen: 63808K->1469K(63488K)] 456880K->394542K(573952K), 0.0018876 secs] [Times: user=0.01 sys=0.00, real=0.00 secs] 
2895.319: [GC (Allocation Failure) [PSYoungGen: 63421K->1472K(62976K)] 456494K->394544K(573440K), 0.0017008 secs] [Times: user=0.01 sys=0.00, real=0.00 secs] 
2895.427: [GC (Allocation Failure) [PSYoungGen: 62912K->1469K(69120K)] 455984K->394558K(579584K), 0.0016054 secs] [Times: user=0.01 sys=0.00, real=0.00 secs] 
2895.549: [GC (Allocation Failure) [PSYoungGen: 69053K->1504K(70144K)] 462142K->394608K(580608K), 0.0016247 secs] [Times: user=0.01 sys=0.00, real=0.00 secs] 
2896.702: [GC (Allocation Failure) [PSYoungGen: 69600K->1408K(69120K)] 462704K->394520K(579584K), 0.0042604 secs] [Times: user=0.01 sys=0.00, real=0.01 secs] 
2897.461: [GC (Allocation Failure) [PSYoungGen: 68992K->1392K(68608K)] 462104K->394504K(579072K), 0.0038606 secs] [Times: user=0.01 sys=0.00, real=0.00 secs] 
2898.007: [GC (Allocation Failure) [PSYoungGen: 68464K->1344K(68096K)] 461576K->394472K(578560K), 0.0029557 secs] [Times: user=0.02 sys=0.00, real=0.00 secs] 
2898.557: [GC (Allocation Failure) [PSYoungGen: 67904K->1424K(67584K)] 461032K->394552K(578048K), 0.0057072 secs] [Times: user=0.02 sys=0.01, real=0.00 secs] 
2898.901: [GC (Allocation Failure) [PSYoungGen: 67472K->1469K(67072K)] 460600K->394598K(577536K), 0.0020159 secs] [Times: user=0.00 sys=0.00, real=0.00 secs] 
2899.029: [GC (Allocation Failure) [PSYoungGen: 66997K->1488K(66560K)] 460126K->394617K(577024K), 0.0017488 secs] [Times: user=0.01 sys=0.00, real=0.00 secs] 
2899.143: [GC (Allocation Failure) [PSYoungGen: 66512K->1472K(73216K)] 459641K->394616K(583680K), 0.0016533 secs] [Times: user=0.00 sys=0.00, real=0.00 secs] 
2899.269: [GC (Allocation Failure) [PSYoungGen: 73152K->1533K(73728K)] 466296K->394678K(584192K), 0.0016305 secs] [Times: user=0.01 sys=0.00, real=0.00 secs] 
2900.022: [GC (Allocation Failure) [PSYoungGen: 73213K->1440K(80384K)] 466358K->394584K(590848K), 0.0061000 secs] [Times: user=0.02 sys=0.01, real=0.01 secs] 
2901.154: [GC (Allocation Failure) [PSYoungGen: 80288K->1376K(79872K)] 473432K->394520K(590336K), 0.0030210 secs] [Times: user=0.01 sys=0.00, real=0.01 secs] 
2902.588: [GC (Allocation Failure) [PSYoungGen: 79712K->1408K(79360K)] 472856K->394552K(589824K), 0.0047206 secs] [Times: user=0.02 sys=0.00, real=0.00 secs] 
2903.774: [GC (Allocation Failure) [PSYoungGen: 79232K->1456K(78848K)] 472376K->394600K(589312K), 0.0032796 secs] [Times: user=0.01 sys=0.00, real=0.01 secs] 
2904.001: [GC (Allocation Failure) [PSYoungGen: 78768K->1517K(78336K)] 471912K->394662K(588800K), 0.0018156 secs] [Times: user=0.01 sys=0.00, real=0.00 secs] 
2904.137: [GC (Allocation Failure) [PSYoungGen: 78317K->1501K(77824K)] 471462K->394646K(588288K), 0.0016499 secs] [Times: user=0.01 sys=0.00, real=0.00 secs] 
2904.272: [GC (Allocation Failure) [PSYoungGen: 77789K->1517K(77312K)] 470934K->394662K(587776K), 0.0017110 secs] [Times: user=0.01 sys=0.00, real=0.00 secs] 
2905.376: [GC (Allocation Failure) [PSYoungGen: 77293K->1456K(76800K)] 470438K->394600K(587264K), 0.0034295 secs] [Times: user=0.01 sys=0.00, real=0.00 secs] 
2906.210: [GC (Allocation Failure) [PSYoungGen: 76720K->1376K(76288K)] 469864K->394520K(586752K), 0.0045282 secs] [Times: user=0.01 sys=0.00, real=0.00 secs] 
2907.084: [GC (Allocation Failure) [PSYoungGen: 76128K->1408K(75776K)] 469272K->394552K(586240K), 0.0030349 secs] [Times: user=0.01 sys=0.00, real=0.01 secs] 
2907.983: [GC (Allocation Failure) [PSYoungGen: 75502K->272K(75264K)] 468647K->393416K(585728K), 0.0031572 secs] [Times: user=0.01 sys=0.00, real=0.01 secs] 
2908.184: [GC (Allocation Failure) [PSYoungGen: 74000K->1453K(74752K)] 467144K->394598K(585216K), 0.0017156 secs] [Times: user=0.01 sys=0.00, real=0.00 secs] 
2908.313: [GC (Allocation Failure) [PSYoungGen: 74669K->1533K(74240K)] 467814K->394678K(584704K), 0.0016447 secs] [Times: user=0.00 sys=0.00, real=0.00 secs] 
2908.441: [GC (Allocation Failure) [PSYoungGen: 74237K->1517K(73728K)] 467382K->394662K(584192K), 0.0018532 secs] [Times: user=0.00 sys=0.00, real=0.00 secs] 
2908.946: [GC (Allocation Failure) [PSYoungGen: 73709K->1424K(73216K)] 466854K->394568K(583680K), 0.0024309 secs] [Times: user=0.01 sys=0.00, real=0.00 secs] 
2909.595: [GC (Allocation Failure) [PSYoungGen: 73104K->1376K(72704K)] 466248K->394520K(583168K), 0.0024811 secs] [Times: user=0.01 sys=0.00, real=0.01 secs] 
2910.063: [GC (Allocation Failure) [PSYoungGen: 72544K->1376K(72192K)] 465688K->394520K(582656K), 0.0021577 secs] [Times: user=0.01 sys=0.00, real=0.00 secs] 
2910.357: [GC (Allocation Failure) [PSYoungGen: 72032K->1408K(71680K)] 465176K->394568K(582144K), 0.0021895 secs] [Times: user=0.01 sys=0.01, real=0.00 secs] 
2910.595: [GC (Allocation Failure) [PSYoungGen: 71552K->1469K(71168K)] 464712K->394630K(581632K), 0.0017410 secs] [Times: user=0.00 sys=0.00, real=0.01 secs] 
2910.717: [GC (Allocation Failure) [PSYoungGen: 71072K->1501K(70656K)] 464233K->394662K(581120K), 0.0016736 secs] [Times: user=0.00 sys=0.00, real=0.00 secs] 
2910.839: [GC (Allocation Failure) [PSYoungGen: 70621K->1437K(70144K)] 463782K->394598K(580608K), 0.0016794 secs] [Times: user=0.00 sys=0.00, real=0.00 secs] 
2910.960: [GC (Allocation Failure) [PSYoungGen: 70018K->1501K(70656K)] 463179K->394662K(581120K), 0.0016281 secs] [Times: user=0.01 sys=0.00, real=0.00 secs] 
2911.228: [GC (Allocation Failure) [PSYoungGen: 70109K->1440K(69632K)] 463270K->394600K(580096K), 0.0016574 secs] [Times: user=0.00 sys=0.00, real=0.00 secs] 
2911.511: [GC (Allocation Failure) [PSYoungGen: 69536K->1344K(69120K)] 462696K->394504K(579584K), 0.0020868 secs] [Times: user=0.01 sys=0.00, real=0.00 secs] 
2911.807: [GC (Allocation Failure) [PSYoungGen: 68928K->1376K(68608K)] 462088K->394536K(579072K), 0.0015950 secs] [Times: user=0.01 sys=0.00, real=0.00 secs] 
2912.085: [GC (Allocation Failure) [PSYoungGen: 68448K->1408K(68096K)] 461608K->394568K(578560K), 0.0022782 secs] [Times: user=0.01 sys=0.00, real=0.01 secs] 
2912.316: [GC (Allocation Failure) [PSYoungGen: 67968K->1405K(67584K)] 461128K->394566K(578048K), 0.0016287 secs] [Times: user=0.01 sys=0.00, real=0.01 secs] 
2912.432: [GC (Allocation Failure) [PSYoungGen: 67451K->1469K(67072K)] 460611K->394630K(577536K), 0.0017829 secs] [Times: user=0.01 sys=0.00, real=0.00 secs] 
2912.549: [GC (Allocation Failure) [PSYoungGen: 67005K->1469K(74240K)] 460166K->394630K(584704K), 0.0017082 secs] [Times: user=0.00 sys=0.00, real=0.00 secs] 
2912.678: [GC (Allocation Failure) [PSYoungGen: 74173K->1501K(74752K)] 467334K->394678K(585216K), 0.0016813 secs] [Times: user=0.00 sys=0.00, real=0.00 secs] 
2914.315: [GC (Allocation Failure) [PSYoungGen: 74205K->1440K(73728K)] 467382K->394616K(584192K), 0.0030226 secs] [Times: user=0.01 sys=0.00, real=0.01 secs] 
2915.429: [GC (Allocation Failure) [PSYoungGen: 73632K->1392K(73216K)] 466808K->394568K(583680K), 0.0033258 secs] [Times: user=0.01 sys=0.00, real=0.00 secs] 
2916.140: [GC (Allocation Failure) [PSYoungGen: 73072K->1344K(72704K)] 466248K->394520K(583168K), 0.0029803 secs] [Times: user=0.01 sys=0.00, real=0.00 secs] 
2916.747: [GC (Allocation Failure) [PSYoungGen: 72512K->1376K(72192K)] 465688K->394552K(582656K), 0.0027546 secs] [Times: user=0.01 sys=0.00, real=0.00 secs] 
2917.104: [GC (Allocation Failure) [PSYoungGen: 72032K->1437K(71680K)] 465208K->394614K(582144K), 0.0019731 secs] [Times: user=0.00 sys=0.00, real=0.01 secs] 
2917.230: [GC (Allocation Failure) [PSYoungGen: 71581K->1472K(71168K)] 464758K->394648K(581632K), 0.0017488 secs] [Times: user=0.01 sys=0.00, real=0.00 secs] 
2917.355: [GC (Allocation Failure) [PSYoungGen: 71104K->1469K(70656K)] 464280K->394646K(581120K), 0.0016621 secs] [Times: user=0.01 sys=0.00, real=0.01 secs] 
2918.075: [GC (Allocation Failure) [PSYoungGen: 70589K->1440K(70144K)] 463766K->394624K(580608K), 0.0033542 secs] [Times: user=0.02 sys=0.00, real=0.01 secs] 
2919.569: [GC (Allocation Failure) [PSYoungGen: 70048K->1312K(69632K)] 463232K->394512K(580096K), 0.0037196 secs] [Times: user=0.01 sys=0.00, real=0.00 secs] 
2920.326: [GC (Allocation Failure) [PSYoungGen: 69408K->1344K(69120K)] 462608K->394544K(579584K), 0.0048427 secs] [Times: user=0.02 sys=0.00, real=0.00 secs] 
2921.000: [GC (Allocation Failure) [PSYoungGen: 68928K->1440K(68608K)] 462128K->394640K(579072K), 0.0037795 secs] [Times: user=0.01 sys=0.00, real=0.00 secs] 
2921.613: [GC (Allocation Failure) [PSYoungGen: 68512K->1437K(68096K)] 461712K->394638K(578560K), 0.0030201 secs] [Times: user=0.02 sys=0.00, real=0.01 secs] 
2921.797: [GC (Allocation Failure) [PSYoungGen: 67997K->1485K(67584K)] 461198K->394686K(578048K), 0.0016526 secs] [Times: user=0.01 sys=0.00, real=0.00 secs] 
2921.914: [GC (Allocation Failure) [PSYoungGen: 67533K->1533K(67072K)] 460734K->394734K(577536K), 0.0017604 secs] [Times: user=0.00 sys=0.00, real=0.01 secs] 
2922.049: [GC (Allocation Failure) [PSYoungGen: 67069K->1469K(66560K)] 460270K->394670K(577024K), 0.0017720 secs] [Times: user=0.01 sys=0.00, real=0.00 secs] 
2922.374: [GC (Allocation Failure) [PSYoungGen: 66493K->1456K(66048K)] 459694K->394656K(576512K), 0.0023266 secs] [Times: user=0.01 sys=0.00, real=0.01 secs] 
2922.763: [GC (Allocation Failure) [PSYoungGen: 65968K->1376K(65536K)] 459168K->394576K(576000K), 0.0020774 secs] [Times: user=0.01 sys=0.00, real=0.00 secs] 
2923.248: [GC (Allocation Failure) [PSYoungGen: 65376K->1344K(65024K)] 458576K->394544K(575488K), 0.0030568 secs] [Times: user=0.01 sys=0.00, real=0.00 secs] 
2923.923: [GC (Allocation Failure) [PSYoungGen: 64832K->1376K(64512K)] 458032K->394576K(574976K), 0.0036055 secs] [Times: user=0.02 sys=0.00, real=0.01 secs] 
2924.619: [GC (Allocation Failure) [PSYoungGen: 64352K->1408K(64000K)] 457552K->394608K(574464K), 0.0044742 secs] [Times: user=0.02 sys=0.00, real=0.00 secs] 
2924.982: [GC (Allocation Failure) [PSYoungGen: 63872K->1469K(63488K)] 457072K->394670K(573952K), 0.0020589 secs] [Times: user=0.01 sys=0.00, real=0.00 secs] 
2925.111: [GC (Allocation Failure) [PSYoungGen: 63421K->1501K(62976K)] 456622K->394702K(573440K), 0.0018085 secs] [Times: user=0.01 sys=0.00, real=0.00 secs] 
2925.219: [GC (Allocation Failure) [PSYoungGen: 62941K->1501K(62464K)] 456142K->394718K(572928K), 0.0015599 secs] [Times: user=0.01 sys=0.00, real=0.00 secs] 
2925.328: [GC (Allocation Failure) [PSYoungGen: 62429K->1469K(69120K)] 455646K->394686K(579584K), 0.0016886 secs] [Times: user=0.01 sys=0.00, real=0.00 secs] 
2925.882: [GC (Allocation Failure) [PSYoungGen: 69053K->1456K(68608K)] 462270K->394672K(579072K), 0.0017664 secs] [Times: user=0.01 sys=0.00, real=0.00 secs] 
2926.466: [GC (Allocation Failure) [PSYoungGen: 68528K->1392K(68096K)] 461744K->394608K(578560K), 0.0028132 secs] [Times: user=0.02 sys=0.00, real=0.00 secs] 
2926.735: [GC (Allocation Failure) [PSYoungGen: 67952K->1376K(67584K)] 461168K->394608K(578048K), 0.0022565 secs] [Times: user=0.01 sys=0.00, real=0.01 secs] 
2927.010: [GC (Allocation Failure) [PSYoungGen: 67424K->1376K(67072K)] 460656K->394608K(577536K), 0.0021182 secs] [Times: user=0.00 sys=0.00, real=0.00 secs] 
2927.372: [GC (Allocation Failure) [PSYoungGen: 66912K->1440K(66560K)] 460144K->394672K(577024K), 0.0020086 secs] [Times: user=0.01 sys=0.00, real=0.00 secs] 
2927.503: [GC (Allocation Failure) [PSYoungGen: 66464K->1437K(66048K)] 459696K->394670K(576512K), 0.0017306 secs] [Times: user=0.01 sys=0.00, real=0.00 secs] 
2927.619: [GC (Allocation Failure) [PSYoungGen: 65949K->1469K(66560K)] 459182K->394718K(577024K), 0.0017306 secs] [Times: user=0.01 sys=0.00, real=0.00 secs] 
2927.735: [GC (Allocation Failure) [PSYoungGen: 66493K->1469K(67072K)] 459742K->394718K(577536K), 0.0016282 secs] [Times: user=0.01 sys=0.00, real=0.01 secs] 
2928.075: [GC (Allocation Failure) [PSYoungGen: 66493K->1440K(66048K)] 459742K->394688K(576512K), 0.0019682 secs] [Times: user=0.01 sys=0.00, real=0.01 secs] 
2928.689: [GC (Allocation Failure) [PSYoungGen: 65952K->1376K(65536K)] 459200K->394624K(576000K), 0.0053499 secs] [Times: user=0.01 sys=0.01, real=0.00 secs] 
2928.985: [GC (Allocation Failure) [PSYoungGen: 65376K->1376K(65024K)] 458624K->394624K(575488K), 0.0020761 secs] [Times: user=0.01 sys=0.00, real=0.01 secs] 
2929.489: [GC (Allocation Failure) [PSYoungGen: 64864K->1408K(64512K)] 458112K->394656K(574976K), 0.0021858 secs] [Times: user=0.01 sys=0.00, real=0.00 secs] 
2929.998: [GC (Allocation Failure) [PSYoungGen: 64384K->1344K(64000K)] 457632K->394592K(574464K), 0.0020486 secs] [Times: user=0.01 sys=0.00, real=0.00 secs] 
2930.144: [GC (Allocation Failure) [PSYoungGen: 63808K->1533K(63488K)] 457056K->394782K(573952K), 0.0017067 secs] [Times: user=0.00 sys=0.00, real=0.00 secs] 
2930.254: [GC (Allocation Failure) [PSYoungGen: 63485K->477K(61952K)] 456734K->394750K(572416K), 0.0017426 secs] [Times: user=0.01 sys=0.00, real=0.01 secs] 
2930.378: [GC (Allocation Failure) [PSYoungGen: 61917K->461K(70144K)] 456190K->394742K(580608K), 0.0018226 secs] [Times: user=0.00 sys=0.00, real=0.00 secs] 
2930.531: [GC (Allocation Failure) [PSYoungGen: 68557K->429K(70656K)] 462838K->394710K(581120K), 0.0019806 secs] [Times: user=0.00 sys=0.00, real=0.00 secs] 
2931.939: [GC (Allocation Failure) [PSYoungGen: 69037K->1408K(69632K)] 463318K->395688K(580096K), 0.0046135 secs] [Times: user=0.02 sys=0.00, real=0.00 secs] 
2933.331: [GC (Allocation Failure) [PSYoungGen: 69504K->1376K(69120K)] 463784K->395656K(579584K), 0.0060108 secs] [Times: user=0.02 sys=0.00, real=0.01 secs] 
2933.932: [GC (Allocation Failure) [PSYoungGen: 68960K->1408K(68608K)] 463240K->395688K(579072K), 0.0030751 secs] [Times: user=0.01 sys=0.00, real=0.00 secs] 
2934.741: [GC (Allocation Failure) [PSYoungGen: 68480K->1376K(68096K)] 462760K->395656K(578560K), 0.0036547 secs] [Times: user=0.02 sys=0.00, real=0.00 secs] 
2935.116: [GC (Allocation Failure) [PSYoungGen: 67936K->1488K(67584K)] 462216K->395769K(578048K), 0.0023681 secs] [Times: user=0.01 sys=0.00, real=0.00 secs] 
2935.254: [GC (Allocation Failure) [PSYoungGen: 67536K->1453K(67072K)] 461817K->395734K(577536K), 0.0017250 secs] [Times: user=0.01 sys=0.00, real=0.00 secs] 
2935.371: [GC (Allocation Failure) [PSYoungGen: 66989K->1437K(66560K)] 461270K->395726K(577024K), 0.0016991 secs] [Times: user=0.01 sys=0.00, real=0.00 secs] 
2935.486: [GC (Allocation Failure) [PSYoungGen: 66461K->1472K(67072K)] 460750K->395760K(577536K), 0.0016636 secs] [Times: user=0.01 sys=0.00, real=0.01 secs] 
2936.323: [GC (Allocation Failure) [PSYoungGen: 66496K->1408K(66048K)] 460784K->395696K(576512K), 0.0021875 secs] [Times: user=0.01 sys=0.00, real=0.00 secs] 
2936.591: [GC (Allocation Failure) [PSYoungGen: 65920K->1344K(65536K)] 460208K->395632K(576000K), 0.0020893 secs] [Times: user=0.01 sys=0.00, real=0.00 secs] 
2936.857: [GC (Allocation Failure) [PSYoungGen: 65344K->1376K(65024K)] 459632K->395664K(575488K), 0.0021449 secs] [Times: user=0.01 sys=0.00, real=0.00 secs] 
2937.121: [GC (Allocation Failure) [PSYoungGen: 64864K->1376K(64512K)] 459152K->395664K(574976K), 0.0020640 secs] [Times: user=0.00 sys=0.00, real=0.00 secs] 
2937.430: [GC (Allocation Failure) [PSYoungGen: 64352K->1469K(64000K)] 458640K->395758K(574464K), 0.0019347 secs] [Times: user=0.01 sys=0.00, real=0.00 secs] 
2937.572: [GC (Allocation Failure) [PSYoungGen: 63933K->1453K(63488K)] 458222K->395742K(573952K), 0.0019743 secs] [Times: user=0.00 sys=0.00, real=0.00 secs] 
2937.711: [GC (Allocation Failure) [PSYoungGen: 63405K->1533K(64000K)] 457694K->395822K(574464K), 0.0019533 secs] [Times: user=0.01 sys=0.00, real=0.00 secs] 
2937.858: [GC (Allocation Failure) [PSYoungGen: 63485K->1501K(70656K)] 457774K->395814K(581120K), 0.0018987 secs] [Times: user=0.01 sys=0.00, real=0.00 secs] 
2938.124: [GC (Allocation Failure) [PSYoungGen: 70109K->1408K(70656K)] 464422K->395720K(581120K), 0.0025654 secs] [Times: user=0.01 sys=0.00, real=0.01 secs] 
2938.409: [GC (Allocation Failure) [PSYoungGen: 70016K->1376K(69632K)] 464328K->395688K(580096K), 0.0021523 secs] [Times: user=0.01 sys=0.00, real=0.00 secs] 
2938.790: [GC (Allocation Failure) [PSYoungGen: 69472K->1392K(69120K)] 463784K->395704K(579584K), 0.0021207 secs] [Times: user=0.01 sys=0.00, real=0.00 secs] 
2939.267: [GC (Allocation Failure) [PSYoungGen: 68976K->1408K(68608K)] 463288K->395720K(579072K), 0.0021439 secs] [Times: user=0.01 sys=0.00, real=0.00 secs] 
2939.702: [GC (Allocation Failure) [PSYoungGen: 68449K->1533K(68096K)] 462762K->395846K(578560K), 0.0019992 secs] [Times: user=0.01 sys=0.00, real=0.00 secs] 
2939.827: [GC (Allocation Failure) [PSYoungGen: 68093K->1501K(67584K)] 462406K->395814K(578048K), 0.0016790 secs] [Times: user=0.01 sys=0.01, real=0.00 secs] 
2939.943: [GC (Allocation Failure) [PSYoungGen: 67549K->1517K(67072K)] 461862K->395830K(577536K), 0.0017275 secs] [Times: user=0.01 sys=0.01, real=0.00 secs] 
2940.060: [GC (Allocation Failure) [PSYoungGen: 67053K->1469K(74240K)] 461366K->395798K(584704K), 0.0016803 secs] [Times: user=0.01 sys=0.00, real=0.00 secs] 
2940.497: [GC (Allocation Failure) [PSYoungGen: 74173K->1424K(73728K)] 468502K->395752K(584192K), 0.0019615 secs] [Times: user=0.01 sys=0.00, real=0.00 secs] 
2941.078: [GC (Allocation Failure) [PSYoungGen: 73616K->1440K(73216K)] 467944K->395768K(583680K), 0.0021163 secs] [Times: user=0.01 sys=0.00, real=0.00 secs] 
2941.598: [GC (Allocation Failure) [PSYoungGen: 73120K->1376K(72704K)] 467448K->395704K(583168K), 0.0020734 secs] [Times: user=0.01 sys=0.00, real=0.00 secs] 
2942.134: [GC (Allocation Failure) [PSYoungGen: 72544K->1376K(72192K)] 466872K->395704K(582656K), 0.0020952 secs] [Times: user=0.01 sys=0.00, real=0.01 secs] 
2942.636: [GC (Allocation Failure) [PSYoungGen: 72032K->1437K(71680K)] 466360K->395766K(582144K), 0.0020604 secs] [Times: user=0.00 sys=0.00, real=0.00 secs] 
2942.775: [GC (Allocation Failure) [PSYoungGen: 71581K->1485K(71168K)] 465910K->395814K(581632K), 0.0016761 secs] [Times: user=0.01 sys=0.00, real=0.01 secs] 
2942.899: [GC (Allocation Failure) [PSYoungGen: 71117K->1485K(70656K)] 465446K->395814K(581120K), 0.0017441 secs] [Times: user=0.01 sys=0.00, real=0.00 secs] 
2943.023: [GC (Allocation Failure) [PSYoungGen: 70605K->1549K(70656K)] 464934K->395894K(581120K), 0.0016014 secs] [Times: user=0.01 sys=0.00, real=0.00 secs] 
2943.511: [GC (Allocation Failure) [PSYoungGen: 70157K->1408K(69632K)] 464502K->395752K(580096K), 0.0020381 secs] [Times: user=0.00 sys=0.00, real=0.00 secs] 
2944.328: [GC (Allocation Failure) [PSYoungGen: 69504K->1408K(69120K)] 463848K->395752K(579584K), 0.0023472 secs] [Times: user=0.01 sys=0.00, real=0.00 secs] 
2945.230: [GC (Allocation Failure) [PSYoungGen: 68992K->1408K(68608K)] 463336K->395752K(579072K), 0.0023127 secs] [Times: user=0.01 sys=0.00, real=0.00 secs] 
2946.209: [GC (Allocation Failure) [PSYoungGen: 68480K->1408K(68096K)] 462824K->395752K(578560K), 0.0023569 secs] [Times: user=0.01 sys=0.00, real=0.00 secs] 
2946.631: [GC (Allocation Failure) [PSYoungGen: 67968K->1437K(67584K)] 462312K->395782K(578048K), 0.0019898 secs] [Times: user=0.01 sys=0.00, real=0.00 secs] 
2946.753: [GC (Allocation Failure) [PSYoungGen: 67485K->1501K(67072K)] 461830K->395846K(577536K), 0.0016993 secs] [Times: user=0.01 sys=0.00, real=0.00 secs] 
2946.870: [GC (Allocation Failure) [PSYoungGen: 67037K->1533K(66560K)] 461382K->395878K(577024K), 0.0016936 secs] [Times: user=0.00 sys=0.01, real=0.00 secs] 
2946.985: [GC (Allocation Failure) [PSYoungGen: 66557K->1533K(67072K)] 460902K->395894K(577536K), 0.0018061 secs] [Times: user=0.01 sys=0.00, real=0.01 secs] 
2947.496: [GC (Allocation Failure) [PSYoungGen: 67069K->1440K(66560K)] 461430K->395800K(577024K), 0.0019245 secs] [Times: user=0.01 sys=0.00, real=0.00 secs] 
2948.240: [GC (Allocation Failure) [PSYoungGen: 66464K->1376K(66048K)] 460824K->395752K(576512K), 0.0023278 secs] [Times: user=0.01 sys=0.01, real=0.00 secs] 
2949.066: [GC (Allocation Failure) [PSYoungGen: 65888K->1376K(65536K)] 460264K->395752K(576000K), 0.0028362 secs] [Times: user=0.01 sys=0.00, real=0.01 secs] 
2949.626: [GC (Allocation Failure) [PSYoungGen: 65376K->1376K(65024K)] 459752K->395752K(575488K), 0.0027143 secs] [Times: user=0.01 sys=0.00, real=0.00 secs] 
2950.412: [GC (Allocation Failure) [PSYoungGen: 64864K->1437K(64512K)] 459240K->395814K(574976K), 0.0027610 secs] [Times: user=0.01 sys=0.00, real=0.00 secs] 
2950.570: [GC (Allocation Failure) [PSYoungGen: 64413K->1469K(64000K)] 458790K->395846K(574464K), 0.0016086 secs] [Times: user=0.01 sys=0.00, real=0.00 secs] 
2950.696: [GC (Allocation Failure) [PSYoungGen: 63933K->1501K(63488K)] 458310K->395878K(573952K), 0.0019697 secs] [Times: user=0.00 sys=0.00, real=0.01 secs] 
2950.834: [GC (Allocation Failure) [PSYoungGen: 63453K->1421K(62976K)] 457830K->395806K(573440K), 0.0018950 secs] [Times: user=0.01 sys=0.00, real=0.01 secs] 
2951.397: [GC (Allocation Failure) [PSYoungGen: 62861K->1920K(62976K)] 457246K->396304K(573440K), 0.0046902 secs] [Times: user=0.02 sys=0.00, real=0.00 secs] 
2952.818: [GC (Allocation Failure) [PSYoungGen: 62848K->1376K(61952K)] 457232K->395760K(572416K), 0.0046217 secs] [Times: user=0.01 sys=0.00, real=0.00 secs] 
2953.945: [GC (Allocation Failure) [PSYoungGen: 61792K->1344K(61440K)] 456176K->395728K(571904K), 0.0044105 secs] [Times: user=0.02 sys=0.00, real=0.01 secs] 
2954.921: [GC (Allocation Failure) [PSYoungGen: 61248K->1376K(60928K)] 455632K->395760K(571392K), 0.0039928 secs] [Times: user=0.02 sys=0.00, real=0.00 secs] 
2955.409: [GC (Allocation Failure) [PSYoungGen: 60768K->1328K(60416K)] 455152K->395712K(570880K), 0.0034793 secs] [Times: user=0.02 sys=0.01, real=0.00 secs] 
2955.778: [GC (Allocation Failure) [PSYoungGen: 60208K->1469K(60416K)] 454592K->395854K(570880K), 0.0023239 secs] [Times: user=0.01 sys=0.00, real=0.00 secs] 
2955.910: [GC (Allocation Failure) [PSYoungGen: 60349K->1437K(60928K)] 454734K->395822K(571392K), 0.0016014 secs] [Times: user=0.01 sys=0.00, real=0.00 secs] 
2956.015: [GC (Allocation Failure) [PSYoungGen: 60317K->1437K(60928K)] 454702K->395838K(571392K), 0.0015856 secs] [Times: user=0.00 sys=0.00, real=0.01 secs] 
2956.120: [GC (Allocation Failure) [PSYoungGen: 60317K->1472K(60928K)] 454718K->395872K(571392K), 0.0016556 secs] [Times: user=0.01 sys=0.00, real=0.00 secs] 
2956.269: [GC (Allocation Failure) [PSYoungGen: 60352K->1984K(67072K)] 454752K->396384K(577536K), 0.0018559 secs] [Times: user=0.01 sys=0.01, real=0.00 secs] 
2956.797: [GC (Allocation Failure) [PSYoungGen: 67008K->1408K(66048K)] 461408K->395808K(576512K), 0.0019453 secs] [Times: user=0.01 sys=0.00, real=0.00 secs] 
2957.287: [GC (Allocation Failure) [PSYoungGen: 65920K->1408K(65536K)] 460320K->395808K(576000K), 0.0020127 secs] [Times: user=0.00 sys=0.00, real=0.00 secs] 
2957.816: [GC (Allocation Failure) [PSYoungGen: 65408K->1408K(65024K)] 459808K->395808K(575488K), 0.0021598 secs] [Times: user=0.01 sys=0.00, real=0.00 secs] 
2958.460: [GC (Allocation Failure) [PSYoungGen: 64896K->1376K(64512K)] 459296K->395776K(574976K), 0.0024762 secs] [Times: user=0.01 sys=0.01, real=0.00 secs] 
2958.817: [GC (Allocation Failure) [PSYoungGen: 64352K->1437K(64000K)] 458752K->395838K(574464K), 0.0020272 secs] [Times: user=0.01 sys=0.00, real=0.00 secs] 
2958.965: [GC (Allocation Failure) [PSYoungGen: 63901K->1469K(63488K)] 458302K->395886K(573952K), 0.0020140 secs] [Times: user=0.01 sys=0.00, real=0.01 secs] 
2959.110: [GC (Allocation Failure) [PSYoungGen: 63421K->1501K(62976K)] 457838K->395950K(573440K), 0.0017120 secs] [Times: user=0.01 sys=0.00, real=0.00 secs] 
2959.219: [GC (Allocation Failure) [PSYoungGen: 62941K->1533K(63488K)] 457390K->395982K(573952K), 0.0017283 secs] [Times: user=0.00 sys=0.00, real=0.00 secs] 
2959.728: [GC (Allocation Failure) [PSYoungGen: 62973K->1424K(62464K)] 457422K->395872K(572928K), 0.0032981 secs] [Times: user=0.01 sys=0.00, real=0.00 secs] 
2960.495: [GC (Allocation Failure) [PSYoungGen: 62352K->1344K(61952K)] 456800K->395792K(572416K), 0.0043599 secs] [Times: user=0.01 sys=0.00, real=0.01 secs] 
2961.185: [GC (Allocation Failure) [PSYoungGen: 61760K->1392K(61440K)] 456208K->395840K(571904K), 0.0031969 secs] [Times: user=0.01 sys=0.00, real=0.01 secs] 
2961.824: [GC (Allocation Failure) [PSYoungGen: 61296K->1376K(60928K)] 455744K->395824K(571392K), 0.0030612 secs] [Times: user=0.01 sys=0.00, real=0.01 secs] 
2962.541: [GC (Allocation Failure) [PSYoungGen: 60768K->1312K(60416K)] 455216K->395760K(570880K), 0.0029729 secs] [Times: user=0.01 sys=0.01, real=0.00 secs] 
2962.852: [GC (Allocation Failure) [PSYoungGen: 60192K->1469K(60928K)] 454640K->395918K(571392K), 0.0020663 secs] [Times: user=0.01 sys=0.00, real=0.00 secs] 
2962.966: [GC (Allocation Failure) [PSYoungGen: 60349K->1501K(60928K)] 454798K->395982K(571392K), 0.0016572 secs] [Times: user=0.01 sys=0.00, real=0.00 secs] 
2963.070: [GC (Allocation Failure) [PSYoungGen: 60381K->1472K(60928K)] 454862K->395953K(571392K), 0.0017658 secs] [Times: user=0.01 sys=0.00, real=0.00 secs] 
2963.175: [GC (Allocation Failure) [PSYoungGen: 60352K->1469K(60928K)] 454833K->395950K(571392K), 0.0015901 secs] [Times: user=0.01 sys=0.00, real=0.01 secs] 
2963.524: [GC (Allocation Failure) [PSYoungGen: 60349K->1392K(66560K)] 454830K->395872K(577024K), 0.0021654 secs] [Times: user=0.01 sys=0.00, real=0.01 secs] 
2963.839: [GC (Allocation Failure) [PSYoungGen: 66416K->1376K(66048K)] 460896K->395864K(576512K), 0.0021809 secs] [Times: user=0.01 sys=0.00, real=0.00 secs] 
2964.108: [GC (Allocation Failure) [PSYoungGen: 65888K->1376K(65536K)] 460376K->395864K(576000K), 0.0022786 secs] [Times: user=0.01 sys=0.00, real=0.00 secs] 
2964.292: [GC (Allocation Failure) [PSYoungGen: 65376K->1469K(65024K)] 459864K->395958K(575488K), 0.0017391 secs] [Times: user=0.00 sys=0.00, real=0.00 secs] 
2964.369: [GC (Allocation Failure) [PSYoungGen: 64957K->1549K(65536K)] 459446K->396038K(576000K), 0.0016454 secs] [Times: user=0.01 sys=0.00, real=0.00 secs] 
2964.446: [GC (Allocation Failure) [PSYoungGen: 65037K->1501K(65536K)] 459526K->396006K(576000K), 0.0015532 secs] [Times: user=0.01 sys=0.00, real=0.00 secs] 
2964.523: [GC (Allocation Failure) [PSYoungGen: 64989K->1501K(73216K)] 459494K->396006K(583680K), 0.0016445 secs] [Times: user=0.01 sys=0.00, real=0.00 secs] 
2965.210: [GC (Allocation Failure) [PSYoungGen: 72669K->1824K(73216K)] 467174K->396344K(583680K), 0.0057152 secs] [Times: user=0.03 sys=0.01, real=0.01 secs] 
2967.857: [GC (Allocation Failure) [PSYoungGen: 72992K->2016K(78848K)] 467512K->402641K(589312K), 0.0045885 secs] [Times: user=0.02 sys=0.00, real=0.00 secs] 
2978.467: [GC (Allocation Failure) [PSYoungGen: 78816K->4576K(80896K)] 479441K->428969K(591360K), 0.0359153 secs] [Times: user=0.19 sys=0.01, real=0.03 secs] 
2981.574: [GC (Allocation Failure) [PSYoungGen: 80864K->13808K(77312K)] 505257K->465826K(587776K), 0.0308982 secs] [Times: user=0.11 sys=0.05, real=0.03 secs] 
2981.667: [GC (Allocation Failure) [PSYoungGen: 77296K->26592K(90112K)] 529314K->495697K(600576K), 0.0205307 secs] [Times: user=0.10 sys=0.02, real=0.02 secs] 
2981.733: [GC (Allocation Failure) [PSYoungGen: 90080K->37856K(99328K)] 559185K->524713K(609792K), 0.0192490 secs] [Times: user=0.10 sys=0.01, real=0.02 secs] 
2981.752: [Full GC (Ergonomics) [PSYoungGen: 37856K->0K(99328K)] [ParOldGen: 486857K->137868K(457728K)] 524713K->137868K(557056K), [Metaspace: 59909K->59809K(1105920K)], 0.3157859 secs] [Times: user=1.41 sys=0.00, real=0.32 secs] 
2982.114: [GC (Allocation Failure) [PSYoungGen: 61440K->29600K(112640K)] 199308K->167468K(570368K), 0.0347243 secs] [Times: user=0.20 sys=0.00, real=0.04 secs] 
2986.229: [GC (Allocation Failure) [PSYoungGen: 91040K->52704K(114176K)] 228908K->196396K(571904K), 0.1997002 secs] [Times: user=1.19 sys=0.01, real=0.20 secs] 
2989.102: [GC (Allocation Failure) [PSYoungGen: 114144K->64496K(125952K)] 257836K->232949K(583680K), 0.0927122 secs] [Times: user=0.54 sys=0.02, real=0.09 secs] 
2992.182: [GC (Allocation Failure) [PSYoungGen: 125936K->84960K(139264K)] 294389K->261669K(596992K), 0.0850836 secs] [Times: user=0.37 sys=0.10, real=0.09 secs] 
2993.394: [GC (Allocation Failure) [PSYoungGen: 139232K->32381K(157696K)] 315941K->265498K(615424K), 0.0362922 secs] [Times: user=0.22 sys=0.00, real=0.04 secs] 
2993.663: [GC (Allocation Failure) [PSYoungGen: 86653K->3424K(160768K)] 319770K->268861K(618496K), 0.0663684 secs] [Times: user=0.40 sys=0.00, real=0.07 secs] 
2995.354: [GC (Allocation Failure) [PSYoungGen: 68448K->24368K(161280K)] 333885K->292026K(619008K), 0.0141289 secs] [Times: user=0.08 sys=0.00, real=0.02 secs] 
2996.653: [GC (Allocation Failure) [PSYoungGen: 89392K->27888K(157184K)] 357050K->318223K(614912K), 0.0403439 secs] [Times: user=0.24 sys=0.00, real=0.04 secs] 
2997.807: [GC (Allocation Failure) [PSYoungGen: 105200K->34944K(162816K)] 395535K->352390K(620544K), 0.0398989 secs] [Times: user=0.23 sys=0.00, real=0.04 secs] 
2997.937: [GC (Allocation Failure) [PSYoungGen: 112256K->40256K(170496K)] 429702K->392474K(628224K), 0.0287684 secs] [Times: user=0.17 sys=0.00, real=0.02 secs] 
2998.044: [GC (Allocation Failure) [PSYoungGen: 132416K->44480K(172032K)] 484634K->436814K(629760K), 0.0260759 secs] [Times: user=0.15 sys=0.00, real=0.03 secs] 
2998.125: [GC (Allocation Failure) [PSYoungGen: 136640K->51808K(187904K)] 528974K->488542K(645632K), 0.0366319 secs] [Times: user=0.21 sys=0.00, real=0.04 secs] 
2998.162: [Full GC (Ergonomics) [PSYoungGen: 51808K->0K(187904K)] [ParOldGen: 436734K->222503K(586240K)] 488542K->222503K(774144K), [Metaspace: 60017K->60017K(1105920K)], 0.5226596 secs] [Times: user=2.42 sys=0.00, real=0.52 secs] 
2999.587: [GC (Allocation Failure) [PSYoungGen: 108032K->31376K(189952K)] 330535K->253880K(776192K), 0.0409900 secs] [Times: user=0.24 sys=0.00, real=0.04 secs] 
2999.822: [GC (Allocation Failure) [PSYoungGen: 139408K->20480K(202752K)] 361912K->274388K(788992K), 0.0554909 secs] [Times: user=0.33 sys=0.00, real=0.06 secs] 
2999.976: [GC (Allocation Failure) [PSYoungGen: 148992K->58768K(204800K)] 402900K->331372K(791040K), 0.0177831 secs] [Times: user=0.10 sys=0.00, real=0.01 secs] 
3000.091: [GC (Allocation Failure) [PSYoungGen: 187280K->64480K(228352K)] 459884K->391047K(814592K), 0.0446015 secs] [Times: user=0.21 sys=0.04, real=0.05 secs] 
3000.533: [GC (Allocation Failure) [PSYoungGen: 211424K->76736K(234496K)] 537991K->459295K(820736K), 0.0645419 secs] [Times: user=0.38 sys=0.00, real=0.07 secs] 
3001.855: [GC (Allocation Failure) [PSYoungGen: 223680K->35296K(262656K)] 606239K->494495K(848896K), 0.0408877 secs] [Times: user=0.23 sys=0.02, real=0.05 secs] 
3007.070: [GC (Allocation Failure) [PSYoungGen: 209888K->58352K(267264K)] 669087K->552256K(853504K), 0.1242022 secs] [Times: user=0.71 sys=0.03, real=0.12 secs] 
3007.369: [GC (Allocation Failure) [PSYoungGen: 232944K->86768K(289280K)] 726848K->633497K(875520K), 0.0509091 secs] [Times: user=0.16 sys=0.13, real=0.05 secs] 
3007.420: [Full GC (Ergonomics) [PSYoungGen: 86768K->0K(289280K)] [ParOldGen: 546728K->154656K(556032K)] 633497K->154656K(845312K), [Metaspace: 60034K->60034K(1105920K)], 0.3577152 secs] [Times: user=1.65 sys=0.01, real=0.36 secs] 
3012.258: [GC (Allocation Failure) [PSYoungGen: 195584K->93440K(300032K)] 350240K->248096K(856064K), 0.0802490 secs] [Times: user=0.46 sys=0.01, real=0.08 secs] 
3014.786: [GC (Allocation Failure) [PSYoungGen: 289024K->42000K(332800K)] 443680K->289381K(888832K), 0.0450081 secs] [Times: user=0.26 sys=0.00, real=0.04 secs] 
3015.552: [GC (Allocation Failure) [PSYoungGen: 269840K->111072K(338944K)] 517221K->402239K(894976K), 0.0363353 secs] [Times: user=0.21 sys=0.00, real=0.04 secs] 
3016.732: [GC (Allocation Failure) [PSYoungGen: 338912K->143840K(349184K)] 630079K->534447K(905216K), 0.0972350 secs] [Times: user=0.43 sys=0.15, real=0.10 secs] 
3020.602: [GC (Allocation Failure) [PSYoungGen: 349152K->40688K(408064K)] 739759K->542296K(964096K), 0.1180867 secs] [Times: user=0.70 sys=0.00, real=0.12 secs] 
3020.720: [Full GC (Ergonomics) [PSYoungGen: 40688K->0K(408064K)] [ParOldGen: 501607K->56465K(524800K)] 542296K->56465K(932864K), [Metaspace: 60048K->60048K(1105920K)], 0.1745457 secs] [Times: user=0.77 sys=0.00, real=0.17 secs] 
3021.151: [GC (Allocation Failure) [PSYoungGen: 205312K->98048K(426496K)] 261777K->154513K(951296K), 0.0206005 secs] [Times: user=0.11 sys=0.01, real=0.02 secs] 
3022.746: [GC (Allocation Failure) [PSYoungGen: 334278K->149632K(430592K)] 390743K->295633K(955392K), 0.0614220 secs] [Times: user=0.36 sys=0.00, real=0.06 secs] 
3024.005: [GC (Allocation Failure) [PSYoungGen: 387200K->65520K(465408K)] 533201K->323693K(990208K), 0.0971518 secs] [Times: user=0.58 sys=0.00, real=0.10 secs] 
3024.778: [GC (Allocation Failure) [PSYoungGen: 339952K->133552K(473600K)] 598125K->451834K(998400K), 0.0623924 secs] [Times: user=0.35 sys=0.02, real=0.06 secs] 
3028.109: [GC (Allocation Failure) [PSYoungGen: 407984K->74480K(487424K)] 726266K->526250K(1012224K), 0.1557127 secs] [Times: user=0.91 sys=0.01, real=0.15 secs] 
3028.265: [Full GC (Ergonomics) [PSYoungGen: 74480K->0K(487424K)] [ParOldGen: 451770K->45923K(567808K)] 526250K->45923K(1055232K), [Metaspace: 60056K->60056K(1105920K)], 0.1350461 secs] [Times: user=0.58 sys=0.01, real=0.14 secs] 
3029.570: [GC (Allocation Failure) [PSYoungGen: 293376K->139264K(489984K)] 339299K->185187K(1057792K), 0.0286283 secs] [Times: user=0.16 sys=0.00, real=0.03 secs] 
3031.273: [GC (Allocation Failure) [PSYoungGen: 432640K->96224K(491520K)] 478563K->272647K(1059328K), 0.0702434 secs] [Times: user=0.38 sys=0.04, real=0.07 secs] 
3032.807: [GC (Allocation Failure) [PSYoungGen: 393184K->133792K(492544K)] 569607K->404828K(1060352K), 0.0818758 secs] [Times: user=0.48 sys=0.00, real=0.08 secs] 
3034.639: [GC (Allocation Failure) [PSYoungGen: 430752K->104944K(493056K)] 701788K->501133K(1060864K), 0.0657162 secs] [Times: user=0.38 sys=0.02, real=0.06 secs] 
3034.705: [Full GC (Ergonomics) [PSYoungGen: 104944K->0K(493056K)] [ParOldGen: 396188K->18782K(584704K)] 501133K->18782K(1077760K), [Metaspace: 60058K->60058K(1105920K)], 0.0258819 secs] [Times: user=0.06 sys=0.00, real=0.03 secs] 
3038.875: [GC (GCLocker Initiated GC) [PSYoungGen: 302592K->127216K(495616K)] 321374K->145999K(1080320K), 0.0283091 secs] [Times: user=0.16 sys=0.00, real=0.03 secs] 
3040.571: [GC (Allocation Failure) [PSYoungGen: 429808K->119520K(503296K)] 448592K->255995K(1088000K), 0.0642041 secs] [Times: user=0.37 sys=0.01, real=0.06 secs] 
3043.381: [GC (Allocation Failure) [PSYoungGen: 430816K->119840K(503808K)] 567291K->375723K(1088512K), 0.0555467 secs] [Times: user=0.33 sys=0.00, real=0.06 secs] 
3044.549: [GC (Allocation Failure) [PSYoungGen: 431136K->128992K(503808K)] 687019K->493608K(1088512K), 0.0624930 secs] [Times: user=0.37 sys=0.00, real=0.06 secs] 
3047.203: [GC (Allocation Failure) [PSYoungGen: 442848K->118144K(504320K)] 807464K->611752K(1089024K), 0.0754709 secs] [Times: user=0.45 sys=0.00, real=0.08 secs] 
3047.278: [Full GC (Ergonomics) [PSYoungGen: 118144K->0K(504320K)] [ParOldGen: 493608K->134230K(752640K)] 611752K->134230K(1256960K), [Metaspace: 60069K->60069K(1105920K)], 0.2963201 secs] [Times: user=1.36 sys=0.00, real=0.29 secs] 
3048.686: [GC (Allocation Failure) [PSYoungGen: 313856K->131040K(504320K)] 448086K->265270K(1256960K), 0.0486412 secs] [Times: user=0.29 sys=0.00, real=0.04 secs] 
3050.567: [GC (Allocation Failure) [PSYoungGen: 448992K->122640K(504832K)] 583222K->388087K(1257472K), 0.0771675 secs] [Times: user=0.45 sys=0.00, real=0.07 secs] 
3052.938: [GC (Allocation Failure) [PSYoungGen: 440592K->125440K(509952K)] 706039K->503003K(1262592K), 0.0626079 secs] [Times: user=0.37 sys=0.00, real=0.06 secs] 
3054.994: [GC (Allocation Failure) [PSYoungGen: 453120K->147040K(509952K)] 830683K->650067K(1262592K), 0.0606031 secs] [Times: user=0.36 sys=0.00, real=0.06 secs] 
3058.593: [GC (Allocation Failure) [PSYoungGen: 474720K->1920K(486400K)] 977747K->504963K(1239040K), 0.0022069 secs] [Times: user=0.01 sys=0.00, real=0.00 secs] 
3060.074: [GC (Allocation Failure) [PSYoungGen: 300416K->125088K(498688K)] 803459K->628768K(1251328K), 0.0291253 secs] [Times: user=0.17 sys=0.01, real=0.03 secs] 
3061.862: [GC (Allocation Failure) [PSYoungGen: 423584K->122592K(490496K)] 927264K->741268K(1243136K), 0.0729202 secs] [Times: user=0.36 sys=0.07, real=0.07 secs] 
3061.935: [Full GC (Ergonomics) [PSYoungGen: 122592K->0K(490496K)] [ParOldGen: 618676K->252548K(926208K)] 741268K->252548K(1416704K), [Metaspace: 60077K->60077K(1105920K)], 0.5287182 secs] [Times: user=2.33 sys=0.00, real=0.53 secs] 
3066.261: [GC (Allocation Failure) [PSYoungGen: 300544K->110304K(495616K)] 553092K->362852K(1421824K), 0.0309921 secs] [Times: user=0.18 sys=0.00, real=0.03 secs] 
3067.968: [GC (Allocation Failure) [PSYoungGen: 410848K->138496K(497664K)] 663396K->490921K(1423872K), 0.0621694 secs] [Times: user=0.36 sys=0.00, real=0.06 secs] 
3070.530: [GC (Allocation Failure) [PSYoungGen: 449280K->100816K(500736K)] 801705K->591058K(1426944K), 0.0856616 secs] [Times: user=0.51 sys=0.00, real=0.09 secs] 
3071.638: [GC (Allocation Failure) [PSYoungGen: 409674K->184288K(417280K)] 899915K->765270K(1343488K), 0.0721071 secs] [Times: user=0.40 sys=0.02, real=0.07 secs] 
3073.664: [GC (Allocation Failure) [PSYoungGen: 417248K->60560K(465920K)] 998230K->788855K(1392128K), 0.1329720 secs] [Times: user=0.72 sys=0.06, real=0.14 secs] 
3073.797: [Full GC (Ergonomics) [PSYoungGen: 60560K->0K(465920K)] [ParOldGen: 728294K->76251K(788992K)] 788855K->76251K(1254912K), [Metaspace: 60102K->60102K(1105920K)], 0.1854519 secs] [Times: user=0.84 sys=0.00, real=0.18 secs] 
3074.144: [GC (Allocation Failure) [PSYoungGen: 232960K->115232K(454656K)] 309211K->191483K(1243648K), 0.0295112 secs] [Times: user=0.17 sys=0.00, real=0.03 secs] 
3075.196: [GC (Allocation Failure) [PSYoungGen: 348192K->79264K(460288K)] 424443K->262339K(1249280K), 0.0573539 secs] [Times: user=0.35 sys=0.00, real=0.05 secs] 
3078.186: [GC (GCLocker Initiated GC) [PSYoungGen: 312224K->91296K(456704K)] 495300K->352445K(1245696K), 0.0647421 secs] [Times: user=0.38 sys=0.00, real=0.06 secs] 
3078.426: [GC (Allocation Failure) [PSYoungGen: 339616K->121984K(464896K)] 600768K->468692K(1253888K), 0.0519814 secs] [Times: user=0.31 sys=0.00, real=0.05 secs] 
3081.505: [GC (Allocation Failure) [PSYoungGen: 370304K->64320K(479232K)] 717012K->532940K(1268224K), 0.1494584 secs] [Times: user=0.89 sys=0.00, real=0.15 secs] 
3082.981: [GC (Allocation Failure) [PSYoungGen: 337216K->129888K(481280K)] 805836K->658915K(1270272K), 0.0404794 secs] [Times: user=0.24 sys=0.00, real=0.04 secs] 
3084.222: [GC (Allocation Failure) [PSYoungGen: 402784K->92672K(478208K)] 931811K->742403K(1267200K), 0.0604086 secs] [Times: user=0.36 sys=0.00, real=0.06 secs] 
3084.283: [Full GC (Ergonomics) [PSYoungGen: 92672K->0K(478208K)] [ParOldGen: 649731K->19844K(724992K)] 742403K->19844K(1203200K), [Metaspace: 60109K->60109K(1105920K)], 0.0295837 secs] [Times: user=0.07 sys=0.00, real=0.03 secs] 
3085.898: [GC (Allocation Failure) [PSYoungGen: 284160K->122656K(484352K)] 304004K->142500K(1209344K), 0.0318106 secs] [Times: user=0.19 sys=0.00, real=0.03 secs] 
3088.939: [GC (Allocation Failure) [PSYoungGen: 406816K->123840K(488448K)] 426660K->256024K(1213440K), 0.0615926 secs] [Times: user=0.37 sys=0.00, real=0.06 secs] 
3090.225: [GC (Allocation Failure) [PSYoungGen: 426432K->108416K(494592K)] 558616K->364464K(1219584K), 0.0650599 secs] [Times: user=0.38 sys=0.00, real=0.07 secs] 
3093.230: [GC (Allocation Failure) [PSYoungGen: 408200K->177088K(480256K)] 664248K->531277K(1205248K), 0.0696971 secs] [Times: user=0.42 sys=0.00, real=0.07 secs] 
3096.272: [GC (Allocation Failure) [PSYoungGen: 472512K->87344K(497152K)] 826701K->581609K(1222144K), 0.0906369 secs] [Times: user=0.54 sys=0.00, real=0.09 secs] 
3096.571: [GC (Allocation Failure) [PSYoungGen: 382768K->160832K(482816K)] 877033K->736481K(1207808K), 0.0546433 secs] [Times: user=0.32 sys=0.00, real=0.06 secs] 
3096.626: [Full GC (Ergonomics) [PSYoungGen: 160832K->0K(482816K)] [ParOldGen: 575649K->241008K(970240K)] 736481K->241008K(1453056K), [Metaspace: 60117K->60117K(1105920K)], 0.5567303 secs] [Times: user=2.60 sys=0.00, real=0.55 secs] 
3100.617: [GC (Allocation Failure) [PSYoungGen: 284160K->78720K(491520K)] 525168K->319728K(1461760K), 0.0453502 secs] [Times: user=0.26 sys=0.00, real=0.04 secs] 
3100.956: [GC (Allocation Failure) [PSYoungGen: 362880K->138912K(489472K)] 603888K->452589K(1459712K), 0.0506554 secs] [Times: user=0.30 sys=0.00, real=0.05 secs] 
3104.084: [GC (Allocation Failure) [PSYoungGen: 425120K->79312K(491520K)] 738797K->531762K(1461760K), 0.1382962 secs] [Times: user=0.83 sys=0.00, real=0.14 secs] 
3105.090: [GC (Allocation Failure) [PSYoungGen: 365520K->137088K(492544K)] 817970K->665386K(1462784K), 0.0464516 secs] [Times: user=0.28 sys=0.00, real=0.05 secs] 
3107.077: [GC (Allocation Failure) [PSYoungGen: 427392K->94240K(385024K)] 955690K->751202K(1355264K), 0.0682987 secs] [Times: user=0.40 sys=0.00, real=0.06 secs] 
3108.200: [GC (Allocation Failure) [PSYoungGen: 384544K->131696K(493056K)] 1041506K->880136K(1463296K), 0.0505183 secs] [Times: user=0.28 sys=0.01, real=0.05 secs] 
3111.220: [GC (Allocation Failure) [PSYoungGen: 427120K->103968K(491520K)] 1175560K->973491K(1461760K), 0.0867320 secs] [Times: user=0.33 sys=0.15, real=0.09 secs] 
3111.307: [Full GC (Ergonomics) [PSYoungGen: 103968K->0K(491520K)] [ParOldGen: 869523K->20391K(770048K)] 973491K->20391K(1261568K), [Metaspace: 60120K->60120K(1105920K)], 0.0313326 secs] [Times: user=0.07 sys=0.00, real=0.03 secs] 
3112.611: [GC (Allocation Failure) [PSYoungGen: 295424K->129217K(497152K)] 315815K->149609K(1267200K), 0.0297900 secs] [Times: user=0.18 sys=0.00, real=0.03 secs] 
3115.062: [GC (Allocation Failure) [PSYoungGen: 436417K->117056K(495104K)] 456809K->256312K(1265152K), 0.0618805 secs] [Times: user=0.37 sys=0.00, real=0.06 secs] 
3117.401: [GC (Allocation Failure) [PSYoungGen: 424256K->125248K(505344K)] 563512K->381552K(1275392K), 0.0661413 secs] [Times: user=0.39 sys=0.00, real=0.07 secs] 
3119.357: [GC (Allocation Failure) [PSYoungGen: 449344K->122816K(502272K)] 705648K->493747K(1272320K), 0.0623734 secs] [Times: user=0.37 sys=0.00, real=0.06 secs] 
3121.369: [GC (Allocation Failure) [PSYoungGen: 446912K->133216K(513536K)] 817843K->627003K(1283584K), 0.0607860 secs] [Times: user=0.36 sys=0.00, real=0.06 secs] 
3124.498: [GC (Allocation Failure) [PSYoungGen: 472672K->7424K(347136K)] 966459K->501319K(1117184K), 0.0029217 secs] [Times: user=0.01 sys=0.00, real=0.00 secs] 
3126.639: [GC (Allocation Failure) [PSYoungGen: 346880K->151904K(494592K)] 840775K->651796K(1264640K), 0.0314860 secs] [Times: user=0.19 sys=0.00, real=0.03 secs] 
3129.545: [GC (GCLocker Initiated GC) [PSYoungGen: 458592K->103664K(502784K)] 958484K->746285K(1272832K), 0.0672665 secs] [Times: user=0.40 sys=0.00, real=0.07 secs] 
3129.612: [Full GC (Ergonomics) [PSYoungGen: 103664K->0K(502784K)] [ParOldGen: 642620K->29515K(848384K)] 746285K->29515K(1351168K), [Metaspace: 60127K->60127K(1105920K)], 0.0490444 secs] [Times: user=0.16 sys=0.00, real=0.05 secs] 
3132.150: [GC (Allocation Failure) [PSYoungGen: 306688K->145440K(498688K)] 336255K->175007K(1347072K), 0.0274646 secs] [Times: user=0.16 sys=0.00, real=0.03 secs] 
3134.262: [GC (Allocation Failure) [PSYoungGen: 455200K->107008K(417280K)] 484767K->264699K(1265664K), 0.0635745 secs] [Times: user=0.38 sys=0.00, real=0.06 secs] 
3136.537: [GC (Allocation Failure) [PSYoungGen: 416768K->137488K(501760K)] 574459K->400500K(1350144K), 0.0521557 secs] [Times: user=0.31 sys=0.00, real=0.05 secs] 
3138.747: [GC (Allocation Failure) [PSYoungGen: 451856K->110656K(503296K)] 714868K->501528K(1351680K), 0.0638006 secs] [Times: user=0.37 sys=0.00, real=0.06 secs] 
3141.250: [GC (Allocation Failure) [PSYoungGen: 425024K->140064K(503296K)] 815896K->639948K(1351680K), 0.0537334 secs] [Times: user=0.32 sys=0.00, real=0.05 secs] 
3143.635: [GC (Allocation Failure) [PSYoungGen: 460576K->112304K(505344K)] 960460K->742365K(1353728K), 0.0657664 secs] [Times: user=0.39 sys=0.00, real=0.07 secs] 
3146.797: [GC (Allocation Failure) [PSYoungGen: 432816K->141696K(507904K)] 1062877K->882497K(1356288K), 0.0543904 secs] [Times: user=0.32 sys=0.00, real=0.05 secs] 
3146.851: [Full GC (Ergonomics) [PSYoungGen: 141696K->0K(507904K)] [ParOldGen: 740801K->163903K(1028096K)] 882497K->163903K(1536000K), [Metaspace: 60132K->60132K(1105920K)], 0.3873913 secs] [Times: user=1.81 sys=0.00, real=0.39 secs] 
3148.633: [GC (Allocation Failure) [PSYoungGen: 328704K->114832K(510464K)] 492607K->278736K(1538560K), 0.0419714 secs] [Times: user=0.25 sys=0.00, real=0.04 secs] 
3151.887: [GC (Allocation Failure) [PSYoungGen: 443536K->145568K(510464K)] 607440K->422136K(1538560K), 0.0559489 secs] [Times: user=0.33 sys=0.00, real=0.05 secs] 
3154.261: [GC (Allocation Failure) [PSYoungGen: 479392K->112593K(514560K)] 755960K->525585K(1542656K), 0.1467226 secs] [Times: user=0.87 sys=0.00, real=0.15 secs] 
3156.988: [GC (Allocation Failure) [PSYoungGen: 446417K->162576K(502784K)] 859409K->685094K(1530880K), 0.0556279 secs] [Times: user=0.33 sys=0.00, real=0.05 secs] 
3160.047: [GC (Allocation Failure) [PSYoungGen: 488720K->107648K(512512K)] 1011238K->775445K(1540608K), 0.1761229 secs] [Times: user=1.01 sys=0.01, real=0.17 secs] 
3161.347: [GC (Allocation Failure) [PSYoungGen: 428967K->151136K(507392K)] 1096764K->922658K(1535488K), 0.0535433 secs] [Times: user=0.32 sys=0.00, real=0.05 secs] 
3164.500: [GC (Allocation Failure) [PSYoungGen: 475232K->105904K(511488K)] 1246754K->1019787K(1539584K), 0.1894065 secs] [Times: user=0.92 sys=0.21, real=0.19 secs] 
3164.690: [Full GC (Ergonomics) [PSYoungGen: 105904K->0K(511488K)] [ParOldGen: 913882K->58191K(956928K)] 1019787K->58191K(1468416K), [Metaspace: 60146K->60146K(1105920K)], 0.1483490 secs] [Times: user=0.68 sys=0.00, real=0.15 secs] 
3165.354: [GC (Allocation Failure) [PSYoungGen: 312120K->145648K(509952K)] 370311K->203839K(1466880K), 0.0288527 secs] [Times: user=0.17 sys=0.00, real=0.03 secs] 
3167.830: [GC (Allocation Failure) [PSYoungGen: 470768K->109632K(435200K)] 528959K->304367K(1392128K), 0.1625319 secs] [Times: user=0.97 sys=0.00, real=0.16 secs] 
3168.524: [GC (Allocation Failure) [PSYoungGen: 434752K->152512K(506880K)] 629487K->452908K(1463808K), 0.0525437 secs] [Times: user=0.31 sys=0.00, real=0.06 secs] 
3172.238: [GC (Allocation Failure) [PSYoungGen: 473227K->95776K(510976K)] 773623K->547604K(1467904K), 0.1728911 secs] [Times: user=1.03 sys=0.00, real=0.17 secs] 
3172.683: [GC (Allocation Failure) [PSYoungGen: 418848K->154272K(502272K)] 870676K->698256K(1459200K), 0.0555414 secs] [Times: user=0.33 sys=0.00, real=0.06 secs] 
3177.154: [GC (Allocation Failure) [PSYoungGen: 469152K->94048K(506880K)] 1013136K->792157K(1463808K), 0.1765027 secs] [Times: user=1.05 sys=0.00, real=0.18 secs] 
3177.584: [GC (Allocation Failure) [PSYoungGen: 408928K->150560K(501248K)] 1107037K->936841K(1458176K), 0.0533817 secs] [Times: user=0.32 sys=0.00, real=0.06 secs] 
3177.637: [Full GC (Ergonomics) [PSYoungGen: 150560K->0K(501248K)] [ParOldGen: 786281K->213965K(1135104K)] 936841K->213965K(1636352K), [Metaspace: 60150K->60150K(1105920K)], 0.4921749 secs] [Times: user=2.30 sys=0.00, real=0.49 secs] 
3180.036: [GC (Allocation Failure) [PSYoungGen: 309760K->95552K(504320K)] 523725K->309525K(1639424K), 0.1333234 secs] [Times: user=0.79 sys=0.00, real=0.13 secs] 
3180.626: [GC (GCLocker Initiated GC) [PSYoungGen: 405312K->148304K(501760K)] 619285K->452203K(1636864K), 0.0906479 secs] [Times: user=0.53 sys=0.00, real=0.10 secs] 
3184.947: [GC (Allocation Failure) [PSYoungGen: 457040K->88400K(503808K)] 765039K->544027K(1638912K), 0.1584522 secs] [Times: user=0.95 sys=0.00, real=0.15 secs] 
3185.498: [GC (Allocation Failure) [PSYoungGen: 397136K->165264K(486912K)] 852763K->707460K(1622016K), 0.0664383 secs] [Times: user=0.39 sys=0.00, real=0.06 secs] 
3188.353: [GC (Allocation Failure) [PSYoungGen: 457616K->83792K(495616K)] 999812K->774496K(1630720K), 0.1514739 secs] [Times: user=0.91 sys=0.00, real=0.15 secs] 
3189.631: [GC (Allocation Failure) [PSYoungGen: 376144K->139456K(491520K)] 1066848K->910059K(1626624K), 0.0515965 secs] [Times: user=0.30 sys=0.00, real=0.05 secs] 
3191.794: [GC (Allocation Failure) [PSYoungGen: 431808K->93760K(493568K)] 1202411K->995347K(1628672K), 0.0768112 secs] [Times: user=0.45 sys=0.00, real=0.08 secs] 
3193.525: [GC (Allocation Failure) [PSYoungGen: 386112K->133808K(492032K)] 1287699K->1126717K(1627136K), 0.0547443 secs] [Times: user=0.28 sys=0.04, real=0.06 secs] 
3193.580: [Full GC (Ergonomics) [PSYoungGen: 133808K->0K(492032K)] [ParOldGen: 992908K->166712K(1114112K)] 1126717K->166712K(1606144K), [Metaspace: 60186K->60186K(1105920K)], 0.3879680 secs] [Times: user=1.77 sys=0.00, real=0.39 secs] 
3195.965: [GC (Allocation Failure) [PSYoungGen: 299008K->102336K(494592K)] 465720K->269048K(1608704K), 0.0381583 secs] [Times: user=0.22 sys=0.00, real=0.04 secs] 
3198.740: [GC (Allocation Failure) [PSYoungGen: 401344K->131584K(498176K)] 568056K->399477K(1612288K), 0.0540753 secs] [Times: user=0.32 sys=0.01, real=0.05 secs] 
3200.452: [GC (Allocation Failure) [PSYoungGen: 442880K->114752K(500224K)] 710773K->504913K(1614336K), 0.0629831 secs] [Times: user=0.37 sys=0.00, real=0.06 secs] 
3203.227: [GC (Allocation Failure) [PSYoungGen: 426048K->129776K(506880K)] 816209K->633403K(1620992K), 0.0587525 secs] [Times: user=0.35 sys=0.00, real=0.05 secs] 
3205.542: [GC (Allocation Failure) [PSYoungGen: 455920K->2544K(328704K)] 959547K->506267K(1442816K), 0.0032313 secs] [Times: user=0.02 sys=0.00, real=0.00 secs] 
3207.705: [GC (Allocation Failure) [PSYoungGen: 328688K->140368K(498176K)] 832411K->645384K(1612288K), 0.0283217 secs] [Times: user=0.17 sys=0.00, real=0.03 secs] 
3209.589: [GC (Allocation Failure) [PSYoungGen: 443984K->108768K(412672K)] 949000K->744695K(1526784K), 0.0642357 secs] [Times: user=0.38 sys=0.00, real=0.06 secs] 
3211.761: [GC (Allocation Failure) [PSYoungGen: 412384K->128192K(498688K)] 1048311K->871580K(1612800K), 0.0593210 secs] [Times: user=0.35 sys=0.00, real=0.06 secs] 
3213.707: [GC (Allocation Failure) [PSYoungGen: 436928K->119104K(496640K)] 1180316K->980888K(1610752K), 0.0628818 secs] [Times: user=0.37 sys=0.00, real=0.06 secs] 
3215.419: [GC (Allocation Failure) [PSYoungGen: 427840K->127136K(505344K)] 1289624K->1108072K(1619456K), 0.0617104 secs] [Times: user=0.36 sys=0.00, real=0.06 secs] 
3215.481: [Full GC (Ergonomics) [PSYoungGen: 127136K->0K(505344K)] [ParOldGen: 980936K->143153K(1156608K)] 1108072K->143153K(1661952K), [Metaspace: 60188K->60188K(1105920K)], 0.3232208 secs] [Times: user=1.49 sys=0.00, real=0.32 secs] 
3218.321: [GC (Allocation Failure) [PSYoungGen: 323072K->122304K(503296K)] 466225K->265457K(1659904K), 0.0432997 secs] [Times: user=0.26 sys=0.00, real=0.04 secs] 
3220.793: [GC (Allocation Failure) [PSYoungGen: 445376K->134752K(512512K)] 588529K->399863K(1669120K), 0.0632120 secs] [Times: user=0.37 sys=0.00, real=0.07 secs] 
3223.060: [GC (Allocation Failure) [PSYoungGen: 470624K->5488K(341504K)] 735735K->270716K(1498112K), 0.0025175 secs] [Times: user=0.01 sys=0.00, real=0.00 secs] 
3225.795: [GC (Allocation Failure) [PSYoungGen: 341360K->150240K(493056K)] 606588K->419160K(1649664K), 0.0305983 secs] [Times: user=0.18 sys=0.00, real=0.04 secs] 
3227.175: [GC (Allocation Failure) [PSYoungGen: 452832K->198112K(500736K)] 721752K->512184K(1657344K), 0.0627641 secs] [Times: user=0.37 sys=0.01, real=0.07 secs] 
3230.168: [GC (Allocation Failure) [PSYoungGen: 500704K->133760K(436224K)] 814776K->644429K(1592832K), 0.0704422 secs] [Times: user=0.42 sys=0.00, real=0.07 secs] 
3231.605: [GC (Allocation Failure) [PSYoungGen: 371840K->107616K(468480K)] 882509K->742509K(1625088K), 0.0629968 secs] [Times: user=0.37 sys=0.00, real=0.07 secs] 
3232.558: [GC (GCLocker Initiated GC) [PSYoungGen: 345696K->72304K(458240K)] 980590K->814646K(1614848K), 0.0795160 secs] [Times: user=0.46 sys=0.01, real=0.08 secs] 
3232.883: [GC (Allocation Failure) [PSYoungGen: 317552K->110976K(466944K)] 1076281K->936384K(1623552K), 0.2447743 secs] [Times: user=1.46 sys=0.00, real=0.25 secs] 
3235.590: [GC (Allocation Failure) [PSYoungGen: 356224K->62880K(476160K)] 1181632K->998888K(1632768K), 0.2788477 secs] [Times: user=1.66 sys=0.00, real=0.28 secs] 
3236.845: [GC (Allocation Failure) [PSYoungGen: 327072K->122176K(476672K)] 1263080K->1118717K(1633280K), 0.0458238 secs] [Times: user=0.27 sys=0.00, real=0.05 secs] 
3236.891: [Full GC (Ergonomics) [PSYoungGen: 122176K->0K(476672K)] [ParOldGen: 996541K->153014K(1190400K)] 1118717K->153014K(1667072K), [Metaspace: 60188K->60188K(1105920K)], 0.3525532 secs] [Times: user=1.61 sys=0.00, real=0.35 secs] 
3239.231: [GC (Allocation Failure) [PSYoungGen: 264192K->111104K(473600K)] 417206K->264118K(1664000K), 0.0410275 secs] [Times: user=0.23 sys=0.01, real=0.04 secs] 
3241.754: [GC (Allocation Failure) [PSYoungGen: 389939K->93168K(477184K)] 542954K->357135K(1667584K), 0.0813331 secs] [Times: user=0.48 sys=0.00, real=0.08 secs] 
3242.040: [GC (Allocation Failure) [PSYoungGen: 373232K->151952K(493056K)] 637199K->503132K(1683456K), 0.0618024 secs] [Times: user=0.31 sys=0.00, real=0.06 secs] 
3245.242: [GC (Allocation Failure) [PSYoungGen: 452496K->88512K(499712K)] 803676K->574627K(1690112K), 0.1128023 secs] [Times: user=0.67 sys=0.00, real=0.11 secs] 
3245.586: [GC (Allocation Failure) [PSYoungGen: 389056K->145952K(495104K)] 875171K->714560K(1685504K), 0.0548229 secs] [Times: user=0.33 sys=0.00, real=0.05 secs] 
3250.028: [GC (Allocation Failure) [PSYoungGen: 445472K->81904K(499200K)] 1014080K->796345K(1689600K), 0.1499082 secs] [Times: user=0.89 sys=0.00, real=0.15 secs] 
3250.436: [GC (Allocation Failure) [PSYoungGen: 381424K->146176K(493568K)] 1095865K->936146K(1683968K), 0.0520929 secs] [Times: user=0.31 sys=0.00, real=0.05 secs] 
3254.144: [GC (Allocation Failure) [PSYoungGen: 442624K->83888K(497664K)] 1232594K->1019915K(1688064K), 0.1545311 secs] [Times: user=0.91 sys=0.00, real=0.16 secs] 
3255.038: [GC (Allocation Failure) [PSYoungGen: 380336K->140544K(497152K)] 1316363K->1156791K(1687552K), 0.0608983 secs] [Times: user=0.28 sys=0.08, real=0.06 secs] 
3255.099: [Full GC (Ergonomics) [PSYoungGen: 140544K->0K(497152K)] [ParOldGen: 1016247K->193550K(1252864K)] 1156791K->193550K(1750016K), [Metaspace: 60190K->60190K(1105920K)], 0.4506843 secs] [Times: user=2.09 sys=0.00, real=0.45 secs] 
3260.034: [GC (Allocation Failure) [PSYoungGen: 299008K->90592K(389632K)] 492558K->284142K(1642496K), 0.0456712 secs] [Times: user=0.26 sys=0.00, real=0.05 secs] 
3261.407: [GC (Allocation Failure) [PSYoungGen: 389600K->138208K(495616K)] 583150K->420023K(1748480K), 0.0468359 secs] [Times: user=0.27 sys=0.00, real=0.04 secs] 
3263.733: [GC (Allocation Failure) [PSYoungGen: 438240K->99776K(496640K)] 720055K->510687K(1749504K), 0.0627295 secs] [Times: user=0.38 sys=0.00, real=0.06 secs] 
3265.983: [GC (Allocation Failure) [PSYoungGen: 399808K->134896K(498176K)] 810719K->643580K(1751040K), 0.0514942 secs] [Times: user=0.30 sys=0.00, real=0.05 secs] 
3267.246: [GC (Allocation Failure) [PSYoungGen: 441584K->109040K(498176K)] 950268K->743021K(1751040K), 0.0638608 secs] [Times: user=0.38 sys=0.00, real=0.06 secs] 
3269.101: [GC (Allocation Failure) [PSYoungGen: 415728K->133408K(500736K)] 1049709K->875249K(1753600K), 0.0542271 secs] [Times: user=0.32 sys=0.00, real=0.05 secs] 
3271.191: [GC (Allocation Failure) [PSYoungGen: 449312K->115232K(500736K)] 1191153K->981065K(1753600K), 0.0642536 secs] [Times: user=0.38 sys=0.01, real=0.06 secs] 
3274.054: [GC (Allocation Failure) [PSYoungGen: 431136K->135568K(506368K)] 1296969K->1115142K(1759232K), 0.0577120 secs] [Times: user=0.34 sys=0.00, real=0.06 secs] 
3275.471: [GC (Allocation Failure) [PSYoungGen: 463760K->116560K(507392K)] 1443334K->1222094K(1760256K), 0.0793546 secs] [Times: user=0.37 sys=0.10, real=0.08 secs] 
3275.551: [Full GC (Ergonomics) [PSYoungGen: 116560K->0K(507392K)] [ParOldGen: 1105533K->20501K(1118208K)] 1222094K->20501K(1625600K), [Metaspace: 60202K->60202K(1105920K)], 0.0688055 secs] [Times: user=0.27 sys=0.00, real=0.07 secs] 
3278.951: [GC (Allocation Failure) [PSYoungGen: 328192K->145728K(510464K)] 348693K->166229K(1628672K), 0.0290752 secs] [Times: user=0.17 sys=0.00, real=0.03 secs] 
3280.807: [GC (Allocation Failure) [PSYoungGen: 482624K->115456K(515072K)] 503125K->271977K(1633280K), 0.1167135 secs] [Times: user=0.69 sys=0.00, real=0.11 secs] 
3284.007: [GC (Allocation Failure) [PSYoungGen: 452352K->162656K(504832K)] 608873K->431896K(1623040K), 0.0557768 secs] [Times: user=0.32 sys=0.01, real=0.05 secs] 
3286.889: [GC (Allocation Failure) [PSYoungGen: 493920K->109856K(515072K)] 763160K->524516K(1633280K), 0.1602744 secs] [Times: user=0.95 sys=0.01, real=0.16 secs] 
3288.708: [GC (Allocation Failure) [PSYoungGen: 441120K->156416K(505344K)] 855780K->676253K(1623552K), 0.0541165 secs] [Times: user=0.32 sys=0.00, real=0.05 secs] 
3292.008: [GC (Allocation Failure) [PSYoungGen: 481536K->105856K(512000K)] 1001373K->773433K(1630208K), 0.1696831 secs] [Times: user=1.01 sys=0.01, real=0.17 secs] 
3293.388: [GC (Allocation Failure) [PSYoungGen: 430976K->170688K(492032K)] 1098553K->939814K(1610240K), 0.0526718 secs] [Times: user=0.31 sys=0.00, real=0.05 secs] 
3296.932: [GC (Allocation Failure) [PSYoungGen: 478400K->90512K(503296K)] 1247526K->1013527K(1621504K), 0.1661947 secs] [Times: user=0.99 sys=0.00, real=0.17 secs] 
3297.098: [Full GC (Ergonomics) [PSYoungGen: 90512K->0K(503296K)] [ParOldGen: 923014K->57430K(1216000K)] 1013527K->57430K(1719296K), [Metaspace: 60208K->60208K(1105920K)], 0.1572335 secs] [Times: user=0.73 sys=0.00, real=0.15 secs] 
3297.801: [GC (Allocation Failure) [PSYoungGen: 307712K->144288K(503296K)] 365142K->201718K(1719296K), 0.0286152 secs] [Times: user=0.17 sys=0.00, real=0.03 secs] 
3299.896: [GC (Allocation Failure) [PSYoungGen: 452000K->102960K(411136K)] 509430K->295647K(1627136K), 0.1690126 secs] [Times: user=1.00 sys=0.01, real=0.16 secs] 
3301.382: [GC (Allocation Failure) [PSYoungGen: 410672K->153840K(497152K)] 603359K->445199K(1713152K), 0.0497162 secs] [Times: user=0.29 sys=0.00, real=0.05 secs] 
3304.068: [GC (Allocation Failure) [PSYoungGen: 457968K->96816K(500736K)] 749327K->525156K(1716736K), 0.1641142 secs] [Times: user=0.98 sys=0.00, real=0.16 secs] 
3306.239: [GC (Allocation Failure) [PSYoungGen: 400944K->140032K(498688K)] 829284K->661244K(1714688K), 0.0486259 secs] [Times: user=0.28 sys=0.00, real=0.05 secs] 
3307.977: [GC (Allocation Failure) [PSYoungGen: 447232K->103744K(501248K)] 968444K->755540K(1717248K), 0.0951401 secs] [Times: user=0.57 sys=0.00, real=0.09 secs] 
3310.535: [GC (Allocation Failure) [PSYoungGen: 410944K->140592K(504320K)] 1062740K->893258K(1720320K), 0.0517624 secs] [Times: user=0.31 sys=0.00, real=0.06 secs] 
3312.474: [GC (Allocation Failure) [PSYoungGen: 454448K->107168K(504320K)] 1207114K->990677K(1720320K), 0.0650167 secs] [Times: user=0.38 sys=0.00, real=0.07 secs] 
3313.717: [GC (Allocation Failure) [PSYoungGen: 421024K->143648K(503808K)] 1304533K->1131882K(1719808K), 0.0533955 secs] [Times: user=0.32 sys=0.00, real=0.05 secs] 
3318.317: [GC (Allocation Failure) [PSYoungGen: 460576K->102560K(504832K)] 1448810K->1224850K(1720832K), 0.0683519 secs] [Times: user=0.38 sys=0.03, real=0.06 secs] 
3318.386: [Full GC (Ergonomics) [PSYoungGen: 102560K->0K(504832K)] [ParOldGen: 1122290K->29402K(1218048K)] 1224850K->29402K(1722880K), [Metaspace: 60214K->60214K(1105920K)], 0.0491125 secs] [Times: user=0.16 sys=0.00, real=0.05 secs] 
3320.511: [GC (Allocation Failure) [PSYoungGen: 316928K->146624K(507392K)] 346330K->176026K(1725440K), 0.0291393 secs] [Times: user=0.17 sys=0.00, real=0.03 secs] 
3324.308: [GC (Allocation Failure) [PSYoungGen: 468160K->107456K(509952K)] 497562K->274506K(1728000K), 0.1181640 secs] [Times: user=0.70 sys=0.00, real=0.12 secs] 
3326.264: [GC (Allocation Failure) [PSYoungGen: 428992K->149744K(506880K)] 596042K->421572K(1724928K), 0.0530619 secs] [Times: user=0.31 sys=0.00, real=0.06 secs] 
3328.757: [GC (Allocation Failure) [PSYoungGen: 471098K->107920K(509952K)] 742925K->520336K(1728000K), 0.1597211 secs] [Times: user=0.95 sys=0.00, real=0.16 secs] 
3330.393: [GC (Allocation Failure) [PSYoungGen: 429456K->150208K(506368K)] 841872K->667532K(1724416K), 0.0533365 secs] [Times: user=0.31 sys=0.00, real=0.06 secs] 
3332.943: [GC (Allocation Failure) [PSYoungGen: 471232K->103328K(509952K)] 988556K->762192K(1728000K), 0.1680964 secs] [Times: user=1.00 sys=0.00, real=0.17 secs] 
3335.236: [GC (Allocation Failure) [PSYoungGen: 424352K->150720K(504832K)] 1083216K->908589K(1722880K), 0.0518072 secs] [Times: user=0.31 sys=0.00, real=0.05 secs] 
3336.971: [GC (Allocation Failure) [PSYoungGen: 468672K->103232K(508416K)] 1226541K->1003097K(1726464K), 0.1038578 secs] [Times: user=0.62 sys=0.00, real=0.10 secs] 
3338.240: [GC (Allocation Failure) [PSYoungGen: 421184K->149728K(504832K)] 1321049K->1149146K(1722880K), 0.0514739 secs] [Times: user=0.30 sys=0.00, real=0.05 secs] 
3342.101: [GC (Allocation Failure) [PSYoungGen: 466656K->101920K(507904K)] 1466074K->1242122K(1725952K), 0.1609052 secs] [Times: user=0.95 sys=0.01, real=0.16 secs] 
3342.262: [Full GC (Ergonomics) [PSYoungGen: 101920K->0K(507904K)] [ParOldGen: 1140202K->46878K(1275904K)] 1242122K->46878K(1783808K), [Metaspace: 60220K->60220K(1105920K)], 0.1375284 secs] [Times: user=0.57 sys=0.00, real=0.14 secs] 
3343.215: [GC (Allocation Failure) [PSYoungGen: 316928K->150560K(503808K)] 363806K->197438K(1779712K), 0.0300673 secs] [Times: user=0.18 sys=0.00, real=0.03 secs] 
3346.793: [GC (Allocation Failure) [PSYoungGen: 465440K->103328K(506880K)] 512318K->291998K(1782784K), 0.1751552 secs] [Times: user=1.03 sys=0.00, real=0.18 secs] 
3348.343: [GC (Allocation Failure) [PSYoungGen: 418208K->148544K(504832K)] 606878K->436406K(1780736K), 0.0503350 secs] [Times: user=0.29 sys=0.00, real=0.05 secs] 
3350.582: [GC (Allocation Failure) [PSYoungGen: 463424K->103968K(419328K)] 751286K->531339K(1695232K), 0.1713063 secs] [Times: user=1.01 sys=0.01, real=0.17 secs] 
3351.568: [GC (Allocation Failure) [PSYoungGen: 418848K->150368K(503296K)] 846219K->677591K(1779200K), 0.0502738 secs] [Times: user=0.30 sys=0.00, real=0.05 secs] 
3355.450: [GC (Allocation Failure) [PSYoungGen: 464224K->99792K(506368K)] 991447K->768696K(1782272K), 0.1635671 secs] [Times: user=0.98 sys=0.00, real=0.16 secs] 
3357.216: [GC (Allocation Failure) [PSYoungGen: 413648K->147984K(503808K)] 1082552K->912373K(1779712K), 0.0497611 secs] [Times: user=0.29 sys=0.00, real=0.04 secs] 
3360.086: [GC (Allocation Failure) [PSYoungGen: 460816K->98656K(505856K)] 1225205K->1001900K(1781760K), 0.1464021 secs] [Times: user=0.87 sys=0.00, real=0.14 secs] 
3361.530: [GC (Allocation Failure) [PSYoungGen: 411488K->149088K(502784K)] 1314732K->1146956K(1778688K), 0.0501063 secs] [Times: user=0.29 sys=0.00, real=0.05 secs] 
3364.809: [GC (Allocation Failure) [PSYoungGen: 460896K->102912K(505344K)] 1458764K->1240856K(1781248K), 0.1748806 secs] [Times: user=1.05 sys=0.00, real=0.17 secs] 
3364.984: [Full GC (Ergonomics) [PSYoungGen: 102912K->0K(505344K)] [ParOldGen: 1137944K->44415K(1309696K)] 1240856K->44415K(1815040K), [Metaspace: 60224K->60224K(1105920K)], 0.1253551 secs] [Times: user=0.47 sys=0.00, real=0.13 secs] 
3366.654: [GC (Allocation Failure) [PSYoungGen: 311808K->145360K(504320K)] 356223K->189776K(1814016K), 0.0292221 secs] [Times: user=0.17 sys=0.00, real=0.03 secs] 
3369.554: [GC (Allocation Failure) [PSYoungGen: 458704K->105792K(419328K)] 503120K->286324K(1729024K), 0.1157806 secs] [Times: user=0.68 sys=0.00, real=0.12 secs] 
3371.167: [GC (Allocation Failure) [PSYoungGen: 419136K->147328K(502784K)] 599668K->429889K(1812480K), 0.0511464 secs] [Times: user=0.30 sys=0.00, real=0.05 secs] 
3373.791: [GC (Allocation Failure) [PSYoungGen: 461184K->102624K(504832K)] 743745K->523569K(1814528K), 0.1238011 secs] [Times: user=0.73 sys=0.00, real=0.12 secs] 
3374.966: [GC (Allocation Failure) [PSYoungGen: 416480K->146592K(506368K)] 837425K->666326K(1816064K), 0.0510938 secs] [Times: user=0.30 sys=0.00, real=0.06 secs] 
3379.553: [GC (Allocation Failure) [PSYoungGen: 464032K->102880K(507904K)] 983766K->759838K(1817600K), 0.1159737 secs] [Times: user=0.69 sys=0.00, real=0.12 secs] 
3381.768: [GC (Allocation Failure) [PSYoungGen: 420320K->146048K(506368K)] 1077278K->903119K(1816064K), 0.0514328 secs] [Times: user=0.30 sys=0.00, real=0.05 secs] 
3384.391: [GC (GCLocker Initiated GC) [PSYoungGen: 464000K->106640K(424960K)] 1221071K->1000807K(1734656K), 0.1165469 secs] [Times: user=0.68 sys=0.00, real=0.12 secs] 
3385.491: [GC (Allocation Failure) [PSYoungGen: 424592K->157536K(499712K)] 1318779K->1154506K(1809408K), 0.0579167 secs] [Times: user=0.33 sys=0.00, real=0.06 secs] 
3388.749: [GC (Allocation Failure) [PSYoungGen: 470368K->103648K(505856K)] 1467338K->1240554K(1815552K), 0.1572858 secs] [Times: user=0.93 sys=0.00, real=0.16 secs] 
3388.907: [Full GC (Ergonomics) [PSYoungGen: 103648K->0K(505856K)] [ParOldGen: 1136906K->44243K(1338880K)] 1240554K->44243K(1844736K), [Metaspace: 60232K->60232K(1105920K)], 0.1257669 secs] [Times: user=0.52 sys=0.01, real=0.12 secs] 
3389.520: [GC (Allocation Failure) [PSYoungGen: 312832K->148128K(504320K)] 357075K->192371K(1843200K), 0.0298950 secs] [Times: user=0.18 sys=0.00, real=0.03 secs] 
3394.641: [GC (Allocation Failure) [PSYoungGen: 460528K->99632K(506368K)] 504771K->283004K(1845248K), 0.1482956 secs] [Times: user=0.88 sys=0.00, real=0.15 secs] 
3396.151: [GC (Allocation Failure) [PSYoungGen: 413488K->144320K(506368K)] 596860K->424332K(1845248K), 0.0498015 secs] [Times: user=0.30 sys=0.00, real=0.05 secs] 
3399.275: [GC (Allocation Failure) [PSYoungGen: 459712K->104128K(419840K)] 739724K->519020K(1758720K), 0.1632848 secs] [Times: user=0.98 sys=0.00, real=0.17 secs] 
3402.123: [GC (Allocation Failure) [PSYoungGen: 419520K->143392K(504832K)] 834412K->659704K(1843712K), 0.0523992 secs] [Times: user=0.30 sys=0.00, real=0.05 secs] 
3404.340: [GC (Allocation Failure) [PSYoungGen: 459296K->106448K(505344K)] 975608K->757041K(1844224K), 0.1677387 secs] [Times: user=1.00 sys=0.00, real=0.17 secs] 
3406.815: [GC (Allocation Failure) [PSYoungGen: 422352K->145600K(504832K)] 1072945K->899445K(1843712K), 0.0531334 secs] [Times: user=0.32 sys=0.00, real=0.06 secs] 
3408.737: [GC (Allocation Failure) [PSYoungGen: 464064K->107728K(506880K)] 1217909K->998126K(1845760K), 0.1419290 secs] [Times: user=0.85 sys=0.00, real=0.14 secs] 
3410.469: [GC (Allocation Failure) [PSYoungGen: 426192K->147776K(506880K)] 1316590K->1142802K(1845760K), 0.0541520 secs] [Times: user=0.32 sys=0.00, real=0.05 secs] 
3413.521: [GC (Allocation Failure) [PSYoungGen: 469312K->104304K(509440K)] 1464338K->1238583K(1848320K), 0.1725948 secs] [Times: user=1.02 sys=0.00, real=0.17 secs] 
3416.552: [GC (Allocation Failure) [PSYoungGen: 425840K->150912K(505344K)] 1560119K->1384779K(1844224K), 0.0693429 secs] [Times: user=0.29 sys=0.11, real=0.07 secs] 
3416.622: [Full GC (Ergonomics) [PSYoungGen: 150912K->0K(505344K)] [ParOldGen: 1233867K->188305K(1398272K)] 1384779K->188305K(1903616K), [Metaspace: 60232K->60232K(1105920K)], 0.4488885 secs] [Times: user=2.09 sys=0.01, real=0.45 secs] 
3418.952: [GC (Allocation Failure) [PSYoungGen: 320000K->103904K(509440K)] 508305K->292209K(1907712K), 0.0962925 secs] [Times: user=0.57 sys=0.00, real=0.10 secs] 
3420.364: [GC (Allocation Failure) [PSYoungGen: 423904K->152320K(503808K)] 612209K->440650K(1902080K), 0.0514431 secs] [Times: user=0.31 sys=0.00, real=0.05 secs] 
3423.618: [GC (Allocation Failure) [PSYoungGen: 469248K->103808K(507904K)] 757578K->535734K(1906176K), 0.1660611 secs] [Times: user=0.99 sys=0.00, real=0.16 secs] 
3425.127: [GC (Allocation Failure) [PSYoungGen: 420736K->149632K(504832K)] 852662K->681878K(1903104K), 0.0623810 secs] [Times: user=0.37 sys=0.00, real=0.06 secs] 
3429.062: [GC (Allocation Failure) [PSYoungGen: 465536K->100560K(507392K)] 997782K->774139K(1905664K), 0.1594637 secs] [Times: user=0.95 sys=0.00, real=0.16 secs] 
3430.588: [GC (Allocation Failure) [PSYoungGen: 416464K->149696K(503296K)] 1090043K->919799K(1901568K), 0.0498532 secs] [Times: user=0.30 sys=0.00, real=0.05 secs] 
3433.061: [GC (Allocation Failure) [PSYoungGen: 463552K->103232K(506368K)] 1233655K->1014444K(1904640K), 0.1725212 secs] [Times: user=1.02 sys=0.00, real=0.17 secs] 
3434.951: [GC (Allocation Failure) [PSYoungGen: 417088K->146176K(505344K)] 1328300K->1156275K(1903616K), 0.0518395 secs] [Times: user=0.30 sys=0.00, real=0.05 secs] 
3437.168: [GC (Allocation Failure) [PSYoungGen: 461568K->103744K(419328K)] 1471667K->1250907K(1817600K), 0.1360833 secs] [Times: user=0.80 sys=0.00, real=0.13 secs] 
3437.984: [GC (Allocation Failure) [PSYoungGen: 419136K->150432K(503296K)] 1566299K->1397872K(1901568K), 0.0572871 secs] [Times: user=0.31 sys=0.02, real=0.06 secs] 
3438.042: [Full GC (Ergonomics) [PSYoungGen: 150432K->0K(503296K)] [ParOldGen: 1247440K->196264K(1398272K)] 1397872K->196264K(1901568K), [Metaspace: 60235K->60235K(1105920K)], 0.4625299 secs] [Times: user=2.15 sys=0.00, real=0.46 secs] 
3441.261: [GC (Allocation Failure) [PSYoungGen: 314368K->99968K(506368K)] 510632K->296232K(1904640K), 0.0910831 secs] [Times: user=0.54 sys=0.00, real=0.09 secs] 
3443.298: [GC (Allocation Failure) [PSYoungGen: 414336K->146208K(506368K)] 610600K->438545K(1904640K), 0.0491193 secs] [Times: user=0.29 sys=0.00, real=0.05 secs] 
3445.896: [GC (Allocation Failure) [PSYoungGen: 462112K->104544K(420864K)] 754449K->533869K(1819136K), 0.1504249 secs] [Times: user=0.90 sys=0.00, real=0.16 secs] 
3447.342: [GC (Allocation Failure) [PSYoungGen: 420448K->147584K(503808K)] 849773K->677914K(1902080K), 0.0510854 secs] [Times: user=0.30 sys=0.00, real=0.05 secs] 
3451.805: [GC (Allocation Failure) [PSYoungGen: 462464K->96416K(505856K)] 992794K->765338K(1904128K), 0.1555182 secs] [Times: user=0.92 sys=0.00, real=0.16 secs] 
3453.932: [GC (Allocation Failure) [PSYoungGen: 411296K->148816K(503808K)] 1080218K->910344K(1902080K), 0.0497674 secs] [Times: user=0.29 sys=0.00, real=0.05 secs] 
3456.752: [GC (Allocation Failure) [PSYoungGen: 462672K->102512K(506368K)] 1224200K->1004100K(1904640K), 0.1456427 secs] [Times: user=0.86 sys=0.01, real=0.15 secs] 
3459.065: [GC (Allocation Failure) [PSYoungGen: 416368K->147088K(504320K)] 1317956K->1147048K(1902592K), 0.0519583 secs] [Times: user=0.31 sys=0.00, real=0.06 secs] 
3460.879: [GC (Allocation Failure) [PSYoungGen: 461456K->103968K(506368K)] 1461416K->1241972K(1904640K), 0.1613813 secs] [Times: user=0.95 sys=0.01, real=0.16 secs] 
3462.323: [GC (Allocation Failure) [PSYoungGen: 418336K->147040K(504320K)] 1556340K->1385201K(1902592K), 0.0522156 secs] [Times: user=0.31 sys=0.00, real=0.05 secs] 
3462.375: [Full GC (Ergonomics) [PSYoungGen: 147040K->0K(504320K)] [ParOldGen: 1238161K->184745K(1398272K)] 1385201K->184745K(1902592K), [Metaspace: 60241K->60241K(1105920K)], 0.4368163 secs] [Times: user=2.03 sys=0.00, real=0.44 secs] 
3465.245: [GC (Allocation Failure) [PSYoungGen: 314880K->105408K(506368K)] 499625K->290153K(1904640K), 0.1086528 secs] [Times: user=0.64 sys=0.00, real=0.11 secs] 
3467.580: [GC (Allocation Failure) [PSYoungGen: 420288K->144352K(505344K)] 605033K->431018K(1903616K), 0.0524308 secs] [Times: user=0.26 sys=0.00, real=0.05 secs] 
3469.580: [GC (Allocation Failure) [PSYoungGen: 461280K->106848K(506368K)] 747946K->528514K(1904640K), 0.1691660 secs] [Times: user=1.00 sys=0.00, real=0.17 secs] 
3471.056: [GC (Allocation Failure) [PSYoungGen: 423776K->148416K(504832K)] 845442K->673403K(1903104K), 0.0529526 secs] [Times: user=0.32 sys=0.00, real=0.05 secs] 
3473.174: [GC (Allocation Failure) [PSYoungGen: 466880K->104768K(507392K)] 991867K->769147K(1905664K), 0.1430670 secs] [Times: user=0.85 sys=0.00, real=0.15 secs] 
3474.948: [GC (Allocation Failure) [PSYoungGen: 423232K->149952K(505856K)] 1087611K->915167K(1904128K), 0.0517963 secs] [Times: user=0.30 sys=0.00, real=0.05 secs] 
3478.297: [GC (Allocation Failure) [PSYoungGen: 468928K->102832K(508928K)] 1234143K->1008844K(1907200K), 0.1629603 secs] [Times: user=0.97 sys=0.00, real=0.16 secs] 
3479.935: [GC (Allocation Failure) [PSYoungGen: 421808K->160624K(497664K)] 1327820K->1165045K(1895936K), 0.0521514 secs] [Times: user=0.31 sys=0.00, real=0.06 secs] 
3482.824: [GC (Allocation Failure) [PSYoungGen: 470384K->100160K(504320K)] 1474805K->1248124K(1902592K), 0.1715669 secs] [Times: user=1.02 sys=0.00, real=0.17 secs] 
3483.948: [GC (Allocation Failure) [PSYoungGen: 409920K->147168K(503808K)] 1557884K->1391397K(1902080K), 0.0505935 secs] [Times: user=0.30 sys=0.00, real=0.05 secs] 
3483.999: [Full GC (Ergonomics) [PSYoungGen: 147168K->0K(503808K)] [ParOldGen: 1244229K->189436K(1398272K)] 1391397K->189436K(1902080K), [Metaspace: 60255K->60255K(1105920K)], 0.4443010 secs] [Times: user=2.06 sys=0.00, real=0.44 secs] 
3487.050: [GC (Allocation Failure) [PSYoungGen: 310784K->99520K(410624K)] 500220K->288965K(1808896K), 0.1042956 secs] [Times: user=0.62 sys=0.00, real=0.10 secs] 
3488.603: [GC (Allocation Failure) [PSYoungGen: 410304K->146240K(503296K)] 599749K->431946K(1901568K), 0.0499863 secs] [Times: user=0.29 sys=0.00, real=0.05 secs] 
3491.381: [GC (Allocation Failure) [PSYoungGen: 457024K->101120K(504320K)] 742730K->524314K(1902592K), 0.1699415 secs] [Times: user=1.01 sys=0.00, real=0.17 secs] 
3493.713: [GC (Allocation Failure) [PSYoungGen: 411904K->143904K(503808K)] 835098K->664839K(1902080K), 0.0507507 secs] [Times: user=0.30 sys=0.01, real=0.05 secs] 
3495.390: [GC (Allocation Failure) [PSYoungGen: 456224K->105664K(504320K)] 977159K->760827K(1902592K), 0.0950752 secs] [Times: user=0.57 sys=0.00, real=0.09 secs] 
3497.593: [GC (Allocation Failure) [PSYoungGen: 417984K->144128K(503296K)] 1073147K->902144K(1901568K), 0.0519786 secs] [Times: user=0.31 sys=0.00, real=0.05 secs] 
3499.494: [GC (Allocation Failure) [PSYoungGen: 458496K->106272K(504320K)] 1216512K->999440K(1902592K), 0.1700306 secs] [Times: user=1.02 sys=0.00, real=0.17 secs] 
3501.711: [GC (GCLocker Initiated GC) [PSYoungGen: 420640K->143056K(506368K)] 1313808K->1140658K(1904640K), 0.0984597 secs] [Times: user=0.58 sys=0.00, real=0.10 secs] 
3504.020: [GC (Allocation Failure) [PSYoungGen: 462544K->108016K(506880K)] 1460149K->1240005K(1905152K), 0.1061761 secs] [Times: user=0.64 sys=0.00, real=0.11 secs] 
3506.356: [GC (Allocation Failure) [PSYoungGen: 427504K->146400K(506368K)] 1559493K->1384009K(1904640K), 0.0535791 secs] [Times: user=0.31 sys=0.00, real=0.06 secs] 
3506.409: [Full GC (Ergonomics) [PSYoungGen: 146400K->0K(506368K)] [ParOldGen: 1237609K->182206K(1398272K)] 1384009K->182206K(1904640K), [Metaspace: 60257K->60257K(1105920K)], 0.4246729 secs] [Times: user=1.97 sys=0.00, real=0.42 secs] 
3509.018: [GC (Allocation Failure) [PSYoungGen: 322048K->107104K(508928K)] 504254K->289310K(1907200K), 0.1061700 secs] [Times: user=0.63 sys=0.00, real=0.10 secs] 
3510.935: [GC (Allocation Failure) [PSYoungGen: 429152K->149536K(507904K)] 611358K->435047K(1906176K), 0.0527134 secs] [Times: user=0.31 sys=0.00, real=0.06 secs] 
3513.909: [GC (Allocation Failure) [PSYoungGen: 473632K->108320K(511488K)] 759143K->534031K(1909760K), 0.1652844 secs] [Times: user=0.98 sys=0.00, real=0.16 secs] 
3515.860: [GC (Allocation Failure) [PSYoungGen: 432416K->152832K(505344K)] 858127K->682387K(1903616K), 0.0538119 secs] [Times: user=0.32 sys=0.00, real=0.05 secs] 
3518.138: [GC (Allocation Failure) [PSYoungGen: 473856K->107680K(509952K)] 1003411K->781071K(1908224K), 0.1739417 secs] [Times: user=1.04 sys=0.01, real=0.17 secs] 
3519.377: [GC (Allocation Failure) [PSYoungGen: 421700K->145616K(509952K)] 1095091K->922724K(1908224K), 0.0525815 secs] [Times: user=0.31 sys=0.00, real=0.05 secs] 
3525.889: [GC (GCLocker Initiated GC) [PSYoungGen: 469200K->100832K(510976K)] 1246308K->1014460K(1909248K), 0.1658451 secs] [Times: user=0.98 sys=0.00, real=0.16 secs] 
3526.998: [GC (Allocation Failure) [PSYoungGen: 424416K->145056K(510464K)] 1354431K->1172026K(1908736K), 0.2112105 secs] [Times: user=1.26 sys=0.01, real=0.21 secs] 
3531.037: [GC (Allocation Failure) [PSYoungGen: 469152K->97088K(511488K)] 1496122K->1268826K(1909760K), 0.4487950 secs] [Times: user=2.68 sys=0.01, real=0.44 secs] 
3531.821: [GC (Allocation Failure) [PSYoungGen: 421184K->155712K(501248K)] 1592922K->1418883K(1899520K), 0.0596500 secs] [Times: user=0.34 sys=0.01, real=0.06 secs] 
3531.880: [Full GC (Ergonomics) [PSYoungGen: 155712K->0K(501248K)] [ParOldGen: 1263171K->216006K(1398272K)] 1418883K->216006K(1899520K), [Metaspace: 60258K->60258K(1105920K)], 0.5026713 secs] [Times: user=2.34 sys=0.00, real=0.50 secs] 
3535.867: [GC (Allocation Failure) [PSYoungGen: 314880K->94160K(506880K)] 530886K->310167K(1905152K), 0.1491648 secs] [Times: user=0.89 sys=0.00, real=0.15 secs] 
3536.278: [GC (GCLocker Initiated GC) [PSYoungGen: 409040K->153168K(499712K)] 625047K->457280K(1897984K), 0.0543320 secs] [Times: user=0.32 sys=0.01, real=0.05 secs] 
3540.134: [GC (Allocation Failure) [PSYoungGen: 461904K->88848K(503808K)] 766019K->545847K(1902080K), 0.1512189 secs] [Times: user=0.90 sys=0.00, real=0.15 secs] 
3541.037: [GC (Allocation Failure) [PSYoungGen: 397584K->150336K(498688K)] 854583K->689897K(1896960K), 0.0527737 secs] [Times: user=0.31 sys=0.00, real=0.05 secs] 
3544.464: [GC (Allocation Failure) [PSYoungGen: 453952K->87152K(501248K)] 993513K->776706K(1899520K), 0.1442798 secs] [Times: user=0.86 sys=0.00, real=0.15 secs] 
3544.973: [GC (Allocation Failure) [PSYoungGen: 379822K->139840K(499712K)] 1069376K->912644K(1897984K), 0.0492376 secs] [Times: user=0.30 sys=0.00, real=0.05 secs] 
3548.062: [GC (Allocation Failure) [PSYoungGen: 443968K->96928K(401408K)] 1216772K->1001097K(1799680K), 0.1639825 secs] [Times: user=0.97 sys=0.01, real=0.17 secs] 
3550.239: [GC (Allocation Failure) [PSYoungGen: 401056K->142352K(499200K)] 1305225K->1139970K(1897472K), 0.0484906 secs] [Times: user=0.28 sys=0.00, real=0.05 secs] 
3552.030: [GC (Allocation Failure) [PSYoungGen: 448016K->101024K(500224K)] 1445634K->1232309K(1898496K), 0.1082838 secs] [Times: user=0.64 sys=0.00, real=0.11 secs] 
3553.686: [GC (Allocation Failure) [PSYoungGen: 406688K->141664K(501248K)] 1537973K->1371078K(1899520K), 0.0507304 secs] [Times: user=0.30 sys=0.00, real=0.05 secs] 
3553.737: [Full GC (Ergonomics) [PSYoungGen: 141664K->0K(501248K)] [ParOldGen: 1229414K->178071K(1398272K)] 1371078K->178071K(1899520K), [Metaspace: 60258K->60258K(1105920K)], 0.4171636 secs] [Times: user=1.93 sys=0.00, real=0.41 secs] 
3556.395: [GC (Allocation Failure) [PSYoungGen: 310272K->103232K(501760K)] 488343K->281303K(1900032K), 0.0345371 secs] [Times: user=0.20 sys=0.00, real=0.04 secs] 
3558.571: [GC (Allocation Failure) [PSYoungGen: 413504K->142240K(503808K)] 591575K->421220K(1902080K), 0.0523690 secs] [Times: user=0.31 sys=0.00, real=0.05 secs] 
3561.764: [GC (Allocation Failure) [PSYoungGen: 457632K->103792K(504832K)] 736612K->516180K(1903104K), 0.0684268 secs] [Times: user=0.40 sys=0.00, real=0.07 secs] 
3564.203: [GC (Allocation Failure) [PSYoungGen: 419184K->142208K(505344K)] 831572K->656024K(1903616K), 0.0515253 secs] [Times: user=0.30 sys=0.00, real=0.05 secs] 
3568.021: [GC (Allocation Failure) [PSYoungGen: 461696K->108144K(506880K)] 975512K->754457K(1905152K), 0.1547509 secs] [Times: user=0.93 sys=0.00, real=0.15 secs] 
3570.926: [GC (Allocation Failure) [PSYoungGen: 427632K->145792K(506880K)] 1073945K->898101K(1905152K), 0.0536604 secs] [Times: user=0.32 sys=0.00, real=0.05 secs] 
3572.764: [GC (Allocation Failure) [PSYoungGen: 468864K->111744K(509440K)] 1221173K->1000645K(1907712K), 0.1387351 secs] [Times: user=0.83 sys=0.00, real=0.14 secs] 
3574.763: [GC (Allocation Failure) [PSYoungGen: 434816K->147936K(507904K)] 1323717K->1146122K(1906176K), 0.0550244 secs] [Times: user=0.32 sys=0.00, real=0.06 secs] 
3577.017: [GC (Allocation Failure) [PSYoungGen: 473568K->109952K(510976K)] 1471754K->1247130K(1909248K), 0.1747296 secs] [Times: user=1.04 sys=0.00, real=0.17 secs] 
3579.178: [GC (Allocation Failure) [PSYoungGen: 435584K->151904K(507392K)] 1572762K->1394803K(1905664K), 0.0543136 secs] [Times: user=0.32 sys=0.00, real=0.05 secs] 
3579.232: [Full GC (Ergonomics) [PSYoungGen: 151904K->0K(507392K)] [ParOldGen: 1242899K->191936K(1398272K)] 1394803K->191936K(1905664K), [Metaspace: 60270K->60270K(1105920K)], 0.4567704 secs] [Times: user=2.12 sys=0.00, real=0.46 secs] 
3581.772: [GC (Allocation Failure) [PSYoungGen: 325120K->109248K(512000K)] 517056K->301184K(1910272K), 0.0969190 secs] [Times: user=0.57 sys=0.00, real=0.10 secs] 
3583.023: [GC (Allocation Failure) [PSYoungGen: 427508K->148816K(508928K)] 619445K->445798K(1907200K), 0.0521061 secs] [Times: user=0.31 sys=0.00, real=0.05 secs] 
3586.263: [GC (Allocation Failure) [PSYoungGen: 473936K->107904K(512000K)] 770918K->544157K(1910272K), 0.1589680 secs] [Times: user=0.95 sys=0.00, real=0.16 secs] 
3587.800: [GC (Allocation Failure) [PSYoungGen: 433024K->152480K(506368K)] 869277K->692818K(1904640K), 0.0523536 secs] [Times: user=0.31 sys=0.00, real=0.05 secs] 
3592.625: [GC (Allocation Failure) [PSYoungGen: 474528K->92832K(510464K)] 1014866K->785242K(1908736K), 0.1700081 secs] [Times: user=1.01 sys=0.00, real=0.17 secs] 
3593.745: [GC (Allocation Failure) [PSYoungGen: 414880K->153488K(502272K)] 1107290K->934656K(1900544K), 0.0548018 secs] [Times: user=0.33 sys=0.00, real=0.06 secs] 
3598.587: [GC (Allocation Failure) [PSYoungGen: 467344K->90560K(506368K)] 1248512K->1024843K(1904640K), 0.1693199 secs] [Times: user=1.01 sys=0.00, real=0.17 secs] 
3599.701: [GC (Allocation Failure) [PSYoungGen: 404416K->149216K(501248K)] 1338699K->1169992K(1899520K), 0.0538871 secs] [Times: user=0.32 sys=0.00, real=0.05 secs] 
3603.315: [GC (Allocation Failure) [PSYoungGen: 457952K->86728K(503808K)] 1478728K->1256248K(1902080K), 0.1600309 secs] [Times: user=0.95 sys=0.00, real=0.16 secs] 
3604.658: [GC (Allocation Failure) [PSYoungGen: 395464K->145760K(501760K)] 1564984K->1398145K(1900032K), 0.0504552 secs] [Times: user=0.29 sys=0.00, real=0.05 secs] 
3604.709: [Full GC (Ergonomics) [PSYoungGen: 145760K->0K(501760K)] [ParOldGen: 1252385K->195296K(1398272K)] 1398145K->195296K(1900032K), [Metaspace: 60396K->60396K(1105920K)], 0.4653979 secs] [Times: user=2.16 sys=0.00, real=0.46 secs] 
3607.572: [GC (Allocation Failure) [PSYoungGen: 306688K->98640K(405504K)] 501984K->293937K(1803776K), 0.0946260 secs] [Times: user=0.56 sys=0.00, real=0.10 secs] 
3609.555: [GC (Allocation Failure) [PSYoungGen: 405328K->144512K(500224K)] 600625K->434854K(1898496K), 0.0487447 secs] [Times: user=0.29 sys=0.00, real=0.05 secs] 
3611.812: [GC (Allocation Failure) [PSYoungGen: 451200K->101888K(501248K)] 741542K->527338K(1899520K), 0.1226726 secs] [Times: user=0.73 sys=0.00, real=0.12 secs] 
3613.196: [GC (Allocation Failure) [PSYoungGen: 408576K->144368K(500736K)] 834026K->667780K(1899008K), 0.0506611 secs] [Times: user=0.30 sys=0.00, real=0.05 secs] 
3616.411: [GC (Allocation Failure) [PSYoungGen: 453616K->99360K(502272K)] 977028K->758051K(1900544K), 0.0639130 secs] [Times: user=0.38 sys=0.00, real=0.06 secs] 
3618.467: [GC (GCLocker Initiated GC) [PSYoungGen: 408608K->141648K(504320K)] 1067299K->897865K(1902592K), 0.0959717 secs] [Times: user=0.56 sys=0.00, real=0.09 secs] 
3620.529: [GC (Allocation Failure) [PSYoungGen: 455504K->107552K(421888K)] 1211723K->996882K(1820160K), 0.0644576 secs] [Times: user=0.38 sys=0.01, real=0.06 secs] 
3623.978: [GC (Allocation Failure) [PSYoungGen: 421408K->140544K(503808K)] 1310738K->1135015K(1902080K), 0.0529048 secs] [Times: user=0.31 sys=0.00, real=0.05 secs] 
3625.188: [GC (Allocation Failure) [PSYoungGen: 457472K->110784K(504320K)] 1451943K->1236107K(1902592K), 0.0876465 secs] [Times: user=0.52 sys=0.01, real=0.09 secs] 
3627.135: [GC (Allocation Failure) [PSYoungGen: 427712K->145088K(505856K)] 1553035K->1378800K(1904128K), 0.0545040 secs] [Times: user=0.33 sys=0.00, real=0.06 secs] 
3627.189: [Full GC (Ergonomics) [PSYoungGen: 145088K->0K(505856K)] [ParOldGen: 1233712K->177588K(1398272K)] 1378800K->177588K(1904128K), [Metaspace: 60397K->60397K(1105920K)], 0.4184083 secs] [Times: user=1.94 sys=0.00, real=0.42 secs] 
3630.172: [GC (Allocation Failure) [PSYoungGen: 322560K->109280K(507904K)] 500148K->286868K(1906176K), 0.0858344 secs] [Times: user=0.51 sys=0.00, real=0.09 secs] 
3632.126: [GC (Allocation Failure) [PSYoungGen: 431840K->147040K(509952K)] 609428K->431365K(1908224K), 0.0539673 secs] [Times: user=0.32 sys=0.00, real=0.05 secs] 
3634.798: [GC (Allocation Failure) [PSYoungGen: 474720K->110912K(512512K)] 759045K->533065K(1910784K), 0.0916626 secs] [Times: user=0.55 sys=0.01, real=0.09 secs] 
3635.715: [GC (Allocation Failure) [PSYoungGen: 438592K->154816K(505856K)] 860745K->684814K(1904128K), 0.0797970 secs] [Times: user=0.47 sys=0.01, real=0.08 secs] 
3639.822: [GC (Allocation Failure) [PSYoungGen: 478912K->105360K(511488K)] 1008910K->781547K(1909760K), 0.1734013 secs] [Times: user=1.03 sys=0.00, real=0.17 secs] 
3640.760: [GC (Allocation Failure) [PSYoungGen: 419287K->145696K(509952K)] 1095474K->923459K(1908224K), 0.0511364 secs] [Times: user=0.30 sys=0.00, real=0.05 secs] 
3644.562: [GC (Allocation Failure) [PSYoungGen: 470816K->105856K(431104K)] 1248579K->1020443K(1829376K), 0.1700919 secs] [Times: user=1.01 sys=0.00, real=0.17 secs] 
3646.262: [GC (Allocation Failure) [PSYoungGen: 419354K->145408K(509952K)] 1333942K->1161844K(1908224K), 0.0820666 secs] [Times: user=0.48 sys=0.00, real=0.08 secs] 
3650.230: [GC (Allocation Failure) [PSYoungGen: 471040K->107040K(511488K)] 1487476K->1260108K(1909760K), 0.1667048 secs] [Times: user=0.99 sys=0.00, real=0.17 secs] 
3651.089: [GC (Allocation Failure) [PSYoungGen: 432672K->152864K(506368K)] 1585740K->1409167K(1904640K), 0.0528643 secs] [Times: user=0.29 sys=0.01, real=0.05 secs] 
3651.142: [Full GC (Ergonomics) [PSYoungGen: 152864K->0K(506368K)] [ParOldGen: 1256303K->206125K(1398272K)] 1409167K->206125K(1904640K), [Metaspace: 60399K->60399K(1105920K)], 0.4810056 secs] [Times: user=2.24 sys=0.01, real=0.48 secs] 
3653.657: [GC (Allocation Failure) [PSYoungGen: 323072K->105872K(510976K)] 529197K->311997K(1909248K), 0.1795168 secs] [Times: user=1.06 sys=0.00, real=0.18 secs] 
3654.285: [GC (Allocation Failure) [PSYoungGen: 428944K->155024K(503808K)] 635069K->456986K(1902080K), 0.0559151 secs] [Times: user=0.33 sys=0.00, real=0.06 secs] 
3659.786: [GC (GCLocker Initiated GC) [PSYoungGen: 472976K->90352K(408576K)] 774939K->546667K(1806848K), 0.1294269 secs] [Times: user=0.77 sys=0.01, real=0.12 secs] 
3660.479: [GC (Allocation Failure) [PSYoungGen: 408304K->151920K(500736K)] 864621K->692946K(1899008K), 0.0865993 secs] [Times: user=0.52 sys=0.00, real=0.08 secs] 
3664.060: [GC (Allocation Failure) [PSYoungGen: 461680K->94080K(504320K)] 1002706K->786837K(1902592K), 0.1325068 secs] [Times: user=0.79 sys=0.00, real=0.13 secs] 
3664.822: [GC (GCLocker Initiated GC) [PSYoungGen: 403840K->149040K(501248K)] 1096597K->925991K(1899520K), 0.1030971 secs] [Times: user=0.61 sys=0.01, real=0.10 secs] 
3667.975: [GC (Allocation Failure) [PSYoungGen: 456752K->88352K(503296K)] 1233705K->1014120K(1901568K), 0.1595177 secs] [Times: user=0.95 sys=0.00, real=0.16 secs] 
3668.844: [GC (Allocation Failure) [PSYoungGen: 389821K->142048K(502272K)] 1315590K->1152333K(1900544K), 0.0499055 secs] [Times: user=0.29 sys=0.00, real=0.05 secs] 
3672.066: [GC (Allocation Failure) [PSYoungGen: 449760K->97792K(406016K)] 1460045K->1241541K(1804288K), 0.1652235 secs] [Times: user=0.98 sys=0.01, real=0.16 secs] 
3673.551: [GC (Allocation Failure) [PSYoungGen: 405504K->143824K(501248K)] 1549253K->1381295K(1899520K), 0.0493812 secs] [Times: user=0.29 sys=0.00, real=0.05 secs] 
3673.600: [Full GC (Ergonomics) [PSYoungGen: 143824K->0K(501248K)] [ParOldGen: 1237470K->187969K(1398272K)] 1381295K->187969K(1899520K), [Metaspace: 60413K->60413K(1105920K)], 0.4415930 secs] [Times: user=2.05 sys=0.00, real=0.44 secs] 
3676.362: [GC (Allocation Failure) [PSYoungGen: 308224K->101776K(502272K)] 496193K->289746K(1900544K), 0.0592703 secs] [Times: user=0.35 sys=0.01, real=0.06 secs] 
3678.280: [GC (Allocation Failure) [PSYoungGen: 410000K->143616K(500736K)] 597970K->429102K(1899008K), 0.0505936 secs] [Times: user=0.30 sys=0.00, real=0.05 secs] 
3681.640: [GC (Allocation Failure) [PSYoungGen: 453888K->103920K(502272K)] 739374K->523639K(1900544K), 0.0820937 secs] [Times: user=0.49 sys=0.00, real=0.08 secs] 
3683.965: [GC (Allocation Failure) [PSYoungGen: 414192K->141424K(504320K)] 833911K->662236K(1902592K), 0.0513909 secs] [Times: user=0.31 sys=0.01, real=0.06 secs] 
3686.259: [GC (Allocation Failure) [PSYoungGen: 457328K->106960K(504832K)] 978140K->759580K(1903104K), 0.0649569 secs] [Times: user=0.38 sys=0.00, real=0.06 secs] 
3688.394: [GC (Allocation Failure) [PSYoungGen: 422864K->144544K(504832K)] 1075484K->901656K(1903104K), 0.0529499 secs] [Times: user=0.32 sys=0.00, real=0.06 secs] 
3692.403: [GC (Allocation Failure) [PSYoungGen: 464032K->105216K(506880K)] 1221144K->997168K(1905152K), 0.1657224 secs] [Times: user=0.99 sys=0.00, real=0.17 secs] 
3695.238: [GC (Allocation Failure) [PSYoungGen: 424704K->148768K(506880K)] 1316656K->1143205K(1905152K), 0.0531645 secs] [Times: user=0.32 sys=0.00, real=0.05 secs] 
3698.382: [GC (Allocation Failure) [PSYoungGen: 471328K->105024K(510464K)] 1465765K->1239245K(1908736K), 0.1602850 secs] [Times: user=0.95 sys=0.00, real=0.16 secs] 
3701.234: [GC (Allocation Failure) [PSYoungGen: 427584K->149120K(507392K)] 1561805K->1385041K(1905664K), 0.0529310 secs] [Times: user=0.31 sys=0.00, real=0.06 secs] 
3701.287: [Full GC (Ergonomics) [PSYoungGen: 149120K->0K(507392K)] [ParOldGen: 1235921K->183722K(1398272K)] 1385041K->183722K(1905664K), [Metaspace: 60419K->60419K(1105920K)], 0.4270155 secs] [Times: user=1.96 sys=0.00, real=0.42 secs] 
3704.503: [GC (Allocation Failure) [PSYoungGen: 322048K->107184K(510464K)] 505770K->290907K(1908736K), 0.0939978 secs] [Times: user=0.55 sys=0.00, real=0.10 secs] 
3706.266: [GC (Allocation Failure) [PSYoungGen: 429232K->153216K(504320K)] 612955K->440096K(1902592K), 0.0528159 secs] [Times: user=0.32 sys=0.00, real=0.05 secs] 
3709.443: [GC (Allocation Failure) [PSYoungGen: 472192K->103328K(508928K)] 759072K->534456K(1907200K), 0.1475905 secs] [Times: user=0.88 sys=0.00, real=0.15 secs] 
3710.820: [GC (Allocation Failure) [PSYoungGen: 422304K->152320K(502784K)] 853432K->682713K(1901056K), 0.0512959 secs] [Times: user=0.30 sys=0.00, real=0.05 secs] 
3714.023: [GC (Allocation Failure) [PSYoungGen: 467200K->101440K(506880K)] 997593K->775453K(1905152K), 0.1647261 secs] [Times: user=0.91 sys=0.00, real=0.17 secs] 
3715.263: [GC (Allocation Failure) [PSYoungGen: 416320K->150544K(502784K)] 1090333K->921455K(1901056K), 0.0503791 secs] [Times: user=0.30 sys=0.00, real=0.05 secs] 
3718.621: [GC (Allocation Failure) [PSYoungGen: 463376K->100368K(505856K)] 1234287K->1013067K(1904128K), 0.1717095 secs] [Times: user=1.03 sys=0.00, real=0.17 secs] 
3719.747: [GC (Allocation Failure) [PSYoungGen: 413200K->149584K(502784K)] 1325899K->1158240K(1901056K), 0.0502620 secs] [Times: user=0.30 sys=0.00, real=0.05 secs] 
3722.774: [GC (Allocation Failure) [PSYoungGen: 461392K->97984K(505344K)] 1470048K->1247431K(1903616K), 0.1739564 secs] [Times: user=1.03 sys=0.00, real=0.18 secs] 
3724.315: [GC (Allocation Failure) [PSYoungGen: 409792K->146816K(503808K)] 1559239K->1390124K(1902080K), 0.0507499 secs] [Times: user=0.26 sys=0.00, real=0.05 secs] 
3724.366: [Full GC (Ergonomics) [PSYoungGen: 146816K->0K(503808K)] [ParOldGen: 1243308K->189339K(1398272K)] 1390124K->189339K(1902080K), [Metaspace: 60420K->60420K(1105920K)], 0.4490045 secs] [Times: user=2.09 sys=0.00, real=0.45 secs] 
3727.624: [GC (Allocation Failure) [PSYoungGen: 311808K->101281K(413184K)] 501147K->290621K(1811456K), 0.0988750 secs] [Times: user=0.58 sys=0.00, real=0.10 secs] 
3729.686: [GC (Allocation Failure) [PSYoungGen: 413089K->147520K(502272K)] 602429K->433941K(1900544K), 0.0503467 secs] [Times: user=0.30 sys=0.00, real=0.05 secs] 
3732.076: [GC (Allocation Failure) [PSYoungGen: 456974K->101360K(504320K)] 743395K->526362K(1902592K), 0.1598259 secs] [Times: user=0.95 sys=0.00, real=0.15 secs] 
3733.921: [GC (Allocation Failure) [PSYoungGen: 412656K->145152K(504832K)] 837658K->668770K(1903104K), 0.0506791 secs] [Times: user=0.30 sys=0.00, real=0.05 secs] 
3736.091: [GC (Allocation Failure) [PSYoungGen: 459008K->103952K(418304K)] 982626K->764187K(1816576K), 0.1338093 secs] [Times: user=0.80 sys=0.00, real=0.13 secs] 
3738.577: [GC (Allocation Failure) [PSYoungGen: 417808K->142848K(504320K)] 1078043K->904279K(1902592K), 0.0519085 secs] [Times: user=0.30 sys=0.00, real=0.05 secs] 
3742.834: [GC (Allocation Failure) [PSYoungGen: 458240K->102592K(504832K)] 1219671K->997783K(1903104K), 0.0775378 secs] [Times: user=0.46 sys=0.01, real=0.08 secs] 
3745.102: [GC (Allocation Failure) [PSYoungGen: 417984K->143904K(506880K)] 1313175K->1139124K(1905152K), 0.0518936 secs] [Times: user=0.30 sys=0.00, real=0.05 secs] 
3747.365: [GC (Allocation Failure) [PSYoungGen: 463392K->107280K(507904K)] 1458612K->1237248K(1906176K), 0.0646587 secs] [Times: user=0.38 sys=0.00, real=0.07 secs] 
3749.673: [GC (Allocation Failure) [PSYoungGen: 426768K->146624K(505856K)] 1556736K->1381661K(1904128K), 0.0541180 secs] [Times: user=0.32 sys=0.00, real=0.06 secs] 
3749.727: [Full GC (Ergonomics) [PSYoungGen: 146624K->0K(505856K)] [ParOldGen: 1235037K->180112K(1398272K)] 1381661K->180112K(1904128K), [Metaspace: 60421K->60421K(1105920K)], 0.4156326 secs] [Times: user=1.92 sys=0.00, real=0.41 secs] 
3752.151: [GC (Allocation Failure) [PSYoungGen: 320512K->109264K(508416K)] 500624K->289377K(1906688K), 0.0673496 secs] [Times: user=0.39 sys=0.00, real=0.07 secs] 
3754.034: [GC (Allocation Failure) [PSYoungGen: 429776K->146304K(507904K)] 609889K->432137K(1906176K), 0.1523196 secs] [Times: user=0.89 sys=0.00, real=0.16 secs] 
3758.152: [GC (Allocation Failure) [PSYoungGen: 469888K->106688K(509952K)] 755721K->529969K(1908224K), 0.1632732 secs] [Times: user=0.97 sys=0.00, real=0.16 secs] 
3760.774: [GC (Allocation Failure) [PSYoungGen: 430272K->151616K(506880K)] 853553K->677502K(1905152K), 0.0526650 secs] [Times: user=0.31 sys=0.00, real=0.06 secs] 
3765.011: [GC (Allocation Failure) [PSYoungGen: 474688K->101456K(510976K)] 1000574K->770011K(1909248K), 0.1563126 secs] [Times: user=0.92 sys=0.02, real=0.16 secs] 
3767.207: [GC (Allocation Failure) [PSYoungGen: 424528K->153216K(503296K)] 1093083K->918635K(1901568K), 0.0514715 secs] [Times: user=0.31 sys=0.00, real=0.05 secs] 
3769.914: [GC (Allocation Failure) [PSYoungGen: 470144K->103712K(507904K)] 1235563K->1013383K(1906176K), 0.1647373 secs] [Times: user=0.98 sys=0.00, real=0.17 secs] 
3771.374: [GC (Allocation Failure) [PSYoungGen: 420640K->148976K(505344K)] 1330311K->1158896K(1903616K), 0.0509307 secs] [Times: user=0.30 sys=0.00, real=0.05 secs] 
3775.508: [GC (Allocation Failure) [PSYoungGen: 465904K->101248K(507904K)] 1475824K->1251248K(1906176K), 0.1688161 secs] [Times: user=0.92 sys=0.01, real=0.17 secs] 
3776.519: [GC (Allocation Failure) [PSYoungGen: 418176K->149504K(503808K)] 1568176K->1397109K(1902080K), 0.0510531 secs] [Times: user=0.30 sys=0.01, real=0.05 secs] 
3776.570: [Full GC (Ergonomics) [PSYoungGen: 149504K->0K(503808K)] [ParOldGen: 1247605K->194340K(1398272K)] 1397109K->194340K(1902080K), [Metaspace: 60424K->60424K(1105920K)], 0.4777091 secs] [Times: user=2.22 sys=0.00, real=0.48 secs] 
3780.471: [GC (Allocation Failure) [PSYoungGen: 314880K->100640K(506880K)] 509220K->294980K(1905152K), 0.1012718 secs] [Times: user=0.60 sys=0.00, real=0.10 secs] 
3781.901: [GC (Allocation Failure) [PSYoungGen: 415520K->149536K(503808K)] 609860K->440309K(1902080K), 0.0498171 secs] [Times: user=0.29 sys=0.01, real=0.05 secs] 
3784.964: [GC (Allocation Failure) [PSYoungGen: 463392K->101984K(506368K)] 754165K->533521K(1904640K), 0.1681564 secs] [Times: user=1.00 sys=0.00, real=0.17 secs] 
3786.546: [GC (Allocation Failure) [PSYoungGen: 415840K->146656K(505344K)] 847377K->676618K(1903616K), 0.0504103 secs] [Times: user=0.29 sys=0.01, real=0.05 secs] 
3789.624: [GC (Allocation Failure) [PSYoungGen: 461536K->100160K(415232K)] 991498K->767802K(1813504K), 0.1674061 secs] [Times: user=0.99 sys=0.01, real=0.17 secs] 
3791.345: [GC (Allocation Failure) [PSYoungGen: 415040K->148576K(503808K)] 1082682K->911891K(1902080K), 0.0508044 secs] [Times: user=0.30 sys=0.01, real=0.05 secs] 
3793.741: [GC (Allocation Failure) [PSYoungGen: 462432K->103088K(506368K)] 1225747K->1005776K(1904640K), 0.1709430 secs] [Times: user=1.02 sys=0.00, real=0.17 secs] 
3795.606: [GC (Allocation Failure) [PSYoungGen: 416944K->157744K(497664K)] 1319632K->1159185K(1895936K), 0.0525553 secs] [Times: user=0.31 sys=0.00, real=0.06 secs] 
3797.642: [GC (Allocation Failure) [PSYoungGen: 465456K->100304K(503296K)] 1466897K->1242365K(1901568K), 0.1711766 secs] [Times: user=1.02 sys=0.00, real=0.17 secs] 
3799.917: [GC (Allocation Failure) [PSYoungGen: 408016K->143328K(501248K)] 1550077K->1381889K(1899520K), 0.0508885 secs] [Times: user=0.30 sys=0.00, real=0.05 secs] 
3799.968: [Full GC (Ergonomics) [PSYoungGen: 143328K->0K(501248K)] [ParOldGen: 1238561K->181376K(1398272K)] 1381889K->181376K(1899520K), [Metaspace: 60424K->60424K(1105920K)], 0.4279841 secs] [Times: user=1.98 sys=0.00, real=0.43 secs] 
3802.209: [GC (Allocation Failure) [PSYoungGen: 309760K->102593K(503296K)] 491136K->283969K(1901568K), 0.0841623 secs] [Times: user=0.50 sys=0.00, real=0.08 secs] 
3804.553: [GC (Allocation Failure) [PSYoungGen: 412353K->142272K(504832K)] 593729K->423241K(1903104K), 0.0511268 secs] [Times: user=0.30 sys=0.00, real=0.05 secs] 
3805.817: [GC (Allocation Failure) [PSYoungGen: 456128K->105856K(504832K)] 737097K->519905K(1903104K), 0.0635241 secs] [Times: user=0.37 sys=0.00, real=0.06 secs] 
3808.476: [GC (Allocation Failure) [PSYoungGen: 419712K->145088K(503296K)] 833761K->662762K(1901568K), 0.0528161 secs] [Times: user=0.31 sys=0.00, real=0.05 secs] 
3811.005: [GC (Allocation Failure) [PSYoungGen: 460480K->106240K(504832K)] 978154K->760286K(1903104K), 0.1673325 secs] [Times: user=1.00 sys=0.00, real=0.17 secs] 
3815.063: [GC (Allocation Failure) [PSYoungGen: 421632K->143216K(506880K)] 1075678K->900340K(1905152K), 0.0528079 secs] [Times: user=0.32 sys=0.00, real=0.06 secs] 
3816.960: [GC (Allocation Failure) [PSYoungGen: 463728K->108272K(507904K)] 1220852K->999616K(1906176K), 0.1563552 secs] [Times: user=0.93 sys=0.00, real=0.16 secs] 
3820.575: [GC (Allocation Failure) [PSYoungGen: 428784K->145632K(507392K)] 1320128K->1142156K(1905664K), 0.0534814 secs] [Times: user=0.32 sys=0.00, real=0.06 secs] 
3822.741: [GC (Allocation Failure) [PSYoungGen: 468704K->109264K(509440K)] 1465228K->1242365K(1907712K), 0.1623134 secs] [Times: user=0.96 sys=0.00, real=0.16 secs] 
3824.710: [GC (Allocation Failure) [PSYoungGen: 432336K->150400K(507904K)] 1565437K->1389605K(1906176K), 0.0571419 secs] [Times: user=0.34 sys=0.00, real=0.06 secs] 
3824.768: [Full GC (Ergonomics) [PSYoungGen: 150400K->0K(507904K)] [ParOldGen: 1239205K->187769K(1398272K)] 1389605K->187769K(1906176K), [Metaspace: 60428K->60428K(1105920K)], 0.4439742 secs] [Times: user=2.05 sys=0.00, real=0.44 secs] 
3828.233: [GC (Allocation Failure) [PSYoungGen: 324608K->104864K(511488K)] 512377K->292633K(1909760K), 0.0965517 secs] [Times: user=0.57 sys=0.01, real=0.10 secs] 
3831.235: [GC (Allocation Failure) [PSYoungGen: 429472K->153376K(504832K)] 617241K->441666K(1903104K), 0.0516865 secs] [Times: user=0.30 sys=0.00, real=0.06 secs] 
3834.311: [GC (Allocation Failure) [PSYoungGen: 473376K->102896K(509440K)] 761666K->535671K(1907712K), 0.1665751 secs] [Times: user=0.99 sys=0.00, real=0.17 secs] 
3835.886: [GC (Allocation Failure) [PSYoungGen: 422896K->151280K(504320K)] 855671K->682547K(1902592K), 0.0508414 secs] [Times: user=0.30 sys=0.00, real=0.05 secs] 
3839.079: [GC (Allocation Failure) [PSYoungGen: 468208K->103456K(507904K)] 999475K->777179K(1906176K), 0.1737356 secs] [Times: user=1.03 sys=0.00, real=0.17 secs] 
3840.256: [GC (Allocation Failure) [PSYoungGen: 420384K->148112K(505856K)] 1094107K->921720K(1904128K), 0.0501631 secs] [Times: user=0.29 sys=0.00, real=0.05 secs] 
3844.314: [GC (Allocation Failure) [PSYoungGen: 465040K->103008K(507904K)] 1238648K->1015640K(1906176K), 0.1709236 secs] [Times: user=1.01 sys=0.00, real=0.17 secs] 
3846.542: [GC (Allocation Failure) [PSYoungGen: 416514K->148576K(505856K)] 1329146K->1159933K(1904128K), 0.0510493 secs] [Times: user=0.30 sys=0.00, real=0.05 secs] 
3849.603: [GC (Allocation Failure) [PSYoungGen: 465504K->102880K(507904K)] 1476861K->1254153K(1906176K), 0.1581017 secs] [Times: user=0.94 sys=0.00, real=0.16 secs] 
3851.344: [GC (Allocation Failure) [PSYoungGen: 419808K->148432K(505856K)] 1571081K->1398318K(1904128K), 0.0517852 secs] [Times: user=0.30 sys=0.00, real=0.06 secs] 
3851.396: [Full GC (Ergonomics) [PSYoungGen: 148432K->0K(505856K)] [ParOldGen: 1249886K->196854K(1398272K)] 1398318K->196854K(1904128K), [Metaspace: 60428K->60428K(1105920K)], 0.4705467 secs] [Times: user=2.19 sys=0.00, real=0.47 secs] 
3854.731: [GC (Allocation Failure) [PSYoungGen: 316928K->102944K(507904K)] 513782K->299806K(1906176K), 0.1021657 secs] [Times: user=0.60 sys=0.00, real=0.10 secs] 
3856.794: [GC (Allocation Failure) [PSYoungGen: 419872K->148608K(504832K)] 616734K->444059K(1903104K), 0.0499071 secs] [Times: user=0.29 sys=0.00, real=0.05 secs] 
3859.909: [GC (Allocation Failure) [PSYoungGen: 464512K->103792K(507392K)] 759963K->539072K(1905664K), 0.1633713 secs] [Times: user=0.98 sys=0.00, real=0.16 secs] 
3861.475: [GC (Allocation Failure) [PSYoungGen: 419696K->148416K(504832K)] 854976K->682936K(1903104K), 0.0502941 secs] [Times: user=0.30 sys=0.00, real=0.05 secs] 
3864.665: [GC (Allocation Failure) [PSYoungGen: 464320K->102960K(507392K)] 998840K->776665K(1905664K), 0.1673600 secs] [Times: user=0.99 sys=0.00, real=0.17 secs] 
3866.058: [GC (Allocation Failure) [PSYoungGen: 415428K->148544K(504832K)] 1089133K->921113K(1903104K), 0.0508892 secs] [Times: user=0.30 sys=0.01, real=0.05 secs] 
3869.011: [GC (Allocation Failure) [PSYoungGen: 464448K->102064K(507392K)] 1237017K->1014474K(1905664K), 0.1637690 secs] [Times: user=0.97 sys=0.00, real=0.16 secs] 
3870.235: [GC (Allocation Failure) [PSYoungGen: 417968K->149664K(504320K)] 1330378K->1159838K(1902592K), 0.0503186 secs] [Times: user=0.30 sys=0.00, real=0.05 secs] 
3874.164: [GC (Allocation Failure) [PSYoungGen: 464544K->100400K(506880K)] 1474718K->1251439K(1905152K), 0.1710356 secs] [Times: user=0.99 sys=0.01, real=0.17 secs] 
3876.174: [GC (Allocation Failure) [PSYoungGen: 415280K->149456K(502784K)] 1566319K->1396316K(1901056K), 0.0504873 secs] [Times: user=0.29 sys=0.00, real=0.05 secs] 
3876.225: [Full GC (Ergonomics) [PSYoungGen: 149456K->0K(502784K)] [ParOldGen: 1246859K->195220K(1398272K)] 1396316K->195220K(1901056K), [Metaspace: 60438K->60438K(1105920K)], 0.4677140 secs] [Times: user=2.19 sys=0.00, real=0.47 secs] 
3879.447: [GC (Allocation Failure) [PSYoungGen: 312832K->101584K(505856K)] 508052K->296805K(1904128K), 0.1030094 secs] [Times: user=0.60 sys=0.00, real=0.10 secs] 
3881.868: [GC (Allocation Failure) [PSYoungGen: 414416K->147936K(504320K)] 609637K->440101K(1902592K), 0.0496484 secs] [Times: user=0.30 sys=0.00, real=0.05 secs] 
3884.401: [GC (Allocation Failure) [PSYoungGen: 461792K->101344K(506368K)] 753957K->532505K(1904640K), 0.1693001 secs] [Times: user=1.01 sys=0.00, real=0.17 secs] 
3887.005: [GC (Allocation Failure) [PSYoungGen: 415200K->147264K(504320K)] 846361K->675398K(1902592K), 0.0503025 secs] [Times: user=0.30 sys=0.01, real=0.05 secs] 
3889.811: [GC (Allocation Failure) [PSYoungGen: 461120K->102592K(416768K)] 989254K->768910K(1815040K), 0.1652231 secs] [Times: user=0.99 sys=0.00, real=0.17 secs] 
3892.537: [GC (Allocation Failure) [PSYoungGen: 416448K->155872K(498688K)] 1082766K->920231K(1896960K), 0.0513153 secs] [Times: user=0.30 sys=0.01, real=0.05 secs] 
3895.015: [GC (Allocation Failure) [PSYoungGen: 464608K->101088K(503808K)] 1228967K->1004111K(1902080K), 0.1710635 secs] [Times: user=1.02 sys=0.00, real=0.18 secs] 
3897.523: [GC (Allocation Failure) [PSYoungGen: 409824K->146288K(503808K)] 1312847K->1146525K(1902080K), 0.0509639 secs] [Times: user=0.30 sys=0.00, real=0.05 secs] 
3900.040: [GC (Allocation Failure) [PSYoungGen: 457072K->103056K(414208K)] 1457309K->1240981K(1812480K), 0.1717704 secs] [Times: user=1.03 sys=0.00, real=0.17 secs] 
3903.031: [GC (Allocation Failure) [PSYoungGen: 413840K->142736K(503296K)] 1551765K->1380961K(1901568K), 0.0519217 secs] [Times: user=0.30 sys=0.00, real=0.05 secs] 
3903.083: [Full GC (Ergonomics) [PSYoungGen: 142736K->0K(503296K)] [ParOldGen: 1238225K->179732K(1398272K)] 1380961K->179732K(1901568K), [Metaspace: 60449K->60449K(1105920K)], 0.4210411 secs] [Times: user=1.95 sys=0.00, real=0.42 secs] 
3905.301: [GC (Allocation Failure) [PSYoungGen: 311808K->105104K(503296K)] 491540K->284837K(1901568K), 0.0822258 secs] [Times: user=0.49 sys=0.00, real=0.08 secs] 
3908.522: [GC (Allocation Failure) [PSYoungGen: 416912K->142496K(503808K)] 596645K->424365K(1902080K), 0.0529254 secs] [Times: user=0.31 sys=0.00, real=0.05 secs] 
3909.779: [GC (Allocation Failure) [PSYoungGen: 457888K->107664K(504320K)] 739757K->522758K(1902592K), 0.0818885 secs] [Times: user=0.49 sys=0.00, real=0.08 secs] 
3912.566: [GC (Allocation Failure) [PSYoungGen: 423056K->144528K(505856K)] 838150K->665059K(1904128K), 0.0541394 secs] [Times: user=0.32 sys=0.00, real=0.05 secs] 
3915.089: [GC (Allocation Failure) [PSYoungGen: 464528K->107008K(507392K)] 985059K->762886K(1905664K), 0.1649675 secs] [Times: user=0.96 sys=0.00, real=0.16 secs] 
3917.492: [GC (Allocation Failure) [PSYoungGen: 427008K->146751K(507392K)] 1082886K->907046K(1905664K), 0.0532510 secs] [Times: user=0.31 sys=0.01, real=0.05 secs] 
3919.623: [GC (Allocation Failure) [PSYoungGen: 469823K->110128K(509952K)] 1230118K->1007712K(1908224K), 0.1002575 secs] [Times: user=0.60 sys=0.00, real=0.10 secs] 
3921.438: [GC (Allocation Failure) [PSYoungGen: 433200K->150016K(507392K)] 1330784K->1154336K(1905664K), 0.0534956 secs] [Times: user=0.32 sys=0.00, real=0.05 secs] 
3924.831: [GC (Allocation Failure) [PSYoungGen: 474112K->107328K(510976K)] 1478432K->1252588K(1909248K), 0.1692926 secs] [Times: user=1.00 sys=0.00, real=0.17 secs] 
3926.300: [GC (Allocation Failure) [PSYoungGen: 431424K->152384K(506368K)] 1576684K->1400424K(1904640K), 0.0540018 secs] [Times: user=0.32 sys=0.00, real=0.05 secs] 
3926.354: [Full GC (Ergonomics) [PSYoungGen: 152384K->0K(506368K)] [ParOldGen: 1248040K->197263K(1398272K)] 1400424K->197263K(1904640K), [Metaspace: 60449K->60449K(1105920K)], 0.4704200 secs] [Times: user=2.20 sys=0.00, real=0.47 secs] 
3929.736: [GC (Allocation Failure) [PSYoungGen: 322048K->106656K(510464K)] 519311K->303919K(1908736K), 0.0936748 secs] [Times: user=0.55 sys=0.00, real=0.09 secs] 
3931.098: [GC (Allocation Failure) [PSYoungGen: 421759K->144848K(510464K)] 619023K->445037K(1908736K), 0.0506472 secs] [Times: user=0.30 sys=0.00, real=0.05 secs] 
3936.588: [GC (Allocation Failure) [PSYoungGen: 468944K->104384K(428544K)] 769133K->540308K(1826816K), 0.1655588 secs] [Times: user=0.98 sys=0.00, real=0.16 secs] 
3937.247: [GC (Allocation Failure) [PSYoungGen: 415318K->147216K(508416K)] 851242K->683576K(1906688K), 0.0499197 secs] [Times: user=0.29 sys=0.00, real=0.05 secs] 
3941.499: [GC (Allocation Failure) [PSYoungGen: 470288K->104064K(510464K)] 1006648K->779112K(1908736K), 0.1697814 secs] [Times: user=1.00 sys=0.01, real=0.17 secs] 
3943.651: [GC (Allocation Failure) [PSYoungGen: 416084K->147280K(509440K)] 1091132K->921741K(1907712K), 0.0511881 secs] [Times: user=0.30 sys=0.00, real=0.05 secs] 
3947.200: [GC (Allocation Failure) [PSYoungGen: 471376K->106768K(511488K)] 1245837K->1019833K(1909760K), 0.1583009 secs] [Times: user=0.94 sys=0.00, real=0.16 secs] 
3948.338: [GC (Allocation Failure) [PSYoungGen: 430864K->169760K(493056K)] 1343929K->1185621K(1891328K), 0.0538833 secs] [Times: user=0.32 sys=0.00, real=0.05 secs] 
3951.557: [GC (Allocation Failure) [PSYoungGen: 477472K->91104K(503296K)] 1493333K->1259689K(1901568K), 0.1620450 secs] [Times: user=0.96 sys=0.00, real=0.16 secs] 
3952.933: [GC (Allocation Failure) [PSYoungGen: 394990K->143968K(502272K)] 1563576K->1399586K(1900544K), 0.0503118 secs] [Times: user=0.30 sys=0.00, real=0.05 secs] 
3952.983: [Full GC (Ergonomics) [PSYoungGen: 143968K->0K(502272K)] [ParOldGen: 1255618K->197467K(1398272K)] 1399586K->197467K(1900544K), [Metaspace: 60449K->60449K(1105920K)], 0.4638330 secs] [Times: user=2.14 sys=0.00, real=0.47 secs] 
3955.146: [GC (Allocation Failure) [PSYoungGen: 307712K->103584K(411648K)] 505179K->301051K(1809920K), 0.0682718 secs] [Times: user=0.39 sys=0.00, real=0.06 secs] 
3956.868: [GC (Allocation Failure) [PSYoungGen: 411296K->143392K(501760K)] 608763K->440084K(1900032K), 0.0493255 secs] [Times: user=0.29 sys=0.00, real=0.05 secs] 
3959.539: [GC (Allocation Failure) [PSYoungGen: 452640K->102784K(501760K)] 749332K->533916K(1900032K), 0.1124367 secs] [Times: user=0.66 sys=0.01, real=0.11 secs] 
3961.663: [GC (Allocation Failure) [PSYoungGen: 412032K->143200K(504320K)] 843164K->673173K(1902592K), 0.0516441 secs] [Times: user=0.31 sys=0.00, real=0.05 secs] 
3964.072: [GC (Allocation Failure) [PSYoungGen: 457056K->104800K(504320K)] 987029K->768677K(1902592K), 0.1089835 secs] [Times: user=0.64 sys=0.01, real=0.11 secs] 
3966.263: [GC (Allocation Failure) [PSYoungGen: 418656K->147040K(503808K)] 1082533K->911770K(1902080K), 0.1006331 secs] [Times: user=0.60 sys=0.00, real=0.10 secs] 
3970.690: [GC (Allocation Failure) [PSYoungGen: 462944K->102880K(505856K)] 1227674K->1005466K(1904128K), 0.1543534 secs] [Times: user=0.92 sys=0.01, real=0.15 secs] 
3972.584: [GC (Allocation Failure) [PSYoungGen: 418784K->155264K(500736K)] 1321370K->1156631K(1899008K), 0.0525353 secs] [Times: user=0.31 sys=0.00, real=0.06 secs] 
3974.364: [GC (Allocation Failure) [PSYoungGen: 466256K->103696K(505856K)] 1467623K->1242659K(1904128K), 0.1382103 secs] [Times: user=0.82 sys=0.00, real=0.14 secs] 
3976.292: [GC (Allocation Failure) [PSYoungGen: 416528K->145888K(505344K)] 1555491K->1385807K(1903616K), 0.0525961 secs] [Times: user=0.31 sys=0.00, real=0.05 secs] 
3976.345: [Full GC (Ergonomics) [PSYoungGen: 145888K->0K(505344K)] [ParOldGen: 1239919K->183119K(1398272K)] 1385807K->183119K(1903616K), [Metaspace: 60450K->60450K(1105920K)], 0.4368948 secs] [Times: user=2.02 sys=0.00, real=0.44 secs] 
3979.529: [GC (Allocation Failure) [PSYoungGen: 315392K->105088K(420864K)] 498511K->288207K(1819136K), 0.0943989 secs] [Times: user=0.56 sys=0.00, real=0.09 secs] 
3982.306: [GC (Allocation Failure) [PSYoungGen: 420480K->142048K(506368K)] 603599K->427412K(1904640K), 0.0522282 secs] [Times: user=0.31 sys=0.01, real=0.06 secs] 
3984.368: [GC (Allocation Failure) [PSYoungGen: 459488K->106832K(506368K)] 744852K->525032K(1904640K), 0.1066342 secs] [Times: user=0.63 sys=0.00, real=0.10 secs] 
3986.511: [GC (Allocation Failure) [PSYoungGen: 424272K->153264K(502272K)] 842472K->675649K(1900544K), 0.0532172 secs] [Times: user=0.32 sys=0.00, real=0.05 secs] 
3988.891: [GC (Allocation Failure) [PSYoungGen: 469680K->106240K(506880K)] 992065K->764465K(1905152K), 0.1329684 secs] [Times: user=0.79 sys=0.00, real=0.13 secs] 
3990.534: [GC (Allocation Failure) [PSYoungGen: 422656K->147520K(506880K)] 1080881K->909929K(1905152K), 0.0536149 secs] [Times: user=0.32 sys=0.00, real=0.06 secs] 
3994.483: [GC (Allocation Failure) [PSYoungGen: 466496K->103712K(508928K)] 1228905K->1005025K(1907200K), 0.1692920 secs] [Times: user=1.01 sys=0.00, real=0.17 secs] 
3996.906: [GC (Allocation Failure) [PSYoungGen: 422688K->148640K(506880K)] 1324001K->1150466K(1905152K), 0.0529559 secs] [Times: user=0.32 sys=0.00, real=0.05 secs] 
3999.845: [GC (Allocation Failure) [PSYoungGen: 467616K->102240K(508928K)] 1469442K->1244146K(1907200K), 0.1705656 secs] [Times: user=1.01 sys=0.00, real=0.18 secs] 
4003.343: [GC (Allocation Failure) [PSYoungGen: 421216K->150592K(504320K)] 1563122K->1390639K(1902592K), 0.0528732 secs] [Times: user=0.32 sys=0.00, real=0.06 secs] 
4003.396: [Full GC (Ergonomics) [PSYoungGen: 150592K->0K(504320K)] [ParOldGen: 1240047K->187652K(1398272K)] 1390639K->187652K(1902592K), [Metaspace: 60450K->60450K(1105920K)], 0.4410346 secs] [Times: user=2.03 sys=0.00, real=0.44 secs] 
4005.579: [GC (Allocation Failure) [PSYoungGen: 315904K->104144K(507392K)] 503556K->291797K(1905664K), 0.1010692 secs] [Times: user=0.59 sys=0.00, real=0.10 secs] 
4006.725: [GC (Allocation Failure) [PSYoungGen: 420048K->147872K(505856K)] 607701K->435574K(1904128K), 0.0513715 secs] [Times: user=0.31 sys=0.00, real=0.06 secs] 
4009.289: [GC (Allocation Failure) [PSYoungGen: 464800K->103296K(507904K)] 752502K->529670K(1906176K), 0.1660704 secs] [Times: user=0.99 sys=0.01, real=0.16 secs] 
4010.466: [GC (Allocation Failure) [PSYoungGen: 420224K->151008K(503808K)] 846598K->676963K(1902080K), 0.0525565 secs] [Times: user=0.31 sys=0.00, real=0.05 secs] 
4012.922: [GC (Allocation Failure) [PSYoungGen: 465888K->103776K(506880K)] 991843K->771931K(1905152K), 0.1611578 secs] [Times: user=0.96 sys=0.00, real=0.16 secs] 
4014.606: [GC (Allocation Failure) [PSYoungGen: 418656K->148128K(505856K)] 1086811K->916640K(1904128K), 0.0732811 secs] [Times: user=0.44 sys=0.01, real=0.07 secs] 
4017.850: [GC (Allocation Failure) [PSYoungGen: 464032K->102672K(418816K)] 1232544K->1010896K(1817088K), 0.1753231 secs] [Times: user=1.05 sys=0.00, real=0.17 secs] 
4019.146: [GC (Allocation Failure) [PSYoungGen: 418576K->149824K(503296K)] 1326800K->1156696K(1901568K), 0.0517964 secs] [Times: user=0.31 sys=0.00, real=0.06 secs] 
4021.773: [GC (Allocation Failure) [PSYoungGen: 463680K->102544K(506368K)] 1470552K->1250353K(1904640K), 0.1628217 secs] [Times: user=0.97 sys=0.00, real=0.16 secs] 
4023.847: [GC (Allocation Failure) [PSYoungGen: 416400K->147392K(504832K)] 1564209K->1393381K(1903104K), 0.0521564 secs] [Times: user=0.31 sys=0.00, real=0.05 secs] 
4023.900: [Full GC (Ergonomics) [PSYoungGen: 147392K->0K(504832K)] [ParOldGen: 1245989K->191652K(1398272K)] 1393381K->191652K(1903104K), [Metaspace: 60450K->60450K(1105920K)], 0.4554138 secs] [Times: user=2.12 sys=0.00, real=0.45 secs] 
4027.170: [GC (Allocation Failure) [PSYoungGen: 314880K->99713K(506880K)] 506532K->291365K(1905152K), 0.0978202 secs] [Times: user=0.57 sys=0.00, real=0.10 secs] 
4029.357: [GC (Allocation Failure) [PSYoungGen: 414593K->156688K(497664K)] 606245K->444022K(1895936K), 0.0504081 secs] [Times: user=0.30 sys=0.00, real=0.05 secs] 
4031.309: [GC (Allocation Failure) [PSYoungGen: 464400K->100272K(503296K)] 751734K->527134K(1901568K), 0.1183568 secs] [Times: user=0.71 sys=0.00, real=0.12 secs] 
4033.756: [GC (Allocation Failure) [PSYoungGen: 407984K->143360K(501248K)] 834846K->666738K(1899520K), 0.0502250 secs] [Times: user=0.29 sys=0.00, real=0.05 secs] 
4036.107: [GC (GCLocker Initiated GC) [PSYoungGen: 453120K->104304K(503296K)] 976499K->761952K(1901568K), 0.0863762 secs] [Times: user=0.51 sys=0.00, real=0.08 secs] 
4038.506: [GC (Allocation Failure) [PSYoungGen: 414064K->141584K(504320K)] 1071715K->900775K(1902592K), 0.0517289 secs] [Times: user=0.31 sys=0.00, real=0.05 secs] 
4040.700: [GC (Allocation Failure) [PSYoungGen: 455440K->104864K(504320K)] 1214631K->996607K(1902592K), 0.0635442 secs] [Times: user=0.38 sys=0.00, real=0.06 secs] 
4042.983: [GC (Allocation Failure) [PSYoungGen: 418720K->143424K(504320K)] 1310463K->1137563K(1902592K), 0.0527412 secs] [Times: user=0.31 sys=0.00, real=0.06 secs] 
4044.808: [GC (Allocation Failure) [PSYoungGen: 460352K->108896K(505344K)] 1454491K->1237115K(1903616K), 0.1102119 secs] [Times: user=0.65 sys=0.01, real=0.11 secs] 
4046.245: [GC (Allocation Failure) [PSYoungGen: 425824K->145600K(506880K)] 1554043K->1380492K(1905152K), 0.1294676 secs] [Times: user=0.77 sys=0.00, real=0.13 secs] 
4046.375: [Full GC (Ergonomics) [PSYoungGen: 145600K->0K(506880K)] [ParOldGen: 1234892K->179876K(1398272K)] 1380492K->179876K(1905152K), [Metaspace: 60451K->60451K(1105920K)], 0.4632497 secs] [Times: user=2.19 sys=0.01, real=0.47 secs] 
4049.426: [GC (Allocation Failure) [PSYoungGen: 321536K->111872K(508416K)] 501412K->291748K(1906688K), 0.0545583 secs] [Times: user=0.32 sys=0.00, real=0.06 secs] 
4050.860: [GC (Allocation Failure) [PSYoungGen: 433408K->150496K(506368K)] 613284K->436701K(1904640K), 0.0539215 secs] [Times: user=0.32 sys=0.00, real=0.05 secs] 
4054.375: [GC (Allocation Failure) [PSYoungGen: 473568K->108288K(509952K)] 759773K->536230K(1908224K), 0.1433223 secs] [Times: user=0.85 sys=0.00, real=0.15 secs] 
4055.851: [GC (Allocation Failure) [PSYoungGen: 431360K->151088K(507392K)] 859302K->681025K(1905664K), 0.0521888 secs] [Times: user=0.30 sys=0.00, real=0.05 secs] 
4060.383: [GC (Allocation Failure) [PSYoungGen: 474160K->106688K(510976K)] 1004097K->778345K(1909248K), 0.1699249 secs] [Times: user=1.02 sys=0.00, real=0.17 secs] 
4062.012: [GC (Allocation Failure) [PSYoungGen: 429591K->149328K(507904K)] 1101248K->923598K(1906176K), 0.0985229 secs] [Times: user=0.59 sys=0.00, real=0.10 secs] 
4065.569: [GC (Allocation Failure) [PSYoungGen: 471376K->106688K(510464K)] 1245646K->1021550K(1908736K), 0.1495345 secs] [Times: user=0.89 sys=0.01, real=0.15 secs] 
4066.619: [GC (Allocation Failure) [PSYoungGen: 413593K->144192K(509440K)] 1328455K->1161567K(1907712K), 0.0531564 secs] [Times: user=0.31 sys=0.00, real=0.05 secs] 
4069.318: [GC (Allocation Failure) [PSYoungGen: 467776K->105344K(510464K)] 1485151K->1258471K(1908736K), 0.1228253 secs] [Times: user=0.73 sys=0.01, real=0.12 secs] 
4070.025: [GC (Allocation Failure) [PSYoungGen: 416559K->146480K(509440K)] 1569686K->1400972K(1907712K), 0.0535554 secs] [Times: user=0.31 sys=0.00, real=0.06 secs] 
4070.079: [Full GC (Ergonomics) [PSYoungGen: 146480K->0K(509440K)] [ParOldGen: 1254491K->197488K(1398272K)] 1400972K->197488K(1907712K), [Metaspace: 60451K->60451K(1105920K)], 0.4726940 secs] [Times: user=2.21 sys=0.00, real=0.47 secs] 
4076.809: [GC (Allocation Failure) [PSYoungGen: 324608K->103168K(510976K)] 522096K->300656K(1909248K), 0.0959562 secs] [Times: user=0.56 sys=0.01, real=0.09 secs] 
4077.596: [GC (Allocation Failure) [PSYoungGen: 416362K->147712K(508928K)] 613850K->444237K(1907200K), 0.0494850 secs] [Times: user=0.29 sys=0.00, real=0.05 secs] 
4081.597: [GC (Allocation Failure) [PSYoungGen: 471808K->105568K(511488K)] 768333K->541169K(1909760K), 0.1393196 secs] [Times: user=0.83 sys=0.00, real=0.14 secs] 
4082.249: [GC (Allocation Failure) [PSYoungGen: 414690K->145792K(509440K)] 850292K->682980K(1907712K), 0.0508295 secs] [Times: user=0.30 sys=0.00, real=0.05 secs] 
4086.807: [GC (Allocation Failure) [PSYoungGen: 470400K->103744K(511488K)] 1007588K->778052K(1909760K), 0.1688357 secs] [Times: user=1.00 sys=0.00, real=0.16 secs] 
4088.540: [GC (Allocation Failure) [PSYoungGen: 421483K->147328K(509952K)] 1095791K->921477K(1908224K), 0.0520422 secs] [Times: user=0.31 sys=0.00, real=0.05 secs] 
4091.061: [GC (Allocation Failure) [PSYoungGen: 472448K->109184K(434688K)] 1246597K->1021637K(1832960K), 0.1603293 secs] [Times: user=0.96 sys=0.00, real=0.16 secs] 
4091.970: [GC (Allocation Failure) [PSYoungGen: 434304K->170144K(493056K)] 1346757K->1187916K(1891328K), 0.0549084 secs] [Times: user=0.32 sys=0.01, real=0.05 secs] 
4095.459: [GC (Allocation Failure) [PSYoungGen: 478880K->89760K(503808K)] 1496652K->1261044K(1902080K), 0.1635734 secs] [Times: user=0.97 sys=0.00, real=0.16 secs] 
4096.952: [GC (Allocation Failure) [PSYoungGen: 394072K->141152K(501760K)] 1565356K->1398213K(1900032K), 0.0502714 secs] [Times: user=0.30 sys=0.00, real=0.05 secs] 
4097.003: [Full GC (Ergonomics) [PSYoungGen: 141152K->0K(501760K)] [ParOldGen: 1257061K->197070K(1398272K)] 1398213K->197070K(1900032K), [Metaspace: 60453K->60453K(1105920K)], 0.4590271 secs] [Times: user=2.12 sys=0.00, real=0.46 secs] 
4100.634: [GC (Allocation Failure) [PSYoungGen: 308736K->99168K(502784K)] 505806K->296238K(1901056K), 0.0932615 secs] [Times: user=0.55 sys=0.00, real=0.10 secs] 
4101.941: [GC (Allocation Failure) [PSYoungGen: 407904K->154816K(497664K)] 604974K->446975K(1895936K), 0.0487106 secs] [Times: user=0.29 sys=0.01, real=0.05 secs] 
4104.526: [GC (Allocation Failure) [PSYoungGen: 460480K->100400K(502272K)] 752639K->530663K(1900544K), 0.1352160 secs] [Times: user=0.81 sys=0.00, real=0.14 secs] 
4106.483: [GC (Allocation Failure) [PSYoungGen: 406064K->142304K(499200K)] 836327K->669407K(1897472K), 0.0504660 secs] [Times: user=0.29 sys=0.00, real=0.05 secs] 
4107.792: [GC (GCLocker Initiated GC) [PSYoungGen: 450016K->102032K(501760K)] 977119K->762232K(1900032K), 0.0659918 secs] [Times: user=0.39 sys=0.00, real=0.07 secs] 
4110.748: [GC (Allocation Failure) [PSYoungGen: 409744K->142848K(504832K)] 1069947K->901619K(1903104K), 0.0521297 secs] [Times: user=0.31 sys=0.00, real=0.05 secs] 
4112.629: [GC (Allocation Failure) [PSYoungGen: 456192K->107328K(420864K)] 1214963K->1000035K(1819136K), 0.1351936 secs] [Times: user=0.80 sys=0.00, real=0.13 secs] 
4116.018: [GC (Allocation Failure) [PSYoungGen: 420672K->141264K(504320K)] 1313379K->1139081K(1902592K), 0.0541647 secs] [Times: user=0.31 sys=0.00, real=0.05 secs] 
4117.601: [GC (Allocation Failure) [PSYoungGen: 457168K->108912K(504320K)] 1454985K->1238441K(1902592K), 0.0642419 secs] [Times: user=0.38 sys=0.00, real=0.06 secs] 
4121.565: [GC (Allocation Failure) [PSYoungGen: 424816K->142240K(506368K)] 1554345K->1378053K(1904640K), 0.0544248 secs] [Times: user=0.32 sys=0.00, real=0.06 secs] 
4121.620: [Full GC (Ergonomics) [PSYoungGen: 142240K->0K(506368K)] [ParOldGen: 1235813K->176771K(1398272K)] 1378053K->176771K(1904640K), [Metaspace: 60454K->60454K(1105920K)], 0.4129351 secs] [Times: user=1.90 sys=0.00, real=0.41 secs] 
4123.601: [GC (Allocation Failure) [PSYoungGen: 321536K->108000K(506880K)] 498307K->284771K(1905152K), 0.0778664 secs] [Times: user=0.45 sys=0.00, real=0.08 secs] 
4126.335: [GC (Allocation Failure) [PSYoungGen: 429536K->149456K(507904K)] 606307K->431101K(1906176K), 0.0541155 secs] [Times: user=0.32 sys=0.00, real=0.06 secs] 
4129.565: [GC (Allocation Failure) [PSYoungGen: 474576K->107584K(511488K)] 756221K->529793K(1909760K), 0.1569376 secs] [Times: user=0.93 sys=0.00, real=0.16 secs] 
4131.847: [GC (Allocation Failure) [PSYoungGen: 432704K->153264K(505344K)] 854913K->679118K(1903616K), 0.0538457 secs] [Times: user=0.32 sys=0.00, real=0.05 secs] 
4135.240: [GC (Allocation Failure) [PSYoungGen: 475312K->105504K(510464K)] 1001166K->775678K(1908736K), 0.1632636 secs] [Times: user=0.96 sys=0.00, real=0.16 secs] 
4136.564: [GC (Allocation Failure) [PSYoungGen: 424359K->149744K(506880K)] 1094533K->921111K(1905152K), 0.0514160 secs] [Times: user=0.31 sys=0.00, real=0.05 secs] 
4140.239: [GC (Allocation Failure) [PSYoungGen: 470768K->103632K(509952K)] 1242135K->1016263K(1908224K), 0.1730070 secs] [Times: user=1.03 sys=0.01, real=0.17 secs] 
4141.777: [GC (Allocation Failure) [PSYoungGen: 419209K->147504K(507904K)] 1331840K->1159712K(1906176K), 0.0509777 secs] [Times: user=0.30 sys=0.01, real=0.05 secs] 
4145.645: [GC (Allocation Failure) [PSYoungGen: 468528K->104128K(509952K)] 1480736K->1255148K(1908224K), 0.1579302 secs] [Times: user=0.94 sys=0.00, real=0.16 secs] 
4146.974: [GC (Allocation Failure) [PSYoungGen: 415726K->147840K(507904K)] 1566746K->1398940K(1906176K), 0.0511781 secs] [Times: user=0.30 sys=0.00, real=0.05 secs] 
4147.025: [Full GC (Ergonomics) [PSYoungGen: 147840K->0K(507904K)] [ParOldGen: 1251100K->197603K(1398272K)] 1398940K->197603K(1906176K), [Metaspace: 60454K->60454K(1105920K)], 0.4684878 secs] [Times: user=2.16 sys=0.00, real=0.47 secs] 
4149.416: [GC (Allocation Failure) [PSYoungGen: 321024K->107232K(428544K)] 518627K->304835K(1826816K), 0.1014946 secs] [Times: user=0.60 sys=0.01, real=0.10 secs] 
4150.636: [GC (Allocation Failure) [PSYoungGen: 420867K->145328K(507904K)] 618470K->446043K(1906176K), 0.0501688 secs] [Times: user=0.29 sys=0.00, real=0.05 secs] 
4153.418: [GC (Allocation Failure) [PSYoungGen: 466864K->109376K(509440K)] 767579K->545822K(1907712K), 0.1602394 secs] [Times: user=0.95 sys=0.00, real=0.16 secs] 
4154.513: [GC (Allocation Failure) [PSYoungGen: 414531K->142064K(509440K)] 850977K->684272K(1907712K), 0.0518574 secs] [Times: user=0.31 sys=0.00, real=0.05 secs] 
4160.338: [GC (Allocation Failure) [PSYoungGen: 466672K->102176K(509440K)] 1008880K->777187K(1907712K), 0.1598232 secs] [Times: user=0.94 sys=0.01, real=0.16 secs] 
4161.738: [GC (Allocation Failure) [PSYoungGen: 419563K->149344K(508416K)] 1094574K->922280K(1906688K), 0.0506805 secs] [Times: user=0.30 sys=0.00, real=0.05 secs] 
4164.779: [GC (Allocation Failure) [PSYoungGen: 474464K->107136K(512000K)] 1247400K->1020568K(1910272K), 0.1699882 secs] [Times: user=1.02 sys=0.00, real=0.17 secs] 
4166.173: [GC (Allocation Failure) [PSYoungGen: 432256K->171040K(493056K)] 1345688K->1187577K(1891328K), 0.0536693 secs] [Times: user=0.32 sys=0.00, real=0.06 secs] 
4168.400: [GC (Allocation Failure) [PSYoungGen: 478874K->94000K(503808K)] 1495411K->1264601K(1902080K), 0.1608497 secs] [Times: user=0.95 sys=0.00, real=0.16 secs] 
4169.258: [GC (Allocation Failure) [PSYoungGen: 391272K->138528K(498688K)] 1561873K->1399698K(1896960K), 0.0506884 secs] [Times: user=0.30 sys=0.00, real=0.05 secs] 
4169.309: [Full GC (Ergonomics) [PSYoungGen: 138528K->0K(498688K)] [ParOldGen: 1261169K->197669K(1398272K)] 1399698K->197669K(1896960K), [Metaspace: 60455K->60455K(1105920K)], 0.4758025 secs] [Times: user=2.21 sys=0.00, real=0.47 secs] 
4172.797: [GC (Allocation Failure) [PSYoungGen: 308736K->99584K(501248K)] 506405K->297253K(1899520K), 0.0918152 secs] [Times: user=0.55 sys=0.00, real=0.09 secs] 
4174.156: [GC (Allocation Failure) [PSYoungGen: 408320K->146128K(505856K)] 605989K->439279K(1904128K), 0.0486004 secs] [Times: user=0.28 sys=0.00, real=0.05 secs] 
4176.582: [GC (Allocation Failure) [PSYoungGen: 461008K->102352K(417280K)] 754159K->533003K(1815552K), 0.1680114 secs] [Times: user=1.00 sys=0.00, real=0.17 secs] 
4178.724: [GC (Allocation Failure) [PSYoungGen: 417232K->145920K(504320K)] 847883K->675191K(1902592K), 0.0506198 secs] [Times: user=0.30 sys=0.01, real=0.05 secs] 
4181.076: [GC (Allocation Failure) [PSYoungGen: 460288K->104864K(505856K)] 989559K->770711K(1904128K), 0.1202022 secs] [Times: user=0.72 sys=0.00, real=0.13 secs] 
4182.227: [GC (Allocation Failure) [PSYoungGen: 419232K->147888K(503296K)] 1085079K->915153K(1901568K), 0.0519425 secs] [Times: user=0.31 sys=0.00, real=0.05 secs] 
4185.549: [GC (Allocation Failure) [PSYoungGen: 462768K->104832K(505856K)] 1230033K->1011152K(1904128K), 0.1063872 secs] [Times: user=0.53 sys=0.00, real=0.10 secs] 
4189.193: [GC (Allocation Failure) [PSYoungGen: 419712K->154720K(500736K)] 1326032K->1162005K(1899008K), 0.0531590 secs] [Times: user=0.32 sys=0.00, real=0.06 secs] 
4192.042: [GC (Allocation Failure) [PSYoungGen: 467552K->101888K(505856K)] 1474837K->1246781K(1904128K), 0.0838052 secs] [Times: user=0.50 sys=0.00, real=0.08 secs] 
4193.011: [GC (Allocation Failure) [PSYoungGen: 414720K->149152K(503808K)] 1559613K->1392774K(1902080K), 0.0528682 secs] [Times: user=0.31 sys=0.00, real=0.05 secs] 
4193.064: [Full GC (Ergonomics) [PSYoungGen: 149152K->0K(503808K)] [ParOldGen: 1243622K->191706K(1398272K)] 1392774K->191706K(1902080K), [Metaspace: 60462K->60462K(1105920K)], 0.4597471 secs] [Times: user=2.14 sys=0.00, real=0.46 secs] 
4196.250: [GC (Allocation Failure) [PSYoungGen: 312832K->99856K(505856K)] 504538K->291562K(1904128K), 0.0959037 secs] [Times: user=0.57 sys=0.00, real=0.10 secs] 
4197.735: [GC (Allocation Failure) [PSYoungGen: 412688K->156640K(497152K)] 604394K->444191K(1895424K), 0.0499697 secs] [Times: user=0.29 sys=0.00, real=0.05 secs] 
4199.923: [GC (Allocation Failure) [PSYoungGen: 462304K->99872K(502272K)] 749855K->526827K(1900544K), 0.1469344 secs] [Times: user=0.88 sys=0.00, real=0.15 secs] 
4203.049: [GC (Allocation Failure) [PSYoungGen: 405536K->141888K(498176K)] 832491K->664872K(1896448K), 0.0498537 secs] [Times: user=0.29 sys=0.00, real=0.05 secs] 
4205.524: [GC (Allocation Failure) [PSYoungGen: 449600K->100384K(501248K)] 972584K->756012K(1899520K), 0.0807091 secs] [Times: user=0.48 sys=0.01, real=0.08 secs] 
4208.170: [GC (Allocation Failure) [PSYoungGen: 408096K->141088K(503296K)] 1063724K->894853K(1901568K), 0.0512734 secs] [Times: user=0.31 sys=0.00, real=0.05 secs] 
4210.228: [GC (Allocation Failure) [PSYoungGen: 454944K->106512K(504832K)] 1208709K->992158K(1903104K), 0.0651371 secs] [Times: user=0.39 sys=0.00, real=0.06 secs] 
4212.451: [GC (Allocation Failure) [PSYoungGen: 420368K->144912K(504832K)] 1306014K->1134915K(1903104K), 0.0542989 secs] [Times: user=0.32 sys=0.00, real=0.05 secs] 
4214.098: [GC (Allocation Failure) [PSYoungGen: 461840K->106768K(506368K)] 1451843K->1232703K(1904640K), 0.0655200 secs] [Times: user=0.39 sys=0.00, real=0.06 secs] 
4217.563: [GC (Allocation Failure) [PSYoungGen: 423696K->144768K(506368K)] 1549631K->1374323K(1904640K), 0.0538637 secs] [Times: user=0.32 sys=0.00, real=0.06 secs] 
4217.617: [Full GC (Ergonomics) [PSYoungGen: 144768K->0K(506368K)] [ParOldGen: 1229555K->173309K(1398272K)] 1374323K->173309K(1904640K), [Metaspace: 60479K->60479K(1105920K)], 0.3964043 secs] [Times: user=1.81 sys=0.00, real=0.39 secs] 
4220.492: [GC (Allocation Failure) [PSYoungGen: 320000K->107280K(507904K)] 493309K->280590K(1906176K), 0.0354909 secs] [Times: user=0.20 sys=0.00, real=0.04 secs] 
4222.852: [GC (Allocation Failure) [PSYoungGen: 427280K->146160K(507392K)] 600590K->424236K(1905664K), 0.0540854 secs] [Times: user=0.32 sys=0.00, real=0.05 secs] 
4227.155: [GC (Allocation Failure) [PSYoungGen: 468720K->106912K(509440K)] 746796K->521643K(1907712K), 0.0649241 secs] [Times: user=0.39 sys=0.00, real=0.07 secs] 
4228.489: [GC (Allocation Failure) [PSYoungGen: 429472K->147520K(508928K)] 844203K->667552K(1907200K), 0.0620293 secs] [Times: user=0.36 sys=0.00, real=0.06 secs] 
4231.677: [GC (Allocation Failure) [PSYoungGen: 472128K->106704K(511488K)] 992160K->765393K(1909760K), 0.0836858 secs] [Times: user=0.50 sys=0.00, real=0.08 secs] 
4234.617: [GC (Allocation Failure) [PSYoungGen: 431312K->150240K(507392K)] 1090001K->912805K(1905664K), 0.0534952 secs] [Times: user=0.32 sys=0.00, real=0.05 secs] 
4237.091: [GC (Allocation Failure) [PSYoungGen: 473312K->109312K(510976K)] 1235877K->1013133K(1909248K), 0.1746704 secs] [Times: user=0.92 sys=0.00, real=0.17 secs] 
4239.773: [GC (Allocation Failure) [PSYoungGen: 432384K->149888K(507904K)] 1336205K->1159314K(1906176K), 0.0538322 secs] [Times: user=0.31 sys=0.00, real=0.06 secs] 
4242.913: [GC (Allocation Failure) [PSYoungGen: 472960K->106000K(510976K)] 1482386K->1256582K(1909248K), 0.1770431 secs] [Times: user=1.04 sys=0.00, real=0.18 secs] 
4244.103: [GC (Allocation Failure) [PSYoungGen: 420654K->146976K(509952K)] 1571236K->1399450K(1908224K), 0.0514771 secs] [Times: user=0.30 sys=0.00, real=0.05 secs] 
4244.154: [Full GC (Ergonomics) [PSYoungGen: 146976K->0K(509952K)] [ParOldGen: 1252474K->197056K(1398272K)] 1399450K->197056K(1908224K), [Metaspace: 60481K->60481K(1105920K)], 0.4660665 secs] [Times: user=2.17 sys=0.00, real=0.47 secs] 
4248.058: [GC (Allocation Failure) [PSYoungGen: 324096K->102912K(511488K)] 521152K->299968K(1909760K), 0.0926076 secs] [Times: user=0.55 sys=0.00, real=0.09 secs] 
4249.894: [GC (Allocation Failure) [PSYoungGen: 427008K->149536K(506880K)] 624064K->445301K(1905152K), 0.0501918 secs] [Times: user=0.29 sys=0.00, real=0.05 secs] 
4252.946: [GC (Allocation Failure) [PSYoungGen: 470560K->109984K(509952K)] 766325K->545677K(1908224K), 0.1811634 secs] [Times: user=1.07 sys=0.01, real=0.18 secs] 
4254.042: [GC (Allocation Failure) [PSYoungGen: 431008K->151456K(506880K)] 866701K->693166K(1905152K), 0.0542549 secs] [Times: user=0.32 sys=0.00, real=0.06 secs] 
4257.575: [GC (Allocation Failure) [PSYoungGen: 472480K->98016K(509952K)] 1014190K->790046K(1908224K), 0.1640054 secs] [Times: user=0.98 sys=0.00, real=0.17 secs] 
4258.268: [GC (Allocation Failure) [PSYoungGen: 419040K->156128K(500224K)] 1111070K->939894K(1898496K), 0.0561241 secs] [Times: user=0.34 sys=0.00, real=0.05 secs] 
4262.348: [GC (Allocation Failure) [PSYoungGen: 467936K->89792K(505344K)] 1251702K->1029182K(1903616K), 0.1794256 secs] [Times: user=1.06 sys=0.00, real=0.18 secs] 
4263.446: [GC (Allocation Failure) [PSYoungGen: 401600K->150016K(500224K)] 1340990K->1173255K(1898496K), 0.0528795 secs] [Times: user=0.32 sys=0.00, real=0.05 secs] 
4267.579: [GC (Allocation Failure) [PSYoungGen: 456704K->87648K(502784K)] 1479943K->1260295K(1901056K), 0.1569846 secs] [Times: user=0.94 sys=0.00, real=0.16 secs] 
4268.690: [GC (Allocation Failure) [PSYoungGen: 393437K->142512K(501760K)] 1566085K->1398849K(1900032K), 0.0491085 secs] [Times: user=0.29 sys=0.00, real=0.05 secs] 
4268.739: [Full GC (Ergonomics) [PSYoungGen: 142512K->0K(501760K)] [ParOldGen: 1256336K->197632K(1398272K)] 1398849K->197632K(1900032K), [Metaspace: 60482K->60482K(1105920K)], 0.4742864 secs] [Times: user=2.20 sys=0.00, real=0.47 secs] 
4271.192: [GC (Allocation Failure) [PSYoungGen: 306688K->100160K(407040K)] 504320K->297792K(1805312K), 0.0932754 secs] [Times: user=0.55 sys=0.00, real=0.09 secs] 
4272.751: [GC (Allocation Failure) [PSYoungGen: 406848K->144864K(500224K)] 604480K->438849K(1898496K), 0.0488147 secs] [Times: user=0.28 sys=0.00, real=0.05 secs] 
4275.160: [GC (Allocation Failure) [PSYoungGen: 452064K->100256K(501248K)] 746049K->530053K(1899520K), 0.1712350 secs] [Times: user=1.00 sys=0.01, real=0.17 secs] 
4277.072: [GC (Allocation Failure) [PSYoungGen: 407456K->143424K(502272K)] 837253K->669990K(1900544K), 0.0505967 secs] [Times: user=0.29 sys=0.00, real=0.05 secs] 
4278.570: [GC (Allocation Failure) [PSYoungGen: 454208K->105408K(503296K)] 980774K->766078K(1901568K), 0.0675235 secs] [Times: user=0.36 sys=0.00, real=0.07 secs] 
4280.424: [GC (Allocation Failure) [PSYoungGen: 416192K->142992K(502784K)] 1076862K->905244K(1901056K), 0.0530433 secs] [Times: user=0.31 sys=0.00, real=0.06 secs] 
4282.932: [GC (Allocation Failure) [PSYoungGen: 456726K->107056K(503808K)] 1218977K->1002500K(1902080K), 0.0653730 secs] [Times: user=0.38 sys=0.00, real=0.07 secs] 
4285.625: [GC (Allocation Failure) [PSYoungGen: 420912K->142016K(505856K)] 1316356K->1142152K(1904128K), 0.0531681 secs] [Times: user=0.31 sys=0.00, real=0.06 secs] 
4287.315: [GC (Allocation Failure) [PSYoungGen: 461504K->109776K(506368K)] 1461640K->1242517K(1904640K), 0.0657424 secs] [Times: user=0.39 sys=0.00, real=0.07 secs] 
4291.094: [GC (Allocation Failure) [PSYoungGen: 429264K->145664K(506368K)] 1562005K->1384361K(1904640K), 0.0545540 secs] [Times: user=0.33 sys=0.00, real=0.06 secs] 
4291.149: [Full GC (Ergonomics) [PSYoungGen: 145664K->0K(506368K)] [ParOldGen: 1238697K->182539K(1398272K)] 1384361K->182539K(1904640K), [Metaspace: 60484K->60484K(1105920K)], 0.4311345 secs] [Times: user=2.00 sys=0.00, real=0.43 secs] 
4292.969: [GC (Allocation Failure) [PSYoungGen: 323072K->107728K(508928K)] 505611K->290268K(1907200K), 0.0500761 secs] [Times: user=0.30 sys=0.00, real=0.05 secs] 
4294.951: [GC (Allocation Failure) [PSYoungGen: 430800K->160672K(500736K)] 613340K->447433K(1899008K), 0.0535943 secs] [Times: user=0.32 sys=0.00, real=0.05 secs] 
4298.797: [GC (Allocation Failure) [PSYoungGen: 478624K->102800K(508416K)] 765385K->533070K(1906688K), 0.1748304 secs] [Times: user=1.05 sys=0.00, real=0.17 secs] 
4301.347: [GC (Allocation Failure) [PSYoungGen: 420752K->148896K(505344K)] 851022K->677978K(1903616K), 0.0509667 secs] [Times: user=0.30 sys=0.00, real=0.05 secs] 
4303.622: [GC (Allocation Failure) [PSYoungGen: 465824K->104848K(507904K)] 994906K->774002K(1906176K), 0.1603291 secs] [Times: user=0.95 sys=0.00, real=0.16 secs] 
4305.361: [GC (Allocation Failure) [PSYoungGen: 421776K->147200K(505856K)] 1090930K->917690K(1904128K), 0.0568683 secs] [Times: user=0.34 sys=0.00, real=0.06 secs] 
4308.359: [GC (Allocation Failure) [PSYoungGen: 464640K->103072K(507904K)] 1235130K->1012179K(1906176K), 0.1718631 secs] [Times: user=1.02 sys=0.01, real=0.17 secs] 
4310.821: [GC (Allocation Failure) [PSYoungGen: 420512K->145968K(507392K)] 1329619K->1154432K(1905664K), 0.0506596 secs] [Times: user=0.30 sys=0.00, real=0.05 secs] 
4313.437: [GC (Allocation Failure) [PSYoungGen: 464944K->102816K(508416K)] 1473408K->1248015K(1906688K), 0.1597505 secs] [Times: user=0.95 sys=0.00, real=0.16 secs] 
4315.411: [GC (Allocation Failure) [PSYoungGen: 421772K->151648K(503296K)] 1566972K->1395228K(1901568K), 0.0524976 secs] [Times: user=0.31 sys=0.00, real=0.05 secs] 
4315.464: [Full GC (Ergonomics) [PSYoungGen: 151648K->0K(503296K)] [ParOldGen: 1243580K->193388K(1398272K)] 1395228K->193388K(1901568K), [Metaspace: 60484K->60484K(1105920K)], 0.4603876 secs] [Times: user=2.14 sys=0.00, real=0.46 secs] 
4318.940: [GC (Allocation Failure) [PSYoungGen: 315904K->102272K(507392K)] 509292K->295660K(1905664K), 0.0923030 secs] [Times: user=0.55 sys=0.00, real=0.09 secs] 
4320.955: [GC (Allocation Failure) [PSYoungGen: 418176K->150176K(503808K)] 611564K->441401K(1902080K), 0.0500654 secs] [Times: user=0.29 sys=0.00, real=0.05 secs] 
4324.447: [GC (GCLocker Initiated GC) [PSYoungGen: 465056K->100384K(506880K)] 756282K->533138K(1905152K), 0.1685893 secs] [Times: user=1.00 sys=0.00, real=0.16 secs] 
4325.956: [GC (Allocation Failure) [PSYoungGen: 415264K->157120K(498176K)] 848021K->686586K(1896448K), 0.0507445 secs] [Times: user=0.30 sys=0.00, real=0.05 secs] 
4328.313: [GC (Allocation Failure) [PSYoungGen: 464832K->99008K(503296K)] 994298K->768462K(1901568K), 0.1644845 secs] [Times: user=0.95 sys=0.03, real=0.17 secs] 
4330.894: [GC (Allocation Failure) [PSYoungGen: 406720K->145280K(502784K)] 1076174K->909483K(1901056K), 0.0499423 secs] [Times: user=0.29 sys=0.01, real=0.05 secs] 
4333.168: [GC (Allocation Failure) [PSYoungGen: 454528K->102592K(412160K)] 1218731K->1003179K(1810432K), 0.0654408 secs] [Times: user=0.39 sys=0.00, real=0.06 secs] 
4336.350: [GC (Allocation Failure) [PSYoungGen: 411840K->140624K(503808K)] 1312427K->1141048K(1902080K), 0.0516199 secs] [Times: user=0.30 sys=0.00, real=0.05 secs] 
4337.924: [GC (Allocation Failure) [PSYoungGen: 452432K->104288K(502784K)] 1452856K->1236111K(1901056K), 0.0625920 secs] [Times: user=0.37 sys=0.00, real=0.07 secs] 
4340.099: [GC (Allocation Failure) [PSYoungGen: 416096K->144032K(503296K)] 1547919K->1377612K(1901568K), 0.0530121 secs] [Times: user=0.31 sys=0.00, real=0.05 secs] 
4340.152: [Full GC (Ergonomics) [PSYoungGen: 144032K->0K(503296K)] [ParOldGen: 1233580K->175732K(1398272K)] 1377612K->175732K(1901568K), [Metaspace: 60484K->60484K(1105920K)], 0.4098660 secs] [Times: user=1.78 sys=0.00, real=0.41 secs] 
4342.046: [GC (Allocation Failure) [PSYoungGen: 314880K->105472K(504320K)] 490612K->281204K(1902592K), 0.0346206 secs] [Times: user=0.20 sys=0.00, real=0.04 secs] 
4344.990: [GC (GCLocker Initiated GC) [PSYoungGen: 420352K->144672K(505856K)] 596084K->423129K(1904128K), 0.0530365 secs] [Times: user=0.31 sys=0.00, real=0.05 secs] 
4347.105: [GC (Allocation Failure) [PSYoungGen: 464160K->107072K(507392K)] 742619K->520999K(1905664K), 0.0980689 secs] [Times: user=0.58 sys=0.00, real=0.10 secs] 
4349.605: [GC (Allocation Failure) [PSYoungGen: 426560K->147632K(506368K)] 840487K->666141K(1904640K), 0.0537785 secs] [Times: user=0.32 sys=0.00, real=0.06 secs] 
4351.754: [GC (Allocation Failure) [PSYoungGen: 469168K->108080K(509440K)] 987677K->765097K(1907712K), 0.1731629 secs] [Times: user=1.03 sys=0.01, real=0.18 secs] 
4353.783: [GC (Allocation Failure) [PSYoungGen: 429616K->150304K(506880K)] 1086633K->911357K(1905152K), 0.0537683 secs] [Times: user=0.32 sys=0.00, real=0.06 secs] 
4356.353: [GC (Allocation Failure) [PSYoungGen: 472352K->109840K(510464K)] 1233405K->1012062K(1908736K), 0.1773695 secs] [Times: user=1.05 sys=0.01, real=0.18 secs] 
4359.332: [GC (Allocation Failure) [PSYoungGen: 431888K->148000K(508928K)] 1334110K->1156306K(1907200K), 0.0534469 secs] [Times: user=0.32 sys=0.00, real=0.05 secs] 
4361.831: [GC (Allocation Failure) [PSYoungGen: 471584K->104704K(510976K)] 1479890K->1252042K(1909248K), 0.1535573 secs] [Times: user=0.92 sys=0.00, real=0.15 secs] 
4363.409: [GC (Allocation Failure) [PSYoungGen: 422652K->149728K(507392K)] 1569990K->1397375K(1905664K), 0.0515950 secs] [Times: user=0.31 sys=0.00, real=0.05 secs] 
4363.460: [Full GC (Ergonomics) [PSYoungGen: 149728K->0K(507392K)] [ParOldGen: 1247647K->196976K(1398272K)] 1397375K->196976K(1905664K), [Metaspace: 60484K->60484K(1105920K)], 0.4806673 secs] [Times: user=2.24 sys=0.00, real=0.48 secs] 
4366.414: [GC (Allocation Failure) [PSYoungGen: 322048K->106304K(510464K)] 519024K->303280K(1908736K), 0.0945461 secs] [Times: user=0.56 sys=0.00, real=0.10 secs] 
4367.633: [GC (Allocation Failure) [PSYoungGen: 418080K->144832K(510464K)] 615057K->444269K(1908736K), 0.0502607 secs] [Times: user=0.30 sys=0.00, real=0.05 secs] 
4371.055: [GC (Allocation Failure) [PSYoungGen: 468928K->106432K(430592K)] 768365K->541661K(1828864K), 0.1694777 secs] [Times: user=0.91 sys=0.00, real=0.17 secs] 
4372.439: [GC (Allocation Failure) [PSYoungGen: 419005K->145008K(508416K)] 854235K->682457K(1906688K), 0.0502661 secs] [Times: user=0.29 sys=0.01, real=0.05 secs] 
4375.710: [GC (Allocation Failure) [PSYoungGen: 468592K->106704K(509952K)] 1006041K->780177K(1908224K), 0.1627185 secs] [Times: user=0.97 sys=0.00, real=0.16 secs] 
4376.326: [GC (Allocation Failure) [PSYoungGen: 416521K->144592K(509952K)] 1089994K->920554K(1908224K), 0.0506428 secs] [Times: user=0.30 sys=0.00, real=0.05 secs] 
4380.154: [GC (Allocation Failure) [PSYoungGen: 470736K->105792K(511488K)] 1246698K->1017505K(1909760K), 0.1721278 secs] [Times: user=1.02 sys=0.00, real=0.18 secs] 
4382.280: [GC (Allocation Failure) [PSYoungGen: 431936K->155392K(504832K)] 1343649K->1168078K(1903104K), 0.0520612 secs] [Times: user=0.31 sys=0.00, real=0.05 secs] 
4386.038: [GC (Allocation Failure) [PSYoungGen: 477440K->95664K(510464K)] 1490126K->1263207K(1908736K), 0.1742271 secs] [Times: user=1.03 sys=0.01, real=0.17 secs] 
4386.834: [GC (Allocation Failure) [PSYoungGen: 417712K->153536K(501760K)] 1585255K->1412327K(1900032K), 0.0555278 secs] [Times: user=0.33 sys=0.00, real=0.06 secs] 
4386.889: [Full GC (Ergonomics) [PSYoungGen: 153536K->0K(501760K)] [ParOldGen: 1258791K->212008K(1398272K)] 1412327K->212008K(1900032K), [Metaspace: 60484K->60484K(1105920K)], 0.4917180 secs] [Times: user=2.29 sys=0.00, real=0.49 secs] 
4391.193: [GC (Allocation Failure) [PSYoungGen: 313856K->95808K(506368K)] 525864K->307816K(1904640K), 0.1629670 secs] [Times: user=0.97 sys=0.00, real=0.17 secs] 
4391.860: [GC (Allocation Failure) [PSYoungGen: 409664K->152832K(500224K)] 621672K->450434K(1898496K), 0.0532271 secs] [Times: user=0.31 sys=0.00, real=0.05 secs] 
4395.853: [GC (Allocation Failure) [PSYoungGen: 461568K->89552K(503808K)] 759170K->539691K(1902080K), 0.1631667 secs] [Times: user=0.97 sys=0.00, real=0.17 secs] 
4397.074: [GC (Allocation Failure) [PSYoungGen: 388061K->138368K(500224K)] 838200K->674283K(1898496K), 0.0500232 secs] [Times: user=0.29 sys=0.00, real=0.05 secs] 
4401.243: [GC (Allocation Failure) [PSYoungGen: 447616K->99712K(502272K)] 983531K->765227K(1900544K), 0.1647202 secs] [Times: user=0.98 sys=0.00, real=0.17 secs] 
4402.969: [GC (Allocation Failure) [PSYoungGen: 408960K->145760K(503296K)] 1074475K->906492K(1901568K), 0.0501349 secs] [Times: user=0.30 sys=0.00, real=0.05 secs] 
4405.231: [GC (Allocation Failure) [PSYoungGen: 458592K->99696K(505344K)] 1219324K->997164K(1903616K), 0.0674302 secs] [Times: user=0.40 sys=0.00, real=0.07 secs] 
4407.817: [GC (Allocation Failure) [PSYoungGen: 412528K->145984K(503808K)] 1309996K->1138888K(1902080K), 0.0508492 secs] [Times: user=0.30 sys=0.00, real=0.05 secs] 
4409.286: [GC (Allocation Failure) [PSYoungGen: 459840K->106784K(420864K)] 1452744K->1236272K(1819136K), 0.0810277 secs] [Times: user=0.48 sys=0.00, real=0.08 secs] 
4411.880: [GC (Allocation Failure) [PSYoungGen: 420640K->144256K(503808K)] 1550128K->1376869K(1902080K), 0.0537212 secs] [Times: user=0.32 sys=0.00, real=0.05 secs] 
4411.934: [Full GC (Ergonomics) [PSYoungGen: 144256K->0K(503808K)] [ParOldGen: 1232613K->184096K(1398272K)] 1376869K->184096K(1902080K), [Metaspace: 60484K->60484K(1105920K)], 0.4447167 secs] [Times: user=1.98 sys=0.00, real=0.45 secs] 
4414.373: [GC (Allocation Failure) [PSYoungGen: 315392K->105920K(505344K)] 499488K->290016K(1903616K), 0.0506181 secs] [Times: user=0.30 sys=0.00, real=0.05 secs] 
4417.750: [GC (Allocation Failure) [PSYoungGen: 421312K->146160K(504320K)] 605408K->432246K(1902592K), 0.0524588 secs] [Times: user=0.31 sys=0.00, real=0.05 secs] 
4419.475: [GC (Allocation Failure) [PSYoungGen: 464112K->107360K(506880K)] 750198K->530365K(1905152K), 0.1024238 secs] [Times: user=0.61 sys=0.00, real=0.11 secs] 
4421.903: [GC (Allocation Failure) [PSYoungGen: 425312K->147424K(505856K)] 848317K->674002K(1904128K), 0.0523684 secs] [Times: user=0.31 sys=0.00, real=0.05 secs] 
4424.671: [GC (Allocation Failure) [PSYoungGen: 467936K->106992K(508928K)] 994514K->771819K(1907200K), 0.1659849 secs] [Times: user=0.99 sys=0.00, real=0.17 secs] 
4427.143: [GC (Allocation Failure) [PSYoungGen: 427504K->149216K(507392K)] 1092331K->916739K(1905664K), 0.0527212 secs] [Times: user=0.32 sys=0.00, real=0.05 secs] 
4430.109: [GC (Allocation Failure) [PSYoungGen: 471264K->103808K(510464K)] 1238787K->1011523K(1908736K), 0.1682791 secs] [Times: user=1.00 sys=0.01, real=0.17 secs] 
4431.856: [GC (Allocation Failure) [PSYoungGen: 425856K->159488K(499200K)] 1333571K->1166988K(1897472K), 0.0530203 secs] [Times: user=0.32 sys=0.00, real=0.05 secs] 
4435.208: [GC (GCLocker Initiated GC) [PSYoungGen: 472320K->104544K(505856K)] 1479821K->1254157K(1904128K), 0.1697283 secs] [Times: user=1.01 sys=0.00, real=0.17 secs] 
4437.825: [GC (Allocation Failure) [PSYoungGen: 417376K->152512K(501248K)] 1567043K->1403002K(1899520K), 0.0520826 secs] [Times: user=0.31 sys=0.00, real=0.06 secs] 
4437.877: [Full GC (Ergonomics) [PSYoungGen: 152512K->0K(501248K)] [ParOldGen: 1250490K->193471K(1398272K)] 1403002K->193471K(1899520K), [Metaspace: 60484K->60484K(1105920K)], 0.4569991 secs] [Times: user=2.12 sys=0.00, real=0.45 secs] 
4440.045: [GC (Allocation Failure) [PSYoungGen: 310784K->99200K(504832K)] 504255K->292671K(1903104K), 0.0765372 secs] [Times: user=0.44 sys=0.00, real=0.08 secs] 
4442.716: [GC (Allocation Failure) [PSYoungGen: 409984K->153248K(499200K)] 603455K->441415K(1897472K), 0.0488909 secs] [Times: user=0.29 sys=0.01, real=0.05 secs] 
4444.356: [GC (Allocation Failure) [PSYoungGen: 459936K->103712K(502784K)] 748103K->527455K(1901056K), 0.0629615 secs] [Times: user=0.37 sys=0.00, real=0.06 secs] 
4447.365: [GC (Allocation Failure) [PSYoungGen: 410400K->139536K(498688K)] 834143K->663365K(1896960K), 0.0509295 secs] [Times: user=0.30 sys=0.00, real=0.06 secs] 
4449.208: [GC (Allocation Failure) [PSYoungGen: 448784K->102208K(501248K)] 972613K->756540K(1899520K), 0.0735975 secs] [Times: user=0.44 sys=0.00, real=0.07 secs] 
4451.723: [GC (Allocation Failure) [PSYoungGen: 411456K->142576K(506368K)] 1065788K->896670K(1904640K), 0.0521937 secs] [Times: user=0.31 sys=0.00, real=0.05 secs] 
4453.332: [GC (Allocation Failure) [PSYoungGen: 459504K->109376K(426496K)] 1213598K->997049K(1824768K), 0.1297332 secs] [Times: user=0.78 sys=0.00, real=0.13 secs] 
4456.651: [GC (Allocation Failure) [PSYoungGen: 426304K->150944K(502272K)] 1313977K->1145678K(1900544K), 0.0549618 secs] [Times: user=0.33 sys=0.00, real=0.06 secs] 
4457.855: [GC (Allocation Failure) [PSYoungGen: 466848K->109136K(505856K)] 1461582K->1237519K(1904128K), 0.0651385 secs] [Times: user=0.38 sys=0.00, real=0.07 secs] 
4460.825: [GC (Allocation Failure) [PSYoungGen: 425040K->143776K(508928K)] 1553423K->1378675K(1907200K), 0.0545239 secs] [Times: user=0.32 sys=0.00, real=0.06 secs] 
4460.880: [Full GC (Ergonomics) [PSYoungGen: 143776K->0K(508928K)] [ParOldGen: 1234899K->177878K(1398272K)] 1378675K->177878K(1907200K), [Metaspace: 60484K->60484K(1105920K)], 0.4227955 secs] [Times: user=1.97 sys=0.00, real=0.42 secs] 
4462.730: [GC (Allocation Failure) [PSYoungGen: 322048K->110113K(432640K)] 499926K->287991K(1830912K), 0.0384499 secs] [Times: user=0.22 sys=0.00, real=0.04 secs] 
4466.251: [GC (Allocation Failure) [PSYoungGen: 432161K->146064K(507392K)] 610039K->431468K(1905664K), 0.0540357 secs] [Times: user=0.32 sys=0.00, real=0.05 secs] 
4467.617: [GC (Allocation Failure) [PSYoungGen: 469136K->108896K(508928K)] 754540K->531132K(1907200K), 0.0913461 secs] [Times: user=0.54 sys=0.00, real=0.09 secs] 
4469.811: [GC (Allocation Failure) [PSYoungGen: 431968K->152000K(507392K)] 854204K->679508K(1905664K), 0.0534795 secs] [Times: user=0.32 sys=0.01, real=0.05 secs] 
4473.272: [GC (Allocation Failure) [PSYoungGen: 476096K->107232K(511488K)] 1003604K->777704K(1909760K), 0.1656176 secs] [Times: user=0.98 sys=0.01, real=0.17 secs] 
4476.036: [GC (Allocation Failure) [PSYoungGen: 429582K->149296K(508416K)] 1100055K->922678K(1906688K), 0.0525833 secs] [Times: user=0.31 sys=0.00, real=0.06 secs] 
4478.539: [GC (Allocation Failure) [PSYoungGen: 472368K->108192K(510976K)] 1245750K->1021725K(1909248K), 0.1730208 secs] [Times: user=1.03 sys=0.00, real=0.17 secs] 
4479.756: [GC (Allocation Failure) [PSYoungGen: 431264K->153536K(505344K)] 1344797K->1171338K(1903616K), 0.0528947 secs] [Times: user=0.31 sys=0.00, real=0.05 secs] 
4482.454: [GC (Allocation Failure) [PSYoungGen: 473536K->96704K(509440K)] 1491338K->1267658K(1907712K), 0.1647312 secs] [Times: user=0.98 sys=0.00, real=0.17 secs] 
4483.328: [GC (Allocation Failure) [PSYoungGen: 416704K->153808K(501760K)] 1587658K->1415404K(1900032K), 0.0571880 secs] [Times: user=0.34 sys=0.00, real=0.05 secs] 
4483.385: [Full GC (Ergonomics) [PSYoungGen: 153808K->0K(501760K)] [ParOldGen: 1261595K->213327K(1398272K)] 1415404K->213327K(1900032K), [Metaspace: 60484K->60484K(1105920K)], 0.5066187 secs] [Times: user=2.35 sys=0.00, real=0.51 secs] 
4488.190: [GC (Allocation Failure) [PSYoungGen: 312832K->98896K(505856K)] 526159K->312224K(1904128K), 0.1621699 secs] [Times: user=0.96 sys=0.00, real=0.16 secs] 
4489.205: [GC (Allocation Failure) [PSYoungGen: 411728K->151632K(501248K)] 625056K->449625K(1899520K), 0.0530308 secs] [Times: user=0.31 sys=0.00, real=0.06 secs] 
4493.094: [GC (Allocation Failure) [PSYoungGen: 461392K->90512K(504320K)] 759385K->539825K(1902592K), 0.1625600 secs] [Times: user=0.97 sys=0.01, real=0.17 secs] 
4494.588: [GC (Allocation Failure) [PSYoungGen: 387712K->138816K(501248K)] 837024K->674309K(1899520K), 0.0493087 secs] [Times: user=0.29 sys=0.00, real=0.05 secs] 
4497.339: [GC (Allocation Failure) [PSYoungGen: 448576K->100672K(502784K)] 984069K->766405K(1901056K), 0.1673046 secs] [Times: user=1.00 sys=0.00, real=0.17 secs] 
4498.840: [GC (Allocation Failure) [PSYoungGen: 410432K->145088K(503296K)] 1076165K->907538K(1901568K), 0.0496928 secs] [Times: user=0.30 sys=0.00, real=0.05 secs] 
4502.108: [GC (Allocation Failure) [PSYoungGen: 457920K->101440K(504832K)] 1220370K->999994K(1903104K), 0.1768471 secs] [Times: user=1.06 sys=0.00, real=0.17 secs] 
4504.012: [GC (Allocation Failure) [PSYoungGen: 414272K->147936K(503296K)] 1312826K->1143979K(1901568K), 0.0598276 secs] [Times: user=0.36 sys=0.00, real=0.06 secs] 
4506.975: [GC (Allocation Failure) [PSYoungGen: 461792K->102896K(505856K)] 1457835K->1238531K(1904128K), 0.1175343 secs] [Times: user=0.70 sys=0.00, real=0.12 secs] 
4509.177: [GC (Allocation Failure) [PSYoungGen: 416752K->145952K(504320K)] 1552387K->1380976K(1902592K), 0.0515997 secs] [Times: user=0.31 sys=0.00, real=0.05 secs] 
4509.229: [Full GC (Ergonomics) [PSYoungGen: 145952K->0K(504320K)] [ParOldGen: 1235024K->188662K(1398272K)] 1380976K->188662K(1902592K), [Metaspace: 60491K->60491K(1105920K)], 0.4582822 secs] [Times: user=2.15 sys=0.00, real=0.46 secs] 
4511.441: [GC (Allocation Failure) [PSYoungGen: 315392K->104688K(506368K)] 504054K->293351K(1904640K), 0.0686344 secs] [Times: user=0.41 sys=0.00, real=0.07 secs] 
4513.905: [GC (Allocation Failure) [PSYoungGen: 420080K->149168K(503808K)] 608743K->437920K(1902080K), 0.0511526 secs] [Times: user=0.31 sys=0.00, real=0.06 secs] 
4515.808: [GC (Allocation Failure) [PSYoungGen: 465072K->102400K(506880K)] 753824K->531256K(1905152K), 0.1257488 secs] [Times: user=0.74 sys=0.00, real=0.12 secs] 
4518.413: [GC (Allocation Failure) [PSYoungGen: 418304K->147072K(505344K)] 847160K->673909K(1903616K), 0.0511981 secs] [Times: user=0.30 sys=0.00, real=0.05 secs] 
4519.707: [GC (Allocation Failure) [PSYoungGen: 464000K->106256K(423424K)] 990837K->771325K(1821696K), 0.0679837 secs] [Times: user=0.40 sys=0.01, real=0.06 secs] 
4522.381: [GC (Allocation Failure) [PSYoungGen: 423184K->146624K(505344K)] 1088253K->913757K(1903616K), 0.0522038 secs] [Times: user=0.30 sys=0.00, real=0.05 secs] 
4524.964: [GC (Allocation Failure) [PSYoungGen: 464064K->104624K(507392K)] 1231197K->1009374K(1905664K), 0.1689317 secs] [Times: user=1.00 sys=0.01, real=0.17 secs] 
4526.713: [GC (Allocation Failure) [PSYoungGen: 422064K->148032K(505344K)] 1326814K->1153446K(1903616K), 0.0520884 secs] [Times: user=0.31 sys=0.00, real=0.05 secs] 
4530.777: [GC (Allocation Failure) [PSYoungGen: 466496K->103840K(507904K)] 1471910K->1248038K(1906176K), 0.1609726 secs] [Times: user=0.96 sys=0.00, real=0.16 secs] 
4533.046: [GC (Allocation Failure) [PSYoungGen: 422304K->150816K(504320K)] 1566502K->1394195K(1902592K), 0.0527010 secs] [Times: user=0.31 sys=0.00, real=0.05 secs] 
4533.099: [Full GC (Ergonomics) [PSYoungGen: 150816K->0K(504320K)] [ParOldGen: 1243379K->193325K(1398272K)] 1394195K->193325K(1902592K), [Metaspace: 60494K->60494K(1105920K)], 0.4672549 secs] [Times: user=2.18 sys=0.00, real=0.47 secs] 
4535.886: [GC (Allocation Failure) [PSYoungGen: 316928K->103265K(507904K)] 510253K->296591K(1906176K), 0.0983166 secs] [Times: user=0.58 sys=0.00, real=0.10 secs] 
4538.574: [GC (Allocation Failure) [PSYoungGen: 420193K->147168K(506368K)] 613519K->439491K(1904640K), 0.0501546 secs] [Times: user=0.30 sys=0.00, real=0.05 secs] 
4540.959: [GC (Allocation Failure) [PSYoungGen: 465120K->104976K(423424K)] 757443K->535091K(1821696K), 0.1720725 secs] [Times: user=1.03 sys=0.00, real=0.17 secs] 
4542.641: [GC (Allocation Failure) [PSYoungGen: 422928K->158960K(498688K)] 853043K->690040K(1896960K), 0.0515170 secs] [Times: user=0.30 sys=0.00, real=0.05 secs] 
4545.034: [GC (GCLocker Initiated GC) [PSYoungGen: 469744K->99312K(504832K)] 1000824K->772348K(1903104K), 0.1762020 secs] [Times: user=1.04 sys=0.01, real=0.18 secs] 
4547.498: [GC (Allocation Failure) [PSYoungGen: 410096K->141984K(502272K)] 1083134K->910650K(1900544K), 0.0495983 secs] [Times: user=0.29 sys=0.00, real=0.05 secs] 
4549.282: [GC (Allocation Failure) [PSYoungGen: 454304K->105056K(504320K)] 1222970K->1006310K(1902592K), 0.1029839 secs] [Times: user=0.62 sys=0.00, real=0.10 secs] 
4552.420: [GC (Allocation Failure) [PSYoungGen: 417376K->143232K(506368K)] 1318630K->1146203K(1904640K), 0.0522105 secs] [Times: user=0.31 sys=0.00, real=0.05 secs] 
4554.335: [GC (Allocation Failure) [PSYoungGen: 460160K->106288K(506368K)] 1463131K->1243436K(1904640K), 0.1732507 secs] [Times: user=1.03 sys=0.00, real=0.18 secs] 
4556.177: [GC (Allocation Failure) [PSYoungGen: 423216K->148368K(504320K)] 1560364K->1388073K(1902592K), 0.0528655 secs] [Times: user=0.31 sys=0.00, real=0.05 secs] 
4556.230: [Full GC (Ergonomics) [PSYoungGen: 148368K->0K(504320K)] [ParOldGen: 1239704K->188290K(1398272K)] 1388073K->188290K(1902592K), [Metaspace: 60494K->60494K(1105920K)], 0.4436869 secs] [Times: user=2.06 sys=0.00, real=0.44 secs] 
4558.552: [GC (Allocation Failure) [PSYoungGen: 317440K->105376K(506880K)] 505730K->293666K(1905152K), 0.0967803 secs] [Times: user=0.57 sys=0.00, real=0.10 secs] 
4561.472: [GC (Allocation Failure) [PSYoungGen: 422816K->148848K(506880K)] 611106K->438252K(1905152K), 0.0519014 secs] [Times: user=0.31 sys=0.00, real=0.05 secs] 
4563.698: [GC (Allocation Failure) [PSYoungGen: 468848K->105856K(509440K)] 758252K->535359K(1907712K), 0.1598732 secs] [Times: user=0.95 sys=0.00, real=0.16 secs] 
4565.697: [GC (Allocation Failure) [PSYoungGen: 425856K->150656K(504832K)] 855359K->682052K(1903104K), 0.0520184 secs] [Times: user=0.31 sys=0.00, real=0.05 secs] 
4568.383: [GC (Allocation Failure) [PSYoungGen: 468608K->104128K(508416K)] 1000004K->777332K(1906688K), 0.1605379 secs] [Times: user=0.95 sys=0.01, real=0.16 secs] 
4570.252: [GC (Allocation Failure) [PSYoungGen: 421540K->148400K(505856K)] 1094744K->921257K(1904128K), 0.0506889 secs] [Times: user=0.30 sys=0.00, real=0.05 secs] 
4572.959: [GC (Allocation Failure) [PSYoungGen: 466352K->104512K(508416K)] 1239209K->1016976K(1906688K), 0.1714649 secs] [Times: user=1.02 sys=0.00, real=0.17 secs] 
4575.716: [GC (Allocation Failure) [PSYoungGen: 416923K->147312K(506368K)] 1329388K->1159710K(1904640K), 0.0513085 secs] [Times: user=0.31 sys=0.00, real=0.05 secs] 
4578.197: [GC (Allocation Failure) [PSYoungGen: 465776K->105696K(508416K)] 1478174K->1256637K(1906688K), 0.1631692 secs] [Times: user=0.98 sys=0.00, real=0.16 secs] 
4579.809: [GC (Allocation Failure) [PSYoungGen: 421821K->145888K(506880K)] 1572763K->1398354K(1905152K), 0.0511892 secs] [Times: user=0.30 sys=0.00, real=0.05 secs] 
4579.861: [Full GC (Ergonomics) [PSYoungGen: 145888K->0K(506880K)] [ParOldGen: 1252466K->196998K(1398272K)] 1398354K->196998K(1905152K), [Metaspace: 60494K->60494K(1105920K)], 0.4641836 secs] [Times: user=2.16 sys=0.00, real=0.46 secs] 
4583.414: [GC (Allocation Failure) [PSYoungGen: 319488K->102128K(508416K)] 516486K->299127K(1906688K), 0.0928135 secs] [Times: user=0.55 sys=0.00, real=0.10 secs] 
4584.894: [GC (Allocation Failure) [PSYoungGen: 421616K->148432K(506880K)] 618615K->443764K(1905152K), 0.0494018 secs] [Times: user=0.29 sys=0.00, real=0.05 secs] 
4588.949: [GC (Allocation Failure) [PSYoungGen: 468432K->102528K(509440K)] 763764K->537419K(1907712K), 0.1771898 secs] [Times: user=1.06 sys=0.00, real=0.18 secs] 
4590.516: [GC (Allocation Failure) [PSYoungGen: 422528K->149888K(505344K)] 857419K->682724K(1903616K), 0.0502425 secs] [Times: user=0.29 sys=0.00, real=0.06 secs] 
4593.972: [GC (Allocation Failure) [PSYoungGen: 467840K->103024K(508416K)] 1000676K->776729K(1906688K), 0.1641586 secs] [Times: user=0.97 sys=0.00, real=0.17 secs] 
4595.315: [GC (Allocation Failure) [PSYoungGen: 417829K->148944K(505344K)] 1091533K->921334K(1903616K), 0.0505032 secs] [Times: user=0.30 sys=0.00, real=0.05 secs] 
4598.821: [GC (Allocation Failure) [PSYoungGen: 465872K->104096K(507904K)] 1238262K->1016405K(1906176K), 0.1609226 secs] [Times: user=0.96 sys=0.00, real=0.16 secs] 
4600.494: [GC (Allocation Failure) [PSYoungGen: 417705K->146912K(505856K)] 1330014K->1159570K(1904128K), 0.0510030 secs] [Times: user=0.30 sys=0.00, real=0.05 secs] 
4604.699: [GC (Allocation Failure) [PSYoungGen: 464352K->102864K(507904K)] 1477010K->1253903K(1906176K), 0.1601937 secs] [Times: user=0.95 sys=0.00, real=0.16 secs] 
4606.754: [GC (Allocation Failure) [PSYoungGen: 420304K->149024K(505344K)] 1571343K->1398543K(1903616K), 0.0507775 secs] [Times: user=0.30 sys=0.00, real=0.05 secs] 
4606.804: [Full GC (Ergonomics) [PSYoungGen: 149024K->0K(505344K)] [ParOldGen: 1249519K->197287K(1398272K)] 1398543K->197287K(1903616K), [Metaspace: 60494K->60494K(1105920K)], 0.4740575 secs] [Times: user=2.21 sys=0.00, real=0.48 secs] 
4610.136: [GC (Allocation Failure) [PSYoungGen: 316928K->103232K(507904K)] 514215K->300519K(1906176K), 0.0662381 secs] [Times: user=0.38 sys=0.00, real=0.06 secs] 
4611.475: [GC (Allocation Failure) [PSYoungGen: 420160K->148192K(505344K)] 617447K->444828K(1903616K), 0.0497504 secs] [Times: user=0.29 sys=0.00, real=0.05 secs] 
4615.671: [GC (Allocation Failure) [PSYoungGen: 465120K->102624K(507904K)] 761756K->538088K(1906176K), 0.1617217 secs] [Times: user=0.96 sys=0.01, real=0.16 secs] 
4617.003: [GC (Allocation Failure) [PSYoungGen: 418868K->148736K(504832K)] 854333K->682997K(1903104K), 0.0504404 secs] [Times: user=0.30 sys=0.01, real=0.05 secs] 
4621.793: [GC (Allocation Failure) [PSYoungGen: 464640K->100016K(507392K)] 998901K->774354K(1905664K), 0.1630873 secs] [Times: user=0.97 sys=0.00, real=0.16 secs] 
4624.235: [GC (Allocation Failure) [PSYoungGen: 415920K->147936K(505344K)] 1090258K->918062K(1903616K), 0.0495586 secs] [Times: user=0.29 sys=0.00, real=0.05 secs] 
4626.626: [GC (Allocation Failure) [PSYoungGen: 463840K->102528K(507392K)] 1233966K->1011494K(1905664K), 0.1460231 secs] [Times: user=0.86 sys=0.01, real=0.14 secs] 
4628.672: [GC (Allocation Failure) [PSYoungGen: 418432K->148192K(505344K)] 1327398K->1155859K(1903616K), 0.0510574 secs] [Times: user=0.30 sys=0.01, real=0.05 secs] 
4631.170: [GC (Allocation Failure) [PSYoungGen: 464096K->105056K(421376K)] 1471763K->1251987K(1819648K), 0.1048937 secs] [Times: user=0.62 sys=0.00, real=0.10 secs] 
4633.173: [GC (Allocation Failure) [PSYoungGen: 420960K->147104K(504832K)] 1567891K->1395432K(1903104K), 0.0513390 secs] [Times: user=0.30 sys=0.00, real=0.05 secs] 
4633.225: [Full GC (Ergonomics) [PSYoungGen: 147104K->0K(504832K)] [ParOldGen: 1248328K->194535K(1398272K)] 1395432K->194535K(1903104K), [Metaspace: 60494K->60494K(1105920K)], 0.4607044 secs] [Times: user=2.14 sys=0.00, real=0.46 secs] 
4635.927: [GC (Allocation Failure) [PSYoungGen: 315904K->103456K(506880K)] 510439K->297991K(1905152K), 0.1032767 secs] [Times: user=0.61 sys=0.00, real=0.10 secs] 
4638.358: [GC (Allocation Failure) [PSYoungGen: 419360K->145440K(505856K)] 613895K->439584K(1904128K), 0.0496939 secs] [Times: user=0.29 sys=0.00, real=0.05 secs] 
4641.508: [GC (Allocation Failure) [PSYoungGen: 462880K->103952K(507392K)] 757024K->534445K(1905664K), 0.1661739 secs] [Times: user=0.99 sys=0.00, real=0.16 secs] 
4642.668: [GC (Allocation Failure) [PSYoungGen: 421392K->147008K(505856K)] 851885K->677941K(1904128K), 0.0611345 secs] [Times: user=0.36 sys=0.00, real=0.06 secs] 
4646.072: [GC (Allocation Failure) [PSYoungGen: 465472K->103712K(507904K)] 996405K->772861K(1906176K), 0.1655417 secs] [Times: user=0.98 sys=0.00, real=0.17 secs] 
4648.550: [GC (Allocation Failure) [PSYoungGen: 422176K->148192K(506368K)] 1091325K->917578K(1904640K), 0.0526626 secs] [Times: user=0.31 sys=0.00, real=0.05 secs] 
4651.603: [GC (Allocation Failure) [PSYoungGen: 467680K->101216K(508928K)] 1237066K->1010322K(1907200K), 0.1142548 secs] [Times: user=0.68 sys=0.00, real=0.12 secs] 
4653.509: [GC (Allocation Failure) [PSYoungGen: 420704K->150736K(503808K)] 1329810K->1157200K(1902080K), 0.0529488 secs] [Times: user=0.31 sys=0.00, real=0.05 secs] 
4656.271: [GC (Allocation Failure) [PSYoungGen: 466640K->100256K(507392K)] 1473104K->1248499K(1905664K), 0.1697278 secs] [Times: user=1.02 sys=0.00, real=0.17 secs] 
4657.723: [GC (Allocation Failure) [PSYoungGen: 416160K->149248K(504320K)] 1564403K->1393772K(1902592K), 0.0535348 secs] [Times: user=0.31 sys=0.00, real=0.06 secs] 
4657.777: [Full GC (Ergonomics) [PSYoungGen: 149248K->0K(504320K)] [ParOldGen: 1244524K->192764K(1398272K)] 1393772K->192764K(1902592K), [Metaspace: 60494K->60494K(1105920K)], 0.4564123 secs] [Times: user=2.11 sys=0.00, real=0.45 secs] 
4661.558: [GC (Allocation Failure) [PSYoungGen: 314880K->104640K(506880K)] 507644K->297404K(1905152K), 0.0736483 secs] [Times: user=0.44 sys=0.00, real=0.07 secs] 
4663.304: [GC (Allocation Failure) [PSYoungGen: 419520K->148336K(504832K)] 612284K->441681K(1903104K), 0.0504086 secs] [Times: user=0.30 sys=0.00, real=0.05 secs] 
4665.668: [GC (Allocation Failure) [PSYoungGen: 463728K->101056K(506880K)] 757073K->533337K(1905152K), 0.1028322 secs] [Times: user=0.61 sys=0.00, real=0.10 secs] 
4667.073: [GC (Allocation Failure) [PSYoungGen: 416448K->149056K(503296K)] 848729K->678233K(1901568K), 0.0507564 secs] [Times: user=0.30 sys=0.00, real=0.05 secs] 
4669.738: [GC (Allocation Failure) [PSYoungGen: 462912K->102432K(506368K)] 992089K->771750K(1904640K), 0.1228834 secs] [Times: user=0.73 sys=0.00, real=0.12 secs] 
4671.266: [GC (Allocation Failure) [PSYoungGen: 416288K->144944K(505856K)] 1085606K->912683K(1904128K), 0.0515315 secs] [Times: user=0.30 sys=0.00, real=0.05 secs] 
4674.048: [GC (Allocation Failure) [PSYoungGen: 460848K->107584K(423936K)] 1228587K->1010674K(1822208K), 0.0657386 secs] [Times: user=0.39 sys=0.00, real=0.06 secs] 
4676.191: [GC (Allocation Failure) [PSYoungGen: 423488K->143200K(505344K)] 1326578K->1150875K(1903616K), 0.0688548 secs] [Times: user=0.41 sys=0.00, real=0.07 secs] 
4680.453: [GC (Allocation Failure) [PSYoungGen: 460609K->103488K(505856K)] 1468285K->1245275K(1904128K), 0.1551107 secs] [Times: user=0.92 sys=0.00, real=0.16 secs] 
4682.672: [GC (Allocation Failure) [PSYoungGen: 420928K->149216K(504832K)] 1562715K->1391160K(1903104K), 0.0531497 secs] [Times: user=0.32 sys=0.00, real=0.05 secs] 
4682.726: [Full GC (Ergonomics) [PSYoungGen: 149216K->0K(504832K)] [ParOldGen: 1241944K->189055K(1398272K)] 1391160K->189055K(1903104K), [Metaspace: 60499K->60499K(1105920K)], 0.4537601 secs] [Times: user=2.11 sys=0.00, real=0.46 secs] 
4685.359: [GC (Allocation Failure) [PSYoungGen: 318976K->105632K(508416K)] 508031K->294687K(1906688K), 0.1022810 secs] [Times: user=0.60 sys=0.00, real=0.10 secs] 
4688.106: [GC (Allocation Failure) [PSYoungGen: 424608K->149184K(506368K)] 613663K->439621K(1904640K), 0.0518140 secs] [Times: user=0.30 sys=0.01, real=0.05 secs] 
4690.155: [GC (Allocation Failure) [PSYoungGen: 469184K->106640K(509440K)] 759621K->537490K(1907712K), 0.1512234 secs] [Times: user=0.90 sys=0.00, real=0.16 secs] 
4691.539: [GC (Allocation Failure) [PSYoungGen: 426640K->150336K(505856K)] 857490K->684170K(1904128K), 0.0520637 secs] [Times: user=0.31 sys=0.00, real=0.05 secs] 
4694.463: [GC (Allocation Failure) [PSYoungGen: 469312K->103568K(508928K)] 1003146K->778751K(1907200K), 0.1699622 secs] [Times: user=1.01 sys=0.00, real=0.17 secs] 
4696.711: [GC (Allocation Failure) [PSYoungGen: 418777K->149040K(505856K)] 1093960K->923308K(1904128K), 0.0504722 secs] [Times: user=0.30 sys=0.00, real=0.05 secs] 
4698.340: [GC (Allocation Failure) [PSYoungGen: 466992K->108816K(427008K)] 1241260K->1023180K(1825280K), 0.0922461 secs] [Times: user=0.54 sys=0.00, real=0.09 secs] 
4698.836: [GC (Allocation Failure) [PSYoungGen: 410651K->143008K(507904K)] 1325014K->1161788K(1906176K), 0.0518523 secs] [Times: user=0.30 sys=0.01, real=0.05 secs] 
4702.249: [GC (Allocation Failure) [PSYoungGen: 463520K->104768K(507904K)] 1482300K->1257548K(1906176K), 0.1336070 secs] [Times: user=0.79 sys=0.00, real=0.13 secs] 
4703.165: [GC (Allocation Failure) [PSYoungGen: 419567K->146576K(507392K)] 1572347K->1400537K(1905664K), 0.0511411 secs] [Times: user=0.30 sys=0.00, real=0.06 secs] 
4703.216: [Full GC (Ergonomics) [PSYoungGen: 146576K->0K(507392K)] [ParOldGen: 1253961K->197567K(1398272K)] 1400537K->197567K(1905664K), [Metaspace: 60499K->60499K(1105920K)], 0.4633901 secs] [Times: user=2.14 sys=0.00, real=0.46 secs] 
4707.644: [GC (Allocation Failure) [PSYoungGen: 322048K->103360K(509440K)] 519615K->300927K(1907712K), 0.0901887 secs] [Times: user=0.53 sys=0.00, real=0.09 secs] 
4709.554: [GC (Allocation Failure) [PSYoungGen: 419037K->147808K(508416K)] 616605K->444760K(1906688K), 0.0494148 secs] [Times: user=0.29 sys=0.00, real=0.05 secs] 
4712.904: [GC (Allocation Failure) [PSYoungGen: 470880K->102432K(510976K)] 767832K->538768K(1909248K), 0.1660927 secs] [Times: user=0.98 sys=0.01, real=0.17 secs] 
4714.168: [GC (Allocation Failure) [PSYoungGen: 419248K->147808K(507904K)] 855584K->683501K(1906176K), 0.0900168 secs] [Times: user=0.52 sys=0.01, real=0.09 secs] 
4717.029: [GC (GCLocker Initiated GC) [PSYoungGen: 469856K->105680K(510464K)] 1005550K->780759K(1908736K), 0.0991777 secs] [Times: user=0.58 sys=0.00, real=0.10 secs] 
4717.545: [GC (Allocation Failure) [PSYoungGen: 427728K->141696K(509952K)] 1119241K->935327K(1908224K), 0.2560376 secs] [Times: user=1.54 sys=0.00, real=0.26 secs] 
4721.501: [GC (Allocation Failure) [PSYoungGen: 465792K->98336K(510464K)] 1259423K->1032651K(1908736K), 0.4367631 secs] [Times: user=2.62 sys=0.00, real=0.44 secs] 
4722.436: [GC (Allocation Failure) [PSYoungGen: 422432K->172976K(489472K)] 1356747K->1199321K(1887744K), 0.0572798 secs] [Times: user=0.34 sys=0.00, real=0.05 secs] 
4726.348: [GC (Allocation Failure) [PSYoungGen: 477616K->86720K(391680K)] 1503961K->1268936K(1789952K), 0.1345074 secs] [Times: user=0.80 sys=0.00, real=0.13 secs] 
4726.903: [GC (Allocation Failure) [PSYoungGen: 391360K->148224K(498176K)] 1573576K->1410841K(1896448K), 0.0535122 secs] [Times: user=0.31 sys=0.01, real=0.06 secs] 
4726.957: [Full GC (Ergonomics) [PSYoungGen: 148224K->0K(498176K)] [ParOldGen: 1262617K->208220K(1398272K)] 1410841K->208220K(1896448K), [Metaspace: 60499K->60499K(1105920K)], 0.4762404 secs] [Times: user=2.22 sys=0.00, real=0.47 secs] 
4729.761: [GC (Allocation Failure) [PSYoungGen: 300544K->89184K(499712K)] 508764K->297412K(1897984K), 0.1722120 secs] [Times: user=1.03 sys=0.00, real=0.17 secs] 
4730.320: [GC (Allocation Failure) [PSYoungGen: 388116K->142704K(499200K)] 596344K->436162K(1897472K), 0.0502259 secs] [Times: user=0.27 sys=0.00, real=0.05 secs] 
4733.053: [GC (Allocation Failure) [PSYoungGen: 444272K->97952K(399872K)] 737730K->525593K(1798144K), 0.1711839 secs] [Times: user=1.02 sys=0.00, real=0.17 secs] 
4734.701: [GC (Allocation Failure) [PSYoungGen: 399520K->140320K(498688K)] 827161K->662238K(1896960K), 0.0485023 secs] [Times: user=0.29 sys=0.00, real=0.05 secs] 
4736.354: [GC (Allocation Failure) [PSYoungGen: 443936K->101584K(498176K)] 965854K->754191K(1896448K), 0.0632001 secs] [Times: user=0.38 sys=0.00, real=0.07 secs] 
4738.057: [GC (Allocation Failure) [PSYoungGen: 405200K->138384K(501760K)] 1057807K->890076K(1900032K), 0.0510113 secs] [Times: user=0.30 sys=0.00, real=0.05 secs] 
4740.933: [GC (Allocation Failure) [PSYoungGen: 448656K->105280K(500736K)] 1200348K->985503K(1899008K), 0.0630045 secs] [Times: user=0.37 sys=0.00, real=0.07 secs] 
4742.875: [GC (Allocation Failure) [PSYoungGen: 415552K->141328K(502784K)] 1295775K->1124613K(1901056K), 0.0530570 secs] [Times: user=0.31 sys=0.00, real=0.06 secs] 
4745.350: [GC (Allocation Failure) [PSYoungGen: 457232K->104880K(503808K)] 1440517K->1220541K(1902080K), 0.0657189 secs] [Times: user=0.38 sys=0.00, real=0.07 secs] 
4748.022: [GC (GCLocker Initiated GC) [PSYoungGen: 420784K->142208K(507904K)] 1536446K->1360690K(1906176K), 0.0541647 secs] [Times: user=0.32 sys=0.01, real=0.06 secs] 
4749.823: [GC (Allocation Failure) [PSYoungGen: 465280K->113168K(508928K)] 1683765K->1464366K(1907200K), 0.0948251 secs] [Times: user=0.37 sys=0.19, real=0.10 secs] 
4749.918: [Full GC (Ergonomics) [PSYoungGen: 113168K->0K(508928K)] [ParOldGen: 1351197K->33611K(1398272K)] 1464366K->33611K(1907200K), [Metaspace: 60499K->60499K(1105920K)], 0.0637662 secs] [Times: user=0.22 sys=0.01, real=0.06 secs] 
4752.695: [GC (Allocation Failure) [PSYoungGen: 323072K->145584K(507392K)] 356683K->179196K(1905664K), 0.0293422 secs] [Times: user=0.17 sys=0.00, real=0.03 secs] 
4754.993: [GC (Allocation Failure) [PSYoungGen: 471216K->109280K(509952K)] 504828K->279299K(1908224K), 0.0647621 secs] [Times: user=0.38 sys=0.00, real=0.07 secs] 
4756.848: [GC (Allocation Failure) [PSYoungGen: 434912K->148896K(509440K)] 604931K->425776K(1907712K), 0.0530241 secs] [Times: user=0.32 sys=0.00, real=0.05 secs] 
4758.626: [GC (Allocation Failure) [PSYoungGen: 477600K->114080K(513536K)] 754480K->530436K(1911808K), 0.1213309 secs] [Times: user=0.72 sys=0.00, real=0.13 secs] 
4759.724: [GC (Allocation Failure) [PSYoungGen: 434459K->150480K(509952K)] 850816K->677654K(1908224K), 0.0551003 secs] [Times: user=0.33 sys=0.00, real=0.06 secs] 
4763.945: [GC (Allocation Failure) [PSYoungGen: 479696K->107312K(514048K)] 1006870K->776090K(1912320K), 0.1686279 secs] [Times: user=1.00 sys=0.01, real=0.17 secs] 
4764.967: [GC (Allocation Failure) [PSYoungGen: 436528K->155040K(505344K)] 1105306K->927102K(1903616K), 0.0529715 secs] [Times: user=0.32 sys=0.00, real=0.05 secs] 
4769.322: [GC (Allocation Failure) [PSYoungGen: 478112K->96896K(510976K)] 1250174K->1023194K(1909248K), 0.1729182 secs] [Times: user=1.02 sys=0.01, real=0.17 secs] 
4770.173: [GC (Allocation Failure) [PSYoungGen: 419968K->172640K(488960K)] 1346266K->1190155K(1887232K), 0.0573592 secs] [Times: user=0.34 sys=0.00, real=0.06 secs] 
4773.786: [GC (Allocation Failure) [PSYoungGen: 474208K->88112K(500224K)] 1491723K->1261696K(1898496K), 0.1677994 secs] [Times: user=1.00 sys=0.00, real=0.17 secs] 
4775.864: [GC (Allocation Failure) [PSYoungGen: 378136K->138176K(495104K)] 1551719K->1393660K(1893376K), 0.1360694 secs] [Times: user=0.81 sys=0.00, real=0.14 secs] 
4776.000: [Full GC (Ergonomics) [PSYoungGen: 138176K->0K(495104K)] [ParOldGen: 1255484K->197107K(1398272K)] 1393660K->197107K(1893376K), [Metaspace: 60499K->60499K(1105920K)], 0.5328702 secs] [Times: user=2.56 sys=0.00, real=0.53 secs] 
4778.617: [GC (Allocation Failure) [PSYoungGen: 301568K->96768K(497664K)] 498675K->293875K(1895936K), 0.0304233 secs] [Times: user=0.18 sys=0.00, real=0.03 secs] 
4780.807: [GC (Allocation Failure) [PSYoungGen: 398336K->140960K(499712K)] 595443K->430976K(1897984K), 0.0472437 secs] [Times: user=0.28 sys=0.00, real=0.04 secs] 
4782.391: [GC (Allocation Failure) [PSYoungGen: 449184K->104080K(501760K)] 739200K->525340K(1900032K), 0.0637506 secs] [Times: user=0.37 sys=0.00, real=0.06 secs] 
4783.413: [GC (Allocation Failure) [PSYoungGen: 412304K->151744K(500224K)] 833564K->674908K(1898496K), 0.0527664 secs] [Times: user=0.31 sys=0.00, real=0.05 secs] 
4787.088: [GC (Allocation Failure) [PSYoungGen: 461504K->98944K(504320K)] 984668K->756580K(1902592K), 0.0647711 secs] [Times: user=0.39 sys=0.00, real=0.06 secs] 
4790.216: [GC (Allocation Failure) [PSYoungGen: 408704K->140320K(501760K)] 1066340K->894649K(1900032K), 0.0510790 secs] [Times: user=0.30 sys=0.00, real=0.06 secs] 
4792.048: [GC (Allocation Failure) [PSYoungGen: 452640K->106400K(503808K)] 1206969K->991705K(1902080K), 0.0654680 secs] [Times: user=0.39 sys=0.00, real=0.06 secs] 
4793.888: [GC (Allocation Failure) [PSYoungGen: 418720K->141984K(506368K)] 1304025K->1131358K(1904640K), 0.0538257 secs] [Times: user=0.31 sys=0.00, real=0.05 secs] 
4797.489: [GC (Allocation Failure) [PSYoungGen: 459933K->106720K(506368K)] 1449307K->1228450K(1904640K), 0.0653884 secs] [Times: user=0.38 sys=0.00, real=0.06 secs] 
4799.915: [GC (Allocation Failure) [PSYoungGen: 424672K->144352K(505856K)] 1546402K->1370775K(1904128K), 0.0539180 secs] [Times: user=0.32 sys=0.00, real=0.06 secs] 
4799.969: [Full GC (Ergonomics) [PSYoungGen: 144352K->0K(505856K)] [ParOldGen: 1226423K->169341K(1398272K)] 1370775K->169341K(1904128K), [Metaspace: 60500K->60500K(1105920K)], 0.4015977 secs] [Times: user=1.86 sys=0.00, real=0.40 secs] 
4802.588: [GC (Allocation Failure) [PSYoungGen: 320512K->107376K(507392K)] 489853K->276718K(1905664K), 0.0371393 secs] [Times: user=0.22 sys=0.00, real=0.03 secs] 
4804.455: [GC (Allocation Failure) [PSYoungGen: 427888K->146880K(507904K)] 597230K->421514K(1906176K), 0.0549641 secs] [Times: user=0.32 sys=0.00, real=0.06 secs] 
4807.813: [GC (Allocation Failure) [PSYoungGen: 470976K->108464K(510464K)] 745610K->520903K(1908736K), 0.0659044 secs] [Times: user=0.39 sys=0.00, real=0.07 secs] 
4811.227: [GC (Allocation Failure) [PSYoungGen: 432560K->146624K(509440K)] 844999K->665095K(1907712K), 0.0533196 secs] [Times: user=0.31 sys=0.00, real=0.05 secs] 
4812.636: [GC (Allocation Failure) [PSYoungGen: 472768K->110800K(512000K)] 991239K->766784K(1910272K), 0.0649799 secs] [Times: user=0.38 sys=0.00, real=0.06 secs] 
4815.019: [GC (Allocation Failure) [PSYoungGen: 436944K->152256K(507904K)] 1092928K->915964K(1906176K), 0.0547958 secs] [Times: user=0.32 sys=0.00, real=0.05 secs] 
4817.704: [GC (Allocation Failure) [PSYoungGen: 477376K->105920K(512000K)] 1241084K->1012784K(1910272K), 0.1295334 secs] [Times: user=0.77 sys=0.01, real=0.13 secs] 
4819.774: [GC (Allocation Failure) [PSYoungGen: 431040K->152512K(505856K)] 1337904K->1161185K(1904128K), 0.0522412 secs] [Times: user=0.31 sys=0.00, real=0.06 secs] 
4822.526: [GC (Allocation Failure) [PSYoungGen: 473536K->105344K(509952K)] 1482209K->1257073K(1908224K), 0.1684338 secs] [Times: user=1.00 sys=0.00, real=0.17 secs] 
4824.210: [GC (Allocation Failure) [PSYoungGen: 416215K->145824K(509952K)] 1567944K->1398865K(1908224K), 0.0799132 secs] [Times: user=0.47 sys=0.00, real=0.08 secs] 
4824.290: [Full GC (Ergonomics) [PSYoungGen: 145824K->0K(509952K)] [ParOldGen: 1253041K->196944K(1398272K)] 1398865K->196944K(1908224K), [Metaspace: 60510K->60510K(1105920K)], 0.4826023 secs] [Times: user=2.25 sys=0.00, real=0.48 secs] 
4827.693: [GC (Allocation Failure) [PSYoungGen: 323072K->104160K(427520K)] 520016K->301104K(1825792K), 0.0805894 secs] [Times: user=0.47 sys=0.01, real=0.08 secs] 
4829.593: [GC (Allocation Failure) [PSYoungGen: 421391K->147664K(507392K)] 618336K->444146K(1905664K), 0.0492995 secs] [Times: user=0.29 sys=0.00, real=0.05 secs] 
4832.455: [GC (Allocation Failure) [PSYoungGen: 469200K->105408K(509952K)] 765682K->540525K(1908224K), 0.1742414 secs] [Times: user=1.03 sys=0.01, real=0.18 secs] 
4833.491: [GC (Allocation Failure) [PSYoungGen: 419168K->146016K(508928K)] 854285K->682830K(1907200K), 0.0503996 secs] [Times: user=0.29 sys=0.00, real=0.05 secs] 
4835.872: [GC (Allocation Failure) [PSYoungGen: 469088K->107744K(510464K)] 1005902K->781454K(1908736K), 0.1750602 secs] [Times: user=1.04 sys=0.00, real=0.18 secs] 
4836.696: [GC (Allocation Failure) [PSYoungGen: 430816K->153600K(504832K)] 1104526K->931231K(1903104K), 0.0655492 secs] [Times: user=0.39 sys=0.00, real=0.06 secs] 
4840.349: [GC (Allocation Failure) [PSYoungGen: 470143K->95152K(509440K)] 1247774K->1026208K(1907712K), 0.1658298 secs] [Times: user=0.98 sys=0.00, real=0.16 secs] 
4841.946: [GC (Allocation Failure) [PSYoungGen: 415152K->152464K(501760K)] 1346208K->1174261K(1900032K), 0.0557414 secs] [Times: user=0.33 sys=0.00, real=0.05 secs] 
4844.135: [GC (Allocation Failure) [PSYoungGen: 465296K->96240K(505856K)] 1487093K->1269849K(1904128K), 0.1303698 secs] [Times: user=0.78 sys=0.00, real=0.13 secs] 
4845.704: [GC (Allocation Failure) [PSYoungGen: 409072K->147088K(503296K)] 1582681K->1411134K(1901568K), 0.1377133 secs] [Times: user=0.81 sys=0.00, real=0.14 secs] 
4845.842: [Full GC (Ergonomics) [PSYoungGen: 147088K->0K(503296K)] [ParOldGen: 1264045K->209330K(1398272K)] 1411134K->209330K(1901568K), [Metaspace: 60518K->59615K(1105920K)], 0.5350359 secs] [Times: user=2.53 sys=0.00, real=0.54 secs] 
4849.970: [GC (Allocation Failure) [PSYoungGen: 311808K->88496K(505344K)] 521138K->297827K(1903616K), 0.1738291 secs] [Times: user=1.03 sys=0.01, real=0.17 secs] 
4851.533: [GC (Allocation Failure) [PSYoungGen: 392420K->143648K(503808K)] 601750K->436425K(1902080K), 0.0485246 secs] [Times: user=0.29 sys=0.00, real=0.05 secs] 
4853.618: [GC (GCLocker Initiated GC) [PSYoungGen: 454432K->100976K(412160K)] 747209K->528746K(1810432K), 0.1591336 secs] [Times: user=0.95 sys=0.00, real=0.16 secs] 
4855.471: [GC (Allocation Failure) [PSYoungGen: 411760K->148400K(500224K)] 839533K->672548K(1898496K), 0.0505421 secs] [Times: user=0.29 sys=0.01, real=0.05 secs] 
4858.452: [GC (Allocation Failure) [PSYoungGen: 457648K->101600K(502784K)] 981796K->765167K(1901056K), 0.1304554 secs] [Times: user=0.78 sys=0.00, real=0.13 secs] 
4860.438: [GC (Allocation Failure) [PSYoungGen: 410848K->145920K(503808K)] 1074415K->907824K(1902080K), 0.0552582 secs] [Times: user=0.32 sys=0.00, real=0.05 secs] 
4862.818: [GC (Allocation Failure) [PSYoungGen: 458752K->100112K(505344K)] 1220656K->999589K(1903616K), 0.0913294 secs] [Times: user=0.54 sys=0.00, real=0.09 secs] 
4865.084: [GC (Allocation Failure) [PSYoungGen: 412944K->145472K(504320K)] 1312421K->1141400K(1902592K), 0.0543881 secs] [Times: user=0.33 sys=0.00, real=0.06 secs] 
4867.041: [GC (Allocation Failure) [PSYoungGen: 459328K->104608K(418816K)] 1455256K->1237528K(1817088K), 0.1179139 secs] [Times: user=0.70 sys=0.00, real=0.12 secs] 
4868.340: [GC (Allocation Failure) [PSYoungGen: 418464K->147072K(503296K)] 1551384K->1380896K(1901568K), 0.0518346 secs] [Times: user=0.31 sys=0.00, real=0.05 secs] 
4868.392: [Full GC (Ergonomics) [PSYoungGen: 147072K->0K(503296K)] [ParOldGen: 1233824K->187201K(1398272K)] 1380896K->187201K(1901568K), [Metaspace: 59615K->59611K(1105920K)], 0.4357014 secs] [Times: user=2.01 sys=0.00, real=0.44 secs] 
4871.673: [GC (Allocation Failure) [PSYoungGen: 314368K->103872K(505344K)] 501569K->291073K(1903616K), 0.0324941 secs] [Times: user=0.19 sys=0.01, real=0.03 secs] 
4874.666: [GC (Allocation Failure) [PSYoungGen: 418240K->145616K(505856K)] 605441K->432863K(1904128K), 0.0563476 secs] [Times: user=0.33 sys=0.01, real=0.05 secs] 
4875.889: [GC (Allocation Failure) [PSYoungGen: 463056K->106752K(507392K)] 750303K->530678K(1905664K), 0.0870092 secs] [Times: user=0.52 sys=0.00, real=0.09 secs] 
4878.293: [GC (Allocation Failure) [PSYoungGen: 424192K->155776K(500736K)] 848118K->682911K(1899008K), 0.0528007 secs] [Times: user=0.31 sys=0.00, real=0.05 secs] 
4880.455: [GC (Allocation Failure) [PSYoungGen: 469632K->101472K(506368K)] 996767K->767375K(1904640K), 0.0682501 secs] [Times: user=0.41 sys=0.00, real=0.07 secs] 
4883.139: [GC (Allocation Failure) [PSYoungGen: 415328K->148144K(503808K)] 1081231K->911012K(1902080K), 0.0515511 secs] [Times: user=0.30 sys=0.00, real=0.05 secs] 
4885.413: [GC (Allocation Failure) [PSYoungGen: 462000K->106096K(420352K)] 1224868K->1007957K(1818624K), 0.1266457 secs] [Times: user=0.75 sys=0.00, real=0.13 secs] 
4887.185: [GC (Allocation Failure) [PSYoungGen: 419952K->154576K(500224K)] 1321813K->1158697K(1898496K), 0.0537727 secs] [Times: user=0.31 sys=0.00, real=0.06 secs] 
4889.522: [GC (Allocation Failure) [PSYoungGen: 465360K->101440K(504832K)] 1469481K->1242953K(1903104K), 0.0762499 secs] [Times: user=0.45 sys=0.00, real=0.08 secs] 
4891.799: [GC (Allocation Failure) [PSYoungGen: 412224K->144320K(503808K)] 1553737K->1383994K(1902080K), 0.0521891 secs] [Times: user=0.31 sys=0.00, real=0.05 secs] 
4891.852: [Full GC (Ergonomics) [PSYoungGen: 144320K->0K(503808K)] [ParOldGen: 1239673K->182242K(1398272K)] 1383994K->182242K(1902080K), [Metaspace: 59611K->59611K(1105920K)], 0.4298754 secs] [Times: user=2.00 sys=0.00, real=0.43 secs] 
4893.495: [GC (Allocation Failure) [PSYoungGen: 312832K->103648K(505344K)] 495074K->285890K(1903616K), 0.0411667 secs] [Times: user=0.24 sys=0.00, real=0.05 secs] 
4896.370: [GC (Allocation Failure) [PSYoungGen: 416480K->144992K(504320K)] 598722K->427675K(1902592K), 0.0520597 secs] [Times: user=0.31 sys=0.01, real=0.05 secs] 
4897.582: [GC (Allocation Failure) [PSYoungGen: 459360K->106496K(505344K)] 742043K->524727K(1903616K), 0.0640336 secs] [Times: user=0.38 sys=0.00, real=0.07 secs] 
4900.296: [GC (Allocation Failure) [PSYoungGen: 420864K->145152K(504832K)] 839095K->667284K(1903104K), 0.0530029 secs] [Times: user=0.31 sys=0.00, real=0.05 secs] 
4901.702: [GC (Allocation Failure) [PSYoungGen: 462080K->108544K(505856K)] 984212K->766484K(1904128K), 0.0651984 secs] [Times: user=0.38 sys=0.00, real=0.07 secs] 
4903.702: [GC (Allocation Failure) [PSYoungGen: 425472K->155008K(502784K)] 1083412K->918309K(1901056K), 0.0539870 secs] [Times: user=0.32 sys=0.00, real=0.05 secs] 
4905.676: [GC (Allocation Failure) [PSYoungGen: 471936K->107584K(507904K)] 1235237K->1008057K(1906176K), 0.0658819 secs] [Times: user=0.39 sys=0.00, real=0.06 secs] 
4907.260: [GC (Allocation Failure) [PSYoungGen: 424512K->146656K(507392K)] 1324985K->1151338K(1905664K), 0.0530681 secs] [Times: user=0.31 sys=0.00, real=0.05 secs] 
4911.229: [GC (Allocation Failure) [PSYoungGen: 465632K->103312K(422400K)] 1470314K->1245447K(1820672K), 0.0869134 secs] [Times: user=0.52 sys=0.00, real=0.09 secs] 
4913.369: [GC (Allocation Failure) [PSYoungGen: 422288K->150176K(505856K)] 1564423K->1392259K(1904128K), 0.0529213 secs] [Times: user=0.31 sys=0.00, real=0.05 secs] 
4913.422: [Full GC (Ergonomics) [PSYoungGen: 150176K->0K(505856K)] [ParOldGen: 1242083K->190604K(1398272K)] 1392259K->190604K(1904128K), [Metaspace: 59612K->59612K(1105920K)], 0.4491908 secs] [Times: user=2.08 sys=0.00, real=0.45 secs] 
4915.444: [GC (Allocation Failure) [PSYoungGen: 317952K->106048K(508416K)] 508556K->296652K(1906688K), 0.0484427 secs] [Times: user=0.28 sys=0.00, real=0.05 secs] 
4917.003: [GC (Allocation Failure) [PSYoungGen: 424000K->147520K(507392K)] 614604K->440037K(1905664K), 0.0515758 secs] [Times: user=0.30 sys=0.00, real=0.05 secs] 
4920.402: [GC (Allocation Failure) [PSYoungGen: 466496K->105344K(424448K)] 759013K->535873K(1822720K), 0.0951727 secs] [Times: user=0.56 sys=0.00, real=0.10 secs] 
4921.733: [GC (Allocation Failure) [PSYoungGen: 424320K->150688K(504832K)] 854849K->682682K(1903104K), 0.0521027 secs] [Times: user=0.31 sys=0.00, real=0.05 secs] 
4925.954: [GC (Allocation Failure) [PSYoungGen: 467616K->99200K(507904K)] 999610K->773222K(1906176K), 0.1549442 secs] [Times: user=0.92 sys=0.00, real=0.16 secs] 
4927.825: [GC (Allocation Failure) [PSYoungGen: 416128K->150688K(503296K)] 1090150K->919867K(1901568K), 0.0502293 secs] [Times: user=0.29 sys=0.00, real=0.05 secs] 
4930.164: [GC (Allocation Failure) [PSYoungGen: 464544K->100976K(506368K)] 1233723K->1012144K(1904640K), 0.1680589 secs] [Times: user=1.00 sys=0.00, real=0.17 secs] 
4932.328: [GC (Allocation Failure) [PSYoungGen: 414832K->148576K(504320K)] 1326000K->1156404K(1902592K), 0.0515787 secs] [Times: user=0.30 sys=0.00, real=0.05 secs] 
4934.718: [GC (Allocation Failure) [PSYoungGen: 462432K->103264K(506368K)] 1470260K->1250876K(1904640K), 0.1331263 secs] [Times: user=0.80 sys=0.00, real=0.13 secs] 
4935.814: [GC (Allocation Failure) [PSYoungGen: 417120K->149280K(503296K)] 1564732K->1396557K(1901568K), 0.0580862 secs] [Times: user=0.28 sys=0.00, real=0.06 secs] 
4935.872: [Full GC (Ergonomics) [PSYoungGen: 149280K->0K(503296K)] [ParOldGen: 1247277K->194852K(1398272K)] 1396557K->194852K(1901568K), [Metaspace: 59617K->59617K(1105920K)], 0.4700149 secs] [Times: user=2.19 sys=0.00, real=0.47 secs] 
4938.379: [GC (Allocation Failure) [PSYoungGen: 312832K->99360K(505856K)] 507684K->294212K(1904128K), 0.0417121 secs] [Times: user=0.25 sys=0.00, real=0.04 secs] 
4940.692: [GC (Allocation Failure) [PSYoungGen: 412192K->162400K(492544K)] 607044K->452617K(1890816K), 0.0494578 secs] [Times: user=0.30 sys=0.00, real=0.05 secs] 
4941.889: [GC (Allocation Failure) [PSYoungGen: 463968K->98976K(500224K)] 754185K->526137K(1898496K), 0.0793562 secs] [Times: user=0.47 sys=0.00, real=0.08 secs] 
4944.350: [GC (Allocation Failure) [PSYoungGen: 400544K->142400K(496128K)] 827705K->664726K(1894400K), 0.0494604 secs] [Times: user=0.29 sys=0.01, real=0.05 secs] 
4945.557: [GC (Allocation Failure) [PSYoungGen: 446016K->102832K(499200K)] 968342K->758455K(1897472K), 0.0710555 secs] [Times: user=0.42 sys=0.00, real=0.07 secs] 
4948.670: [GC (Allocation Failure) [PSYoungGen: 406448K->145344K(503296K)] 1062071K->901475K(1901568K), 0.0516480 secs] [Times: user=0.30 sys=0.00, real=0.05 secs] 
4950.684: [GC (Allocation Failure) [PSYoungGen: 455616K->106016K(416768K)] 1211747K->990055K(1815040K), 0.0734902 secs] [Times: user=0.44 sys=0.00, real=0.08 secs] 
4953.665: [GC (Allocation Failure) [PSYoungGen: 416288K->138496K(504320K)] 1300327K->1126460K(1902592K), 0.0539714 secs] [Times: user=0.31 sys=0.00, real=0.06 secs] 
4954.929: [GC (Allocation Failure) [PSYoungGen: 452352K->109792K(502784K)] 1440316K->1226880K(1901056K), 0.0642882 secs] [Times: user=0.39 sys=0.00, real=0.06 secs] 
4957.741: [GC (Allocation Failure) [PSYoungGen: 423648K->138880K(506368K)] 1540736K->1364061K(1904640K), 0.0563293 secs] [Times: user=0.34 sys=0.00, real=0.06 secs] 
4959.796: [GC (Allocation Failure) [PSYoungGen: 459392K->109568K(505344K)] 1684573K->1463997K(1903616K), 0.0689028 secs] [Times: user=0.41 sys=0.00, real=0.06 secs] 
4959.865: [Full GC (Ergonomics) [PSYoungGen: 109568K->0K(505344K)] [ParOldGen: 1354429K->25364K(1398272K)] 1463997K->25364K(1903616K), [Metaspace: 59631K->59631K(1105920K)], 0.0422344 secs] [Times: user=0.13 sys=0.00, real=0.05 secs] 
4962.841: [GC (Allocation Failure) [PSYoungGen: 320512K->143872K(508416K)] 345876K->169236K(1906688K), 0.0307146 secs] [Times: user=0.18 sys=0.00, real=0.03 secs] 
4964.060: [GC (Allocation Failure) [PSYoungGen: 470528K->112416K(509952K)] 495892K->272212K(1908224K), 0.0648180 secs] [Times: user=0.39 sys=0.00, real=0.06 secs] 
4966.464: [GC (Allocation Failure) [PSYoungGen: 439072K->149040K(510976K)] 598868K->419013K(1909248K), 0.0544403 secs] [Times: user=0.32 sys=0.01, real=0.06 secs] 
4967.960: [GC (Allocation Failure) [PSYoungGen: 479792K->112832K(514048K)] 749765K->522369K(1912320K), 0.0961547 secs] [Times: user=0.56 sys=0.01, real=0.10 secs] 
4970.019: [GC (Allocation Failure) [PSYoungGen: 443584K->154464K(508416K)] 853121K->672313K(1906688K), 0.0575356 secs] [Times: user=0.34 sys=0.00, real=0.06 secs] 
4974.104: [GC (Allocation Failure) [PSYoungGen: 482656K->105984K(513536K)] 1000505K->769513K(1911808K), 0.1713382 secs] [Times: user=1.02 sys=0.00, real=0.17 secs] 
4975.892: [GC (Allocation Failure) [PSYoungGen: 428314K->151552K(507904K)] 1091844K->916690K(1906176K), 0.0517720 secs] [Times: user=0.30 sys=0.00, real=0.05 secs] 
4978.507: [GC (Allocation Failure) [PSYoungGen: 475648K->109328K(511488K)] 1240786K->1016751K(1909760K), 0.1573286 secs] [Times: user=0.94 sys=0.00, real=0.15 secs] 
4979.466: [GC (Allocation Failure) [PSYoungGen: 433424K->152800K(506880K)] 1340847K->1165167K(1905152K), 0.0527165 secs] [Times: user=0.31 sys=0.00, real=0.05 secs] 
4982.240: [GC (Allocation Failure) [PSYoungGen: 474848K->96784K(510464K)] 1487215K->1261172K(1908736K), 0.1613343 secs] [Times: user=0.96 sys=0.00, real=0.16 secs] 
4983.071: [GC (Allocation Failure) [PSYoungGen: 418832K->154176K(502272K)] 1583220K->1409160K(1900544K), 0.0553708 secs] [Times: user=0.33 sys=0.00, real=0.06 secs] 
4983.126: [Full GC (Ergonomics) [PSYoungGen: 154176K->0K(502272K)] [ParOldGen: 1254984K->213444K(1398272K)] 1409160K->213444K(1900544K), [Metaspace: 59633K->59633K(1105920K)], 0.4897116 secs] [Times: user=2.28 sys=0.00, real=0.48 secs] 
4986.173: [GC (Allocation Failure) [PSYoungGen: 313856K->93696K(506368K)] 527300K->307140K(1904640K), 0.1577175 secs] [Times: user=0.94 sys=0.00, real=0.16 secs] 
4987.207: [GC (Allocation Failure) [PSYoungGen: 407552K->151888K(500736K)] 620996K->453186K(1899008K), 0.0530471 secs] [Times: user=0.32 sys=0.00, real=0.05 secs] 
4990.345: [GC (Allocation Failure) [PSYoungGen: 460624K->91904K(503808K)] 761922K->544393K(1902080K), 0.1655184 secs] [Times: user=0.99 sys=0.00, real=0.17 secs] 
4991.073: [GC (Allocation Failure) [PSYoungGen: 400640K->147824K(500224K)] 853129K->686303K(1898496K), 0.0535785 secs] [Times: user=0.32 sys=0.00, real=0.06 secs] 
4994.345: [GC (Allocation Failure) [PSYoungGen: 453488K->91264K(502272K)] 991967K->776778K(1900544K), 0.1657332 secs] [Times: user=0.98 sys=0.00, real=0.17 secs] 
4995.495: [GC (Allocation Failure) [PSYoungGen: 395178K->140720K(499200K)] 1080692K->913700K(1897472K), 0.0508022 secs] [Times: user=0.30 sys=0.00, real=0.05 secs] 
4997.854: [GC (Allocation Failure) [PSYoungGen: 447408K->100640K(501248K)] 1220388K->1005691K(1899520K), 0.0911607 secs] [Times: user=0.54 sys=0.00, real=0.09 secs] 
4999.397: [GC (Allocation Failure) [PSYoungGen: 407328K->141760K(503808K)] 1312379K->1143756K(1902080K), 0.0512706 secs] [Times: user=0.31 sys=0.00, real=0.05 secs] 
5001.692: [GC (Allocation Failure) [PSYoungGen: 453568K->105664K(417792K)] 1455564K->1239700K(1816064K), 0.0667652 secs] [Times: user=0.40 sys=0.00, real=0.07 secs] 
5003.476: [GC (Allocation Failure) [PSYoungGen: 417472K->143472K(501760K)] 1551508K->1379537K(1900032K), 0.0534456 secs] [Times: user=0.32 sys=0.00, real=0.05 secs] 
5003.530: [Full GC (Ergonomics) [PSYoungGen: 143472K->0K(501760K)] [ParOldGen: 1236064K->185620K(1398272K)] 1379537K->185620K(1900032K), [Metaspace: 59633K->59633K(1105920K)], 0.4400801 secs] [Times: user=2.05 sys=0.00, real=0.44 secs] 
5006.466: [GC (Allocation Failure) [PSYoungGen: 313344K->104144K(503296K)] 498964K->289765K(1901568K), 0.0328194 secs] [Times: user=0.19 sys=0.00, real=0.03 secs] 
5008.968: [GC (Allocation Failure) [PSYoungGen: 417488K->144784K(505856K)] 603109K->430954K(1904128K), 0.0513325 secs] [Times: user=0.30 sys=0.00, real=0.05 secs] 
5010.816: [GC (Allocation Failure) [PSYoungGen: 463760K->106544K(507392K)] 749930K->528538K(1905664K), 0.0944501 secs] [Times: user=0.55 sys=0.01, real=0.09 secs] 
5013.238: [GC (Allocation Failure) [PSYoungGen: 425520K->148736K(505856K)] 847514K->673382K(1904128K), 0.0522888 secs] [Times: user=0.31 sys=0.00, real=0.05 secs] 
5015.675: [GC (Allocation Failure) [PSYoungGen: 469248K->104784K(508928K)] 993894K->769195K(1907200K), 0.1164323 secs] [Times: user=0.70 sys=0.00, real=0.12 secs] 
5018.062: [GC (Allocation Failure) [PSYoungGen: 425296K->150976K(504832K)] 1089707K->916015K(1903104K), 0.0520080 secs] [Times: user=0.31 sys=0.00, real=0.05 secs] 
5020.579: [GC (GCLocker Initiated GC) [PSYoungGen: 469952K->103968K(508928K)] 1234992K->1010908K(1907200K), 0.1153077 secs] [Times: user=0.69 sys=0.00, real=0.11 secs] 
5021.710: [GC (Allocation Failure) [PSYoungGen: 422944K->150592K(504320K)] 1329936K->1157641K(1902592K), 0.0522202 secs] [Times: user=0.31 sys=0.00, real=0.05 secs] 
5023.987: [GC (Allocation Failure) [PSYoungGen: 467520K->102608K(507904K)] 1474569K->1251409K(1906176K), 0.1461808 secs] [Times: user=0.86 sys=0.00, real=0.14 secs] 
5025.492: [GC (Allocation Failure) [PSYoungGen: 419536K->148320K(505344K)] 1568337K->1396137K(1903616K), 0.0516548 secs] [Times: user=0.30 sys=0.00, real=0.05 secs] 
5025.544: [Full GC (Ergonomics) [PSYoungGen: 148320K->0K(505344K)] [ParOldGen: 1247817K->194185K(1398272K)] 1396137K->194185K(1903616K), [Metaspace: 59633K->59633K(1105920K)], 0.4639688 secs] [Times: user=2.16 sys=0.00, real=0.47 secs] 
5027.512: [GC (Allocation Failure) [PSYoungGen: 316928K->103232K(507904K)] 511113K->297417K(1906176K), 0.0461822 secs] [Times: user=0.28 sys=0.00, real=0.05 secs] 
5028.845: [GC (Allocation Failure) [PSYoungGen: 420160K->149264K(504320K)] 614345K->442943K(1902592K), 0.0513423 secs] [Times: user=0.30 sys=0.00, real=0.06 secs] 
5030.763: [GC (Allocation Failure) [PSYoungGen: 465168K->102912K(507392K)] 758847K->537078K(1905664K), 0.1121340 secs] [Times: user=0.67 sys=0.00, real=0.11 secs] 
5032.437: [GC (Allocation Failure) [PSYoungGen: 418816K->156128K(498688K)] 852982K->689643K(1896960K), 0.0507905 secs] [Times: user=0.30 sys=0.00, real=0.05 secs] 
5034.465: [GC (Allocation Failure) [PSYoungGen: 465888K->101392K(504320K)] 999403K->773995K(1902592K), 0.1383342 secs] [Times: user=0.81 sys=0.01, real=0.14 secs] 
5036.282: [GC (Allocation Failure) [PSYoungGen: 411152K->144960K(503808K)] 1083755K->914719K(1902080K), 0.0492843 secs] [Times: user=0.29 sys=0.00, real=0.05 secs] 
5037.918: [GC (Allocation Failure) [PSYoungGen: 457280K->104896K(417280K)] 1227039K->1010772K(1815552K), 0.1497273 secs] [Times: user=0.89 sys=0.01, real=0.15 secs] 
5040.260: [GC (Allocation Failure) [PSYoungGen: 417216K->144240K(503296K)] 1323092K->1151109K(1901568K), 0.0515884 secs] [Times: user=0.31 sys=0.00, real=0.05 secs] 
5042.016: [GC (Allocation Failure) [PSYoungGen: 457584K->105792K(504320K)] 1464453K->1247924K(1902592K), 0.0722926 secs] [Times: user=0.42 sys=0.00, real=0.07 secs] 
5044.479: [GC (Allocation Failure) [PSYoungGen: 419136K->142000K(505856K)] 1561268K->1387002K(1904128K), 0.1071778 secs] [Times: user=0.64 sys=0.00, real=0.11 secs] 
5044.587: [Full GC (Ergonomics) [PSYoungGen: 142000K->0K(505856K)] [ParOldGen: 1245001K->187675K(1398272K)] 1387002K->187675K(1904128K), [Metaspace: 59633K->59633K(1105920K)], 0.4850586 secs] [Times: user=2.29 sys=0.00, real=0.48 secs] 
5046.882: [GC (Allocation Failure) [PSYoungGen: 317952K->106992K(505856K)] 505627K->294668K(1904128K), 0.0789257 secs] [Times: user=0.46 sys=0.01, real=0.08 secs] 
5049.379: [GC (Allocation Failure) [PSYoungGen: 424944K->147040K(506368K)] 612620K->437896K(1904640K), 0.0516466 secs] [Times: user=0.31 sys=0.00, real=0.05 secs] 
5052.156: [GC (Allocation Failure) [PSYoungGen: 468064K->106176K(508416K)] 758920K->534888K(1906688K), 0.0691524 secs] [Times: user=0.41 sys=0.00, real=0.06 secs] 
5053.728: [GC (Allocation Failure) [PSYoungGen: 427200K->151456K(505856K)] 855912K->682241K(1904128K), 0.0520754 secs] [Times: user=0.31 sys=0.00, real=0.05 secs] 
5055.937: [GC (Allocation Failure) [PSYoungGen: 472480K->108608K(509952K)] 1003265K->781697K(1908224K), 0.1737999 secs] [Times: user=1.04 sys=0.00, real=0.17 secs] 
5057.212: [GC (Allocation Failure) [PSYoungGen: 418490K->144688K(509952K)] 1091579K->922543K(1908224K), 0.1134343 secs] [Times: user=0.67 sys=0.00, real=0.11 secs] 
5061.720: [GC (Allocation Failure) [PSYoungGen: 468784K->105408K(510976K)] 1246639K->1019142K(1909248K), 0.1702425 secs] [Times: user=1.02 sys=0.00, real=0.17 secs] 
5063.455: [GC (Allocation Failure) [PSYoungGen: 416869K->145648K(509440K)] 1330603K->1160748K(1907712K), 0.0513900 secs] [Times: user=0.31 sys=0.00, real=0.06 secs] 
5066.434: [GC (Allocation Failure) [PSYoungGen: 470256K->104512K(510976K)] 1485356K->1256419K(1909248K), 0.1641435 secs] [Times: user=0.96 sys=0.01, real=0.17 secs] 
5067.700: [GC (Allocation Failure) [PSYoungGen: 414446K->146384K(509952K)] 1566353K->1398736K(1908224K), 0.0503705 secs] [Times: user=0.30 sys=0.00, real=0.05 secs] 
5067.751: [Full GC (Ergonomics) [PSYoungGen: 146384K->0K(509952K)] [ParOldGen: 1252352K->197345K(1398272K)] 1398736K->197345K(1908224K), [Metaspace: 59633K->59633K(1105920K)], 0.4614182 secs] [Times: user=2.14 sys=0.00, real=0.46 secs] 
5070.294: [GC (Allocation Failure) [PSYoungGen: 325632K->107648K(512000K)] 522977K->304993K(1910272K), 0.0804989 secs] [Times: user=0.47 sys=0.01, real=0.08 secs] 
5072.119: [GC (Allocation Failure) [PSYoungGen: 433280K->152592K(506880K)] 630625K->453419K(1905152K), 0.0515851 secs] [Times: user=0.30 sys=0.00, real=0.05 secs] 
5074.997: [GC (Allocation Failure) [PSYoungGen: 475664K->100448K(510976K)] 776491K->553206K(1909248K), 0.1736905 secs] [Times: user=1.03 sys=0.00, real=0.17 secs] 
5075.881: [GC (Allocation Failure) [PSYoungGen: 423520K->153408K(503808K)] 876278K->701051K(1902080K), 0.0829318 secs] [Times: user=0.48 sys=0.01, real=0.08 secs] 
5079.449: [GC (Allocation Failure) [PSYoungGen: 470336K->90896K(507904K)] 1017979K->791555K(1906176K), 0.1589660 secs] [Times: user=0.89 sys=0.01, real=0.16 secs] 
5080.753: [GC (Allocation Failure) [PSYoungGen: 407824K->153760K(498688K)] 1108483K->939291K(1896960K), 0.0539311 secs] [Times: user=0.32 sys=0.00, real=0.06 secs] 
5083.871: [GC (Allocation Failure) [PSYoungGen: 461472K->90160K(503296K)] 1247003K->1028948K(1901568K), 0.1660623 secs] [Times: user=0.99 sys=0.00, real=0.17 secs] 
5084.749: [GC (Allocation Failure) [PSYoungGen: 397872K->149520K(498688K)] 1336660K->1172331K(1896960K), 0.0529976 secs] [Times: user=0.31 sys=0.00, real=0.05 secs] 
5087.677: [GC (Allocation Failure) [PSYoungGen: 453136K->88512K(501248K)] 1475947K->1260507K(1899520K), 0.1723716 secs] [Times: user=1.02 sys=0.00, real=0.17 secs] 
5088.712: [GC (Allocation Failure) [PSYoungGen: 388201K->142016K(500224K)] 1560197K->1398398K(1898496K), 0.0506737 secs] [Times: user=0.30 sys=0.00, real=0.05 secs] 
5088.762: [Full GC (Ergonomics) [PSYoungGen: 142016K->0K(500224K)] [ParOldGen: 1256382K->197801K(1398272K)] 1398398K->197801K(1898496K), [Metaspace: 59633K->59633K(1105920K)], 0.4695778 secs] [Times: user=2.19 sys=0.00, real=0.47 secs] 
5091.090: [GC (Allocation Failure) [PSYoungGen: 304640K->98960K(403968K)] 502441K->296762K(1802240K), 0.0617920 secs] [Times: user=0.36 sys=0.01, real=0.06 secs] 
5093.203: [GC (Allocation Failure) [PSYoungGen: 403600K->142880K(499200K)] 601402K->435278K(1897472K), 0.0497805 secs] [Times: user=0.28 sys=0.00, real=0.05 secs] 
5094.690: [GC (GCLocker Initiated GC) [PSYoungGen: 448544K->101856K(500224K)] 740942K->528314K(1898496K), 0.0631567 secs] [Times: user=0.37 sys=0.00, real=0.06 secs] 
5096.761: [GC (Allocation Failure) [PSYoungGen: 407520K->142528K(500736K)] 834030K->667887K(1899008K), 0.0506767 secs] [Times: user=0.30 sys=0.00, real=0.05 secs] 
5099.228: [GC (Allocation Failure) [PSYoungGen: 452288K->100128K(501760K)] 977647K->759199K(1900032K), 0.0857561 secs] [Times: user=0.51 sys=0.01, real=0.08 secs] 
5102.096: [GC (Allocation Failure) [PSYoungGen: 409888K->141472K(503808K)] 1068959K->898424K(1902080K), 0.0500882 secs] [Times: user=0.29 sys=0.00, real=0.05 secs] 
5104.161: [GC (Allocation Failure) [PSYoungGen: 456352K->104752K(504832K)] 1213304K->994224K(1903104K), 0.0673777 secs] [Times: user=0.40 sys=0.00, real=0.07 secs] 
5106.905: [GC (Allocation Failure) [PSYoungGen: 419632K->145856K(503808K)] 1309104K->1136901K(1902080K), 0.0527464 secs] [Times: user=0.31 sys=0.01, real=0.06 secs] 
5108.132: [GC (Allocation Failure) [PSYoungGen: 463296K->108992K(506368K)] 1454341K->1236493K(1904640K), 0.0673808 secs] [Times: user=0.40 sys=0.00, real=0.07 secs] 
5110.438: [GC (Allocation Failure) [PSYoungGen: 426432K->144896K(506368K)] 1553933K->1378937K(1904640K), 0.0541770 secs] [Times: user=0.32 sys=0.00, real=0.05 secs] 
5110.492: [Full GC (Ergonomics) [PSYoungGen: 144896K->0K(506368K)] [ParOldGen: 1234041K->177140K(1398272K)] 1378937K->177140K(1904640K), [Metaspace: 59633K->59633K(1105920K)], 0.4092167 secs] [Times: user=1.87 sys=0.00, real=0.41 secs] 
5112.280: [GC (GCLocker Initiated GC) [PSYoungGen: 321536K->109408K(508416K)] 498676K->286548K(1906688K), 0.0348956 secs] [Times: user=0.21 sys=0.00, real=0.03 secs] 
5113.930: [GC (Allocation Failure) [PSYoungGen: 430944K->155872K(503296K)] 608140K->440529K(1901568K), 0.0543856 secs] [Times: user=0.32 sys=0.00, real=0.05 secs] 
5115.456: [GC (Allocation Failure) [PSYoungGen: 475872K->108128K(509440K)] 760529K->531505K(1907712K), 0.0790470 secs] [Times: user=0.45 sys=0.00, real=0.08 secs] 
5118.443: [GC (Allocation Failure) [PSYoungGen: 428128K->147872K(507392K)] 851505K->676134K(1905664K), 0.0524857 secs] [Times: user=0.31 sys=0.00, real=0.05 secs] 
5120.486: [GC (GCLocker Initiated GC) [PSYoungGen: 468896K->105456K(509952K)] 997159K->772392K(1908224K), 0.1048002 secs] [Times: user=0.60 sys=0.00, real=0.10 secs] 
5122.428: [GC (Allocation Failure) [PSYoungGen: 426480K->149616K(506368K)] 1093418K->918202K(1904640K), 0.0524975 secs] [Times: user=0.30 sys=0.01, real=0.05 secs] 
5125.182: [GC (Allocation Failure) [PSYoungGen: 469616K->107536K(509440K)] 1238202K->1016714K(1907712K), 0.1709028 secs] [Times: user=1.02 sys=0.00, real=0.17 secs] 
5127.074: [GC (Allocation Failure) [PSYoungGen: 427536K->147936K(506880K)] 1336714K->1161314K(1905152K), 0.0522440 secs] [Times: user=0.31 sys=0.00, real=0.06 secs] 
5129.273: [GC (Allocation Failure) [PSYoungGen: 468448K->107264K(509440K)] 1481826K->1259990K(1907712K), 0.1096170 secs] [Times: user=0.65 sys=0.00, real=0.11 secs] 
5130.670: [GC (Allocation Failure) [PSYoungGen: 419386K->144160K(509440K)] 1572113K->1400475K(1907712K), 0.0512954 secs] [Times: user=0.31 sys=0.00, real=0.05 secs] 
5130.722: [Full GC (Ergonomics) [PSYoungGen: 144160K->0K(509440K)] [ParOldGen: 1256315K->197927K(1398272K)] 1400475K->197927K(1907712K), [Metaspace: 59635K->59635K(1105920K)], 0.4761722 secs] [Times: user=2.18 sys=0.00, real=0.48 secs] 
5134.195: [GC (Allocation Failure) [PSYoungGen: 323072K->107024K(509952K)] 520999K->304952K(1908224K), 0.1079934 secs] [Times: user=0.64 sys=0.00, real=0.11 secs] 
5135.734: [GC (Allocation Failure) [PSYoungGen: 421585K->144672K(508416K)] 619513K->445564K(1906688K), 0.0506445 secs] [Times: user=0.30 sys=0.00, real=0.05 secs] 
5138.559: [GC (Allocation Failure) [PSYoungGen: 468768K->104384K(509952K)] 769660K->541196K(1908224K), 0.1496179 secs] [Times: user=0.88 sys=0.01, real=0.15 secs] 
5140.654: [GC (Allocation Failure) [PSYoungGen: 422773K->147104K(509952K)] 859585K->683937K(1908224K), 0.0502333 secs] [Times: user=0.30 sys=0.00, real=0.05 secs] 
5144.017: [GC (Allocation Failure) [PSYoungGen: 473248K->106944K(512512K)] 1010081K->782001K(1910784K), 0.1726439 secs] [Times: user=1.03 sys=0.01, real=0.17 secs] 
5144.900: [GC (Allocation Failure) [PSYoungGen: 416716K->144256K(511488K)] 1091774K->922294K(1909760K), 0.0510808 secs] [Times: user=0.30 sys=0.00, real=0.05 secs] 
5146.802: [GC (Allocation Failure) [PSYoungGen: 471936K->111392K(439296K)] 1249974K->1024654K(1837568K), 0.1688661 secs] [Times: user=1.01 sys=0.00, real=0.17 secs] 
5148.129: [GC (Allocation Failure) [PSYoungGen: 439072K->154128K(506880K)] 1352334K->1174664K(1905152K), 0.0533131 secs] [Times: user=0.31 sys=0.01, real=0.05 secs] 
5152.280: [GC (Allocation Failure) [PSYoungGen: 479248K->95824K(512000K)] 1499784K->1269708K(1910272K), 0.1625311 secs] [Times: user=0.96 sys=0.00, real=0.16 secs] 
5153.159: [GC (Allocation Failure) [PSYoungGen: 420944K->158272K(500224K)] 1594828K->1421712K(1898496K), 0.0557394 secs] [Times: user=0.33 sys=0.00, real=0.05 secs] 
5153.215: [Full GC (Ergonomics) [PSYoungGen: 158272K->0K(500224K)] [ParOldGen: 1263440K->220073K(1398272K)] 1421712K->220073K(1898496K), [Metaspace: 59674K->59674K(1105920K)], 0.5134566 secs] [Times: user=2.40 sys=0.00, real=0.52 secs] 
5156.781: [GC (Allocation Failure) [PSYoungGen: 313856K->93136K(506368K)] 533929K->313210K(1904640K), 0.1179846 secs] [Times: user=0.70 sys=0.00, real=0.12 secs] 
5158.161: [GC (Allocation Failure) [PSYoungGen: 406992K->148464K(502272K)] 627066K->455035K(1900544K), 0.0920371 secs] [Times: user=0.55 sys=0.01, real=0.09 secs] 
5162.133: [GC (Allocation Failure) [PSYoungGen: 458224K->89568K(504320K)] 764795K->544482K(1902592K), 0.1493381 secs] [Times: user=0.76 sys=0.00, real=0.15 secs] 
5162.938: [GC (Allocation Failure) [PSYoungGen: 399328K->148768K(499712K)] 854242K->687263K(1897984K), 0.0537899 secs] [Times: user=0.32 sys=0.00, real=0.05 secs] 
5165.147: [GC (Allocation Failure) [PSYoungGen: 451679K->91696K(502272K)] 990174K->778424K(1900544K), 0.1750477 secs] [Times: user=1.04 sys=0.00, real=0.17 secs] 
5166.938: [GC (Allocation Failure) [PSYoungGen: 390905K->138864K(499200K)] 1077632K->913181K(1897472K), 0.0512576 secs] [Times: user=0.30 sys=0.00, real=0.05 secs] 
5169.244: [GC (Allocation Failure) [PSYoungGen: 446064K->100320K(501248K)] 1220381K->1004264K(1899520K), 0.0867263 secs] [Times: user=0.51 sys=0.00, real=0.09 secs] 
5171.386: [GC (Allocation Failure) [PSYoungGen: 407520K->141728K(503296K)] 1311464K->1142545K(1901568K), 0.0509427 secs] [Times: user=0.31 sys=0.00, real=0.05 secs] 
5173.756: [GC (Allocation Failure) [PSYoungGen: 454048K->103712K(503808K)] 1454865K->1237089K(1902080K), 0.0832482 secs] [Times: user=0.49 sys=0.01, real=0.08 secs] 
5175.688: [GC (Allocation Failure) [PSYoungGen: 416032K->144576K(503296K)] 1549409K->1377626K(1901568K), 0.0521338 secs] [Times: user=0.31 sys=0.00, real=0.05 secs] 
5175.740: [Full GC (Ergonomics) [PSYoungGen: 144576K->0K(503296K)] [ParOldGen: 1233050K->186001K(1398272K)] 1377626K->186001K(1901568K), [Metaspace: 59674K->59674K(1105920K)], 0.4466198 secs] [Times: user=2.09 sys=0.00, real=0.45 secs] 
5177.326: [GC (Allocation Failure) [PSYoungGen: 314880K->105089K(504832K)] 500881K->291091K(1903104K), 0.0326840 secs] [Times: user=0.19 sys=0.00, real=0.03 secs] 
5180.035: [GC (Allocation Failure) [PSYoungGen: 419969K->147104K(504832K)] 605971K->434675K(1903104K), 0.0517082 secs] [Times: user=0.30 sys=0.00, real=0.06 secs] 
5182.183: [GC (Allocation Failure) [PSYoungGen: 465056K->107120K(507392K)] 752627K->532819K(1905664K), 0.0946872 secs] [Times: user=0.56 sys=0.00, real=0.10 secs] 
5183.400: [GC (Allocation Failure) [PSYoungGen: 425072K->148352K(505344K)] 850771K->677675K(1903616K), 0.0522705 secs] [Times: user=0.31 sys=0.00, real=0.05 secs] 
5186.774: [GC (Allocation Failure) [PSYoungGen: 467840K->105904K(508416K)] 997163K->774892K(1906688K), 0.0851935 secs] [Times: user=0.50 sys=0.00, real=0.09 secs] 
5188.761: [GC (Allocation Failure) [PSYoungGen: 425392K->146704K(508416K)] 1094380K->917577K(1906688K), 0.0515465 secs] [Times: user=0.30 sys=0.00, real=0.05 secs] 
5191.387: [GC (Allocation Failure) [PSYoungGen: 468752K->109056K(431616K)] 1239625K->1017168K(1829888K), 0.1446118 secs] [Times: user=0.86 sys=0.00, real=0.14 secs] 
5193.215: [GC (Allocation Failure) [PSYoungGen: 431104K->147392K(506368K)] 1339216K->1160805K(1904640K), 0.1000405 secs] [Times: user=0.59 sys=0.00, real=0.10 secs] 
5196.384: [GC (GCLocker Initiated GC) [PSYoungGen: 468928K->106640K(508928K)] 1482342K->1258319K(1907200K), 0.1294063 secs] [Times: user=0.77 sys=0.00, real=0.13 secs] 
5198.088: [GC (Allocation Failure) [PSYoungGen: 428176K->140544K(511488K)] 1596290K->1410894K(1909760K), 0.2507943 secs] [Times: user=1.50 sys=0.01, real=0.25 secs] 
5198.339: [Full GC (Ergonomics) [PSYoungGen: 140544K->0K(511488K)] [ParOldGen: 1270350K->208823K(1398272K)] 1410894K->208823K(1909760K), [Metaspace: 59674K->59674K(1105920K)], 0.4130105 secs] [Times: user=1.82 sys=0.00, real=0.41 secs] 
5202.410: [GC (Allocation Failure) [PSYoungGen: 326656K->99168K(511488K)] 535479K->307991K(1909760K), 0.1731794 secs] [Times: user=1.03 sys=0.00, real=0.17 secs] 
5203.577: [GC (Allocation Failure) [PSYoungGen: 425824K->156352K(502784K)] 634647K->458768K(1901056K), 0.0957168 secs] [Times: user=0.56 sys=0.01, real=0.09 secs] 
5206.155: [GC (Allocation Failure) [PSYoungGen: 475328K->98432K(508928K)] 777744K->556936K(1907200K), 0.1614594 secs] [Times: user=0.97 sys=0.00, real=0.17 secs] 
5207.477: [GC (Allocation Failure) [PSYoungGen: 417408K->152224K(502272K)] 875912K->702859K(1900544K), 0.1583839 secs] [Times: user=0.94 sys=0.00, real=0.15 secs] 
5212.793: [GC (Allocation Failure) [PSYoungGen: 466080K->88160K(506368K)] 1016715K->790379K(1904640K), 0.1628944 secs] [Times: user=0.97 sys=0.00, real=0.17 secs] 
5213.254: [GC (Allocation Failure) [PSYoungGen: 402016K->153280K(498176K)] 1104235K->937440K(1896448K), 0.0546928 secs] [Times: user=0.32 sys=0.01, real=0.06 secs] 
5216.288: [GC (Allocation Failure) [PSYoungGen: 458944K->89264K(502272K)] 1243104K->1026397K(1900544K), 0.1671671 secs] [Times: user=0.99 sys=0.00, real=0.16 secs] 
5217.314: [GC (Allocation Failure) [PSYoungGen: 394928K->148048K(498688K)] 1332061K->1168538K(1896960K), 0.1304640 secs] [Times: user=0.77 sys=0.00, real=0.13 secs] 
5221.269: [GC (Allocation Failure) [PSYoungGen: 450640K->86848K(500736K)] 1471130K->1255081K(1899008K), 0.1516842 secs] [Times: user=0.90 sys=0.00, real=0.15 secs] 
5221.801: [GC (Allocation Failure) [PSYoungGen: 386107K->140192K(498688K)] 1554340K->1391414K(1896960K), 0.0496806 secs] [Times: user=0.30 sys=0.00, real=0.05 secs] 
5221.851: [Full GC (Ergonomics) [PSYoungGen: 140192K->0K(498688K)] [ParOldGen: 1251222K->197211K(1398272K)] 1391414K->197211K(1896960K), [Metaspace: 59674K->59674K(1105920K)], 0.4741200 secs] [Times: user=2.19 sys=0.00, real=0.47 secs] 
5223.584: [GC (Allocation Failure) [PSYoungGen: 303616K->97872K(500224K)] 500827K->295084K(1898496K), 0.0415414 secs] [Times: user=0.24 sys=0.00, real=0.04 secs] 
5225.797: [GC (Allocation Failure) [PSYoungGen: 401488K->143264K(499712K)] 598700K->434132K(1897984K), 0.0480210 secs] [Times: user=0.28 sys=0.00, real=0.04 secs] 
5227.754: [GC (Allocation Failure) [PSYoungGen: 449440K->102736K(500736K)] 740308K->527277K(1899008K), 0.0645227 secs] [Times: user=0.38 sys=0.00, real=0.07 secs] 
5229.351: [GC (Allocation Failure) [PSYoungGen: 408912K->142656K(500736K)] 833453K->666777K(1899008K), 0.0517098 secs] [Times: user=0.31 sys=0.00, real=0.05 secs] 
5232.552: [GC (Allocation Failure) [PSYoungGen: 452416K->101472K(501760K)] 976537K->759385K(1900032K), 0.0722353 secs] [Times: user=0.43 sys=0.00, real=0.07 secs] 
5234.780: [GC (Allocation Failure) [PSYoungGen: 411232K->141104K(504320K)] 1069145K->898150K(1902592K), 0.0513229 secs] [Times: user=0.30 sys=0.00, real=0.05 secs] 
5237.056: [GC (Allocation Failure) [PSYoungGen: 456496K->107968K(504832K)] 1213542K->996534K(1903104K), 0.0645284 secs] [Times: user=0.39 sys=0.00, real=0.06 secs] 
5240.212: [GC (Allocation Failure) [PSYoungGen: 423360K->142560K(504320K)] 1311926K->1136459K(1902592K), 0.0545205 secs] [Times: user=0.32 sys=0.00, real=0.06 secs] 
5241.450: [GC (Allocation Failure) [PSYoungGen: 461536K->109936K(505856K)] 1455435K->1236855K(1904128K), 0.0661855 secs] [Times: user=0.40 sys=0.00, real=0.07 secs] 
5243.362: [GC (Allocation Failure) [PSYoungGen: 428912K->145568K(506880K)] 1555831K->1380343K(1905152K), 0.0550310 secs] [Times: user=0.32 sys=0.00, real=0.06 secs] 
5243.417: [Full GC (Ergonomics) [PSYoungGen: 145568K->0K(506880K)] [ParOldGen: 1234775K->178647K(1398272K)] 1380343K->178647K(1905152K), [Metaspace: 59674K->59674K(1105920K)], 0.4126239 secs] [Times: user=1.90 sys=0.00, real=0.41 secs] 
5246.197: [GC (Allocation Failure) [PSYoungGen: 324096K->112096K(509440K)] 502743K->290743K(1907712K), 0.0465962 secs] [Times: user=0.27 sys=0.00, real=0.04 secs] 
5248.822: [GC (Allocation Failure) [PSYoungGen: 436192K->149392K(508928K)] 614839K->434468K(1907200K), 0.0540786 secs] [Times: user=0.32 sys=0.00, real=0.06 secs] 
5250.831: [GC (Allocation Failure) [PSYoungGen: 476560K->109616K(512512K)] 761636K->534940K(1910784K), 0.0805674 secs] [Times: user=0.47 sys=0.00, real=0.08 secs] 
5253.685: [GC (Allocation Failure) [PSYoungGen: 436784K->151904K(507392K)] 862108K->683416K(1905664K), 0.1367614 secs] [Times: user=0.81 sys=0.01, real=0.14 secs] 
5256.591: [GC (Allocation Failure) [PSYoungGen: 477024K->107296K(512000K)] 1008536K->782068K(1910272K), 0.1690433 secs] [Times: user=1.00 sys=0.00, real=0.17 secs] 
5257.929: [GC (Allocation Failure) [PSYoungGen: 432416K->154160K(505344K)] 1107188K->931874K(1903616K), 0.0528565 secs] [Times: user=0.31 sys=0.00, real=0.05 secs] 
5261.313: [GC (GCLocker Initiated GC) [PSYoungGen: 475184K->95168K(509952K)] 1252899K->1026474K(1908224K), 0.1764235 secs] [Times: user=1.05 sys=0.00, real=0.18 secs] 
5262.576: [GC (Allocation Failure) [PSYoungGen: 416192K->152192K(502272K)] 1347553K->1174582K(1900544K), 0.0563207 secs] [Times: user=0.34 sys=0.00, real=0.05 secs] 
5265.125: [GC (Allocation Failure) [PSYoungGen: 466048K->93600K(506368K)] 1488438K->1267766K(1904640K), 0.1686289 secs] [Times: user=1.00 sys=0.00, real=0.17 secs] 
5266.788: [GC (Allocation Failure) [PSYoungGen: 407456K->167424K(488960K)] 1581622K->1429275K(1887232K), 0.0892193 secs] [Times: user=0.52 sys=0.00, real=0.09 secs] 
5266.878: [Full GC (Ergonomics) [PSYoungGen: 167424K->0K(488960K)] [ParOldGen: 1261851K->208969K(1398272K)] 1429275K->208969K(1887232K), [Metaspace: 59674K->59674K(1105920K)], 0.5309442 secs] [Times: user=2.50 sys=0.01, real=0.53 secs] 
5270.067: [GC (Allocation Failure) [PSYoungGen: 297472K->85408K(382976K)] 506441K->294377K(1781248K), 0.1544356 secs] [Times: user=0.91 sys=0.01, real=0.15 secs] 
5271.841: [GC (Allocation Failure) [PSYoungGen: 382880K->140400K(499712K)] 591849K->430594K(1897984K), 0.0477866 secs] [Times: user=0.27 sys=0.00, real=0.05 secs] 
5273.545: [GC (Allocation Failure) [PSYoungGen: 438896K->96992K(395776K)] 729090K->518841K(1794048K), 0.0620134 secs] [Times: user=0.37 sys=0.00, real=0.07 secs] 
5275.800: [GC (Allocation Failure) [PSYoungGen: 395488K->138992K(497152K)] 817337K->653931K(1895424K), 0.0481068 secs] [Times: user=0.29 sys=0.00, real=0.05 secs] 
5277.321: [GC (Allocation Failure) [PSYoungGen: 439024K->99680K(495616K)] 953963K->744066K(1893888K), 0.0735558 secs] [Times: user=0.44 sys=0.00, real=0.07 secs] 
5278.411: [GC (Allocation Failure) [PSYoungGen: 399712K->138432K(499712K)] 1044098K->880339K(1897984K), 0.0503077 secs] [Times: user=0.30 sys=0.00, real=0.05 secs] 
5281.348: [GC (Allocation Failure) [PSYoungGen: 445632K->104336K(498688K)] 1187539K->975356K(1896960K), 0.0642370 secs] [Times: user=0.37 sys=0.01, real=0.06 secs] 
5283.972: [GC (Allocation Failure) [PSYoungGen: 411536K->136512K(504832K)] 1282556K->1110220K(1903104K), 0.0556131 secs] [Times: user=0.32 sys=0.01, real=0.06 secs] 
5285.690: [GC (Allocation Failure) [PSYoungGen: 452928K->110880K(503296K)] 1426636K->1211340K(1901568K), 0.0670590 secs] [Times: user=0.39 sys=0.00, real=0.07 secs] 
5288.015: [GC (Allocation Failure) [PSYoungGen: 427296K->139040K(505856K)] 1527756K->1349653K(1904128K), 0.0683492 secs] [Times: user=0.40 sys=0.01, real=0.07 secs] 
5291.052: [GC (Allocation Failure) [PSYoungGen: 462112K->110400K(506368K)] 1672725K->1451565K(1904640K), 0.0652673 secs] [Times: user=0.39 sys=0.00, real=0.07 secs] 
5291.117: [Full GC (Ergonomics) [PSYoungGen: 110400K->0K(506368K)] [ParOldGen: 1341165K->21167K(1398272K)] 1451565K->21167K(1904640K), [Metaspace: 59675K->59675K(1105920K)], 0.0297373 secs] [Times: user=0.07 sys=0.00, real=0.03 secs] 
5293.384: [GC (Allocation Failure) [PSYoungGen: 323072K->153808K(505856K)] 344239K->174976K(1904128K), 0.0289374 secs] [Times: user=0.17 sys=0.00, real=0.03 secs] 
5294.785: [GC (Allocation Failure) [PSYoungGen: 480464K->112096K(512000K)] 501632K->269544K(1910272K), 0.0665368 secs] [Times: user=0.40 sys=0.00, real=0.07 secs] 
5298.401: [GC (Allocation Failure) [PSYoungGen: 438752K->150240K(509952K)] 596200K->417380K(1908224K), 0.0543542 secs] [Times: user=0.33 sys=0.00, real=0.05 secs] 
5299.721: [GC (Allocation Failure) [PSYoungGen: 478432K->112112K(513536K)] 745572K->520093K(1911808K), 0.0675272 secs] [Times: user=0.39 sys=0.00, real=0.07 secs] 
5302.466: [GC (Allocation Failure) [PSYoungGen: 440304K->151968K(508416K)] 848285K->668397K(1906688K), 0.0544429 secs] [Times: user=0.32 sys=0.00, real=0.05 secs] 
5305.232: [GC (Allocation Failure) [PSYoungGen: 478112K->109568K(512512K)] 994541K->769061K(1910784K), 0.1137224 secs] [Times: user=0.68 sys=0.00, real=0.11 secs] 
5307.495: [GC (Allocation Failure) [PSYoungGen: 432323K->150208K(508928K)] 1091817K->915582K(1907200K), 0.0527153 secs] [Times: user=0.32 sys=0.00, real=0.06 secs] 
5309.382: [GC (Allocation Failure) [PSYoungGen: 475328K->108352K(512000K)] 1240702K->1014838K(1910272K), 0.1134042 secs] [Times: user=0.67 sys=0.00, real=0.11 secs] 
5310.558: [GC (Allocation Failure) [PSYoungGen: 433472K->154816K(504320K)] 1339958K->1165863K(1902592K), 0.0526360 secs] [Times: user=0.31 sys=0.00, real=0.05 secs] 
5313.715: [GC (Allocation Failure) [PSYoungGen: 474816K->98736K(509440K)] 1485863K->1264340K(1907712K), 0.1551154 secs] [Times: user=0.93 sys=0.00, real=0.16 secs] 
5314.483: [GC (Allocation Failure) [PSYoungGen: 418736K->154464K(502272K)] 1584340K->1412768K(1900544K), 0.0567947 secs] [Times: user=0.33 sys=0.00, real=0.06 secs] 
5314.540: [Full GC (Ergonomics) [PSYoungGen: 154464K->0K(502272K)] [ParOldGen: 1258304K->215381K(1398272K)] 1412768K->215381K(1900544K), [Metaspace: 59675K->59675K(1105920K)], 0.5047892 secs] [Times: user=2.36 sys=0.00, real=0.50 secs] 
5317.891: [GC (Allocation Failure) [PSYoungGen: 313856K->91232K(405504K)] 529237K->306613K(1803776K), 0.1576679 secs] [Times: user=0.94 sys=0.00, real=0.16 secs] 
5318.491: [GC (Allocation Failure) [PSYoungGen: 405088K->153120K(498688K)] 620469K->453810K(1896960K), 0.0539737 secs] [Times: user=0.31 sys=0.00, real=0.05 secs] 
5321.815: [GC (Allocation Failure) [PSYoungGen: 458784K->88288K(502272K)] 759474K->541874K(1900544K), 0.1512325 secs] [Times: user=0.89 sys=0.00, real=0.16 secs] 
5323.078: [GC (Allocation Failure) [PSYoungGen: 393952K->147456K(499712K)] 847538K->683147K(1897984K), 0.0524346 secs] [Times: user=0.31 sys=0.00, real=0.05 secs] 
5325.539: [GC (Allocation Failure) [PSYoungGen: 451072K->90272K(501248K)] 986763K->772987K(1899520K), 0.1718257 secs] [Times: user=1.02 sys=0.00, real=0.17 secs] 
5327.150: [GC (Allocation Failure) [PSYoungGen: 393888K->143408K(501248K)] 1076603K->912133K(1899520K), 0.0496753 secs] [Times: user=0.29 sys=0.00, real=0.05 secs] 
5329.169: [GC (Allocation Failure) [PSYoungGen: 448048K->99200K(403968K)] 1216773K->1002188K(1802240K), 0.1528223 secs] [Times: user=0.91 sys=0.01, real=0.15 secs] 
5330.940: [GC (Allocation Failure) [PSYoungGen: 403840K->144448K(498176K)] 1306828K->1142393K(1896448K), 0.0494140 secs] [Times: user=0.29 sys=0.00, real=0.05 secs] 
5334.058: [GC (Allocation Failure) [PSYoungGen: 448576K->95392K(499200K)] 1446521K->1228801K(1897472K), 0.0947255 secs] [Times: user=0.56 sys=0.00, real=0.09 secs] 
5337.296: [GC (Allocation Failure) [PSYoungGen: 399520K->140096K(502784K)] 1532929K->1366054K(1901056K), 0.0493095 secs] [Times: user=0.29 sys=0.00, real=0.04 secs] 
5337.346: [Full GC (Ergonomics) [PSYoungGen: 140096K->0K(502784K)] [ParOldGen: 1225958K->173536K(1398272K)] 1366054K->173536K(1901056K), [Metaspace: 59675K->59675K(1105920K)], 0.4192542 secs] [Times: user=1.96 sys=0.00, real=0.42 secs] 
5338.896: [GC (Allocation Failure) [PSYoungGen: 309760K->103200K(413184K)] 483296K->276736K(1811456K), 0.0346539 secs] [Times: user=0.20 sys=0.00, real=0.04 secs] 
5341.281: [GC (Allocation Failure) [PSYoungGen: 412960K->142736K(501248K)] 586496K->416670K(1899520K), 0.0520240 secs] [Times: user=0.31 sys=0.00, real=0.05 secs] 
5342.736: [GC (Allocation Failure) [PSYoungGen: 454544K->105392K(502272K)] 728478K->512862K(1900544K), 0.0767874 secs] [Times: user=0.46 sys=0.01, real=0.08 secs] 
5344.847: [GC (Allocation Failure) [PSYoungGen: 417200K->142432K(504832K)] 824670K->653210K(1903104K), 0.0525547 secs] [Times: user=0.31 sys=0.00, real=0.05 secs] 
5346.076: [GC (Allocation Failure) [PSYoungGen: 460384K->110144K(505856K)] 971162K->754162K(1904128K), 0.0644114 secs] [Times: user=0.38 sys=0.00, real=0.07 secs] 
5349.332: [GC (Allocation Failure) [PSYoungGen: 428096K->152832K(502784K)] 1072114K->902015K(1901056K), 0.0535117 secs] [Times: user=0.31 sys=0.00, real=0.06 secs] 
5350.687: [GC (Allocation Failure) [PSYoungGen: 471808K->107424K(507904K)] 1220991K->992055K(1906176K), 0.0691769 secs] [Times: user=0.41 sys=0.00, real=0.07 secs] 
5353.092: [GC (Allocation Failure) [PSYoungGen: 426400K->147136K(507904K)] 1311031K->1136748K(1906176K), 0.0543586 secs] [Times: user=0.32 sys=0.00, real=0.06 secs] 
5354.312: [GC (Allocation Failure) [PSYoungGen: 469184K->110480K(432640K)] 1458796K->1238188K(1830912K), 0.0679125 secs] [Times: user=0.40 sys=0.01, real=0.07 secs] 
5357.135: [GC (Allocation Failure) [PSYoungGen: 432528K->147712K(506880K)] 1560236K->1383177K(1905152K), 0.0559282 secs] [Times: user=0.33 sys=0.00, real=0.06 secs] 
5357.191: [Full GC (Ergonomics) [PSYoungGen: 147712K->0K(506880K)] [ParOldGen: 1235464K->182166K(1398272K)] 1383177K->182166K(1905152K), [Metaspace: 59675K->59675K(1105920K)], 0.4365324 secs] [Times: user=2.00 sys=0.00, real=0.44 secs] 
5358.750: [GC (Allocation Failure) [PSYoungGen: 322048K->107440K(509440K)] 504214K->289606K(1907712K), 0.0335901 secs] [Times: user=0.20 sys=0.00, real=0.03 secs] 
5361.424: [GC (Allocation Failure) [PSYoungGen: 429488K->148560K(508928K)] 611654K->434596K(1907200K), 0.0530910 secs] [Times: user=0.31 sys=0.00, real=0.06 secs] 
5363.823: [GC (Allocation Failure) [PSYoungGen: 472656K->109328K(433664K)] 758692K->535192K(1831936K), 0.1686370 secs] [Times: user=0.99 sys=0.01, real=0.17 secs] 
5366.453: [GC (Allocation Failure) [PSYoungGen: 433424K->149056K(507904K)] 859288K->680152K(1906176K), 0.0523844 secs] [Times: user=0.31 sys=0.00, real=0.05 secs] 
5369.136: [GC (Allocation Failure) [PSYoungGen: 472640K->108096K(510976K)] 1003736K->778920K(1909248K), 0.1734406 secs] [Times: user=1.03 sys=0.00, real=0.17 secs] 
5370.540: [GC (Allocation Failure) [PSYoungGen: 431680K->152896K(505856K)] 1102504K->928421K(1904128K), 0.0652083 secs] [Times: user=0.39 sys=0.00, real=0.06 secs] 
5373.638: [GC (Allocation Failure) [PSYoungGen: 473920K->95696K(509952K)] 1249445K->1023886K(1908224K), 0.1649374 secs] [Times: user=0.97 sys=0.00, real=0.16 secs] 
5374.915: [GC (GCLocker Initiated GC) [PSYoungGen: 416720K->151152K(503296K)] 1344910K->1170731K(1901568K), 0.1147101 secs] [Times: user=0.67 sys=0.01, real=0.12 secs] 
5378.436: [GC (Allocation Failure) [PSYoungGen: 466032K->91440K(506880K)] 1485613K->1261573K(1905152K), 0.1670732 secs] [Times: user=0.98 sys=0.02, real=0.17 secs] 
5380.430: [GC (Allocation Failure) [PSYoungGen: 395633K->140384K(505344K)] 1565766K->1397429K(1903616K), 0.0501677 secs] [Times: user=0.29 sys=0.00, real=0.05 secs] 
5380.480: [Full GC (Ergonomics) [PSYoungGen: 140384K->0K(505344K)] [ParOldGen: 1257045K->196023K(1398272K)] 1397429K->196023K(1903616K), [Metaspace: 59675K->59675K(1105920K)], 0.4731155 secs] [Times: user=2.20 sys=0.00, real=0.47 secs] 
5383.587: [GC (Allocation Failure) [PSYoungGen: 315392K->101536K(506368K)] 511415K->297559K(1904640K), 0.0507029 secs] [Times: user=0.29 sys=0.00, real=0.05 secs] 
5385.508: [GC (Allocation Failure) [PSYoungGen: 416928K->145472K(504832K)] 612951K->439436K(1903104K), 0.0492223 secs] [Times: user=0.29 sys=0.00, real=0.05 secs] 
5387.373: [GC (Allocation Failure) [PSYoungGen: 461888K->106304K(506368K)] 755852K->536712K(1904640K), 0.0766120 secs] [Times: user=0.45 sys=0.00, real=0.08 secs] 
5389.167: [GC (Allocation Failure) [PSYoungGen: 422720K->146560K(504832K)] 853128K->679276K(1903104K), 0.0516501 secs] [Times: user=0.30 sys=0.01, real=0.05 secs] 
5391.874: [GC (GCLocker Initiated GC) [PSYoungGen: 464512K->105888K(507392K)] 997229K->776429K(1905664K), 0.0958584 secs] [Times: user=0.57 sys=0.00, real=0.10 secs] 
5393.529: [GC (Allocation Failure) [PSYoungGen: 423840K->156432K(501248K)] 1094384K->928261K(1899520K), 0.0517640 secs] [Times: user=0.30 sys=0.00, real=0.05 secs] 
5397.515: [GC (Allocation Failure) [PSYoungGen: 471312K->103744K(506880K)] 1243141K->1014204K(1905152K), 0.1241437 secs] [Times: user=0.73 sys=0.00, real=0.13 secs] 
5399.278: [GC (Allocation Failure) [PSYoungGen: 418624K->148080K(504320K)] 1329084K->1158410K(1902592K), 0.0505881 secs] [Times: user=0.30 sys=0.00, real=0.05 secs] 
5401.373: [GC (Allocation Failure) [PSYoungGen: 462960K->103921K(506880K)] 1473290K->1253318K(1905152K), 0.0967081 secs] [Times: user=0.58 sys=0.00, real=0.10 secs] 
5403.651: [GC (Allocation Failure) [PSYoungGen: 418801K->144816K(505856K)] 1568198K->1394717K(1904128K), 0.0520629 secs] [Times: user=0.29 sys=0.01, real=0.05 secs] 
5403.703: [Full GC (Ergonomics) [PSYoungGen: 144816K->0K(505856K)] [ParOldGen: 1249900K->193729K(1398272K)] 1394717K->193729K(1904128K), [Metaspace: 59742K->59742K(1105920K)], 0.4629445 secs] [Times: user=2.16 sys=0.00, real=0.46 secs] 
5406.824: [GC (Allocation Failure) [PSYoungGen: 316416K->101952K(506880K)] 510145K->295681K(1905152K), 0.0602649 secs] [Times: user=0.35 sys=0.01, real=0.06 secs] 
5408.369: [GC (Allocation Failure) [PSYoungGen: 418368K->150032K(504320K)] 612097K->441631K(1902592K), 0.0497857 secs] [Times: user=0.30 sys=0.00, real=0.05 secs] 
5410.512: [GC (Allocation Failure) [PSYoungGen: 465936K->106992K(507392K)] 757535K->539767K(1905664K), 0.1663781 secs] [Times: user=0.99 sys=0.01, real=0.17 secs] 
5412.135: [GC (Allocation Failure) [PSYoungGen: 422896K->147680K(505344K)] 855671K->683555K(1903616K), 0.0526397 secs] [Times: user=0.31 sys=0.00, real=0.06 secs] 
5414.725: [GC (Allocation Failure) [PSYoungGen: 464608K->103648K(507392K)] 1000483K->777439K(1905664K), 0.1580322 secs] [Times: user=0.94 sys=0.00, real=0.16 secs] 
5416.327: [GC (Allocation Failure) [PSYoungGen: 419898K->148768K(505344K)] 1093689K->922452K(1903616K), 0.0515752 secs] [Times: user=0.30 sys=0.00, real=0.05 secs] 
5418.815: [GC (Allocation Failure) [PSYoungGen: 466208K->103008K(507904K)] 1239892K->1016632K(1906176K), 0.1230774 secs] [Times: user=0.74 sys=0.00, real=0.13 secs] 
5420.316: [GC (Allocation Failure) [PSYoungGen: 420448K->148432K(505344K)] 1334072K->1161121K(1903616K), 0.0515443 secs] [Times: user=0.31 sys=0.00, real=0.05 secs] 
5424.094: [GC (Allocation Failure) [PSYoungGen: 465360K->100528K(507904K)] 1478049K->1252721K(1906176K), 0.1422327 secs] [Times: user=0.84 sys=0.00, real=0.15 secs] 
5425.195: [GC (Allocation Failure) [PSYoungGen: 417456K->150176K(503808K)] 1569649K->1399046K(1902080K), 0.0513334 secs] [Times: user=0.30 sys=0.01, real=0.06 secs] 
5425.246: [Full GC (Ergonomics) [PSYoungGen: 150176K->0K(503808K)] [ParOldGen: 1248870K->196333K(1398272K)] 1399046K->196333K(1902080K), [Metaspace: 59742K->59742K(1105920K)], 0.4754091 secs] [Times: user=2.22 sys=0.00, real=0.47 secs] 
5427.877: [GC (Allocation Failure) [PSYoungGen: 314880K->102608K(506880K)] 511213K->298942K(1905152K), 0.0498161 secs] [Times: user=0.29 sys=0.00, real=0.05 secs] 
5429.609: [GC (Allocation Failure) [PSYoungGen: 417488K->149488K(503808K)] 613822K->444034K(1902080K), 0.0493621 secs] [Times: user=0.30 sys=0.00, real=0.05 secs] 
5431.787: [GC (Allocation Failure) [PSYoungGen: 463344K->102528K(506368K)] 757890K->537713K(1904640K), 0.1663086 secs] [Times: user=0.99 sys=0.00, real=0.16 secs] 
5433.828: [GC (Allocation Failure) [PSYoungGen: 416384K->148496K(503808K)] 851569K->681711K(1902080K), 0.0497411 secs] [Times: user=0.29 sys=0.01, real=0.05 secs] 
5435.393: [GC (Allocation Failure) [PSYoungGen: 462352K->102944K(506368K)] 995567K->775734K(1904640K), 0.0858831 secs] [Times: user=0.52 sys=0.00, real=0.09 secs] 
5437.149: [GC (Allocation Failure) [PSYoungGen: 416800K->147648K(504320K)] 1089590K->920055K(1902592K), 0.0503236 secs] [Times: user=0.30 sys=0.00, real=0.05 secs] 
5439.551: [GC (Allocation Failure) [PSYoungGen: 462016K->100528K(506368K)] 1234423K->1011615K(1904640K), 0.0993867 secs] [Times: user=0.56 sys=0.00, real=0.10 secs] 
5443.031: [GC (Allocation Failure) [PSYoungGen: 414896K->147824K(504832K)] 1325983K->1154804K(1903104K), 0.0496248 secs] [Times: user=0.29 sys=0.00, real=0.05 secs] 
5444.261: [GC (Allocation Failure) [PSYoungGen: 462704K->105600K(420864K)] 1469684K->1251372K(1819136K), 0.0651418 secs] [Times: user=0.38 sys=0.00, real=0.07 secs] 
5446.723: [GC (GCLocker Initiated GC) [PSYoungGen: 420480K->145360K(505344K)] 1566253K->1393370K(1903616K), 0.0526153 secs] [Times: user=0.31 sys=0.01, real=0.06 secs] 
5446.776: [Full GC (Ergonomics) [PSYoungGen: 145360K->0K(505344K)] [ParOldGen: 1248009K->191081K(1398272K)] 1393370K->191081K(1903616K), [Metaspace: 59742K->59742K(1105920K)], 0.4566419 secs] [Times: user=2.12 sys=0.00, real=0.45 secs] 
5450.128: [GC (Allocation Failure) [PSYoungGen: 315904K->102256K(506368K)] 506988K->293340K(1904640K), 0.0318341 secs] [Times: user=0.19 sys=0.00, real=0.03 secs] 
5451.723: [GC (Allocation Failure) [PSYoungGen: 418160K->156960K(499200K)] 609244K->446927K(1897472K), 0.0508249 secs] [Times: user=0.30 sys=0.00, real=0.05 secs] 
5453.206: [GC (Allocation Failure) [PSYoungGen: 467744K->101792K(504832K)] 757711K->531655K(1903104K), 0.0876945 secs] [Times: user=0.52 sys=0.00, real=0.08 secs] 
5455.806: [GC (Allocation Failure) [PSYoungGen: 412576K->145952K(504832K)] 842439K->673652K(1903104K), 0.0506986 secs] [Times: user=0.30 sys=0.00, real=0.05 secs] 
5457.314: [GC (Allocation Failure) [PSYoungGen: 458784K->103472K(416768K)] 986484K->768148K(1815040K), 0.0916171 secs] [Times: user=0.55 sys=0.01, real=0.09 secs] 
5460.277: [GC (Allocation Failure) [PSYoungGen: 416304K->152336K(500736K)] 1080980K->916937K(1899008K), 0.0515256 secs] [Times: user=0.30 sys=0.00, real=0.05 secs] 
5462.036: [GC (Allocation Failure) [PSYoungGen: 462608K->102928K(504320K)] 1227209K->1002313K(1902592K), 0.1112371 secs] [Times: user=0.65 sys=0.01, real=0.11 secs] 
5464.151: [GC (Allocation Failure) [PSYoungGen: 413200K->144064K(504832K)] 1312585K->1142677K(1903104K), 0.0515389 secs] [Times: user=0.31 sys=0.00, real=0.05 secs] 
5465.988: [GC (Allocation Failure) [PSYoungGen: 457331K->106032K(419840K)] 1455945K->1239390K(1818112K), 0.0657318 secs] [Times: user=0.39 sys=0.00, real=0.06 secs] 
5468.102: [GC (Allocation Failure) [PSYoungGen: 419376K->144544K(503296K)] 1552734K->1381330K(1901568K), 0.0529300 secs] [Times: user=0.31 sys=0.00, real=0.05 secs] 
5468.155: [Full GC (Ergonomics) [PSYoungGen: 144544K->0K(503296K)] [ParOldGen: 1236786K->180807K(1398272K)] 1381330K->180807K(1901568K), [Metaspace: 59742K->59722K(1105920K)], 0.4353460 secs] [Times: user=1.99 sys=0.00, real=0.44 secs] 
5470.023: [GC (GCLocker Initiated GC) [PSYoungGen: 314368K->101680K(504320K)] 495175K->282488K(1902592K), 0.0484097 secs] [Times: user=0.27 sys=0.01, real=0.05 secs] 
5472.804: [GC (Allocation Failure) [PSYoungGen: 416048K->144128K(506880K)] 596859K->423823K(1905152K), 0.0511485 secs] [Times: user=0.31 sys=0.00, real=0.05 secs] 
5474.075: [GC (Allocation Failure) [PSYoungGen: 463104K->109408K(428544K)] 742799K->523875K(1826816K), 0.0671718 secs] [Times: user=0.39 sys=0.00, real=0.07 secs] 
5476.388: [GC (Allocation Failure) [PSYoungGen: 428384K->145680K(505344K)] 842851K->667265K(1903616K), 0.0535734 secs] [Times: user=0.32 sys=0.00, real=0.05 secs] 
5477.887: [GC (Allocation Failure) [PSYoungGen: 465680K->108160K(507392K)] 987265K->765992K(1905664K), 0.0873695 secs] [Times: user=0.52 sys=0.00, real=0.08 secs] 
5480.158: [GC (Allocation Failure) [PSYoungGen: 428160K->148512K(507392K)] 1085992K->910945K(1905664K), 0.0534202 secs] [Times: user=0.31 sys=0.01, real=0.05 secs] 
5482.490: [GC (Allocation Failure) [PSYoungGen: 471584K->107456K(510464K)] 1234017K->1009421K(1908736K), 0.1100525 secs] [Times: user=0.66 sys=0.00, real=0.11 secs] 
5484.428: [GC (Allocation Failure) [PSYoungGen: 430528K->152864K(505856K)] 1332493K->1158578K(1904128K), 0.0542124 secs] [Times: user=0.32 sys=0.00, real=0.05 secs] 
5486.748: [GC (Allocation Failure) [PSYoungGen: 473888K->107296K(509952K)] 1479602K->1257102K(1908224K), 0.1834328 secs] [Times: user=1.09 sys=0.00, real=0.18 secs] 
5488.225: [GC (Allocation Failure) [PSYoungGen: 416900K->145072K(509952K)] 1566707K->1398027K(1908224K), 0.0528656 secs] [Times: user=0.31 sys=0.00, real=0.06 secs] 
5488.278: [Full GC (Ergonomics) [PSYoungGen: 145072K->0K(509952K)] [ParOldGen: 1252955K->196637K(1398272K)] 1398027K->196637K(1908224K), [Metaspace: 59722K->59722K(1105920K)], 0.4607715 secs] [Times: user=2.09 sys=0.00, real=0.46 secs] 
5490.735: [GC (Allocation Failure) [PSYoungGen: 323584K->105632K(429568K)] 520221K->302269K(1827840K), 0.0937600 secs] [Times: user=0.53 sys=0.01, real=0.10 secs] 
5492.058: [GC (Allocation Failure) [PSYoungGen: 414968K->146016K(508928K)] 611606K->444578K(1907200K), 0.0702250 secs] [Times: user=0.42 sys=0.00, real=0.07 secs] 
5494.842: [GC (Allocation Failure) [PSYoungGen: 469600K->103424K(510464K)] 768162K->539034K(1908736K), 0.1064309 secs] [Times: user=0.63 sys=0.00, real=0.11 secs] 
5496.711: [GC (Allocation Failure) [PSYoungGen: 420461K->147904K(509440K)] 856072K->683123K(1907712K), 0.0504779 secs] [Times: user=0.30 sys=0.00, real=0.05 secs] 
5500.871: [GC (Allocation Failure) [PSYoungGen: 472000K->105184K(511488K)] 1007219K->779595K(1909760K), 0.1672000 secs] [Times: user=0.99 sys=0.01, real=0.17 secs] 
5503.348: [GC (Allocation Failure) [PSYoungGen: 420528K->146384K(509440K)] 1094940K->922297K(1907712K), 0.0503644 secs] [Times: user=0.30 sys=0.00, real=0.05 secs] 
5505.876: [GC (Allocation Failure) [PSYoungGen: 470480K->106400K(430592K)] 1246393K->1019304K(1828864K), 0.1594002 secs] [Times: user=0.95 sys=0.00, real=0.15 secs] 
5507.774: [GC (Allocation Failure) [PSYoungGen: 416209K->145744K(509440K)] 1329114K->1160526K(1907712K), 0.0513965 secs] [Times: user=0.31 sys=0.00, real=0.05 secs] 
5510.048: [GC (Allocation Failure) [PSYoungGen: 470352K->109088K(510976K)] 1485134K->1260893K(1909248K), 0.1682599 secs] [Times: user=1.00 sys=0.00, real=0.17 secs] 
5510.875: [GC (Allocation Failure) [PSYoungGen: 433696K->153632K(505856K)] 1585501K->1410146K(1904128K), 0.0528881 secs] [Times: user=0.32 sys=0.00, real=0.06 secs] 
5510.928: [Full GC (Ergonomics) [PSYoungGen: 153632K->0K(505856K)] [ParOldGen: 1256514K->207393K(1398272K)] 1410146K->207393K(1904128K), [Metaspace: 59722K->59722K(1105920K)], 0.4684284 secs] [Times: user=2.16 sys=0.00, real=0.47 secs] 
5513.907: [GC (Allocation Failure) [PSYoungGen: 322048K->98224K(510464K)] 529441K->305618K(1908736K), 0.1648013 secs] [Times: user=0.98 sys=0.00, real=0.16 secs] 
5514.697: [GC (Allocation Failure) [PSYoungGen: 420272K->153792K(502272K)] 627666K->453387K(1900544K), 0.0563988 secs] [Times: user=0.33 sys=0.01, real=0.05 secs] 
5517.896: [GC (Allocation Failure) [PSYoungGen: 468672K->94464K(506880K)] 768267K->546663K(1905152K), 0.1324132 secs] [Times: user=0.78 sys=0.01, real=0.13 secs] 
5518.358: [GC (Allocation Failure) [PSYoungGen: 409344K->168272K(488448K)] 861543K->708543K(1886720K), 0.0556007 secs] [Times: user=0.32 sys=0.01, real=0.05 secs] 
5521.489: [GC (Allocation Failure) [PSYoungGen: 465744K->86560K(498176K)] 1006015K->777894K(1896448K), 0.1642661 secs] [Times: user=0.98 sys=0.00, real=0.16 secs] 
5523.151: [GC (Allocation Failure) [PSYoungGen: 384032K->136896K(492032K)] 1075366K->911303K(1890304K), 0.0487498 secs] [Times: user=0.29 sys=0.00, real=0.05 secs] 
5526.619: [GC (Allocation Failure) [PSYoungGen: 434368K->92752K(495104K)] 1208775K->995032K(1893376K), 0.0605624 secs] [Times: user=0.36 sys=0.00, real=0.06 secs] 
5528.838: [GC (Allocation Failure) [PSYoungGen: 390224K->138720K(496640K)] 1292504K->1130268K(1894912K), 0.0482957 secs] [Times: user=0.28 sys=0.00, real=0.05 secs] 
5530.035: [GC (GCLocker Initiated GC) [PSYoungGen: 443872K->100400K(499712K)] 1435421K->1221629K(1897984K), 0.0644516 secs] [Times: user=0.38 sys=0.01, real=0.07 secs] 
5531.681: [GC (Allocation Failure) [PSYoungGen: 405552K->140832K(503808K)] 1526801K->1360521K(1902080K), 0.0516159 secs] [Times: user=0.30 sys=0.01, real=0.05 secs] 
5531.733: [Full GC (Ergonomics) [PSYoungGen: 140832K->0K(503808K)] [ParOldGen: 1219689K->167175K(1398272K)] 1360521K->167175K(1902080K), [Metaspace: 59722K->59722K(1105920K)], 0.3971889 secs] [Times: user=1.81 sys=0.00, real=0.40 secs] 
5533.749: [GC (Allocation Failure) [PSYoungGen: 312320K->107072K(419840K)] 479495K->274247K(1818112K), 0.0378617 secs] [Times: user=0.22 sys=0.00, real=0.04 secs] 
5536.184: [GC (Allocation Failure) [PSYoungGen: 419392K->139776K(503296K)] 586567K->412316K(1901568K), 0.0553862 secs] [Times: user=0.31 sys=0.01, real=0.06 secs] 
5537.762: [GC (Allocation Failure) [PSYoungGen: 455168K->108496K(503296K)] 727708K->511497K(1901568K), 0.0633378 secs] [Times: user=0.37 sys=0.00, real=0.06 secs] 
5540.085: [GC (Allocation Failure) [PSYoungGen: 423888K->141984K(506368K)] 826889K->652143K(1904640K), 0.0967978 secs] [Times: user=0.57 sys=0.01, real=0.10 secs] 
5542.421: [GC (Allocation Failure) [PSYoungGen: 464032K->109248K(507392K)] 974191K->752443K(1905664K), 0.0660811 secs] [Times: user=0.39 sys=0.01, real=0.07 secs] 
5544.641: [GC (Allocation Failure) [PSYoungGen: 431296K->146240K(508416K)] 1074491K->896888K(1906688K), 0.0536305 secs] [Times: user=0.31 sys=0.01, real=0.05 secs] 
5547.002: [GC (Allocation Failure) [PSYoungGen: 472896K->109760K(510976K)] 1223544K->997852K(1909248K), 0.0665160 secs] [Times: user=0.39 sys=0.00, real=0.07 secs] 
5549.521: [GC (Allocation Failure) [PSYoungGen: 436416K->151856K(508416K)] 1324508K->1147062K(1906688K), 0.0554339 secs] [Times: user=0.32 sys=0.01, real=0.06 secs] 
5550.918: [GC (Allocation Failure) [PSYoungGen: 479024K->112256K(513024K)] 1474230K->1250497K(1911296K), 0.0710078 secs] [Times: user=0.42 sys=0.00, real=0.07 secs] 
5553.113: [GC (Allocation Failure) [PSYoungGen: 439424K->148128K(510464K)] 1577665K->1395558K(1908736K), 0.0547869 secs] [Times: user=0.32 sys=0.00, real=0.06 secs] 
5553.168: [Full GC (Ergonomics) [PSYoungGen: 148128K->0K(510464K)] [ParOldGen: 1247430K->193609K(1398272K)] 1395558K->193609K(1908736K), [Metaspace: 59722K->59722K(1105920K)], 0.4671624 secs] [Times: user=2.17 sys=0.01, real=0.46 secs] 
5555.931: [GC (Allocation Failure) [PSYoungGen: 328192K->111280K(513536K)] 521801K->304890K(1911808K), 0.1043921 secs] [Times: user=0.61 sys=0.00, real=0.10 secs] 
5557.348: [GC (Allocation Failure) [PSYoungGen: 439472K->170064K(495104K)] 633082K->471110K(1893376K), 0.0540487 secs] [Times: user=0.32 sys=0.00, real=0.05 secs] 
5560.337: [GC (Allocation Failure) [PSYoungGen: 482896K->92480K(505856K)] 783942K->546710K(1904128K), 0.1734912 secs] [Times: user=1.02 sys=0.01, real=0.17 secs] 
5561.365: [GC (Allocation Failure) [PSYoungGen: 395058K->140592K(503808K)] 849288K->683163K(1902080K), 0.0498775 secs] [Times: user=0.29 sys=0.00, real=0.05 secs] 
5563.201: [GC (Allocation Failure) [PSYoungGen: 453424K->103360K(504832K)] 995995K->777223K(1903104K), 0.0930112 secs] [Times: user=0.55 sys=0.00, real=0.09 secs] 
5564.492: [GC (Allocation Failure) [PSYoungGen: 416192K->146112K(503808K)] 1090055K->919547K(1902080K), 0.0501649 secs] [Times: user=0.30 sys=0.00, real=0.05 secs] 
5568.209: [GC (Allocation Failure) [PSYoungGen: 460480K->99520K(505344K)] 1233915K->1009903K(1903616K), 0.1504594 secs] [Times: user=0.89 sys=0.00, real=0.15 secs] 
5570.524: [GC (Allocation Failure) [PSYoungGen: 413888K->148096K(505344K)] 1324271K->1153508K(1903616K), 0.0508338 secs] [Times: user=0.30 sys=0.00, real=0.05 secs] 
5572.816: [GC (Allocation Failure) [PSYoungGen: 464000K->105328K(421376K)] 1469412K->1249753K(1819648K), 0.1222070 secs] [Times: user=0.73 sys=0.00, real=0.12 secs] 
5575.321: [GC (Allocation Failure) [PSYoungGen: 421232K->145184K(505856K)] 1565657K->1391625K(1904128K), 0.0525387 secs] [Times: user=0.31 sys=0.00, real=0.05 secs] 
5575.374: [Full GC (Ergonomics) [PSYoungGen: 145184K->0K(505856K)] [ParOldGen: 1246441K->190110K(1398272K)] 1391625K->190110K(1904128K), [Metaspace: 59722K->59722K(1105920K)], 0.4581586 secs] [Times: user=2.13 sys=0.00, real=0.46 secs] 
5578.053: [GC (Allocation Failure) [PSYoungGen: 316928K->103232K(506880K)] 507038K->293342K(1905152K), 0.0362958 secs] [Times: user=0.21 sys=0.00, real=0.04 secs] 
5580.360: [GC (Allocation Failure) [PSYoungGen: 420160K->146064K(506368K)] 610270K->435779K(1904640K), 0.0507491 secs] [Times: user=0.29 sys=0.00, real=0.05 secs] 
5582.802: [GC (Allocation Failure) [PSYoungGen: 464528K->107232K(507904K)] 754243K->533423K(1906176K), 0.0640854 secs] [Times: user=0.38 sys=0.00, real=0.07 secs] 
5584.491: [GC (Allocation Failure) [PSYoungGen: 425696K->147840K(505344K)] 851887K->677836K(1903616K), 0.0523025 secs] [Times: user=0.31 sys=0.00, real=0.05 secs] 
5586.650: [GC (Allocation Failure) [PSYoungGen: 466816K->107008K(507904K)] 996812K->775680K(1906176K), 0.1313903 secs] [Times: user=0.78 sys=0.00, real=0.13 secs] 
5587.983: [GC (Allocation Failure) [PSYoungGen: 425984K->148976K(506368K)] 1094656K->920721K(1904640K), 0.0523206 secs] [Times: user=0.30 sys=0.01, real=0.05 secs] 
5590.451: [GC (Allocation Failure) [PSYoungGen: 469488K->106912K(509440K)] 1241233K->1018785K(1907712K), 0.1645450 secs] [Times: user=0.97 sys=0.00, real=0.16 secs] 
5592.818: [GC (Allocation Failure) [PSYoungGen: 421402K->144832K(509440K)] 1333275K->1158925K(1907712K), 0.0511831 secs] [Times: user=0.30 sys=0.00, real=0.05 secs] 
5595.154: [GC (Allocation Failure) [PSYoungGen: 467904K->104512K(510464K)] 1481997K->1254557K(1908736K), 0.1540585 secs] [Times: user=0.89 sys=0.02, real=0.16 secs] 
5596.913: [GC (Allocation Failure) [PSYoungGen: 418379K->146560K(508416K)] 1568424K->1396866K(1906688K), 0.0508816 secs] [Times: user=0.30 sys=0.00, real=0.05 secs] 
5596.964: [Full GC (Ergonomics) [PSYoungGen: 146560K->0K(508416K)] [ParOldGen: 1250306K->196230K(1398272K)] 1396866K->196230K(1906688K), [Metaspace: 59722K->59722K(1105920K)], 0.4523523 secs] [Times: user=2.08 sys=0.00, real=0.46 secs] 
5599.328: [GC (Allocation Failure) [PSYoungGen: 323072K->107072K(510464K)] 519302K->303302K(1908736K), 0.0969201 secs] [Times: user=0.57 sys=0.00, real=0.09 secs] 
5600.829: [GC (Allocation Failure) [PSYoungGen: 416396K->144576K(509952K)] 612627K->443955K(1908224K), 0.0503798 secs] [Times: user=0.29 sys=0.01, real=0.05 secs] 
5603.202: [GC (Allocation Failure) [PSYoungGen: 469696K->108080K(510976K)] 769075K->542932K(1909248K), 0.1499808 secs] [Times: user=0.90 sys=0.00, real=0.15 secs] 
5604.481: [GC (Allocation Failure) [PSYoungGen: 433200K->153440K(506368K)] 868052K->692415K(1904640K), 0.0523669 secs] [Times: user=0.31 sys=0.00, real=0.05 secs] 
5606.699: [GC (Allocation Failure) [PSYoungGen: 476512K->100704K(510976K)] 1015487K->792315K(1909248K), 0.1545598 secs] [Times: user=0.92 sys=0.00, real=0.15 secs] 
5607.269: [GC (Allocation Failure) [PSYoungGen: 423776K->154272K(502784K)] 1115387K->940468K(1901056K), 0.0571752 secs] [Times: user=0.34 sys=0.00, real=0.06 secs] 
5612.269: [GC (Allocation Failure) [PSYoungGen: 470176K->90288K(507392K)] 1256372K->1029741K(1905664K), 0.1673250 secs] [Times: user=1.00 sys=0.00, real=0.17 secs] 
5613.176: [GC (Allocation Failure) [PSYoungGen: 406192K->152608K(500224K)] 1345645K->1176401K(1898496K), 0.0530876 secs] [Times: user=0.32 sys=0.00, real=0.05 secs] 
5616.530: [GC (Allocation Failure) [PSYoungGen: 461344K->91104K(503808K)] 1485137K->1267085K(1902080K), 0.1551994 secs] [Times: user=0.92 sys=0.01, real=0.15 secs] 
5617.560: [GC (Allocation Failure) [PSYoungGen: 399840K->165344K(487936K)] 1575821K->1426038K(1886208K), 0.0544048 secs] [Times: user=0.31 sys=0.01, real=0.05 secs] 
5617.615: [Full GC (Ergonomics) [PSYoungGen: 165344K->0K(487936K)] [ParOldGen: 1260694K->208379K(1398272K)] 1426038K->208379K(1886208K), [Metaspace: 59722K->59722K(1105920K)], 0.4754178 secs] [Times: user=2.19 sys=0.00, real=0.48 secs] 
5620.332: [GC (Allocation Failure) [PSYoungGen: 293376K->82112K(375808K)] 501755K->290491K(1774080K), 0.1625267 secs] [Times: user=0.96 sys=0.00, real=0.16 secs] 
5622.246: [GC (Allocation Failure) [PSYoungGen: 375488K->137952K(498176K)] 583867K->425160K(1896448K), 0.0538390 secs] [Times: user=0.32 sys=0.00, real=0.06 secs] 
5624.211: [GC (Allocation Failure) [PSYoungGen: 432864K->94176K(389120K)] 720072K->510924K(1787392K), 0.0625050 secs] [Times: user=0.37 sys=0.00, real=0.06 secs] 
5626.723: [GC (Allocation Failure) [PSYoungGen: 389088K->136416K(495104K)] 805836K->644917K(1893376K), 0.0496070 secs] [Times: user=0.29 sys=0.00, real=0.05 secs] 
5628.619: [GC (Allocation Failure) [PSYoungGen: 433376K->100272K(493056K)] 941877K->736013K(1891328K), 0.0630192 secs] [Times: user=0.38 sys=0.00, real=0.06 secs] 
5631.052: [GC (Allocation Failure) [PSYoungGen: 397232K->129344K(499200K)] 1032973K->863953K(1897472K), 0.0593424 secs] [Times: user=0.35 sys=0.00, real=0.06 secs] 
5632.377: [GC (Allocation Failure) [PSYoungGen: 437568K->115168K(497152K)] 1172177K->969345K(1895424K), 0.0634927 secs] [Times: user=0.37 sys=0.00, real=0.06 secs] 
5634.992: [GC (Allocation Failure) [PSYoungGen: 423392K->125664K(505344K)] 1277569K->1094745K(1903616K), 0.0704170 secs] [Times: user=0.41 sys=0.00, real=0.07 secs] 
5636.790: [GC (Allocation Failure) [PSYoungGen: 449248K->640K(502272K)] 1418329K->969745K(1900544K), 0.0035918 secs] [Times: user=0.02 sys=0.00, real=0.00 secs] 
5639.749: [GC (Allocation Failure) [PSYoungGen: 324224K->133088K(504320K)] 1293329K->1102201K(1902592K), 0.0364235 secs] [Times: user=0.22 sys=0.00, real=0.04 secs] 
5642.101: [GC (Allocation Failure) [PSYoungGen: 443872K->1664K(312832K)] 1412985K->970809K(1711104K), 0.0037308 secs] [Times: user=0.02 sys=0.00, real=0.00 secs] 
5644.033: [GC (Allocation Failure) [PSYoungGen: 312448K->139712K(486400K)] 1281593K->1108857K(1884672K), 0.0310688 secs] [Times: user=0.18 sys=0.00, real=0.03 secs] 
5646.486: [GC (Allocation Failure) [PSYoungGen: 421824K->208352K(490496K)] 1390969K->1206529K(1888768K), 0.0616596 secs] [Times: user=0.36 sys=0.00, real=0.06 secs] 
5648.813: [GC (Allocation Failure) [PSYoungGen: 490464K->106384K(441344K)] 1488641K->1104618K(1839616K), 0.0368085 secs] [Times: user=0.21 sys=0.01, real=0.04 secs] 
5649.194: [GC (Allocation Failure) [PSYoungGen: 339344K->118848K(465920K)] 1337578K->1205522K(1864192K), 0.0567184 secs] [Times: user=0.33 sys=0.00, real=0.06 secs] 
5650.631: [GC (GCLocker Initiated GC) [PSYoungGen: 351808K->59408K(456192K)] 1438484K->1264948K(1854464K), 0.0759150 secs] [Times: user=0.45 sys=0.00, real=0.08 secs] 
5650.707: [Full GC (Ergonomics) [PSYoungGen: 59408K->0K(456192K)] [ParOldGen: 1205540K->42202K(1398272K)] 1264948K->42202K(1854464K), [Metaspace: 59722K->59722K(1105920K)], 0.0898045 secs] [Times: user=0.33 sys=0.00, real=0.09 secs] 
5652.950: [GC (Allocation Failure) [PSYoungGen: 240640K->109568K(464896K)] 282845K->151773K(1863168K), 0.0312071 secs] [Times: user=0.18 sys=0.00, real=0.03 secs] 
5654.242: [GC (Allocation Failure) [PSYoungGen: 350208K->114464K(459776K)] 392413K->256309K(1858048K), 0.0605306 secs] [Times: user=0.36 sys=0.00, real=0.06 secs] 
5656.503: [GC (Allocation Failure) [PSYoungGen: 376096K->77104K(465920K)] 517941K->333438K(1864192K), 0.0983381 secs] [Times: user=0.58 sys=0.00, real=0.10 secs] 
5656.847: [GC (Allocation Failure) [PSYoungGen: 338736K->125344K(486912K)] 595070K->452626K(1885184K), 0.0479110 secs] [Times: user=0.28 sys=0.00, real=0.04 secs] 
5660.179: [GC (Allocation Failure) [PSYoungGen: 419232K->86560K(492032K)] 746514K->538246K(1890304K), 0.1464819 secs] [Times: user=0.86 sys=0.01, real=0.14 secs] 
5661.040: [GC (Allocation Failure) [PSYoungGen: 380448K->139008K(497664K)] 832134K->673543K(1895936K), 0.0477259 secs] [Times: user=0.28 sys=0.00, real=0.05 secs] 
5662.755: [GC (Allocation Failure) [PSYoungGen: 443648K->99248K(403968K)] 978183K->763608K(1802240K), 0.0614913 secs] [Times: user=0.36 sys=0.01, real=0.07 secs] 
5664.906: [GC (Allocation Failure) [PSYoungGen: 403888K->141056K(495104K)] 1068248K->900800K(1893376K), 0.0489939 secs] [Times: user=0.29 sys=0.00, real=0.04 secs] 
5666.873: [GC (Allocation Failure) [PSYoungGen: 446720K->104368K(499200K)] 1206464K->995637K(1897472K), 0.0643896 secs] [Times: user=0.38 sys=0.01, real=0.07 secs] 
5668.218: [GC (Allocation Failure) [PSYoungGen: 410032K->138880K(500224K)] 1301301K->1132153K(1898496K), 0.0521179 secs] [Times: user=0.30 sys=0.00, real=0.05 secs] 
5671.499: [GC (Allocation Failure) [PSYoungGen: 452224K->103456K(502784K)] 1445497K->1225713K(1901056K), 0.0649299 secs] [Times: user=0.38 sys=0.00, real=0.06 secs] 
5674.691: [GC (Allocation Failure) [PSYoungGen: 416800K->140784K(503296K)] 1539057K->1364191K(1901568K), 0.0540943 secs] [Times: user=0.31 sys=0.01, real=0.05 secs] 
5674.745: [Full GC (Ergonomics) [PSYoungGen: 140784K->0K(503296K)] [ParOldGen: 1223406K->166839K(1398272K)] 1364191K->166839K(1901568K), [Metaspace: 59722K->59722K(1105920K)], 0.3932646 secs] [Times: user=1.82 sys=0.00, real=0.40 secs] 
5676.263: [GC (Allocation Failure) [PSYoungGen: 319488K->109312K(506368K)] 486327K->276151K(1904640K), 0.0363491 secs] [Times: user=0.22 sys=0.00, real=0.04 secs] 
5678.838: [GC (Allocation Failure) [PSYoungGen: 428800K->146272K(503808K)] 595639K->420126K(1902080K), 0.0544469 secs] [Times: user=0.32 sys=0.00, real=0.05 secs] 
5680.638: [GC (Allocation Failure) [PSYoungGen: 469344K->109344K(508928K)] 743198K->520630K(1907200K), 0.0666733 secs] [Times: user=0.40 sys=0.00, real=0.06 secs] 
5682.973: [GC (Allocation Failure) [PSYoungGen: 432416K->149488K(506880K)] 843702K->667620K(1905152K), 0.0539265 secs] [Times: user=0.32 sys=0.00, real=0.06 secs] 
5684.450: [GC (Allocation Failure) [PSYoungGen: 475632K->112128K(512512K)] 993764K->770867K(1910784K), 0.0672650 secs] [Times: user=0.40 sys=0.00, real=0.07 secs] 
5686.680: [GC (Allocation Failure) [PSYoungGen: 438272K->152640K(505344K)] 1097011K->920260K(1903616K), 0.0555672 secs] [Times: user=0.33 sys=0.00, real=0.05 secs] 
5689.340: [GC (Allocation Failure) [PSYoungGen: 476736K->107264K(511488K)] 1244356K->1018492K(1909760K), 0.0855946 secs] [Times: user=0.50 sys=0.00, real=0.08 secs] 
5690.293: [GC (Allocation Failure) [PSYoungGen: 424066K->147696K(508416K)] 1335295K->1161732K(1906688K), 0.0525780 secs] [Times: user=0.31 sys=0.00, real=0.05 secs] 
5694.772: [GC (Allocation Failure) [PSYoungGen: 472816K->106368K(512000K)] 1486852K->1258471K(1910272K), 0.1325717 secs] [Times: user=0.79 sys=0.00, real=0.13 secs] 
5695.727: [GC (Allocation Failure) [PSYoungGen: 431488K->153728K(503808K)] 1583591K->1407996K(1902080K), 0.0536681 secs] [Times: user=0.32 sys=0.00, real=0.05 secs] 
5695.781: [Full GC (Ergonomics) [PSYoungGen: 153728K->0K(503808K)] [ParOldGen: 1254268K->204493K(1398272K)] 1407996K->204493K(1902080K), [Metaspace: 59722K->59722K(1105920K)], 0.4740360 secs] [Times: user=2.19 sys=0.00, real=0.47 secs] 
5700.322: [GC (Allocation Failure) [PSYoungGen: 320000K->93024K(509440K)] 524493K->297517K(1907712K), 0.1481238 secs] [Times: user=0.88 sys=0.01, real=0.15 secs] 
5701.731: [GC (Allocation Failure) [PSYoungGen: 399283K->142304K(508416K)] 603777K->435578K(1906688K), 0.0499768 secs] [Times: user=0.29 sys=0.01, real=0.05 secs] 
5705.015: [GC (Allocation Failure) [PSYoungGen: 462304K->104896K(424960K)] 755578K->531178K(1823232K), 0.1587116 secs] [Times: user=0.95 sys=0.00, real=0.16 secs] 
5706.293: [GC (Allocation Failure) [PSYoungGen: 419850K->146656K(503808K)] 846133K->673879K(1902080K), 0.0506857 secs] [Times: user=0.30 sys=0.00, real=0.05 secs] 
5709.032: [GC (Allocation Failure) [PSYoungGen: 464608K->103168K(506880K)] 991831K->767743K(1905152K), 0.0948007 secs] [Times: user=0.56 sys=0.01, real=0.10 secs] 
5710.947: [GC (Allocation Failure) [PSYoungGen: 420976K->148352K(505856K)] 1085552K->911732K(1904128K), 0.0506102 secs] [Times: user=0.30 sys=0.00, real=0.05 secs] 
5713.790: [GC (Allocation Failure) [PSYoungGen: 468352K->103360K(509440K)] 1231732K->1006148K(1907712K), 0.1668169 secs] [Times: user=0.98 sys=0.01, real=0.17 secs] 
5715.811: [GC (Allocation Failure) [PSYoungGen: 423360K->148032K(506368K)] 1326148K->1150381K(1904640K), 0.0515779 secs] [Times: user=0.31 sys=0.00, real=0.05 secs] 
5718.124: [GC (Allocation Failure) [PSYoungGen: 468032K->108128K(428544K)] 1470381K->1249885K(1826816K), 0.1609831 secs] [Times: user=0.96 sys=0.00, real=0.16 secs] 
5719.458: [GC (Allocation Failure) [PSYoungGen: 413767K->143296K(507904K)] 1555524K->1389353K(1906176K), 0.0515035 secs] [Times: user=0.31 sys=0.00, real=0.05 secs] 
5719.510: [Full GC (Ergonomics) [PSYoungGen: 143296K->0K(507904K)] [ParOldGen: 1246057K->196332K(1398272K)] 1389353K->196332K(1906176K), [Metaspace: 59722K->59722K(1105920K)], 0.4690858 secs] [Times: user=2.18 sys=0.00, real=0.47 secs] 
5721.850: [GC (Allocation Failure) [PSYoungGen: 322048K->108192K(508928K)] 518380K->304524K(1907200K), 0.0968637 secs] [Times: user=0.56 sys=0.00, real=0.10 secs] 
5722.896: [GC (Allocation Failure) [PSYoungGen: 430240K->151744K(505344K)] 626572K->452005K(1903616K), 0.0515880 secs] [Times: user=0.31 sys=0.00, real=0.05 secs] 
5726.512: [GC (Allocation Failure) [PSYoungGen: 473280K->93712K(509952K)] 773541K->544922K(1908224K), 0.1632703 secs] [Times: user=0.97 sys=0.00, real=0.16 secs] 
5727.668: [GC (Allocation Failure) [PSYoungGen: 415248K->168448K(490496K)] 866458K->709102K(1888768K), 0.0556154 secs] [Times: user=0.33 sys=0.00, real=0.05 secs] 
5731.596: [GC (Allocation Failure) [PSYoungGen: 471040K->87760K(500736K)] 1011694K->780043K(1899008K), 0.1336514 secs] [Times: user=0.79 sys=0.00, real=0.13 secs] 
5732.710: [GC (Allocation Failure) [PSYoungGen: 390352K->141504K(499200K)] 1082635K->918143K(1897472K), 0.0492926 secs] [Times: user=0.29 sys=0.00, real=0.05 secs] 
5736.195: [GC (Allocation Failure) [PSYoungGen: 444608K->96928K(500224K)] 1221247K->1005887K(1898496K), 0.0753397 secs] [Times: user=0.45 sys=0.00, real=0.08 secs] 
5738.747: [GC (Allocation Failure) [PSYoungGen: 400032K->140912K(500736K)] 1308991K->1143341K(1899008K), 0.0488932 secs] [Times: user=0.29 sys=0.00, real=0.05 secs] 
5740.091: [GC (Allocation Failure) [PSYoungGen: 447088K->103040K(500224K)] 1449517K->1237228K(1898496K), 0.0640947 secs] [Times: user=0.38 sys=0.00, real=0.06 secs] 
5742.113: [GC (Allocation Failure) [PSYoungGen: 409216K->139200K(501760K)] 1543404K->1374633K(1900032K), 0.0577243 secs] [Times: user=0.34 sys=0.00, real=0.06 secs] 
5742.170: [Full GC (Ergonomics) [PSYoungGen: 139200K->0K(501760K)] [ParOldGen: 1235433K->173225K(1398272K)] 1374633K->173225K(1900032K), [Metaspace: 59722K->59722K(1105920K)], 0.4187584 secs] [Times: user=1.93 sys=0.00, real=0.42 secs] 
5744.496: [GC (Allocation Failure) [PSYoungGen: 310784K->104784K(501248K)] 484009K->278010K(1899520K), 0.0341117 secs] [Times: user=0.20 sys=0.00, real=0.04 secs] 
5747.155: [GC (Allocation Failure) [PSYoungGen: 415568K->140064K(503808K)] 588794K->415966K(1902080K), 0.0527436 secs] [Times: user=0.31 sys=0.00, real=0.06 secs] 
5749.257: [GC (Allocation Failure) [PSYoungGen: 456992K->106512K(504320K)] 732894K->513495K(1902592K), 0.0635589 secs] [Times: user=0.37 sys=0.00, real=0.06 secs] 
5750.646: [GC (Allocation Failure) [PSYoungGen: 423440K->144000K(506368K)] 830423K->655843K(1904640K), 0.0530822 secs] [Times: user=0.31 sys=0.00, real=0.05 secs] 
5753.788: [GC (GCLocker Initiated GC) [PSYoungGen: 466560K->108448K(508416K)] 978403K->754819K(1906688K), 0.0681900 secs] [Times: user=0.40 sys=0.00, real=0.07 secs] 
5757.384: [GC (Allocation Failure) [PSYoungGen: 431008K->145088K(508928K)] 1077382K->897275K(1907200K), 0.0541164 secs] [Times: user=0.32 sys=0.00, real=0.06 secs] 
5759.498: [GC (Allocation Failure) [PSYoungGen: 471744K->111744K(511488K)] 1223931K->999467K(1909760K), 0.0838555 secs] [Times: user=0.49 sys=0.00, real=0.08 secs] 
5760.540: [GC (Allocation Failure) [PSYoungGen: 438400K->151280K(508928K)] 1326123K->1148465K(1907200K), 0.0551866 secs] [Times: user=0.32 sys=0.00, real=0.05 secs] 
5763.023: [GC (GCLocker Initiated GC) [PSYoungGen: 478960K->107568K(513024K)] 1476145K->1247213K(1911296K), 0.0970929 secs] [Times: user=0.58 sys=0.00, real=0.10 secs] 
5764.967: [GC (Allocation Failure) [PSYoungGen: 435248K->152544K(506880K)] 1574949K->1396337K(1905152K), 0.0542403 secs] [Times: user=0.32 sys=0.00, real=0.05 secs] 
5765.021: [Full GC (Ergonomics) [PSYoungGen: 152544K->0K(506880K)] [ParOldGen: 1243793K->193926K(1398272K)] 1396337K->193926K(1905152K), [Metaspace: 59722K->59722K(1105920K)], 0.4600948 secs] [Times: user=2.14 sys=0.00, real=0.46 secs] 
5769.577: [GC (Allocation Failure) [PSYoungGen: 324096K->106096K(511488K)] 518022K->300023K(1909760K), 0.0818004 secs] [Times: user=0.48 sys=0.01, real=0.08 secs] 
5771.440: [GC (Allocation Failure) [PSYoungGen: 417986K->147600K(508928K)] 611912K->443016K(1907200K), 0.0510735 secs] [Times: user=0.29 sys=0.01, real=0.05 secs] 
5774.141: [GC (Allocation Failure) [PSYoungGen: 471696K->106304K(511488K)] 767112K->540363K(1909760K), 0.1719353 secs] [Times: user=1.01 sys=0.02, real=0.17 secs] 
5775.366: [GC (Allocation Failure) [PSYoungGen: 418034K->145296K(509952K)] 852094K->681797K(1908224K), 0.0507385 secs] [Times: user=0.30 sys=0.00, real=0.05 secs] 
5777.489: [GC (Allocation Failure) [PSYoungGen: 470416K->108416K(511488K)] 1006917K->781384K(1909760K), 0.1630117 secs] [Times: user=0.97 sys=0.01, real=0.16 secs] 
5778.514: [GC (Allocation Failure) [PSYoungGen: 433536K->153088K(505856K)] 1106504K->929985K(1904128K), 0.0544562 secs] [Times: user=0.29 sys=0.00, real=0.06 secs] 
5781.559: [GC (Allocation Failure) [PSYoungGen: 475136K->97552K(510464K)] 1252033K->1026458K(1908736K), 0.1159555 secs] [Times: user=0.69 sys=0.00, real=0.11 secs] 
5782.449: [GC (Allocation Failure) [PSYoungGen: 419600K->156048K(501248K)] 1348506K->1176590K(1899520K), 0.0576310 secs] [Times: user=0.34 sys=0.00, real=0.06 secs] 
5786.825: [GC (Allocation Failure) [PSYoungGen: 467450K->86880K(400896K)] 1487992K->1263030K(1799168K), 0.1585998 secs] [Times: user=0.94 sys=0.00, real=0.16 secs] 
5787.896: [GC (Allocation Failure) [PSYoungGen: 385061K->138912K(506880K)] 1561212K->1397635K(1905152K), 0.0493162 secs] [Times: user=0.29 sys=0.00, real=0.04 secs] 
5787.945: [Full GC (Ergonomics) [PSYoungGen: 138912K->0K(506880K)] [ParOldGen: 1258723K->196541K(1398272K)] 1397635K->196541K(1905152K), [Metaspace: 59722K->59722K(1105920K)], 0.4792983 secs] [Times: user=2.24 sys=0.00, real=0.48 secs] 
5789.987: [GC (GCLocker Initiated GC) [PSYoungGen: 313856K->106288K(420352K)] 510397K->302830K(1818624K), 0.0446480 secs] [Times: user=0.26 sys=0.00, real=0.04 secs] 
5791.079: [GC (Allocation Failure) [PSYoungGen: 420144K->138048K(503296K)] 633122K->453098K(1901568K), 0.2472947 secs] [Times: user=1.49 sys=0.00, real=0.25 secs] 
5794.537: [GC (Allocation Failure) [PSYoungGen: 452928K->95536K(502272K)] 767978K->548227K(1900544K), 0.4128481 secs] [Times: user=2.46 sys=0.01, real=0.41 secs] 
5795.507: [GC (Allocation Failure) [PSYoungGen: 410416K->148000K(506368K)] 863107K->691868K(1904640K), 0.0552043 secs] [Times: user=0.33 sys=0.00, real=0.05 secs] 
5798.026: [GC (Allocation Failure) [PSYoungGen: 468000K->98688K(509440K)] 1011868K->789272K(1907712K), 0.1524041 secs] [Times: user=0.91 sys=0.00, real=0.15 secs] 
5798.954: [GC (Allocation Failure) [PSYoungGen: 418688K->153248K(501248K)] 1109272K->936244K(1899520K), 0.0562392 secs] [Times: user=0.33 sys=0.00, real=0.06 secs] 
5801.757: [GC (Allocation Failure) [PSYoungGen: 467104K->93952K(506368K)] 1250100K->1029188K(1904640K), 0.1743215 secs] [Times: user=1.04 sys=0.00, real=0.17 secs] 
5802.883: [GC (Allocation Failure) [PSYoungGen: 407808K->150160K(500736K)] 1343044K->1172916K(1899008K), 0.0563745 secs] [Times: user=0.34 sys=0.00, real=0.06 secs] 
5805.411: [GC (Allocation Failure) [PSYoungGen: 459920K->95312K(504320K)] 1482676K->1267336K(1902592K), 0.1627121 secs] [Times: user=0.97 sys=0.01, real=0.16 secs] 
5806.547: [GC (GCLocker Initiated GC) [PSYoungGen: 405072K->146976K(501248K)] 1577096K->1409057K(1899520K), 0.0547550 secs] [Times: user=0.33 sys=0.01, real=0.05 secs] 
5806.602: [Full GC (Ergonomics) [PSYoungGen: 146976K->0K(501248K)] [ParOldGen: 1262081K->207753K(1398272K)] 1409057K->207753K(1899520K), [Metaspace: 59722K->59722K(1105920K)], 0.4772409 secs] [Times: user=2.20 sys=0.00, real=0.48 secs] 
5809.629: [GC (Allocation Failure) [PSYoungGen: 308736K->89552K(503808K)] 516491K->297308K(1902080K), 0.1355035 secs] [Times: user=0.81 sys=0.01, real=0.13 secs] 
5810.910: [GC (Allocation Failure) [PSYoungGen: 387443K->142416K(503296K)] 595199K->435857K(1901568K), 0.0483653 secs] [Times: user=0.29 sys=0.00, real=0.05 secs] 
5812.556: [GC (Allocation Failure) [PSYoungGen: 452176K->101568K(411648K)] 745617K->528692K(1809920K), 0.0898615 secs] [Times: user=0.53 sys=0.00, real=0.09 secs] 
5814.179: [GC (Allocation Failure) [PSYoungGen: 411328K->144880K(499712K)] 838452K->670077K(1897984K), 0.0502769 secs] [Times: user=0.28 sys=0.01, real=0.05 secs] 
5816.659: [GC (Allocation Failure) [PSYoungGen: 453616K->101136K(501760K)] 978813K->762333K(1900032K), 0.0825199 secs] [Times: user=0.50 sys=0.00, real=0.08 secs] 
5819.391: [GC (Allocation Failure) [PSYoungGen: 409872K->141408K(504320K)] 1071069K->899745K(1902592K), 0.0496965 secs] [Times: user=0.29 sys=0.00, real=0.05 secs] 
5821.702: [GC (Allocation Failure) [PSYoungGen: 455776K->104752K(504832K)] 1214113K->995018K(1903104K), 0.0741802 secs] [Times: user=0.44 sys=0.00, real=0.08 secs] 
5824.052: [GC (Allocation Failure) [PSYoungGen: 419120K->145744K(502784K)] 1309386K->1136750K(1901056K), 0.0517830 secs] [Times: user=0.31 sys=0.00, real=0.05 secs] 
5825.269: [GC (Allocation Failure) [PSYoungGen: 461648K->106336K(505344K)] 1452654K->1233838K(1903616K), 0.0646475 secs] [Times: user=0.39 sys=0.00, real=0.06 secs] 
5827.750: [GC (Allocation Failure) [PSYoungGen: 422240K->146832K(505856K)] 1549742K->1377331K(1904128K), 0.0529922 secs] [Times: user=0.31 sys=0.00, real=0.05 secs] 
5827.803: [Full GC (Ergonomics) [PSYoungGen: 146832K->0K(505856K)] [ParOldGen: 1230499K->184047K(1398272K)] 1377331K->184047K(1904128K), [Metaspace: 59722K->59722K(1105920K)], 0.4276007 secs] [Times: user=1.97 sys=0.00, real=0.43 secs] 
5829.351: [GC (GCLocker Initiated GC) [PSYoungGen: 320000K->106752K(508416K)] 504047K->290799K(1906688K), 0.0332922 secs] [Times: user=0.19 sys=0.00, real=0.03 secs] 
5831.150: [GC (Allocation Failure) [PSYoungGen: 426752K->149088K(506368K)] 610802K->436683K(1904640K), 0.0528475 secs] [Times: user=0.31 sys=0.00, real=0.05 secs] 
5834.532: [GC (Allocation Failure) [PSYoungGen: 470112K->105376K(509952K)] 757707K->532687K(1908224K), 0.1093265 secs] [Times: user=0.65 sys=0.00, real=0.11 secs] 
5836.189: [GC (Allocation Failure) [PSYoungGen: 426400K->149984K(505856K)] 853711K->678667K(1904128K), 0.0524294 secs] [Times: user=0.30 sys=0.01, real=0.05 secs] 
5839.080: [GC (Allocation Failure) [PSYoungGen: 469984K->105088K(509440K)] 998667K->774875K(1907712K), 0.1435582 secs] [Times: user=0.83 sys=0.01, real=0.14 secs] 
5840.828: [GC (Allocation Failure) [PSYoungGen: 425088K->150016K(505856K)] 1094875K->921073K(1904128K), 0.0512056 secs] [Times: user=0.31 sys=0.01, real=0.05 secs] 
5842.644: [GC (Allocation Failure) [PSYoungGen: 468992K->106784K(508928K)] 1240049K->1018969K(1907200K), 0.1487373 secs] [Times: user=0.88 sys=0.00, real=0.15 secs] 
5843.761: [GC (Allocation Failure) [PSYoungGen: 420154K->145488K(508416K)] 1332340K->1160571K(1906688K), 0.0517439 secs] [Times: user=0.31 sys=0.00, real=0.05 secs] 
5846.656: [GC (Allocation Failure) [PSYoungGen: 466512K->108080K(429568K)] 1481595K->1259403K(1827840K), 0.1733273 secs] [Times: user=1.03 sys=0.00, real=0.17 secs] 
5848.362: [GC (Allocation Failure) [PSYoungGen: 413846K->142560K(508416K)] 1565169K->1398315K(1906688K), 0.1262090 secs] [Times: user=0.75 sys=0.00, real=0.13 secs] 
5848.489: [Full GC (Ergonomics) [PSYoungGen: 142560K->0K(508416K)] [ParOldGen: 1255755K->196075K(1398272K)] 1398315K->196075K(1906688K), [Metaspace: 59722K->59722K(1105920K)], 0.5243621 secs] [Times: user=2.50 sys=0.00, real=0.52 secs] 
5851.857: [GC (Allocation Failure) [PSYoungGen: 322560K->103488K(508928K)] 518635K->299563K(1907200K), 0.0711637 secs] [Times: user=0.42 sys=0.00, real=0.07 secs] 
5853.386: [GC (Allocation Failure) [PSYoungGen: 422463K->147296K(508416K)] 618539K->443384K(1906688K), 0.0591321 secs] [Times: user=0.35 sys=0.00, real=0.05 secs] 
5856.414: [GC (Allocation Failure) [PSYoungGen: 471392K->108320K(510976K)] 767480K->542496K(1909248K), 0.1603001 secs] [Times: user=0.95 sys=0.00, real=0.16 secs] 
5858.138: [GC (Allocation Failure) [PSYoungGen: 418198K->142656K(510976K)] 852374K->681495K(1909248K), 0.0503435 secs] [Times: user=0.30 sys=0.00, real=0.05 secs] 
5861.697: [GC (Allocation Failure) [PSYoungGen: 469824K->107568K(511488K)] 1008663K->780116K(1909760K), 0.1713336 secs] [Times: user=1.02 sys=0.00, real=0.17 secs] 
5863.360: [GC (Allocation Failure) [PSYoungGen: 434736K->155056K(505856K)] 1107284K->930745K(1904128K), 0.0519067 secs] [Times: user=0.31 sys=0.00, real=0.05 secs] 
5865.514: [GC (Allocation Failure) [PSYoungGen: 479152K->102112K(511488K)] 1254841K->1032240K(1909760K), 0.1651414 secs] [Times: user=0.98 sys=0.00, real=0.17 secs] 
5866.668: [GC (Allocation Failure) [PSYoungGen: 426208K->152528K(504832K)] 1356336K->1178698K(1903104K), 0.1512544 secs] [Times: user=0.90 sys=0.00, real=0.15 secs] 
5871.643: [GC (Allocation Failure) [PSYoungGen: 471504K->91744K(508928K)] 1497674K->1269481K(1907200K), 0.1362182 secs] [Times: user=0.81 sys=0.00, real=0.14 secs] 
5872.597: [GC (Allocation Failure) [PSYoungGen: 410720K->155040K(498688K)] 1588457K->1418042K(1896960K), 0.0546965 secs] [Times: user=0.32 sys=0.00, real=0.05 secs] 
5872.652: [Full GC (Ergonomics) [PSYoungGen: 155040K->0K(498688K)] [ParOldGen: 1263002K->217395K(1398272K)] 1418042K->217395K(1896960K), [Metaspace: 59722K->59722K(1105920K)], 0.5182986 secs] [Times: user=2.43 sys=0.00, real=0.52 secs] 
5876.020: [GC (Allocation Failure) [PSYoungGen: 308736K->88640K(503808K)] 526131K->306035K(1902080K), 0.1273452 secs] [Times: user=0.75 sys=0.00, real=0.13 secs] 
5876.748: [GC (Allocation Failure) [PSYoungGen: 397376K->149888K(499200K)] 614771K->450116K(1897472K), 0.0535856 secs] [Times: user=0.31 sys=0.00, real=0.05 secs] 
5879.539: [GC (Allocation Failure) [PSYoungGen: 454528K->87328K(501760K)] 754756K->537036K(1900032K), 0.1709835 secs] [Times: user=1.02 sys=0.00, real=0.17 secs] 
5880.652: [GC (Allocation Failure) [PSYoungGen: 384753K->140368K(500224K)] 834462K->673158K(1898496K), 0.0492690 secs] [Times: user=0.28 sys=0.01, real=0.05 secs] 
5883.674: [GC (GCLocker Initiated GC) [PSYoungGen: 445520K->98960K(404480K)] 978311K->763187K(1802752K), 0.0899226 secs] [Times: user=0.53 sys=0.01, real=0.09 secs] 
5885.806: [GC (Allocation Failure) [PSYoungGen: 404112K->142304K(500224K)] 1068391K->901691K(1898496K), 0.0485946 secs] [Times: user=0.29 sys=0.00, real=0.04 secs] 
5887.722: [GC (Allocation Failure) [PSYoungGen: 449504K->101216K(500736K)] 1208891K->994011K(1899008K), 0.0640539 secs] [Times: user=0.38 sys=0.01, real=0.07 secs] 
5890.717: [GC (Allocation Failure) [PSYoungGen: 408416K->141024K(502272K)] 1301211K->1131448K(1900544K), 0.0506480 secs] [Times: user=0.30 sys=0.00, real=0.05 secs] 
5892.545: [GC (Allocation Failure) [PSYoungGen: 452832K->101360K(502784K)] 1443256K->1223761K(1901056K), 0.0651462 secs] [Times: user=0.38 sys=0.00, real=0.07 secs] 
5895.115: [GC (Allocation Failure) [PSYoungGen: 413168K->144384K(503296K)] 1535569K->1365213K(1901568K), 0.0520929 secs] [Times: user=0.31 sys=0.00, real=0.06 secs] 
5895.167: [Full GC (Ergonomics) [PSYoungGen: 144384K->0K(503296K)] [ParOldGen: 1220829K->173453K(1398272K)] 1365213K->173453K(1901568K), [Metaspace: 59722K->59722K(1105920K)], 0.4215908 secs] [Times: user=1.97 sys=0.00, real=0.42 secs] 
5896.765: [GC (Allocation Failure) [PSYoungGen: 315392K->105520K(505344K)] 488845K->278974K(1903616K), 0.0344159 secs] [Times: user=0.21 sys=0.00, real=0.04 secs] 
5899.106: [GC (Allocation Failure) [PSYoungGen: 420912K->146080K(504832K)] 594366K->422370K(1903104K), 0.0534072 secs] [Times: user=0.32 sys=0.00, real=0.05 secs] 
5900.922: [GC (Allocation Failure) [PSYoungGen: 464544K->106304K(507392K)] 740834K->519419K(1905664K), 0.1132942 secs] [Times: user=0.68 sys=0.00, real=0.11 secs] 
5903.432: [GC (Allocation Failure) [PSYoungGen: 424768K->147632K(505856K)] 837883K->664624K(1904128K), 0.0523655 secs] [Times: user=0.31 sys=0.00, real=0.05 secs] 
5905.251: [GC (Allocation Failure) [PSYoungGen: 468144K->109072K(508928K)] 985136K->764248K(1907200K), 0.1031377 secs] [Times: user=0.61 sys=0.00, real=0.10 secs] 
5907.992: [GC (Allocation Failure) [PSYoungGen: 429584K->147744K(506880K)] 1084760K->908420K(1905152K), 0.0536819 secs] [Times: user=0.32 sys=0.00, real=0.06 secs] 
5909.725: [GC (Allocation Failure) [PSYoungGen: 469792K->106752K(509952K)] 1230468K->1006164K(1908224K), 0.0660911 secs] [Times: user=0.39 sys=0.01, real=0.07 secs] 
5912.170: [GC (Allocation Failure) [PSYoungGen: 428800K->151072K(505856K)] 1328212K->1153609K(1904128K), 0.0529686 secs] [Times: user=0.32 sys=0.00, real=0.05 secs] 
5914.032: [GC (Allocation Failure) [PSYoungGen: 472096K->107744K(509952K)] 1474633K->1252605K(1908224K), 0.1573647 secs] [Times: user=0.93 sys=0.00, real=0.16 secs] 
5915.929: [GC (Allocation Failure) [PSYoungGen: 428768K->148768K(506880K)] 1573629K->1397738K(1905152K), 0.0527776 secs] [Times: user=0.31 sys=0.00, real=0.05 secs] 
5915.982: [Full GC (Ergonomics) [PSYoungGen: 148768K->0K(506880K)] [ParOldGen: 1248970K->196623K(1398272K)] 1397738K->196623K(1905152K), [Metaspace: 59722K->59722K(1105920K)], 0.4656790 secs] [Times: user=2.16 sys=0.00, real=0.47 secs] 
5918.317: [GC (Allocation Failure) [PSYoungGen: 321024K->106016K(509952K)] 517647K->302639K(1908224K), 0.0479296 secs] [Times: user=0.28 sys=0.00, real=0.04 secs] 
5919.891: [GC (Allocation Failure) [PSYoungGen: 422694K->146480K(508928K)] 619318K->444920K(1907200K), 0.0496531 secs] [Times: user=0.29 sys=0.00, real=0.05 secs] 
5921.626: [GC (Allocation Failure) [PSYoungGen: 469040K->106976K(429568K)] 767480K->542528K(1827840K), 0.1165630 secs] [Times: user=0.69 sys=0.01, real=0.11 secs] 
5922.956: [GC (Allocation Failure) [PSYoungGen: 413550K->144432K(508928K)] 849102K->683257K(1907200K), 0.0507106 secs] [Times: user=0.30 sys=0.00, real=0.06 secs] 
5925.939: [GC (Allocation Failure) [PSYoungGen: 468016K->109408K(509952K)] 1006841K->784016K(1908224K), 0.1588803 secs] [Times: user=0.95 sys=0.00, real=0.16 secs] 
5926.504: [GC (Allocation Failure) [PSYoungGen: 432992K->151296K(507392K)] 1107600K->931601K(1905664K), 0.0539603 secs] [Times: user=0.32 sys=0.00, real=0.06 secs] 
5931.003: [GC (Allocation Failure) [PSYoungGen: 473168K->95984K(510976K)] 1253474K->1026474K(1909248K), 0.1700357 secs] [Times: user=1.02 sys=0.00, real=0.17 secs] 
5932.224: [GC (Allocation Failure) [PSYoungGen: 419568K->152064K(503808K)] 1350058K->1173934K(1902080K), 0.0569072 secs] [Times: user=0.33 sys=0.00, real=0.06 secs] 
5934.264: [GC (Allocation Failure) [PSYoungGen: 468992K->96000K(507904K)] 1490862K->1268922K(1906176K), 0.1602059 secs] [Times: user=0.95 sys=0.01, real=0.16 secs] 
5935.165: [GC (Allocation Failure) [PSYoungGen: 412928K->169136K(489472K)] 1585850K->1431908K(1887744K), 0.0578009 secs] [Times: user=0.34 sys=0.00, real=0.06 secs] 
5935.223: [Full GC (Ergonomics) [PSYoungGen: 169136K->0K(489472K)] [ParOldGen: 1262771K->213206K(1398272K)] 1431908K->213206K(1887744K), [Metaspace: 59722K->59722K(1105920K)], 0.5034932 secs] [Times: user=2.36 sys=0.00, real=0.51 secs] 
5938.235: [GC (Allocation Failure) [PSYoungGen: 299520K->85088K(385024K)] 512726K->298294K(1783296K), 0.1618555 secs] [Times: user=0.96 sys=0.01, real=0.17 secs] 
5939.432: [GC (Allocation Failure) [PSYoungGen: 384608K->141712K(499712K)] 597814K->435870K(1897984K), 0.0473929 secs] [Times: user=0.28 sys=0.00, real=0.05 secs] 
5940.594: [GC (Allocation Failure) [PSYoungGen: 441232K->98928K(398848K)] 735390K->525950K(1797120K), 0.0624528 secs] [Times: user=0.36 sys=0.00, real=0.07 secs] 
5941.498: [GC (Allocation Failure) [PSYoungGen: 398448K->150000K(493568K)] 825470K->672515K(1891840K), 0.0491001 secs] [Times: user=0.29 sys=0.00, real=0.05 secs] 
5943.183: [GC (Allocation Failure) [PSYoungGen: 446960K->97552K(496128K)] 969475K->752907K(1894400K), 0.0793686 secs] [Times: user=0.47 sys=0.01, real=0.08 secs] 
5945.397: [GC (GCLocker Initiated GC) [PSYoungGen: 394512K->134128K(493568K)] 1049867K->884964K(1891840K), 0.0489350 secs] [Times: user=0.29 sys=0.00, real=0.05 secs] 
5946.688: [GC (Allocation Failure) [PSYoungGen: 437232K->102480K(496640K)] 1188071K->977895K(1894912K), 0.0618916 secs] [Times: user=0.37 sys=0.00, real=0.06 secs] 
5948.822: [GC (Allocation Failure) [PSYoungGen: 405584K->146784K(502272K)] 1280999K->1122559K(1900544K), 0.0527214 secs] [Times: user=0.31 sys=0.00, real=0.05 secs] 
5950.076: [GC (Allocation Failure) [PSYoungGen: 459104K->108640K(504832K)] 1434879K->1213983K(1903104K), 0.0643818 secs] [Times: user=0.38 sys=0.00, real=0.06 secs] 
5952.759: [GC (Allocation Failure) [PSYoungGen: 420960K->139744K(505344K)] 1526303K->1352108K(1903616K), 0.0566204 secs] [Times: user=0.31 sys=0.00, real=0.05 secs] 
5954.563: [GC (Allocation Failure) [PSYoungGen: 456672K->112080K(504832K)] 1669036K->1454249K(1903104K), 0.0645886 secs] [Times: user=0.38 sys=0.00, real=0.07 secs] 
5954.627: [Full GC (Ergonomics) [PSYoungGen: 112080K->0K(504832K)] [ParOldGen: 1342168K->22651K(1398272K)] 1454249K->22651K(1903104K), [Metaspace: 59726K->59726K(1105920K)], 0.0365124 secs] [Times: user=0.10 sys=0.00, real=0.03 secs] 
5957.204: [GC (Allocation Failure) [PSYoungGen: 316928K->139712K(506368K)] 339579K->162363K(1904640K), 0.0294670 secs] [Times: user=0.16 sys=0.01, real=0.03 secs] 
5959.520: [GC (Allocation Failure) [PSYoungGen: 462272K->110848K(506368K)] 484923K->264011K(1904640K), 0.0699202 secs] [Times: user=0.42 sys=0.00, real=0.07 secs] 
5962.072: [GC (Allocation Failure) [PSYoungGen: 433408K->145888K(509440K)] 586571K->407943K(1907712K), 0.0535643 secs] [Times: user=0.32 sys=0.00, real=0.06 secs] 
5963.639: [GC (Allocation Failure) [PSYoungGen: 474592K->112512K(512000K)] 736647K->511175K(1910272K), 0.0758488 secs] [Times: user=0.45 sys=0.00, real=0.07 secs] 
5966.318: [GC (Allocation Failure) [PSYoungGen: 441216K->147840K(511488K)] 839879K->656652K(1909760K), 0.0546677 secs] [Times: user=0.32 sys=0.00, real=0.05 secs] 
5969.021: [GC (Allocation Failure) [PSYoungGen: 479616K->113424K(514560K)] 988428K->760169K(1912832K), 0.0899281 secs] [Times: user=0.53 sys=0.00, real=0.09 secs] 
5971.073: [GC (Allocation Failure) [PSYoungGen: 445200K->153504K(509952K)] 1091945K->910141K(1908224K), 0.0554441 secs] [Times: user=0.33 sys=0.00, real=0.06 secs] 
5973.025: [GC (Allocation Failure) [PSYoungGen: 483744K->110016K(514560K)] 1240381K->1010921K(1912832K), 0.0708015 secs] [Times: user=0.42 sys=0.00, real=0.08 secs] 
5974.543: [GC (Allocation Failure) [PSYoungGen: 429754K->145792K(513024K)] 1330659K->1153078K(1911296K), 0.0537158 secs] [Times: user=0.32 sys=0.00, real=0.06 secs] 
5977.061: [GC (Allocation Failure) [PSYoungGen: 477056K->112560K(443904K)] 1484342K->1256055K(1842176K), 0.1725674 secs] [Times: user=1.03 sys=0.00, real=0.17 secs] 
5977.968: [GC (Allocation Failure) [PSYoungGen: 443824K->156496K(506880K)] 1587319K->1408971K(1905152K), 0.0812136 secs] [Times: user=0.48 sys=0.00, real=0.08 secs] 
5978.049: [Full GC (Ergonomics) [PSYoungGen: 156496K->0K(506880K)] [ParOldGen: 1252475K->214570K(1398272K)] 1408971K->214570K(1905152K), [Metaspace: 59726K->59726K(1105920K)], 0.5058276 secs] [Times: user=2.35 sys=0.00, real=0.50 secs] 
5982.748: [GC (Allocation Failure) [PSYoungGen: 326144K->96192K(512512K)] 540714K->310762K(1910784K), 0.1598039 secs] [Times: user=0.95 sys=0.00, real=0.16 secs] 
5983.277: [GC (Allocation Failure) [PSYoungGen: 422336K->158832K(500224K)] 636906K->463359K(1898496K), 0.0559848 secs] [Times: user=0.33 sys=0.00, real=0.05 secs] 
5986.890: [GC (Allocation Failure) [PSYoungGen: 472688K->91296K(405504K)] 777215K->554411K(1803776K), 0.1676972 secs] [Times: user=1.00 sys=0.00, real=0.17 secs] 
5987.306: [GC (Allocation Failure) [PSYoungGen: 405152K->152352K(499712K)] 868267K->701099K(1897984K), 0.0554372 secs] [Times: user=0.33 sys=0.00, real=0.05 secs] 
5990.610: [GC (Allocation Failure) [PSYoungGen: 459040K->87872K(502784K)] 1007787K->789027K(1901056K), 0.1753274 secs] [Times: user=1.04 sys=0.00, real=0.18 secs] 
5991.038: [GC (Allocation Failure) [PSYoungGen: 394560K->149888K(498688K)] 1095715K->932568K(1896960K), 0.0540974 secs] [Times: user=0.32 sys=0.00, real=0.05 secs] 
5994.693: [GC (Allocation Failure) [PSYoungGen: 452480K->87872K(500736K)] 1235160K->1020272K(1899008K), 0.1713064 secs] [Times: user=1.02 sys=0.00, real=0.17 secs] 
5995.693: [GC (Allocation Failure) [PSYoungGen: 390464K->145760K(499712K)] 1322864K->1159873K(1897984K), 0.0516242 secs] [Times: user=0.31 sys=0.00, real=0.05 secs] 
5998.113: [GC (Allocation Failure) [PSYoungGen: 447328K->86976K(500224K)] 1461441K->1246009K(1898496K), 0.1629297 secs] [Times: user=0.97 sys=0.00, real=0.17 secs] 
5999.621: [GC (Allocation Failure) [PSYoungGen: 388544K->141152K(499200K)] 1547577K->1383438K(1897472K), 0.0489771 secs] [Times: user=0.29 sys=0.00, real=0.05 secs] 
5999.670: [Full GC (Ergonomics) [PSYoungGen: 141152K->0K(499200K)] [ParOldGen: 1242286K->191413K(1398272K)] 1383438K->191413K(1897472K), [Metaspace: 59726K->59726K(1105920K)], 0.4569961 secs] [Times: user=2.11 sys=0.00, real=0.46 secs] 
6001.982: [GC (Allocation Failure) [PSYoungGen: 302080K->96560K(398848K)] 493493K->287974K(1797120K), 0.0422788 secs] [Times: user=0.25 sys=0.00, real=0.04 secs] 
6004.089: [GC (Allocation Failure) [PSYoungGen: 398640K->141856K(499200K)] 590054K->426163K(1897472K), 0.0487580 secs] [Times: user=0.29 sys=0.00, real=0.05 secs] 
6005.437: [GC (Allocation Failure) [PSYoungGen: 445984K->103104K(499200K)] 730291K->520275K(1897472K), 0.0635622 secs] [Times: user=0.37 sys=0.00, real=0.06 secs] 
6007.896: [GC (Allocation Failure) [PSYoungGen: 407232K->139392K(500224K)] 824403K->657508K(1898496K), 0.1285334 secs] [Times: user=0.77 sys=0.00, real=0.12 secs] 
6009.956: [GC (Allocation Failure) [PSYoungGen: 448128K->103120K(500224K)] 966244K->751537K(1898496K), 0.0631004 secs] [Times: user=0.38 sys=0.00, real=0.06 secs] 
6013.672: [GC (Allocation Failure) [PSYoungGen: 411856K->135952K(504832K)] 1060273K->885294K(1903104K), 0.0546244 secs] [Times: user=0.32 sys=0.00, real=0.06 secs] 
6014.965: [GC (Allocation Failure) [PSYoungGen: 452880K->109840K(503808K)] 1202222K->985774K(1902080K), 0.0645121 secs] [Times: user=0.39 sys=0.00, real=0.07 secs] 
6017.619: [GC (Allocation Failure) [PSYoungGen: 426768K->142528K(504320K)] 1302702K->1126066K(1902592K), 0.0555684 secs] [Times: user=0.33 sys=0.00, real=0.05 secs] 
6019.288: [GC (Allocation Failure) [PSYoungGen: 464576K->111552K(506368K)] 1448114K->1228486K(1904640K), 0.0654203 secs] [Times: user=0.39 sys=0.00, real=0.06 secs] 
6022.375: [GC (Allocation Failure) [PSYoungGen: 433600K->144000K(510464K)] 1550534K->1370171K(1908736K), 0.0545975 secs] [Times: user=0.32 sys=0.00, real=0.06 secs] 
6022.429: [Full GC (Ergonomics) [PSYoungGen: 144000K->0K(510464K)] [ParOldGen: 1226171K->167913K(1398272K)] 1370171K->167913K(1908736K), [Metaspace: 59726K->59726K(1105920K)], 0.3960978 secs] [Times: user=1.83 sys=0.00, real=0.39 secs] 
6023.952: [GC (Allocation Failure) [PSYoungGen: 330240K->114896K(512512K)] 498153K->282810K(1910784K), 0.0363327 secs] [Times: user=0.21 sys=0.00, real=0.04 secs] 
6026.138: [GC (Allocation Failure) [PSYoungGen: 445136K->152496K(508928K)] 613050K->432896K(1907200K), 0.0561138 secs] [Times: user=0.34 sys=0.00, real=0.05 secs] 
6028.199: [GC (Allocation Failure) [PSYoungGen: 483248K->113984K(514560K)] 763648K->537511K(1912832K), 0.1421826 secs] [Times: user=0.84 sys=0.01, real=0.14 secs] 
6029.882: [GC (Allocation Failure) [PSYoungGen: 435800K->148976K(512512K)] 859328K->682597K(1910784K), 0.0563172 secs] [Times: user=0.32 sys=0.01, real=0.06 secs] 
6031.527: [GC (Allocation Failure) [PSYoungGen: 481264K->114800K(447488K)] 1014885K->788381K(1845760K), 0.1497578 secs] [Times: user=0.89 sys=0.00, real=0.15 secs] 
6031.975: [GC (Allocation Failure) [PSYoungGen: 447088K->160384K(503808K)] 1120669K->942649K(1902080K), 0.0547149 secs] [Times: user=0.32 sys=0.00, real=0.06 secs] 
6035.412: [GC (Allocation Failure) [PSYoungGen: 484480K->96544K(511488K)] 1266745K->1038621K(1909760K), 0.1401312 secs] [Times: user=0.84 sys=0.00, real=0.14 secs] 
6035.792: [GC (Allocation Failure) [PSYoungGen: 420640K->156544K(500736K)] 1362717K->1189354K(1899008K), 0.0579681 secs] [Times: user=0.35 sys=0.00, real=0.06 secs] 
6038.812: [GC (Allocation Failure) [PSYoungGen: 470400K->93408K(506368K)] 1503210K->1282154K(1904640K), 0.1555370 secs] [Times: user=0.92 sys=0.00, real=0.16 secs] 
6039.213: [GC (Allocation Failure) [PSYoungGen: 407264K->169024K(487424K)] 1596010K->1445357K(1885696K), 0.0576900 secs] [Times: user=0.34 sys=0.00, real=0.06 secs] 
6039.271: [Full GC (Ergonomics) [PSYoungGen: 169024K->0K(487424K)] [ParOldGen: 1276333K->227452K(1398272K)] 1445357K->227452K(1885696K), [Metaspace: 59726K->59726K(1105920K)], 0.5428935 secs] [Times: user=2.54 sys=0.00, real=0.54 secs] 
6043.827: [GC (Allocation Failure) [PSYoungGen: 295424K->81216K(376832K)] 522876K->308668K(1775104K), 0.1033967 secs] [Times: user=0.61 sys=0.00, real=0.10 secs] 
6044.401: [GC (Allocation Failure) [PSYoungGen: 376640K->143008K(497152K)] 604092K->445881K(1895424K), 0.0504239 secs] [Times: user=0.30 sys=0.00, real=0.05 secs] 
6047.183: [GC (Allocation Failure) [PSYoungGen: 437408K->85328K(379904K)] 740281K->530550K(1778176K), 0.0669395 secs] [Times: user=0.39 sys=0.00, real=0.07 secs] 
6048.133: [GC (Allocation Failure) [PSYoungGen: 379728K->139888K(497152K)] 824950K->666310K(1895424K), 0.0474277 secs] [Times: user=0.28 sys=0.00, real=0.05 secs] 
6051.713: [GC (Allocation Failure) [PSYoungGen: 435824K->90448K(495616K)] 962246K->748054K(1893888K), 0.0649521 secs] [Times: user=0.38 sys=0.00, real=0.07 secs] 
6053.830: [GC (Allocation Failure) [PSYoungGen: 386384K->136336K(497152K)] 1043990K->882146K(1895424K), 0.0470791 secs] [Times: user=0.28 sys=0.00, real=0.05 secs] 
6058.177: [GC (Allocation Failure) [PSYoungGen: 436368K->99648K(496128K)] 1182178K->972650K(1894400K), 0.0625954 secs] [Times: user=0.37 sys=0.00, real=0.06 secs] 
6059.813: [GC (Allocation Failure) [PSYoungGen: 399680K->133744K(500224K)] 1272682K->1105243K(1898496K), 0.0588698 secs] [Times: user=0.35 sys=0.00, real=0.06 secs] 
6062.148: [GC (Allocation Failure) [PSYoungGen: 441456K->113280K(498176K)] 1412955K->1209323K(1896448K), 0.0639384 secs] [Times: user=0.38 sys=0.00, real=0.06 secs] 
6064.830: [GC (Allocation Failure) [PSYoungGen: 420992K->127440K(504320K)] 1517035K->1335488K(1902592K), 0.0683765 secs] [Times: user=0.40 sys=0.00, real=0.07 secs] 
6067.873: [GC (Allocation Failure) [PSYoungGen: 447440K->120672K(500736K)] 1655488K->1446131K(1899008K), 0.0639261 secs] [Times: user=0.38 sys=0.00, real=0.07 secs] 
6067.937: [Full GC (Ergonomics) [PSYoungGen: 120672K->0K(500736K)] [ParOldGen: 1325459K->251205K(1398272K)] 1446131K->251205K(1899008K), [Metaspace: 59726K->59726K(1105920K)], 0.5292971 secs] [Times: user=2.33 sys=0.00, real=0.53 secs] 
6071.435: [GC (Allocation Failure) [PSYoungGen: 320000K->129408K(510976K)] 571205K->380613K(1909248K), 0.0358727 secs] [Times: user=0.21 sys=0.00, real=0.04 secs] 
6072.672: [GC (Allocation Failure) [PSYoungGen: 465280K->3216K(508928K)] 716485K->254678K(1907200K), 0.0038435 secs] [Times: user=0.02 sys=0.00, real=0.01 secs] 
6074.672: [GC (Allocation Failure) [PSYoungGen: 339088K->147008K(498688K)] 590550K->400588K(1896960K), 0.0295717 secs] [Times: user=0.17 sys=0.00, real=0.03 secs] 
6077.865: [GC (Allocation Failure) [PSYoungGen: 457792K->194032K(504832K)] 711372K->496725K(1903104K), 0.0635373 secs] [Times: user=0.38 sys=0.01, real=0.07 secs] 
6080.443: [GC (Allocation Failure) [PSYoungGen: 504816K->138016K(438272K)] 807509K->633677K(1836544K), 0.0749835 secs] [Times: user=0.44 sys=0.00, real=0.08 secs] 
6081.925: [GC (Allocation Failure) [PSYoungGen: 382240K->104992K(471552K)] 877901K->729453K(1869824K), 0.0636783 secs] [Times: user=0.38 sys=0.00, real=0.07 secs] 
6084.379: [GC (Allocation Failure) [PSYoungGen: 349216K->78608K(462336K)] 973677K->807742K(1860608K), 0.1040623 secs] [Times: user=0.60 sys=0.01, real=0.10 secs] 
6084.684: [GC (Allocation Failure) [PSYoungGen: 328976K->122400K(470016K)] 1058110K->924158K(1868288K), 0.0482831 secs] [Times: user=0.29 sys=0.00, real=0.05 secs] 
6085.895: [GC (Allocation Failure) [PSYoungGen: 372768K->69440K(477696K)] 1174526K->993238K(1875968K), 0.0557277 secs] [Times: user=0.33 sys=0.00, real=0.06 secs] 
6088.495: [GC (Allocation Failure) [PSYoungGen: 336704K->121120K(477696K)] 1260502K->1111759K(1875968K), 0.0477864 secs] [Times: user=0.28 sys=0.01, real=0.05 secs] 
6090.281: [GC (Allocation Failure) [PSYoungGen: 388384K->104320K(481792K)] 1379023K->1207007K(1880064K), 0.0617135 secs] [Times: user=0.36 sys=0.00, real=0.06 secs] 
6092.671: [GC (Allocation Failure) [PSYoungGen: 388992K->107808K(480768K)] 1491679K->1314255K(1879040K), 0.0758082 secs] [Times: user=0.45 sys=0.00, real=0.08 secs] 
6094.231: [GC (Allocation Failure) [PSYoungGen: 391539K->175040K(479744K)] 1597987K->1478354K(1878016K), 0.0604970 secs] [Times: user=0.36 sys=0.00, real=0.06 secs] 
6094.291: [Full GC (Ergonomics) [PSYoungGen: 175040K->0K(479744K)] [ParOldGen: 1303314K->252164K(1398272K)] 1478354K->252164K(1878016K), [Metaspace: 59726K->59726K(1105920K)], 0.5813990 secs] [Times: user=2.65 sys=0.00, real=0.58 secs] 
6098.753: [GC (Allocation Failure) [PSYoungGen: 290304K->85176K(494592K)] 542468K->337340K(1892864K), 0.0376753 secs] [Times: user=0.21 sys=0.01, real=0.04 secs] 
6099.106: [GC (Allocation Failure) [PSYoungGen: 375480K->142112K(493568K)] 627644K->473641K(1891840K), 0.0523386 secs] [Times: user=0.30 sys=0.00, real=0.06 secs] 
6102.963: [GC (Allocation Failure) [PSYoungGen: 434464K->80496K(495104K)] 765993K->554042K(1893376K), 0.1503748 secs] [Times: user=0.89 sys=0.00, real=0.15 secs] 
6103.383: [GC (Allocation Failure) [PSYoungGen: 372848K->143008K(494592K)] 846394K->691094K(1892864K), 0.0510262 secs] [Times: user=0.30 sys=0.00, real=0.05 secs] 
6106.036: [GC (Allocation Failure) [PSYoungGen: 436384K->83552K(377344K)] 984470K->774438K(1775616K), 0.1187508 secs] [Times: user=0.71 sys=0.00, real=0.11 secs] 
6107.094: [GC (Allocation Failure) [PSYoungGen: 376928K->138912K(494592K)] 1067814K->909807K(1892864K), 0.0481690 secs] [Times: user=0.28 sys=0.00, real=0.05 secs] 
6108.611: [GC (Allocation Failure) [PSYoungGen: 433312K->92832K(387584K)] 1204207K->993827K(1785856K), 0.0668808 secs] [Times: user=0.39 sys=0.00, real=0.07 secs] 
6111.749: [GC (Allocation Failure) [PSYoungGen: 387232K->145280K(491520K)] 1288227K->1135764K(1889792K), 0.0498604 secs] [Times: user=0.29 sys=0.01, real=0.05 secs] 
6113.068: [GC (Allocation Failure) [PSYoungGen: 440192K->98640K(494592K)] 1430676K->1217073K(1892864K), 0.0636892 secs] [Times: user=0.37 sys=0.00, real=0.06 secs] 
6116.008: [GC (Allocation Failure) [PSYoungGen: 393552K->132416K(497664K)] 1511985K->1347717K(1895936K), 0.0616942 secs] [Times: user=0.36 sys=0.00, real=0.06 secs] 
6117.941: [GC (Allocation Failure) [PSYoungGen: 436544K->112384K(497152K)] 1651845K->1450461K(1895424K), 0.0640243 secs] [Times: user=0.38 sys=0.00, real=0.06 secs] 
6118.005: [Full GC (Ergonomics) [PSYoungGen: 112384K->0K(497152K)] [ParOldGen: 1338077K->14678K(1398272K)] 1450461K->14678K(1895424K), [Metaspace: 59726K->59726K(1105920K)], 0.0270719 secs] [Times: user=0.06 sys=0.00, real=0.03 secs] 
6120.257: [GC (Allocation Failure) [PSYoungGen: 304128K->149168K(493568K)] 318806K->163847K(1891840K), 0.0349228 secs] [Times: user=0.20 sys=0.00, real=0.03 secs] 
6121.453: [GC (Allocation Failure) [PSYoungGen: 456368K->123680K(498688K)] 471047K->252411K(1896960K), 0.0623267 secs] [Times: user=0.37 sys=0.00, real=0.06 secs] 
6124.098: [GC (Allocation Failure) [PSYoungGen: 430880K->117568K(497152K)] 559611K->369787K(1895424K), 0.0760797 secs] [Times: user=0.46 sys=0.00, real=0.07 secs] 
6125.445: [GC (Allocation Failure) [PSYoungGen: 439616K->131264K(501760K)] 691835K->490467K(1900032K), 0.0619167 secs] [Times: user=0.37 sys=0.00, real=0.07 secs] 
6128.759: [GC (Allocation Failure) [PSYoungGen: 453312K->124976K(508928K)] 812515K->614636K(1907200K), 0.0781295 secs] [Times: user=0.46 sys=0.00, real=0.08 secs] 
6130.070: [GC (Allocation Failure) [PSYoungGen: 466480K->3312K(345088K)] 956140K->493011K(1743360K), 0.0022857 secs] [Times: user=0.01 sys=0.00, real=0.00 secs] 
6132.944: [GC (Allocation Failure) [PSYoungGen: 344816K->149344K(497152K)] 834515K->640208K(1895424K), 0.0305347 secs] [Times: user=0.18 sys=0.00, real=0.03 secs] 
6134.125: [GC (Allocation Failure) [PSYoungGen: 458080K->107104K(503808K)] 948944K->738164K(1902080K), 0.0670080 secs] [Times: user=0.40 sys=0.00, real=0.07 secs] 
6137.184: [GC (Allocation Failure) [PSYoungGen: 415840K->135808K(503296K)] 1046900K->871857K(1901568K), 0.0573983 secs] [Times: user=0.33 sys=0.01, real=0.06 secs] 
6139.189: [GC (Allocation Failure) [PSYoungGen: 450688K->109504K(503808K)] 1186737K->971437K(1902080K), 0.0675322 secs] [Times: user=0.40 sys=0.01, real=0.07 secs] 
6140.906: [GC (Allocation Failure) [PSYoungGen: 424384K->140688K(501760K)] 1286317K->1110967K(1900032K), 0.0589028 secs] [Times: user=0.35 sys=0.01, real=0.06 secs] 
6144.418: [GC (Allocation Failure) [PSYoungGen: 459664K->109552K(504320K)] 1429943K->1211011K(1902592K), 0.0663461 secs] [Times: user=0.39 sys=0.00, real=0.06 secs] 
6146.205: [GC (Allocation Failure) [PSYoungGen: 428528K->141792K(507904K)] 1529987K->1351627K(1906176K), 0.0550679 secs] [Times: user=0.32 sys=0.00, real=0.06 secs] 
6146.260: [Full GC (Ergonomics) [PSYoungGen: 141792K->0K(507904K)] [ParOldGen: 1209835K->160346K(1398272K)] 1351627K->160346K(1906176K), [Metaspace: 59726K->59726K(1105920K)], 0.3652808 secs] [Times: user=1.67 sys=0.00, real=0.36 secs] 
6148.981: [GC (GCLocker Initiated GC) [PSYoungGen: 327680K->112736K(510976K)] 488027K->273083K(1909248K), 0.0500777 secs] [Times: user=0.29 sys=0.00, real=0.05 secs] 
6150.931: [GC (Allocation Failure) [PSYoungGen: 440416K->156384K(504832K)] 600766K->427630K(1903104K), 0.0568670 secs] [Times: user=0.33 sys=0.00, real=0.06 secs] 
6152.936: [GC (Allocation Failure) [PSYoungGen: 483552K->112304K(513024K)] 754798K->522503K(1911296K), 0.0662456 secs] [Times: user=0.39 sys=0.00, real=0.07 secs] 
6155.297: [GC (Allocation Failure) [PSYoungGen: 439472K->150560K(507392K)] 849671K->670387K(1905664K), 0.0547714 secs] [Times: user=0.32 sys=0.00, real=0.05 secs] 
6157.576: [GC (Allocation Failure) [PSYoungGen: 476704K->110048K(512512K)] 996531K->770823K(1910784K), 0.0660615 secs] [Times: user=0.39 sys=0.00, real=0.06 secs] 
6159.385: [GC (Allocation Failure) [PSYoungGen: 436192K->151760K(506368K)] 1096967K->919097K(1904640K), 0.0536512 secs] [Times: user=0.32 sys=0.00, real=0.06 secs] 
6161.012: [GC (Allocation Failure) [PSYoungGen: 475856K->110240K(511488K)] 1243193K->1020240K(1909760K), 0.0694626 secs] [Times: user=0.41 sys=0.00, real=0.07 secs] 
6162.107: [GC (Allocation Failure) [PSYoungGen: 434336K->153376K(505856K)] 1344336K->1170593K(1904128K), 0.0639785 secs] [Times: user=0.38 sys=0.00, real=0.06 secs] 
6164.559: [GC (Allocation Failure) [PSYoungGen: 473681K->95280K(510464K)] 1490898K->1265546K(1908736K), 0.1618400 secs] [Times: user=0.95 sys=0.00, real=0.16 secs] 
6165.638: [GC (Allocation Failure) [PSYoungGen: 417328K->151648K(503808K)] 1587594K->1413048K(1902080K), 0.0553729 secs] [Times: user=0.33 sys=0.00, real=0.05 secs] 
6165.693: [Full GC (Ergonomics) [PSYoungGen: 151648K->0K(503808K)] [ParOldGen: 1261400K->208980K(1398272K)] 1413048K->208980K(1902080K), [Metaspace: 59726K->59726K(1105920K)], 0.4879450 secs] [Times: user=2.28 sys=0.00, real=0.49 secs] 
6168.223: [GC (Allocation Failure) [PSYoungGen: 315904K->97312K(507392K)] 524884K->306292K(1905664K), 0.1702763 secs] [Times: user=0.95 sys=0.01, real=0.17 secs] 
6169.322: [GC (Allocation Failure) [PSYoungGen: 413216K->150320K(502272K)] 622196K->450218K(1900544K), 0.0545430 secs] [Times: user=0.32 sys=0.00, real=0.06 secs] 
6173.079: [GC (Allocation Failure) [PSYoungGen: 458569K->90672K(505344K)] 758467K->540002K(1903616K), 0.1702301 secs] [Times: user=1.01 sys=0.00, real=0.17 secs] 
6174.239: [GC (Allocation Failure) [PSYoungGen: 388909K->138432K(501760K)] 838238K->673856K(1900032K), 0.0527179 secs] [Times: user=0.31 sys=0.00, real=0.05 secs] 
6175.842: [GC (Allocation Failure) [PSYoungGen: 450752K->105440K(503808K)] 986176K->770484K(1902080K), 0.0882643 secs] [Times: user=0.53 sys=0.00, real=0.09 secs] 
6178.074: [GC (Allocation Failure) [PSYoungGen: 417760K->143584K(505344K)] 1082804K->910497K(1903616K), 0.0513717 secs] [Times: user=0.30 sys=0.01, real=0.05 secs] 
6181.141: [GC (Allocation Failure) [PSYoungGen: 460512K->103552K(506368K)] 1227425K->1004841K(1904640K), 0.0827035 secs] [Times: user=0.49 sys=0.01, real=0.08 secs] 
6183.514: [GC (Allocation Failure) [PSYoungGen: 420480K->150176K(503296K)] 1321769K->1150766K(1901568K), 0.0520489 secs] [Times: user=0.31 sys=0.00, real=0.06 secs] 
6185.931: [GC (Allocation Failure) [PSYoungGen: 467104K->105408K(507392K)] 1467694K->1247226K(1905664K), 0.1455490 secs] [Times: user=0.85 sys=0.02, real=0.15 secs] 
6188.253: [GC (Allocation Failure) [PSYoungGen: 422221K->145920K(507392K)] 1564040K->1389663K(1905664K), 0.0522169 secs] [Times: user=0.31 sys=0.00, real=0.05 secs] 
6188.306: [Full GC (Ergonomics) [PSYoungGen: 145920K->0K(507392K)] [ParOldGen: 1243743K->195959K(1398272K)] 1389663K->195959K(1905664K), [Metaspace: 59726K->59726K(1105920K)], 0.4751326 secs] [Times: user=2.20 sys=0.00, real=0.48 secs] 
6190.323: [GC (Allocation Failure) [PSYoungGen: 320000K->105216K(425472K)] 515959K->301175K(1823744K), 0.0687602 secs] [Times: user=0.41 sys=0.00, real=0.07 secs] 
6192.548: [GC (Allocation Failure) [PSYoungGen: 422982K->145520K(506368K)] 618941K->442957K(1904640K), 0.0500375 secs] [Times: user=0.29 sys=0.00, real=0.05 secs] 
6194.749: [GC (Allocation Failure) [PSYoungGen: 465520K->104880K(508416K)] 762957K->539037K(1906688K), 0.1775058 secs] [Times: user=1.06 sys=0.00, real=0.18 secs] 
6196.794: [GC (Allocation Failure) [PSYoungGen: 418947K->146400K(506880K)] 853104K->681629K(1905152K), 0.0505074 secs] [Times: user=0.29 sys=0.00, real=0.05 secs] 
6199.141: [GC (Allocation Failure) [PSYoungGen: 467936K->105696K(509440K)] 1003165K->778157K(1907712K), 0.1315167 secs] [Times: user=0.74 sys=0.00, real=0.13 secs] 
6201.218: [GC (Allocation Failure) [PSYoungGen: 424435K->145696K(509440K)] 1096896K->919734K(1907712K), 0.0510904 secs] [Times: user=0.30 sys=0.00, real=0.05 secs] 
6203.661: [GC (Allocation Failure) [PSYoungGen: 469792K->106464K(510976K)] 1243830K->1017294K(1909248K), 0.1304065 secs] [Times: user=0.77 sys=0.00, real=0.13 secs] 
6205.534: [GC (Allocation Failure) [PSYoungGen: 423613K->145216K(508928K)] 1334444K->1158431K(1907200K), 0.0511065 secs] [Times: user=0.30 sys=0.00, real=0.05 secs] 
6208.229: [GC (GCLocker Initiated GC) [PSYoungGen: 469824K->106272K(510976K)] 1483039K->1255571K(1909248K), 0.1661479 secs] [Times: user=0.99 sys=0.01, real=0.16 secs] 
6209.592: [GC (Allocation Failure) [PSYoungGen: 430880K->143536K(510976K)] 1596566K->1411981K(1909248K), 0.2379572 secs] [Times: user=1.42 sys=0.00, real=0.24 secs] 
6209.830: [Full GC (Ergonomics) [PSYoungGen: 143536K->0K(510976K)] [ParOldGen: 1268445K->211523K(1398272K)] 1411981K->211523K(1909248K), [Metaspace: 59726K->59726K(1105920K)], 0.4223602 secs] [Times: user=1.84 sys=0.01, real=0.42 secs] 
6214.121: [GC (Allocation Failure) [PSYoungGen: 327168K->94240K(512000K)] 538691K->305763K(1910272K), 0.1648695 secs] [Times: user=0.96 sys=0.00, real=0.16 secs] 
6215.438: [GC (Allocation Failure) [PSYoungGen: 421408K->156224K(502272K)] 632931K->455888K(1900544K), 0.0536338 secs] [Times: user=0.32 sys=0.00, real=0.05 secs] 
6219.280: [GC (Allocation Failure) [PSYoungGen: 474176K->94464K(508416K)] 773840K->549832K(1906688K), 0.1589303 secs] [Times: user=0.94 sys=0.00, real=0.16 secs] 
6219.785: [GC (Allocation Failure) [PSYoungGen: 412416K->154144K(499200K)] 867784K->697791K(1897472K), 0.0554200 secs] [Times: user=0.33 sys=0.00, real=0.06 secs] 
6223.052: [GC (Allocation Failure) [PSYoungGen: 463904K->87504K(504320K)] 1007551K->784864K(1902592K), 0.1502816 secs] [Times: user=0.90 sys=0.00, real=0.15 secs] 
6223.638: [GC (Allocation Failure) [PSYoungGen: 397264K->150624K(497664K)] 1094624K->929452K(1895936K), 0.0536967 secs] [Times: user=0.32 sys=0.00, real=0.05 secs] 
6226.466: [GC (Allocation Failure) [PSYoungGen: 454240K->90816K(501248K)] 1233068K->1019984K(1899520K), 0.1539952 secs] [Times: user=0.91 sys=0.00, real=0.16 secs] 
6227.673: [GC (Allocation Failure) [PSYoungGen: 381651K->137984K(496640K)] 1310819K->1151721K(1894912K), 0.0670714 secs] [Times: user=0.39 sys=0.00, real=0.07 secs] 
6229.981: [GC (Allocation Failure) [PSYoungGen: 443136K->99168K(499712K)] 1456873K->1242321K(1897984K), 0.0623919 secs] [Times: user=0.37 sys=0.00, real=0.06 secs] 
6231.894: [GC (GCLocker Initiated GC) [PSYoungGen: 404320K->141232K(503808K)] 1547474K->1380039K(1902080K), 0.0497353 secs] [Times: user=0.29 sys=0.00, real=0.05 secs] 
6231.943: [Full GC (Ergonomics) [PSYoungGen: 141232K->0K(503808K)] [ParOldGen: 1238807K->185262K(1398272K)] 1380039K->185262K(1902080K), [Metaspace: 59726K->59726K(1105920K)], 0.4461430 secs] [Times: user=2.06 sys=0.01, real=0.45 secs] 
6233.606: [GC (Allocation Failure) [PSYoungGen: 312320K->102912K(504320K)] 497584K->288176K(1902592K), 0.0325852 secs] [Times: user=0.19 sys=0.00, real=0.03 secs] 
6235.948: [GC (Allocation Failure) [PSYoungGen: 415232K->144992K(502272K)] 600496K->429817K(1900544K), 0.0509068 secs] [Times: user=0.30 sys=0.00, real=0.05 secs] 
6237.867: [GC (Allocation Failure) [PSYoungGen: 458336K->102320K(504320K)] 743161K->523290K(1902592K), 0.0795240 secs] [Times: user=0.47 sys=0.00, real=0.08 secs] 
6240.749: [GC (Allocation Failure) [PSYoungGen: 415664K->144512K(504832K)] 836634K->665110K(1903104K), 0.0515143 secs] [Times: user=0.31 sys=0.00, real=0.05 secs] 
6241.943: [GC (Allocation Failure) [PSYoungGen: 461440K->107696K(506880K)] 982038K->763771K(1905152K), 0.0649263 secs] [Times: user=0.37 sys=0.00, real=0.07 secs] 
6244.514: [GC (Allocation Failure) [PSYoungGen: 424624K->148416K(503296K)] 1080699K->908279K(1901568K), 0.0528094 secs] [Times: user=0.31 sys=0.00, real=0.06 secs] 
6246.240: [GC (Allocation Failure) [PSYoungGen: 465856K->104416K(506880K)] 1225719K->1003167K(1905152K), 0.0650812 secs] [Times: user=0.39 sys=0.00, real=0.06 secs] 
6248.641: [GC (Allocation Failure) [PSYoungGen: 421856K->157200K(500224K)] 1320607K->1156327K(1898496K), 0.0525687 secs] [Times: user=0.31 sys=0.01, real=0.05 secs] 
6250.610: [GC (Allocation Failure) [PSYoungGen: 471056K->103024K(506368K)] 1470183K->1242287K(1904640K), 0.1105346 secs] [Times: user=0.65 sys=0.00, real=0.11 secs] 
6253.078: [GC (Allocation Failure) [PSYoungGen: 416880K->147520K(504832K)] 1556143K->1385886K(1903104K), 0.0517432 secs] [Times: user=0.31 sys=0.00, real=0.05 secs] 
6253.130: [Full GC (Ergonomics) [PSYoungGen: 147520K->0K(504832K)] [ParOldGen: 1238366K->185448K(1398272K)] 1385886K->185448K(1903104K), [Metaspace: 59726K->59726K(1105920K)], 0.4384626 secs] [Times: user=2.02 sys=0.00, real=0.44 secs] 
6255.550: [GC (Allocation Failure) [PSYoungGen: 314880K->105200K(420352K)] 500328K->290649K(1818624K), 0.0698656 secs] [Times: user=0.41 sys=0.00, real=0.07 secs] 
6258.482: [GC (Allocation Failure) [PSYoungGen: 420080K->145984K(503808K)] 605529K->432865K(1902080K), 0.0515508 secs] [Times: user=0.30 sys=0.00, real=0.05 secs] 
6259.663: [GC (Allocation Failure) [PSYoungGen: 460864K->105104K(505856K)] 747745K->529166K(1904128K), 0.0652454 secs] [Times: user=0.39 sys=0.00, real=0.07 secs] 
6263.092: [GC (Allocation Failure) [PSYoungGen: 419984K->145168K(505344K)] 844046K->670283K(1903616K), 0.0517432 secs] [Times: user=0.30 sys=0.00, real=0.05 secs] 
6264.988: [GC (Allocation Failure) [PSYoungGen: 462608K->105568K(506880K)] 987723K->766898K(1905152K), 0.0646208 secs] [Times: user=0.38 sys=0.00, real=0.06 secs] 
6267.901: [GC (Allocation Failure) [PSYoungGen: 423008K->147168K(505344K)] 1084338K->910339K(1903616K), 0.0531360 secs] [Times: user=0.32 sys=0.00, real=0.05 secs] 
6269.897: [GC (Allocation Failure) [PSYoungGen: 466144K->106064K(507904K)] 1229315K->1007604K(1906176K), 0.1326848 secs] [Times: user=0.79 sys=0.00, real=0.13 secs] 
6271.536: [GC (Allocation Failure) [PSYoungGen: 425040K->149440K(506368K)] 1326580K->1153140K(1904640K), 0.0525479 secs] [Times: user=0.32 sys=0.00, real=0.05 secs] 
6272.741: [GC (Allocation Failure) [PSYoungGen: 469440K->109152K(429568K)] 1473140K->1253052K(1827840K), 0.0669759 secs] [Times: user=0.39 sys=0.00, real=0.07 secs] 
6274.871: [GC (Allocation Failure) [PSYoungGen: 429152K->147264K(506368K)] 1573052K->1396705K(1904640K), 0.0530211 secs] [Times: user=0.31 sys=0.02, real=0.05 secs] 
6274.924: [Full GC (Ergonomics) [PSYoungGen: 147264K->0K(506368K)] [ParOldGen: 1249441K->194376K(1398272K)] 1396705K->194376K(1904640K), [Metaspace: 59726K->59726K(1105920K)], 0.4663360 secs] [Times: user=2.16 sys=0.00, real=0.47 secs] 
6277.234: [GC (GCLocker Initiated GC) [PSYoungGen: 320512K->108336K(508928K)] 514890K->302715K(1907200K), 0.0326178 secs] [Times: user=0.19 sys=0.00, real=0.04 secs] 
6278.962: [GC (Allocation Failure) [PSYoungGen: 428848K->139264K(508928K)] 639614K->454732K(1907200K), 0.2516408 secs] [Times: user=1.51 sys=0.00, real=0.25 secs] 
6282.722: [GC (Allocation Failure) [PSYoungGen: 464384K->99168K(509440K)] 779852K->552828K(1907712K), 0.4074910 secs] [Times: user=2.44 sys=0.00, real=0.41 secs] 
6283.937: [GC (Allocation Failure) [PSYoungGen: 424288K->155792K(503296K)] 877948K->702786K(1901568K), 0.0560323 secs] [Times: user=0.33 sys=0.00, real=0.05 secs] 
6286.594: [GC (Allocation Failure) [PSYoungGen: 475792K->93680K(509440K)] 1022786K->795546K(1907712K), 0.1422209 secs] [Times: user=0.83 sys=0.01, real=0.15 secs] 
6287.173: [GC (Allocation Failure) [PSYoungGen: 413680K->156000K(499712K)] 1115546K->945380K(1897984K), 0.0555493 secs] [Times: user=0.33 sys=0.00, real=0.06 secs] 
6290.332: [GC (Allocation Failure) [PSYoungGen: 466784K->92176K(504832K)] 1256164K->1037241K(1903104K), 0.1639793 secs] [Times: user=0.98 sys=0.00, real=0.17 secs] 
6290.759: [GC (Allocation Failure) [PSYoungGen: 402960K->150288K(499200K)] 1348025K->1181366K(1897472K), 0.0554216 secs] [Times: user=0.33 sys=0.00, real=0.05 secs] 
6293.999: [GC (Allocation Failure) [PSYoungGen: 455952K->89648K(502272K)] 1487030K->1270338K(1900544K), 0.1713858 secs] [Times: user=1.02 sys=0.00, real=0.17 secs] 
6294.623: [GC (Allocation Failure) [PSYoungGen: 395312K->149056K(498176K)] 1576002K->1413130K(1896448K), 0.0543253 secs] [Times: user=0.32 sys=0.00, real=0.06 secs] 
6294.678: [Full GC (Ergonomics) [PSYoungGen: 149056K->0K(498176K)] [ParOldGen: 1264074K->210025K(1398272K)] 1413130K->210025K(1896448K), [Metaspace: 59726K->59726K(1105920K)], 0.4926613 secs] [Times: user=2.29 sys=0.00, real=0.49 secs] 
6297.691: [GC (Allocation Failure) [PSYoungGen: 302592K->87760K(500736K)] 512617K->297785K(1899008K), 0.1439748 secs] [Times: user=0.85 sys=0.01, real=0.14 secs] 
6299.236: [GC (Allocation Failure) [PSYoungGen: 390352K->141040K(499712K)] 600377K->434511K(1897984K), 0.0483688 secs] [Times: user=0.29 sys=0.00, real=0.04 secs] 
6300.924: [GC (Allocation Failure) [PSYoungGen: 444656K->100128K(403968K)] 738127K->525910K(1802240K), 0.1033111 secs] [Times: user=0.62 sys=0.00, real=0.11 secs] 
6303.556: [GC (GCLocker Initiated GC) [PSYoungGen: 403744K->139824K(499712K)] 829526K->662008K(1897984K), 0.0488015 secs] [Times: user=0.28 sys=0.00, real=0.04 secs] 
6305.131: [GC (Allocation Failure) [PSYoungGen: 446000K->100144K(499200K)] 970240K->755452K(1897472K), 0.0658357 secs] [Times: user=0.39 sys=0.00, real=0.07 secs] 
6308.392: [GC (Allocation Failure) [PSYoungGen: 406320K->141760K(501248K)] 1061628K->895216K(1899520K), 0.0506039 secs] [Times: user=0.29 sys=0.01, real=0.05 secs] 
6309.802: [GC (Allocation Failure) [PSYoungGen: 453056K->103920K(502272K)] 1206512K->990161K(1900544K), 0.0648727 secs] [Times: user=0.39 sys=0.00, real=0.07 secs] 
6312.716: [GC (Allocation Failure) [PSYoungGen: 415216K->141472K(504320K)] 1301457K->1129133K(1902592K), 0.0529821 secs] [Times: user=0.31 sys=0.01, real=0.05 secs] 
6314.132: [GC (Allocation Failure) [PSYoungGen: 458400K->106944K(505344K)] 1446061K->1226349K(1903616K), 0.0644815 secs] [Times: user=0.38 sys=0.00, real=0.07 secs] 
6316.382: [GC (Allocation Failure) [PSYoungGen: 423872K->146544K(505344K)] 1543277K->1370178K(1903616K), 0.0542788 secs] [Times: user=0.31 sys=0.01, real=0.06 secs] 
6316.436: [Full GC (Ergonomics) [PSYoungGen: 146544K->0K(505344K)] [ParOldGen: 1223633K->176180K(1398272K)] 1370178K->176180K(1903616K), [Metaspace: 59726K->59726K(1105920K)], 0.4174403 secs] [Times: user=1.93 sys=0.00, real=0.41 secs] 
6318.117: [GC (Allocation Failure) [PSYoungGen: 320512K->108640K(507904K)] 496692K->284820K(1906176K), 0.0404016 secs] [Times: user=0.24 sys=0.00, real=0.04 secs] 
6320.429: [GC (Allocation Failure) [PSYoungGen: 429152K->148496K(506880K)] 605332K->430697K(1905152K), 0.0535072 secs] [Times: user=0.31 sys=0.00, real=0.05 secs] 
6322.479: [GC (Allocation Failure) [PSYoungGen: 471568K->106448K(510464K)] 753769K->528165K(1908736K), 0.0833205 secs] [Times: user=0.50 sys=0.01, real=0.08 secs] 
6324.444: [GC (Allocation Failure) [PSYoungGen: 429520K->151680K(505344K)] 851237K->676277K(1903616K), 0.0529471 secs] [Times: user=0.31 sys=0.00, real=0.06 secs] 
6325.634: [GC (Allocation Failure) [PSYoungGen: 472704K->108512K(509952K)] 997301K->775757K(1908224K), 0.0668272 secs] [Times: user=0.40 sys=0.00, real=0.07 secs] 
6327.940: [GC (Allocation Failure) [PSYoungGen: 426138K->148640K(507392K)] 1093384K->921258K(1905664K), 0.0533182 secs] [Times: user=0.31 sys=0.00, real=0.05 secs] 
6330.330: [GC (Allocation Failure) [PSYoungGen: 470688K->103968K(510464K)] 1243306K->1016710K(1908736K), 0.0747831 secs] [Times: user=0.45 sys=0.00, real=0.07 secs] 
6332.449: [GC (Allocation Failure) [PSYoungGen: 420380K->147424K(508416K)] 1333123K->1160411K(1906688K), 0.0514653 secs] [Times: user=0.31 sys=0.00, real=0.05 secs] 
6334.686: [GC (Allocation Failure) [PSYoungGen: 469472K->107504K(429568K)] 1482459K->1258772K(1827840K), 0.1804785 secs] [Times: user=1.07 sys=0.00, real=0.18 secs] 
6336.243: [GC (Allocation Failure) [PSYoungGen: 423024K->144480K(508928K)] 1574292K->1398892K(1907200K), 0.0520442 secs] [Times: user=0.30 sys=0.00, real=0.05 secs] 
6336.296: [Full GC (Ergonomics) [PSYoungGen: 144480K->0K(508928K)] [ParOldGen: 1254412K->196752K(1398272K)] 1398892K->196752K(1907200K), [Metaspace: 59726K->59726K(1105920K)], 0.4755643 secs] [Times: user=2.22 sys=0.00, real=0.48 secs] 
6338.916: [GC (Allocation Failure) [PSYoungGen: 323072K->109024K(509952K)] 519824K->305776K(1908224K), 0.1013654 secs] [Times: user=0.60 sys=0.00, real=0.11 secs] 
6339.811: [GC (Allocation Failure) [PSYoungGen: 418184K->142528K(509440K)] 614936K->444320K(1907712K), 0.0498444 secs] [Times: user=0.30 sys=0.00, real=0.05 secs] 
6341.863: [GC (Allocation Failure) [PSYoungGen: 468160K->108016K(509952K)] 769952K->543081K(1908224K), 0.1656291 secs] [Times: user=0.98 sys=0.00, real=0.17 secs] 
6343.746: [GC (Allocation Failure) [PSYoungGen: 433648K->152112K(507904K)] 868713K->691280K(1906176K), 0.1234785 secs] [Times: user=0.73 sys=0.00, real=0.12 secs] 
6347.388: [GC (Allocation Failure) [PSYoungGen: 474936K->95536K(512512K)] 1014104K->786496K(1910784K), 0.1318987 secs] [Times: user=0.78 sys=0.00, real=0.13 secs] 
6348.268: [GC (Allocation Failure) [PSYoungGen: 421680K->153664K(503808K)] 1112640K->936128K(1902080K), 0.0638859 secs] [Times: user=0.38 sys=0.00, real=0.06 secs] 
6352.280: [GC (Allocation Failure) [PSYoungGen: 471616K->94816K(508416K)] 1254080K->1030521K(1906688K), 0.1699020 secs] [Times: user=1.02 sys=0.01, real=0.17 secs] 
6353.601: [GC (Allocation Failure) [PSYoungGen: 412768K->153504K(500736K)] 1348473K->1177973K(1899008K), 0.0832992 secs] [Times: user=0.50 sys=0.00, real=0.08 secs] 
6357.552: [GC (Allocation Failure) [PSYoungGen: 464288K->90304K(504832K)] 1488757K->1267978K(1903104K), 0.1768330 secs] [Times: user=1.05 sys=0.01, real=0.18 secs] 
6358.660: [GC (Allocation Failure) [PSYoungGen: 401088K->150464K(499200K)] 1578762K->1412350K(1897472K), 0.0537140 secs] [Times: user=0.31 sys=0.01, real=0.05 secs] 
6358.714: [Full GC (Ergonomics) [PSYoungGen: 150464K->0K(499200K)] [ParOldGen: 1261886K->209708K(1398272K)] 1412350K->209708K(1897472K), [Metaspace: 59726K->59726K(1105920K)], 0.4863629 secs] [Times: user=2.25 sys=0.00, real=0.49 secs] 
6362.140: [GC (Allocation Failure) [PSYoungGen: 305664K->86080K(502272K)] 515372K->295788K(1900544K), 0.1650450 secs] [Times: user=0.98 sys=0.00, real=0.16 secs] 
6363.353: [GC (Allocation Failure) [PSYoungGen: 390656K->142720K(502272K)] 600365K->434778K(1900544K), 0.0482315 secs] [Times: user=0.28 sys=0.00, real=0.05 secs] 
6365.827: [GC (Allocation Failure) [PSYoungGen: 448384K->99840K(406016K)] 740442K->525738K(1804288K), 0.0631851 secs] [Times: user=0.38 sys=0.00, real=0.06 secs] 
6367.384: [GC (Allocation Failure) [PSYoungGen: 405504K->141216K(499200K)] 831402K->663731K(1897472K), 0.0490926 secs] [Times: user=0.29 sys=0.00, real=0.05 secs] 
6369.561: [GC (Allocation Failure) [PSYoungGen: 446880K->102208K(499200K)] 969395K->756287K(1897472K), 0.0631562 secs] [Times: user=0.37 sys=0.00, real=0.06 secs] 
6371.099: [GC (Allocation Failure) [PSYoungGen: 407872K->143136K(501248K)] 1061951K->895835K(1899520K), 0.0512602 secs] [Times: user=0.31 sys=0.00, real=0.05 secs] 
6373.639: [GC (Allocation Failure) [PSYoungGen: 453920K->102912K(502272K)] 1206619K->989851K(1900544K), 0.0649190 secs] [Times: user=0.38 sys=0.00, real=0.06 secs] 
6374.783: [GC (Allocation Failure) [PSYoungGen: 413696K->143296K(504320K)] 1300635K->1130856K(1902592K), 0.0521767 secs] [Times: user=0.30 sys=0.01, real=0.05 secs] 
6376.001: [GC (Allocation Failure) [PSYoungGen: 459200K->108192K(505344K)] 1446760K->1229776K(1903616K), 0.0648199 secs] [Times: user=0.39 sys=0.01, real=0.07 secs] 
6378.769: [GC (Allocation Failure) [PSYoungGen: 424096K->145632K(504832K)] 1545680K->1372645K(1903104K), 0.0545360 secs] [Times: user=0.32 sys=0.00, real=0.05 secs] 
6378.824: [Full GC (Ergonomics) [PSYoungGen: 145632K->0K(504832K)] [ParOldGen: 1227013K->180394K(1398272K)] 1372645K->180394K(1903104K), [Metaspace: 59726K->59726K(1105920K)], 0.4119327 secs] [Times: user=1.89 sys=0.00, real=0.42 secs] 
6380.381: [GC (Allocation Failure) [PSYoungGen: 318976K->107984K(506880K)] 499370K->288378K(1905152K), 0.0360559 secs] [Times: user=0.21 sys=0.00, real=0.04 secs] 
6382.883: [GC (Allocation Failure) [PSYoungGen: 426960K->147296K(506368K)] 607354K->432287K(1904640K), 0.0527967 secs] [Times: user=0.31 sys=0.00, real=0.06 secs] 
6385.041: [GC (Allocation Failure) [PSYoungGen: 469344K->105248K(509440K)] 754335K->528535K(1907712K), 0.1672686 secs] [Times: user=0.99 sys=0.01, real=0.17 secs] 
6386.950: [GC (Allocation Failure) [PSYoungGen: 427296K->152496K(504832K)] 850583K->676969K(1903104K), 0.0519893 secs] [Times: user=0.30 sys=0.00, real=0.05 secs] 
6389.059: [GC (Allocation Failure) [PSYoungGen: 472496K->105392K(509440K)] 996969K->773549K(1907712K), 0.1533060 secs] [Times: user=0.91 sys=0.00, real=0.15 secs] 
6390.860: [GC (Allocation Failure) [PSYoungGen: 425392K->150912K(504832K)] 1093549K->920077K(1903104K), 0.0518619 secs] [Times: user=0.31 sys=0.00, real=0.05 secs] 
6392.765: [GC (Allocation Failure) [PSYoungGen: 468864K->104224K(508416K)] 1238029K->1015185K(1906688K), 0.1378389 secs] [Times: user=0.81 sys=0.01, real=0.14 secs] 
6395.152: [GC (Allocation Failure) [PSYoungGen: 416581K->147072K(506880K)] 1327543K->1158310K(1905152K), 0.0512212 secs] [Times: user=0.31 sys=0.00, real=0.05 secs] 
6397.371: [GC (Allocation Failure) [PSYoungGen: 466048K->102624K(508928K)] 1477286K->1252282K(1907200K), 0.1751969 secs] [Times: user=1.04 sys=0.01, real=0.18 secs] 
6399.056: [GC (Allocation Failure) [PSYoungGen: 421477K->149120K(505856K)] 1571135K->1396967K(1904128K), 0.0508223 secs] [Times: user=0.30 sys=0.00, real=0.05 secs] 
6399.107: [Full GC (Ergonomics) [PSYoungGen: 149120K->0K(505856K)] [ParOldGen: 1247847K->196400K(1398272K)] 1396967K->196400K(1904128K), [Metaspace: 59728K->59728K(1105920K)], 0.4721592 secs] [Times: user=2.20 sys=0.00, real=0.47 secs] 
6401.379: [GC (Allocation Failure) [PSYoungGen: 317952K->107600K(425984K)] 514352K->304001K(1824256K), 0.0994227 secs] [Times: user=0.59 sys=0.00, real=0.10 secs] 
6403.132: [GC (Allocation Failure) [PSYoungGen: 422822K->143152K(507392K)] 619223K->443654K(1905664K), 0.0503395 secs] [Times: user=0.29 sys=0.00, real=0.05 secs] 
6405.173: [GC (Allocation Failure) [PSYoungGen: 463152K->105504K(507904K)] 763654K->540313K(1906176K), 0.1609409 secs] [Times: user=0.95 sys=0.00, real=0.16 secs] 
6407.749: [GC (Allocation Failure) [PSYoungGen: 423691K->145472K(506880K)] 858500K->681830K(1905152K), 0.0509899 secs] [Times: user=0.30 sys=0.00, real=0.05 secs] 
6410.249: [GC (Allocation Failure) [PSYoungGen: 467008K->105888K(508928K)] 1003366K->779066K(1907200K), 0.1522227 secs] [Times: user=0.91 sys=0.00, real=0.15 secs] 
6411.416: [GC (Allocation Failure) [PSYoungGen: 417659K->144992K(509440K)] 1090838K->920379K(1907712K), 0.0943903 secs] [Times: user=0.56 sys=0.00, real=0.09 secs] 
6414.144: [GC (Allocation Failure) [PSYoungGen: 469600K->105408K(510976K)] 1244987K->1017371K(1909248K), 0.1476047 secs] [Times: user=0.87 sys=0.00, real=0.15 secs] 
6416.433: [GC (Allocation Failure) [PSYoungGen: 416301K->145600K(509440K)] 1328265K->1158904K(1907712K), 0.0509711 secs] [Times: user=0.30 sys=0.00, real=0.05 secs] 
6418.235: [GC (Allocation Failure) [PSYoungGen: 471232K->108224K(511488K)] 1484536K->1258360K(1909760K), 0.1240521 secs] [Times: user=0.73 sys=0.01, real=0.13 secs] 
6419.707: [GC (Allocation Failure) [PSYoungGen: 433856K->153376K(505856K)] 1583992K->1407997K(1904128K), 0.0542380 secs] [Times: user=0.31 sys=0.00, real=0.05 secs] 
6419.761: [Full GC (Ergonomics) [PSYoungGen: 153376K->0K(505856K)] [ParOldGen: 1254621K->206489K(1398272K)] 1407997K->206489K(1904128K), [Metaspace: 59728K->59728K(1105920K)], 0.4816341 secs] [Times: user=2.24 sys=0.01, real=0.48 secs] 
6423.035: [GC (Allocation Failure) [PSYoungGen: 323072K->94721K(510976K)] 529561K->301211K(1909248K), 0.1680171 secs] [Times: user=1.00 sys=0.00, real=0.17 secs] 
6423.844: [GC (Allocation Failure) [PSYoungGen: 417793K->152256K(503296K)] 624283K->449281K(1901568K), 0.0544561 secs] [Times: user=0.32 sys=0.00, real=0.06 secs] 
6427.468: [GC (Allocation Failure) [PSYoungGen: 468160K->93680K(507392K)] 765185K->542222K(1905664K), 0.1664164 secs] [Times: user=0.99 sys=0.00, real=0.16 secs] 
6428.909: [GC (Allocation Failure) [PSYoungGen: 409584K->151296K(501760K)] 858126K->687238K(1900032K), 0.0541093 secs] [Times: user=0.32 sys=0.00, real=0.05 secs] 
6431.854: [GC (Allocation Failure) [PSYoungGen: 460803K->91056K(504832K)] 996746K->777747K(1903104K), 0.1627110 secs] [Times: user=0.97 sys=0.00, real=0.17 secs] 
6432.976: [GC (Allocation Failure) [PSYoungGen: 401840K->147904K(501248K)] 1088531K->921734K(1899520K), 0.0538729 secs] [Times: user=0.32 sys=0.00, real=0.05 secs] 
6435.615: [GC (Allocation Failure) [PSYoungGen: 455616K->91040K(503296K)] 1229446K->1012414K(1901568K), 0.1607482 secs] [Times: user=0.96 sys=0.00, real=0.16 secs] 
6436.312: [GC (Allocation Failure) [PSYoungGen: 392858K->141856K(502272K)] 1314232K->1150079K(1900544K), 0.0497019 secs] [Times: user=0.29 sys=0.00, real=0.05 secs] 
6439.166: [GC (Allocation Failure) [PSYoungGen: 450592K->98256K(407040K)] 1458815K->1239712K(1805312K), 0.1071710 secs] [Times: user=0.64 sys=0.00, real=0.10 secs] 
6440.472: [GC (Allocation Failure) [PSYoungGen: 406992K->147136K(500224K)] 1548448K->1383179K(1898496K), 0.0492061 secs] [Times: user=0.29 sys=0.00, real=0.05 secs] 
6440.521: [Full GC (Ergonomics) [PSYoungGen: 147136K->0K(500224K)] [ParOldGen: 1236043K->190708K(1398272K)] 1383179K->190708K(1898496K), [Metaspace: 59728K->59728K(1105920K)], 0.4510536 secs] [Times: user=2.10 sys=0.00, real=0.45 secs] 
6442.383: [GC (Allocation Failure) [PSYoungGen: 308224K->101392K(502784K)] 498932K->292101K(1901056K), 0.0311702 secs] [Times: user=0.19 sys=0.00, real=0.03 secs] 
6443.868: [GC (Allocation Failure) [PSYoungGen: 409616K->144640K(502272K)] 600325K->433238K(1900544K), 0.0499208 secs] [Times: user=0.30 sys=0.00, real=0.05 secs] 
6445.056: [GC (Allocation Failure) [PSYoungGen: 455424K->104576K(503808K)] 744022K->528486K(1902080K), 0.0636872 secs] [Times: user=0.38 sys=0.00, real=0.07 secs] 
6447.866: [GC (Allocation Failure) [PSYoungGen: 415360K->142304K(503296K)] 839270K->667267K(1901568K), 0.0515735 secs] [Times: user=0.30 sys=0.00, real=0.05 secs] 
6449.217: [GC (Allocation Failure) [PSYoungGen: 456160K->104864K(503808K)] 981123K->763231K(1902080K), 0.0632737 secs] [Times: user=0.37 sys=0.00, real=0.06 secs] 
6451.674: [GC (Allocation Failure) [PSYoungGen: 418720K->144576K(504832K)] 1077087K->905052K(1903104K), 0.0521490 secs] [Times: user=0.31 sys=0.00, real=0.06 secs] 
6453.345: [GC (Allocation Failure) [PSYoungGen: 462528K->111600K(506368K)] 1223004K->1007808K(1904640K), 0.0801299 secs] [Times: user=0.47 sys=0.00, real=0.08 secs] 
6455.982: [GC (Allocation Failure) [PSYoungGen: 429552K->146560K(505344K)] 1325760K->1146516K(1903616K), 0.0575211 secs] [Times: user=0.33 sys=0.00, real=0.06 secs] 
6457.658: [GC (Allocation Failure) [PSYoungGen: 467584K->106560K(507904K)] 1467540K->1244209K(1906176K), 0.0649031 secs] [Times: user=0.38 sys=0.00, real=0.06 secs] 
6459.647: [GC (Allocation Failure) [PSYoungGen: 427584K->150912K(506368K)] 1565233K->1391397K(1904640K), 0.0535518 secs] [Times: user=0.32 sys=0.00, real=0.05 secs] 
6459.701: [Full GC (Ergonomics) [PSYoungGen: 150912K->0K(506368K)] [ParOldGen: 1240485K->190900K(1398272K)] 1391397K->190900K(1904640K), [Metaspace: 59728K->59728K(1105920K)], 0.4497768 secs] [Times: user=2.07 sys=0.00, real=0.45 secs] 
6461.922: [GC (Allocation Failure) [PSYoungGen: 322048K->107520K(510464K)] 512948K->298420K(1908736K), 0.0992861 secs] [Times: user=0.59 sys=0.00, real=0.10 secs] 
6463.945: [GC (Allocation Failure) [PSYoungGen: 426983K->149984K(507392K)] 617884K->444025K(1905664K), 0.0513212 secs] [Times: user=0.31 sys=0.00, real=0.06 secs] 
6466.124: [GC (Allocation Failure) [PSYoungGen: 472032K->104880K(510464K)] 766073K->540022K(1908736K), 0.0971367 secs] [Times: user=0.58 sys=0.00, real=0.10 secs] 
6467.997: [GC (Allocation Failure) [PSYoungGen: 418920K->146528K(509440K)] 854061K->682484K(1907712K), 0.0511754 secs] [Times: user=0.31 sys=0.00, real=0.05 secs] 
6469.974: [GC (Allocation Failure) [PSYoungGen: 469600K->106656K(430080K)] 1005556K->780373K(1828352K), 0.1438001 secs] [Times: user=0.85 sys=0.00, real=0.15 secs] 
6472.436: [GC (Allocation Failure) [PSYoungGen: 422647K->144464K(508416K)] 1096364K->920754K(1906688K), 0.0505289 secs] [Times: user=0.30 sys=0.00, real=0.05 secs] 
6474.529: [GC (Allocation Failure) [PSYoungGen: 467536K->105984K(509952K)] 1243826K->1017953K(1908224K), 0.1523845 secs] [Times: user=0.90 sys=0.00, real=0.15 secs] 
6476.925: [GC (Allocation Failure) [PSYoungGen: 419862K->144992K(509440K)] 1331832K->1159078K(1907712K), 0.0778642 secs] [Times: user=0.45 sys=0.01, real=0.08 secs] 
6479.970: [GC (Allocation Failure) [PSYoungGen: 470112K->106784K(510976K)] 1484198K->1257262K(1909248K), 0.1647974 secs] [Times: user=0.98 sys=0.00, real=0.16 secs] 
6481.076: [GC (Allocation Failure) [PSYoungGen: 416383K->144320K(510464K)] 1566862K->1397663K(1908736K), 0.0516482 secs] [Times: user=0.30 sys=0.00, real=0.05 secs] 
6481.128: [Full GC (Ergonomics) [PSYoungGen: 144320K->0K(510464K)] [ParOldGen: 1253343K->195839K(1398272K)] 1397663K->195839K(1908736K), [Metaspace: 59729K->59729K(1105920K)], 0.4742269 secs] [Times: user=2.20 sys=0.00, real=0.47 secs] 
6483.791: [GC (Allocation Failure) [PSYoungGen: 327168K->106176K(512000K)] 523007K->302015K(1910272K), 0.0575167 secs] [Times: user=0.34 sys=0.00, real=0.06 secs] 
6485.995: [GC (Allocation Failure) [PSYoungGen: 421792K->146032K(510464K)] 617632K->443737K(1908736K), 0.0495579 secs] [Times: user=0.29 sys=0.00, real=0.05 secs] 
6488.509: [GC (Allocation Failure) [PSYoungGen: 474224K->108768K(513024K)] 771929K->543084K(1911296K), 0.0870326 secs] [Times: user=0.52 sys=0.01, real=0.09 secs] 
6490.370: [GC (Allocation Failure) [PSYoungGen: 436960K->153296K(506880K)] 871276K->692698K(1905152K), 0.0523844 secs] [Times: user=0.31 sys=0.00, real=0.05 secs] 
6493.056: [GC (Allocation Failure) [PSYoungGen: 478416K->99424K(512000K)] 1017818K->791649K(1910272K), 0.1731115 secs] [Times: user=1.03 sys=0.01, real=0.17 secs] 
6494.233: [GC (Allocation Failure) [PSYoungGen: 424544K->154368K(503808K)] 1116769K->939918K(1902080K), 0.0557541 secs] [Times: user=0.33 sys=0.00, real=0.06 secs] 
6497.997: [GC (Allocation Failure) [PSYoungGen: 472320K->93280K(508416K)] 1257870K->1032894K(1906688K), 0.1629907 secs] [Times: user=0.97 sys=0.00, real=0.16 secs] 
6498.509: [GC (Allocation Failure) [PSYoungGen: 411232K->155232K(498688K)] 1350846K->1182067K(1896960K), 0.0556511 secs] [Times: user=0.33 sys=0.00, real=0.05 secs] 
6501.265: [GC (Allocation Failure) [PSYoungGen: 463968K->90240K(503808K)] 1490803K->1272207K(1902080K), 0.1678429 secs] [Times: user=1.00 sys=0.00, real=0.17 secs] 
6502.970: [GC (Allocation Failure) [PSYoungGen: 398976K->146720K(501248K)] 1580943K->1412816K(1899520K), 0.1007086 secs] [Times: user=0.60 sys=0.00, real=0.10 secs] 
6503.070: [Full GC (Ergonomics) [PSYoungGen: 146720K->0K(501248K)] [ParOldGen: 1266096K->212491K(1398272K)] 1412816K->212491K(1899520K), [Metaspace: 59729K->59729K(1105920K)], 0.5110972 secs] [Times: user=2.40 sys=0.00, real=0.51 secs] 
6507.248: [GC (Allocation Failure) [PSYoungGen: 305298K->88128K(502784K)] 517790K->300619K(1901056K), 0.1611284 secs] [Times: user=0.95 sys=0.01, real=0.16 secs] 
6508.108: [GC (Allocation Failure) [PSYoungGen: 380964K->138400K(499200K)] 593456K->434852K(1897472K), 0.0479045 secs] [Times: user=0.28 sys=0.00, real=0.04 secs] 
6509.855: [GC (Allocation Failure) [PSYoungGen: 445600K->100960K(501248K)] 742052K->527092K(1899520K), 0.1052153 secs] [Times: user=0.62 sys=0.00, real=0.11 secs] 
6512.187: [GC (Allocation Failure) [PSYoungGen: 408160K->142320K(502784K)] 834292K->665978K(1901056K), 0.0490233 secs] [Times: user=0.29 sys=0.00, real=0.05 secs] 
6513.688: [GC (Allocation Failure) [PSYoungGen: 454128K->102192K(503808K)] 977786K->759162K(1902080K), 0.1021090 secs] [Times: user=0.61 sys=0.01, real=0.10 secs] 
6515.501: [GC (Allocation Failure) [PSYoungGen: 414000K->147008K(502272K)] 1070970K->902730K(1900544K), 0.0510194 secs] [Times: user=0.30 sys=0.00, real=0.05 secs] 
6518.393: [GC (Allocation Failure) [PSYoungGen: 460352K->102208K(504832K)] 1216074K->996250K(1903104K), 0.1429701 secs] [Times: user=0.85 sys=0.00, real=0.15 secs] 
6520.936: [GC (Allocation Failure) [PSYoungGen: 415552K->146592K(504320K)] 1309594K->1138623K(1902592K), 0.0506919 secs] [Times: user=0.30 sys=0.00, real=0.06 secs] 
6522.130: [GC (Allocation Failure) [PSYoungGen: 462496K->107216K(506880K)] 1454527K->1236952K(1905152K), 0.0650191 secs] [Times: user=0.39 sys=0.00, real=0.06 secs] 
6525.311: [GC (Allocation Failure) [PSYoungGen: 423120K->144512K(505344K)] 1552856K->1378132K(1903616K), 0.0527245 secs] [Times: user=0.32 sys=0.00, real=0.05 secs] 
6525.364: [Full GC (Ergonomics) [PSYoungGen: 144512K->0K(505344K)] [ParOldGen: 1233620K->185221K(1398272K)] 1378132K->185221K(1903616K), [Metaspace: 59729K->59729K(1105920K)], 0.4460613 secs] [Times: user=2.07 sys=0.00, real=0.45 secs] 
6527.458: [GC (Allocation Failure) [PSYoungGen: 317952K->104176K(506880K)] 503173K->289398K(1905152K), 0.0578591 secs] [Times: user=0.34 sys=0.00, real=0.06 secs] 
6529.796: [GC (Allocation Failure) [PSYoungGen: 422128K->148848K(504832K)] 607350K->434239K(1903104K), 0.0514232 secs] [Times: user=0.31 sys=0.00, real=0.06 secs] 
6531.883: [GC (Allocation Failure) [PSYoungGen: 467824K->107232K(508416K)] 753215K->532327K(1906688K), 0.1008296 secs] [Times: user=0.60 sys=0.00, real=0.10 secs] 
6534.163: [GC (Allocation Failure) [PSYoungGen: 426208K->147168K(506880K)] 851303K->675904K(1905152K), 0.0517301 secs] [Times: user=0.30 sys=0.00, real=0.05 secs] 
6535.635: [GC (Allocation Failure) [PSYoungGen: 468192K->110960K(509440K)] 996928K->778036K(1907712K), 0.0962065 secs] [Times: user=0.58 sys=0.00, real=0.10 secs] 
6538.249: [GC (Allocation Failure) [PSYoungGen: 431244K->147792K(506880K)] 1098321K->919969K(1905152K), 0.0524469 secs] [Times: user=0.31 sys=0.00, real=0.05 secs] 
6540.604: [GC (Allocation Failure) [PSYoungGen: 469840K->107296K(509440K)] 1242017K->1018344K(1907712K), 0.1678458 secs] [Times: user=0.99 sys=0.00, real=0.17 secs] 
6542.411: [GC (Allocation Failure) [PSYoungGen: 420629K->144144K(510464K)] 1331678K->1158246K(1908736K), 0.0515825 secs] [Times: user=0.31 sys=0.00, real=0.05 secs] 
6544.643: [GC (Allocation Failure) [PSYoungGen: 469776K->107184K(511488K)] 1483878K->1256474K(1909760K), 0.1547085 secs] [Times: user=0.92 sys=0.00, real=0.16 secs] 
6546.363: [GC (Allocation Failure) [PSYoungGen: 432816K->153184K(506368K)] 1582106K->1405403K(1904640K), 0.0523928 secs] [Times: user=0.31 sys=0.00, real=0.05 secs] 
6546.416: [Full GC (Ergonomics) [PSYoungGen: 153184K->0K(506368K)] [ParOldGen: 1252219K->204948K(1398272K)] 1405403K->204948K(1904640K), [Metaspace: 59729K->59729K(1105920K)], 0.4650367 secs] [Times: user=2.16 sys=0.00, real=0.47 secs] 
6548.757: [GC (Allocation Failure) [PSYoungGen: 323072K->99936K(510976K)] 528020K->304884K(1909248K), 0.1649207 secs] [Times: user=0.90 sys=0.00, real=0.16 secs] 
6549.833: [GC (Allocation Failure) [PSYoungGen: 423008K->155712K(501760K)] 627956K->454129K(1900032K), 0.0557393 secs] [Times: user=0.33 sys=0.00, real=0.06 secs] 
6553.837: [GC (Allocation Failure) [PSYoungGen: 470592K->92368K(506880K)] 769009K->545901K(1905152K), 0.1742760 secs] [Times: user=1.04 sys=0.00, real=0.17 secs] 
6554.948: [GC (Allocation Failure) [PSYoungGen: 407248K->151840K(500224K)] 860781K->690804K(1898496K), 0.0542013 secs] [Times: user=0.32 sys=0.00, real=0.05 secs] 
6559.500: [GC (Allocation Failure) [PSYoungGen: 460576K->89824K(503808K)] 999540K->779684K(1902080K), 0.1598267 secs] [Times: user=0.94 sys=0.01, real=0.16 secs] 
6560.585: [GC (Allocation Failure) [PSYoungGen: 383298K->138304K(500224K)] 1073158K->912233K(1898496K), 0.0499558 secs] [Times: user=0.29 sys=0.00, real=0.05 secs] 
6562.753: [GC (Allocation Failure) [PSYoungGen: 447552K->100112K(502272K)] 1221481K->1003502K(1900544K), 0.1151058 secs] [Times: user=0.68 sys=0.00, real=0.12 secs] 
6565.764: [GC (Allocation Failure) [PSYoungGen: 409360K->144096K(503808K)] 1312750K->1143074K(1902080K), 0.0517565 secs] [Times: user=0.31 sys=0.00, real=0.05 secs] 
6567.293: [GC (Allocation Failure) [PSYoungGen: 457440K->105056K(418816K)] 1456418K->1238714K(1817088K), 0.0738395 secs] [Times: user=0.44 sys=0.00, real=0.08 secs] 
6570.037: [GC (Allocation Failure) [PSYoungGen: 418400K->143072K(503808K)] 1552058K->1378294K(1902080K), 0.0535279 secs] [Times: user=0.31 sys=0.00, real=0.05 secs] 
6570.091: [Full GC (Ergonomics) [PSYoungGen: 143072K->0K(503808K)] [ParOldGen: 1235222K->185877K(1398272K)] 1378294K->185877K(1902080K), [Metaspace: 59729K->59729K(1105920K)], 0.4334880 secs] [Times: user=2.01 sys=0.00, real=0.43 secs] 
6572.575: [GC (Allocation Failure) [PSYoungGen: 315392K->105984K(504832K)] 501269K->291861K(1903104K), 0.0893098 secs] [Times: user=0.52 sys=0.01, real=0.09 secs] 
6573.884: [GC (Allocation Failure) [PSYoungGen: 421376K->148352K(504320K)] 607253K->436174K(1902592K), 0.0520606 secs] [Times: user=0.31 sys=0.00, real=0.06 secs] 
6575.623: [GC (Allocation Failure) [PSYoungGen: 466304K->107712K(507392K)] 754126K->534518K(1905664K), 0.1201594 secs] [Times: user=0.71 sys=0.00, real=0.12 secs] 
6576.944: [GC (Allocation Failure) [PSYoungGen: 425664K->147104K(506368K)] 852470K->677915K(1904640K), 0.0528394 secs] [Times: user=0.31 sys=0.00, real=0.06 secs] 
6579.403: [GC (Allocation Failure) [PSYoungGen: 467616K->109008K(508928K)] 998427K->777348K(1907200K), 0.0660640 secs] [Times: user=0.39 sys=0.00, real=0.07 secs] 
6580.417: [GC (Allocation Failure) [PSYoungGen: 424788K->147264K(506880K)] 1093127K->921096K(1905152K), 0.0527127 secs] [Times: user=0.31 sys=0.01, real=0.05 secs] 
6582.952: [GC (Allocation Failure) [PSYoungGen: 469312K->104960K(509440K)] 1243144K->1017184K(1907712K), 0.1027523 secs] [Times: user=0.61 sys=0.00, real=0.10 secs] 
6584.253: [GC (Allocation Failure) [PSYoungGen: 411577K->145872K(510464K)] 1323801K->1159326K(1908736K), 0.0523992 secs] [Times: user=0.31 sys=0.00, real=0.05 secs] 
6586.435: [GC (Allocation Failure) [PSYoungGen: 470992K->106240K(431616K)] 1484446K->1256909K(1829888K), 0.1353879 secs] [Times: user=0.81 sys=0.00, real=0.14 secs] 
6588.475: [GC (Allocation Failure) [PSYoungGen: 415464K->145152K(508928K)] 1566133K->1397738K(1907200K), 0.0524917 secs] [Times: user=0.31 sys=0.00, real=0.06 secs] 
6588.527: [Full GC (Ergonomics) [PSYoungGen: 145152K->0K(508928K)] [ParOldGen: 1252586K->196162K(1398272K)] 1397738K->196162K(1907200K), [Metaspace: 59729K->59729K(1105920K)], 0.4787095 secs] [Times: user=2.24 sys=0.00, real=0.48 secs] 
6590.960: [GC (Allocation Failure) [PSYoungGen: 324608K->109200K(510976K)] 520770K->305363K(1909248K), 0.0777629 secs] [Times: user=0.46 sys=0.00, real=0.08 secs] 
6592.286: [GC (Allocation Failure) [PSYoungGen: 433808K->151296K(507904K)] 629971K->452951K(1906176K), 0.0522897 secs] [Times: user=0.30 sys=0.01, real=0.06 secs] 
6595.242: [GC (Allocation Failure) [PSYoungGen: 472451K->95712K(511488K)] 774106K->548191K(1909760K), 0.1684893 secs] [Times: user=1.01 sys=0.00, real=0.17 secs] 
6596.345: [GC (Allocation Failure) [PSYoungGen: 420320K->154096K(502272K)] 872799K->697924K(1900544K), 0.0551606 secs] [Times: user=0.32 sys=0.00, real=0.06 secs] 
6599.776: [GC (Allocation Failure) [PSYoungGen: 470000K->93408K(507392K)] 1013828K->790988K(1905664K), 0.1641963 secs] [Times: user=0.97 sys=0.00, real=0.17 secs] 
6600.418: [GC (Allocation Failure) [PSYoungGen: 409312K->153664K(499712K)] 1106892K->938545K(1897984K), 0.0542031 secs] [Times: user=0.32 sys=0.00, real=0.05 secs] 
6602.917: [GC (Allocation Failure) [PSYoungGen: 462400K->92288K(503808K)] 1247281K->1030417K(1902080K), 0.1720034 secs] [Times: user=1.02 sys=0.00, real=0.17 secs] 
6603.864: [GC (Allocation Failure) [PSYoungGen: 401024K->148848K(499712K)] 1339153K->1172934K(1897984K), 0.0633034 secs] [Times: user=0.37 sys=0.00, real=0.07 secs] 
6606.070: [GC (Allocation Failure) [PSYoungGen: 454512K->89568K(502272K)] 1478598K->1261914K(1900544K), 0.0920550 secs] [Times: user=0.54 sys=0.00, real=0.09 secs] 
6606.836: [GC (Allocation Failure) [PSYoungGen: 387811K->140096K(500224K)] 1560157K->1397954K(1898496K), 0.0495573 secs] [Times: user=0.29 sys=0.01, real=0.05 secs] 
6606.886: [Full GC (Ergonomics) [PSYoungGen: 140096K->0K(500224K)] [ParOldGen: 1257858K->196524K(1398272K)] 1397954K->196524K(1898496K), [Metaspace: 59730K->59730K(1105920K)], 0.4775195 secs] [Times: user=2.23 sys=0.00, real=0.47 secs] 
6609.345: [GC (Allocation Failure) [PSYoungGen: 306688K->100432K(501760K)] 503212K->296957K(1900032K), 0.0309039 secs] [Times: user=0.18 sys=0.00, real=0.04 secs] 
6612.224: [GC (Allocation Failure) [PSYoungGen: 407120K->140784K(502272K)] 603645K->433993K(1900544K), 0.0484159 secs] [Times: user=0.28 sys=0.00, real=0.05 secs] 
6613.413: [GC (Allocation Failure) [PSYoungGen: 451056K->102896K(502272K)] 744265K->527761K(1900544K), 0.0625501 secs] [Times: user=0.37 sys=0.01, real=0.06 secs] 
6615.364: [GC (Allocation Failure) [PSYoungGen: 413168K->142912K(502784K)] 838033K->667141K(1901056K), 0.0509980 secs] [Times: user=0.30 sys=0.00, real=0.05 secs] 
6616.980: [GC (Allocation Failure) [PSYoungGen: 456768K->105504K(503808K)] 980997K->763457K(1902080K), 0.0643922 secs] [Times: user=0.39 sys=0.00, real=0.06 secs] 
6618.974: [GC (Allocation Failure) [PSYoungGen: 419360K->144832K(504320K)] 1077313K->904750K(1902592K), 0.0525203 secs] [Times: user=0.31 sys=0.00, real=0.06 secs] 
6620.907: [GC (Allocation Failure) [PSYoungGen: 462784K->108672K(506368K)] 1222702K->1004078K(1904640K), 0.0650329 secs] [Times: user=0.38 sys=0.00, real=0.06 secs] 
6623.121: [GC (Allocation Failure) [PSYoungGen: 426624K->144832K(506880K)] 1322030K->1145579K(1905152K), 0.0535497 secs] [Times: user=0.31 sys=0.00, real=0.05 secs] 
6624.387: [GC (Allocation Failure) [PSYoungGen: 466880K->110944K(508928K)] 1467627K->1247347K(1907200K), 0.0666517 secs] [Times: user=0.39 sys=0.00, real=0.06 secs] 
6625.893: [GC (Allocation Failure) [PSYoungGen: 432992K->150768K(505856K)] 1569395K->1395061K(1904128K), 0.0550275 secs] [Times: user=0.33 sys=0.00, real=0.06 secs] 
6625.948: [Full GC (Ergonomics) [PSYoungGen: 150768K->0K(505856K)] [ParOldGen: 1244292K->194528K(1398272K)] 1395061K->194528K(1904128K), [Metaspace: 59731K->59731K(1105920K)], 0.4601933 secs] [Times: user=2.14 sys=0.00, real=0.46 secs] 
6628.875: [GC (Allocation Failure) [PSYoungGen: 323072K->107328K(509952K)] 517600K->301856K(1908224K), 0.0359072 secs] [Times: user=0.21 sys=0.00, real=0.04 secs] 
6630.587: [GC (Allocation Failure) [PSYoungGen: 428348K->146960K(509440K)] 622876K->444706K(1907712K), 0.0848566 secs] [Times: user=0.50 sys=0.00, real=0.08 secs] 
6632.810: [GC (Allocation Failure) [PSYoungGen: 472080K->108096K(433664K)] 769826K->543809K(1831936K), 0.1171970 secs] [Times: user=0.69 sys=0.00, real=0.12 secs] 
6634.170: [GC (Allocation Failure) [PSYoungGen: 421472K->143264K(510464K)] 857185K->683162K(1908736K), 0.0511769 secs] [Times: user=0.30 sys=0.00, real=0.05 secs] 
6638.062: [GC (Allocation Failure) [PSYoungGen: 469920K->109600K(511488K)] 1009818K->783642K(1909760K), 0.1579982 secs] [Times: user=0.93 sys=0.00, real=0.16 secs] 
6639.579: [GC (Allocation Failure) [PSYoungGen: 436256K->150816K(507904K)] 1110298K->930535K(1906176K), 0.1390289 secs] [Times: user=0.83 sys=0.00, real=0.14 secs] 
6643.350: [GC (Allocation Failure) [PSYoungGen: 476960K->97520K(512000K)] 1256679K->1027628K(1910272K), 0.1678479 secs] [Times: user=0.98 sys=0.01, real=0.17 secs] 
6644.815: [GC (Allocation Failure) [PSYoungGen: 423664K->155568K(503296K)] 1353772K->1176960K(1901568K), 0.0577718 secs] [Times: user=0.34 sys=0.01, real=0.06 secs] 
6648.604: [GC (Allocation Failure) [PSYoungGen: 473520K->91904K(508416K)] 1494912K->1268180K(1906688K), 0.1721357 secs] [Times: user=1.03 sys=0.00, real=0.18 secs] 
6649.719: [GC (Allocation Failure) [PSYoungGen: 409856K->153008K(500224K)] 1586132K->1414885K(1898496K), 0.0559511 secs] [Times: user=0.33 sys=0.00, real=0.05 secs] 
6649.775: [Full GC (Ergonomics) [PSYoungGen: 153008K->0K(500224K)] [ParOldGen: 1261877K->213386K(1398272K)] 1414885K->213386K(1898496K), [Metaspace: 59731K->59731K(1105920K)], 0.5013388 secs] [Times: user=2.35 sys=0.00, real=0.51 secs] 
6653.009: [GC (Allocation Failure) [PSYoungGen: 309760K->89424K(504320K)] 523146K->302811K(1902592K), 0.1503564 secs] [Times: user=0.90 sys=0.00, real=0.15 secs] 
6654.187: [GC (Allocation Failure) [PSYoungGen: 399184K->149056K(499712K)] 612571K->446007K(1897984K), 0.0526648 secs] [Times: user=0.31 sys=0.00, real=0.05 secs] 
6656.710: [GC (Allocation Failure) [PSYoungGen: 454720K->85824K(502272K)] 751671K->531075K(1900544K), 0.1535020 secs] [Times: user=0.90 sys=0.00, real=0.15 secs] 
6658.793: [GC (Allocation Failure) [PSYoungGen: 391488K->143568K(501248K)] 836739K->670647K(1899520K), 0.0487101 secs] [Times: user=0.29 sys=0.00, real=0.05 secs] 
6660.817: [GC (Allocation Failure) [PSYoungGen: 448208K->99712K(404480K)] 975287K->761406K(1802752K), 0.0824668 secs] [Times: user=0.49 sys=0.00, real=0.08 secs] 
6663.036: [GC (Allocation Failure) [PSYoungGen: 404352K->142784K(498688K)] 1066046K->900675K(1896960K), 0.0703510 secs] [Times: user=0.42 sys=0.00, real=0.07 secs] 
6665.541: [GC (Allocation Failure) [PSYoungGen: 447424K->98784K(499200K)] 1205315K->990395K(1897472K), 0.0810162 secs] [Times: user=0.49 sys=0.00, real=0.08 secs] 
6668.364: [GC (Allocation Failure) [PSYoungGen: 403424K->140816K(501248K)] 1295035K->1128561K(1899520K), 0.0503880 secs] [Times: user=0.30 sys=0.00, real=0.05 secs] 
6669.647: [GC (Allocation Failure) [PSYoungGen: 450576K->105632K(501760K)] 1438321K->1224908K(1900032K), 0.0663110 secs] [Times: user=0.39 sys=0.00, real=0.06 secs] 
6672.572: [GC (Allocation Failure) [PSYoungGen: 415392K->141408K(502272K)] 1534668K->1363953K(1900544K), 0.0537073 secs] [Times: user=0.32 sys=0.00, real=0.06 secs] 
6672.626: [Full GC (Ergonomics) [PSYoungGen: 141408K->0K(502272K)] [ParOldGen: 1222545K->171207K(1398272K)] 1363953K->171207K(1900544K), [Metaspace: 59731K->59731K(1105920K)], 0.4032809 secs] [Times: user=1.80 sys=0.00, real=0.40 secs] 
6675.033: [GC (Allocation Failure) [PSYoungGen: 314368K->104032K(503296K)] 485575K->275239K(1901568K), 0.0349820 secs] [Times: user=0.21 sys=0.00, real=0.04 secs] 
6677.904: [GC (Allocation Failure) [PSYoungGen: 418400K->141216K(506368K)] 589607K->414628K(1904640K), 0.0537292 secs] [Times: user=0.32 sys=0.00, real=0.06 secs] 
6679.168: [GC (Allocation Failure) [PSYoungGen: 462240K->111104K(507392K)] 735652K->516372K(1905664K), 0.0656365 secs] [Times: user=0.39 sys=0.00, real=0.06 secs] 
6681.835: [GC (Allocation Failure) [PSYoungGen: 432128K->145312K(506880K)] 837396K->659408K(1905152K), 0.0544707 secs] [Times: user=0.32 sys=0.00, real=0.06 secs] 
6683.071: [GC (Allocation Failure) [PSYoungGen: 469920K->111424K(509440K)] 984016K->761813K(1907712K), 0.0661415 secs] [Times: user=0.40 sys=0.00, real=0.07 secs] 
6685.394: [GC (Allocation Failure) [PSYoungGen: 436032K->146464K(510464K)] 1086421K->905909K(1908736K), 0.0553083 secs] [Times: user=0.32 sys=0.00, real=0.06 secs] 
6687.424: [GC (Allocation Failure) [PSYoungGen: 475680K->110336K(513024K)] 1235125K->1006885K(1911296K), 0.0765756 secs] [Times: user=0.46 sys=0.00, real=0.08 secs] 
6689.305: [GC (Allocation Failure) [PSYoungGen: 439552K->153024K(507904K)] 1336101K->1156030K(1906176K), 0.0551457 secs] [Times: user=0.32 sys=0.00, real=0.06 secs] 
6691.481: [GC (Allocation Failure) [PSYoungGen: 480192K->112464K(513024K)] 1483198K->1259343K(1911296K), 0.1643505 secs] [Times: user=0.97 sys=0.01, real=0.16 secs] 
6693.860: [GC (Allocation Failure) [PSYoungGen: 427930K->143472K(513024K)] 1574809K->1398740K(1911296K), 0.0541326 secs] [Times: user=0.32 sys=0.01, real=0.05 secs] 
6693.914: [Full GC (Ergonomics) [PSYoungGen: 143472K->0K(513024K)] [ParOldGen: 1255267K->196103K(1398272K)] 1398740K->196103K(1911296K), [Metaspace: 59731K->59731K(1105920K)], 0.4705309 secs] [Times: user=2.18 sys=0.00, real=0.47 secs] 
6696.994: [GC (Allocation Failure) [PSYoungGen: 330752K->112192K(443392K)] 526855K->308295K(1841664K), 0.0958864 secs] [Times: user=0.56 sys=0.00, real=0.10 secs] 
6698.624: [GC (Allocation Failure) [PSYoungGen: 442944K->153472K(508416K)] 639047K->457452K(1906688K), 0.1398212 secs] [Times: user=0.83 sys=0.01, real=0.14 secs] 
6702.285: [GC (Allocation Failure) [PSYoungGen: 481664K->99744K(513536K)] 785644K->556792K(1911808K), 0.1662606 secs] [Times: user=0.99 sys=0.00, real=0.17 secs] 
6702.864: [GC (Allocation Failure) [PSYoungGen: 427936K->159936K(500224K)] 884984K->710380K(1898496K), 0.0566377 secs] [Times: user=0.33 sys=0.00, real=0.06 secs] 
6706.614: [GC (Allocation Failure) [PSYoungGen: 475840K->90288K(507392K)] 1026284K->800505K(1905664K), 0.1430290 secs] [Times: user=0.85 sys=0.00, real=0.15 secs] 
6707.204: [GC (Allocation Failure) [PSYoungGen: 406192K->153920K(499200K)] 1116409K->948144K(1897472K), 0.0820467 secs] [Times: user=0.48 sys=0.01, real=0.08 secs] 
6710.589: [GC (Allocation Failure) [PSYoungGen: 461632K->88496K(503296K)] 1255856K->1036400K(1901568K), 0.1539391 secs] [Times: user=0.91 sys=0.01, real=0.15 secs] 
6711.095: [GC (Allocation Failure) [PSYoungGen: 396208K->148992K(499200K)] 1344112K->1179441K(1897472K), 0.0616439 secs] [Times: user=0.36 sys=0.00, real=0.07 secs] 
6713.625: [GC (Allocation Failure) [PSYoungGen: 452608K->88864K(501248K)] 1483057K->1268181K(1899520K), 0.1283096 secs] [Times: user=0.76 sys=0.00, real=0.13 secs] 
6714.570: [GC (Allocation Failure) [PSYoungGen: 392480K->194752K(463872K)] 1571797K->1457078K(1862144K), 0.0587498 secs] [Times: user=0.31 sys=0.03, real=0.06 secs] 
6714.629: [Full GC (Ergonomics) [PSYoungGen: 194752K->0K(463872K)] [ParOldGen: 1262325K->206232K(1398272K)] 1457078K->206232K(1862144K), [Metaspace: 59731K->59731K(1105920K)], 0.4744967 secs] [Times: user=2.21 sys=0.00, real=0.47 secs] 
6716.427: [GC (Allocation Failure) [PSYoungGen: 266752K->74304K(341504K)] 472984K->280537K(1739776K), 0.0647425 secs] [Times: user=0.39 sys=0.00, real=0.06 secs] 
6718.894: [GC (Allocation Failure) [PSYoungGen: 341056K->120464K(490496K)] 547289K->397150K(1888768K), 0.0616037 secs] [Times: user=0.36 sys=0.01, real=0.07 secs] 
6720.116: [GC (Allocation Failure) [PSYoungGen: 393872K->103328K(376832K)] 670558K->491001K(1775104K), 0.0597499 secs] [Times: user=0.35 sys=0.00, real=0.06 secs] 
6721.883: [GC (Allocation Failure) [PSYoungGen: 376736K->122400K(485376K)] 764409K->613353K(1883648K), 0.0809209 secs] [Times: user=0.48 sys=0.00, real=0.08 secs] 
6723.968: [GC (Allocation Failure) [PSYoungGen: 404000K->140480K(477184K)] 894953K->726618K(1875456K), 0.1592903 secs] [Times: user=0.94 sys=0.00, real=0.16 secs] 
6726.515: [GC (Allocation Failure) [PSYoungGen: 422080K->77792K(493568K)] 1008218K->804486K(1891840K), 0.1238097 secs] [Times: user=0.73 sys=0.01, real=0.13 secs] 
6727.729: [GC (Allocation Failure) [PSYoungGen: 376288K->143776K(494592K)] 1102982K->941651K(1892864K), 0.1342549 secs] [Times: user=0.80 sys=0.00, real=0.13 secs] 
6730.242: [GC (GCLocker Initiated GC) [PSYoungGen: 442272K->85264K(501760K)] 1240147K->1026748K(1900032K), 0.1331745 secs] [Times: user=0.79 sys=0.00, real=0.13 secs] 
6730.655: [GC (Allocation Failure) [PSYoungGen: 390928K->148320K(454144K)] 1332415K->1168707K(1852416K), 0.0531592 secs] [Times: user=0.31 sys=0.01, real=0.06 secs] 
6733.417: [GC (Allocation Failure) [PSYoungGen: 453984K->90400K(502272K)] 1474371K->1258587K(1900544K), 0.1065855 secs] [Times: user=0.63 sys=0.00, real=0.10 secs] 
6733.924: [GC (Allocation Failure) [PSYoungGen: 392992K->147568K(499200K)] 1561179K->1400301K(1897472K), 0.0537802 secs] [Times: user=0.32 sys=0.00, real=0.06 secs] 
6733.977: [Full GC (Ergonomics) [PSYoungGen: 147568K->0K(499200K)] [ParOldGen: 1252732K->207882K(1398272K)] 1400301K->207882K(1897472K), [Metaspace: 59731K->59731K(1105920K)], 0.4817870 secs] [Times: user=2.25 sys=0.00, real=0.48 secs] 
6736.986: [GC (Allocation Failure) [PSYoungGen: 302592K->88656K(500224K)] 510474K->296539K(1898496K), 0.1386008 secs] [Times: user=0.82 sys=0.01, real=0.14 secs] 
6738.295: [GC (Allocation Failure) [PSYoungGen: 390224K->142528K(499200K)] 598107K->434599K(1897472K), 0.0480426 secs] [Times: user=0.29 sys=0.00, real=0.05 secs] 
6739.586: [GC (Allocation Failure) [PSYoungGen: 444096K->99312K(494080K)] 736167K->525244K(1892352K), 0.0635733 secs] [Times: user=0.37 sys=0.00, real=0.07 secs] 
6741.566: [GC (Allocation Failure) [PSYoungGen: 401904K->140000K(497152K)] 827836K->661568K(1895424K), 0.0486022 secs] [Times: user=0.29 sys=0.00, real=0.04 secs] 
6743.366: [GC (Allocation Failure) [PSYoungGen: 442592K->101568K(495616K)] 964160K->753752K(1893888K), 0.0898699 secs] [Times: user=0.53 sys=0.00, real=0.08 secs] 
6745.372: [GC (Allocation Failure) [PSYoungGen: 410816K->140800K(499712K)] 1063000K->891845K(1897984K), 0.0507432 secs] [Times: user=0.30 sys=0.00, real=0.05 secs] 
6747.193: [GC (Allocation Failure) [PSYoungGen: 450048K->104816K(500736K)] 1201093K->987150K(1899008K), 0.0638450 secs] [Times: user=0.38 sys=0.00, real=0.07 secs] 
6749.803: [GC (Allocation Failure) [PSYoungGen: 421232K->152736K(503808K)] 1303566K->1137314K(1902080K), 0.0529940 secs] [Times: user=0.31 sys=0.00, real=0.06 secs] 
6751.033: [GC (Allocation Failure) [PSYoungGen: 469152K->110144K(506368K)] 1453730K->1229482K(1904640K), 0.0666797 secs] [Times: user=0.39 sys=0.01, real=0.07 secs] 
6753.375: [GC (Allocation Failure) [PSYoungGen: 428096K->144640K(505856K)] 1547434K->1371535K(1904128K), 0.0550603 secs] [Times: user=0.32 sys=0.00, real=0.06 secs] 
6753.430: [Full GC (Ergonomics) [PSYoungGen: 144640K->0K(505856K)] [ParOldGen: 1226895K->179468K(1398272K)] 1371535K->179468K(1904128K), [Metaspace: 59731K->59731K(1105920K)], 0.4247540 secs] [Times: user=1.97 sys=0.00, real=0.42 secs] 
6755.589: [GC (Allocation Failure) [PSYoungGen: 317952K->106081K(505856K)] 497420K->285550K(1904128K), 0.0341186 secs] [Times: user=0.20 sys=0.01, real=0.03 secs] 
6758.619: [GC (Allocation Failure) [PSYoungGen: 427105K->147936K(507392K)] 606574K->430814K(1905664K), 0.0528651 secs] [Times: user=0.31 sys=0.00, real=0.05 secs] 
6760.687: [GC (Allocation Failure) [PSYoungGen: 468960K->107984K(508416K)] 751838K->529935K(1906688K), 0.0650364 secs] [Times: user=0.39 sys=0.00, real=0.06 secs] 
6763.083: [GC (Allocation Failure) [PSYoungGen: 431056K->148224K(508928K)] 853007K->674683K(1907200K), 0.0529149 secs] [Times: user=0.31 sys=0.00, real=0.06 secs] 
6764.940: [GC (Allocation Failure) [PSYoungGen: 471296K->109696K(508928K)] 997755K->775415K(1907200K), 0.1276651 secs] [Times: user=0.76 sys=0.00, real=0.13 secs] 
6767.307: [GC (Allocation Failure) [PSYoungGen: 433792K->149168K(509440K)] 1099511K->921225K(1907712K), 0.0746600 secs] [Times: user=0.44 sys=0.00, real=0.07 secs] 
6769.752: [GC (Allocation Failure) [PSYoungGen: 473264K->108192K(510464K)] 1245321K->1020816K(1908736K), 0.1635891 secs] [Times: user=0.97 sys=0.00, real=0.16 secs] 
6771.274: [GC (Allocation Failure) [PSYoungGen: 419132K->143040K(510464K)] 1331756K->1159785K(1908736K), 0.0513314 secs] [Times: user=0.30 sys=0.01, real=0.05 secs] 
6774.191: [GC (Allocation Failure) [PSYoungGen: 468160K->107232K(509440K)] 1484905K->1258309K(1907712K), 0.1759409 secs] [Times: user=1.05 sys=0.00, real=0.18 secs] 
6775.321: [GC (Allocation Failure) [PSYoungGen: 434400K->154528K(481792K)] 1585477K->1408646K(1880064K), 0.0534067 secs] [Times: user=0.32 sys=0.00, real=0.05 secs] 
6775.375: [Full GC (Ergonomics) [PSYoungGen: 154528K->0K(481792K)] [ParOldGen: 1254118K->206771K(1398272K)] 1408646K->206771K(1880064K), [Metaspace: 59731K->59731K(1105920K)], 0.4786284 secs] [Times: user=2.21 sys=0.00, real=0.48 secs] 
6778.789: [GC (Allocation Failure) [PSYoungGen: 327168K->97280K(510976K)] 533939K->304051K(1909248K), 0.1583359 secs] [Times: user=0.94 sys=0.00, real=0.16 secs] 
6779.690: [GC (Allocation Failure) [PSYoungGen: 419328K->156576K(478720K)] 626099K->454416K(1876992K), 0.0550997 secs] [Times: user=0.33 sys=0.01, real=0.05 secs] 
6782.640: [GC (Allocation Failure) [PSYoungGen: 478624K->97280K(506880K)] 776464K->551340K(1905152K), 0.1735861 secs] [Times: user=1.03 sys=0.00, real=0.17 secs] 
6783.074: [GC (Allocation Failure) [PSYoungGen: 410624K->152704K(466432K)] 864684K->697776K(1864704K), 0.0553509 secs] [Times: user=0.33 sys=0.00, real=0.06 secs] 
6786.697: [GC (Allocation Failure) [PSYoungGen: 466048K->93472K(504320K)] 1011120K->790960K(1902592K), 0.1589320 secs] [Times: user=0.95 sys=0.00, real=0.16 secs] 
6787.115: [GC (Allocation Failure) [PSYoungGen: 402208K->147600K(456704K)] 1099696K->932596K(1854976K), 0.0551864 secs] [Times: user=0.33 sys=0.00, real=0.06 secs] 
6790.991: [GC (Allocation Failure) [PSYoungGen: 456336K->88256K(502784K)] 1241332K->1019807K(1901056K), 0.1612729 secs] [Times: user=0.95 sys=0.01, real=0.16 secs] 
6792.241: [GC (Allocation Failure) [PSYoungGen: 379546K->138352K(444928K)] 1311098K->1151981K(1843200K), 0.0482559 secs] [Times: user=0.29 sys=0.00, real=0.05 secs] 
6794.264: [GC (Allocation Failure) [PSYoungGen: 444528K->101024K(503808K)] 1458157K->1243612K(1902080K), 0.0915905 secs] [Times: user=0.54 sys=0.01, real=0.09 secs] 
6796.633: [GC (Allocation Failure) [PSYoungGen: 410272K->152192K(500736K)] 1552860K->1392297K(1899008K), 0.0561750 secs] [Times: user=0.33 sys=0.00, real=0.06 secs] 
6796.689: [Full GC (Ergonomics) [PSYoungGen: 152192K->0K(500736K)] [ParOldGen: 1240105K->190894K(1398272K)] 1392297K->190894K(1899008K), [Metaspace: 59731K->59731K(1105920K)], 0.4627159 secs] [Times: user=2.14 sys=0.00, real=0.46 secs] 
6799.173: [GC (Allocation Failure) [PSYoungGen: 309248K->100048K(504832K)] 500142K->290943K(1903104K), 0.0472851 secs] [Times: user=0.27 sys=0.00, real=0.05 secs] 
6801.635: [GC (Allocation Failure) [PSYoungGen: 410320K->144272K(503296K)] 601215K->431324K(1901568K), 0.0493890 secs] [Times: user=0.30 sys=0.00, real=0.05 secs] 
6802.818: [GC (Allocation Failure) [PSYoungGen: 454544K->103328K(499712K)] 741596K->525815K(1897984K), 0.0635042 secs] [Times: user=0.38 sys=0.00, real=0.06 secs] 
6805.650: [GC (Allocation Failure) [PSYoungGen: 415136K->144800K(502272K)] 837623K->666556K(1900544K), 0.0515265 secs] [Times: user=0.30 sys=0.00, real=0.05 secs] 
6806.855: [GC (Allocation Failure) [PSYoungGen: 456608K->103296K(503808K)] 978364K->760820K(1902080K), 0.0657677 secs] [Times: user=0.40 sys=0.00, real=0.07 secs] 
6809.485: [GC (Allocation Failure) [PSYoungGen: 419712K->146336K(505344K)] 1077236K->904084K(1903616K), 0.0529771 secs] [Times: user=0.32 sys=0.00, real=0.06 secs] 
6810.692: [GC (Allocation Failure) [PSYoungGen: 462752K->106016K(505856K)] 1220500K->1000924K(1904128K), 0.0657405 secs] [Times: user=0.39 sys=0.00, real=0.07 secs] 
6813.412: [GC (Allocation Failure) [PSYoungGen: 424992K->148000K(506880K)] 1319900K->1145881K(1905152K), 0.0534240 secs] [Times: user=0.31 sys=0.00, real=0.05 secs] 
6814.661: [GC (Allocation Failure) [PSYoungGen: 466976K->110448K(506368K)] 1464857K->1247342K(1904640K), 0.0669863 secs] [Times: user=0.40 sys=0.01, real=0.07 secs] 
6816.407: [GC (Allocation Failure) [PSYoungGen: 430960K->148944K(507392K)] 1567854K->1392923K(1905664K), 0.0768158 secs] [Times: user=0.45 sys=0.00, real=0.07 secs] 
6816.484: [Full GC (Ergonomics) [PSYoungGen: 148944K->0K(507392K)] [ParOldGen: 1243978K->192324K(1398272K)] 1392923K->192324K(1905664K), [Metaspace: 59731K->59731K(1105920K)], 0.4635667 secs] [Times: user=2.10 sys=0.00, real=0.47 secs] 
6818.742: [GC (Allocation Failure) [PSYoungGen: 320512K->109936K(508416K)] 512836K->302261K(1906688K), 0.0483582 secs] [Times: user=0.29 sys=0.00, real=0.05 secs] 
6820.317: [GC (Allocation Failure) [PSYoungGen: 432496K->147408K(508928K)] 624821K->443857K(1907200K), 0.0510638 secs] [Times: user=0.30 sys=0.00, real=0.05 secs] 
6822.869: [GC (Allocation Failure) [PSYoungGen: 469968K->109808K(508416K)] 766417K->544677K(1906688K), 0.1789976 secs] [Times: user=1.06 sys=0.01, real=0.18 secs] 
6823.533: [GC (Allocation Failure) [PSYoungGen: 433904K->153152K(509440K)] 868773K->693945K(1907712K), 0.0530664 secs] [Times: user=0.31 sys=0.00, real=0.05 secs] 
6826.459: [GC (Allocation Failure) [PSYoungGen: 477248K->96656K(509952K)] 1018041K->789730K(1908224K), 0.1605365 secs] [Times: user=0.94 sys=0.01, real=0.16 secs] 
6826.998: [GC (Allocation Failure) [PSYoungGen: 417168K->155776K(476672K)] 1110242K->939458K(1874944K), 0.0604943 secs] [Times: user=0.34 sys=0.00, real=0.06 secs] 
6830.510: [GC (Allocation Failure) [PSYoungGen: 476288K->94656K(505856K)] 1259970K->1033806K(1904128K), 0.1671676 secs] [Times: user=0.99 sys=0.00, real=0.17 secs] 
6831.724: [GC (Allocation Failure) [PSYoungGen: 406464K->148656K(460800K)] 1345614K->1176072K(1859072K), 0.0552210 secs] [Times: user=0.33 sys=0.00, real=0.06 secs] 
6834.059: [GC (Allocation Failure) [PSYoungGen: 460464K->93424K(504832K)] 1487880K->1268736K(1903104K), 0.1684187 secs] [Times: user=1.00 sys=0.00, real=0.17 secs] 
6834.944: [GC (Allocation Failure) [PSYoungGen: 403184K->148032K(458240K)] 1578496K->1410960K(1856512K), 0.0553142 secs] [Times: user=0.33 sys=0.00, real=0.06 secs] 
6834.999: [Full GC (Ergonomics) [PSYoungGen: 148032K->0K(458240K)] [ParOldGen: 1262928K->209447K(1398272K)] 1410960K->209447K(1856512K), [Metaspace: 59736K->59736K(1105920K)], 0.4804569 secs] [Times: user=2.24 sys=0.00, real=0.48 secs] 
6838.006: [GC (Allocation Failure) [PSYoungGen: 309760K->93792K(504320K)] 519207K->303239K(1902592K), 0.1650786 secs] [Times: user=0.99 sys=0.00, real=0.16 secs] 
6838.733: [GC (Allocation Failure) [PSYoungGen: 402016K->148720K(457216K)] 611463K->446186K(1855488K), 0.0525590 secs] [Times: user=0.32 sys=0.00, real=0.06 secs] 
6841.217: [GC (Allocation Failure) [PSYoungGen: 456944K->89440K(502784K)] 754410K->535053K(1901056K), 0.1703754 secs] [Times: user=1.02 sys=0.00, real=0.17 secs] 
6842.638: [GC (Allocation Failure) [PSYoungGen: 394978K->143504K(501760K)] 840592K->674101K(1900032K), 0.0488381 secs] [Times: user=0.29 sys=0.00, real=0.05 secs] 
6845.450: [GC (Allocation Failure) [PSYoungGen: 449168K->98128K(497152K)] 979765K->763457K(1895424K), 0.1031976 secs] [Times: user=0.61 sys=0.00, real=0.10 secs] 
6847.301: [GC (Allocation Failure) [PSYoungGen: 404304K->143488K(499712K)] 1069633K->903109K(1897984K), 0.0483629 secs] [Times: user=0.29 sys=0.00, real=0.05 secs] 
6849.464: [GC (Allocation Failure) [PSYoungGen: 449664K->99408K(500224K)] 1209285K->993578K(1898496K), 0.0633686 secs] [Times: user=0.37 sys=0.01, real=0.07 secs] 
6851.878: [GC (Allocation Failure) [PSYoungGen: 410192K->141328K(502272K)] 1304362K->1131886K(1900544K), 0.0501613 secs] [Times: user=0.30 sys=0.00, real=0.05 secs] 
6853.301: [GC (Allocation Failure) [PSYoungGen: 452112K->104672K(500736K)] 1442670K->1226982K(1899008K), 0.0816839 secs] [Times: user=0.48 sys=0.00, real=0.08 secs] 
6856.145: [GC (Allocation Failure) [PSYoungGen: 420064K->144816K(503808K)] 1542374K->1369379K(1902080K), 0.0533497 secs] [Times: user=0.31 sys=0.00, real=0.06 secs] 
6856.199: [Full GC (Ergonomics) [PSYoungGen: 144816K->0K(503808K)] [ParOldGen: 1224563K->176440K(1398272K)] 1369379K->176440K(1902080K), [Metaspace: 59741K->59741K(1105920K)], 0.4170610 secs] [Times: user=1.93 sys=0.00, real=0.41 secs] 
6857.989: [GC (Allocation Failure) [PSYoungGen: 315392K->105120K(505344K)] 491832K->281560K(1903616K), 0.0549126 secs] [Times: user=0.32 sys=0.00, real=0.05 secs] 
6860.230: [GC (Allocation Failure) [PSYoungGen: 425120K->149248K(506880K)] 601560K->427960K(1905152K), 0.0527042 secs] [Times: user=0.31 sys=0.01, real=0.05 secs] 
6861.453: [GC (Allocation Failure) [PSYoungGen: 469248K->108224K(508416K)] 747960K->527320K(1906688K), 0.0849965 secs] [Times: user=0.51 sys=0.00, real=0.09 secs] 
6864.302: [GC (Allocation Failure) [PSYoungGen: 429760K->149568K(508416K)] 848856K->672997K(1906688K), 0.0530887 secs] [Times: user=0.32 sys=0.00, real=0.05 secs] 
6865.590: [GC (Allocation Failure) [PSYoungGen: 471104K->108480K(508416K)] 994533K->772589K(1906688K), 0.0658391 secs] [Times: user=0.38 sys=0.00, real=0.06 secs] 
6868.682: [GC (Allocation Failure) [PSYoungGen: 430016K->147392K(508416K)] 1094125K->916474K(1906688K), 0.0524172 secs] [Times: user=0.31 sys=0.00, real=0.05 secs] 
6870.173: [GC (Allocation Failure) [PSYoungGen: 468928K->109344K(507392K)] 1238010K->1016530K(1905664K), 0.1147749 secs] [Times: user=0.68 sys=0.00, real=0.12 secs] 
6872.581: [GC (Allocation Failure) [PSYoungGen: 423873K->147200K(508416K)] 1331059K->1159487K(1906688K), 0.0525689 secs] [Times: user=0.31 sys=0.00, real=0.05 secs] 
6874.293: [GC (Allocation Failure) [PSYoungGen: 469760K->106976K(509952K)] 1482047K->1257303K(1908224K), 0.0971275 secs] [Times: user=0.58 sys=0.00, real=0.10 secs] 
6877.002: [GC (Allocation Failure) [PSYoungGen: 417109K->144624K(510464K)] 1567436K->1397436K(1908736K), 0.0516082 secs] [Times: user=0.30 sys=0.00, real=0.05 secs] 
6877.054: [Full GC (Ergonomics) [PSYoungGen: 144624K->0K(510464K)] [ParOldGen: 1252812K->196129K(1398272K)] 1397436K->196129K(1908736K), [Metaspace: 59741K->59741K(1105920K)], 0.4777018 secs] [Times: user=2.23 sys=0.00, real=0.48 secs] 
6878.807: [GC (Allocation Failure) [PSYoungGen: 325120K->106032K(509952K)] 521249K->302161K(1908224K), 0.0484974 secs] [Times: user=0.27 sys=0.01, real=0.04 secs] 
6881.285: [GC (Allocation Failure) [PSYoungGen: 419244K->145296K(510976K)] 615373K->443070K(1909248K), 0.0500339 secs] [Times: user=0.29 sys=0.00, real=0.05 secs] 
6883.942: [GC (Allocation Failure) [PSYoungGen: 471952K->107872K(510976K)] 769726K->542129K(1909248K), 0.1570832 secs] [Times: user=0.93 sys=0.01, real=0.16 secs] 
6885.764: [GC (GCLocker Initiated GC) [PSYoungGen: 436576K->153040K(481792K)] 870834K->691007K(1880064K), 0.0518375 secs] [Times: user=0.31 sys=0.00, real=0.06 secs] 
6888.862: [GC (Allocation Failure) [PSYoungGen: 481744K->99264K(512000K)] 1019714K->789477K(1910272K), 0.1600972 secs] [Times: user=0.95 sys=0.01, real=0.16 secs] 
6889.459: [GC (Allocation Failure) [PSYoungGen: 423360K->157936K(482304K)] 1113573K->941799K(1880576K), 0.0574338 secs] [Times: user=0.34 sys=0.00, real=0.06 secs] 
6892.520: [GC (Allocation Failure) [PSYoungGen: 482032K->100608K(507904K)] 1265895K->1042142K(1906176K), 0.1628563 secs] [Times: user=0.97 sys=0.00, real=0.16 secs] 
6893.313: [GC (Allocation Failure) [PSYoungGen: 415488K->166544K(481792K)] 1357022K->1202672K(1880064K), 0.0875618 secs] [Times: user=0.50 sys=0.03, real=0.09 secs] 
6898.494: [GC (Allocation Failure) [PSYoungGen: 481424K->88672K(499200K)] 1517552K->1274383K(1897472K), 0.1467530 secs] [Times: user=0.86 sys=0.01, real=0.15 secs] 
6898.992: [GC (Allocation Failure) [PSYoungGen: 388192K->146368K(445952K)] 1573903K->1414760K(1844224K), 0.0526552 secs] [Times: user=0.31 sys=0.00, real=0.05 secs] 
6899.045: [Full GC (Ergonomics) [PSYoungGen: 146368K->0K(445952K)] [ParOldGen: 1268392K->213418K(1398272K)] 1414760K->213418K(1844224K), [Metaspace: 59741K->59741K(1105920K)], 0.5162335 secs] [Times: user=2.30 sys=0.00, real=0.52 secs] 
6902.059: [GC (Allocation Failure) [PSYoungGen: 299520K->86368K(499200K)] 512938K->299786K(1897472K), 0.1460069 secs] [Times: user=0.86 sys=0.00, real=0.14 secs] 
6903.895: [GC (Allocation Failure) [PSYoungGen: 385376K->139184K(438272K)] 598794K->434616K(1836544K), 0.0476056 secs] [Times: user=0.28 sys=0.00, real=0.05 secs] 
6905.575: [GC (Allocation Failure) [PSYoungGen: 438192K->96480K(499712K)] 733624K->522127K(1897984K), 0.0648363 secs] [Times: user=0.38 sys=0.00, real=0.07 secs] 
6908.034: [GC (Allocation Failure) [PSYoungGen: 398048K->138624K(497152K)] 823695K->657156K(1895424K), 0.0478283 secs] [Times: user=0.28 sys=0.01, real=0.05 secs] 
6909.291: [GC (Allocation Failure) [PSYoungGen: 440192K->100736K(500224K)] 958724K->748540K(1898496K), 0.0620735 secs] [Times: user=0.36 sys=0.00, real=0.06 secs] 
6911.677: [GC (Allocation Failure) [PSYoungGen: 408960K->141856K(499712K)] 1056764K->888225K(1897984K), 0.0504760 secs] [Times: user=0.30 sys=0.00, real=0.05 secs] 
6913.051: [GC (Allocation Failure) [PSYoungGen: 450080K->102672K(500736K)] 1196449K->981589K(1899008K), 0.0637444 secs] [Times: user=0.38 sys=0.00, real=0.06 secs] 
6915.524: [GC (Allocation Failure) [PSYoungGen: 418064K->145744K(503808K)] 1296981K->1124893K(1902080K), 0.0520544 secs] [Times: user=0.30 sys=0.00, real=0.06 secs] 
6917.353: [GC (Allocation Failure) [PSYoungGen: 461136K->105472K(505856K)] 1440285K->1221220K(1904128K), 0.0656517 secs] [Times: user=0.39 sys=0.00, real=0.07 secs] 
6920.639: [GC (Allocation Failure) [PSYoungGen: 424960K->145888K(506880K)] 1540708K->1364009K(1905152K), 0.0520900 secs] [Times: user=0.31 sys=0.00, real=0.05 secs] 
6921.837: [GC (Allocation Failure) [PSYoungGen: 465376K->110128K(505344K)] 1683497K->1465098K(1903616K), 0.0651416 secs] [Times: user=0.39 sys=0.00, real=0.06 secs] 
6921.903: [Full GC (Ergonomics) [PSYoungGen: 110128K->0K(505344K)] [ParOldGen: 1354969K->35654K(1398272K)] 1465098K->35654K(1903616K), [Metaspace: 59741K->59741K(1105920K)], 0.0669862 secs] [Times: user=0.24 sys=0.00, real=0.07 secs] 
6924.396: [GC (Allocation Failure) [PSYoungGen: 322048K->147584K(507392K)] 357702K->183238K(1905664K), 0.0292936 secs] [Times: user=0.17 sys=0.00, real=0.02 secs] 
6925.941: [GC (Allocation Failure) [PSYoungGen: 469632K->108896K(509440K)] 505286K->283122K(1907712K), 0.1045328 secs] [Times: user=0.62 sys=0.00, real=0.10 secs] 
6928.327: [GC (Allocation Failure) [PSYoungGen: 434016K->150432K(509952K)] 608242K->429847K(1908224K), 0.0528061 secs] [Times: user=0.31 sys=0.00, real=0.05 secs] 
6930.462: [GC (Allocation Failure) [PSYoungGen: 475552K->108608K(510464K)] 754967K->529355K(1908736K), 0.0970534 secs] [Times: user=0.58 sys=0.00, real=0.10 secs] 
6932.455: [GC (Allocation Failure) [PSYoungGen: 430434K->151216K(476160K)] 851181K->676227K(1874432K), 0.0521530 secs] [Times: user=0.31 sys=0.00, real=0.06 secs] 
6936.724: [GC (Allocation Failure) [PSYoungGen: 475824K->105440K(512000K)] 1000835K->773074K(1910272K), 0.1591483 secs] [Times: user=0.95 sys=0.01, real=0.16 secs] 
6938.052: [GC (Allocation Failure) [PSYoungGen: 413591K->145648K(509440K)] 1081226K->914800K(1907712K), 0.0507658 secs] [Times: user=0.30 sys=0.00, real=0.05 secs] 
6940.279: [GC (Allocation Failure) [PSYoungGen: 468208K->106624K(508416K)] 1237360K->1012927K(1906688K), 0.1605097 secs] [Times: user=0.81 sys=0.00, real=0.16 secs] 
6942.261: [GC (Allocation Failure) [PSYoungGen: 419565K->144032K(509440K)] 1325869K->1153412K(1907712K), 0.0516175 secs] [Times: user=0.31 sys=0.00, real=0.05 secs] 
6944.076: [GC (Allocation Failure) [PSYoungGen: 467616K->105136K(508928K)] 1476996K->1249785K(1907200K), 0.1484839 secs] [Times: user=0.88 sys=0.00, real=0.14 secs] 
6946.388: [GC (Allocation Failure) [PSYoungGen: 414900K->146032K(510464K)] 1559548K->1391574K(1908736K), 0.0517143 secs] [Times: user=0.30 sys=0.00, real=0.05 secs] 
6946.440: [Full GC (Ergonomics) [PSYoungGen: 146032K->0K(510464K)] [ParOldGen: 1245541K->196147K(1398272K)] 1391574K->196147K(1908736K), [Metaspace: 59741K->59741K(1105920K)], 0.4554850 secs] [Times: user=2.10 sys=0.00, real=0.45 secs] 
6949.369: [GC (Allocation Failure) [PSYoungGen: 326144K->108672K(511488K)] 522291K->304819K(1909760K), 0.1041117 secs] [Times: user=0.62 sys=0.00, real=0.10 secs] 
6951.046: [GC (Allocation Failure) [PSYoungGen: 436864K->154048K(482304K)] 633011K->454672K(1880576K), 0.0516714 secs] [Times: user=0.31 sys=0.00, real=0.05 secs] 
6953.923: [GC (Allocation Failure) [PSYoungGen: 482240K->98495K(511488K)] 782864K->552596K(1909760K), 0.1707016 secs] [Times: user=1.01 sys=0.01, real=0.17 secs] 
6955.343: [GC (Allocation Failure) [PSYoungGen: 421567K->154816K(478208K)] 875668K->701357K(1876480K), 0.0562944 secs] [Times: user=0.33 sys=0.00, real=0.06 secs] 
6958.505: [GC (Allocation Failure) [PSYoungGen: 477888K->95344K(507392K)] 1024429K->796310K(1905664K), 0.1702369 secs] [Times: user=1.01 sys=0.00, real=0.17 secs] 
6959.453: [GC (Allocation Failure) [PSYoungGen: 410736K->152064K(467968K)] 1111702K->942582K(1866240K), 0.1263171 secs] [Times: user=0.75 sys=0.01, real=0.13 secs] 
6962.784: [GC (GCLocker Initiated GC) [PSYoungGen: 467456K->91152K(504320K)] 1257974K->1033783K(1902592K), 0.1572468 secs] [Times: user=0.94 sys=0.00, real=0.16 secs] 
6963.250: [GC (Allocation Failure) [PSYoungGen: 400400K->149152K(458752K)] 1343034K->1176966K(1857024K), 0.0549068 secs] [Times: user=0.32 sys=0.01, real=0.05 secs] 
6967.454: [GC (Allocation Failure) [PSYoungGen: 458400K->88928K(502784K)] 1486214K->1265034K(1901056K), 0.1611884 secs] [Times: user=0.96 sys=0.00, real=0.16 secs] 
6968.454: [GC (Allocation Failure) [PSYoungGen: 395104K->147104K(453632K)] 1571210K->1406032K(1851904K), 0.0539239 secs] [Times: user=0.31 sys=0.00, real=0.06 secs] 
6968.508: [Full GC (Ergonomics) [PSYoungGen: 147104K->0K(453632K)] [ParOldGen: 1258928K->206199K(1398272K)] 1406032K->206199K(1851904K), [Metaspace: 59741K->59741K(1105920K)], 0.4814814 secs] [Times: user=2.25 sys=0.00, real=0.48 secs] 
6971.359: [GC (Allocation Failure) [PSYoungGen: 306176K->90464K(502272K)] 512375K->296663K(1900544K), 0.0810469 secs] [Times: user=0.46 sys=0.01, real=0.08 secs] 
6972.272: [GC (Allocation Failure) [PSYoungGen: 395104K->142816K(501248K)] 601303K->435572K(1899520K), 0.0491300 secs] [Times: user=0.29 sys=0.00, real=0.05 secs] 
6974.228: [GC (Allocation Failure) [PSYoungGen: 447456K->96992K(498176K)] 740212K->523844K(1896448K), 0.0630616 secs] [Times: user=0.38 sys=0.00, real=0.06 secs] 
6976.769: [GC (Allocation Failure) [PSYoungGen: 402656K->149776K(499712K)] 829508K->670106K(1897984K), 0.0483731 secs] [Times: user=0.29 sys=0.00, real=0.05 secs] 
6978.477: [GC (Allocation Failure) [PSYoungGen: 455440K->102208K(500224K)] 975770K->754665K(1898496K), 0.0626159 secs] [Times: user=0.37 sys=0.00, real=0.06 secs] 
6979.804: [GC (Allocation Failure) [PSYoungGen: 409408K->141072K(500736K)] 1061865K->893411K(1899008K), 0.0511058 secs] [Times: user=0.29 sys=0.01, real=0.05 secs] 
6981.397: [GC (Allocation Failure) [PSYoungGen: 448272K->101360K(499200K)] 1200611K->985403K(1897472K), 0.0634751 secs] [Times: user=0.38 sys=0.00, real=0.06 secs] 
6984.457: [GC (Allocation Failure) [PSYoungGen: 413168K->139936K(502272K)] 1297211K->1122487K(1900544K), 0.0508359 secs] [Times: user=0.30 sys=0.00, real=0.05 secs] 
6986.199: [GC (Allocation Failure) [PSYoungGen: 451744K->106016K(501248K)] 1434295K->1219039K(1899520K), 0.0640934 secs] [Times: user=0.38 sys=0.00, real=0.06 secs] 
6987.468: [GC (Allocation Failure) [PSYoungGen: 423968K->146464K(504832K)] 1536991K->1363620K(1903104K), 0.0536305 secs] [Times: user=0.32 sys=0.00, real=0.05 secs] 
6988.698: [GC (Allocation Failure) [PSYoungGen: 464416K->107504K(507392K)] 1681572K->1462044K(1905664K), 0.0658412 secs] [Times: user=0.39 sys=0.00, real=0.06 secs] 
6988.764: [Full GC (Ergonomics) [PSYoungGen: 107504K->0K(507392K)] [ParOldGen: 1354540K->32288K(1398272K)] 1462044K->32288K(1905664K), [Metaspace: 59741K->59741K(1105920K)], 0.0610974 secs] [Times: user=0.20 sys=0.00, real=0.06 secs] 
6991.094: [GC (Allocation Failure) [PSYoungGen: 322560K->150176K(508416K)] 354848K->182464K(1906688K), 0.0297658 secs] [Times: user=0.17 sys=0.00, real=0.03 secs] 
6993.318: [GC (Allocation Failure) [PSYoungGen: 472133K->108064K(509440K)] 504421K->281872K(1907712K), 0.0762514 secs] [Times: user=0.45 sys=0.01, real=0.07 secs] 
6995.458: [GC (Allocation Failure) [PSYoungGen: 430624K->147264K(508928K)] 604432K->425724K(1907200K), 0.0525733 secs] [Times: user=0.31 sys=0.00, real=0.05 secs] 
6997.457: [GC (Allocation Failure) [PSYoungGen: 469824K->109232K(507904K)] 748284K->525825K(1906176K), 0.0706909 secs] [Times: user=0.41 sys=0.00, real=0.07 secs] 
6999.493: [GC (Allocation Failure) [PSYoungGen: 432816K->159424K(483328K)] 849409K->681421K(1881600K), 0.0542418 secs] [Times: user=0.32 sys=0.00, real=0.06 secs] 
7000.691: [GC (Allocation Failure) [PSYoungGen: 483008K->110688K(509952K)] 1005005K->774533K(1908224K), 0.0663392 secs] [Times: user=0.39 sys=0.00, real=0.07 secs] 
7002.219: [GC (Allocation Failure) [PSYoungGen: 425076K->144496K(506368K)] 1088921K->915511K(1904640K), 0.0658243 secs] [Times: user=0.37 sys=0.00, real=0.06 secs] 
7005.139: [GC (Allocation Failure) [PSYoungGen: 461936K->101376K(508416K)] 1232951K->1008010K(1906688K), 0.0639926 secs] [Times: user=0.37 sys=0.00, real=0.06 secs] 
7007.458: [GC (Allocation Failure) [PSYoungGen: 420352K->148256K(506880K)] 1326986K->1152473K(1905152K), 0.0498541 secs] [Times: user=0.30 sys=0.00, real=0.05 secs] 
7009.613: [GC (Allocation Failure) [PSYoungGen: 467232K->103904K(508928K)] 1471449K->1247389K(1907200K), 0.0654216 secs] [Times: user=0.38 sys=0.00, real=0.07 secs] 
7011.823: [GC (Allocation Failure) [PSYoungGen: 422803K->148672K(470016K)] 1566289K->1392123K(1868288K), 0.0509152 secs] [Times: user=0.30 sys=0.00, real=0.05 secs] 
7011.874: [Full GC (Ergonomics) [PSYoungGen: 148672K->0K(470016K)] [ParOldGen: 1243451K->196654K(1398272K)] 1392123K->196654K(1868288K), [Metaspace: 59741K->59741K(1105920K)], 0.4632348 secs] [Times: user=2.14 sys=0.00, real=0.47 secs] 
7013.677: [GC (Allocation Failure) [PSYoungGen: 321024K->107936K(511488K)] 517678K->304590K(1909760K), 0.0424927 secs] [Times: user=0.25 sys=0.00, real=0.04 secs] 
7015.102: [GC (Allocation Failure) [PSYoungGen: 419377K->143792K(508416K)] 616032K->444356K(1906688K), 0.0505381 secs] [Times: user=0.30 sys=0.00, real=0.05 secs] 
7017.436: [GC (Allocation Failure) [PSYoungGen: 464816K->108176K(508928K)] 765380K->542940K(1907200K), 0.1723960 secs] [Times: user=1.02 sys=0.01, real=0.18 secs] 
7019.125: [GC (Allocation Failure) [PSYoungGen: 431760K->185312K(508928K)] 866524K->740135K(1907200K), 0.0567951 secs] [Times: user=0.34 sys=0.00, real=0.06 secs] 
7023.324: [GC (Allocation Failure) [PSYoungGen: 508896K->94160K(422912K)] 1063719K->784991K(1821184K), 0.1604628 secs] [Times: user=0.95 sys=0.01, real=0.16 secs] 
7024.375: [GC (Allocation Failure) [PSYoungGen: 327120K->110464K(465920K)] 1017951K->891908K(1864192K), 0.0522627 secs] [Times: user=0.31 sys=0.00, real=0.06 secs] 
7025.608: [GC (Allocation Failure) [PSYoungGen: 343424K->93824K(465920K)] 1124868K->977388K(1864192K), 0.0562010 secs] [Times: user=0.34 sys=0.00, real=0.05 secs] 
7028.192: [GC (Allocation Failure) [PSYoungGen: 326784K->80096K(465920K)] 1210348K->1057312K(1864192K), 0.0927362 secs] [Times: user=0.55 sys=0.00, real=0.09 secs] 
7028.472: [GC (Allocation Failure) [PSYoungGen: 306368K->108544K(451584K)] 1283584K->1159808K(1849856K), 0.0450572 secs] [Times: user=0.25 sys=0.01, real=0.05 secs] 
7029.609: [GC (Allocation Failure) [PSYoungGen: 341504K->71520K(458752K)] 1392768K->1222504K(1857024K), 0.0532782 secs] [Times: user=0.32 sys=0.00, real=0.05 secs] 
7032.450: [GC (Allocation Failure) [PSYoungGen: 304480K->116816K(451584K)] 1455464K->1337434K(1849856K), 0.0666592 secs] [Times: user=0.38 sys=0.01, real=0.07 secs] 
7033.181: [GC (Allocation Failure) [PSYoungGen: 365136K->125728K(462848K)] 1585754K->1436825K(1861120K), 0.1416580 secs] [Times: user=0.84 sys=0.00, real=0.14 secs] 
7033.323: [Full GC (Ergonomics) [PSYoungGen: 125728K->0K(462848K)] [ParOldGen: 1311097K->234160K(1398272K)] 1436825K->234160K(1861120K), [Metaspace: 59741K->59741K(1105920K)], 0.5963583 secs] [Times: user=2.83 sys=0.00, real=0.60 secs] 
7036.044: [GC (Allocation Failure) [PSYoungGen: 248320K->62400K(480768K)] 482480K->296560K(1879040K), 0.0807523 secs] [Times: user=0.47 sys=0.00, real=0.08 secs] 
7037.307: [GC (Allocation Failure) [PSYoungGen: 338880K->139664K(484864K)] 573040K->432497K(1883136K), 0.0419151 secs] [Times: user=0.25 sys=0.00, real=0.04 secs] 
7039.060: [GC (Allocation Failure) [PSYoungGen: 416144K->89056K(481792K)] 708977K->504913K(1880064K), 0.0584315 secs] [Times: user=0.34 sys=0.00, real=0.06 secs] 
7041.343: [GC (Allocation Failure) [PSYoungGen: 370656K->127712K(485888K)] 786513K->630281K(1884160K), 0.0465593 secs] [Times: user=0.27 sys=0.00, real=0.05 secs] 
7042.948: [GC (Allocation Failure) [PSYoungGen: 409312K->108640K(480256K)] 911881K->729089K(1878528K), 0.0613568 secs] [Times: user=0.36 sys=0.00, real=0.06 secs] 
7045.089: [GC (Allocation Failure) [PSYoungGen: 403040K->115264K(487424K)] 1023489K->844025K(1885696K), 0.0676533 secs] [Times: user=0.40 sys=0.00, real=0.07 secs] 
7046.774: [GC (Allocation Failure) [PSYoungGen: 409664K->133568K(505344K)] 1138425K->966576K(1903616K), 0.0617528 secs] [Times: user=0.37 sys=0.00, real=0.07 secs] 
7048.650: [GC (Allocation Failure) [PSYoungGen: 453568K->109152K(505344K)] 1286576K->1075809K(1903616K), 0.0856573 secs] [Times: user=0.51 sys=0.00, real=0.09 secs] 
7051.246: [GC (Allocation Failure) [PSYoungGen: 429152K->140928K(504832K)] 1395809K->1204789K(1903104K), 0.0621148 secs] [Times: user=0.36 sys=0.00, real=0.06 secs] 
7054.124: [GC (Allocation Failure) [PSYoungGen: 466048K->114160K(507904K)] 1529909K->1318638K(1906176K), 0.0862427 secs] [Times: user=0.51 sys=0.00, real=0.09 secs] 
7055.455: [GC (Allocation Failure) [PSYoungGen: 439280K->134048K(513536K)] 1643758K->1441844K(1911808K), 0.0620764 secs] [Times: user=0.37 sys=0.00, real=0.07 secs] 
7055.517: [Full GC (Ergonomics) [PSYoungGen: 134048K->0K(513536K)] [ParOldGen: 1307796K->250491K(1398272K)] 1441844K->250491K(1911808K), [Metaspace: 59741K->59741K(1105920K)], 0.5281481 secs] [Times: user=2.31 sys=0.00, real=0.52 secs] 
7058.487: [GC (Allocation Failure) [PSYoungGen: 336384K->129280K(513536K)] 586875K->379771K(1911808K), 0.0368424 secs] [Times: user=0.21 sys=0.00, real=0.03 secs] 
7059.814: [GC (Allocation Failure) [PSYoungGen: 465664K->4624K(495104K)] 716155K->255196K(1893376K), 0.0029966 secs] [Times: user=0.02 sys=0.00, real=0.01 secs] 
7063.134: [GC (Allocation Failure) [PSYoungGen: 324624K->139616K(459776K)] 575196K->393000K(1858048K), 0.0318564 secs] [Times: user=0.18 sys=0.00, real=0.04 secs] 
7064.953: [GC (Allocation Failure) [PSYoungGen: 459616K->110480K(514048K)] 713000K->494241K(1912320K), 0.0647245 secs] [Times: user=0.39 sys=0.00, real=0.07 secs] 
7067.177: [GC (Allocation Failure) [PSYoungGen: 432016K->144544K(506368K)] 815777K->637189K(1904640K), 0.0571324 secs] [Times: user=0.34 sys=0.00, real=0.05 secs] 
7068.374: [GC (Allocation Failure) [PSYoungGen: 466080K->111952K(505344K)] 958725K->739621K(1903616K), 0.0660375 secs] [Times: user=0.39 sys=0.00, real=0.07 secs] 
7071.094: [GC (Allocation Failure) [PSYoungGen: 436560K->147072K(507392K)] 1064229K->884289K(1905664K), 0.0545772 secs] [Times: user=0.32 sys=0.00, real=0.06 secs] 
7072.917: [GC (Allocation Failure) [PSYoungGen: 471680K->110400K(509952K)] 1208897K->985345K(1908224K), 0.0674358 secs] [Times: user=0.40 sys=0.00, real=0.06 secs] 
7074.650: [GC (Allocation Failure) [PSYoungGen: 438592K->150064K(510464K)] 1313537K->1132759K(1908736K), 0.0551958 secs] [Times: user=0.32 sys=0.00, real=0.05 secs] 
7076.105: [GC (Allocation Failure) [PSYoungGen: 478256K->109952K(511488K)] 1460951K->1233450K(1909760K), 0.0689833 secs] [Times: user=0.40 sys=0.00, real=0.07 secs] 
7076.853: [GC (Allocation Failure) [PSYoungGen: 438144K->153104K(481792K)] 1561642K->1382920K(1880064K), 0.0549629 secs] [Times: user=0.32 sys=0.00, real=0.06 secs] 
7076.908: [Full GC (Ergonomics) [PSYoungGen: 153104K->0K(481792K)] [ParOldGen: 1229815K->192732K(1398272K)] 1382920K->192732K(1880064K), [Metaspace: 59741K->59741K(1105920K)], 0.4561742 secs] [Times: user=2.12 sys=0.00, real=0.45 secs] 
Heap
 PSYoungGen      total 481792K, used 225877K [0x00000000d5580000, 0x0000000100000000, 0x0000000100000000)
  eden space 328192K, 68% used [0x00000000d5580000,0x00000000e32154a8,0x00000000e9600000)
  fr