5.714: [GC (Allocation Failure) [PSYoungGen: 128000K->12513K(148992K)] 128000K->12601K(488960K), 0.0216285 secs] [Times: user=0.03 sys=0.00, real=0.03 secs] 
6.239: [GC (Metadata GC Threshold) [PSYoungGen: 48918K->6069K(148992K)] 49006K->6165K(488960K), 0.0053703 secs] [Times: user=0.03 sys=0.00, real=0.00 secs] 
6.244: [Full GC (Metadata GC Threshold) [PSYoungGen: 6069K->0K(148992K)] [ParOldGen: 96K->5937K(134144K)] 6165K->5937K(283136K), [Metaspace: 20451K->20451K(1067008K)], 0.0251510 secs] [Times: user=0.07 sys=0.01, real=0.03 secs] 
7.743: [GC (Allocation Failure) [PSYoungGen: 128000K->9914K(148992K)] 133937K->15860K(283136K), 0.0031353 secs] [Times: user=0.01 sys=0.00, real=0.01 secs] 
8.329: [GC (Metadata GC Threshold) [PSYoungGen: 39245K->4642K(148992K)] 45191K->10596K(283136K), 0.0034052 secs] [Times: user=0.02 sys=0.00, real=0.00 secs] 
8.333: [Full GC (Metadata GC Threshold) [PSYoungGen: 4642K->0K(148992K)] [ParOldGen: 5953K->8891K(226816K)] 10596K->8891K(375808K), [Metaspace: 33736K->33736K(1079296K)], 0.0391132 secs] [Times: user=0.08 sys=0.00, real=0.04 secs] 
9.713: [GC (Allocation Failure) [PSYoungGen: 128000K->13026K(148992K)] 136891K->21926K(375808K), 0.0043464 secs] [Times: user=0.01 sys=0.00, real=0.01 secs] 
10.479: [GC (Allocation Failure) [PSYoungGen: 141026K->16373K(158720K)] 149926K->59631K(385536K), 0.0122744 secs] [Times: user=0.04 sys=0.01, real=0.01 secs] 
11.215: [GC (Allocation Failure) [PSYoungGen: 158709K->37248K(180736K)] 201967K->113282K(407552K), 0.0104457 secs] [Times: user=0.05 sys=0.00, real=0.01 secs] 
11.735: [GC (Allocation Failure) [PSYoungGen: 147325K->37232K(246784K)] 223359K->146042K(473600K), 0.0102924 secs] [Times: user=0.05 sys=0.01, real=0.01 secs] 
12.624: [GC (Allocation Failure) [PSYoungGen: 237936K->37520K(251392K)] 346746K->277411K(511488K), 0.0182923 secs] [Times: user=0.08 sys=0.03, real=0.02 secs] 
12.642: [Full GC (Ergonomics) [PSYoungGen: 37520K->0K(251392K)] [ParOldGen: 239890K->208865K(576512K)] 277411K->208865K(827904K), [Metaspace: 52446K->52446K(1097728K)], 0.0866673 secs] [Times: user=0.37 sys=0.00, real=0.09 secs] 
13.915: [GC (Allocation Failure) [PSYoungGen: 200704K->608K(293888K)] 409569K->209481K(870400K), 0.0017164 secs] [Times: user=0.01 sys=0.01, real=0.00 secs] 
16.464: [GC (Allocation Failure) [PSYoungGen: 253536K->34845K(307712K)] 462409K->243726K(884224K), 0.0050599 secs] [Times: user=0.02 sys=0.00, real=0.01 secs] 
18.119: [GC (Allocation Failure) [PSYoungGen: 287773K->1965K(350720K)] 496654K->210847K(927232K), 0.0021140 secs] [Times: user=0.01 sys=0.01, real=0.00 secs] 
19.586: [GC (Allocation Failure) [PSYoungGen: 304045K->34624K(358912K)] 512927K->243513K(935424K), 0.0049900 secs] [Times: user=0.02 sys=0.00, real=0.00 secs] 
21.382: [GC (Allocation Failure) [PSYoungGen: 336704K->2447K(397312K)] 545593K->211337K(973824K), 0.0025647 secs] [Times: user=0.01 sys=0.00, real=0.00 secs] 
24.114: [GC (Allocation Failure) [PSYoungGen: 350095K->1936K(405504K)] 558985K->210833K(982016K), 0.0030059 secs] [Times: user=0.01 sys=0.00, real=0.01 secs] 
26.446: [GC (Allocation Failure) [PSYoungGen: 349584K->18720K(433152K)] 558481K->227625K(1009664K), 0.0041332 secs] [Times: user=0.02 sys=0.01, real=0.00 secs] 
29.205: [GC (Allocation Failure) [PSYoungGen: 406304K->2125K(441344K)] 615209K->211031K(1017856K), 0.0021517 secs] [Times: user=0.01 sys=0.01, real=0.00 secs] 
31.068: [GC (Allocation Failure) [PSYoungGen: 389709K->2000K(457216K)] 598615K->210913K(1033728K), 0.0023429 secs] [Times: user=0.01 sys=0.00, real=0.00 secs] 
33.205: [GC (Allocation Failure) [PSYoungGen: 411600K->35104K(461312K)] 620513K->244025K(1037824K), 0.0056270 secs] [Times: user=0.02 sys=0.01, real=0.00 secs] 
35.682: [GC (Allocation Failure) [PSYoungGen: 444704K->1024K(480256K)] 653625K->209945K(1056768K), 0.0022809 secs] [Times: user=0.01 sys=0.00, real=0.00 secs] 
37.601: [GC (Allocation Failure) [PSYoungGen: 431104K->2160K(484352K)] 640025K->211081K(1060864K), 0.0017888 secs] [Times: user=0.01 sys=0.00, real=0.00 secs] 
40.564: [GC (Allocation Failure) [PSYoungGen: 432240K->2096K(494592K)] 641161K->211017K(1071104K), 0.0035302 secs] [Times: user=0.02 sys=0.00, real=0.01 secs] 
43.648: [GC (Allocation Failure) [PSYoungGen: 449584K->35056K(498176K)] 658505K->243985K(1074688K), 0.0059741 secs] [Times: user=0.02 sys=0.01, real=0.00 secs] 
46.525: [GC (Allocation Failure) [PSYoungGen: 482544K->18704K(515584K)] 691473K->227633K(1092096K), 0.0043178 secs] [Times: user=0.02 sys=0.00, real=0.00 secs] 
48.970: [GC (Allocation Failure) [PSYoungGen: 484624K->1056K(518656K)] 693553K->210041K(1095168K), 0.0022077 secs] [Times: user=0.00 sys=0.00, real=0.00 secs] 
51.112: [GC (Allocation Failure) [PSYoungGen: 466976K->1869K(524288K)] 675961K->211119K(1100800K), 0.0018061 secs] [Times: user=0.00 sys=0.00, real=0.00 secs] 
55.419: [GC (Allocation Failure) [PSYoungGen: 479565K->1981K(527360K)] 688815K->211263K(1103872K), 0.0019165 secs] [Times: user=0.00 sys=0.00, real=0.00 secs] 
58.165: [GC (Allocation Failure) [PSYoungGen: 479677K->768K(530944K)] 688959K->210097K(1107456K), 0.0021352 secs] [Times: user=0.00 sys=0.00, real=0.00 secs] 
61.365: [GC (Allocation Failure) [PSYoungGen: 488192K->34688K(533504K)] 697521K->244193K(1110016K), 0.0101960 secs] [Times: user=0.05 sys=0.01, real=0.02 secs] 
64.937: [GC (Allocation Failure) [PSYoungGen: 522112K->34704K(549376K)] 731617K->244249K(1125888K), 0.0085685 secs] [Times: user=0.04 sys=0.00, real=0.01 secs] 
69.811: [GC (Allocation Failure) [PSYoungGen: 532368K->34688K(553472K)] 741913K->244273K(1129984K), 0.0059482 secs] [Times: user=0.03 sys=0.00, real=0.01 secs] 
73.412: [GC (Allocation Failure) [PSYoungGen: 532352K->18336K(561664K)] 741937K->227945K(1138176K), 0.0033324 secs] [Times: user=0.01 sys=0.00, real=0.01 secs] 
76.441: [GC (Allocation Failure) [PSYoungGen: 529824K->10128K(566784K)] 739433K->219777K(1143296K), 0.0026717 secs] [Times: user=0.01 sys=0.00, real=0.00 secs] 
79.419: [GC (Allocation Failure) [PSYoungGen: 521616K->2928K(517632K)] 731265K->212601K(1094144K), 0.0020690 secs] [Times: user=0.00 sys=0.00, real=0.00 secs] 
82.568: [GC (Allocation Failure) [PSYoungGen: 498032K->1837K(481792K)] 707705K->211543K(1058304K), 0.0018260 secs] [Times: user=0.00 sys=0.00, real=0.00 secs] 
84.921: [GC (Allocation Failure) [PSYoungGen: 481581K->1805K(497152K)] 691287K->211559K(1073664K), 0.0019783 secs] [Times: user=0.00 sys=0.00, real=0.00 secs] 
88.473: [GC (Allocation Failure) [PSYoungGen: 466701K->1728K(452608K)] 676455K->211521K(1029120K), 0.0019656 secs] [Times: user=0.01 sys=0.00, real=0.01 secs] 
90.606: [GC (Allocation Failure) [PSYoungGen: 452288K->34592K(479744K)] 662081K->244401K(1056256K), 0.0040474 secs] [Times: user=0.02 sys=0.00, real=0.00 secs] 
92.882: [GC (Allocation Failure) [PSYoungGen: 471328K->18304K(442368K)] 681137K->228121K(1018880K), 0.0032887 secs] [Times: user=0.01 sys=0.00, real=0.01 secs] 
95.733: [GC (Allocation Failure) [PSYoungGen: 442240K->1885K(445952K)] 652057K->211719K(1022464K), 0.0019850 secs] [Times: user=0.00 sys=0.00, real=0.00 secs] 
97.827: [GC (Allocation Failure) [PSYoungGen: 413533K->1645K(401920K)] 623367K->211503K(978432K), 0.0019377 secs] [Times: user=0.01 sys=0.00, real=0.00 secs] 
100.660: [GC (Allocation Failure) [PSYoungGen: 401517K->34528K(434176K)] 611375K->244401K(1010688K), 0.0047091 secs] [Times: user=0.02 sys=0.00, real=0.00 secs] 
103.085: [GC (Allocation Failure) [PSYoungGen: 416003K->10096K(388096K)] 625877K->220001K(964608K), 0.0025756 secs] [Times: user=0.01 sys=0.00, real=0.00 secs] 
104.924: [GC (Allocation Failure) [PSYoungGen: 387952K->1709K(401920K)] 597857K->211663K(978432K), 0.0018321 secs] [Times: user=0.01 sys=0.00, real=0.01 secs] 
107.359: [GC (Allocation Failure) [PSYoungGen: 368813K->1632K(358912K)] 578767K->211633K(935424K), 0.0024798 secs] [Times: user=0.00 sys=0.00, real=0.00 secs] 
109.795: [GC (Allocation Failure) [PSYoungGen: 358496K->10112K(376832K)] 568497K->220129K(953344K), 0.0021967 secs] [Times: user=0.01 sys=0.00, real=0.00 secs] 
112.235: [GC (Allocation Failure) [PSYoungGen: 357248K->1645K(339968K)] 567265K->211671K(916480K), 0.0016324 secs] [Times: user=0.00 sys=0.00, real=0.01 secs] 
114.667: [GC (Allocation Failure) [PSYoungGen: 339565K->34464K(370176K)] 549591K->244497K(946688K), 0.0042955 secs] [Times: user=0.01 sys=0.00, real=0.00 secs] 
116.536: [GC (Allocation Failure) [PSYoungGen: 363680K->1805K(322560K)] 573713K->211871K(899072K), 0.0020647 secs] [Times: user=0.00 sys=0.00, real=0.00 secs] 
119.091: [GC (Allocation Failure) [PSYoungGen: 322317K->1456K(346624K)] 532383K->211521K(923136K), 0.0021607 secs] [Times: user=0.00 sys=0.00, real=0.00 secs] 
120.882: [GC (Allocation Failure) [PSYoungGen: 310461K->6000K(310784K)] 520527K->216081K(887296K), 0.0025260 secs] [Times: user=0.01 sys=0.00, real=0.00 secs] 
122.635: [GC (Allocation Failure) [PSYoungGen: 310640K->1549K(326656K)] 520721K->211639K(903168K), 0.0015129 secs] [Times: user=0.01 sys=0.00, real=0.00 secs] 
124.802: [GC (Allocation Failure) [PSYoungGen: 298509K->18240K(308224K)] 508599K->228369K(884736K), 0.0039341 secs] [Times: user=0.02 sys=0.00, real=0.01 secs] 
127.623: [GC (Allocation Failure) [PSYoungGen: 308032K->1549K(312320K)] 518161K->211695K(888832K), 0.0016262 secs] [Times: user=0.01 sys=0.00, real=0.01 secs] 
129.470: [GC (Allocation Failure) [PSYoungGen: 284173K->18160K(294400K)] 494319K->228313K(870912K), 0.0074882 secs] [Times: user=0.02 sys=0.00, real=0.01 secs] 
131.683: [GC (Allocation Failure) [PSYoungGen: 294128K->1549K(298496K)] 504281K->211719K(875008K), 0.0015615 secs] [Times: user=0.01 sys=0.00, real=0.01 secs] 
133.617: [GC (Allocation Failure) [PSYoungGen: 270861K->18176K(281600K)] 481031K->228361K(858112K), 0.0077039 secs] [Times: user=0.02 sys=0.00, real=0.00 secs] 
135.711: [GC (Allocation Failure) [PSYoungGen: 281344K->1565K(286720K)] 491529K->211767K(863232K), 0.0015588 secs] [Times: user=0.00 sys=0.00, real=0.00 secs] 
138.668: [GC (Allocation Failure) [PSYoungGen: 258589K->10016K(261632K)] 468791K->220217K(838144K), 0.0061585 secs] [Times: user=0.03 sys=0.00, real=0.00 secs] 
139.905: [GC (Allocation Failure) [PSYoungGen: 261408K->1424K(272384K)] 471609K->211633K(848896K), 0.0019664 secs] [Times: user=0.01 sys=0.00, real=0.00 secs] 
141.402: [GC (Allocation Failure) [PSYoungGen: 247184K->1869K(242176K)] 457393K->212079K(818688K), 0.0020058 secs] [Times: user=0.01 sys=0.00, real=0.00 secs] 
142.625: [GC (Allocation Failure) [PSYoungGen: 241997K->17872K(264704K)] 452207K->244465K(841216K), 0.0036367 secs] [Times: user=0.02 sys=0.00, real=0.01 secs] 
143.910: [GC (Allocation Failure) [PSYoungGen: 252880K->1773K(231936K)] 479473K->228383K(808448K), 0.0018126 secs] [Times: user=0.01 sys=0.00, real=0.00 secs] 
145.489: [GC (Allocation Failure) [PSYoungGen: 231661K->1600K(249344K)] 458271K->228209K(825856K), 0.0022924 secs] [Times: user=0.01 sys=0.00, real=0.00 secs] 
146.922: [GC (Allocation Failure) [PSYoungGen: 226368K->1613K(222208K)] 452977K->228231K(798720K), 0.0016626 secs] [Times: user=0.01 sys=0.00, real=0.00 secs] 
149.895: [GC (Allocation Failure) [PSYoungGen: 221773K->9984K(237568K)] 448391K->236617K(814080K), 0.0056562 secs] [Times: user=0.02 sys=0.00, real=0.00 secs] 
151.668: [GC (Allocation Failure) [PSYoungGen: 225536K->1424K(212480K)] 452169K->228057K(788992K), 0.0032659 secs] [Times: user=0.01 sys=0.00, real=0.00 secs] 
153.066: [GC (Allocation Failure) [PSYoungGen: 212368K->1789K(227840K)] 439001K->228431K(804352K), 0.0020130 secs] [Times: user=0.01 sys=0.00, real=0.00 secs] 
154.312: [GC (Allocation Failure) [PSYoungGen: 208637K->1536K(204800K)] 435279K->228193K(781312K), 0.0020790 secs] [Times: user=0.01 sys=0.00, real=0.00 secs] 
156.002: [GC (Allocation Failure) [PSYoungGen: 204288K->1549K(216576K)] 430945K->228247K(793088K), 0.0015851 secs] [Times: user=0.01 sys=0.00, real=0.00 secs] 
157.146: [GC (Allocation Failure) [PSYoungGen: 200205K->2016K(197120K)] 426903K->228713K(773632K), 0.0019237 secs] [Times: user=0.01 sys=0.00, real=0.00 secs] 
158.183: [GC (Allocation Failure) [PSYoungGen: 197088K->1408K(208384K)] 423785K->228113K(784896K), 0.0038670 secs] [Times: user=0.02 sys=0.00, real=0.01 secs] 
159.824: [GC (Allocation Failure) [PSYoungGen: 192896K->1645K(189952K)] 419601K->228351K(766464K), 0.0016702 secs] [Times: user=0.00 sys=0.00, real=0.01 secs] 
161.465: [GC (Allocation Failure) [PSYoungGen: 189549K->9920K(201728K)] 416255K->236641K(778240K), 0.0025503 secs] [Times: user=0.01 sys=0.00, real=0.00 secs] 
162.198: [GC (Allocation Failure) [PSYoungGen: 194240K->1376K(182272K)] 420961K->228097K(758784K), 0.0020360 secs] [Times: user=0.01 sys=0.00, real=0.00 secs] 
163.167: [GC (Allocation Failure) [PSYoungGen: 182112K->1648K(192512K)] 408833K->228369K(769024K), 0.0017153 secs] [Times: user=0.01 sys=0.00, real=0.00 secs] 
164.263: [GC (Allocation Failure) [PSYoungGen: 179312K->9888K(184832K)] 406033K->236609K(761344K), 0.0022406 secs] [Times: user=0.01 sys=0.00, real=0.01 secs] 
165.382: [GC (Allocation Failure) [PSYoungGen: 184480K->1344K(185856K)] 411201K->228073K(762368K), 0.0020399 secs] [Times: user=0.01 sys=0.00, real=0.00 secs] 
166.350: [GC (Allocation Failure) [PSYoungGen: 172864K->1629K(170496K)] 399593K->228359K(747008K), 0.0016389 secs] [Times: user=0.00 sys=0.00, real=0.00 secs] 
167.381: [GC (Allocation Failure) [PSYoungGen: 170077K->5792K(178176K)] 396807K->232529K(754688K), 0.0021812 secs] [Times: user=0.00 sys=0.00, real=0.00 secs] 
168.412: [GC (Allocation Failure) [PSYoungGen: 171168K->1440K(164352K)] 397905K->228193K(740864K), 0.0022173 secs] [Times: user=0.00 sys=0.01, real=0.01 secs] 
169.228: [GC (Allocation Failure) [PSYoungGen: 164256K->1517K(172032K)] 391009K->228279K(748544K), 0.0014196 secs] [Times: user=0.01 sys=0.00, real=0.00 secs] 
170.223: [GC (Allocation Failure) [PSYoungGen: 161773K->1741K(159744K)] 388535K->228503K(736256K), 0.0019882 secs] [Times: user=0.01 sys=0.00, real=0.01 secs] 
170.922: [GC (Allocation Failure) [PSYoungGen: 159437K->1472K(165376K)] 386199K->228233K(741888K), 0.0020081 secs] [Times: user=0.01 sys=0.00, real=0.00 secs] 
171.567: [GC (Allocation Failure) [PSYoungGen: 156608K->1392K(154112K)] 383369K->228153K(730624K), 0.0018767 secs] [Times: user=0.01 sys=0.00, real=0.00 secs] 
172.551: [GC (Allocation Failure) [PSYoungGen: 153968K->1709K(158720K)] 380729K->228479K(735232K), 0.0017643 secs] [Times: user=0.01 sys=0.00, real=0.00 secs] 
173.330: [GC (Allocation Failure) [PSYoungGen: 151725K->9792K(157696K)] 378495K->236561K(734208K), 0.0020930 secs] [Times: user=0.01 sys=0.00, real=0.00 secs] 
173.909: [GC (Allocation Failure) [PSYoungGen: 157248K->1408K(155648K)] 384017K->228193K(732160K), 0.0029499 secs] [Times: user=0.01 sys=0.00, real=0.00 secs] 
174.685: [GC (Allocation Failure) [PSYoungGen: 146816K->1485K(144896K)] 373601K->228287K(721408K), 0.0015717 secs] [Times: user=0.00 sys=0.00, real=0.01 secs] 
175.520: [GC (Allocation Failure) [PSYoungGen: 144845K->1677K(151040K)] 371647K->228479K(727552K), 0.0017267 secs] [Times: user=0.01 sys=0.00, real=0.00 secs] 
176.570: [GC (Allocation Failure) [PSYoungGen: 142989K->9760K(149504K)] 369791K->244761K(726016K), 0.0028278 secs] [Times: user=0.02 sys=0.00, real=0.00 secs] 
177.228: [GC (Allocation Failure) [PSYoungGen: 149024K->1392K(147968K)] 384025K->236393K(724480K), 0.0019684 secs] [Times: user=0.00 sys=0.00, real=0.00 secs] 
177.987: [GC (Allocation Failure) [PSYoungGen: 138608K->1565K(137216K)] 373609K->236567K(713728K), 0.0016176 secs] [Times: user=0.00 sys=0.01, real=0.00 secs] 
178.776: [GC (Allocation Failure) [PSYoungGen: 136733K->1693K(141824K)] 371735K->236695K(718336K), 0.0018853 secs] [Times: user=0.00 sys=0.00, real=0.00 secs] 
179.409: [GC (Allocation Failure) [PSYoungGen: 134813K->9664K(140800K)] 369815K->252865K(717312K), 0.0027230 secs] [Times: user=0.01 sys=0.00, real=0.00 secs] 
180.027: [GC (Allocation Failure) [PSYoungGen: 140736K->1408K(139264K)] 383937K->244609K(715776K), 0.0027497 secs] [Times: user=0.01 sys=0.00, real=0.00 secs] 
180.825: [GC (Allocation Failure) [PSYoungGen: 130432K->1581K(129536K)] 373633K->244783K(706048K), 0.0015197 secs] [Times: user=0.01 sys=0.00, real=0.00 secs] 
181.569: [GC (Allocation Failure) [PSYoungGen: 129069K->1677K(135680K)] 372271K->244879K(712192K), 0.0017535 secs] [Times: user=0.00 sys=0.00, real=0.00 secs] 
182.372: [GC (Allocation Failure) [PSYoungGen: 127448K->9712K(136192K)] 370650K->252929K(712704K), 0.0020144 secs] [Times: user=0.01 sys=0.00, real=0.00 secs] 
184.572: [GC (Allocation Failure) [PSYoungGen: 134128K->1408K(133632K)] 377345K->244625K(710144K), 0.0033041 secs] [Times: user=0.02 sys=0.00, real=0.01 secs] 
186.670: [GC (Allocation Failure) [PSYoungGen: 124288K->1437K(122880K)] 367505K->244655K(699392K), 0.0019327 secs] [Times: user=0.00 sys=0.00, real=0.00 secs] 
187.389: [GC (Allocation Failure) [PSYoungGen: 122781K->1629K(129536K)] 365999K->244847K(706048K), 0.0016564 secs] [Times: user=0.01 sys=0.00, real=0.00 secs] 
188.127: [GC (Allocation Failure) [PSYoungGen: 121437K->2688K(121344K)] 364655K->245913K(697856K), 0.0021740 secs] [Times: user=0.00 sys=0.00, real=0.00 secs] 
188.756: [GC (Allocation Failure) [PSYoungGen: 120960K->1392K(125440K)] 364185K->244625K(701952K), 0.0021231 secs] [Times: user=0.01 sys=0.00, real=0.00 secs] 
189.241: [GC (Allocation Failure) [PSYoungGen: 118128K->1376K(116736K)] 361361K->244609K(693248K), 0.0018311 secs] [Times: user=0.00 sys=0.00, real=0.00 secs] 
189.861: [GC (Allocation Failure) [PSYoungGen: 116576K->1584K(121344K)] 359809K->244826K(697856K), 0.0016529 secs] [Times: user=0.01 sys=0.00, real=0.00 secs] 
190.529: [GC (Allocation Failure) [PSYoungGen: 115248K->1680K(114176K)] 358490K->244922K(690688K), 0.0017953 secs] [Times: user=0.01 sys=0.00, real=0.00 secs] 
191.102: [GC (Allocation Failure) [PSYoungGen: 113808K->5616K(119296K)] 357050K->252953K(695808K), 0.0021550 secs] [Times: user=0.01 sys=0.01, real=0.00 secs] 
191.526: [GC (Allocation Failure) [PSYoungGen: 116208K->1408K(110592K)] 363545K->248745K(687104K), 0.0017567 secs] [Times: user=0.01 sys=0.00, real=0.00 secs] 
191.979: [GC (Allocation Failure) [PSYoungGen: 110464K->1376K(115200K)] 357801K->248721K(691712K), 0.0018618 secs] [Times: user=0.00 sys=0.00, real=0.00 secs] 
192.602: [GC (Allocation Failure) [PSYoungGen: 109408K->1565K(109056K)] 356753K->248919K(685568K), 0.0015637 secs] [Times: user=0.01 sys=0.00, real=0.00 secs] 
193.225: [GC (Allocation Failure) [PSYoungGen: 108573K->1693K(113152K)] 355927K->249055K(689664K), 0.0017600 secs] [Times: user=0.01 sys=0.00, real=0.00 secs] 
193.941: [GC (Allocation Failure) [PSYoungGen: 107677K->5632K(111104K)] 355039K->257097K(687616K), 0.0025352 secs] [Times: user=0.01 sys=0.00, real=0.00 secs] 
194.840: [GC (Allocation Failure) [PSYoungGen: 110592K->1344K(110592K)] 362057K->252809K(687104K), 0.0023093 secs] [Times: user=0.00 sys=0.00, real=0.00 secs] 
195.907: [GC (Allocation Failure) [PSYoungGen: 105280K->1344K(104448K)] 356745K->252809K(680960K), 0.0021387 secs] [Times: user=0.01 sys=0.00, real=0.00 secs] 
196.751: [GC (Allocation Failure) [PSYoungGen: 104256K->1517K(108032K)] 355721K->252983K(684544K), 0.0015373 secs] [Times: user=0.00 sys=0.01, real=0.00 secs] 
197.336: [GC (Allocation Failure) [PSYoungGen: 103405K->1581K(102912K)] 354871K->253047K(679424K), 0.0016034 secs] [Times: user=0.00 sys=0.00, real=0.00 secs] 
197.963: [GC (Allocation Failure) [PSYoungGen: 102445K->5616K(107008K)] 353911K->257090K(683520K), 0.0021428 secs] [Times: user=0.01 sys=0.00, real=0.01 secs] 
198.635: [GC (Allocation Failure) [PSYoungGen: 105456K->1472K(100352K)] 356930K->269330K(676864K), 0.0032165 secs] [Times: user=0.02 sys=0.00, real=0.00 secs] 
199.509: [GC (Allocation Failure) [PSYoungGen: 100288K->1440K(103424K)] 368146K->269298K(679936K), 0.0031599 secs] [Times: user=0.01 sys=0.01, real=0.00 secs] 
200.356: [GC (Allocation Failure) [PSYoungGen: 99232K->1485K(98304K)] 367090K->269343K(674816K), 0.0014284 secs] [Times: user=0.01 sys=0.00, real=0.00 secs] 
200.914: [GC (Allocation Failure) [PSYoungGen: 98253K->1616K(100864K)] 366111K->269482K(677376K), 0.0015991 secs] [Times: user=0.00 sys=0.00, real=0.01 secs] 
201.467: [GC (Allocation Failure) [PSYoungGen: 97360K->1613K(96768K)] 365226K->269479K(673280K), 0.0016495 secs] [Times: user=0.00 sys=0.00, real=0.00 secs] 
202.243: [GC (Allocation Failure) [PSYoungGen: 96333K->1488K(98304K)] 364199K->269354K(674816K), 0.0033437 secs] [Times: user=0.01 sys=0.00, real=0.01 secs] 
203.072: [GC (Allocation Failure) [PSYoungGen: 95184K->1408K(94208K)] 363050K->269274K(670720K), 0.0026768 secs] [Times: user=0.01 sys=0.00, real=0.01 secs] 
203.843: [GC (Allocation Failure) [PSYoungGen: 94080K->1376K(95744K)] 361946K->269250K(672256K), 0.0026455 secs] [Times: user=0.01 sys=0.00, real=0.01 secs] 
204.516: [GC (Allocation Failure) [PSYoungGen: 93024K->1581K(92672K)] 360898K->269455K(669184K), 0.0016021 secs] [Times: user=0.00 sys=0.01, real=0.00 secs] 
205.041: [GC (Allocation Failure) [PSYoungGen: 92205K->1584K(93184K)] 360079K->269474K(669696K), 0.0016698 secs] [Times: user=0.01 sys=0.00, real=0.00 secs] 
205.569: [GC (Allocation Failure) [PSYoungGen: 91184K->1581K(90624K)] 359074K->269471K(667136K), 0.0015926 secs] [Times: user=0.01 sys=0.00, real=0.00 secs] 
206.016: [GC (Allocation Failure) [PSYoungGen: 90157K->1424K(90624K)] 358047K->269314K(667136K), 0.0020065 secs] [Times: user=0.01 sys=0.00, real=0.00 secs] 
206.566: [GC (Allocation Failure) [PSYoungGen: 88976K->1408K(88064K)] 356866K->269298K(664576K), 0.0020238 secs] [Times: user=0.00 sys=0.00, real=0.00 secs] 
207.246: [GC (Allocation Failure) [PSYoungGen: 87936K->1408K(89088K)] 355826K->269298K(665600K), 0.0026911 secs] [Times: user=0.01 sys=0.00, real=0.00 secs] 
207.986: [GC (Allocation Failure) [PSYoungGen: 87424K->1581K(87552K)] 355314K->269479K(664064K), 0.0014964 secs] [Times: user=0.01 sys=0.00, real=0.00 secs] 
208.479: [GC (Allocation Failure) [PSYoungGen: 87085K->1565K(88576K)] 354983K->269463K(665088K), 0.0016354 secs] [Times: user=0.00 sys=0.00, real=0.00 secs] 
208.975: [GC (Allocation Failure) [PSYoungGen: 86557K->1645K(86528K)] 354455K->269551K(663040K), 0.0016256 secs] [Times: user=0.00 sys=0.00, real=0.00 secs] 
209.348: [GC (Allocation Failure) [PSYoungGen: 86125K->1408K(87040K)] 354031K->269314K(663552K), 0.0026814 secs] [Times: user=0.01 sys=0.00, real=0.00 secs] 
209.693: [GC (Allocation Failure) [PSYoungGen: 85376K->1376K(84992K)] 353282K->269290K(661504K), 0.0020376 secs] [Times: user=0.01 sys=0.00, real=0.01 secs] 
210.339: [GC (Allocation Failure) [PSYoungGen: 84832K->1360K(86016K)] 352746K->269274K(662528K), 0.0022999 secs] [Times: user=0.01 sys=0.00, real=0.00 secs] 
211.141: [GC (Allocation Failure) [PSYoungGen: 84304K->1469K(83968K)] 352218K->269383K(660480K), 0.0015741 secs] [Times: user=0.01 sys=0.00, real=0.00 secs] 
211.617: [GC (Allocation Failure) [PSYoungGen: 83901K->1581K(84480K)] 351815K->269495K(660992K), 0.0015969 secs] [Times: user=0.01 sys=0.00, real=0.00 secs] 
212.095: [GC (Allocation Failure) [PSYoungGen: 83501K->1645K(83456K)] 351415K->269559K(659968K), 0.0015706 secs] [Times: user=0.01 sys=0.00, real=0.00 secs] 
212.719: [GC (Allocation Failure) [PSYoungGen: 83053K->2512K(83456K)] 350967K->273514K(659968K), 0.0022160 secs] [Times: user=0.01 sys=0.00, real=0.00 secs] 
213.041: [GC (Allocation Failure) [PSYoungGen: 83408K->352K(83456K)] 354410K->271354K(659968K), 0.0017087 secs] [Times: user=0.01 sys=0.00, real=0.00 secs] 
213.423: [GC (Allocation Failure) [PSYoungGen: 80736K->352K(82944K)] 351738K->271354K(659456K), 0.0026405 secs] [Times: user=0.01 sys=0.00, real=0.01 secs] 
213.760: [GC (Allocation Failure) [PSYoungGen: 80224K->352K(79872K)] 351226K->271362K(656384K), 0.0017801 secs] [Times: user=0.01 sys=0.00, real=0.00 secs] 
214.233: [GC (Allocation Failure) [PSYoungGen: 79712K->1549K(80896K)] 350722K->272559K(657408K), 0.0016488 secs] [Times: user=0.01 sys=0.00, real=0.00 secs] 
214.687: [GC (Allocation Failure) [PSYoungGen: 80397K->1549K(80384K)] 351407K->272559K(656896K), 0.0017044 secs] [Times: user=0.01 sys=0.00, real=0.00 secs] 
215.147: [GC (Allocation Failure) [PSYoungGen: 79885K->1581K(80384K)] 350895K->272591K(656896K), 0.0016902 secs] [Times: user=0.01 sys=0.00, real=0.00 secs] 
215.610: [GC (Allocation Failure) [PSYoungGen: 79405K->1440K(78848K)] 350415K->280642K(655360K), 0.0022447 secs] [Times: user=0.01 sys=0.00, real=0.00 secs] 
215.943: [GC (Allocation Failure) [PSYoungGen: 78752K->1408K(79360K)] 357954K->280610K(655872K), 0.0020389 secs] [Times: user=0.01 sys=0.00, real=0.01 secs] 
216.262: [GC (Allocation Failure) [PSYoungGen: 78208K->1424K(77824K)] 357410K->280626K(654336K), 0.0019668 secs] [Times: user=0.01 sys=0.00, real=0.00 secs] 
216.633: [GC (Allocation Failure) [PSYoungGen: 77712K->1344K(77824K)] 356914K->280546K(654336K), 0.0020729 secs] [Times: user=0.00 sys=0.00, real=0.01 secs] 
217.125: [GC (Allocation Failure) [PSYoungGen: 77120K->1581K(77312K)] 356322K->280783K(653824K), 0.0015054 secs] [Times: user=0.00 sys=0.00, real=0.00 secs] 
217.562: [GC (Allocation Failure) [PSYoungGen: 76845K->1581K(76800K)] 356047K->280799K(653312K), 0.0015732 secs] [Times: user=0.00 sys=0.00, real=0.00 secs] 
217.999: [GC (Allocation Failure) [PSYoungGen: 76333K->1581K(76288K)] 355551K->280799K(652800K), 0.0016152 secs] [Times: user=0.01 sys=0.00, real=0.00 secs] 
218.554: [GC (Allocation Failure) [PSYoungGen: 75821K->1472K(75776K)] 355039K->280690K(652288K), 0.0019284 secs] [Times: user=0.01 sys=0.00, real=0.01 secs] 
219.225: [GC (Allocation Failure) [PSYoungGen: 75200K->1376K(74752K)] 354418K->280602K(651264K), 0.0021559 secs] [Times: user=0.01 sys=0.00, real=0.00 secs] 
220.148: [GC (Allocation Failure) [PSYoungGen: 74592K->1376K(74752K)] 353818K->280602K(651264K), 0.0023680 secs] [Times: user=0.01 sys=0.00, real=0.00 secs] 
220.941: [GC (Allocation Failure) [PSYoungGen: 74080K->1408K(73728K)] 353306K->280634K(650240K), 0.0024776 secs] [Times: user=0.01 sys=0.00, real=0.00 secs] 
221.487: [GC (Allocation Failure) [PSYoungGen: 73600K->1549K(73728K)] 352826K->280775K(650240K), 0.0014980 secs] [Times: user=0.00 sys=0.00, real=0.00 secs] 
221.906: [GC (Allocation Failure) [PSYoungGen: 73229K->1581K(73216K)] 352455K->280807K(649728K), 0.0015972 secs] [Times: user=0.00 sys=0.00, real=0.00 secs] 
222.319: [GC (Allocation Failure) [PSYoungGen: 72749K->560K(71680K)] 351975K->280810K(648192K), 0.0015052 secs] [Times: user=0.01 sys=0.00, real=0.00 secs] 
222.753: [GC (Allocation Failure) [PSYoungGen: 71216K->2528K(72704K)] 351466K->285850K(649216K), 0.0021367 secs] [Times: user=0.01 sys=0.00, real=0.01 secs] 
223.116: [GC (Allocation Failure) [PSYoungGen: 72672K->320K(71680K)] 355994K->283658K(648192K), 0.0017747 secs] [Times: user=0.01 sys=0.00, real=0.00 secs] 
223.700: [GC (Allocation Failure) [PSYoungGen: 69952K->352K(69632K)] 353290K->283698K(646144K), 0.0020727 secs] [Times: user=0.01 sys=0.00, real=0.00 secs] 
224.310: [GC (Allocation Failure) [PSYoungGen: 69472K->352K(71168K)] 352818K->283698K(647680K), 0.0021074 secs] [Times: user=0.01 sys=0.00, real=0.00 secs] 
225.111: [GC (Allocation Failure) [PSYoungGen: 68960K->1488K(69632K)] 352306K->284834K(646144K), 0.0016921 secs] [Times: user=0.01 sys=0.00, real=0.00 secs] 
225.514: [GC (Allocation Failure) [PSYoungGen: 69584K->1581K(70144K)] 352930K->284935K(646656K), 0.0017548 secs] [Times: user=0.00 sys=0.01, real=0.01 secs] 
225.906: [GC (Allocation Failure) [PSYoungGen: 69165K->1533K(68608K)] 352519K->284887K(645120K), 0.0015573 secs] [Times: user=0.01 sys=0.00, real=0.00 secs] 
226.297: [GC (Allocation Failure) [PSYoungGen: 68605K->1613K(69120K)] 351959K->284967K(645632K), 0.0015058 secs] [Times: user=0.01 sys=0.00, real=0.00 secs] 
226.647: [GC (Allocation Failure) [PSYoungGen: 68173K->1440K(67584K)] 351527K->284810K(644096K), 0.0019712 secs] [Times: user=0.01 sys=0.00, real=0.00 secs] 
226.922: [GC (Allocation Failure) [PSYoungGen: 67488K->1440K(67584K)] 350858K->284810K(644096K), 0.0018645 secs] [Times: user=0.01 sys=0.00, real=0.00 secs] 
227.194: [GC (Allocation Failure) [PSYoungGen: 66976K->1408K(66560K)] 350346K->284778K(643072K), 0.0017933 secs] [Times: user=0.00 sys=0.00, real=0.01 secs] 
227.464: [GC (Allocation Failure) [PSYoungGen: 66432K->1376K(66560K)] 349802K->284762K(643072K), 0.0021191 secs] [Times: user=0.00 sys=0.00, real=0.01 secs] 
227.863: [GC (Allocation Failure) [PSYoungGen: 65885K->1437K(65536K)] 349271K->284823K(642048K), 0.0015280 secs] [Times: user=0.01 sys=0.00, real=0.01 secs] 
228.235: [GC (Allocation Failure) [PSYoungGen: 65437K->1629K(65536K)] 348823K->285015K(642048K), 0.0015545 secs] [Times: user=0.01 sys=0.00, real=0.00 secs] 
228.609: [GC (Allocation Failure) [PSYoungGen: 65117K->1597K(65024K)] 348503K->284983K(641536K), 0.0015327 secs] [Times: user=0.01 sys=0.00, real=0.00 secs] 
228.975: [GC (Allocation Failure) [PSYoungGen: 64573K->1533K(64512K)] 347959K->284935K(641024K), 0.0015433 secs] [Times: user=0.01 sys=0.00, real=0.00 secs] 
229.446: [GC (Allocation Failure) [PSYoungGen: 63997K->1488K(63488K)] 347399K->284890K(640000K), 0.0020049 secs] [Times: user=0.01 sys=0.01, real=0.00 secs] 
229.948: [GC (Allocation Failure) [PSYoungGen: 63440K->1408K(63488K)] 346842K->284810K(640000K), 0.0020569 secs] [Times: user=0.01 sys=0.00, real=0.00 secs] 
230.515: [GC (Allocation Failure) [PSYoungGen: 62848K->1344K(62464K)] 346250K->284746K(638976K), 0.0025841 secs] [Times: user=0.01 sys=0.00, real=0.00 secs] 
231.140: [GC (Allocation Failure) [PSYoungGen: 62272K->1408K(61952K)] 345674K->284810K(638464K), 0.0020887 secs] [Times: user=0.01 sys=0.00, real=0.00 secs] 
232.085: [GC (Allocation Failure) [PSYoungGen: 61824K->1376K(61440K)] 345226K->284778K(637952K), 0.0034646 secs] [Times: user=0.01 sys=0.00, real=0.00 secs] 
232.617: [GC (Allocation Failure) [PSYoungGen: 61280K->1581K(61440K)] 344682K->284983K(637952K), 0.0015256 secs] [Times: user=0.01 sys=0.00, real=0.00 secs] 
233.034: [GC (Allocation Failure) [PSYoungGen: 60973K->1549K(60928K)] 344375K->284951K(637440K), 0.0016024 secs] [Times: user=0.01 sys=0.00, real=0.01 secs] 
233.434: [GC (Allocation Failure) [PSYoungGen: 60429K->589K(59904K)] 343831K->285039K(636416K), 0.0015123 secs] [Times: user=0.01 sys=0.00, real=0.01 secs] 
233.777: [GC (Allocation Failure) [PSYoungGen: 59469K->461K(60928K)] 343919K->284911K(637440K), 0.0017484 secs] [Times: user=0.00 sys=0.00, real=0.00 secs] 
234.200: [GC (Allocation Failure) [PSYoungGen: 59341K->1408K(61440K)] 343791K->285858K(637952K), 0.0028007 secs] [Times: user=0.01 sys=0.00, real=0.00 secs] 
234.437: [GC (Allocation Failure) [PSYoungGen: 60288K->1376K(60416K)] 344738K->285826K(636928K), 0.0020991 secs] [Times: user=0.01 sys=0.00, real=0.00 secs] 
234.681: [GC (Allocation Failure) [PSYoungGen: 60256K->1408K(60928K)] 344706K->285858K(637440K), 0.0020577 secs] [Times: user=0.01 sys=0.00, real=0.00 secs] 
234.942: [GC (Allocation Failure) [PSYoungGen: 60288K->1392K(60928K)] 344738K->285842K(637440K), 0.0019778 secs] [Times: user=0.01 sys=0.00, real=0.00 secs] 
235.599: [GC (Allocation Failure) [PSYoungGen: 60272K->1440K(60928K)] 344722K->285890K(637440K), 0.0020431 secs] [Times: user=0.01 sys=0.00, real=0.00 secs] 
235.972: [GC (Allocation Failure) [PSYoungGen: 60320K->1613K(60928K)] 344770K->286063K(637440K), 0.0015248 secs] [Times: user=0.01 sys=0.00, real=0.00 secs] 
236.315: [GC (Allocation Failure) [PSYoungGen: 60493K->1549K(60928K)] 344943K->286015K(637440K), 0.0015365 secs] [Times: user=0.00 sys=0.00, real=0.00 secs] 
236.662: [GC (Allocation Failure) [PSYoungGen: 60429K->1581K(60928K)] 344895K->286047K(637440K), 0.0017854 secs] [Times: user=0.01 sys=0.00, real=0.00 secs] 
237.006: [GC (Allocation Failure) [PSYoungGen: 60461K->1549K(60928K)] 344927K->286031K(637440K), 0.0015321 secs] [Times: user=0.00 sys=0.00, real=0.00 secs] 
237.661: [GC (Allocation Failure) [PSYoungGen: 60429K->1376K(60928K)] 344911K->285858K(637440K), 0.0016481 secs] [Times: user=0.00 sys=0.00, real=0.00 secs] 
238.301: [GC (Allocation Failure) [PSYoungGen: 60256K->1376K(60928K)] 344738K->285858K(637440K), 0.0037174 secs] [Times: user=0.02 sys=0.00, real=0.00 secs] 
239.113: [GC (Allocation Failure) [PSYoungGen: 60256K->1344K(60928K)] 344738K->285834K(637440K), 0.0036387 secs] [Times: user=0.01 sys=0.00, real=0.01 secs] 
239.670: [GC (Allocation Failure) [PSYoungGen: 60224K->1328K(60928K)] 344714K->285818K(637440K), 0.0025624 secs] [Times: user=0.01 sys=0.00, real=0.00 secs] 
240.455: [GC (Allocation Failure) [PSYoungGen: 60208K->1456K(60928K)] 344698K->285946K(637440K), 0.0025781 secs] [Times: user=0.01 sys=0.00, real=0.00 secs] 
240.931: [GC (Allocation Failure) [PSYoungGen: 60336K->1613K(60928K)] 344826K->286103K(637440K), 0.0015478 secs] [Times: user=0.01 sys=0.00, real=0.00 secs] 
241.274: [GC (Allocation Failure) [PSYoungGen: 60493K->1613K(60928K)] 344983K->286119K(637440K), 0.0015135 secs] [Times: user=0.00 sys=0.00, real=0.01 secs] 
241.617: [GC (Allocation Failure) [PSYoungGen: 60493K->1552K(60928K)] 344999K->286058K(637440K), 0.0017811 secs] [Times: user=0.01 sys=0.00, real=0.00 secs] 
241.961: [GC (Allocation Failure) [PSYoungGen: 60432K->1581K(60928K)] 344938K->286087K(637440K), 0.0015462 secs] [Times: user=0.01 sys=0.00, real=0.00 secs] 
242.520: [GC (Allocation Failure) [PSYoungGen: 60461K->1440K(60928K)] 344967K->285954K(637440K), 0.0031296 secs] [Times: user=0.01 sys=0.00, real=0.00 secs] 
242.957: [GC (Allocation Failure) [PSYoungGen: 60320K->1424K(60928K)] 344834K->285938K(637440K), 0.0043052 secs] [Times: user=0.01 sys=0.00, real=0.00 secs] 
243.428: [GC (Allocation Failure) [PSYoungGen: 60304K->1344K(60928K)] 344818K->285858K(637440K), 0.0023459 secs] [Times: user=0.01 sys=0.00, real=0.00 secs] 
244.131: [GC (Allocation Failure) [PSYoungGen: 60224K->1408K(60928K)] 344738K->285922K(637440K), 0.0036575 secs] [Times: user=0.01 sys=0.00, real=0.00 secs] 
244.713: [GC (Allocation Failure) [PSYoungGen: 60288K->1504K(60928K)] 344802K->286018K(637440K), 0.0022765 secs] [Times: user=0.01 sys=0.00, real=0.01 secs] 
245.088: [GC (Allocation Failure) [PSYoungGen: 60384K->1581K(60928K)] 344898K->286095K(637440K), 0.0014551 secs] [Times: user=0.00 sys=0.00, real=0.00 secs] 
245.497: [GC (Allocation Failure) [PSYoungGen: 60461K->1581K(60928K)] 344975K->286119K(637440K), 0.0015177 secs] [Times: user=0.01 sys=0.00, real=0.00 secs] 
245.842: [GC (Allocation Failure) [PSYoungGen: 60450K->1552K(60928K)] 344988K->286090K(637440K), 0.0015410 secs] [Times: user=0.00 sys=0.00, real=0.00 secs] 
246.186: [GC (Allocation Failure) [PSYoungGen: 60432K->1552K(60928K)] 344970K->286090K(637440K), 0.0015382 secs] [Times: user=0.00 sys=0.00, real=0.00 secs] 
246.857: [GC (Allocation Failure) [PSYoungGen: 60432K->1408K(60928K)] 344970K->285954K(637440K), 0.0038485 secs] [Times: user=0.01 sys=0.00, real=0.00 secs] 
247.691: [GC (Allocation Failure) [PSYoungGen: 60288K->1344K(60928K)] 344834K->285898K(637440K), 0.0037041 secs] [Times: user=0.01 sys=0.00, real=0.00 secs] 
248.582: [GC (Allocation Failure) [PSYoungGen: 60224K->1376K(60928K)] 344778K->285946K(637440K), 0.0029538 secs] [Times: user=0.01 sys=0.00, real=0.01 secs] 
249.246: [GC (Allocation Failure) [PSYoungGen: 60256K->1408K(60928K)] 344826K->285978K(637440K), 0.0036278 secs] [Times: user=0.02 sys=0.01, real=0.00 secs] 
249.930: [GC (Allocation Failure) [PSYoungGen: 60288K->1437K(60928K)] 344858K->286007K(637440K), 0.0022685 secs] [Times: user=0.01 sys=0.00, real=0.00 secs] 
250.397: [GC (Allocation Failure) [PSYoungGen: 60317K->1533K(60928K)] 344887K->286103K(637440K), 0.0015067 secs] [Times: user=0.01 sys=0.00, real=0.00 secs] 
250.742: [GC (Allocation Failure) [PSYoungGen: 60413K->1597K(60928K)] 344983K->286191K(637440K), 0.0015457 secs] [Times: user=0.01 sys=0.00, real=0.00 secs] 
251.148: [GC (Allocation Failure) [PSYoungGen: 60477K->1533K(60928K)] 345071K->286127K(637440K), 0.0017901 secs] [Times: user=0.01 sys=0.00, real=0.00 secs] 
251.502: [GC (Allocation Failure) [PSYoungGen: 60413K->256K(60928K)] 345007K->284850K(637440K), 0.0015275 secs] [Times: user=0.01 sys=0.00, real=0.00 secs] 
252.469: [GC (Allocation Failure) [PSYoungGen: 59136K->1376K(60928K)] 343730K->285978K(637440K), 0.0030749 secs] [Times: user=0.02 sys=0.00, real=0.00 secs] 
253.215: [GC (Allocation Failure) [PSYoungGen: 60256K->1376K(60928K)] 344858K->285978K(637440K), 0.0036586 secs] [Times: user=0.01 sys=0.00, real=0.00 secs] 
253.954: [GC (Allocation Failure) [PSYoungGen: 60256K->1408K(60928K)] 344858K->286010K(637440K), 0.0032287 secs] [Times: user=0.02 sys=0.00, real=0.01 secs] 
254.649: [GC (Allocation Failure) [PSYoungGen: 60288K->1392K(60928K)] 344890K->285994K(637440K), 0.0029413 secs] [Times: user=0.01 sys=0.00, real=0.00 secs] 
255.444: [GC (Allocation Failure) [PSYoungGen: 60272K->1437K(60928K)] 344874K->286039K(637440K), 0.0022533 secs] [Times: user=0.01 sys=0.00, real=0.01 secs] 
255.817: [GC (Allocation Failure) [PSYoungGen: 60317K->1597K(60928K)] 344919K->286199K(637440K), 0.0014789 secs] [Times: user=0.01 sys=0.00, real=0.00 secs] 
256.165: [GC (Allocation Failure) [PSYoungGen: 60477K->1581K(60928K)] 345079K->286199K(637440K), 0.0015341 secs] [Times: user=0.00 sys=0.00, real=0.01 secs] 
256.572: [GC (Allocation Failure) [PSYoungGen: 60461K->1613K(60928K)] 345079K->286231K(637440K), 0.0014972 secs] [Times: user=0.00 sys=0.00, real=0.00 secs] 
256.995: [GC (Allocation Failure) [PSYoungGen: 60493K->1584K(60928K)] 345111K->286210K(637440K), 0.0017350 secs] [Times: user=0.01 sys=0.00, real=0.00 secs] 
257.566: [GC (Allocation Failure) [PSYoungGen: 60464K->1408K(60928K)] 345090K->286042K(637440K), 0.0028444 secs] [Times: user=0.02 sys=0.00, real=0.00 secs] 
258.074: [GC (Allocation Failure) [PSYoungGen: 60288K->1376K(60928K)] 344922K->286018K(637440K), 0.0024254 secs] [Times: user=0.01 sys=0.00, real=0.01 secs] 
258.513: [GC (Allocation Failure) [PSYoungGen: 60256K->1392K(60928K)] 344898K->286034K(637440K), 0.0023305 secs] [Times: user=0.01 sys=0.00, real=0.01 secs] 
259.024: [GC (Allocation Failure) [PSYoungGen: 60272K->1344K(60928K)] 344914K->285994K(637440K), 0.0025848 secs] [Times: user=0.01 sys=0.00, real=0.01 secs] 
259.833: [GC (Allocation Failure) [PSYoungGen: 60224K->1440K(60928K)] 344874K->286090K(637440K), 0.0019738 secs] [Times: user=0.00 sys=0.00, real=0.01 secs] 
260.201: [GC (Allocation Failure) [PSYoungGen: 60320K->1549K(60928K)] 344970K->286207K(637440K), 0.0015000 secs] [Times: user=0.00 sys=0.00, real=0.00 secs] 
260.546: [GC (Allocation Failure) [PSYoungGen: 60429K->1549K(60928K)] 345087K->286215K(637440K), 0.0015016 secs] [Times: user=0.01 sys=0.00, real=0.00 secs] 
260.890: [GC (Allocation Failure) [PSYoungGen: 60429K->1549K(60928K)] 345095K->286215K(637440K), 0.0017895 secs] [Times: user=0.01 sys=0.00, real=0.00 secs] 
261.324: [GC (Allocation Failure) [PSYoungGen: 60429K->1744K(60928K)] 345095K->286410K(637440K), 0.0018089 secs] [Times: user=0.01 sys=0.00, real=0.01 secs] 
261.599: [GC (Allocation Failure) [PSYoungGen: 60624K->1408K(60928K)] 345290K->286074K(637440K), 0.0019558 secs] [Times: user=0.01 sys=0.00, real=0.00 secs] 
261.857: [GC (Allocation Failure) [PSYoungGen: 60288K->1440K(60928K)] 344954K->286106K(637440K), 0.0019663 secs] [Times: user=0.01 sys=0.00, real=0.00 secs] 
262.137: [GC (Allocation Failure) [PSYoungGen: 60320K->1376K(60928K)] 344986K->286042K(637440K), 0.0019055 secs] [Times: user=0.01 sys=0.00, real=0.00 secs] 
262.386: [GC (Allocation Failure) [PSYoungGen: 60256K->1408K(60928K)] 344922K->286074K(637440K), 0.0018422 secs] [Times: user=0.01 sys=0.00, real=0.00 secs] 
262.815: [GC (Allocation Failure) [PSYoungGen: 60288K->1469K(60928K)] 344954K->286135K(637440K), 0.0013900 secs] [Times: user=0.01 sys=0.00, real=0.00 secs] 
263.157: [GC (Allocation Failure) [PSYoungGen: 60349K->1517K(60928K)] 345015K->286191K(637440K), 0.0015349 secs] [Times: user=0.00 sys=0.00, real=0.00 secs] 
263.505: [GC (Allocation Failure) [PSYoungGen: 60397K->1549K(60928K)] 345071K->286223K(637440K), 0.0014732 secs] [Times: user=0.00 sys=0.00, real=0.01 secs] 
263.852: [GC (Allocation Failure) [PSYoungGen: 60429K->1549K(60928K)] 345103K->286223K(637440K), 0.0014764 secs] [Times: user=0.01 sys=0.00, real=0.00 secs] 
264.295: [GC (Allocation Failure) [PSYoungGen: 60429K->1984K(60928K)] 345103K->286666K(637440K), 0.0017948 secs] [Times: user=0.01 sys=0.00, real=0.00 secs] 
264.952: [GC (Allocation Failure) [PSYoungGen: 60864K->1408K(60928K)] 345546K->286090K(637440K), 0.0020939 secs] [Times: user=0.01 sys=0.00, real=0.00 secs] 
265.369: [GC (Allocation Failure) [PSYoungGen: 60288K->1440K(60928K)] 344970K->286130K(637440K), 0.0019067 secs] [Times: user=0.01 sys=0.00, real=0.00 secs] 
265.783: [GC (Allocation Failure) [PSYoungGen: 60320K->1408K(60928K)] 345010K->286098K(637440K), 0.0020379 secs] [Times: user=0.01 sys=0.00, real=0.01 secs] 
266.253: [GC (Allocation Failure) [PSYoungGen: 60288K->1376K(60928K)] 344978K->286082K(637440K), 0.0028647 secs] [Times: user=0.01 sys=0.00, real=0.01 secs] 
266.832: [GC (Allocation Failure) [PSYoungGen: 60256K->1501K(60928K)] 344962K->286207K(637440K), 0.0018090 secs] [Times: user=0.01 sys=0.00, real=0.00 secs] 
267.178: [GC (Allocation Failure) [PSYoungGen: 60381K->1549K(60928K)] 345087K->286271K(637440K), 0.0015122 secs] [Times: user=0.01 sys=0.00, real=0.00 secs] 
267.521: [GC (Allocation Failure) [PSYoungGen: 60429K->1581K(60928K)] 345151K->286303K(637440K), 0.0015376 secs] [Times: user=0.01 sys=0.00, real=0.00 secs] 
267.865: [GC (Allocation Failure) [PSYoungGen: 60440K->1549K(60928K)] 345163K->286271K(637440K), 0.0014883 secs] [Times: user=0.01 sys=0.00, real=0.00 secs] 
268.250: [GC (Allocation Failure) [PSYoungGen: 60429K->2016K(60928K)] 345151K->287250K(637440K), 0.0017921 secs] [Times: user=0.01 sys=0.00, real=0.00 secs] 
268.515: [GC (Allocation Failure) [PSYoungGen: 60896K->1376K(60928K)] 346130K->286610K(637440K), 0.0017801 secs] [Times: user=0.00 sys=0.00, real=0.00 secs] 
268.776: [GC (Allocation Failure) [PSYoungGen: 60256K->1376K(60928K)] 345490K->286610K(637440K), 0.0018397 secs] [Times: user=0.00 sys=0.00, real=0.00 secs] 
269.020: [GC (Allocation Failure) [PSYoungGen: 60256K->1408K(60928K)] 345490K->286642K(637440K), 0.0017785 secs] [Times: user=0.00 sys=0.00, real=0.00 secs] 
269.265: [GC (Allocation Failure) [PSYoungGen: 60288K->1376K(60928K)] 345522K->286610K(637440K), 0.0019242 secs] [Times: user=0.01 sys=0.00, real=0.01 secs] 
269.632: [GC (Allocation Failure) [PSYoungGen: 60256K->1485K(60928K)] 345490K->286719K(637440K), 0.0013700 secs] [Times: user=0.01 sys=0.00, real=0.00 secs] 
269.973: [GC (Allocation Failure) [PSYoungGen: 60365K->1549K(60928K)] 345599K->286807K(637440K), 0.0014662 secs] [Times: user=0.00 sys=0.00, real=0.00 secs] 
270.380: [GC (Allocation Failure) [PSYoungGen: 60429K->1549K(60928K)] 345687K->286807K(637440K), 0.0015418 secs] [Times: user=0.01 sys=0.00, real=0.00 secs] 
270.726: [GC (Allocation Failure) [PSYoungGen: 60429K->1549K(60928K)] 345687K->286807K(637440K), 0.0015095 secs] [Times: user=0.01 sys=0.00, real=0.00 secs] 
271.260: [GC (Allocation Failure) [PSYoungGen: 60429K->1488K(60928K)] 345687K->287770K(637440K), 0.0025047 secs] [Times: user=0.01 sys=0.00, real=0.00 secs] 
271.979: [GC (Allocation Failure) [PSYoungGen: 60368K->352K(60928K)] 346650K->286634K(637440K), 0.0031366 secs] [Times: user=0.01 sys=0.00, real=0.00 secs] 
272.455: [GC (Allocation Failure) [PSYoungGen: 59232K->352K(60416K)] 345514K->286634K(636928K), 0.0022333 secs] [Times: user=0.01 sys=0.00, real=0.00 secs] 
272.964: [GC (Allocation Failure) [PSYoungGen: 58720K->336K(60928K)] 345002K->286618K(637440K), 0.0025949 secs] [Times: user=0.01 sys=0.00, real=0.01 secs] 
273.533: [GC (Allocation Failure) [PSYoungGen: 58704K->352K(60928K)] 344986K->286634K(637440K), 0.0030448 secs] [Times: user=0.01 sys=0.00, real=0.01 secs] 
274.125: [GC (Allocation Failure) [PSYoungGen: 58720K->1501K(60928K)] 345002K->287783K(637440K), 0.0014325 secs] [Times: user=0.00 sys=0.00, real=0.00 secs] 
274.466: [GC (Allocation Failure) [PSYoungGen: 59869K->1549K(60928K)] 346151K->287855K(637440K), 0.0014649 secs] [Times: user=0.01 sys=0.00, real=0.00 secs] 
274.808: [GC (Allocation Failure) [PSYoungGen: 59917K->1565K(60928K)] 346223K->287871K(637440K), 0.0014975 secs] [Times: user=0.01 sys=0.00, real=0.00 secs] 
275.150: [GC (Allocation Failure) [PSYoungGen: 59933K->1517K(60928K)] 346239K->287823K(637440K), 0.0015650 secs] [Times: user=0.00 sys=0.00, real=0.00 secs] 
275.509: [GC (Allocation Failure) [PSYoungGen: 59885K->2512K(60928K)] 346191K->289842K(637440K), 0.0020699 secs] [Times: user=0.00 sys=0.00, real=0.00 secs] 
275.774: [GC (Allocation Failure) [PSYoungGen: 60880K->1408K(60416K)] 348210K->288738K(636928K), 0.0019227 secs] [Times: user=0.01 sys=0.00, real=0.01 secs] 
276.017: [GC (Allocation Failure) [PSYoungGen: 59776K->1408K(60928K)] 347106K->288738K(637440K), 0.0018290 secs] [Times: user=0.01 sys=0.00, real=0.00 secs] 
276.259: [GC (Allocation Failure) [PSYoungGen: 59776K->1408K(60928K)] 347106K->288738K(637440K), 0.0020807 secs] [Times: user=0.01 sys=0.00, real=0.00 secs] 
276.505: [GC (Allocation Failure) [PSYoungGen: 59776K->1408K(60928K)] 347106K->288738K(637440K), 0.0027181 secs] [Times: user=0.01 sys=0.00, real=0.00 secs] 
276.810: [GC (Allocation Failure) [PSYoungGen: 59776K->1501K(60928K)] 347106K->288855K(637440K), 0.0014068 secs] [Times: user=0.00 sys=0.00, real=0.00 secs] 
277.151: [GC (Allocation Failure) [PSYoungGen: 59869K->1597K(60928K)] 347223K->288967K(637440K), 0.0014851 secs] [Times: user=0.00 sys=0.00, real=0.00 secs] 
277.492: [GC (Allocation Failure) [PSYoungGen: 59948K->1565K(60928K)] 347318K->288935K(637440K), 0.0014647 secs] [Times: user=0.01 sys=0.00, real=0.00 secs] 
277.835: [GC (Allocation Failure) [PSYoungGen: 59912K->1533K(60928K)] 347282K->288903K(637440K), 0.0014678 secs] [Times: user=0.00 sys=0.00, real=0.00 secs] 
278.164: [GC (Allocation Failure) [PSYoungGen: 59901K->2464K(60928K)] 347271K->289834K(637440K), 0.0018326 secs] [Times: user=0.01 sys=0.00, real=0.01 secs] 
278.413: [GC (Allocation Failure) [PSYoungGen: 60832K->1408K(60928K)] 348202K->288778K(637440K), 0.0015079 secs] [Times: user=0.01 sys=0.00, real=0.00 secs] 
278.667: [GC (Allocation Failure) [PSYoungGen: 59776K->1392K(60928K)] 347146K->288762K(637440K), 0.0014578 secs] [Times: user=0.01 sys=0.00, real=0.00 secs] 
278.926: [GC (Allocation Failure) [PSYoungGen: 59760K->1408K(60928K)] 347130K->288778K(637440K), 0.0016562 secs] [Times: user=0.01 sys=0.00, real=0.00 secs] 
279.180: [GC (Allocation Failure) [PSYoungGen: 59776K->1376K(60928K)] 347146K->288746K(637440K), 0.0014945 secs] [Times: user=0.00 sys=0.00, real=0.00 secs] 
279.505: [GC (Allocation Failure) [PSYoungGen: 59744K->1501K(60928K)] 347114K->288871K(637440K), 0.0013883 secs] [Times: user=0.01 sys=0.00, real=0.00 secs] 
279.846: [GC (Allocation Failure) [PSYoungGen: 59859K->1597K(60928K)] 347229K->288983K(637440K), 0.0014545 secs] [Times: user=0.00 sys=0.00, real=0.00 secs] 
280.188: [GC (Allocation Failure) [PSYoungGen: 59947K->1549K(60928K)] 347333K->288935K(637440K), 0.0014552 secs] [Times: user=0.00 sys=0.00, real=0.00 secs] 
280.531: [GC (Allocation Failure) [PSYoungGen: 59906K->1533K(59904K)] 347292K->288919K(636416K), 0.0015456 secs] [Times: user=0.00 sys=0.00, real=0.00 secs] 
280.887: [GC (Allocation Failure) [PSYoungGen: 59901K->1984K(60416K)] 347287K->289370K(636928K), 0.0017899 secs] [Times: user=0.01 sys=0.00, real=0.00 secs] 
281.133: [GC (Allocation Failure) [PSYoungGen: 60352K->1344K(60928K)] 347738K->288730K(637440K), 0.0016720 secs] [Times: user=0.01 sys=0.00, real=0.00 secs] 
281.436: [GC (Allocation Failure) [PSYoungGen: 59712K->1376K(60928K)] 347098K->288762K(637440K), 0.0018254 secs] [Times: user=0.00 sys=0.00, real=0.00 secs] 
281.706: [GC (Allocation Failure) [PSYoungGen: 59744K->1376K(60928K)] 347130K->288762K(637440K), 0.0016700 secs] [Times: user=0.01 sys=0.00, real=0.00 secs] 
281.964: [GC (Allocation Failure) [PSYoungGen: 59744K->1392K(59904K)] 347130K->288778K(636416K), 0.0018914 secs] [Times: user=0.00 sys=0.00, real=0.01 secs] 
282.315: [GC (Allocation Failure) [PSYoungGen: 59760K->1485K(60416K)] 347146K->288871K(636928K), 0.0014583 secs] [Times: user=0.00 sys=0.00, real=0.00 secs] 
282.655: [GC (Allocation Failure) [PSYoungGen: 59853K->1581K(60416K)] 347239K->288983K(636928K), 0.0015015 secs] [Times: user=0.00 sys=0.00, real=0.00 secs] 
282.996: [GC (Allocation Failure) [PSYoungGen: 59949K->1549K(60416K)] 347351K->288951K(636928K), 0.0016474 secs] [Times: user=0.00 sys=0.00, real=0.00 secs] 
283.340: [GC (Allocation Failure) [PSYoungGen: 59917K->1533K(60416K)] 347319K->288935K(636928K), 0.0014978 secs] [Times: user=0.01 sys=0.00, real=0.00 secs] 
284.088: [GC (Allocation Failure) [PSYoungGen: 59901K->1952K(60416K)] 347303K->289354K(636928K), 0.0041427 secs] [Times: user=0.02 sys=0.00, real=0.00 secs] 
285.552: [GC (Allocation Failure) [PSYoungGen: 60320K->1408K(60416K)] 347722K->288810K(636928K), 0.0037331 secs] [Times: user=0.02 sys=0.00, real=0.01 secs] 
286.401: [GC (Allocation Failure) [PSYoungGen: 59776K->1376K(60416K)] 347178K->288778K(636928K), 0.0025925 secs] [Times: user=0.01 sys=0.00, real=0.00 secs] 
286.833: [GC (Allocation Failure) [PSYoungGen: 59744K->1392K(60416K)] 347146K->288794K(636928K), 0.0025339 secs] [Times: user=0.01 sys=0.00, real=0.01 secs] 
287.266: [GC (Allocation Failure) [PSYoungGen: 59760K->1408K(60416K)] 347162K->288810K(636928K), 0.0025592 secs] [Times: user=0.01 sys=0.00, real=0.00 secs] 
287.889: [GC (Allocation Failure) [PSYoungGen: 59776K->1437K(60416K)] 347178K->288855K(636928K), 0.0016876 secs] [Times: user=0.00 sys=0.00, real=0.00 secs] 
288.229: [GC (Allocation Failure) [PSYoungGen: 59794K->1549K(60416K)] 347212K->288983K(636928K), 0.0015289 secs] [Times: user=0.01 sys=0.00, real=0.00 secs] 
288.570: [GC (Allocation Failure) [PSYoungGen: 59906K->1549K(60416K)] 347340K->288983K(636928K), 0.0014920 secs] [Times: user=0.00 sys=0.00, real=0.00 secs] 
288.910: [GC (Allocation Failure) [PSYoungGen: 59917K->1597K(60416K)] 347351K->289031K(636928K), 0.0015049 secs] [Times: user=0.01 sys=0.00, real=0.00 secs] 
289.278: [GC (Allocation Failure) [PSYoungGen: 59965K->2016K(60416K)] 347399K->289466K(636928K), 0.0016225 secs] [Times: user=0.01 sys=0.00, real=0.00 secs] 
289.536: [GC (Allocation Failure) [PSYoungGen: 60384K->1376K(60416K)] 347834K->288826K(636928K), 0.0018082 secs] [Times: user=0.01 sys=0.00, real=0.00 secs] 
289.780: [GC (Allocation Failure) [PSYoungGen: 59744K->1376K(60416K)] 347194K->288826K(636928K), 0.0019358 secs] [Times: user=0.01 sys=0.00, real=0.00 secs] 
290.022: [GC (Allocation Failure) [PSYoungGen: 59744K->1376K(60416K)] 347194K->288826K(636928K), 0.0017667 secs] [Times: user=0.01 sys=0.00, real=0.00 secs] 
290.342: [GC (Allocation Failure) [PSYoungGen: 59744K->1344K(60416K)] 347194K->288794K(636928K), 0.0019421 secs] [Times: user=0.01 sys=0.00, real=0.00 secs] 
290.844: [GC (Allocation Failure) [PSYoungGen: 59712K->1469K(60416K)] 347162K->288919K(636928K), 0.0014388 secs] [Times: user=0.00 sys=0.00, real=0.01 secs] 
291.249: [GC (Allocation Failure) [PSYoungGen: 59837K->1565K(60416K)] 347287K->289023K(636928K), 0.0015185 secs] [Times: user=0.01 sys=0.00, real=0.00 secs] 
291.590: [GC (Allocation Failure) [PSYoungGen: 59933K->1584K(60416K)] 347391K->289042K(636928K), 0.0015511 secs] [Times: user=0.01 sys=0.00, real=0.00 secs] 
291.931: [GC (Allocation Failure) [PSYoungGen: 59952K->1501K(60416K)] 347410K->288959K(636928K), 0.0014874 secs] [Times: user=0.00 sys=0.00, real=0.00 secs] 
292.299: [GC (Allocation Failure) [PSYoungGen: 59869K->1760K(60416K)] 347327K->289218K(636928K), 0.0017828 secs] [Times: user=0.01 sys=0.00, real=0.00 secs] 
292.742: [GC (Allocation Failure) [PSYoungGen: 60128K->1376K(60416K)] 347586K->288834K(636928K), 0.0024668 secs] [Times: user=0.01 sys=0.00, real=0.00 secs] 
293.191: [GC (Allocation Failure) [PSYoungGen: 59744K->1376K(60416K)] 347202K->288834K(636928K), 0.0025947 secs] [Times: user=0.01 sys=0.00, real=0.00 secs] 
293.531: [GC (Allocation Failure) [PSYoungGen: 59744K->1408K(60416K)] 347202K->288866K(636928K), 0.0019621 secs] [Times: user=0.01 sys=0.00, real=0.00 secs] 
293.872: [GC (Allocation Failure) [PSYoungGen: 59776K->1376K(60416K)] 347234K->288834K(636928K), 0.0020026 secs] [Times: user=0.01 sys=0.00, real=0.00 secs] 
294.374: [GC (Allocation Failure) [PSYoungGen: 59744K->1469K(60416K)] 347202K->288927K(636928K), 0.0015081 secs] [Times: user=0.01 sys=0.00, real=0.01 secs] 
294.715: [GC (Allocation Failure) [PSYoungGen: 59837K->1533K(60416K)] 347295K->289007K(636928K), 0.0014885 secs] [Times: user=0.01 sys=0.00, real=0.01 secs] 
295.057: [GC (Allocation Failure) [PSYoungGen: 59901K->1568K(60416K)] 347375K->289042K(636928K), 0.0015121 secs] [Times: user=0.00 sys=0.00, real=0.00 secs] 
295.400: [GC (Allocation Failure) [PSYoungGen: 59936K->1549K(60416K)] 347410K->289023K(636928K), 0.0014857 secs] [Times: user=0.00 sys=0.00, real=0.00 secs] 
295.791: [GC (Allocation Failure) [PSYoungGen: 59917K->1648K(60416K)] 347391K->289122K(636928K), 0.0017279 secs] [Times: user=0.01 sys=0.00, real=0.00 secs] 
296.043: [GC (Allocation Failure) [PSYoungGen: 60016K->1376K(60416K)] 347490K->288850K(636928K), 0.0018566 secs] [Times: user=0.01 sys=0.00, real=0.01 secs] 
296.300: [GC (Allocation Failure) [PSYoungGen: 59744K->1376K(60416K)] 347218K->288866K(636928K), 0.0018475 secs] [Times: user=0.00 sys=0.00, real=0.00 secs] 
296.558: [GC (Allocation Failure) [PSYoungGen: 59744K->1360K(60416K)] 347234K->288850K(636928K), 0.0018127 secs] [Times: user=0.01 sys=0.00, real=0.00 secs] 
296.832: [GC (Allocation Failure) [PSYoungGen: 59728K->1408K(60416K)] 347218K->288898K(636928K), 0.0019788 secs] [Times: user=0.01 sys=0.00, real=0.00 secs] 
297.176: [GC (Allocation Failure) [PSYoungGen: 59776K->1485K(60416K)] 347266K->288975K(636928K), 0.0013650 secs] [Times: user=0.00 sys=0.00, real=0.00 secs] 
297.516: [GC (Allocation Failure) [PSYoungGen: 59842K->1565K(60416K)] 347332K->289079K(636928K), 0.0017768 secs] [Times: user=0.01 sys=0.00, real=0.00 secs] 
297.857: [GC (Allocation Failure) [PSYoungGen: 59927K->1581K(60416K)] 347441K->289095K(636928K), 0.0014482 secs] [Times: user=0.01 sys=0.00, real=0.00 secs] 
298.252: [GC (Allocation Failure) [PSYoungGen: 59944K->1581K(60416K)] 347458K->289095K(636928K), 0.0015009 secs] [Times: user=0.00 sys=0.00, real=0.00 secs] 
298.588: [GC (Allocation Failure) [PSYoungGen: 58995K->256K(60416K)] 346509K->287770K(636928K), 0.0015507 secs] [Times: user=0.01 sys=0.00, real=0.00 secs] 
299.198: [GC (Allocation Failure) [PSYoungGen: 58624K->1408K(60416K)] 346138K->288930K(636928K), 0.0025278 secs] [Times: user=0.02 sys=0.00, real=0.00 secs] 
299.648: [GC (Allocation Failure) [PSYoungGen: 59776K->1376K(60416K)] 347298K->288906K(636928K), 0.0021641 secs] [Times: user=0.01 sys=0.00, real=0.00 secs] 
299.883: [GC (Allocation Failure) [PSYoungGen: 59744K->1376K(60416K)] 347274K->288906K(636928K), 0.0021581 secs] [Times: user=0.01 sys=0.00, real=0.01 secs] 
300.197: [GC (Allocation Failure) [PSYoungGen: 59744K->1440K(60416K)] 347274K->288970K(636928K), 0.0018362 secs] [Times: user=0.01 sys=0.00, real=0.00 secs] 
300.524: [GC (Allocation Failure) [PSYoungGen: 59799K->1469K(60416K)] 347329K->288999K(636928K), 0.0016844 secs] [Times: user=0.01 sys=0.00, real=0.01 secs] 
300.873: [GC (Allocation Failure) [PSYoungGen: 59837K->1552K(60416K)] 347367K->289098K(636928K), 0.0015552 secs] [Times: user=0.01 sys=0.00, real=0.00 secs] 
301.217: [GC (Allocation Failure) [PSYoungGen: 59920K->1533K(60416K)] 347466K->289079K(636928K), 0.0017953 secs] [Times: user=0.00 sys=0.00, real=0.00 secs] 
301.559: [GC (Allocation Failure) [PSYoungGen: 59901K->1520K(60416K)] 347447K->289066K(636928K), 0.0015776 secs] [Times: user=0.01 sys=0.00, real=0.00 secs] 
301.900: [GC (Allocation Failure) [PSYoungGen: 59863K->1581K(60416K)] 347409K->289127K(636928K), 0.0015070 secs] [Times: user=0.01 sys=0.00, real=0.00 secs] 
302.602: [GC (Allocation Failure) [PSYoungGen: 59949K->1408K(60416K)] 347495K->288954K(636928K), 0.0025943 secs] [Times: user=0.01 sys=0.00, real=0.01 secs] 
302.880: [GC (Allocation Failure) [PSYoungGen: 59776K->1376K(60416K)] 347322K->288922K(636928K), 0.0019803 secs] [Times: user=0.01 sys=0.00, real=0.00 secs] 
303.131: [GC (Allocation Failure) [PSYoungGen: 59744K->1376K(60416K)] 347290K->288922K(636928K), 0.0019201 secs] [Times: user=0.00 sys=0.00, real=0.00 secs] 
303.404: [GC (Allocation Failure) [PSYoungGen: 59744K->1392K(60416K)] 347290K->288938K(636928K), 0.0017833 secs] [Times: user=0.01 sys=0.01, real=0.01 secs] 
303.722: [GC (Allocation Failure) [PSYoungGen: 59760K->1469K(60416K)] 347306K->289015K(636928K), 0.0015480 secs] [Times: user=0.01 sys=0.00, real=0.00 secs] 
304.063: [GC (Allocation Failure) [PSYoungGen: 59809K->1552K(60416K)] 347355K->289114K(636928K), 0.0014827 secs] [Times: user=0.00 sys=0.00, real=0.00 secs] 
304.405: [GC (Allocation Failure) [PSYoungGen: 59904K->1565K(60416K)] 347467K->289143K(636928K), 0.0014678 secs] [Times: user=0.01 sys=0.00, real=0.00 secs] 
304.756: [GC (Allocation Failure) [PSYoungGen: 59920K->1581K(60416K)] 347498K->289159K(636928K), 0.0014258 secs] [Times: user=0.01 sys=0.00, real=0.00 secs] 
305.097: [GC (Allocation Failure) [PSYoungGen: 59938K->1568K(60416K)] 347516K->289146K(636928K), 0.0015734 secs] [Times: user=0.00 sys=0.00, real=0.00 secs] 
305.384: [GC (Allocation Failure) [PSYoungGen: 59936K->1440K(60416K)] 347514K->289018K(636928K), 0.0018611 secs] [Times: user=0.00 sys=0.00, real=0.01 secs] 
305.627: [GC (Allocation Failure) [PSYoungGen: 59808K->1440K(60416K)] 347386K->289034K(636928K), 0.0019805 secs] [Times: user=0.01 sys=0.00, real=0.00 secs] 
305.927: [GC (Allocation Failure) [PSYoungGen: 59808K->1376K(60416K)] 347402K->288970K(636928K), 0.0018756 secs] [Times: user=0.00 sys=0.00, real=0.00 secs] 
306.180: [GC (Allocation Failure) [PSYoungGen: 59744K->1344K(60416K)] 347338K->288938K(636928K), 0.0017965 secs] [Times: user=0.01 sys=0.00, real=0.00 secs] 
306.496: [GC (Allocation Failure) [PSYoungGen: 59712K->1437K(60416K)] 347306K->289031K(636928K), 0.0020360 secs] [Times: user=0.01 sys=0.00, real=0.00 secs] 
306.846: [GC (Allocation Failure) [PSYoungGen: 59805K->1581K(60416K)] 347399K->289175K(636928K), 0.0014180 secs] [Times: user=0.01 sys=0.00, real=0.00 secs] 
307.248: [GC (Allocation Failure) [PSYoungGen: 59949K->1549K(60416K)] 347543K->289159K(636928K), 0.0015074 secs] [Times: user=0.00 sys=0.00, real=0.00 secs] 
307.653: [GC (Allocation Failure) [PSYoungGen: 59917K->1565K(60416K)] 347527K->289175K(636928K), 0.0015004 secs] [Times: user=0.01 sys=0.00, real=0.00 secs] 
307.994: [GC (Allocation Failure) [PSYoungGen: 59926K->1581K(60416K)] 347536K->289191K(636928K), 0.0014819 secs] [Times: user=0.00 sys=0.00, real=0.01 secs] 
308.568: [GC (Allocation Failure) [PSYoungGen: 59949K->1408K(60416K)] 347559K->289018K(636928K), 0.0033763 secs] [Times: user=0.01 sys=0.00, real=0.00 secs] 
309.087: [GC (Allocation Failure) [PSYoungGen: 59776K->1376K(60416K)] 347386K->288986K(636928K), 0.0030220 secs] [Times: user=0.02 sys=0.00, real=0.00 secs] 
309.690: [GC (Allocation Failure) [PSYoungGen: 59744K->1376K(60416K)] 347354K->288986K(636928K), 0.0030428 secs] [Times: user=0.01 sys=0.00, real=0.00 secs] 
310.378: [GC (Allocation Failure) [PSYoungGen: 59744K->1312K(60416K)] 347354K->288922K(636928K), 0.0024378 secs] [Times: user=0.01 sys=0.00, real=0.00 secs] 
310.937: [GC (Allocation Failure) [PSYoungGen: 59680K->1437K(60416K)] 347290K->289047K(636928K), 0.0018925 secs] [Times: user=0.01 sys=0.00, real=0.00 secs] 
311.390: [GC (Allocation Failure) [PSYoungGen: 59805K->1581K(60416K)] 347415K->289191K(636928K), 0.0015477 secs] [Times: user=0.00 sys=0.00, real=0.00 secs] 
311.731: [GC (Allocation Failure) [PSYoungGen: 59949K->1629K(60416K)] 347559K->289263K(636928K), 0.0014920 secs] [Times: user=0.01 sys=0.00, real=0.00 secs] 
312.073: [GC (Allocation Failure) [PSYoungGen: 59997K->1613K(60416K)] 347631K->289247K(636928K), 0.0015515 secs] [Times: user=0.01 sys=0.00, real=0.00 secs] 
312.413: [GC (Allocation Failure) [PSYoungGen: 59981K->1597K(60416K)] 347615K->289231K(636928K), 0.0014606 secs] [Times: user=0.01 sys=0.00, real=0.01 secs] 
312.700: [GC (Allocation Failure) [PSYoungGen: 59965K->1440K(60416K)] 347599K->289082K(636928K), 0.0024025 secs] [Times: user=0.01 sys=0.00, real=0.00 secs] 
312.944: [GC (Allocation Failure) [PSYoungGen: 59808K->1376K(60416K)] 347450K->289018K(636928K), 0.0018844 secs] [Times: user=0.01 sys=0.00, real=0.01 secs] 
313.186: [GC (Allocation Failure) [PSYoungGen: 59744K->1376K(60416K)] 347386K->289018K(636928K), 0.0017672 secs] [Times: user=0.01 sys=0.00, real=0.00 secs] 
313.429: [GC (Allocation Failure) [PSYoungGen: 59744K->1344K(60416K)] 347386K->288986K(636928K), 0.0019941 secs] [Times: user=0.01 sys=0.00, real=0.00 secs] 
313.711: [GC (Allocation Failure) [PSYoungGen: 59712K->1437K(60416K)] 347354K->289079K(636928K), 0.0017414 secs] [Times: user=0.00 sys=0.00, real=0.00 secs] 
314.057: [GC (Allocation Failure) [PSYoungGen: 59805K->1517K(60416K)] 347447K->289159K(636928K), 0.0014548 secs] [Times: user=0.00 sys=0.00, real=0.00 secs] 
314.458: [GC (Allocation Failure) [PSYoungGen: 59885K->1517K(60416K)] 347527K->289175K(636928K), 0.0015447 secs] [Times: user=0.00 sys=0.00, real=0.00 secs] 
314.809: [GC (Allocation Failure) [PSYoungGen: 59885K->1549K(60416K)] 347543K->289207K(636928K), 0.0014912 secs] [Times: user=0.01 sys=0.00, real=0.00 secs] 
315.152: [GC (Allocation Failure) [PSYoungGen: 59894K->1549K(60416K)] 347553K->289207K(636928K), 0.0017770 secs] [Times: user=0.00 sys=0.00, real=0.00 secs] 
315.648: [GC (Allocation Failure) [PSYoungGen: 59917K->1408K(60416K)] 347575K->289066K(636928K), 0.0024410 secs] [Times: user=0.01 sys=0.00, real=0.00 secs] 
315.884: [GC (Allocation Failure) [PSYoungGen: 59776K->1344K(60416K)] 347434K->289018K(636928K), 0.0037798 secs] [Times: user=0.02 sys=0.01, real=0.01 secs] 
316.346: [GC (Allocation Failure) [PSYoungGen: 59712K->1360K(60416K)] 347386K->289034K(636928K), 0.0018736 secs] [Times: user=0.01 sys=0.00, real=0.00 secs] 
316.738: [GC (Allocation Failure) [PSYoungGen: 59728K->1376K(60416K)] 347402K->289050K(636928K), 0.0027177 secs] [Times: user=0.01 sys=0.00, real=0.00 secs] 
317.174: [GC (Allocation Failure) [PSYoungGen: 59728K->1472K(60416K)] 347403K->289146K(636928K), 0.0030351 secs] [Times: user=0.01 sys=0.00, real=0.01 secs] 
317.600: [GC (Allocation Failure) [PSYoungGen: 59840K->1549K(60416K)] 347514K->289223K(636928K), 0.0013914 secs] [Times: user=0.00 sys=0.00, real=0.00 secs] 
317.941: [GC (Allocation Failure) [PSYoungGen: 59917K->1581K(60416K)] 347591K->289279K(636928K), 0.0014444 secs] [Times: user=0.00 sys=0.00, real=0.00 secs] 
318.283: [GC (GCLocker Initiated GC) [PSYoungGen: 59949K->1517K(60416K)] 347647K->289215K(636928K), 0.0014734 secs] [Times: user=0.00 sys=0.00, real=0.01 secs] 
318.627: [GC (Allocation Failure) [PSYoungGen: 59885K->1501K(60416K)] 347968K->289584K(636928K), 0.0014586 secs] [Times: user=0.01 sys=0.00, real=0.00 secs] 
318.912: [GC (Allocation Failure) [PSYoungGen: 59869K->1504K(60416K)] 347952K->289587K(636928K), 0.0015605 secs] [Times: user=0.00 sys=0.00, real=0.00 secs] 
319.154: [GC (Allocation Failure) [PSYoungGen: 59872K->1504K(60416K)] 347955K->289587K(636928K), 0.0014548 secs] [Times: user=0.00 sys=0.00, real=0.01 secs] 
319.454: [GC (Allocation Failure) [PSYoungGen: 59872K->1472K(60416K)] 347955K->289555K(636928K), 0.0014850 secs] [Times: user=0.00 sys=0.00, real=0.01 secs] 
319.696: [GC (Allocation Failure) [PSYoungGen: 59840K->1440K(60416K)] 347923K->289523K(636928K), 0.0020452 secs] [Times: user=0.01 sys=0.00, real=0.00 secs] 
319.991: [GC (Allocation Failure) [PSYoungGen: 59742K->384K(60416K)] 347826K->288467K(636928K), 0.0019406 secs] [Times: user=0.01 sys=0.00, real=0.00 secs] 
320.344: [GC (Allocation Failure) [PSYoungGen: 58727K->1629K(60416K)] 346810K->289712K(636928K), 0.0015312 secs] [Times: user=0.01 sys=0.00, real=0.01 secs] 
320.686: [GC (Allocation Failure) [PSYoungGen: 59997K->1693K(60416K)] 348080K->289792K(636928K), 0.0014869 secs] [Times: user=0.01 sys=0.00, real=0.00 secs] 
321.029: [GC (Allocation Failure) [PSYoungGen: 60031K->1632K(60416K)] 348131K->289731K(636928K), 0.0014703 secs] [Times: user=0.00 sys=0.00, real=0.00 secs] 
321.368: [GC (Allocation Failure) [PSYoungGen: 60000K->1645K(60416K)] 348099K->289745K(636928K), 0.0015079 secs] [Times: user=0.00 sys=0.00, real=0.00 secs] 
322.009: [GC (Allocation Failure) [PSYoungGen: 60013K->1568K(60416K)] 348113K->289667K(636928K), 0.0017725 secs] [Times: user=0.01 sys=0.00, real=0.00 secs] 
322.556: [GC (Allocation Failure) [PSYoungGen: 59936K->1456K(60416K)] 348035K->289603K(636928K), 0.0022131 secs] [Times: user=0.01 sys=0.00, real=0.00 secs] 
322.845: [GC (Allocation Failure) [PSYoungGen: 59824K->1472K(60416K)] 347971K->289619K(636928K), 0.0021392 secs] [Times: user=0.00 sys=0.00, real=0.00 secs] 
323.089: [GC (Allocation Failure) [PSYoungGen: 59840K->1440K(60416K)] 347987K->289587K(636928K), 0.0020784 secs] [Times: user=0.01 sys=0.00, real=0.00 secs] 
323.332: [GC (Allocation Failure) [PSYoungGen: 59808K->1440K(60416K)] 347955K->289587K(636928K), 0.0019472 secs] [Times: user=0.01 sys=0.00, real=0.00 secs] 
323.697: [GC (Allocation Failure) [PSYoungGen: 59808K->1629K(60416K)] 347955K->289784K(636928K), 0.0015060 secs] [Times: user=0.01 sys=0.00, real=0.00 secs] 
324.037: [GC (Allocation Failure) [PSYoungGen: 59976K->1549K(60416K)] 348132K->289792K(636928K), 0.0014866 secs] [Times: user=0.01 sys=0.00, real=0.00 secs] 
324.378: [GC (Allocation Failure) [PSYoungGen: 59917K->1565K(60416K)] 348160K->289808K(636928K), 0.0014712 secs] [Times: user=0.01 sys=0.00, real=0.00 secs] 
324.719: [GC (Allocation Failure) [PSYoungGen: 59933K->1552K(60416K)] 348176K->289803K(636928K), 0.0014497 secs] [Times: user=0.01 sys=0.00, real=0.00 secs] 
325.001: [GC (Allocation Failure) [PSYoungGen: 59920K->1392K(60416K)] 348171K->289643K(636928K), 0.0016174 secs] [Times: user=0.01 sys=0.00, real=0.00 secs] 
325.244: [GC (Allocation Failure) [PSYoungGen: 59760K->1424K(60416K)] 348011K->289675K(636928K), 0.0018051 secs] [Times: user=0.00 sys=0.00, real=0.01 secs] 
325.486: [GC (Allocation Failure) [PSYoungGen: 59792K->1376K(60416K)] 348043K->289627K(636928K), 0.0016738 secs] [Times: user=0.00 sys=0.00, real=0.00 secs] 
325.729: [GC (Allocation Failure) [PSYoungGen: 59744K->1376K(60416K)] 347995K->289643K(636928K), 0.0019279 secs] [Times: user=0.01 sys=0.00, real=0.00 secs] 
325.971: [GC (Allocation Failure) [PSYoungGen: 59744K->1344K(60416K)] 348011K->289611K(636928K), 0.0020380 secs] [Times: user=0.01 sys=0.00, real=0.00 secs] 
326.658: [GC (Allocation Failure) [PSYoungGen: 59712K->1552K(60416K)] 347979K->289819K(636928K), 0.0015240 secs] [Times: user=0.01 sys=0.00, real=0.00 secs] 
326.998: [GC (Allocation Failure) [PSYoungGen: 59920K->1565K(60416K)] 348187K->289856K(636928K), 0.0015388 secs] [Times: user=0.01 sys=0.00, real=0.00 secs] 
327.340: [GC (Allocation Failure) [PSYoungGen: 59920K->1565K(60416K)] 348212K->289856K(636928K), 0.0015161 secs] [Times: user=0.00 sys=0.00, real=0.00 secs] 
327.740: [GC (Allocation Failure) [PSYoungGen: 59933K->1549K(60416K)] 348224K->289840K(636928K), 0.0015095 secs] [Times: user=0.01 sys=0.00, real=0.00 secs] 
328.340: [GC (Allocation Failure) [PSYoungGen: 59917K->1408K(60416K)] 348208K->289699K(636928K), 0.0022754 secs] [Times: user=0.01 sys=0.00, real=0.00 secs] 
328.780: [GC (Allocation Failure) [PSYoungGen: 59776K->1408K(60416K)] 348067K->289699K(636928K), 0.0021136 secs] [Times: user=0.00 sys=0.00, real=0.00 secs] 
329.070: [GC (Allocation Failure) [PSYoungGen: 59776K->1376K(60416K)] 348067K->289667K(636928K), 0.0019968 secs] [Times: user=0.01 sys=0.00, real=0.00 secs] 
329.313: [GC (Allocation Failure) [PSYoungGen: 59744K->1424K(60416K)] 348035K->289715K(636928K), 0.0018956 secs] [Times: user=0.01 sys=0.00, real=0.01 secs] 
329.555: [GC (Allocation Failure) [PSYoungGen: 59792K->1408K(60416K)] 348083K->289699K(636928K), 0.0018024 secs] [Times: user=0.00 sys=0.00, real=0.00 secs] 
329.912: [GC (Allocation Failure) [PSYoungGen: 59776K->1533K(60416K)] 348067K->289824K(636928K), 0.0014677 secs] [Times: user=0.01 sys=0.00, real=0.00 secs] 
330.252: [GC (Allocation Failure) [PSYoungGen: 59901K->1533K(60416K)] 348192K->289840K(636928K), 0.0014625 secs] [Times: user=0.01 sys=0.00, real=0.00 secs] 
330.595: [GC (Allocation Failure) [PSYoungGen: 59901K->1613K(60416K)] 348208K->289921K(636928K), 0.0014698 secs] [Times: user=0.01 sys=0.00, real=0.00 secs] 
330.940: [GC (Allocation Failure) [PSYoungGen: 59981K->1549K(60416K)] 348289K->289857K(636928K), 0.0015001 secs] [Times: user=0.01 sys=0.00, real=0.00 secs] 
331.528: [GC (Allocation Failure) [PSYoungGen: 59917K->1440K(60416K)] 348225K->289747K(636928K), 0.0022719 secs] [Times: user=0.01 sys=0.00, real=0.00 secs] 
332.644: [GC (Allocation Failure) [PSYoungGen: 59808K->1376K(60416K)] 348115K->289683K(636928K), 0.0024852 secs] [Times: user=0.01 sys=0.01, real=0.01 secs] 
333.128: [GC (Allocation Failure) [PSYoungGen: 59744K->1376K(60416K)] 348051K->289683K(636928K), 0.0021515 secs] [Times: user=0.01 sys=0.00, real=0.00 secs] 
333.623: [GC (Allocation Failure) [PSYoungGen: 59744K->1376K(60416K)] 348051K->289683K(636928K), 0.0019983 secs] [Times: user=0.01 sys=0.00, real=0.01 secs] 
334.101: [GC (Allocation Failure) [PSYoungGen: 59744K->1408K(60416K)] 348051K->289715K(636928K), 0.0021246 secs] [Times: user=0.01 sys=0.00, real=0.00 secs] 
334.502: [GC (Allocation Failure) [PSYoungGen: 59776K->1533K(60416K)] 348083K->289840K(636928K), 0.0014684 secs] [Times: user=0.00 sys=0.00, real=0.00 secs] 
334.842: [GC (Allocation Failure) [PSYoungGen: 59901K->1549K(60416K)] 348208K->289872K(636928K), 0.0014797 secs] [Times: user=0.01 sys=0.00, real=0.00 secs] 
335.186: [GC (Allocation Failure) [PSYoungGen: 59917K->1533K(60416K)] 348240K->289856K(636928K), 0.0016301 secs] [Times: user=0.00 sys=0.00, real=0.00 secs] 
335.586: [GC (Allocation Failure) [PSYoungGen: 59901K->1533K(60416K)] 348224K->289856K(636928K), 0.0014912 secs] [Times: user=0.01 sys=0.00, real=0.00 secs] 
336.110: [GC (Allocation Failure) [PSYoungGen: 59901K->1424K(60416K)] 348224K->289747K(636928K), 0.0021631 secs] [Times: user=0.01 sys=0.00, real=0.00 secs] 
336.643: [GC (Allocation Failure) [PSYoungGen: 59792K->1344K(60416K)] 348115K->289667K(636928K), 0.0019909 secs] [Times: user=0.01 sys=0.00, real=0.01 secs] 
337.179: [GC (Allocation Failure) [PSYoungGen: 59712K->1408K(60416K)] 348035K->289731K(636928K), 0.0030425 secs] [Times: user=0.01 sys=0.00, real=0.00 secs] 
337.706: [GC (Allocation Failure) [PSYoungGen: 59776K->1376K(60416K)] 348099K->289699K(636928K), 0.0030075 secs] [Times: user=0.01 sys=0.00, real=0.00 secs] 
338.189: [GC (Allocation Failure) [PSYoungGen: 59744K->1376K(60416K)] 348067K->289715K(636928K), 0.0030282 secs] [Times: user=0.02 sys=0.00, real=0.00 secs] 
338.649: [GC (Allocation Failure) [PSYoungGen: 59744K->1568K(60416K)] 348083K->289907K(636928K), 0.0014480 secs] [Times: user=0.01 sys=0.00, real=0.00 secs] 
339.054: [GC (Allocation Failure) [PSYoungGen: 59936K->1533K(60416K)] 348275K->289888K(636928K), 0.0015193 secs] [Times: user=0.01 sys=0.00, real=0.01 secs] 
339.395: [GC (Allocation Failure) [PSYoungGen: 59901K->1565K(60416K)] 348256K->289920K(636928K), 0.0015409 secs] [Times: user=0.00 sys=0.00, real=0.00 secs] 
339.797: [GC (Allocation Failure) [PSYoungGen: 59933K->1533K(60416K)] 348288K->289888K(636928K), 0.0015201 secs] [Times: user=0.00 sys=0.00, real=0.00 secs] 
340.173: [GC (Allocation Failure) [PSYoungGen: 59901K->1456K(60416K)] 348256K->289811K(636928K), 0.0027435 secs] [Times: user=0.01 sys=0.00, real=0.01 secs] 
340.417: [GC (Allocation Failure) [PSYoungGen: 59824K->1376K(60416K)] 348179K->289731K(636928K), 0.0020452 secs] [Times: user=0.01 sys=0.00, real=0.00 secs] 
340.720: [GC (Allocation Failure) [PSYoungGen: 59744K->1344K(60416K)] 348099K->289699K(636928K), 0.0019055 secs] [Times: user=0.00 sys=0.00, real=0.00 secs] 
340.965: [GC (Allocation Failure) [PSYoungGen: 59712K->1344K(60416K)] 348067K->289699K(636928K), 0.0019445 secs] [Times: user=0.01 sys=0.00, real=0.00 secs] 
341.346: [GC (Allocation Failure) [PSYoungGen: 59712K->1376K(60416K)] 348067K->289731K(636928K), 0.0020554 secs] [Times: user=0.01 sys=0.01, real=0.00 secs] 
341.694: [GC (Allocation Failure) [PSYoungGen: 59744K->1517K(60416K)] 348099K->289872K(636928K), 0.0014642 secs] [Times: user=0.01 sys=0.00, real=0.01 secs] 
342.035: [GC (Allocation Failure) [PSYoungGen: 59885K->1581K(60416K)] 348240K->289953K(636928K), 0.0014915 secs] [Times: user=0.00 sys=0.00, real=0.01 secs] 
342.375: [GC (Allocation Failure) [PSYoungGen: 59936K->1645K(60416K)] 348307K->290017K(636928K), 0.0014774 secs] [Times: user=0.00 sys=0.00, real=0.00 secs] 
342.716: [GC (Allocation Failure) [PSYoungGen: 60013K->1549K(60416K)] 348385K->289920K(636928K), 0.0014696 secs] [Times: user=0.01 sys=0.00, real=0.00 secs] 
343.193: [GC (Allocation Failure) [PSYoungGen: 59917K->1456K(60416K)] 348288K->289827K(636928K), 0.0015865 secs] [Times: user=0.01 sys=0.00, real=0.00 secs] 
343.619: [GC (Allocation Failure) [PSYoungGen: 59824K->1408K(60416K)] 348195K->289779K(636928K), 0.0019138 secs] [Times: user=0.01 sys=0.00, real=0.00 secs] 
344.137: [GC (Allocation Failure) [PSYoungGen: 59776K->1376K(60416K)] 348147K->289747K(636928K), 0.0021877 secs] [Times: user=0.01 sys=0.00, real=0.00 secs] 
344.644: [GC (Allocation Failure) [PSYoungGen: 59744K->1376K(60416K)] 348115K->289747K(636928K), 0.0022262 secs] [Times: user=0.01 sys=0.00, real=0.01 secs] 
345.129: [GC (Allocation Failure) [PSYoungGen: 59744K->1392K(60416K)] 348115K->289763K(636928K), 0.0019157 secs] [Times: user=0.01 sys=0.00, real=0.00 secs] 
345.530: [GC (Allocation Failure) [PSYoungGen: 59760K->1485K(60416K)] 348131K->289856K(636928K), 0.0014623 secs] [Times: user=0.00 sys=0.00, real=0.00 secs] 
345.937: [GC (Allocation Failure) [PSYoungGen: 59853K->1549K(60416K)] 348224K->289937K(636928K), 0.0014615 secs] [Times: user=0.01 sys=0.00, real=0.00 secs] 
346.282: [GC (Allocation Failure) [PSYoungGen: 59901K->1597K(60416K)] 348289K->289984K(636928K), 0.0015051 secs] [Times: user=0.00 sys=0.00, real=0.00 secs] 
346.626: [GC (Allocation Failure) [PSYoungGen: 59965K->1581K(60416K)] 348352K->289992K(636928K), 0.0015199 secs] [Times: user=0.01 sys=0.00, real=0.00 secs] 
346.927: [GC (Allocation Failure) [PSYoungGen: 59949K->1424K(60416K)] 348360K->289835K(636928K), 0.0027061 secs] [Times: user=0.01 sys=0.00, real=0.00 secs] 
347.192: [GC (Allocation Failure) [PSYoungGen: 59792K->1344K(60416K)] 348203K->289755K(636928K), 0.0019372 secs] [Times: user=0.01 sys=0.00, real=0.00 secs] 
347.582: [GC (Allocation Failure) [PSYoungGen: 59712K->1376K(60416K)] 348123K->289787K(636928K), 0.0019069 secs] [Times: user=0.01 sys=0.00, real=0.00 secs] 
348.044: [GC (Allocation Failure) [PSYoungGen: 59744K->1344K(60416K)] 348155K->289755K(636928K), 0.0031589 secs] [Times: user=0.01 sys=0.00, real=0.01 secs] 
348.505: [GC (Allocation Failure) [PSYoungGen: 59712K->1408K(60416K)] 348123K->289819K(636928K), 0.0031578 secs] [Times: user=0.02 sys=0.00, real=0.00 secs] 
349.027: [GC (Allocation Failure) [PSYoungGen: 59776K->1501K(60416K)] 348187K->289912K(636928K), 0.0014330 secs] [Times: user=0.00 sys=0.00, real=0.00 secs] 
349.423: [GC (Allocation Failure) [PSYoungGen: 59869K->1565K(60416K)] 348280K->289984K(636928K), 0.0014755 secs] [Times: user=0.01 sys=0.00, real=0.00 secs] 
349.823: [GC (Allocation Failure) [PSYoungGen: 59933K->1549K(60416K)] 348352K->289968K(636928K), 0.0015415 secs] [Times: user=0.01 sys=0.00, real=0.01 secs] 
350.164: [GC (Allocation Failure) [PSYoungGen: 59906K->1581K(60416K)] 348326K->290000K(636928K), 0.0015121 secs] [Times: user=0.00 sys=0.00, real=0.01 secs] 
350.479: [GC (Allocation Failure) [PSYoungGen: 59949K->1424K(60416K)] 348368K->289843K(636928K), 0.0022091 secs] [Times: user=0.00 sys=0.00, real=0.00 secs] 
350.779: [GC (Allocation Failure) [PSYoungGen: 59792K->1408K(60416K)] 348211K->289827K(636928K), 0.0019768 secs] [Times: user=0.01 sys=0.00, real=0.00 secs] 
351.028: [GC (Allocation Failure) [PSYoungGen: 59776K->1408K(60416K)] 348195K->289827K(636928K), 0.0018993 secs] [Times: user=0.01 sys=0.00, real=0.00 secs] 
351.271: [GC (Allocation Failure) [PSYoungGen: 59776K->1408K(60416K)] 348195K->289827K(636928K), 0.0019546 secs] [Times: user=0.01 sys=0.00, real=0.00 secs] 
351.645: [GC (Allocation Failure) [PSYoungGen: 59776K->1392K(60416K)] 348195K->289811K(636928K), 0.0017087 secs] [Times: user=0.00 sys=0.00, real=0.00 secs] 
352.060: [GC (Allocation Failure) [PSYoungGen: 59760K->1533K(60416K)] 348179K->289960K(636928K), 0.0014564 secs] [Times: user=0.01 sys=0.00, real=0.00 secs] 
352.402: [GC (Allocation Failure) [PSYoungGen: 59901K->1565K(60416K)] 348328K->290000K(636928K), 0.0015596 secs] [Times: user=0.00 sys=0.00, real=0.00 secs] 
352.805: [GC (Allocation Failure) [PSYoungGen: 59933K->1613K(60416K)] 348368K->290049K(636928K), 0.0015142 secs] [Times: user=0.01 sys=0.00, real=0.00 secs] 
353.209: [GC (Allocation Failure) [PSYoungGen: 59981K->1629K(60416K)] 348417K->290064K(636928K), 0.0015424 secs] [Times: user=0.01 sys=0.00, real=0.00 secs] 
353.552: [GC (Allocation Failure) [PSYoungGen: 59997K->1408K(60416K)] 348432K->289843K(636928K), 0.0024679 secs] [Times: user=0.01 sys=0.00, real=0.00 secs] 
354.000: [GC (Allocation Failure) [PSYoungGen: 59776K->1408K(60416K)] 348211K->289843K(636928K), 0.0021153 secs] [Times: user=0.01 sys=0.00, real=0.00 secs] 
354.519: [GC (Allocation Failure) [PSYoungGen: 59776K->1376K(60416K)] 348211K->289811K(636928K), 0.0020066 secs] [Times: user=0.01 sys=0.00, real=0.00 secs] 
355.093: [GC (Allocation Failure) [PSYoungGen: 59744K->1376K(60416K)] 348179K->289811K(636928K), 0.0023767 secs] [Times: user=0.01 sys=0.00, real=0.01 secs] 
355.574: [GC (Allocation Failure) [PSYoungGen: 59744K->1344K(60416K)] 348179K->289779K(636928K), 0.0019562 secs] [Times: user=0.01 sys=0.00, real=0.01 secs] 
356.009: [GC (Allocation Failure) [PSYoungGen: 59712K->1504K(60416K)] 348147K->289939K(636928K), 0.0014281 secs] [Times: user=0.01 sys=0.00, real=0.00 secs] 
356.351: [GC (Allocation Failure) [PSYoungGen: 59872K->1613K(60416K)] 348307K->290065K(636928K), 0.0016357 secs] [Times: user=0.01 sys=0.00, real=0.00 secs] 
356.693: [GC (Allocation Failure) [PSYoungGen: 59981K->1565K(60416K)] 348433K->290040K(636928K), 0.0014426 secs] [Times: user=0.00 sys=0.00, real=0.00 secs] 
357.035: [GC (Allocation Failure) [PSYoungGen: 59933K->1597K(60416K)] 348408K->290072K(636928K), 0.0014523 secs] [Times: user=0.01 sys=0.00, real=0.00 secs] 
357.371: [GC (Allocation Failure) [PSYoungGen: 59965K->1408K(60416K)] 348440K->289883K(636928K), 0.0020225 secs] [Times: user=0.01 sys=0.00, real=0.00 secs] 
357.921: [GC (Allocation Failure) [PSYoungGen: 59776K->1344K(60416K)] 348251K->289819K(636928K), 0.0016879 secs] [Times: user=0.01 sys=0.00, real=0.00 secs] 
358.630: [GC (Allocation Failure) [PSYoungGen: 59712K->1376K(60416K)] 348187K->289859K(636928K), 0.0029392 secs] [Times: user=0.01 sys=0.00, real=0.00 secs] 
359.338: [GC (Allocation Failure) [PSYoungGen: 59744K->1376K(60416K)] 348227K->289859K(636928K), 0.0038046 secs] [Times: user=0.01 sys=0.00, real=0.00 secs] 
360.080: [GC (Allocation Failure) [PSYoungGen: 59744K->1376K(60416K)] 348227K->289859K(636928K), 0.0036859 secs] [Times: user=0.02 sys=0.00, real=0.00 secs] 
360.678: [GC (Allocation Failure) [PSYoungGen: 59744K->1469K(60416K)] 348227K->289960K(636928K), 0.0014484 secs] [Times: user=0.01 sys=0.00, real=0.00 secs] 
361.019: [GC (Allocation Failure) [PSYoungGen: 59837K->1581K(60416K)] 348328K->290088K(636928K), 0.0015530 secs] [Times: user=0.01 sys=0.00, real=0.00 secs] 
361.364: [GC (Allocation Failure) [PSYoungGen: 59949K->1565K(60416K)] 348456K->290072K(636928K), 0.0015154 secs] [Times: user=0.01 sys=0.01, real=0.01 secs] 
361.707: [GC (Allocation Failure) [PSYoungGen: 59933K->1565K(60416K)] 348440K->290072K(636928K), 0.0014819 secs] [Times: user=0.01 sys=0.00, real=0.00 secs] 
362.023: [GC (Allocation Failure) [PSYoungGen: 59933K->1408K(60416K)] 348440K->289915K(636928K), 0.0017506 secs] [Times: user=0.01 sys=0.00, real=0.00 secs] 
362.277: [GC (Allocation Failure) [PSYoungGen: 59776K->1376K(60416K)] 348283K->289883K(636928K), 0.0018634 secs] [Times: user=0.01 sys=0.00, real=0.00 secs] 
362.520: [GC (Allocation Failure) [PSYoungGen: 59744K->1344K(60416K)] 348251K->289851K(636928K), 0.0018458 secs] [Times: user=0.01 sys=0.00, real=0.00 secs] 
362.762: [GC (Allocation Failure) [PSYoungGen: 59712K->1376K(60416K)] 348219K->289883K(636928K), 0.0017512 secs] [Times: user=0.01 sys=0.00, real=0.00 secs] 
363.004: [GC (Allocation Failure) [PSYoungGen: 59744K->1392K(60416K)] 348251K->289899K(636928K), 0.0018143 secs] [Times: user=0.01 sys=0.00, real=0.01 secs] 
363.338: [GC (Allocation Failure) [PSYoungGen: 59760K->1536K(60416K)] 348267K->290043K(636928K), 0.0016133 secs] [Times: user=0.01 sys=0.00, real=0.00 secs] 
363.677: [GC (Allocation Failure) [PSYoungGen: 59904K->1565K(60416K)] 348411K->290088K(636928K), 0.0014828 secs] [Times: user=0.01 sys=0.00, real=0.00 secs] 
364.018: [GC (Allocation Failure) [PSYoungGen: 59920K->1581K(60416K)] 348444K->290105K(636928K), 0.0014698 secs] [Times: user=0.01 sys=0.00, real=0.00 secs] 
364.359: [GC (Allocation Failure) [PSYoungGen: 59949K->1581K(60416K)] 348473K->290104K(636928K), 0.0014513 secs] [Times: user=0.00 sys=0.00, real=0.00 secs] 
365.605: [GC (Allocation Failure) [PSYoungGen: 59949K->1504K(60416K)] 348472K->294123K(636928K), 0.0041730 secs] [Times: user=0.02 sys=0.00, real=0.00 secs] 
366.200: [GC (Allocation Failure) [PSYoungGen: 59872K->1392K(60416K)] 352491K->294011K(636928K), 0.0036462 secs] [Times: user=0.02 sys=0.00, real=0.00 secs] 
366.688: [GC (Allocation Failure) [PSYoungGen: 59760K->1392K(60416K)] 352379K->294019K(636928K), 0.0021426 secs] [Times: user=0.00 sys=0.00, real=0.00 secs] 
367.110: [GC (Allocation Failure) [PSYoungGen: 59760K->1344K(60416K)] 352387K->293971K(636928K), 0.0020080 secs] [Times: user=0.01 sys=0.00, real=0.00 secs] 
367.521: [GC (Allocation Failure) [PSYoungGen: 59712K->1376K(60416K)] 352339K->294003K(636928K), 0.0021232 secs] [Times: user=0.01 sys=0.00, real=0.00 secs] 
367.966: [GC (Allocation Failure) [PSYoungGen: 59744K->1501K(60416K)] 352371K->294129K(636928K), 0.0014691 secs] [Times: user=0.01 sys=0.00, real=0.00 secs] 
368.306: [GC (Allocation Failure) [PSYoungGen: 59869K->1581K(60416K)] 352497K->294225K(636928K), 0.0014856 secs] [Times: user=0.01 sys=0.00, real=0.00 secs] 
368.648: [GC (Allocation Failure) [PSYoungGen: 59949K->1565K(60416K)] 352593K->294209K(636928K), 0.0015440 secs] [Times: user=0.01 sys=0.00, real=0.00 secs] 
368.990: [GC (Allocation Failure) [PSYoungGen: 59933K->1584K(60416K)] 352577K->294227K(636928K), 0.0014680 secs] [Times: user=0.00 sys=0.00, real=0.00 secs] 
369.598: [GC (Allocation Failure) [PSYoungGen: 59952K->1440K(60416K)] 352595K->294083K(636928K), 0.0017857 secs] [Times: user=0.01 sys=0.00, real=0.00 secs] 
370.163: [GC (Allocation Failure) [PSYoungGen: 59808K->1376K(60416K)] 352451K->294019K(636928K), 0.0019833 secs] [Times: user=0.01 sys=0.00, real=0.01 secs] 
370.702: [GC (Allocation Failure) [PSYoungGen: 59744K->1440K(60416K)] 352387K->294083K(636928K), 0.0022812 secs] [Times: user=0.01 sys=0.00, real=0.00 secs] 
371.159: [GC (Allocation Failure) [PSYoungGen: 59808K->1408K(60416K)] 352451K->294051K(636928K), 0.0018974 secs] [Times: user=0.01 sys=0.00, real=0.00 secs] 
371.615: [GC (Allocation Failure) [PSYoungGen: 59776K->1376K(60416K)] 352419K->294019K(636928K), 0.0019376 secs] [Times: user=0.01 sys=0.00, real=0.00 secs] 
372.045: [GC (Allocation Failure) [PSYoungGen: 59744K->1501K(60416K)] 352387K->294145K(636928K), 0.0014617 secs] [Times: user=0.00 sys=0.00, real=0.00 secs] 
372.387: [GC (Allocation Failure) [PSYoungGen: 59869K->1565K(60416K)] 352513K->294225K(636928K), 0.0014967 secs] [Times: user=0.01 sys=0.00, real=0.00 secs] 
372.728: [GC (Allocation Failure) [PSYoungGen: 59933K->1549K(60416K)] 352593K->294217K(636928K), 0.0014592 secs] [Times: user=0.00 sys=0.00, real=0.00 secs] 
373.128: [GC (Allocation Failure) [PSYoungGen: 59917K->1581K(60416K)] 352585K->294249K(636928K), 0.0015287 secs] [Times: user=0.00 sys=0.00, real=0.00 secs] 
374.006: [GC (Allocation Failure) [PSYoungGen: 59949K->1488K(60416K)] 352617K->294155K(636928K), 0.0033036 secs] [Times: user=0.01 sys=0.01, real=0.00 secs] 
374.601: [GC (Allocation Failure) [PSYoungGen: 59856K->1376K(60416K)] 352523K->294043K(636928K), 0.0019465 secs] [Times: user=0.01 sys=0.00, real=0.00 secs] 
375.320: [GC (Allocation Failure) [PSYoungGen: 59744K->1408K(60416K)] 352411K->294083K(636928K), 0.0022625 secs] [Times: user=0.01 sys=0.00, real=0.00 secs] 
375.927: [GC (Allocation Failure) [PSYoungGen: 59776K->1376K(60416K)] 352451K->294051K(636928K), 0.0022042 secs] [Times: user=0.01 sys=0.00, real=0.00 secs] 
376.774: [GC (Allocation Failure) [PSYoungGen: 59744K->1408K(60416K)] 352419K->294083K(636928K), 0.0025234 secs] [Times: user=0.01 sys=0.00, real=0.01 secs] 
377.215: [GC (Allocation Failure) [PSYoungGen: 59776K->1504K(60416K)] 352451K->294187K(636928K), 0.0017284 secs] [Times: user=0.01 sys=0.00, real=0.01 secs] 
377.555: [GC (Allocation Failure) [PSYoungGen: 59872K->1533K(60416K)] 352555K->294233K(636928K), 0.0015166 secs] [Times: user=0.01 sys=0.00, real=0.00 secs] 
377.899: [GC (Allocation Failure) [PSYoungGen: 59901K->1533K(60416K)] 352601K->294233K(636928K), 0.0015568 secs] [Times: user=0.01 sys=0.00, real=0.00 secs] 
378.242: [GC (Allocation Failure) [PSYoungGen: 59901K->1533K(60416K)] 352601K->294249K(636928K), 0.0014991 secs] [Times: user=0.01 sys=0.00, real=0.00 secs] 
378.847: [GC (Allocation Failure) [PSYoungGen: 59901K->1504K(60416K)] 352617K->294219K(636928K), 0.0022509 secs] [Times: user=0.01 sys=0.00, real=0.00 secs] 
379.111: [GC (Allocation Failure) [PSYoungGen: 59872K->1376K(60416K)] 352587K->294091K(636928K), 0.0019506 secs] [Times: user=0.01 sys=0.00, real=0.00 secs] 
379.470: [GC (Allocation Failure) [PSYoungGen: 59744K->1344K(60416K)] 352459K->294059K(636928K), 0.0022806 secs] [Times: user=0.01 sys=0.00, real=0.00 secs] 
379.928: [GC (Allocation Failure) [PSYoungGen: 59712K->1344K(60416K)] 352427K->294059K(636928K), 0.0021712 secs] [Times: user=0.01 sys=0.00, real=0.00 secs] 
380.393: [GC (Allocation Failure) [PSYoungGen: 59712K->1376K(60416K)] 352427K->294091K(636928K), 0.0025328 secs] [Times: user=0.01 sys=0.00, real=0.01 secs] 
380.840: [GC (Allocation Failure) [PSYoungGen: 59744K->1501K(60416K)] 352459K->294217K(636928K), 0.0015170 secs] [Times: user=0.01 sys=0.00, real=0.00 secs] 
381.180: [GC (Allocation Failure) [PSYoungGen: 59869K->1565K(60416K)] 352585K->294297K(636928K), 0.0014878 secs] [Times: user=0.01 sys=0.00, real=0.00 secs] 
381.524: [GC (Allocation Failure) [PSYoungGen: 59920K->1584K(60416K)] 352651K->294315K(636928K), 0.0014769 secs] [Times: user=0.01 sys=0.00, real=0.01 secs] 
381.865: [GC (Allocation Failure) [PSYoungGen: 59952K->1565K(60416K)] 352683K->294297K(636928K), 0.0014491 secs] [Times: user=0.00 sys=0.00, real=0.00 secs] 
382.646: [GC (Allocation Failure) [PSYoungGen: 59933K->1456K(60416K)] 352665K->294195K(636928K), 0.0022859 secs] [Times: user=0.01 sys=0.00, real=0.00 secs] 
383.306: [GC (Allocation Failure) [PSYoungGen: 59824K->1376K(60416K)] 352563K->294115K(636928K), 0.0023861 secs] [Times: user=0.01 sys=0.00, real=0.00 secs] 
383.786: [GC (Allocation Failure) [PSYoungGen: 59744K->1392K(60416K)] 352483K->294131K(636928K), 0.0027137 secs] [Times: user=0.01 sys=0.00, real=0.00 secs] 
384.231: [GC (Allocation Failure) [PSYoungGen: 59760K->1408K(60416K)] 352499K->294147K(636928K), 0.0026185 secs] [Times: user=0.01 sys=0.00, real=0.00 secs] 
384.930: [GC (Allocation Failure) [PSYoungGen: 59776K->1344K(60416K)] 352515K->294083K(636928K), 0.0027317 secs] [Times: user=0.01 sys=0.00, real=0.00 secs] 
385.472: [GC (Allocation Failure) [PSYoungGen: 59712K->1533K(60416K)] 352451K->294273K(636928K), 0.0015192 secs] [Times: user=0.01 sys=0.00, real=0.00 secs] 
385.813: [GC (Allocation Failure) [PSYoungGen: 59901K->1552K(60416K)] 352641K->294315K(636928K), 0.0014822 secs] [Times: user=0.00 sys=0.00, real=0.00 secs] 
386.153: [GC (Allocation Failure) [PSYoungGen: 59907K->1565K(60416K)] 352671K->294329K(636928K), 0.0014711 secs] [Times: user=0.01 sys=0.00, real=0.01 secs] 
386.502: [GC (Allocation Failure) [PSYoungGen: 59933K->1533K(60416K)] 352697K->294297K(636928K), 0.0014679 secs] [Times: user=0.01 sys=0.00, real=0.00 secs] 
386.822: [GC (Allocation Failure) [PSYoungGen: 59901K->1440K(60416K)] 352665K->294203K(636928K), 0.0019094 secs] [Times: user=0.01 sys=0.00, real=0.00 secs] 
387.120: [GC (Allocation Failure) [PSYoungGen: 59808K->1408K(60416K)] 352571K->294171K(636928K), 0.0019810 secs] [Times: user=0.01 sys=0.00, real=0.00 secs] 
387.387: [GC (Allocation Failure) [PSYoungGen: 59776K->1376K(60416K)] 352539K->294147K(636928K), 0.0018504 secs] [Times: user=0.01 sys=0.00, real=0.00 secs] 
387.635: [GC (Allocation Failure) [PSYoungGen: 59744K->1440K(60416K)] 352515K->294211K(636928K), 0.0020014 secs] [Times: user=0.01 sys=0.00, real=0.00 secs] 
387.889: [GC (Allocation Failure) [PSYoungGen: 59808K->1408K(60416K)] 352579K->294179K(636928K), 0.0019194 secs] [Times: user=0.01 sys=0.00, real=0.00 secs] 
388.315: [GC (Allocation Failure) [PSYoungGen: 59776K->1549K(60416K)] 352547K->294321K(636928K), 0.0014493 secs] [Times: user=0.00 sys=0.00, real=0.01 secs] 
388.656: [GC (Allocation Failure) [PSYoungGen: 59917K->1533K(60416K)] 352689K->294321K(636928K), 0.0014831 secs] [Times: user=0.01 sys=0.00, real=0.00 secs] 
388.997: [GC (Allocation Failure) [PSYoungGen: 59901K->1533K(60416K)] 352689K->294321K(636928K), 0.0014606 secs] [Times: user=0.01 sys=0.00, real=0.00 secs] 
389.339: [GC (Allocation Failure) [PSYoungGen: 59901K->1549K(60416K)] 352689K->294337K(636928K), 0.0014876 secs] [Times: user=0.00 sys=0.00, real=0.00 secs] 
389.660: [GC (Allocation Failure) [PSYoungGen: 59917K->1440K(60416K)] 352705K->294227K(636928K), 0.0019072 secs] [Times: user=0.01 sys=0.00, real=0.00 secs] 
389.908: [GC (Allocation Failure) [PSYoungGen: 59808K->1376K(60416K)] 352595K->294163K(636928K), 0.0018022 secs] [Times: user=0.01 sys=0.00, real=0.00 secs] 
390.151: [GC (Allocation Failure) [PSYoungGen: 59744K->1376K(60416K)] 352531K->294163K(636928K), 0.0018313 secs] [Times: user=0.01 sys=0.00, real=0.00 secs] 
390.394: [GC (Allocation Failure) [PSYoungGen: 59744K->1376K(60416K)] 352531K->294163K(636928K), 0.0017861 secs] [Times: user=0.01 sys=0.00, real=0.01 secs] 
390.660: [GC (Allocation Failure) [PSYoungGen: 59744K->1312K(60416K)] 352531K->294099K(636928K), 0.0018935 secs] [Times: user=0.01 sys=0.00, real=0.00 secs] 
391.018: [GC (Allocation Failure) [PSYoungGen: 59680K->1501K(60416K)] 352467K->294289K(636928K), 0.0014768 secs] [Times: user=0.01 sys=0.00, real=0.00 secs] 
391.359: [GC (Allocation Failure) [PSYoungGen: 59869K->1600K(60416K)] 352657K->294395K(636928K), 0.0015797 secs] [Times: user=0.00 sys=0.00, real=0.00 secs] 
391.704: [GC (Allocation Failure) [PSYoungGen: 59968K->1533K(60416K)] 352763K->294329K(636928K), 0.0014596 secs] [Times: user=0.01 sys=0.00, real=0.01 secs] 
392.046: [GC (Allocation Failure) [PSYoungGen: 59901K->1565K(60416K)] 352697K->294361K(636928K), 0.0015108 secs] [Times: user=0.01 sys=0.00, real=0.00 secs] 
392.575: [GC (Allocation Failure) [PSYoungGen: 59933K->1440K(60416K)] 352729K->294235K(636928K), 0.0019127 secs] [Times: user=0.01 sys=0.00, real=0.00 secs] 
393.211: [GC (Allocation Failure) [PSYoungGen: 59808K->1376K(60416K)] 352603K->294171K(636928K), 0.0023867 secs] [Times: user=0.01 sys=0.00, real=0.00 secs] 
393.704: [GC (Allocation Failure) [PSYoungGen: 59744K->1376K(60416K)] 352539K->294171K(636928K), 0.0023814 secs] [Times: user=0.01 sys=0.00, real=0.01 secs] 
394.444: [GC (Allocation Failure) [PSYoungGen: 59744K->1376K(60416K)] 352539K->294171K(636928K), 0.0030970 secs] [Times: user=0.01 sys=0.00, real=0.01 secs] 
394.748: [GC (Allocation Failure) [PSYoungGen: 59744K->1344K(60416K)] 352539K->294139K(636928K), 0.0019443 secs] [Times: user=0.00 sys=0.00, real=0.00 secs] 
395.094: [GC (Allocation Failure) [PSYoungGen: 59712K->1549K(60416K)] 352507K->294345K(636928K), 0.0014367 secs] [Times: user=0.01 sys=0.00, real=0.01 secs] 
395.435: [GC (Allocation Failure) [PSYoungGen: 59917K->1565K(60416K)] 352713K->294377K(636928K), 0.0014909 secs] [Times: user=0.01 sys=0.00, real=0.01 secs] 
395.776: [GC (Allocation Failure) [PSYoungGen: 59933K->1565K(60416K)] 352745K->294377K(636928K), 0.0014893 secs] [Times: user=0.00 sys=0.00, real=0.00 secs] 
396.120: [GC (Allocation Failure) [PSYoungGen: 59933K->1533K(60416K)] 352745K->294345K(636928K), 0.0015402 secs] [Times: user=0.01 sys=0.00, real=0.00 secs] 
396.640: [GC (Allocation Failure) [PSYoungGen: 59901K->1408K(60416K)] 352713K->294219K(636928K), 0.0021915 secs] [Times: user=0.01 sys=0.00, real=0.00 secs] 
396.972: [GC (Allocation Failure) [PSYoungGen: 59776K->1376K(60416K)] 352587K->294203K(636928K), 0.0019714 secs] [Times: user=0.00 sys=0.00, real=0.00 secs] 
397.240: [GC (Allocation Failure) [PSYoungGen: 59744K->1408K(60416K)] 352571K->294235K(636928K), 0.0019122 secs] [Times: user=0.01 sys=0.00, real=0.00 secs] 
397.482: [GC (Allocation Failure) [PSYoungGen: 59776K->1408K(60416K)] 352603K->294235K(636928K), 0.0020613 secs] [Times: user=0.00 sys=0.00, real=0.00 secs] 
397.770: [GC (Allocation Failure) [PSYoungGen: 59776K->1392K(60416K)] 352603K->294219K(636928K), 0.0018664 secs] [Times: user=0.01 sys=0.00, real=0.00 secs] 
398.120: [GC (Allocation Failure) [PSYoungGen: 59760K->1501K(60416K)] 352587K->294329K(636928K), 0.0014658 secs] [Times: user=0.01 sys=0.00, real=0.00 secs] 
398.460: [GC (Allocation Failure) [PSYoungGen: 59869K->1565K(60416K)] 352697K->294409K(636928K), 0.0014953 secs] [Times: user=0.01 sys=0.00, real=0.00 secs] 
398.802: [GC (Allocation Failure) [PSYoungGen: 59933K->1565K(60416K)] 352777K->294409K(636928K), 0.0015025 secs] [Times: user=0.01 sys=0.00, real=0.00 secs] 
399.140: [GC (GCLocker Initiated GC) [PSYoungGen: 59933K->1533K(60416K)] 352777K->294377K(636928K), 0.0015567 secs] [Times: user=0.00 sys=0.00, real=0.00 secs] 
399.461: [GC (Allocation Failure) [PSYoungGen: 59901K->1456K(60416K)] 352748K->294303K(636928K), 0.0019011 secs] [Times: user=0.01 sys=0.00, real=0.00 secs] 
399.703: [GC (Allocation Failure) [PSYoungGen: 59824K->1376K(60416K)] 352671K->294223K(636928K), 0.0017824 secs] [Times: user=0.01 sys=0.00, real=0.00 secs] 
400.040: [GC (Allocation Failure) [PSYoungGen: 59744K->1376K(60416K)] 352591K->294223K(636928K), 0.0018227 secs] [Times: user=0.01 sys=0.00, real=0.00 secs] 
400.430: [GC (Allocation Failure) [PSYoungGen: 59744K->1376K(60416K)] 352591K->294223K(636928K), 0.0018580 secs] [Times: user=0.01 sys=0.00, real=0.00 secs] 
400.963: [GC (Allocation Failure) [PSYoungGen: 59744K->1408K(60416K)] 352591K->294255K(636928K), 0.0020564 secs] [Times: user=0.00 sys=0.00, real=0.01 secs] 
401.358: [GC (Allocation Failure) [PSYoungGen: 59776K->1645K(60416K)] 352623K->294492K(636928K), 0.0014851 secs] [Times: user=0.01 sys=0.00, real=0.00 secs] 
401.703: [GC (Allocation Failure) [PSYoungGen: 60013K->1616K(60416K)] 352860K->294479K(636928K), 0.0015197 secs] [Times: user=0.01 sys=0.00, real=0.00 secs] 
402.044: [GC (Allocation Failure) [PSYoungGen: 59984K->1677K(60416K)] 352847K->294540K(636928K), 0.0015152 secs] [Times: user=0.01 sys=0.00, real=0.01 secs] 
402.384: [GC (Allocation Failure) [PSYoungGen: 60032K->1661K(60416K)] 352895K->294524K(636928K), 0.0014702 secs] [Times: user=0.00 sys=0.00, real=0.01 secs] 
402.926: [GC (Allocation Failure) [PSYoungGen: 60029K->1472K(60416K)] 352892K->294343K(636928K), 0.0020150 secs] [Times: user=0.01 sys=0.00, real=0.00 secs] 
403.415: [GC (Allocation Failure) [PSYoungGen: 59840K->1472K(60416K)] 352711K->294343K(636928K), 0.0019662 secs] [Times: user=0.01 sys=0.00, real=0.00 secs] 
403.786: [GC (Allocation Failure) [PSYoungGen: 59840K->1440K(60416K)] 352711K->294327K(636928K), 0.0021139 secs] [Times: user=0.01 sys=0.00, real=0.00 secs] 
404.061: [GC (Allocation Failure) [PSYoungGen: 59808K->1456K(60416K)] 352695K->294343K(636928K), 0.0019969 secs] [Times: user=0.01 sys=0.00, real=0.00 secs] 
404.332: [GC (Allocation Failure) [PSYoungGen: 59824K->1440K(60416K)] 352711K->294327K(636928K), 0.0018928 secs] [Times: user=0.01 sys=0.00, real=0.00 secs] 
404.724: [GC (Allocation Failure) [PSYoungGen: 59808K->1584K(60416K)] 352695K->294471K(636928K), 0.0015395 secs] [Times: user=0.01 sys=0.00, real=0.01 secs] 
405.064: [GC (Allocation Failure) [PSYoungGen: 59952K->1581K(60416K)] 352839K->294524K(636928K), 0.0015393 secs] [Times: user=0.01 sys=0.00, real=0.01 secs] 
405.469: [GC (Allocation Failure) [PSYoungGen: 59929K->1533K(60416K)] 352872K->294476K(636928K), 0.0015184 secs] [Times: user=0.00 sys=0.00, real=0.00 secs] 
405.808: [GC (Allocation Failure) [PSYoungGen: 59901K->1613K(60416K)] 352844K->294556K(636928K), 0.0015270 secs] [Times: user=0.00 sys=0.00, real=0.00 secs] 
406.141: [GC (Allocation Failure) [PSYoungGen: 59981K->1440K(60416K)] 352924K->294391K(636928K), 0.0024264 secs] [Times: user=0.01 sys=0.00, real=0.00 secs] 
406.384: [GC (Allocation Failure) [PSYoungGen: 59808K->1408K(60416K)] 352759K->294375K(636928K), 0.0019108 secs] [Times: user=0.00 sys=0.00, real=0.01 secs] 
406.749: [GC (Allocation Failure) [PSYoungGen: 59776K->1392K(60416K)] 352743K->294359K(636928K), 0.0019624 secs] [Times: user=0.01 sys=0.00, real=0.00 secs] 
407.053: [GC (Allocation Failure) [PSYoungGen: 59760K->1344K(60416K)] 352727K->294311K(636928K), 0.0018240 secs] [Times: user=0.01 sys=0.00, real=0.01 secs] 
407.505: [GC (Allocation Failure) [PSYoungGen: 59712K->1376K(60416K)] 352679K->294343K(636928K), 0.0017672 secs] [Times: user=0.01 sys=0.00, real=0.00 secs] 
407.905: [GC (Allocation Failure) [PSYoungGen: 59744K->1472K(60416K)] 352711K->294439K(636928K), 0.0014391 secs] [Times: user=0.00 sys=0.00, real=0.00 secs] 
408.245: [GC (Allocation Failure) [PSYoungGen: 59840K->1552K(60416K)] 352807K->294535K(636928K), 0.0014870 secs] [Times: user=0.00 sys=0.00, real=0.00 secs] 
408.588: [GC (Allocation Failure) [PSYoungGen: 59907K->1597K(60416K)] 352890K->294580K(636928K), 0.0014442 secs] [Times: user=0.01 sys=0.00, real=0.00 secs] 
408.928: [GC (Allocation Failure) [PSYoungGen: 59965K->1568K(60416K)] 352948K->294551K(636928K), 0.0014827 secs] [Times: user=0.01 sys=0.00, real=0.00 secs] 
409.281: [GC (Allocation Failure) [PSYoungGen: 59936K->1408K(60416K)] 352919K->294391K(636928K), 0.0018706 secs] [Times: user=0.01 sys=0.00, real=0.00 secs] 
409.773: [GC (Allocation Failure) [PSYoungGen: 59776K->1408K(60416K)] 352759K->294391K(636928K), 0.0019967 secs] [Times: user=0.01 sys=0.00, real=0.01 secs] 
410.349: [GC (Allocation Failure) [PSYoungGen: 59776K->1376K(60416K)] 352759K->294359K(636928K), 0.0031441 secs] [Times: user=0.01 sys=0.00, real=0.00 secs] 
410.814: [GC (Allocation Failure) [PSYoungGen: 59744K->1408K(60416K)] 352727K->294391K(636928K), 0.0022046 secs] [Times: user=0.01 sys=0.00, real=0.01 secs] 
411.294: [GC (Allocation Failure) [PSYoungGen: 59776K->1408K(60416K)] 352759K->294391K(636928K), 0.0019944 secs] [Times: user=0.01 sys=0.00, real=0.01 secs] 
411.772: [GC (Allocation Failure) [PSYoungGen: 59776K->1565K(60416K)] 352759K->294548K(636928K), 0.0014997 secs] [Times: user=0.01 sys=0.00, real=0.00 secs] 
412.115: [GC (Allocation Failure) [PSYoungGen: 59933K->1581K(60416K)] 352916K->294588K(636928K), 0.0015158 secs] [Times: user=0.01 sys=0.00, real=0.00 secs] 
412.457: [GC (Allocation Failure) [PSYoungGen: 59949K->1613K(60416K)] 352956K->294620K(636928K), 0.0014415 secs] [Times: user=0.01 sys=0.00, real=0.00 secs] 
412.852: [GC (Allocation Failure) [PSYoungGen: 59966K->1613K(60416K)] 352973K->294620K(636928K), 0.0014933 secs] [Times: user=0.01 sys=0.00, real=0.00 secs] 
413.226: [GC (Allocation Failure) [PSYoungGen: 59981K->1440K(60416K)] 352988K->294455K(636928K), 0.0020766 secs] [Times: user=0.00 sys=0.00, real=0.00 secs] 
413.469: [GC (Allocation Failure) [PSYoungGen: 59808K->1440K(60416K)] 352823K->294455K(636928K), 0.0019307 secs] [Times: user=0.01 sys=0.00, real=0.00 secs] 
413.711: [GC (Allocation Failure) [PSYoungGen: 59808K->1440K(60416K)] 352823K->294455K(636928K), 0.0020240 secs] [Times: user=0.01 sys=0.00, real=0.00 secs] 
413.995: [GC (Allocation Failure) [PSYoungGen: 59808K->1408K(60416K)] 352823K->294423K(636928K), 0.0018762 secs] [Times: user=0.00 sys=0.00, real=0.00 secs] 
414.237: [GC (Allocation Failure) [PSYoungGen: 59776K->1376K(60416K)] 352791K->294391K(636928K), 0.0018593 secs] [Times: user=0.01 sys=0.00, real=0.00 secs] 
414.595: [GC (Allocation Failure) [PSYoungGen: 59744K->1565K(60416K)] 352759K->294580K(636928K), 0.0014831 secs] [Times: user=0.00 sys=0.00, real=0.00 secs] 
414.998: [GC (Allocation Failure) [PSYoungGen: 59933K->1565K(60416K)] 352948K->294596K(636928K), 0.0015096 secs] [Times: user=0.01 sys=0.00, real=0.00 secs] 
415.338: [GC (Allocation Failure) [PSYoungGen: 59915K->1565K(60416K)] 352946K->294596K(636928K), 0.0014789 secs] [Times: user=0.01 sys=0.00, real=0.00 secs] 
415.680: [GC (Allocation Failure) [PSYoungGen: 59933K->1549K(60416K)] 352964K->294580K(636928K), 0.0015073 secs] [Times: user=0.00 sys=0.01, real=0.00 secs] 
416.186: [GC (Allocation Failure) [PSYoungGen: 59917K->1456K(60416K)] 352948K->294503K(636928K), 0.0026367 secs] [Times: user=0.01 sys=0.00, real=0.00 secs] 
416.681: [GC (Allocation Failure) [PSYoungGen: 59824K->1344K(60416K)] 352871K->294391K(636928K), 0.0024659 secs] [Times: user=0.01 sys=0.00, real=0.00 secs] 
417.456: [GC (Allocation Failure) [PSYoungGen: 59712K->1376K(60416K)] 352759K->294423K(636928K), 0.0033135 secs] [Times: user=0.01 sys=0.00, real=0.00 secs] 
417.946: [GC (Allocation Failure) [PSYoungGen: 59744K->1360K(60416K)] 352791K->294407K(636928K), 0.0029346 secs] [Times: user=0.02 sys=0.00, real=0.00 secs] 
418.451: [GC (Allocation Failure) [PSYoungGen: 59728K->1376K(60416K)] 352775K->294423K(636928K), 0.0030873 secs] [Times: user=0.01 sys=0.00, real=0.00 secs] 
418.995: [GC (Allocation Failure) [PSYoungGen: 59744K->1533K(60416K)] 352791K->294580K(636928K), 0.0015965 secs] [Times: user=0.00 sys=0.00, real=0.00 secs] 
419.398: [GC (Allocation Failure) [PSYoungGen: 59901K->1533K(60416K)] 352948K->294604K(636928K), 0.0015048 secs] [Times: user=0.01 sys=0.00, real=0.00 secs] 
419.797: [GC (Allocation Failure) [PSYoungGen: 59879K->1533K(60416K)] 352950K->294604K(636928K), 0.0014886 secs] [Times: user=0.01 sys=0.00, real=0.00 secs] 
420.198: [GC (Allocation Failure) [PSYoungGen: 59901K->1565K(60416K)] 352972K->294636K(636928K), 0.0017652 secs] [Times: user=0.01 sys=0.00, real=0.00 secs] 
420.499: [GC (Allocation Failure) [PSYoungGen: 59933K->1440K(60416K)] 353004K->294511K(636928K), 0.0027443 secs] [Times: user=0.01 sys=0.00, real=0.00 secs] 
420.750: [GC (Allocation Failure) [PSYoungGen: 59808K->1344K(60416K)] 352879K->294415K(636928K), 0.0018884 secs] [Times: user=0.00 sys=0.00, real=0.00 secs] 
421.016: [GC (Allocation Failure) [PSYoungGen: 59712K->1344K(60416K)] 352783K->294415K(636928K), 0.0030933 secs] [Times: user=0.02 sys=0.00, real=0.00 secs] 
421.281: [GC (Allocation Failure) [PSYoungGen: 59712K->1344K(60416K)] 352783K->294415K(636928K), 0.0023836 secs] [Times: user=0.01 sys=0.00, real=0.00 secs] 
421.536: [GC (Allocation Failure) [PSYoungGen: 59712K->1408K(60416K)] 352783K->294479K(636928K), 0.0019316 secs] [Times: user=0.00 sys=0.00, real=0.00 secs] 
421.902: [GC (Allocation Failure) [PSYoungGen: 59776K->1565K(60416K)] 352847K->294636K(636928K), 0.0014599 secs] [Times: user=0.00 sys=0.00, real=0.00 secs] 
422.243: [GC (Allocation Failure) [PSYoungGen: 59933K->1549K(60416K)] 353004K->294644K(636928K), 0.0014660 secs] [Times: user=0.00 sys=0.00, real=0.01 secs] 
422.654: [GC (Allocation Failure) [PSYoungGen: 59897K->1581K(60416K)] 352992K->294676K(636928K), 0.0015211 secs] [Times: user=0.01 sys=0.00, real=0.01 secs] 
422.994: [GC (Allocation Failure) [PSYoungGen: 59949K->1613K(60416K)] 353044K->294708K(636928K), 0.0015418 secs] [Times: user=0.01 sys=0.00, real=0.01 secs] 
423.293: [GC (Allocation Failure) [PSYoungGen: 59981K->1376K(60416K)] 353076K->294471K(636928K), 0.0022909 secs] [Times: user=0.01 sys=0.00, real=0.01 secs] 
423.546: [GC (Allocation Failure) [PSYoungGen: 59744K->1440K(60416K)] 352839K->294535K(636928K), 0.0018801 secs] [Times: user=0.01 sys=0.00, real=0.00 secs] 
423.806: [GC (Allocation Failure) [PSYoungGen: 59808K->1376K(60416K)] 352903K->294471K(636928K), 0.0017214 secs] [Times: user=0.01 sys=0.00, real=0.00 secs] 
424.178: [GC (Allocation Failure) [PSYoungGen: 59744K->1408K(60416K)] 352839K->294503K(636928K), 0.0019852 secs] [Times: user=0.01 sys=0.00, real=0.00 secs] 
424.421: [GC (Allocation Failure) [PSYoungGen: 59776K->1376K(60416K)] 352871K->294471K(636928K), 0.0019679 secs] [Times: user=0.01 sys=0.00, real=0.00 secs] 
424.772: [GC (Allocation Failure) [PSYoungGen: 59744K->1533K(60416K)] 352839K->294628K(636928K), 0.0014802 secs] [Times: user=0.01 sys=0.00, real=0.00 secs] 
425.112: [GC (Allocation Failure) [PSYoungGen: 59901K->1565K(60416K)] 352996K->294676K(636928K), 0.0014763 secs] [Times: user=0.01 sys=0.00, real=0.00 secs] 
425.454: [GC (Allocation Failure) [PSYoungGen: 59933K->1565K(60416K)] 353044K->294676K(636928K), 0.0014659 secs] [Times: user=0.01 sys=0.00, real=0.01 secs] 
425.857: [GC (Allocation Failure) [PSYoungGen: 59933K->1613K(60416K)] 353044K->294724K(636928K), 0.0015493 secs] [Times: user=0.01 sys=0.00, real=0.00 secs] 
427.205: [GC (Allocation Failure) [PSYoungGen: 59981K->1408K(60416K)] 353092K->294519K(636928K), 0.0036724 secs] [Times: user=0.01 sys=0.00, real=0.00 secs] 
428.028: [GC (Allocation Failure) [PSYoungGen: 59776K->1408K(60416K)] 352887K->294519K(636928K), 0.0036739 secs] [Times: user=0.01 sys=0.00, real=0.00 secs] 
428.567: [GC (Allocation Failure) [PSYoungGen: 59776K->1408K(60416K)] 352887K->294527K(636928K), 0.0025519 secs] [Times: user=0.01 sys=0.00, real=0.00 secs] 
429.070: [GC (Allocation Failure) [PSYoungGen: 59776K->1376K(60416K)] 352895K->294495K(636928K), 0.0024012 secs] [Times: user=0.01 sys=0.00, real=0.00 secs] 
429.310: [GC (Allocation Failure) [PSYoungGen: 59744K->1376K(60416K)] 352863K->294495K(636928K), 0.0020803 secs] [Times: user=0.01 sys=0.00, real=0.00 secs] 
429.718: [GC (Allocation Failure) [PSYoungGen: 59744K->1533K(60416K)] 352863K->294652K(636928K), 0.0014730 secs] [Times: user=0.00 sys=0.00, real=0.00 secs] 
430.059: [GC (Allocation Failure) [PSYoungGen: 59901K->1533K(60416K)] 353020K->294668K(636928K), 0.0014814 secs] [Times: user=0.00 sys=0.00, real=0.00 secs] 
430.400: [GC (Allocation Failure) [PSYoungGen: 59901K->1581K(60416K)] 353036K->294716K(636928K), 0.0014657 secs] [Times: user=0.00 sys=0.00, real=0.00 secs] 
430.743: [GC (Allocation Failure) [PSYoungGen: 59949K->1565K(60416K)] 353084K->294700K(636928K), 0.0014623 secs] [Times: user=0.01 sys=0.00, real=0.00 secs] 
431.233: [GC (Allocation Failure) [PSYoungGen: 59933K->1408K(60416K)] 353068K->294543K(636928K), 0.0018994 secs] [Times: user=0.01 sys=0.00, real=0.01 secs] 
431.754: [GC (Allocation Failure) [PSYoungGen: 59776K->1376K(60416K)] 352911K->294511K(636928K), 0.0018646 secs] [Times: user=0.01 sys=0.00, real=0.01 secs] 
432.230: [GC (Allocation Failure) [PSYoungGen: 59744K->1376K(60416K)] 352879K->294511K(636928K), 0.0018816 secs] [Times: user=0.01 sys=0.00, real=0.00 secs] 
432.737: [GC (Allocation Failure) [PSYoungGen: 59744K->1376K(60416K)] 352879K->294511K(636928K), 0.0019356 secs] [Times: user=0.01 sys=0.00, real=0.00 secs] 
433.105: [GC (Allocation Failure) [PSYoungGen: 59744K->1376K(60416K)] 352879K->294511K(636928K), 0.0019784 secs] [Times: user=0.00 sys=0.00, real=0.00 secs] 
433.487: [GC (Allocation Failure) [PSYoungGen: 59744K->1533K(60416K)] 352879K->294668K(636928K), 0.0015142 secs] [Times: user=0.01 sys=0.00, real=0.00 secs] 
433.829: [GC (Allocation Failure) [PSYoungGen: 59889K->1581K(60416K)] 353024K->294740K(636928K), 0.0015642 secs] [Times: user=0.00 sys=0.00, real=0.00 secs] 
434.170: [GC (Allocation Failure) [PSYoungGen: 59935K->1597K(60416K)] 353094K->294756K(636928K), 0.0014916 secs] [Times: user=0.01 sys=0.00, real=0.00 secs] 
434.511: [GC (Allocation Failure) [PSYoungGen: 59959K->1568K(60416K)] 353118K->294727K(636928K), 0.0014858 secs] [Times: user=0.01 sys=0.00, real=0.00 secs] 
434.924: [GC (Allocation Failure) [PSYoungGen: 59936K->1408K(60416K)] 353095K->294567K(636928K), 0.0018331 secs] [Times: user=0.01 sys=0.00, real=0.01 secs] 
435.296: [GC (Allocation Failure) [PSYoungGen: 59776K->1376K(60416K)] 352935K->294535K(636928K), 0.0020036 secs] [Times: user=0.01 sys=0.00, real=0.00 secs] 
435.682: [GC (Allocation Failure) [PSYoungGen: 59744K->1376K(60416K)] 352903K->294535K(636928K), 0.0018690 secs] [Times: user=0.01 sys=0.00, real=0.00 secs] 
436.359: [GC (Allocation Failure) [PSYoungGen: 59744K->1328K(60416K)] 352903K->294487K(636928K), 0.0025616 secs] [Times: user=0.01 sys=0.00, real=0.00 secs] 
437.087: [GC (Allocation Failure) [PSYoungGen: 59696K->1360K(60416K)] 352855K->294519K(636928K), 0.0032770 secs] [Times: user=0.01 sys=0.00, real=0.00 secs] 
437.631: [GC (Allocation Failure) [PSYoungGen: 59728K->1581K(60416K)] 352887K->294772K(636928K), 0.0014626 secs] [Times: user=0.01 sys=0.00, real=0.00 secs] 
437.980: [GC (Allocation Failure) [PSYoungGen: 59932K->1533K(60416K)] 353123K->294740K(636928K), 0.0014773 secs] [Times: user=0.01 sys=0.00, real=0.00 secs] 
438.319: [GC (Allocation Failure) [PSYoungGen: 59889K->1565K(60416K)] 353096K->294772K(636928K), 0.0015745 secs] [Times: user=0.01 sys=0.00, real=0.00 secs] 
438.661: [GC (Allocation Failure) [PSYoungGen: 59921K->1533K(60416K)] 353128K->294740K(636928K), 0.0014545 secs] [Times: user=0.01 sys=0.00, real=0.00 secs] 
439.002: [GC (Allocation Failure) [PSYoungGen: 59901K->1392K(60416K)] 353108K->294599K(636928K), 0.0018359 secs] [Times: user=0.01 sys=0.00, real=0.00 secs] 
439.254: [GC (Allocation Failure) [PSYoungGen: 59760K->1376K(60416K)] 352967K->294583K(636928K), 0.0018307 secs] [Times: user=0.01 sys=0.00, real=0.01 secs] 
439.497: [GC (Allocation Failure) [PSYoungGen: 59744K->1344K(60416K)] 352951K->294551K(636928K), 0.0018075 secs] [Times: user=0.00 sys=0.01, real=0.00 secs] 
439.748: [GC (Allocation Failure) [PSYoungGen: 59712K->1533K(60416K)] 352919K->294740K(636928K), 0.0014593 secs] [Times: user=0.01 sys=0.00, real=0.00 secs] 
439.984: [GC (Allocation Failure) [PSYoungGen: 59901K->1600K(60416K)] 353108K->294807K(636928K), 0.0014860 secs] [Times: user=0.00 sys=0.00, real=0.01 secs] 
440.221: [GC (Allocation Failure) [PSYoungGen: 59968K->1597K(60416K)] 353175K->294804K(636928K), 0.0016047 secs] [Times: user=0.00 sys=0.00, real=0.00 secs] 
440.458: [GC (Allocation Failure) [PSYoungGen: 59965K->1597K(60416K)] 353172K->294820K(636928K), 0.0015896 secs] [Times: user=0.01 sys=0.00, real=0.00 secs] 
440.780: [GC (Allocation Failure) [PSYoungGen: 59965K->1456K(60416K)] 353188K->294687K(636928K), 0.0015829 secs] [Times: user=0.01 sys=0.00, real=0.00 secs] 
441.264: [GC (Allocation Failure) [PSYoungGen: 59824K->1344K(60416K)] 353055K->294575K(636928K), 0.0033155 secs] [Times: user=0.01 sys=0.00, real=0.01 secs] 
441.762: [GC (Allocation Failure) [PSYoungGen: 59712K->1344K(60416K)] 352943K->294575K(636928K), 0.0080029 secs] [Times: user=0.05 sys=0.00, real=0.01 secs] 
442.150: [GC (Allocation Failure) [PSYoungGen: 59712K->1344K(60416K)] 352943K->294575K(636928K), 0.0021542 secs] [Times: user=0.01 sys=0.00, real=0.00 secs] 
442.392: [GC (Allocation Failure) [PSYoungGen: 59712K->1376K(60416K)] 352943K->294607K(636928K), 0.0018194 secs] [Times: user=0.01 sys=0.00, real=0.00 secs] 
442.713: [GC (Allocation Failure) [PSYoungGen: 59744K->1533K(60416K)] 352975K->294764K(636928K), 0.0014469 secs] [Times: user=0.00 sys=0.00, real=0.00 secs] 
443.054: [GC (Allocation Failure) [PSYoungGen: 59901K->1565K(60416K)] 353132K->294796K(636928K), 0.0014861 secs] [Times: user=0.01 sys=0.00, real=0.01 secs] 
443.396: [GC (Allocation Failure) [PSYoungGen: 59933K->1565K(60416K)] 353164K->294796K(636928K), 0.0014879 secs] [Times: user=0.01 sys=0.00, real=0.00 secs] 
443.737: [GC (Allocation Failure) [PSYoungGen: 59933K->1581K(60416K)] 353164K->294828K(636928K), 0.0014791 secs] [Times: user=0.00 sys=0.00, real=0.00 secs] 
444.355: [GC (Allocation Failure) [PSYoungGen: 59949K->1472K(60416K)] 353196K->294727K(636928K), 0.0021302 secs] [Times: user=0.01 sys=0.00, real=0.00 secs] 
444.919: [GC (Allocation Failure) [PSYoungGen: 59840K->1344K(60416K)] 353095K->294599K(636928K), 0.0019702 secs] [Times: user=0.01 sys=0.00, real=0.00 secs] 
445.696: [GC (Allocation Failure) [PSYoungGen: 59712K->1344K(60416K)] 352967K->294599K(636928K), 0.0021861 secs] [Times: user=0.01 sys=0.00, real=0.00 secs] 
446.555: [GC (Allocation Failure) [PSYoungGen: 59712K->1344K(60416K)] 352967K->294599K(636928K), 0.0021817 secs] [Times: user=0.01 sys=0.00, real=0.00 secs] 
447.323: [GC (Allocation Failure) [PSYoungGen: 59712K->1344K(60416K)] 352967K->294599K(636928K), 0.0031991 secs] [Times: user=0.01 sys=0.00, real=0.01 secs] 
447.855: [GC (Allocation Failure) [PSYoungGen: 59712K->1533K(60416K)] 352967K->294788K(636928K), 0.0014305 secs] [Times: user=0.01 sys=0.00, real=0.00 secs] 
448.207: [GC (Allocation Failure) [PSYoungGen: 59901K->1581K(60416K)] 353156K->294860K(636928K), 0.0014655 secs] [Times: user=0.01 sys=0.00, real=0.00 secs] 
448.611: [GC (Allocation Failure) [PSYoungGen: 59949K->1565K(60416K)] 353228K->294844K(636928K), 0.0015331 secs] [Times: user=0.01 sys=0.00, real=0.00 secs] 
448.953: [GC (Allocation Failure) [PSYoungGen: 59933K->1581K(60416K)] 353212K->294860K(636928K), 0.0015128 secs] [Times: user=0.01 sys=0.00, real=0.00 secs] 
449.277: [GC (Allocation Failure) [PSYoungGen: 59949K->1504K(60416K)] 353228K->294791K(636928K), 0.0020490 secs] [Times: user=0.01 sys=0.00, real=0.00 secs] 
449.531: [GC (Allocation Failure) [PSYoungGen: 59872K->1424K(60416K)] 353159K->294711K(636928K), 0.0020147 secs] [Times: user=0.00 sys=0.00, real=0.00 secs] 
449.792: [GC (Allocation Failure) [PSYoungGen: 59792K->1376K(60416K)] 353079K->294663K(636928K), 0.0020165 secs] [Times: user=0.01 sys=0.00, real=0.00 secs] 
450.044: [GC (Allocation Failure) [PSYoungGen: 59744K->1408K(60416K)] 353031K->294695K(636928K), 0.0017940 secs] [Times: user=0.01 sys=0.00, real=0.01 secs] 
450.290: [GC (Allocation Failure) [PSYoungGen: 59776K->1408K(60416K)] 353063K->294695K(636928K), 0.0024447 secs] [Times: user=0.01 sys=0.00, real=0.00 secs] 
450.721: [GC (Allocation Failure) [PSYoungGen: 59776K->1501K(60416K)] 353063K->294788K(636928K), 0.0014357 secs] [Times: user=0.01 sys=0.00, real=0.00 secs] 
451.101: [GC (Allocation Failure) [PSYoungGen: 59869K->1581K(60416K)] 353156K->294884K(636928K), 0.0015455 secs] [Times: user=0.00 sys=0.00, real=0.00 secs] 
451.443: [GC (Allocation Failure) [PSYoungGen: 59949K->1616K(60416K)] 353252K->294919K(636928K), 0.0015355 secs] [Times: user=0.01 sys=0.00, real=0.01 secs] 
451.784: [GC (Allocation Failure) [PSYoungGen: 59984K->1613K(60416K)] 353287K->294916K(636928K), 0.0015208 secs] [Times: user=0.01 sys=0.00, real=0.01 secs] 
452.116: [GC (Allocation Failure) [PSYoungGen: 59981K->1472K(60416K)] 353284K->294775K(636928K), 0.0020926 secs] [Times: user=0.01 sys=0.00, real=0.00 secs] 
452.378: [GC (Allocation Failure) [PSYoungGen: 59840K->1376K(60416K)] 353143K->294679K(636928K), 0.0019992 secs] [Times: user=0.00 sys=0.01, real=0.00 secs] 
452.639: [GC (Allocation Failure) [PSYoungGen: 59744K->1376K(60416K)] 353047K->294679K(636928K), 0.0018118 secs] [Times: user=0.01 sys=0.00, real=0.00 secs] 
452.883: [GC (Allocation Failure) [PSYoungGen: 59744K->1376K(60416K)] 353047K->294679K(636928K), 0.0018862 secs] [Times: user=0.00 sys=0.00, real=0.00 secs] 
453.125: [GC (Allocation Failure) [PSYoungGen: 59744K->1408K(60416K)] 353047K->294711K(636928K), 0.0018418 secs] [Times: user=0.01 sys=0.00, real=0.00 secs] 
453.458: [GC (Allocation Failure) [PSYoungGen: 59776K->1520K(60416K)] 353079K->294823K(636928K), 0.0014141 secs] [Times: user=0.01 sys=0.00, real=0.00 secs] 
453.800: [GC (Allocation Failure) [PSYoungGen: 59888K->1533K(60416K)] 353191K->294852K(636928K), 0.0014771 secs] [Times: user=0.01 sys=0.00, real=0.00 secs] 
454.141: [GC (Allocation Failure) [PSYoungGen: 59901K->1565K(60416K)] 353220K->294884K(636928K), 0.0015368 secs] [Times: user=0.01 sys=0.00, real=0.00 secs] 
454.547: [GC (Allocation Failure) [PSYoungGen: 59933K->1565K(60416K)] 353252K->294884K(636928K), 0.0015202 secs] [Times: user=0.01 sys=0.00, real=0.00 secs] 
454.964: [GC (Allocation Failure) [PSYoungGen: 59933K->1488K(60416K)] 353252K->294807K(636928K), 0.0022589 secs] [Times: user=0.01 sys=0.00, real=0.01 secs] 
455.256: [GC (Allocation Failure) [PSYoungGen: 59856K->1376K(60416K)] 353175K->294695K(636928K), 0.0020250 secs] [Times: user=0.01 sys=0.00, real=0.00 secs] 
455.511: [GC (Allocation Failure) [PSYoungGen: 59744K->1376K(60416K)] 353063K->294711K(636928K), 0.0019116 secs] [Times: user=0.00 sys=0.00, real=0.00 secs] 
455.886: [GC (Allocation Failure) [PSYoungGen: 59744K->1376K(60416K)] 353079K->294711K(636928K), 0.0017471 secs] [Times: user=0.00 sys=0.00, real=0.00 secs] 
456.170: [GC (Allocation Failure) [PSYoungGen: 59744K->1376K(60416K)] 353079K->294711K(636928K), 0.0019203 secs] [Times: user=0.00 sys=0.01, real=0.00 secs] 
456.526: [GC (Allocation Failure) [PSYoungGen: 59744K->1533K(60416K)] 353079K->294868K(636928K), 0.0014824 secs] [Times: user=0.01 sys=0.00, real=0.00 secs] 
456.926: [GC (Allocation Failure) [PSYoungGen: 59901K->1613K(60416K)] 353236K->294972K(636928K), 0.0015155 secs] [Times: user=0.00 sys=0.00, real=0.00 secs] 
457.276: [GC (Allocation Failure) [PSYoungGen: 59981K->1565K(60416K)] 353340K->294924K(636928K), 0.0015371 secs] [Times: user=0.00 sys=0.00, real=0.00 secs] 
457.673: [GC (Allocation Failure) [PSYoungGen: 59933K->1565K(60416K)] 353292K->294924K(636928K), 0.0016774 secs] [Times: user=0.01 sys=0.00, real=0.01 secs] 
458.109: [GC (Allocation Failure) [PSYoungGen: 59933K->1488K(60416K)] 353292K->294847K(636928K), 0.0032956 secs] [Times: user=0.01 sys=0.00, real=0.00 secs] 
458.802: [GC (Allocation Failure) [PSYoungGen: 59856K->1360K(60416K)] 353215K->294719K(636928K), 0.0031114 secs] [Times: user=0.01 sys=0.01, real=0.01 secs] 
459.046: [GC (Allocation Failure) [PSYoungGen: 59728K->1376K(60416K)] 353087K->294735K(636928K), 0.0019265 secs] [Times: user=0.01 sys=0.00, real=0.00 secs] 
459.330: [GC (Allocation Failure) [PSYoungGen: 59744K->1376K(60416K)] 353103K->294735K(636928K), 0.0019186 secs] [Times: user=0.00 sys=0.00, real=0.00 secs] 
459.583: [GC (Allocation Failure) [PSYoungGen: 59744K->1408K(60416K)] 353103K->294767K(636928K), 0.0018157 secs] [Times: user=0.01 sys=0.00, real=0.01 secs] 
459.921: [GC (Allocation Failure) [PSYoungGen: 59776K->1533K(60416K)] 353135K->294892K(636928K), 0.0014651 secs] [Times: user=0.01 sys=0.00, real=0.00 secs] 
460.261: [GC (Allocation Failure) [PSYoungGen: 59901K->1565K(60416K)] 353260K->294940K(636928K), 0.0015005 secs] [Times: user=0.01 sys=0.00, real=0.00 secs] 
460.602: [GC (Allocation Failure) [PSYoungGen: 59933K->1533K(60416K)] 353308K->294908K(636928K), 0.0014999 secs] [Times: user=0.00 sys=0.00, real=0.00 secs] 
460.943: [GC (Allocation Failure) [PSYoungGen: 59878K->1597K(60416K)] 353253K->294972K(636928K), 0.0014640 secs] [Times: user=0.01 sys=0.00, real=0.00 secs] 
461.246: [GC (Allocation Failure) [PSYoungGen: 59965K->1472K(60416K)] 353340K->294855K(636928K), 0.0018282 secs] [Times: user=0.01 sys=0.00, real=0.00 secs] 
461.489: [GC (Allocation Failure) [PSYoungGen: 59840K->1344K(60416K)] 353223K->294727K(636928K), 0.0018853 secs] [Times: user=0.00 sys=0.00, real=0.00 secs] 
461.745: [GC (Allocation Failure) [PSYoungGen: 59712K->1408K(60416K)] 353095K->294791K(636928K), 0.0016939 secs] [Times: user=0.01 sys=0.00, real=0.00 secs] 
461.987: [GC (Allocation Failure) [PSYoungGen: 59776K->1360K(60416K)] 353159K->294743K(636928K), 0.0018357 secs] [Times: user=0.01 sys=0.00, real=0.00 secs] 
462.229: [GC (Allocation Failure) [PSYoungGen: 59728K->1392K(60416K)] 353111K->294775K(636928K), 0.0018116 secs] [Times: user=0.00 sys=0.00, real=0.00 secs] 
462.590: [GC (Allocation Failure) [PSYoungGen: 59760K->1485K(60416K)] 353143K->294876K(636928K), 0.0014633 secs] [Times: user=0.00 sys=0.00, real=0.00 secs] 
462.929: [GC (Allocation Failure) [PSYoungGen: 59853K->1613K(60416K)] 353244K->295028K(636928K), 0.0015393 secs] [Times: user=0.01 sys=0.00, real=0.00 secs] 
463.271: [GC (Allocation Failure) [PSYoungGen: 59965K->1584K(60416K)] 353381K->294999K(636928K), 0.0014332 secs] [Times: user=0.00 sys=0.00, real=0.00 secs] 
463.612: [GC (Allocation Failure) [PSYoungGen: 59952K->1565K(60416K)] 353367K->294980K(636928K), 0.0014554 secs] [Times: user=0.01 sys=0.00, real=0.00 secs] 
463.948: [GC (Allocation Failure) [PSYoungGen: 59933K->1472K(60416K)] 353348K->294895K(636928K), 0.0017957 secs] [Times: user=0.01 sys=0.00, real=0.00 secs] 
464.229: [GC (Allocation Failure) [PSYoungGen: 59840K->1408K(60416K)] 353263K->294831K(636928K), 0.0017172 secs] [Times: user=0.01 sys=0.00, real=0.00 secs] 
464.494: [GC (Allocation Failure) [PSYoungGen: 59776K->1408K(60416K)] 353199K->294839K(636928K), 0.0017510 secs] [Times: user=0.01 sys=0.00, real=0.01 secs] 
464.736: [GC (Allocation Failure) [PSYoungGen: 59776K->1376K(60416K)] 353207K->294807K(636928K), 0.0016418 secs] [Times: user=0.00 sys=0.00, real=0.00 secs] 
465.135: [GC (Allocation Failure) [PSYoungGen: 59744K->1424K(60416K)] 353175K->294879K(636928K), 0.0018452 secs] [Times: user=0.01 sys=0.00, real=0.00 secs] 
465.579: [GC (Allocation Failure) [PSYoungGen: 59792K->1549K(60416K)] 353247K->295004K(636928K), 0.0014895 secs] [Times: user=0.01 sys=0.00, real=0.00 secs] 
465.920: [GC (Allocation Failure) [PSYoungGen: 59917K->1501K(60416K)] 353372K->294980K(636928K), 0.0014804 secs] [Times: user=0.01 sys=0.00, real=0.00 secs] 
466.264: [GC (Allocation Failure) [PSYoungGen: 59869K->1581K(60416K)] 353348K->295060K(636928K), 0.0014966 secs] [Times: user=0.01 sys=0.00, real=0.01 secs] 
466.690: [GC (Allocation Failure) [PSYoungGen: 59949K->1581K(60416K)] 353428K->295060K(636928K), 0.0015602 secs] [Times: user=0.01 sys=0.01, real=0.00 secs] 
467.015: [GC (Allocation Failure) [PSYoungGen: 59949K->1504K(60416K)] 353428K->294983K(636928K), 0.0022800 secs] [Times: user=0.00 sys=0.00, real=0.00 secs] 
467.258: [GC (Allocation Failure) [PSYoungGen: 59872K->1344K(60416K)] 353351K->294823K(636928K), 0.0021196 secs] [Times: user=0.01 sys=0.00, real=0.00 secs] 
467.501: [GC (Allocation Failure) [PSYoungGen: 59712K->1392K(60416K)] 353191K->294879K(636928K), 0.0019893 secs] [Times: user=0.01 sys=0.00, real=0.00 secs] 
467.744: [GC (Allocation Failure) [PSYoungGen: 59760K->1408K(60416K)] 353247K->294895K(636928K), 0.0017915 secs] [Times: user=0.01 sys=0.00, real=0.01 secs] 
467.986: [GC (Allocation Failure) [PSYoungGen: 59776K->1408K(60416K)] 353263K->294895K(636928K), 0.0018223 secs] [Times: user=0.01 sys=0.00, real=0.00 secs] 
468.317: [GC (Allocation Failure) [PSYoungGen: 59776K->1469K(60416K)] 353263K->294956K(636928K), 0.0014410 secs] [Times: user=0.01 sys=0.00, real=0.00 secs] 
468.668: [GC (Allocation Failure) [PSYoungGen: 59837K->1565K(60416K)] 353324K->295076K(636928K), 0.0014993 secs] [Times: user=0.01 sys=0.00, real=0.00 secs] 
469.010: [GC (Allocation Failure) [PSYoungGen: 59933K->1533K(60416K)] 353444K->295044K(636928K), 0.0014940 secs] [Times: user=0.00 sys=0.00, real=0.00 secs] 
469.352: [GC (Allocation Failure) [PSYoungGen: 59901K->1536K(60416K)] 353412K->295047K(636928K), 0.0015944 secs] [Times: user=0.01 sys=0.00, real=0.00 secs] 
469.700: [GC (Allocation Failure) [PSYoungGen: 59904K->1440K(60416K)] 353415K->294951K(636928K), 0.0017997 secs] [Times: user=0.01 sys=0.00, real=0.00 secs] 
469.942: [GC (Allocation Failure) [PSYoungGen: 59808K->1376K(60416K)] 353319K->294887K(636928K), 0.0017975 secs] [Times: user=0.01 sys=0.00, real=0.00 secs] 
470.254: [GC (Allocation Failure) [PSYoungGen: 59744K->1408K(60416K)] 353255K->294919K(636928K), 0.0017391 secs] [Times: user=0.01 sys=0.01, real=0.01 secs] 
470.712: [GC (Allocation Failure) [PSYoungGen: 59776K->1376K(60416K)] 353287K->294887K(636928K), 0.0020688 secs] [Times: user=0.01 sys=0.00, real=0.00 secs] 
471.184: [GC (Allocation Failure) [PSYoungGen: 59744K->1376K(60416K)] 353255K->294887K(636928K), 0.0020108 secs] [Times: user=0.01 sys=0.00, real=0.01 secs] 
471.710: [GC (Allocation Failure) [PSYoungGen: 59744K->1533K(60416K)] 353255K->295044K(636928K), 0.0017376 secs] [Times: user=0.01 sys=0.00, real=0.00 secs] 
472.053: [GC (Allocation Failure) [PSYoungGen: 59901K->1536K(60416K)] 353412K->295063K(636928K), 0.0016217 secs] [Times: user=0.01 sys=0.00, real=0.01 secs] 
472.398: [GC (Allocation Failure) [PSYoungGen: 59904K->1597K(60416K)] 353431K->295124K(636928K), 0.0015958 secs] [Times: user=0.00 sys=0.00, real=0.00 secs] 
472.738: [GC (Allocation Failure) [PSYoungGen: 59965K->1536K(60416K)] 353492K->295063K(636928K), 0.0014725 secs] [Times: user=0.00 sys=0.00, real=0.00 secs] 
473.621: [GC (Allocation Failure) [PSYoungGen: 59904K->1472K(60416K)] 353431K->295007K(636928K), 0.0029075 secs] [Times: user=0.01 sys=0.00, real=0.00 secs] 
473.945: [GC (Allocation Failure) [PSYoungGen: 59840K->1376K(60416K)] 353375K->294911K(636928K), 0.0020551 secs] [Times: user=0.01 sys=0.00, real=0.00 secs] 
474.315: [GC (Allocation Failure) [PSYoungGen: 59744K->1408K(60416K)] 353279K->294943K(636928K), 0.0021376 secs] [Times: user=0.01 sys=0.00, real=0.00 secs] 
474.724: [GC (Allocation Failure) [PSYoungGen: 59776K->1408K(60416K)] 353311K->294943K(636928K), 0.0031259 secs] [Times: user=0.01 sys=0.00, real=0.01 secs] 
475.140: [GC (Allocation Failure) [PSYoungGen: 59776K->1440K(60416K)] 353311K->294975K(636928K), 0.0025269 secs] [Times: user=0.01 sys=0.00, real=0.00 secs] 
475.607: [GC (Allocation Failure) [PSYoungGen: 59808K->1517K(60416K)] 353343K->295052K(636928K), 0.0014583 secs] [Times: user=0.00 sys=0.00, real=0.00 secs] 
475.948: [GC (Allocation Failure) [PSYoungGen: 59885K->1552K(60416K)] 353420K->295103K(636928K), 0.0014955 secs] [Times: user=0.01 sys=0.00, real=0.00 secs] 
476.290: [GC (Allocation Failure) [PSYoungGen: 59920K->1533K(60416K)] 353471K->295084K(636928K), 0.0014808 secs] [Times: user=0.00 sys=0.00, real=0.00 secs] 
476.631: [GC (Allocation Failure) [PSYoungGen: 59901K->1565K(60416K)] 353452K->295116K(636928K), 0.0015065 secs] [Times: user=0.01 sys=0.00, real=0.00 secs] 
477.121: [GC (Allocation Failure) [PSYoungGen: 59933K->1440K(60416K)] 353484K->295007K(636928K), 0.0018364 secs] [Times: user=0.01 sys=0.00, real=0.00 secs] 
477.391: [GC (Allocation Failure) [PSYoungGen: 59808K->1344K(60416K)] 353375K->294911K(636928K), 0.0018530 secs] [Times: user=0.00 sys=0.00, real=0.00 secs] 
477.634: [GC (Allocation Failure) [PSYoungGen: 59712K->1376K(60416K)] 353279K->294943K(636928K), 0.0025168 secs] [Times: user=0.01 sys=0.00, real=0.01 secs] 
478.002: [GC (Allocation Failure) [PSYoungGen: 59744K->1456K(60416K)] 353311K->295023K(636928K), 0.0033654 secs] [Times: user=0.02 sys=0.00, real=0.01 secs] 
478.485: [GC (Allocation Failure) [PSYoungGen: 59824K->1408K(60416K)] 353391K->294975K(636928K), 0.0027009 secs] [Times: user=0.01 sys=0.00, real=0.00 secs] 
479.019: [GC (Allocation Failure) [PSYoungGen: 59776K->1533K(60416K)] 353343K->295100K(636928K), 0.0014238 secs] [Times: user=0.01 sys=0.00, real=0.00 secs] 
479.422: [GC (Allocation Failure) [PSYoungGen: 59901K->1549K(60416K)] 353468K->295140K(636928K), 0.0014675 secs] [Times: user=0.01 sys=0.00, real=0.00 secs] 
479.763: [GC (Allocation Failure) [PSYoungGen: 59917K->1533K(60416K)] 353508K->295124K(636928K), 0.0015299 secs] [Times: user=0.01 sys=0.00, real=0.00 secs] 
480.103: [GC (Allocation Failure) [PSYoungGen: 59878K->1581K(60416K)] 353469K->295172K(636928K), 0.0014611 secs] [Times: user=0.00 sys=0.00, real=0.00 secs] 
480.424: [GC (Allocation Failure) [PSYoungGen: 59949K->1440K(60416K)] 353540K->295039K(636928K), 0.0024573 secs] [Times: user=0.01 sys=0.00, real=0.01 secs] 
480.667: [GC (Allocation Failure) [PSYoungGen: 59808K->1440K(60416K)] 353407K->295039K(636928K), 0.0020694 secs] [Times: user=0.01 sys=0.00, real=0.00 secs] 
480.943: [GC (Allocation Failure) [PSYoungGen: 59808K->1344K(60416K)] 353407K->294943K(636928K), 0.0018743 secs] [Times: user=0.01 sys=0.00, real=0.01 secs] 
481.230: [GC (Allocation Failure) [PSYoungGen: 59712K->1376K(60416K)] 353311K->294975K(636928K), 0.0017572 secs] [Times: user=0.00 sys=0.00, real=0.00 secs] 
481.575: [GC (Allocation Failure) [PSYoungGen: 59744K->1376K(60416K)] 353343K->294975K(636928K), 0.0019298 secs] [Times: user=0.01 sys=0.00, real=0.00 secs] 
481.943: [GC (Allocation Failure) [PSYoungGen: 59744K->1581K(60416K)] 353343K->295180K(636928K), 0.0015356 secs] [Times: user=0.00 sys=0.00, real=0.00 secs] 
482.286: [GC (Allocation Failure) [PSYoungGen: 59942K->1552K(60416K)] 353541K->295167K(636928K), 0.0015226 secs] [Times: user=0.01 sys=0.00, real=0.00 secs] 
482.628: [GC (Allocation Failure) [PSYoungGen: 59903K->1533K(60416K)] 353518K->295148K(636928K), 0.0015775 secs] [Times: user=0.01 sys=0.00, real=0.00 secs] 
482.968: [GC (Allocation Failure) [PSYoungGen: 59888K->1565K(60416K)] 353503K->295180K(636928K), 0.0014905 secs] [Times: user=0.00 sys=0.00, real=0.00 secs] 
483.533: [GC (Allocation Failure) [PSYoungGen: 59933K->1440K(60416K)] 353548K->295055K(636928K), 0.0019834 secs] [Times: user=0.00 sys=0.00, real=0.00 secs] 
484.116: [GC (Allocation Failure) [PSYoungGen: 59808K->1376K(60416K)] 353423K->294991K(636928K), 0.0022018 secs] [Times: user=0.01 sys=0.00, real=0.00 secs] 
484.721: [GC (Allocation Failure) [PSYoungGen: 59744K->1312K(60416K)] 353359K->294927K(636928K), 0.0025773 secs] [Times: user=0.01 sys=0.00, real=0.00 secs] 
485.289: [GC (Allocation Failure) [PSYoungGen: 59680K->1376K(60416K)] 353295K->294991K(636928K), 0.0025725 secs] [Times: user=0.01 sys=0.00, real=0.00 secs] 
485.729: [GC (Allocation Failure) [PSYoungGen: 59744K->1344K(60416K)] 353359K->294959K(636928K), 0.0025665 secs] [Times: user=0.01 sys=0.00, real=0.00 secs] 
486.217: [GC (Allocation Failure) [PSYoungGen: 59712K->1581K(60416K)] 353327K->295196K(636928K), 0.0014116 secs] [Times: user=0.01 sys=0.00, real=0.00 secs] 
486.558: [GC (Allocation Failure) [PSYoungGen: 59949K->1533K(60416K)] 353564K->295164K(636928K), 0.0014926 secs] [Times: user=0.01 sys=0.00, real=0.00 secs] 
486.899: [GC (Allocation Failure) [PSYoungGen: 59883K->1533K(60416K)] 353514K->295180K(636928K), 0.0015318 secs] [Times: user=0.00 sys=0.00, real=0.00 secs] 
487.243: [GC (Allocation Failure) [PSYoungGen: 59901K->1581K(60416K)] 353548K->295228K(636928K), 0.0014795 secs] [Times: user=0.01 sys=0.00, real=0.00 secs] 
487.636: [GC (Allocation Failure) [PSYoungGen: 59949K->1440K(60416K)] 353596K->295087K(636928K), 0.0018508 secs] [Times: user=0.00 sys=0.01, real=0.00 secs] 
487.878: [GC (Allocation Failure) [PSYoungGen: 59808K->1312K(60416K)] 353455K->294959K(636928K), 0.0020115 secs] [Times: user=0.00 sys=0.00, real=0.00 secs] 
488.121: [GC (Allocation Failure) [PSYoungGen: 59680K->1408K(60416K)] 353327K->295063K(636928K), 0.0017838 secs] [Times: user=0.01 sys=0.00, real=0.00 secs] 
488.363: [GC (Allocation Failure) [PSYoungGen: 59776K->1376K(60416K)] 353431K->295031K(636928K), 0.0018134 secs] [Times: user=0.01 sys=0.00, real=0.01 secs] 
488.605: [GC (Allocation Failure) [PSYoungGen: 59744K->1376K(60416K)] 353399K->295031K(636928K), 0.0017889 secs] [Times: user=0.01 sys=0.00, real=0.00 secs] 
488.949: [GC (Allocation Failure) [PSYoungGen: 59744K->1485K(60416K)] 353399K->295140K(636928K), 0.0022545 secs] [Times: user=0.00 sys=0.00, real=0.00 secs] 
489.298: [GC (Allocation Failure) [PSYoungGen: 59853K->1517K(60416K)] 353508K->295188K(636928K), 0.0014836 secs] [Times: user=0.00 sys=0.00, real=0.00 secs] 
489.640: [GC (Allocation Failure) [PSYoungGen: 59885K->1533K(60416K)] 353556K->295204K(636928K), 0.0014979 secs] [Times: user=0.00 sys=0.00, real=0.00 secs] 
489.981: [GC (Allocation Failure) [PSYoungGen: 59901K->1533K(60416K)] 353572K->295204K(636928K), 0.0014834 secs] [Times: user=0.01 sys=0.00, real=0.00 secs] 
490.275: [GC (Allocation Failure) [PSYoungGen: 59901K->1456K(60416K)] 353572K->295127K(636928K), 0.0017881 secs] [Times: user=0.00 sys=0.00, real=0.00 secs] 
490.517: [GC (Allocation Failure) [PSYoungGen: 59824K->1360K(60416K)] 353495K->295031K(636928K), 0.0018882 secs] [Times: user=0.00 sys=0.00, real=0.00 secs] 
490.931: [GC (Allocation Failure) [PSYoungGen: 59728K->1424K(60416K)] 353399K->295095K(636928K), 0.0019316 secs] [Times: user=0.00 sys=0.01, real=0.00 secs] 
491.362: [GC (Allocation Failure) [PSYoungGen: 59792K->1408K(60416K)] 353463K->295079K(636928K), 0.0018500 secs] [Times: user=0.01 sys=0.00, real=0.00 secs] 
491.823: [GC (Allocation Failure) [PSYoungGen: 59776K->1376K(60416K)] 353447K->295047K(636928K), 0.0031623 secs] [Times: user=0.01 sys=0.00, real=0.01 secs] 
492.392: [GC (Allocation Failure) [PSYoungGen: 59744K->1501K(60416K)] 353415K->295172K(636928K), 0.0014611 secs] [Times: user=0.01 sys=0.00, real=0.00 secs] 
492.732: [GC (Allocation Failure) [PSYoungGen: 59869K->1597K(60416K)] 353540K->295284K(636928K), 0.0014811 secs] [Times: user=0.01 sys=0.00, real=0.00 secs] 
493.071: [GC (Allocation Failure) [PSYoungGen: 59949K->1584K(60416K)] 353637K->295279K(636928K), 0.0014275 secs] [Times: user=0.01 sys=0.00, real=0.00 secs] 
493.412: [GC (Allocation Failure) [PSYoungGen: 59952K->1552K(60416K)] 353647K->295247K(636928K), 0.0014698 secs] [Times: user=0.00 sys=0.00, real=0.00 secs] 
493.801: [GC (Allocation Failure) [PSYoungGen: 59920K->1456K(60416K)] 353615K->295151K(636928K), 0.0032106 secs] [Times: user=0.01 sys=0.00, real=0.00 secs] 
494.047: [GC (Allocation Failure) [PSYoungGen: 59824K->1376K(60416K)] 353519K->295071K(636928K), 0.0019678 secs] [Times: user=0.01 sys=0.00, real=0.00 secs] 
494.289: [GC (Allocation Failure) [PSYoungGen: 59744K->1376K(60416K)] 353439K->295079K(636928K), 0.0018827 secs] [Times: user=0.01 sys=0.00, real=0.00 secs] 
494.781: [GC (Allocation Failure) [PSYoungGen: 59744K->1408K(60416K)] 353447K->295119K(636928K), 0.0019805 secs] [Times: user=0.01 sys=0.00, real=0.00 secs] 
495.298: [GC (Allocation Failure) [PSYoungGen: 59776K->1376K(60416K)] 353487K->295087K(636928K), 0.0017657 secs] [Times: user=0.01 sys=0.00, real=0.00 secs] 
495.763: [GC (Allocation Failure) [PSYoungGen: 59744K->1501K(60416K)] 353455K->295212K(636928K), 0.0015216 secs] [Times: user=0.01 sys=0.00, real=0.01 secs] 
496.104: [GC (Allocation Failure) [PSYoungGen: 59869K->1565K(60416K)] 353580K->295292K(636928K), 0.0014904 secs] [Times: user=0.01 sys=0.00, real=0.01 secs] 
496.509: [GC (Allocation Failure) [PSYoungGen: 59921K->1581K(60416K)] 353648K->295332K(636928K), 0.0015111 secs] [Times: user=0.01 sys=0.00, real=0.00 secs] 
496.850: [GC (Allocation Failure) [PSYoungGen: 59949K->1549K(60416K)] 353700K->295300K(636928K), 0.0015021 secs] [Times: user=0.00 sys=0.00, real=0.00 secs] 
497.289: [GC (Allocation Failure) [PSYoungGen: 59917K->1408K(60416K)] 353668K->295159K(636928K), 0.0026425 secs] [Times: user=0.01 sys=0.00, real=0.00 secs] 
497.699: [GC (Allocation Failure) [PSYoungGen: 59776K->1344K(60416K)] 353527K->295095K(636928K), 0.0020322 secs] [Times: user=0.01 sys=0.00, real=0.00 secs] 
497.949: [GC (Allocation Failure) [PSYoungGen: 59712K->1344K(60416K)] 353463K->295095K(636928K), 0.0019022 secs] [Times: user=0.01 sys=0.00, real=0.00 secs] 
498.347: [GC (Allocation Failure) [PSYoungGen: 59712K->1408K(60416K)] 353463K->295159K(636928K), 0.0019789 secs] [Times: user=0.01 sys=0.00, real=0.00 secs] 
498.740: [GC (Allocation Failure) [PSYoungGen: 59776K->1344K(60416K)] 353527K->295095K(636928K), 0.0020443 secs] [Times: user=0.01 sys=0.00, real=0.00 secs] 
499.114: [GC (Allocation Failure) [PSYoungGen: 59712K->1533K(60416K)] 353463K->295284K(636928K), 0.0014974 secs] [Times: user=0.01 sys=0.00, real=0.01 secs] 
499.463: [GC (Allocation Failure) [PSYoungGen: 59901K->1597K(60416K)] 353652K->295364K(636928K), 0.0016440 secs] [Times: user=0.00 sys=0.00, real=0.01 secs] 
499.805: [GC (Allocation Failure) [PSYoungGen: 59965K->1565K(60416K)] 353732K->295332K(636928K), 0.0014721 secs] [Times: user=0.01 sys=0.00, real=0.00 secs] 
500.149: [GC (Allocation Failure) [PSYoungGen: 59933K->1597K(60416K)] 353700K->295364K(636928K), 0.0014303 secs] [Times: user=0.01 sys=0.00, real=0.00 secs] 
500.661: [GC (Allocation Failure) [PSYoungGen: 59965K->1472K(60416K)] 353732K->295247K(636928K), 0.0017769 secs] [Times: user=0.00 sys=0.00, real=0.00 secs] 
501.160: [GC (Allocation Failure) [PSYoungGen: 59840K->1376K(60416K)] 353615K->295151K(636928K), 0.0019282 secs] [Times: user=0.01 sys=0.00, real=0.00 secs] 
501.534: [GC (Allocation Failure) [PSYoungGen: 59744K->1408K(60416K)] 353519K->295183K(636928K), 0.0019709 secs] [Times: user=0.00 sys=0.00, real=0.01 secs] 
502.129: [GC (Allocation Failure) [PSYoungGen: 59776K->1344K(60416K)] 353551K->295119K(636928K), 0.0046295 secs] [Times: user=0.01 sys=0.00, real=0.00 secs] 
502.837: [GC (Allocation Failure) [PSYoungGen: 59712K->1376K(60416K)] 353487K->295151K(636928K), 0.0037163 secs] [Times: user=0.01 sys=0.00, real=0.00 secs] 
503.406: [GC (Allocation Failure) [PSYoungGen: 59744K->1501K(60416K)] 353519K->295276K(636928K), 0.0014714 secs] [Times: user=0.01 sys=0.00, real=0.00 secs] 
503.747: [GC (Allocation Failure) [PSYoungGen: 59869K->1533K(60416K)] 353644K->295324K(636928K), 0.0014962 secs] [Times: user=0.01 sys=0.00, real=0.00 secs] 
504.087: [GC (Allocation Failure) [PSYoungGen: 59889K->1549K(60416K)] 353680K->295340K(636928K), 0.0014726 secs] [Times: user=0.01 sys=0.00, real=0.00 secs] 
504.429: [GC (Allocation Failure) [PSYoungGen: 59902K->1597K(60416K)] 353693K->295388K(636928K), 0.0014703 secs] [Times: user=0.00 sys=0.00, real=0.00 secs] 
504.900: [GC (Allocation Failure) [PSYoungGen: 59965K->1424K(60416K)] 353756K->295215K(636928K), 0.0019683 secs] [Times: user=0.00 sys=0.00, real=0.00 secs] 
505.152: [GC (Allocation Failure) [PSYoungGen: 59792K->1376K(60416K)] 353583K->295167K(636928K), 0.0019197 secs] [Times: user=0.01 sys=0.00, real=0.00 secs] 
505.409: [GC (Allocation Failure) [PSYoungGen: 59744K->1392K(60416K)] 353535K->295183K(636928K), 0.0017726 secs] [Times: user=0.01 sys=0.00, real=0.00 secs] 
505.736: [GC (Allocation Failure) [PSYoungGen: 59760K->1408K(60416K)] 353551K->295199K(636928K), 0.0019387 secs] [Times: user=0.00 sys=0.00, real=0.00 secs] 
505.990: [GC (Allocation Failure) [PSYoungGen: 59776K->1360K(60416K)] 353567K->295151K(636928K), 0.0019358 secs] [Times: user=0.01 sys=0.00, real=0.00 secs] 
506.352: [GC (Allocation Failure) [PSYoungGen: 59728K->1501K(60416K)] 353519K->295292K(636928K), 0.0014449 secs] [Times: user=0.01 sys=0.00, real=0.00 secs] 
506.692: [GC (Allocation Failure) [PSYoungGen: 59840K->1613K(60416K)] 353631K->295428K(636928K), 0.0014684 secs] [Times: user=0.01 sys=0.00, real=0.00 secs] 
507.033: [GC (Allocation Failure) [PSYoungGen: 59981K->1536K(60416K)] 353796K->295351K(636928K), 0.0016508 secs] [Times: user=0.00 sys=0.00, real=0.00 secs] 
507.376: [GC (Allocation Failure) [PSYoungGen: 59904K->1565K(60416K)] 353719K->295380K(636928K), 0.0014897 secs] [Times: user=0.01 sys=0.00, real=0.00 secs] 
508.076: [GC (Allocation Failure) [PSYoungGen: 59933K->1408K(60416K)] 353748K->295223K(636928K), 0.0019459 secs] [Times: user=0.01 sys=0.00, real=0.00 secs] 
508.866: [GC (Allocation Failure) [PSYoungGen: 59776K->1376K(60416K)] 353591K->295191K(636928K), 0.0024160 secs] [Times: user=0.01 sys=0.00, real=0.00 secs] 
509.481: [GC (Allocation Failure) [PSYoungGen: 59744K->1408K(60416K)] 353559K->295223K(636928K), 0.0129112 secs] [Times: user=0.04 sys=0.00, real=0.01 secs] 
509.735: [GC (Allocation Failure) [PSYoungGen: 59776K->1408K(60416K)] 353591K->295223K(636928K), 0.0018801 secs] [Times: user=0.00 sys=0.00, real=0.01 secs] 
509.977: [GC (Allocation Failure) [PSYoungGen: 59776K->1376K(60416K)] 353591K->295191K(636928K), 0.0018615 secs] [Times: user=0.01 sys=0.00, real=0.00 secs] 
510.374: [GC (Allocation Failure) [PSYoungGen: 59744K->1549K(60416K)] 353559K->295364K(636928K), 0.0014843 secs] [Times: user=0.00 sys=0.00, real=0.01 secs] 
510.714: [GC (Allocation Failure) [PSYoungGen: 59917K->1613K(60416K)] 353732K->295444K(636928K), 0.0014743 secs] [Times: user=0.00 sys=0.00, real=0.01 secs] 
511.056: [GC (Allocation Failure) [PSYoungGen: 59981K->1568K(60416K)] 353812K->295399K(636928K), 0.0015074 secs] [Times: user=0.01 sys=0.00, real=0.00 secs] 
511.398: [GC (Allocation Failure) [PSYoungGen: 59936K->1549K(60416K)] 353767K->295380K(636928K), 0.0014938 secs] [Times: user=0.00 sys=0.00, real=0.00 secs] 
511.973: [GC (Allocation Failure) [PSYoungGen: 59917K->1376K(60416K)] 353748K->295207K(636928K), 0.0028445 secs] [Times: user=0.02 sys=0.00, real=0.01 secs] 
512.532: [GC (Allocation Failure) [PSYoungGen: 59744K->1376K(60416K)] 353575K->295207K(636928K), 0.0030964 secs] [Times: user=0.01 sys=0.00, real=0.01 secs] 
512.767: [GC (Allocation Failure) [PSYoungGen: 59744K->1344K(60416K)] 353575K->295175K(636928K), 0.0026090 secs] [Times: user=0.01 sys=0.00, real=0.00 secs] 
513.010: [GC (Allocation Failure) [PSYoungGen: 59712K->1376K(60416K)] 353543K->295207K(636928K), 0.0018625 secs] [Times: user=0.01 sys=0.00, real=0.00 secs] 
513.253: [GC (Allocation Failure) [PSYoungGen: 59744K->1376K(60416K)] 353575K->295207K(636928K), 0.0019203 secs] [Times: user=0.01 sys=0.00, real=0.00 secs] 
513.605: [GC (Allocation Failure) [PSYoungGen: 59744K->1517K(60416K)] 353575K->295348K(636928K), 0.0014658 secs] [Times: user=0.01 sys=0.00, real=0.00 secs] 
513.946: [GC (Allocation Failure) [PSYoungGen: 59885K->1565K(60416K)] 353716K->295412K(636928K), 0.0015531 secs] [Times: user=0.00 sys=0.00, real=0.00 secs] 
514.286: [GC (Allocation Failure) [PSYoungGen: 59919K->1613K(60416K)] 353766K->295460K(636928K), 0.0014415 secs] [Times: user=0.00 sys=0.00, real=0.00 secs] 
514.626: [GC (Allocation Failure) [PSYoungGen: 59981K->1533K(60416K)] 353828K->295380K(636928K), 0.0014675 secs] [Times: user=0.01 sys=0.00, real=0.00 secs] 
514.942: [GC (Allocation Failure) [PSYoungGen: 59901K->1472K(60416K)] 353748K->295319K(636928K), 0.0018380 secs] [Times: user=0.00 sys=0.00, real=0.00 secs] 
515.185: [GC (Allocation Failure) [PSYoungGen: 59840K->1424K(60416K)] 353687K->295271K(636928K), 0.0018055 secs] [Times: user=0.01 sys=0.00, real=0.00 secs] 
515.427: [GC (Allocation Failure) [PSYoungGen: 59792K->1376K(60416K)] 353639K->295223K(636928K), 0.0019599 secs] [Times: user=0.01 sys=0.00, real=0.00 secs] 
515.669: [GC (Allocation Failure) [PSYoungGen: 59744K->1424K(60416K)] 353591K->295279K(636928K), 0.0018255 secs] [Times: user=0.01 sys=0.00, real=0.00 secs] 
515.911: [GC (Allocation Failure) [PSYoungGen: 59792K->1376K(60416K)] 353647K->295231K(636928K), 0.0017483 secs] [Times: user=0.01 sys=0.00, real=0.00 secs] 
516.254: [GC (Allocation Failure) [PSYoungGen: 59744K->1549K(60416K)] 353599K->295404K(636928K), 0.0014850 secs] [Times: user=0.00 sys=0.00, real=0.01 secs] 
516.594: [GC (Allocation Failure) [PSYoungGen: 59917K->1581K(60416K)] 353772K->295460K(636928K), 0.0014901 secs] [Times: user=0.00 sys=0.00, real=0.01 secs] 
516.934: [GC (Allocation Failure) [PSYoungGen: 59936K->1565K(60416K)] 353815K->295444K(636928K), 0.0014740 secs] [Times: user=0.01 sys=0.00, real=0.01 secs] 
517.279: [GC (Allocation Failure) [PSYoungGen: 59933K->1549K(60416K)] 353812K->295428K(636928K), 0.0014564 secs] [Times: user=0.00 sys=0.00, real=0.00 secs] 
518.138: [GC (Allocation Failure) [PSYoungGen: 59917K->1472K(60416K)] 353796K->295351K(636928K), 0.0020050 secs] [Times: user=0.00 sys=0.00, real=0.00 secs] 
518.939: [GC (Allocation Failure) [PSYoungGen: 59840K->1344K(60416K)] 353719K->295223K(636928K), 0.0026113 secs] [Times: user=0.01 sys=0.00, real=0.00 secs] 
519.481: [GC (Allocation Failure) [PSYoungGen: 59712K->1376K(60416K)] 353591K->295255K(636928K), 0.0024363 secs] [Times: user=0.01 sys=0.00, real=0.00 secs] 
520.156: [GC (Allocation Failure) [PSYoungGen: 59744K->1408K(60416K)] 353623K->295287K(636928K), 0.0038039 secs] [Times: user=0.01 sys=0.00, real=0.00 secs] 
520.852: [GC (Allocation Failure) [PSYoungGen: 59776K->1376K(60416K)] 353655K->295255K(636928K), 0.0031187 secs] [Times: user=0.02 sys=0.00, real=0.01 secs] 
521.608: [GC (Allocation Failure) [PSYoungGen: 59744K->1581K(60416K)] 353623K->295460K(636928K), 0.0017516 secs] [Times: user=0.00 sys=0.00, real=0.00 secs] 
521.947: [GC (Allocation Failure) [PSYoungGen: 59932K->1533K(60416K)] 353811K->295428K(636928K), 0.0015102 secs] [Times: user=0.00 sys=0.00, real=0.00 secs] 
522.344: [GC (Allocation Failure) [PSYoungGen: 59889K->1581K(60416K)] 353784K->295476K(636928K), 0.0014541 secs] [Times: user=0.01 sys=0.00, real=0.01 secs] 
522.689: [GC (Allocation Failure) [PSYoungGen: 59937K->1565K(60416K)] 353832K->295460K(636928K), 0.0014353 secs] [Times: user=0.01 sys=0.00, real=0.00 secs] 
523.594: [GC (Allocation Failure) [PSYoungGen: 59933K->1456K(60416K)] 353828K->295351K(636928K), 0.0032936 secs] [Times: user=0.01 sys=0.00, real=0.01 secs] 
524.173: [GC (Allocation Failure) [PSYoungGen: 59824K->1312K(60416K)] 353719K->295207K(636928K), 0.0018629 secs] [Times: user=0.01 sys=0.00, real=0.00 secs] 
524.959: [GC (Allocation Failure) [PSYoungGen: 59680K->1376K(60416K)] 353575K->295271K(636928K), 0.0025543 secs] [Times: user=0.01 sys=0.00, real=0.00 secs] 
525.841: [GC (Allocation Failure) [PSYoungGen: 59744K->1344K(60416K)] 353639K->295239K(636928K), 0.0031001 secs] [Times: user=0.01 sys=0.00, real=0.00 secs] 
526.648: [GC (Allocation Failure) [PSYoungGen: 59712K->1376K(60416K)] 353607K->295271K(636928K), 0.0031509 secs] [Times: user=0.01 sys=0.00, real=0.00 secs] 
527.430: [GC (Allocation Failure) [PSYoungGen: 59744K->1533K(60416K)] 353639K->295428K(636928K), 0.0014905 secs] [Times: user=0.00 sys=0.00, real=0.00 secs] 
527.774: [GC (Allocation Failure) [PSYoungGen: 59901K->1533K(60416K)] 353796K->295452K(636928K), 0.0015214 secs] [Times: user=0.00 sys=0.00, real=0.01 secs] 
528.115: [GC (Allocation Failure) [PSYoungGen: 59901K->1581K(60416K)] 353820K->295500K(636928K), 0.0015657 secs] [Times: user=0.00 sys=0.00, real=0.00 secs] 
528.455: [GC (Allocation Failure) [PSYoungGen: 59935K->1613K(60416K)] 353854K->295532K(636928K), 0.0014990 secs] [Times: user=0.00 sys=0.00, real=0.00 secs] 
528.729: [GC (Allocation Failure) [PSYoungGen: 59981K->1440K(60416K)] 353900K->295359K(636928K), 0.0015072 secs] [Times: user=0.01 sys=0.00, real=0.00 secs] 
528.970: [GC (Allocation Failure) [PSYoungGen: 59808K->1424K(60416K)] 353727K->295367K(636928K), 0.0015315 secs] [Times: user=0.01 sys=0.00, real=0.00 secs] 
529.212: [GC (Allocation Failure) [PSYoungGen: 59792K->1408K(60416K)] 353735K->295351K(636928K), 0.0018993 secs] [Times: user=0.01 sys=0.00, real=0.00 secs] 
529.455: [GC (Allocation Failure) [PSYoungGen: 59776K->1408K(60416K)] 353719K->295351K(636928K), 0.0021351 secs] [Times: user=0.01 sys=0.00, real=0.00 secs] 
529.862: [GC (Allocation Failure) [PSYoungGen: 59776K->1424K(60416K)] 353719K->295367K(636928K), 0.0034759 secs] [Times: user=0.01 sys=0.00, real=0.01 secs] 
530.386: [GC (Allocation Failure) [PSYoungGen: 59792K->1501K(60416K)] 353735K->295444K(636928K), 0.0015089 secs] [Times: user=0.00 sys=0.00, real=0.00 secs] 
530.725: [GC (Allocation Failure) [PSYoungGen: 59869K->1581K(60416K)] 353812K->295540K(636928K), 0.0015684 secs] [Times: user=0.01 sys=0.00, real=0.00 secs] 
531.066: [GC (Allocation Failure) [PSYoungGen: 59949K->1581K(60416K)] 353908K->295540K(636928K), 0.0015545 secs] [Times: user=0.01 sys=0.00, real=0.00 secs] 
531.468: [GC (Allocation Failure) [PSYoungGen: 59949K->1629K(60416K)] 353908K->295588K(636928K), 0.0015211 secs] [Times: user=0.00 sys=0.00, real=0.00 secs] 
531.963: [GC (Allocation Failure) [PSYoungGen: 59997K->1472K(60416K)] 353956K->295431K(636928K), 0.0035207 secs] [Times: user=0.02 sys=0.00, real=0.01 secs] 
532.428: [GC (Allocation Failure) [PSYoungGen: 59840K->1344K(60416K)] 353799K->295303K(636928K), 0.0023794 secs] [Times: user=0.00 sys=0.00, real=0.00 secs] 
532.703: [GC (Allocation Failure) [PSYoungGen: 59712K->1344K(60416K)] 353671K->295303K(636928K), 0.0019393 secs] [Times: user=0.01 sys=0.00, real=0.01 secs] 
532.946: [GC (Allocation Failure) [PSYoungGen: 59712K->1344K(60416K)] 353671K->295303K(636928K), 0.0019168 secs] [Times: user=0.00 sys=0.00, real=0.00 secs] 
533.188: [GC (Allocation Failure) [PSYoungGen: 59712K->1344K(60416K)] 353671K->295303K(636928K), 0.0018479 secs] [Times: user=0.01 sys=0.00, real=0.00 secs] 
533.530: [GC (Allocation Failure) [PSYoungGen: 59712K->1501K(60416K)] 353671K->295460K(636928K), 0.0014918 secs] [Times: user=0.01 sys=0.00, real=0.00 secs] 
533.869: [GC (Allocation Failure) [PSYoungGen: 59869K->1581K(60416K)] 353828K->295556K(636928K), 0.0015112 secs] [Times: user=0.01 sys=0.00, real=0.00 secs] 
534.274: [GC (Allocation Failure) [PSYoungGen: 59949K->1520K(60416K)] 353924K->295495K(636928K), 0.0016393 secs] [Times: user=0.01 sys=0.00, real=0.01 secs] 
534.678: [GC (Allocation Failure) [PSYoungGen: 59888K->1549K(60416K)] 353863K->295524K(636928K), 0.0015400 secs] [Times: user=0.00 sys=0.00, real=0.00 secs] 
535.051: [GC (Allocation Failure) [PSYoungGen: 59917K->1440K(60416K)] 353892K->295415K(636928K), 0.0021273 secs] [Times: user=0.00 sys=0.00, real=0.00 secs] 
535.294: [GC (Allocation Failure) [PSYoungGen: 59808K->1376K(60416K)] 353783K->295351K(636928K), 0.0019367 secs] [Times: user=0.01 sys=0.00, real=0.01 secs] 
535.536: [GC (Allocation Failure) [PSYoungGen: 59744K->1440K(60416K)] 353719K->295415K(636928K), 0.0019145 secs] [Times: user=0.01 sys=0.00, real=0.00 secs] 
535.812: [GC (Allocation Failure) [PSYoungGen: 59808K->1408K(60416K)] 353783K->295399K(636928K), 0.0018772 secs] [Times: user=0.01 sys=0.00, real=0.00 secs] 
536.075: [GC (Allocation Failure) [PSYoungGen: 59776K->1344K(60416K)] 353767K->295335K(636928K), 0.0018712 secs] [Times: user=0.00 sys=0.00, real=0.00 secs] 
536.455: [GC (Allocation Failure) [PSYoungGen: 59712K->1565K(60416K)] 353703K->295556K(636928K), 0.0014828 secs] [Times: user=0.01 sys=0.00, real=0.00 secs] 
536.796: [GC (Allocation Failure) [PSYoungGen: 59933K->1517K(60416K)] 353924K->295532K(636928K), 0.0014684 secs] [Times: user=0.00 sys=0.00, real=0.00 secs] 
537.196: [GC (Allocation Failure) [PSYoungGen: 59865K->1504K(60416K)] 353880K->295519K(636928K), 0.0015147 secs] [Times: user=0.01 sys=0.00, real=0.00 secs] 
537.601: [GC (Allocation Failure) [PSYoungGen: 59872K->1565K(60416K)] 353887K->295580K(636928K), 0.0014894 secs] [Times: user=0.00 sys=0.00, real=0.00 secs] 
538.093: [GC (Allocation Failure) [PSYoungGen: 59933K->1440K(60416K)] 353948K->295455K(636928K), 0.0027518 secs] [Times: user=0.01 sys=0.00, real=0.01 secs] 
538.631: [GC (Allocation Failure) [PSYoungGen: 59808K->1408K(60416K)] 353823K->295423K(636928K), 0.0032051 secs] [Times: user=0.01 sys=0.00, real=0.00 secs] 
539.132: [GC (Allocation Failure) [PSYoungGen: 59776K->1344K(60416K)] 353791K->295359K(636928K), 0.0029701 secs] [Times: user=0.01 sys=0.00, real=0.00 secs] 
539.643: [GC (Allocation Failure) [PSYoungGen: 59712K->1376K(60416K)] 353727K->295391K(636928K), 0.0026245 secs] [Times: user=0.01 sys=0.00, real=0.01 secs] 
540.000: [GC (Allocation Failure) [PSYoungGen: 59744K->1376K(60416K)] 353759K->295391K(636928K), 0.0017665 secs] [Times: user=0.00 sys=0.00, real=0.00 secs] 
540.382: [GC (Allocation Failure) [PSYoungGen: 59731K->1533K(60416K)] 353746K->295548K(636928K), 0.0015360 secs] [Times: user=0.01 sys=0.00, real=0.00 secs] 
540.786: [GC (Allocation Failure) [PSYoungGen: 59901K->1581K(60416K)] 353916K->295620K(636928K), 0.0015647 secs] [Times: user=0.01 sys=0.00, real=0.00 secs] 
541.129: [GC (Allocation Failure) [PSYoungGen: 59949K->1597K(60416K)] 353988K->295636K(636928K), 0.0015146 secs] [Times: user=0.00 sys=0.00, real=0.00 secs] 
541.532: [GC (Allocation Failure) [PSYoungGen: 59965K->1536K(60416K)] 354004K->295575K(636928K), 0.0015481 secs] [Times: user=0.01 sys=0.00, real=0.00 secs] 
542.056: [GC (Allocation Failure) [PSYoungGen: 59904K->1440K(60416K)] 353943K->295479K(636928K), 0.0029445 secs] [Times: user=0.01 sys=0.00, real=0.00 secs] 
542.547: [GC (Allocation Failure) [PSYoungGen: 59808K->1376K(60416K)] 353847K->295415K(636928K), 0.0027555 secs] [Times: user=0.01 sys=0.00, real=0.00 secs] 
543.062: [GC (Allocation Failure) [PSYoungGen: 59744K->1408K(60416K)] 353783K->295447K(636928K), 0.0020070 secs] [Times: user=0.01 sys=0.00, real=0.00 secs] 
543.524: [GC (Allocation Failure) [PSYoungGen: 59776K->1392K(60416K)] 353815K->295431K(636928K), 0.0030673 secs] [Times: user=0.01 sys=0.00, real=0.01 secs] 
543.829: [GC (Allocation Failure) [PSYoungGen: 59760K->1344K(60416K)] 353799K->295383K(636928K), 0.0020259 secs] [Times: user=0.00 sys=0.00, real=0.00 secs] 
544.185: [GC (Allocation Failure) [PSYoungGen: 59711K->1485K(60416K)] 353750K->295524K(636928K), 0.0014866 secs] [Times: user=0.01 sys=0.00, real=0.00 secs] 
544.525: [GC (Allocation Failure) [PSYoungGen: 59853K->1565K(60416K)] 353892K->295620K(636928K), 0.0014819 secs] [Times: user=0.01 sys=0.00, real=0.00 secs] 
544.866: [GC (Allocation Failure) [PSYoungGen: 59917K->1581K(60416K)] 353972K->295636K(636928K), 0.0014937 secs] [Times: user=0.00 sys=0.00, real=0.00 secs] 
545.206: [GC (Allocation Failure) [PSYoungGen: 59949K->1565K(60416K)] 354004K->295620K(636928K), 0.0016458 secs] [Times: user=0.01 sys=0.00, real=0.00 secs] 
545.556: [GC (Allocation Failure) [PSYoungGen: 59933K->1440K(60416K)] 353988K->295495K(636928K), 0.0017197 secs] [Times: user=0.00 sys=0.00, real=0.00 secs] 
545.798: [GC (Allocation Failure) [PSYoungGen: 59808K->1376K(60416K)] 353863K->295431K(636928K), 0.0016986 secs] [Times: user=0.00 sys=0.00, real=0.00 secs] 
546.101: [GC (Allocation Failure) [PSYoungGen: 59744K->1376K(60416K)] 353799K->295431K(636928K), 0.0018826 secs] [Times: user=0.01 sys=0.01, real=0.00 secs] 
546.351: [GC (Allocation Failure) [PSYoungGen: 59744K->1376K(60416K)] 353799K->295447K(636928K), 0.0018912 secs] [Times: user=0.01 sys=0.00, real=0.00 secs] 
546.630: [GC (Allocation Failure) [PSYoungGen: 59744K->1344K(60416K)] 353815K->295415K(636928K), 0.0018786 secs] [Times: user=0.00 sys=0.00, real=0.00 secs] 
546.998: [GC (Allocation Failure) [PSYoungGen: 59695K->1536K(60416K)] 353766K->295607K(636928K), 0.0014886 secs] [Times: user=0.01 sys=0.00, real=0.00 secs] 
547.338: [GC (Allocation Failure) [PSYoungGen: 59904K->1565K(60416K)] 353975K->295652K(636928K), 0.0014976 secs] [Times: user=0.00 sys=0.00, real=0.00 secs] 
547.681: [GC (Allocation Failure) [PSYoungGen: 59919K->1581K(60416K)] 354006K->295668K(636928K), 0.0014749 secs] [Times: user=0.00 sys=0.00, real=0.00 secs] 
548.025: [GC (Allocation Failure) [PSYoungGen: 59949K->1565K(60416K)] 354036K->295652K(636928K), 0.0014672 secs] [Times: user=0.00 sys=0.00, real=0.00 secs] 
548.327: [GC (Allocation Failure) [PSYoungGen: 59933K->1408K(60416K)] 354020K->295495K(636928K), 0.0015970 secs] [Times: user=0.01 sys=0.00, real=0.00 secs] 
548.657: [GC (Allocation Failure) [PSYoungGen: 59776K->1408K(60416K)] 353863K->295495K(636928K), 0.0016142 secs] [Times: user=0.01 sys=0.00, real=0.00 secs] 
549.172: [GC (Allocation Failure) [PSYoungGen: 59776K->1344K(60416K)] 353863K->295431K(636928K), 0.0016735 secs] [Times: user=0.01 sys=0.00, real=0.00 secs] 
549.645: [GC (Allocation Failure) [PSYoungGen: 59712K->1376K(60416K)] 353799K->295463K(636928K), 0.0016691 secs] [Times: user=0.01 sys=0.00, real=0.00 secs] 
550.125: [GC (Allocation Failure) [PSYoungGen: 59744K->1376K(60416K)] 353831K->295463K(636928K), 0.0018391 secs] [Times: user=0.01 sys=0.00, real=0.00 secs] 
550.515: [GC (Allocation Failure) [PSYoungGen: 59744K->1517K(60416K)] 353831K->295604K(636928K), 0.0014403 secs] [Times: user=0.00 sys=0.00, real=0.00 secs] 
550.861: [GC (Allocation Failure) [PSYoungGen: 59885K->1565K(60416K)] 353972K->295668K(636928K), 0.0014633 secs] [Times: user=0.01 sys=0.00, real=0.00 secs] 
551.203: [GC (Allocation Failure) [PSYoungGen: 59933K->1533K(60416K)] 354036K->295636K(636928K), 0.0014791 secs] [Times: user=0.01 sys=0.00, real=0.00 secs] 
551.544: [GC (Allocation Failure) [PSYoungGen: 59901K->1629K(60416K)] 354004K->295732K(636928K), 0.0014721 secs] [Times: user=0.00 sys=0.00, real=0.01 secs] 
551.830: [GC (Allocation Failure) [PSYoungGen: 59997K->1472K(60416K)] 354100K->295575K(636928K), 0.0017595 secs] [Times: user=0.01 sys=0.00, real=0.00 secs] 
552.073: [GC (Allocation Failure) [PSYoungGen: 59840K->1408K(60416K)] 353943K->295511K(636928K), 0.0017085 secs] [Times: user=0.01 sys=0.00, real=0.00 secs] 
552.315: [GC (Allocation Failure) [PSYoungGen: 59776K->1376K(60416K)] 353879K->295479K(636928K), 0.0017615 secs] [Times: user=0.01 sys=0.00, real=0.00 secs] 
552.617: [GC (Allocation Failure) [PSYoungGen: 59744K->1440K(60416K)] 353847K->295543K(636928K), 0.0026157 secs] [Times: user=0.01 sys=0.00, real=0.00 secs] 
553.192: [GC (Allocation Failure) [PSYoungGen: 59808K->1408K(60416K)] 353911K->295511K(636928K), 0.0031325 secs] [Times: user=0.01 sys=0.00, real=0.01 secs] 
553.694: [GC (Allocation Failure) [PSYoungGen: 59776K->1533K(60416K)] 353879K->295636K(636928K), 0.0014691 secs] [Times: user=0.00 sys=0.00, real=0.01 secs] 
554.034: [GC (Allocation Failure) [PSYoungGen: 59901K->1533K(60416K)] 354004K->295652K(636928K), 0.0015030 secs] [Times: user=0.01 sys=0.00, real=0.01 secs] 
554.378: [GC (Allocation Failure) [PSYoungGen: 59901K->1549K(60416K)] 354020K->295668K(636928K), 0.0014960 secs] [Times: user=0.00 sys=0.00, real=0.00 secs] 
554.721: [GC (Allocation Failure) [PSYoungGen: 59917K->1549K(60416K)] 354036K->295668K(636928K), 0.0014992 secs] [Times: user=0.01 sys=0.00, real=0.00 secs] 
555.533: [GC (Allocation Failure) [PSYoungGen: 59917K->1440K(60416K)] 354036K->295559K(636928K), 0.0036569 secs] [Times: user=0.02 sys=0.00, real=0.01 secs] 
556.419: [GC (Allocation Failure) [PSYoungGen: 59808K->1376K(60416K)] 353927K->295495K(636928K), 0.0041915 secs] [Times: user=0.02 sys=0.00, real=0.00 secs] 
556.956: [GC (Allocation Failure) [PSYoungGen: 59744K->1376K(60416K)] 353863K->295503K(636928K), 0.0026515 secs] [Times: user=0.01 sys=0.00, real=0.00 secs] 
557.192: [GC (Allocation Failure) [PSYoungGen: 59744K->1440K(60416K)] 353871K->295567K(636928K), 0.0020699 secs] [Times: user=0.01 sys=0.00, real=0.00 secs] 
557.435: [GC (Allocation Failure) [PSYoungGen: 59808K->1376K(60416K)] 353935K->295503K(636928K), 0.0018933 secs] [Times: user=0.01 sys=0.00, real=0.00 secs] 
557.810: [GC (Allocation Failure) [PSYoungGen: 59744K->1565K(60416K)] 353871K->295692K(636928K), 0.0015321 secs] [Times: user=0.01 sys=0.00, real=0.00 secs] 
558.149: [GC (Allocation Failure) [PSYoungGen: 59933K->1613K(60416K)] 354060K->295772K(636928K), 0.0014959 secs] [Times: user=0.01 sys=0.00, real=0.00 secs] 
558.494: [GC (Allocation Failure) [PSYoungGen: 59981K->1565K(60416K)] 354140K->295724K(636928K), 0.0014741 secs] [Times: user=0.00 sys=0.00, real=0.01 secs] 
558.901: [GC (Allocation Failure) [PSYoungGen: 59919K->1597K(60416K)] 354078K->295756K(636928K), 0.0015287 secs] [Times: user=0.01 sys=0.00, real=0.00 secs] 
559.859: [GC (Allocation Failure) [PSYoungGen: 59965K->1392K(60416K)] 354124K->295551K(636928K), 0.0033532 secs] [Times: user=0.01 sys=0.00, real=0.00 secs] 
560.931: [GC (Allocation Failure) [PSYoungGen: 59760K->1408K(60416K)] 353919K->295567K(636928K), 0.0038454 secs] [Times: user=0.02 sys=0.00, real=0.01 secs] 
561.772: [GC (Allocation Failure) [PSYoungGen: 59776K->1344K(60416K)] 353935K->295503K(636928K), 0.0029918 secs] [Times: user=0.01 sys=0.00, real=0.01 secs] 
562.452: [GC (Allocation Failure) [PSYoungGen: 59712K->1376K(60416K)] 353871K->295535K(636928K), 0.0037952 secs] [Times: user=0.02 sys=0.00, real=0.01 secs] 
562.824: [GC (Allocation Failure) [PSYoungGen: 59744K->1376K(60416K)] 353903K->295535K(636928K), 0.0022011 secs] [Times: user=0.01 sys=0.00, real=0.01 secs] 
563.236: [GC (Allocation Failure) [PSYoungGen: 59744K->1533K(60416K)] 353903K->295692K(636928K), 0.0015496 secs] [Times: user=0.00 sys=0.00, real=0.00 secs] 
563.638: [GC (Allocation Failure) [PSYoungGen: 59901K->1568K(60416K)] 354060K->295743K(636928K), 0.0018540 secs] [Times: user=0.01 sys=0.00, real=0.00 secs] 
563.979: [GC (Allocation Failure) [PSYoungGen: 59936K->1533K(60416K)] 354111K->295708K(636928K), 0.0015285 secs] [Times: user=0.01 sys=0.00, real=0.00 secs] 
564.320: [GC (Allocation Failure) [PSYoungGen: 59879K->1565K(60416K)] 354054K->295740K(636928K), 0.0015151 secs] [Times: user=0.01 sys=0.00, real=0.00 secs] 
564.635: [GC (Allocation Failure) [PSYoungGen: 59933K->1424K(60416K)] 354108K->295607K(636928K), 0.0027805 secs] [Times: user=0.02 sys=0.00, real=0.00 secs] 
564.900: [GC (Allocation Failure) [PSYoungGen: 59792K->1376K(60416K)] 353975K->295559K(636928K), 0.0020070 secs] [Times: user=0.01 sys=0.00, real=0.00 secs] 
565.185: [GC (Allocation Failure) [PSYoungGen: 59744K->1376K(60416K)] 353927K->295559K(636928K), 0.0020152 secs] [Times: user=0.01 sys=0.00, real=0.00 secs] 
565.429: [GC (Allocation Failure) [PSYoungGen: 59744K->1440K(60416K)] 353927K->295623K(636928K), 0.0020071 secs] [Times: user=0.01 sys=0.00, real=0.00 secs] 
565.672: [GC (Allocation Failure) [PSYoungGen: 59808K->1376K(60416K)] 353991K->295559K(636928K), 0.0023383 secs] [Times: user=0.01 sys=0.00, real=0.01 secs] 
566.090: [GC (Allocation Failure) [PSYoungGen: 59744K->1565K(60416K)] 353927K->295748K(636928K), 0.0014892 secs] [Times: user=0.01 sys=0.00, real=0.00 secs] 
566.429: [GC (Allocation Failure) [PSYoungGen: 59922K->1565K(60416K)] 354105K->295764K(636928K), 0.0014656 secs] [Times: user=0.00 sys=0.00, real=0.00 secs] 
566.770: [GC (Allocation Failure) [PSYoungGen: 59933K->1565K(60416K)] 354132K->295796K(636928K), 0.0014622 secs] [Times: user=0.00 sys=0.00, real=0.00 secs] 
567.110: [GC (Allocation Failure) [PSYoungGen: 59933K->1565K(60416K)] 354164K->295796K(636928K), 0.0014871 secs] [Times: user=0.01 sys=0.00, real=0.00 secs] 
567.796: [GC (Allocation Failure) [PSYoungGen: 59933K->1376K(60416K)] 354164K->295607K(636928K), 0.0038196 secs] [Times: user=0.02 sys=0.00, real=0.00 secs] 
568.308: [GC (Allocation Failure) [PSYoungGen: 59744K->1376K(60416K)] 353975K->295607K(636928K), 0.0028753 secs] [Times: user=0.01 sys=0.01, real=0.00 secs] 
568.564: [GC (Allocation Failure) [PSYoungGen: 59744K->1360K(60416K)] 353975K->295591K(636928K), 0.0022832 secs] [Times: user=0.01 sys=0.00, real=0.01 secs] 
569.046: [GC (Allocation Failure) [PSYoungGen: 59728K->1376K(60416K)] 353959K->295607K(636928K), 0.0024188 secs] [Times: user=0.01 sys=0.00, real=0.00 secs] 
569.474: [GC (Allocation Failure) [PSYoungGen: 59744K->1408K(60416K)] 353975K->295639K(636928K), 0.0024079 secs] [Times: user=0.01 sys=0.00, real=0.01 secs] 
569.906: [GC (Allocation Failure) [PSYoungGen: 59776K->1549K(60416K)] 354007K->295780K(636928K), 0.0014996 secs] [Times: user=0.01 sys=0.00, real=0.00 secs] 
570.246: [GC (Allocation Failure) [PSYoungGen: 59917K->1552K(60416K)] 354148K->295807K(636928K), 0.0014918 secs] [Times: user=0.01 sys=0.00, real=0.00 secs] 
570.589: [GC (Allocation Failure) [PSYoungGen: 59920K->1568K(60416K)] 354175K->295823K(636928K), 0.0014679 secs] [Times: user=0.00 sys=0.00, real=0.00 secs] 
570.935: [GC (Allocation Failure) [PSYoungGen: 59936K->1536K(60416K)] 354191K->295791K(636928K), 0.0020627 secs] [Times: user=0.00 sys=0.00, real=0.00 secs] 
571.538: [GC (Allocation Failure) [PSYoungGen: 59904K->1440K(60416K)] 354159K->295703K(636928K), 0.0026492 secs] [Times: user=0.01 sys=0.00, real=0.00 secs] 
572.097: [GC (Allocation Failure) [PSYoungGen: 59808K->1376K(60416K)] 354071K->295639K(636928K), 0.0032378 secs] [Times: user=0.01 sys=0.00, real=0.00 secs] 
572.602: [GC (Allocation Failure) [PSYoungGen: 59744K->1376K(60416K)] 354007K->295639K(636928K), 0.0026344 secs] [Times: user=0.01 sys=0.00, real=0.01 secs] 
573.209: [GC (Allocation Failure) [PSYoungGen: 59744K->1376K(60416K)] 354007K->295639K(636928K), 0.0026047 secs] [Times: user=0.01 sys=0.00, real=0.00 secs] 
573.708: [GC (Allocation Failure) [PSYoungGen: 59744K->1392K(60416K)] 354007K->295655K(636928K), 0.0025227 secs] [Times: user=0.01 sys=0.00, real=0.00 secs] 
574.140: [GC (Allocation Failure) [PSYoungGen: 59760K->1533K(60416K)] 354023K->295796K(636928K), 0.0014876 secs] [Times: user=0.01 sys=0.00, real=0.00 secs] 
574.480: [GC (Allocation Failure) [PSYoungGen: 59901K->1565K(60416K)] 354164K->295844K(636928K), 0.0014949 secs] [Times: user=0.01 sys=0.00, real=0.00 secs] 
574.822: [GC (Allocation Failure) [PSYoungGen: 59918K->1533K(60416K)] 354197K->295812K(636928K), 0.0014671 secs] [Times: user=0.00 sys=0.00, real=0.00 secs] 
575.165: [GC (Allocation Failure) [PSYoungGen: 59901K->1565K(60416K)] 354180K->295844K(636928K), 0.0014818 secs] [Times: user=0.01 sys=0.00, real=0.00 secs] 
575.481: [GC (Allocation Failure) [PSYoungGen: 59933K->1408K(60416K)] 354212K->295687K(636928K), 0.0018630 secs] [Times: user=0.01 sys=0.01, real=0.00 secs] 
575.735: [GC (Allocation Failure) [PSYoungGen: 59776K->1376K(60416K)] 354055K->295655K(636928K), 0.0018189 secs] [Times: user=0.01 sys=0.00, real=0.00 secs] 
575.979: [GC (Allocation Failure) [PSYoungGen: 59744K->1408K(60416K)] 354023K->295687K(636928K), 0.0018591 secs] [Times: user=0.01 sys=0.00, real=0.00 secs] 
576.222: [GC (Allocation Failure) [PSYoungGen: 59776K->1408K(60416K)] 354055K->295687K(636928K), 0.0020371 secs] [Times: user=0.01 sys=0.00, real=0.00 secs] 
576.540: [GC (Allocation Failure) [PSYoungGen: 59703K->240K(60416K)] 353982K->294527K(636928K), 0.0020196 secs] [Times: user=0.01 sys=0.00, real=0.00 secs] 
576.904: [GC (Allocation Failure) [PSYoungGen: 58577K->1549K(60416K)] 352864K->295836K(636928K), 0.0014852 secs] [Times: user=0.01 sys=0.00, real=0.01 secs] 
577.248: [GC (Allocation Failure) [PSYoungGen: 59906K->1565K(60416K)] 354193K->295868K(636928K), 0.0014774 secs] [Times: user=0.00 sys=0.00, real=0.00 secs] 
577.588: [GC (Allocation Failure) [PSYoungGen: 59933K->1501K(60416K)] 354236K->295804K(636928K), 0.0015555 secs] [Times: user=0.01 sys=0.00, real=0.00 secs] 
577.992: [GC (Allocation Failure) [PSYoungGen: 59864K->1533K(60416K)] 354167K->295836K(636928K), 0.0015529 secs] [Times: user=0.00 sys=0.00, real=0.00 secs] 
578.612: [GC (Allocation Failure) [PSYoungGen: 59901K->1440K(60416K)] 354204K->295751K(636928K), 0.0035844 secs] [Times: user=0.02 sys=0.00, real=0.01 secs] 
579.095: [GC (Allocation Failure) [PSYoungGen: 59808K->1440K(60416K)] 354119K->295751K(636928K), 0.0026632 secs] [Times: user=0.01 sys=0.00, real=0.00 secs] 
579.359: [GC (Allocation Failure) [PSYoungGen: 59808K->1408K(60416K)] 354119K->295719K(636928K), 0.0019524 secs] [Times: user=0.01 sys=0.00, real=0.00 secs] 
579.627: [GC (Allocation Failure) [PSYoungGen: 59776K->1376K(60416K)] 354087K->295687K(636928K), 0.0020008 secs] [Times: user=0.01 sys=0.00, real=0.00 secs] 
579.902: [GC (Allocation Failure) [PSYoungGen: 59744K->1376K(60416K)] 354055K->295687K(636928K), 0.0016551 secs] [Times: user=0.00 sys=0.00, real=0.00 secs] 
580.339: [GC (Allocation Failure) [PSYoungGen: 59744K->1533K(60416K)] 354055K->295844K(636928K), 0.0015014 secs] [Times: user=0.00 sys=0.01, real=0.00 secs] 
580.679: [GC (Allocation Failure) [PSYoungGen: 59901K->1549K(60416K)] 354212K->295884K(636928K), 0.0015181 secs] [Times: user=0.01 sys=0.00, real=0.00 secs] 
581.021: [GC (Allocation Failure) [PSYoungGen: 59893K->1613K(60416K)] 354228K->295948K(636928K), 0.0014945 secs] [Times: user=0.01 sys=0.00, real=0.00 secs] 
581.424: [GC (Allocation Failure) [PSYoungGen: 59981K->1533K(60416K)] 354316K->295868K(636928K), 0.0015901 secs] [Times: user=0.01 sys=0.00, real=0.01 secs] 
581.726: [GC (Allocation Failure) [PSYoungGen: 59901K->1440K(60416K)] 354236K->295775K(636928K), 0.0019687 secs] [Times: user=0.00 sys=0.00, real=0.00 secs] 
581.969: [GC (Allocation Failure) [PSYoungGen: 59808K->1344K(60416K)] 354143K->295679K(636928K), 0.0020345 secs] [Times: user=0.01 sys=0.00, real=0.00 secs] 
582.212: [GC (Allocation Failure) [PSYoungGen: 59712K->1392K(60416K)] 354047K->295727K(636928K), 0.0019388 secs] [Times: user=0.01 sys=0.00, real=0.00 secs] 
582.563: [GC (Allocation Failure) [PSYoungGen: 59760K->1376K(60416K)] 354095K->295711K(636928K), 0.0018302 secs] [Times: user=0.01 sys=0.00, real=0.01 secs] 
583.038: [GC (Allocation Failure) [PSYoungGen: 59667K->304K(60416K)] 354002K->294639K(636928K), 0.0019719 secs] [Times: user=0.01 sys=0.00, real=0.00 secs] 
583.424: [GC (Allocation Failure) [PSYoungGen: 58643K->1533K(60416K)] 352978K->295868K(636928K), 0.0014730 secs] [Times: user=0.01 sys=0.00, real=0.01 secs] 
583.765: [GC (Allocation Failure) [PSYoungGen: 59890K->1533K(60416K)] 354225K->295892K(636928K), 0.0014777 secs] [Times: user=0.01 sys=0.00, real=0.00 secs] 
584.105: [GC (Allocation Failure) [PSYoungGen: 59901K->1549K(60416K)] 354260K->295908K(636928K), 0.0014726 secs] [Times: user=0.01 sys=0.00, real=0.00 secs] 
584.446: [GC (Allocation Failure) [PSYoungGen: 59914K->1501K(60416K)] 354273K->295860K(636928K), 0.0014755 secs] [Times: user=0.00 sys=0.00, real=0.00 secs] 
584.739: [GC (Allocation Failure) [PSYoungGen: 59869K->1440K(60416K)] 354228K->295799K(636928K), 0.0017412 secs] [Times: user=0.01 sys=0.00, real=0.00 secs] 
585.019: [GC (Allocation Failure) [PSYoungGen: 59808K->1408K(60416K)] 354167K->295767K(636928K), 0.0016919 secs] [Times: user=0.01 sys=0.00, real=0.00 secs] 
585.423: [GC (Allocation Failure) [PSYoungGen: 59776K->1376K(60416K)] 354135K->295735K(636928K), 0.0017246 secs] [Times: user=0.00 sys=0.00, real=0.00 secs] 
586.112: [GC (Allocation Failure) [PSYoungGen: 59744K->1408K(60416K)] 354103K->295775K(636928K), 0.0017210 secs] [Times: user=0.00 sys=0.00, real=0.00 secs] 
586.872: [GC (Allocation Failure) [PSYoungGen: 59776K->1408K(60416K)] 354143K->295775K(636928K), 0.0017736 secs] [Times: user=0.01 sys=0.00, real=0.00 secs] 
587.236: [GC (Allocation Failure) [PSYoungGen: 59776K->1533K(60416K)] 354143K->295900K(636928K), 0.0014837 secs] [Times: user=0.01 sys=0.00, real=0.00 secs] 
587.577: [GC (Allocation Failure) [PSYoungGen: 59901K->1565K(60416K)] 354268K->295948K(636928K), 0.0015012 secs] [Times: user=0.01 sys=0.00, real=0.00 secs] 
587.918: [GC (Allocation Failure) [PSYoungGen: 59910K->1565K(60416K)] 354293K->295948K(636928K), 0.0015090 secs] [Times: user=0.01 sys=0.00, real=0.00 secs] 
588.262: [GC (Allocation Failure) [PSYoungGen: 59933K->1552K(60416K)] 354316K->295935K(636928K), 0.0015584 secs] [Times: user=0.01 sys=0.00, real=0.00 secs] 
588.820: [GC (Allocation Failure) [PSYoungGen: 59920K->1440K(60416K)] 354303K->295823K(636928K), 0.0020445 secs] [Times: user=0.01 sys=0.00, real=0.00 secs] 
589.401: [GC (Allocation Failure) [PSYoungGen: 59808K->1344K(60416K)] 354191K->295727K(636928K), 0.0020199 secs] [Times: user=0.01 sys=0.00, real=0.00 secs] 
589.893: [GC (Allocation Failure) [PSYoungGen: 59712K->1408K(60416K)] 354095K->295791K(636928K), 0.0024328 secs] [Times: user=0.01 sys=0.00, real=0.01 secs] 
590.452: [GC (Allocation Failure) [PSYoungGen: 59776K->1376K(60416K)] 354159K->295759K(636928K), 0.0022578 secs] [Times: user=0.00 sys=0.00, real=0.00 secs] 
591.041: [GC (Allocation Failure) [PSYoungGen: 59744K->1376K(60416K)] 354127K->295759K(636928K), 0.0021045 secs] [Times: user=0.01 sys=0.00, real=0.00 secs] 
591.496: [GC (Allocation Failure) [PSYoungGen: 59744K->1581K(60416K)] 354127K->295964K(636928K), 0.0014308 secs] [Times: user=0.01 sys=0.00, real=0.00 secs] 
591.917: [GC (Allocation Failure) [PSYoungGen: 59949K->1533K(60416K)] 354332K->295932K(636928K), 0.0015487 secs] [Times: user=0.01 sys=0.00, real=0.00 secs] 
592.313: [GC (GCLocker Initiated GC) [PSYoungGen: 59901K->1517K(60416K)] 354300K->295916K(636928K), 0.0015908 secs] [Times: user=0.01 sys=0.00, real=0.01 secs] 
592.664: [GC (Allocation Failure) [PSYoungGen: 59885K->1501K(60416K)] 355885K->297501K(636928K), 0.0015008 secs] [Times: user=0.01 sys=0.00, real=0.01 secs] 
593.051: [GC (Allocation Failure) [PSYoungGen: 59869K->1504K(60416K)] 355869K->297504K(636928K), 0.0022812 secs] [Times: user=0.00 sys=0.00, real=0.00 secs] 
593.378: [GC (Allocation Failure) [PSYoungGen: 59872K->1440K(60416K)] 355872K->297440K(636928K), 0.0017814 secs] [Times: user=0.01 sys=0.00, real=0.00 secs] 
593.629: [GC (Allocation Failure) [PSYoungGen: 59808K->1504K(60416K)] 355808K->297504K(636928K), 0.0018892 secs] [Times: user=0.00 sys=0.00, real=0.00 secs] 
593.907: [GC (Allocation Failure) [PSYoungGen: 59872K->1504K(60416K)] 355872K->297504K(636928K), 0.0019313 secs] [Times: user=0.01 sys=0.01, real=0.00 secs] 
594.203: [GC (Allocation Failure) [PSYoungGen: 59872K->1533K(60416K)] 355872K->297533K(636928K), 0.0018815 secs] [Times: user=0.01 sys=0.00, real=0.00 secs] 
594.557: [GC (Allocation Failure) [PSYoungGen: 59901K->1677K(60416K)] 355901K->297677K(636928K), 0.0014934 secs] [Times: user=0.01 sys=0.00, real=0.00 secs] 
594.958: [GC (Allocation Failure) [PSYoungGen: 60045K->1709K(60416K)] 356045K->297725K(636928K), 0.0015545 secs] [Times: user=0.01 sys=0.00, real=0.00 secs] 
595.361: [GC (Allocation Failure) [PSYoungGen: 60077K->1709K(60416K)] 356093K->297725K(636928K), 0.0015164 secs] [Times: user=0.01 sys=0.00, real=0.00 secs] 
595.703: [GC (Allocation Failure) [PSYoungGen: 60077K->1677K(60416K)] 356093K->297693K(636928K), 0.0015343 secs] [Times: user=0.00 sys=0.00, real=0.00 secs] 
596.000: [GC (Allocation Failure) [PSYoungGen: 60045K->1504K(60416K)] 356061K->297520K(636928K), 0.0024851 secs] [Times: user=0.01 sys=0.00, real=0.00 secs] 
596.242: [GC (Allocation Failure) [PSYoungGen: 59872K->1504K(60416K)] 355888K->297544K(636928K), 0.0017954 secs] [Times: user=0.01 sys=0.00, real=0.00 secs] 
596.485: [GC (Allocation Failure) [PSYoungGen: 59872K->1440K(60416K)] 355912K->297528K(636928K), 0.0018725 secs] [Times: user=0.01 sys=0.00, real=0.00 secs] 
596.727: [GC (Allocation Failure) [PSYoungGen: 59808K->1440K(60416K)] 355896K->297528K(636928K), 0.0018504 secs] [Times: user=0.01 sys=0.00, real=0.00 secs] 
597.031: [GC (Allocation Failure) [PSYoungGen: 59808K->1565K(60416K)] 355896K->297653K(636928K), 0.0018173 secs] [Times: user=0.01 sys=0.00, real=0.00 secs] 
597.377: [GC (Allocation Failure) [PSYoungGen: 59933K->1629K(60416K)] 356021K->297725K(636928K), 0.0015004 secs] [Times: user=0.01 sys=0.00, real=0.00 secs] 
597.718: [GC (Allocation Failure) [PSYoungGen: 59992K->1552K(60416K)] 356089K->297736K(636928K), 0.0015156 secs] [Times: user=0.01 sys=0.00, real=0.00 secs] 
598.127: [GC (Allocation Failure) [PSYoungGen: 59920K->1533K(60416K)] 356104K->297717K(636928K), 0.0015585 secs] [Times: user=0.01 sys=0.00, real=0.00 secs] 
598.473: [GC (Allocation Failure) [PSYoungGen: 59901K->1501K(60416K)] 356085K->297685K(636928K), 0.0015720 secs] [Times: user=0.01 sys=0.00, real=0.00 secs] 
598.778: [GC (Allocation Failure) [PSYoungGen: 59869K->1408K(60416K)] 356053K->297592K(636928K), 0.0022417 secs] [Times: user=0.01 sys=0.00, real=0.00 secs] 
599.207: [GC (Allocation Failure) [PSYoungGen: 59776K->1424K(60416K)] 355960K->297608K(636928K), 0.0019777 secs] [Times: user=0.01 sys=0.00, real=0.00 secs] 
599.670: [GC (Allocation Failure) [PSYoungGen: 59792K->1344K(60416K)] 355976K->297528K(636928K), 0.0021208 secs] [Times: user=0.01 sys=0.00, real=0.00 secs] 
600.126: [GC (Allocation Failure) [PSYoungGen: 59712K->1408K(60416K)] 355896K->297592K(636928K), 0.0026660 secs] [Times: user=0.01 sys=0.00, real=0.00 secs] 
600.773: [GC (Allocation Failure) [PSYoungGen: 59776K->1472K(60416K)] 355960K->297656K(636928K), 0.0026466 secs] [Times: user=0.01 sys=0.00, real=0.01 secs] 
601.252: [GC (Allocation Failure) [PSYoungGen: 59840K->1533K(60416K)] 356024K->297717K(636928K), 0.0015636 secs] [Times: user=0.01 sys=0.00, real=0.00 secs] 
601.594: [GC (Allocation Failure) [PSYoungGen: 59901K->1533K(60416K)] 356085K->297741K(636928K), 0.0015479 secs] [Times: user=0.00 sys=0.00, real=0.01 secs] 
601.945: [GC (Allocation Failure) [PSYoungGen: 59882K->1533K(60416K)] 356090K->297741K(636928K), 0.0015930 secs] [Times: user=0.00 sys=0.00, real=0.00 secs] 
602.347: [GC (Allocation Failure) [PSYoungGen: 59901K->1565K(60416K)] 356109K->297773K(636928K), 0.0015359 secs] [Times: user=0.00 sys=0.00, real=0.00 secs] 
602.971: [GC (Allocation Failure) [PSYoungGen: 59933K->1408K(60416K)] 356141K->297616K(636928K), 0.0037825 secs] [Times: user=0.02 sys=0.00, real=0.00 secs] 
603.469: [GC (Allocation Failure) [PSYoungGen: 59776K->1376K(60416K)] 355984K->297584K(636928K), 0.0026469 secs] [Times: user=0.01 sys=0.00, real=0.00 secs] 
604.107: [GC (Allocation Failure) [PSYoungGen: 59744K->1344K(60416K)] 355952K->297552K(636928K), 0.0024175 secs] [Times: user=0.01 sys=0.00, real=0.00 secs] 
604.882: [GC (Allocation Failure) [PSYoungGen: 59712K->1408K(60416K)] 355920K->297616K(636928K), 0.0030453 secs] [Times: user=0.01 sys=0.00, real=0.01 secs] 
605.460: [GC (Allocation Failure) [PSYoungGen: 59776K->1469K(60416K)] 355984K->297677K(636928K), 0.0025873 secs] [Times: user=0.01 sys=0.00, real=0.00 secs] 
605.872: [GC (Allocation Failure) [PSYoungGen: 59837K->1533K(60416K)] 356045K->297741K(636928K), 0.0014867 secs] [Times: user=0.00 sys=0.00, real=0.00 secs] 
606.213: [GC (Allocation Failure) [PSYoungGen: 59901K->1565K(60416K)] 356109K->297781K(636928K), 0.0014954 secs] [Times: user=0.01 sys=0.00, real=0.01 secs] 
606.555: [GC (Allocation Failure) [PSYoungGen: 59933K->1581K(60416K)] 356149K->297797K(636928K), 0.0016466 secs] [Times: user=0.01 sys=0.00, real=0.00 secs] 
606.897: [GC (Allocation Failure) [PSYoungGen: 59949K->1565K(60416K)] 356165K->297781K(636928K), 0.0015077 secs] [Times: user=0.01 sys=0.00, real=0.00 secs] 
607.475: [GC (Allocation Failure) [PSYoungGen: 59933K->1376K(60416K)] 356149K->297608K(636928K), 0.0018834 secs] [Times: user=0.00 sys=0.00, real=0.00 secs] 
608.106: [GC (Allocation Failure) [PSYoungGen: 59744K->1344K(60416K)] 355976K->297584K(636928K), 0.0032875 secs] [Times: user=0.01 sys=0.00, real=0.00 secs] 
608.732: [GC (Allocation Failure) [PSYoungGen: 59712K->1344K(60416K)] 355952K->297584K(636928K), 0.0031846 secs] [Times: user=0.01 sys=0.00, real=0.01 secs] 
609.210: [GC (Allocation Failure) [PSYoungGen: 59712K->1376K(60416K)] 355952K->297616K(636928K), 0.0031078 secs] [Times: user=0.01 sys=0.00, real=0.00 secs] 
609.698: [GC (Allocation Failure) [PSYoungGen: 59744K->1501K(60416K)] 355984K->297741K(636928K), 0.0023674 secs] [Times: user=0.01 sys=0.00, real=0.00 secs] 
610.088: [GC (Allocation Failure) [PSYoungGen: 59869K->1581K(60416K)] 356109K->297821K(636928K), 0.0014513 secs] [Times: user=0.01 sys=0.00, real=0.00 secs] 
610.492: [GC (Allocation Failure) [PSYoungGen: 59949K->1565K(60416K)] 356189K->297821K(636928K), 0.0014883 secs] [Times: user=0.01 sys=0.00, real=0.00 secs] 
610.837: [GC (Allocation Failure) [PSYoungGen: 59933K->1536K(60416K)] 356189K->297792K(636928K), 0.0015423 secs] [Times: user=0.00 sys=0.00, real=0.00 secs] 
611.178: [GC (Allocation Failure) [PSYoungGen: 59904K->1597K(60416K)] 356160K->297853K(636928K), 0.0015081 secs] [Times: user=0.01 sys=0.00, real=0.00 secs] 
611.949: [GC (Allocation Failure) [PSYoungGen: 59965K->1440K(60416K)] 356221K->297696K(636928K), 0.0061515 secs] [Times: user=0.02 sys=0.00, real=0.01 secs] 
612.679: [GC (Allocation Failure) [PSYoungGen: 59808K->1376K(60416K)] 356064K->297632K(636928K), 0.0031515 secs] [Times: user=0.01 sys=0.00, real=0.00 secs] 
613.174: [GC (Allocation Failure) [PSYoungGen: 59744K->1376K(60416K)] 356000K->297632K(636928K), 0.0022212 secs] [Times: user=0.01 sys=0.00, real=0.01 secs] 
613.713: [GC (Allocation Failure) [PSYoungGen: 59744K->1408K(60416K)] 356000K->297664K(636928K), 0.0020003 secs] [Times: user=0.01 sys=0.00, real=0.01 secs] 
614.213: [GC (Allocation Failure) [PSYoungGen: 59776K->1472K(60416K)] 356032K->297728K(636928K), 0.0023176 secs] [Times: user=0.01 sys=0.00, real=0.01 secs] 
614.606: [GC (Allocation Failure) [PSYoungGen: 59840K->1552K(60416K)] 356096K->297808K(636928K), 0.0015099 secs] [Times: user=0.00 sys=0.00, real=0.00 secs] 
614.947: [GC (Allocation Failure) [PSYoungGen: 59920K->1520K(60416K)] 356176K->297792K(636928K), 0.0015134 secs] [Times: user=0.01 sys=0.00, real=0.00 secs] 
615.289: [GC (Allocation Failure) [PSYoungGen: 59888K->1517K(60416K)] 356160K->297797K(636928K), 0.0015003 secs] [Times: user=0.00 sys=0.00, real=0.00 secs] 
615.629: [GC (Allocation Failure) [PSYoungGen: 59885K->1549K(60416K)] 356165K->297829K(636928K), 0.0015110 secs] [Times: user=0.00 sys=0.00, real=0.00 secs] 
615.903: [GC (Allocation Failure) [PSYoungGen: 59917K->1408K(60416K)] 356197K->297696K(636928K), 0.0019572 secs] [Times: user=0.01 sys=0.00, real=0.01 secs] 
616.158: [GC (Allocation Failure) [PSYoungGen: 59776K->1344K(60416K)] 356064K->297640K(636928K), 0.0019818 secs] [Times: user=0.01 sys=0.00, real=0.00 secs] 
616.402: [GC (Allocation Failure) [PSYoungGen: 59712K->1408K(60416K)] 356008K->297704K(636928K), 0.0021211 secs] [Times: user=0.01 sys=0.00, real=0.00 secs] 
616.677: [GC (Allocation Failure) [PSYoungGen: 59776K->1424K(60416K)] 356072K->297728K(636928K), 0.0020478 secs] [Times: user=0.01 sys=0.00, real=0.00 secs] 
616.985: [GC (Allocation Failure) [PSYoungGen: 59792K->1469K(60416K)] 356096K->297773K(636928K), 0.0017932 secs] [Times: user=0.00 sys=0.00, real=0.01 secs] 
617.332: [GC (Allocation Failure) [PSYoungGen: 59837K->1565K(60416K)] 356141K->297869K(636928K), 0.0014264 secs] [Times: user=0.01 sys=0.00, real=0.00 secs] 
617.674: [GC (Allocation Failure) [PSYoungGen: 59933K->1565K(60416K)] 356237K->297885K(636928K), 0.0016552 secs] [Times: user=0.00 sys=0.00, real=0.01 secs] 
618.016: [GC (Allocation Failure) [PSYoungGen: 59933K->1613K(60416K)] 356253K->297933K(636928K), 0.0014934 secs] [Times: user=0.01 sys=0.00, real=0.00 secs] 
618.361: [GC (Allocation Failure) [PSYoungGen: 59981K->1597K(60416K)] 356301K->297917K(636928K), 0.0015994 secs] [Times: user=0.00 sys=0.00, real=0.00 secs] 
618.850: [GC (Allocation Failure) [PSYoungGen: 59965K->1456K(60416K)] 356285K->297776K(636928K), 0.0016708 secs] [Times: user=0.00 sys=0.00, real=0.00 secs] 
619.318: [GC (Allocation Failure) [PSYoungGen: 59824K->1376K(60416K)] 356144K->297696K(636928K), 0.0029786 secs] [Times: user=0.01 sys=0.00, real=0.00 secs] 
619.994: [GC (Allocation Failure) [PSYoungGen: 59744K->1376K(60416K)] 356064K->297696K(636928K), 0.0036548 secs] [Times: user=0.02 sys=0.00, real=0.01 secs] 
620.626: [GC (Allocation Failure) [PSYoungGen: 59744K->1408K(60416K)] 356064K->297728K(636928K), 0.0038469 secs] [Times: user=0.02 sys=0.00, real=0.00 secs] 
621.167: [GC (Allocation Failure) [PSYoungGen: 59752K->1488K(60416K)] 356072K->297808K(636928K), 0.0020725 secs] [Times: user=0.01 sys=0.00, real=0.00 secs] 
621.544: [GC (Allocation Failure) [PSYoungGen: 59856K->1549K(60416K)] 356176K->297869K(636928K), 0.0014907 secs] [Times: user=0.01 sys=0.00, real=0.01 secs] 
621.964: [GC (Allocation Failure) [PSYoungGen: 59917K->1581K(60416K)] 356237K->297925K(636928K), 0.0015332 secs] [Times: user=0.01 sys=0.00, real=0.01 secs] 
622.312: [GC (Allocation Failure) [PSYoungGen: 59949K->1533K(60416K)] 356293K->297877K(636928K), 0.0015214 secs] [Times: user=0.01 sys=0.00, real=0.00 secs] 
622.657: [GC (Allocation Failure) [PSYoungGen: 59901K->1533K(60416K)] 356245K->297877K(636928K), 0.0015587 secs] [Times: user=0.00 sys=0.00, real=0.00 secs] 
622.982: [GC (Allocation Failure) [PSYoungGen: 59901K->1440K(60416K)] 356245K->297792K(636928K), 0.0018987 secs] [Times: user=0.01 sys=0.00, real=0.00 secs] 
623.249: [GC (Allocation Failure) [PSYoungGen: 59808K->1360K(60416K)] 356160K->297712K(636928K), 0.0020073 secs] [Times: user=0.01 sys=0.00, real=0.00 secs] 
623.538: [GC (Allocation Failure) [PSYoungGen: 59728K->1344K(60416K)] 356080K->297696K(636928K), 0.0018513 secs] [Times: user=0.01 sys=0.00, real=0.00 secs] 
623.786: [GC (Allocation Failure) [PSYoungGen: 59712K->1376K(60416K)] 356064K->297728K(636928K), 0.0020788 secs] [Times: user=0.01 sys=0.00, real=0.00 secs] 
624.087: [GC (Allocation Failure) [PSYoungGen: 59744K->1501K(60416K)] 356096K->297853K(636928K), 0.0014968 secs] [Times: user=0.01 sys=0.00, real=0.00 secs] 
624.428: [GC (Allocation Failure) [PSYoungGen: 59869K->1581K(60416K)] 356221K->297933K(636928K), 0.0014947 secs] [Times: user=0.01 sys=0.00, real=0.00 secs] 
624.771: [GC (Allocation Failure) [PSYoungGen: 59949K->1533K(60416K)] 356301K->297901K(636928K), 0.0014799 secs] [Times: user=0.00 sys=0.00, real=0.00 secs] 
625.112: [GC (Allocation Failure) [PSYoungGen: 59888K->1565K(60416K)] 356256K->297933K(636928K), 0.0014811 secs] [Times: user=0.01 sys=0.00, real=0.00 secs] 
625.454: [GC (Allocation Failure) [PSYoungGen: 59933K->192K(60416K)] 356301K->296560K(636928K), 0.0014856 secs] [Times: user=0.00 sys=0.00, real=0.01 secs] 
625.720: [GC (Allocation Failure) [PSYoungGen: 58560K->1344K(60416K)] 354928K->297720K(636928K), 0.0018174 secs] [Times: user=0.00 sys=0.00, real=0.00 secs] 
625.962: [GC (Allocation Failure) [PSYoungGen: 59712K->1376K(60416K)] 356088K->297752K(636928K), 0.0016892 secs] [Times: user=0.00 sys=0.00, real=0.00 secs] 
626.205: [GC (Allocation Failure) [PSYoungGen: 59744K->1376K(60416K)] 356120K->297752K(636928K), 0.0018961 secs] [Times: user=0.01 sys=0.00, real=0.00 secs] 
626.447: [GC (Allocation Failure) [PSYoungGen: 59744K->1344K(60416K)] 356120K->297720K(636928K), 0.0018674 secs] [Times: user=0.00 sys=0.00, real=0.00 secs] 
626.719: [GC (Allocation Failure) [PSYoungGen: 59712K->1469K(60416K)] 356088K->297845K(636928K), 0.0014021 secs] [Times: user=0.01 sys=0.00, real=0.00 secs] 
627.061: [GC (Allocation Failure) [PSYoungGen: 59837K->1549K(60416K)] 356213K->297925K(636928K), 0.0015164 secs] [Times: user=0.01 sys=0.00, real=0.00 secs] 
627.403: [GC (Allocation Failure) [PSYoungGen: 59917K->1501K(60416K)] 356293K->297893K(636928K), 0.0014895 secs] [Times: user=0.00 sys=0.00, real=0.00 secs] 
627.747: [GC (Allocation Failure) [PSYoungGen: 59869K->1533K(60416K)] 356261K->297925K(636928K), 0.0015291 secs] [Times: user=0.01 sys=0.00, real=0.00 secs] 
628.085: [GC (Allocation Failure) [PSYoungGen: 59869K->288K(60416K)] 356261K->296680K(636928K), 0.0014412 secs] [Times: user=0.01 sys=0.00, real=0.00 secs] 
628.518: [GC (Allocation Failure) [PSYoungGen: 58656K->1376K(60416K)] 355048K->297768K(636928K), 0.0017469 secs] [Times: user=0.00 sys=0.00, real=0.00 secs] 
628.963: [GC (Allocation Failure) [PSYoungGen: 59744K->1376K(60416K)] 356136K->297768K(636928K), 0.0020042 secs] [Times: user=0.01 sys=0.00, real=0.01 secs] 
629.466: [GC (Allocation Failure) [PSYoungGen: 59744K->1440K(60416K)] 356136K->297832K(636928K), 0.0023430 secs] [Times: user=0.01 sys=0.01, real=0.00 secs] 
630.178: [GC (Allocation Failure) [PSYoungGen: 59808K->1408K(60416K)] 356200K->297800K(636928K), 0.0024330 secs] [Times: user=0.01 sys=0.00, real=0.00 secs] 
630.943: [GC (Allocation Failure) [PSYoungGen: 59776K->1437K(60416K)] 356168K->297829K(636928K), 0.0019313 secs] [Times: user=0.01 sys=0.00, real=0.01 secs] 
631.304: [GC (Allocation Failure) [PSYoungGen: 59805K->1565K(60416K)] 356197K->297957K(636928K), 0.0016670 secs] [Times: user=0.01 sys=0.00, real=0.01 secs] 
631.645: [GC (Allocation Failure) [PSYoungGen: 59921K->1581K(60416K)] 356313K->297989K(636928K), 0.0015058 secs] [Times: user=0.00 sys=0.00, real=0.00 secs] 
631.986: [GC (Allocation Failure) [PSYoungGen: 59949K->1565K(60416K)] 356357K->297973K(636928K), 0.0016519 secs] [Times: user=0.00 sys=0.00, real=0.00 secs] 
632.328: [GC (Allocation Failure) [PSYoungGen: 59920K->1533K(60416K)] 356329K->297941K(636928K), 0.0014559 secs] [Times: user=0.01 sys=0.00, real=0.00 secs] 
632.786: [GC (Allocation Failure) [PSYoungGen: 59901K->1440K(60416K)] 356309K->297848K(636928K), 0.0017049 secs] [Times: user=0.01 sys=0.00, real=0.00 secs] 
633.163: [GC (Allocation Failure) [PSYoungGen: 59808K->1440K(60416K)] 356216K->297848K(636928K), 0.0020819 secs] [Times: user=0.01 sys=0.00, real=0.01 secs] 
633.407: [GC (Allocation Failure) [PSYoungGen: 59808K->1344K(60416K)] 356216K->297752K(636928K), 0.0027846 secs] [Times: user=0.01 sys=0.00, real=0.00 secs] 
633.651: [GC (Allocation Failure) [PSYoungGen: 59712K->1376K(60416K)] 356120K->297784K(636928K), 0.0019329 secs] [Times: user=0.01 sys=0.00, real=0.00 secs] 
633.972: [GC (Allocation Failure) [PSYoungGen: 59744K->1469K(60416K)] 356152K->297877K(636928K), 0.0014044 secs] [Times: user=0.00 sys=0.00, real=0.00 secs] 
634.311: [GC (Allocation Failure) [PSYoungGen: 59813K->1565K(60416K)] 356221K->297981K(636928K), 0.0014815 secs] [Times: user=0.01 sys=0.00, real=0.00 secs] 
634.651: [GC (Allocation Failure) [PSYoungGen: 59914K->1565K(60416K)] 356330K->297997K(636928K), 0.0016661 secs] [Times: user=0.01 sys=0.00, real=0.00 secs] 
634.993: [GC (Allocation Failure) [PSYoungGen: 59919K->1565K(60416K)] 356351K->297997K(636928K), 0.0016247 secs] [Times: user=0.01 sys=0.00, real=0.00 secs] 
635.333: [GC (Allocation Failure) [PSYoungGen: 59923K->1565K(60416K)] 356355K->297997K(636928K), 0.0014900 secs] [Times: user=0.00 sys=0.00, real=0.00 secs] 
635.733: [GC (Allocation Failure) [PSYoungGen: 59933K->1440K(60416K)] 356365K->297872K(636928K), 0.0018799 secs] [Times: user=0.01 sys=0.00, real=0.01 secs] 
636.189: [GC (Allocation Failure) [PSYoungGen: 59808K->1408K(60416K)] 356240K->297848K(636928K), 0.0021938 secs] [Times: user=0.01 sys=0.00, real=0.00 secs] 
636.696: [GC (Allocation Failure) [PSYoungGen: 59776K->1408K(60416K)] 356216K->297848K(636928K), 0.0031878 secs] [Times: user=0.01 sys=0.00, real=0.00 secs] 
637.175: [GC (Allocation Failure) [PSYoungGen: 59776K->1344K(60416K)] 356216K->297784K(636928K), 0.0036371 secs] [Times: user=0.02 sys=0.00, real=0.00 secs] 
637.711: [GC (Allocation Failure) [PSYoungGen: 59706K->1437K(60416K)] 356147K->297877K(636928K), 0.0019924 secs] [Times: user=0.01 sys=0.00, real=0.00 secs] 
638.070: [GC (Allocation Failure) [PSYoungGen: 59805K->1533K(60416K)] 356245K->297973K(636928K), 0.0015019 secs] [Times: user=0.00 sys=0.00, real=0.00 secs] 
638.415: [GC (Allocation Failure) [PSYoungGen: 59901K->1533K(60416K)] 356341K->297989K(636928K), 0.0014706 secs] [Times: user=0.01 sys=0.00, real=0.00 secs] 
638.812: [GC (Allocation Failure) [PSYoungGen: 59901K->1501K(60416K)] 356357K->297957K(636928K), 0.0015227 secs] [Times: user=0.01 sys=0.00, real=0.00 secs] 
639.150: [GC (Allocation Failure) [PSYoungGen: 59569K->288K(60416K)] 356025K->296752K(636928K), 0.0015305 secs] [Times: user=0.01 sys=0.00, real=0.00 secs] 
639.525: [GC (Allocation Failure) [PSYoungGen: 58656K->1376K(60416K)] 355120K->297840K(636928K), 0.0021133 secs] [Times: user=0.01 sys=0.00, real=0.01 secs] 
640.016: [GC (Allocation Failure) [PSYoungGen: 59744K->1392K(60416K)] 356208K->297856K(636928K), 0.0018621 secs] [Times: user=0.01 sys=0.00, real=0.00 secs] 
640.495: [GC (Allocation Failure) [PSYoungGen: 59760K->1360K(60416K)] 356224K->297824K(636928K), 0.0037047 secs] [Times: user=0.01 sys=0.00, real=0.00 secs] 
640.993: [GC (Allocation Failure) [PSYoungGen: 59728K->1376K(60416K)] 356192K->297840K(636928K), 0.0030517 secs] [Times: user=0.01 sys=0.00, real=0.01 secs] 
641.487: [GC (Allocation Failure) [PSYoungGen: 59744K->1453K(60416K)] 356208K->297917K(636928K), 0.0019962 secs] [Times: user=0.00 sys=0.00, real=0.00 secs] 
641.847: [GC (Allocation Failure) [PSYoungGen: 59821K->1565K(60416K)] 356285K->298029K(636928K), 0.0015087 secs] [Times: user=0.01 sys=0.00, real=0.00 secs] 
642.189: [GC (Allocation Failure) [PSYoungGen: 59933K->1533K(60416K)] 356397K->298005K(636928K), 0.0016071 secs] [Times: user=0.01 sys=0.00, real=0.00 secs] 
642.532: [GC (Allocation Failure) [PSYoungGen: 59901K->1565K(60416K)] 356373K->298037K(636928K), 0.0014859 secs] [Times: user=0.01 sys=0.00, real=0.00 secs] 
642.878: [GC (Allocation Failure) [PSYoungGen: 59853K->288K(60416K)] 356326K->296760K(636928K), 0.0013771 secs] [Times: user=0.01 sys=0.00, real=0.00 secs] 
643.996: [GC (Allocation Failure) [PSYoungGen: 58656K->1376K(60416K)] 355128K->297848K(636928K), 0.0023131 secs] [Times: user=0.01 sys=0.00, real=0.00 secs] 
644.342: [GC (Allocation Failure) [PSYoungGen: 59744K->1376K(60416K)] 356216K->297848K(636928K), 0.0019498 secs] [Times: user=0.00 sys=0.00, real=0.00 secs] 
644.585: [GC (Allocation Failure) [PSYoungGen: 59744K->1344K(60416K)] 356216K->297816K(636928K), 0.0020299 secs] [Times: user=0.01 sys=0.00, real=0.00 secs] 
644.827: [GC (Allocation Failure) [PSYoungGen: 59712K->1440K(60416K)] 356184K->297912K(636928K), 0.0018827 secs] [Times: user=0.01 sys=0.00, real=0.00 secs] 
645.113: [GC (Allocation Failure) [PSYoungGen: 59791K->1469K(60416K)] 356264K->297941K(636928K), 0.0014080 secs] [Times: user=0.01 sys=0.00, real=0.00 secs] 
645.456: [GC (Allocation Failure) [PSYoungGen: 59837K->1533K(60416K)] 356309K->298013K(636928K), 0.0015231 secs] [Times: user=0.00 sys=0.00, real=0.00 secs] 
645.798: [GC (Allocation Failure) [PSYoungGen: 59901K->1533K(60416K)] 356381K->298013K(636928K), 0.0015138 secs] [Times: user=0.01 sys=0.00, real=0.00 secs] 
646.140: [GC (Allocation Failure) [PSYoungGen: 59901K->1536K(60416K)] 356381K->298016K(636928K), 0.0015151 secs] [Times: user=0.00 sys=0.00, real=0.00 secs] 
646.481: [GC (Allocation Failure) [PSYoungGen: 59604K->288K(60416K)] 356084K->296792K(636928K), 0.0015973 secs] [Times: user=0.00 sys=0.00, real=0.00 secs] 
647.479: [GC (Allocation Failure) [PSYoungGen: 58656K->1408K(60416K)] 355160K->297912K(636928K), 0.0039546 secs] [Times: user=0.02 sys=0.00, real=0.00 secs] 
647.984: [GC (Allocation Failure) [PSYoungGen: 59776K->1376K(60416K)] 356280K->297880K(636928K), 0.0031482 secs] [Times: user=0.01 sys=0.00, real=0.01 secs] 
648.538: [GC (Allocation Failure) [PSYoungGen: 59744K->1360K(60416K)] 356248K->297864K(636928K), 0.0032864 secs] [Times: user=0.01 sys=0.00, real=0.00 secs] 
649.201: [GC (Allocation Failure) [PSYoungGen: 59728K->1376K(60416K)] 356232K->297880K(636928K), 0.0030800 secs] [Times: user=0.01 sys=0.00, real=0.00 secs] 
649.880: [GC (Allocation Failure) [PSYoungGen: 59744K->1472K(60416K)] 356248K->297976K(636928K), 0.0022943 secs] [Times: user=0.01 sys=0.00, real=0.00 secs] 
650.343: [GC (Allocation Failure) [PSYoungGen: 59840K->1581K(60416K)] 356344K->298093K(636928K), 0.0014930 secs] [Times: user=0.01 sys=0.00, real=0.00 secs] 
650.690: [GC (Allocation Failure) [PSYoungGen: 59949K->1581K(60416K)] 356461K->298101K(636928K), 0.0015448 secs] [Times: user=0.00 sys=0.00, real=0.00 secs] 
651.032: [GC (Allocation Failure) [PSYoungGen: 59937K->1565K(60416K)] 356458K->298085K(636928K), 0.0015529 secs] [Times: user=0.01 sys=0.00, real=0.00 secs] 
651.369: [GC (Allocation Failure) [PSYoungGen: 59933K->192K(60416K)] 356453K->296712K(636928K), 0.0014579 secs] [Times: user=0.01 sys=0.00, real=0.00 secs] 
651.976: [GC (Allocation Failure) [PSYoungGen: 58560K->1408K(60928K)] 355080K->297928K(637440K), 0.0031520 secs] [Times: user=0.01 sys=0.00, real=0.00 secs] 
652.361: [GC (Allocation Failure) [PSYoungGen: 59776K->1328K(59904K)] 356296K->297848K(636416K), 0.0032085 secs] [Times: user=0.01 sys=0.00, real=0.00 secs] 
652.757: [GC (Allocation Failure) [PSYoungGen: 59696K->1376K(60416K)] 356216K->297896K(636928K), 0.0026301 secs] [Times: user=0.01 sys=0.00, real=0.00 secs] 
653.334: [GC (Allocation Failure) [PSYoungGen: 59744K->1392K(60416K)] 356264K->297912K(636928K), 0.0019359 secs] [Times: user=0.00 sys=0.00, real=0.01 secs] 
653.936: [GC (Allocation Failure) [PSYoungGen: 59760K->1533K(60416K)] 356280K->298053K(636928K), 0.0018695 secs] [Times: user=0.01 sys=0.00, real=0.00 secs] 
654.285: [GC (Allocation Failure) [PSYoungGen: 59901K->1565K(60416K)] 356421K->298093K(636928K), 0.0014913 secs] [Times: user=0.01 sys=0.00, real=0.00 secs] 
654.626: [GC (Allocation Failure) [PSYoungGen: 59933K->1565K(60416K)] 356461K->298101K(636928K), 0.0014878 secs] [Times: user=0.00 sys=0.00, real=0.00 secs] 
654.970: [GC (Allocation Failure) [PSYoungGen: 59933K->1581K(60416K)] 356469K->298117K(636928K), 0.0015132 secs] [Times: user=0.01 sys=0.00, real=0.00 secs] 
655.309: [GC (Allocation Failure) [PSYoungGen: 59949K->192K(59904K)] 356485K->296728K(636416K), 0.0015404 secs] [Times: user=0.00 sys=0.00, real=0.00 secs] 
655.566: [GC (Allocation Failure) [PSYoungGen: 58048K->1376K(60416K)] 354584K->297912K(636928K), 0.0018751 secs] [Times: user=0.00 sys=0.00, real=0.00 secs] 
655.807: [GC (Allocation Failure) [PSYoungGen: 59232K->1408K(60416K)] 355768K->297944K(636928K), 0.0018503 secs] [Times: user=0.01 sys=0.00, real=0.00 secs] 
656.047: [GC (Allocation Failure) [PSYoungGen: 59264K->1392K(59392K)] 355800K->297928K(635904K), 0.0019537 secs] [Times: user=0.01 sys=0.00, real=0.00 secs] 
656.415: [GC (Allocation Failure) [PSYoungGen: 59248K->1408K(59904K)] 355784K->297968K(636416K), 0.0016324 secs] [Times: user=0.01 sys=0.00, real=0.00 secs] 
656.948: [GC (Allocation Failure) [PSYoungGen: 59264K->1437K(59904K)] 355824K->297997K(636416K), 0.0019363 secs] [Times: user=0.01 sys=0.00, real=0.00 secs] 
657.288: [GC (Allocation Failure) [PSYoungGen: 59293K->1533K(59904K)] 355853K->298093K(636416K), 0.0015028 secs] [Times: user=0.01 sys=0.00, real=0.00 secs] 
657.625: [GC (Allocation Failure) [PSYoungGen: 59382K->1533K(59904K)] 355942K->298101K(636416K), 0.0016705 secs] [Times: user=0.01 sys=0.00, real=0.00 secs] 
657.963: [GC (Allocation Failure) [PSYoungGen: 59389K->1565K(59904K)] 355957K->298133K(636416K), 0.0014991 secs] [Times: user=0.00 sys=0.00, real=0.00 secs] 
658.298: [GC (Allocation Failure) [PSYoungGen: 59421K->1565K(59904K)] 355989K->298133K(636416K), 0.0014819 secs] [Times: user=0.01 sys=0.00, real=0.00 secs] 
658.650: [GC (Allocation Failure) [PSYoungGen: 59421K->1440K(59904K)] 355989K->298008K(636416K), 0.0019117 secs] [Times: user=0.01 sys=0.00, real=0.00 secs] 
659.147: [GC (Allocation Failure) [PSYoungGen: 59296K->1408K(59904K)] 355864K->297976K(636416K), 0.0019935 secs] [Times: user=0.01 sys=0.00, real=0.00 secs] 
659.631: [GC (Allocation Failure) [PSYoungGen: 59264K->1344K(59904K)] 355832K->297912K(636416K), 0.0021442 secs] [Times: user=0.00 sys=0.00, real=0.00 secs] 
660.089: [GC (Allocation Failure) [PSYoungGen: 59200K->1344K(59904K)] 355768K->297912K(636416K), 0.0021494 secs] [Times: user=0.00 sys=0.00, real=0.00 secs] 
660.665: [GC (Allocation Failure) [PSYoungGen: 59200K->1437K(59904K)] 355768K->298005K(636416K), 0.0023474 secs] [Times: user=0.01 sys=0.00, real=0.00 secs] 
661.132: [GC (Allocation Failure) [PSYoungGen: 59293K->1565K(59904K)] 355861K->298133K(636416K), 0.0015437 secs] [Times: user=0.01 sys=0.00, real=0.00 secs] 
661.469: [GC (Allocation Failure) [PSYoungGen: 59421K->1565K(59904K)] 355989K->298149K(636416K), 0.0017930 secs] [Times: user=0.00 sys=0.00, real=0.00 secs] 
661.804: [GC (Allocation Failure) [PSYoungGen: 59421K->1533K(59904K)] 356005K->298117K(636416K), 0.0015256 secs] [Times: user=0.00 sys=0.00, real=0.01 secs] 
662.201: [GC (Allocation Failure) [PSYoungGen: 59389K->1501K(59904K)] 355973K->298085K(636416K), 0.0015456 secs] [Times: user=0.01 sys=0.00, real=0.00 secs] 
662.504: [GC (Allocation Failure) [PSYoungGen: 59357K->1424K(59904K)] 355941K->298016K(636416K), 0.0028456 secs] [Times: user=0.01 sys=0.00, real=0.01 secs] 
663.013: [GC (Allocation Failure) [PSYoungGen: 59280K->1376K(59904K)] 355872K->297968K(636416K), 0.0023636 secs] [Times: user=0.01 sys=0.00, real=0.01 secs] 
663.513: [GC (Allocation Failure) [PSYoungGen: 59232K->1408K(59904K)] 355824K->298000K(636416K), 0.0021336 secs] [Times: user=0.01 sys=0.00, real=0.01 secs] 
663.960: [GC (Allocation Failure) [PSYoungGen: 59264K->1376K(59904K)] 355856K->297968K(636416K), 0.0020792 secs] [Times: user=0.01 sys=0.00, real=0.00 secs] 
664.412: [GC (Allocation Failure) [PSYoungGen: 59232K->1408K(59904K)] 355824K->298000K(636416K), 0.0021352 secs] [Times: user=0.01 sys=0.00, real=0.00 secs] 
665.348: [GC (Allocation Failure) [PSYoungGen: 59264K->1533K(59904K)] 355856K->298125K(636416K), 0.0015546 secs] [Times: user=0.00 sys=0.00, real=0.00 secs] 
665.684: [GC (Allocation Failure) [PSYoungGen: 59389K->1533K(59904K)] 355981K->298141K(636416K), 0.0015954 secs] [Times: user=0.00 sys=0.00, real=0.01 secs] 
666.020: [GC (Allocation Failure) [PSYoungGen: 59389K->1533K(59904K)] 355997K->298141K(636416K), 0.0015173 secs] [Times: user=0.01 sys=0.00, real=0.00 secs] 
666.355: [GC (Allocation Failure) [PSYoungGen: 59389K->1565K(59904K)] 355997K->298173K(636416K), 0.0015499 secs] [Times: user=0.01 sys=0.00, real=0.00 secs] 
666.823: [GC (Allocation Failure) [PSYoungGen: 59421K->1376K(59904K)] 356029K->297984K(636416K), 0.0018523 secs] [Times: user=0.00 sys=0.00, real=0.00 secs] 
667.314: [GC (Allocation Failure) [PSYoungGen: 59232K->1408K(59904K)] 355840K->298032K(636416K), 0.0018106 secs] [Times: user=0.01 sys=0.00, real=0.01 secs] 
667.789: [GC (Allocation Failure) [PSYoungGen: 59264K->1392K(59904K)] 355888K->298016K(636416K), 0.0020995 secs] [Times: user=0.01 sys=0.00, real=0.00 secs] 
668.333: [GC (Allocation Failure) [PSYoungGen: 59248K->1408K(59904K)] 355872K->298032K(636416K), 0.0020399 secs] [Times: user=0.01 sys=0.00, real=0.01 secs] 
668.612: [GC (Allocation Failure) [PSYoungGen: 59264K->1408K(59904K)] 355888K->298032K(636416K), 0.0019703 secs] [Times: user=0.01 sys=0.00, real=0.00 secs] 
668.966: [GC (Allocation Failure) [PSYoungGen: 59254K->1501K(59904K)] 355878K->298125K(636416K), 0.0014671 secs] [Times: user=0.00 sys=0.00, real=0.00 secs] 
669.301: [GC (Allocation Failure) [PSYoungGen: 59357K->1533K(59904K)] 355981K->298181K(636416K), 0.0015058 secs] [Times: user=0.01 sys=0.00, real=0.00 secs] 
669.637: [GC (Allocation Failure) [PSYoungGen: 59389K->1565K(59904K)] 356037K->298213K(636416K), 0.0014917 secs] [Times: user=0.01 sys=0.00, real=0.00 secs] 
669.973: [GC (Allocation Failure) [PSYoungGen: 59421K->1568K(59904K)] 356069K->298216K(636416K), 0.0015050 secs] [Times: user=0.01 sys=0.00, real=0.00 secs] 
670.264: [GC (Allocation Failure) [PSYoungGen: 59424K->1440K(59904K)] 356072K->298088K(636416K), 0.0016079 secs] [Times: user=0.01 sys=0.00, real=0.01 secs] 
670.504: [GC (Allocation Failure) [PSYoungGen: 59296K->1360K(59904K)] 355944K->298008K(636416K), 0.0018339 secs] [Times: user=0.00 sys=0.00, real=0.01 secs] 
670.744: [GC (Allocation Failure) [PSYoungGen: 59216K->1376K(59904K)] 355864K->298024K(636416K), 0.0019719 secs] [Times: user=0.01 sys=0.00, real=0.01 secs] 
670.985: [GC (Allocation Failure) [PSYoungGen: 59232K->1328K(59904K)] 355880K->297976K(636416K), 0.0018120 secs] [Times: user=0.01 sys=0.01, real=0.00 secs] 
671.225: [GC (Allocation Failure) [PSYoungGen: 59184K->1376K(59904K)] 355832K->298024K(636416K), 0.0019237 secs] [Times: user=0.00 sys=0.00, real=0.00 secs] 
671.562: [GC (Allocation Failure) [PSYoungGen: 59232K->1501K(59904K)] 355880K->298149K(636416K), 0.0016245 secs] [Times: user=0.01 sys=0.00, real=0.00 secs] 
671.898: [GC (Allocation Failure) [PSYoungGen: 59341K->1549K(59904K)] 355989K->298213K(636416K), 0.0015096 secs] [Times: user=0.00 sys=0.00, real=0.00 secs] 
672.233: [GC (Allocation Failure) [PSYoungGen: 59405K->1552K(59904K)] 356069K->298216K(636416K), 0.0015060 secs] [Times: user=0.01 sys=0.00, real=0.01 secs] 
672.569: [GC (Allocation Failure) [PSYoungGen: 59378K->1536K(59904K)] 356043K->298200K(636416K), 0.0015013 secs] [Times: user=0.00 sys=0.00, real=0.00 secs] 
672.894: [GC (Allocation Failure) [PSYoungGen: 59392K->1424K(59904K)] 356056K->298088K(636416K), 0.0019363 secs] [Times: user=0.01 sys=0.00, real=0.01 secs] 
673.134: [GC (Allocation Failure) [PSYoungGen: 59280K->1344K(59904K)] 355944K->298008K(636416K), 0.0017715 secs] [Times: user=0.01 sys=0.00, real=0.01 secs] 
673.375: [GC (Allocation Failure) [PSYoungGen: 59200K->1344K(59904K)] 355864K->298008K(636416K), 0.0018070 secs] [Times: user=0.01 sys=0.00, real=0.00 secs] 
673.615: [GC (Allocation Failure) [PSYoungGen: 59200K->1424K(59904K)] 355864K->298088K(636416K), 0.0021244 secs] [Times: user=0.01 sys=0.00, real=0.00 secs] 
673.945: [GC (Allocation Failure) [PSYoungGen: 59280K->1376K(59904K)] 355944K->298040K(636416K), 0.0020235 secs] [Times: user=0.00 sys=0.00, real=0.00 secs] 
674.394: [GC (Allocation Failure) [PSYoungGen: 59231K->1501K(59904K)] 355895K->298165K(636416K), 0.0015071 secs] [Times: user=0.01 sys=0.00, real=0.01 secs] 
674.729: [GC (Allocation Failure) [PSYoungGen: 59357K->1565K(59904K)] 356021K->298245K(636416K), 0.0015120 secs] [Times: user=0.01 sys=0.00, real=0.00 secs] 
675.066: [GC (Allocation Failure) [PSYoungGen: 59421K->1549K(59904K)] 356101K->298237K(636416K), 0.0015065 secs] [Times: user=0.01 sys=0.00, real=0.00 secs] 
675.401: [GC (Allocation Failure) [PSYoungGen: 59405K->1549K(59904K)] 356093K->298237K(636416K), 0.0015059 secs] [Times: user=0.00 sys=0.00, real=0.00 secs] 
676.232: [GC (Allocation Failure) [PSYoungGen: 59405K->1440K(59904K)] 356093K->298128K(636416K), 0.0029138 secs] [Times: user=0.01 sys=0.00, real=0.01 secs] 
677.445: [GC (Allocation Failure) [PSYoungGen: 59296K->1376K(59904K)] 355984K->298064K(636416K), 0.0037361 secs] [Times: user=0.02 sys=0.00, real=0.00 secs] 
678.110: [GC (Allocation Failure) [PSYoungGen: 59232K->1344K(59904K)] 355920K->298032K(636416K), 0.0031057 secs] [Times: user=0.01 sys=0.00, real=0.00 secs] 
678.455: [GC (Allocation Failure) [PSYoungGen: 59200K->1408K(59904K)] 355888K->298096K(636416K), 0.0019064 secs] [Times: user=0.00 sys=0.00, real=0.00 secs] 
678.696: [GC (Allocation Failure) [PSYoungGen: 59264K->1376K(59904K)] 355952K->298064K(636416K), 0.0020420 secs] [Times: user=0.01 sys=0.00, real=0.00 secs] 
679.013: [GC (Allocation Failure) [PSYoungGen: 59232K->1533K(59904K)] 355920K->298221K(636416K), 0.0014270 secs] [Times: user=0.00 sys=0.00, real=0.01 secs] 
679.350: [GC (Allocation Failure) [PSYoungGen: 59389K->1549K(59904K)] 356077K->298253K(636416K), 0.0014969 secs] [Times: user=0.00 sys=0.00, real=0.00 secs] 
679.687: [GC (Allocation Failure) [PSYoungGen: 59405K->1549K(59904K)] 356109K->298253K(636416K), 0.0014930 secs] [Times: user=0.01 sys=0.00, real=0.00 secs] 
680.022: [GC (Allocation Failure) [PSYoungGen: 59405K->1536K(59904K)] 356109K->298240K(636416K), 0.0014945 secs] [Times: user=0.01 sys=0.00, real=0.00 secs] 
680.408: [GC (Allocation Failure) [PSYoungGen: 59392K->1488K(59904K)] 356096K->299216K(636416K), 0.0019705 secs] [Times: user=0.01 sys=0.00, real=0.00 secs] 
680.945: [GC (Allocation Failure) [PSYoungGen: 59344K->384K(59904K)] 357072K->298120K(636416K), 0.0018829 secs] [Times: user=0.01 sys=0.00, real=0.00 secs] 
681.207: [GC (Allocation Failure) [PSYoungGen: 58240K->416K(59904K)] 355976K->298152K(636416K), 0.0018375 secs] [Times: user=0.00 sys=0.00, real=0.00 secs] 
681.448: [GC (Allocation Failure) [PSYoungGen: 58272K->352K(59904K)] 356008K->298088K(636416K), 0.0019383 secs] [Times: user=0.01 sys=0.00, real=0.00 secs] 
681.704: [GC (Allocation Failure) [PSYoungGen: 58208K->400K(59392K)] 355944K->298136K(635904K), 0.0018570 secs] [Times: user=0.00 sys=0.00, real=0.01 secs] 
682.023: [GC (Allocation Failure) [PSYoungGen: 57744K->1504K(59904K)] 355480K->299240K(636416K), 0.0014599 secs] [Times: user=0.01 sys=0.00, real=0.00 secs] 
682.355: [GC (Allocation Failure) [PSYoungGen: 58848K->1533K(59904K)] 356584K->299293K(636416K), 0.0015100 secs] [Times: user=0.00 sys=0.00, real=0.00 secs] 
682.694: [GC (Allocation Failure) [PSYoungGen: 58877K->1549K(59904K)] 356637K->299309K(636416K), 0.0015129 secs] [Times: user=0.01 sys=0.00, real=0.01 secs] 
683.029: [GC (Allocation Failure) [PSYoungGen: 58893K->1517K(59904K)] 356653K->299277K(636416K), 0.0014823 secs] [Times: user=0.01 sys=0.00, real=0.00 secs] 
683.388: [GC (Allocation Failure) [PSYoungGen: 58861K->2496K(59904K)] 356621K->300256K(636416K), 0.0021665 secs] [Times: user=0.01 sys=0.00, real=0.00 secs] 
683.661: [GC (Allocation Failure) [PSYoungGen: 59840K->1360K(59392K)] 357600K->299120K(635904K), 0.0019649 secs] [Times: user=0.01 sys=0.00, real=0.00 secs] 
683.900: [GC (Allocation Failure) [PSYoungGen: 58704K->1376K(59904K)] 356464K->299136K(636416K), 0.0018100 secs] [Times: user=0.00 sys=0.00, real=0.00 secs] 
684.138: [GC (Allocation Failure) [PSYoungGen: 58720K->1408K(59904K)] 356480K->299168K(636416K), 0.0017446 secs] [Times: user=0.01 sys=0.00, real=0.00 secs] 
684.376: [GC (Allocation Failure) [PSYoungGen: 58752K->1376K(59904K)] 356512K->299136K(636416K), 0.0018496 secs] [Times: user=0.01 sys=0.00, real=0.00 secs] 
684.701: [GC (Allocation Failure) [PSYoungGen: 58720K->1437K(59904K)] 356480K->299197K(636416K), 0.0014143 secs] [Times: user=0.01 sys=0.00, real=0.00 secs] 
685.033: [GC (Allocation Failure) [PSYoungGen: 58781K->1565K(59904K)] 356541K->299333K(636416K), 0.0014957 secs] [Times: user=0.01 sys=0.00, real=0.00 secs] 
685.430: [GC (Allocation Failure) [PSYoungGen: 58909K->1581K(59904K)] 356677K->299365K(636416K), 0.0015655 secs] [Times: user=0.01 sys=0.00, real=0.00 secs] 
685.764: [GC (Allocation Failure) [PSYoungGen: 58925K->1533K(59904K)] 356709K->299317K(636416K), 0.0015541 secs] [Times: user=0.01 sys=0.00, real=0.01 secs] 
686.156: [GC (Allocation Failure) [PSYoungGen: 58624K->288K(59904K)] 356408K->298072K(636416K), 0.0016583 secs] [Times: user=0.01 sys=0.00, real=0.00 secs] 
686.437: [GC (Allocation Failure) [PSYoungGen: 57632K->1328K(59904K)] 355416K->299112K(636416K), 0.0022207 secs] [Times: user=0.01 sys=0.00, real=0.00 secs] 
686.738: [GC (Allocation Failure) [PSYoungGen: 58672K->1392K(59904K)] 356456K->299176K(636416K), 0.0019327 secs] [Times: user=0.01 sys=0.00, real=0.00 secs] 
687.023: [GC (Allocation Failure) [PSYoungGen: 58736K->1344K(58880K)] 356520K->299128K(635392K), 0.0021412 secs] [Times: user=0.01 sys=0.00, real=0.01 secs] 
687.267: [GC (Allocation Failure) [PSYoungGen: 58688K->1408K(59392K)] 356472K->299192K(635904K), 0.0023777 secs] [Times: user=0.00 sys=0.00, real=0.00 secs] 
687.557: [GC (Allocation Failure) [PSYoungGen: 58752K->1485K(59392K)] 356536K->299269K(635904K), 0.0017907 secs] [Times: user=0.01 sys=0.00, real=0.00 secs] 
687.894: [GC (Allocation Failure) [PSYoungGen: 58829K->1533K(59392K)] 356613K->299325K(635904K), 0.0015682 secs] [Times: user=0.01 sys=0.00, real=0.01 secs] 
688.229: [GC (Allocation Failure) [PSYoungGen: 58877K->1565K(59392K)] 356669K->299357K(635904K), 0.0015088 secs] [Times: user=0.00 sys=0.00, real=0.00 secs] 
688.565: [GC (Allocation Failure) [PSYoungGen: 58909K->1565K(59392K)] 356701K->299357K(635904K), 0.0015131 secs] [Times: user=0.00 sys=0.00, real=0.00 secs] 
688.904: [GC (Allocation Failure) [PSYoungGen: 58909K->1533K(59392K)] 356701K->299325K(635904K), 0.0015016 secs] [Times: user=0.01 sys=0.00, real=0.01 secs] 
689.277: [GC (Allocation Failure) [PSYoungGen: 58877K->1392K(59392K)] 356669K->299192K(635904K), 0.0018879 secs] [Times: user=0.01 sys=0.00, real=0.00 secs] 
689.539: [GC (Allocation Failure) [PSYoungGen: 58736K->1408K(59392K)] 356536K->299208K(635904K), 0.0019868 secs] [Times: user=0.01 sys=0.00, real=0.00 secs] 
689.778: [GC (Allocation Failure) [PSYoungGen: 58752K->1376K(59392K)] 356552K->299176K(635904K), 0.0019857 secs] [Times: user=0.01 sys=0.00, real=0.00 secs] 
690.105: [GC (Allocation Failure) [PSYoungGen: 58720K->1376K(59392K)] 356520K->299176K(635904K), 0.0023052 secs] [Times: user=0.01 sys=0.00, real=0.00 secs] 
690.557: [GC (Allocation Failure) [PSYoungGen: 58720K->1376K(59392K)] 356520K->299176K(635904K), 0.0020278 secs] [Times: user=0.01 sys=0.00, real=0.00 secs] 
690.932: [GC (Allocation Failure) [PSYoungGen: 58720K->1568K(59392K)] 356520K->299376K(635904K), 0.0014950 secs] [Times: user=0.01 sys=0.00, real=0.00 secs] 
691.264: [GC (Allocation Failure) [PSYoungGen: 58912K->1581K(59392K)] 356720K->299405K(635904K), 0.0015100 secs] [Times: user=0.00 sys=0.00, real=0.01 secs] 
691.602: [GC (Allocation Failure) [PSYoungGen: 58925K->1536K(59392K)] 356749K->299360K(635904K), 0.0014925 secs] [Times: user=0.01 sys=0.00, real=0.00 secs] 
691.937: [GC (Allocation Failure) [PSYoungGen: 58851K->1568K(59392K)] 356676K->299392K(635904K), 0.0015135 secs] [Times: user=0.01 sys=0.00, real=0.00 secs] 
692.453: [GC (Allocation Failure) [PSYoungGen: 58912K->1424K(59392K)] 356736K->299248K(635904K), 0.0019735 secs] [Times: user=0.01 sys=0.00, real=0.00 secs] 
692.706: [GC (Allocation Failure) [PSYoungGen: 58768K->1360K(59392K)] 356592K->299184K(635904K), 0.0027485 secs] [Times: user=0.02 sys=0.00, real=0.00 secs] 
692.965: [GC (Allocation Failure) [PSYoungGen: 58704K->1376K(59392K)] 356528K->299200K(635904K), 0.0022218 secs] [Times: user=0.01 sys=0.00, real=0.00 secs] 
693.317: [GC (Allocation Failure) [PSYoungGen: 58720K->1376K(59392K)] 356544K->299200K(635904K), 0.0018679 secs] [Times: user=0.01 sys=0.00, real=0.00 secs] 
693.555: [GC (Allocation Failure) [PSYoungGen: 58720K->1360K(59392K)] 356544K->299184K(635904K), 0.0019520 secs] [Times: user=0.01 sys=0.00, real=0.00 secs] 
693.902: [GC (Allocation Failure) [PSYoungGen: 58704K->1568K(59392K)] 356528K->299392K(635904K), 0.0014918 secs] [Times: user=0.01 sys=0.00, real=0.00 secs] 
694.331: [GC (Allocation Failure) [PSYoungGen: 58912K->1533K(59392K)] 356736K->299373K(635904K), 0.0015591 secs] [Times: user=0.01 sys=0.00, real=0.00 secs] 
694.665: [GC (Allocation Failure) [PSYoungGen: 58877K->1533K(59392K)] 356717K->299373K(635904K), 0.0016409 secs] [Times: user=0.00 sys=0.00, real=0.00 secs] 
695.002: [GC (Allocation Failure) [PSYoungGen: 58877K->1568K(59392K)] 356717K->299408K(635904K), 0.0015582 secs] [Times: user=0.00 sys=0.00, real=0.00 secs] 
695.614: [GC (Allocation Failure) [PSYoungGen: 58912K->1472K(59392K)] 356752K->299312K(635904K), 0.0043244 secs] [Times: user=0.01 sys=0.00, real=0.01 secs] 
696.237: [GC (Allocation Failure) [PSYoungGen: 58816K->1376K(59392K)] 356656K->299240K(635904K), 0.0037477 secs] [Times: user=0.02 sys=0.00, real=0.00 secs] 
696.711: [GC (Allocation Failure) [PSYoungGen: 58720K->1408K(59392K)] 356584K->299272K(635904K), 0.0025583 secs] [Times: user=0.01 sys=0.00, real=0.00 secs] 
697.200: [GC (Allocation Failure) [PSYoungGen: 58752K->1376K(59392K)] 356616K->299240K(635904K), 0.0022101 secs] [Times: user=0.01 sys=0.00, real=0.00 secs] 
697.544: [GC (Allocation Failure) [PSYoungGen: 58720K->1376K(59392K)] 356584K->299240K(635904K), 0.0020317 secs] [Times: user=0.01 sys=0.00, real=0.01 secs] 
697.934: [GC (Allocation Failure) [PSYoungGen: 58720K->1549K(59392K)] 356584K->299413K(635904K), 0.0014512 secs] [Times: user=0.01 sys=0.00, real=0.01 secs] 
698.266: [GC (Allocation Failure) [PSYoungGen: 58893K->1549K(59392K)] 356757K->299429K(635904K), 0.0014882 secs] [Times: user=0.00 sys=0.00, real=0.00 secs] 
698.602: [GC (Allocation Failure) [PSYoungGen: 58893K->1597K(59392K)] 356773K->299477K(635904K), 0.0015248 secs] [Times: user=0.01 sys=0.00, real=0.00 secs] 
698.940: [GC (Allocation Failure) [PSYoungGen: 58923K->1565K(59392K)] 356803K->299445K(635904K), 0.0014892 secs] [Times: user=0.01 sys=0.00, real=0.00 secs] 
699.494: [GC (Allocation Failure) [PSYoungGen: 58909K->1520K(59392K)] 356789K->299408K(635904K), 0.0021156 secs] [Times: user=0.01 sys=0.00, real=0.01 secs] 
699.733: [GC (Allocation Failure) [PSYoungGen: 58864K->1408K(59392K)] 356752K->299296K(635904K), 0.0020201 secs] [Times: user=0.01 sys=0.00, real=0.00 secs] 
699.971: [GC (Allocation Failure) [PSYoungGen: 58752K->1376K(59392K)] 356640K->299264K(635904K), 0.0018771 secs] [Times: user=0.01 sys=0.00, real=0.00 secs] 
700.209: [GC (Allocation Failure) [PSYoungGen: 58720K->1360K(59392K)] 356608K->299248K(635904K), 0.0019895 secs] [Times: user=0.01 sys=0.00, real=0.00 secs] 
700.448: [GC (Allocation Failure) [PSYoungGen: 58704K->1376K(59392K)] 356592K->299264K(635904K), 0.0020370 secs] [Times: user=0.01 sys=0.00, real=0.00 secs] 
700.900: [GC (Allocation Failure) [PSYoungGen: 58720K->1501K(59392K)] 356608K->299397K(635904K), 0.0021938 secs] [Times: user=0.00 sys=0.00, real=0.00 secs] 
701.278: [GC (Allocation Failure) [PSYoungGen: 58845K->1565K(59392K)] 356741K->299477K(635904K), 0.0015097 secs] [Times: user=0.01 sys=0.00, real=0.00 secs] 
701.614: [GC (Allocation Failure) [PSYoungGen: 58909K->1501K(59392K)] 356821K->299413K(635904K), 0.0015591 secs] [Times: user=0.00 sys=0.00, real=0.01 secs] 
701.949: [GC (Allocation Failure) [PSYoungGen: 58845K->1517K(59392K)] 356757K->299429K(635904K), 0.0015510 secs] [Times: user=0.00 sys=0.00, real=0.00 secs] 
702.292: [GC (Allocation Failure) [PSYoungGen: 58861K->1488K(59392K)] 356773K->300432K(635904K), 0.0018901 secs] [Times: user=0.00 sys=0.00, real=0.00 secs] 
702.530: [GC (Allocation Failure) [PSYoungGen: 58832K->336K(59392K)] 357776K->299280K(635904K), 0.0018230 secs] [Times: user=0.01 sys=0.00, real=0.00 secs] 
702.769: [GC (Allocation Failure) [PSYoungGen: 57680K->352K(59392K)] 356624K->299296K(635904K), 0.0015830 secs] [Times: user=0.01 sys=0.00, real=0.00 secs] 
703.006: [GC (Allocation Failure) [PSYoungGen: 57696K->368K(59392K)] 356640K->299312K(635904K), 0.0018000 secs] [Times: user=0.01 sys=0.00, real=0.00 secs] 
703.244: [GC (Allocation Failure) [PSYoungGen: 57712K->384K(59904K)] 356656K->299328K(636416K), 0.0018004 secs] [Times: user=0.00 sys=0.00, real=0.01 secs] 
703.518: [GC (Allocation Failure) [PSYoungGen: 57728K->1469K(59904K)] 356672K->300413K(636416K), 0.0015687 secs] [Times: user=0.00 sys=0.00, real=0.00 secs] 
703.921: [GC (Allocation Failure) [PSYoungGen: 58813K->1549K(59904K)] 357757K->300517K(636416K), 0.0015581 secs] [Times: user=0.01 sys=0.00, real=0.00 secs] 
704.263: [GC (Allocation Failure) [PSYoungGen: 58893K->1533K(59904K)] 357861K->300501K(636416K), 0.0014555 secs] [Times: user=0.00 sys=0.00, real=0.00 secs] 
704.602: [GC (Allocation Failure) [PSYoungGen: 58877K->1565K(59904K)] 357845K->300533K(636416K), 0.0015385 secs] [Times: user=0.01 sys=0.00, real=0.00 secs] 
705.070: [GC (Allocation Failure) [PSYoungGen: 58909K->1632K(59904K)] 357877K->300600K(636416K), 0.0019039 secs] [Times: user=0.01 sys=0.00, real=0.00 secs] 
705.658: [GC (Allocation Failure) [PSYoungGen: 58976K->1408K(59904K)] 357944K->300376K(636416K), 0.0026620 secs] [Times: user=0.01 sys=0.00, real=0.00 secs] 
705.921: [GC (Allocation Failure) [PSYoungGen: 58752K->1344K(59904K)] 357720K->300336K(636416K), 0.0019844 secs] [Times: user=0.00 sys=0.00, real=0.00 secs] 
706.159: [GC (Allocation Failure) [PSYoungGen: 58688K->1392K(59904K)] 357680K->300384K(636416K), 0.0019131 secs] [Times: user=0.01 sys=0.00, real=0.00 secs] 
706.425: [GC (Allocation Failure) [PSYoungGen: 58736K->1344K(58880K)] 357728K->300336K(635392K), 0.0019830 secs] [Times: user=0.01 sys=0.00, real=0.00 secs] 
706.735: [GC (Allocation Failure) [PSYoungGen: 58688K->1501K(59392K)] 357680K->300493K(635904K), 0.0013794 secs] [Times: user=0.00 sys=0.00, real=0.00 secs] 
707.068: [GC (Allocation Failure) [PSYoungGen: 58845K->1613K(59392K)] 357837K->300621K(635904K), 0.0014815 secs] [Times: user=0.01 sys=0.00, real=0.00 secs] 
707.467: [GC (Allocation Failure) [PSYoungGen: 58957K->1565K(59904K)] 357965K->300573K(636416K), 0.0015427 secs] [Times: user=0.01 sys=0.00, real=0.00 secs] 
707.865: [GC (Allocation Failure) [PSYoungGen: 58909K->1581K(59904K)] 357917K->300589K(636416K), 0.0015622 secs] [Times: user=0.00 sys=0.00, real=0.00 secs] 
708.201: [GC (Allocation Failure) [PSYoungGen: 58925K->1549K(59904K)] 357933K->300557K(636416K), 0.0015278 secs] [Times: user=0.01 sys=0.00, real=0.00 secs] 
708.475: [GC (Allocation Failure) [PSYoungGen: 58893K->1408K(58880K)] 357901K->300416K(635392K), 0.0027692 secs] [Times: user=0.01 sys=0.00, real=0.00 secs] 
708.713: [GC (Allocation Failure) [PSYoungGen: 58752K->1344K(59392K)] 357760K->300352K(635904K), 0.0019170 secs] [Times: user=0.01 sys=0.00, real=0.01 secs] 
708.951: [GC (Allocation Failure) [PSYoungGen: 58688K->1376K(59392K)] 357696K->300384K(635904K), 0.0019800 secs] [Times: user=0.01 sys=0.00, real=0.00 secs] 
709.189: [GC (Allocation Failure) [PSYoungGen: 58720K->1344K(59392K)] 357728K->300352K(635904K), 0.0019055 secs] [Times: user=0.01 sys=0.00, real=0.00 secs] 
709.560: [GC (Allocation Failure) [PSYoungGen: 58688K->1360K(59392K)] 357696K->300368K(635904K), 0.0017136 secs] [Times: user=0.01 sys=0.00, real=0.00 secs] 
709.961: [GC (Allocation Failure) [PSYoungGen: 58704K->1536K(59392K)] 357712K->300568K(635904K), 0.0017488 secs] [Times: user=0.01 sys=0.00, real=0.00 secs] 
710.294: [GC (Allocation Failure) [PSYoungGen: 58880K->1597K(59392K)] 357912K->300629K(635904K), 0.0014949 secs] [Times: user=0.00 sys=0.00, real=0.01 secs] 
710.627: [GC (Allocation Failure) [PSYoungGen: 58941K->1565K(59392K)] 357973K->300605K(635904K), 0.0015600 secs] [Times: user=0.01 sys=0.00, real=0.00 secs] 
710.964: [GC (Allocation Failure) [PSYoungGen: 58909K->1517K(59392K)] 357949K->300557K(635904K), 0.0015196 secs] [Times: user=0.01 sys=0.00, real=0.01 secs] 
711.590: [GC (Allocation Failure) [PSYoungGen: 58861K->1440K(59392K)] 357901K->300480K(635904K), 0.0018037 secs] [Times: user=0.00 sys=0.00, real=0.00 secs] 
712.416: [GC (Allocation Failure) [PSYoungGen: 58784K->1408K(59392K)] 357824K->300448K(635904K), 0.0037697 secs] [Times: user=0.02 sys=0.00, real=0.00 secs] 
713.284: [GC (Allocation Failure) [PSYoungGen: 58752K->1408K(59392K)] 357792K->300448K(635904K), 0.0037093 secs] [Times: user=0.01 sys=0.00, real=0.01 secs] 
714.039: [GC (Allocation Failure) [PSYoungGen: 58752K->1376K(59392K)] 357792K->300416K(635904K), 0.0037769 secs] [Times: user=0.01 sys=0.01, real=0.00 secs] 
714.488: [GC (Allocation Failure) [PSYoungGen: 58720K->1376K(59392K)] 357760K->300416K(635904K), 0.0028520 secs] [Times: user=0.01 sys=0.00, real=0.00 secs] 
714.870: [GC (Allocation Failure) [PSYoungGen: 58720K->1504K(59392K)] 357760K->300544K(635904K), 0.0014462 secs] [Times: user=0.00 sys=0.00, real=0.00 secs] 
715.264: [GC (Allocation Failure) [PSYoungGen: 58848K->1549K(59392K)] 357888K->300605K(635904K), 0.0015331 secs] [Times: user=0.00 sys=0.00, real=0.01 secs] 
715.598: [GC (Allocation Failure) [PSYoungGen: 58893K->1501K(59392K)] 357949K->300557K(635904K), 0.0015544 secs] [Times: user=0.01 sys=0.00, real=0.00 secs] 
715.991: [GC (Allocation Failure) [PSYoungGen: 58845K->1565K(59392K)] 357901K->300621K(635904K), 0.0015479 secs] [Times: user=0.00 sys=0.00, real=0.00 secs] 
717.125: [GC (Allocation Failure) [PSYoungGen: 58909K->1424K(59392K)] 357965K->300480K(635904K), 0.0042255 secs] [Times: user=0.02 sys=0.00, real=0.00 secs] 
717.785: [GC (Allocation Failure) [PSYoungGen: 58768K->1344K(59392K)] 357824K->300400K(635904K), 0.0023482 secs] [Times: user=0.01 sys=0.00, real=0.00 secs] 
718.253: [GC (Allocation Failure) [PSYoungGen: 58688K->1376K(59392K)] 357744K->300432K(635904K), 0.0024595 secs] [Times: user=0.01 sys=0.00, real=0.01 secs] 
718.659: [GC (Allocation Failure) [PSYoungGen: 58720K->1408K(59392K)] 357776K->300464K(635904K), 0.0020512 secs] [Times: user=0.01 sys=0.00, real=0.00 secs] 
719.112: [GC (Allocation Failure) [PSYoungGen: 58752K->1376K(59392K)] 357808K->300456K(635904K), 0.0022335 secs] [Times: user=0.01 sys=0.00, real=0.00 secs] 
719.545: [GC (Allocation Failure) [PSYoungGen: 58720K->1533K(59392K)] 357800K->300613K(635904K), 0.0016183 secs] [Times: user=0.01 sys=0.00, real=0.00 secs] 
719.880: [GC (Allocation Failure) [PSYoungGen: 58877K->1549K(59392K)] 357957K->300645K(635904K), 0.0015263 secs] [Times: user=0.00 sys=0.00, real=0.00 secs] 
720.214: [GC (Allocation Failure) [PSYoungGen: 58893K->1565K(59392K)] 357989K->300661K(635904K), 0.0015130 secs] [Times: user=0.01 sys=0.00, real=0.01 secs] 
720.548: [GC (Allocation Failure) [PSYoungGen: 58909K->1565K(59392K)] 358005K->300661K(635904K), 0.0015051 secs] [Times: user=0.00 sys=0.00, real=0.00 secs] 
720.954: [GC (Allocation Failure) [PSYoungGen: 58909K->1472K(59392K)] 358005K->300576K(635904K), 0.0019090 secs] [Times: user=0.01 sys=0.00, real=0.01 secs] 
721.303: [GC (Allocation Failure) [PSYoungGen: 58816K->1344K(59392K)] 357920K->300448K(635904K), 0.0020001 secs] [Times: user=0.01 sys=0.00, real=0.01 secs] 
721.800: [GC (Allocation Failure) [PSYoungGen: 58688K->1360K(59392K)] 357792K->300464K(635904K), 0.0020312 secs] [Times: user=0.00 sys=0.01, real=0.00 secs] 
722.273: [GC (Allocation Failure) [PSYoungGen: 58704K->1376K(59392K)] 357808K->300480K(635904K), 0.0021381 secs] [Times: user=0.01 sys=0.00, real=0.01 secs] 
722.772: [GC (Allocation Failure) [PSYoungGen: 58720K->1344K(59392K)] 357824K->300448K(635904K), 0.0020955 secs] [Times: user=0.01 sys=0.00, real=0.00 secs] 
723.377: [GC (Allocation Failure) [PSYoungGen: 58688K->1485K(59392K)] 357792K->300589K(635904K), 0.0014599 secs] [Times: user=0.01 sys=0.00, real=0.00 secs] 
723.768: [GC (Allocation Failure) [PSYoungGen: 58829K->1613K(59392K)] 357933K->300733K(635904K), 0.0015843 secs] [Times: user=0.01 sys=0.00, real=0.00 secs] 
724.105: [GC (Allocation Failure) [PSYoungGen: 58957K->1501K(59392K)] 358077K->300621K(635904K), 0.0015782 secs] [Times: user=0.00 sys=0.00, real=0.00 secs] 
724.443: [GC (Allocation Failure) [PSYoungGen: 58845K->1504K(59392K)] 357965K->300624K(635904K), 0.0015527 secs] [Times: user=0.00 sys=0.00, real=0.01 secs] 
724.955: [GC (Allocation Failure) [PSYoungGen: 58848K->1472K(59392K)] 357968K->301616K(635904K), 0.0023407 secs] [Times: user=0.01 sys=0.00, real=0.01 secs] 
725.420: [GC (Allocation Failure) [PSYoungGen: 58816K->352K(59392K)] 358960K->300496K(635904K), 0.0026152 secs] [Times: user=0.01 sys=0.00, real=0.00 secs] 
725.864: [GC (Allocation Failure) [PSYoungGen: 57696K->320K(59392K)] 357840K->300464K(635904K), 0.0022240 secs] [Times: user=0.01 sys=0.00, real=0.01 secs] 
726.331: [GC (Allocation Failure) [PSYoungGen: 57664K->400K(59392K)] 357808K->300544K(635904K), 0.0021755 secs] [Times: user=0.01 sys=0.00, real=0.00 secs] 
726.896: [GC (Allocation Failure) [PSYoungGen: 57744K->368K(59392K)] 357888K->300512K(635904K), 0.0023623 secs] [Times: user=0.01 sys=0.00, real=0.00 secs] 
727.577: [GC (Allocation Failure) [PSYoungGen: 57712K->1469K(59904K)] 357856K->301637K(636416K), 0.0014134 secs] [Times: user=0.00 sys=0.00, real=0.00 secs] 
727.907: [GC (Allocation Failure) [PSYoungGen: 58813K->1568K(59904K)] 358981K->301744K(636416K), 0.0015099 secs] [Times: user=0.00 sys=0.00, real=0.00 secs] 
728.241: [GC (Allocation Failure) [PSYoungGen: 58912K->1581K(59904K)] 359088K->301757K(636416K), 0.0015764 secs] [Times: user=0.01 sys=0.00, real=0.00 secs] 
728.576: [GC (Allocation Failure) [PSYoungGen: 58925K->1565K(59904K)] 359101K->301741K(636416K), 0.0014857 secs] [Times: user=0.01 sys=0.00, real=0.00 secs] 
728.920: [GC (Allocation Failure) [PSYoungGen: 58909K->1792K(59904K)] 359085K->301968K(636416K), 0.0018055 secs] [Times: user=0.01 sys=0.00, real=0.00 secs] 
729.155: [GC (Allocation Failure) [PSYoungGen: 59136K->1392K(59904K)] 359312K->301568K(636416K), 0.0018833 secs] [Times: user=0.00 sys=0.00, real=0.01 secs] 
729.393: [GC (Allocation Failure) [PSYoungGen: 58736K->1344K(59904K)] 358912K->301520K(636416K), 0.0018392 secs] [Times: user=0.00 sys=0.00, real=0.00 secs] 
729.631: [GC (Allocation Failure) [PSYoungGen: 58688K->1376K(59904K)] 358864K->301552K(636416K), 0.0017440 secs] [Times: user=0.01 sys=0.00, real=0.00 secs] 
729.869: [GC (Allocation Failure) [PSYoungGen: 58720K->1376K(59904K)] 358896K->301552K(636416K), 0.0016725 secs] [Times: user=0.01 sys=0.00, real=0.00 secs] 
730.160: [GC (Allocation Failure) [PSYoungGen: 58720K->1469K(59904K)] 358896K->301645K(636416K), 0.0014144 secs] [Times: user=0.01 sys=0.00, real=0.00 secs] 
730.492: [GC (Allocation Failure) [PSYoungGen: 58813K->1533K(59904K)] 358989K->301725K(636416K), 0.0015743 secs] [Times: user=0.01 sys=0.00, real=0.00 secs] 
730.827: [GC (Allocation Failure) [PSYoungGen: 58877K->1565K(59904K)] 359069K->301757K(636416K), 0.0015641 secs] [Times: user=0.00 sys=0.00, real=0.00 secs] 
731.161: [GC (Allocation Failure) [PSYoungGen: 58909K->1549K(59904K)] 359101K->301741K(636416K), 0.0015301 secs] [Times: user=0.01 sys=0.00, real=0.00 secs] 
731.496: [GC (Allocation Failure) [PSYoungGen: 58893K->1584K(59904K)] 359085K->301776K(636416K), 0.0015130 secs] [Times: user=0.00 sys=0.00, real=0.00 secs] 
731.750: [GC (Allocation Failure) [PSYoungGen: 58928K->1440K(58880K)] 359120K->301632K(635392K), 0.0016347 secs] [Times: user=0.00 sys=0.00, real=0.00 secs] 
731.988: [GC (Allocation Failure) [PSYoungGen: 58784K->1376K(59392K)] 358976K->301568K(635904K), 0.0015401 secs] [Times: user=0.01 sys=0.00, real=0.00 secs] 
732.225: [GC (Allocation Failure) [PSYoungGen: 58720K->1376K(59392K)] 358912K->301576K(635904K), 0.0021311 secs] [Times: user=0.00 sys=0.00, real=0.00 secs] 
732.465: [GC (Allocation Failure) [PSYoungGen: 58720K->1376K(59392K)] 358920K->301576K(635904K), 0.0020158 secs] [Times: user=0.01 sys=0.01, real=0.01 secs] 
732.777: [GC (Allocation Failure) [PSYoungGen: 58579K->272K(59392K)] 358779K->300472K(635904K), 0.0024452 secs] [Times: user=0.01 sys=0.00, real=0.00 secs] 
733.166: [GC (Allocation Failure) [PSYoungGen: 57616K->1549K(59392K)] 357816K->301773K(635904K), 0.0016389 secs] [Times: user=0.00 sys=0.00, real=0.00 secs] 
733.500: [GC (Allocation Failure) [PSYoungGen: 58893K->1533K(59392K)] 359117K->301757K(635904K), 0.0015035 secs] [Times: user=0.01 sys=0.00, real=0.00 secs] 
733.834: [GC (Allocation Failure) [PSYoungGen: 58877K->1565K(59392K)] 359101K->301797K(635904K), 0.0015242 secs] [Times: user=0.01 sys=0.00, real=0.01 secs] 
734.173: [GC (Allocation Failure) [PSYoungGen: 58909K->1565K(59904K)] 359141K->301797K(636416K), 0.0015333 secs] [Times: user=0.01 sys=0.00, real=0.01 secs] 
734.503: [GC (Allocation Failure) [PSYoungGen: 58909K->1440K(58880K)] 359141K->301680K(635392K), 0.0018091 secs] [Times: user=0.01 sys=0.00, real=0.01 secs] 
734.825: [GC (Allocation Failure) [PSYoungGen: 58784K->1392K(59392K)] 359024K->301632K(635904K), 0.0018842 secs] [Times: user=0.00 sys=0.00, real=0.00 secs] 
735.233: [GC (Allocation Failure) [PSYoungGen: 58736K->1376K(59392K)] 358976K->301624K(635904K), 0.0027348 secs] [Times: user=0.01 sys=0.00, real=0.01 secs] 
735.738: [GC (Allocation Failure) [PSYoungGen: 58720K->1408K(59392K)] 358968K->301664K(635904K), 0.0027858 secs] [Times: user=0.01 sys=0.00, real=0.00 secs] 
736.198: [GC (Allocation Failure) [PSYoungGen: 58752K->1376K(59392K)] 359008K->301632K(635904K), 0.0020055 secs] [Times: user=0.01 sys=0.00, real=0.00 secs] 
736.616: [GC (Allocation Failure) [PSYoungGen: 58720K->1501K(59392K)] 358976K->301757K(635904K), 0.0014670 secs] [Times: user=0.00 sys=0.00, real=0.00 secs] 
737.009: [GC (Allocation Failure) [PSYoungGen: 58845K->1565K(59392K)] 359101K->301837K(635904K), 0.0015750 secs] [Times: user=0.00 sys=0.01, real=0.00 secs] 
737.344: [GC (Allocation Failure) [PSYoungGen: 58909K->1613K(59392K)] 359181K->301885K(635904K), 0.0015347 secs] [Times: user=0.00 sys=0.00, real=0.01 secs] 
737.738: [GC (Allocation Failure) [PSYoungGen: 58957K->1533K(59392K)] 359229K->301805K(635904K), 0.0015151 secs] [Times: user=0.01 sys=0.00, real=0.00 secs] 
738.211: [GC (Allocation Failure) [PSYoungGen: 58877K->1424K(59392K)] 359149K->301696K(635904K), 0.0030143 secs] [Times: user=0.01 sys=0.00, real=0.00 secs] 
738.521: [GC (Allocation Failure) [PSYoungGen: 58768K->1344K(59392K)] 359040K->301616K(635904K), 0.0018822 secs] [Times: user=0.01 sys=0.00, real=0.00 secs] 
738.863: [GC (Allocation Failure) [PSYoungGen: 58688K->1344K(59392K)] 358960K->301616K(635904K), 0.0019332 secs] [Times: user=0.01 sys=0.00, real=0.01 secs] 
739.203: [GC (Allocation Failure) [PSYoungGen: 58688K->1344K(59392K)] 358960K->301616K(635904K), 0.0027316 secs] [Times: user=0.01 sys=0.00, real=0.01 secs] 
739.632: [GC (Allocation Failure) [PSYoungGen: 58688K->1392K(59392K)] 358960K->301664K(635904K), 0.0026659 secs] [Times: user=0.01 sys=0.00, real=0.01 secs] 
740.240: [GC (Allocation Failure) [PSYoungGen: 58736K->1469K(59392K)] 359008K->301741K(635904K), 0.0014696 secs] [Times: user=0.01 sys=0.00, real=0.00 secs] 
740.572: [GC (Allocation Failure) [PSYoungGen: 58813K->1616K(59392K)] 359085K->301912K(635904K), 0.0015146 secs] [Times: user=0.00 sys=0.00, real=0.00 secs] 
740.972: [GC (Allocation Failure) [PSYoungGen: 58960K->1549K(59392K)] 359256K->301845K(635904K), 0.0015444 secs] [Times: user=0.01 sys=0.00, real=0.00 secs] 
741.371: [GC (Allocation Failure) [PSYoungGen: 58893K->1549K(59392K)] 359189K->301845K(635904K), 0.0015620 secs] [Times: user=0.01 sys=0.00, real=0.00 secs] 
741.693: [GC (Allocation Failure) [PSYoungGen: 58893K->1472K(59392K)] 359189K->301768K(635904K), 0.0020617 secs] [Times: user=0.00 sys=0.00, real=0.01 secs] 
741.932: [GC (Allocation Failure) [PSYoungGen: 58816K->1408K(59392K)] 359112K->301704K(635904K), 0.0019470 secs] [Times: user=0.01 sys=0.00, real=0.00 secs] 
742.199: [GC (Allocation Failure) [PSYoungGen: 58752K->1376K(59392K)] 359048K->301672K(635904K), 0.0018600 secs] [Times: user=0.01 sys=0.00, real=0.00 secs] 
742.437: [GC (Allocation Failure) [PSYoungGen: 58720K->1408K(59392K)] 359016K->301704K(635904K), 0.0019793 secs] [Times: user=0.01 sys=0.00, real=0.00 secs] 
742.687: [GC (Allocation Failure) [PSYoungGen: 58752K->1376K(59392K)] 359048K->301672K(635904K), 0.0020720 secs] [Times: user=0.01 sys=0.00, real=0.00 secs] 
743.042: [GC (Allocation Failure) [PSYoungGen: 58720K->1504K(59392K)] 359016K->301800K(635904K), 0.0014396 secs] [Times: user=0.01 sys=0.00, real=0.00 secs] 
743.375: [GC (Allocation Failure) [PSYoungGen: 58848K->1597K(59392K)] 359144K->301901K(635904K), 0.0015057 secs] [Times: user=0.00 sys=0.00, real=0.00 secs] 
743.708: [GC (Allocation Failure) [PSYoungGen: 58941K->1549K(59392K)] 359245K->301853K(635904K), 0.0015038 secs] [Times: user=0.01 sys=0.00, real=0.00 secs] 
744.107: [GC (Allocation Failure) [PSYoungGen: 58893K->1565K(59392K)] 359197K->301869K(635904K), 0.0015570 secs] [Times: user=0.01 sys=0.00, real=0.00 secs] 
744.896: [GC (Allocation Failure) [PSYoungGen: 58909K->1504K(59392K)] 359213K->302832K(635904K), 0.0040086 secs] [Times: user=0.01 sys=0.00, real=0.00 secs] 
745.956: [GC (Allocation Failure) [PSYoungGen: 58848K->352K(59392K)] 360176K->301680K(635904K), 0.0038114 secs] [Times: user=0.02 sys=0.00, real=0.00 secs] 
746.401: [GC (Allocation Failure) [PSYoungGen: 57696K->352K(59392K)] 359024K->301680K(635904K), 0.0031316 secs] [Times: user=0.01 sys=0.00, real=0.00 secs] 
746.832: [GC (Allocation Failure) [PSYoungGen: 57696K->352K(59392K)] 359024K->301688K(635904K), 0.0024344 secs] [Times: user=0.01 sys=0.00, real=0.01 secs] 
747.346: [GC (Allocation Failure) [PSYoungGen: 57696K->336K(59904K)] 359032K->301672K(636416K), 0.0026797 secs] [Times: user=0.01 sys=0.00, real=0.00 secs] 
747.898: [GC (Allocation Failure) [PSYoungGen: 57680K->1472K(59904K)] 359016K->302808K(636416K), 0.0014413 secs] [Times: user=0.01 sys=0.00, real=0.00 secs] 
748.289: [GC (Allocation Failure) [PSYoungGen: 58810K->1536K(59904K)] 360146K->302880K(636416K), 0.0015684 secs] [Times: user=0.01 sys=0.00, real=0.00 secs] 
748.623: [GC (Allocation Failure) [PSYoungGen: 58880K->1549K(59904K)] 360224K->302893K(636416K), 0.0015597 secs] [Times: user=0.01 sys=0.00, real=0.01 secs] 
748.959: [GC (Allocation Failure) [PSYoungGen: 58893K->1533K(59904K)] 360237K->302877K(636416K), 0.0015519 secs] [Times: user=0.00 sys=0.00, real=0.00 secs] 
749.340: [GC (Allocation Failure) [PSYoungGen: 58623K->1776K(59904K)] 359968K->303120K(636416K), 0.0018979 secs] [Times: user=0.01 sys=0.00, real=0.00 secs] 
749.742: [GC (Allocation Failure) [PSYoungGen: 59120K->1376K(59904K)] 360464K->302720K(636416K), 0.0027080 secs] [Times: user=0.01 sys=0.00, real=0.01 secs] 
750.017: [GC (Allocation Failure) [PSYoungGen: 58720K->1376K(59904K)] 360064K->302720K(636416K), 0.0018526 secs] [Times: user=0.00 sys=0.00, real=0.00 secs] 
750.255: [GC (Allocation Failure) [PSYoungGen: 58720K->1376K(59904K)] 360064K->302720K(636416K), 0.0019497 secs] [Times: user=0.01 sys=0.00, real=0.00 secs] 
750.493: [GC (Allocation Failure) [PSYoungGen: 58720K->1408K(59904K)] 360064K->302752K(636416K), 0.0018489 secs] [Times: user=0.01 sys=0.00, real=0.01 secs] 
750.809: [GC (Allocation Failure) [PSYoungGen: 58725K->1472K(59904K)] 360069K->302816K(636416K), 0.0014057 secs] [Times: user=0.00 sys=0.00, real=0.00 secs] 
751.141: [GC (Allocation Failure) [PSYoungGen: 58816K->1549K(59904K)] 360160K->302909K(636416K), 0.0015148 secs] [Times: user=0.00 sys=0.00, real=0.00 secs] 
751.477: [GC (Allocation Failure) [PSYoungGen: 58893K->1533K(59904K)] 360253K->302893K(636416K), 0.0015686 secs] [Times: user=0.00 sys=0.00, real=0.00 secs] 
751.873: [GC (Allocation Failure) [PSYoungGen: 58877K->1613K(59904K)] 360237K->302973K(636416K), 0.0015358 secs] [Times: user=0.01 sys=0.00, real=0.01 secs] 
752.209: [GC (Allocation Failure) [PSYoungGen: 58957K->1565K(59904K)] 360317K->302925K(636416K), 0.0015581 secs] [Times: user=0.00 sys=0.00, real=0.00 secs] 
752.910: [GC (Allocation Failure) [PSYoungGen: 58909K->1408K(58880K)] 360269K->302768K(635392K), 0.0033245 secs] [Times: user=0.01 sys=0.00, real=0.00 secs] 
753.586: [GC (Allocation Failure) [PSYoungGen: 58752K->1376K(59392K)] 360112K->302736K(635904K), 0.0033503 secs] [Times: user=0.01 sys=0.00, real=0.00 secs] 
754.305: [GC (Allocation Failure) [PSYoungGen: 58720K->1376K(59392K)] 360080K->302736K(635904K), 0.0031518 secs] [Times: user=0.01 sys=0.00, real=0.00 secs] 
754.805: [GC (Allocation Failure) [PSYoungGen: 58720K->1376K(59392K)] 360080K->302736K(635904K), 0.0034169 secs] [Times: user=0.02 sys=0.00, real=0.00 secs] 
755.302: [GC (Allocation Failure) [PSYoungGen: 58720K->1437K(59392K)] 360080K->302797K(635904K), 0.0026630 secs] [Times: user=0.02 sys=0.00, real=0.00 secs] 
755.710: [GC (Allocation Failure) [PSYoungGen: 58781K->1616K(59392K)] 360141K->302992K(635904K), 0.0015001 secs] [Times: user=0.00 sys=0.00, real=0.00 secs] 
756.044: [GC (Allocation Failure) [PSYoungGen: 58960K->1581K(59392K)] 360336K->302957K(635904K), 0.0015247 secs] [Times: user=0.01 sys=0.00, real=0.01 secs] 
756.380: [GC (Allocation Failure) [PSYoungGen: 58925K->1549K(59392K)] 360301K->302925K(635904K), 0.0015015 secs] [Times: user=0.01 sys=0.00, real=0.00 secs] 
756.715: [GC (Allocation Failure) [PSYoungGen: 58862K->1565K(59392K)] 360238K->302941K(635904K), 0.0014909 secs] [Times: user=0.01 sys=0.00, real=0.00 secs] 
757.052: [GC (Allocation Failure) [PSYoungGen: 58909K->1408K(59392K)] 360285K->302816K(635904K), 0.0018368 secs] [Times: user=0.01 sys=0.00, real=0.00 secs] 
757.467: [GC (Allocation Failure) [PSYoungGen: 58752K->1376K(59392K)] 360160K->302784K(635904K), 0.0025414 secs] [Times: user=0.01 sys=0.00, real=0.00 secs] 
757.929: [GC (Allocation Failure) [PSYoungGen: 58720K->1344K(59392K)] 360128K->302752K(635904K), 0.0032584 secs] [Times: user=0.01 sys=0.00, real=0.00 secs] 
758.360: [GC (Allocation Failure) [PSYoungGen: 58688K->1344K(59392K)] 360096K->302752K(635904K), 0.0026594 secs] [Times: user=0.01 sys=0.00, real=0.00 secs] 
758.796: [GC (Allocation Failure) [PSYoungGen: 58688K->1408K(59392K)] 360096K->302816K(635904K), 0.0025170 secs] [Times: user=0.02 sys=0.00, real=0.00 secs] 
759.230: [GC (Allocation Failure) [PSYoungGen: 58752K->1549K(59392K)] 360160K->302957K(635904K), 0.0014966 secs] [Times: user=0.01 sys=0.00, real=0.00 secs] 
759.568: [GC (Allocation Failure) [PSYoungGen: 58893K->1581K(59392K)] 360301K->303005K(635904K), 0.0015259 secs] [Times: user=0.00 sys=0.00, real=0.00 secs] 
759.903: [GC (Allocation Failure) [PSYoungGen: 58925K->1565K(59392K)] 360349K->302989K(635904K), 0.0015262 secs] [Times: user=0.01 sys=0.00, real=0.00 secs] 
760.241: [GC (Allocation Failure) [PSYoungGen: 58909K->1549K(59392K)] 360333K->302973K(635904K), 0.0016788 secs] [Times: user=0.01 sys=0.00, real=0.00 secs] 
760.563: [GC (Allocation Failure) [PSYoungGen: 58893K->1424K(59392K)] 360317K->302856K(635904K), 0.0018578 secs] [Times: user=0.01 sys=0.00, real=0.00 secs] 
760.801: [GC (Allocation Failure) [PSYoungGen: 58768K->1376K(59392K)] 360200K->302808K(635904K), 0.0019058 secs] [Times: user=0.01 sys=0.00, real=0.00 secs] 
761.178: [GC (Allocation Failure) [PSYoungGen: 58720K->1376K(59392K)] 360152K->302808K(635904K), 0.0018232 secs] [Times: user=0.00 sys=0.00, real=0.00 secs] 
761.639: [GC (Allocation Failure) [PSYoungGen: 58720K->1392K(59392K)] 360152K->302824K(635904K), 0.0020192 secs] [Times: user=0.01 sys=0.00, real=0.00 secs] 
762.173: [GC (Allocation Failure) [PSYoungGen: 58736K->1344K(59392K)] 360168K->302776K(635904K), 0.0020335 secs] [Times: user=0.00 sys=0.00, real=0.01 secs] 
762.708: [GC (Allocation Failure) [PSYoungGen: 58688K->1533K(59392K)] 360120K->302965K(635904K), 0.0015233 secs] [Times: user=0.01 sys=0.00, real=0.00 secs] 
763.041: [GC (Allocation Failure) [PSYoungGen: 58877K->1533K(59392K)] 360309K->302989K(635904K), 0.0014705 secs] [Times: user=0.01 sys=0.00, real=0.00 secs] 
763.376: [GC (Allocation Failure) [PSYoungGen: 58877K->1597K(59392K)] 360333K->303053K(635904K), 0.0014957 secs] [Times: user=0.01 sys=0.00, real=0.00 secs] 
763.710: [GC (Allocation Failure) [PSYoungGen: 58941K->1581K(59392K)] 360397K->303037K(635904K), 0.0015624 secs] [Times: user=0.01 sys=0.00, real=0.00 secs] 
764.594: [GC (Allocation Failure) [PSYoungGen: 58925K->1472K(59392K)] 360381K->302928K(635904K), 0.0025912 secs] [Times: user=0.01 sys=0.00, real=0.01 secs] 
765.207: [GC (Allocation Failure) [PSYoungGen: 58816K->1376K(59392K)] 360272K->302832K(635904K), 0.0025264 secs] [Times: user=0.01 sys=0.00, real=0.00 secs] 
765.705: [GC (Allocation Failure) [PSYoungGen: 58720K->1392K(59392K)] 360176K->302848K(635904K), 0.0030202 secs] [Times: user=0.01 sys=0.00, real=0.00 secs] 
766.205: [GC (Allocation Failure) [PSYoungGen: 58736K->1360K(59392K)] 360192K->302816K(635904K), 0.0021214 secs] [Times: user=0.01 sys=0.00, real=0.00 secs] 
766.651: [GC (Allocation Failure) [PSYoungGen: 58704K->1312K(59392K)] 360160K->302768K(635904K), 0.0019654 secs] [Times: user=0.00 sys=0.00, real=0.00 secs] 
767.093: [GC (Allocation Failure) [PSYoungGen: 58656K->1533K(59392K)] 360112K->302989K(635904K), 0.0015168 secs] [Times: user=0.00 sys=0.00, real=0.00 secs] 
767.425: [GC (Allocation Failure) [PSYoungGen: 58877K->1517K(59392K)] 360333K->302997K(635904K), 0.0015056 secs] [Times: user=0.01 sys=0.00, real=0.00 secs] 
767.760: [GC (Allocation Failure) [PSYoungGen: 58861K->1533K(59392K)] 360341K->303013K(635904K), 0.0014820 secs] [Times: user=0.00 sys=0.00, real=0.00 secs] 
768.093: [GC (Allocation Failure) [PSYoungGen: 58877K->1520K(59392K)] 360357K->303000K(635904K), 0.0015144 secs] [Times: user=0.01 sys=0.00, real=0.01 secs] 
768.527: [GC (Allocation Failure) [PSYoungGen: 58864K->1472K(59392K)] 360344K->305000K(635904K), 0.0021128 secs] [Times: user=0.01 sys=0.00, real=0.00 secs] 
769.033: [GC (Allocation Failure) [PSYoungGen: 58816K->352K(59392K)] 362344K->303880K(635904K), 0.0019103 secs] [Times: user=0.01 sys=0.00, real=0.00 secs] 
769.569: [GC (Allocation Failure) [PSYoungGen: 57696K->352K(59392K)] 361224K->303880K(635904K), 0.0020696 secs] [Times: user=0.01 sys=0.00, real=0.00 secs] 
769.808: [GC (Allocation Failure) [PSYoungGen: 57696K->352K(58880K)] 361224K->303880K(635392K), 0.0019534 secs] [Times: user=0.01 sys=0.00, real=0.00 secs] 
770.099: [GC (Allocation Failure) [PSYoungGen: 57184K->352K(59392K)] 360712K->303880K(635904K), 0.0020815 secs] [Times: user=0.01 sys=0.00, real=0.00 secs] 
770.434: [GC (Allocation Failure) [PSYoungGen: 57184K->1472K(59392K)] 360712K->305000K(635904K), 0.0014767 secs] [Times: user=0.01 sys=0.00, real=0.01 secs] 
770.765: [GC (Allocation Failure) [PSYoungGen: 58295K->1565K(59392K)] 361824K->305109K(635904K), 0.0015418 secs] [Times: user=0.00 sys=0.00, real=0.00 secs] 
771.099: [GC (Allocation Failure) [PSYoungGen: 58385K->1565K(59392K)] 361929K->305109K(635904K), 0.0014679 secs] [Times: user=0.01 sys=0.00, real=0.00 secs] 
771.431: [GC (Allocation Failure) [PSYoungGen: 58387K->1597K(59392K)] 361931K->305141K(635904K), 0.0014915 secs] [Times: user=0.00 sys=0.00, real=0.00 secs] 
771.790: [GC (Allocation Failure) [PSYoungGen: 58429K->1664K(59392K)] 361973K->305208K(635904K), 0.0018983 secs] [Times: user=0.01 sys=0.00, real=0.00 secs] 
772.027: [GC (Allocation Failure) [PSYoungGen: 58496K->1344K(59392K)] 362040K->304888K(635904K), 0.0019562 secs] [Times: user=0.01 sys=0.00, real=0.00 secs] 
772.263: [GC (Allocation Failure) [PSYoungGen: 58176K->1344K(59392K)] 361720K->304888K(635904K), 0.0018120 secs] [Times: user=0.00 sys=0.00, real=0.01 secs] 
772.500: [GC (Allocation Failure) [PSYoungGen: 58176K->1344K(59392K)] 361720K->304888K(635904K), 0.0018448 secs] [Times: user=0.01 sys=0.00, real=0.00 secs] 
772.736: [GC (Allocation Failure) [PSYoungGen: 58176K->1408K(59392K)] 361720K->304952K(635904K), 0.0024804 secs] [Times: user=0.01 sys=0.00, real=0.00 secs] 
773.027: [GC (Allocation Failure) [PSYoungGen: 58240K->1469K(59392K)] 361784K->305013K(635904K), 0.0018515 secs] [Times: user=0.01 sys=0.00, real=0.00 secs] 
773.370: [GC (Allocation Failure) [PSYoungGen: 58301K->1565K(59392K)] 361845K->305117K(635904K), 0.0014935 secs] [Times: user=0.01 sys=0.00, real=0.00 secs] 
773.765: [GC (Allocation Failure) [PSYoungGen: 58397K->1613K(59392K)] 361949K->305165K(635904K), 0.0015920 secs] [Times: user=0.01 sys=0.00, real=0.00 secs] 
774.158: [GC (Allocation Failure) [PSYoungGen: 58430K->1565K(59392K)] 361982K->305117K(635904K), 0.0015480 secs] [Times: user=0.00 sys=0.00, real=0.00 secs] 
774.494: [GC (Allocation Failure) [PSYoungGen: 58387K->1533K(59392K)] 361939K->305085K(635904K), 0.0015670 secs] [Times: user=0.01 sys=0.00, real=0.01 secs] 
774.872: [GC (Allocation Failure) [PSYoungGen: 58365K->1408K(58368K)] 361917K->304960K(634880K), 0.0025645 secs] [Times: user=0.01 sys=0.00, real=0.00 secs] 
775.103: [GC (Allocation Failure) [PSYoungGen: 58240K->1440K(58880K)] 361792K->304992K(635392K), 0.0020034 secs] [Times: user=0.01 sys=0.00, real=0.00 secs] 
775.629: [GC (Allocation Failure) [PSYoungGen: 58272K->1344K(58880K)] 361824K->304904K(635392K), 0.0030400 secs] [Times: user=0.02 sys=0.00, real=0.00 secs] 
776.408: [GC (Allocation Failure) [PSYoungGen: 58176K->1376K(58880K)] 361736K->304936K(635392K), 0.0030186 secs] [Times: user=0.01 sys=0.00, real=0.00 secs] 
777.072: [GC (Allocation Failure) [PSYoungGen: 58208K->1376K(58880K)] 361768K->304936K(635392K), 0.0044314 secs] [Times: user=0.02 sys=0.00, real=0.01 secs] 
777.639: [GC (Allocation Failure) [PSYoungGen: 58208K->1501K(58880K)] 361768K->305077K(635392K), 0.0015467 secs] [Times: user=0.00 sys=0.00, real=0.00 secs] 
777.970: [GC (Allocation Failure) [PSYoungGen: 58333K->1533K(58880K)] 361909K->305109K(635392K), 0.0014748 secs] [Times: user=0.01 sys=0.00, real=0.00 secs] 
778.302: [GC (Allocation Failure) [PSYoungGen: 58347K->1533K(58880K)] 361923K->305109K(635392K), 0.0015208 secs] [Times: user=0.00 sys=0.00, real=0.00 secs] 
778.635: [GC (Allocation Failure) [PSYoungGen: 58365K->1565K(58880K)] 361941K->305141K(635392K), 0.0014762 secs] [Times: user=0.00 sys=0.00, real=0.00 secs] 
778.910: [GC (Allocation Failure) [PSYoungGen: 58397K->1408K(58880K)] 361973K->304984K(635392K), 0.0015007 secs] [Times: user=0.00 sys=0.00, real=0.00 secs] 
779.166: [GC (Allocation Failure) [PSYoungGen: 58240K->1392K(58880K)] 361816K->304968K(635392K), 0.0018002 secs] [Times: user=0.01 sys=0.00, real=0.00 secs] 
779.402: [GC (Allocation Failure) [PSYoungGen: 58224K->1408K(58880K)] 361800K->304984K(635392K), 0.0018053 secs] [Times: user=0.01 sys=0.00, real=0.00 secs] 
779.688: [GC (Allocation Failure) [PSYoungGen: 58240K->1312K(58880K)] 361816K->304888K(635392K), 0.0021853 secs] [Times: user=0.01 sys=0.00, real=0.00 secs] 
780.335: [GC (Allocation Failure) [PSYoungGen: 58144K->1408K(58880K)] 361720K->304984K(635392K), 0.0025926 secs] [Times: user=0.01 sys=0.00, real=0.00 secs] 
781.223: [GC (Allocation Failure) [PSYoungGen: 58240K->1565K(58880K)] 361816K->305141K(635392K), 0.0015220 secs] [Times: user=0.01 sys=0.00, real=0.00 secs] 
781.554: [GC (Allocation Failure) [PSYoungGen: 58368K->1581K(58880K)] 361944K->305173K(635392K), 0.0015781 secs] [Times: user=0.00 sys=0.00, real=0.01 secs] 
781.889: [GC (Allocation Failure) [PSYoungGen: 58413K->1584K(58880K)] 362005K->305176K(635392K), 0.0015661 secs] [Times: user=0.00 sys=0.01, real=0.00 secs] 
782.220: [GC (Allocation Failure) [PSYoungGen: 58416K->1581K(58880K)] 362008K->305173K(635392K), 0.0015610 secs] [Times: user=0.00 sys=0.00, real=0.00 secs] 
782.673: [GC (Allocation Failure) [PSYoungGen: 58413K->1440K(58880K)] 362005K->305032K(635392K), 0.0018726 secs] [Times: user=0.00 sys=0.00, real=0.01 secs] 
783.166: [GC (Allocation Failure) [PSYoungGen: 58272K->1376K(58880K)] 361864K->304968K(635392K), 0.0017845 secs] [Times: user=0.01 sys=0.00, real=0.00 secs] 
783.655: [GC (Allocation Failure) [PSYoungGen: 58208K->1408K(58880K)] 361800K->305000K(635392K), 0.0018415 secs] [Times: user=0.01 sys=0.00, real=0.00 secs] 
783.892: [GC (Allocation Failure) [PSYoungGen: 58240K->1408K(58880K)] 361832K->305000K(635392K), 0.0017144 secs] [Times: user=0.00 sys=0.00, real=0.00 secs] 
784.187: [GC (Allocation Failure) [PSYoungGen: 58240K->1376K(58880K)] 361832K->304968K(635392K), 0.0019159 secs] [Times: user=0.01 sys=0.00, real=0.00 secs] 
784.658: [GC (Allocation Failure) [PSYoungGen: 58208K->1504K(58880K)] 361800K->305096K(635392K), 0.0014703 secs] [Times: user=0.01 sys=0.00, real=0.00 secs] 
784.989: [GC (Allocation Failure) [PSYoungGen: 58336K->1597K(58880K)] 361928K->305205K(635392K), 0.0015089 secs] [Times: user=0.01 sys=0.00, real=0.00 secs] 
785.321: [GC (Allocation Failure) [PSYoungGen: 58429K->1581K(58880K)] 362037K->305189K(635392K), 0.0014988 secs] [Times: user=0.01 sys=0.00, real=0.00 secs] 
785.656: [GC (Allocation Failure) [PSYoungGen: 58413K->1568K(58880K)] 362021K->305176K(635392K), 0.0015046 secs] [Times: user=0.00 sys=0.01, real=0.00 secs] 
785.997: [GC (Allocation Failure) [PSYoungGen: 58400K->1968K(58880K)] 362008K->305576K(635392K), 0.0019096 secs] [Times: user=0.01 sys=0.00, real=0.00 secs] 
786.229: [GC (Allocation Failure) [PSYoungGen: 58800K->1408K(58880K)] 362408K->305016K(635392K), 0.0013900 secs] [Times: user=0.01 sys=0.00, real=0.00 secs] 
786.464: [GC (Allocation Failure) [PSYoungGen: 58240K->1344K(58880K)] 361848K->304968K(635392K), 0.0015154 secs] [Times: user=0.01 sys=0.00, real=0.01 secs] 
786.700: [GC (Allocation Failure) [PSYoungGen: 58176K->1376K(58880K)] 361800K->305000K(635392K), 0.0017911 secs] [Times: user=0.01 sys=0.00, real=0.00 secs] 
786.937: [GC (Allocation Failure) [PSYoungGen: 58208K->1376K(58880K)] 361832K->305000K(635392K), 0.0026238 secs] [Times: user=0.01 sys=0.00, real=0.00 secs] 
787.278: [GC (Allocation Failure) [PSYoungGen: 58208K->1469K(58880K)] 361832K->305093K(635392K), 0.0018720 secs] [Times: user=0.01 sys=0.00, real=0.00 secs] 
787.618: [GC (Allocation Failure) [PSYoungGen: 58301K->1549K(58880K)] 361925K->305189K(635392K), 0.0015264 secs] [Times: user=0.01 sys=0.00, real=0.00 secs] 
787.951: [GC (Allocation Failure) [PSYoungGen: 58381K->1613K(58880K)] 362021K->305253K(635392K), 0.0015161 secs] [Times: user=0.00 sys=0.00, real=0.00 secs] 
788.283: [GC (Allocation Failure) [PSYoungGen: 58430K->1565K(58880K)] 362070K->305205K(635392K), 0.0014927 secs] [Times: user=0.01 sys=0.00, real=0.00 secs] 
788.616: [GC (Allocation Failure) [PSYoungGen: 58387K->1549K(58880K)] 362028K->305189K(635392K), 0.0014916 secs] [Times: user=0.00 sys=0.00, real=0.00 secs] 
789.124: [GC (Allocation Failure) [PSYoungGen: 58381K->1408K(58880K)] 362021K->305048K(635392K), 0.0018530 secs] [Times: user=0.00 sys=0.00, real=0.01 secs] 
789.596: [GC (Allocation Failure) [PSYoungGen: 58240K->1376K(58880K)] 361880K->305016K(635392K), 0.0019114 secs] [Times: user=0.01 sys=0.00, real=0.00 secs] 
790.077: [GC (Allocation Failure) [PSYoungGen: 58208K->1344K(58880K)] 361848K->304984K(635392K), 0.0018501 secs] [Times: user=0.00 sys=0.00, real=0.00 secs] 
790.629: [GC (Allocation Failure) [PSYoungGen: 58176K->1376K(58880K)] 361816K->305016K(635392K), 0.0024496 secs] [Times: user=0.01 sys=0.00, real=0.00 secs] 
791.074: [GC (Allocation Failure) [PSYoungGen: 58208K->1408K(58880K)] 361848K->305048K(635392K), 0.0020770 secs] [Times: user=0.01 sys=0.00, real=0.01 secs] 
791.460: [GC (Allocation Failure) [PSYoungGen: 58240K->1581K(58880K)] 361880K->305237K(635392K), 0.0015455 secs] [Times: user=0.01 sys=0.00, real=0.00 secs] 
791.791: [GC (Allocation Failure) [PSYoungGen: 58408K->1581K(58880K)] 362064K->305237K(635392K), 0.0015010 secs] [Times: user=0.00 sys=0.00, real=0.00 secs] 
792.123: [GC (Allocation Failure) [PSYoungGen: 58383K->1581K(58880K)] 362039K->305237K(635392K), 0.0014966 secs] [Times: user=0.01 sys=0.00, real=0.00 secs] 
792.455: [GC (Allocation Failure) [PSYoungGen: 58413K->1597K(58880K)] 362069K->305253K(635392K), 0.0014879 secs] [Times: user=0.01 sys=0.00, real=0.00 secs] 
792.778: [GC (Allocation Failure) [PSYoungGen: 58429K->1408K(58880K)] 362085K->305064K(635392K), 0.0018333 secs] [Times: user=0.01 sys=0.00, real=0.00 secs] 
793.149: [GC (Allocation Failure) [PSYoungGen: 58240K->1376K(58880K)] 361896K->305032K(635392K), 0.0018256 secs] [Times: user=0.01 sys=0.00, real=0.00 secs] 
793.651: [GC (Allocation Failure) [PSYoungGen: 58208K->1376K(58880K)] 361864K->305032K(635392K), 0.0016540 secs] [Times: user=0.01 sys=0.00, real=0.00 secs] 
794.358: [GC (Allocation Failure) [PSYoungGen: 58208K->1408K(58880K)] 361864K->305064K(635392K), 0.0015566 secs] [Times: user=0.00 sys=0.00, real=0.00 secs] 
795.081: [GC (Allocation Failure) [PSYoungGen: 58240K->1360K(58880K)] 361896K->305016K(635392K), 0.0017332 secs] [Times: user=0.01 sys=0.00, real=0.00 secs] 
795.602: [GC (Allocation Failure) [PSYoungGen: 58192K->1533K(58880K)] 361848K->305189K(635392K), 0.0014826 secs] [Times: user=0.01 sys=0.00, real=0.00 secs] 
795.933: [GC (Allocation Failure) [PSYoungGen: 58365K->1568K(58880K)] 362021K->305248K(635392K), 0.0015176 secs] [Times: user=0.01 sys=0.00, real=0.00 secs] 
796.265: [GC (Allocation Failure) [PSYoungGen: 58400K->1568K(58880K)] 362080K->305248K(635392K), 0.0015017 secs] [Times: user=0.01 sys=0.00, real=0.00 secs] 
796.608: [GC (Allocation Failure) [PSYoungGen: 58400K->1629K(58880K)] 362080K->305309K(635392K), 0.0015208 secs] [Times: user=0.01 sys=0.00, real=0.00 secs] 
796.992: [GC (Allocation Failure) [PSYoungGen: 58461K->1488K(58880K)] 362141K->305200K(635392K), 0.0019880 secs] [Times: user=0.01 sys=0.00, real=0.00 secs] 
797.278: [GC (Allocation Failure) [PSYoungGen: 58320K->1376K(58880K)] 362032K->305088K(635392K), 0.0020106 secs] [Times: user=0.01 sys=0.00, real=0.00 secs] 
797.543: [GC (Allocation Failure) [PSYoungGen: 58208K->1408K(58880K)] 361920K->305120K(635392K), 0.0019995 secs] [Times: user=0.01 sys=0.00, real=0.01 secs] 
797.797: [GC (Allocation Failure) [PSYoungGen: 58240K->1440K(58880K)] 361952K->305152K(635392K), 0.0017837 secs] [Times: user=0.00 sys=0.00, real=0.00 secs] 
798.055: [GC (Allocation Failure) [PSYoungGen: 58272K->1376K(58880K)] 361984K->305088K(635392K), 0.0018550 secs] [Times: user=0.01 sys=0.00, real=0.00 secs] 
798.388: [GC (Allocation Failure) [PSYoungGen: 58208K->1469K(58880K)] 361920K->305181K(635392K), 0.0014515 secs] [Times: user=0.01 sys=0.00, real=0.00 secs] 
798.720: [GC (Allocation Failure) [PSYoungGen: 58301K->1581K(58880K)] 362013K->305309K(635392K), 0.0014720 secs] [Times: user=0.01 sys=0.00, real=0.00 secs] 
799.053: [GC (Allocation Failure) [PSYoungGen: 58413K->1565K(58880K)] 362141K->305293K(635392K), 0.0015202 secs] [Times: user=0.01 sys=0.00, real=0.00 secs] 
799.387: [GC (Allocation Failure) [PSYoungGen: 58397K->1533K(58880K)] 362125K->305261K(635392K), 0.0015064 secs] [Times: user=0.01 sys=0.00, real=0.00 secs] 
799.817: [GC (Allocation Failure) [PSYoungGen: 58208K->2000K(58880K)] 361937K->306240K(635392K), 0.0020371 secs] [Times: user=0.01 sys=0.00, real=0.00 secs] 
800.325: [GC (Allocation Failure) [PSYoungGen: 58832K->1360K(58880K)] 363072K->305600K(635392K), 0.0017848 secs] [Times: user=0.01 sys=0.00, real=0.00 secs] 
800.902: [GC (Allocation Failure) [PSYoungGen: 58192K->1344K(58880K)] 362432K->305592K(635392K), 0.0021315 secs] [Times: user=0.01 sys=0.00, real=0.00 secs] 
801.371: [GC (Allocation Failure) [PSYoungGen: 58176K->1376K(58880K)] 362424K->305624K(635392K), 0.0021863 secs] [Times: user=0.01 sys=0.00, real=0.00 secs] 
801.923: [GC (Allocation Failure) [PSYoungGen: 58208K->1408K(58880K)] 362456K->305656K(635392K), 0.0024130 secs] [Times: user=0.01 sys=0.00, real=0.01 secs] 
802.510: [GC (Allocation Failure) [PSYoungGen: 58240K->1437K(58880K)] 362488K->305685K(635392K), 0.0019815 secs] [Times: user=0.01 sys=0.00, real=0.00 secs] 
802.846: [GC (Allocation Failure) [PSYoungGen: 58252K->1533K(58880K)] 362501K->305805K(635392K), 0.0014943 secs] [Times: user=0.01 sys=0.00, real=0.00 secs] 
803.179: [GC (Allocation Failure) [PSYoungGen: 58345K->1533K(58880K)] 362618K->305805K(635392K), 0.0014974 secs] [Times: user=0.01 sys=0.00, real=0.00 secs] 
803.512: [GC (Allocation Failure) [PSYoungGen: 58357K->1549K(58880K)] 362629K->305821K(635392K), 0.0014916 secs] [Times: user=0.01 sys=0.00, real=0.00 secs] 
803.845: [GC (Allocation Failure) [PSYoungGen: 58381K->1568K(58880K)] 362653K->305840K(635392K), 0.0015015 secs] [Times: user=0.01 sys=0.00, real=0.00 secs] 
804.223: [GC (Allocation Failure) [PSYoungGen: 58400K->1440K(58880K)] 362672K->305712K(635392K), 0.0020020 secs] [Times: user=0.00 sys=0.00, real=0.01 secs] 
804.534: [GC (Allocation Failure) [PSYoungGen: 58272K->1392K(58880K)] 362544K->305664K(635392K), 0.0018851 secs] [Times: user=0.01 sys=0.00, real=0.01 secs] 
804.881: [GC (Allocation Failure) [PSYoungGen: 58224K->1376K(58880K)] 362496K->305648K(635392K), 0.0020429 secs] [Times: user=0.00 sys=0.00, real=0.00 secs] 
805.300: [GC (Allocation Failure) [PSYoungGen: 58208K->1376K(58880K)] 362480K->305648K(635392K), 0.0020336 secs] [Times: user=0.01 sys=0.00, real=0.00 secs] 
805.730: [GC (Allocation Failure) [PSYoungGen: 58208K->1312K(58880K)] 362480K->305584K(635392K), 0.0022155 secs] [Times: user=0.01 sys=0.00, real=0.00 secs] 
806.131: [GC (Allocation Failure) [PSYoungGen: 58144K->1565K(58880K)] 362416K->305853K(635392K), 0.0014859 secs] [Times: user=0.00 sys=0.00, real=0.00 secs] 
806.463: [GC (Allocation Failure) [PSYoungGen: 58397K->1501K(58880K)] 362685K->305789K(635392K), 0.0015617 secs] [Times: user=0.01 sys=0.00, real=0.01 secs] 
806.803: [GC (Allocation Failure) [PSYoungGen: 58301K->1565K(58880K)] 362590K->305869K(635392K), 0.0014837 secs] [Times: user=0.01 sys=0.00, real=0.00 secs] 
807.140: [GC (Allocation Failure) [PSYoungGen: 58386K->1581K(58880K)] 362690K->305885K(635392K), 0.0014810 secs] [Times: user=0.00 sys=0.00, real=0.00 secs] 
807.629: [GC (Allocation Failure) [PSYoungGen: 58413K->1440K(58880K)] 362717K->305744K(635392K), 0.0019587 secs] [Times: user=0.01 sys=0.00, real=0.00 secs] 
808.172: [GC (Allocation Failure) [PSYoungGen: 58272K->1344K(58880K)] 362576K->305648K(635392K), 0.0028344 secs] [Times: user=0.01 sys=0.00, real=0.01 secs] 
808.641: [GC (Allocation Failure) [PSYoungGen: 58176K->1344K(58880K)] 362480K->305648K(635392K), 0.0021428 secs] [Times: user=0.01 sys=0.00, real=0.00 secs] 
809.090: [GC (Allocation Failure) [PSYoungGen: 58176K->1360K(58880K)] 362480K->305664K(635392K), 0.0021421 secs] [Times: user=0.01 sys=0.00, real=0.00 secs] 
809.634: [GC (Allocation Failure) [PSYoungGen: 58192K->1376K(58880K)] 362496K->305680K(635392K), 0.0026173 secs] [Times: user=0.01 sys=0.00, real=0.01 secs] 
810.065: [GC (Allocation Failure) [PSYoungGen: 58208K->1533K(58880K)] 362512K->305837K(635392K), 0.0014615 secs] [Times: user=0.01 sys=0.00, real=0.00 secs] 
810.398: [GC (Allocation Failure) [PSYoungGen: 58365K->1597K(58880K)] 362669K->305909K(635392K), 0.0014963 secs] [Times: user=0.00 sys=0.00, real=0.00 secs] 
810.791: [GC (Allocation Failure) [PSYoungGen: 58429K->1581K(58880K)] 362741K->305893K(635392K), 0.0015826 secs] [Times: user=0.01 sys=0.00, real=0.00 secs] 
811.124: [GC (Allocation Failure) [PSYoungGen: 58413K->1581K(58880K)] 362725K->305893K(635392K), 0.0015790 secs] [Times: user=0.01 sys=0.00, real=0.01 secs] 
811.628: [GC (Allocation Failure) [PSYoungGen: 58413K->1472K(58880K)] 362725K->305784K(635392K), 0.0028233 secs] [Times: user=0.01 sys=0.00, real=0.00 secs] 
811.950: [GC (Allocation Failure) [PSYoungGen: 58304K->1344K(58880K)] 362616K->305656K(635392K), 0.0019352 secs] [Times: user=0.01 sys=0.00, real=0.00 secs] 
812.186: [GC (Allocation Failure) [PSYoungGen: 58176K->1408K(58880K)] 362488K->305720K(635392K), 0.0020059 secs] [Times: user=0.01 sys=0.00, real=0.00 secs] 
812.422: [GC (Allocation Failure) [PSYoungGen: 58240K->1376K(58880K)] 362552K->305688K(635392K), 0.0019606 secs] [Times: user=0.01 sys=0.00, real=0.00 secs] 
812.658: [GC (Allocation Failure) [PSYoungGen: 58208K->1376K(58880K)] 362520K->305688K(635392K), 0.0018587 secs] [Times: user=0.01 sys=0.00, real=0.00 secs] 
812.971: [GC (Allocation Failure) [PSYoungGen: 58208K->1549K(58880K)] 362520K->305861K(635392K), 0.0015325 secs] [Times: user=0.01 sys=0.00, real=0.00 secs] 
813.303: [GC (Allocation Failure) [PSYoungGen: 58381K->1533K(58880K)] 362693K->305861K(635392K), 0.0014826 secs] [Times: user=0.01 sys=0.00, real=0.00 secs] 
813.636: [GC (Allocation Failure) [PSYoungGen: 58365K->1581K(58880K)] 362693K->305909K(635392K), 0.0014623 secs] [Times: user=0.00 sys=0.00, real=0.00 secs] 
813.969: [GC (Allocation Failure) [PSYoungGen: 58413K->1533K(58880K)] 362741K->305861K(635392K), 0.0014760 secs] [Times: user=0.01 sys=0.00, real=0.00 secs] 
814.364: [GC (Allocation Failure) [PSYoungGen: 58365K->1472K(58880K)] 362693K->306824K(635392K), 0.0018610 secs] [Times: user=0.01 sys=0.00, real=0.01 secs] 
814.708: [GC (Allocation Failure) [PSYoungGen: 58304K->352K(58880K)] 363656K->305704K(635392K), 0.0019604 secs] [Times: user=0.00 sys=0.00, real=0.00 secs] 
814.992: [GC (Allocation Failure) [PSYoungGen: 57184K->352K(58880K)] 362536K->305704K(635392K), 0.0018320 secs] [Times: user=0.01 sys=0.00, real=0.00 secs] 
815.233: [GC (Allocation Failure) [PSYoungGen: 57184K->352K(58368K)] 362536K->305704K(634880K), 0.0024911 secs] [Times: user=0.01 sys=0.00, real=0.01 secs] 
815.466: [GC (Allocation Failure) [PSYoungGen: 56672K->384K(58880K)] 362024K->305760K(635392K), 0.0019440 secs] [Times: user=0.01 sys=0.00, real=0.00 secs] 
815.793: [GC (Allocation Failure) [PSYoungGen: 56704K->1469K(58880K)] 362080K->306845K(635392K), 0.0016842 secs] [Times: user=0.00 sys=0.00, real=0.00 secs] 
816.120: [GC (Allocation Failure) [PSYoungGen: 57789K->1581K(58880K)] 363165K->306965K(635392K), 0.0014932 secs] [Times: user=0.00 sys=0.00, real=0.00 secs] 
816.450: [GC (Allocation Failure) [PSYoungGen: 57893K->1565K(58880K)] 363277K->306949K(635392K), 0.0015692 secs] [Times: user=0.01 sys=0.00, real=0.00 secs] 
816.777: [GC (Allocation Failure) [PSYoungGen: 57885K->1533K(58880K)] 363269K->306917K(635392K), 0.0015799 secs] [Times: user=0.00 sys=0.00, real=0.00 secs] 
817.114: [GC (Allocation Failure) [PSYoungGen: 57853K->1533K(58880K)] 363237K->306917K(635392K), 0.0015048 secs] [Times: user=0.00 sys=0.00, real=0.01 secs] 
817.387: [GC (Allocation Failure) [PSYoungGen: 57853K->1408K(58880K)] 363237K->306792K(635392K), 0.0019251 secs] [Times: user=0.01 sys=0.00, real=0.00 secs] 
817.640: [GC (Allocation Failure) [PSYoungGen: 57728K->1440K(58880K)] 363112K->306824K(635392K), 0.0016883 secs] [Times: user=0.00 sys=0.00, real=0.00 secs] 
817.889: [GC (Allocation Failure) [PSYoungGen: 57760K->1376K(58880K)] 363144K->306760K(635392K), 0.0018528 secs] [Times: user=0.01 sys=0.00, real=0.00 secs] 
818.166: [GC (Allocation Failure) [PSYoungGen: 57696K->1344K(58880K)] 363080K->306728K(635392K), 0.0018368 secs] [Times: user=0.01 sys=0.00, real=0.00 secs] 
818.400: [GC (Allocation Failure) [PSYoungGen: 57664K->1376K(57856K)] 363048K->306760K(634368K), 0.0017895 secs] [Times: user=0.01 sys=0.00, real=0.00 secs] 
818.775: [GC (Allocation Failure) [PSYoungGen: 57676K->1517K(58368K)] 363061K->306925K(634880K), 0.0016679 secs] [Times: user=0.01 sys=0.00, real=0.00 secs] 
819.101: [GC (Allocation Failure) [PSYoungGen: 57837K->1536K(58368K)] 363245K->306944K(634880K), 0.0015094 secs] [Times: user=0.01 sys=0.00, real=0.00 secs] 
819.429: [GC (Allocation Failure) [PSYoungGen: 57856K->1533K(58368K)] 363264K->306941K(634880K), 0.0015010 secs] [Times: user=0.01 sys=0.00, real=0.00 secs] 
819.819: [GC (Allocation Failure) [PSYoungGen: 57853K->1581K(58368K)] 363261K->306989K(634880K), 0.0016112 secs] [Times: user=0.00 sys=0.00, real=0.00 secs] 
820.242: [GC (Allocation Failure) [PSYoungGen: 57901K->1440K(58368K)] 363309K->306848K(634880K), 0.0022169 secs] [Times: user=0.01 sys=0.00, real=0.00 secs] 
820.751: [GC (Allocation Failure) [PSYoungGen: 57760K->1376K(58368K)] 363168K->306784K(634880K), 0.0022289 secs] [Times: user=0.01 sys=0.00, real=0.00 secs] 
821.000: [GC (Allocation Failure) [PSYoungGen: 57696K->1408K(58368K)] 363104K->306816K(634880K), 0.0019162 secs] [Times: user=0.01 sys=0.00, real=0.00 secs] 
821.234: [GC (Allocation Failure) [PSYoungGen: 57728K->1376K(58368K)] 363136K->306784K(634880K), 0.0019388 secs] [Times: user=0.01 sys=0.00, real=0.01 secs] 
821.610: [GC (Allocation Failure) [PSYoungGen: 57696K->1408K(58368K)] 363104K->306816K(634880K), 0.0019842 secs] [Times: user=0.01 sys=0.00, real=0.00 secs] 
821.989: [GC (Allocation Failure) [PSYoungGen: 57720K->1565K(58368K)] 363128K->306973K(634880K), 0.0014469 secs] [Times: user=0.00 sys=0.00, real=0.00 secs] 
822.315: [GC (Allocation Failure) [PSYoungGen: 57885K->1533K(58368K)] 363293K->306957K(634880K), 0.0014927 secs] [Times: user=0.01 sys=0.00, real=0.00 secs] 
822.643: [GC (Allocation Failure) [PSYoungGen: 57853K->1533K(58368K)] 363277K->306957K(634880K), 0.0015707 secs] [Times: user=0.00 sys=0.00, real=0.01 secs] 
822.970: [GC (Allocation Failure) [PSYoungGen: 57833K->1613K(58368K)] 363257K->307037K(634880K), 0.0014989 secs] [Times: user=0.00 sys=0.00, real=0.00 secs] 
823.370: [GC (Allocation Failure) [PSYoungGen: 57933K->1488K(58368K)] 363357K->307936K(634880K), 0.0017481 secs] [Times: user=0.01 sys=0.00, real=0.00 secs] 
823.831: [GC (Allocation Failure) [PSYoungGen: 57808K->368K(58368K)] 364256K->306816K(634880K), 0.0022625 secs] [Times: user=0.01 sys=0.00, real=0.00 secs] 
824.334: [GC (Allocation Failure) [PSYoungGen: 56688K->320K(58368K)] 363136K->306768K(634880K), 0.0030471 secs] [Times: user=0.01 sys=0.00, real=0.01 secs] 
824.794: [GC (Allocation Failure) [PSYoungGen: 56640K->352K(58880K)] 363088K->306800K(635392K), 0.0030531 secs] [Times: user=0.01 sys=0.00, real=0.01 secs] 
825.287: [GC (Allocation Failure) [PSYoungGen: 56672K->320K(58880K)] 363120K->306768K(635392K), 0.0030849 secs] [Times: user=0.01 sys=0.00, real=0.00 secs] 
826.190: [GC (Allocation Failure) [PSYoungGen: 56629K->1453K(58880K)] 363078K->307901K(635392K), 0.0021589 secs] [Times: user=0.01 sys=0.00, real=0.00 secs] 
826.625: [GC (Allocation Failure) [PSYoungGen: 57773K->1517K(58880K)] 364221K->307981K(635392K), 0.0015666 secs] [Times: user=0.00 sys=0.00, real=0.00 secs] 
826.952: [GC (Allocation Failure) [PSYoungGen: 57837K->1597K(58880K)] 364301K->308085K(635392K), 0.0015497 secs] [Times: user=0.00 sys=0.00, real=0.00 secs] 
827.286: [GC (Allocation Failure) [PSYoungGen: 57917K->1565K(58880K)] 364405K->308053K(635392K), 0.0014624 secs] [Times: user=0.00 sys=0.00, real=0.00 secs] 
827.616: [GC (Allocation Failure) [PSYoungGen: 57885K->1581K(58880K)] 364373K->308069K(635392K), 0.0015806 secs] [Times: user=0.00 sys=0.00, real=0.00 secs] 
828.045: [GC (Allocation Failure) [PSYoungGen: 57901K->1408K(58880K)] 364389K->307896K(635392K), 0.0026872 secs] [Times: user=0.01 sys=0.00, real=0.00 secs] 
828.462: [GC (Allocation Failure) [PSYoungGen: 57728K->1376K(58880K)] 364216K->307864K(635392K), 0.0023517 secs] [Times: user=0.01 sys=0.00, real=0.00 secs] 
828.903: [GC (Allocation Failure) [PSYoungGen: 57696K->1376K(58880K)] 364184K->307864K(635392K), 0.0020368 secs] [Times: user=0.01 sys=0.00, real=0.01 secs] 
829.376: [GC (Allocation Failure) [PSYoungGen: 57696K->1376K(58880K)] 364184K->307864K(635392K), 0.0038677 secs] [Times: user=0.02 sys=0.00, real=0.00 secs] 
829.839: [GC (Allocation Failure) [PSYoungGen: 57696K->1344K(57856K)] 364184K->307832K(634368K), 0.0026879 secs] [Times: user=0.01 sys=0.00, real=0.00 secs] 
830.250: [GC (Allocation Failure) [PSYoungGen: 57641K->1517K(58368K)] 364129K->308029K(634880K), 0.0014856 secs] [Times: user=0.00 sys=0.00, real=0.00 secs] 
830.574: [GC (Allocation Failure) [PSYoungGen: 57837K->1613K(58368K)] 364349K->308125K(634880K), 0.0015361 secs] [Times: user=0.01 sys=0.00, real=0.01 secs] 
830.900: [GC (Allocation Failure) [PSYoungGen: 57933K->1549K(58880K)] 364445K->308061K(635392K), 0.0015033 secs] [Times: user=0.01 sys=0.00, real=0.00 secs] 
831.227: [GC (Allocation Failure) [PSYoungGen: 57869K->1581K(58880K)] 364381K->308093K(635392K), 0.0015301 secs] [Times: user=0.00 sys=0.00, real=0.00 secs] 
831.615: [GC (Allocation Failure) [PSYoungGen: 57901K->1408K(57856K)] 364413K->307920K(634368K), 0.0019382 secs] [Times: user=0.01 sys=0.00, real=0.00 secs] 
832.030: [GC (Allocation Failure) [PSYoungGen: 57728K->1408K(58368K)] 364240K->307928K(634880K), 0.0018379 secs] [Times: user=0.01 sys=0.00, real=0.00 secs] 
832.458: [GC (Allocation Failure) [PSYoungGen: 57728K->1392K(58368K)] 364248K->307912K(634880K), 0.0040076 secs] [Times: user=0.02 sys=0.00, real=0.00 secs] 
832.998: [GC (Allocation Failure) [PSYoungGen: 57712K->1376K(58368K)] 364232K->307896K(634880K), 0.0027253 secs] [Times: user=0.01 sys=0.00, real=0.00 secs] 
833.527: [GC (Allocation Failure) [PSYoungGen: 57696K->1376K(58368K)] 364216K->307896K(634880K), 0.0031037 secs] [Times: user=0.01 sys=0.00, real=0.00 secs] 
834.034: [GC (Allocation Failure) [PSYoungGen: 57687K->1501K(58368K)] 364208K->308021K(634880K), 0.0014572 secs] [Times: user=0.00 sys=0.00, real=0.01 secs] 
834.362: [GC (Allocation Failure) [PSYoungGen: 57821K->1581K(58368K)] 364341K->308117K(634880K), 0.0014993 secs] [Times: user=0.00 sys=0.00, real=0.00 secs] 
834.692: [GC (Allocation Failure) [PSYoungGen: 57887K->1549K(58368K)] 364424K->308085K(634880K), 0.0015562 secs] [Times: user=0.01 sys=0.00, real=0.00 secs] 
835.020: [GC (Allocation Failure) [PSYoungGen: 57869K->1565K(58368K)] 364405K->308101K(634880K), 0.0015055 secs] [Times: user=0.01 sys=0.00, real=0.00 secs] 
835.368: [GC (Allocation Failure) [PSYoungGen: 57885K->1504K(58368K)] 364421K->309064K(634880K), 0.0018469 secs] [Times: user=0.01 sys=0.00, real=0.00 secs] 
835.829: [GC (Allocation Failure) [PSYoungGen: 57824K->320K(58368K)] 365384K->307880K(634880K), 0.0019136 secs] [Times: user=0.00 sys=0.00, real=0.00 secs] 
836.246: [GC (Allocation Failure) [PSYoungGen: 56640K->352K(58368K)] 364200K->307912K(634880K), 0.0026622 secs] [Times: user=0.01 sys=0.00, real=0.00 secs] 
836.631: [GC (Allocation Failure) [PSYoungGen: 56672K->352K(58880K)] 364232K->307928K(635392K), 0.0023636 secs] [Times: user=0.01 sys=0.00, real=0.00 secs] 
837.090: [GC (Allocation Failure) [PSYoungGen: 56672K->384K(58880K)] 364248K->307960K(635392K), 0.0023916 secs] [Times: user=0.01 sys=0.00, real=0.00 secs] 
837.716: [GC (Allocation Failure) [PSYoungGen: 56698K->1469K(58880K)] 364274K->309045K(635392K), 0.0022783 secs] [Times: user=0.01 sys=0.00, real=0.00 secs] 
838.073: [GC (Allocation Failure) [PSYoungGen: 57789K->1565K(58880K)] 365365K->309157K(635392K), 0.0015604 secs] [Times: user=0.00 sys=0.00, real=0.00 secs] 
838.404: [GC (Allocation Failure) [PSYoungGen: 57867K->1549K(58880K)] 365459K->309141K(635392K), 0.0015658 secs] [Times: user=0.01 sys=0.00, real=0.01 secs] 
838.732: [GC (Allocation Failure) [PSYoungGen: 57844K->1581K(58880K)] 365437K->309173K(635392K), 0.0015746 secs] [Times: user=0.01 sys=0.00, real=0.00 secs] 
839.059: [GC (Allocation Failure) [PSYoungGen: 57901K->1565K(58880K)] 365493K->309157K(635392K), 0.0015772 secs] [Times: user=0.00 sys=0.00, real=0.00 secs] 
839.397: [GC (Allocation Failure) [PSYoungGen: 57885K->1376K(58880K)] 365477K->308968K(635392K), 0.0032433 secs] [Times: user=0.02 sys=0.00, real=0.00 secs] 
839.701: [GC (Allocation Failure) [PSYoungGen: 57696K->1360K(58880K)] 365288K->308952K(635392K), 0.0019978 secs] [Times: user=0.01 sys=0.00, real=0.00 secs] 
840.010: [GC (Allocation Failure) [PSYoungGen: 57680K->1344K(58880K)] 365272K->308936K(635392K), 0.0020604 secs] [Times: user=0.01 sys=0.00, real=0.00 secs] 
840.250: [GC (Allocation Failure) [PSYoungGen: 57664K->1344K(58880K)] 365256K->308936K(635392K), 0.0025749 secs] [Times: user=0.01 sys=0.00, real=0.00 secs] 
840.548: [GC (Allocation Failure) [PSYoungGen: 57664K->1408K(57856K)] 365256K->309000K(634368K), 0.0023215 secs] [Times: user=0.01 sys=0.00, real=0.00 secs] 
841.004: [GC (Allocation Failure) [PSYoungGen: 57704K->1533K(58368K)] 365296K->309141K(634880K), 0.0018135 secs] [Times: user=0.00 sys=0.00, real=0.01 secs] 
841.392: [GC (Allocation Failure) [PSYoungGen: 57853K->1549K(58368K)] 365461K->309157K(634880K), 0.0016291 secs] [Times: user=0.01 sys=0.00, real=0.00 secs] 
841.781: [GC (Allocation Failure) [PSYoungGen: 57869K->1613K(58880K)] 365477K->309221K(635392K), 0.0015678 secs] [Times: user=0.01 sys=0.00, real=0.00 secs] 
842.108: [GC (Allocation Failure) [PSYoungGen: 57933K->1565K(58880K)] 365541K->309173K(635392K), 0.0015614 secs] [Times: user=0.01 sys=0.00, real=0.00 secs] 
844.358: [GC (Allocation Failure) [PSYoungGen: 57885K->1456K(57856K)] 365493K->309064K(634368K), 0.0043448 secs] [Times: user=0.02 sys=0.01, real=0.00 secs] 
845.022: [GC (Allocation Failure) [PSYoungGen: 57776K->1408K(58368K)] 365384K->309016K(634880K), 0.0032094 secs] [Times: user=0.02 sys=0.00, real=0.01 secs] 
845.551: [GC (Allocation Failure) [PSYoungGen: 57728K->1408K(58368K)] 365336K->309016K(634880K), 0.0035507 secs] [Times: user=0.02 sys=0.00, real=0.00 secs] 
845.791: [GC (Allocation Failure) [PSYoungGen: 57728K->1376K(58368K)] 365336K->308984K(634880K), 0.0023235 secs] [Times: user=0.01 sys=0.00, real=0.00 secs] 
846.026: [GC (Allocation Failure) [PSYoungGen: 57696K->1344K(58368K)] 365304K->308952K(634880K), 0.0020009 secs] [Times: user=0.00 sys=0.00, real=0.00 secs] 
846.340: [GC (Allocation Failure) [PSYoungGen: 57648K->1501K(58368K)] 365257K->309109K(634880K), 0.0014524 secs] [Times: user=0.01 sys=0.00, real=0.00 secs] 
846.665: [GC (Allocation Failure) [PSYoungGen: 57821K->1616K(58368K)] 365429K->309240K(634880K), 0.0014942 secs] [Times: user=0.00 sys=0.00, real=0.00 secs] 
846.994: [GC (Allocation Failure) [PSYoungGen: 57936K->1581K(58368K)] 365560K->309205K(634880K), 0.0015600 secs] [Times: user=0.01 sys=0.00, real=0.01 secs] 
847.321: [GC (Allocation Failure) [PSYoungGen: 57901K->1568K(58368K)] 365525K->309192K(634880K), 0.0014878 secs] [Times: user=0.00 sys=0.00, real=0.00 secs] 
847.860: [GC (Allocation Failure) [PSYoungGen: 57888K->1488K(58368K)] 365512K->310136K(634880K), 0.0022754 secs] [Times: user=0.01 sys=0.00, real=0.00 secs] 
848.469: [GC (Allocation Failure) [PSYoungGen: 57808K->320K(58368K)] 366456K->308976K(634880K), 0.0023066 secs] [Times: user=0.01 sys=0.00, real=0.00 secs] 
848.966: [GC (Allocation Failure) [PSYoungGen: 56640K->384K(58368K)] 365296K->309040K(634880K), 0.0031435 secs] [Times: user=0.01 sys=0.00, real=0.00 secs] 
849.428: [GC (Allocation Failure) [PSYoungGen: 56704K->384K(58880K)] 365360K->309040K(635392K), 0.0030282 secs] [Times: user=0.02 sys=0.00, real=0.00 secs] 
849.812: [GC (Allocation Failure) [PSYoungGen: 56704K->320K(58880K)] 365360K->308976K(635392K), 0.0022042 secs] [Times: user=0.01 sys=0.00, real=0.00 secs] 
850.089: [GC (Allocation Failure) [PSYoungGen: 56640K->1501K(58880K)] 365296K->310157K(635392K), 0.0013991 secs] [Times: user=0.00 sys=0.00, real=0.00 secs] 
850.478: [GC (Allocation Failure) [PSYoungGen: 57821K->1581K(58880K)] 366477K->310253K(635392K), 0.0015696 secs] [Times: user=0.00 sys=0.00, real=0.00 secs] 
850.863: [GC (Allocation Failure) [PSYoungGen: 57901K->1533K(58880K)] 366573K->310205K(635392K), 0.0017155 secs] [Times: user=0.01 sys=0.00, real=0.01 secs] 
851.191: [GC (Allocation Failure) [PSYoungGen: 57853K->1533K(58880K)] 366525K->310205K(635392K), 0.0015479 secs] [Times: user=0.01 sys=0.00, real=0.00 secs] 
851.519: [GC (Allocation Failure) [PSYoungGen: 57853K->1552K(58880K)] 366525K->310224K(635392K), 0.0017594 secs] [Times: user=0.01 sys=0.00, real=0.00 secs] 
851.846: [GC (Allocation Failure) [PSYoungGen: 57872K->1440K(58880K)] 366544K->310112K(635392K), 0.0029081 secs] [Times: user=0.01 sys=0.00, real=0.00 secs] 
852.112: [GC (Allocation Failure) [PSYoungGen: 57760K->1360K(58880K)] 366432K->310032K(635392K), 0.0019960 secs] [Times: user=0.01 sys=0.00, real=0.00 secs] 
852.366: [GC (Allocation Failure) [PSYoungGen: 57680K->1344K(58880K)] 366352K->310016K(635392K), 0.0019576 secs] [Times: user=0.01 sys=0.00, real=0.00 secs] 
852.650: [GC (Allocation Failure) [PSYoungGen: 57664K->1424K(58880K)] 366336K->310096K(635392K), 0.0021187 secs] [Times: user=0.00 sys=0.00, real=0.00 secs] 
852.993: [GC (Allocation Failure) [PSYoungGen: 57744K->1344K(57856K)] 366416K->310016K(634368K), 0.0020710 secs] [Times: user=0.01 sys=0.00, real=0.01 secs] 
853.372: [GC (Allocation Failure) [PSYoungGen: 57664K->1517K(57856K)] 366336K->310205K(634368K), 0.0015081 secs] [Times: user=0.01 sys=0.00, real=0.00 secs] 
853.695: [GC (Allocation Failure) [PSYoungGen: 57325K->1536K(58368K)] 366013K->310224K(634880K), 0.0015916 secs] [Times: user=0.01 sys=0.00, real=0.00 secs] 
854.021: [GC (Allocation Failure) [PSYoungGen: 57344K->1568K(58368K)] 366032K->310264K(634880K), 0.0015132 secs] [Times: user=0.00 sys=0.00, real=0.00 secs] 
854.341: [GC (GCLocker Initiated GC) [PSYoungGen: 57376K->1565K(58368K)] 366072K->310269K(634880K), 0.0015345 secs] [Times: user=0.00 sys=0.00, real=0.00 secs] 
854.787: [GC (Allocation Failure) [PSYoungGen: 57373K->1456K(57344K)] 366080K->310163K(633856K), 0.0022587 secs] [Times: user=0.01 sys=0.00, real=0.00 secs] 
855.251: [GC (Allocation Failure) [PSYoungGen: 57264K->1312K(57856K)] 365971K->310019K(634368K), 0.0021854 secs] [Times: user=0.01 sys=0.00, real=0.00 secs] 
855.751: [GC (Allocation Failure) [PSYoungGen: 57120K->1344K(57856K)] 365827K->310051K(634368K), 0.0020348 secs] [Times: user=0.01 sys=0.00, real=0.00 secs] 
856.372: [GC (Allocation Failure) [PSYoungGen: 57152K->1440K(57856K)] 365859K->310171K(634368K), 0.0023011 secs] [Times: user=0.01 sys=0.00, real=0.01 secs] 
857.126: [GC (Allocation Failure) [PSYoungGen: 57248K->1344K(57856K)] 365979K->310075K(634368K), 0.0027861 secs] [Times: user=0.02 sys=0.00, real=0.00 secs] 
857.768: [GC (Allocation Failure) [PSYoungGen: 57152K->1533K(57856K)] 365883K->310264K(634368K), 0.0016514 secs] [Times: user=0.01 sys=0.00, real=0.00 secs] 
858.100: [GC (Allocation Failure) [PSYoungGen: 57341K->1597K(57856K)] 366072K->310360K(634368K), 0.0015509 secs] [Times: user=0.00 sys=0.00, real=0.00 secs] 
858.427: [GC (Allocation Failure) [PSYoungGen: 57405K->1597K(57856K)] 366168K->310360K(634368K), 0.0017016 secs] [Times: user=0.01 sys=0.01, real=0.00 secs] 
858.754: [GC (Allocation Failure) [PSYoungGen: 57405K->1613K(57856K)] 366168K->310376K(634368K), 0.0015276 secs] [Times: user=0.01 sys=0.00, real=0.01 secs] 
859.117: [GC (Allocation Failure) [PSYoungGen: 57421K->1616K(57856K)] 366184K->310379K(634368K), 0.0017554 secs] [Times: user=0.01 sys=0.00, real=0.00 secs] 
859.576: [GC (Allocation Failure) [PSYoungGen: 57424K->1376K(57856K)] 366187K->310139K(634368K), 0.0018977 secs] [Times: user=0.01 sys=0.00, real=0.00 secs] 
860.078: [GC (Allocation Failure) [PSYoungGen: 57184K->1424K(57856K)] 365947K->310187K(634368K), 0.0020718 secs] [Times: user=0.01 sys=0.00, real=0.00 secs] 
860.549: [GC (Allocation Failure) [PSYoungGen: 57232K->1408K(57856K)] 365995K->310171K(634368K), 0.0019920 secs] [Times: user=0.01 sys=0.00, real=0.00 secs] 
861.024: [GC (Allocation Failure) [PSYoungGen: 57216K->1408K(57856K)] 365979K->310171K(634368K), 0.0020848 secs] [Times: user=0.01 sys=0.00, real=0.01 secs] 
861.570: [GC (Allocation Failure) [PSYoungGen: 57216K->1408K(57856K)] 365979K->310171K(634368K), 0.0019114 secs] [Times: user=0.01 sys=0.00, real=0.00 secs] 
862.000: [GC (Allocation Failure) [PSYoungGen: 57216K->1597K(57856K)] 365979K->310424K(634368K), 0.0018475 secs] [Times: user=0.00 sys=0.00, real=0.00 secs] 
862.325: [GC (Allocation Failure) [PSYoungGen: 57405K->1565K(57856K)] 366232K->310392K(634368K), 0.0015725 secs] [Times: user=0.01 sys=0.00, real=0.01 secs] 
862.649: [GC (Allocation Failure) [PSYoungGen: 57373K->1533K(57856K)] 366200K->310360K(634368K), 0.0015441 secs] [Times: user=0.01 sys=0.00, real=0.00 secs] 
863.036: [GC (Allocation Failure) [PSYoungGen: 57341K->1520K(57856K)] 366168K->310347K(634368K), 0.0015364 secs] [Times: user=0.01 sys=0.00, real=0.00 secs] 
863.534: [GC (Allocation Failure) [PSYoungGen: 57328K->1408K(57856K)] 366155K->310235K(634368K), 0.0047018 secs] [Times: user=0.01 sys=0.00, real=0.01 secs] 
863.982: [GC (Allocation Failure) [PSYoungGen: 57216K->1312K(57856K)] 366043K->310139K(634368K), 0.0026151 secs] [Times: user=0.01 sys=0.00, real=0.00 secs] 
864.516: [GC (Allocation Failure) [PSYoungGen: 57120K->1376K(57856K)] 365947K->310203K(634368K), 0.0025751 secs] [Times: user=0.01 sys=0.00, real=0.00 secs] 
865.098: [GC (Allocation Failure) [PSYoungGen: 57184K->1344K(57856K)] 366011K->310171K(634368K), 0.0023588 secs] [Times: user=0.00 sys=0.00, real=0.00 secs] 
865.672: [GC (Allocation Failure) [PSYoungGen: 57152K->1376K(57856K)] 365979K->310203K(634368K), 0.0023628 secs] [Times: user=0.01 sys=0.00, real=0.01 secs] 
866.210: [GC (Allocation Failure) [PSYoungGen: 57184K->1533K(57856K)] 366011K->310384K(634368K), 0.0014809 secs] [Times: user=0.01 sys=0.00, real=0.00 secs] 
866.532: [GC (Allocation Failure) [PSYoungGen: 57341K->1581K(57856K)] 366192K->310432K(634368K), 0.0015642 secs] [Times: user=0.01 sys=0.00, real=0.00 secs] 
866.858: [GC (Allocation Failure) [PSYoungGen: 57389K->1581K(57856K)] 366240K->310432K(634368K), 0.0015472 secs] [Times: user=0.01 sys=0.00, real=0.00 secs] 
867.183: [GC (Allocation Failure) [PSYoungGen: 57389K->1536K(57856K)] 366240K->310419K(634368K), 0.0015194 secs] [Times: user=0.01 sys=0.00, real=0.01 secs] 
867.565: [GC (Allocation Failure) [PSYoungGen: 57344K->1472K(57856K)] 366227K->312403K(634368K), 0.0022824 secs] [Times: user=0.01 sys=0.00, real=0.00 secs] 
868.072: [GC (Allocation Failure) [PSYoungGen: 57280K->1376K(57856K)] 368211K->312307K(634368K), 0.0032156 secs] [Times: user=0.01 sys=0.00, real=0.01 secs] 
868.566: [GC (Allocation Failure) [PSYoungGen: 57184K->1312K(57856K)] 368115K->312243K(634368K), 0.0026145 secs] [Times: user=0.01 sys=0.00, real=0.00 secs] 
869.069: [GC (Allocation Failure) [PSYoungGen: 57120K->1344K(57856K)] 368051K->312275K(634368K), 0.0023946 secs] [Times: user=0.01 sys=0.00, real=0.00 secs] 
869.577: [GC (Allocation Failure) [PSYoungGen: 57152K->1328K(57856K)] 368083K->312259K(634368K), 0.0023200 secs] [Times: user=0.01 sys=0.00, real=0.00 secs] 
869.982: [GC (Allocation Failure) [PSYoungGen: 57136K->1408K(57856K)] 368067K->312339K(634368K), 0.0018033 secs] [Times: user=0.01 sys=0.00, real=0.00 secs] 
870.308: [GC (Allocation Failure) [PSYoungGen: 57216K->1549K(57856K)] 368147K->312496K(634368K), 0.0014980 secs] [Times: user=0.01 sys=0.00, real=0.00 secs] 
870.634: [GC (Allocation Failure) [PSYoungGen: 57357K->1549K(57856K)] 368304K->312496K(634368K), 0.0015456 secs] [Times: user=0.01 sys=0.00, real=0.01 secs] 
870.959: [GC (Allocation Failure) [PSYoungGen: 57357K->1565K(57856K)] 368304K->312512K(634368K), 0.0015347 secs] [Times: user=0.01 sys=0.00, real=0.00 secs] 
871.284: [GC (Allocation Failure) [PSYoungGen: 57373K->1581K(57856K)] 368320K->312528K(634368K), 0.0015327 secs] [Times: user=0.00 sys=0.00, real=0.01 secs] 
871.564: [GC (Allocation Failure) [PSYoungGen: 57389K->1440K(57856K)] 368336K->312387K(634368K), 0.0017955 secs] [Times: user=0.00 sys=0.00, real=0.01 secs] 
871.795: [GC (Allocation Failure) [PSYoungGen: 57248K->1408K(57856K)] 368195K->312355K(634368K), 0.0018855 secs] [Times: user=0.00 sys=0.00, real=0.00 secs] 
872.027: [GC (Allocation Failure) [PSYoungGen: 57216K->1376K(57856K)] 368163K->312323K(634368K), 0.0017588 secs] [Times: user=0.00 sys=0.00, real=0.00 secs] 
872.259: [GC (Allocation Failure) [PSYoungGen: 57184K->1360K(57856K)] 368131K->312307K(634368K), 0.0017248 secs] [Times: user=0.01 sys=0.00, real=0.00 secs] 
872.617: [GC (Allocation Failure) [PSYoungGen: 57168K->1376K(57856K)] 368115K->312323K(634368K), 0.0017095 secs] [Times: user=0.00 sys=0.00, real=0.00 secs] 
873.081: [GC (Allocation Failure) [PSYoungGen: 57184K->1533K(57856K)] 368131K->312496K(634368K), 0.0014796 secs] [Times: user=0.00 sys=0.00, real=0.00 secs] 
873.404: [GC (Allocation Failure) [PSYoungGen: 57341K->1565K(57856K)] 368304K->312536K(634368K), 0.0015126 secs] [Times: user=0.01 sys=0.00, real=0.01 secs] 
873.729: [GC (Allocation Failure) [PSYoungGen: 57373K->1536K(57856K)] 368344K->312507K(634368K), 0.0015214 secs] [Times: user=0.01 sys=0.00, real=0.00 secs] 
874.054: [GC (Allocation Failure) [PSYoungGen: 57344K->1549K(57856K)] 368315K->312520K(634368K), 0.0015170 secs] [Times: user=0.01 sys=0.00, real=0.01 secs] 
874.339: [GC (Allocation Failure) [PSYoungGen: 57357K->1488K(57856K)] 368328K->312459K(634368K), 0.0019362 secs] [Times: user=0.01 sys=0.00, real=0.00 secs] 
874.572: [GC (Allocation Failure) [PSYoungGen: 57296K->1344K(57856K)] 368267K->312315K(634368K), 0.0021080 secs] [Times: user=0.01 sys=0.00, real=0.00 secs] 
874.804: [GC (Allocation Failure) [PSYoungGen: 57152K->1344K(57856K)] 368123K->312315K(634368K), 0.0020194 secs] [Times: user=0.01 sys=0.00, real=0.01 secs] 
875.036: [GC (Allocation Failure) [PSYoungGen: 57152K->1328K(57856K)] 368123K->312315K(634368K), 0.0018208 secs] [Times: user=0.01 sys=0.00, real=0.00 secs] 
875.292: [GC (Allocation Failure) [PSYoungGen: 57136K->1312K(57856K)] 368123K->312299K(634368K), 0.0019833 secs] [Times: user=0.00 sys=0.00, real=0.00 secs] 
875.604: [GC (Allocation Failure) [PSYoungGen: 57120K->1485K(57856K)] 368107K->312472K(634368K), 0.0014928 secs] [Times: user=0.01 sys=0.00, real=0.01 secs] 
875.925: [GC (Allocation Failure) [PSYoungGen: 57293K->1565K(57856K)] 368280K->312568K(634368K), 0.0015179 secs] [Times: user=0.01 sys=0.00, real=0.00 secs] 
876.252: [GC (Allocation Failure) [PSYoungGen: 57373K->1533K(57856K)] 368376K->312536K(634368K), 0.0014418 secs] [Times: user=0.01 sys=0.00, real=0.00 secs] 
876.577: [GC (Allocation Failure) [PSYoungGen: 57341K->1501K(57856K)] 368344K->312504K(634368K), 0.0014979 secs] [Times: user=0.00 sys=0.00, real=0.00 secs] 
876.901: [GC (Allocation Failure) [PSYoungGen: 57309K->256K(57856K)] 368312K->311259K(634368K), 0.0015963 secs] [Times: user=0.01 sys=0.00, real=0.00 secs] 
877.161: [GC (Allocation Failure) [PSYoungGen: 56064K->1376K(57856K)] 367067K->312379K(634368K), 0.0019033 secs] [Times: user=0.01 sys=0.00, real=0.00 secs] 
877.393: [GC (Allocation Failure) [PSYoungGen: 57184K->1344K(57856K)] 368187K->312347K(634368K), 0.0018336 secs] [Times: user=0.01 sys=0.00, real=0.01 secs] 
877.625: [GC (Allocation Failure) [PSYoungGen: 57152K->1376K(57856K)] 368155K->312379K(634368K), 0.0018716 secs] [Times: user=0.01 sys=0.00, real=0.00 secs] 
877.856: [GC (Allocation Failure) [PSYoungGen: 57184K->1344K(57856K)] 368187K->312347K(634368K), 0.0021440 secs] [Times: user=0.01 sys=0.00, real=0.00 secs] 
878.088: [GC (Allocation Failure) [PSYoungGen: 57152K->1376K(57856K)] 368155K->312379K(634368K), 0.0022122 secs] [Times: user=0.01 sys=0.00, real=0.00 secs] 
878.527: [GC (Allocation Failure) [PSYoungGen: 57184K->1565K(57856K)] 368187K->312584K(634368K), 0.0014721 secs] [Times: user=0.01 sys=0.00, real=0.00 secs] 
878.855: [GC (Allocation Failure) [PSYoungGen: 57373K->1533K(57856K)] 368392K->312552K(634368K), 0.0017433 secs] [Times: user=0.01 sys=0.00, real=0.01 secs] 
879.236: [GC (Allocation Failure) [PSYoungGen: 57341K->1517K(57856K)] 368360K->312536K(634368K), 0.0015730 secs] [Times: user=0.00 sys=0.00, real=0.00 secs] 
879.561: [GC (Allocation Failure) [PSYoungGen: 57312K->1501K(57856K)] 368331K->312520K(634368K), 0.0016839 secs] [Times: user=0.00 sys=0.00, real=0.00 secs] 
879.937: [GC (Allocation Failure) [PSYoungGen: 57309K->1424K(57856K)] 368328K->312443K(634368K), 0.0024214 secs] [Times: user=0.01 sys=0.00, real=0.00 secs] 
880.341: [GC (Allocation Failure) [PSYoungGen: 57232K->1376K(57856K)] 368251K->312395K(634368K), 0.0022300 secs] [Times: user=0.01 sys=0.00, real=0.00 secs] 
880.754: [GC (Allocation Failure) [PSYoungGen: 57184K->1392K(57856K)] 368203K->312411K(634368K), 0.0024279 secs] [Times: user=0.01 sys=0.00, real=0.01 secs] 
881.140: [GC (Allocation Failure) [PSYoungGen: 57200K->1360K(57856K)] 368219K->312379K(634368K), 0.0029875 secs] [Times: user=0.01 sys=0.01, real=0.00 secs] 
881.529: [GC (Allocation Failure) [PSYoungGen: 57168K->1344K(57856K)] 368187K->312363K(634368K), 0.0026485 secs] [Times: user=0.01 sys=0.00, real=0.00 secs] 
881.963: [GC (Allocation Failure) [PSYoungGen: 57152K->1533K(57856K)] 368171K->312552K(634368K), 0.0015397 secs] [Times: user=0.01 sys=0.00, real=0.01 secs] 
882.286: [GC (Allocation Failure) [PSYoungGen: 57341K->1549K(57856K)] 368360K->312584K(634368K), 0.0015405 secs] [Times: user=0.00 sys=0.00, real=0.00 secs] 
882.613: [GC (Allocation Failure) [PSYoungGen: 57357K->1501K(57856K)] 368392K->312536K(634368K), 0.0015185 secs] [Times: user=0.00 sys=0.00, real=0.01 secs] 
882.999: [GC (Allocation Failure) [PSYoungGen: 57309K->1533K(57856K)] 368344K->312568K(634368K), 0.0015518 secs] [Times: user=0.01 sys=0.00, real=0.00 secs] 
883.302: [GC (Allocation Failure) [PSYoungGen: 57341K->1440K(57856K)] 368376K->312475K(634368K), 0.0018152 secs] [Times: user=0.00 sys=0.00, real=0.00 secs] 
883.653: [GC (Allocation Failure) [PSYoungGen: 57248K->1408K(57856K)] 368283K->312443K(634368K), 0.0019952 secs] [Times: user=0.01 sys=0.00, real=0.01 secs] 
884.237: [GC (Allocation Failure) [PSYoungGen: 57216K->1408K(57856K)] 368251K->312443K(634368K), 0.0020901 secs] [Times: user=0.01 sys=0.01, real=0.00 secs] 
885.053: [GC (Allocation Failure) [PSYoungGen: 57216K->1424K(57856K)] 368251K->312459K(634368K), 0.0028249 secs] [Times: user=0.01 sys=0.00, real=0.01 secs] 
885.848: [GC (Allocation Failure) [PSYoungGen: 57232K->1344K(57856K)] 368267K->312379K(634368K), 0.0026508 secs] [Times: user=0.01 sys=0.00, real=0.00 secs] 
886.724: [GC (Allocation Failure) [PSYoungGen: 57152K->1472K(57856K)] 368187K->312507K(634368K), 0.0021734 secs] [Times: user=0.01 sys=0.00, real=0.01 secs] 
887.160: [GC (Allocation Failure) [PSYoungGen: 57280K->1565K(57856K)] 368315K->312608K(634368K), 0.0015636 secs] [Times: user=0.00 sys=0.00, real=0.00 secs] 
887.486: [GC (Allocation Failure) [PSYoungGen: 57347K->1501K(57856K)] 368391K->312544K(634368K), 0.0015713 secs] [Times: user=0.01 sys=0.00, real=0.00 secs] 
887.872: [GC (Allocation Failure) [PSYoungGen: 57309K->1565K(57856K)] 368352K->312624K(634368K), 0.0015712 secs] [Times: user=0.01 sys=0.00, real=0.00 secs] 
888.198: [GC (Allocation Failure) [PSYoungGen: 57373K->1565K(57856K)] 368432K->312624K(634368K), 0.0018039 secs] [Times: user=0.00 sys=0.00, real=0.00 secs] 
888.471: [GC (Allocation Failure) [PSYoungGen: 57373K->1440K(57856K)] 368432K->312499K(634368K), 0.0027999 secs] [Times: user=0.02 sys=0.00, real=0.00 secs] 
888.708: [GC (Allocation Failure) [PSYoungGen: 57248K->1344K(57856K)] 368307K->312403K(634368K), 0.0019793 secs] [Times: user=0.01 sys=0.00, real=0.00 secs] 
888.941: [GC (Allocation Failure) [PSYoungGen: 57152K->1344K(57856K)] 368211K->312403K(634368K), 0.0021471 secs] [Times: user=0.01 sys=0.00, real=0.00 secs] 
889.247: [GC (Allocation Failure) [PSYoungGen: 57152K->1376K(57856K)] 368211K->312435K(634368K), 0.0023784 secs] [Times: user=0.01 sys=0.00, real=0.00 secs] 
889.674: [GC (Allocation Failure) [PSYoungGen: 57184K->1344K(57856K)] 368243K->312403K(634368K), 0.0024590 secs] [Times: user=0.01 sys=0.00, real=0.01 secs] 
890.134: [GC (Allocation Failure) [PSYoungGen: 57152K->1517K(57856K)] 368211K->312584K(634368K), 0.0015416 secs] [Times: user=0.01 sys=0.00, real=0.01 secs] 
890.458: [GC (Allocation Failure) [PSYoungGen: 57325K->1565K(57856K)] 368392K->312632K(634368K), 0.0015277 secs] [Times: user=0.01 sys=0.00, real=0.00 secs] 
890.784: [GC (Allocation Failure) [PSYoungGen: 57373K->1552K(57856K)] 368440K->312619K(634368K), 0.0015302 secs] [Times: user=0.01 sys=0.00, real=0.01 secs] 
891.111: [GC (Allocation Failure) [PSYoungGen: 57360K->1568K(57856K)] 368427K->312635K(634368K), 0.0015156 secs] [Times: user=0.01 sys=0.00, real=0.00 secs] 
891.571: [GC (Allocation Failure) [PSYoungGen: 57376K->1472K(57856K)] 368443K->312539K(634368K), 0.0021284 secs] [Times: user=0.00 sys=0.00, real=0.00 secs] 
892.105: [GC (Allocation Failure) [PSYoungGen: 57280K->1360K(57856K)] 368347K->312427K(634368K), 0.0026255 secs] [Times: user=0.01 sys=0.00, real=0.01 secs] 
892.507: [GC (Allocation Failure) [PSYoungGen: 57168K->1376K(57856K)] 368235K->312443K(634368K), 0.0026566 secs] [Times: user=0.01 sys=0.00, real=0.00 secs] 
892.951: [GC (Allocation Failure) [PSYoungGen: 57184K->1408K(57856K)] 368251K->312475K(634368K), 0.0026955 secs] [Times: user=0.01 sys=0.00, real=0.00 secs] 
893.477: [GC (Allocation Failure) [PSYoungGen: 57216K->1344K(57856K)] 368283K->312411K(634368K), 0.0039482 secs] [Times: user=0.02 sys=0.00, real=0.00 secs] 
894.030: [GC (Allocation Failure) [PSYoungGen: 57152K->1485K(57856K)] 368219K->312552K(634368K), 0.0015267 secs] [Times: user=0.00 sys=0.00, real=0.00 secs] 
894.352: [GC (Allocation Failure) [PSYoungGen: 57293K->1613K(57856K)] 368360K->312704K(634368K), 0.0015076 secs] [Times: user=0.01 sys=0.00, real=0.00 secs] 
894.679: [GC (Allocation Failure) [PSYoungGen: 57421K->1581K(57856K)] 368512K->312672K(634368K), 0.0015204 secs] [Times: user=0.01 sys=0.00, real=0.00 secs] 
895.003: [GC (Allocation Failure) [PSYoungGen: 57389K->1565K(57856K)] 368480K->312656K(634368K), 0.0014484 secs] [Times: user=0.01 sys=0.00, real=0.01 secs] 
895.370: [GC (Allocation Failure) [PSYoungGen: 57373K->224K(57856K)] 368464K->311315K(634368K), 0.0018896 secs] [Times: user=0.01 sys=0.00, real=0.00 secs] 
897.050: [GC (Allocation Failure) [PSYoungGen: 56032K->1392K(57856K)] 367123K->312483K(634368K), 0.0032030 secs] [Times: user=0.01 sys=0.00, real=0.00 secs] 
897.555: [GC (Allocation Failure) [PSYoungGen: 57200K->1328K(57856K)] 368291K->312419K(634368K), 0.0031722 secs] [Times: user=0.01 sys=0.00, real=0.01 secs] 
898.044: [GC (Allocation Failure) [PSYoungGen: 57136K->1328K(57856K)] 368227K->312419K(634368K), 0.0033511 secs] [Times: user=0.01 sys=0.00, real=0.01 secs] 
898.534: [GC (Allocation Failure) [PSYoungGen: 57136K->1344K(57856K)] 368227K->312443K(634368K), 0.0030467 secs] [Times: user=0.01 sys=0.00, real=0.01 secs] 
898.788: [GC (Allocation Failure) [PSYoungGen: 57152K->1392K(57856K)] 368251K->312491K(634368K), 0.0019963 secs] [Times: user=0.01 sys=0.00, real=0.00 secs] 
899.202: [GC (Allocation Failure) [PSYoungGen: 57200K->1501K(57856K)] 368299K->312608K(634368K), 0.0015171 secs] [Times: user=0.01 sys=0.00, real=0.00 secs] 
899.525: [GC (Allocation Failure) [PSYoungGen: 57309K->1501K(57856K)] 368416K->312608K(634368K), 0.0018240 secs] [Times: user=0.01 sys=0.00, real=0.00 secs] 
899.853: [GC (Allocation Failure) [PSYoungGen: 57309K->1565K(57856K)] 368416K->312672K(634368K), 0.0015395 secs] [Times: user=0.01 sys=0.00, real=0.01 secs] 
900.180: [GC (Allocation Failure) [PSYoungGen: 57346K->1533K(57856K)] 368454K->312640K(634368K), 0.0015143 secs] [Times: user=0.00 sys=0.00, real=0.00 secs] 
900.508: [GC (Allocation Failure) [PSYoungGen: 57341K->1440K(57856K)] 368448K->312547K(634368K), 0.0018768 secs] [Times: user=0.01 sys=0.00, real=0.00 secs] 
900.740: [GC (Allocation Failure) [PSYoungGen: 57248K->1376K(57856K)] 368355K->312483K(634368K), 0.0020013 secs] [Times: user=0.00 sys=0.00, real=0.00 secs] 
900.972: [GC (Allocation Failure) [PSYoungGen: 57184K->1376K(57856K)] 368291K->312483K(634368K), 0.0018602 secs] [Times: user=0.01 sys=0.00, real=0.00 secs] 
901.218: [GC (Allocation Failure) [PSYoungGen: 57184K->1408K(57856K)] 368291K->312515K(634368K), 0.0025027 secs] [Times: user=0.00 sys=0.00, real=0.00 secs] 
901.452: [GC (Allocation Failure) [PSYoungGen: 57216K->1344K(57856K)] 368323K->312451K(634368K), 0.0021140 secs] [Times: user=0.01 sys=0.00, real=0.00 secs] 
901.789: [GC (Allocation Failure) [PSYoungGen: 57152K->1520K(57856K)] 368259K->312627K(634368K), 0.0014986 secs] [Times: user=0.01 sys=0.00, real=0.00 secs] 
902.167: [GC (Allocation Failure) [PSYoungGen: 57328K->1520K(57856K)] 368435K->312643K(634368K), 0.0018419 secs] [Times: user=0.01 sys=0.00, real=0.00 secs] 
902.492: [GC (Allocation Failure) [PSYoungGen: 57328K->1536K(57856K)] 368451K->312659K(634368K), 0.0018444 secs] [Times: user=0.01 sys=0.00, real=0.00 secs] 
902.819: [GC (Allocation Failure) [PSYoungGen: 57344K->1549K(57856K)] 368467K->312672K(634368K), 0.0015784 secs] [Times: user=0.01 sys=0.00, real=0.00 secs] 
903.235: [GC (Allocation Failure) [PSYoungGen: 57357K->1504K(57856K)] 368480K->312627K(634368K), 0.0020103 secs] [Times: user=0.00 sys=0.00, real=0.00 secs] 
903.504: [GC (Allocation Failure) [PSYoungGen: 57312K->1376K(57856K)] 368435K->312499K(634368K), 0.0023347 secs] [Times: user=0.01 sys=0.00, real=0.01 secs] 
904.062: [GC (Allocation Failure) [PSYoungGen: 57184K->1344K(57856K)] 368307K->312467K(634368K), 0.0019598 secs] [Times: user=0.01 sys=0.00, real=0.00 secs] 
904.500: [GC (Allocation Failure) [PSYoungGen: 57152K->1344K(57856K)] 368275K->312467K(634368K), 0.0029548 secs] [Times: user=0.01 sys=0.00, real=0.00 secs] 
904.928: [GC (Allocation Failure) [PSYoungGen: 57152K->1376K(57856K)] 368275K->312499K(634368K), 0.0028281 secs] [Times: user=0.01 sys=0.00, real=0.00 secs] 
905.469: [GC (Allocation Failure) [PSYoungGen: 57184K->1469K(57856K)] 368307K->312592K(634368K), 0.0020655 secs] [Times: user=0.01 sys=0.00, real=0.00 secs] 
905.827: [GC (Allocation Failure) [PSYoungGen: 57277K->1613K(57856K)] 368400K->312760K(634368K), 0.0015269 secs] [Times: user=0.00 sys=0.00, real=0.00 secs] 
906.153: [GC (Allocation Failure) [PSYoungGen: 57392K->1581K(57856K)] 368540K->312728K(634368K), 0.0014860 secs] [Times: user=0.01 sys=0.00, real=0.00 secs] 
906.537: [GC (Allocation Failure) [PSYoungGen: 57389K->1565K(57856K)] 368536K->312712K(634368K), 0.0015540 secs] [Times: user=0.01 sys=0.00, real=0.00 secs] 
906.863: [GC (Allocation Failure) [PSYoungGen: 57373K->1501K(57856K)] 368520K->312648K(634368K), 0.0015307 secs] [Times: user=0.01 sys=0.00, real=0.00 secs] 
907.538: [GC (Allocation Failure) [PSYoungGen: 57309K->1408K(57856K)] 368456K->312555K(634368K), 0.0031266 secs] [Times: user=0.02 sys=0.00, real=0.00 secs] 
907.766: [GC (Allocation Failure) [PSYoungGen: 57216K->1376K(57856K)] 368363K->312523K(634368K), 0.0018734 secs] [Times: user=0.01 sys=0.00, real=0.00 secs] 
908.033: [GC (Allocation Failure) [PSYoungGen: 57184K->1392K(57856K)] 368331K->312539K(634368K), 0.0019291 secs] [Times: user=0.00 sys=0.00, real=0.01 secs] 
908.331: [GC (Allocation Failure) [PSYoungGen: 57200K->1376K(57856K)] 368347K->312523K(634368K), 0.0023609 secs] [Times: user=0.01 sys=0.00, real=0.00 secs] 
908.654: [GC (Allocation Failure) [PSYoungGen: 57184K->1344K(57856K)] 368331K->312491K(634368K), 0.0026162 secs] [Times: user=0.01 sys=0.00, real=0.01 secs] 
909.046: [GC (Allocation Failure) [PSYoungGen: 57152K->1501K(57856K)] 368299K->312664K(634368K), 0.0014524 secs] [Times: user=0.01 sys=0.00, real=0.00 secs] 
909.424: [GC (Allocation Failure) [PSYoungGen: 57309K->1565K(57856K)] 368472K->312728K(634368K), 0.0016076 secs] [Times: user=0.01 sys=0.00, real=0.01 secs] 
909.749: [GC (Allocation Failure) [PSYoungGen: 57373K->1549K(57856K)] 368536K->312712K(634368K), 0.0015870 secs] [Times: user=0.00 sys=0.00, real=0.00 secs] 
910.138: [GC (Allocation Failure) [PSYoungGen: 57357K->1549K(57856K)] 368520K->312712K(634368K), 0.0017243 secs] [Times: user=0.00 sys=0.00, real=0.00 secs] 
910.770: [GC (Allocation Failure) [PSYoungGen: 57357K->1440K(57856K)] 368520K->312603K(634368K), 0.0042471 secs] [Times: user=0.01 sys=0.00, real=0.00 secs] 
911.252: [GC (Allocation Failure) [PSYoungGen: 57248K->1360K(57856K)] 368411K->312523K(634368K), 0.0026256 secs] [Times: user=0.01 sys=0.00, real=0.01 secs] 
911.690: [GC (Allocation Failure) [PSYoungGen: 57168K->1344K(57856K)] 368331K->312507K(634368K), 0.0026607 secs] [Times: user=0.01 sys=0.00, real=0.00 secs] 
912.133: [GC (Allocation Failure) [PSYoungGen: 57152K->1360K(57856K)] 368315K->312523K(634368K), 0.0024481 secs] [Times: user=0.01 sys=0.00, real=0.01 secs] 
912.619: [GC (Allocation Failure) [PSYoungGen: 57168K->1360K(57856K)] 368331K->312523K(634368K), 0.0040156 secs] [Times: user=0.02 sys=0.00, real=0.00 secs] 
913.113: [GC (Allocation Failure) [PSYoungGen: 57168K->1533K(57856K)] 368331K->312696K(634368K), 0.0015610 secs] [Times: user=0.00 sys=0.00, real=0.01 secs] 
913.436: [GC (Allocation Failure) [PSYoungGen: 57341K->1581K(57856K)] 368504K->312752K(634368K), 0.0015053 secs] [Times: user=0.01 sys=0.00, real=0.00 secs] 
913.760: [GC (Allocation Failure) [PSYoungGen: 57389K->1597K(57856K)] 368560K->312768K(634368K), 0.0017007 secs] [Times: user=0.01 sys=0.00, real=0.00 secs] 
914.086: [GC (Allocation Failure) [PSYoungGen: 57405K->1533K(57856K)] 368576K->312704K(634368K), 0.0015682 secs] [Times: user=0.01 sys=0.00, real=0.00 secs] 
914.413: [GC (Allocation Failure) [PSYoungGen: 57341K->288K(57856K)] 368512K->311459K(634368K), 0.0015862 secs] [Times: user=0.01 sys=0.00, real=0.01 secs] 
914.874: [GC (Allocation Failure) [PSYoungGen: 56096K->1376K(57856K)] 367267K->312555K(634368K), 0.0020556 secs] [Times: user=0.00 sys=0.00, real=0.01 secs] 
915.352: [GC (Allocation Failure) [PSYoungGen: 57184K->1376K(57856K)] 368363K->312555K(634368K), 0.0017990 secs] [Times: user=0.00 sys=0.00, real=0.00 secs] 
916.110: [GC (Allocation Failure) [PSYoungGen: 57184K->1408K(57856K)] 368363K->312587K(634368K), 0.0027593 secs] [Times: user=0.01 sys=0.00, real=0.00 secs] 
916.772: [GC (Allocation Failure) [PSYoungGen: 57216K->1392K(57856K)] 368395K->312571K(634368K), 0.0039292 secs] [Times: user=0.02 sys=0.01, real=0.01 secs] 
917.328: [GC (Allocation Failure) [PSYoungGen: 57200K->1408K(57856K)] 368379K->312587K(634368K), 0.0026402 secs] [Times: user=0.01 sys=0.00, real=0.00 secs] 
917.803: [GC (Allocation Failure) [PSYoungGen: 57216K->1613K(57856K)] 368395K->312816K(634368K), 0.0015792 secs] [Times: user=0.01 sys=0.00, real=0.01 secs] 
918.127: [GC (Allocation Failure) [PSYoungGen: 57421K->1504K(57856K)] 368624K->312707K(634368K), 0.0015205 secs] [Times: user=0.00 sys=0.00, real=0.00 secs] 
918.514: [GC (Allocation Failure) [PSYoungGen: 57312K->1533K(57856K)] 368515K->312736K(634368K), 0.0015234 secs] [Times: user=0.01 sys=0.00, real=0.01 secs] 
918.842: [GC (Allocation Failure) [PSYoungGen: 57341K->1533K(57856K)] 368544K->312736K(634368K), 0.0015776 secs] [Times: user=0.01 sys=0.00, real=0.00 secs] 
919.714: [GC (Allocation Failure) [PSYoungGen: 57341K->1472K(57856K)] 368544K->312675K(634368K), 0.0043158 secs] [Times: user=0.01 sys=0.00, real=0.01 secs] 
920.428: [GC (Allocation Failure) [PSYoungGen: 57280K->1440K(57856K)] 368483K->312643K(634368K), 0.0031008 secs] [Times: user=0.01 sys=0.00, real=0.00 secs] 
921.202: [GC (Allocation Failure) [PSYoungGen: 57248K->1408K(57856K)] 368451K->312611K(634368K), 0.0022916 secs] [Times: user=0.01 sys=0.00, real=0.00 secs] 
921.729: [GC (Allocation Failure) [PSYoungGen: 57216K->1408K(57856K)] 368419K->312611K(634368K), 0.0024595 secs] [Times: user=0.01 sys=0.00, real=0.00 secs] 
922.409: [GC (Allocation Failure) [PSYoungGen: 57216K->1408K(57856K)] 368419K->312611K(634368K), 0.0024839 secs] [Times: user=0.01 sys=0.00, real=0.00 secs] 
922.886: [GC (Allocation Failure) [PSYoungGen: 57216K->1536K(57856K)] 368419K->312747K(634368K), 0.0015249 secs] [Times: user=0.00 sys=0.00, real=0.00 secs] 
923.272: [GC (Allocation Failure) [PSYoungGen: 57344K->1533K(57856K)] 368555K->312760K(634368K), 0.0015805 secs] [Times: user=0.01 sys=0.00, real=0.00 secs] 
923.598: [GC (Allocation Failure) [PSYoungGen: 57341K->1549K(57856K)] 368568K->312776K(634368K), 0.0015849 secs] [Times: user=0.01 sys=0.00, real=0.00 secs] 
923.923: [GC (Allocation Failure) [PSYoungGen: 57357K->1613K(57856K)] 368584K->312840K(634368K), 0.0015533 secs] [Times: user=0.00 sys=0.00, real=0.00 secs] 
924.353: [GC (Allocation Failure) [PSYoungGen: 57421K->1472K(57856K)] 368648K->312707K(634368K), 0.0017322 secs] [Times: user=0.00 sys=0.00, real=0.01 secs] 
924.864: [GC (Allocation Failure) [PSYoungGen: 57280K->1424K(57856K)] 368515K->312659K(634368K), 0.0031749 secs] [Times: user=0.01 sys=0.00, real=0.01 secs] 
925.431: [GC (Allocation Failure) [PSYoungGen: 57232K->1408K(57856K)] 368467K->312643K(634368K), 0.0026868 secs] [Times: user=0.01 sys=0.00, real=0.00 secs] 
926.136: [GC (Allocation Failure) [PSYoungGen: 57216K->1376K(57856K)] 368451K->312611K(634368K), 0.0023998 secs] [Times: user=0.01 sys=0.00, real=0.00 secs] 
926.784: [GC (Allocation Failure) [PSYoungGen: 57184K->1376K(57856K)] 368419K->312611K(634368K), 0.0027226 secs] [Times: user=0.01 sys=0.00, real=0.01 secs] 
927.274: [GC (Allocation Failure) [PSYoungGen: 57184K->1501K(57856K)] 368419K->312736K(634368K), 0.0018778 secs] [Times: user=0.01 sys=0.00, real=0.01 secs] 
927.621: [GC (Allocation Failure) [PSYoungGen: 57309K->1613K(57856K)] 368544K->312864K(634368K), 0.0015189 secs] [Times: user=0.00 sys=0.00, real=0.00 secs] 
927.945: [GC (Allocation Failure) [PSYoungGen: 57421K->1552K(57856K)] 368672K->312803K(634368K), 0.0014782 secs] [Times: user=0.01 sys=0.00, real=0.00 secs] 
928.269: [GC (Allocation Failure) [PSYoungGen: 57360K->1565K(57856K)] 368611K->312832K(634368K), 0.0015213 secs] [Times: user=0.01 sys=0.00, real=0.00 secs] 
928.597: [GC (Allocation Failure) [PSYoungGen: 57373K->1504K(57856K)] 368640K->312771K(634368K), 0.0016947 secs] [Times: user=0.01 sys=0.00, real=0.00 secs] 
929.850: [GC (Allocation Failure) [PSYoungGen: 57312K->1408K(57856K)] 368579K->312675K(634368K), 0.0031372 secs] [Times: user=0.01 sys=0.00, real=0.00 secs] 
930.307: [GC (Allocation Failure) [PSYoungGen: 57216K->1408K(57856K)] 368483K->312675K(634368K), 0.0021935 secs] [Times: user=0.01 sys=0.00, real=0.00 secs] 
930.752: [GC (Allocation Failure) [PSYoungGen: 57216K->1440K(57856K)] 368483K->312707K(634368K), 0.0033556 secs] [Times: user=0.01 sys=0.00, real=0.01 secs] 
931.180: [GC (Allocation Failure) [PSYoungGen: 57248K->1376K(57856K)] 368515K->312643K(634368K), 0.0031654 secs] [Times: user=0.01 sys=0.00, real=0.00 secs] 
931.592: [GC (Allocation Failure) [PSYoungGen: 57184K->1440K(57856K)] 368451K->312707K(634368K), 0.0024866 secs] [Times: user=0.01 sys=0.00, real=0.01 secs] 
931.997: [GC (Allocation Failure) [PSYoungGen: 57248K->1501K(57856K)] 368515K->312792K(634368K), 0.0014710 secs] [Times: user=0.01 sys=0.00, real=0.00 secs] 
932.320: [GC (Allocation Failure) [PSYoungGen: 57309K->1536K(57856K)] 368600K->312827K(634368K), 0.0015113 secs] [Times: user=0.01 sys=0.00, real=0.00 secs] 
932.644: [GC (Allocation Failure) [PSYoungGen: 57344K->1568K(57856K)] 368635K->312859K(634368K), 0.0015232 secs] [Times: user=0.01 sys=0.00, real=0.01 secs] 
932.968: [GC (Allocation Failure) [PSYoungGen: 57376K->1565K(57856K)] 368667K->312856K(634368K), 0.0015454 secs] [Times: user=0.01 sys=0.00, real=0.00 secs] 
933.355: [GC (Allocation Failure) [PSYoungGen: 57373K->1440K(57856K)] 368664K->312739K(634368K), 0.0018682 secs] [Times: user=0.01 sys=0.00, real=0.00 secs] 
933.600: [GC (Allocation Failure) [PSYoungGen: 57248K->1408K(57856K)] 368547K->312707K(634368K), 0.0020961 secs] [Times: user=0.01 sys=0.00, real=0.00 secs] 
933.841: [GC (Allocation Failure) [PSYoungGen: 57216K->1408K(57856K)] 368515K->312707K(634368K), 0.0023980 secs] [Times: user=0.01 sys=0.00, real=0.00 secs] 
934.072: [GC (Allocation Failure) [PSYoungGen: 57216K->1376K(57856K)] 368515K->312675K(634368K), 0.0019228 secs] [Times: user=0.01 sys=0.00, real=0.00 secs] 
934.303: [GC (Allocation Failure) [PSYoungGen: 57184K->1344K(57856K)] 368483K->312643K(634368K), 0.0026688 secs] [Times: user=0.01 sys=0.00, real=0.01 secs] 
934.669: [GC (Allocation Failure) [PSYoungGen: 57152K->1437K(57856K)] 368451K->312736K(634368K), 0.0016285 secs] [Times: user=0.00 sys=0.00, real=0.00 secs] 
934.991: [GC (Allocation Failure) [PSYoungGen: 57245K->1581K(57856K)] 368544K->312896K(634368K), 0.0017645 secs] [Times: user=0.01 sys=0.00, real=0.00 secs] 
935.318: [GC (Allocation Failure) [PSYoungGen: 57389K->1565K(57856K)] 368704K->312880K(634368K), 0.0015336 secs] [Times: user=0.01 sys=0.00, real=0.00 secs] 
935.646: [GC (Allocation Failure) [PSYoungGen: 57373K->1568K(57856K)] 368688K->312891K(634368K), 0.0015218 secs] [Times: user=0.01 sys=0.00, real=0.00 secs] 
935.967: [GC (Allocation Failure) [PSYoungGen: 57373K->256K(57856K)] 368696K->311587K(634368K), 0.0015893 secs] [Times: user=0.00 sys=0.00, real=0.00 secs] 
936.241: [GC (Allocation Failure) [PSYoungGen: 56064K->1376K(57856K)] 367395K->312707K(634368K), 0.0016060 secs] [Times: user=0.00 sys=0.00, real=0.00 secs] 
936.488: [GC (Allocation Failure) [PSYoungGen: 57184K->1344K(57856K)] 368515K->312675K(634368K), 0.0016063 secs] [Times: user=0.00 sys=0.00, real=0.00 secs] 
936.727: [GC (Allocation Failure) [PSYoungGen: 57152K->1376K(57856K)] 368483K->312707K(634368K), 0.0019716 secs] [Times: user=0.01 sys=0.00, real=0.00 secs] 
936.967: [GC (Allocation Failure) [PSYoungGen: 57184K->1376K(57856K)] 368515K->312707K(634368K), 0.0023172 secs] [Times: user=0.01 sys=0.00, real=0.00 secs] 
937.200: [GC (Allocation Failure) [PSYoungGen: 57184K->1344K(57856K)] 368515K->312675K(634368K), 0.0020354 secs] [Times: user=0.01 sys=0.00, real=0.00 secs] 
937.551: [GC (Allocation Failure) [PSYoungGen: 57152K->1533K(57856K)] 368483K->312880K(634368K), 0.0015212 secs] [Times: user=0.01 sys=0.00, real=0.00 secs] 
937.877: [GC (Allocation Failure) [PSYoungGen: 57341K->1549K(57856K)] 368688K->312896K(634368K), 0.0015411 secs] [Times: user=0.01 sys=0.00, real=0.00 secs] 
938.204: [GC (Allocation Failure) [PSYoungGen: 57357K->1613K(57856K)] 368704K->312960K(634368K), 0.0015147 secs] [Times: user=0.01 sys=0.00, real=0.01 secs] 
938.531: [GC (Allocation Failure) [PSYoungGen: 57421K->1549K(57856K)] 368768K->312896K(634368K), 0.0015273 secs] [Times: user=0.01 sys=0.00, real=0.00 secs] 
938.956: [GC (Allocation Failure) [PSYoungGen: 57357K->1440K(57856K)] 368704K->312787K(634368K), 0.0021830 secs] [Times: user=0.00 sys=0.00, real=0.00 secs] 
939.467: [GC (Allocation Failure) [PSYoungGen: 57248K->1408K(57856K)] 368595K->312755K(634368K), 0.0016907 secs] [Times: user=0.00 sys=0.00, real=0.00 secs] 
940.034: [GC (Allocation Failure) [PSYoungGen: 57216K->1376K(57856K)] 368563K->312723K(634368K), 0.0021587 secs] [Times: user=0.01 sys=0.00, real=0.01 secs] 
940.588: [GC (Allocation Failure) [PSYoungGen: 57184K->1360K(57856K)] 368531K->312707K(634368K), 0.0021358 secs] [Times: user=0.01 sys=0.00, real=0.00 secs] 
941.111: [GC (Allocation Failure) [PSYoungGen: 57168K->1376K(57856K)] 368515K->312723K(634368K), 0.0026955 secs] [Times: user=0.01 sys=0.00, real=0.00 secs] 
941.603: [GC (Allocation Failure) [PSYoungGen: 57184K->1469K(57856K)] 368531K->312824K(634368K), 0.0014536 secs] [Times: user=0.01 sys=0.00, real=0.00 secs] 
941.926: [GC (Allocation Failure) [PSYoungGen: 57277K->1565K(57856K)] 368632K->312936K(634368K), 0.0015236 secs] [Times: user=0.01 sys=0.00, real=0.00 secs] 
942.253: [GC (Allocation Failure) [PSYoungGen: 57373K->1565K(57856K)] 368744K->312936K(634368K), 0.0015156 secs] [Times: user=0.01 sys=0.00, real=0.00 secs] 
942.577: [GC (Allocation Failure) [PSYoungGen: 57373K->1565K(57856K)] 368744K->312936K(634368K), 0.0017032 secs] [Times: user=0.01 sys=0.00, real=0.00 secs] 
943.664: [GC (Allocation Failure) [PSYoungGen: 57373K->1440K(57856K)] 368744K->312819K(634368K), 0.0040933 secs] [Times: user=0.02 sys=0.00, real=0.01 secs] 
944.267: [GC (Allocation Failure) [PSYoungGen: 57248K->1312K(57856K)] 368627K->312691K(634368K), 0.0031787 secs] [Times: user=0.01 sys=0.00, real=0.00 secs] 
944.714: [GC (Allocation Failure) [PSYoungGen: 57120K->1392K(57856K)] 368499K->312771K(634368K), 0.0026360 secs] [Times: user=0.01 sys=0.00, real=0.01 secs] 
945.023: [GC (Allocation Failure) [PSYoungGen: 57200K->1392K(57856K)] 368579K->312771K(634368K), 0.0022657 secs] [Times: user=0.01 sys=0.00, real=0.01 secs] 
945.255: [GC (Allocation Failure) [PSYoungGen: 57200K->1312K(57856K)] 368579K->312691K(634368K), 0.0019491 secs] [Times: user=0.01 sys=0.00, real=0.00 secs] 
945.525: [GC (Allocation Failure) [PSYoungGen: 57120K->1437K(57856K)] 368499K->312824K(634368K), 0.0014387 secs] [Times: user=0.01 sys=0.00, real=0.00 secs] 
945.853: [GC (Allocation Failure) [PSYoungGen: 57245K->1565K(57856K)] 368632K->312960K(634368K), 0.0015381 secs] [Times: user=0.00 sys=0.00, real=0.00 secs] 
946.179: [GC (Allocation Failure) [PSYoungGen: 57373K->1533K(57856K)] 368768K->312928K(634368K), 0.0015236 secs] [Times: user=0.01 sys=0.00, real=0.00 secs] 
946.565: [GC (Allocation Failure) [PSYoungGen: 57341K->1565K(57856K)] 368736K->312960K(634368K), 0.0016028 secs] [Times: user=0.01 sys=0.00, real=0.00 secs] 
946.894: [GC (Allocation Failure) [PSYoungGen: 57373K->1613K(57856K)] 368768K->313032K(634368K), 0.0015693 secs] [Times: user=0.00 sys=0.00, real=0.01 secs] 
947.248: [GC (Allocation Failure) [PSYoungGen: 57421K->1440K(57856K)] 368840K->312859K(634368K), 0.0023569 secs] [Times: user=0.01 sys=0.00, real=0.00 secs] 
947.535: [GC (Allocation Failure) [PSYoungGen: 57248K->1376K(57856K)] 368667K->312795K(634368K), 0.0019393 secs] [Times: user=0.01 sys=0.00, real=0.00 secs] 
947.768: [GC (Allocation Failure) [PSYoungGen: 57184K->1376K(57856K)] 368603K->312795K(634368K), 0.0019421 secs] [Times: user=0.01 sys=0.00, real=0.00 secs] 
948.000: [GC (Allocation Failure) [PSYoungGen: 57184K->1376K(57856K)] 368603K->312795K(634368K), 0.0019283 secs] [Times: user=0.01 sys=0.00, real=0.00 secs] 
948.269: [GC (Allocation Failure) [PSYoungGen: 57184K->1376K(57856K)] 368603K->312795K(634368K), 0.0020996 secs] [Times: user=0.01 sys=0.00, real=0.00 secs] 
948.696: [GC (Allocation Failure) [PSYoungGen: 57184K->1533K(57856K)] 368603K->312968K(634368K), 0.0015776 secs] [Times: user=0.00 sys=0.00, real=0.00 secs] 
949.079: [GC (Allocation Failure) [PSYoungGen: 57341K->1533K(57856K)] 368776K->312968K(634368K), 0.0015459 secs] [Times: user=0.01 sys=0.00, real=0.00 secs] 
949.403: [GC (Allocation Failure) [PSYoungGen: 57341K->1533K(57856K)] 368776K->312968K(634368K), 0.0015742 secs] [Times: user=0.01 sys=0.00, real=0.00 secs] 
949.729: [GC (Allocation Failure) [PSYoungGen: 57341K->1565K(57856K)] 368776K->313000K(634368K), 0.0015803 secs] [Times: user=0.01 sys=0.00, real=0.00 secs] 
950.139: [GC (Allocation Failure) [PSYoungGen: 57373K->1472K(57856K)] 368808K->312907K(634368K), 0.0022019 secs] [Times: user=0.00 sys=0.00, real=0.00 secs] 
950.610: [GC (Allocation Failure) [PSYoungGen: 57280K->1376K(57856K)] 368715K->312819K(634368K), 0.0026666 secs] [Times: user=0.01 sys=0.00, real=0.00 secs] 
951.186: [GC (Allocation Failure) [PSYoungGen: 57184K->1376K(57856K)] 368627K->312819K(634368K), 0.0033732 secs] [Times: user=0.02 sys=0.00, real=0.00 secs] 
951.760: [GC (Allocation Failure) [PSYoungGen: 57184K->1360K(57856K)] 368627K->312803K(634368K), 0.0032116 secs] [Times: user=0.01 sys=0.00, real=0.00 secs] 
952.268: [GC (Allocation Failure) [PSYoungGen: 57168K->1376K(57856K)] 368611K->312819K(634368K), 0.0026536 secs] [Times: user=0.01 sys=0.00, real=0.00 secs] 
952.758: [GC (Allocation Failure) [PSYoungGen: 57184K->1437K(57856K)] 368627K->312880K(634368K), 0.0014406 secs] [Times: user=0.01 sys=0.00, real=0.00 secs] 
953.080: [GC (Allocation Failure) [PSYoungGen: 57245K->1501K(57856K)] 368688K->312960K(634368K), 0.0015208 secs] [Times: user=0.01 sys=0.00, real=0.00 secs] 
953.405: [GC (Allocation Failure) [PSYoungGen: 57309K->1504K(57856K)] 368768K->312963K(634368K), 0.0015289 secs] [Times: user=0.01 sys=0.00, real=0.00 secs] 
953.730: [GC (Allocation Failure) [PSYoungGen: 57312K->1533K(57856K)] 368771K->312992K(634368K), 0.0015141 secs] [Times: user=0.01 sys=0.00, real=0.00 secs] 
954.057: [GC (Allocation Failure) [PSYoungGen: 57341K->224K(57856K)] 368800K->311683K(634368K), 0.0015246 secs] [Times: user=0.01 sys=0.01, real=0.00 secs] 
955.279: [GC (Allocation Failure) [PSYoungGen: 56032K->1440K(57856K)] 367491K->312899K(634368K), 0.0042516 secs] [Times: user=0.02 sys=0.00, real=0.00 secs] 
955.865: [GC (Allocation Failure) [PSYoungGen: 57248K->1424K(57856K)] 368707K->312883K(634368K), 0.0019902 secs] [Times: user=0.01 sys=0.00, real=0.00 secs] 
956.480: [GC (Allocation Failure) [PSYoungGen: 57232K->1408K(57856K)] 368691K->312867K(634368K), 0.0027137 secs] [Times: user=0.01 sys=0.00, real=0.00 secs] 
957.173: [GC (Allocation Failure) [PSYoungGen: 57216K->1344K(57856K)] 368675K->312803K(634368K), 0.0022909 secs] [Times: user=0.01 sys=0.00, real=0.01 secs] 
957.918: [GC (Allocation Failure) [PSYoungGen: 57152K->1376K(57856K)] 368611K->312835K(634368K), 0.0023764 secs] [Times: user=0.01 sys=0.00, real=0.00 secs] 
958.341: [GC (Allocation Failure) [PSYoungGen: 57184K->1565K(57856K)] 368643K->313032K(634368K), 0.0014988 secs] [Times: user=0.00 sys=0.00, real=0.00 secs] 
958.665: [GC (Allocation Failure) [PSYoungGen: 57373K->1565K(57856K)] 368840K->313056K(634368K), 0.0015240 secs] [Times: user=0.00 sys=0.00, real=0.00 secs] 
958.993: [GC (Allocation Failure) [PSYoungGen: 57373K->1597K(57856K)] 368864K->313088K(634368K), 0.0015038 secs] [Times: user=0.00 sys=0.00, real=0.00 secs] 
959.319: [GC (Allocation Failure) [PSYoungGen: 57405K->1565K(57856K)] 368896K->313056K(634368K), 0.0015298 secs] [Times: user=0.00 sys=0.00, real=0.00 secs] 
959.861: [GC (Allocation Failure) [PSYoungGen: 57373K->1456K(57856K)] 368864K->312955K(634368K), 0.0020730 secs] [Times: user=0.01 sys=0.00, real=0.00 secs] 
960.290: [GC (Allocation Failure) [PSYoungGen: 57264K->1392K(57856K)] 368763K->312891K(634368K), 0.0018714 secs] [Times: user=0.00 sys=0.00, real=0.00 secs] 
960.524: [GC (Allocation Failure) [PSYoungGen: 57200K->1392K(57856K)] 368699K->312891K(634368K), 0.0019652 secs] [Times: user=0.01 sys=0.00, real=0.01 secs] 
960.756: [GC (Allocation Failure) [PSYoungGen: 57200K->1360K(57856K)] 368699K->312859K(634368K), 0.0020876 secs] [Times: user=0.00 sys=0.00, real=0.00 secs] 
961.074: [GC (Allocation Failure) [PSYoungGen: 57168K->1360K(57856K)] 368667K->312859K(634368K), 0.0022865 secs] [Times: user=0.01 sys=0.00, real=0.01 secs] 
961.486: [GC (Allocation Failure) [PSYoungGen: 57168K->1501K(57856K)] 368667K->313000K(634368K), 0.0014786 secs] [Times: user=0.01 sys=0.00, real=0.00 secs] 
961.809: [GC (Allocation Failure) [PSYoungGen: 57309K->1501K(57856K)] 368808K->313024K(634368K), 0.0015468 secs] [Times: user=0.01 sys=0.00, real=0.00 secs] 
962.135: [GC (Allocation Failure) [PSYoungGen: 57309K->1533K(57856K)] 368832K->313056K(634368K), 0.0015316 secs] [Times: user=0.00 sys=0.00, real=0.00 secs] 
962.459: [GC (Allocation Failure) [PSYoungGen: 57341K->1584K(57856K)] 368864K->313107K(634368K), 0.0015077 secs] [Times: user=0.01 sys=0.00, real=0.00 secs] 
962.872: [GC (Allocation Failure) [PSYoungGen: 57392K->1488K(57856K)] 368915K->313011K(634368K), 0.0019754 secs] [Times: user=0.01 sys=0.00, real=0.00 secs] 
963.105: [GC (Allocation Failure) [PSYoungGen: 57296K->1408K(57856K)] 368819K->312931K(634368K), 0.0019552 secs] [Times: user=0.01 sys=0.00, real=0.01 secs] 
963.337: [GC (Allocation Failure) [PSYoungGen: 57216K->1408K(57856K)] 368739K->312931K(634368K), 0.0020770 secs] [Times: user=0.01 sys=0.00, real=0.00 secs] 
963.640: [GC (Allocation Failure) [PSYoungGen: 57216K->1344K(57856K)] 368739K->312867K(634368K), 0.0018785 secs] [Times: user=0.01 sys=0.00, real=0.00 secs] 
963.902: [GC (Allocation Failure) [PSYoungGen: 57152K->1344K(57856K)] 368675K->312867K(634368K), 0.0020888 secs] [Times: user=0.01 sys=0.00, real=0.00 secs] 
964.218: [GC (Allocation Failure) [PSYoungGen: 57152K->1469K(57856K)] 368675K->312992K(634368K), 0.0014638 secs] [Times: user=0.01 sys=0.00, real=0.00 secs] 
964.540: [GC (Allocation Failure) [PSYoungGen: 57277K->1581K(57856K)] 368800K->313120K(634368K), 0.0015386 secs] [Times: user=0.01 sys=0.00, real=0.00 secs] 
964.866: [GC (Allocation Failure) [PSYoungGen: 57389K->1581K(57856K)] 368928K->313120K(634368K), 0.0015189 secs] [Times: user=0.01 sys=0.00, real=0.00 secs] 
965.190: [GC (Allocation Failure) [PSYoungGen: 57389K->1504K(57856K)] 368928K->313067K(634368K), 0.0015362 secs] [Times: user=0.01 sys=0.00, real=0.00 secs] 
965.520: [GC (Allocation Failure) [PSYoungGen: 57312K->1549K(57856K)] 368875K->313112K(634368K), 0.0015022 secs] [Times: user=0.01 sys=0.00, real=0.00 secs] 
966.133: [GC (Allocation Failure) [PSYoungGen: 57357K->1408K(57856K)] 368920K->312971K(634368K), 0.0024490 secs] [Times: user=0.00 sys=0.00, real=0.01 secs] 
966.709: [GC (Allocation Failure) [PSYoungGen: 57216K->1408K(57856K)] 368779K->312971K(634368K), 0.0023877 secs] [Times: user=0.01 sys=0.00, real=0.00 secs] 
966.942: [GC (Allocation Failure) [PSYoungGen: 57216K->1408K(57856K)] 368779K->312971K(634368K), 0.0019790 secs] [Times: user=0.01 sys=0.01, real=0.00 secs] 
967.243: [GC (Allocation Failure) [PSYoungGen: 57216K->1408K(57856K)] 368779K->312971K(634368K), 0.0020334 secs] [Times: user=0.01 sys=0.00, real=0.01 secs] 
967.653: [GC (Allocation Failure) [PSYoungGen: 57216K->1392K(57856K)] 368779K->312955K(634368K), 0.0020563 secs] [Times: user=0.01 sys=0.00, real=0.01 secs] 
968.043: [GC (Allocation Failure) [PSYoungGen: 57200K->1565K(57856K)] 368763K->313144K(634368K), 0.0014587 secs] [Times: user=0.01 sys=0.00, real=0.00 secs] 
968.365: [GC (Allocation Failure) [PSYoungGen: 57373K->1565K(57856K)] 368952K->313144K(634368K), 0.0015269 secs] [Times: user=0.00 sys=0.00, real=0.00 secs] 
968.692: [GC (Allocation Failure) [PSYoungGen: 57373K->1565K(57856K)] 368952K->313144K(634368K), 0.0015286 secs] [Times: user=0.00 sys=0.00, real=0.00 secs] 
969.017: [GC (Allocation Failure) [PSYoungGen: 57373K->1597K(57856K)] 368952K->313176K(634368K), 0.0014983 secs] [Times: user=0.01 sys=0.00, real=0.00 secs] 
969.390: [GC (Allocation Failure) [PSYoungGen: 57405K->1472K(57856K)] 368984K->313051K(634368K), 0.0019937 secs] [Times: user=0.01 sys=0.00, real=0.00 secs] 
969.805: [GC (Allocation Failure) [PSYoungGen: 57280K->1376K(57856K)] 368859K->312955K(634368K), 0.0018458 secs] [Times: user=0.01 sys=0.00, real=0.00 secs] 
970.230: [GC (Allocation Failure) [PSYoungGen: 57184K->1408K(57856K)] 368763K->312987K(634368K), 0.0032092 secs] [Times: user=0.02 sys=0.00, real=0.00 secs] 
970.739: [GC (Allocation Failure) [PSYoungGen: 57216K->1408K(57856K)] 368795K->312987K(634368K), 0.0026564 secs] [Times: user=0.01 sys=0.00, real=0.00 secs] 
971.309: [GC (Allocation Failure) [PSYoungGen: 57216K->1376K(57856K)] 368795K->312955K(634368K), 0.0073267 secs] [Times: user=0.03 sys=0.00, real=0.01 secs] 
971.977: [GC (Allocation Failure) [PSYoungGen: 57184K->1437K(57856K)] 368763K->313016K(634368K), 0.0019259 secs] [Times: user=0.01 sys=0.00, real=0.00 secs] 
972.302: [GC (Allocation Failure) [PSYoungGen: 57245K->1533K(57856K)] 368824K->313128K(634368K), 0.0016830 secs] [Times: user=0.01 sys=0.00, real=0.00 secs] 
972.628: [GC (Allocation Failure) [PSYoungGen: 57341K->1565K(57856K)] 368936K->313160K(634368K), 0.0016895 secs] [Times: user=0.00 sys=0.00, real=0.00 secs] 
972.954: [GC (Allocation Failure) [PSYoungGen: 57373K->1565K(57856K)] 368968K->313160K(634368K), 0.0016936 secs] [Times: user=0.01 sys=0.00, real=0.01 secs] 
973.277: [GC (Allocation Failure) [PSYoungGen: 57373K->256K(57856K)] 368968K->311851K(634368K), 0.0015702 secs] [Times: user=0.00 sys=0.00, real=0.00 secs] 
973.604: [GC (Allocation Failure) [PSYoungGen: 56064K->1376K(57856K)] 367659K->312971K(634368K), 0.0018260 secs] [Times: user=0.00 sys=0.00, real=0.01 secs] 
973.863: [GC (Allocation Failure) [PSYoungGen: 57184K->1408K(57856K)] 368779K->313011K(634368K), 0.0019852 secs] [Times: user=0.01 sys=0.00, real=0.01 secs] 
974.200: [GC (Allocation Failure) [PSYoungGen: 57216K->1376K(57856K)] 368819K->312979K(634368K), 0.0027942 secs] [Times: user=0.01 sys=0.00, real=0.00 secs] 
974.565: [GC (Allocation Failure) [PSYoungGen: 57184K->1376K(57856K)] 368787K->312979K(634368K), 0.0026768 secs] [Times: user=0.01 sys=0.00, real=0.00 secs] 
974.953: [GC (Allocation Failure) [PSYoungGen: 57184K->1376K(57856K)] 368787K->312987K(634368K), 0.0026632 secs] [Times: user=0.01 sys=0.00, real=0.01 secs] 
975.396: [GC (Allocation Failure) [PSYoungGen: 57184K->1613K(57856K)] 368795K->313240K(634368K), 0.0015487 secs] [Times: user=0.01 sys=0.01, real=0.00 secs] 
975.782: [GC (Allocation Failure) [PSYoungGen: 57421K->1533K(57856K)] 369048K->313160K(634368K), 0.0015763 secs] [Times: user=0.00 sys=0.00, real=0.00 secs] 
976.110: [GC (Allocation Failure) [PSYoungGen: 57341K->1517K(57856K)] 368968K->313144K(634368K), 0.0015788 secs] [Times: user=0.01 sys=0.00, real=0.00 secs] 
976.435: [GC (Allocation Failure) [PSYoungGen: 57312K->1533K(57856K)] 368939K->313176K(634368K), 0.0015048 secs] [Times: user=0.01 sys=0.00, real=0.00 secs] 
976.867: [GC (Allocation Failure) [PSYoungGen: 57341K->1440K(57856K)] 368984K->313091K(634368K), 0.0033046 secs] [Times: user=0.01 sys=0.00, real=0.00 secs] 
977.393: [GC (Allocation Failure) [PSYoungGen: 57248K->1360K(57856K)] 368899K->313011K(634368K), 0.0028373 secs] [Times: user=0.02 sys=0.00, real=0.01 secs] 
977.854: [GC (Allocation Failure) [PSYoungGen: 57168K->1392K(57856K)] 368819K->313043K(634368K), 0.0025981 secs] [Times: user=0.01 sys=0.00, real=0.01 secs] 
978.158: [GC (Allocation Failure) [PSYoungGen: 57200K->1360K(57856K)] 368851K->313011K(634368K), 0.0021550 secs] [Times: user=0.01 sys=0.00, real=0.00 secs] 
978.492: [GC (Allocation Failure) [PSYoungGen: 57168K->1408K(57856K)] 368819K->313059K(634368K), 0.0020830 secs] [Times: user=0.01 sys=0.00, real=0.00 secs] 
978.866: [GC (Allocation Failure) [PSYoungGen: 57216K->1501K(57856K)] 368867K->313152K(634368K), 0.0014678 secs] [Times: user=0.01 sys=0.00, real=0.00 secs] 
979.187: [GC (Allocation Failure) [PSYoungGen: 57309K->1613K(57856K)] 368960K->313280K(634368K), 0.0015263 secs] [Times: user=0.01 sys=0.00, real=0.00 secs] 
979.514: [GC (Allocation Failure) [PSYoungGen: 57421K->1533K(57856K)] 369088K->313200K(634368K), 0.0015104 secs] [Times: user=0.01 sys=0.00, real=0.01 secs] 
979.838: [GC (Allocation Failure) [PSYoungGen: 57341K->1581K(57856K)] 369008K->313248K(634368K), 0.0015138 secs] [Times: user=0.00 sys=0.00, real=0.00 secs] 
980.183: [GC (Allocation Failure) [PSYoungGen: 57389K->1456K(57856K)] 369056K->313123K(634368K), 0.0018667 secs] [Times: user=0.01 sys=0.00, real=0.01 secs] 
980.649: [GC (Allocation Failure) [PSYoungGen: 57264K->1344K(57856K)] 368931K->313011K(634368K), 0.0019201 secs] [Times: user=0.01 sys=0.00, real=0.00 secs] 
981.109: [GC (Allocation Failure) [PSYoungGen: 57152K->1408K(57856K)] 368819K->313075K(634368K), 0.0017420 secs] [Times: user=0.01 sys=0.00, real=0.00 secs] 
981.688: [GC (Allocation Failure) [PSYoungGen: 57216K->1408K(57856K)] 368883K->313075K(634368K), 0.0017079 secs] [Times: user=0.00 sys=0.00, real=0.00 secs] 
982.134: [GC (Allocation Failure) [PSYoungGen: 57216K->1344K(57856K)] 368883K->313011K(634368K), 0.0018685 secs] [Times: user=0.00 sys=0.00, real=0.01 secs] 
982.594: [GC (Allocation Failure) [PSYoungGen: 57152K->1469K(57856K)] 368819K->313136K(634368K), 0.0014273 secs] [Times: user=0.01 sys=0.00, real=0.01 secs] 
982.917: [GC (Allocation Failure) [PSYoungGen: 57277K->1565K(57856K)] 368944K->313248K(634368K), 0.0015207 secs] [Times: user=0.01 sys=0.00, real=0.00 secs] 
983.243: [GC (Allocation Failure) [PSYoungGen: 57373K->1536K(57856K)] 369056K->313219K(634368K), 0.0017026 secs] [Times: user=0.00 sys=0.00, real=0.01 secs] 
983.569: [GC (Allocation Failure) [PSYoungGen: 57344K->1568K(57856K)] 369027K->313251K(634368K), 0.0014869 secs] [Times: user=0.01 sys=0.00, real=0.00 secs] 
983.895: [GC (Allocation Failure) [PSYoungGen: 57376K->1504K(57856K)] 369059K->313187K(634368K), 0.0016795 secs] [Times: user=0.00 sys=0.00, real=0.00 secs] 
984.440: [GC (Allocation Failure) [PSYoungGen: 57312K->1440K(57856K)] 368995K->313123K(634368K), 0.0019116 secs] [Times: user=0.00 sys=0.00, real=0.00 secs] 
984.989: [GC (Allocation Failure) [PSYoungGen: 57248K->1344K(57856K)] 368931K->313027K(634368K), 0.0019783 secs] [Times: user=0.00 sys=0.00, real=0.00 secs] 
985.498: [GC (Allocation Failure) [PSYoungGen: 57152K->1392K(57856K)] 368835K->313075K(634368K), 0.0019834 secs] [Times: user=0.01 sys=0.00, real=0.00 secs] 
985.925: [GC (Allocation Failure) [PSYoungGen: 57200K->1376K(57856K)] 368883K->313059K(634368K), 0.0020018 secs] [Times: user=0.01 sys=0.00, real=0.00 secs] 
986.456: [GC (Allocation Failure) [PSYoungGen: 57184K->1408K(57856K)] 368867K->313091K(634368K), 0.0025002 secs] [Times: user=0.01 sys=0.00, real=0.00 secs] 
986.923: [GC (Allocation Failure) [PSYoungGen: 57216K->1469K(57856K)] 368899K->313160K(634368K), 0.0015428 secs] [Times: user=0.00 sys=0.00, real=0.00 secs] 
987.246: [GC (Allocation Failure) [PSYoungGen: 57277K->1581K(57856K)] 368968K->313288K(634368K), 0.0014904 secs] [Times: user=0.01 sys=0.00, real=0.00 secs] 
987.634: [GC (Allocation Failure) [PSYoungGen: 57389K->1581K(57856K)] 369096K->313288K(634368K), 0.0018057 secs] [Times: user=0.01 sys=0.00, real=0.01 secs] 
987.959: [GC (Allocation Failure) [PSYoungGen: 57389K->1501K(57856K)] 369096K->313208K(634368K), 0.0015854 secs] [Times: user=0.01 sys=0.00, real=0.00 secs] 
988.295: [GC (Allocation Failure) [PSYoungGen: 57309K->1456K(57856K)] 369016K->313163K(634368K), 0.0019111 secs] [Times: user=0.01 sys=0.00, real=0.00 secs] 
988.571: [GC (Allocation Failure) [PSYoungGen: 57264K->1376K(57856K)] 368971K->313099K(634368K), 0.0018378 secs] [Times: user=0.01 sys=0.00, real=0.00 secs] 
988.803: [GC (Allocation Failure) [PSYoungGen: 57184K->1392K(57856K)] 368907K->313115K(634368K), 0.0019396 secs] [Times: user=0.01 sys=0.00, real=0.01 secs] 
989.035: [GC (Allocation Failure) [PSYoungGen: 57200K->1408K(57856K)] 368923K->313131K(634368K), 0.0017760 secs] [Times: user=0.01 sys=0.01, real=0.00 secs] 
989.278: [GC (Allocation Failure) [PSYoungGen: 57216K->1344K(57856K)] 368939K->313067K(634368K), 0.0021009 secs] [Times: user=0.01 sys=0.00, real=0.00 secs] 
989.606: [GC (Allocation Failure) [PSYoungGen: 57152K->1437K(57856K)] 368875K->313160K(634368K), 0.0014501 secs] [Times: user=0.01 sys=0.00, real=0.00 secs] 
989.928: [GC (Allocation Failure) [PSYoungGen: 57245K->1565K(57856K)] 368968K->313312K(634368K), 0.0015279 secs] [Times: user=0.00 sys=0.00, real=0.00 secs] 
990.252: [GC (Allocation Failure) [PSYoungGen: 57373K->1565K(57856K)] 369120K->313312K(634368K), 0.0015280 secs] [Times: user=0.01 sys=0.00, real=0.00 secs] 
990.580: [GC (Allocation Failure) [PSYoungGen: 57373K->1565K(57856K)] 369120K->313312K(634368K), 0.0015790 secs] [Times: user=0.00 sys=0.00, real=0.00 secs] 
990.907: [GC (Allocation Failure) [PSYoungGen: 57373K->1565K(57856K)] 369120K->313312K(634368K), 0.0016810 secs] [Times: user=0.00 sys=0.00, real=0.00 secs] 
991.282: [GC (Allocation Failure) [PSYoungGen: 57373K->1408K(57856K)] 369120K->313155K(634368K), 0.0018360 secs] [Times: user=0.01 sys=0.00, real=0.00 secs] 
991.514: [GC (Allocation Failure) [PSYoungGen: 57216K->1376K(57856K)] 368963K->313123K(634368K), 0.0018494 secs] [Times: user=0.01 sys=0.00, real=0.01 secs] 
991.746: [GC (Allocation Failure) [PSYoungGen: 57184K->1376K(57856K)] 368931K->313123K(634368K), 0.0018588 secs] [Times: user=0.01 sys=0.00, real=0.00 secs] 
991.991: [GC (Allocation Failure) [PSYoungGen: 57184K->1376K(57856K)] 368931K->313123K(634368K), 0.0018422 secs] [Times: user=0.00 sys=0.00, real=0.00 secs] 
992.222: [GC (Allocation Failure) [PSYoungGen: 57184K->1344K(57856K)] 368931K->313091K(634368K), 0.0018626 secs] [Times: user=0.01 sys=0.00, real=0.00 secs] 
992.560: [GC (Allocation Failure) [PSYoungGen: 57152K->1501K(57856K)] 368899K->313264K(634368K), 0.0015339 secs] [Times: user=0.00 sys=0.00, real=0.00 secs] 
992.883: [GC (Allocation Failure) [PSYoungGen: 57309K->1504K(57856K)] 369072K->313267K(634368K), 0.0015108 secs] [Times: user=0.01 sys=0.00, real=0.01 secs] 
993.209: [GC (Allocation Failure) [PSYoungGen: 57312K->1597K(57856K)] 369075K->313360K(634368K), 0.0017038 secs] [Times: user=0.01 sys=0.00, real=0.00 secs] 
993.536: [GC (Allocation Failure) [PSYoungGen: 57382K->1581K(57856K)] 369146K->313344K(634368K), 0.0015346 secs] [Times: user=0.01 sys=0.00, real=0.00 secs] 
994.138: [GC (Allocation Failure) [PSYoungGen: 57389K->1424K(57856K)] 369152K->313187K(634368K), 0.0023842 secs] [Times: user=0.01 sys=0.00, real=0.00 secs] 
994.910: [GC (Allocation Failure) [PSYoungGen: 57232K->1376K(57856K)] 368995K->313139K(634368K), 0.0038787 secs] [Times: user=0.02 sys=0.00, real=0.00 secs] 
995.667: [GC (Allocation Failure) [PSYoungGen: 57184K->1344K(57856K)] 368947K->313107K(634368K), 0.0039698 secs] [Times: user=0.02 sys=0.00, real=0.00 secs] 
996.097: [GC (Allocation Failure) [PSYoungGen: 57152K->1408K(57856K)] 368915K->313171K(634368K), 0.0023039 secs] [Times: user=0.01 sys=0.00, real=0.00 secs] 
996.388: [GC (Allocation Failure) [PSYoungGen: 57216K->1408K(57856K)] 368979K->313195K(634368K), 0.0020046 secs] [Times: user=0.01 sys=0.00, real=0.00 secs] 
996.684: [GC (Allocation Failure) [PSYoungGen: 57216K->1533K(57856K)] 369003K->313320K(634368K), 0.0014562 secs] [Times: user=0.00 sys=0.00, real=0.01 secs] 
997.006: [GC (Allocation Failure) [PSYoungGen: 57341K->1533K(57856K)] 369128K->313336K(634368K), 0.0015120 secs] [Times: user=0.01 sys=0.00, real=0.00 secs] 
997.330: [GC (Allocation Failure) [PSYoungGen: 57341K->1533K(57856K)] 369144K->313336K(634368K), 0.0015315 secs] [Times: user=0.00 sys=0.00, real=0.00 secs] 
997.655: [GC (Allocation Failure) [PSYoungGen: 57341K->1565K(57856K)] 369144K->313368K(634368K), 0.0015165 secs] [Times: user=0.00 sys=0.00, real=0.00 secs] 
998.022: [GC (Allocation Failure) [PSYoungGen: 57373K->1440K(57856K)] 369176K->313243K(634368K), 0.0020768 secs] [Times: user=0.00 sys=0.00, real=0.00 secs] 
998.499: [GC (Allocation Failure) [PSYoungGen: 57248K->1344K(57856K)] 369051K->313147K(634368K), 0.0018753 secs] [Times: user=0.01 sys=0.00, real=0.00 secs] 
999.010: [GC (Allocation Failure) [PSYoungGen: 57152K->1376K(57856K)] 368955K->313179K(634368K), 0.0018781 secs] [Times: user=0.00 sys=0.00, real=0.00 secs] 
999.498: [GC (Allocation Failure) [PSYoungGen: 57184K->1408K(57856K)] 368987K->313211K(634368K), 0.0042427 secs] [Times: user=0.02 sys=0.00, real=0.00 secs] 
999.835: [GC (Allocation Failure) [PSYoungGen: 57216K->1440K(57856K)] 369019K->313243K(634368K), 0.0022005 secs] [Times: user=0.00 sys=0.00, real=0.00 secs] 
1000.276: [GC (Allocation Failure) [PSYoungGen: 57248K->1488K(57856K)] 369051K->313291K(634368K), 0.0023163 secs] [Times: user=0.01 sys=0.00, real=0.00 secs] 
1000.631: [GC (Allocation Failure) [PSYoungGen: 57296K->1501K(57856K)] 369099K->313328K(634368K), 0.0015545 secs] [Times: user=0.00 sys=0.00, real=0.00 secs] 
1000.962: [GC (Allocation Failure) [PSYoungGen: 57309K->1533K(57856K)] 369136K->313360K(634368K), 0.0015214 secs] [Times: user=0.00 sys=0.00, real=0.00 secs] 
1001.286: [GC (Allocation Failure) [PSYoungGen: 57341K->1565K(57856K)] 369168K->313392K(634368K), 0.0015892 secs] [Times: user=0.00 sys=0.00, real=0.00 secs] 
1001.623: [GC (Allocation Failure) [PSYoungGen: 57373K->1533K(57856K)] 369200K->313360K(634368K), 0.0015360 secs] [Times: user=0.00 sys=0.00, real=0.01 secs] 
1002.137: [GC (Allocation Failure) [PSYoungGen: 57341K->1440K(57856K)] 369168K->313267K(634368K), 0.0018335 secs] [Times: user=0.00 sys=0.00, real=0.00 secs] 
1002.730: [GC (Allocation Failure) [PSYoungGen: 57248K->1376K(57856K)] 369075K->313203K(634368K), 0.0038284 secs] [Times: user=0.01 sys=0.00, real=0.00 secs] 
1002.988: [GC (Allocation Failure) [PSYoungGen: 57184K->1408K(57856K)] 369011K->313235K(634368K), 0.0020046 secs] [Times: user=0.01 sys=0.00, real=0.00 secs] 
1003.220: [GC (Allocation Failure) [PSYoungGen: 57216K->1392K(57856K)] 369043K->313219K(634368K), 0.0018842 secs] [Times: user=0.01 sys=0.00, real=0.00 secs] 
1003.452: [GC (Allocation Failure) [PSYoungGen: 57200K->1344K(57856K)] 369027K->313171K(634368K), 0.0019286 secs] [Times: user=0.01 sys=0.00, real=0.00 secs] 
1003.802: [GC (Allocation Failure) [PSYoungGen: 57152K->1504K(57856K)] 368979K->313347K(634368K), 0.0015502 secs] [Times: user=0.01 sys=0.00, real=0.00 secs] 
1004.124: [GC (Allocation Failure) [PSYoungGen: 57312K->1552K(57856K)] 369155K->313395K(634368K), 0.0015321 secs] [Times: user=0.00 sys=0.00, real=0.01 secs] 
1004.449: [GC (Allocation Failure) [PSYoungGen: 57360K->1581K(57856K)] 369203K->313424K(634368K), 0.0015346 secs] [Times: user=0.01 sys=0.00, real=0.00 secs] 
1004.774: [GC (Allocation Failure) [PSYoungGen: 57389K->1565K(57856K)] 369232K->313408K(634368K), 0.0015060 secs] [Times: user=0.01 sys=0.00, real=0.01 secs] 
1005.132: [GC (Allocation Failure) [PSYoungGen: 57373K->1488K(57856K)] 369216K->313331K(634368K), 0.0019106 secs] [Times: user=0.01 sys=0.00, real=0.00 secs] 
1005.374: [GC (Allocation Failure) [PSYoungGen: 57296K->1408K(57856K)] 369139K->313251K(634368K), 0.0019782 secs] [Times: user=0.01 sys=0.00, real=0.01 secs] 
1005.609: [GC (Allocation Failure) [PSYoungGen: 57216K->1376K(57856K)] 369059K->313235K(634368K), 0.0017632 secs] [Times: user=0.01 sys=0.00, real=0.00 secs] 
1005.890: [GC (Allocation Failure) [PSYoungGen: 57184K->1376K(57856K)] 369043K->313235K(634368K), 0.0018984 secs] [Times: user=0.01 sys=0.00, real=0.00 secs] 
1006.205: [GC (Allocation Failure) [PSYoungGen: 57184K->1360K(57856K)] 369043K->313219K(634368K), 0.0019523 secs] [Times: user=0.01 sys=0.00, real=0.00 secs] 
1006.521: [GC (Allocation Failure) [PSYoungGen: 57168K->1469K(57856K)] 369027K->313328K(634368K), 0.0014517 secs] [Times: user=0.01 sys=0.00, real=0.00 secs] 
1006.844: [GC (Allocation Failure) [PSYoungGen: 57277K->1533K(57856K)] 369136K->313400K(634368K), 0.0015049 secs] [Times: user=0.00 sys=0.00, real=0.01 secs] 
1007.170: [GC (Allocation Failure) [PSYoungGen: 57341K->1565K(57856K)] 369208K->313432K(634368K), 0.0015331 secs] [Times: user=0.01 sys=0.00, real=0.00 secs] 
1007.495: [GC (Allocation Failure) [PSYoungGen: 57373K->1517K(57856K)] 369240K->313384K(634368K), 0.0015381 secs] [Times: user=0.00 sys=0.00, real=0.00 secs] 
1007.825: [GC (Allocation Failure) [PSYoungGen: 57325K->1565K(57856K)] 369192K->313432K(634368K), 0.0015589 secs] [Times: user=0.00 sys=0.00, real=0.01 secs] 
1008.150: [GC (Allocation Failure) [PSYoungGen: 57373K->1408K(57856K)] 369240K->313275K(634368K), 0.0019373 secs] [Times: user=0.01 sys=0.00, real=0.00 secs] 
1008.405: [GC (Allocation Failure) [PSYoungGen: 57216K->1408K(57856K)] 369083K->313275K(634368K), 0.0020554 secs] [Times: user=0.01 sys=0.00, real=0.00 secs] 
1008.700: [GC (Allocation Failure) [PSYoungGen: 57216K->1360K(57856K)] 369083K->313227K(634368K), 0.0018657 secs] [Times: user=0.01 sys=0.00, real=0.00 secs] 
1009.037: [GC (Allocation Failure) [PSYoungGen: 57168K->1344K(57856K)] 369035K->313211K(634368K), 0.0018683 secs] [Times: user=0.01 sys=0.00, real=0.00 secs] 
1009.507: [GC (Allocation Failure) [PSYoungGen: 57152K->1376K(57856K)] 369019K->313243K(634368K), 0.0026704 secs] [Times: user=0.01 sys=0.00, real=0.00 secs] 
1009.992: [GC (Allocation Failure) [PSYoungGen: 57184K->1485K(57856K)] 369051K->313368K(634368K), 0.0015326 secs] [Times: user=0.00 sys=0.00, real=0.00 secs] 
1010.315: [GC (Allocation Failure) [PSYoungGen: 57293K->1517K(57856K)] 369176K->313400K(634368K), 0.0015231 secs] [Times: user=0.00 sys=0.00, real=0.00 secs] 
1010.642: [GC (Allocation Failure) [PSYoungGen: 57325K->1517K(57856K)] 369208K->313400K(634368K), 0.0017097 secs] [Times: user=0.01 sys=0.00, real=0.00 secs] 
1010.969: [GC (Allocation Failure) [PSYoungGen: 57325K->1517K(57856K)] 369208K->313400K(634368K), 0.0015157 secs] [Times: user=0.01 sys=0.00, real=0.00 secs] 
1011.313: [GC (Allocation Failure) [PSYoungGen: 57325K->1456K(57856K)] 369208K->313339K(634368K), 0.0027292 secs] [Times: user=0.01 sys=0.00, real=0.01 secs] 
1011.681: [GC (Allocation Failure) [PSYoungGen: 57264K->1408K(57856K)] 369147K->313291K(634368K), 0.0028772 secs] [Times: user=0.01 sys=0.00, real=0.00 secs] 
1012.168: [GC (Allocation Failure) [PSYoungGen: 57216K->1408K(57856K)] 369099K->313291K(634368K), 0.0020765 secs] [Times: user=0.01 sys=0.00, real=0.00 secs] 
1012.627: [GC (Allocation Failure) [PSYoungGen: 57216K->1440K(57856K)] 369099K->313323K(634368K), 0.0020704 secs] [Times: user=0.01 sys=0.00, real=0.00 secs] 
1013.104: [GC (Allocation Failure) [PSYoungGen: 57248K->1376K(57856K)] 369131K->313259K(634368K), 0.0022362 secs] [Times: user=0.01 sys=0.00, real=0.01 secs] 
1013.546: [GC (Allocation Failure) [PSYoungGen: 57184K->1533K(57856K)] 369067K->313416K(634368K), 0.0015328 secs] [Times: user=0.01 sys=0.00, real=0.00 secs] 
1013.943: [GC (Allocation Failure) [PSYoungGen: 57341K->1565K(57856K)] 369224K->313456K(634368K), 0.0015813 secs] [Times: user=0.00 sys=0.00, real=0.00 secs] 
1014.270: [GC (Allocation Failure) [PSYoungGen: 57373K->1501K(57856K)] 369264K->313392K(634368K), 0.0015427 secs] [Times: user=0.01 sys=0.00, real=0.00 secs] 
1014.596: [GC (Allocation Failure) [PSYoungGen: 57309K->1501K(57856K)] 369200K->313392K(634368K), 0.0015644 secs] [Times: user=0.01 sys=0.00, real=0.00 secs] 
1014.951: [GC (Allocation Failure) [PSYoungGen: 57309K->1504K(57856K)] 369200K->313395K(634368K), 0.0021332 secs] [Times: user=0.01 sys=0.00, real=0.00 secs] 
1016.564: [GC (Allocation Failure) [PSYoungGen: 57312K->1440K(57856K)] 369203K->313331K(634368K), 0.0018487 secs] [Times: user=0.01 sys=0.00, real=0.01 secs] 
1017.245: [GC (Allocation Failure) [PSYoungGen: 57248K->1376K(57856K)] 369139K->313267K(634368K), 0.0021618 secs] [Times: user=0.01 sys=0.00, real=0.00 secs] 
1017.517: [GC (Allocation Failure) [PSYoungGen: 57184K->1376K(57856K)] 369075K->313267K(634368K), 0.0020149 secs] [Times: user=0.01 sys=0.00, real=0.00 secs] 
1017.808: [GC (Allocation Failure) [PSYoungGen: 57184K->1376K(57856K)] 369075K->313283K(634368K), 0.0019117 secs] [Times: user=0.01 sys=0.00, real=0.00 secs] 
1018.081: [GC (Allocation Failure) [PSYoungGen: 57184K->1469K(57856K)] 369091K->313376K(634368K), 0.0014424 secs] [Times: user=0.01 sys=0.00, real=0.00 secs] 
1018.403: [GC (Allocation Failure) [PSYoungGen: 57277K->1549K(57856K)] 369184K->313472K(634368K), 0.0015208 secs] [Times: user=0.00 sys=0.00, real=0.01 secs] 
1018.729: [GC (Allocation Failure) [PSYoungGen: 57357K->1517K(57856K)] 369280K->313440K(634368K), 0.0015253 secs] [Times: user=0.01 sys=0.00, real=0.00 secs] 
1019.054: [GC (Allocation Failure) [PSYoungGen: 57325K->1501K(57856K)] 369248K->313424K(634368K), 0.0015118 secs] [Times: user=0.00 sys=0.00, real=0.01 secs] 
1019.379: [GC (Allocation Failure) [PSYoungGen: 57309K->1565K(57856K)] 369232K->313488K(634368K), 0.0015299 secs] [Times: user=0.01 sys=0.00, real=0.00 secs] 
1019.780: [GC (Allocation Failure) [PSYoungGen: 57373K->1440K(57856K)] 369296K->313363K(634368K), 0.0019989 secs] [Times: user=0.01 sys=0.00, real=0.00 secs] 
1020.090: [GC (Allocation Failure) [PSYoungGen: 57248K->1344K(57856K)] 369171K->313267K(634368K), 0.0019998 secs] [Times: user=0.01 sys=0.00, real=0.00 secs] 
1020.351: [GC (Allocation Failure) [PSYoungGen: 57152K->1424K(57856K)] 369075K->313347K(634368K), 0.0022675 secs] [Times: user=0.01 sys=0.00, real=0.00 secs] 
1020.627: [GC (Allocation Failure) [PSYoungGen: 57232K->1408K(57856K)] 369155K->313331K(634368K), 0.0022693 secs] [Times: user=0.01 sys=0.00, real=0.00 secs] 
1020.859: [GC (Allocation Failure) [PSYoungGen: 57216K->1376K(57856K)] 369139K->313299K(634368K), 0.0020795 secs] [Times: user=0.01 sys=0.00, real=0.00 secs] 
1021.246: [GC (Allocation Failure) [PSYoungGen: 57184K->1520K(57856K)] 369107K->313467K(634368K), 0.0015064 secs] [Times: user=0.01 sys=0.00, real=0.00 secs] 
1021.633: [GC (Allocation Failure) [PSYoungGen: 57328K->1581K(57856K)] 369275K->313528K(634368K), 0.0015258 secs] [Times: user=0.00 sys=0.00, real=0.01 secs] 
1021.960: [GC (Allocation Failure) [PSYoungGen: 57389K->1533K(57856K)] 369336K->313480K(634368K), 0.0037088 secs] [Times: user=0.02 sys=0.00, real=0.00 secs] 
1022.347: [GC (Allocation Failure) [PSYoungGen: 57341K->1533K(57856K)] 369288K->313480K(634368K), 0.0015802 secs] [Times: user=0.01 sys=0.00, real=0.00 secs] 
1023.270: [GC (Allocation Failure) [PSYoungGen: 57341K->1456K(57856K)] 369288K->313403K(634368K), 0.0041320 secs] [Times: user=0.01 sys=0.01, real=0.00 secs] 
1024.137: [GC (Allocation Failure) [PSYoungGen: 57264K->1408K(57856K)] 369211K->313355K(634368K), 0.0043070 secs] [Times: user=0.01 sys=0.00, real=0.00 secs] 
1024.624: [GC (Allocation Failure) [PSYoungGen: 57216K->1344K(57856K)] 369163K->313291K(634368K), 0.0031857 secs] [Times: user=0.01 sys=0.00, real=0.01 secs] 
1025.085: [GC (Allocation Failure) [PSYoungGen: 57152K->1360K(57856K)] 369099K->313307K(634368K), 0.0026912 secs] [Times: user=0.01 sys=0.00, real=0.00 secs] 
1025.566: [GC (Allocation Failure) [PSYoungGen: 57168K->1408K(57856K)] 369115K->313355K(634368K), 0.0024168 secs] [Times: user=0.01 sys=0.01, real=0.00 secs] 
1025.952: [GC (Allocation Failure) [PSYoungGen: 57216K->1437K(57856K)] 369163K->313384K(634368K), 0.0014476 secs] [Times: user=0.01 sys=0.00, real=0.00 secs] 
1026.276: [GC (Allocation Failure) [PSYoungGen: 57245K->1536K(57856K)] 369192K->313499K(634368K), 0.0015314 secs] [Times: user=0.01 sys=0.00, real=0.00 secs] 
1026.601: [GC (Allocation Failure) [PSYoungGen: 57344K->1533K(57856K)] 369307K->313496K(634368K), 0.0015478 secs] [Times: user=0.01 sys=0.00, real=0.00 secs] 
1026.928: [GC (Allocation Failure) [PSYoungGen: 57341K->1565K(57856K)] 369304K->313528K(634368K), 0.0015490 secs] [Times: user=0.01 sys=0.00, real=0.00 secs] 
1027.254: [GC (Allocation Failure) [PSYoungGen: 57373K->400K(57856K)] 369336K->312387K(634368K), 0.0014481 secs] [Times: user=0.00 sys=0.00, real=0.01 secs] 
1027.510: [GC (Allocation Failure) [PSYoungGen: 56208K->1376K(57856K)] 368195K->313363K(634368K), 0.0017305 secs] [Times: user=0.01 sys=0.00, real=0.00 secs] 
1027.741: [GC (Allocation Failure) [PSYoungGen: 57184K->1344K(57856K)] 369171K->313331K(634368K), 0.0016868 secs] [Times: user=0.01 sys=0.00, real=0.00 secs] 
1027.973: [GC (Allocation Failure) [PSYoungGen: 57152K->1376K(57856K)] 369139K->313363K(634368K), 0.0018772 secs] [Times: user=0.00 sys=0.00, real=0.01 secs] 
1028.205: [GC (Allocation Failure) [PSYoungGen: 57184K->1344K(57856K)] 369171K->313331K(634368K), 0.0018568 secs] [Times: user=0.01 sys=0.00, real=0.01 secs] 
1028.436: [GC (Allocation Failure) [PSYoungGen: 57152K->1440K(57856K)] 369139K->313427K(634368K), 0.0018927 secs] [Times: user=0.01 sys=0.00, real=0.00 secs] 
1028.779: [GC (Allocation Failure) [PSYoungGen: 57248K->1549K(57856K)] 369235K->313552K(634368K), 0.0014997 secs] [Times: user=0.00 sys=0.00, real=0.00 secs] 
1029.102: [GC (Allocation Failure) [PSYoungGen: 57357K->1536K(57856K)] 369360K->313539K(634368K), 0.0015356 secs] [Times: user=0.01 sys=0.00, real=0.00 secs] 
1029.427: [GC (Allocation Failure) [PSYoungGen: 57344K->1565K(57856K)] 369347K->313568K(634368K), 0.0015325 secs] [Times: user=0.00 sys=0.00, real=0.00 secs] 
1029.752: [GC (Allocation Failure) [PSYoungGen: 57373K->1565K(57856K)] 369376K->313568K(634368K), 0.0015177 secs] [Times: user=0.00 sys=0.00, real=0.00 secs] 
1030.431: [GC (Allocation Failure) [PSYoungGen: 57373K->1440K(57856K)] 369376K->313443K(634368K), 0.0025669 secs] [Times: user=0.01 sys=0.00, real=0.00 secs] 
1030.968: [GC (Allocation Failure) [PSYoungGen: 57248K->1408K(57856K)] 369251K->313411K(634368K), 0.0037339 secs] [Times: user=0.02 sys=0.00, real=0.00 secs] 
1031.423: [GC (Allocation Failure) [PSYoungGen: 57216K->1344K(57856K)] 369219K->313347K(634368K), 0.0032717 secs] [Times: user=0.02 sys=0.00, real=0.01 secs] 
1031.675: [GC (Allocation Failure) [PSYoungGen: 57152K->1376K(57856K)] 369155K->313379K(634368K), 0.0019789 secs] [Times: user=0.00 sys=0.00, real=0.00 secs] 
1032.254: [GC (Allocation Failure) [PSYoungGen: 57184K->1376K(57856K)] 369187K->313379K(634368K), 0.0038157 secs] [Times: user=0.01 sys=0.01, real=0.01 secs] 
1032.792: [GC (Allocation Failure) [PSYoungGen: 57184K->1501K(57856K)] 369187K->313504K(634368K), 0.0014819 secs] [Times: user=0.01 sys=0.00, real=0.00 secs] 
1033.114: [GC (Allocation Failure) [PSYoungGen: 57309K->1565K(57856K)] 369312K->313584K(634368K), 0.0018180 secs] [Times: user=0.00 sys=0.00, real=0.01 secs] 
1033.439: [GC (Allocation Failure) [PSYoungGen: 57373K->1533K(57856K)] 369392K->313552K(634368K), 0.0015912 secs] [Times: user=0.00 sys=0.00, real=0.00 secs] 
1033.766: [GC (Allocation Failure) [PSYoungGen: 57341K->1549K(57856K)] 369360K->313568K(634368K), 0.0015213 secs] [Times: user=0.00 sys=0.00, real=0.00 secs] 
1034.353: [GC (Allocation Failure) [PSYoungGen: 57357K->1504K(57856K)] 369376K->313523K(634368K), 0.0020180 secs] [Times: user=0.01 sys=0.00, real=0.01 secs] 
1035.237: [GC (Allocation Failure) [PSYoungGen: 57312K->1312K(57856K)] 369331K->313331K(634368K), 0.0026732 secs] [Times: user=0.00 sys=0.00, real=0.00 secs] 
1035.770: [GC (Allocation Failure) [PSYoungGen: 57120K->1376K(57856K)] 369139K->313395K(634368K), 0.0030593 secs] [Times: user=0.01 sys=0.00, real=0.00 secs] 
1036.279: [GC (Allocation Failure) [PSYoungGen: 57184K->1408K(57856K)] 369203K->313427K(634368K), 0.0027160 secs] [Times: user=0.01 sys=0.00, real=0.00 secs] 
1036.668: [GC (Allocation Failure) [PSYoungGen: 57216K->1376K(57856K)] 369235K->313395K(634368K), 0.0021558 secs] [Times: user=0.01 sys=0.00, real=0.00 secs] 
1037.107: [GC (Allocation Failure) [PSYoungGen: 57184K->1440K(57856K)] 369203K->313459K(634368K), 0.0018509 secs] [Times: user=0.01 sys=0.00, real=0.00 secs] 
1037.438: [GC (Allocation Failure) [PSYoungGen: 57248K->1533K(57856K)] 369267K->313568K(634368K), 0.0015710 secs] [Times: user=0.00 sys=0.00, real=0.00 secs] 
1037.763: [GC (Allocation Failure) [PSYoungGen: 57341K->1549K(57856K)] 369376K->313592K(634368K), 0.0015564 secs] [Times: user=0.01 sys=0.00, real=0.01 secs] 
1038.151: [GC (Allocation Failure) [PSYoungGen: 57357K->1549K(57856K)] 369400K->313592K(634368K), 0.0015895 secs] [Times: user=0.00 sys=0.00, real=0.00 secs] 
1038.477: [GC (Allocation Failure) [PSYoungGen: 57357K->1533K(57856K)] 369400K->313576K(634368K), 0.0015520 secs] [Times: user=0.01 sys=0.00, real=0.00 secs] 
1039.707: [GC (Allocation Failure) [PSYoungGen: 57341K->1440K(57856K)] 369384K->313483K(634368K), 0.0040736 secs] [Times: user=0.02 sys=0.00, real=0.00 secs] 
1040.586: [GC (Allocation Failure) [PSYoungGen: 57248K->1376K(57856K)] 369291K->313419K(634368K), 0.0031883 secs] [Times: user=0.01 sys=0.00, real=0.00 secs] 
1041.271: [GC (Allocation Failure) [PSYoungGen: 57184K->1344K(57856K)] 369227K->313387K(634368K), 0.0023927 secs] [Times: user=0.01 sys=0.00, real=0.00 secs] 
1041.982: [GC (Allocation Failure) [PSYoungGen: 57152K->1376K(57856K)] 369195K->313419K(634368K), 0.0038520 secs] [Times: user=0.02 sys=0.00, real=0.01 secs] 
1042.687: [GC (Allocation Failure) [PSYoungGen: 57184K->1344K(57856K)] 369227K->313387K(634368K), 0.0030011 secs] [Times: user=0.01 sys=0.00, real=0.00 secs] 
1043.347: [GC (Allocation Failure) [PSYoungGen: 57152K->1485K(57856K)] 369195K->313544K(634368K), 0.0015068 secs] [Times: user=0.01 sys=0.00, real=0.00 secs] 
1043.727: [GC (Allocation Failure) [PSYoungGen: 57293K->1613K(57856K)] 369352K->313672K(634368K), 0.0015656 secs] [Times: user=0.01 sys=0.00, real=0.00 secs] 
1044.055: [GC (Allocation Failure) [PSYoungGen: 57421K->1552K(57856K)] 369480K->313611K(634368K), 0.0015706 secs] [Times: user=0.01 sys=0.00, real=0.00 secs] 
1044.380: [GC (Allocation Failure) [PSYoungGen: 57359K->1533K(57856K)] 369418K->313592K(634368K), 0.0015808 secs] [Times: user=0.01 sys=0.00, real=0.00 secs] 
1044.679: [GC (Allocation Failure) [PSYoungGen: 57341K->1472K(57856K)] 369400K->313531K(634368K), 0.0021065 secs] [Times: user=0.01 sys=0.00, real=0.00 secs] 
1044.911: [GC (Allocation Failure) [PSYoungGen: 57280K->1344K(57856K)] 369339K->313403K(634368K), 0.0020528 secs] [Times: user=0.01 sys=0.00, real=0.00 secs] 
1045.174: [GC (Allocation Failure) [PSYoungGen: 57152K->1408K(57856K)] 369211K->313467K(634368K), 0.0019098 secs] [Times: user=0.01 sys=0.00, real=0.01 secs] 
1045.613: [GC (Allocation Failure) [PSYoungGen: 57216K->1376K(57856K)] 369275K->313435K(634368K), 0.0023036 secs] [Times: user=0.01 sys=0.00, real=0.01 secs] 
1046.132: [GC (Allocation Failure) [PSYoungGen: 57184K->1344K(57856K)] 369243K->313403K(634368K), 0.0039356 secs] [Times: user=0.01 sys=0.00, real=0.01 secs] 
1046.779: [GC (Allocation Failure) [PSYoungGen: 57152K->1488K(57856K)] 369211K->313547K(634368K), 0.0018640 secs] [Times: user=0.00 sys=0.00, real=0.00 secs] 
1047.105: [GC (Allocation Failure) [PSYoungGen: 57296K->1501K(57856K)] 369355K->313576K(634368K), 0.0015669 secs] [Times: user=0.01 sys=0.00, real=0.00 secs] 
1047.430: [GC (Allocation Failure) [PSYoungGen: 57309K->1533K(57856K)] 369384K->313616K(634368K), 0.0015114 secs] [Times: user=0.01 sys=0.00, real=0.00 secs] 
1047.755: [GC (Allocation Failure) [PSYoungGen: 57341K->1533K(57856K)] 369424K->313616K(634368K), 0.0015196 secs] [Times: user=0.01 sys=0.00, real=0.00 secs] 
1048.082: [GC (Allocation Failure) [PSYoungGen: 57341K->1533K(57856K)] 369424K->313616K(634368K), 0.0015446 secs] [Times: user=0.00 sys=0.00, real=0.00 secs] 
1048.468: [GC (Allocation Failure) [PSYoungGen: 57341K->1472K(57856K)] 369424K->313563K(634368K), 0.0015947 secs] [Times: user=0.00 sys=0.00, real=0.00 secs] 
1048.772: [GC (Allocation Failure) [PSYoungGen: 57280K->1344K(57856K)] 369371K->313435K(634368K), 0.0030984 secs] [Times: user=0.01 sys=0.00, real=0.01 secs] 
1049.093: [GC (Allocation Failure) [PSYoungGen: 57152K->1376K(57856K)] 369243K->313467K(634368K), 0.0021565 secs] [Times: user=0.01 sys=0.01, real=0.01 secs] 
1049.522: [GC (Allocation Failure) [PSYoungGen: 57184K->1344K(57856K)] 369275K->313435K(634368K), 0.0031457 secs] [Times: user=0.01 sys=0.00, real=0.01 secs] 
1049.953: [GC (Allocation Failure) [PSYoungGen: 57152K->1376K(57856K)] 369243K->313467K(634368K), 0.0025694 secs] [Times: user=0.01 sys=0.00, real=0.01 secs] 
1050.377: [GC (Allocation Failure) [PSYoungGen: 57184K->1469K(57856K)] 369275K->313576K(634368K), 0.0015200 secs] [Times: user=0.01 sys=0.00, real=0.00 secs] 
1050.700: [GC (Allocation Failure) [PSYoungGen: 57277K->1565K(57856K)] 369384K->313672K(634368K), 0.0015324 secs] [Times: user=0.00 sys=0.00, real=0.00 secs] 
1051.087: [GC (Allocation Failure) [PSYoungGen: 57373K->1581K(57856K)] 369480K->313688K(634368K), 0.0015901 secs] [Times: user=0.01 sys=0.00, real=0.00 secs] 
1051.417: [GC (Allocation Failure) [PSYoungGen: 57389K->1549K(57856K)] 369496K->313656K(634368K), 0.0016197 secs] [Times: user=0.01 sys=0.00, real=0.00 secs] 
1052.047: [GC (Allocation Failure) [PSYoungGen: 57357K->1424K(57856K)] 369464K->313531K(634368K), 0.0028270 secs] [Times: user=0.01 sys=0.00, real=0.00 secs] 
1052.381: [GC (Allocation Failure) [PSYoungGen: 57232K->1344K(57856K)] 369339K->313451K(634368K), 0.0019806 secs] [Times: user=0.01 sys=0.00, real=0.00 secs] 
1052.613: [GC (Allocation Failure) [PSYoungGen: 57152K->1376K(57856K)] 369259K->313483K(634368K), 0.0019540 secs] [Times: user=0.01 sys=0.00, real=0.01 secs] 
1052.845: [GC (Allocation Failure) [PSYoungGen: 57184K->1376K(57856K)] 369291K->313483K(634368K), 0.0019623 secs] [Times: user=0.00 sys=0.00, real=0.00 secs] 
1053.077: [GC (Allocation Failure) [PSYoungGen: 57184K->1408K(57856K)] 369291K->313515K(634368K), 0.0018353 secs] [Times: user=0.00 sys=0.00, real=0.00 secs] 
1053.406: [GC (Allocation Failure) [PSYoungGen: 57216K->1549K(57856K)] 369323K->313656K(634368K), 0.0014749 secs] [Times: user=0.01 sys=0.00, real=0.00 secs] 
1053.729: [GC (Allocation Failure) [PSYoungGen: 57357K->1517K(57856K)] 369464K->313648K(634368K), 0.0015298 secs] [Times: user=0.01 sys=0.00, real=0.00 secs] 
1054.056: [GC (Allocation Failure) [PSYoungGen: 57325K->1517K(57856K)] 369456K->313648K(634368K), 0.0015288 secs] [Times: user=0.01 sys=0.00, real=0.00 secs] 
1054.381: [GC (Allocation Failure) [PSYoungGen: 57325K->1565K(57856K)] 369456K->313696K(634368K), 0.0015203 secs] [Times: user=0.01 sys=0.00, real=0.00 secs] 
1054.728: [GC (Allocation Failure) [PSYoungGen: 57373K->1456K(57856K)] 369504K->313587K(634368K), 0.0019006 secs] [Times: user=0.01 sys=0.00, real=0.00 secs] 
1054.961: [GC (Allocation Failure) [PSYoungGen: 57264K->1376K(57856K)] 369395K->313507K(634368K), 0.0018454 secs] [Times: user=0.01 sys=0.00, real=0.00 secs] 
1055.193: [GC (Allocation Failure) [PSYoungGen: 57184K->1376K(57856K)] 369315K->313507K(634368K), 0.0018483 secs] [Times: user=0.01 sys=0.00, real=0.01 secs] 
1055.454: [GC (Allocation Failure) [PSYoungGen: 57184K->1424K(57856K)] 369315K->313587K(634368K), 0.0019621 secs] [Times: user=0.01 sys=0.00, real=0.01 secs] 
1055.697: [GC (Allocation Failure) [PSYoungGen: 57232K->1344K(57856K)] 369395K->313507K(634368K), 0.0021667 secs] [Times: user=0.00 sys=0.00, real=0.00 secs] 
1056.018: [GC (Allocation Failure) [PSYoungGen: 57152K->1501K(57856K)] 369315K->313664K(634368K), 0.0018530 secs] [Times: user=0.01 sys=0.00, real=0.00 secs] 
1056.417: [GC (Allocation Failure) [PSYoungGen: 57309K->1565K(57856K)] 369472K->313744K(634368K), 0.0015273 secs] [Times: user=0.01 sys=0.00, real=0.00 secs] 
1056.743: [GC (Allocation Failure) [PSYoungGen: 57373K->1613K(57856K)] 369552K->313792K(634368K), 0.0015565 secs] [Times: user=0.00 sys=0.00, real=0.00 secs] 
1057.069: [GC (Allocation Failure) [PSYoungGen: 57421K->1549K(57856K)] 369600K->313728K(634368K), 0.0015910 secs] [Times: user=0.00 sys=0.00, real=0.00 secs] 
1057.397: [GC (Allocation Failure) [PSYoungGen: 57357K->1533K(57856K)] 369536K->313712K(634368K), 0.0015359 secs] [Times: user=0.00 sys=0.00, real=0.00 secs] 
1057.753: [GC (Allocation Failure) [PSYoungGen: 57341K->1440K(57856K)] 369520K->313619K(634368K), 0.0044172 secs] [Times: user=0.01 sys=0.01, real=0.01 secs] 
1058.089: [GC (Allocation Failure) [PSYoungGen: 57248K->1344K(57856K)] 369427K->313523K(634368K), 0.0022637 secs] [Times: user=0.01 sys=0.00, real=0.00 secs] 
1058.545: [GC (Allocation Failure) [PSYoungGen: 57152K->1376K(57856K)] 369331K->313555K(634368K), 0.0021464 secs] [Times: user=0.01 sys=0.00, real=0.00 secs] 
1058.990: [GC (Allocation Failure) [PSYoungGen: 57184K->1344K(57856K)] 369363K->313523K(634368K), 0.0040934 secs] [Times: user=0.02 sys=0.00, real=0.00 secs] 
1059.420: [GC (Allocation Failure) [PSYoungGen: 57152K->1360K(57856K)] 369331K->313539K(634368K), 0.0024262 secs] [Times: user=0.01 sys=0.00, real=0.00 secs] 
1060.563: [GC (Allocation Failure) [PSYoungGen: 57168K->1469K(57856K)] 369347K->313664K(634368K), 0.0015659 secs] [Times: user=0.00 sys=0.00, real=0.00 secs] 
1060.885: [GC (Allocation Failure) [PSYoungGen: 57277K->1597K(57856K)] 369472K->313792K(634368K), 0.0015642 secs] [Times: user=0.01 sys=0.00, real=0.00 secs] 
1061.212: [GC (Allocation Failure) [PSYoungGen: 57405K->1533K(57856K)] 369600K->313728K(634368K), 0.0015700 secs] [Times: user=0.01 sys=0.00, real=0.00 secs] 
1061.606: [GC (Allocation Failure) [PSYoungGen: 57341K->1501K(57856K)] 369536K->313696K(634368K), 0.0015804 secs] [Times: user=0.00 sys=0.00, real=0.00 secs] 
1062.078: [GC (Allocation Failure) [PSYoungGen: 57309K->1456K(57856K)] 369504K->313651K(634368K), 0.0028520 secs] [Times: user=0.01 sys=0.00, real=0.00 secs] 
1062.599: [GC (Allocation Failure) [PSYoungGen: 57264K->1344K(57856K)] 369459K->313539K(634368K), 0.0020521 secs] [Times: user=0.00 sys=0.00, real=0.00 secs] 
1063.058: [GC (Allocation Failure) [PSYoungGen: 57152K->1344K(57856K)] 369347K->313539K(634368K), 0.0020528 secs] [Times: user=0.01 sys=0.00, real=0.00 secs] 
1063.750: [GC (Allocation Failure) [PSYoungGen: 57152K->1344K(57856K)] 369347K->313539K(634368K), 0.0026182 secs] [Times: user=0.01 sys=0.00, real=0.00 secs] 
1064.244: [GC (Allocation Failure) [PSYoungGen: 57152K->1376K(57856K)] 369347K->313571K(634368K), 0.0023087 secs] [Times: user=0.01 sys=0.00, real=0.01 secs] 
1064.747: [GC (Allocation Failure) [PSYoungGen: 57184K->1501K(57856K)] 369379K->313696K(634368K), 0.0015320 secs] [Times: user=0.01 sys=0.00, real=0.00 secs] 
1065.128: [GC (Allocation Failure) [PSYoungGen: 57309K->1565K(57856K)] 369504K->313776K(634368K), 0.0017101 secs] [Times: user=0.01 sys=0.00, real=0.00 secs] 
1065.453: [GC (Allocation Failure) [PSYoungGen: 57373K->1597K(57856K)] 369584K->313808K(634368K), 0.0015017 secs] [Times: user=0.01 sys=0.00, real=0.00 secs] 
1065.779: [GC (Allocation Failure) [PSYoungGen: 57405K->1504K(57856K)] 369616K->313715K(634368K), 0.0015171 secs] [Times: user=0.00 sys=0.00, real=0.00 secs] 
1066.104: [GC (Allocation Failure) [PSYoungGen: 57312K->1520K(57856K)] 369523K->313731K(634368K), 0.0015306 secs] [Times: user=0.00 sys=0.00, real=0.01 secs] 
1066.723: [GC (Allocation Failure) [PSYoungGen: 57328K->1408K(57856K)] 369539K->313619K(634368K), 0.0034390 secs] [Times: user=0.01 sys=0.00, real=0.01 secs] 
1067.328: [GC (Allocation Failure) [PSYoungGen: 57216K->1344K(57856K)] 369427K->313563K(634368K), 0.0031490 secs] [Times: user=0.01 sys=0.00, real=0.00 secs] 
1067.859: [GC (Allocation Failure) [PSYoungGen: 57152K->1344K(57856K)] 369371K->313563K(634368K), 0.0027209 secs] [Times: user=0.01 sys=0.00, real=0.00 secs] 
1068.340: [GC (Allocation Failure) [PSYoungGen: 57152K->1376K(57856K)] 369371K->313595K(634368K), 0.0026535 secs] [Times: user=0.01 sys=0.00, real=0.00 secs] 
1068.814: [GC (Allocation Failure) [PSYoungGen: 57184K->1312K(57856K)] 369403K->313531K(634368K), 0.0027939 secs] [Times: user=0.01 sys=0.00, real=0.01 secs] 
1069.236: [GC (Allocation Failure) [PSYoungGen: 57120K->1533K(57856K)] 369339K->313768K(634368K), 0.0015204 secs] [Times: user=0.01 sys=0.00, real=0.00 secs] 
1069.560: [GC (Allocation Failure) [PSYoungGen: 57341K->1581K(57856K)] 369576K->313816K(634368K), 0.0015571 secs] [Times: user=0.00 sys=0.00, real=0.00 secs] 
1069.886: [GC (Allocation Failure) [PSYoungGen: 57389K->1501K(57856K)] 369624K->313736K(634368K), 0.0014934 secs] [Times: user=0.00 sys=0.00, real=0.00 secs] 
1070.211: [GC (Allocation Failure) [PSYoungGen: 57309K->1565K(57856K)] 369544K->313800K(634368K), 0.0015095 secs] [Times: user=0.01 sys=0.00, real=0.00 secs] 
1070.580: [GC (Allocation Failure) [PSYoungGen: 57373K->1472K(57856K)] 369608K->313707K(634368K), 0.0017012 secs] [Times: user=0.00 sys=0.00, real=0.00 secs] 
1071.082: [GC (Allocation Failure) [PSYoungGen: 57280K->1376K(57856K)] 369515K->313611K(634368K), 0.0020392 secs] [Times: user=0.01 sys=0.00, real=0.00 secs] 
1071.621: [GC (Allocation Failure) [PSYoungGen: 57184K->1376K(57856K)] 369419K->313611K(634368K), 0.0020220 secs] [Times: user=0.01 sys=0.00, real=0.00 secs] 
1072.110: [GC (Allocation Failure) [PSYoungGen: 57184K->1376K(57856K)] 369419K->313611K(634368K), 0.0019450 secs] [Times: user=0.01 sys=0.01, real=0.00 secs] 
1072.566: [GC (Allocation Failure) [PSYoungGen: 57184K->1344K(57856K)] 369419K->313579K(634368K), 0.0021484 secs] [Times: user=0.00 sys=0.00, real=0.00 secs] 
1072.916: [GC (Allocation Failure) [PSYoungGen: 57152K->1533K(57856K)] 369387K->313768K(634368K), 0.0015760 secs] [Times: user=0.00 sys=0.00, real=0.00 secs] 
1073.243: [GC (Allocation Failure) [PSYoungGen: 57337K->1584K(57856K)] 369573K->313835K(634368K), 0.0014861 secs] [Times: user=0.00 sys=0.00, real=0.01 secs] 
1073.573: [GC (Allocation Failure) [PSYoungGen: 57392K->1549K(57856K)] 369643K->313800K(634368K), 0.0015099 secs] [Times: user=0.01 sys=0.00, real=0.00 secs] 
1073.899: [GC (Allocation Failure) [PSYoungGen: 57357K->1533K(57856K)] 369608K->313784K(634368K), 0.0015756 secs] [Times: user=0.01 sys=0.00, real=0.00 secs] 
1074.279: [GC (Allocation Failure) [PSYoungGen: 57341K->2000K(57856K)] 369592K->314251K(634368K), 0.0019885 secs] [Times: user=0.01 sys=0.00, real=0.00 secs] 
1074.710: [GC (Allocation Failure) [PSYoungGen: 57808K->1376K(57856K)] 370059K->313627K(634368K), 0.0020386 secs] [Times: user=0.01 sys=0.00, real=0.00 secs] 
1075.184: [GC (Allocation Failure) [PSYoungGen: 57184K->1376K(57856K)] 369435K->313627K(634368K), 0.0017864 secs] [Times: user=0.01 sys=0.00, real=0.01 secs] 
1075.710: [GC (Allocation Failure) [PSYoungGen: 57184K->1344K(57856K)] 369435K->313595K(634368K), 0.0019801 secs] [Times: user=0.00 sys=0.00, real=0.00 secs] 
1076.438: [GC (Allocation Failure) [PSYoungGen: 57152K->1376K(57856K)] 369403K->313627K(634368K), 0.0020145 secs] [Times: user=0.01 sys=0.00, real=0.00 secs] 
1077.069: [GC (Allocation Failure) [PSYoungGen: 57184K->1501K(57856K)] 369435K->313752K(634368K), 0.0021371 secs] [Times: user=0.01 sys=0.00, real=0.00 secs] 
1077.420: [GC (Allocation Failure) [PSYoungGen: 57309K->1549K(57856K)] 369560K->313808K(634368K), 0.0015493 secs] [Times: user=0.01 sys=0.00, real=0.00 secs] 
1077.746: [GC (Allocation Failure) [PSYoungGen: 57357K->1536K(57856K)] 369616K->313795K(634368K), 0.0015148 secs] [Times: user=0.01 sys=0.00, real=0.00 secs] 
1078.071: [GC (Allocation Failure) [PSYoungGen: 57344K->1533K(57856K)] 369603K->313792K(634368K), 0.0015358 secs] [Times: user=0.01 sys=0.00, real=0.00 secs] 
1078.398: [GC (Allocation Failure) [PSYoungGen: 57341K->1501K(57856K)] 369600K->313760K(634368K), 0.0015039 secs] [Times: user=0.01 sys=0.00, real=0.00 secs] 
1079.069: [GC (Allocation Failure) [PSYoungGen: 57309K->1440K(57856K)] 369568K->313699K(634368K), 0.0020982 secs] [Times: user=0.01 sys=0.00, real=0.00 secs] 
1079.343: [GC (Allocation Failure) [PSYoungGen: 57248K->1344K(57856K)] 369507K->313603K(634368K), 0.0019887 secs] [Times: user=0.00 sys=0.00, real=0.01 secs] 
1079.576: [GC (Allocation Failure) [PSYoungGen: 57152K->1376K(57856K)] 369411K->313635K(634368K), 0.0020358 secs] [Times: user=0.01 sys=0.00, real=0.00 secs] 
1079.807: [GC (Allocation Failure) [PSYoungGen: 57184K->1376K(57856K)] 369443K->313635K(634368K), 0.0019925 secs] [Times: user=0.01 sys=0.00, real=0.00 secs] 
1080.040: [GC (Allocation Failure) [PSYoungGen: 57184K->1408K(57856K)] 369443K->313667K(634368K), 0.0019717 secs] [Times: user=0.01 sys=0.00, real=0.00 secs] 
1080.379: [GC (Allocation Failure) [PSYoungGen: 57216K->1533K(57856K)] 369475K->313808K(634368K), 0.0016145 secs] [Times: user=0.00 sys=0.00, real=0.00 secs] 
1080.744: [GC (Allocation Failure) [PSYoungGen: 57341K->1533K(57856K)] 369616K->313808K(634368K), 0.0015842 secs] [Times: user=0.01 sys=0.00, real=0.01 secs] 
1081.071: [GC (Allocation Failure) [PSYoungGen: 57341K->1565K(57856K)] 369616K->313840K(634368K), 0.0015893 secs] [Times: user=0.01 sys=0.00, real=0.00 secs] 
1081.397: [GC (Allocation Failure) [PSYoungGen: 57373K->1597K(57856K)] 369648K->313872K(634368K), 0.0015732 secs] [Times: user=0.01 sys=0.00, real=0.00 secs] 
1081.871: [GC (Allocation Failure) [PSYoungGen: 57405K->1504K(57856K)] 369680K->313779K(634368K), 0.0023372 secs] [Times: user=0.01 sys=0.00, real=0.00 secs] 
1082.606: [GC (Allocation Failure) [PSYoungGen: 57312K->1344K(57856K)] 369587K->313619K(634368K), 0.0034253 secs] [Times: user=0.02 sys=0.00, real=0.00 secs] 
1083.060: [GC (Allocation Failure) [PSYoungGen: 57152K->1344K(57856K)] 369427K->313619K(634368K), 0.0027898 secs] [Times: user=0.01 sys=0.00, real=0.00 secs] 
1083.529: [GC (Allocation Failure) [PSYoungGen: 57152K->1344K(57856K)] 369427K->313619K(634368K), 0.0044730 secs] [Times: user=0.01 sys=0.00, real=0.00 secs] 
1083.864: [GC (Allocation Failure) [PSYoungGen: 57152K->1360K(57856K)] 369427K->313635K(634368K), 0.0021462 secs] [Times: user=0.01 sys=0.00, real=0.01 secs] 
1084.321: [GC (Allocation Failure) [PSYoungGen: 57168K->1501K(57856K)] 369443K->313776K(634368K), 0.0014311 secs] [Times: user=0.00 sys=0.00, real=0.00 secs] 
1084.644: [GC (Allocation Failure) [PSYoungGen: 57309K->1533K(57856K)] 369584K->313824K(634368K), 0.0015394 secs] [Times: user=0.01 sys=0.00, real=0.01 secs] 
1085.033: [GC (Allocation Failure) [PSYoungGen: 57341K->1533K(57856K)] 369632K->313824K(634368K), 0.0015792 secs] [Times: user=0.00 sys=0.00, real=0.01 secs] 
1085.359: [GC (Allocation Failure) [PSYoungGen: 57341K->1501K(57856K)] 369632K->313792K(634368K), 0.0015660 secs] [Times: user=0.01 sys=0.00, real=0.00 secs] 
1085.738: [GC (Allocation Failure) [PSYoungGen: 57309K->1501K(57856K)] 369600K->313792K(634368K), 0.0015779 secs] [Times: user=0.01 sys=0.00, real=0.00 secs] 
1086.051: [GC (Allocation Failure) [PSYoungGen: 57309K->1376K(57856K)] 369600K->313667K(634368K), 0.0020961 secs] [Times: user=0.01 sys=0.00, real=0.00 secs] 
1086.283: [GC (Allocation Failure) [PSYoungGen: 57184K->1408K(57856K)] 369475K->313699K(634368K), 0.0022990 secs] [Times: user=0.00 sys=0.00, real=0.01 secs] 
1086.572: [GC (Allocation Failure) [PSYoungGen: 57216K->1408K(57856K)] 369507K->313715K(634368K), 0.0021377 secs] [Times: user=0.00 sys=0.00, real=0.00 secs] 
1086.889: [GC (Allocation Failure) [PSYoungGen: 57216K->1344K(57856K)] 369523K->313651K(634368K), 0.0025598 secs] [Times: user=0.01 sys=0.00, real=0.00 secs] 
1087.223: [GC (Allocation Failure) [PSYoungGen: 57152K->1344K(57856K)] 369459K->313651K(634368K), 0.0024334 secs] [Times: user=0.01 sys=0.00, real=0.01 secs] 
1087.662: [GC (Allocation Failure) [PSYoungGen: 57152K->1517K(57856K)] 369459K->313840K(634368K), 0.0015457 secs] [Times: user=0.00 sys=0.00, real=0.00 secs] 
1088.049: [GC (Allocation Failure) [PSYoungGen: 57325K->1533K(57856K)] 369648K->313856K(634368K), 0.0015816 secs] [Times: user=0.00 sys=0.00, real=0.00 secs] 
1088.373: [GC (Allocation Failure) [PSYoungGen: 57341K->1565K(57856K)] 369664K->313888K(634368K), 0.0015512 secs] [Times: user=0.01 sys=0.00, real=0.01 secs] 
1088.760: [GC (Allocation Failure) [PSYoungGen: 57373K->1533K(57856K)] 369696K->313856K(634368K), 0.0018157 secs] [Times: user=0.01 sys=0.00, real=0.00 secs] 
1089.270: [GC (Allocation Failure) [PSYoungGen: 57341K->1472K(57856K)] 369664K->313795K(634368K), 0.0039093 secs] [Times: user=0.02 sys=0.00, real=0.00 secs] 
1089.525: [GC (Allocation Failure) [PSYoungGen: 57280K->1408K(57856K)] 369603K->313731K(634368K), 0.0023091 secs] [Times: user=0.01 sys=0.00, real=0.00 secs] 
1089.758: [GC (Allocation Failure) [PSYoungGen: 57216K->1376K(57856K)] 369539K->313699K(634368K), 0.0022628 secs] [Times: user=0.01 sys=0.00, real=0.00 secs] 
1090.011: [GC (Allocation Failure) [PSYoungGen: 57184K->1312K(57856K)] 369507K->313635K(634368K), 0.0018409 secs] [Times: user=0.01 sys=0.00, real=0.00 secs] 
1090.448: [GC (Allocation Failure) [PSYoungGen: 57120K->1344K(57856K)] 369443K->313667K(634368K), 0.0019717 secs] [Times: user=0.01 sys=0.00, real=0.00 secs] 
1090.955: [GC (Allocation Failure) [PSYoungGen: 57152K->1533K(57856K)] 369475K->313856K(634368K), 0.0016213 secs] [Times: user=0.00 sys=0.00, real=0.01 secs] 
1091.278: [GC (Allocation Failure) [PSYoungGen: 57341K->1533K(57856K)] 369664K->313872K(634368K), 0.0015250 secs] [Times: user=0.01 sys=0.00, real=0.00 secs] 
1091.666: [GC (Allocation Failure) [PSYoungGen: 57341K->1565K(57856K)] 369680K->313904K(634368K), 0.0016368 secs] [Times: user=0.01 sys=0.00, real=0.00 secs] 
1091.991: [GC (Allocation Failure) [PSYoungGen: 57373K->1549K(57856K)] 369712K->313888K(634368K), 0.0015756 secs] [Times: user=0.00 sys=0.00, real=0.00 secs] 
1092.452: [GC (Allocation Failure) [PSYoungGen: 57357K->2016K(57856K)] 369696K->314867K(634368K), 0.0021521 secs] [Times: user=0.01 sys=0.00, real=0.00 secs] 
1092.917: [GC (Allocation Failure) [PSYoungGen: 57824K->1376K(57856K)] 370675K->314227K(634368K), 0.0031891 secs] [Times: user=0.01 sys=0.00, real=0.00 secs] 
1093.399: [GC (Allocation Failure) [PSYoungGen: 57184K->1344K(57856K)] 370035K->314195K(634368K), 0.0025472 secs] [Times: user=0.01 sys=0.01, real=0.00 secs] 
1093.817: [GC (Allocation Failure) [PSYoungGen: 57152K->1344K(57856K)] 370003K->314203K(634368K), 0.0026534 secs] [Times: user=0.01 sys=0.00, real=0.00 secs] 
1094.440: [GC (Allocation Failure) [PSYoungGen: 57152K->1408K(57856K)] 370011K->314267K(634368K), 0.0026185 secs] [Times: user=0.01 sys=0.00, real=0.00 secs] 
1095.106: [GC (Allocation Failure) [PSYoungGen: 57216K->1504K(57856K)] 370075K->314363K(634368K), 0.0020538 secs] [Times: user=0.01 sys=0.00, real=0.00 secs] 
1095.475: [GC (Allocation Failure) [PSYoungGen: 57312K->1504K(57856K)] 370171K->314379K(634368K), 0.0016999 secs] [Times: user=0.00 sys=0.00, real=0.00 secs] 
1095.859: [GC (Allocation Failure) [PSYoungGen: 57312K->1597K(57856K)] 370187K->314472K(634368K), 0.0015914 secs] [Times: user=0.01 sys=0.00, real=0.00 secs] 
1096.183: [GC (Allocation Failure) [PSYoungGen: 57405K->1533K(57856K)] 370280K->314408K(634368K), 0.0015619 secs] [Times: user=0.01 sys=0.00, real=0.01 secs] 
1096.509: [GC (Allocation Failure) [PSYoungGen: 57341K->1533K(57856K)] 370216K->314408K(634368K), 0.0015751 secs] [Times: user=0.00 sys=0.00, real=0.00 secs] 
1097.584: [GC (Allocation Failure) [PSYoungGen: 57341K->1408K(57856K)] 370216K->314283K(634368K), 0.0031995 secs] [Times: user=0.01 sys=0.00, real=0.01 secs] 
1098.044: [GC (Allocation Failure) [PSYoungGen: 57216K->1392K(57856K)] 370091K->314275K(634368K), 0.0030812 secs] [Times: user=0.01 sys=0.00, real=0.01 secs] 
1098.497: [GC (Allocation Failure) [PSYoungGen: 57200K->1312K(57856K)] 370083K->314195K(634368K), 0.0024357 secs] [Times: user=0.01 sys=0.00, real=0.00 secs] 
1098.979: [GC (Allocation Failure) [PSYoungGen: 57120K->1408K(57856K)] 370003K->314291K(634368K), 0.0026031 secs] [Times: user=0.01 sys=0.00, real=0.00 secs] 
1099.460: [GC (Allocation Failure) [PSYoungGen: 57216K->1408K(57856K)] 370099K->314291K(634368K), 0.0024886 secs] [Times: user=0.01 sys=0.00, real=0.00 secs] 
1099.840: [GC (Allocation Failure) [PSYoungGen: 57216K->1533K(57856K)] 370099K->314424K(634368K), 0.0014763 secs] [Times: user=0.01 sys=0.00, real=0.00 secs] 
1100.163: [GC (Allocation Failure) [PSYoungGen: 57341K->1533K(57856K)] 370232K->314424K(634368K), 0.0015284 secs] [Times: user=0.00 sys=0.00, real=0.01 secs] 
1100.490: [GC (Allocation Failure) [PSYoungGen: 57341K->1565K(57856K)] 370232K->314456K(634368K), 0.0015171 secs] [Times: user=0.01 sys=0.00, real=0.00 secs] 
1100.816: [GC (Allocation Failure) [PSYoungGen: 57373K->1536K(57856K)] 370264K->314427K(634368K), 0.0015302 secs] [Times: user=0.00 sys=0.00, real=0.00 secs] 
1101.296: [GC (Allocation Failure) [PSYoungGen: 57344K->1456K(57856K)] 370235K->314347K(634368K), 0.0020976 secs] [Times: user=0.01 sys=0.00, real=0.00 secs] 
1101.789: [GC (Allocation Failure) [PSYoungGen: 57264K->1376K(57856K)] 370155K->314267K(634368K), 0.0022206 secs] [Times: user=0.01 sys=0.00, real=0.00 secs] 
1102.246: [GC (Allocation Failure) [PSYoungGen: 57184K->1376K(57856K)] 370075K->314267K(634368K), 0.0021664 secs] [Times: user=0.01 sys=0.00, real=0.00 secs] 
1102.719: [GC (Allocation Failure) [PSYoungGen: 57184K->1360K(57856K)] 370075K->314251K(634368K), 0.0028212 secs] [Times: user=0.01 sys=0.00, real=0.00 secs] 
1103.195: [GC (Allocation Failure) [PSYoungGen: 57168K->1376K(57856K)] 370059K->314267K(634368K), 0.0031618 secs] [Times: user=0.01 sys=0.00, real=0.00 secs] 
1103.536: [GC (Allocation Failure) [PSYoungGen: 57184K->1469K(57856K)] 370075K->314360K(634368K), 0.0014380 secs] [Times: user=0.01 sys=0.00, real=0.00 secs] 
1103.859: [GC (Allocation Failure) [PSYoungGen: 57277K->1581K(57856K)] 370168K->314488K(634368K), 0.0015225 secs] [Times: user=0.01 sys=0.00, real=0.00 secs] 
1104.193: [GC (Allocation Failure) [PSYoungGen: 57389K->1549K(57856K)] 370296K->314456K(634368K), 0.0016113 secs] [Times: user=0.01 sys=0.00, real=0.01 secs] 
1104.520: [GC (Allocation Failure) [PSYoungGen: 57357K->1549K(57856K)] 370264K->314456K(634368K), 0.0017035 secs] [Times: user=0.01 sys=0.00, real=0.00 secs] 
1104.847: [GC (Allocation Failure) [PSYoungGen: 57357K->1520K(57856K)] 370264K->314427K(634368K), 0.0015403 secs] [Times: user=0.01 sys=0.00, real=0.00 secs] 
1105.450: [GC (Allocation Failure) [PSYoungGen: 57328K->1376K(57856K)] 370235K->314283K(634368K), 0.0020496 secs] [Times: user=0.01 sys=0.00, real=0.00 secs] 
1106.213: [GC (Allocation Failure) [PSYoungGen: 57184K->1408K(57856K)] 370091K->314315K(634368K), 0.0039885 secs] [Times: user=0.01 sys=0.00, real=0.01 secs] 
1106.894: [GC (Allocation Failure) [PSYoungGen: 57216K->1376K(57856K)] 370123K->314283K(634368K), 0.0039315 secs] [Times: user=0.01 sys=0.00, real=0.01 secs] 
1107.589: [GC (Allocation Failure) [PSYoungGen: 57184K->1376K(57856K)] 370091K->314291K(634368K), 0.0028317 secs] [Times: user=0.01 sys=0.00, real=0.00 secs] 
1108.346: [GC (Allocation Failure) [PSYoungGen: 57184K->1408K(57856K)] 370099K->314323K(634368K), 0.0030767 secs] [Times: user=0.02 sys=0.00, real=0.00 secs] 
1108.801: [GC (Allocation Failure) [PSYoungGen: 57216K->1501K(57856K)] 370131K->314424K(634368K), 0.0015470 secs] [Times: user=0.01 sys=0.00, real=0.00 secs] 
1109.180: [GC (Allocation Failure) [PSYoungGen: 57309K->1517K(57856K)] 370232K->314440K(634368K), 0.0015442 secs] [Times: user=0.01 sys=0.00, real=0.00 secs] 
1109.558: [GC (Allocation Failure) [PSYoungGen: 57325K->1533K(57856K)] 370248K->314456K(634368K), 0.0016288 secs] [Times: user=0.00 sys=0.00, real=0.00 secs] 
1109.883: [GC (Allocation Failure) [PSYoungGen: 57341K->1565K(57856K)] 370264K->314488K(634368K), 0.0015628 secs] [Times: user=0.00 sys=0.00, real=0.01 secs] 
1110.431: [GC (Allocation Failure) [PSYoungGen: 57373K->1440K(57856K)] 370296K->314363K(634368K), 0.0031665 secs] [Times: user=0.01 sys=0.00, real=0.00 secs] 
1110.923: [GC (Allocation Failure) [PSYoungGen: 57248K->1408K(57856K)] 370171K->314331K(634368K), 0.0026803 secs] [Times: user=0.02 sys=0.00, real=0.01 secs] 
1111.402: [GC (Allocation Failure) [PSYoungGen: 57216K->1344K(57856K)] 370139K->314267K(634368K), 0.0020739 secs] [Times: user=0.01 sys=0.00, real=0.00 secs] 
1111.894: [GC (Allocation Failure) [PSYoungGen: 57152K->1376K(57856K)] 370075K->314299K(634368K), 0.0020616 secs] [Times: user=0.01 sys=0.00, real=0.01 secs] 
1112.172: [GC (Allocation Failure) [PSYoungGen: 57184K->1344K(57856K)] 370107K->314267K(634368K), 0.0022404 secs] [Times: user=0.01 sys=0.00, real=0.00 secs] 
1112.518: [GC (Allocation Failure) [PSYoungGen: 57152K->1533K(57856K)] 370075K->314456K(634368K), 0.0015237 secs] [Times: user=0.00 sys=0.00, real=0.00 secs] 
1112.841: [GC (Allocation Failure) [PSYoungGen: 57341K->1536K(57856K)] 370264K->314475K(634368K), 0.0015271 secs] [Times: user=0.01 sys=0.00, real=0.00 secs] 
1113.166: [GC (Allocation Failure) [PSYoungGen: 57344K->1613K(57856K)] 370283K->314552K(634368K), 0.0015554 secs] [Times: user=0.00 sys=0.00, real=0.00 secs] 
1113.491: [GC (Allocation Failure) [PSYoungGen: 57421K->1549K(57856K)] 370360K->314488K(634368K), 0.0015770 secs] [Times: user=0.01 sys=0.00, real=0.00 secs] 
1113.934: [GC (Allocation Failure) [PSYoungGen: 57357K->2016K(57856K)] 370296K->314955K(634368K), 0.0021727 secs] [Times: user=0.01 sys=0.00, real=0.01 secs] 
1114.770: [GC (Allocation Failure) [PSYoungGen: 57824K->1344K(57856K)] 370763K->314283K(634368K), 0.0023379 secs] [Times: user=0.01 sys=0.00, real=0.00 secs] 
1115.411: [GC (Allocation Failure) [PSYoungGen: 57152K->1344K(57856K)] 370091K->314283K(634368K), 0.0029817 secs] [Times: user=0.01 sys=0.00, real=0.00 secs] 
1115.942: [GC (Allocation Failure) [PSYoungGen: 57152K->1376K(57856K)] 370091K->314315K(634368K), 0.0025813 secs] [Times: user=0.01 sys=0.00, real=0.00 secs] 
1116.410: [GC (Allocation Failure) [PSYoungGen: 57184K->1392K(57856K)] 370123K->314331K(634368K), 0.0024105 secs] [Times: user=0.01 sys=0.00, real=0.00 secs] 
1116.758: [GC (Allocation Failure) [PSYoungGen: 57200K->1469K(57856K)] 370139K->314408K(634368K), 0.0019014 secs] [Times: user=0.00 sys=0.00, real=0.00 secs] 
1117.090: [GC (Allocation Failure) [PSYoungGen: 57277K->1581K(57856K)] 370216K->314536K(634368K), 0.0015002 secs] [Times: user=0.01 sys=0.00, real=0.00 secs] 
1117.476: [GC (Allocation Failure) [PSYoungGen: 57389K->1597K(57856K)] 370344K->314576K(634368K), 0.0016033 secs] [Times: user=0.00 sys=0.00, real=0.00 secs] 
1117.804: [GC (Allocation Failure) [PSYoungGen: 57405K->1565K(57856K)] 370384K->314544K(634368K), 0.0016216 secs] [Times: user=0.00 sys=0.00, real=0.01 secs] 
1118.132: [GC (Allocation Failure) [PSYoungGen: 57373K->1613K(57856K)] 370352K->314592K(634368K), 0.0015541 secs] [Times: user=0.00 sys=0.00, real=0.00 secs] 
1118.699: [GC (Allocation Failure) [PSYoungGen: 57421K->1408K(57856K)] 370400K->314387K(634368K), 0.0041436 secs] [Times: user=0.02 sys=0.00, real=0.00 secs] 
1119.215: [GC (Allocation Failure) [PSYoungGen: 57216K->1376K(57856K)] 370195K->314355K(634368K), 0.0028577 secs] [Times: user=0.01 sys=0.01, real=0.00 secs] 
1119.651: [GC (Allocation Failure) [PSYoungGen: 57184K->1360K(57856K)] 370163K->314339K(634368K), 0.0026094 secs] [Times: user=0.01 sys=0.00, real=0.00 secs] 
1120.119: [GC (Allocation Failure) [PSYoungGen: 57168K->1376K(57856K)] 370147K->314355K(634368K), 0.0042020 secs] [Times: user=0.02 sys=0.00, real=0.00 secs] 
1120.557: [GC (Allocation Failure) [PSYoungGen: 57184K->1344K(57856K)] 370163K->314323K(634368K), 0.0030025 secs] [Times: user=0.01 sys=0.00, real=0.00 secs] 
1121.039: [GC (Allocation Failure) [PSYoungGen: 57152K->1533K(57856K)] 370131K->314528K(634368K), 0.0015369 secs] [Times: user=0.00 sys=0.00, real=0.00 secs] 
1121.420: [GC (Allocation Failure) [PSYoungGen: 57341K->1613K(57856K)] 370336K->314608K(634368K), 0.0015948 secs] [Times: user=0.01 sys=0.00, real=0.00 secs] 
1121.751: [GC (Allocation Failure) [PSYoungGen: 57421K->1581K(57856K)] 370416K->314576K(634368K), 0.0015683 secs] [Times: user=0.01 sys=0.00, real=0.00 secs] 
1122.078: [GC (Allocation Failure) [PSYoungGen: 57383K->1581K(57856K)] 370379K->314576K(634368K), 0.0015432 secs] [Times: user=0.01 sys=0.00, real=0.00 secs] 
1122.448: [GC (Allocation Failure) [PSYoungGen: 57389K->1488K(57856K)] 370384K->314483K(634368K), 0.0022697 secs] [Times: user=0.01 sys=0.00, real=0.00 secs] 
1122.694: [GC (Allocation Failure) [PSYoungGen: 57296K->1408K(57856K)] 370291K->314403K(634368K), 0.0021617 secs] [Times: user=0.01 sys=0.00, real=0.01 secs] 
1123.034: [GC (Allocation Failure) [PSYoungGen: 57216K->1376K(57856K)] 370211K->314371K(634368K), 0.0019407 secs] [Times: user=0.01 sys=0.00, real=0.01 secs] 
1123.279: [GC (Allocation Failure) [PSYoungGen: 57184K->1408K(57856K)] 370179K->314403K(634368K), 0.0019282 secs] [Times: user=0.01 sys=0.00, real=0.00 secs] 
1123.720: [GC (Allocation Failure) [PSYoungGen: 57216K->1376K(57856K)] 370211K->314371K(634368K), 0.0020237 secs] [Times: user=0.01 sys=0.00, real=0.00 secs] 
1124.227: [GC (Allocation Failure) [PSYoungGen: 57184K->1469K(57856K)] 370179K->314464K(634368K), 0.0014386 secs] [Times: user=0.01 sys=0.00, real=0.00 secs] 
1124.558: [GC (Allocation Failure) [PSYoungGen: 57277K->1536K(57856K)] 370272K->314547K(634368K), 0.0015292 secs] [Times: user=0.01 sys=0.00, real=0.00 secs] 
1124.948: [GC (Allocation Failure) [PSYoungGen: 57344K->1533K(57856K)] 370355K->314544K(634368K), 0.0015724 secs] [Times: user=0.01 sys=0.00, real=0.00 secs] 
1125.272: [GC (Allocation Failure) [PSYoungGen: 57341K->1565K(57856K)] 370352K->314576K(634368K), 0.0015029 secs] [Times: user=0.00 sys=0.00, real=0.00 secs] 
1125.658: [GC (Allocation Failure) [PSYoungGen: 57373K->1565K(57856K)] 370384K->314576K(634368K), 0.0015363 secs] [Times: user=0.01 sys=0.00, real=0.00 secs] 
1126.179: [GC (Allocation Failure) [PSYoungGen: 57373K->1440K(57856K)] 370384K->314467K(634368K), 0.0032789 secs] [Times: user=0.01 sys=0.00, real=0.00 secs] 
1126.601: [GC (Allocation Failure) [PSYoungGen: 57248K->1344K(57856K)] 370275K->314371K(634368K), 0.0023736 secs] [Times: user=0.01 sys=0.00, real=0.00 secs] 
1127.034: [GC (Allocation Failure) [PSYoungGen: 57152K->1344K(57856K)] 370179K->314371K(634368K), 0.0022438 secs] [Times: user=0.01 sys=0.00, real=0.01 secs] 
1127.569: [GC (Allocation Failure) [PSYoungGen: 57152K->1376K(57856K)] 370179K->314403K(634368K), 0.0022283 secs] [Times: user=0.01 sys=0.00, real=0.00 secs] 
1128.267: [GC (Allocation Failure) [PSYoungGen: 57184K->1408K(57856K)] 370211K->314435K(634368K), 0.0039689 secs] [Times: user=0.02 sys=0.00, real=0.00 secs] 
1128.737: [GC (Allocation Failure) [PSYoungGen: 57216K->1501K(57856K)] 370243K->314536K(634368K), 0.0014795 secs] [Times: user=0.01 sys=0.00, real=0.00 secs] 
1129.059: [GC (Allocation Failure) [PSYoungGen: 57309K->1533K(57856K)] 370344K->314568K(634368K), 0.0015490 secs] [Times: user=0.00 sys=0.00, real=0.00 secs] 
1129.384: [GC (Allocation Failure) [PSYoungGen: 57341K->1565K(57856K)] 370376K->314600K(634368K), 0.0015363 secs] [Times: user=0.00 sys=0.00, real=0.01 secs] 
1129.769: [GC (Allocation Failure) [PSYoungGen: 57373K->1565K(57856K)] 370408K->314600K(634368K), 0.0015676 secs] [Times: user=0.01 sys=0.00, real=0.00 secs] 
1130.066: [GC (Allocation Failure) [PSYoungGen: 57373K->1440K(57856K)] 370408K->314475K(634368K), 0.0023512 secs] [Times: user=0.01 sys=0.01, real=0.00 secs] 
1130.298: [GC (Allocation Failure) [PSYoungGen: 57248K->1344K(57856K)] 370283K->314379K(634368K), 0.0019763 secs] [Times: user=0.01 sys=0.00, real=0.00 secs] 
1130.530: [GC (Allocation Failure) [PSYoungGen: 57152K->1408K(57856K)] 370187K->314443K(634368K), 0.0020776 secs] [Times: user=0.01 sys=0.00, real=0.00 secs] 
1130.762: [GC (Allocation Failure) [PSYoungGen: 57216K->1344K(57856K)] 370251K->314379K(634368K), 0.0018678 secs] [Times: user=0.01 sys=0.00, real=0.00 secs] 
1130.994: [GC (Allocation Failure) [PSYoungGen: 57152K->1408K(57856K)] 370187K->314443K(634368K), 0.0018893 secs] [Times: user=0.01 sys=0.00, real=0.01 secs] 
1131.300: [GC (Allocation Failure) [PSYoungGen: 57216K->1533K(57856K)] 370251K->314568K(634368K), 0.0014509 secs] [Times: user=0.00 sys=0.00, real=0.00 secs] 
1131.624: [GC (Allocation Failure) [PSYoungGen: 57341K->1568K(57856K)] 370376K->314619K(634368K), 0.0015373 secs] [Times: user=0.01 sys=0.00, real=0.01 secs] 
1131.953: [GC (Allocation Failure) [PSYoungGen: 57376K->1533K(57856K)] 370427K->314584K(634368K), 0.0015214 secs] [Times: user=0.01 sys=0.00, real=0.00 secs] 
1132.281: [GC (Allocation Failure) [PSYoungGen: 57341K->1565K(57856K)] 370392K->314616K(634368K), 0.0015345 secs] [Times: user=0.01 sys=0.00, real=0.00 secs] 
1132.627: [GC (Allocation Failure) [PSYoungGen: 57373K->2016K(57856K)] 370424K->315067K(634368K), 0.0019307 secs] [Times: user=0.00 sys=0.00, real=0.00 secs] 
1132.860: [GC (Allocation Failure) [PSYoungGen: 57824K->1392K(57856K)] 370875K->314443K(634368K), 0.0018501 secs] [Times: user=0.01 sys=0.00, real=0.00 secs] 
1133.092: [GC (Allocation Failure) [PSYoungGen: 57200K->1408K(57856K)] 370251K->314459K(634368K), 0.0019558 secs] [Times: user=0.01 sys=0.00, real=0.00 secs] 
1133.324: [GC (Allocation Failure) [PSYoungGen: 57216K->1408K(57856K)] 370267K->314459K(634368K), 0.0017730 secs] [Times: user=0.01 sys=0.00, real=0.01 secs] 
1133.557: [GC (Allocation Failure) [PSYoungGen: 57216K->1344K(57856K)] 370267K->314395K(634368K), 0.0018277 secs] [Times: user=0.01 sys=0.00, real=0.00 secs] 
1133.865: [GC (Allocation Failure) [PSYoungGen: 57152K->1408K(57856K)] 370203K->314459K(634368K), 0.0016454 secs] [Times: user=0.01 sys=0.00, real=0.00 secs] 
1134.188: [GC (Allocation Failure) [PSYoungGen: 57216K->1565K(57856K)] 370267K->314632K(634368K), 0.0015299 secs] [Times: user=0.00 sys=0.00, real=0.00 secs] 
1134.514: [GC (Allocation Failure) [PSYoungGen: 57373K->1581K(57856K)] 370440K->314648K(634368K), 0.0017253 secs] [Times: user=0.01 sys=0.00, real=0.01 secs] 
1134.847: [GC (Allocation Failure) [PSYoungGen: 57389K->1533K(57856K)] 370456K->314608K(634368K), 0.0015321 secs] [Times: user=0.01 sys=0.00, real=0.00 secs] 
1135.231: [GC (Allocation Failure) [PSYoungGen: 57341K->1549K(57856K)] 370416K->314624K(634368K), 0.0015782 secs] [Times: user=0.00 sys=0.00, real=0.00 secs] 
1135.777: [GC (Allocation Failure) [PSYoungGen: 57357K->1440K(57856K)] 370432K->314515K(634368K), 0.0027985 secs] [Times: user=0.01 sys=0.00, real=0.00 secs] 
1136.279: [GC (Allocation Failure) [PSYoungGen: 57248K->1376K(57856K)] 370323K->314451K(634368K), 0.0026982 secs] [Times: user=0.01 sys=0.00, real=0.00 secs] 
1136.768: [GC (Allocation Failure) [PSYoungGen: 57184K->1344K(57856K)] 370259K->314419K(634368K), 0.0024179 secs] [Times: user=0.01 sys=0.00, real=0.00 secs] 
1137.260: [GC (Allocation Failure) [PSYoungGen: 57152K->1344K(57856K)] 370227K->314419K(634368K), 0.0022484 secs] [Times: user=0.01 sys=0.00, real=0.00 secs] 
1137.824: [GC (Allocation Failure) [PSYoungGen: 57152K->1344K(57856K)] 370227K->314419K(634368K), 0.0024388 secs] [Times: user=0.01 sys=0.00, real=0.01 secs] 
1138.266: [GC (Allocation Failure) [PSYoungGen: 57152K->1565K(57856K)] 370227K->314656K(634368K), 0.0014981 secs] [Times: user=0.01 sys=0.00, real=0.00 secs] 
1138.589: [GC (Allocation Failure) [PSYoungGen: 57373K->1504K(57856K)] 370464K->314595K(634368K), 0.0015541 secs] [Times: user=0.01 sys=0.00, real=0.00 secs] 
1138.916: [GC (Allocation Failure) [PSYoungGen: 57312K->1536K(57856K)] 370403K->314627K(634368K), 0.0015289 secs] [Times: user=0.01 sys=0.00, real=0.00 secs] 
1139.242: [GC (Allocation Failure) [PSYoungGen: 57344K->1565K(57856K)] 370435K->314656K(634368K), 0.0015049 secs] [Times: user=0.01 sys=0.00, real=0.00 secs] 
1139.718: [GC (Allocation Failure) [PSYoungGen: 57373K->1504K(57856K)] 370464K->314595K(634368K), 0.0019590 secs] [Times: user=0.00 sys=0.00, real=0.00 secs] 
1140.289: [GC (Allocation Failure) [PSYoungGen: 57312K->1360K(57856K)] 370403K->314451K(634368K), 0.0037936 secs] [Times: user=0.02 sys=0.00, real=0.00 secs] 
1140.842: [GC (Allocation Failure) [PSYoungGen: 57168K->1408K(57856K)] 370259K->314499K(634368K), 0.0032464 secs] [Times: user=0.01 sys=0.00, real=0.01 secs] 
1141.319: [GC (Allocation Failure) [PSYoungGen: 57216K->1408K(57856K)] 370307K->314499K(634368K), 0.0031770 secs] [Times: user=0.02 sys=0.00, real=0.00 secs] 
1141.688: [GC (Allocation Failure) [PSYoungGen: 57216K->1408K(57856K)] 370307K->314499K(634368K), 0.0023346 secs] [Times: user=0.01 sys=0.00, real=0.00 secs] 
1142.105: [GC (Allocation Failure) [PSYoungGen: 57216K->1469K(57856K)] 370307K->314560K(634368K), 0.0015648 secs] [Times: user=0.01 sys=0.00, real=0.01 secs] 
1142.427: [GC (Allocation Failure) [PSYoungGen: 57277K->1584K(57856K)] 370368K->314691K(634368K), 0.0016425 secs] [Times: user=0.01 sys=0.00, real=0.00 secs] 
1142.755: [GC (Allocation Failure) [PSYoungGen: 57392K->1549K(57856K)] 370499K->314656K(634368K), 0.0015160 secs] [Times: user=0.00 sys=0.00, real=0.01 secs] 
1143.079: [GC (Allocation Failure) [PSYoungGen: 57357K->1517K(57856K)] 370464K->314624K(634368K), 0.0015396 secs] [Times: user=0.01 sys=0.00, real=0.00 secs] 
1143.406: [GC (Allocation Failure) [PSYoungGen: 57325K->1565K(57856K)] 370432K->314672K(634368K), 0.0015263 secs] [Times: user=0.01 sys=0.00, real=0.00 secs] 
1144.303: [GC (Allocation Failure) [PSYoungGen: 57373K->1408K(57856K)] 370480K->314523K(634368K), 0.0036029 secs] [Times: user=0.01 sys=0.00, real=0.01 secs] 
1145.122: [GC (Allocation Failure) [PSYoungGen: 57216K->1376K(57856K)] 370331K->314491K(634368K), 0.0080853 secs] [Times: user=0.03 sys=0.00, real=0.01 secs] 
1145.923: [GC (Allocation Failure) [PSYoungGen: 57184K->1392K(57856K)] 370299K->314507K(634368K), 0.0040617 secs] [Times: user=0.02 sys=0.00, real=0.01 secs] 
1146.523: [GC (Allocation Failure) [PSYoungGen: 57200K->1440K(57856K)] 370315K->314555K(634368K), 0.0039162 secs] [Times: user=0.01 sys=0.00, real=0.01 secs] 
1146.882: [GC (Allocation Failure) [PSYoungGen: 57248K->1376K(57856K)] 370363K->314491K(634368K), 0.0027071 secs] [Times: user=0.01 sys=0.00, real=0.01 secs] 
1147.315: [GC (Allocation Failure) [PSYoungGen: 57184K->1520K(57856K)] 370299K->314651K(634368K), 0.0014794 secs] [Times: user=0.01 sys=0.00, real=0.00 secs] 
1147.699: [GC (Allocation Failure) [PSYoungGen: 57328K->1533K(57856K)] 370459K->314664K(634368K), 0.0018306 secs] [Times: user=0.01 sys=0.00, real=0.00 secs] 
1148.024: [GC (Allocation Failure) [PSYoungGen: 57341K->1597K(57856K)] 370472K->314752K(634368K), 0.0015731 secs] [Times: user=0.01 sys=0.00, real=0.01 secs] 
1148.351: [GC (Allocation Failure) [PSYoungGen: 57405K->1565K(57856K)] 370560K->314720K(634368K), 0.0015863 secs] [Times: user=0.01 sys=0.00, real=0.00 secs] 
1148.784: [GC (Allocation Failure) [PSYoungGen: 57373K->1440K(57856K)] 370528K->314595K(634368K), 0.0028523 secs] [Times: user=0.01 sys=0.00, real=0.01 secs] 
1149.264: [GC (Allocation Failure) [PSYoungGen: 57248K->1392K(57856K)] 370403K->314547K(634368K), 0.0024911 secs] [Times: user=0.01 sys=0.00, real=0.01 secs] 
1149.737: [GC (Allocation Failure) [PSYoungGen: 57200K->1376K(57856K)] 370355K->314531K(634368K), 0.0026896 secs] [Times: user=0.01 sys=0.00, real=0.00 secs] 
1150.198: [GC (Allocation Failure) [PSYoungGen: 57184K->1376K(57856K)] 370339K->314531K(634368K), 0.0027220 secs] [Times: user=0.01 sys=0.00, real=0.00 secs] 
1150.623: [GC (Allocation Failure) [PSYoungGen: 57184K->1392K(57856K)] 370339K->314547K(634368K), 0.0032374 secs] [Times: user=0.01 sys=0.00, real=0.01 secs] 
1151.139: [GC (Allocation Failure) [PSYoungGen: 57200K->1533K(57856K)] 370355K->314688K(634368K), 0.0015062 secs] [Times: user=0.01 sys=0.00, real=0.00 secs] 
1151.464: [GC (Allocation Failure) [PSYoungGen: 57341K->1520K(57856K)] 370496K->314699K(634368K), 0.0015269 secs] [Times: user=0.00 sys=0.00, real=0.01 secs] 
1151.852: [GC (Allocation Failure) [PSYoungGen: 57328K->1501K(57856K)] 370507K->314680K(634368K), 0.0015748 secs] [Times: user=0.00 sys=0.00, real=0.00 secs] 
1152.180: [GC (Allocation Failure) [PSYoungGen: 57309K->1565K(57856K)] 370488K->314744K(634368K), 0.0015585 secs] [Times: user=0.01 sys=0.00, real=0.00 secs] 
1152.669: [GC (Allocation Failure) [PSYoungGen: 57373K->1984K(57856K)] 370552K->315675K(634368K), 0.0024200 secs] [Times: user=0.01 sys=0.00, real=0.00 secs] 
1153.227: [GC (Allocation Failure) [PSYoungGen: 57792K->1376K(57856K)] 371483K->315067K(634368K), 0.0025149 secs] [Times: user=0.01 sys=0.00, real=0.00 secs] 
1153.708: [GC (Allocation Failure) [PSYoungGen: 57184K->1392K(57856K)] 370875K->315083K(634368K), 0.0022446 secs] [Times: user=0.00 sys=0.01, real=0.00 secs] 
1153.957: [GC (Allocation Failure) [PSYoungGen: 57200K->1408K(57856K)] 370891K->315099K(634368K), 0.0020372 secs] [Times: user=0.01 sys=0.00, real=0.00 secs] 
1154.189: [GC (Allocation Failure) [PSYoungGen: 57216K->1408K(57856K)] 370907K->315099K(634368K), 0.0018465 secs] [Times: user=0.01 sys=0.00, real=0.00 secs] 
1154.477: [GC (Allocation Failure) [PSYoungGen: 57216K->1437K(57856K)] 370907K->315128K(634368K), 0.0018561 secs] [Times: user=0.01 sys=0.01, real=0.00 secs] 
1154.803: [GC (Allocation Failure) [PSYoungGen: 57245K->1549K(57856K)] 370936K->315256K(634368K), 0.0015658 secs] [Times: user=0.00 sys=0.00, real=0.01 secs] 
1155.130: [GC (Allocation Failure) [PSYoungGen: 57328K->1536K(57856K)] 371035K->315243K(634368K), 0.0015621 secs] [Times: user=0.01 sys=0.00, real=0.00 secs] 
1155.538: [GC (Allocation Failure) [PSYoungGen: 57344K->1565K(57856K)] 371051K->315272K(634368K), 0.0015221 secs] [Times: user=0.01 sys=0.00, real=0.00 secs] 
1155.917: [GC (Allocation Failure) [PSYoungGen: 57373K->1613K(57856K)] 371080K->315320K(634368K), 0.0015745 secs] [Times: user=0.01 sys=0.00, real=0.00 secs] 
1156.317: [GC (Allocation Failure) [PSYoungGen: 57421K->1440K(57856K)] 371128K->315163K(634368K), 0.0027899 secs] [Times: user=0.01 sys=0.00, real=0.00 secs] 
1156.550: [GC (Allocation Failure) [PSYoungGen: 57248K->1376K(57856K)] 370971K->315099K(634368K), 0.0020534 secs] [Times: user=0.01 sys=0.00, real=0.00 secs] 
1156.788: [GC (Allocation Failure) [PSYoungGen: 57184K->1408K(57856K)] 370907K->315131K(634368K), 0.0019425 secs] [Times: user=0.01 sys=0.00, real=0.00 secs] 
1157.020: [GC (Allocation Failure) [PSYoungGen: 57216K->1376K(57856K)] 370939K->315099K(634368K), 0.0019136 secs] [Times: user=0.01 sys=0.00, real=0.00 secs] 
1157.273: [GC (Allocation Failure) [PSYoungGen: 57184K->1408K(57856K)] 370907K->315131K(634368K), 0.0019691 secs] [Times: user=0.01 sys=0.00, real=0.01 secs] 
1157.625: [GC (Allocation Failure) [PSYoungGen: 57216K->1501K(57856K)] 370939K->315240K(634368K), 0.0015164 secs] [Times: user=0.00 sys=0.00, real=0.00 secs] 
1157.947: [GC (Allocation Failure) [PSYoungGen: 57309K->1549K(57856K)] 371048K->315288K(634368K), 0.0015220 secs] [Times: user=0.01 sys=0.00, real=0.00 secs] 
1158.277: [GC (Allocation Failure) [PSYoungGen: 57357K->1533K(57856K)] 371096K->315272K(634368K), 0.0015081 secs] [Times: user=0.01 sys=0.00, real=0.00 secs] 
1158.603: [GC (Allocation Failure) [PSYoungGen: 57341K->1597K(57856K)] 371080K->315336K(634368K), 0.0015270 secs] [Times: user=0.01 sys=0.00, real=0.00 secs] 
1159.312: [GC (Allocation Failure) [PSYoungGen: 57405K->1504K(57856K)] 371144K->315243K(634368K), 0.0027216 secs] [Times: user=0.01 sys=0.01, real=0.00 secs] 
1160.264: [GC (Allocation Failure) [PSYoungGen: 57312K->1408K(57856K)] 371051K->315147K(634368K), 0.0026013 secs] [Times: user=0.01 sys=0.00, real=0.01 secs] 
1160.722: [GC (Allocation Failure) [PSYoungGen: 57216K->1440K(57856K)] 370955K->315179K(634368K), 0.0027200 secs] [Times: user=0.01 sys=0.00, real=0.00 secs] 
1161.178: [GC (Allocation Failure) [PSYoungGen: 57248K->1376K(57856K)] 370987K->315115K(634368K), 0.0023249 secs] [Times: user=0.01 sys=0.00, real=0.00 secs] 
1161.407: [GC (Allocation Failure) [PSYoungGen: 57184K->1376K(57856K)] 370923K->315115K(634368K), 0.0018667 secs] [Times: user=0.00 sys=0.00, real=0.00 secs] 
1161.769: [GC (Allocation Failure) [PSYoungGen: 57184K->1453K(57856K)] 370923K->315192K(634368K), 0.0014558 secs] [Times: user=0.01 sys=0.00, real=0.00 secs] 
1162.093: [GC (Allocation Failure) [PSYoungGen: 57261K->1629K(57856K)] 371000K->315376K(634368K), 0.0015427 secs] [Times: user=0.00 sys=0.00, real=0.00 secs] 
1162.422: [GC (Allocation Failure) [PSYoungGen: 57437K->1549K(57856K)] 371184K->315296K(634368K), 0.0015260 secs] [Times: user=0.01 sys=0.00, real=0.00 secs] 
1162.747: [GC (Allocation Failure) [PSYoungGen: 57357K->1501K(57856K)] 371104K->315248K(634368K), 0.0015186 secs] [Times: user=0.01 sys=0.00, real=0.00 secs] 
1163.133: [GC (Allocation Failure) [PSYoungGen: 57309K->1549K(57856K)] 371056K->315296K(634368K), 0.0015529 secs] [Times: user=0.01 sys=0.00, real=0.00 secs] 
1163.726: [GC (Allocation Failure) [PSYoungGen: 57357K->1440K(57856K)] 371104K->315195K(634368K), 0.0018828 secs] [Times: user=0.01 sys=0.00, real=0.00 secs] 
1164.253: [GC (Allocation Failure) [PSYoungGen: 57248K->1408K(57856K)] 371003K->315163K(634368K), 0.0021879 secs] [Times: user=0.01 sys=0.00, real=0.01 secs] 
1164.695: [GC (Allocation Failure) [PSYoungGen: 57216K->1344K(57856K)] 370971K->315099K(634368K), 0.0025575 secs] [Times: user=0.01 sys=0.00, real=0.00 secs] 
1164.946: [GC (Allocation Failure) [PSYoungGen: 57152K->1408K(57856K)] 370907K->315163K(634368K), 0.0028678 secs] [Times: user=0.02 sys=0.00, real=0.00 secs] 
1165.187: [GC (Allocation Failure) [PSYoungGen: 57216K->1376K(57856K)] 370971K->315131K(634368K), 0.0024582 secs] [Times: user=0.01 sys=0.00, real=0.00 secs] 
1165.616: [GC (Allocation Failure) [PSYoungGen: 57184K->1517K(57856K)] 370939K->315288K(634368K), 0.0015879 secs] [Times: user=0.01 sys=0.00, real=0.00 secs] 
1166.000: [GC (Allocation Failure) [PSYoungGen: 57325K->1517K(57856K)] 371096K->315288K(634368K), 0.0015637 secs] [Times: user=0.01 sys=0.00, real=0.00 secs] 
1166.325: [GC (Allocation Failure) [PSYoungGen: 57325K->1565K(57856K)] 371096K->315352K(634368K), 0.0015704 secs] [Times: user=0.01 sys=0.00, real=0.00 secs] 
1166.653: [GC (Allocation Failure) [PSYoungGen: 57373K->1565K(57856K)] 371160K->315352K(634368K), 0.0016637 secs] [Times: user=0.01 sys=0.00, real=0.00 secs] 
1168.063: [GC (Allocation Failure) [PSYoungGen: 57373K->1456K(57856K)] 371160K->315243K(634368K), 0.0038235 secs] [Times: user=0.02 sys=0.00, real=0.01 secs] 
1168.573: [GC (Allocation Failure) [PSYoungGen: 57264K->1344K(57856K)] 371051K->315131K(634368K), 0.0022896 secs] [Times: user=0.01 sys=0.00, real=0.01 secs] 
1169.041: [GC (Allocation Failure) [PSYoungGen: 57152K->1408K(57856K)] 370939K->315195K(634368K), 0.0019827 secs] [Times: user=0.01 sys=0.00, real=0.00 secs] 
1169.521: [GC (Allocation Failure) [PSYoungGen: 57216K->1376K(57856K)] 371003K->315163K(634368K), 0.0022695 secs] [Times: user=0.01 sys=0.00, real=0.00 secs] 
1169.755: [GC (Allocation Failure) [PSYoungGen: 57184K->1344K(57856K)] 370971K->315131K(634368K), 0.0020078 secs] [Times: user=0.01 sys=0.00, real=0.00 secs] 
1170.064: [GC (Allocation Failure) [PSYoungGen: 57152K->1501K(57856K)] 370939K->315288K(634368K), 0.0014881 secs] [Times: user=0.00 sys=0.01, real=0.01 secs] 
1170.387: [GC (Allocation Failure) [PSYoungGen: 57309K->1533K(57856K)] 371096K->315344K(634368K), 0.0014530 secs] [Times: user=0.01 sys=0.00, real=0.00 secs] 
1170.712: [GC (Allocation Failure) [PSYoungGen: 57341K->1565K(57856K)] 371152K->315376K(634368K), 0.0015222 secs] [Times: user=0.01 sys=0.00, real=0.00 secs] 
1171.039: [GC (Allocation Failure) [PSYoungGen: 57373K->1565K(57856K)] 371184K->315376K(634368K), 0.0017129 secs] [Times: user=0.00 sys=0.00, real=0.00 secs] 
1171.773: [GC (Allocation Failure) [PSYoungGen: 57373K->1952K(57856K)] 371184K->315763K(634368K), 0.0024107 secs] [Times: user=0.01 sys=0.00, real=0.01 secs] 
1172.405: [GC (Allocation Failure) [PSYoungGen: 57760K->1376K(57856K)] 371571K->315187K(634368K), 0.0028948 secs] [Times: user=0.01 sys=0.00, real=0.00 secs] 
1173.094: [GC (Allocation Failure) [PSYoungGen: 57184K->1376K(57856K)] 370995K->315187K(634368K), 0.0027905 secs] [Times: user=0.01 sys=0.00, real=0.01 secs] 
1173.892: [GC (Allocation Failure) [PSYoungGen: 57184K->1344K(57856K)] 370995K->315155K(634368K), 0.0034157 secs] [Times: user=0.01 sys=0.00, real=0.01 secs] 
1174.596: [GC (Allocation Failure) [PSYoungGen: 57152K->1376K(57856K)] 370963K->315187K(634368K), 0.0028075 secs] [Times: user=0.01 sys=0.00, real=0.00 secs] 
1175.180: [GC (Allocation Failure) [PSYoungGen: 57184K->1469K(57856K)] 370995K->315280K(634368K), 0.0022329 secs] [Times: user=0.01 sys=0.01, real=0.00 secs] 
1175.635: [GC (Allocation Failure) [PSYoungGen: 57277K->1517K(57856K)] 371088K->315344K(634368K), 0.0015700 secs] [Times: user=0.01 sys=0.00, real=0.00 secs] 
1175.970: [GC (Allocation Failure) [PSYoungGen: 57325K->1549K(57856K)] 371152K->315376K(634368K), 0.0015809 secs] [Times: user=0.00 sys=0.00, real=0.00 secs] 
1176.296: [GC (Allocation Failure) [PSYoungGen: 57357K->1520K(57856K)] 371184K->315347K(634368K), 0.0015567 secs] [Times: user=0.01 sys=0.00, real=0.00 secs] 
1176.621: [GC (Allocation Failure) [PSYoungGen: 57328K->1501K(57856K)] 371155K->315328K(634368K), 0.0018357 secs] [Times: user=0.01 sys=0.00, real=0.00 secs] 
1177.390: [GC (Allocation Failure) [PSYoungGen: 57309K->1408K(57856K)] 371136K->315243K(634368K), 0.0040624 secs] [Times: user=0.01 sys=0.00, real=0.00 secs] 
1177.950: [GC (Allocation Failure) [PSYoungGen: 57216K->1376K(57856K)] 371051K->315211K(634368K), 0.0031403 secs] [Times: user=0.01 sys=0.00, real=0.00 secs] 
1178.365: [GC (Allocation Failure) [PSYoungGen: 57184K->1376K(57856K)] 371019K->315211K(634368K), 0.0018739 secs] [Times: user=0.01 sys=0.00, real=0.00 secs] 
1178.662: [GC (Allocation Failure) [PSYoungGen: 57184K->1408K(57856K)] 371019K->315251K(634368K), 0.0019843 secs] [Times: user=0.00 sys=0.00, real=0.00 secs] 
1178.893: [GC (Allocation Failure) [PSYoungGen: 57216K->1408K(57856K)] 371059K->315251K(634368K), 0.0019505 secs] [Times: user=0.01 sys=0.00, real=0.01 secs] 
1179.214: [GC (Allocation Failure) [PSYoungGen: 57216K->1469K(57856K)] 371059K->315328K(634368K), 0.0014974 secs] [Times: user=0.00 sys=0.00, real=0.01 secs] 
1179.537: [GC (Allocation Failure) [PSYoungGen: 57277K->1533K(57856K)] 371136K->315392K(634368K), 0.0015337 secs] [Times: user=0.00 sys=0.00, real=0.00 secs] 
1179.864: [GC (Allocation Failure) [PSYoungGen: 57341K->1533K(57856K)] 371200K->315392K(634368K), 0.0015286 secs] [Times: user=0.00 sys=0.00, real=0.01 secs] 
1180.190: [GC (Allocation Failure) [PSYoungGen: 57341K->1613K(57856K)] 371200K->315472K(634368K), 0.0015198 secs] [Times: user=0.01 sys=0.00, real=0.00 secs] 
1180.636: [GC (Allocation Failure) [PSYoungGen: 57421K->1472K(57856K)] 371280K->315331K(634368K), 0.0022894 secs] [Times: user=0.00 sys=0.00, real=0.00 secs] 
1181.159: [GC (Allocation Failure) [PSYoungGen: 57280K->1376K(57856K)] 371139K->315235K(634368K), 0.0022043 secs] [Times: user=0.01 sys=0.00, real=0.00 secs] 
1181.640: [GC (Allocation Failure) [PSYoungGen: 57184K->1376K(57856K)] 371043K->315235K(634368K), 0.0022233 secs] [Times: user=0.01 sys=0.00, real=0.00 secs] 
1181.898: [GC (Allocation Failure) [PSYoungGen: 57184K->1392K(57856K)] 371043K->315251K(634368K), 0.0020353 secs] [Times: user=0.01 sys=0.00, real=0.00 secs] 
1182.157: [GC (Allocation Failure) [PSYoungGen: 57200K->1376K(57856K)] 371059K->315235K(634368K), 0.0018819 secs] [Times: user=0.01 sys=0.00, real=0.00 secs] 
1182.446: [GC (Allocation Failure) [PSYoungGen: 57184K->1469K(57856K)] 371043K->315328K(634368K), 0.0014357 secs] [Times: user=0.01 sys=0.00, real=0.00 secs] 
1182.770: [GC (Allocation Failure) [PSYoungGen: 57277K->1565K(57856K)] 371136K->315448K(634368K), 0.0015306 secs] [Times: user=0.00 sys=0.01, real=0.00 secs] 
1183.095: [GC (Allocation Failure) [PSYoungGen: 57373K->1533K(57856K)] 371256K->315416K(634368K), 0.0015207 secs] [Times: user=0.00 sys=0.00, real=0.01 secs] 
1183.419: [GC (Allocation Failure) [PSYoungGen: 57341K->1533K(57856K)] 371224K->315416K(634368K), 0.0015232 secs] [Times: user=0.01 sys=0.00, real=0.00 secs] 
1183.806: [GC (Allocation Failure) [PSYoungGen: 57341K->1533K(57856K)] 371224K->315416K(634368K), 0.0015580 secs] [Times: user=0.01 sys=0.00, real=0.00 secs] 
1184.080: [GC (Allocation Failure) [PSYoungGen: 57341K->1408K(57856K)] 371224K->315291K(634368K), 0.0020373 secs] [Times: user=0.00 sys=0.00, real=0.00 secs] 
1184.312: [GC (Allocation Failure) [PSYoungGen: 57216K->1376K(57856K)] 371099K->315259K(634368K), 0.0019888 secs] [Times: user=0.01 sys=0.00, real=0.00 secs] 
1184.544: [GC (Allocation Failure) [PSYoungGen: 57184K->1408K(57856K)] 371067K->315291K(634368K), 0.0019509 secs] [Times: user=0.01 sys=0.01, real=0.01 secs] 
1184.788: [GC (Allocation Failure) [PSYoungGen: 57216K->1376K(57856K)] 371099K->315259K(634368K), 0.0020421 secs] [Times: user=0.00 sys=0.00, real=0.00 secs] 
1185.096: [GC (Allocation Failure) [PSYoungGen: 57184K->1376K(57856K)] 371067K->315259K(634368K), 0.0020697 secs] [Times: user=0.00 sys=0.00, real=0.00 secs] 
1185.461: [GC (Allocation Failure) [PSYoungGen: 57184K->1485K(57856K)] 371067K->315384K(634368K), 0.0015035 secs] [Times: user=0.01 sys=0.00, real=0.00 secs] 
1185.785: [GC (Allocation Failure) [PSYoungGen: 57293K->1501K(57856K)] 371192K->315400K(634368K), 0.0015697 secs] [Times: user=0.01 sys=0.00, real=0.00 secs] 
1186.183: [GC (Allocation Failure) [PSYoungGen: 57309K->1533K(57856K)] 371208K->315432K(634368K), 0.0015531 secs] [Times: user=0.01 sys=0.00, real=0.00 secs] 
1186.511: [GC (Allocation Failure) [PSYoungGen: 57341K->1517K(57856K)] 371240K->315416K(634368K), 0.0015634 secs] [Times: user=0.01 sys=0.00, real=0.00 secs] 
1186.843: [GC (Allocation Failure) [PSYoungGen: 57325K->1440K(57856K)] 371224K->315347K(634368K), 0.0021277 secs] [Times: user=0.01 sys=0.00, real=0.01 secs] 
1187.120: [GC (Allocation Failure) [PSYoungGen: 57248K->1376K(57856K)] 371155K->315283K(634368K), 0.0043855 secs] [Times: user=0.02 sys=0.00, real=0.00 secs] 
1187.415: [GC (Allocation Failure) [PSYoungGen: 57184K->1408K(57856K)] 371091K->315315K(634368K), 0.0020496 secs] [Times: user=0.01 sys=0.00, real=0.00 secs] 
1187.698: [GC (Allocation Failure) [PSYoungGen: 57216K->1376K(57856K)] 371123K->315283K(634368K), 0.0019573 secs] [Times: user=0.00 sys=0.00, real=0.00 secs] 
1187.934: [GC (Allocation Failure) [PSYoungGen: 57184K->1456K(57856K)] 371091K->315363K(634368K), 0.0020062 secs] [Times: user=0.01 sys=0.00, real=0.01 secs] 
1188.275: [GC (Allocation Failure) [PSYoungGen: 57264K->1517K(57856K)] 371171K->315432K(634368K), 0.0014577 secs] [Times: user=0.00 sys=0.00, real=0.01 secs] 
1188.597: [GC (Allocation Failure) [PSYoungGen: 57325K->1520K(57856K)] 371240K->315451K(634368K), 0.0015277 secs] [Times: user=0.01 sys=0.00, real=0.00 secs] 
1188.923: [GC (Allocation Failure) [PSYoungGen: 57328K->1501K(57856K)] 371259K->315432K(634368K), 0.0015766 secs] [Times: user=0.00 sys=0.00, real=0.01 secs] 
1189.313: [GC (Allocation Failure) [PSYoungGen: 57309K->1584K(57856K)] 371240K->315515K(634368K), 0.0017942 secs] [Times: user=0.01 sys=0.00, real=0.01 secs] 
1189.665: [GC (Allocation Failure) [PSYoungGen: 57392K->2000K(57856K)] 371323K->315931K(634368K), 0.0019533 secs] [Times: user=0.01 sys=0.00, real=0.00 secs] 
1190.170: [GC (Allocation Failure) [PSYoungGen: 57808K->1376K(57856K)] 371739K->315307K(634368K), 0.0020385 secs] [Times: user=0.01 sys=0.00, real=0.00 secs] 
1190.618: [GC (Allocation Failure) [PSYoungGen: 57184K->1408K(57856K)] 371115K->315339K(634368K), 0.0021392 secs] [Times: user=0.01 sys=0.00, real=0.00 secs] 
1190.999: [GC (Allocation Failure) [PSYoungGen: 57216K->1424K(57856K)] 371147K->315355K(634368K), 0.0020670 secs] [Times: user=0.01 sys=0.00, real=0.00 secs] 
1191.460: [GC (Allocation Failure) [PSYoungGen: 57232K->1408K(57856K)] 371163K->315339K(634368K), 0.0019479 secs] [Times: user=0.01 sys=0.00, real=0.00 secs] 
1191.935: [GC (Allocation Failure) [PSYoungGen: 57216K->1501K(57856K)] 371147K->315432K(634368K), 0.0021876 secs] [Times: user=0.01 sys=0.00, real=0.00 secs] 
1192.302: [GC (Allocation Failure) [PSYoungGen: 57309K->1533K(57856K)] 371240K->315488K(634368K), 0.0016753 secs] [Times: user=0.00 sys=0.00, real=0.00 secs] 
1192.630: [GC (Allocation Failure) [PSYoungGen: 57341K->1565K(57856K)] 371296K->315520K(634368K), 0.0015241 secs] [Times: user=0.01 sys=0.00, real=0.00 secs] 
1192.956: [GC (Allocation Failure) [PSYoungGen: 57373K->1565K(57856K)] 371328K->315520K(634368K), 0.0016839 secs] [Times: user=0.00 sys=0.00, real=0.00 secs] 
1193.282: [GC (Allocation Failure) [PSYoungGen: 57373K->1597K(57856K)] 371328K->315552K(634368K), 0.0015349 secs] [Times: user=0.01 sys=0.00, real=0.00 secs] 
1193.832: [GC (Allocation Failure) [PSYoungGen: 57405K->1456K(57856K)] 371360K->315411K(634368K), 0.0018326 secs] [Times: user=0.01 sys=0.00, real=0.00 secs] 
1194.122: [GC (Allocation Failure) [PSYoungGen: 57264K->1392K(57856K)] 371219K->315355K(634368K), 0.0017929 secs] [Times: user=0.01 sys=0.00, real=0.00 secs] 
1194.354: [GC (Allocation Failure) [PSYoungGen: 57200K->1408K(57856K)] 371163K->315371K(634368K), 0.0019891 secs] [Times: user=0.01 sys=0.00, real=0.01 secs] 
1194.692: [GC (Allocation Failure) [PSYoungGen: 57216K->1376K(57856K)] 371179K->315339K(634368K), 0.0020342 secs] [Times: user=0.01 sys=0.00, real=0.00 secs] 
1195.147: [GC (Allocation Failure) [PSYoungGen: 57184K->1376K(57856K)] 371147K->315339K(634368K), 0.0018709 secs] [Times: user=0.00 sys=0.00, real=0.00 secs] 
1195.592: [GC (Allocation Failure) [PSYoungGen: 57184K->1469K(57856K)] 371147K->315448K(634368K), 0.0014975 secs] [Times: user=0.01 sys=0.00, real=0.00 secs] 
1195.914: [GC (Allocation Failure) [PSYoungGen: 57277K->1533K(57856K)] 371256K->315512K(634368K), 0.0015023 secs] [Times: user=0.00 sys=0.00, real=0.01 secs] 
1196.245: [GC (Allocation Failure) [PSYoungGen: 57341K->1581K(57856K)] 371320K->315584K(634368K), 0.0015133 secs] [Times: user=0.01 sys=0.00, real=0.00 secs] 
1196.635: [GC (Allocation Failure) [PSYoungGen: 57382K->1533K(57856K)] 371385K->315536K(634368K), 0.0015999 secs] [Times: user=0.01 sys=0.00, real=0.00 secs] 
1197.103: [GC (Allocation Failure) [PSYoungGen: 57341K->1472K(57856K)] 371344K->315475K(634368K), 0.0023574 secs] [Times: user=0.01 sys=0.00, real=0.01 secs] 
1197.643: [GC (Allocation Failure) [PSYoungGen: 57280K->1376K(57856K)] 371283K->315379K(634368K), 0.0027299 secs] [Times: user=0.01 sys=0.00, real=0.01 secs] 
1198.001: [GC (Allocation Failure) [PSYoungGen: 57184K->1344K(57856K)] 371187K->315347K(634368K), 0.0020513 secs] [Times: user=0.01 sys=0.00, real=0.00 secs] 
1198.310: [GC (Allocation Failure) [PSYoungGen: 57152K->1376K(57856K)] 371155K->315379K(634368K), 0.0017659 secs] [Times: user=0.01 sys=0.00, real=0.00 secs] 
1198.653: [GC (Allocation Failure) [PSYoungGen: 57184K->1344K(57856K)] 371187K->315347K(634368K), 0.0020046 secs] [Times: user=0.01 sys=0.00, real=0.01 secs] 
1199.016: [GC (Allocation Failure) [PSYoungGen: 57152K->1472K(57856K)] 371155K->315475K(634368K), 0.0015101 secs] [Times: user=0.01 sys=0.00, real=0.00 secs] 
1199.340: [GC (Allocation Failure) [PSYoungGen: 57280K->1533K(57856K)] 371283K->315552K(634368K), 0.0015695 secs] [Times: user=0.00 sys=0.00, real=0.00 secs] 
1199.667: [GC (Allocation Failure) [PSYoungGen: 57341K->1581K(57856K)] 371360K->315600K(634368K), 0.0015376 secs] [Times: user=0.01 sys=0.00, real=0.00 secs] 
1199.992: [GC (Allocation Failure) [PSYoungGen: 57389K->1533K(57856K)] 371408K->315552K(634368K), 0.0016649 secs] [Times: user=0.01 sys=0.00, real=0.00 secs] 
1200.381: [GC (Allocation Failure) [PSYoungGen: 57341K->1549K(57856K)] 371360K->315568K(634368K), 0.0015675 secs] [Times: user=0.01 sys=0.00, real=0.00 secs] 
1201.812: [GC (Allocation Failure) [PSYoungGen: 57357K->1440K(57856K)] 371376K->315459K(634368K), 0.0039419 secs] [Times: user=0.01 sys=0.00, real=0.01 secs] 
1202.316: [GC (Allocation Failure) [PSYoungGen: 57248K->1408K(57856K)] 371267K->315427K(634368K), 0.0025297 secs] [Times: user=0.01 sys=0.00, real=0.00 secs] 
1202.791: [GC (Allocation Failure) [PSYoungGen: 57216K->1376K(57856K)] 371235K->315395K(634368K), 0.0022473 secs] [Times: user=0.01 sys=0.00, real=0.00 secs] 
1203.270: [GC (Allocation Failure) [PSYoungGen: 57184K->1408K(57856K)] 371203K->315427K(634368K), 0.0022476 secs] [Times: user=0.00 sys=0.00, real=0.00 secs] 
1203.742: [GC (Allocation Failure) [PSYoungGen: 57216K->1344K(57856K)] 371235K->315363K(634368K), 0.0020609 secs] [Times: user=0.01 sys=0.00, real=0.00 secs] 
1204.226: [GC (Allocation Failure) [PSYoungGen: 57152K->1517K(57856K)] 371171K->315552K(634368K), 0.0015069 secs] [Times: user=0.00 sys=0.00, real=0.00 secs] 
1204.548: [GC (Allocation Failure) [PSYoungGen: 57325K->1549K(57856K)] 371360K->315584K(634368K), 0.0015823 secs] [Times: user=0.01 sys=0.00, real=0.00 secs] 
1204.873: [GC (Allocation Failure) [PSYoungGen: 57357K->1565K(57856K)] 371392K->315600K(634368K), 0.0015252 secs] [Times: user=0.00 sys=0.00, real=0.01 secs] 
1205.201: [GC (Allocation Failure) [PSYoungGen: 57373K->1565K(57856K)] 371408K->315600K(634368K), 0.0015295 secs] [Times: user=0.00 sys=0.00, real=0.00 secs] 
1205.525: [GC (Allocation Failure) [PSYoungGen: 57373K->1440K(57856K)] 371408K->315475K(634368K), 0.0017038 secs] [Times: user=0.01 sys=0.00, real=0.00 secs] 
1205.885: [GC (Allocation Failure) [PSYoungGen: 57248K->1344K(57856K)] 371283K->315379K(634368K), 0.0020140 secs] [Times: user=0.01 sys=0.00, real=0.00 secs] 
1206.325: [GC (Allocation Failure) [PSYoungGen: 57152K->1376K(57856K)] 371187K->315411K(634368K), 0.0021935 secs] [Times: user=0.01 sys=0.00, real=0.01 secs] 
1206.763: [GC (Allocation Failure) [PSYoungGen: 57184K->1376K(57856K)] 371219K->315411K(634368K), 0.0021055 secs] [Times: user=0.01 sys=0.00, real=0.01 secs] 
1207.196: [GC (Allocation Failure) [PSYoungGen: 57184K->1376K(57856K)] 371219K->315411K(634368K), 0.0021431 secs] [Times: user=0.01 sys=0.00, real=0.00 secs] 
1207.740: [GC (Allocation Failure) [PSYoungGen: 57184K->1501K(57856K)] 371219K->315536K(634368K), 0.0014773 secs] [Times: user=0.01 sys=0.00, real=0.00 secs] 
1208.063: [GC (Allocation Failure) [PSYoungGen: 57309K->1536K(57856K)] 371344K->315595K(634368K), 0.0015287 secs] [Times: user=0.00 sys=0.00, real=0.00 secs] 
1208.387: [GC (Allocation Failure) [PSYoungGen: 57344K->1565K(57856K)] 371403K->315624K(634368K), 0.0015188 secs] [Times: user=0.01 sys=0.00, real=0.00 secs] 
1208.714: [GC (Allocation Failure) [PSYoungGen: 57373K->1501K(57856K)] 371432K->315560K(634368K), 0.0015233 secs] [Times: user=0.01 sys=0.00, real=0.01 secs] 
1209.056: [GC (Allocation Failure) [PSYoungGen: 57309K->2016K(57856K)] 371368K->316075K(634368K), 0.0019334 secs] [Times: user=0.01 sys=0.00, real=0.00 secs] 
1209.300: [GC (Allocation Failure) [PSYoungGen: 57824K->1376K(57856K)] 371883K->315435K(634368K), 0.0017160 secs] [Times: user=0.01 sys=0.00, real=0.00 secs] 
1209.542: [GC (Allocation Failure) [PSYoungGen: 57184K->1376K(57856K)] 371243K->315435K(634368K), 0.0018870 secs] [Times: user=0.01 sys=0.00, real=0.00 secs] 
1209.809: [GC (Allocation Failure) [PSYoungGen: 57184K->1376K(57856K)] 371243K->315435K(634368K), 0.0017351 secs] [Times: user=0.01 sys=0.00, real=0.00 secs] 
1210.041: [GC (Allocation Failure) [PSYoungGen: 57184K->1376K(57856K)] 371243K->315435K(634368K), 0.0017135 secs] [Times: user=0.01 sys=0.00, real=0.00 secs] 
1210.303: [GC (Allocation Failure) [PSYoungGen: 57184K->1437K(57856K)] 371243K->315496K(634368K), 0.0013956 secs] [Times: user=0.01 sys=0.01, real=0.00 secs] 
1210.628: [GC (Allocation Failure) [PSYoungGen: 57245K->1536K(57856K)] 371304K->315611K(634368K), 0.0015534 secs] [Times: user=0.01 sys=0.00, real=0.00 secs] 
1210.951: [GC (Allocation Failure) [PSYoungGen: 57344K->1533K(57856K)] 371419K->315608K(634368K), 0.0015467 secs] [Times: user=0.01 sys=0.00, real=0.00 secs] 
1211.279: [GC (Allocation Failure) [PSYoungGen: 57341K->1533K(57856K)] 371416K->315608K(634368K), 0.0014977 secs] [Times: user=0.00 sys=0.00, real=0.00 secs] 
1211.606: [GC (Allocation Failure) [PSYoungGen: 57339K->1533K(57856K)] 371414K->315608K(634368K), 0.0015072 secs] [Times: user=0.00 sys=0.00, real=0.00 secs] 
1212.092: [GC (Allocation Failure) [PSYoungGen: 57341K->1440K(57856K)] 371416K->315515K(634368K), 0.0023465 secs] [Times: user=0.01 sys=0.00, real=0.00 secs] 
1212.557: [GC (Allocation Failure) [PSYoungGen: 57248K->1408K(57856K)] 371323K->315491K(634368K), 0.0020840 secs] [Times: user=0.01 sys=0.00, real=0.00 secs] 
1212.982: [GC (Allocation Failure) [PSYoungGen: 57216K->1376K(57856K)] 371299K->315459K(634368K), 0.0020291 secs] [Times: user=0.01 sys=0.00, real=0.00 secs] 
1213.449: [GC (Allocation Failure) [PSYoungGen: 57184K->1408K(57856K)] 371267K->315491K(634368K), 0.0022771 secs] [Times: user=0.01 sys=0.00, real=0.00 secs] 
1213.884: [GC (Allocation Failure) [PSYoungGen: 57216K->1376K(57856K)] 371299K->315459K(634368K), 0.0022083 secs] [Times: user=0.01 sys=0.00, real=0.01 secs] 
1214.299: [GC (Allocation Failure) [PSYoungGen: 57184K->1533K(57856K)] 371267K->315632K(634368K), 0.0015346 secs] [Times: user=0.01 sys=0.00, real=0.00 secs] 
1214.621: [GC (Allocation Failure) [PSYoungGen: 57341K->1536K(57856K)] 371440K->315643K(634368K), 0.0015371 secs] [Times: user=0.01 sys=0.00, real=0.00 secs] 
1214.947: [GC (Allocation Failure) [PSYoungGen: 57344K->1565K(57856K)] 371451K->315672K(634368K), 0.0015341 secs] [Times: user=0.01 sys=0.00, real=0.00 secs] 
1215.273: [GC (Allocation Failure) [PSYoungGen: 57370K->1533K(57856K)] 371477K->315640K(634368K), 0.0015408 secs] [Times: user=0.01 sys=0.01, real=0.01 secs] 
1215.639: [GC (Allocation Failure) [PSYoungGen: 57341K->1472K(57856K)] 371448K->315579K(634368K), 0.0020042 secs] [Times: user=0.01 sys=0.00, real=0.00 secs] 
1216.294: [GC (Allocation Failure) [PSYoungGen: 57280K->1376K(57856K)] 371387K->315483K(634368K), 0.0021595 secs] [Times: user=0.01 sys=0.00, real=0.01 secs] 
1216.984: [GC (Allocation Failure) [PSYoungGen: 57184K->1408K(57856K)] 371291K->315523K(634368K), 0.0020591 secs] [Times: user=0.01 sys=0.00, real=0.01 secs] 
1217.733: [GC (Allocation Failure) [PSYoungGen: 57216K->1344K(57856K)] 371331K->315459K(634368K), 0.0026514 secs] [Times: user=0.01 sys=0.00, real=0.01 secs] 
1218.372: [GC (Allocation Failure) [PSYoungGen: 57152K->1376K(57856K)] 371267K->315491K(634368K), 0.0026860 secs] [Times: user=0.01 sys=0.00, real=0.01 secs] 
1218.995: [GC (Allocation Failure) [PSYoungGen: 57184K->1469K(57856K)] 371299K->315584K(634368K), 0.0018554 secs] [Times: user=0.01 sys=0.00, real=0.01 secs] 
1219.322: [GC (Allocation Failure) [PSYoungGen: 57277K->1613K(57856K)] 371392K->315736K(634368K), 0.0015975 secs] [Times: user=0.01 sys=0.00, real=0.00 secs] 
1219.648: [GC (Allocation Failure) [PSYoungGen: 57421K->1552K(57856K)] 371544K->315675K(634368K), 0.0015114 secs] [Times: user=0.01 sys=0.00, real=0.00 secs] 
1220.035: [GC (Allocation Failure) [PSYoungGen: 57360K->1549K(57856K)] 371483K->315672K(634368K), 0.0015652 secs] [Times: user=0.01 sys=0.00, real=0.00 secs] 
1220.363: [GC (Allocation Failure) [PSYoungGen: 57357K->1581K(57856K)] 371480K->315704K(634368K), 0.0016056 secs] [Times: user=0.00 sys=0.00, real=0.00 secs] 
1220.672: [GC (Allocation Failure) [PSYoungGen: 57389K->1424K(57856K)] 371512K->315547K(634368K), 0.0022587 secs] [Times: user=0.01 sys=0.00, real=0.00 secs] 
1221.315: [GC (Allocation Failure) [PSYoungGen: 57232K->1376K(57856K)] 371355K->315499K(634368K), 0.0020616 secs] [Times: user=0.01 sys=0.00, real=0.00 secs] 
1221.941: [GC (Allocation Failure) [PSYoungGen: 57184K->1376K(57856K)] 371307K->315499K(634368K), 0.0020753 secs] [Times: user=0.01 sys=0.00, real=0.00 secs] 
1222.616: [GC (Allocation Failure) [PSYoungGen: 57184K->1408K(57856K)] 371307K->315531K(634368K), 0.0023856 secs] [Times: user=0.01 sys=0.00, real=0.00 secs] 
1223.302: [GC (Allocation Failure) [PSYoungGen: 57216K->1344K(57856K)] 371339K->315467K(634368K), 0.0022893 secs] [Times: user=0.01 sys=0.00, real=0.00 secs] 
1223.787: [GC (Allocation Failure) [PSYoungGen: 57152K->1501K(57856K)] 371275K->315648K(634368K), 0.0015663 secs] [Times: user=0.01 sys=0.00, real=0.00 secs] 
1224.171: [GC (Allocation Failure) [PSYoungGen: 57309K->1501K(57856K)] 371456K->315648K(634368K), 0.0015831 secs] [Times: user=0.00 sys=0.00, real=0.00 secs] 
1224.495: [GC (Allocation Failure) [PSYoungGen: 57309K->1565K(57856K)] 371456K->315712K(634368K), 0.0015887 secs] [Times: user=0.00 sys=0.00, real=0.00 secs] 
1224.885: [GC (Allocation Failure) [PSYoungGen: 57373K->1533K(57856K)] 371520K->315680K(634368K), 0.0015835 secs] [Times: user=0.01 sys=0.00, real=0.00 secs] 
1225.174: [GC (Allocation Failure) [PSYoungGen: 57341K->1472K(57856K)] 371488K->315619K(634368K), 0.0022600 secs] [Times: user=0.01 sys=0.00, real=0.01 secs] 
1225.506: [GC (Allocation Failure) [PSYoungGen: 57280K->1344K(57856K)] 371427K->315491K(634368K), 0.0020347 secs] [Times: user=0.00 sys=0.00, real=0.00 secs] 
1226.140: [GC (Allocation Failure) [PSYoungGen: 57152K->1408K(57856K)] 371299K->315555K(634368K), 0.0019829 secs] [Times: user=0.00 sys=0.00, real=0.00 secs] 
1226.729: [GC (Allocation Failure) [PSYoungGen: 57216K->1360K(57856K)] 371363K->315507K(634368K), 0.0020511 secs] [Times: user=0.01 sys=0.00, real=0.00 secs] 
1227.356: [GC (Allocation Failure) [PSYoungGen: 57168K->1376K(57856K)] 371315K->315523K(634368K), 0.0022581 secs] [Times: user=0.01 sys=0.00, real=0.00 secs] 
1227.895: [GC (Allocation Failure) [PSYoungGen: 57184K->1501K(57856K)] 371331K->315648K(634368K), 0.0014580 secs] [Times: user=0.01 sys=0.00, real=0.00 secs] 
1228.216: [GC (Allocation Failure) [PSYoungGen: 57309K->1565K(57856K)] 371456K->315744K(634368K), 0.0015391 secs] [Times: user=0.01 sys=0.00, real=0.00 secs] 
1228.544: [GC (Allocation Failure) [PSYoungGen: 57373K->1501K(57856K)] 371552K->315680K(634368K), 0.0017107 secs] [Times: user=0.00 sys=0.00, real=0.01 secs] 
1228.869: [GC (Allocation Failure) [PSYoungGen: 57309K->1517K(57856K)] 371488K->315696K(634368K), 0.0015324 secs] [Times: user=0.00 sys=0.00, real=0.00 secs] 
1229.493: [GC (Allocation Failure) [PSYoungGen: 57325K->1760K(57856K)] 371504K->315939K(634368K), 0.0020267 secs] [Times: user=0.00 sys=0.00, real=0.01 secs] 
1230.620: [GC (Allocation Failure) [PSYoungGen: 57568K->1344K(57856K)] 371747K->315523K(634368K), 0.0020792 secs] [Times: user=0.01 sys=0.00, real=0.00 secs] 
1231.115: [GC (Allocation Failure) [PSYoungGen: 57152K->1360K(57856K)] 371331K->315539K(634368K), 0.0030919 secs] [Times: user=0.01 sys=0.00, real=0.00 secs] 
1231.573: [GC (Allocation Failure) [PSYoungGen: 57168K->1376K(57856K)] 371347K->315555K(634368K), 0.0031684 secs] [Times: user=0.01 sys=0.00, real=0.01 secs] 
1232.049: [GC (Allocation Failure) [PSYoungGen: 57184K->1392K(57856K)] 371363K->315571K(634368K), 0.0023209 secs] [Times: user=0.01 sys=0.00, real=0.00 secs] 
1232.517: [GC (Allocation Failure) [PSYoungGen: 57200K->1469K(57856K)] 371379K->315648K(634368K), 0.0020524 secs] [Times: user=0.01 sys=0.00, real=0.00 secs] 
1232.855: [GC (Allocation Failure) [PSYoungGen: 57277K->1616K(57856K)] 371456K->315811K(634368K), 0.0014809 secs] [Times: user=0.01 sys=0.00, real=0.00 secs] 
1233.179: [GC (Allocation Failure) [PSYoungGen: 57424K->1517K(57856K)] 371619K->315712K(634368K), 0.0015392 secs] [Times: user=0.01 sys=0.00, real=0.00 secs] 
1233.506: [GC (Allocation Failure) [PSYoungGen: 57325K->1581K(57856K)] 371520K->315776K(634368K), 0.0016760 secs] [Times: user=0.00 sys=0.00, real=0.00 secs] 
1233.894: [GC (Allocation Failure) [PSYoungGen: 57373K->1549K(57856K)] 371569K->315744K(634368K), 0.0015814 secs] [Times: user=0.01 sys=0.00, real=0.01 secs] 
1234.414: [GC (Allocation Failure) [PSYoungGen: 57357K->1408K(57856K)] 371552K->315603K(634368K), 0.0023363 secs] [Times: user=0.01 sys=0.01, real=0.01 secs] 
1234.888: [GC (Allocation Failure) [PSYoungGen: 57216K->1376K(57856K)] 371411K->315571K(634368K), 0.0024778 secs] [Times: user=0.01 sys=0.00, real=0.00 secs] 
1235.354: [GC (Allocation Failure) [PSYoungGen: 57184K->1408K(57856K)] 371379K->315603K(634368K), 0.0018912 secs] [Times: user=0.01 sys=0.00, real=0.01 secs] 
1235.816: [GC (Allocation Failure) [PSYoungGen: 57216K->1344K(57856K)] 371411K->315539K(634368K), 0.0019716 secs] [Times: user=0.01 sys=0.00, real=0.00 secs] 
1236.485: [GC (Allocation Failure) [PSYoungGen: 57152K->1360K(57856K)] 371347K->315555K(634368K), 0.0029012 secs] [Times: user=0.01 sys=0.00, real=0.00 secs] 
1236.913: [GC (Allocation Failure) [PSYoungGen: 57168K->1504K(57856K)] 371363K->315715K(634368K), 0.0015812 secs] [Times: user=0.01 sys=0.00, real=0.00 secs] 
1237.240: [GC (Allocation Failure) [PSYoungGen: 57312K->1565K(57856K)] 371523K->315808K(634368K), 0.0015187 secs] [Times: user=0.01 sys=0.00, real=0.00 secs] 
1237.572: [GC (Allocation Failure) [PSYoungGen: 57373K->1552K(57856K)] 371616K->315795K(634368K), 0.0015376 secs] [Times: user=0.00 sys=0.00, real=0.00 secs] 
1237.900: [GC (Allocation Failure) [PSYoungGen: 57360K->1536K(57856K)] 371603K->315779K(634368K), 0.0015417 secs] [Times: user=0.01 sys=0.00, real=0.00 secs] 
1238.326: [GC (Allocation Failure) [PSYoungGen: 57344K->1472K(57856K)] 371587K->315715K(634368K), 0.0017984 secs] [Times: user=0.01 sys=0.00, real=0.00 secs] 
1238.567: [GC (Allocation Failure) [PSYoungGen: 57280K->1376K(57856K)] 371523K->315619K(634368K), 0.0017189 secs] [Times: user=0.01 sys=0.00, real=0.00 secs] 
1238.799: [GC (Allocation Failure) [PSYoungGen: 57184K->1344K(57856K)] 371427K->315587K(634368K), 0.0019272 secs] [Times: user=0.01 sys=0.00, real=0.00 secs] 
1239.080: [GC (Allocation Failure) [PSYoungGen: 57152K->1376K(57856K)] 371395K->315619K(634368K), 0.0019769 secs] [Times: user=0.01 sys=0.00, real=0.00 secs] 
1239.480: [GC (Allocation Failure) [PSYoungGen: 57184K->1376K(57856K)] 371427K->315619K(634368K), 0.0020812 secs] [Times: user=0.01 sys=0.00, real=0.00 secs] 
1239.883: [GC (Allocation Failure) [PSYoungGen: 57184K->1501K(57856K)] 371427K->315744K(634368K), 0.0014143 secs] [Times: user=0.00 sys=0.00, real=0.00 secs] 
1240.205: [GC (Allocation Failure) [PSYoungGen: 57309K->1549K(57856K)] 371552K->315808K(634368K), 0.0015503 secs] [Times: user=0.01 sys=0.00, real=0.00 secs] 
1240.532: [GC (Allocation Failure) [PSYoungGen: 57357K->1597K(57856K)] 371616K->315856K(634368K), 0.0014465 secs] [Times: user=0.00 sys=0.00, real=0.00 secs] 
1240.858: [GC (Allocation Failure) [PSYoungGen: 57405K->1600K(57856K)] 371664K->315859K(634368K), 0.0014842 secs] [Times: user=0.01 sys=0.00, real=0.00 secs] 
1241.183: [GC (Allocation Failure) [PSYoungGen: 57408K->1565K(57856K)] 371667K->315824K(634368K), 0.0015340 secs] [Times: user=0.00 sys=0.00, real=0.01 secs] 
1241.472: [GC (Allocation Failure) [PSYoungGen: 57373K->1440K(57856K)] 371632K->315699K(634368K), 0.0017950 secs] [Times: user=0.00 sys=0.00, real=0.00 secs] 
1241.739: [GC (Allocation Failure) [PSYoungGen: 57248K->1376K(57856K)] 371507K->315643K(634368K), 0.0017452 secs] [Times: user=0.01 sys=0.01, real=0.00 secs] 
1241.971: [GC (Allocation Failure) [PSYoungGen: 57184K->1344K(57856K)] 371451K->315611K(634368K), 0.0017439 secs] [Times: user=0.01 sys=0.00, real=0.00 secs] 
1242.203: [GC (Allocation Failure) [PSYoungGen: 57152K->1376K(57856K)] 371419K->315643K(634368K), 0.0019712 secs] [Times: user=0.01 sys=0.00, real=0.01 secs] 
1242.461: [GC (Allocation Failure) [PSYoungGen: 57184K->1344K(57856K)] 371451K->315611K(634368K), 0.0020626 secs] [Times: user=0.01 sys=0.00, real=0.00 secs] 
1242.854: [GC (Allocation Failure) [PSYoungGen: 57152K->1501K(57856K)] 371419K->315784K(634368K), 0.0015559 secs] [Times: user=0.01 sys=0.00, real=0.01 secs] 
1243.177: [GC (Allocation Failure) [PSYoungGen: 57309K->1533K(57856K)] 371592K->315816K(634368K), 0.0015210 secs] [Times: user=0.00 sys=0.00, real=0.00 secs] 
1243.502: [GC (Allocation Failure) [PSYoungGen: 57341K->1533K(57856K)] 371624K->315824K(634368K), 0.0015664 secs] [Times: user=0.01 sys=0.00, real=0.00 secs] 
1243.831: [GC (Allocation Failure) [PSYoungGen: 57341K->1501K(57856K)] 371632K->315792K(634368K), 0.0015521 secs] [Times: user=0.01 sys=0.00, real=0.00 secs] 
1244.451: [GC (Allocation Failure) [PSYoungGen: 57309K->1472K(57856K)] 371600K->315763K(634368K), 0.0021161 secs] [Times: user=0.01 sys=0.00, real=0.00 secs] 
1244.919: [GC (Allocation Failure) [PSYoungGen: 57280K->1440K(57856K)] 371571K->315731K(634368K), 0.0021596 secs] [Times: user=0.01 sys=0.00, real=0.00 secs] 
1245.395: [GC (Allocation Failure) [PSYoungGen: 57248K->1360K(57856K)] 371539K->315651K(634368K), 0.0026508 secs] [Times: user=0.01 sys=0.00, real=0.00 secs] 
1245.774: [GC (Allocation Failure) [PSYoungGen: 57168K->1344K(57856K)] 371459K->315651K(634368K), 0.0023105 secs] [Times: user=0.01 sys=0.00, real=0.01 secs] 
1246.136: [GC (Allocation Failure) [PSYoungGen: 57152K->1376K(57856K)] 371459K->315683K(634368K), 0.0040683 secs] [Times: user=0.01 sys=0.00, real=0.00 secs] 
1246.624: [GC (Allocation Failure) [PSYoungGen: 57184K->1469K(57856K)] 371491K->315776K(634368K), 0.0015068 secs] [Times: user=0.01 sys=0.00, real=0.01 secs] 
1247.021: [GC (Allocation Failure) [PSYoungGen: 57277K->1533K(57856K)] 371584K->315856K(634368K), 0.0015766 secs] [Times: user=0.00 sys=0.00, real=0.00 secs] 
1247.347: [GC (Allocation Failure) [PSYoungGen: 57341K->1581K(57856K)] 371664K->315904K(634368K), 0.0017952 secs] [Times: user=0.00 sys=0.00, real=0.00 secs] 
1247.684: [GC (Allocation Failure) [PSYoungGen: 57389K->1501K(57856K)] 371712K->315824K(634368K), 0.0017428 secs] [Times: user=0.00 sys=0.00, real=0.01 secs] 
1248.138: [GC (Allocation Failure) [PSYoungGen: 57309K->1728K(57856K)] 371632K->316051K(634368K), 0.0018900 secs] [Times: user=0.00 sys=0.01, real=0.00 secs] 
1248.778: [GC (Allocation Failure) [PSYoungGen: 57536K->1376K(57856K)] 371859K->315699K(634368K), 0.0038304 secs] [Times: user=0.02 sys=0.00, real=0.00 secs] 
1249.256: [GC (Allocation Failure) [PSYoungGen: 57184K->1392K(57856K)] 371507K->315715K(634368K), 0.0031670 secs] [Times: user=0.01 sys=0.00, real=0.00 secs] 
1249.511: [GC (Allocation Failure) [PSYoungGen: 57200K->1376K(57856K)] 371523K->315699K(634368K), 0.0019433 secs] [Times: user=0.01 sys=0.00, real=0.00 secs] 
1249.742: [GC (Allocation Failure) [PSYoungGen: 57184K->1376K(57856K)] 371507K->315699K(634368K), 0.0020792 secs] [Times: user=0.01 sys=0.00, real=0.00 secs] 
1250.081: [GC (Allocation Failure) [PSYoungGen: 57184K->1437K(57856K)] 371507K->315760K(634368K), 0.0018698 secs] [Times: user=0.00 sys=0.00, real=0.00 secs] 
1250.415: [GC (Allocation Failure) [PSYoungGen: 57245K->1565K(57856K)] 371568K->315904K(634368K), 0.0015150 secs] [Times: user=0.01 sys=0.00, real=0.00 secs] 
1250.739: [GC (Allocation Failure) [PSYoungGen: 57373K->1581K(57856K)] 371712K->315920K(634368K), 0.0015229 secs] [Times: user=0.00 sys=0.00, real=0.00 secs] 
1251.067: [GC (Allocation Failure) [PSYoungGen: 57389K->1549K(57856K)] 371728K->315888K(634368K), 0.0015140 secs] [Times: user=0.00 sys=0.00, real=0.00 secs] 
1251.454: [GC (Allocation Failure) [PSYoungGen: 57357K->1533K(57856K)] 371696K->315872K(634368K), 0.0015718 secs] [Times: user=0.00 sys=0.00, real=0.01 secs] 
1251.904: [GC (Allocation Failure) [PSYoungGen: 57341K->1440K(57856K)] 371680K->315779K(634368K), 0.0022184 secs] [Times: user=0.00 sys=0.00, real=0.01 secs] 
1252.406: [GC (Allocation Failure) [PSYoungGen: 57248K->1376K(57856K)] 371587K->315715K(634368K), 0.0020620 secs] [Times: user=0.01 sys=0.00, real=0.00 secs] 
1252.770: [GC (Allocation Failure) [PSYoungGen: 57184K->1408K(57856K)] 371523K->315747K(634368K), 0.0021133 secs] [Times: user=0.01 sys=0.01, real=0.00 secs] 
1253.002: [GC (Allocation Failure) [PSYoungGen: 57216K->1376K(57856K)] 371555K->315715K(634368K), 0.0018759 secs] [Times: user=0.01 sys=0.00, real=0.00 secs] 
1253.382: [GC (Allocation Failure) [PSYoungGen: 57184K->1344K(57856K)] 371523K->315683K(634368K), 0.0022232 secs] [Times: user=0.01 sys=0.00, real=0.01 secs] 
1253.833: [GC (Allocation Failure) [PSYoungGen: 57152K->1469K(57856K)] 371491K->315824K(634368K), 0.0014950 secs] [Times: user=0.01 sys=0.00, real=0.00 secs] 
1254.156: [GC (Allocation Failure) [PSYoungGen: 57277K->1533K(57856K)] 371632K->315888K(634368K), 0.0015320 secs] [Times: user=0.00 sys=0.00, real=0.00 secs] 
1254.481: [GC (Allocation Failure) [PSYoungGen: 57341K->1549K(57856K)] 371696K->315904K(634368K), 0.0015252 secs] [Times: user=0.01 sys=0.00, real=0.00 secs] 
1254.806: [GC (Allocation Failure) [PSYoungGen: 57357K->1613K(57856K)] 371712K->315968K(634368K), 0.0015028 secs] [Times: user=0.01 sys=0.00, real=0.00 secs] 
1256.334: [GC (Allocation Failure) [PSYoungGen: 57421K->1504K(57856K)] 371776K->315859K(634368K), 0.0028711 secs] [Times: user=0.01 sys=0.00, real=0.01 secs] 
1256.898: [GC (Allocation Failure) [PSYoungGen: 57312K->1376K(57856K)] 371667K->315731K(634368K), 0.0027853 secs] [Times: user=0.01 sys=0.00, real=0.00 secs] 
1257.205: [GC (Allocation Failure) [PSYoungGen: 57184K->1376K(57856K)] 371539K->315731K(634368K), 0.0020557 secs] [Times: user=0.01 sys=0.00, real=0.00 secs] 
1257.482: [GC (Allocation Failure) [PSYoungGen: 57184K->1392K(57856K)] 371539K->315755K(634368K), 0.0019313 secs] [Times: user=0.01 sys=0.00, real=0.00 secs] 
1257.713: [GC (Allocation Failure) [PSYoungGen: 57200K->1344K(57856K)] 371563K->315707K(634368K), 0.0021921 secs] [Times: user=0.01 sys=0.01, real=0.01 secs] 
1258.043: [GC (Allocation Failure) [PSYoungGen: 57152K->1469K(57856K)] 371515K->315832K(634368K), 0.0014602 secs] [Times: user=0.01 sys=0.00, real=0.01 secs] 
1258.367: [GC (Allocation Failure) [PSYoungGen: 57277K->1501K(57856K)] 371640K->315880K(634368K), 0.0014910 secs] [Times: user=0.00 sys=0.01, real=0.00 secs] 
1258.693: [GC (Allocation Failure) [PSYoungGen: 57309K->1533K(57856K)] 371688K->315912K(634368K), 0.0015325 secs] [Times: user=0.01 sys=0.00, real=0.00 secs] 
1259.017: [GC (Allocation Failure) [PSYoungGen: 57341K->1565K(57856K)] 371720K->315944K(634368K), 0.0015180 secs] [Times: user=0.01 sys=0.00, real=0.00 secs] 
1259.343: [GC (Allocation Failure) [PSYoungGen: 57373K->1616K(57856K)] 371752K->315995K(634368K), 0.0016647 secs] [Times: user=0.01 sys=0.00, real=0.01 secs] 
1259.992: [GC (Allocation Failure) [PSYoungGen: 57424K->1440K(57856K)] 371803K->315819K(634368K), 0.0019114 secs] [Times: user=0.00 sys=0.00, real=0.00 secs] 
1260.479: [GC (Allocation Failure) [PSYoungGen: 57248K->1344K(57856K)] 371627K->315723K(634368K), 0.0026955 secs] [Times: user=0.01 sys=0.00, real=0.00 secs] 
1260.760: [GC (Allocation Failure) [PSYoungGen: 57152K->1408K(57856K)] 371531K->315795K(634368K), 0.0020274 secs] [Times: user=0.01 sys=0.00, real=0.00 secs] 
1261.009: [GC (Allocation Failure) [PSYoungGen: 57216K->1424K(57856K)] 371603K->315811K(634368K), 0.0019259 secs] [Times: user=0.01 sys=0.00, real=0.00 secs] 
1261.241: [GC (Allocation Failure) [PSYoungGen: 57232K->1344K(57856K)] 371619K->315731K(634368K), 0.0018591 secs] [Times: user=0.01 sys=0.00, real=0.00 secs] 
1261.711: [GC (Allocation Failure) [PSYoungGen: 57152K->1501K(57856K)] 371539K->315904K(634368K), 0.0015338 secs] [Times: user=0.00 sys=0.00, real=0.00 secs] 
1262.035: [GC (Allocation Failure) [PSYoungGen: 57309K->1533K(57856K)] 371712K->315936K(634368K), 0.0015928 secs] [Times: user=0.01 sys=0.00, real=0.01 secs] 
1262.362: [GC (Allocation Failure) [PSYoungGen: 57341K->1597K(57856K)] 371744K->316000K(634368K), 0.0015069 secs] [Times: user=0.00 sys=0.00, real=0.00 secs] 
1262.746: [GC (Allocation Failure) [PSYoungGen: 57380K->1533K(57856K)] 371783K->315936K(634368K), 0.0015736 secs] [Times: user=0.01 sys=0.00, real=0.00 secs] 
1263.534: [GC (Allocation Failure) [PSYoungGen: 57341K->1472K(57856K)] 371744K->315875K(634368K), 0.0042590 secs] [Times: user=0.02 sys=0.00, real=0.01 secs] 
1264.004: [GC (Allocation Failure) [PSYoungGen: 57280K->1408K(57856K)] 371683K->315811K(634368K), 0.0023865 secs] [Times: user=0.01 sys=0.00, real=0.01 secs] 
1264.238: [GC (Allocation Failure) [PSYoungGen: 57216K->1344K(57856K)] 371619K->315747K(634368K), 0.0020423 secs] [Times: user=0.00 sys=0.00, real=0.00 secs] 
1264.469: [GC (Allocation Failure) [PSYoungGen: 57152K->1392K(57856K)] 371555K->315795K(634368K), 0.0020250 secs] [Times: user=0.01 sys=0.00, real=0.00 secs] 
1264.701: [GC (Allocation Failure) [PSYoungGen: 57200K->1376K(57856K)] 371603K->315779K(634368K), 0.0019215 secs] [Times: user=0.01 sys=0.00, real=0.00 secs] 
1264.992: [GC (Allocation Failure) [PSYoungGen: 57184K->1488K(57856K)] 371587K->315891K(634368K), 0.0015661 secs] [Times: user=0.01 sys=0.00, real=0.00 secs] 
1265.315: [GC (Allocation Failure) [PSYoungGen: 57296K->1533K(57856K)] 371699K->315952K(634368K), 0.0015140 secs] [Times: user=0.00 sys=0.00, real=0.00 secs] 
1265.642: [GC (Allocation Failure) [PSYoungGen: 57341K->1533K(57856K)] 371760K->315952K(634368K), 0.0015748 secs] [Times: user=0.01 sys=0.00, real=0.00 secs] 
1265.967: [GC (Allocation Failure) [PSYoungGen: 57341K->1568K(57856K)] 371760K->316011K(634368K), 0.0015295 secs] [Times: user=0.00 sys=0.00, real=0.00 secs] 
1266.312: [GC (Allocation Failure) [PSYoungGen: 57376K->1728K(57856K)] 371819K->316171K(634368K), 0.0018307 secs] [Times: user=0.01 sys=0.00, real=0.00 secs] 
1266.561: [GC (Allocation Failure) [PSYoungGen: 57536K->1344K(57856K)] 371979K->315787K(634368K), 0.0019093 secs] [Times: user=0.00 sys=0.00, real=0.00 secs] 
1266.793: [GC (Allocation Failure) [PSYoungGen: 57152K->1408K(57856K)] 371595K->315851K(634368K), 0.0016859 secs] [Times: user=0.01 sys=0.00, real=0.00 secs] 
1267.024: [GC (Allocation Failure) [PSYoungGen: 57216K->1408K(57856K)] 371659K->315851K(634368K), 0.0017326 secs] [Times: user=0.00 sys=0.00, real=0.01 secs] 
1267.270: [GC (Allocation Failure) [PSYoungGen: 57216K->1408K(57856K)] 371659K->315851K(634368K), 0.0017336 secs] [Times: user=0.01 sys=0.00, real=0.00 secs] 
1267.538: [GC (Allocation Failure) [PSYoungGen: 57216K->1437K(57856K)] 371659K->315880K(634368K), 0.0019795 secs] [Times: user=0.01 sys=0.00, real=0.00 secs] 
1267.867: [GC (Allocation Failure) [PSYoungGen: 57245K->1597K(57856K)] 371688K->316056K(634368K), 0.0014864 secs] [Times: user=0.01 sys=0.00, real=0.00 secs] 
1268.204: [GC (Allocation Failure) [PSYoungGen: 57405K->1581K(57856K)] 371864K->316040K(634368K), 0.0015578 secs] [Times: user=0.01 sys=0.00, real=0.01 secs] 
1268.530: [GC (Allocation Failure) [PSYoungGen: 57389K->1517K(57856K)] 371848K->315976K(634368K), 0.0015865 secs] [Times: user=0.01 sys=0.00, real=0.00 secs] 
1268.856: [GC (Allocation Failure) [PSYoungGen: 57325K->1517K(57856K)] 371784K->315976K(634368K), 0.0015901 secs] [Times: user=0.01 sys=0.00, real=0.00 secs] 
1269.368: [GC (Allocation Failure) [PSYoungGen: 57325K->1440K(57856K)] 371784K->315899K(634368K), 0.0031669 secs] [Times: user=0.01 sys=0.00, real=0.00 secs] 
1270.176: [GC (Allocation Failure) [PSYoungGen: 57248K->1344K(57856K)] 371707K->315803K(634368K), 0.0039311 secs] [Times: user=0.02 sys=0.00, real=0.00 secs] 
1271.117: [GC (Allocation Failure) [PSYoungGen: 57152K->1392K(57856K)] 371611K->315851K(634368K), 0.0038255 secs] [Times: user=0.02 sys=0.00, real=0.00 secs] 
1272.048: [GC (Allocation Failure) [PSYoungGen: 57200K->1344K(57856K)] 371659K->315803K(634368K), 0.0040363 secs] [Times: user=0.02 sys=0.00, real=0.00 secs] 
1272.809: [GC (Allocation Failure) [PSYoungGen: 57152K->1376K(57856K)] 371611K->315835K(634368K), 0.0026153 secs] [Times: user=0.01 sys=0.00, real=0.00 secs] 
1273.390: [GC (Allocation Failure) [PSYoungGen: 57184K->1501K(57856K)] 371643K->315976K(634368K), 0.0014904 secs] [Times: user=0.01 sys=0.00, real=0.00 secs] 
1273.714: [GC (Allocation Failure) [PSYoungGen: 57309K->1581K(57856K)] 371784K->316056K(634368K), 0.0015407 secs] [Times: user=0.00 sys=0.00, real=0.01 secs] 
1274.041: [GC (Allocation Failure) [PSYoungGen: 57389K->1565K(57856K)] 371864K->316040K(634368K), 0.0015315 secs] [Times: user=0.01 sys=0.00, real=0.00 secs] 
1274.366: [GC (Allocation Failure) [PSYoungGen: 57373K->1565K(57856K)] 371848K->316040K(634368K), 0.0015310 secs] [Times: user=0.01 sys=0.00, real=0.00 secs] 
1274.779: [GC (Allocation Failure) [PSYoungGen: 57373K->1504K(57856K)] 371848K->315979K(634368K), 0.0017318 secs] [Times: user=0.01 sys=0.00, real=0.00 secs] 
1275.308: [GC (Allocation Failure) [PSYoungGen: 57312K->1344K(57856K)] 371787K->315819K(634368K), 0.0020274 secs] [Times: user=0.01 sys=0.00, real=0.00 secs] 
1275.762: [GC (Allocation Failure) [PSYoungGen: 57152K->1376K(57856K)] 371627K->315851K(634368K), 0.0032066 secs] [Times: user=0.01 sys=0.00, real=0.01 secs] 
1276.376: [GC (Allocation Failure) [PSYoungGen: 57184K->1328K(57856K)] 371659K->315803K(634368K), 0.0027972 secs] [Times: user=0.01 sys=0.00, real=0.00 secs] 
1276.952: [GC (Allocation Failure) [PSYoungGen: 57136K->1312K(57856K)] 371611K->315787K(634368K), 0.0028513 secs] [Times: user=0.01 sys=0.00, real=0.01 secs] 
1277.709: [GC (Allocation Failure) [PSYoungGen: 57120K->1469K(57856K)] 371595K->315944K(634368K), 0.0022252 secs] [Times: user=0.01 sys=0.00, real=0.00 secs] 
1278.059: [GC (Allocation Failure) [PSYoungGen: 57277K->1565K(57856K)] 371752K->316056K(634368K), 0.0015662 secs] [Times: user=0.00 sys=0.00, real=0.00 secs] 
1278.456: [GC (Allocation Failure) [PSYoungGen: 57373K->1613K(57856K)] 371864K->316104K(634368K), 0.0015717 secs] [Times: user=0.01 sys=0.00, real=0.00 secs] 
1278.781: [GC (Allocation Failure) [PSYoungGen: 57421K->1565K(57856K)] 371912K->316064K(634368K), 0.0015841 secs] [Times: user=0.00 sys=0.00, real=0.00 secs] 
1279.106: [GC (Allocation Failure) [PSYoungGen: 57373K->1504K(57856K)] 371872K->316003K(634368K), 0.0015722 secs] [Times: user=0.00 sys=0.00, real=0.00 secs] 
1279.445: [GC (Allocation Failure) [PSYoungGen: 57312K->1440K(57856K)] 371811K->315939K(634368K), 0.0027416 secs] [Times: user=0.01 sys=0.00, real=0.00 secs] 
1279.770: [GC (Allocation Failure) [PSYoungGen: 57248K->1392K(57856K)] 371747K->315891K(634368K), 0.0019008 secs] [Times: user=0.01 sys=0.00, real=0.00 secs] 
1280.021: [GC (Allocation Failure) [PSYoungGen: 57200K->1376K(57856K)] 371699K->315875K(634368K), 0.0020068 secs] [Times: user=0.00 sys=0.01, real=0.00 secs] 
1280.259: [GC (Allocation Failure) [PSYoungGen: 57184K->1376K(57856K)] 371683K->315875K(634368K), 0.0019320 secs] [Times: user=0.00 sys=0.00, real=0.00 secs] 
1280.543: [GC (Allocation Failure) [PSYoungGen: 57184K->1440K(57856K)] 371683K->315939K(634368K), 0.0018624 secs] [Times: user=0.01 sys=0.00, real=0.01 secs] 
1280.905: [GC (Allocation Failure) [PSYoungGen: 57248K->1533K(57856K)] 371747K->316048K(634368K), 0.0015664 secs] [Times: user=0.01 sys=0.00, real=0.00 secs] 
1281.228: [GC (Allocation Failure) [PSYoungGen: 57337K->1581K(57856K)] 371853K->316096K(634368K), 0.0016172 secs] [Times: user=0.01 sys=0.00, real=0.00 secs] 
1281.553: [GC (Allocation Failure) [PSYoungGen: 57389K->1584K(57856K)] 371904K->316099K(634368K), 0.0015160 secs] [Times: user=0.01 sys=0.00, real=0.00 secs] 
1281.880: [GC (Allocation Failure) [PSYoungGen: 57392K->1520K(57856K)] 371907K->316035K(634368K), 0.0016095 secs] [Times: user=0.01 sys=0.00, real=0.00 secs] 
1282.189: [GC (Allocation Failure) [PSYoungGen: 57328K->1488K(57856K)] 371843K->316003K(634368K), 0.0017886 secs] [Times: user=0.01 sys=0.00, real=0.00 secs] 
1282.421: [GC (Allocation Failure) [PSYoungGen: 57296K->1408K(57856K)] 371811K->315923K(634368K), 0.0016051 secs] [Times: user=0.00 sys=0.00, real=0.00 secs] 
1282.652: [GC (Allocation Failure) [PSYoungGen: 57216K->1376K(57856K)] 371731K->315891K(634368K), 0.0017844 secs] [Times: user=0.01 sys=0.00, real=0.00 secs] 
1282.884: [GC (Allocation Failure) [PSYoungGen: 57184K->1408K(57856K)] 371699K->315923K(634368K), 0.0016940 secs] [Times: user=0.01 sys=0.00, real=0.01 secs] 
1283.116: [GC (Allocation Failure) [PSYoungGen: 57216K->1408K(57856K)] 371731K->315923K(634368K), 0.0017638 secs] [Times: user=0.00 sys=0.00, real=0.00 secs] 
1283.448: [GC (Allocation Failure) [PSYoungGen: 57216K->1501K(57856K)] 371731K->316016K(634368K), 0.0014746 secs] [Times: user=0.00 sys=0.00, real=0.00 secs] 
1283.770: [GC (Allocation Failure) [PSYoungGen: 57309K->1501K(57856K)] 371824K->316032K(634368K), 0.0015398 secs] [Times: user=0.01 sys=0.00, real=0.00 secs] 
1284.096: [GC (Allocation Failure) [PSYoungGen: 57309K->1597K(57856K)] 371840K->316128K(634368K), 0.0016072 secs] [Times: user=0.01 sys=0.00, real=0.00 secs] 
1284.422: [GC (Allocation Failure) [PSYoungGen: 57405K->1549K(57856K)] 371936K->316080K(634368K), 0.0015362 secs] [Times: user=0.01 sys=0.00, real=0.00 secs] 
1284.768: [GC (Allocation Failure) [PSYoungGen: 57357K->1728K(57856K)] 371888K->316259K(634368K), 0.0018423 secs] [Times: user=0.01 sys=0.00, real=0.00 secs] 
1285.004: [GC (Allocation Failure) [PSYoungGen: 57536K->1376K(57856K)] 372067K->315923K(634368K), 0.0018788 secs] [Times: user=0.01 sys=0.00, real=0.01 secs] 
1285.374: [GC (Allocation Failure) [PSYoungGen: 57184K->1376K(57856K)] 371731K->315923K(634368K), 0.0017342 secs] [Times: user=0.00 sys=0.00, real=0.01 secs] 
1285.811: [GC (Allocation Failure) [PSYoungGen: 57184K->1376K(57856K)] 371731K->315923K(634368K), 0.0031655 secs] [Times: user=0.01 sys=0.00, real=0.00 secs] 
1286.381: [GC (Allocation Failure) [PSYoungGen: 57184K->1376K(57856K)] 371731K->315923K(634368K), 0.0031588 secs] [Times: user=0.02 sys=0.00, real=0.00 secs] 
1287.156: [GC (Allocation Failure) [PSYoungGen: 57184K->1485K(57856K)] 371731K->316032K(634368K), 0.0040173 secs] [Times: user=0.01 sys=0.00, real=0.00 secs] 
1287.636: [GC (Allocation Failure) [PSYoungGen: 57293K->1517K(57856K)] 371840K->316088K(634368K), 0.0015591 secs] [Times: user=0.00 sys=0.00, real=0.00 secs] 
1288.019: [GC (Allocation Failure) [PSYoungGen: 57325K->1565K(57856K)] 371896K->316136K(634368K), 0.0016016 secs] [Times: user=0.01 sys=0.00, real=0.00 secs] 
1288.344: [GC (Allocation Failure) [PSYoungGen: 57373K->1597K(57856K)] 371944K->316168K(634368K), 0.0015879 secs] [Times: user=0.01 sys=0.00, real=0.01 secs] 
1288.678: [GC (Allocation Failure) [PSYoungGen: 57400K->1501K(57856K)] 371972K->316072K(634368K), 0.0015712 secs] [Times: user=0.01 sys=0.00, real=0.00 secs] 
1289.019: [GC (Allocation Failure) [PSYoungGen: 57309K->1472K(57856K)] 371880K->316043K(634368K), 0.0025934 secs] [Times: user=0.01 sys=0.00, real=0.00 secs] 
1289.295: [GC (Allocation Failure) [PSYoungGen: 57280K->1344K(57856K)] 371851K->315915K(634368K), 0.0021235 secs] [Times: user=0.01 sys=0.00, real=0.00 secs] 
1289.533: [GC (Allocation Failure) [PSYoungGen: 57152K->1376K(57856K)] 371723K->315947K(634368K), 0.0019463 secs] [Times: user=0.00 sys=0.00, real=0.01 secs] 
1289.767: [GC (Allocation Failure) [PSYoungGen: 57184K->1376K(57856K)] 371755K->315947K(634368K), 0.0019087 secs] [Times: user=0.01 sys=0.00, real=0.00 secs] 
1290.003: [GC (Allocation Failure) [PSYoungGen: 57184K->1376K(57856K)] 371755K->315947K(634368K), 0.0016369 secs] [Times: user=0.01 sys=0.00, real=0.01 secs] 
1290.316: [GC (Allocation Failure) [PSYoungGen: 57184K->1517K(57856K)] 371755K->316104K(634368K), 0.0015913 secs] [Times: user=0.00 sys=0.00, real=0.00 secs] 
1290.639: [GC (Allocation Failure) [PSYoungGen: 57325K->1533K(57856K)] 371912K->316120K(634368K), 0.0015258 secs] [Times: user=0.00 sys=0.00, real=0.00 secs] 
1290.962: [GC (Allocation Failure) [PSYoungGen: 57341K->1533K(57856K)] 371928K->316120K(634368K), 0.0015326 secs] [Times: user=0.01 sys=0.00, real=0.00 secs] 
1291.287: [GC (Allocation Failure) [PSYoungGen: 57341K->1517K(57856K)] 371928K->316104K(634368K), 0.0017089 secs] [Times: user=0.01 sys=0.00, real=0.00 secs] 
1291.788: [GC (Allocation Failure) [PSYoungGen: 57325K->1488K(57856K)] 371912K->316075K(634368K), 0.0021716 secs] [Times: user=0.01 sys=0.00, real=0.00 secs] 
1292.280: [GC (Allocation Failure) [PSYoungGen: 57296K->1344K(57856K)] 371883K->315931K(634368K), 0.0020842 secs] [Times: user=0.01 sys=0.00, real=0.00 secs] 
1292.766: [GC (Allocation Failure) [PSYoungGen: 57152K->1344K(57856K)] 371739K->315931K(634368K), 0.0021043 secs] [Times: user=0.01 sys=0.00, real=0.00 secs] 
1293.015: [GC (Allocation Failure) [PSYoungGen: 57152K->1376K(57856K)] 371739K->315963K(634368K), 0.0018494 secs] [Times: user=0.00 sys=0.00, real=0.00 secs] 
1293.247: [GC (Allocation Failure) [PSYoungGen: 57184K->1344K(57856K)] 371771K->315931K(634368K), 0.0019318 secs] [Times: user=0.00 sys=0.00, real=0.00 secs] 
1293.537: [GC (Allocation Failure) [PSYoungGen: 57152K->1501K(57856K)] 371739K->316088K(634368K), 0.0014333 secs] [Times: user=0.00 sys=0.00, real=0.00 secs] 
1293.860: [GC (Allocation Failure) [PSYoungGen: 57309K->1565K(57856K)] 371896K->316168K(634368K), 0.0016991 secs] [Times: user=0.01 sys=0.00, real=0.00 secs] 
1294.184: [GC (Allocation Failure) [PSYoungGen: 57373K->1533K(57856K)] 371976K->316136K(634368K), 0.0014994 secs] [Times: user=0.00 sys=0.00, real=0.01 secs] 
1294.508: [GC (Allocation Failure) [PSYoungGen: 57341K->1501K(57856K)] 371944K->316104K(634368K), 0.0015225 secs] [Times: user=0.01 sys=0.00, real=0.00 secs] 
1294.831: [GC (Allocation Failure) [PSYoungGen: 57309K->1581K(57856K)] 371912K->316184K(634368K), 0.0014894 secs] [Times: user=0.00 sys=0.00, real=0.00 secs] 
1295.204: [GC (Allocation Failure) [PSYoungGen: 57389K->1376K(57856K)] 371992K->315979K(634368K), 0.0019816 secs] [Times: user=0.01 sys=0.00, real=0.01 secs] 
1295.437: [GC (Allocation Failure) [PSYoungGen: 57184K->1344K(57856K)] 371787K->315947K(634368K), 0.0019772 secs] [Times: user=0.01 sys=0.00, real=0.00 secs] 
1295.687: [GC (Allocation Failure) [PSYoungGen: 57152K->1344K(57856K)] 371755K->315963K(634368K), 0.0027089 secs] [Times: user=0.01 sys=0.00, real=0.00 secs] 
1295.961: [GC (Allocation Failure) [PSYoungGen: 57152K->1376K(57856K)] 371771K->315995K(634368K), 0.0023697 secs] [Times: user=0.01 sys=0.00, real=0.00 secs] 
1296.193: [GC (Allocation Failure) [PSYoungGen: 57184K->1392K(57856K)] 371803K->316011K(634368K), 0.0019513 secs] [Times: user=0.01 sys=0.00, real=0.01 secs] 
1296.563: [GC (Allocation Failure) [PSYoungGen: 57200K->1469K(57856K)] 371819K->316104K(634368K), 0.0014610 secs] [Times: user=0.01 sys=0.00, real=0.00 secs] 
1296.887: [GC (Allocation Failure) [PSYoungGen: 57277K->1517K(57856K)] 371912K->316152K(634368K), 0.0015326 secs] [Times: user=0.01 sys=0.00, real=0.00 secs] 
1297.209: [GC (Allocation Failure) [PSYoungGen: 57325K->1565K(57856K)] 371960K->316200K(634368K), 0.0015598 secs] [Times: user=0.01 sys=0.00, real=0.00 secs] 
1297.535: [GC (Allocation Failure) [PSYoungGen: 57373K->1549K(57856K)] 372008K->316184K(634368K), 0.0015400 secs] [Times: user=0.01 sys=0.00, real=0.00 secs] 
1297.875: [GC (Allocation Failure) [PSYoungGen: 57357K->1456K(57856K)] 371992K->316091K(634368K), 0.0020065 secs] [Times: user=0.00 sys=0.00, real=0.00 secs] 
1298.149: [GC (Allocation Failure) [PSYoungGen: 57264K->1376K(57856K)] 371899K->316011K(634368K), 0.0016959 secs] [Times: user=0.01 sys=0.00, real=0.00 secs] 
1298.381: [GC (Allocation Failure) [PSYoungGen: 57184K->1376K(57856K)] 371819K->316011K(634368K), 0.0018187 secs] [Times: user=0.01 sys=0.00, real=0.00 secs] 
1298.690: [GC (Allocation Failure) [PSYoungGen: 57184K->1392K(57856K)] 371819K->316027K(634368K), 0.0064888 secs] [Times: user=0.03 sys=0.00, real=0.01 secs] 
1298.931: [GC (Allocation Failure) [PSYoungGen: 57200K->1376K(57344K)] 371835K->316011K(633856K), 0.0020757 secs] [Times: user=0.01 sys=0.00, real=0.00 secs] 
1299.264: [GC (Allocation Failure) [PSYoungGen: 57184K->1501K(57344K)] 371819K->316136K(633856K), 0.0017816 secs] [Times: user=0.01 sys=0.00, real=0.01 secs] 
1299.587: [GC (Allocation Failure) [PSYoungGen: 57309K->1517K(57344K)] 371944K->316176K(633856K), 0.0015353 secs] [Times: user=0.01 sys=0.00, real=0.00 secs] 
1299.911: [GC (Allocation Failure) [PSYoungGen: 57325K->1533K(57344K)] 371984K->316192K(633856K), 0.0016273 secs] [Times: user=0.00 sys=0.00, real=0.00 secs] 
1300.234: [GC (Allocation Failure) [PSYoungGen: 57341K->1517K(57344K)] 372000K->316176K(633856K), 0.0014821 secs] [Times: user=0.01 sys=0.00, real=0.01 secs] 
1300.678: [GC (Allocation Failure) [PSYoungGen: 57325K->1728K(57856K)] 371984K->316387K(634368K), 0.0018889 secs] [Times: user=0.01 sys=0.00, real=0.00 secs] 
1301.531: [GC (Allocation Failure) [PSYoungGen: 57536K->320K(56320K)] 372195K->316003K(632832K), 0.0029756 secs] [Times: user=0.01 sys=0.00, real=0.00 secs] 
1302.296: [GC (Allocation Failure) [PSYoungGen: 56128K->336K(57856K)] 371811K->316019K(634368K), 0.0020771 secs] [Times: user=0.01 sys=0.00, real=0.00 secs] 
1303.113: [GC (Allocation Failure) [PSYoungGen: 56144K->352K(57856K)] 371827K->316035K(634368K), 0.0020446 secs] [Times: user=0.00 sys=0.00, real=0.01 secs] 
1304.294: [GC (Allocation Failure) [PSYoungGen: 56160K->352K(58368K)] 371843K->316035K(634880K), 0.0020550 secs] [Times: user=0.01 sys=0.00, real=0.01 secs] 
1305.160: [GC (Allocation Failure) [PSYoungGen: 56160K->1472K(58368K)] 371843K->317155K(634880K), 0.0021863 secs] [Times: user=0.01 sys=0.01, real=0.00 secs] 
1305.513: [GC (Allocation Failure) [PSYoungGen: 57280K->1581K(58368K)] 372963K->317280K(634880K), 0.0015873 secs] [Times: user=0.01 sys=0.00, real=0.00 secs] 
1305.836: [GC (Allocation Failure) [PSYoungGen: 57389K->1533K(58368K)] 373088K->317232K(634880K), 0.0015899 secs] [Times: user=0.00 sys=0.00, real=0.00 secs] 
1306.219: [GC (Allocation Failure) [PSYoungGen: 57341K->1565K(58368K)] 373040K->317264K(634880K), 0.0015646 secs] [Times: user=0.01 sys=0.00, real=0.00 secs] 
1306.543: [GC (Allocation Failure) [PSYoungGen: 57373K->1501K(58368K)] 373072K->317200K(634880K), 0.0015715 secs] [Times: user=0.00 sys=0.00, real=0.00 secs] 
1306.861: [GC (Allocation Failure) [PSYoungGen: 57309K->1408K(58368K)] 373008K->317107K(634880K), 0.0024368 secs] [Times: user=0.01 sys=0.00, real=0.00 secs] 
1307.095: [GC (Allocation Failure) [PSYoungGen: 57216K->1376K(58368K)] 372915K->317075K(634880K), 0.0019098 secs] [Times: user=0.00 sys=0.00, real=0.01 secs] 
1307.326: [GC (Allocation Failure) [PSYoungGen: 57184K->1376K(58368K)] 372883K->317075K(634880K), 0.0018645 secs] [Times: user=0.01 sys=0.00, real=0.00 secs] 
1307.558: [GC (Allocation Failure) [PSYoungGen: 57184K->1376K(58368K)] 372883K->317075K(634880K), 0.0021072 secs] [Times: user=0.01 sys=0.00, real=0.00 secs] 
1307.790: [GC (Allocation Failure) [PSYoungGen: 57184K->1344K(57344K)] 372883K->317043K(633856K), 0.0018800 secs] [Times: user=0.01 sys=0.00, real=0.00 secs] 
1308.313: [GC (Allocation Failure) [PSYoungGen: 57152K->1533K(57856K)] 372851K->317256K(634368K), 0.0015327 secs] [Times: user=0.01 sys=0.00, real=0.00 secs] 
1308.638: [GC (Allocation Failure) [PSYoungGen: 57341K->1533K(57856K)] 373064K->317256K(634368K), 0.0015862 secs] [Times: user=0.01 sys=0.01, real=0.00 secs] 
1308.966: [GC (Allocation Failure) [PSYoungGen: 57341K->1565K(57856K)] 373064K->317288K(634368K), 0.0015083 secs] [Times: user=0.00 sys=0.00, real=0.00 secs] 
1309.379: [GC (Allocation Failure) [PSYoungGen: 57370K->1533K(57856K)] 373093K->317256K(634368K), 0.0015762 secs] [Times: user=0.00 sys=0.00, real=0.00 secs] 
1309.770: [GC (Allocation Failure) [PSYoungGen: 57341K->1456K(57856K)] 373064K->317179K(634368K), 0.0023797 secs] [Times: user=0.01 sys=0.00, real=0.00 secs] 
1310.303: [GC (Allocation Failure) [PSYoungGen: 57264K->1344K(57856K)] 372987K->317067K(634368K), 0.0040773 secs] [Times: user=0.01 sys=0.00, real=0.01 secs] 
1310.761: [GC (Allocation Failure) [PSYoungGen: 57152K->1328K(57856K)] 372875K->317051K(634368K), 0.0028560 secs] [Times: user=0.01 sys=0.00, real=0.00 secs] 
1311.263: [GC (Allocation Failure) [PSYoungGen: 57136K->1344K(57856K)] 372859K->317067K(634368K), 0.0026647 secs] [Times: user=0.01 sys=0.01, real=0.01 secs] 
1311.750: [GC (Allocation Failure) [PSYoungGen: 57152K->1344K(57856K)] 372875K->317067K(634368K), 0.0027509 secs] [Times: user=0.01 sys=0.00, real=0.00 secs] 
1312.405: [GC (Allocation Failure) [PSYoungGen: 57152K->1456K(57856K)] 372875K->317179K(634368K), 0.0020037 secs] [Times: user=0.00 sys=0.00, real=0.01 secs] 
1312.748: [GC (Allocation Failure) [PSYoungGen: 57264K->1565K(57856K)] 372987K->317304K(634368K), 0.0015332 secs] [Times: user=0.01 sys=0.00, real=0.00 secs] 
1313.074: [GC (Allocation Failure) [PSYoungGen: 57373K->1584K(57856K)] 373112K->317323K(634368K), 0.0015180 secs] [Times: user=0.01 sys=0.00, real=0.01 secs] 
1313.398: [GC (Allocation Failure) [PSYoungGen: 57392K->1504K(57856K)] 373131K->317243K(634368K), 0.0016992 secs] [Times: user=0.01 sys=0.00, real=0.00 secs] 
1313.724: [GC (Allocation Failure) [PSYoungGen: 57312K->1533K(57856K)] 373051K->317272K(634368K), 0.0015249 secs] [Times: user=0.01 sys=0.00, real=0.01 secs] 
1314.041: [GC (Allocation Failure) [PSYoungGen: 57341K->1408K(57856K)] 373080K->317147K(634368K), 0.0017839 secs] [Times: user=0.00 sys=0.00, real=0.00 secs] 
1314.338: [GC (Allocation Failure) [PSYoungGen: 57216K->1376K(57856K)] 372955K->317115K(634368K), 0.0015521 secs] [Times: user=0.01 sys=0.00, real=0.00 secs] 
1314.625: [GC (Allocation Failure) [PSYoungGen: 57184K->1408K(57856K)] 372923K->317147K(634368K), 0.0016244 secs] [Times: user=0.01 sys=0.00, real=0.00 secs] 
1314.858: [GC (Allocation Failure) [PSYoungGen: 57216K->1408K(57856K)] 372955K->317147K(634368K), 0.0018534 secs] [Times: user=0.00 sys=0.00, real=0.00 secs] 
1315.090: [GC (Allocation Failure) [PSYoungGen: 57216K->1392K(57856K)] 372955K->317131K(634368K), 0.0019724 secs] [Times: user=0.01 sys=0.00, real=0.00 secs] 
1315.431: [GC (Allocation Failure) [PSYoungGen: 57200K->1501K(57856K)] 372939K->317256K(634368K), 0.0015085 secs] [Times: user=0.00 sys=0.00, real=0.00 secs] 
1315.753: [GC (Allocation Failure) [PSYoungGen: 57309K->1472K(57856K)] 373064K->317227K(634368K), 0.0015334 secs] [Times: user=0.01 sys=0.00, real=0.01 secs] 
1316.077: [GC (Allocation Failure) [PSYoungGen: 57280K->1565K(57856K)] 373035K->317336K(634368K), 0.0015279 secs] [Times: user=0.00 sys=0.00, real=0.00 secs] 
1316.402: [GC (Allocation Failure) [PSYoungGen: 57373K->1504K(57856K)] 373144K->317275K(634368K), 0.0014993 secs] [Times: user=0.01 sys=0.00, real=0.00 secs] 
1318.902: [GC (Allocation Failure) [PSYoungGen: 57312K->1456K(57856K)] 373083K->317227K(634368K), 0.0038522 secs] [Times: user=0.01 sys=0.00, real=0.01 secs] 
1319.335: [GC (Allocation Failure) [PSYoungGen: 57264K->1344K(57856K)] 373035K->317123K(634368K), 0.0024002 secs] [Times: user=0.01 sys=0.00, real=0.01 secs] 
1319.564: [GC (Allocation Failure) [PSYoungGen: 57152K->1344K(57856K)] 372931K->317123K(634368K), 0.0026592 secs] [Times: user=0.01 sys=0.00, real=0.01 secs] 
1319.798: [GC (Allocation Failure) [PSYoungGen: 57152K->1376K(57856K)] 372931K->317155K(634368K), 0.0022717 secs] [Times: user=0.01 sys=0.00, real=0.00 secs] 
1320.029: [GC (Allocation Failure) [PSYoungGen: 57184K->1408K(57856K)] 372963K->317187K(634368K), 0.0017266 secs] [Times: user=0.01 sys=0.00, real=0.00 secs] 
1320.361: [GC (Allocation Failure) [PSYoungGen: 57216K->1517K(57856K)] 372995K->317296K(634368K), 0.0014206 secs] [Times: user=0.00 sys=0.00, real=0.00 secs] 
1320.685: [GC (Allocation Failure) [PSYoungGen: 57325K->1549K(57856K)] 373104K->317337K(634368K), 0.0015375 secs] [Times: user=0.00 sys=0.00, real=0.01 secs] 
1321.008: [GC (Allocation Failure) [PSYoungGen: 57357K->1533K(57856K)] 373145K->317320K(634368K), 0.0014449 secs] [Times: user=0.01 sys=0.00, real=0.00 secs] 
1321.332: [GC (Allocation Failure) [PSYoungGen: 57341K->1549K(57856K)] 373128K->317336K(634368K), 0.0015112 secs] [Times: user=0.01 sys=0.00, real=0.00 secs] 
1321.683: [GC (Allocation Failure) [PSYoungGen: 57357K->2000K(57856K)] 373144K->317787K(634368K), 0.0018020 secs] [Times: user=0.00 sys=0.00, real=0.01 secs] 
1321.938: [GC (Allocation Failure) [PSYoungGen: 57808K->1376K(57856K)] 373595K->317163K(634368K), 0.0018876 secs] [Times: user=0.00 sys=0.00, real=0.00 secs] 
1322.178: [GC (Allocation Failure) [PSYoungGen: 57184K->1408K(57856K)] 372971K->317195K(634368K), 0.0018518 secs] [Times: user=0.00 sys=0.00, real=0.00 secs] 
1322.429: [GC (Allocation Failure) [PSYoungGen: 57216K->1376K(57856K)] 373003K->317163K(634368K), 0.0017488 secs] [Times: user=0.01 sys=0.00, real=0.00 secs] 
1322.661: [GC (Allocation Failure) [PSYoungGen: 57184K->1376K(57856K)] 372971K->317163K(634368K), 0.0019452 secs] [Times: user=0.01 sys=0.00, real=0.00 secs] 
1322.928: [GC (Allocation Failure) [PSYoungGen: 57184K->1472K(57856K)] 372971K->317259K(634368K), 0.0018023 secs] [Times: user=0.01 sys=0.00, real=0.00 secs] 
1323.259: [GC (Allocation Failure) [PSYoungGen: 57280K->1533K(57856K)] 373067K->317336K(634368K), 0.0014790 secs] [Times: user=0.00 sys=0.00, real=0.00 secs] 
1323.583: [GC (Allocation Failure) [PSYoungGen: 57341K->1581K(57856K)] 373144K->317384K(634368K), 0.0015112 secs] [Times: user=0.01 sys=0.00, real=0.00 secs] 
1323.906: [GC (Allocation Failure) [PSYoungGen: 57389K->1581K(57856K)] 373192K->317385K(634368K), 0.0015240 secs] [Times: user=0.01 sys=0.00, real=0.00 secs] 
1324.229: [GC (Allocation Failure) [PSYoungGen: 57389K->1565K(57856K)] 373193K->317368K(634368K), 0.0015335 secs] [Times: user=0.01 sys=0.00, real=0.00 secs] 
1324.771: [GC (Allocation Failure) [PSYoungGen: 57373K->1472K(57856K)] 373176K->317275K(634368K), 0.0018421 secs] [Times: user=0.01 sys=0.00, real=0.00 secs] 
1325.004: [GC (Allocation Failure) [PSYoungGen: 57280K->1360K(57856K)] 373083K->317163K(634368K), 0.0019687 secs] [Times: user=0.01 sys=0.00, real=0.01 secs] 
1325.312: [GC (Allocation Failure) [PSYoungGen: 57168K->1360K(57856K)] 372971K->317187K(634368K), 0.0025373 secs] [Times: user=0.01 sys=0.00, real=0.00 secs] 
1325.741: [GC (Allocation Failure) [PSYoungGen: 57168K->1376K(57856K)] 372995K->317203K(634368K), 0.0030004 secs] [Times: user=0.01 sys=0.00, real=0.00 secs] 
1326.187: [GC (Allocation Failure) [PSYoungGen: 57184K->1376K(57856K)] 373011K->317203K(634368K), 0.0023930 secs] [Times: user=0.01 sys=0.00, real=0.00 secs] 
1326.636: [GC (Allocation Failure) [PSYoungGen: 57184K->1501K(57856K)] 373011K->317352K(634368K), 0.0014961 secs] [Times: user=0.00 sys=0.00, real=0.00 secs] 
1326.959: [GC (Allocation Failure) [PSYoungGen: 57309K->1565K(57856K)] 373160K->317416K(634368K), 0.0015252 secs] [Times: user=0.01 sys=0.00, real=0.00 secs] 
1327.336: [GC (Allocation Failure) [PSYoungGen: 57373K->1565K(57856K)] 373224K->317417K(634368K), 0.0015924 secs] [Times: user=0.01 sys=0.00, real=0.00 secs] 
1327.660: [GC (Allocation Failure) [PSYoungGen: 57373K->1565K(57856K)] 373225K->317417K(634368K), 0.0015450 secs] [Times: user=0.01 sys=0.00, real=0.00 secs] 
1328.107: [GC (Allocation Failure) [PSYoungGen: 57373K->1520K(57856K)] 373225K->317371K(634368K), 0.0021964 secs] [Times: user=0.01 sys=0.00, real=0.00 secs] 
1328.616: [GC (Allocation Failure) [PSYoungGen: 57328K->1376K(57856K)] 373179K->317227K(634368K), 0.0028931 secs] [Times: user=0.01 sys=0.00, real=0.00 secs] 
1328.904: [GC (Allocation Failure) [PSYoungGen: 57184K->1344K(57856K)] 373035K->317195K(634368K), 0.0020419 secs] [Times: user=0.01 sys=0.00, real=0.01 secs] 
1329.136: [GC (Allocation Failure) [PSYoungGen: 57152K->1376K(57856K)] 373003K->317227K(634368K), 0.0019562 secs] [Times: user=0.01 sys=0.00, real=0.00 secs] 
1329.581: [GC (Allocation Failure) [PSYoungGen: 57184K->1376K(57856K)] 373035K->317227K(634368K), 0.0018514 secs] [Times: user=0.01 sys=0.00, real=0.00 secs] 
1330.062: [GC (Allocation Failure) [PSYoungGen: 57184K->1469K(57856K)] 373035K->317320K(634368K), 0.0021178 secs] [Times: user=0.01 sys=0.00, real=0.00 secs] 
1330.441: [GC (Allocation Failure) [PSYoungGen: 57277K->1533K(57856K)] 373128K->317401K(634368K), 0.0015799 secs] [Times: user=0.01 sys=0.00, real=0.00 secs] 
1330.765: [GC (Allocation Failure) [PSYoungGen: 57341K->1584K(57856K)] 373209K->317451K(634368K), 0.0015345 secs] [Times: user=0.01 sys=0.00, real=0.00 secs] 
1331.088: [GC (Allocation Failure) [PSYoungGen: 57392K->1533K(57856K)] 373259K->317401K(634368K), 0.0015449 secs] [Times: user=0.01 sys=0.00, real=0.00 secs] 
1331.414: [GC (Allocation Failure) [PSYoungGen: 57341K->1517K(57856K)] 373209K->317385K(634368K), 0.0015330 secs] [Times: user=0.00 sys=0.00, real=0.01 secs] 
1331.687: [GC (Allocation Failure) [PSYoungGen: 57325K->1408K(57856K)] 373193K->317275K(634368K), 0.0027599 secs] [Times: user=0.01 sys=0.00, real=0.00 secs] 
1331.912: [GC (Allocation Failure) [PSYoungGen: 57216K->1376K(57856K)] 373083K->317243K(634368K), 0.0018741 secs] [Times: user=0.00 sys=0.00, real=0.00 secs] 
1332.143: [GC (Allocation Failure) [PSYoungGen: 57184K->1376K(57856K)] 373051K->317243K(634368K), 0.0018441 secs] [Times: user=0.01 sys=0.00, real=0.01 secs] 
1332.482: [GC (Allocation Failure) [PSYoungGen: 57184K->1344K(57856K)] 373051K->317211K(634368K), 0.0018608 secs] [Times: user=0.00 sys=0.00, real=0.00 secs] 
1332.904: [GC (Allocation Failure) [PSYoungGen: 57152K->1424K(57856K)] 373019K->317291K(634368K), 0.0017712 secs] [Times: user=0.01 sys=0.00, real=0.01 secs] 
1333.266: [GC (Allocation Failure) [PSYoungGen: 57232K->1469K(57856K)] 373099K->317352K(634368K), 0.0016781 secs] [Times: user=0.01 sys=0.00, real=0.00 secs] 
1333.589: [GC (Allocation Failure) [PSYoungGen: 57277K->1504K(57856K)] 373160K->317387K(634368K), 0.0015380 secs] [Times: user=0.00 sys=0.00, real=0.00 secs] 
1333.912: [GC (Allocation Failure) [PSYoungGen: 57312K->1565K(57856K)] 373195K->317449K(634368K), 0.0015458 secs] [Times: user=0.01 sys=0.00, real=0.00 secs] 
1334.238: [GC (Allocation Failure) [PSYoungGen: 57373K->1517K(57856K)] 373257K->317409K(634368K), 0.0015367 secs] [Times: user=0.01 sys=0.00, real=0.00 secs] 
1334.539: [GC (Allocation Failure) [PSYoungGen: 57325K->1456K(57856K)] 373217K->317355K(634368K), 0.0018412 secs] [Times: user=0.01 sys=0.00, real=0.00 secs] 
1334.771: [GC (Allocation Failure) [PSYoungGen: 57264K->1344K(57856K)] 373163K->317243K(634368K), 0.0016098 secs] [Times: user=0.00 sys=0.00, real=0.00 secs] 
1335.003: [GC (Allocation Failure) [PSYoungGen: 57152K->1376K(57856K)] 373051K->317275K(634368K), 0.0017227 secs] [Times: user=0.00 sys=0.00, real=0.01 secs] 
1335.236: [GC (Allocation Failure) [PSYoungGen: 57184K->1408K(57856K)] 373083K->317315K(634368K), 0.0028443 secs] [Times: user=0.01 sys=0.00, real=0.00 secs] 
1335.469: [GC (Allocation Failure) [PSYoungGen: 57216K->1312K(57856K)] 373123K->317219K(634368K), 0.0022119 secs] [Times: user=0.01 sys=0.00, real=0.00 secs] 
1335.800: [GC (Allocation Failure) [PSYoungGen: 57120K->1581K(57856K)] 373027K->317489K(634368K), 0.0014842 secs] [Times: user=0.00 sys=0.00, real=0.00 secs] 
1336.122: [GC (Allocation Failure) [PSYoungGen: 57389K->1565K(57856K)] 373297K->317489K(634368K), 0.0015323 secs] [Times: user=0.01 sys=0.00, real=0.00 secs] 
1336.448: [GC (Allocation Failure) [PSYoungGen: 57373K->1504K(57856K)] 373297K->317427K(634368K), 0.0015931 secs] [Times: user=0.01 sys=0.00, real=0.00 secs] 
1336.834: [GC (Allocation Failure) [PSYoungGen: 57312K->1565K(57856K)] 373235K->317488K(634368K), 0.0015539 secs] [Times: user=0.01 sys=0.00, real=0.01 secs] 
1337.235: [GC (Allocation Failure) [PSYoungGen: 57373K->1984K(57856K)] 373296K->317907K(634368K), 0.0017954 secs] [Times: user=0.01 sys=0.00, real=0.00 secs] 
1337.502: [GC (Allocation Failure) [PSYoungGen: 57792K->1376K(57856K)] 373715K->317299K(634368K), 0.0021892 secs] [Times: user=0.00 sys=0.00, real=0.00 secs] 
1337.735: [GC (Allocation Failure) [PSYoungGen: 57184K->1376K(57856K)] 373107K->317299K(634368K), 0.0017687 secs] [Times: user=0.00 sys=0.00, real=0.01 secs] 
1337.966: [GC (Allocation Failure) [PSYoungGen: 57184K->1376K(57856K)] 373107K->317299K(634368K), 0.0018056 secs] [Times: user=0.01 sys=0.00, real=0.00 secs] 
1338.198: [GC (Allocation Failure) [PSYoungGen: 57184K->1424K(57856K)] 373107K->317347K(634368K), 0.0017831 secs] [Times: user=0.01 sys=0.00, real=0.00 secs] 
1338.461: [GC (Allocation Failure) [PSYoungGen: 57232K->1469K(57856K)] 373155K->317392K(634368K), 0.0014053 secs] [Times: user=0.01 sys=0.00, real=0.00 secs] 
1338.785: [GC (Allocation Failure) [PSYoungGen: 57277K->1581K(57856K)] 373200K->317521K(634368K), 0.0014786 secs] [Times: user=0.01 sys=0.00, real=0.00 secs] 
1339.108: [GC (Allocation Failure) [PSYoungGen: 57389K->1501K(57856K)] 373329K->317440K(634368K), 0.0015251 secs] [Times: user=0.00 sys=0.00, real=0.00 secs] 
1339.431: [GC (Allocation Failure) [PSYoungGen: 57309K->1517K(57856K)] 373248K->317457K(634368K), 0.0015249 secs] [Times: user=0.00 sys=0.00, real=0.00 secs] 
1339.760: [GC (Allocation Failure) [PSYoungGen: 57325K->1565K(57856K)] 373265K->317505K(634368K), 0.0015149 secs] [Times: user=0.00 sys=0.00, real=0.00 secs] 
1340.038: [GC (Allocation Failure) [PSYoungGen: 57373K->1472K(57856K)] 373313K->317411K(634368K), 0.0016039 secs] [Times: user=0.00 sys=0.00, real=0.00 secs] 
1340.273: [GC (Allocation Failure) [PSYoungGen: 57280K->1376K(57856K)] 373219K->317315K(634368K), 0.0013907 secs] [Times: user=0.01 sys=0.00, real=0.00 secs] 
1340.508: [GC (Allocation Failure) [PSYoungGen: 57184K->1376K(57856K)] 373123K->317315K(634368K), 0.0015404 secs] [Times: user=0.01 sys=0.00, real=0.00 secs] 
1340.743: [GC (Allocation Failure) [PSYoungGen: 57184K->1408K(57856K)] 373123K->317347K(634368K), 0.0015439 secs] [Times: user=0.00 sys=0.00, real=0.01 secs] 
1340.977: [GC (Allocation Failure) [PSYoungGen: 57216K->1392K(57856K)] 373155K->317331K(634368K), 0.0014768 secs] [Times: user=0.01 sys=0.00, real=0.00 secs] 
1341.300: [GC (Allocation Failure) [PSYoungGen: 57200K->1485K(57856K)] 373139K->317441K(634368K), 0.0015749 secs] [Times: user=0.01 sys=0.00, real=0.00 secs] 
1341.622: [GC (Allocation Failure) [PSYoungGen: 57293K->1549K(57856K)] 373249K->317505K(634368K), 0.0015082 secs] [Times: user=0.01 sys=0.00, real=0.00 secs] 
1341.947: [GC (Allocation Failure) [PSYoungGen: 57357K->1517K(57856K)] 373313K->317473K(634368K), 0.0017086 secs] [Times: user=0.00 sys=0.00, real=0.00 secs] 
1342.270: [GC (Allocation Failure) [PSYoungGen: 57325K->1565K(57856K)] 373281K->317521K(634368K), 0.0015109 secs] [Times: user=0.01 sys=0.00, real=0.00 secs] 
1342.762: [GC (Allocation Failure) [PSYoungGen: 57373K->1488K(57856K)] 373329K->317443K(634368K), 0.0019109 secs] [Times: user=0.01 sys=0.00, real=0.00 secs] 
1343.407: [GC (Allocation Failure) [PSYoungGen: 57296K->1376K(57856K)] 373251K->317331K(634368K), 0.0039141 secs] [Times: user=0.02 sys=0.00, real=0.00 secs] 
1344.001: [GC (Allocation Failure) [PSYoungGen: 57184K->1376K(57856K)] 373139K->317331K(634368K), 0.0028151 secs] [Times: user=0.01 sys=0.00, real=0.00 secs] 
1344.642: [GC (Allocation Failure) [PSYoungGen: 57184K->1376K(57856K)] 373139K->317331K(634368K), 0.0034250 secs] [Times: user=0.01 sys=0.00, real=0.01 secs] 
1345.449: [GC (Allocation Failure) [PSYoungGen: 57184K->1392K(57856K)] 373139K->317347K(634368K), 0.0040246 secs] [Times: user=0.02 sys=0.00, real=0.00 secs] 
1346.217: [GC (Allocation Failure) [PSYoungGen: 57200K->1501K(57856K)] 373155K->317457K(634368K), 0.0019072 secs] [Times: user=0.01 sys=0.00, real=0.00 secs] 
1346.547: [GC (Allocation Failure) [PSYoungGen: 57309K->1565K(57856K)] 373265K->317536K(634368K), 0.0015391 secs] [Times: user=0.00 sys=0.00, real=0.00 secs] 
1346.937: [GC (Allocation Failure) [PSYoungGen: 57373K->1504K(57856K)] 373344K->317475K(634368K), 0.0015643 secs] [Times: user=0.01 sys=0.00, real=0.00 secs] 
1347.260: [GC (Allocation Failure) [PSYoungGen: 57312K->1501K(57856K)] 373283K->317496K(634368K), 0.0015534 secs] [Times: user=0.01 sys=0.00, real=0.00 secs] 
1347.583: [GC (Allocation Failure) [PSYoungGen: 57309K->1533K(57856K)] 373304K->317529K(634368K), 0.0015744 secs] [Times: user=0.01 sys=0.00, real=0.00 secs] 
1347.845: [GC (Allocation Failure) [PSYoungGen: 57341K->1440K(57856K)] 373337K->317435K(634368K), 0.0025369 secs] [Times: user=0.01 sys=0.00, real=0.00 secs] 
1348.077: [GC (Allocation Failure) [PSYoungGen: 57248K->1344K(57856K)] 373243K->317339K(634368K), 0.0025215 secs] [Times: user=0.01 sys=0.00, real=0.00 secs] 
1348.336: [GC (Allocation Failure) [PSYoungGen: 57152K->1376K(57856K)] 373147K->317371K(634368K), 0.0020198 secs] [Times: user=0.01 sys=0.00, real=0.00 secs] 
1348.771: [GC (Allocation Failure) [PSYoungGen: 57184K->1344K(57856K)] 373179K->317339K(634368K), 0.0018396 secs] [Times: user=0.01 sys=0.00, real=0.00 secs] 
1349.224: [GC (Allocation Failure) [PSYoungGen: 57152K->1376K(57856K)] 373147K->317371K(634368K), 0.0027943 secs] [Times: user=0.01 sys=0.00, real=0.01 secs] 
1349.735: [GC (Allocation Failure) [PSYoungGen: 57184K->1565K(57856K)] 373179K->317577K(634368K), 0.0014998 secs] [Times: user=0.00 sys=0.00, real=0.00 secs] 
1350.064: [GC (Allocation Failure) [PSYoungGen: 57373K->1581K(57856K)] 373385K->317593K(634368K), 0.0016628 secs] [Times: user=0.01 sys=0.00, real=0.01 secs] 
1350.451: [GC (Allocation Failure) [PSYoungGen: 57389K->1565K(57856K)] 373401K->317577K(634368K), 0.0017179 secs] [Times: user=0.00 sys=0.00, real=0.00 secs] 
1350.778: [GC (Allocation Failure) [PSYoungGen: 57373K->1568K(57856K)] 373385K->317579K(634368K), 0.0015741 secs] [Times: user=0.00 sys=0.00, real=0.00 secs] 
1351.067: [GC (Allocation Failure) [PSYoungGen: 57376K->1456K(57856K)] 373387K->317467K(634368K), 0.0017145 secs] [Times: user=0.00 sys=0.00, real=0.00 secs] 
1351.299: [GC (Allocation Failure) [PSYoungGen: 57264K->1408K(57856K)] 373275K->317419K(634368K), 0.0015939 secs] [Times: user=0.01 sys=0.01, real=0.00 secs] 
1351.530: [GC (Allocation Failure) [PSYoungGen: 57216K->1376K(57856K)] 373227K->317387K(634368K), 0.0016191 secs] [Times: user=0.01 sys=0.00, real=0.00 secs] 
1351.824: [GC (Allocation Failure) [PSYoungGen: 57184K->1376K(57856K)] 373195K->317387K(634368K), 0.0015841 secs] [Times: user=0.01 sys=0.00, real=0.01 secs] 
1352.248: [GC (Allocation Failure) [PSYoungGen: 57184K->1440K(57856K)] 373195K->317451K(634368K), 0.0016539 secs] [Times: user=0.00 sys=0.00, real=0.00 secs] 
1352.648: [GC (Allocation Failure) [PSYoungGen: 57248K->1501K(57856K)] 373259K->317512K(634368K), 0.0014064 secs] [Times: user=0.01 sys=0.00, real=0.00 secs] 
1353.031: [GC (Allocation Failure) [PSYoungGen: 57309K->1533K(57856K)] 373320K->317568K(634368K), 0.0015804 secs] [Times: user=0.00 sys=0.00, real=0.00 secs] 
1353.415: [GC (Allocation Failure) [PSYoungGen: 57341K->1533K(57856K)] 373376K->317569K(634368K), 0.0015983 secs] [Times: user=0.01 sys=0.00, real=0.00 secs] 
1353.740: [GC (Allocation Failure) [PSYoungGen: 57341K->1549K(57856K)] 373377K->317585K(634368K), 0.0015903 secs] [Times: user=0.01 sys=0.00, real=0.00 secs] 
1354.068: [GC (Allocation Failure) [PSYoungGen: 57357K->2032K(57856K)] 373393K->318067K(634368K), 0.0019812 secs] [Times: user=0.01 sys=0.00, real=0.00 secs] 
1354.300: [GC (Allocation Failure) [PSYoungGen: 57840K->1408K(57856K)] 373875K->317443K(634368K), 0.0019928 secs] [Times: user=0.01 sys=0.00, real=0.00 secs] 
1354.532: [GC (Allocation Failure) [PSYoungGen: 57216K->1344K(57856K)] 373251K->317379K(634368K), 0.0018705 secs] [Times: user=0.00 sys=0.00, real=0.00 secs] 
1354.764: [GC (Allocation Failure) [PSYoungGen: 57152K->1344K(57856K)] 373187K->317379K(634368K), 0.0019079 secs] [Times: user=0.01 sys=0.00, real=0.01 secs] 
1354.996: [GC (Allocation Failure) [PSYoungGen: 57152K->1440K(57856K)] 373187K->317475K(634368K), 0.0025275 secs] [Times: user=0.01 sys=0.00, real=0.00 secs] 
1355.264: [GC (Allocation Failure) [PSYoungGen: 57248K->1469K(57856K)] 373283K->317520K(634368K), 0.0017933 secs] [Times: user=0.00 sys=0.00, real=0.01 secs] 
1355.588: [GC (Allocation Failure) [PSYoungGen: 57277K->1533K(57856K)] 373328K->317600K(634368K), 0.0014695 secs] [Times: user=0.00 sys=0.00, real=0.00 secs] 
1355.912: [GC (Allocation Failure) [PSYoungGen: 57341K->1565K(57856K)] 373408K->317633K(634368K), 0.0017566 secs] [Times: user=0.00 sys=0.00, real=0.00 secs] 
1356.237: [GC (Allocation Failure) [PSYoungGen: 57373K->1533K(57856K)] 373441K->317601K(634368K), 0.0015032 secs] [Times: user=0.01 sys=0.00, real=0.00 secs] 
1356.559: [GC (Allocation Failure) [PSYoungGen: 57334K->1565K(57856K)] 373402K->317632K(634368K), 0.0015229 secs] [Times: user=0.01 sys=0.00, real=0.00 secs] 
1356.836: [GC (Allocation Failure) [PSYoungGen: 57373K->1424K(57856K)] 373440K->317491K(634368K), 0.0016031 secs] [Times: user=0.01 sys=0.00, real=0.00 secs] 
1357.068: [GC (Allocation Failure) [PSYoungGen: 57232K->1376K(57856K)] 373299K->317443K(634368K), 0.0017308 secs] [Times: user=0.00 sys=0.00, real=0.00 secs] 
1357.300: [GC (Allocation Failure) [PSYoungGen: 57184K->1376K(57856K)] 373251K->317443K(634368K), 0.0017011 secs] [Times: user=0.00 sys=0.00, real=0.00 secs] 
1357.531: [GC (Allocation Failure) [PSYoungGen: 57184K->1392K(57856K)] 373251K->317459K(634368K), 0.0016318 secs] [Times: user=0.00 sys=0.00, real=0.00 secs] 
1357.763: [GC (Allocation Failure) [PSYoungGen: 57200K->1408K(57856K)] 373267K->317475K(634368K), 0.0015688 secs] [Times: user=0.00 sys=0.01, real=0.00 secs] 
1358.097: [GC (Allocation Failure) [PSYoungGen: 57216K->1520K(57856K)] 373283K->317603K(634368K), 0.0014913 secs] [Times: user=0.01 sys=0.00, real=0.00 secs] 
1358.422: [GC (Allocation Failure) [PSYoungGen: 57328K->1597K(57856K)] 373411K->317680K(634368K), 0.0016495 secs] [Times: user=0.00 sys=0.00, real=0.00 secs] 
1358.800: [GC (Allocation Failure) [PSYoungGen: 57405K->1533K(57856K)] 373488K->317616K(634368K), 0.0015735 secs] [Times: user=0.01 sys=0.00, real=0.00 secs] 
1359.182: [GC (Allocation Failure) [PSYoungGen: 57341K->1565K(57856K)] 373424K->317649K(634368K), 0.0015667 secs] [Times: user=0.01 sys=0.00, real=0.00 secs] 
1359.582: [GC (Allocation Failure) [PSYoungGen: 57373K->1472K(57856K)] 373457K->317555K(634368K), 0.0022008 secs] [Times: user=0.01 sys=0.00, real=0.01 secs] 
1359.815: [GC (Allocation Failure) [PSYoungGen: 57280K->1376K(57856K)] 373363K->317459K(634368K), 0.0018451 secs] [Times: user=0.01 sys=0.00, real=0.00 secs] 
1360.087: [GC (Allocation Failure) [PSYoungGen: 57184K->1344K(57856K)] 373267K->317427K(634368K), 0.0018463 secs] [Times: user=0.01 sys=0.00, real=0.00 secs] 
1360.379: [GC (Allocation Failure) [PSYoungGen: 57152K->1408K(57856K)] 373235K->317491K(634368K), 0.0016545 secs] [Times: user=0.01 sys=0.00, real=0.00 secs] 
1360.793: [GC (Allocation Failure) [PSYoungGen: 57216K->1376K(57856K)] 373299K->317459K(634368K), 0.0015885 secs] [Times: user=0.00 sys=0.00, real=0.00 secs] 
1361.289: [GC (Allocation Failure) [PSYoungGen: 57184K->1469K(57856K)] 373267K->317552K(634368K), 0.0019553 secs] [Times: user=0.01 sys=0.00, real=0.00 secs] 
1361.672: [GC (Allocation Failure) [PSYoungGen: 57277K->1565K(57856K)] 373360K->317665K(634368K), 0.0015731 secs] [Times: user=0.01 sys=0.00, real=0.00 secs] 
1361.996: [GC (Allocation Failure) [PSYoungGen: 57373K->1549K(57856K)] 373473K->317649K(634368K), 0.0015596 secs] [Times: user=0.01 sys=0.00, real=0.00 secs] 
1362.319: [GC (Allocation Failure) [PSYoungGen: 57357K->1581K(57856K)] 373457K->317681K(634368K), 0.0015446 secs] [Times: user=0.00 sys=0.00, real=0.00 secs] 
1362.641: [GC (Allocation Failure) [PSYoungGen: 57389K->1597K(57856K)] 373489K->317696K(634368K), 0.0015128 secs] [Times: user=0.00 sys=0.00, real=0.00 secs] 
1363.249: [GC (Allocation Failure) [PSYoungGen: 57405K->1408K(57856K)] 373504K->317507K(634368K), 0.0039255 secs] [Times: user=0.01 sys=0.00, real=0.00 secs] 
1363.828: [GC (Allocation Failure) [PSYoungGen: 57216K->1376K(57856K)] 373315K->317475K(634368K), 0.0031202 secs] [Times: user=0.01 sys=0.00, real=0.00 secs] 
1364.307: [GC (Allocation Failure) [PSYoungGen: 57184K->1408K(57856K)] 373283K->317507K(634368K), 0.0027002 secs] [Times: user=0.01 sys=0.00, real=0.00 secs] 
1364.721: [GC (Allocation Failure) [PSYoungGen: 57216K->1376K(57856K)] 373315K->317475K(634368K), 0.0027036 secs] [Times: user=0.01 sys=0.00, real=0.00 secs] 
1365.223: [GC (Allocation Failure) [PSYoungGen: 57184K->1344K(57856K)] 373283K->317443K(634368K), 0.0020574 secs] [Times: user=0.01 sys=0.00, real=0.01 secs] 
1365.629: [GC (Allocation Failure) [PSYoungGen: 57152K->1501K(57856K)] 373251K->317624K(634368K), 0.0015247 secs] [Times: user=0.01 sys=0.00, real=0.00 secs] 
1365.953: [GC (Allocation Failure) [PSYoungGen: 57309K->1616K(57856K)] 373432K->317739K(634368K), 0.0016655 secs] [Times: user=0.01 sys=0.00, real=0.01 secs] 
1366.332: [GC (Allocation Failure) [PSYoungGen: 57424K->1533K(57856K)] 373547K->317656K(634368K), 0.0015848 secs] [Times: user=0.01 sys=0.00, real=0.00 secs] 
1366.716: [GC (Allocation Failure) [PSYoungGen: 57341K->1565K(57856K)] 373464K->317689K(634368K), 0.0015827 secs] [Times: user=0.00 sys=0.00, real=0.00 secs] 
1367.186: [GC (Allocation Failure) [PSYoungGen: 57373K->1488K(57856K)] 373497K->317635K(634368K), 0.0028328 secs] [Times: user=0.01 sys=0.00, real=0.00 secs] 
1367.735: [GC (Allocation Failure) [PSYoungGen: 57296K->1376K(57856K)] 373443K->317523K(634368K), 0.0021999 secs] [Times: user=0.01 sys=0.00, real=0.01 secs] 
1368.201: [GC (Allocation Failure) [PSYoungGen: 57184K->1344K(57856K)] 373331K->317491K(634368K), 0.0019220 secs] [Times: user=0.00 sys=0.00, real=0.00 secs] 
1368.670: [GC (Allocation Failure) [PSYoungGen: 57152K->1376K(57856K)] 373299K->317523K(634368K), 0.0021763 secs] [Times: user=0.01 sys=0.00, real=0.00 secs] 
1369.203: [GC (Allocation Failure) [PSYoungGen: 57184K->1344K(57856K)] 373331K->317491K(634368K), 0.0024609 secs] [Times: user=0.01 sys=0.00, real=0.01 secs] 
1369.757: [GC (Allocation Failure) [PSYoungGen: 57152K->1472K(57856K)] 373299K->317619K(634368K), 0.0015181 secs] [Times: user=0.01 sys=0.00, real=0.00 secs] 
1370.079: [GC (Allocation Failure) [PSYoungGen: 57280K->1565K(57856K)] 373427K->317729K(634368K), 0.0016402 secs] [Times: user=0.00 sys=0.00, real=0.00 secs] 
1370.403: [GC (Allocation Failure) [PSYoungGen: 57373K->1581K(57856K)] 373537K->317745K(634368K), 0.0015032 secs] [Times: user=0.01 sys=0.00, real=0.00 secs] 
1370.738: [GC (Allocation Failure) [PSYoungGen: 57389K->1565K(57856K)] 373553K->317729K(634368K), 0.0015331 secs] [Times: user=0.01 sys=0.00, real=0.00 secs] 
1371.075: [GC (Allocation Failure) [PSYoungGen: 57373K->2000K(57856K)] 373537K->318163K(634368K), 0.0017706 secs] [Times: user=0.01 sys=0.00, real=0.00 secs] 
1371.316: [GC (Allocation Failure) [PSYoungGen: 57808K->1376K(57856K)] 373971K->317539K(634368K), 0.0017286 secs] [Times: user=0.00 sys=0.00, real=0.00 secs] 
1371.547: [GC (Allocation Failure) [PSYoungGen: 57184K->1376K(57856K)] 373347K->317539K(634368K), 0.0017473 secs] [Times: user=0.01 sys=0.00, real=0.00 secs] 
1371.779: [GC (Allocation Failure) [PSYoungGen: 57184K->1376K(57856K)] 373347K->317539K(634368K), 0.0014659 secs] [Times: user=0.01 sys=0.00, real=0.00 secs] 
1372.011: [GC (Allocation Failure) [PSYoungGen: 57184K->1376K(57856K)] 373347K->317539K(634368K), 0.0017733 secs] [Times: user=0.01 sys=0.00, real=0.00 secs] 
1372.257: [GC (Allocation Failure) [PSYoungGen: 57184K->1488K(57856K)] 373347K->317651K(634368K), 0.0014927 secs] [Times: user=0.00 sys=0.00, real=0.00 secs] 
1372.581: [GC (Allocation Failure) [PSYoungGen: 57296K->1533K(57856K)] 373459K->317712K(634368K), 0.0015339 secs] [Times: user=0.01 sys=0.01, real=0.00 secs] 
1372.905: [GC (Allocation Failure) [PSYoungGen: 57341K->1536K(57856K)] 373520K->317715K(634368K), 0.0015354 secs] [Times: user=0.01 sys=0.00, real=0.00 secs] 
1373.229: [GC (Allocation Failure) [PSYoungGen: 57344K->1533K(57856K)] 373523K->317712K(634368K), 0.0015204 secs] [Times: user=0.00 sys=0.00, real=0.00 secs] 
1373.556: [GC (Allocation Failure) [PSYoungGen: 57341K->1501K(57856K)] 373520K->317680K(634368K), 0.0015329 secs] [Times: user=0.01 sys=0.00, real=0.00 secs] 
1373.881: [GC (Allocation Failure) [PSYoungGen: 57309K->1440K(57856K)] 373488K->317619K(634368K), 0.0017993 secs] [Times: user=0.01 sys=0.00, real=0.00 secs] 
1374.118: [GC (Allocation Failure) [PSYoungGen: 57248K->1344K(57856K)] 373427K->317523K(634368K), 0.0017129 secs] [Times: user=0.01 sys=0.00, real=0.00 secs] 
1374.452: [GC (Allocation Failure) [PSYoungGen: 57152K->1344K(57856K)] 373331K->317523K(634368K), 0.0019192 secs] [Times: user=0.01 sys=0.00, real=0.00 secs] 
1374.684: [GC (Allocation Failure) [PSYoungGen: 57152K->1376K(57856K)] 373331K->317555K(634368K), 0.0018701 secs] [Times: user=0.01 sys=0.00, real=0.01 secs] 
1374.954: [GC (Allocation Failure) [PSYoungGen: 57184K->1408K(57856K)] 373363K->317603K(634368K), 0.0018035 secs] [Times: user=0.01 sys=0.00, real=0.01 secs] 
1375.314: [GC (Allocation Failure) [PSYoungGen: 57216K->1485K(57856K)] 373411K->317689K(634368K), 0.0014923 secs] [Times: user=0.00 sys=0.00, real=0.01 secs] 
1375.637: [GC (Allocation Failure) [PSYoungGen: 57293K->1536K(57856K)] 373497K->317739K(634368K), 0.0015048 secs] [Times: user=0.01 sys=0.00, real=0.00 secs] 
1376.022: [GC (Allocation Failure) [PSYoungGen: 57344K->1568K(57856K)] 373547K->317771K(634368K), 0.0016727 secs] [Times: user=0.00 sys=0.00, real=0.00 secs] 
1376.345: [GC (Allocation Failure) [PSYoungGen: 57376K->1565K(57856K)] 373579K->317768K(634368K), 0.0017913 secs] [Times: user=0.01 sys=0.00, real=0.00 secs] 
1376.659: [GC (Allocation Failure) [PSYoungGen: 57373K->1504K(57856K)] 373576K->317707K(634368K), 0.0020796 secs] [Times: user=0.01 sys=0.00, real=0.00 secs] 
1376.892: [GC (Allocation Failure) [PSYoungGen: 57312K->1360K(57856K)] 373515K->317563K(634368K), 0.0018648 secs] [Times: user=0.01 sys=0.00, real=0.00 secs] 
1377.123: [GC (Allocation Failure) [PSYoungGen: 57168K->1344K(57856K)] 373371K->317547K(634368K), 0.0019273 secs] [Times: user=0.01 sys=0.00, real=0.01 secs] 
1377.356: [GC (Allocation Failure) [PSYoungGen: 57152K->1376K(57856K)] 373355K->317579K(634368K), 0.0019861 secs] [Times: user=0.00 sys=0.00, real=0.00 secs] 
1377.601: [GC (Allocation Failure) [PSYoungGen: 57184K->1408K(57856K)] 373387K->317611K(634368K), 0.0019894 secs] [Times: user=0.01 sys=0.00, real=0.00 secs] 
1377.904: [GC (Allocation Failure) [PSYoungGen: 57216K->1501K(57856K)] 373419K->317705K(634368K), 0.0016192 secs] [Times: user=0.00 sys=0.00, real=0.01 secs] 
1378.227: [GC (Allocation Failure) [PSYoungGen: 57309K->1501K(57856K)] 373513K->317712K(634368K), 0.0015228 secs] [Times: user=0.01 sys=0.00, real=0.00 secs] 
1378.554: [GC (Allocation Failure) [PSYoungGen: 57309K->1549K(57856K)] 373520K->317761K(634368K), 0.0016969 secs] [Times: user=0.00 sys=0.00, real=0.01 secs] 
1378.938: [GC (Allocation Failure) [PSYoungGen: 57357K->1533K(57856K)] 373569K->317744K(634368K), 0.0015707 secs] [Times: user=0.01 sys=0.00, real=0.00 secs] 
1379.319: [GC (Allocation Failure) [PSYoungGen: 57341K->1613K(57856K)] 373552K->317825K(634368K), 0.0015523 secs] [Times: user=0.00 sys=0.00, real=0.00 secs] 
1379.870: [GC (Allocation Failure) [PSYoungGen: 57421K->1440K(57856K)] 373633K->317651K(634368K), 0.0028218 secs] [Times: user=0.01 sys=0.00, real=0.00 secs] 
1380.353: [GC (Allocation Failure) [PSYoungGen: 57248K->1408K(57856K)] 373459K->317619K(634368K), 0.0026900 secs] [Times: user=0.01 sys=0.00, real=0.01 secs] 
1380.732: [GC (Allocation Failure) [PSYoungGen: 57216K->1376K(57856K)] 373427K->317587K(634368K), 0.0033758 secs] [Times: user=0.01 sys=0.00, real=0.01 secs] 
1381.139: [GC (Allocation Failure) [PSYoungGen: 57184K->1376K(57856K)] 373395K->317587K(634368K), 0.0019033 secs] [Times: user=0.00 sys=0.00, real=0.00 secs] 
1381.568: [GC (Allocation Failure) [PSYoungGen: 57184K->1376K(57856K)] 373395K->317587K(634368K), 0.0018403 secs] [Times: user=0.01 sys=0.00, real=0.00 secs] 
1381.934: [GC (Allocation Failure) [PSYoungGen: 57184K->1549K(57856K)] 373395K->317769K(634368K), 0.0015282 secs] [Times: user=0.01 sys=0.00, real=0.01 secs] 
1382.256: [GC (Allocation Failure) [PSYoungGen: 57357K->1597K(57856K)] 373577K->317817K(634368K), 0.0015207 secs] [Times: user=0.00 sys=0.00, real=0.00 secs] 
1382.579: [GC (Allocation Failure) [PSYoungGen: 57405K->1549K(57856K)] 373625K->317769K(634368K), 0.0015027 secs] [Times: user=0.01 sys=0.00, real=0.00 secs] 
1382.903: [GC (Allocation Failure) [PSYoungGen: 57357K->1597K(57856K)] 373577K->317817K(634368K), 0.0016654 secs] [Times: user=0.01 sys=0.00, real=0.01 secs] 
1383.302: [GC (Allocation Failure) [PSYoungGen: 57405K->1376K(57856K)] 373625K->317595K(634368K), 0.0017917 secs] [Times: user=0.00 sys=0.00, real=0.00 secs] 
1383.808: [GC (Allocation Failure) [PSYoungGen: 57184K->1312K(57856K)] 373403K->317531K(634368K), 0.0018621 secs] [Times: user=0.00 sys=0.00, real=0.00 secs] 
1384.176: [GC (Allocation Failure) [PSYoungGen: 57120K->1456K(57856K)] 373339K->317675K(634368K), 0.0018376 secs] [Times: user=0.01 sys=0.00, real=0.00 secs] 
1384.408: [GC (Allocation Failure) [PSYoungGen: 57264K->1344K(57856K)] 373483K->317563K(634368K), 0.0018380 secs] [Times: user=0.01 sys=0.00, real=0.00 secs] 
1384.640: [GC (Allocation Failure) [PSYoungGen: 57152K->1408K(57856K)] 373371K->317627K(634368K), 0.0018898 secs] [Times: user=0.01 sys=0.00, real=0.00 secs] 
1384.953: [GC (Allocation Failure) [PSYoungGen: 57216K->1533K(57856K)] 373435K->317753K(634368K), 0.0014872 secs] [Times: user=0.00 sys=0.00, real=0.00 secs] 
1385.276: [GC (Allocation Failure) [PSYoungGen: 57341K->1533K(57856K)] 373561K->317768K(634368K), 0.0015795 secs] [Times: user=0.01 sys=0.00, real=0.00 secs] 
1385.599: [GC (Allocation Failure) [PSYoungGen: 57341K->1533K(57856K)] 373576K->317769K(634368K), 0.0015005 secs] [Times: user=0.01 sys=0.00, real=0.00 secs] 
1385.921: [GC (Allocation Failure) [PSYoungGen: 57341K->1565K(57856K)] 373577K->317816K(634368K), 0.0015044 secs] [Times: user=0.01 sys=0.00, real=0.00 secs] 
1386.270: [GC (Allocation Failure) [PSYoungGen: 57373K->1984K(57856K)] 373624K->318235K(634368K), 0.0017943 secs] [Times: user=0.01 sys=0.00, real=0.00 secs] 
1386.543: [GC (Allocation Failure) [PSYoungGen: 57792K->1344K(57856K)] 374043K->317595K(634368K), 0.0019954 secs] [Times: user=0.01 sys=0.00, real=0.01 secs] 
1386.775: [GC (Allocation Failure) [PSYoungGen: 57152K->1408K(57856K)] 373403K->317659K(634368K), 0.0016171 secs] [Times: user=0.00 sys=0.00, real=0.00 secs] 
1387.007: [GC (Allocation Failure) [PSYoungGen: 57216K->1408K(57856K)] 373467K->317659K(634368K), 0.0018410 secs] [Times: user=0.00 sys=0.00, real=0.00 secs] 
1387.238: [GC (Allocation Failure) [PSYoungGen: 57216K->1344K(57856K)] 373467K->317595K(634368K), 0.0017207 secs] [Times: user=0.01 sys=0.00, real=0.00 secs] 
1387.510: [GC (Allocation Failure) [PSYoungGen: 57152K->1469K(57856K)] 373403K->317721K(634368K), 0.0014484 secs] [Times: user=0.00 sys=0.00, real=0.00 secs] 
1387.833: [GC (Allocation Failure) [PSYoungGen: 57277K->1565K(57856K)] 373529K->317841K(634368K), 0.0015308 secs] [Times: user=0.01 sys=0.00, real=0.00 secs] 
1388.156: [GC (Allocation Failure) [PSYoungGen: 57373K->1517K(57856K)] 373649K->317793K(634368K), 0.0015443 secs] [Times: user=0.01 sys=0.00, real=0.00 secs] 
1388.482: [GC (Allocation Failure) [PSYoungGen: 57325K->1536K(57856K)] 373601K->317811K(634368K), 0.0015704 secs] [Times: user=0.00 sys=0.00, real=0.00 secs] 
1388.810: [GC (Allocation Failure) [PSYoungGen: 57326K->1533K(57856K)] 373602K->317808K(634368K), 0.0015774 secs] [Times: user=0.00 sys=0.00, real=0.00 secs] 
1389.268: [GC (Allocation Failure) [PSYoungGen: 57341K->1408K(57856K)] 373616K->317683K(634368K), 0.0018785 secs] [Times: user=0.01 sys=0.00, real=0.00 secs] 
1389.554: [GC (Allocation Failure) [PSYoungGen: 57216K->1376K(57856K)] 373491K->317651K(634368K), 0.0020653 secs] [Times: user=0.01 sys=0.00, real=0.01 secs] 
1389.799: [GC (Allocation Failure) [PSYoungGen: 57184K->1344K(57856K)] 373459K->317619K(634368K), 0.0019889 secs] [Times: user=0.01 sys=0.00, real=0.00 secs] 
1390.188: [GC (Allocation Failure) [PSYoungGen: 57152K->1376K(57856K)] 373427K->317651K(634368K), 0.0021237 secs] [Times: user=0.01 sys=0.00, real=0.00 secs] 
1390.592: [GC (Allocation Failure) [PSYoungGen: 57184K->1408K(57856K)] 373459K->317683K(634368K), 0.0036851 secs] [Times: user=0.01 sys=0.00, real=0.01 secs] 
1391.105: [GC (Allocation Failure) [PSYoungGen: 57216K->1533K(57856K)] 373491K->317824K(634368K), 0.0015123 secs] [Times: user=0.01 sys=0.00, real=0.00 secs] 
1391.429: [GC (Allocation Failure) [PSYoungGen: 57341K->1533K(57856K)] 373632K->317824K(634368K), 0.0016673 secs] [Times: user=0.01 sys=0.00, real=0.00 secs] 
1391.754: [GC (Allocation Failure) [PSYoungGen: 57341K->1536K(57856K)] 373632K->317827K(634368K), 0.0016163 secs] [Times: user=0.01 sys=0.00, real=0.01 secs] 
1392.077: [GC (Allocation Failure) [PSYoungGen: 57344K->1565K(57856K)] 373635K->317857K(634368K), 0.0017232 secs] [Times: user=0.01 sys=0.00, real=0.00 secs] 
1392.401: [GC (Allocation Failure) [PSYoungGen: 57373K->1504K(57856K)] 373665K->317803K(634368K), 0.0020419 secs] [Times: user=0.00 sys=0.00, real=0.00 secs] 
1392.635: [GC (Allocation Failure) [PSYoungGen: 57312K->1408K(57856K)] 373611K->317707K(634368K), 0.0022056 secs] [Times: user=0.01 sys=0.00, real=0.00 secs] 
1392.867: [GC (Allocation Failure) [PSYoungGen: 57216K->1344K(57856K)] 373515K->317643K(634368K), 0.0019900 secs] [Times: user=0.01 sys=0.01, real=0.00 secs] 
1393.100: [GC (Allocation Failure) [PSYoungGen: 57152K->1376K(57856K)] 373451K->317675K(634368K), 0.0019517 secs] [Times: user=0.01 sys=0.00, real=0.00 secs] 
1393.353: [GC (Allocation Failure) [PSYoungGen: 57184K->1440K(57856K)] 373483K->317739K(634368K), 0.0019192 secs] [Times: user=0.00 sys=0.00, real=0.00 secs] 
1393.816: [GC (Allocation Failure) [PSYoungGen: 57248K->1501K(57856K)] 373547K->317801K(634368K), 0.0014305 secs] [Times: user=0.00 sys=0.00, real=0.00 secs] 
1394.138: [GC (Allocation Failure) [PSYoungGen: 57309K->1600K(57856K)] 373609K->317915K(634368K), 0.0015214 secs] [Times: user=0.01 sys=0.00, real=0.00 secs] 
1394.461: [GC (Allocation Failure) [PSYoungGen: 57408K->1533K(57856K)] 373723K->317848K(634368K), 0.0015343 secs] [Times: user=0.00 sys=0.00, real=0.00 secs] 
1394.786: [GC (Allocation Failure) [PSYoungGen: 57341K->1600K(57856K)] 373656K->317915K(634368K), 0.0015047 secs] [Times: user=0.00 sys=0.00, real=0.00 secs] 
1395.112: [GC (Allocation Failure) [PSYoungGen: 57408K->1533K(57856K)] 373723K->317848K(634368K), 0.0015383 secs] [Times: user=0.01 sys=0.00, real=0.00 secs] 
1395.409: [GC (Allocation Failure) [PSYoungGen: 57341K->1408K(57856K)] 373656K->317739K(634368K), 0.0018188 secs] [Times: user=0.01 sys=0.00, real=0.00 secs] 
1395.765: [GC (Allocation Failure) [PSYoungGen: 57216K->1376K(57856K)] 373547K->317707K(634368K), 0.0019241 secs] [Times: user=0.01 sys=0.00, real=0.00 secs] 
1396.000: [GC (Allocation Failure) [PSYoungGen: 57184K->1376K(57856K)] 373515K->317707K(634368K), 0.0019264 secs] [Times: user=0.01 sys=0.00, real=0.00 secs] 
1396.248: [GC (Allocation Failure) [PSYoungGen: 57184K->1408K(57856K)] 373515K->317739K(634368K), 0.0018604 secs] [Times: user=0.00 sys=0.00, real=0.00 secs] 
1396.491: [GC (Allocation Failure) [PSYoungGen: 57216K->1376K(57856K)] 373547K->317707K(634368K), 0.0017504 secs] [Times: user=0.01 sys=0.00, real=0.00 secs] 
1396.882: [GC (Allocation Failure) [PSYoungGen: 57184K->1533K(57856K)] 373515K->317889K(634368K), 0.0016803 secs] [Times: user=0.01 sys=0.00, real=0.00 secs] 
1397.205: [GC (Allocation Failure) [PSYoungGen: 57341K->1565K(57856K)] 373697K->317921K(634368K), 0.0014857 secs] [Times: user=0.00 sys=0.00, real=0.00 secs] 
1397.531: [GC (Allocation Failure) [PSYoungGen: 57373K->1581K(57856K)] 373729K->317937K(634368K), 0.0015823 secs] [Times: user=0.00 sys=0.00, real=0.00 secs] 
1397.854: [GC (Allocation Failure) [PSYoungGen: 57389K->1504K(57856K)] 373745K->317859K(634368K), 0.0015376 secs] [Times: user=0.01 sys=0.00, real=0.01 secs] 
1398.260: [GC (Allocation Failure) [PSYoungGen: 57312K->1472K(57856K)] 373667K->317835K(634368K), 0.0017090 secs] [Times: user=0.00 sys=0.00, real=0.00 secs] 
1398.543: [GC (Allocation Failure) [PSYoungGen: 57280K->1376K(57856K)] 373643K->317739K(634368K), 0.0019824 secs] [Times: user=0.01 sys=0.00, real=0.01 secs] 
1398.776: [GC (Allocation Failure) [PSYoungGen: 57184K->1392K(57856K)] 373547K->317755K(634368K), 0.0026576 secs] [Times: user=0.01 sys=0.00, real=0.00 secs] 
1399.009: [GC (Allocation Failure) [PSYoungGen: 57200K->1408K(57856K)] 373563K->317771K(634368K), 0.0023218 secs] [Times: user=0.00 sys=0.00, real=0.00 secs] 
1399.242: [GC (Allocation Failure) [PSYoungGen: 57216K->1344K(57856K)] 373579K->317707K(634368K), 0.0022011 secs] [Times: user=0.01 sys=0.01, real=0.00 secs] 
1399.567: [GC (Allocation Failure) [PSYoungGen: 57152K->1469K(57856K)] 373515K->317832K(634368K), 0.0016167 secs] [Times: user=0.00 sys=0.00, real=0.00 secs] 
1399.889: [GC (Allocation Failure) [PSYoungGen: 57277K->1565K(57856K)] 373640K->317945K(634368K), 0.0015180 secs] [Times: user=0.00 sys=0.00, real=0.00 secs] 
1400.212: [GC (Allocation Failure) [PSYoungGen: 57373K->1533K(57856K)] 373753K->317913K(634368K), 0.0015278 secs] [Times: user=0.01 sys=0.00, real=0.00 secs] 
1400.537: [GC (Allocation Failure) [PSYoungGen: 57341K->1533K(57856K)] 373721K->317913K(634368K), 0.0015382 secs] [Times: user=0.01 sys=0.00, real=0.00 secs] 
1400.893: [GC (Allocation Failure) [PSYoungGen: 57341K->1984K(57856K)] 373721K->318371K(634368K), 0.0016857 secs] [Times: user=0.00 sys=0.00, real=0.00 secs] 
1401.383: [GC (Allocation Failure) [PSYoungGen: 57792K->1424K(57856K)] 374179K->317811K(634368K), 0.0016044 secs] [Times: user=0.01 sys=0.00, real=0.01 secs] 
1401.615: [GC (Allocation Failure) [PSYoungGen: 57232K->1376K(57856K)] 373619K->317763K(634368K), 0.0018786 secs] [Times: user=0.01 sys=0.00, real=0.00 secs] 
1401.850: [GC (Allocation Failure) [PSYoungGen: 57184K->1328K(57856K)] 373571K->317715K(634368K), 0.0024007 secs] [Times: user=0.01 sys=0.00, real=0.00 secs] 
1402.080: [GC (Allocation Failure) [PSYoungGen: 57136K->1376K(57856K)] 373523K->317763K(634368K), 0.0017902 secs] [Times: user=0.00 sys=0.00, real=0.00 secs] 
1402.358: [GC (Allocation Failure) [PSYoungGen: 57168K->1469K(57856K)] 373556K->317856K(634368K), 0.0014376 secs] [Times: user=0.00 sys=0.00, real=0.00 secs] 
1402.681: [GC (Allocation Failure) [PSYoungGen: 57277K->1533K(57856K)] 373664K->317944K(634368K), 0.0015174 secs] [Times: user=0.01 sys=0.00, real=0.00 secs] 
1403.004: [GC (Allocation Failure) [PSYoungGen: 57341K->1565K(57856K)] 373752K->317977K(634368K), 0.0015496 secs] [Times: user=0.01 sys=0.00, real=0.01 secs] 
1403.328: [GC (Allocation Failure) [PSYoungGen: 57373K->1565K(57856K)] 373785K->317977K(634368K), 0.0015104 secs] [Times: user=0.00 sys=0.00, real=0.00 secs] 
1403.654: [GC (Allocation Failure) [PSYoungGen: 57373K->1533K(57856K)] 373785K->317945K(634368K), 0.0015159 secs] [Times: user=0.00 sys=0.00, real=0.01 secs] 
1404.454: [GC (Allocation Failure) [PSYoungGen: 57341K->1440K(57856K)] 373753K->317859K(634368K), 0.0033420 secs] [Times: user=0.02 sys=0.00, real=0.01 secs] 
1405.000: [GC (Allocation Failure) [PSYoungGen: 57248K->1376K(57856K)] 373667K->317795K(634368K), 0.0030700 secs] [Times: user=0.01 sys=0.00, real=0.00 secs] 
1405.300: [GC (Allocation Failure) [PSYoungGen: 57184K->1408K(57856K)] 373603K->317827K(634368K), 0.0020142 secs] [Times: user=0.01 sys=0.00, real=0.00 secs] 
1405.532: [GC (Allocation Failure) [PSYoungGen: 57216K->1376K(57856K)] 373635K->317795K(634368K), 0.0018766 secs] [Times: user=0.01 sys=0.00, real=0.00 secs] 
1405.763: [GC (Allocation Failure) [PSYoungGen: 57184K->1408K(57856K)] 373603K->317835K(634368K), 0.0019512 secs] [Times: user=0.01 sys=0.00, real=0.01 secs] 
1406.116: [GC (Allocation Failure) [PSYoungGen: 57216K->1533K(57856K)] 373643K->317977K(634368K), 0.0014776 secs] [Times: user=0.00 sys=0.00, real=0.00 secs] 
1406.437: [GC (Allocation Failure) [PSYoungGen: 57341K->1565K(57856K)] 373785K->318009K(634368K), 0.0015017 secs] [Times: user=0.00 sys=0.00, real=0.00 secs] 
1406.762: [GC (Allocation Failure) [PSYoungGen: 57373K->1613K(57856K)] 373817K->318057K(634368K), 0.0015204 secs] [Times: user=0.01 sys=0.00, real=0.00 secs] 
1407.085: [GC (Allocation Failure) [PSYoungGen: 57413K->1565K(57856K)] 373857K->318008K(634368K), 0.0016984 secs] [Times: user=0.01 sys=0.00, real=0.00 secs] 
1407.632: [GC (Allocation Failure) [PSYoungGen: 57373K->1472K(57856K)] 373816K->317915K(634368K), 0.0020982 secs] [Times: user=0.01 sys=0.00, real=0.00 secs] 
1408.460: [GC (Allocation Failure) [PSYoungGen: 57280K->1360K(57856K)] 373723K->317803K(634368K), 0.0023982 secs] [Times: user=0.01 sys=0.00, real=0.00 secs] 
1408.914: [GC (Allocation Failure) [PSYoungGen: 57168K->1376K(57856K)] 373611K->317819K(634368K), 0.0024474 secs] [Times: user=0.01 sys=0.00, real=0.01 secs] 
1409.152: [GC (Allocation Failure) [PSYoungGen: 57184K->1424K(57856K)] 373627K->317867K(634368K), 0.0020753 secs] [Times: user=0.00 sys=0.00, real=0.00 secs] 
1409.415: [GC (Allocation Failure) [PSYoungGen: 57232K->1440K(57856K)] 373675K->317883K(634368K), 0.0026078 secs] [Times: user=0.01 sys=0.00, real=0.00 secs] 
1409.781: [GC (Allocation Failure) [PSYoungGen: 57248K->1501K(57856K)] 373691K->317944K(634368K), 0.0015139 secs] [Times: user=0.01 sys=0.00, real=0.00 secs] 
1410.103: [GC (Allocation Failure) [PSYoungGen: 57309K->1533K(57856K)] 373752K->318001K(634368K), 0.0014804 secs] [Times: user=0.01 sys=0.00, real=0.00 secs] 
1410.427: [GC (Allocation Failure) [PSYoungGen: 57341K->1533K(57856K)] 373809K->318000K(634368K), 0.0015172 secs] [Times: user=0.01 sys=0.00, real=0.00 secs] 
1410.750: [GC (Allocation Failure) [PSYoungGen: 57341K->1533K(57856K)] 373808K->318000K(634368K), 0.0015154 secs] [Times: user=0.01 sys=0.00, real=0.00 secs] 
1411.074: [GC (Allocation Failure) [PSYoungGen: 57341K->1549K(57856K)] 373808K->318017K(634368K), 0.0015391 secs] [Times: user=0.00 sys=0.00, real=0.01 secs] 
1412.270: [GC (Allocation Failure) [PSYoungGen: 57357K->1440K(57856K)] 373825K->317907K(634368K), 0.0039758 secs] [Times: user=0.02 sys=0.00, real=0.00 secs] 
1413.010: [GC (Allocation Failure) [PSYoungGen: 57248K->1376K(57856K)] 373715K->317843K(634368K), 0.0030321 secs] [Times: user=0.02 sys=0.00, real=0.00 secs] 
1413.687: [GC (Allocation Failure) [PSYoungGen: 57184K->1344K(57856K)] 373651K->317811K(634368K), 0.0040027 secs] [Times: user=0.02 sys=0.00, real=0.00 secs] 
1414.144: [GC (Allocation Failure) [PSYoungGen: 57152K->1344K(57856K)] 373619K->317811K(634368K), 0.0031992 secs] [Times: user=0.02 sys=0.00, real=0.01 secs] 
1414.608: [GC (Allocation Failure) [PSYoungGen: 57152K->1360K(57856K)] 373619K->317827K(634368K), 0.0031377 secs] [Times: user=0.02 sys=0.00, real=0.00 secs] 
1415.036: [GC (Allocation Failure) [PSYoungGen: 57168K->1501K(57856K)] 373635K->317984K(634368K), 0.0015142 secs] [Times: user=0.00 sys=0.00, real=0.00 secs] 
1415.360: [GC (Allocation Failure) [PSYoungGen: 57309K->1533K(57856K)] 373792K->318017K(634368K), 0.0015304 secs] [Times: user=0.01 sys=0.00, real=0.00 secs] 
1415.682: [GC (Allocation Failure) [PSYoungGen: 57341K->1568K(57856K)] 373825K->318051K(634368K), 0.0015429 secs] [Times: user=0.00 sys=0.00, real=0.00 secs] 
1416.007: [GC (Allocation Failure) [PSYoungGen: 57376K->1501K(57856K)] 373859K->317984K(634368K), 0.0015262 secs] [Times: user=0.01 sys=0.00, real=0.00 secs] 
1416.326: [GC (Allocation Failure) [PSYoungGen: 57309K->1424K(57856K)] 373792K->317915K(634368K), 0.0015791 secs] [Times: user=0.00 sys=0.00, real=0.00 secs] 
1416.602: [GC (Allocation Failure) [PSYoungGen: 57232K->1328K(57856K)] 373723K->317819K(634368K), 0.0017282 secs] [Times: user=0.01 sys=0.00, real=0.00 secs] 
1417.044: [GC (Allocation Failure) [PSYoungGen: 57136K->1376K(57856K)] 373627K->317867K(634368K), 0.0039680 secs] [Times: user=0.01 sys=0.00, real=0.01 secs] 
1417.503: [GC (Allocation Failure) [PSYoungGen: 57184K->1312K(57856K)] 373675K->317803K(634368K), 0.0027123 secs] [Times: user=0.01 sys=0.00, real=0.01 secs] 
1418.039: [GC (Allocation Failure) [PSYoungGen: 57120K->1376K(57856K)] 373611K->317875K(634368K), 0.0027035 secs] [Times: user=0.01 sys=0.00, real=0.00 secs] 
1418.611: [GC (Allocation Failure) [PSYoungGen: 57184K->1565K(57856K)] 373683K->318065K(634368K), 0.0015295 secs] [Times: user=0.00 sys=0.00, real=0.00 secs] 
1418.937: [GC (Allocation Failure) [PSYoungGen: 57373K->1517K(57856K)] 373873K->318025K(634368K), 0.0014794 secs] [Times: user=0.00 sys=0.00, real=0.00 secs] 
1419.261: [GC (Allocation Failure) [PSYoungGen: 57325K->1501K(57856K)] 373833K->318008K(634368K), 0.0015421 secs] [Times: user=0.01 sys=0.00, real=0.00 secs] 
1419.587: [GC (Allocation Failure) [PSYoungGen: 57309K->1533K(57856K)] 373816K->318041K(634368K), 0.0015190 secs] [Times: user=0.01 sys=0.00, real=0.00 secs] 
1419.937: [GC (Allocation Failure) [PSYoungGen: 57341K->2016K(57856K)] 373849K->318531K(634368K), 0.0017918 secs] [Times: user=0.01 sys=0.00, real=0.00 secs] 
1420.219: [GC (Allocation Failure) [PSYoungGen: 57824K->1344K(57856K)] 374339K->317859K(634368K), 0.0020003 secs] [Times: user=0.01 sys=0.00, real=0.00 secs] 
1420.461: [GC (Allocation Failure) [PSYoungGen: 57152K->1424K(57856K)] 373667K->317947K(634368K), 0.0016650 secs] [Times: user=0.01 sys=0.00, real=0.00 secs] 
1420.699: [GC (Allocation Failure) [PSYoungGen: 57232K->1440K(57856K)] 373755K->317963K(634368K), 0.0016910 secs] [Times: user=0.00 sys=0.00, real=0.00 secs] 
1420.949: [GC (Allocation Failure) [PSYoungGen: 57248K->1376K(57856K)] 373771K->317899K(634368K), 0.0022774 secs] [Times: user=0.01 sys=0.00, real=0.00 secs] 
1421.397: [GC (Allocation Failure) [PSYoungGen: 57184K->1488K(57856K)] 373707K->318011K(634368K), 0.0017576 secs] [Times: user=0.01 sys=0.00, real=0.00 secs] 
1421.740: [GC (Allocation Failure) [PSYoungGen: 57296K->1533K(57856K)] 373819K->318080K(634368K), 0.0015189 secs] [Times: user=0.01 sys=0.00, real=0.00 secs] 
1422.068: [GC (Allocation Failure) [PSYoungGen: 57341K->1533K(57856K)] 373888K->318080K(634368K), 0.0015053 secs] [Times: user=0.01 sys=0.00, real=0.00 secs] 
1422.391: [GC (Allocation Failure) [PSYoungGen: 57341K->1597K(57856K)] 373888K->318145K(634368K), 0.0015307 secs] [Times: user=0.01 sys=0.00, real=0.00 secs] 
1422.717: [GC (Allocation Failure) [PSYoungGen: 57405K->1533K(57856K)] 373953K->318080K(634368K), 0.0015282 secs] [Times: user=0.00 sys=0.00, real=0.00 secs] 
1423.308: [GC (Allocation Failure) [PSYoungGen: 57341K->1456K(57856K)] 373888K->318003K(634368K), 0.0019272 secs] [Times: user=0.00 sys=0.00, real=0.00 secs] 
1423.882: [GC (Allocation Failure) [PSYoungGen: 57264K->1344K(57856K)] 373811K->317891K(634368K), 0.0024056 secs] [Times: user=0.01 sys=0.00, real=0.00 secs] 
1424.426: [GC (Allocation Failure) [PSYoungGen: 57152K->1376K(57856K)] 373699K->317923K(634368K), 0.0027272 secs] [Times: user=0.01 sys=0.00, real=0.00 secs] 
1424.925: [GC (Allocation Failure) [PSYoungGen: 57184K->1408K(57856K)] 373731K->317955K(634368K), 0.0025463 secs] [Times: user=0.01 sys=0.00, real=0.00 secs] 
1425.509: [GC (Allocation Failure) [PSYoungGen: 57216K->1376K(57856K)] 373763K->317923K(634368K), 0.0023897 secs] [Times: user=0.00 sys=0.00, real=0.00 secs] 
1426.045: [GC (Allocation Failure) [PSYoungGen: 57184K->1533K(57856K)] 373731K->318097K(634368K), 0.0015399 secs] [Times: user=0.01 sys=0.00, real=0.00 secs] 
1426.367: [GC (Allocation Failure) [PSYoungGen: 57341K->1565K(57856K)] 373905K->318129K(634368K), 0.0015237 secs] [Times: user=0.00 sys=0.00, real=0.00 secs] 
1426.692: [GC (Allocation Failure) [PSYoungGen: 57373K->1552K(57856K)] 373937K->318115K(634368K), 0.0016427 secs] [Times: user=0.01 sys=0.00, real=0.00 secs] 
1427.072: [GC (Allocation Failure) [PSYoungGen: 57352K->1517K(57856K)] 373916K->318097K(634368K), 0.0017703 secs] [Times: user=0.01 sys=0.00, real=0.00 secs] 
1427.640: [GC (Allocation Failure) [PSYoungGen: 57325K->1456K(57856K)] 373905K->318035K(634368K), 0.0027156 secs] [Times: user=0.01 sys=0.01, real=0.00 secs] 
1427.937: [GC (Allocation Failure) [PSYoungGen: 57264K->1376K(57856K)] 373843K->317955K(634368K), 0.0019313 secs] [Times: user=0.01 sys=0.00, real=0.00 secs] 
1428.229: [GC (Allocation Failure) [PSYoungGen: 57184K->1376K(57856K)] 373763K->317955K(634368K), 0.0017820 secs] [Times: user=0.01 sys=0.00, real=0.00 secs] 
1428.525: [GC (Allocation Failure) [PSYoungGen: 57184K->1376K(57856K)] 373763K->317955K(634368K), 0.0018688 secs] [Times: user=0.01 sys=0.00, real=0.00 secs] 
1428.880: [GC (Allocation Failure) [PSYoungGen: 57184K->1376K(57856K)] 373763K->317955K(634368K), 0.0019319 secs] [Times: user=0.01 sys=0.00, real=0.00 secs] 
1429.248: [GC (Allocation Failure) [PSYoungGen: 57184K->1533K(57856K)] 373763K->318113K(634368K), 0.0015262 secs] [Times: user=0.01 sys=0.00, real=0.00 secs] 
1429.570: [GC (Allocation Failure) [PSYoungGen: 57341K->1629K(57856K)] 373921K->318225K(634368K), 0.0015132 secs] [Times: user=0.01 sys=0.00, real=0.00 secs] 
1429.962: [GC (Allocation Failure) [PSYoungGen: 57437K->1581K(57856K)] 374033K->318177K(634368K), 0.0015725 secs] [Times: user=0.01 sys=0.00, real=0.00 secs] 
1430.348: [GC (Allocation Failure) [PSYoungGen: 57389K->1613K(57856K)] 373985K->318209K(634368K), 0.0015325 secs] [Times: user=0.01 sys=0.00, real=0.00 secs] 
1430.672: [GC (Allocation Failure) [PSYoungGen: 57421K->1565K(57856K)] 374017K->318161K(634368K), 0.0015638 secs] [Times: user=0.01 sys=0.00, real=0.00 secs] 
1430.942: [GC (Allocation Failure) [PSYoungGen: 57373K->1440K(57856K)] 373969K->318035K(634368K), 0.0021167 secs] [Times: user=0.01 sys=0.00, real=0.00 secs] 
1431.174: [GC (Allocation Failure) [PSYoungGen: 57248K->1360K(57856K)] 373843K->317955K(634368K), 0.0019736 secs] [Times: user=0.01 sys=0.00, real=0.01 secs] 
1431.406: [GC (Allocation Failure) [PSYoungGen: 57168K->1344K(57856K)] 373763K->317939K(634368K), 0.0019846 secs] [Times: user=0.01 sys=0.00, real=0.00 secs] 
1431.639: [GC (Allocation Failure) [PSYoungGen: 57152K->1344K(57856K)] 373747K->317939K(634368K), 0.0019209 secs] [Times: user=0.01 sys=0.00, real=0.00 secs] 
1431.871: [GC (Allocation Failure) [PSYoungGen: 57152K->1376K(57856K)] 373747K->317971K(634368K), 0.0020346 secs] [Times: user=0.01 sys=0.00, real=0.00 secs] 
1432.363: [GC (Allocation Failure) [PSYoungGen: 57184K->1501K(57856K)] 373779K->318113K(634368K), 0.0015077 secs] [Times: user=0.01 sys=0.00, real=0.00 secs] 
1432.687: [GC (Allocation Failure) [PSYoungGen: 57309K->1533K(57856K)] 373921K->318145K(634368K), 0.0015282 secs] [Times: user=0.01 sys=0.00, real=0.00 secs] 
1433.010: [GC (Allocation Failure) [PSYoungGen: 57341K->1533K(57856K)] 373953K->318144K(634368K), 0.0015386 secs] [Times: user=0.00 sys=0.00, real=0.00 secs] 
1433.334: [GC (Allocation Failure) [PSYoungGen: 57341K->1501K(57856K)] 373952K->318112K(634368K), 0.0015010 secs] [Times: user=0.01 sys=0.00, real=0.01 secs] 
1433.656: [GC (Allocation Failure) [PSYoungGen: 57309K->1472K(57856K)] 373920K->318083K(634368K), 0.0025754 secs] [Times: user=0.01 sys=0.00, real=0.00 secs] 
1433.959: [GC (Allocation Failure) [PSYoungGen: 57280K->1440K(57856K)] 373891K->318051K(634368K), 0.0019989 secs] [Times: user=0.01 sys=0.00, real=0.00 secs] 
1434.209: [GC (Allocation Failure) [PSYoungGen: 57248K->1376K(57856K)] 373859K->317987K(634368K), 0.0020212 secs] [Times: user=0.00 sys=0.00, real=0.00 secs] 
1434.441: [GC (Allocation Failure) [PSYoungGen: 57184K->1376K(57856K)] 373795K->317987K(634368K), 0.0019602 secs] [Times: user=0.01 sys=0.00, real=0.00 secs] 
1434.739: [GC (Allocation Failure) [PSYoungGen: 57184K->1344K(57856K)] 373795K->317955K(634368K), 0.0018293 secs] [Times: user=0.00 sys=0.00, real=0.00 secs] 
1435.119: [GC (Allocation Failure) [PSYoungGen: 57152K->1485K(57856K)] 373763K->318113K(634368K), 0.0021200 secs] [Times: user=0.01 sys=0.00, real=0.00 secs] 
1435.537: [GC (Allocation Failure) [PSYoungGen: 57293K->1565K(57856K)] 373921K->318209K(634368K), 0.0015493 secs] [Times: user=0.00 sys=0.00, real=0.00 secs] 
1435.861: [GC (Allocation Failure) [PSYoungGen: 57373K->1533K(57856K)] 374017K->318176K(634368K), 0.0016934 secs] [Times: user=0.01 sys=0.00, real=0.00 secs] 
1436.184: [GC (Allocation Failure) [PSYoungGen: 57332K->1501K(57856K)] 373976K->318144K(634368K), 0.0015780 secs] [Times: user=0.00 sys=0.00, real=0.01 secs] 
1436.557: [GC (Allocation Failure) [PSYoungGen: 57309K->1968K(57856K)] 373952K->318611K(634368K), 0.0018770 secs] [Times: user=0.01 sys=0.01, real=0.00 secs] 
1437.145: [GC (Allocation Failure) [PSYoungGen: 57776K->1312K(57856K)] 374419K->317955K(634368K), 0.0033790 secs] [Times: user=0.02 sys=0.00, real=0.00 secs] 
1437.812: [GC (Allocation Failure) [PSYoungGen: 57120K->1408K(57856K)] 373763K->318051K(634368K), 0.0030346 secs] [Times: user=0.01 sys=0.01, real=0.01 secs] 
1438.486: [GC (Allocation Failure) [PSYoungGen: 57216K->1344K(57856K)] 373859K->317987K(634368K), 0.0031667 secs] [Times: user=0.01 sys=0.00, real=0.00 secs] 
1438.958: [GC (Allocation Failure) [PSYoungGen: 57152K->1408K(57856K)] 373795K->318051K(634368K), 0.0030632 secs] [Times: user=0.01 sys=0.00, real=0.00 secs] 
1439.466: [GC (Allocation Failure) [PSYoungGen: 57216K->1437K(57856K)] 373859K->318080K(634368K), 0.0021562 secs] [Times: user=0.01 sys=0.00, real=0.00 secs] 
1439.825: [GC (Allocation Failure) [PSYoungGen: 57245K->1501K(57856K)] 373888K->318160K(634368K), 0.0015635 secs] [Times: user=0.01 sys=0.00, real=0.00 secs] 
1440.147: [GC (Allocation Failure) [PSYoungGen: 57309K->1536K(57856K)] 373968K->318195K(634368K), 0.0015224 secs] [Times: user=0.00 sys=0.00, real=0.00 secs] 
1440.473: [GC (Allocation Failure) [PSYoungGen: 57344K->1533K(57856K)] 374003K->318193K(634368K), 0.0015149 secs] [Times: user=0.01 sys=0.00, real=0.01 secs] 
1440.797: [GC (Allocation Failure) [PSYoungGen: 57341K->1549K(57856K)] 374001K->318209K(634368K), 0.0015516 secs] [Times: user=0.01 sys=0.00, real=0.00 secs] 
1441.215: [GC (Allocation Failure) [PSYoungGen: 57357K->1440K(57856K)] 374017K->318099K(634368K), 0.0017437 secs] [Times: user=0.00 sys=0.00, real=0.00 secs] 
1441.570: [GC (Allocation Failure) [PSYoungGen: 57248K->1408K(57856K)] 373907K->318067K(634368K), 0.0016792 secs] [Times: user=0.01 sys=0.00, real=0.00 secs] 
1441.944: [GC (Allocation Failure) [PSYoungGen: 57216K->1376K(57856K)] 373875K->318035K(634368K), 0.0016864 secs] [Times: user=0.00 sys=0.00, real=0.01 secs] 
1442.359: [GC (Allocation Failure) [PSYoungGen: 57184K->1440K(57856K)] 373843K->318099K(634368K), 0.0016391 secs] [Times: user=0.00 sys=0.00, real=0.00 secs] 
1442.799: [GC (Allocation Failure) [PSYoungGen: 57248K->1408K(57856K)] 373907K->318067K(634368K), 0.0017885 secs] [Times: user=0.00 sys=0.00, real=0.00 secs] 
1443.229: [GC (Allocation Failure) [PSYoungGen: 57216K->1536K(57856K)] 373875K->318211K(634368K), 0.0015155 secs] [Times: user=0.00 sys=0.00, real=0.00 secs] 
1443.551: [GC (Allocation Failure) [PSYoungGen: 57344K->1549K(57856K)] 374019K->318225K(634368K), 0.0017174 secs] [Times: user=0.01 sys=0.00, real=0.00 secs] 
1443.935: [GC (Allocation Failure) [PSYoungGen: 57357K->1533K(57856K)] 374033K->318209K(634368K), 0.0015804 secs] [Times: user=0.01 sys=0.00, real=0.00 secs] 
1444.263: [GC (Allocation Failure) [PSYoungGen: 57341K->1549K(57856K)] 374017K->318225K(634368K), 0.0015893 secs] [Times: user=0.01 sys=0.00, real=0.01 secs] 
1444.640: [GC (Allocation Failure) [PSYoungGen: 57357K->1472K(57856K)] 374033K->318147K(634368K), 0.0024597 secs] [Times: user=0.01 sys=0.00, real=0.00 secs] 
1444.963: [GC (Allocation Failure) [PSYoungGen: 57280K->1408K(57856K)] 373955K->318083K(634368K), 0.0018774 secs] [Times: user=0.01 sys=0.00, real=0.01 secs] 
1445.412: [GC (Allocation Failure) [PSYoungGen: 57216K->1360K(57856K)] 373891K->318035K(634368K), 0.0024705 secs] [Times: user=0.01 sys=0.00, real=0.01 secs] 
1445.876: [GC (Allocation Failure) [PSYoungGen: 57168K->1312K(57856K)] 373843K->317987K(634368K), 0.0024243 secs] [Times: user=0.01 sys=0.00, real=0.00 secs] 
1446.342: [GC (Allocation Failure) [PSYoungGen: 57120K->1360K(57856K)] 373795K->318035K(634368K), 0.0039447 secs] [Times: user=0.02 sys=0.00, real=0.01 secs] 
1446.921: [GC (Allocation Failure) [PSYoungGen: 57168K->1453K(57856K)] 373843K->318153K(634368K), 0.0020179 secs] [Times: user=0.01 sys=0.00, real=0.00 secs] 
1447.251: [GC (Allocation Failure) [PSYoungGen: 57261K->1565K(57856K)] 373961K->318289K(634368K), 0.0015318 secs] [Times: user=0.01 sys=0.00, real=0.00 secs] 
1447.631: [GC (Allocation Failure) [PSYoungGen: 57373K->1533K(57856K)] 374097K->318257K(634368K), 0.0015798 secs] [Times: user=0.00 sys=0.00, real=0.00 secs] 
1447.955: [GC (Allocation Failure) [PSYoungGen: 57341K->1565K(57856K)] 374065K->318289K(634368K), 0.0017087 secs] [Times: user=0.00 sys=0.00, real=0.00 secs] 
1448.280: [GC (Allocation Failure) [PSYoungGen: 57373K->1565K(57856K)] 374097K->318289K(634368K), 0.0015522 secs] [Times: user=0.01 sys=0.00, real=0.00 secs] 
1448.777: [GC (Allocation Failure) [PSYoungGen: 57373K->1408K(57856K)] 374097K->318131K(634368K), 0.0033668 secs] [Times: user=0.01 sys=0.00, real=0.00 secs] 
1449.278: [GC (Allocation Failure) [PSYoungGen: 57216K->1376K(57856K)] 373939K->318099K(634368K), 0.0026215 secs] [Times: user=0.01 sys=0.00, real=0.00 secs] 
1449.744: [GC (Allocation Failure) [PSYoungGen: 57184K->1344K(57856K)] 373907K->318067K(634368K), 0.0027247 secs] [Times: user=0.01 sys=0.00, real=0.01 secs] 
1450.308: [GC (Allocation Failure) [PSYoungGen: 57152K->1376K(57856K)] 373875K->318099K(634368K), 0.0023209 secs] [Times: user=0.01 sys=0.00, real=0.00 secs] 
1451.021: [GC (Allocation Failure) [PSYoungGen: 57184K->1408K(57856K)] 373907K->318131K(634368K), 0.0041770 secs] [Times: user=0.02 sys=0.00, real=0.01 secs] 
1451.531: [GC (Allocation Failure) [PSYoungGen: 57216K->1549K(57856K)] 373939K->318281K(634368K), 0.0015261 secs] [Times: user=0.01 sys=0.00, real=0.00 secs] 
1451.854: [GC (Allocation Failure) [PSYoungGen: 57357K->1549K(57856K)] 374089K->318281K(634368K), 0.0015597 secs] [Times: user=0.00 sys=0.00, real=0.01 secs] 
1452.179: [GC (Allocation Failure) [PSYoungGen: 57357K->1533K(57856K)] 374089K->318265K(634368K), 0.0015459 secs] [Times: user=0.01 sys=0.00, real=0.00 secs] 
1452.567: [GC (Allocation Failure) [PSYoungGen: 57312K->1584K(57856K)] 374044K->318315K(634368K), 0.0017026 secs] [Times: user=0.00 sys=0.00, real=0.00 secs] 
1452.874: [GC (Allocation Failure) [PSYoungGen: 57392K->1472K(57856K)] 374123K->318203K(634368K), 0.0023935 secs] [Times: user=0.01 sys=0.00, real=0.01 secs] 
1453.106: [GC (Allocation Failure) [PSYoungGen: 57280K->1408K(57856K)] 374011K->318139K(634368K), 0.0022379 secs] [Times: user=0.01 sys=0.00, real=0.00 secs] 
1453.340: [GC (Allocation Failure) [PSYoungGen: 57216K->1376K(57856K)] 373947K->318107K(634368K), 0.0024827 secs] [Times: user=0.01 sys=0.00, real=0.00 secs] 
1453.572: [GC (Allocation Failure) [PSYoungGen: 57184K->1376K(57856K)] 373915K->318107K(634368K), 0.0019773 secs] [Times: user=0.01 sys=0.00, real=0.00 secs] 
1453.804: [GC (Allocation Failure) [PSYoungGen: 57184K->1376K(57856K)] 373915K->318115K(634368K), 0.0019603 secs] [Times: user=0.01 sys=0.00, real=0.01 secs] 
1454.109: [GC (Allocation Failure) [PSYoungGen: 57184K->1517K(57856K)] 373923K->318257K(634368K), 0.0014730 secs] [Times: user=0.01 sys=0.00, real=0.00 secs] 
1454.435: [GC (Allocation Failure) [PSYoungGen: 57325K->1597K(57856K)] 374065K->318361K(634368K), 0.0015119 secs] [Times: user=0.00 sys=0.00, real=0.00 secs] 
1454.758: [GC (Allocation Failure) [PSYoungGen: 57405K->1549K(57856K)] 374169K->318321K(634368K), 0.0015432 secs] [Times: user=0.00 sys=0.00, real=0.00 secs] 
1455.144: [GC (Allocation Failure) [PSYoungGen: 57357K->1501K(57856K)] 374129K->318272K(634368K), 0.0015844 secs] [Times: user=0.01 sys=0.00, real=0.01 secs] 
1455.499: [GC (Allocation Failure) [PSYoungGen: 57309K->2000K(57856K)] 374080K->318771K(634368K), 0.0018380 secs] [Times: user=0.00 sys=0.00, real=0.00 secs] 
1455.731: [GC (Allocation Failure) [PSYoungGen: 57808K->1408K(57856K)] 374579K->318203K(634368K), 0.0020367 secs] [Times: user=0.01 sys=0.00, real=0.00 secs] 
1455.963: [GC (Allocation Failure) [PSYoungGen: 57216K->1376K(57856K)] 374011K->318171K(634368K), 0.0019731 secs] [Times: user=0.01 sys=0.00, real=0.01 secs] 
1456.195: [GC (Allocation Failure) [PSYoungGen: 57184K->1376K(57856K)] 373979K->318171K(634368K), 0.0019591 secs] [Times: user=0.00 sys=0.00, real=0.00 secs] 
1456.427: [GC (Allocation Failure) [PSYoungGen: 57184K->1408K(57856K)] 373979K->318203K(634368K), 0.0021176 secs] [Times: user=0.01 sys=0.00, real=0.00 secs] 
1456.695: [GC (Allocation Failure) [PSYoungGen: 57216K->1469K(57856K)] 374011K->318264K(634368K), 0.0014320 secs] [Times: user=0.01 sys=0.00, real=0.00 secs] 
1457.018: [GC (Allocation Failure) [PSYoungGen: 57277K->1520K(57856K)] 374072K->318331K(634368K), 0.0015342 secs] [Times: user=0.00 sys=0.00, real=0.00 secs] 
1457.341: [GC (Allocation Failure) [PSYoungGen: 57328K->1549K(57856K)] 374139K->318361K(634368K), 0.0014923 secs] [Times: user=0.00 sys=0.00, real=0.00 secs] 
1457.729: [GC (Allocation Failure) [PSYoungGen: 57357K->1565K(57856K)] 374169K->318377K(634368K), 0.0015697 secs] [Times: user=0.01 sys=0.00, real=0.00 secs] 
1458.053: [GC (Allocation Failure) [PSYoungGen: 57355K->1501K(57856K)] 374167K->318312K(634368K), 0.0015778 secs] [Times: user=0.00 sys=0.00, real=0.01 secs] 
1458.551: [GC (Allocation Failure) [PSYoungGen: 57309K->1472K(57856K)] 374120K->318283K(634368K), 0.0022989 secs] [Times: user=0.01 sys=0.00, real=0.00 secs] 
1459.036: [GC (Allocation Failure) [PSYoungGen: 57280K->1408K(57856K)] 374091K->318219K(634368K), 0.0021369 secs] [Times: user=0.01 sys=0.00, real=0.00 secs] 
1459.503: [GC (Allocation Failure) [PSYoungGen: 57216K->1344K(57856K)] 374027K->318155K(634368K), 0.0020606 secs] [Times: user=0.01 sys=0.00, real=0.01 secs] 
1459.769: [GC (Allocation Failure) [PSYoungGen: 57152K->1344K(57856K)] 373963K->318155K(634368K), 0.0019773 secs] [Times: user=0.01 sys=0.00, real=0.00 secs] 
1460.001: [GC (Allocation Failure) [PSYoungGen: 57152K->1344K(57856K)] 373963K->318155K(634368K), 0.0017476 secs] [Times: user=0.01 sys=0.00, real=0.00 secs] 
1460.331: [GC (Allocation Failure) [PSYoungGen: 57152K->1504K(57856K)] 373963K->318331K(634368K), 0.0015005 secs] [Times: user=0.01 sys=0.00, real=0.00 secs] 
1460.653: [GC (Allocation Failure) [PSYoungGen: 57312K->1517K(57856K)] 374139K->318345K(634368K), 0.0015296 secs] [Times: user=0.00 sys=0.00, real=0.00 secs] 
1460.979: [GC (Allocation Failure) [PSYoungGen: 57325K->1501K(57856K)] 374153K->318328K(634368K), 0.0015307 secs] [Times: user=0.00 sys=0.00, real=0.00 secs] 
1461.303: [GC (Allocation Failure) [PSYoungGen: 57309K->1629K(57856K)] 374136K->318457K(634368K), 0.0014941 secs] [Times: user=0.01 sys=0.00, real=0.01 secs] 
1461.675: [GC (Allocation Failure) [PSYoungGen: 57437K->1488K(57856K)] 374265K->318315K(634368K), 0.0017424 secs] [Times: user=0.01 sys=0.00, real=0.00 secs] 
1462.169: [GC (Allocation Failure) [PSYoungGen: 57296K->1392K(57856K)] 374123K->318219K(634368K), 0.0019172 secs] [Times: user=0.00 sys=0.00, real=0.00 secs] 
1462.688: [GC (Allocation Failure) [PSYoungGen: 57200K->1376K(57856K)] 374027K->318203K(634368K), 0.0055857 secs] [Times: user=0.03 sys=0.00, real=0.00 secs] 
1463.180: [GC (Allocation Failure) [PSYoungGen: 57184K->1376K(57856K)] 374011K->318203K(634368K), 0.0020358 secs] [Times: user=0.00 sys=0.00, real=0.00 secs] 
1463.656: [GC (Allocation Failure) [PSYoungGen: 57184K->1376K(57856K)] 374011K->318203K(634368K), 0.0036854 secs] [Times: user=0.02 sys=0.00, real=0.00 secs] 
1464.152: [GC (Allocation Failure) [PSYoungGen: 57184K->1517K(57856K)] 374011K->318345K(634368K), 0.0014524 secs] [Times: user=0.01 sys=0.00, real=0.00 secs] 
1464.534: [GC (Allocation Failure) [PSYoungGen: 57325K->1501K(57856K)] 374153K->318344K(634368K), 0.0015826 secs] [Times: user=0.00 sys=0.00, real=0.01 secs] 
1464.917: [GC (Allocation Failure) [PSYoungGen: 57309K->1533K(57856K)] 374152K->318376K(634368K), 0.0015723 secs] [Times: user=0.00 sys=0.00, real=0.00 secs] 
1465.241: [GC (Allocation Failure) [PSYoungGen: 57341K->1533K(57856K)] 374184K->318376K(634368K), 0.0015429 secs] [Times: user=0.01 sys=0.00, real=0.00 secs] 
1465.566: [GC (Allocation Failure) [PSYoungGen: 57341K->1501K(57856K)] 374184K->318344K(634368K), 0.0015322 secs] [Times: user=0.01 sys=0.00, real=0.00 secs] 
1465.872: [GC (Allocation Failure) [PSYoungGen: 57309K->1408K(57856K)] 374152K->318251K(634368K), 0.0027430 secs] [Times: user=0.02 sys=0.00, real=0.01 secs] 
1466.195: [GC (Allocation Failure) [PSYoungGen: 57216K->1408K(57856K)] 374059K->318251K(634368K), 0.0019112 secs] [Times: user=0.00 sys=0.00, real=0.01 secs] 
1466.432: [GC (Allocation Failure) [PSYoungGen: 57216K->1392K(57856K)] 374059K->318243K(634368K), 0.0018767 secs] [Times: user=0.00 sys=0.00, real=0.00 secs] 
1466.676: [GC (Allocation Failure) [PSYoungGen: 57200K->1376K(57856K)] 374051K->318227K(634368K), 0.0017143 secs] [Times: user=0.00 sys=0.00, real=0.00 secs] 
1466.913: [GC (Allocation Failure) [PSYoungGen: 57184K->1344K(57856K)] 374035K->318195K(634368K), 0.0019404 secs] [Times: user=0.00 sys=0.00, real=0.00 secs] 
1467.300: [GC (Allocation Failure) [PSYoungGen: 57152K->1501K(57856K)] 374003K->318369K(634368K), 0.0015345 secs] [Times: user=0.00 sys=0.00, real=0.00 secs] 
1467.623: [GC (Allocation Failure) [PSYoungGen: 57309K->1533K(57856K)] 374177K->318401K(634368K), 0.0015137 secs] [Times: user=0.01 sys=0.00, real=0.00 secs] 
1467.946: [GC (Allocation Failure) [PSYoungGen: 57341K->1533K(57856K)] 374209K->318400K(634368K), 0.0015166 secs] [Times: user=0.01 sys=0.00, real=0.00 secs] 
1468.275: [GC (Allocation Failure) [PSYoungGen: 57341K->1549K(57856K)] 374208K->318417K(634368K), 0.0015114 secs] [Times: user=0.01 sys=0.00, real=0.00 secs] 
1468.627: [GC (Allocation Failure) [PSYoungGen: 57357K->1472K(57856K)] 374225K->318339K(634368K), 0.0020368 secs] [Times: user=0.01 sys=0.00, real=0.00 secs] 
1468.982: [GC (Allocation Failure) [PSYoungGen: 57280K->1344K(57856K)] 374147K->318211K(634368K), 0.0016178 secs] [Times: user=0.00 sys=0.00, real=0.00 secs] 
1469.454: [GC (Allocation Failure) [PSYoungGen: 57152K->1376K(57856K)] 374019K->318243K(634368K), 0.0036861 secs] [Times: user=0.01 sys=0.00, real=0.01 secs] 
1469.945: [GC (Allocation Failure) [PSYoungGen: 57184K->1392K(57856K)] 374051K->318259K(634368K), 0.0026402 secs] [Times: user=0.01 sys=0.01, real=0.00 secs] 
1470.441: [GC (Allocation Failure) [PSYoungGen: 57200K->1344K(57856K)] 374067K->318211K(634368K), 0.0022616 secs] [Times: user=0.00 sys=0.00, real=0.00 secs] 
1470.900: [GC (Allocation Failure) [PSYoungGen: 57152K->1549K(57856K)] 374019K->318417K(634368K), 0.0014094 secs] [Times: user=0.01 sys=0.00, real=0.00 secs] 
1471.223: [GC (Allocation Failure) [PSYoungGen: 57357K->1565K(57856K)] 374225K->318449K(634368K), 0.0015370 secs] [Times: user=0.00 sys=0.00, real=0.01 secs] 
1471.547: [GC (Allocation Failure) [PSYoungGen: 57373K->1565K(57856K)] 374257K->318449K(634368K), 0.0015245 secs] [Times: user=0.00 sys=0.00, real=0.00 secs] 
1471.870: [GC (Allocation Failure) [PSYoungGen: 57373K->1565K(57856K)] 374257K->318449K(634368K), 0.0015048 secs] [Times: user=0.01 sys=0.00, real=0.00 secs] 
1472.241: [GC (Allocation Failure) [PSYoungGen: 57373K->2016K(57856K)] 374257K->318899K(634368K), 0.0017205 secs] [Times: user=0.00 sys=0.01, real=0.00 secs] 
1472.501: [GC (Allocation Failure) [PSYoungGen: 57824K->1408K(57856K)] 374707K->318291K(634368K), 0.0017524 secs] [Times: user=0.01 sys=0.00, real=0.00 secs] 
1472.733: [GC (Allocation Failure) [PSYoungGen: 57216K->1408K(57856K)] 374099K->318291K(634368K), 0.0018731 secs] [Times: user=0.01 sys=0.00, real=0.00 secs] 
1472.965: [GC (Allocation Failure) [PSYoungGen: 57216K->1440K(57856K)] 374099K->318323K(634368K), 0.0063139 secs] [Times: user=0.03 sys=0.00, real=0.01 secs] 
1473.201: [GC (Allocation Failure) [PSYoungGen: 57248K->1344K(57856K)] 374131K->318227K(634368K), 0.0018887 secs] [Times: user=0.01 sys=0.00, real=0.00 secs] 
1473.488: [GC (Allocation Failure) [PSYoungGen: 57152K->1453K(57344K)] 374035K->318337K(633856K), 0.0016035 secs] [Times: user=0.00 sys=0.00, real=0.00 secs] 
1473.812: [GC (Allocation Failure) [PSYoungGen: 57261K->1597K(57856K)] 374145K->318497K(634368K), 0.0019415 secs] [Times: user=0.01 sys=0.00, real=0.00 secs] 
1474.135: [GC (Allocation Failure) [PSYoungGen: 57405K->589K(56832K)] 374305K->318513K(633344K), 0.0016823 secs] [Times: user=0.01 sys=0.00, real=0.00 secs] 
1474.521: [GC (Allocation Failure) [PSYoungGen: 56397K->525K(56832K)] 374321K->318449K(633344K), 0.0018567 secs] [Times: user=0.00 sys=0.00, real=0.00 secs] 
1474.844: [GC (Allocation Failure) [PSYoungGen: 56333K->544K(56832K)] 374257K->318467K(633344K), 0.0015490 secs] [Times: user=0.01 sys=0.00, real=0.01 secs] 
1475.121: [GC (Allocation Failure) [PSYoungGen: 56352K->1392K(57344K)] 374275K->319315K(633856K), 0.0024740 secs] [Times: user=0.01 sys=0.00, real=0.00 secs] 
1475.354: [GC (Allocation Failure) [PSYoungGen: 57200K->1344K(57344K)] 375123K->319283K(633856K), 0.0020074 secs] [Times: user=0.01 sys=0.00, real=0.01 secs] 
1475.586: [GC (Allocation Failure) [PSYoungGen: 57152K->1344K(57344K)] 375091K->319283K(633856K), 0.0020179 secs] [Times: user=0.01 sys=0.00, real=0.00 secs] 
1475.818: [GC (Allocation Failure) [PSYoungGen: 57152K->1376K(57856K)] 375091K->319315K(634368K), 0.0019181 secs] [Times: user=0.00 sys=0.00, real=0.00 secs] 
1476.050: [GC (Allocation Failure) [PSYoungGen: 57184K->1376K(57856K)] 375123K->319315K(634368K), 0.0020435 secs] [Times: user=0.01 sys=0.00, real=0.00 secs] 
1476.372: [GC (Allocation Failure) [PSYoungGen: 57184K->1469K(57856K)] 375123K->319425K(634368K), 0.0014927 secs] [Times: user=0.00 sys=0.00, real=0.00 secs] 
1476.696: [GC (Allocation Failure) [PSYoungGen: 57277K->1565K(57856K)] 375233K->319521K(634368K), 0.0014984 secs] [Times: user=0.01 sys=0.00, real=0.00 secs] 
1477.020: [GC (Allocation Failure) [PSYoungGen: 57373K->1533K(57856K)] 375329K->319489K(634368K), 0.0015922 secs] [Times: user=0.01 sys=0.00, real=0.00 secs] 
1477.345: [GC (Allocation Failure) [PSYoungGen: 57341K->1568K(57856K)] 375297K->319523K(634368K), 0.0015306 secs] [Times: user=0.00 sys=0.00, real=0.01 secs] 
1478.014: [GC (Allocation Failure) [PSYoungGen: 57376K->1440K(57856K)] 375331K->319395K(634368K), 0.0024521 secs] [Times: user=0.01 sys=0.00, real=0.01 secs] 
1479.528: [GC (Allocation Failure) [PSYoungGen: 57248K->1408K(57856K)] 375203K->319363K(634368K), 0.0038552 secs] [Times: user=0.02 sys=0.00, real=0.00 secs] 
1480.283: [GC (Allocation Failure) [PSYoungGen: 57216K->1360K(57856K)] 375171K->319315K(634368K), 0.0025830 secs] [Times: user=0.01 sys=0.00, real=0.01 secs] 
1480.512: [GC (Allocation Failure) [PSYoungGen: 57168K->1376K(57856K)] 375123K->319331K(634368K), 0.0019892 secs] [Times: user=0.01 sys=0.00, real=0.00 secs] 
1480.743: [GC (Allocation Failure) [PSYoungGen: 57184K->1376K(57856K)] 375139K->319331K(634368K), 0.0017230 secs] [Times: user=0.01 sys=0.00, real=0.01 secs] 
1481.117: [GC (Allocation Failure) [PSYoungGen: 57184K->1501K(57856K)] 375139K->319457K(634368K), 0.0014462 secs] [Times: user=0.01 sys=0.00, real=0.00 secs] 
1481.439: [GC (Allocation Failure) [PSYoungGen: 57309K->1565K(57856K)] 375265K->319537K(634368K), 0.0015224 secs] [Times: user=0.00 sys=0.00, real=0.00 secs] 
1481.762: [GC (Allocation Failure) [PSYoungGen: 57373K->1584K(57856K)] 375345K->319555K(634368K), 0.0015389 secs] [Times: user=0.01 sys=0.00, real=0.00 secs] 
1482.088: [GC (Allocation Failure) [PSYoungGen: 57392K->1517K(57856K)] 375363K->319489K(634368K), 0.0014979 secs] [Times: user=0.01 sys=0.00, real=0.00 secs] 
1482.411: [GC (Allocation Failure) [PSYoungGen: 57301K->1533K(57856K)] 375272K->319505K(634368K), 0.0015059 secs] [Times: user=0.00 sys=0.00, real=0.00 secs] 
1482.915: [GC (Allocation Failure) [PSYoungGen: 57341K->1424K(57856K)] 375313K->319395K(634368K), 0.0020110 secs] [Times: user=0.01 sys=0.00, real=0.00 secs] 
1483.424: [GC (Allocation Failure) [PSYoungGen: 57232K->1376K(57856K)] 375203K->319347K(634368K), 0.0021689 secs] [Times: user=0.00 sys=0.00, real=0.01 secs] 
1483.656: [GC (Allocation Failure) [PSYoungGen: 57184K->1344K(57856K)] 375155K->319315K(634368K), 0.0020294 secs] [Times: user=0.01 sys=0.00, real=0.00 secs] 
1483.888: [GC (Allocation Failure) [PSYoungGen: 57152K->1408K(57856K)] 375123K->319379K(634368K), 0.0022374 secs] [Times: user=0.01 sys=0.00, real=0.00 secs] 
1484.120: [GC (Allocation Failure) [PSYoungGen: 57216K->1344K(57856K)] 375187K->319315K(634368K), 0.0018438 secs] [Times: user=0.01 sys=0.00, real=0.00 secs] 
1484.462: [GC (Allocation Failure) [PSYoungGen: 57152K->1501K(57856K)] 375123K->319481K(634368K), 0.0015374 secs] [Times: user=0.00 sys=0.00, real=0.00 secs] 
1484.786: [GC (Allocation Failure) [PSYoungGen: 57309K->1533K(57856K)] 375289K->319513K(634368K), 0.0015437 secs] [Times: user=0.01 sys=0.00, real=0.00 secs] 
1485.109: [GC (Allocation Failure) [PSYoungGen: 57341K->1533K(57856K)] 375321K->319513K(634368K), 0.0014949 secs] [Times: user=0.00 sys=0.00, real=0.00 secs] 
1485.490: [GC (Allocation Failure) [PSYoungGen: 57324K->1533K(57856K)] 375304K->319529K(634368K), 0.0015512 secs] [Times: user=0.00 sys=0.00, real=0.00 secs] 
1485.812: [GC (Allocation Failure) [PSYoungGen: 57341K->1440K(57856K)] 375337K->319435K(634368K), 0.0021074 secs] [Times: user=0.01 sys=0.00, real=0.00 secs] 
1486.044: [GC (Allocation Failure) [PSYoungGen: 57248K->1344K(57856K)] 375243K->319339K(634368K), 0.0019122 secs] [Times: user=0.00 sys=0.00, real=0.01 secs] 
1486.276: [GC (Allocation Failure) [PSYoungGen: 57152K->1376K(57856K)] 375147K->319371K(634368K), 0.0019440 secs] [Times: user=0.01 sys=0.00, real=0.00 secs] 
1486.507: [GC (Allocation Failure) [PSYoungGen: 57184K->1344K(57856K)] 375179K->319339K(634368K), 0.0019504 secs] [Times: user=0.01 sys=0.00, real=0.00 secs] 
1486.739: [GC (Allocation Failure) [PSYoungGen: 57152K->1376K(57856K)] 375147K->319371K(634368K), 0.0017629 secs] [Times: user=0.01 sys=0.00, real=0.00 secs] 
1487.061: [GC (Allocation Failure) [PSYoungGen: 57184K->1469K(57856K)] 375179K->319465K(634368K), 0.0014669 secs] [Times: user=0.01 sys=0.00, real=0.00 secs] 
1487.382: [GC (Allocation Failure) [PSYoungGen: 57277K->1549K(57856K)] 375273K->319569K(634368K), 0.0015362 secs] [Times: user=0.01 sys=0.00, real=0.00 secs] 
1487.706: [GC (Allocation Failure) [PSYoungGen: 57357K->1533K(57856K)] 375377K->319553K(634368K), 0.0015200 secs] [Times: user=0.01 sys=0.00, real=0.00 secs] 
1488.031: [GC (Allocation Failure) [PSYoungGen: 57341K->1549K(57856K)] 375361K->319569K(634368K), 0.0015287 secs] [Times: user=0.00 sys=0.00, real=0.00 secs] 
1488.373: [GC (Allocation Failure) [PSYoungGen: 57357K->2000K(57856K)] 375377K->320019K(634368K), 0.0019703 secs] [Times: user=0.01 sys=0.00, real=0.01 secs] 
1488.605: [GC (Allocation Failure) [PSYoungGen: 57808K->1376K(57856K)] 375827K->319395K(634368K), 0.0018278 secs] [Times: user=0.01 sys=0.00, real=0.00 secs] 
1488.836: [GC (Allocation Failure) [PSYoungGen: 57184K->1408K(57856K)] 375203K->319427K(634368K), 0.0017698 secs] [Times: user=0.01 sys=0.00, real=0.00 secs] 
1489.068: [GC (Allocation Failure) [PSYoungGen: 57216K->1376K(57856K)] 375235K->319395K(634368K), 0.0018019 secs] [Times: user=0.00 sys=0.00, real=0.00 secs] 
1489.371: [GC (Allocation Failure) [PSYoungGen: 57184K->1344K(57856K)] 375203K->319363K(634368K), 0.0018707 secs] [Times: user=0.01 sys=0.00, real=0.00 secs] 
1489.812: [GC (Allocation Failure) [PSYoungGen: 57152K->1472K(57856K)] 375171K->319491K(634368K), 0.0014138 secs] [Times: user=0.01 sys=0.00, real=0.00 secs] 
1490.136: [GC (Allocation Failure) [PSYoungGen: 57280K->1517K(57856K)] 375299K->319553K(634368K), 0.0015359 secs] [Times: user=0.01 sys=0.00, real=0.00 secs] 
1490.520: [GC (Allocation Failure) [PSYoungGen: 57319K->1501K(57856K)] 375354K->319537K(634368K), 0.0015391 secs] [Times: user=0.01 sys=0.00, real=0.00 secs] 
1490.843: [GC (Allocation Failure) [PSYoungGen: 57309K->1597K(57856K)] 375345K->319633K(634368K), 0.0015485 secs] [Times: user=0.01 sys=0.00, real=0.00 secs] 
1491.167: [GC (Allocation Failure) [PSYoungGen: 57405K->1613K(57856K)] 375441K->319649K(634368K), 0.0015780 secs] [Times: user=0.01 sys=0.00, real=0.00 secs] 
1491.461: [GC (Allocation Failure) [PSYoungGen: 57421K->1472K(57856K)] 375457K->319507K(634368K), 0.0028321 secs] [Times: user=0.01 sys=0.00, real=0.00 secs] 
1491.692: [GC (Allocation Failure) [PSYoungGen: 57280K->1376K(57856K)] 375315K->319411K(634368K), 0.0019931 secs] [Times: user=0.01 sys=0.00, real=0.00 secs] 
1491.924: [GC (Allocation Failure) [PSYoungGen: 57184K->1376K(57856K)] 375219K->319411K(634368K), 0.0020537 secs] [Times: user=0.01 sys=0.00, real=0.01 secs] 
1492.156: [GC (Allocation Failure) [PSYoungGen: 57184K->1376K(57856K)] 375219K->319411K(634368K), 0.0018819 secs] [Times: user=0.01 sys=0.00, real=0.00 secs] 
1492.387: [GC (Allocation Failure) [PSYoungGen: 57184K->1344K(57856K)] 375219K->319379K(634368K), 0.0018084 secs] [Times: user=0.01 sys=0.00, real=0.00 secs] 
1492.816: [GC (Allocation Failure) [PSYoungGen: 57152K->1533K(57856K)] 375187K->319585K(634368K), 0.0015399 secs] [Times: user=0.00 sys=0.00, real=0.00 secs] 
1493.138: [GC (Allocation Failure) [PSYoungGen: 57341K->1549K(57856K)] 375393K->319601K(634368K), 0.0018208 secs] [Times: user=0.01 sys=0.00, real=0.00 secs] 
1493.465: [GC (Allocation Failure) [PSYoungGen: 57357K->1629K(57856K)] 375409K->319681K(634368K), 0.0034257 secs] [Times: user=0.01 sys=0.00, real=0.01 secs] 
1493.865: [GC (Allocation Failure) [PSYoungGen: 57437K->1568K(57856K)] 375489K->319619K(634368K), 0.0017006 secs] [Times: user=0.01 sys=0.00, real=0.00 secs] 
1494.180: [GC (Allocation Failure) [PSYoungGen: 57376K->1488K(57856K)] 375427K->319539K(634368K), 0.0018396 secs] [Times: user=0.01 sys=0.00, real=0.00 secs] 
1494.424: [GC (Allocation Failure) [PSYoungGen: 57296K->1360K(57856K)] 375347K->319411K(634368K), 0.0021741 secs] [Times: user=0.01 sys=0.00, real=0.01 secs] 
1494.646: [GC (Allocation Failure) [PSYoungGen: 57168K->1408K(57856K)] 375219K->319459K(634368K), 0.0017736 secs] [Times: user=0.01 sys=0.00, real=0.00 secs] 
1494.878: [GC (Allocation Failure) [PSYoungGen: 57216K->1344K(57856K)] 375267K->319411K(634368K), 0.0019137 secs] [Times: user=0.00 sys=0.00, real=0.00 secs] 
1495.110: [GC (Allocation Failure) [PSYoungGen: 57152K->1376K(57856K)] 375219K->319443K(634368K), 0.0018568 secs] [Times: user=0.01 sys=0.00, real=0.00 secs] 
1495.395: [GC (Allocation Failure) [PSYoungGen: 57184K->1485K(57856K)] 375251K->319553K(634368K), 0.0015289 secs] [Times: user=0.01 sys=0.00, real=0.00 secs] 
1495.717: [GC (Allocation Failure) [PSYoungGen: 57293K->1581K(57856K)] 375361K->319673K(634368K), 0.0015366 secs] [Times: user=0.00 sys=0.00, real=0.00 secs] 
1496.039: [GC (Allocation Failure) [PSYoungGen: 57389K->1536K(57856K)] 375481K->319627K(634368K), 0.0015361 secs] [Times: user=0.00 sys=0.00, real=0.00 secs] 
1496.364: [GC (Allocation Failure) [PSYoungGen: 57344K->1584K(57856K)] 375435K->319675K(634368K), 0.0015415 secs] [Times: user=0.00 sys=0.00, real=0.01 secs] 
1496.688: [GC (Allocation Failure) [PSYoungGen: 57392K->1565K(57856K)] 375483K->319657K(634368K), 0.0016981 secs] [Times: user=0.01 sys=0.00, real=0.00 secs] 
1496.979: [GC (Allocation Failure) [PSYoungGen: 57373K->1408K(57856K)] 375465K->319499K(634368K), 0.0017014 secs] [Times: user=0.01 sys=0.00, real=0.00 secs] 
1497.210: [GC (Allocation Failure) [PSYoungGen: 57216K->1344K(57856K)] 375307K->319435K(634368K), 0.0018491 secs] [Times: user=0.00 sys=0.00, real=0.00 secs] 
1497.495: [GC (Allocation Failure) [PSYoungGen: 57152K->1344K(57856K)] 375243K->319435K(634368K), 0.0018573 secs] [Times: user=0.01 sys=0.00, real=0.00 secs] 
1497.995: [GC (Allocation Failure) [PSYoungGen: 57152K->1376K(57856K)] 375243K->319467K(634368K), 0.0030079 secs] [Times: user=0.01 sys=0.00, real=0.00 secs] 
1498.492: [GC (Allocation Failure) [PSYoungGen: 57184K->1376K(57856K)] 375275K->319467K(634368K), 0.0024867 secs] [Times: user=0.01 sys=0.00, real=0.00 secs] 
1498.915: [GC (Allocation Failure) [PSYoungGen: 57184K->1501K(57856K)] 375275K->319609K(634368K), 0.0014994 secs] [Times: user=0.00 sys=0.00, real=0.00 secs] 
1499.237: [GC (Allocation Failure) [PSYoungGen: 57309K->1552K(57856K)] 375417K->319659K(634368K), 0.0015342 secs] [Times: user=0.01 sys=0.00, real=0.00 secs] 
1499.565: [GC (Allocation Failure) [PSYoungGen: 57360K->1565K(57856K)] 375467K->319673K(634368K), 0.0015187 secs] [Times: user=0.01 sys=0.00, real=0.00 secs] 
1499.953: [GC (Allocation Failure) [PSYoungGen: 57373K->1533K(57856K)] 375481K->319641K(634368K), 0.0015570 secs] [Times: user=0.01 sys=0.00, real=0.00 secs] 
1500.420: [GC (Allocation Failure) [PSYoungGen: 57341K->1424K(57856K)] 375449K->319531K(634368K), 0.0020908 secs] [Times: user=0.01 sys=0.00, real=0.00 secs] 
1500.829: [GC (Allocation Failure) [PSYoungGen: 57232K->1440K(57856K)] 375339K->319547K(634368K), 0.0020218 secs] [Times: user=0.01 sys=0.00, real=0.00 secs] 
1501.062: [GC (Allocation Failure) [PSYoungGen: 57248K->1376K(57856K)] 375355K->319483K(634368K), 0.0018375 secs] [Times: user=0.00 sys=0.00, real=0.00 secs] 
1501.352: [GC (Allocation Failure) [PSYoungGen: 57184K->1376K(57856K)] 375291K->319483K(634368K), 0.0017155 secs] [Times: user=0.01 sys=0.00, real=0.00 secs] 
1501.724: [GC (Allocation Failure) [PSYoungGen: 57184K->1408K(57856K)] 375291K->319515K(634368K), 0.0020114 secs] [Times: user=0.00 sys=0.00, real=0.01 secs] 
1502.159: [GC (Allocation Failure) [PSYoungGen: 57216K->1504K(57856K)] 375323K->319611K(634368K), 0.0014640 secs] [Times: user=0.01 sys=0.01, real=0.00 secs] 
1502.482: [GC (Allocation Failure) [PSYoungGen: 57310K->1581K(57856K)] 375417K->319697K(634368K), 0.0015504 secs] [Times: user=0.01 sys=0.00, real=0.00 secs] 
1502.804: [GC (Allocation Failure) [PSYoungGen: 57389K->1581K(57856K)] 375505K->319697K(634368K), 0.0015160 secs] [Times: user=0.01 sys=0.00, real=0.01 secs] 
1503.129: [GC (Allocation Failure) [PSYoungGen: 57389K->1565K(57856K)] 375505K->319681K(634368K), 0.0015346 secs] [Times: user=0.00 sys=0.00, real=0.00 secs] 
1503.485: [GC (Allocation Failure) [PSYoungGen: 57373K->1984K(57856K)] 375489K->320099K(634368K), 0.0019034 secs] [Times: user=0.00 sys=0.00, real=0.01 secs] 
1503.917: [GC (Allocation Failure) [PSYoungGen: 57792K->1376K(57856K)] 375907K->319491K(634368K), 0.0017785 secs] [Times: user=0.01 sys=0.00, real=0.00 secs] 
1504.365: [GC (Allocation Failure) [PSYoungGen: 57184K->1392K(57856K)] 375299K->319507K(634368K), 0.0018243 secs] [Times: user=0.00 sys=0.00, real=0.00 secs] 
1504.690: [GC (Allocation Failure) [PSYoungGen: 57200K->1376K(57856K)] 375315K->319491K(634368K), 0.0018298 secs] [Times: user=0.01 sys=0.00, real=0.00 secs] 
1504.921: [GC (Allocation Failure) [PSYoungGen: 57184K->1344K(57856K)] 375299K->319459K(634368K), 0.0017274 secs] [Times: user=0.00 sys=0.00, real=0.00 secs] 
1505.259: [GC (Allocation Failure) [PSYoungGen: 57152K->1437K(57856K)] 375267K->319553K(634368K), 0.0015662 secs] [Times: user=0.01 sys=0.00, real=0.00 secs] 
1505.585: [GC (Allocation Failure) [PSYoungGen: 57245K->1533K(57856K)] 375361K->319665K(634368K), 0.0015078 secs] [Times: user=0.01 sys=0.00, real=0.00 secs] 
1505.908: [GC (Allocation Failure) [PSYoungGen: 57341K->1533K(57856K)] 375473K->319681K(634368K), 0.0016605 secs] [Times: user=0.01 sys=0.00, real=0.00 secs] 
1506.231: [GC (Allocation Failure) [PSYoungGen: 57341K->1581K(57856K)] 375489K->319729K(634368K), 0.0015171 secs] [Times: user=0.00 sys=0.00, real=0.00 secs] 
1506.556: [GC (Allocation Failure) [PSYoungGen: 57389K->1501K(57856K)] 375537K->319649K(634368K), 0.0015123 secs] [Times: user=0.00 sys=0.00, real=0.00 secs] 
1507.303: [GC (Allocation Failure) [PSYoungGen: 57309K->1408K(57856K)] 375457K->319555K(634368K), 0.0019164 secs] [Times: user=0.01 sys=0.00, real=0.01 secs] 
1508.202: [GC (Allocation Failure) [PSYoungGen: 57216K->1376K(57856K)] 375363K->319523K(634368K), 0.0019828 secs] [Times: user=0.01 sys=0.00, real=0.00 secs] 
1508.844: [GC (Allocation Failure) [PSYoungGen: 57184K->1344K(57856K)] 375331K->319491K(634368K), 0.0026846 secs] [Times: user=0.01 sys=0.00, real=0.01 secs] 
1509.273: [GC (Allocation Failure) [PSYoungGen: 57152K->1344K(57856K)] 375299K->319491K(634368K), 0.0025038 secs] [Times: user=0.02 sys=0.00, real=0.01 secs] 
1509.737: [GC (Allocation Failure) [PSYoungGen: 57152K->1344K(57856K)] 375299K->319491K(634368K), 0.0026748 secs] [Times: user=0.01 sys=0.00, real=0.00 secs] 
1510.170: [GC (Allocation Failure) [PSYoungGen: 57152K->1469K(57856K)] 375299K->319633K(634368K), 0.0014830 secs] [Times: user=0.01 sys=0.00, real=0.00 secs] 
1510.492: [GC (Allocation Failure) [PSYoungGen: 57277K->1597K(57856K)] 375441K->319761K(634368K), 0.0014570 secs] [Times: user=0.01 sys=0.00, real=0.00 secs] 
1510.882: [GC (Allocation Failure) [PSYoungGen: 57405K->1616K(57856K)] 375569K->319779K(634368K), 0.0015477 secs] [Times: user=0.01 sys=0.00, real=0.00 secs] 
1511.268: [GC (Allocation Failure) [PSYoungGen: 57424K->1549K(57856K)] 375587K->319713K(634368K), 0.0015627 secs] [Times: user=0.01 sys=0.00, real=0.00 secs] 
1511.955: [GC (Allocation Failure) [PSYoungGen: 57357K->1472K(57856K)] 375521K->319635K(634368K), 0.0038423 secs] [Times: user=0.02 sys=0.00, real=0.00 secs] 
1512.741: [GC (Allocation Failure) [PSYoungGen: 57280K->1376K(57856K)] 375443K->319539K(634368K), 0.0040145 secs] [Times: user=0.01 sys=0.00, real=0.00 secs] 
1513.329: [GC (Allocation Failure) [PSYoungGen: 57184K->1376K(57856K)] 375347K->319539K(634368K), 0.0031038 secs] [Times: user=0.01 sys=0.00, real=0.00 secs] 
1513.860: [GC (Allocation Failure) [PSYoungGen: 57184K->1392K(57856K)] 375347K->319555K(634368K), 0.0034092 secs] [Times: user=0.01 sys=0.00, real=0.00 secs] 
1514.333: [GC (Allocation Failure) [PSYoungGen: 57200K->1376K(57856K)] 375363K->319539K(634368K), 0.0029757 secs] [Times: user=0.01 sys=0.00, real=0.01 secs] 
1514.651: [GC (Allocation Failure) [PSYoungGen: 57184K->1453K(57856K)] 375347K->319617K(634368K), 0.0014644 secs] [Times: user=0.00 sys=0.00, real=0.00 secs] 
1514.976: [GC (Allocation Failure) [PSYoungGen: 57261K->1501K(57856K)] 375425K->319681K(634368K), 0.0016159 secs] [Times: user=0.01 sys=0.00, real=0.00 secs] 
1515.303: [GC (Allocation Failure) [PSYoungGen: 57309K->1581K(57856K)] 375489K->319761K(634368K), 0.0014671 secs] [Times: user=0.01 sys=0.00, real=0.00 secs] 
1515.692: [GC (Allocation Failure) [PSYoungGen: 57389K->1565K(57856K)] 375569K->319745K(634368K), 0.0015544 secs] [Times: user=0.01 sys=0.00, real=0.00 secs] 
1516.070: [GC (Allocation Failure) [PSYoungGen: 57373K->1565K(57856K)] 375553K->319745K(634368K), 0.0015546 secs] [Times: user=0.01 sys=0.00, real=0.00 secs] 
1516.654: [GC (Allocation Failure) [PSYoungGen: 57373K->1376K(57856K)] 375553K->319555K(634368K), 0.0021775 secs] [Times: user=0.01 sys=0.00, real=0.01 secs] 
1517.149: [GC (Allocation Failure) [PSYoungGen: 57184K->1344K(57856K)] 375363K->319523K(634368K), 0.0021685 secs] [Times: user=0.01 sys=0.00, real=0.00 secs] 
1517.658: [GC (Allocation Failure) [PSYoungGen: 57152K->1408K(57856K)] 375331K->319611K(634368K), 0.0017644 secs] [Times: user=0.01 sys=0.00, real=0.00 secs] 
1518.242: [GC (Allocation Failure) [PSYoungGen: 57216K->1344K(57856K)] 375419K->319547K(634368K), 0.0020015 secs] [Times: user=0.00 sys=0.00, real=0.00 secs] 
1518.803: [GC (Allocation Failure) [PSYoungGen: 57152K->1376K(57856K)] 375355K->319579K(634368K), 0.0023345 secs] [Times: user=0.01 sys=0.00, real=0.01 secs] 
1519.244: [GC (Allocation Failure) [PSYoungGen: 57184K->1536K(57856K)] 375387K->319755K(634368K), 0.0015076 secs] [Times: user=0.01 sys=0.00, real=0.01 secs] 
1519.567: [GC (Allocation Failure) [PSYoungGen: 57344K->1504K(57856K)] 375563K->319723K(634368K), 0.0015654 secs] [Times: user=0.00 sys=0.00, real=0.00 secs] 
1519.892: [GC (Allocation Failure) [PSYoungGen: 57312K->1533K(57856K)] 375531K->319753K(634368K), 0.0015430 secs] [Times: user=0.01 sys=0.00, real=0.00 secs] 
1520.217: [GC (Allocation Failure) [PSYoungGen: 57341K->1552K(57856K)] 375561K->319771K(634368K), 0.0015567 secs] [Times: user=0.00 sys=0.00, real=0.00 secs] 
1521.051: [GC (Allocation Failure) [PSYoungGen: 57360K->1392K(57856K)] 375579K->319611K(634368K), 0.0026542 secs] [Times: user=0.01 sys=0.00, real=0.00 secs] 
1521.873: [GC (Allocation Failure) [PSYoungGen: 57200K->1344K(57856K)] 375419K->319563K(634368K), 0.0028101 secs] [Times: user=0.01 sys=0.00, real=0.01 secs] 
1522.433: [GC (Allocation Failure) [PSYoungGen: 57152K->1376K(57856K)] 375371K->319595K(634368K), 0.0026704 secs] [Times: user=0.01 sys=0.00, real=0.01 secs] 
1522.932: [GC (Allocation Failure) [PSYoungGen: 57184K->1376K(57856K)] 375403K->319595K(634368K), 0.0026256 secs] [Times: user=0.01 sys=0.00, real=0.01 secs] 
1523.192: [GC (Allocation Failure) [PSYoungGen: 57184K->1408K(57856K)] 375403K->319627K(634368K), 0.0019841 secs] [Times: user=0.01 sys=0.00, real=0.00 secs] 
1523.546: [GC (Allocation Failure) [PSYoungGen: 57216K->1501K(57856K)] 375435K->319721K(634368K), 0.0015936 secs] [Times: user=0.00 sys=0.00, real=0.00 secs] 
1523.868: [GC (Allocation Failure) [PSYoungGen: 57309K->1581K(57856K)] 375529K->319817K(634368K), 0.0016083 secs] [Times: user=0.01 sys=0.00, real=0.00 secs] 
1524.259: [GC (Allocation Failure) [PSYoungGen: 57389K->1568K(57856K)] 375625K->319803K(634368K), 0.0015992 secs] [Times: user=0.01 sys=0.00, real=0.00 secs] 
1524.651: [GC (Allocation Failure) [PSYoungGen: 57376K->1581K(57856K)] 375611K->319817K(634368K), 0.0015519 secs] [Times: user=0.00 sys=0.00, real=0.00 secs] 
1525.020: [GC (Allocation Failure) [PSYoungGen: 57389K->1936K(57856K)] 375625K->320171K(634368K), 0.0019201 secs] [Times: user=0.01 sys=0.00, real=0.00 secs] 
1525.342: [GC (Allocation Failure) [PSYoungGen: 57744K->1376K(57856K)] 375979K->319611K(634368K), 0.0024904 secs] [Times: user=0.01 sys=0.00, real=0.01 secs] 
1525.626: [GC (Allocation Failure) [PSYoungGen: 57184K->1376K(57856K)] 375419K->319611K(634368K), 0.0018408 secs] [Times: user=0.01 sys=0.00, real=0.00 secs] 
1526.077: [GC (Allocation Failure) [PSYoungGen: 57184K->1344K(57856K)] 375419K->319579K(634368K), 0.0018656 secs] [Times: user=0.01 sys=0.00, real=0.00 secs] 
1526.539: [GC (Allocation Failure) [PSYoungGen: 57152K->1408K(57856K)] 375387K->319643K(634368K), 0.0021462 secs] [Times: user=0.00 sys=0.00, real=0.00 secs] 
1527.119: [GC (Allocation Failure) [PSYoungGen: 57216K->1504K(57856K)] 375451K->319739K(634368K), 0.0026862 secs] [Times: user=0.01 sys=0.00, real=0.00 secs] 
1527.515: [GC (Allocation Failure) [PSYoungGen: 57312K->1581K(57856K)] 375547K->319833K(634368K), 0.0015889 secs] [Times: user=0.01 sys=0.00, real=0.01 secs] 
1527.837: [GC (Allocation Failure) [PSYoungGen: 57389K->1549K(57856K)] 375641K->319801K(634368K), 0.0017257 secs] [Times: user=0.01 sys=0.00, real=0.00 secs] 
1528.161: [GC (Allocation Failure) [PSYoungGen: 57357K->1533K(57856K)] 375609K->319785K(634368K), 0.0015307 secs] [Times: user=0.01 sys=0.00, real=0.00 secs] 
1528.485: [GC (Allocation Failure) [PSYoungGen: 57341K->1565K(57856K)] 375593K->319817K(634368K), 0.0015823 secs] [Times: user=0.01 sys=0.00, real=0.00 secs] 
1529.109: [GC (Allocation Failure) [PSYoungGen: 57373K->1408K(57856K)] 375625K->319659K(634368K), 0.0027002 secs] [Times: user=0.01 sys=0.00, real=0.00 secs] 
1529.399: [GC (Allocation Failure) [PSYoungGen: 57216K->1424K(57856K)] 375467K->319675K(634368K), 0.0019716 secs] [Times: user=0.01 sys=0.00, real=0.00 secs] 
1529.784: [GC (Allocation Failure) [PSYoungGen: 57232K->1376K(57856K)] 375483K->319627K(634368K), 0.0018388 secs] [Times: user=0.00 sys=0.00, real=0.01 secs] 
1530.232: [GC (Allocation Failure) [PSYoungGen: 57184K->1376K(57856K)] 375435K->319627K(634368K), 0.0029751 secs] [Times: user=0.01 sys=0.00, real=0.01 secs] 
1530.669: [GC (Allocation Failure) [PSYoungGen: 57184K->1376K(57856K)] 375435K->319627K(634368K), 0.0032375 secs] [Times: user=0.02 sys=0.00, real=0.00 secs] 
1531.173: [GC (Allocation Failure) [PSYoungGen: 57184K->1517K(57856K)] 375435K->319785K(634368K), 0.0015531 secs] [Times: user=0.00 sys=0.00, real=0.01 secs] 
1531.556: [GC (Allocation Failure) [PSYoungGen: 57325K->1565K(57856K)] 375593K->319833K(634368K), 0.0015514 secs] [Times: user=0.01 sys=0.00, real=0.00 secs] 
1531.879: [GC (Allocation Failure) [PSYoungGen: 57373K->1549K(57856K)] 375641K->319817K(634368K), 0.0015972 secs] [Times: user=0.01 sys=0.00, real=0.00 secs] 
1532.261: [GC (Allocation Failure) [PSYoungGen: 57357K->1565K(57856K)] 375625K->319833K(634368K), 0.0015445 secs] [Times: user=0.01 sys=0.00, real=0.00 secs] 
1532.812: [GC (Allocation Failure) [PSYoungGen: 57373K->1504K(57856K)] 375641K->319771K(634368K), 0.0026423 secs] [Times: user=0.01 sys=0.00, real=0.00 secs] 
1533.242: [GC (Allocation Failure) [PSYoungGen: 57312K->1344K(57856K)] 375579K->319619K(634368K), 0.0026300 secs] [Times: user=0.01 sys=0.00, real=0.01 secs] 
1533.784: [GC (Allocation Failure) [PSYoungGen: 57152K->1376K(57856K)] 375427K->319651K(634368K), 0.0023059 secs] [Times: user=0.01 sys=0.00, real=0.01 secs] 
1534.326: [GC (Allocation Failure) [PSYoungGen: 57184K->1344K(57856K)] 375459K->319619K(634368K), 0.0023953 secs] [Times: user=0.01 sys=0.00, real=0.00 secs] 
1535.080: [GC (Allocation Failure) [PSYoungGen: 57152K->1376K(57856K)] 375427K->319651K(634368K), 0.0028112 secs] [Times: user=0.01 sys=0.00, real=0.00 secs] 
1535.981: [GC (Allocation Failure) [PSYoungGen: 57184K->1440K(57856K)] 375459K->319715K(634368K), 0.0017815 secs] [Times: user=0.01 sys=0.00, real=0.00 secs] 
1536.318: [GC (Allocation Failure) [PSYoungGen: 57248K->1533K(57856K)] 375523K->319825K(634368K), 0.0016919 secs] [Times: user=0.01 sys=0.00, real=0.00 secs] 
1536.642: [GC (Allocation Failure) [PSYoungGen: 57341K->1517K(57856K)] 375633K->319809K(634368K), 0.0015516 secs] [Times: user=0.00 sys=0.00, real=0.00 secs] 
1536.965: [GC (Allocation Failure) [PSYoungGen: 57325K->1533K(57856K)] 375617K->319825K(634368K), 0.0015223 secs] [Times: user=0.01 sys=0.00, real=0.00 secs] 
1537.290: [GC (Allocation Failure) [PSYoungGen: 57341K->1533K(57856K)] 375633K->319825K(634368K), 0.0015297 secs] [Times: user=0.00 sys=0.00, real=0.00 secs] 
1538.014: [GC (Allocation Failure) [PSYoungGen: 57341K->1440K(57856K)] 375633K->319747K(634368K), 0.0019239 secs] [Times: user=0.00 sys=0.00, real=0.01 secs] 
1538.537: [GC (Allocation Failure) [PSYoungGen: 57248K->1376K(57856K)] 375555K->319683K(634368K), 0.0019594 secs] [Times: user=0.01 sys=0.00, real=0.00 secs] 
1539.042: [GC (Allocation Failure) [PSYoungGen: 57184K->1392K(57856K)] 375491K->319699K(634368K), 0.0032062 secs] [Times: user=0.02 sys=0.00, real=0.01 secs] 
1539.619: [GC (Allocation Failure) [PSYoungGen: 57200K->1408K(57856K)] 375507K->319715K(634368K), 0.0037944 secs] [Times: user=0.01 sys=0.00, real=0.00 secs] 
1540.093: [GC (Allocation Failure) [PSYoungGen: 57216K->1360K(57856K)] 375523K->319667K(634368K), 0.0026492 secs] [Times: user=0.01 sys=0.00, real=0.01 secs] 
1540.587: [GC (Allocation Failure) [PSYoungGen: 57168K->1549K(57856K)] 375475K->319873K(634368K), 0.0015856 secs] [Times: user=0.01 sys=0.00, real=0.00 secs] 
1540.908: [GC (Allocation Failure) [PSYoungGen: 57357K->1581K(57856K)] 375681K->319905K(634368K), 0.0015544 secs] [Times: user=0.01 sys=0.00, real=0.00 secs] 
1541.234: [GC (Allocation Failure) [PSYoungGen: 57389K->1549K(57856K)] 375713K->319873K(634368K), 0.0015841 secs] [Times: user=0.00 sys=0.00, real=0.01 secs] 
1541.558: [GC (Allocation Failure) [PSYoungGen: 57357K->1533K(57856K)] 375681K->319857K(634368K), 0.0015175 secs] [Times: user=0.01 sys=0.00, real=0.00 secs] 
1542.007: [GC (Allocation Failure) [PSYoungGen: 57341K->1504K(57856K)] 375665K->319827K(634368K), 0.0017723 secs] [Times: user=0.01 sys=0.00, real=0.00 secs] 
1542.591: [GC (Allocation Failure) [PSYoungGen: 57312K->1344K(57856K)] 375635K->319667K(634368K), 0.0019761 secs] [Times: user=0.01 sys=0.00, real=0.00 secs] 
1543.236: [GC (Allocation Failure) [PSYoungGen: 57152K->1408K(57856K)] 375475K->319731K(634368K), 0.0018185 secs] [Times: user=0.01 sys=0.00, real=0.00 secs] 
1543.784: [GC (Allocation Failure) [PSYoungGen: 57216K->1376K(57856K)] 375539K->319699K(634368K), 0.0019079 secs] [Times: user=0.01 sys=0.00, real=0.01 secs] 
1544.172: [GC (Allocation Failure) [PSYoungGen: 57184K->1376K(57856K)] 375507K->319699K(634368K), 0.0019788 secs] [Times: user=0.00 sys=0.00, real=0.00 secs] 
1544.554: [GC (Allocation Failure) [PSYoungGen: 57184K->1501K(57856K)] 375507K->319825K(634368K), 0.0014692 secs] [Times: user=0.01 sys=0.00, real=0.01 secs] 
1544.886: [GC (Allocation Failure) [PSYoungGen: 57309K->1501K(57856K)] 375633K->319849K(634368K), 0.0015382 secs] [Times: user=0.00 sys=0.00, real=0.00 secs] 
1545.215: [GC (Allocation Failure) [PSYoungGen: 57309K->1597K(57856K)] 375657K->319945K(634368K), 0.0014836 secs] [Times: user=0.00 sys=0.00, real=0.01 secs] 
1545.599: [GC (Allocation Failure) [PSYoungGen: 57405K->1565K(57856K)] 375753K->319913K(634368K), 0.0015848 secs] [Times: user=0.01 sys=0.00, real=0.00 secs] 
1545.994: [GC (Allocation Failure) [PSYoungGen: 57373K->1728K(57856K)] 375721K->320075K(634368K), 0.0017987 secs] [Times: user=0.01 sys=0.00, real=0.01 secs] 
1546.225: [GC (Allocation Failure) [PSYoungGen: 57536K->1408K(57856K)] 375883K->319755K(634368K), 0.0019680 secs] [Times: user=0.00 sys=0.00, real=0.00 secs] 
1546.457: [GC (Allocation Failure) [PSYoungGen: 57216K->1360K(57856K)] 375563K->319723K(634368K), 0.0019397 secs] [Times: user=0.01 sys=0.00, real=0.00 secs] 
1546.689: [GC (Allocation Failure) [PSYoungGen: 57168K->1312K(57856K)] 375531K->319675K(634368K), 0.0017412 secs] [Times: user=0.00 sys=0.00, real=0.00 secs] 
1546.921: [GC (Allocation Failure) [PSYoungGen: 57120K->1344K(57856K)] 375483K->319707K(634368K), 0.0018058 secs] [Times: user=0.01 sys=0.00, real=0.00 secs] 
1547.187: [GC (Allocation Failure) [PSYoungGen: 57152K->1533K(57856K)] 375515K->319897K(634368K), 0.0015173 secs] [Times: user=0.00 sys=0.00, real=0.00 secs] 
1547.511: [GC (Allocation Failure) [PSYoungGen: 57341K->1549K(57856K)] 375705K->319929K(634368K), 0.0015191 secs] [Times: user=0.01 sys=0.00, real=0.00 secs] 
1547.834: [GC (Allocation Failure) [PSYoungGen: 57330K->1504K(57856K)] 375710K->319883K(634368K), 0.0015139 secs] [Times: user=0.00 sys=0.00, real=0.01 secs] 
1548.157: [GC (Allocation Failure) [PSYoungGen: 57312K->1565K(57856K)] 375691K->319945K(634368K), 0.0015346 secs] [Times: user=0.01 sys=0.00, real=0.00 secs] 
1548.481: [GC (Allocation Failure) [PSYoungGen: 57373K->1565K(57856K)] 375753K->319945K(634368K), 0.0015182 secs] [Times: user=0.00 sys=0.00, real=0.00 secs] 
1548.764: [GC (Allocation Failure) [PSYoungGen: 57373K->1424K(57856K)] 375753K->319803K(634368K), 0.0017412 secs] [Times: user=0.01 sys=0.00, real=0.01 secs] 
1548.996: [GC (Allocation Failure) [PSYoungGen: 57232K->1376K(57856K)] 375611K->319755K(634368K), 0.0017474 secs] [Times: user=0.01 sys=0.00, real=0.00 secs] 
1549.228: [GC (Allocation Failure) [PSYoungGen: 57184K->1392K(57856K)] 375563K->319771K(634368K), 0.0016950 secs] [Times: user=0.01 sys=0.00, real=0.00 secs] 
1549.461: [GC (Allocation Failure) [PSYoungGen: 57200K->1408K(57856K)] 375579K->319787K(634368K), 0.0016493 secs] [Times: user=0.01 sys=0.01, real=0.00 secs] 
1549.754: [GC (Allocation Failure) [PSYoungGen: 57216K->1424K(57856K)] 375595K->319803K(634368K), 0.0018101 secs] [Times: user=0.01 sys=0.00, real=0.01 secs] 
1550.074: [GC (Allocation Failure) [PSYoungGen: 57232K->1469K(57856K)] 375611K->319873K(634368K), 0.0016915 secs] [Times: user=0.01 sys=0.00, real=0.01 secs] 
1550.397: [GC (Allocation Failure) [PSYoungGen: 57277K->1533K(57856K)] 375681K->319937K(634368K), 0.0015418 secs] [Times: user=0.00 sys=0.00, real=0.00 secs] 
1550.722: [GC (Allocation Failure) [PSYoungGen: 57341K->1565K(57856K)] 375745K->319969K(634368K), 0.0015275 secs] [Times: user=0.00 sys=0.00, real=0.00 secs] 
1551.110: [GC (Allocation Failure) [PSYoungGen: 57373K->1501K(57856K)] 375777K->319905K(634368K), 0.0015426 secs] [Times: user=0.01 sys=0.00, real=0.00 secs] 
1551.517: [GC (Allocation Failure) [PSYoungGen: 57309K->1504K(57856K)] 375713K->319915K(634368K), 0.0020429 secs] [Times: user=0.01 sys=0.00, real=0.00 secs] 
1551.766: [GC (Allocation Failure) [PSYoungGen: 57312K->1376K(57856K)] 375723K->319787K(634368K), 0.0020677 secs] [Times: user=0.01 sys=0.01, real=0.00 secs] 
1551.998: [GC (Allocation Failure) [PSYoungGen: 57184K->1312K(57856K)] 375595K->319723K(634368K), 0.0019900 secs] [Times: user=0.01 sys=0.00, real=0.00 secs] 
1552.321: [GC (Allocation Failure) [PSYoungGen: 57120K->1392K(57856K)] 375531K->319803K(634368K), 0.0018637 secs] [Times: user=0.01 sys=0.00, real=0.00 secs] 
1552.582: [GC (Allocation Failure) [PSYoungGen: 57200K->1376K(57856K)] 375611K->319787K(634368K), 0.0019697 secs] [Times: user=0.01 sys=0.00, real=0.00 secs] 
1552.925: [GC (Allocation Failure) [PSYoungGen: 57184K->1469K(57856K)] 375595K->319881K(634368K), 0.0014701 secs] [Times: user=0.01 sys=0.00, real=0.00 secs] 
1553.247: [GC (Allocation Failure) [PSYoungGen: 57277K->1565K(57856K)] 375689K->320001K(634368K), 0.0015343 secs] [Times: user=0.00 sys=0.00, real=0.00 secs] 
1553.570: [GC (Allocation Failure) [PSYoungGen: 57373K->1565K(57856K)] 375809K->320001K(634368K), 0.0015195 secs] [Times: user=0.01 sys=0.00, real=0.00 secs] 
1553.895: [GC (Allocation Failure) [PSYoungGen: 57373K->1581K(57856K)] 375809K->320017K(634368K), 0.0015320 secs] [Times: user=0.01 sys=0.00, real=0.00 secs] 
1554.218: [GC (Allocation Failure) [PSYoungGen: 57388K->1533K(57856K)] 375824K->319969K(634368K), 0.0017101 secs] [Times: user=0.00 sys=0.00, real=0.00 secs] 
1554.766: [GC (Allocation Failure) [PSYoungGen: 57341K->1424K(57856K)] 375777K->319859K(634368K), 0.0022398 secs] [Times: user=0.00 sys=0.00, real=0.00 secs] 
1555.228: [GC (Allocation Failure) [PSYoungGen: 57232K->1408K(57856K)] 375667K->319843K(634368K), 0.0032786 secs] [Times: user=0.01 sys=0.00, real=0.00 secs] 
1555.605: [GC (Allocation Failure) [PSYoungGen: 57216K->1344K(57856K)] 375651K->319779K(634368K), 0.0020883 secs] [Times: user=0.00 sys=0.00, real=0.00 secs] 
1555.837: [GC (Allocation Failure) [PSYoungGen: 57152K->1408K(57856K)] 375587K->319875K(634368K), 0.0017453 secs] [Times: user=0.00 sys=0.01, real=0.00 secs] 
1556.070: [GC (Allocation Failure) [PSYoungGen: 57216K->1408K(57856K)] 375683K->319875K(634368K), 0.0018045 secs] [Times: user=0.01 sys=0.00, real=0.00 secs] 
1556.535: [GC (Allocation Failure) [PSYoungGen: 57216K->1501K(57856K)] 375683K->320001K(634368K), 0.0014805 secs] [Times: user=0.01 sys=0.00, real=0.00 secs] 
1556.857: [GC (Allocation Failure) [PSYoungGen: 57309K->1501K(57856K)] 375809K->320001K(634368K), 0.0015588 secs] [Times: user=0.01 sys=0.00, real=0.00 secs] 
1557.179: [GC (Allocation Failure) [PSYoungGen: 57309K->1597K(57856K)] 375809K->320097K(634368K), 0.0015085 secs] [Times: user=0.00 sys=0.00, real=0.00 secs] 
1557.505: [GC (Allocation Failure) [PSYoungGen: 57405K->1533K(57856K)] 375905K->320033K(634368K), 0.0015255 secs] [Times: user=0.01 sys=0.00, real=0.00 secs] 
1558.136: [GC (Allocation Failure) [PSYoungGen: 57341K->1472K(57856K)] 375841K->319971K(634368K), 0.0035186 secs] [Times: user=0.01 sys=0.00, real=0.00 secs] 
1558.749: [GC (Allocation Failure) [PSYoungGen: 57280K->1360K(57856K)] 375779K->319859K(634368K), 0.0035084 secs] [Times: user=0.01 sys=0.00, real=0.00 secs] 
1559.165: [GC (Allocation Failure) [PSYoungGen: 57168K->1440K(57856K)] 375667K->319939K(634368K), 0.0027160 secs] [Times: user=0.01 sys=0.00, real=0.00 secs] 
1559.609: [GC (Allocation Failure) [PSYoungGen: 57248K->1376K(57856K)] 375747K->319875K(634368K), 0.0024815 secs] [Times: user=0.01 sys=0.00, real=0.00 secs] 
1560.048: [GC (Allocation Failure) [PSYoungGen: 57184K->1344K(57856K)] 375683K->319843K(634368K), 0.0021263 secs] [Times: user=0.01 sys=0.00, real=0.00 secs] 
1560.622: [GC (Allocation Failure) [PSYoungGen: 57152K->1469K(57856K)] 375651K->319969K(634368K), 0.0019076 secs] [Times: user=0.00 sys=0.00, real=0.00 secs] 
1560.946: [GC (Allocation Failure) [PSYoungGen: 57277K->1552K(57856K)] 375777K->320067K(634368K), 0.0016855 secs] [Times: user=0.01 sys=0.00, real=0.00 secs] 
1561.268: [GC (Allocation Failure) [PSYoungGen: 57360K->1565K(57856K)] 375875K->320081K(634368K), 0.0015341 secs] [Times: user=0.01 sys=0.00, real=0.00 secs] 
1561.594: [GC (Allocation Failure) [PSYoungGen: 57373K->1549K(57856K)] 375889K->320065K(634368K), 0.0016115 secs] [Times: user=0.01 sys=0.00, real=0.01 secs] 
1561.966: [GC (Allocation Failure) [PSYoungGen: 57153K->1968K(57856K)] 375669K->320483K(634368K), 0.0017043 secs] [Times: user=0.01 sys=0.00, real=0.00 secs] 
1562.209: [GC (Allocation Failure) [PSYoungGen: 57776K->1408K(57856K)] 376291K->319923K(634368K), 0.0029088 secs] [Times: user=0.01 sys=0.00, real=0.00 secs] 
1562.835: [GC (Allocation Failure) [PSYoungGen: 57216K->1376K(57856K)] 375731K->319891K(634368K), 0.0023213 secs] [Times: user=0.01 sys=0.00, real=0.00 secs] 
1563.275: [GC (Allocation Failure) [PSYoungGen: 57184K->1344K(57856K)] 375699K->319859K(634368K), 0.0020682 secs] [Times: user=0.00 sys=0.00, real=0.01 secs] 
1563.770: [GC (Allocation Failure) [PSYoungGen: 57152K->1408K(57856K)] 375667K->319923K(634368K), 0.0024469 secs] [Times: user=0.01 sys=0.00, real=0.00 secs] 
1564.233: [GC (Allocation Failure) [PSYoungGen: 57216K->1453K(57856K)] 375731K->319969K(634368K), 0.0021678 secs] [Times: user=0.01 sys=0.00, real=0.01 secs] 
1564.589: [GC (Allocation Failure) [PSYoungGen: 57261K->1533K(57856K)] 375777K->320065K(634368K), 0.0015298 secs] [Times: user=0.01 sys=0.00, real=0.00 secs] 
1564.913: [GC (Allocation Failure) [PSYoungGen: 57341K->1581K(57856K)] 375873K->320113K(634368K), 0.0016452 secs] [Times: user=0.00 sys=0.00, real=0.01 secs] 
1565.243: [GC (Allocation Failure) [PSYoungGen: 57389K->1533K(57856K)] 375921K->320065K(634368K), 0.0014523 secs] [Times: user=0.00 sys=0.00, real=0.00 secs] 
1565.631: [GC (Allocation Failure) [PSYoungGen: 57341K->1565K(57856K)] 375873K->320097K(634368K), 0.0015136 secs] [Times: user=0.01 sys=0.00, real=0.00 secs] 
1566.231: [GC (Allocation Failure) [PSYoungGen: 57373K->1424K(57856K)] 375905K->319955K(634368K), 0.0033336 secs] [Times: user=0.02 sys=0.00, real=0.00 secs] 
1566.737: [GC (Allocation Failure) [PSYoungGen: 57232K->1360K(57856K)] 375763K->319915K(634368K), 0.0031524 secs] [Times: user=0.02 sys=0.00, real=0.00 secs] 
1567.114: [GC (Allocation Failure) [PSYoungGen: 57168K->1392K(57856K)] 375723K->319947K(634368K), 0.0017678 secs] [Times: user=0.01 sys=0.00, real=0.01 secs] 
1567.346: [GC (Allocation Failure) [PSYoungGen: 57200K->1440K(57856K)] 375755K->319995K(634368K), 0.0017637 secs] [Times: user=0.01 sys=0.00, real=0.00 secs] 
1567.577: [GC (Allocation Failure) [PSYoungGen: 57248K->1344K(57856K)] 375803K->319899K(634368K), 0.0019165 secs] [Times: user=0.00 sys=0.00, real=0.00 secs] 
1567.900: [GC (Allocation Failure) [PSYoungGen: 57152K->1533K(57856K)] 375707K->320097K(634368K), 0.0014974 secs] [Times: user=0.00 sys=0.00, real=0.00 secs] 
1568.222: [GC (Allocation Failure) [PSYoungGen: 57341K->1581K(57856K)] 375905K->320145K(634368K), 0.0016872 secs] [Times: user=0.01 sys=0.00, real=0.00 secs] 
1568.546: [GC (Allocation Failure) [PSYoungGen: 57389K->1613K(57856K)] 375953K->320177K(634368K), 0.0015224 secs] [Times: user=0.01 sys=0.00, real=0.00 secs] 
1568.869: [GC (Allocation Failure) [PSYoungGen: 57421K->1565K(57856K)] 375985K->320129K(634368K), 0.0016443 secs] [Times: user=0.01 sys=0.00, real=0.00 secs] 
1569.222: [GC (Allocation Failure) [PSYoungGen: 57373K->1440K(57856K)] 375937K->320003K(634368K), 0.0018385 secs] [Times: user=0.01 sys=0.00, real=0.00 secs] 
1569.472: [GC (Allocation Failure) [PSYoungGen: 57248K->1328K(57856K)] 375811K->319891K(634368K), 0.0017509 secs] [Times: user=0.00 sys=0.00, real=0.00 secs] 
1569.717: [GC (Allocation Failure) [PSYoungGen: 57136K->1376K(57856K)] 375699K->319939K(634368K), 0.0017041 secs] [Times: user=0.00 sys=0.00, real=0.00 secs] 
1569.981: [GC (Allocation Failure) [PSYoungGen: 57184K->1376K(57856K)] 375747K->319939K(634368K), 0.0019170 secs] [Times: user=0.01 sys=0.00, real=0.00 secs] 
1570.327: [GC (Allocation Failure) [PSYoungGen: 57184K->1344K(57856K)] 375747K->319907K(634368K), 0.0015853 secs] [Times: user=0.01 sys=0.00, real=0.00 secs] 
1570.855: [GC (Allocation Failure) [PSYoungGen: 57152K->1469K(57856K)] 375715K->320033K(634368K), 0.0014474 secs] [Times: user=0.01 sys=0.00, real=0.00 secs] 
1571.177: [GC (Allocation Failure) [PSYoungGen: 57277K->1533K(57856K)] 375841K->320121K(634368K), 0.0015234 secs] [Times: user=0.01 sys=0.00, real=0.00 secs] 
1571.499: [GC (Allocation Failure) [PSYoungGen: 57341K->1533K(57856K)] 375929K->320121K(634368K), 0.0015300 secs] [Times: user=0.01 sys=0.00, real=0.00 secs] 
1571.825: [GC (Allocation Failure) [PSYoungGen: 57341K->1565K(57856K)] 375929K->320153K(634368K), 0.0014885 secs] [Times: user=0.01 sys=0.00, real=0.00 secs] 
1572.147: [GC (Allocation Failure) [PSYoungGen: 57373K->1565K(57856K)] 375961K->320153K(634368K), 0.0015327 secs] [Times: user=0.01 sys=0.00, real=0.00 secs] 
1573.577: [GC (Allocation Failure) [PSYoungGen: 57373K->1408K(57856K)] 375961K->319995K(634368K), 0.0027694 secs] [Times: user=0.01 sys=0.00, real=0.00 secs] 
1573.851: [GC (Allocation Failure) [PSYoungGen: 57216K->1344K(57856K)] 375803K->319939K(634368K), 0.0018655 secs] [Times: user=0.01 sys=0.00, real=0.00 secs] 
1574.084: [GC (Allocation Failure) [PSYoungGen: 57152K->1344K(57856K)] 375747K->319939K(634368K), 0.0018611 secs] [Times: user=0.01 sys=0.00, real=0.01 secs] 
1574.316: [GC (Allocation Failure) [PSYoungGen: 57152K->1376K(57856K)] 375747K->319971K(634368K), 0.0016832 secs] [Times: user=0.00 sys=0.00, real=0.00 secs] 
1574.548: [GC (Allocation Failure) [PSYoungGen: 57184K->1344K(57856K)] 375779K->319939K(634368K), 0.0018561 secs] [Times: user=0.01 sys=0.00, real=0.00 secs] 
1574.898: [GC (Allocation Failure) [PSYoungGen: 57152K->1469K(57856K)] 375747K->320089K(634368K), 0.0015136 secs] [Times: user=0.00 sys=0.00, real=0.00 secs] 
1575.225: [GC (Allocation Failure) [PSYoungGen: 57277K->1504K(57856K)] 375897K->320131K(634368K), 0.0016197 secs] [Times: user=0.00 sys=0.00, real=0.00 secs] 
1575.557: [GC (Allocation Failure) [PSYoungGen: 57312K->1565K(57856K)] 375939K->320193K(634368K), 0.0015395 secs] [Times: user=0.01 sys=0.00, real=0.00 secs] 
1575.943: [GC (Allocation Failure) [PSYoungGen: 57373K->1549K(57856K)] 376001K->320177K(634368K), 0.0015196 secs] [Times: user=0.01 sys=0.00, real=0.01 secs] 
1576.830: [GC (Allocation Failure) [PSYoungGen: 57357K->1520K(57856K)] 375985K->320147K(634368K), 0.0025590 secs] [Times: user=0.01 sys=0.00, real=0.00 secs] 
1577.450: [GC (Allocation Failure) [PSYoungGen: 57328K->1344K(57856K)] 375955K->319995K(634368K), 0.0027438 secs] [Times: user=0.01 sys=0.00, real=0.00 secs] 
1577.737: [GC (Allocation Failure) [PSYoungGen: 57152K->1376K(57856K)] 375803K->320027K(634368K), 0.0018587 secs] [Times: user=0.00 sys=0.00, real=0.00 secs] 
1577.982: [GC (Allocation Failure) [PSYoungGen: 57184K->1344K(57856K)] 375835K->319995K(634368K), 0.0019534 secs] [Times: user=0.01 sys=0.00, real=0.00 secs] 
1578.213: [GC (Allocation Failure) [PSYoungGen: 57152K->1440K(57856K)] 375803K->320091K(634368K), 0.0019171 secs] [Times: user=0.01 sys=0.00, real=0.01 secs] 
1578.541: [GC (Allocation Failure) [PSYoungGen: 57248K->1469K(57856K)] 375899K->320121K(634368K), 0.0015323 secs] [Times: user=0.00 sys=0.00, real=0.00 secs] 
1578.863: [GC (Allocation Failure) [PSYoungGen: 57277K->1549K(57856K)] 375929K->320217K(634368K), 0.0018550 secs] [Times: user=0.01 sys=0.00, real=0.01 secs] 
1579.190: [GC (Allocation Failure) [PSYoungGen: 57357K->1581K(57856K)] 376025K->320249K(634368K), 0.0015345 secs] [Times: user=0.00 sys=0.00, real=0.00 secs] 
1579.513: [GC (Allocation Failure) [PSYoungGen: 57389K->1565K(57856K)] 376057K->320233K(634368K), 0.0015500 secs] [Times: user=0.01 sys=0.00, real=0.01 secs] 
1579.872: [GC (Allocation Failure) [PSYoungGen: 57373K->2032K(57856K)] 376041K->320731K(634368K), 0.0017879 secs] [Times: user=0.01 sys=0.00, real=0.00 secs] 
1580.112: [GC (Allocation Failure) [PSYoungGen: 57840K->1424K(57856K)] 376539K->320123K(634368K), 0.0017922 secs] [Times: user=0.01 sys=0.00, real=0.00 secs] 
1580.344: [GC (Allocation Failure) [PSYoungGen: 57232K->1392K(57856K)] 375931K->320091K(634368K), 0.0016653 secs] [Times: user=0.00 sys=0.00, real=0.01 secs] 
1580.576: [GC (Allocation Failure) [PSYoungGen: 57200K->1376K(57856K)] 375899K->320075K(634368K), 0.0017147 secs] [Times: user=0.01 sys=0.00, real=0.00 secs] 
1580.807: [GC (Allocation Failure) [PSYoungGen: 57184K->1376K(57856K)] 375883K->320075K(634368K), 0.0019238 secs] [Times: user=0.01 sys=0.00, real=0.00 secs] 
1581.070: [GC (Allocation Failure) [PSYoungGen: 57184K->1469K(57856K)] 375883K->320169K(634368K), 0.0014780 secs] [Times: user=0.00 sys=0.00, real=0.00 secs] 
1581.394: [GC (Allocation Failure) [PSYoungGen: 57277K->1581K(57856K)] 375977K->320297K(634368K), 0.0014697 secs] [Times: user=0.01 sys=0.00, real=0.01 secs] 
1581.718: [GC (Allocation Failure) [PSYoungGen: 57389K->1581K(57856K)] 376105K->320297K(634368K), 0.0015130 secs] [Times: user=0.00 sys=0.00, real=0.00 secs] 
1582.101: [GC (Allocation Failure) [PSYoungGen: 57389K->1581K(57856K)] 376105K->320297K(634368K), 0.0015863 secs] [Times: user=0.01 sys=0.00, real=0.00 secs] 
1582.483: [GC (Allocation Failure) [PSYoungGen: 57389K->1581K(57856K)] 376105K->320297K(634368K), 0.0015543 secs] [Times: user=0.01 sys=0.00, real=0.00 secs] 
1584.970: [GC (Allocation Failure) [PSYoungGen: 57389K->1472K(57856K)] 376105K->320187K(634368K), 0.0031646 secs] [Times: user=0.02 sys=0.00, real=0.00 secs] 
1585.706: [GC (Allocation Failure) [PSYoungGen: 57280K->1392K(57856K)] 375995K->320107K(634368K), 0.0053090 secs] [Times: user=0.02 sys=0.00, real=0.00 secs] 
1586.476: [GC (Allocation Failure) [PSYoungGen: 57200K->1376K(57856K)] 375915K->320091K(634368K), 0.0033698 secs] [Times: user=0.01 sys=0.00, real=0.00 secs] 
1587.334: [GC (Allocation Failure) [PSYoungGen: 57184K->1408K(57856K)] 375899K->320123K(634368K), 0.0034942 secs] [Times: user=0.02 sys=0.00, real=0.01 secs] 
1587.954: [GC (Allocation Failure) [PSYoungGen: 57216K->1344K(57856K)] 375931K->320059K(634368K), 0.0023619 secs] [Times: user=0.01 sys=0.00, real=0.01 secs] 
1588.472: [GC (Allocation Failure) [PSYoungGen: 57152K->1565K(57856K)] 375867K->320289K(634368K), 0.0015495 secs] [Times: user=0.01 sys=0.00, real=0.00 secs] 
1588.794: [GC (Allocation Failure) [PSYoungGen: 57373K->1517K(57856K)] 376097K->320241K(634368K), 0.0015799 secs] [Times: user=0.00 sys=0.00, real=0.01 secs] 
1589.179: [GC (Allocation Failure) [PSYoungGen: 57325K->1533K(57856K)] 376049K->320257K(634368K), 0.0015894 secs] [Times: user=0.01 sys=0.00, real=0.00 secs] 
1589.504: [GC (Allocation Failure) [PSYoungGen: 57341K->1565K(57856K)] 376065K->320313K(634368K), 0.0015646 secs] [Times: user=0.01 sys=0.00, real=0.01 secs] 
1589.845: [GC (Allocation Failure) [PSYoungGen: 57373K->1504K(57856K)] 376121K->320251K(634368K), 0.0021468 secs] [Times: user=0.01 sys=0.00, real=0.00 secs] 
1590.083: [GC (Allocation Failure) [PSYoungGen: 57312K->1376K(57856K)] 376059K->320123K(634368K), 0.0022503 secs] [Times: user=0.01 sys=0.00, real=0.01 secs] 
1590.310: [GC (Allocation Failure) [PSYoungGen: 57184K->1376K(57856K)] 375931K->320123K(634368K), 0.0017852 secs] [Times: user=0.01 sys=0.00, real=0.00 secs] 
1590.542: [GC (Allocation Failure) [PSYoungGen: 57184K->1408K(57856K)] 375931K->320155K(634368K), 0.0019282 secs] [Times: user=0.01 sys=0.00, real=0.00 secs] 
1590.773: [GC (Allocation Failure) [PSYoungGen: 57216K->1408K(57856K)] 375963K->320155K(634368K), 0.0018564 secs] [Times: user=0.01 sys=0.00, real=0.01 secs] 
1591.181: [GC (Allocation Failure) [PSYoungGen: 57216K->1440K(57856K)] 375963K->320187K(634368K), 0.0015154 secs] [Times: user=0.01 sys=0.00, real=0.00 secs] 
1591.503: [GC (Allocation Failure) [PSYoungGen: 57248K->1533K(57856K)] 375995K->320289K(634368K), 0.0015541 secs] [Times: user=0.00 sys=0.00, real=0.00 secs] 
1591.825: [GC (Allocation Failure) [PSYoungGen: 57341K->1613K(57856K)] 376097K->320369K(634368K), 0.0015784 secs] [Times: user=0.00 sys=0.00, real=0.00 secs] 
1592.150: [GC (Allocation Failure) [PSYoungGen: 57421K->1565K(57856K)] 376177K->320321K(634368K), 0.0015575 secs] [Times: user=0.00 sys=0.00, real=0.00 secs] 
1592.474: [GC (Allocation Failure) [PSYoungGen: 57367K->1584K(57856K)] 376123K->320339K(634368K), 0.0015617 secs] [Times: user=0.01 sys=0.00, real=0.01 secs] 
1592.923: [GC (Allocation Failure) [PSYoungGen: 57392K->1408K(57856K)] 376147K->320163K(634368K), 0.0015990 secs] [Times: user=0.01 sys=0.00, real=0.00 secs] 
1593.385: [GC (Allocation Failure) [PSYoungGen: 57216K->1376K(57856K)] 375971K->320131K(634368K), 0.0016299 secs] [Times: user=0.00 sys=0.00, real=0.00 secs] 
1593.773: [GC (Allocation Failure) [PSYoungGen: 57184K->1376K(57856K)] 375939K->320131K(634368K), 0.0019378 secs] [Times: user=0.00 sys=0.00, real=0.01 secs] 
1594.112: [GC (Allocation Failure) [PSYoungGen: 57184K->1344K(57856K)] 375939K->320099K(634368K), 0.0018288 secs] [Times: user=0.01 sys=0.00, real=0.00 secs] 
1594.544: [GC (Allocation Failure) [PSYoungGen: 57152K->1344K(57856K)] 375907K->320099K(634368K), 0.0022492 secs] [Times: user=0.01 sys=0.00, real=0.01 secs] 
1594.935: [GC (Allocation Failure) [PSYoungGen: 57152K->1568K(57856K)] 375907K->320339K(634368K), 0.0014832 secs] [Times: user=0.00 sys=0.00, real=0.00 secs] 
1595.260: [GC (Allocation Failure) [PSYoungGen: 57376K->1533K(57856K)] 376147K->320305K(634368K), 0.0015748 secs] [Times: user=0.01 sys=0.00, real=0.00 secs] 
1595.588: [GC (Allocation Failure) [PSYoungGen: 57341K->1597K(57856K)] 376113K->320369K(634368K), 0.0015327 secs] [Times: user=0.01 sys=0.00, real=0.00 secs] 
1595.914: [GC (Allocation Failure) [PSYoungGen: 57405K->1533K(57856K)] 376177K->320313K(634368K), 0.0015228 secs] [Times: user=0.00 sys=0.00, real=0.01 secs] 
1596.369: [GC (Allocation Failure) [PSYoungGen: 57341K->1456K(57856K)] 376121K->320235K(634368K), 0.0020310 secs] [Times: user=0.01 sys=0.00, real=0.00 secs] 
1596.846: [GC (Allocation Failure) [PSYoungGen: 57264K->1408K(57856K)] 376043K->320187K(634368K), 0.0032025 secs] [Times: user=0.02 sys=0.00, real=0.00 secs] 
1597.338: [GC (Allocation Failure) [PSYoungGen: 57216K->1376K(57856K)] 375995K->320155K(634368K), 0.0025795 secs] [Times: user=0.01 sys=0.00, real=0.00 secs] 
1597.786: [GC (Allocation Failure) [PSYoungGen: 57184K->1376K(57856K)] 375963K->320155K(634368K), 0.0026424 secs] [Times: user=0.01 sys=0.00, real=0.00 secs] 
1598.247: [GC (Allocation Failure) [PSYoungGen: 57184K->1376K(57856K)] 375963K->320155K(634368K), 0.0021221 secs] [Times: user=0.01 sys=0.00, real=0.00 secs] 
1598.674: [GC (Allocation Failure) [PSYoungGen: 57184K->1533K(57856K)] 375963K->320313K(634368K), 0.0014486 secs] [Times: user=0.01 sys=0.00, real=0.01 secs] 
1598.995: [GC (Allocation Failure) [PSYoungGen: 57341K->1565K(57856K)] 376121K->320361K(634368K), 0.0014981 secs] [Times: user=0.01 sys=0.00, real=0.00 secs] 
1599.320: [GC (Allocation Failure) [PSYoungGen: 57373K->1533K(57856K)] 376169K->320329K(634368K), 0.0016844 secs] [Times: user=0.01 sys=0.00, real=0.00 secs] 
1599.644: [GC (Allocation Failure) [PSYoungGen: 57341K->1520K(57856K)] 376137K->320315K(634368K), 0.0015449 secs] [Times: user=0.00 sys=0.00, real=0.01 secs] 
1600.064: [GC (Allocation Failure) [PSYoungGen: 57328K->1952K(57856K)] 376123K->320747K(634368K), 0.0020484 secs] [Times: user=0.00 sys=0.00, real=0.01 secs] 
1600.496: [GC (Allocation Failure) [PSYoungGen: 57760K->1376K(57856K)] 376555K->320171K(634368K), 0.0018568 secs] [Times: user=0.01 sys=0.00, real=0.00 secs] 
1600.766: [GC (Allocation Failure) [PSYoungGen: 57184K->1392K(57856K)] 375979K->320187K(634368K), 0.0026081 secs] [Times: user=0.01 sys=0.00, real=0.00 secs] 
1601.005: [GC (Allocation Failure) [PSYoungGen: 57200K->1408K(57856K)] 375995K->320203K(634368K), 0.0024367 secs] [Times: user=0.01 sys=0.00, real=0.00 secs] 
1601.272: [GC (Allocation Failure) [PSYoungGen: 57216K->1408K(57856K)] 376011K->320203K(634368K), 0.0019208 secs] [Times: user=0.01 sys=0.00, real=0.00 secs] 
1601.583: [GC (Allocation Failure) [PSYoungGen: 57216K->1472K(57856K)] 376011K->320267K(634368K), 0.0021164 secs] [Times: user=0.01 sys=0.00, real=0.01 secs] 
1602.000: [GC (Allocation Failure) [PSYoungGen: 57280K->1613K(57856K)] 376075K->320425K(634368K), 0.0015664 secs] [Times: user=0.01 sys=0.00, real=0.00 secs] 
1602.323: [GC (Allocation Failure) [PSYoungGen: 57421K->1533K(57856K)] 376233K->320345K(634368K), 0.0015288 secs] [Times: user=0.00 sys=0.01, real=0.00 secs] 
1602.706: [GC (Allocation Failure) [PSYoungGen: 57341K->1501K(57856K)] 376153K->320313K(634368K), 0.0015778 secs] [Times: user=0.01 sys=0.00, real=0.00 secs] 
1603.030: [GC (Allocation Failure) [PSYoungGen: 57292K->1581K(57856K)] 376104K->320393K(634368K), 0.0018382 secs] [Times: user=0.00 sys=0.00, real=0.00 secs] 
1603.376: [GC (Allocation Failure) [PSYoungGen: 57389K->1440K(57856K)] 376201K->320251K(634368K), 0.0027139 secs] [Times: user=0.01 sys=0.00, real=0.00 secs] 
1603.612: [GC (Allocation Failure) [PSYoungGen: 57248K->1408K(57856K)] 376059K->320219K(634368K), 0.0018843 secs] [Times: user=0.01 sys=0.00, real=0.00 secs] 
1603.847: [GC (Allocation Failure) [PSYoungGen: 57216K->1424K(57856K)] 376027K->320235K(634368K), 0.0017734 secs] [Times: user=0.00 sys=0.00, real=0.00 secs] 
1604.081: [GC (Allocation Failure) [PSYoungGen: 57232K->1344K(57856K)] 376043K->320155K(634368K), 0.0019759 secs] [Times: user=0.01 sys=0.00, real=0.00 secs] 
1604.346: [GC (Allocation Failure) [PSYoungGen: 57152K->1344K(57856K)] 375963K->320155K(634368K), 0.0017833 secs] [Times: user=0.01 sys=0.00, real=0.00 secs] 
1604.706: [GC (Allocation Failure) [PSYoungGen: 57152K->1501K(57856K)] 375963K->320321K(634368K), 0.0014932 secs] [Times: user=0.00 sys=0.00, real=0.00 secs] 
1605.028: [GC (Allocation Failure) [PSYoungGen: 57309K->1549K(57856K)] 376129K->320385K(634368K), 0.0015895 secs] [Times: user=0.00 sys=0.00, real=0.00 secs] 
1605.356: [GC (Allocation Failure) [PSYoungGen: 57357K->1533K(57856K)] 376193K->320369K(634368K), 0.0014982 secs] [Times: user=0.00 sys=0.00, real=0.00 secs] 
1605.682: [GC (Allocation Failure) [PSYoungGen: 57341K->1613K(57856K)] 376177K->320449K(634368K), 0.0016876 secs] [Times: user=0.01 sys=0.00, real=0.00 secs] 
1605.977: [GC (Allocation Failure) [PSYoungGen: 57421K->1504K(57856K)] 376257K->320339K(634368K), 0.0016862 secs] [Times: user=0.01 sys=0.00, real=0.00 secs] 
1606.208: [GC (Allocation Failure) [PSYoungGen: 57312K->1312K(57856K)] 376147K->320147K(634368K), 0.0018628 secs] [Times: user=0.00 sys=0.00, real=0.00 secs] 
1606.441: [GC (Allocation Failure) [PSYoungGen: 57120K->1376K(57856K)] 375955K->320211K(634368K), 0.0015449 secs] [Times: user=0.01 sys=0.00, real=0.00 secs] 
1606.883: [GC (Allocation Failure) [PSYoungGen: 57184K->1376K(57856K)] 376019K->320211K(634368K), 0.0030800 secs] [Times: user=0.01 sys=0.00, real=0.01 secs] 
1607.370: [GC (Allocation Failure) [PSYoungGen: 57184K->1344K(57856K)] 376019K->320179K(634368K), 0.0023936 secs] [Times: user=0.01 sys=0.00, real=0.00 secs] 
1607.870: [GC (Allocation Failure) [PSYoungGen: 57152K->1469K(57856K)] 375987K->320305K(634368K), 0.0013873 secs] [Times: user=0.01 sys=0.00, real=0.00 secs] 
1608.254: [GC (Allocation Failure) [PSYoungGen: 57277K->1501K(57856K)] 376113K->320353K(634368K), 0.0015735 secs] [Times: user=0.00 sys=0.00, real=0.01 secs] 
1608.578: [GC (Allocation Failure) [PSYoungGen: 57309K->1504K(57856K)] 376161K->320355K(634368K), 0.0015504 secs] [Times: user=0.01 sys=0.00, real=0.00 secs] 
1608.901: [GC (Allocation Failure) [PSYoungGen: 57312K->1533K(57856K)] 376163K->320385K(634368K), 0.0015692 secs] [Times: user=0.01 sys=0.00, real=0.00 secs] 
1609.227: [GC (Allocation Failure) [PSYoungGen: 57341K->1549K(57856K)] 376193K->320401K(634368K), 0.0015804 secs] [Times: user=0.01 sys=0.00, real=0.00 secs] 
1609.752: [GC (Allocation Failure) [PSYoungGen: 57357K->1376K(57856K)] 376209K->320227K(634368K), 0.0027162 secs] [Times: user=0.01 sys=0.00, real=0.01 secs] 
1609.982: [GC (Allocation Failure) [PSYoungGen: 57184K->1376K(57856K)] 376035K->320227K(634368K), 0.0020500 secs] [Times: user=0.01 sys=0.00, real=0.00 secs] 
1610.213: [GC (Allocation Failure) [PSYoungGen: 57184K->1408K(57856K)] 376035K->320259K(634368K), 0.0018804 secs] [Times: user=0.01 sys=0.00, real=0.01 secs] 
1610.446: [GC (Allocation Failure) [PSYoungGen: 57216K->1392K(57856K)] 376067K->320243K(634368K), 0.0018349 secs] [Times: user=0.00 sys=0.00, real=0.00 secs] 
1610.676: [GC (Allocation Failure) [PSYoungGen: 57200K->1376K(57856K)] 376051K->320227K(634368K), 0.0018240 secs] [Times: user=0.00 sys=0.00, real=0.00 secs] 
1611.020: [GC (Allocation Failure) [PSYoungGen: 57184K->1536K(57856K)] 376035K->320403K(634368K), 0.0014874 secs] [Times: user=0.00 sys=0.00, real=0.00 secs] 
1611.342: [GC (Allocation Failure) [PSYoungGen: 57344K->1584K(57856K)] 376211K->320451K(634368K), 0.0015551 secs] [Times: user=0.00 sys=0.00, real=0.00 secs] 
1611.665: [GC (Allocation Failure) [PSYoungGen: 57392K->1565K(57856K)] 376259K->320433K(634368K), 0.0014840 secs] [Times: user=0.01 sys=0.00, real=0.00 secs] 
1612.053: [GC (Allocation Failure) [PSYoungGen: 57373K->1533K(57856K)] 376241K->320401K(634368K), 0.0015202 secs] [Times: user=0.01 sys=0.00, real=0.01 secs] 
1612.376: [GC (Allocation Failure) [PSYoungGen: 57341K->1424K(57856K)] 376209K->320291K(634368K), 0.0020442 secs] [Times: user=0.01 sys=0.00, real=0.00 secs] 
1612.608: [GC (Allocation Failure) [PSYoungGen: 57232K->1376K(57856K)] 376099K->320243K(634368K), 0.0019209 secs] [Times: user=0.01 sys=0.00, real=0.00 secs] 
1612.840: [GC (Allocation Failure) [PSYoungGen: 57184K->1344K(57856K)] 376051K->320211K(634368K), 0.0020430 secs] [Times: user=0.00 sys=0.00, real=0.00 secs] 
1613.072: [GC (Allocation Failure) [PSYoungGen: 57152K->1408K(57856K)] 376019K->320275K(634368K), 0.0019306 secs] [Times: user=0.01 sys=0.00, real=0.00 secs] 
1613.304: [GC (Allocation Failure) [PSYoungGen: 57216K->1344K(57856K)] 376083K->320211K(634368K), 0.0019610 secs] [Times: user=0.01 sys=0.00, real=0.01 secs] 
1613.604: [GC (Allocation Failure) [PSYoungGen: 57152K->1501K(57856K)] 376019K->320369K(634368K), 0.0015509 secs] [Times: user=0.00 sys=0.00, real=0.01 secs] 
1613.926: [GC (Allocation Failure) [PSYoungGen: 57309K->1533K(57856K)] 376177K->320417K(634368K), 0.0014587 secs] [Times: user=0.01 sys=0.00, real=0.00 secs] 
1614.248: [GC (Allocation Failure) [PSYoungGen: 57341K->1565K(57856K)] 376225K->320449K(634368K), 0.0015271 secs] [Times: user=0.01 sys=0.00, real=0.00 secs] 
1614.574: [GC (Allocation Failure) [PSYoungGen: 57373K->1565K(57856K)] 376257K->320449K(634368K), 0.0016688 secs] [Times: user=0.00 sys=0.00, real=0.01 secs] 
1614.897: [GC (Allocation Failure) [PSYoungGen: 57373K->2000K(57856K)] 376257K->320883K(634368K), 0.0017304 secs] [Times: user=0.00 sys=0.00, real=0.00 secs] 
1615.128: [GC (Allocation Failure) [PSYoungGen: 57808K->1408K(57856K)] 376691K->320299K(634368K), 0.0014886 secs] [Times: user=0.01 sys=0.00, real=0.00 secs] 
1615.360: [GC (Allocation Failure) [PSYoungGen: 57216K->1376K(57856K)] 376107K->320267K(634368K), 0.0015455 secs] [Times: user=0.01 sys=0.00, real=0.00 secs] 
1615.591: [GC (Allocation Failure) [PSYoungGen: 57184K->1376K(57856K)] 376075K->320267K(634368K), 0.0015752 secs] [Times: user=0.01 sys=0.00, real=0.00 secs] 
1615.823: [GC (Allocation Failure) [PSYoungGen: 57184K->1344K(57856K)] 376075K->320235K(634368K), 0.0017162 secs] [Times: user=0.00 sys=0.00, real=0.00 secs] 
1616.108: [GC (Allocation Failure) [PSYoungGen: 57152K->1501K(57856K)] 376043K->320393K(634368K), 0.0018519 secs] [Times: user=0.01 sys=0.00, real=0.00 secs] 
1616.444: [GC (Allocation Failure) [PSYoungGen: 57309K->1597K(57856K)] 376201K->320505K(634368K), 0.0015460 secs] [Times: user=0.00 sys=0.00, real=0.01 secs] 
1616.773: [GC (Allocation Failure) [PSYoungGen: 57405K->1501K(57856K)] 376313K->320409K(634368K), 0.0015321 secs] [Times: user=0.00 sys=0.00, real=0.00 secs] 
1617.098: [GC (Allocation Failure) [PSYoungGen: 57309K->1533K(57856K)] 376217K->320441K(634368K), 0.0015308 secs] [Times: user=0.01 sys=0.00, real=0.00 secs] 
1617.421: [GC (Allocation Failure) [PSYoungGen: 57326K->1517K(57856K)] 376233K->320425K(634368K), 0.0014978 secs] [Times: user=0.00 sys=0.00, real=0.00 secs] 
1617.888: [GC (Allocation Failure) [PSYoungGen: 57325K->1408K(57856K)] 376233K->320315K(634368K), 0.0022454 secs] [Times: user=0.01 sys=0.00, real=0.00 secs] 
1618.282: [GC (Allocation Failure) [PSYoungGen: 57216K->1344K(57856K)] 376123K->320251K(634368K), 0.0023569 secs] [Times: user=0.01 sys=0.00, real=0.00 secs] 
1618.508: [GC (Allocation Failure) [PSYoungGen: 57152K->1376K(57856K)] 376059K->320283K(634368K), 0.0019570 secs] [Times: user=0.01 sys=0.00, real=0.00 secs] 
1618.740: [GC (Allocation Failure) [PSYoungGen: 57184K->1344K(57856K)] 376091K->320251K(634368K), 0.0019691 secs] [Times: user=0.01 sys=0.00, real=0.00 secs] 
1618.972: [GC (Allocation Failure) [PSYoungGen: 57152K->1408K(57856K)] 376059K->320315K(634368K), 0.0019542 secs] [Times: user=0.01 sys=0.00, real=0.00 secs] 
1619.302: [GC (Allocation Failure) [PSYoungGen: 57216K->1533K(57856K)] 376123K->320457K(634368K), 0.0015535 secs] [Times: user=0.00 sys=0.00, real=0.00 secs] 
1619.623: [GC (Allocation Failure) [PSYoungGen: 57341K->1533K(57856K)] 376265K->320457K(634368K), 0.0015094 secs] [Times: user=0.01 sys=0.00, real=0.00 secs] 
1619.948: [GC (Allocation Failure) [PSYoungGen: 57341K->1565K(57856K)] 376265K->320489K(634368K), 0.0015388 secs] [Times: user=0.01 sys=0.00, real=0.00 secs] 
1620.274: [GC (Allocation Failure) [PSYoungGen: 57367K->1533K(57856K)] 376291K->320457K(634368K), 0.0015223 secs] [Times: user=0.01 sys=0.00, real=0.01 secs] 
1620.931: [GC (Allocation Failure) [PSYoungGen: 57341K->1520K(57856K)] 376265K->320443K(634368K), 0.0028528 secs] [Times: user=0.01 sys=0.00, real=0.00 secs] 
1621.963: [GC (Allocation Failure) [PSYoungGen: 57328K->1376K(57856K)] 376251K->320299K(634368K), 0.0037942 secs] [Times: user=0.02 sys=0.00, real=0.01 secs] 
1622.712: [GC (Allocation Failure) [PSYoungGen: 57184K->1344K(57856K)] 376107K->320267K(634368K), 0.0031881 secs] [Times: user=0.01 sys=0.00, real=0.01 secs] 
1623.042: [GC (Allocation Failure) [PSYoungGen: 57152K->1392K(57856K)] 376075K->320315K(634368K), 0.0019800 secs] [Times: user=0.01 sys=0.00, real=0.00 secs] 
1623.273: [GC (Allocation Failure) [PSYoungGen: 57200K->1376K(57856K)] 376123K->320299K(634368K), 0.0019444 secs] [Times: user=0.01 sys=0.00, real=0.01 secs] 
1623.632: [GC (Allocation Failure) [PSYoungGen: 57184K->1472K(57856K)] 376107K->320395K(634368K), 0.0015644 secs] [Times: user=0.01 sys=0.00, real=0.00 secs] 
1624.015: [GC (Allocation Failure) [PSYoungGen: 57280K->1536K(57856K)] 376203K->320475K(634368K), 0.0015841 secs] [Times: user=0.01 sys=0.00, real=0.00 secs] 
1624.337: [GC (Allocation Failure) [PSYoungGen: 57344K->1581K(57856K)] 376283K->320521K(634368K), 0.0015516 secs] [Times: user=0.00 sys=0.00, real=0.00 secs] 
1624.660: [GC (Allocation Failure) [PSYoungGen: 57389K->1549K(57856K)] 376329K->320489K(634368K), 0.0015774 secs] [Times: user=0.01 sys=0.00, real=0.00 secs] 
1624.984: [GC (Allocation Failure) [PSYoungGen: 57357K->1501K(57856K)] 376297K->320441K(634368K), 0.0015918 secs] [Times: user=0.01 sys=0.00, real=0.01 secs] 
1625.790: [GC (Allocation Failure) [PSYoungGen: 57309K->1376K(57856K)] 376249K->320315K(634368K), 0.0031950 secs] [Times: user=0.01 sys=0.00, real=0.00 secs] 
1626.553: [GC (Allocation Failure) [PSYoungGen: 57184K->1376K(57856K)] 376123K->320315K(634368K), 0.0030255 secs] [Times: user=0.01 sys=0.00, real=0.01 secs] 
1627.312: [GC (Allocation Failure) [PSYoungGen: 57184K->1408K(57856K)] 376123K->320347K(634368K), 0.0039830 secs] [Times: user=0.01 sys=0.00, real=0.01 secs] 
1627.825: [GC (Allocation Failure) [PSYoungGen: 57216K->1376K(57856K)] 376155K->320315K(634368K), 0.0025325 secs] [Times: user=0.01 sys=0.00, real=0.00 secs] 
1628.236: [GC (Allocation Failure) [PSYoungGen: 57184K->1408K(57856K)] 376123K->320347K(634368K), 0.0024320 secs] [Times: user=0.01 sys=0.00, real=0.00 secs] 
1628.672: [GC (Allocation Failure) [PSYoungGen: 57216K->1533K(57856K)] 376155K->320497K(634368K), 0.0015184 secs] [Times: user=0.01 sys=0.00, real=0.00 secs] 
1628.995: [GC (Allocation Failure) [PSYoungGen: 57341K->1533K(57856K)] 376305K->320497K(634368K), 0.0015648 secs] [Times: user=0.01 sys=0.00, real=0.01 secs] 
1629.319: [GC (Allocation Failure) [PSYoungGen: 57341K->1565K(57856K)] 376305K->320529K(634368K), 0.0016806 secs] [Times: user=0.01 sys=0.00, real=0.00 secs] 
1629.643: [GC (Allocation Failure) [PSYoungGen: 57373K->1565K(57856K)] 376337K->320529K(634368K), 0.0015413 secs] [Times: user=0.00 sys=0.00, real=0.00 secs] 
1630.186: [GC (Allocation Failure) [PSYoungGen: 57373K->1456K(57856K)] 376337K->320427K(634368K), 0.0017154 secs] [Times: user=0.01 sys=0.00, real=0.00 secs] 
1630.906: [GC (Allocation Failure) [PSYoungGen: 57264K->1376K(57856K)] 376235K->320347K(634368K), 0.0018681 secs] [Times: user=0.01 sys=0.01, real=0.00 secs] 
1631.423: [GC (Allocation Failure) [PSYoungGen: 57184K->1376K(57856K)] 376155K->320347K(634368K), 0.0017100 secs] [Times: user=0.00 sys=0.00, real=0.00 secs] 
1631.871: [GC (Allocation Failure) [PSYoungGen: 57184K->1376K(57856K)] 376155K->320347K(634368K), 0.0019108 secs] [Times: user=0.01 sys=0.00, real=0.00 secs] 
1632.293: [GC (Allocation Failure) [PSYoungGen: 57184K->1344K(57856K)] 376155K->320315K(634368K), 0.0019131 secs] [Times: user=0.00 sys=0.01, real=0.00 secs] 
1632.691: [GC (Allocation Failure) [PSYoungGen: 57152K->1501K(57856K)] 376123K->320473K(634368K), 0.0014818 secs] [Times: user=0.01 sys=0.00, real=0.00 secs] 
1633.014: [GC (Allocation Failure) [PSYoungGen: 57309K->1565K(57856K)] 376281K->320553K(634368K), 0.0015166 secs] [Times: user=0.01 sys=0.00, real=0.01 secs] 
1633.338: [GC (Allocation Failure) [PSYoungGen: 57373K->1565K(57856K)] 376361K->320553K(634368K), 0.0015345 secs] [Times: user=0.01 sys=0.00, real=0.00 secs] 
1633.661: [GC (Allocation Failure) [PSYoungGen: 57373K->1536K(57856K)] 376361K->320523K(634368K), 0.0015280 secs] [Times: user=0.01 sys=0.00, real=0.00 secs] 
1634.007: [GC (Allocation Failure) [PSYoungGen: 57344K->1728K(57856K)] 376331K->320715K(634368K), 0.0017116 secs] [Times: user=0.00 sys=0.00, real=0.00 secs] 
1634.237: [GC (Allocation Failure) [PSYoungGen: 57536K->1360K(57856K)] 376523K->320347K(634368K), 0.0018657 secs] [Times: user=0.01 sys=0.00, real=0.00 secs] 
1634.469: [GC (Allocation Failure) [PSYoungGen: 57168K->1408K(57856K)] 376155K->320395K(634368K), 0.0015283 secs] [Times: user=0.01 sys=0.00, real=0.00 secs] 
1634.701: [GC (Allocation Failure) [PSYoungGen: 57216K->1376K(57856K)] 376203K->320363K(634368K), 0.0017102 secs] [Times: user=0.01 sys=0.00, real=0.00 secs] 
1634.932: [GC (Allocation Failure) [PSYoungGen: 57184K->1344K(57856K)] 376171K->320331K(634368K), 0.0016283 secs] [Times: user=0.00 sys=0.00, real=0.00 secs] 
1635.187: [GC (GCLocker Initiated GC) [PSYoungGen: 57152K->1501K(57856K)] 376139K->320489K(634368K), 0.0014281 secs] [Times: user=0.00 sys=0.00, real=0.00 secs] 
1635.526: [GC (Allocation Failure) [PSYoungGen: 57309K->1437K(57856K)] 377962K->322106K(634368K), 0.0015187 secs] [Times: user=0.01 sys=0.00, real=0.00 secs] 
1635.850: [GC (Allocation Failure) [PSYoungGen: 57245K->1597K(57856K)] 377914K->322290K(634368K), 0.0016481 secs] [Times: user=0.00 sys=0.00, real=0.00 secs] 
1636.173: [GC (Allocation Failure) [PSYoungGen: 57405K->1648K(57856K)] 378098K->322341K(634368K), 0.0015338 secs] [Times: user=0.01 sys=0.00, real=0.01 secs] 
1636.500: [GC (Allocation Failure) [PSYoungGen: 57456K->1613K(57856K)] 378149K->322306K(634368K), 0.0015216 secs] [Times: user=0.01 sys=0.00, real=0.00 secs] 
1636.771: [GC (Allocation Failure) [PSYoungGen: 57421K->1504K(57856K)] 378114K->322196K(634368K), 0.0017187 secs] [Times: user=0.01 sys=0.00, real=0.00 secs] 
1637.003: [GC (Allocation Failure) [PSYoungGen: 57312K->1440K(57856K)] 378004K->322132K(634368K), 0.0036696 secs] [Times: user=0.01 sys=0.00, real=0.01 secs] 
1637.237: [GC (Allocation Failure) [PSYoungGen: 57248K->1472K(57856K)] 377940K->322164K(634368K), 0.0016144 secs] [Times: user=0.01 sys=0.00, real=0.00 secs] 
1637.468: [GC (Allocation Failure) [PSYoungGen: 57280K->1504K(57856K)] 377972K->322196K(634368K), 0.0016788 secs] [Times: user=0.01 sys=0.00, real=0.00 secs] 
1637.700: [GC (Allocation Failure) [PSYoungGen: 57312K->1472K(57856K)] 378004K->322164K(634368K), 0.0016610 secs] [Times: user=0.01 sys=0.00, real=0.00 secs] 
1638.057: [GC (Allocation Failure) [PSYoungGen: 57280K->1645K(57856K)] 377972K->322362K(634368K), 0.0014780 secs] [Times: user=0.00 sys=0.00, real=0.00 secs] 
1638.384: [GC (Allocation Failure) [PSYoungGen: 57453K->1629K(57856K)] 378170K->322346K(634368K), 0.0015463 secs] [Times: user=0.01 sys=0.00, real=0.01 secs] 
1638.709: [GC (Allocation Failure) [PSYoungGen: 57437K->1645K(57856K)] 378154K->322362K(634368K), 0.0015570 secs] [Times: user=0.01 sys=0.00, real=0.00 secs] 
1639.034: [GC (Allocation Failure) [PSYoungGen: 57446K->1629K(57856K)] 378163K->322346K(634368K), 0.0015458 secs] [Times: user=0.00 sys=0.00, real=0.01 secs] 
1639.364: [GC (Allocation Failure) [PSYoungGen: 57437K->1584K(57856K)] 378154K->322300K(634368K), 0.0019823 secs] [Times: user=0.01 sys=0.00, real=0.01 secs] 
1639.596: [GC (Allocation Failure) [PSYoungGen: 57392K->1424K(57856K)] 378108K->322196K(634368K), 0.0019150 secs] [Times: user=0.01 sys=0.00, real=0.00 secs] 
1639.828: [GC (Allocation Failure) [PSYoungGen: 57232K->1504K(57856K)] 378004K->322300K(634368K), 0.0018670 secs] [Times: user=0.01 sys=0.00, real=0.00 secs] 
1640.060: [GC (Allocation Failure) [PSYoungGen: 57312K->1344K(57856K)] 378108K->322220K(634368K), 0.0018431 secs] [Times: user=0.01 sys=0.00, real=0.00 secs] 
1640.320: [GC (Allocation Failure) [PSYoungGen: 57152K->1408K(57856K)] 378028K->322284K(634368K), 0.0016589 secs] [Times: user=0.00 sys=0.00, real=0.00 secs] 
1640.727: [GC (Allocation Failure) [PSYoungGen: 57216K->1504K(57856K)] 378092K->322381K(634368K), 0.0014691 secs] [Times: user=0.00 sys=0.00, real=0.00 secs] 
1641.121: [GC (Allocation Failure) [PSYoungGen: 57312K->1552K(57856K)] 378189K->322445K(634368K), 0.0015586 secs] [Times: user=0.01 sys=0.00, real=0.00 secs] 
1641.445: [GC (Allocation Failure) [PSYoungGen: 57360K->1613K(57856K)] 378253K->322506K(634368K), 0.0015895 secs] [Times: user=0.00 sys=0.00, real=0.00 secs] 
1641.769: [GC (Allocation Failure) [PSYoungGen: 57421K->1581K(57856K)] 378314K->322474K(634368K), 0.0015849 secs] [Times: user=0.01 sys=0.00, real=0.00 secs] 
1642.149: [GC (Allocation Failure) [PSYoungGen: 57389K->1565K(57856K)] 378282K->322458K(634368K), 0.0014889 secs] [Times: user=0.01 sys=0.00, real=0.00 secs] 
1642.436: [GC (Allocation Failure) [PSYoungGen: 57373K->1440K(57856K)] 378266K->322332K(634368K), 0.0029113 secs] [Times: user=0.01 sys=0.00, real=0.00 secs] 
1642.667: [GC (Allocation Failure) [PSYoungGen: 57248K->1392K(57856K)] 378140K->322284K(634368K), 0.0018168 secs] [Times: user=0.01 sys=0.00, real=0.00 secs] 
1642.898: [GC (Allocation Failure) [PSYoungGen: 57200K->1344K(57856K)] 378092K->322236K(634368K), 0.0019834 secs] [Times: user=0.00 sys=0.00, real=0.00 secs] 
1643.161: [GC (Allocation Failure) [PSYoungGen: 57152K->1408K(57856K)] 378044K->322300K(634368K), 0.0020208 secs] [Times: user=0.01 sys=0.00, real=0.00 secs] 
1643.393: [GC (Allocation Failure) [PSYoungGen: 57216K->1360K(57856K)] 378108K->322252K(634368K), 0.0018577 secs] [Times: user=0.00 sys=0.00, real=0.00 secs] 
1643.786: [GC (Allocation Failure) [PSYoungGen: 57168K->1533K(57856K)] 378060K->322434K(634368K), 0.0015435 secs] [Times: user=0.01 sys=0.00, real=0.00 secs] 
1644.108: [GC (Allocation Failure) [PSYoungGen: 57341K->1536K(57856K)] 378242K->322437K(634368K), 0.0015090 secs] [Times: user=0.01 sys=0.00, real=0.00 secs] 
1644.494: [GC (Allocation Failure) [PSYoungGen: 57344K->1533K(57856K)] 378245K->322434K(634368K), 0.0015727 secs] [Times: user=0.01 sys=0.00, real=0.01 secs] 
1644.819: [GC (Allocation Failure) [PSYoungGen: 57341K->1565K(57856K)] 378242K->322466K(634368K), 0.0015345 secs] [Times: user=0.00 sys=0.00, real=0.00 secs] 
1645.687: [GC (Allocation Failure) [PSYoungGen: 57373K->1392K(57856K)] 378274K->322292K(634368K), 0.0042340 secs] [Times: user=0.01 sys=0.00, real=0.00 secs] 
1646.194: [GC (Allocation Failure) [PSYoungGen: 57200K->1408K(57856K)] 378100K->322332K(634368K), 0.0024891 secs] [Times: user=0.01 sys=0.00, real=0.01 secs] 
1646.664: [GC (Allocation Failure) [PSYoungGen: 57216K->1376K(57856K)] 378140K->322300K(634368K), 0.0026973 secs] [Times: user=0.01 sys=0.00, real=0.01 secs] 
1647.120: [GC (Allocation Failure) [PSYoungGen: 57184K->1344K(57856K)] 378108K->322268K(634368K), 0.0024291 secs] [Times: user=0.01 sys=0.00, real=0.00 secs] 
1647.561: [GC (Allocation Failure) [PSYoungGen: 57152K->1376K(57856K)] 378076K->322300K(634368K), 0.0019554 secs] [Times: user=0.01 sys=0.00, real=0.00 secs] 
1648.000: [GC (Allocation Failure) [PSYoungGen: 57184K->1517K(57856K)] 378108K->322442K(634368K), 0.0016560 secs] [Times: user=0.01 sys=0.00, real=0.00 secs] 
1648.325: [GC (Allocation Failure) [PSYoungGen: 57325K->1565K(57856K)] 378250K->322506K(634368K), 0.0015518 secs] [Times: user=0.01 sys=0.00, real=0.00 secs] 
1648.648: [GC (Allocation Failure) [PSYoungGen: 57373K->1533K(57856K)] 378314K->322474K(634368K), 0.0015614 secs] [Times: user=0.01 sys=0.00, real=0.00 secs] 
1648.974: [GC (Allocation Failure) [PSYoungGen: 57341K->1565K(57856K)] 378282K->322506K(634368K), 0.0015436 secs] [Times: user=0.00 sys=0.00, real=0.01 secs] 
1649.381: [GC (Allocation Failure) [PSYoungGen: 57373K->1984K(57856K)] 378314K->322924K(634368K), 0.0019323 secs] [Times: user=0.01 sys=0.00, real=0.00 secs] 
1649.838: [GC (Allocation Failure) [PSYoungGen: 57792K->1392K(57856K)] 378732K->322332K(634368K), 0.0016166 secs] [Times: user=0.00 sys=0.00, real=0.00 secs] 
1650.299: [GC (Allocation Failure) [PSYoungGen: 57200K->1344K(57856K)] 378140K->322284K(634368K), 0.0023881 secs] [Times: user=0.01 sys=0.00, real=0.00 secs] 
1650.803: [GC (Allocation Failure) [PSYoungGen: 57152K->1344K(57856K)] 378092K->322284K(634368K), 0.0028764 secs] [Times: user=0.01 sys=0.01, real=0.01 secs] 
1651.277: [GC (Allocation Failure) [PSYoungGen: 57152K->1408K(57856K)] 378092K->322348K(634368K), 0.0038280 secs] [Times: user=0.01 sys=0.00, real=0.00 secs] 
1651.862: [GC (Allocation Failure) [PSYoungGen: 57195K->1424K(57856K)] 378136K->322365K(634368K), 0.0021537 secs] [Times: user=0.01 sys=0.00, real=0.00 secs] 
1652.213: [GC (Allocation Failure) [PSYoungGen: 57232K->1517K(57856K)] 378173K->322474K(634368K), 0.0015396 secs] [Times: user=0.01 sys=0.00, real=0.01 secs] 
1652.536: [GC (Allocation Failure) [PSYoungGen: 57325K->1565K(57856K)] 378282K->322522K(634368K), 0.0017889 secs] [Times: user=0.01 sys=0.00, real=0.00 secs] 
1652.862: [GC (Allocation Failure) [PSYoungGen: 57373K->1565K(57856K)] 378330K->322522K(634368K), 0.0015391 secs] [Times: user=0.01 sys=0.00, real=0.00 secs] 
1653.186: [GC (Allocation Failure) [PSYoungGen: 57373K->1565K(57856K)] 378330K->322522K(634368K), 0.0015329 secs] [Times: user=0.00 sys=0.00, real=0.00 secs] 
1653.543: [GC (Allocation Failure) [PSYoungGen: 57373K->1408K(57856K)] 378330K->322364K(634368K), 0.0019759 secs] [Times: user=0.01 sys=0.00, real=0.01 secs] 
1653.775: [GC (Allocation Failure) [PSYoungGen: 57216K->1344K(57856K)] 378172K->322300K(634368K), 0.0017320 secs] [Times: user=0.01 sys=0.00, real=0.00 secs] 
1654.007: [GC (Allocation Failure) [PSYoungGen: 57152K->1408K(57856K)] 378108K->322364K(634368K), 0.0018418 secs] [Times: user=0.01 sys=0.00, real=0.00 secs] 
1654.239: [GC (Allocation Failure) [PSYoungGen: 57216K->1408K(57856K)] 378172K->322364K(634368K), 0.0019222 secs] [Times: user=0.01 sys=0.00, real=0.00 secs] 
1654.594: [GC (Allocation Failure) [PSYoungGen: 57216K->1344K(57856K)] 378172K->322300K(634368K), 0.0023501 secs] [Times: user=0.01 sys=0.00, real=0.01 secs] 
1655.153: [GC (Allocation Failure) [PSYoungGen: 57152K->1485K(57856K)] 378108K->322466K(634368K), 0.0016092 secs] [Times: user=0.01 sys=0.00, real=0.00 secs] 
1655.477: [GC (Allocation Failure) [PSYoungGen: 57293K->1565K(57856K)] 378274K->322546K(634368K), 0.0015628 secs] [Times: user=0.01 sys=0.00, real=0.00 secs] 
1655.804: [GC (Allocation Failure) [PSYoungGen: 57373K->1549K(57856K)] 378354K->322530K(634368K), 0.0015472 secs] [Times: user=0.00 sys=0.00, real=0.01 secs] 
1656.128: [GC (Allocation Failure) [PSYoungGen: 57357K->1533K(57856K)] 378338K->322530K(634368K), 0.0015275 secs] [Times: user=0.01 sys=0.00, real=0.00 secs] 
1656.440: [GC (Allocation Failure) [PSYoungGen: 57341K->1472K(57856K)] 378338K->322468K(634368K), 0.0017841 secs] [Times: user=0.01 sys=0.00, real=0.00 secs] 
1656.851: [GC (Allocation Failure) [PSYoungGen: 57280K->1408K(57856K)] 378276K->322404K(634368K), 0.0018141 secs] [Times: user=0.01 sys=0.00, real=0.00 secs] 
1657.515: [GC (Allocation Failure) [PSYoungGen: 57216K->1408K(57856K)] 378212K->322404K(634368K), 0.0019977 secs] [Times: user=0.01 sys=0.00, real=0.00 secs] 
1657.979: [GC (Allocation Failure) [PSYoungGen: 57216K->1344K(57856K)] 378212K->322340K(634368K), 0.0022469 secs] [Times: user=0.01 sys=0.00, real=0.00 secs] 
1658.476: [GC (Allocation Failure) [PSYoungGen: 57152K->1344K(57856K)] 378148K->322340K(634368K), 0.0034771 secs] [Times: user=0.01 sys=0.00, real=0.00 secs] 
1658.947: [GC (Allocation Failure) [PSYoungGen: 57152K->1469K(57856K)] 378148K->322466K(634368K), 0.0014654 secs] [Times: user=0.00 sys=0.00, real=0.00 secs] 
1659.270: [GC (Allocation Failure) [PSYoungGen: 57277K->1565K(57856K)] 378274K->322578K(634368K), 0.0015571 secs] [Times: user=0.01 sys=0.00, real=0.00 secs] 
1659.592: [GC (Allocation Failure) [PSYoungGen: 57373K->1565K(57856K)] 378386K->322578K(634368K), 0.0015027 secs] [Times: user=0.00 sys=0.00, real=0.00 secs] 
1659.915: [GC (Allocation Failure) [PSYoungGen: 57373K->1536K(57856K)] 378386K->322548K(634368K), 0.0015162 secs] [Times: user=0.01 sys=0.00, real=0.00 secs] 
1660.243: [GC (Allocation Failure) [PSYoungGen: 57344K->1581K(57856K)] 378356K->322594K(634368K), 0.0015064 secs] [Times: user=0.01 sys=0.00, real=0.00 secs] 
1660.737: [GC (Allocation Failure) [PSYoungGen: 57389K->1408K(57856K)] 378402K->322420K(634368K), 0.0017956 secs] [Times: user=0.00 sys=0.00, real=0.00 secs] 
1661.496: [GC (Allocation Failure) [PSYoungGen: 57216K->1376K(57856K)] 378228K->322388K(634368K), 0.0026024 secs] [Times: user=0.01 sys=0.00, real=0.00 secs] 
1662.555: [GC (Allocation Failure) [PSYoungGen: 57184K->1376K(57856K)] 378196K->322388K(634368K), 0.0038337 secs] [Times: user=0.02 sys=0.01, real=0.00 secs] 
1663.490: [GC (Allocation Failure) [PSYoungGen: 57184K->1376K(57856K)] 378196K->322388K(634368K), 0.0037623 secs] [Times: user=0.02 sys=0.01, real=0.00 secs] 
1664.449: [GC (Allocation Failure) [PSYoungGen: 57184K->1360K(57856K)] 378196K->322372K(634368K), 0.0037704 secs] [Times: user=0.02 sys=0.00, real=0.00 secs] 
1664.955: [GC (Allocation Failure) [PSYoungGen: 57168K->1517K(57856K)] 378180K->322546K(634368K), 0.0016502 secs] [Times: user=0.01 sys=0.00, real=0.00 secs] 
1665.339: [GC (Allocation Failure) [PSYoungGen: 57325K->1549K(57856K)] 378354K->322578K(634368K), 0.0015399 secs] [Times: user=0.00 sys=0.00, real=0.00 secs] 
1665.665: [GC (Allocation Failure) [PSYoungGen: 57357K->1536K(57856K)] 378386K->322564K(634368K), 0.0015597 secs] [Times: user=0.01 sys=0.00, real=0.00 secs] 
1666.046: [GC (Allocation Failure) [PSYoungGen: 57344K->1613K(57856K)] 378372K->322642K(634368K), 0.0015838 secs] [Times: user=0.01 sys=0.00, real=0.00 secs] 
1666.605: [GC (Allocation Failure) [PSYoungGen: 57421K->1456K(57856K)] 378450K->322484K(634368K), 0.0036726 secs] [Times: user=0.01 sys=0.00, real=0.00 secs] 
1667.058: [GC (Allocation Failure) [PSYoungGen: 57264K->1392K(57856K)] 378292K->322420K(634368K), 0.0025861 secs] [Times: user=0.01 sys=0.00, real=0.00 secs] 
1667.510: [GC (Allocation Failure) [PSYoungGen: 57200K->1344K(57856K)] 378228K->322372K(634368K), 0.0021212 secs] [Times: user=0.01 sys=0.00, real=0.00 secs] 
1667.982: [GC (Allocation Failure) [PSYoungGen: 57152K->1392K(57856K)] 378180K->322420K(634368K), 0.0021074 secs] [Times: user=0.01 sys=0.00, real=0.00 secs] 
1668.278: [GC (Allocation Failure) [PSYoungGen: 57200K->1344K(57856K)] 378228K->322372K(634368K), 0.0020113 secs] [Times: user=0.01 sys=0.00, real=0.00 secs] 
1668.620: [GC (Allocation Failure) [PSYoungGen: 57152K->1501K(57856K)] 378180K->322530K(634368K), 0.0014612 secs] [Times: user=0.01 sys=0.00, real=0.00 secs] 
1669.002: [GC (Allocation Failure) [PSYoungGen: 57309K->1613K(57856K)] 378338K->322666K(634368K), 0.0015481 secs] [Times: user=0.01 sys=0.00, real=0.00 secs] 
1669.385: [GC (Allocation Failure) [PSYoungGen: 57421K->1565K(57856K)] 378474K->322618K(634368K), 0.0015648 secs] [Times: user=0.00 sys=0.00, real=0.00 secs] 
1669.711: [GC (Allocation Failure) [PSYoungGen: 57373K->1565K(57856K)] 378426K->322618K(634368K), 0.0015359 secs] [Times: user=0.01 sys=0.00, real=0.00 secs] 
1670.090: [GC (Allocation Failure) [PSYoungGen: 57373K->1984K(57856K)] 378426K->323036K(634368K), 0.0021553 secs] [Times: user=0.01 sys=0.00, real=0.00 secs] 
1670.600: [GC (Allocation Failure) [PSYoungGen: 57792K->1376K(57856K)] 378844K->322428K(634368K), 0.0034204 secs] [Times: user=0.01 sys=0.00, real=0.00 secs] 
1671.069: [GC (Allocation Failure) [PSYoungGen: 57184K->1376K(57856K)] 378236K->322428K(634368K), 0.0021724 secs] [Times: user=0.01 sys=0.00, real=0.00 secs] 
1671.581: [GC (Allocation Failure) [PSYoungGen: 57184K->1376K(57856K)] 378236K->322428K(634368K), 0.0033049 secs] [Times: user=0.02 sys=0.00, real=0.00 secs] 
1672.007: [GC (Allocation Failure) [PSYoungGen: 57184K->1408K(57856K)] 378236K->322460K(634368K), 0.0020736 secs] [Times: user=0.00 sys=0.00, real=0.00 secs] 
1672.296: [GC (Allocation Failure) [PSYoungGen: 57216K->1437K(57856K)] 378268K->322490K(634368K), 0.0014399 secs] [Times: user=0.00 sys=0.00, real=0.00 secs] 
1672.617: [GC (Allocation Failure) [PSYoungGen: 57245K->1533K(57856K)] 378298K->322602K(634368K), 0.0015028 secs] [Times: user=0.00 sys=0.00, real=0.00 secs] 
1672.994: [GC (Allocation Failure) [PSYoungGen: 57341K->1584K(57856K)] 378410K->322653K(634368K), 0.0015514 secs] [Times: user=0.01 sys=0.00, real=0.01 secs] 
1673.319: [GC (Allocation Failure) [PSYoungGen: 57392K->1568K(57856K)] 378461K->322637K(634368K), 0.0015365 secs] [Times: user=0.01 sys=0.00, real=0.00 secs] 
1673.708: [GC (Allocation Failure) [PSYoungGen: 57376K->1597K(57856K)] 378445K->322666K(634368K), 0.0015684 secs] [Times: user=0.01 sys=0.00, real=0.00 secs] 
1673.997: [GC (Allocation Failure) [PSYoungGen: 57405K->1408K(57856K)] 378474K->322476K(634368K), 0.0025600 secs] [Times: user=0.01 sys=0.00, real=0.00 secs] 
1674.279: [GC (Allocation Failure) [PSYoungGen: 57216K->1408K(57856K)] 378284K->322476K(634368K), 0.0018972 secs] [Times: user=0.01 sys=0.00, real=0.00 secs] 
1674.752: [GC (Allocation Failure) [PSYoungGen: 57216K->1408K(57856K)] 378284K->322476K(634368K), 0.0019781 secs] [Times: user=0.01 sys=0.00, real=0.00 secs] 
1675.369: [GC (Allocation Failure) [PSYoungGen: 57216K->1440K(57856K)] 378284K->322508K(634368K), 0.0026879 secs] [Times: user=0.01 sys=0.00, real=0.00 secs] 
1676.088: [GC (Allocation Failure) [PSYoungGen: 57248K->1344K(57856K)] 378316K->322412K(634368K), 0.0032192 secs] [Times: user=0.01 sys=0.00, real=0.00 secs] 
1676.675: [GC (Allocation Failure) [PSYoungGen: 57152K->1501K(57856K)] 378220K->322578K(634368K), 0.0015426 secs] [Times: user=0.00 sys=0.00, real=0.00 secs] 
1676.998: [GC (Allocation Failure) [PSYoungGen: 57309K->1565K(57856K)] 378386K->322666K(634368K), 0.0015784 secs] [Times: user=0.00 sys=0.00, real=0.00 secs] 
1677.323: [GC (Allocation Failure) [PSYoungGen: 57373K->1613K(57856K)] 378474K->322714K(634368K), 0.0015165 secs] [Times: user=0.00 sys=0.00, real=0.00 secs] 
1677.645: [GC (Allocation Failure) [PSYoungGen: 57421K->1517K(57856K)] 378522K->322618K(634368K), 0.0015300 secs] [Times: user=0.01 sys=0.00, real=0.00 secs] 
1677.953: [GC (Allocation Failure) [PSYoungGen: 57325K->1472K(57856K)] 378426K->322572K(634368K), 0.0034210 secs] [Times: user=0.01 sys=0.00, real=0.01 secs] 
1678.210: [GC (Allocation Failure) [PSYoungGen: 57280K->1376K(57856K)] 378380K->322476K(634368K), 0.0017163 secs] [Times: user=0.01 sys=0.00, real=0.00 secs] 
1678.442: [GC (Allocation Failure) [PSYoungGen: 57184K->1376K(57856K)] 378284K->322476K(634368K), 0.0017670 secs] [Times: user=0.01 sys=0.00, real=0.00 secs] 
1678.675: [GC (Allocation Failure) [PSYoungGen: 57184K->1376K(57856K)] 378284K->322476K(634368K), 0.0019568 secs] [Times: user=0.01 sys=0.00, real=0.01 secs] 
1678.907: [GC (Allocation Failure) [PSYoungGen: 57184K->1424K(57856K)] 378284K->322524K(634368K), 0.0016125 secs] [Times: user=0.00 sys=0.00, real=0.00 secs] 
1679.330: [GC (Allocation Failure) [PSYoungGen: 57232K->1469K(57856K)] 378332K->322570K(634368K), 0.0014411 secs] [Times: user=0.00 sys=0.00, real=0.00 secs] 
1679.652: [GC (Allocation Failure) [PSYoungGen: 57277K->1565K(57856K)] 378378K->322682K(634368K), 0.0015315 secs] [Times: user=0.00 sys=0.00, real=0.00 secs] 
1679.974: [GC (Allocation Failure) [PSYoungGen: 57373K->1549K(57856K)] 378490K->322666K(634368K), 0.0015337 secs] [Times: user=0.01 sys=0.00, real=0.01 secs] 
1680.297: [GC (Allocation Failure) [PSYoungGen: 57357K->1565K(57856K)] 378474K->322682K(634368K), 0.0015404 secs] [Times: user=0.00 sys=0.00, real=0.00 secs] 
1680.624: [GC (Allocation Failure) [PSYoungGen: 57373K->1565K(57856K)] 378490K->322682K(634368K), 0.0015228 secs] [Times: user=0.01 sys=0.00, real=0.01 secs] 
1680.911: [GC (Allocation Failure) [PSYoungGen: 57373K->1392K(57856K)] 378490K->322508K(634368K), 0.0016369 secs] [Times: user=0.01 sys=0.00, real=0.00 secs] 
1681.143: [GC (Allocation Failure) [PSYoungGen: 57200K->1376K(57856K)] 378316K->322492K(634368K), 0.0017123 secs] [Times: user=0.00 sys=0.00, real=0.01 secs] 
1681.405: [GC (Allocation Failure) [PSYoungGen: 57184K->1408K(57856K)] 378300K->322524K(634368K), 0.0019017 secs] [Times: user=0.01 sys=0.00, real=0.00 secs] 
1681.640: [GC (Allocation Failure) [PSYoungGen: 57216K->1376K(57856K)] 378332K->322492K(634368K), 0.0026386 secs] [Times: user=0.01 sys=0.00, real=0.00 secs] 
1682.144: [GC (Allocation Failure) [PSYoungGen: 57184K->1376K(57856K)] 378300K->322492K(634368K), 0.0028467 secs] [Times: user=0.01 sys=0.00, real=0.01 secs] 
1682.562: [GC (Allocation Failure) [PSYoungGen: 57184K->1549K(57856K)] 378300K->322682K(634368K), 0.0015524 secs] [Times: user=0.01 sys=0.00, real=0.00 secs] 
1682.883: [GC (Allocation Failure) [PSYoungGen: 57357K->1565K(57856K)] 378490K->322698K(634368K), 0.0015111 secs] [Times: user=0.01 sys=0.00, real=0.01 secs] 
1683.209: [GC (Allocation Failure) [PSYoungGen: 57373K->1584K(57856K)] 378506K->322717K(634368K), 0.0015200 secs] [Times: user=0.01 sys=0.00, real=0.00 secs] 
1683.532: [GC (Allocation Failure) [PSYoungGen: 57369K->1533K(57856K)] 378502K->322666K(634368K), 0.0015140 secs] [Times: user=0.00 sys=0.00, real=0.00 secs] 
1683.989: [GC (Allocation Failure) [PSYoungGen: 57341K->1440K(57856K)] 378474K->322572K(634368K), 0.0019411 secs] [Times: user=0.01 sys=0.00, real=0.00 secs] 
1684.488: [GC (Allocation Failure) [PSYoungGen: 57248K->1376K(57856K)] 378380K->322508K(634368K), 0.0020961 secs] [Times: user=0.01 sys=0.00, real=0.00 secs] 
1684.954: [GC (Allocation Failure) [PSYoungGen: 57184K->1376K(57856K)] 378316K->322508K(634368K), 0.0024365 secs] [Times: user=0.01 sys=0.00, real=0.01 secs] 
1685.379: [GC (Allocation Failure) [PSYoungGen: 57184K->1344K(57856K)] 378316K->322476K(634368K), 0.0022656 secs] [Times: user=0.01 sys=0.00, real=0.00 secs] 
1685.886: [GC (Allocation Failure) [PSYoungGen: 57152K->1408K(57856K)] 378284K->322540K(634368K), 0.0031574 secs] [Times: user=0.01 sys=0.00, real=0.00 secs] 
1686.402: [GC (Allocation Failure) [PSYoungGen: 57216K->1501K(57856K)] 378348K->322658K(634368K), 0.0014712 secs] [Times: user=0.01 sys=0.00, real=0.00 secs] 
1686.723: [GC (Allocation Failure) [PSYoungGen: 57309K->1552K(57856K)] 378466K->322725K(634368K), 0.0015387 secs] [Times: user=0.00 sys=0.00, real=0.01 secs] 
1687.047: [GC (Allocation Failure) [PSYoungGen: 57360K->1581K(57856K)] 378533K->322754K(634368K), 0.0015298 secs] [Times: user=0.01 sys=0.00, real=0.00 secs] 
1687.372: [GC (Allocation Failure) [PSYoungGen: 57389K->1565K(57856K)] 378562K->322738K(634368K), 0.0015291 secs] [Times: user=0.01 sys=0.00, real=0.00 secs] 
1687.745: [GC (Allocation Failure) [PSYoungGen: 57373K->1952K(57856K)] 378546K->323124K(634368K), 0.0016958 secs] [Times: user=0.01 sys=0.00, real=0.00 secs] 
1687.995: [GC (Allocation Failure) [PSYoungGen: 57760K->1344K(57856K)] 378932K->322516K(634368K), 0.0016676 secs] [Times: user=0.01 sys=0.00, real=0.00 secs] 
1688.273: [GC (Allocation Failure) [PSYoungGen: 57152K->1360K(57856K)] 378324K->322532K(634368K), 0.0018246 secs] [Times: user=0.00 sys=0.00, real=0.01 secs] 
1688.555: [GC (Allocation Failure) [PSYoungGen: 57168K->1376K(57856K)] 378340K->322548K(634368K), 0.0019045 secs] [Times: user=0.01 sys=0.00, real=0.00 secs] 
1688.789: [GC (Allocation Failure) [PSYoungGen: 57184K->1376K(57856K)] 378356K->322548K(634368K), 0.0018756 secs] [Times: user=0.01 sys=0.00, real=0.00 secs] 
1689.089: [GC (Allocation Failure) [PSYoungGen: 57184K->1469K(57856K)] 378356K->322642K(634368K), 0.0014419 secs] [Times: user=0.00 sys=0.00, real=0.00 secs] 
1689.410: [GC (Allocation Failure) [PSYoungGen: 57277K->1565K(57856K)] 378450K->322754K(634368K), 0.0015342 secs] [Times: user=0.01 sys=0.00, real=0.00 secs] 
1689.734: [GC (Allocation Failure) [PSYoungGen: 57373K->1533K(57856K)] 378562K->322722K(634368K), 0.0015155 secs] [Times: user=0.00 sys=0.00, real=0.01 secs] 
1690.060: [GC (Allocation Failure) [PSYoungGen: 57341K->1533K(57856K)] 378530K->322722K(634368K), 0.0014716 secs] [Times: user=0.01 sys=0.00, real=0.00 secs] 
1690.384: [GC (Allocation Failure) [PSYoungGen: 57324K->1552K(57856K)] 378513K->322741K(634368K), 0.0015588 secs] [Times: user=0.00 sys=0.00, real=0.01 secs] 
1691.007: [GC (Allocation Failure) [PSYoungGen: 57360K->1408K(57856K)] 378549K->322596K(634368K), 0.0019486 secs] [Times: user=0.00 sys=0.00, real=0.00 secs] 
1691.600: [GC (Allocation Failure) [PSYoungGen: 57216K->1376K(57856K)] 378404K->322564K(634368K), 0.0020585 secs] [Times: user=0.01 sys=0.00, real=0.00 secs] 
1692.080: [GC (Allocation Failure) [PSYoungGen: 57184K->1376K(57856K)] 378372K->322564K(634368K), 0.0020612 secs] [Times: user=0.00 sys=0.00, real=0.00 secs] 
1692.555: [GC (Allocation Failure) [PSYoungGen: 57184K->1376K(57856K)] 378372K->322564K(634368K), 0.0022492 secs] [Times: user=0.01 sys=0.00, real=0.00 secs] 
1693.013: [GC (Allocation Failure) [PSYoungGen: 57184K->1376K(57856K)] 378372K->322564K(634368K), 0.0022081 secs] [Times: user=0.00 sys=0.00, real=0.01 secs] 
1693.431: [GC (Allocation Failure) [PSYoungGen: 57184K->1501K(57856K)] 378372K->322706K(634368K), 0.0014975 secs] [Times: user=0.00 sys=0.00, real=0.00 secs] 
1693.754: [GC (Allocation Failure) [PSYoungGen: 57309K->1565K(57856K)] 378514K->322770K(634368K), 0.0015301 secs] [Times: user=0.01 sys=0.00, real=0.01 secs] 
1694.079: [GC (Allocation Failure) [PSYoungGen: 57373K->1565K(57856K)] 378578K->322770K(634368K), 0.0015256 secs] [Times: user=0.01 sys=0.00, real=0.00 secs] 
1694.403: [GC (Allocation Failure) [PSYoungGen: 57369K->1533K(57856K)] 378574K->322738K(634368K), 0.0015128 secs] [Times: user=0.01 sys=0.00, real=0.00 secs] 
1694.721: [GC (Allocation Failure) [PSYoungGen: 57341K->1472K(57856K)] 378546K->322676K(634368K), 0.0017828 secs] [Times: user=0.01 sys=0.00, real=0.00 secs] 
1695.082: [GC (Allocation Failure) [PSYoungGen: 57280K->1344K(57856K)] 378484K->322548K(634368K), 0.0018658 secs] [Times: user=0.01 sys=0.00, real=0.00 secs] 
1695.573: [GC (Allocation Failure) [PSYoungGen: 57152K->1376K(57856K)] 378356K->322588K(634368K), 0.0018206 secs] [Times: user=0.01 sys=0.01, real=0.01 secs] 
1695.974: [GC (Allocation Failure) [PSYoungGen: 57184K->1424K(57856K)] 378396K->322636K(634368K), 0.0018463 secs] [Times: user=0.01 sys=0.00, real=0.01 secs] 
1696.438: [GC (Allocation Failure) [PSYoungGen: 57232K->1376K(57856K)] 378444K->322588K(634368K), 0.0021501 secs] [Times: user=0.01 sys=0.00, real=0.00 secs] 
1696.878: [GC (Allocation Failure) [PSYoungGen: 57184K->1469K(57856K)] 378396K->322682K(634368K), 0.0015753 secs] [Times: user=0.01 sys=0.00, real=0.00 secs] 
1697.200: [GC (Allocation Failure) [PSYoungGen: 57277K->1565K(57856K)] 378490K->322802K(634368K), 0.0015326 secs] [Times: user=0.01 sys=0.00, real=0.00 secs] 
1697.523: [GC (Allocation Failure) [PSYoungGen: 57373K->1533K(57856K)] 378610K->322770K(634368K), 0.0015433 secs] [Times: user=0.01 sys=0.00, real=0.01 secs] 
1697.846: [GC (Allocation Failure) [PSYoungGen: 57341K->1568K(57856K)] 378578K->322805K(634368K), 0.0015147 secs] [Times: user=0.00 sys=0.00, real=0.00 secs] 
1698.172: [GC (Allocation Failure) [PSYoungGen: 57376K->1597K(57856K)] 378613K->322834K(634368K), 0.0015164 secs] [Times: user=0.01 sys=0.00, real=0.00 secs] 
1698.439: [GC (Allocation Failure) [PSYoungGen: 57405K->1440K(57856K)] 378642K->322676K(634368K), 0.0019340 secs] [Times: user=0.01 sys=0.00, real=0.00 secs] 
1698.713: [GC (Allocation Failure) [PSYoungGen: 57248K->1344K(57856K)] 378484K->322580K(634368K), 0.0033218 secs] [Times: user=0.01 sys=0.00, real=0.01 secs] 
1699.088: [GC (Allocation Failure) [PSYoungGen: 57152K->1376K(57856K)] 378388K->322612K(634368K), 0.0016313 secs] [Times: user=0.00 sys=0.00, real=0.00 secs] 
1699.559: [GC (Allocation Failure) [PSYoungGen: 57184K->1376K(57856K)] 378420K->322612K(634368K), 0.0017809 secs] [Times: user=0.00 sys=0.00, real=0.00 secs] 
1700.136: [GC (Allocation Failure) [PSYoungGen: 57184K->1440K(57856K)] 378420K->322676K(634368K), 0.0039913 secs] [Times: user=0.02 sys=0.00, real=0.00 secs] 
1700.627: [GC (Allocation Failure) [PSYoungGen: 57248K->1549K(57856K)] 378484K->322802K(634368K), 0.0015013 secs] [Times: user=0.01 sys=0.00, real=0.00 secs] 
1700.951: [GC (Allocation Failure) [PSYoungGen: 57357K->1533K(57856K)] 378610K->322786K(634368K), 0.0015272 secs] [Times: user=0.01 sys=0.00, real=0.00 secs] 
1701.276: [GC (Allocation Failure) [PSYoungGen: 57341K->1565K(57856K)] 378594K->322818K(634368K), 0.0015399 secs] [Times: user=0.00 sys=0.00, real=0.00 secs] 
1701.600: [GC (Allocation Failure) [PSYoungGen: 57350K->1533K(57856K)] 378603K->322786K(634368K), 0.0015325 secs] [Times: user=0.01 sys=0.00, real=0.00 secs] 
1701.990: [GC (Allocation Failure) [PSYoungGen: 57341K->1504K(57856K)] 378594K->322756K(634368K), 0.0025013 secs] [Times: user=0.01 sys=0.00, real=0.00 secs] 
1702.293: [GC (Allocation Failure) [PSYoungGen: 57312K->1408K(57856K)] 378564K->322660K(634368K), 0.0020332 secs] [Times: user=0.01 sys=0.00, real=0.01 secs] 
1702.538: [GC (Allocation Failure) [PSYoungGen: 57216K->1360K(57856K)] 378468K->322612K(634368K), 0.0019247 secs] [Times: user=0.01 sys=0.00, real=0.00 secs] 
1702.883: [GC (Allocation Failure) [PSYoungGen: 57168K->1344K(57856K)] 378420K->322596K(634368K), 0.0019197 secs] [Times: user=0.01 sys=0.00, real=0.00 secs] 
1703.299: [GC (Allocation Failure) [PSYoungGen: 57152K->1376K(57856K)] 378404K->322628K(634368K), 0.0018738 secs] [Times: user=0.00 sys=0.00, real=0.00 secs] 
1703.718: [GC (Allocation Failure) [PSYoungGen: 57184K->1520K(57856K)] 378436K->322773K(634368K), 0.0014832 secs] [Times: user=0.01 sys=0.00, real=0.00 secs] 
1704.040: [GC (Allocation Failure) [PSYoungGen: 57328K->1536K(57856K)] 378581K->322804K(634368K), 0.0015176 secs] [Times: user=0.01 sys=0.00, real=0.00 secs] 
1704.418: [GC (Allocation Failure) [PSYoungGen: 57344K->1581K(57856K)] 378612K->322850K(634368K), 0.0015458 secs] [Times: user=0.01 sys=0.00, real=0.00 secs] 
1704.742: [GC (Allocation Failure) [PSYoungGen: 57389K->1613K(57856K)] 378658K->322882K(634368K), 0.0015669 secs] [Times: user=0.00 sys=0.00, real=0.00 secs] 
1705.142: [GC (Allocation Failure) [PSYoungGen: 57421K->2016K(57856K)] 378690K->323284K(634368K), 0.0017678 secs] [Times: user=0.00 sys=0.00, real=0.00 secs] 
1705.724: [GC (Allocation Failure) [PSYoungGen: 57824K->1376K(57856K)] 379092K->322644K(634368K), 0.0028503 secs] [Times: user=0.01 sys=0.00, real=0.01 secs] 
1706.299: [GC (Allocation Failure) [PSYoungGen: 57184K->1344K(57856K)] 378452K->322628K(634368K), 0.0024699 secs] [Times: user=0.01 sys=0.00, real=0.00 secs] 
1706.542: [GC (Allocation Failure) [PSYoungGen: 57152K->1376K(57856K)] 378436K->322660K(634368K), 0.0020181 secs] [Times: user=0.01 sys=0.00, real=0.00 secs] 
1706.774: [GC (Allocation Failure) [PSYoungGen: 57184K->1408K(57856K)] 378468K->322692K(634368K), 0.0019889 secs] [Times: user=0.01 sys=0.00, real=0.01 secs] 
1707.045: [GC (Allocation Failure) [PSYoungGen: 57216K->1472K(57856K)] 378500K->322757K(634368K), 0.0016091 secs] [Times: user=0.01 sys=0.00, real=0.00 secs] 
1707.367: [GC (Allocation Failure) [PSYoungGen: 57280K->1533K(57856K)] 378565K->322834K(634368K), 0.0017014 secs] [Times: user=0.01 sys=0.00, real=0.00 secs] 
1707.691: [GC (Allocation Failure) [PSYoungGen: 57341K->1533K(57856K)] 378642K->322834K(634368K), 0.0015349 secs] [Times: user=0.00 sys=0.00, real=0.00 secs] 
1708.016: [GC (Allocation Failure) [PSYoungGen: 57341K->1533K(57856K)] 378642K->322834K(634368K), 0.0015383 secs] [Times: user=0.00 sys=0.00, real=0.00 secs] 
1708.340: [GC (Allocation Failure) [PSYoungGen: 57324K->1533K(57856K)] 378625K->322834K(634368K), 0.0015253 secs] [Times: user=0.00 sys=0.00, real=0.00 secs] 
1708.649: [GC (Allocation Failure) [PSYoungGen: 57341K->1424K(57856K)] 378642K->322724K(634368K), 0.0018179 secs] [Times: user=0.01 sys=0.00, real=0.00 secs] 
1708.915: [GC (Allocation Failure) [PSYoungGen: 57232K->1408K(57856K)] 378532K->322708K(634368K), 0.0017507 secs] [Times: user=0.00 sys=0.00, real=0.00 secs] 
1709.198: [GC (Allocation Failure) [PSYoungGen: 57216K->1408K(57856K)] 378516K->322708K(634368K), 0.0019579 secs] [Times: user=0.01 sys=0.00, real=0.00 secs] 
1709.430: [GC (Allocation Failure) [PSYoungGen: 57216K->1408K(57856K)] 378516K->322708K(634368K), 0.0019201 secs] [Times: user=0.01 sys=0.00, real=0.00 secs] 
1709.671: [GC (Allocation Failure) [PSYoungGen: 57216K->1344K(57856K)] 378516K->322644K(634368K), 0.0017753 secs] [Times: user=0.01 sys=0.00, real=0.00 secs] 
1710.027: [GC (Allocation Failure) [PSYoungGen: 57152K->1520K(57856K)] 378452K->322837K(634368K), 0.0014685 secs] [Times: user=0.01 sys=0.00, real=0.00 secs] 
1710.349: [GC (Allocation Failure) [PSYoungGen: 57328K->1584K(57856K)] 378645K->322901K(634368K), 0.0017184 secs] [Times: user=0.01 sys=0.00, real=0.00 secs] 
1710.674: [GC (Allocation Failure) [PSYoungGen: 57392K->1533K(57856K)] 378709K->322850K(634368K), 0.0015483 secs] [Times: user=0.01 sys=0.00, real=0.01 secs] 
1710.999: [GC (Allocation Failure) [PSYoungGen: 57341K->1565K(57856K)] 378658K->322882K(634368K), 0.0015028 secs] [Times: user=0.01 sys=0.00, real=0.00 secs] 
1711.732: [GC (Allocation Failure) [PSYoungGen: 57373K->1472K(57856K)] 378690K->322788K(634368K), 0.0024348 secs] [Times: user=0.01 sys=0.00, real=0.00 secs] 
1712.529: [GC (Allocation Failure) [PSYoungGen: 57280K->1376K(57856K)] 378596K->322692K(634368K), 0.0044933 secs] [Times: user=0.02 sys=0.00, real=0.00 secs] 
1713.116: [GC (Allocation Failure) [PSYoungGen: 57184K->1360K(57856K)] 378500K->322676K(634368K), 0.0036507 secs] [Times: user=0.01 sys=0.00, real=0.00 secs] 
1713.633: [GC (Allocation Failure) [PSYoungGen: 57168K->1376K(57856K)] 378484K->322692K(634368K), 0.0031402 secs] [Times: user=0.01 sys=0.00, real=0.01 secs] 
1714.179: [GC (Allocation Failure) [PSYoungGen: 57184K->1344K(57856K)] 378500K->322660K(634368K), 0.0023730 secs] [Times: user=0.01 sys=0.00, real=0.00 secs] 
1714.713: [GC (Allocation Failure) [PSYoungGen: 57152K->1421K(57856K)] 378468K->322738K(634368K), 0.0019217 secs] [Times: user=0.01 sys=0.00, real=0.01 secs] 
1715.040: [GC (Allocation Failure) [PSYoungGen: 57229K->1533K(57856K)] 378546K->322866K(634368K), 0.0015454 secs] [Times: user=0.00 sys=0.00, real=0.00 secs] 
1715.361: [GC (Allocation Failure) [PSYoungGen: 57341K->1565K(57856K)] 378674K->322898K(634368K), 0.0015248 secs] [Times: user=0.01 sys=0.00, real=0.00 secs] 
1715.685: [GC (Allocation Failure) [PSYoungGen: 57373K->1533K(57856K)] 378706K->322866K(634368K), 0.0015137 secs] [Times: user=0.00 sys=0.00, real=0.00 secs] 
1716.010: [GC (Allocation Failure) [PSYoungGen: 57341K->1565K(57856K)] 378674K->322898K(634368K), 0.0015475 secs] [Times: user=0.01 sys=0.00, real=0.00 secs] 
1717.176: [GC (Allocation Failure) [PSYoungGen: 57373K->1408K(57856K)] 378706K->322740K(634368K), 0.0040424 secs] [Times: user=0.01 sys=0.00, real=0.00 secs] 
1718.167: [GC (Allocation Failure) [PSYoungGen: 57216K->1344K(57856K)] 378548K->322676K(634368K), 0.0032683 secs] [Times: user=0.02 sys=0.00, real=0.00 secs] 
1718.879: [GC (Allocation Failure) [PSYoungGen: 57152K->1376K(57856K)] 378484K->322708K(634368K), 0.0032732 secs] [Times: user=0.01 sys=0.00, real=0.00 secs] 
1719.463: [GC (Allocation Failure) [PSYoungGen: 57184K->1408K(57856K)] 378516K->322748K(634368K), 0.0033904 secs] [Times: user=0.01 sys=0.00, real=0.01 secs] 
1719.946: [GC (Allocation Failure) [PSYoungGen: 57216K->1344K(57856K)] 378556K->322684K(634368K), 0.0036697 secs] [Times: user=0.01 sys=0.00, real=0.00 secs] 
1720.427: [GC (GCLocker Initiated GC) [PSYoungGen: 57152K->1472K(57856K)] 378492K->322829K(634368K), 0.0015218 secs] [Times: user=0.01 sys=0.00, real=0.00 secs] 
1720.751: [GC (Allocation Failure) [PSYoungGen: 57280K->1469K(57856K)] 378830K->323019K(634368K), 0.0016141 secs] [Times: user=0.01 sys=0.00, real=0.00 secs] 
1721.076: [GC (Allocation Failure) [PSYoungGen: 57277K->1597K(57856K)] 378827K->323147K(634368K), 0.0015154 secs] [Times: user=0.01 sys=0.00, real=0.00 secs] 
1721.403: [GC (Allocation Failure) [PSYoungGen: 57405K->1645K(57856K)] 378955K->323195K(634368K), 0.0014948 secs] [Times: user=0.01 sys=0.00, real=0.01 secs] 
1721.792: [GC (Allocation Failure) [PSYoungGen: 57453K->1568K(57856K)] 379003K->323118K(634368K), 0.0030073 secs] [Times: user=0.01 sys=0.00, real=0.01 secs] 
1722.039: [GC (Allocation Failure) [PSYoungGen: 57376K->1440K(57856K)] 378926K->322990K(634368K), 0.0020063 secs] [Times: user=0.01 sys=0.00, real=0.00 secs] 
1722.485: [GC (Allocation Failure) [PSYoungGen: 57248K->1472K(57856K)] 378798K->323022K(634368K), 0.0020467 secs] [Times: user=0.00 sys=0.00, real=0.00 secs] 
1722.955: [GC (Allocation Failure) [PSYoungGen: 57280K->1504K(57856K)] 378830K->323054K(634368K), 0.0022133 secs] [Times: user=0.01 sys=0.00, real=0.00 secs] 
1723.426: [GC (Allocation Failure) [PSYoungGen: 57312K->1440K(57856K)] 378862K->322990K(634368K), 0.0021827 secs] [Times: user=0.00 sys=0.01, real=0.00 secs] 
1723.908: [GC (Allocation Failure) [PSYoungGen: 57248K->1629K(57856K)] 378798K->323179K(634368K), 0.0015067 secs] [Times: user=0.00 sys=0.00, real=0.00 secs] 
1724.230: [GC (Allocation Failure) [PSYoungGen: 57437K->1661K(57856K)] 378987K->323227K(634368K), 0.0015418 secs] [Times: user=0.01 sys=0.00, real=0.00 secs] 
1724.555: [GC (Allocation Failure) [PSYoungGen: 57469K->1664K(57856K)] 379035K->323230K(634368K), 0.0015213 secs] [Times: user=0.01 sys=0.00, real=0.00 secs] 
1724.878: [GC (Allocation Failure) [PSYoungGen: 57472K->1677K(57856K)] 379038K->323243K(634368K), 0.0015549 secs] [Times: user=0.00 sys=0.00, real=0.00 secs] 
1725.222: [GC (Allocation Failure) [PSYoungGen: 57485K->2016K(57856K)] 379051K->323614K(634368K), 0.0017089 secs] [Times: user=0.01 sys=0.00, real=0.00 secs] 
1725.835: [GC (Allocation Failure) [PSYoungGen: 57824K->1440K(57856K)] 379422K->323086K(634368K), 0.0020148 secs] [Times: user=0.01 sys=0.00, real=0.00 secs] 
1726.290: [GC (Allocation Failure) [PSYoungGen: 57248K->1440K(57856K)] 378894K->323086K(634368K), 0.0026746 secs] [Times: user=0.01 sys=0.00, real=0.00 secs] 
1726.516: [GC (Allocation Failure) [PSYoungGen: 57248K->1440K(57856K)] 378894K->323110K(634368K), 0.0021614 secs] [Times: user=0.01 sys=0.01, real=0.00 secs] 
1726.748: [GC (Allocation Failure) [PSYoungGen: 57248K->1376K(57856K)] 378918K->323110K(634368K), 0.0019381 secs] [Times: user=0.00 sys=0.00, real=0.00 secs] 
1727.140: [GC (Allocation Failure) [PSYoungGen: 57184K->1536K(57856K)] 378918K->323270K(634368K), 0.0028118 secs] [Times: user=0.01 sys=0.00, real=0.00 secs] 
1727.566: [GC (Allocation Failure) [PSYoungGen: 57344K->1565K(57856K)] 379078K->323331K(634368K), 0.0015191 secs] [Times: user=0.01 sys=0.00, real=0.00 secs] 
1727.890: [GC (Allocation Failure) [PSYoungGen: 57347K->1533K(57856K)] 379114K->323299K(634368K), 0.0015616 secs] [Times: user=0.01 sys=0.00, real=0.00 secs] 
1728.212: [GC (Allocation Failure) [PSYoungGen: 57341K->1600K(57856K)] 379107K->323366K(634368K), 0.0015377 secs] [Times: user=0.01 sys=0.00, real=0.00 secs] 
1728.536: [GC (Allocation Failure) [PSYoungGen: 57408K->1552K(57856K)] 379174K->323318K(634368K), 0.0015140 secs] [Times: user=0.01 sys=0.00, real=0.00 secs] 
1728.978: [GC (Allocation Failure) [PSYoungGen: 57360K->1392K(57856K)] 379126K->323158K(634368K), 0.0033398 secs] [Times: user=0.01 sys=0.00, real=0.00 secs] 
1729.489: [GC (Allocation Failure) [PSYoungGen: 57200K->1344K(57856K)] 378966K->323110K(634368K), 0.0020251 secs] [Times: user=0.01 sys=0.00, real=0.00 secs] 
1730.097: [GC (Allocation Failure) [PSYoungGen: 57152K->1360K(57856K)] 378918K->323126K(634368K), 0.0023963 secs] [Times: user=0.01 sys=0.00, real=0.00 secs] 
1730.909: [GC (Allocation Failure) [PSYoungGen: 57168K->1376K(57856K)] 378934K->323142K(634368K), 0.0019154 secs] [Times: user=0.01 sys=0.00, real=0.00 secs] 
1731.737: [GC (Allocation Failure) [PSYoungGen: 57184K->1360K(57856K)] 378950K->323126K(634368K), 0.0025085 secs] [Times: user=0.01 sys=0.00, real=0.00 secs] 
1732.243: [GC (Allocation Failure) [PSYoungGen: 57168K->1549K(57856K)] 378934K->323331K(634368K), 0.0015071 secs] [Times: user=0.00 sys=0.00, real=0.01 secs] 
1732.566: [GC (Allocation Failure) [PSYoungGen: 57357K->1517K(57856K)] 379139K->323299K(634368K), 0.0015390 secs] [Times: user=0.01 sys=0.00, real=0.00 secs] 
1732.889: [GC (Allocation Failure) [PSYoungGen: 57325K->1565K(57856K)] 379107K->323347K(634368K), 0.0015957 secs] [Times: user=0.01 sys=0.00, real=0.00 secs] 
1733.214: [GC (Allocation Failure) [PSYoungGen: 57373K->1565K(57856K)] 379155K->323347K(634368K), 0.0015778 secs] [Times: user=0.01 sys=0.00, real=0.01 secs] 
1733.633: [GC (Allocation Failure) [PSYoungGen: 57373K->1424K(57856K)] 379155K->323206K(634368K), 0.0018227 secs] [Times: user=0.01 sys=0.00, real=0.01 secs] 
1734.218: [GC (Allocation Failure) [PSYoungGen: 57232K->1344K(57856K)] 379014K->323126K(634368K), 0.0027020 secs] [Times: user=0.02 sys=0.00, real=0.00 secs] 
1734.954: [GC (Allocation Failure) [PSYoungGen: 57152K->1344K(57856K)] 378934K->323126K(634368K), 0.0027500 secs] [Times: user=0.01 sys=0.00, real=0.01 secs] 
1735.524: [GC (Allocation Failure) [PSYoungGen: 57152K->1312K(57856K)] 378934K->323094K(634368K), 0.0025325 secs] [Times: user=0.01 sys=0.00, real=0.01 secs] 
1736.143: [GC (Allocation Failure) [PSYoungGen: 57120K->1312K(57856K)] 378902K->323094K(634368K), 0.0020767 secs] [Times: user=0.01 sys=0.00, real=0.01 secs] 
1736.775: [GC (Allocation Failure) [PSYoungGen: 57120K->1453K(57856K)] 378902K->323235K(634368K), 0.0019075 secs] [Times: user=0.01 sys=0.00, real=0.01 secs] 
1737.107: [GC (Allocation Failure) [PSYoungGen: 57261K->1565K(57856K)] 379043K->323363K(634368K), 0.0015198 secs] [Times: user=0.01 sys=0.00, real=0.00 secs] 
1737.429: [GC (Allocation Failure) [PSYoungGen: 57373K->1565K(57856K)] 379171K->323363K(634368K), 0.0015335 secs] [Times: user=0.01 sys=0.00, real=0.00 secs] 
1737.755: [GC (Allocation Failure) [PSYoungGen: 57373K->1613K(57856K)] 379171K->323411K(634368K), 0.0015275 secs] [Times: user=0.00 sys=0.00, real=0.01 secs] 
1738.080: [GC (Allocation Failure) [PSYoungGen: 57417K->1533K(57856K)] 379215K->323347K(634368K), 0.0015125 secs] [Times: user=0.01 sys=0.00, real=0.00 secs] 
1738.338: [GC (Allocation Failure) [PSYoungGen: 57341K->1472K(57856K)] 379155K->323286K(634368K), 0.0015975 secs] [Times: user=0.00 sys=0.00, real=0.00 secs] 
1738.569: [GC (Allocation Failure) [PSYoungGen: 57280K->1392K(57856K)] 379094K->323206K(634368K), 0.0015227 secs] [Times: user=0.00 sys=0.00, real=0.00 secs] 
1738.801: [GC (Allocation Failure) [PSYoungGen: 57200K->1440K(57856K)] 379014K->323254K(634368K), 0.0015760 secs] [Times: user=0.01 sys=0.00, real=0.00 secs] 
1739.120: [GC (Allocation Failure) [PSYoungGen: 57248K->1376K(57856K)] 379062K->323190K(634368K), 0.0015382 secs] [Times: user=0.00 sys=0.00, real=0.00 secs] 
1739.520: [GC (Allocation Failure) [PSYoungGen: 57184K->1344K(57856K)] 378998K->323158K(634368K), 0.0016341 secs] [Times: user=0.01 sys=0.00, real=0.00 secs] 
1739.856: [GC (Allocation Failure) [PSYoungGen: 57152K->1533K(57856K)] 378966K->323363K(634368K), 0.0015038 secs] [Times: user=0.01 sys=0.00, real=0.00 secs] 
1740.178: [GC (Allocation Failure) [PSYoungGen: 57341K->1533K(57856K)] 379171K->323363K(634368K), 0.0015526 secs] [Times: user=0.00 sys=0.00, real=0.00 secs] 
1740.504: [GC (Allocation Failure) [PSYoungGen: 57341K->1533K(57856K)] 379171K->323363K(634368K), 0.0015322 secs] [Times: user=0.00 sys=0.00, real=0.01 secs] 
1740.827: [GC (Allocation Failure) [PSYoungGen: 57341K->1565K(57856K)] 379171K->323395K(634368K), 0.0015473 secs] [Times: user=0.00 sys=0.00, real=0.00 secs] 
1741.674: [GC (Allocation Failure) [PSYoungGen: 57373K->1440K(57856K)] 379203K->323270K(634368K), 0.0036262 secs] [Times: user=0.02 sys=0.00, real=0.01 secs] 
1742.103: [GC (Allocation Failure) [PSYoungGen: 57248K->1344K(57856K)] 379078K->323174K(634368K), 0.0020200 secs] [Times: user=0.01 sys=0.00, real=0.01 secs] 
1742.335: [GC (Allocation Failure) [PSYoungGen: 57152K->1344K(57856K)] 378982K->323174K(634368K), 0.0020388 secs] [Times: user=0.01 sys=0.00, real=0.00 secs] 
1742.602: [GC (Allocation Failure) [PSYoungGen: 57152K->1408K(57856K)] 378982K->323238K(634368K), 0.0019612 secs] [Times: user=0.01 sys=0.00, real=0.00 secs] 
1742.834: [GC (Allocation Failure) [PSYoungGen: 57216K->1376K(57856K)] 379046K->323206K(634368K), 0.0019188 secs] [Times: user=0.01 sys=0.00, real=0.01 secs] 
1743.167: [GC (Allocation Failure) [PSYoungGen: 57184K->1504K(57856K)] 379014K->323334K(634368K), 0.0014388 secs] [Times: user=0.01 sys=0.00, real=0.00 secs] 
1743.490: [GC (Allocation Failure) [PSYoungGen: 57312K->1565K(57856K)] 379142K->323403K(634368K), 0.0015614 secs] [Times: user=0.01 sys=0.00, real=0.00 secs] 
1743.815: [GC (Allocation Failure) [PSYoungGen: 57373K->1533K(57856K)] 379211K->323371K(634368K), 0.0015568 secs] [Times: user=0.01 sys=0.00, real=0.00 secs] 
1744.137: [GC (Allocation Failure) [PSYoungGen: 57341K->1565K(57856K)] 379179K->323403K(634368K), 0.0015313 secs] [Times: user=0.00 sys=0.00, real=0.00 secs] 
1744.515: [GC (Allocation Failure) [PSYoungGen: 57373K->2016K(57856K)] 379211K->324366K(634368K), 0.0018416 secs] [Times: user=0.01 sys=0.00, real=0.00 secs] 
1744.931: [GC (Allocation Failure) [PSYoungGen: 57824K->1376K(57856K)] 380174K->323726K(634368K), 0.0019504 secs] [Times: user=0.01 sys=0.00, real=0.00 secs] 
1745.377: [GC (Allocation Failure) [PSYoungGen: 57184K->1344K(57856K)] 379534K->323694K(634368K), 0.0035522 secs] [Times: user=0.01 sys=0.00, real=0.00 secs] 
1745.788: [GC (Allocation Failure) [PSYoungGen: 57152K->1376K(57856K)] 379502K->323726K(634368K), 0.0027722 secs] [Times: user=0.01 sys=0.00, real=0.00 secs] 
1746.250: [GC (Allocation Failure) [PSYoungGen: 57184K->1376K(57856K)] 379534K->323750K(634368K), 0.0033239 secs] [Times: user=0.01 sys=0.00, real=0.00 secs] 
1746.792: [GC (Allocation Failure) [PSYoungGen: 57184K->1440K(57856K)] 379558K->323814K(634368K), 0.0021130 secs] [Times: user=0.01 sys=0.00, real=0.00 secs] 
1747.159: [GC (Allocation Failure) [PSYoungGen: 57248K->1533K(57856K)] 379622K->323923K(634368K), 0.0015295 secs] [Times: user=0.01 sys=0.00, real=0.00 secs] 
1747.487: [GC (Allocation Failure) [PSYoungGen: 57341K->1504K(57856K)] 379731K->323894K(634368K), 0.0015199 secs] [Times: user=0.00 sys=0.00, real=0.00 secs] 
1747.810: [GC (Allocation Failure) [PSYoungGen: 57312K->1565K(57856K)] 379702K->323955K(634368K), 0.0015377 secs] [Times: user=0.01 sys=0.00, real=0.00 secs] 
1748.135: [GC (Allocation Failure) [PSYoungGen: 57373K->1520K(57856K)] 379763K->323910K(634368K), 0.0015552 secs] [Times: user=0.01 sys=0.00, real=0.00 secs] 
1748.779: [GC (Allocation Failure) [PSYoungGen: 57328K->1440K(57856K)] 379718K->323830K(634368K), 0.0025083 secs] [Times: user=0.01 sys=0.00, real=0.00 secs] 
1749.598: [GC (Allocation Failure) [PSYoungGen: 57248K->1376K(57856K)] 379638K->323766K(634368K), 0.0019468 secs] [Times: user=0.00 sys=0.00, real=0.00 secs] 
1750.325: [GC (Allocation Failure) [PSYoungGen: 57184K->1408K(57856K)] 379574K->323798K(634368K), 0.0019364 secs] [Times: user=0.00 sys=0.00, real=0.00 secs] 
1751.064: [GC (Allocation Failure) [PSYoungGen: 57216K->1408K(57856K)] 379606K->323798K(634368K), 0.0022074 secs] [Times: user=0.01 sys=0.00, real=0.01 secs] 
1751.796: [GC (Allocation Failure) [PSYoungGen: 57216K->1344K(57856K)] 379606K->323734K(634368K), 0.0025176 secs] [Times: user=0.01 sys=0.00, real=0.00 secs] 
1752.282: [GC (Allocation Failure) [PSYoungGen: 57152K->1501K(57856K)] 379542K->323907K(634368K), 0.0015194 secs] [Times: user=0.00 sys=0.00, real=0.00 secs] 
1752.605: [GC (Allocation Failure) [PSYoungGen: 57309K->1533K(57856K)] 379715K->323939K(634368K), 0.0015934 secs] [Times: user=0.01 sys=0.00, real=0.00 secs] 
1752.928: [GC (Allocation Failure) [PSYoungGen: 57341K->1533K(57856K)] 379747K->323939K(634368K), 0.0015865 secs] [Times: user=0.01 sys=0.00, real=0.00 secs] 
1753.251: [GC (Allocation Failure) [PSYoungGen: 57341K->1565K(57856K)] 379747K->323971K(634368K), 0.0015314 secs] [Times: user=0.00 sys=0.00, real=0.00 secs] 
1753.582: [GC (Allocation Failure) [PSYoungGen: 57373K->1504K(57856K)] 379779K->323910K(634368K), 0.0016812 secs] [Times: user=0.01 sys=0.00, real=0.00 secs] 
1753.910: [GC (Allocation Failure) [PSYoungGen: 57312K->1344K(57856K)] 379718K->323750K(634368K), 0.0015248 secs] [Times: user=0.01 sys=0.00, real=0.00 secs] 
1754.412: [GC (Allocation Failure) [PSYoungGen: 57152K->1392K(57856K)] 379558K->323798K(634368K), 0.0021853 secs] [Times: user=0.00 sys=0.01, real=0.00 secs] 
1755.101: [GC (Allocation Failure) [PSYoungGen: 57200K->1408K(57856K)] 379606K->323814K(634368K), 0.0028167 secs] [Times: user=0.01 sys=0.00, real=0.00 secs] 
1755.702: [GC (Allocation Failure) [PSYoungGen: 57216K->1312K(57856K)] 379622K->323718K(634368K), 0.0028688 secs] [Times: user=0.01 sys=0.00, real=0.01 secs] 
1756.316: [GC (Allocation Failure) [PSYoungGen: 57120K->1469K(57856K)] 379526K->323875K(634368K), 0.0018474 secs] [Times: user=0.01 sys=0.00, real=0.00 secs] 
1756.645: [GC (Allocation Failure) [PSYoungGen: 57277K->1565K(57856K)] 379683K->323987K(634368K), 0.0015313 secs] [Times: user=0.01 sys=0.00, real=0.00 secs] 
1756.967: [GC (Allocation Failure) [PSYoungGen: 57373K->1565K(57856K)] 379795K->323987K(634368K), 0.0015103 secs] [Times: user=0.00 sys=0.00, real=0.00 secs] 
1757.292: [GC (Allocation Failure) [PSYoungGen: 57373K->1581K(57856K)] 379795K->324003K(634368K), 0.0015821 secs] [Times: user=0.01 sys=0.00, real=0.00 secs] 
1757.616: [GC (Allocation Failure) [PSYoungGen: 57387K->1533K(57856K)] 379810K->323979K(634368K), 0.0015290 secs] [Times: user=0.01 sys=0.00, real=0.00 secs] 
1757.872: [GC (Allocation Failure) [PSYoungGen: 57341K->1424K(57856K)] 379787K->323870K(634368K), 0.0015907 secs] [Times: user=0.01 sys=0.00, real=0.00 secs] 
1758.107: [GC (Allocation Failure) [PSYoungGen: 57232K->1376K(57856K)] 379678K->323822K(634368K), 0.0016375 secs] [Times: user=0.01 sys=0.00, real=0.00 secs] 
1758.401: [GC (Allocation Failure) [PSYoungGen: 57184K->1344K(57856K)] 379630K->323790K(634368K), 0.0017263 secs] [Times: user=0.01 sys=0.00, real=0.00 secs] 
1758.796: [GC (Allocation Failure) [PSYoungGen: 57152K->1408K(57856K)] 379598K->323854K(634368K), 0.0027292 secs] [Times: user=0.01 sys=0.00, real=0.00 secs] 
1759.432: [GC (Allocation Failure) [PSYoungGen: 57216K->1344K(57856K)] 379662K->323790K(634368K), 0.0032002 secs] [Times: user=0.01 sys=0.00, real=0.01 secs] 
1759.977: [GC (Allocation Failure) [PSYoungGen: 57152K->1533K(57856K)] 379598K->323987K(634368K), 0.0015848 secs] [Times: user=0.01 sys=0.00, real=0.00 secs] 
1760.305: [GC (Allocation Failure) [PSYoungGen: 57341K->1565K(57856K)] 379795K->324019K(634368K), 0.0015102 secs] [Times: user=0.00 sys=0.00, real=0.00 secs] 
1760.630: [GC (Allocation Failure) [PSYoungGen: 57373K->1533K(57856K)] 379827K->323987K(634368K), 0.0015311 secs] [Times: user=0.01 sys=0.00, real=0.00 secs] 
1760.952: [GC (Allocation Failure) [PSYoungGen: 57341K->1597K(57856K)] 379795K->324051K(634368K), 0.0016410 secs] [Times: user=0.01 sys=0.00, real=0.00 secs] 
1761.236: [GC (Allocation Failure) [PSYoungGen: 57405K->1488K(57856K)] 379859K->323942K(634368K), 0.0021398 secs] [Times: user=0.01 sys=0.00, real=0.00 secs] 
1761.497: [GC (Allocation Failure) [PSYoungGen: 57296K->1376K(57856K)] 379750K->323830K(634368K), 0.0020900 secs] [Times: user=0.01 sys=0.00, real=0.00 secs] 
1761.778: [GC (Allocation Failure) [PSYoungGen: 57184K->1408K(57856K)] 379638K->323862K(634368K), 0.0019735 secs] [Times: user=0.01 sys=0.00, real=0.00 secs] 
1762.161: [GC (Allocation Failure) [PSYoungGen: 57216K->1376K(57856K)] 379670K->323830K(634368K), 0.0019588 secs] [Times: user=0.01 sys=0.00, real=0.00 secs] 
1762.572: [GC (Allocation Failure) [PSYoungGen: 57184K->1376K(57856K)] 379638K->323830K(634368K), 0.0027315 secs] [Times: user=0.01 sys=0.00, real=0.00 secs] 
1763.131: [GC (Allocation Failure) [PSYoungGen: 57184K->1472K(57856K)] 379638K->323926K(634368K), 0.0015532 secs] [Times: user=0.00 sys=0.00, real=0.00 secs] 
1763.515: [GC (Allocation Failure) [PSYoungGen: 57280K->1536K(57856K)] 379734K->323998K(634368K), 0.0015506 secs] [Times: user=0.01 sys=0.00, real=0.00 secs] 
1763.837: [GC (Allocation Failure) [PSYoungGen: 57344K->1549K(57856K)] 379806K->324011K(634368K), 0.0015597 secs] [Times: user=0.01 sys=0.00, real=0.00 secs] 
1764.159: [GC (Allocation Failure) [PSYoungGen: 57357K->1584K(57856K)] 379819K->324046K(634368K), 0.0015562 secs] [Times: user=0.00 sys=0.00, real=0.00 secs] 
1764.538: [GC (Allocation Failure) [PSYoungGen: 57392K->1952K(57856K)] 379854K->324414K(634368K), 0.0019571 secs] [Times: user=0.00 sys=0.00, real=0.00 secs] 
1765.242: [GC (Allocation Failure) [PSYoungGen: 57760K->1408K(57856K)] 380222K->323870K(634368K), 0.0032868 secs] [Times: user=0.02 sys=0.00, real=0.01 secs] 
1765.949: [GC (Allocation Failure) [PSYoungGen: 57216K->1408K(57856K)] 379678K->323870K(634368K), 0.0035585 secs] [Times: user=0.02 sys=0.00, real=0.00 secs] 
1766.535: [GC (Allocation Failure) [PSYoungGen: 57216K->1376K(57856K)] 379678K->323838K(634368K), 0.0030925 secs] [Times: user=0.01 sys=0.00, real=0.00 secs] 
1766.767: [GC (Allocation Failure) [PSYoungGen: 57184K->1376K(57856K)] 379646K->323854K(634368K), 0.0019129 secs] [Times: user=0.00 sys=0.00, real=0.00 secs] 
1767.031: [GC (Allocation Failure) [PSYoungGen: 57184K->1469K(57856K)] 379662K->323947K(634368K), 0.0016187 secs] [Times: user=0.00 sys=0.00, real=0.00 secs] 
1767.356: [GC (Allocation Failure) [PSYoungGen: 57277K->1501K(57856K)] 379755K->323995K(634368K), 0.0015312 secs] [Times: user=0.00 sys=0.00, real=0.00 secs] 
1767.679: [GC (Allocation Failure) [PSYoungGen: 57309K->1533K(57856K)] 379803K->324027K(634368K), 0.0015358 secs] [Times: user=0.01 sys=0.00, real=0.00 secs] 
1768.002: [GC (Allocation Failure) [PSYoungGen: 57341K->1613K(57856K)] 379835K->324107K(634368K), 0.0015392 secs] [Times: user=0.00 sys=0.00, real=0.00 secs] 
1768.326: [GC (Allocation Failure) [PSYoungGen: 57421K->1533K(57856K)] 379915K->324027K(634368K), 0.0016436 secs] [Times: user=0.01 sys=0.00, real=0.00 secs] 
1768.918: [GC (Allocation Failure) [PSYoungGen: 57341K->1408K(57856K)] 379835K->323902K(634368K), 0.0020685 secs] [Times: user=0.00 sys=0.00, real=0.00 secs] 
1769.557: [GC (Allocation Failure) [PSYoungGen: 57216K->1408K(57856K)] 379710K->323902K(634368K), 0.0020063 secs] [Times: user=0.00 sys=0.00, real=0.00 secs] 
1770.285: [GC (Allocation Failure) [PSYoungGen: 57216K->1344K(57856K)] 379710K->323838K(634368K), 0.0020609 secs] [Times: user=0.01 sys=0.00, real=0.00 secs] 
1771.068: [GC (Allocation Failure) [PSYoungGen: 57152K->1376K(57856K)] 379646K->323878K(634368K), 0.0026745 secs] [Times: user=0.01 sys=0.00, real=0.00 secs] 
1771.782: [GC (Allocation Failure) [PSYoungGen: 57184K->1328K(57856K)] 379686K->323830K(634368K), 0.0033769 secs] [Times: user=0.02 sys=0.00, real=0.01 secs] 
1772.338: [GC (Allocation Failure) [PSYoungGen: 57136K->1501K(57856K)] 379638K->324019K(634368K), 0.0014714 secs] [Times: user=0.00 sys=0.00, real=0.00 secs] 
1772.661: [GC (Allocation Failure) [PSYoungGen: 57309K->1581K(57856K)] 379827K->324099K(634368K), 0.0015468 secs] [Times: user=0.00 sys=0.00, real=0.00 secs] 
1773.038: [GC (Allocation Failure) [PSYoungGen: 57389K->1613K(57856K)] 379907K->324131K(634368K), 0.0015499 secs] [Times: user=0.01 sys=0.00, real=0.00 secs] 
1773.362: [GC (Allocation Failure) [PSYoungGen: 57421K->1533K(57856K)] 379939K->324051K(634368K), 0.0015574 secs] [Times: user=0.00 sys=0.00, real=0.00 secs] 
1773.698: [GC (Allocation Failure) [PSYoungGen: 57341K->1504K(57856K)] 379859K->324022K(634368K), 0.0020659 secs] [Times: user=0.01 sys=0.00, real=0.00 secs] 
1774.035: [GC (Allocation Failure) [PSYoungGen: 57312K->1360K(57856K)] 379830K->323878K(634368K), 0.0020870 secs] [Times: user=0.00 sys=0.00, real=0.00 secs] 
1774.597: [GC (Allocation Failure) [PSYoungGen: 57168K->1408K(57856K)] 379686K->323926K(634368K), 0.0027383 secs] [Times: user=0.01 sys=0.00, real=0.00 secs] 
1775.048: [GC (Allocation Failure) [PSYoungGen: 57216K->1376K(57856K)] 379734K->323894K(634368K), 0.0029890 secs] [Times: user=0.01 sys=0.00, real=0.00 secs] 
1775.535: [GC (Allocation Failure) [PSYoungGen: 57184K->1376K(57856K)] 379702K->323894K(634368K), 0.0021134 secs] [Times: user=0.01 sys=0.01, real=0.00 secs] 
1776.101: [GC (Allocation Failure) [PSYoungGen: 57184K->1440K(57856K)] 379702K->323958K(634368K), 0.0019352 secs] [Times: user=0.01 sys=0.00, real=0.00 secs] 
1776.426: [GC (Allocation Failure) [PSYoungGen: 57248K->1549K(57856K)] 379766K->324083K(634368K), 0.0014906 secs] [Times: user=0.01 sys=0.00, real=0.00 secs] 
1776.814: [GC (Allocation Failure) [PSYoungGen: 57357K->1597K(57856K)] 379891K->324131K(634368K), 0.0015808 secs] [Times: user=0.01 sys=0.00, real=0.01 secs] 
1777.195: [GC (Allocation Failure) [PSYoungGen: 57405K->1565K(57856K)] 379939K->324099K(634368K), 0.0015876 secs] [Times: user=0.01 sys=0.00, real=0.00 secs] 
1777.518: [GC (Allocation Failure) [PSYoungGen: 57373K->1584K(57856K)] 379907K->324150K(634368K), 0.0015603 secs] [Times: user=0.00 sys=0.00, real=0.00 secs] 
1777.767: [GC (Allocation Failure) [PSYoungGen: 57392K->1408K(57856K)] 379958K->323974K(634368K), 0.0023089 secs] [Times: user=0.01 sys=0.00, real=0.00 secs] 
1778.461: [GC (Allocation Failure) [PSYoungGen: 57216K->1344K(57856K)] 379782K->323910K(634368K), 0.0024839 secs] [Times: user=0.01 sys=0.00, real=0.00 secs] 
1779.179: [GC (Allocation Failure) [PSYoungGen: 57152K->1344K(57856K)] 379718K->323910K(634368K), 0.0039631 secs] [Times: user=0.02 sys=0.00, real=0.00 secs] 
1780.104: [GC (Allocation Failure) [PSYoungGen: 57152K->1408K(57856K)] 379718K->323974K(634368K), 0.0037169 secs] [Times: user=0.02 sys=0.00, real=0.01 secs] 
1780.988: [GC (Allocation Failure) [PSYoungGen: 57216K->1376K(57856K)] 379782K->323942K(634368K), 0.0037319 secs] [Times: user=0.01 sys=0.00, real=0.00 secs] 
1781.548: [GC (Allocation Failure) [PSYoungGen: 57153K->1549K(57856K)] 379720K->324131K(634368K), 0.0015227 secs] [Times: user=0.01 sys=0.01, real=0.00 secs] 
1781.871: [GC (Allocation Failure) [PSYoungGen: 57357K->1613K(57856K)] 379939K->324195K(634368K), 0.0015106 secs] [Times: user=0.00 sys=0.00, real=0.00 secs] 
1782.196: [GC (Allocation Failure) [PSYoungGen: 57421K->1597K(57856K)] 380003K->324179K(634368K), 0.0015358 secs] [Times: user=0.01 sys=0.00, real=0.00 secs] 
1782.519: [GC (Allocation Failure) [PSYoungGen: 57373K->1517K(57856K)] 379956K->324099K(634368K), 0.0015305 secs] [Times: user=0.00 sys=0.00, real=0.00 secs] 
1782.851: [GC (Allocation Failure) [PSYoungGen: 57325K->1504K(57856K)] 379907K->324086K(634368K), 0.0018524 secs] [Times: user=0.01 sys=0.00, real=0.00 secs] 
1783.083: [GC (Allocation Failure) [PSYoungGen: 57312K->1376K(57856K)] 379894K->323958K(634368K), 0.0017483 secs] [Times: user=0.00 sys=0.00, real=0.01 secs] 
1783.365: [GC (Allocation Failure) [PSYoungGen: 57184K->1360K(57856K)] 379766K->323942K(634368K), 0.0018039 secs] [Times: user=0.01 sys=0.00, real=0.00 secs] 
1783.597: [GC (Allocation Failure) [PSYoungGen: 57168K->1376K(57856K)] 379750K->323958K(634368K), 0.0017678 secs] [Times: user=0.00 sys=0.00, real=0.00 secs] 
1783.829: [GC (Allocation Failure) [PSYoungGen: 57184K->1408K(57856K)] 379766K->323990K(634368K), 0.0023938 secs] [Times: user=0.01 sys=0.00, real=0.00 secs] 
1784.258: [GC (Allocation Failure) [PSYoungGen: 57216K->1549K(57856K)] 379798K->324131K(634368K), 0.0014891 secs] [Times: user=0.01 sys=0.00, real=0.00 secs] 
1784.580: [GC (Allocation Failure) [PSYoungGen: 57357K->1533K(57856K)] 379939K->324131K(634368K), 0.0015813 secs] [Times: user=0.00 sys=0.00, real=0.00 secs] 
1784.903: [GC (Allocation Failure) [PSYoungGen: 57341K->1533K(57856K)] 379939K->324131K(634368K), 0.0015469 secs] [Times: user=0.01 sys=0.00, real=0.00 secs] 
1785.229: [GC (Allocation Failure) [PSYoungGen: 57341K->1581K(57856K)] 379939K->324179K(634368K), 0.0015560 secs] [Times: user=0.01 sys=0.00, real=0.00 secs] 
1785.664: [GC (Allocation Failure) [PSYoungGen: 57389K->1792K(57856K)] 379987K->324390K(634368K), 0.0019775 secs] [Times: user=0.00 sys=0.00, real=0.01 secs] 
1786.609: [GC (Allocation Failure) [PSYoungGen: 57600K->1344K(57856K)] 380198K->323950K(634368K), 0.0020252 secs] [Times: user=0.01 sys=0.00, real=0.00 secs] 
1787.772: [GC (Allocation Failure) [PSYoungGen: 57152K->1344K(57856K)] 379758K->323950K(634368K), 0.0019819 secs] [Times: user=0.01 sys=0.00, real=0.00 secs] 
1788.267: [GC (Allocation Failure) [PSYoungGen: 57152K->1344K(57856K)] 379758K->323950K(634368K), 0.0020485 secs] [Times: user=0.00 sys=0.00, real=0.00 secs] 
1788.499: [GC (Allocation Failure) [PSYoungGen: 57152K->1344K(57856K)] 379758K->323950K(634368K), 0.0020115 secs] [Times: user=0.01 sys=0.00, real=0.00 secs] 
1788.839: [GC (Allocation Failure) [PSYoungGen: 57124K->1469K(57856K)] 379731K->324075K(634368K), 0.0021501 secs] [Times: user=0.01 sys=0.00, real=0.00 secs] 
1789.193: [GC (Allocation Failure) [PSYoungGen: 57277K->1613K(57856K)] 379883K->324235K(634368K), 0.0014938 secs] [Times: user=0.00 sys=0.00, real=0.00 secs] 
1789.575: [GC (Allocation Failure) [PSYoungGen: 57421K->1565K(57856K)] 380043K->324187K(634368K), 0.0015140 secs] [Times: user=0.00 sys=0.00, real=0.00 secs] 
1789.900: [GC (Allocation Failure) [PSYoungGen: 57373K->1549K(57856K)] 379995K->324171K(634368K), 0.0015858 secs] [Times: user=0.01 sys=0.00, real=0.00 secs] 
1790.226: [GC (Allocation Failure) [PSYoungGen: 57357K->1549K(57856K)] 379979K->324171K(634368K), 0.0018124 secs] [Times: user=0.01 sys=0.01, real=0.00 secs] 
1792.068: [GC (Allocation Failure) [PSYoungGen: 57357K->1424K(57856K)] 379979K->324046K(634368K), 0.0038644 secs] [Times: user=0.02 sys=0.00, real=0.00 secs] 
1793.351: [GC (Allocation Failure) [PSYoungGen: 57232K->1408K(57856K)] 379854K->324030K(634368K), 0.0038479 secs] [Times: user=0.01 sys=0.00, real=0.00 secs] 
1793.618: [GC (Allocation Failure) [PSYoungGen: 57216K->1376K(57856K)] 379838K->323998K(634368K), 0.0019594 secs] [Times: user=0.00 sys=0.00, real=0.00 secs] 
1793.869: [GC (Allocation Failure) [PSYoungGen: 57184K->1376K(57856K)] 379806K->323998K(634368K), 0.0021640 secs] [Times: user=0.01 sys=0.00, real=0.00 secs] 
1794.121: [GC (Allocation Failure) [PSYoungGen: 57184K->1376K(57856K)] 379806K->323998K(634368K), 0.0018544 secs] [Times: user=0.01 sys=0.00, real=0.00 secs] 
1794.470: [GC (Allocation Failure) [PSYoungGen: 57184K->1501K(57856K)] 379806K->324139K(634368K), 0.0015455 secs] [Times: user=0.01 sys=0.00, real=0.00 secs] 
1794.792: [GC (Allocation Failure) [PSYoungGen: 57309K->1533K(57856K)] 379947K->324171K(634368K), 0.0016420 secs] [Times: user=0.01 sys=0.00, real=0.00 secs] 
1795.119: [GC (Allocation Failure) [PSYoungGen: 57341K->1536K(57856K)] 379979K->324174K(634368K), 0.0015168 secs] [Times: user=0.00 sys=0.00, real=0.00 secs] 
1795.502: [GC (Allocation Failure) [PSYoungGen: 57344K->1597K(57856K)] 379982K->324235K(634368K), 0.0015600 secs] [Times: user=0.01 sys=0.00, real=0.00 secs] 
1796.027: [GC (Allocation Failure) [PSYoungGen: 57405K->1488K(57856K)] 380043K->324126K(634368K), 0.0025861 secs] [Times: user=0.01 sys=0.00, real=0.00 secs] 
1797.100: [GC (Allocation Failure) [PSYoungGen: 57296K->1360K(57856K)] 379934K->323998K(634368K), 0.0030724 secs] [Times: user=0.01 sys=0.00, real=0.00 secs] 
1797.910: [GC (Allocation Failure) [PSYoungGen: 57168K->1408K(57856K)] 379806K->324046K(634368K), 0.0038622 secs] [Times: user=0.02 sys=0.00, real=0.00 secs] 
1798.443: [GC (Allocation Failure) [PSYoungGen: 57216K->1360K(57856K)] 379854K->323998K(634368K), 0.0031032 secs] [Times: user=0.01 sys=0.00, real=0.01 secs] 
1798.899: [GC (Allocation Failure) [PSYoungGen: 57168K->1376K(57856K)] 379806K->324014K(634368K), 0.0026989 secs] [Times: user=0.01 sys=0.00, real=0.00 secs] 
1799.376: [GC (Allocation Failure) [PSYoungGen: 57184K->1469K(57856K)] 379822K->324107K(634368K), 0.0019277 secs] [Times: user=0.01 sys=0.00, real=0.00 secs] 
1799.707: [GC (Allocation Failure) [PSYoungGen: 57277K->1517K(57856K)] 379915K->324171K(634368K), 0.0015382 secs] [Times: user=0.01 sys=0.00, real=0.00 secs] 
1800.031: [GC (Allocation Failure) [PSYoungGen: 57325K->1549K(57856K)] 379979K->324203K(634368K), 0.0015335 secs] [Times: user=0.01 sys=0.00, real=0.00 secs] 
1800.353: [GC (Allocation Failure) [PSYoungGen: 57357K->1533K(57856K)] 380011K->324187K(634368K), 0.0015351 secs] [Times: user=0.01 sys=0.00, real=0.00 secs] 
1800.677: [GC (Allocation Failure) [PSYoungGen: 57341K->1533K(57856K)] 379995K->324187K(634368K), 0.0015379 secs] [Times: user=0.01 sys=0.00, real=0.00 secs] 
1801.082: [GC (Allocation Failure) [PSYoungGen: 57341K->1408K(57856K)] 379995K->324062K(634368K), 0.0019856 secs] [Times: user=0.00 sys=0.00, real=0.00 secs] 
1801.342: [GC (Allocation Failure) [PSYoungGen: 57216K->1408K(57856K)] 379870K->324062K(634368K), 0.0020037 secs] [Times: user=0.01 sys=0.00, real=0.00 secs] 
1801.618: [GC (Allocation Failure) [PSYoungGen: 57216K->1408K(57856K)] 379870K->324062K(634368K), 0.0018807 secs] [Times: user=0.01 sys=0.00, real=0.00 secs] 
1801.903: [GC (Allocation Failure) [PSYoungGen: 57216K->1376K(57856K)] 379870K->324030K(634368K), 0.0018254 secs] [Times: user=0.01 sys=0.00, real=0.00 secs] 
1802.139: [GC (Allocation Failure) [PSYoungGen: 57184K->1376K(57856K)] 379838K->324030K(634368K), 0.0018937 secs] [Times: user=0.01 sys=0.00, real=0.00 secs] 
1802.493: [GC (Allocation Failure) [PSYoungGen: 57169K->1549K(57856K)] 379823K->324219K(634368K), 0.0015476 secs] [Times: user=0.00 sys=0.00, real=0.00 secs] 
1802.819: [GC (Allocation Failure) [PSYoungGen: 57357K->1565K(57856K)] 380027K->324235K(634368K), 0.0015270 secs] [Times: user=0.01 sys=0.00, real=0.00 secs] 
1803.142: [GC (Allocation Failure) [PSYoungGen: 57373K->1581K(57856K)] 380043K->324251K(634368K), 0.0016435 secs] [Times: user=0.01 sys=0.00, real=0.00 secs] 
1803.466: [GC (Allocation Failure) [PSYoungGen: 57389K->1565K(57856K)] 380059K->324235K(634368K), 0.0015391 secs] [Times: user=0.01 sys=0.00, real=0.00 secs] 
1803.944: [GC (Allocation Failure) [PSYoungGen: 57373K->1488K(57856K)] 380043K->324158K(634368K), 0.0017489 secs] [Times: user=0.01 sys=0.00, real=0.01 secs] 
1804.458: [GC (Allocation Failure) [PSYoungGen: 57296K->1408K(57856K)] 379966K->324078K(634368K), 0.0035415 secs] [Times: user=0.01 sys=0.00, real=0.00 secs] 
1804.888: [GC (Allocation Failure) [PSYoungGen: 57216K->1344K(57856K)] 379886K->324014K(634368K), 0.0020997 secs] [Times: user=0.01 sys=0.00, real=0.00 secs] 
1805.312: [GC (Allocation Failure) [PSYoungGen: 57152K->1344K(57856K)] 379822K->324014K(634368K), 0.0019615 secs] [Times: user=0.01 sys=0.00, real=0.00 secs] 
1805.742: [GC (Allocation Failure) [PSYoungGen: 57152K->1344K(57856K)] 379822K->324014K(634368K), 0.0022043 secs] [Times: user=0.01 sys=0.00, real=0.00 secs] 
1806.156: [GC (Allocation Failure) [PSYoungGen: 57152K->1453K(57856K)] 379822K->324131K(634368K), 0.0014675 secs] [Times: user=0.00 sys=0.00, real=0.00 secs] 
1806.478: [GC (Allocation Failure) [PSYoungGen: 57261K->1581K(57856K)] 379939K->324275K(634368K), 0.0015860 secs] [Times: user=0.01 sys=0.00, real=0.00 secs] 
1806.804: [GC (Allocation Failure) [PSYoungGen: 57389K->1581K(57856K)] 380083K->324275K(634368K), 0.0015114 secs] [Times: user=0.01 sys=0.00, real=0.01 secs] 
1807.130: [GC (Allocation Failure) [PSYoungGen: 57389K->1565K(57856K)] 380083K->324259K(634368K), 0.0015413 secs] [Times: user=0.01 sys=0.00, real=0.00 secs] 
1807.476: [GC (Allocation Failure) [PSYoungGen: 57373K->1552K(57856K)] 380067K->324246K(634368K), 0.0017778 secs] [Times: user=0.01 sys=0.00, real=0.00 secs] 
1807.785: [GC (Allocation Failure) [PSYoungGen: 57360K->1344K(57856K)] 380054K->324038K(634368K), 0.0019430 secs] [Times: user=0.01 sys=0.00, real=0.00 secs] 
1808.017: [GC (Allocation Failure) [PSYoungGen: 57152K->1376K(57856K)] 379846K->324070K(634368K), 0.0019116 secs] [Times: user=0.01 sys=0.00, real=0.00 secs] 
1808.249: [GC (Allocation Failure) [PSYoungGen: 57184K->1344K(57856K)] 379878K->324038K(634368K), 0.0021686 secs] [Times: user=0.01 sys=0.00, real=0.00 secs] 
1808.485: [GC (Allocation Failure) [PSYoungGen: 57152K->1376K(57856K)] 379846K->324070K(634368K), 0.0024652 secs] [Times: user=0.01 sys=0.00, real=0.00 secs] 
1808.742: [GC (Allocation Failure) [PSYoungGen: 57184K->1440K(57856K)] 379878K->324134K(634368K), 0.0019385 secs] [Times: user=0.01 sys=0.00, real=0.00 secs] 
1809.086: [GC (Allocation Failure) [PSYoungGen: 57248K->1565K(57856K)] 379942K->324275K(634368K), 0.0016103 secs] [Times: user=0.00 sys=0.00, real=0.00 secs] 
1809.409: [GC (Allocation Failure) [PSYoungGen: 57373K->1565K(57856K)] 380083K->324275K(634368K), 0.0015352 secs] [Times: user=0.01 sys=0.00, real=0.00 secs] 
1809.737: [GC (Allocation Failure) [PSYoungGen: 57373K->1565K(57856K)] 380083K->324275K(634368K), 0.0015352 secs] [Times: user=0.01 sys=0.00, real=0.00 secs] 
1810.063: [GC (Allocation Failure) [PSYoungGen: 57373K->1536K(57856K)] 380083K->324246K(634368K), 0.0015935 secs] [Times: user=0.00 sys=0.00, real=0.00 secs] 
1810.431: [GC (Allocation Failure) [PSYoungGen: 57344K->1472K(57856K)] 380054K->324182K(634368K), 0.0019390 secs] [Times: user=0.01 sys=0.00, real=0.00 secs] 
1810.663: [GC (Allocation Failure) [PSYoungGen: 57280K->1376K(57856K)] 379990K->324086K(634368K), 0.0016876 secs] [Times: user=0.01 sys=0.00, real=0.00 secs] 
1811.046: [GC (Allocation Failure) [PSYoungGen: 57184K->1376K(57856K)] 379894K->324086K(634368K), 0.0017720 secs] [Times: user=0.01 sys=0.00, real=0.00 secs] 
1811.475: [GC (Allocation Failure) [PSYoungGen: 57184K->1376K(57856K)] 379894K->324086K(634368K), 0.0020637 secs] [Times: user=0.01 sys=0.00, real=0.00 secs] 
1811.949: [GC (Allocation Failure) [PSYoungGen: 57184K->1408K(57856K)] 379894K->324118K(634368K), 0.0018875 secs] [Times: user=0.01 sys=0.00, real=0.00 secs] 
1812.372: [GC (Allocation Failure) [PSYoungGen: 57216K->1549K(57856K)] 379926K->324275K(634368K), 0.0014709 secs] [Times: user=0.01 sys=0.00, real=0.00 secs] 
1812.696: [GC (Allocation Failure) [PSYoungGen: 57357K->1533K(57856K)] 380083K->324267K(634368K), 0.0015274 secs] [Times: user=0.00 sys=0.00, real=0.00 secs] 
1813.017: [GC (Allocation Failure) [PSYoungGen: 57341K->1613K(57856K)] 380075K->324347K(634368K), 0.0015586 secs] [Times: user=0.00 sys=0.00, real=0.00 secs] 
1813.342: [GC (Allocation Failure) [PSYoungGen: 57421K->1533K(57856K)] 380155K->324267K(634368K), 0.0015476 secs] [Times: user=0.01 sys=0.00, real=0.00 secs] 
1813.672: [GC (Allocation Failure) [PSYoungGen: 57341K->1472K(57856K)] 380075K->324206K(634368K), 0.0019766 secs] [Times: user=0.01 sys=0.00, real=0.00 secs] 
1813.925: [GC (Allocation Failure) [PSYoungGen: 57280K->1344K(57856K)] 380014K->324078K(634368K), 0.0017236 secs] [Times: user=0.00 sys=0.00, real=0.00 secs] 
1814.158: [GC (Allocation Failure) [PSYoungGen: 57152K->1376K(57856K)] 379886K->324110K(634368K), 0.0019481 secs] [Times: user=0.01 sys=0.00, real=0.00 secs] 
1814.554: [GC (Allocation Failure) [PSYoungGen: 57184K->1376K(57856K)] 379918K->324118K(634368K), 0.0031764 secs] [Times: user=0.01 sys=0.00, real=0.01 secs] 
1814.947: [GC (Allocation Failure) [PSYoungGen: 57184K->1392K(57856K)] 379926K->324134K(634368K), 0.0021696 secs] [Times: user=0.01 sys=0.00, real=0.00 secs] 
1815.505: [GC (Allocation Failure) [PSYoungGen: 57200K->1469K(57856K)] 379942K->324211K(634368K), 0.0022207 secs] [Times: user=0.00 sys=0.00, real=0.00 secs] 
1815.937: [GC (Allocation Failure) [PSYoungGen: 57277K->1565K(57856K)] 380019K->324315K(634368K), 0.0015747 secs] [Times: user=0.01 sys=0.00, real=0.00 secs] 
1816.261: [GC (Allocation Failure) [PSYoungGen: 57373K->1565K(57856K)] 380123K->324331K(634368K), 0.0015717 secs] [Times: user=0.01 sys=0.00, real=0.00 secs] 
1816.583: [GC (Allocation Failure) [PSYoungGen: 57373K->1549K(57856K)] 380139K->324315K(634368K), 0.0017798 secs] [Times: user=0.01 sys=0.00, real=0.01 secs] 
1816.912: [GC (Allocation Failure) [PSYoungGen: 57357K->1549K(57856K)] 380123K->324315K(634368K), 0.0015570 secs] [Times: user=0.01 sys=0.00, real=0.00 secs] 
1817.230: [GC (Allocation Failure) [PSYoungGen: 57357K->1376K(57856K)] 380123K->324142K(634368K), 0.0028031 secs] [Times: user=0.02 sys=0.00, real=0.00 secs] 
1817.460: [GC (Allocation Failure) [PSYoungGen: 57184K->1456K(57856K)] 379950K->324222K(634368K), 0.0018978 secs] [Times: user=0.01 sys=0.00, real=0.00 secs] 
1817.703: [GC (Allocation Failure) [PSYoungGen: 57264K->1312K(57856K)] 380030K->324078K(634368K), 0.0019759 secs] [Times: user=0.01 sys=0.00, real=0.01 secs] 
1817.946: [GC (Allocation Failure) [PSYoungGen: 57120K->1408K(57856K)] 379886K->324174K(634368K), 0.0019905 secs] [Times: user=0.01 sys=0.00, real=0.00 secs] 
1818.241: [GC (Allocation Failure) [PSYoungGen: 57216K->1408K(57856K)] 379982K->324174K(634368K), 0.0018204 secs] [Times: user=0.01 sys=0.00, real=0.00 secs] 
1818.594: [GC (Allocation Failure) [PSYoungGen: 57204K->1581K(57856K)] 379971K->324363K(634368K), 0.0014926 secs] [Times: user=0.01 sys=0.00, real=0.01 secs] 
1818.919: [GC (Allocation Failure) [PSYoungGen: 57389K->1504K(57856K)] 380171K->324286K(634368K), 0.0015731 secs] [Times: user=0.01 sys=0.00, real=0.00 secs] 
1819.242: [GC (Allocation Failure) [PSYoungGen: 57312K->1533K(57856K)] 380094K->324315K(634368K), 0.0016433 secs] [Times: user=0.00 sys=0.00, real=0.00 secs] 
1819.566: [GC (Allocation Failure) [PSYoungGen: 57341K->1565K(57856K)] 380123K->324347K(634368K), 0.0015392 secs] [Times: user=0.01 sys=0.00, real=0.00 secs] 
1819.871: [GC (Allocation Failure) [PSYoungGen: 57373K->1456K(57856K)] 380155K->324238K(634368K), 0.0019241 secs] [Times: user=0.01 sys=0.00, real=0.00 secs] 
1820.102: [GC (Allocation Failure) [PSYoungGen: 57264K->1312K(57856K)] 380046K->324094K(634368K), 0.0015123 secs] [Times: user=0.01 sys=0.00, real=0.00 secs] 
1820.334: [GC (Allocation Failure) [PSYoungGen: 57120K->1376K(57856K)] 379902K->324158K(634368K), 0.0019963 secs] [Times: user=0.01 sys=0.00, real=0.01 secs] 
1820.566: [GC (Allocation Failure) [PSYoungGen: 57184K->1376K(57856K)] 379966K->324158K(634368K), 0.0021535 secs] [Times: user=0.01 sys=0.00, real=0.00 secs] 
1820.928: [GC (Allocation Failure) [PSYoungGen: 57184K->1344K(57856K)] 379966K->324126K(634368K), 0.0033802 secs] [Times: user=0.01 sys=0.01, real=0.00 secs] 
1821.503: [GC (Allocation Failure) [PSYoungGen: 57152K->1501K(57856K)] 379934K->324283K(634368K), 0.0013601 secs] [Times: user=0.00 sys=0.00, real=0.01 secs] 
1821.891: [GC (Allocation Failure) [PSYoungGen: 57309K->1565K(57856K)] 380091K->324355K(634368K), 0.0016038 secs] [Times: user=0.01 sys=0.00, real=0.00 secs] 
1822.276: [GC (Allocation Failure) [PSYoungGen: 57373K->1565K(57856K)] 380163K->324355K(634368K), 0.0015908 secs] [Times: user=0.01 sys=0.00, real=0.00 secs] 
1822.660: [GC (Allocation Failure) [PSYoungGen: 57373K->1584K(57856K)] 380163K->324374K(634368K), 0.0015489 secs] [Times: user=0.00 sys=0.00, real=0.00 secs] 
1823.021: [GC (Allocation Failure) [PSYoungGen: 57392K->1600K(57856K)] 380182K->324390K(634368K), 0.0018214 secs] [Times: user=0.00 sys=0.00, real=0.00 secs] 
1823.306: [GC (Allocation Failure) [PSYoungGen: 57408K->1344K(57856K)] 380198K->324134K(634368K), 0.0025429 secs] [Times: user=0.02 sys=0.01, real=0.00 secs] 
1823.532: [GC (Allocation Failure) [PSYoungGen: 57152K->1376K(57856K)] 379942K->324166K(634368K), 0.0020062 secs] [Times: user=0.01 sys=0.00, real=0.00 secs] 
1823.764: [GC (Allocation Failure) [PSYoungGen: 57184K->1424K(57856K)] 379974K->324214K(634368K), 0.0019197 secs] [Times: user=0.00 sys=0.00, real=0.01 secs] 
1824.114: [GC (Allocation Failure) [PSYoungGen: 57232K->1344K(57856K)] 380022K->324134K(634368K), 0.0017826 secs] [Times: user=0.01 sys=0.00, real=0.01 secs] 
1824.571: [GC (Allocation Failure) [PSYoungGen: 57152K->1437K(57856K)] 379942K->324227K(634368K), 0.0019456 secs] [Times: user=0.00 sys=0.00, real=0.00 secs] 
1824.904: [GC (Allocation Failure) [PSYoungGen: 57245K->1549K(57856K)] 380035K->324355K(634368K), 0.0015211 secs] [Times: user=0.01 sys=0.00, real=0.01 secs] 
1825.227: [GC (Allocation Failure) [PSYoungGen: 57357K->1613K(57856K)] 380163K->324419K(634368K), 0.0014978 secs] [Times: user=0.00 sys=0.00, real=0.00 secs] 
1825.615: [GC (Allocation Failure) [PSYoungGen: 57421K->1536K(57856K)] 380227K->324342K(634368K), 0.0015788 secs] [Times: user=0.01 sys=0.00, real=0.00 secs] 
1825.938: [GC (Allocation Failure) [PSYoungGen: 57344K->1565K(57856K)] 380150K->324395K(634368K), 0.0015806 secs] [Times: user=0.01 sys=0.00, real=0.00 secs] 
1827.589: [GC (Allocation Failure) [PSYoungGen: 57373K->1440K(57856K)] 380203K->324270K(634368K), 0.0040812 secs] [Times: user=0.02 sys=0.00, real=0.00 secs] 
1828.103: [GC (Allocation Failure) [PSYoungGen: 57248K->1312K(57856K)] 380078K->324142K(634368K), 0.0025274 secs] [Times: user=0.01 sys=0.00, real=0.01 secs] 
1828.573: [GC (Allocation Failure) [PSYoungGen: 57120K->1344K(57856K)] 379950K->324174K(634368K), 0.0028329 secs] [Times: user=0.01 sys=0.00, real=0.01 secs] 
1828.819: [GC (Allocation Failure) [PSYoungGen: 57152K->1376K(57856K)] 379982K->324206K(634368K), 0.0019910 secs] [Times: user=0.01 sys=0.00, real=0.00 secs] 
1829.170: [GC (Allocation Failure) [PSYoungGen: 57184K->1376K(57856K)] 380014K->324206K(634368K), 0.0017631 secs] [Times: user=0.00 sys=0.00, real=0.00 secs] 
1829.601: [GC (Allocation Failure) [PSYoungGen: 57184K->1536K(57856K)] 380014K->324374K(634368K), 0.0015189 secs] [Times: user=0.01 sys=0.00, real=0.00 secs] 
1829.922: [GC (Allocation Failure) [PSYoungGen: 57344K->1565K(57856K)] 380182K->324403K(634368K), 0.0015385 secs] [Times: user=0.01 sys=0.00, real=0.00 secs] 
1830.246: [GC (Allocation Failure) [PSYoungGen: 57373K->1517K(57856K)] 380211K->324355K(634368K), 0.0015162 secs] [Times: user=0.00 sys=0.00, real=0.00 secs] 
1830.570: [GC (Allocation Failure) [PSYoungGen: 57325K->1565K(57856K)] 380163K->324403K(634368K), 0.0015316 secs] [Times: user=0.01 sys=0.00, real=0.00 secs] 
1831.185: [GC (Allocation Failure) [PSYoungGen: 57373K->1504K(57856K)] 380211K->324342K(634368K), 0.0023646 secs] [Times: user=0.01 sys=0.00, real=0.01 secs] 
1831.765: [GC (Allocation Failure) [PSYoungGen: 57312K->1376K(57856K)] 380150K->324214K(634368K), 0.0043714 secs] [Times: user=0.01 sys=0.00, real=0.01 secs] 
1832.385: [GC (Allocation Failure) [PSYoungGen: 57184K->1344K(57856K)] 380022K->324182K(634368K), 0.0024870 secs] [Times: user=0.01 sys=0.00, real=0.00 secs] 
1833.144: [GC (Allocation Failure) [PSYoungGen: 57152K->1344K(57856K)] 379990K->324182K(634368K), 0.0026627 secs] [Times: user=0.01 sys=0.00, real=0.01 secs] 
1833.766: [GC (Allocation Failure) [PSYoungGen: 57152K->1408K(57856K)] 379990K->324246K(634368K), 0.0027881 secs] [Times: user=0.01 sys=0.00, real=0.00 secs] 
1834.357: [GC (Allocation Failure) [PSYoungGen: 57216K->1437K(57856K)] 380054K->324275K(634368K), 0.0019582 secs] [Times: user=0.01 sys=0.00, real=0.00 secs] 
1834.688: [GC (Allocation Failure) [PSYoungGen: 57245K->1565K(57856K)] 380083K->324419K(634368K), 0.0015327 secs] [Times: user=0.01 sys=0.00, real=0.00 secs] 
1835.011: [GC (Allocation Failure) [PSYoungGen: 57373K->1568K(57856K)] 380227K->324422K(634368K), 0.0015281 secs] [Times: user=0.01 sys=0.00, real=0.00 secs] 
1835.334: [GC (Allocation Failure) [PSYoungGen: 57376K->1533K(57856K)] 380230K->324387K(634368K), 0.0016901 secs] [Times: user=0.00 sys=0.00, real=0.01 secs] 
1835.658: [GC (Allocation Failure) [PSYoungGen: 57341K->1517K(57856K)] 380195K->324371K(634368K), 0.0015313 secs] [Times: user=0.00 sys=0.01, real=0.00 secs] 
1836.352: [GC (Allocation Failure) [PSYoungGen: 57325K->1376K(57856K)] 380179K->324230K(634368K), 0.0021376 secs] [Times: user=0.01 sys=0.00, real=0.00 secs] 
1837.218: [GC (Allocation Failure) [PSYoungGen: 57184K->1408K(57856K)] 380038K->324262K(634368K), 0.0027740 secs] [Times: user=0.01 sys=0.00, real=0.00 secs] 
1838.101: [GC (Allocation Failure) [PSYoungGen: 57216K->1344K(57856K)] 380070K->324198K(634368K), 0.0030612 secs] [Times: user=0.01 sys=0.00, real=0.00 secs] 
1839.005: [GC (Allocation Failure) [PSYoungGen: 57152K->1360K(57856K)] 380006K->324214K(634368K), 0.0040212 secs] [Times: user=0.02 sys=0.00, real=0.01 secs] 
1839.884: [GC (Allocation Failure) [PSYoungGen: 57168K->1376K(57856K)] 380022K->324246K(634368K), 0.0038524 secs] [Times: user=0.02 sys=0.00, real=0.01 secs] 
1840.402: [GC (Allocation Failure) [PSYoungGen: 57184K->1501K(57856K)] 380054K->324387K(634368K), 0.0016745 secs] [Times: user=0.00 sys=0.00, real=0.00 secs] 
1840.725: [GC (Allocation Failure) [PSYoungGen: 57309K->1533K(57856K)] 380195K->324419K(634368K), 0.0015505 secs] [Times: user=0.00 sys=0.00, real=0.00 secs] 
1841.047: [GC (Allocation Failure) [PSYoungGen: 57341K->1504K(57856K)] 380227K->324390K(634368K), 0.0015292 secs] [Times: user=0.01 sys=0.00, real=0.00 secs] 
1841.434: [GC (Allocation Failure) [PSYoungGen: 57312K->1597K(57856K)] 380198K->324483K(634368K), 0.0015547 secs] [Times: user=0.00 sys=0.00, real=0.01 secs] 
1842.280: [GC (Allocation Failure) [PSYoungGen: 57405K->1440K(57856K)] 380291K->324326K(634368K), 0.0034993 secs] [Times: user=0.02 sys=0.00, real=0.00 secs] 
1844.127: [GC (Allocation Failure) [PSYoungGen: 57248K->1376K(57856K)] 380134K->324262K(634368K), 0.0032413 secs] [Times: user=0.01 sys=0.00, real=0.00 secs] 
1845.007: [GC (Allocation Failure) [PSYoungGen: 57184K->1344K(57856K)] 380070K->324230K(634368K), 0.0034402 secs] [Times: user=0.01 sys=0.00, real=0.00 secs] 
1845.914: [GC (Allocation Failure) [PSYoungGen: 57152K->1376K(57856K)] 380038K->324262K(634368K), 0.0032883 secs] [Times: user=0.02 sys=0.00, real=0.01 secs] 
1846.678: [GC (Allocation Failure) [PSYoungGen: 57184K->1376K(57856K)] 380070K->324262K(634368K), 0.0039903 secs] [Times: user=0.01 sys=0.00, real=0.00 secs] 
1847.179: [GC (Allocation Failure) [PSYoungGen: 57184K->1469K(57856K)] 380070K->324355K(634368K), 0.0014539 secs] [Times: user=0.00 sys=0.00, real=0.00 secs] 
1847.560: [GC (Allocation Failure) [PSYoungGen: 57277K->1533K(57856K)] 380163K->324435K(634368K), 0.0015890 secs] [Times: user=0.01 sys=0.00, real=0.00 secs] 
1847.942: [GC (Allocation Failure) [PSYoungGen: 57341K->1565K(57856K)] 380243K->324467K(634368K), 0.0015963 secs] [Times: user=0.01 sys=0.00, real=0.00 secs] 
1848.265: [GC (Allocation Failure) [PSYoungGen: 57373K->1629K(57856K)] 380275K->324531K(634368K), 0.0015819 secs] [Times: user=0.00 sys=0.00, real=0.00 secs] 
1848.583: [GC (Allocation Failure) [PSYoungGen: 57437K->352K(57856K)] 380339K->323254K(634368K), 0.0016537 secs] [Times: user=0.00 sys=0.00, real=0.01 secs] 
1851.490: [GC (Allocation Failure) [PSYoungGen: 56160K->1376K(57856K)] 379062K->324278K(634368K), 0.0041064 secs] [Times: user=0.02 sys=0.00, real=0.00 secs] 
1851.791: [GC (Allocation Failure) [PSYoungGen: 57184K->1344K(57856K)] 380086K->324246K(634368K), 0.0024347 secs] [Times: user=0.01 sys=0.01, real=0.00 secs] 
1852.024: [GC (Allocation Failure) [PSYoungGen: 57152K->1376K(57856K)] 380054K->324286K(634368K), 0.0020342 secs] [Times: user=0.01 sys=0.00, real=0.01 secs] 
1852.256: [GC (Allocation Failure) [PSYoungGen: 57184K->1376K(57856K)] 380094K->324286K(634368K), 0.0016533 secs] [Times: user=0.01 sys=0.00, real=0.00 secs] 
1852.488: [GC (Allocation Failure) [PSYoungGen: 57184K->1344K(57856K)] 380094K->324254K(634368K), 0.0019990 secs] [Times: user=0.00 sys=0.00, real=0.00 secs] 
1852.875: [GC (Allocation Failure) [PSYoungGen: 57152K->1501K(57856K)] 380062K->324419K(634368K), 0.0015127 secs] [Times: user=0.01 sys=0.00, real=0.00 secs] 
1853.198: [GC (Allocation Failure) [PSYoungGen: 57309K->1549K(57856K)] 380227K->324467K(634368K), 0.0015525 secs] [Times: user=0.01 sys=0.00, real=0.00 secs] 
1853.523: [GC (Allocation Failure) [PSYoungGen: 57357K->1584K(57856K)] 380275K->324502K(634368K), 0.0015639 secs] [Times: user=0.01 sys=0.00, real=0.01 secs] 
1853.847: [GC (Allocation Failure) [PSYoungGen: 57392K->1613K(57856K)] 380310K->324531K(634368K), 0.0015833 secs] [Times: user=0.00 sys=0.00, real=0.00 secs] 
1854.333: [GC (Allocation Failure) [PSYoungGen: 57421K->1424K(57856K)] 380339K->324342K(634368K), 0.0018970 secs] [Times: user=0.01 sys=0.00, real=0.01 secs] 
1854.699: [GC (Allocation Failure) [PSYoungGen: 57232K->1376K(57856K)] 380150K->324294K(634368K), 0.0038018 secs] [Times: user=0.01 sys=0.00, real=0.00 secs] 
1855.102: [GC (Allocation Failure) [PSYoungGen: 57184K->1376K(57856K)] 380102K->324294K(634368K), 0.0038455 secs] [Times: user=0.02 sys=0.00, real=0.01 secs] 
1855.532: [GC (Allocation Failure) [PSYoungGen: 57184K->1408K(57856K)] 380102K->324326K(634368K), 0.0020781 secs] [Times: user=0.01 sys=0.00, real=0.00 secs] 
1856.007: [GC (Allocation Failure) [PSYoungGen: 57216K->1344K(57856K)] 380134K->324262K(634368K), 0.0018219 secs] [Times: user=0.00 sys=0.00, real=0.00 secs] 
1856.421: [GC (Allocation Failure) [PSYoungGen: 57152K->1504K(57856K)] 380070K->324430K(634368K), 0.0014640 secs] [Times: user=0.01 sys=0.00, real=0.00 secs] 
1856.742: [GC (Allocation Failure) [PSYoungGen: 57312K->1565K(57856K)] 380238K->324515K(634368K), 0.0015374 secs] [Times: user=0.01 sys=0.00, real=0.00 secs] 
1857.070: [GC (Allocation Failure) [PSYoungGen: 57373K->1533K(57856K)] 380323K->324483K(634368K), 0.0015238 secs] [Times: user=0.01 sys=0.00, real=0.00 secs] 
1857.457: [GC (Allocation Failure) [PSYoungGen: 57341K->1565K(57856K)] 380291K->324515K(634368K), 0.0015621 secs] [Times: user=0.00 sys=0.00, real=0.00 secs] 
1857.828: [GC (Allocation Failure) [PSYoungGen: 57373K->1504K(57856K)] 380323K->324454K(634368K), 0.0018519 secs] [Times: user=0.01 sys=0.00, real=0.00 secs] 
1858.148: [GC (Allocation Failure) [PSYoungGen: 57312K->1376K(57856K)] 380262K->324326K(634368K), 0.0019916 secs] [Times: user=0.00 sys=0.00, real=0.00 secs] 
1858.434: [GC (Allocation Failure) [PSYoungGen: 57184K->1344K(57856K)] 380134K->324302K(634368K), 0.0019527 secs] [Times: user=0.01 sys=0.00, real=0.01 secs] 
1858.792: [GC (Allocation Failure) [PSYoungGen: 57152K->1360K(57856K)] 380110K->324318K(634368K), 0.0021590 secs] [Times: user=0.01 sys=0.00, real=0.00 secs] 
1859.323: [GC (Allocation Failure) [PSYoungGen: 57168K->1376K(57856K)] 380126K->324334K(634368K), 0.0019220 secs] [Times: user=0.01 sys=0.00, real=0.01 secs] 
1859.947: [GC (Allocation Failure) [PSYoungGen: 57184K->1501K(57856K)] 380142K->324459K(634368K), 0.0018943 secs] [Times: user=0.01 sys=0.00, real=0.00 secs] 
1860.288: [GC (Allocation Failure) [PSYoungGen: 57309K->1533K(57856K)] 380267K->324507K(634368K), 0.0015364 secs] [Times: user=0.01 sys=0.00, real=0.00 secs] 
1860.611: [GC (Allocation Failure) [PSYoungGen: 57341K->1533K(57856K)] 380315K->324507K(634368K), 0.0015615 secs] [Times: user=0.01 sys=0.00, real=0.00 secs] 
1860.933: [GC (Allocation Failure) [PSYoungGen: 57341K->1581K(57856K)] 380315K->324555K(634368K), 0.0015325 secs] [Times: user=0.01 sys=0.00, real=0.01 secs] 
1861.258: [GC (Allocation Failure) [PSYoungGen: 57389K->1584K(57856K)] 380363K->324558K(634368K), 0.0015681 secs] [Times: user=0.01 sys=0.00, real=0.00 secs] 
1861.783: [GC (Allocation Failure) [PSYoungGen: 57392K->1440K(57856K)] 380366K->324414K(634368K), 0.0019125 secs] [Times: user=0.01 sys=0.00, real=0.01 secs] 
1862.177: [GC (Allocation Failure) [PSYoungGen: 57248K->1440K(57856K)] 380222K->324414K(634368K), 0.0018730 secs] [Times: user=0.01 sys=0.00, real=0.00 secs] 
1862.541: [GC (Allocation Failure) [PSYoungGen: 57248K->1408K(57856K)] 380222K->324382K(634368K), 0.0016501 secs] [Times: user=0.01 sys=0.00, real=0.00 secs] 
1862.952: [GC (Allocation Failure) [PSYoungGen: 57216K->1376K(57856K)] 380190K->324350K(634368K), 0.0018240 secs] [Times: user=0.01 sys=0.00, real=0.00 secs] 
1863.381: [GC (Allocation Failure) [PSYoungGen: 57184K->1408K(57856K)] 380158K->324382K(634368K), 0.0016694 secs] [Times: user=0.01 sys=0.00, real=0.00 secs] 
1863.804: [GC (Allocation Failure) [PSYoungGen: 57216K->1536K(57856K)] 380190K->324526K(634368K), 0.0015355 secs] [Times: user=0.00 sys=0.00, real=0.01 secs] 
1864.127: [GC (Allocation Failure) [PSYoungGen: 57344K->1565K(57856K)] 380334K->324555K(634368K), 0.0015223 secs] [Times: user=0.01 sys=0.00, real=0.00 secs] 
1864.446: [GC (GCLocker Initiated GC) [PSYoungGen: 57373K->1517K(57856K)] 380363K->324507K(634368K), 0.0015303 secs] [Times: user=0.01 sys=0.00, real=0.00 secs] 
1864.779: [GC (Allocation Failure) [PSYoungGen: 57325K->1469K(57856K)] 381693K->325836K(634368K), 0.0015460 secs] [Times: user=0.00 sys=0.00, real=0.00 secs] 
1865.092: [GC (Allocation Failure) [PSYoungGen: 57277K->1520K(57856K)] 381644K->325887K(634368K), 0.0018349 secs] [Times: user=0.01 sys=0.00, real=0.00 secs] 
1865.324: [GC (Allocation Failure) [PSYoungGen: 57328K->1440K(57856K)] 381695K->325807K(634368K), 0.0017723 secs] [Times: user=0.01 sys=0.00, real=0.01 secs] 
1865.555: [GC (Allocation Failure) [PSYoungGen: 57248K->1424K(57856K)] 381615K->325791K(634368K), 0.0017714 secs] [Times: user=0.01 sys=0.00, real=0.00 secs] 
1865.787: [GC (Allocation Failure) [PSYoungGen: 57232K->1392K(57856K)] 381599K->325775K(634368K), 0.0015595 secs] [Times: user=0.01 sys=0.00, real=0.00 secs] 
1866.019: [GC (Allocation Failure) [PSYoungGen: 57200K->1376K(57856K)] 381583K->325759K(634368K), 0.0015665 secs] [Times: user=0.01 sys=0.00, real=0.00 secs] 
1866.351: [GC (Allocation Failure) [PSYoungGen: 57184K->1501K(57856K)] 381567K->325885K(634368K), 0.0014793 secs] [Times: user=0.01 sys=0.00, real=0.00 secs] 
1866.673: [GC (Allocation Failure) [PSYoungGen: 57309K->1568K(57856K)] 381693K->325975K(634368K), 0.0015450 secs] [Times: user=0.00 sys=0.00, real=0.00 secs] 
1866.999: [GC (Allocation Failure) [PSYoungGen: 57376K->1613K(57856K)] 381783K->326021K(634368K), 0.0015544 secs] [Times: user=0.00 sys=0.00, real=0.00 secs] 
1867.322: [GC (Allocation Failure) [PSYoungGen: 57421K->1613K(57856K)] 381829K->326021K(634368K), 0.0015355 secs] [Times: user=0.01 sys=0.00, real=0.00 secs] 
1867.646: [GC (Allocation Failure) [PSYoungGen: 57421K->256K(57856K)] 381829K->324663K(634368K), 0.0016868 secs] [Times: user=0.01 sys=0.00, real=0.00 secs] 
1868.227: [GC (Allocation Failure) [PSYoungGen: 56064K->1440K(57856K)] 380471K->325847K(634368K), 0.0020267 secs] [Times: user=0.01 sys=0.00, real=0.00 secs] 
1868.726: [GC (Allocation Failure) [PSYoungGen: 57248K->1376K(57856K)] 381655K->325823K(634368K), 0.0027484 secs] [Times: user=0.01 sys=0.01, real=0.00 secs] 
1868.960: [GC (Allocation Failure) [PSYoungGen: 57184K->1408K(57856K)] 381631K->325855K(634368K), 0.0022446 secs] [Times: user=0.01 sys=0.00, real=0.00 secs] 
1869.192: [GC (Allocation Failure) [PSYoungGen: 57216K->1376K(57856K)] 381663K->325823K(634368K), 0.0019380 secs] [Times: user=0.00 sys=0.00, real=0.00 secs] 
1869.424: [GC (Allocation Failure) [PSYoungGen: 57184K->1424K(57856K)] 381631K->325879K(634368K), 0.0017817 secs] [Times: user=0.00 sys=0.00, real=0.01 secs] 
1869.805: [GC (Allocation Failure) [PSYoungGen: 57232K->1581K(57856K)] 381687K->326053K(634368K), 0.0015656 secs] [Times: user=0.00 sys=0.00, real=0.00 secs] 
1870.129: [GC (Allocation Failure) [PSYoungGen: 57389K->1549K(57856K)] 381861K->326021K(634368K), 0.0015225 secs] [Times: user=0.01 sys=0.00, real=0.00 secs] 
1870.446: [GC (GCLocker Initiated GC) [PSYoungGen: 57357K->1533K(57856K)] 381829K->326005K(634368K), 0.0014754 secs] [Times: user=0.01 sys=0.00, real=0.00 secs] 
1870.774: [GC (Allocation Failure) [PSYoungGen: 57341K->1549K(57856K)] 382006K->326214K(634368K), 0.0015145 secs] [Times: user=0.01 sys=0.00, real=0.01 secs] 
1871.310: [GC (Allocation Failure) [PSYoungGen: 57357K->1504K(57856K)] 382022K->326169K(634368K), 0.0018895 secs] [Times: user=0.00 sys=0.00, real=0.00 secs] 
1871.993: [GC (Allocation Failure) [PSYoungGen: 57312K->1472K(57856K)] 381977K->326137K(634368K), 0.0038624 secs] [Times: user=0.02 sys=0.00, real=0.01 secs] 
1872.685: [GC (Allocation Failure) [PSYoungGen: 57280K->1504K(57856K)] 381945K->326169K(634368K), 0.0058042 secs] [Times: user=0.02 sys=0.00, real=0.00 secs] 
1873.208: [GC (Allocation Failure) [PSYoungGen: 57312K->1504K(57856K)] 381977K->326169K(634368K), 0.0027049 secs] [Times: user=0.01 sys=0.00, real=0.00 secs] 
1873.604: [GC (Allocation Failure) [PSYoungGen: 57312K->1504K(57856K)] 381977K->326169K(634368K), 0.0026319 secs] [Times: user=0.02 sys=0.00, real=0.01 secs] 
1874.056: [GC (Allocation Failure) [PSYoungGen: 57312K->1613K(57856K)] 381977K->326278K(634368K), 0.0014857 secs] [Times: user=0.00 sys=0.00, real=0.00 secs] 
1874.380: [GC (Allocation Failure) [PSYoungGen: 57414K->1645K(57856K)] 382080K->326326K(634368K), 0.0015226 secs] [Times: user=0.01 sys=0.00, real=0.00 secs] 
1874.703: [GC (Allocation Failure) [PSYoungGen: 57453K->1677K(57856K)] 382134K->326358K(634368K), 0.0016049 secs] [Times: user=0.01 sys=0.00, real=0.01 secs] 
1875.026: [GC (Allocation Failure) [PSYoungGen: 57485K->1693K(57856K)] 382166K->326374K(634368K), 0.0015512 secs] [Times: user=0.01 sys=0.00, real=0.00 secs] 
1875.364: [GC (Allocation Failure) [PSYoungGen: 57501K->1600K(57856K)] 382182K->326281K(634368K), 0.0016865 secs] [Times: user=0.01 sys=0.00, real=0.01 secs] 
1875.799: [GC (Allocation Failure) [PSYoungGen: 57408K->1472K(57856K)] 382089K->326153K(634368K), 0.0027322 secs] [Times: user=0.01 sys=0.00, real=0.00 secs] 
1876.243: [GC (Allocation Failure) [PSYoungGen: 57280K->1408K(57856K)] 381961K->326137K(634368K), 0.0025101 secs] [Times: user=0.01 sys=0.00, real=0.01 secs] 
1876.721: [GC (Allocation Failure) [PSYoungGen: 57216K->1408K(57856K)] 381945K->326137K(634368K), 0.0027047 secs] [Times: user=0.01 sys=0.00, real=0.00 secs] 
1877.113: [GC (Allocation Failure) [PSYoungGen: 57216K->1440K(57856K)] 381945K->326169K(634368K), 0.0026586 secs] [Times: user=0.01 sys=0.00, real=0.01 secs] 
1877.581: [GC (Allocation Failure) [PSYoungGen: 57248K->1485K(57856K)] 381977K->326270K(634368K), 0.0022877 secs] [Times: user=0.00 sys=0.00, real=0.00 secs] 
1877.933: [GC (Allocation Failure) [PSYoungGen: 57293K->1533K(57856K)] 382078K->326366K(634368K), 0.0017230 secs] [Times: user=0.01 sys=0.00, real=0.01 secs] 
1878.257: [GC (Allocation Failure) [PSYoungGen: 57341K->1565K(57856K)] 382174K->326398K(634368K), 0.0015457 secs] [Times: user=0.00 sys=0.00, real=0.00 secs] 
1878.580: [GC (Allocation Failure) [PSYoungGen: 57373K->1565K(57856K)] 382206K->326398K(634368K), 0.0015325 secs] [Times: user=0.01 sys=0.00, real=0.00 secs] 
1878.903: [GC (Allocation Failure) [PSYoungGen: 57373K->1613K(57856K)] 382206K->326446K(634368K), 0.0015650 secs] [Times: user=0.00 sys=0.00, real=0.00 secs] 
1879.211: [GC (Allocation Failure) [PSYoungGen: 57421K->1440K(57856K)] 382254K->326281K(634368K), 0.0016933 secs] [Times: user=0.01 sys=0.00, real=0.00 secs] 
1879.518: [GC (Allocation Failure) [PSYoungGen: 57248K->1376K(57856K)] 382089K->326217K(634368K), 0.0018165 secs] [Times: user=0.00 sys=0.00, real=0.00 secs] 
1879.775: [GC (Allocation Failure) [PSYoungGen: 57184K->1408K(57856K)] 382025K->326249K(634368K), 0.0026237 secs] [Times: user=0.01 sys=0.00, real=0.00 secs] 
1880.094: [GC (Allocation Failure) [PSYoungGen: 57216K->1344K(57856K)] 382057K->326185K(634368K), 0.0025225 secs] [Times: user=0.01 sys=0.00, real=0.01 secs] 
1880.399: [GC (Allocation Failure) [PSYoungGen: 57152K->1408K(57856K)] 381993K->326249K(634368K), 0.0018850 secs] [Times: user=0.01 sys=0.00, real=0.00 secs] 
1880.763: [GC (Allocation Failure) [PSYoungGen: 57216K->1488K(57856K)] 382057K->326353K(634368K), 0.0016071 secs] [Times: user=0.01 sys=0.00, real=0.00 secs] 
1881.084: [GC (Allocation Failure) [PSYoungGen: 57296K->1597K(57856K)] 382161K->326462K(634368K), 0.0015264 secs] [Times: user=0.01 sys=0.00, real=0.01 secs] 
1881.409: [GC (Allocation Failure) [PSYoungGen: 57405K->1533K(57856K)] 382270K->326398K(634368K), 0.0015046 secs] [Times: user=0.00 sys=0.00, real=0.00 secs] 
1881.733: [GC (Allocation Failure) [PSYoungGen: 57341K->1536K(57856K)] 382206K->326401K(634368K), 0.0014936 secs] [Times: user=0.01 sys=0.00, real=0.01 secs] 
1882.420: [GC (Allocation Failure) [PSYoungGen: 57344K->1440K(57856K)] 382209K->326313K(634368K), 0.0028012 secs] [Times: user=0.02 sys=0.00, real=0.00 secs] 
1883.331: [GC (Allocation Failure) [PSYoungGen: 57248K->1376K(57856K)] 382121K->326249K(634368K), 0.0040372 secs] [Times: user=0.02 sys=0.00, real=0.01 secs] 
1884.848: [GC (Allocation Failure) [PSYoungGen: 57184K->1408K(57856K)] 382057K->326281K(634368K), 0.0039603 secs] [Times: user=0.02 sys=0.01, real=0.00 secs] 
1885.899: [GC (Allocation Failure) [PSYoungGen: 57216K->1376K(57856K)] 382089K->326249K(634368K), 0.0032581 secs] [Times: user=0.02 sys=0.00, real=0.00 secs] 
1886.338: [GC (Allocation Failure) [PSYoungGen: 57184K->1360K(57856K)] 382057K->326233K(634368K), 0.0022718 secs] [Times: user=0.01 sys=0.00, real=0.00 secs] 
1886.627: [GC (Allocation Failure) [PSYoungGen: 57168K->1533K(57856K)] 382041K->326406K(634368K), 0.0014663 secs] [Times: user=0.00 sys=0.00, real=0.00 secs] 
1886.950: [GC (Allocation Failure) [PSYoungGen: 57341K->1613K(57856K)] 382214K->326510K(634368K), 0.0015402 secs] [Times: user=0.01 sys=0.00, real=0.00 secs] 
1887.276: [GC (Allocation Failure) [PSYoungGen: 57421K->1629K(57856K)] 382318K->326526K(634368K), 0.0015405 secs] [Times: user=0.01 sys=0.00, real=0.00 secs] 
1887.602: [GC (Allocation Failure) [PSYoungGen: 57437K->1533K(57856K)] 382334K->326430K(634368K), 0.0015978 secs] [Times: user=0.01 sys=0.00, real=0.00 secs] 
1887.928: [GC (Allocation Failure) [PSYoungGen: 57314K->1533K(57856K)] 382212K->326430K(634368K), 0.0015283 secs] [Times: user=0.00 sys=0.00, real=0.00 secs] 
1889.558: [GC (Allocation Failure) [PSYoungGen: 57341K->1440K(57856K)] 382238K->326337K(634368K), 0.0040792 secs] [Times: user=0.01 sys=0.00, real=0.00 secs] 
1890.020: [GC (Allocation Failure) [PSYoungGen: 57248K->1376K(57856K)] 382145K->326297K(634368K), 0.0038838 secs] [Times: user=0.02 sys=0.00, real=0.00 secs] 
1890.536: [GC (Allocation Failure) [PSYoungGen: 57184K->1376K(57856K)] 382105K->326297K(634368K), 0.0030493 secs] [Times: user=0.02 sys=0.00, real=0.00 secs] 
1890.791: [GC (Allocation Failure) [PSYoungGen: 57184K->1456K(57856K)] 382105K->326377K(634368K), 0.0018569 secs] [Times: user=0.01 sys=0.00, real=0.00 secs] 
1891.023: [GC (Allocation Failure) [PSYoungGen: 57264K->1392K(57856K)] 382185K->326313K(634368K), 0.0018514 secs] [Times: user=0.01 sys=0.00, real=0.01 secs] 
1891.365: [GC (Allocation Failure) [PSYoungGen: 57200K->1533K(57856K)] 382121K->326478K(634368K), 0.0015223 secs] [Times: user=0.01 sys=0.00, real=0.00 secs] 
1891.688: [GC (Allocation Failure) [PSYoungGen: 57341K->1597K(57856K)] 382286K->326542K(634368K), 0.0015235 secs] [Times: user=0.00 sys=0.00, real=0.00 secs] 
1892.012: [GC (Allocation Failure) [PSYoungGen: 57405K->1565K(57856K)] 382350K->326510K(634368K), 0.0014969 secs] [Times: user=0.00 sys=0.00, real=0.00 secs] 
1892.338: [GC (Allocation Failure) [PSYoungGen: 57373K->1597K(57856K)] 382318K->326542K(634368K), 0.0015334 secs] [Times: user=0.01 sys=0.00, real=0.00 secs] 
1893.289: [GC (Allocation Failure) [PSYoungGen: 57405K->1424K(57856K)] 382350K->326369K(634368K), 0.0045778 secs] [Times: user=0.02 sys=0.00, real=0.00 secs] 
1894.177: [GC (Allocation Failure) [PSYoungGen: 57232K->1344K(57856K)] 382177K->326289K(634368K), 0.0032178 secs] [Times: user=0.02 sys=0.00, real=0.00 secs] 
1894.903: [GC (Allocation Failure) [PSYoungGen: 57152K->1376K(57856K)] 382097K->326321K(634368K), 0.0033645 secs] [Times: user=0.01 sys=0.00, real=0.01 secs] 
1895.638: [GC (Allocation Failure) [PSYoungGen: 57184K->1408K(57856K)] 382129K->326353K(634368K), 0.0039001 secs] [Times: user=0.01 sys=0.00, real=0.00 secs] 
1896.395: [GC (Allocation Failure) [PSYoungGen: 57216K->1408K(57856K)] 382161K->326353K(634368K), 0.0040898 secs] [Times: user=0.01 sys=0.00, real=0.00 secs] 
1897.089: [GC (Allocation Failure) [PSYoungGen: 57216K->1568K(57856K)] 382161K->326513K(634368K), 0.0015106 secs] [Times: user=0.00 sys=0.00, real=0.00 secs] 
1897.416: [GC (Allocation Failure) [PSYoungGen: 57376K->1533K(57856K)] 382321K->326494K(634368K), 0.0015539 secs] [Times: user=0.01 sys=0.00, real=0.00 secs] 
1897.738: [GC (Allocation Failure) [PSYoungGen: 57341K->1629K(57856K)] 382302K->326590K(634368K), 0.0015155 secs] [Times: user=0.01 sys=0.00, real=0.00 secs] 
1898.066: [GC (Allocation Failure) [PSYoungGen: 57437K->1597K(57856K)] 382398K->326582K(634368K), 0.0016291 secs] [Times: user=0.00 sys=0.00, real=0.00 secs] 
1898.423: [GC (Allocation Failure) [PSYoungGen: 57405K->1984K(57856K)] 382390K->326969K(634368K), 0.0018174 secs] [Times: user=0.01 sys=0.00, real=0.01 secs] 
1898.656: [GC (Allocation Failure) [PSYoungGen: 57792K->1344K(57856K)] 382777K->326329K(634368K), 0.0017826 secs] [Times: user=0.00 sys=0.00, real=0.00 secs] 
1899.169: [GC (Allocation Failure) [PSYoungGen: 57152K->1344K(57856K)] 382137K->326329K(634368K), 0.0021198 secs] [Times: user=0.01 sys=0.00, real=0.00 secs] 
1899.828: [GC (Allocation Failure) [PSYoungGen: 57152K->1376K(57856K)] 382137K->326361K(634368K), 0.0026964 secs] [Times: user=0.01 sys=0.00, real=0.00 secs] 
1900.606: [GC (Allocation Failure) [PSYoungGen: 57184K->1376K(57856K)] 382169K->326369K(634368K), 0.0026684 secs] [Times: user=0.01 sys=0.00, real=0.00 secs] 
1901.536: [GC (Allocation Failure) [PSYoungGen: 57184K->1504K(57856K)] 382177K->326497K(634368K), 0.0024931 secs] [Times: user=0.01 sys=0.00, real=0.00 secs] 
1901.909: [GC (Allocation Failure) [PSYoungGen: 57312K->1613K(57856K)] 382305K->326622K(634368K), 0.0015919 secs] [Times: user=0.00 sys=0.00, real=0.00 secs] 
1902.235: [GC (Allocation Failure) [PSYoungGen: 57421K->1552K(57856K)] 382430K->326561K(634368K), 0.0015668 secs] [Times: user=0.00 sys=0.00, real=0.00 secs] 
1902.558: [GC (Allocation Failure) [PSYoungGen: 57360K->1581K(57856K)] 382369K->326590K(634368K), 0.0015722 secs] [Times: user=0.01 sys=0.00, real=0.00 secs] 
1902.886: [GC (Allocation Failure) [PSYoungGen: 57389K->1536K(57856K)] 382398K->326545K(634368K), 0.0015804 secs] [Times: user=0.01 sys=0.00, real=0.00 secs] 
1903.182: [GC (Allocation Failure) [PSYoungGen: 57344K->1408K(57856K)] 382353K->326417K(634368K), 0.0016656 secs] [Times: user=0.01 sys=0.00, real=0.00 secs] 
1903.440: [GC (Allocation Failure) [PSYoungGen: 57216K->1408K(57856K)] 382225K->326417K(634368K), 0.0020488 secs] [Times: user=0.01 sys=0.00, real=0.00 secs] 
1903.672: [GC (Allocation Failure) [PSYoungGen: 57216K->1408K(57856K)] 382225K->326417K(634368K), 0.0017780 secs] [Times: user=0.01 sys=0.00, real=0.00 secs] 
1903.904: [GC (Allocation Failure) [PSYoungGen: 57216K->1376K(57856K)] 382225K->326385K(634368K), 0.0022218 secs] [Times: user=0.01 sys=0.00, real=0.01 secs] 
1904.137: [GC (Allocation Failure) [PSYoungGen: 57184K->1376K(57856K)] 382193K->326385K(634368K), 0.0017770 secs] [Times: user=0.01 sys=0.00, real=0.00 secs] 
1904.461: [GC (Allocation Failure) [PSYoungGen: 57184K->1469K(57856K)] 382193K->326494K(634368K), 0.0015108 secs] [Times: user=0.01 sys=0.00, real=0.00 secs] 
1904.783: [GC (Allocation Failure) [PSYoungGen: 57277K->1536K(57856K)] 382302K->326561K(634368K), 0.0015455 secs] [Times: user=0.01 sys=0.00, real=0.00 secs] 
1905.108: [GC (Allocation Failure) [PSYoungGen: 57344K->1501K(57856K)] 382369K->326526K(634368K), 0.0015324 secs] [Times: user=0.00 sys=0.00, real=0.00 secs] 
1905.431: [GC (Allocation Failure) [PSYoungGen: 57309K->1533K(57856K)] 382334K->326558K(634368K), 0.0015369 secs] [Times: user=0.01 sys=0.00, real=0.00 secs] 
1905.907: [GC (Allocation Failure) [PSYoungGen: 57341K->1504K(57856K)] 382366K->326553K(634368K), 0.0019448 secs] [Times: user=0.00 sys=0.00, real=0.00 secs] 
1906.605: [GC (Allocation Failure) [PSYoungGen: 57312K->1376K(57856K)] 382361K->326425K(634368K), 0.0021291 secs] [Times: user=0.01 sys=0.00, real=0.00 secs] 
1907.183: [GC (Allocation Failure) [PSYoungGen: 57184K->1376K(57856K)] 382233K->326425K(634368K), 0.0021655 secs] [Times: user=0.01 sys=0.00, real=0.01 secs] 
1907.752: [GC (Allocation Failure) [PSYoungGen: 57184K->1360K(57856K)] 382233K->326409K(634368K), 0.0021484 secs] [Times: user=0.01 sys=0.00, real=0.00 secs] 
1908.189: [GC (Allocation Failure) [PSYoungGen: 57168K->1360K(57856K)] 382217K->326409K(634368K), 0.0020501 secs] [Times: user=0.01 sys=0.00, real=0.00 secs] 
1908.709: [GC (Allocation Failure) [PSYoungGen: 57168K->1469K(57856K)] 382217K->326518K(634368K), 0.0014468 secs] [Times: user=0.01 sys=0.00, real=0.00 secs] 
1909.095: [GC (Allocation Failure) [PSYoungGen: 57277K->1565K(57856K)] 382326K->326638K(634368K), 0.0015961 secs] [Times: user=0.00 sys=0.00, real=0.00 secs] 
1909.418: [GC (Allocation Failure) [PSYoungGen: 57373K->1533K(57856K)] 382446K->326606K(634368K), 0.0015645 secs] [Times: user=0.01 sys=0.00, real=0.00 secs] 
1909.800: [GC (Allocation Failure) [PSYoungGen: 57341K->1533K(57856K)] 382414K->326606K(634368K), 0.0015545 secs] [Times: user=0.00 sys=0.00, real=0.00 secs] 
1910.124: [GC (Allocation Failure) [PSYoungGen: 57341K->1552K(57856K)] 382414K->326625K(634368K), 0.0017890 secs] [Times: user=0.01 sys=0.00, real=0.01 secs] 
1910.591: [GC (Allocation Failure) [PSYoungGen: 57360K->1440K(57856K)] 382433K->326513K(634368K), 0.0031766 secs] [Times: user=0.02 sys=0.00, real=0.00 secs] 
1910.927: [GC (Allocation Failure) [PSYoungGen: 57248K->1376K(57856K)] 382321K->326449K(634368K), 0.0020686 secs] [Times: user=0.00 sys=0.01, real=0.00 secs] 
1911.163: [GC (Allocation Failure) [PSYoungGen: 57184K->1344K(57856K)] 382257K->326417K(634368K), 0.0020742 secs] [Times: user=0.01 sys=0.00, real=0.01 secs] 
1911.396: [GC (Allocation Failure) [PSYoungGen: 57152K->1392K(57856K)] 382225K->326465K(634368K), 0.0020813 secs] [Times: user=0.01 sys=0.00, real=0.00 secs] 
1911.809: [GC (Allocation Failure) [PSYoungGen: 57200K->1376K(57856K)] 382273K->326449K(634368K), 0.0019223 secs] [Times: user=0.01 sys=0.00, real=0.00 secs] 
1912.184: [GC (Allocation Failure) [PSYoungGen: 57184K->1533K(57856K)] 382257K->326622K(634368K), 0.0015151 secs] [Times: user=0.00 sys=0.00, real=0.01 secs] 
1912.511: [GC (Allocation Failure) [PSYoungGen: 57341K->1581K(57856K)] 382430K->326670K(634368K), 0.0015306 secs] [Times: user=0.01 sys=0.00, real=0.00 secs] 
1912.836: [GC (Allocation Failure) [PSYoungGen: 57389K->1565K(57856K)] 382478K->326654K(634368K), 0.0017113 secs] [Times: user=0.01 sys=0.00, real=0.00 secs] 
1913.160: [GC (Allocation Failure) [PSYoungGen: 57373K->1565K(57856K)] 382462K->326654K(634368K), 0.0015465 secs] [Times: user=0.00 sys=0.00, real=0.00 secs] 
1913.478: [GC (Allocation Failure) [PSYoungGen: 57373K->1440K(57856K)] 382462K->326529K(634368K), 0.0016842 secs] [Times: user=0.01 sys=0.00, real=0.00 secs] 
1914.007: [GC (Allocation Failure) [PSYoungGen: 57248K->1408K(57856K)] 382337K->326497K(634368K), 0.0025295 secs] [Times: user=0.01 sys=0.00, real=0.00 secs] 
1914.512: [GC (Allocation Failure) [PSYoungGen: 57216K->1360K(57856K)] 382305K->326449K(634368K), 0.0025702 secs] [Times: user=0.01 sys=0.00, real=0.00 secs] 
1915.039: [GC (Allocation Failure) [PSYoungGen: 57168K->1408K(57856K)] 382257K->326497K(634368K), 0.0038130 secs] [Times: user=0.02 sys=0.00, real=0.00 secs] 
1915.521: [GC (Allocation Failure) [PSYoungGen: 57216K->1376K(57856K)] 382305K->326465K(634368K), 0.0027805 secs] [Times: user=0.01 sys=0.00, real=0.00 secs] 
1916.004: [GC (Allocation Failure) [PSYoungGen: 57184K->1533K(57856K)] 382273K->326622K(634368K), 0.0015093 secs] [Times: user=0.01 sys=0.00, real=0.01 secs] 
1916.329: [GC (Allocation Failure) [PSYoungGen: 57326K->1533K(57856K)] 382416K->326646K(634368K), 0.0015024 secs] [Times: user=0.01 sys=0.00, real=0.00 secs] 
1916.651: [GC (Allocation Failure) [PSYoungGen: 57341K->1533K(57856K)] 382454K->326646K(634368K), 0.0015445 secs] [Times: user=0.00 sys=0.00, real=0.00 secs] 
1916.975: [GC (Allocation Failure) [PSYoungGen: 57341K->1597K(57856K)] 382454K->326710K(634368K), 0.0015063 secs] [Times: user=0.01 sys=0.00, real=0.00 secs] 
1917.331: [GC (Allocation Failure) [PSYoungGen: 57405K->1984K(57856K)] 382518K->327097K(634368K), 0.0018677 secs] [Times: user=0.00 sys=0.00, real=0.00 secs] 
1917.576: [GC (Allocation Failure) [PSYoungGen: 57792K->1376K(57856K)] 382905K->326489K(634368K), 0.0032553 secs] [Times: user=0.02 sys=0.00, real=0.00 secs] 
1917.977: [GC (Allocation Failure) [PSYoungGen: 57184K->1344K(57856K)] 382297K->326457K(634368K), 0.0018166 secs] [Times: user=0.00 sys=0.00, real=0.00 secs] 
1918.439: [GC (Allocation Failure) [PSYoungGen: 57152K->1344K(57856K)] 382265K->326457K(634368K), 0.0023128 secs] [Times: user=0.01 sys=0.00, real=0.00 secs] 
1918.921: [GC (Allocation Failure) [PSYoungGen: 57152K->1344K(57856K)] 382265K->326457K(634368K), 0.0020869 secs] [Times: user=0.01 sys=0.00, real=0.00 secs] 
1919.616: [GC (Allocation Failure) [PSYoungGen: 57127K->1472K(57856K)] 382241K->326585K(634368K), 0.0027063 secs] [Times: user=0.01 sys=0.00, real=0.00 secs] 
1919.998: [GC (Allocation Failure) [PSYoungGen: 57280K->1533K(57856K)] 382393K->326662K(634368K), 0.0015129 secs] [Times: user=0.00 sys=0.00, real=0.00 secs] 
1920.380: [GC (Allocation Failure) [PSYoungGen: 57341K->1565K(57856K)] 382470K->326694K(634368K), 0.0015833 secs] [Times: user=0.01 sys=0.00, real=0.00 secs] 
1920.763: [GC (Allocation Failure) [PSYoungGen: 57373K->1565K(57856K)] 382502K->326694K(634368K), 0.0015742 secs] [Times: user=0.00 sys=0.00, real=0.01 secs] 
1921.148: [GC (Allocation Failure) [PSYoungGen: 57373K->1613K(57856K)] 382502K->326742K(634368K), 0.0018294 secs] [Times: user=0.01 sys=0.00, real=0.00 secs] 
1921.462: [GC (Allocation Failure) [PSYoungGen: 57421K->1408K(57856K)] 382550K->326537K(634368K), 0.0026580 secs] [Times: user=0.01 sys=0.00, real=0.01 secs] 
1921.700: [GC (Allocation Failure) [PSYoungGen: 57216K->1376K(57856K)] 382345K->326505K(634368K), 0.0019985 secs] [Times: user=0.01 sys=0.00, real=0.00 secs] 
1921.987: [GC (Allocation Failure) [PSYoungGen: 57184K->1344K(57856K)] 382313K->326473K(634368K), 0.0019406 secs] [Times: user=0.01 sys=0.00, real=0.00 secs] 
1922.416: [GC (Allocation Failure) [PSYoungGen: 57152K->1376K(57856K)] 382281K->326505K(634368K), 0.0022055 secs] [Times: user=0.00 sys=0.00, real=0.00 secs] 
1922.862: [GC (Allocation Failure) [PSYoungGen: 57184K->1376K(57856K)] 382313K->326505K(634368K), 0.0020617 secs] [Times: user=0.00 sys=0.00, real=0.00 secs] 
1923.452: [GC (GCLocker Initiated GC) [PSYoungGen: 57184K->1501K(57856K)] 382313K->326646K(634368K), 0.0015624 secs] [Times: user=0.01 sys=0.00, real=0.00 secs] 
1923.776: [GC (Allocation Failure) [PSYoungGen: 57309K->1469K(57856K)] 382648K->326808K(634368K), 0.0017047 secs] [Times: user=0.00 sys=0.00, real=0.00 secs] 
1924.106: [GC (Allocation Failure) [PSYoungGen: 57277K->1629K(57856K)] 382616K->326968K(634368K), 0.0015537 secs] [Times: user=0.01 sys=0.00, real=0.00 secs] 
1924.434: [GC (Allocation Failure) [PSYoungGen: 57437K->1597K(57856K)] 382776K->326936K(634368K), 0.0017647 secs] [Times: user=0.01 sys=0.00, real=0.01 secs] 
1924.904: [GC (Allocation Failure) [PSYoungGen: 57405K->1536K(57856K)] 382744K->326875K(634368K), 0.0026472 secs] [Times: user=0.01 sys=0.00, real=0.01 secs] 
1925.416: [GC (Allocation Failure) [PSYoungGen: 57344K->1504K(57856K)] 382683K->326843K(634368K), 0.0032347 secs] [Times: user=0.01 sys=0.00, real=0.00 secs] 
1925.930: [GC (Allocation Failure) [PSYoungGen: 57312K->1472K(57856K)] 382651K->326811K(634368K), 0.0027157 secs] [Times: user=0.01 sys=0.00, real=0.00 secs] 
1926.600: [GC (Allocation Failure) [PSYoungGen: 57280K->1472K(57856K)] 382619K->326811K(634368K), 0.0025069 secs] [Times: user=0.01 sys=0.00, real=0.00 secs] 
1927.133: [GC (Allocation Failure) [PSYoungGen: 57280K->1472K(57856K)] 382619K->326819K(634368K), 0.0021186 secs] [Times: user=0.01 sys=0.00, real=0.01 secs] 
1927.913: [GC (Allocation Failure) [PSYoungGen: 57275K->1597K(57856K)] 382622K->326944K(634368K), 0.0014457 secs] [Times: user=0.00 sys=0.00, real=0.01 secs] 
1928.237: [GC (Allocation Failure) [PSYoungGen: 57405K->1677K(57856K)] 382752K->327048K(634368K), 0.0015693 secs] [Times: user=0.00 sys=0.00, real=0.00 secs] 
1928.619: [GC (Allocation Failure) [PSYoungGen: 57485K->1661K(57856K)] 382856K->327032K(634368K), 0.0015716 secs] [Times: user=0.01 sys=0.00, real=0.00 secs] 
1929.007: [GC (Allocation Failure) [PSYoungGen: 57469K->1661K(57856K)] 382840K->327032K(634368K), 0.0015694 secs] [Times: user=0.01 sys=0.00, real=0.00 secs] 
1929.330: [GC (Allocation Failure) [PSYoungGen: 57469K->1693K(57856K)] 382840K->327064K(634368K), 0.0015593 secs] [Times: user=0.01 sys=0.00, real=0.00 secs] 
1929.590: [GC (Allocation Failure) [PSYoungGen: 57501K->1504K(57856K)] 382872K->326875K(634368K), 0.0023328 secs] [Times: user=0.01 sys=0.01, real=0.00 secs] 
1929.822: [GC (Allocation Failure) [PSYoungGen: 57312K->1440K(57856K)] 382683K->326851K(634368K), 0.0020657 secs] [Times: user=0.01 sys=0.00, real=0.00 secs] 
1930.054: [GC (Allocation Failure) [PSYoungGen: 57248K->1472K(57856K)] 382659K->326891K(634368K), 0.0018070 secs] [Times: user=0.01 sys=0.00, real=0.01 secs] 
1930.286: [GC (Allocation Failure) [PSYoungGen: 57280K->1344K(57856K)] 382699K->326827K(634368K), 0.0018181 secs] [Times: user=0.01 sys=0.00, real=0.00 secs] 
1930.517: [GC (Allocation Failure) [PSYoungGen: 57152K->1376K(57856K)] 382635K->326867K(634368K), 0.0019534 secs] [Times: user=0.01 sys=0.00, real=0.00 secs] 
1930.858: [GC (Allocation Failure) [PSYoungGen: 57184K->1501K(57856K)] 382675K->327016K(634368K), 0.0016390 secs] [Times: user=0.00 sys=0.00, real=0.00 secs] 
1931.180: [GC (Allocation Failure) [PSYoungGen: 57309K->1533K(57856K)] 382824K->327048K(634368K), 0.0015474 secs] [Times: user=0.01 sys=0.00, real=0.00 secs] 
1931.504: [GC (Allocation Failure) [PSYoungGen: 57341K->1565K(57856K)] 382856K->327080K(634368K), 0.0015928 secs] [Times: user=0.00 sys=0.00, real=0.01 secs] 
1931.828: [GC (Allocation Failure) [PSYoungGen: 57348K->1549K(57856K)] 382863K->327064K(634368K), 0.0015759 secs] [Times: user=0.01 sys=0.00, real=0.00 secs] 
1932.096: [GC (Allocation Failure) [PSYoungGen: 57357K->1456K(57856K)] 382872K->326971K(634368K), 0.0015955 secs] [Times: user=0.00 sys=0.00, real=0.00 secs] 
1932.328: [GC (Allocation Failure) [PSYoungGen: 57264K->1344K(57856K)] 382779K->326867K(634368K), 0.0016154 secs] [Times: user=0.00 sys=0.00, real=0.00 secs] 
1932.559: [GC (Allocation Failure) [PSYoungGen: 57152K->1376K(57856K)] 382675K->326899K(634368K), 0.0016785 secs] [Times: user=0.01 sys=0.00, real=0.00 secs] 
1932.790: [GC (Allocation Failure) [PSYoungGen: 57184K->1376K(57856K)] 382707K->326899K(634368K), 0.0014943 secs] [Times: user=0.01 sys=0.00, real=0.00 secs] 
1933.021: [GC (Allocation Failure) [PSYoungGen: 57184K->1392K(57856K)] 382707K->326915K(634368K), 0.0014608 secs] [Times: user=0.00 sys=0.00, real=0.00 secs] 
1933.304: [GC (Allocation Failure) [PSYoungGen: 57200K->1549K(57856K)] 382723K->327080K(634368K), 0.0016099 secs] [Times: user=0.01 sys=0.00, real=0.01 secs] 
1933.626: [GC (Allocation Failure) [PSYoungGen: 57357K->1597K(57856K)] 382888K->327152K(634368K), 0.0015558 secs] [Times: user=0.01 sys=0.00, real=0.00 secs] 
1933.952: [GC (Allocation Failure) [PSYoungGen: 57405K->1533K(57856K)] 382960K->327088K(634368K), 0.0015116 secs] [Times: user=0.01 sys=0.00, real=0.00 secs] 
1934.280: [GC (Allocation Failure) [PSYoungGen: 57341K->1565K(57856K)] 382896K->327120K(634368K), 0.0015314 secs] [Times: user=0.01 sys=0.00, real=0.00 secs] 
1934.704: [GC (Allocation Failure) [PSYoungGen: 57373K->2016K(57856K)] 382928K->327603K(634368K), 0.0021111 secs] [Times: user=0.01 sys=0.00, real=0.01 secs] 
1935.121: [GC (Allocation Failure) [PSYoungGen: 57824K->1376K(57856K)] 383411K->326987K(634368K), 0.0020146 secs] [Times: user=0.00 sys=0.00, real=0.00 secs] 
1935.353: [GC (Allocation Failure) [PSYoungGen: 57184K->1456K(57856K)] 382795K->327067K(634368K), 0.0017666 secs] [Times: user=0.00 sys=0.00, real=0.01 secs] 
1935.674: [GC (Allocation Failure) [PSYoungGen: 57264K->1344K(57856K)] 382875K->326955K(634368K), 0.0019479 secs] [Times: user=0.00 sys=0.00, real=0.01 secs] 
1936.159: [GC (Allocation Failure) [PSYoungGen: 57152K->1344K(57856K)] 382763K->326955K(634368K), 0.0021672 secs] [Times: user=0.01 sys=0.01, real=0.00 secs] 
1936.726: [GC (Allocation Failure) [PSYoungGen: 57135K->1440K(57856K)] 382746K->327051K(634368K), 0.0021542 secs] [Times: user=0.01 sys=0.00, real=0.00 secs] 
1937.162: [GC (Allocation Failure) [PSYoungGen: 57248K->1533K(57856K)] 382859K->327160K(634368K), 0.0015788 secs] [Times: user=0.01 sys=0.00, real=0.00 secs] 
1937.486: [GC (Allocation Failure) [PSYoungGen: 57341K->1581K(57856K)] 382968K->327208K(634368K), 0.0017372 secs] [Times: user=0.01 sys=0.00, real=0.00 secs] 
1937.811: [GC (Allocation Failure) [PSYoungGen: 57389K->1536K(57856K)] 383016K->327163K(634368K), 0.0015964 secs] [Times: user=0.01 sys=0.00, real=0.00 secs] 
1938.134: [GC (Allocation Failure) [PSYoungGen: 57344K->1581K(57856K)] 382971K->327208K(634368K), 0.0015842 secs] [Times: user=0.00 sys=0.00, real=0.01 secs] 
1938.694: [GC (Allocation Failure) [PSYoungGen: 57389K->1440K(57856K)] 383016K->327067K(634368K), 0.0027857 secs] [Times: user=0.02 sys=0.00, real=0.01 secs] 
1938.929: [GC (Allocation Failure) [PSYoungGen: 57248K->1408K(57856K)] 382875K->327035K(634368K), 0.0019880 secs] [Times: user=0.01 sys=0.00, real=0.00 secs] 
1939.172: [GC (Allocation Failure) [PSYoungGen: 57216K->1344K(57856K)] 382843K->326971K(634368K), 0.0018012 secs] [Times: user=0.01 sys=0.00, real=0.00 secs] 
1939.404: [GC (Allocation Failure) [PSYoungGen: 57152K->1360K(57856K)] 382779K->326987K(634368K), 0.0018467 secs] [Times: user=0.01 sys=0.00, real=0.01 secs] 
1939.657: [GC (Allocation Failure) [PSYoungGen: 57168K->1408K(57856K)] 382795K->327035K(634368K), 0.0018591 secs] [Times: user=0.00 sys=0.00, real=0.00 secs] 
1940.029: [GC (Allocation Failure) [PSYoungGen: 57216K->1501K(57856K)] 382843K->327152K(634368K), 0.0017749 secs] [Times: user=0.01 sys=0.00, real=0.00 secs] 
1940.416: [GC (Allocation Failure) [PSYoungGen: 57309K->1536K(57856K)] 382960K->327187K(634368K), 0.0015665 secs] [Times: user=0.00 sys=0.00, real=0.00 secs] 
1940.738: [GC (Allocation Failure) [PSYoungGen: 57344K->1597K(57856K)] 382995K->327248K(634368K), 0.0015566 secs] [Times: user=0.01 sys=0.00, real=0.00 secs] 
1941.064: [GC (Allocation Failure) [PSYoungGen: 57405K->1533K(57856K)] 383056K->327184K(634368K), 0.0016010 secs] [Times: user=0.00 sys=0.00, real=0.01 secs] 
1941.435: [GC (Allocation Failure) [PSYoungGen: 57341K->1456K(57856K)] 382992K->327107K(634368K), 0.0024103 secs] [Times: user=0.01 sys=0.00, real=0.01 secs] 
1941.883: [GC (Allocation Failure) [PSYoungGen: 57264K->1376K(57856K)] 382915K->327027K(634368K), 0.0023289 secs] [Times: user=0.01 sys=0.00, real=0.01 secs] 
1942.353: [GC (Allocation Failure) [PSYoungGen: 57184K->1344K(57856K)] 382835K->326995K(634368K), 0.0020117 secs] [Times: user=0.01 sys=0.00, real=0.01 secs] 
1942.819: [GC (Allocation Failure) [PSYoungGen: 57152K->1344K(57856K)] 382803K->326995K(634368K), 0.0021690 secs] [Times: user=0.00 sys=0.00, real=0.00 secs] 
1943.289: [GC (Allocation Failure) [PSYoungGen: 57152K->1376K(57856K)] 382803K->327027K(634368K), 0.0023427 secs] [Times: user=0.01 sys=0.00, real=0.00 secs] 
1943.821: [GC (Allocation Failure) [PSYoungGen: 57184K->1456K(57856K)] 382835K->327107K(634368K), 0.0022370 secs] [Times: user=0.01 sys=0.00, real=0.00 secs] 
1944.172: [GC (Allocation Failure) [PSYoungGen: 57264K->1533K(57856K)] 382915K->327200K(634368K), 0.0015711 secs] [Times: user=0.00 sys=0.00, real=0.00 secs] 
1944.562: [GC (Allocation Failure) [PSYoungGen: 57341K->1565K(57856K)] 383008K->327232K(634368K), 0.0015304 secs] [Times: user=0.01 sys=0.00, real=0.00 secs] 
1944.889: [GC (Allocation Failure) [PSYoungGen: 57373K->1600K(57856K)] 383040K->327267K(634368K), 0.0015903 secs] [Times: user=0.01 sys=0.00, real=0.00 secs] 
1945.212: [GC (Allocation Failure) [PSYoungGen: 57408K->1504K(57856K)] 383075K->327171K(634368K), 0.0015828 secs] [Times: user=0.01 sys=0.00, real=0.00 secs] 
1945.758: [GC (Allocation Failure) [PSYoungGen: 57312K->1440K(57856K)] 382979K->327107K(634368K), 0.0024879 secs] [Times: user=0.01 sys=0.00, real=0.00 secs] 
1946.025: [GC (Allocation Failure) [PSYoungGen: 57248K->1344K(57856K)] 382915K->327011K(634368K), 0.0022472 secs] [Times: user=0.00 sys=0.01, real=0.00 secs] 
1946.263: [GC (Allocation Failure) [PSYoungGen: 57152K->1376K(57856K)] 382819K->327043K(634368K), 0.0020566 secs] [Times: user=0.00 sys=0.00, real=0.01 secs] 
1946.534: [GC (Allocation Failure) [PSYoungGen: 57184K->1392K(57856K)] 382851K->327075K(634368K), 0.0019885 secs] [Times: user=0.01 sys=0.00, real=0.01 secs] 
1946.765: [GC (Allocation Failure) [PSYoungGen: 57200K->1408K(57856K)] 382883K->327091K(634368K), 0.0019268 secs] [Times: user=0.01 sys=0.00, real=0.00 secs] 
1947.103: [GC (Allocation Failure) [PSYoungGen: 57216K->1533K(57856K)] 382899K->327224K(634368K), 0.0015318 secs] [Times: user=0.01 sys=0.00, real=0.01 secs] 
1947.429: [GC (Allocation Failure) [PSYoungGen: 57341K->1581K(57856K)] 383032K->327272K(634368K), 0.0015875 secs] [Times: user=0.01 sys=0.00, real=0.00 secs] 
1947.753: [GC (Allocation Failure) [PSYoungGen: 57389K->1565K(57856K)] 383080K->327256K(634368K), 0.0016337 secs] [Times: user=0.01 sys=0.00, real=0.00 secs] 
1948.075: [GC (Allocation Failure) [PSYoungGen: 57373K->1613K(57856K)] 383064K->327304K(634368K), 0.0015467 secs] [Times: user=0.00 sys=0.00, real=0.00 secs] 
1948.692: [GC (Allocation Failure) [PSYoungGen: 57421K->1408K(57856K)] 383112K->327099K(634368K), 0.0020124 secs] [Times: user=0.01 sys=0.00, real=0.00 secs] 
1949.211: [GC (Allocation Failure) [PSYoungGen: 57216K->1344K(57856K)] 382907K->327035K(634368K), 0.0017178 secs] [Times: user=0.00 sys=0.00, real=0.00 secs] 
1949.468: [GC (Allocation Failure) [PSYoungGen: 57152K->1376K(57856K)] 382843K->327067K(634368K), 0.0017007 secs] [Times: user=0.01 sys=0.00, real=0.00 secs] 
1949.700: [GC (Allocation Failure) [PSYoungGen: 57184K->1344K(57856K)] 382875K->327035K(634368K), 0.0018948 secs] [Times: user=0.00 sys=0.00, real=0.00 secs] 
1949.932: [GC (Allocation Failure) [PSYoungGen: 57152K->1440K(57856K)] 382843K->327131K(634368K), 0.0018073 secs] [Times: user=0.01 sys=0.00, real=0.00 secs] 
1950.248: [GC (Allocation Failure) [PSYoungGen: 57248K->1565K(57856K)] 382939K->327256K(634368K), 0.0014546 secs] [Times: user=0.01 sys=0.00, real=0.00 secs] 
1950.570: [GC (Allocation Failure) [PSYoungGen: 57373K->1565K(57856K)] 383064K->327272K(634368K), 0.0015450 secs] [Times: user=0.00 sys=0.00, real=0.00 secs] 
1950.894: [GC (Allocation Failure) [PSYoungGen: 57373K->1533K(57856K)] 383080K->327240K(634368K), 0.0015909 secs] [Times: user=0.01 sys=0.00, real=0.01 secs] 
1951.218: [GC (Allocation Failure) [PSYoungGen: 57341K->1536K(57856K)] 383048K->327243K(634368K), 0.0015393 secs] [Times: user=0.00 sys=0.00, real=0.00 secs] 
1952.184: [GC (Allocation Failure) [PSYoungGen: 57344K->2000K(57856K)] 383051K->327707K(634368K), 0.0024452 secs] [Times: user=0.01 sys=0.00, real=0.01 secs] 
1952.705: [GC (Allocation Failure) [PSYoungGen: 57808K->1408K(57856K)] 383515K->327115K(634368K), 0.0024485 secs] [Times: user=0.01 sys=0.00, real=0.00 secs] 
1953.205: [GC (Allocation Failure) [PSYoungGen: 57216K->1344K(57856K)] 382923K->327051K(634368K), 0.0023199 secs] [Times: user=0.01 sys=0.00, real=0.00 secs] 
1953.506: [GC (Allocation Failure) [PSYoungGen: 57152K->1408K(57856K)] 382859K->327115K(634368K), 0.0027212 secs] [Times: user=0.01 sys=0.00, real=0.00 secs] 
1953.747: [GC (Allocation Failure) [PSYoungGen: 57216K->1408K(57856K)] 382923K->327115K(634368K), 0.0022141 secs] [Times: user=0.01 sys=0.00, real=0.00 secs] 
1954.188: [GC (Allocation Failure) [PSYoungGen: 57216K->1488K(57856K)] 382923K->327195K(634368K), 0.0018997 secs] [Times: user=0.01 sys=0.00, real=0.00 secs] 
1954.601: [GC (Allocation Failure) [PSYoungGen: 57296K->1565K(57856K)] 383003K->327288K(634368K), 0.0015446 secs] [Times: user=0.00 sys=0.00, real=0.00 secs] 
1954.996: [GC (Allocation Failure) [PSYoungGen: 57373K->1568K(57856K)] 383096K->327291K(634368K), 0.0015697 secs] [Times: user=0.01 sys=0.00, real=0.00 secs] 
1955.381: [GC (Allocation Failure) [PSYoungGen: 57376K->1552K(57856K)] 383099K->327275K(634368K), 0.0015791 secs] [Times: user=0.00 sys=0.00, real=0.00 secs] 
1955.704: [GC (Allocation Failure) [PSYoungGen: 57360K->1597K(57856K)] 383083K->327320K(634368K), 0.0015596 secs] [Times: user=0.01 sys=0.01, real=0.01 secs] 
1956.210: [GC (Allocation Failure) [PSYoungGen: 57405K->1408K(57856K)] 383128K->327131K(634368K), 0.0036034 secs] [Times: user=0.02 sys=0.00, real=0.00 secs] 
1956.563: [GC (Allocation Failure) [PSYoungGen: 57216K->1376K(57856K)] 382939K->327099K(634368K), 0.0018401 secs] [Times: user=0.01 sys=0.00, real=0.00 secs] 
1956.848: [GC (Allocation Failure) [PSYoungGen: 57184K->1408K(57856K)] 382907K->327139K(634368K), 0.0019977 secs] [Times: user=0.01 sys=0.00, real=0.00 secs] 
1957.080: [GC (Allocation Failure) [PSYoungGen: 57216K->1376K(57856K)] 382947K->327107K(634368K), 0.0017067 secs] [Times: user=0.00 sys=0.00, real=0.00 secs] 
1957.312: [GC (Allocation Failure) [PSYoungGen: 57184K->1376K(57856K)] 382915K->327107K(634368K), 0.0018079 secs] [Times: user=0.01 sys=0.00, real=0.00 secs] 
1957.670: [GC (Allocation Failure) [PSYoungGen: 57184K->1517K(57856K)] 382915K->327264K(634368K), 0.0015274 secs] [Times: user=0.01 sys=0.00, real=0.00 secs] 
1958.061: [GC (Allocation Failure) [PSYoungGen: 57325K->1565K(57856K)] 383072K->327312K(634368K), 0.0016133 secs] [Times: user=0.01 sys=0.00, real=0.00 secs] 
1958.440: [GC (Allocation Failure) [PSYoungGen: 57373K->1552K(57856K)] 383120K->327299K(634368K), 0.0015559 secs] [Times: user=0.01 sys=0.00, real=0.00 secs] 
1958.828: [GC (Allocation Failure) [PSYoungGen: 57360K->1549K(57856K)] 383107K->327296K(634368K), 0.0015968 secs] [Times: user=0.01 sys=0.00, real=0.00 secs] 
1959.605: [GC (Allocation Failure) [PSYoungGen: 57357K->1456K(57856K)] 383104K->327203K(634368K), 0.0038512 secs] [Times: user=0.02 sys=0.00, real=0.01 secs] 
1960.300: [GC (Allocation Failure) [PSYoungGen: 57264K->1344K(57856K)] 383011K->327091K(634368K), 0.0031081 secs] [Times: user=0.02 sys=0.00, real=0.00 secs] 
1960.630: [GC (Allocation Failure) [PSYoungGen: 57152K->1376K(57856K)] 382899K->327123K(634368K), 0.0019412 secs] [Times: user=0.01 sys=0.00, real=0.00 secs] 
1960.862: [GC (Allocation Failure) [PSYoungGen: 57184K->1376K(57856K)] 382931K->327123K(634368K), 0.0017518 secs] [Times: user=0.01 sys=0.00, real=0.00 secs] 
1961.093: [GC (Allocation Failure) [PSYoungGen: 57184K->1376K(57856K)] 382931K->327123K(634368K), 0.0017644 secs] [Times: user=0.01 sys=0.00, real=0.01 secs] 
1961.373: [GC (Allocation Failure) [PSYoungGen: 57184K->1440K(57856K)] 382931K->327187K(634368K), 0.0014525 secs] [Times: user=0.01 sys=0.00, real=0.00 secs] 
1961.694: [GC (Allocation Failure) [PSYoungGen: 57248K->1549K(57856K)] 382995K->327312K(634368K), 0.0015360 secs] [Times: user=0.01 sys=0.00, real=0.01 secs] 
1962.018: [GC (Allocation Failure) [PSYoungGen: 57357K->1581K(57856K)] 383120K->327344K(634368K), 0.0015380 secs] [Times: user=0.01 sys=0.00, real=0.00 secs] 
1962.402: [GC (Allocation Failure) [PSYoungGen: 57389K->1600K(57856K)] 383152K->327363K(634368K), 0.0016188 secs] [Times: user=0.00 sys=0.00, real=0.00 secs] 
1962.732: [GC (Allocation Failure) [PSYoungGen: 57408K->1565K(57856K)] 383171K->327328K(634368K), 0.0015511 secs] [Times: user=0.01 sys=0.00, real=0.00 secs] 
1962.989: [GC (Allocation Failure) [PSYoungGen: 57373K->1376K(57856K)] 383136K->327139K(634368K), 0.0027019 secs] [Times: user=0.01 sys=0.00, real=0.00 secs] 
1963.222: [GC (Allocation Failure) [PSYoungGen: 57184K->1376K(57856K)] 382947K->327139K(634368K), 0.0020404 secs] [Times: user=0.01 sys=0.01, real=0.00 secs] 
1963.454: [GC (Allocation Failure) [PSYoungGen: 57184K->1424K(57856K)] 382947K->327187K(634368K), 0.0019777 secs] [Times: user=0.01 sys=0.00, real=0.01 secs] 
1963.686: [GC (Allocation Failure) [PSYoungGen: 57232K->1376K(57856K)] 382995K->327139K(634368K), 0.0018943 secs] [Times: user=0.01 sys=0.00, real=0.00 secs] 
1963.918: [GC (Allocation Failure) [PSYoungGen: 57184K->1344K(57856K)] 382947K->327107K(634368K), 0.0019031 secs] [Times: user=0.00 sys=0.00, real=0.00 secs] 
1964.330: [GC (Allocation Failure) [PSYoungGen: 57152K->1504K(57856K)] 382915K->327283K(634368K), 0.0014897 secs] [Times: user=0.01 sys=0.00, real=0.00 secs] 
1964.654: [GC (Allocation Failure) [PSYoungGen: 57312K->1517K(57856K)] 383091K->327296K(634368K), 0.0015406 secs] [Times: user=0.01 sys=0.00, real=0.01 secs] 
1964.981: [GC (Allocation Failure) [PSYoungGen: 57325K->1565K(57856K)] 383104K->327368K(634368K), 0.0015163 secs] [Times: user=0.01 sys=0.00, real=0.00 secs] 
1965.310: [GC (Allocation Failure) [PSYoungGen: 57373K->1533K(57856K)] 383176K->327336K(634368K), 0.0015430 secs] [Times: user=0.01 sys=0.00, real=0.00 secs] 
1965.594: [GC (Allocation Failure) [PSYoungGen: 57341K->1472K(57856K)] 383144K->327275K(634368K), 0.0015870 secs] [Times: user=0.00 sys=0.00, real=0.01 secs] 
1965.825: [GC (Allocation Failure) [PSYoungGen: 57280K->1392K(57856K)] 383083K->327195K(634368K), 0.0014604 secs] [Times: user=0.00 sys=0.00, real=0.00 secs] 
1966.056: [GC (Allocation Failure) [PSYoungGen: 57200K->1344K(57856K)] 383003K->327147K(634368K), 0.0015746 secs] [Times: user=0.01 sys=0.00, real=0.00 secs] 
1966.287: [GC (Allocation Failure) [PSYoungGen: 57152K->1408K(57856K)] 382955K->327211K(634368K), 0.0015422 secs] [Times: user=0.01 sys=0.00, real=0.00 secs] 
1966.523: [GC (Allocation Failure) [PSYoungGen: 57216K->1392K(57856K)] 383019K->327195K(634368K), 0.0016213 secs] [Times: user=0.00 sys=0.00, real=0.01 secs] 
1966.841: [GC (Allocation Failure) [PSYoungGen: 57200K->1501K(57856K)] 383003K->327304K(634368K), 0.0014933 secs] [Times: user=0.00 sys=0.00, real=0.00 secs] 
1967.163: [GC (Allocation Failure) [PSYoungGen: 57309K->1581K(57856K)] 383112K->327400K(634368K), 0.0015470 secs] [Times: user=0.01 sys=0.00, real=0.00 secs] 
1967.487: [GC (Allocation Failure) [PSYoungGen: 57389K->1581K(57856K)] 383208K->327400K(634368K), 0.0015449 secs] [Times: user=0.01 sys=0.00, real=0.00 secs] 
1967.816: [GC (Allocation Failure) [PSYoungGen: 57389K->1533K(57856K)] 383208K->327352K(634368K), 0.0015474 secs] [Times: user=0.01 sys=0.00, real=0.00 secs] 
1968.146: [GC (Allocation Failure) [PSYoungGen: 57341K->1488K(57856K)] 383160K->327307K(634368K), 0.0018926 secs] [Times: user=0.01 sys=0.00, real=0.00 secs] 
1968.378: [GC (Allocation Failure) [PSYoungGen: 57296K->1344K(57856K)] 383115K->327163K(634368K), 0.0017340 secs] [Times: user=0.01 sys=0.01, real=0.00 secs] 
1968.625: [GC (Allocation Failure) [PSYoungGen: 57152K->1376K(57856K)] 382971K->327195K(634368K), 0.0017795 secs] [Times: user=0.01 sys=0.00, real=0.00 secs] 
1968.858: [GC (Allocation Failure) [PSYoungGen: 57184K->1376K(57856K)] 383003K->327195K(634368K), 0.0016793 secs] [Times: user=0.01 sys=0.00, real=0.00 secs] 
1969.089: [GC (Allocation Failure) [PSYoungGen: 57184K->1344K(57856K)] 383003K->327163K(634368K), 0.0017711 secs] [Times: user=0.00 sys=0.00, real=0.00 secs] 
1969.384: [GC (Allocation Failure) [PSYoungGen: 57152K->1469K(57856K)] 382971K->327288K(634368K), 0.0014579 secs] [Times: user=0.00 sys=0.00, real=0.01 secs] 
1969.706: [GC (Allocation Failure) [PSYoungGen: 57277K->1520K(57856K)] 383096K->327355K(634368K), 0.0015439 secs] [Times: user=0.00 sys=0.00, real=0.00 secs] 
1970.029: [GC (Allocation Failure) [PSYoungGen: 57299K->1520K(57856K)] 383134K->327355K(634368K), 0.0017164 secs] [Times: user=0.01 sys=0.00, real=0.00 secs] 
1970.354: [GC (Allocation Failure) [PSYoungGen: 57328K->1565K(57856K)] 383163K->327400K(634368K), 0.0015432 secs] [Times: user=0.01 sys=0.00, real=0.01 secs] 
1970.677: [GC (Allocation Failure) [PSYoungGen: 57373K->1533K(57856K)] 383208K->327368K(634368K), 0.0016138 secs] [Times: user=0.01 sys=0.00, real=0.00 secs] 
1971.107: [GC (Allocation Failure) [PSYoungGen: 57341K->1424K(57856K)] 383176K->327259K(634368K), 0.0017326 secs] [Times: user=0.01 sys=0.00, real=0.00 secs] 
1971.568: [GC (Allocation Failure) [PSYoungGen: 57232K->1392K(57856K)] 383067K->327227K(634368K), 0.0015991 secs] [Times: user=0.01 sys=0.00, real=0.00 secs] 
1972.026: [GC (Allocation Failure) [PSYoungGen: 57200K->1408K(57856K)] 383035K->327243K(634368K), 0.0028225 secs] [Times: user=0.01 sys=0.00, real=0.00 secs] 
1972.458: [GC (Allocation Failure) [PSYoungGen: 57216K->1344K(57856K)] 383051K->327179K(634368K), 0.0028677 secs] [Times: user=0.01 sys=0.00, real=0.00 secs] 
1972.817: [GC (Allocation Failure) [PSYoungGen: 57152K->1344K(57856K)] 382987K->327179K(634368K), 0.0027067 secs] [Times: user=0.01 sys=0.00, real=0.00 secs] 
1973.249: [GC (Allocation Failure) [PSYoungGen: 57152K->1533K(57856K)] 382987K->327376K(634368K), 0.0014954 secs] [Times: user=0.01 sys=0.00, real=0.00 secs] 
1973.572: [GC (Allocation Failure) [PSYoungGen: 57341K->1565K(57856K)] 383184K->327408K(634368K), 0.0015481 secs] [Times: user=0.01 sys=0.00, real=0.00 secs] 
1973.898: [GC (Allocation Failure) [PSYoungGen: 57373K->1517K(57856K)] 383216K->327360K(634368K), 0.0015450 secs] [Times: user=0.01 sys=0.00, real=0.00 secs] 
1974.219: [GC (Allocation Failure) [PSYoungGen: 57325K->1581K(57856K)] 383168K->327424K(634368K), 0.0015431 secs] [Times: user=0.01 sys=0.00, real=0.00 secs] 
1974.526: [GC (Allocation Failure) [PSYoungGen: 57389K->1456K(57856K)] 383232K->327299K(634368K), 0.0018223 secs] [Times: user=0.01 sys=0.00, real=0.00 secs] 
1974.757: [GC (Allocation Failure) [PSYoungGen: 57264K->1424K(57856K)] 383107K->327267K(634368K), 0.0017375 secs] [Times: user=0.01 sys=0.00, real=0.00 secs] 
1975.129: [GC (Allocation Failure) [PSYoungGen: 57232K->1440K(57856K)] 383075K->327283K(634368K), 0.0016652 secs] [Times: user=0.01 sys=0.00, real=0.00 secs] 
1975.512: [GC (Allocation Failure) [PSYoungGen: 57248K->1376K(57856K)] 383091K->327219K(634368K), 0.0018720 secs] [Times: user=0.01 sys=0.00, real=0.00 secs] 
1975.890: [GC (Allocation Failure) [PSYoungGen: 57184K->1344K(57856K)] 383027K->327187K(634368K), 0.0017214 secs] [Times: user=0.01 sys=0.01, real=0.00 secs] 
1976.282: [GC (Allocation Failure) [PSYoungGen: 57152K->1469K(57856K)] 382995K->327320K(634368K), 0.0014290 secs] [Times: user=0.00 sys=0.00, real=0.00 secs] 
1976.603: [GC (Allocation Failure) [PSYoungGen: 57277K->1581K(57856K)] 383128K->327448K(634368K), 0.0015541 secs] [Times: user=0.00 sys=0.00, real=0.01 secs] 
1976.926: [GC (Allocation Failure) [PSYoungGen: 57389K->1581K(57856K)] 383256K->327448K(634368K), 0.0015126 secs] [Times: user=0.01 sys=0.00, real=0.00 secs] 
1977.309: [GC (Allocation Failure) [PSYoungGen: 57389K->1533K(57856K)] 383256K->327400K(634368K), 0.0015585 secs] [Times: user=0.00 sys=0.00, real=0.00 secs] 
1977.636: [GC (Allocation Failure) [PSYoungGen: 57316K->1533K(57856K)] 383183K->327400K(634368K), 0.0015469 secs] [Times: user=0.01 sys=0.00, real=0.00 secs] 
1978.220: [GC (Allocation Failure) [PSYoungGen: 57341K->1360K(57856K)] 383208K->327227K(634368K), 0.0027534 secs] [Times: user=0.01 sys=0.00, real=0.00 secs] 
1978.752: [GC (Allocation Failure) [PSYoungGen: 57168K->1328K(57856K)] 383035K->327195K(634368K), 0.0026884 secs] [Times: user=0.01 sys=0.00, real=0.01 secs] 
1979.344: [GC (Allocation Failure) [PSYoungGen: 57136K->1376K(57856K)] 383003K->327243K(634368K), 0.0025273 secs] [Times: user=0.01 sys=0.00, real=0.01 secs] 
1979.803: [GC (Allocation Failure) [PSYoungGen: 57184K->1360K(57856K)] 383051K->327227K(634368K), 0.0041805 secs] [Times: user=0.01 sys=0.00, real=0.01 secs] 
1980.245: [GC (Allocation Failure) [PSYoungGen: 57168K->1376K(57856K)] 383035K->327243K(634368K), 0.0031217 secs] [Times: user=0.01 sys=0.00, real=0.00 secs] 
1980.688: [GC (Allocation Failure) [PSYoungGen: 57184K->1549K(57856K)] 383051K->327432K(634368K), 0.0015259 secs] [Times: user=0.01 sys=0.00, real=0.00 secs] 
1981.012: [GC (Allocation Failure) [PSYoungGen: 57357K->1565K(57856K)] 383240K->327448K(634368K), 0.0017043 secs] [Times: user=0.00 sys=0.00, real=0.00 secs] 
1981.336: [GC (Allocation Failure) [PSYoungGen: 57373K->1597K(57856K)] 383256K->327480K(634368K), 0.0015834 secs] [Times: user=0.01 sys=0.00, real=0.00 secs] 
1981.662: [GC (Allocation Failure) [PSYoungGen: 57405K->1565K(57856K)] 383288K->327448K(634368K), 0.0015192 secs] [Times: user=0.01 sys=0.00, real=0.00 secs] 
1981.972: [GC (Allocation Failure) [PSYoungGen: 57373K->1440K(57856K)] 383256K->327323K(634368K), 0.0017980 secs] [Times: user=0.01 sys=0.00, real=0.00 secs] 
1982.204: [GC (Allocation Failure) [PSYoungGen: 57248K->1392K(57856K)] 383131K->327275K(634368K), 0.0016731 secs] [Times: user=0.00 sys=0.00, real=0.01 secs] 
1982.436: [GC (Allocation Failure) [PSYoungGen: 57200K->1376K(57856K)] 383083K->327259K(634368K), 0.0017387 secs] [Times: user=0.01 sys=0.00, real=0.00 secs] 
1982.922: [GC (Allocation Failure) [PSYoungGen: 57184K->1344K(57856K)] 383067K->327227K(634368K), 0.0019966 secs] [Times: user=0.01 sys=0.00, real=0.00 secs] 
1983.349: [GC (Allocation Failure) [PSYoungGen: 57152K->1376K(57856K)] 383035K->327259K(634368K), 0.0018649 secs] [Times: user=0.00 sys=0.00, real=0.00 secs] 
1983.842: [GC (Allocation Failure) [PSYoungGen: 57184K->1533K(57856K)] 383067K->327416K(634368K), 0.0015998 secs] [Times: user=0.01 sys=0.00, real=0.00 secs] 
1984.164: [GC (Allocation Failure) [PSYoungGen: 57341K->1533K(57856K)] 383224K->327432K(634368K), 0.0017186 secs] [Times: user=0.00 sys=0.00, real=0.01 secs] 
1984.487: [GC (Allocation Failure) [PSYoungGen: 57341K->1533K(57856K)] 383240K->327432K(634368K), 0.0015471 secs] [Times: user=0.00 sys=0.00, real=0.00 secs] 
1984.812: [GC (Allocation Failure) [PSYoungGen: 57341K->1613K(57856K)] 383240K->327512K(634368K), 0.0015375 secs] [Times: user=0.01 sys=0.00, real=0.00 secs] 
1985.252: [GC (Allocation Failure) [PSYoungGen: 57421K->1968K(57856K)] 383320K->327867K(634368K), 0.0020297 secs] [Times: user=0.01 sys=0.00, real=0.00 secs] 
1986.430: [GC (Allocation Failure) [PSYoungGen: 57776K->1376K(57856K)] 383675K->327275K(634368K), 0.0039293 secs] [Times: user=0.02 sys=0.00, real=0.00 secs] 
1987.392: [GC (Allocation Failure) [PSYoungGen: 57184K->1376K(57856K)] 383083K->327291K(634368K), 0.0039817 secs] [Times: user=0.01 sys=0.00, real=0.01 secs] 
1988.160: [GC (Allocation Failure) [PSYoungGen: 57184K->1376K(57856K)] 383099K->327291K(634368K), 0.0039930 secs] [Times: user=0.02 sys=0.00, real=0.00 secs] 
1988.710: [GC (Allocation Failure) [PSYoungGen: 57184K->1328K(57856K)] 383099K->327243K(634368K), 0.0026644 secs] [Times: user=0.02 sys=0.00, real=0.00 secs] 
1989.191: [GC (Allocation Failure) [PSYoungGen: 57136K->1472K(57856K)] 383051K->327387K(634368K), 0.0022011 secs] [Times: user=0.01 sys=0.00, real=0.00 secs] 
1989.538: [GC (Allocation Failure) [PSYoungGen: 57280K->1520K(57856K)] 383195K->327451K(634368K), 0.0015733 secs] [Times: user=0.01 sys=0.00, real=0.00 secs] 
1989.861: [GC (Allocation Failure) [PSYoungGen: 57328K->1565K(57856K)] 383259K->327496K(634368K), 0.0015386 secs] [Times: user=0.01 sys=0.00, real=0.00 secs] 
1990.185: [GC (Allocation Failure) [PSYoungGen: 57373K->1565K(57856K)] 383304K->327496K(634368K), 0.0016203 secs] [Times: user=0.00 sys=0.00, real=0.00 secs] 
1990.509: [GC (Allocation Failure) [PSYoungGen: 57365K->1565K(57856K)] 383297K->327496K(634368K), 0.0017179 secs] [Times: user=0.01 sys=0.00, real=0.00 secs] 
1991.636: [GC (Allocation Failure) [PSYoungGen: 57373K->1440K(57856K)] 383304K->327371K(634368K), 0.0029539 secs] [Times: user=0.01 sys=0.00, real=0.00 secs] 
1992.313: [GC (Allocation Failure) [PSYoungGen: 57248K->1344K(57856K)] 383179K->327275K(634368K), 0.0026796 secs] [Times: user=0.01 sys=0.00, real=0.01 secs] 
1992.978: [GC (Allocation Failure) [PSYoungGen: 57152K->1344K(57856K)] 383083K->327275K(634368K), 0.0028157 secs] [Times: user=0.01 sys=0.00, real=0.00 secs] 
1993.728: [GC (Allocation Failure) [PSYoungGen: 57152K->1344K(57856K)] 383083K->327275K(634368K), 0.0041535 secs] [Times: user=0.02 sys=0.00, real=0.00 secs] 
1994.490: [GC (Allocation Failure) [PSYoungGen: 57152K->1360K(57856K)] 383083K->327291K(634368K), 0.0040159 secs] [Times: user=0.01 sys=0.00, real=0.00 secs] 
1995.093: [GC (Allocation Failure) [PSYoungGen: 57168K->1501K(57856K)] 383099K->327448K(634368K), 0.0015146 secs] [Times: user=0.00 sys=0.00, real=0.00 secs] 
1995.415: [GC (Allocation Failure) [PSYoungGen: 57309K->1533K(57856K)] 383256K->327480K(634368K), 0.0015330 secs] [Times: user=0.01 sys=0.00, real=0.00 secs] 
1995.743: [GC (Allocation Failure) [PSYoungGen: 57341K->1533K(57856K)] 383288K->327480K(634368K), 0.0014921 secs] [Times: user=0.00 sys=0.00, real=0.01 secs] 
1996.071: [GC (Allocation Failure) [PSYoungGen: 57341K->1533K(57856K)] 383288K->327480K(634368K), 0.0015309 secs] [Times: user=0.00 sys=0.00, real=0.00 secs] 
1996.443: [GC (Allocation Failure) [PSYoungGen: 57341K->1504K(57856K)] 383288K->327451K(634368K), 0.0016420 secs] [Times: user=0.01 sys=0.00, real=0.01 secs] 
1996.723: [GC (Allocation Failure) [PSYoungGen: 57312K->1344K(57856K)] 383259K->327291K(634368K), 0.0018388 secs] [Times: user=0.01 sys=0.00, real=0.00 secs] 
1996.954: [GC (Allocation Failure) [PSYoungGen: 57152K->1344K(57856K)] 383099K->327291K(634368K), 0.0018838 secs] [Times: user=0.01 sys=0.00, real=0.01 secs] 
1997.330: [GC (Allocation Failure) [PSYoungGen: 57152K->1376K(57856K)] 383099K->327323K(634368K), 0.0027552 secs] [Times: user=0.01 sys=0.00, real=0.00 secs] 
1997.859: [GC (Allocation Failure) [PSYoungGen: 57184K->1344K(57856K)] 383131K->327291K(634368K), 0.0025238 secs] [Times: user=0.01 sys=0.00, real=0.00 secs] 
1999.336: [GC (Allocation Failure) [PSYoungGen: 57152K->1453K(57856K)] 383099K->327424K(634368K), 0.0020179 secs] [Times: user=0.00 sys=0.00, real=0.00 secs] 
1999.674: [GC (Allocation Failure) [PSYoungGen: 57261K->1533K(57856K)] 383232K->327520K(634368K), 0.0015812 secs] [Times: user=0.01 sys=0.00, real=0.01 secs] 
1999.998: [GC (Allocation Failure) [PSYoungGen: 57341K->1504K(57856K)] 383328K->327491K(634368K), 0.0015879 secs] [Times: user=0.00 sys=0.00, real=0.00 secs] 
2000.381: [GC (Allocation Failure) [PSYoungGen: 57312K->1565K(57856K)] 383299K->327552K(634368K), 0.0015531 secs] [Times: user=0.01 sys=0.00, real=0.00 secs] 
2000.706: [GC (Allocation Failure) [PSYoungGen: 57373K->1552K(57856K)] 383360K->327539K(634368K), 0.0015792 secs] [Times: user=0.01 sys=0.00, real=0.00 secs] 
2001.275: [GC (Allocation Failure) [PSYoungGen: 57360K->1408K(57856K)] 383347K->327395K(634368K), 0.0034149 secs] [Times: user=0.01 sys=0.00, real=0.00 secs] 
2002.657: [GC (Allocation Failure) [PSYoungGen: 57216K->1408K(57856K)] 383203K->327395K(634368K), 0.0040883 secs] [Times: user=0.01 sys=0.01, real=0.00 secs] 
2003.381: [GC (Allocation Failure) [PSYoungGen: 57216K->1408K(57856K)] 383203K->327395K(634368K), 0.0032163 secs] [Times: user=0.01 sys=0.00, real=0.00 secs] 
2003.927: [GC (Allocation Failure) [PSYoungGen: 57216K->1344K(57856K)] 383203K->327331K(634368K), 0.0031796 secs] [Times: user=0.01 sys=0.00, real=0.00 secs] 
2004.415: [GC (Allocation Failure) [PSYoungGen: 57152K->1376K(57856K)] 383139K->327363K(634368K), 0.0023935 secs] [Times: user=0.01 sys=0.00, real=0.00 secs] 
2004.799: [GC (Allocation Failure) [PSYoungGen: 57184K->1581K(57856K)] 383171K->327584K(634368K), 0.0015093 secs] [Times: user=0.00 sys=0.00, real=0.00 secs] 
2005.121: [GC (Allocation Failure) [PSYoungGen: 57389K->1581K(57856K)] 383392K->327584K(634368K), 0.0015588 secs] [Times: user=0.01 sys=0.00, real=0.00 secs] 
2005.445: [GC (Allocation Failure) [PSYoungGen: 57389K->1533K(57856K)] 383392K->327536K(634368K), 0.0015095 secs] [Times: user=0.00 sys=0.00, real=0.00 secs] 
2005.833: [GC (Allocation Failure) [PSYoungGen: 57341K->1533K(57856K)] 383344K->327536K(634368K), 0.0016103 secs] [Times: user=0.01 sys=0.00, real=0.00 secs] 
2006.347: [GC (Allocation Failure) [PSYoungGen: 57341K->1488K(57856K)] 383344K->327491K(634368K), 0.0025729 secs] [Times: user=0.01 sys=0.01, real=0.00 secs] 
2006.840: [GC (Allocation Failure) [PSYoungGen: 57296K->1312K(57856K)] 383299K->327315K(634368K), 0.0031891 secs] [Times: user=0.01 sys=0.00, real=0.00 secs] 
2007.299: [GC (Allocation Failure) [PSYoungGen: 57120K->1344K(57856K)] 383123K->327347K(634368K), 0.0027148 secs] [Times: user=0.01 sys=0.00, real=0.00 secs] 
2007.752: [GC (Allocation Failure) [PSYoungGen: 57152K->1376K(57856K)] 383155K->327379K(634368K), 0.0028016 secs] [Times: user=0.01 sys=0.00, real=0.01 secs] 
2008.249: [GC (Allocation Failure) [PSYoungGen: 57184K->1344K(57856K)] 383187K->327347K(634368K), 0.0023373 secs] [Times: user=0.01 sys=0.00, real=0.00 secs] 
2008.663: [GC (Allocation Failure) [PSYoungGen: 57152K->1501K(57856K)] 383155K->327528K(634368K), 0.0015078 secs] [Times: user=0.01 sys=0.00, real=0.00 secs] 
2008.985: [GC (Allocation Failure) [PSYoungGen: 57309K->1536K(57856K)] 383336K->327571K(634368K), 0.0014904 secs] [Times: user=0.01 sys=0.00, real=0.00 secs] 
2009.307: [GC (Allocation Failure) [PSYoungGen: 57344K->1533K(57856K)] 383379K->327568K(634368K), 0.0015694 secs] [Times: user=0.01 sys=0.00, real=0.00 secs] 
2009.633: [GC (Allocation Failure) [PSYoungGen: 57341K->1565K(57856K)] 383376K->327600K(634368K), 0.0015308 secs] [Times: user=0.00 sys=0.00, real=0.00 secs] 
2009.968: [GC (Allocation Failure) [PSYoungGen: 57373K->1984K(57856K)] 383408K->328019K(634368K), 0.0017687 secs] [Times: user=0.01 sys=0.00, real=0.00 secs] 
2010.298: [GC (Allocation Failure) [PSYoungGen: 57792K->1376K(57856K)] 383827K->327411K(634368K), 0.0015431 secs] [Times: user=0.01 sys=0.00, real=0.00 secs] 
2010.765: [GC (Allocation Failure) [PSYoungGen: 57184K->1424K(57856K)] 383219K->327459K(634368K), 0.0019999 secs] [Times: user=0.01 sys=0.00, real=0.00 secs] 
2011.286: [GC (Allocation Failure) [PSYoungGen: 57232K->1376K(57856K)] 383267K->327411K(634368K), 0.0026828 secs] [Times: user=0.02 sys=0.00, real=0.00 secs] 
2011.885: [GC (Allocation Failure) [PSYoungGen: 57184K->1376K(57856K)] 383219K->327411K(634368K), 0.0038486 secs] [Times: user=0.02 sys=0.00, real=0.00 secs] 
2012.551: [GC (Allocation Failure) [PSYoungGen: 57184K->1533K(57856K)] 383219K->327568K(634368K), 0.0022760 secs] [Times: user=0.01 sys=0.00, real=0.00 secs] 
2012.928: [GC (Allocation Failure) [PSYoungGen: 57341K->1597K(57856K)] 383376K->327640K(634368K), 0.0015993 secs] [Times: user=0.01 sys=0.00, real=0.00 secs] 
2013.313: [GC (Allocation Failure) [PSYoungGen: 57405K->1533K(57856K)] 383448K->327576K(634368K), 0.0017364 secs] [Times: user=0.00 sys=0.00, real=0.00 secs] 
2013.692: [GC (Allocation Failure) [PSYoungGen: 57341K->1533K(57856K)] 383384K->327576K(634368K), 0.0015785 secs] [Times: user=0.00 sys=0.00, real=0.00 secs] 
2014.015: [GC (Allocation Failure) [PSYoungGen: 57324K->1581K(57856K)] 383367K->327624K(634368K), 0.0015671 secs] [Times: user=0.01 sys=0.00, real=0.01 secs] 
2014.277: [GC (Allocation Failure) [PSYoungGen: 57389K->1408K(57856K)] 383432K->327451K(634368K), 0.0023306 secs] [Times: user=0.01 sys=0.00, real=0.00 secs] 
2014.766: [GC (Allocation Failure) [PSYoungGen: 57216K->1408K(57856K)] 383259K->327451K(634368K), 0.0024253 secs] [Times: user=0.01 sys=0.00, real=0.00 secs] 
2015.195: [GC (Allocation Failure) [PSYoungGen: 57216K->1376K(57856K)] 383259K->327419K(634368K), 0.0020771 secs] [Times: user=0.01 sys=0.00, real=0.00 secs] 
2015.637: [GC (Allocation Failure) [PSYoungGen: 57184K->1408K(57856K)] 383227K->327451K(634368K), 0.0022063 secs] [Times: user=0.00 sys=0.00, real=0.00 secs] 
2016.113: [GC (Allocation Failure) [PSYoungGen: 57216K->1376K(57856K)] 383259K->327419K(634368K), 0.0020780 secs] [Times: user=0.00 sys=0.00, real=0.01 secs] 
2016.504: [GC (Allocation Failure) [PSYoungGen: 57184K->1504K(57856K)] 383227K->327579K(634368K), 0.0014781 secs] [Times: user=0.01 sys=0.00, real=0.01 secs] 
2016.874: [GC (Allocation Failure) [PSYoungGen: 57290K->1501K(57856K)] 383365K->327576K(634368K), 0.0015858 secs] [Times: user=0.01 sys=0.00, real=0.01 secs] 
2017.196: [GC (Allocation Failure) [PSYoungGen: 57309K->1549K(57856K)] 383384K->327640K(634368K), 0.0015899 secs] [Times: user=0.01 sys=0.00, real=0.00 secs] 
2017.580: [GC (Allocation Failure) [PSYoungGen: 57357K->1536K(57856K)] 383448K->327627K(634368K), 0.0015567 secs] [Times: user=0.01 sys=0.00, real=0.00 secs] 
2017.914: [GC (Allocation Failure) [PSYoungGen: 57344K->1472K(57856K)] 383435K->327563K(634368K), 0.0020481 secs] [Times: user=0.00 sys=0.00, real=0.01 secs] 
2018.177: [GC (Allocation Failure) [PSYoungGen: 57280K->1408K(57856K)] 383371K->327499K(634368K), 0.0019939 secs] [Times: user=0.00 sys=0.00, real=0.00 secs] 
2018.409: [GC (Allocation Failure) [PSYoungGen: 57216K->1376K(57856K)] 383307K->327467K(634368K), 0.0021137 secs] [Times: user=0.01 sys=0.00, real=0.00 secs] 
2018.672: [GC (Allocation Failure) [PSYoungGen: 57184K->1376K(57856K)] 383275K->327467K(634368K), 0.0018227 secs] [Times: user=0.01 sys=0.00, real=0.00 secs] 
2018.904: [GC (Allocation Failure) [PSYoungGen: 57184K->1376K(57856K)] 383275K->327467K(634368K), 0.0018367 secs] [Times: user=0.00 sys=0.00, real=0.01 secs] 
2019.394: [GC (Allocation Failure) [PSYoungGen: 57184K->1517K(57856K)] 383275K->327608K(634368K), 0.0014391 secs] [Times: user=0.01 sys=0.00, real=0.01 secs] 
2019.715: [GC (Allocation Failure) [PSYoungGen: 57325K->1613K(57856K)] 383416K->327720K(634368K), 0.0015285 secs] [Times: user=0.01 sys=0.00, real=0.00 secs] 
2020.039: [GC (Allocation Failure) [PSYoungGen: 57421K->1565K(57856K)] 383528K->327672K(634368K), 0.0016764 secs] [Times: user=0.00 sys=0.00, real=0.00 secs] 
2020.365: [GC (Allocation Failure) [PSYoungGen: 57373K->1565K(57856K)] 383480K->327672K(634368K), 0.0015433 secs] [Times: user=0.00 sys=0.00, real=0.00 secs] 
2020.689: [GC (Allocation Failure) [PSYoungGen: 57373K->1549K(57856K)] 383480K->327656K(634368K), 0.0017437 secs] [Times: user=0.01 sys=0.00, real=0.00 secs] 
2020.942: [GC (Allocation Failure) [PSYoungGen: 57357K->1392K(57856K)] 383464K->327499K(634368K), 0.0016780 secs] [Times: user=0.01 sys=0.00, real=0.00 secs] 
2021.178: [GC (Allocation Failure) [PSYoungGen: 57200K->1408K(57856K)] 383307K->327515K(634368K), 0.0015602 secs] [Times: user=0.00 sys=0.00, real=0.00 secs] 
2021.409: [GC (Allocation Failure) [PSYoungGen: 57216K->1440K(57856K)] 383323K->327547K(634368K), 0.0021229 secs] [Times: user=0.01 sys=0.00, real=0.00 secs] 
2021.642: [GC (Allocation Failure) [PSYoungGen: 57248K->1408K(57856K)] 383355K->327515K(634368K), 0.0023444 secs] [Times: user=0.01 sys=0.00, real=0.00 secs] 
2021.879: [GC (Allocation Failure) [PSYoungGen: 57216K->1376K(57856K)] 383323K->327483K(634368K), 0.0027120 secs] [Times: user=0.01 sys=0.00, real=0.00 secs] 
2022.276: [GC (Allocation Failure) [PSYoungGen: 57184K->1517K(57856K)] 383291K->327632K(634368K), 0.0015329 secs] [Times: user=0.00 sys=0.00, real=0.00 secs] 
2022.598: [GC (Allocation Failure) [PSYoungGen: 57325K->1565K(57856K)] 383440K->327680K(634368K), 0.0015620 secs] [Times: user=0.01 sys=0.00, real=0.00 secs] 
2022.923: [GC (Allocation Failure) [PSYoungGen: 57373K->1581K(57856K)] 383488K->327696K(634368K), 0.0015635 secs] [Times: user=0.01 sys=0.00, real=0.01 secs] 
2023.314: [GC (Allocation Failure) [PSYoungGen: 57389K->1549K(57856K)] 383504K->327664K(634368K), 0.0015895 secs] [Times: user=0.00 sys=0.00, real=0.01 secs] 
2023.631: [GC (Allocation Failure) [PSYoungGen: 57357K->1488K(57856K)] 383472K->327603K(634368K), 0.0020981 secs] [Times: user=0.01 sys=0.00, real=0.00 secs] 
2023.885: [GC (Allocation Failure) [PSYoungGen: 57296K->1344K(57856K)] 383411K->327459K(634368K), 0.0020466 secs] [Times: user=0.01 sys=0.00, real=0.01 secs] 
2024.117: [GC (Allocation Failure) [PSYoungGen: 57152K->1376K(57856K)] 383267K->327491K(634368K), 0.0019725 secs] [Times: user=0.01 sys=0.00, real=0.00 secs] 
2024.349: [GC (Allocation Failure) [PSYoungGen: 57184K->1376K(57856K)] 383299K->327491K(634368K), 0.0018195 secs] [Times: user=0.01 sys=0.00, real=0.00 secs] 
2024.608: [GC (Allocation Failure) [PSYoungGen: 57184K->1376K(57856K)] 383299K->327491K(634368K), 0.0019292 secs] [Times: user=0.00 sys=0.00, real=0.00 secs] 
2024.954: [GC (Allocation Failure) [PSYoungGen: 57184K->1501K(57856K)] 383299K->327632K(634368K), 0.0014801 secs] [Times: user=0.01 sys=0.00, real=0.01 secs] 
2025.276: [GC (Allocation Failure) [PSYoungGen: 57309K->1549K(57856K)] 383440K->327696K(634368K), 0.0015687 secs] [Times: user=0.01 sys=0.00, real=0.00 secs] 
2025.602: [GC (Allocation Failure) [PSYoungGen: 57357K->1536K(57856K)] 383504K->327683K(634368K), 0.0015399 secs] [Times: user=0.01 sys=0.00, real=0.00 secs] 
2025.924: [GC (Allocation Failure) [PSYoungGen: 57344K->1581K(57856K)] 383491K->327728K(634368K), 0.0015342 secs] [Times: user=0.01 sys=0.00, real=0.01 secs] 
2026.481: [GC (Allocation Failure) [PSYoungGen: 57389K->1984K(57856K)] 383536K->328643K(634368K), 0.0029351 secs] [Times: user=0.01 sys=0.00, real=0.00 secs] 
2027.247: [GC (Allocation Failure) [PSYoungGen: 57792K->1376K(57856K)] 384451K->328035K(634368K), 0.0031225 secs] [Times: user=0.01 sys=0.00, real=0.00 secs] 
2027.728: [GC (Allocation Failure) [PSYoungGen: 57184K->1376K(57856K)] 383843K->328035K(634368K), 0.0031737 secs] [Times: user=0.01 sys=0.00, real=0.00 secs] 
2028.279: [GC (Allocation Failure) [PSYoungGen: 57184K->1408K(57856K)] 383843K->328067K(634368K), 0.0025110 secs] [Times: user=0.02 sys=0.00, real=0.00 secs] 
2028.687: [GC (Allocation Failure) [PSYoungGen: 57216K->1328K(57856K)] 383875K->327987K(634368K), 0.0027928 secs] [Times: user=0.01 sys=0.00, real=0.00 secs] 
2029.139: [GC (Allocation Failure) [PSYoungGen: 57136K->1520K(57856K)] 383795K->328179K(634368K), 0.0021228 secs] [Times: user=0.01 sys=0.00, real=0.00 secs] 
2029.491: [GC (Allocation Failure) [PSYoungGen: 57328K->1549K(57856K)] 383987K->328224K(634368K), 0.0015449 secs] [Times: user=0.00 sys=0.00, real=0.00 secs] 
2029.876: [GC (Allocation Failure) [PSYoungGen: 57331K->1517K(57856K)] 384006K->328192K(634368K), 0.0016239 secs] [Times: user=0.01 sys=0.00, real=0.00 secs] 
2030.198: [GC (Allocation Failure) [PSYoungGen: 57325K->1565K(57856K)] 384000K->328240K(634368K), 0.0015775 secs] [Times: user=0.01 sys=0.00, real=0.00 secs] 
2030.580: [GC (Allocation Failure) [PSYoungGen: 57373K->1536K(57856K)] 384048K->328211K(634368K), 0.0015840 secs] [Times: user=0.01 sys=0.00, real=0.00 secs] 
2031.163: [GC (Allocation Failure) [PSYoungGen: 57344K->1440K(57856K)] 384019K->328115K(634368K), 0.0033053 secs] [Times: user=0.02 sys=0.00, real=0.01 secs] 
2031.624: [GC (Allocation Failure) [PSYoungGen: 57248K->1408K(57856K)] 383923K->328083K(634368K), 0.0024095 secs] [Times: user=0.01 sys=0.00, real=0.01 secs] 
2032.036: [GC (Allocation Failure) [PSYoungGen: 57216K->1344K(57856K)] 383891K->328019K(634368K), 0.0024330 secs] [Times: user=0.01 sys=0.00, real=0.00 secs] 
2032.462: [GC (Allocation Failure) [PSYoungGen: 57152K->1408K(57856K)] 383827K->328083K(634368K), 0.0024595 secs] [Times: user=0.01 sys=0.00, real=0.00 secs] 
2032.864: [GC (Allocation Failure) [PSYoungGen: 57216K->1392K(57856K)] 383891K->328067K(634368K), 0.0027109 secs] [Times: user=0.01 sys=0.00, real=0.01 secs] 
2033.291: [GC (Allocation Failure) [PSYoungGen: 57200K->1552K(57856K)] 383875K->328243K(634368K), 0.0014590 secs] [Times: user=0.01 sys=0.00, real=0.00 secs] 
2033.615: [GC (Allocation Failure) [PSYoungGen: 57360K->1549K(57856K)] 384051K->328240K(634368K), 0.0015392 secs] [Times: user=0.01 sys=0.00, real=0.00 secs] 
2033.938: [GC (Allocation Failure) [PSYoungGen: 57357K->1565K(57856K)] 384048K->328256K(634368K), 0.0015507 secs] [Times: user=0.01 sys=0.00, real=0.00 secs] 
2034.261: [GC (Allocation Failure) [PSYoungGen: 57373K->1533K(57856K)] 384064K->328224K(634368K), 0.0015429 secs] [Times: user=0.00 sys=0.00, real=0.00 secs] 
2034.791: [GC (Allocation Failure) [PSYoungGen: 57341K->1472K(57856K)] 384032K->328163K(634368K), 0.0019260 secs] [Times: user=0.01 sys=0.00, real=0.00 secs] 
2035.345: [GC (Allocation Failure) [PSYoungGen: 57280K->1376K(57856K)] 383971K->328067K(634368K), 0.0018139 secs] [Times: user=0.00 sys=0.00, real=0.00 secs] 
2035.795: [GC (Allocation Failure) [PSYoungGen: 57184K->1376K(57856K)] 383875K->328067K(634368K), 0.0022794 secs] [Times: user=0.01 sys=0.00, real=0.00 secs] 
2036.263: [GC (Allocation Failure) [PSYoungGen: 57184K->1344K(57856K)] 383875K->328035K(634368K), 0.0022586 secs] [Times: user=0.01 sys=0.00, real=0.01 secs] 
2036.727: [GC (Allocation Failure) [PSYoungGen: 57152K->1376K(57856K)] 383843K->328067K(634368K), 0.0024235 secs] [Times: user=0.01 sys=0.00, real=0.00 secs] 
2037.251: [GC (Allocation Failure) [PSYoungGen: 57184K->1501K(57856K)] 383875K->328216K(634368K), 0.0018905 secs] [Times: user=0.01 sys=0.00, real=0.00 secs] 
2037.578: [GC (Allocation Failure) [PSYoungGen: 57309K->1517K(57856K)] 384024K->328248K(634368K), 0.0015437 secs] [Times: user=0.00 sys=0.00, real=0.00 secs] 
2037.901: [GC (Allocation Failure) [PSYoungGen: 57325K->1533K(57856K)] 384056K->328264K(634368K), 0.0015406 secs] [Times: user=0.01 sys=0.00, real=0.00 secs] 
2038.226: [GC (Allocation Failure) [PSYoungGen: 57341K->1565K(57856K)] 384072K->328296K(634368K), 0.0015821 secs] [Times: user=0.01 sys=0.00, real=0.00 secs] 
2038.550: [GC (Allocation Failure) [PSYoungGen: 57373K->1584K(57856K)] 384104K->328315K(634368K), 0.0015307 secs] [Times: user=0.00 sys=0.00, real=0.00 secs] 
2039.122: [GC (Allocation Failure) [PSYoungGen: 57392K->1376K(57856K)] 384123K->328107K(634368K), 0.0020898 secs] [Times: user=0.01 sys=0.00, real=0.00 secs] 
2039.599: [GC (Allocation Failure) [PSYoungGen: 57184K->1344K(57856K)] 383915K->328075K(634368K), 0.0028883 secs] [Times: user=0.01 sys=0.00, real=0.00 secs] 
2040.067: [GC (Allocation Failure) [PSYoungGen: 57152K->1376K(57856K)] 383883K->328107K(634368K), 0.0026857 secs] [Times: user=0.01 sys=0.00, real=0.00 secs] 
2040.538: [GC (Allocation Failure) [PSYoungGen: 57184K->1376K(57856K)] 383915K->328107K(634368K), 0.0025935 secs] [Times: user=0.01 sys=0.00, real=0.00 secs] 
2041.026: [GC (Allocation Failure) [PSYoungGen: 57184K->1376K(57856K)] 383915K->328107K(634368K), 0.0028544 secs] [Times: user=0.01 sys=0.00, real=0.00 secs] 
2041.536: [GC (Allocation Failure) [PSYoungGen: 57171K->1517K(57856K)] 383902K->328264K(634368K), 0.0015431 secs] [Times: user=0.01 sys=0.00, real=0.00 secs] 
2041.859: [GC (Allocation Failure) [PSYoungGen: 57325K->1517K(57856K)] 384072K->328264K(634368K), 0.0016111 secs] [Times: user=0.00 sys=0.00, real=0.00 secs] 
2042.239: [GC (Allocation Failure) [PSYoungGen: 57325K->1549K(57856K)] 384072K->328296K(634368K), 0.0016051 secs] [Times: user=0.01 sys=0.00, real=0.00 secs] 
2042.564: [GC (Allocation Failure) [PSYoungGen: 57357K->1533K(57856K)] 384104K->328280K(634368K), 0.0015132 secs] [Times: user=0.01 sys=0.00, real=0.01 secs] 
2042.961: [GC (Allocation Failure) [PSYoungGen: 57341K->1456K(57856K)] 384088K->328203K(634368K), 0.0023913 secs] [Times: user=0.01 sys=0.00, real=0.00 secs] 
2043.225: [GC (Allocation Failure) [PSYoungGen: 57264K->1376K(57856K)] 384011K->328123K(634368K), 0.0020637 secs] [Times: user=0.00 sys=0.00, real=0.00 secs] 
2043.513: [GC (Allocation Failure) [PSYoungGen: 57184K->1344K(57856K)] 383931K->328091K(634368K), 0.0017810 secs] [Times: user=0.01 sys=0.00, real=0.01 secs] 
2043.764: [GC (Allocation Failure) [PSYoungGen: 57152K->1376K(57856K)] 383899K->328123K(634368K), 0.0018815 secs] [Times: user=0.01 sys=0.00, real=0.01 secs] 
2044.220: [GC (Allocation Failure) [PSYoungGen: 57184K->1408K(57856K)] 383931K->328155K(634368K), 0.0017997 secs] [Times: user=0.00 sys=0.00, real=0.00 secs] 
2044.788: [GC (Allocation Failure) [PSYoungGen: 57216K->1469K(57856K)] 383963K->328216K(634368K), 0.0014550 secs] [Times: user=0.01 sys=0.00, real=0.00 secs] 
2045.110: [GC (Allocation Failure) [PSYoungGen: 57277K->1501K(57856K)] 384024K->328264K(634368K), 0.0015743 secs] [Times: user=0.00 sys=0.00, real=0.00 secs] 
2045.434: [GC (Allocation Failure) [PSYoungGen: 57309K->1600K(57856K)] 384072K->328363K(634368K), 0.0015524 secs] [Times: user=0.01 sys=0.00, real=0.01 secs] 
2045.816: [GC (Allocation Failure) [PSYoungGen: 57408K->1549K(57856K)] 384171K->328312K(634368K), 0.0016132 secs] [Times: user=0.01 sys=0.00, real=0.00 secs] 
2046.473: [GC (Allocation Failure) [PSYoungGen: 57190K->1984K(57856K)] 383954K->328779K(634368K), 0.0021702 secs] [Times: user=0.00 sys=0.00, real=0.01 secs] 
2047.047: [GC (Allocation Failure) [PSYoungGen: 57792K->1408K(57856K)] 384587K->328203K(634368K), 0.0022352 secs] [Times: user=0.01 sys=0.00, real=0.00 secs] 
2047.309: [GC (Allocation Failure) [PSYoungGen: 57216K->1408K(57856K)] 384011K->328203K(634368K), 0.0018939 secs] [Times: user=0.01 sys=0.00, real=0.00 secs] 
2047.541: [GC (Allocation Failure) [PSYoungGen: 57216K->1408K(57856K)] 384011K->328203K(634368K), 0.0018579 secs] [Times: user=0.00 sys=0.00, real=0.00 secs] 
2047.773: [GC (Allocation Failure) [PSYoungGen: 57216K->1408K(57856K)] 384011K->328203K(634368K), 0.0018323 secs] [Times: user=0.01 sys=0.00, real=0.00 secs] 
2048.097: [GC (Allocation Failure) [PSYoungGen: 57216K->1469K(57856K)] 384011K->328264K(634368K), 0.0019176 secs] [Times: user=0.01 sys=0.00, real=0.00 secs] 
2048.432: [GC (Allocation Failure) [PSYoungGen: 57277K->1533K(57856K)] 384072K->328344K(634368K), 0.0015516 secs] [Times: user=0.00 sys=0.00, real=0.00 secs] 
2048.754: [GC (Allocation Failure) [PSYoungGen: 57341K->1517K(57856K)] 384152K->328328K(634368K), 0.0015482 secs] [Times: user=0.00 sys=0.00, real=0.01 secs] 
2049.078: [GC (Allocation Failure) [PSYoungGen: 57325K->1517K(57856K)] 384136K->328328K(634368K), 0.0016341 secs] [Times: user=0.01 sys=0.00, real=0.00 secs] 
2049.400: [GC (Allocation Failure) [PSYoungGen: 57325K->1552K(57856K)] 384136K->328363K(634368K), 0.0015206 secs] [Times: user=0.00 sys=0.00, real=0.00 secs] 
2049.896: [GC (Allocation Failure) [PSYoungGen: 57360K->1424K(57856K)] 384171K->328235K(634368K), 0.0017932 secs] [Times: user=0.01 sys=0.00, real=0.00 secs] 
2050.131: [GC (Allocation Failure) [PSYoungGen: 57232K->1360K(57856K)] 384043K->328171K(634368K), 0.0018782 secs] [Times: user=0.01 sys=0.00, real=0.00 secs] 
2050.395: [GC (Allocation Failure) [PSYoungGen: 57168K->1392K(57856K)] 383979K->328203K(634368K), 0.0017362 secs] [Times: user=0.00 sys=0.00, real=0.00 secs] 
2050.627: [GC (Allocation Failure) [PSYoungGen: 57200K->1376K(57856K)] 384011K->328187K(634368K), 0.0018742 secs] [Times: user=0.01 sys=0.00, real=0.00 secs] 
2050.859: [GC (Allocation Failure) [PSYoungGen: 57184K->1376K(57856K)] 383995K->328187K(634368K), 0.0017734 secs] [Times: user=0.01 sys=0.00, real=0.00 secs] 
2051.176: [GC (Allocation Failure) [PSYoungGen: 57184K->1485K(57856K)] 383995K->328312K(634368K), 0.0016853 secs] [Times: user=0.00 sys=0.00, real=0.00 secs] 
2051.499: [GC (Allocation Failure) [PSYoungGen: 57293K->1565K(57856K)] 384120K->328392K(634368K), 0.0014936 secs] [Times: user=0.01 sys=0.00, real=0.00 secs] 
2051.822: [GC (Allocation Failure) [PSYoungGen: 57373K->1565K(57856K)] 384200K->328392K(634368K), 0.0015454 secs] [Times: user=0.01 sys=0.01, real=0.00 secs] 
2052.144: [GC (Allocation Failure) [PSYoungGen: 57373K->1533K(57856K)] 384200K->328360K(634368K), 0.0015436 secs] [Times: user=0.01 sys=0.00, real=0.01 secs] 
2052.596: [GC (Allocation Failure) [PSYoungGen: 57341K->1504K(57856K)] 384168K->328339K(634368K), 0.0017556 secs] [Times: user=0.00 sys=0.00, real=0.00 secs] 
2052.876: [GC (Allocation Failure) [PSYoungGen: 57312K->1376K(57856K)] 384147K->328211K(634368K), 0.0030863 secs] [Times: user=0.02 sys=0.00, real=0.00 secs] 
2053.109: [GC (Allocation Failure) [PSYoungGen: 57184K->1376K(57856K)] 384019K->328211K(634368K), 0.0021090 secs] [Times: user=0.01 sys=0.01, real=0.00 secs] 
2053.374: [GC (Allocation Failure) [PSYoungGen: 57184K->1344K(57856K)] 384019K->328179K(634368K), 0.0022188 secs] [Times: user=0.01 sys=0.00, real=0.01 secs] 
2053.606: [GC (Allocation Failure) [PSYoungGen: 57152K->1376K(57856K)] 383987K->328211K(634368K), 0.0020584 secs] [Times: user=0.01 sys=0.00, real=0.00 secs] 
2053.924: [GC (Allocation Failure) [PSYoungGen: 57184K->1472K(57856K)] 384019K->328307K(634368K), 0.0014168 secs] [Times: user=0.01 sys=0.00, real=0.01 secs] 
2054.245: [GC (Allocation Failure) [PSYoungGen: 57280K->1565K(57856K)] 384115K->328416K(634368K), 0.0017100 secs] [Times: user=0.01 sys=0.00, real=0.00 secs] 
2054.570: [GC (Allocation Failure) [PSYoungGen: 57373K->1568K(57856K)] 384224K->328419K(634368K), 0.0015086 secs] [Times: user=0.00 sys=0.00, real=0.00 secs] 
2054.894: [GC (Allocation Failure) [PSYoungGen: 57376K->1581K(57856K)] 384227K->328432K(634368K), 0.0015690 secs] [Times: user=0.01 sys=0.00, real=0.01 secs] 
2055.216: [GC (Allocation Failure) [PSYoungGen: 57389K->1581K(57856K)] 384240K->328440K(634368K), 0.0015917 secs] [Times: user=0.01 sys=0.00, real=0.00 secs] 
2055.895: [GC (Allocation Failure) [PSYoungGen: 57389K->1392K(57856K)] 384248K->328251K(634368K), 0.0045081 secs] [Times: user=0.02 sys=0.01, real=0.01 secs] 
2056.397: [GC (Allocation Failure) [PSYoungGen: 57200K->1408K(57856K)] 384059K->328267K(634368K), 0.0025904 secs] [Times: user=0.00 sys=0.00, real=0.00 secs] 
2056.988: [GC (Allocation Failure) [PSYoungGen: 57216K->1376K(57856K)] 384075K->328235K(634368K), 0.0032270 secs] [Times: user=0.01 sys=0.00, real=0.00 secs] 
2057.635: [GC (Allocation Failure) [PSYoungGen: 57184K->1408K(57856K)] 384043K->328267K(634368K), 0.0030929 secs] [Times: user=0.02 sys=0.00, real=0.00 secs] 
2058.236: [GC (Allocation Failure) [PSYoungGen: 57216K->1344K(57856K)] 384075K->328203K(634368K), 0.0035821 secs] [Times: user=0.01 sys=0.00, real=0.00 secs] 
2058.723: [GC (Allocation Failure) [PSYoungGen: 57152K->1520K(57856K)] 384011K->328387K(634368K), 0.0015226 secs] [Times: user=0.01 sys=0.00, real=0.00 secs] 
2059.046: [GC (Allocation Failure) [PSYoungGen: 57328K->1533K(57856K)] 384195K->328400K(634368K), 0.0015354 secs] [Times: user=0.00 sys=0.00, real=0.00 secs] 
2059.434: [GC (Allocation Failure) [PSYoungGen: 57341K->1581K(57856K)] 384208K->328448K(634368K), 0.0015899 secs] [Times: user=0.00 sys=0.00, real=0.01 secs] 
2059.757: [GC (Allocation Failure) [PSYoungGen: 57364K->1565K(57856K)] 384231K->328432K(634368K), 0.0015351 secs] [Times: user=0.01 sys=0.00, real=0.00 secs] 
2060.274: [GC (Allocation Failure) [PSYoungGen: 57373K->1488K(57856K)] 384240K->328355K(634368K), 0.0032927 secs] [Times: user=0.01 sys=0.00, real=0.01 secs] 
2061.011: [GC (Allocation Failure) [PSYoungGen: 57296K->1376K(57856K)] 384163K->328243K(634368K), 0.0041763 secs] [Times: user=0.01 sys=0.00, real=0.01 secs] 
2061.832: [GC (Allocation Failure) [PSYoungGen: 57184K->1360K(57856K)] 384051K->328227K(634368K), 0.0040733 secs] [Times: user=0.02 sys=0.00, real=0.01 secs] 
2062.860: [GC (Allocation Failure) [PSYoungGen: 57168K->1376K(57856K)] 384035K->328243K(634368K), 0.0032051 secs] [Times: user=0.01 sys=0.00, real=0.00 secs] 
2063.254: [GC (Allocation Failure) [PSYoungGen: 57184K->1344K(57856K)] 384051K->328211K(634368K), 0.0022171 secs] [Times: user=0.01 sys=0.01, real=0.01 secs] 
2063.591: [GC (Allocation Failure) [PSYoungGen: 57152K->1469K(57856K)] 384019K->328336K(634368K), 0.0015918 secs] [Times: user=0.01 sys=0.00, real=0.00 secs] 
2063.914: [GC (Allocation Failure) [PSYoungGen: 57277K->1533K(57856K)] 384144K->328416K(634368K), 0.0015800 secs] [Times: user=0.01 sys=0.00, real=0.01 secs] 
2064.236: [GC (Allocation Failure) [PSYoungGen: 57341K->1565K(57856K)] 384224K->328448K(634368K), 0.0015675 secs] [Times: user=0.01 sys=0.00, real=0.00 secs] 
2064.560: [GC (Allocation Failure) [PSYoungGen: 57373K->1504K(57856K)] 384256K->328387K(634368K), 0.0015990 secs] [Times: user=0.01 sys=0.00, real=0.00 secs] 
2065.043: [GC (Allocation Failure) [PSYoungGen: 57146K->1776K(57856K)] 384029K->328659K(634368K), 0.0019638 secs] [Times: user=0.01 sys=0.00, real=0.00 secs] 
2066.295: [GC (Allocation Failure) [PSYoungGen: 57584K->1392K(57856K)] 384467K->328275K(634368K), 0.0029206 secs] [Times: user=0.01 sys=0.01, real=0.00 secs] 
2067.047: [GC (Allocation Failure) [PSYoungGen: 57200K->1376K(57856K)] 384083K->328259K(634368K), 0.0033698 secs] [Times: user=0.01 sys=0.00, real=0.00 secs] 
2067.695: [GC (Allocation Failure) [PSYoungGen: 57184K->1344K(57856K)] 384067K->328227K(634368K), 0.0027080 secs] [Times: user=0.01 sys=0.00, real=0.01 secs] 
2068.167: [GC (Allocation Failure) [PSYoungGen: 57152K->1312K(57856K)] 384035K->328195K(634368K), 0.0029023 secs] [Times: user=0.01 sys=0.00, real=0.00 secs] 
2068.673: [GC (Allocation Failure) [PSYoungGen: 57120K->1405K(57856K)] 384003K->328288K(634368K), 0.0026113 secs] [Times: user=0.01 sys=0.00, real=0.01 secs] 
2069.059: [GC (Allocation Failure) [PSYoungGen: 57213K->1565K(57856K)] 384096K->328464K(634368K), 0.0015468 secs] [Times: user=0.01 sys=0.00, real=0.00 secs] 
2069.384: [GC (Allocation Failure) [PSYoungGen: 57373K->1549K(57856K)] 384272K->328480K(634368K), 0.0015150 secs] [Times: user=0.00 sys=0.00, real=0.01 secs] 
2069.765: [GC (Allocation Failure) [PSYoungGen: 57357K->1565K(57856K)] 384288K->328496K(634368K), 0.0015636 secs] [Times: user=0.01 sys=0.00, real=0.00 secs] 
2070.152: [GC (Allocation Failure) [PSYoungGen: 57373K->1568K(57856K)] 384304K->328499K(634368K), 0.0015974 secs] [Times: user=0.01 sys=0.00, real=0.00 secs] 
2070.684: [GC (Allocation Failure) [PSYoungGen: 57376K->1440K(57856K)] 384307K->328371K(634368K), 0.0034128 secs] [Times: user=0.02 sys=0.00, real=0.01 secs] 
2071.061: [GC (Allocation Failure) [PSYoungGen: 57248K->1392K(57856K)] 384179K->328323K(634368K), 0.0020911 secs] [Times: user=0.01 sys=0.00, real=0.00 secs] 
2071.312: [GC (Allocation Failure) [PSYoungGen: 57200K->1408K(57856K)] 384131K->328339K(634368K), 0.0019774 secs] [Times: user=0.01 sys=0.00, real=0.00 secs] 
2071.544: [GC (Allocation Failure) [PSYoungGen: 57216K->1408K(57856K)] 384147K->328339K(634368K), 0.0022185 secs] [Times: user=0.01 sys=0.00, real=0.01 secs] 
2071.776: [GC (Allocation Failure) [PSYoungGen: 57216K->1360K(57856K)] 384147K->328291K(634368K), 0.0018240 secs] [Times: user=0.00 sys=0.00, real=0.00 secs] 
2072.089: [GC (Allocation Failure) [PSYoungGen: 57168K->1533K(57856K)] 384099K->328472K(634368K), 0.0014622 secs] [Times: user=0.01 sys=0.00, real=0.00 secs] 
2072.470: [GC (Allocation Failure) [PSYoungGen: 57341K->1549K(57856K)] 384280K->328488K(634368K), 0.0015687 secs] [Times: user=0.01 sys=0.00, real=0.00 secs] 
2072.857: [GC (Allocation Failure) [PSYoungGen: 57357K->1565K(57856K)] 384296K->328504K(634368K), 0.0015664 secs] [Times: user=0.01 sys=0.00, real=0.00 secs] 
2073.240: [GC (Allocation Failure) [PSYoungGen: 57373K->1581K(57856K)] 384312K->328520K(634368K), 0.0015799 secs] [Times: user=0.00 sys=0.00, real=0.00 secs] 
2073.637: [GC (Allocation Failure) [PSYoungGen: 57389K->1520K(57856K)] 384328K->328459K(634368K), 0.0020076 secs] [Times: user=0.01 sys=0.00, real=0.00 secs] 
2073.873: [GC (Allocation Failure) [PSYoungGen: 57328K->1376K(57856K)] 384267K->328315K(634368K), 0.0021792 secs] [Times: user=0.01 sys=0.00, real=0.01 secs] 
2074.103: [GC (Allocation Failure) [PSYoungGen: 57184K->1376K(57856K)] 384123K->328315K(634368K), 0.0019765 secs] [Times: user=0.00 sys=0.00, real=0.00 secs] 
2074.413: [GC (Allocation Failure) [PSYoungGen: 57184K->1440K(57856K)] 384123K->328379K(634368K), 0.0019248 secs] [Times: user=0.01 sys=0.00, real=0.00 secs] 
2074.644: [GC (Allocation Failure) [PSYoungGen: 57248K->1408K(57856K)] 384187K->328347K(634368K), 0.0018519 secs] [Times: user=0.01 sys=0.00, real=0.01 secs] 
2074.967: [GC (Allocation Failure) [PSYoungGen: 57216K->1517K(57856K)] 384155K->328456K(634368K), 0.0014664 secs] [Times: user=0.01 sys=0.00, real=0.00 secs] 
2075.289: [GC (Allocation Failure) [PSYoungGen: 57325K->1533K(57856K)] 384264K->328488K(634368K), 0.0015567 secs] [Times: user=0.01 sys=0.00, real=0.00 secs] 
2075.611: [GC (Allocation Failure) [PSYoungGen: 57341K->1533K(57856K)] 384296K->328488K(634368K), 0.0017270 secs] [Times: user=0.01 sys=0.00, real=0.00 secs] 
2075.934: [GC (Allocation Failure) [PSYoungGen: 57341K->1533K(57856K)] 384296K->328488K(634368K), 0.0015476 secs] [Times: user=0.01 sys=0.00, real=0.01 secs] 
2076.259: [GC (Allocation Failure) [PSYoungGen: 57341K->1533K(57856K)] 384296K->328488K(634368K), 0.0015712 secs] [Times: user=0.00 sys=0.00, real=0.00 secs] 
2076.611: [GC (Allocation Failure) [PSYoungGen: 57341K->1408K(57856K)] 384296K->328363K(634368K), 0.0019988 secs] [Times: user=0.01 sys=0.00, real=0.00 secs] 
2076.940: [GC (Allocation Failure) [PSYoungGen: 57216K->1360K(57856K)] 384171K->328315K(634368K), 0.0020537 secs] [Times: user=0.01 sys=0.00, real=0.00 secs] 
2077.172: [GC (Allocation Failure) [PSYoungGen: 57168K->1344K(57856K)] 384123K->328299K(634368K), 0.0020031 secs] [Times: user=0.00 sys=0.00, real=0.00 secs] 
2077.473: [GC (Allocation Failure) [PSYoungGen: 57152K->1440K(57856K)] 384107K->328395K(634368K), 0.0018133 secs] [Times: user=0.01 sys=0.00, real=0.00 secs] 
2077.824: [GC (Allocation Failure) [PSYoungGen: 57248K->1344K(57856K)] 384203K->328299K(634368K), 0.0018718 secs] [Times: user=0.01 sys=0.00, real=0.01 secs] 
2078.183: [GC (Allocation Failure) [PSYoungGen: 57152K->1501K(57856K)] 384107K->328472K(634368K), 0.0015236 secs] [Times: user=0.01 sys=0.00, real=0.00 secs] 
2078.511: [GC (Allocation Failure) [PSYoungGen: 57309K->1517K(57856K)] 384280K->328488K(634368K), 0.0015458 secs] [Times: user=0.01 sys=0.00, real=0.00 secs] 
2078.834: [GC (Allocation Failure) [PSYoungGen: 57325K->1600K(57856K)] 384296K->328571K(634368K), 0.0015458 secs] [Times: user=0.01 sys=0.00, real=0.01 secs] 
2079.159: [GC (Allocation Failure) [PSYoungGen: 57408K->1549K(57856K)] 384379K->328520K(634368K), 0.0015307 secs] [Times: user=0.01 sys=0.00, real=0.00 secs] 
2079.566: [GC (Allocation Failure) [PSYoungGen: 57357K->1472K(57856K)] 384328K->328443K(634368K), 0.0019975 secs] [Times: user=0.01 sys=0.00, real=0.00 secs] 
2079.832: [GC (Allocation Failure) [PSYoungGen: 57280K->1376K(57856K)] 384251K->328347K(634368K), 0.0019012 secs] [Times: user=0.01 sys=0.00, real=0.00 secs] 
2080.065: [GC (Allocation Failure) [PSYoungGen: 57184K->1376K(57856K)] 384155K->328347K(634368K), 0.0030604 secs] [Times: user=0.01 sys=0.00, real=0.00 secs] 
2080.298: [GC (Allocation Failure) [PSYoungGen: 57184K->1408K(57856K)] 384155K->328379K(634368K), 0.0022866 secs] [Times: user=0.01 sys=0.00, real=0.00 secs] 
2080.531: [GC (Allocation Failure) [PSYoungGen: 57216K->1408K(57856K)] 384187K->328379K(634368K), 0.0019263 secs] [Times: user=0.01 sys=0.00, real=0.00 secs] 
2080.820: [GC (Allocation Failure) [PSYoungGen: 57216K->1485K(57856K)] 384187K->328456K(634368K), 0.0015735 secs] [Times: user=0.01 sys=0.00, real=0.00 secs] 
2081.143: [GC (Allocation Failure) [PSYoungGen: 57293K->1565K(57856K)] 384264K->328552K(634368K), 0.0015226 secs] [Times: user=0.00 sys=0.00, real=0.00 secs] 
2081.466: [GC (Allocation Failure) [PSYoungGen: 57373K->1565K(57856K)] 384360K->328552K(634368K), 0.0014927 secs] [Times: user=0.01 sys=0.00, real=0.00 secs] 
2081.856: [GC (Allocation Failure) [PSYoungGen: 57373K->1501K(57856K)] 384360K->328488K(634368K), 0.0016133 secs] [Times: user=0.01 sys=0.00, real=0.00 secs] 
2082.259: [GC (Allocation Failure) [PSYoungGen: 57108K->2032K(57856K)] 384096K->329019K(634368K), 0.0017611 secs] [Times: user=0.01 sys=0.00, real=0.00 secs] 
2082.489: [GC (Allocation Failure) [PSYoungGen: 57840K->1408K(57856K)] 384827K->328395K(634368K), 0.0019925 secs] [Times: user=0.00 sys=0.00, real=0.00 secs] 
2082.855: [GC (Allocation Failure) [PSYoungGen: 57216K->1376K(57856K)] 384203K->328371K(634368K), 0.0019123 secs] [Times: user=0.01 sys=0.00, real=0.01 secs] 
2083.366: [GC (Allocation Failure) [PSYoungGen: 57184K->1312K(57856K)] 384179K->328307K(634368K), 0.0020361 secs] [Times: user=0.01 sys=0.00, real=0.00 secs] 
2083.798: [GC (Allocation Failure) [PSYoungGen: 57120K->1376K(57856K)] 384115K->328371K(634368K), 0.0020039 secs] [Times: user=0.01 sys=0.00, real=0.00 secs] 
2084.302: [GC (Allocation Failure) [PSYoungGen: 57184K->1472K(57856K)] 384179K->328467K(634368K), 0.0038760 secs] [Times: user=0.01 sys=0.00, real=0.01 secs] 
2084.732: [GC (Allocation Failure) [PSYoungGen: 57280K->1504K(57856K)] 384275K->328515K(634368K), 0.0015507 secs] [Times: user=0.01 sys=0.00, real=0.00 secs] 
2085.056: [GC (Allocation Failure) [PSYoungGen: 57312K->1568K(57856K)] 384323K->328579K(634368K), 0.0015481 secs] [Times: user=0.01 sys=0.00, real=0.00 secs] 
2085.378: [GC (Allocation Failure) [PSYoungGen: 57376K->1533K(57856K)] 384387K->328544K(634368K), 0.0017169 secs] [Times: user=0.00 sys=0.00, real=0.00 secs] 
2085.701: [GC (Allocation Failure) [PSYoungGen: 57341K->1533K(57856K)] 384352K->328544K(634368K), 0.0015195 secs] [Times: user=0.00 sys=0.00, real=0.00 secs] 
2086.140: [GC (Allocation Failure) [PSYoungGen: 57341K->1376K(57856K)] 384352K->328403K(634368K), 0.0028581 secs] [Times: user=0.01 sys=0.00, real=0.00 secs] 
2086.402: [GC (Allocation Failure) [PSYoungGen: 57184K->1376K(57856K)] 384211K->328403K(634368K), 0.0018842 secs] [Times: user=0.01 sys=0.00, real=0.00 secs] 
2086.706: [GC (Allocation Failure) [PSYoungGen: 57184K->1408K(57856K)] 384211K->328435K(634368K), 0.0019376 secs] [Times: user=0.01 sys=0.00, real=0.00 secs] 
2087.063: [GC (Allocation Failure) [PSYoungGen: 57216K->1376K(57856K)] 384243K->328403K(634368K), 0.0017939 secs] [Times: user=0.01 sys=0.00, real=0.01 secs] 
2087.436: [GC (Allocation Failure) [PSYoungGen: 57184K->1376K(57856K)] 384211K->328403K(634368K), 0.0018240 secs] [Times: user=0.01 sys=0.00, real=0.00 secs] 
2088.082: [GC (Allocation Failure) [PSYoungGen: 57184K->1501K(57856K)] 384211K->328544K(634368K), 0.0014847 secs] [Times: user=0.01 sys=0.00, real=0.00 secs] 
2088.409: [GC (Allocation Failure) [PSYoungGen: 57309K->1533K(57856K)] 384352K->328576K(634368K), 0.0015568 secs] [Times: user=0.01 sys=0.00, real=0.00 secs] 
2088.732: [GC (Allocation Failure) [PSYoungGen: 57341K->1501K(57856K)] 384384K->328544K(634368K), 0.0015402 secs] [Times: user=0.01 sys=0.00, real=0.00 secs] 
2089.057: [GC (Allocation Failure) [PSYoungGen: 57309K->1581K(57856K)] 384352K->328624K(634368K), 0.0015488 secs] [Times: user=0.01 sys=0.00, real=0.00 secs] 
2089.626: [GC (Allocation Failure) [PSYoungGen: 57389K->1504K(57856K)] 384432K->328547K(634368K), 0.0019595 secs] [Times: user=0.01 sys=0.00, real=0.00 secs] 
2090.062: [GC (Allocation Failure) [PSYoungGen: 57312K->1376K(57856K)] 384355K->328419K(634368K), 0.0020679 secs] [Times: user=0.01 sys=0.00, real=0.00 secs] 
2090.507: [GC (Allocation Failure) [PSYoungGen: 57184K->1376K(57856K)] 384227K->328419K(634368K), 0.0031956 secs] [Times: user=0.01 sys=0.00, real=0.00 secs] 
2090.986: [GC (Allocation Failure) [PSYoungGen: 57184K->1344K(57856K)] 384227K->328387K(634368K), 0.0031191 secs] [Times: user=0.02 sys=0.00, real=0.00 secs] 
2091.405: [GC (Allocation Failure) [PSYoungGen: 57152K->1392K(57856K)] 384195K->328435K(634368K), 0.0035072 secs] [Times: user=0.01 sys=0.00, real=0.00 secs] 
2091.877: [GC (Allocation Failure) [PSYoungGen: 57200K->1501K(57856K)] 384243K->328544K(634368K), 0.0015277 secs] [Times: user=0.01 sys=0.00, real=0.00 secs] 
2092.199: [GC (Allocation Failure) [PSYoungGen: 57309K->1549K(57856K)] 384352K->328608K(634368K), 0.0015564 secs] [Times: user=0.00 sys=0.00, real=0.00 secs] 
2092.523: [GC (Allocation Failure) [PSYoungGen: 57357K->1581K(57856K)] 384416K->328640K(634368K), 0.0015685 secs] [Times: user=0.00 sys=0.00, real=0.00 secs] 
2092.846: [GC (Allocation Failure) [PSYoungGen: 57389K->1565K(57856K)] 384448K->328624K(634368K), 0.0015322 secs] [Times: user=0.01 sys=0.00, real=0.00 secs] 
2093.233: [GC (Allocation Failure) [PSYoungGen: 57373K->1581K(57856K)] 384432K->328640K(634368K), 0.0015762 secs] [Times: user=0.01 sys=0.00, real=0.01 secs] 
2093.552: [GC (Allocation Failure) [PSYoungGen: 57389K->1440K(57856K)] 384448K->328499K(634368K), 0.0019471 secs] [Times: user=0.01 sys=0.00, real=0.00 secs] 
2093.784: [GC (Allocation Failure) [PSYoungGen: 57248K->1376K(57856K)] 384307K->328435K(634368K), 0.0019779 secs] [Times: user=0.00 sys=0.00, real=0.01 secs] 
2094.019: [GC (Allocation Failure) [PSYoungGen: 57184K->1344K(57856K)] 384243K->328403K(634368K), 0.0020876 secs] [Times: user=0.01 sys=0.00, real=0.00 secs] 
2094.406: [GC (Allocation Failure) [PSYoungGen: 57152K->1376K(57856K)] 384211K->328435K(634368K), 0.0021846 secs] [Times: user=0.01 sys=0.00, real=0.00 secs] 
2094.826: [GC (Allocation Failure) [PSYoungGen: 57184K->1344K(57856K)] 384243K->328403K(634368K), 0.0020977 secs] [Times: user=0.01 sys=0.00, real=0.00 secs] 
2095.234: [GC (Allocation Failure) [PSYoungGen: 57152K->1501K(57856K)] 384211K->328576K(634368K), 0.0015332 secs] [Times: user=0.01 sys=0.00, real=0.01 secs] 
2095.558: [GC (Allocation Failure) [PSYoungGen: 57309K->1565K(57856K)] 384384K->328640K(634368K), 0.0015969 secs] [Times: user=0.01 sys=0.00, real=0.00 secs] 
2095.880: [GC (Allocation Failure) [PSYoungGen: 57373K->1536K(57856K)] 384448K->328643K(634368K), 0.0015315 secs] [Times: user=0.00 sys=0.00, real=0.00 secs] 
2096.205: [GC (Allocation Failure) [PSYoungGen: 57344K->1549K(57856K)] 384451K->328656K(634368K), 0.0015306 secs] [Times: user=0.01 sys=0.00, real=0.00 secs] 
2096.655: [GC (Allocation Failure) [PSYoungGen: 57357K->1440K(57856K)] 384464K->328547K(634368K), 0.0019108 secs] [Times: user=0.01 sys=0.00, real=0.00 secs] 
2097.176: [GC (Allocation Failure) [PSYoungGen: 57248K->1376K(57856K)] 384355K->328483K(634368K), 0.0018648 secs] [Times: user=0.01 sys=0.00, real=0.00 secs] 
2097.725: [GC (Allocation Failure) [PSYoungGen: 57184K->1376K(57856K)] 384291K->328483K(634368K), 0.0025726 secs] [Times: user=0.01 sys=0.00, real=0.00 secs] 
2098.217: [GC (Allocation Failure) [PSYoungGen: 57184K->1376K(57856K)] 384291K->328483K(634368K), 0.0025034 secs] [Times: user=0.01 sys=0.00, real=0.00 secs] 
2098.866: [GC (Allocation Failure) [PSYoungGen: 57184K->1312K(57856K)] 384291K->328419K(634368K), 0.0026012 secs] [Times: user=0.01 sys=0.00, real=0.00 secs] 
2099.521: [GC (Allocation Failure) [PSYoungGen: 57120K->1437K(57856K)] 384227K->328544K(634368K), 0.0014918 secs] [Times: user=0.01 sys=0.00, real=0.00 secs] 
2099.903: [GC (Allocation Failure) [PSYoungGen: 57245K->1597K(57856K)] 384352K->328712K(634368K), 0.0015954 secs] [Times: user=0.01 sys=0.00, real=0.01 secs] 
2100.227: [GC (Allocation Failure) [PSYoungGen: 57405K->1581K(57856K)] 384520K->328696K(634368K), 0.0015551 secs] [Times: user=0.00 sys=0.00, real=0.00 secs] 
2100.550: [GC (Allocation Failure) [PSYoungGen: 57389K->1549K(57856K)] 384504K->328664K(634368K), 0.0017602 secs] [Times: user=0.01 sys=0.00, real=0.00 secs] 
2100.866: [GC (Allocation Failure) [PSYoungGen: 57357K->2000K(57856K)] 384472K->329115K(634368K), 0.0018106 secs] [Times: user=0.01 sys=0.00, real=0.00 secs] 
2101.108: [GC (Allocation Failure) [PSYoungGen: 57808K->1344K(57856K)] 384923K->328459K(634368K), 0.0027062 secs] [Times: user=0.01 sys=0.00, real=0.00 secs] 
2101.337: [GC (Allocation Failure) [PSYoungGen: 57152K->1328K(57856K)] 384267K->328443K(634368K), 0.0019538 secs] [Times: user=0.01 sys=0.00, real=0.00 secs] 
2101.568: [GC (Allocation Failure) [PSYoungGen: 57136K->1408K(57856K)] 384251K->328523K(634368K), 0.0019593 secs] [Times: user=0.00 sys=0.00, real=0.00 secs] 
2101.800: [GC (Allocation Failure) [PSYoungGen: 57216K->1376K(57856K)] 384331K->328491K(634368K), 0.0019586 secs] [Times: user=0.00 sys=0.00, real=0.00 secs] 
2102.075: [GC (Allocation Failure) [PSYoungGen: 57184K->1469K(57856K)] 384299K->328584K(634368K), 0.0018507 secs] [Times: user=0.01 sys=0.01, real=0.01 secs] 
2102.402: [GC (Allocation Failure) [PSYoungGen: 57277K->1597K(57856K)] 384392K->328728K(634368K), 0.0016014 secs] [Times: user=0.01 sys=0.00, real=0.00 secs] 
2102.726: [GC (Allocation Failure) [PSYoungGen: 57405K->1581K(57856K)] 384536K->328712K(634368K), 0.0015055 secs] [Times: user=0.01 sys=0.00, real=0.00 secs] 
2103.048: [GC (Allocation Failure) [PSYoungGen: 57389K->1565K(57856K)] 384520K->328696K(634368K), 0.0015546 secs] [Times: user=0.00 sys=0.01, real=0.00 secs] 
2103.375: [GC (Allocation Failure) [PSYoungGen: 57373K->1565K(57856K)] 384504K->328696K(634368K), 0.0015185 secs] [Times: user=0.00 sys=0.00, real=0.00 secs] 
2103.654: [GC (Allocation Failure) [PSYoungGen: 57373K->1456K(57856K)] 384504K->328587K(634368K), 0.0016489 secs] [Times: user=0.00 sys=0.00, real=0.01 secs] 
2103.885: [GC (Allocation Failure) [PSYoungGen: 57264K->1376K(57856K)] 384395K->328507K(634368K), 0.0013585 secs] [Times: user=0.00 sys=0.00, real=0.00 secs] 
2104.116: [GC (Allocation Failure) [PSYoungGen: 57184K->1408K(57856K)] 384315K->328539K(634368K), 0.0015483 secs] [Times: user=0.01 sys=0.00, real=0.00 secs] 
2104.347: [GC (Allocation Failure) [PSYoungGen: 57216K->1408K(57856K)] 384347K->328539K(634368K), 0.0021190 secs] [Times: user=0.01 sys=0.00, real=0.00 secs] 
2104.583: [GC (Allocation Failure) [PSYoungGen: 57216K->1344K(57856K)] 384347K->328483K(634368K), 0.0024594 secs] [Times: user=0.01 sys=0.00, real=0.01 secs] 
2104.927: [GC (Allocation Failure) [PSYoungGen: 57152K->1501K(57856K)] 384291K->328648K(634368K), 0.0014540 secs] [Times: user=0.01 sys=0.00, real=0.00 secs] 
2105.252: [GC (Allocation Failure) [PSYoungGen: 57309K->1581K(57856K)] 384456K->328728K(634368K), 0.0015245 secs] [Times: user=0.00 sys=0.00, real=0.00 secs] 
2105.577: [GC (Allocation Failure) [PSYoungGen: 57389K->1517K(57856K)] 384536K->328664K(634368K), 0.0015293 secs] [Times: user=0.01 sys=0.00, real=0.00 secs] 
2105.899: [GC (Allocation Failure) [PSYoungGen: 57325K->1568K(57856K)] 384472K->328715K(634368K), 0.0015354 secs] [Times: user=0.01 sys=0.00, real=0.00 secs] 
2106.332: [GC (Allocation Failure) [PSYoungGen: 57376K->1488K(57856K)] 384523K->328635K(634368K), 0.0018562 secs] [Times: user=0.01 sys=0.00, real=0.00 secs] 
2106.786: [GC (Allocation Failure) [PSYoungGen: 57296K->1376K(57856K)] 384443K->328523K(634368K), 0.0018246 secs] [Times: user=0.00 sys=0.00, real=0.00 secs] 
2107.256: [GC (Allocation Failure) [PSYoungGen: 57184K->1408K(57856K)] 384331K->328555K(634368K), 0.0017894 secs] [Times: user=0.01 sys=0.00, real=0.00 secs] 
2107.789: [GC (Allocation Failure) [PSYoungGen: 57216K->1376K(57856K)] 384363K->328523K(634368K), 0.0022098 secs] [Times: user=0.00 sys=0.00, real=0.00 secs] 
2108.311: [GC (Allocation Failure) [PSYoungGen: 57184K->1344K(57856K)] 384331K->328491K(634368K), 0.0021491 secs] [Times: user=0.01 sys=0.00, real=0.00 secs] 
2108.939: [GC (Allocation Failure) [PSYoungGen: 57152K->1469K(57856K)] 384299K->328616K(634368K), 0.0018147 secs] [Times: user=0.00 sys=0.00, real=0.00 secs] 
2109.325: [GC (Allocation Failure) [PSYoungGen: 57277K->1520K(57856K)] 384424K->328683K(634368K), 0.0015723 secs] [Times: user=0.01 sys=0.00, real=0.01 secs] 
2109.646: [GC (Allocation Failure) [PSYoungGen: 57328K->1549K(57856K)] 384491K->328712K(634368K), 0.0015693 secs] [Times: user=0.01 sys=0.00, real=0.00 secs] 
2109.968: [GC (Allocation Failure) [PSYoungGen: 57357K->1565K(57856K)] 384520K->328728K(634368K), 0.0015984 secs] [Times: user=0.00 sys=0.00, real=0.00 secs] 
2110.348: [GC (Allocation Failure) [PSYoungGen: 57373K->1584K(57856K)] 384536K->328747K(634368K), 0.0015538 secs] [Times: user=0.01 sys=0.00, real=0.00 secs] 
2111.226: [GC (Allocation Failure) [PSYoungGen: 57392K->1440K(57856K)] 384555K->328603K(634368K), 0.0032684 secs] [Times: user=0.01 sys=0.00, real=0.00 secs] 
2111.724: [GC (Allocation Failure) [PSYoungGen: 57248K->1344K(57856K)] 384411K->328507K(634368K), 0.0032294 secs] [Times: user=0.01 sys=0.00, real=0.01 secs] 
2112.171: [GC (Allocation Failure) [PSYoungGen: 57152K->1376K(57856K)] 384315K->328539K(634368K), 0.0025054 secs] [Times: user=0.01 sys=0.00, real=0.00 secs] 
2112.572: [GC (Allocation Failure) [PSYoungGen: 57184K->1376K(57856K)] 384347K->328539K(634368K), 0.0020247 secs] [Times: user=0.00 sys=0.00, real=0.00 secs] 
2112.977: [GC (Allocation Failure) [PSYoungGen: 57184K->1408K(57856K)] 384347K->328571K(634368K), 0.0017125 secs] [Times: user=0.01 sys=0.00, real=0.00 secs] 
2113.403: [GC (Allocation Failure) [PSYoungGen: 57216K->1549K(57856K)] 384379K->328728K(634368K), 0.0015403 secs] [Times: user=0.01 sys=0.00, real=0.00 secs] 
2113.729: [GC (Allocation Failure) [PSYoungGen: 57357K->1565K(57856K)] 384536K->328744K(634368K), 0.0015368 secs] [Times: user=0.01 sys=0.00, real=0.00 secs] 
2114.054: [GC (Allocation Failure) [PSYoungGen: 57373K->1581K(57856K)] 384552K->328760K(634368K), 0.0015720 secs] [Times: user=0.01 sys=0.00, real=0.01 secs] 
2114.377: [GC (Allocation Failure) [PSYoungGen: 57389K->1565K(57856K)] 384568K->328744K(634368K), 0.0015492 secs] [Times: user=0.00 sys=0.00, real=0.00 secs] 
2115.186: [GC (Allocation Failure) [PSYoungGen: 57373K->1440K(57856K)] 384552K->328619K(634368K), 0.0028144 secs] [Times: user=0.01 sys=0.01, real=0.00 secs] 
2115.961: [GC (Allocation Failure) [PSYoungGen: 57248K->1376K(57856K)] 384427K->328555K(634368K), 0.0030448 secs] [Times: user=0.01 sys=0.00, real=0.00 secs] 
2116.663: [GC (Allocation Failure) [PSYoungGen: 57184K->1408K(57856K)] 384363K->328587K(634368K), 0.0034154 secs] [Times: user=0.01 sys=0.00, real=0.01 secs] 
2117.275: [GC (Allocation Failure) [PSYoungGen: 57216K->1376K(57856K)] 384395K->328555K(634368K), 0.0032657 secs] [Times: user=0.01 sys=0.00, real=0.00 secs] 
2117.728: [GC (Allocation Failure) [PSYoungGen: 57184K->1344K(57856K)] 384363K->328523K(634368K), 0.0037026 secs] [Times: user=0.01 sys=0.00, real=0.00 secs] 
2118.186: [GC (Allocation Failure) [PSYoungGen: 57152K->1501K(57856K)] 384331K->328680K(634368K), 0.0017151 secs] [Times: user=0.01 sys=0.00, real=0.00 secs] 
2118.511: [GC (Allocation Failure) [PSYoungGen: 57309K->1536K(57856K)] 384488K->328739K(634368K), 0.0015440 secs] [Times: user=0.00 sys=0.00, real=0.00 secs] 
2118.845: [GC (Allocation Failure) [PSYoungGen: 57344K->1533K(57856K)] 384547K->328736K(634368K), 0.0015413 secs] [Times: user=0.01 sys=0.00, real=0.01 secs] 
2119.171: [GC (Allocation Failure) [PSYoungGen: 57341K->1565K(57856K)] 384544K->328768K(634368K), 0.0015438 secs] [Times: user=0.01 sys=0.00, real=0.00 secs] 
2119.645: [GC (Allocation Failure) [PSYoungGen: 57373K->1760K(57856K)] 384576K->328963K(634368K), 0.0020269 secs] [Times: user=0.00 sys=0.00, real=0.01 secs] 
2121.909: [GC (Allocation Failure) [PSYoungGen: 57568K->1408K(57856K)] 384771K->328611K(634368K), 0.0039639 secs] [Times: user=0.02 sys=0.00, real=0.00 secs] 
2122.880: [GC (Allocation Failure) [PSYoungGen: 57216K->1376K(57856K)] 384419K->328579K(634368K), 0.0029751 secs] [Times: user=0.01 sys=0.00, real=0.00 secs] 
2123.181: [GC (Allocation Failure) [PSYoungGen: 57184K->1376K(57856K)] 384387K->328579K(634368K), 0.0022884 secs] [Times: user=0.01 sys=0.00, real=0.00 secs] 
2123.475: [GC (Allocation Failure) [PSYoungGen: 57184K->1408K(57856K)] 384387K->328611K(634368K), 0.0019137 secs] [Times: user=0.00 sys=0.00, real=0.00 secs] 
2123.788: [GC (Allocation Failure) [PSYoungGen: 57216K->1469K(57856K)] 384419K->328672K(634368K), 0.0019687 secs] [Times: user=0.00 sys=0.00, real=0.00 secs] 
2124.122: [GC (Allocation Failure) [PSYoungGen: 57277K->1533K(57856K)] 384480K->328760K(634368K), 0.0015919 secs] [Times: user=0.01 sys=0.00, real=0.00 secs] 
2124.446: [GC (Allocation Failure) [PSYoungGen: 57341K->1533K(57856K)] 384568K->328760K(634368K), 0.0015789 secs] [Times: user=0.00 sys=0.00, real=0.00 secs] 
2124.769: [GC (Allocation Failure) [PSYoungGen: 57341K->1504K(57856K)] 384568K->328731K(634368K), 0.0015849 secs] [Times: user=0.01 sys=0.00, real=0.00 secs] 
2125.092: [GC (Allocation Failure) [PSYoungGen: 57312K->1581K(57856K)] 384539K->328808K(634368K), 0.0015539 secs] [Times: user=0.00 sys=0.00, real=0.00 secs] 
2127.429: [GC (Allocation Failure) [PSYoungGen: 57389K->1424K(57856K)] 384616K->328651K(634368K), 0.0031235 secs] [Times: user=0.02 sys=0.00, real=0.00 secs] 
2128.500: [GC (Allocation Failure) [PSYoungGen: 57232K->1328K(57856K)] 384459K->328555K(634368K), 0.0031900 secs] [Times: user=0.01 sys=0.00, real=0.00 secs] 
2129.160: [GC (Allocation Failure) [PSYoungGen: 57136K->1376K(57856K)] 384363K->328603K(634368K), 0.0025273 secs] [Times: user=0.01 sys=0.00, real=0.00 secs] 
2129.907: [GC (Allocation Failure) [PSYoungGen: 57184K->1408K(57856K)] 384411K->328635K(634368K), 0.0028281 secs] [Times: user=0.01 sys=0.00, real=0.00 secs] 
2130.833: [GC (Allocation Failure) [PSYoungGen: 57216K->1408K(57856K)] 384443K->328635K(634368K), 0.0026922 secs] [Times: user=0.01 sys=0.00, real=0.01 secs] 
2131.484: [GC (Allocation Failure) [PSYoungGen: 57216K->1565K(57856K)] 384443K->328800K(634368K), 0.0015604 secs] [Times: user=0.00 sys=0.00, real=0.01 secs] 
2131.808: [GC (Allocation Failure) [PSYoungGen: 57373K->1501K(57856K)] 384608K->328744K(634368K), 0.0015851 secs] [Times: user=0.01 sys=0.00, real=0.00 secs] 
2132.132: [GC (Allocation Failure) [PSYoungGen: 57309K->1584K(57856K)] 384552K->328827K(634368K), 0.0015742 secs] [Times: user=0.00 sys=0.00, real=0.00 secs] 
2132.455: [GC (Allocation Failure) [PSYoungGen: 57392K->1613K(57856K)] 384635K->328856K(634368K), 0.0015224 secs] [Times: user=0.01 sys=0.00, real=0.00 secs] 
2132.882: [GC (Allocation Failure) [PSYoungGen: 57421K->1504K(57856K)] 384664K->328747K(634368K), 0.0019898 secs] [Times: user=0.00 sys=0.00, real=0.00 secs] 
2133.357: [GC (Allocation Failure) [PSYoungGen: 57312K->1440K(57856K)] 384555K->328683K(634368K), 0.0018793 secs] [Times: user=0.00 sys=0.00, real=0.00 secs] 
2133.847: [GC (Allocation Failure) [PSYoungGen: 57248K->1376K(57856K)] 384491K->328619K(634368K), 0.0029135 secs] [Times: user=0.01 sys=0.00, real=0.00 secs] 
2134.432: [GC (Allocation Failure) [PSYoungGen: 57184K->1376K(57856K)] 384427K->328619K(634368K), 0.0029037 secs] [Times: user=0.01 sys=0.00, real=0.01 secs] 
2134.934: [GC (Allocation Failure) [PSYoungGen: 57184K->1312K(57856K)] 384427K->328555K(634368K), 0.0023976 secs] [Times: user=0.01 sys=0.00, real=0.01 secs] 
2135.406: [GC (Allocation Failure) [PSYoungGen: 57120K->1469K(57856K)] 384363K->328712K(634368K), 0.0016062 secs] [Times: user=0.01 sys=0.00, real=0.00 secs] 
2135.728: [GC (Allocation Failure) [PSYoungGen: 57277K->1565K(57856K)] 384520K->328824K(634368K), 0.0015462 secs] [Times: user=0.00 sys=0.00, real=0.00 secs] 
2136.051: [GC (Allocation Failure) [PSYoungGen: 57373K->1517K(57856K)] 384632K->328776K(634368K), 0.0015585 secs] [Times: user=0.01 sys=0.00, real=0.00 secs] 
2136.376: [GC (Allocation Failure) [PSYoungGen: 57325K->1581K(57856K)] 384584K->328840K(634368K), 0.0016527 secs] [Times: user=0.01 sys=0.00, real=0.00 secs] 
2136.700: [GC (Allocation Failure) [PSYoungGen: 57389K->1565K(57856K)] 384648K->328824K(634368K), 0.0015556 secs] [Times: user=0.01 sys=0.00, real=0.00 secs] 
2137.098: [GC (Allocation Failure) [PSYoungGen: 57373K->1376K(57856K)] 384632K->328651K(634368K), 0.0018796 secs] [Times: user=0.01 sys=0.00, real=0.00 secs] 
2137.378: [GC (Allocation Failure) [PSYoungGen: 57184K->1376K(57856K)] 384459K->328651K(634368K), 0.0019914 secs] [Times: user=0.01 sys=0.00, real=0.00 secs] 
2137.617: [GC (Allocation Failure) [PSYoungGen: 57184K->1360K(57856K)] 384459K->328635K(634368K), 0.0019909 secs] [Times: user=0.01 sys=0.00, real=0.00 secs] 
2137.924: [GC (Allocation Failure) [PSYoungGen: 57168K->1344K(57856K)] 384443K->328619K(634368K), 0.0020327 secs] [Times: user=0.01 sys=0.00, real=0.01 secs] 
2138.212: [GC (Allocation Failure) [PSYoungGen: 57152K->1376K(57856K)] 384427K->328651K(634368K), 0.0018728 secs] [Times: user=0.00 sys=0.00, real=0.00 secs] 
2138.588: [GC (Allocation Failure) [PSYoungGen: 57184K->1549K(57856K)] 384459K->328840K(634368K), 0.0015564 secs] [Times: user=0.00 sys=0.00, real=0.00 secs] 
2138.916: [GC (Allocation Failure) [PSYoungGen: 57357K->1629K(57856K)] 384648K->328920K(634368K), 0.0015999 secs] [Times: user=0.00 sys=0.00, real=0.00 secs] 
2139.244: [GC (Allocation Failure) [PSYoungGen: 57437K->1549K(57856K)] 384728K->328840K(634368K), 0.0016414 secs] [Times: user=0.01 sys=0.00, real=0.01 secs] 
2139.572: [GC (Allocation Failure) [PSYoungGen: 57357K->1533K(57856K)] 384648K->328824K(634368K), 0.0015488 secs] [Times: user=0.01 sys=0.00, real=0.00 secs] 
2139.856: [GC (Allocation Failure) [PSYoungGen: 57341K->1472K(57856K)] 384632K->328763K(634368K), 0.0017740 secs] [Times: user=0.00 sys=0.00, real=0.00 secs] 
2140.087: [GC (Allocation Failure) [PSYoungGen: 57280K->1360K(57856K)] 384571K->328651K(634368K), 0.0015738 secs] [Times: user=0.00 sys=0.00, real=0.00 secs] 
2140.319: [GC (Allocation Failure) [PSYoungGen: 57168K->1376K(57856K)] 384459K->328667K(634368K), 0.0015392 secs] [Times: user=0.01 sys=0.00, real=0.00 secs] 
2140.628: [GC (Allocation Failure) [PSYoungGen: 57184K->1392K(57856K)] 384475K->328683K(634368K), 0.0020149 secs] [Times: user=0.01 sys=0.00, real=0.00 secs] 
2141.064: [GC (Allocation Failure) [PSYoungGen: 57200K->1376K(57856K)] 384491K->328667K(634368K), 0.0025084 secs] [Times: user=0.01 sys=0.00, real=0.01 secs] 
2141.537: [GC (Allocation Failure) [PSYoungGen: 57182K->1469K(57856K)] 384473K->328760K(634368K), 0.0015079 secs] [Times: user=0.01 sys=0.00, real=0.00 secs] 
2141.860: [GC (Allocation Failure) [PSYoungGen: 57277K->1501K(57856K)] 384568K->328808K(634368K), 0.0015546 secs] [Times: user=0.01 sys=0.00, real=0.00 secs] 
2142.184: [GC (Allocation Failure) [PSYoungGen: 57309K->1565K(57856K)] 384616K->328872K(634368K), 0.0015634 secs] [Times: user=0.00 sys=0.00, real=0.01 secs] 
2142.509: [GC (Allocation Failure) [PSYoungGen: 57373K->1533K(57856K)] 384680K->328840K(634368K), 0.0015581 secs] [Times: user=0.01 sys=0.00, real=0.00 secs] 
2142.921: [GC (Allocation Failure) [PSYoungGen: 57341K->1792K(57856K)] 384648K->329099K(634368K), 0.0019710 secs] [Times: user=0.01 sys=0.00, real=0.00 secs] 
2143.436: [GC (Allocation Failure) [PSYoungGen: 57600K->1344K(57856K)] 384907K->328651K(634368K), 0.0018005 secs] [Times: user=0.01 sys=0.00, real=0.00 secs] 
2143.919: [GC (Allocation Failure) [PSYoungGen: 57152K->1376K(57856K)] 384459K->328683K(634368K), 0.0039623 secs] [Times: user=0.02 sys=0.00, real=0.00 secs] 
2144.401: [GC (Allocation Failure) [PSYoungGen: 57184K->1376K(57856K)] 384491K->328683K(634368K), 0.0021626 secs] [Times: user=0.01 sys=0.01, real=0.00 secs] 
2144.902: [GC (Allocation Failure) [PSYoungGen: 57184K->1344K(57856K)] 384491K->328651K(634368K), 0.0022573 secs] [Times: user=0.01 sys=0.00, real=0.00 secs] 
2145.380: [GC (Allocation Failure) [PSYoungGen: 57152K->1472K(57856K)] 384459K->328779K(634368K), 0.0024410 secs] [Times: user=0.01 sys=0.00, real=0.00 secs] 
2145.751: [GC (Allocation Failure) [PSYoungGen: 57280K->1533K(57856K)] 384587K->328856K(634368K), 0.0015504 secs] [Times: user=0.00 sys=0.00, real=0.00 secs] 
2146.074: [GC (Allocation Failure) [PSYoungGen: 57341K->1533K(57856K)] 384664K->328856K(634368K), 0.0015457 secs] [Times: user=0.00 sys=0.00, real=0.01 secs] 
2146.399: [GC (Allocation Failure) [PSYoungGen: 57341K->1552K(57856K)] 384664K->328875K(634368K), 0.0015579 secs] [Times: user=0.01 sys=0.00, real=0.00 secs] 
2146.782: [GC (Allocation Failure) [PSYoungGen: 57355K->1533K(57856K)] 384678K->328864K(634368K), 0.0016038 secs] [Times: user=0.01 sys=0.00, real=0.00 secs] 
2147.068: [GC (Allocation Failure) [PSYoungGen: 57341K->1408K(57856K)] 384672K->328739K(634368K), 0.0019969 secs] [Times: user=0.00 sys=0.00, real=0.00 secs] 
2147.301: [GC (Allocation Failure) [PSYoungGen: 57216K->1360K(57856K)] 384547K->328691K(634368K), 0.0019321 secs] [Times: user=0.01 sys=0.00, real=0.00 secs] 
2147.533: [GC (Allocation Failure) [PSYoungGen: 57168K->1376K(57856K)] 384499K->328707K(634368K), 0.0017402 secs] [Times: user=0.00 sys=0.00, real=0.00 secs] 
2147.764: [GC (Allocation Failure) [PSYoungGen: 57184K->1344K(57856K)] 384515K->328675K(634368K), 0.0017120 secs] [Times: user=0.00 sys=0.00, real=0.01 secs] 
2147.996: [GC (Allocation Failure) [PSYoungGen: 57152K->1344K(57856K)] 384483K->328675K(634368K), 0.0020747 secs] [Times: user=0.01 sys=0.00, real=0.00 secs] 
2148.321: [GC (Allocation Failure) [PSYoungGen: 57152K->1517K(57856K)] 384483K->328864K(634368K), 0.0017484 secs] [Times: user=0.01 sys=0.00, real=0.00 secs] 
2148.643: [GC (Allocation Failure) [PSYoungGen: 57325K->1549K(57856K)] 384672K->328896K(634368K), 0.0015016 secs] [Times: user=0.01 sys=0.00, real=0.01 secs] 
2149.033: [GC (Allocation Failure) [PSYoungGen: 57357K->1600K(57856K)] 384704K->328947K(634368K), 0.0015733 secs] [Times: user=0.01 sys=0.00, real=0.01 secs] 
2149.358: [GC (Allocation Failure) [PSYoungGen: 57408K->1597K(57856K)] 384755K->328944K(634368K), 0.0015663 secs] [Times: user=0.01 sys=0.00, real=0.00 secs] 
2150.055: [GC (Allocation Failure) [PSYoungGen: 57405K->1504K(57856K)] 384752K->328851K(634368K), 0.0035045 secs] [Times: user=0.01 sys=0.00, real=0.00 secs] 
2150.814: [GC (Allocation Failure) [PSYoungGen: 57312K->1360K(57856K)] 384659K->328707K(634368K), 0.0038923 secs] [Times: user=0.02 sys=0.00, real=0.01 secs] 
2151.279: [GC (Allocation Failure) [PSYoungGen: 57168K->1376K(57856K)] 384515K->328723K(634368K), 0.0025118 secs] [Times: user=0.01 sys=0.00, real=0.00 secs] 
2151.553: [GC (Allocation Failure) [PSYoungGen: 57184K->1408K(57856K)] 384531K->328755K(634368K), 0.0018137 secs] [Times: user=0.01 sys=0.01, real=0.01 secs] 
2151.810: [GC (Allocation Failure) [PSYoungGen: 57216K->1376K(57856K)] 384563K->328723K(634368K), 0.0026144 secs] [Times: user=0.01 sys=0.00, real=0.00 secs] 
2152.228: [GC (Allocation Failure) [PSYoungGen: 57184K->1501K(57856K)] 384531K->328848K(634368K), 0.0018977 secs] [Times: user=0.01 sys=0.00, real=0.00 secs] 
2152.556: [GC (Allocation Failure) [PSYoungGen: 57309K->1504K(57856K)] 384656K->328859K(634368K), 0.0015258 secs] [Times: user=0.01 sys=0.00, real=0.00 secs] 
2152.879: [GC (Allocation Failure) [PSYoungGen: 57312K->1533K(57856K)] 384667K->328888K(634368K), 0.0015030 secs] [Times: user=0.01 sys=0.00, real=0.00 secs] 
2153.201: [GC (Allocation Failure) [PSYoungGen: 57341K->1549K(57856K)] 384696K->328904K(634368K), 0.0015581 secs] [Times: user=0.00 sys=0.00, real=0.00 secs] 
2153.524: [GC (Allocation Failure) [PSYoungGen: 57357K->1597K(57856K)] 384712K->328952K(634368K), 0.0015612 secs] [Times: user=0.00 sys=0.00, real=0.01 secs] 
2154.480: [GC (Allocation Failure) [PSYoungGen: 57405K->1376K(57856K)] 384760K->328739K(634368K), 0.0027042 secs] [Times: user=0.01 sys=0.00, real=0.00 secs] 
2155.074: [GC (Allocation Failure) [PSYoungGen: 57184K->1440K(57856K)] 384547K->328803K(634368K), 0.0026966 secs] [Times: user=0.02 sys=0.00, real=0.01 secs] 
2155.583: [GC (Allocation Failure) [PSYoungGen: 57248K->1408K(57856K)] 384611K->328771K(634368K), 0.0026473 secs] [Times: user=0.02 sys=0.00, real=0.01 secs] 
2156.085: [GC (Allocation Failure) [PSYoungGen: 57216K->1408K(57856K)] 384579K->328771K(634368K), 0.0022821 secs] [Times: user=0.01 sys=0.00, real=0.01 secs] 
2156.543: [GC (Allocation Failure) [PSYoungGen: 57216K->1424K(57856K)] 384579K->328787K(634368K), 0.0025240 secs] [Times: user=0.01 sys=0.00, real=0.01 secs] 
2156.982: [GC (Allocation Failure) [PSYoungGen: 57232K->1549K(57856K)] 384595K->328928K(634368K), 0.0014993 secs] [Times: user=0.01 sys=0.00, real=0.00 secs] 
2157.368: [GC (Allocation Failure) [PSYoungGen: 57357K->1552K(57856K)] 384736K->328963K(634368K), 0.0015472 secs] [Times: user=0.00 sys=0.00, real=0.00 secs] 
2157.693: [GC (Allocation Failure) [PSYoungGen: 57360K->1565K(57856K)] 384771K->328976K(634368K), 0.0015659 secs] [Times: user=0.00 sys=0.00, real=0.01 secs] 
2158.016: [GC (Allocation Failure) [PSYoungGen: 57353K->1536K(57856K)] 384764K->328947K(634368K), 0.0015863 secs] [Times: user=0.01 sys=0.00, real=0.00 secs] 
2158.331: [GC (Allocation Failure) [PSYoungGen: 57344K->1504K(57856K)] 384755K->328915K(634368K), 0.0021922 secs] [Times: user=0.00 sys=0.00, real=0.00 secs] 
2158.606: [GC (Allocation Failure) [PSYoungGen: 57312K->1376K(57856K)] 384723K->328787K(634368K), 0.0018274 secs] [Times: user=0.00 sys=0.00, real=0.00 secs] 
2158.846: [GC (Allocation Failure) [PSYoungGen: 57184K->1408K(57856K)] 384595K->328819K(634368K), 0.0019306 secs] [Times: user=0.01 sys=0.00, real=0.00 secs] 
2159.078: [GC (Allocation Failure) [PSYoungGen: 57216K->1376K(57856K)] 384627K->328787K(634368K), 0.0018843 secs] [Times: user=0.01 sys=0.00, real=0.00 secs] 
2159.422: [GC (Allocation Failure) [PSYoungGen: 57184K->1344K(57856K)] 384595K->328755K(634368K), 0.0020193 secs] [Times: user=0.00 sys=0.00, real=0.00 secs] 
2159.811: [GC (Allocation Failure) [PSYoungGen: 57152K->1440K(57856K)] 384563K->328851K(634368K), 0.0014464 secs] [Times: user=0.01 sys=0.00, real=0.00 secs] 
2160.134: [GC (Allocation Failure) [PSYoungGen: 57248K->1533K(57856K)] 384659K->328968K(634368K), 0.0015484 secs] [Times: user=0.01 sys=0.00, real=0.01 secs] 
2160.458: [GC (Allocation Failure) [PSYoungGen: 57341K->1565K(57856K)] 384776K->329000K(634368K), 0.0015205 secs] [Times: user=0.01 sys=0.00, real=0.00 secs] 
2160.782: [GC (Allocation Failure) [PSYoungGen: 57373K->1533K(57856K)] 384808K->328968K(634368K), 0.0015397 secs] [Times: user=0.01 sys=0.00, real=0.00 secs] 
2161.142: [GC (Allocation Failure) [PSYoungGen: 57253K->1632K(57856K)] 384688K->329067K(634368K), 0.0017945 secs] [Times: user=0.01 sys=0.00, real=0.00 secs] 
2161.845: [GC (Allocation Failure) [PSYoungGen: 57440K->1408K(57856K)] 384875K->328843K(634368K), 0.0019780 secs] [Times: user=0.00 sys=0.00, real=0.00 secs] 
2162.115: [GC (Allocation Failure) [PSYoungGen: 57216K->1312K(57856K)] 384651K->328747K(634368K), 0.0025322 secs] [Times: user=0.00 sys=0.01, real=0.00 secs] 
2162.375: [GC (Allocation Failure) [PSYoungGen: 57120K->1424K(57856K)] 384555K->328859K(634368K), 0.0020472 secs] [Times: user=0.01 sys=0.00, real=0.00 secs] 
2162.607: [GC (Allocation Failure) [PSYoungGen: 57232K->1344K(57856K)] 384667K->328779K(634368K), 0.0018294 secs] [Times: user=0.01 sys=0.00, real=0.00 secs] 
2162.915: [GC (Allocation Failure) [PSYoungGen: 57152K->1408K(57856K)] 384587K->328843K(634368K), 0.0020414 secs] [Times: user=0.01 sys=0.00, real=0.00 secs] 
2163.255: [GC (Allocation Failure) [PSYoungGen: 57216K->1533K(57856K)] 384651K->328984K(634368K), 0.0015438 secs] [Times: user=0.00 sys=0.00, real=0.00 secs] 
2163.577: [GC (Allocation Failure) [PSYoungGen: 57341K->1584K(57856K)] 384792K->329035K(634368K), 0.0015651 secs] [Times: user=0.00 sys=0.00, real=0.00 secs] 
2163.906: [GC (Allocation Failure) [PSYoungGen: 57392K->1533K(57856K)] 384843K->328984K(634368K), 0.0015449 secs] [Times: user=0.00 sys=0.00, real=0.00 secs] 
2164.229: [GC (Allocation Failure) [PSYoungGen: 57333K->1549K(57856K)] 384785K->329000K(634368K), 0.0015556 secs] [Times: user=0.01 sys=0.00, real=0.00 secs] 
2164.574: [GC (Allocation Failure) [PSYoungGen: 57357K->1424K(57856K)] 384808K->328875K(634368K), 0.0017194 secs] [Times: user=0.01 sys=0.00, real=0.01 secs] 
2164.982: [GC (Allocation Failure) [PSYoungGen: 57232K->1376K(57856K)] 384683K->328827K(634368K), 0.0019043 secs] [Times: user=0.01 sys=0.00, real=0.00 secs] 
2165.507: [GC (Allocation Failure) [PSYoungGen: 57184K->1392K(57856K)] 384635K->328843K(634368K), 0.0018100 secs] [Times: user=0.01 sys=0.00, real=0.00 secs] 
2165.992: [GC (Allocation Failure) [PSYoungGen: 57200K->1392K(57856K)] 384651K->328843K(634368K), 0.0028345 secs] [Times: user=0.02 sys=0.00, real=0.01 secs] 
2166.516: [GC (Allocation Failure) [PSYoungGen: 57200K->1344K(57856K)] 384651K->328811K(634368K), 0.0032354 secs] [Times: user=0.01 sys=0.00, real=0.00 secs] 
2167.044: [GC (Allocation Failure) [PSYoungGen: 57152K->1533K(57856K)] 384619K->329008K(634368K), 0.0014779 secs] [Times: user=0.01 sys=0.00, real=0.01 secs] 
2167.366: [GC (Allocation Failure) [PSYoungGen: 57341K->1581K(57856K)] 384816K->329056K(634368K), 0.0015513 secs] [Times: user=0.01 sys=0.00, real=0.00 secs] 
2167.690: [GC (Allocation Failure) [PSYoungGen: 57389K->1504K(57856K)] 384864K->328979K(634368K), 0.0015458 secs] [Times: user=0.00 sys=0.00, real=0.00 secs] 
2168.013: [GC (Allocation Failure) [PSYoungGen: 57312K->1533K(57856K)] 384787K->329008K(634368K), 0.0015931 secs] [Times: user=0.00 sys=0.00, real=0.01 secs] 
2168.347: [GC (Allocation Failure) [PSYoungGen: 57341K->1456K(57856K)] 384816K->328931K(634368K), 0.0018078 secs] [Times: user=0.01 sys=0.01, real=0.00 secs] 
2168.623: [GC (Allocation Failure) [PSYoungGen: 57264K->1392K(57856K)] 384739K->328867K(634368K), 0.0017650 secs] [Times: user=0.00 sys=0.00, real=0.01 secs] 
2169.228: [GC (Allocation Failure) [PSYoungGen: 57200K->1344K(57856K)] 384675K->328819K(634368K), 0.0019742 secs] [Times: user=0.01 sys=0.00, real=0.00 secs] 
2169.968: [GC (Allocation Failure) [PSYoungGen: 57152K->1312K(57856K)] 384627K->328787K(634368K), 0.0031403 secs] [Times: user=0.01 sys=0.00, real=0.00 secs] 
2170.255: [GC (Allocation Failure) [PSYoungGen: 57120K->1517K(57856K)] 384595K->328992K(634368K), 0.0015047 secs] [Times: user=0.01 sys=0.00, real=0.00 secs] 
2170.481: [GC (Allocation Failure) [PSYoungGen: 57325K->1549K(57856K)] 384800K->329024K(634368K), 0.0015415 secs] [Times: user=0.01 sys=0.00, real=0.00 secs] 
2170.776: [GC (Allocation Failure) [PSYoungGen: 57357K->1533K(57856K)] 384832K->329024K(634368K), 0.0017970 secs] [Times: user=0.01 sys=0.00, real=0.00 secs] 
2171.080: [GC (Allocation Failure) [PSYoungGen: 57341K->1584K(57856K)] 384832K->329075K(634368K), 0.0015652 secs] [Times: user=0.00 sys=0.00, real=0.00 secs] 
2171.862: [GC (Allocation Failure) [PSYoungGen: 57392K->1392K(57856K)] 384883K->328883K(634368K), 0.0036784 secs] [Times: user=0.01 sys=0.00, real=0.01 secs] 
2172.248: [GC (Allocation Failure) [PSYoungGen: 57200K->1344K(57856K)] 384691K->328835K(634368K), 0.0020728 secs] [Times: user=0.01 sys=0.00, real=0.00 secs] 
2172.488: [GC (Allocation Failure) [PSYoungGen: 57152K->1376K(57856K)] 384643K->328867K(634368K), 0.0019153 secs] [Times: user=0.01 sys=0.00, real=0.00 secs] 
2172.719: [GC (Allocation Failure) [PSYoungGen: 57184K->1376K(57856K)] 384675K->328867K(634368K), 0.0020272 secs] [Times: user=0.01 sys=0.00, real=0.00 secs] 
2172.951: [GC (Allocation Failure) [PSYoungGen: 57184K->1376K(57856K)] 384675K->328867K(634368K), 0.0018871 secs] [Times: user=0.00 sys=0.00, real=0.00 secs] 
2173.260: [GC (Allocation Failure) [PSYoungGen: 57184K->1501K(57856K)] 384675K->328992K(634368K), 0.0014754 secs] [Times: user=0.00 sys=0.00, real=0.00 secs] 
2173.582: [GC (Allocation Failure) [PSYoungGen: 57309K->1581K(57856K)] 384800K->329080K(634368K), 0.0016706 secs] [Times: user=0.01 sys=0.00, real=0.00 secs] 
2173.907: [GC (Allocation Failure) [PSYoungGen: 57389K->1536K(57856K)] 384888K->329051K(634368K), 0.0015507 secs] [Times: user=0.01 sys=0.00, real=0.00 secs] 
2174.230: [GC (Allocation Failure) [PSYoungGen: 57344K->1565K(57856K)] 384859K->329080K(634368K), 0.0015527 secs] [Times: user=0.00 sys=0.00, real=0.00 secs] 
2174.638: [GC (Allocation Failure) [PSYoungGen: 57373K->1488K(57856K)] 384888K->329003K(634368K), 0.0018411 secs] [Times: user=0.01 sys=0.00, real=0.00 secs] 
2175.259: [GC (Allocation Failure) [PSYoungGen: 57296K->1344K(57856K)] 384811K->328867K(634368K), 0.0037937 secs] [Times: user=0.01 sys=0.00, real=0.00 secs] 
2175.855: [GC (Allocation Failure) [PSYoungGen: 57152K->1344K(57856K)] 384675K->328867K(634368K), 0.0031909 secs] [Times: user=0.01 sys=0.00, real=0.00 secs] 
2176.574: [GC (Allocation Failure) [PSYoungGen: 57152K->1376K(57856K)] 384675K->328915K(634368K), 0.0038613 secs] [Times: user=0.02 sys=0.00, real=0.01 secs] 
2177.218: [GC (Allocation Failure) [PSYoungGen: 57184K->1344K(57856K)] 384723K->328891K(634368K), 0.0038870 secs] [Times: user=0.02 sys=0.01, real=0.00 secs] 
2177.920: [GC (Allocation Failure) [PSYoungGen: 57152K->1501K(57856K)] 384699K->329048K(634368K), 0.0024010 secs] [Times: user=0.01 sys=0.00, real=0.00 secs] 
2178.291: [GC (Allocation Failure) [PSYoungGen: 57309K->1613K(57856K)] 384856K->329176K(634368K), 0.0015375 secs] [Times: user=0.00 sys=0.00, real=0.00 secs] 
2178.615: [GC (Allocation Failure) [PSYoungGen: 57421K->1565K(57856K)] 384984K->329128K(634368K), 0.0015433 secs] [Times: user=0.00 sys=0.00, real=0.00 secs] 
2178.941: [GC (Allocation Failure) [PSYoungGen: 57373K->1533K(57856K)] 384936K->329096K(634368K), 0.0025750 secs] [Times: user=0.01 sys=0.00, real=0.00 secs] 
2179.333: [GC (Allocation Failure) [PSYoungGen: 57341K->1581K(57856K)] 384904K->329144K(634368K), 0.0015396 secs] [Times: user=0.01 sys=0.00, real=0.00 secs] 
2179.596: [GC (Allocation Failure) [PSYoungGen: 57389K->1408K(57856K)] 384952K->328971K(634368K), 0.0019213 secs] [Times: user=0.01 sys=0.00, real=0.00 secs] 
2179.895: [GC (Allocation Failure) [PSYoungGen: 57216K->1376K(57856K)] 384779K->328939K(634368K), 0.0018515 secs] [Times: user=0.00 sys=0.00, real=0.00 secs] 
2180.271: [GC (Allocation Failure) [PSYoungGen: 57184K->1344K(57856K)] 384747K->328907K(634368K), 0.0041276 secs] [Times: user=0.02 sys=0.00, real=0.01 secs] 
2180.752: [GC (Allocation Failure) [PSYoungGen: 57152K->1344K(57856K)] 384715K->328907K(634368K), 0.0026787 secs] [Times: user=0.01 sys=0.00, real=0.00 secs] 
2181.191: [GC (Allocation Failure) [PSYoungGen: 57152K->1344K(57856K)] 384715K->328907K(634368K), 0.0026321 secs] [Times: user=0.01 sys=0.00, real=0.00 secs] 
2181.689: [GC (Allocation Failure) [PSYoungGen: 57152K->1501K(57856K)] 384715K->329080K(634368K), 0.0014795 secs] [Times: user=0.00 sys=0.00, real=0.00 secs] 
2182.011: [GC (Allocation Failure) [PSYoungGen: 57309K->1584K(57856K)] 384888K->329163K(634368K), 0.0015154 secs] [Times: user=0.01 sys=0.00, real=0.00 secs] 
2182.334: [GC (Allocation Failure) [PSYoungGen: 57392K->1533K(57856K)] 384971K->329112K(634368K), 0.0015466 secs] [Times: user=0.00 sys=0.00, real=0.01 secs] 
2182.659: [GC (Allocation Failure) [PSYoungGen: 57341K->1597K(57856K)] 384920K->329176K(634368K), 0.0015254 secs] [Times: user=0.00 sys=0.00, real=0.00 secs] 
2183.009: [GC (Allocation Failure) [PSYoungGen: 57405K->1504K(57856K)] 384984K->329083K(634368K), 0.0018799 secs] [Times: user=0.01 sys=0.00, real=0.00 secs] 
2183.260: [GC (Allocation Failure) [PSYoungGen: 57312K->1376K(57856K)] 384891K->328955K(634368K), 0.0018273 secs] [Times: user=0.01 sys=0.00, real=0.00 secs] 
2183.621: [GC (Allocation Failure) [PSYoungGen: 57184K->1344K(57856K)] 384763K->328923K(634368K), 0.0019509 secs] [Times: user=0.00 sys=0.00, real=0.00 secs] 
2184.245: [GC (Allocation Failure) [PSYoungGen: 57152K->1408K(57856K)] 384731K->328987K(634368K), 0.0019584 secs] [Times: user=0.00 sys=0.00, real=0.00 secs] 
2184.873: [GC (Allocation Failure) [PSYoungGen: 57216K->1376K(57856K)] 384795K->328955K(634368K), 0.0020091 secs] [Times: user=0.01 sys=0.00, real=0.00 secs] 
2185.690: [GC (Allocation Failure) [PSYoungGen: 57184K->1533K(57856K)] 384763K->329112K(634368K), 0.0014974 secs] [Times: user=0.01 sys=0.00, real=0.00 secs] 
2186.072: [GC (Allocation Failure) [PSYoungGen: 57341K->1533K(57856K)] 384920K->329128K(634368K), 0.0015793 secs] [Times: user=0.00 sys=0.00, real=0.00 secs] 
2186.397: [GC (Allocation Failure) [PSYoungGen: 57341K->1504K(57856K)] 384936K->329099K(634368K), 0.0015583 secs] [Times: user=0.01 sys=0.00, real=0.00 secs] 
2186.722: [GC (Allocation Failure) [PSYoungGen: 57312K->1549K(57856K)] 384907K->329144K(634368K), 0.0015175 secs] [Times: user=0.01 sys=0.00, real=0.00 secs] 
2187.045: [GC (Allocation Failure) [PSYoungGen: 57357K->1549K(57856K)] 384952K->329168K(634368K), 0.0015313 secs] [Times: user=0.01 sys=0.00, real=0.00 secs] 
2187.810: [GC (Allocation Failure) [PSYoungGen: 57357K->1376K(57856K)] 384976K->328995K(634368K), 0.0028155 secs] [Times: user=0.01 sys=0.00, real=0.00 secs] 
2188.594: [GC (Allocation Failure) [PSYoungGen: 57184K->1376K(57856K)] 384803K->328995K(634368K), 0.0022106 secs] [Times: user=0.01 sys=0.00, real=0.01 secs] 
2189.179: [GC (Allocation Failure) [PSYoungGen: 57184K->1376K(57856K)] 384803K->328995K(634368K), 0.0021001 secs] [Times: user=0.01 sys=0.00, real=0.00 secs] 
2189.732: [GC (Allocation Failure) [PSYoungGen: 57184K->1376K(57856K)] 384803K->328995K(634368K), 0.0020574 secs] [Times: user=0.01 sys=0.01, real=0.00 secs] 
2190.261: [GC (Allocation Failure) [PSYoungGen: 57184K->1376K(57856K)] 384803K->328995K(634368K), 0.0021917 secs] [Times: user=0.01 sys=0.00, real=0.00 secs] 
2190.633: [GC (Allocation Failure) [PSYoungGen: 57184K->1565K(57856K)] 384803K->329200K(634368K), 0.0014853 secs] [Times: user=0.00 sys=0.00, real=0.01 secs] 
2190.959: [GC (Allocation Failure) [PSYoungGen: 57373K->1565K(57856K)] 385008K->329200K(634368K), 0.0015593 secs] [Times: user=0.01 sys=0.00, real=0.00 secs] 
2191.281: [GC (Allocation Failure) [PSYoungGen: 57373K->1533K(57856K)] 385008K->329168K(634368K), 0.0015551 secs] [Times: user=0.01 sys=0.00, real=0.00 secs] 
2191.607: [GC (Allocation Failure) [PSYoungGen: 57341K->1533K(57856K)] 384976K->329168K(634368K), 0.0017234 secs] [Times: user=0.01 sys=0.00, real=0.00 secs] 
2191.957: [GC (Allocation Failure) [PSYoungGen: 57341K->1440K(57856K)] 384976K->329075K(634368K), 0.0020149 secs] [Times: user=0.01 sys=0.00, real=0.00 secs] 
2192.189: [GC (Allocation Failure) [PSYoungGen: 57248K->1376K(57856K)] 384883K->329011K(634368K), 0.0016744 secs] [Times: user=0.00 sys=0.00, real=0.00 secs] 
2192.456: [GC (Allocation Failure) [PSYoungGen: 57184K->1408K(57856K)] 384819K->329043K(634368K), 0.0017938 secs] [Times: user=0.01 sys=0.00, real=0.00 secs] 
2192.690: [GC (Allocation Failure) [PSYoungGen: 57216K->1424K(57856K)] 384851K->329059K(634368K), 0.0016803 secs] [Times: user=0.01 sys=0.00, real=0.00 secs] 
2192.921: [GC (Allocation Failure) [PSYoungGen: 57232K->1376K(57856K)] 384867K->329011K(634368K), 0.0017127 secs] [Times: user=0.01 sys=0.00, real=0.00 secs] 
2193.279: [GC (Allocation Failure) [PSYoungGen: 57184K->1533K(57856K)] 384819K->329168K(634368K), 0.0016214 secs] [Times: user=0.01 sys=0.00, real=0.00 secs] 
2193.601: [GC (Allocation Failure) [PSYoungGen: 57341K->1533K(57856K)] 384976K->329184K(634368K), 0.0015423 secs] [Times: user=0.01 sys=0.00, real=0.00 secs] 
2193.927: [GC (Allocation Failure) [PSYoungGen: 57341K->1533K(57856K)] 384992K->329184K(634368K), 0.0016655 secs] [Times: user=0.00 sys=0.00, real=0.00 secs] 
2194.254: [GC (Allocation Failure) [PSYoungGen: 57341K->1565K(57856K)] 384992K->329216K(634368K), 0.0015403 secs] [Times: user=0.01 sys=0.00, real=0.01 secs] 
2194.574: [GC (Allocation Failure) [PSYoungGen: 57373K->1504K(57856K)] 385024K->329155K(634368K), 0.0017462 secs] [Times: user=0.00 sys=0.00, real=0.01 secs] 
2194.807: [GC (Allocation Failure) [PSYoungGen: 57312K->1376K(57856K)] 384963K->329027K(634368K), 0.0017550 secs] [Times: user=0.01 sys=0.00, real=0.00 secs] 
2195.038: [GC (Allocation Failure) [PSYoungGen: 57184K->1344K(57856K)] 384835K->329019K(634368K), 0.0017979 secs] [Times: user=0.00 sys=0.00, real=0.00 secs] 
2195.271: [GC (Allocation Failure) [PSYoungGen: 57152K->1408K(57856K)] 384827K->329083K(634368K), 0.0026408 secs] [Times: user=0.01 sys=0.00, real=0.00 secs] 
2195.504: [GC (Allocation Failure) [PSYoungGen: 57216K->1408K(57856K)] 384891K->329083K(634368K), 0.0021545 secs] [Times: user=0.01 sys=0.00, real=0.01 secs] 
2195.866: [GC (Allocation Failure) [PSYoungGen: 57216K->1469K(57856K)] 384891K->329144K(634368K), 0.0019782 secs] [Times: user=0.01 sys=0.00, real=0.00 secs] 
2196.202: [GC (Allocation Failure) [PSYoungGen: 57277K->1549K(57856K)] 384952K->329240K(634368K), 0.0016730 secs] [Times: user=0.00 sys=0.00, real=0.00 secs] 
2196.590: [GC (Allocation Failure) [PSYoungGen: 57357K->1536K(57856K)] 385048K->329227K(634368K), 0.0015540 secs] [Times: user=0.00 sys=0.01, real=0.00 secs] 
2196.974: [GC (Allocation Failure) [PSYoungGen: 57344K->1568K(57856K)] 385035K->329259K(634368K), 0.0015998 secs] [Times: user=0.01 sys=0.00, real=0.01 secs] 
2197.297: [GC (Allocation Failure) [PSYoungGen: 57376K->1533K(57856K)] 385067K->329224K(634368K), 0.0015886 secs] [Times: user=0.01 sys=0.00, real=0.00 secs] 
2197.628: [GC (Allocation Failure) [PSYoungGen: 57341K->1408K(57856K)] 385032K->329099K(634368K), 0.0023769 secs] [Times: user=0.01 sys=0.00, real=0.00 secs] 
2198.006: [GC (Allocation Failure) [PSYoungGen: 57216K->1376K(57856K)] 384907K->329067K(634368K), 0.0017462 secs] [Times: user=0.00 sys=0.00, real=0.00 secs] 
2198.464: [GC (Allocation Failure) [PSYoungGen: 57184K->1360K(57856K)] 384875K->329051K(634368K), 0.0037201 secs] [Times: user=0.01 sys=0.00, real=0.01 secs] 
2198.941: [GC (Allocation Failure) [PSYoungGen: 57168K->1408K(57856K)] 384859K->329099K(634368K), 0.0026379 secs] [Times: user=0.01 sys=0.00, real=0.00 secs] 
2199.493: [GC (Allocation Failure) [PSYoungGen: 57216K->1408K(57856K)] 384907K->329099K(634368K), 0.0027913 secs] [Times: user=0.01 sys=0.00, real=0.01 secs] 
2200.058: [GC (Allocation Failure) [PSYoungGen: 57216K->1501K(57856K)] 384907K->329208K(634368K), 0.0015455 secs] [Times: user=0.00 sys=0.00, real=0.00 secs] 
2200.380: [GC (Allocation Failure) [PSYoungGen: 57309K->1581K(57856K)] 385016K->329288K(634368K), 0.0017415 secs] [Times: user=0.01 sys=0.00, real=0.00 secs] 
2200.772: [GC (Allocation Failure) [PSYoungGen: 57389K->1616K(57856K)] 385096K->329323K(634368K), 0.0015859 secs] [Times: user=0.01 sys=0.00, real=0.00 secs] 
2201.160: [GC (Allocation Failure) [PSYoungGen: 57409K->1533K(57856K)] 385117K->329240K(634368K), 0.0015302 secs] [Times: user=0.01 sys=0.00, real=0.00 secs] 
2201.492: [GC (Allocation Failure) [PSYoungGen: 57341K->1472K(57856K)] 385048K->329179K(634368K), 0.0021030 secs] [Times: user=0.01 sys=0.00, real=0.00 secs] 
2201.725: [GC (Allocation Failure) [PSYoungGen: 57280K->1376K(57856K)] 384987K->329083K(634368K), 0.0020604 secs] [Times: user=0.01 sys=0.00, real=0.00 secs] 
2201.957: [GC (Allocation Failure) [PSYoungGen: 57184K->1392K(57856K)] 384891K->329099K(634368K), 0.0019057 secs] [Times: user=0.01 sys=0.00, real=0.00 secs] 
2202.390: [GC (Allocation Failure) [PSYoungGen: 57200K->1344K(57856K)] 384907K->329051K(634368K), 0.0022026 secs] [Times: user=0.01 sys=0.00, real=0.00 secs] 
2202.811: [GC (Allocation Failure) [PSYoungGen: 57152K->1376K(57856K)] 384859K->329083K(634368K), 0.0019949 secs] [Times: user=0.01 sys=0.00, real=0.00 secs] 
2203.242: [GC (Allocation Failure) [PSYoungGen: 57184K->1469K(57856K)] 384891K->329176K(634368K), 0.0016006 secs] [Times: user=0.01 sys=0.00, real=0.00 secs] 
2203.564: [GC (Allocation Failure) [PSYoungGen: 57277K->1597K(57856K)] 384984K->329312K(634368K), 0.0015551 secs] [Times: user=0.01 sys=0.00, real=0.01 secs] 
2203.889: [GC (Allocation Failure) [PSYoungGen: 57405K->1533K(57856K)] 385120K->329248K(634368K), 0.0015831 secs] [Times: user=0.00 sys=0.00, real=0.00 secs] 
2204.217: [GC (Allocation Failure) [PSYoungGen: 57341K->1549K(57856K)] 385056K->329264K(634368K), 0.0015257 secs] [Times: user=0.01 sys=0.00, real=0.00 secs] 
2204.542: [GC (Allocation Failure) [PSYoungGen: 57357K->400K(57856K)] 385072K->328115K(634368K), 0.0016682 secs] [Times: user=0.01 sys=0.00, real=0.00 secs] 
2204.830: [GC (Allocation Failure) [PSYoungGen: 56208K->1408K(57856K)] 383923K->329123K(634368K), 0.0018247 secs] [Times: user=0.01 sys=0.00, real=0.00 secs] 
2205.099: [GC (Allocation Failure) [PSYoungGen: 57216K->1360K(57856K)] 384931K->329091K(634368K), 0.0018730 secs] [Times: user=0.01 sys=0.00, real=0.00 secs] 
2205.351: [GC (Allocation Failure) [PSYoungGen: 57168K->1344K(57856K)] 384899K->329075K(634368K), 0.0020690 secs] [Times: user=0.01 sys=0.00, real=0.00 secs] 
2205.611: [GC (Allocation Failure) [PSYoungGen: 57152K->1344K(57856K)] 384883K->329091K(634368K), 0.0025408 secs] [Times: user=0.01 sys=0.01, real=0.00 secs] 
2205.918: [GC (Allocation Failure) [PSYoungGen: 57152K->1408K(57856K)] 384899K->329155K(634368K), 0.0021438 secs] [Times: user=0.01 sys=0.00, real=0.00 secs] 
2206.281: [GC (Allocation Failure) [PSYoungGen: 57216K->1549K(57856K)] 384963K->329312K(634368K), 0.0015386 secs] [Times: user=0.00 sys=0.00, real=0.00 secs] 
2206.604: [GC (Allocation Failure) [PSYoungGen: 57357K->1581K(57856K)] 385120K->329344K(634368K), 0.0015471 secs] [Times: user=0.01 sys=0.00, real=0.01 secs] 
2206.927: [GC (Allocation Failure) [PSYoungGen: 57389K->1581K(57856K)] 385152K->329344K(634368K), 0.0017291 secs] [Times: user=0.01 sys=0.00, real=0.00 secs] 
2207.251: [GC (Allocation Failure) [PSYoungGen: 57389K->1549K(57856K)] 385152K->329312K(634368K), 0.0017368 secs] [Times: user=0.00 sys=0.00, real=0.00 secs] 
2207.529: [GC (Allocation Failure) [PSYoungGen: 57357K->1472K(57856K)] 385120K->329235K(634368K), 0.0016592 secs] [Times: user=0.01 sys=0.00, real=0.00 secs] 
2207.794: [GC (Allocation Failure) [PSYoungGen: 57280K->1440K(57856K)] 385043K->329203K(634368K), 0.0015656 secs] [Times: user=0.01 sys=0.00, real=0.01 secs] 
2208.025: [GC (Allocation Failure) [PSYoungGen: 57248K->1376K(57856K)] 385011K->329139K(634368K), 0.0015229 secs] [Times: user=0.00 sys=0.00, real=0.00 secs] 
2208.299: [GC (Allocation Failure) [PSYoungGen: 57184K->1408K(57856K)] 384947K->329171K(634368K), 0.0017777 secs] [Times: user=0.00 sys=0.00, real=0.00 secs] 
2208.614: [GC (Allocation Failure) [PSYoungGen: 57216K->1376K(57856K)] 384979K->329139K(634368K), 0.0019276 secs] [Times: user=0.00 sys=0.00, real=0.01 secs] 
2208.939: [GC (Allocation Failure) [PSYoungGen: 57184K->1472K(57856K)] 384947K->329235K(634368K), 0.0017303 secs] [Times: user=0.00 sys=0.00, real=0.00 secs] 
2209.267: [GC (Allocation Failure) [PSYoungGen: 57280K->1581K(57856K)] 385043K->329360K(634368K), 0.0015312 secs] [Times: user=0.01 sys=0.00, real=0.00 secs] 
2209.590: [GC (Allocation Failure) [PSYoungGen: 57389K->1520K(57856K)] 385168K->329299K(634368K), 0.0015302 secs] [Times: user=0.00 sys=0.00, real=0.00 secs] 
2209.915: [GC (Allocation Failure) [PSYoungGen: 57328K->1565K(57856K)] 385107K->329344K(634368K), 0.0015546 secs] [Times: user=0.00 sys=0.00, real=0.00 secs] 
2210.289: [GC (Allocation Failure) [PSYoungGen: 57373K->1472K(57856K)] 385152K->329251K(634368K), 0.0018170 secs] [Times: user=0.01 sys=0.00, real=0.00 secs] 
2210.556: [GC (Allocation Failure) [PSYoungGen: 57280K->1392K(57856K)] 385059K->329171K(634368K), 0.0019077 secs] [Times: user=0.01 sys=0.00, real=0.00 secs] 
2210.906: [GC (Allocation Failure) [PSYoungGen: 57200K->1344K(57856K)] 384979K->329139K(634368K), 0.0020720 secs] [Times: user=0.00 sys=0.00, real=0.00 secs] 
2211.245: [GC (Allocation Failure) [PSYoungGen: 57152K->1376K(57856K)] 384947K->329171K(634368K), 0.0019050 secs] [Times: user=0.01 sys=0.00, real=0.00 secs] 
2211.664: [GC (Allocation Failure) [PSYoungGen: 57184K->1392K(57856K)] 384979K->329187K(634368K), 0.0020429 secs] [Times: user=0.01 sys=0.00, real=0.01 secs] 
2212.142: [GC (Allocation Failure) [PSYoungGen: 57200K->1501K(57856K)] 384995K->329296K(634368K), 0.0020064 secs] [Times: user=0.01 sys=0.00, real=0.00 secs] 
2212.479: [GC (Allocation Failure) [PSYoungGen: 57309K->1568K(57856K)] 385104K->329379K(634368K), 0.0015899 secs] [Times: user=0.00 sys=0.00, real=0.00 secs] 
2212.803: [GC (Allocation Failure) [PSYoungGen: 57376K->1533K(57856K)] 385187K->329344K(634368K), 0.0015278 secs] [Times: user=0.01 sys=0.00, real=0.00 secs] 
2213.126: [GC (Allocation Failure) [PSYoungGen: 57341K->1581K(57856K)] 385152K->329392K(634368K), 0.0015335 secs] [Times: user=0.01 sys=0.00, real=0.00 secs] 
2213.515: [GC (Allocation Failure) [PSYoungGen: 57389K->1533K(57856K)] 385200K->329344K(634368K), 0.0018109 secs] [Times: user=0.00 sys=0.00, real=0.00 secs] 
2214.370: [GC (Allocation Failure) [PSYoungGen: 57341K->1424K(57856K)] 385152K->329235K(634368K), 0.0031333 secs] [Times: user=0.02 sys=0.00, real=0.00 secs] 
2215.383: [GC (Allocation Failure) [PSYoungGen: 57232K->1360K(57856K)] 385043K->329171K(634368K), 0.0038729 secs] [Times: user=0.01 sys=0.00, real=0.01 secs] 
2216.224: [GC (Allocation Failure) [PSYoungGen: 57168K->1312K(57856K)] 384979K->329123K(634368K), 0.0038529 secs] [Times: user=0.01 sys=0.00, real=0.01 secs] 
2216.772: [GC (Allocation Failure) [PSYoungGen: 57120K->1328K(57856K)] 384931K->329139K(634368K), 0.0026591 secs] [Times: user=0.01 sys=0.00, real=0.01 secs] 
2217.220: [GC (Allocation Failure) [PSYoungGen: 57136K->1376K(57856K)] 384947K->329187K(634368K), 0.0028784 secs] [Times: user=0.01 sys=0.00, real=0.00 secs] 
2217.651: [GC (Allocation Failure) [PSYoungGen: 57184K->1533K(57856K)] 384995K->329360K(634368K), 0.0014687 secs] [Times: user=0.01 sys=0.00, real=0.00 secs] 
2218.032: [GC (Allocation Failure) [PSYoungGen: 57341K->1517K(57856K)] 385168K->329368K(634368K), 0.0017780 secs] [Times: user=0.00 sys=0.00, real=0.00 secs] 
2218.356: [GC (Allocation Failure) [PSYoungGen: 57325K->1581K(57856K)] 385176K->329432K(634368K), 0.0015659 secs] [Times: user=0.01 sys=0.00, real=0.00 secs] 
2218.681: [GC (Allocation Failure) [PSYoungGen: 57389K->1581K(57856K)] 385240K->329432K(634368K), 0.0015659 secs] [Times: user=0.01 sys=0.00, real=0.00 secs] 
2219.227: [GC (Allocation Failure) [PSYoungGen: 57389K->1472K(57856K)] 385240K->329323K(634368K), 0.0034618 secs] [Times: user=0.01 sys=0.01, real=0.00 secs] 
2219.723: [GC (Allocation Failure) [PSYoungGen: 57280K->1408K(57856K)] 385131K->329267K(634368K), 0.0032222 secs] [Times: user=0.01 sys=0.00, real=0.01 secs] 
2220.260: [GC (Allocation Failure) [PSYoungGen: 57216K->1392K(57856K)] 385075K->329251K(634368K), 0.0030134 secs] [Times: user=0.01 sys=0.00, real=0.00 secs] 
2220.713: [GC (Allocation Failure) [PSYoungGen: 57200K->1376K(57856K)] 385059K->329235K(634368K), 0.0022333 secs] [Times: user=0.01 sys=0.00, real=0.01 secs] 
2221.253: [GC (Allocation Failure) [PSYoungGen: 57184K->1376K(57856K)] 385043K->329235K(634368K), 0.0017944 secs] [Times: user=0.01 sys=0.00, real=0.01 secs] 
2221.941: [GC (Allocation Failure) [PSYoungGen: 57184K->1485K(57856K)] 385043K->329344K(634368K), 0.0019258 secs] [Times: user=0.00 sys=0.00, real=0.00 secs] 
2222.360: [GC (Allocation Failure) [PSYoungGen: 57293K->1549K(57856K)] 385152K->329424K(634368K), 0.0015697 secs] [Times: user=0.00 sys=0.00, real=0.00 secs] 
2222.742: [GC (Allocation Failure) [PSYoungGen: 57357K->1581K(57856K)] 385232K->329456K(634368K), 0.0016612 secs] [Times: user=0.01 sys=0.00, real=0.00 secs] 
2223.068: [GC (Allocation Failure) [PSYoungGen: 57389K->1504K(57856K)] 385264K->329379K(634368K), 0.0016011 secs] [Times: user=0.00 sys=0.00, real=0.00 secs] 
2223.391: [GC (Allocation Failure) [PSYoungGen: 57312K->1613K(57856K)] 385187K->329488K(634368K), 0.0016107 secs] [Times: user=0.01 sys=0.00, real=0.00 secs] 
2224.057: [GC (Allocation Failure) [PSYoungGen: 57421K->1360K(57856K)] 385296K->329235K(634368K), 0.0024994 secs] [Times: user=0.01 sys=0.00, real=0.00 secs] 
2224.599: [GC (Allocation Failure) [PSYoungGen: 57168K->1376K(57856K)] 385043K->329251K(634368K), 0.0018809 secs] [Times: user=0.01 sys=0.00, real=0.00 secs] 
2225.189: [GC (Allocation Failure) [PSYoungGen: 57184K->1376K(57856K)] 385059K->329251K(634368K), 0.0020260 secs] [Times: user=0.01 sys=0.00, real=0.00 secs] 
2225.730: [GC (Allocation Failure) [PSYoungGen: 57184K->1376K(57856K)] 385059K->329251K(634368K), 0.0022925 secs] [Times: user=0.01 sys=0.00, real=0.00 secs] 
2226.371: [GC (Allocation Failure) [PSYoungGen: 57184K->1344K(57856K)] 385059K->329219K(634368K), 0.0021866 secs] [Times: user=0.01 sys=0.00, real=0.00 secs] 
2226.832: [GC (Allocation Failure) [PSYoungGen: 57152K->1504K(57856K)] 385027K->329395K(634368K), 0.0015617 secs] [Times: user=0.01 sys=0.00, real=0.00 secs] 
2227.155: [GC (Allocation Failure) [PSYoungGen: 57312K->1565K(57856K)] 385203K->329456K(634368K), 0.0015543 secs] [Times: user=0.01 sys=0.00, real=0.00 secs] 
2227.479: [GC (Allocation Failure) [PSYoungGen: 57373K->1565K(57856K)] 385264K->329456K(634368K), 0.0015438 secs] [Times: user=0.01 sys=0.00, real=0.00 secs] 
2227.803: [GC (Allocation Failure) [PSYoungGen: 57361K->1549K(57856K)] 385252K->329464K(634368K), 0.0018217 secs] [Times: user=0.01 sys=0.00, real=0.01 secs] 
2228.096: [GC (Allocation Failure) [PSYoungGen: 57357K->1472K(57856K)] 385272K->329387K(634368K), 0.0016401 secs] [Times: user=0.01 sys=0.00, real=0.00 secs] 
2228.331: [GC (Allocation Failure) [PSYoungGen: 57280K->1376K(57856K)] 385195K->329291K(634368K), 0.0017752 secs] [Times: user=0.01 sys=0.00, real=0.00 secs] 
2228.563: [GC (Allocation Failure) [PSYoungGen: 57184K->1408K(57856K)] 385099K->329323K(634368K), 0.0017317 secs] [Times: user=0.00 sys=0.00, real=0.01 secs] 
2228.964: [GC (Allocation Failure) [PSYoungGen: 57216K->1376K(57856K)] 385131K->329291K(634368K), 0.0016339 secs] [Times: user=0.00 sys=0.00, real=0.01 secs] 
2229.423: [GC (Allocation Failure) [PSYoungGen: 57184K->1344K(57856K)] 385099K->329259K(634368K), 0.0016217 secs] [Times: user=0.01 sys=0.00, real=0.00 secs] 
2229.965: [GC (Allocation Failure) [PSYoungGen: 57152K->1533K(57856K)] 385067K->329448K(634368K), 0.0016260 secs] [Times: user=0.01 sys=0.00, real=0.00 secs] 
2230.287: [GC (Allocation Failure) [PSYoungGen: 57341K->1552K(57856K)] 385256K->329483K(634368K), 0.0015388 secs] [Times: user=0.01 sys=0.00, real=0.00 secs] 
2230.612: [GC (Allocation Failure) [PSYoungGen: 57360K->1533K(57856K)] 385291K->329464K(634368K), 0.0015283 secs] [Times: user=0.00 sys=0.01, real=0.00 secs] 
2230.936: [GC (Allocation Failure) [PSYoungGen: 57341K->1533K(57856K)] 385272K->329464K(634368K), 0.0015119 secs] [Times: user=0.01 sys=0.00, real=0.00 secs] 
2231.335: [GC (Allocation Failure) [PSYoungGen: 57341K->1456K(57856K)] 385272K->329387K(634368K), 0.0018630 secs] [Times: user=0.01 sys=0.00, real=0.00 secs] 
2231.571: [GC (Allocation Failure) [PSYoungGen: 57264K->1376K(57856K)] 385195K->329307K(634368K), 0.0024139 secs] [Times: user=0.01 sys=0.00, real=0.00 secs] 
2231.822: [GC (Allocation Failure) [PSYoungGen: 57184K->1440K(57856K)] 385115K->329371K(634368K), 0.0019239 secs] [Times: user=0.01 sys=0.00, real=0.00 secs] 
2232.054: [GC (Allocation Failure) [PSYoungGen: 57248K->1392K(57856K)] 385179K->329323K(634368K), 0.0019949 secs] [Times: user=0.01 sys=0.00, real=0.01 secs] 
2232.286: [GC (Allocation Failure) [PSYoungGen: 57200K->1408K(57856K)] 385131K->329339K(634368K), 0.0018967 secs] [Times: user=0.00 sys=0.00, real=0.00 secs] 
2232.567: [GC (Allocation Failure) [PSYoungGen: 57201K->1437K(57856K)] 385132K->329368K(634368K), 0.0015589 secs] [Times: user=0.01 sys=0.00, real=0.00 secs] 
2232.888: [GC (Allocation Failure) [PSYoungGen: 57245K->1549K(57856K)] 385176K->329496K(634368K), 0.0015770 secs] [Times: user=0.01 sys=0.00, real=0.00 secs] 
2233.211: [GC (Allocation Failure) [PSYoungGen: 57357K->1565K(57856K)] 385304K->329512K(634368K), 0.0015598 secs] [Times: user=0.00 sys=0.00, real=0.00 secs] 
2233.535: [GC (Allocation Failure) [PSYoungGen: 57373K->1565K(57856K)] 385320K->329512K(634368K), 0.0015717 secs] [Times: user=0.01 sys=0.00, real=0.00 secs] 
2233.858: [GC (Allocation Failure) [PSYoungGen: 57373K->1536K(57856K)] 385320K->329483K(634368K), 0.0015668 secs] [Times: user=0.01 sys=0.00, real=0.00 secs] 
2234.605: [GC (Allocation Failure) [PSYoungGen: 57344K->1440K(57856K)] 385291K->329387K(634368K), 0.0030382 secs] [Times: user=0.01 sys=0.00, real=0.00 secs] 
2235.307: [GC (Allocation Failure) [PSYoungGen: 57248K->1376K(57856K)] 385195K->329323K(634368K), 0.0028688 secs] [Times: user=0.02 sys=0.00, real=0.00 secs] 
2235.861: [GC (Allocation Failure) [PSYoungGen: 57184K->1376K(57856K)] 385131K->329323K(634368K), 0.0027664 secs] [Times: user=0.01 sys=0.00, real=0.00 secs] 
2236.253: [GC (Allocation Failure) [PSYoungGen: 57184K->1344K(57856K)] 385131K->329307K(634368K), 0.0024080 secs] [Times: user=0.01 sys=0.00, real=0.01 secs] 
2236.777: [GC (Allocation Failure) [PSYoungGen: 57152K->1376K(57856K)] 385115K->329339K(634368K), 0.0023409 secs] [Times: user=0.01 sys=0.00, real=0.00 secs] 
2237.262: [GC (Allocation Failure) [PSYoungGen: 57184K->1501K(57856K)] 385147K->329480K(634368K), 0.0014966 secs] [Times: user=0.01 sys=0.00, real=0.00 secs] 
2237.585: [GC (Allocation Failure) [PSYoungGen: 57309K->1613K(57856K)] 385288K->329592K(634368K), 0.0015136 secs] [Times: user=0.00 sys=0.00, real=0.01 secs] 
2237.966: [GC (Allocation Failure) [PSYoungGen: 57421K->1581K(57856K)] 385400K->329560K(634368K), 0.0016026 secs] [Times: user=0.01 sys=0.00, real=0.00 secs] 
2238.291: [GC (Allocation Failure) [PSYoungGen: 57389K->1501K(57856K)] 385368K->329480K(634368K), 0.0015966 secs] [Times: user=0.01 sys=0.00, real=0.00 secs] 
2238.770: [GC (Allocation Failure) [PSYoungGen: 57309K->1472K(57856K)] 385288K->329451K(634368K), 0.0031243 secs] [Times: user=0.02 sys=0.00, real=0.00 secs] 
2239.196: [GC (Allocation Failure) [PSYoungGen: 57280K->1344K(57856K)] 385259K->329323K(634368K), 0.0018465 secs] [Times: user=0.01 sys=0.00, real=0.00 secs] 
2239.428: [GC (Allocation Failure) [PSYoungGen: 57152K->1376K(57856K)] 385131K->329355K(634368K), 0.0019014 secs] [Times: user=0.01 sys=0.00, real=0.00 secs] 
2239.660: [GC (Allocation Failure) [PSYoungGen: 57184K->1376K(57856K)] 385163K->329355K(634368K), 0.0022455 secs] [Times: user=0.00 sys=0.00, real=0.00 secs] 
2239.925: [GC (Allocation Failure) [PSYoungGen: 57184K->1360K(57856K)] 385163K->329339K(634368K), 0.0025040 secs] [Times: user=0.01 sys=0.00, real=0.00 secs] 
2240.276: [GC (Allocation Failure) [PSYoungGen: 57168K->1469K(57856K)] 385147K->329448K(634368K), 0.0016996 secs] [Times: user=0.01 sys=0.00, real=0.00 secs] 
2240.598: [GC (Allocation Failure) [PSYoungGen: 57277K->1501K(57856K)] 385256K->329496K(634368K), 0.0017459 secs] [Times: user=0.01 sys=0.00, real=0.00 secs] 
2240.925: [GC (Allocation Failure) [PSYoungGen: 57309K->1533K(57856K)] 385304K->329528K(634368K), 0.0016027 secs] [Times: user=0.01 sys=0.00, real=0.00 secs] 
2241.311: [GC (Allocation Failure) [PSYoungGen: 57341K->1552K(57856K)] 385336K->329547K(634368K), 0.0015726 secs] [Times: user=0.00 sys=0.00, real=0.00 secs] 
2241.634: [GC (Allocation Failure) [PSYoungGen: 57360K->432K(57856K)] 385355K->328427K(634368K), 0.0014989 secs] [Times: user=0.01 sys=0.00, real=0.01 secs] 
2242.238: [GC (Allocation Failure) [PSYoungGen: 56240K->1472K(57856K)] 384235K->329467K(634368K), 0.0027918 secs] [Times: user=0.01 sys=0.00, real=0.00 secs] 
2242.651: [GC (Allocation Failure) [PSYoungGen: 57280K->1344K(57856K)] 385275K->329339K(634368K), 0.0026639 secs] [Times: user=0.01 sys=0.01, real=0.00 secs] 
2242.952: [GC (Allocation Failure) [PSYoungGen: 57152K->1376K(57856K)] 385147K->329371K(634368K), 0.0032052 secs] [Times: user=0.01 sys=0.00, real=0.01 secs] 
2243.474: [GC (Allocation Failure) [PSYoungGen: 57184K->1376K(57856K)] 385179K->329371K(634368K), 0.0032027 secs] [Times: user=0.02 sys=0.00, real=0.01 secs] 
2244.046: [GC (Allocation Failure) [PSYoungGen: 57184K->1408K(57856K)] 385179K->329403K(634368K), 0.0031521 secs] [Times: user=0.02 sys=0.00, real=0.00 secs] 
2244.540: [GC (Allocation Failure) [PSYoungGen: 57216K->1565K(57856K)] 385211K->329576K(634368K), 0.0015648 secs] [Times: user=0.01 sys=0.00, real=0.00 secs] 
2244.865: [GC (Allocation Failure) [PSYoungGen: 57373K->1549K(57856K)] 385384K->329560K(634368K), 0.0016007 secs] [Times: user=0.01 sys=0.00, real=0.00 secs] 
2245.251: [GC (Allocation Failure) [PSYoungGen: 57357K->1549K(57856K)] 385368K->329560K(634368K), 0.0015650 secs] [Times: user=0.00 sys=0.00, real=0.00 secs] 
2245.573: [GC (Allocation Failure) [PSYoungGen: 57357K->1568K(57856K)] 385368K->329579K(634368K), 0.0015551 secs] [Times: user=0.01 sys=0.00, real=0.01 secs] 
2246.123: [GC (Allocation Failure) [PSYoungGen: 57376K->1392K(57856K)] 385387K->329403K(634368K), 0.0029409 secs] [Times: user=0.01 sys=0.00, real=0.01 secs] 
2246.785: [GC (Allocation Failure) [PSYoungGen: 57200K->1376K(57856K)] 385211K->329387K(634368K), 0.0030798 secs] [Times: user=0.01 sys=0.00, real=0.00 secs] 
2247.401: [GC (Allocation Failure) [PSYoungGen: 57184K->1408K(57856K)] 385195K->329435K(634368K), 0.0030829 secs] [Times: user=0.02 sys=0.00, real=0.00 secs] 
2247.793: [GC (Allocation Failure) [PSYoungGen: 57216K->1376K(57856K)] 385243K->329403K(634368K), 0.0038924 secs] [Times: user=0.02 sys=0.00, real=0.01 secs] 
2248.178: [GC (Allocation Failure) [PSYoungGen: 57184K->1408K(57856K)] 385211K->329435K(634368K), 0.0030652 secs] [Times: user=0.02 sys=0.00, real=0.00 secs] 
2248.695: [GC (Allocation Failure) [PSYoungGen: 57216K->1549K(57856K)] 385243K->329576K(634368K), 0.0015828 secs] [Times: user=0.01 sys=0.00, real=0.00 secs] 
2249.016: [GC (Allocation Failure) [PSYoungGen: 57357K->1549K(57856K)] 385384K->329592K(634368K), 0.0015009 secs] [Times: user=0.01 sys=0.00, real=0.00 secs] 
2249.341: [GC (Allocation Failure) [PSYoungGen: 57357K->1565K(57856K)] 385400K->329608K(634368K), 0.0015276 secs] [Times: user=0.00 sys=0.00, real=0.00 secs] 
2249.667: [GC (Allocation Failure) [PSYoungGen: 57373K->1549K(57856K)] 385416K->329592K(634368K), 0.0015463 secs] [Times: user=0.01 sys=0.00, real=0.00 secs] 
2250.061: [GC (Allocation Failure) [PSYoungGen: 57357K->1440K(57856K)] 385400K->329483K(634368K), 0.0018957 secs] [Times: user=0.01 sys=0.00, real=0.00 secs] 
2250.575: [GC (Allocation Failure) [PSYoungGen: 57248K->1376K(57856K)] 385291K->329419K(634368K), 0.0022051 secs] [Times: user=0.01 sys=0.00, real=0.00 secs] 
2250.873: [GC (Allocation Failure) [PSYoungGen: 57184K->1408K(57856K)] 385227K->329451K(634368K), 0.0030522 secs] [Times: user=0.01 sys=0.00, real=0.01 secs] 
2251.380: [GC (Allocation Failure) [PSYoungGen: 57216K->1344K(57856K)] 385259K->329387K(634368K), 0.0028568 secs] [Times: user=0.01 sys=0.01, real=0.00 secs] 
2251.831: [GC (Allocation Failure) [PSYoungGen: 57152K->1344K(57856K)] 385195K->329387K(634368K), 0.0026665 secs] [Times: user=0.01 sys=0.00, real=0.00 secs] 
2252.290: [GC (Allocation Failure) [PSYoungGen: 57152K->1472K(57856K)] 385195K->329515K(634368K), 0.0020736 secs] [Times: user=0.01 sys=0.00, real=0.00 secs] 
2252.624: [GC (Allocation Failure) [PSYoungGen: 57280K->1504K(57856K)] 385323K->329563K(634368K), 0.0017169 secs] [Times: user=0.01 sys=0.00, real=0.01 secs] 
2252.949: [GC (Allocation Failure) [PSYoungGen: 57312K->1565K(57856K)] 385371K->329624K(634368K), 0.0015437 secs] [Times: user=0.00 sys=0.00, real=0.00 secs] 
2253.272: [GC (Allocation Failure) [PSYoungGen: 57373K->1504K(57856K)] 385432K->329563K(634368K), 0.0015437 secs] [Times: user=0.01 sys=0.00, real=0.00 secs] 
2253.594: [GC (Allocation Failure) [PSYoungGen: 57312K->1565K(57856K)] 385371K->329624K(634368K), 0.0015551 secs] [Times: user=0.00 sys=0.00, real=0.01 secs] 
2254.211: [GC (Allocation Failure) [PSYoungGen: 57373K->1440K(57856K)] 385432K->329499K(634368K), 0.0018941 secs] [Times: user=0.00 sys=0.00, real=0.00 secs] 
2254.643: [GC (Allocation Failure) [PSYoungGen: 57248K->1344K(57856K)] 385307K->329403K(634368K), 0.0021007 secs] [Times: user=0.01 sys=0.00, real=0.01 secs] 
2255.021: [GC (Allocation Failure) [PSYoungGen: 57152K->1328K(57856K)] 385211K->329387K(634368K), 0.0020264 secs] [Times: user=0.01 sys=0.00, real=0.00 secs] 
2255.260: [GC (Allocation Failure) [PSYoungGen: 57136K->1376K(57856K)] 385195K->329435K(634368K), 0.0019183 secs] [Times: user=0.00 sys=0.00, real=0.00 secs] 
2255.523: [GC (Allocation Failure) [PSYoungGen: 57184K->1360K(57856K)] 385243K->329419K(634368K), 0.0020005 secs] [Times: user=0.00 sys=0.00, real=0.01 secs] 
2255.875: [GC (Allocation Failure) [PSYoungGen: 57168K->1536K(57856K)] 385227K->329603K(634368K), 0.0014761 secs] [Times: user=0.01 sys=0.00, real=0.00 secs] 
2256.197: [GC (Allocation Failure) [PSYoungGen: 57344K->1533K(57856K)] 385411K->329624K(634368K), 0.0015003 secs] [Times: user=0.01 sys=0.00, real=0.00 secs] 
2256.520: [GC (Allocation Failure) [PSYoungGen: 57341K->1501K(57856K)] 385432K->329592K(634368K), 0.0015821 secs] [Times: user=0.01 sys=0.00, real=0.00 secs] 
2256.845: [GC (Allocation Failure) [PSYoungGen: 57309K->1597K(57856K)] 385400K->329688K(634368K), 0.0015835 secs] [Times: user=0.01 sys=0.00, real=0.00 secs] 
2257.480: [GC (Allocation Failure) [PSYoungGen: 57405K->1456K(57856K)] 385496K->329547K(634368K), 0.0023418 secs] [Times: user=0.01 sys=0.01, real=0.00 secs] 
2258.157: [GC (Allocation Failure) [PSYoungGen: 57264K->1360K(57856K)] 385355K->329451K(634368K), 0.0036658 secs] [Times: user=0.01 sys=0.00, real=0.00 secs] 
2258.826: [GC (Allocation Failure) [PSYoungGen: 57168K->1360K(57856K)] 385259K->329451K(634368K), 0.0040345 secs] [Times: user=0.01 sys=0.00, real=0.00 secs] 
2259.319: [GC (Allocation Failure) [PSYoungGen: 57168K->1392K(57856K)] 385259K->329483K(634368K), 0.0025113 secs] [Times: user=0.01 sys=0.00, real=0.00 secs] 
2259.771: [GC (Allocation Failure) [PSYoungGen: 57200K->1376K(57856K)] 385291K->329467K(634368K), 0.0023957 secs] [Times: user=0.01 sys=0.00, real=0.00 secs] 
2260.296: [GC (Allocation Failure) [PSYoungGen: 57184K->1469K(57856K)] 385275K->329560K(634368K), 0.0015015 secs] [Times: user=0.00 sys=0.00, real=0.00 secs] 
2260.618: [GC (Allocation Failure) [PSYoungGen: 57277K->1552K(57856K)] 385368K->329659K(634368K), 0.0015735 secs] [Times: user=0.01 sys=0.00, real=0.00 secs] 
2260.996: [GC (Allocation Failure) [PSYoungGen: 57360K->1565K(57856K)] 385467K->329672K(634368K), 0.0015612 secs] [Times: user=0.01 sys=0.00, real=0.00 secs] 
2261.321: [GC (Allocation Failure) [PSYoungGen: 57373K->1501K(57856K)] 385480K->329608K(634368K), 0.0015819 secs] [Times: user=0.00 sys=0.00, real=0.00 secs] 
2261.643: [GC (Allocation Failure) [PSYoungGen: 57309K->1597K(57856K)] 385416K->329704K(634368K), 0.0015994 secs] [Times: user=0.01 sys=0.00, real=0.00 secs] 
2261.999: [GC (Allocation Failure) [PSYoungGen: 57405K->1408K(57856K)] 385512K->329515K(634368K), 0.0021225 secs] [Times: user=0.01 sys=0.00, real=0.00 secs] 
2262.252: [GC (Allocation Failure) [PSYoungGen: 57216K->1344K(57856K)] 385323K->329451K(634368K), 0.0017138 secs] [Times: user=0.01 sys=0.00, real=0.00 secs] 
2262.496: [GC (Allocation Failure) [PSYoungGen: 57152K->1376K(57856K)] 385259K->329483K(634368K), 0.0017333 secs] [Times: user=0.00 sys=0.00, real=0.00 secs] 
2262.764: [GC (Allocation Failure) [PSYoungGen: 57184K->1344K(57856K)] 385291K->329451K(634368K), 0.0017813 secs] [Times: user=0.01 sys=0.00, real=0.01 secs] 
2263.002: [GC (Allocation Failure) [PSYoungGen: 57152K->1344K(57856K)] 385259K->329451K(634368K), 0.0019083 secs] [Times: user=0.01 sys=0.00, real=0.00 secs] 
2263.346: [GC (Allocation Failure) [PSYoungGen: 57152K->1549K(57856K)] 385259K->329672K(634368K), 0.0015638 secs] [Times: user=0.01 sys=0.00, real=0.00 secs] 
2263.668: [GC (Allocation Failure) [PSYoungGen: 57357K->1536K(57856K)] 385480K->329659K(634368K), 0.0017285 secs] [Times: user=0.01 sys=0.00, real=0.00 secs] 
2263.993: [GC (Allocation Failure) [PSYoungGen: 57344K->1597K(57856K)] 385467K->329720K(634368K), 0.0015635 secs] [Times: user=0.00 sys=0.00, real=0.01 secs] 
2264.319: [GC (Allocation Failure) [PSYoungGen: 57405K->1533K(57856K)] 385528K->329656K(634368K), 0.0016865 secs] [Times: user=0.01 sys=0.00, real=0.00 secs] 
2264.634: [GC (Allocation Failure) [PSYoungGen: 57341K->1392K(57856K)] 385464K->329515K(634368K), 0.0019060 secs] [Times: user=0.01 sys=0.00, real=0.01 secs] 
2264.991: [GC (Allocation Failure) [PSYoungGen: 57200K->1344K(57856K)] 385323K->329467K(634368K), 0.0018212 secs] [Times: user=0.00 sys=0.00, real=0.00 secs] 
2265.256: [GC (Allocation Failure) [PSYoungGen: 57152K->1456K(57856K)] 385275K->329603K(634368K), 0.0018918 secs] [Times: user=0.01 sys=0.00, real=0.00 secs] 
2265.504: [GC (Allocation Failure) [PSYoungGen: 57264K->1376K(57856K)] 385411K->329523K(634368K), 0.0019077 secs] [Times: user=0.00 sys=0.00, real=0.01 secs] 
2265.899: [GC (Allocation Failure) [PSYoungGen: 57184K->1376K(57856K)] 385331K->329523K(634368K), 0.0020230 secs] [Times: user=0.01 sys=0.00, real=0.00 secs] 
2266.322: [GC (Allocation Failure) [PSYoungGen: 57184K->1488K(57856K)] 385331K->329635K(634368K), 0.0014724 secs] [Times: user=0.00 sys=0.00, real=0.00 secs] 
2266.644: [GC (Allocation Failure) [PSYoungGen: 57296K->1565K(57856K)] 385443K->329736K(634368K), 0.0015619 secs] [Times: user=0.01 sys=0.00, real=0.01 secs] 
2266.968: [GC (Allocation Failure) [PSYoungGen: 57373K->1581K(57856K)] 385544K->329752K(634368K), 0.0015369 secs] [Times: user=0.00 sys=0.00, real=0.00 secs] 
2267.355: [GC (Allocation Failure) [PSYoungGen: 57389K->1549K(57856K)] 385560K->329720K(634368K), 0.0015639 secs] [Times: user=0.01 sys=0.00, real=0.01 secs] 
2267.874: [GC (Allocation Failure) [PSYoungGen: 57357K->1488K(57856K)] 385528K->329659K(634368K), 0.0020089 secs] [Times: user=0.01 sys=0.00, real=0.01 secs] 
2268.404: [GC (Allocation Failure) [PSYoungGen: 57296K->1392K(57856K)] 385467K->329563K(634368K), 0.0026851 secs] [Times: user=0.01 sys=0.00, real=0.01 secs] 
2268.788: [GC (Allocation Failure) [PSYoungGen: 57200K->1376K(57856K)] 385371K->329547K(634368K), 0.0020627 secs] [Times: user=0.01 sys=0.00, real=0.00 secs] 
2269.191: [GC (Allocation Failure) [PSYoungGen: 57184K->1344K(57856K)] 385355K->329515K(634368K), 0.0018455 secs] [Times: user=0.01 sys=0.00, real=0.00 secs] 
2269.639: [GC (Allocation Failure) [PSYoungGen: 57152K->1344K(57856K)] 385323K->329515K(634368K), 0.0018663 secs] [Times: user=0.00 sys=0.00, real=0.00 secs] 
2270.219: [GC (Allocation Failure) [PSYoungGen: 57152K->1469K(57856K)] 385323K->329640K(634368K), 0.0027302 secs] [Times: user=0.01 sys=0.00, real=0.00 secs] 
2270.603: [GC (Allocation Failure) [PSYoungGen: 57277K->1581K(57856K)] 385448K->329760K(634368K), 0.0016184 secs] [Times: user=0.00 sys=0.00, real=0.00 secs] 
2270.989: [GC (Allocation Failure) [PSYoungGen: 57389K->1549K(57856K)] 385568K->329728K(634368K), 0.0015803 secs] [Times: user=0.00 sys=0.00, real=0.00 secs] 
2271.313: [GC (Allocation Failure) [PSYoungGen: 57357K->1536K(57856K)] 385536K->329715K(634368K), 0.0016030 secs] [Times: user=0.01 sys=0.00, real=0.01 secs] 
2271.638: [GC (Allocation Failure) [PSYoungGen: 57344K->1501K(57856K)] 385523K->329680K(634368K), 0.0015985 secs] [Times: user=0.01 sys=0.00, real=0.00 secs] 
2272.024: [GC (Allocation Failure) [PSYoungGen: 57309K->1424K(57856K)] 385488K->329603K(634368K), 0.0033845 secs] [Times: user=0.01 sys=0.01, real=0.01 secs] 
2272.475: [GC (Allocation Failure) [PSYoungGen: 57232K->1376K(57856K)] 385411K->329555K(634368K), 0.0032834 secs] [Times: user=0.01 sys=0.00, real=0.00 secs] 
2272.908: [GC (Allocation Failure) [PSYoungGen: 57184K->1408K(57856K)] 385363K->329587K(634368K), 0.0030405 secs] [Times: user=0.01 sys=0.00, real=0.00 secs] 
2273.381: [GC (Allocation Failure) [PSYoungGen: 57216K->1376K(57856K)] 385395K->329555K(634368K), 0.0024046 secs] [Times: user=0.01 sys=0.00, real=0.00 secs] 
2273.822: [GC (Allocation Failure) [PSYoungGen: 57184K->1328K(57856K)] 385363K->329507K(634368K), 0.0022655 secs] [Times: user=0.01 sys=0.00, real=0.00 secs] 
2274.345: [GC (Allocation Failure) [PSYoungGen: 57136K->1533K(57856K)] 385315K->329728K(634368K), 0.0015232 secs] [Times: user=0.01 sys=0.00, real=0.00 secs] 
2274.672: [GC (Allocation Failure) [PSYoungGen: 57341K->1517K(57856K)] 385536K->329712K(634368K), 0.0015544 secs] [Times: user=0.00 sys=0.00, real=0.00 secs] 
2274.996: [GC (Allocation Failure) [PSYoungGen: 57325K->1581K(57856K)] 385520K->329776K(634368K), 0.0014942 secs] [Times: user=0.01 sys=0.00, real=0.00 secs] 
2275.318: [GC (Allocation Failure) [PSYoungGen: 57389K->1568K(57856K)] 385584K->329763K(634368K), 0.0015841 secs] [Times: user=0.01 sys=0.00, real=0.00 secs] 
2275.627: [GC (Allocation Failure) [PSYoungGen: 57376K->1440K(57856K)] 385571K->329635K(634368K), 0.0015539 secs] [Times: user=0.00 sys=0.00, real=0.00 secs] 
2276.227: [GC (Allocation Failure) [PSYoungGen: 57248K->1408K(57856K)] 385443K->329603K(634368K), 0.0022384 secs] [Times: user=0.01 sys=0.00, real=0.00 secs] 
2276.718: [GC (Allocation Failure) [PSYoungGen: 57216K->1344K(57856K)] 385411K->329555K(634368K), 0.0022478 secs] [Times: user=0.01 sys=0.00, real=0.00 secs] 
2277.335: [GC (Allocation Failure) [PSYoungGen: 57152K->1344K(57856K)] 385363K->329555K(634368K), 0.0024937 secs] [Times: user=0.01 sys=0.00, real=0.00 secs] 
2277.918: [GC (Allocation Failure) [PSYoungGen: 57152K->1376K(57856K)] 385363K->329587K(634368K), 0.0028339 secs] [Times: user=0.01 sys=0.00, real=0.00 secs] 
2278.492: [GC (Allocation Failure) [PSYoungGen: 57184K->1501K(57856K)] 385395K->329712K(634368K), 0.0017249 secs] [Times: user=0.01 sys=0.00, real=0.00 secs] 
2278.814: [GC (Allocation Failure) [PSYoungGen: 57309K->1536K(57856K)] 385520K->329763K(634368K), 0.0015446 secs] [Times: user=0.01 sys=0.00, real=0.01 secs] 
2279.138: [GC (Allocation Failure) [PSYoungGen: 57344K->1565K(57856K)] 385571K->329792K(634368K), 0.0017249 secs] [Times: user=0.01 sys=0.00, real=0.00 secs] 
2279.462: [GC (Allocation Failure) [PSYoungGen: 57373K->1488K(57856K)] 385600K->329715K(634368K), 0.0016840 secs] [Times: user=0.00 sys=0.00, real=0.00 secs] 
2279.852: [GC (Allocation Failure) [PSYoungGen: 57296K->1533K(57856K)] 385523K->329760K(634368K), 0.0015764 secs] [Times: user=0.00 sys=0.00, real=0.00 secs] 
2280.143: [GC (Allocation Failure) [PSYoungGen: 57341K->1408K(57856K)] 385568K->329635K(634368K), 0.0018826 secs] [Times: user=0.01 sys=0.00, real=0.01 secs] 
2280.375: [GC (Allocation Failure) [PSYoungGen: 57216K->1408K(57856K)] 385443K->329635K(634368K), 0.0019320 secs] [Times: user=0.01 sys=0.00, real=0.00 secs] 
2280.607: [GC (Allocation Failure) [PSYoungGen: 57216K->1424K(57856K)] 385443K->329651K(634368K), 0.0017895 secs] [Times: user=0.01 sys=0.00, real=0.00 secs] 
2280.839: [GC (Allocation Failure) [PSYoungGen: 57232K->1376K(57856K)] 385459K->329603K(634368K), 0.0020014 secs] [Times: user=0.01 sys=0.00, real=0.00 secs] 
2281.081: [GC (Allocation Failure) [PSYoungGen: 57184K->1376K(57856K)] 385411K->329603K(634368K), 0.0018587 secs] [Times: user=0.01 sys=0.00, real=0.00 secs] 
2281.467: [GC (Allocation Failure) [PSYoungGen: 57184K->1501K(57856K)] 385411K->329736K(634368K), 0.0015819 secs] [Times: user=0.01 sys=0.00, real=0.00 secs] 
2281.789: [GC (Allocation Failure) [PSYoungGen: 57309K->1533K(57856K)] 385544K->329768K(634368K), 0.0015528 secs] [Times: user=0.01 sys=0.00, real=0.00 secs] 
2282.114: [GC (Allocation Failure) [PSYoungGen: 57341K->1549K(57856K)] 385576K->329784K(634368K), 0.0015456 secs] [Times: user=0.00 sys=0.00, real=0.01 secs] 
2282.439: [GC (Allocation Failure) [PSYoungGen: 57331K->1533K(57856K)] 385566K->329768K(634368K), 0.0015327 secs] [Times: user=0.01 sys=0.00, real=0.00 secs] 
2283.133: [GC (Allocation Failure) [PSYoungGen: 57341K->1424K(57856K)] 385576K->329659K(634368K), 0.0031231 secs] [Times: user=0.01 sys=0.00, real=0.01 secs] 
2283.846: [GC (Allocation Failure) [PSYoungGen: 57232K->1392K(57856K)] 385467K->329627K(634368K), 0.0030535 secs] [Times: user=0.01 sys=0.00, real=0.00 secs] 
2284.452: [GC (Allocation Failure) [PSYoungGen: 57200K->1344K(57856K)] 385435K->329579K(634368K), 0.0028238 secs] [Times: user=0.01 sys=0.00, real=0.01 secs] 
2285.034: [GC (Allocation Failure) [PSYoungGen: 57152K->1376K(57856K)] 385387K->329611K(634368K), 0.0028612 secs] [Times: user=0.01 sys=0.01, real=0.01 secs] 
2285.672: [GC (Allocation Failure) [PSYoungGen: 57184K->1376K(57856K)] 385419K->329611K(634368K), 0.0030292 secs] [Times: user=0.01 sys=0.00, real=0.01 secs] 
2286.384: [GC (Allocation Failure) [PSYoungGen: 57184K->1501K(57856K)] 385419K->329736K(634368K), 0.0015293 secs] [Times: user=0.00 sys=0.00, real=0.01 secs] 
2286.705: [GC (Allocation Failure) [PSYoungGen: 57309K->1565K(57856K)] 385544K->329816K(634368K), 0.0016119 secs] [Times: user=0.01 sys=0.00, real=0.00 secs] 
2287.028: [GC (Allocation Failure) [PSYoungGen: 57373K->1565K(57856K)] 385624K->329816K(634368K), 0.0015909 secs] [Times: user=0.01 sys=0.00, real=0.00 secs] 
2287.354: [GC (Allocation Failure) [PSYoungGen: 57373K->1533K(57856K)] 385624K->329808K(634368K), 0.0018267 secs] [Times: user=0.01 sys=0.00, real=0.01 secs] 
2287.750: [GC (Allocation Failure) [PSYoungGen: 57341K->2000K(57856K)] 385616K->330275K(634368K), 0.0020168 secs] [Times: user=0.01 sys=0.00, real=0.00 secs] 
2288.003: [GC (Allocation Failure) [PSYoungGen: 57808K->1360K(57856K)] 386083K->329635K(634368K), 0.0020084 secs] [Times: user=0.01 sys=0.00, real=0.01 secs] 
2288.252: [GC (Allocation Failure) [PSYoungGen: 57168K->1376K(57856K)] 385443K->329651K(634368K), 0.0021367 secs] [Times: user=0.01 sys=0.00, real=0.00 secs] 
2288.484: [GC (Allocation Failure) [PSYoungGen: 57184K->1376K(57856K)] 385459K->329651K(634368K), 0.0019994 secs] [Times: user=0.00 sys=0.00, real=0.01 secs] 
2288.715: [GC (Allocation Failure) [PSYoungGen: 57184K->1408K(57856K)] 385459K->329683K(634368K), 0.0019195 secs] [Times: user=0.01 sys=0.00, real=0.00 secs] 
2289.024: [GC (Allocation Failure) [PSYoungGen: 57216K->1469K(57856K)] 385491K->329744K(634368K), 0.0017206 secs] [Times: user=0.01 sys=0.00, real=0.01 secs] 
2289.348: [GC (Allocation Failure) [PSYoungGen: 57277K->1565K(57856K)] 385552K->329856K(634368K), 0.0015333 secs] [Times: user=0.01 sys=0.00, real=0.00 secs] 
2289.674: [GC (Allocation Failure) [PSYoungGen: 57373K->1501K(57856K)] 385664K->329792K(634368K), 0.0016119 secs] [Times: user=0.00 sys=0.00, real=0.01 secs] 
2290.000: [GC (Allocation Failure) [PSYoungGen: 57309K->1568K(57856K)] 385600K->329859K(634368K), 0.0015101 secs] [Times: user=0.01 sys=0.00, real=0.00 secs] 
2290.384: [GC (Allocation Failure) [PSYoungGen: 57359K->1536K(57856K)] 385650K->329827K(634368K), 0.0015691 secs] [Times: user=0.00 sys=0.00, real=0.01 secs] 
2290.752: [GC (Allocation Failure) [PSYoungGen: 57344K->1440K(57856K)] 385635K->329731K(634368K), 0.0021223 secs] [Times: user=0.00 sys=0.00, real=0.00 secs] 
2291.150: [GC (Allocation Failure) [PSYoungGen: 57248K->1376K(57856K)] 385539K->329667K(634368K), 0.0026772 secs] [Times: user=0.01 sys=0.00, real=0.00 secs] 
2291.590: [GC (Allocation Failure) [PSYoungGen: 57184K->1376K(57856K)] 385475K->329667K(634368K), 0.0026409 secs] [Times: user=0.01 sys=0.00, real=0.00 secs] 
2292.021: [GC (Allocation Failure) [PSYoungGen: 57184K->1376K(57856K)] 385475K->329667K(634368K), 0.0026031 secs] [Times: user=0.01 sys=0.00, real=0.00 secs] 
2292.614: [GC (Allocation Failure) [PSYoungGen: 57184K->1344K(57856K)] 385475K->329635K(634368K), 0.0033410 secs] [Times: user=0.01 sys=0.00, real=0.01 secs] 
2293.084: [GC (Allocation Failure) [PSYoungGen: 57152K->1533K(57856K)] 385443K->329840K(634368K), 0.0015220 secs] [Times: user=0.01 sys=0.00, real=0.01 secs] 
2293.410: [GC (Allocation Failure) [PSYoungGen: 57341K->1533K(57856K)] 385648K->329840K(634368K), 0.0015204 secs] [Times: user=0.01 sys=0.00, real=0.00 secs] 
2293.795: [GC (Allocation Failure) [PSYoungGen: 57341K->1549K(57856K)] 385648K->329856K(634368K), 0.0015750 secs] [Times: user=0.00 sys=0.00, real=0.00 secs] 
2294.179: [GC (Allocation Failure) [PSYoungGen: 57357K->1613K(57856K)] 385664K->329920K(634368K), 0.0015856 secs] [Times: user=0.01 sys=0.00, real=0.00 secs] 
2294.506: [GC (Allocation Failure) [PSYoungGen: 57421K->1472K(57856K)] 385728K->329779K(634368K), 0.0021710 secs] [Times: user=0.01 sys=0.00, real=0.00 secs] 
2294.761: [GC (Allocation Failure) [PSYoungGen: 57280K->1344K(57856K)] 385587K->329651K(634368K), 0.0025542 secs] [Times: user=0.01 sys=0.00, real=0.00 secs] 
2295.066: [GC (Allocation Failure) [PSYoungGen: 57152K->1344K(57856K)] 385459K->329651K(634368K), 0.0019136 secs] [Times: user=0.00 sys=0.00, real=0.00 secs] 
2295.298: [GC (Allocation Failure) [PSYoungGen: 57152K->1360K(57856K)] 385459K->329675K(634368K), 0.0019567 secs] [Times: user=0.01 sys=0.00, real=0.00 secs] 
2295.530: [GC (Allocation Failure) [PSYoungGen: 57168K->1408K(57856K)] 385483K->329723K(634368K), 0.0018571 secs] [Times: user=0.01 sys=0.00, real=0.00 secs] 
2295.816: [GC (Allocation Failure) [PSYoungGen: 57216K->1421K(57856K)] 385531K->329736K(634368K), 0.0015983 secs] [Times: user=0.00 sys=0.00, real=0.00 secs] 
2296.137: [GC (Allocation Failure) [PSYoungGen: 57229K->1520K(57856K)] 385544K->329867K(634368K), 0.0014935 secs] [Times: user=0.01 sys=0.00, real=0.00 secs] 
2296.520: [GC (Allocation Failure) [PSYoungGen: 57328K->1504K(57856K)] 385675K->329851K(634368K), 0.0015904 secs] [Times: user=0.01 sys=0.00, real=0.00 secs] 
2296.909: [GC (Allocation Failure) [PSYoungGen: 57312K->1597K(57856K)] 385659K->329944K(634368K), 0.0015631 secs] [Times: user=0.01 sys=0.00, real=0.00 secs] 
2297.232: [GC (Allocation Failure) [PSYoungGen: 57405K->1565K(57856K)] 385752K->329912K(634368K), 0.0015949 secs] [Times: user=0.00 sys=0.00, real=0.00 secs] 
2297.528: [GC (Allocation Failure) [PSYoungGen: 57373K->1376K(57856K)] 385720K->329723K(634368K), 0.0020786 secs] [Times: user=0.01 sys=0.00, real=0.00 secs] 
2297.761: [GC (Allocation Failure) [PSYoungGen: 57184K->1408K(57856K)] 385531K->329755K(634368K), 0.0020396 secs] [Times: user=0.00 sys=0.00, real=0.00 secs] 
2297.993: [GC (Allocation Failure) [PSYoungGen: 57216K->1392K(57856K)] 385563K->329739K(634368K), 0.0018416 secs] [Times: user=0.01 sys=0.00, real=0.01 secs] 
2298.225: [GC (Allocation Failure) [PSYoungGen: 57200K->1408K(57856K)] 385547K->329755K(634368K), 0.0018598 secs] [Times: user=0.01 sys=0.00, real=0.00 secs] 
2298.456: [GC (Allocation Failure) [PSYoungGen: 57216K->1408K(57856K)] 385563K->329755K(634368K), 0.0018764 secs] [Times: user=0.00 sys=0.00, real=0.00 secs] 
2298.801: [GC (Allocation Failure) [PSYoungGen: 57216K->1501K(57856K)] 385563K->329856K(634368K), 0.0015251 secs] [Times: user=0.01 sys=0.00, real=0.00 secs] 
2299.123: [GC (Allocation Failure) [PSYoungGen: 57309K->1549K(57856K)] 385664K->329904K(634368K), 0.0015191 secs] [Times: user=0.01 sys=0.00, real=0.01 secs] 
2299.450: [GC (Allocation Failure) [PSYoungGen: 57357K->1581K(57856K)] 385712K->329936K(634368K), 0.0015714 secs] [Times: user=0.01 sys=0.00, real=0.00 secs] 
2299.836: [GC (Allocation Failure) [PSYoungGen: 57368K->1536K(57856K)] 385723K->329891K(634368K), 0.0016002 secs] [Times: user=0.01 sys=0.00, real=0.00 secs] 
2300.346: [GC (Allocation Failure) [PSYoungGen: 57344K->1472K(57856K)] 385699K->329827K(634368K), 0.0019687 secs] [Times: user=0.01 sys=0.00, real=0.00 secs] 
2301.017: [GC (Allocation Failure) [PSYoungGen: 57280K->1376K(57856K)] 385635K->329731K(634368K), 0.0023440 secs] [Times: user=0.01 sys=0.00, real=0.00 secs] 
2301.792: [GC (Allocation Failure) [PSYoungGen: 57184K->1376K(57856K)] 385539K->329731K(634368K), 0.0027127 secs] [Times: user=0.01 sys=0.00, real=0.00 secs] 
2302.862: [GC (Allocation Failure) [PSYoungGen: 57184K->1376K(57856K)] 385539K->329731K(634368K), 0.0046674 secs] [Times: user=0.02 sys=0.00, real=0.01 secs] 
2303.781: [GC (Allocation Failure) [PSYoungGen: 57184K->1376K(57856K)] 385539K->329731K(634368K), 0.0038929 secs] [Times: user=0.01 sys=0.00, real=0.01 secs] 
2304.497: [GC (GCLocker Initiated GC) [PSYoungGen: 57184K->1488K(57856K)] 385539K->329843K(634368K), 0.0015822 secs] [Times: user=0.01 sys=0.00, real=0.00 secs] 
2304.825: [GC (Allocation Failure) [PSYoungGen: 57296K->1501K(57856K)] 385844K->330065K(634368K), 0.0017404 secs] [Times: user=0.00 sys=0.00, real=0.00 secs] 
2305.211: [GC (Allocation Failure) [PSYoungGen: 57309K->1600K(57856K)] 385873K->330164K(634368K), 0.0015747 secs] [Times: user=0.01 sys=0.00, real=0.00 secs] 
2305.534: [GC (Allocation Failure) [PSYoungGen: 57408K->1632K(57856K)] 385972K->330196K(634368K), 0.0015820 secs] [Times: user=0.01 sys=0.00, real=0.01 secs] 
2305.917: [GC (Allocation Failure) [PSYoungGen: 57440K->2016K(57856K)] 386004K->330660K(634368K), 0.0018381 secs] [Times: user=0.01 sys=0.00, real=0.00 secs] 
2306.185: [GC (Allocation Failure) [PSYoungGen: 57824K->1408K(57856K)] 386468K->330052K(634368K), 0.0022926 secs] [Times: user=0.00 sys=0.00, real=0.00 secs] 
2306.426: [GC (Allocation Failure) [PSYoungGen: 57216K->1440K(57856K)] 385860K->330084K(634368K), 0.0020001 secs] [Times: user=0.01 sys=0.00, real=0.00 secs] 
2306.902: [GC (Allocation Failure) [PSYoungGen: 57248K->1472K(57856K)] 385892K->330116K(634368K), 0.0021826 secs] [Times: user=0.01 sys=0.00, real=0.00 secs] 
2307.599: [GC (Allocation Failure) [PSYoungGen: 57280K->1488K(57856K)] 385924K->330132K(634368K), 0.0036842 secs] [Times: user=0.01 sys=0.00, real=0.00 secs] 
2308.333: [GC (Allocation Failure) [PSYoungGen: 57283K->1581K(57856K)] 385928K->330226K(634368K), 0.0023148 secs] [Times: user=0.01 sys=0.01, real=0.01 secs] 
2308.708: [GC (Allocation Failure) [PSYoungGen: 57389K->1709K(57856K)] 386034K->330370K(634368K), 0.0015778 secs] [Times: user=0.01 sys=0.00, real=0.00 secs] 
2309.031: [GC (Allocation Failure) [PSYoungGen: 57517K->1693K(57856K)] 386178K->330362K(634368K), 0.0015697 secs] [Times: user=0.00 sys=0.00, real=0.00 secs] 
2309.356: [GC (Allocation Failure) [PSYoungGen: 57501K->1725K(57856K)] 386170K->330394K(634368K), 0.0015324 secs] [Times: user=0.01 sys=0.00, real=0.00 secs] 
2309.682: [GC (Allocation Failure) [PSYoungGen: 57533K->1709K(57856K)] 386202K->330378K(634368K), 0.0015680 secs] [Times: user=0.01 sys=0.00, real=0.00 secs] 
2310.392: [GC (Allocation Failure) [PSYoungGen: 57517K->1584K(57856K)] 386186K->330252K(634368K), 0.0031434 secs] [Times: user=0.01 sys=0.00, real=0.01 secs] 
2310.870: [GC (Allocation Failure) [PSYoungGen: 57392K->1520K(57856K)] 386060K->330236K(634368K), 0.0027520 secs] [Times: user=0.01 sys=0.00, real=0.00 secs] 
2311.366: [GC (Allocation Failure) [PSYoungGen: 57328K->1520K(57856K)] 386044K->330244K(634368K), 0.0027731 secs] [Times: user=0.01 sys=0.00, real=0.00 secs] 
2311.680: [GC (Allocation Failure) [PSYoungGen: 57328K->1440K(57856K)] 386052K->330228K(634368K), 0.0020267 secs] [Times: user=0.01 sys=0.00, real=0.00 secs] 
2312.135: [GC (Allocation Failure) [PSYoungGen: 57248K->1408K(57856K)] 386036K->330196K(634368K), 0.0020229 secs] [Times: user=0.00 sys=0.00, real=0.00 secs] 
2312.633: [GC (Allocation Failure) [PSYoungGen: 57216K->1565K(57856K)] 386004K->330418K(634368K), 0.0015324 secs] [Times: user=0.00 sys=0.00, real=0.01 secs] 
2312.955: [GC (Allocation Failure) [PSYoungGen: 57373K->1536K(57856K)] 386226K->330388K(634368K), 0.0015531 secs] [Times: user=0.00 sys=0.00, real=0.01 secs] 
2313.279: [GC (Allocation Failure) [PSYoungGen: 57344K->1581K(57856K)] 386196K->330434K(634368K), 0.0016745 secs] [Times: user=0.01 sys=0.00, real=0.00 secs] 
2313.613: [GC (Allocation Failure) [PSYoungGen: 57383K->1565K(57856K)] 386236K->330418K(634368K), 0.0015377 secs] [Times: user=0.01 sys=0.00, real=0.00 secs] 
2314.115: [GC (Allocation Failure) [PSYoungGen: 57373K->1488K(57856K)] 386226K->330340K(634368K), 0.0023026 secs] [Times: user=0.01 sys=0.00, real=0.01 secs] 
2314.724: [GC (Allocation Failure) [PSYoungGen: 57296K->1376K(57856K)] 386148K->330228K(634368K), 0.0020739 secs] [Times: user=0.01 sys=0.00, real=0.01 secs] 
2315.581: [GC (Allocation Failure) [PSYoungGen: 57184K->1376K(57856K)] 386036K->330228K(634368K), 0.0021671 secs] [Times: user=0.00 sys=0.01, real=0.00 secs] 
2316.276: [GC (Allocation Failure) [PSYoungGen: 57184K->1344K(57856K)] 386036K->330196K(634368K), 0.0023467 secs] [Times: user=0.01 sys=0.00, real=0.00 secs] 
2316.928: [GC (Allocation Failure) [PSYoungGen: 57152K->1376K(57856K)] 386004K->330228K(634368K), 0.0020445 secs] [Times: user=0.01 sys=0.01, real=0.00 secs] 
2317.652: [GC (Allocation Failure) [PSYoungGen: 57184K->1501K(57856K)] 386036K->330354K(634368K), 0.0015633 secs] [Times: user=0.01 sys=0.00, real=0.00 secs] 
2317.975: [GC (Allocation Failure) [PSYoungGen: 57309K->1533K(57856K)] 386162K->330402K(634368K), 0.0015212 secs] [Times: user=0.00 sys=0.00, real=0.00 secs] 
2318.299: [GC (Allocation Failure) [PSYoungGen: 57341K->1565K(57856K)] 386210K->330450K(634368K), 0.0016939 secs] [Times: user=0.01 sys=0.00, real=0.00 secs] 
2318.691: [GC (Allocation Failure) [PSYoungGen: 57373K->1533K(57856K)] 386258K->330418K(634368K), 0.0016100 secs] [Times: user=0.01 sys=0.00, real=0.00 secs] 
2319.075: [GC (Allocation Failure) [PSYoungGen: 57341K->1565K(57856K)] 386226K->330450K(634368K), 0.0015512 secs] [Times: user=0.00 sys=0.00, real=0.00 secs] 
2319.402: [GC (Allocation Failure) [PSYoungGen: 57373K->1424K(57856K)] 386258K->330308K(634368K), 0.0021867 secs] [Times: user=0.01 sys=0.00, real=0.00 secs] 
2319.802: [GC (Allocation Failure) [PSYoungGen: 57232K->1376K(57856K)] 386116K->330260K(634368K), 0.0020158 secs] [Times: user=0.01 sys=0.00, real=0.00 secs] 
2320.206: [GC (Allocation Failure) [PSYoungGen: 57184K->1392K(57856K)] 386068K->330276K(634368K), 0.0022333 secs] [Times: user=0.01 sys=0.00, real=0.00 secs] 
2320.785: [GC (Allocation Failure) [PSYoungGen: 57200K->1376K(57856K)] 386084K->330260K(634368K), 0.0019085 secs] [Times: user=0.01 sys=0.00, real=0.00 secs] 
2321.320: [GC (Allocation Failure) [PSYoungGen: 57184K->1408K(57856K)] 386068K->330292K(634368K), 0.0019517 secs] [Times: user=0.01 sys=0.00, real=0.00 secs] 
2321.802: [GC (Allocation Failure) [PSYoungGen: 57216K->1533K(57856K)] 386100K->330434K(634368K), 0.0015346 secs] [Times: user=0.00 sys=0.00, real=0.00 secs] 
2322.127: [GC (Allocation Failure) [PSYoungGen: 57341K->1597K(57856K)] 386242K->330498K(634368K), 0.0015591 secs] [Times: user=0.01 sys=0.00, real=0.00 secs] 
2322.451: [GC (Allocation Failure) [PSYoungGen: 57405K->1536K(57856K)] 386306K->330436K(634368K), 0.0015403 secs] [Times: user=0.01 sys=0.00, real=0.00 secs] 
2322.774: [GC (Allocation Failure) [PSYoungGen: 57344K->1501K(57856K)] 386244K->330402K(634368K), 0.0015510 secs] [Times: user=0.01 sys=0.00, real=0.01 secs] 
2323.220: [GC (Allocation Failure) [PSYoungGen: 57309K->1472K(57856K)] 386210K->330372K(634368K), 0.0017571 secs] [Times: user=0.01 sys=0.01, real=0.00 secs] 
2323.878: [GC (Allocation Failure) [PSYoungGen: 57280K->1376K(57856K)] 386180K->330276K(634368K), 0.0024024 secs] [Times: user=0.01 sys=0.00, real=0.00 secs] 
2324.556: [GC (Allocation Failure) [PSYoungGen: 57184K->1376K(57856K)] 386084K->330276K(634368K), 0.0039044 secs] [Times: user=0.02 sys=0.00, real=0.00 secs] 
2325.223: [GC (Allocation Failure) [PSYoungGen: 57184K->1376K(57856K)] 386084K->330276K(634368K), 0.0033119 secs] [Times: user=0.01 sys=0.00, real=0.01 secs] 
2325.835: [GC (Allocation Failure) [PSYoungGen: 57184K->1376K(57856K)] 386084K->330276K(634368K), 0.0033271 secs] [Times: user=0.01 sys=0.00, real=0.00 secs] 
2326.316: [GC (Allocation Failure) [PSYoungGen: 57184K->1517K(57856K)] 386084K->330418K(634368K), 0.0016224 secs] [Times: user=0.01 sys=0.00, real=0.00 secs] 
2326.638: [GC (Allocation Failure) [PSYoungGen: 57325K->1613K(57856K)] 386226K->330530K(634368K), 0.0014997 secs] [Times: user=0.01 sys=0.00, real=0.00 secs] 
2326.962: [GC (Allocation Failure) [PSYoungGen: 57421K->1565K(57856K)] 386338K->330482K(634368K), 0.0015318 secs] [Times: user=0.00 sys=0.00, real=0.00 secs] 
2327.285: [GC (Allocation Failure) [PSYoungGen: 57373K->1533K(57856K)] 386290K->330450K(634368K), 0.0015355 secs] [Times: user=0.01 sys=0.00, real=0.00 secs] 
2327.682: [GC (Allocation Failure) [PSYoungGen: 57034K->2000K(57856K)] 385951K->330940K(634368K), 0.0017933 secs] [Times: user=0.01 sys=0.00, real=0.00 secs] 
2328.382: [GC (Allocation Failure) [PSYoungGen: 57808K->1344K(57856K)] 386748K->330284K(634368K), 0.0023531 secs] [Times: user=0.01 sys=0.00, real=0.00 secs] 
2329.016: [GC (Allocation Failure) [PSYoungGen: 57152K->1344K(57856K)] 386092K->330284K(634368K), 0.0040235 secs] [Times: user=0.02 sys=0.00, real=0.00 secs] 
2329.805: [GC (Allocation Failure) [PSYoungGen: 57152K->1344K(57856K)] 386092K->330284K(634368K), 0.0032095 secs] [Times: user=0.02 sys=0.00, real=0.01 secs] 
2330.599: [GC (Allocation Failure) [PSYoungGen: 57152K->1392K(57856K)] 386092K->330332K(634368K), 0.0041378 secs] [Times: user=0.02 sys=0.00, real=0.00 secs] 
2331.296: [GC (Allocation Failure) [PSYoungGen: 57200K->1501K(57856K)] 386140K->330442K(634368K), 0.0028383 secs] [Times: user=0.02 sys=0.00, real=0.00 secs] 
2331.738: [GC (Allocation Failure) [PSYoungGen: 57309K->1565K(57856K)] 386250K->330514K(634368K), 0.0016053 secs] [Times: user=0.01 sys=0.00, real=0.00 secs] 
2332.120: [GC (Allocation Failure) [PSYoungGen: 57373K->1581K(57856K)] 386322K->330530K(634368K), 0.0015944 secs] [Times: user=0.01 sys=0.00, real=0.00 secs] 
2332.442: [GC (Allocation Failure) [PSYoungGen: 57389K->1565K(57856K)] 386338K->330514K(634368K), 0.0015668 secs] [Times: user=0.01 sys=0.00, real=0.00 secs] 
2332.823: [GC (Allocation Failure) [PSYoungGen: 57373K->1581K(57856K)] 386322K->330530K(634368K), 0.0015758 secs] [Times: user=0.00 sys=0.00, real=0.01 secs] 
2333.153: [GC (Allocation Failure) [PSYoungGen: 57389K->1424K(57856K)] 386338K->330372K(634368K), 0.0029158 secs] [Times: user=0.01 sys=0.00, real=0.01 secs] 
2333.388: [GC (Allocation Failure) [PSYoungGen: 57232K->1440K(57856K)] 386180K->330388K(634368K), 0.0020206 secs] [Times: user=0.01 sys=0.00, real=0.00 secs] 
2333.876: [GC (Allocation Failure) [PSYoungGen: 57248K->1376K(57856K)] 386196K->330324K(634368K), 0.0020848 secs] [Times: user=0.01 sys=0.00, real=0.00 secs] 
2334.279: [GC (Allocation Failure) [PSYoungGen: 57184K->1376K(57856K)] 386132K->330324K(634368K), 0.0019579 secs] [Times: user=0.01 sys=0.00, real=0.00 secs] 
2334.700: [GC (Allocation Failure) [PSYoungGen: 57184K->1376K(57856K)] 386132K->330324K(634368K), 0.0031544 secs] [Times: user=0.02 sys=0.00, real=0.00 secs] 
2335.183: [GC (Allocation Failure) [PSYoungGen: 57184K->1485K(57856K)] 386132K->330442K(634368K), 0.0016354 secs] [Times: user=0.00 sys=0.00, real=0.01 secs] 
2335.562: [GC (Allocation Failure) [PSYoungGen: 57293K->1501K(57856K)] 386250K->330458K(634368K), 0.0015557 secs] [Times: user=0.00 sys=0.00, real=0.00 secs] 
2335.948: [GC (Allocation Failure) [PSYoungGen: 57309K->1597K(57856K)] 386266K->330554K(634368K), 0.0015687 secs] [Times: user=0.01 sys=0.00, real=0.00 secs] 
2336.271: [GC (Allocation Failure) [PSYoungGen: 57405K->1581K(57856K)] 386362K->330538K(634368K), 0.0016409 secs] [Times: user=0.01 sys=0.00, real=0.00 secs] 
2336.590: [GC (Allocation Failure) [PSYoungGen: 57389K->1456K(57856K)] 386346K->330436K(634368K), 0.0021051 secs] [Times: user=0.01 sys=0.00, real=0.00 secs] 
2336.835: [GC (Allocation Failure) [PSYoungGen: 57264K->1376K(57856K)] 386244K->330356K(634368K), 0.0021054 secs] [Times: user=0.00 sys=0.00, real=0.00 secs] 
2337.067: [GC (Allocation Failure) [PSYoungGen: 57184K->1344K(57856K)] 386164K->330324K(634368K), 0.0019380 secs] [Times: user=0.01 sys=0.00, real=0.00 secs] 
2337.299: [GC (Allocation Failure) [PSYoungGen: 57152K->1408K(57856K)] 386132K->330388K(634368K), 0.0018354 secs] [Times: user=0.01 sys=0.00, real=0.00 secs] 
2337.531: [GC (Allocation Failure) [PSYoungGen: 57216K->1376K(57856K)] 386196K->330356K(634368K), 0.0022113 secs] [Times: user=0.01 sys=0.00, real=0.00 secs] 
2337.838: [GC (Allocation Failure) [PSYoungGen: 57184K->1501K(57856K)] 386164K->330482K(634368K), 0.0015179 secs] [Times: user=0.01 sys=0.00, real=0.00 secs] 
2338.160: [GC (Allocation Failure) [PSYoungGen: 57309K->1536K(57856K)] 386290K->330532K(634368K), 0.0015569 secs] [Times: user=0.00 sys=0.00, real=0.00 secs] 
2338.487: [GC (Allocation Failure) [PSYoungGen: 57344K->1565K(57856K)] 386340K->330562K(634368K), 0.0017538 secs] [Times: user=0.01 sys=0.00, real=0.00 secs] 
2338.813: [GC (Allocation Failure) [PSYoungGen: 57373K->1549K(57856K)] 386370K->330546K(634368K), 0.0015376 secs] [Times: user=0.01 sys=0.00, real=0.00 secs] 
2339.136: [GC (Allocation Failure) [PSYoungGen: 57357K->1581K(57856K)] 386354K->330578K(634368K), 0.0015378 secs] [Times: user=0.01 sys=0.00, real=0.00 secs] 
2339.420: [GC (Allocation Failure) [PSYoungGen: 57389K->1440K(57856K)] 386386K->330436K(634368K), 0.0030813 secs] [Times: user=0.02 sys=0.00, real=0.00 secs] 
2339.693: [GC (Allocation Failure) [PSYoungGen: 57248K->1344K(57856K)] 386244K->330340K(634368K), 0.0024056 secs] [Times: user=0.01 sys=0.00, real=0.01 secs] 
2339.933: [GC (Allocation Failure) [PSYoungGen: 57152K->1376K(57856K)] 386148K->330372K(634368K), 0.0018658 secs] [Times: user=0.01 sys=0.00, real=0.00 secs] 
2340.177: [GC (Allocation Failure) [PSYoungGen: 57184K->1408K(57856K)] 386180K->330404K(634368K), 0.0019283 secs] [Times: user=0.01 sys=0.01, real=0.00 secs] 
2340.419: [GC (Allocation Failure) [PSYoungGen: 57216K->1408K(57856K)] 386212K->330404K(634368K), 0.0019916 secs] [Times: user=0.01 sys=0.00, real=0.00 secs] 
2340.792: [GC (Allocation Failure) [PSYoungGen: 57216K->1472K(57856K)] 386212K->330476K(634368K), 0.0015305 secs] [Times: user=0.00 sys=0.00, real=0.00 secs] 
2341.113: [GC (Allocation Failure) [PSYoungGen: 57280K->1597K(57856K)] 386284K->330602K(634368K), 0.0015566 secs] [Times: user=0.01 sys=0.00, real=0.00 secs] 
2341.436: [GC (Allocation Failure) [PSYoungGen: 57405K->1565K(57856K)] 386410K->330570K(634368K), 0.0015641 secs] [Times: user=0.01 sys=0.00, real=0.00 secs] 
2341.760: [GC (Allocation Failure) [PSYoungGen: 57373K->1581K(57856K)] 386378K->330586K(634368K), 0.0015551 secs] [Times: user=0.01 sys=0.00, real=0.00 secs] 
2342.281: [GC (Allocation Failure) [PSYoungGen: 57389K->1488K(57856K)] 386394K->330492K(634368K), 0.0018993 secs] [Times: user=0.01 sys=0.00, real=0.00 secs] 
2342.829: [GC (Allocation Failure) [PSYoungGen: 57296K->1376K(57856K)] 386300K->330380K(634368K), 0.0038996 secs] [Times: user=0.02 sys=0.00, real=0.00 secs] 
2343.354: [GC (Allocation Failure) [PSYoungGen: 57184K->1344K(57856K)] 386188K->330348K(634368K), 0.0026416 secs] [Times: user=0.01 sys=0.00, real=0.01 secs] 
2343.991: [GC (Allocation Failure) [PSYoungGen: 57152K->1408K(57856K)] 386156K->330412K(634368K), 0.0028175 secs] [Times: user=0.01 sys=0.00, real=0.00 secs] 
2344.578: [GC (Allocation Failure) [PSYoungGen: 57216K->1376K(57856K)] 386220K->330380K(634368K), 0.0025656 secs] [Times: user=0.01 sys=0.00, real=0.00 secs] 
2345.134: [GC (Allocation Failure) [PSYoungGen: 57184K->1501K(57856K)] 386188K->330506K(634368K), 0.0016943 secs] [Times: user=0.01 sys=0.00, real=0.01 secs] 
2345.457: [GC (Allocation Failure) [PSYoungGen: 57309K->1597K(57856K)] 386314K->330618K(634368K), 0.0015696 secs] [Times: user=0.01 sys=0.00, real=0.00 secs] 
2345.847: [GC (Allocation Failure) [PSYoungGen: 57405K->1549K(57856K)] 386426K->330570K(634368K), 0.0018319 secs] [Times: user=0.00 sys=0.00, real=0.00 secs] 
2346.170: [GC (Allocation Failure) [PSYoungGen: 57357K->1565K(57856K)] 386378K->330586K(634368K), 0.0017160 secs] [Times: user=0.00 sys=0.00, real=0.00 secs] 
2346.631: [GC (Allocation Failure) [PSYoungGen: 57373K->1696K(57856K)] 386394K->330716K(634368K), 0.0018726 secs] [Times: user=0.01 sys=0.00, real=0.00 secs] 
2347.099: [GC (Allocation Failure) [PSYoungGen: 57504K->1360K(57856K)] 386524K->330380K(634368K), 0.0032775 secs] [Times: user=0.01 sys=0.00, real=0.00 secs] 
2347.672: [GC (Allocation Failure) [PSYoungGen: 57168K->1408K(57856K)] 386188K->330444K(634368K), 0.0030508 secs] [Times: user=0.02 sys=0.00, real=0.01 secs] 
2348.138: [GC (Allocation Failure) [PSYoungGen: 57216K->1376K(57856K)] 386252K->330412K(634368K), 0.0026847 secs] [Times: user=0.01 sys=0.00, real=0.00 secs] 
2348.552: [GC (Allocation Failure) [PSYoungGen: 57184K->1376K(57856K)] 386220K->330412K(634368K), 0.0023065 secs] [Times: user=0.01 sys=0.01, real=0.00 secs] 
2348.895: [GC (Allocation Failure) [PSYoungGen: 57184K->1437K(57856K)] 386220K->330474K(634368K), 0.0016714 secs] [Times: user=0.01 sys=0.00, real=0.00 secs] 
2349.228: [GC (Allocation Failure) [PSYoungGen: 57245K->1565K(57856K)] 386282K->330626K(634368K), 0.0015324 secs] [Times: user=0.00 sys=0.00, real=0.00 secs] 
2349.550: [GC (Allocation Failure) [PSYoungGen: 57373K->1517K(57856K)] 386434K->330578K(634368K), 0.0015606 secs] [Times: user=0.01 sys=0.00, real=0.00 secs] 
2349.875: [GC (Allocation Failure) [PSYoungGen: 57325K->1501K(57856K)] 386386K->330562K(634368K), 0.0015563 secs] [Times: user=0.01 sys=0.00, real=0.00 secs] 
2350.199: [GC (Allocation Failure) [PSYoungGen: 57309K->1597K(57856K)] 386370K->330658K(634368K), 0.0016250 secs] [Times: user=0.01 sys=0.00, real=0.00 secs] 
2350.479: [GC (Allocation Failure) [PSYoungGen: 57405K->1440K(57856K)] 386466K->330500K(634368K), 0.0017796 secs] [Times: user=0.01 sys=0.00, real=0.00 secs] 
2350.711: [GC (Allocation Failure) [PSYoungGen: 57248K->1408K(57856K)] 386308K->330468K(634368K), 0.0017517 secs] [Times: user=0.01 sys=0.00, real=0.00 secs] 
2350.943: [GC (Allocation Failure) [PSYoungGen: 57216K->1376K(57856K)] 386276K->330436K(634368K), 0.0017419 secs] [Times: user=0.00 sys=0.00, real=0.00 secs] 
2351.174: [GC (Allocation Failure) [PSYoungGen: 57184K->1376K(57856K)] 386244K->330436K(634368K), 0.0018143 secs] [Times: user=0.01 sys=0.00, real=0.01 secs] 
2351.440: [GC (Allocation Failure) [PSYoungGen: 57184K->1376K(57856K)] 386244K->330436K(634368K), 0.0017413 secs] [Times: user=0.01 sys=0.00, real=0.00 secs] 
2351.831: [GC (Allocation Failure) [PSYoungGen: 57184K->1533K(57856K)] 386244K->330610K(634368K), 0.0015805 secs] [Times: user=0.00 sys=0.00, real=0.00 secs] 
2352.154: [GC (Allocation Failure) [PSYoungGen: 57341K->1565K(57856K)] 386418K->330642K(634368K), 0.0015598 secs] [Times: user=0.01 sys=0.00, real=0.01 secs] 
2352.477: [GC (Allocation Failure) [PSYoungGen: 57373K->1533K(57856K)] 386450K->330610K(634368K), 0.0016016 secs] [Times: user=0.01 sys=0.00, real=0.00 secs] 
2352.800: [GC (Allocation Failure) [PSYoungGen: 57341K->1565K(57856K)] 386418K->330642K(634368K), 0.0015503 secs] [Times: user=0.01 sys=0.00, real=0.00 secs] 
2353.292: [GC (Allocation Failure) [PSYoungGen: 57373K->1488K(57856K)] 386450K->330572K(634368K), 0.0019882 secs] [Times: user=0.01 sys=0.00, real=0.00 secs] 
2353.807: [GC (Allocation Failure) [PSYoungGen: 57296K->1376K(57856K)] 386380K->330460K(634368K), 0.0043474 secs] [Times: user=0.02 sys=0.00, real=0.00 secs] 
2354.291: [GC (Allocation Failure) [PSYoungGen: 57184K->1408K(57856K)] 386268K->330492K(634368K), 0.0030384 secs] [Times: user=0.01 sys=0.00, real=0.00 secs] 
2354.747: [GC (Allocation Failure) [PSYoungGen: 57216K->1376K(57856K)] 386300K->330460K(634368K), 0.0029970 secs] [Times: user=0.02 sys=0.00, real=0.00 secs] 
2355.276: [GC (Allocation Failure) [PSYoungGen: 57184K->1328K(57856K)] 386268K->330412K(634368K), 0.0028783 secs] [Times: user=0.01 sys=0.00, real=0.00 secs] 
2355.625: [GC (Allocation Failure) [PSYoungGen: 57136K->1469K(57856K)] 386220K->330554K(634368K), 0.0014973 secs] [Times: user=0.01 sys=0.00, real=0.00 secs] 
2355.948: [GC (Allocation Failure) [PSYoungGen: 57277K->1565K(57856K)] 386362K->330658K(634368K), 0.0015386 secs] [Times: user=0.01 sys=0.00, real=0.00 secs] 
2356.334: [GC (Allocation Failure) [PSYoungGen: 57373K->1549K(57856K)] 386466K->330658K(634368K), 0.0015507 secs] [Times: user=0.00 sys=0.00, real=0.01 secs] 
2356.658: [GC (Allocation Failure) [PSYoungGen: 57357K->1565K(57856K)] 386466K->330674K(634368K), 0.0015603 secs] [Times: user=0.01 sys=0.00, real=0.00 secs] 
2356.981: [GC (Allocation Failure) [PSYoungGen: 57373K->1613K(57856K)] 386482K->330722K(634368K), 0.0015580 secs] [Times: user=0.01 sys=0.00, real=0.00 secs] 
2357.269: [GC (Allocation Failure) [PSYoungGen: 57421K->1408K(57856K)] 386530K->330516K(634368K), 0.0023462 secs] [Times: user=0.01 sys=0.00, real=0.00 secs] 
2357.575: [GC (Allocation Failure) [PSYoungGen: 57216K->1408K(57856K)] 386324K->330516K(634368K), 0.0019501 secs] [Times: user=0.01 sys=0.00, real=0.00 secs] 
2357.819: [GC (Allocation Failure) [PSYoungGen: 57216K->1408K(57856K)] 386324K->330516K(634368K), 0.0019195 secs] [Times: user=0.00 sys=0.00, real=0.00 secs] 
2358.173: [GC (Allocation Failure) [PSYoungGen: 57216K->1376K(57856K)] 386324K->330484K(634368K), 0.0019686 secs] [Times: user=0.01 sys=0.00, real=0.00 secs] 
2358.554: [GC (Allocation Failure) [PSYoungGen: 57184K->1376K(57856K)] 386292K->330484K(634368K), 0.0019314 secs] [Times: user=0.00 sys=0.00, real=0.01 secs] 
2358.996: [GC (Allocation Failure) [PSYoungGen: 57184K->1504K(57856K)] 386292K->330628K(634368K), 0.0015411 secs] [Times: user=0.00 sys=0.00, real=0.00 secs] 
2359.317: [GC (Allocation Failure) [PSYoungGen: 57312K->1565K(57856K)] 386436K->330690K(634368K), 0.0015577 secs] [Times: user=0.01 sys=0.00, real=0.00 secs] 
2359.643: [GC (Allocation Failure) [PSYoungGen: 57373K->1517K(57856K)] 386498K->330642K(634368K), 0.0015432 secs] [Times: user=0.01 sys=0.00, real=0.00 secs] 
2359.969: [GC (Allocation Failure) [PSYoungGen: 57325K->1504K(57856K)] 386450K->330628K(634368K), 0.0015523 secs] [Times: user=0.01 sys=0.00, real=0.00 secs] 
2360.512: [GC (Allocation Failure) [PSYoungGen: 57312K->1472K(57856K)] 386436K->330596K(634368K), 0.0031027 secs] [Times: user=0.01 sys=0.00, real=0.01 secs] 
2361.021: [GC (Allocation Failure) [PSYoungGen: 57280K->1376K(57856K)] 386404K->330500K(634368K), 0.0022999 secs] [Times: user=0.01 sys=0.00, real=0.00 secs] 
2361.557: [GC (Allocation Failure) [PSYoungGen: 57184K->1376K(57856K)] 386308K->330500K(634368K), 0.0025497 secs] [Times: user=0.01 sys=0.00, real=0.00 secs] 
2362.195: [GC (Allocation Failure) [PSYoungGen: 57184K->1344K(57856K)] 386308K->330468K(634368K), 0.0022504 secs] [Times: user=0.01 sys=0.00, real=0.00 secs] 
2363.040: [GC (Allocation Failure) [PSYoungGen: 57152K->1312K(57856K)] 386276K->330436K(634368K), 0.0028584 secs] [Times: user=0.01 sys=0.00, real=0.00 secs] 
2363.794: [GC (Allocation Failure) [PSYoungGen: 57120K->1549K(57856K)] 386244K->330674K(634368K), 0.0015537 secs] [Times: user=0.01 sys=0.00, real=0.01 secs] 
2364.176: [GC (Allocation Failure) [PSYoungGen: 57357K->1549K(57856K)] 386482K->330690K(634368K), 0.0015884 secs] [Times: user=0.00 sys=0.00, real=0.00 secs] 
2364.500: [GC (Allocation Failure) [PSYoungGen: 57357K->1549K(57856K)] 386498K->330690K(634368K), 0.0015692 secs] [Times: user=0.01 sys=0.00, real=0.00 secs] 
2364.831: [GC (Allocation Failure) [PSYoungGen: 57357K->1533K(57856K)] 386498K->330674K(634368K), 0.0015538 secs] [Times: user=0.01 sys=0.00, real=0.00 secs] 
2365.183: [GC (Allocation Failure) [PSYoungGen: 57341K->2016K(57856K)] 386482K->331156K(634368K), 0.0017967 secs] [Times: user=0.01 sys=0.00, real=0.01 secs] 
2365.709: [GC (Allocation Failure) [PSYoungGen: 57824K->1408K(57856K)] 386964K->330548K(634368K), 0.0032639 secs] [Times: user=0.01 sys=0.00, real=0.00 secs] 
2366.174: [GC (Allocation Failure) [PSYoungGen: 57216K->1408K(57856K)] 386356K->330548K(634368K), 0.0030594 secs] [Times: user=0.01 sys=0.00, real=0.01 secs] 
2366.627: [GC (Allocation Failure) [PSYoungGen: 57216K->1376K(57856K)] 386356K->330516K(634368K), 0.0025404 secs] [Times: user=0.01 sys=0.00, real=0.00 secs] 
2366.922: [GC (Allocation Failure) [PSYoungGen: 57184K->1344K(57856K)] 386324K->330484K(634368K), 0.0021849 secs] [Times: user=0.01 sys=0.00, real=0.00 secs] 
2367.347: [GC (Allocation Failure) [PSYoungGen: 57152K->1437K(57856K)] 386292K->330578K(634368K), 0.0020463 secs] [Times: user=0.00 sys=0.00, real=0.00 secs] 
2367.778: [GC (Allocation Failure) [PSYoungGen: 57245K->1565K(57856K)] 386386K->330738K(634368K), 0.0016114 secs] [Times: user=0.01 sys=0.00, real=0.00 secs] 
2368.154: [GC (Allocation Failure) [PSYoungGen: 57373K->1501K(57856K)] 386546K->330674K(634368K), 0.0018283 secs] [Times: user=0.01 sys=0.01, real=0.01 secs] 
2368.479: [GC (Allocation Failure) [PSYoungGen: 57309K->1533K(57856K)] 386482K->330706K(634368K), 0.0015620 secs] [Times: user=0.01 sys=0.00, real=0.00 secs] 
2368.802: [GC (Allocation Failure) [PSYoungGen: 57341K->1533K(57856K)] 386514K->330706K(634368K), 0.0015552 secs] [Times: user=0.00 sys=0.00, real=0.00 secs] 
2369.170: [GC (Allocation Failure) [PSYoungGen: 57341K->1424K(57856K)] 386514K->330604K(634368K), 0.0026419 secs] [Times: user=0.01 sys=0.00, real=0.00 secs] 
2369.397: [GC (Allocation Failure) [PSYoungGen: 57232K->1424K(57856K)] 386412K->330604K(634368K), 0.0018294 secs] [Times: user=0.01 sys=0.00, real=0.00 secs] 
2369.630: [GC (Allocation Failure) [PSYoungGen: 57232K->1376K(57856K)] 386412K->330556K(634368K), 0.0019656 secs] [Times: user=0.01 sys=0.00, real=0.00 secs] 
2369.862: [GC (Allocation Failure) [PSYoungGen: 57184K->1408K(57856K)] 386364K->330588K(634368K), 0.0018757 secs] [Times: user=0.01 sys=0.00, real=0.00 secs] 
2370.271: [GC (Allocation Failure) [PSYoungGen: 57216K->1376K(57856K)] 386396K->330556K(634368K), 0.0019666 secs] [Times: user=0.01 sys=0.00, real=0.00 secs] 
2370.637: [GC (Allocation Failure) [PSYoungGen: 57184K->1565K(57856K)] 386364K->330762K(634368K), 0.0016354 secs] [Times: user=0.01 sys=0.00, real=0.00 secs] 
2370.960: [GC (Allocation Failure) [PSYoungGen: 57373K->1533K(57856K)] 386570K->330730K(634368K), 0.0016942 secs] [Times: user=0.01 sys=0.00, real=0.00 secs] 
2371.284: [GC (Allocation Failure) [PSYoungGen: 57341K->1565K(57856K)] 386538K->330762K(634368K), 0.0016998 secs] [Times: user=0.00 sys=0.00, real=0.01 secs] 
2371.609: [GC (Allocation Failure) [PSYoungGen: 57357K->1565K(57856K)] 386554K->330762K(634368K), 0.0016861 secs] [Times: user=0.01 sys=0.00, real=0.00 secs] 
2371.958: [GC (Allocation Failure) [PSYoungGen: 57373K->1504K(57856K)] 386570K->330700K(634368K), 0.0016818 secs] [Times: user=0.01 sys=0.00, real=0.00 secs] 
2372.203: [GC (Allocation Failure) [PSYoungGen: 57312K->1376K(57856K)] 386508K->330572K(634368K), 0.0017387 secs] [Times: user=0.01 sys=0.00, real=0.01 secs] 
2372.435: [GC (Allocation Failure) [PSYoungGen: 57184K->1376K(57856K)] 386380K->330572K(634368K), 0.0016352 secs] [Times: user=0.01 sys=0.00, real=0.00 secs] 
2372.667: [GC (Allocation Failure) [PSYoungGen: 57184K->1376K(57856K)] 386380K->330572K(634368K), 0.0016795 secs] [Times: user=0.01 sys=0.00, real=0.00 secs] 
2372.898: [GC (Allocation Failure) [PSYoungGen: 57184K->1376K(57856K)] 386380K->330572K(634368K), 0.0020426 secs] [Times: user=0.01 sys=0.00, real=0.00 secs] 
2373.193: [GC (Allocation Failure) [PSYoungGen: 57184K->1469K(57856K)] 386380K->330666K(634368K), 0.0016139 secs] [Times: user=0.01 sys=0.00, real=0.00 secs] 
2373.576: [GC (Allocation Failure) [PSYoungGen: 57277K->1520K(57856K)] 386474K->330732K(634368K), 0.0017977 secs] [Times: user=0.01 sys=0.00, real=0.00 secs] 
2373.960: [GC (Allocation Failure) [PSYoungGen: 57328K->1581K(57856K)] 386540K->330794K(634368K), 0.0018027 secs] [Times: user=0.00 sys=0.00, real=0.00 secs] 
2374.283: [GC (Allocation Failure) [PSYoungGen: 57389K->1568K(57856K)] 386602K->330780K(634368K), 0.0017965 secs] [Times: user=0.01 sys=0.00, real=0.01 secs] 
2374.669: [GC (Allocation Failure) [PSYoungGen: 57376K->1581K(57856K)] 386588K->330794K(634368K), 0.0017631 secs] [Times: user=0.01 sys=0.00, real=0.00 secs] 
2375.378: [GC (Allocation Failure) [PSYoungGen: 57389K->1440K(57856K)] 386602K->330652K(634368K), 0.0031933 secs] [Times: user=0.01 sys=0.00, real=0.00 secs] 
2375.841: [GC (Allocation Failure) [PSYoungGen: 57248K->1376K(57856K)] 386460K->330604K(634368K), 0.0031496 secs] [Times: user=0.01 sys=0.00, real=0.00 secs] 
2376.366: [GC (Allocation Failure) [PSYoungGen: 57184K->1376K(57856K)] 386412K->330604K(634368K), 0.0023036 secs] [Times: user=0.01 sys=0.00, real=0.00 secs] 
2376.891: [GC (Allocation Failure) [PSYoungGen: 57184K->1344K(57856K)] 386412K->330572K(634368K), 0.0032665 secs] [Times: user=0.01 sys=0.00, real=0.00 secs] 
2377.459: [GC (Allocation Failure) [PSYoungGen: 57152K->1376K(57856K)] 386380K->330604K(634368K), 0.0030374 secs] [Times: user=0.01 sys=0.00, real=0.00 secs] 
2377.896: [GC (Allocation Failure) [PSYoungGen: 57184K->1552K(57856K)] 386412K->330796K(634368K), 0.0017030 secs] [Times: user=0.00 sys=0.00, real=0.00 secs] 
2378.220: [GC (Allocation Failure) [PSYoungGen: 57360K->1565K(57856K)] 386604K->330810K(634368K), 0.0016929 secs] [Times: user=0.01 sys=0.00, real=0.00 secs] 
2378.605: [GC (Allocation Failure) [PSYoungGen: 57373K->1565K(57856K)] 386618K->330810K(634368K), 0.0017974 secs] [Times: user=0.01 sys=0.00, real=0.00 secs] 
2378.993: [GC (Allocation Failure) [PSYoungGen: 57373K->1581K(57856K)] 386618K->330826K(634368K), 0.0017900 secs] [Times: user=0.00 sys=0.00, real=0.01 secs] 
2379.542: [GC (Allocation Failure) [PSYoungGen: 57389K->1472K(57856K)] 386634K->330716K(634368K), 0.0034344 secs] [Times: user=0.01 sys=0.00, real=0.01 secs] 
2380.104: [GC (Allocation Failure) [PSYoungGen: 57280K->1376K(57856K)] 386524K->330620K(634368K), 0.0039043 secs] [Times: user=0.02 sys=0.00, real=0.01 secs] 
2380.658: [GC (Allocation Failure) [PSYoungGen: 57184K->1344K(57856K)] 386428K->330588K(634368K), 0.0042020 secs] [Times: user=0.02 sys=0.00, real=0.00 secs] 
2381.100: [GC (Allocation Failure) [PSYoungGen: 57152K->1376K(57856K)] 386396K->330620K(634368K), 0.0025374 secs] [Times: user=0.01 sys=0.00, real=0.00 secs] 
2381.498: [GC (Allocation Failure) [PSYoungGen: 57184K->1408K(57856K)] 386428K->330652K(634368K), 0.0025161 secs] [Times: user=0.01 sys=0.00, real=0.00 secs] 
2382.076: [GC (Allocation Failure) [PSYoungGen: 57216K->1485K(57856K)] 386460K->330730K(634368K), 0.0016044 secs] [Times: user=0.01 sys=0.00, real=0.00 secs] 
2382.398: [GC (Allocation Failure) [PSYoungGen: 57293K->1565K(57856K)] 386538K->330826K(634368K), 0.0017022 secs] [Times: user=0.01 sys=0.00, real=0.00 secs] 
2382.721: [GC (Allocation Failure) [PSYoungGen: 57373K->1565K(57856K)] 386634K->330826K(634368K), 0.0016880 secs] [Times: user=0.01 sys=0.00, real=0.00 secs] 
2383.045: [GC (Allocation Failure) [PSYoungGen: 57373K->1501K(57856K)] 386634K->330762K(634368K), 0.0017910 secs] [Times: user=0.00 sys=0.00, real=0.00 secs] 
2383.595: [GC (Allocation Failure) [PSYoungGen: 57309K->1776K(57856K)] 386570K->331036K(634368K), 0.0020626 secs] [Times: user=0.01 sys=0.00, real=0.00 secs] 
2384.413: [GC (Allocation Failure) [PSYoungGen: 57584K->1376K(57856K)] 386844K->330636K(634368K), 0.0039414 secs] [Times: user=0.01 sys=0.00, real=0.01 secs] 
2384.892: [GC (Allocation Failure) [PSYoungGen: 57184K->1376K(57856K)] 386444K->330636K(634368K), 0.0023765 secs] [Times: user=0.01 sys=0.00, real=0.01 secs] 
2385.348: [GC (Allocation Failure) [PSYoungGen: 57184K->1376K(57856K)] 386444K->330636K(634368K), 0.0022927 secs] [Times: user=0.01 sys=0.00, real=0.00 secs] 
2385.678: [GC (Allocation Failure) [PSYoungGen: 57184K->1344K(57856K)] 386444K->330604K(634368K), 0.0020025 secs] [Times: user=0.01 sys=0.00, real=0.00 secs] 
2385.951: [GC (Allocation Failure) [PSYoungGen: 57152K->1472K(57856K)] 386412K->330732K(634368K), 0.0018550 secs] [Times: user=0.00 sys=0.00, real=0.00 secs] 
2386.356: [GC (Allocation Failure) [PSYoungGen: 57280K->1600K(57856K)] 386540K->330876K(634368K), 0.0017512 secs] [Times: user=0.01 sys=0.00, real=0.00 secs] 
2386.679: [GC (Allocation Failure) [PSYoungGen: 57384K->1536K(57856K)] 386661K->330812K(634368K), 0.0017389 secs] [Times: user=0.01 sys=0.00, real=0.00 secs] 
2387.066: [GC (Allocation Failure) [PSYoungGen: 57344K->1533K(57856K)] 386620K->330842K(634368K), 0.0017808 secs] [Times: user=0.01 sys=0.00, real=0.00 secs] 
2387.446: [GC (Allocation Failure) [PSYoungGen: 57341K->1565K(57856K)] 386650K->330874K(634368K), 0.0017169 secs] [Times: user=0.01 sys=0.00, real=0.00 secs] 
2387.771: [GC (Allocation Failure) [PSYoungGen: 57373K->1440K(57856K)] 386682K->330748K(634368K), 0.0032416 secs] [Times: user=0.01 sys=0.00, real=0.01 secs] 
2388.096: [GC (Allocation Failure) [PSYoungGen: 57248K->1376K(57856K)] 386556K->330684K(634368K), 0.0020791 secs] [Times: user=0.01 sys=0.00, real=0.00 secs] 
2388.343: [GC (Allocation Failure) [PSYoungGen: 57184K->1408K(57856K)] 386492K->330716K(634368K), 0.0020134 secs] [Times: user=0.01 sys=0.00, real=0.01 secs] 
2388.589: [GC (Allocation Failure) [PSYoungGen: 57216K->1376K(57856K)] 386524K->330684K(634368K), 0.0018198 secs] [Times: user=0.01 sys=0.00, real=0.00 secs] 
2388.820: [GC (Allocation Failure) [PSYoungGen: 57184K->1376K(57856K)] 386492K->330684K(634368K), 0.0018354 secs] [Times: user=0.01 sys=0.00, real=0.00 secs] 
2389.216: [GC (Allocation Failure) [PSYoungGen: 57184K->1501K(57856K)] 386492K->330818K(634368K), 0.0017418 secs] [Times: user=0.00 sys=0.00, real=0.00 secs] 
2389.597: [GC (Allocation Failure) [PSYoungGen: 57309K->1549K(57856K)] 386626K->330866K(634368K), 0.0017476 secs] [Times: user=0.00 sys=0.00, real=0.00 secs] 
2389.919: [GC (Allocation Failure) [PSYoungGen: 57357K->1581K(57856K)] 386674K->330898K(634368K), 0.0017646 secs] [Times: user=0.01 sys=0.00, real=0.00 secs] 
2390.246: [GC (Allocation Failure) [PSYoungGen: 57389K->1568K(57856K)] 386706K->330884K(634368K), 0.0017204 secs] [Times: user=0.00 sys=0.00, real=0.00 secs] 
2390.666: [GC (Allocation Failure) [PSYoungGen: 57376K->1472K(57856K)] 386692K->330788K(634368K), 0.0027625 secs] [Times: user=0.01 sys=0.00, real=0.00 secs] 
2391.157: [GC (Allocation Failure) [PSYoungGen: 57280K->1408K(57856K)] 386596K->330724K(634368K), 0.0027519 secs] [Times: user=0.01 sys=0.01, real=0.00 secs] 
2391.542: [GC (Allocation Failure) [PSYoungGen: 57216K->1376K(57856K)] 386532K->330692K(634368K), 0.0020780 secs] [Times: user=0.01 sys=0.00, real=0.00 secs] 
2391.985: [GC (Allocation Failure) [PSYoungGen: 57184K->1376K(57856K)] 386500K->330692K(634368K), 0.0021470 secs] [Times: user=0.01 sys=0.00, real=0.00 secs] 
2392.432: [GC (Allocation Failure) [PSYoungGen: 57184K->1408K(57856K)] 386500K->330724K(634368K), 0.0035002 secs] [Times: user=0.02 sys=0.00, real=0.01 secs] 
2392.962: [GC (Allocation Failure) [PSYoungGen: 57216K->1517K(57856K)] 386532K->330834K(634368K), 0.0019517 secs] [Times: user=0.01 sys=0.00, real=0.00 secs] 
2393.292: [GC (Allocation Failure) [PSYoungGen: 57325K->1597K(57856K)] 386642K->330922K(634368K), 0.0016314 secs] [Times: user=0.01 sys=0.00, real=0.00 secs] 
2393.678: [GC (Allocation Failure) [PSYoungGen: 57405K->1520K(57856K)] 386730K->330844K(634368K), 0.0017252 secs] [Times: user=0.01 sys=0.00, real=0.00 secs] 
2394.003: [GC (Allocation Failure) [PSYoungGen: 57328K->1533K(57856K)] 386652K->330858K(634368K), 0.0018108 secs] [Times: user=0.01 sys=0.00, real=0.01 secs] 
2394.384: [GC (Allocation Failure) [PSYoungGen: 57341K->1581K(57856K)] 386666K->330906K(634368K), 0.0017780 secs] [Times: user=0.01 sys=0.00, real=0.01 secs] 
2394.864: [GC (Allocation Failure) [PSYoungGen: 57389K->1408K(57856K)] 386714K->330732K(634368K), 0.0028852 secs] [Times: user=0.01 sys=0.00, real=0.01 secs] 
2395.330: [GC (Allocation Failure) [PSYoungGen: 57216K->1408K(57856K)] 386540K->330732K(634368K), 0.0027208 secs] [Times: user=0.01 sys=0.00, real=0.00 secs] 
2395.996: [GC (Allocation Failure) [PSYoungGen: 57216K->1376K(57856K)] 386540K->330700K(634368K), 0.0031816 secs] [Times: user=0.01 sys=0.00, real=0.00 secs] 
2396.529: [GC (Allocation Failure) [PSYoungGen: 57184K->1376K(57856K)] 386508K->330700K(634368K), 0.0028634 secs] [Times: user=0.01 sys=0.00, real=0.00 secs] 
2396.978: [GC (Allocation Failure) [PSYoungGen: 57184K->1376K(57856K)] 386508K->330700K(634368K), 0.0024430 secs] [Times: user=0.01 sys=0.00, real=0.00 secs] 
2397.463: [GC (Allocation Failure) [PSYoungGen: 57184K->1501K(57856K)] 386508K->330866K(634368K), 0.0017812 secs] [Times: user=0.01 sys=0.00, real=0.00 secs] 
2397.785: [GC (Allocation Failure) [PSYoungGen: 57309K->1536K(57856K)] 386674K->330900K(634368K), 0.0017883 secs] [Times: user=0.01 sys=0.00, real=0.00 secs] 
2398.116: [GC (Allocation Failure) [PSYoungGen: 57344K->1581K(57856K)] 386708K->330946K(634368K), 0.0017772 secs] [Times: user=0.01 sys=0.00, real=0.00 secs] 
2398.440: [GC (Allocation Failure) [PSYoungGen: 57357K->1517K(57856K)] 386722K->330882K(634368K), 0.0016896 secs] [Times: user=0.01 sys=0.00, real=0.00 secs] 
2399.120: [GC (Allocation Failure) [PSYoungGen: 57325K->1440K(57856K)] 386690K->330804K(634368K), 0.0041516 secs] [Times: user=0.02 sys=0.00, real=0.00 secs] 
2399.858: [GC (Allocation Failure) [PSYoungGen: 57248K->1376K(57856K)] 386612K->330740K(634368K), 0.0033557 secs] [Times: user=0.01 sys=0.00, real=0.00 secs] 
2400.538: [GC (Allocation Failure) [PSYoungGen: 57184K->1376K(57856K)] 386548K->330740K(634368K), 0.0029945 secs] [Times: user=0.01 sys=0.00, real=0.00 secs] 
2400.947: [GC (Allocation Failure) [PSYoungGen: 57184K->1376K(57856K)] 386548K->330740K(634368K), 0.0020779 secs] [Times: user=0.01 sys=0.00, real=0.00 secs] 
2401.208: [GC (Allocation Failure) [PSYoungGen: 57184K->1408K(57856K)] 386548K->330772K(634368K), 0.0018441 secs] [Times: user=0.01 sys=0.00, real=0.00 secs] 
2401.504: [GC (Allocation Failure) [PSYoungGen: 57216K->1501K(57856K)] 386580K->330866K(634368K), 0.0016393 secs] [Times: user=0.01 sys=0.00, real=0.01 secs] 
2401.828: [GC (Allocation Failure) [PSYoungGen: 57309K->1501K(57856K)] 386674K->330882K(634368K), 0.0016537 secs] [Times: user=0.01 sys=0.00, real=0.00 secs] 
2402.150: [GC (Allocation Failure) [PSYoungGen: 57309K->1549K(57856K)] 386690K->330930K(634368K), 0.0017279 secs] [Times: user=0.01 sys=0.00, real=0.00 secs] 
2402.474: [GC (Allocation Failure) [PSYoungGen: 57357K->1565K(57856K)] 386738K->330946K(634368K), 0.0017293 secs] [Times: user=0.01 sys=0.00, real=0.01 secs] 
2402.862: [GC (Allocation Failure) [PSYoungGen: 57373K->1728K(57856K)] 386754K->331108K(634368K), 0.0019320 secs] [Times: user=0.01 sys=0.00, real=0.00 secs] 
2403.506: [GC (Allocation Failure) [PSYoungGen: 57536K->1376K(57856K)] 386916K->330756K(634368K), 0.0022636 secs] [Times: user=0.01 sys=0.00, real=0.00 secs] 
2404.194: [GC (Allocation Failure) [PSYoungGen: 57184K->1376K(57856K)] 386564K->330756K(634368K), 0.0036664 secs] [Times: user=0.02 sys=0.00, real=0.01 secs] 
2404.881: [GC (Allocation Failure) [PSYoungGen: 57184K->1360K(57856K)] 386564K->330740K(634368K), 0.0040756 secs] [Times: user=0.02 sys=0.00, real=0.01 secs] 
2405.423: [GC (Allocation Failure) [PSYoungGen: 57168K->1376K(57856K)] 386548K->330756K(634368K), 0.0033012 secs] [Times: user=0.01 sys=0.00, real=0.01 secs] 
2405.922: [GC (Allocation Failure) [PSYoungGen: 57184K->1501K(57856K)] 386564K->330882K(634368K), 0.0020315 secs] [Times: user=0.01 sys=0.00, real=0.00 secs] 
2406.284: [GC (Allocation Failure) [PSYoungGen: 57309K->1597K(57856K)] 386690K->330994K(634368K), 0.0016821 secs] [Times: user=0.00 sys=0.00, real=0.01 secs] 
2406.609: [GC (Allocation Failure) [PSYoungGen: 57405K->1581K(57856K)] 386802K->330978K(634368K), 0.0016498 secs] [Times: user=0.01 sys=0.00, real=0.00 secs] 
2406.989: [GC (Allocation Failure) [PSYoungGen: 57389K->1504K(57856K)] 386786K->330924K(634368K), 0.0016925 secs] [Times: user=0.00 sys=0.00, real=0.00 secs] 
2407.314: [GC (Allocation Failure) [PSYoungGen: 57312K->1504K(57856K)] 386732K->330924K(634368K), 0.0017586 secs] [Times: user=0.01 sys=0.00, real=0.01 secs] 
2407.638: [GC (Allocation Failure) [PSYoungGen: 57312K->1440K(57856K)] 386732K->330860K(634368K), 0.0023401 secs] [Times: user=0.00 sys=0.00, real=0.00 secs] 
2407.871: [GC (Allocation Failure) [PSYoungGen: 57248K->1344K(57856K)] 386668K->330764K(634368K), 0.0019956 secs] [Times: user=0.01 sys=0.00, real=0.00 secs] 
2408.103: [GC (Allocation Failure) [PSYoungGen: 57152K->1408K(57856K)] 386572K->330828K(634368K), 0.0019387 secs] [Times: user=0.01 sys=0.00, real=0.01 secs] 
2408.335: [GC (Allocation Failure) [PSYoungGen: 57216K->1392K(57856K)] 386636K->330812K(634368K), 0.0020377 secs] [Times: user=0.00 sys=0.01, real=0.00 secs] 
2408.567: [GC (Allocation Failure) [PSYoungGen: 57200K->1408K(57856K)] 386620K->330828K(634368K), 0.0018179 secs] [Times: user=0.01 sys=0.00, real=0.00 secs] 
2408.928: [GC (Allocation Failure) [PSYoungGen: 57216K->1549K(57856K)] 386636K->330986K(634368K), 0.0016797 secs] [Times: user=0.01 sys=0.00, real=0.00 secs] 
2409.252: [GC (Allocation Failure) [PSYoungGen: 57357K->1584K(57856K)] 386794K->331020K(634368K), 0.0016705 secs] [Times: user=0.01 sys=0.00, real=0.00 secs] 
2409.574: [GC (Allocation Failure) [PSYoungGen: 57392K->1565K(57856K)] 386828K->331002K(634368K), 0.0016856 secs] [Times: user=0.00 sys=0.00, real=0.01 secs] 
2409.899: [GC (Allocation Failure) [PSYoungGen: 57373K->1517K(57856K)] 386810K->330954K(634368K), 0.0016654 secs] [Times: user=0.01 sys=0.00, real=0.00 secs] 
2410.219: [GC (Allocation Failure) [PSYoungGen: 57325K->1504K(57856K)] 386762K->330940K(634368K), 0.0018707 secs] [Times: user=0.00 sys=0.00, real=0.00 secs] 
2410.451: [GC (Allocation Failure) [PSYoungGen: 57312K->1408K(57856K)] 386748K->330844K(634368K), 0.0018395 secs] [Times: user=0.01 sys=0.00, real=0.00 secs] 
2410.683: [GC (Allocation Failure) [PSYoungGen: 57216K->1424K(57856K)] 386652K->330860K(634368K), 0.0018789 secs] [Times: user=0.00 sys=0.00, real=0.00 secs] 
2410.914: [GC (Allocation Failure) [PSYoungGen: 57232K->1424K(57856K)] 386668K->330860K(634368K), 0.0018553 secs] [Times: user=0.01 sys=0.00, real=0.01 secs] 
2411.146: [GC (Allocation Failure) [PSYoungGen: 57232K->1376K(57856K)] 386668K->330812K(634368K), 0.0016379 secs] [Times: user=0.00 sys=0.00, real=0.00 secs] 
2411.459: [GC (Allocation Failure) [PSYoungGen: 57184K->1469K(57856K)] 386620K->330906K(634368K), 0.0016660 secs] [Times: user=0.01 sys=0.00, real=0.00 secs] 
2411.780: [GC (Allocation Failure) [PSYoungGen: 57277K->1549K(57856K)] 386714K->331002K(634368K), 0.0017843 secs] [Times: user=0.01 sys=0.00, real=0.00 secs] 
2412.104: [GC (Allocation Failure) [PSYoungGen: 57357K->1565K(57856K)] 386810K->331026K(634368K), 0.0016717 secs] [Times: user=0.01 sys=0.00, real=0.01 secs] 
2412.428: [GC (Allocation Failure) [PSYoungGen: 57373K->1533K(57856K)] 386834K->330994K(634368K), 0.0016214 secs] [Times: user=0.01 sys=0.00, real=0.00 secs] 
2412.750: [GC (Allocation Failure) [PSYoungGen: 57341K->1565K(57856K)] 386802K->331026K(634368K), 0.0016793 secs] [Times: user=0.00 sys=0.00, real=0.00 secs] 
2413.009: [GC (Allocation Failure) [PSYoungGen: 57373K->1440K(57856K)] 386834K->330900K(634368K), 0.0016326 secs] [Times: user=0.01 sys=0.00, real=0.00 secs] 
2413.240: [GC (Allocation Failure) [PSYoungGen: 57248K->1376K(57856K)] 386708K->330836K(634368K), 0.0018213 secs] [Times: user=0.01 sys=0.00, real=0.00 secs] 
2413.472: [GC (Allocation Failure) [PSYoungGen: 57184K->1344K(57856K)] 386644K->330804K(634368K), 0.0018044 secs] [Times: user=0.01 sys=0.00, real=0.00 secs] 
2413.704: [GC (Allocation Failure) [PSYoungGen: 57152K->1408K(57856K)] 386612K->330876K(634368K), 0.0018093 secs] [Times: user=0.01 sys=0.00, real=0.01 secs] 
2413.936: [GC (Allocation Failure) [PSYoungGen: 57216K->1376K(57856K)] 386684K->330844K(634368K), 0.0017387 secs] [Times: user=0.01 sys=0.00, real=0.00 secs] 
2414.268: [GC (Allocation Failure) [PSYoungGen: 57184K->1581K(57856K)] 386652K->331074K(634368K), 0.0016735 secs] [Times: user=0.00 sys=0.00, real=0.00 secs] 
2414.590: [GC (Allocation Failure) [PSYoungGen: 57389K->1536K(57856K)] 386882K->331028K(634368K), 0.0016321 secs] [Times: user=0.01 sys=0.00, real=0.00 secs] 
2414.977: [GC (Allocation Failure) [PSYoungGen: 57344K->1584K(57856K)] 386836K->331092K(634368K), 0.0018399 secs] [Times: user=0.00 sys=0.00, real=0.00 secs] 
2415.357: [GC (Allocation Failure) [PSYoungGen: 57371K->1549K(57856K)] 386879K->331058K(634368K), 0.0017076 secs] [Times: user=0.01 sys=0.00, real=0.00 secs] 
2415.854: [GC (Allocation Failure) [PSYoungGen: 57357K->1504K(57856K)] 386866K->331012K(634368K), 0.0028094 secs] [Times: user=0.01 sys=0.00, real=0.01 secs] 
2416.437: [GC (Allocation Failure) [PSYoungGen: 57312K->1392K(57856K)] 386820K->330900K(634368K), 0.0027473 secs] [Times: user=0.02 sys=0.00, real=0.00 secs] 
2416.929: [GC (Allocation Failure) [PSYoungGen: 57200K->1376K(57856K)] 386708K->330884K(634368K), 0.0027364 secs] [Times: user=0.01 sys=0.00, real=0.00 secs] 
2417.271: [GC (Allocation Failure) [PSYoungGen: 57184K->1376K(57856K)] 386692K->330884K(634368K), 0.0022334 secs] [Times: user=0.01 sys=0.00, real=0.00 secs] 
2417.502: [GC (Allocation Failure) [PSYoungGen: 57184K->1376K(57856K)] 386692K->330884K(634368K), 0.0019219 secs] [Times: user=0.01 sys=0.00, real=0.00 secs] 
2417.799: [GC (Allocation Failure) [PSYoungGen: 57184K->1485K(57856K)] 386692K->330994K(634368K), 0.0016143 secs] [Times: user=0.01 sys=0.00, real=0.00 secs] 
2418.121: [GC (Allocation Failure) [PSYoungGen: 57293K->1549K(57856K)] 386802K->331074K(634368K), 0.0017171 secs] [Times: user=0.01 sys=0.00, real=0.00 secs] 
2418.445: [GC (Allocation Failure) [PSYoungGen: 57357K->1581K(57856K)] 386882K->331106K(634368K), 0.0017163 secs] [Times: user=0.01 sys=0.00, real=0.00 secs] 
2418.769: [GC (Allocation Failure) [PSYoungGen: 57389K->1533K(57856K)] 386914K->331058K(634368K), 0.0016625 secs] [Times: user=0.01 sys=0.00, real=0.00 secs] 
2419.182: [GC (Allocation Failure) [PSYoungGen: 57341K->1712K(57856K)] 386866K->331236K(634368K), 0.0018818 secs] [Times: user=0.00 sys=0.00, real=0.00 secs] 
2419.450: [GC (Allocation Failure) [PSYoungGen: 57520K->1376K(57856K)] 387044K->330900K(634368K), 0.0019818 secs] [Times: user=0.01 sys=0.00, real=0.00 secs] 
2419.730: [GC (Allocation Failure) [PSYoungGen: 57184K->1360K(57856K)] 386708K->330884K(634368K), 0.0019083 secs] [Times: user=0.01 sys=0.00, real=0.00 secs] 
2419.991: [GC (Allocation Failure) [PSYoungGen: 57168K->1408K(57856K)] 386692K->330932K(634368K), 0.0019056 secs] [Times: user=0.01 sys=0.00, real=0.00 secs] 
2420.237: [GC (Allocation Failure) [PSYoungGen: 57216K->1344K(57856K)] 386740K->330868K(634368K), 0.0020515 secs] [Times: user=0.01 sys=0.00, real=0.00 secs] 
2420.581: [GC (Allocation Failure) [PSYoungGen: 57152K->1469K(57856K)] 386676K->330994K(634368K), 0.0019589 secs] [Times: user=0.01 sys=0.00, real=0.00 secs] 
2420.925: [GC (Allocation Failure) [PSYoungGen: 57277K->1533K(57856K)] 386802K->331082K(634368K), 0.0017054 secs] [Times: user=0.01 sys=0.00, real=0.00 secs] 
2421.248: [GC (Allocation Failure) [PSYoungGen: 57341K->1533K(57856K)] 386890K->331082K(634368K), 0.0017762 secs] [Times: user=0.01 sys=0.00, real=0.00 secs] 
2421.574: [GC (Allocation Failure) [PSYoungGen: 57341K->1565K(57856K)] 386890K->331114K(634368K), 0.0017166 secs] [Times: user=0.00 sys=0.00, real=0.01 secs] 
2421.964: [GC (Allocation Failure) [PSYoungGen: 57363K->1504K(57856K)] 386912K->331052K(634368K), 0.0017671 secs] [Times: user=0.01 sys=0.00, real=0.01 secs] 
2423.104: [GC (Allocation Failure) [PSYoungGen: 57312K->1376K(57856K)] 386860K->330924K(634368K), 0.0032574 secs] [Times: user=0.02 sys=0.00, real=0.01 secs] 
2423.349: [GC (Allocation Failure) [PSYoungGen: 57184K->1360K(57856K)] 386732K->330908K(634368K), 0.0025091 secs] [Times: user=0.01 sys=0.01, real=0.00 secs] 
2423.582: [GC (Allocation Failure) [PSYoungGen: 57168K->1376K(57856K)] 386716K->330924K(634368K), 0.0020950 secs] [Times: user=0.01 sys=0.00, real=0.00 secs] 
2423.814: [GC (Allocation Failure) [PSYoungGen: 57184K->1376K(57856K)] 386732K->330924K(634368K), 0.0018590 secs] [Times: user=0.01 sys=0.00, real=0.01 secs] 
2424.046: [GC (Allocation Failure) [PSYoungGen: 57184K->1376K(57856K)] 386732K->330924K(634368K), 0.0020078 secs] [Times: user=0.01 sys=0.00, real=0.00 secs] 
2424.398: [GC (Allocation Failure) [PSYoungGen: 57184K->1501K(57856K)] 386732K->331066K(634368K), 0.0016330 secs] [Times: user=0.01 sys=0.00, real=0.00 secs] 
2424.720: [GC (Allocation Failure) [PSYoungGen: 57309K->1533K(57856K)] 386874K->331098K(634368K), 0.0016982 secs] [Times: user=0.01 sys=0.00, real=0.00 secs] 
2425.044: [GC (Allocation Failure) [PSYoungGen: 57341K->1597K(57856K)] 386906K->331162K(634368K), 0.0016866 secs] [Times: user=0.00 sys=0.00, real=0.01 secs] 
2425.368: [GC (Allocation Failure) [PSYoungGen: 57405K->1597K(57856K)] 386970K->331162K(634368K), 0.0017505 secs] [Times: user=0.01 sys=0.00, real=0.00 secs] 
2425.863: [GC (Allocation Failure) [PSYoungGen: 57405K->1488K(57856K)] 386970K->331052K(634368K), 0.0018179 secs] [Times: user=0.01 sys=0.00, real=0.00 secs] 
2426.300: [GC (Allocation Failure) [PSYoungGen: 57296K->1424K(57856K)] 386860K->331004K(634368K), 0.0018466 secs] [Times: user=0.00 sys=0.00, real=0.00 secs] 
2426.569: [GC (Allocation Failure) [PSYoungGen: 57232K->1376K(57856K)] 386812K->330956K(634368K), 0.0017195 secs] [Times: user=0.01 sys=0.00, real=0.00 secs] 
2426.884: [GC (Allocation Failure) [PSYoungGen: 57184K->1376K(57856K)] 386764K->330956K(634368K), 0.0019096 secs] [Times: user=0.01 sys=0.00, real=0.01 secs] 
2427.120: [GC (Allocation Failure) [PSYoungGen: 57184K->1376K(57856K)] 386764K->330956K(634368K), 0.0017484 secs] [Times: user=0.00 sys=0.00, real=0.00 secs] 
2427.458: [GC (Allocation Failure) [PSYoungGen: 57184K->1501K(57856K)] 386764K->331082K(634368K), 0.0016096 secs] [Times: user=0.01 sys=0.00, real=0.00 secs] 
2427.847: [GC (Allocation Failure) [PSYoungGen: 57309K->1533K(57856K)] 386890K->331130K(634368K), 0.0017773 secs] [Times: user=0.00 sys=0.00, real=0.00 secs] 
2428.172: [GC (Allocation Failure) [PSYoungGen: 57341K->1549K(57856K)] 386938K->331146K(634368K), 0.0017341 secs] [Times: user=0.01 sys=0.00, real=0.00 secs] 
2428.495: [GC (Allocation Failure) [PSYoungGen: 57357K->1549K(57856K)] 386954K->331146K(634368K), 0.0017940 secs] [Times: user=0.00 sys=0.00, real=0.00 secs] 
2428.818: [GC (Allocation Failure) [PSYoungGen: 57357K->1568K(57856K)] 386954K->331164K(634368K), 0.0017630 secs] [Times: user=0.01 sys=0.00, real=0.00 secs] 
2429.459: [GC (Allocation Failure) [PSYoungGen: 57376K->1440K(57856K)] 386972K->331036K(634368K), 0.0039559 secs] [Times: user=0.02 sys=0.00, real=0.00 secs] 
2429.941: [GC (Allocation Failure) [PSYoungGen: 57248K->1376K(57856K)] 386844K->330980K(634368K), 0.0023367 secs] [Times: user=0.01 sys=0.00, real=0.00 secs] 
2430.400: [GC (Allocation Failure) [PSYoungGen: 57184K->1376K(57856K)] 386788K->330980K(634368K), 0.0024875 secs] [Times: user=0.01 sys=0.00, real=0.00 secs] 
2430.863: [GC (Allocation Failure) [PSYoungGen: 57184K->1456K(57856K)] 386788K->331068K(634368K), 0.0025285 secs] [Times: user=0.01 sys=0.00, real=0.01 secs] 
2431.356: [GC (Allocation Failure) [PSYoungGen: 57264K->1344K(57856K)] 386876K->330956K(634368K), 0.0025003 secs] [Times: user=0.01 sys=0.00, real=0.00 secs] 
2431.763: [GC (Allocation Failure) [PSYoungGen: 57152K->1552K(57856K)] 386764K->331180K(634368K), 0.0016530 secs] [Times: user=0.00 sys=0.00, real=0.00 secs] 
2432.085: [GC (Allocation Failure) [PSYoungGen: 57360K->1549K(57856K)] 386988K->331178K(634368K), 0.0017114 secs] [Times: user=0.00 sys=0.00, real=0.00 secs] 
2432.410: [GC (Allocation Failure) [PSYoungGen: 57357K->1581K(57856K)] 386986K->331210K(634368K), 0.0017161 secs] [Times: user=0.00 sys=0.00, real=0.00 secs] 
2432.734: [GC (Allocation Failure) [PSYoungGen: 57389K->1565K(57856K)] 387018K->331194K(634368K), 0.0016701 secs] [Times: user=0.01 sys=0.00, real=0.01 secs] 
2433.913: [GC (Allocation Failure) [PSYoungGen: 57373K->1472K(57856K)] 387002K->331100K(634368K), 0.0024096 secs] [Times: user=0.01 sys=0.00, real=0.01 secs] 
2434.404: [GC (Allocation Failure) [PSYoungGen: 57280K->1408K(57856K)] 386908K->331036K(634368K), 0.0023209 secs] [Times: user=0.01 sys=0.00, real=0.01 secs] 
2434.855: [GC (Allocation Failure) [PSYoungGen: 57216K->1408K(57856K)] 386844K->331036K(634368K), 0.0022411 secs] [Times: user=0.01 sys=0.00, real=0.00 secs] 
2435.358: [GC (Allocation Failure) [PSYoungGen: 57216K->1408K(57856K)] 386844K->331036K(634368K), 0.0021218 secs] [Times: user=0.01 sys=0.00, real=0.00 secs] 
2435.818: [GC (Allocation Failure) [PSYoungGen: 57216K->1408K(57856K)] 386844K->331036K(634368K), 0.0021206 secs] [Times: user=0.01 sys=0.00, real=0.00 secs] 
2436.325: [GC (Allocation Failure) [PSYoungGen: 57216K->1469K(57856K)] 386844K->331098K(634368K), 0.0016468 secs] [Times: user=0.01 sys=0.00, real=0.00 secs] 
2436.661: [GC (Allocation Failure) [PSYoungGen: 57251K->1552K(57856K)] 386879K->331204K(634368K), 0.0015985 secs] [Times: user=0.01 sys=0.00, real=0.00 secs] 
2436.984: [GC (Allocation Failure) [PSYoungGen: 57360K->1581K(57856K)] 387012K->331234K(634368K), 0.0017317 secs] [Times: user=0.01 sys=0.00, real=0.01 secs] 
2437.310: [GC (Allocation Failure) [PSYoungGen: 57389K->1581K(57856K)] 387042K->331234K(634368K), 0.0017085 secs] [Times: user=0.00 sys=0.00, real=0.00 secs] 
2437.778: [GC (Allocation Failure) [PSYoungGen: 57178K->2000K(57856K)] 386831K->331684K(634368K), 0.0019395 secs] [Times: user=0.01 sys=0.00, real=0.00 secs] 
2438.402: [GC (Allocation Failure) [PSYoungGen: 57808K->1472K(57856K)] 387492K->331156K(634368K), 0.0024324 secs] [Times: user=0.01 sys=0.00, real=0.00 secs] 
2438.878: [GC (Allocation Failure) [PSYoungGen: 57280K->1408K(57856K)] 386964K->331092K(634368K), 0.0018599 secs] [Times: user=0.01 sys=0.00, real=0.00 secs] 
2439.413: [GC (Allocation Failure) [PSYoungGen: 57216K->1376K(57856K)] 386900K->331060K(634368K), 0.0019165 secs] [Times: user=0.01 sys=0.00, real=0.01 secs] 
2439.964: [GC (Allocation Failure) [PSYoungGen: 57184K->1376K(57856K)] 386868K->331060K(634368K), 0.0018951 secs] [Times: user=0.01 sys=0.00, real=0.01 secs] 
2440.718: [GC (Allocation Failure) [PSYoungGen: 57184K->1485K(57856K)] 386868K->331170K(634368K), 0.0022178 secs] [Times: user=0.01 sys=0.00, real=0.00 secs] 
2441.080: [GC (Allocation Failure) [PSYoungGen: 57293K->1533K(57856K)] 386978K->331242K(634368K), 0.0017502 secs] [Times: user=0.01 sys=0.00, real=0.00 secs] 
2441.405: [GC (Allocation Failure) [PSYoungGen: 57341K->1565K(57856K)] 387050K->331274K(634368K), 0.0016990 secs] [Times: user=0.01 sys=0.00, real=0.00 secs] 
2441.729: [GC (Allocation Failure) [PSYoungGen: 57373K->1549K(57856K)] 387082K->331258K(634368K), 0.0017110 secs] [Times: user=0.01 sys=0.00, real=0.00 secs] 
2442.055: [GC (Allocation Failure) [PSYoungGen: 57357K->1501K(57856K)] 387066K->331210K(634368K), 0.0016947 secs] [Times: user=0.00 sys=0.00, real=0.00 secs] 
2442.601: [GC (Allocation Failure) [PSYoungGen: 57309K->1472K(57856K)] 387018K->331180K(634368K), 0.0021526 secs] [Times: user=0.01 sys=0.00, real=0.00 secs] 
2443.372: [GC (Allocation Failure) [PSYoungGen: 57280K->1376K(57856K)] 386988K->331084K(634368K), 0.0039209 secs] [Times: user=0.02 sys=0.00, real=0.01 secs] 
2444.206: [GC (Allocation Failure) [PSYoungGen: 57184K->1376K(57856K)] 386892K->331084K(634368K), 0.0034708 secs] [Times: user=0.01 sys=0.00, real=0.00 secs] 
2444.854: [GC (Allocation Failure) [PSYoungGen: 57184K->1344K(57856K)] 386892K->331052K(634368K), 0.0033226 secs] [Times: user=0.01 sys=0.00, real=0.01 secs] 
2445.318: [GC (Allocation Failure) [PSYoungGen: 57152K->1408K(57856K)] 386860K->331116K(634368K), 0.0029940 secs] [Times: user=0.01 sys=0.00, real=0.00 secs] 
2445.858: [GC (Allocation Failure) [PSYoungGen: 57216K->1501K(57856K)] 386924K->331226K(634368K), 0.0016521 secs] [Times: user=0.00 sys=0.00, real=0.00 secs] 
2446.181: [GC (Allocation Failure) [PSYoungGen: 57309K->1501K(57856K)] 387034K->331226K(634368K), 0.0016987 secs] [Times: user=0.01 sys=0.00, real=0.00 secs] 
2446.506: [GC (Allocation Failure) [PSYoungGen: 57309K->1549K(57856K)] 387034K->331274K(634368K), 0.0017596 secs] [Times: user=0.00 sys=0.00, real=0.00 secs] 
2446.842: [GC (Allocation Failure) [PSYoungGen: 57357K->1565K(57856K)] 387082K->331290K(634368K), 0.0016945 secs] [Times: user=0.00 sys=0.00, real=0.00 secs] 
2447.224: [GC (Allocation Failure) [PSYoungGen: 57373K->1472K(57856K)] 387098K->331196K(634368K), 0.0017768 secs] [Times: user=0.00 sys=0.00, real=0.01 secs] 
2447.719: [GC (Allocation Failure) [PSYoungGen: 57280K->1392K(57856K)] 387004K->331140K(634368K), 0.0019233 secs] [Times: user=0.01 sys=0.00, real=0.00 secs] 
2448.235: [GC (Allocation Failure) [PSYoungGen: 57200K->1392K(57856K)] 386948K->331140K(634368K), 0.0020435 secs] [Times: user=0.01 sys=0.00, real=0.00 secs] 
2448.557: [GC (Allocation Failure) [PSYoungGen: 57200K->1376K(57856K)] 386948K->331124K(634368K), 0.0020186 secs] [Times: user=0.01 sys=0.00, real=0.00 secs] 
2448.798: [GC (Allocation Failure) [PSYoungGen: 57184K->1376K(57856K)] 386932K->331124K(634368K), 0.0017935 secs] [Times: user=0.01 sys=0.00, real=0.00 secs] 
2449.103: [GC (Allocation Failure) [PSYoungGen: 57184K->1472K(57856K)] 386932K->331220K(634368K), 0.0019409 secs] [Times: user=0.00 sys=0.00, real=0.01 secs] 
2449.514: [GC (GCLocker Initiated GC) [PSYoungGen: 57280K->1533K(57856K)] 387028K->331298K(634368K), 0.0017158 secs] [Times: user=0.00 sys=0.00, real=0.01 secs] 
2449.840: [GC (Allocation Failure) [PSYoungGen: 57341K->1485K(57856K)] 387299K->331443K(634368K), 0.0016788 secs] [Times: user=0.01 sys=0.00, real=0.00 secs] 
2450.163: [GC (Allocation Failure) [PSYoungGen: 57293K->1629K(57856K)] 387251K->331587K(634368K), 0.0017966 secs] [Times: user=0.00 sys=0.00, real=0.01 secs] 
2450.489: [GC (Allocation Failure) [PSYoungGen: 57437K->1629K(57856K)] 387395K->331587K(634368K), 0.0015506 secs] [Times: user=0.01 sys=0.00, real=0.00 secs] 
2452.030: [GC (Allocation Failure) [PSYoungGen: 57437K->1536K(57856K)] 387395K->331494K(634368K), 0.0040031 secs] [Times: user=0.02 sys=0.00, real=0.00 secs] 
2452.535: [GC (Allocation Failure) [PSYoungGen: 57344K->1504K(57856K)] 387302K->331462K(634368K), 0.0028725 secs] [Times: user=0.02 sys=0.00, real=0.00 secs] 
2452.917: [GC (Allocation Failure) [PSYoungGen: 57312K->1536K(57856K)] 387270K->331494K(634368K), 0.0021254 secs] [Times: user=0.01 sys=0.00, real=0.00 secs] 
2453.149: [GC (Allocation Failure) [PSYoungGen: 57344K->1536K(57856K)] 387302K->331494K(634368K), 0.0020095 secs] [Times: user=0.01 sys=0.00, real=0.00 secs] 
2453.381: [GC (Allocation Failure) [PSYoungGen: 57344K->1504K(57856K)] 387302K->331462K(634368K), 0.0018389 secs] [Times: user=0.00 sys=0.00, real=0.00 secs] 
2453.704: [GC (Allocation Failure) [PSYoungGen: 57312K->1597K(57856K)] 387270K->331579K(634368K), 0.0016863 secs] [Times: user=0.01 sys=0.00, real=0.01 secs] 
2454.028: [GC (Allocation Failure) [PSYoungGen: 57405K->1661K(57856K)] 387387K->331643K(634368K), 0.0017088 secs] [Times: user=0.01 sys=0.00, real=0.00 secs] 
2454.353: [GC (Allocation Failure) [PSYoungGen: 57469K->1693K(57856K)] 387451K->331675K(634368K), 0.0016851 secs] [Times: user=0.01 sys=0.00, real=0.01 secs] 
2454.745: [GC (Allocation Failure) [PSYoungGen: 57501K->1629K(57856K)] 387483K->331611K(634368K), 0.0018049 secs] [Times: user=0.01 sys=0.00, real=0.00 secs] 
2455.228: [GC (Allocation Failure) [PSYoungGen: 57437K->1568K(57856K)] 387419K->331550K(634368K), 0.0022238 secs] [Times: user=0.01 sys=0.00, real=0.00 secs] 
2455.765: [GC (Allocation Failure) [PSYoungGen: 57376K->1440K(57856K)] 387358K->331462K(634368K), 0.0022783 secs] [Times: user=0.01 sys=0.00, real=0.01 secs] 
2456.282: [GC (Allocation Failure) [PSYoungGen: 57248K->1472K(57856K)] 387270K->331494K(634368K), 0.0023527 secs] [Times: user=0.01 sys=0.01, real=0.00 secs] 
2456.867: [GC (Allocation Failure) [PSYoungGen: 57280K->1472K(57856K)] 387302K->331502K(634368K), 0.0024380 secs] [Times: user=0.01 sys=0.00, real=0.00 secs] 
2457.502: [GC (Allocation Failure) [PSYoungGen: 57280K->1376K(57856K)] 387310K->331470K(634368K), 0.0039794 secs] [Times: user=0.01 sys=0.00, real=0.01 secs] 
2458.054: [GC (Allocation Failure) [PSYoungGen: 57181K->1501K(57856K)] 387276K->331619K(634368K), 0.0016613 secs] [Times: user=0.01 sys=0.00, real=0.01 secs] 
2458.379: [GC (Allocation Failure) [PSYoungGen: 57309K->1565K(57856K)] 387427K->331707K(634368K), 0.0016763 secs] [Times: user=0.00 sys=0.00, real=0.00 secs] 
2458.702: [GC (Allocation Failure) [PSYoungGen: 57373K->1597K(57856K)] 387515K->331739K(634368K), 0.0017935 secs] [Times: user=0.01 sys=0.00, real=0.00 secs] 
2459.028: [GC (Allocation Failure) [PSYoungGen: 57405K->1565K(57856K)] 387547K->331707K(634368K), 0.0016810 secs] [Times: user=0.01 sys=0.00, real=0.00 secs] 
2459.374: [GC (Allocation Failure) [PSYoungGen: 57373K->1760K(57856K)] 387515K->331902K(634368K), 0.0019121 secs] [Times: user=0.00 sys=0.00, real=0.01 secs] 
2459.809: [GC (Allocation Failure) [PSYoungGen: 57568K->1376K(57856K)] 387710K->331518K(634368K), 0.0018010 secs] [Times: user=0.00 sys=0.00, real=0.00 secs] 
2460.209: [GC (Allocation Failure) [PSYoungGen: 57184K->1376K(57856K)] 387326K->331518K(634368K), 0.0019864 secs] [Times: user=0.01 sys=0.00, real=0.00 secs] 
2460.744: [GC (Allocation Failure) [PSYoungGen: 57184K->1376K(57856K)] 387326K->331518K(634368K), 0.0029153 secs] [Times: user=0.01 sys=0.00, real=0.01 secs] 
2461.327: [GC (Allocation Failure) [PSYoungGen: 57184K->1344K(57856K)] 387326K->331486K(634368K), 0.0039941 secs] [Times: user=0.01 sys=0.00, real=0.00 secs] 
2462.080: [GC (Allocation Failure) [PSYoungGen: 57152K->1501K(57856K)] 387294K->331643K(634368K), 0.0038354 secs] [Times: user=0.02 sys=0.00, real=0.00 secs] 
2462.511: [GC (Allocation Failure) [PSYoungGen: 57309K->1565K(57856K)] 387451K->331723K(634368K), 0.0016746 secs] [Times: user=0.01 sys=0.00, real=0.00 secs] 
2462.835: [GC (Allocation Failure) [PSYoungGen: 57349K->1533K(57856K)] 387508K->331691K(634368K), 0.0016968 secs] [Times: user=0.01 sys=0.00, real=0.01 secs] 
2463.158: [GC (Allocation Failure) [PSYoungGen: 57341K->1629K(57856K)] 387499K->331787K(634368K), 0.0016768 secs] [Times: user=0.00 sys=0.00, real=0.00 secs] 
2463.482: [GC (Allocation Failure) [PSYoungGen: 57437K->1565K(57856K)] 387595K->331723K(634368K), 0.0016776 secs] [Times: user=0.01 sys=0.01, real=0.00 secs] 
2463.918: [GC (Allocation Failure) [PSYoungGen: 57373K->1424K(57856K)] 387531K->331582K(634368K), 0.0019262 secs] [Times: user=0.00 sys=0.00, real=0.00 secs] 
2464.313: [GC (Allocation Failure) [PSYoungGen: 57232K->1408K(57856K)] 387390K->331566K(634368K), 0.0020403 secs] [Times: user=0.00 sys=0.00, real=0.01 secs] 
2464.545: [GC (Allocation Failure) [PSYoungGen: 57216K->1408K(57856K)] 387374K->331566K(634368K), 0.0021089 secs] [Times: user=0.01 sys=0.00, real=0.00 secs] 
2465.027: [GC (Allocation Failure) [PSYoungGen: 57216K->1376K(57856K)] 387374K->331534K(634368K), 0.0018316 secs] [Times: user=0.01 sys=0.00, real=0.00 secs] 
2465.526: [GC (Allocation Failure) [PSYoungGen: 57184K->1376K(57856K)] 387342K->331534K(634368K), 0.0046722 secs] [Times: user=0.01 sys=0.00, real=0.00 secs] 
2466.107: [GC (Allocation Failure) [PSYoungGen: 57184K->1565K(57856K)] 387342K->331739K(634368K), 0.0016413 secs] [Times: user=0.01 sys=0.00, real=0.00 secs] 
2466.429: [GC (Allocation Failure) [PSYoungGen: 57373K->1565K(57856K)] 387547K->331739K(634368K), 0.0017534 secs] [Times: user=0.01 sys=0.00, real=0.00 secs] 
2466.753: [GC (Allocation Failure) [PSYoungGen: 57373K->1504K(57856K)] 387547K->331678K(634368K), 0.0017020 secs] [Times: user=0.00 sys=0.00, real=0.01 secs] 
2467.077: [GC (Allocation Failure) [PSYoungGen: 57312K->1549K(57856K)] 387486K->331747K(634368K), 0.0016742 secs] [Times: user=0.00 sys=0.00, real=0.00 secs] 
2467.585: [GC (Allocation Failure) [PSYoungGen: 57357K->1504K(57856K)] 387555K->331702K(634368K), 0.0020748 secs] [Times: user=0.01 sys=0.00, real=0.00 secs] 
2468.093: [GC (Allocation Failure) [PSYoungGen: 57312K->1408K(57856K)] 387510K->331606K(634368K), 0.0024711 secs] [Times: user=0.01 sys=0.00, real=0.01 secs] 
2468.368: [GC (Allocation Failure) [PSYoungGen: 57216K->1376K(57856K)] 387414K->331574K(634368K), 0.0021308 secs] [Times: user=0.01 sys=0.00, real=0.00 secs] 
2468.718: [GC (Allocation Failure) [PSYoungGen: 57184K->1408K(57856K)] 387382K->331606K(634368K), 0.0020382 secs] [Times: user=0.01 sys=0.00, real=0.00 secs] 
2469.134: [GC (Allocation Failure) [PSYoungGen: 57216K->1408K(57856K)] 387414K->331606K(634368K), 0.0018249 secs] [Times: user=0.01 sys=0.00, real=0.01 secs] 
2469.659: [GC (Allocation Failure) [PSYoungGen: 57216K->1501K(57856K)] 387414K->331699K(634368K), 0.0016144 secs] [Times: user=0.00 sys=0.00, real=0.00 secs] 
2469.980: [GC (Allocation Failure) [PSYoungGen: 57309K->1533K(57856K)] 387507K->331747K(634368K), 0.0017492 secs] [Times: user=0.00 sys=0.00, real=0.00 secs] 
2470.306: [GC (Allocation Failure) [PSYoungGen: 57341K->1533K(57856K)] 387555K->331747K(634368K), 0.0016914 secs] [Times: user=0.00 sys=0.00, real=0.00 secs] 
2470.630: [GC (Allocation Failure) [PSYoungGen: 57341K->1549K(57856K)] 387555K->331763K(634368K), 0.0018153 secs] [Times: user=0.01 sys=0.00, real=0.00 secs] 
2470.958: [GC (Allocation Failure) [PSYoungGen: 57357K->1581K(57856K)] 387571K->331795K(634368K), 0.0016466 secs] [Times: user=0.01 sys=0.00, real=0.00 secs] 
2471.291: [GC (Allocation Failure) [PSYoungGen: 57389K->1408K(57856K)] 387603K->331622K(634368K), 0.0018896 secs] [Times: user=0.00 sys=0.00, real=0.00 secs] 
2471.524: [GC (Allocation Failure) [PSYoungGen: 57216K->1408K(57856K)] 387430K->331622K(634368K), 0.0019385 secs] [Times: user=0.00 sys=0.00, real=0.01 secs] 
2471.756: [GC (Allocation Failure) [PSYoungGen: 57216K->1344K(57856K)] 387430K->331558K(634368K), 0.0018562 secs] [Times: user=0.00 sys=0.00, real=0.00 secs] 
2472.039: [GC (Allocation Failure) [PSYoungGen: 57152K->1376K(57856K)] 387366K->331590K(634368K), 0.0019435 secs] [Times: user=0.00 sys=0.00, real=0.00 secs] 
2472.519: [GC (Allocation Failure) [PSYoungGen: 57184K->1376K(57856K)] 387398K->331590K(634368K), 0.0020620 secs] [Times: user=0.00 sys=0.00, real=0.00 secs] 
2472.934: [GC (Allocation Failure) [PSYoungGen: 57184K->1504K(57856K)] 387398K->331734K(634368K), 0.0016844 secs] [Times: user=0.01 sys=0.00, real=0.01 secs] 
2473.257: [GC (Allocation Failure) [PSYoungGen: 57312K->1629K(57856K)] 387542K->331859K(634368K), 0.0016588 secs] [Times: user=0.01 sys=0.00, real=0.00 secs] 
2473.584: [GC (Allocation Failure) [PSYoungGen: 57437K->1533K(57856K)] 387667K->331763K(634368K), 0.0017172 secs] [Times: user=0.01 sys=0.00, real=0.01 secs] 
2473.908: [GC (Allocation Failure) [PSYoungGen: 57341K->1597K(57856K)] 387571K->331827K(634368K), 0.0016520 secs] [Times: user=0.00 sys=0.00, real=0.00 secs] 
2474.498: [GC (Allocation Failure) [PSYoungGen: 57405K->1488K(57856K)] 387635K->331718K(634368K), 0.0027086 secs] [Times: user=0.01 sys=0.00, real=0.00 secs] 
2475.206: [GC (Allocation Failure) [PSYoungGen: 57296K->1408K(57856K)] 387526K->331638K(634368K), 0.0038711 secs] [Times: user=0.02 sys=0.00, real=0.00 secs] 
2475.609: [GC (Allocation Failure) [PSYoungGen: 57216K->1376K(57856K)] 387446K->331606K(634368K), 0.0027191 secs] [Times: user=0.01 sys=0.00, real=0.00 secs] 
2476.100: [GC (Allocation Failure) [PSYoungGen: 57184K->1408K(57856K)] 387414K->331638K(634368K), 0.0024385 secs] [Times: user=0.01 sys=0.00, real=0.00 secs] 
2476.571: [GC (Allocation Failure) [PSYoungGen: 57216K->1376K(57856K)] 387446K->331630K(634368K), 0.0024934 secs] [Times: user=0.01 sys=0.00, real=0.00 secs] 
2477.173: [GC (Allocation Failure) [PSYoungGen: 57160K->1549K(57856K)] 387414K->331803K(634368K), 0.0016417 secs] [Times: user=0.00 sys=0.00, real=0.00 secs] 
2477.503: [GC (Allocation Failure) [PSYoungGen: 57357K->1565K(57856K)] 387611K->331843K(634368K), 0.0015555 secs] [Times: user=0.00 sys=0.00, real=0.01 secs] 
2477.894: [GC (Allocation Failure) [PSYoungGen: 57373K->1549K(57856K)] 387651K->331827K(634368K), 0.0017419 secs] [Times: user=0.01 sys=0.00, real=0.01 secs] 
2478.278: [GC (Allocation Failure) [PSYoungGen: 57357K->1597K(57856K)] 387635K->331875K(634368K), 0.0017921 secs] [Times: user=0.00 sys=0.00, real=0.00 secs] 
2478.596: [GC (Allocation Failure) [PSYoungGen: 57405K->1728K(57856K)] 387683K->332006K(634368K), 0.0016318 secs] [Times: user=0.00 sys=0.00, real=0.00 secs] 
2478.836: [GC (Allocation Failure) [PSYoungGen: 57536K->1376K(57856K)] 387814K->331654K(634368K), 0.0022862 secs] [Times: user=0.01 sys=0.00, real=0.00 secs] 
2479.166: [GC (Allocation Failure) [PSYoungGen: 57184K->1392K(57856K)] 387462K->331670K(634368K), 0.0018387 secs] [Times: user=0.01 sys=0.00, real=0.00 secs] 
2479.581: [GC (Allocation Failure) [PSYoungGen: 57200K->1376K(57856K)] 387478K->331654K(634368K), 0.0032386 secs] [Times: user=0.01 sys=0.00, real=0.00 secs] 
2480.058: [GC (Allocation Failure) [PSYoungGen: 57184K->1376K(57856K)] 387462K->331654K(634368K), 0.0028608 secs] [Times: user=0.02 sys=0.00, real=0.00 secs] 
2480.653: [GC (Allocation Failure) [PSYoungGen: 57184K->1469K(57856K)] 387462K->331747K(634368K), 0.0032597 secs] [Times: user=0.01 sys=0.00, real=0.01 secs] 
2481.063: [GC (Allocation Failure) [PSYoungGen: 57277K->1533K(57856K)] 387555K->331827K(634368K), 0.0016868 secs] [Times: user=0.01 sys=0.00, real=0.01 secs] 
2481.388: [GC (Allocation Failure) [PSYoungGen: 57341K->1549K(57856K)] 387635K->331843K(634368K), 0.0017143 secs] [Times: user=0.01 sys=0.00, real=0.00 secs] 
2481.715: [GC (Allocation Failure) [PSYoungGen: 57357K->1581K(57856K)] 387651K->331875K(634368K), 0.0017104 secs] [Times: user=0.00 sys=0.00, real=0.01 secs] 
2482.039: [GC (Allocation Failure) [PSYoungGen: 57389K->1504K(57856K)] 387683K->331798K(634368K), 0.0016685 secs] [Times: user=0.01 sys=0.00, real=0.00 secs] 
2482.401: [GC (Allocation Failure) [PSYoungGen: 57312K->1440K(57856K)] 387606K->331734K(634368K), 0.0020983 secs] [Times: user=0.01 sys=0.00, real=0.00 secs] 
2482.645: [GC (Allocation Failure) [PSYoungGen: 57248K->1376K(57856K)] 387542K->331670K(634368K), 0.0019514 secs] [Times: user=0.01 sys=0.00, real=0.00 secs] 
2482.884: [GC (Allocation Failure) [PSYoungGen: 57184K->1376K(57856K)] 387478K->331670K(634368K), 0.0020092 secs] [Times: user=0.00 sys=0.00, real=0.01 secs] 
2483.133: [GC (Allocation Failure) [PSYoungGen: 57184K->1376K(57856K)] 387478K->331670K(634368K), 0.0019785 secs] [Times: user=0.00 sys=0.00, real=0.01 secs] 
2483.589: [GC (Allocation Failure) [PSYoungGen: 57184K->1344K(57856K)] 387478K->331638K(634368K), 0.0018144 secs] [Times: user=0.01 sys=0.00, real=0.00 secs] 
2483.995: [GC (Allocation Failure) [PSYoungGen: 57152K->1469K(57856K)] 387446K->331779K(634368K), 0.0016366 secs] [Times: user=0.01 sys=0.00, real=0.00 secs] 
2484.317: [GC (Allocation Failure) [PSYoungGen: 57277K->1533K(57856K)] 387587K->331843K(634368K), 0.0017932 secs] [Times: user=0.01 sys=0.00, real=0.00 secs] 
2484.643: [GC (Allocation Failure) [PSYoungGen: 57341K->1565K(57856K)] 387651K->331875K(634368K), 0.0016882 secs] [Times: user=0.01 sys=0.00, real=0.01 secs] 
2484.966: [GC (Allocation Failure) [PSYoungGen: 57373K->1616K(57856K)] 387683K->331926K(634368K), 0.0016609 secs] [Times: user=0.01 sys=0.00, real=0.00 secs] 
2485.487: [GC (Allocation Failure) [PSYoungGen: 57424K->1488K(57856K)] 387734K->331798K(634368K), 0.0021272 secs] [Times: user=0.01 sys=0.00, real=0.00 secs] 
2486.156: [GC (Allocation Failure) [PSYoungGen: 57296K->1376K(57856K)] 387606K->331702K(634368K), 0.0020434 secs] [Times: user=0.00 sys=0.00, real=0.00 secs] 
2486.770: [GC (Allocation Failure) [PSYoungGen: 57184K->1376K(57856K)] 387510K->331702K(634368K), 0.0022136 secs] [Times: user=0.01 sys=0.00, real=0.00 secs] 
2487.443: [GC (Allocation Failure) [PSYoungGen: 57184K->1376K(57856K)] 387510K->331702K(634368K), 0.0022122 secs] [Times: user=0.01 sys=0.00, real=0.01 secs] 
2488.323: [GC (Allocation Failure) [PSYoungGen: 57184K->1376K(57856K)] 387510K->331702K(634368K), 0.0022958 secs] [Times: user=0.01 sys=0.00, real=0.01 secs] 
2489.269: [GC (Allocation Failure) [PSYoungGen: 57184K->1469K(57856K)] 387510K->331795K(634368K), 0.0019017 secs] [Times: user=0.01 sys=0.00, real=0.00 secs] 
2489.605: [GC (Allocation Failure) [PSYoungGen: 57277K->1533K(57856K)] 387603K->331875K(634368K), 0.0016856 secs] [Times: user=0.00 sys=0.00, real=0.00 secs] 
2489.929: [GC (Allocation Failure) [PSYoungGen: 57341K->1565K(57856K)] 387683K->331907K(634368K), 0.0017135 secs] [Times: user=0.01 sys=0.00, real=0.00 secs] 
2490.254: [GC (Allocation Failure) [PSYoungGen: 57373K->1533K(57856K)] 387715K->331875K(634368K), 0.0016598 secs] [Times: user=0.01 sys=0.00, real=0.01 secs] 
2490.577: [GC (Allocation Failure) [PSYoungGen: 57341K->1581K(57856K)] 387683K->331923K(634368K), 0.0016777 secs] [Times: user=0.01 sys=0.00, real=0.00 secs] 
2491.034: [GC (Allocation Failure) [PSYoungGen: 57389K->1472K(57856K)] 387731K->331814K(634368K), 0.0018375 secs] [Times: user=0.00 sys=0.00, real=0.01 secs] 
2491.481: [GC (Allocation Failure) [PSYoungGen: 57280K->1376K(57856K)] 387622K->331718K(634368K), 0.0018316 secs] [Times: user=0.01 sys=0.00, real=0.00 secs] 
2491.946: [GC (Allocation Failure) [PSYoungGen: 57184K->1440K(57856K)] 387526K->331782K(634368K), 0.0020060 secs] [Times: user=0.01 sys=0.00, real=0.00 secs] 
2492.474: [GC (Allocation Failure) [PSYoungGen: 57248K->1344K(57856K)] 387590K->331686K(634368K), 0.0020401 secs] [Times: user=0.00 sys=0.00, real=0.01 secs] 
2493.087: [GC (Allocation Failure) [PSYoungGen: 57152K->1344K(57856K)] 387494K->331686K(634368K), 0.0033154 secs] [Times: user=0.01 sys=0.00, real=0.00 secs] 
2493.627: [GC (Allocation Failure) [PSYoungGen: 57152K->1501K(57856K)] 387494K->331859K(634368K), 0.0016753 secs] [Times: user=0.01 sys=0.00, real=0.00 secs] 
2493.950: [GC (Allocation Failure) [PSYoungGen: 57309K->1565K(57856K)] 387667K->331923K(634368K), 0.0016841 secs] [Times: user=0.01 sys=0.00, real=0.00 secs] 
2494.274: [GC (Allocation Failure) [PSYoungGen: 57373K->1533K(57856K)] 387731K->331891K(634368K), 0.0016684 secs] [Times: user=0.01 sys=0.00, real=0.01 secs] 
2494.598: [GC (Allocation Failure) [PSYoungGen: 57341K->1533K(57856K)] 387699K->331891K(634368K), 0.0016702 secs] [Times: user=0.01 sys=0.00, real=0.00 secs] 
2494.900: [GC (Allocation Failure) [PSYoungGen: 57341K->1488K(57856K)] 387699K->331846K(634368K), 0.0017254 secs] [Times: user=0.01 sys=0.00, real=0.00 secs] 
2495.153: [GC (Allocation Failure) [PSYoungGen: 57296K->1376K(57856K)] 387654K->331734K(634368K), 0.0017682 secs] [Times: user=0.01 sys=0.00, real=0.01 secs] 
2495.385: [GC (Allocation Failure) [PSYoungGen: 57184K->1360K(57856K)] 387542K->331718K(634368K), 0.0017454 secs] [Times: user=0.01 sys=0.00, real=0.00 secs] 
2495.617: [GC (Allocation Failure) [PSYoungGen: 57168K->1376K(57856K)] 387526K->331734K(634368K), 0.0018862 secs] [Times: user=0.00 sys=0.00, real=0.00 secs] 
2495.944: [GC (Allocation Failure) [PSYoungGen: 57184K->1376K(57856K)] 387542K->331734K(634368K), 0.0028037 secs] [Times: user=0.02 sys=0.00, real=0.01 secs] 
2496.414: [GC (Allocation Failure) [PSYoungGen: 57184K->1501K(57856K)] 387542K->331875K(634368K), 0.0017212 secs] [Times: user=0.01 sys=0.01, real=0.01 secs] 
2496.797: [GC (Allocation Failure) [PSYoungGen: 57309K->1517K(57856K)] 387683K->331907K(634368K), 0.0017937 secs] [Times: user=0.00 sys=0.00, real=0.00 secs] 
2497.119: [GC (Allocation Failure) [PSYoungGen: 57325K->1597K(57856K)] 387715K->331987K(634368K), 0.0017912 secs] [Times: user=0.01 sys=0.00, real=0.00 secs] 
2497.448: [GC (Allocation Failure) [PSYoungGen: 57405K->1517K(57856K)] 387795K->331907K(634368K), 0.0017961 secs] [Times: user=0.00 sys=0.00, real=0.00 secs] 
2497.768: [GC (Allocation Failure) [PSYoungGen: 57325K->1552K(57856K)] 387715K->331942K(634368K), 0.0016144 secs] [Times: user=0.01 sys=0.00, real=0.00 secs] 
2498.002: [GC (Allocation Failure) [PSYoungGen: 57360K->1376K(57856K)] 387750K->331766K(634368K), 0.0027290 secs] [Times: user=0.01 sys=0.00, real=0.00 secs] 
2498.257: [GC (Allocation Failure) [PSYoungGen: 57184K->1344K(57856K)] 387574K->331734K(634368K), 0.0019483 secs] [Times: user=0.01 sys=0.00, real=0.00 secs] 
2498.717: [GC (Allocation Failure) [PSYoungGen: 57152K->1360K(57856K)] 387542K->331750K(634368K), 0.0026254 secs] [Times: user=0.01 sys=0.00, real=0.00 secs] 
2499.210: [GC (Allocation Failure) [PSYoungGen: 57168K->1408K(57856K)] 387558K->331798K(634368K), 0.0029525 secs] [Times: user=0.01 sys=0.00, real=0.00 secs] 
2500.083: [GC (Allocation Failure) [PSYoungGen: 57133K->256K(57856K)] 387524K->330646K(634368K), 0.0038986 secs] [Times: user=0.02 sys=0.00, real=0.01 secs] 
2500.537: [GC (Allocation Failure) [PSYoungGen: 56064K->1536K(57856K)] 386454K->331942K(634368K), 0.0017224 secs] [Times: user=0.01 sys=0.00, real=0.00 secs] 
2500.863: [GC (Allocation Failure) [PSYoungGen: 57344K->1517K(57856K)] 387750K->331923K(634368K), 0.0015815 secs] [Times: user=0.00 sys=0.00, real=0.01 secs] 
2501.191: [GC (Allocation Failure) [PSYoungGen: 57325K->1533K(57856K)] 387731K->331939K(634368K), 0.0016796 secs] [Times: user=0.01 sys=0.00, real=0.00 secs] 
2501.515: [GC (Allocation Failure) [PSYoungGen: 57341K->1549K(57856K)] 387747K->331955K(634368K), 0.0017133 secs] [Times: user=0.01 sys=0.00, real=0.00 secs] 
2501.834: [GC (Allocation Failure) [PSYoungGen: 57357K->1424K(57856K)] 387763K->331830K(634368K), 0.0019319 secs] [Times: user=0.01 sys=0.00, real=0.01 secs] 
2502.110: [GC (Allocation Failure) [PSYoungGen: 57232K->1440K(57856K)] 387638K->331846K(634368K), 0.0019484 secs] [Times: user=0.01 sys=0.00, real=0.00 secs] 
2502.368: [GC (Allocation Failure) [PSYoungGen: 57248K->1376K(57856K)] 387654K->331782K(634368K), 0.0017091 secs] [Times: user=0.00 sys=0.00, real=0.00 secs] 
2502.669: [GC (Allocation Failure) [PSYoungGen: 57184K->1344K(57856K)] 387590K->331750K(634368K), 0.0017406 secs] [Times: user=0.01 sys=0.00, real=0.00 secs] 
2502.961: [GC (Allocation Failure) [PSYoungGen: 57152K->1376K(57856K)] 387558K->331782K(634368K), 0.0018994 secs] [Times: user=0.01 sys=0.00, real=0.00 secs] 
2503.281: [GC (Allocation Failure) [PSYoungGen: 57184K->1533K(57856K)] 387590K->331955K(634368K), 0.0016097 secs] [Times: user=0.01 sys=0.00, real=0.00 secs] 
2503.662: [GC (Allocation Failure) [PSYoungGen: 57341K->1565K(57856K)] 387763K->331987K(634368K), 0.0017520 secs] [Times: user=0.01 sys=0.00, real=0.00 secs] 
2503.986: [GC (Allocation Failure) [PSYoungGen: 57373K->1533K(57856K)] 387795K->331955K(634368K), 0.0017984 secs] [Times: user=0.01 sys=0.00, real=0.00 secs] 
2504.309: [GC (Allocation Failure) [PSYoungGen: 57341K->1533K(57856K)] 387763K->331955K(634368K), 0.0017839 secs] [Times: user=0.01 sys=0.00, real=0.00 secs] 
2504.706: [GC (Allocation Failure) [PSYoungGen: 57341K->1520K(57856K)] 387763K->331942K(634368K), 0.0024580 secs] [Times: user=0.01 sys=0.00, real=0.00 secs] 
2505.477: [GC (Allocation Failure) [PSYoungGen: 57328K->1376K(57856K)] 387750K->331798K(634368K), 0.0034768 secs] [Times: user=0.01 sys=0.00, real=0.00 secs] 
2505.936: [GC (Allocation Failure) [PSYoungGen: 57184K->1344K(57856K)] 387606K->331790K(634368K), 0.0027431 secs] [Times: user=0.01 sys=0.00, real=0.00 secs] 
2506.363: [GC (Allocation Failure) [PSYoungGen: 57152K->1344K(57856K)] 387598K->331790K(634368K), 0.0028535 secs] [Times: user=0.01 sys=0.00, real=0.01 secs] 
2506.809: [GC (Allocation Failure) [PSYoungGen: 57152K->1376K(57856K)] 387598K->331822K(634368K), 0.0032374 secs] [Times: user=0.01 sys=0.00, real=0.00 secs] 
2507.298: [GC (Allocation Failure) [PSYoungGen: 57184K->1501K(57856K)] 387630K->331947K(634368K), 0.0019932 secs] [Times: user=0.01 sys=0.00, real=0.00 secs] 
2507.630: [GC (Allocation Failure) [PSYoungGen: 57309K->1565K(57856K)] 387755K->332027K(634368K), 0.0016417 secs] [Times: user=0.00 sys=0.00, real=0.00 secs] 
2508.015: [GC (Allocation Failure) [PSYoungGen: 57373K->1549K(57856K)] 387835K->332011K(634368K), 0.0016579 secs] [Times: user=0.01 sys=0.00, real=0.00 secs] 
2508.350: [GC (Allocation Failure) [PSYoungGen: 57357K->1597K(57856K)] 387819K->332059K(634368K), 0.0015421 secs] [Times: user=0.00 sys=0.01, real=0.00 secs] 
2508.676: [GC (Allocation Failure) [PSYoungGen: 57405K->1581K(57856K)] 387867K->332043K(634368K), 0.0017635 secs] [Times: user=0.00 sys=0.00, real=0.00 secs] 
2508.963: [GC (Allocation Failure) [PSYoungGen: 57389K->1408K(57856K)] 387851K->331870K(634368K), 0.0029192 secs] [Times: user=0.01 sys=0.00, real=0.01 secs] 
2509.199: [GC (Allocation Failure) [PSYoungGen: 57216K->1408K(57856K)] 387678K->331870K(634368K), 0.0019977 secs] [Times: user=0.01 sys=0.00, real=0.00 secs] 
2509.432: [GC (Allocation Failure) [PSYoungGen: 57216K->1440K(57856K)] 387678K->331902K(634368K), 0.0019963 secs] [Times: user=0.00 sys=0.00, real=0.00 secs] 
2509.663: [GC (Allocation Failure) [PSYoungGen: 57248K->1344K(57856K)] 387710K->331806K(634368K), 0.0019822 secs] [Times: user=0.00 sys=0.00, real=0.01 secs] 
2509.896: [GC (Allocation Failure) [PSYoungGen: 57152K->1376K(57856K)] 387614K->331838K(634368K), 0.0027511 secs] [Times: user=0.01 sys=0.00, real=0.00 secs] 
2510.347: [GC (Allocation Failure) [PSYoungGen: 57169K->1533K(57856K)] 387631K->332011K(634368K), 0.0017157 secs] [Times: user=0.00 sys=0.00, real=0.00 secs] 
2510.671: [GC (Allocation Failure) [PSYoungGen: 57341K->1632K(57856K)] 387819K->332110K(634368K), 0.0016815 secs] [Times: user=0.01 sys=0.00, real=0.00 secs] 
2510.998: [GC (Allocation Failure) [PSYoungGen: 57440K->1597K(57856K)] 387918K->332075K(634368K), 0.0016995 secs] [Times: user=0.01 sys=0.00, real=0.00 secs] 
2511.325: [GC (Allocation Failure) [PSYoungGen: 57405K->1549K(57856K)] 387883K->332027K(634368K), 0.0016823 secs] [Times: user=0.01 sys=0.00, real=0.00 secs] 
2511.801: [GC (Allocation Failure) [PSYoungGen: 57357K->1472K(57856K)] 387835K->331950K(634368K), 0.0040791 secs] [Times: user=0.02 sys=0.00, real=0.01 secs] 
2512.288: [GC (Allocation Failure) [PSYoungGen: 57280K->1392K(57856K)] 387758K->331870K(634368K), 0.0025583 secs] [Times: user=0.01 sys=0.00, real=0.00 secs] 
2512.858: [GC (Allocation Failure) [PSYoungGen: 57200K->1376K(57856K)] 387678K->331854K(634368K), 0.0021036 secs] [Times: user=0.01 sys=0.00, real=0.00 secs] 
2513.509: [GC (Allocation Failure) [PSYoungGen: 57184K->1344K(57856K)] 387662K->331822K(634368K), 0.0023072 secs] [Times: user=0.01 sys=0.00, real=0.00 secs] 
2513.970: [GC (Allocation Failure) [PSYoungGen: 57152K->1376K(57856K)] 387630K->331854K(634368K), 0.0027964 secs] [Times: user=0.01 sys=0.00, real=0.00 secs] 
2514.459: [GC (Allocation Failure) [PSYoungGen: 57184K->1488K(57856K)] 387662K->331966K(634368K), 0.0015892 secs] [Times: user=0.00 sys=0.00, real=0.00 secs] 
2514.781: [GC (Allocation Failure) [PSYoungGen: 57296K->1533K(57856K)] 387774K->332027K(634368K), 0.0017803 secs] [Times: user=0.01 sys=0.00, real=0.00 secs] 
2515.169: [GC (Allocation Failure) [PSYoungGen: 57341K->1581K(57856K)] 387835K->332075K(634368K), 0.0017773 secs] [Times: user=0.01 sys=0.00, real=0.00 secs] 
2515.493: [GC (Allocation Failure) [PSYoungGen: 57389K->1565K(57856K)] 387883K->332059K(634368K), 0.0017717 secs] [Times: user=0.01 sys=0.00, real=0.00 secs] 
2515.946: [GC (Allocation Failure) [PSYoungGen: 57373K->1552K(57856K)] 387867K->332046K(634368K), 0.0019062 secs] [Times: user=0.01 sys=0.00, real=0.00 secs] 
2516.634: [GC (Allocation Failure) [PSYoungGen: 57360K->1376K(57856K)] 387854K->331870K(634368K), 0.0032407 secs] [Times: user=0.01 sys=0.01, real=0.01 secs] 
2517.447: [GC (Allocation Failure) [PSYoungGen: 57184K->1312K(57856K)] 387678K->331806K(634368K), 0.0034902 secs] [Times: user=0.01 sys=0.01, real=0.00 secs] 
2518.150: [GC (Allocation Failure) [PSYoungGen: 57120K->1376K(57856K)] 387614K->331886K(634368K), 0.0041671 secs] [Times: user=0.01 sys=0.00, real=0.00 secs] 
2518.866: [GC (Allocation Failure) [PSYoungGen: 57184K->1344K(57856K)] 387694K->331854K(634368K), 0.0031929 secs] [Times: user=0.02 sys=0.00, real=0.00 secs] 
2519.537: [GC (Allocation Failure) [PSYoungGen: 57067K->256K(57856K)] 387578K->330766K(634368K), 0.0026433 secs] [Times: user=0.01 sys=0.00, real=0.00 secs] 
2519.930: [GC (Allocation Failure) [PSYoungGen: 56064K->1613K(57856K)] 386574K->332139K(634368K), 0.0017227 secs] [Times: user=0.01 sys=0.00, real=0.00 secs] 
2520.254: [GC (Allocation Failure) [PSYoungGen: 57421K->1565K(57856K)] 387947K->332091K(634368K), 0.0016878 secs] [Times: user=0.01 sys=0.00, real=0.01 secs] 
2520.578: [GC (Allocation Failure) [PSYoungGen: 57373K->1565K(57856K)] 387899K->332091K(634368K), 0.0016807 secs] [Times: user=0.00 sys=0.01, real=0.00 secs] 
2520.904: [GC (Allocation Failure) [PSYoungGen: 57373K->1565K(57856K)] 387899K->332091K(634368K), 0.0017027 secs] [Times: user=0.00 sys=0.00, real=0.01 secs] 
2521.358: [GC (Allocation Failure) [PSYoungGen: 57373K->1424K(57856K)] 387899K->331950K(634368K), 0.0018236 secs] [Times: user=0.01 sys=0.00, real=0.00 secs] 
2521.861: [GC (Allocation Failure) [PSYoungGen: 57232K->1344K(57856K)] 387758K->331870K(634368K), 0.0029074 secs] [Times: user=0.01 sys=0.00, real=0.00 secs] 
2522.408: [GC (Allocation Failure) [PSYoungGen: 57152K->1376K(57856K)] 387678K->331902K(634368K), 0.0033783 secs] [Times: user=0.01 sys=0.00, real=0.00 secs] 
2522.841: [GC (Allocation Failure) [PSYoungGen: 57184K->1376K(57856K)] 387710K->331902K(634368K), 0.0025247 secs] [Times: user=0.01 sys=0.00, real=0.00 secs] 
2523.095: [GC (Allocation Failure) [PSYoungGen: 57184K->1376K(57856K)] 387710K->331902K(634368K), 0.0025305 secs] [Times: user=0.01 sys=0.00, real=0.01 secs] 
2523.531: [GC (Allocation Failure) [PSYoungGen: 57184K->1469K(57856K)] 387710K->332011K(634368K), 0.0016457 secs] [Times: user=0.01 sys=0.00, real=0.00 secs] 
2523.854: [GC (Allocation Failure) [PSYoungGen: 57277K->1549K(57856K)] 387819K->332091K(634368K), 0.0017093 secs] [Times: user=0.00 sys=0.00, real=0.01 secs] 
2524.179: [GC (Allocation Failure) [PSYoungGen: 57357K->1584K(57856K)] 387899K->332126K(634368K), 0.0016832 secs] [Times: user=0.01 sys=0.00, real=0.00 secs] 
2524.568: [GC (Allocation Failure) [PSYoungGen: 57392K->1565K(57856K)] 387934K->332107K(634368K), 0.0017474 secs] [Times: user=0.01 sys=0.00, real=0.00 secs] 
2524.909: [GC (Allocation Failure) [PSYoungGen: 57373K->1504K(57856K)] 387915K->332046K(634368K), 0.0018550 secs] [Times: user=0.01 sys=0.00, real=0.00 secs] 
2525.158: [GC (Allocation Failure) [PSYoungGen: 57312K->1408K(57856K)] 387854K->331950K(634368K), 0.0020530 secs] [Times: user=0.00 sys=0.00, real=0.00 secs] 
2525.390: [GC (Allocation Failure) [PSYoungGen: 57216K->1376K(57856K)] 387758K->331918K(634368K), 0.0020472 secs] [Times: user=0.01 sys=0.00, real=0.00 secs] 
2525.622: [GC (Allocation Failure) [PSYoungGen: 57184K->1408K(57856K)] 387726K->331950K(634368K), 0.0019003 secs] [Times: user=0.01 sys=0.00, real=0.00 secs] 
2525.854: [GC (Allocation Failure) [PSYoungGen: 57216K->1344K(57856K)] 387758K->331902K(634368K), 0.0018265 secs] [Times: user=0.01 sys=0.00, real=0.01 secs] 
2526.213: [GC (Allocation Failure) [PSYoungGen: 57152K->1437K(57856K)] 387710K->331995K(634368K), 0.0021068 secs] [Times: user=0.01 sys=0.00, real=0.01 secs] 
2526.570: [GC (Allocation Failure) [PSYoungGen: 57245K->1581K(57856K)] 387803K->332155K(634368K), 0.0016558 secs] [Times: user=0.00 sys=0.00, real=0.00 secs] 
2526.897: [GC (Allocation Failure) [PSYoungGen: 57389K->1581K(57856K)] 387963K->332155K(634368K), 0.0016939 secs] [Times: user=0.01 sys=0.00, real=0.00 secs] 
2527.221: [GC (Allocation Failure) [PSYoungGen: 57389K->1520K(57856K)] 387963K->332094K(634368K), 0.0017260 secs] [Times: user=0.00 sys=0.00, real=0.00 secs] 
2527.547: [GC (Allocation Failure) [PSYoungGen: 57328K->1565K(57856K)] 387902K->332139K(634368K), 0.0017148 secs] [Times: user=0.01 sys=0.00, real=0.00 secs] 
2527.865: [GC (Allocation Failure) [PSYoungGen: 57373K->1408K(57856K)] 387947K->331982K(634368K), 0.0026312 secs] [Times: user=0.02 sys=0.00, real=0.01 secs] 
2528.110: [GC (Allocation Failure) [PSYoungGen: 57216K->1376K(57856K)] 387790K->331950K(634368K), 0.0018576 secs] [Times: user=0.01 sys=0.00, real=0.00 secs] 
2528.342: [GC (Allocation Failure) [PSYoungGen: 57184K->1376K(57856K)] 387758K->331950K(634368K), 0.0018955 secs] [Times: user=0.01 sys=0.00, real=0.00 secs] 
2528.625: [GC (Allocation Failure) [PSYoungGen: 57184K->1408K(57856K)] 387758K->331982K(634368K), 0.0020268 secs] [Times: user=0.01 sys=0.00, real=0.01 secs] 
2529.037: [GC (Allocation Failure) [PSYoungGen: 57216K->1376K(57856K)] 387790K->331950K(634368K), 0.0018798 secs] [Times: user=0.01 sys=0.00, real=0.00 secs] 
2529.422: [GC (Allocation Failure) [PSYoungGen: 57171K->1533K(57856K)] 387745K->332123K(634368K), 0.0018045 secs] [Times: user=0.00 sys=0.00, real=0.00 secs] 
2529.746: [GC (Allocation Failure) [PSYoungGen: 57341K->1584K(57856K)] 387931K->332174K(634368K), 0.0016574 secs] [Times: user=0.01 sys=0.00, real=0.00 secs] 
2530.134: [GC (Allocation Failure) [PSYoungGen: 57392K->1517K(57856K)] 387982K->332107K(634368K), 0.0017336 secs] [Times: user=0.01 sys=0.00, real=0.01 secs] 
2530.520: [GC (Allocation Failure) [PSYoungGen: 57325K->1565K(57856K)] 387915K->332155K(634368K), 0.0016907 secs] [Times: user=0.00 sys=0.00, real=0.00 secs] 
2531.043: [GC (Allocation Failure) [PSYoungGen: 57373K->1488K(57856K)] 387963K->332078K(634368K), 0.0035003 secs] [Times: user=0.01 sys=0.00, real=0.01 secs] 
2531.497: [GC (Allocation Failure) [PSYoungGen: 57296K->1376K(57856K)] 387886K->331966K(634368K), 0.0027987 secs] [Times: user=0.01 sys=0.00, real=0.00 secs] 
2531.750: [GC (Allocation Failure) [PSYoungGen: 57184K->1424K(57856K)] 387774K->332014K(634368K), 0.0020083 secs] [Times: user=0.01 sys=0.00, real=0.00 secs] 
2531.987: [GC (Allocation Failure) [PSYoungGen: 57232K->1408K(57856K)] 387822K->331998K(634368K), 0.0022314 secs] [Times: user=0.01 sys=0.00, real=0.00 secs] 
2532.219: [GC (Allocation Failure) [PSYoungGen: 57216K->1408K(57856K)] 387806K->331998K(634368K), 0.0019092 secs] [Times: user=0.01 sys=0.00, real=0.00 secs] 
2532.563: [GC (Allocation Failure) [PSYoungGen: 57216K->1501K(57856K)] 387806K->332091K(634368K), 0.0016585 secs] [Times: user=0.01 sys=0.00, real=0.00 secs] 
2532.884: [GC (Allocation Failure) [PSYoungGen: 57309K->1597K(57856K)] 387899K->332203K(634368K), 0.0016678 secs] [Times: user=0.01 sys=0.00, real=0.01 secs] 
2533.209: [GC (Allocation Failure) [PSYoungGen: 57405K->1533K(57856K)] 388011K->332139K(634368K), 0.0016863 secs] [Times: user=0.01 sys=0.00, real=0.00 secs] 
2533.533: [GC (Allocation Failure) [PSYoungGen: 57341K->1533K(57856K)] 387947K->332139K(634368K), 0.0016934 secs] [Times: user=0.00 sys=0.00, real=0.01 secs] 
2534.341: [GC (Allocation Failure) [PSYoungGen: 57341K->1632K(57856K)] 387947K->332238K(634368K), 0.0020247 secs] [Times: user=0.01 sys=0.00, real=0.00 secs] 
2535.137: [GC (Allocation Failure) [PSYoungGen: 57440K->1344K(57856K)] 388046K->331950K(634368K), 0.0032483 secs] [Times: user=0.01 sys=0.00, real=0.00 secs] 
2535.635: [GC (Allocation Failure) [PSYoungGen: 57152K->1408K(57856K)] 387758K->332014K(634368K), 0.0020334 secs] [Times: user=0.01 sys=0.00, real=0.00 secs] 
2536.010: [GC (Allocation Failure) [PSYoungGen: 57216K->1392K(57856K)] 387822K->332006K(634368K), 0.0019299 secs] [Times: user=0.01 sys=0.00, real=0.00 secs] 
2536.437: [GC (Allocation Failure) [PSYoungGen: 57200K->1392K(57856K)] 387814K->332006K(634368K), 0.0024219 secs] [Times: user=0.01 sys=0.00, real=0.00 secs] 
2537.090: [GC (Allocation Failure) [PSYoungGen: 57187K->1501K(57856K)] 387802K->332131K(634368K), 0.0030574 secs] [Times: user=0.01 sys=0.00, real=0.00 secs] 
2537.503: [GC (Allocation Failure) [PSYoungGen: 57309K->1536K(57856K)] 387939K->332174K(634368K), 0.0016816 secs] [Times: user=0.01 sys=0.00, real=0.01 secs] 
2537.828: [GC (Allocation Failure) [PSYoungGen: 57336K->1517K(57856K)] 387974K->332155K(634368K), 0.0016869 secs] [Times: user=0.00 sys=0.00, real=0.00 secs] 
2538.150: [GC (Allocation Failure) [PSYoungGen: 57325K->1533K(57856K)] 387963K->332171K(634368K), 0.0016732 secs] [Times: user=0.00 sys=0.00, real=0.00 secs] 
2538.475: [GC (Allocation Failure) [PSYoungGen: 57341K->1565K(57856K)] 387979K->332203K(634368K), 0.0017137 secs] [Times: user=0.01 sys=0.00, real=0.00 secs] 
2538.859: [GC (Allocation Failure) [PSYoungGen: 57373K->1424K(57856K)] 388011K->332062K(634368K), 0.0020410 secs] [Times: user=0.01 sys=0.00, real=0.00 secs] 
2539.161: [GC (Allocation Failure) [PSYoungGen: 57232K->1408K(57856K)] 387870K->332046K(634368K), 0.0020314 secs] [Times: user=0.01 sys=0.00, real=0.00 secs] 
2539.421: [GC (Allocation Failure) [PSYoungGen: 57216K->1376K(57856K)] 387854K->332014K(634368K), 0.0021101 secs] [Times: user=0.00 sys=0.00, real=0.00 secs] 
2539.740: [GC (Allocation Failure) [PSYoungGen: 57184K->1344K(57856K)] 387822K->331982K(634368K), 0.0029350 secs] [Times: user=0.01 sys=0.00, real=0.00 secs] 
2539.982: [GC (Allocation Failure) [PSYoungGen: 57152K->1360K(57856K)] 387790K->331998K(634368K), 0.0020471 secs] [Times: user=0.00 sys=0.00, real=0.00 secs] 
2540.357: [GC (Allocation Failure) [PSYoungGen: 57168K->1501K(57856K)] 387806K->332155K(634368K), 0.0016297 secs] [Times: user=0.01 sys=0.00, real=0.00 secs] 
2540.682: [GC (Allocation Failure) [PSYoungGen: 57309K->1597K(57856K)] 387963K->332251K(634368K), 0.0017079 secs] [Times: user=0.00 sys=0.00, real=0.00 secs] 
2541.005: [GC (Allocation Failure) [PSYoungGen: 57405K->1629K(57856K)] 388059K->332283K(634368K), 0.0016753 secs] [Times: user=0.01 sys=0.00, real=0.00 secs] 
2541.337: [GC (Allocation Failure) [PSYoungGen: 57437K->1565K(57856K)] 388091K->332219K(634368K), 0.0017504 secs] [Times: user=0.01 sys=0.00, real=0.00 secs] 
2541.962: [GC (Allocation Failure) [PSYoungGen: 57373K->1536K(57856K)] 388027K->332190K(634368K), 0.0021435 secs] [Times: user=0.00 sys=0.00, real=0.00 secs] 
2542.772: [GC (Allocation Failure) [PSYoungGen: 57344K->1392K(57856K)] 387998K->332046K(634368K), 0.0042933 secs] [Times: user=0.02 sys=0.00, real=0.01 secs] 
2543.413: [GC (Allocation Failure) [PSYoungGen: 57200K->1376K(57856K)] 387854K->332030K(634368K), 0.0038148 secs] [Times: user=0.02 sys=0.00, real=0.01 secs] 
2543.970: [GC (Allocation Failure) [PSYoungGen: 57184K->1360K(57856K)] 387838K->332014K(634368K), 0.0027343 secs] [Times: user=0.01 sys=0.00, real=0.00 secs] 
2544.441: [GC (Allocation Failure) [PSYoungGen: 57168K->1376K(57856K)] 387822K->332030K(634368K), 0.0021208 secs] [Times: user=0.01 sys=0.00, real=0.00 secs] 
2545.036: [GC (Allocation Failure) [PSYoungGen: 57184K->1501K(57856K)] 387838K->332155K(634368K), 0.0017985 secs] [Times: user=0.01 sys=0.00, real=0.00 secs] 
2545.374: [GC (Allocation Failure) [PSYoungGen: 57309K->1581K(57856K)] 387963K->332251K(634368K), 0.0016868 secs] [Times: user=0.01 sys=0.00, real=0.01 secs] 
2545.698: [GC (Allocation Failure) [PSYoungGen: 57389K->1533K(57856K)] 388059K->332203K(634368K), 0.0017163 secs] [Times: user=0.01 sys=0.00, real=0.00 secs] 
2546.022: [GC (Allocation Failure) [PSYoungGen: 57341K->1533K(57856K)] 388011K->332203K(634368K), 0.0016289 secs] [Times: user=0.01 sys=0.00, real=0.00 secs] 
2546.348: [GC (Allocation Failure) [PSYoungGen: 57341K->1565K(57856K)] 388011K->332235K(634368K), 0.0016943 secs] [Times: user=0.01 sys=0.00, real=0.00 secs] 
2546.839: [GC (Allocation Failure) [PSYoungGen: 57373K->1456K(57856K)] 388043K->332126K(634368K), 0.0018285 secs] [Times: user=0.01 sys=0.00, real=0.00 secs] 
2547.274: [GC (Allocation Failure) [PSYoungGen: 57264K->1408K(57856K)] 387934K->332078K(634368K), 0.0018383 secs] [Times: user=0.01 sys=0.00, real=0.01 secs] 
2547.535: [GC (Allocation Failure) [PSYoungGen: 57216K->1376K(57856K)] 387886K->332078K(634368K), 0.0018234 secs] [Times: user=0.01 sys=0.00, real=0.01 secs] 
2547.776: [GC (Allocation Failure) [PSYoungGen: 57184K->1392K(57856K)] 387886K->332094K(634368K), 0.0017578 secs] [Times: user=0.01 sys=0.00, real=0.00 secs] 
2548.007: [GC (Allocation Failure) [PSYoungGen: 57200K->1360K(57856K)] 387902K->332062K(634368K), 0.0020098 secs] [Times: user=0.01 sys=0.00, real=0.00 secs] 
2548.350: [GC (Allocation Failure) [PSYoungGen: 57153K->1520K(57856K)] 387855K->332238K(634368K), 0.0016031 secs] [Times: user=0.01 sys=0.00, real=0.00 secs] 
2548.742: [GC (Allocation Failure) [PSYoungGen: 57328K->1533K(57856K)] 388046K->332251K(634368K), 0.0017921 secs] [Times: user=0.01 sys=0.00, real=0.00 secs] 
2549.066: [GC (Allocation Failure) [PSYoungGen: 57341K->1533K(57856K)] 388059K->332251K(634368K), 0.0018016 secs] [Times: user=0.01 sys=0.00, real=0.00 secs] 
2549.413: [GC (Allocation Failure) [PSYoungGen: 57341K->1533K(57856K)] 388059K->332251K(634368K), 0.0017861 secs] [Times: user=0.00 sys=0.00, real=0.01 secs] 
2549.705: [GC (Allocation Failure) [PSYoungGen: 57341K->1472K(57856K)] 388059K->332190K(634368K), 0.0016807 secs] [Times: user=0.00 sys=0.00, real=0.00 secs] 
2549.949: [GC (Allocation Failure) [PSYoungGen: 57280K->1392K(57856K)] 387998K->332110K(634368K), 0.0017749 secs] [Times: user=0.01 sys=0.00, real=0.00 secs] 
2550.192: [GC (Allocation Failure) [PSYoungGen: 57200K->1344K(57856K)] 387918K->332062K(634368K), 0.0017916 secs] [Times: user=0.01 sys=0.00, real=0.00 secs] 
2550.447: [GC (Allocation Failure) [PSYoungGen: 57152K->1344K(57856K)] 387870K->332062K(634368K), 0.0017430 secs] [Times: user=0.00 sys=0.00, real=0.00 secs] 
2550.678: [GC (Allocation Failure) [PSYoungGen: 57152K->1376K(57856K)] 387870K->332094K(634368K), 0.0020255 secs] [Times: user=0.00 sys=0.00, real=0.00 secs] 
2550.996: [GC (Allocation Failure) [PSYoungGen: 57184K->1533K(57856K)] 387902K->332251K(634368K), 0.0016209 secs] [Times: user=0.01 sys=0.00, real=0.00 secs] 
2551.321: [GC (Allocation Failure) [PSYoungGen: 57341K->1565K(57856K)] 388059K->332299K(634368K), 0.0016855 secs] [Times: user=0.00 sys=0.00, real=0.00 secs] 
2551.644: [GC (Allocation Failure) [PSYoungGen: 57373K->1549K(57856K)] 388107K->332283K(634368K), 0.0016988 secs] [Times: user=0.00 sys=0.00, real=0.01 secs] 
2551.970: [GC (Allocation Failure) [PSYoungGen: 57357K->1565K(57856K)] 388091K->332299K(634368K), 0.0016887 secs] [Times: user=0.00 sys=0.00, real=0.00 secs] 
2552.801: [GC (Allocation Failure) [PSYoungGen: 57373K->1728K(57856K)] 388107K->332462K(634368K), 0.0025425 secs] [Times: user=0.01 sys=0.00, real=0.00 secs] 
2553.976: [GC (Allocation Failure) [PSYoungGen: 57536K->1376K(57856K)] 388270K->332110K(634368K), 0.0039808 secs] [Times: user=0.01 sys=0.01, real=0.00 secs] 
2554.775: [GC (Allocation Failure) [PSYoungGen: 57184K->1408K(57856K)] 387918K->332142K(634368K), 0.0039256 secs] [Times: user=0.02 sys=0.00, real=0.00 secs] 
2555.302: [GC (Allocation Failure) [PSYoungGen: 57216K->1344K(57856K)] 387950K->332078K(634368K), 0.0031696 secs] [Times: user=0.01 sys=0.00, real=0.01 secs] 
2556.021: [GC (Allocation Failure) [PSYoungGen: 57152K->1344K(57856K)] 387886K->332078K(634368K), 0.0032211 secs] [Times: user=0.01 sys=0.00, real=0.00 secs] 
2556.475: [GC (Allocation Failure) [PSYoungGen: 57152K->1453K(57856K)] 387886K->332187K(634368K), 0.0026799 secs] [Times: user=0.01 sys=0.00, real=0.00 secs] 
2556.859: [GC (Allocation Failure) [PSYoungGen: 57261K->1565K(57856K)] 387995K->332307K(634368K), 0.0016518 secs] [Times: user=0.01 sys=0.00, real=0.00 secs] 
2557.238: [GC (Allocation Failure) [PSYoungGen: 57373K->1565K(57856K)] 388115K->332307K(634368K), 0.0017446 secs] [Times: user=0.01 sys=0.00, real=0.00 secs] 
2557.563: [GC (Allocation Failure) [PSYoungGen: 57373K->1565K(57856K)] 388115K->332307K(634368K), 0.0017101 secs] [Times: user=0.01 sys=0.00, real=0.01 secs] 
2557.887: [GC (Allocation Failure) [PSYoungGen: 57366K->1533K(57856K)] 388108K->332275K(634368K), 0.0018448 secs] [Times: user=0.00 sys=0.00, real=0.00 secs] 
2558.415: [GC (Allocation Failure) [PSYoungGen: 57341K->1440K(57856K)] 388083K->332198K(634368K), 0.0033944 secs] [Times: user=0.02 sys=0.00, real=0.00 secs] 
2559.032: [GC (Allocation Failure) [PSYoungGen: 57248K->1408K(57856K)] 388006K->332166K(634368K), 0.0026651 secs] [Times: user=0.01 sys=0.00, real=0.01 secs] 
2559.404: [GC (Allocation Failure) [PSYoungGen: 57216K->1408K(57856K)] 387974K->332166K(634368K), 0.0020674 secs] [Times: user=0.01 sys=0.00, real=0.01 secs] 
2559.874: [GC (Allocation Failure) [PSYoungGen: 57216K->1408K(57856K)] 387974K->332166K(634368K), 0.0021905 secs] [Times: user=0.01 sys=0.00, real=0.01 secs] 
2560.379: [GC (Allocation Failure) [PSYoungGen: 57216K->1408K(57856K)] 387974K->332166K(634368K), 0.0019827 secs] [Times: user=0.01 sys=0.00, real=0.00 secs] 
2560.816: [GC (Allocation Failure) [PSYoungGen: 57216K->1533K(57856K)] 387974K->332315K(634368K), 0.0017159 secs] [Times: user=0.01 sys=0.00, real=0.00 secs] 
2561.139: [GC (Allocation Failure) [PSYoungGen: 57341K->1501K(57856K)] 388123K->332283K(634368K), 0.0016996 secs] [Times: user=0.01 sys=0.00, real=0.00 secs] 
2561.468: [GC (Allocation Failure) [PSYoungGen: 57309K->1533K(57856K)] 388091K->332315K(634368K), 0.0016451 secs] [Times: user=0.01 sys=0.00, real=0.00 secs] 
2561.854: [GC (Allocation Failure) [PSYoungGen: 57341K->1565K(57856K)] 388123K->332347K(634368K), 0.0017825 secs] [Times: user=0.00 sys=0.00, real=0.01 secs] 
2562.204: [GC (Allocation Failure) [PSYoungGen: 57373K->1504K(57856K)] 388155K->332286K(634368K), 0.0021217 secs] [Times: user=0.01 sys=0.00, real=0.01 secs] 
2562.472: [GC (Allocation Failure) [PSYoungGen: 57312K->1440K(57856K)] 388094K->332222K(634368K), 0.0019576 secs] [Times: user=0.01 sys=0.00, real=0.00 secs] 
2562.710: [GC (Allocation Failure) [PSYoungGen: 57248K->1408K(57856K)] 388030K->332190K(634368K), 0.0020121 secs] [Times: user=0.01 sys=0.00, real=0.00 secs] 
2562.942: [GC (Allocation Failure) [PSYoungGen: 57216K->1360K(57856K)] 387998K->332142K(634368K), 0.0018259 secs] [Times: user=0.01 sys=0.00, real=0.00 secs] 
2563.173: [GC (Allocation Failure) [PSYoungGen: 57168K->1408K(57856K)] 387950K->332190K(634368K), 0.0018412 secs] [Times: user=0.01 sys=0.00, real=0.01 secs] 
2563.697: [GC (Allocation Failure) [PSYoungGen: 57216K->1533K(57856K)] 387998K->332315K(634368K), 0.0017288 secs] [Times: user=0.01 sys=0.00, real=0.00 secs] 
2564.020: [GC (Allocation Failure) [PSYoungGen: 57341K->1501K(57856K)] 388123K->332299K(634368K), 0.0018065 secs] [Times: user=0.01 sys=0.00, real=0.00 secs] 
2564.402: [GC (Allocation Failure) [PSYoungGen: 57309K->1597K(57856K)] 388107K->332395K(634368K), 0.0017677 secs] [Times: user=0.00 sys=0.00, real=0.00 secs] 
2564.726: [GC (Allocation Failure) [PSYoungGen: 57405K->1533K(57856K)] 388203K->332331K(634368K), 0.0017559 secs] [Times: user=0.01 sys=0.00, real=0.00 secs] 
2565.054: [GC (Allocation Failure) [PSYoungGen: 57341K->1565K(57856K)] 388139K->332363K(634368K), 0.0017853 secs] [Times: user=0.01 sys=0.00, real=0.01 secs] 
2565.371: [GC (Allocation Failure) [PSYoungGen: 57373K->1440K(57856K)] 388171K->332238K(634368K), 0.0027412 secs] [Times: user=0.01 sys=0.00, real=0.00 secs] 
2565.902: [GC (Allocation Failure) [PSYoungGen: 57248K->1408K(57856K)] 388046K->332230K(634368K), 0.0029090 secs] [Times: user=0.01 sys=0.00, real=0.01 secs] 
2566.375: [GC (Allocation Failure) [PSYoungGen: 57216K->1376K(57856K)] 388038K->332198K(634368K), 0.0020788 secs] [Times: user=0.01 sys=0.00, real=0.01 secs] 
2566.862: [GC (Allocation Failure) [PSYoungGen: 57184K->1440K(57856K)] 388006K->332262K(634368K), 0.0020764 secs] [Times: user=0.01 sys=0.00, real=0.00 secs] 
2567.353: [GC (Allocation Failure) [PSYoungGen: 57248K->1392K(57856K)] 388070K->332214K(634368K), 0.0020731 secs] [Times: user=0.01 sys=0.00, real=0.01 secs] 
2567.712: [GC (Allocation Failure) [PSYoungGen: 57200K->1501K(57856K)] 388022K->332347K(634368K), 0.0017758 secs] [Times: user=0.00 sys=0.00, real=0.00 secs] 
2568.097: [GC (Allocation Failure) [PSYoungGen: 57309K->1565K(57856K)] 388155K->332411K(634368K), 0.0017904 secs] [Times: user=0.01 sys=0.00, real=0.00 secs] 
2568.421: [GC (Allocation Failure) [PSYoungGen: 57373K->1549K(57856K)] 388219K->332395K(634368K), 0.0017526 secs] [Times: user=0.01 sys=0.00, real=0.00 secs] 
2568.817: [GC (Allocation Failure) [PSYoungGen: 57357K->1504K(57856K)] 388203K->332350K(634368K), 0.0018192 secs] [Times: user=0.00 sys=0.00, real=0.00 secs] 
2569.137: [GC (Allocation Failure) [PSYoungGen: 57312K->1488K(57856K)] 388158K->332334K(634368K), 0.0021570 secs] [Times: user=0.01 sys=0.00, real=0.00 secs] 
2569.370: [GC (Allocation Failure) [PSYoungGen: 57296K->1424K(57856K)] 388142K->332270K(634368K), 0.0020709 secs] [Times: user=0.00 sys=0.00, real=0.00 secs] 
2569.602: [GC (Allocation Failure) [PSYoungGen: 57232K->1408K(57856K)] 388078K->332254K(634368K), 0.0020539 secs] [Times: user=0.01 sys=0.00, real=0.00 secs] 
2569.834: [GC (Allocation Failure) [PSYoungGen: 57216K->1376K(57856K)] 388062K->332222K(634368K), 0.0017640 secs] [Times: user=0.01 sys=0.00, real=0.01 secs] 
2570.065: [GC (Allocation Failure) [PSYoungGen: 57184K->1344K(57856K)] 388030K->332190K(634368K), 0.0019035 secs] [Times: user=0.01 sys=0.00, real=0.00 secs] 
2570.369: [GC (Allocation Failure) [PSYoungGen: 57152K->1469K(57856K)] 387998K->332315K(634368K), 0.0016428 secs] [Times: user=0.01 sys=0.00, real=0.00 secs] 
2570.694: [GC (Allocation Failure) [PSYoungGen: 57277K->1533K(57856K)] 388123K->332395K(634368K), 0.0017065 secs] [Times: user=0.01 sys=0.00, real=0.01 secs] 
2571.018: [GC (Allocation Failure) [PSYoungGen: 57341K->1616K(57856K)] 388203K->332478K(634368K), 0.0017110 secs] [Times: user=0.00 sys=0.00, real=0.00 secs] 
2571.343: [GC (Allocation Failure) [PSYoungGen: 57424K->1568K(57856K)] 388286K->332430K(634368K), 0.0016414 secs] [Times: user=0.01 sys=0.00, real=0.01 secs] 
2572.355: [GC (Allocation Failure) [PSYoungGen: 57376K->2000K(57856K)] 388238K->332862K(634368K), 0.0020802 secs] [Times: user=0.01 sys=0.00, real=0.00 secs] 
2573.006: [GC (Allocation Failure) [PSYoungGen: 57808K->1440K(57856K)] 388670K->332302K(634368K), 0.0020829 secs] [Times: user=0.01 sys=0.00, real=0.00 secs] 
2573.247: [GC (Allocation Failure) [PSYoungGen: 57248K->1408K(57856K)] 388110K->332270K(634368K), 0.0019387 secs] [Times: user=0.01 sys=0.00, real=0.00 secs] 
2573.518: [GC (Allocation Failure) [PSYoungGen: 57216K->1392K(57856K)] 388078K->332254K(634368K), 0.0026090 secs] [Times: user=0.01 sys=0.00, real=0.00 secs] 
2573.778: [GC (Allocation Failure) [PSYoungGen: 57200K->1424K(57856K)] 388062K->332286K(634368K), 0.0023640 secs] [Times: user=0.01 sys=0.00, real=0.00 secs] 
2574.084: [GC (Allocation Failure) [PSYoungGen: 57232K->1469K(57856K)] 388094K->332331K(634368K), 0.0019452 secs] [Times: user=0.01 sys=0.00, real=0.01 secs] 
2574.413: [GC (Allocation Failure) [PSYoungGen: 57277K->1565K(57856K)] 388139K->332443K(634368K), 0.0017153 secs] [Times: user=0.00 sys=0.00, real=0.01 secs] 
2574.737: [GC (Allocation Failure) [PSYoungGen: 57373K->1517K(57856K)] 388251K->332395K(634368K), 0.0016427 secs] [Times: user=0.01 sys=0.00, real=0.00 secs] 
2575.120: [GC (Allocation Failure) [PSYoungGen: 57325K->1517K(57856K)] 388203K->332395K(634368K), 0.0017774 secs] [Times: user=0.01 sys=0.00, real=0.00 secs] 
2575.448: [GC (Allocation Failure) [PSYoungGen: 57325K->1597K(57856K)] 388203K->332475K(634368K), 0.0017782 secs] [Times: user=0.00 sys=0.00, real=0.00 secs] 
2576.047: [GC (Allocation Failure) [PSYoungGen: 57405K->1440K(57856K)] 388283K->332318K(634368K), 0.0025053 secs] [Times: user=0.01 sys=0.00, real=0.00 secs] 
2576.568: [GC (Allocation Failure) [PSYoungGen: 57248K->1344K(57856K)] 388126K->332230K(634368K), 0.0040115 secs] [Times: user=0.01 sys=0.00, real=0.00 secs] 
2577.038: [GC (Allocation Failure) [PSYoungGen: 57152K->1376K(57856K)] 388038K->332278K(634368K), 0.0027958 secs] [Times: user=0.01 sys=0.00, real=0.00 secs] 
2577.382: [GC (Allocation Failure) [PSYoungGen: 57184K->1408K(57856K)] 388086K->332310K(634368K), 0.0020500 secs] [Times: user=0.01 sys=0.00, real=0.00 secs] 
2577.622: [GC (Allocation Failure) [PSYoungGen: 57216K->1408K(57856K)] 388118K->332310K(634368K), 0.0020974 secs] [Times: user=0.01 sys=0.00, real=0.00 secs] 
2577.953: [GC (Allocation Failure) [PSYoungGen: 57216K->1517K(57856K)] 388118K->332435K(634368K), 0.0016218 secs] [Times: user=0.01 sys=0.00, real=0.00 secs] 
2578.274: [GC (Allocation Failure) [PSYoungGen: 57325K->1533K(57856K)] 388243K->332451K(634368K), 0.0017220 secs] [Times: user=0.01 sys=0.00, real=0.01 secs] 
2578.599: [GC (Allocation Failure) [PSYoungGen: 57341K->1565K(57856K)] 388259K->332483K(634368K), 0.0016455 secs] [Times: user=0.00 sys=0.00, real=0.00 secs] 
2578.984: [GC (Allocation Failure) [PSYoungGen: 57373K->1568K(57856K)] 388291K->332486K(634368K), 0.0016882 secs] [Times: user=0.00 sys=0.00, real=0.01 secs] 
2579.387: [GC (Allocation Failure) [PSYoungGen: 57376K->1488K(57856K)] 388294K->332406K(634368K), 0.0021654 secs] [Times: user=0.01 sys=0.00, real=0.00 secs] 
2579.681: [GC (Allocation Failure) [PSYoungGen: 57296K->1376K(57856K)] 388214K->332294K(634368K), 0.0022328 secs] [Times: user=0.01 sys=0.00, real=0.00 secs] 
2579.951: [GC (Allocation Failure) [PSYoungGen: 57184K->1312K(57856K)] 388102K->332230K(634368K), 0.0023095 secs] [Times: user=0.01 sys=0.01, real=0.00 secs] 
2580.191: [GC (Allocation Failure) [PSYoungGen: 57120K->1408K(57856K)] 388038K->332326K(634368K), 0.0019421 secs] [Times: user=0.00 sys=0.00, real=0.00 secs] 
2580.423: [GC (Allocation Failure) [PSYoungGen: 57216K->1376K(57856K)] 388134K->332294K(634368K), 0.0018633 secs] [Times: user=0.00 sys=0.00, real=0.01 secs] 
2580.835: [GC (Allocation Failure) [PSYoungGen: 57184K->1469K(57856K)] 388102K->332387K(634368K), 0.0017444 secs] [Times: user=0.01 sys=0.00, real=0.00 secs] 
2581.167: [GC (Allocation Failure) [PSYoungGen: 57277K->1536K(57856K)] 388195K->332470K(634368K), 0.0017165 secs] [Times: user=0.01 sys=0.00, real=0.00 secs] 
2581.496: [GC (Allocation Failure) [PSYoungGen: 57344K->1536K(57856K)] 388278K->332470K(634368K), 0.0016968 secs] [Times: user=0.01 sys=0.00, real=0.00 secs] 
2581.823: [GC (Allocation Failure) [PSYoungGen: 57344K->1533K(57856K)] 388278K->332467K(634368K), 0.0017208 secs] [Times: user=0.01 sys=0.00, real=0.01 secs] 
2582.149: [GC (Allocation Failure) [PSYoungGen: 57341K->1533K(57856K)] 388275K->332467K(634368K), 0.0016855 secs] [Times: user=0.00 sys=0.00, real=0.00 secs] 
2582.822: [GC (Allocation Failure) [PSYoungGen: 57341K->1360K(57856K)] 388275K->332294K(634368K), 0.0037905 secs] [Times: user=0.01 sys=0.00, real=0.01 secs] 
2583.238: [GC (Allocation Failure) [PSYoungGen: 57168K->1376K(57856K)] 388102K->332310K(634368K), 0.0025655 secs] [Times: user=0.01 sys=0.01, real=0.00 secs] 
2583.595: [GC (Allocation Failure) [PSYoungGen: 57184K->1376K(57856K)] 388118K->332310K(634368K), 0.0021927 secs] [Times: user=0.01 sys=0.00, real=0.00 secs] 
2584.019: [GC (Allocation Failure) [PSYoungGen: 57184K->1408K(57856K)] 388118K->332342K(634368K), 0.0021185 secs] [Times: user=0.00 sys=0.00, real=0.00 secs] 
2584.447: [GC (Allocation Failure) [PSYoungGen: 57216K->1344K(57856K)] 388150K->332278K(634368K), 0.0020108 secs] [Times: user=0.01 sys=0.00, real=0.00 secs] 
2584.824: [GC (Allocation Failure) [PSYoungGen: 57152K->1533K(57856K)] 388086K->332483K(634368K), 0.0016724 secs] [Times: user=0.00 sys=0.00, real=0.01 secs] 
2585.146: [GC (Allocation Failure) [PSYoungGen: 57341K->1565K(57856K)] 388291K->332515K(634368K), 0.0016826 secs] [Times: user=0.01 sys=0.00, real=0.00 secs] 
2585.470: [GC (Allocation Failure) [PSYoungGen: 57373K->1533K(57856K)] 388323K->332483K(634368K), 0.0016766 secs] [Times: user=0.00 sys=0.00, real=0.00 secs] 
2585.797: [GC (Allocation Failure) [PSYoungGen: 57341K->1501K(57856K)] 388291K->332451K(634368K), 0.0016838 secs] [Times: user=0.01 sys=0.00, real=0.00 secs] 
2586.172: [GC (Allocation Failure) [PSYoungGen: 57309K->1504K(57856K)] 388259K->332454K(634368K), 0.0019363 secs] [Times: user=0.01 sys=0.00, real=0.00 secs] 
2586.429: [GC (Allocation Failure) [PSYoungGen: 57312K->1344K(57856K)] 388262K->332302K(634368K), 0.0019823 secs] [Times: user=0.01 sys=0.00, real=0.00 secs] 
2586.663: [GC (Allocation Failure) [PSYoungGen: 57152K->1376K(57856K)] 388110K->332334K(634368K), 0.0026193 secs] [Times: user=0.01 sys=0.00, real=0.01 secs] 
2586.936: [GC (Allocation Failure) [PSYoungGen: 57184K->1376K(57856K)] 388142K->332334K(634368K), 0.0022861 secs] [Times: user=0.01 sys=0.00, real=0.00 secs] 
2587.168: [GC (Allocation Failure) [PSYoungGen: 57184K->1376K(57856K)] 388142K->332334K(634368K), 0.0020398 secs] [Times: user=0.01 sys=0.00, real=0.00 secs] 
2587.517: [GC (Allocation Failure) [PSYoungGen: 57184K->1549K(57856K)] 388142K->332507K(634368K), 0.0017121 secs] [Times: user=0.01 sys=0.00, real=0.00 secs] 
2587.839: [GC (Allocation Failure) [PSYoungGen: 57357K->1565K(57856K)] 388315K->332539K(634368K), 0.0017466 secs] [Times: user=0.01 sys=0.00, real=0.00 secs] 
2588.164: [GC (Allocation Failure) [PSYoungGen: 57373K->1501K(57856K)] 388347K->332475K(634368K), 0.0017054 secs] [Times: user=0.01 sys=0.00, real=0.01 secs] 
2588.488: [GC (Allocation Failure) [PSYoungGen: 57309K->1549K(57856K)] 388283K->332523K(634368K), 0.0017249 secs] [Times: user=0.00 sys=0.00, real=0.00 secs] 
2588.873: [GC (Allocation Failure) [PSYoungGen: 57357K->2000K(57856K)] 388331K->332974K(634368K), 0.0018952 secs] [Times: user=0.00 sys=0.00, real=0.01 secs] 
2589.372: [GC (Allocation Failure) [PSYoungGen: 57808K->1392K(57856K)] 388782K->332366K(634368K), 0.0021647 secs] [Times: user=0.01 sys=0.00, real=0.00 secs] 
2589.654: [GC (Allocation Failure) [PSYoungGen: 57200K->1440K(57856K)] 388174K->332414K(634368K), 0.0022363 secs] [Times: user=0.01 sys=0.00, real=0.01 secs] 
2589.887: [GC (Allocation Failure) [PSYoungGen: 57248K->1376K(57856K)] 388222K->332350K(634368K), 0.0022114 secs] [Times: user=0.01 sys=0.00, real=0.00 secs] 
2590.127: [GC (Allocation Failure) [PSYoungGen: 57184K->1376K(57856K)] 388158K->332350K(634368K), 0.0020862 secs] [Times: user=0.01 sys=0.00, real=0.00 secs] 
2590.474: [GC (Allocation Failure) [PSYoungGen: 57184K->1469K(57856K)] 388158K->332443K(634368K), 0.0016277 secs] [Times: user=0.01 sys=0.00, real=0.01 secs] 
2590.795: [GC (Allocation Failure) [PSYoungGen: 57277K->1536K(57856K)] 388251K->332526K(634368K), 0.0016836 secs] [Times: user=0.01 sys=0.00, real=0.00 secs] 
2591.121: [GC (Allocation Failure) [PSYoungGen: 57344K->1504K(57856K)] 388334K->332494K(634368K), 0.0016772 secs] [Times: user=0.01 sys=0.00, real=0.00 secs] 
2591.446: [GC (Allocation Failure) [PSYoungGen: 57312K->1597K(57856K)] 388302K->332587K(634368K), 0.0016917 secs] [Times: user=0.01 sys=0.00, real=0.00 secs] 
2591.773: [GC (Allocation Failure) [PSYoungGen: 57405K->1565K(57856K)] 388395K->332555K(634368K), 0.0017906 secs] [Times: user=0.00 sys=0.00, real=0.01 secs] 
2592.280: [GC (Allocation Failure) [PSYoungGen: 57373K->1472K(57856K)] 388363K->332462K(634368K), 0.0019820 secs] [Times: user=0.00 sys=0.00, real=0.00 secs] 
2592.522: [GC (Allocation Failure) [PSYoungGen: 57280K->1408K(57856K)] 388270K->332398K(634368K), 0.0018874 secs] [Times: user=0.00 sys=0.00, real=0.00 secs] 
2593.003: [GC (Allocation Failure) [PSYoungGen: 57216K->1408K(57856K)] 388206K->332398K(634368K), 0.0035125 secs] [Times: user=0.01 sys=0.00, real=0.01 secs] 
2593.468: [GC (Allocation Failure) [PSYoungGen: 57216K->1376K(57856K)] 388206K->332366K(634368K), 0.0020395 secs] [Times: user=0.01 sys=0.00, real=0.00 secs] 
2593.941: [GC (Allocation Failure) [PSYoungGen: 57184K->1376K(57856K)] 388174K->332366K(634368K), 0.0020252 secs] [Times: user=0.01 sys=0.00, real=0.00 secs] 
2594.319: [GC (Allocation Failure) [PSYoungGen: 57184K->1501K(57856K)] 388174K->332507K(634368K), 0.0016364 secs] [Times: user=0.01 sys=0.00, real=0.00 secs] 
2594.643: [GC (Allocation Failure) [PSYoungGen: 57309K->1533K(57856K)] 388315K->332539K(634368K), 0.0016031 secs] [Times: user=0.00 sys=0.00, real=0.01 secs] 
2594.968: [GC (Allocation Failure) [PSYoungGen: 57341K->1536K(57856K)] 388347K->332542K(634368K), 0.0016713 secs] [Times: user=0.00 sys=0.00, real=0.00 secs] 
2595.292: [GC (Allocation Failure) [PSYoungGen: 57344K->1581K(57856K)] 388350K->332587K(634368K), 0.0016532 secs] [Times: user=0.01 sys=0.00, real=0.00 secs] 
2595.609: [GC (Allocation Failure) [PSYoungGen: 57389K->1504K(57856K)] 388395K->332510K(634368K), 0.0018716 secs] [Times: user=0.01 sys=0.00, real=0.00 secs] 
2595.855: [GC (Allocation Failure) [PSYoungGen: 57312K->1408K(57856K)] 388318K->332414K(634368K), 0.0017562 secs] [Times: user=0.01 sys=0.00, real=0.00 secs] 
2596.206: [GC (Allocation Failure) [PSYoungGen: 57216K->1344K(57856K)] 388222K->332366K(634368K), 0.0017300 secs] [Times: user=0.00 sys=0.00, real=0.00 secs] 
2596.645: [GC (Allocation Failure) [PSYoungGen: 57152K->1376K(57856K)] 388174K->332398K(634368K), 0.0018149 secs] [Times: user=0.00 sys=0.00, real=0.00 secs] 
2597.122: [GC (Allocation Failure) [PSYoungGen: 57184K->1376K(57856K)] 388206K->332398K(634368K), 0.0017870 secs] [Times: user=0.01 sys=0.00, real=0.00 secs] 
2597.640: [GC (Allocation Failure) [PSYoungGen: 57184K->1517K(57856K)] 388206K->332539K(634368K), 0.0016913 secs] [Times: user=0.00 sys=0.00, real=0.00 secs] 
2597.961: [GC (Allocation Failure) [PSYoungGen: 57325K->1581K(57856K)] 388347K->332627K(634368K), 0.0017236 secs] [Times: user=0.01 sys=0.00, real=0.00 secs] 
2598.284: [GC (Allocation Failure) [PSYoungGen: 57389K->1533K(57856K)] 388435K->332579K(634368K), 0.0017153 secs] [Times: user=0.00 sys=0.00, real=0.01 secs] 
2598.610: [GC (Allocation Failure) [PSYoungGen: 57341K->1597K(57856K)] 388387K->332643K(634368K), 0.0016976 secs] [Times: user=0.01 sys=0.00, real=0.00 secs] 
2598.934: [GC (Allocation Failure) [PSYoungGen: 57382K->1504K(57856K)] 388429K->332550K(634368K), 0.0017170 secs] [Times: user=0.00 sys=0.00, real=0.01 secs] 
2599.265: [GC (Allocation Failure) [PSYoungGen: 57312K->1408K(57856K)] 388358K->332454K(634368K), 0.0017204 secs] [Times: user=0.00 sys=0.00, real=0.00 secs] 
2599.497: [GC (Allocation Failure) [PSYoungGen: 57216K->1376K(57856K)] 388262K->332422K(634368K), 0.0018666 secs] [Times: user=0.01 sys=0.00, real=0.00 secs] 
2599.897: [GC (Allocation Failure) [PSYoungGen: 57184K->1376K(57856K)] 388230K->332422K(634368K), 0.0037297 secs] [Times: user=0.02 sys=0.00, real=0.00 secs] 
2600.406: [GC (Allocation Failure) [PSYoungGen: 57184K->1392K(57856K)] 388230K->332438K(634368K), 0.0024949 secs] [Times: user=0.01 sys=0.00, real=0.00 secs] 
2600.863: [GC (Allocation Failure) [PSYoungGen: 57200K->1376K(57856K)] 388246K->332422K(634368K), 0.0023325 secs] [Times: user=0.01 sys=0.00, real=0.01 secs] 
2601.307: [GC (Allocation Failure) [PSYoungGen: 57184K->1501K(57856K)] 388230K->332563K(634368K), 0.0016564 secs] [Times: user=0.01 sys=0.00, real=0.00 secs] 
2601.632: [GC (Allocation Failure) [PSYoungGen: 57309K->1517K(57856K)] 388371K->332579K(634368K), 0.0017356 secs] [Times: user=0.00 sys=0.00, real=0.00 secs] 
2601.960: [GC (Allocation Failure) [PSYoungGen: 57325K->1597K(57856K)] 388387K->332659K(634368K), 0.0016677 secs] [Times: user=0.01 sys=0.00, real=0.00 secs] 
2602.345: [GC (Allocation Failure) [PSYoungGen: 57405K->1504K(57856K)] 388467K->332566K(634368K), 0.0017633 secs] [Times: user=0.01 sys=0.00, real=0.00 secs] 
2602.654: [GC (Allocation Failure) [PSYoungGen: 57312K->1440K(57856K)] 388374K->332502K(634368K), 0.0025937 secs] [Times: user=0.01 sys=0.00, real=0.01 secs] 
2602.939: [GC (Allocation Failure) [PSYoungGen: 57248K->1344K(57856K)] 388310K->332406K(634368K), 0.0021827 secs] [Times: user=0.00 sys=0.00, real=0.00 secs] 
2603.490: [GC (Allocation Failure) [PSYoungGen: 57152K->1344K(57856K)] 388214K->332406K(634368K), 0.0022855 secs] [Times: user=0.01 sys=0.00, real=0.00 secs] 
2604.242: [GC (Allocation Failure) [PSYoungGen: 57152K->1344K(57856K)] 388214K->332406K(634368K), 0.0027557 secs] [Times: user=0.01 sys=0.00, real=0.01 secs] 
2604.999: [GC (Allocation Failure) [PSYoungGen: 57152K->1344K(57856K)] 388214K->332406K(634368K), 0.0034733 secs] [Times: user=0.02 sys=0.00, real=0.00 secs] 
2605.639: [GC (Allocation Failure) [PSYoungGen: 57152K->1501K(57856K)] 388214K->332563K(634368K), 0.0016356 secs] [Times: user=0.01 sys=0.00, real=0.00 secs] 
2605.960: [GC (Allocation Failure) [PSYoungGen: 57309K->1549K(57856K)] 388371K->332627K(634368K), 0.0016606 secs] [Times: user=0.01 sys=0.00, real=0.00 secs] 
2606.284: [GC (Allocation Failure) [PSYoungGen: 57357K->1613K(57856K)] 388435K->332691K(634368K), 0.0016617 secs] [Times: user=0.01 sys=0.00, real=0.01 secs] 
2606.610: [GC (Allocation Failure) [PSYoungGen: 57421K->1581K(57856K)] 388499K->332659K(634368K), 0.0017120 secs] [Times: user=0.01 sys=0.00, real=0.00 secs] 
2607.037: [GC (Allocation Failure) [PSYoungGen: 57389K->1936K(57856K)] 388467K->333014K(634368K), 0.0016838 secs] [Times: user=0.01 sys=0.00, real=0.00 secs] 
2607.294: [GC (Allocation Failure) [PSYoungGen: 57744K->1392K(57856K)] 388822K->332486K(634368K), 0.0017676 secs] [Times: user=0.01 sys=0.00, real=0.01 secs] 
2607.540: [GC (Allocation Failure) [PSYoungGen: 57200K->1344K(57856K)] 388294K->332438K(634368K), 0.0017567 secs] [Times: user=0.00 sys=0.01, real=0.00 secs] 
2607.774: [GC (Allocation Failure) [PSYoungGen: 57152K->1312K(57856K)] 388246K->332406K(634368K), 0.0020799 secs] [Times: user=0.01 sys=0.00, real=0.01 secs] 
2608.140: [GC (Allocation Failure) [PSYoungGen: 57120K->1344K(57856K)] 388214K->332438K(634368K), 0.0018050 secs] [Times: user=0.01 sys=0.00, real=0.00 secs] 
2608.653: [GC (Allocation Failure) [PSYoungGen: 57152K->1501K(57856K)] 388246K->332595K(634368K), 0.0019303 secs] [Times: user=0.01 sys=0.00, real=0.00 secs] 
2608.985: [GC (Allocation Failure) [PSYoungGen: 57309K->1565K(57856K)] 388403K->332683K(634368K), 0.0017075 secs] [Times: user=0.01 sys=0.00, real=0.00 secs] 
2609.368: [GC (Allocation Failure) [PSYoungGen: 57344K->1581K(57856K)] 388463K->332699K(634368K), 0.0017447 secs] [Times: user=0.01 sys=0.00, real=0.00 secs] 
2609.757: [GC (Allocation Failure) [PSYoungGen: 57389K->1581K(57856K)] 388507K->332699K(634368K), 0.0017560 secs] [Times: user=0.01 sys=0.00, real=0.00 secs] 
2610.081: [GC (Allocation Failure) [PSYoungGen: 57389K->1581K(57856K)] 388507K->332699K(634368K), 0.0017816 secs] [Times: user=0.01 sys=0.00, real=0.00 secs] 
2610.568: [GC (Allocation Failure) [PSYoungGen: 57389K->1408K(57856K)] 388507K->332526K(634368K), 0.0032328 secs] [Times: user=0.01 sys=0.00, real=0.00 secs] 
2611.202: [GC (Allocation Failure) [PSYoungGen: 57216K->1408K(57856K)] 388334K->332526K(634368K), 0.0032082 secs] [Times: user=0.01 sys=0.00, real=0.01 secs] 
2611.649: [GC (Allocation Failure) [PSYoungGen: 57216K->1376K(57856K)] 388334K->332494K(634368K), 0.0024556 secs] [Times: user=0.01 sys=0.00, real=0.00 secs] 
2612.080: [GC (Allocation Failure) [PSYoungGen: 57184K->1376K(57856K)] 388302K->332494K(634368K), 0.0025666 secs] [Times: user=0.01 sys=0.00, real=0.00 secs] 
2612.522: [GC (Allocation Failure) [PSYoungGen: 57184K->1344K(57856K)] 388302K->332462K(634368K), 0.0023485 secs] [Times: user=0.01 sys=0.00, real=0.00 secs] 
2612.917: [GC (Allocation Failure) [PSYoungGen: 57152K->1549K(57856K)] 388270K->332683K(634368K), 0.0016137 secs] [Times: user=0.01 sys=0.00, real=0.00 secs] 
2613.299: [GC (Allocation Failure) [PSYoungGen: 57357K->1533K(57856K)] 388491K->332667K(634368K), 0.0017996 secs] [Times: user=0.00 sys=0.00, real=0.00 secs] 
2613.685: [GC (Allocation Failure) [PSYoungGen: 57341K->1600K(57856K)] 388475K->332734K(634368K), 0.0017656 secs] [Times: user=0.01 sys=0.00, real=0.00 secs] 
2614.008: [GC (Allocation Failure) [PSYoungGen: 57403K->1536K(57856K)] 388538K->332670K(634368K), 0.0017986 secs] [Times: user=0.00 sys=0.00, real=0.00 secs] 
2614.356: [GC (Allocation Failure) [PSYoungGen: 57344K->1472K(57856K)] 388478K->332606K(634368K), 0.0021249 secs] [Times: user=0.00 sys=0.00, real=0.00 secs] 
2614.617: [GC (Allocation Failure) [PSYoungGen: 57280K->1392K(57856K)] 388414K->332526K(634368K), 0.0018920 secs] [Times: user=0.00 sys=0.00, real=0.00 secs] 
2614.849: [GC (Allocation Failure) [PSYoungGen: 57200K->1376K(57856K)] 388334K->332510K(634368K), 0.0030313 secs] [Times: user=0.02 sys=0.00, real=0.00 secs] 
2615.186: [GC (Allocation Failure) [PSYoungGen: 57184K->1376K(57856K)] 388318K->332510K(634368K), 0.0019742 secs] [Times: user=0.01 sys=0.00, real=0.00 secs] 
2615.621: [GC (Allocation Failure) [PSYoungGen: 57184K->1360K(57856K)] 388318K->332494K(634368K), 0.0020742 secs] [Times: user=0.01 sys=0.00, real=0.00 secs] 
2616.201: [GC (Allocation Failure) [PSYoungGen: 57168K->1485K(57856K)] 388302K->332619K(634368K), 0.0020465 secs] [Times: user=0.01 sys=0.00, real=0.00 secs] 
2616.545: [GC (Allocation Failure) [PSYoungGen: 57293K->1581K(57856K)] 388427K->332731K(634368K), 0.0016809 secs] [Times: user=0.01 sys=0.00, real=0.00 secs] 
2616.871: [GC (Allocation Failure) [PSYoungGen: 57389K->1565K(57856K)] 388539K->332715K(634368K), 0.0016822 secs] [Times: user=0.01 sys=0.00, real=0.00 secs] 
2617.195: [GC (Allocation Failure) [PSYoungGen: 57373K->1584K(57856K)] 388523K->332734K(634368K), 0.0017004 secs] [Times: user=0.01 sys=0.00, real=0.00 secs] 
2617.519: [GC (Allocation Failure) [PSYoungGen: 57384K->1533K(57856K)] 388535K->332683K(634368K), 0.0016865 secs] [Times: user=0.01 sys=0.00, real=0.00 secs] 
2618.080: [GC (Allocation Failure) [PSYoungGen: 57341K->1408K(57856K)] 388491K->332558K(634368K), 0.0032018 secs] [Times: user=0.01 sys=0.00, real=0.00 secs] 
2618.563: [GC (Allocation Failure) [PSYoungGen: 57216K->1408K(57856K)] 388366K->332558K(634368K), 0.0030716 secs] [Times: user=0.01 sys=0.00, real=0.01 secs] 
2619.010: [GC (Allocation Failure) [PSYoungGen: 57216K->1408K(57856K)] 388366K->332558K(634368K), 0.0030670 secs] [Times: user=0.02 sys=0.00, real=0.00 secs] 
2619.519: [GC (Allocation Failure) [PSYoungGen: 57216K->1344K(57856K)] 388366K->332494K(634368K), 0.0032744 secs] [Times: user=0.01 sys=0.00, real=0.00 secs] 
2619.897: [GC (Allocation Failure) [PSYoungGen: 57152K->1440K(57856K)] 388302K->332590K(634368K), 0.0024425 secs] [Times: user=0.01 sys=0.01, real=0.00 secs] 
2620.329: [GC (Allocation Failure) [PSYoungGen: 57248K->1581K(57856K)] 388398K->332747K(634368K), 0.0017721 secs] [Times: user=0.00 sys=0.01, real=0.00 secs] 
2620.653: [GC (Allocation Failure) [PSYoungGen: 57389K->1565K(57856K)] 388555K->332731K(634368K), 0.0016887 secs] [Times: user=0.01 sys=0.00, real=0.00 secs] 
2620.981: [GC (Allocation Failure) [PSYoungGen: 57373K->1565K(57856K)] 388539K->332731K(634368K), 0.0015354 secs] [Times: user=0.01 sys=0.00, real=0.00 secs] 
2621.310: [GC (Allocation Failure) [PSYoungGen: 57373K->1581K(57856K)] 388539K->332747K(634368K), 0.0016617 secs] [Times: user=0.00 sys=0.00, real=0.00 secs] 
2621.785: [GC (Allocation Failure) [PSYoungGen: 57389K->1472K(57856K)] 388555K->332638K(634368K), 0.0017629 secs] [Times: user=0.01 sys=0.00, real=0.00 secs] 
2622.291: [GC (Allocation Failure) [PSYoungGen: 57280K->1344K(57856K)] 388446K->332510K(634368K), 0.0039405 secs] [Times: user=0.02 sys=0.00, real=0.01 secs] 
2622.806: [GC (Allocation Failure) [PSYoungGen: 57152K->1408K(57856K)] 388318K->332574K(634368K), 0.0033020 secs] [Times: user=0.01 sys=0.00, real=0.00 secs] 
2623.316: [GC (Allocation Failure) [PSYoungGen: 57216K->1376K(57856K)] 388382K->332542K(634368K), 0.0030476 secs] [Times: user=0.01 sys=0.00, real=0.00 secs] 
2623.748: [GC (Allocation Failure) [PSYoungGen: 57184K->1360K(57856K)] 388350K->332526K(634368K), 0.0024311 secs] [Times: user=0.01 sys=0.00, real=0.00 secs] 
2624.270: [GC (Allocation Failure) [PSYoungGen: 57168K->1469K(57856K)] 388334K->332635K(634368K), 0.0016075 secs] [Times: user=0.01 sys=0.00, real=0.00 secs] 
2624.593: [GC (Allocation Failure) [PSYoungGen: 57277K->1533K(57856K)] 388443K->332707K(634368K), 0.0017988 secs] [Times: user=0.00 sys=0.00, real=0.00 secs] 
2624.917: [GC (Allocation Failure) [PSYoungGen: 57341K->1584K(57856K)] 388515K->332758K(634368K), 0.0018066 secs] [Times: user=0.01 sys=0.00, real=0.00 secs] 
2625.241: [GC (Allocation Failure) [PSYoungGen: 57392K->1565K(57856K)] 388566K->332739K(634368K), 0.0017035 secs] [Times: user=0.00 sys=0.00, real=0.00 secs] 
2625.594: [GC (Allocation Failure) [PSYoungGen: 57250K->1952K(57856K)] 388424K->333126K(634368K), 0.0017915 secs] [Times: user=0.00 sys=0.00, real=0.01 secs] 
2626.062: [GC (Allocation Failure) [PSYoungGen: 57760K->1376K(57856K)] 388934K->332550K(634368K), 0.0019468 secs] [Times: user=0.00 sys=0.00, real=0.00 secs] 
2626.528: [GC (Allocation Failure) [PSYoungGen: 57184K->1344K(57856K)] 388358K->332518K(634368K), 0.0018838 secs] [Times: user=0.01 sys=0.00, real=0.00 secs] 
2626.991: [GC (Allocation Failure) [PSYoungGen: 57152K->1360K(57856K)] 388326K->332542K(634368K), 0.0019191 secs] [Times: user=0.01 sys=0.00, real=0.00 secs] 
2627.464: [GC (Allocation Failure) [PSYoungGen: 57168K->1376K(57856K)] 388350K->332558K(634368K), 0.0018290 secs] [Times: user=0.01 sys=0.00, real=0.01 secs] 
2628.022: [GC (Allocation Failure) [PSYoungGen: 57180K->1469K(57856K)] 388362K->332651K(634368K), 0.0031263 secs] [Times: user=0.02 sys=0.00, real=0.01 secs] 
2628.466: [GC (Allocation Failure) [PSYoungGen: 57277K->1549K(57856K)] 388459K->332747K(634368K), 0.0018478 secs] [Times: user=0.00 sys=0.00, real=0.00 secs] 
2628.788: [GC (Allocation Failure) [PSYoungGen: 57357K->1533K(57856K)] 388555K->332731K(634368K), 0.0017684 secs] [Times: user=0.01 sys=0.00, real=0.00 secs] 
2629.114: [GC (Allocation Failure) [PSYoungGen: 57341K->1533K(57856K)] 388539K->332731K(634368K), 0.0017592 secs] [Times: user=0.01 sys=0.00, real=0.01 secs] 
2629.439: [GC (Allocation Failure) [PSYoungGen: 57312K->1517K(57856K)] 388510K->332715K(634368K), 0.0016879 secs] [Times: user=0.01 sys=0.00, real=0.00 secs] 
2629.738: [GC (Allocation Failure) [PSYoungGen: 57325K->1456K(57856K)] 388523K->332654K(634368K), 0.0020359 secs] [Times: user=0.00 sys=0.01, real=0.00 secs] 
2629.971: [GC (Allocation Failure) [PSYoungGen: 57264K->1392K(57856K)] 388462K->332590K(634368K), 0.0019983 secs] [Times: user=0.00 sys=0.00, real=0.00 secs] 
2630.203: [GC (Allocation Failure) [PSYoungGen: 57200K->1376K(57856K)] 388398K->332574K(634368K), 0.0020842 secs] [Times: user=0.00 sys=0.00, real=0.01 secs] 
2630.435: [GC (Allocation Failure) [PSYoungGen: 57184K->1344K(57856K)] 388382K->332542K(634368K), 0.0018346 secs] [Times: user=0.00 sys=0.00, real=0.00 secs] 
2630.666: [GC (Allocation Failure) [PSYoungGen: 57152K->1376K(57856K)] 388350K->332574K(634368K), 0.0018888 secs] [Times: user=0.00 sys=0.00, real=0.00 secs] 
2631.022: [GC (Allocation Failure) [PSYoungGen: 57184K->1549K(57856K)] 388382K->332763K(634368K), 0.0016962 secs] [Times: user=0.01 sys=0.00, real=0.00 secs] 
2631.404: [GC (Allocation Failure) [PSYoungGen: 57357K->1565K(57856K)] 388571K->332779K(634368K), 0.0017762 secs] [Times: user=0.01 sys=0.00, real=0.01 secs] 
2631.729: [GC (Allocation Failure) [PSYoungGen: 57373K->1597K(57856K)] 388587K->332811K(634368K), 0.0017964 secs] [Times: user=0.01 sys=0.00, real=0.00 secs] 
2632.057: [GC (Allocation Failure) [PSYoungGen: 57405K->1565K(57856K)] 388619K->332779K(634368K), 0.0017666 secs] [Times: user=0.00 sys=0.00, real=0.00 secs] 
2632.367: [GC (Allocation Failure) [PSYoungGen: 57373K->1504K(57856K)] 388587K->332718K(634368K), 0.0020416 secs] [Times: user=0.01 sys=0.00, real=0.00 secs] 
2632.599: [GC (Allocation Failure) [PSYoungGen: 57312K->1408K(57856K)] 388526K->332622K(634368K), 0.0019220 secs] [Times: user=0.01 sys=0.00, real=0.00 secs] 
2632.831: [GC (Allocation Failure) [PSYoungGen: 57216K->1376K(57856K)] 388430K->332590K(634368K), 0.0020029 secs] [Times: user=0.01 sys=0.00, real=0.00 secs] 
2633.063: [GC (Allocation Failure) [PSYoungGen: 57184K->1392K(57856K)] 388398K->332606K(634368K), 0.0019476 secs] [Times: user=0.01 sys=0.00, real=0.01 secs] 
2633.295: [GC (Allocation Failure) [PSYoungGen: 57200K->1376K(57856K)] 388414K->332590K(634368K), 0.0018317 secs] [Times: user=0.01 sys=0.00, real=0.00 secs] 
2633.586: [GC (Allocation Failure) [PSYoungGen: 57184K->1517K(57856K)] 388398K->332731K(634368K), 0.0016350 secs] [Times: user=0.01 sys=0.00, real=0.00 secs] 
2633.906: [GC (Allocation Failure) [PSYoungGen: 57325K->1517K(57856K)] 388539K->332755K(634368K), 0.0017085 secs] [Times: user=0.01 sys=0.00, real=0.00 secs] 
2634.231: [GC (Allocation Failure) [PSYoungGen: 57325K->1581K(57856K)] 388563K->332819K(634368K), 0.0016655 secs] [Times: user=0.01 sys=0.00, real=0.00 secs] 
2634.555: [GC (Allocation Failure) [PSYoungGen: 57389K->1549K(57856K)] 388627K->332787K(634368K), 0.0016727 secs] [Times: user=0.00 sys=0.00, real=0.00 secs] 
2634.884: [GC (Allocation Failure) [PSYoungGen: 57357K->1597K(57856K)] 388595K->332835K(634368K), 0.0017067 secs] [Times: user=0.00 sys=0.00, real=0.01 secs] 
2635.170: [GC (Allocation Failure) [PSYoungGen: 57405K->1440K(57856K)] 388643K->332702K(634368K), 0.0019083 secs] [Times: user=0.00 sys=0.00, real=0.00 secs] 
2635.402: [GC (Allocation Failure) [PSYoungGen: 57248K->1376K(57856K)] 388510K->332638K(634368K), 0.0018554 secs] [Times: user=0.01 sys=0.00, real=0.00 secs] 
2635.675: [GC (Allocation Failure) [PSYoungGen: 57184K->1376K(57856K)] 388446K->332638K(634368K), 0.0017286 secs] [Times: user=0.01 sys=0.00, real=0.00 secs] 
2635.959: [GC (Allocation Failure) [PSYoungGen: 57184K->1376K(57856K)] 388446K->332638K(634368K), 0.0018678 secs] [Times: user=0.00 sys=0.00, real=0.00 secs] 
2636.190: [GC (Allocation Failure) [PSYoungGen: 57184K->1408K(57856K)] 388446K->332670K(634368K), 0.0020721 secs] [Times: user=0.01 sys=0.00, real=0.00 secs] 
2636.680: [GC (Allocation Failure) [PSYoungGen: 57216K->1533K(57856K)] 388478K->332803K(634368K), 0.0017571 secs] [Times: user=0.01 sys=0.00, real=0.00 secs] 
2637.007: [GC (Allocation Failure) [PSYoungGen: 57341K->1565K(57856K)] 388611K->332835K(634368K), 0.0017724 secs] [Times: user=0.00 sys=0.00, real=0.00 secs] 
2637.331: [GC (Allocation Failure) [PSYoungGen: 57373K->1613K(57856K)] 388643K->332883K(634368K), 0.0017530 secs] [Times: user=0.01 sys=0.00, real=0.00 secs] 
2637.657: [GC (Allocation Failure) [PSYoungGen: 57421K->1533K(57856K)] 388691K->332803K(634368K), 0.0017885 secs] [Times: user=0.00 sys=0.00, real=0.00 secs] 
2638.005: [GC (Allocation Failure) [PSYoungGen: 57341K->1456K(57856K)] 388611K->332726K(634368K), 0.0019545 secs] [Times: user=0.01 sys=0.00, real=0.00 secs] 
2638.238: [GC (Allocation Failure) [PSYoungGen: 57264K->1440K(57856K)] 388534K->332710K(634368K), 0.0019415 secs] [Times: user=0.01 sys=0.00, real=0.00 secs] 
2638.474: [GC (Allocation Failure) [PSYoungGen: 57248K->1376K(57856K)] 388518K->332646K(634368K), 0.0018158 secs] [Times: user=0.01 sys=0.00, real=0.01 secs] 
2638.913: [GC (Allocation Failure) [PSYoungGen: 57184K->1376K(57856K)] 388454K->332646K(634368K), 0.0019927 secs] [Times: user=0.01 sys=0.00, real=0.01 secs] 
2639.337: [GC (Allocation Failure) [PSYoungGen: 57184K->1440K(57856K)] 388454K->332710K(634368K), 0.0018871 secs] [Times: user=0.01 sys=0.00, real=0.00 secs] 
2639.737: [GC (Allocation Failure) [PSYoungGen: 57248K->1469K(57856K)] 388518K->332739K(634368K), 0.0016179 secs] [Times: user=0.01 sys=0.00, real=0.00 secs] 
2640.118: [GC (Allocation Failure) [PSYoungGen: 57277K->1597K(57856K)] 388547K->332883K(634368K), 0.0017753 secs] [Times: user=0.01 sys=0.00, real=0.00 secs] 
2640.444: [GC (Allocation Failure) [PSYoungGen: 57405K->1549K(57856K)] 388691K->332835K(634368K), 0.0017608 secs] [Times: user=0.01 sys=0.00, real=0.01 secs] 
2640.767: [GC (Allocation Failure) [PSYoungGen: 57357K->1597K(57856K)] 388643K->332883K(634368K), 0.0017600 secs] [Times: user=0.01 sys=0.00, real=0.00 secs] 
2641.194: [GC (Allocation Failure) [PSYoungGen: 57405K->1728K(57856K)] 388691K->333014K(634368K), 0.0016880 secs] [Times: user=0.01 sys=0.00, real=0.01 secs] 
2641.761: [GC (Allocation Failure) [PSYoungGen: 57536K->1344K(57856K)] 388822K->332630K(634368K), 0.0037963 secs] [Times: user=0.01 sys=0.00, real=0.01 secs] 
2642.505: [GC (Allocation Failure) [PSYoungGen: 57152K->1376K(57856K)] 388438K->332662K(634368K), 0.0042428 secs] [Times: user=0.02 sys=0.00, real=0.00 secs] 
2643.155: [GC (Allocation Failure) [PSYoungGen: 57184K->1392K(57856K)] 388470K->332678K(634368K), 0.0038525 secs] [Times: user=0.01 sys=0.00, real=0.00 secs] 
2643.670: [GC (Allocation Failure) [PSYoungGen: 57200K->1408K(57856K)] 388486K->332694K(634368K), 0.0032638 secs] [Times: user=0.02 sys=0.00, real=0.00 secs] 
2644.162: [GC (Allocation Failure) [PSYoungGen: 57216K->1456K(57856K)] 388502K->332742K(634368K), 0.0024643 secs] [Times: user=0.01 sys=0.00, real=0.01 secs] 
2644.532: [GC (Allocation Failure) [PSYoungGen: 57264K->1533K(57856K)] 388550K->332835K(634368K), 0.0016456 secs] [Times: user=0.00 sys=0.00, real=0.00 secs] 
2644.856: [GC (Allocation Failure) [PSYoungGen: 57341K->1565K(57856K)] 388643K->332867K(634368K), 0.0016732 secs] [Times: user=0.01 sys=0.00, real=0.00 secs] 
2645.182: [GC (Allocation Failure) [PSYoungGen: 57373K->1552K(57856K)] 388675K->332854K(634368K), 0.0017086 secs] [Times: user=0.01 sys=0.00, real=0.00 secs] 
2645.506: [GC (Allocation Failure) [PSYoungGen: 57353K->1533K(57856K)] 388655K->332835K(634368K), 0.0017083 secs] [Times: user=0.01 sys=0.00, real=0.00 secs] 
2646.074: [GC (Allocation Failure) [PSYoungGen: 57341K->1472K(57856K)] 388643K->332774K(634368K), 0.0022801 secs] [Times: user=0.01 sys=0.00, real=0.01 secs] 
2646.598: [GC (Allocation Failure) [PSYoungGen: 57280K->1344K(57856K)] 388582K->332646K(634368K), 0.0032764 secs] [Times: user=0.01 sys=0.00, real=0.00 secs] 
2647.093: [GC (Allocation Failure) [PSYoungGen: 57152K->1376K(57856K)] 388454K->332678K(634368K), 0.0034131 secs] [Times: user=0.01 sys=0.00, real=0.01 secs] 
2647.628: [GC (Allocation Failure) [PSYoungGen: 57184K->1376K(57856K)] 388486K->332678K(634368K), 0.0025562 secs] [Times: user=0.01 sys=0.00, real=0.00 secs] 
2648.108: [GC (Allocation Failure) [PSYoungGen: 57184K->1424K(57856K)] 388486K->332750K(634368K), 0.0034028 secs] [Times: user=0.01 sys=0.00, real=0.00 secs] 
2648.625: [GC (Allocation Failure) [PSYoungGen: 57232K->1552K(57856K)] 388558K->332894K(634368K), 0.0017191 secs] [Times: user=0.00 sys=0.00, real=0.00 secs] 
2648.948: [GC (Allocation Failure) [PSYoungGen: 57360K->1536K(57856K)] 388702K->332878K(634368K), 0.0016529 secs] [Times: user=0.01 sys=0.00, real=0.00 secs] 
2649.329: [GC (Allocation Failure) [PSYoungGen: 57344K->1533K(57856K)] 388686K->332875K(634368K), 0.0017107 secs] [Times: user=0.00 sys=0.00, real=0.00 secs] 
2649.718: [GC (Allocation Failure) [PSYoungGen: 57341K->1504K(57856K)] 388683K->332846K(634368K), 0.0016879 secs] [Times: user=0.01 sys=0.00, real=0.00 secs] 
2650.208: [GC (Allocation Failure) [PSYoungGen: 57312K->1472K(57856K)] 388654K->332814K(634368K), 0.0034882 secs] [Times: user=0.01 sys=0.00, real=0.00 secs] 
2650.547: [GC (Allocation Failure) [PSYoungGen: 57280K->1392K(57856K)] 388622K->332734K(634368K), 0.0020385 secs] [Times: user=0.00 sys=0.00, real=0.00 secs] 
2650.779: [GC (Allocation Failure) [PSYoungGen: 57200K->1440K(57856K)] 388542K->332782K(634368K), 0.0019202 secs] [Times: user=0.01 sys=0.01, real=0.00 secs] 
2651.011: [GC (Allocation Failure) [PSYoungGen: 57248K->1424K(57856K)] 388590K->332766K(634368K), 0.0018674 secs] [Times: user=0.01 sys=0.00, real=0.00 secs] 
2651.242: [GC (Allocation Failure) [PSYoungGen: 57232K->1408K(57856K)] 388574K->332750K(634368K), 0.0019836 secs] [Times: user=0.01 sys=0.00, real=0.00 secs] 
2651.541: [GC (Allocation Failure) [PSYoungGen: 57216K->1533K(57856K)] 388558K->332875K(634368K), 0.0016295 secs] [Times: user=0.00 sys=0.00, real=0.00 secs] 
2651.871: [GC (Allocation Failure) [PSYoungGen: 57341K->1565K(57856K)] 388683K->332923K(634368K), 0.0016907 secs] [Times: user=0.00 sys=0.00, real=0.00 secs] 
2652.201: [GC (Allocation Failure) [PSYoungGen: 57373K->1549K(57856K)] 388731K->332907K(634368K), 0.0016878 secs] [Times: user=0.01 sys=0.00, real=0.00 secs] 
2652.525: [GC (Allocation Failure) [PSYoungGen: 57357K->1565K(57856K)] 388715K->332923K(634368K), 0.0017211 secs] [Times: user=0.01 sys=0.00, real=0.01 secs] 
2652.847: [GC (Allocation Failure) [PSYoungGen: 57373K->1581K(57856K)] 388731K->332939K(634368K), 0.0016925 secs] [Times: user=0.00 sys=0.00, real=0.00 secs] 
2654.390: [GC (Allocation Failure) [PSYoungGen: 57389K->1440K(57856K)] 388747K->332806K(634368K), 0.0035136 secs] [Times: user=0.01 sys=0.00, real=0.00 secs] 
2655.086: [GC (Allocation Failure) [PSYoungGen: 57248K->1376K(57856K)] 388614K->332742K(634368K), 0.0027881 secs] [Times: user=0.01 sys=0.00, real=0.00 secs] 
2655.531: [GC (Allocation Failure) [PSYoungGen: 57184K->1424K(57856K)] 388550K->332790K(634368K), 0.0025687 secs] [Times: user=0.01 sys=0.00, real=0.00 secs] 
2655.977: [GC (Allocation Failure) [PSYoungGen: 57232K->1392K(57856K)] 388598K->332758K(634368K), 0.0025603 secs] [Times: user=0.01 sys=0.00, real=0.00 secs] 
2656.423: [GC (Allocation Failure) [PSYoungGen: 57200K->1424K(57856K)] 388566K->332798K(634368K), 0.0027089 secs] [Times: user=0.01 sys=0.00, real=0.01 secs] 
2656.924: [GC (Allocation Failure) [PSYoungGen: 57232K->1568K(57856K)] 388606K->332990K(634368K), 0.0015789 secs] [Times: user=0.01 sys=0.00, real=0.01 secs] 
2657.250: [GC (Allocation Failure) [PSYoungGen: 57376K->1549K(57856K)] 388798K->332987K(634368K), 0.0017960 secs] [Times: user=0.00 sys=0.01, real=0.00 secs] 
2657.576: [GC (Allocation Failure) [PSYoungGen: 57357K->1565K(57856K)] 388795K->333003K(634368K), 0.0017186 secs] [Times: user=0.01 sys=0.00, real=0.00 secs] 
2657.900: [GC (Allocation Failure) [PSYoungGen: 57373K->1581K(57856K)] 388811K->333019K(634368K), 0.0016752 secs] [Times: user=0.01 sys=0.00, real=0.00 secs] 
2658.236: [GC (Allocation Failure) [PSYoungGen: 57389K->1440K(57856K)] 388827K->332878K(634368K), 0.0020048 secs] [Times: user=0.01 sys=0.00, real=0.00 secs] 
2658.534: [GC (Allocation Failure) [PSYoungGen: 57248K->1376K(57856K)] 388686K->332814K(634368K), 0.0017535 secs] [Times: user=0.00 sys=0.00, real=0.01 secs] 
2658.818: [GC (Allocation Failure) [PSYoungGen: 57184K->1376K(57856K)] 388622K->332814K(634368K), 0.0019771 secs] [Times: user=0.00 sys=0.00, real=0.00 secs] 
2659.135: [GC (Allocation Failure) [PSYoungGen: 57184K->1344K(57856K)] 388622K->332782K(634368K), 0.0018999 secs] [Times: user=0.01 sys=0.00, real=0.01 secs] 
2659.509: [GC (Allocation Failure) [PSYoungGen: 57152K->1408K(57856K)] 388590K->332846K(634368K), 0.0021921 secs] [Times: user=0.00 sys=0.00, real=0.00 secs] 
2660.019: [GC (Allocation Failure) [PSYoungGen: 57216K->1549K(57856K)] 388654K->332987K(634368K), 0.0016264 secs] [Times: user=0.01 sys=0.00, real=0.00 secs] 
2660.341: [GC (Allocation Failure) [PSYoungGen: 57357K->1613K(57856K)] 388795K->333067K(634368K), 0.0016990 secs] [Times: user=0.01 sys=0.00, real=0.00 secs] 
2660.667: [GC (Allocation Failure) [PSYoungGen: 57421K->1597K(57856K)] 388875K->333051K(634368K), 0.0016845 secs] [Times: user=0.00 sys=0.00, real=0.00 secs] 
2660.992: [GC (Allocation Failure) [PSYoungGen: 57405K->1613K(57856K)] 388859K->333067K(634368K), 0.0016735 secs] [Times: user=0.01 sys=0.00, real=0.00 secs] 
2661.373: [GC (Allocation Failure) [PSYoungGen: 57421K->1728K(57856K)] 388875K->333182K(634368K), 0.0019903 secs] [Times: user=0.01 sys=0.00, real=0.01 secs] 
2662.341: [GC (Allocation Failure) [PSYoungGen: 57536K->1376K(57856K)] 388990K->332830K(634368K), 0.0018196 secs] [Times: user=0.01 sys=0.00, real=0.00 secs] 
2662.990: [GC (Allocation Failure) [PSYoungGen: 57184K->1376K(57856K)] 388638K->332830K(634368K), 0.0022412 secs] [Times: user=0.01 sys=0.00, real=0.00 secs] 
2663.458: [GC (Allocation Failure) [PSYoungGen: 57184K->1376K(57856K)] 388638K->332830K(634368K), 0.0021685 secs] [Times: user=0.01 sys=0.00, real=0.00 secs] 
2663.923: [GC (Allocation Failure) [PSYoungGen: 57184K->1376K(57856K)] 388638K->332830K(634368K), 0.0022388 secs] [Times: user=0.01 sys=0.00, real=0.01 secs] 
2664.410: [GC (Allocation Failure) [PSYoungGen: 57184K->1501K(57856K)] 388638K->332955K(634368K), 0.0019778 secs] [Times: user=0.00 sys=0.01, real=0.00 secs] 
2664.767: [GC (Allocation Failure) [PSYoungGen: 57309K->1549K(57856K)] 388763K->333019K(634368K), 0.0016553 secs] [Times: user=0.01 sys=0.00, real=0.00 secs] 
2665.090: [GC (Allocation Failure) [PSYoungGen: 57357K->1517K(57856K)] 388827K->332987K(634368K), 0.0016944 secs] [Times: user=0.01 sys=0.00, real=0.00 secs] 
2665.415: [GC (Allocation Failure) [PSYoungGen: 57325K->1520K(57856K)] 388795K->332990K(634368K), 0.0016888 secs] [Times: user=0.01 sys=0.00, real=0.00 secs] 
2665.739: [GC (Allocation Failure) [PSYoungGen: 57317K->1565K(57856K)] 388787K->333035K(634368K), 0.0017089 secs] [Times: user=0.01 sys=0.00, real=0.00 secs] 
2666.140: [GC (Allocation Failure) [PSYoungGen: 57373K->1440K(57856K)] 388843K->332910K(634368K), 0.0019426 secs] [Times: user=0.01 sys=0.00, real=0.00 secs] 
2666.611: [GC (Allocation Failure) [PSYoungGen: 57248K->1376K(57856K)] 388718K->332846K(634368K), 0.0028230 secs] [Times: user=0.01 sys=0.00, real=0.00 secs] 
2667.081: [GC (Allocation Failure) [PSYoungGen: 57184K->1376K(57856K)] 388654K->332846K(634368K), 0.0032057 secs] [Times: user=0.01 sys=0.00, real=0.00 secs] 
2667.555: [GC (Allocation Failure) [PSYoungGen: 57184K->1376K(57856K)] 388654K->332862K(634368K), 0.0030099 secs] [Times: user=0.02 sys=0.00, real=0.00 secs] 
2668.016: [GC (Allocation Failure) [PSYoungGen: 57184K->1376K(57856K)] 388670K->332862K(634368K), 0.0027426 secs] [Times: user=0.01 sys=0.00, real=0.00 secs] 
2668.476: [GC (Allocation Failure) [PSYoungGen: 57184K->1504K(57856K)] 388670K->333006K(634368K), 0.0016343 secs] [Times: user=0.01 sys=0.00, real=0.00 secs] 
2668.798: [GC (Allocation Failure) [PSYoungGen: 57312K->1501K(57856K)] 388814K->333003K(634368K), 0.0016560 secs] [Times: user=0.01 sys=0.00, real=0.00 secs] 
2669.181: [GC (Allocation Failure) [PSYoungGen: 57309K->1581K(57856K)] 388811K->333083K(634368K), 0.0017834 secs] [Times: user=0.01 sys=0.00, real=0.00 secs] 
2669.568: [GC (Allocation Failure) [PSYoungGen: 57389K->1581K(57856K)] 388891K->333083K(634368K), 0.0017613 secs] [Times: user=0.01 sys=0.00, real=0.00 secs] 
2669.937: [GC (Allocation Failure) [PSYoungGen: 57389K->1472K(57856K)] 388891K->332974K(634368K), 0.0020531 secs] [Times: user=0.01 sys=0.00, real=0.00 secs] 
2670.183: [GC (Allocation Failure) [PSYoungGen: 57280K->1408K(57856K)] 388782K->332910K(634368K), 0.0020829 secs] [Times: user=0.01 sys=0.00, real=0.01 secs] 
2670.513: [GC (Allocation Failure) [PSYoungGen: 57216K->1440K(57856K)] 388718K->332942K(634368K), 0.0018192 secs] [Times: user=0.01 sys=0.00, real=0.00 secs] 
2670.764: [GC (Allocation Failure) [PSYoungGen: 57248K->1424K(57856K)] 388750K->332926K(634368K), 0.0020549 secs] [Times: user=0.01 sys=0.00, real=0.01 secs] 
2671.034: [GC (Allocation Failure) [PSYoungGen: 57232K->1408K(57856K)] 388734K->332910K(634368K), 0.0019645 secs] [Times: user=0.01 sys=0.00, real=0.01 secs] 
2671.375: [GC (Allocation Failure) [PSYoungGen: 57216K->1437K(57856K)] 388718K->332939K(634368K), 0.0017169 secs] [Times: user=0.00 sys=0.00, real=0.01 secs] 
2671.699: [GC (Allocation Failure) [PSYoungGen: 57245K->1613K(57856K)] 388747K->333131K(634368K), 0.0016670 secs] [Times: user=0.01 sys=0.00, real=0.00 secs] 
2672.022: [GC (Allocation Failure) [PSYoungGen: 57421K->1597K(57856K)] 388939K->333115K(634368K), 0.0016507 secs] [Times: user=0.01 sys=0.00, real=0.00 secs] 
2672.357: [GC (Allocation Failure) [PSYoungGen: 57405K->1533K(57856K)] 388923K->333051K(634368K), 0.0015297 secs] [Times: user=0.01 sys=0.00, real=0.00 secs] 
2672.682: [GC (Allocation Failure) [PSYoungGen: 57341K->1549K(57856K)] 388859K->333067K(634368K), 0.0016540 secs] [Times: user=0.00 sys=0.00, real=0.00 secs] 
2672.961: [GC (Allocation Failure) [PSYoungGen: 57357K->1440K(57856K)] 388875K->332958K(634368K), 0.0018125 secs] [Times: user=0.00 sys=0.00, real=0.00 secs] 
2673.193: [GC (Allocation Failure) [PSYoungGen: 57248K->1376K(57856K)] 388766K->332894K(634368K), 0.0017889 secs] [Times: user=0.01 sys=0.00, real=0.00 secs] 
2673.424: [GC (Allocation Failure) [PSYoungGen: 57184K->1376K(57856K)] 388702K->332894K(634368K), 0.0018303 secs] [Times: user=0.01 sys=0.00, real=0.01 secs] 
2673.687: [GC (Allocation Failure) [PSYoungGen: 57184K->1408K(57856K)] 388702K->332926K(634368K), 0.0023341 secs] [Times: user=0.01 sys=0.00, real=0.00 secs] 
2673.919: [GC (Allocation Failure) [PSYoungGen: 57216K->1376K(57856K)] 388734K->332894K(634368K), 0.0020436 secs] [Times: user=0.01 sys=0.00, real=0.00 secs] 
2674.275: [GC (Allocation Failure) [PSYoungGen: 57184K->1536K(57856K)] 388702K->333078K(634368K), 0.0017021 secs] [Times: user=0.01 sys=0.00, real=0.00 secs] 
2674.597: [GC (Allocation Failure) [PSYoungGen: 57344K->1597K(57856K)] 388886K->333139K(634368K), 0.0016770 secs] [Times: user=0.01 sys=0.00, real=0.00 secs] 
2674.921: [GC (Allocation Failure) [PSYoungGen: 57405K->1533K(57856K)] 388947K->333099K(634368K), 0.0016564 secs] [Times: user=0.01 sys=0.00, real=0.00 secs] 
2675.247: [GC (Allocation Failure) [PSYoungGen: 57341K->1517K(57856K)] 388907K->333083K(634368K), 0.0017359 secs] [Times: user=0.01 sys=0.00, real=0.00 secs] 
2675.698: [GC (Allocation Failure) [PSYoungGen: 57325K->1472K(57856K)] 388891K->333038K(634368K), 0.0019093 secs] [Times: user=0.01 sys=0.00, real=0.00 secs] 
2676.272: [GC (Allocation Failure) [PSYoungGen: 57280K->1376K(57856K)] 388846K->332942K(634368K), 0.0020116 secs] [Times: user=0.01 sys=0.00, real=0.00 secs] 
2676.847: [GC (Allocation Failure) [PSYoungGen: 57184K->1376K(57856K)] 388750K->332942K(634368K), 0.0019805 secs] [Times: user=0.01 sys=0.00, real=0.00 secs] 
2677.106: [GC (Allocation Failure) [PSYoungGen: 57184K->1376K(57856K)] 388750K->332942K(634368K), 0.0019299 secs] [Times: user=0.01 sys=0.00, real=0.00 secs] 
2677.338: [GC (Allocation Failure) [PSYoungGen: 57184K->1408K(57856K)] 388750K->332974K(634368K), 0.0019281 secs] [Times: user=0.01 sys=0.00, real=0.00 secs] 
2677.681: [GC (Allocation Failure) [PSYoungGen: 57216K->1437K(57856K)] 388782K->333003K(634368K), 0.0016214 secs] [Times: user=0.00 sys=0.00, real=0.00 secs] 
2678.002: [GC (Allocation Failure) [PSYoungGen: 57245K->1536K(57856K)] 388811K->333110K(634368K), 0.0016558 secs] [Times: user=0.00 sys=0.00, real=0.00 secs] 
2678.330: [GC (Allocation Failure) [PSYoungGen: 57344K->1597K(57856K)] 388918K->333171K(634368K), 0.0016833 secs] [Times: user=0.00 sys=0.00, real=0.00 secs] 
2678.654: [GC (Allocation Failure) [PSYoungGen: 57405K->1565K(57856K)] 388979K->333139K(634368K), 0.0017194 secs] [Times: user=0.01 sys=0.00, real=0.01 secs] 
2679.018: [GC (Allocation Failure) [PSYoungGen: 57373K->1744K(57856K)] 388947K->333318K(634368K), 0.0017173 secs] [Times: user=0.01 sys=0.00, real=0.00 secs] 
2679.795: [GC (Allocation Failure) [PSYoungGen: 57552K->1376K(57856K)] 389126K->332950K(634368K), 0.0033272 secs] [Times: user=0.01 sys=0.00, real=0.00 secs] 
2680.439: [GC (Allocation Failure) [PSYoungGen: 57184K->1408K(57856K)] 388758K->332982K(634368K), 0.0031839 secs] [Times: user=0.02 sys=0.00, real=0.00 secs] 
2680.910: [GC (Allocation Failure) [PSYoungGen: 57216K->1408K(57856K)] 388790K->332982K(634368K), 0.0032077 secs] [Times: user=0.01 sys=0.00, real=0.00 secs] 
2681.375: [GC (Allocation Failure) [PSYoungGen: 57216K->1408K(57856K)] 388790K->332982K(634368K), 0.0027387 secs] [Times: user=0.01 sys=0.00, real=0.00 secs] 
2681.764: [GC (Allocation Failure) [PSYoungGen: 57216K->1485K(57856K)] 388790K->333059K(634368K), 0.0022030 secs] [Times: user=0.01 sys=0.00, real=0.01 secs] 
2682.135: [GC (Allocation Failure) [PSYoungGen: 57293K->1613K(57856K)] 388867K->333203K(634368K), 0.0016753 secs] [Times: user=0.01 sys=0.00, real=0.00 secs] 
2682.465: [GC (Allocation Failure) [PSYoungGen: 57401K->1565K(57856K)] 388992K->333155K(634368K), 0.0026020 secs] [Times: user=0.01 sys=0.00, real=0.00 secs] 
2682.873: [GC (Allocation Failure) [PSYoungGen: 57373K->1565K(57856K)] 388963K->333155K(634368K), 0.0017476 secs] [Times: user=0.01 sys=0.00, real=0.01 secs] 
2683.197: [GC (Allocation Failure) [PSYoungGen: 57373K->1632K(57856K)] 388963K->333222K(634368K), 0.0016679 secs] [Times: user=0.01 sys=0.00, real=0.00 secs] 
2683.733: [GC (Allocation Failure) [PSYoungGen: 57440K->1504K(57856K)] 389030K->333094K(634368K), 0.0028598 secs] [Times: user=0.01 sys=0.00, real=0.01 secs] 
2684.157: [GC (Allocation Failure) [PSYoungGen: 57312K->1376K(57856K)] 388902K->332966K(634368K), 0.0025225 secs] [Times: user=0.01 sys=0.00, real=0.00 secs] 
2684.525: [GC (Allocation Failure) [PSYoungGen: 57184K->1408K(57856K)] 388774K->332998K(634368K), 0.0021957 secs] [Times: user=0.01 sys=0.00, real=0.00 secs] 
2684.757: [GC (Allocation Failure) [PSYoungGen: 57216K->1376K(57856K)] 388806K->332966K(634368K), 0.0020350 secs] [Times: user=0.01 sys=0.00, real=0.00 secs] 
2684.989: [GC (Allocation Failure) [PSYoungGen: 57184K->1376K(57856K)] 388774K->332966K(634368K), 0.0019474 secs] [Times: user=0.01 sys=0.00, real=0.00 secs] 
2685.322: [GC (Allocation Failure) [PSYoungGen: 57184K->1501K(57856K)] 388774K->333107K(634368K), 0.0016072 secs] [Times: user=0.00 sys=0.00, real=0.00 secs] 
2685.643: [GC (Allocation Failure) [PSYoungGen: 57309K->1533K(57856K)] 388915K->333139K(634368K), 0.0016790 secs] [Times: user=0.01 sys=0.00, real=0.01 secs] 
2685.967: [GC (Allocation Failure) [PSYoungGen: 57341K->1581K(57856K)] 388947K->333187K(634368K), 0.0017198 secs] [Times: user=0.01 sys=0.00, real=0.00 secs] 
2686.290: [GC (Allocation Failure) [PSYoungGen: 57389K->1632K(57856K)] 388995K->333262K(634368K), 0.0015444 secs] [Times: user=0.01 sys=0.00, real=0.00 secs] 
2686.902: [GC (Allocation Failure) [PSYoungGen: 57440K->1472K(57856K)] 389070K->333102K(634368K), 0.0023829 secs] [Times: user=0.01 sys=0.00, real=0.00 secs] 
2687.727: [GC (Allocation Failure) [PSYoungGen: 57280K->1376K(57856K)] 388910K->333006K(634368K), 0.0022923 secs] [Times: user=0.01 sys=0.00, real=0.00 secs] 
2688.214: [GC (Allocation Failure) [PSYoungGen: 57184K->1424K(57856K)] 388814K->333054K(634368K), 0.0020532 secs] [Times: user=0.01 sys=0.00, real=0.01 secs] 
2688.522: [GC (Allocation Failure) [PSYoungGen: 57232K->1408K(57856K)] 388862K->333038K(634368K), 0.0019957 secs] [Times: user=0.00 sys=0.00, real=0.00 secs] 
2688.755: [GC (Allocation Failure) [PSYoungGen: 57216K->1376K(57856K)] 388846K->333006K(634368K), 0.0019032 secs] [Times: user=0.01 sys=0.00, real=0.00 secs] 
2689.047: [GC (Allocation Failure) [PSYoungGen: 57184K->1437K(57856K)] 388814K->333067K(634368K), 0.0016154 secs] [Times: user=0.01 sys=0.00, real=0.00 secs] 
2689.370: [GC (Allocation Failure) [PSYoungGen: 57245K->1565K(57856K)] 388875K->333211K(634368K), 0.0017497 secs] [Times: user=0.00 sys=0.00, real=0.00 secs] 
2689.694: [GC (Allocation Failure) [PSYoungGen: 57373K->1613K(57856K)] 389019K->333259K(634368K), 0.0016822 secs] [Times: user=0.01 sys=0.00, real=0.01 secs] 
2690.017: [GC (Allocation Failure) [PSYoungGen: 57421K->1549K(57856K)] 389067K->333195K(634368K), 0.0016427 secs] [Times: user=0.00 sys=0.00, real=0.00 secs] 
2690.343: [GC (Allocation Failure) [PSYoungGen: 57357K->1504K(57856K)] 389003K->333150K(634368K), 0.0019306 secs] [Times: user=0.01 sys=0.00, real=0.01 secs] 
2690.677: [GC (Allocation Failure) [PSYoungGen: 57312K->1440K(57856K)] 388958K->333086K(634368K), 0.0019534 secs] [Times: user=0.00 sys=0.00, real=0.00 secs] 
2690.919: [GC (Allocation Failure) [PSYoungGen: 57248K->1408K(57856K)] 388894K->333054K(634368K), 0.0018437 secs] [Times: user=0.00 sys=0.00, real=0.00 secs] 
2691.252: [GC (Allocation Failure) [PSYoungGen: 57216K->1408K(57856K)] 388862K->333054K(634368K), 0.0021047 secs] [Times: user=0.01 sys=0.00, real=0.00 secs] 
2691.557: [GC (Allocation Failure) [PSYoungGen: 57216K->1376K(57856K)] 388862K->333022K(634368K), 0.0018719 secs] [Times: user=0.01 sys=0.00, real=0.00 secs] 
2691.800: [GC (Allocation Failure) [PSYoungGen: 57184K->1360K(57856K)] 388830K->333006K(634368K), 0.0020411 secs] [Times: user=0.01 sys=0.00, real=0.00 secs] 
2692.170: [GC (Allocation Failure) [PSYoungGen: 57143K->1517K(57856K)] 388790K->333187K(634368K), 0.0017033 secs] [Times: user=0.01 sys=0.00, real=0.00 secs] 
2692.556: [GC (Allocation Failure) [PSYoungGen: 57325K->1581K(57856K)] 388995K->333251K(634368K), 0.0018453 secs] [Times: user=0.00 sys=0.00, real=0.00 secs] 
2692.890: [GC (Allocation Failure) [PSYoungGen: 57389K->1520K(57856K)] 389059K->333190K(634368K), 0.0015395 secs] [Times: user=0.00 sys=0.00, real=0.00 secs] 
2693.274: [GC (Allocation Failure) [PSYoungGen: 57328K->1533K(57856K)] 388998K->333203K(634368K), 0.0017818 secs] [Times: user=0.01 sys=0.00, real=0.01 secs] 
2693.597: [GC (Allocation Failure) [PSYoungGen: 57341K->1488K(57856K)] 389011K->333158K(634368K), 0.0021748 secs] [Times: user=0.01 sys=0.00, real=0.00 secs] 
2693.830: [GC (Allocation Failure) [PSYoungGen: 57296K->1376K(57856K)] 388966K->333046K(634368K), 0.0019336 secs] [Times: user=0.01 sys=0.00, real=0.00 secs] 
2694.225: [GC (Allocation Failure) [PSYoungGen: 57184K->1344K(57856K)] 388854K->333014K(634368K), 0.0018578 secs] [Times: user=0.01 sys=0.00, real=0.00 secs] 
2694.617: [GC (Allocation Failure) [PSYoungGen: 57152K->1376K(57856K)] 388822K->333046K(634368K), 0.0019704 secs] [Times: user=0.01 sys=0.00, real=0.00 secs] 
2695.102: [GC (Allocation Failure) [PSYoungGen: 57184K->1408K(57856K)] 388854K->333078K(634368K), 0.0019612 secs] [Times: user=0.01 sys=0.00, real=0.00 secs] 
2695.536: [GC (Allocation Failure) [PSYoungGen: 57216K->1501K(57856K)] 388886K->333171K(634368K), 0.0016319 secs] [Times: user=0.01 sys=0.00, real=0.00 secs] 
2695.859: [GC (Allocation Failure) [PSYoungGen: 57309K->1565K(57856K)] 388979K->333275K(634368K), 0.0016617 secs] [Times: user=0.00 sys=0.00, real=0.00 secs] 
2696.183: [GC (Allocation Failure) [PSYoungGen: 57373K->1549K(57856K)] 389083K->333259K(634368K), 0.0015847 secs] [Times: user=0.01 sys=0.00, real=0.01 secs] 
2696.506: [GC (Allocation Failure) [PSYoungGen: 57357K->1565K(57856K)] 389067K->333275K(634368K), 0.0017108 secs] [Times: user=0.00 sys=0.00, real=0.00 secs] 
2696.968: [GC (Allocation Failure) [PSYoungGen: 57373K->1744K(57856K)] 389083K->333454K(634368K), 0.0018028 secs] [Times: user=0.01 sys=0.00, real=0.00 secs] 
2697.983: [GC (Allocation Failure) [PSYoungGen: 57552K->1408K(57856K)] 389262K->333118K(634368K), 0.0021035 secs] [Times: user=0.01 sys=0.00, real=0.01 secs] 
2698.866: [GC (Allocation Failure) [PSYoungGen: 57216K->1312K(57856K)] 388926K->333022K(634368K), 0.0034027 secs] [Times: user=0.01 sys=0.00, real=0.00 secs] 
2699.746: [GC (Allocation Failure) [PSYoungGen: 57120K->1344K(57856K)] 388830K->333054K(634368K), 0.0035455 secs] [Times: user=0.01 sys=0.00, real=0.00 secs] 
2700.397: [GC (Allocation Failure) [PSYoungGen: 57152K->1408K(57856K)] 388862K->333118K(634368K), 0.0039795 secs] [Times: user=0.02 sys=0.00, real=0.00 secs] 
2700.937: [GC (Allocation Failure) [PSYoungGen: 57216K->1504K(57856K)] 388926K->333214K(634368K), 0.0024104 secs] [Times: user=0.01 sys=0.00, real=0.00 secs] 
2701.309: [GC (Allocation Failure) [PSYoungGen: 57312K->1533K(57856K)] 389022K->333259K(634368K), 0.0016809 secs] [Times: user=0.01 sys=0.00, real=0.00 secs] 
2701.633: [GC (Allocation Failure) [PSYoungGen: 57341K->1597K(57856K)] 389067K->333323K(634368K), 0.0016720 secs] [Times: user=0.00 sys=0.00, real=0.00 secs] 
2701.957: [GC (Allocation Failure) [PSYoungGen: 57405K->1549K(57856K)] 389131K->333275K(634368K), 0.0015984 secs] [Times: user=0.01 sys=0.00, real=0.00 secs] 
2702.283: [GC (Allocation Failure) [PSYoungGen: 57357K->1504K(57856K)] 389083K->333230K(634368K), 0.0015819 secs] [Times: user=0.01 sys=0.00, real=0.00 secs] 
2702.865: [GC (Allocation Failure) [PSYoungGen: 57312K->1440K(57856K)] 389038K->333166K(634368K), 0.0021238 secs] [Times: user=0.01 sys=0.00, real=0.00 secs] 
2703.336: [GC (Allocation Failure) [PSYoungGen: 57248K->1408K(57856K)] 388974K->333134K(634368K), 0.0020158 secs] [Times: user=0.00 sys=0.00, real=0.00 secs] 
2703.835: [GC (Allocation Failure) [PSYoungGen: 57216K->1376K(57856K)] 388942K->333102K(634368K), 0.0022301 secs] [Times: user=0.01 sys=0.01, real=0.01 secs] 
2704.275: [GC (Allocation Failure) [PSYoungGen: 57184K->1376K(57856K)] 388910K->333102K(634368K), 0.0027573 secs] [Times: user=0.01 sys=0.00, real=0.00 secs] 
2704.581: [GC (Allocation Failure) [PSYoungGen: 57184K->1424K(57856K)] 388910K->333150K(634368K), 0.0019717 secs] [Times: user=0.01 sys=0.00, real=0.00 secs] 
2704.939: [GC (Allocation Failure) [PSYoungGen: 57232K->1501K(57856K)] 388958K->333235K(634368K), 0.0017706 secs] [Times: user=0.00 sys=0.01, real=0.00 secs] 
2705.261: [GC (Allocation Failure) [PSYoungGen: 57309K->1549K(57856K)] 389043K->333283K(634368K), 0.0017611 secs] [Times: user=0.01 sys=0.00, real=0.00 secs] 
2705.587: [GC (Allocation Failure) [PSYoungGen: 57357K->1581K(57856K)] 389091K->333315K(634368K), 0.0016318 secs] [Times: user=0.00 sys=0.00, real=0.00 secs] 
2705.973: [GC (Allocation Failure) [PSYoungGen: 57389K->1600K(57856K)] 389123K->333334K(634368K), 0.0016840 secs] [Times: user=0.00 sys=0.00, real=0.01 secs] 
2706.649: [GC (Allocation Failure) [PSYoungGen: 57408K->1472K(57856K)] 389142K->333206K(634368K), 0.0040195 secs] [Times: user=0.01 sys=0.00, real=0.00 secs] 
2707.481: [GC (Allocation Failure) [PSYoungGen: 57280K->1408K(57856K)] 389014K->333158K(634368K), 0.0032048 secs] [Times: user=0.01 sys=0.00, real=0.00 secs] 
2708.214: [GC (Allocation Failure) [PSYoungGen: 57216K->1376K(57856K)] 388966K->333126K(634368K), 0.0032149 secs] [Times: user=0.01 sys=0.00, real=0.01 secs] 
2708.972: [GC (Allocation Failure) [PSYoungGen: 57184K->1376K(57856K)] 388934K->333126K(634368K), 0.0031948 secs] [Times: user=0.02 sys=0.00, real=0.01 secs] 
2709.440: [GC (Allocation Failure) [PSYoungGen: 57184K->1376K(57856K)] 388934K->333126K(634368K), 0.0028699 secs] [Times: user=0.01 sys=0.00, real=0.00 secs] 
2709.926: [GC (Allocation Failure) [PSYoungGen: 57184K->1437K(57856K)] 388934K->333187K(634368K), 0.0019819 secs] [Times: user=0.01 sys=0.00, real=0.00 secs] 
2710.262: [GC (Allocation Failure) [PSYoungGen: 57245K->1549K(57856K)] 388995K->333315K(634368K), 0.0016583 secs] [Times: user=0.00 sys=0.00, real=0.00 secs] 
2710.586: [GC (Allocation Failure) [PSYoungGen: 57336K->1552K(57856K)] 389103K->333318K(634368K), 0.0016762 secs] [Times: user=0.01 sys=0.00, real=0.00 secs] 
2710.910: [GC (Allocation Failure) [PSYoungGen: 57360K->1501K(57856K)] 389126K->333267K(634368K), 0.0016899 secs] [Times: user=0.00 sys=0.00, real=0.00 secs] 
2711.289: [GC (Allocation Failure) [PSYoungGen: 57309K->1549K(57856K)] 389075K->333315K(634368K), 0.0017509 secs] [Times: user=0.00 sys=0.00, real=0.00 secs] 
2711.588: [GC (Allocation Failure) [PSYoungGen: 57357K->1440K(57856K)] 389123K->333206K(634368K), 0.0018837 secs] [Times: user=0.01 sys=0.00, real=0.00 secs] 
2711.821: [GC (Allocation Failure) [PSYoungGen: 57248K->1408K(57856K)] 389014K->333174K(634368K), 0.0019353 secs] [Times: user=0.01 sys=0.00, real=0.00 secs] 
2712.086: [GC (Allocation Failure) [PSYoungGen: 57216K->1376K(57856K)] 388982K->333142K(634368K), 0.0019858 secs] [Times: user=0.01 sys=0.00, real=0.00 secs] 
2712.536: [GC (Allocation Failure) [PSYoungGen: 57184K->1376K(57856K)] 388950K->333142K(634368K), 0.0021541 secs] [Times: user=0.01 sys=0.00, real=0.00 secs] 
2712.965: [GC (Allocation Failure) [PSYoungGen: 57184K->1376K(57856K)] 388950K->333142K(634368K), 0.0021140 secs] [Times: user=0.00 sys=0.00, real=0.00 secs] 
2713.410: [GC (Allocation Failure) [PSYoungGen: 57168K->1533K(57856K)] 388934K->333315K(634368K), 0.0016801 secs] [Times: user=0.01 sys=0.00, real=0.00 secs] 
2713.735: [GC (Allocation Failure) [PSYoungGen: 57341K->1565K(57856K)] 389123K->333347K(634368K), 0.0016881 secs] [Times: user=0.01 sys=0.00, real=0.00 secs] 
2714.059: [GC (Allocation Failure) [PSYoungGen: 57373K->1517K(57856K)] 389155K->333299K(634368K), 0.0017076 secs] [Times: user=0.01 sys=0.00, real=0.00 secs] 
2714.383: [GC (Allocation Failure) [PSYoungGen: 57325K->1565K(57856K)] 389107K->333347K(634368K), 0.0016769 secs] [Times: user=0.00 sys=0.00, real=0.00 secs] 
2714.977: [GC (Allocation Failure) [PSYoungGen: 57373K->1472K(57856K)] 389155K->333254K(634368K), 0.0027360 secs] [Times: user=0.01 sys=0.00, real=0.00 secs] 
2715.708: [GC (Allocation Failure) [PSYoungGen: 57280K->1408K(57856K)] 389062K->333190K(634368K), 0.0038680 secs] [Times: user=0.01 sys=0.00, real=0.00 secs] 
2716.541: [GC (Allocation Failure) [PSYoungGen: 57216K->1376K(57856K)] 388998K->333158K(634368K), 0.0032392 secs] [Times: user=0.01 sys=0.00, real=0.00 secs] 
2717.456: [GC (Allocation Failure) [PSYoungGen: 57184K->1376K(57856K)] 388966K->333174K(634368K), 0.0040722 secs] [Times: user=0.02 sys=0.01, real=0.00 secs] 
2718.037: [GC (Allocation Failure) [PSYoungGen: 57184K->1376K(57856K)] 388982K->333174K(634368K), 0.0031547 secs] [Times: user=0.01 sys=0.00, real=0.00 secs] 
2718.673: [GC (Allocation Failure) [PSYoungGen: 57184K->1501K(57856K)] 388982K->333299K(634368K), 0.0016654 secs] [Times: user=0.00 sys=0.00, real=0.00 secs] 
2719.057: [GC (Allocation Failure) [PSYoungGen: 57309K->1565K(57856K)] 389107K->333379K(634368K), 0.0018344 secs] [Times: user=0.01 sys=0.00, real=0.00 secs] 
2719.381: [GC (Allocation Failure) [PSYoungGen: 57373K->1565K(57856K)] 389187K->333379K(634368K), 0.0017575 secs] [Times: user=0.01 sys=0.00, real=0.00 secs] 
2719.705: [GC (Allocation Failure) [PSYoungGen: 57373K->1533K(57856K)] 389187K->333347K(634368K), 0.0017582 secs] [Times: user=0.01 sys=0.00, real=0.00 secs] 
2720.023: [GC (Allocation Failure) [PSYoungGen: 57341K->1440K(57856K)] 389155K->333254K(634368K), 0.0016155 secs] [Times: user=0.01 sys=0.00, real=0.00 secs] 
2720.390: [GC (Allocation Failure) [PSYoungGen: 57248K->1376K(57856K)] 389062K->333190K(634368K), 0.0029167 secs] [Times: user=0.02 sys=0.00, real=0.00 secs] 
2721.008: [GC (Allocation Failure) [PSYoungGen: 57184K->1408K(57856K)] 388998K->333222K(634368K), 0.0027557 secs] [Times: user=0.01 sys=0.00, real=0.00 secs] 
2721.790: [GC (Allocation Failure) [PSYoungGen: 57216K->1376K(57856K)] 389030K->333190K(634368K), 0.0023235 secs] [Times: user=0.01 sys=0.00, real=0.00 secs] 
2722.597: [GC (Allocation Failure) [PSYoungGen: 57184K->1408K(57856K)] 388998K->333222K(634368K), 0.0027574 secs] [Times: user=0.01 sys=0.00, real=0.00 secs] 
2723.147: [GC (Allocation Failure) [PSYoungGen: 57216K->1408K(57856K)] 389030K->333222K(634368K), 0.0027388 secs] [Times: user=0.01 sys=0.00, real=0.00 secs] 
2723.581: [GC (Allocation Failure) [PSYoungGen: 57216K->1565K(57856K)] 389030K->333395K(634368K), 0.0017094 secs] [Times: user=0.01 sys=0.00, real=0.00 secs] 
2723.909: [GC (Allocation Failure) [PSYoungGen: 57373K->1581K(57856K)] 389203K->333411K(634368K), 0.0017632 secs] [Times: user=0.01 sys=0.00, real=0.00 secs] 
2724.296: [GC (Allocation Failure) [PSYoungGen: 57389K->1533K(57856K)] 389219K->333363K(634368K), 0.0018510 secs] [Times: user=0.00 sys=0.00, real=0.00 secs] 
2724.622: [GC (Allocation Failure) [PSYoungGen: 57341K->1501K(57856K)] 389171K->333331K(634368K), 0.0017935 secs] [Times: user=0.00 sys=0.00, real=0.00 secs] 
2725.645: [GC (Allocation Failure) [PSYoungGen: 57309K->1424K(57856K)] 389139K->333254K(634368K), 0.0041938 secs] [Times: user=0.01 sys=0.00, real=0.00 secs] 
2726.557: [GC (Allocation Failure) [PSYoungGen: 57232K->1408K(57856K)] 389062K->333238K(634368K), 0.0044918 secs] [Times: user=0.02 sys=0.00, real=0.00 secs] 
2727.259: [GC (Allocation Failure) [PSYoungGen: 57216K->1408K(57856K)] 389046K->333238K(634368K), 0.0038323 secs] [Times: user=0.02 sys=0.00, real=0.00 secs] 
2727.806: [GC (Allocation Failure) [PSYoungGen: 57216K->1376K(57856K)] 389046K->333206K(634368K), 0.0025663 secs] [Times: user=0.01 sys=0.00, real=0.00 secs] 
2728.174: [GC (Allocation Failure) [PSYoungGen: 57184K->1408K(57856K)] 389014K->333238K(634368K), 0.0026879 secs] [Times: user=0.01 sys=0.00, real=0.01 secs] 
2728.595: [GC (Allocation Failure) [PSYoungGen: 57216K->1501K(57856K)] 389046K->333339K(634368K), 0.0016092 secs] [Times: user=0.00 sys=0.00, real=0.01 secs] 
2728.917: [GC (Allocation Failure) [PSYoungGen: 57309K->1533K(57856K)] 389147K->333379K(634368K), 0.0016842 secs] [Times: user=0.01 sys=0.00, real=0.00 secs] 
2729.243: [GC (Allocation Failure) [PSYoungGen: 57341K->1533K(57856K)] 389187K->333403K(634368K), 0.0017093 secs] [Times: user=0.01 sys=0.00, real=0.00 secs] 
2729.567: [GC (Allocation Failure) [PSYoungGen: 57341K->1565K(57856K)] 389211K->333435K(634368K), 0.0016798 secs] [Times: user=0.01 sys=0.00, real=0.00 secs] 
2729.918: [GC (Allocation Failure) [PSYoungGen: 57373K->1456K(57856K)] 389243K->333326K(634368K), 0.0020553 secs] [Times: user=0.01 sys=0.00, real=0.00 secs] 
2730.151: [GC (Allocation Failure) [PSYoungGen: 57264K->1360K(57856K)] 389134K->333230K(634368K), 0.0021359 secs] [Times: user=0.01 sys=0.00, real=0.00 secs] 
2730.383: [GC (Allocation Failure) [PSYoungGen: 57168K->1408K(57856K)] 389038K->333278K(634368K), 0.0019663 secs] [Times: user=0.01 sys=0.00, real=0.01 secs] 
2730.615: [GC (Allocation Failure) [PSYoungGen: 57216K->1376K(57856K)] 389086K->333246K(634368K), 0.0017566 secs] [Times: user=0.01 sys=0.00, real=0.00 secs] 
2730.847: [GC (Allocation Failure) [PSYoungGen: 57184K->1376K(57856K)] 389054K->333246K(634368K), 0.0018954 secs] [Times: user=0.00 sys=0.00, real=0.00 secs] 
2731.128: [GC (Allocation Failure) [PSYoungGen: 57184K->1533K(57856K)] 389054K->333403K(634368K), 0.0016038 secs] [Times: user=0.01 sys=0.01, real=0.00 secs] 
2731.450: [GC (Allocation Failure) [PSYoungGen: 57341K->1565K(57856K)] 389211K->333451K(634368K), 0.0015461 secs] [Times: user=0.00 sys=0.00, real=0.00 secs] 
2731.774: [GC (Allocation Failure) [PSYoungGen: 57373K->1597K(57856K)] 389259K->333483K(634368K), 0.0015924 secs] [Times: user=0.01 sys=0.00, real=0.01 secs] 
2732.098: [GC (Allocation Failure) [PSYoungGen: 57405K->1581K(57856K)] 389291K->333467K(634368K), 0.0016630 secs] [Times: user=0.01 sys=0.00, real=0.00 secs] 
2732.424: [GC (Allocation Failure) [PSYoungGen: 57389K->1565K(57856K)] 389275K->333451K(634368K), 0.0017058 secs] [Times: user=0.01 sys=0.00, real=0.01 secs] 
2733.269: [GC (Allocation Failure) [PSYoungGen: 57373K->1440K(57856K)] 389259K->333326K(634368K), 0.0025953 secs] [Times: user=0.01 sys=0.00, real=0.00 secs] 
2733.806: [GC (Allocation Failure) [PSYoungGen: 57248K->1376K(57856K)] 389134K->333262K(634368K), 0.0020699 secs] [Times: user=0.01 sys=0.00, real=0.00 secs] 
2734.261: [GC (Allocation Failure) [PSYoungGen: 57184K->1376K(57856K)] 389070K->333262K(634368K), 0.0039304 secs] [Times: user=0.02 sys=0.00, real=0.01 secs] 
2734.728: [GC (Allocation Failure) [PSYoungGen: 57184K->1424K(57856K)] 389070K->333310K(634368K), 0.0032830 secs] [Times: user=0.01 sys=0.00, real=0.00 secs] 
2735.067: [GC (Allocation Failure) [PSYoungGen: 57232K->1440K(57856K)] 389118K->333326K(634368K), 0.0021665 secs] [Times: user=0.01 sys=0.00, real=0.00 secs] 
2735.413: [GC (Allocation Failure) [PSYoungGen: 57248K->1533K(57856K)] 389134K->333435K(634368K), 0.0016468 secs] [Times: user=0.01 sys=0.00, real=0.01 secs] 
2735.736: [GC (Allocation Failure) [PSYoungGen: 57341K->1533K(57856K)] 389243K->333435K(634368K), 0.0016450 secs] [Times: user=0.01 sys=0.00, real=0.00 secs] 
2736.060: [GC (Allocation Failure) [PSYoungGen: 57341K->1549K(57856K)] 389243K->333451K(634368K), 0.0016958 secs] [Times: user=0.01 sys=0.00, real=0.00 secs] 
2736.387: [GC (Allocation Failure) [PSYoungGen: 57357K->1565K(57856K)] 389259K->333483K(634368K), 0.0016720 secs] [Times: user=0.01 sys=0.00, real=0.00 secs] 
2737.326: [GC (Allocation Failure) [PSYoungGen: 57373K->1520K(57856K)] 389291K->333438K(634368K), 0.0037920 secs] [Times: user=0.02 sys=0.01, real=0.00 secs] 
2738.137: [GC (Allocation Failure) [PSYoungGen: 57328K->1344K(57856K)] 389246K->333262K(634368K), 0.0038701 secs] [Times: user=0.02 sys=0.00, real=0.00 secs] 
2738.994: [GC (Allocation Failure) [PSYoungGen: 57152K->1392K(57856K)] 389070K->333310K(634368K), 0.0032950 secs] [Times: user=0.01 sys=0.00, real=0.01 secs] 
2739.555: [GC (Allocation Failure) [PSYoungGen: 57200K->1408K(57856K)] 389118K->333326K(634368K), 0.0032677 secs] [Times: user=0.01 sys=0.00, real=0.01 secs] 
2739.786: [GC (Allocation Failure) [PSYoungGen: 57216K->1376K(57856K)] 389134K->333294K(634368K), 0.0020164 secs] [Times: user=0.00 sys=0.00, real=0.00 secs] 
2740.137: [GC (Allocation Failure) [PSYoungGen: 57184K->1501K(57856K)] 389102K->333419K(634368K), 0.0016869 secs] [Times: user=0.00 sys=0.00, real=0.00 secs] 
2740.459: [GC (Allocation Failure) [PSYoungGen: 57309K->1552K(57856K)] 389227K->333486K(634368K), 0.0016434 secs] [Times: user=0.00 sys=0.00, real=0.00 secs] 
2740.783: [GC (Allocation Failure) [PSYoungGen: 57360K->1597K(57856K)] 389294K->333531K(634368K), 0.0016612 secs] [Times: user=0.01 sys=0.00, real=0.01 secs] 
2741.109: [GC (Allocation Failure) [PSYoungGen: 57405K->1565K(57856K)] 389339K->333499K(634368K), 0.0016499 secs] [Times: user=0.01 sys=0.00, real=0.00 secs] 
2741.488: [GC (Allocation Failure) [PSYoungGen: 57373K->224K(57856K)] 389307K->332158K(634368K), 0.0016616 secs] [Times: user=0.00 sys=0.00, real=0.00 secs] 
2742.170: [GC (Allocation Failure) [PSYoungGen: 56032K->1344K(57856K)] 387966K->333278K(634368K), 0.0018891 secs] [Times: user=0.00 sys=0.00, real=0.00 secs] 
2742.854: [GC (Allocation Failure) [PSYoungGen: 57152K->1376K(57856K)] 389086K->333310K(634368K), 0.0032475 secs] [Times: user=0.02 sys=0.00, real=0.01 secs] 
2743.546: [GC (Allocation Failure) [PSYoungGen: 57184K->1376K(57856K)] 389118K->333310K(634368K), 0.0045859 secs] [Times: user=0.02 sys=0.00, real=0.00 secs] 
2744.157: [GC (Allocation Failure) [PSYoungGen: 57184K->1408K(57856K)] 389118K->333342K(634368K), 0.0032416 secs] [Times: user=0.01 sys=0.00, real=0.00 secs] 
2744.631: [GC (Allocation Failure) [PSYoungGen: 57216K->1376K(57856K)] 389150K->333310K(634368K), 0.0027458 secs] [Times: user=0.01 sys=0.00, real=0.00 secs] 
2745.040: [GC (Allocation Failure) [PSYoungGen: 57184K->1504K(57856K)] 389118K->333446K(634368K), 0.0016809 secs] [Times: user=0.01 sys=0.00, real=0.00 secs] 
2745.364: [GC (Allocation Failure) [PSYoungGen: 57312K->1533K(57856K)] 389254K->333475K(634368K), 0.0016801 secs] [Times: user=0.00 sys=0.00, real=0.01 secs] 
2745.690: [GC (Allocation Failure) [PSYoungGen: 57341K->1533K(57856K)] 389283K->333475K(634368K), 0.0017399 secs] [Times: user=0.01 sys=0.00, real=0.00 secs] 
2746.015: [GC (Allocation Failure) [PSYoungGen: 57329K->1565K(57856K)] 389271K->333507K(634368K), 0.0017132 secs] [Times: user=0.01 sys=0.00, real=0.00 secs] 
2746.735: [GC (Allocation Failure) [PSYoungGen: 57373K->1408K(57856K)] 389315K->333350K(634368K), 0.0018855 secs] [Times: user=0.00 sys=0.00, real=0.00 secs] 
2747.512: [GC (Allocation Failure) [PSYoungGen: 57216K->1360K(57856K)] 389158K->333302K(634368K), 0.0021401 secs] [Times: user=0.01 sys=0.00, real=0.00 secs] 
2748.172: [GC (Allocation Failure) [PSYoungGen: 57168K->1376K(57856K)] 389110K->333318K(634368K), 0.0024970 secs] [Times: user=0.01 sys=0.00, real=0.00 secs] 
2748.672: [GC (Allocation Failure) [PSYoungGen: 57184K->1408K(57856K)] 389126K->333366K(634368K), 0.0027265 secs] [Times: user=0.01 sys=0.00, real=0.00 secs] 
2749.234: [GC (Allocation Failure) [PSYoungGen: 57216K->1376K(57856K)] 389174K->333334K(634368K), 0.0022703 secs] [Times: user=0.01 sys=0.00, real=0.01 secs] 
2749.669: [GC (Allocation Failure) [PSYoungGen: 57184K->1517K(57856K)] 389142K->333475K(634368K), 0.0015470 secs] [Times: user=0.01 sys=0.00, real=0.00 secs] 
2749.991: [GC (Allocation Failure) [PSYoungGen: 57325K->1549K(57856K)] 389283K->333523K(634368K), 0.0016510 secs] [Times: user=0.00 sys=0.00, real=0.00 secs] 
2750.314: [GC (Allocation Failure) [PSYoungGen: 57357K->1600K(57856K)] 389331K->333574K(634368K), 0.0016852 secs] [Times: user=0.01 sys=0.00, real=0.01 secs] 
2750.640: [GC (Allocation Failure) [PSYoungGen: 57408K->1565K(57856K)] 389382K->333539K(634368K), 0.0016925 secs] [Times: user=0.01 sys=0.00, real=0.00 secs] 
2750.991: [GC (Allocation Failure) [PSYoungGen: 57373K->1968K(57856K)] 389347K->333942K(634368K), 0.0017216 secs] [Times: user=0.00 sys=0.00, real=0.00 secs] 
2751.315: [GC (Allocation Failure) [PSYoungGen: 57776K->1376K(57856K)] 389750K->333350K(634368K), 0.0019005 secs] [Times: user=0.00 sys=0.00, real=0.00 secs] 
2751.841: [GC (Allocation Failure) [PSYoungGen: 57184K->1376K(57856K)] 389158K->333350K(634368K), 0.0023074 secs] [Times: user=0.01 sys=0.00, real=0.00 secs] 
2752.308: [GC (Allocation Failure) [PSYoungGen: 57184K->1344K(57856K)] 389158K->333318K(634368K), 0.0021030 secs] [Times: user=0.01 sys=0.00, real=0.00 secs] 
2752.775: [GC (Allocation Failure) [PSYoungGen: 57152K->1344K(57856K)] 389126K->333318K(634368K), 0.0022148 secs] [Times: user=0.01 sys=0.00, real=0.00 secs] 
2753.300: [GC (Allocation Failure) [PSYoungGen: 57152K->1501K(57856K)] 389126K->333475K(634368K), 0.0019348 secs] [Times: user=0.01 sys=0.00, real=0.00 secs] 
2753.645: [GC (Allocation Failure) [PSYoungGen: 57309K->1613K(57856K)] 389283K->333603K(634368K), 0.0016709 secs] [Times: user=0.00 sys=0.00, real=0.00 secs] 
2753.969: [GC (Allocation Failure) [PSYoungGen: 57421K->1549K(57856K)] 389411K->333539K(634368K), 0.0017194 secs] [Times: user=0.01 sys=0.00, real=0.00 secs] 
2754.301: [GC (Allocation Failure) [PSYoungGen: 57357K->1517K(57856K)] 389347K->333507K(634368K), 0.0017077 secs] [Times: user=0.01 sys=0.00, real=0.00 secs] 
2754.629: [GC (Allocation Failure) [PSYoungGen: 57309K->1533K(57856K)] 389300K->333523K(634368K), 0.0016988 secs] [Times: user=0.01 sys=0.00, real=0.00 secs] 
2754.921: [GC (Allocation Failure) [PSYoungGen: 57341K->1408K(57856K)] 389331K->333398K(634368K), 0.0017192 secs] [Times: user=0.00 sys=0.00, real=0.00 secs] 
2755.152: [GC (Allocation Failure) [PSYoungGen: 57216K->1344K(57856K)] 389206K->333334K(634368K), 0.0015631 secs] [Times: user=0.00 sys=0.00, real=0.00 secs] 
2755.384: [GC (Allocation Failure) [PSYoungGen: 57152K->1376K(57856K)] 389142K->333366K(634368K), 0.0019366 secs] [Times: user=0.01 sys=0.00, real=0.01 secs] 
2755.617: [GC (Allocation Failure) [PSYoungGen: 57184K->1376K(57856K)] 389174K->333366K(634368K), 0.0023870 secs] [Times: user=0.01 sys=0.00, real=0.00 secs] 
2755.850: [GC (Allocation Failure) [PSYoungGen: 57184K->1424K(57856K)] 389174K->333430K(634368K), 0.0026687 secs] [Times: user=0.01 sys=0.00, real=0.00 secs] 
2756.256: [GC (Allocation Failure) [PSYoungGen: 57232K->1501K(57856K)] 389238K->333523K(634368K), 0.0016443 secs] [Times: user=0.01 sys=0.00, real=0.00 secs] 
2756.581: [GC (Allocation Failure) [PSYoungGen: 57309K->1565K(57856K)] 389331K->333587K(634368K), 0.0016883 secs] [Times: user=0.01 sys=0.00, real=0.00 secs] 
2756.905: [GC (Allocation Failure) [PSYoungGen: 57373K->1581K(57856K)] 389395K->333603K(634368K), 0.0017377 secs] [Times: user=0.00 sys=0.00, real=0.00 secs] 
2757.229: [GC (Allocation Failure) [PSYoungGen: 57383K->1565K(57856K)] 389406K->333587K(634368K), 0.0016993 secs] [Times: user=0.01 sys=0.00, real=0.00 secs] 
2757.542: [GC (Allocation Failure) [PSYoungGen: 57373K->1472K(57856K)] 389395K->333494K(634368K), 0.0018290 secs] [Times: user=0.01 sys=0.00, real=0.00 secs] 
2757.777: [GC (Allocation Failure) [PSYoungGen: 57280K->1376K(57856K)] 389302K->333398K(634368K), 0.0017609 secs] [Times: user=0.00 sys=0.00, real=0.00 secs] 
2758.008: [GC (Allocation Failure) [PSYoungGen: 57184K->1344K(57856K)] 389206K->333366K(634368K), 0.0017637 secs] [Times: user=0.01 sys=0.00, real=0.00 secs] 
2758.247: [GC (Allocation Failure) [PSYoungGen: 57152K->1408K(57856K)] 389174K->333430K(634368K), 0.0017785 secs] [Times: user=0.01 sys=0.00, real=0.00 secs] 
2758.490: [GC (Allocation Failure) [PSYoungGen: 57216K->1376K(57856K)] 389238K->333398K(634368K), 0.0017771 secs] [Times: user=0.00 sys=0.00, real=0.00 secs] 
2758.803: [GC (Allocation Failure) [PSYoungGen: 57184K->1437K(57856K)] 389206K->333459K(634368K), 0.0018148 secs] [Times: user=0.01 sys=0.00, real=0.01 secs] 
2759.168: [GC (Allocation Failure) [PSYoungGen: 57245K->1549K(57856K)] 389267K->333587K(634368K), 0.0017924 secs] [Times: user=0.00 sys=0.00, real=0.00 secs] 
2759.492: [GC (Allocation Failure) [PSYoungGen: 57357K->1613K(57856K)] 389395K->333651K(634368K), 0.0017640 secs] [Times: user=0.01 sys=0.00, real=0.00 secs] 
2759.816: [GC (Allocation Failure) [PSYoungGen: 57421K->1533K(57856K)] 389459K->333571K(634368K), 0.0017068 secs] [Times: user=0.00 sys=0.00, real=0.00 secs] 
2760.141: [GC (Allocation Failure) [PSYoungGen: 57341K->1581K(57856K)] 389379K->333619K(634368K), 0.0018145 secs] [Times: user=0.01 sys=0.00, real=0.00 secs] 
2761.871: [GC (Allocation Failure) [PSYoungGen: 57389K->1408K(57856K)] 389427K->333446K(634368K), 0.0025469 secs] [Times: user=0.01 sys=0.00, real=0.00 secs] 
2762.098: [GC (Allocation Failure) [PSYoungGen: 57216K->1424K(57856K)] 389254K->333462K(634368K), 0.0020052 secs] [Times: user=0.01 sys=0.00, real=0.00 secs] 
2762.330: [GC (Allocation Failure) [PSYoungGen: 57232K->1408K(57856K)] 389270K->333446K(634368K), 0.0019431 secs] [Times: user=0.01 sys=0.00, real=0.00 secs] 
2762.561: [GC (Allocation Failure) [PSYoungGen: 57216K->1408K(57856K)] 389254K->333446K(634368K), 0.0017703 secs] [Times: user=0.01 sys=0.00, real=0.00 secs] 
2762.793: [GC (Allocation Failure) [PSYoungGen: 57216K->1376K(57856K)] 389254K->333414K(634368K), 0.0019962 secs] [Times: user=0.01 sys=0.00, real=0.01 secs] 
2763.135: [GC (Allocation Failure) [PSYoungGen: 57184K->1517K(57856K)] 389222K->333571K(634368K), 0.0016495 secs] [Times: user=0.01 sys=0.00, real=0.00 secs] 
2763.458: [GC (Allocation Failure) [PSYoungGen: 57325K->1565K(57856K)] 389379K->333619K(634368K), 0.0017102 secs] [Times: user=0.01 sys=0.00, real=0.00 secs] 
2763.783: [GC (Allocation Failure) [PSYoungGen: 57373K->1565K(57856K)] 389427K->333619K(634368K), 0.0016891 secs] [Times: user=0.00 sys=0.00, real=0.01 secs] 
2764.108: [GC (Allocation Failure) [PSYoungGen: 57345K->1581K(57856K)] 389400K->333635K(634368K), 0.0016535 secs] [Times: user=0.01 sys=0.00, real=0.00 secs] 
2765.005: [GC (Allocation Failure) [PSYoungGen: 57389K->1440K(57856K)] 389443K->333494K(634368K), 0.0027886 secs] [Times: user=0.01 sys=0.00, real=0.01 secs] 
2765.743: [GC (Allocation Failure) [PSYoungGen: 57248K->1408K(57856K)] 389302K->333462K(634368K), 0.0021341 secs] [Times: user=0.01 sys=0.00, real=0.01 secs] 
2766.306: [GC (Allocation Failure) [PSYoungGen: 57216K->1376K(57856K)] 389270K->333430K(634368K), 0.0022952 secs] [Times: user=0.01 sys=0.00, real=0.00 secs] 
2766.544: [GC (Allocation Failure) [PSYoungGen: 57184K->1440K(57856K)] 389238K->333494K(634368K), 0.0018739 secs] [Times: user=0.01 sys=0.00, real=0.01 secs] 
2766.867: [GC (Allocation Failure) [PSYoungGen: 57248K->1376K(57856K)] 389302K->333430K(634368K), 0.0019651 secs] [Times: user=0.01 sys=0.00, real=0.00 secs] 
2767.213: [GC (Allocation Failure) [PSYoungGen: 57184K->1549K(57856K)] 389238K->333603K(634368K), 0.0016671 secs] [Times: user=0.01 sys=0.00, real=0.00 secs] 
2767.535: [GC (Allocation Failure) [PSYoungGen: 57357K->1549K(57856K)] 389411K->333619K(634368K), 0.0016942 secs] [Times: user=0.01 sys=0.00, real=0.00 secs] 
2767.864: [GC (Allocation Failure) [PSYoungGen: 57357K->1536K(57856K)] 389427K->333606K(634368K), 0.0016780 secs] [Times: user=0.01 sys=0.00, real=0.01 secs] 
2768.188: [GC (Allocation Failure) [PSYoungGen: 57344K->1565K(57856K)] 389414K->333635K(634368K), 0.0016918 secs] [Times: user=0.01 sys=0.00, real=0.00 secs] 
2768.769: [GC (Allocation Failure) [PSYoungGen: 57373K->2032K(57856K)] 389443K->334102K(634368K), 0.0031170 secs] [Times: user=0.01 sys=0.00, real=0.00 secs] 
2769.775: [GC (Allocation Failure) [PSYoungGen: 57840K->1376K(57856K)] 389910K->333446K(634368K), 0.0034215 secs] [Times: user=0.01 sys=0.00, real=0.00 secs] 
2770.523: [GC (Allocation Failure) [PSYoungGen: 57184K->1360K(57856K)] 389254K->333430K(634368K), 0.0033346 secs] [Times: user=0.02 sys=0.00, real=0.01 secs] 
2771.009: [GC (Allocation Failure) [PSYoungGen: 57168K->1376K(57856K)] 389238K->333446K(634368K), 0.0027541 secs] [Times: user=0.02 sys=0.00, real=0.00 secs] 
2771.261: [GC (Allocation Failure) [PSYoungGen: 57184K->1376K(57856K)] 389254K->333446K(634368K), 0.0020786 secs] [Times: user=0.01 sys=0.00, real=0.00 secs] 
2771.677: [GC (Allocation Failure) [PSYoungGen: 57184K->1469K(57856K)] 389254K->333539K(634368K), 0.0019515 secs] [Times: user=0.01 sys=0.00, real=0.00 secs] 
2772.008: [GC (Allocation Failure) [PSYoungGen: 57277K->1504K(57856K)] 389347K->333590K(634368K), 0.0017323 secs] [Times: user=0.01 sys=0.00, real=0.00 secs] 
2772.331: [GC (Allocation Failure) [PSYoungGen: 57312K->1565K(57856K)] 389398K->333651K(634368K), 0.0016800 secs] [Times: user=0.01 sys=0.00, real=0.00 secs] 
2772.657: [GC (Allocation Failure) [PSYoungGen: 57373K->1533K(57856K)] 389459K->333619K(634368K), 0.0016979 secs] [Times: user=0.00 sys=0.00, real=0.00 secs] 
2772.983: [GC (Allocation Failure) [PSYoungGen: 57341K->1565K(57856K)] 389427K->333651K(634368K), 0.0017080 secs] [Times: user=0.01 sys=0.00, real=0.00 secs] 
2773.458: [GC (Allocation Failure) [PSYoungGen: 57373K->1408K(57856K)] 389459K->333494K(634368K), 0.0018309 secs] [Times: user=0.01 sys=0.00, real=0.00 secs] 
2773.938: [GC (Allocation Failure) [PSYoungGen: 57216K->1376K(57856K)] 389302K->333462K(634368K), 0.0020739 secs] [Times: user=0.01 sys=0.00, real=0.00 secs] 
2774.447: [GC (Allocation Failure) [PSYoungGen: 57184K->1376K(57856K)] 389270K->333462K(634368K), 0.0025094 secs] [Times: user=0.01 sys=0.00, real=0.00 secs] 
2774.926: [GC (Allocation Failure) [PSYoungGen: 57184K->1376K(57856K)] 389270K->333470K(634368K), 0.0025119 secs] [Times: user=0.01 sys=0.00, real=0.00 secs] 
2775.261: [GC (Allocation Failure) [PSYoungGen: 57184K->1376K(57856K)] 389278K->333470K(634368K), 0.0020616 secs] [Times: user=0.01 sys=0.00, real=0.00 secs] 
2775.596: [GC (Allocation Failure) [PSYoungGen: 57184K->1549K(57856K)] 389278K->333659K(634368K), 0.0016455 secs] [Times: user=0.00 sys=0.00, real=0.00 secs] 
2775.919: [GC (Allocation Failure) [PSYoungGen: 57357K->1613K(57856K)] 389467K->333731K(634368K), 0.0016648 secs] [Times: user=0.01 sys=0.00, real=0.00 secs] 
2776.244: [GC (Allocation Failure) [PSYoungGen: 57421K->1533K(57856K)] 389539K->333675K(634368K), 0.0015550 secs] [Times: user=0.01 sys=0.00, real=0.01 secs] 
2776.569: [GC (Allocation Failure) [PSYoungGen: 57341K->1597K(57856K)] 389483K->333739K(634368K), 0.0016600 secs] [Times: user=0.01 sys=0.00, real=0.00 secs] 
2777.126: [GC (Allocation Failure) [PSYoungGen: 57405K->1504K(57856K)] 389547K->333646K(634368K), 0.0017339 secs] [Times: user=0.01 sys=0.00, real=0.00 secs] 
2777.581: [GC (Allocation Failure) [PSYoungGen: 57312K->1392K(57856K)] 389454K->333534K(634368K), 0.0019098 secs] [Times: user=0.01 sys=0.00, real=0.00 secs] 
2778.089: [GC (Allocation Failure) [PSYoungGen: 57200K->1408K(57856K)] 389342K->333550K(634368K), 0.0033132 secs] [Times: user=0.01 sys=0.00, real=0.00 secs] 
2778.583: [GC (Allocation Failure) [PSYoungGen: 57216K->1376K(57856K)] 389358K->333518K(634368K), 0.0031824 secs] [Times: user=0.02 sys=0.00, real=0.01 secs] 
2779.066: [GC (Allocation Failure) [PSYoungGen: 57184K->1376K(57856K)] 389326K->333518K(634368K), 0.0029265 secs] [Times: user=0.02 sys=0.00, real=0.00 secs] 
2779.377: [GC (Allocation Failure) [PSYoungGen: 57184K->1501K(57856K)] 389326K->333643K(634368K), 0.0016233 secs] [Times: user=0.00 sys=0.00, real=0.00 secs] 
2779.700: [GC (Allocation Failure) [PSYoungGen: 57309K->1549K(57856K)] 389451K->333707K(634368K), 0.0016677 secs] [Times: user=0.01 sys=0.00, real=0.00 secs] 
2780.081: [GC (Allocation Failure) [PSYoungGen: 57357K->1552K(57856K)] 389515K->333710K(634368K), 0.0018066 secs] [Times: user=0.00 sys=0.00, real=0.00 secs] 
2780.406: [GC (Allocation Failure) [PSYoungGen: 57360K->1581K(57856K)] 389518K->333739K(634368K), 0.0017969 secs] [Times: user=0.01 sys=0.00, real=0.00 secs] 
2780.730: [GC (Allocation Failure) [PSYoungGen: 57389K->1597K(57856K)] 389547K->333755K(634368K), 0.0017904 secs] [Times: user=0.01 sys=0.00, real=0.00 secs] 
2781.183: [GC (Allocation Failure) [PSYoungGen: 57405K->1408K(57856K)] 389563K->333566K(634368K), 0.0027694 secs] [Times: user=0.01 sys=0.00, real=0.01 secs] 
2781.645: [GC (Allocation Failure) [PSYoungGen: 57216K->1408K(57856K)] 389374K->333566K(634368K), 0.0029185 secs] [Times: user=0.01 sys=0.00, real=0.00 secs] 
2782.109: [GC (Allocation Failure) [PSYoungGen: 57216K->1392K(57856K)] 389374K->333550K(634368K), 0.0023857 secs] [Times: user=0.01 sys=0.00, real=0.00 secs] 
2782.587: [GC (Allocation Failure) [PSYoungGen: 57200K->1376K(57856K)] 389358K->333534K(634368K), 0.0022808 secs] [Times: user=0.01 sys=0.00, real=0.00 secs] 
2782.921: [GC (Allocation Failure) [PSYoungGen: 57184K->1376K(57856K)] 389342K->333534K(634368K), 0.0020568 secs] [Times: user=0.01 sys=0.00, real=0.00 secs] 
2783.283: [GC (Allocation Failure) [PSYoungGen: 57184K->1565K(57856K)] 389342K->333739K(634368K), 0.0016922 secs] [Times: user=0.00 sys=0.00, real=0.00 secs] 
2783.607: [GC (Allocation Failure) [PSYoungGen: 57373K->1504K(57856K)] 389547K->333678K(634368K), 0.0016832 secs] [Times: user=0.01 sys=0.00, real=0.00 secs] 
2783.931: [GC (Allocation Failure) [PSYoungGen: 57312K->1549K(57856K)] 389486K->333723K(634368K), 0.0017601 secs] [Times: user=0.00 sys=0.00, real=0.00 secs] 
2784.254: [GC (Allocation Failure) [PSYoungGen: 57357K->1565K(57856K)] 389531K->333739K(634368K), 0.0016872 secs] [Times: user=0.01 sys=0.00, real=0.01 secs] 
2784.665: [GC (Allocation Failure) [PSYoungGen: 57373K->1440K(57856K)] 389547K->333614K(634368K), 0.0019053 secs] [Times: user=0.01 sys=0.00, real=0.00 secs] 
2785.103: [GC (Allocation Failure) [PSYoungGen: 57248K->1408K(57856K)] 389422K->333582K(634368K), 0.0018721 secs] [Times: user=0.00 sys=0.00, real=0.00 secs] 
2785.564: [GC (Allocation Failure) [PSYoungGen: 57216K->1440K(57856K)] 389390K->333614K(634368K), 0.0017987 secs] [Times: user=0.00 sys=0.00, real=0.01 secs] 
2786.023: [GC (Allocation Failure) [PSYoungGen: 57248K->1376K(57856K)] 389422K->333550K(634368K), 0.0018555 secs] [Times: user=0.01 sys=0.00, real=0.01 secs] 
2786.482: [GC (Allocation Failure) [PSYoungGen: 57184K->1408K(57856K)] 389358K->333582K(634368K), 0.0018131 secs] [Times: user=0.01 sys=0.00, real=0.00 secs] 
2786.955: [GC (Allocation Failure) [PSYoungGen: 57216K->1469K(57856K)] 389390K->333651K(634368K), 0.0016403 secs] [Times: user=0.00 sys=0.00, real=0.00 secs] 
2787.277: [GC (Allocation Failure) [PSYoungGen: 57277K->1629K(57856K)] 389459K->333827K(634368K), 0.0016694 secs] [Times: user=0.01 sys=0.00, real=0.00 secs] 
2787.603: [GC (Allocation Failure) [PSYoungGen: 57437K->1549K(57856K)] 389635K->333747K(634368K), 0.0016719 secs] [Times: user=0.00 sys=0.00, real=0.00 secs] 
2787.930: [GC (Allocation Failure) [PSYoungGen: 57357K->1517K(57856K)] 389555K->333715K(634368K), 0.0017301 secs] [Times: user=0.00 sys=0.00, real=0.00 secs] 
2788.294: [GC (Allocation Failure) [PSYoungGen: 57325K->1984K(57856K)] 389523K->334182K(634368K), 0.0017826 secs] [Times: user=0.00 sys=0.00, real=0.01 secs] 
2788.685: [GC (Allocation Failure) [PSYoungGen: 57792K->1376K(57856K)] 389990K->333574K(634368K), 0.0020502 secs] [Times: user=0.00 sys=0.00, real=0.00 secs] 
2789.166: [GC (Allocation Failure) [PSYoungGen: 57184K->1376K(57856K)] 389382K->333574K(634368K), 0.0018193 secs] [Times: user=0.01 sys=0.00, real=0.00 secs] 
2789.700: [GC (Allocation Failure) [PSYoungGen: 57184K->1376K(57856K)] 389382K->333574K(634368K), 0.0024604 secs] [Times: user=0.01 sys=0.00, real=0.00 secs] 
2790.252: [GC (Allocation Failure) [PSYoungGen: 57184K->1344K(57856K)] 389382K->333542K(634368K), 0.0032344 secs] [Times: user=0.01 sys=0.00, real=0.01 secs] 
2790.847: [GC (Allocation Failure) [PSYoungGen: 57152K->1469K(57856K)] 389350K->333667K(634368K), 0.0027142 secs] [Times: user=0.01 sys=0.00, real=0.00 secs] 
2791.235: [GC (Allocation Failure) [PSYoungGen: 57277K->1565K(57856K)] 389475K->333779K(634368K), 0.0016817 secs] [Times: user=0.00 sys=0.00, real=0.00 secs] 
2791.555: [GC (GCLocker Initiated GC) [PSYoungGen: 57373K->1581K(57856K)] 389587K->333795K(634368K), 0.0016525 secs] [Times: user=0.01 sys=0.00, real=0.00 secs] 
2791.890: [GC (Allocation Failure) [PSYoungGen: 57389K->1453K(57856K)] 391140K->335204K(634368K), 0.0017241 secs] [Times: user=0.01 sys=0.00, real=0.00 secs] 
2792.214: [GC (Allocation Failure) [PSYoungGen: 57261K->1613K(57856K)] 391012K->335364K(634368K), 0.0017140 secs] [Times: user=0.01 sys=0.00, real=0.01 secs] 
2792.466: [GC (Allocation Failure) [PSYoungGen: 57421K->1520K(57856K)] 391172K->335271K(634368K), 0.0016674 secs] [Times: user=0.01 sys=0.00, real=0.00 secs] 
2792.725: [GC (Allocation Failure) [PSYoungGen: 57328K->1504K(57856K)] 391079K->335255K(634368K), 0.0017045 secs] [Times: user=0.01 sys=0.00, real=0.00 secs] 
2792.957: [GC (Allocation Failure) [PSYoungGen: 57312K->1472K(57856K)] 391063K->335223K(634368K), 0.0016833 secs] [Times: user=0.01 sys=0.00, real=0.00 secs] 
2793.193: [GC (Allocation Failure) [PSYoungGen: 57280K->1472K(57856K)] 391031K->335223K(634368K), 0.0018810 secs] [Times: user=0.01 sys=0.00, real=0.01 secs] 
2793.496: [GC (Allocation Failure) [PSYoungGen: 57280K->1520K(57856K)] 391031K->335271K(634368K), 0.0020623 secs] [Times: user=0.00 sys=0.00, real=0.00 secs] 
2793.843: [GC (Allocation Failure) [PSYoungGen: 57328K->1677K(57856K)] 391079K->335452K(634368K), 0.0017069 secs] [Times: user=0.01 sys=0.00, real=0.00 secs] 
2794.164: [GC (Allocation Failure) [PSYoungGen: 57485K->1664K(57856K)] 391260K->335439K(634368K), 0.0016670 secs] [Times: user=0.00 sys=0.00, real=0.01 secs] 
2794.489: [GC (Allocation Failure) [PSYoungGen: 57472K->1709K(57856K)] 391247K->335484K(634368K), 0.0017910 secs] [Times: user=0.01 sys=0.00, real=0.00 secs] 
2794.874: [GC (Allocation Failure) [PSYoungGen: 57513K->1629K(57856K)] 391288K->335404K(634368K), 0.0018567 secs] [Times: user=0.00 sys=0.00, real=0.01 secs] 
2795.337: [GC (Allocation Failure) [PSYoungGen: 57437K->1584K(57856K)] 391212K->335359K(634368K), 0.0021926 secs] [Times: user=0.01 sys=0.00, real=0.00 secs] 
2796.118: [GC (Allocation Failure) [PSYoungGen: 57392K->1504K(57856K)] 391167K->335351K(634368K), 0.0026831 secs] [Times: user=0.01 sys=0.00, real=0.00 secs] 
2796.683: [GC (Allocation Failure) [PSYoungGen: 57312K->1424K(57856K)] 391159K->335271K(634368K), 0.0027572 secs] [Times: user=0.01 sys=0.00, real=0.01 secs] 
2796.952: [GC (Allocation Failure) [PSYoungGen: 57232K->1440K(57856K)] 391079K->335287K(634368K), 0.0019808 secs] [Times: user=0.01 sys=0.00, real=0.00 secs] 
2797.183: [GC (Allocation Failure) [PSYoungGen: 57248K->1472K(57856K)] 391095K->335327K(634368K), 0.0020697 secs] [Times: user=0.01 sys=0.00, real=0.01 secs] 
2797.528: [GC (Allocation Failure) [PSYoungGen: 57280K->1469K(57856K)] 391135K->335396K(634368K), 0.0017502 secs] [Times: user=0.01 sys=0.00, real=0.00 secs] 
2797.853: [GC (Allocation Failure) [PSYoungGen: 57277K->1533K(57856K)] 391204K->335476K(634368K), 0.0015666 secs] [Times: user=0.00 sys=0.00, real=0.00 secs] 
2798.232: [GC (Allocation Failure) [PSYoungGen: 57341K->1533K(57856K)] 391284K->335476K(634368K), 0.0017934 secs] [Times: user=0.01 sys=0.00, real=0.00 secs] 
2798.617: [GC (Allocation Failure) [PSYoungGen: 57341K->1501K(57856K)] 391284K->335444K(634368K), 0.0017591 secs] [Times: user=0.01 sys=0.00, real=0.00 secs] 
2799.000: [GC (Allocation Failure) [PSYoungGen: 57309K->1504K(57856K)] 391252K->335447K(634368K), 0.0017452 secs] [Times: user=0.01 sys=0.00, real=0.00 secs] 
2799.541: [GC (Allocation Failure) [PSYoungGen: 57312K->1408K(57856K)] 391255K->335351K(634368K), 0.0032185 secs] [Times: user=0.02 sys=0.00, real=0.00 secs] 
2799.850: [GC (Allocation Failure) [PSYoungGen: 57216K->1424K(57856K)] 391159K->335367K(634368K), 0.0025247 secs] [Times: user=0.01 sys=0.00, real=0.00 secs] 
2800.079: [GC (Allocation Failure) [PSYoungGen: 57232K->1376K(57856K)] 391175K->335319K(634368K), 0.0020172 secs] [Times: user=0.01 sys=0.00, real=0.00 secs] 
2800.389: [GC (Allocation Failure) [PSYoungGen: 57184K->1408K(57856K)] 391127K->335351K(634368K), 0.0020641 secs] [Times: user=0.01 sys=0.00, real=0.00 secs] 
2800.621: [GC (Allocation Failure) [PSYoungGen: 57216K->1408K(57856K)] 391159K->335351K(634368K), 0.0020351 secs] [Times: user=0.01 sys=0.00, real=0.00 secs] 
2801.014: [GC (Allocation Failure) [PSYoungGen: 57216K->1469K(57856K)] 391159K->335428K(634368K), 0.0016825 secs] [Times: user=0.01 sys=0.00, real=0.01 secs] 
2801.339: [GC (Allocation Failure) [PSYoungGen: 57277K->1581K(57856K)] 391236K->335540K(634368K), 0.0017237 secs] [Times: user=0.00 sys=0.00, real=0.00 secs] 
2801.663: [GC (Allocation Failure) [PSYoungGen: 57389K->1533K(57856K)] 391348K->335492K(634368K), 0.0016864 secs] [Times: user=0.01 sys=0.00, real=0.01 secs] 
2801.988: [GC (Allocation Failure) [PSYoungGen: 57340K->1501K(57856K)] 391300K->335460K(634368K), 0.0016868 secs] [Times: user=0.00 sys=0.00, real=0.00 secs] 
2802.349: [GC (Allocation Failure) [PSYoungGen: 57309K->1456K(57856K)] 391268K->335415K(634368K), 0.0019673 secs] [Times: user=0.01 sys=0.00, real=0.00 secs] 
2802.581: [GC (Allocation Failure) [PSYoungGen: 57264K->1392K(57856K)] 391223K->335351K(634368K), 0.0020657 secs] [Times: user=0.01 sys=0.00, real=0.00 secs] 
2802.876: [GC (Allocation Failure) [PSYoungGen: 57200K->1344K(57856K)] 391159K->335303K(634368K), 0.0020162 secs] [Times: user=0.01 sys=0.00, real=0.00 secs] 
2803.143: [GC (Allocation Failure) [PSYoungGen: 57152K->1360K(57856K)] 391111K->335319K(634368K), 0.0018382 secs] [Times: user=0.01 sys=0.00, real=0.01 secs] 
2803.389: [GC (Allocation Failure) [PSYoungGen: 57168K->1376K(57856K)] 391127K->335335K(634368K), 0.0018913 secs] [Times: user=0.01 sys=0.00, real=0.00 secs] 
2803.764: [GC (Allocation Failure) [PSYoungGen: 57184K->1549K(57856K)] 391143K->335508K(634368K), 0.0018190 secs] [Times: user=0.01 sys=0.00, real=0.01 secs] 
2804.151: [GC (Allocation Failure) [PSYoungGen: 57357K->1533K(57856K)] 391316K->335500K(634368K), 0.0017605 secs] [Times: user=0.00 sys=0.00, real=0.00 secs] 
2804.474: [GC (Allocation Failure) [PSYoungGen: 57341K->1581K(57856K)] 391308K->335548K(634368K), 0.0017973 secs] [Times: user=0.01 sys=0.00, real=0.01 secs] 
2804.798: [GC (Allocation Failure) [PSYoungGen: 57389K->1517K(57856K)] 391356K->335484K(634368K), 0.0018136 secs] [Times: user=0.00 sys=0.00, real=0.00 secs] 
2805.146: [GC (Allocation Failure) [PSYoungGen: 57325K->1984K(57856K)] 391292K->335951K(634368K), 0.0019081 secs] [Times: user=0.01 sys=0.00, real=0.00 secs] 
2805.476: [GC (Allocation Failure) [PSYoungGen: 57792K->1376K(57856K)] 391759K->335359K(634368K), 0.0072045 secs] [Times: user=0.04 sys=0.00, real=0.00 secs] 
2805.714: [GC (Allocation Failure) [PSYoungGen: 57184K->1376K(57856K)] 391167K->335359K(634368K), 0.0020386 secs] [Times: user=0.00 sys=0.01, real=0.01 secs] 
2805.956: [GC (Allocation Failure) [PSYoungGen: 57184K->1392K(57856K)] 391167K->335375K(634368K), 0.0019980 secs] [Times: user=0.01 sys=0.00, real=0.00 secs] 
2806.207: [GC (Allocation Failure) [PSYoungGen: 57200K->1408K(57856K)] 391183K->335391K(634368K), 0.0018068 secs] [Times: user=0.00 sys=0.00, real=0.00 secs] 
2806.478: [GC (Allocation Failure) [PSYoungGen: 57216K->1485K(57856K)] 391199K->335468K(634368K), 0.0018707 secs] [Times: user=0.00 sys=0.00, real=0.00 secs] 
2806.803: [GC (Allocation Failure) [PSYoungGen: 57293K->1565K(57856K)] 391276K->335564K(634368K), 0.0016650 secs] [Times: user=0.01 sys=0.00, real=0.00 secs] 
2807.128: [GC (Allocation Failure) [PSYoungGen: 57373K->1597K(57856K)] 391372K->335596K(634368K), 0.0017426 secs] [Times: user=0.01 sys=0.00, real=0.00 secs] 
2807.454: [GC (Allocation Failure) [PSYoungGen: 57405K->1533K(57856K)] 391404K->335532K(634368K), 0.0016713 secs] [Times: user=0.01 sys=0.00, real=0.01 secs] 
2807.779: [GC (Allocation Failure) [PSYoungGen: 57327K->1517K(57856K)] 391327K->335516K(634368K), 0.0017366 secs] [Times: user=0.01 sys=0.00, real=0.00 secs] 
2808.237: [GC (Allocation Failure) [PSYoungGen: 57325K->1424K(57856K)] 391324K->335423K(634368K), 0.0017541 secs] [Times: user=0.00 sys=0.00, real=0.00 secs] 
2808.705: [GC (Allocation Failure) [PSYoungGen: 57232K->1360K(57856K)] 391231K->335359K(634368K), 0.0020380 secs] [Times: user=0.01 sys=0.00, real=0.00 secs] 
2809.145: [GC (Allocation Failure) [PSYoungGen: 57168K->1376K(57856K)] 391167K->335375K(634368K), 0.0021569 secs] [Times: user=0.01 sys=0.00, real=0.01 secs] 
2809.592: [GC (Allocation Failure) [PSYoungGen: 57184K->1312K(57856K)] 391183K->335311K(634368K), 0.0023460 secs] [Times: user=0.01 sys=0.00, real=0.00 secs] 
2809.826: [GC (Allocation Failure) [PSYoungGen: 57120K->1408K(57856K)] 391119K->335407K(634368K), 0.0023159 secs] [Times: user=0.01 sys=0.00, real=0.00 secs] 
2810.221: [GC (Allocation Failure) [PSYoungGen: 57216K->1533K(57856K)] 391215K->335548K(634368K), 0.0016472 secs] [Times: user=0.00 sys=0.00, real=0.00 secs] 
2810.603: [GC (Allocation Failure) [PSYoungGen: 57341K->1517K(57856K)] 391356K->335532K(634368K), 0.0018035 secs] [Times: user=0.01 sys=0.00, real=0.01 secs] 
2810.991: [GC (Allocation Failure) [PSYoungGen: 57325K->1533K(57856K)] 391340K->335548K(634368K), 0.0017748 secs] [Times: user=0.01 sys=0.00, real=0.00 secs] 
2811.375: [GC (Allocation Failure) [PSYoungGen: 57341K->1613K(57856K)] 391356K->335628K(634368K), 0.0017676 secs] [Times: user=0.00 sys=0.00, real=0.01 secs] 
2811.737: [GC (Allocation Failure) [PSYoungGen: 57421K->1472K(57856K)] 391436K->335487K(634368K), 0.0019640 secs] [Times: user=0.01 sys=0.00, real=0.00 secs] 
2812.026: [GC (Allocation Failure) [PSYoungGen: 57280K->1344K(57856K)] 391295K->335359K(634368K), 0.0023649 secs] [Times: user=0.01 sys=0.00, real=0.00 secs] 
2812.261: [GC (Allocation Failure) [PSYoungGen: 57152K->1376K(57856K)] 391167K->335391K(634368K), 0.0020786 secs] [Times: user=0.01 sys=0.00, real=0.00 secs] 
2812.504: [GC (Allocation Failure) [PSYoungGen: 57184K->1440K(57856K)] 391199K->335455K(634368K), 0.0020037 secs] [Times: user=0.01 sys=0.00, real=0.01 secs] 
2812.742: [GC (Allocation Failure) [PSYoungGen: 57248K->1440K(57856K)] 391263K->335455K(634368K), 0.0018272 secs] [Times: user=0.01 sys=0.00, real=0.00 secs] 
2813.071: [GC (Allocation Failure) [PSYoungGen: 57248K->1501K(57856K)] 391263K->335516K(634368K), 0.0016376 secs] [Times: user=0.01 sys=0.00, real=0.00 secs] 
2813.393: [GC (Allocation Failure) [PSYoungGen: 57309K->1565K(57856K)] 391324K->335596K(634368K), 0.0016815 secs] [Times: user=0.00 sys=0.00, real=0.01 secs] 
2813.717: [GC (Allocation Failure) [PSYoungGen: 57373K->1549K(57856K)] 391404K->335580K(634368K), 0.0016591 secs] [Times: user=0.01 sys=0.00, real=0.00 secs] 
2814.041: [GC (Allocation Failure) [PSYoungGen: 57357K->1565K(57856K)] 391388K->335596K(634368K), 0.0016799 secs] [Times: user=0.00 sys=0.00, real=0.00 secs] 
2814.366: [GC (Allocation Failure) [PSYoungGen: 57373K->1549K(57856K)] 391404K->335580K(634368K), 0.0016857 secs] [Times: user=0.00 sys=0.00, real=0.00 secs] 
2814.842: [GC (Allocation Failure) [PSYoungGen: 57357K->1472K(57856K)] 391388K->335503K(634368K), 0.0020976 secs] [Times: user=0.01 sys=0.00, real=0.00 secs] 
2815.317: [GC (Allocation Failure) [PSYoungGen: 57280K->1376K(57856K)] 391311K->335407K(634368K), 0.0022656 secs] [Times: user=0.01 sys=0.00, real=0.00 secs] 
2815.794: [GC (Allocation Failure) [PSYoungGen: 57184K->1376K(57856K)] 391215K->335431K(634368K), 0.0021770 secs] [Times: user=0.01 sys=0.00, real=0.01 secs] 
2816.223: [GC (Allocation Failure) [PSYoungGen: 57184K->1376K(57856K)] 391239K->335431K(634368K), 0.0028022 secs] [Times: user=0.01 sys=0.00, real=0.01 secs] 
2816.589: [GC (Allocation Failure) [PSYoungGen: 57184K->1408K(57856K)] 391239K->335463K(634368K), 0.0023573 secs] [Times: user=0.01 sys=0.00, real=0.00 secs] 
2817.025: [GC (Allocation Failure) [PSYoungGen: 57216K->1469K(57856K)] 391271K->335540K(634368K), 0.0015741 secs] [Times: user=0.00 sys=0.00, real=0.00 secs] 
2817.350: [GC (Allocation Failure) [PSYoungGen: 57277K->1517K(57856K)] 391348K->335588K(634368K), 0.0016564 secs] [Times: user=0.00 sys=0.00, real=0.00 secs] 
2817.673: [GC (Allocation Failure) [PSYoungGen: 57325K->1520K(57856K)] 391396K->335591K(634368K), 0.0017161 secs] [Times: user=0.01 sys=0.00, real=0.00 secs] 
2817.998: [GC (Allocation Failure) [PSYoungGen: 57328K->1549K(57856K)] 391399K->335620K(634368K), 0.0016925 secs] [Times: user=0.01 sys=0.00, real=0.00 secs] 
2818.319: [GC (Allocation Failure) [PSYoungGen: 57357K->1440K(57856K)] 391428K->335511K(634368K), 0.0018846 secs] [Times: user=0.00 sys=0.00, real=0.00 secs] 
2818.552: [GC (Allocation Failure) [PSYoungGen: 57248K->1392K(57856K)] 391319K->335463K(634368K), 0.0018727 secs] [Times: user=0.01 sys=0.00, real=0.00 secs] 
2818.819: [GC (Allocation Failure) [PSYoungGen: 57200K->1360K(57856K)] 391271K->335431K(634368K), 0.0018225 secs] [Times: user=0.01 sys=0.00, real=0.00 secs] 
2819.052: [GC (Allocation Failure) [PSYoungGen: 57168K->1376K(57856K)] 391239K->335447K(634368K), 0.0030642 secs] [Times: user=0.01 sys=0.00, real=0.01 secs] 
2819.363: [GC (Allocation Failure) [PSYoungGen: 57184K->1376K(57856K)] 391255K->335447K(634368K), 0.0027691 secs] [Times: user=0.02 sys=0.00, real=0.01 secs] 
2819.846: [GC (Allocation Failure) [PSYoungGen: 57184K->1504K(57856K)] 391255K->335575K(634368K), 0.0017457 secs] [Times: user=0.01 sys=0.00, real=0.00 secs] 
2820.230: [GC (Allocation Failure) [PSYoungGen: 57312K->1565K(57856K)] 391383K->335652K(634368K), 0.0017960 secs] [Times: user=0.00 sys=0.00, real=0.00 secs] 
2820.555: [GC (Allocation Failure) [PSYoungGen: 57373K->1533K(57856K)] 391460K->335620K(634368K), 0.0017602 secs] [Times: user=0.00 sys=0.00, real=0.00 secs] 
2820.879: [GC (Allocation Failure) [PSYoungGen: 57341K->1565K(57856K)] 391428K->335652K(634368K), 0.0017916 secs] [Times: user=0.01 sys=0.00, real=0.00 secs] 
2821.203: [GC (Allocation Failure) [PSYoungGen: 57373K->2016K(57856K)] 391460K->336103K(634368K), 0.0018445 secs] [Times: user=0.01 sys=0.00, real=0.01 secs] 
2821.540: [GC (Allocation Failure) [PSYoungGen: 57824K->1408K(57856K)] 391911K->335495K(634368K), 0.0020455 secs] [Times: user=0.01 sys=0.00, real=0.00 secs] 
2822.118: [GC (Allocation Failure) [PSYoungGen: 57216K->1408K(57856K)] 391303K->335495K(634368K), 0.0043567 secs] [Times: user=0.02 sys=0.00, real=0.00 secs] 
2822.694: [GC (Allocation Failure) [PSYoungGen: 57216K->1376K(57856K)] 391303K->335463K(634368K), 0.0035087 secs] [Times: user=0.02 sys=0.00, real=0.01 secs] 
2823.255: [GC (Allocation Failure) [PSYoungGen: 57184K->1376K(57856K)] 391271K->335463K(634368K), 0.0040715 secs] [Times: user=0.02 sys=0.00, real=0.00 secs] 
2823.911: [GC (Allocation Failure) [PSYoungGen: 57184K->1469K(57856K)] 391271K->335556K(634368K), 0.0022006 secs] [Times: user=0.01 sys=0.00, real=0.00 secs] 
2824.348: [GC (Allocation Failure) [PSYoungGen: 57277K->1533K(57856K)] 391364K->335636K(634368K), 0.0021421 secs] [Times: user=0.01 sys=0.00, real=0.00 secs] 
2824.671: [GC (Allocation Failure) [PSYoungGen: 57341K->1501K(57856K)] 391444K->335604K(634368K), 0.0018036 secs] [Times: user=0.01 sys=0.00, real=0.00 secs] 
2825.060: [GC (Allocation Failure) [PSYoungGen: 57309K->1536K(57856K)] 391412K->335639K(634368K), 0.0017713 secs] [Times: user=0.01 sys=0.00, real=0.00 secs] 
2825.438: [GC (Allocation Failure) [PSYoungGen: 57344K->1533K(57856K)] 391447K->335636K(634368K), 0.0017979 secs] [Times: user=0.01 sys=0.00, real=0.00 secs] 
2825.781: [GC (Allocation Failure) [PSYoungGen: 57341K->1456K(57856K)] 391444K->335559K(634368K), 0.0029638 secs] [Times: user=0.01 sys=0.00, real=0.00 secs] 
2826.017: [GC (Allocation Failure) [PSYoungGen: 57264K->1408K(57856K)] 391367K->335511K(634368K), 0.0018087 secs] [Times: user=0.01 sys=0.00, real=0.00 secs] 
2826.313: [GC (Allocation Failure) [PSYoungGen: 57216K->1344K(57856K)] 391319K->335447K(634368K), 0.0019497 secs] [Times: user=0.01 sys=0.00, real=0.00 secs] 
2826.549: [GC (Allocation Failure) [PSYoungGen: 57152K->1392K(57856K)] 391255K->335511K(634368K), 0.0018507 secs] [Times: user=0.00 sys=0.00, real=0.00 secs] 
2826.780: [GC (Allocation Failure) [PSYoungGen: 57200K->1408K(57856K)] 391319K->335527K(634368K), 0.0019761 secs] [Times: user=0.01 sys=0.00, real=0.00 secs] 
2827.117: [GC (Allocation Failure) [PSYoungGen: 57216K->1533K(57856K)] 391335K->335668K(634368K), 0.0016774 secs] [Times: user=0.01 sys=0.00, real=0.00 secs] 
2827.440: [GC (Allocation Failure) [PSYoungGen: 57341K->1533K(57856K)] 391476K->335668K(634368K), 0.0017148 secs] [Times: user=0.00 sys=0.00, real=0.00 secs] 
2827.764: [GC (Allocation Failure) [PSYoungGen: 57341K->1565K(57856K)] 391476K->335700K(634368K), 0.0017189 secs] [Times: user=0.00 sys=0.00, real=0.01 secs] 
2828.152: [GC (Allocation Failure) [PSYoungGen: 57373K->1565K(57856K)] 391508K->335700K(634368K), 0.0017989 secs] [Times: user=0.01 sys=0.00, real=0.00 secs] 
2828.620: [GC (Allocation Failure) [PSYoungGen: 57373K->1504K(57856K)] 391508K->335639K(634368K), 0.0023797 secs] [Times: user=0.01 sys=0.01, real=0.00 secs] 
2829.154: [GC (Allocation Failure) [PSYoungGen: 57312K->1376K(57856K)] 391447K->335511K(634368K), 0.0027554 secs] [Times: user=0.01 sys=0.00, real=0.01 secs] 
2829.602: [GC (Allocation Failure) [PSYoungGen: 57184K->1408K(57856K)] 391319K->335543K(634368K), 0.0027275 secs] [Times: user=0.02 sys=0.00, real=0.00 secs] 
2830.048: [GC (Allocation Failure) [PSYoungGen: 57216K->1376K(57856K)] 391351K->335511K(634368K), 0.0025197 secs] [Times: user=0.00 sys=0.00, real=0.00 secs] 
2830.279: [GC (Allocation Failure) [PSYoungGen: 57184K->1408K(57856K)] 391319K->335543K(634368K), 0.0020974 secs] [Times: user=0.01 sys=0.00, real=0.00 secs] 
2830.651: [GC (Allocation Failure) [PSYoungGen: 57216K->1437K(57856K)] 391351K->335572K(634368K), 0.0016412 secs] [Times: user=0.01 sys=0.00, real=0.00 secs] 
2830.973: [GC (Allocation Failure) [PSYoungGen: 57245K->1581K(57856K)] 391380K->335732K(634368K), 0.0016668 secs] [Times: user=0.01 sys=0.00, real=0.01 secs] 
2831.304: [GC (Allocation Failure) [PSYoungGen: 57389K->1533K(57856K)] 391540K->335684K(634368K), 0.0017300 secs] [Times: user=0.01 sys=0.00, real=0.01 secs] 
2831.628: [GC (Allocation Failure) [PSYoungGen: 57341K->1533K(57856K)] 391492K->335684K(634368K), 0.0016905 secs] [Times: user=0.01 sys=0.00, real=0.00 secs] 
2831.951: [GC (Allocation Failure) [PSYoungGen: 57341K->1581K(57856K)] 391492K->335732K(634368K), 0.0016951 secs] [Times: user=0.00 sys=0.00, real=0.00 secs] 
2832.632: [GC (Allocation Failure) [PSYoungGen: 57389K->1440K(57856K)] 391540K->335591K(634368K), 0.0022476 secs] [Times: user=0.00 sys=0.00, real=0.00 secs] 
2832.865: [GC (Allocation Failure) [PSYoungGen: 57248K->1408K(57856K)] 391399K->335559K(634368K), 0.0020054 secs] [Times: user=0.01 sys=0.00, real=0.00 secs] 
2833.098: [GC (Allocation Failure) [PSYoungGen: 57216K->1392K(57856K)] 391367K->335543K(634368K), 0.0017686 secs] [Times: user=0.01 sys=0.00, real=0.00 secs] 
2833.329: [GC (Allocation Failure) [PSYoungGen: 57200K->1376K(57856K)] 391351K->335527K(634368K), 0.0017783 secs] [Times: user=0.01 sys=0.00, real=0.00 secs] 
2833.561: [GC (Allocation Failure) [PSYoungGen: 57184K->1376K(57856K)] 391335K->335527K(634368K), 0.0017809 secs] [Times: user=0.00 sys=0.00, real=0.00 secs] 
2833.926: [GC (Allocation Failure) [PSYoungGen: 57184K->1533K(57856K)] 391335K->335700K(634368K), 0.0016772 secs] [Times: user=0.00 sys=0.00, real=0.00 secs] 
2834.248: [GC (Allocation Failure) [PSYoungGen: 57341K->1533K(57856K)] 391508K->335700K(634368K), 0.0016878 secs] [Times: user=0.01 sys=0.00, real=0.00 secs] 
2834.571: [GC (Allocation Failure) [PSYoungGen: 57341K->1565K(57856K)] 391508K->335732K(634368K), 0.0015848 secs] [Times: user=0.01 sys=0.00, real=0.00 secs] 
2834.959: [GC (Allocation Failure) [PSYoungGen: 57373K->1533K(57856K)] 391540K->335700K(634368K), 0.0017995 secs] [Times: user=0.00 sys=0.00, real=0.00 secs] 
2835.726: [GC (Allocation Failure) [PSYoungGen: 57341K->1408K(57856K)] 391508K->335575K(634368K), 0.0024400 secs] [Times: user=0.01 sys=0.00, real=0.00 secs] 
2836.499: [GC (Allocation Failure) [PSYoungGen: 57216K->1312K(57856K)] 391383K->335487K(634368K), 0.0039155 secs] [Times: user=0.01 sys=0.00, real=0.00 secs] 
2837.101: [GC (Allocation Failure) [PSYoungGen: 57120K->1344K(57856K)] 391295K->335519K(634368K), 0.0038782 secs] [Times: user=0.01 sys=0.01, real=0.00 secs] 
2837.613: [GC (Allocation Failure) [PSYoungGen: 57152K->1392K(57856K)] 391327K->335567K(634368K), 0.0027239 secs] [Times: user=0.01 sys=0.00, real=0.01 secs] 
2838.065: [GC (Allocation Failure) [PSYoungGen: 57200K->1408K(57856K)] 391375K->335583K(634368K), 0.0024935 secs] [Times: user=0.01 sys=0.00, real=0.00 secs] 
2838.535: [GC (Allocation Failure) [PSYoungGen: 57216K->1520K(57856K)] 391391K->335695K(634368K), 0.0015602 secs] [Times: user=0.01 sys=0.00, real=0.00 secs] 
2838.857: [GC (Allocation Failure) [PSYoungGen: 57328K->1565K(57856K)] 391503K->335756K(634368K), 0.0017192 secs] [Times: user=0.01 sys=0.00, real=0.00 secs] 
2839.181: [GC (Allocation Failure) [PSYoungGen: 57373K->1581K(57856K)] 391564K->335772K(634368K), 0.0016983 secs] [Times: user=0.00 sys=0.00, real=0.00 secs] 
2839.505: [GC (Allocation Failure) [PSYoungGen: 57389K->1552K(57856K)] 391580K->335743K(634368K), 0.0017127 secs] [Times: user=0.01 sys=0.00, real=0.00 secs] 
2839.905: [GC (Allocation Failure) [PSYoungGen: 57360K->1968K(57856K)] 391551K->336167K(634368K), 0.0021217 secs] [Times: user=0.00 sys=0.00, real=0.00 secs] 
2840.447: [GC (Allocation Failure) [PSYoungGen: 57776K->1376K(57856K)] 391975K->335575K(634368K), 0.0021977 secs] [Times: user=0.01 sys=0.00, real=0.00 secs] 
2840.949: [GC (Allocation Failure) [PSYoungGen: 57184K->1360K(57856K)] 391383K->335559K(634368K), 0.0023174 secs] [Times: user=0.01 sys=0.00, real=0.00 secs] 
2841.251: [GC (Allocation Failure) [PSYoungGen: 57168K->1408K(57856K)] 391367K->335607K(634368K), 0.0020774 secs] [Times: user=0.01 sys=0.00, real=0.00 secs] 
2841.487: [GC (Allocation Failure) [PSYoungGen: 57216K->1376K(57856K)] 391415K->335575K(634368K), 0.0020832 secs] [Times: user=0.00 sys=0.00, real=0.00 secs] 
2841.804: [GC (Allocation Failure) [PSYoungGen: 57184K->1501K(57856K)] 391383K->335700K(634368K), 0.0019183 secs] [Times: user=0.00 sys=0.00, real=0.01 secs] 
2842.132: [GC (Allocation Failure) [PSYoungGen: 57309K->1549K(57856K)] 391508K->335764K(634368K), 0.0017215 secs] [Times: user=0.01 sys=0.00, real=0.00 secs] 
2842.455: [GC (Allocation Failure) [PSYoungGen: 57357K->1533K(57856K)] 391572K->335748K(634368K), 0.0016848 secs] [Times: user=0.00 sys=0.00, real=0.00 secs] 
2842.781: [GC (Allocation Failure) [PSYoungGen: 57341K->1533K(57856K)] 391556K->335748K(634368K), 0.0016919 secs] [Times: user=0.01 sys=0.00, real=0.00 secs] 
2843.106: [GC (Allocation Failure) [PSYoungGen: 57324K->1565K(57856K)] 391540K->335780K(634368K), 0.0016941 secs] [Times: user=0.00 sys=0.00, real=0.00 secs] 
2843.565: [GC (Allocation Failure) [PSYoungGen: 57373K->1408K(57856K)] 391588K->335631K(634368K), 0.0019986 secs] [Times: user=0.01 sys=0.00, real=0.00 secs] 
2844.013: [GC (Allocation Failure) [PSYoungGen: 57216K->1440K(57856K)] 391439K->335671K(634368K), 0.0018826 secs] [Times: user=0.01 sys=0.00, real=0.01 secs] 
2844.590: [GC (Allocation Failure) [PSYoungGen: 57248K->1408K(57856K)] 391479K->335639K(634368K), 0.0023001 secs] [Times: user=0.01 sys=0.00, real=0.00 secs] 
2845.190: [GC (Allocation Failure) [PSYoungGen: 57216K->1440K(57856K)] 391447K->335671K(634368K), 0.0028232 secs] [Times: user=0.01 sys=0.01, real=0.00 secs] 
2845.889: [GC (Allocation Failure) [PSYoungGen: 57248K->1408K(57856K)] 391479K->335639K(634368K), 0.0030189 secs] [Times: user=0.01 sys=0.00, real=0.00 secs] 
2846.388: [GC (Allocation Failure) [PSYoungGen: 57216K->1533K(57856K)] 391447K->335780K(634368K), 0.0016483 secs] [Times: user=0.01 sys=0.00, real=0.00 secs] 
2846.721: [GC (Allocation Failure) [PSYoungGen: 57341K->1597K(57856K)] 391588K->335844K(634368K), 0.0016888 secs] [Times: user=0.00 sys=0.00, real=0.00 secs] 
2847.046: [GC (Allocation Failure) [PSYoungGen: 57405K->1565K(57856K)] 391652K->335836K(634368K), 0.0016837 secs] [Times: user=0.01 sys=0.00, real=0.00 secs] 
2847.371: [GC (Allocation Failure) [PSYoungGen: 57367K->1533K(57856K)] 391639K->335804K(634368K), 0.0016737 secs] [Times: user=0.00 sys=0.00, real=0.00 secs] 
2847.737: [GC (Allocation Failure) [PSYoungGen: 57341K->1472K(57856K)] 391612K->335743K(634368K), 0.0019349 secs] [Times: user=0.00 sys=0.00, real=0.00 secs] 
2848.050: [GC (Allocation Failure) [PSYoungGen: 57280K->1376K(57856K)] 391551K->335647K(634368K), 0.0018586 secs] [Times: user=0.01 sys=0.00, real=0.00 secs] 
2848.294: [GC (Allocation Failure) [PSYoungGen: 57184K->1392K(57856K)] 391455K->335663K(634368K), 0.0023697 secs] [Times: user=0.01 sys=0.00, real=0.01 secs] 
2848.687: [GC (Allocation Failure) [PSYoungGen: 57200K->1376K(57856K)] 391471K->335647K(634368K), 0.0032249 secs] [Times: user=0.02 sys=0.00, real=0.00 secs] 
2849.178: [GC (Allocation Failure) [PSYoungGen: 57184K->1408K(57856K)] 391455K->335679K(634368K), 0.0028207 secs] [Times: user=0.01 sys=0.00, real=0.00 secs] 
2849.687: [GC (Allocation Failure) [PSYoungGen: 57189K->1469K(57856K)] 391461K->335740K(634368K), 0.0017032 secs] [Times: user=0.00 sys=0.00, real=0.00 secs] 
2850.010: [GC (Allocation Failure) [PSYoungGen: 57277K->1536K(57856K)] 391548K->335831K(634368K), 0.0016868 secs] [Times: user=0.00 sys=0.00, real=0.00 secs] 
2850.335: [GC (Allocation Failure) [PSYoungGen: 57344K->1565K(57856K)] 391639K->335860K(634368K), 0.0016869 secs] [Times: user=0.01 sys=0.00, real=0.01 secs] 
2850.658: [GC (Allocation Failure) [PSYoungGen: 57373K->1565K(57856K)] 391668K->335860K(634368K), 0.0016943 secs] [Times: user=0.01 sys=0.00, real=0.00 secs] 
2850.984: [GC (Allocation Failure) [PSYoungGen: 57373K->1565K(57856K)] 391668K->335860K(634368K), 0.0016912 secs] [Times: user=0.01 sys=0.00, real=0.01 secs] 
2851.287: [GC (Allocation Failure) [PSYoungGen: 57373K->1408K(57856K)] 391668K->335703K(634368K), 0.0019164 secs] [Times: user=0.01 sys=0.00, real=0.00 secs] 
2851.528: [GC (Allocation Failure) [PSYoungGen: 57216K->1376K(57856K)] 391511K->335671K(634368K), 0.0020154 secs] [Times: user=0.00 sys=0.00, real=0.00 secs] 
2851.829: [GC (Allocation Failure) [PSYoungGen: 57184K->1408K(57856K)] 391479K->335703K(634368K), 0.0018506 secs] [Times: user=0.00 sys=0.00, real=0.00 secs] 
2852.286: [GC (Allocation Failure) [PSYoungGen: 57216K->1408K(57856K)] 391511K->335703K(634368K), 0.0022830 secs] [Times: user=0.01 sys=0.00, real=0.00 secs] 
2852.745: [GC (Allocation Failure) [PSYoungGen: 57216K->1440K(57856K)] 391511K->335735K(634368K), 0.0025051 secs] [Times: user=0.01 sys=0.00, real=0.00 secs] 
2853.145: [GC (Allocation Failure) [PSYoungGen: 57248K->1469K(57856K)] 391543K->335780K(634368K), 0.0016921 secs] [Times: user=0.01 sys=0.00, real=0.00 secs] 
2853.470: [GC (Allocation Failure) [PSYoungGen: 57277K->1565K(57856K)] 391588K->335876K(634368K), 0.0016754 secs] [Times: user=0.01 sys=0.00, real=0.00 secs] 
2853.855: [GC (Allocation Failure) [PSYoungGen: 57373K->1533K(57856K)] 391684K->335844K(634368K), 0.0017745 secs] [Times: user=0.01 sys=0.00, real=0.00 secs] 
2854.181: [GC (Allocation Failure) [PSYoungGen: 57341K->1533K(57856K)] 391652K->335844K(634368K), 0.0017988 secs] [Times: user=0.00 sys=0.00, real=0.00 secs] 
2854.504: [GC (Allocation Failure) [PSYoungGen: 57341K->1440K(57856K)] 391652K->335751K(634368K), 0.0020811 secs] [Times: user=0.01 sys=0.00, real=0.01 secs] 
2854.748: [GC (Allocation Failure) [PSYoungGen: 57248K->1376K(57856K)] 391559K->335687K(634368K), 0.0020757 secs] [Times: user=0.01 sys=0.00, real=0.00 secs] 
2855.026: [GC (Allocation Failure) [PSYoungGen: 57184K->1408K(57856K)] 391495K->335719K(634368K), 0.0019765 secs] [Times: user=0.01 sys=0.00, real=0.00 secs] 
2855.262: [GC (Allocation Failure) [PSYoungGen: 57216K->1440K(57856K)] 391527K->335751K(634368K), 0.0019763 secs] [Times: user=0.01 sys=0.00, real=0.00 secs] 
2855.504: [GC (Allocation Failure) [PSYoungGen: 57248K->1408K(57856K)] 391559K->335735K(634368K), 0.0026323 secs] [Times: user=0.01 sys=0.00, real=0.01 secs] 
2856.070: [GC (Allocation Failure) [PSYoungGen: 57216K->1501K(57856K)] 391543K->335828K(634368K), 0.0016160 secs] [Times: user=0.00 sys=0.00, real=0.00 secs] 
2856.392: [GC (Allocation Failure) [PSYoungGen: 57309K->1581K(57856K)] 391636K->335924K(634368K), 0.0017833 secs] [Times: user=0.01 sys=0.00, real=0.00 secs] 
2856.720: [GC (Allocation Failure) [PSYoungGen: 57389K->1565K(57856K)] 391732K->335908K(634368K), 0.0016328 secs] [Times: user=0.01 sys=0.00, real=0.00 secs] 
2857.049: [GC (Allocation Failure) [PSYoungGen: 57373K->1536K(57856K)] 391716K->335879K(634368K), 0.0016988 secs] [Times: user=0.00 sys=0.00, real=0.00 secs] 
2857.493: [GC (Allocation Failure) [PSYoungGen: 57344K->2016K(57856K)] 391687K->336359K(634368K), 0.0020632 secs] [Times: user=0.01 sys=0.00, real=0.01 secs] 
2857.768: [GC (Allocation Failure) [PSYoungGen: 57824K->1376K(57856K)] 392167K->335719K(634368K), 0.0020205 secs] [Times: user=0.01 sys=0.00, real=0.00 secs] 
2858.001: [GC (Allocation Failure) [PSYoungGen: 57184K->1408K(57856K)] 391527K->335751K(634368K), 0.0019380 secs] [Times: user=0.01 sys=0.00, real=0.00 secs] 
2858.233: [GC (Allocation Failure) [PSYoungGen: 57216K->1408K(57856K)] 391559K->335751K(634368K), 0.0018625 secs] [Times: user=0.00 sys=0.00, real=0.00 secs] 
2858.464: [GC (Allocation Failure) [PSYoungGen: 57216K->1408K(57856K)] 391559K->335751K(634368K), 0.0020210 secs] [Times: user=0.01 sys=0.00, real=0.01 secs] 
2858.822: [GC (Allocation Failure) [PSYoungGen: 57195K->1437K(57856K)] 391539K->335780K(634368K), 0.0015986 secs] [Times: user=0.01 sys=0.00, real=0.00 secs] 
2859.144: [GC (Allocation Failure) [PSYoungGen: 57245K->1501K(57856K)] 391588K->335860K(634368K), 0.0018458 secs] [Times: user=0.01 sys=0.00, real=0.01 secs] 
2859.467: [GC (Allocation Failure) [PSYoungGen: 57309K->1533K(57856K)] 391668K->335892K(634368K), 0.0016852 secs] [Times: user=0.01 sys=0.00, real=0.00 secs] 
2859.791: [GC (Allocation Failure) [PSYoungGen: 57341K->1501K(57856K)] 391700K->335860K(634368K), 0.0016824 secs] [Times: user=0.01 sys=0.00, real=0.00 secs] 
2860.115: [GC (Allocation Failure) [PSYoungGen: 57309K->1565K(57856K)] 391668K->335924K(634368K), 0.0016891 secs] [Times: user=0.00 sys=0.00, real=0.00 secs] 
2860.471: [GC (Allocation Failure) [PSYoungGen: 57373K->1440K(57856K)] 391732K->335799K(634368K), 0.0016499 secs] [Times: user=0.01 sys=0.00, real=0.00 secs] 
2860.787: [GC (Allocation Failure) [PSYoungGen: 57248K->1376K(57856K)] 391607K->335735K(634368K), 0.0019671 secs] [Times: user=0.00 sys=0.00, real=0.00 secs] 
2861.019: [GC (Allocation Failure) [PSYoungGen: 57184K->1376K(57856K)] 391543K->335735K(634368K), 0.0019181 secs] [Times: user=0.01 sys=0.00, real=0.00 secs] 
2861.255: [GC (Allocation Failure) [PSYoungGen: 57184K->1408K(57856K)] 391543K->335767K(634368K), 0.0019452 secs] [Times: user=0.01 sys=0.00, real=0.01 secs] 
2861.499: [GC (Allocation Failure) [PSYoungGen: 57216K->1376K(57856K)] 391575K->335735K(634368K), 0.0019670 secs] [Times: user=0.01 sys=0.01, real=0.00 secs] 
2861.871: [GC (Allocation Failure) [PSYoungGen: 57184K->1501K(57856K)] 391543K->335876K(634368K), 0.0016457 secs] [Times: user=0.01 sys=0.00, real=0.00 secs] 
2862.193: [GC (Allocation Failure) [PSYoungGen: 57309K->1581K(57856K)] 391684K->335956K(634368K), 0.0017301 secs] [Times: user=0.01 sys=0.00, real=0.01 secs] 
2862.516: [GC (Allocation Failure) [PSYoungGen: 57389K->1533K(57856K)] 391764K->335908K(634368K), 0.0017874 secs] [Times: user=0.00 sys=0.00, real=0.00 secs] 
2862.840: [GC (Allocation Failure) [PSYoungGen: 57341K->1565K(57856K)] 391716K->335940K(634368K), 0.0016924 secs] [Times: user=0.00 sys=0.00, real=0.00 secs] 
2863.158: [GC (Allocation Failure) [PSYoungGen: 57373K->1504K(57856K)] 391748K->335879K(634368K), 0.0017205 secs] [Times: user=0.00 sys=0.00, real=0.00 secs] 
2863.390: [GC (Allocation Failure) [PSYoungGen: 57312K->1376K(57856K)] 391687K->335751K(634368K), 0.0017768 secs] [Times: user=0.01 sys=0.00, real=0.00 secs] 
2863.622: [GC (Allocation Failure) [PSYoungGen: 57184K->1344K(57856K)] 391559K->335719K(634368K), 0.0017731 secs] [Times: user=0.01 sys=0.01, real=0.00 secs] 
2863.854: [GC (Allocation Failure) [PSYoungGen: 57152K->1344K(57856K)] 391527K->335719K(634368K), 0.0017812 secs] [Times: user=0.01 sys=0.01, real=0.01 secs] 
2864.086: [GC (Allocation Failure) [PSYoungGen: 57152K->1376K(57856K)] 391527K->335751K(634368K), 0.0016340 secs] [Times: user=0.01 sys=0.00, real=0.00 secs] 
2864.634: [GC (Allocation Failure) [PSYoungGen: 57184K->1501K(57856K)] 391559K->335876K(634368K), 0.0020522 secs] [Times: user=0.01 sys=0.00, real=0.01 secs] 
2865.074: [GC (Allocation Failure) [PSYoungGen: 57309K->1536K(57856K)] 391684K->335927K(634368K), 0.0016751 secs] [Times: user=0.01 sys=0.00, real=0.01 secs] 
2865.459: [GC (Allocation Failure) [PSYoungGen: 57344K->1613K(57856K)] 391735K->336020K(634368K), 0.0017831 secs] [Times: user=0.00 sys=0.00, real=0.00 secs] 
2865.783: [GC (Allocation Failure) [PSYoungGen: 57421K->1565K(57856K)] 391828K->335972K(634368K), 0.0017891 secs] [Times: user=0.01 sys=0.00, real=0.00 secs] 
2866.107: [GC (Allocation Failure) [PSYoungGen: 57373K->1536K(57856K)] 391780K->335943K(634368K), 0.0017905 secs] [Times: user=0.00 sys=0.00, real=0.00 secs] 
2866.572: [GC (Allocation Failure) [PSYoungGen: 57344K->1408K(57856K)] 391751K->335815K(634368K), 0.0030751 secs] [Times: user=0.02 sys=0.00, real=0.01 secs] 
2867.147: [GC (Allocation Failure) [PSYoungGen: 57216K->1376K(57856K)] 391623K->335783K(634368K), 0.0032700 secs] [Times: user=0.01 sys=0.00, real=0.00 secs] 
2867.876: [GC (Allocation Failure) [PSYoungGen: 57184K->1376K(57856K)] 391591K->335783K(634368K), 0.0033376 secs] [Times: user=0.02 sys=0.00, real=0.00 secs] 
2868.587: [GC (Allocation Failure) [PSYoungGen: 57184K->1376K(57856K)] 391591K->335783K(634368K), 0.0034701 secs] [Times: user=0.01 sys=0.00, real=0.00 secs] 
2869.291: [GC (Allocation Failure) [PSYoungGen: 57184K->1376K(57856K)] 391591K->335783K(634368K), 0.0034506 secs] [Times: user=0.02 sys=0.00, real=0.00 secs] 
2869.814: [GC (Allocation Failure) [PSYoungGen: 57184K->1533K(57856K)] 391591K->335964K(634368K), 0.0017085 secs] [Times: user=0.00 sys=0.00, real=0.01 secs] 
2870.139: [GC (Allocation Failure) [PSYoungGen: 57341K->1533K(57856K)] 391772K->335964K(634368K), 0.0016870 secs] [Times: user=0.01 sys=0.00, real=0.00 secs] 
2870.463: [GC (Allocation Failure) [PSYoungGen: 57341K->1568K(57856K)] 391772K->335999K(634368K), 0.0017327 secs] [Times: user=0.01 sys=0.00, real=0.01 secs] 
2870.786: [GC (Allocation Failure) [PSYoungGen: 57376K->1533K(57856K)] 391807K->335964K(634368K), 0.0016763 secs] [Times: user=0.00 sys=0.00, real=0.00 secs] 
2871.069: [GC (Allocation Failure) [PSYoungGen: 57341K->1472K(57856K)] 391772K->335903K(634368K), 0.0016715 secs] [Times: user=0.01 sys=0.00, real=0.00 secs] 
2871.300: [GC (Allocation Failure) [PSYoungGen: 57280K->1424K(57856K)] 391711K->335855K(634368K), 0.0016096 secs] [Times: user=0.01 sys=0.00, real=0.00 secs] 
2871.532: [GC (Allocation Failure) [PSYoungGen: 57232K->1376K(57856K)] 391663K->335807K(634368K), 0.0023645 secs] [Times: user=0.01 sys=0.00, real=0.00 secs] 
2871.791: [GC (Allocation Failure) [PSYoungGen: 57184K->1376K(57856K)] 391615K->335807K(634368K), 0.0022277 secs] [Times: user=0.01 sys=0.00, real=0.00 secs] 
2872.133: [GC (Allocation Failure) [PSYoungGen: 57184K->1376K(57856K)] 391615K->335807K(634368K), 0.0025462 secs] [Times: user=0.01 sys=0.00, real=0.01 secs] 
2872.581: [GC (Allocation Failure) [PSYoungGen: 57184K->1533K(57856K)] 391615K->335964K(634368K), 0.0015316 secs] [Times: user=0.01 sys=0.00, real=0.00 secs] 
2872.904: [GC (Allocation Failure) [PSYoungGen: 57341K->1504K(57856K)] 391772K->335951K(634368K), 0.0017648 secs] [Times: user=0.01 sys=0.00, real=0.01 secs] 
2873.230: [GC (Allocation Failure) [PSYoungGen: 57312K->1533K(57856K)] 391759K->335980K(634368K), 0.0017052 secs] [Times: user=0.01 sys=0.00, real=0.00 secs] 
2873.559: [GC (Allocation Failure) [PSYoungGen: 57341K->1565K(57856K)] 391788K->336012K(634368K), 0.0017611 secs] [Times: user=0.00 sys=0.00, real=0.00 secs] 
2873.888: [GC (Allocation Failure) [PSYoungGen: 57373K->2000K(57856K)] 391820K->336447K(634368K), 0.0018259 secs] [Times: user=0.01 sys=0.00, real=0.00 secs] 
2874.177: [GC (Allocation Failure) [PSYoungGen: 57808K->1376K(57856K)] 392255K->335823K(634368K), 0.0017676 secs] [Times: user=0.00 sys=0.00, real=0.00 secs] 
2874.606: [GC (Allocation Failure) [PSYoungGen: 57184K->1344K(57856K)] 391631K->335791K(634368K), 0.0031664 secs] [Times: user=0.01 sys=0.00, real=0.00 secs] 
2875.035: [GC (Allocation Failure) [PSYoungGen: 57152K->1376K(57856K)] 391599K->335823K(634368K), 0.0031467 secs] [Times: user=0.02 sys=0.00, real=0.00 secs] 
2875.492: [GC (Allocation Failure) [PSYoungGen: 57184K->1408K(57856K)] 391631K->335855K(634368K), 0.0027356 secs] [Times: user=0.01 sys=0.00, real=0.00 secs] 
2876.036: [GC (Allocation Failure) [PSYoungGen: 57216K->1469K(57856K)] 391663K->335940K(634368K), 0.0021972 secs] [Times: user=0.01 sys=0.00, real=0.00 secs] 
2876.401: [GC (Allocation Failure) [PSYoungGen: 57277K->1501K(57856K)] 391748K->335988K(634368K), 0.0017165 secs] [Times: user=0.00 sys=0.00, real=0.00 secs] 
2876.723: [GC (Allocation Failure) [PSYoungGen: 57309K->1549K(57856K)] 391796K->336036K(634368K), 0.0017693 secs] [Times: user=0.01 sys=0.00, real=0.01 secs] 
2877.112: [GC (Allocation Failure) [PSYoungGen: 57357K->1549K(57856K)] 391844K->336036K(634368K), 0.0018149 secs] [Times: user=0.01 sys=0.00, real=0.00 secs] 
2877.498: [GC (Allocation Failure) [PSYoungGen: 57357K->1549K(57856K)] 391844K->336036K(634368K), 0.0018007 secs] [Times: user=0.00 sys=0.00, real=0.00 secs] 
2877.801: [GC (Allocation Failure) [PSYoungGen: 57357K->1440K(57856K)] 391844K->335927K(634368K), 0.0027975 secs] [Times: user=0.01 sys=0.00, real=0.00 secs] 
2878.191: [GC (Allocation Failure) [PSYoungGen: 57248K->1376K(57856K)] 391735K->335863K(634368K), 0.0026056 secs] [Times: user=0.01 sys=0.00, real=0.00 secs] 
2878.596: [GC (Allocation Failure) [PSYoungGen: 57184K->1376K(57856K)] 391671K->335863K(634368K), 0.0024724 secs] [Times: user=0.01 sys=0.00, real=0.00 secs] 
2879.014: [GC (Allocation Failure) [PSYoungGen: 57184K->1408K(57856K)] 391671K->335895K(634368K), 0.0023272 secs] [Times: user=0.01 sys=0.00, real=0.01 secs] 
2879.430: [GC (Allocation Failure) [PSYoungGen: 57216K->1344K(57856K)] 391703K->335831K(634368K), 0.0022740 secs] [Times: user=0.01 sys=0.00, real=0.00 secs] 
2879.884: [GC (Allocation Failure) [PSYoungGen: 57152K->1533K(57856K)] 391639K->336036K(634368K), 0.0016085 secs] [Times: user=0.01 sys=0.00, real=0.01 secs] 
2880.206: [GC (Allocation Failure) [PSYoungGen: 57341K->1549K(57856K)] 391844K->336052K(634368K), 0.0016650 secs] [Times: user=0.01 sys=0.00, real=0.00 secs] 
2880.531: [GC (Allocation Failure) [PSYoungGen: 57357K->1549K(57856K)] 391860K->336052K(634368K), 0.0018025 secs] [Times: user=0.00 sys=0.00, real=0.00 secs] 
2880.855: [GC (Allocation Failure) [PSYoungGen: 57357K->1533K(57856K)] 391860K->336036K(634368K), 0.0016811 secs] [Times: user=0.01 sys=0.00, real=0.00 secs] 
2881.145: [GC (Allocation Failure) [PSYoungGen: 57341K->1472K(57856K)] 391844K->335975K(634368K), 0.0017064 secs] [Times: user=0.01 sys=0.00, real=0.00 secs] 
2881.443: [GC (Allocation Failure) [PSYoungGen: 57280K->1376K(57856K)] 391783K->335879K(634368K), 0.0017535 secs] [Times: user=0.00 sys=0.00, real=0.00 secs] 
2881.797: [GC (Allocation Failure) [PSYoungGen: 57184K->1392K(57856K)] 391687K->335895K(634368K), 0.0019220 secs] [Times: user=0.01 sys=0.00, real=0.00 secs] 
2882.211: [GC (Allocation Failure) [PSYoungGen: 57200K->1376K(57856K)] 391703K->335879K(634368K), 0.0016912 secs] [Times: user=0.01 sys=0.00, real=0.00 secs] 
2882.593: [GC (Allocation Failure) [PSYoungGen: 57184K->1408K(57856K)] 391687K->335911K(634368K), 0.0017995 secs] [Times: user=0.01 sys=0.00, real=0.01 secs] 
2882.988: [GC (Allocation Failure) [PSYoungGen: 57216K->1437K(57856K)] 391719K->335940K(634368K), 0.0016311 secs] [Times: user=0.01 sys=0.00, real=0.00 secs] 
2883.308: [GC (Allocation Failure) [PSYoungGen: 57245K->1488K(57856K)] 391748K->336007K(634368K), 0.0017048 secs] [Times: user=0.00 sys=0.00, real=0.00 secs] 
2883.637: [GC (Allocation Failure) [PSYoungGen: 57296K->1536K(57856K)] 391815K->336055K(634368K), 0.0017134 secs] [Times: user=0.01 sys=0.00, real=0.00 secs] 
2883.964: [GC (Allocation Failure) [PSYoungGen: 57344K->1581K(57856K)] 391863K->336100K(634368K), 0.0017509 secs] [Times: user=0.01 sys=0.00, real=0.01 secs] 
2884.353: [GC (Allocation Failure) [PSYoungGen: 57389K->1565K(57856K)] 391908K->336084K(634368K), 0.0017597 secs] [Times: user=0.01 sys=0.00, real=0.01 secs] 
2884.633: [GC (Allocation Failure) [PSYoungGen: 57373K->1424K(57856K)] 391892K->335943K(634368K), 0.0020883 secs] [Times: user=0.01 sys=0.00, real=0.01 secs] 
2884.889: [GC (Allocation Failure) [PSYoungGen: 57232K->1392K(57856K)] 391751K->335911K(634368K), 0.0021029 secs] [Times: user=0.00 sys=0.00, real=0.00 secs] 
2885.178: [GC (Allocation Failure) [PSYoungGen: 57200K->1408K(57856K)] 391719K->335927K(634368K), 0.0018771 secs] [Times: user=0.01 sys=0.00, real=0.00 secs] 
2885.656: [GC (Allocation Failure) [PSYoungGen: 57216K->1408K(57856K)] 391735K->335943K(634368K), 0.0030754 secs] [Times: user=0.01 sys=0.00, real=0.00 secs] 
2886.216: [GC (Allocation Failure) [PSYoungGen: 57216K->1344K(57856K)] 391751K->335879K(634368K), 0.0037444 secs] [Times: user=0.01 sys=0.00, real=0.00 secs] 
2886.713: [GC (Allocation Failure) [PSYoungGen: 57152K->1501K(57856K)] 391687K->336052K(634368K), 0.0016846 secs] [Times: user=0.00 sys=0.00, real=0.01 secs] 
2887.038: [GC (Allocation Failure) [PSYoungGen: 57309K->1565K(57856K)] 391860K->336116K(634368K), 0.0016755 secs] [Times: user=0.00 sys=0.00, real=0.00 secs] 
2887.361: [GC (Allocation Failure) [PSYoungGen: 57373K->1533K(57856K)] 391924K->336084K(634368K), 0.0017304 secs] [Times: user=0.01 sys=0.00, real=0.00 secs] 
2887.696: [GC (Allocation Failure) [PSYoungGen: 57341K->1533K(57856K)] 391892K->336084K(634368K), 0.0016964 secs] [Times: user=0.00 sys=0.00, real=0.00 secs] 
2888.003: [GC (Allocation Failure) [PSYoungGen: 57341K->1424K(57856K)] 391892K->335975K(634368K), 0.0018715 secs] [Times: user=0.01 sys=0.00, real=0.01 secs] 
2888.235: [GC (Allocation Failure) [PSYoungGen: 57232K->1344K(57856K)] 391783K->335895K(634368K), 0.0018371 secs] [Times: user=0.01 sys=0.00, real=0.00 secs] 
2888.490: [GC (Allocation Failure) [PSYoungGen: 57152K->1376K(57856K)] 391703K->335927K(634368K), 0.0019415 secs] [Times: user=0.01 sys=0.00, real=0.00 secs] 
2888.723: [GC (Allocation Failure) [PSYoungGen: 57184K->1408K(57856K)] 391735K->335959K(634368K), 0.0030354 secs] [Times: user=0.01 sys=0.00, real=0.01 secs] 
2888.956: [GC (Allocation Failure) [PSYoungGen: 57216K->1376K(57856K)] 391767K->335927K(634368K), 0.0022237 secs] [Times: user=0.01 sys=0.00, real=0.00 secs] 
2889.292: [GC (Allocation Failure) [PSYoungGen: 57184K->1520K(57856K)] 391735K->336071K(634368K), 0.0016532 secs] [Times: user=0.00 sys=0.00, real=0.00 secs] 
2889.613: [GC (Allocation Failure) [PSYoungGen: 57328K->1565K(57856K)] 391879K->336132K(634368K), 0.0016108 secs] [Times: user=0.01 sys=0.00, real=0.01 secs] 
2889.936: [GC (Allocation Failure) [PSYoungGen: 57373K->1536K(57856K)] 391940K->336103K(634368K), 0.0017015 secs] [Times: user=0.00 sys=0.00, real=0.00 secs] 
2890.262: [GC (Allocation Failure) [PSYoungGen: 57344K->1533K(57856K)] 391911K->336100K(634368K), 0.0017620 secs] [Times: user=0.01 sys=0.00, real=0.00 secs] 
2890.682: [GC (Allocation Failure) [PSYoungGen: 57341K->1984K(57856K)] 391908K->336551K(634368K), 0.0019739 secs] [Times: user=0.01 sys=0.00, real=0.00 secs] 
2891.139: [GC (Allocation Failure) [PSYoungGen: 57792K->1376K(57856K)] 392359K->335943K(634368K), 0.0022405 secs] [Times: user=0.01 sys=0.00, real=0.00 secs] 
2891.609: [GC (Allocation Failure) [PSYoungGen: 57184K->1424K(57856K)] 391751K->335991K(634368K), 0.0020157 secs] [Times: user=0.01 sys=0.00, real=0.00 secs] 
2891.968: [GC (Allocation Failure) [PSYoungGen: 57232K->1408K(57856K)] 391799K->335975K(634368K), 0.0020770 secs] [Times: user=0.01 sys=0.00, real=0.00 secs] 
2892.201: [GC (Allocation Failure) [PSYoungGen: 57216K->1408K(57856K)] 391783K->335975K(634368K), 0.0019066 secs] [Times: user=0.01 sys=0.00, real=0.00 secs] 
2892.576: [GC (Allocation Failure) [PSYoungGen: 57216K->1469K(57856K)] 391783K->336036K(634368K), 0.0020743 secs] [Times: user=0.01 sys=0.00, real=0.00 secs] 
2893.013: [GC (Allocation Failure) [PSYoungGen: 57277K->1517K(57856K)] 391844K->336108K(634368K), 0.0017823 secs] [Times: user=0.01 sys=0.00, real=0.00 secs] 
2893.392: [GC (Allocation Failure) [PSYoungGen: 57325K->1565K(57856K)] 391916K->336156K(634368K), 0.0018138 secs] [Times: user=0.00 sys=0.00, real=0.00 secs] 
2893.780: [GC (Allocation Failure) [PSYoungGen: 57373K->1613K(57856K)] 391964K->336204K(634368K), 0.0017866 secs] [Times: user=0.00 sys=0.00, real=0.00 secs] 
2894.163: [GC (Allocation Failure) [PSYoungGen: 57413K->1504K(57856K)] 392005K->336095K(634368K), 0.0017586 secs] [Times: user=0.01 sys=0.00, real=0.01 secs] 
2894.622: [GC (Allocation Failure) [PSYoungGen: 57312K->1408K(57856K)] 391903K->335999K(634368K), 0.0039351 secs] [Times: user=0.02 sys=0.00, real=0.01 secs] 
2895.138: [GC (Allocation Failure) [PSYoungGen: 57216K->1376K(57856K)] 391807K->335967K(634368K), 0.0031610 secs] [Times: user=0.01 sys=0.00, real=0.00 secs] 
2895.468: [GC (Allocation Failure) [PSYoungGen: 57184K->1408K(57856K)] 391775K->335999K(634368K), 0.0023005 secs] [Times: user=0.00 sys=0.00, real=0.00 secs] 
2895.872: [GC (Allocation Failure) [PSYoungGen: 57216K->1376K(57856K)] 391807K->335975K(634368K), 0.0022001 secs] [Times: user=0.00 sys=0.00, real=0.00 secs] 
2896.294: [GC (Allocation Failure) [PSYoungGen: 57184K->1376K(57856K)] 391783K->335975K(634368K), 0.0021564 secs] [Times: user=0.00 sys=0.00, real=0.01 secs] 
2896.693: [GC (Allocation Failure) [PSYoungGen: 57184K->1485K(57856K)] 391783K->336100K(634368K), 0.0016817 secs] [Times: user=0.00 sys=0.00, real=0.01 secs] 
2897.017: [GC (Allocation Failure) [PSYoungGen: 57293K->1501K(57856K)] 391908K->336116K(634368K), 0.0016683 secs] [Times: user=0.01 sys=0.00, real=0.00 secs] 
2897.340: [GC (Allocation Failure) [PSYoungGen: 57309K->1533K(57856K)] 391924K->336148K(634368K), 0.0017188 secs] [Times: user=0.00 sys=0.01, real=0.00 secs] 
2897.726: [GC (Allocation Failure) [PSYoungGen: 57341K->1565K(57856K)] 391956K->336180K(634368K), 0.0016603 secs] [Times: user=0.01 sys=0.00, real=0.00 secs] 
2898.443: [GC (Allocation Failure) [PSYoungGen: 57373K->1472K(57856K)] 391988K->336087K(634368K), 0.0034902 secs] [Times: user=0.01 sys=0.00, real=0.01 secs] 
2898.969: [GC (Allocation Failure) [PSYoungGen: 57280K->1408K(57856K)] 391895K->336023K(634368K), 0.0026536 secs] [Times: user=0.01 sys=0.00, real=0.00 secs] 
2899.431: [GC (Allocation Failure) [PSYoungGen: 57216K->1408K(57856K)] 391831K->336023K(634368K), 0.0027274 secs] [Times: user=0.01 sys=0.00, real=0.00 secs] 
2899.870: [GC (Allocation Failure) [PSYoungGen: 57216K->1376K(57856K)] 391831K->335991K(634368K), 0.0025832 secs] [Times: user=0.01 sys=0.00, real=0.00 secs] 
2900.314: [GC (Allocation Failure) [PSYoungGen: 57184K->1344K(57856K)] 391799K->335959K(634368K), 0.0027094 secs] [Times: user=0.02 sys=0.00, real=0.01 secs] 
2900.767: [GC (Allocation Failure) [PSYoungGen: 57152K->1421K(57856K)] 391767K->336036K(634368K), 0.0016368 secs] [Times: user=0.01 sys=0.00, real=0.00 secs] 
2901.090: [GC (Allocation Failure) [PSYoungGen: 57229K->1533K(57856K)] 391844K->336164K(634368K), 0.0016820 secs] [Times: user=0.00 sys=0.00, real=0.00 secs] 
2901.413: [GC (Allocation Failure) [PSYoungGen: 57341K->1568K(57856K)] 391972K->336199K(634368K), 0.0016760 secs] [Times: user=0.01 sys=0.00, real=0.00 secs] 
2901.739: [GC (Allocation Failure) [PSYoungGen: 57376K->1504K(57856K)] 392007K->336135K(634368K), 0.0017183 secs] [Times: user=0.00 sys=0.00, real=0.00 secs] 
2902.061: [GC (Allocation Failure) [PSYoungGen: 57312K->1565K(57856K)] 391943K->336196K(634368K), 0.0016884 secs] [Times: user=0.00 sys=0.01, real=0.00 secs] 
2902.778: [GC (Allocation Failure) [PSYoungGen: 57373K->1440K(57856K)] 392004K->336071K(634368K), 0.0028616 secs] [Times: user=0.01 sys=0.00, real=0.00 secs] 
2903.420: [GC (Allocation Failure) [PSYoungGen: 57248K->1408K(57856K)] 391879K->336039K(634368K), 0.0040693 secs] [Times: user=0.02 sys=0.00, real=0.00 secs] 
2904.029: [GC (Allocation Failure) [PSYoungGen: 57216K->1408K(57856K)] 391847K->336039K(634368K), 0.0038549 secs] [Times: user=0.02 sys=0.00, real=0.00 secs] 
2904.654: [GC (Allocation Failure) [PSYoungGen: 57216K->1344K(57856K)] 391847K->335975K(634368K), 0.0032295 secs] [Times: user=0.01 sys=0.00, real=0.01 secs] 
2905.238: [GC (Allocation Failure) [PSYoungGen: 57152K->1376K(57856K)] 391783K->336007K(634368K), 0.0037203 secs] [Times: user=0.02 sys=0.00, real=0.00 secs] 
2905.704: [GC (Allocation Failure) [PSYoungGen: 57184K->1501K(57856K)] 391815K->336140K(634368K), 0.0016835 secs] [Times: user=0.00 sys=0.00, real=0.01 secs] 
2906.027: [GC (Allocation Failure) [PSYoungGen: 57309K->1533K(57856K)] 391948K->336172K(634368K), 0.0016938 secs] [Times: user=0.01 sys=0.00, real=0.00 secs] 
2906.413: [GC (Allocation Failure) [PSYoungGen: 57341K->1565K(57856K)] 391980K->336204K(634368K), 0.0017691 secs] [Times: user=0.01 sys=0.00, real=0.01 secs] 
2906.736: [GC (Allocation Failure) [PSYoungGen: 57373K->1581K(57856K)] 392012K->336220K(634368K), 0.0018422 secs] [Times: user=0.01 sys=0.00, real=0.00 secs] 
2907.173: [GC (Allocation Failure) [PSYoungGen: 57389K->1488K(57856K)] 392028K->336127K(634368K), 0.0028006 secs] [Times: user=0.01 sys=0.00, real=0.01 secs] 
2907.631: [GC (Allocation Failure) [PSYoungGen: 57296K->1392K(57856K)] 391935K->336047K(634368K), 0.0024603 secs] [Times: user=0.01 sys=0.00, real=0.00 secs] 
2908.087: [GC (Allocation Failure) [PSYoungGen: 57200K->1408K(57856K)] 391855K->336063K(634368K), 0.0023317 secs] [Times: user=0.01 sys=0.01, real=0.00 secs] 
2908.524: [GC (Allocation Failure) [PSYoungGen: 57216K->1376K(57856K)] 391871K->336031K(634368K), 0.0024350 secs] [Times: user=0.01 sys=0.00, real=0.01 secs] 
2908.921: [GC (Allocation Failure) [PSYoungGen: 57184K->1408K(57856K)] 391839K->336063K(634368K), 0.0020517 secs] [Times: user=0.01 sys=0.00, real=0.00 secs] 
2909.228: [GC (Allocation Failure) [PSYoungGen: 57216K->1501K(57856K)] 391871K->336156K(634368K), 0.0016609 secs] [Times: user=0.01 sys=0.00, real=0.00 secs] 
2909.551: [GC (Allocation Failure) [PSYoungGen: 57309K->1549K(57856K)] 391964K->336220K(634368K), 0.0016840 secs] [Times: user=0.01 sys=0.00, real=0.00 secs] 
2909.875: [GC (Allocation Failure) [PSYoungGen: 57357K->1533K(57856K)] 392028K->336204K(634368K), 0.0016678 secs] [Times: user=0.01 sys=0.00, real=0.00 secs] 
2910.199: [GC (Allocation Failure) [PSYoungGen: 57341K->1533K(57856K)] 392012K->336204K(634368K), 0.0017006 secs] [Times: user=0.00 sys=0.00, real=0.00 secs] 
2910.546: [GC (Allocation Failure) [PSYoungGen: 57341K->1952K(57856K)] 392012K->336623K(634368K), 0.0019204 secs] [Times: user=0.01 sys=0.00, real=0.00 secs] 
2910.984: [GC (Allocation Failure) [PSYoungGen: 57760K->1392K(57856K)] 392431K->336063K(634368K), 0.0019116 secs] [Times: user=0.01 sys=0.00, real=0.01 secs] 
2911.517: [GC (Allocation Failure) [PSYoungGen: 57200K->1360K(57856K)] 391871K->336031K(634368K), 0.0020231 secs] [Times: user=0.01 sys=0.00, real=0.00 secs] 
2912.010: [GC (Allocation Failure) [PSYoungGen: 57168K->1408K(57856K)] 391839K->336079K(634368K), 0.0023220 secs] [Times: user=0.01 sys=0.00, real=0.00 secs] 
2912.517: [GC (Allocation Failure) [PSYoungGen: 57216K->1376K(57856K)] 391887K->336047K(634368K), 0.0022470 secs] [Times: user=0.01 sys=0.00, real=0.00 secs] 
2913.118: [GC (Allocation Failure) [PSYoungGen: 57184K->1469K(57856K)] 391855K->336140K(634368K), 0.0021429 secs] [Times: user=0.01 sys=0.00, real=0.00 secs] 
2913.471: [GC (Allocation Failure) [PSYoungGen: 57277K->1549K(57856K)] 391948K->336236K(634368K), 0.0018039 secs] [Times: user=0.00 sys=0.00, real=0.00 secs] 
2913.796: [GC (Allocation Failure) [PSYoungGen: 57357K->1565K(57856K)] 392044K->336252K(634368K), 0.0016565 secs] [Times: user=0.01 sys=0.00, real=0.00 secs] 
2914.126: [GC (Allocation Failure) [PSYoungGen: 57373K->1552K(57856K)] 392060K->336239K(634368K), 0.0017407 secs] [Times: user=0.01 sys=0.00, real=0.00 secs] 
2914.449: [GC (Allocation Failure) [PSYoungGen: 57360K->1597K(57856K)] 392047K->336284K(634368K), 0.0016788 secs] [Times: user=0.01 sys=0.00, real=0.00 secs] 
2914.753: [GC (Allocation Failure) [PSYoungGen: 57405K->1440K(57856K)] 392092K->336127K(634368K), 0.0020256 secs] [Times: user=0.00 sys=0.00, real=0.01 secs] 
2914.985: [GC (Allocation Failure) [PSYoungGen: 57248K->1408K(57856K)] 391935K->336103K(634368K), 0.0016060 secs] [Times: user=0.01 sys=0.00, real=0.00 secs] 
2915.216: [GC (Allocation Failure) [PSYoungGen: 57216K->1408K(57856K)] 391911K->336103K(634368K), 0.0017836 secs] [Times: user=0.01 sys=0.00, real=0.00 secs] 
2915.448: [GC (Allocation Failure) [PSYoungGen: 57216K->1376K(57856K)] 391911K->336071K(634368K), 0.0018285 secs] [Times: user=0.01 sys=0.01, real=0.00 secs] 
2915.680: [GC (Allocation Failure) [PSYoungGen: 57184K->1376K(57856K)] 391879K->336071K(634368K), 0.0018195 secs] [Times: user=0.01 sys=0.00, real=0.00 secs] 
2916.016: [GC (Allocation Failure) [PSYoungGen: 57184K->1485K(57856K)] 391879K->336204K(634368K), 0.0016264 secs] [Times: user=0.00 sys=0.00, real=0.00 secs] 
2916.338: [GC (Allocation Failure) [PSYoungGen: 57293K->1597K(57856K)] 392012K->336316K(634368K), 0.0016819 secs] [Times: user=0.01 sys=0.00, real=0.00 secs] 
2916.662: [GC (Allocation Failure) [PSYoungGen: 57405K->1549K(57856K)] 392124K->336268K(634368K), 0.0017025 secs] [Times: user=0.01 sys=0.00, real=0.00 secs] 
2916.987: [GC (Allocation Failure) [PSYoungGen: 57357K->1533K(57856K)] 392076K->336252K(634368K), 0.0016701 secs] [Times: user=0.01 sys=0.00, real=0.00 secs] 
2917.566: [GC (Allocation Failure) [PSYoungGen: 57341K->1488K(57856K)] 392060K->336207K(634368K), 0.0025040 secs] [Times: user=0.01 sys=0.00, real=0.00 secs] 
2918.079: [GC (Allocation Failure) [PSYoungGen: 57296K->1408K(57856K)] 392015K->336127K(634368K), 0.0038519 secs] [Times: user=0.01 sys=0.00, real=0.00 secs] 
2918.509: [GC (Allocation Failure) [PSYoungGen: 57216K->1376K(57856K)] 391935K->336095K(634368K), 0.0032763 secs] [Times: user=0.02 sys=0.00, real=0.00 secs] 
2919.037: [GC (Allocation Failure) [PSYoungGen: 57184K->1408K(57856K)] 391903K->336127K(634368K), 0.0029525 secs] [Times: user=0.01 sys=0.00, real=0.00 secs] 
2919.548: [GC (Allocation Failure) [PSYoungGen: 57216K->1408K(57856K)] 391935K->336127K(634368K), 0.0027178 secs] [Times: user=0.01 sys=0.00, real=0.00 secs] 
2920.240: [GC (Allocation Failure) [PSYoungGen: 57216K->1485K(57856K)] 391935K->336204K(634368K), 0.0020465 secs] [Times: user=0.01 sys=0.00, real=0.00 secs] 
2920.585: [GC (Allocation Failure) [PSYoungGen: 57293K->1536K(57856K)] 392012K->336271K(634368K), 0.0017007 secs] [Times: user=0.01 sys=0.00, real=0.00 secs] 
2920.909: [GC (Allocation Failure) [PSYoungGen: 57344K->1533K(57856K)] 392079K->336268K(634368K), 0.0015729 secs] [Times: user=0.01 sys=0.00, real=0.00 secs] 
2921.232: [GC (Allocation Failure) [PSYoungGen: 57341K->1581K(57856K)] 392076K->336316K(634368K), 0.0016765 secs] [Times: user=0.01 sys=0.00, real=0.00 secs] 
2921.619: [GC (Allocation Failure) [PSYoungGen: 57389K->1533K(57856K)] 392124K->336268K(634368K), 0.0017904 secs] [Times: user=0.01 sys=0.00, real=0.00 secs] 
2922.036: [GC (Allocation Failure) [PSYoungGen: 57341K->1408K(57856K)] 392076K->336143K(634368K), 0.0033200 secs] [Times: user=0.02 sys=0.00, real=0.00 secs] 
2922.484: [GC (Allocation Failure) [PSYoungGen: 57216K->1344K(57856K)] 391951K->336079K(634368K), 0.0027122 secs] [Times: user=0.02 sys=0.00, real=0.01 secs] 
2922.922: [GC (Allocation Failure) [PSYoungGen: 57152K->1344K(57856K)] 391887K->336079K(634368K), 0.0041184 secs] [Times: user=0.02 sys=0.00, real=0.01 secs] 
2923.374: [GC (Allocation Failure) [PSYoungGen: 57152K->1376K(57856K)] 391887K->336111K(634368K), 0.0041263 secs] [Times: user=0.02 sys=0.00, real=0.01 secs] 
2924.190: [GC (Allocation Failure) [PSYoungGen: 57184K->1376K(57856K)] 391919K->336111K(634368K), 0.0038463 secs] [Times: user=0.01 sys=0.00, real=0.00 secs] 
2924.685: [GC (Allocation Failure) [PSYoungGen: 57184K->1501K(57856K)] 391919K->336252K(634368K), 0.0016614 secs] [Times: user=0.00 sys=0.00, real=0.00 secs] 
2925.008: [GC (Allocation Failure) [PSYoungGen: 57309K->1504K(57856K)] 392060K->336255K(634368K), 0.0017249 secs] [Times: user=0.01 sys=0.00, real=0.00 secs] 
2925.332: [GC (Allocation Failure) [PSYoungGen: 57312K->1613K(57856K)] 392063K->336364K(634368K), 0.0015972 secs] [Times: user=0.01 sys=0.00, real=0.00 secs] 
2925.658: [GC (Allocation Failure) [PSYoungGen: 57421K->1565K(57856K)] 392172K->336316K(634368K), 0.0016705 secs] [Times: user=0.01 sys=0.00, real=0.00 secs] 
2925.970: [GC (Allocation Failure) [PSYoungGen: 57373K->1504K(57856K)] 392124K->336255K(634368K), 0.0017271 secs] [Times: user=0.00 sys=0.00, real=0.00 secs] 
2926.202: [GC (Allocation Failure) [PSYoungGen: 57312K->1424K(57856K)] 392063K->336175K(634368K), 0.0018247 secs] [Times: user=0.01 sys=0.00, real=0.00 secs] 
2926.434: [GC (Allocation Failure) [PSYoungGen: 57232K->1376K(57856K)] 391983K->336143K(634368K), 0.0018113 secs] [Times: user=0.00 sys=0.00, real=0.01 secs] 
2926.666: [GC (Allocation Failure) [PSYoungGen: 57184K->1376K(57856K)] 391951K->336143K(634368K), 0.0018050 secs] [Times: user=0.00 sys=0.00, real=0.00 secs] 
2926.950: [GC (Allocation Failure) [PSYoungGen: 57184K->1312K(57856K)] 391951K->336079K(634368K), 0.0015525 secs] [Times: user=0.01 sys=0.00, real=0.00 secs] 
2927.347: [GC (Allocation Failure) [PSYoungGen: 57120K->1533K(57856K)] 391887K->336300K(634368K), 0.0016193 secs] [Times: user=0.00 sys=0.00, real=0.00 secs] 
2927.669: [GC (Allocation Failure) [PSYoungGen: 57341K->1533K(57856K)] 392108K->336316K(634368K), 0.0017175 secs] [Times: user=0.01 sys=0.00, real=0.00 secs] 
2927.993: [GC (Allocation Failure) [PSYoungGen: 57341K->1533K(57856K)] 392124K->336316K(634368K), 0.0016834 secs] [Times: user=0.01 sys=0.00, real=0.00 secs] 
2928.318: [GC (Allocation Failure) [PSYoungGen: 57341K->1565K(57856K)] 392124K->336348K(634368K), 0.0016900 secs] [Times: user=0.01 sys=0.00, real=0.00 secs] 
2928.665: [GC (Allocation Failure) [PSYoungGen: 57373K->2000K(57856K)] 392156K->336783K(634368K), 0.0017464 secs] [Times: user=0.01 sys=0.00, real=0.01 secs] 
2928.901: [GC (Allocation Failure) [PSYoungGen: 57808K->1344K(57856K)] 392591K->336127K(634368K), 0.0016665 secs] [Times: user=0.00 sys=0.00, real=0.00 secs] 
2929.133: [GC (Allocation Failure) [PSYoungGen: 57152K->1376K(57856K)] 391935K->336159K(634368K), 0.0015640 secs] [Times: user=0.01 sys=0.00, real=0.00 secs] 
2929.363: [GC (Allocation Failure) [PSYoungGen: 57184K->1408K(57856K)] 391967K->336191K(634368K), 0.0015698 secs] [Times: user=0.01 sys=0.00, real=0.01 secs] 
2929.595: [GC (Allocation Failure) [PSYoungGen: 57216K->1408K(57856K)] 391999K->336191K(634368K), 0.0015574 secs] [Times: user=0.01 sys=0.00, real=0.00 secs] 
2929.837: [GC (Allocation Failure) [PSYoungGen: 57216K->1501K(57856K)] 391999K->336284K(634368K), 0.0015998 secs] [Times: user=0.00 sys=0.00, real=0.00 secs] 
2930.162: [GC (Allocation Failure) [PSYoungGen: 57309K->1533K(57856K)] 392092K->336332K(634368K), 0.0017215 secs] [Times: user=0.01 sys=0.00, real=0.00 secs] 
2930.479: [GC (GCLocker Initiated GC) [PSYoungGen: 57341K->1549K(57856K)] 392143K->336351K(634368K), 0.0016955 secs] [Times: user=0.01 sys=0.00, real=0.00 secs] 
2930.873: [GC (Allocation Failure) [PSYoungGen: 57357K->1469K(57856K)] 392768K->336888K(634368K), 0.0016879 secs] [Times: user=0.01 sys=0.00, real=0.00 secs] 
2931.196: [GC (Allocation Failure) [PSYoungGen: 57245K->1549K(57856K)] 392664K->336976K(634368K), 0.0017953 secs] [Times: user=0.01 sys=0.00, real=0.00 secs] 
2931.627: [GC (Allocation Failure) [PSYoungGen: 57357K->1632K(57856K)] 392784K->337059K(634368K), 0.0026041 secs] [Times: user=0.01 sys=0.00, real=0.00 secs] 
2932.104: [GC (Allocation Failure) [PSYoungGen: 57440K->1584K(57856K)] 392867K->337019K(634368K), 0.0020362 secs] [Times: user=0.01 sys=0.00, real=0.01 secs] 
2932.584: [GC (Allocation Failure) [PSYoungGen: 57392K->1552K(57856K)] 392827K->336987K(634368K), 0.0018957 secs] [Times: user=0.01 sys=0.00, real=0.01 secs] 
2933.332: [GC (Allocation Failure) [PSYoungGen: 57360K->1584K(57856K)] 392795K->337019K(634368K), 0.0023671 secs] [Times: user=0.01 sys=0.00, real=0.00 secs] 
2934.120: [GC (Allocation Failure) [PSYoungGen: 57392K->1568K(57856K)] 392827K->337003K(634368K), 0.0030614 secs] [Times: user=0.01 sys=0.00, real=0.00 secs] 
2934.608: [GC (Allocation Failure) [PSYoungGen: 57376K->1549K(57856K)] 392811K->337161K(634368K), 0.0015734 secs] [Times: user=0.00 sys=0.00, real=0.00 secs] 
2934.931: [GC (Allocation Failure) [PSYoungGen: 57357K->1565K(57856K)] 392969K->337177K(634368K), 0.0016847 secs] [Times: user=0.01 sys=0.00, real=0.00 secs] 
2935.256: [GC (Allocation Failure) [PSYoungGen: 57373K->1581K(57856K)] 392985K->337193K(634368K), 0.0016764 secs] [Times: user=0.01 sys=0.00, real=0.00 secs] 
2935.581: [GC (Allocation Failure) [PSYoungGen: 57389K->1616K(57856K)] 393001K->337228K(634368K), 0.0016330 secs] [Times: user=0.01 sys=0.00, real=0.00 secs] 
2936.072: [GC (Allocation Failure) [PSYoungGen: 57424K->1536K(57856K)] 393036K->337148K(634368K), 0.0018543 secs] [Times: user=0.01 sys=0.00, real=0.00 secs] 
2936.602: [GC (Allocation Failure) [PSYoungGen: 57344K->1440K(57856K)] 392956K->337092K(634368K), 0.0022610 secs] [Times: user=0.01 sys=0.00, real=0.00 secs] 
2937.154: [GC (Allocation Failure) [PSYoungGen: 57248K->1408K(57856K)] 392900K->337060K(634368K), 0.0021494 secs] [Times: user=0.00 sys=0.00, real=0.01 secs] 
2937.486: [GC (Allocation Failure) [PSYoungGen: 57216K->1408K(57856K)] 392868K->337076K(634368K), 0.0022550 secs] [Times: user=0.01 sys=0.00, real=0.00 secs] 
2937.762: [GC (Allocation Failure) [PSYoungGen: 57216K->1344K(57856K)] 392884K->337044K(634368K), 0.0020792 secs] [Times: user=0.01 sys=0.00, real=0.00 secs] 
2938.090: [GC (Allocation Failure) [PSYoungGen: 57152K->1501K(57856K)] 392852K->337201K(634368K), 0.0014894 secs] [Times: user=0.00 sys=0.00, real=0.00 secs] 
2938.417: [GC (Allocation Failure) [PSYoungGen: 57309K->1549K(57856K)] 393009K->337273K(634368K), 0.0017040 secs] [Times: user=0.01 sys=0.00, real=0.00 secs] 
2938.745: [GC (Allocation Failure) [PSYoungGen: 57357K->1565K(57856K)] 393081K->337289K(634368K), 0.0014823 secs] [Times: user=0.00 sys=0.00, real=0.01 secs] 
2939.074: [GC (Allocation Failure) [PSYoungGen: 57373K->1613K(57856K)] 393097K->337337K(634368K), 0.0017047 secs] [Times: user=0.01 sys=0.00, real=0.01 secs] 
2939.397: [GC (Allocation Failure) [PSYoungGen: 57421K->1581K(57856K)] 393145K->337305K(634368K), 0.0017198 secs] [Times: user=0.00 sys=0.00, real=0.00 secs] 
2940.479: [GC (Allocation Failure) [PSYoungGen: 57389K->1408K(57856K)] 393113K->337132K(634368K), 0.0041823 secs] [Times: user=0.02 sys=0.00, real=0.00 secs] 
2940.997: [GC (Allocation Failure) [PSYoungGen: 57216K->1376K(57856K)] 392940K->337100K(634368K), 0.0027587 secs] [Times: user=0.01 sys=0.00, real=0.00 secs] 
2941.495: [GC (Allocation Failure) [PSYoungGen: 57184K->1376K(57856K)] 392908K->337100K(634368K), 0.0025202 secs] [Times: user=0.01 sys=0.00, real=0.00 secs] 
2941.873: [GC (Allocation Failure) [PSYoungGen: 57184K->1408K(57856K)] 392908K->337132K(634368K), 0.0022408 secs] [Times: user=0.01 sys=0.00, real=0.01 secs] 
2942.105: [GC (Allocation Failure) [PSYoungGen: 57216K->1376K(57856K)] 392940K->337100K(634368K), 0.0022831 secs] [Times: user=0.01 sys=0.00, real=0.00 secs] 
2942.551: [GC (Allocation Failure) [PSYoungGen: 57184K->1565K(57856K)] 392908K->337305K(634368K), 0.0016066 secs] [Times: user=0.01 sys=0.00, real=0.00 secs] 
2942.873: [GC (Allocation Failure) [PSYoungGen: 57373K->1565K(57856K)] 393113K->337305K(634368K), 0.0016945 secs] [Times: user=0.00 sys=0.00, real=0.00 secs] 
2943.197: [GC (Allocation Failure) [PSYoungGen: 57373K->1533K(57856K)] 393113K->337273K(634368K), 0.0016979 secs] [Times: user=0.01 sys=0.00, real=0.00 secs] 
2943.521: [GC (Allocation Failure) [PSYoungGen: 57341K->1597K(57856K)] 393081K->337337K(634368K), 0.0017279 secs] [Times: user=0.00 sys=0.00, real=0.00 secs] 
2943.841: [GC (Allocation Failure) [PSYoungGen: 57405K->1472K(57856K)] 393145K->337212K(634368K), 0.0021480 secs] [Times: user=0.01 sys=0.00, real=0.00 secs] 
2944.080: [GC (Allocation Failure) [PSYoungGen: 57280K->1344K(57856K)] 393020K->337084K(634368K), 0.0021859 secs] [Times: user=0.00 sys=0.00, real=0.00 secs] 
2944.306: [GC (Allocation Failure) [PSYoungGen: 57152K->1344K(57856K)] 392892K->337084K(634368K), 0.0019843 secs] [Times: user=0.01 sys=0.00, real=0.00 secs] 
2944.576: [GC (Allocation Failure) [PSYoungGen: 57152K->1376K(57856K)] 392892K->337116K(634368K), 0.0019693 secs] [Times: user=0.01 sys=0.00, real=0.00 secs] 
2944.827: [GC (Allocation Failure) [PSYoungGen: 57184K->1344K(57856K)] 392924K->337084K(634368K), 0.0020240 secs] [Times: user=0.01 sys=0.00, real=0.00 secs] 
2945.274: [GC (Allocation Failure) [PSYoungGen: 57152K->1485K(57856K)] 392892K->337225K(634368K), 0.0016386 secs] [Times: user=0.01 sys=0.00, real=0.01 secs] 
2945.594: [GC (Allocation Failure) [PSYoungGen: 57293K->1597K(57856K)] 393033K->337345K(634368K), 0.0016821 secs] [Times: user=0.01 sys=0.00, real=0.01 secs] 
2945.919: [GC (Allocation Failure) [PSYoungGen: 57405K->1565K(57856K)] 393153K->337337K(634368K), 0.0016761 secs] [Times: user=0.00 sys=0.00, real=0.00 secs] 
2946.243: [GC (Allocation Failure) [PSYoungGen: 57373K->1581K(57856K)] 393145K->337353K(634368K), 0.0016827 secs] [Times: user=0.01 sys=0.00, real=0.00 secs] 
2946.621: [GC (Allocation Failure) [PSYoungGen: 57389K->1760K(57856K)] 393161K->337532K(634368K), 0.0019661 secs] [Times: user=0.01 sys=0.00, real=0.00 secs] 
2947.093: [GC (Allocation Failure) [PSYoungGen: 57568K->1344K(57856K)] 393340K->337116K(634368K), 0.0018151 secs] [Times: user=0.01 sys=0.00, real=0.00 secs] 
2947.739: [GC (Allocation Failure) [PSYoungGen: 57152K->1344K(57856K)] 392924K->337116K(634368K), 0.0025892 secs] [Times: user=0.01 sys=0.00, real=0.00 secs] 
2948.455: [GC (Allocation Failure) [PSYoungGen: 57152K->1360K(57856K)] 392924K->337132K(634368K), 0.0035362 secs] [Times: user=0.01 sys=0.00, real=0.00 secs] 
2948.859: [GC (Allocation Failure) [PSYoungGen: 57168K->1360K(57856K)] 392940K->337132K(634368K), 0.0027089 secs] [Times: user=0.01 sys=0.00, real=0.00 secs] 
2949.436: [GC (Allocation Failure) [PSYoungGen: 57168K->1501K(57856K)] 392940K->337273K(634368K), 0.0031561 secs] [Times: user=0.02 sys=0.00, real=0.00 secs] 
2949.855: [GC (Allocation Failure) [PSYoungGen: 57309K->1568K(57856K)] 393081K->337364K(634368K), 0.0017370 secs] [Times: user=0.01 sys=0.00, real=0.00 secs] 
2950.178: [GC (Allocation Failure) [PSYoungGen: 57355K->1533K(57856K)] 393151K->337329K(634368K), 0.0017022 secs] [Times: user=0.01 sys=0.00, real=0.00 secs] 
2950.501: [GC (Allocation Failure) [PSYoungGen: 57341K->1504K(57856K)] 393137K->337300K(634368K), 0.0016659 secs] [Times: user=0.00 sys=0.00, real=0.00 secs] 
2950.825: [GC (Allocation Failure) [PSYoungGen: 57312K->1533K(57856K)] 393108K->337329K(634368K), 0.0016879 secs] [Times: user=0.01 sys=0.00, real=0.00 secs] 
2951.157: [GC (Allocation Failure) [PSYoungGen: 57341K->1440K(57856K)] 393137K->337236K(634368K), 0.0030029 secs] [Times: user=0.01 sys=0.00, real=0.00 secs] 
2951.389: [GC (Allocation Failure) [PSYoungGen: 57248K->1376K(57856K)] 393044K->337172K(634368K), 0.0018848 secs] [Times: user=0.01 sys=0.00, real=0.00 secs] 
2951.703: [GC (Allocation Failure) [PSYoungGen: 57184K->1376K(57856K)] 392980K->337172K(634368K), 0.0018943 secs] [Times: user=0.01 sys=0.00, real=0.01 secs] 
2952.043: [GC (Allocation Failure) [PSYoungGen: 57184K->1408K(57856K)] 392980K->337204K(634368K), 0.0018373 secs] [Times: user=0.00 sys=0.00, real=0.00 secs] 
2952.425: [GC (Allocation Failure) [PSYoungGen: 57216K->1376K(57856K)] 393012K->337172K(634368K), 0.0021162 secs] [Times: user=0.01 sys=0.00, real=0.00 secs] 
2952.920: [GC (Allocation Failure) [PSYoungGen: 57184K->1501K(57856K)] 392980K->337313K(634368K), 0.0016547 secs] [Times: user=0.01 sys=0.00, real=0.00 secs] 
2953.242: [GC (Allocation Failure) [PSYoungGen: 57309K->1565K(57856K)] 393121K->337377K(634368K), 0.0016860 secs] [Times: user=0.00 sys=0.00, real=0.00 secs] 
2953.565: [GC (Allocation Failure) [PSYoungGen: 57373K->1536K(57856K)] 393185K->337348K(634368K), 0.0017503 secs] [Times: user=0.01 sys=0.00, real=0.00 secs] 
2953.888: [GC (Allocation Failure) [PSYoungGen: 57344K->1549K(57856K)] 393156K->337361K(634368K), 0.0016795 secs] [Times: user=0.01 sys=0.00, real=0.00 secs] 
2954.289: [GC (Allocation Failure) [PSYoungGen: 57357K->1504K(57856K)] 393169K->337316K(634368K), 0.0018704 secs] [Times: user=0.00 sys=0.00, real=0.00 secs] 
2954.568: [GC (Allocation Failure) [PSYoungGen: 57312K->1376K(57856K)] 393124K->337188K(634368K), 0.0022346 secs] [Times: user=0.01 sys=0.00, real=0.00 secs] 
2954.795: [GC (Allocation Failure) [PSYoungGen: 57184K->1440K(57856K)] 392996K->337252K(634368K), 0.0018672 secs] [Times: user=0.01 sys=0.00, real=0.00 secs] 
2955.028: [GC (Allocation Failure) [PSYoungGen: 57248K->1376K(57856K)] 393060K->337188K(634368K), 0.0017141 secs] [Times: user=0.01 sys=0.00, real=0.00 secs] 
2955.428: [GC (Allocation Failure) [PSYoungGen: 57184K->1392K(57856K)] 392996K->337220K(634368K), 0.0019066 secs] [Times: user=0.01 sys=0.00, real=0.00 secs] 
2955.845: [GC (Allocation Failure) [PSYoungGen: 57200K->1501K(57856K)] 393028K->337329K(634368K), 0.0016420 secs] [Times: user=0.00 sys=0.00, real=0.00 secs] 
2956.167: [GC (Allocation Failure) [PSYoungGen: 57309K->1597K(57856K)] 393137K->337441K(634368K), 0.0016876 secs] [Times: user=0.00 sys=0.00, real=0.00 secs] 
2956.491: [GC (Allocation Failure) [PSYoungGen: 57405K->1565K(57856K)] 393249K->337409K(634368K), 0.0017015 secs] [Times: user=0.01 sys=0.00, real=0.00 secs] 
2956.815: [GC (Allocation Failure) [PSYoungGen: 57373K->1581K(57856K)] 393217K->337425K(634368K), 0.0016913 secs] [Times: user=0.01 sys=0.00, real=0.00 secs] 
2957.141: [GC (Allocation Failure) [PSYoungGen: 57389K->1533K(57856K)] 393233K->337377K(634368K), 0.0016838 secs] [Times: user=0.00 sys=0.00, real=0.00 secs] 
2957.772: [GC (Allocation Failure) [PSYoungGen: 57341K->1440K(57856K)] 393185K->337284K(634368K), 0.0017243 secs] [Times: user=0.01 sys=0.00, real=0.00 secs] 
2958.184: [GC (Allocation Failure) [PSYoungGen: 57248K->1376K(57856K)] 393092K->337228K(634368K), 0.0017880 secs] [Times: user=0.01 sys=0.00, real=0.01 secs] 
2958.416: [GC (Allocation Failure) [PSYoungGen: 57184K->1376K(57856K)] 393036K->337228K(634368K), 0.0019005 secs] [Times: user=0.01 sys=0.00, real=0.00 secs] 
2958.648: [GC (Allocation Failure) [PSYoungGen: 57184K->1376K(57856K)] 393036K->337228K(634368K), 0.0019304 secs] [Times: user=0.01 sys=0.00, real=0.00 secs] 
2958.880: [GC (Allocation Failure) [PSYoungGen: 57184K->1408K(57856K)] 393036K->337260K(634368K), 0.0018542 secs] [Times: user=0.01 sys=0.00, real=0.00 secs] 
2959.328: [GC (Allocation Failure) [PSYoungGen: 57216K->1501K(57856K)] 393068K->337369K(634368K), 0.0016831 secs] [Times: user=0.01 sys=0.00, real=0.00 secs] 
2959.655: [GC (Allocation Failure) [PSYoungGen: 57309K->1581K(57856K)] 393177K->337449K(634368K), 0.0017995 secs] [Times: user=0.01 sys=0.00, real=0.00 secs] 
2959.979: [GC (Allocation Failure) [PSYoungGen: 57389K->1533K(57856K)] 393257K->337401K(634368K), 0.0018210 secs] [Times: user=0.01 sys=0.00, real=0.00 secs] 
2960.305: [GC (Allocation Failure) [PSYoungGen: 57341K->1517K(57856K)] 393209K->337385K(634368K), 0.0016495 secs] [Times: user=0.01 sys=0.00, real=0.00 secs] 
2960.695: [GC (Allocation Failure) [PSYoungGen: 57325K->1472K(57856K)] 393193K->337340K(634368K), 0.0020572 secs] [Times: user=0.01 sys=0.00, real=0.01 secs] 
2961.009: [GC (Allocation Failure) [PSYoungGen: 57280K->1344K(57856K)] 393148K->337212K(634368K), 0.0019904 secs] [Times: user=0.01 sys=0.00, real=0.00 secs] 
2961.245: [GC (Allocation Failure) [PSYoungGen: 57152K->1408K(57856K)] 393020K->337276K(634368K), 0.0018899 secs] [Times: user=0.01 sys=0.00, real=0.00 secs] 
2961.487: [GC (Allocation Failure) [PSYoungGen: 57216K->1360K(57856K)] 393084K->337228K(634368K), 0.0031045 secs] [Times: user=0.01 sys=0.00, real=0.00 secs] 
2961.757: [GC (Allocation Failure) [PSYoungGen: 57168K->1376K(57856K)] 393036K->337244K(634368K), 0.0024650 secs] [Times: user=0.01 sys=0.00, real=0.00 secs] 
2962.102: [GC (Allocation Failure) [PSYoungGen: 57184K->1469K(57856K)] 393052K->337337K(634368K), 0.0016398 secs] [Times: user=0.01 sys=0.00, real=0.00 secs] 
2962.426: [GC (Allocation Failure) [PSYoungGen: 57277K->1565K(57856K)] 393145K->337465K(634368K), 0.0018333 secs] [Times: user=0.00 sys=0.00, real=0.00 secs] 
2962.749: [GC (Allocation Failure) [PSYoungGen: 57373K->1504K(57856K)] 393273K->337404K(634368K), 0.0017090 secs] [Times: user=0.00 sys=0.00, real=0.00 secs] 
2963.076: [GC (Allocation Failure) [PSYoungGen: 57312K->1565K(57856K)] 393212K->337465K(634368K), 0.0017150 secs] [Times: user=0.01 sys=0.00, real=0.00 secs] 
2963.416: [GC (Allocation Failure) [PSYoungGen: 57373K->2000K(57856K)] 393273K->337900K(634368K), 0.0018464 secs] [Times: user=0.00 sys=0.00, real=0.00 secs] 
2963.656: [GC (Allocation Failure) [PSYoungGen: 57808K->1344K(57856K)] 393708K->337244K(634368K), 0.0017670 secs] [Times: user=0.01 sys=0.00, real=0.00 secs] 
2963.888: [GC (Allocation Failure) [PSYoungGen: 57152K->1408K(57856K)] 393052K->337308K(634368K), 0.0018078 secs] [Times: user=0.01 sys=0.00, real=0.00 secs] 
2964.120: [GC (Allocation Failure) [PSYoungGen: 57216K->1376K(57856K)] 393116K->337276K(634368K), 0.0017776 secs] [Times: user=0.00 sys=0.00, real=0.00 secs] 
2964.351: [GC (Allocation Failure) [PSYoungGen: 57184K->1344K(57856K)] 393084K->337244K(634368K), 0.0017629 secs] [Times: user=0.00 sys=0.00, real=0.00 secs] 
2964.626: [GC (Allocation Failure) [PSYoungGen: 57152K->1533K(57856K)] 393052K->337433K(634368K), 0.0016797 secs] [Times: user=0.01 sys=0.00, real=0.00 secs] 
2964.949: [GC (Allocation Failure) [PSYoungGen: 57341K->1584K(57856K)] 393241K->337508K(634368K), 0.0016751 secs] [Times: user=0.01 sys=0.00, real=0.00 secs] 
2965.272: [GC (Allocation Failure) [PSYoungGen: 57363K->1549K(57856K)] 393287K->337473K(634368K), 0.0017526 secs] [Times: user=0.01 sys=0.00, real=0.00 secs] 
2965.596: [GC (Allocation Failure) [PSYoungGen: 57357K->1536K(57856K)] 393281K->337460K(634368K), 0.0016910 secs] [Times: user=0.00 sys=0.00, real=0.00 secs] 
2965.919: [GC (Allocation Failure) [PSYoungGen: 57344K->1581K(57856K)] 393268K->337505K(634368K), 0.0017156 secs] [Times: user=0.01 sys=0.00, real=0.00 secs] 
2966.213: [GC (Allocation Failure) [PSYoungGen: 57389K->1440K(57856K)] 393313K->337364K(634368K), 0.0018608 secs] [Times: user=0.01 sys=0.00, real=0.01 secs] 
2966.445: [GC (Allocation Failure) [PSYoungGen: 57248K->1344K(57856K)] 393172K->337268K(634368K), 0.0019331 secs] [Times: user=0.01 sys=0.00, real=0.00 secs] 
2966.677: [GC (Allocation Failure) [PSYoungGen: 57152K->1376K(57856K)] 393076K->337300K(634368K), 0.0017277 secs] [Times: user=0.01 sys=0.00, real=0.00 secs] 
2966.909: [GC (Allocation Failure) [PSYoungGen: 57184K->1376K(57856K)] 393108K->337300K(634368K), 0.0018019 secs] [Times: user=0.01 sys=0.00, real=0.00 secs] 
2967.141: [GC (Allocation Failure) [PSYoungGen: 57184K->1376K(57856K)] 393108K->337300K(634368K), 0.0016794 secs] [Times: user=0.00 sys=0.00, real=0.00 secs] 
2967.492: [GC (Allocation Failure) [PSYoungGen: 57184K->1472K(57856K)] 393108K->337412K(634368K), 0.0017500 secs] [Times: user=0.01 sys=0.00, real=0.00 secs] 
2967.875: [GC (Allocation Failure) [PSYoungGen: 57280K->1533K(57856K)] 393220K->337473K(634368K), 0.0017710 secs] [Times: user=0.01 sys=0.00, real=0.00 secs] 
2968.200: [GC (Allocation Failure) [PSYoungGen: 57341K->1549K(57856K)] 393281K->337489K(634368K), 0.0016820 secs] [Times: user=0.00 sys=0.00, real=0.00 secs] 
2968.523: [GC (Allocation Failure) [PSYoungGen: 57357K->1565K(57856K)] 393297K->337505K(634368K), 0.0016850 secs] [Times: user=0.01 sys=0.00, real=0.01 secs] 
2968.983: [GC (Allocation Failure) [PSYoungGen: 57373K->1456K(57856K)] 393313K->337396K(634368K), 0.0032954 secs] [Times: user=0.01 sys=0.01, real=0.01 secs] 
2969.581: [GC (Allocation Failure) [PSYoungGen: 57264K->1344K(57856K)] 393204K->337284K(634368K), 0.0033144 secs] [Times: user=0.01 sys=0.00, real=0.00 secs] 
2970.039: [GC (Allocation Failure) [PSYoungGen: 57152K->1344K(57856K)] 393092K->337284K(634368K), 0.0028510 secs] [Times: user=0.01 sys=0.00, real=0.00 secs] 
2970.329: [GC (Allocation Failure) [PSYoungGen: 57152K->1344K(57856K)] 393092K->337284K(634368K), 0.0020745 secs] [Times: user=0.01 sys=0.00, real=0.00 secs] 
2970.561: [GC (Allocation Failure) [PSYoungGen: 57152K->1344K(57856K)] 393092K->337284K(634368K), 0.0019266 secs] [Times: user=0.00 sys=0.00, real=0.00 secs] 
2970.859: [GC (Allocation Failure) [PSYoungGen: 57152K->1533K(57856K)] 393092K->337473K(634368K), 0.0016351 secs] [Times: user=0.00 sys=0.00, real=0.00 secs] 
2971.181: [GC (Allocation Failure) [PSYoungGen: 57341K->1517K(57856K)] 393281K->337473K(634368K), 0.0016743 secs] [Times: user=0.00 sys=0.00, real=0.00 secs] 
2971.507: [GC (Allocation Failure) [PSYoungGen: 57325K->1533K(57856K)] 393281K->337489K(634368K), 0.0017044 secs] [Times: user=0.00 sys=0.00, real=0.00 secs] 
2971.830: [GC (Allocation Failure) [PSYoungGen: 57341K->1501K(57856K)] 393297K->337457K(634368K), 0.0017065 secs] [Times: user=0.01 sys=0.00, real=0.00 secs] 
2972.153: [GC (Allocation Failure) [PSYoungGen: 57309K->1597K(57856K)] 393265K->337553K(634368K), 0.0016787 secs] [Times: user=0.01 sys=0.00, real=0.01 secs] 
2973.228: [GC (Allocation Failure) [PSYoungGen: 57405K->1408K(57856K)] 393361K->337364K(634368K), 0.0023636 secs] [Times: user=0.01 sys=0.00, real=0.00 secs] 
2973.775: [GC (Allocation Failure) [PSYoungGen: 57216K->1408K(57856K)] 393172K->337364K(634368K), 0.0021255 secs] [Times: user=0.01 sys=0.00, real=0.00 secs] 
2974.243: [GC (Allocation Failure) [PSYoungGen: 57216K->1376K(57856K)] 393172K->337332K(634368K), 0.0023518 secs] [Times: user=0.01 sys=0.00, real=0.01 secs] 
2974.664: [GC (Allocation Failure) [PSYoungGen: 57184K->1408K(57856K)] 393140K->337364K(634368K), 0.0021840 secs] [Times: user=0.01 sys=0.00, real=0.01 secs] 
2974.990: [GC (Allocation Failure) [PSYoungGen: 57216K->1408K(57856K)] 393172K->337364K(634368K), 0.0020457 secs] [Times: user=0.01 sys=0.00, real=0.00 secs] 
2975.347: [GC (Allocation Failure) [PSYoungGen: 57216K->1552K(57856K)] 393172K->337524K(634368K), 0.0016701 secs] [Times: user=0.01 sys=0.00, real=0.00 secs] 
2975.669: [GC (Allocation Failure) [PSYoungGen: 57360K->1597K(57856K)] 393332K->337569K(634368K), 0.0017245 secs] [Times: user=0.01 sys=0.00, real=0.00 secs] 
2975.995: [GC (Allocation Failure) [PSYoungGen: 57405K->1565K(57856K)] 393377K->337537K(634368K), 0.0016721 secs] [Times: user=0.01 sys=0.00, real=0.00 secs] 
2976.324: [GC (Allocation Failure) [PSYoungGen: 57341K->1549K(57856K)] 393313K->337521K(634368K), 0.0017375 secs] [Times: user=0.01 sys=0.00, real=0.01 secs] 
2977.138: [GC (Allocation Failure) [PSYoungGen: 57357K->1504K(57856K)] 393329K->337492K(634368K), 0.0023743 secs] [Times: user=0.00 sys=0.00, real=0.00 secs] 
2978.130: [GC (Allocation Failure) [PSYoungGen: 57312K->1392K(57856K)] 393300K->337380K(634368K), 0.0028602 secs] [Times: user=0.01 sys=0.00, real=0.00 secs] 
2978.975: [GC (Allocation Failure) [PSYoungGen: 57200K->1376K(57856K)] 393188K->337364K(634368K), 0.0028604 secs] [Times: user=0.01 sys=0.00, real=0.00 secs] 
2979.300: [GC (Allocation Failure) [PSYoungGen: 57184K->1376K(57856K)] 393172K->337364K(634368K), 0.0019074 secs] [Times: user=0.00 sys=0.00, real=0.00 secs] 
2979.532: [GC (Allocation Failure) [PSYoungGen: 57184K->1344K(57856K)] 393172K->337332K(634368K), 0.0019139 secs] [Times: user=0.00 sys=0.00, real=0.00 secs] 
2979.840: [GC (Allocation Failure) [PSYoungGen: 57152K->1501K(57856K)] 393140K->337489K(634368K), 0.0016177 secs] [Times: user=0.00 sys=0.00, real=0.00 secs] 
2980.223: [GC (Allocation Failure) [PSYoungGen: 57309K->1533K(57856K)] 393297K->337529K(634368K), 0.0018107 secs] [Times: user=0.01 sys=0.00, real=0.00 secs] 
2980.548: [GC (Allocation Failure) [PSYoungGen: 57341K->1565K(57856K)] 393337K->337561K(634368K), 0.0017038 secs] [Times: user=0.01 sys=0.00, real=0.00 secs] 
2980.872: [GC (Allocation Failure) [PSYoungGen: 57373K->1629K(57856K)] 393369K->337625K(634368K), 0.0017947 secs] [Times: user=0.00 sys=0.00, real=0.00 secs] 
2981.299: [GC (Allocation Failure) [PSYoungGen: 57437K->1776K(57856K)] 393433K->337772K(634368K), 0.0018285 secs] [Times: user=0.00 sys=0.00, real=0.00 secs] 
2981.790: [GC (Allocation Failure) [PSYoungGen: 57584K->1408K(57856K)] 393580K->337404K(634368K), 0.0027507 secs] [Times: user=0.01 sys=0.00, real=0.00 secs] 
2982.269: [GC (Allocation Failure) [PSYoungGen: 57216K->1360K(57856K)] 393212K->337356K(634368K), 0.0025518 secs] [Times: user=0.01 sys=0.00, real=0.00 secs] 
2982.543: [GC (Allocation Failure) [PSYoungGen: 57168K->1376K(57856K)] 393164K->337372K(634368K), 0.0020135 secs] [Times: user=0.01 sys=0.00, real=0.01 secs] 
2982.777: [GC (Allocation Failure) [PSYoungGen: 57184K->1376K(57856K)] 393180K->337372K(634368K), 0.0020025 secs] [Times: user=0.01 sys=0.00, real=0.00 secs] 
2983.097: [GC (Allocation Failure) [PSYoungGen: 57184K->1472K(57856K)] 393180K->337468K(634368K), 0.0019048 secs] [Times: user=0.01 sys=0.00, real=0.00 secs] 
2983.501: [GC (Allocation Failure) [PSYoungGen: 57280K->1533K(57856K)] 393276K->337545K(634368K), 0.0017788 secs] [Times: user=0.01 sys=0.00, real=0.00 secs] 
2983.825: [GC (Allocation Failure) [PSYoungGen: 57341K->1565K(57856K)] 393353K->337577K(634368K), 0.0017583 secs] [Times: user=0.01 sys=0.00, real=0.01 secs] 
2984.149: [GC (Allocation Failure) [PSYoungGen: 57373K->1565K(57856K)] 393385K->337577K(634368K), 0.0017917 secs] [Times: user=0.00 sys=0.00, real=0.00 secs] 
2984.535: [GC (Allocation Failure) [PSYoungGen: 57365K->1533K(57856K)] 393378K->337545K(634368K), 0.0016492 secs] [Times: user=0.00 sys=0.00, real=0.00 secs] 
2984.985: [GC (Allocation Failure) [PSYoungGen: 57341K->1440K(57856K)] 393353K->337452K(634368K), 0.0035646 secs] [Times: user=0.01 sys=0.00, real=0.00 secs] 
2985.467: [GC (Allocation Failure) [PSYoungGen: 57248K->1376K(57856K)] 393260K->337388K(634368K), 0.0032722 secs] [Times: user=0.01 sys=0.00, real=0.00 secs] 
2985.969: [GC (Allocation Failure) [PSYoungGen: 57184K->1376K(57856K)] 393196K->337388K(634368K), 0.0035103 secs] [Times: user=0.02 sys=0.00, real=0.00 secs] 
2986.416: [GC (Allocation Failure) [PSYoungGen: 57184K->1376K(57856K)] 393196K->337396K(634368K), 0.0032994 secs] [Times: user=0.01 sys=0.00, real=0.00 secs] 
2986.863: [GC (Allocation Failure) [PSYoungGen: 57184K->1408K(57856K)] 393204K->337428K(634368K), 0.0032691 secs] [Times: user=0.01 sys=0.00, real=0.01 secs] 
2987.372: [GC (Allocation Failure) [PSYoungGen: 57216K->1501K(57856K)] 393236K->337537K(634368K), 0.0016554 secs] [Times: user=0.01 sys=0.00, real=0.00 secs] 
2987.695: [GC (Allocation Failure) [PSYoungGen: 57309K->1565K(57856K)] 393345K->337601K(634368K), 0.0017006 secs] [Times: user=0.01 sys=0.00, real=0.00 secs] 
2988.018: [GC (Allocation Failure) [PSYoungGen: 57373K->1597K(57856K)] 393409K->337633K(634368K), 0.0016927 secs] [Times: user=0.01 sys=0.00, real=0.00 secs] 
2988.342: [GC (Allocation Failure) [PSYoungGen: 57405K->1549K(57856K)] 393441K->337585K(634368K), 0.0017216 secs] [Times: user=0.00 sys=0.00, real=0.00 secs] 
2988.855: [GC (Allocation Failure) [PSYoungGen: 57357K->1472K(57856K)] 393393K->337508K(634368K), 0.0022096 secs] [Times: user=0.01 sys=0.00, real=0.00 secs] 
2989.087: [GC (Allocation Failure) [PSYoungGen: 57280K->1376K(57856K)] 393316K->337412K(634368K), 0.0019657 secs] [Times: user=0.01 sys=0.00, real=0.00 secs] 
2989.319: [GC (Allocation Failure) [PSYoungGen: 57184K->1360K(57856K)] 393220K->337396K(634368K), 0.0020117 secs] [Times: user=0.00 sys=0.00, real=0.00 secs] 
2989.551: [GC (Allocation Failure) [PSYoungGen: 57168K->1440K(57856K)] 393204K->337476K(634368K), 0.0018217 secs] [Times: user=0.01 sys=0.00, real=0.00 secs] 
2989.783: [GC (Allocation Failure) [PSYoungGen: 57248K->1424K(57856K)] 393284K->337460K(634368K), 0.0018533 secs] [Times: user=0.00 sys=0.00, real=0.01 secs] 
2990.105: [GC (Allocation Failure) [PSYoungGen: 57232K->1469K(57856K)] 393268K->337505K(634368K), 0.0019726 secs] [Times: user=0.01 sys=0.00, real=0.00 secs] 
2990.556: [GC (Allocation Failure) [PSYoungGen: 57277K->1552K(57856K)] 393313K->337604K(634368K), 0.0017847 secs] [Times: user=0.01 sys=0.00, real=0.00 secs] 
2990.881: [GC (Allocation Failure) [PSYoungGen: 57360K->1533K(57856K)] 393412K->337585K(634368K), 0.0018294 secs] [Times: user=0.00 sys=0.00, real=0.00 secs] 
2991.205: [GC (Allocation Failure) [PSYoungGen: 57341K->1565K(57856K)] 393393K->337617K(634368K), 0.0015902 secs] [Times: user=0.01 sys=0.00, real=0.00 secs] 
2991.532: [GC (Allocation Failure) [PSYoungGen: 57373K->1533K(57856K)] 393425K->337585K(634368K), 0.0016331 secs] [Times: user=0.01 sys=0.00, real=0.00 secs] 
2991.893: [GC (Allocation Failure) [PSYoungGen: 57341K->1376K(57856K)] 393393K->337428K(634368K), 0.0035892 secs] [Times: user=0.01 sys=0.00, real=0.01 secs] 
2992.348: [GC (Allocation Failure) [PSYoungGen: 57184K->1376K(57856K)] 393236K->337428K(634368K), 0.0026713 secs] [Times: user=0.01 sys=0.00, real=0.00 secs] 
2992.840: [GC (Allocation Failure) [PSYoungGen: 57184K->1408K(57856K)] 393236K->337460K(634368K), 0.0025205 secs] [Times: user=0.01 sys=0.00, real=0.00 secs] 
2993.461: [GC (Allocation Failure) [PSYoungGen: 57216K->1408K(57856K)] 393268K->337460K(634368K), 0.0028675 secs] [Times: user=0.01 sys=0.00, real=0.00 secs] 
2994.153: [GC (Allocation Failure) [PSYoungGen: 57216K->1408K(57856K)] 393268K->337460K(634368K), 0.0027706 secs] [Times: user=0.02 sys=0.00, real=0.01 secs] 
2994.631: [GC (Allocation Failure) [PSYoungGen: 57216K->1501K(57856K)] 393268K->337561K(634368K), 0.0016503 secs] [Times: user=0.00 sys=0.00, real=0.00 secs] 
2994.953: [GC (Allocation Failure) [PSYoungGen: 57309K->1504K(57856K)] 393369K->337564K(634368K), 0.0017188 secs] [Times: user=0.01 sys=0.00, real=0.01 secs] 
2995.280: [GC (Allocation Failure) [PSYoungGen: 57312K->1581K(57856K)] 393372K->337641K(634368K), 0.0017090 secs] [Times: user=0.01 sys=0.00, real=0.00 secs] 
2995.606: [GC (Allocation Failure) [PSYoungGen: 57389K->1533K(57856K)] 393449K->337593K(634368K), 0.0017455 secs] [Times: user=0.00 sys=0.00, real=0.00 secs] 
2996.109: [GC (Allocation Failure) [PSYoungGen: 57341K->1504K(57856K)] 393401K->337564K(634368K), 0.0016582 secs] [Times: user=0.01 sys=0.00, real=0.00 secs] 
2996.750: [GC (Allocation Failure) [PSYoungGen: 57312K->1408K(57856K)] 393372K->337468K(634368K), 0.0029083 secs] [Times: user=0.02 sys=0.00, real=0.00 secs] 
2997.317: [GC (Allocation Failure) [PSYoungGen: 57216K->1376K(57856K)] 393276K->337460K(634368K), 0.0032412 secs] [Times: user=0.01 sys=0.00, real=0.00 secs] 
2998.064: [GC (Allocation Failure) [PSYoungGen: 57184K->1392K(57856K)] 393268K->337476K(634368K), 0.0032616 secs] [Times: user=0.01 sys=0.00, real=0.01 secs] 
2998.795: [GC (Allocation Failure) [PSYoungGen: 57200K->1344K(57856K)] 393284K->337428K(634368K), 0.0039561 secs] [Times: user=0.01 sys=0.00, real=0.01 secs] 
2999.450: [GC (Allocation Failure) [PSYoungGen: 57152K->1469K(57856K)] 393236K->337553K(634368K), 0.0016279 secs] [Times: user=0.01 sys=0.00, real=0.00 secs] 
2999.776: [GC (Allocation Failure) [PSYoungGen: 57277K->1565K(57856K)] 393361K->337665K(634368K), 0.0016825 secs] [Times: user=0.00 sys=0.00, real=0.00 secs] 
3000.101: [GC (Allocation Failure) [PSYoungGen: 57373K->1549K(57856K)] 393473K->337649K(634368K), 0.0017345 secs] [Times: user=0.01 sys=0.00, real=0.00 secs] 
3000.433: [GC (Allocation Failure) [PSYoungGen: 57357K->1533K(57856K)] 393457K->337633K(634368K), 0.0016800 secs] [Times: user=0.01 sys=0.00, real=0.01 secs] 
3000.769: [GC (Allocation Failure) [PSYoungGen: 57341K->1680K(57856K)] 393441K->337780K(634368K), 0.0017457 secs] [Times: user=0.00 sys=0.00, real=0.00 secs] 
3001.006: [GC (Allocation Failure) [PSYoungGen: 57488K->1344K(57856K)] 393588K->337444K(634368K), 0.0015781 secs] [Times: user=0.01 sys=0.00, real=0.00 secs] 
3001.237: [GC (Allocation Failure) [PSYoungGen: 57152K->1344K(57856K)] 393252K->337452K(634368K), 0.0016417 secs] [Times: user=0.01 sys=0.00, real=0.00 secs] 
3001.538: [GC (Allocation Failure) [PSYoungGen: 57152K->1440K(57856K)] 393260K->337548K(634368K), 0.0017208 secs] [Times: user=0.00 sys=0.00, real=0.00 secs] 
3001.770: [GC (Allocation Failure) [PSYoungGen: 57248K->1344K(57856K)] 393356K->337452K(634368K), 0.0017383 secs] [Times: user=0.00 sys=0.00, real=0.00 secs] 
3002.030: [GC (Allocation Failure) [PSYoungGen: 57152K->1501K(57856K)] 393260K->337609K(634368K), 0.0019620 secs] [Times: user=0.01 sys=0.00, real=0.00 secs] 
3002.364: [GC (Allocation Failure) [PSYoungGen: 57309K->1565K(57856K)] 393417K->337681K(634368K), 0.0016493 secs] [Times: user=0.00 sys=0.00, real=0.01 secs] 
3002.751: [GC (Allocation Failure) [PSYoungGen: 57350K->1552K(57856K)] 393466K->337668K(634368K), 0.0017831 secs] [Times: user=0.00 sys=0.00, real=0.00 secs] 
3003.073: [GC (Allocation Failure) [PSYoungGen: 57360K->1597K(57856K)] 393476K->337713K(634368K), 0.0018024 secs] [Times: user=0.01 sys=0.00, real=0.00 secs] 
3003.397: [GC (Allocation Failure) [PSYoungGen: 57405K->1581K(57856K)] 393521K->337697K(634368K), 0.0018057 secs] [Times: user=0.00 sys=0.00, real=0.00 secs] 
3003.680: [GC (Allocation Failure) [PSYoungGen: 57389K->1424K(57856K)] 393505K->337540K(634368K), 0.0023358 secs] [Times: user=0.01 sys=0.00, real=0.00 secs] 
3003.928: [GC (Allocation Failure) [PSYoungGen: 57232K->1408K(57856K)] 393348K->337524K(634368K), 0.0019281 secs] [Times: user=0.01 sys=0.00, real=0.00 secs] 
3004.160: [GC (Allocation Failure) [PSYoungGen: 57216K->1440K(57856K)] 393332K->337556K(634368K), 0.0017362 secs] [Times: user=0.00 sys=0.00, real=0.00 secs] 
3004.392: [GC (Allocation Failure) [PSYoungGen: 57248K->1376K(57856K)] 393364K->337492K(634368K), 0.0018513 secs] [Times: user=0.00 sys=0.00, real=0.00 secs] 
3004.623: [GC (Allocation Failure) [PSYoungGen: 57184K->1408K(57856K)] 393300K->337524K(634368K), 0.0018641 secs] [Times: user=0.01 sys=0.00, real=0.01 secs] 
3004.947: [GC (Allocation Failure) [PSYoungGen: 57216K->1565K(57856K)] 393332K->337713K(634368K), 0.0016802 secs] [Times: user=0.01 sys=0.00, real=0.00 secs] 
3005.270: [GC (Allocation Failure) [PSYoungGen: 57373K->1536K(57856K)] 393521K->337684K(634368K), 0.0017184 secs] [Times: user=0.00 sys=0.00, real=0.00 secs] 
3005.595: [GC (Allocation Failure) [PSYoungGen: 57344K->1597K(57856K)] 393492K->337745K(634368K), 0.0016607 secs] [Times: user=0.00 sys=0.00, real=0.01 secs] 
3005.979: [GC (Allocation Failure) [PSYoungGen: 57403K->1565K(57856K)] 393551K->337713K(634368K), 0.0017822 secs] [Times: user=0.00 sys=0.00, real=0.00 secs] 
3006.428: [GC (Allocation Failure) [PSYoungGen: 57373K->1504K(57856K)] 393521K->337652K(634368K), 0.0022652 secs] [Times: user=0.01 sys=0.00, real=0.00 secs] 
3006.687: [GC (Allocation Failure) [PSYoungGen: 57312K->1376K(57856K)] 393460K->337524K(634368K), 0.0019528 secs] [Times: user=0.01 sys=0.00, real=0.00 secs] 
3006.919: [GC (Allocation Failure) [PSYoungGen: 57184K->1376K(57856K)] 393332K->337524K(634368K), 0.0017015 secs] [Times: user=0.01 sys=0.00, real=0.00 secs] 
3007.151: [GC (Allocation Failure) [PSYoungGen: 57184K->1376K(57856K)] 393332K->337524K(634368K), 0.0019990 secs] [Times: user=0.01 sys=0.00, real=0.00 secs] 
3007.383: [GC (Allocation Failure) [PSYoungGen: 57184K->1376K(57856K)] 393332K->337524K(634368K), 0.0018415 secs] [Times: user=0.01 sys=0.00, real=0.01 secs] 
3007.666: [GC (Allocation Failure) [PSYoungGen: 57184K->1469K(57856K)] 393332K->337617K(634368K), 0.0016647 secs] [Times: user=0.01 sys=0.00, real=0.00 secs] 
3007.988: [GC (Allocation Failure) [PSYoungGen: 57277K->1565K(57856K)] 393425K->337721K(634368K), 0.0016938 secs] [Times: user=0.00 sys=0.00, real=0.00 secs] 
3008.311: [GC (Allocation Failure) [PSYoungGen: 57373K->1565K(57856K)] 393529K->337721K(634368K), 0.0017292 secs] [Times: user=0.01 sys=0.01, real=0.00 secs] 
3008.637: [GC (Allocation Failure) [PSYoungGen: 57373K->1536K(57856K)] 393529K->337692K(634368K), 0.0017121 secs] [Times: user=0.00 sys=0.00, real=0.00 secs] 
3008.964: [GC (Allocation Failure) [PSYoungGen: 57344K->1565K(57856K)] 393500K->337721K(634368K), 0.0017417 secs] [Times: user=0.00 sys=0.00, real=0.01 secs] 
3010.216: [GC (Allocation Failure) [PSYoungGen: 57373K->1408K(57856K)] 393529K->337564K(634368K), 0.0035119 secs] [Times: user=0.02 sys=0.00, real=0.00 secs] 
3011.227: [GC (Allocation Failure) [PSYoungGen: 57216K->1392K(57856K)] 393372K->337548K(634368K), 0.0040368 secs] [Times: user=0.01 sys=0.00, real=0.00 secs] 
3011.961: [GC (Allocation Failure) [PSYoungGen: 57200K->1376K(57856K)] 393356K->337532K(634368K), 0.0032829 secs] [Times: user=0.01 sys=0.00, real=0.00 secs] 
3012.444: [GC (Allocation Failure) [PSYoungGen: 57184K->1408K(57856K)] 393340K->337564K(634368K), 0.0032340 secs] [Times: user=0.01 sys=0.00, real=0.01 secs] 
3012.803: [GC (Allocation Failure) [PSYoungGen: 57216K->1376K(57856K)] 393372K->337532K(634368K), 0.0022333 secs] [Times: user=0.01 sys=0.00, real=0.01 secs] 
3013.130: [GC (Allocation Failure) [PSYoungGen: 57184K->1501K(57856K)] 393340K->337665K(634368K), 0.0017079 secs] [Times: user=0.01 sys=0.00, real=0.00 secs] 
3013.453: [GC (Allocation Failure) [PSYoungGen: 57309K->1549K(57856K)] 393473K->337713K(634368K), 0.0017259 secs] [Times: user=0.01 sys=0.00, real=0.01 secs] 
3013.834: [GC (Allocation Failure) [PSYoungGen: 57357K->1613K(57856K)] 393521K->337777K(634368K), 0.0017836 secs] [Times: user=0.00 sys=0.00, real=0.01 secs] 
3014.158: [GC (Allocation Failure) [PSYoungGen: 57421K->1549K(57856K)] 393585K->337713K(634368K), 0.0017900 secs] [Times: user=0.01 sys=0.00, real=0.00 secs] 
3015.187: [GC (Allocation Failure) [PSYoungGen: 57357K->1424K(57856K)] 393521K->337588K(634368K), 0.0042043 secs] [Times: user=0.02 sys=0.00, real=0.00 secs] 
3016.044: [GC (Allocation Failure) [PSYoungGen: 57232K->1440K(57856K)] 393396K->337604K(634368K), 0.0031248 secs] [Times: user=0.02 sys=0.00, real=0.01 secs] 
3016.505: [GC (Allocation Failure) [PSYoungGen: 57248K->1408K(57856K)] 393412K->337580K(634368K), 0.0026409 secs] [Times: user=0.01 sys=0.00, real=0.00 secs] 
3016.939: [GC (Allocation Failure) [PSYoungGen: 57216K->1376K(57856K)] 393388K->337548K(634368K), 0.0027278 secs] [Times: user=0.01 sys=0.00, real=0.00 secs] 
3017.275: [GC (Allocation Failure) [PSYoungGen: 57184K->1408K(57856K)] 393356K->337580K(634368K), 0.0020405 secs] [Times: user=0.01 sys=0.00, real=0.00 secs] 
3017.638: [GC (Allocation Failure) [PSYoungGen: 57216K->1520K(57856K)] 393388K->337692K(634368K), 0.0016234 secs] [Times: user=0.00 sys=0.00, real=0.00 secs] 
3017.960: [GC (Allocation Failure) [PSYoungGen: 57328K->1565K(57856K)] 393500K->337745K(634368K), 0.0016776 secs] [Times: user=0.01 sys=0.00, real=0.00 secs] 
3018.284: [GC (Allocation Failure) [PSYoungGen: 57373K->1533K(57856K)] 393553K->337745K(634368K), 0.0016901 secs] [Times: user=0.00 sys=0.01, real=0.01 secs] 
3018.609: [GC (Allocation Failure) [PSYoungGen: 57341K->1565K(57856K)] 393553K->337777K(634368K), 0.0017102 secs] [Times: user=0.01 sys=0.00, real=0.00 secs] 
3019.072: [GC (Allocation Failure) [PSYoungGen: 57373K->1760K(57856K)] 393585K->337972K(634368K), 0.0018224 secs] [Times: user=0.01 sys=0.00, real=0.00 secs] 
3019.656: [GC (Allocation Failure) [PSYoungGen: 57568K->1344K(57856K)] 393780K->337556K(634368K), 0.0020182 secs] [Times: user=0.01 sys=0.00, real=0.00 secs] 
3019.888: [GC (Allocation Failure) [PSYoungGen: 57152K->1440K(57856K)] 393364K->337652K(634368K), 0.0018230 secs] [Times: user=0.01 sys=0.00, real=0.00 secs] 
3020.158: [GC (Allocation Failure) [PSYoungGen: 57248K->1376K(57856K)] 393460K->337588K(634368K), 0.0021015 secs] [Times: user=0.01 sys=0.00, real=0.00 secs] 
3020.390: [GC (Allocation Failure) [PSYoungGen: 57184K->1392K(57856K)] 393396K->337604K(634368K), 0.0020037 secs] [Times: user=0.01 sys=0.00, real=0.00 secs] 
3020.646: [GC (Allocation Failure) [PSYoungGen: 57200K->1488K(57856K)] 393412K->337708K(634368K), 0.0017773 secs] [Times: user=0.01 sys=0.00, real=0.00 secs] 
3020.998: [GC (Allocation Failure) [PSYoungGen: 57296K->1533K(57856K)] 393516K->337761K(634368K), 0.0016973 secs] [Times: user=0.01 sys=0.00, real=0.00 secs] 
3021.320: [GC (Allocation Failure) [PSYoungGen: 57341K->1565K(57856K)] 393569K->337793K(634368K), 0.0016116 secs] [Times: user=0.01 sys=0.00, real=0.00 secs] 
3021.704: [GC (Allocation Failure) [PSYoungGen: 57373K->1549K(57856K)] 393601K->337777K(634368K), 0.0017994 secs] [Times: user=0.01 sys=0.00, real=0.01 secs] 
3022.026: [GC (Allocation Failure) [PSYoungGen: 57357K->1536K(57856K)] 393585K->337764K(634368K), 0.0017759 secs] [Times: user=0.01 sys=0.00, real=0.00 secs] 
3022.543: [GC (Allocation Failure) [PSYoungGen: 57344K->1408K(57856K)] 393572K->337636K(634368K), 0.0026743 secs] [Times: user=0.01 sys=0.00, real=0.01 secs] 
3022.955: [GC (Allocation Failure) [PSYoungGen: 57216K->1344K(57856K)] 393444K->337572K(634368K), 0.0018780 secs] [Times: user=0.00 sys=0.00, real=0.00 secs] 
3023.330: [GC (Allocation Failure) [PSYoungGen: 57152K->1376K(57856K)] 393380K->337604K(634368K), 0.0020545 secs] [Times: user=0.01 sys=0.00, real=0.00 secs] 
3023.782: [GC (Allocation Failure) [PSYoungGen: 57184K->1392K(57856K)] 393412K->337620K(634368K), 0.0019964 secs] [Times: user=0.01 sys=0.00, real=0.00 secs] 
3024.240: [GC (Allocation Failure) [PSYoungGen: 57200K->1408K(57856K)] 393428K->337636K(634368K), 0.0020919 secs] [Times: user=0.01 sys=0.00, real=0.00 secs] 
3024.689: [GC (Allocation Failure) [PSYoungGen: 57216K->1472K(57856K)] 393444K->337716K(634368K), 0.0016375 secs] [Times: user=0.01 sys=0.00, real=0.00 secs] 
3025.016: [GC (Allocation Failure) [PSYoungGen: 57280K->1517K(57856K)] 393524K->337761K(634368K), 0.0016374 secs] [Times: user=0.01 sys=0.00, real=0.00 secs] 
3025.338: [GC (Allocation Failure) [PSYoungGen: 57325K->1565K(57856K)] 393569K->337809K(634368K), 0.0016917 secs] [Times: user=0.01 sys=0.00, real=0.00 secs] 
3025.720: [GC (Allocation Failure) [PSYoungGen: 57373K->1565K(57856K)] 393617K->337809K(634368K), 0.0017920 secs] [Times: user=0.01 sys=0.00, real=0.00 secs] 
3026.120: [GC (Allocation Failure) [PSYoungGen: 57373K->1488K(57856K)] 393617K->337732K(634368K), 0.0021676 secs] [Times: user=0.00 sys=0.00, real=0.00 secs] 
3026.513: [GC (Allocation Failure) [PSYoungGen: 57296K->1376K(57856K)] 393540K->337652K(634368K), 0.0020432 secs] [Times: user=0.01 sys=0.00, real=0.01 secs] 
3026.745: [GC (Allocation Failure) [PSYoungGen: 57184K->1344K(57856K)] 393460K->337620K(634368K), 0.0019674 secs] [Times: user=0.00 sys=0.00, real=0.00 secs] 
3026.992: [GC (Allocation Failure) [PSYoungGen: 57152K->1376K(57856K)] 393428K->337652K(634368K), 0.0018936 secs] [Times: user=0.00 sys=0.00, real=0.00 secs] 
3027.224: [GC (Allocation Failure) [PSYoungGen: 57184K->1344K(57856K)] 393460K->337620K(634368K), 0.0031963 secs] [Times: user=0.01 sys=0.00, real=0.01 secs] 
3027.580: [GC (Allocation Failure) [PSYoungGen: 57152K->1440K(57856K)] 393428K->337716K(634368K), 0.0021226 secs] [Times: user=0.01 sys=0.00, real=0.00 secs] 
3027.942: [GC (Allocation Failure) [PSYoungGen: 57248K->1517K(57856K)] 393524K->337801K(634368K), 0.0016838 secs] [Times: user=0.01 sys=0.00, real=0.00 secs] 
3028.264: [GC (Allocation Failure) [PSYoungGen: 57325K->1533K(57856K)] 393609K->337817K(634368K), 0.0016908 secs] [Times: user=0.00 sys=0.00, real=0.01 secs] 
3028.582: [GC (Allocation Failure) [PSYoungGen: 57341K->1533K(57856K)] 393625K->337817K(634368K), 0.0016510 secs] [Times: user=0.01 sys=0.00, real=0.00 secs] 
3028.908: [GC (Allocation Failure) [PSYoungGen: 57341K->1565K(57856K)] 393625K->337849K(634368K), 0.0017633 secs] [Times: user=0.01 sys=0.00, real=0.00 secs] 
3029.215: [GC (Allocation Failure) [PSYoungGen: 57373K->1408K(57856K)] 393657K->337692K(634368K), 0.0020065 secs] [Times: user=0.01 sys=0.00, real=0.01 secs] 
3029.548: [GC (Allocation Failure) [PSYoungGen: 57216K->1376K(57856K)] 393500K->337660K(634368K), 0.0019451 secs] [Times: user=0.01 sys=0.00, real=0.00 secs] 
3029.821: [GC (Allocation Failure) [PSYoungGen: 57184K->1376K(57856K)] 393468K->337660K(634368K), 0.0020088 secs] [Times: user=0.01 sys=0.00, real=0.00 secs] 
3030.058: [GC (Allocation Failure) [PSYoungGen: 57184K->1312K(57856K)] 393468K->337596K(634368K), 0.0020020 secs] [Times: user=0.01 sys=0.00, real=0.00 secs] 
3030.327: [GC (Allocation Failure) [PSYoungGen: 57120K->1360K(57856K)] 393404K->337644K(634368K), 0.0018995 secs] [Times: user=0.01 sys=0.00, real=0.00 secs] 
3030.703: [GC (Allocation Failure) [PSYoungGen: 57168K->1501K(57856K)] 393452K->337793K(634368K), 0.0016902 secs] [Times: user=0.01 sys=0.00, real=0.01 secs] 
3031.032: [GC (Allocation Failure) [PSYoungGen: 57309K->1517K(57856K)] 393601K->337809K(634368K), 0.0017201 secs] [Times: user=0.01 sys=0.00, real=0.00 secs] 
3031.359: [GC (Allocation Failure) [PSYoungGen: 57325K->1597K(57856K)] 393617K->337889K(634368K), 0.0017028 secs] [Times: user=0.01 sys=0.00, real=0.00 secs] 
3031.685: [GC (Allocation Failure) [PSYoungGen: 57405K->1533K(57856K)] 393697K->337825K(634368K), 0.0017256 secs] [Times: user=0.01 sys=0.00, real=0.00 secs] 
3032.922: [GC (Allocation Failure) [PSYoungGen: 57341K->1488K(57856K)] 393633K->337780K(634368K), 0.0035173 secs] [Times: user=0.01 sys=0.00, real=0.01 secs] 
3033.580: [GC (Allocation Failure) [PSYoungGen: 57296K->1376K(57856K)] 393588K->337668K(634368K), 0.0028744 secs] [Times: user=0.00 sys=0.00, real=0.00 secs] 
3034.015: [GC (Allocation Failure) [PSYoungGen: 57184K->1328K(57856K)] 393476K->337620K(634368K), 0.0028116 secs] [Times: user=0.01 sys=0.01, real=0.00 secs] 
3034.491: [GC (Allocation Failure) [PSYoungGen: 57136K->1485K(57856K)] 393428K->337777K(634368K), 0.0020151 secs] [Times: user=0.01 sys=0.00, real=0.00 secs] 
3034.751: [GC (Allocation Failure) [PSYoungGen: 57293K->1549K(57856K)] 393585K->337841K(634368K), 0.0016896 secs] [Times: user=0.00 sys=0.00, real=0.00 secs] 
3034.978: [GC (Allocation Failure) [PSYoungGen: 57357K->1549K(57856K)] 393649K->337841K(634368K), 0.0017271 secs] [Times: user=0.00 sys=0.00, real=0.00 secs] 
3035.202: [GC (Allocation Failure) [PSYoungGen: 57357K->1504K(57856K)] 393649K->337812K(634368K), 0.0017026 secs] [Times: user=0.01 sys=0.00, real=0.00 secs] 
3035.427: [GC (Allocation Failure) [PSYoungGen: 57312K->1597K(57856K)] 393620K->337905K(634368K), 0.0016809 secs] [Times: user=0.01 sys=0.00, real=0.00 secs] 
3035.691: [GC (Allocation Failure) [PSYoungGen: 57405K->1408K(57856K)] 393713K->337716K(634368K), 0.0017882 secs] [Times: user=0.00 sys=0.00, real=0.00 secs] 
3035.923: [GC (Allocation Failure) [PSYoungGen: 57216K->1376K(57856K)] 393524K->337684K(634368K), 0.0016841 secs] [Times: user=0.01 sys=0.00, real=0.00 secs] 
3036.154: [GC (Allocation Failure) [PSYoungGen: 57184K->1392K(57856K)] 393492K->337700K(634368K), 0.0017783 secs] [Times: user=0.01 sys=0.00, real=0.01 secs] 
3036.389: [GC (Allocation Failure) [PSYoungGen: 57200K->1328K(57856K)] 393508K->337652K(634368K), 0.0026484 secs] [Times: user=0.01 sys=0.00, real=0.00 secs] 
3036.620: [GC (Allocation Failure) [PSYoungGen: 57136K->1344K(57856K)] 393460K->337668K(634368K), 0.0027026 secs] [Times: user=0.01 sys=0.00, real=0.00 secs] 
3036.958: [GC (Allocation Failure) [PSYoungGen: 57152K->1501K(57856K)] 393476K->337825K(634368K), 0.0016434 secs] [Times: user=0.00 sys=0.00, real=0.00 secs] 
3037.280: [GC (Allocation Failure) [PSYoungGen: 57309K->1549K(57856K)] 393633K->337873K(634368K), 0.0017563 secs] [Times: user=0.01 sys=0.00, real=0.00 secs] 
3037.606: [GC (Allocation Failure) [PSYoungGen: 57357K->1581K(57856K)] 393681K->337921K(634368K), 0.0016654 secs] [Times: user=0.00 sys=0.00, real=0.00 secs] 
3037.992: [GC (Allocation Failure) [PSYoungGen: 57389K->1565K(57856K)] 393729K->337905K(634368K), 0.0017999 secs] [Times: user=0.01 sys=0.00, real=0.00 secs] 
3038.408: [GC (Allocation Failure) [PSYoungGen: 57373K->1456K(57856K)] 393713K->337796K(634368K), 0.0022023 secs] [Times: user=0.01 sys=0.00, real=0.00 secs] 
3038.861: [GC (Allocation Failure) [PSYoungGen: 57264K->1344K(57856K)] 393604K->337684K(634368K), 0.0018814 secs] [Times: user=0.01 sys=0.00, real=0.00 secs] 
3039.332: [GC (Allocation Failure) [PSYoungGen: 57152K->1344K(57856K)] 393492K->337684K(634368K), 0.0037362 secs] [Times: user=0.02 sys=0.00, real=0.01 secs] 
3039.605: [GC (Allocation Failure) [PSYoungGen: 57152K->1328K(57856K)] 393492K->337668K(634368K), 0.0020844 secs] [Times: user=0.01 sys=0.01, real=0.00 secs] 
3039.837: [GC (Allocation Failure) [PSYoungGen: 57136K->1344K(57856K)] 393476K->337684K(634368K), 0.0022225 secs] [Times: user=0.01 sys=0.00, real=0.00 secs] 
3040.263: [GC (Allocation Failure) [PSYoungGen: 57152K->1469K(57856K)] 393492K->337809K(634368K), 0.0016543 secs] [Times: user=0.01 sys=0.00, real=0.01 secs] 
3040.585: [GC (GCLocker Initiated GC) [PSYoungGen: 57277K->1549K(57856K)] 393617K->337905K(634368K), 0.0017653 secs] [Times: user=0.01 sys=0.00, real=0.00 secs] 
3040.979: [GC (Allocation Failure) [PSYoungGen: 57357K->1469K(57856K)] 394962K->339074K(634368K), 0.0018193 secs] [Times: user=0.01 sys=0.00, real=0.00 secs] 
3041.370: [GC (Allocation Failure) [PSYoungGen: 57277K->1533K(57856K)] 394882K->339138K(634368K), 0.0016339 secs] [Times: user=0.01 sys=0.00, real=0.00 secs] 
3041.693: [GC (Allocation Failure) [PSYoungGen: 57341K->1536K(57856K)] 394946K->339141K(634368K), 0.0018169 secs] [Times: user=0.01 sys=0.00, real=0.01 secs] 
3042.062: [GC (Allocation Failure) [PSYoungGen: 57344K->1472K(57856K)] 394949K->339077K(634368K), 0.0026671 secs] [Times: user=0.01 sys=0.01, real=0.01 secs] 
3042.302: [GC (Allocation Failure) [PSYoungGen: 57280K->1440K(57856K)] 394885K->339045K(634368K), 0.0021079 secs] [Times: user=0.00 sys=0.00, real=0.00 secs] 
3042.546: [GC (Allocation Failure) [PSYoungGen: 57248K->1440K(57856K)] 394853K->339045K(634368K), 0.0019816 secs] [Times: user=0.01 sys=0.00, real=0.00 secs] 
3042.828: [GC (Allocation Failure) [PSYoungGen: 57248K->1440K(57856K)] 394853K->339045K(634368K), 0.0020612 secs] [Times: user=0.01 sys=0.00, real=0.00 secs] 
3043.062: [GC (Allocation Failure) [PSYoungGen: 57248K->1408K(57856K)] 394853K->339013K(634368K), 0.0018180 secs] [Times: user=0.01 sys=0.00, real=0.00 secs] 
3043.434: [GC (Allocation Failure) [PSYoungGen: 57216K->1565K(57856K)] 394821K->339194K(634368K), 0.0016928 secs] [Times: user=0.01 sys=0.00, real=0.01 secs] 
3043.757: [GC (Allocation Failure) [PSYoungGen: 57373K->1581K(57856K)] 395002K->339210K(634368K), 0.0017391 secs] [Times: user=0.00 sys=0.00, real=0.00 secs] 
3044.082: [GC (Allocation Failure) [PSYoungGen: 57389K->1597K(57856K)] 395018K->339226K(634368K), 0.0017228 secs] [Times: user=0.01 sys=0.00, real=0.00 secs] 
3044.406: [GC (Allocation Failure) [PSYoungGen: 57373K->1565K(57856K)] 395002K->339194K(634368K), 0.0017330 secs] [Times: user=0.01 sys=0.00, real=0.00 secs] 
3045.269: [GC (Allocation Failure) [PSYoungGen: 57373K->1472K(57856K)] 395002K->339101K(634368K), 0.0028489 secs] [Times: user=0.01 sys=0.00, real=0.00 secs] 
3046.108: [GC (Allocation Failure) [PSYoungGen: 57280K->1392K(57856K)] 394909K->339069K(634368K), 0.0038472 secs] [Times: user=0.02 sys=0.00, real=0.00 secs] 
3046.882: [GC (Allocation Failure) [PSYoungGen: 57200K->1344K(57856K)] 394877K->339029K(634368K), 0.0041130 secs] [Times: user=0.02 sys=0.00, real=0.01 secs] 
3047.233: [GC (Allocation Failure) [PSYoungGen: 57152K->1376K(57856K)] 394837K->339077K(634368K), 0.0020560 secs] [Times: user=0.01 sys=0.00, real=0.01 secs] 
3047.465: [GC (Allocation Failure) [PSYoungGen: 57184K->1408K(57856K)] 394885K->339109K(634368K), 0.0019642 secs] [Times: user=0.01 sys=0.00, real=0.00 secs] 
3047.775: [GC (Allocation Failure) [PSYoungGen: 57216K->1565K(57856K)] 394917K->339266K(634368K), 0.0016581 secs] [Times: user=0.01 sys=0.00, real=0.00 secs] 
3048.097: [GC (Allocation Failure) [PSYoungGen: 57373K->1533K(57856K)] 395074K->339242K(634368K), 0.0017201 secs] [Times: user=0.00 sys=0.01, real=0.00 secs] 
3048.422: [GC (Allocation Failure) [PSYoungGen: 57341K->1533K(57856K)] 395050K->339242K(634368K), 0.0016900 secs] [Times: user=0.01 sys=0.00, real=0.00 secs] 
3048.813: [GC (Allocation Failure) [PSYoungGen: 57323K->1501K(57856K)] 395032K->339210K(634368K), 0.0018019 secs] [Times: user=0.01 sys=0.00, real=0.00 secs] 
3049.304: [GC (Allocation Failure) [PSYoungGen: 57309K->2000K(57856K)] 395018K->339709K(634368K), 0.0021435 secs] [Times: user=0.01 sys=0.00, real=0.01 secs] 
3049.931: [GC (Allocation Failure) [PSYoungGen: 57808K->1360K(57856K)] 395517K->339069K(634368K), 0.0027690 secs] [Times: user=0.01 sys=0.00, real=0.00 secs] 
3050.394: [GC (Allocation Failure) [PSYoungGen: 57168K->1376K(57856K)] 394877K->339085K(634368K), 0.0032688 secs] [Times: user=0.01 sys=0.00, real=0.01 secs] 
3050.766: [GC (Allocation Failure) [PSYoungGen: 57184K->1424K(57856K)] 394893K->339141K(634368K), 0.0023152 secs] [Times: user=0.01 sys=0.00, real=0.00 secs] 
3051.078: [GC (Allocation Failure) [PSYoungGen: 57232K->1408K(57856K)] 394949K->339125K(634368K), 0.0020465 secs] [Times: user=0.00 sys=0.00, real=0.00 secs] 
3051.394: [GC (Allocation Failure) [PSYoungGen: 57216K->1469K(57856K)] 394933K->339186K(634368K), 0.0014571 secs] [Times: user=0.01 sys=0.01, real=0.01 secs] 
3051.726: [GC (Allocation Failure) [PSYoungGen: 57277K->1597K(57856K)] 394994K->339330K(634368K), 0.0016757 secs] [Times: user=0.01 sys=0.00, real=0.00 secs] 
3052.050: [GC (Allocation Failure) [PSYoungGen: 57405K->1565K(57856K)] 395138K->339298K(634368K), 0.0017392 secs] [Times: user=0.01 sys=0.00, real=0.00 secs] 
3052.374: [GC (Allocation Failure) [PSYoungGen: 57373K->1536K(57856K)] 395106K->339269K(634368K), 0.0017002 secs] [Times: user=0.01 sys=0.00, real=0.01 secs] 
3052.699: [GC (Allocation Failure) [PSYoungGen: 57344K->1533K(57856K)] 395077K->339266K(634368K), 0.0016949 secs] [Times: user=0.00 sys=0.00, real=0.00 secs] 
3053.168: [GC (Allocation Failure) [PSYoungGen: 57341K->1456K(57856K)] 395074K->339189K(634368K), 0.0016980 secs] [Times: user=0.01 sys=0.00, real=0.00 secs] 
3053.623: [GC (Allocation Failure) [PSYoungGen: 57264K->1392K(57856K)] 394997K->339125K(634368K), 0.0034348 secs] [Times: user=0.02 sys=0.01, real=0.01 secs] 
3053.969: [GC (Allocation Failure) [PSYoungGen: 57200K->1408K(57856K)] 394933K->339141K(634368K), 0.0020900 secs] [Times: user=0.01 sys=0.00, real=0.00 secs] 
3054.201: [GC (Allocation Failure) [PSYoungGen: 57216K->1408K(57856K)] 394949K->339141K(634368K), 0.0020213 secs] [Times: user=0.01 sys=0.00, real=0.00 secs] 
3054.433: [GC (Allocation Failure) [PSYoungGen: 57216K->1424K(57856K)] 394949K->339157K(634368K), 0.0020753 secs] [Times: user=0.01 sys=0.00, real=0.01 secs] 
3054.763: [GC (Allocation Failure) [PSYoungGen: 57222K->1501K(57856K)] 394955K->339242K(634368K), 0.0016526 secs] [Times: user=0.00 sys=0.00, real=0.01 secs] 
3055.090: [GC (Allocation Failure) [PSYoungGen: 57309K->1565K(57856K)] 395050K->339306K(634368K), 0.0017663 secs] [Times: user=0.00 sys=0.00, real=0.00 secs] 
3055.413: [GC (Allocation Failure) [PSYoungGen: 57373K->1504K(57856K)] 395114K->339245K(634368K), 0.0016953 secs] [Times: user=0.00 sys=0.00, real=0.01 secs] 
3055.737: [GC (Allocation Failure) [PSYoungGen: 57312K->1565K(57856K)] 395053K->339330K(634368K), 0.0017433 secs] [Times: user=0.01 sys=0.00, real=0.00 secs] 
3056.660: [GC (Allocation Failure) [PSYoungGen: 57373K->1520K(57856K)] 395138K->339285K(634368K), 0.0035971 secs] [Times: user=0.01 sys=0.00, real=0.00 secs] 
3057.739: [GC (Allocation Failure) [PSYoungGen: 57328K->1344K(57856K)] 395093K->339109K(634368K), 0.0038606 secs] [Times: user=0.02 sys=0.00, real=0.00 secs] 
3058.534: [GC (Allocation Failure) [PSYoungGen: 57152K->1408K(57856K)] 394917K->339173K(634368K), 0.0039910 secs] [Times: user=0.02 sys=0.00, real=0.01 secs] 
3059.167: [GC (Allocation Failure) [PSYoungGen: 57216K->1360K(57856K)] 394981K->339125K(634368K), 0.0037973 secs] [Times: user=0.02 sys=0.00, real=0.00 secs] 
3059.683: [GC (Allocation Failure) [PSYoungGen: 57168K->1344K(57856K)] 394933K->339109K(634368K), 0.0028486 secs] [Times: user=0.01 sys=0.00, real=0.01 secs] 
3060.350: [GC (Allocation Failure) [PSYoungGen: 57152K->1453K(57856K)] 394917K->339218K(634368K), 0.0017361 secs] [Times: user=0.01 sys=0.00, real=0.00 secs] 
3060.727: [GC (Allocation Failure) [PSYoungGen: 57261K->1565K(57856K)] 395026K->339346K(634368K), 0.0018055 secs] [Times: user=0.01 sys=0.00, real=0.00 secs] 
3061.112: [GC (Allocation Failure) [PSYoungGen: 57373K->1565K(57856K)] 395154K->339346K(634368K), 0.0017827 secs] [Times: user=0.00 sys=0.00, real=0.00 secs] 
3061.438: [GC (Allocation Failure) [PSYoungGen: 57373K->1584K(57856K)] 395154K->339365K(634368K), 0.0017796 secs] [Times: user=0.01 sys=0.00, real=0.00 secs] 
3061.767: [GC (Allocation Failure) [PSYoungGen: 57365K->1533K(57856K)] 395146K->339314K(634368K), 0.0017612 secs] [Times: user=0.00 sys=0.00, real=0.00 secs] 
3063.218: [GC (Allocation Failure) [PSYoungGen: 57341K->1376K(57856K)] 395122K->339157K(634368K), 0.0031723 secs] [Times: user=0.01 sys=0.00, real=0.00 secs] 
3064.866: [GC (Allocation Failure) [PSYoungGen: 57184K->1392K(57856K)] 394965K->339173K(634368K), 0.0026130 secs] [Times: user=0.02 sys=0.00, real=0.00 secs] 
3065.309: [GC (Allocation Failure) [PSYoungGen: 57200K->1376K(57856K)] 394981K->339157K(634368K), 0.0020554 secs] [Times: user=0.01 sys=0.00, real=0.00 secs] 
3065.952: [GC (Allocation Failure) [PSYoungGen: 57184K->1408K(57856K)] 394965K->339189K(634368K), 0.0025059 secs] [Times: user=0.01 sys=0.00, real=0.00 secs] 
3066.435: [GC (Allocation Failure) [PSYoungGen: 57216K->1376K(57856K)] 394997K->339157K(634368K), 0.0025206 secs] [Times: user=0.01 sys=0.00, real=0.00 secs] 
3066.845: [GC (Allocation Failure) [PSYoungGen: 57184K->1501K(57856K)] 394965K->339298K(634368K), 0.0017059 secs] [Times: user=0.00 sys=0.00, real=0.00 secs] 
3067.169: [GC (Allocation Failure) [PSYoungGen: 57309K->1629K(57856K)] 395106K->339426K(634368K), 0.0017459 secs] [Times: user=0.01 sys=0.00, real=0.00 secs] 
3067.494: [GC (Allocation Failure) [PSYoungGen: 57437K->1613K(57856K)] 395234K->339410K(634368K), 0.0016608 secs] [Times: user=0.00 sys=0.00, real=0.01 secs] 
3067.878: [GC (Allocation Failure) [PSYoungGen: 57421K->1565K(57856K)] 395218K->339362K(634368K), 0.0017328 secs] [Times: user=0.01 sys=0.00, real=0.00 secs] 
3068.343: [GC (Allocation Failure) [PSYoungGen: 57373K->1472K(57856K)] 395170K->339269K(634368K), 0.0021990 secs] [Times: user=0.01 sys=0.01, real=0.01 secs] 
3068.772: [GC (Allocation Failure) [PSYoungGen: 57280K->1408K(57856K)] 395077K->339205K(634368K), 0.0018770 secs] [Times: user=0.01 sys=0.00, real=0.00 secs] 
3069.178: [GC (Allocation Failure) [PSYoungGen: 57216K->1376K(57856K)] 395013K->339189K(634368K), 0.0018522 secs] [Times: user=0.01 sys=0.00, real=0.00 secs] 
3069.612: [GC (Allocation Failure) [PSYoungGen: 57184K->1408K(57856K)] 394997K->339221K(634368K), 0.0020326 secs] [Times: user=0.01 sys=0.00, real=0.00 secs] 
3070.045: [GC (Allocation Failure) [PSYoungGen: 57216K->1376K(57856K)] 395029K->339189K(634368K), 0.0020993 secs] [Times: user=0.01 sys=0.00, real=0.00 secs] 
3070.479: [GC (GCLocker Initiated GC) [PSYoungGen: 57184K->1533K(57856K)] 394997K->339346K(634368K), 0.0017085 secs] [Times: user=0.01 sys=0.00, real=0.00 secs] 
3070.806: [GC (Allocation Failure) [PSYoungGen: 57341K->1472K(57856K)] 395668K->339807K(634368K), 0.0018440 secs] [Times: user=0.00 sys=0.00, real=0.00 secs] 
3071.130: [GC (Allocation Failure) [PSYoungGen: 57280K->1645K(57856K)] 395615K->339980K(634368K), 0.0017057 secs] [Times: user=0.00 sys=0.00, real=0.00 secs] 
3071.452: [GC (Allocation Failure) [PSYoungGen: 57453K->1645K(57856K)] 395788K->339980K(634368K), 0.0017016 secs] [Times: user=0.01 sys=0.00, real=0.00 secs] 
3071.767: [GC (Allocation Failure) [PSYoungGen: 57453K->2016K(57856K)] 395788K->340383K(634368K), 0.0017926 secs] [Times: user=0.01 sys=0.00, real=0.00 secs] 
3072.146: [GC (Allocation Failure) [PSYoungGen: 57824K->1520K(57856K)] 396191K->339887K(634368K), 0.0019114 secs] [Times: user=0.01 sys=0.00, real=0.00 secs] 
3072.505: [GC (Allocation Failure) [PSYoungGen: 57328K->1472K(57856K)] 395695K->339839K(634368K), 0.0018726 secs] [Times: user=0.01 sys=0.00, real=0.00 secs] 
3073.164: [GC (Allocation Failure) [PSYoungGen: 57280K->1472K(57856K)] 395647K->339839K(634368K), 0.0023424 secs] [Times: user=0.00 sys=0.00, real=0.01 secs] 
3073.720: [GC (Allocation Failure) [PSYoungGen: 57280K->1504K(57856K)] 395647K->339871K(634368K), 0.0023279 secs] [Times: user=0.01 sys=0.00, real=0.00 secs] 
3074.349: [GC (Allocation Failure) [PSYoungGen: 57312K->1597K(57856K)] 395679K->339964K(634368K), 0.0023032 secs] [Times: user=0.01 sys=0.00, real=0.00 secs] 
3074.715: [GC (Allocation Failure) [PSYoungGen: 57405K->1709K(57856K)] 395772K->340100K(634368K), 0.0017347 secs] [Times: user=0.00 sys=0.00, real=0.00 secs] 
3075.043: [GC (Allocation Failure) [PSYoungGen: 57517K->1645K(57856K)] 395908K->340036K(634368K), 0.0017185 secs] [Times: user=0.01 sys=0.00, real=0.01 secs] 
3075.368: [GC (Allocation Failure) [PSYoungGen: 57453K->1661K(57856K)] 395844K->340052K(634368K), 0.0017522 secs] [Times: user=0.01 sys=0.00, real=0.00 secs] 
3075.694: [GC (Allocation Failure) [PSYoungGen: 57469K->1664K(57856K)] 395860K->340055K(634368K), 0.0017389 secs] [Times: user=0.00 sys=0.00, real=0.01 secs] 
3076.052: [GC (Allocation Failure) [PSYoungGen: 57472K->1536K(57856K)] 395863K->339927K(634368K), 0.0019753 secs] [Times: user=0.00 sys=0.00, real=0.00 secs] 
3076.303: [GC (Allocation Failure) [PSYoungGen: 57344K->1504K(57856K)] 395735K->339943K(634368K), 0.0020048 secs] [Times: user=0.01 sys=0.00, real=0.01 secs] 
3076.535: [GC (Allocation Failure) [PSYoungGen: 57312K->1472K(57856K)] 395751K->339935K(634368K), 0.0018435 secs] [Times: user=0.01 sys=0.00, real=0.00 secs] 
3076.767: [GC (Allocation Failure) [PSYoungGen: 57280K->1408K(57856K)] 395743K->339951K(634368K), 0.0020023 secs] [Times: user=0.00 sys=0.00, real=0.00 secs] 
3077.097: [GC (Allocation Failure) [PSYoungGen: 57216K->1408K(57856K)] 395759K->339951K(634368K), 0.0019601 secs] [Times: user=0.01 sys=0.00, real=0.00 secs] 
3077.468: [GC (Allocation Failure) [PSYoungGen: 57216K->1536K(57856K)] 395759K->340095K(634368K), 0.0016682 secs] [Times: user=0.01 sys=0.00, real=0.00 secs] 
3077.848: [GC (Allocation Failure) [PSYoungGen: 57344K->1533K(57856K)] 395903K->340092K(634368K), 0.0017081 secs] [Times: user=0.01 sys=0.00, real=0.00 secs] 
3078.231: [GC (Allocation Failure) [PSYoungGen: 57341K->1565K(57856K)] 395900K->340124K(634368K), 0.0017395 secs] [Times: user=0.00 sys=0.00, real=0.00 secs] 
3078.556: [GC (Allocation Failure) [PSYoungGen: 57373K->1533K(57856K)] 395932K->340092K(634368K), 0.0017739 secs] [Times: user=0.01 sys=0.00, real=0.00 secs] 
3078.891: [GC (Allocation Failure) [PSYoungGen: 57341K->1472K(57856K)] 395900K->340031K(634368K), 0.0020614 secs] [Times: user=0.00 sys=0.00, real=0.00 secs] 
3079.124: [GC (Allocation Failure) [PSYoungGen: 57280K->1408K(57856K)] 395839K->339967K(634368K), 0.0022768 secs] [Times: user=0.01 sys=0.00, real=0.01 secs] 
3079.356: [GC (Allocation Failure) [PSYoungGen: 57216K->1344K(57856K)] 395775K->339903K(634368K), 0.0019355 secs] [Times: user=0.01 sys=0.00, real=0.00 secs] 
3079.618: [GC (Allocation Failure) [PSYoungGen: 57152K->1408K(57856K)] 395711K->339967K(634368K), 0.0018977 secs] [Times: user=0.01 sys=0.00, real=0.00 secs] 
3079.859: [GC (Allocation Failure) [PSYoungGen: 57216K->1408K(57856K)] 395775K->339967K(634368K), 0.0018550 secs] [Times: user=0.00 sys=0.00, real=0.00 secs] 
3080.283: [GC (Allocation Failure) [PSYoungGen: 57216K->1549K(57856K)] 395775K->340108K(634368K), 0.0016328 secs] [Times: user=0.01 sys=0.00, real=0.01 secs] 
3080.672: [GC (Allocation Failure) [PSYoungGen: 57357K->1533K(57856K)] 395916K->340100K(634368K), 0.0017969 secs] [Times: user=0.01 sys=0.00, real=0.00 secs] 
3080.995: [GC (Allocation Failure) [PSYoungGen: 57341K->1565K(57856K)] 395908K->340132K(634368K), 0.0017948 secs] [Times: user=0.00 sys=0.00, real=0.00 secs] 
3081.374: [GC (Allocation Failure) [PSYoungGen: 57373K->1584K(57856K)] 395940K->340151K(634368K), 0.0017469 secs] [Times: user=0.00 sys=0.00, real=0.01 secs] 
3081.698: [GC (Allocation Failure) [PSYoungGen: 57392K->1533K(57856K)] 395959K->340100K(634368K), 0.0018043 secs] [Times: user=0.01 sys=0.00, real=0.00 secs] 
3082.009: [GC (Allocation Failure) [PSYoungGen: 57341K->1456K(57856K)] 395908K->340023K(634368K), 0.0027042 secs] [Times: user=0.01 sys=0.00, real=0.00 secs] 
3082.286: [GC (Allocation Failure) [PSYoungGen: 57264K->1376K(57856K)] 395831K->339943K(634368K), 0.0019313 secs] [Times: user=0.00 sys=0.00, real=0.00 secs] 
3082.529: [GC (Allocation Failure) [PSYoungGen: 57184K->1440K(57856K)] 395751K->340007K(634368K), 0.0019797 secs] [Times: user=0.00 sys=0.00, real=0.00 secs] 
3082.860: [GC (Allocation Failure) [PSYoungGen: 57248K->1376K(57856K)] 395815K->339943K(634368K), 0.0021663 secs] [Times: user=0.01 sys=0.00, real=0.00 secs] 
3083.220: [GC (Allocation Failure) [PSYoungGen: 57184K->1376K(57856K)] 395751K->339943K(634368K), 0.0022154 secs] [Times: user=0.01 sys=0.00, real=0.00 secs] 
3083.627: [GC (Allocation Failure) [PSYoungGen: 57184K->1568K(57856K)] 395751K->340143K(634368K), 0.0016670 secs] [Times: user=0.00 sys=0.00, real=0.00 secs] 
3083.950: [GC (Allocation Failure) [PSYoungGen: 57376K->1533K(57856K)] 395951K->340108K(634368K), 0.0016935 secs] [Times: user=0.01 sys=0.00, real=0.00 secs] 
3084.274: [GC (Allocation Failure) [PSYoungGen: 57341K->1581K(57856K)] 395916K->340156K(634368K), 0.0015504 secs] [Times: user=0.01 sys=0.00, real=0.01 secs] 
3084.597: [GC (Allocation Failure) [PSYoungGen: 57389K->1565K(57856K)] 395964K->340140K(634368K), 0.0016641 secs] [Times: user=0.00 sys=0.00, real=0.00 secs] 
3085.044: [GC (Allocation Failure) [PSYoungGen: 57373K->1440K(57856K)] 395948K->340015K(634368K), 0.0019355 secs] [Times: user=0.01 sys=0.00, real=0.01 secs] 
3085.449: [GC (Allocation Failure) [PSYoungGen: 57248K->1376K(57856K)] 395823K->339951K(634368K), 0.0019652 secs] [Times: user=0.01 sys=0.00, real=0.00 secs] 
3085.877: [GC (Allocation Failure) [PSYoungGen: 57184K->1408K(57856K)] 395759K->340007K(634368K), 0.0020416 secs] [Times: user=0.01 sys=0.00, real=0.00 secs] 
3086.322: [GC (Allocation Failure) [PSYoungGen: 57216K->1360K(57856K)] 395815K->339959K(634368K), 0.0022507 secs] [Times: user=0.01 sys=0.00, real=0.00 secs] 
3086.650: [GC (Allocation Failure) [PSYoungGen: 57168K->1376K(57856K)] 395767K->339975K(634368K), 0.0020734 secs] [Times: user=0.01 sys=0.00, real=0.00 secs] 
3086.998: [GC (Allocation Failure) [PSYoungGen: 57184K->1565K(57856K)] 395783K->340164K(634368K), 0.0015557 secs] [Times: user=0.01 sys=0.00, real=0.00 secs] 
3087.320: [GC (Allocation Failure) [PSYoungGen: 57373K->1533K(57856K)] 395972K->340148K(634368K), 0.0016106 secs] [Times: user=0.01 sys=0.00, real=0.00 secs] 
3087.643: [GC (Allocation Failure) [PSYoungGen: 57341K->1629K(57856K)] 395956K->340244K(634368K), 0.0016810 secs] [Times: user=0.01 sys=0.00, real=0.00 secs] 
3087.966: [GC (Allocation Failure) [PSYoungGen: 57437K->1533K(57856K)] 396052K->340148K(634368K), 0.0016844 secs] [Times: user=0.01 sys=0.00, real=0.00 secs] 
3088.404: [GC (Allocation Failure) [PSYoungGen: 57341K->2000K(57856K)] 395956K->340615K(634368K), 0.0019553 secs] [Times: user=0.01 sys=0.00, real=0.01 secs] 
3088.918: [GC (Allocation Failure) [PSYoungGen: 57808K->1424K(57856K)] 396423K->340039K(634368K), 0.0019668 secs] [Times: user=0.01 sys=0.00, real=0.00 secs] 
3089.422: [GC (Allocation Failure) [PSYoungGen: 57232K->1344K(57856K)] 395847K->339959K(634368K), 0.0032509 secs] [Times: user=0.01 sys=0.00, real=0.01 secs] 
3089.900: [GC (Allocation Failure) [PSYoungGen: 57152K->1344K(57856K)] 395767K->339959K(634368K), 0.0028323 secs] [Times: user=0.01 sys=0.00, real=0.00 secs] 
3090.434: [GC (Allocation Failure) [PSYoungGen: 57152K->1344K(57856K)] 395767K->339959K(634368K), 0.0030747 secs] [Times: user=0.02 sys=0.00, real=0.01 secs] 
3090.822: [GC (Allocation Failure) [PSYoungGen: 57152K->1501K(57856K)] 395767K->340116K(634368K), 0.0018175 secs] [Times: user=0.01 sys=0.00, real=0.00 secs] 
3091.159: [GC (Allocation Failure) [PSYoungGen: 57301K->1565K(57856K)] 395916K->340188K(634368K), 0.0017563 secs] [Times: user=0.00 sys=0.00, real=0.00 secs] 
3091.541: [GC (Allocation Failure) [PSYoungGen: 57373K->1533K(57856K)] 395996K->340156K(634368K), 0.0017538 secs] [Times: user=0.01 sys=0.00, real=0.00 secs] 
3091.866: [GC (Allocation Failure) [PSYoungGen: 57341K->1581K(57856K)] 395964K->340204K(634368K), 0.0018262 secs] [Times: user=0.01 sys=0.00, real=0.00 secs] 
3092.246: [GC (Allocation Failure) [PSYoungGen: 57365K->1581K(57856K)] 395988K->340204K(634368K), 0.0018022 secs] [Times: user=0.01 sys=0.00, real=0.00 secs] 
3092.543: [GC (Allocation Failure) [PSYoungGen: 57389K->1472K(57856K)] 396012K->340095K(634368K), 0.0023148 secs] [Times: user=0.01 sys=0.00, real=0.01 secs] 
3092.776: [GC (Allocation Failure) [PSYoungGen: 57280K->1392K(57856K)] 395903K->340015K(634368K), 0.0020532 secs] [Times: user=0.01 sys=0.00, real=0.00 secs] 
3093.141: [GC (Allocation Failure) [PSYoungGen: 57200K->1376K(57856K)] 395823K->339999K(634368K), 0.0020208 secs] [Times: user=0.01 sys=0.00, real=0.00 secs] 
3093.783: [GC (Allocation Failure) [PSYoungGen: 57184K->1376K(57856K)] 395807K->339999K(634368K), 0.0019422 secs] [Times: user=0.01 sys=0.00, real=0.00 secs] 
3094.415: [GC (Allocation Failure) [PSYoungGen: 57184K->1376K(57856K)] 395807K->339999K(634368K), 0.0042560 secs] [Times: user=0.02 sys=0.00, real=0.00 secs] 
3094.982: [GC (Allocation Failure) [PSYoungGen: 57184K->1501K(57856K)] 395807K->340140K(634368K), 0.0016633 secs] [Times: user=0.01 sys=0.00, real=0.00 secs] 
3095.309: [GC (Allocation Failure) [PSYoungGen: 57309K->1533K(57856K)] 395948K->340172K(634368K), 0.0017084 secs] [Times: user=0.01 sys=0.00, real=0.00 secs] 
3095.632: [GC (Allocation Failure) [PSYoungGen: 57341K->1533K(57856K)] 395980K->340172K(634368K), 0.0016948 secs] [Times: user=0.01 sys=0.00, real=0.00 secs] 
3095.958: [GC (Allocation Failure) [PSYoungGen: 57341K->1565K(57856K)] 395980K->340204K(634368K), 0.0017436 secs] [Times: user=0.01 sys=0.00, real=0.00 secs] 
3096.840: [GC (Allocation Failure) [PSYoungGen: 57373K->1472K(57856K)] 396012K->340111K(634368K), 0.0035041 secs] [Times: user=0.02 sys=0.00, real=0.00 secs] 
3097.352: [GC (Allocation Failure) [PSYoungGen: 57280K->1344K(57856K)] 395919K->339991K(634368K), 0.0042717 secs] [Times: user=0.02 sys=0.00, real=0.01 secs] 
3097.618: [GC (Allocation Failure) [PSYoungGen: 57152K->1408K(57856K)] 395799K->340055K(634368K), 0.0020198 secs] [Times: user=0.01 sys=0.00, real=0.00 secs] 
3097.849: [GC (Allocation Failure) [PSYoungGen: 57216K->1376K(57856K)] 395863K->340023K(634368K), 0.0018422 secs] [Times: user=0.01 sys=0.00, real=0.00 secs] 
3098.112: [GC (Allocation Failure) [PSYoungGen: 57184K->1344K(57856K)] 395831K->339991K(634368K), 0.0019820 secs] [Times: user=0.00 sys=0.00, real=0.00 secs] 
3098.406: [GC (Allocation Failure) [PSYoungGen: 57152K->1485K(57856K)] 395799K->340132K(634368K), 0.0016195 secs] [Times: user=0.00 sys=0.00, real=0.00 secs] 
3098.729: [GC (Allocation Failure) [PSYoungGen: 57293K->1533K(57856K)] 395940K->340196K(634368K), 0.0017061 secs] [Times: user=0.01 sys=0.00, real=0.00 secs] 
3099.054: [GC (Allocation Failure) [PSYoungGen: 57341K->1533K(57856K)] 396004K->340196K(634368K), 0.0016828 secs] [Times: user=0.00 sys=0.00, real=0.01 secs] 
3099.378: [GC (Allocation Failure) [PSYoungGen: 57341K->1533K(57856K)] 396004K->340196K(634368K), 0.0016812 secs] [Times: user=0.01 sys=0.00, real=0.00 secs] 
3099.701: [GC (Allocation Failure) [PSYoungGen: 57341K->1565K(57856K)] 396004K->340228K(634368K), 0.0017233 secs] [Times: user=0.01 sys=0.00, real=0.00 secs] 
3100.896: [GC (Allocation Failure) [PSYoungGen: 57373K->1408K(57856K)] 396036K->340071K(634368K), 0.0040160 secs] [Times: user=0.02 sys=0.00, real=0.00 secs] 
3101.672: [GC (Allocation Failure) [PSYoungGen: 57216K->1376K(57856K)] 395879K->340039K(634368K), 0.0040234 secs] [Times: user=0.02 sys=0.00, real=0.01 secs] 
3102.382: [GC (Allocation Failure) [PSYoungGen: 57184K->1376K(57856K)] 395847K->340039K(634368K), 0.0041146 secs] [Times: user=0.02 sys=0.00, real=0.01 secs] 
3103.059: [GC (Allocation Failure) [PSYoungGen: 57184K->1360K(57856K)] 395847K->340023K(634368K), 0.0038558 secs] [Times: user=0.02 sys=0.00, real=0.00 secs] 
3103.433: [GC (Allocation Failure) [PSYoungGen: 57168K->1376K(57856K)] 395831K->340039K(634368K), 0.0024471 secs] [Times: user=0.01 sys=0.00, real=0.01 secs] 
3103.828: [GC (Allocation Failure) [PSYoungGen: 57184K->1549K(57856K)] 395847K->340220K(634368K), 0.0016644 secs] [Times: user=0.01 sys=0.00, real=0.00 secs] 
3104.149: [GC (Allocation Failure) [PSYoungGen: 57357K->1581K(57856K)] 396028K->340252K(634368K), 0.0016096 secs] [Times: user=0.00 sys=0.00, real=0.00 secs] 
3104.474: [GC (Allocation Failure) [PSYoungGen: 57389K->1504K(57856K)] 396060K->340175K(634368K), 0.0016746 secs] [Times: user=0.01 sys=0.00, real=0.01 secs] 
3104.799: [GC (Allocation Failure) [PSYoungGen: 57312K->1533K(57856K)] 395983K->340204K(634368K), 0.0017157 secs] [Times: user=0.00 sys=0.00, real=0.00 secs] 
3105.109: [GC (Allocation Failure) [PSYoungGen: 57341K->1504K(57856K)] 396012K->340175K(634368K), 0.0018238 secs] [Times: user=0.01 sys=0.00, real=0.00 secs] 
3105.341: [GC (Allocation Failure) [PSYoungGen: 57312K->1344K(57856K)] 395983K->340015K(634368K), 0.0017279 secs] [Times: user=0.01 sys=0.00, real=0.00 secs] 
3105.573: [GC (Allocation Failure) [PSYoungGen: 57152K->1424K(57856K)] 395823K->340095K(634368K), 0.0017781 secs] [Times: user=0.01 sys=0.00, real=0.00 secs] 
3105.818: [GC (Allocation Failure) [PSYoungGen: 57232K->1424K(57856K)] 395903K->340095K(634368K), 0.0018105 secs] [Times: user=0.01 sys=0.00, real=0.00 secs] 
3106.161: [GC (Allocation Failure) [PSYoungGen: 57232K->1408K(57856K)] 395903K->340079K(634368K), 0.0018051 secs] [Times: user=0.00 sys=0.00, real=0.00 secs] 
3106.550: [GC (Allocation Failure) [PSYoungGen: 57216K->1565K(57856K)] 395887K->340236K(634368K), 0.0016327 secs] [Times: user=0.00 sys=0.00, real=0.00 secs] 
3106.874: [GC (Allocation Failure) [PSYoungGen: 57373K->1533K(57856K)] 396044K->340228K(634368K), 0.0015839 secs] [Times: user=0.01 sys=0.00, real=0.01 secs] 
3107.196: [GC (Allocation Failure) [PSYoungGen: 57341K->1597K(57856K)] 396036K->340292K(634368K), 0.0017160 secs] [Times: user=0.00 sys=0.00, real=0.00 secs] 
3107.519: [GC (Allocation Failure) [PSYoungGen: 57405K->1533K(57856K)] 396100K->340228K(634368K), 0.0016920 secs] [Times: user=0.01 sys=0.00, real=0.00 secs] 
3107.835: [GC (Allocation Failure) [PSYoungGen: 57341K->2016K(57344K)] 396036K->341255K(633856K), 0.0018609 secs] [Times: user=0.01 sys=0.00, real=0.00 secs] 
3108.114: [GC (Allocation Failure) [PSYoungGen: 57312K->1360K(57856K)] 396551K->340599K(634368K), 0.0016090 secs] [Times: user=0.01 sys=0.00, real=0.01 secs] 
3108.404: [GC (Allocation Failure) [PSYoungGen: 56656K->1376K(57856K)] 395895K->340615K(634368K), 0.0018974 secs] [Times: user=0.01 sys=0.00, real=0.01 secs] 
3108.856: [GC (Allocation Failure) [PSYoungGen: 56672K->1376K(56832K)] 395911K->340615K(633344K), 0.0019747 secs] [Times: user=0.01 sys=0.00, real=0.00 secs] 
3109.300: [GC (Allocation Failure) [PSYoungGen: 56672K->1376K(57344K)] 395911K->340615K(633856K), 0.0018016 secs] [Times: user=0.01 sys=0.00, real=0.00 secs] 
3109.747: [GC (Allocation Failure) [PSYoungGen: 56672K->1469K(57344K)] 395911K->340708K(633856K), 0.0019542 secs] [Times: user=0.00 sys=0.00, real=0.00 secs] 
3110.083: [GC (Allocation Failure) [PSYoungGen: 56765K->1552K(57344K)] 396004K->340807K(633856K), 0.0016270 secs] [Times: user=0.01 sys=0.00, real=0.00 secs] 
3110.408: [GC (Allocation Failure) [PSYoungGen: 56848K->1565K(57344K)] 396103K->340820K(633856K), 0.0016254 secs] [Times: user=0.00 sys=0.00, real=0.00 secs] 
3110.730: [GC (Allocation Failure) [PSYoungGen: 56854K->1581K(57344K)] 396109K->340836K(633856K), 0.0016354 secs] [Times: user=0.01 sys=0.00, real=0.00 secs] 
3111.052: [GC (Allocation Failure) [PSYoungGen: 56875K->1597K(57344K)] 396131K->340852K(633856K), 0.0016865 secs] [Times: user=0.00 sys=0.00, real=0.00 secs] 
3111.503: [GC (Allocation Failure) [PSYoungGen: 56893K->1440K(57344K)] 396148K->340695K(633856K), 0.0017045 secs] [Times: user=0.01 sys=0.00, real=0.01 secs] 
3111.958: [GC (Allocation Failure) [PSYoungGen: 56736K->1344K(57344K)] 395991K->340599K(633856K), 0.0015117 secs] [Times: user=0.00 sys=0.00, real=0.00 secs] 
3112.427: [GC (Allocation Failure) [PSYoungGen: 56640K->1376K(57344K)] 395895K->340631K(633856K), 0.0020660 secs] [Times: user=0.01 sys=0.00, real=0.00 secs] 
3112.905: [GC (Allocation Failure) [PSYoungGen: 56672K->1376K(57344K)] 395927K->340631K(633856K), 0.0020811 secs] [Times: user=0.01 sys=0.01, real=0.00 secs] 
3113.239: [GC (Allocation Failure) [PSYoungGen: 56672K->1440K(57344K)] 395927K->340695K(633856K), 0.0032094 secs] [Times: user=0.02 sys=0.00, real=0.00 secs] 
3113.660: [GC (Allocation Failure) [PSYoungGen: 56736K->1533K(57344K)] 395991K->340804K(633856K), 0.0016651 secs] [Times: user=0.01 sys=0.00, real=0.00 secs] 
3113.981: [GC (Allocation Failure) [PSYoungGen: 56829K->1565K(57344K)] 396100K->340836K(633856K), 0.0017227 secs] [Times: user=0.01 sys=0.00, real=0.00 secs] 
3114.304: [GC (Allocation Failure) [PSYoungGen: 56861K->1597K(57344K)] 396132K->340868K(633856K), 0.0016963 secs] [Times: user=0.00 sys=0.00, real=0.01 secs] 
3114.626: [GC (Allocation Failure) [PSYoungGen: 56893K->1552K(57344K)] 396164K->340823K(633856K), 0.0016907 secs] [Times: user=0.01 sys=0.00, real=0.00 secs] 
3115.044: [GC (Allocation Failure) [PSYoungGen: 56848K->1968K(57344K)] 396119K->341239K(633856K), 0.0018910 secs] [Times: user=0.01 sys=0.00, real=0.01 secs] 
3115.548: [GC (Allocation Failure) [PSYoungGen: 57264K->1408K(57344K)] 396535K->340679K(633856K), 0.0020194 secs] [Times: user=0.01 sys=0.00, real=0.00 secs] 
3116.139: [GC (Allocation Failure) [PSYoungGen: 56704K->1376K(57344K)] 395975K->340647K(633856K), 0.0022458 secs] [Times: user=0.01 sys=0.00, real=0.00 secs] 
3116.766: [GC (Allocation Failure) [PSYoungGen: 56672K->1344K(57344K)] 395943K->340615K(633856K), 0.0020815 secs] [Times: user=0.01 sys=0.00, real=0.00 secs] 
3117.407: [GC (Allocation Failure) [PSYoungGen: 56640K->1408K(57344K)] 395911K->340695K(633856K), 0.0030749 secs] [Times: user=0.01 sys=0.00, real=0.00 secs] 
3117.929: [GC (Allocation Failure) [PSYoungGen: 56680K->1501K(57344K)] 395967K->340788K(633856K), 0.0023182 secs] [Times: user=0.01 sys=0.00, real=0.00 secs] 
3118.305: [GC (Allocation Failure) [PSYoungGen: 56797K->1533K(57344K)] 396084K->340828K(633856K), 0.0017387 secs] [Times: user=0.01 sys=0.00, real=0.00 secs] 
3118.628: [GC (Allocation Failure) [PSYoungGen: 56829K->1565K(57344K)] 396124K->340860K(633856K), 0.0017183 secs] [Times: user=0.01 sys=0.00, real=0.00 secs] 
3118.950: [GC (Allocation Failure) [PSYoungGen: 56861K->1565K(57344K)] 396156K->340860K(633856K), 0.0016775 secs] [Times: user=0.01 sys=0.00, real=0.00 secs] 
3119.272: [GC (Allocation Failure) [PSYoungGen: 56861K->1533K(57344K)] 396156K->340828K(633856K), 0.0017173 secs] [Times: user=0.01 sys=0.00, real=0.00 secs] 
3119.583: [GC (Allocation Failure) [PSYoungGen: 56829K->1440K(57344K)] 396124K->340735K(633856K), 0.0018640 secs] [Times: user=0.01 sys=0.00, real=0.01 secs] 
3119.813: [GC (Allocation Failure) [PSYoungGen: 56736K->1408K(57344K)] 396031K->340703K(633856K), 0.0017450 secs] [Times: user=0.01 sys=0.00, real=0.01 secs] 
3120.122: [GC (Allocation Failure) [PSYoungGen: 56704K->1344K(57344K)] 395999K->340639K(633856K), 0.0019475 secs] [Times: user=0.01 sys=0.00, real=0.00 secs] 
3120.354: [GC (Allocation Failure) [PSYoungGen: 56640K->1376K(57344K)] 395935K->340671K(633856K), 0.0025912 secs] [Times: user=0.01 sys=0.00, real=0.01 secs] 
3120.642: [GC (Allocation Failure) [PSYoungGen: 56672K->1408K(57344K)] 395967K->340703K(633856K), 0.0019972 secs] [Times: user=0.01 sys=0.00, real=0.00 secs] 
3120.957: [GC (Allocation Failure) [PSYoungGen: 56704K->1501K(57344K)] 395999K->340812K(633856K), 0.0017503 secs] [Times: user=0.01 sys=0.00, real=0.00 secs] 
3121.337: [GC (Allocation Failure) [PSYoungGen: 56797K->1485K(57344K)] 396108K->340796K(633856K), 0.0016984 secs] [Times: user=0.01 sys=0.00, real=0.00 secs] 
3121.722: [GC (Allocation Failure) [PSYoungGen: 56781K->1533K(57344K)] 396092K->340844K(633856K), 0.0017973 secs] [Times: user=0.01 sys=0.00, real=0.00 secs] 
3122.102: [GC (Allocation Failure) [PSYoungGen: 56829K->1613K(57344K)] 396140K->340924K(633856K), 0.0018139 secs] [Times: user=0.01 sys=0.00, real=0.00 secs] 
3122.575: [GC (Allocation Failure) [PSYoungGen: 56909K->1504K(57344K)] 396220K->340815K(633856K), 0.0020284 secs] [Times: user=0.00 sys=0.00, real=0.00 secs] 
3123.096: [GC (Allocation Failure) [PSYoungGen: 56800K->1376K(57344K)] 396111K->340687K(633856K), 0.0027781 secs] [Times: user=0.01 sys=0.00, real=0.00 secs] 
3123.373: [GC (Allocation Failure) [PSYoungGen: 56672K->1376K(57344K)] 395983K->340687K(633856K), 0.0020312 secs] [Times: user=0.01 sys=0.00, real=0.01 secs] 
3123.663: [GC (Allocation Failure) [PSYoungGen: 56672K->1328K(57344K)] 395983K->340639K(633856K), 0.0020604 secs] [Times: user=0.01 sys=0.00, real=0.01 secs] 
3124.027: [GC (Allocation Failure) [PSYoungGen: 56624K->1376K(57344K)] 395935K->340687K(633856K), 0.0020719 secs] [Times: user=0.01 sys=0.00, real=0.00 secs] 
3124.550: [GC (Allocation Failure) [PSYoungGen: 56672K->1469K(57344K)] 395983K->340780K(633856K), 0.0024957 secs] [Times: user=0.01 sys=0.00, real=0.00 secs] 
3124.925: [GC (Allocation Failure) [PSYoungGen: 56765K->1517K(57344K)] 396076K->340844K(633856K), 0.0016845 secs] [Times: user=0.00 sys=0.00, real=0.00 secs] 
3125.248: [GC (Allocation Failure) [PSYoungGen: 56813K->1565K(57344K)] 396140K->340892K(633856K), 0.0016908 secs] [Times: user=0.00 sys=0.00, real=0.00 secs] 
3125.574: [GC (Allocation Failure) [PSYoungGen: 56853K->1613K(57344K)] 396180K->340940K(633856K), 0.0016709 secs] [Times: user=0.01 sys=0.00, real=0.01 secs] 
3125.958: [GC (Allocation Failure) [PSYoungGen: 56909K->1533K(57344K)] 396236K->340860K(633856K), 0.0017336 secs] [Times: user=0.01 sys=0.00, real=0.00 secs] 
3126.844: [GC (Allocation Failure) [PSYoungGen: 56829K->1440K(57344K)] 396156K->340783K(633856K), 0.0038643 secs] [Times: user=0.02 sys=0.00, real=0.01 secs] 
3127.525: [GC (Allocation Failure) [PSYoungGen: 56736K->1376K(57344K)] 396079K->340719K(633856K), 0.0026748 secs] [Times: user=0.01 sys=0.00, real=0.01 secs] 
3127.977: [GC (Allocation Failure) [PSYoungGen: 56672K->1344K(57344K)] 396015K->340687K(633856K), 0.0027512 secs] [Times: user=0.01 sys=0.00, real=0.00 secs] 
3128.409: [GC (Allocation Failure) [PSYoungGen: 56640K->1376K(57344K)] 395983K->340719K(633856K), 0.0027572 secs] [Times: user=0.01 sys=0.00, real=0.00 secs] 
3128.892: [GC (Allocation Failure) [PSYoungGen: 56672K->1376K(57344K)] 396015K->340719K(633856K), 0.0023232 secs] [Times: user=0.01 sys=0.00, real=0.00 secs] 
3129.253: [GC (Allocation Failure) [PSYoungGen: 56672K->1549K(57344K)] 396015K->340908K(633856K), 0.0016720 secs] [Times: user=0.01 sys=0.00, real=0.01 secs] 
3129.576: [GC (Allocation Failure) [PSYoungGen: 56845K->1581K(57344K)] 396204K->340940K(633856K), 0.0016980 secs] [Times: user=0.01 sys=0.00, real=0.00 secs] 
3129.900: [GC (Allocation Failure) [PSYoungGen: 56877K->1613K(57344K)] 396236K->340972K(633856K), 0.0016753 secs] [Times: user=0.01 sys=0.00, real=0.00 secs] 
3130.222: [GC (Allocation Failure) [PSYoungGen: 56909K->1565K(57344K)] 396268K->340924K(633856K), 0.0016251 secs] [Times: user=0.01 sys=0.00, real=0.00 secs] 
3130.568: [GC (Allocation Failure) [PSYoungGen: 56861K->1440K(57344K)] 396220K->340799K(633856K), 0.0019939 secs] [Times: user=0.00 sys=0.00, real=0.00 secs] 
3130.798: [GC (Allocation Failure) [PSYoungGen: 56736K->1424K(57344K)] 396095K->340783K(633856K), 0.0018805 secs] [Times: user=0.01 sys=0.00, real=0.00 secs] 
3131.047: [GC (Allocation Failure) [PSYoungGen: 56720K->1424K(57344K)] 396079K->340783K(633856K), 0.0019391 secs] [Times: user=0.00 sys=0.00, real=0.00 secs] 
3131.310: [GC (Allocation Failure) [PSYoungGen: 56720K->1344K(57344K)] 396079K->340703K(633856K), 0.0019103 secs] [Times: user=0.00 sys=0.00, real=0.00 secs] 
3131.541: [GC (Allocation Failure) [PSYoungGen: 56640K->1408K(57344K)] 395999K->340767K(633856K), 0.0025959 secs] [Times: user=0.01 sys=0.01, real=0.00 secs] 
3131.862: [GC (Allocation Failure) [PSYoungGen: 56704K->1469K(57344K)] 396063K->340828K(633856K), 0.0015476 secs] [Times: user=0.00 sys=0.00, real=0.00 secs] 
3132.184: [GC (Allocation Failure) [PSYoungGen: 56765K->1581K(57344K)] 396124K->340956K(633856K), 0.0016922 secs] [Times: user=0.01 sys=0.00, real=0.01 secs] 
3132.509: [GC (Allocation Failure) [PSYoungGen: 56877K->1533K(57344K)] 396252K->340908K(633856K), 0.0018172 secs] [Times: user=0.01 sys=0.00, real=0.00 secs] 
3132.832: [GC (Allocation Failure) [PSYoungGen: 56829K->1565K(57344K)] 396204K->340948K(633856K), 0.0017011 secs] [Times: user=0.01 sys=0.00, real=0.00 secs] 
3133.218: [GC (Allocation Failure) [PSYoungGen: 56861K->1533K(57344K)] 396244K->340916K(633856K), 0.0017949 secs] [Times: user=0.01 sys=0.00, real=0.00 secs] 
3133.553: [GC (Allocation Failure) [PSYoungGen: 56829K->1440K(57344K)] 396212K->340823K(633856K), 0.0018787 secs] [Times: user=0.01 sys=0.00, real=0.00 secs] 
3133.783: [GC (Allocation Failure) [PSYoungGen: 56736K->1376K(57344K)] 396119K->340759K(633856K), 0.0018253 secs] [Times: user=0.01 sys=0.00, real=0.00 secs] 
3134.131: [GC (Allocation Failure) [PSYoungGen: 56672K->1456K(57344K)] 396055K->340839K(633856K), 0.0018732 secs] [Times: user=0.00 sys=0.00, real=0.00 secs] 
3134.615: [GC (Allocation Failure) [PSYoungGen: 56752K->1408K(57344K)] 396135K->340799K(633856K), 0.0020723 secs] [Times: user=0.01 sys=0.00, real=0.00 secs] 
3135.077: [GC (Allocation Failure) [PSYoungGen: 56704K->1408K(57344K)] 396095K->340799K(633856K), 0.0017523 secs] [Times: user=0.00 sys=0.00, real=0.00 secs] 
3135.473: [GC (Allocation Failure) [PSYoungGen: 56704K->1533K(57344K)] 396095K->340948K(633856K), 0.0018285 secs] [Times: user=0.01 sys=0.00, real=0.01 secs] 
3135.850: [GC (Allocation Failure) [PSYoungGen: 56829K->1565K(57344K)] 396244K->340980K(633856K), 0.0018204 secs] [Times: user=0.01 sys=0.00, real=0.00 secs] 
3136.172: [GC (Allocation Failure) [PSYoungGen: 56861K->1552K(57344K)] 396276K->340967K(633856K), 0.0018034 secs] [Times: user=0.01 sys=0.00, real=0.00 secs] 
3136.555: [GC (Allocation Failure) [PSYoungGen: 56848K->1565K(57344K)] 396263K->340980K(633856K), 0.0017851 secs] [Times: user=0.01 sys=0.00, real=0.00 secs] 
3136.916: [GC (Allocation Failure) [PSYoungGen: 56861K->1536K(57344K)] 396276K->340951K(633856K), 0.0022104 secs] [Times: user=0.01 sys=0.00, real=0.00 secs] 
3137.147: [GC (Allocation Failure) [PSYoungGen: 56832K->1344K(57344K)] 396247K->340759K(633856K), 0.0018770 secs] [Times: user=0.01 sys=0.00, real=0.00 secs] 
3137.377: [GC (Allocation Failure) [PSYoungGen: 56640K->1360K(57344K)] 396055K->340775K(633856K), 0.0018270 secs] [Times: user=0.00 sys=0.00, real=0.00 secs] 
3137.607: [GC (Allocation Failure) [PSYoungGen: 56656K->1376K(57344K)] 396071K->340791K(633856K), 0.0017103 secs] [Times: user=0.01 sys=0.00, real=0.00 secs] 
3137.836: [GC (Allocation Failure) [PSYoungGen: 56672K->1392K(57344K)] 396087K->340807K(633856K), 0.0018966 secs] [Times: user=0.00 sys=0.00, real=0.00 secs] 
3138.121: [GC (Allocation Failure) [PSYoungGen: 56688K->1501K(57344K)] 396103K->340916K(633856K), 0.0016317 secs] [Times: user=0.01 sys=0.00, real=0.00 secs] 
3138.443: [GC (Allocation Failure) [PSYoungGen: 56797K->1533K(57344K)] 396212K->340964K(633856K), 0.0017179 secs] [Times: user=0.00 sys=0.00, real=0.01 secs] 
3138.831: [GC (Allocation Failure) [PSYoungGen: 56829K->1504K(57344K)] 396260K->340935K(633856K), 0.0018332 secs] [Times: user=0.00 sys=0.00, real=0.00 secs] 
3139.153: [GC (Allocation Failure) [PSYoungGen: 56800K->1565K(57344K)] 396231K->340996K(633856K), 0.0017809 secs] [Times: user=0.01 sys=0.00, real=0.00 secs] 
3139.475: [GC (Allocation Failure) [PSYoungGen: 56861K->1533K(57344K)] 396292K->340964K(633856K), 0.0017555 secs] [Times: user=0.01 sys=0.00, real=0.00 secs] 
3140.112: [GC (Allocation Failure) [PSYoungGen: 56829K->1440K(57344K)] 396260K->340871K(633856K), 0.0039706 secs] [Times: user=0.01 sys=0.00, real=0.01 secs] 
3140.667: [GC (Allocation Failure) [PSYoungGen: 56736K->1408K(57344K)] 396167K->340839K(633856K), 0.0032448 secs] [Times: user=0.01 sys=0.00, real=0.00 secs] 
3141.087: [GC (Allocation Failure) [PSYoungGen: 56704K->1376K(57344K)] 396135K->340807K(633856K), 0.0023517 secs] [Times: user=0.01 sys=0.00, real=0.00 secs] 
3141.367: [GC (Allocation Failure) [PSYoungGen: 56672K->1376K(57344K)] 396103K->340807K(633856K), 0.0021177 secs] [Times: user=0.01 sys=0.00, real=0.00 secs] 
3141.602: [GC (Allocation Failure) [PSYoungGen: 56672K->1440K(57344K)] 396103K->340871K(633856K), 0.0026531 secs] [Times: user=0.01 sys=0.00, real=0.00 secs] 
3141.972: [GC (Allocation Failure) [PSYoungGen: 56736K->1472K(57344K)] 396167K->340919K(633856K), 0.0016994 secs] [Times: user=0.01 sys=0.00, real=0.00 secs] 
3142.294: [GC (Allocation Failure) [PSYoungGen: 56768K->1581K(57344K)] 396215K->341028K(633856K), 0.0016713 secs] [Times: user=0.01 sys=0.00, real=0.01 secs] 
3142.617: [GC (Allocation Failure) [PSYoungGen: 56877K->1565K(57344K)] 396324K->341012K(633856K), 0.0016981 secs] [Times: user=0.01 sys=0.00, real=0.00 secs] 
3142.940: [GC (Allocation Failure) [PSYoungGen: 56861K->1552K(57344K)] 396308K->340999K(633856K), 0.0017363 secs] [Times: user=0.00 sys=0.00, real=0.00 secs] 
3143.256: [GC (Allocation Failure) [PSYoungGen: 56848K->1472K(57344K)] 396295K->340919K(633856K), 0.0019152 secs] [Times: user=0.01 sys=0.00, real=0.00 secs] 
3143.486: [GC (Allocation Failure) [PSYoungGen: 56768K->1408K(57344K)] 396215K->340855K(633856K), 0.0018902 secs] [Times: user=0.00 sys=0.00, real=0.00 secs] 
3143.716: [GC (Allocation Failure) [PSYoungGen: 56704K->1408K(57344K)] 396151K->340855K(633856K), 0.0017948 secs] [Times: user=0.00 sys=0.00, real=0.00 secs] 
3143.945: [GC (Allocation Failure) [PSYoungGen: 56704K->1376K(57344K)] 396151K->340823K(633856K), 0.0018899 secs] [Times: user=0.01 sys=0.00, real=0.00 secs] 
3144.211: [GC (Allocation Failure) [PSYoungGen: 56672K->1440K(57344K)] 396119K->340887K(633856K), 0.0018780 secs] [Times: user=0.01 sys=0.00, real=0.00 secs] 
3144.640: [GC (Allocation Failure) [PSYoungGen: 56736K->1453K(57344K)] 396183K->340900K(633856K), 0.0020211 secs] [Times: user=0.00 sys=0.00, real=0.00 secs] 
3145.082: [GC (Allocation Failure) [PSYoungGen: 56749K->1565K(57344K)] 396196K->341020K(633856K), 0.0017805 secs] [Times: user=0.00 sys=0.00, real=0.00 secs] 
3145.464: [GC (Allocation Failure) [PSYoungGen: 56861K->1533K(57344K)] 396316K->341004K(633856K), 0.0017926 secs] [Times: user=0.01 sys=0.00, real=0.01 secs] 
3145.851: [GC (Allocation Failure) [PSYoungGen: 56829K->1565K(57344K)] 396300K->341036K(633856K), 0.0017680 secs] [Times: user=0.00 sys=0.00, real=0.00 secs] 
3146.174: [GC (Allocation Failure) [PSYoungGen: 56843K->1549K(57344K)] 396314K->341020K(633856K), 0.0017460 secs] [Times: user=0.01 sys=0.00, real=0.01 secs] 
3146.570: [GC (Allocation Failure) [PSYoungGen: 56845K->1424K(57344K)] 396316K->340895K(633856K), 0.0047553 secs] [Times: user=0.01 sys=0.00, real=0.01 secs] 
3146.805: [GC (Allocation Failure) [PSYoungGen: 56720K->1344K(57344K)] 396191K->340815K(633856K), 0.0020028 secs] [Times: user=0.01 sys=0.00, real=0.00 secs] 
3147.074: [GC (Allocation Failure) [PSYoungGen: 56640K->1408K(57344K)] 396111K->340879K(633856K), 0.0019030 secs] [Times: user=0.01 sys=0.00, real=0.01 secs] 
3147.363: [GC (Allocation Failure) [PSYoungGen: 56704K->1408K(57344K)] 396175K->340879K(633856K), 0.0020539 secs] [Times: user=0.01 sys=0.00, real=0.01 secs] 
3147.641: [GC (Allocation Failure) [PSYoungGen: 56704K->1408K(57344K)] 396175K->340879K(633856K), 0.0020927 secs] [Times: user=0.01 sys=0.00, real=0.00 secs] 
3148.013: [GC (Allocation Failure) [PSYoungGen: 56704K->1501K(57344K)] 396175K->340988K(633856K), 0.0016924 secs] [Times: user=0.01 sys=0.00, real=0.00 secs] 
3148.334: [GC (Allocation Failure) [PSYoungGen: 56797K->1565K(57344K)] 396284K->341052K(633856K), 0.0016972 secs] [Times: user=0.01 sys=0.00, real=0.01 secs] 
3148.656: [GC (Allocation Failure) [PSYoungGen: 56856K->1597K(57344K)] 396343K->341084K(633856K), 0.0016957 secs] [Times: user=0.00 sys=0.00, real=0.00 secs] 
3148.978: [GC (Allocation Failure) [PSYoungGen: 56893K->1565K(57344K)] 396380K->341052K(633856K), 0.0016664 secs] [Times: user=0.01 sys=0.00, real=0.00 secs] 
3149.274: [GC (Allocation Failure) [PSYoungGen: 56861K->1504K(57344K)] 396348K->340991K(633856K), 0.0020315 secs] [Times: user=0.00 sys=0.00, real=0.01 secs] 
3149.504: [GC (Allocation Failure) [PSYoungGen: 56800K->1392K(57344K)] 396287K->340879K(633856K), 0.0017488 secs] [Times: user=0.01 sys=0.00, real=0.01 secs] 
3149.734: [GC (Allocation Failure) [PSYoungGen: 56688K->1376K(57344K)] 396175K->340863K(633856K), 0.0017561 secs] [Times: user=0.01 sys=0.00, real=0.01 secs] 
3149.964: [GC (Allocation Failure) [PSYoungGen: 56672K->1392K(57344K)] 396159K->340879K(633856K), 0.0017876 secs] [Times: user=0.01 sys=0.00, real=0.01 secs] 
3150.193: [GC (Allocation Failure) [PSYoungGen: 56688K->1408K(57344K)] 396175K->340895K(633856K), 0.0015375 secs] [Times: user=0.00 sys=0.00, real=0.01 secs] 
3150.479: [GC (GCLocker Initiated GC) [PSYoungGen: 56704K->1405K(57344K)] 396191K->340893K(633856K), 0.0016341 secs] [Times: user=0.00 sys=0.00, real=0.00 secs] 
3150.828: [GC (Allocation Failure) [PSYoungGen: 56701K->1469K(57344K)] 397085K->341869K(633856K), 0.0016988 secs] [Times: user=0.01 sys=0.00, real=0.00 secs] 
3151.149: [GC (Allocation Failure) [PSYoungGen: 56765K->1597K(57344K)] 397165K->341997K(633856K), 0.0016712 secs] [Times: user=0.00 sys=0.00, real=0.00 secs] 
3151.470: [GC (Allocation Failure) [PSYoungGen: 56875K->1629K(57344K)] 397275K->342029K(633856K), 0.0017597 secs] [Times: user=0.01 sys=0.00, real=0.00 secs] 
3151.836: [GC (Allocation Failure) [PSYoungGen: 56925K->1696K(57344K)] 397325K->342096K(633856K), 0.0018245 secs] [Times: user=0.00 sys=0.00, real=0.00 secs] 
3152.090: [GC (Allocation Failure) [PSYoungGen: 56992K->1504K(57344K)] 397392K->341904K(633856K), 0.0027514 secs] [Times: user=0.01 sys=0.00, real=0.00 secs] 
3152.398: [GC (Allocation Failure) [PSYoungGen: 56800K->1472K(57344K)] 397200K->341872K(633856K), 0.0019381 secs] [Times: user=0.01 sys=0.00, real=0.00 secs] 
3152.628: [GC (Allocation Failure) [PSYoungGen: 56768K->1504K(57344K)] 397168K->341904K(633856K), 0.0019549 secs] [Times: user=0.00 sys=0.00, real=0.00 secs] 
3153.094: [GC (Allocation Failure) [PSYoungGen: 56800K->1520K(57344K)] 397200K->341920K(633856K), 0.0021009 secs] [Times: user=0.01 sys=0.00, real=0.01 secs] 
3153.564: [GC (Allocation Failure) [PSYoungGen: 56816K->1504K(57344K)] 397216K->341904K(633856K), 0.0023534 secs] [Times: user=0.01 sys=0.00, real=0.01 secs] 
3154.027: [GC (Allocation Failure) [PSYoungGen: 56800K->1600K(57344K)] 397200K->342016K(633856K), 0.0016416 secs] [Times: user=0.00 sys=0.00, real=0.00 secs] 
3154.413: [GC (Allocation Failure) [PSYoungGen: 56891K->1661K(57344K)] 397308K->342077K(633856K), 0.0017452 secs] [Times: user=0.01 sys=0.00, real=0.01 secs] 
3154.794: [GC (Allocation Failure) [PSYoungGen: 56942K->1661K(57344K)] 397358K->342077K(633856K), 0.0017848 secs] [Times: user=0.01 sys=0.00, real=0.01 secs] 
3155.117: [GC (Allocation Failure) [PSYoungGen: 56950K->1693K(57344K)] 397366K->342109K(633856K), 0.0017796 secs] [Times: user=0.00 sys=0.00, real=0.00 secs] 
3155.555: [GC (Allocation Failure) [PSYoungGen: 56989K->1552K(57344K)] 397405K->341968K(633856K), 0.0031875 secs] [Times: user=0.02 sys=0.00, real=0.00 secs] 
3156.078: [GC (Allocation Failure) [PSYoungGen: 56848K->1472K(57344K)] 397264K->341928K(633856K), 0.0030982 secs] [Times: user=0.01 sys=0.00, real=0.00 secs] 
3156.525: [GC (Allocation Failure) [PSYoungGen: 56768K->1424K(57344K)] 397224K->341904K(633856K), 0.0028251 secs] [Times: user=0.01 sys=0.00, real=0.00 secs] 
3156.811: [GC (Allocation Failure) [PSYoungGen: 56720K->1376K(57344K)] 397200K->341920K(633856K), 0.0023436 secs] [Times: user=0.01 sys=0.00, real=0.00 secs] 
3157.145: [GC (Allocation Failure) [PSYoungGen: 56672K->1344K(57344K)] 397216K->341888K(633856K), 0.0022183 secs] [Times: user=0.01 sys=0.00, real=0.00 secs] 
3157.570: [GC (Allocation Failure) [PSYoungGen: 56640K->1472K(57344K)] 397184K->342032K(633856K), 0.0016157 secs] [Times: user=0.01 sys=0.00, real=0.00 secs] 
3157.959: [GC (Allocation Failure) [PSYoungGen: 56768K->1565K(57344K)] 397328K->342125K(633856K), 0.0017863 secs] [Times: user=0.01 sys=0.00, real=0.00 secs] 
3158.340: [GC (Allocation Failure) [PSYoungGen: 56861K->1581K(57344K)] 397421K->342142K(633856K), 0.0018028 secs] [Times: user=0.01 sys=0.00, real=0.00 secs] 
3158.663: [GC (Allocation Failure) [PSYoungGen: 56877K->1565K(57344K)] 397438K->342125K(633856K), 0.0017089 secs] [Times: user=0.01 sys=0.00, real=0.00 secs] 
3159.051: [GC (Allocation Failure) [PSYoungGen: 56861K->2016K(57344K)] 397421K->342576K(633856K), 0.0016684 secs] [Times: user=0.01 sys=0.00, real=0.00 secs] 
3159.662: [GC (Allocation Failure) [PSYoungGen: 57312K->1376K(57344K)] 397872K->341936K(633856K), 0.0039752 secs] [Times: user=0.01 sys=0.00, real=0.01 secs] 
3160.141: [GC (Allocation Failure) [PSYoungGen: 56672K->1344K(57344K)] 397232K->341904K(633856K), 0.0030991 secs] [Times: user=0.01 sys=0.00, real=0.00 secs] 
3160.583: [GC (Allocation Failure) [PSYoungGen: 56640K->1376K(57344K)] 397200K->341936K(633856K), 0.0029082 secs] [Times: user=0.01 sys=0.00, real=0.01 secs] 
3161.016: [GC (Allocation Failure) [PSYoungGen: 56672K->1408K(57344K)] 397232K->341968K(633856K), 0.0031728 secs] [Times: user=0.02 sys=0.00, real=0.00 secs] 
3161.430: [GC (Allocation Failure) [PSYoungGen: 56701K->1472K(57344K)] 397262K->342032K(633856K), 0.0022290 secs] [Times: user=0.01 sys=0.00, real=0.00 secs] 
3161.798: [GC (Allocation Failure) [PSYoungGen: 56768K->1533K(57344K)] 397328K->342101K(633856K), 0.0016726 secs] [Times: user=0.00 sys=0.00, real=0.00 secs] 
3162.120: [GC (Allocation Failure) [PSYoungGen: 56829K->1581K(57344K)] 397397K->342150K(633856K), 0.0016801 secs] [Times: user=0.01 sys=0.00, real=0.00 secs] 
3162.443: [GC (Allocation Failure) [PSYoungGen: 56877K->1597K(57344K)] 397446K->342165K(633856K), 0.0016085 secs] [Times: user=0.00 sys=0.00, real=0.00 secs] 
3162.766: [GC (Allocation Failure) [PSYoungGen: 56893K->1565K(57344K)] 397461K->342133K(633856K), 0.0015686 secs] [Times: user=0.01 sys=0.01, real=0.00 secs] 
3163.307: [GC (Allocation Failure) [PSYoungGen: 56861K->1440K(57344K)] 397429K->342008K(633856K), 0.0018778 secs] [Times: user=0.01 sys=0.00, real=0.00 secs] 
3163.787: [GC (Allocation Failure) [PSYoungGen: 56736K->1376K(57344K)] 397304K->341944K(633856K), 0.0029525 secs] [Times: user=0.01 sys=0.00, real=0.00 secs] 
3164.290: [GC (Allocation Failure) [PSYoungGen: 56672K->1376K(57344K)] 397240K->341944K(633856K), 0.0043247 secs] [Times: user=0.02 sys=0.00, real=0.00 secs] 
3164.692: [GC (Allocation Failure) [PSYoungGen: 56672K->1376K(57344K)] 397240K->341944K(633856K), 0.0020886 secs] [Times: user=0.00 sys=0.00, real=0.00 secs] 
3164.922: [GC (Allocation Failure) [PSYoungGen: 56672K->1376K(57344K)] 397240K->341944K(633856K), 0.0020266 secs] [Times: user=0.01 sys=0.01, real=0.00 secs] 
3165.234: [GC (Allocation Failure) [PSYoungGen: 56672K->1549K(57344K)] 397240K->342134K(633856K), 0.0017098 secs] [Times: user=0.01 sys=0.00, real=0.01 secs] 
3165.558: [GC (Allocation Failure) [PSYoungGen: 56845K->1549K(57344K)] 397430K->342133K(633856K), 0.0017391 secs] [Times: user=0.01 sys=0.00, real=0.00 secs] 
3165.884: [GC (Allocation Failure) [PSYoungGen: 56845K->1549K(57344K)] 397429K->342133K(633856K), 0.0016674 secs] [Times: user=0.00 sys=0.00, real=0.01 secs] 
3166.207: [GC (Allocation Failure) [PSYoungGen: 56845K->1533K(57344K)] 397429K->342133K(633856K), 0.0017019 secs] [Times: user=0.01 sys=0.00, real=0.00 secs] 
3166.551: [GC (Allocation Failure) [PSYoungGen: 56829K->1952K(57344K)] 397429K->342552K(633856K), 0.0018611 secs] [Times: user=0.01 sys=0.00, real=0.00 secs] 
3167.014: [GC (Allocation Failure) [PSYoungGen: 57248K->1408K(57344K)] 397848K->342008K(633856K), 0.0017223 secs] [Times: user=0.01 sys=0.00, real=0.01 secs] 
3167.476: [GC (Allocation Failure) [PSYoungGen: 56704K->1376K(57344K)] 397304K->341976K(633856K), 0.0020642 secs] [Times: user=0.01 sys=0.00, real=0.00 secs] 
3167.956: [GC (Allocation Failure) [PSYoungGen: 56672K->1408K(57344K)] 397272K->342008K(633856K), 0.0020424 secs] [Times: user=0.01 sys=0.00, real=0.00 secs] 
3168.439: [GC (Allocation Failure) [PSYoungGen: 56704K->1344K(57344K)] 397304K->341944K(633856K), 0.0021830 secs] [Times: user=0.01 sys=0.00, real=0.00 secs] 
3168.898: [GC (Allocation Failure) [PSYoungGen: 56640K->1501K(57344K)] 397240K->342101K(633856K), 0.0021293 secs] [Times: user=0.01 sys=0.01, real=0.00 secs] 
3169.252: [GC (Allocation Failure) [PSYoungGen: 56797K->1517K(57344K)] 397397K->342125K(633856K), 0.0017158 secs] [Times: user=0.00 sys=0.00, real=0.00 secs] 
3169.637: [GC (Allocation Failure) [PSYoungGen: 56813K->1581K(57344K)] 397421K->342189K(633856K), 0.0018191 secs] [Times: user=0.01 sys=0.00, real=0.00 secs] 
3169.958: [GC (Allocation Failure) [PSYoungGen: 56877K->1568K(57344K)] 397485K->342176K(633856K), 0.0017931 secs] [Times: user=0.01 sys=0.00, real=0.00 secs] 
3170.334: [GC (Allocation Failure) [PSYoungGen: 56864K->1549K(57344K)] 397472K->342157K(633856K), 0.0018084 secs] [Times: user=0.00 sys=0.00, real=0.01 secs] 
3171.344: [GC (Allocation Failure) [PSYoungGen: 56845K->1424K(57344K)] 397453K->342032K(633856K), 0.0032292 secs] [Times: user=0.01 sys=0.00, real=0.01 secs] 
3171.925: [GC (Allocation Failure) [PSYoungGen: 56720K->1408K(57344K)] 397328K->342016K(633856K), 0.0023680 secs] [Times: user=0.01 sys=0.00, real=0.00 secs] 
3172.477: [GC (Allocation Failure) [PSYoungGen: 56704K->1376K(57344K)] 397312K->341984K(633856K), 0.0020832 secs] [Times: user=0.01 sys=0.00, real=0.00 secs] 
3172.961: [GC (Allocation Failure) [PSYoungGen: 56672K->1408K(57344K)] 397280K->342016K(633856K), 0.0020385 secs] [Times: user=0.01 sys=0.00, real=0.00 secs] 
3173.263: [GC (Allocation Failure) [PSYoungGen: 56704K->1360K(57344K)] 397312K->341968K(633856K), 0.0019504 secs] [Times: user=0.01 sys=0.00, real=0.00 secs] 
3173.655: [GC (Allocation Failure) [PSYoungGen: 56656K->1517K(57344K)] 397264K->342141K(633856K), 0.0016942 secs] [Times: user=0.01 sys=0.00, real=0.00 secs] 
3173.976: [GC (Allocation Failure) [PSYoungGen: 56813K->1533K(57344K)] 397437K->342157K(633856K), 0.0015863 secs] [Times: user=0.00 sys=0.00, real=0.00 secs] 
3174.299: [GC (Allocation Failure) [PSYoungGen: 56829K->1533K(57344K)] 397453K->342157K(633856K), 0.0016908 secs] [Times: user=0.01 sys=0.00, real=0.00 secs] 
3174.629: [GC (Allocation Failure) [PSYoungGen: 56829K->1565K(57344K)] 397453K->342189K(633856K), 0.0016563 secs] [Times: user=0.01 sys=0.00, real=0.00 secs] 
3175.160: [GC (Allocation Failure) [PSYoungGen: 56861K->1536K(57344K)] 397485K->342160K(633856K), 0.0021827 secs] [Times: user=0.00 sys=0.00, real=0.00 secs] 
3175.687: [GC (Allocation Failure) [PSYoungGen: 56832K->1408K(57344K)] 397456K->342032K(633856K), 0.0019007 secs] [Times: user=0.01 sys=0.00, real=0.00 secs] 
3176.387: [GC (Allocation Failure) [PSYoungGen: 56704K->1344K(57344K)] 397328K->341968K(633856K), 0.0029707 secs] [Times: user=0.01 sys=0.00, real=0.00 secs] 
3177.078: [GC (Allocation Failure) [PSYoungGen: 56640K->1376K(57344K)] 397264K->342000K(633856K), 0.0033635 secs] [Times: user=0.02 sys=0.00, real=0.00 secs] 
3177.748: [GC (Allocation Failure) [PSYoungGen: 56672K->1392K(57344K)] 397296K->342016K(633856K), 0.0041007 secs] [Times: user=0.02 sys=0.00, real=0.00 secs] 
3178.481: [GC (Allocation Failure) [PSYoungGen: 56688K->1469K(57344K)] 397312K->342093K(633856K), 0.0026489 secs] [Times: user=0.01 sys=0.00, real=0.00 secs] 
3178.862: [GC (Allocation Failure) [PSYoungGen: 56765K->1568K(57344K)] 397389K->342216K(633856K), 0.0016798 secs] [Times: user=0.00 sys=0.00, real=0.00 secs] 
3179.184: [GC (Allocation Failure) [PSYoungGen: 56864K->1597K(57344K)] 397512K->342245K(633856K), 0.0017733 secs] [Times: user=0.01 sys=0.00, real=0.01 secs] 
3179.507: [GC (Allocation Failure) [PSYoungGen: 56885K->1581K(57344K)] 397533K->342230K(633856K), 0.0016805 secs] [Times: user=0.01 sys=0.00, real=0.00 secs] 
3179.829: [GC (Allocation Failure) [PSYoungGen: 56877K->1533K(57344K)] 397526K->342181K(633856K), 0.0016661 secs] [Times: user=0.01 sys=0.00, real=0.00 secs] 
3180.470: [GC (Allocation Failure) [PSYoungGen: 56829K->1408K(57344K)] 397477K->342056K(633856K), 0.0022559 secs] [Times: user=0.01 sys=0.00, real=0.00 secs] 
3180.986: [GC (Allocation Failure) [PSYoungGen: 56704K->1344K(57344K)] 397352K->341992K(633856K), 0.0032479 secs] [Times: user=0.01 sys=0.00, real=0.00 secs] 
3181.306: [GC (Allocation Failure) [PSYoungGen: 56640K->1440K(57344K)] 397288K->342088K(633856K), 0.0019028 secs] [Times: user=0.01 sys=0.00, real=0.00 secs] 
3181.538: [GC (Allocation Failure) [PSYoungGen: 56736K->1344K(57344K)] 397384K->341992K(633856K), 0.0020807 secs] [Times: user=0.01 sys=0.01, real=0.00 secs] 
3181.773: [GC (Allocation Failure) [PSYoungGen: 56640K->1440K(57344K)] 397288K->342088K(633856K), 0.0019585 secs] [Times: user=0.01 sys=0.00, real=0.01 secs] 
3182.205: [GC (Allocation Failure) [PSYoungGen: 56736K->1472K(57344K)] 397384K->342128K(633856K), 0.0016411 secs] [Times: user=0.01 sys=0.01, real=0.00 secs] 
3182.526: [GC (Allocation Failure) [PSYoungGen: 56768K->1565K(57344K)] 397424K->342221K(633856K), 0.0015853 secs] [Times: user=0.01 sys=0.00, real=0.00 secs] 
3182.847: [GC (Allocation Failure) [PSYoungGen: 56861K->1584K(57344K)] 397517K->342240K(633856K), 0.0016693 secs] [Times: user=0.01 sys=0.00, real=0.00 secs] 
3183.169: [GC (Allocation Failure) [PSYoungGen: 56880K->1613K(57344K)] 397536K->342270K(633856K), 0.0016950 secs] [Times: user=0.01 sys=0.00, real=0.00 secs] 
3184.007: [GC (Allocation Failure) [PSYoungGen: 56909K->1440K(57344K)] 397566K->342096K(633856K), 0.0042250 secs] [Times: user=0.01 sys=0.00, real=0.00 secs] 
3184.357: [GC (Allocation Failure) [PSYoungGen: 56736K->1408K(57344K)] 397392K->342064K(633856K), 0.0020965 secs] [Times: user=0.01 sys=0.00, real=0.00 secs] 
3184.588: [GC (Allocation Failure) [PSYoungGen: 56704K->1424K(57344K)] 397360K->342080K(633856K), 0.0019629 secs] [Times: user=0.01 sys=0.00, real=0.00 secs] 
3184.818: [GC (Allocation Failure) [PSYoungGen: 56720K->1408K(57344K)] 397376K->342064K(633856K), 0.0018254 secs] [Times: user=0.01 sys=0.00, real=0.00 secs] 
3185.047: [GC (Allocation Failure) [PSYoungGen: 56704K->1408K(57344K)] 397360K->342064K(633856K), 0.0018547 secs] [Times: user=0.01 sys=0.00, real=0.00 secs] 
3185.351: [GC (Allocation Failure) [PSYoungGen: 56704K->1504K(57344K)] 397360K->342160K(633856K), 0.0016590 secs] [Times: user=0.01 sys=0.00, real=0.00 secs] 
3185.738: [GC (Allocation Failure) [PSYoungGen: 56800K->1565K(57344K)] 397456K->342237K(633856K), 0.0017735 secs] [Times: user=0.01 sys=0.00, real=0.00 secs] 
3186.064: [GC (Allocation Failure) [PSYoungGen: 56861K->1533K(57344K)] 397533K->342229K(633856K), 0.0016989 secs] [Times: user=0.01 sys=0.00, real=0.01 secs] 
3186.386: [GC (Allocation Failure) [PSYoungGen: 56829K->1565K(57344K)] 397525K->342261K(633856K), 0.0016852 secs] [Times: user=0.01 sys=0.00, real=0.00 secs] 
3186.772: [GC (Allocation Failure) [PSYoungGen: 56861K->1533K(57344K)] 397557K->342229K(633856K), 0.0017042 secs] [Times: user=0.01 sys=0.00, real=0.00 secs] 
3187.442: [GC (Allocation Failure) [PSYoungGen: 56829K->1440K(57344K)] 397525K->342136K(633856K), 0.0038419 secs] [Times: user=0.01 sys=0.00, real=0.01 secs] 
3188.180: [GC (Allocation Failure) [PSYoungGen: 56736K->1408K(57344K)] 397432K->342104K(633856K), 0.0038933 secs] [Times: user=0.01 sys=0.00, real=0.00 secs] 
3188.911: [GC (Allocation Failure) [PSYoungGen: 56704K->1312K(57344K)] 397400K->342008K(633856K), 0.0041536 secs] [Times: user=0.01 sys=0.00, real=0.01 secs] 
3189.274: [GC (Allocation Failure) [PSYoungGen: 56608K->1344K(57344K)] 397304K->342040K(633856K), 0.0021214 secs] [Times: user=0.01 sys=0.00, real=0.01 secs] 
3189.503: [GC (Allocation Failure) [PSYoungGen: 56640K->1408K(57344K)] 397336K->342104K(633856K), 0.0020136 secs] [Times: user=0.01 sys=0.00, real=0.01 secs] 
3189.830: [GC (Allocation Failure) [PSYoungGen: 56704K->1552K(57344K)] 397400K->342264K(633856K), 0.0017192 secs] [Times: user=0.00 sys=0.00, real=0.00 secs] 
3190.151: [GC (Allocation Failure) [PSYoungGen: 56848K->1581K(57344K)] 397560K->342294K(633856K), 0.0016682 secs] [Times: user=0.00 sys=0.00, real=0.00 secs] 
3190.474: [GC (Allocation Failure) [PSYoungGen: 56874K->1552K(57344K)] 397587K->342264K(633856K), 0.0017484 secs] [Times: user=0.01 sys=0.00, real=0.01 secs] 
3190.797: [GC (Allocation Failure) [PSYoungGen: 56848K->1581K(57344K)] 397560K->342294K(633856K), 0.0017423 secs] [Times: user=0.00 sys=0.00, real=0.00 secs] 
3192.417: [GC (Allocation Failure) [PSYoungGen: 56877K->1472K(57344K)] 397590K->342184K(633856K), 0.0035998 secs] [Times: user=0.02 sys=0.00, real=0.00 secs] 
3193.071: [GC (Allocation Failure) [PSYoungGen: 56768K->1360K(57344K)] 397480K->342072K(633856K), 0.0031896 secs] [Times: user=0.02 sys=0.00, real=0.00 secs] 
3193.620: [GC (Allocation Failure) [PSYoungGen: 56656K->1408K(57344K)] 397368K->342120K(633856K), 0.0031541 secs] [Times: user=0.01 sys=0.00, real=0.00 secs] 
3194.179: [GC (Allocation Failure) [PSYoungGen: 56704K->1344K(57344K)] 397416K->342056K(633856K), 0.0031046 secs] [Times: user=0.01 sys=0.00, real=0.00 secs] 
3194.762: [GC (Allocation Failure) [PSYoungGen: 56640K->1376K(57344K)] 397352K->342088K(633856K), 0.0031594 secs] [Times: user=0.01 sys=0.00, real=0.01 secs] 
3195.324: [GC (Allocation Failure) [PSYoungGen: 56672K->1453K(57344K)] 397384K->342166K(633856K), 0.0020668 secs] [Times: user=0.01 sys=0.00, real=0.01 secs] 
3195.660: [GC (Allocation Failure) [PSYoungGen: 56749K->1565K(57344K)] 397462K->342293K(633856K), 0.0016803 secs] [Times: user=0.01 sys=0.00, real=0.00 secs] 
3195.987: [GC (Allocation Failure) [PSYoungGen: 56861K->1533K(57344K)] 397589K->342261K(633856K), 0.0018112 secs] [Times: user=0.01 sys=0.00, real=0.00 secs] 
3196.313: [GC (Allocation Failure) [PSYoungGen: 56829K->1565K(57344K)] 397557K->342293K(633856K), 0.0017016 secs] [Times: user=0.01 sys=0.00, real=0.00 secs] 
3196.635: [GC (Allocation Failure) [PSYoungGen: 56861K->1565K(57344K)] 397589K->342293K(633856K), 0.0016846 secs] [Times: user=0.00 sys=0.00, real=0.00 secs] 
3196.901: [GC (Allocation Failure) [PSYoungGen: 56861K->1440K(57344K)] 397589K->342168K(633856K), 0.0018686 secs] [Times: user=0.01 sys=0.00, real=0.00 secs] 
3197.131: [GC (Allocation Failure) [PSYoungGen: 56736K->1376K(57344K)] 397464K->342104K(633856K), 0.0017804 secs] [Times: user=0.01 sys=0.00, real=0.00 secs] 
3197.527: [GC (Allocation Failure) [PSYoungGen: 56672K->1376K(57344K)] 397400K->342104K(633856K), 0.0018359 secs] [Times: user=0.01 sys=0.00, real=0.00 secs] 
3198.001: [GC (Allocation Failure) [PSYoungGen: 56672K->1408K(57344K)] 397400K->342136K(633856K), 0.0030569 secs] [Times: user=0.01 sys=0.00, real=0.00 secs] 
3198.501: [GC (Allocation Failure) [PSYoungGen: 56704K->1360K(57344K)] 397432K->342096K(633856K), 0.0027645 secs] [Times: user=0.01 sys=0.00, real=0.00 secs] 
3198.952: [GC (Allocation Failure) [PSYoungGen: 56625K->1533K(57344K)] 397362K->342277K(633856K), 0.0016762 secs] [Times: user=0.01 sys=0.00, real=0.00 secs] 
3199.274: [GC (Allocation Failure) [PSYoungGen: 56829K->1533K(57344K)] 397573K->342277K(633856K), 0.0017037 secs] [Times: user=0.01 sys=0.00, real=0.01 secs] 
3199.597: [GC (Allocation Failure) [PSYoungGen: 56829K->1549K(57344K)] 397573K->342293K(633856K), 0.0017043 secs] [Times: user=0.01 sys=0.00, real=0.00 secs] 
3199.919: [GC (Allocation Failure) [PSYoungGen: 56845K->1549K(57344K)] 397589K->342293K(633856K), 0.0016992 secs] [Times: user=0.01 sys=0.00, real=0.00 secs] 
3200.297: [GC (Allocation Failure) [PSYoungGen: 56845K->1488K(57344K)] 397589K->342232K(633856K), 0.0016529 secs] [Times: user=0.00 sys=0.00, real=0.00 secs] 
3200.712: [GC (Allocation Failure) [PSYoungGen: 56784K->1376K(57344K)] 397528K->342120K(633856K), 0.0032853 secs] [Times: user=0.01 sys=0.00, real=0.01 secs] 
3201.147: [GC (Allocation Failure) [PSYoungGen: 56672K->1376K(57344K)] 397416K->342120K(633856K), 0.0033447 secs] [Times: user=0.02 sys=0.00, real=0.00 secs] 
3201.578: [GC (Allocation Failure) [PSYoungGen: 56672K->1392K(57344K)] 397416K->342136K(633856K), 0.0033218 secs] [Times: user=0.01 sys=0.00, real=0.00 secs] 
3201.977: [GC (Allocation Failure) [PSYoungGen: 56688K->1408K(57344K)] 397432K->342152K(633856K), 0.0025473 secs] [Times: user=0.01 sys=0.00, real=0.00 secs] 
3202.437: [GC (Allocation Failure) [PSYoungGen: 56704K->1469K(57344K)] 397448K->342213K(633856K), 0.0016422 secs] [Times: user=0.01 sys=0.00, real=0.00 secs] 
3202.761: [GC (Allocation Failure) [PSYoungGen: 56765K->1533K(57344K)] 397509K->342293K(633856K), 0.0016998 secs] [Times: user=0.01 sys=0.00, real=0.00 secs] 
3203.083: [GC (Allocation Failure) [PSYoungGen: 56829K->1613K(57344K)] 397589K->342374K(633856K), 0.0017034 secs] [Times: user=0.01 sys=0.00, real=0.00 secs] 
3203.406: [GC (Allocation Failure) [PSYoungGen: 56909K->1549K(57344K)] 397670K->342309K(633856K), 0.0016671 secs] [Times: user=0.01 sys=0.00, real=0.00 secs] 
3203.731: [GC (Allocation Failure) [PSYoungGen: 56823K->1597K(57344K)] 397584K->342357K(633856K), 0.0016674 secs] [Times: user=0.00 sys=0.00, real=0.00 secs] 
3204.038: [GC (Allocation Failure) [PSYoungGen: 56893K->1408K(57344K)] 397653K->342168K(633856K), 0.0016373 secs] [Times: user=0.01 sys=0.00, real=0.00 secs] 
3204.458: [GC (Allocation Failure) [PSYoungGen: 56704K->1376K(57344K)] 397464K->342136K(633856K), 0.0017840 secs] [Times: user=0.01 sys=0.00, real=0.00 secs] 
3204.904: [GC (Allocation Failure) [PSYoungGen: 56672K->1376K(57344K)] 397432K->342136K(633856K), 0.0033418 secs] [Times: user=0.01 sys=0.00, real=0.01 secs] 
3205.328: [GC (Allocation Failure) [PSYoungGen: 56672K->1344K(57344K)] 397432K->342104K(633856K), 0.0026565 secs] [Times: user=0.01 sys=0.00, real=0.00 secs] 
3205.772: [GC (Allocation Failure) [PSYoungGen: 56640K->1440K(57344K)] 397400K->342200K(633856K), 0.0023335 secs] [Times: user=0.01 sys=0.00, real=0.00 secs] 
3206.237: [GC (Allocation Failure) [PSYoungGen: 56736K->1565K(57344K)] 397496K->342333K(633856K), 0.0016788 secs] [Times: user=0.01 sys=0.00, real=0.00 secs] 
3206.560: [GC (Allocation Failure) [PSYoungGen: 56861K->1565K(57344K)] 397629K->342349K(633856K), 0.0016958 secs] [Times: user=0.01 sys=0.00, real=0.00 secs] 
3206.882: [GC (Allocation Failure) [PSYoungGen: 56861K->1597K(57344K)] 397645K->342381K(633856K), 0.0018130 secs] [Times: user=0.00 sys=0.00, real=0.00 secs] 
3207.205: [GC (Allocation Failure) [PSYoungGen: 56893K->1584K(57344K)] 397677K->342368K(633856K), 0.0016887 secs] [Times: user=0.00 sys=0.00, real=0.00 secs] 
3207.508: [GC (Allocation Failure) [PSYoungGen: 56880K->1472K(57344K)] 397664K->342256K(633856K), 0.0017071 secs] [Times: user=0.00 sys=0.00, real=0.00 secs] 
3207.771: [GC (Allocation Failure) [PSYoungGen: 56768K->1376K(57344K)] 397552K->342160K(633856K), 0.0018404 secs] [Times: user=0.01 sys=0.00, real=0.00 secs] 
3208.000: [GC (Allocation Failure) [PSYoungGen: 56672K->1376K(57344K)] 397456K->342160K(633856K), 0.0015617 secs] [Times: user=0.00 sys=0.00, real=0.00 secs] 
3208.240: [GC (Allocation Failure) [PSYoungGen: 56672K->1376K(57344K)] 397456K->342160K(633856K), 0.0016452 secs] [Times: user=0.01 sys=0.00, real=0.00 secs] 
3208.486: [GC (Allocation Failure) [PSYoungGen: 56672K->1440K(57344K)] 397456K->342224K(633856K), 0.0018119 secs] [Times: user=0.01 sys=0.00, real=0.00 secs] 
3208.849: [GC (Allocation Failure) [PSYoungGen: 56736K->1469K(57344K)] 397520K->342253K(633856K), 0.0016367 secs] [Times: user=0.01 sys=0.00, real=0.00 secs] 
3209.171: [GC (Allocation Failure) [PSYoungGen: 56765K->1533K(57344K)] 397549K->342333K(633856K), 0.0017081 secs] [Times: user=0.00 sys=0.00, real=0.00 secs] 
3209.495: [GC (Allocation Failure) [PSYoungGen: 56829K->1565K(57344K)] 397629K->342365K(633856K), 0.0016944 secs] [Times: user=0.01 sys=0.00, real=0.01 secs] 
3209.817: [GC (Allocation Failure) [PSYoungGen: 56861K->1565K(57344K)] 397661K->342365K(633856K), 0.0016893 secs] [Times: user=0.01 sys=0.00, real=0.00 secs] 
3210.139: [GC (Allocation Failure) [PSYoungGen: 56861K->400K(57344K)] 397661K->341200K(633856K), 0.0015638 secs] [Times: user=0.01 sys=0.00, real=0.00 secs] 
3210.365: [GC (Allocation Failure) [PSYoungGen: 55696K->1440K(57344K)] 396496K->342240K(633856K), 0.0015745 secs] [Times: user=0.01 sys=0.00, real=0.00 secs] 
3210.688: [GC (Allocation Failure) [PSYoungGen: 56736K->1408K(57344K)] 397536K->342216K(633856K), 0.0017106 secs] [Times: user=0.00 sys=0.00, real=0.00 secs] 
3211.122: [GC (Allocation Failure) [PSYoungGen: 56704K->1376K(57344K)] 397512K->342184K(633856K), 0.0019041 secs] [Times: user=0.01 sys=0.00, real=0.00 secs] 
3211.568: [GC (Allocation Failure) [PSYoungGen: 56672K->1392K(57344K)] 397480K->342200K(633856K), 0.0020373 secs] [Times: user=0.01 sys=0.00, real=0.00 secs] 
3212.102: [GC (Allocation Failure) [PSYoungGen: 56688K->1408K(57344K)] 397496K->342216K(633856K), 0.0040954 secs] [Times: user=0.02 sys=0.00, real=0.01 secs] 
3212.601: [GC (GCLocker Initiated GC) [PSYoungGen: 56704K->1501K(57344K)] 397512K->342325K(633856K), 0.0015618 secs] [Times: user=0.01 sys=0.00, real=0.00 secs] 
3212.990: [GC (Allocation Failure) [PSYoungGen: 56797K->1520K(57344K)] 398711K->343434K(633856K), 0.0016305 secs] [Times: user=0.00 sys=0.00, real=0.00 secs] 
3213.374: [GC (Allocation Failure) [PSYoungGen: 56816K->1616K(57344K)] 398730K->343530K(633856K), 0.0017558 secs] [Times: user=0.01 sys=0.00, real=0.01 secs] 
3213.762: [GC (Allocation Failure) [PSYoungGen: 56912K->1645K(57344K)] 398826K->343559K(633856K), 0.0017998 secs] [Times: user=0.01 sys=0.00, real=0.00 secs] 
3214.090: [GC (Allocation Failure) [PSYoungGen: 56941K->1584K(57344K)] 398855K->343498K(633856K), 0.0024567 secs] [Times: user=0.01 sys=0.00, real=0.00 secs] 
3214.321: [GC (Allocation Failure) [PSYoungGen: 56880K->1472K(57344K)] 398794K->343386K(633856K), 0.0020957 secs] [Times: user=0.01 sys=0.00, real=0.00 secs] 
3214.551: [GC (Allocation Failure) [PSYoungGen: 56768K->1504K(57344K)] 398682K->343418K(633856K), 0.0019117 secs] [Times: user=0.01 sys=0.00, real=0.00 secs] 
3214.781: [GC (Allocation Failure) [PSYoungGen: 56800K->1504K(57344K)] 398714K->343418K(633856K), 0.0020123 secs] [Times: user=0.01 sys=0.00, real=0.00 secs] 
3215.120: [GC (Allocation Failure) [PSYoungGen: 56800K->1504K(57344K)] 398714K->343418K(633856K), 0.0019567 secs] [Times: user=0.01 sys=0.00, real=0.00 secs] 
3215.431: [GC (Allocation Failure) [PSYoungGen: 56800K->1597K(57344K)] 398714K->343511K(633856K), 0.0016709 secs] [Times: user=0.00 sys=0.00, real=0.00 secs] 
3215.845: [GC (Allocation Failure) [PSYoungGen: 56893K->1616K(57344K)] 398807K->343546K(633856K), 0.0017401 secs] [Times: user=0.00 sys=0.00, real=0.01 secs] 
3216.171: [GC (Allocation Failure) [PSYoungGen: 56912K->1600K(57344K)] 398842K->343554K(633856K), 0.0016948 secs] [Times: user=0.00 sys=0.00, real=0.00 secs] 
3216.494: [GC (Allocation Failure) [PSYoungGen: 56896K->1629K(57344K)] 398850K->343583K(633856K), 0.0017192 secs] [Times: user=0.01 sys=0.00, real=0.01 secs] 
3216.811: [GC (Allocation Failure) [PSYoungGen: 56925K->1792K(57344K)] 398879K->343746K(633856K), 0.0016311 secs] [Times: user=0.01 sys=0.00, real=0.00 secs] 
3217.047: [GC (Allocation Failure) [PSYoungGen: 57088K->1504K(57344K)] 399042K->343458K(633856K), 0.0028501 secs] [Times: user=0.01 sys=0.01, real=0.00 secs] 
3217.274: [GC (Allocation Failure) [PSYoungGen: 56800K->1472K(57344K)] 398754K->343466K(633856K), 0.0019862 secs] [Times: user=0.00 sys=0.00, real=0.01 secs] 
3217.503: [GC (Allocation Failure) [PSYoungGen: 56768K->1440K(57344K)] 398762K->343442K(633856K), 0.0020174 secs] [Times: user=0.00 sys=0.00, real=0.01 secs] 
3217.733: [GC (Allocation Failure) [PSYoungGen: 56736K->1408K(57344K)] 398738K->343490K(633856K), 0.0020335 secs] [Times: user=0.01 sys=0.00, real=0.01 secs] 
3217.972: [GC (Allocation Failure) [PSYoungGen: 56600K->288K(57344K)] 398682K->342370K(633856K), 0.0018457 secs] [Times: user=0.01 sys=0.00, real=0.00 secs] 
3218.303: [GC (Allocation Failure) [PSYoungGen: 55583K->1533K(57344K)] 397665K->343639K(633856K), 0.0016940 secs] [Times: user=0.01 sys=0.00, real=0.00 secs] 
3218.625: [GC (Allocation Failure) [PSYoungGen: 56829K->1549K(57344K)] 398935K->343655K(633856K), 0.0016907 secs] [Times: user=0.01 sys=0.00, real=0.00 secs] 
3218.947: [GC (Allocation Failure) [PSYoungGen: 56845K->1533K(57344K)] 398951K->343639K(633856K), 0.0016990 secs] [Times: user=0.01 sys=0.00, real=0.00 secs] 
3219.269: [GC (Allocation Failure) [PSYoungGen: 56829K->1517K(57344K)] 398935K->343623K(633856K), 0.0017034 secs] [Times: user=0.00 sys=0.00, real=0.00 secs] 
3220.732: [GC (Allocation Failure) [PSYoungGen: 56813K->1440K(57344K)] 398919K->343546K(633856K), 0.0042522 secs] [Times: user=0.01 sys=0.00, real=0.01 secs] 
3221.647: [GC (Allocation Failure) [PSYoungGen: 56736K->1376K(57344K)] 398842K->343482K(633856K), 0.0037876 secs] [Times: user=0.02 sys=0.00, real=0.00 secs] 
3221.968: [GC (Allocation Failure) [PSYoungGen: 56672K->1376K(57344K)] 398778K->343482K(633856K), 0.0017941 secs] [Times: user=0.01 sys=0.00, real=0.00 secs] 
3222.398: [GC (Allocation Failure) [PSYoungGen: 56672K->1376K(57344K)] 398778K->343482K(633856K), 0.0020690 secs] [Times: user=0.01 sys=0.00, real=0.00 secs] 
3222.807: [GC (Allocation Failure) [PSYoungGen: 56672K->1408K(57344K)] 398778K->343514K(633856K), 0.0019252 secs] [Times: user=0.01 sys=0.00, real=0.00 secs] 
3223.237: [GC (Allocation Failure) [PSYoungGen: 56704K->1533K(57344K)] 398810K->343655K(633856K), 0.0016354 secs] [Times: user=0.01 sys=0.00, real=0.00 secs] 
3223.558: [GC (Allocation Failure) [PSYoungGen: 56829K->1581K(57344K)] 398951K->343703K(633856K), 0.0017005 secs] [Times: user=0.01 sys=0.00, real=0.00 secs] 
3223.942: [GC (Allocation Failure) [PSYoungGen: 56877K->1568K(57344K)] 398999K->343690K(633856K), 0.0016830 secs] [Times: user=0.01 sys=0.00, real=0.00 secs] 
3224.264: [GC (Allocation Failure) [PSYoungGen: 56864K->1533K(57344K)] 398986K->343655K(633856K), 0.0018123 secs] [Times: user=0.00 sys=0.00, real=0.01 secs] 
3225.130: [GC (Allocation Failure) [PSYoungGen: 56829K->2032K(57344K)] 398951K->344666K(633856K), 0.0043045 secs] [Times: user=0.02 sys=0.00, real=0.00 secs] 
3225.917: [GC (Allocation Failure) [PSYoungGen: 57328K->1376K(57344K)] 399962K->344010K(633856K), 0.0030815 secs] [Times: user=0.01 sys=0.00, real=0.00 secs] 
3226.335: [GC (Allocation Failure) [PSYoungGen: 56672K->1376K(57344K)] 399306K->344010K(633856K), 0.0025673 secs] [Times: user=0.01 sys=0.00, real=0.00 secs] 
3226.776: [GC (Allocation Failure) [PSYoungGen: 56672K->1408K(57344K)] 399306K->344042K(633856K), 0.0026336 secs] [Times: user=0.01 sys=0.00, real=0.00 secs] 
3227.207: [GC (Allocation Failure) [PSYoungGen: 56704K->1344K(57344K)] 399338K->343978K(633856K), 0.0021318 secs] [Times: user=0.01 sys=0.00, real=0.00 secs] 
3227.653: [GC (Allocation Failure) [PSYoungGen: 56613K->1517K(57344K)] 399247K->344151K(633856K), 0.0018654 secs] [Times: user=0.01 sys=0.00, real=0.01 secs] 
3228.002: [GC (Allocation Failure) [PSYoungGen: 56813K->1520K(57344K)] 399447K->344170K(633856K), 0.0016546 secs] [Times: user=0.00 sys=0.00, real=0.00 secs] 
3228.388: [GC (Allocation Failure) [PSYoungGen: 56816K->1549K(57344K)] 399466K->344199K(633856K), 0.0017936 secs] [Times: user=0.01 sys=0.00, real=0.00 secs] 
3228.710: [GC (Allocation Failure) [PSYoungGen: 56845K->1581K(57344K)] 399495K->344231K(633856K), 0.0017905 secs] [Times: user=0.01 sys=0.00, real=0.00 secs] 
3229.033: [GC (Allocation Failure) [PSYoungGen: 56877K->1533K(57344K)] 399527K->344183K(633856K), 0.0018398 secs] [Times: user=0.00 sys=0.00, real=0.01 secs] 
3229.336: [GC (Allocation Failure) [PSYoungGen: 56829K->1408K(57344K)] 399479K->344058K(633856K), 0.0026905 secs] [Times: user=0.01 sys=0.00, real=0.00 secs] 
3229.625: [GC (Allocation Failure) [PSYoungGen: 56704K->1392K(57344K)] 399354K->344042K(633856K), 0.0020245 secs] [Times: user=0.01 sys=0.00, real=0.00 secs] 
3229.906: [GC (Allocation Failure) [PSYoungGen: 56688K->1424K(57344K)] 399338K->344074K(633856K), 0.0019215 secs] [Times: user=0.01 sys=0.00, real=0.00 secs] 
3230.136: [GC (Allocation Failure) [PSYoungGen: 56720K->1344K(57344K)] 399370K->343994K(633856K), 0.0019605 secs] [Times: user=0.01 sys=0.00, real=0.00 secs] 
3230.365: [GC (Allocation Failure) [PSYoungGen: 56640K->1408K(57344K)] 399290K->344058K(633856K), 0.0018006 secs] [Times: user=0.01 sys=0.00, real=0.00 secs] 
3230.711: [GC (Allocation Failure) [PSYoungGen: 56704K->1517K(57344K)] 399354K->344175K(633856K), 0.0016631 secs] [Times: user=0.01 sys=0.00, real=0.00 secs] 
3231.035: [GC (Allocation Failure) [PSYoungGen: 56813K->1501K(57344K)] 399471K->344159K(633856K), 0.0017155 secs] [Times: user=0.00 sys=0.00, real=0.01 secs] 
3231.358: [GC (Allocation Failure) [PSYoungGen: 56797K->1565K(57344K)] 399455K->344223K(633856K), 0.0016802 secs] [Times: user=0.01 sys=0.00, real=0.00 secs] 
3231.680: [GC (Allocation Failure) [PSYoungGen: 56861K->1536K(57344K)] 399519K->344194K(633856K), 0.0016589 secs] [Times: user=0.01 sys=0.00, real=0.00 secs] 
3232.270: [GC (Allocation Failure) [PSYoungGen: 56832K->1472K(57344K)] 399490K->344130K(633856K), 0.0025168 secs] [Times: user=0.01 sys=0.00, real=0.00 secs] 
3233.037: [GC (Allocation Failure) [PSYoungGen: 56768K->1344K(57344K)] 399426K->344002K(633856K), 0.0023627 secs] [Times: user=0.01 sys=0.00, real=0.00 secs] 
3233.563: [GC (Allocation Failure) [PSYoungGen: 56640K->1376K(57344K)] 399298K->344034K(633856K), 0.0025277 secs] [Times: user=0.01 sys=0.00, real=0.01 secs] 
3233.837: [GC (Allocation Failure) [PSYoungGen: 56672K->1408K(57344K)] 399330K->344066K(633856K), 0.0019572 secs] [Times: user=0.01 sys=0.00, real=0.00 secs] 
3234.101: [GC (Allocation Failure) [PSYoungGen: 56704K->1424K(57344K)] 399362K->344082K(633856K), 0.0020245 secs] [Times: user=0.00 sys=0.00, real=0.00 secs] 
3234.530: [GC (Allocation Failure) [PSYoungGen: 56720K->1469K(57344K)] 399378K->344127K(633856K), 0.0019165 secs] [Times: user=0.01 sys=0.00, real=0.00 secs] 
3234.858: [GC (Allocation Failure) [PSYoungGen: 56765K->1565K(57344K)] 399423K->344239K(633856K), 0.0017267 secs] [Times: user=0.01 sys=0.00, real=0.00 secs] 
3235.181: [GC (Allocation Failure) [PSYoungGen: 56861K->1629K(57344K)] 399535K->344303K(633856K), 0.0016967 secs] [Times: user=0.00 sys=0.00, real=0.00 secs] 
3235.504: [GC (Allocation Failure) [PSYoungGen: 56925K->1533K(57344K)] 399599K->344207K(633856K), 0.0017000 secs] [Times: user=0.01 sys=0.00, real=0.01 secs] 
3235.891: [GC (Allocation Failure) [PSYoungGen: 56829K->1597K(57344K)] 399503K->344271K(633856K), 0.0018059 secs] [Times: user=0.00 sys=0.00, real=0.00 secs] 
3236.192: [GC (Allocation Failure) [PSYoungGen: 56893K->1408K(57344K)] 399567K->344082K(633856K), 0.0021528 secs] [Times: user=0.01 sys=0.00, real=0.00 secs] 
3236.423: [GC (Allocation Failure) [PSYoungGen: 56704K->1376K(57344K)] 399378K->344066K(633856K), 0.0020346 secs] [Times: user=0.01 sys=0.00, real=0.01 secs] 
3236.688: [GC (Allocation Failure) [PSYoungGen: 56672K->1376K(57344K)] 399362K->344066K(633856K), 0.0019114 secs] [Times: user=0.01 sys=0.00, real=0.00 secs] 
3236.917: [GC (Allocation Failure) [PSYoungGen: 56672K->1376K(57344K)] 399362K->344066K(633856K), 0.0018656 secs] [Times: user=0.01 sys=0.00, real=0.00 secs] 
3237.147: [GC (Allocation Failure) [PSYoungGen: 56672K->1440K(57344K)] 399362K->344130K(633856K), 0.0021108 secs] [Times: user=0.01 sys=0.00, real=0.00 secs] 
3237.489: [GC (Allocation Failure) [PSYoungGen: 56736K->1517K(57344K)] 399426K->344215K(633856K), 0.0017825 secs] [Times: user=0.01 sys=0.00, real=0.00 secs] 
3237.810: [GC (Allocation Failure) [PSYoungGen: 56813K->1597K(57344K)] 399511K->344295K(633856K), 0.0016970 secs] [Times: user=0.00 sys=0.00, real=0.00 secs] 
3238.132: [GC (Allocation Failure) [PSYoungGen: 56893K->1597K(57344K)] 399591K->344295K(633856K), 0.0017389 secs] [Times: user=0.01 sys=0.00, real=0.00 secs] 
3238.455: [GC (Allocation Failure) [PSYoungGen: 56893K->1549K(57344K)] 399591K->344247K(633856K), 0.0017404 secs] [Times: user=0.00 sys=0.00, real=0.00 secs] 
3239.746: [GC (Allocation Failure) [PSYoungGen: 56845K->1456K(57344K)] 399543K->344154K(633856K), 0.0041120 secs] [Times: user=0.02 sys=0.00, real=0.00 secs] 
3240.392: [GC (Allocation Failure) [PSYoungGen: 56752K->1376K(57344K)] 399450K->344074K(633856K), 0.0033019 secs] [Times: user=0.02 sys=0.00, real=0.01 secs] 
3240.855: [GC (Allocation Failure) [PSYoungGen: 56672K->1376K(57344K)] 399370K->344074K(633856K), 0.0026346 secs] [Times: user=0.01 sys=0.00, real=0.01 secs] 
3241.076: [GC (Allocation Failure) [PSYoungGen: 56672K->1392K(57344K)] 399370K->344090K(633856K), 0.0020213 secs] [Times: user=0.01 sys=0.00, real=0.00 secs] 
3241.361: [GC (Allocation Failure) [PSYoungGen: 56688K->1376K(57344K)] 399386K->344074K(633856K), 0.0020030 secs] [Times: user=0.01 sys=0.00, real=0.00 secs] 
3241.845: [GC (Allocation Failure) [PSYoungGen: 56672K->1469K(57344K)] 399370K->344167K(633856K), 0.0018773 secs] [Times: user=0.00 sys=0.00, real=0.00 secs] 
3242.168: [GC (Allocation Failure) [PSYoungGen: 56765K->1549K(57344K)] 399463K->344255K(633856K), 0.0017405 secs] [Times: user=0.01 sys=0.00, real=0.00 secs] 
3242.490: [GC (Allocation Failure) [PSYoungGen: 56845K->1581K(57344K)] 399551K->344287K(633856K), 0.0018195 secs] [Times: user=0.00 sys=0.00, real=0.00 secs] 
3242.875: [GC (Allocation Failure) [PSYoungGen: 56877K->1581K(57344K)] 399583K->344287K(633856K), 0.0017596 secs] [Times: user=0.00 sys=0.00, real=0.01 secs] 
3243.256: [GC (Allocation Failure) [PSYoungGen: 56877K->1581K(57344K)] 399583K->344287K(633856K), 0.0017707 secs] [Times: user=0.01 sys=0.00, real=0.00 secs] 
3243.530: [GC (Allocation Failure) [PSYoungGen: 56877K->1440K(57344K)] 399583K->344146K(633856K), 0.0020848 secs] [Times: user=0.01 sys=0.00, real=0.00 secs] 
3243.760: [GC (Allocation Failure) [PSYoungGen: 56736K->1408K(57344K)] 399442K->344114K(633856K), 0.0019353 secs] [Times: user=0.01 sys=0.00, real=0.00 secs] 
3243.990: [GC (Allocation Failure) [PSYoungGen: 56704K->1376K(57344K)] 399410K->344082K(633856K), 0.0018035 secs] [Times: user=0.01 sys=0.00, real=0.00 secs] 
3244.220: [GC (Allocation Failure) [PSYoungGen: 56672K->1392K(57344K)] 399378K->344098K(633856K), 0.0019268 secs] [Times: user=0.00 sys=0.00, real=0.00 secs] 
3244.631: [GC (Allocation Failure) [PSYoungGen: 56688K->1408K(57344K)] 399394K->344114K(633856K), 0.0019402 secs] [Times: user=0.01 sys=0.00, real=0.00 secs] 
3245.134: [GC (Allocation Failure) [PSYoungGen: 56704K->1584K(57344K)] 399410K->344298K(633856K), 0.0017879 secs] [Times: user=0.01 sys=0.00, real=0.01 secs] 
3245.516: [GC (Allocation Failure) [PSYoungGen: 56880K->1597K(57344K)] 399594K->344311K(633856K), 0.0018328 secs] [Times: user=0.01 sys=0.00, real=0.00 secs] 
3245.839: [GC (Allocation Failure) [PSYoungGen: 56892K->1613K(57344K)] 399606K->344343K(633856K), 0.0017577 secs] [Times: user=0.00 sys=0.00, real=0.00 secs] 
3246.165: [GC (Allocation Failure) [PSYoungGen: 56909K->1520K(57344K)] 399639K->344250K(633856K), 0.0016646 secs] [Times: user=0.00 sys=0.00, real=0.01 secs] 
3246.573: [GC (Allocation Failure) [PSYoungGen: 56816K->1440K(57344K)] 399546K->344170K(633856K), 0.0022024 secs] [Times: user=0.01 sys=0.00, real=0.01 secs] 
3246.825: [GC (Allocation Failure) [PSYoungGen: 56736K->1408K(57344K)] 399466K->344138K(633856K), 0.0020530 secs] [Times: user=0.01 sys=0.00, real=0.00 secs] 
3247.086: [GC (Allocation Failure) [PSYoungGen: 56704K->1376K(57344K)] 399434K->344106K(633856K), 0.0020649 secs] [Times: user=0.01 sys=0.00, real=0.00 secs] 
3247.651: [GC (Allocation Failure) [PSYoungGen: 56672K->1424K(57344K)] 399402K->344154K(633856K), 0.0020374 secs] [Times: user=0.00 sys=0.00, real=0.00 secs] 
3248.138: [GC (Allocation Failure) [PSYoungGen: 56720K->1408K(57344K)] 399450K->344138K(633856K), 0.0021044 secs] [Times: user=0.01 sys=0.00, real=0.00 secs] 
3248.652: [GC (Allocation Failure) [PSYoungGen: 56704K->1501K(57344K)] 399434K->344231K(633856K), 0.0016177 secs] [Times: user=0.01 sys=0.00, real=0.00 secs] 
3249.034: [GC (Allocation Failure) [PSYoungGen: 56797K->1536K(57344K)] 399527K->344274K(633856K), 0.0018013 secs] [Times: user=0.01 sys=0.00, real=0.01 secs] 
3249.418: [GC (Allocation Failure) [PSYoungGen: 56832K->1581K(57344K)] 399570K->344319K(633856K), 0.0018257 secs] [Times: user=0.01 sys=0.00, real=0.00 secs] 
3249.799: [GC (Allocation Failure) [PSYoungGen: 56877K->1565K(57344K)] 399615K->344303K(633856K), 0.0017501 secs] [Times: user=0.00 sys=0.00, real=0.00 secs] 
3250.121: [GC (Allocation Failure) [PSYoungGen: 56861K->1549K(57344K)] 399599K->344287K(633856K), 0.0018022 secs] [Times: user=0.01 sys=0.00, real=0.00 secs] 
3250.591: [GC (Allocation Failure) [PSYoungGen: 56845K->1440K(57344K)] 399583K->344178K(633856K), 0.0032385 secs] [Times: user=0.02 sys=0.01, real=0.00 secs] 
3250.992: [GC (Allocation Failure) [PSYoungGen: 56736K->1408K(57344K)] 399474K->344146K(633856K), 0.0022366 secs] [Times: user=0.00 sys=0.00, real=0.01 secs] 
3251.250: [GC (Allocation Failure) [PSYoungGen: 56704K->1344K(57344K)] 399442K->344082K(633856K), 0.0018580 secs] [Times: user=0.01 sys=0.00, real=0.00 secs] 
3251.563: [GC (Allocation Failure) [PSYoungGen: 56640K->1392K(57344K)] 399378K->344130K(633856K), 0.0019934 secs] [Times: user=0.01 sys=0.00, real=0.01 secs] 
3251.823: [GC (Allocation Failure) [PSYoungGen: 56688K->1376K(57344K)] 399426K->344114K(633856K), 0.0020529 secs] [Times: user=0.01 sys=0.00, real=0.01 secs] 
3252.197: [GC (Allocation Failure) [PSYoungGen: 56672K->1533K(57344K)] 399410K->344279K(633856K), 0.0017632 secs] [Times: user=0.00 sys=0.00, real=0.00 secs] 
3252.519: [GC (Allocation Failure) [PSYoungGen: 56829K->1565K(57344K)] 399575K->344311K(633856K), 0.0017884 secs] [Times: user=0.01 sys=0.00, real=0.00 secs] 
3252.842: [GC (Allocation Failure) [PSYoungGen: 56861K->1581K(57344K)] 399607K->344327K(633856K), 0.0017986 secs] [Times: user=0.01 sys=0.00, real=0.00 secs] 
3253.164: [GC (Allocation Failure) [PSYoungGen: 56877K->1549K(57344K)] 399623K->344295K(633856K), 0.0017180 secs] [Times: user=0.01 sys=0.00, real=0.01 secs] 
3253.731: [GC (Allocation Failure) [PSYoungGen: 56845K->1472K(57344K)] 399591K->344226K(633856K), 0.0024962 secs] [Times: user=0.01 sys=0.00, real=0.00 secs] 
3254.611: [GC (Allocation Failure) [PSYoungGen: 56768K->1376K(57344K)] 399522K->344130K(633856K), 0.0040030 secs] [Times: user=0.01 sys=0.00, real=0.01 secs] 
3255.260: [GC (Allocation Failure) [PSYoungGen: 56672K->1344K(57344K)] 399426K->344098K(633856K), 0.0033053 secs] [Times: user=0.01 sys=0.00, real=0.00 secs] 
3255.802: [GC (Allocation Failure) [PSYoungGen: 56640K->1376K(57344K)] 399394K->344130K(633856K), 0.0024125 secs] [Times: user=0.01 sys=0.00, real=0.01 secs] 
3256.033: [GC (Allocation Failure) [PSYoungGen: 56672K->1408K(57344K)] 399426K->344162K(633856K), 0.0021675 secs] [Times: user=0.00 sys=0.01, real=0.01 secs] 
3256.307: [GC (Allocation Failure) [PSYoungGen: 56704K->1405K(57344K)] 399458K->344167K(633856K), 0.0016610 secs] [Times: user=0.01 sys=0.00, real=0.00 secs] 
3256.639: [GC (Allocation Failure) [PSYoungGen: 56701K->1565K(57344K)] 399463K->344351K(633856K), 0.0016468 secs] [Times: user=0.00 sys=0.00, real=0.00 secs] 
3257.022: [GC (Allocation Failure) [PSYoungGen: 56861K->1597K(57344K)] 399647K->344383K(633856K), 0.0017864 secs] [Times: user=0.01 sys=0.00, real=0.00 secs] 
3257.408: [GC (Allocation Failure) [PSYoungGen: 56893K->1584K(57344K)] 399679K->344370K(633856K), 0.0017957 secs] [Times: user=0.00 sys=0.00, real=0.00 secs] 
3257.793: [GC (Allocation Failure) [PSYoungGen: 56880K->1581K(57344K)] 399666K->344367K(633856K), 0.0018051 secs] [Times: user=0.01 sys=0.00, real=0.00 secs] 
3259.855: [GC (Allocation Failure) [PSYoungGen: 56877K->1408K(57344K)] 399663K->344194K(633856K), 0.0040591 secs] [Times: user=0.02 sys=0.00, real=0.00 secs] 
3260.330: [GC (Allocation Failure) [PSYoungGen: 56704K->1376K(57344K)] 399490K->344162K(633856K), 0.0025367 secs] [Times: user=0.01 sys=0.00, real=0.00 secs] 
3260.826: [GC (Allocation Failure) [PSYoungGen: 56672K->1440K(57344K)] 399458K->344226K(633856K), 0.0018844 secs] [Times: user=0.01 sys=0.00, real=0.00 secs] 
3261.278: [GC (Allocation Failure) [PSYoungGen: 56736K->1408K(57344K)] 399522K->344194K(633856K), 0.0018893 secs] [Times: user=0.01 sys=0.00, real=0.00 secs] 
3261.667: [GC (Allocation Failure) [PSYoungGen: 56704K->1376K(57344K)] 399490K->344162K(633856K), 0.0020855 secs] [Times: user=0.01 sys=0.00, real=0.00 secs] 
3262.107: [GC (Allocation Failure) [PSYoungGen: 56672K->1472K(57344K)] 399458K->344266K(633856K), 0.0018010 secs] [Times: user=0.01 sys=0.00, real=0.00 secs] 
3262.489: [GC (Allocation Failure) [PSYoungGen: 56768K->1581K(57344K)] 399562K->344375K(633856K), 0.0018477 secs] [Times: user=0.01 sys=0.00, real=0.00 secs] 
3262.812: [GC (Allocation Failure) [PSYoungGen: 56877K->1613K(57344K)] 399671K->344407K(633856K), 0.0018222 secs] [Times: user=0.00 sys=0.00, real=0.00 secs] 
3263.135: [GC (Allocation Failure) [PSYoungGen: 56909K->1549K(57344K)] 399703K->344343K(633856K), 0.0018175 secs] [Times: user=0.01 sys=0.00, real=0.00 secs] 
3263.446: [GC (Allocation Failure) [PSYoungGen: 56845K->1504K(57344K)] 399639K->344298K(633856K), 0.0024036 secs] [Times: user=0.01 sys=0.00, real=0.00 secs] 
3263.697: [GC (Allocation Failure) [PSYoungGen: 56800K->1424K(57344K)] 399594K->344218K(633856K), 0.0022374 secs] [Times: user=0.01 sys=0.00, real=0.00 secs] 
3263.927: [GC (Allocation Failure) [PSYoungGen: 56720K->1408K(57344K)] 399514K->344202K(633856K), 0.0020115 secs] [Times: user=0.00 sys=0.00, real=0.00 secs] 
3264.157: [GC (Allocation Failure) [PSYoungGen: 56704K->1440K(57344K)] 399498K->344234K(633856K), 0.0019307 secs] [Times: user=0.01 sys=0.00, real=0.00 secs] 
3264.463: [GC (Allocation Failure) [PSYoungGen: 56736K->1408K(57344K)] 399530K->344202K(633856K), 0.0019828 secs] [Times: user=0.01 sys=0.00, real=0.01 secs] 
3264.814: [GC (Allocation Failure) [PSYoungGen: 56704K->1485K(57344K)] 399498K->344279K(633856K), 0.0016143 secs] [Times: user=0.01 sys=0.00, real=0.01 secs] 
3265.135: [GC (Allocation Failure) [PSYoungGen: 56781K->1613K(57344K)] 399575K->344431K(633856K), 0.0017320 secs] [Times: user=0.01 sys=0.00, real=0.01 secs] 
3265.456: [GC (Allocation Failure) [PSYoungGen: 56909K->1565K(57344K)] 399727K->344383K(633856K), 0.0017028 secs] [Times: user=0.00 sys=0.00, real=0.00 secs] 
3265.778: [GC (Allocation Failure) [PSYoungGen: 56861K->1565K(57344K)] 399679K->344399K(633856K), 0.0017229 secs] [Times: user=0.01 sys=0.00, real=0.00 secs] 
3266.100: [GC (Allocation Failure) [PSYoungGen: 56861K->1565K(57344K)] 399695K->344399K(633856K), 0.0016530 secs] [Times: user=0.00 sys=0.00, real=0.00 secs] 
3266.551: [GC (Allocation Failure) [PSYoungGen: 56861K->1440K(57344K)] 399695K->344274K(633856K), 0.0020222 secs] [Times: user=0.01 sys=0.00, real=0.00 secs] 
3266.965: [GC (Allocation Failure) [PSYoungGen: 56736K->1376K(57344K)] 399570K->344218K(633856K), 0.0016472 secs] [Times: user=0.01 sys=0.00, real=0.00 secs] 
3267.472: [GC (Allocation Failure) [PSYoungGen: 56672K->1376K(57344K)] 399514K->344218K(633856K), 0.0017560 secs] [Times: user=0.01 sys=0.00, real=0.00 secs] 
3267.979: [GC (Allocation Failure) [PSYoungGen: 56672K->1376K(57344K)] 399514K->344218K(633856K), 0.0018144 secs] [Times: user=0.01 sys=0.00, real=0.00 secs] 
3268.391: [GC (Allocation Failure) [PSYoungGen: 56672K->1376K(57344K)] 399514K->344218K(633856K), 0.0017180 secs] [Times: user=0.01 sys=0.01, real=0.00 secs] 
3268.747: [GC (Allocation Failure) [PSYoungGen: 56672K->1501K(57344K)] 399514K->344359K(633856K), 0.0016902 secs] [Times: user=0.00 sys=0.00, real=0.00 secs] 
3269.069: [GC (Allocation Failure) [PSYoungGen: 56797K->1533K(57344K)] 399655K->344391K(633856K), 0.0016867 secs] [Times: user=0.01 sys=0.00, real=0.00 secs] 
3269.391: [GC (Allocation Failure) [PSYoungGen: 56829K->1549K(57344K)] 399687K->344407K(633856K), 0.0016910 secs] [Times: user=0.01 sys=0.00, real=0.00 secs] 
3269.713: [GC (Allocation Failure) [PSYoungGen: 56845K->1517K(57344K)] 399703K->344375K(633856K), 0.0015776 secs] [Times: user=0.00 sys=0.00, real=0.01 secs] 
3270.094: [GC (Allocation Failure) [PSYoungGen: 56813K->1472K(57344K)] 399671K->344330K(633856K), 0.0019873 secs] [Times: user=0.01 sys=0.00, real=0.01 secs] 
3270.359: [GC (Allocation Failure) [PSYoungGen: 56768K->1376K(57344K)] 399626K->344234K(633856K), 0.0018992 secs] [Times: user=0.00 sys=0.00, real=0.00 secs] 
3270.592: [GC (Allocation Failure) [PSYoungGen: 56672K->1392K(57344K)] 399530K->344250K(633856K), 0.0017438 secs] [Times: user=0.01 sys=0.00, real=0.00 secs] 
3270.836: [GC (Allocation Failure) [PSYoungGen: 56688K->1376K(57344K)] 399546K->344234K(633856K), 0.0019306 secs] [Times: user=0.01 sys=0.00, real=0.00 secs] 
3271.083: [GC (Allocation Failure) [PSYoungGen: 56672K->1376K(57344K)] 399530K->344234K(633856K), 0.0018224 secs] [Times: user=0.00 sys=0.00, real=0.01 secs] 
3271.476: [GC (Allocation Failure) [PSYoungGen: 56672K->1469K(57344K)] 399530K->344327K(633856K), 0.0017090 secs] [Times: user=0.01 sys=0.00, real=0.00 secs] 
3271.797: [GC (Allocation Failure) [PSYoungGen: 56765K->1597K(57344K)] 399623K->344463K(633856K), 0.0017984 secs] [Times: user=0.00 sys=0.00, real=0.00 secs] 
3272.121: [GC (Allocation Failure) [PSYoungGen: 56893K->1549K(57344K)] 399759K->344415K(633856K), 0.0018180 secs] [Times: user=0.01 sys=0.00, real=0.00 secs] 
3272.444: [GC (Allocation Failure) [PSYoungGen: 56845K->1549K(57344K)] 399711K->344415K(633856K), 0.0018181 secs] [Times: user=0.01 sys=0.00, real=0.01 secs] 
3272.817: [GC (Allocation Failure) [PSYoungGen: 55988K->288K(57344K)] 398854K->343154K(633856K), 0.0016132 secs] [Times: user=0.01 sys=0.00, real=0.00 secs] 
3273.607: [GC (Allocation Failure) [PSYoungGen: 55584K->1376K(57344K)] 398450K->344242K(633856K), 0.0032681 secs] [Times: user=0.02 sys=0.01, real=0.00 secs] 
3274.182: [GC (Allocation Failure) [PSYoungGen: 56672K->1376K(57344K)] 399538K->344242K(633856K), 0.0035056 secs] [Times: user=0.02 sys=0.00, real=0.01 secs] 
3274.732: [GC (Allocation Failure) [PSYoungGen: 56672K->1376K(57344K)] 399538K->344242K(633856K), 0.0041608 secs] [Times: user=0.02 sys=0.00, real=0.01 secs] 
3275.280: [GC (Allocation Failure) [PSYoungGen: 56672K->1376K(57344K)] 399538K->344242K(633856K), 0.0027245 secs] [Times: user=0.01 sys=0.00, real=0.00 secs] 
3276.050: [GC (Allocation Failure) [PSYoungGen: 56672K->1376K(57344K)] 399538K->344242K(633856K), 0.0034393 secs] [Times: user=0.01 sys=0.00, real=0.00 secs] 
3276.583: [GC (Allocation Failure) [PSYoungGen: 56672K->1565K(57344K)] 399538K->344439K(633856K), 0.0016662 secs] [Times: user=0.01 sys=0.00, real=0.01 secs] 
3276.905: [GC (Allocation Failure) [PSYoungGen: 56861K->1613K(57344K)] 399735K->344487K(633856K), 0.0017246 secs] [Times: user=0.00 sys=0.00, real=0.01 secs] 
3277.236: [GC (Allocation Failure) [PSYoungGen: 56901K->1597K(57344K)] 399775K->344487K(633856K), 0.0016540 secs] [Times: user=0.01 sys=0.00, real=0.00 secs] 
3277.559: [GC (Allocation Failure) [PSYoungGen: 56893K->1581K(57344K)] 399783K->344471K(633856K), 0.0017056 secs] [Times: user=0.00 sys=0.00, real=0.00 secs] 
3277.972: [GC (Allocation Failure) [PSYoungGen: 56877K->1488K(57344K)] 399767K->344378K(633856K), 0.0019689 secs] [Times: user=0.01 sys=0.01, real=0.00 secs] 
3278.231: [GC (Allocation Failure) [PSYoungGen: 56784K->1376K(57344K)] 399674K->344266K(633856K), 0.0020395 secs] [Times: user=0.00 sys=0.00, real=0.00 secs] 
3278.521: [GC (Allocation Failure) [PSYoungGen: 56672K->1408K(57344K)] 399562K->344298K(633856K), 0.0019737 secs] [Times: user=0.01 sys=0.00, real=0.00 secs] 
3278.754: [GC (Allocation Failure) [PSYoungGen: 56704K->1376K(57344K)] 399594K->344266K(633856K), 0.0027757 secs] [Times: user=0.01 sys=0.00, real=0.01 secs] 
3278.985: [GC (Allocation Failure) [PSYoungGen: 56672K->1408K(57344K)] 399562K->344298K(633856K), 0.0020219 secs] [Times: user=0.01 sys=0.00, real=0.00 secs] 
3279.291: [GC (Allocation Failure) [PSYoungGen: 56704K->1485K(57344K)] 399594K->344383K(633856K), 0.0016576 secs] [Times: user=0.01 sys=0.00, real=0.00 secs] 
3279.611: [GC (Allocation Failure) [PSYoungGen: 56781K->1568K(57344K)] 399679K->344474K(633856K), 0.0016793 secs] [Times: user=0.00 sys=0.00, real=0.00 secs] 
3279.934: [GC (Allocation Failure) [PSYoungGen: 56864K->1549K(57344K)] 399770K->344455K(633856K), 0.0017582 secs] [Times: user=0.01 sys=0.00, real=0.01 secs] 
3280.257: [GC (Allocation Failure) [PSYoungGen: 56845K->1597K(57344K)] 399751K->344503K(633856K), 0.0017810 secs] [Times: user=0.00 sys=0.00, real=0.00 secs] 
3280.671: [GC (Allocation Failure) [PSYoungGen: 56893K->1728K(57344K)] 399799K->344634K(633856K), 0.0019011 secs] [Times: user=0.01 sys=0.00, real=0.00 secs] 
3280.925: [GC (Allocation Failure) [PSYoungGen: 57024K->1424K(57344K)] 399930K->344330K(633856K), 0.0020772 secs] [Times: user=0.01 sys=0.01, real=0.00 secs] 
3281.155: [GC (Allocation Failure) [PSYoungGen: 56720K->1392K(57344K)] 399626K->344298K(633856K), 0.0019205 secs] [Times: user=0.01 sys=0.00, real=0.00 secs] 
3281.439: [GC (Allocation Failure) [PSYoungGen: 56688K->1344K(57344K)] 399594K->344250K(633856K), 0.0020129 secs] [Times: user=0.01 sys=0.00, real=0.00 secs] 
3281.668: [GC (Allocation Failure) [PSYoungGen: 56640K->1376K(57344K)] 399546K->344282K(633856K), 0.0020386 secs] [Times: user=0.01 sys=0.00, real=0.00 secs] 
3281.977: [GC (Allocation Failure) [PSYoungGen: 56572K->288K(57344K)] 399478K->343194K(633856K), 0.0018791 secs] [Times: user=0.01 sys=0.00, real=0.00 secs] 
3282.309: [GC (Allocation Failure) [PSYoungGen: 55584K->1597K(57344K)] 398490K->344519K(633856K), 0.0016793 secs] [Times: user=0.00 sys=0.00, real=0.00 secs] 
3282.633: [GC (Allocation Failure) [PSYoungGen: 56893K->1533K(57344K)] 399815K->344455K(633856K), 0.0017059 secs] [Times: user=0.00 sys=0.00, real=0.00 secs] 
3282.954: [GC (Allocation Failure) [PSYoungGen: 56826K->1584K(57344K)] 399748K->344506K(633856K), 0.0017333 secs] [Times: user=0.00 sys=0.00, real=0.01 secs] 
3283.279: [GC (Allocation Failure) [PSYoungGen: 56876K->1504K(57344K)] 399798K->344426K(633856K), 0.0016882 secs] [Times: user=0.01 sys=0.00, real=0.00 secs] 
3283.565: [GC (Allocation Failure) [PSYoungGen: 56800K->1408K(57344K)] 399722K->344330K(633856K), 0.0016568 secs] [Times: user=0.01 sys=0.00, real=0.00 secs] 
3283.794: [GC (Allocation Failure) [PSYoungGen: 56704K->1344K(57344K)] 399626K->344266K(633856K), 0.0015759 secs] [Times: user=0.01 sys=0.00, real=0.01 secs] 
3284.136: [GC (Allocation Failure) [PSYoungGen: 56640K->1344K(57344K)] 399562K->344266K(633856K), 0.0016093 secs] [Times: user=0.01 sys=0.00, real=0.00 secs] 
3284.582: [GC (Allocation Failure) [PSYoungGen: 56640K->1344K(57344K)] 399562K->344266K(633856K), 0.0017721 secs] [Times: user=0.00 sys=0.00, real=0.00 secs] 
3285.043: [GC (Allocation Failure) [PSYoungGen: 56640K->1440K(57344K)] 399562K->344362K(633856K), 0.0039026 secs] [Times: user=0.02 sys=0.00, real=0.01 secs] 
3285.567: [GC (Allocation Failure) [PSYoungGen: 56736K->1469K(57344K)] 399658K->344399K(633856K), 0.0016626 secs] [Times: user=0.00 sys=0.00, real=0.00 secs] 
3285.890: [GC (Allocation Failure) [PSYoungGen: 56765K->1565K(57344K)] 399695K->344495K(633856K), 0.0016908 secs] [Times: user=0.01 sys=0.00, real=0.00 secs] 
3286.211: [GC (Allocation Failure) [PSYoungGen: 56861K->1597K(57344K)] 399791K->344527K(633856K), 0.0017057 secs] [Times: user=0.01 sys=0.00, real=0.00 secs] 
3286.540: [GC (Allocation Failure) [PSYoungGen: 56893K->1581K(57344K)] 399823K->344511K(633856K), 0.0017299 secs] [Times: user=0.01 sys=0.00, real=0.00 secs] 
3286.893: [GC (Allocation Failure) [PSYoungGen: 56877K->1984K(57344K)] 399807K->344914K(633856K), 0.0018798 secs] [Times: user=0.00 sys=0.00, real=0.00 secs] 
3287.245: [GC (Allocation Failure) [PSYoungGen: 57280K->1376K(57344K)] 400210K->344306K(633856K), 0.0048181 secs] [Times: user=0.02 sys=0.00, real=0.00 secs] 
3287.577: [GC (Allocation Failure) [PSYoungGen: 56672K->1344K(57344K)] 399602K->344274K(633856K), 0.0021958 secs] [Times: user=0.01 sys=0.00, real=0.00 secs] 
3288.049: [GC (Allocation Failure) [PSYoungGen: 56640K->1408K(57344K)] 399570K->344338K(633856K), 0.0028059 secs] [Times: user=0.01 sys=0.00, real=0.00 secs] 
3288.517: [GC (Allocation Failure) [PSYoungGen: 56704K->1408K(57344K)] 399634K->344338K(633856K), 0.0026981 secs] [Times: user=0.01 sys=0.00, real=0.00 secs] 
3289.015: [GC (Allocation Failure) [PSYoungGen: 56696K->1469K(57344K)] 399627K->344399K(633856K), 0.0026485 secs] [Times: user=0.01 sys=0.00, real=0.00 secs] 
3289.412: [GC (Allocation Failure) [PSYoungGen: 56765K->1581K(57344K)] 399695K->344519K(633856K), 0.0016923 secs] [Times: user=0.01 sys=0.00, real=0.00 secs] 
3289.735: [GC (Allocation Failure) [PSYoungGen: 56877K->1533K(57344K)] 399815K->344471K(633856K), 0.0017039 secs] [Times: user=0.01 sys=0.00, real=0.01 secs] 
3290.057: [GC (Allocation Failure) [PSYoungGen: 56829K->1533K(57344K)] 399767K->344471K(633856K), 0.0016778 secs] [Times: user=0.01 sys=0.00, real=0.00 secs] 
3290.380: [GC (Allocation Failure) [PSYoungGen: 56829K->1597K(57344K)] 399767K->344535K(633856K), 0.0017277 secs] [Times: user=0.01 sys=0.00, real=0.00 secs] 
3290.691: [GC (Allocation Failure) [PSYoungGen: 56893K->1440K(57344K)] 399831K->344378K(633856K), 0.0018637 secs] [Times: user=0.01 sys=0.00, real=0.00 secs] 
3290.926: [GC (Allocation Failure) [PSYoungGen: 56736K->1376K(57344K)] 399674K->344314K(633856K), 0.0017882 secs] [Times: user=0.01 sys=0.00, real=0.00 secs] 
3291.208: [GC (Allocation Failure) [PSYoungGen: 56672K->1312K(57344K)] 399610K->344250K(633856K), 0.0020060 secs] [Times: user=0.01 sys=0.00, real=0.00 secs] 
3291.482: [GC (Allocation Failure) [PSYoungGen: 56608K->1440K(57344K)] 399546K->344378K(633856K), 0.0018964 secs] [Times: user=0.00 sys=0.01, real=0.00 secs] 
3291.758: [GC (Allocation Failure) [PSYoungGen: 56736K->1376K(57344K)] 399674K->344314K(633856K), 0.0018514 secs] [Times: user=0.01 sys=0.00, real=0.00 secs] 
3292.110: [GC (Allocation Failure) [PSYoungGen: 56672K->1565K(57344K)] 399610K->344511K(633856K), 0.0016603 secs] [Times: user=0.00 sys=0.00, real=0.00 secs] 
3292.430: [GC (Allocation Failure) [PSYoungGen: 56861K->1565K(57344K)] 399807K->344511K(633856K), 0.0017045 secs] [Times: user=0.00 sys=0.00, real=0.00 secs] 
3292.754: [GC (Allocation Failure) [PSYoungGen: 56861K->1549K(57344K)] 399807K->344495K(633856K), 0.0017251 secs] [Times: user=0.01 sys=0.00, real=0.01 secs] 
3293.077: [GC (Allocation Failure) [PSYoungGen: 56845K->1584K(57344K)] 399791K->344530K(633856K), 0.0018074 secs] [Times: user=0.01 sys=0.00, real=0.00 secs] 
3293.434: [GC (Allocation Failure) [PSYoungGen: 56880K->1472K(57344K)] 399826K->344418K(633856K), 0.0019107 secs] [Times: user=0.01 sys=0.00, real=0.01 secs] 
3293.760: [GC (Allocation Failure) [PSYoungGen: 56768K->1376K(57344K)] 399714K->344330K(633856K), 0.0017557 secs] [Times: user=0.01 sys=0.00, real=0.00 secs] 
3294.085: [GC (Allocation Failure) [PSYoungGen: 56672K->1440K(57344K)] 399626K->344394K(633856K), 0.0018838 secs] [Times: user=0.00 sys=0.00, real=0.01 secs] 
3294.325: [GC (Allocation Failure) [PSYoungGen: 56736K->1376K(57344K)] 399690K->344330K(633856K), 0.0017899 secs] [Times: user=0.01 sys=0.00, real=0.00 secs] 
3294.683: [GC (Allocation Failure) [PSYoungGen: 56672K->1376K(57344K)] 399626K->344330K(633856K), 0.0018687 secs] [Times: user=0.00 sys=0.00, real=0.01 secs] 
3295.210: [GC (Allocation Failure) [PSYoungGen: 56672K->1469K(57344K)] 399626K->344423K(633856K), 0.0017644 secs] [Times: user=0.01 sys=0.00, real=0.00 secs] 
3295.545: [GC (Allocation Failure) [PSYoungGen: 56765K->1597K(57344K)] 399719K->344575K(633856K), 0.0016898 secs] [Times: user=0.00 sys=0.00, real=0.00 secs] 
3295.868: [GC (Allocation Failure) [PSYoungGen: 56893K->1549K(57344K)] 399871K->344527K(633856K), 0.0016953 secs] [Times: user=0.00 sys=0.00, real=0.00 secs] 
3296.190: [GC (Allocation Failure) [PSYoungGen: 56845K->1629K(57344K)] 399823K->344607K(633856K), 0.0016303 secs] [Times: user=0.00 sys=0.00, real=0.00 secs] 
3296.516: [GC (Allocation Failure) [PSYoungGen: 56925K->1565K(57344K)] 399903K->344543K(633856K), 0.0016977 secs] [Times: user=0.01 sys=0.00, real=0.00 secs] 
3296.856: [GC (Allocation Failure) [PSYoungGen: 56861K->1440K(57344K)] 399839K->344418K(633856K), 0.0018829 secs] [Times: user=0.00 sys=0.00, real=0.00 secs] 
3297.098: [GC (Allocation Failure) [PSYoungGen: 56736K->1376K(57344K)] 399714K->344354K(633856K), 0.0019298 secs] [Times: user=0.01 sys=0.00, real=0.00 secs] 
3297.342: [GC (Allocation Failure) [PSYoungGen: 56672K->1344K(57344K)] 399650K->344322K(633856K), 0.0018705 secs] [Times: user=0.01 sys=0.00, real=0.00 secs] 
3297.593: [GC (Allocation Failure) [PSYoungGen: 56640K->1408K(57344K)] 399618K->344386K(633856K), 0.0019680 secs] [Times: user=0.00 sys=0.00, real=0.01 secs] 
3297.823: [GC (Allocation Failure) [PSYoungGen: 56704K->1408K(57344K)] 399682K->344386K(633856K), 0.0018302 secs] [Times: user=0.00 sys=0.00, real=0.01 secs] 
3298.228: [GC (Allocation Failure) [PSYoungGen: 56704K->1501K(57344K)] 399682K->344487K(633856K), 0.0016667 secs] [Times: user=0.01 sys=0.00, real=0.00 secs] 
3298.550: [GC (Allocation Failure) [PSYoungGen: 56797K->1565K(57344K)] 399783K->344551K(633856K), 0.0017042 secs] [Times: user=0.01 sys=0.00, real=0.00 secs] 
3298.874: [GC (Allocation Failure) [PSYoungGen: 56861K->1549K(57344K)] 399847K->344535K(633856K), 0.0017776 secs] [Times: user=0.01 sys=0.00, real=0.01 secs] 
3299.257: [GC (Allocation Failure) [PSYoungGen: 56845K->1565K(57344K)] 399831K->344551K(633856K), 0.0018190 secs] [Times: user=0.01 sys=0.00, real=0.00 secs] 
3299.584: [GC (Allocation Failure) [PSYoungGen: 56861K->1472K(57344K)] 399847K->344458K(633856K), 0.0022615 secs] [Times: user=0.01 sys=0.00, real=0.01 secs] 
3299.814: [GC (Allocation Failure) [PSYoungGen: 56768K->1376K(57344K)] 399754K->344362K(633856K), 0.0020557 secs] [Times: user=0.01 sys=0.00, real=0.01 secs] 
3300.044: [GC (Allocation Failure) [PSYoungGen: 56672K->1376K(57344K)] 399658K->344362K(633856K), 0.0020424 secs] [Times: user=0.00 sys=0.00, real=0.01 secs] 
3300.274: [GC (Allocation Failure) [PSYoungGen: 56672K->1344K(57344K)] 399658K->344330K(633856K), 0.0020450 secs] [Times: user=0.01 sys=0.00, real=0.01 secs] 
3300.504: [GC (Allocation Failure) [PSYoungGen: 56640K->1408K(57344K)] 399626K->344394K(633856K), 0.0020352 secs] [Times: user=0.01 sys=0.00, real=0.01 secs] 
3300.784: [GC (Allocation Failure) [PSYoungGen: 56704K->1469K(57344K)] 399690K->344455K(633856K), 0.0016159 secs] [Times: user=0.01 sys=0.00, real=0.01 secs] 
3301.106: [GC (Allocation Failure) [PSYoungGen: 56765K->1533K(57344K)] 399751K->344543K(633856K), 0.0016913 secs] [Times: user=0.00 sys=0.00, real=0.00 secs] 
3301.432: [GC (Allocation Failure) [PSYoungGen: 56829K->1565K(57344K)] 399839K->344575K(633856K), 0.0017600 secs] [Times: user=0.01 sys=0.00, real=0.00 secs] 
3301.759: [GC (Allocation Failure) [PSYoungGen: 56861K->1584K(57344K)] 399871K->344594K(633856K), 0.0017468 secs] [Times: user=0.00 sys=0.00, real=0.00 secs] 
3302.084: [GC (Allocation Failure) [PSYoungGen: 56880K->1549K(57344K)] 399890K->344559K(633856K), 0.0016898 secs] [Times: user=0.01 sys=0.00, real=0.01 secs] 
3302.534: [GC (Allocation Failure) [PSYoungGen: 56845K->1408K(57344K)] 399855K->344418K(633856K), 0.0016101 secs] [Times: user=0.01 sys=0.00, real=0.01 secs] 
3302.989: [GC (Allocation Failure) [PSYoungGen: 56704K->1344K(57344K)] 399714K->344354K(633856K), 0.0036832 secs] [Times: user=0.02 sys=0.00, real=0.00 secs] 
3303.539: [GC (Allocation Failure) [PSYoungGen: 56640K->1376K(57344K)] 399650K->344386K(633856K), 0.0032458 secs] [Times: user=0.01 sys=0.00, real=0.00 secs] 
3304.076: [GC (Allocation Failure) [PSYoungGen: 56672K->1376K(57344K)] 399682K->344386K(633856K), 0.0026895 secs] [Times: user=0.01 sys=0.00, real=0.00 secs] 
3304.498: [GC (Allocation Failure) [PSYoungGen: 56672K->1408K(57344K)] 399682K->344418K(633856K), 0.0027557 secs] [Times: user=0.01 sys=0.00, real=0.00 secs] 
3304.930: [GC (Allocation Failure) [PSYoungGen: 56704K->1501K(57344K)] 399714K->344527K(633856K), 0.0017422 secs] [Times: user=0.01 sys=0.00, real=0.00 secs] 
3305.309: [GC (Allocation Failure) [PSYoungGen: 56797K->1584K(57344K)] 399823K->344610K(633856K), 0.0018125 secs] [Times: user=0.00 sys=0.00, real=0.00 secs] 
3305.631: [GC (Allocation Failure) [PSYoungGen: 56880K->1549K(57344K)] 399906K->344575K(633856K), 0.0017697 secs] [Times: user=0.01 sys=0.00, real=0.00 secs] 
3305.953: [GC (Allocation Failure) [PSYoungGen: 56845K->1533K(57344K)] 399871K->344559K(633856K), 0.0017460 secs] [Times: user=0.01 sys=0.00, real=0.01 secs] 
3306.290: [GC (Allocation Failure) [PSYoungGen: 56829K->1504K(57344K)] 399855K->344562K(633856K), 0.0021578 secs] [Times: user=0.01 sys=0.00, real=0.00 secs] 
3306.586: [GC (Allocation Failure) [PSYoungGen: 56800K->1344K(57344K)] 399858K->344402K(633856K), 0.0020189 secs] [Times: user=0.01 sys=0.00, real=0.00 secs] 
3306.814: [GC (Allocation Failure) [PSYoungGen: 56640K->1424K(57344K)] 399698K->344482K(633856K), 0.0020210 secs] [Times: user=0.01 sys=0.00, real=0.01 secs] 
3307.058: [GC (Allocation Failure) [PSYoungGen: 56720K->1376K(57344K)] 399778K->344434K(633856K), 0.0019803 secs] [Times: user=0.01 sys=0.00, real=0.00 secs] 
3307.288: [GC (Allocation Failure) [PSYoungGen: 56672K->1408K(57344K)] 399730K->344466K(633856K), 0.0020148 secs] [Times: user=0.01 sys=0.00, real=0.00 secs] 
3307.592: [GC (Allocation Failure) [PSYoungGen: 56704K->1485K(57344K)] 399762K->344543K(633856K), 0.0016573 secs] [Times: user=0.00 sys=0.00, real=0.00 secs] 
3307.976: [GC (Allocation Failure) [PSYoungGen: 56781K->1565K(57344K)] 399839K->344639K(633856K), 0.0017696 secs] [Times: user=0.01 sys=0.00, real=0.00 secs] 
3308.299: [GC (Allocation Failure) [PSYoungGen: 56861K->1549K(57344K)] 399935K->344623K(633856K), 0.0017550 secs] [Times: user=0.00 sys=0.00, real=0.00 secs] 
3308.621: [GC (Allocation Failure) [PSYoungGen: 56845K->1581K(57344K)] 399919K->344655K(633856K), 0.0017485 secs] [Times: user=0.00 sys=0.00, real=0.00 secs] 
3308.943: [GC (Allocation Failure) [PSYoungGen: 56877K->1549K(57344K)] 399951K->344623K(633856K), 0.0017379 secs] [Times: user=0.01 sys=0.00, real=0.01 secs] 
3309.920: [GC (Allocation Failure) [PSYoungGen: 56845K->1440K(57344K)] 399919K->344514K(633856K), 0.0028227 secs] [Times: user=0.01 sys=0.00, real=0.00 secs] 
3310.403: [GC (Allocation Failure) [PSYoungGen: 56736K->1376K(57344K)] 399810K->344450K(633856K), 0.0025082 secs] [Times: user=0.01 sys=0.00, real=0.01 secs] 
3310.880: [GC (Allocation Failure) [PSYoungGen: 56672K->1376K(57344K)] 399746K->344450K(633856K), 0.0024590 secs] [Times: user=0.01 sys=0.00, real=0.00 secs] 
3311.303: [GC (Allocation Failure) [PSYoungGen: 56672K->1344K(57344K)] 399746K->344418K(633856K), 0.0022977 secs] [Times: user=0.01 sys=0.00, real=0.01 secs] 
3311.789: [GC (Allocation Failure) [PSYoungGen: 56640K->1376K(57344K)] 399714K->344450K(633856K), 0.0027491 secs] [Times: user=0.01 sys=0.00, real=0.00 secs] 
3312.196: [GC (Allocation Failure) [PSYoungGen: 56672K->1501K(57344K)] 399746K->344599K(633856K), 0.0017142 secs] [Times: user=0.00 sys=0.01, real=0.00 secs] 
3312.518: [GC (Allocation Failure) [PSYoungGen: 56789K->1565K(57344K)] 399887K->344663K(633856K), 0.0015916 secs] [Times: user=0.01 sys=0.00, real=0.00 secs] 
3312.839: [GC (Allocation Failure) [PSYoungGen: 56861K->1568K(57344K)] 399959K->344666K(633856K), 0.0016890 secs] [Times: user=0.01 sys=0.00, real=0.00 secs] 
3313.162: [GC (Allocation Failure) [PSYoungGen: 56864K->1581K(57344K)] 399962K->344679K(633856K), 0.0016828 secs] [Times: user=0.00 sys=0.00, real=0.00 secs] 
3313.595: [GC (Allocation Failure) [PSYoungGen: 56877K->1520K(57344K)] 399975K->344618K(633856K), 0.0016993 secs] [Times: user=0.01 sys=0.00, real=0.00 secs] 
3314.228: [GC (Allocation Failure) [PSYoungGen: 56816K->1376K(57344K)] 399914K->344474K(633856K), 0.0038511 secs] [Times: user=0.02 sys=0.00, real=0.00 secs] 
3314.926: [GC (Allocation Failure) [PSYoungGen: 56672K->1344K(57344K)] 399770K->344442K(633856K), 0.0040495 secs] [Times: user=0.02 sys=0.00, real=0.00 secs] 
3315.619: [GC (Allocation Failure) [PSYoungGen: 56640K->1424K(57344K)] 399738K->344522K(633856K), 0.0040189 secs] [Times: user=0.02 sys=0.00, real=0.00 secs] 
3316.165: [GC (Allocation Failure) [PSYoungGen: 56720K->1376K(57344K)] 399818K->344474K(633856K), 0.0031534 secs] [Times: user=0.01 sys=0.00, real=0.01 secs] 
3316.553: [GC (Allocation Failure) [PSYoungGen: 56672K->1485K(57344K)] 399770K->344583K(633856K), 0.0016485 secs] [Times: user=0.01 sys=0.00, real=0.01 secs] 
3316.878: [GC (Allocation Failure) [PSYoungGen: 56781K->1581K(57344K)] 399879K->344687K(633856K), 0.0017389 secs] [Times: user=0.00 sys=0.00, real=0.00 secs] 
3317.201: [GC (Allocation Failure) [PSYoungGen: 56877K->1565K(57344K)] 399983K->344671K(633856K), 0.0017241 secs] [Times: user=0.01 sys=0.00, real=0.00 secs] 
3317.525: [GC (Allocation Failure) [PSYoungGen: 56861K->1581K(57344K)] 399967K->344711K(633856K), 0.0017137 secs] [Times: user=0.01 sys=0.00, real=0.01 secs] 
3317.847: [GC (Allocation Failure) [PSYoungGen: 56877K->1552K(57344K)] 400007K->344682K(633856K), 0.0017180 secs] [Times: user=0.01 sys=0.00, real=0.00 secs] 
3318.110: [GC (Allocation Failure) [PSYoungGen: 56848K->1408K(57344K)] 399978K->344538K(633856K), 0.0016834 secs] [Times: user=0.00 sys=0.00, real=0.00 secs] 
3318.339: [GC (Allocation Failure) [PSYoungGen: 56704K->1344K(57344K)] 399834K->344474K(633856K), 0.0017614 secs] [Times: user=0.01 sys=0.00, real=0.00 secs] 
3318.569: [GC (Allocation Failure) [PSYoungGen: 56640K->1408K(57344K)] 399770K->344538K(633856K), 0.0017690 secs] [Times: user=0.01 sys=0.00, real=0.00 secs] 
3318.799: [GC (Allocation Failure) [PSYoungGen: 56704K->1392K(57344K)] 399834K->344522K(633856K), 0.0017796 secs] [Times: user=0.01 sys=0.00, real=0.00 secs] 
3319.028: [GC (Allocation Failure) [PSYoungGen: 56688K->1408K(57344K)] 399818K->344538K(633856K), 0.0018814 secs] [Times: user=0.00 sys=0.01, real=0.00 secs] 
3319.367: [GC (Allocation Failure) [PSYoungGen: 56704K->1517K(57344K)] 399834K->344655K(633856K), 0.0016719 secs] [Times: user=0.01 sys=0.00, real=0.00 secs] 
3319.688: [GC (Allocation Failure) [PSYoungGen: 56813K->1520K(57344K)] 399951K->344658K(633856K), 0.0016681 secs] [Times: user=0.01 sys=0.00, real=0.00 secs] 
3320.011: [GC (Allocation Failure) [PSYoungGen: 56816K->1565K(57344K)] 399954K->344703K(633856K), 0.0017314 secs] [Times: user=0.01 sys=0.00, real=0.00 secs] 
3320.333: [GC (Allocation Failure) [PSYoungGen: 56847K->1549K(57344K)] 399986K->344687K(633856K), 0.0016816 secs] [Times: user=0.00 sys=0.00, real=0.00 secs] 
3320.657: [GC (Allocation Failure) [PSYoungGen: 56845K->1504K(57344K)] 399983K->344642K(633856K), 0.0018448 secs] [Times: user=0.01 sys=0.00, real=0.00 secs] 
3320.887: [GC (Allocation Failure) [PSYoungGen: 56800K->1376K(57344K)] 399938K->344514K(633856K), 0.0019068 secs] [Times: user=0.01 sys=0.00, real=0.00 secs] 
3321.117: [GC (Allocation Failure) [PSYoungGen: 56672K->1344K(57344K)] 399810K->344482K(633856K), 0.0018871 secs] [Times: user=0.01 sys=0.00, real=0.00 secs] 
3321.347: [GC (Allocation Failure) [PSYoungGen: 56640K->1408K(57344K)] 399778K->344546K(633856K), 0.0018308 secs] [Times: user=0.01 sys=0.00, real=0.00 secs] 
3321.576: [GC (Allocation Failure) [PSYoungGen: 56704K->1440K(57344K)] 399842K->344578K(633856K), 0.0018793 secs] [Times: user=0.00 sys=0.00, real=0.00 secs] 
3321.960: [GC (Allocation Failure) [PSYoungGen: 56736K->1501K(57344K)] 399874K->344639K(633856K), 0.0016888 secs] [Times: user=0.01 sys=0.00, real=0.00 secs] 
3322.283: [GC (Allocation Failure) [PSYoungGen: 56797K->1565K(57344K)] 399935K->344719K(633856K), 0.0017036 secs] [Times: user=0.01 sys=0.00, real=0.00 secs] 
3322.606: [GC (Allocation Failure) [PSYoungGen: 56861K->1549K(57344K)] 400015K->344703K(633856K), 0.0016894 secs] [Times: user=0.00 sys=0.00, real=0.00 secs] 
3322.928: [GC (Allocation Failure) [PSYoungGen: 56845K->1565K(57344K)] 399999K->344719K(633856K), 0.0017157 secs] [Times: user=0.00 sys=0.00, real=0.00 secs] 
3323.267: [GC (Allocation Failure) [PSYoungGen: 56861K->256K(57344K)] 400015K->343410K(633856K), 0.0018299 secs] [Times: user=0.01 sys=0.00, real=0.00 secs] 
3323.797: [GC (Allocation Failure) [PSYoungGen: 55552K->1392K(57344K)] 398706K->344546K(633856K), 0.0020555 secs] [Times: user=0.01 sys=0.00, real=0.00 secs] 
3324.238: [GC (Allocation Failure) [PSYoungGen: 56688K->1376K(57344K)] 399842K->344530K(633856K), 0.0031264 secs] [Times: user=0.02 sys=0.00, real=0.00 secs] 
3324.477: [GC (Allocation Failure) [PSYoungGen: 56672K->1376K(57344K)] 399826K->344530K(633856K), 0.0022247 secs] [Times: user=0.01 sys=0.00, real=0.00 secs] 
3324.734: [GC (Allocation Failure) [PSYoungGen: 56672K->1376K(57344K)] 399826K->344530K(633856K), 0.0019716 secs] [Times: user=0.01 sys=0.00, real=0.01 secs] 
3325.003: [GC (Allocation Failure) [PSYoungGen: 56672K->1408K(57344K)] 399826K->344562K(633856K), 0.0019358 secs] [Times: user=0.01 sys=0.00, real=0.01 secs] 
3325.386: [GC (Allocation Failure) [PSYoungGen: 56704K->1469K(57344K)] 399858K->344655K(633856K), 0.0016666 secs] [Times: user=0.01 sys=0.00, real=0.00 secs] 
3325.709: [GC (Allocation Failure) [PSYoungGen: 56765K->1565K(57344K)] 399951K->344751K(633856K), 0.0016741 secs] [Times: user=0.01 sys=0.00, real=0.00 secs] 
3326.031: [GC (Allocation Failure) [PSYoungGen: 56854K->1613K(57344K)] 400040K->344799K(633856K), 0.0017221 secs] [Times: user=0.01 sys=0.00, real=0.00 secs] 
3326.353: [GC (Allocation Failure) [PSYoungGen: 56909K->1568K(57344K)] 400095K->344754K(633856K), 0.0017788 secs] [Times: user=0.01 sys=0.00, real=0.01 secs] 
3326.818: [GC (Allocation Failure) [PSYoungGen: 56864K->1488K(57344K)] 400050K->344674K(633856K), 0.0019697 secs] [Times: user=0.01 sys=0.00, real=0.00 secs] 
3327.318: [GC (Allocation Failure) [PSYoungGen: 56784K->1344K(57344K)] 399970K->344530K(633856K), 0.0039106 secs] [Times: user=0.01 sys=0.00, real=0.00 secs] 
3327.563: [GC (Allocation Failure) [PSYoungGen: 56640K->1376K(57344K)] 399826K->344562K(633856K), 0.0019091 secs] [Times: user=0.01 sys=0.00, real=0.01 secs] 
3327.793: [GC (Allocation Failure) [PSYoungGen: 56672K->1392K(57344K)] 399858K->344578K(633856K), 0.0020302 secs] [Times: user=0.01 sys=0.00, real=0.01 secs] 
3328.023: [GC (Allocation Failure) [PSYoungGen: 56688K->1376K(57344K)] 399874K->344562K(633856K), 0.0019578 secs] [Times: user=0.01 sys=0.00, real=0.01 secs] 
3328.328: [GC (Allocation Failure) [PSYoungGen: 56672K->1485K(57344K)] 399858K->344679K(633856K), 0.0016190 secs] [Times: user=0.01 sys=0.00, real=0.00 secs] 
3328.651: [GC (Allocation Failure) [PSYoungGen: 56781K->1568K(57344K)] 399975K->344770K(633856K), 0.0017376 secs] [Times: user=0.01 sys=0.00, real=0.00 secs] 
3329.036: [GC (Allocation Failure) [PSYoungGen: 56864K->1517K(57344K)] 400066K->344719K(633856K), 0.0018324 secs] [Times: user=0.01 sys=0.00, real=0.00 secs] 
3329.419: [GC (Allocation Failure) [PSYoungGen: 56813K->1581K(57344K)] 400015K->344783K(633856K), 0.0017785 secs] [Times: user=0.00 sys=0.00, real=0.00 secs] 
3329.872: [GC (Allocation Failure) [PSYoungGen: 56877K->1728K(57344K)] 400079K->344930K(633856K), 0.0018953 secs] [Times: user=0.00 sys=0.00, real=0.00 secs] 
3330.380: [GC (Allocation Failure) [PSYoungGen: 57024K->1376K(57344K)] 400226K->344578K(633856K), 0.0033120 secs] [Times: user=0.01 sys=0.00, real=0.00 secs] 
3330.677: [GC (Allocation Failure) [PSYoungGen: 56672K->1408K(57344K)] 399874K->344610K(633856K), 0.0022122 secs] [Times: user=0.01 sys=0.00, real=0.00 secs] 
3330.907: [GC (Allocation Failure) [PSYoungGen: 56704K->1376K(57344K)] 399906K->344578K(633856K), 0.0021101 secs] [Times: user=0.01 sys=0.00, real=0.00 secs] 
3331.295: [GC (Allocation Failure) [PSYoungGen: 56672K->1392K(57344K)] 399874K->344594K(633856K), 0.0020519 secs] [Times: user=0.01 sys=0.00, real=0.00 secs] 
3331.685: [GC (Allocation Failure) [PSYoungGen: 56650K->272K(57344K)] 399852K->343474K(633856K), 0.0020035 secs] [Times: user=0.01 sys=0.00, real=0.00 secs] 
3332.104: [GC (Allocation Failure) [PSYoungGen: 55568K->1536K(57344K)] 398770K->344754K(633856K), 0.0017058 secs] [Times: user=0.01 sys=0.00, real=0.01 secs] 
3332.490: [GC (Allocation Failure) [PSYoungGen: 56832K->1565K(57344K)] 400050K->344783K(633856K), 0.0018020 secs] [Times: user=0.01 sys=0.00, real=0.00 secs] 
3332.873: [GC (Allocation Failure) [PSYoungGen: 56861K->1581K(57344K)] 400079K->344799K(633856K), 0.0017756 secs] [Times: user=0.01 sys=0.00, real=0.00 secs] 
3333.194: [GC (Allocation Failure) [PSYoungGen: 56877K->1581K(57344K)] 400095K->344799K(633856K), 0.0017860 secs] [Times: user=0.01 sys=0.00, real=0.01 secs] 
3333.644: [GC (Allocation Failure) [PSYoungGen: 56877K->1392K(57344K)] 400095K->344610K(633856K), 0.0034233 secs] [Times: user=0.02 sys=0.00, real=0.01 secs] 
3334.150: [GC (Allocation Failure) [PSYoungGen: 56688K->1344K(57344K)] 399906K->344562K(633856K), 0.0028938 secs] [Times: user=0.01 sys=0.00, real=0.00 secs] 
3334.711: [GC (Allocation Failure) [PSYoungGen: 56640K->1376K(57344K)] 399858K->344594K(633856K), 0.0035267 secs] [Times: user=0.02 sys=0.00, real=0.00 secs] 
3335.290: [GC (Allocation Failure) [PSYoungGen: 56672K->1376K(57344K)] 399890K->344594K(633856K), 0.0032922 secs] [Times: user=0.01 sys=0.00, real=0.00 secs] 
3335.970: [GC (Allocation Failure) [PSYoungGen: 56672K->1376K(57344K)] 399890K->344594K(633856K), 0.0027908 secs] [Times: user=0.01 sys=0.00, real=0.00 secs] 
3336.745: [GC (Allocation Failure) [PSYoungGen: 56652K->1501K(57344K)] 399870K->344727K(633856K), 0.0017463 secs] [Times: user=0.01 sys=0.00, real=0.00 secs] 
3337.069: [GC (Allocation Failure) [PSYoungGen: 56797K->1533K(57344K)] 400023K->344759K(633856K), 0.0017976 secs] [Times: user=0.00 sys=0.00, real=0.00 secs] 
3337.390: [GC (Allocation Failure) [PSYoungGen: 56829K->1501K(57344K)] 400055K->344743K(633856K), 0.0019702 secs] [Times: user=0.00 sys=0.00, real=0.00 secs] 
3337.713: [GC (Allocation Failure) [PSYoungGen: 56797K->1565K(57344K)] 400039K->344807K(633856K), 0.0018049 secs] [Times: user=0.00 sys=0.00, real=0.01 secs] 
3338.112: [GC (Allocation Failure) [PSYoungGen: 56861K->2016K(57344K)] 400103K->345258K(633856K), 0.0019487 secs] [Times: user=0.00 sys=0.00, real=0.00 secs] 
3338.381: [GC (Allocation Failure) [PSYoungGen: 57312K->1408K(57344K)] 400554K->344650K(633856K), 0.0020425 secs] [Times: user=0.01 sys=0.00, real=0.00 secs] 
3338.611: [GC (Allocation Failure) [PSYoungGen: 56704K->1408K(57344K)] 399946K->344650K(633856K), 0.0022453 secs] [Times: user=0.01 sys=0.00, real=0.00 secs] 
3338.841: [GC (Allocation Failure) [PSYoungGen: 56704K->1440K(57344K)] 399946K->344682K(633856K), 0.0018827 secs] [Times: user=0.01 sys=0.00, real=0.00 secs] 
3339.071: [GC (Allocation Failure) [PSYoungGen: 56736K->1344K(57344K)] 399978K->344586K(633856K), 0.0019085 secs] [Times: user=0.00 sys=0.00, real=0.00 secs] 
3339.369: [GC (Allocation Failure) [PSYoungGen: 56640K->1469K(57344K)] 399882K->344711K(633856K), 0.0024273 secs] [Times: user=0.01 sys=0.00, real=0.00 secs] 
3339.702: [GC (Allocation Failure) [PSYoungGen: 56765K->1581K(57344K)] 400007K->344831K(633856K), 0.0016594 secs] [Times: user=0.01 sys=0.00, real=0.00 secs] 
3340.088: [GC (Allocation Failure) [PSYoungGen: 56877K->1565K(57344K)] 400127K->344815K(633856K), 0.0017409 secs] [Times: user=0.01 sys=0.00, real=0.00 secs] 
3340.413: [GC (Allocation Failure) [PSYoungGen: 56861K->1533K(57344K)] 400111K->344783K(633856K), 0.0017587 secs] [Times: user=0.01 sys=0.00, real=0.01 secs] 
3340.738: [GC (Allocation Failure) [PSYoungGen: 56829K->1533K(57344K)] 400079K->344783K(633856K), 0.0018091 secs] [Times: user=0.01 sys=0.01, real=0.00 secs] 
3341.197: [GC (Allocation Failure) [PSYoungGen: 56829K->1376K(57344K)] 400079K->344626K(633856K), 0.0029148 secs] [Times: user=0.01 sys=0.00, real=0.00 secs] 
3341.454: [GC (Allocation Failure) [PSYoungGen: 56672K->1376K(57344K)] 399922K->344626K(633856K), 0.0020465 secs] [Times: user=0.01 sys=0.00, real=0.01 secs] 
3341.762: [GC (Allocation Failure) [PSYoungGen: 56672K->1408K(57344K)] 399922K->344658K(633856K), 0.0021228 secs] [Times: user=0.01 sys=0.00, real=0.00 secs] 
3341.992: [GC (Allocation Failure) [PSYoungGen: 56704K->1392K(57344K)] 399954K->344642K(633856K), 0.0021178 secs] [Times: user=0.01 sys=0.00, real=0.00 secs] 
3342.222: [GC (Allocation Failure) [PSYoungGen: 56688K->1408K(57344K)] 399938K->344658K(633856K), 0.0021774 secs] [Times: user=0.01 sys=0.00, real=0.00 secs] 
3342.627: [GC (Allocation Failure) [PSYoungGen: 56704K->1488K(57344K)] 399954K->344746K(633856K), 0.0016440 secs] [Times: user=0.00 sys=0.00, real=0.00 secs] 
3342.948: [GC (Allocation Failure) [PSYoungGen: 56784K->1533K(57344K)] 400042K->344791K(633856K), 0.0016990 secs] [Times: user=0.01 sys=0.00, real=0.00 secs] 
3343.274: [GC (Allocation Failure) [PSYoungGen: 56829K->1533K(57344K)] 400087K->344791K(633856K), 0.0017266 secs] [Times: user=0.01 sys=0.00, real=0.01 secs] 
3343.597: [GC (Allocation Failure) [PSYoungGen: 56829K->1581K(57344K)] 400087K->344839K(633856K), 0.0017834 secs] [Times: user=0.01 sys=0.00, real=0.00 secs] 
3344.009: [GC (Allocation Failure) [PSYoungGen: 56877K->1488K(57344K)] 400135K->344746K(633856K), 0.0020554 secs] [Times: user=0.01 sys=0.00, real=0.00 secs] 
3344.247: [GC (Allocation Failure) [PSYoungGen: 56784K->1376K(57344K)] 400042K->344634K(633856K), 0.0022579 secs] [Times: user=0.01 sys=0.00, real=0.00 secs] 
3344.472: [GC (Allocation Failure) [PSYoungGen: 56672K->1408K(57344K)] 399930K->344666K(633856K), 0.0021283 secs] [Times: user=0.01 sys=0.00, real=0.00 secs] 
3344.702: [GC (Allocation Failure) [PSYoungGen: 56704K->1408K(57344K)] 399962K->344666K(633856K), 0.0018592 secs] [Times: user=0.01 sys=0.00, real=0.00 secs] 
3344.931: [GC (Allocation Failure) [PSYoungGen: 56704K->1392K(57344K)] 399962K->344650K(633856K), 0.0019183 secs] [Times: user=0.01 sys=0.00, real=0.00 secs] 
3345.263: [GC (Allocation Failure) [PSYoungGen: 56688K->1440K(57344K)] 399946K->344714K(633856K), 0.0019633 secs] [Times: user=0.01 sys=0.00, real=0.01 secs] 
3345.587: [GC (Allocation Failure) [PSYoungGen: 56736K->1581K(57344K)] 400010K->344863K(633856K), 0.0017522 secs] [Times: user=0.00 sys=0.00, real=0.00 secs] 
3345.971: [GC (Allocation Failure) [PSYoungGen: 56877K->1565K(57344K)] 400159K->344847K(633856K), 0.0017883 secs] [Times: user=0.01 sys=0.00, real=0.00 secs] 
3346.293: [GC (Allocation Failure) [PSYoungGen: 56861K->1581K(57344K)] 400143K->344863K(633856K), 0.0017580 secs] [Times: user=0.01 sys=0.00, real=0.01 secs] 
3346.617: [GC (Allocation Failure) [PSYoungGen: 56877K->1552K(57344K)] 400159K->344834K(633856K), 0.0017605 secs] [Times: user=0.01 sys=0.00, real=0.00 secs] 
3346.938: [GC (Allocation Failure) [PSYoungGen: 56848K->1408K(57344K)] 400130K->344690K(633856K), 0.0028754 secs] [Times: user=0.02 sys=0.00, real=0.00 secs] 
3347.169: [GC (Allocation Failure) [PSYoungGen: 56704K->1376K(57344K)] 399986K->344658K(633856K), 0.0021036 secs] [Times: user=0.01 sys=0.00, real=0.00 secs] 
3347.399: [GC (Allocation Failure) [PSYoungGen: 56672K->1440K(57344K)] 399954K->344722K(633856K), 0.0019689 secs] [Times: user=0.01 sys=0.00, real=0.00 secs] 
3347.679: [GC (Allocation Failure) [PSYoungGen: 56736K->1376K(57344K)] 400018K->344658K(633856K), 0.0020181 secs] [Times: user=0.01 sys=0.00, real=0.00 secs] 
3348.032: [GC (Allocation Failure) [PSYoungGen: 56672K->1344K(57344K)] 399954K->344626K(633856K), 0.0018346 secs] [Times: user=0.01 sys=0.00, real=0.00 secs] 
3348.510: [GC (Allocation Failure) [PSYoungGen: 56640K->1485K(57344K)] 399922K->344775K(633856K), 0.0016628 secs] [Times: user=0.00 sys=0.00, real=0.00 secs] 
3348.840: [GC (Allocation Failure) [PSYoungGen: 56781K->1520K(57344K)] 400071K->344810K(633856K), 0.0016226 secs] [Times: user=0.00 sys=0.00, real=0.00 secs] 
3349.163: [GC (Allocation Failure) [PSYoungGen: 56816K->1581K(57344K)] 400106K->344871K(633856K), 0.0016935 secs] [Times: user=0.01 sys=0.00, real=0.00 secs] 
3349.484: [GC (Allocation Failure) [PSYoungGen: 56877K->1597K(57344K)] 400167K->344887K(633856K), 0.0017091 secs] [Times: user=0.00 sys=0.00, real=0.01 secs] 
3349.797: [GC (Allocation Failure) [PSYoungGen: 56893K->1440K(57344K)] 400183K->344730K(633856K), 0.0019846 secs] [Times: user=0.01 sys=0.00, real=0.00 secs] 
3350.189: [GC (Allocation Failure) [PSYoungGen: 56736K->1344K(57344K)] 400026K->344634K(633856K), 0.0017715 secs] [Times: user=0.01 sys=0.00, real=0.00 secs] 
3350.657: [GC (Allocation Failure) [PSYoungGen: 56640K->1392K(57344K)] 399930K->344682K(633856K), 0.0034653 secs] [Times: user=0.01 sys=0.00, real=0.00 secs] 
3351.124: [GC (Allocation Failure) [PSYoungGen: 56688K->1376K(57344K)] 399978K->344666K(633856K), 0.0033190 secs] [Times: user=0.01 sys=0.00, real=0.01 secs] 
3351.579: [GC (Allocation Failure) [PSYoungGen: 56672K->1408K(57344K)] 399962K->344698K(633856K), 0.0032142 secs] [Times: user=0.02 sys=0.00, real=0.00 secs] 
3352.136: [GC (Allocation Failure) [PSYoungGen: 56704K->1501K(57344K)] 399994K->344791K(633856K), 0.0020128 secs] [Times: user=0.01 sys=0.00, real=0.00 secs] 
3352.484: [GC (Allocation Failure) [PSYoungGen: 56797K->1549K(57344K)] 400087K->344855K(633856K), 0.0018007 secs] [Times: user=0.01 sys=0.00, real=0.01 secs] 
3352.869: [GC (Allocation Failure) [PSYoungGen: 56845K->1533K(57344K)] 400151K->344839K(633856K), 0.0017728 secs] [Times: user=0.00 sys=0.00, real=0.00 secs] 
3353.191: [GC (Allocation Failure) [PSYoungGen: 56829K->1549K(57344K)] 400135K->344855K(633856K), 0.0018020 secs] [Times: user=0.01 sys=0.00, real=0.00 secs] 
3353.513: [GC (Allocation Failure) [PSYoungGen: 56845K->1565K(57344K)] 400151K->344871K(633856K), 0.0017922 secs] [Times: user=0.01 sys=0.00, real=0.01 secs] 
3353.796: [GC (Allocation Failure) [PSYoungGen: 56861K->1440K(57344K)] 400167K->344746K(633856K), 0.0026809 secs] [Times: user=0.01 sys=0.00, real=0.00 secs] 
3354.026: [GC (Allocation Failure) [PSYoungGen: 56736K->1408K(57344K)] 400042K->344714K(633856K), 0.0020071 secs] [Times: user=0.01 sys=0.00, real=0.00 secs] 
3354.255: [GC (Allocation Failure) [PSYoungGen: 56704K->1376K(57344K)] 400010K->344682K(633856K), 0.0019697 secs] [Times: user=0.01 sys=0.00, real=0.00 secs] 
3354.485: [GC (Allocation Failure) [PSYoungGen: 56672K->1424K(57344K)] 399978K->344730K(633856K), 0.0020791 secs] [Times: user=0.01 sys=0.00, real=0.00 secs] 
3354.715: [GC (Allocation Failure) [PSYoungGen: 56720K->1376K(57344K)] 400026K->344682K(633856K), 0.0018489 secs] [Times: user=0.00 sys=0.00, real=0.01 secs] 
3355.041: [GC (Allocation Failure) [PSYoungGen: 56672K->1501K(57344K)] 399978K->344815K(633856K), 0.0016826 secs] [Times: user=0.01 sys=0.00, real=0.00 secs] 
3355.364: [GC (Allocation Failure) [PSYoungGen: 56797K->1565K(57344K)] 400111K->344879K(633856K), 0.0017309 secs] [Times: user=0.01 sys=0.00, real=0.01 secs] 
3355.687: [GC (Allocation Failure) [PSYoungGen: 56861K->1517K(57344K)] 400175K->344847K(633856K), 0.0016988 secs] [Times: user=0.01 sys=0.00, real=0.00 secs] 
3356.072: [GC (Allocation Failure) [PSYoungGen: 56813K->1533K(57344K)] 400143K->344863K(633856K), 0.0017850 secs] [Times: user=0.01 sys=0.00, real=0.00 secs] 
3356.485: [GC (Allocation Failure) [PSYoungGen: 56829K->1472K(57344K)] 400159K->344802K(633856K), 0.0022297 secs] [Times: user=0.01 sys=0.00, real=0.00 secs] 
3356.947: [GC (Allocation Failure) [PSYoungGen: 56768K->1408K(57344K)] 400098K->344738K(633856K), 0.0020464 secs] [Times: user=0.01 sys=0.00, real=0.00 secs] 
3357.412: [GC (Allocation Failure) [PSYoungGen: 56704K->1440K(57344K)] 400034K->344770K(633856K), 0.0024930 secs] [Times: user=0.01 sys=0.00, real=0.01 secs] 
3357.835: [GC (Allocation Failure) [PSYoungGen: 56736K->1376K(57344K)] 400066K->344706K(633856K), 0.0025853 secs] [Times: user=0.01 sys=0.00, real=0.00 secs] 
3358.066: [GC (Allocation Failure) [PSYoungGen: 56672K->1424K(57344K)] 400002K->344754K(633856K), 0.0020916 secs] [Times: user=0.01 sys=0.00, real=0.00 secs] 
3358.468: [GC (Allocation Failure) [PSYoungGen: 56720K->1501K(57344K)] 400050K->344831K(633856K), 0.0017143 secs] [Times: user=0.01 sys=0.00, real=0.00 secs] 
3358.790: [GC (Allocation Failure) [PSYoungGen: 56797K->1581K(57344K)] 400127K->344919K(633856K), 0.0016999 secs] [Times: user=0.00 sys=0.00, real=0.00 secs] 
3359.120: [GC (Allocation Failure) [PSYoungGen: 56877K->1568K(57344K)] 400215K->344906K(633856K), 0.0017387 secs] [Times: user=0.01 sys=0.00, real=0.00 secs] 
3359.508: [GC (Allocation Failure) [PSYoungGen: 56864K->1565K(57344K)] 400202K->344903K(633856K), 0.0016879 secs] [Times: user=0.01 sys=0.00, real=0.00 secs] 
3359.830: [GC (Allocation Failure) [PSYoungGen: 56861K->1533K(57344K)] 400199K->344871K(633856K), 0.0017050 secs] [Times: user=0.01 sys=0.00, real=0.00 secs] 
3360.135: [GC (Allocation Failure) [PSYoungGen: 56829K->1440K(57344K)] 400167K->344778K(633856K), 0.0023086 secs] [Times: user=0.01 sys=0.00, real=0.00 secs] 
3360.462: [GC (Allocation Failure) [PSYoungGen: 56736K->1376K(57344K)] 400074K->344714K(633856K), 0.0019053 secs] [Times: user=0.00 sys=0.00, real=0.00 secs] 
3360.696: [GC (Allocation Failure) [PSYoungGen: 56672K->1408K(57344K)] 400010K->344746K(633856K), 0.0019881 secs] [Times: user=0.01 sys=0.00, real=0.00 secs] 
3360.945: [GC (Allocation Failure) [PSYoungGen: 56704K->1376K(57344K)] 400042K->344714K(633856K), 0.0017900 secs] [Times: user=0.01 sys=0.00, real=0.01 secs] 
3361.227: [GC (Allocation Failure) [PSYoungGen: 56672K->1408K(57344K)] 400010K->344746K(633856K), 0.0020685 secs] [Times: user=0.01 sys=0.00, real=0.00 secs] 
3361.597: [GC (Allocation Failure) [PSYoungGen: 56704K->1520K(57344K)] 400042K->344866K(633856K), 0.0016874 secs] [Times: user=0.01 sys=0.00, real=0.00 secs] 
3361.918: [GC (Allocation Failure) [PSYoungGen: 56816K->1565K(57344K)] 400162K->344911K(633856K), 0.0017932 secs] [Times: user=0.00 sys=0.00, real=0.00 secs] 
3362.245: [GC (Allocation Failure) [PSYoungGen: 56861K->1597K(57344K)] 400207K->344943K(633856K), 0.0017349 secs] [Times: user=0.01 sys=0.00, real=0.01 secs] 
3362.569: [GC (Allocation Failure) [PSYoungGen: 56893K->1597K(57344K)] 400239K->344943K(633856K), 0.0017189 secs] [Times: user=0.00 sys=0.00, real=0.00 secs] 
3363.048: [GC (Allocation Failure) [PSYoungGen: 56893K->1440K(57344K)] 400239K->344786K(633856K), 0.0020420 secs] [Times: user=0.00 sys=0.01, real=0.00 secs] 
3363.408: [GC (Allocation Failure) [PSYoungGen: 56736K->1408K(57344K)] 400082K->344754K(633856K), 0.0022112 secs] [Times: user=0.01 sys=0.00, real=0.00 secs] 
3363.670: [GC (Allocation Failure) [PSYoungGen: 56704K->1360K(57344K)] 400050K->344706K(633856K), 0.0025111 secs] [Times: user=0.01 sys=0.00, real=0.00 secs] 
3363.901: [GC (Allocation Failure) [PSYoungGen: 56656K->1392K(57344K)] 400002K->344738K(633856K), 0.0020285 secs] [Times: user=0.01 sys=0.00, real=0.00 secs] 
3364.151: [GC (Allocation Failure) [PSYoungGen: 56688K->1424K(57344K)] 400034K->344770K(633856K), 0.0018225 secs] [Times: user=0.00 sys=0.00, real=0.00 secs] 
3364.618: [GC (Allocation Failure) [PSYoungGen: 56720K->1453K(57344K)] 400066K->344799K(633856K), 0.0022649 secs] [Times: user=0.01 sys=0.00, real=0.00 secs] 
3364.979: [GC (Allocation Failure) [PSYoungGen: 56749K->1597K(57344K)] 400095K->344959K(633856K), 0.0017033 secs] [Times: user=0.00 sys=0.00, real=0.00 secs] 
3365.301: [GC (Allocation Failure) [PSYoungGen: 56893K->1597K(57344K)] 400255K->344959K(633856K), 0.0017095 secs] [Times: user=0.01 sys=0.00, real=0.00 secs] 
3365.621: [GC (GCLocker Initiated GC) [PSYoungGen: 56893K->1549K(57344K)] 400255K->344943K(633856K), 0.0017019 secs] [Times: user=0.01 sys=0.00, real=0.00 secs] 
3365.951: [GC (Allocation Failure) [PSYoungGen: 56845K->1437K(57344K)] 401680K->346272K(633856K), 0.0016554 secs] [Times: user=0.01 sys=0.00, real=0.00 secs] 
3366.213: [GC (Allocation Failure) [PSYoungGen: 56733K->1536K(57344K)] 401568K->346371K(633856K), 0.0025430 secs] [Times: user=0.01 sys=0.00, real=0.01 secs] 
3366.489: [GC (Allocation Failure) [PSYoungGen: 56832K->1504K(57344K)] 401667K->346339K(633856K), 0.0021270 secs] [Times: user=0.01 sys=0.00, real=0.00 secs] 
3366.719: [GC (Allocation Failure) [PSYoungGen: 56800K->1472K(57344K)] 401635K->346307K(633856K), 0.0020262 secs] [Times: user=0.01 sys=0.00, real=0.00 secs] 
3366.949: [GC (Allocation Failure) [PSYoungGen: 56768K->1472K(57344K)] 401603K->346307K(633856K), 0.0020007 secs] [Times: user=0.01 sys=0.00, real=0.00 secs] 
3367.314: [GC (Allocation Failure) [PSYoungGen: 56768K->1504K(57344K)] 401603K->346339K(633856K), 0.0018842 secs] [Times: user=0.01 sys=0.00, real=0.01 secs] 
3367.797: [GC (Allocation Failure) [PSYoungGen: 56800K->1613K(57344K)] 401635K->346464K(633856K), 0.0017205 secs] [Times: user=0.00 sys=0.00, real=0.00 secs] 
3368.181: [GC (Allocation Failure) [PSYoungGen: 56909K->1661K(57344K)] 401760K->346512K(633856K), 0.0018301 secs] [Times: user=0.01 sys=0.00, real=0.00 secs] 
3368.504: [GC (Allocation Failure) [PSYoungGen: 56957K->1693K(57344K)] 401808K->346544K(633856K), 0.0016954 secs] [Times: user=0.00 sys=0.00, real=0.01 secs] 
3368.888: [GC (Allocation Failure) [PSYoungGen: 56989K->1693K(57344K)] 401840K->346544K(633856K), 0.0017860 secs] [Times: user=0.00 sys=0.00, real=0.00 secs] 
3369.407: [GC (Allocation Failure) [PSYoungGen: 56989K->1536K(57344K)] 401840K->346387K(633856K), 0.0036840 secs] [Times: user=0.01 sys=0.00, real=0.00 secs] 
3369.670: [GC (Allocation Failure) [PSYoungGen: 56832K->1472K(57344K)] 401683K->346371K(633856K), 0.0020543 secs] [Times: user=0.00 sys=0.00, real=0.00 secs] 
3369.900: [GC (Allocation Failure) [PSYoungGen: 56768K->1408K(57344K)] 401667K->346307K(633856K), 0.0021163 secs] [Times: user=0.01 sys=0.00, real=0.00 secs] 
3370.214: [GC (Allocation Failure) [PSYoungGen: 56704K->1472K(57344K)] 401603K->346371K(633856K), 0.0020887 secs] [Times: user=0.00 sys=0.00, real=0.01 secs] 
3370.545: [GC (Allocation Failure) [PSYoungGen: 56768K->1472K(57344K)] 401667K->346371K(633856K), 0.0019843 secs] [Times: user=0.01 sys=0.00, real=0.00 secs] 
3370.893: [GC (Allocation Failure) [PSYoungGen: 56768K->1504K(57344K)] 401667K->346411K(633856K), 0.0017425 secs] [Times: user=0.00 sys=0.00, real=0.01 secs] 
3371.273: [GC (Allocation Failure) [PSYoungGen: 56800K->1613K(57344K)] 401707K->346608K(633856K), 0.0018656 secs] [Times: user=0.00 sys=0.00, real=0.01 secs] 
3371.597: [GC (Allocation Failure) [PSYoungGen: 56909K->1504K(57344K)] 401904K->346499K(633856K), 0.0017994 secs] [Times: user=0.00 sys=0.00, real=0.00 secs] 
3371.919: [GC (Allocation Failure) [PSYoungGen: 56800K->1613K(57344K)] 401795K->346608K(633856K), 0.0018396 secs] [Times: user=0.01 sys=0.00, real=0.00 secs] 
3372.285: [GC (Allocation Failure) [PSYoungGen: 56909K->1616K(57344K)] 401904K->346611K(633856K), 0.0020725 secs] [Times: user=0.00 sys=0.00, real=0.00 secs] 
3372.514: [GC (Allocation Failure) [PSYoungGen: 56912K->1424K(57344K)] 401907K->346419K(633856K), 0.0019936 secs] [Times: user=0.01 sys=0.00, real=0.01 secs] 
3372.770: [GC (Allocation Failure) [PSYoungGen: 56720K->1424K(57344K)] 401715K->346427K(633856K), 0.0019843 secs] [Times: user=0.00 sys=0.00, real=0.00 secs] 
3373.132: [GC (Allocation Failure) [PSYoungGen: 56720K->1344K(57344K)] 401723K->346347K(633856K), 0.0017927 secs] [Times: user=0.00 sys=0.00, real=0.00 secs] 
3373.478: [GC (Allocation Failure) [PSYoungGen: 56640K->1392K(57344K)] 401643K->346395K(633856K), 0.0018926 secs] [Times: user=0.00 sys=0.00, real=0.00 secs] 
3373.834: [GC (Allocation Failure) [PSYoungGen: 56688K->1424K(57344K)] 401691K->346427K(633856K), 0.0018566 secs] [Times: user=0.00 sys=0.00, real=0.01 secs] 
3374.180: [GC (Allocation Failure) [PSYoungGen: 56720K->1597K(57344K)] 401723K->346608K(633856K), 0.0017238 secs] [Times: user=0.00 sys=0.00, real=0.00 secs] 
3374.502: [GC (Allocation Failure) [PSYoungGen: 56893K->1565K(57344K)] 401904K->346576K(633856K), 0.0016990 secs] [Times: user=0.01 sys=0.00, real=0.00 secs] 
3374.825: [GC (Allocation Failure) [PSYoungGen: 56861K->1549K(57344K)] 401872K->346560K(633856K), 0.0017076 secs] [Times: user=0.00 sys=0.00, real=0.00 secs] 
3375.146: [GC (Allocation Failure) [PSYoungGen: 56822K->1565K(57344K)] 401833K->346584K(633856K), 0.0017069 secs] [Times: user=0.00 sys=0.00, real=0.00 secs] 
3375.588: [GC (Allocation Failure) [PSYoungGen: 56861K->1440K(57344K)] 401880K->346483K(633856K), 0.0017716 secs] [Times: user=0.00 sys=0.00, real=0.00 secs] 
3376.059: [GC (Allocation Failure) [PSYoungGen: 56736K->1408K(57344K)] 401779K->346459K(633856K), 0.0019333 secs] [Times: user=0.01 sys=0.00, real=0.00 secs] 
3376.569: [GC (Allocation Failure) [PSYoungGen: 56704K->1344K(57344K)] 401755K->346395K(633856K), 0.0019578 secs] [Times: user=0.00 sys=0.00, real=0.00 secs] 
3377.024: [GC (Allocation Failure) [PSYoungGen: 56640K->1376K(57344K)] 401691K->346427K(633856K), 0.0022795 secs] [Times: user=0.00 sys=0.00, real=0.01 secs] 
3377.454: [GC (Allocation Failure) [PSYoungGen: 56672K->1408K(57344K)] 401723K->346459K(633856K), 0.0020552 secs] [Times: user=0.01 sys=0.00, real=0.01 secs] 
3377.876: [GC (Allocation Failure) [PSYoungGen: 56704K->1549K(57344K)] 401755K->346608K(633856K), 0.0016300 secs] [Times: user=0.00 sys=0.01, real=0.00 secs] 
3378.259: [GC (Allocation Failure) [PSYoungGen: 56845K->1581K(57344K)] 401904K->346640K(633856K), 0.0018126 secs] [Times: user=0.01 sys=0.00, real=0.00 secs] 
3378.581: [GC (Allocation Failure) [PSYoungGen: 56877K->1549K(57344K)] 401936K->346608K(633856K), 0.0017359 secs] [Times: user=0.00 sys=0.00, real=0.00 secs] 
3378.902: [GC (Allocation Failure) [PSYoungGen: 56845K->1533K(57344K)] 401904K->346592K(633856K), 0.0017240 secs] [Times: user=0.01 sys=0.00, real=0.00 secs] 
3379.237: [GC (Allocation Failure) [PSYoungGen: 56829K->1984K(57344K)] 401888K->347043K(633856K), 0.0017816 secs] [Times: user=0.01 sys=0.00, real=0.00 secs] 
3379.487: [GC (Allocation Failure) [PSYoungGen: 57280K->1344K(57344K)] 402339K->346403K(633856K), 0.0034458 secs] [Times: user=0.01 sys=0.00, real=0.00 secs] 
3379.714: [GC (Allocation Failure) [PSYoungGen: 56640K->1408K(57344K)] 401699K->346467K(633856K), 0.0020483 secs] [Times: user=0.01 sys=0.00, real=0.01 secs] 
3379.944: [GC (Allocation Failure) [PSYoungGen: 56704K->1408K(57344K)] 401763K->346467K(633856K), 0.0022542 secs] [Times: user=0.01 sys=0.00, real=0.01 secs] 
3380.174: [GC (Allocation Failure) [PSYoungGen: 56704K->1408K(57344K)] 401763K->346467K(633856K), 0.0018283 secs] [Times: user=0.01 sys=0.00, real=0.01 secs] 
3380.425: [GC (Allocation Failure) [PSYoungGen: 56704K->1472K(57344K)] 401763K->346531K(633856K), 0.0019124 secs] [Times: user=0.01 sys=0.00, real=0.00 secs] 
3380.756: [GC (Allocation Failure) [PSYoungGen: 56768K->1533K(57344K)] 401827K->346600K(633856K), 0.0017070 secs] [Times: user=0.01 sys=0.00, real=0.00 secs] 
3381.078: [GC (Allocation Failure) [PSYoungGen: 56829K->1565K(57344K)] 401896K->346632K(633856K), 0.0017186 secs] [Times: user=0.01 sys=0.00, real=0.00 secs] 
3381.401: [GC (Allocation Failure) [PSYoungGen: 56861K->1533K(57344K)] 401928K->346600K(633856K), 0.0017104 secs] [Times: user=0.01 sys=0.00, real=0.00 secs] 
3381.723: [GC (Allocation Failure) [PSYoungGen: 56829K->1565K(57344K)] 401896K->346632K(633856K), 0.0017013 secs] [Times: user=0.00 sys=0.00, real=0.00 secs] 
3382.012: [GC (Allocation Failure) [PSYoungGen: 56861K->1440K(57344K)] 401928K->346507K(633856K), 0.0016411 secs] [Times: user=0.01 sys=0.00, real=0.00 secs] 
3382.253: [GC (Allocation Failure) [PSYoungGen: 56736K->1360K(57344K)] 401803K->346427K(633856K), 0.0018384 secs] [Times: user=0.01 sys=0.00, real=0.01 secs] 
3382.527: [GC (Allocation Failure) [PSYoungGen: 56656K->1424K(57344K)] 401723K->346491K(633856K), 0.0019339 secs] [Times: user=0.01 sys=0.00, real=0.00 secs] 
3382.768: [GC (Allocation Failure) [PSYoungGen: 56720K->1392K(57344K)] 401787K->346459K(633856K), 0.0018030 secs] [Times: user=0.01 sys=0.00, real=0.00 secs] 
3383.003: [GC (Allocation Failure) [PSYoungGen: 56688K->1376K(57344K)] 401755K->346443K(633856K), 0.0018155 secs] [Times: user=0.01 sys=0.00, real=0.01 secs] 
3383.321: [GC (Allocation Failure) [PSYoungGen: 56672K->1533K(57344K)] 401739K->346616K(633856K), 0.0016395 secs] [Times: user=0.01 sys=0.00, real=0.00 secs] 
3383.642: [GC (Allocation Failure) [PSYoungGen: 56829K->1632K(57344K)] 401912K->346715K(633856K), 0.0017126 secs] [Times: user=0.01 sys=0.00, real=0.00 secs] 
3383.966: [GC (Allocation Failure) [PSYoungGen: 56928K->1597K(57344K)] 402011K->346680K(633856K), 0.0016936 secs] [Times: user=0.01 sys=0.00, real=0.00 secs] 
3384.288: [GC (Allocation Failure) [PSYoungGen: 56893K->1533K(57344K)] 401976K->346616K(633856K), 0.0017033 secs] [Times: user=0.00 sys=0.00, real=0.00 secs] 
3384.733: [GC (Allocation Failure) [PSYoungGen: 56829K->1488K(57344K)] 401912K->346571K(633856K), 0.0025616 secs] [Times: user=0.01 sys=0.00, real=0.01 secs] 
3385.115: [GC (Allocation Failure) [PSYoungGen: 56784K->1376K(57344K)] 401867K->346459K(633856K), 0.0019845 secs] [Times: user=0.01 sys=0.00, real=0.01 secs] 
3385.345: [GC (Allocation Failure) [PSYoungGen: 56672K->1376K(57344K)] 401755K->346467K(633856K), 0.0020069 secs] [Times: user=0.00 sys=0.00, real=0.01 secs] 
3385.576: [GC (Allocation Failure) [PSYoungGen: 56672K->1408K(57344K)] 401763K->346499K(633856K), 0.0020504 secs] [Times: user=0.00 sys=0.00, real=0.00 secs] 
3385.833: [GC (Allocation Failure) [PSYoungGen: 56704K->1360K(57344K)] 401795K->346451K(633856K), 0.0021167 secs] [Times: user=0.01 sys=0.00, real=0.01 secs] 
3386.135: [GC (Allocation Failure) [PSYoungGen: 56656K->1437K(57344K)] 401747K->346528K(633856K), 0.0016554 secs] [Times: user=0.01 sys=0.00, real=0.00 secs] 
3386.457: [GC (Allocation Failure) [PSYoungGen: 56733K->1533K(57344K)] 401824K->346640K(633856K), 0.0017161 secs] [Times: user=0.01 sys=0.00, real=0.00 secs] 
3386.779: [GC (Allocation Failure) [PSYoungGen: 56829K->1533K(57344K)] 401936K->346640K(633856K), 0.0016900 secs] [Times: user=0.00 sys=0.00, real=0.00 secs] 
3387.100: [GC (Allocation Failure) [PSYoungGen: 56822K->1565K(57344K)] 401929K->346672K(633856K), 0.0017073 secs] [Times: user=0.01 sys=0.00, real=0.00 secs] 
3387.425: [GC (Allocation Failure) [PSYoungGen: 56861K->1565K(57344K)] 401968K->346672K(633856K), 0.0016919 secs] [Times: user=0.00 sys=0.00, real=0.00 secs] 
3387.784: [GC (Allocation Failure) [PSYoungGen: 56861K->1472K(57344K)] 401968K->346579K(633856K), 0.0019722 secs] [Times: user=0.00 sys=0.00, real=0.01 secs] 
3388.014: [GC (Allocation Failure) [PSYoungGen: 56768K->1376K(57344K)] 401875K->346483K(633856K), 0.0019813 secs] [Times: user=0.01 sys=0.00, real=0.01 secs] 
3388.346: [GC (Allocation Failure) [PSYoungGen: 56672K->1376K(57344K)] 401779K->346483K(633856K), 0.0019684 secs] [Times: user=0.01 sys=0.00, real=0.00 secs] 
3388.700: [GC (Allocation Failure) [PSYoungGen: 56672K->1376K(57344K)] 401779K->346483K(633856K), 0.0018641 secs] [Times: user=0.01 sys=0.01, real=0.00 secs] 
3389.083: [GC (Allocation Failure) [PSYoungGen: 56672K->1408K(57344K)] 401779K->346515K(633856K), 0.0017190 secs] [Times: user=0.01 sys=0.00, real=0.00 secs] 
3389.450: [GC (Allocation Failure) [PSYoungGen: 56704K->1533K(57344K)] 401811K->346656K(633856K), 0.0016959 secs] [Times: user=0.00 sys=0.00, real=0.00 secs] 
3389.778: [GC (Allocation Failure) [PSYoungGen: 56829K->1597K(57344K)] 401952K->346720K(633856K), 0.0016882 secs] [Times: user=0.00 sys=0.00, real=0.00 secs] 
3390.104: [GC (Allocation Failure) [PSYoungGen: 56893K->1533K(57344K)] 402016K->346656K(633856K), 0.0017124 secs] [Times: user=0.00 sys=0.00, real=0.01 secs] 
3390.425: [GC (Allocation Failure) [PSYoungGen: 56829K->1504K(57344K)] 401952K->346627K(633856K), 0.0017299 secs] [Times: user=0.01 sys=0.00, real=0.00 secs] 
3391.078: [GC (Allocation Failure) [PSYoungGen: 56800K->1504K(57344K)] 401923K->346627K(633856K), 0.0022908 secs] [Times: user=0.01 sys=0.01, real=0.00 secs] 
3392.114: [GC (Allocation Failure) [PSYoungGen: 56800K->1376K(57344K)] 401923K->346499K(633856K), 0.0035543 secs] [Times: user=0.02 sys=0.00, real=0.01 secs] 
3392.627: [GC (Allocation Failure) [PSYoungGen: 56672K->1408K(57344K)] 401795K->346531K(633856K), 0.0030481 secs] [Times: user=0.01 sys=0.00, real=0.00 secs] 
3393.050: [GC (Allocation Failure) [PSYoungGen: 56704K->1344K(57344K)] 401827K->346467K(633856K), 0.0023459 secs] [Times: user=0.01 sys=0.00, real=0.00 secs] 
3393.308: [GC (Allocation Failure) [PSYoungGen: 56640K->1376K(57344K)] 401763K->346499K(633856K), 0.0019808 secs] [Times: user=0.01 sys=0.01, real=0.00 secs] 
3393.578: [GC (Allocation Failure) [PSYoungGen: 56672K->1440K(57344K)] 401795K->346563K(633856K), 0.0016298 secs] [Times: user=0.01 sys=0.00, real=0.00 secs] 
3393.901: [GC (Allocation Failure) [PSYoungGen: 56736K->1597K(57344K)] 401859K->346728K(633856K), 0.0017532 secs] [Times: user=0.00 sys=0.00, real=0.00 secs] 
3394.223: [GC (Allocation Failure) [PSYoungGen: 56893K->1533K(57344K)] 402024K->346664K(633856K), 0.0017201 secs] [Times: user=0.01 sys=0.00, real=0.01 secs] 
3394.545: [GC (Allocation Failure) [PSYoungGen: 56829K->1504K(57344K)] 401960K->346635K(633856K), 0.0017061 secs] [Times: user=0.00 sys=0.00, real=0.00 secs] 
3394.944: [GC (Allocation Failure) [PSYoungGen: 56782K->1581K(57344K)] 401914K->346712K(633856K), 0.0017166 secs] [Times: user=0.01 sys=0.00, real=0.01 secs] 
3396.100: [GC (Allocation Failure) [PSYoungGen: 56877K->1408K(57344K)] 402008K->346539K(633856K), 0.0034674 secs] [Times: user=0.02 sys=0.00, real=0.00 secs] 
3396.633: [GC (Allocation Failure) [PSYoungGen: 56704K->1408K(57344K)] 401835K->346539K(633856K), 0.0029635 secs] [Times: user=0.01 sys=0.00, real=0.01 secs] 
3397.134: [GC (Allocation Failure) [PSYoungGen: 56704K->1424K(57344K)] 401835K->346555K(633856K), 0.0023199 secs] [Times: user=0.00 sys=0.00, real=0.01 secs] 
3397.565: [GC (Allocation Failure) [PSYoungGen: 56720K->1376K(57344K)] 401851K->346507K(633856K), 0.0021285 secs] [Times: user=0.01 sys=0.00, real=0.00 secs] 
3398.054: [GC (Allocation Failure) [PSYoungGen: 56672K->1392K(57344K)] 401803K->346523K(633856K), 0.0020853 secs] [Times: user=0.01 sys=0.00, real=0.01 secs] 
3398.650: [GC (Allocation Failure) [PSYoungGen: 56688K->1565K(57344K)] 401819K->346728K(633856K), 0.0017857 secs] [Times: user=0.01 sys=0.01, real=0.00 secs] 
3398.972: [GC (Allocation Failure) [PSYoungGen: 56861K->1549K(57344K)] 402024K->346712K(633856K), 0.0018395 secs] [Times: user=0.01 sys=0.00, real=0.00 secs] 
3399.295: [GC (Allocation Failure) [PSYoungGen: 56815K->1565K(57344K)] 401979K->346728K(633856K), 0.0017770 secs] [Times: user=0.00 sys=0.01, real=0.00 secs] 
3399.680: [GC (Allocation Failure) [PSYoungGen: 56861K->1552K(57344K)] 402024K->346715K(633856K), 0.0017867 secs] [Times: user=0.01 sys=0.00, real=0.00 secs] 
3400.202: [GC (Allocation Failure) [PSYoungGen: 56848K->1488K(57344K)] 402011K->346651K(633856K), 0.0029520 secs] [Times: user=0.01 sys=0.00, real=0.01 secs] 
3401.079: [GC (Allocation Failure) [PSYoungGen: 56784K->1408K(57344K)] 401947K->346571K(633856K), 0.0038488 secs] [Times: user=0.01 sys=0.00, real=0.00 secs] 
3401.570: [GC (Allocation Failure) [PSYoungGen: 56704K->1392K(57344K)] 401867K->346555K(633856K), 0.0033360 secs] [Times: user=0.01 sys=0.00, real=0.00 secs] 
3402.042: [GC (Allocation Failure) [PSYoungGen: 56688K->1360K(57344K)] 401851K->346523K(633856K), 0.0033826 secs] [Times: user=0.01 sys=0.00, real=0.01 secs] 
3402.350: [GC (Allocation Failure) [PSYoungGen: 56656K->1344K(57344K)] 401819K->346507K(633856K), 0.0020961 secs] [Times: user=0.01 sys=0.00, real=0.00 secs] 
3402.670: [GC (Allocation Failure) [PSYoungGen: 56640K->1501K(57344K)] 401803K->346664K(633856K), 0.0017544 secs] [Times: user=0.01 sys=0.00, real=0.00 secs] 
3402.991: [GC (Allocation Failure) [PSYoungGen: 56797K->1565K(57344K)] 401960K->346744K(633856K), 0.0017542 secs] [Times: user=0.01 sys=0.00, real=0.00 secs] 
3403.315: [GC (Allocation Failure) [PSYoungGen: 56861K->1533K(57344K)] 402040K->346712K(633856K), 0.0017148 secs] [Times: user=0.00 sys=0.00, real=0.00 secs] 
3403.637: [GC (Allocation Failure) [PSYoungGen: 56829K->1613K(57344K)] 402008K->346792K(633856K), 0.0017010 secs] [Times: user=0.00 sys=0.00, real=0.00 secs] 
3403.959: [GC (Allocation Failure) [PSYoungGen: 56909K->1504K(57344K)] 402088K->346683K(633856K), 0.0016879 secs] [Times: user=0.01 sys=0.00, real=0.00 secs] 
3404.726: [GC (Allocation Failure) [PSYoungGen: 56800K->1376K(57344K)] 401979K->346555K(633856K), 0.0022036 secs] [Times: user=0.01 sys=0.00, real=0.00 secs] 
3405.569: [GC (Allocation Failure) [PSYoungGen: 56672K->1376K(57344K)] 401851K->346555K(633856K), 0.0041901 secs] [Times: user=0.01 sys=0.00, real=0.00 secs] 
3406.185: [GC (Allocation Failure) [PSYoungGen: 56672K->1344K(57344K)] 401851K->346523K(633856K), 0.0040261 secs] [Times: user=0.01 sys=0.01, real=0.00 secs] 
3406.678: [GC (Allocation Failure) [PSYoungGen: 56640K->1376K(57344K)] 401819K->346555K(633856K), 0.0027938 secs] [Times: user=0.01 sys=0.00, real=0.00 secs] 
3407.108: [GC (Allocation Failure) [PSYoungGen: 56672K->1344K(57344K)] 401851K->346523K(633856K), 0.0041875 secs] [Times: user=0.02 sys=0.00, real=0.00 secs] 
3407.591: [GC (Allocation Failure) [PSYoungGen: 56640K->1501K(57344K)] 401819K->346696K(633856K), 0.0016786 secs] [Times: user=0.01 sys=0.00, real=0.00 secs] 
3407.913: [GC (Allocation Failure) [PSYoungGen: 56797K->1597K(57344K)] 401992K->346816K(633856K), 0.0017119 secs] [Times: user=0.01 sys=0.00, real=0.00 secs] 
3408.235: [GC (Allocation Failure) [PSYoungGen: 56893K->1613K(57344K)] 402112K->346832K(633856K), 0.0016992 secs] [Times: user=0.00 sys=0.00, real=0.01 secs] 
3408.624: [GC (Allocation Failure) [PSYoungGen: 56909K->1533K(57344K)] 402128K->346752K(633856K), 0.0018035 secs] [Times: user=0.01 sys=0.00, real=0.01 secs] 
3408.992: [GC (Allocation Failure) [PSYoungGen: 56829K->1488K(57344K)] 402048K->346707K(633856K), 0.0021851 secs] [Times: user=0.01 sys=0.00, real=0.00 secs] 
3409.222: [GC (Allocation Failure) [PSYoungGen: 56784K->1376K(57344K)] 402003K->346595K(633856K), 0.0020347 secs] [Times: user=0.01 sys=0.00, real=0.00 secs] 
3409.453: [GC (Allocation Failure) [PSYoungGen: 56672K->1376K(57344K)] 401891K->346595K(633856K), 0.0020765 secs] [Times: user=0.01 sys=0.00, real=0.01 secs] 
3409.726: [GC (Allocation Failure) [PSYoungGen: 56672K->1408K(57344K)] 401891K->346627K(633856K), 0.0019727 secs] [Times: user=0.01 sys=0.00, real=0.00 secs] 
3409.956: [GC (Allocation Failure) [PSYoungGen: 56704K->1424K(57344K)] 401923K->346643K(633856K), 0.0017320 secs] [Times: user=0.00 sys=0.00, real=0.00 secs] 
3410.349: [GC (Allocation Failure) [PSYoungGen: 56720K->1453K(57344K)] 401939K->346672K(633856K), 0.0023618 secs] [Times: user=0.01 sys=0.00, real=0.00 secs] 
3410.800: [GC (Allocation Failure) [PSYoungGen: 56749K->1613K(57344K)] 401968K->346840K(633856K), 0.0016585 secs] [Times: user=0.00 sys=0.00, real=0.00 secs] 
3411.122: [GC (Allocation Failure) [PSYoungGen: 56909K->1533K(57344K)] 402136K->346760K(633856K), 0.0018247 secs] [Times: user=0.01 sys=0.00, real=0.00 secs] 
3411.445: [GC (Allocation Failure) [PSYoungGen: 56829K->1533K(57344K)] 402056K->346760K(633856K), 0.0016989 secs] [Times: user=0.01 sys=0.00, real=0.00 secs] 
3411.767: [GC (Allocation Failure) [PSYoungGen: 56810K->1597K(57344K)] 402037K->346824K(633856K), 0.0017026 secs] [Times: user=0.00 sys=0.00, real=0.00 secs] 
3412.058: [GC (Allocation Failure) [PSYoungGen: 56893K->1424K(57344K)] 402120K->346651K(633856K), 0.0030101 secs] [Times: user=0.02 sys=0.00, real=0.00 secs] 
3412.300: [GC (Allocation Failure) [PSYoungGen: 56720K->1408K(57344K)] 401947K->346635K(633856K), 0.0020990 secs] [Times: user=0.01 sys=0.00, real=0.00 secs] 
3412.543: [GC (Allocation Failure) [PSYoungGen: 56704K->1376K(57344K)] 401931K->346603K(633856K), 0.0019932 secs] [Times: user=0.00 sys=0.00, real=0.01 secs] 
3412.773: [GC (Allocation Failure) [PSYoungGen: 56672K->1408K(57344K)] 401899K->346635K(633856K), 0.0020291 secs] [Times: user=0.00 sys=0.00, real=0.01 secs] 
3413.034: [GC (Allocation Failure) [PSYoungGen: 56704K->1408K(57344K)] 401931K->346635K(633856K), 0.0018440 secs] [Times: user=0.00 sys=0.00, real=0.01 secs] 
3413.391: [GC (Allocation Failure) [PSYoungGen: 56700K->1536K(57344K)] 401927K->346779K(633856K), 0.0016808 secs] [Times: user=0.01 sys=0.00, real=0.00 secs] 
3413.713: [GC (Allocation Failure) [PSYoungGen: 56832K->1536K(57344K)] 402075K->346779K(633856K), 0.0017304 secs] [Times: user=0.01 sys=0.00, real=0.00 secs] 
3414.035: [GC (Allocation Failure) [PSYoungGen: 56832K->1581K(57344K)] 402075K->346824K(633856K), 0.0016433 secs] [Times: user=0.01 sys=0.00, real=0.00 secs] 
3414.358: [GC (Allocation Failure) [PSYoungGen: 56877K->1568K(57344K)] 402120K->346811K(633856K), 0.0016871 secs] [Times: user=0.01 sys=0.00, real=0.00 secs] 
3415.311: [GC (Allocation Failure) [PSYoungGen: 56864K->1456K(57344K)] 402107K->346699K(633856K), 0.0037519 secs] [Times: user=0.01 sys=0.00, real=0.00 secs] 
3415.823: [GC (Allocation Failure) [PSYoungGen: 56752K->1376K(57344K)] 401995K->346619K(633856K), 0.0029707 secs] [Times: user=0.01 sys=0.00, real=0.01 secs] 
3416.260: [GC (Allocation Failure) [PSYoungGen: 56672K->1408K(57344K)] 401915K->346675K(633856K), 0.0028058 secs] [Times: user=0.01 sys=0.00, real=0.00 secs] 
3416.489: [GC (Allocation Failure) [PSYoungGen: 56704K->1408K(57344K)] 401971K->346675K(633856K), 0.0018393 secs] [Times: user=0.01 sys=0.00, real=0.00 secs] 
3416.828: [GC (Allocation Failure) [PSYoungGen: 56704K->1376K(57344K)] 401971K->346643K(633856K), 0.0017355 secs] [Times: user=0.01 sys=0.00, real=0.00 secs] 
3417.379: [GC (Allocation Failure) [PSYoungGen: 56672K->1501K(57344K)] 401939K->346768K(633856K), 0.0016773 secs] [Times: user=0.01 sys=0.00, real=0.00 secs] 
3417.704: [GC (Allocation Failure) [PSYoungGen: 56797K->1504K(57344K)] 402064K->346779K(633856K), 0.0017402 secs] [Times: user=0.01 sys=0.00, real=0.01 secs] 
3418.028: [GC (Allocation Failure) [PSYoungGen: 56800K->1584K(57344K)] 402075K->346859K(633856K), 0.0017164 secs] [Times: user=0.00 sys=0.00, real=0.00 secs] 
3418.350: [GC (Allocation Failure) [PSYoungGen: 56880K->1533K(57344K)] 402155K->346808K(633856K), 0.0017802 secs] [Times: user=0.00 sys=0.00, real=0.00 secs] 
3418.672: [GC (Allocation Failure) [PSYoungGen: 56829K->1533K(57344K)] 402104K->346808K(633856K), 0.0017698 secs] [Times: user=0.01 sys=0.00, real=0.00 secs] 
3419.354: [GC (Allocation Failure) [PSYoungGen: 56829K->1392K(57344K)] 402104K->346667K(633856K), 0.0019473 secs] [Times: user=0.01 sys=0.00, real=0.01 secs] 
3419.637: [GC (Allocation Failure) [PSYoungGen: 56688K->1376K(57344K)] 401963K->346651K(633856K), 0.0017933 secs] [Times: user=0.01 sys=0.00, real=0.00 secs] 
3419.866: [GC (Allocation Failure) [PSYoungGen: 56672K->1360K(57344K)] 401947K->346635K(633856K), 0.0018205 secs] [Times: user=0.01 sys=0.00, real=0.00 secs] 
3420.096: [GC (Allocation Failure) [PSYoungGen: 56656K->1376K(57344K)] 401931K->346651K(633856K), 0.0019199 secs] [Times: user=0.01 sys=0.00, real=0.00 secs] 
3420.326: [GC (Allocation Failure) [PSYoungGen: 56672K->1408K(57344K)] 401947K->346683K(633856K), 0.0016410 secs] [Times: user=0.01 sys=0.00, real=0.00 secs] 
3420.682: [GC (Allocation Failure) [PSYoungGen: 56704K->1501K(57344K)] 401979K->346792K(633856K), 0.0016787 secs] [Times: user=0.00 sys=0.00, real=0.00 secs] 
3421.004: [GC (Allocation Failure) [PSYoungGen: 56797K->1565K(57344K)] 402088K->346856K(633856K), 0.0017099 secs] [Times: user=0.01 sys=0.00, real=0.01 secs] 
3421.391: [GC (Allocation Failure) [PSYoungGen: 56861K->1533K(57344K)] 402152K->346824K(633856K), 0.0017287 secs] [Times: user=0.01 sys=0.00, real=0.00 secs] 
3421.712: [GC (Allocation Failure) [PSYoungGen: 56824K->1549K(57344K)] 402115K->346840K(633856K), 0.0017387 secs] [Times: user=0.01 sys=0.00, real=0.00 secs] 
3422.226: [GC (Allocation Failure) [PSYoungGen: 56845K->1472K(57344K)] 402136K->346763K(633856K), 0.0024847 secs] [Times: user=0.01 sys=0.00, real=0.00 secs] 
3422.590: [GC (Allocation Failure) [PSYoungGen: 56768K->1408K(57344K)] 402059K->346699K(633856K), 0.0019597 secs] [Times: user=0.01 sys=0.00, real=0.00 secs] 
3422.820: [GC (Allocation Failure) [PSYoungGen: 56704K->1408K(57344K)] 401995K->346699K(633856K), 0.0020125 secs] [Times: user=0.00 sys=0.00, real=0.00 secs] 
3423.091: [GC (Allocation Failure) [PSYoungGen: 56704K->1376K(57344K)] 401995K->346667K(633856K), 0.0029639 secs] [Times: user=0.01 sys=0.00, real=0.00 secs] 
3423.324: [GC (Allocation Failure) [PSYoungGen: 56672K->1376K(57344K)] 401963K->346667K(633856K), 0.0022285 secs] [Times: user=0.01 sys=0.00, real=0.01 secs] 
3423.667: [GC (Allocation Failure) [PSYoungGen: 56672K->1501K(57344K)] 401963K->346792K(633856K), 0.0016488 secs] [Times: user=0.01 sys=0.00, real=0.00 secs] 
3423.987: [GC (Allocation Failure) [PSYoungGen: 56797K->1565K(57344K)] 402088K->346872K(633856K), 0.0028651 secs] [Times: user=0.01 sys=0.00, real=0.00 secs] 
3424.312: [GC (Allocation Failure) [PSYoungGen: 56861K->1533K(57344K)] 402168K->346840K(633856K), 0.0016984 secs] [Times: user=0.00 sys=0.00, real=0.00 secs] 
3424.635: [GC (Allocation Failure) [PSYoungGen: 56829K->1565K(57344K)] 402136K->346872K(633856K), 0.0017378 secs] [Times: user=0.01 sys=0.00, real=0.00 secs] 
3424.952: [GC (Allocation Failure) [PSYoungGen: 56002K->288K(57344K)] 401309K->345595K(633856K), 0.0016191 secs] [Times: user=0.01 sys=0.00, real=0.00 secs] 
3426.202: [GC (Allocation Failure) [PSYoungGen: 55584K->1376K(57344K)] 400891K->346683K(633856K), 0.0025900 secs] [Times: user=0.01 sys=0.00, real=0.00 secs] 
3426.677: [GC (Allocation Failure) [PSYoungGen: 56672K->1376K(57344K)] 401979K->346707K(633856K), 0.0027848 secs] [Times: user=0.01 sys=0.00, real=0.00 secs] 
3427.033: [GC (Allocation Failure) [PSYoungGen: 56672K->1424K(57344K)] 402003K->346755K(633856K), 0.0021172 secs] [Times: user=0.01 sys=0.00, real=0.01 secs] 
3427.263: [GC (Allocation Failure) [PSYoungGen: 56720K->1376K(57344K)] 402051K->346707K(633856K), 0.0021214 secs] [Times: user=0.01 sys=0.00, real=0.01 secs] 
3427.492: [GC (Allocation Failure) [PSYoungGen: 56672K->1376K(57344K)] 402003K->346707K(633856K), 0.0018898 secs] [Times: user=0.01 sys=0.00, real=0.00 secs] 
3427.852: [GC (Allocation Failure) [PSYoungGen: 56672K->1533K(57344K)] 402003K->346872K(633856K), 0.0017302 secs] [Times: user=0.00 sys=0.00, real=0.00 secs] 
3428.174: [GC (Allocation Failure) [PSYoungGen: 56829K->1581K(57344K)] 402168K->346920K(633856K), 0.0016825 secs] [Times: user=0.01 sys=0.00, real=0.01 secs] 
3428.496: [GC (Allocation Failure) [PSYoungGen: 56877K->1613K(57344K)] 402216K->346952K(633856K), 0.0018217 secs] [Times: user=0.00 sys=0.00, real=0.00 secs] 
3428.819: [GC (Allocation Failure) [PSYoungGen: 56893K->1549K(57344K)] 402232K->346888K(633856K), 0.0016237 secs] [Times: user=0.00 sys=0.00, real=0.00 secs] 
3429.941: [GC (Allocation Failure) [PSYoungGen: 56845K->1408K(57344K)] 402184K->346747K(633856K), 0.0027330 secs] [Times: user=0.01 sys=0.00, real=0.00 secs] 
3430.479: [GC (Allocation Failure) [PSYoungGen: 56704K->1376K(57344K)] 402043K->346715K(633856K), 0.0021048 secs] [Times: user=0.01 sys=0.00, real=0.00 secs] 
3430.739: [GC (Allocation Failure) [PSYoungGen: 56672K->1376K(57344K)] 402011K->346715K(633856K), 0.0023912 secs] [Times: user=0.01 sys=0.00, real=0.00 secs] 
3431.044: [GC (Allocation Failure) [PSYoungGen: 56672K->1408K(57344K)] 402011K->346747K(633856K), 0.0020607 secs] [Times: user=0.01 sys=0.00, real=0.01 secs] 
3431.408: [GC (Allocation Failure) [PSYoungGen: 56704K->1344K(57344K)] 402043K->346683K(633856K), 0.0019789 secs] [Times: user=0.01 sys=0.00, real=0.00 secs] 
3431.772: [GC (Allocation Failure) [PSYoungGen: 56640K->1504K(57344K)] 401979K->346859K(633856K), 0.0016648 secs] [Times: user=0.01 sys=0.00, real=0.00 secs] 
3432.093: [GC (Allocation Failure) [PSYoungGen: 56800K->1504K(57344K)] 402155K->346867K(633856K), 0.0016945 secs] [Times: user=0.00 sys=0.00, real=0.01 secs] 
3432.415: [GC (Allocation Failure) [PSYoungGen: 56800K->1501K(57344K)] 402163K->346864K(633856K), 0.0016716 secs] [Times: user=0.01 sys=0.00, real=0.00 secs] 
3432.738: [GC (Allocation Failure) [PSYoungGen: 56797K->1565K(57344K)] 402160K->346928K(633856K), 0.0016944 secs] [Times: user=0.01 sys=0.00, real=0.00 secs] 
3433.095: [GC (Allocation Failure) [PSYoungGen: 56861K->1632K(57344K)] 402224K->346995K(633856K), 0.0018317 secs] [Times: user=0.01 sys=0.00, real=0.00 secs] 
3433.331: [GC (Allocation Failure) [PSYoungGen: 56928K->1408K(57344K)] 402291K->346771K(633856K), 0.0019024 secs] [Times: user=0.01 sys=0.00, real=0.00 secs] 
3433.578: [GC (Allocation Failure) [PSYoungGen: 56704K->1376K(57344K)] 402067K->346739K(633856K), 0.0019434 secs] [Times: user=0.00 sys=0.00, real=0.00 secs] 
3433.849: [GC (Allocation Failure) [PSYoungGen: 56672K->1408K(57344K)] 402035K->346771K(633856K), 0.0016924 secs] [Times: user=0.01 sys=0.00, real=0.00 secs] 
3434.109: [GC (Allocation Failure) [PSYoungGen: 56704K->1424K(57344K)] 402067K->346787K(633856K), 0.0017734 secs] [Times: user=0.01 sys=0.00, real=0.00 secs] 
3434.403: [GC (Allocation Failure) [PSYoungGen: 56720K->1344K(57344K)] 402083K->346707K(633856K), 0.0020467 secs] [Times: user=0.01 sys=0.00, real=0.01 secs] 
3434.762: [GC (Allocation Failure) [PSYoungGen: 56640K->1597K(57344K)] 402003K->346968K(633856K), 0.0016824 secs] [Times: user=0.00 sys=0.00, real=0.00 secs] 
3435.084: [GC (Allocation Failure) [PSYoungGen: 56893K->1501K(57344K)] 402264K->346872K(633856K), 0.0017333 secs] [Times: user=0.01 sys=0.00, real=0.01 secs] 
3435.406: [GC (Allocation Failure) [PSYoungGen: 56797K->1536K(57344K)] 402168K->346931K(633856K), 0.0016729 secs] [Times: user=0.01 sys=0.00, real=0.00 secs] 
3435.728: [GC (Allocation Failure) [PSYoungGen: 56832K->1533K(57344K)] 402227K->346928K(633856K), 0.0017404 secs] [Times: user=0.00 sys=0.00, real=0.00 secs] 
3436.224: [GC (Allocation Failure) [PSYoungGen: 56829K->1456K(57344K)] 402224K->346851K(633856K), 0.0017673 secs] [Times: user=0.01 sys=0.00, real=0.01 secs] 
3436.726: [GC (Allocation Failure) [PSYoungGen: 56752K->1408K(57344K)] 402147K->346803K(633856K), 0.0018970 secs] [Times: user=0.01 sys=0.00, real=0.00 secs] 
3437.211: [GC (Allocation Failure) [PSYoungGen: 56704K->1376K(57344K)] 402099K->346771K(633856K), 0.0017371 secs] [Times: user=0.00 sys=0.00, real=0.00 secs] 
3437.588: [GC (Allocation Failure) [PSYoungGen: 56672K->1376K(57344K)] 402067K->346771K(633856K), 0.0019477 secs] [Times: user=0.01 sys=0.00, real=0.00 secs] 
3437.818: [GC (Allocation Failure) [PSYoungGen: 56672K->1376K(57344K)] 402067K->346771K(633856K), 0.0020176 secs] [Times: user=0.00 sys=0.00, real=0.00 secs] 
3438.129: [GC (Allocation Failure) [PSYoungGen: 56672K->1533K(57344K)] 402067K->346944K(633856K), 0.0015627 secs] [Times: user=0.00 sys=0.00, real=0.00 secs] 
3438.449: [GC (Allocation Failure) [PSYoungGen: 56829K->1565K(57344K)] 402240K->346976K(633856K), 0.0016885 secs] [Times: user=0.00 sys=0.00, real=0.00 secs] 
3438.773: [GC (Allocation Failure) [PSYoungGen: 56861K->1549K(57344K)] 402272K->346960K(633856K), 0.0016824 secs] [Times: user=0.00 sys=0.00, real=0.00 secs] 
3439.095: [GC (Allocation Failure) [PSYoungGen: 56845K->1629K(57344K)] 402256K->347040K(633856K), 0.0017312 secs] [Times: user=0.01 sys=0.00, real=0.01 secs] 
3439.449: [GC (Allocation Failure) [PSYoungGen: 56925K->2016K(57344K)] 402336K->347427K(633856K), 0.0019209 secs] [Times: user=0.01 sys=0.00, real=0.00 secs] 
3439.851: [GC (Allocation Failure) [PSYoungGen: 57312K->1408K(57344K)] 402723K->346819K(633856K), 0.0017186 secs] [Times: user=0.01 sys=0.00, real=0.00 secs] 
3440.081: [GC (Allocation Failure) [PSYoungGen: 56704K->1408K(57344K)] 402115K->346819K(633856K), 0.0016954 secs] [Times: user=0.01 sys=0.00, real=0.00 secs] 
3440.311: [GC (Allocation Failure) [PSYoungGen: 56704K->1376K(57344K)] 402115K->346787K(633856K), 0.0028590 secs] [Times: user=0.02 sys=0.00, real=0.00 secs] 
3440.542: [GC (Allocation Failure) [PSYoungGen: 56672K->1376K(57344K)] 402083K->346787K(633856K), 0.0024153 secs] [Times: user=0.01 sys=0.00, real=0.00 secs] 
3440.804: [GC (Allocation Failure) [PSYoungGen: 56672K->1469K(57344K)] 402083K->346880K(633856K), 0.0018698 secs] [Times: user=0.01 sys=0.00, real=0.01 secs] 
3441.157: [GC (Allocation Failure) [PSYoungGen: 56765K->1613K(57344K)] 402176K->347040K(633856K), 0.0017045 secs] [Times: user=0.01 sys=0.00, real=0.00 secs] 
3441.479: [GC (Allocation Failure) [PSYoungGen: 56909K->1533K(57344K)] 402336K->346960K(633856K), 0.0018098 secs] [Times: user=0.00 sys=0.00, real=0.00 secs] 
3441.801: [GC (Allocation Failure) [PSYoungGen: 56829K->1565K(57344K)] 402256K->346992K(633856K), 0.0017291 secs] [Times: user=0.01 sys=0.00, real=0.00 secs] 
3442.123: [GC (Allocation Failure) [PSYoungGen: 56861K->1565K(57344K)] 402288K->346992K(633856K), 0.0017043 secs] [Times: user=0.01 sys=0.00, real=0.01 secs] 
3443.608: [GC (Allocation Failure) [PSYoungGen: 56861K->1440K(57344K)] 402288K->346867K(633856K), 0.0032456 secs] [Times: user=0.01 sys=0.00, real=0.00 secs] 
3444.110: [GC (Allocation Failure) [PSYoungGen: 56736K->1344K(57344K)] 402163K->346771K(633856K), 0.0022212 secs] [Times: user=0.01 sys=0.00, real=0.00 secs] 
3444.654: [GC (Allocation Failure) [PSYoungGen: 56640K->1408K(57344K)] 402067K->346835K(633856K), 0.0023509 secs] [Times: user=0.01 sys=0.00, real=0.01 secs] 
3445.307: [GC (Allocation Failure) [PSYoungGen: 56704K->1376K(57344K)] 402131K->346803K(633856K), 0.0023691 secs] [Times: user=0.00 sys=0.01, real=0.00 secs] 
3445.844: [GC (Allocation Failure) [PSYoungGen: 56672K->1376K(57344K)] 402099K->346803K(633856K), 0.0022229 secs] [Times: user=0.00 sys=0.00, real=0.01 secs] 
3446.265: [GC (Allocation Failure) [PSYoungGen: 56672K->1501K(57344K)] 402099K->346936K(633856K), 0.0015971 secs] [Times: user=0.01 sys=0.00, real=0.00 secs] 
3446.651: [GC (Allocation Failure) [PSYoungGen: 56797K->1533K(57344K)] 402232K->346968K(633856K), 0.0017928 secs] [Times: user=0.00 sys=0.00, real=0.00 secs] 
3446.973: [GC (Allocation Failure) [PSYoungGen: 56829K->1565K(57344K)] 402264K->347000K(633856K), 0.0017912 secs] [Times: user=0.01 sys=0.00, real=0.01 secs] 
3447.310: [GC (Allocation Failure) [PSYoungGen: 56861K->1536K(57344K)] 402296K->346971K(633856K), 0.0018251 secs] [Times: user=0.01 sys=0.00, real=0.00 secs] 
3447.767: [GC (Allocation Failure) [PSYoungGen: 56832K->1440K(57344K)] 402267K->346899K(633856K), 0.0024693 secs] [Times: user=0.01 sys=0.00, real=0.00 secs] 
3448.267: [GC (Allocation Failure) [PSYoungGen: 56736K->1376K(57344K)] 402195K->346835K(633856K), 0.0020523 secs] [Times: user=0.01 sys=0.00, real=0.00 secs] 
3448.742: [GC (Allocation Failure) [PSYoungGen: 56672K->1408K(57344K)] 402131K->346867K(633856K), 0.0023750 secs] [Times: user=0.01 sys=0.00, real=0.00 secs] 
3449.008: [GC (Allocation Failure) [PSYoungGen: 56704K->1376K(57344K)] 402163K->346835K(633856K), 0.0020521 secs] [Times: user=0.01 sys=0.00, real=0.00 secs] 
3449.280: [GC (Allocation Failure) [PSYoungGen: 56672K->1376K(57344K)] 402131K->346835K(633856K), 0.0019635 secs] [Times: user=0.00 sys=0.00, real=0.00 secs] 
3449.551: [GC (Allocation Failure) [PSYoungGen: 56672K->1485K(57344K)] 402131K->346944K(633856K), 0.0019237 secs] [Times: user=0.01 sys=0.00, real=0.00 secs] 
3449.879: [GC (Allocation Failure) [PSYoungGen: 56781K->1565K(57344K)] 402240K->347040K(633856K), 0.0017117 secs] [Times: user=0.01 sys=0.00, real=0.00 secs] 
3450.201: [GC (Allocation Failure) [PSYoungGen: 56861K->1517K(57344K)] 402336K->346992K(633856K), 0.0017331 secs] [Times: user=0.00 sys=0.00, real=0.00 secs] 
3450.523: [GC (Allocation Failure) [PSYoungGen: 56813K->1581K(57344K)] 402288K->347056K(633856K), 0.0017158 secs] [Times: user=0.01 sys=0.00, real=0.01 secs] 
3450.845: [GC (Allocation Failure) [PSYoungGen: 56877K->1533K(57344K)] 402352K->347008K(633856K), 0.0017174 secs] [Times: user=0.00 sys=0.00, real=0.00 secs] 
3451.339: [GC (Allocation Failure) [PSYoungGen: 56829K->1440K(57344K)] 402304K->346915K(633856K), 0.0018725 secs] [Times: user=0.01 sys=0.00, real=0.00 secs] 
3451.796: [GC (Allocation Failure) [PSYoungGen: 56736K->1376K(57344K)] 402211K->346851K(633856K), 0.0019492 secs] [Times: user=0.01 sys=0.00, real=0.00 secs] 
3452.027: [GC (Allocation Failure) [PSYoungGen: 56672K->1376K(57344K)] 402147K->346851K(633856K), 0.0019384 secs] [Times: user=0.01 sys=0.00, real=0.00 secs] 
3452.256: [GC (Allocation Failure) [PSYoungGen: 56672K->1312K(57344K)] 402147K->346787K(633856K), 0.0019482 secs] [Times: user=0.01 sys=0.00, real=0.00 secs] 
3452.486: [GC (Allocation Failure) [PSYoungGen: 56608K->1344K(57344K)] 402083K->346819K(633856K), 0.0019263 secs] [Times: user=0.01 sys=0.00, real=0.00 secs] 
3452.801: [GC (Allocation Failure) [PSYoungGen: 56640K->1533K(57344K)] 402115K->347024K(633856K), 0.0016712 secs] [Times: user=0.01 sys=0.00, real=0.00 secs] 
3453.126: [GC (Allocation Failure) [PSYoungGen: 56829K->1549K(57344K)] 402320K->347040K(633856K), 0.0017709 secs] [Times: user=0.00 sys=0.00, real=0.00 secs] 
3453.505: [GC (Allocation Failure) [PSYoungGen: 56845K->1517K(57344K)] 402336K->347008K(633856K), 0.0018398 secs] [Times: user=0.01 sys=0.00, real=0.00 secs] 
3453.889: [GC (Allocation Failure) [PSYoungGen: 56813K->1533K(57344K)] 402304K->347024K(633856K), 0.0018408 secs] [Times: user=0.01 sys=0.00, real=0.00 secs] 
3454.240: [GC (Allocation Failure) [PSYoungGen: 56829K->1456K(57344K)] 402320K->346947K(633856K), 0.0019593 secs] [Times: user=0.01 sys=0.00, real=0.00 secs] 
3454.500: [GC (Allocation Failure) [PSYoungGen: 56752K->1408K(57344K)] 402243K->346899K(633856K), 0.0022490 secs] [Times: user=0.01 sys=0.00, real=0.00 secs] 
3454.883: [GC (Allocation Failure) [PSYoungGen: 56704K->1312K(57344K)] 402195K->346803K(633856K), 0.0020784 secs] [Times: user=0.01 sys=0.00, real=0.01 secs] 
3455.289: [GC (Allocation Failure) [PSYoungGen: 56608K->1376K(57344K)] 402099K->346867K(633856K), 0.0019511 secs] [Times: user=0.01 sys=0.00, real=0.00 secs] 
3455.725: [GC (Allocation Failure) [PSYoungGen: 56672K->1392K(57344K)] 402163K->346891K(633856K), 0.0023510 secs] [Times: user=0.01 sys=0.00, real=0.00 secs] 
3456.177: [GC (Allocation Failure) [PSYoungGen: 56688K->1501K(57344K)] 402187K->347000K(633856K), 0.0017860 secs] [Times: user=0.00 sys=0.00, real=0.00 secs] 
3456.507: [GC (Allocation Failure) [PSYoungGen: 56797K->1536K(57344K)] 402296K->347051K(633856K), 0.0017132 secs] [Times: user=0.00 sys=0.00, real=0.00 secs] 
3456.831: [GC (Allocation Failure) [PSYoungGen: 56832K->1533K(57344K)] 402347K->347048K(633856K), 0.0017632 secs] [Times: user=0.01 sys=0.00, real=0.00 secs] 
3457.153: [GC (Allocation Failure) [PSYoungGen: 56829K->1565K(57344K)] 402344K->347080K(633856K), 0.0017063 secs] [Times: user=0.01 sys=0.00, real=0.01 secs] 
3457.475: [GC (Allocation Failure) [PSYoungGen: 56861K->1533K(57344K)] 402376K->347048K(633856K), 0.0017466 secs] [Times: user=0.01 sys=0.00, real=0.00 secs] 
3458.908: [GC (Allocation Failure) [PSYoungGen: 56829K->2016K(57344K)] 402344K->347539K(633856K), 0.0034148 secs] [Times: user=0.01 sys=0.00, real=0.00 secs] 
3460.383: [GC (Allocation Failure) [PSYoungGen: 57312K->2032K(57344K)] 402835K->353565K(633856K), 0.0095314 secs] [Times: user=0.05 sys=0.00, real=0.01 secs] 
3462.480: [GC (Allocation Failure) [PSYoungGen: 57328K->4576K(55808K)] 408861K->366026K(632320K), 0.0557786 secs] [Times: user=0.12 sys=0.15, real=0.06 secs] 
3465.512: [GC (Allocation Failure) [PSYoungGen: 55776K->8688K(59904K)] 417226K->385714K(636416K), 0.0364882 secs] [Times: user=0.10 sys=0.10, real=0.04 secs] 
3466.058: [GC (Allocation Failure) [PSYoungGen: 59888K->15840K(63488K)] 436914K->406442K(640000K), 0.0293770 secs] [Times: user=0.12 sys=0.05, real=0.03 secs] 
3466.197: [GC (Allocation Failure) [PSYoungGen: 63456K->24048K(71680K)] 454058K->426378K(648192K), 0.0154720 secs] [Times: user=0.08 sys=0.01, real=0.01 secs] 
3466.282: [GC (Allocation Failure) [PSYoungGen: 71664K->32752K(76288K)] 473994K->450522K(652800K), 0.0194273 secs] [Times: user=0.10 sys=0.02, real=0.02 secs] 
3466.357: [GC (Allocation Failure) [PSYoungGen: 76272K->44528K(88064K)] 494042K->464322K(664576K), 0.0128023 secs] [Times: user=0.07 sys=0.00, real=0.01 secs] 
3466.428: [GC (Allocation Failure) [PSYoungGen: 88048K->53216K(91648K)] 507842K->482671K(668160K), 0.0217938 secs] [Times: user=0.09 sys=0.04, real=0.02 secs] 
3468.419: [GC (Allocation Failure) [PSYoungGen: 91616K->65920K(104960K)] 521071K->496814K(681472K), 0.0287204 secs] [Times: user=0.17 sys=0.01, real=0.03 secs] 
3469.377: [GC (Allocation Failure) [PSYoungGen: 104320K->78304K(108544K)] 535214K->512782K(685056K), 0.0369621 secs] [Times: user=0.18 sys=0.03, real=0.03 secs] 
3469.481: [GC (Allocation Failure) [PSYoungGen: 108512K->84704K(123904K)] 542990K->525634K(700416K), 0.0297246 secs] [Times: user=0.17 sys=0.00, real=0.03 secs] 
3470.214: [GC (Allocation Failure) [PSYoungGen: 114912K->56128K(142848K)] 572226K->546034K(719360K), 0.1853136 secs] [Times: user=0.98 sys=0.06, real=0.19 secs] 
3470.674: [GC (Allocation Failure) [PSYoungGen: 91968K->39616K(142848K)] 581874K->560954K(719360K), 0.1105731 secs] [Times: user=0.61 sys=0.03, real=0.12 secs] 
3474.422: [GC (Allocation Failure) [PSYoungGen: 75456K->27104K(134144K)] 596794K->573274K(710656K), 0.1795503 secs] [Times: user=1.04 sys=0.03, real=0.18 secs] 
3474.602: [Full GC (Ergonomics) [PSYoungGen: 27104K->0K(134144K)] [ParOldGen: 546170K->233275K(563712K)] 573274K->233275K(697856K), [Metaspace: 59849K->59752K(1105920K)], 0.5767104 secs] [Times: user=2.59 sys=0.02, real=0.58 secs] 
3477.303: [GC (Allocation Failure) [PSYoungGen: 42496K->14176K(138752K)] 275771K->247451K(702464K), 0.0261096 secs] [Times: user=0.16 sys=0.00, real=0.03 secs] 
3478.356: [GC (Allocation Failure) [PSYoungGen: 56672K->6392K(143360K)] 289947K->253712K(707072K), 0.0256599 secs] [Times: user=0.15 sys=0.00, real=0.02 secs] 
3478.492: [GC (Allocation Failure) [PSYoungGen: 57080K->480K(144384K)] 304400K->253983K(708096K), 0.0088327 secs] [Times: user=0.04 sys=0.00, real=0.01 secs] 
3478.566: [GC (GCLocker Initiated GC) [PSYoungGen: 51168K->12320K(145920K)] 304672K->266221K(709632K), 0.0035932 secs] [Times: user=0.02 sys=0.00, real=0.00 secs] 
3478.636: [GC (GCLocker Initiated GC) [PSYoungGen: 72224K->21536K(149504K)] 326127K->286929K(713216K), 0.0084508 secs] [Times: user=0.04 sys=0.00, real=0.00 secs] 
3478.719: [GC (Allocation Failure) [PSYoungGen: 81440K->26848K(144384K)] 346836K->311540K(708096K), 0.0120585 secs] [Times: user=0.07 sys=0.00, real=0.01 secs] 
3478.826: [GC (Allocation Failure) [PSYoungGen: 98016K->30080K(150016K)] 382708K->341464K(713728K), 0.0181557 secs] [Times: user=0.11 sys=0.00, real=0.01 secs] 
3478.942: [GC (Allocation Failure) [PSYoungGen: 101248K->33888K(155136K)] 412632K->375301K(718848K), 0.0250651 secs] [Times: user=0.15 sys=0.00, real=0.03 secs] 
3479.078: [GC (Allocation Failure) [PSYoungGen: 118368K->36160K(157184K)] 459781K->411453K(720896K), 0.0204975 secs] [Times: user=0.12 sys=0.00, real=0.02 secs] 
3479.195: [GC (Allocation Failure) [PSYoungGen: 114176K->32896K(167424K)] 489469K->444301K(731136K), 0.0902140 secs] [Times: user=0.54 sys=0.00, real=0.09 secs] 
3479.418: [GC (Allocation Failure) [PSYoungGen: 133760K->51552K(169472K)] 545165K->495745K(733184K), 0.0342166 secs] [Times: user=0.20 sys=0.00, real=0.03 secs] 
3483.545: [GC (Allocation Failure) [PSYoungGen: 152416K->13184K(190464K)] 596609K->508849K(754176K), 0.0294970 secs] [Times: user=0.17 sys=0.00, real=0.02 secs] 
3483.777: [GC (Allocation Failure) [PSYoungGen: 133504K->31712K(192000K)] 629169K->540529K(755712K), 0.0246231 secs] [Times: user=0.14 sys=0.00, real=0.02 secs] 
3483.802: [Full GC (Ergonomics) [PSYoungGen: 31712K->0K(192000K)] [ParOldGen: 508817K->47769K(408576K)] 540529K->47769K(600576K), [Metaspace: 59968K->59968K(1105920K)], 0.1176764 secs] [Times: user=0.50 sys=0.00, real=0.12 secs] 
3484.121: [GC (Allocation Failure) [PSYoungGen: 120320K->52320K(206336K)] 168089K->100089K(614912K), 0.0206613 secs] [Times: user=0.07 sys=0.05, real=0.02 secs] 
3484.339: [GC (Allocation Failure) [PSYoungGen: 190560K->60704K(210944K)] 238329K->156565K(619520K), 0.0263584 secs] [Times: user=0.15 sys=0.01, real=0.03 secs] 
3484.514: [GC (Allocation Failure) [PSYoungGen: 198944K->66368K(236032K)] 294805K->214477K(644608K), 0.0387276 secs] [Times: user=0.18 sys=0.04, real=0.04 secs] 
3485.495: [GC (Allocation Failure) [PSYoungGen: 223040K->45824K(243200K)] 371149K->259593K(651776K), 0.0388905 secs] [Times: user=0.23 sys=0.00, real=0.03 secs] 
3486.551: [GC (Allocation Failure) [PSYoungGen: 202496K->41120K(263168K)] 416265K->300713K(671744K), 0.1282523 secs] [Times: user=0.75 sys=0.01, real=0.13 secs] 
3486.928: [GC (Allocation Failure) [PSYoungGen: 226976K->78592K(266752K)] 486569K->376496K(675328K), 0.0280082 secs] [Times: user=0.16 sys=0.01, real=0.03 secs] 
3487.241: [GC (Allocation Failure) [PSYoungGen: 264448K->87904K(299520K)] 562352K->456000K(708096K), 0.0483093 secs] [Times: user=0.25 sys=0.03, real=0.05 secs] 
3487.290: [Full GC (Ergonomics) [PSYoungGen: 87904K->0K(299520K)] [ParOldGen: 368096K->210981K(633344K)] 456000K->210981K(932864K), [Metaspace: 59972K->59972K(1105920K)], 0.4768989 secs] [Times: user=2.21 sys=0.00, real=0.48 secs] 
3489.938: [GC (Allocation Failure) [PSYoungGen: 208384K->46720K(311296K)] 419365K->257701K(944640K), 0.0598596 secs] [Times: user=0.35 sys=0.00, real=0.06 secs] 
3491.588: [GC (Allocation Failure) [PSYoungGen: 255104K->75072K(331264K)] 466085K->331620K(964608K), 0.0522372 secs] [Times: user=0.30 sys=0.00, real=0.05 secs] 
3491.919: [GC (Allocation Failure) [PSYoungGen: 308544K->102880K(336384K)] 565092K->429988K(969728K), 0.0428531 secs] [Times: user=0.26 sys=0.00, real=0.04 secs] 
3493.028: [GC (Allocation Failure) [PSYoungGen: 336352K->74240K(401920K)] 663460K->496092K(1035264K), 0.0815553 secs] [Times: user=0.40 sys=0.08, real=0.08 secs] 
3493.581: [GC (Allocation Failure) [PSYoungGen: 340480K->97568K(406016K)] 762332K->592449K(1039360K), 0.0457420 secs] [Times: user=0.24 sys=0.03, real=0.05 secs] 
3493.936: [GC (Allocation Failure) [PSYoungGen: 363808K->121984K(434688K)] 858689K->704393K(1068032K), 0.0953891 secs] [Times: user=0.27 sys=0.29, real=0.09 secs] 
3494.031: [Full GC (Ergonomics) [PSYoungGen: 121984K->0K(434688K)] [ParOldGen: 582409K->225719K(712192K)] 704393K->225719K(1146880K), [Metaspace: 59981K->59981K(1105920K)], 0.5081135 secs] [Times: user=2.37 sys=0.00, real=0.51 secs] 
3497.464: [GC (Allocation Failure) [PSYoungGen: 290304K->71072K(447488K)] 516023K->296791K(1159680K), 0.0668652 secs] [Times: user=0.40 sys=0.00, real=0.07 secs] 
3497.910: [GC (Allocation Failure) [PSYoungGen: 361376K->124768K(466944K)] 587095K->418340K(1179136K), 0.0423170 secs] [Times: user=0.24 sys=0.01, real=0.04 secs] 
3499.186: [GC (Allocation Failure) [PSYoungGen: 442720K->96032K(478720K)] 736292K->506028K(1190912K), 0.0599626 secs] [Times: user=0.36 sys=0.00, real=0.06 secs] 
3499.951: [GC (Allocation Failure) [PSYoungGen: 413984K->130848K(506880K)] 823980K->635512K(1219072K), 0.0725027 secs] [Times: user=0.41 sys=0.01, real=0.07 secs] 
3501.314: [GC (Allocation Failure) [PSYoungGen: 478496K->113696K(518144K)] 983160K->740544K(1230336K), 0.0650929 secs] [Times: user=0.37 sys=0.02, real=0.07 secs] 
3501.379: [Full GC (Ergonomics) [PSYoungGen: 113696K->0K(518144K)] [ParOldGen: 626848K->24149K(585728K)] 740544K->24149K(1103872K), [Metaspace: 59988K->59988K(1105920K)], 0.0389723 secs] [Times: user=0.11 sys=0.00, real=0.04 secs] 
3501.997: [GC (Allocation Failure) [PSYoungGen: 347648K->140256K(504832K)] 371797K->164406K(1090560K), 0.0279913 secs] [Times: user=0.16 sys=0.00, real=0.02 secs] 
3503.296: [GC (Allocation Failure) [PSYoungGen: 472544K->106432K(515584K)] 496694K->260830K(1101312K), 0.0644965 secs] [Times: user=0.38 sys=0.00, real=0.06 secs] 
3505.634: [GC (Allocation Failure) [PSYoungGen: 438720K->133920K(506880K)] 593118K->393098K(1092608K), 0.0516141 secs] [Times: user=0.30 sys=0.00, real=0.06 secs] 
3506.973: [GC (Allocation Failure) [PSYoungGen: 461088K->111808K(513024K)] 720266K->495066K(1098752K), 0.0632322 secs] [Times: user=0.38 sys=0.00, real=0.07 secs] 
3507.633: [GC (Allocation Failure) [PSYoungGen: 438976K->123136K(511488K)] 822234K->618122K(1097216K), 0.0539615 secs] [Times: user=0.31 sys=0.01, real=0.06 secs] 
3507.687: [Full GC (Ergonomics) [PSYoungGen: 123136K->0K(511488K)] [ParOldGen: 494986K->139631K(771584K)] 618122K->139631K(1283072K), [Metaspace: 59993K->59993K(1105920K)], 0.3033132 secs] [Times: user=1.39 sys=0.00, real=0.30 secs] 
3509.200: [GC (Allocation Failure) [PSYoungGen: 330752K->125408K(513536K)] 470383K->265039K(1285120K), 0.0452586 secs] [Times: user=0.27 sys=0.00, real=0.05 secs] 
3509.961: [GC (Allocation Failure) [PSYoungGen: 456160K->113120K(507392K)] 595791K->378187K(1278976K), 0.0641354 secs] [Times: user=0.38 sys=0.01, real=0.07 secs] 
3511.257: [GC (Allocation Failure) [PSYoungGen: 445920K->135520K(511488K)] 710987K->502999K(1283072K), 0.0609060 secs] [Times: user=0.36 sys=0.00, real=0.06 secs] 
3513.234: [GC (Allocation Failure) [PSYoungGen: 468320K->106336K(509952K)] 835799K->609292K(1281536K), 0.0571705 secs] [Times: user=0.34 sys=0.00, real=0.06 secs] 
3514.560: [GC (Allocation Failure) [PSYoungGen: 443744K->141696K(513024K)] 946700K->740384K(1284608K), 0.0632428 secs] [Times: user=0.37 sys=0.01, real=0.06 secs] 
3514.623: [Full GC (Ergonomics) [PSYoungGen: 141696K->0K(513024K)] [ParOldGen: 598688K->253171K(946688K)] 740384K->253171K(1459712K), [Metaspace: 59998K->59998K(1105920K)], 0.5256136 secs] [Times: user=2.31 sys=0.00, real=0.53 secs] 
3515.623: [GC (Allocation Failure) [PSYoungGen: 337408K->102112K(517632K)] 590579K->355283K(1464320K), 0.0215390 secs] [Times: user=0.12 sys=0.00, real=0.03 secs] 
3516.378: [GC (Allocation Failure) [PSYoungGen: 440465K->175584K(517632K)] 693637K->526987K(1464320K), 0.0639744 secs] [Times: user=0.37 sys=0.01, real=0.06 secs] 
3517.969: [GC (Allocation Failure) [PSYoungGen: 517600K->99808K(431616K)] 869003K->451287K(1378304K), 0.0209009 secs] [Times: user=0.12 sys=0.01, real=0.02 secs] 
3518.276: [GC (Allocation Failure) [PSYoungGen: 350176K->202144K(452608K)] 701655K->553623K(1399296K), 0.0398660 secs] [Times: user=0.24 sys=0.00, real=0.04 secs] 
3520.711: [GC (GCLocker Initiated GC) [PSYoungGen: 452512K->23008K(465920K)] 803991K->374607K(1412608K), 0.0208219 secs] [Times: user=0.11 sys=0.00, real=0.02 secs] 
3521.538: [GC (Allocation Failure) [PSYoungGen: 255968K->93344K(465920K)] 607570K->465391K(1412608K), 0.0253289 secs] [Times: user=0.14 sys=0.00, real=0.02 secs] 
3521.835: [GC (Allocation Failure) [PSYoungGen: 326304K->108032K(462848K)] 698351K->564707K(1409536K), 0.0490452 secs] [Times: user=0.29 sys=0.00, real=0.04 secs] 
3523.124: [GC (GCLocker Initiated GC) [PSYoungGen: 340992K->54784K(464384K)] 797670K->619406K(1411072K), 0.0493503 secs] [Times: user=0.29 sys=0.00, real=0.05 secs] 
3523.618: [GC (Allocation Failure) [PSYoungGen: 287744K->98848K(446464K)] 852369K->713758K(1393152K), 0.0356408 secs] [Times: user=0.18 sys=0.03, real=0.03 secs] 
3523.997: [GC (Allocation Failure) [PSYoungGen: 335392K->107648K(457216K)] 950302K->812202K(1403904K), 0.0619292 secs] [Times: user=0.32 sys=0.05, real=0.06 secs] 
3526.100: [GC (GCLocker Initiated GC) [PSYoungGen: 344192K->51616K(475136K)] 1048747K->863599K(1421824K), 0.1178669 secs] [Times: user=0.62 sys=0.07, real=0.12 secs] 
3526.218: [Full GC (Ergonomics) [PSYoungGen: 51616K->0K(475136K)] [ParOldGen: 811983K->51089K(764416K)] 863599K->51089K(1239552K), [Metaspace: 60022K->60022K(1105920K)], 0.1458307 secs] [Times: user=0.59 sys=0.00, real=0.14 secs] 
3526.771: [GC (Allocation Failure) [PSYoungGen: 266240K->112736K(476160K)] 317367K->163863K(1240576K), 0.0234219 secs] [Times: user=0.14 sys=0.00, real=0.02 secs] 
3527.933: [GC (Allocation Failure) [PSYoungGen: 378976K->105856K(476672K)] 430103K->260548K(1241088K), 0.0589493 secs] [Times: user=0.35 sys=0.00, real=0.06 secs] 
3529.273: [GC (GCLocker Initiated GC) [PSYoungGen: 392064K->89120K(479744K)] 546756K->349236K(1244160K), 0.0503162 secs] [Times: user=0.30 sys=0.00, real=0.05 secs] 
3529.827: [GC (Allocation Failure) [PSYoungGen: 375328K->125440K(502784K)] 635447K->469186K(1267200K), 0.0512867 secs] [Times: user=0.31 sys=0.00, real=0.05 secs] 
3531.199: [GC (GCLocker Initiated GC) [PSYoungGen: 440832K->85344K(502272K)] 784578K->554298K(1266688K), 0.0945177 secs] [Times: user=0.55 sys=0.01, real=0.09 secs] 
3531.712: [GC (Allocation Failure) [PSYoungGen: 400736K->127584K(505856K)] 886145K->691656K(1270272K), 0.2837493 secs] [Times: user=1.69 sys=0.02, real=0.29 secs] 
3533.762: [GC (GCLocker Initiated GC) [PSYoungGen: 451168K->88288K(506880K)] 1015241K->779689K(1271296K), 0.3659892 secs] [Times: user=2.19 sys=0.00, real=0.37 secs] 
3534.128: [Full GC (Ergonomics) [PSYoungGen: 88288K->0K(506880K)] [ParOldGen: 691401K->58633K(797184K)] 779689K->58633K(1304064K), [Metaspace: 60029K->60029K(1105920K)], 0.1148974 secs] [Times: user=0.48 sys=0.01, real=0.11 secs] 
3534.631: [GC (Allocation Failure) [PSYoungGen: 323584K->145504K(504320K)] 382220K->204140K(1301504K), 0.0274679 secs] [Times: user=0.16 sys=0.00, real=0.03 secs] 
3536.594: [GC (Allocation Failure) [PSYoungGen: 471136K->102304K(512000K)] 529772K->289356K(1309184K), 0.1563188 secs] [Times: user=0.93 sys=0.00, real=0.16 secs] 
3537.408: [GC (Allocation Failure) [PSYoungGen: 427936K->136384K(509952K)] 614988K->422280K(1307136K), 0.0490720 secs] [Times: user=0.29 sys=0.00, real=0.05 secs] 
3538.732: [GC (Allocation Failure) [PSYoungGen: 466624K->102272K(432640K)] 752520K->516064K(1229824K), 0.0613534 secs] [Times: user=0.36 sys=0.00, real=0.06 secs] 
3539.264: [GC (Allocation Failure) [PSYoungGen: 432512K->139424K(508416K)] 846304K->652597K(1305600K), 0.0511594 secs] [Times: user=0.30 sys=0.00, real=0.06 secs] 
3540.575: [GC (Allocation Failure) [PSYoungGen: 470688K->102176K(513024K)] 983861K->745237K(1310208K), 0.0657564 secs] [Times: user=0.39 sys=0.00, real=0.06 secs] 
3540.641: [Full GC (Ergonomics) [PSYoungGen: 102176K->0K(513024K)] [ParOldGen: 643061K->25498K(802816K)] 745237K->25498K(1315840K), [Metaspace: 60036K->60036K(1105920K)], 0.0340949 secs] [Times: user=0.10 sys=0.00, real=0.04 secs] 
3541.582: [GC (Allocation Failure) [PSYoungGen: 331264K->133888K(515072K)] 356762K->159386K(1317888K), 0.0270966 secs] [Times: user=0.15 sys=0.00, real=0.03 secs] 
3543.014: [GC (Allocation Failure) [PSYoungGen: 472320K->111936K(450560K)] 497818K->262018K(1253376K), 0.0641210 secs] [Times: user=0.38 sys=0.01, real=0.07 secs] 
3544.475: [GC (GCLocker Initiated GC) [PSYoungGen: 450368K->133024K(514560K)] 600450K->393742K(1317376K), 0.0527756 secs] [Times: user=0.31 sys=0.00, real=0.05 secs] 
3546.114: [GC (Allocation Failure) [PSYoungGen: 475552K->113792K(516096K)] 736272K->498800K(1318912K), 0.0634511 secs] [Times: user=0.37 sys=0.00, real=0.07 secs] 
3546.709: [GC (Allocation Failure) [PSYoungGen: 456320K->133600K(519680K)] 841328K->630869K(1322496K), 0.0537850 secs] [Times: user=0.31 sys=0.00, real=0.05 secs] 
3548.105: [GC (Allocation Failure) [PSYoungGen: 485344K->117280K(521216K)] 982613K->738505K(1324032K), 0.0638088 secs] [Times: user=0.38 sys=0.00, real=0.06 secs] 
3548.169: [Full GC (Ergonomics) [PSYoungGen: 117280K->0K(521216K)] [ParOldGen: 621225K->20956K(833024K)] 738505K->20956K(1354240K), [Metaspace: 60048K->60048K(1105920K)], 0.0270287 secs] [Times: user=0.07 sys=0.00, real=0.03 secs] 
3549.966: [GC (Allocation Failure) [PSYoungGen: 351744K->138688K(522752K)] 372700K->159644K(1355776K), 0.0272292 secs] [Times: user=0.16 sys=0.00, real=0.02 secs] 
3551.288: [GC (Allocation Failure) [PSYoungGen: 497088K->115872K(525824K)] 518044K->265860K(1358848K), 0.0648692 secs] [Times: user=0.38 sys=0.00, real=0.06 secs] 
3551.845: [GC (Allocation Failure) [PSYoungGen: 474272K->157056K(516096K)] 624260K->421773K(1349120K), 0.0560917 secs] [Times: user=0.32 sys=0.01, real=0.05 secs] 
3554.090: [GC (Allocation Failure) [PSYoungGen: 509824K->109120K(525824K)] 774541K->514261K(1358848K), 0.0760144 secs] [Times: user=0.45 sys=0.00, real=0.08 secs] 
3554.617: [GC (Allocation Failure) [PSYoungGen: 461888K->147552K(519168K)] 867029K->658822K(1352192K), 0.0536695 secs] [Times: user=0.32 sys=0.00, real=0.05 secs] 
3557.313: [GC (Allocation Failure) [PSYoungGen: 496224K->110144K(523776K)] 1007494K->759522K(1356800K), 0.1428599 secs] [Times: user=0.85 sys=0.00, real=0.15 secs] 
3557.456: [Full GC (Ergonomics) [PSYoungGen: 110144K->0K(523776K)] [ParOldGen: 649378K->41751K(887808K)] 759522K->41751K(1411584K), [Metaspace: 60052K->60052K(1105920K)], 0.1095084 secs] [Times: user=0.44 sys=0.00, real=0.11 secs] 
3558.685: [GC (Allocation Failure) [PSYoungGen: 348672K->145120K(520192K)] 390423K->186871K(1408000K), 0.0288398 secs] [Times: user=0.17 sys=0.00, real=0.02 secs] 
3560.061: [GC (GCLocker Initiated GC) [PSYoungGen: 492768K->108704K(523264K)] 534519K->287127K(1411072K), 0.0639457 secs] [Times: user=0.38 sys=0.00, real=0.06 secs] 
3560.679: [GC (Allocation Failure) [PSYoungGen: 456352K->148608K(517120K)] 634778K->431479K(1404928K), 0.0523827 secs] [Times: user=0.31 sys=0.00, real=0.05 secs] 
3562.562: [GC (Allocation Failure) [PSYoungGen: 492160K->104960K(521216K)] 775031K->527399K(1409024K), 0.1365225 secs] [Times: user=0.81 sys=0.01, real=0.14 secs] 
3563.138: [GC (Allocation Failure) [PSYoungGen: 448512K->152928K(511488K)] 870951K->676655K(1399296K), 0.0511638 secs] [Times: user=0.30 sys=0.00, real=0.05 secs] 
3565.647: [GC (Allocation Failure) [PSYoungGen: 488288K->104224K(517120K)] 1012015K->763716K(1404928K), 0.1448099 secs] [Times: user=0.86 sys=0.00, real=0.14 secs] 
3566.486: [GC (Allocation Failure) [PSYoungGen: 439584K->141120K(516608K)] 1099076K->900560K(1404416K), 0.0514331 secs] [Times: user=0.30 sys=0.00, real=0.05 secs] 
3566.538: [Full GC (Ergonomics) [PSYoungGen: 141120K->0K(516608K)] [ParOldGen: 759440K->180472K(1047552K)] 900560K->180472K(1564160K), [Metaspace: 60060K->60060K(1105920K)], 0.4088988 secs] [Times: user=1.88 sys=0.00, real=0.41 secs] 
3568.158: [GC (Allocation Failure) [PSYoungGen: 336896K->104064K(517632K)] 517368K->284536K(1565184K), 0.0343604 secs] [Times: user=0.20 sys=0.00, real=0.03 secs] 
3568.752: [GC (Allocation Failure) [PSYoungGen: 440960K->140000K(517120K)] 621432K->421977K(1564672K), 0.0518346 secs] [Times: user=0.31 sys=0.00, real=0.05 secs] 
3570.117: [GC (Allocation Failure) [PSYoungGen: 477920K->105472K(517632K)] 759897K->518313K(1565184K), 0.0664488 secs] [Times: user=0.39 sys=0.00, real=0.06 secs] 
3571.163: [GC (Allocation Failure) [PSYoungGen: 443392K->139808K(517120K)] 856233K->655258K(1564672K), 0.0525320 secs] [Times: user=0.31 sys=0.00, real=0.06 secs] 
3572.697: [GC (Allocation Failure) [PSYoungGen: 479264K->109632K(517632K)] 994714K->755458K(1565184K), 0.0845269 secs] [Times: user=0.50 sys=0.01, real=0.08 secs] 
3573.616: [GC (Allocation Failure) [PSYoungGen: 449088K->138528K(518144K)] 1094914K->891847K(1565696K), 0.0537034 secs] [Times: user=0.32 sys=0.00, real=0.05 secs] 
3574.986: [GC (Allocation Failure) [PSYoungGen: 481056K->108192K(518656K)] 1234375K->991135K(1566208K), 0.0781378 secs] [Times: user=0.37 sys=0.08, real=0.07 secs] 
3575.064: [Full GC (Ergonomics) [PSYoungGen: 108192K->0K(518656K)] [ParOldGen: 882943K->28100K(921600K)] 991135K->28100K(1440256K), [Metaspace: 60073K->60073K(1105920K)], 0.0452184 secs] [Times: user=0.15 sys=0.00, real=0.05 secs] 
3575.789: [GC (Allocation Failure) [PSYoungGen: 342528K->140576K(519168K)] 370628K->168676K(1440768K), 0.0279745 secs] [Times: user=0.16 sys=0.00, real=0.03 secs] 
3577.206: [GC (Allocation Failure) [PSYoungGen: 486176K->111072K(520704K)] 514276K->270276K(1442304K), 0.0655443 secs] [Times: user=0.38 sys=0.00, real=0.06 secs] 
3578.085: [GC (GCLocker Initiated GC) [PSYoungGen: 456672K->142144K(520704K)] 615876K->410864K(1442304K), 0.0533604 secs] [Times: user=0.31 sys=0.00, real=0.05 secs] 
3579.691: [GC (Allocation Failure) [PSYoungGen: 490304K->112320K(522752K)] 759027K->514171K(1444352K), 0.1232977 secs] [Times: user=0.73 sys=0.00, real=0.13 secs] 
3580.854: [GC (GCLocker Initiated GC) [PSYoungGen: 460480K->142752K(521728K)] 862331K->654232K(1443328K), 0.0532806 secs] [Times: user=0.31 sys=0.01, real=0.06 secs] 
3582.189: [GC (Allocation Failure) [PSYoungGen: 492448K->110656K(523776K)] 1003930K->756094K(1445376K), 0.0805601 secs] [Times: user=0.47 sys=0.01, real=0.08 secs] 
3582.811: [GC (Allocation Failure) [PSYoungGen: 460352K->155680K(513536K)] 1105790K->908607K(1435136K), 0.0543308 secs] [Times: user=0.32 sys=0.00, real=0.06 secs] 
3582.865: [Full GC (Ergonomics) [PSYoungGen: 155680K->0K(513536K)] [ParOldGen: 752927K->181053K(1113600K)] 908607K->181053K(1627136K), [Metaspace: 60077K->60077K(1105920K)], 0.4213893 secs] [Times: user=1.96 sys=0.00, real=0.42 secs] 
3584.807: [GC (Allocation Failure) [PSYoungGen: 341504K->106304K(520192K)] 522557K->287357K(1633792K), 0.0493354 secs] [Times: user=0.28 sys=0.00, real=0.05 secs] 
3585.490: [GC (Allocation Failure) [PSYoungGen: 447808K->141600K(519680K)] 628861K->426224K(1633280K), 0.0521362 secs] [Times: user=0.31 sys=0.00, real=0.05 secs] 
3587.487: [GC (Allocation Failure) [PSYoungGen: 484128K->107456K(450048K)] 768752K->524344K(1563648K), 0.1615606 secs] [Times: user=0.96 sys=0.00, real=0.16 secs] 
3588.757: [GC (Allocation Failure) [PSYoungGen: 449984K->140192K(519168K)] 866872K->661733K(1632768K), 0.0525960 secs] [Times: user=0.31 sys=0.00, real=0.05 secs] 
3590.091: [GC (GCLocker Initiated GC) [PSYoungGen: 483232K->112096K(519680K)] 1004773K->765085K(1633280K), 0.0649519 secs] [Times: user=0.39 sys=0.00, real=0.07 secs] 
3590.681: [GC (Allocation Failure) [PSYoungGen: 455136K->143072K(518144K)] 1108196K->905145K(1631744K), 0.0539545 secs] [Times: user=0.31 sys=0.00, real=0.06 secs] 
3592.404: [GC (Allocation Failure) [PSYoungGen: 487136K->105632K(520192K)] 1249209K->1001241K(1633792K), 0.1469918 secs] [Times: user=0.86 sys=0.02, real=0.15 secs] 
3593.193: [GC (Allocation Failure) [PSYoungGen: 449696K->143072K(520192K)] 1345305K->1141406K(1633792K), 0.0601707 secs] [Times: user=0.30 sys=0.05, real=0.06 secs] 
3593.254: [Full GC (Ergonomics) [PSYoungGen: 143072K->0K(520192K)] [ParOldGen: 998334K->178470K(1147904K)] 1141406K->178470K(1668096K), [Metaspace: 60101K->60101K(1105920K)], 0.4186783 secs] [Times: user=1.95 sys=0.00, real=0.42 secs] 
3595.774: [GC (GCLocker Initiated GC) [PSYoungGen: 345600K->107104K(522240K)] 524071K->285575K(1670144K), 0.1003840 secs] [Times: user=0.59 sys=0.00, real=0.10 secs] 
3596.893: [GC (Allocation Failure) [PSYoungGen: 452704K->141440K(521728K)] 631176K->423693K(1669632K), 0.0532110 secs] [Times: user=0.32 sys=0.00, real=0.06 secs] 
3598.353: [GC (Allocation Failure) [PSYoungGen: 488064K->106528K(453632K)] 770317K->521021K(1601536K), 0.0781032 secs] [Times: user=0.46 sys=0.00, real=0.08 secs] 
3599.002: [GC (Allocation Failure) [PSYoungGen: 453152K->146272K(518144K)] 867645K->664418K(1666048K), 0.0529846 secs] [Times: user=0.31 sys=0.00, real=0.06 secs] 
3600.905: [GC (Allocation Failure) [PSYoungGen: 489824K->101536K(521216K)] 1007970K->756826K(1669120K), 0.1186357 secs] [Times: user=0.70 sys=0.01, real=0.11 secs] 
3602.388: [GC (Allocation Failure) [PSYoungGen: 445088K->144384K(517120K)] 1100378K->898567K(1665024K), 0.0512690 secs] [Times: user=0.31 sys=0.00, real=0.05 secs] 
3603.708: [GC (GCLocker Initiated GC) [PSYoungGen: 484864K->105344K(519680K)] 1239048K->994844K(1667584K), 0.0882118 secs] [Times: user=0.53 sys=0.00, real=0.09 secs] 
3604.253: [GC (Allocation Failure) [PSYoungGen: 445824K->143360K(517632K)] 1335395K->1135884K(1665536K), 0.0531087 secs] [Times: user=0.31 sys=0.00, real=0.06 secs] 
3604.306: [Full GC (Ergonomics) [PSYoungGen: 143360K->0K(517632K)] [ParOldGen: 992524K->173201K(1190912K)] 1135884K->173201K(1708544K), [Metaspace: 60228K->60228K(1105920K)], 0.4033256 secs] [Times: user=1.87 sys=0.00, real=0.40 secs] 
3605.901: [GC (Allocation Failure) [PSYoungGen: 340480K->106304K(519680K)] 513681K->279505K(1710592K), 0.0376847 secs] [Times: user=0.22 sys=0.01, real=0.04 secs] 
3606.341: [GC (Allocation Failure) [PSYoungGen: 446784K->142080K(518144K)] 619985K->418822K(1709056K), 0.0539120 secs] [Times: user=0.31 sys=0.01, real=0.06 secs] 
3608.062: [GC (Allocation Failure) [PSYoungGen: 483072K->107584K(519680K)] 759814K->516382K(1710592K), 0.1579510 secs] [Times: user=0.93 sys=0.01, real=0.16 secs] 
3609.380: [GC (Allocation Failure) [PSYoungGen: 448576K->141216K(518656K)] 857374K->655279K(1709568K), 0.0528512 secs] [Times: user=0.31 sys=0.00, real=0.05 secs] 
3610.718: [GC (Allocation Failure) [PSYoungGen: 483232K->108448K(519680K)] 997295K->754287K(1710592K), 0.0816466 secs] [Times: user=0.49 sys=0.00, real=0.08 secs] 
3611.259: [GC (GCLocker Initiated GC) [PSYoungGen: 450464K->141408K(519168K)] 1096304K->894203K(1710080K), 0.0545658 secs] [Times: user=0.32 sys=0.00, real=0.05 secs] 
3612.625: [GC (Allocation Failure) [PSYoungGen: 484960K->109248K(520192K)] 1238784K->995832K(1711104K), 0.0692126 secs] [Times: user=0.40 sys=0.01, real=0.06 secs] 
3613.318: [GC (Allocation Failure) [PSYoungGen: 452800K->141216K(520192K)] 1339384K->1135037K(1711104K), 0.0549784 secs] [Times: user=0.33 sys=0.00, real=0.05 secs] 
3614.832: [GC (Allocation Failure) [PSYoungGen: 486816K->112288K(521216K)] 1480637K->1238109K(1712128K), 0.1219316 secs] [Times: user=0.64 sys=0.09, real=0.12 secs] 
3614.954: [Full GC (Ergonomics) [PSYoungGen: 112288K->0K(521216K)] [ParOldGen: 1125821K->35900K(1096704K)] 1238109K->35900K(1617920K), [Metaspace: 60231K->60231K(1105920K)], 0.0667979 secs] [Times: user=0.25 sys=0.00, real=0.07 secs] 
3616.137: [GC (Allocation Failure) [PSYoungGen: 345600K->142208K(520192K)] 381500K->178108K(1616896K), 0.0284552 secs] [Times: user=0.16 sys=0.01, real=0.03 secs] 
3618.577: [GC (GCLocker Initiated GC) [PSYoungGen: 489344K->110784K(521728K)] 525244K->279236K(1618432K), 0.0754913 secs] [Times: user=0.45 sys=0.00, real=0.07 secs] 
3619.189: [GC (Allocation Failure) [PSYoungGen: 457920K->144672K(521216K)] 626375K->421236K(1617920K), 0.0538323 secs] [Times: user=0.31 sys=0.00, real=0.05 secs] 
3620.615: [GC (Allocation Failure) [PSYoungGen: 493344K->109216K(523776K)] 769908K->521424K(1620480K), 0.0643636 secs] [Times: user=0.38 sys=0.01, real=0.06 secs] 
3621.246: [GC (Allocation Failure) [PSYoungGen: 457888K->144896K(520192K)] 870096K->663213K(1616896K), 0.0540665 secs] [Times: user=0.31 sys=0.01, real=0.05 secs] 
3623.664: [GC (Allocation Failure) [PSYoungGen: 491520K->106752K(522752K)] 1009837K->760749K(1619456K), 0.1578431 secs] [Times: user=0.94 sys=0.00, real=0.16 secs] 
3624.784: [GC (Allocation Failure) [PSYoungGen: 453376K->152192K(514048K)] 1107373K->910532K(1610752K), 0.0536184 secs] [Times: user=0.31 sys=0.00, real=0.06 secs] 
3626.147: [GC (Allocation Failure) [PSYoungGen: 491648K->109184K(519168K)] 1249988K->1002256K(1615872K), 0.0878347 secs] [Times: user=0.52 sys=0.01, real=0.09 secs] 
3626.915: [GC (Allocation Failure) [PSYoungGen: 448640K->142592K(519168K)] 1341712K->1140749K(1615872K), 0.0538333 secs] [Times: user=0.32 sys=0.00, real=0.05 secs] 
3626.969: [Full GC (Ergonomics) [PSYoungGen: 142592K->0K(519168K)] [ParOldGen: 998157K->181984K(1295872K)] 1140749K->181984K(1815040K), [Metaspace: 60232K->60232K(1105920K)], 0.4286759 secs] [Times: user=1.99 sys=0.00, real=0.43 secs] 
3629.371: [GC (Allocation Failure) [PSYoungGen: 341504K->104480K(520192K)] 523488K->286465K(1816064K), 0.0857269 secs] [Times: user=0.50 sys=0.01, real=0.09 secs] 
3630.004: [GC (Allocation Failure) [PSYoungGen: 445984K->150304K(513024K)] 627969K->434025K(1808896K), 0.0522715 secs] [Times: user=0.31 sys=0.00, real=0.06 secs] 
3632.272: [GC (Allocation Failure) [PSYoungGen: 485664K->102976K(517120K)] 769385K->519881K(1812992K), 0.1392507 secs] [Times: user=0.83 sys=0.01, real=0.14 secs] 
3633.668: [GC (Allocation Failure) [PSYoungGen: 438336K->146944K(513536K)] 855241K->663854K(1809408K), 0.0516737 secs] [Times: user=0.30 sys=0.00, real=0.05 secs] 
3635.019: [GC (Allocation Failure) [PSYoungGen: 480256K->107008K(516096K)] 997166K->753786K(1811968K), 0.0651806 secs] [Times: user=0.39 sys=0.00, real=0.07 secs] 
3635.575: [GC (Allocation Failure) [PSYoungGen: 440320K->134368K(511488K)] 1087098K->885855K(1807360K), 0.0528624 secs] [Times: user=0.30 sys=0.01, real=0.05 secs] 
3636.948: [GC (Allocation Failure) [PSYoungGen: 469728K->110464K(514048K)] 1221215K->985983K(1809920K), 0.0640592 secs] [Times: user=0.38 sys=0.01, real=0.06 secs] 
3638.323: [GC (Allocation Failure) [PSYoungGen: 445824K->133504K(516096K)] 1321343K->1117724K(1811968K), 0.0538474 secs] [Times: user=0.32 sys=0.01, real=0.06 secs] 
3639.703: [GC (Allocation Failure) [PSYoungGen: 477568K->115328K(518144K)] 1461788K->1223556K(1814016K), 0.0718329 secs] [Times: user=0.41 sys=0.01, real=0.08 secs] 
3640.797: [GC (Allocation Failure) [PSYoungGen: 459392K->140256K(522240K)] 1567620K->1362073K(1818112K), 0.0788173 secs] [Times: user=0.26 sys=0.17, real=0.08 secs] 
3640.876: [Full GC (Ergonomics) [PSYoungGen: 140256K->0K(522240K)] [ParOldGen: 1221817K->159842K(1322496K)] 1362073K->159842K(1844736K), [Metaspace: 60236K->60236K(1105920K)], 0.3625459 secs] [Times: user=1.67 sys=0.00, real=0.36 secs] 
3642.466: [GC (Allocation Failure) [PSYoungGen: 351232K->110720K(523776K)] 511074K->270562K(1846272K), 0.0399811 secs] [Times: user=0.24 sys=0.00, real=0.04 secs] 
3643.017: [GC (GCLocker Initiated GC) [PSYoungGen: 461952K->143552K(523264K)] 621794K->412771K(1845760K), 0.0562831 secs] [Times: user=0.34 sys=0.00, real=0.05 secs] 
3644.836: [GC (Allocation Failure) [PSYoungGen: 496320K->110112K(525824K)] 765542K->513934K(1848320K), 0.1408112 secs] [Times: user=0.83 sys=0.00, real=0.14 secs] 
3645.922: [GC (Allocation Failure) [PSYoungGen: 462880K->145248K(521728K)] 866702K->656546K(1844224K), 0.0607148 secs] [Times: user=0.33 sys=0.00, real=0.06 secs] 
3647.904: [GC (Allocation Failure) [PSYoungGen: 495968K->112128K(524800K)] 1007266K->759038K(1847296K), 0.1270407 secs] [Times: user=0.76 sys=0.00, real=0.13 secs] 
3648.984: [GC (GCLocker Initiated GC) [PSYoungGen: 462848K->144416K(522752K)] 1109759K->901159K(1845248K), 0.0541657 secs] [Times: user=0.32 sys=0.01, real=0.06 secs] 
3650.537: [GC (Allocation Failure) [PSYoungGen: 495136K->111168K(524800K)] 1251882K->1003090K(1847296K), 0.0783646 secs] [Times: user=0.46 sys=0.01, real=0.08 secs] 
3651.283: [GC (Allocation Failure) [PSYoungGen: 461888K->143840K(522240K)] 1353810K->1143897K(1844736K), 0.0546444 secs] [Times: user=0.32 sys=0.01, real=0.06 secs] 
3652.759: [GC (GCLocker Initiated GC) [PSYoungGen: 493536K->112096K(524288K)] 1493593K->1246669K(1846784K), 0.0725482 secs] [Times: user=0.43 sys=0.00, real=0.07 secs] 
3653.525: [GC (Allocation Failure) [PSYoungGen: 461792K->148192K(519168K)] 1596368K->1390781K(1841664K), 0.0592737 secs] [Times: user=0.32 sys=0.04, real=0.05 secs] 
3653.584: [Full GC (Ergonomics) [PSYoungGen: 148192K->0K(519168K)] [ParOldGen: 1242589K->186153K(1398272K)] 1390781K->186153K(1917440K), [Metaspace: 60260K->60260K(1105920K)], 0.4590862 secs] [Times: user=2.12 sys=0.00, real=0.46 secs] 
3655.834: [GC (GCLocker Initiated GC) [PSYoungGen: 346624K->105600K(522752K)] 532778K->291754K(1921024K), 0.0524401 secs] [Times: user=0.30 sys=0.02, real=0.06 secs] 
3656.571: [GC (Allocation Failure) [PSYoungGen: 452224K->148544K(516608K)] 638450K->436798K(1914880K), 0.0522480 secs] [Times: user=0.31 sys=0.00, real=0.05 secs] 
3657.978: [GC (GCLocker Initiated GC) [PSYoungGen: 490048K->104096K(520192K)] 778303K->532296K(1918464K), 0.0652779 secs] [Times: user=0.39 sys=0.00, real=0.06 secs] 
3658.467: [GC (Allocation Failure) [PSYoungGen: 445600K->146272K(516096K)] 873838K->673639K(1914368K), 0.0507591 secs] [Times: user=0.30 sys=0.00, real=0.05 secs] 
3660.559: [GC (Allocation Failure) [PSYoungGen: 484704K->103776K(518656K)] 1012071K->768843K(1916928K), 0.1715326 secs] [Times: user=1.02 sys=0.00, real=0.17 secs] 
3661.231: [GC (Allocation Failure) [PSYoungGen: 442208K->142848K(517120K)] 1107275K->905876K(1915392K), 0.0506840 secs] [Times: user=0.29 sys=0.00, real=0.05 secs] 
3662.564: [GC (Allocation Failure) [PSYoungGen: 481280K->108032K(446976K)] 1244308K->1005124K(1845248K), 0.0650623 secs] [Times: user=0.39 sys=0.00, real=0.07 secs] 
3663.158: [GC (Allocation Failure) [PSYoungGen: 446464K->151456K(512512K)] 1343556K->1153249K(1910784K), 0.0537085 secs] [Times: user=0.32 sys=0.00, real=0.05 secs] 
3664.800: [GC (GCLocker Initiated GC) [PSYoungGen: 485792K->101760K(516608K)] 1487585K->1238425K(1914880K), 0.0761440 secs] [Times: user=0.45 sys=0.00, real=0.08 secs] 
3665.543: [GC (Allocation Failure) [PSYoungGen: 436096K->138944K(514560K)] 1572768K->1374413K(1912832K), 0.0518006 secs] [Times: user=0.31 sys=0.00, real=0.06 secs] 
3665.595: [Full GC (Ergonomics) [PSYoungGen: 138944K->0K(514560K)] [ParOldGen: 1235469K->171320K(1398272K)] 1374413K->171320K(1912832K), [Metaspace: 60269K->60269K(1105920K)], 0.4024422 secs] [Times: user=1.86 sys=0.00, real=0.40 secs] 
3667.573: [GC (Allocation Failure) [PSYoungGen: 335360K->101856K(516096K)] 506680K->273177K(1914368K), 0.0656472 secs] [Times: user=0.38 sys=0.00, real=0.07 secs] 
3669.152: [GC (Allocation Failure) [PSYoungGen: 437216K->138336K(517632K)] 608537K->408937K(1915904K), 0.0515967 secs] [Times: user=0.30 sys=0.00, real=0.05 secs] 
3670.494: [GC (GCLocker Initiated GC) [PSYoungGen: 476768K->106944K(445440K)] 747370K->506571K(1843712K), 0.0641165 secs] [Times: user=0.38 sys=0.01, real=0.07 secs] 
3671.161: [GC (Allocation Failure) [PSYoungGen: 445376K->137664K(517120K)] 845073K->642878K(1915392K), 0.0527414 secs] [Times: user=0.30 sys=0.00, real=0.05 secs] 
3672.512: [GC (Allocation Failure) [PSYoungGen: 477632K->110720K(517120K)] 982846K->744318K(1915392K), 0.0648798 secs] [Times: user=0.38 sys=0.00, real=0.07 secs] 
3673.031: [GC (Allocation Failure) [PSYoungGen: 450688K->135936K(519680K)] 1084286K->878967K(1917952K), 0.0539640 secs] [Times: user=0.32 sys=0.00, real=0.05 secs] 
3675.171: [GC (Allocation Failure) [PSYoungGen: 481024K->112192K(519168K)] 1224055K->981795K(1917440K), 0.0653077 secs] [Times: user=0.39 sys=0.00, real=0.07 secs] 
3677.354: [GC (Allocation Failure) [PSYoungGen: 457280K->135904K(521216K)] 1326883K->1115864K(1919488K), 0.0542603 secs] [Times: user=0.32 sys=0.00, real=0.06 secs] 
3678.686: [GC (GCLocker Initiated GC) [PSYoungGen: 486112K->116736K(521216K)] 1466072K->1222808K(1919488K), 0.0651072 secs] [Times: user=0.38 sys=0.00, real=0.06 secs] 
3679.237: [GC (Allocation Failure) [PSYoungGen: 466944K->142432K(522752K)] 1573019K->1363328K(1921024K), 0.0556560 secs] [Times: user=0.33 sys=0.00, real=0.05 secs] 
3680.636: [GC (GCLocker Initiated GC) [PSYoungGen: 497248K->112000K(524800K)] 1718144K->1465824K(1923072K), 0.0908867 secs] [Times: user=0.44 sys=0.09, real=0.09 secs] 
3680.727: [Full GC (Ergonomics) [PSYoungGen: 112000K->0K(524800K)] [ParOldGen: 1353824K->26014K(1383936K)] 1465824K->26014K(1908736K), [Metaspace: 60270K->60270K(1105920K)], 0.0429862 secs] [Times: user=0.13 sys=0.00, real=0.04 secs] 
3681.731: [GC (Allocation Failure) [PSYoungGen: 354816K->146560K(522752K)] 380901K->172645K(1906688K), 0.0289487 secs] [Times: user=0.17 sys=0.00, real=0.03 secs] 
3683.806: [GC (Allocation Failure) [PSYoungGen: 501376K->112224K(526848K)] 527461K->275309K(1910784K), 0.1381545 secs] [Times: user=0.82 sys=0.01, real=0.13 secs] 
3684.771: [GC (GCLocker Initiated GC) [PSYoungGen: 467040K->146464K(521728K)] 630125K->419022K(1905664K), 0.0539914 secs] [Times: user=0.32 sys=0.00, real=0.06 secs] 
3686.071: [GC (Allocation Failure) [PSYoungGen: 498208K->113312K(525312K)] 770768K->522840K(1909248K), 0.0648015 secs] [Times: user=0.39 sys=0.00, real=0.07 secs] 
3686.778: [GC (Allocation Failure) [PSYoungGen: 465056K->157984K(512512K)] 874584K->675157K(1896448K), 0.0545677 secs] [Times: user=0.33 sys=0.00, real=0.05 secs] 
3688.819: [GC (GCLocker Initiated GC) [PSYoungGen: 499488K->103808K(520192K)] 1016663K->762039K(1904128K), 0.1136560 secs] [Times: user=0.68 sys=0.00, real=0.11 secs] 
3689.503: [GC (Allocation Failure) [PSYoungGen: 445312K->146208K(516608K)] 1103614K->904039K(1900544K), 0.0511503 secs] [Times: user=0.31 sys=0.00, real=0.05 secs] 
3692.897: [GC (Allocation Failure) [PSYoungGen: 484640K->103072K(518656K)] 1242471K->998391K(1902592K), 0.1390672 secs] [Times: user=0.83 sys=0.00, real=0.14 secs] 
3693.544: [GC (Allocation Failure) [PSYoungGen: 441504K->144672K(516608K)] 1336823K->1138852K(1900544K), 0.0510289 secs] [Times: user=0.30 sys=0.00, real=0.06 secs] 
3694.825: [GC (Allocation Failure) [PSYoungGen: 482080K->103360K(518144K)] 1476260K->1233660K(1902080K), 0.0654615 secs] [Times: user=0.39 sys=0.00, real=0.06 secs] 
3695.471: [GC (Allocation Failure) [PSYoungGen: 440768K->141984K(517120K)] 1571068K->1373351K(1901056K), 0.0522420 secs] [Times: user=0.31 sys=0.00, real=0.05 secs] 
3695.524: [Full GC (Ergonomics) [PSYoungGen: 141984K->0K(517120K)] [ParOldGen: 1231367K->178637K(1398272K)] 1373351K->178637K(1915392K), [Metaspace: 60278K->60278K(1105920K)], 0.4247660 secs] [Times: user=1.98 sys=0.01, real=0.43 secs] 
3697.718: [GC (Allocation Failure) [PSYoungGen: 337408K->103264K(440832K)] 516045K->281901K(1839104K), 0.0708150 secs] [Times: user=0.41 sys=0.00, real=0.07 secs] 
3698.463: [GC (Allocation Failure) [PSYoungGen: 440672K->140672K(517120K)] 619309K->419474K(1915392K), 0.0516400 secs] [Times: user=0.31 sys=0.00, real=0.05 secs] 
3700.272: [GC (Allocation Failure) [PSYoungGen: 478592K->106592K(517632K)] 757394K->516562K(1915904K), 0.0913527 secs] [Times: user=0.55 sys=0.00, real=0.09 secs] 
3701.084: [GC (Allocation Failure) [PSYoungGen: 444512K->140032K(517120K)] 854482K->653889K(1915392K), 0.0526175 secs] [Times: user=0.31 sys=0.00, real=0.06 secs] 
3702.741: [GC (Allocation Failure) [PSYoungGen: 479488K->108800K(517632K)] 993345K->753557K(1915904K), 0.0653774 secs] [Times: user=0.38 sys=0.00, real=0.07 secs] 
3703.354: [GC (Allocation Failure) [PSYoungGen: 448256K->137952K(519168K)] 1093013K->889234K(1917440K), 0.0533365 secs] [Times: user=0.31 sys=0.00, real=0.06 secs] 
3705.118: [GC (Allocation Failure) [PSYoungGen: 480992K->109696K(519168K)] 1232274K->989090K(1917440K), 0.1481305 secs] [Times: user=0.88 sys=0.01, real=0.15 secs] 
3707.430: [GC (Allocation Failure) [PSYoungGen: 452736K->138752K(519680K)] 1332130K->1125367K(1917952K), 0.0538051 secs] [Times: user=0.30 sys=0.00, real=0.05 secs] 
3708.794: [GC (Allocation Failure) [PSYoungGen: 484864K->111584K(520192K)] 1471479K->1227447K(1918464K), 0.0701481 secs] [Times: user=0.42 sys=0.00, real=0.07 secs] 
3709.426: [GC (Allocation Failure) [PSYoungGen: 457696K->142176K(520704K)] 1573559K->1367420K(1918976K), 0.0548466 secs] [Times: user=0.32 sys=0.00, real=0.05 secs] 
3710.801: [GC (Allocation Failure) [PSYoungGen: 491360K->111168K(522752K)] 1716604K->1469320K(1921024K), 0.0673006 secs] [Times: user=0.39 sys=0.00, real=0.07 secs] 
3710.868: [Full GC (Ergonomics) [PSYoungGen: 111168K->0K(522752K)] [ParOldGen: 1358152K->30226K(1398272K)] 1469320K->30226K(1921024K), [Metaspace: 60308K->60308K(1105920K)], 0.0533975 secs] [Times: user=0.17 sys=0.00, real=0.05 secs] 
3711.557: [GC (Allocation Failure) [PSYoungGen: 349184K->145216K(521216K)] 379410K->175442K(1919488K), 0.0292504 secs] [Times: user=0.17 sys=0.00, real=0.03 secs] 
3713.693: [GC (Allocation Failure) [PSYoungGen: 494912K->108576K(524288K)] 525138K->274494K(1922560K), 0.1322915 secs] [Times: user=0.79 sys=0.01, real=0.14 secs] 
3715.240: [GC (Allocation Failure) [PSYoungGen: 458272K->143008K(522240K)] 624190K->414482K(1920512K), 0.0523568 secs] [Times: user=0.31 sys=0.00, real=0.05 secs] 
3716.532: [GC (Allocation Failure) [PSYoungGen: 492704K->115264K(465408K)] 764178K->520991K(1863680K), 0.0645461 secs] [Times: user=0.38 sys=0.00, real=0.07 secs] 
3717.101: [GC (Allocation Failure) [PSYoungGen: 464960K->145344K(521216K)] 870687K->663299K(1919488K), 0.0548750 secs] [Times: user=0.32 sys=0.01, real=0.06 secs] 
3719.056: [GC (Allocation Failure) [PSYoungGen: 494528K->107808K(523776K)] 1012483K->761943K(1922048K), 0.1303137 secs] [Times: user=0.77 sys=0.00, real=0.13 secs] 
3719.774: [GC (Allocation Failure) [PSYoungGen: 456992K->146624K(519680K)] 1111127K->904352K(1917952K), 0.0529093 secs] [Times: user=0.31 sys=0.00, real=0.06 secs] 
3721.804: [GC (GCLocker Initiated GC) [PSYoungGen: 493248K->110560K(522752K)] 1250977K->1006265K(1921024K), 0.0893413 secs] [Times: user=0.53 sys=0.00, real=0.09 secs] 
3722.342: [GC (Allocation Failure) [PSYoungGen: 457184K->148384K(517632K)] 1352891K->1150408K(1915904K), 0.0536173 secs] [Times: user=0.32 sys=0.00, real=0.06 secs] 
3723.704: [GC (Allocation Failure) [PSYoungGen: 491936K->104640K(521216K)] 1493960K->1246088K(1919488K), 0.0703398 secs] [Times: user=0.41 sys=0.00, real=0.07 secs] 
3724.608: [GC (GCLocker Initiated GC) [PSYoungGen: 448192K->146080K(517120K)] 1589642K->1388602K(1915392K), 0.0610355 secs] [Times: user=0.36 sys=0.00, real=0.06 secs] 
3724.669: [Full GC (Ergonomics) [PSYoungGen: 146080K->0K(517120K)] [ParOldGen: 1242522K->192237K(1398272K)] 1388602K->192237K(1915392K), [Metaspace: 60308K->60308K(1105920K)], 0.4557013 secs] [Times: user=2.12 sys=0.01, real=0.46 secs] 
3727.039: [GC (Allocation Failure) [PSYoungGen: 340480K->105344K(519680K)] 532717K->297581K(1917952K), 0.0670296 secs] [Times: user=0.39 sys=0.00, real=0.07 secs] 
3727.796: [GC (Allocation Failure) [PSYoungGen: 445824K->144352K(517632K)] 638061K->435638K(1915904K), 0.0500241 secs] [Times: user=0.30 sys=0.00, real=0.05 secs] 
3729.858: [GC (GCLocker Initiated GC) [PSYoungGen: 483808K->105280K(519168K)] 775094K->532034K(1917440K), 0.1585124 secs] [Times: user=0.94 sys=0.01, real=0.16 secs] 
3730.555: [GC (Allocation Failure) [PSYoungGen: 444736K->142400K(518144K)] 871561K->670698K(1916416K), 0.0512852 secs] [Times: user=0.30 sys=0.00, real=0.06 secs] 
3732.047: [GC (Allocation Failure) [PSYoungGen: 482368K->104832K(519168K)] 1010666K->766978K(1917440K), 0.0638948 secs] [Times: user=0.38 sys=0.00, real=0.06 secs] 
3732.615: [GC (Allocation Failure) [PSYoungGen: 444800K->143296K(517120K)] 1106946K->905694K(1915392K), 0.0513742 secs] [Times: user=0.30 sys=0.00, real=0.05 secs] 
3734.247: [GC (Allocation Failure) [PSYoungGen: 482752K->106784K(519168K)] 1245150K->1003079K(1917440K), 0.1340657 secs] [Times: user=0.80 sys=0.00, real=0.13 secs] 
3735.170: [GC (Allocation Failure) [PSYoungGen: 446240K->143392K(517632K)] 1342535K->1143746K(1915904K), 0.0531994 secs] [Times: user=0.32 sys=0.00, real=0.05 secs] 
3737.954: [GC (Allocation Failure) [PSYoungGen: 483360K->102080K(519168K)] 1483714K->1236870K(1917440K), 0.0656834 secs] [Times: user=0.39 sys=0.01, real=0.07 secs] 
3738.429: [GC (Allocation Failure) [PSYoungGen: 442048K->141344K(518656K)] 1576838K->1376141K(1916928K), 0.0519368 secs] [Times: user=0.30 sys=0.00, real=0.05 secs] 
3738.481: [Full GC (Ergonomics) [PSYoungGen: 141344K->0K(518656K)] [ParOldGen: 1234797K->174398K(1398272K)] 1376141K->174398K(1916928K), [Metaspace: 60315K->60315K(1105920K)], 0.4119979 secs] [Times: user=1.92 sys=0.00, real=0.41 secs] 
3740.258: [GC (GCLocker Initiated GC) [PSYoungGen: 340480K->107840K(448512K)] 514878K->282238K(1846784K), 0.0349975 secs] [Times: user=0.20 sys=0.00, real=0.03 secs] 
3740.910: [GC (Allocation Failure) [PSYoungGen: 448320K->142272K(517632K)] 622725K->422214K(1915904K), 0.0538197 secs] [Times: user=0.32 sys=0.00, real=0.05 secs] 
3742.834: [GC (Allocation Failure) [PSYoungGen: 482752K->104704K(518656K)] 762694K->517742K(1916928K), 0.1384551 secs] [Times: user=0.82 sys=0.01, real=0.14 secs] 
3744.454: [GC (GCLocker Initiated GC) [PSYoungGen: 445184K->137792K(520192K)] 858224K->652569K(1918464K), 0.0517034 secs] [Times: user=0.30 sys=0.00, real=0.06 secs] 
3745.813: [GC (Allocation Failure) [PSYoungGen: 481344K->112224K(456192K)] 996123K->755555K(1854464K), 0.0729353 secs] [Times: user=0.44 sys=0.00, real=0.08 secs] 
3746.477: [GC (Allocation Failure) [PSYoungGen: 455776K->144832K(516096K)] 1099107K->897552K(1914368K), 0.0542804 secs] [Times: user=0.32 sys=0.00, real=0.05 secs] 
3747.881: [GC (Allocation Failure) [PSYoungGen: 487360K->105696K(519168K)] 1240080K->993964K(1917440K), 0.0687422 secs] [Times: user=0.41 sys=0.00, real=0.07 secs] 
3748.724: [GC (Allocation Failure) [PSYoungGen: 448224K->142944K(519680K)] 1336492K->1134225K(1917952K), 0.0526465 secs] [Times: user=0.31 sys=0.00, real=0.06 secs] 
3750.808: [GC (Allocation Failure) [PSYoungGen: 487520K->109376K(454144K)] 1478801K->1233945K(1852416K), 0.1406260 secs] [Times: user=0.83 sys=0.01, real=0.14 secs] 
3752.042: [GC (Allocation Failure) [PSYoungGen: 453952K->144704K(518656K)] 1578521K->1375405K(1916928K), 0.0540265 secs] [Times: user=0.32 sys=0.00, real=0.06 secs] 
3753.335: [GC (Allocation Failure) [PSYoungGen: 488768K->108544K(521216K)] 1719469K->1474942K(1919488K), 0.0671462 secs] [Times: user=0.39 sys=0.01, real=0.06 secs] 
3753.403: [Full GC (Ergonomics) [PSYoungGen: 108544K->0K(521216K)] [ParOldGen: 1366397K->35632K(1398272K)] 1474942K->35632K(1919488K), [Metaspace: 60320K->60320K(1105920K)], 0.0626329 secs] [Times: user=0.22 sys=0.00, real=0.07 secs] 
3753.910: [GC (GCLocker Initiated GC) [PSYoungGen: 344064K->140320K(521216K)] 379697K->175953K(1919488K), 0.0278053 secs] [Times: user=0.16 sys=0.00, real=0.03 secs] 
3755.218: [GC (Allocation Failure) [PSYoungGen: 486432K->111392K(457728K)] 522068K->278600K(1856000K), 0.0628822 secs] [Times: user=0.37 sys=0.00, real=0.06 secs] 
3755.821: [GC (Allocation Failure) [PSYoungGen: 457504K->144704K(518656K)] 624712K->420587K(1916928K), 0.0537302 secs] [Times: user=0.32 sys=0.00, real=0.06 secs] 
3758.166: [GC (Allocation Failure) [PSYoungGen: 489792K->104512K(521216K)] 765675K->515647K(1919488K), 0.1425451 secs] [Times: user=0.82 sys=0.01, real=0.14 secs] 
3759.730: [GC (Allocation Failure) [PSYoungGen: 449600K->140032K(522752K)] 860735K->653136K(1921024K), 0.0509712 secs] [Times: user=0.30 sys=0.00, real=0.05 secs] 
3761.018: [GC (Allocation Failure) [PSYoungGen: 487680K->112064K(459776K)] 1000784K->756632K(1858048K), 0.0643718 secs] [Times: user=0.38 sys=0.00, real=0.06 secs] 
3761.648: [GC (Allocation Failure) [PSYoungGen: 459712K->151680K(515584K)] 1104280K->905309K(1913856K), 0.0548197 secs] [Times: user=0.32 sys=0.00, real=0.05 secs] 
3763.158: [GC (Allocation Failure) [PSYoungGen: 494208K->109312K(520704K)] 1247837K->996337K(1918976K), 0.0676437 secs] [Times: user=0.40 sys=0.00, real=0.07 secs] 
3764.053: [GC (GCLocker Initiated GC) [PSYoungGen: 451840K->140960K(520704K)] 1338865K->1134442K(1918976K), 0.0540667 secs] [Times: user=0.32 sys=0.00, real=0.06 secs] 
3766.244: [GC (Allocation Failure) [PSYoungGen: 485536K->107584K(452608K)] 1479020K->1232516K(1850880K), 0.1284819 secs] [Times: user=0.76 sys=0.00, real=0.13 secs] 
3767.055: [GC (Allocation Failure) [PSYoungGen: 452160K->153632K(512512K)] 1577092K->1382764K(1910784K), 0.0550121 secs] [Times: user=0.33 sys=0.00, real=0.05 secs] 
3768.357: [GC (Allocation Failure) [PSYoungGen: 491040K->103584K(518144K)] 1720172K->1469204K(1916416K), 0.0665888 secs] [Times: user=0.39 sys=0.00, real=0.06 secs] 
3768.423: [Full GC (Ergonomics) [PSYoungGen: 103584K->0K(518144K)] [ParOldGen: 1365620K->34854K(1398272K)] 1469204K->34854K(1916416K), [Metaspace: 60322K->60322K(1105920K)], 0.0624019 secs] [Times: user=0.22 sys=0.00, real=0.07 secs] 
3768.941: [GC (Allocation Failure) [PSYoungGen: 337408K->142048K(518144K)] 372262K->176902K(1916416K), 0.0303817 secs] [Times: user=0.15 sys=0.00, real=0.03 secs] 
3770.604: [GC (Allocation Failure) [PSYoungGen: 480480K->104960K(443904K)] 515334K->273358K(1842176K), 0.1013921 secs] [Times: user=0.60 sys=0.00, real=0.11 secs] 
3771.318: [GC (Allocation Failure) [PSYoungGen: 443392K->141024K(516608K)] 611790K->411631K(1914880K), 0.0513564 secs] [Times: user=0.31 sys=0.00, real=0.05 secs] 
3773.852: [GC (Allocation Failure) [PSYoungGen: 478944K->106496K(517632K)] 749551K->509039K(1915904K), 0.1143357 secs] [Times: user=0.67 sys=0.01, real=0.12 secs] 
3774.747: [GC (Allocation Failure) [PSYoungGen: 444416K->136672K(518144K)] 846959K->644089K(1916416K), 0.0518594 secs] [Times: user=0.31 sys=0.00, real=0.05 secs] 
3776.236: [GC (Allocation Failure) [PSYoungGen: 478176K->110464K(518144K)] 985593K->745713K(1916416K), 0.0637331 secs] [Times: user=0.38 sys=0.01, real=0.06 secs] 
3776.821: [GC (GCLocker Initiated GC) [PSYoungGen: 451968K->139616K(519680K)] 1087219K->883248K(1917952K), 0.0528489 secs] [Times: user=0.31 sys=0.00, real=0.05 secs] 
3778.226: [GC (Allocation Failure) [PSYoungGen: 484704K->109120K(520192K)] 1228373K->983017K(1918464K), 0.0651407 secs] [Times: user=0.39 sys=0.00, real=0.06 secs] 
3779.362: [GC (GCLocker Initiated GC) [PSYoungGen: 454208K->140864K(521216K)] 1328106K->1121639K(1919488K), 0.0531061 secs] [Times: user=0.31 sys=0.01, real=0.06 secs] 
3780.897: [GC (Allocation Failure) [PSYoungGen: 489024K->112096K(522240K)] 1469801K->1224237K(1920512K), 0.0906570 secs] [Times: user=0.54 sys=0.00, real=0.09 secs] 
3781.925: [GC (Allocation Failure) [PSYoungGen: 460256K->144384K(521216K)] 1572397K->1366780K(1919488K), 0.0552406 secs] [Times: user=0.32 sys=0.00, real=0.05 secs] 
3783.494: [GC (GCLocker Initiated GC) [PSYoungGen: 493568K->109856K(523776K)] 1715965K->1468237K(1922048K), 0.0865436 secs] [Times: user=0.51 sys=0.01, real=0.09 secs] 
3783.581: [Full GC (Ergonomics) [PSYoungGen: 109856K->0K(523776K)] [ParOldGen: 1358381K->33713K(1398272K)] 1468237K->33713K(1922048K), [Metaspace: 60324K->60324K(1105920K)], 0.0572028 secs] [Times: user=0.20 sys=0.00, real=0.06 secs] 
3784.186: [GC (Allocation Failure) [PSYoungGen: 349184K->151648K(516096K)] 382936K->185400K(1914368K), 0.0289033 secs] [Times: user=0.17 sys=0.00, real=0.02 secs] 
3785.953: [GC (Allocation Failure) [PSYoungGen: 495200K->108768K(521216K)] 528952K->276152K(1919488K), 0.1128533 secs] [Times: user=0.67 sys=0.01, real=0.12 secs] 
3787.320: [GC (Allocation Failure) [PSYoungGen: 452320K->141568K(520704K)] 619704K->414533K(1918976K), 0.0526940 secs] [Times: user=0.31 sys=0.00, real=0.05 secs] 
3788.766: [GC (Allocation Failure) [PSYoungGen: 486656K->111488K(456704K)] 759621K->516421K(1854976K), 0.0925813 secs] [Times: user=0.55 sys=0.00, real=0.09 secs] 
3789.747: [GC (Allocation Failure) [PSYoungGen: 456576K->144576K(519168K)] 861509K->658090K(1917440K), 0.0536834 secs] [Times: user=0.32 sys=0.00, real=0.05 secs] 
3791.039: [GC (Allocation Failure) [PSYoungGen: 489152K->107104K(521216K)] 1002666K->756314K(1919488K), 0.0650251 secs] [Times: user=0.38 sys=0.00, real=0.06 secs] 
3791.563: [GC (Allocation Failure) [PSYoungGen: 451680K->143616K(519680K)] 1100890K->897063K(1917952K), 0.0530024 secs] [Times: user=0.30 sys=0.01, real=0.06 secs] 
3793.333: [GC (Allocation Failure) [PSYoungGen: 488192K->108160K(521728K)] 1241639K->995855K(1920000K), 0.0791441 secs] [Times: user=0.47 sys=0.00, real=0.08 secs] 
3794.207: [GC (Allocation Failure) [PSYoungGen: 452736K->143872K(519680K)] 1340431K->1136027K(1917952K), 0.0539106 secs] [Times: user=0.31 sys=0.00, real=0.05 secs] 
3796.353: [GC (Allocation Failure) [PSYoungGen: 488448K->109440K(521728K)] 1480603K->1236003K(1920000K), 0.1532743 secs] [Times: user=0.91 sys=0.00, real=0.16 secs] 
3797.381: [GC (Allocation Failure) [PSYoungGen: 454016K->140704K(520704K)] 1580579K->1373851K(1918976K), 0.0541786 secs] [Times: user=0.32 sys=0.00, real=0.06 secs] 
3797.435: [Full GC (Ergonomics) [PSYoungGen: 140704K->0K(520704K)] [ParOldGen: 1233147K->178277K(1398272K)] 1373851K->178277K(1918976K), [Metaspace: 60330K->60330K(1105920K)], 0.4191126 secs] [Times: user=1.95 sys=0.00, real=0.41 secs] 
3799.072: [GC (GCLocker Initiated GC) [PSYoungGen: 345600K->111936K(457728K)] 523881K->290217K(1856000K), 0.0369957 secs] [Times: user=0.21 sys=0.00, real=0.04 secs] 
3799.573: [GC (Allocation Failure) [PSYoungGen: 457536K->142976K(519680K)] 635817K->428510K(1917952K), 0.0539326 secs] [Times: user=0.31 sys=0.00, real=0.06 secs] 
3801.278: [GC (GCLocker Initiated GC) [PSYoungGen: 489088K->110112K(521216K)] 774622K->529298K(1919488K), 0.1377663 secs] [Times: user=0.82 sys=0.00, real=0.14 secs] 
3802.409: [GC (Allocation Failure) [PSYoungGen: 456224K->145184K(520192K)] 875449K->669958K(1918464K), 0.0537306 secs] [Times: user=0.31 sys=0.00, real=0.05 secs] 
3804.294: [GC (Allocation Failure) [PSYoungGen: 491808K->110048K(522752K)] 1016582K->770574K(1921024K), 0.0978150 secs] [Times: user=0.58 sys=0.00, real=0.10 secs] 
3804.896: [GC (Allocation Failure) [PSYoungGen: 456672K->146272K(519680K)] 1117198K->913059K(1917952K), 0.0538848 secs] [Times: user=0.32 sys=0.00, real=0.05 secs] 
3806.172: [GC (GCLocker Initiated GC) [PSYoungGen: 491872K->106624K(522240K)] 1258659K->1010827K(1920512K), 0.0661327 secs] [Times: user=0.39 sys=0.00, real=0.07 secs] 
3806.752: [GC (Allocation Failure) [PSYoungGen: 452224K->146240K(518144K)] 1356430K->1152846K(1916416K), 0.0522078 secs] [Times: user=0.30 sys=0.01, real=0.05 secs] 
3808.704: [GC (Allocation Failure) [PSYoungGen: 488768K->103424K(520704K)] 1495374K->1246907K(1918976K), 0.1012024 secs] [Times: user=0.60 sys=0.01, real=0.11 secs] 
3809.353: [GC (Allocation Failure) [PSYoungGen: 445952K->146432K(515584K)] 1589435K->1389279K(1913856K), 0.0519208 secs] [Times: user=0.31 sys=0.00, real=0.06 secs] 
3809.405: [Full GC (Ergonomics) [PSYoungGen: 146432K->0K(515584K)] [ParOldGen: 1242847K->187973K(1398272K)] 1389279K->187973K(1913856K), [Metaspace: 60333K->60333K(1105920K)], 0.4459673 secs] [Times: user=2.08 sys=0.00, real=0.44 secs] 
3811.664: [GC (GCLocker Initiated GC) [PSYoungGen: 338432K->104448K(518656K)] 526405K->292429K(1916928K), 0.0570003 secs] [Times: user=0.33 sys=0.01, real=0.06 secs] 
3812.308: [GC (Allocation Failure) [PSYoungGen: 442880K->142560K(518144K)] 630900K->430609K(1916416K), 0.0503319 secs] [Times: user=0.30 sys=0.00, real=0.05 secs] 
3813.606: [GC (Allocation Failure) [PSYoungGen: 480102K->104864K(444416K)] 768151K->526825K(1842688K), 0.0632919 secs] [Times: user=0.37 sys=0.00, real=0.06 secs] 
3814.146: [GC (Allocation Failure) [PSYoungGen: 444320K->143488K(517120K)] 866281K->667281K(1915392K), 0.0515171 secs] [Times: user=0.30 sys=0.00, real=0.05 secs] 
3816.497: [GC (Allocation Failure) [PSYoungGen: 482432K->100832K(518656K)] 1006225K->759021K(1916928K), 0.1376462 secs] [Times: user=0.82 sys=0.00, real=0.13 secs] 
3817.940: [GC (Allocation Failure) [PSYoungGen: 439776K->141568K(517632K)] 1097965K->897494K(1915904K), 0.0511739 secs] [Times: user=0.30 sys=0.00, real=0.05 secs] 
3819.269: [GC (GCLocker Initiated GC) [PSYoungGen: 480000K->107232K(445952K)] 1235927K->995567K(1844224K), 0.0636912 secs] [Times: user=0.38 sys=0.00, real=0.06 secs] 
3819.798: [GC (Allocation Failure) [PSYoungGen: 445664K->140064K(516608K)] 1334069K->1133382K(1914880K), 0.0528128 secs] [Times: user=0.32 sys=0.00, real=0.05 secs] 
3822.520: [GC (GCLocker Initiated GC) [PSYoungGen: 479008K->103424K(517120K)] 1472327K->1228079K(1915392K), 0.1191774 secs] [Times: user=0.70 sys=0.01, real=0.12 secs] 
3823.559: [GC (Allocation Failure) [PSYoungGen: 442368K->139808K(518656K)] 1567093K->1365086K(1916928K), 0.0521124 secs] [Times: user=0.31 sys=0.00, real=0.05 secs] 
3825.182: [GC (Allocation Failure) [PSYoungGen: 481824K->110336K(519680K)] 1707102K->1466062K(1917952K), 0.1001047 secs] [Times: user=0.60 sys=0.00, real=0.10 secs] 
3825.282: [Full GC (Ergonomics) [PSYoungGen: 110336K->0K(519680K)] [ParOldGen: 1355726K->27096K(1398272K)] 1466062K->27096K(1917952K), [Metaspace: 60343K->60343K(1105920K)], 0.0567155 secs] [Times: user=0.18 sys=0.00, real=0.06 secs] 
3826.886: [GC (Allocation Failure) [PSYoungGen: 342016K->136992K(520192K)] 369112K->164088K(1918464K), 0.0270733 secs] [Times: user=0.16 sys=0.00, real=0.02 secs] 
3828.421: [GC (GCLocker Initiated GC) [PSYoungGen: 482080K->113792K(519680K)] 509177K->268409K(1917952K), 0.0640775 secs] [Times: user=0.38 sys=0.00, real=0.06 secs] 
3829.038: [GC (Allocation Failure) [PSYoungGen: 458880K->141568K(518656K)] 613568K->407804K(1916928K), 0.0541192 secs] [Times: user=0.32 sys=0.00, real=0.05 secs] 
3830.465: [GC (Allocation Failure) [PSYoungGen: 488704K->110624K(520704K)] 754940K->509212K(1918976K), 0.0784430 secs] [Times: user=0.42 sys=0.01, real=0.08 secs] 
3831.576: [GC (Allocation Failure) [PSYoungGen: 457760K->140832K(523264K)] 856348K->647345K(1921536K), 0.0529725 secs] [Times: user=0.31 sys=0.00, real=0.05 secs] 
3833.600: [GC (GCLocker Initiated GC) [PSYoungGen: 493088K->113920K(524800K)] 999601K->751761K(1923072K), 0.1381786 secs] [Times: user=0.82 sys=0.00, real=0.14 secs] 
3834.752: [GC (Allocation Failure) [PSYoungGen: 466176K->146368K(521728K)] 1104020K->895361K(1920000K), 0.0546612 secs] [Times: user=0.32 sys=0.00, real=0.06 secs] 
3836.176: [GC (Allocation Failure) [PSYoungGen: 498112K->110016K(525312K)] 1247105K->996417K(1923584K), 0.0772487 secs] [Times: user=0.46 sys=0.00, real=0.07 secs] 
3836.932: [GC (Allocation Failure) [PSYoungGen: 461760K->148160K(519680K)] 1348161K->1141334K(1917952K), 0.0537891 secs] [Times: user=0.32 sys=0.00, real=0.06 secs] 
3839.750: [GC (GCLocker Initiated GC) [PSYoungGen: 495808K->105280K(523264K)] 1488983K->1237691K(1921536K), 0.1450339 secs] [Times: user=0.86 sys=0.01, real=0.15 secs] 
3840.473: [GC (Allocation Failure) [PSYoungGen: 452928K->147808K(517120K)] 1585342K->1381903K(1915392K), 0.0523531 secs] [Times: user=0.31 sys=0.00, real=0.06 secs] 
3840.525: [Full GC (Ergonomics) [PSYoungGen: 147808K->0K(517120K)] [ParOldGen: 1234095K->187478K(1398272K)] 1381903K->187478K(1915392K), [Metaspace: 60344K->60344K(1105920K)], 0.4436375 secs] [Times: user=1.99 sys=0.00, real=0.44 secs] 
3842.489: [GC (Allocation Failure) [PSYoungGen: 342528K->107968K(520704K)] 530006K->295446K(1918976K), 0.0572723 secs] [Times: user=0.33 sys=0.00, real=0.06 secs] 
3843.209: [GC (Allocation Failure) [PSYoungGen: 450496K->145472K(517632K)] 637974K->437182K(1915904K), 0.0568364 secs] [Times: user=0.33 sys=0.00, real=0.06 secs] 
3844.514: [GC (Allocation Failure) [PSYoungGen: 486976K->105344K(520192K)] 778686K->534150K(1918464K), 0.0644787 secs] [Times: user=0.38 sys=0.00, real=0.07 secs] 
3845.113: [GC (Allocation Failure) [PSYoungGen: 446848K->144608K(517632K)] 875654K->674570K(1915904K), 0.0514157 secs] [Times: user=0.30 sys=0.00, real=0.06 secs] 
3847.189: [GC (Allocation Failure) [PSYoungGen: 485088K->104928K(519680K)] 1015050K->770010K(1917952K), 0.1436504 secs] [Times: user=0.85 sys=0.00, real=0.14 secs] 
3847.861: [GC (Allocation Failure) [PSYoungGen: 445408K->144288K(517632K)] 1110490K->910411K(1915904K), 0.0517295 secs] [Times: user=0.31 sys=0.00, real=0.05 secs] 
3849.439: [GC (Allocation Failure) [PSYoungGen: 483744K->107008K(519168K)] 1249867K->1008595K(1917440K), 0.1083982 secs] [Times: user=0.65 sys=0.00, real=0.11 secs] 
3850.084: [GC (Allocation Failure) [PSYoungGen: 446464K->144960K(516608K)] 1348051K->1149728K(1914880K), 0.0525570 secs] [Times: user=0.31 sys=0.00, real=0.06 secs] 
3851.368: [GC (Allocation Failure) [PSYoungGen: 483392K->103744K(518656K)] 1488160K->1244672K(1916928K), 0.0647740 secs] [Times: user=0.37 sys=0.01, real=0.06 secs] 
3851.983: [GC (Allocation Failure) [PSYoungGen: 442176K->144032K(516096K)] 1583104K->1384301K(1914368K), 0.0517953 secs] [Times: user=0.30 sys=0.00, real=0.05 secs] 
3852.034: [Full GC (Ergonomics) [PSYoungGen: 144032K->0K(516096K)] [ParOldGen: 1240269K->182632K(1398272K)] 1384301K->182632K(1914368K), [Metaspace: 60355K->60355K(1105920K)], 0.4163460 secs] [Times: user=1.92 sys=0.00, real=0.42 secs] 
3854.527: [GC (Allocation Failure) [PSYoungGen: 337408K->102112K(518144K)] 520040K->284745K(1916416K), 0.0732534 secs] [Times: user=0.43 sys=0.00, real=0.07 secs] 
3855.967: [GC (Allocation Failure) [PSYoungGen: 439520K->139328K(517632K)] 622153K->422113K(1915904K), 0.0511659 secs] [Times: user=0.30 sys=0.00, real=0.05 secs] 
3857.392: [GC (GCLocker Initiated GC) [PSYoungGen: 478272K->104672K(518144K)] 761057K->518018K(1916416K), 0.0778844 secs] [Times: user=0.46 sys=0.00, real=0.08 secs] 
3858.100: [GC (Allocation Failure) [PSYoungGen: 443616K->140672K(517632K)] 857000K->656500K(1915904K), 0.0535971 secs] [Times: user=0.31 sys=0.01, real=0.05 secs] 
3859.438: [GC (Allocation Failure) [PSYoungGen: 480640K->109088K(518656K)] 996468K->756212K(1916928K), 0.0652724 secs] [Times: user=0.38 sys=0.00, real=0.06 secs] 
3860.315: [GC (Allocation Failure) [PSYoungGen: 449056K->139712K(518144K)] 1096180K->892969K(1916416K), 0.0536146 secs] [Times: user=0.31 sys=0.00, real=0.06 secs] 
3861.883: [GC (Allocation Failure) [PSYoungGen: 481728K->109920K(518656K)] 1234985K->993325K(1916928K), 0.0889378 secs] [Times: user=0.53 sys=0.01, real=0.09 secs] 
3863.558: [GC (GCLocker Initiated GC) [PSYoungGen: 451936K->136064K(520704K)] 1335341K->1127154K(1918976K), 0.0541479 secs] [Times: user=0.32 sys=0.00, real=0.05 secs] 
3864.867: [GC (Allocation Failure) [PSYoungGen: 482688K->113504K(520192K)] 1473780K->1231148K(1918464K), 0.0654604 secs] [Times: user=0.38 sys=0.00, real=0.06 secs] 
3865.526: [GC (Allocation Failure) [PSYoungGen: 460128K->144544K(519168K)] 1577772K->1373529K(1917440K), 0.0553905 secs] [Times: user=0.33 sys=0.00, real=0.05 secs] 
3866.944: [GC (Allocation Failure) [PSYoungGen: 492704K->106592K(522240K)] 1721689K->1470889K(1920512K), 0.0682361 secs] [Times: user=0.40 sys=0.00, real=0.07 secs] 
3867.012: [Full GC (Ergonomics) [PSYoungGen: 106592K->0K(522240K)] [ParOldGen: 1364297K->31899K(1398272K)] 1470889K->31899K(1920512K), [Metaspace: 60355K->60355K(1105920K)], 0.0526395 secs] [Times: user=0.18 sys=0.01, real=0.06 secs] 
3867.800: [GC (Allocation Failure) [PSYoungGen: 348160K->153664K(514048K)] 380059K->185563K(1912320K), 0.0291828 secs] [Times: user=0.17 sys=0.00, real=0.03 secs] 
3869.856: [GC (Allocation Failure) [PSYoungGen: 495168K->107456K(520192K)] 527067K->275059K(1918464K), 0.1611051 secs] [Times: user=0.96 sys=0.00, real=0.16 secs] 
3871.030: [GC (Allocation Failure) [PSYoungGen: 448960K->141408K(520192K)] 616563K->413320K(1918464K), 0.0515671 secs] [Times: user=0.30 sys=0.00, real=0.05 secs] 
3872.335: [GC (Allocation Failure) [PSYoungGen: 484960K->110624K(454656K)] 756872K->515040K(1852928K), 0.0652799 secs] [Times: user=0.39 sys=0.00, real=0.06 secs] 
3873.136: [GC (Allocation Failure) [PSYoungGen: 454176K->140480K(518656K)] 858592K->652677K(1916928K), 0.0546023 secs] [Times: user=0.32 sys=0.00, real=0.05 secs] 
3874.562: [GC (GCLocker Initiated GC) [PSYoungGen: 484032K->110240K(519680K)] 996229K->753649K(1917952K), 0.0669353 secs] [Times: user=0.39 sys=0.00, real=0.07 secs] 
3875.519: [GC (Allocation Failure) [PSYoungGen: 453792K->149792K(516608K)] 1097240K->900541K(1914880K), 0.0543616 secs] [Times: user=0.32 sys=0.00, real=0.05 secs] 
3877.404: [GC (Allocation Failure) [PSYoungGen: 492320K->108576K(520704K)] 1243069K->991557K(1918976K), 0.0903108 secs] [Times: user=0.53 sys=0.01, real=0.09 secs] 
3878.353: [GC (Allocation Failure) [PSYoungGen: 451104K->142400K(519680K)] 1334085K->1131747K(1917952K), 0.0546662 secs] [Times: user=0.32 sys=0.00, real=0.06 secs] 
3879.763: [GC (Allocation Failure) [PSYoungGen: 485929K->108128K(452096K)] 1475276K->1230955K(1850368K), 0.0664907 secs] [Times: user=0.40 sys=0.00, real=0.07 secs] 
3880.400: [GC (Allocation Failure) [PSYoungGen: 451680K->142560K(519168K)] 1574507K->1370656K(1917440K), 0.0532722 secs] [Times: user=0.31 sys=0.00, real=0.05 secs] 
3881.885: [GC (Allocation Failure) [PSYoungGen: 486112K->105536K(520704K)] 1714208K->1467112K(1918976K), 0.0980512 secs] [Times: user=0.58 sys=0.01, real=0.10 secs] 
3881.983: [Full GC (Ergonomics) [PSYoungGen: 105536K->0K(520704K)] [ParOldGen: 1361576K->32782K(1398272K)] 1467112K->32782K(1918976K), [Metaspace: 60355K->60355K(1105920K)], 0.0601758 secs] [Times: user=0.22 sys=0.00, real=0.06 secs] 
3883.525: [GC (Allocation Failure) [PSYoungGen: 343552K->142976K(519168K)] 376334K->175758K(1917440K), 0.0287411 secs] [Times: user=0.17 sys=0.00, real=0.02 secs] 
3885.206: [GC (Allocation Failure) [PSYoungGen: 486528K->108224K(521216K)] 519310K->274626K(1919488K), 0.1089226 secs] [Times: user=0.65 sys=0.01, real=0.11 secs] 
3886.099: [GC (Allocation Failure) [PSYoungGen: 451776K->143936K(519168K)] 618178K->415087K(1917440K), 0.0522844 secs] [Times: user=0.31 sys=0.00, real=0.05 secs] 
3887.469: [GC (GCLocker Initiated GC) [PSYoungGen: 487488K->107200K(521216K)] 758639K->513299K(1919488K), 0.0679875 secs] [Times: user=0.40 sys=0.00, real=0.07 secs] 
3888.103: [GC (Allocation Failure) [PSYoungGen: 450752K->151072K(514048K)] 856854K->661387K(1912320K), 0.0534033 secs] [Times: user=0.31 sys=0.00, real=0.06 secs] 
3890.041: [GC (Allocation Failure) [PSYoungGen: 489504K->105664K(518656K)] 999819K->749643K(1916928K), 0.1065604 secs] [Times: user=0.63 sys=0.00, real=0.11 secs] 
3891.941: [GC (Allocation Failure) [PSYoungGen: 444096K->139456K(517120K)] 1088075K->886280K(1915392K), 0.0525934 secs] [Times: user=0.30 sys=0.00, real=0.05 secs] 
3893.331: [GC (Allocation Failure) [PSYoungGen: 479424K->107648K(518656K)] 1226248K->984564K(1916928K), 0.0788563 secs] [Times: user=0.47 sys=0.00, real=0.08 secs] 
3894.103: [GC (Allocation Failure) [PSYoungGen: 447616K->141376K(518656K)] 1324532K->1124427K(1916928K), 0.0538001 secs] [Times: user=0.32 sys=0.00, real=0.06 secs] 
3895.574: [GC (Allocation Failure) [PSYoungGen: 483392K->108128K(519680K)] 1466443K->1223779K(1917952K), 0.0674992 secs] [Times: user=0.40 sys=0.01, real=0.07 secs] 
3896.350: [GC (Allocation Failure) [PSYoungGen: 450144K->141248K(519168K)] 1565795K->1362712K(1917440K), 0.0531738 secs] [Times: user=0.31 sys=0.00, real=0.05 secs] 
3898.082: [GC (Allocation Failure) [PSYoungGen: 484800K->110048K(520192K)] 1706264K->1462764K(1918464K), 0.1134136 secs] [Times: user=0.67 sys=0.01, real=0.12 secs] 
3898.196: [Full GC (Ergonomics) [PSYoungGen: 110048K->0K(520192K)] [ParOldGen: 1352716K->28906K(1398272K)] 1462764K->28906K(1918464K), [Metaspace: 60355K->60355K(1105920K)], 0.0620663 secs] [Times: user=0.21 sys=0.00, real=0.06 secs] 
3899.930: [GC (Allocation Failure) [PSYoungGen: 343552K->141248K(520192K)] 372458K->170154K(1918464K), 0.0279176 secs] [Times: user=0.16 sys=0.00, real=0.03 secs] 
3901.229: [GC (GCLocker Initiated GC) [PSYoungGen: 486848K->109248K(521216K)] 515754K->269998K(1919488K), 0.0638380 secs] [Times: user=0.38 sys=0.01, real=0.06 secs] 
3902.037: [GC (Allocation Failure) [PSYoungGen: 454848K->141696K(520704K)] 615601K->409978K(1918976K), 0.0528795 secs] [Times: user=0.31 sys=0.00, real=0.05 secs] 
3903.674: [GC (Allocation Failure) [PSYoungGen: 488832K->110528K(522240K)] 757114K->511806K(1920512K), 0.0678403 secs] [Times: user=0.40 sys=0.00, real=0.07 secs] 
3904.956: [GC (Allocation Failure) [PSYoungGen: 457664K->142624K(521728K)] 858942K->650843K(1920000K), 0.0535246 secs] [Times: user=0.32 sys=0.00, real=0.05 secs] 
3906.921: [GC (Allocation Failure) [PSYoungGen: 491296K->110176K(523264K)] 999515K->751899K(1921536K), 0.1014396 secs] [Times: user=0.60 sys=0.00, real=0.10 secs] 
3908.083: [GC (Allocation Failure) [PSYoungGen: 458848K->144480K(521216K)] 1100571K->893400K(1919488K), 0.0528494 secs] [Times: user=0.31 sys=0.00, real=0.06 secs] 
3909.399: [GC (Allocation Failure) [PSYoungGen: 493152K->110656K(523776K)] 1242072K->995172K(1922048K), 0.0657862 secs] [Times: user=0.38 sys=0.00, real=0.06 secs] 
3910.017: [GC (Allocation Failure) [PSYoungGen: 459328K->144448K(520704K)] 1343844K->1136937K(1918976K), 0.0536098 secs] [Times: user=0.32 sys=0.00, real=0.05 secs] 
3912.010: [GC (Allocation Failure) [PSYoungGen: 492096K->107136K(523264K)] 1484585K->1235033K(1921536K), 0.1098421 secs] [Times: user=0.65 sys=0.00, real=0.11 secs] 
3913.303: [GC (Allocation Failure) [PSYoungGen: 454784K->145248K(519680K)] 1582681K->1376957K(1917952K), 0.0529374 secs] [Times: user=0.32 sys=0.00, real=0.06 secs] 
3913.356: [Full GC (Ergonomics) [PSYoungGen: 145248K->0K(519680K)] [ParOldGen: 1231709K->180489K(1398272K)] 1376957K->180489K(1917952K), [Metaspace: 60359K->60359K(1105920K)], 0.4281052 secs] [Times: user=1.99 sys=0.00, real=0.42 secs] 
3915.196: [GC (Allocation Failure) [PSYoungGen: 345600K->109920K(522240K)] 526089K->290409K(1920512K), 0.0752100 secs] [Times: user=0.44 sys=0.01, real=0.07 secs] 
3915.880: [GC (Allocation Failure) [PSYoungGen: 455520K->143712K(520192K)] 636009K->430654K(1918464K), 0.0529495 secs] [Times: user=0.31 sys=0.00, real=0.05 secs] 
3917.596: [GC (Allocation Failure) [PSYoungGen: 489312K->107456K(522240K)] 776254K->528870K(1920512K), 0.0641331 secs] [Times: user=0.38 sys=0.00, real=0.06 secs] 
3918.472: [GC (Allocation Failure) [PSYoungGen: 453056K->146784K(517632K)] 874470K->671139K(1915904K), 0.0525869 secs] [Times: user=0.31 sys=0.00, real=0.05 secs] 
3921.203: [GC (Allocation Failure) [PSYoungGen: 489312K->104608K(520704K)] 1013667K->766851K(1918976K), 0.1475760 secs] [Times: user=0.88 sys=0.01, real=0.15 secs] 
3922.650: [GC (Allocation Failure) [PSYoungGen: 447136K->142816K(519168K)] 1109379K->905820K(1917440K), 0.0540995 secs] [Times: user=0.30 sys=0.00, real=0.05 secs] 
3923.958: [GC (GCLocker Initiated GC) [PSYoungGen: 485344K->106048K(520704K)] 1248348K->1002832K(1918976K), 0.0644328 secs] [Times: user=0.38 sys=0.01, real=0.06 secs] 
3924.657: [GC (Allocation Failure) [PSYoungGen: 448576K->144128K(518144K)] 1345431K->1144156K(1916416K), 0.0529534 secs] [Times: user=0.32 sys=0.00, real=0.05 secs] 
3926.118: [GC (Allocation Failure) [PSYoungGen: 485632K->107776K(520192K)] 1485660K->1243104K(1918464K), 0.0764131 secs] [Times: user=0.45 sys=0.00, real=0.08 secs] 
3927.228: [GC (Allocation Failure) [PSYoungGen: 449280K->142560K(518656K)] 1584608K->1382028K(1916928K), 0.0533719 secs] [Times: user=0.32 sys=0.00, real=0.05 secs] 
3927.281: [Full GC (Ergonomics) [PSYoungGen: 142560K->0K(518656K)] [ParOldGen: 1239468K->180640K(1398272K)] 1382028K->180640K(1916928K), [Metaspace: 60359K->60359K(1105920K)], 0.4185752 secs] [Times: user=1.93 sys=0.00, real=0.42 secs] 
3929.750: [GC (Allocation Failure) [PSYoungGen: 342016K->104352K(520192K)] 522656K->284992K(1918464K), 0.1011142 secs] [Times: user=0.58 sys=0.01, real=0.10 secs] 
3930.661: [GC (Allocation Failure) [PSYoungGen: 446368K->140768K(519680K)] 627008K->423218K(1917952K), 0.0527161 secs] [Times: user=0.31 sys=0.01, real=0.05 secs] 
3931.947: [GC (GCLocker Initiated GC) [PSYoungGen: 483808K->108896K(452096K)] 766258K->523418K(1850368K), 0.0640803 secs] [Times: user=0.38 sys=0.00, real=0.06 secs] 
3932.606: [GC (Allocation Failure) [PSYoungGen: 451936K->144864K(517632K)] 866461K->665490K(1915904K), 0.0534120 secs] [Times: user=0.32 sys=0.00, real=0.05 secs] 
3934.189: [GC (Allocation Failure) [PSYoungGen: 486880K->103744K(520192K)] 1007506K->760106K(1918464K), 0.0928080 secs] [Times: user=0.55 sys=0.01, real=0.09 secs] 
3934.867: [GC (Allocation Failure) [PSYoungGen: 445760K->143328K(518144K)] 1102122K->900375K(1916416K), 0.0516811 secs] [Times: user=0.30 sys=0.01, real=0.05 secs] 
3936.864: [GC (GCLocker Initiated GC) [PSYoungGen: 484832K->107968K(449536K)] 1241879K->998931K(1847808K), 0.1138898 secs] [Times: user=0.68 sys=0.00, real=0.12 secs] 
3938.056: [GC (Allocation Failure) [PSYoungGen: 449472K->150976K(512512K)] 1340474K->1146663K(1910784K), 0.0531356 secs] [Times: user=0.32 sys=0.00, real=0.05 secs] 
3939.464: [GC (Allocation Failure) [PSYoungGen: 487360K->103136K(517632K)] 1483047K->1232779K(1915904K), 0.0890752 secs] [Times: user=0.53 sys=0.00, real=0.09 secs] 
3940.183: [GC (Allocation Failure) [PSYoungGen: 439520K->141632K(517120K)] 1569163K->1372023K(1915392K), 0.0524619 secs] [Times: user=0.31 sys=0.00, real=0.06 secs] 
3940.235: [Full GC (Ergonomics) [PSYoungGen: 141632K->0K(517120K)] [ParOldGen: 1230391K->170221K(1398272K)] 1372023K->170221K(1915392K), [Metaspace: 60359K->60359K(1105920K)], 0.3949430 secs] [Times: user=1.82 sys=0.01, real=0.39 secs] 
3942.191: [GC (Allocation Failure) [PSYoungGen: 337408K->105280K(442880K)] 507629K->275501K(1841152K), 0.0604824 secs] [Times: user=0.35 sys=0.01, real=0.06 secs] 
3943.619: [GC (Allocation Failure) [PSYoungGen: 442688K->138592K(517120K)] 612909K->411634K(1915392K), 0.0530756 secs] [Times: user=0.31 sys=0.00, real=0.05 secs] 
3944.952: [GC (Allocation Failure) [PSYoungGen: 477024K->108576K(517120K)] 750066K->510754K(1915392K), 0.0641935 secs] [Times: user=0.38 sys=0.00, real=0.07 secs] 
3945.877: [GC (Allocation Failure) [PSYoungGen: 447008K->139552K(517120K)] 849186K->648539K(1915392K), 0.0544649 secs] [Times: user=0.32 sys=0.00, real=0.05 secs] 
3947.204: [GC (Allocation Failure) [PSYoungGen: 480544K->109056K(517632K)] 989531K->749211K(1915904K), 0.0657969 secs] [Times: user=0.39 sys=0.00, real=0.07 secs] 
3947.888: [GC (Allocation Failure) [PSYoungGen: 450048K->136448K(521216K)] 1090203K->883688K(1919488K), 0.0529153 secs] [Times: user=0.31 sys=0.00, real=0.05 secs] 
3949.301: [GC (GCLocker Initiated GC) [PSYoungGen: 483072K->112544K(520704K)] 1230312K->986348K(1918976K), 0.0694641 secs] [Times: user=0.42 sys=0.00, real=0.07 secs] 
3950.478: [GC (Allocation Failure) [PSYoungGen: 459168K->141536K(520192K)] 1332975K->1125748K(1918464K), 0.0550875 secs] [Times: user=0.33 sys=0.00, real=0.05 secs] 
3952.039: [GC (Allocation Failure) [PSYoungGen: 490208K->111648K(521728K)] 1474420K->1227764K(1920000K), 0.0955849 secs] [Times: user=0.57 sys=0.00, real=0.10 secs] 
3953.377: [GC (Allocation Failure) [PSYoungGen: 460320K->142336K(523264K)] 1576436K->1367561K(1921536K), 0.0553086 secs] [Times: user=0.32 sys=0.00, real=0.05 secs] 
3954.701: [GC (Allocation Failure) [PSYoungGen: 494592K->110560K(525312K)] 1719817K->1469129K(1923584K), 0.0663652 secs] [Times: user=0.39 sys=0.00, real=0.07 secs] 
3954.768: [Full GC (Ergonomics) [PSYoungGen: 110560K->0K(525312K)] [ParOldGen: 1358569K->28326K(1398272K)] 1469129K->28326K(1923584K), [Metaspace: 60359K->60359K(1105920K)], 0.0589103 secs] [Times: user=0.21 sys=0.00, real=0.06 secs] 
3955.378: [GC (Allocation Failure) [PSYoungGen: 352256K->145664K(521728K)] 380582K->173991K(1920000K), 0.0288327 secs] [Times: user=0.17 sys=0.00, real=0.03 secs] 
3957.143: [GC (GCLocker Initiated GC) [PSYoungGen: 496384K->109664K(524800K)] 524711K->273991K(1923072K), 0.0685120 secs] [Times: user=0.41 sys=0.00, real=0.07 secs] 
3958.084: [GC (Allocation Failure) [PSYoungGen: 460384K->146720K(519680K)] 624781K->418298K(1917952K), 0.0533172 secs] [Times: user=0.31 sys=0.00, real=0.06 secs] 
3959.878: [GC (GCLocker Initiated GC) [PSYoungGen: 494368K->108352K(523264K)] 765946K->517394K(1921536K), 0.0722887 secs] [Times: user=0.42 sys=0.00, real=0.07 secs] 
3960.515: [GC (Allocation Failure) [PSYoungGen: 456000K->144320K(520704K)] 865045K->658806K(1918976K), 0.0531111 secs] [Times: user=0.32 sys=0.00, real=0.06 secs] 
3962.233: [GC (Allocation Failure) [PSYoungGen: 490944K->108576K(522752K)] 1005430K->758606K(1921024K), 0.0960511 secs] [Times: user=0.57 sys=0.00, real=0.10 secs] 
3962.916: [GC (Allocation Failure) [PSYoungGen: 455200K->145280K(519168K)] 1105230K->900551K(1917440K), 0.0540158 secs] [Times: user=0.32 sys=0.00, real=0.05 secs] 
3965.361: [GC (Allocation Failure) [PSYoungGen: 489856K->104768K(521728K)] 1245127K->996039K(1920000K), 0.1567122 secs] [Times: user=0.93 sys=0.00, real=0.16 secs] 
3966.314: [GC (Allocation Failure) [PSYoungGen: 449344K->143200K(519168K)] 1340615K->1136816K(1917440K), 0.0524222 secs] [Times: user=0.31 sys=0.00, real=0.06 secs] 
3967.716: [GC (Allocation Failure) [PSYoungGen: 486752K->109024K(521216K)] 1480368K->1236580K(1919488K), 0.0663124 secs] [Times: user=0.39 sys=0.00, real=0.06 secs] 
3968.413: [GC (GCLocker Initiated GC) [PSYoungGen: 452576K->143328K(519680K)] 1580133K->1376045K(1917952K), 0.0546655 secs] [Times: user=0.31 sys=0.00, real=0.06 secs] 
3968.467: [Full GC (Ergonomics) [PSYoungGen: 143328K->0K(519680K)] [ParOldGen: 1232717K->181184K(1398272K)] 1376045K->181184K(1917952K), [Metaspace: 60359K->60359K(1105920K)], 0.4275264 secs] [Times: user=1.98 sys=0.00, real=0.43 secs] 
3970.261: [GC (GCLocker Initiated GC) [PSYoungGen: 344064K->105952K(521216K)] 525252K->287140K(1919488K), 0.0515335 secs] [Times: user=0.30 sys=0.00, real=0.05 secs] 
3971.332: [GC (Allocation Failure) [PSYoungGen: 450016K->141888K(520192K)] 631275K->426104K(1918464K), 0.0519435 secs] [Times: user=0.30 sys=0.00, real=0.05 secs] 
3973.252: [GC (GCLocker Initiated GC) [PSYoungGen: 486464K->106784K(521728K)] 770680K->523457K(1920000K), 0.0997377 secs] [Times: user=0.60 sys=0.00, real=0.10 secs] 
3974.180: [GC (Allocation Failure) [PSYoungGen: 451360K->151456K(514048K)] 868102K->671467K(1912320K), 0.0530409 secs] [Times: user=0.32 sys=0.00, real=0.05 secs] 
3975.478: [GC (Allocation Failure) [PSYoungGen: 489888K->108224K(518656K)] 1009899K->762679K(1916928K), 0.0641775 secs] [Times: user=0.38 sys=0.00, real=0.06 secs] 
3976.088: [GC (Allocation Failure) [PSYoungGen: 446656K->141376K(517632K)] 1101111K->901100K(1915904K), 0.0535423 secs] [Times: user=0.32 sys=0.00, real=0.05 secs] 
3977.532: [GC (GCLocker Initiated GC) [PSYoungGen: 481856K->106112K(519168K)] 1241580K->997704K(1917440K), 0.0646089 secs] [Times: user=0.38 sys=0.00, real=0.07 secs] 
3978.441: [GC (Allocation Failure) [PSYoungGen: 446592K->142432K(518656K)] 1338223K->1137360K(1916928K), 0.0533658 secs] [Times: user=0.32 sys=0.00, real=0.06 secs] 
3980.419: [GC (Allocation Failure) [PSYoungGen: 483936K->107648K(449536K)] 1478864K->1235408K(1847808K), 0.0966980 secs] [Times: user=0.57 sys=0.00, real=0.10 secs] 
3981.188: [GC (Allocation Failure) [PSYoungGen: 449152K->141312K(518656K)] 1576912K->1374033K(1916928K), 0.0540640 secs] [Times: user=0.32 sys=0.00, real=0.05 secs] 
3981.243: [Full GC (Ergonomics) [PSYoungGen: 141312K->0K(518656K)] [ParOldGen: 1232721K->171575K(1398272K)] 1374033K->171575K(1916928K), [Metaspace: 60368K->60368K(1105920K)], 0.4005127 secs] [Times: user=1.84 sys=0.00, real=0.40 secs] 
3983.049: [GC (Allocation Failure) [PSYoungGen: 342016K->106208K(519680K)] 513591K->277783K(1917952K), 0.0360520 secs] [Times: user=0.22 sys=0.00, real=0.04 secs] 
3983.650: [GC (Allocation Failure) [PSYoungGen: 448224K->142752K(519168K)] 619799K->417764K(1917440K), 0.0535174 secs] [Times: user=0.31 sys=0.00, real=0.05 secs] 
3985.465: [GC (Allocation Failure) [PSYoungGen: 485792K->107328K(520704K)] 760804K->515256K(1918976K), 0.1520260 secs] [Times: user=0.90 sys=0.00, real=0.15 secs] 
3987.222: [GC (Allocation Failure) [PSYoungGen: 450368K->149184K(515072K)] 858296K->661585K(1913344K), 0.0529477 secs] [Times: user=0.31 sys=0.00, real=0.06 secs] 
3988.539: [GC (GCLocker Initiated GC) [PSYoungGen: 488640K->109088K(519168K)] 1001041K->753149K(1917440K), 0.0654946 secs] [Times: user=0.39 sys=0.00, real=0.07 secs] 
3989.191: [GC (Allocation Failure) [PSYoungGen: 448544K->137824K(516096K)] 1092675K->888728K(1914368K), 0.0531394 secs] [Times: user=0.31 sys=0.01, real=0.05 secs] 
3990.748: [GC (GCLocker Initiated GC) [PSYoungGen: 479328K->109856K(518656K)] 1230232K->989752K(1916928K), 0.0652819 secs] [Times: user=0.38 sys=0.01, real=0.06 secs] 
3991.546: [GC (Allocation Failure) [PSYoungGen: 451360K->140320K(520704K)] 1331259K->1127560K(1918976K), 0.0537450 secs] [Times: user=0.32 sys=0.00, real=0.05 secs] 
3993.175: [GC (GCLocker Initiated GC) [PSYoungGen: 486432K->110048K(521728K)] 1473672K->1227924K(1920000K), 0.1141023 secs] [Times: user=0.67 sys=0.01, real=0.11 secs] 
3995.012: [GC (Allocation Failure) [PSYoungGen: 456160K->141440K(521216K)] 1574107K->1366624K(1919488K), 0.0547140 secs] [Times: user=0.32 sys=0.00, real=0.06 secs] 
3996.378: [GC (Allocation Failure) [PSYoungGen: 489088K->112480K(522240K)] 1714272K->1469324K(1920512K), 0.0679635 secs] [Times: user=0.40 sys=0.00, real=0.07 secs] 
3996.446: [Full GC (Ergonomics) [PSYoungGen: 112480K->0K(522240K)] [ParOldGen: 1356844K->30443K(1398272K)] 1469324K->30443K(1920512K), [Metaspace: 60371K->60371K(1105920K)], 0.0580005 secs] [Times: user=0.20 sys=0.00, real=0.05 secs] 
3997.087: [GC (Allocation Failure) [PSYoungGen: 347648K->141504K(522240K)] 378091K->171948K(1920512K), 0.0286543 secs] [Times: user=0.16 sys=0.01, real=0.03 secs] 
3999.087: [GC (GCLocker Initiated GC) [PSYoungGen: 491200K->109824K(523264K)] 521644K->272332K(1921536K), 0.0976429 secs] [Times: user=0.57 sys=0.00, real=0.10 secs] 
4000.101: [GC (Allocation Failure) [PSYoungGen: 459520K->153888K(514560K)] 622067K->422872K(1912832K), 0.0531905 secs] [Times: user=0.32 sys=0.00, real=0.05 secs] 
4002.046: [GC (Allocation Failure) [PSYoungGen: 496416K->107392K(520704K)] 765400K->512732K(1918976K), 0.1479870 secs] [Times: user=0.88 sys=0.00, real=0.14 secs] 
4003.320: [GC (Allocation Failure) [PSYoungGen: 449920K->140768K(520192K)] 855260K->650305K(1918464K), 0.0521233 secs] [Times: user=0.30 sys=0.00, real=0.05 secs] 
4004.621: [GC (Allocation Failure) [PSYoungGen: 484832K->111456K(455680K)] 994369K->752073K(1853952K), 0.0650897 secs] [Times: user=0.37 sys=0.00, real=0.07 secs] 
4005.239: [GC (Allocation Failure) [PSYoungGen: 455520K->142912K(518656K)] 1096137K->892122K(1916928K), 0.0541228 secs] [Times: user=0.32 sys=0.00, real=0.05 secs] 
4006.676: [GC (Allocation Failure) [PSYoungGen: 486976K->107840K(520192K)] 1236186K->990738K(1918464K), 0.0720535 secs] [Times: user=0.42 sys=0.00, real=0.07 secs] 
4007.439: [GC (Allocation Failure) [PSYoungGen: 451904K->143904K(520192K)] 1334802K->1131719K(1918464K), 0.0530516 secs] [Times: user=0.31 sys=0.00, real=0.05 secs] 
4009.515: [GC (Allocation Failure) [PSYoungGen: 489504K->108256K(522240K)] 1477319K->1230359K(1920512K), 0.1384098 secs] [Times: user=0.82 sys=0.01, real=0.13 secs] 
4010.626: [GC (GCLocker Initiated GC) [PSYoungGen: 453856K->142912K(520704K)] 1575959K->1370216K(1918976K), 0.0533308 secs] [Times: user=0.31 sys=0.00, real=0.05 secs] 
4011.935: [GC (GCLocker Initiated GC) [PSYoungGen: 488512K->107200K(522240K)] 1715820K->1468444K(1920512K), 0.0658174 secs] [Times: user=0.39 sys=0.00, real=0.06 secs] 
4012.001: [Full GC (Ergonomics) [PSYoungGen: 107200K->0K(522240K)] [ParOldGen: 1361244K->35423K(1398272K)] 1468444K->35423K(1920512K), [Metaspace: 60371K->60371K(1105920K)], 0.0686783 secs] [Times: user=0.24 sys=0.00, real=0.07 secs] 
4012.607: [GC (Allocation Failure) [PSYoungGen: 345600K->145888K(518656K)] 381093K->181381K(1916928K), 0.0291905 secs] [Times: user=0.17 sys=0.00, real=0.03 secs] 
4014.235: [GC (GCLocker Initiated GC) [PSYoungGen: 489440K->103744K(521216K)] 524933K->275849K(1919488K), 0.0955783 secs] [Times: user=0.56 sys=0.00, real=0.09 secs] 
4015.050: [GC (Allocation Failure) [PSYoungGen: 447296K->143392K(519168K)] 619440K->416361K(1917440K), 0.0510692 secs] [Times: user=0.30 sys=0.00, real=0.05 secs] 
4016.903: [GC (Allocation Failure) [PSYoungGen: 485920K->107104K(520704K)] 758889K->514169K(1918976K), 0.1541570 secs] [Times: user=0.92 sys=0.00, real=0.16 secs] 
4018.011: [GC (Allocation Failure) [PSYoungGen: 449632K->141536K(519680K)] 856697K->652677K(1917952K), 0.0523284 secs] [Times: user=0.31 sys=0.00, real=0.05 secs] 
4019.352: [GC (GCLocker Initiated GC) [PSYoungGen: 484576K->105888K(520704K)] 995717K->749566K(1918976K), 0.0648263 secs] [Times: user=0.39 sys=0.00, real=0.07 secs] 
4020.434: [GC (Allocation Failure) [PSYoungGen: 448928K->142240K(519168K)] 1092609K->888909K(1917440K), 0.0525285 secs] [Times: user=0.31 sys=0.00, real=0.06 secs] 
4022.189: [GC (Allocation Failure) [PSYoungGen: 485280K->106848K(520704K)] 1231949K->986541K(1918976K), 0.0807549 secs] [Times: user=0.48 sys=0.00, real=0.08 secs] 
4023.919: [GC (Allocation Failure) [PSYoungGen: 449888K->140544K(519680K)] 1329581K->1123914K(1917952K), 0.0526238 secs] [Times: user=0.31 sys=0.01, real=0.05 secs] 
4025.239: [GC (GCLocker Initiated GC) [PSYoungGen: 484608K->109728K(520704K)] 1467980K->1224248K(1918976K), 0.0650564 secs] [Times: user=0.38 sys=0.00, real=0.06 secs] 
4025.969: [GC (Allocation Failure) [PSYoungGen: 453792K->149312K(515584K)] 1568351K->1371240K(1913856K), 0.0542827 secs] [Times: user=0.31 sys=0.01, real=0.05 secs] 
4027.530: [GC (Allocation Failure) [PSYoungGen: 490816K->109760K(520192K)] 1712744K->1463304K(1918464K), 0.0939750 secs] [Times: user=0.55 sys=0.00, real=0.09 secs] 
4027.624: [Full GC (Ergonomics) [PSYoungGen: 109760K->0K(520192K)] [ParOldGen: 1353544K->30174K(1398272K)] 1463304K->30174K(1918464K), [Metaspace: 60372K->60372K(1105920K)], 0.0605832 secs] [Times: user=0.22 sys=0.00, real=0.07 secs] 
4028.461: [GC (Allocation Failure) [PSYoungGen: 341504K->142144K(519680K)] 371678K->172318K(1917952K), 0.0285624 secs] [Times: user=0.17 sys=0.00, real=0.03 secs] 
4030.288: [GC (Allocation Failure) [PSYoungGen: 485696K->108800K(452608K)] 515870K->271566K(1850880K), 0.1420704 secs] [Times: user=0.84 sys=0.00, real=0.14 secs] 
4031.779: [GC (Allocation Failure) [PSYoungGen: 452352K->138048K(521216K)] 615118K->406962K(1919488K), 0.0526425 secs] [Times: user=0.31 sys=0.00, real=0.05 secs] 
4033.155: [GC (Allocation Failure) [PSYoungGen: 483648K->112448K(520704K)] 752562K->509599K(1918976K), 0.0651918 secs] [Times: user=0.39 sys=0.00, real=0.06 secs] 
4033.877: [GC (Allocation Failure) [PSYoungGen: 458048K->142176K(519680K)] 855199K->649459K(1917952K), 0.0553040 secs] [Times: user=0.33 sys=0.00, real=0.05 secs] 
4035.421: [GC (GCLocker Initiated GC) [PSYoungGen: 488800K->108832K(521216K)] 996083K->748831K(1919488K), 0.1035826 secs] [Times: user=0.55 sys=0.01, real=0.11 secs] 
4036.947: [GC (Allocation Failure) [PSYoungGen: 455456K->149376K(517120K)] 1095494K->895307K(1915392K), 0.0541249 secs] [Times: user=0.32 sys=0.00, real=0.05 secs] 
4038.386: [GC (Allocation Failure) [PSYoungGen: 493952K->111104K(521728K)] 1239883K->988371K(1920000K), 0.1005790 secs] [Times: user=0.60 sys=0.00, real=0.10 secs] 
4039.377: [GC (Allocation Failure) [PSYoungGen: 455680K->142144K(521216K)] 1332947K->1128216K(1919488K), 0.0550459 secs] [Times: user=0.32 sys=0.00, real=0.05 secs] 
4041.063: [GC (Allocation Failure) [PSYoungGen: 488768K->109440K(456192K)] 1474840K->1228568K(1854464K), 0.0821557 secs] [Times: user=0.49 sys=0.00, real=0.09 secs] 
4041.869: [GC (Allocation Failure) [PSYoungGen: 456064K->143520K(520192K)] 1575192K->1369149K(1918464K), 0.0548665 secs] [Times: user=0.32 sys=0.00, real=0.05 secs] 
4043.879: [GC (Allocation Failure) [PSYoungGen: 489632K->108960K(522240K)] 1715261K->1468941K(1920512K), 0.1312927 secs] [Times: user=0.77 sys=0.01, real=0.13 secs] 
4044.010: [Full GC (Ergonomics) [PSYoungGen: 108960K->0K(522240K)] [ParOldGen: 1359981K->34202K(1398272K)] 1468941K->34202K(1920512K), [Metaspace: 60379K->60379K(1105920K)], 0.0892227 secs] [Times: user=0.34 sys=0.00, real=0.09 secs] 
4045.821: [GC (Allocation Failure) [PSYoungGen: 346112K->143456K(520704K)] 380314K->177658K(1918976K), 0.0287176 secs] [Times: user=0.16 sys=0.00, real=0.03 secs] 
4047.227: [GC (Allocation Failure) [PSYoungGen: 490080K->111008K(522752K)] 524282K->279375K(1921024K), 0.0865744 secs] [Times: user=0.52 sys=0.00, real=0.08 secs] 
4047.954: [GC (Allocation Failure) [PSYoungGen: 457632K->143712K(520704K)] 625999K->420467K(1918976K), 0.0536608 secs] [Times: user=0.31 sys=0.00, real=0.06 secs] 
4049.565: [GC (Allocation Failure) [PSYoungGen: 490336K->106624K(522752K)] 767091K->518187K(1921024K), 0.0894258 secs] [Times: user=0.53 sys=0.00, real=0.08 secs] 
4050.743: [GC (Allocation Failure) [PSYoungGen: 453248K->144608K(520192K)] 864811K->659348K(1918464K), 0.0524481 secs] [Times: user=0.31 sys=0.00, real=0.06 secs] 
4052.624: [GC (Allocation Failure) [PSYoungGen: 490208K->109088K(522240K)] 1004948K->759072K(1920512K), 0.1113147 secs] [Times: user=0.66 sys=0.00, real=0.12 secs] 
4053.535: [GC (Allocation Failure) [PSYoungGen: 454688K->144384K(519680K)] 1104672K->900381K(1917952K), 0.0535789 secs] [Times: user=0.32 sys=0.00, real=0.05 secs] 
4054.830: [GC (GCLocker Initiated GC) [PSYoungGen: 488960K->109152K(521728K)] 1244957K->1000349K(1920000K), 0.0650572 secs] [Times: user=0.38 sys=0.00, real=0.07 secs] 
4055.461: [GC (Allocation Failure) [PSYoungGen: 453728K->145280K(518656K)] 1344928K->1141653K(1916928K), 0.0534585 secs] [Times: user=0.31 sys=0.01, real=0.05 secs] 
4057.310: [GC (Allocation Failure) [PSYoungGen: 488832K->104672K(521216K)] 1485205K->1237109K(1919488K), 0.1188155 secs] [Times: user=0.70 sys=0.00, real=0.12 secs] 
4058.235: [GC (Allocation Failure) [PSYoungGen: 448224K->143584K(519168K)] 1580661K->1377454K(1917440K), 0.0524685 secs] [Times: user=0.31 sys=0.00, real=0.05 secs] 
4058.287: [Full GC (Ergonomics) [PSYoungGen: 143584K->0K(519168K)] [ParOldGen: 1233870K->180095K(1398272K)] 1377454K->180095K(1917440K), [Metaspace: 60379K->60379K(1105920K)], 0.4112850 secs] [Times: user=1.89 sys=0.00, real=0.41 secs] 
4060.682: [GC (Allocation Failure) [PSYoungGen: 342528K->107296K(520704K)] 522623K->287391K(1918976K), 0.0881006 secs] [Times: user=0.52 sys=0.00, real=0.09 secs] 
4061.670: [GC (Allocation Failure) [PSYoungGen: 449824K->143296K(519168K)] 629919K->427572K(1917440K), 0.0527981 secs] [Times: user=0.31 sys=0.00, real=0.05 secs] 
4063.193: [GC (Allocation Failure) [PSYoungGen: 485824K->106688K(520704K)] 770100K->525076K(1918976K), 0.1217706 secs] [Times: user=0.72 sys=0.00, real=0.13 secs] 
4064.042: [GC (Allocation Failure) [PSYoungGen: 449216K->142624K(519680K)] 867604K->664233K(1917952K), 0.0519364 secs] [Times: user=0.30 sys=0.01, real=0.05 secs] 
4065.905: [GC (Allocation Failure) [PSYoungGen: 485664K->107776K(520704K)] 1007273K->762493K(1918976K), 0.1678982 secs] [Times: user=0.98 sys=0.01, real=0.16 secs] 
4067.198: [GC (Allocation Failure) [PSYoungGen: 450816K->142400K(519680K)] 1105533K->901780K(1917952K), 0.0529477 secs] [Times: user=0.31 sys=0.00, real=0.05 secs] 
4069.144: [GC (Allocation Failure) [PSYoungGen: 485952K->106368K(520704K)] 1245332K->998876K(1918976K), 0.0745337 secs] [Times: user=0.44 sys=0.00, real=0.08 secs] 
4069.950: [GC (Allocation Failure) [PSYoungGen: 449920K->143904K(519168K)] 1342428K->1140325K(1917440K), 0.0531928 secs] [Times: user=0.32 sys=0.00, real=0.05 secs] 
4071.847: [GC (GCLocker Initiated GC) [PSYoungGen: 487456K->106848K(521216K)] 1483877K->1238757K(1919488K), 0.0954029 secs] [Times: user=0.57 sys=0.00, real=0.09 secs] 
4072.601: [GC (Allocation Failure) [PSYoungGen: 450400K->151968K(512512K)] 1582348K->1387609K(1910784K), 0.0531264 secs] [Times: user=0.32 sys=0.00, real=0.05 secs] 
4072.654: [Full GC (Ergonomics) [PSYoungGen: 151968K->0K(512512K)] [ParOldGen: 1235641K->178301K(1398272K)] 1387609K->178301K(1910784K), [Metaspace: 60379K->60379K(1105920K)], 0.4146776 secs] [Times: user=1.91 sys=0.00, real=0.42 secs] 
4075.234: [GC (Allocation Failure) [PSYoungGen: 336384K->101888K(517632K)] 514685K->280189K(1915904K), 0.1063567 secs] [Times: user=0.63 sys=0.00, real=0.11 secs] 
4076.543: [GC (Allocation Failure) [PSYoungGen: 438272K->137696K(514560K)] 616573K->415326K(1912832K), 0.0512116 secs] [Times: user=0.30 sys=0.01, real=0.05 secs] 
4077.846: [GC (Allocation Failure) [PSYoungGen: 475104K->104480K(516608K)] 752734K->511222K(1914880K), 0.0634961 secs] [Times: user=0.38 sys=0.00, real=0.06 secs] 
4078.487: [GC (Allocation Failure) [PSYoungGen: 441888K->138656K(519168K)] 848630K->647867K(1917440K), 0.0522627 secs] [Times: user=0.31 sys=0.00, real=0.05 secs] 
4080.125: [GC (GCLocker Initiated GC) [PSYoungGen: 480672K->111488K(453632K)] 989883K->749863K(1851904K), 0.1164483 secs] [Times: user=0.69 sys=0.00, real=0.11 secs] 
4082.534: [GC (Allocation Failure) [PSYoungGen: 453504K->135776K(520192K)] 1091950K->883434K(1918464K), 0.0536590 secs] [Times: user=0.32 sys=0.00, real=0.06 secs] 
4083.943: [GC (Allocation Failure) [PSYoungGen: 480864K->111136K(519168K)] 1228522K->985162K(1917440K), 0.0643678 secs] [Times: user=0.38 sys=0.00, real=0.07 secs] 
4084.689: [GC (Allocation Failure) [PSYoungGen: 456224K->142112K(519168K)] 1330250K->1125455K(1917440K), 0.0544664 secs] [Times: user=0.32 sys=0.00, real=0.05 secs] 
4086.019: [GC (Allocation Failure) [PSYoungGen: 489760K->109792K(521216K)] 1473103K->1226135K(1919488K), 0.0764056 secs] [Times: user=0.46 sys=0.00, real=0.08 secs] 
4086.697: [GC (Allocation Failure) [PSYoungGen: 457440K->143136K(522240K)] 1573783K->1367036K(1920512K), 0.0598298 secs] [Times: user=0.28 sys=0.00, real=0.06 secs] 
4088.240: [GC (Allocation Failure) [PSYoungGen: 493856K->110464K(524800K)] 1717756K->1467948K(1923072K), 0.1166398 secs] [Times: user=0.69 sys=0.00, real=0.12 secs] 
4088.357: [Full GC (Ergonomics) [PSYoungGen: 110464K->0K(524800K)] [ParOldGen: 1357484K->29356K(1398272K)] 1467948K->29356K(1923072K), [Metaspace: 60379K->60379K(1105920K)], 0.0689736 secs] [Times: user=0.23 sys=0.00, real=0.07 secs] 
4089.734: [GC (Allocation Failure) [PSYoungGen: 350720K->143520K(522752K)] 380076K->172876K(1921024K), 0.0281973 secs] [Times: user=0.16 sys=0.00, real=0.03 secs] 
4091.081: [GC (Allocation Failure) [PSYoungGen: 494240K->114720K(465920K)] 523596K->277840K(1864192K), 0.0639688 secs] [Times: user=0.38 sys=0.00, real=0.07 secs] 
4091.652: [GC (GCLocker Initiated GC) [PSYoungGen: 465440K->144768K(521728K)] 628562K->420479K(1920000K), 0.0544956 secs] [Times: user=0.33 sys=0.00, real=0.06 secs] 
4093.055: [GC (Allocation Failure) [PSYoungGen: 494976K->107552K(524288K)] 770689K->519177K(1922560K), 0.0643299 secs] [Times: user=0.38 sys=0.00, real=0.06 secs] 
4093.642: [GC (Allocation Failure) [PSYoungGen: 457760K->148096K(518144K)] 869385K->664254K(1916416K), 0.0530710 secs] [Times: user=0.31 sys=0.00, real=0.06 secs] 
4096.737: [GC (Allocation Failure) [PSYoungGen: 493696K->105792K(522240K)] 1009854K->761182K(1920512K), 0.1502812 secs] [Times: user=0.89 sys=0.00, real=0.15 secs] 
4097.536: [GC (Allocation Failure) [PSYoungGen: 451392K->146400K(517632K)] 1106782K->903663K(1915904K), 0.0523415 secs] [Times: user=0.31 sys=0.00, real=0.05 secs] 
4098.921: [GC (Allocation Failure) [PSYoungGen: 488928K->106496K(520704K)] 1246191K->1001251K(1918976K), 0.0660478 secs] [Times: user=0.39 sys=0.00, real=0.07 secs] 
4099.661: [GC (Allocation Failure) [PSYoungGen: 449024K->145856K(517120K)] 1343779K->1143370K(1915392K), 0.0523712 secs] [Times: user=0.31 sys=0.00, real=0.05 secs] 
4101.197: [GC (Allocation Failure) [PSYoungGen: 486336K->105568K(519680K)] 1483850K->1240306K(1917952K), 0.0961635 secs] [Times: user=0.57 sys=0.01, real=0.09 secs] 
4101.823: [GC (Allocation Failure) [PSYoungGen: 446048K->144736K(517120K)] 1580786K->1380643K(1915392K), 0.0524605 secs] [Times: user=0.31 sys=0.00, real=0.06 secs] 
4101.875: [Full GC (Ergonomics) [PSYoungGen: 144736K->0K(517120K)] [ParOldGen: 1235907K->184499K(1398272K)] 1380643K->184499K(1915392K), [Metaspace: 60379K->60379K(1105920K)], 0.4382237 secs] [Times: user=2.04 sys=0.00, real=0.43 secs] 
4104.738: [GC (Allocation Failure) [PSYoungGen: 339456K->103296K(519168K)] 523955K->287795K(1917440K), 0.0950967 secs] [Times: user=0.56 sys=0.00, real=0.09 secs] 
4105.752: [GC (Allocation Failure) [PSYoungGen: 442752K->140640K(519168K)] 627251K->425900K(1917440K), 0.0511275 secs] [Times: user=0.30 sys=0.01, real=0.05 secs] 
4107.083: [GC (Allocation Failure) [PSYoungGen: 481120K->108288K(449024K)] 766380K->524980K(1847296K), 0.0639063 secs] [Times: user=0.38 sys=0.00, real=0.07 secs] 
4107.788: [GC (Allocation Failure) [PSYoungGen: 448768K->143488K(515584K)] 865460K->665513K(1913856K), 0.0527875 secs] [Times: user=0.31 sys=0.00, real=0.05 secs] 
4109.560: [GC (Allocation Failure) [PSYoungGen: 482432K->103616K(517632K)] 1004457K->760253K(1915904K), 0.1501210 secs] [Times: user=0.88 sys=0.00, real=0.15 secs] 
4111.056: [GC (Allocation Failure) [PSYoungGen: 442560K->139744K(520192K)] 1099197K->896914K(1918464K), 0.0515489 secs] [Times: user=0.30 sys=0.00, real=0.05 secs] 
4112.686: [GC (Allocation Failure) [PSYoungGen: 482784K->106336K(449536K)] 1239954K->993866K(1847808K), 0.0872143 secs] [Times: user=0.52 sys=0.00, real=0.08 secs] 
4113.566: [GC (Allocation Failure) [PSYoungGen: 449376K->144256K(518144K)] 1336906K->1134831K(1916416K), 0.0532715 secs] [Times: user=0.31 sys=0.00, real=0.05 secs] 
4114.861: [GC (Allocation Failure) [PSYoungGen: 486272K->105760K(520192K)] 1476847K->1231527K(1918464K), 0.0665428 secs] [Times: user=0.40 sys=0.00, real=0.07 secs] 
4116.001: [GC (Allocation Failure) [PSYoungGen: 447776K->141664K(520192K)] 1573543K->1370387K(1918464K), 0.0532347 secs] [Times: user=0.32 sys=0.00, real=0.05 secs] 
4117.723: [GC (Allocation Failure) [PSYoungGen: 485216K->107936K(451584K)] 1713939K->1469275K(1849856K), 0.1065766 secs] [Times: user=0.63 sys=0.00, real=0.11 secs] 
4117.830: [Full GC (Ergonomics) [PSYoungGen: 107936K->0K(451584K)] [ParOldGen: 1361339K->30444K(1398272K)] 1469275K->30444K(1849856K), [Metaspace: 60379K->60379K(1105920K)], 0.0617053 secs] [Times: user=0.22 sys=0.01, real=0.06 secs] 
4119.666: [GC (Allocation Failure) [PSYoungGen: 343552K->148288K(515072K)] 373996K->178732K(1913344K), 0.0285464 secs] [Times: user=0.17 sys=0.00, real=0.02 secs] 
4120.990: [GC (Allocation Failure) [PSYoungGen: 487744K->109376K(519168K)] 518188K->270488K(1917440K), 0.0642421 secs] [Times: user=0.38 sys=0.00, real=0.06 secs] 
4121.671: [GC (GCLocker Initiated GC) [PSYoungGen: 448832K->140032K(518656K)] 609944K->408777K(1916928K), 0.0525445 secs] [Times: user=0.31 sys=0.01, real=0.05 secs] 
4123.043: [GC (GCLocker Initiated GC) [PSYoungGen: 482048K->106720K(519680K)] 750795K->506643K(1917952K), 0.0703745 secs] [Times: user=0.42 sys=0.00, real=0.07 secs] 
4124.188: [GC (Allocation Failure) [PSYoungGen: 448736K->139648K(519680K)] 848662K->643867K(1917952K), 0.0522794 secs] [Times: user=0.31 sys=0.00, real=0.05 secs] 
4125.728: [GC (Allocation Failure) [PSYoungGen: 483712K->110208K(520192K)] 987931K->744091K(1918464K), 0.0986079 secs] [Times: user=0.59 sys=0.00, real=0.10 secs] 
4127.683: [GC (Allocation Failure) [PSYoungGen: 454272K->140096K(520192K)] 1088155K->881576K(1918464K), 0.0552469 secs] [Times: user=0.27 sys=0.00, real=0.06 secs] 
4129.070: [GC (Allocation Failure) [PSYoungGen: 486208K->113504K(521216K)] 1227688K->985132K(1919488K), 0.0742243 secs] [Times: user=0.43 sys=0.01, real=0.07 secs] 
4130.047: [GC (Allocation Failure) [PSYoungGen: 459616K->138816K(521216K)] 1331244K->1121992K(1919488K), 0.0542230 secs] [Times: user=0.31 sys=0.01, real=0.05 secs] 
4131.502: [GC (Allocation Failure) [PSYoungGen: 488000K->114112K(521728K)] 1471176K->1226433K(1920000K), 0.0691615 secs] [Times: user=0.41 sys=0.00, real=0.07 secs] 
4132.457: [GC (Allocation Failure) [PSYoungGen: 463296K->145344K(521216K)] 1575617K->1368893K(1919488K), 0.0559003 secs] [Times: user=0.33 sys=0.00, real=0.05 secs] 
4134.386: [GC (Allocation Failure) [PSYoungGen: 496576K->108864K(524288K)] 1720125K->1468185K(1922560K), 0.1463914 secs] [Times: user=0.86 sys=0.00, real=0.14 secs] 
4134.533: [Full GC (Ergonomics) [PSYoungGen: 108864K->0K(524288K)] [ParOldGen: 1359321K->33423K(1398272K)] 1468185K->33423K(1922560K), [Metaspace: 60382K->60382K(1105920K)], 0.0907091 secs] [Times: user=0.34 sys=0.00, real=0.09 secs] 
4135.891: [GC (Allocation Failure) [PSYoungGen: 351232K->145472K(521216K)] 384655K->178895K(1919488K), 0.0290446 secs] [Times: user=0.17 sys=0.00, real=0.03 secs] 
4137.268: [GC (Allocation Failure) [PSYoungGen: 495168K->112512K(524288K)] 528591K->282483K(1922560K), 0.0681691 secs] [Times: user=0.40 sys=0.00, real=0.07 secs] 
4137.973: [GC (Allocation Failure) [PSYoungGen: 462208K->145792K(520704K)] 632179K->425144K(1918976K), 0.0530500 secs] [Times: user=0.31 sys=0.00, real=0.06 secs] 
4139.560: [GC (Allocation Failure) [PSYoungGen: 494464K->109216K(523776K)] 773816K->525252K(1922048K), 0.0843640 secs] [Times: user=0.49 sys=0.01, real=0.08 secs] 
4140.206: [GC (GCLocker Initiated GC) [PSYoungGen: 457888K->147808K(518144K)] 873925K->668934K(1916416K), 0.0536884 secs] [Times: user=0.32 sys=0.01, real=0.05 secs] 
4142.564: [GC (GCLocker Initiated GC) [PSYoungGen: 492384K->105664K(521728K)] 1013545K->765373K(1920000K), 0.1220165 secs] [Times: user=0.72 sys=0.00, real=0.13 secs] 
4143.395: [GC (Allocation Failure) [PSYoungGen: 450240K->146912K(517120K)] 1109952K->908313K(1915392K), 0.0521330 secs] [Times: user=0.30 sys=0.00, real=0.05 secs] 
4144.759: [GC (Allocation Failure) [PSYoungGen: 488416K->104064K(520192K)] 1249817K->1003793K(1918464K), 0.0662787 secs] [Times: user=0.39 sys=0.00, real=0.07 secs] 
4145.456: [GC (Allocation Failure) [PSYoungGen: 445568K->145920K(516096K)] 1345297K->1146266K(1914368K), 0.0519264 secs] [Times: user=0.31 sys=0.01, real=0.05 secs] 
4147.919: [GC (Allocation Failure) [PSYoungGen: 484352K->103584K(518656K)] 1484698K->1241130K(1916928K), 0.1489589 secs] [Times: user=0.89 sys=0.00, real=0.15 secs] 
4148.777: [GC (Allocation Failure) [PSYoungGen: 442016K->144672K(516096K)] 1579562K->1382163K(1914368K), 0.0524035 secs] [Times: user=0.31 sys=0.00, real=0.05 secs] 
4148.829: [Full GC (Ergonomics) [PSYoungGen: 144672K->0K(516096K)] [ParOldGen: 1237491K->185175K(1398272K)] 1382163K->185175K(1914368K), [Metaspace: 60389K->60389K(1105920K)], 0.4283584 secs] [Times: user=1.97 sys=0.00, real=0.43 secs] 
4150.842: [GC (Allocation Failure) [PSYoungGen: 337408K->104992K(518144K)] 522583K->290167K(1916416K), 0.0335740 secs] [Times: user=0.20 sys=0.00, real=0.04 secs] 
4151.576: [GC (Allocation Failure) [PSYoungGen: 442400K->141760K(517632K)] 627575K->427560K(1915904K), 0.0507555 secs] [Times: user=0.30 sys=0.00, real=0.05 secs] 
4152.849: [GC (GCLocker Initiated GC) [PSYoungGen: 480192K->106496K(445440K)] 765992K->525032K(1843712K), 0.0628279 secs] [Times: user=0.36 sys=0.00, real=0.06 secs] 
4153.422: [GC (Allocation Failure) [PSYoungGen: 444928K->142848K(516096K)] 863467K->664808K(1914368K), 0.0520400 secs] [Times: user=0.31 sys=0.00, real=0.05 secs] 
4155.062: [GC (Allocation Failure) [PSYoungGen: 480768K->105280K(517632K)] 1002728K->760884K(1915904K), 0.0707291 secs] [Times: user=0.42 sys=0.00, real=0.07 secs] 
4156.262: [GC (Allocation Failure) [PSYoungGen: 443200K->141856K(517120K)] 1098804K->898829K(1915392K), 0.0524060 secs] [Times: user=0.31 sys=0.00, real=0.05 secs] 
4158.274: [GC (Allocation Failure) [PSYoungGen: 481312K->105184K(518656K)] 1238285K->995077K(1916928K), 0.1685366 secs] [Times: user=0.97 sys=0.01, real=0.17 secs] 
4159.360: [GC (Allocation Failure) [PSYoungGen: 444640K->140992K(518144K)] 1334533K->1132688K(1916416K), 0.0517956 secs] [Times: user=0.31 sys=0.01, real=0.05 secs] 
4160.670: [GC (Allocation Failure) [PSYoungGen: 481984K->110912K(519168K)] 1473680K->1234104K(1917440K), 0.0646668 secs] [Times: user=0.39 sys=0.00, real=0.07 secs] 
4161.308: [GC (GCLocker Initiated GC) [PSYoungGen: 451904K->139680K(518656K)] 1575096K->1371265K(1916928K), 0.0544175 secs] [Times: user=0.32 sys=0.00, real=0.05 secs] 
4161.363: [Full GC (Ergonomics) [PSYoungGen: 139680K->0K(518656K)] [ParOldGen: 1231585K->170036K(1398272K)] 1371265K->170036K(1916928K), [Metaspace: 60405K->60405K(1105920K)], 0.3887770 secs] [Times: user=1.78 sys=0.01, real=0.39 secs] 
4163.032: [GC (Allocation Failure) [PSYoungGen: 343040K->108160K(519168K)] 513078K->278198K(1917440K), 0.0462398 secs] [Times: user=0.27 sys=0.00, real=0.05 secs] 
4164.395: [GC (Allocation Failure) [PSYoungGen: 451200K->140896K(519680K)] 621238K->416007K(1917952K), 0.0537221 secs] [Times: user=0.32 sys=0.00, real=0.05 secs] 
4166.391: [GC (Allocation Failure) [PSYoungGen: 486496K->112864K(521216K)] 761607K->518931K(1919488K), 0.1101277 secs] [Times: user=0.65 sys=0.00, real=0.11 secs] 
4167.698: [GC (Allocation Failure) [PSYoungGen: 458464K->139616K(520704K)] 864531K->656032K(1918976K), 0.0539985 secs] [Times: user=0.32 sys=0.00, real=0.05 secs] 
4169.059: [GC (GCLocker Initiated GC) [PSYoungGen: 487776K->112736K(521728K)] 1004193K->759273K(1920000K), 0.0656078 secs] [Times: user=0.39 sys=0.00, real=0.06 secs] 
4169.780: [GC (Allocation Failure) [PSYoungGen: 460896K->153120K(515584K)] 1107436K->909625K(1913856K), 0.0554962 secs] [Times: user=0.32 sys=0.00, real=0.06 secs] 
4171.598: [GC (Allocation Failure) [PSYoungGen: 497696K->108160K(521728K)] 1254201K->1000289K(1920000K), 0.0916591 secs] [Times: user=0.54 sys=0.01, real=0.09 secs] 
4172.679: [GC (Allocation Failure) [PSYoungGen: 452736K->143744K(519680K)] 1344865K->1141224K(1917952K), 0.0534465 secs] [Times: user=0.31 sys=0.00, real=0.05 secs] 
4174.913: [GC (Allocation Failure) [PSYoungGen: 488320K->106784K(521728K)] 1485800K->1239053K(1920000K), 0.0731874 secs] [Times: user=0.43 sys=0.00, real=0.08 secs] 
4175.850: [GC (Allocation Failure) [PSYoungGen: 451360K->144544K(519168K)] 1583629K->1380993K(1917440K), 0.0536608 secs] [Times: user=0.32 sys=0.00, real=0.05 secs] 
4175.903: [Full GC (Ergonomics) [PSYoungGen: 144544K->0K(519168K)] [ParOldGen: 1236449K->178211K(1398272K)] 1380993K->178211K(1917440K), [Metaspace: 60405K->60405K(1105920K)], 0.4292506 secs] [Times: user=1.99 sys=0.00, real=0.43 secs] 
4177.904: [GC (Allocation Failure) [PSYoungGen: 343552K->105440K(521216K)] 521763K->283652K(1919488K), 0.0553695 secs] [Times: user=0.33 sys=0.00, real=0.06 secs] 
4178.565: [GC (Allocation Failure) [PSYoungGen: 448992K->143712K(519168K)] 627204K->424308K(1917440K), 0.0524919 secs] [Times: user=0.31 sys=0.00, real=0.05 secs] 
4181.285: [GC (GCLocker Initiated GC) [PSYoungGen: 486240K->107776K(450560K)] 766837K->522805K(1848832K), 0.1462881 secs] [Times: user=0.87 sys=0.01, real=0.14 secs] 
4182.669: [GC (Allocation Failure) [PSYoungGen: 450304K->150816K(513536K)] 865404K->670376K(1911808K), 0.0527480 secs] [Times: user=0.31 sys=0.00, real=0.05 secs] 
4184.009: [GC (Allocation Failure) [PSYoungGen: 488224K->104704K(518144K)] 1007784K->757896K(1916416K), 0.0637015 secs] [Times: user=0.38 sys=0.00, real=0.06 secs] 
4184.896: [GC (Allocation Failure) [PSYoungGen: 442112K->141472K(517632K)] 1095304K->896417K(1915904K), 0.0518038 secs] [Times: user=0.31 sys=0.00, real=0.05 secs] 
4186.611: [GC (GCLocker Initiated GC) [PSYoungGen: 479904K->105792K(444416K)] 1234851K->993731K(1842688K), 0.0864218 secs] [Times: user=0.51 sys=0.00, real=0.09 secs] 
4187.848: [GC (Allocation Failure) [PSYoungGen: 444224K->149344K(512512K)] 1332201K->1139806K(1910784K), 0.0531298 secs] [Times: user=0.31 sys=0.00, real=0.05 secs] 
4189.344: [GC (Allocation Failure) [PSYoungGen: 483680K->107136K(516608K)] 1474142K->1229374K(1914880K), 0.0757157 secs] [Times: user=0.45 sys=0.01, real=0.08 secs] 
4191.078: [GC (Allocation Failure) [PSYoungGen: 441472K->133568K(509440K)] 1563710K->1360782K(1907712K), 0.0525106 secs] [Times: user=0.30 sys=0.00, real=0.05 secs] 
4192.427: [GC (GCLocker Initiated GC) [PSYoungGen: 469952K->111200K(514048K)] 1697169K->1462401K(1912320K), 0.0640716 secs] [Times: user=0.38 sys=0.00, real=0.06 secs] 
4192.491: [Full GC (Ergonomics) [PSYoungGen: 111200K->0K(514048K)] [ParOldGen: 1351201K->23300K(1398272K)] 1462401K->23300K(1912320K), [Metaspace: 60407K->60407K(1105920K)], 0.0379139 secs] [Times: user=0.11 sys=0.00, real=0.04 secs] 
4193.237: [GC (Allocation Failure) [PSYoungGen: 336384K->137440K(518144K)] 359755K->160811K(1916416K), 0.0277367 secs] [Times: user=0.16 sys=0.00, real=0.02 secs] 
4194.603: [GC (GCLocker Initiated GC) [PSYoungGen: 483552K->111168K(520704K)] 506924K->262380K(1918976K), 0.0642952 secs] [Times: user=0.38 sys=0.00, real=0.07 secs] 
4195.541: [GC (Allocation Failure) [PSYoungGen: 457280K->149760K(517120K)] 608531K->410344K(1915392K), 0.0536550 secs] [Times: user=0.31 sys=0.01, real=0.05 secs] 
4196.966: [GC (Allocation Failure) [PSYoungGen: 494336K->109120K(521728K)] 754920K->501848K(1920000K), 0.0800642 secs] [Times: user=0.47 sys=0.00, real=0.08 secs] 
4198.538: [GC (Allocation Failure) [PSYoungGen: 453696K->149984K(515584K)] 846424K->650075K(1913856K), 0.0533844 secs] [Times: user=0.31 sys=0.00, real=0.05 secs] 
4199.870: [GC (Allocation Failure) [PSYoungGen: 490464K->108192K(519680K)] 990555K->741063K(1917952K), 0.0644853 secs] [Times: user=0.38 sys=0.00, real=0.07 secs] 
4200.531: [GC (Allocation Failure) [PSYoungGen: 448672K->138176K(517120K)] 1081543K->878043K(1915392K), 0.0531228 secs] [Times: user=0.32 sys=0.00, real=0.05 secs] 
4202.054: [GC (GCLocker Initiated GC) [PSYoungGen: 480192K->109280K(519168K)] 1220059K->978427K(1917440K), 0.0909389 secs] [Times: user=0.54 sys=0.00, real=0.10 secs] 
4203.235: [GC (Allocation Failure) [PSYoungGen: 451296K->139424K(521728K)] 1320446K->1115907K(1920000K), 0.0534263 secs] [Times: user=0.31 sys=0.00, real=0.05 secs] 
4204.891: [GC (Allocation Failure) [PSYoungGen: 486048K->111392K(521728K)] 1462531K->1217647K(1920000K), 0.1152726 secs] [Times: user=0.69 sys=0.00, real=0.12 secs] 
4206.703: [GC (Allocation Failure) [PSYoungGen: 458016K->138080K(521728K)] 1564271K->1353564K(1920000K), 0.0538536 secs] [Times: user=0.32 sys=0.00, real=0.06 secs] 
4208.042: [GC (Allocation Failure) [PSYoungGen: 486752K->114432K(521728K)] 1702236K->1458844K(1920000K), 0.0704812 secs] [Times: user=0.41 sys=0.01, real=0.07 secs] 
4208.113: [Full GC (Ergonomics) [PSYoungGen: 114432K->0K(521728K)] [ParOldGen: 1344412K->25157K(1398272K)] 1458844K->25157K(1920000K), [Metaspace: 60409K->60409K(1105920K)], 0.0445358 secs] [Times: user=0.13 sys=0.00, real=0.05 secs] 
4208.891: [GC (Allocation Failure) [PSYoungGen: 348672K->149984K(518656K)] 373829K->175141K(1916928K), 0.0283722 secs] [Times: user=0.17 sys=0.00, real=0.03 secs] 
4210.313: [GC (Allocation Failure) [PSYoungGen: 498144K->113440K(523264K)] 523301K->270525K(1921536K), 0.0847149 secs] [Times: user=0.50 sys=0.00, real=0.09 secs] 
4211.578: [GC (Allocation Failure) [PSYoungGen: 461600K->142464K(523776K)] 618685K->410218K(1922048K), 0.0540691 secs] [Times: user=0.32 sys=0.00, real=0.05 secs] 
4213.742: [GC (Allocation Failure) [PSYoungGen: 493184K->112288K(463360K)] 760938K->512650K(1861632K), 0.1556092 secs] [Times: user=0.93 sys=0.00, real=0.16 secs] 
4214.901: [GC (Allocation Failure) [PSYoungGen: 462981K->144064K(521728K)] 863343K->653899K(1920000K), 0.0541526 secs] [Times: user=0.32 sys=0.01, real=0.06 secs] 
4216.252: [GC (Allocation Failure) [PSYoungGen: 493760K->114016K(523776K)] 1003595K->758883K(1922048K), 0.0688275 secs] [Times: user=0.41 sys=0.01, real=0.07 secs] 
4217.204: [GC (Allocation Failure) [PSYoungGen: 463712K->144096K(522752K)] 1108579K->899871K(1921024K), 0.0545331 secs] [Times: user=0.32 sys=0.00, real=0.06 secs] 
4219.187: [GC (Allocation Failure) [PSYoungGen: 494816K->108896K(524800K)] 1250591K->999156K(1923072K), 0.1777927 secs] [Times: user=1.05 sys=0.01, real=0.17 secs] 
4220.123: [GC (Allocation Failure) [PSYoungGen: 459616K->147360K(519168K)] 1349876K->1142592K(1917440K), 0.0534482 secs] [Times: user=0.31 sys=0.00, real=0.06 secs] 
4221.689: [GC (Allocation Failure) [PSYoungGen: 493984K->110464K(522752K)] 1489216K->1243788K(1921024K), 0.0741235 secs] [Times: user=0.44 sys=0.00, real=0.07 secs] 
4222.232: [GC (Allocation Failure) [PSYoungGen: 457088K->147968K(518656K)] 1590412K->1388177K(1916928K), 0.0545389 secs] [Times: user=0.32 sys=0.00, real=0.06 secs] 
4222.287: [Full GC (Ergonomics) [PSYoungGen: 147968K->0K(518656K)] [ParOldGen: 1240209K->192071K(1398272K)] 1388177K->192071K(1916928K), [Metaspace: 60409K->60409K(1105920K)], 0.4471948 secs] [Times: user=2.07 sys=0.00, real=0.44 secs] 
4224.084: [GC (Allocation Failure) [PSYoungGen: 344576K->104896K(521728K)] 536647K->296967K(1920000K), 0.0321782 secs] [Times: user=0.19 sys=0.00, real=0.04 secs] 
4224.609: [GC (Allocation Failure) [PSYoungGen: 449472K->156192K(509952K)] 641543K->448971K(1908224K), 0.0513939 secs] [Times: user=0.30 sys=0.00, real=0.05 secs] 
4227.096: [GC (Allocation Failure) [PSYoungGen: 489504K->98560K(516096K)] 782283K->530727K(1914368K), 0.1589501 secs] [Times: user=0.94 sys=0.01, real=0.16 secs] 
4227.756: [GC (Allocation Failure) [PSYoungGen: 431872K->141440K(516096K)] 864039K->668576K(1914368K), 0.0494983 secs] [Times: user=0.29 sys=0.00, real=0.05 secs] 
4229.271: [GC (Allocation Failure) [PSYoungGen: 474752K->104064K(437760K)] 1001888K->763776K(1836032K), 0.1118610 secs] [Times: user=0.67 sys=0.00, real=0.11 secs] 
4230.310: [GC (Allocation Failure) [PSYoungGen: 437376K->139712K(515072K)] 1097088K->901306K(1913344K), 0.0524446 secs] [Times: user=0.31 sys=0.01, real=0.05 secs] 
4231.686: [GC (Allocation Failure) [PSYoungGen: 473536K->103712K(514560K)] 1235130K->996570K(1912832K), 0.0650919 secs] [Times: user=0.39 sys=0.00, real=0.06 secs] 
4232.362: [GC (GCLocker Initiated GC) [PSYoungGen: 437536K->136416K(516608K)] 1330395K->1130039K(1914880K), 0.0522097 secs] [Times: user=0.30 sys=0.01, real=0.05 secs] 
4233.812: [GC (Allocation Failure) [PSYoungGen: 474848K->105472K(516608K)] 1468474K->1226150K(1914880K), 0.0792826 secs] [Times: user=0.47 sys=0.00, real=0.08 secs] 
4235.216: [GC (Allocation Failure) [PSYoungGen: 443904K->139552K(518656K)] 1564582K->1363490K(1916928K), 0.0538854 secs] [Times: user=0.32 sys=0.00, real=0.05 secs] 
4236.714: [GC (Allocation Failure) [PSYoungGen: 481568K->109888K(519168K)] 1705506K->1463862K(1917440K), 0.0949284 secs] [Times: user=0.57 sys=0.00, real=0.10 secs] 
4236.809: [Full GC (Ergonomics) [PSYoungGen: 109888K->0K(519168K)] [ParOldGen: 1353974K->24962K(1398272K)] 1463862K->24962K(1917440K), [Metaspace: 60409K->60409K(1105920K)], 0.0516543 secs] [Times: user=0.15 sys=0.00, real=0.05 secs] 
4237.784: [GC (Allocation Failure) [PSYoungGen: 342016K->149952K(515072K)] 366978K->174914K(1913344K), 0.0286459 secs] [Times: user=0.17 sys=0.00, real=0.03 secs] 
4239.126: [GC (Allocation Failure) [PSYoungGen: 490432K->105728K(519680K)] 515394K->263370K(1917952K), 0.0651394 secs] [Times: user=0.38 sys=0.00, real=0.06 secs] 
4239.938: [GC (Allocation Failure) [PSYoungGen: 446208K->140096K(519168K)] 603850K->402151K(1917440K), 0.0521341 secs] [Times: user=0.30 sys=0.00, real=0.05 secs] 
4241.255: [GC (Allocation Failure) [PSYoungGen: 482112K->111136K(453632K)] 744167K->504223K(1851904K), 0.0645075 secs] [Times: user=0.38 sys=0.00, real=0.07 secs] 
4242.522: [GC (Allocation Failure) [PSYoungGen: 453152K->138816K(519168K)] 846239K->640971K(1917440K), 0.0534049 secs] [Times: user=0.31 sys=0.00, real=0.06 secs] 
4244.277: [GC (Allocation Failure) [PSYoungGen: 482368K->111264K(519168K)] 984523K->742619K(1917440K), 0.1487037 secs] [Times: user=0.89 sys=0.01, real=0.15 secs] 
4245.443: [GC (Allocation Failure) [PSYoungGen: 454816K->138272K(520192K)] 1086171K->878616K(1918464K), 0.0538057 secs] [Times: user=0.31 sys=0.00, real=0.06 secs] 
4246.772: [GC (Allocation Failure) [PSYoungGen: 485408K->114912K(520704K)] 1225752K->983528K(1918976K), 0.0646835 secs] [Times: user=0.38 sys=0.00, real=0.07 secs] 
4247.333: [GC (Allocation Failure) [PSYoungGen: 462048K->144576K(519680K)] 1330664K->1125885K(1917952K), 0.0553100 secs] [Times: user=0.32 sys=0.00, real=0.06 secs] 
4249.048: [GC (Allocation Failure) [PSYoungGen: 493760K->108800K(522752K)] 1475069K->1225521K(1921024K), 0.1107330 secs] [Times: user=0.66 sys=0.01, real=0.11 secs] 
4250.046: [GC (Allocation Failure) [PSYoungGen: 457984K->153920K(515072K)] 1574705K->1376606K(1913344K), 0.0538012 secs] [Times: user=0.32 sys=0.00, real=0.05 secs] 
4251.683: [GC (GCLocker Initiated GC) [PSYoungGen: 497472K->107168K(521216K)] 1720161K->1466153K(1919488K), 0.0998010 secs] [Times: user=0.59 sys=0.01, real=0.10 secs] 
4251.782: [Full GC (Ergonomics) [PSYoungGen: 107168K->0K(521216K)] [ParOldGen: 1358985K->32275K(1398272K)] 1466153K->32275K(1919488K), [Metaspace: 60409K->60409K(1105920K)], 0.0608041 secs] [Times: user=0.22 sys=0.00, real=0.06 secs] 
4252.885: [GC (Allocation Failure) [PSYoungGen: 343552K->142464K(519680K)] 375897K->174809K(1917952K), 0.0285219 secs] [Times: user=0.16 sys=0.00, real=0.02 secs] 
4254.232: [GC (Allocation Failure) [PSYoungGen: 486016K->110848K(454656K)] 518361K->276366K(1852928K), 0.0835576 secs] [Times: user=0.50 sys=0.00, real=0.09 secs] 
4254.972: [GC (Allocation Failure) [PSYoungGen: 454400K->142944K(518656K)] 619918K->416466K(1916928K), 0.0535628 secs] [Times: user=0.31 sys=0.00, real=0.06 secs] 
4256.803: [GC (Allocation Failure) [PSYoungGen: 486496K->108512K(520192K)] 760018K->515610K(1918464K), 0.0823390 secs] [Times: user=0.49 sys=0.00, real=0.09 secs] 
4257.854: [GC (Allocation Failure) [PSYoungGen: 452064K->141888K(521216K)] 859162K->654675K(1919488K), 0.0532146 secs] [Times: user=0.31 sys=0.00, real=0.06 secs] 
4259.704: [GC (Allocation Failure) [PSYoungGen: 488000K->111680K(458240K)] 1000787K->756615K(1856512K), 0.1248047 secs] [Times: user=0.75 sys=0.00, real=0.13 secs] 
4260.801: [GC (Allocation Failure) [PSYoungGen: 457792K->145088K(519680K)] 1102727K->899192K(1917952K), 0.0538703 secs] [Times: user=0.32 sys=0.00, real=0.06 secs] 
4262.326: [GC (Allocation Failure) [PSYoungGen: 490688K->108704K(521728K)] 1244792K->999124K(1920000K), 0.0752829 secs] [Times: user=0.44 sys=0.00, real=0.07 secs] 
4263.007: [GC (Allocation Failure) [PSYoungGen: 454304K->144160K(520192K)] 1344724K->1140137K(1918464K), 0.0531452 secs] [Times: user=0.31 sys=0.00, real=0.05 secs] 
4264.693: [GC (GCLocker Initiated GC) [PSYoungGen: 489760K->106784K(522240K)] 1485737K->1237625K(1920512K), 0.1013728 secs] [Times: user=0.60 sys=0.01, real=0.10 secs] 
4265.457: [GC (Allocation Failure) [PSYoungGen: 452384K->151840K(513536K)] 1583264K->1386397K(1911808K), 0.0533566 secs] [Times: user=0.31 sys=0.00, real=0.05 secs] 
4265.510: [Full GC (Ergonomics) [PSYoungGen: 151840K->0K(513536K)] [ParOldGen: 1234557K->180258K(1398272K)] 1386397K->180258K(1911808K), [Metaspace: 60409K->60409K(1105920K)], 0.4239851 secs] [Times: user=1.96 sys=0.00, real=0.42 secs] 
4267.847: [GC (GCLocker Initiated GC) [PSYoungGen: 338432K->106336K(518656K)] 518691K->286595K(1916928K), 0.0730817 secs] [Times: user=0.43 sys=0.00, real=0.07 secs] 
4268.784: [GC (Allocation Failure) [PSYoungGen: 444768K->140800K(517120K)] 625065K->424590K(1915392K), 0.0524996 secs] [Times: user=0.31 sys=0.00, real=0.06 secs] 
4270.230: [GC (GCLocker Initiated GC) [PSYoungGen: 480768K->104512K(518656K)] 764558K->520386K(1916928K), 0.0661601 secs] [Times: user=0.39 sys=0.01, real=0.07 secs] 
4271.390: [GC (Allocation Failure) [PSYoungGen: 444480K->143232K(518144K)] 860357K->659990K(1916416K), 0.0514824 secs] [Times: user=0.30 sys=0.00, real=0.05 secs] 
4273.347: [GC (Allocation Failure) [PSYoungGen: 483712K->104704K(519680K)] 1000470K->755698K(1917952K), 0.1034731 secs] [Times: user=0.61 sys=0.00, real=0.10 secs] 
4274.809: [GC (Allocation Failure) [PSYoungGen: 445184K->141440K(518656K)] 1096178K->894357K(1916928K), 0.0517624 secs] [Times: user=0.31 sys=0.00, real=0.05 secs] 
4276.205: [GC (Allocation Failure) [PSYoungGen: 482432K->107616K(449024K)] 1235349K->992585K(1847296K), 0.0661749 secs] [Times: user=0.39 sys=0.00, real=0.06 secs] 
4276.813: [GC (Allocation Failure) [PSYoungGen: 448608K->142816K(517632K)] 1333577K->1133146K(1915904K), 0.0527475 secs] [Times: user=0.31 sys=0.00, real=0.06 secs] 
4278.261: [GC (GCLocker Initiated GC) [PSYoungGen: 483808K->108064K(519168K)] 1474139K->1232555K(1917440K), 0.0667233 secs] [Times: user=0.39 sys=0.00, real=0.07 secs] 
4279.269: [GC (Allocation Failure) [PSYoungGen: 449056K->140672K(519168K)] 1573582K->1370379K(1917440K), 0.0529294 secs] [Times: user=0.31 sys=0.00, real=0.05 secs] 
4282.073: [GC (Allocation Failure) [PSYoungGen: 483712K->106080K(520192K)] 1713419K->1467515K(1918464K), 0.1405379 secs] [Times: user=0.84 sys=0.01, real=0.14 secs] 
4282.213: [Full GC (Ergonomics) [PSYoungGen: 106080K->0K(520192K)] [ParOldGen: 1361435K->26895K(1398272K)] 1467515K->26895K(1918464K), [Metaspace: 60413K->60413K(1105920K)], 0.0664059 secs] [Times: user=0.21 sys=0.00, real=0.07 secs] 
4284.031: [GC (Allocation Failure) [PSYoungGen: 343040K->140672K(519680K)] 369935K->167567K(1917952K), 0.0281974 secs] [Times: user=0.16 sys=0.00, real=0.03 secs] 
4285.363: [GC (Allocation Failure) [PSYoungGen: 485248K->109696K(520704K)] 512143K->267891K(1918976K), 0.0646274 secs] [Times: user=0.38 sys=0.00, real=0.07 secs] 
4286.147: [GC (Allocation Failure) [PSYoungGen: 454272K->149632K(515584K)] 612467K->415608K(1913856K), 0.0527584 secs] [Times: user=0.31 sys=0.00, real=0.05 secs] 
4287.602: [GC (Allocation Failure) [PSYoungGen: 491136K->110336K(520192K)] 757112K->508424K(1918464K), 0.0655131 secs] [Times: user=0.39 sys=0.00, real=0.07 secs] 
4288.446: [GC (Allocation Failure) [PSYoungGen: 451840K->141312K(520192K)] 849928K->647573K(1918464K), 0.0543660 secs] [Times: user=0.33 sys=0.00, real=0.05 secs] 
4290.223: [GC (Allocation Failure) [PSYoungGen: 485376K->109888K(454144K)] 991637K->748017K(1852416K), 0.1559973 secs] [Times: user=0.93 sys=0.00, real=0.16 secs] 
4291.673: [GC (Allocation Failure) [PSYoungGen: 453952K->139584K(520704K)] 1092081K->884742K(1918976K), 0.0569111 secs] [Times: user=0.27 sys=0.01, real=0.06 secs] 
4293.049: [GC (Allocation Failure) [PSYoungGen: 485184K->113440K(520704K)] 1230342K->988766K(1918976K), 0.0654747 secs] [Times: user=0.39 sys=0.01, real=0.07 secs] 
4293.956: [GC (Allocation Failure) [PSYoungGen: 459040K->141504K(519680K)] 1334366K->1127234K(1917952K), 0.0551651 secs] [Times: user=0.31 sys=0.01, real=0.05 secs] 
4295.510: [GC (Allocation Failure) [PSYoungGen: 488640K->111872K(521216K)] 1474370K->1229918K(1919488K), 0.1095806 secs] [Times: user=0.65 sys=0.00, real=0.11 secs] 
4296.925: [GC (Allocation Failure) [PSYoungGen: 459008K->142112K(522752K)] 1577054K->1369055K(1921024K), 0.0548424 secs] [Times: user=0.32 sys=0.00, real=0.06 secs] 
4299.104: [GC (Allocation Failure) [PSYoungGen: 492832K->112960K(524288K)] 1719775K->1472031K(1922560K), 0.1457501 secs] [Times: user=0.87 sys=0.00, real=0.15 secs] 
4299.250: [Full GC (Ergonomics) [PSYoungGen: 112960K->0K(524288K)] [ParOldGen: 1359071K->38530K(1398272K)] 1472031K->38530K(1922560K), [Metaspace: 60413K->60413K(1105920K)], 0.1088281 secs] [Times: user=0.42 sys=0.00, real=0.11 secs] 
4300.406: [GC (Allocation Failure) [PSYoungGen: 350720K->144064K(521728K)] 389250K->182594K(1920000K), 0.0288122 secs] [Times: user=0.17 sys=0.00, real=0.02 secs] 
4301.689: [GC (GCLocker Initiated GC) [PSYoungGen: 494784K->113664K(524288K)] 533314K->287258K(1922560K), 0.0647851 secs] [Times: user=0.38 sys=0.00, real=0.06 secs] 
4302.551: [GC (Allocation Failure) [PSYoungGen: 464384K->146272K(522240K)] 637981K->429234K(1920512K), 0.0535741 secs] [Times: user=0.32 sys=0.00, real=0.06 secs] 
4304.479: [GC (Allocation Failure) [PSYoungGen: 496992K->109920K(524800K)] 779954K->529730K(1923072K), 0.1140383 secs] [Times: user=0.68 sys=0.00, real=0.11 secs] 
4305.269: [GC (Allocation Failure) [PSYoungGen: 460640K->147360K(519168K)] 880450K->673143K(1917440K), 0.0524276 secs] [Times: user=0.31 sys=0.01, real=0.05 secs] 
4307.026: [GC (Allocation Failure) [PSYoungGen: 493984K->110368K(522752K)] 1019767K->775071K(1921024K), 0.0751055 secs] [Times: user=0.45 sys=0.00, real=0.07 secs] 
4307.717: [GC (Allocation Failure) [PSYoungGen: 456992K->145824K(519680K)] 1121695K->916979K(1917952K), 0.0525894 secs] [Times: user=0.31 sys=0.00, real=0.05 secs] 
4309.355: [GC (Allocation Failure) [PSYoungGen: 491424K->104608K(522240K)] 1262579K->1012875K(1920512K), 0.0787590 secs] [Times: user=0.47 sys=0.01, real=0.08 secs] 
4310.297: [GC (Allocation Failure) [PSYoungGen: 450208K->146816K(517632K)] 1358475K->1155172K(1915904K), 0.0507679 secs] [Times: user=0.30 sys=0.00, real=0.05 secs] 
4312.827: [GC (Allocation Failure) [PSYoungGen: 488320K->102912K(520192K)] 1496676K->1249340K(1918464K), 0.1282278 secs] [Times: user=0.75 sys=0.00, real=0.13 secs] 
4313.548: [GC (Allocation Failure) [PSYoungGen: 444416K->146336K(516096K)] 1590844K->1391769K(1914368K), 0.0499920 secs] [Times: user=0.29 sys=0.00, real=0.05 secs] 
4313.598: [Full GC (Ergonomics) [PSYoungGen: 146336K->0K(516096K)] [ParOldGen: 1245433K->195245K(1398272K)] 1391769K->195245K(1914368K), [Metaspace: 60413K->60413K(1105920K)], 0.4706981 secs] [Times: user=2.21 sys=0.00, real=0.47 secs] 
4315.669: [GC (Allocation Failure) [PSYoungGen: 338432K->104288K(518656K)] 533677K->299533K(1916928K), 0.0462389 secs] [Times: user=0.27 sys=0.01, real=0.05 secs] 
4316.327: [GC (Allocation Failure) [PSYoungGen: 442720K->141408K(518656K)] 637965K->436309K(1916928K), 0.0498565 secs] [Times: user=0.29 sys=0.00, real=0.05 secs] 
4317.610: [GC (GCLocker Initiated GC) [PSYoungGen: 480864K->107808K(447488K)] 775767K->535039K(1845760K), 0.0631647 secs] [Times: user=0.37 sys=0.00, real=0.06 secs] 
4318.181: [GC (GCLocker Initiated GC) [PSYoungGen: 447264K->145440K(515072K)] 874520K->676020K(1913344K), 0.0517683 secs] [Times: user=0.31 sys=0.00, real=0.05 secs] 
4320.545: [GC (Allocation Failure) [PSYoungGen: 482848K->101792K(517632K)] 1013499K->769011K(1915904K), 0.1347425 secs] [Times: user=0.80 sys=0.00, real=0.13 secs] 
4321.278: [GC (Allocation Failure) [PSYoungGen: 439200K->143168K(516608K)] 1106419K->908424K(1914880K), 0.0496460 secs] [Times: user=0.29 sys=0.00, real=0.05 secs] 
4322.878: [GC (Allocation Failure) [PSYoungGen: 480576K->106272K(443904K)] 1245832K->1005712K(1842176K), 0.0760914 secs] [Times: user=0.45 sys=0.00, real=0.07 secs] 
4323.850: [GC (Allocation Failure) [PSYoungGen: 443680K->142848K(516096K)] 1343120K->1144129K(1914368K), 0.0520011 secs] [Times: user=0.31 sys=0.00, real=0.05 secs] 
4325.127: [GC (Allocation Failure) [PSYoungGen: 480256K->107104K(517632K)] 1481537K->1242261K(1915904K), 0.0654807 secs] [Times: user=0.38 sys=0.00, real=0.06 secs] 
4325.908: [GC (Allocation Failure) [PSYoungGen: 444512K->140320K(516608K)] 1579669K->1378557K(1914880K), 0.0525807 secs] [Times: user=0.32 sys=0.00, real=0.05 secs] 
4325.961: [Full GC (Ergonomics) [PSYoungGen: 140320K->0K(516608K)] [ParOldGen: 1238237K->177816K(1398272K)] 1378557K->177816K(1914880K), [Metaspace: 60413K->60413K(1105920K)], 0.4175850 secs] [Times: user=1.93 sys=0.00, real=0.42 secs] 
4327.825: [GC (GCLocker Initiated GC) [PSYoungGen: 338944K->107744K(517632K)] 516760K->285560K(1915904K), 0.0682075 secs] [Times: user=0.40 sys=0.01, real=0.06 secs] 
4329.063: [GC (GCLocker Initiated GC) [PSYoungGen: 446688K->141248K(517120K)] 624509K->423866K(1915392K), 0.0529293 secs] [Times: user=0.30 sys=0.01, real=0.06 secs] 
4330.702: [GC (Allocation Failure) [PSYoungGen: 482240K->108320K(518656K)] 764927K->522959K(1916928K), 0.0878265 secs] [Times: user=0.52 sys=0.01, real=0.09 secs] 
4331.554: [GC (GCLocker Initiated GC) [PSYoungGen: 449312K->141600K(518656K)] 863951K->661276K(1916928K), 0.0530945 secs] [Times: user=0.31 sys=0.00, real=0.06 secs] 
4332.881: [GC (GCLocker Initiated GC) [PSYoungGen: 485152K->104992K(520192K)] 1004833K->757377K(1918464K), 0.0652318 secs] [Times: user=0.38 sys=0.00, real=0.07 secs] 
4333.494: [GC (GCLocker Initiated GC) [PSYoungGen: 448544K->143680K(518656K)] 1100932K->898801K(1916928K), 0.0528404 secs] [Times: user=0.31 sys=0.00, real=0.06 secs] 
4335.269: [GC (GCLocker Initiated GC) [PSYoungGen: 487232K->107264K(521216K)] 1242356K->997340K(1919488K), 0.1353317 secs] [Times: user=0.81 sys=0.00, real=0.13 secs] 
4337.057: [GC (Allocation Failure) [PSYoungGen: 450816K->143072K(520192K)] 1340963K->1137470K(1918464K), 0.0532020 secs] [Times: user=0.31 sys=0.00, real=0.05 secs] 
4338.743: [GC (GCLocker Initiated GC) [PSYoungGen: 487648K->109344K(454144K)] 1482047K->1237559K(1852416K), 0.0769582 secs] [Times: user=0.45 sys=0.00, real=0.08 secs] 
4339.842: [GC (Allocation Failure) [PSYoungGen: 453920K->150560K(514560K)] 1582138K->1385134K(1912832K), 0.0543854 secs] [Times: user=0.32 sys=0.00, real=0.06 secs] 
4339.897: [Full GC (Ergonomics) [PSYoungGen: 150560K->0K(514560K)] [ParOldGen: 1234574K->173999K(1398272K)] 1385134K->173999K(1912832K), [Metaspace: 60415K->60415K(1105920K)], 0.3995755 secs] [Times: user=1.84 sys=0.00, real=0.40 secs] 
4341.535: [GC (Allocation Failure) [PSYoungGen: 339456K->106016K(519168K)] 513455K->280015K(1917440K), 0.0351401 secs] [Times: user=0.21 sys=0.00, real=0.04 secs] 
4342.683: [GC (Allocation Failure) [PSYoungGen: 445472K->139776K(517632K)] 619471K->416811K(1915904K), 0.0528968 secs] [Times: user=0.31 sys=0.00, real=0.06 secs] 
4344.389: [GC (Allocation Failure) [PSYoungGen: 480768K->107840K(519168K)] 757803K->515104K(1917440K), 0.1059498 secs] [Times: user=0.63 sys=0.00, real=0.11 secs] 
4346.072: [GC (Allocation Failure) [PSYoungGen: 448832K->140512K(519168K)] 856096K->652916K(1917440K), 0.0531359 secs] [Times: user=0.32 sys=0.00, real=0.06 secs] 
4348.321: [GC (Allocation Failure) [PSYoungGen: 483552K->109472K(520192K)] 995956K->752964K(1918464K), 0.0701667 secs] [Times: user=0.41 sys=0.00, real=0.07 secs] 
4349.048: [GC (Allocation Failure) [PSYoungGen: 452512K->139584K(519168K)] 1096004K->889665K(1917440K), 0.0533259 secs] [Times: user=0.31 sys=0.01, real=0.05 secs] 
4350.437: [GC (GCLocker Initiated GC) [PSYoungGen: 484160K->109824K(520192K)] 1234243K->990139K(1918464K), 0.0732296 secs] [Times: user=0.43 sys=0.01, real=0.07 secs] 
4351.223: [GC (Allocation Failure) [PSYoungGen: 454400K->150592K(515584K)] 1334721K->1138486K(1913856K), 0.0546850 secs] [Times: user=0.32 sys=0.00, real=0.06 secs] 
4353.074: [GC (Allocation Failure) [PSYoungGen: 493120K->108960K(520704K)] 1481014K->1229798K(1918976K), 0.1626659 secs] [Times: user=0.93 sys=0.00, real=0.17 secs] 
4354.662: [GC (Allocation Failure) [PSYoungGen: 451488K->140992K(519680K)] 1572326K->1368050K(1917952K), 0.0538493 secs] [Times: user=0.31 sys=0.01, real=0.06 secs] 
4355.981: [GC (Allocation Failure) [PSYoungGen: 485568K->108736K(521216K)] 1712626K->1467846K(1919488K), 0.0816820 secs] [Times: user=0.48 sys=0.00, real=0.08 secs] 
4356.062: [Full GC (Ergonomics) [PSYoungGen: 108736K->0K(521216K)] [ParOldGen: 1359110K->29423K(1398272K)] 1467846K->29423K(1919488K), [Metaspace: 60415K->60415K(1105920K)], 0.0518463 secs] [Times: user=0.18 sys=0.00, real=0.05 secs] 
4356.724: [GC (Allocation Failure) [PSYoungGen: 344576K->144544K(519680K)] 373999K->173967K(1917952K), 0.0289949 secs] [Times: user=0.17 sys=0.00, real=0.03 secs] 
4358.413: [GC (Allocation Failure) [PSYoungGen: 489120K->107392K(521728K)] 518543K->272319K(1920000K), 0.1481228 secs] [Times: user=0.87 sys=0.00, real=0.15 secs] 
4359.769: [GC (Allocation Failure) [PSYoungGen: 451968K->143040K(520192K)] 616895K->412451K(1918464K), 0.0524463 secs] [Times: user=0.31 sys=0.00, real=0.05 secs] 
4361.811: [GC (GCLocker Initiated GC) [PSYoungGen: 487616K->108448K(453120K)] 757028K->511588K(1851392K), 0.1529639 secs] [Times: user=0.90 sys=0.01, real=0.15 secs] 
4362.788: [GC (Allocation Failure) [PSYoungGen: 453024K->142944K(519168K)] 856167K->651219K(1917440K), 0.0530421 secs] [Times: user=0.31 sys=0.00, real=0.05 secs] 
4364.120: [GC (Allocation Failure) [PSYoungGen: 487008K->107360K(521216K)] 995283K->749463K(1919488K), 0.0643889 secs] [Times: user=0.37 sys=0.00, real=0.06 secs] 
4365.011: [GC (Allocation Failure) [PSYoungGen: 451424K->143360K(519680K)] 1093527K->889336K(1917952K), 0.0522140 secs] [Times: user=0.31 sys=0.01, real=0.05 secs] 
4366.475: [GC (Allocation Failure) [PSYoungGen: 487936K->110304K(455168K)] 1233912K->989992K(1853440K), 0.0906947 secs] [Times: user=0.54 sys=0.00, real=0.09 secs] 
4367.752: [GC (GCLocker Initiated GC) [PSYoungGen: 454880K->143680K(519168K)] 1334569K->1130830K(1917440K), 0.0541390 secs] [Times: user=0.31 sys=0.00, real=0.06 secs] 
4369.510: [GC (GCLocker Initiated GC) [PSYoungGen: 488256K->108672K(521216K)] 1475410K->1229978K(1919488K), 0.0796422 secs] [Times: user=0.47 sys=0.00, real=0.08 secs] 
4370.528: [GC (Allocation Failure) [PSYoungGen: 453248K->151296K(514560K)] 1574593K->1378145K(1912832K), 0.0535566 secs] [Times: user=0.31 sys=0.00, real=0.05 secs] 
4371.862: [GC (GCLocker Initiated GC) [PSYoungGen: 490752K->108480K(519168K)] 1717603K->1469219K(1917440K), 0.0916520 secs] [Times: user=0.55 sys=0.00, real=0.09 secs] 
4371.954: [Full GC (Ergonomics) [PSYoungGen: 108480K->0K(519168K)] [ParOldGen: 1360739K->37251K(1398272K)] 1469219K->37251K(1917440K), [Metaspace: 60415K->60415K(1105920K)], 0.0668681 secs] [Times: user=0.24 sys=0.00, real=0.07 secs] 
4372.643: [GC (Allocation Failure) [PSYoungGen: 339456K->140000K(517120K)] 376746K->177290K(1915392K), 0.0281959 secs] [Times: user=0.16 sys=0.00, real=0.03 secs] 
4374.128: [GC (Allocation Failure) [PSYoungGen: 481504K->108224K(519168K)] 518794K->276090K(1917440K), 0.0668002 secs] [Times: user=0.39 sys=0.00, real=0.07 secs] 
4375.875: [GC (Allocation Failure) [PSYoungGen: 449728K->140224K(521216K)] 617594K->413111K(1919488K), 0.0519358 secs] [Times: user=0.30 sys=0.00, real=0.05 secs] 
4377.348: [GC (GCLocker Initiated GC) [PSYoungGen: 485312K->111168K(456704K)] 758200K->514528K(1854976K), 0.1000516 secs] [Times: user=0.59 sys=0.00, real=0.10 secs] 
4378.152: [GC (Allocation Failure) [PSYoungGen: 456256K->143488K(518144K)] 859619K->655200K(1916416K), 0.0529021 secs] [Times: user=0.31 sys=0.00, real=0.06 secs] 
4379.520: [GC (Allocation Failure) [PSYoungGen: 487552K->108384K(520192K)] 999264K->754480K(1918464K), 0.0649521 secs] [Times: user=0.38 sys=0.00, real=0.07 secs] 
4380.208: [GC (Allocation Failure) [PSYoungGen: 452448K->145120K(520192K)] 1098544K->896812K(1918464K), 0.0539024 secs] [Times: user=0.31 sys=0.00, real=0.05 secs] 
4382.292: [GC (Allocation Failure) [PSYoungGen: 490720K->106368K(522240K)] 1242412K->994276K(1920512K), 0.1200264 secs] [Times: user=0.71 sys=0.01, real=0.12 secs] 
4383.272: [GC (Allocation Failure) [PSYoungGen: 451968K->144416K(519168K)] 1339876K->1135449K(1917440K), 0.0536230 secs] [Times: user=0.32 sys=0.00, real=0.06 secs] 
4384.925: [GC (Allocation Failure) [PSYoungGen: 487968K->107232K(521216K)] 1479001K->1233433K(1919488K), 0.0817121 secs] [Times: user=0.48 sys=0.00, real=0.08 secs] 
4386.187: [GC (Allocation Failure) [PSYoungGen: 450784K->143744K(519680K)] 1576985K->1373774K(1917952K), 0.0532624 secs] [Times: user=0.32 sys=0.00, real=0.05 secs] 
4387.644: [GC (Allocation Failure) [PSYoungGen: 487296K->105920K(521216K)] 1717326K->1470782K(1919488K), 0.0938729 secs] [Times: user=0.56 sys=0.01, real=0.10 secs] 
4387.738: [Full GC (Ergonomics) [PSYoungGen: 105920K->0K(521216K)] [ParOldGen: 1364862K->38353K(1398272K)] 1470782K->38353K(1919488K), [Metaspace: 60417K->60417K(1105920K)], 0.0748035 secs] [Times: user=0.29 sys=0.00, real=0.07 secs] 
4388.500: [GC (Allocation Failure) [PSYoungGen: 343552K->143392K(518656K)] 381905K->181745K(1916928K), 0.0283723 secs] [Times: user=0.16 sys=0.00, real=0.03 secs] 
4390.960: [GC (GCLocker Initiated GC) [PSYoungGen: 485920K->106304K(520704K)] 524273K->278809K(1918976K), 0.1551018 secs] [Times: user=0.93 sys=0.00, real=0.16 secs] 
4392.408: [GC (Allocation Failure) [PSYoungGen: 448832K->141280K(520192K)] 621408K->417004K(1918464K), 0.0516225 secs] [Times: user=0.31 sys=0.00, real=0.05 secs] 
4393.756: [GC (Allocation Failure) [PSYoungGen: 484832K->108800K(452608K)] 760556K->516808K(1850880K), 0.0827377 secs] [Times: user=0.49 sys=0.00, real=0.08 secs] 
4394.380: [GC (Allocation Failure) [PSYoungGen: 452352K->143936K(517120K)] 860360K->658273K(1915392K), 0.0525824 secs] [Times: user=0.31 sys=0.00, real=0.05 secs] 
4396.130: [GC (GCLocker Initiated GC) [PSYoungGen: 485952K->104128K(519680K)] 1000290K->753762K(1917952K), 0.1415312 secs] [Times: user=0.84 sys=0.00, real=0.14 secs] 
4397.117: [GC (Allocation Failure) [PSYoungGen: 446144K->150752K(513536K)] 1095780K->901209K(1911808K), 0.0520947 secs] [Times: user=0.31 sys=0.00, real=0.05 secs] 
4399.284: [GC (Allocation Failure) [PSYoungGen: 488160K->107744K(518144K)] 1238617K->991265K(1916416K), 0.1473737 secs] [Times: user=0.87 sys=0.00, real=0.15 secs] 
4400.630: [GC (Allocation Failure) [PSYoungGen: 445152K->139808K(516096K)] 1328673K->1127746K(1914368K), 0.0527470 secs] [Times: user=0.31 sys=0.00, real=0.05 secs] 
4401.993: [GC (GCLocker Initiated GC) [PSYoungGen: 479264K->108032K(518144K)] 1467204K->1226020K(1916416K), 0.0657217 secs] [Times: user=0.39 sys=0.00, real=0.07 secs] 
4402.840: [GC (Allocation Failure) [PSYoungGen: 447488K->138912K(520192K)] 1565546K->1362311K(1918464K), 0.0536571 secs] [Times: user=0.32 sys=0.00, real=0.05 secs] 
4404.181: [GC (Allocation Failure) [PSYoungGen: 482464K->110784K(520192K)] 1705863K->1463543K(1918464K), 0.0763520 secs] [Times: user=0.45 sys=0.00, real=0.08 secs] 
4404.257: [Full GC (Ergonomics) [PSYoungGen: 110784K->0K(520192K)] [ParOldGen: 1352759K->30543K(1398272K)] 1463543K->30543K(1918464K), [Metaspace: 60417K->60417K(1105920K)], 0.0498604 secs] [Times: user=0.16 sys=0.01, real=0.05 secs] 
4405.185: [GC (Allocation Failure) [PSYoungGen: 343552K->142880K(518656K)] 374095K->173423K(1916928K), 0.0285474 secs] [Times: user=0.17 sys=0.00, real=0.02 secs] 
4406.987: [GC (Allocation Failure) [PSYoungGen: 486944K->108256K(520192K)] 517487K->272155K(1918464K), 0.1429958 secs] [Times: user=0.85 sys=0.00, real=0.14 secs] 
4408.577: [GC (Allocation Failure) [PSYoungGen: 452320K->141248K(521728K)] 616219K->410392K(1920000K), 0.0520818 secs] [Times: user=0.31 sys=0.00, real=0.05 secs] 
4409.951: [GC (Allocation Failure) [PSYoungGen: 488372K->113600K(460800K)] 757517K->514196K(1859072K), 0.0650740 secs] [Times: user=0.39 sys=0.00, real=0.07 secs] 
4410.715: [GC (Allocation Failure) [PSYoungGen: 460736K->142368K(520192K)] 861332K->653805K(1918464K), 0.0547153 secs] [Times: user=0.32 sys=0.00, real=0.05 secs] 
4412.158: [GC (Allocation Failure) [PSYoungGen: 489504K->109984K(521728K)] 1000941K->754505K(1920000K), 0.0706489 secs] [Times: user=0.41 sys=0.00, real=0.07 secs] 
4413.534: [GC (Allocation Failure) [PSYoungGen: 457120K->151008K(516096K)] 1101641K->902573K(1914368K), 0.0555486 secs] [Times: user=0.33 sys=0.00, real=0.06 secs] 
4415.607: [GC (Allocation Failure) [PSYoungGen: 494560K->106080K(521216K)] 1246125K->991021K(1919488K), 0.1186211 secs] [Times: user=0.70 sys=0.01, real=0.12 secs] 
4416.802: [GC (Allocation Failure) [PSYoungGen: 449632K->142080K(520704K)] 1334573K->1130382K(1918976K), 0.0532794 secs] [Times: user=0.32 sys=0.00, real=0.06 secs] 
4418.154: [GC (GCLocker Initiated GC) [PSYoungGen: 486656K->111744K(456704K)] 1474958K->1232758K(1854976K), 0.0689785 secs] [Times: user=0.40 sys=0.00, real=0.07 secs] 
4418.979: [GC (Allocation Failure) [PSYoungGen: 456320K->141888K(519680K)] 1577337K->1371630K(1917952K), 0.0557616 secs] [Times: user=0.33 sys=0.00, real=0.05 secs] 
4420.550: [GC (Allocation Failure) [PSYoungGen: 486464K->110144K(520704K)] 1716206K->1472294K(1918976K), 0.1589532 secs] [Times: user=0.94 sys=0.00, real=0.16 secs] 
4420.709: [Full GC (Ergonomics) [PSYoungGen: 110144K->0K(520704K)] [ParOldGen: 1362150K->38338K(1398272K)] 1472294K->38338K(1918976K), [Metaspace: 60417K->60417K(1105920K)], 0.1098635 secs] [Times: user=0.43 sys=0.00, real=0.11 secs] 
4422.085: [GC (Allocation Failure) [PSYoungGen: 344576K->141184K(520704K)] 382914K->179522K(1918976K), 0.0280077 secs] [Times: user=0.17 sys=0.00, real=0.02 secs] 
4423.895: [GC (GCLocker Initiated GC) [PSYoungGen: 487808K->111328K(521728K)] 526147K->281239K(1920000K), 0.0922618 secs] [Times: user=0.54 sys=0.00, real=0.09 secs] 
4424.940: [GC (Allocation Failure) [PSYoungGen: 457952K->142784K(521216K)] 627866K->421110K(1919488K), 0.0556642 secs] [Times: user=0.27 sys=0.00, real=0.06 secs] 
4426.366: [GC (GCLocker Initiated GC) [PSYoungGen: 490944K->109984K(522752K)] 769273K->521593K(1921024K), 0.1018390 secs] [Times: user=0.60 sys=0.00, real=0.10 secs] 
4427.382: [GC (Allocation Failure) [PSYoungGen: 458144K->153696K(514560K)] 869791K->671576K(1912832K), 0.0531544 secs] [Times: user=0.31 sys=0.00, real=0.06 secs] 
4429.821: [GC (Allocation Failure) [PSYoungGen: 495200K->106720K(520192K)] 1013080K->760800K(1918464K), 0.1572722 secs] [Times: user=0.92 sys=0.00, real=0.16 secs] 
4430.781: [GC (Allocation Failure) [PSYoungGen: 448224K->142880K(519680K)] 1102304K->899553K(1917952K), 0.0522202 secs] [Times: user=0.31 sys=0.00, real=0.05 secs] 
4432.200: [GC (Allocation Failure) [PSYoungGen: 485408K->108800K(451584K)] 1242081K->998629K(1849856K), 0.0898413 secs] [Times: user=0.53 sys=0.00, real=0.09 secs] 
4432.887: [GC (Allocation Failure) [PSYoungGen: 451328K->145536K(518144K)] 1341157K->1141210K(1916416K), 0.0539685 secs] [Times: user=0.32 sys=0.00, real=0.05 secs] 
4434.426: [GC (Allocation Failure) [PSYoungGen: 487040K->104160K(520192K)] 1482714K->1236682K(1918464K), 0.1041663 secs] [Times: user=0.61 sys=0.00, real=0.10 secs] 
4435.577: [GC (Allocation Failure) [PSYoungGen: 445664K->143808K(518144K)] 1578186K->1377095K(1916416K), 0.0520378 secs] [Times: user=0.30 sys=0.00, real=0.05 secs] 
4435.629: [Full GC (Ergonomics) [PSYoungGen: 143808K->0K(518144K)] [ParOldGen: 1233287K->179980K(1398272K)] 1377095K->179980K(1916416K), [Metaspace: 60417K->60417K(1105920K)], 0.4195939 secs] [Times: user=1.94 sys=0.00, real=0.42 secs] 
4438.584: [GC (GCLocker Initiated GC) [PSYoungGen: 340480K->104128K(519680K)] 520461K->284109K(1917952K), 0.1041792 secs] [Times: user=0.62 sys=0.00, real=0.11 secs] 
4439.935: [GC (Allocation Failure) [PSYoungGen: 444608K->142208K(518656K)] 624659K->423020K(1916928K), 0.0519097 secs] [Times: user=0.31 sys=0.00, real=0.06 secs] 
4441.249: [GC (Allocation Failure) [PSYoungGen: 482688K->102848K(519680K)] 763500K->516864K(1917952K), 0.0882825 secs] [Times: user=0.52 sys=0.01, real=0.09 secs] 
4442.554: [GC (Allocation Failure) [PSYoungGen: 443328K->140928K(519168K)] 857344K->654621K(1917440K), 0.0513902 secs] [Times: user=0.30 sys=0.00, real=0.06 secs] 
4444.117: [GC (GCLocker Initiated GC) [PSYoungGen: 481920K->107328K(448512K)] 995614K->752934K(1846784K), 0.0907555 secs] [Times: user=0.53 sys=0.00, real=0.09 secs] 
4446.129: [GC (Allocation Failure) [PSYoungGen: 448320K->137024K(519168K)] 1093997K->887826K(1917440K), 0.0528844 secs] [Times: user=0.32 sys=0.00, real=0.05 secs] 
4448.108: [GC (Allocation Failure) [PSYoungGen: 479552K->109440K(518656K)] 1230354K->987674K(1916928K), 0.0642104 secs] [Times: user=0.38 sys=0.00, real=0.06 secs] 
4448.898: [GC (Allocation Failure) [PSYoungGen: 451968K->142592K(518144K)] 1330202K->1128159K(1916416K), 0.0537266 secs] [Times: user=0.31 sys=0.00, real=0.05 secs] 
4450.292: [GC (Allocation Failure) [PSYoungGen: 486656K->106976K(520192K)] 1472223K->1225983K(1918464K), 0.0719363 secs] [Times: user=0.42 sys=0.00, real=0.07 secs] 
4451.346: [GC (Allocation Failure) [PSYoungGen: 451040K->141728K(521216K)] 1570047K->1365531K(1919488K), 0.0533293 secs] [Times: user=0.32 sys=0.00, real=0.05 secs] 
4453.154: [GC (Allocation Failure) [PSYoungGen: 488864K->111040K(458240K)] 1712667K->1467204K(1856512K), 0.1188562 secs] [Times: user=0.71 sys=0.01, real=0.12 secs] 
4453.273: [Full GC (Ergonomics) [PSYoungGen: 111040K->0K(458240K)] [ParOldGen: 1356164K->28570K(1398272K)] 1467204K->28570K(1856512K), [Metaspace: 60417K->60417K(1105920K)], 0.0635241 secs] [Times: user=0.21 sys=0.00, real=0.07 secs] 
4455.076: [GC (Allocation Failure) [PSYoungGen: 347136K->142688K(520192K)] 375706K->171258K(1918464K), 0.0279625 secs] [Times: user=0.16 sys=0.01, real=0.02 secs] 
4456.509: [GC (Allocation Failure) [PSYoungGen: 489824K->108960K(522240K)] 518394K->270746K(1920512K), 0.0926218 secs] [Times: user=0.55 sys=0.00, real=0.09 secs] 
4457.162: [GC (Allocation Failure) [PSYoungGen: 456096K->143168K(521728K)] 617882K->411439K(1920000K), 0.0527972 secs] [Times: user=0.30 sys=0.01, real=0.05 secs] 
4458.885: [GC (Allocation Failure) [PSYoungGen: 491840K->110848K(523776K)] 760111K->512847K(1922048K), 0.1104939 secs] [Times: user=0.66 sys=0.00, real=0.11 secs] 
4460.067: [GC (Allocation Failure) [PSYoungGen: 459520K->145600K(519680K)] 861519K->654996K(1917952K), 0.0543564 secs] [Times: user=0.32 sys=0.00, real=0.05 secs] 
4462.032: [GC (Allocation Failure) [PSYoungGen: 492224K->111456K(522752K)] 1001620K->757164K(1921024K), 0.0877101 secs] [Times: user=0.52 sys=0.00, real=0.09 secs] 
4463.522: [GC (Allocation Failure) [PSYoungGen: 458080K->142176K(521728K)] 1103788K->895801K(1920000K), 0.0537327 secs] [Times: user=0.32 sys=0.00, real=0.06 secs] 
4465.035: [GC (Allocation Failure) [PSYoungGen: 490336K->108384K(523264K)] 1243961K->995329K(1921536K), 0.0912785 secs] [Times: user=0.55 sys=0.00, real=0.09 secs] 
4466.180: [GC (Allocation Failure) [PSYoungGen: 456544K->144704K(520192K)] 1343489K->1137190K(1918464K), 0.0538997 secs] [Times: user=0.32 sys=0.00, real=0.05 secs] 
4468.105: [GC (Allocation Failure) [PSYoungGen: 491328K->107552K(522752K)] 1483814K->1235770K(1921024K), 0.0760280 secs] [Times: user=0.45 sys=0.00, real=0.07 secs] 
4469.280: [GC (Allocation Failure) [PSYoungGen: 454176K->146240K(519168K)] 1582394K->1379403K(1917440K), 0.0534299 secs] [Times: user=0.31 sys=0.00, real=0.05 secs] 
4469.334: [Full GC (Ergonomics) [PSYoungGen: 146240K->0K(519168K)] [ParOldGen: 1233163K->184263K(1398272K)] 1379403K->184263K(1917440K), [Metaspace: 60417K->60417K(1105920K)], 0.4314890 secs] [Times: user=2.01 sys=0.00, real=0.44 secs] 
4471.792: [GC (GCLocker Initiated GC) [PSYoungGen: 344576K->104832K(521728K)] 528839K->289095K(1920000K), 0.0498817 secs] [Times: user=0.29 sys=0.00, real=0.05 secs] 
4472.687: [GC (Allocation Failure) [PSYoungGen: 449408K->142816K(519680K)] 633674K->428235K(1917952K), 0.0517786 secs] [Times: user=0.30 sys=0.00, real=0.05 secs] 
4474.183: [GC (Allocation Failure) [PSYoungGen: 486368K->109952K(453632K)] 771787K->528883K(1851904K), 0.0755143 secs] [Times: user=0.45 sys=0.00, real=0.08 secs] 
4475.281: [GC (Allocation Failure) [PSYoungGen: 453504K->144896K(518656K)] 872435K->669244K(1916928K), 0.0531532 secs] [Times: user=0.31 sys=0.00, real=0.05 secs] 
4477.514: [GC (Allocation Failure) [PSYoungGen: 487936K->106080K(520704K)] 1012284K->766148K(1918976K), 0.1342160 secs] [Times: user=0.79 sys=0.01, real=0.14 secs] 
4478.892: [GC (Allocation Failure) [PSYoungGen: 449120K->150752K(513536K)] 1109188K->912533K(1911808K), 0.0528590 secs] [Times: user=0.30 sys=0.01, real=0.05 secs] 
4480.301: [GC (Allocation Failure) [PSYoungGen: 488160K->107232K(518144K)] 1249941K->1002209K(1916416K), 0.0931836 secs] [Times: user=0.55 sys=0.01, real=0.09 secs] 
4480.930: [GC (Allocation Failure) [PSYoungGen: 444640K->140768K(517120K)] 1339617K->1139766K(1915392K), 0.0529996 secs] [Times: user=0.31 sys=0.00, real=0.05 secs] 
4482.756: [GC (Allocation Failure) [PSYoungGen: 480224K->103488K(518656K)] 1479222K->1234030K(1916928K), 0.1155767 secs] [Times: user=0.68 sys=0.01, real=0.11 secs] 
4484.627: [GC (Allocation Failure) [PSYoungGen: 442944K->141376K(519680K)] 1573486K->1372015K(1917952K), 0.0527692 secs] [Times: user=0.31 sys=0.00, real=0.05 secs] 
4486.267: [GC (Allocation Failure) [PSYoungGen: 482880K->107008K(449024K)] 1713519K->1469695K(1847296K), 0.1354308 secs] [Times: user=0.81 sys=0.01, real=0.13 secs] 
4486.402: [Full GC (Ergonomics) [PSYoungGen: 107008K->0K(449024K)] [ParOldGen: 1362687K->31373K(1398272K)] 1469695K->31373K(1847296K), [Metaspace: 60417K->60417K(1105920K)], 0.0801570 secs] [Times: user=0.25 sys=0.00, real=0.08 secs] 
4487.367: [GC (Allocation Failure) [PSYoungGen: 341504K->140352K(518656K)] 372877K->171725K(1916928K), 0.0289428 secs] [Times: user=0.16 sys=0.01, real=0.03 secs] 
4488.636: [GC (Allocation Failure) [PSYoungGen: 481856K->108544K(519168K)] 513229K->270593K(1917440K), 0.0654381 secs] [Times: user=0.39 sys=0.00, real=0.06 secs] 
4489.589: [GC (Allocation Failure) [PSYoungGen: 450048K->140448K(519168K)] 612097K->408462K(1917440K), 0.0524272 secs] [Times: user=0.31 sys=0.00, real=0.05 secs] 
4490.945: [GC (Allocation Failure) [PSYoungGen: 484000K->110784K(519680K)] 752014K->509806K(1917952K), 0.0650987 secs] [Times: user=0.39 sys=0.00, real=0.06 secs] 
4493.059: [GC (Allocation Failure) [PSYoungGen: 454336K->138432K(521216K)] 853358K->646146K(1919488K), 0.0533372 secs] [Times: user=0.31 sys=0.00, real=0.05 secs] 
4494.513: [GC (Allocation Failure) [PSYoungGen: 485568K->112576K(521216K)] 993282K->748935K(1919488K), 0.0648522 secs] [Times: user=0.39 sys=0.01, real=0.07 secs] 
4495.287: [GC (Allocation Failure) [PSYoungGen: 459712K->144768K(519168K)] 1096071K->891566K(1917440K), 0.0545527 secs] [Times: user=0.32 sys=0.00, real=0.05 secs] 
4496.720: [GC (Allocation Failure) [PSYoungGen: 492416K->108512K(522240K)] 1239214K->991350K(1920512K), 0.0708893 secs] [Times: user=0.39 sys=0.00, real=0.07 secs] 
4498.071: [GC (Allocation Failure) [PSYoungGen: 456160K->144640K(521216K)] 1338998K->1132859K(1919488K), 0.0538594 secs] [Times: user=0.32 sys=0.00, real=0.06 secs] 
4500.736: [GC (Allocation Failure) [PSYoungGen: 493312K->109824K(523776K)] 1481531K->1233455K(1922048K), 0.1505581 secs] [Times: user=0.90 sys=0.00, real=0.15 secs] 
4502.345: [GC (Allocation Failure) [PSYoungGen: 458496K->143104K(522240K)] 1582127K->1373204K(1920512K), 0.0537970 secs] [Times: user=0.32 sys=0.00, real=0.05 secs] 
4503.666: [GC (Allocation Failure) [PSYoungGen: 491776K->111840K(460800K)] 1721876K->1475956K(1859072K), 0.0661684 secs] [Times: user=0.39 sys=0.01, real=0.06 secs] 
4503.732: [Full GC (Ergonomics) [PSYoungGen: 111840K->0K(460800K)] [ParOldGen: 1364116K->40945K(1398272K)] 1475956K->40945K(1859072K), [Metaspace: 60426K->60426K(1105920K)], 0.0781630 secs] [Times: user=0.30 sys=0.00, real=0.08 secs] 
4504.244: [GC (Allocation Failure) [PSYoungGen: 348672K->145664K(520704K)] 389617K->186609K(1918976K), 0.0287652 secs] [Times: user=0.17 sys=0.01, real=0.03 secs] 
4505.792: [GC (Allocation Failure) [PSYoungGen: 493312K->108704K(523264K)] 534257K->285901K(1921536K), 0.0676969 secs] [Times: user=0.40 sys=0.00, real=0.07 secs] 
4506.479: [GC (Allocation Failure) [PSYoungGen: 456352K->147136K(518656K)] 633549K->429098K(1916928K), 0.0521900 secs] [Times: user=0.31 sys=0.00, real=0.05 secs] 
4509.057: [GC (Allocation Failure) [PSYoungGen: 491712K->109888K(521728K)] 773674K->529674K(1920000K), 0.1605273 secs] [Times: user=0.95 sys=0.00, real=0.16 secs] 
4510.104: [GC (Allocation Failure) [PSYoungGen: 454464K->143360K(520192K)] 874250K->666535K(1918464K), 0.0514002 secs] [Times: user=0.30 sys=0.00, real=0.06 secs] 
4511.458: [GC (GCLocker Initiated GC) [PSYoungGen: 487936K->107264K(521728K)] 1011111K->764607K(1920000K), 0.0652420 secs] [Times: user=0.38 sys=0.00, real=0.06 secs] 
4512.105: [GC (Allocation Failure) [PSYoungGen: 451840K->144480K(519168K)] 1109254K->905067K(1917440K), 0.0525318 secs] [Times: user=0.31 sys=0.00, real=0.05 secs] 
4514.048: [GC (Allocation Failure) [PSYoungGen: 488032K->108384K(521216K)] 1248619K->1004011K(1919488K), 0.0937160 secs] [Times: user=0.56 sys=0.00, real=0.09 secs] 
4514.925: [GC (Allocation Failure) [PSYoungGen: 451936K->144576K(519168K)] 1347563K->1144676K(1917440K), 0.0530390 secs] [Times: user=0.31 sys=0.00, real=0.05 secs] 
4516.846: [GC (Allocation Failure) [PSYoungGen: 488128K->109504K(521216K)] 1488228K->1245232K(1919488K), 0.1039886 secs] [Times: user=0.62 sys=0.00, real=0.10 secs] 
4517.671: [GC (Allocation Failure) [PSYoungGen: 453056K->144672K(519168K)] 1588784K->1385805K(1917440K), 0.0544280 secs] [Times: user=0.33 sys=0.00, real=0.06 secs] 
4517.725: [Full GC (Ergonomics) [PSYoungGen: 144672K->0K(519168K)] [ParOldGen: 1241133K->190765K(1398272K)] 1385805K->190765K(1917440K), [Metaspace: 60442K->60442K(1105920K)], 0.4581595 secs] [Times: user=2.13 sys=0.00, real=0.45 secs] 
4519.518: [GC (Allocation Failure) [PSYoungGen: 343552K->106720K(521216K)] 534317K->297485K(1919488K), 0.0620821 secs] [Times: user=0.36 sys=0.00, real=0.06 secs] 
4520.503: [GC (Allocation Failure) [PSYoungGen: 450272K->144960K(518144K)] 641037K->438610K(1916416K), 0.0510921 secs] [Times: user=0.30 sys=0.00, real=0.05 secs] 
4522.831: [GC (GCLocker Initiated GC) [PSYoungGen: 486464K->103072K(520192K)] 780116K->532828K(1918464K), 0.1649275 secs] [Times: user=0.97 sys=0.00, real=0.17 secs] 
4524.002: [GC (Allocation Failure) [PSYoungGen: 444576K->143616K(518144K)] 874335K->672536K(1916416K), 0.0502288 secs] [Times: user=0.30 sys=0.00, real=0.05 secs] 
4525.670: [GC (Allocation Failure) [PSYoungGen: 484096K->109184K(450048K)] 1013016K->772328K(1848320K), 0.0667215 secs] [Times: user=0.39 sys=0.00, real=0.07 secs] 
4526.311: [GC (Allocation Failure) [PSYoungGen: 449664K->145728K(516608K)] 1112808K->914061K(1914880K), 0.0534221 secs] [Times: user=0.32 sys=0.00, real=0.05 secs] 
4528.223: [GC (Allocation Failure) [PSYoungGen: 485184K->101184K(519168K)] 1253517K->1006517K(1917440K), 0.0896788 secs] [Times: user=0.53 sys=0.00, real=0.09 secs] 
4528.884: [GC (Allocation Failure) [PSYoungGen: 440640K->143904K(516096K)] 1345973K->1146266K(1914368K), 0.0504309 secs] [Times: user=0.30 sys=0.00, real=0.06 secs] 
4531.549: [GC (Allocation Failure) [PSYoungGen: 481312K->101536K(518144K)] 1483674K->1238618K(1916416K), 0.1418428 secs] [Times: user=0.83 sys=0.00, real=0.14 secs] 
4533.048: [GC (Allocation Failure) [PSYoungGen: 438944K->140576K(517632K)] 1576026K->1376114K(1915904K), 0.0511817 secs] [Times: user=0.30 sys=0.00, real=0.05 secs] 
4533.100: [Full GC (Ergonomics) [PSYoungGen: 140576K->0K(517632K)] [ParOldGen: 1235538K->176383K(1398272K)] 1376114K->176383K(1915904K), [Metaspace: 60442K->60442K(1105920K)], 0.4125234 secs] [Times: user=1.91 sys=0.00, real=0.41 secs] 
4534.745: [GC (Allocation Failure) [PSYoungGen: 338432K->107104K(445952K)] 514815K->283487K(1844224K), 0.0353381 secs] [Times: user=0.21 sys=0.00, real=0.03 secs] 
4535.677: [GC (Allocation Failure) [PSYoungGen: 445536K->138944K(516608K)] 621919K->419444K(1914880K), 0.0531056 secs] [Times: user=0.32 sys=0.00, real=0.05 secs] 
4537.128: [GC (GCLocker Initiated GC) [PSYoungGen: 477888K->108384K(517120K)] 758388K->518500K(1915392K), 0.0806366 secs] [Times: user=0.48 sys=0.00, real=0.08 secs] 
4538.464: [GC (Allocation Failure) [PSYoungGen: 447328K->139456K(518144K)] 857447K->655044K(1916416K), 0.0539043 secs] [Times: user=0.32 sys=0.00, real=0.06 secs] 
4540.472: [GC (GCLocker Initiated GC) [PSYoungGen: 481984K->108576K(518656K)] 997573K->754125K(1916928K), 0.1098114 secs] [Times: user=0.65 sys=0.01, real=0.11 secs] 
4542.156: [GC (Allocation Failure) [PSYoungGen: 451104K->139776K(520192K)] 1096723K->891136K(1918464K), 0.0529883 secs] [Times: user=0.31 sys=0.00, real=0.05 secs] 
4543.466: [GC (Allocation Failure) [PSYoungGen: 485888K->113600K(521216K)] 1237248K->995064K(1919488K), 0.0645644 secs] [Times: user=0.39 sys=0.00, real=0.06 secs] 
4544.148: [GC (Allocation Failure) [PSYoungGen: 459712K->143840K(519168K)] 1341176K->1136077K(1917440K), 0.0553224 secs] [Times: user=0.33 sys=0.00, real=0.05 secs] 
4545.681: [GC (Allocation Failure) [PSYoungGen: 490976K->109632K(521728K)] 1483213K->1236357K(1920000K), 0.1129067 secs] [Times: user=0.67 sys=0.01, real=0.11 secs] 
4546.559: [GC (Allocation Failure) [PSYoungGen: 456768K->144960K(520192K)] 1583493K->1378466K(1918464K), 0.0549609 secs] [Times: user=0.33 sys=0.01, real=0.05 secs] 
4546.614: [Full GC (Ergonomics) [PSYoungGen: 144960K->0K(520192K)] [ParOldGen: 1233506K->176980K(1398272K)] 1378466K->176980K(1918464K), [Metaspace: 60442K->60442K(1105920K)], 0.4074599 secs] [Times: user=1.87 sys=0.00, real=0.41 secs] 
4548.869: [GC (Allocation Failure) [PSYoungGen: 347648K->111200K(523264K)] 524628K->288180K(1921536K), 0.0689060 secs] [Times: user=0.41 sys=0.00, real=0.07 secs] 
4550.218: [GC (Allocation Failure) [PSYoungGen: 458848K->145824K(519680K)] 635828K->430369K(1917952K), 0.0537278 secs] [Times: user=0.31 sys=0.00, real=0.05 secs] 
4551.831: [GC (Allocation Failure) [PSYoungGen: 492448K->107008K(522752K)] 776993K->528601K(1921024K), 0.1300704 secs] [Times: user=0.77 sys=0.00, real=0.13 secs] 
4552.636: [GC (Allocation Failure) [PSYoungGen: 453632K->146560K(518144K)] 875225K->671954K(1916416K), 0.0535118 secs] [Times: user=0.31 sys=0.00, real=0.05 secs] 
4555.357: [GC (Allocation Failure) [PSYoungGen: 490112K->104320K(521216K)] 1015506K->767538K(1919488K), 0.1503894 secs] [Times: user=0.90 sys=0.00, real=0.15 secs] 
4556.709: [GC (Allocation Failure) [PSYoungGen: 447872K->145024K(518144K)] 1111090K->908174K(1916416K), 0.0519155 secs] [Times: user=0.30 sys=0.00, real=0.05 secs] 
4558.603: [GC (Allocation Failure) [PSYoungGen: 486528K->106368K(520192K)] 1249678K->1005206K(1918464K), 0.1265571 secs] [Times: user=0.76 sys=0.00, real=0.13 secs] 
4559.721: [GC (Allocation Failure) [PSYoungGen: 447872K->143168K(518656K)] 1346710K->1144511K(1916928K), 0.0528190 secs] [Times: user=0.31 sys=0.00, real=0.05 secs] 
4561.446: [GC (Allocation Failure) [PSYoungGen: 484672K->106016K(520192K)] 1486015K->1241771K(1918464K), 0.0896296 secs] [Times: user=0.53 sys=0.01, real=0.09 secs] 
4562.668: [GC (GCLocker Initiated GC) [PSYoungGen: 447520K->141888K(519168K)] 1583275K->1380624K(1917440K), 0.0526772 secs] [Times: user=0.31 sys=0.00, real=0.05 secs] 
4562.721: [Full GC (Ergonomics) [PSYoungGen: 141888K->0K(519168K)] [ParOldGen: 1238736K->179319K(1398272K)] 1380624K->179319K(1917440K), [Metaspace: 60442K->60442K(1105920K)], 0.4154687 secs] [Times: user=1.91 sys=0.00, real=0.42 secs] 
4565.535: [GC (GCLocker Initiated GC) [PSYoungGen: 342016K->104704K(520192K)] 521339K->284027K(1918464K), 0.1089693 secs] [Times: user=0.63 sys=0.01, real=0.11 secs] 
4567.348: [GC (Allocation Failure) [PSYoungGen: 446720K->140608K(519168K)] 626046K->421670K(1917440K), 0.0518224 secs] [Times: user=0.30 sys=0.00, real=0.05 secs] 
4568.711: [GC (Allocation Failure) [PSYoungGen: 483136K->109088K(452096K)] 764200K->521464K(1850368K), 0.0633035 secs] [Times: user=0.37 sys=0.00, real=0.07 secs] 
4569.607: [GC (Allocation Failure) [PSYoungGen: 451616K->142496K(517632K)] 863992K->661269K(1915904K), 0.0535330 secs] [Times: user=0.31 sys=0.00, real=0.05 secs] 
4571.141: [GC (Allocation Failure) [PSYoungGen: 485024K->107520K(519680K)] 1003797K->759449K(1917952K), 0.0768692 secs] [Times: user=0.46 sys=0.00, real=0.08 secs] 
4572.376: [GC (Allocation Failure) [PSYoungGen: 450048K->143072K(519680K)] 1101977K->899646K(1917952K), 0.0539810 secs] [Times: user=0.32 sys=0.00, real=0.05 secs] 
4574.343: [GC (Allocation Failure) [PSYoungGen: 487648K->107456K(521728K)] 1244222K->997786K(1920000K), 0.1568735 secs] [Times: user=0.92 sys=0.01, real=0.16 secs] 
4575.492: [GC (Allocation Failure) [PSYoungGen: 452032K->142912K(519680K)] 1342362K->1137447K(1917952K), 0.0533366 secs] [Times: user=0.31 sys=0.00, real=0.06 secs] 
4576.795: [GC (Allocation Failure) [PSYoungGen: 487488K->106464K(521728K)] 1482023K->1234903K(1920000K), 0.0647775 secs] [Times: user=0.38 sys=0.00, real=0.06 secs] 
4577.418: [GC (Allocation Failure) [PSYoungGen: 451040K->145152K(518656K)] 1579479K->1377522K(1916928K), 0.0537306 secs] [Times: user=0.31 sys=0.00, real=0.05 secs] 
4577.472: [Full GC (Ergonomics) [PSYoungGen: 145152K->0K(518656K)] [ParOldGen: 1232370K->176538K(1398272K)] 1377522K->176538K(1916928K), [Metaspace: 60444K->60444K(1105920K)], 0.4130374 secs] [Times: user=1.92 sys=0.00, real=0.42 secs] 
4579.401: [GC (Allocation Failure) [PSYoungGen: 343552K->105344K(521216K)] 520090K->281883K(1919488K), 0.0646943 secs] [Times: user=0.38 sys=0.00, real=0.07 secs] 
4580.960: [GC (Allocation Failure) [PSYoungGen: 448896K->142976K(518656K)] 625435K->421735K(1916928K), 0.0522575 secs] [Times: user=0.31 sys=0.00, real=0.05 secs] 
4582.596: [GC (Allocation Failure) [PSYoungGen: 485504K->110272K(453120K)] 764263K->522639K(1851392K), 0.0900262 secs] [Times: user=0.53 sys=0.00, real=0.09 secs] 
4583.866: [GC (Allocation Failure) [PSYoungGen: 452800K->141952K(518656K)] 865167K->661712K(1916928K), 0.0530584 secs] [Times: user=0.31 sys=0.00, real=0.05 secs] 
4585.265: [GC (Allocation Failure) [PSYoungGen: 484992K->109984K(520192K)] 1004752K->762928K(1918464K), 0.0640459 secs] [Times: user=0.38 sys=0.00, real=0.07 secs] 
4586.106: [GC (Allocation Failure) [PSYoungGen: 453024K->141280K(519168K)] 1105968K->901549K(1917440K), 0.0537093 secs] [Times: user=0.32 sys=0.00, real=0.05 secs] 
4587.619: [GC (GCLocker Initiated GC) [PSYoungGen: 485856K->108672K(520704K)] 1246126K->1000534K(1918976K), 0.0694627 secs] [Times: user=0.42 sys=0.00, real=0.07 secs] 
4588.518: [GC (Allocation Failure) [PSYoungGen: 453248K->144224K(520192K)] 1345112K->1141749K(1918464K), 0.0544006 secs] [Times: user=0.32 sys=0.00, real=0.05 secs] 
4590.928: [GC (Allocation Failure) [PSYoungGen: 490336K->109344K(522240K)] 1487861K->1241717K(1920512K), 0.1560316 secs] [Times: user=0.92 sys=0.01, real=0.15 secs] 
4592.009: [GC (Allocation Failure) [PSYoungGen: 455456K->142912K(520704K)] 1587829K->1381306K(1918976K), 0.0543333 secs] [Times: user=0.32 sys=0.00, real=0.05 secs] 
4592.063: [Full GC (Ergonomics) [PSYoungGen: 142912K->0K(520704K)] [ParOldGen: 1238393K->179211K(1398272K)] 1381306K->179211K(1918976K), [Metaspace: 60444K->60444K(1105920K)], 0.4268982 secs] [Times: user=1.98 sys=0.00, real=0.43 secs] 
4593.733: [GC (Allocation Failure) [PSYoungGen: 346624K->108448K(522752K)] 525835K->287659K(1921024K), 0.0501653 secs] [Times: user=0.29 sys=0.00, real=0.05 secs] 
4594.605: [GC (Allocation Failure) [PSYoungGen: 455072K->141312K(521216K)] 634283K->425912K(1919488K), 0.0527489 secs] [Times: user=0.31 sys=0.00, real=0.05 secs] 
4596.404: [GC (Allocation Failure) [PSYoungGen: 488448K->108256K(522752K)] 773048K->524712K(1921024K), 0.1234154 secs] [Times: user=0.73 sys=0.00, real=0.13 secs] 
4597.389: [GC (Allocation Failure) [PSYoungGen: 455392K->146752K(518144K)] 871848K->668405K(1916416K), 0.0529702 secs] [Times: user=0.31 sys=0.01, real=0.05 secs] 
4598.974: [GC (GCLocker Initiated GC) [PSYoungGen: 491328K->107392K(521728K)] 1012983K->767019K(1920000K), 0.0688084 secs] [Times: user=0.41 sys=0.00, real=0.07 secs] 
4599.841: [GC (Allocation Failure) [PSYoungGen: 451968K->143232K(519680K)] 1111597K->906046K(1917952K), 0.0537677 secs] [Times: user=0.31 sys=0.00, real=0.06 secs] 
4601.850: [GC (Allocation Failure) [PSYoungGen: 487808K->106592K(521728K)] 1250622K->1003630K(1920000K), 0.0934888 secs] [Times: user=0.55 sys=0.00, real=0.09 secs] 
4602.982: [GC (Allocation Failure) [PSYoungGen: 451168K->141856K(521216K)] 1348206K->1142099K(1919488K), 0.0529028 secs] [Times: user=0.32 sys=0.00, real=0.06 secs] 
4605.251: [GC (Allocation Failure) [PSYoungGen: 487456K->110688K(456704K)] 1487699K->1243515K(1854976K), 0.1530338 secs] [Times: user=0.92 sys=0.00, real=0.15 secs] 
4606.429: [GC (GCLocker Initiated GC) [PSYoungGen: 456288K->143232K(519680K)] 1589116K->1382808K(1917952K), 0.0540235 secs] [Times: user=0.32 sys=0.01, real=0.05 secs] 
4606.483: [Full GC (Ergonomics) [PSYoungGen: 143232K->0K(519680K)] [ParOldGen: 1239576K->180574K(1398272K)] 1382808K->180574K(1917952K), [Metaspace: 60444K->60444K(1105920K)], 0.4258791 secs] [Times: user=1.97 sys=0.00, real=0.43 secs] 
4608.326: [GC (Allocation Failure) [PSYoungGen: 345088K->109792K(521216K)] 525668K->290372K(1919488K), 0.0389635 secs] [Times: user=0.23 sys=0.00, real=0.04 secs] 
4609.203: [GC (Allocation Failure) [PSYoungGen: 454880K->152288K(514560K)] 635460K->440641K(1912832K), 0.0518228 secs] [Times: user=0.31 sys=0.00, real=0.06 secs] 
4610.580: [GC (Allocation Failure) [PSYoungGen: 492768K->109696K(519680K)] 781121K->532561K(1917952K), 0.0777195 secs] [Times: user=0.46 sys=0.00, real=0.08 secs] 
4611.557: [GC (Allocation Failure) [PSYoungGen: 450176K->144128K(517632K)] 873041K->672630K(1915904K), 0.0528647 secs] [Times: user=0.31 sys=0.00, real=0.05 secs] 
4613.945: [GC (Allocation Failure) [PSYoungGen: 484608K->103712K(519680K)] 1013110K->767014K(1917952K), 0.1348961 secs] [Times: user=0.80 sys=0.01, real=0.13 secs] 
4615.179: [GC (Allocation Failure) [PSYoungGen: 444192K->149248K(513536K)] 1107494K->913549K(1911808K), 0.0523069 secs] [Times: user=0.31 sys=0.00, real=0.05 secs] 
4616.540: [GC (Allocation Failure) [PSYoungGen: 484608K->108160K(517120K)] 1248909K->1004209K(1915392K), 0.0655797 secs] [Times: user=0.39 sys=0.00, real=0.07 secs] 
4617.229: [GC (Allocation Failure) [PSYoungGen: 443520K->141248K(515584K)] 1339569K->1142726K(1913856K), 0.0532915 secs] [Times: user=0.31 sys=0.00, real=0.05 secs] 
4618.807: [GC (Allocation Failure) [PSYoungGen: 478656K->103264K(517120K)] 1480134K->1237142K(1915392K), 0.1247842 secs] [Times: user=0.73 sys=0.00, real=0.12 secs] 
4619.665: [GC (Allocation Failure) [PSYoungGen: 440672K->141024K(519168K)] 1574550K->1375315K(1917440K), 0.0533673 secs] [Times: user=0.30 sys=0.00, real=0.05 secs] 
4619.719: [Full GC (Ergonomics) [PSYoungGen: 141024K->0K(519168K)] [ParOldGen: 1234291K->171858K(1398272K)] 1375315K->171858K(1917440K), [Metaspace: 60444K->60444K(1105920K)], 0.3933889 secs] [Times: user=1.74 sys=0.00, real=0.39 secs] 
4622.544: [GC (GCLocker Initiated GC) [PSYoungGen: 340480K->106112K(446976K)] 512339K->277971K(1845248K), 0.0904383 secs] [Times: user=0.52 sys=0.01, real=0.09 secs] 
4624.120: [GC (Allocation Failure) [PSYoungGen: 446592K->139936K(518144K)] 618454K->414739K(1916416K), 0.0527415 secs] [Times: user=0.31 sys=0.00, real=0.05 secs] 
4625.423: [GC (GCLocker Initiated GC) [PSYoungGen: 480416K->109408K(518656K)] 755219K->514767K(1916928K), 0.0640278 secs] [Times: user=0.38 sys=0.00, real=0.07 secs] 
4626.114: [GC (GCLocker Initiated GC) [PSYoungGen: 449888K->139936K(518144K)] 855249K->652852K(1916416K), 0.0538942 secs] [Times: user=0.32 sys=0.00, real=0.06 secs] 
4627.466: [GC (Allocation Failure) [PSYoungGen: 482464K->110560K(518656K)] 995451K->754179K(1916928K), 0.0669413 secs] [Times: user=0.39 sys=0.00, real=0.06 secs] 
4629.151: [GC (Allocation Failure) [PSYoungGen: 453088K->137952K(521216K)] 1096707K->890024K(1919488K), 0.0548505 secs] [Times: user=0.32 sys=0.00, real=0.06 secs] 
4631.327: [GC (Allocation Failure) [PSYoungGen: 485088K->112736K(521216K)] 1237160K->992892K(1919488K), 0.1571474 secs] [Times: user=0.93 sys=0.00, real=0.15 secs] 
4633.052: [GC (Allocation Failure) [PSYoungGen: 459872K->141120K(520704K)] 1340028K->1131401K(1918976K), 0.0548864 secs] [Times: user=0.32 sys=0.00, real=0.06 secs] 
4634.740: [GC (GCLocker Initiated GC) [PSYoungGen: 490304K->110336K(522240K)] 1480585K->1232369K(1920512K), 0.1137011 secs] [Times: user=0.67 sys=0.00, real=0.11 secs] 
4635.597: [GC (Allocation Failure) [PSYoungGen: 459520K->145696K(521728K)] 1581556K->1374985K(1920000K), 0.0548932 secs] [Times: user=0.33 sys=0.00, real=0.05 secs] 
4637.233: [GC (Allocation Failure) [PSYoungGen: 496416K->111968K(524800K)] 1725705K->1477525K(1923072K), 0.0886070 secs] [Times: user=0.53 sys=0.00, real=0.09 secs] 
4637.322: [Full GC (Ergonomics) [PSYoungGen: 111968K->0K(524800K)] [ParOldGen: 1365557K->37587K(1398272K)] 1477525K->37587K(1923072K), [Metaspace: 60444K->60444K(1105920K)], 0.0696152 secs] [Times: user=0.25 sys=0.00, real=0.07 secs] 
4638.918: [GC (Allocation Failure) [PSYoungGen: 350720K->153312K(515584K)] 388307K->190900K(1913856K), 0.0290246 secs] [Times: user=0.17 sys=0.00, real=0.03 secs] 
4640.392: [GC (GCLocker Initiated GC) [PSYoungGen: 496864K->110912K(521216K)] 534452K->283972K(1919488K), 0.0934813 secs] [Times: user=0.55 sys=0.01, real=0.10 secs] 
4641.122: [GC (Allocation Failure) [PSYoungGen: 454464K->146368K(518144K)] 627595K->426820K(1916416K), 0.0531415 secs] [Times: user=0.31 sys=0.00, real=0.06 secs] 
4642.504: [GC (Allocation Failure) [PSYoungGen: 488896K->105568K(520704K)] 769348K->523680K(1918976K), 0.0638125 secs] [Times: user=0.38 sys=0.00, real=0.07 secs] 
4643.692: [GC (Allocation Failure) [PSYoungGen: 448096K->144640K(518656K)] 866208K->663813K(1916928K), 0.0518903 secs] [Times: user=0.30 sys=0.00, real=0.05 secs] 
4645.650: [GC (Allocation Failure) [PSYoungGen: 486144K->106400K(520192K)] 1005317K->761009K(1918464K), 0.1160991 secs] [Times: user=0.69 sys=0.00, real=0.12 secs] 
4647.262: [GC (Allocation Failure) [PSYoungGen: 447904K->142720K(519168K)] 1102513K->899597K(1917440K), 0.0520511 secs] [Times: user=0.30 sys=0.00, real=0.05 secs] 
4648.695: [GC (Allocation Failure) [PSYoungGen: 484224K->108704K(450560K)] 1241101K->999049K(1848832K), 0.0644905 secs] [Times: user=0.38 sys=0.01, real=0.06 secs] 
4649.408: [GC (Allocation Failure) [PSYoungGen: 450208K->144288K(517120K)] 1340553K->1139326K(1915392K), 0.0529153 secs] [Times: user=0.31 sys=0.00, real=0.05 secs] 
4650.935: [GC (GCLocker Initiated GC) [PSYoungGen: 484768K->104640K(519168K)] 1479808K->1234696K(1917440K), 0.0899146 secs] [Times: user=0.53 sys=0.00, real=0.09 secs] 
4651.682: [GC (Allocation Failure) [PSYoungGen: 445120K->144064K(517632K)] 1575247K->1375411K(1915904K), 0.0525100 secs] [Times: user=0.31 sys=0.00, real=0.05 secs] 
4651.734: [Full GC (Ergonomics) [PSYoungGen: 144064K->0K(517632K)] [ParOldGen: 1231347K->179572K(1398272K)] 1375411K->179572K(1915904K), [Metaspace: 60444K->60444K(1105920K)], 0.4209539 secs] [Times: user=1.95 sys=0.00, real=0.43 secs] 
4654.106: [GC (Allocation Failure) [PSYoungGen: 340480K->106080K(519680K)] 520052K->285652K(1917952K), 0.0859219 secs] [Times: user=0.51 sys=0.00, real=0.08 secs] 
4655.223: [GC (Allocation Failure) [PSYoungGen: 446560K->143232K(518144K)] 626132K->425969K(1916416K), 0.0521500 secs] [Times: user=0.31 sys=0.01, real=0.06 secs] 
4657.128: [GC (Allocation Failure) [PSYoungGen: 483712K->104512K(519680K)] 766449K->521801K(1917952K), 0.1158737 secs] [Times: user=0.68 sys=0.01, real=0.11 secs] 
4658.266: [GC (GCLocker Initiated GC) [PSYoungGen: 444992K->138208K(518656K)] 862281K->657461K(1916928K), 0.0517349 secs] [Times: user=0.30 sys=0.00, real=0.05 secs] 
4659.814: [GC (Allocation Failure) [PSYoungGen: 480224K->109376K(519168K)] 999548K->757956K(1917440K), 0.0646426 secs] [Times: user=0.38 sys=0.00, real=0.07 secs] 
4661.423: [GC (Allocation Failure) [PSYoungGen: 451392K->140832K(519168K)] 1099972K->895733K(1917440K), 0.0538148 secs] [Times: user=0.32 sys=0.00, real=0.06 secs] 
4663.613: [GC (Allocation Failure) [PSYoungGen: 484896K->108960K(520192K)] 1239797K->995493K(1918464K), 0.1240219 secs] [Times: user=0.73 sys=0.01, real=0.13 secs] 
4665.639: [GC (Allocation Failure) [PSYoungGen: 453024K->139520K(521216K)] 1339557K->1131826K(1919488K), 0.0535733 secs] [Times: user=0.31 sys=0.01, real=0.05 secs] 
4667.009: [GC (GCLocker Initiated GC) [PSYoungGen: 486656K->112704K(521728K)] 1478963K->1235055K(1920000K), 0.0669611 secs] [Times: user=0.40 sys=0.00, real=0.07 secs] 
4667.724: [GC (Allocation Failure) [PSYoungGen: 459840K->152288K(515584K)] 1582194K->1384622K(1913856K), 0.0551322 secs] [Times: user=0.33 sys=0.00, real=0.06 secs] 
4669.750: [GC (Allocation Failure) [PSYoungGen: 495840K->104768K(521216K)] 1728174K->1472086K(1919488K), 0.1237274 secs] [Times: user=0.73 sys=0.01, real=0.12 secs] 
4669.874: [Full GC (Ergonomics) [PSYoungGen: 104768K->0K(521216K)] [ParOldGen: 1367318K->32801K(1398272K)] 1472086K->32801K(1919488K), [Metaspace: 60444K->60444K(1105920K)], 0.0798208 secs] [Times: user=0.30 sys=0.00, real=0.08 secs] 
4671.515: [GC (Allocation Failure) [PSYoungGen: 343552K->142912K(519168K)] 376353K->175713K(1917440K), 0.0286264 secs] [Times: user=0.17 sys=0.00, real=0.02 secs] 
4673.241: [GC (Allocation Failure) [PSYoungGen: 485440K->107136K(450048K)] 518241K->273857K(1848320K), 0.0817909 secs] [Times: user=0.49 sys=0.00, real=0.08 secs] 
4674.545: [GC (Allocation Failure) [PSYoungGen: 449664K->141504K(519168K)] 616385K->412694K(1917440K), 0.0522260 secs] [Times: user=0.31 sys=0.00, real=0.05 secs] 
4675.941: [GC (Allocation Failure) [PSYoungGen: 484544K->108128K(520192K)] 755734K->511694K(1918464K), 0.0667549 secs] [Times: user=0.39 sys=0.01, real=0.07 secs] 
4676.615: [GC (Allocation Failure) [PSYoungGen: 451168K->152320K(512512K)] 854734K->661757K(1910784K), 0.0538689 secs] [Times: user=0.32 sys=0.00, real=0.06 secs] 
4678.674: [GC (GCLocker Initiated GC) [PSYoungGen: 489728K->104064K(518144K)] 999165K->748757K(1916416K), 0.1425714 secs] [Times: user=0.85 sys=0.00, real=0.15 secs] 
4681.176: [GC (Allocation Failure) [PSYoungGen: 441472K->136896K(514560K)] 1086168K->883077K(1912832K), 0.0556432 secs] [Times: user=0.28 sys=0.00, real=0.05 secs] 
4682.552: [GC (Allocation Failure) [PSYoungGen: 475840K->109056K(517120K)] 1222021K->982741K(1915392K), 0.0658697 secs] [Times: user=0.39 sys=0.00, real=0.07 secs] 
4683.402: [GC (Allocation Failure) [PSYoungGen: 448000K->140160K(520704K)] 1321685K->1120130K(1918976K), 0.0535704 secs] [Times: user=0.32 sys=0.00, real=0.06 secs] 
4684.725: [GC (Allocation Failure) [PSYoungGen: 484736K->111776K(456704K)] 1464706K->1223142K(1854976K), 0.0658654 secs] [Times: user=0.39 sys=0.00, real=0.06 secs] 
4685.834: [GC (GCLocker Initiated GC) [PSYoungGen: 456352K->141088K(519168K)] 1567721K->1361901K(1917440K), 0.0544986 secs] [Times: user=0.31 sys=0.00, real=0.06 secs] 
4687.568: [GC (Allocation Failure) [PSYoungGen: 486176K->108704K(520192K)] 1706991K->1461246K(1918464K), 0.1452206 secs] [Times: user=0.86 sys=0.00, real=0.14 secs] 
4687.713: [Full GC (Ergonomics) [PSYoungGen: 108704K->0K(520192K)] [ParOldGen: 1352542K->26598K(1398272K)] 1461246K->26598K(1918464K), [Metaspace: 60445K->60445K(1105920K)], 0.0640631 secs] [Times: user=0.21 sys=0.00, real=0.07 secs] 
4689.705: [GC (Allocation Failure) [PSYoungGen: 345088K->139392K(522752K)] 371686K->165990K(1921024K), 0.0278516 secs] [Times: user=0.16 sys=0.00, real=0.02 secs] 
4691.063: [GC (Allocation Failure) [PSYoungGen: 488576K->112128K(461824K)] 515174K->268226K(1860096K), 0.0800545 secs] [Times: user=0.48 sys=0.00, real=0.08 secs] 
4691.789: [GC (Allocation Failure) [PSYoungGen: 461312K->143104K(520704K)] 617410K->409255K(1918976K), 0.0533848 secs] [Times: user=0.32 sys=0.00, real=0.05 secs] 
4693.170: [GC (GCLocker Initiated GC) [PSYoungGen: 492288K->111072K(522752K)] 758439K->511327K(1921024K), 0.0685935 secs] [Times: user=0.40 sys=0.00, real=0.07 secs] 
4694.417: [GC (Allocation Failure) [PSYoungGen: 460256K->153856K(515072K)] 860514K->662299K(1913344K), 0.0546275 secs] [Times: user=0.33 sys=0.01, real=0.05 secs] 
4696.257: [GC (Allocation Failure) [PSYoungGen: 497408K->108064K(521216K)] 1005851K->752619K(1919488K), 0.1090843 secs] [Times: user=0.65 sys=0.00, real=0.11 secs] 
4698.260: [GC (Allocation Failure) [PSYoungGen: 451616K->140992K(520704K)] 1096171K->890311K(1918976K), 0.0526070 secs] [Times: user=0.31 sys=0.00, real=0.05 secs] 
4699.569: [GC (Allocation Failure) [PSYoungGen: 486080K->109312K(521728K)] 1235399K->990151K(1920000K), 0.0640721 secs] [Times: user=0.38 sys=0.00, real=0.06 secs] 
4700.856: [GC (Allocation Failure) [PSYoungGen: 454400K->142528K(520704K)] 1335239K->1130287K(1918976K), 0.0542054 secs] [Times: user=0.32 sys=0.00, real=0.05 secs] 
4702.681: [GC (Allocation Failure) [PSYoungGen: 488128K->108352K(521728K)] 1475887K->1229735K(1920000K), 0.1289977 secs] [Times: user=0.77 sys=0.00, real=0.13 secs] 
4704.164: [GC (Allocation Failure) [PSYoungGen: 453952K->144704K(520192K)] 1575335K->1372186K(1918464K), 0.0551606 secs] [Times: user=0.33 sys=0.00, real=0.06 secs] 
4706.234: [GC (Allocation Failure) [PSYoungGen: 490304K->108640K(522240K)] 1717786K->1472122K(1920512K), 0.0987023 secs] [Times: user=0.59 sys=0.00, real=0.10 secs] 
4706.333: [Full GC (Ergonomics) [PSYoungGen: 108640K->0K(522240K)] [ParOldGen: 1363482K->37706K(1398272K)] 1472122K->37706K(1920512K), [Metaspace: 60448K->60448K(1105920K)], 0.0771305 secs] [Times: user=0.29 sys=0.00, real=0.08 secs] 
4707.461: [GC (Allocation Failure) [PSYoungGen: 345600K->144128K(519680K)] 383306K->181834K(1917952K), 0.0286332 secs] [Times: user=0.16 sys=0.00, real=0.03 secs] 
4708.773: [GC (GCLocker Initiated GC) [PSYoungGen: 488704K->107776K(521728K)] 526411K->280507K(1920000K), 0.0671003 secs] [Times: user=0.39 sys=0.00, real=0.07 secs] 
4709.821: [GC (Allocation Failure) [PSYoungGen: 452352K->143840K(520192K)] 625121K->420846K(1918464K), 0.0522984 secs] [Times: user=0.30 sys=0.00, real=0.05 secs] 
4711.662: [GC (Allocation Failure) [PSYoungGen: 488416K->107104K(521728K)] 765422K->518490K(1920000K), 0.1106214 secs] [Times: user=0.65 sys=0.00, real=0.11 secs] 
4713.125: [GC (Allocation Failure) [PSYoungGen: 451680K->143072K(520192K)] 863066K->658671K(1918464K), 0.0523532 secs] [Times: user=0.31 sys=0.01, real=0.06 secs] 
4714.538: [GC (Allocation Failure) [PSYoungGen: 487648K->108160K(521728K)] 1003247K->757591K(1920000K), 0.0651714 secs] [Times: user=0.39 sys=0.00, real=0.06 secs] 
4715.714: [GC (Allocation Failure) [PSYoungGen: 452736K->143232K(520192K)] 1102167K->898424K(1918464K), 0.0525972 secs] [Times: user=0.32 sys=0.00, real=0.06 secs] 
4717.739: [GC (Allocation Failure) [PSYoungGen: 487808K->106240K(521728K)] 1243000K->995976K(1920000K), 0.0996258 secs] [Times: user=0.59 sys=0.00, real=0.10 secs] 
4719.073: [GC (Allocation Failure) [PSYoungGen: 450816K->143360K(519168K)] 1340552K->1136149K(1917440K), 0.0526754 secs] [Times: user=0.31 sys=0.00, real=0.06 secs] 
4721.024: [GC (Allocation Failure) [PSYoungGen: 486912K->106688K(521216K)] 1479701K->1233521K(1919488K), 0.1654203 secs] [Times: user=0.97 sys=0.02, real=0.17 secs] 
4722.381: [GC (Allocation Failure) [PSYoungGen: 450240K->143680K(519168K)] 1577073K->1374138K(1917440K), 0.0533624 secs] [Times: user=0.31 sys=0.00, real=0.05 secs] 
4722.434: [Full GC (Ergonomics) [PSYoungGen: 143680K->0K(519168K)] [ParOldGen: 1230458K->177914K(1398272K)] 1374138K->177914K(1917440K), [Metaspace: 60448K->60448K(1105920K)], 0.4114204 secs] [Times: user=1.90 sys=0.00, real=0.42 secs] 
4724.118: [GC (GCLocker Initiated GC) [PSYoungGen: 343552K->110080K(521216K)] 521466K->287994K(1919488K), 0.0414957 secs] [Times: user=0.24 sys=0.00, real=0.04 secs] 
4725.424: [GC (Allocation Failure) [PSYoungGen: 453632K->140736K(520704K)] 631549K->425630K(1918976K), 0.0535187 secs] [Times: user=0.31 sys=0.01, real=0.06 secs] 
4726.885: [GC (Allocation Failure) [PSYoungGen: 485824K->109088K(521216K)] 770718K->525286K(1919488K), 0.0666481 secs] [Times: user=0.39 sys=0.00, real=0.07 secs] 
4728.296: [GC (Allocation Failure) [PSYoungGen: 454176K->141344K(519680K)] 870374K->663343K(1917952K), 0.0531741 secs] [Times: user=0.31 sys=0.00, real=0.05 secs] 
4730.470: [GC (Allocation Failure) [PSYoungGen: 486944K->108320K(521216K)] 1008943K->761931K(1919488K), 0.1736627 secs] [Times: user=1.04 sys=0.00, real=0.17 secs] 
4731.840: [GC (Allocation Failure) [PSYoungGen: 453920K->142976K(520704K)] 1107531K->902096K(1918976K), 0.0524053 secs] [Times: user=0.31 sys=0.00, real=0.05 secs] 
4733.301: [GC (Allocation Failure) [PSYoungGen: 490112K->111168K(522752K)] 1249232K->1003884K(1921024K), 0.1019634 secs] [Times: user=0.60 sys=0.01, real=0.10 secs] 
4734.587: [GC (Allocation Failure) [PSYoungGen: 458304K->144224K(521216K)] 1351020K->1145032K(1919488K), 0.0546102 secs] [Times: user=0.32 sys=0.00, real=0.05 secs] 
4736.741: [GC (Allocation Failure) [PSYoungGen: 491872K->109120K(523264K)] 1492680K->1245192K(1921536K), 0.1573799 secs] [Times: user=0.94 sys=0.00, real=0.16 secs] 
4738.268: [GC (Allocation Failure) [PSYoungGen: 456768K->145536K(519168K)] 1592840K->1386585K(1917440K), 0.0545184 secs] [Times: user=0.31 sys=0.00, real=0.05 secs] 
4738.322: [Full GC (Ergonomics) [PSYoungGen: 145536K->0K(519168K)] [ParOldGen: 1241049K->184277K(1398272K)] 1386585K->184277K(1917440K), [Metaspace: 60448K->60448K(1105920K)], 0.4309545 secs] [Times: user=1.98 sys=0.00, real=0.43 secs] 
4740.520: [GC (Allocation Failure) [PSYoungGen: 345600K->107520K(522240K)] 529877K->291797K(1920512K), 0.0556094 secs] [Times: user=0.32 sys=0.01, real=0.06 secs] 
4741.685: [GC (Allocation Failure) [PSYoungGen: 453120K->144576K(519680K)] 637397K->432253K(1917952K), 0.0523453 secs] [Times: user=0.31 sys=0.01, real=0.05 secs] 
4743.249: [GC (GCLocker Initiated GC) [PSYoungGen: 489152K->106752K(521728K)] 776829K->530157K(1920000K), 0.0647998 secs] [Times: user=0.39 sys=0.00, real=0.06 secs] 
4744.059: [GC (Allocation Failure) [PSYoungGen: 451328K->155616K(510976K)] 874772K->681724K(1909248K), 0.0528019 secs] [Times: user=0.31 sys=0.00, real=0.05 secs] 
4747.350: [GC (Allocation Failure) [PSYoungGen: 490976K->101888K(517120K)] 1017084K->766556K(1915392K), 0.1550621 secs] [Times: user=0.91 sys=0.01, real=0.15 secs] 
4748.783: [GC (Allocation Failure) [PSYoungGen: 437248K->139552K(515584K)] 1101916K->901641K(1913856K), 0.0499781 secs] [Times: user=0.29 sys=0.00, real=0.05 secs] 
4750.133: [GC (Allocation Failure) [PSYoungGen: 475424K->105696K(516608K)] 1237513K->998153K(1914880K), 0.0858531 secs] [Times: user=0.50 sys=0.01, real=0.09 secs] 
4750.953: [GC (Allocation Failure) [PSYoungGen: 441568K->141440K(517120K)] 1334025K->1136798K(1915392K), 0.0540617 secs] [Times: user=0.32 sys=0.00, real=0.06 secs] 
4752.535: [GC (Allocation Failure) [PSYoungGen: 479360K->103232K(517632K)] 1474718K->1231086K(1915904K), 0.0911816 secs] [Times: user=0.54 sys=0.01, real=0.09 secs] 
4753.933: [GC (Allocation Failure) [PSYoungGen: 441152K->139936K(517632K)] 1569006K->1368107K(1915904K), 0.0521291 secs] [Times: user=0.30 sys=0.00, real=0.06 secs] 
4756.010: [GC (GCLocker Initiated GC) [PSYoungGen: 479392K->106080K(518144K)] 1707563K->1464739K(1916416K), 0.1456873 secs] [Times: user=0.86 sys=0.00, real=0.15 secs] 
4756.155: [Full GC (Ergonomics) [PSYoungGen: 106080K->0K(518144K)] [ParOldGen: 1358659K->26274K(1398272K)] 1464739K->26274K(1916416K), [Metaspace: 60448K->60448K(1105920K)], 0.0626073 secs] [Times: user=0.19 sys=0.00, real=0.06 secs] 
4757.816: [GC (Allocation Failure) [PSYoungGen: 339456K->139168K(518144K)] 365801K->165513K(1916416K), 0.0277793 secs] [Times: user=0.16 sys=0.00, real=0.02 secs] 
4759.097: [GC (GCLocker Initiated GC) [PSYoungGen: 480672K->107872K(518656K)] 507017K->264017K(1916928K), 0.0634585 secs] [Times: user=0.37 sys=0.00, real=0.06 secs] 
4759.786: [GC (GCLocker Initiated GC) [PSYoungGen: 449376K->138016K(520192K)] 605525K->400338K(1918464K), 0.0520824 secs] [Times: user=0.31 sys=0.00, real=0.05 secs] 
4761.219: [GC (GCLocker Initiated GC) [PSYoungGen: 483104K->110464K(520192K)] 745428K->501460K(1918464K), 0.0760914 secs] [Times: user=0.46 sys=0.01, real=0.08 secs] 
4763.109: [GC (Allocation Failure) [PSYoungGen: 455552K->140288K(519680K)] 846619K->639728K(1917952K), 0.0527544 secs] [Times: user=0.31 sys=0.00, real=0.05 secs] 
4764.574: [GC (Allocation Failure) [PSYoungGen: 487424K->112160K(521216K)] 986864K->742492K(1919488K), 0.0681711 secs] [Times: user=0.41 sys=0.00, real=0.07 secs] 
4766.029: [GC (Allocation Failure) [PSYoungGen: 459296K->143392K(521216K)] 1089628K->883585K(1919488K), 0.0539648 secs] [Times: user=0.32 sys=0.00, real=0.05 secs] 
4767.351: [GC (Allocation Failure) [PSYoungGen: 493088K->109952K(523776K)] 1233281K->984569K(1922048K), 0.0650358 secs] [Times: user=0.39 sys=0.00, real=0.07 secs] 
4768.204: [GC (Allocation Failure) [PSYoungGen: 459648K->145568K(520704K)] 1334265K->1128353K(1918976K), 0.0538597 secs] [Times: user=0.31 sys=0.00, real=0.06 secs] 
4770.630: [GC (Allocation Failure) [PSYoungGen: 494240K->108288K(523776K)] 1477025K->1227801K(1922048K), 0.1536300 secs] [Times: user=0.91 sys=0.00, real=0.15 secs] 
4772.529: [GC (Allocation Failure) [PSYoungGen: 456960K->145184K(519680K)] 1576473K->1369814K(1917952K), 0.0530992 secs] [Times: user=0.31 sys=0.00, real=0.05 secs] 
4773.955: [GC (Allocation Failure) [PSYoungGen: 491808K->109984K(522752K)] 1716438K->1470390K(1921024K), 0.0968445 secs] [Times: user=0.57 sys=0.00, real=0.09 secs] 
4774.052: [Full GC (Ergonomics) [PSYoungGen: 109984K->0K(522752K)] [ParOldGen: 1360406K->37726K(1398272K)] 1470390K->37726K(1921024K), [Metaspace: 60448K->60448K(1105920K)], 0.0778873 secs] [Times: user=0.30 sys=0.00, real=0.08 secs] 
4775.209: [GC (Allocation Failure) [PSYoungGen: 346624K->143168K(521728K)] 384350K->180894K(1920000K), 0.0282480 secs] [Times: user=0.17 sys=0.00, real=0.03 secs] 
4776.913: [GC (Allocation Failure) [PSYoungGen: 490816K->109920K(457728K)] 528542K->281830K(1856000K), 0.0848690 secs] [Times: user=0.50 sys=0.01, real=0.09 secs] 
4777.708: [GC (Allocation Failure) [PSYoungGen: 457568K->145760K(519168K)] 629478K->424259K(1917440K), 0.0532702 secs] [Times: user=0.31 sys=0.00, real=0.05 secs] 
4780.099: [GC (GCLocker Initiated GC) [PSYoungGen: 491360K->107776K(522240K)] 769859K->522627K(1920512K), 0.1589137 secs] [Times: user=0.94 sys=0.00, real=0.16 secs] 
4781.329: [GC (Allocation Failure) [PSYoungGen: 453376K->146176K(518656K)] 868298K->664619K(1916928K), 0.0521806 secs] [Times: user=0.31 sys=0.00, real=0.05 secs] 
4782.673: [GC (Allocation Failure) [PSYoungGen: 489728K->107264K(521216K)] 1008171K->763095K(1919488K), 0.0666546 secs] [Times: user=0.39 sys=0.00, real=0.07 secs] 
4783.471: [GC (Allocation Failure) [PSYoungGen: 450816K->144352K(518656K)] 1106647K->904362K(1916928K), 0.0526894 secs] [Times: user=0.32 sys=0.00, real=0.05 secs] 
4785.452: [GC (Allocation Failure) [PSYoungGen: 486880K->106784K(520704K)] 1246890K->1002386K(1918976K), 0.1339412 secs] [Times: user=0.80 sys=0.01, real=0.14 secs] 
4786.903: [GC (Allocation Failure) [PSYoungGen: 449312K->144320K(518144K)] 1344914K->1142615K(1916416K), 0.0516753 secs] [Times: user=0.31 sys=0.00, real=0.06 secs] 
4789.009: [GC (GCLocker Initiated GC) [PSYoungGen: 485824K->106528K(520192K)] 1484122K->1239922K(1918464K), 0.0986151 secs] [Times: user=0.58 sys=0.00, real=0.10 secs] 
4790.105: [GC (Allocation Failure) [PSYoungGen: 448032K->143808K(518656K)] 1581429K->1380230K(1916928K), 0.0525578 secs] [Times: user=0.31 sys=0.00, real=0.05 secs] 
4790.157: [Full GC (Ergonomics) [PSYoungGen: 143808K->0K(518656K)] [ParOldGen: 1236422K->184357K(1398272K)] 1380230K->184357K(1916928K), [Metaspace: 60448K->60448K(1105920K)], 0.4392737 secs] [Times: user=2.03 sys=0.00, real=0.44 secs] 
4791.840: [GC (GCLocker Initiated GC) [PSYoungGen: 341504K->105568K(520192K)] 525863K->289927K(1918464K), 0.0481508 secs] [Times: user=0.28 sys=0.00, real=0.05 secs] 
4793.088: [GC (Allocation Failure) [PSYoungGen: 447072K->142432K(518656K)] 631434K->428279K(1916928K), 0.0514199 secs] [Times: user=0.30 sys=0.00, real=0.05 secs] 
4795.014: [GC (Allocation Failure) [PSYoungGen: 483936K->106304K(448000K)] 769783K->525263K(1846272K), 0.1202531 secs] [Times: user=0.71 sys=0.00, real=0.12 secs] 
4796.732: [GC (Allocation Failure) [PSYoungGen: 447808K->142784K(518144K)] 866767K->664716K(1916416K), 0.0520904 secs] [Times: user=0.30 sys=0.00, real=0.05 secs] 
4798.125: [GC (Allocation Failure) [PSYoungGen: 484288K->106272K(519680K)] 1006220K->761860K(1917952K), 0.0700013 secs] [Times: user=0.41 sys=0.01, real=0.07 secs] 
4799.069: [GC (GCLocker Initiated GC) [PSYoungGen: 447776K->140128K(520192K)] 1103364K->898649K(1918464K), 0.0523829 secs] [Times: user=0.30 sys=0.01, real=0.05 secs] 
4800.392: [GC (GCLocker Initiated GC) [PSYoungGen: 483680K->110432K(454144K)] 1242203K->999739K(1852416K), 0.0645327 secs] [Times: user=0.38 sys=0.00, real=0.07 secs] 
4801.116: [GC (GCLocker Initiated GC) [PSYoungGen: 453984K->142688K(517632K)] 1343295K->1139784K(1915904K), 0.0538769 secs] [Times: user=0.31 sys=0.00, real=0.05 secs] 
4803.753: [GC (GCLocker Initiated GC) [PSYoungGen: 485728K->107264K(519680K)] 1482828K->1237692K(1917952K), 0.1624240 secs] [Times: user=0.97 sys=0.00, real=0.17 secs] 
4805.702: [GC (Allocation Failure) [PSYoungGen: 450304K->141472K(520704K)] 1580734K->1376127K(1918976K), 0.0524563 secs] [Times: user=0.31 sys=0.00, real=0.06 secs] 
4805.755: [Full GC (Ergonomics) [PSYoungGen: 141472K->0K(520704K)] [ParOldGen: 1234655K->175029K(1398272K)] 1376127K->175029K(1918976K), [Metaspace: 60448K->60448K(1105920K)], 0.4029677 secs] [Times: user=1.85 sys=0.00, real=0.40 secs] 
4807.376: [GC (Allocation Failure) [PSYoungGen: 346112K->109472K(522240K)] 521141K->284501K(1920512K), 0.0354586 secs] [Times: user=0.20 sys=0.01, real=0.03 secs] 
4808.319: [GC (Allocation Failure) [PSYoungGen: 455584K->142880K(520704K)] 630613K->425200K(1918976K), 0.0536737 secs] [Times: user=0.32 sys=0.00, real=0.05 secs] 
4809.979: [GC (Allocation Failure) [PSYoungGen: 489504K->110784K(522240K)] 771824K->526376K(1920512K), 0.0892643 secs] [Times: user=0.53 sys=0.00, real=0.09 secs] 
4811.776: [GC (Allocation Failure) [PSYoungGen: 457408K->144032K(520704K)] 873000K->667181K(1918976K), 0.0534124 secs] [Times: user=0.32 sys=0.00, real=0.05 secs] 
4814.295: [GC (Allocation Failure) [PSYoungGen: 491168K->107392K(522752K)] 1014317K->765381K(1921024K), 0.1243351 secs] [Times: user=0.73 sys=0.00, real=0.13 secs] 
4815.554: [GC (Allocation Failure) [PSYoungGen: 454528K->144512K(519680K)] 1112517K->906754K(1917952K), 0.0528502 secs] [Times: user=0.31 sys=0.00, real=0.06 secs] 
4816.991: [GC (GCLocker Initiated GC) [PSYoungGen: 490112K->107968K(522240K)] 1252354K->1005834K(1920512K), 0.1074421 secs] [Times: user=0.63 sys=0.01, real=0.11 secs] 
4818.159: [GC (Allocation Failure) [PSYoungGen: 453568K->154112K(512000K)] 1351437K->1155070K(1910272K), 0.0539236 secs] [Times: user=0.32 sys=0.00, real=0.05 secs] 
4819.839: [GC (Allocation Failure) [PSYoungGen: 491520K->103968K(518144K)] 1492478K->1241526K(1916416K), 0.0844044 secs] [Times: user=0.50 sys=0.01, real=0.08 secs] 
4821.480: [GC (Allocation Failure) [PSYoungGen: 441376K->139648K(516608K)] 1578934K->1377699K(1914880K), 0.0527686 secs] [Times: user=0.31 sys=0.00, real=0.05 secs] 
4821.533: [Full GC (Ergonomics) [PSYoungGen: 139648K->0K(516608K)] [ParOldGen: 1238051K->176023K(1398272K)] 1377699K->176023K(1914880K), [Metaspace: 60448K->60448K(1105920K)], 0.4089087 secs] [Times: user=1.89 sys=0.00, real=0.41 secs] 
4823.503: [GC (Allocation Failure) [PSYoungGen: 338944K->108384K(518144K)] 514967K->284407K(1916416K), 0.0654758 secs] [Times: user=0.38 sys=0.00, real=0.07 secs] 
4824.768: [GC (Allocation Failure) [PSYoungGen: 447328K->140256K(518656K)] 623351K->421524K(1916928K), 0.0530646 secs] [Times: user=0.32 sys=0.00, real=0.05 secs] 
4826.189: [GC (Allocation Failure) [PSYoungGen: 481760K->108064K(519168K)] 763028K->520540K(1917440K), 0.0909456 secs] [Times: user=0.54 sys=0.01, real=0.09 secs] 
4827.516: [GC (Allocation Failure) [PSYoungGen: 449568K->140992K(518656K)] 862044K->658185K(1916928K), 0.0525826 secs] [Times: user=0.30 sys=0.00, real=0.05 secs] 
4829.040: [GC (Allocation Failure) [PSYoungGen: 484032K->110400K(519680K)] 1001225K->758577K(1917952K), 0.0712321 secs] [Times: user=0.42 sys=0.00, real=0.07 secs] 
4830.792: [GC (Allocation Failure) [PSYoungGen: 453440K->141696K(520192K)] 1101617K->897085K(1918464K), 0.0537961 secs] [Times: user=0.32 sys=0.00, real=0.06 secs] 
4832.252: [GC (Allocation Failure) [PSYoungGen: 487296K->112352K(521216K)] 1242685K->999621K(1919488K), 0.1087067 secs] [Times: user=0.65 sys=0.00, real=0.11 secs] 
4832.961: [GC (Allocation Failure) [PSYoungGen: 457952K->145984K(518656K)] 1345221K->1142674K(1916928K), 0.0547903 secs] [Times: user=0.32 sys=0.00, real=0.06 secs] 
4834.478: [GC (GCLocker Initiated GC) [PSYoungGen: 491584K->106592K(521728K)] 1488274K->1240338K(1920000K), 0.0661898 secs] [Times: user=0.39 sys=0.00, real=0.06 secs] 
4835.468: [GC (Allocation Failure) [PSYoungGen: 452192K->145696K(518144K)] 1585941K->1382874K(1916416K), 0.0532217 secs] [Times: user=0.31 sys=0.00, real=0.05 secs] 
4835.521: [Full GC (Ergonomics) [PSYoungGen: 145696K->0K(518144K)] [ParOldGen: 1237178K->181344K(1398272K)] 1382874K->181344K(1916416K), [Metaspace: 60448K->60448K(1105920K)], 0.4211364 secs] [Times: user=1.94 sys=0.00, real=0.42 secs] 
4838.583: [GC (Allocation Failure) [PSYoungGen: 343552K->105696K(521216K)] 524896K->287040K(1919488K), 0.1042267 secs] [Times: user=0.62 sys=0.00, real=0.11 secs] 
4840.216: [GC (Allocation Failure) [PSYoungGen: 449248K->141600K(520704K)] 630592K->425916K(1918976K), 0.0523641 secs] [Times: user=0.31 sys=0.00, real=0.05 secs] 
4841.594: [GC (Allocation Failure) [PSYoungGen: 486176K->108608K(453632K)] 770492K->525641K(1851904K), 0.0638943 secs] [Times: user=0.38 sys=0.01, real=0.07 secs] 
4842.607: [GC (Allocation Failure) [PSYoungGen: 453184K->143648K(518656K)] 870217K->666121K(1916928K), 0.0526675 secs] [Times: user=0.31 sys=0.00, real=0.05 secs] 
4844.125: [GC (Allocation Failure) [PSYoungGen: 487200K->109376K(520704K)] 1009673K->766269K(1918976K), 0.0652055 secs] [Times: user=0.38 sys=0.00, real=0.06 secs] 
4845.468: [GC (Allocation Failure) [PSYoungGen: 452928K->143232K(520192K)] 1109821K->905274K(1918464K), 0.0530862 secs] [Times: user=0.32 sys=0.00, real=0.05 secs] 
4847.876: [GC (Allocation Failure) [PSYoungGen: 488320K->109440K(521728K)] 1250362K->1005490K(1920000K), 0.1410198 secs] [Times: user=0.83 sys=0.00, real=0.14 secs] 
4849.391: [GC (Allocation Failure) [PSYoungGen: 454528K->152256K(514048K)] 1350578K->1153947K(1912320K), 0.0538530 secs] [Times: user=0.32 sys=0.00, real=0.06 secs] 
4850.761: [GC (Allocation Failure) [PSYoungGen: 491712K->103904K(519168K)] 1493403K->1240755K(1917440K), 0.0677794 secs] [Times: user=0.40 sys=0.00, real=0.07 secs] 
4851.617: [GC (Allocation Failure) [PSYoungGen: 443360K->141312K(519168K)] 1580211K->1379288K(1917440K), 0.0517434 secs] [Times: user=0.31 sys=0.00, real=0.05 secs] 
4851.669: [Full GC (Ergonomics) [PSYoungGen: 141312K->0K(519168K)] [ParOldGen: 1237976K->177864K(1398272K)] 1379288K->177864K(1917440K), [Metaspace: 60448K->60448K(1105920K)], 0.4191510 secs] [Times: user=1.94 sys=0.00, real=0.42 secs] 
4853.888: [GC (GCLocker Initiated GC) [PSYoungGen: 340480K->106496K(447488K)] 518344K->284360K(1845760K), 0.0696692 secs] [Times: user=0.41 sys=0.01, real=0.07 secs] 
4855.594: [GC (Allocation Failure) [PSYoungGen: 446976K->141472K(517632K)] 624847K->422812K(1915904K), 0.0527790 secs] [Times: user=0.31 sys=0.00, real=0.06 secs] 
4857.005: [GC (Allocation Failure) [PSYoungGen: 481440K->107264K(518656K)] 762780K->520752K(1916928K), 0.0792306 secs] [Times: user=0.46 sys=0.01, real=0.07 secs] 
4858.038: [GC (Allocation Failure) [PSYoungGen: 447232K->140640K(518656K)] 860720K->658524K(1916928K), 0.0526572 secs] [Times: user=0.31 sys=0.00, real=0.05 secs] 
4859.547: [GC (GCLocker Initiated GC) [PSYoungGen: 482656K->106496K(519168K)] 1000541K->755941K(1917440K), 0.0693421 secs] [Times: user=0.40 sys=0.00, real=0.07 secs] 
4860.492: [GC (Allocation Failure) [PSYoungGen: 448512K->144160K(518656K)] 1097960K->897340K(1916928K), 0.0531685 secs] [Times: user=0.31 sys=0.00, real=0.06 secs] 
4862.927: [GC (GCLocker Initiated GC) [PSYoungGen: 487200K->105408K(520704K)] 1240381K->993805K(1918976K), 0.1454117 secs] [Times: user=0.86 sys=0.00, real=0.14 secs] 
4864.978: [GC (Allocation Failure) [PSYoungGen: 448448K->142336K(519680K)] 1336848K->1132917K(1917952K), 0.0527061 secs] [Times: user=0.31 sys=0.00, real=0.05 secs] 
4866.310: [GC (Allocation Failure) [PSYoungGen: 485888K->108480K(452096K)] 1476469K->1232025K(1850368K), 0.0664221 secs] [Times: user=0.40 sys=0.00, real=0.07 secs] 
4867.444: [GC (Allocation Failure) [PSYoungGen: 452032K->140576K(519680K)] 1575577K->1369421K(1917952K), 0.0544368 secs] [Times: user=0.32 sys=0.00, real=0.06 secs] 
4868.891: [GC (Allocation Failure) [PSYoungGen: 484640K->110560K(520704K)] 1713485K->1470641K(1918976K), 0.0663120 secs] [Times: user=0.39 sys=0.00, real=0.07 secs] 
4868.958: [Full GC (Ergonomics) [PSYoungGen: 110560K->0K(520704K)] [ParOldGen: 1360081K->32980K(1398272K)] 1470641K->32980K(1918976K), [Metaspace: 60448K->60448K(1105920K)], 0.0560656 secs] [Times: user=0.19 sys=0.00, real=0.05 secs] 
4870.433: [GC (Allocation Failure) [PSYoungGen: 344064K->140416K(519680K)] 377044K->173396K(1917952K), 0.0283317 secs] [Times: user=0.16 sys=0.00, real=0.03 secs] 
4872.348: [GC (Allocation Failure) [PSYoungGen: 486016K->112704K(520704K)] 518996K->276676K(1918976K), 0.0862371 secs] [Times: user=0.51 sys=0.00, real=0.08 secs] 
4873.351: [GC (Allocation Failure) [PSYoungGen: 458304K->144320K(519680K)] 622276K->418225K(1917952K), 0.0537875 secs] [Times: user=0.31 sys=0.01, real=0.06 secs] 
4874.776: [GC (Allocation Failure) [PSYoungGen: 491456K->109536K(522240K)] 765361K->518417K(1920512K), 0.0639950 secs] [Times: user=0.38 sys=0.00, real=0.06 secs] 
4875.631: [GC (Allocation Failure) [PSYoungGen: 456672K->154112K(513536K)] 865553K->670137K(1911808K), 0.0535478 secs] [Times: user=0.32 sys=0.00, real=0.06 secs] 
4877.434: [GC (Allocation Failure) [PSYoungGen: 494592K->107136K(519680K)] 1010617K->760545K(1917952K), 0.1230211 secs] [Times: user=0.74 sys=0.00, real=0.13 secs] 
4878.948: [GC (Allocation Failure) [PSYoungGen: 447616K->140768K(519168K)] 1101025K->897702K(1917440K), 0.0522198 secs] [Times: user=0.31 sys=0.00, real=0.05 secs] 
4881.048: [GC (Allocation Failure) [PSYoungGen: 482784K->109696K(452096K)] 1239718K->997790K(1850368K), 0.1096341 secs] [Times: user=0.65 sys=0.00, real=0.11 secs] 
4882.128: [GC (Allocation Failure) [PSYoungGen: 451712K->143232K(518144K)] 1339806K->1138942K(1916416K), 0.0534314 secs] [Times: user=0.31 sys=0.00, real=0.05 secs] 
4883.438: [GC (Allocation Failure) [PSYoungGen: 485248K->107008K(519680K)] 1480958K->1237167K(1917952K), 0.0642663 secs] [Times: user=0.38 sys=0.00, real=0.06 secs] 
4884.794: [GC (Allocation Failure) [PSYoungGen: 449024K->140032K(521216K)] 1579183K->1374387K(1919488K), 0.0523134 secs] [Times: user=0.31 sys=0.00, real=0.06 secs] 
4884.846: [Full GC (Ergonomics) [PSYoungGen: 140032K->0K(521216K)] [ParOldGen: 1234355K->177357K(1398272K)] 1374387K->177357K(1919488K), [Metaspace: 60448K->60448K(1105920K)], 0.4126922 secs] [Times: user=1.90 sys=0.00, real=0.41 secs] 
4887.025: [GC (Allocation Failure) [PSYoungGen: 345088K->108448K(521216K)] 522445K->285805K(1919488K), 0.0813452 secs] [Times: user=0.48 sys=0.01, real=0.08 secs] 
4888.263: [GC (Allocation Failure) [PSYoungGen: 453536K->142528K(519680K)] 630893K->425570K(1917952K), 0.0533891 secs] [Times: user=0.32 sys=0.00, real=0.06 secs] 
4890.527: [GC (Allocation Failure) [PSYoungGen: 487616K->110400K(521216K)] 770658K->526466K(1919488K), 0.1649332 secs] [Times: user=0.98 sys=0.01, real=0.16 secs] 
4892.225: [GC (Allocation Failure) [PSYoungGen: 455488K->141408K(521216K)] 871554K->664741K(1919488K), 0.0533236 secs] [Times: user=0.32 sys=0.00, real=0.05 secs] 
4893.820: [GC (GCLocker Initiated GC) [PSYoungGen: 488544K->109472K(522240K)] 1011880K->765452K(1920512K), 0.1198832 secs] [Times: user=0.71 sys=0.01, real=0.12 secs] 
4895.052: [GC (Allocation Failure) [PSYoungGen: 456608K->144800K(520192K)] 1112627K->906928K(1918464K), 0.0529627 secs] [Times: user=0.31 sys=0.00, real=0.06 secs] 
4897.585: [GC (Allocation Failure) [PSYoungGen: 491936K->108864K(522752K)] 1254064K->1006448K(1921024K), 0.1176655 secs] [Times: user=0.69 sys=0.01, real=0.11 secs] 
4898.720: [GC (Allocation Failure) [PSYoungGen: 456000K->145760K(519680K)] 1353584K->1148385K(1917952K), 0.0531192 secs] [Times: user=0.31 sys=0.00, real=0.05 secs] 
4900.792: [GC (Allocation Failure) [PSYoungGen: 491360K->107264K(522240K)] 1493985K->1246241K(1920512K), 0.0689917 secs] [Times: user=0.41 sys=0.00, real=0.07 secs] 
4901.608: [GC (Allocation Failure) [PSYoungGen: 452864K->154048K(512512K)] 1591841K->1396590K(1910784K), 0.0542183 secs] [Times: user=0.32 sys=0.00, real=0.05 secs] 
4901.662: [Full GC (Ergonomics) [PSYoungGen: 154048K->0K(512512K)] [ParOldGen: 1242541K->186685K(1398272K)] 1396590K->186685K(1910784K), [Metaspace: 60510K->60510K(1105920K)], 0.4243888 secs] [Times: user=1.95 sys=0.00, real=0.43 secs] 
4903.939: [GC (Allocation Failure) [PSYoungGen: 337408K->103648K(518144K)] 524093K->290333K(1916416K), 0.1016516 secs] [Times: user=0.60 sys=0.00, real=0.10 secs] 
4905.213: [GC (Allocation Failure) [PSYoungGen: 441056K->141664K(518144K)] 627741K->428098K(1916416K), 0.0509562 secs] [Times: user=0.29 sys=0.00, real=0.05 secs] 
4907.373: [GC (Allocation Failure) [PSYoungGen: 480096K->107360K(445952K)] 766530K->526222K(1844224K), 0.1406753 secs] [Times: user=0.83 sys=0.01, real=0.14 secs] 
4908.652: [GC (Allocation Failure) [PSYoungGen: 445792K->139680K(517632K)] 864654K->662803K(1915904K), 0.0526827 secs] [Times: user=0.31 sys=0.00, real=0.06 secs] 
4910.019: [GC (Allocation Failure) [PSYoungGen: 478624K->109920K(517632K)] 1001747K->763799K(1915904K), 0.0647214 secs] [Times: user=0.38 sys=0.00, real=0.06 secs] 
4911.228: [GC (Allocation Failure) [PSYoungGen: 448864K->138208K(517632K)] 1102743K->899012K(1915904K), 0.0547096 secs] [Times: user=0.33 sys=0.00, real=0.05 secs] 
4912.878: [GC (Allocation Failure) [PSYoungGen: 479712K->110528K(517632K)] 1240516K->999812K(1915904K), 0.0842659 secs] [Times: user=0.50 sys=0.01, real=0.08 secs] 
4914.858: [GC (Allocation Failure) [PSYoungGen: 452032K->139936K(519168K)] 1341316K->1136657K(1917440K), 0.0544646 secs] [Times: user=0.32 sys=0.00, real=0.05 secs] 
4916.912: [GC (GCLocker Initiated GC) [PSYoungGen: 485536K->109376K(520192K)] 1482257K->1236297K(1918464K), 0.1274344 secs] [Times: user=0.69 sys=0.00, real=0.13 secs] 
4918.492: [GC (Allocation Failure) [PSYoungGen: 454976K->143232K(521216K)] 1581900K->1376297K(1919488K), 0.0545525 secs] [Times: user=0.32 sys=0.00, real=0.06 secs] 
4920.457: [GC (GCLocker Initiated GC) [PSYoungGen: 491904K->105632K(523264K)] 1724969K->1472993K(1921536K), 0.1640235 secs] [Times: user=0.97 sys=0.01, real=0.16 secs] 
4920.621: [Full GC (Ergonomics) [PSYoungGen: 105632K->0K(523264K)] [ParOldGen: 1367361K->32890K(1398272K)] 1472993K->32890K(1921536K), [Metaspace: 60517K->60517K(1105920K)], 0.0927800 secs] [Times: user=0.34 sys=0.01, real=0.09 secs] 
4922.710: [GC (Allocation Failure) [PSYoungGen: 348672K->143392K(521216K)] 381601K->176321K(1919488K), 0.0286691 secs] [Times: user=0.16 sys=0.00, real=0.03 secs] 
4924.876: [GC (Allocation Failure) [PSYoungGen: 491040K->110592K(523264K)] 523969K->277785K(1921536K), 0.1299870 secs] [Times: user=0.77 sys=0.00, real=0.13 secs] 
4926.513: [GC (Allocation Failure) [PSYoungGen: 458240K->141824K(522240K)] 625433K->416590K(1920512K), 0.0527566 secs] [Times: user=0.31 sys=0.00, real=0.06 secs] 
4927.825: [GC (Allocation Failure) [PSYoungGen: 490496K->112576K(523264K)] 765262K->519990K(1921536K), 0.0639479 secs] [Times: user=0.38 sys=0.01, real=0.07 secs] 
4928.610: [GC (Allocation Failure) [PSYoungGen: 461248K->146784K(520192K)] 868662K->664035K(1918464K), 0.0542143 secs] [Times: user=0.32 sys=0.00, real=0.05 secs] 
4931.509: [GC (Allocation Failure) [PSYoungGen: 494432K->105664K(523264K)] 1011683K->760903K(1921536K), 0.1637977 secs] [Times: user=0.98 sys=0.00, real=0.16 secs] 
4933.137: [GC (Allocation Failure) [PSYoungGen: 453312K->146400K(518144K)] 1108551K->902820K(1916416K), 0.0518573 secs] [Times: user=0.31 sys=0.00, real=0.05 secs] 
4934.708: [GC (Allocation Failure) [PSYoungGen: 489952K->107520K(521216K)] 1246372K->1001668K(1919488K), 0.1194368 secs] [Times: user=0.71 sys=0.00, real=0.12 secs] 
4935.836: [GC (GCLocker Initiated GC) [PSYoungGen: 451072K->142656K(520192K)] 1345221K->1139913K(1918464K), 0.0522997 secs] [Times: user=0.30 sys=0.01, real=0.05 secs] 
4937.766: [GC (Allocation Failure) [PSYoungGen: 487232K->107392K(521728K)] 1484528K->1237772K(1920000K), 0.0951108 secs] [Times: user=0.57 sys=0.00, real=0.09 secs] 
4938.652: [GC (Allocation Failure) [PSYoungGen: 451968K->144832K(519168K)] 1582348K->1378433K(1917440K), 0.0526133 secs] [Times: user=0.31 sys=0.00, real=0.05 secs] 
4938.704: [Full GC (Ergonomics) [PSYoungGen: 144832K->0K(519168K)] [ParOldGen: 1233601K->182255K(1398272K)] 1378433K->182255K(1917440K), [Metaspace: 60520K->60520K(1105920K)], 0.4328442 secs] [Times: user=2.01 sys=0.00, real=0.44 secs] 
4941.902: [GC (Allocation Failure) [PSYoungGen: 343552K->106848K(521216K)] 525807K->289103K(1919488K), 0.1037289 secs] [Times: user=0.61 sys=0.00, real=0.11 secs] 
4943.142: [GC (Allocation Failure) [PSYoungGen: 450400K->143808K(518656K)] 632655K->429488K(1916928K), 0.0518294 secs] [Times: user=0.30 sys=0.00, real=0.05 secs] 
4944.578: [GC (Allocation Failure) [PSYoungGen: 486336K->108704K(520704K)] 772016K->529064K(1918976K), 0.0656900 secs] [Times: user=0.38 sys=0.00, real=0.06 secs] 
4945.781: [GC (Allocation Failure) [PSYoungGen: 451232K->143424K(519168K)] 871592K->667997K(1917440K), 0.0525201 secs] [Times: user=0.31 sys=0.00, real=0.05 secs] 
4947.756: [GC (Allocation Failure) [PSYoungGen: 486464K->107744K(520704K)] 1011037K->766189K(1918976K), 0.1141827 secs] [Times: user=0.66 sys=0.00, real=0.11 secs] 
4948.982: [GC (Allocation Failure) [PSYoungGen: 450784K->144064K(518656K)] 1109229K->907062K(1916928K), 0.0534310 secs] [Times: user=0.31 sys=0.00, real=0.06 secs] 
4950.934: [GC (Allocation Failure) [PSYoungGen: 486592K->108160K(520704K)] 1249590K->1006062K(1918976K), 0.1239400 secs] [Times: user=0.74 sys=0.00, real=0.13 secs] 
4952.167: [GC (Allocation Failure) [PSYoungGen: 450688K->142592K(519168K)] 1348590K->1144794K(1917440K), 0.0533092 secs] [Times: user=0.31 sys=0.00, real=0.05 secs] 
4953.503: [GC (Allocation Failure) [PSYoungGen: 485632K->108032K(520704K)] 1487834K->1244042K(1918976K), 0.0662647 secs] [Times: user=0.39 sys=0.00, real=0.07 secs] 
4954.700: [GC (Allocation Failure) [PSYoungGen: 451072K->144256K(518656K)] 1587082K->1383983K(1916928K), 0.0537266 secs] [Times: user=0.32 sys=0.01, real=0.05 secs] 
4954.753: [Full GC (Ergonomics) [PSYoungGen: 144256K->0K(518656K)] [ParOldGen: 1239727K->181705K(1398272K)] 1383983K->181705K(1916928K), [Metaspace: 60534K->60534K(1105920K)], 0.4295350 secs] [Times: user=1.99 sys=0.00, real=0.43 secs] 
4957.553: [GC (GCLocker Initiated GC) [PSYoungGen: 343040K->105920K(520704K)] 524745K->287625K(1918976K), 0.0880914 secs] [Times: user=0.52 sys=0.00, real=0.09 secs] 
4959.580: [GC (Allocation Failure) [PSYoungGen: 448960K->141440K(520704K)] 630668K->426309K(1918976K), 0.0522271 secs] [Times: user=0.31 sys=0.00, real=0.05 secs] 
4961.011: [GC (Allocation Failure) [PSYoungGen: 486016K->109984K(454656K)] 770885K->527213K(1852928K), 0.0642161 secs] [Times: user=0.38 sys=0.01, real=0.07 secs] 
4962.272: [GC (Allocation Failure) [PSYoungGen: 454560K->141120K(519680K)] 871789K->664502K(1917952K), 0.0531976 secs] [Times: user=0.31 sys=0.00, real=0.06 secs] 
4963.891: [GC (Allocation Failure) [PSYoungGen: 485696K->109856K(520704K)] 1009078K->765070K(1918976K), 0.1164631 secs] [Times: user=0.68 sys=0.01, real=0.12 secs] 
4965.359: [GC (Allocation Failure) [PSYoungGen: 454432K->143296K(519680K)] 1109646K->904986K(1917952K), 0.0536360 secs] [Times: user=0.32 sys=0.00, real=0.05 secs] 
4967.731: [GC (Allocation Failure) [PSYoungGen: 488896K->107808K(521728K)] 1250586K->1003590K(1920000K), 0.1521478 secs] [Times: user=0.91 sys=0.01, real=0.15 secs] 
4968.990: [GC (Allocation Failure) [PSYoungGen: 453408K->144480K(519680K)] 1349190K->1145199K(1917952K), 0.0527187 secs] [Times: user=0.31 sys=0.00, real=0.05 secs] 
4970.370: [GC (GCLocker Initiated GC) [PSYoungGen: 490080K->110272K(522240K)] 1490801K->1246657K(1920512K), 0.0930403 secs] [Times: user=0.55 sys=0.00, real=0.09 secs] 
4971.334: [GC (GCLocker Initiated GC) [PSYoungGen: 455872K->143328K(521216K)] 1592257K->1385838K(1919488K), 0.0537188 secs] [Times: user=0.32 sys=0.01, real=0.06 secs] 
4971.387: [Full GC (Ergonomics) [PSYoungGen: 143328K->0K(521216K)] [ParOldGen: 1242510K->183956K(1398272K)] 1385838K->183956K(1919488K), [Metaspace: 60536K->60536K(1105920K)], 0.4411580 secs] [Times: user=2.05 sys=0.00, real=0.44 secs] 
4973.559: [GC (Allocation Failure) [PSYoungGen: 346624K->108352K(522752K)] 530584K->292312K(1921024K), 0.0540032 secs] [Times: user=0.32 sys=0.00, real=0.05 secs] 
4975.138: [GC (Allocation Failure) [PSYoungGen: 454976K->145152K(519168K)] 638936K->433033K(1917440K), 0.0520863 secs] [Times: user=0.31 sys=0.01, real=0.05 secs] 
4976.823: [GC (Allocation Failure) [PSYoungGen: 489728K->110176K(521728K)] 777609K->534189K(1920000K), 0.0657284 secs] [Times: user=0.39 sys=0.00, real=0.07 secs] 
4977.866: [GC (Allocation Failure) [PSYoungGen: 454752K->143968K(520704K)] 878765K->674026K(1918976K), 0.0526403 secs] [Times: user=0.31 sys=0.00, real=0.05 secs] 
4979.366: [GC (Allocation Failure) [PSYoungGen: 489568K->109376K(522240K)] 1019626K->774266K(1920512K), 0.1112075 secs] [Times: user=0.66 sys=0.00, real=0.11 secs] 
4980.176: [GC (Allocation Failure) [PSYoungGen: 454976K->146656K(518656K)] 1119866K->916467K(1916928K), 0.0530615 secs] [Times: user=0.31 sys=0.00, real=0.05 secs] 
4982.691: [GC (GCLocker Initiated GC) [PSYoungGen: 490208K->106496K(521216K)] 1260019K->1013835K(1919488K), 0.1344227 secs] [Times: user=0.79 sys=0.00, real=0.14 secs] 
4983.668: [GC (Allocation Failure) [PSYoungGen: 450048K->146112K(517120K)] 1357390K->1155651K(1915392K), 0.0519323 secs] [Times: user=0.30 sys=0.00, real=0.05 secs] 
4985.729: [GC (Allocation Failure) [PSYoungGen: 486592K->104704K(519680K)] 1496131K->1251323K(1917952K), 0.0877821 secs] [Times: user=0.52 sys=0.01, real=0.09 secs] 
4986.491: [GC (Allocation Failure) [PSYoungGen: 445184K->142784K(518144K)] 1591803K->1390532K(1916416K), 0.0514526 secs] [Times: user=0.30 sys=0.00, real=0.05 secs] 
4986.543: [Full GC (Ergonomics) [PSYoungGen: 142784K->0K(518144K)] [ParOldGen: 1247748K->188299K(1398272K)] 1390532K->188299K(1916416K), [Metaspace: 60536K->60536K(1105920K)], 0.4449303 secs] [Times: user=2.07 sys=0.00, real=0.45 secs] 
4988.256: [GC (Allocation Failure) [PSYoungGen: 340480K->109440K(450048K)] 528779K->297739K(1848320K), 0.0336515 secs] [Times: user=0.20 sys=0.01, real=0.03 secs] 
4989.477: [GC (Allocation Failure) [PSYoungGen: 449920K->141472K(517632K)] 638219K->434864K(1915904K), 0.0515512 secs] [Times: user=0.30 sys=0.00, real=0.05 secs] 
4991.571: [GC (Allocation Failure) [PSYoungGen: 482464K->108448K(518656K)] 775856K->533528K(1916928K), 0.0948503 secs] [Times: user=0.57 sys=0.00, real=0.10 secs] 
4993.150: [GC (Allocation Failure) [PSYoungGen: 449440K->141472K(519168K)] 874520K->671573K(1917440K), 0.0521683 secs] [Times: user=0.31 sys=0.00, real=0.05 secs] 
4994.585: [GC (Allocation Failure) [PSYoungGen: 485024K->109376K(520192K)] 1015125K->771709K(1918464K), 0.0648011 secs] [Times: user=0.38 sys=0.01, real=0.07 secs] 
4995.527: [GC (Allocation Failure) [PSYoungGen: 452928K->151424K(514048K)] 1115261K->919133K(1912320K), 0.0532830 secs] [Times: user=0.31 sys=0.00, real=0.05 secs] 
4996.951: [GC (GCLocker Initiated GC) [PSYoungGen: 490880K->107040K(519168K)] 1258589K->1008713K(1917440K), 0.1018918 secs] [Times: user=0.61 sys=0.00, real=0.10 secs] 
4997.809: [GC (Allocation Failure) [PSYoungGen: 446496K->143744K(517632K)] 1348208K->1148540K(1915904K), 0.0522997 secs] [Times: user=0.31 sys=0.00, real=0.05 secs] 
5000.338: [GC (Allocation Failure) [PSYoungGen: 483200K->105920K(445440K)] 1487996K->1245208K(1843712K), 0.1286901 secs] [Times: user=0.76 sys=0.00, real=0.13 secs] 
5002.080: [GC (Allocation Failure) [PSYoungGen: 445376K->141792K(517632K)] 1584664K->1382621K(1915904K), 0.0520677 secs] [Times: user=0.31 sys=0.00, real=0.05 secs] 
5002.132: [Full GC (Ergonomics) [PSYoungGen: 141792K->0K(517632K)] [ParOldGen: 1240829K->181202K(1398272K)] 1382621K->181202K(1915904K), [Metaspace: 60536K->60536K(1105920K)], 0.4293991 secs] [Times: user=2.00 sys=0.00, real=0.43 secs] 
5003.846: [GC (Allocation Failure) [PSYoungGen: 339968K->106560K(518656K)] 521170K->287762K(1916928K), 0.0335500 secs] [Times: user=0.20 sys=0.00, real=0.03 secs] 
5005.039: [GC (Allocation Failure) [PSYoungGen: 446528K->140000K(519168K)] 627730K->425122K(1917440K), 0.0523940 secs] [Times: user=0.30 sys=0.00, real=0.05 secs] 
5006.401: [GC (Allocation Failure) [PSYoungGen: 482016K->109376K(451584K)] 767138K->524839K(1849856K), 0.0640468 secs] [Times: user=0.38 sys=0.00, real=0.07 secs] 
5007.855: [GC (Allocation Failure) [PSYoungGen: 451392K->142112K(517632K)] 866855K->664083K(1915904K), 0.0529717 secs] [Times: user=0.32 sys=0.00, real=0.05 secs] 
5009.804: [GC (GCLocker Initiated GC) [PSYoungGen: 484640K->107424K(519168K)] 1006611K->762596K(1917440K), 0.1352586 secs] [Times: user=0.81 sys=0.01, real=0.14 secs] 
5011.142: [GC (Allocation Failure) [PSYoungGen: 449952K->143360K(519680K)] 1105126K->902363K(1917952K), 0.0528703 secs] [Times: user=0.32 sys=0.00, real=0.06 secs] 
5012.620: [GC (Allocation Failure) [PSYoungGen: 487936K->108608K(521728K)] 1246939K->1001859K(1920000K), 0.1005748 secs] [Times: user=0.59 sys=0.00, real=0.10 secs] 
5013.653: [GC (Allocation Failure) [PSYoungGen: 453184K->143040K(520192K)] 1346435K->1142484K(1918464K), 0.0538620 secs] [Times: user=0.32 sys=0.00, real=0.06 secs] 
5016.713: [GC (GCLocker Initiated GC) [PSYoungGen: 488128K->105984K(521728K)] 1487573K->1239405K(1920000K), 0.1661793 secs] [Times: user=0.99 sys=0.00, real=0.17 secs] 
5018.609: [GC (Allocation Failure) [PSYoungGen: 451072K->144064K(518656K)] 1584563K->1380104K(1916928K), 0.0524796 secs] [Times: user=0.31 sys=0.00, real=0.05 secs] 
5018.662: [Full GC (Ergonomics) [PSYoungGen: 144064K->0K(518656K)] [ParOldGen: 1236040K->178637K(1398272K)] 1380104K->178637K(1916928K), [Metaspace: 60536K->60536K(1105920K)], 0.4256980 secs] [Times: user=1.98 sys=0.00, real=0.43 secs] 
5020.695: [GC (Allocation Failure) [PSYoungGen: 343552K->105856K(521216K)] 522189K->284493K(1919488K), 0.0537917 secs] [Times: user=0.31 sys=0.00, real=0.05 secs] 
5022.141: [GC (Allocation Failure) [PSYoungGen: 449408K->140544K(520704K)] 628045K->421934K(1918976K), 0.0523307 secs] [Times: user=0.30 sys=0.01, real=0.05 secs] 
5023.482: [GC (Allocation Failure) [PSYoungGen: 485632K->110848K(456192K)] 767022K->523898K(1854464K), 0.0650621 secs] [Times: user=0.38 sys=0.01, real=0.07 secs] 
5024.864: [GC (Allocation Failure) [PSYoungGen: 455936K->140896K(519680K)] 868986K->662015K(1917952K), 0.0534634 secs] [Times: user=0.31 sys=0.00, real=0.06 secs] 
5026.856: [GC (Allocation Failure) [PSYoungGen: 486496K->112544K(520704K)] 1007615K->765675K(1918976K), 0.1081613 secs] [Times: user=0.64 sys=0.01, real=0.10 secs] 
5028.961: [GC (Allocation Failure) [PSYoungGen: 458144K->141216K(520704K)] 1111275K->903792K(1918976K), 0.0537353 secs] [Times: user=0.31 sys=0.00, real=0.05 secs] 
5030.409: [GC (Allocation Failure) [PSYoungGen: 489376K->113088K(522240K)] 1251952K->1007152K(1920512K), 0.0647006 secs] [Times: user=0.38 sys=0.00, real=0.06 secs] 
5031.673: [GC (Allocation Failure) [PSYoungGen: 461248K->142880K(521728K)] 1355312K->1146345K(1920000K), 0.0544007 secs] [Times: user=0.31 sys=0.00, real=0.06 secs] 
5033.739: [GC (Allocation Failure) [PSYoungGen: 493088K->109344K(523776K)] 1496553K->1246121K(1922048K), 0.1151028 secs] [Times: user=0.69 sys=0.00, real=0.11 secs] 
5035.269: [GC (Allocation Failure) [PSYoungGen: 459552K->147232K(519680K)] 1596329K->1389606K(1917952K), 0.0558383 secs] [Times: user=0.33 sys=0.00, real=0.06 secs] 
5035.325: [Full GC (Ergonomics) [PSYoungGen: 147232K->0K(519680K)] [ParOldGen: 1242374K->187401K(1398272K)] 1389606K->187401K(1917952K), [Metaspace: 60536K->60536K(1105920K)], 0.4358804 secs] [Times: user=2.00 sys=0.00, real=0.43 secs] 
5037.953: [GC (Allocation Failure) [PSYoungGen: 347648K->109024K(523264K)] 535049K->296425K(1921536K), 0.0811129 secs] [Times: user=0.48 sys=0.00, real=0.08 secs] 
5039.295: [GC (Allocation Failure) [PSYoungGen: 456672K->144992K(520192K)] 644073K->436786K(1918464K), 0.0520924 secs] [Times: user=0.30 sys=0.00, real=0.05 secs] 
5041.380: [GC (Allocation Failure) [PSYoungGen: 491616K->108896K(522752K)] 783410K->536430K(1921024K), 0.1010820 secs] [Times: user=0.59 sys=0.01, real=0.10 secs] 
5042.697: [GC (Allocation Failure) [PSYoungGen: 455520K->147904K(518144K)] 883054K->678311K(1916416K), 0.0518253 secs] [Times: user=0.31 sys=0.00, real=0.05 secs] 
5045.280: [GC (Allocation Failure) [PSYoungGen: 491456K->105024K(521216K)] 1021863K->774655K(1919488K), 0.1580681 secs] [Times: user=0.94 sys=0.00, real=0.16 secs] 
5046.459: [GC (Allocation Failure) [PSYoungGen: 448576K->146432K(517120K)] 1118207K->917312K(1915392K), 0.0511213 secs] [Times: user=0.30 sys=0.00, real=0.05 secs] 
5048.491: [GC (GCLocker Initiated GC) [PSYoungGen: 486912K->102656K(519680K)] 1257792K->1011256K(1917952K), 0.0640979 secs] [Times: user=0.38 sys=0.01, real=0.07 secs] 
5049.157: [GC (Allocation Failure) [PSYoungGen: 443136K->144128K(517120K)] 1351740K->1151667K(1915392K), 0.0509002 secs] [Times: user=0.30 sys=0.00, real=0.05 secs] 
5051.911: [GC (Allocation Failure) [PSYoungGen: 482560K->102720K(518656K)] 1490099K->1245691K(1916928K), 0.1429533 secs] [Times: user=0.85 sys=0.00, real=0.14 secs] 
5053.246: [GC (Allocation Failure) [PSYoungGen: 441152K->143392K(516608K)] 1584123K->1384920K(1914880K), 0.0507182 secs] [Times: user=0.30 sys=0.00, real=0.05 secs] 
5053.297: [Full GC (Ergonomics) [PSYoungGen: 143392K->0K(516608K)] [ParOldGen: 1241528K->182806K(1398272K)] 1384920K->182806K(1914880K), [Metaspace: 60536K->60536K(1105920K)], 0.4233777 secs] [Times: user=1.96 sys=0.00, real=0.42 secs] 
5055.199: [GC (Allocation Failure) [PSYoungGen: 336695K->106048K(443904K)] 519501K->288854K(1842176K), 0.0357342 secs] [Times: user=0.21 sys=0.00, real=0.04 secs] 
5056.876: [GC (Allocation Failure) [PSYoungGen: 443456K->138816K(517632K)] 626262K->423763K(1915904K), 0.0516255 secs] [Times: user=0.30 sys=0.00, real=0.05 secs] 
5058.345: [GC (Allocation Failure) [PSYoungGen: 477760K->105792K(517632K)] 762707K->520211K(1915904K), 0.0665569 secs] [Times: user=0.40 sys=0.00, real=0.06 secs] 
5059.481: [GC (Allocation Failure) [PSYoungGen: 444736K->141152K(517120K)] 859155K->658583K(1915392K), 0.0515093 secs] [Times: user=0.30 sys=0.00, real=0.05 secs] 
5061.629: [GC (GCLocker Initiated GC) [PSYoungGen: 481632K->105856K(518144K)] 999064K->755036K(1916416K), 0.1640887 secs] [Times: user=0.97 sys=0.00, real=0.16 secs] 
5063.644: [GC (Allocation Failure) [PSYoungGen: 446336K->139840K(520192K)] 1095555K->891663K(1918464K), 0.0520032 secs] [Times: user=0.30 sys=0.00, real=0.06 secs] 
5065.149: [GC (Allocation Failure) [PSYoungGen: 483904K->109280K(520704K)] 1235727K->991383K(1918976K), 0.0670456 secs] [Times: user=0.40 sys=0.00, real=0.07 secs] 
5066.164: [GC (Allocation Failure) [PSYoungGen: 453344K->149920K(515072K)] 1335447K->1139728K(1913344K), 0.0544209 secs] [Times: user=0.32 sys=0.00, real=0.06 secs] 
5068.433: [GC (Allocation Failure) [PSYoungGen: 490400K->107488K(519680K)] 1480208K->1229928K(1917952K), 0.0792591 secs] [Times: user=0.47 sys=0.01, real=0.08 secs] 
5070.312: [GC (Allocation Failure) [PSYoungGen: 447968K->147872K(515584K)] 1570408K->1375365K(1913856K), 0.0539122 secs] [Times: user=0.32 sys=0.00, real=0.06 secs] 
5071.770: [GC (Allocation Failure) [PSYoungGen: 486304K->108192K(518656K)] 1713797K->1465893K(1916928K), 0.0659980 secs] [Times: user=0.39 sys=0.00, real=0.07 secs] 
5071.836: [Full GC (Ergonomics) [PSYoungGen: 108192K->0K(518656K)] [ParOldGen: 1357701K->26504K(1398272K)] 1465893K->26504K(1916928K), [Metaspace: 60536K->60536K(1105920K)], 0.0417392 secs] [Times: user=0.12 sys=0.00, real=0.04 secs] 
5073.776: [GC (Allocation Failure) [PSYoungGen: 338432K->136320K(515584K)] 364936K->162824K(1913856K), 0.0273853 secs] [Times: user=0.15 sys=0.00, real=0.02 secs] 
5075.057: [GC (GCLocker Initiated GC) [PSYoungGen: 476800K->110784K(517632K)] 503304K->264184K(1915904K), 0.0627460 secs] [Times: user=0.37 sys=0.00, real=0.06 secs] 
5075.989: [GC (Allocation Failure) [PSYoungGen: 451264K->138688K(520704K)] 604667K->401112K(1918976K), 0.0526600 secs] [Times: user=0.31 sys=0.00, real=0.05 secs] 
5077.555: [GC (Allocation Failure) [PSYoungGen: 484800K->111744K(521216K)] 747224K->503368K(1919488K), 0.0661453 secs] [Times: user=0.39 sys=0.00, real=0.07 secs] 
5079.760: [GC (Allocation Failure) [PSYoungGen: 457856K->141280K(520192K)] 849480K->642405K(1918464K), 0.0542249 secs] [Times: user=0.32 sys=0.00, real=0.05 secs] 
5081.252: [GC (Allocation Failure) [PSYoungGen: 488928K->110944K(521728K)] 990053K->743857K(1920000K), 0.0655997 secs] [Times: user=0.39 sys=0.00, real=0.07 secs] 
5082.054: [GC (Allocation Failure) [PSYoungGen: 458592K->145280K(520704K)] 1091505K->886805K(1918976K), 0.0545441 secs] [Times: user=0.32 sys=0.00, real=0.06 secs] 
5083.650: [GC (Allocation Failure) [PSYoungGen: 494464K->108416K(523776K)] 1235989K->986229K(1922048K), 0.1121137 secs] [Times: user=0.66 sys=0.01, real=0.11 secs] 
5084.865: [GC (GCLocker Initiated GC) [PSYoungGen: 457600K->143904K(521728K)] 1335413K->1127298K(1920000K), 0.0547670 secs] [Times: user=0.32 sys=0.00, real=0.05 secs] 
5086.918: [GC (Allocation Failure) [PSYoungGen: 492576K->109440K(523776K)] 1475974K->1227346K(1922048K), 0.1508420 secs] [Times: user=0.90 sys=0.00, real=0.15 secs] 
5089.276: [GC (Allocation Failure) [PSYoungGen: 458112K->150432K(516096K)] 1576018K->1374790K(1914368K), 0.0551153 secs] [Times: user=0.33 sys=0.00, real=0.05 secs] 
5090.625: [GC (Allocation Failure) [PSYoungGen: 492960K->109408K(520704K)] 1717318K->1466606K(1918976K), 0.0662009 secs] [Times: user=0.39 sys=0.00, real=0.06 secs] 
5090.692: [Full GC (Ergonomics) [PSYoungGen: 109408K->0K(520704K)] [ParOldGen: 1357198K->34025K(1398272K)] 1466606K->34025K(1918976K), [Metaspace: 60536K->60536K(1105920K)], 0.0638054 secs] [Times: user=0.23 sys=0.00, real=0.07 secs] 
5091.493: [GC (Allocation Failure) [PSYoungGen: 342528K->142880K(520704K)] 376553K->176905K(1918976K), 0.0283759 secs] [Times: user=0.16 sys=0.00, real=0.03 secs] 
5093.156: [GC (Allocation Failure) [PSYoungGen: 487456K->107936K(452608K)] 521481K->275393K(1850880K), 0.0984767 secs] [Times: user=0.58 sys=0.01, real=0.09 secs] 
5095.770: [GC (Allocation Failure) [PSYoungGen: 452512K->141120K(520192K)] 619969K->413485K(1918464K), 0.0522950 secs] [Times: user=0.31 sys=0.00, real=0.05 secs] 
5097.216: [GC (Allocation Failure) [PSYoungGen: 485696K->110144K(521216K)] 758061K->514153K(1919488K), 0.0773368 secs] [Times: user=0.46 sys=0.00, real=0.07 secs] 
5098.464: [GC (Allocation Failure) [PSYoungGen: 454720K->142048K(520192K)] 858729K->652950K(1918464K), 0.0529494 secs] [Times: user=0.32 sys=0.00, real=0.06 secs] 
5099.886: [GC (Allocation Failure) [PSYoungGen: 487648K->111232K(521216K)] 998550K->754358K(1919488K), 0.0873627 secs] [Times: user=0.52 sys=0.00, real=0.08 secs] 
5100.736: [GC (Allocation Failure) [PSYoungGen: 456832K->145568K(519680K)] 1099958K->897183K(1917952K), 0.0539045 secs] [Times: user=0.31 sys=0.00, real=0.05 secs] 
5103.183: [GC (GCLocker Initiated GC) [PSYoungGen: 491680K->107072K(522240K)] 1243295K->995467K(1920512K), 0.1561562 secs] [Times: user=0.93 sys=0.00, real=0.16 secs] 
5105.730: [GC (Allocation Failure) [PSYoungGen: 453184K->142560K(521728K)] 1341582K->1134659K(1920000K), 0.0525150 secs] [Times: user=0.31 sys=0.00, real=0.05 secs] 
5107.186: [GC (Allocation Failure) [PSYoungGen: 489184K->109824K(456704K)] 1481283K->1235439K(1854976K), 0.0937280 secs] [Times: user=0.56 sys=0.01, real=0.09 secs] 
5108.353: [GC (Allocation Failure) [PSYoungGen: 456448K->145760K(519168K)] 1582063K->1378028K(1917440K), 0.0542980 secs] [Times: user=0.32 sys=0.00, real=0.06 secs] 
5108.408: [Full GC (Ergonomics) [PSYoungGen: 145760K->0K(519168K)] [ParOldGen: 1232268K->182401K(1398272K)] 1378028K->182401K(1917440K), [Metaspace: 60536K->60536K(1105920K)], 0.4308673 secs] [Times: user=2.00 sys=0.00, real=0.43 secs] 
5110.896: [GC (Allocation Failure) [PSYoungGen: 344576K->106112K(521728K)] 526977K->288513K(1920000K), 0.0743686 secs] [Times: user=0.44 sys=0.01, real=0.07 secs] 
5112.246: [GC (Allocation Failure) [PSYoungGen: 450688K->144352K(519168K)] 633089K->429690K(1917440K), 0.0521872 secs] [Times: user=0.31 sys=0.00, real=0.05 secs] 
5114.449: [GC (Allocation Failure) [PSYoungGen: 487904K->106208K(521216K)] 773242K->526934K(1919488K), 0.1530879 secs] [Times: user=0.90 sys=0.00, real=0.15 secs] 
5116.474: [GC (GCLocker Initiated GC) [PSYoungGen: 449760K->139936K(521216K)] 870487K->663827K(1919488K), 0.0529439 secs] [Times: user=0.31 sys=0.01, real=0.06 secs] 
5118.037: [GC (GCLocker Initiated GC) [PSYoungGen: 485024K->106816K(452096K)] 1008918K->761566K(1850368K), 0.0909098 secs] [Times: user=0.54 sys=0.00, real=0.09 secs] 
5119.204: [GC (Allocation Failure) [PSYoungGen: 451904K->142336K(519680K)] 1106724K->901009K(1917952K), 0.0530313 secs] [Times: user=0.32 sys=0.00, real=0.06 secs] 
5121.242: [GC (Allocation Failure) [PSYoungGen: 486912K->110624K(521216K)] 1245585K->1002161K(1919488K), 0.1281282 secs] [Times: user=0.76 sys=0.01, real=0.13 secs] 
5122.693: [GC (Allocation Failure) [PSYoungGen: 455200K->142432K(519168K)] 1346737K->1141758K(1917440K), 0.0548362 secs] [Times: user=0.32 sys=0.00, real=0.06 secs] 
5124.296: [GC (Allocation Failure) [PSYoungGen: 487520K->109248K(521216K)] 1486846K->1241518K(1919488K), 0.0675058 secs] [Times: user=0.40 sys=0.00, real=0.06 secs] 
5126.373: [GC (Allocation Failure) [PSYoungGen: 454336K->139776K(522240K)] 1586606K->1378035K(1920512K), 0.0540618 secs] [Times: user=0.32 sys=0.00, real=0.06 secs] 
5126.427: [Full GC (Ergonomics) [PSYoungGen: 139776K->0K(522240K)] [ParOldGen: 1238259K->176640K(1398272K)] 1378035K->176640K(1920512K), [Metaspace: 60537K->60537K(1105920K)], 0.4198466 secs] [Times: user=1.95 sys=0.00, real=0.42 secs] 
5128.208: [GC (Allocation Failure) [PSYoungGen: 348160K->110432K(522752K)] 524800K->287072K(1921024K), 0.0556666 secs] [Times: user=0.33 sys=0.00, real=0.05 secs] 
5129.895: [GC (Allocation Failure) [PSYoungGen: 458592K->142304K(521216K)] 635232K->426596K(1919488K), 0.0538252 secs] [Times: user=0.32 sys=0.00, real=0.06 secs] 
5132.317: [GC (Allocation Failure) [PSYoungGen: 490976K->115200K(522752K)] 775268K->532052K(1921024K), 0.1400057 secs] [Times: user=0.79 sys=0.00, real=0.14 secs] 
5133.888: [GC (Allocation Failure) [PSYoungGen: 463872K->145728K(520704K)] 880724K->669877K(1918976K), 0.0536432 secs] [Times: user=0.32 sys=0.00, real=0.05 secs] 
5135.628: [GC (Allocation Failure) [PSYoungGen: 494912K->110272K(523776K)] 1019061K->770941K(1922048K), 0.1446401 secs] [Times: user=0.85 sys=0.01, real=0.14 secs] 
5136.903: [GC (Allocation Failure) [PSYoungGen: 459456K->146080K(520192K)] 1120125K->913170K(1918464K), 0.0537615 secs] [Times: user=0.32 sys=0.00, real=0.06 secs] 
5138.848: [GC (Allocation Failure) [PSYoungGen: 493728K->108224K(523264K)] 1260818K->1012546K(1921536K), 0.1350126 secs] [Times: user=0.81 sys=0.00, real=0.13 secs] 
5140.379: [GC (Allocation Failure) [PSYoungGen: 455872K->146240K(519680K)] 1360194K->1155135K(1917952K), 0.0527658 secs] [Times: user=0.31 sys=0.00, real=0.05 secs] 
5141.921: [GC (Allocation Failure) [PSYoungGen: 491840K->111136K(522240K)] 1500735K->1257103K(1920512K), 0.0717945 secs] [Times: user=0.42 sys=0.00, real=0.07 secs] 
5142.623: [GC (Allocation Failure) [PSYoungGen: 456736K->146560K(518144K)] 1602703K->1399488K(1916416K), 0.0535048 secs] [Times: user=0.31 sys=0.00, real=0.06 secs] 
5142.676: [Full GC (Ergonomics) [PSYoungGen: 146560K->0K(518144K)] [ParOldGen: 1252928K->196666K(1398272K)] 1399488K->196666K(1916416K), [Metaspace: 60573K->60573K(1105920K)], 0.4635940 secs] [Times: user=2.14 sys=0.00, real=0.46 secs] 
5144.691: [GC (Allocation Failure) [PSYoungGen: 343552K->106336K(521216K)] 540218K->303002K(1919488K), 0.0333533 secs] [Times: user=0.20 sys=0.00, real=0.03 secs] 
5145.308: [GC (Allocation Failure) [PSYoungGen: 449852K->145472K(517632K)] 646518K->444527K(1915904K), 0.0503189 secs] [Times: user=0.30 sys=0.00, real=0.05 secs] 
5147.998: [GC (Allocation Failure) [PSYoungGen: 486976K->105376K(520192K)] 786031K->541143K(1918464K), 0.1213267 secs] [Times: user=0.72 sys=0.00, real=0.12 secs] 
5148.915: [GC (Allocation Failure) [PSYoungGen: 446880K->145056K(517632K)] 882647K->682428K(1915904K), 0.0506621 secs] [Times: user=0.30 sys=0.00, real=0.05 secs] 
5150.755: [GC (Allocation Failure) [PSYoungGen: 485536K->106016K(519680K)] 1022908K->779532K(1917952K), 0.1512979 secs] [Times: user=0.89 sys=0.00, real=0.15 secs] 
5152.039: [GC (Allocation Failure) [PSYoungGen: 446496K->143520K(518144K)] 1120012K->918560K(1916416K), 0.0503943 secs] [Times: user=0.29 sys=0.01, real=0.05 secs] 
5153.636: [GC (GCLocker Initiated GC) [PSYoungGen: 484000K->105248K(519680K)] 1259043K->1014739K(1917952K), 0.1083701 secs] [Times: user=0.64 sys=0.00, real=0.10 secs] 
5154.314: [GC (GCLocker Initiated GC) [PSYoungGen: 445728K->142464K(518144K)] 1355223K->1152976K(1916416K), 0.0509287 secs] [Times: user=0.30 sys=0.00, real=0.06 secs] 
5157.184: [GC (Allocation Failure) [PSYoungGen: 482944K->102400K(519680K)] 1493460K->1246124K(1917952K), 0.1555852 secs] [Times: user=0.93 sys=0.00, real=0.16 secs] 
5158.508: [GC (Allocation Failure) [PSYoungGen: 442880K->143648K(517632K)] 1586604K->1386512K(1915904K), 0.0510202 secs] [Times: user=0.30 sys=0.00, real=0.05 secs] 
5158.559: [Full GC (Ergonomics) [PSYoungGen: 143648K->0K(517632K)] [ParOldGen: 1242864K->185775K(1398272K)] 1386512K->185775K(1915904K), [Metaspace: 60573K->60573K(1105920K)], 0.4376736 secs] [Times: user=2.03 sys=0.00, real=0.44 secs] 
5160.309: [GC (GCLocker Initiated GC) [PSYoungGen: 339456K->106784K(446464K)] 525231K->292559K(1844736K), 0.0503460 secs] [Times: user=0.30 sys=0.00, real=0.05 secs] 
5161.826: [GC (Allocation Failure) [PSYoungGen: 446240K->149600K(513024K)] 632018K->437663K(1911296K), 0.0519755 secs] [Times: user=0.31 sys=0.00, real=0.05 secs] 
5163.306: [GC (Allocation Failure) [PSYoungGen: 484960K->105344K(517120K)] 773023K->525523K(1915392K), 0.0925637 secs] [Times: user=0.55 sys=0.00, real=0.09 secs] 
5164.711: [GC (Allocation Failure) [PSYoungGen: 440704K->140352K(515584K)] 860883K->662731K(1913856K), 0.0519333 secs] [Times: user=0.31 sys=0.00, real=0.05 secs] 
5166.814: [GC (Allocation Failure) [PSYoungGen: 477248K->104032K(517120K)] 999627K->757484K(1915392K), 0.1512603 secs] [Times: user=0.89 sys=0.01, real=0.16 secs] 
5169.382: [GC (Allocation Failure) [PSYoungGen: 440928K->137728K(517632K)] 1094380K->891852K(1915904K), 0.0514806 secs] [Times: user=0.30 sys=0.00, real=0.05 secs] 
5170.861: [GC (Allocation Failure) [PSYoungGen: 477696K->107968K(518144K)] 1231820K->990980K(1916416K), 0.0829033 secs] [Times: user=0.49 sys=0.00, real=0.08 secs] 
5172.642: [GC (Allocation Failure) [PSYoungGen: 447936K->137536K(519168K)] 1330948K->1126057K(1917440K), 0.0527132 secs] [Times: user=0.31 sys=0.00, real=0.06 secs] 
5173.997: [GC (Allocation Failure) [PSYoungGen: 480576K->111872K(519168K)] 1469097K->1228461K(1917440K), 0.0666511 secs] [Times: user=0.39 sys=0.00, real=0.06 secs] 
5176.562: [GC (Allocation Failure) [PSYoungGen: 454912K->138688K(519168K)] 1571501K->1364882K(1917440K), 0.0544043 secs] [Times: user=0.32 sys=0.00, real=0.06 secs] 
5177.983: [GC (GCLocker Initiated GC) [PSYoungGen: 484800K->111296K(519680K)] 1710995K->1466783K(1917952K), 0.0651725 secs] [Times: user=0.39 sys=0.00, real=0.07 secs] 
5178.048: [Full GC (Ergonomics) [PSYoungGen: 111296K->0K(519680K)] [ParOldGen: 1355487K->26985K(1398272K)] 1466783K->26985K(1917952K), [Metaspace: 60573K->60573K(1105920K)], 0.0449880 secs] [Times: user=0.13 sys=0.00, real=0.04 secs] 
5178.976: [GC (GCLocker Initiated GC) [PSYoungGen: 346112K->140096K(522752K)] 373102K->167087K(1921024K), 0.0279379 secs] [Times: user=0.16 sys=0.00, real=0.02 secs] 
5180.418: [GC (Allocation Failure) [PSYoungGen: 491328K->112320K(523776K)] 518323K->270355K(1922048K), 0.0822733 secs] [Times: user=0.48 sys=0.00, real=0.08 secs] 
5181.426: [GC (Allocation Failure) [PSYoungGen: 463552K->145984K(521216K)] 621587K->414632K(1919488K), 0.0529811 secs] [Times: user=0.31 sys=0.00, real=0.05 secs] 
5183.594: [GC (Allocation Failure) [PSYoungGen: 497216K->110016K(524800K)] 765864K->515316K(1923072K), 0.1392236 secs] [Times: user=0.82 sys=0.00, real=0.14 secs] 
5185.054: [GC (Allocation Failure) [PSYoungGen: 461248K->146272K(520192K)] 866548K->658400K(1918464K), 0.0532151 secs] [Times: user=0.31 sys=0.00, real=0.06 secs] 
5186.629: [GC (Allocation Failure) [PSYoungGen: 494944K->108896K(523776K)] 1007072K->757912K(1922048K), 0.0875243 secs] [Times: user=0.52 sys=0.00, real=0.09 secs] 
5188.045: [GC (Allocation Failure) [PSYoungGen: 457568K->143200K(521728K)] 1106584K->898053K(1920000K), 0.0528934 secs] [Times: user=0.31 sys=0.00, real=0.05 secs] 
5189.685: [GC (Allocation Failure) [PSYoungGen: 491872K->112672K(523776K)] 1246725K->1001469K(1922048K), 0.0825885 secs] [Times: user=0.49 sys=0.01, real=0.08 secs] 
5190.847: [GC (Allocation Failure) [PSYoungGen: 461344K->146784K(519680K)] 1350141K->1144594K(1917952K), 0.0542363 secs] [Times: user=0.32 sys=0.00, real=0.05 secs] 
5193.893: [GC (Allocation Failure) [PSYoungGen: 493408K->106048K(522752K)] 1491218K->1241294K(1921024K), 0.1237062 secs] [Times: user=0.73 sys=0.00, real=0.13 secs] 
5195.050: [GC (Allocation Failure) [PSYoungGen: 452672K->144608K(519168K)] 1587918K->1382331K(1917440K), 0.0524797 secs] [Times: user=0.31 sys=0.00, real=0.05 secs] 
5195.102: [Full GC (Ergonomics) [PSYoungGen: 144608K->0K(519168K)] [ParOldGen: 1237723K->186084K(1398272K)] 1382331K->186084K(1917440K), [Metaspace: 60573K->60573K(1105920K)], 0.4436388 secs] [Times: user=2.05 sys=0.00, real=0.45 secs] 
5196.927: [GC (Allocation Failure) [PSYoungGen: 344576K->106464K(521728K)] 530660K->292548K(1920000K), 0.0531441 secs] [Times: user=0.31 sys=0.00, real=0.05 secs] 
5198.226: [GC (Allocation Failure) [PSYoungGen: 451040K->152672K(513024K)] 637124K->440997K(1911296K), 0.0525472 secs] [Times: user=0.31 sys=0.00, real=0.05 secs] 
5200.010: [GC (GCLocker Initiated GC) [PSYoungGen: 490080K->105280K(518144K)] 778405K->528445K(1916416K), 0.1424453 secs] [Times: user=0.84 sys=0.01, real=0.14 secs] 
5201.759: [GC (Allocation Failure) [PSYoungGen: 442688K->141312K(517632K)] 865856K->665153K(1915904K), 0.0510043 secs] [Times: user=0.30 sys=0.00, real=0.05 secs] 
5203.424: [GC (Allocation Failure) [PSYoungGen: 480256K->108128K(447488K)] 1004097K->763457K(1845760K), 0.1092421 secs] [Times: user=0.65 sys=0.00, real=0.11 secs] 
5204.751: [GC (Allocation Failure) [PSYoungGen: 447072K->140768K(517632K)] 1102401K->901226K(1915904K), 0.0530529 secs] [Times: user=0.31 sys=0.00, real=0.05 secs] 
5206.393: [GC (Allocation Failure) [PSYoungGen: 480736K->106592K(518144K)] 1241194K->998562K(1916416K), 0.1047273 secs] [Times: user=0.62 sys=0.01, real=0.11 secs] 
5207.409: [GC (Allocation Failure) [PSYoungGen: 446560K->141536K(518656K)] 1338530K->1137471K(1916928K), 0.0527915 secs] [Times: user=0.31 sys=0.00, real=0.05 secs] 
5209.281: [GC (Allocation Failure) [PSYoungGen: 483552K->106528K(519680K)] 1479487K->1234703K(1917952K), 0.1663815 secs] [Times: user=0.99 sys=0.00, real=0.17 secs] 
5211.513: [GC (Allocation Failure) [PSYoungGen: 448544K->142176K(519680K)] 1576719K->1373692K(1917952K), 0.0529035 secs] [Times: user=0.31 sys=0.00, real=0.06 secs] 
5212.905: [GC (Allocation Failure) [PSYoungGen: 485728K->107008K(520704K)] 1717244K->1471348K(1918976K), 0.0683844 secs] [Times: user=0.40 sys=0.00, real=0.07 secs] 
5212.973: [Full GC (Ergonomics) [PSYoungGen: 107008K->0K(520704K)] [ParOldGen: 1364340K->32532K(1398272K)] 1471348K->32532K(1918976K), [Metaspace: 60573K->60573K(1105920K)], 0.0572242 secs] [Times: user=0.20 sys=0.00, real=0.06 secs] 
5214.260: [GC (Allocation Failure) [PSYoungGen: 343552K->142368K(519680K)] 376084K->174900K(1917952K), 0.0285746 secs] [Times: user=0.17 sys=0.00, real=0.03 secs] 
5215.745: [GC (Allocation Failure) [PSYoungGen: 486432K->110080K(454656K)] 518964K->275484K(1852928K), 0.0669321 secs] [Times: user=0.40 sys=0.00, real=0.06 secs] 
5217.433: [GC (Allocation Failure) [PSYoungGen: 454144K->140704K(519680K)] 619548K->413177K(1917952K), 0.0525649 secs] [Times: user=0.30 sys=0.00, real=0.06 secs] 
5218.985: [GC (Allocation Failure) [PSYoungGen: 485792K->112544K(520704K)] 758265K->516333K(1918976K), 0.1056059 secs] [Times: user=0.63 sys=0.00, real=0.10 secs] 
5221.426: [GC (Allocation Failure) [PSYoungGen: 457632K->139872K(520704K)] 861421K->653266K(1918976K), 0.0545812 secs] [Times: user=0.32 sys=0.00, real=0.05 secs] 
5222.783: [GC (GCLocker Initiated GC) [PSYoungGen: 487520K->109568K(521728K)] 1000914K->753178K(1920000K), 0.0641393 secs] [Times: user=0.39 sys=0.00, real=0.07 secs] 
5224.007: [GC (Allocation Failure) [PSYoungGen: 457216K->144352K(521216K)] 1100897K->894933K(1919488K), 0.0540504 secs] [Times: user=0.31 sys=0.00, real=0.05 secs] 
5226.061: [GC (Allocation Failure) [PSYoungGen: 493536K->108128K(523776K)] 1244117K->994125K(1922048K), 0.1077640 secs] [Times: user=0.63 sys=0.01, real=0.11 secs] 
5227.831: [GC (Allocation Failure) [PSYoungGen: 457312K->144608K(520704K)] 1343309K->1135570K(1918976K), 0.0535394 secs] [Times: user=0.31 sys=0.00, real=0.06 secs] 
5229.307: [GC (Allocation Failure) [PSYoungGen: 492256K->111488K(523264K)] 1483218K->1237570K(1921536K), 0.0884022 secs] [Times: user=0.53 sys=0.00, real=0.09 secs] 
5230.398: [GC (Allocation Failure) [PSYoungGen: 459136K->146080K(519680K)] 1585218K->1379687K(1917952K), 0.0542975 secs] [Times: user=0.32 sys=0.00, real=0.05 secs] 
5230.453: [Full GC (Ergonomics) [PSYoungGen: 146080K->0K(519680K)] [ParOldGen: 1233607K->183730K(1398272K)] 1379687K->183730K(1917952K), [Metaspace: 60573K->60573K(1105920K)], 0.4317687 secs] [Times: user=1.99 sys=0.00, real=0.43 secs] 
5232.740: [GC (Allocation Failure) [PSYoungGen: 346624K->106336K(522752K)] 530354K->290066K(1921024K), 0.0587209 secs] [Times: user=0.35 sys=0.00, real=0.06 secs] 
5234.223: [GC (Allocation Failure) [PSYoungGen: 452960K->145152K(519680K)] 636690K->431370K(1917952K), 0.0524202 secs] [Times: user=0.31 sys=0.00, real=0.06 secs] 
5236.387: [GC (GCLocker Initiated GC) [PSYoungGen: 489728K->108576K(521728K)] 775947K->530795K(1920000K), 0.1190197 secs] [Times: user=0.71 sys=0.00, real=0.12 secs] 
5237.335: [GC (Allocation Failure) [PSYoungGen: 453152K->146048K(518144K)] 875374K->672542K(1916416K), 0.0522207 secs] [Times: user=0.31 sys=0.00, real=0.06 secs] 
5238.740: [GC (Allocation Failure) [PSYoungGen: 488576K->107104K(520704K)] 1015070K->770470K(1918976K), 0.0646667 secs] [Times: user=0.38 sys=0.00, real=0.07 secs] 
5239.804: [GC (Allocation Failure) [PSYoungGen: 449632K->144640K(518144K)] 1112998K->910907K(1916416K), 0.0521462 secs] [Times: user=0.31 sys=0.00, real=0.06 secs] 
5242.142: [GC (Allocation Failure) [PSYoungGen: 486144K->106144K(520192K)] 1252411K->1007787K(1918464K), 0.1069066 secs] [Times: user=0.64 sys=0.00, real=0.11 secs] 
5243.648: [GC (Allocation Failure) [PSYoungGen: 447648K->142624K(519680K)] 1349291K->1146140K(1917952K), 0.0519480 secs] [Times: user=0.30 sys=0.00, real=0.05 secs] 
5245.157: [GC (Allocation Failure) [PSYoungGen: 485152K->108640K(451584K)] 1488668K->1245916K(1849856K), 0.0914329 secs] [Times: user=0.54 sys=0.00, real=0.09 secs] 
5245.933: [GC (Allocation Failure) [PSYoungGen: 451168K->144064K(518656K)] 1588444K->1386113K(1916928K), 0.0525607 secs] [Times: user=0.31 sys=0.00, real=0.06 secs] 
5245.985: [Full GC (Ergonomics) [PSYoungGen: 144064K->0K(518656K)] [ParOldGen: 1242049K->184244K(1398272K)] 1386113K->184244K(1916928K), [Metaspace: 60573K->60573K(1105920K)], 0.4416567 secs] [Times: user=2.05 sys=0.00, real=0.44 secs] 
5248.025: [GC (Allocation Failure) [PSYoungGen: 342016K->105952K(520192K)] 526260K->290196K(1918464K), 0.0434111 secs] [Times: user=0.25 sys=0.00, real=0.04 secs] 
5249.049: [GC (Allocation Failure) [PSYoungGen: 447968K->144992K(517120K)] 632212K->430661K(1915392K), 0.0517848 secs] [Times: user=0.30 sys=0.00, real=0.05 secs] 
5251.636: [GC (Allocation Failure) [PSYoungGen: 485472K->104128K(519680K)] 771141K->525661K(1917952K), 0.1412201 secs] [Times: user=0.83 sys=0.01, real=0.14 secs] 
5253.762: [GC (Allocation Failure) [PSYoungGen: 444608K->138848K(518656K)] 866141K->661705K(1916928K), 0.0520112 secs] [Times: user=0.30 sys=0.00, real=0.05 secs] 
5255.058: [GC (Allocation Failure) [PSYoungGen: 480864K->111488K(519680K)] 1003721K->763905K(1917952K), 0.0646465 secs] [Times: user=0.38 sys=0.00, real=0.06 secs] 
5255.788: [GC (Allocation Failure) [PSYoungGen: 453504K->141376K(518656K)] 1105921K->902305K(1916928K), 0.0542022 secs] [Times: user=0.32 sys=0.00, real=0.05 secs] 
5257.648: [GC (Allocation Failure) [PSYoungGen: 484928K->107680K(519680K)] 1245857K->1000121K(1917952K), 0.1166838 secs] [Times: user=0.69 sys=0.01, real=0.12 secs] 
5258.666: [GC (GCLocker Initiated GC) [PSYoungGen: 451232K->142272K(520704K)] 1343673K->1139142K(1918976K), 0.0540038 secs] [Times: user=0.32 sys=0.00, real=0.05 secs] 
5260.600: [GC (Allocation Failure) [PSYoungGen: 488384K->110080K(522240K)] 1485257K->1239761K(1920512K), 0.0920600 secs] [Times: user=0.55 sys=0.00, real=0.09 secs] 
5262.510: [GC (Allocation Failure) [PSYoungGen: 456192K->143328K(520704K)] 1585873K->1379590K(1918976K), 0.0549666 secs] [Times: user=0.32 sys=0.00, real=0.06 secs] 
5262.565: [Full GC (Ergonomics) [PSYoungGen: 143328K->0K(520704K)] [ParOldGen: 1236262K->177490K(1398272K)] 1379590K->177490K(1918976K), [Metaspace: 60573K->60573K(1105920K)], 0.4243578 secs] [Times: user=1.97 sys=0.00, real=0.42 secs] 
5265.016: [GC (GCLocker Initiated GC) [PSYoungGen: 346624K->105344K(522240K)] 524114K->282834K(1920512K), 0.0864483 secs] [Times: user=0.51 sys=0.00, real=0.08 secs] 
5266.857: [GC (Allocation Failure) [PSYoungGen: 451968K->142944K(520192K)] 629497K->422905K(1918464K), 0.0524168 secs] [Times: user=0.31 sys=0.00, real=0.05 secs] 
5269.029: [GC (Allocation Failure) [PSYoungGen: 488544K->108384K(522240K)] 768505K->521974K(1920512K), 0.1756006 secs] [Times: user=1.04 sys=0.01, real=0.17 secs] 
5270.858: [GC (Allocation Failure) [PSYoungGen: 453984K->143072K(520192K)] 867574K->661582K(1918464K), 0.0527266 secs] [Times: user=0.31 sys=0.00, real=0.05 secs] 
5272.499: [GC (Allocation Failure) [PSYoungGen: 488672K->108448K(522240K)] 1007182K->760710K(1920512K), 0.0839267 secs] [Times: user=0.50 sys=0.01, real=0.08 secs] 
5273.255: [GC (Allocation Failure) [PSYoungGen: 454048K->143392K(520192K)] 1106310K->901383K(1918464K), 0.0530669 secs] [Times: user=0.31 sys=0.00, real=0.05 secs] 
5275.032: [GC (Allocation Failure) [PSYoungGen: 488992K->109952K(455680K)] 1246983K->1001951K(1853952K), 0.0919606 secs] [Times: user=0.54 sys=0.00, real=0.09 secs] 
5275.918: [GC (Allocation Failure) [PSYoungGen: 455552K->144704K(519168K)] 1347551K->1143456K(1917440K), 0.0535272 secs] [Times: user=0.32 sys=0.00, real=0.05 secs] 
5278.035: [GC (Allocation Failure) [PSYoungGen: 489792K->107808K(521728K)] 1488544K->1242184K(1920000K), 0.1619657 secs] [Times: user=0.96 sys=0.01, real=0.16 secs] 
5279.502: [GC (Allocation Failure) [PSYoungGen: 452896K->143584K(519680K)] 1587272K->1382653K(1917952K), 0.0538028 secs] [Times: user=0.32 sys=0.00, real=0.06 secs] 
5279.556: [Full GC (Ergonomics) [PSYoungGen: 143584K->0K(519680K)] [ParOldGen: 1239069K->180739K(1398272K)] 1382653K->180739K(1917952K), [Metaspace: 60576K->60576K(1105920K)], 0.4215399 secs] [Times: user=1.94 sys=0.00, real=0.42 secs] 
5281.206: [GC (Allocation Failure) [PSYoungGen: 344576K->108384K(521728K)] 525315K->289123K(1920000K), 0.0497188 secs] [Times: user=0.29 sys=0.00, real=0.05 secs] 
5282.631: [GC (Allocation Failure) [PSYoungGen: 452960K->142368K(520192K)] 633699K->427488K(1918464K), 0.0520370 secs] [Times: user=0.31 sys=0.00, real=0.05 secs] 
5284.831: [GC (Allocation Failure) [PSYoungGen: 487456K->108160K(521728K)] 772576K->526512K(1920000K), 0.1595559 secs] [Times: user=0.95 sys=0.00, real=0.16 secs] 
5286.577: [GC (Allocation Failure) [PSYoungGen: 453248K->142944K(519680K)] 871600K->666225K(1917952K), 0.0523537 secs] [Times: user=0.31 sys=0.01, real=0.05 secs] 
5288.032: [GC (GCLocker Initiated GC) [PSYoungGen: 488032K->109440K(521728K)] 1011313K->766081K(1920000K), 0.0777892 secs] [Times: user=0.46 sys=0.01, real=0.08 secs] 
5289.253: [GC (Allocation Failure) [PSYoungGen: 454528K->144800K(520192K)] 1111239K->907227K(1918464K), 0.0536953 secs] [Times: user=0.32 sys=0.00, real=0.06 secs] 
5291.654: [GC (Allocation Failure) [PSYoungGen: 490400K->106720K(522240K)] 1252827K->1004807K(1920512K), 0.1018108 secs] [Times: user=0.61 sys=0.01, real=0.11 secs] 
5292.986: [GC (Allocation Failure) [PSYoungGen: 452320K->153632K(512512K)] 1350407K->1154404K(1910784K), 0.0531973 secs] [Times: user=0.31 sys=0.00, real=0.05 secs] 
5294.820: [GC (Allocation Failure) [PSYoungGen: 491040K->106976K(518144K)] 1491812K->1243980K(1916416K), 0.1020927 secs] [Times: user=0.61 sys=0.00, real=0.10 secs] 
5296.513: [GC (Allocation Failure) [PSYoungGen: 444384K->140416K(516608K)] 1581388K->1379993K(1914880K), 0.0522019 secs] [Times: user=0.31 sys=0.00, real=0.06 secs] 
5296.566: [Full GC (Ergonomics) [PSYoungGen: 140416K->0K(516608K)] [ParOldGen: 1239577K->178252K(1398272K)] 1379993K->178252K(1914880K), [Metaspace: 60578K->60578K(1105920K)], 0.4168398 secs] [Times: user=1.92 sys=0.00, real=0.41 secs] 
5298.164: [GC (Allocation Failure) [PSYoungGen: 338944K->106816K(518144K)] 517196K->285069K(1916416K), 0.0342145 secs] [Times: user=0.20 sys=0.01, real=0.04 secs] 
5299.023: [GC (Allocation Failure) [PSYoungGen: 445760K->141056K(519168K)] 624013K->423377K(1917440K), 0.0525327 secs] [Times: user=0.30 sys=0.00, real=0.06 secs] 
5300.656: [GC (Allocation Failure) [PSYoungGen: 482560K->107168K(519680K)] 764881K->521153K(1917952K), 0.0834186 secs] [Times: user=0.50 sys=0.00, real=0.08 secs] 
5301.742: [GC (Allocation Failure) [PSYoungGen: 448672K->142848K(518144K)] 862657K->661054K(1916416K), 0.0525777 secs] [Times: user=0.31 sys=0.00, real=0.06 secs] 
5303.541: [GC (Allocation Failure) [PSYoungGen: 484352K->108000K(519680K)] 1002558K->759630K(1917952K), 0.1298758 secs] [Times: user=0.77 sys=0.00, real=0.13 secs] 
5305.274: [GC (Allocation Failure) [PSYoungGen: 449504K->141888K(519168K)] 1101134K->898451K(1917440K), 0.0531531 secs] [Times: user=0.32 sys=0.00, real=0.06 secs] 
5306.588: [GC (Allocation Failure) [PSYoungGen: 484928K->108576K(520192K)] 1241491K->997499K(1918464K), 0.0643968 secs] [Times: user=0.39 sys=0.00, real=0.06 secs] 
5308.223: [GC (Allocation Failure) [PSYoungGen: 451616K->140288K(519680K)] 1340539K->1135032K(1917952K), 0.0528289 secs] [Times: user=0.31 sys=0.00, real=0.06 secs] 
5309.754: [GC (Allocation Failure) [PSYoungGen: 484864K->109472K(520704K)] 1479608K->1235064K(1918976K), 0.0910480 secs] [Times: user=0.53 sys=0.01, real=0.10 secs] 
5311.969: [GC (Allocation Failure) [PSYoungGen: 454048K->141632K(520704K)] 1579640K->1373621K(1918976K), 0.0539271 secs] [Times: user=0.32 sys=0.00, real=0.05 secs] 
5313.514: [GC (Allocation Failure) [PSYoungGen: 488256K->107552K(521728K)] 1720245K->1472133K(1920000K), 0.0726885 secs] [Times: user=0.43 sys=0.00, real=0.08 secs] 
5313.587: [Full GC (Ergonomics) [PSYoungGen: 107552K->0K(521728K)] [ParOldGen: 1364581K->33744K(1398272K)] 1472133K->33744K(1920000K), [Metaspace: 60582K->60582K(1105920K)], 0.0598609 secs] [Times: user=0.21 sys=0.00, real=0.06 secs] 
5315.001: [GC (Allocation Failure) [PSYoungGen: 346624K->143584K(521216K)] 380368K->177328K(1919488K), 0.0286926 secs] [Times: user=0.16 sys=0.00, real=0.03 secs] 
5317.745: [GC (GCLocker Initiated GC) [PSYoungGen: 491232K->108352K(523264K)] 524976K->276632K(1921536K), 0.1631208 secs] [Times: user=0.97 sys=0.00, real=0.16 secs] 
5319.717: [GC (Allocation Failure) [PSYoungGen: 456000K->143328K(520704K)] 624283K->416888K(1918976K), 0.0520040 secs] [Times: user=0.31 sys=0.00, real=0.05 secs] 
5321.409: [GC (Allocation Failure) [PSYoungGen: 489952K->110112K(457216K)] 763512K->517904K(1855488K), 0.0866501 secs] [Times: user=0.51 sys=0.00, real=0.09 secs] 
5323.043: [GC (Allocation Failure) [PSYoungGen: 456736K->142912K(520192K)] 864528K->657701K(1918464K), 0.0530157 secs] [Times: user=0.32 sys=0.00, real=0.06 secs] 
5324.451: [GC (Allocation Failure) [PSYoungGen: 489536K->111456K(522240K)] 1004325K->759445K(1920512K), 0.0868060 secs] [Times: user=0.51 sys=0.00, real=0.09 secs] 
5325.464: [GC (Allocation Failure) [PSYoungGen: 458080K->143584K(521216K)] 1106069K->900082K(1919488K), 0.0541190 secs] [Times: user=0.32 sys=0.01, real=0.06 secs] 
5327.004: [GC (Allocation Failure) [PSYoungGen: 491232K->111072K(458752K)] 1247730K->1002218K(1857024K), 0.0948060 secs] [Times: user=0.55 sys=0.01, real=0.10 secs] 
5328.155: [GC (Allocation Failure) [PSYoungGen: 458720K->145472K(519680K)] 1349866K->1143558K(1917952K), 0.0544457 secs] [Times: user=0.32 sys=0.00, real=0.05 secs] 
5330.039: [GC (Allocation Failure) [PSYoungGen: 492096K->110144K(522752K)] 1490182K->1244362K(1921024K), 0.0985120 secs] [Times: user=0.58 sys=0.01, real=0.10 secs] 
5331.086: [GC (Allocation Failure) [PSYoungGen: 456768K->146976K(518656K)] 1590986K->1387127K(1916928K), 0.0539491 secs] [Times: user=0.32 sys=0.00, real=0.05 secs] 
5331.140: [Full GC (Ergonomics) [PSYoungGen: 146976K->0K(518656K)] [ParOldGen: 1240151K->191311K(1398272K)] 1387127K->191311K(1916928K), [Metaspace: 60582K->60582K(1105920K)], 0.4524038 secs] [Times: user=2.10 sys=0.00, real=0.45 secs] 
5333.100: [GC (Allocation Failure) [PSYoungGen: 344576K->106656K(521728K)] 535887K->297967K(1920000K), 0.0457196 secs] [Times: user=0.27 sys=0.00, real=0.05 secs] 
5333.811: [GC (Allocation Failure) [PSYoungGen: 451232K->154752K(510976K)] 642543K->449160K(1909248K), 0.0513673 secs] [Times: user=0.30 sys=0.00, real=0.05 secs] 
5335.397: [GC (GCLocker Initiated GC) [PSYoungGen: 490112K->103456K(517120K)] 784520K->535312K(1915392K), 0.0993461 secs] [Times: user=0.59 sys=0.01, real=0.10 secs] 
5336.332: [GC (Allocation Failure) [PSYoungGen: 438816K->150464K(510976K)] 870675K->681688K(1909248K), 0.0504641 secs] [Times: user=0.30 sys=0.00, real=0.05 secs] 
5338.393: [GC (GCLocker Initiated GC) [PSYoungGen: 480704K->100416K(514560K)] 1011928K->764672K(1912832K), 0.1693351 secs] [Times: user=1.00 sys=0.01, real=0.17 secs] 
5340.055: [GC (Allocation Failure) [PSYoungGen: 430656K->137120K(510464K)] 1094983K->898800K(1908736K), 0.0496369 secs] [Times: user=0.29 sys=0.01, real=0.04 secs] 
5341.382: [GC (Allocation Failure) [PSYoungGen: 468384K->104256K(513024K)] 1230064K->994380K(1911296K), 0.0637107 secs] [Times: user=0.38 sys=0.00, real=0.07 secs] 
5342.940: [GC (Allocation Failure) [PSYoungGen: 435520K->136512K(514048K)] 1325644K->1128141K(1912320K), 0.0523330 secs] [Times: user=0.31 sys=0.00, real=0.05 secs] 
5344.244: [GC (GCLocker Initiated GC) [PSYoungGen: 473408K->106656K(516096K)] 1465037K->1225737K(1914368K), 0.0643161 secs] [Times: user=0.38 sys=0.00, real=0.07 secs] 
5346.717: [GC (Allocation Failure) [PSYoungGen: 443552K->144064K(517632K)] 1562635K->1367340K(1915904K), 0.0533621 secs] [Times: user=0.31 sys=0.00, real=0.05 secs] 
5348.040: [GC (Allocation Failure) [PSYoungGen: 484544K->109536K(450048K)] 1707820K->1459232K(1848320K), 0.0644111 secs] [Times: user=0.38 sys=0.00, real=0.06 secs] 
5348.105: [Full GC (Ergonomics) [PSYoungGen: 109536K->0K(450048K)] [ParOldGen: 1349696K->20711K(1398272K)] 1459232K->20711K(1848320K), [Metaspace: 60582K->59674K(1105920K)], 0.0361202 secs] [Times: user=0.08 sys=0.00, real=0.04 secs] 
5350.011: [GC (Allocation Failure) [PSYoungGen: 340480K->135168K(520192K)] 361191K->155879K(1918464K), 0.0266116 secs] [Times: user=0.16 sys=0.00, real=0.03 secs] 
5351.321: [GC (Allocation Failure) [PSYoungGen: 478720K->113632K(519168K)] 499431K->260027K(1917440K), 0.0638035 secs] [Times: user=0.38 sys=0.00, real=0.07 secs] 
5353.478: [GC (Allocation Failure) [PSYoungGen: 457184K->134816K(520192K)] 603579K->393128K(1918464K), 0.0528273 secs] [Times: user=0.32 sys=0.00, real=0.05 secs] 
5354.893: [GC (Allocation Failure) [PSYoungGen: 482464K->115104K(519168K)] 740776K->498600K(1917440K), 0.0631198 secs] [Times: user=0.37 sys=0.00, real=0.07 secs] 
5356.815: [GC (Allocation Failure) [PSYoungGen: 462752K->138848K(522752K)] 846248K->635517K(1921024K), 0.0543028 secs] [Times: user=0.32 sys=0.00, real=0.05 secs] 
5358.204: [GC (Allocation Failure) [PSYoungGen: 492640K->115264K(523776K)] 989309K->741245K(1922048K), 0.0654893 secs] [Times: user=0.38 sys=0.01, real=0.07 secs] 
5359.570: [GC (Allocation Failure) [PSYoungGen: 469056K->143648K(523776K)] 1095037K->882946K(1922048K), 0.0549550 secs] [Times: user=0.33 sys=0.00, real=0.06 secs] 
5360.900: [GC (Allocation Failure) [PSYoungGen: 500512K->113760K(526848K)] 1239810K->987554K(1925120K), 0.0669745 secs] [Times: user=0.40 sys=0.00, real=0.07 secs] 
5362.859: [GC (Allocation Failure) [PSYoungGen: 470624K->145376K(524800K)] 1344418K->1129871K(1923072K), 0.0545522 secs] [Times: user=0.32 sys=0.00, real=0.05 secs] 
5364.499: [GC (Allocation Failure) [PSYoungGen: 500443K->115712K(527872K)] 1484939K->1235767K(1926144K), 0.1012005 secs] [Times: user=0.60 sys=0.01, real=0.10 secs] 
5365.700: [GC (Allocation Failure) [PSYoungGen: 472576K->147808K(522240K)] 1592631K->1380239K(1920512K), 0.0546059 secs] [Times: user=0.32 sys=0.00, real=0.05 secs] 
5367.233: [GC (GCLocker Initiated GC) [PSYoungGen: 501600K->111168K(526336K)] 1734031K->1482284K(1924608K), 0.1264951 secs] [Times: user=0.75 sys=0.01, real=0.13 secs] 
5367.360: [Full GC (Ergonomics) [PSYoungGen: 111168K->0K(526336K)] [ParOldGen: 1371115K->49276K(1398272K)] 1482284K->49276K(1924608K), [Metaspace: 59674K->59674K(1105920K)], 0.1243271 secs] [Times: user=0.52 sys=0.01, real=0.12 secs] 
5368.784: [GC (Allocation Failure) [PSYoungGen: 353792K->149504K(519680K)] 403071K->198783K(1917952K), 0.0301068 secs] [Times: user=0.18 sys=0.00, real=0.03 secs] 
5370.591: [GC (Allocation Failure) [PSYoungGen: 498176K->111296K(523776K)] 547455K->300967K(1922048K), 0.0647793 secs] [Times: user=0.39 sys=0.00, real=0.07 secs] 
5371.939: [GC (Allocation Failure) [PSYoungGen: 459968K->146592K(520192K)] 649639K->441032K(1918464K), 0.0512747 secs] [Times: user=0.31 sys=0.00, real=0.05 secs] 
5373.589: [GC (Allocation Failure) [PSYoungGen: 493216K->109600K(522752K)] 787656K->541432K(1921024K), 0.0868465 secs] [Times: user=0.52 sys=0.00, real=0.09 secs] 
5374.362: [GC (Allocation Failure) [PSYoungGen: 450314K->142848K(522240K)] 882146K->679701K(1920512K), 0.0516412 secs] [Times: user=0.30 sys=0.00, real=0.05 secs] 
5376.019: [GC (GCLocker Initiated GC) [PSYoungGen: 490496K->106656K(523264K)] 1027350K->777374K(1921536K), 0.0899336 secs] [Times: user=0.53 sys=0.00, real=0.09 secs] 
5377.337: [GC (Allocation Failure) [PSYoungGen: 454304K->138400K(523264K)] 1141409K->927665K(1921536K), 0.2279322 secs] [Times: user=1.36 sys=0.00, real=0.23 secs] 
5380.157: [GC (Allocation Failure) [PSYoungGen: 487072K->97568K(523264K)] 1276337K->1024793K(1921536K), 0.3424913 secs] [Times: user=2.05 sys=0.00, real=0.34 secs] 
5381.136: [GC (Allocation Failure) [PSYoungGen: 446240K->168704K(501248K)] 1373465K->1187434K(1899520K), 0.0566695 secs] [Times: user=0.34 sys=0.01, real=0.05 secs] 
5383.326: [GC (Allocation Failure) [PSYoungGen: 494848K->85184K(411648K)] 1513578K->1256066K(1809920K), 0.1289527 secs] [Times: user=0.76 sys=0.01, real=0.13 secs] 
5384.335: [GC (Allocation Failure) [PSYoungGen: 411328K->137952K(512512K)] 1582210K->1389483K(1910784K), 0.0489653 secs] [Times: user=0.29 sys=0.00, real=0.05 secs] 
5384.384: [Full GC (Ergonomics) [PSYoungGen: 137952K->0K(512512K)] [ParOldGen: 1251531K->191844K(1398272K)] 1389483K->191844K(1910784K), [Metaspace: 59674K->59674K(1105920K)], 0.4477671 secs] [Times: user=2.07 sys=0.00, real=0.45 secs] 
5386.753: [GC (Allocation Failure) [PSYoungGen: 324608K->100768K(425472K)] 516452K->292612K(1823744K), 0.0683224 secs] [Times: user=0.40 sys=0.00, real=0.07 secs] 
5388.507: [GC (GCLocker Initiated GC) [PSYoungGen: 425376K->135488K(510976K)] 617221K->424078K(1909248K), 0.0488982 secs] [Times: user=0.29 sys=0.00, real=0.05 secs] 
5389.779: [GC (GCLocker Initiated GC) [PSYoungGen: 461632K->101760K(509440K)] 750224K->516828K(1907712K), 0.0631814 secs] [Times: user=0.37 sys=0.00, real=0.06 secs] 
5391.176: [GC (Allocation Failure) [PSYoungGen: 427904K->132256K(513536K)] 842975K->646324K(1911808K), 0.0508173 secs] [Times: user=0.30 sys=0.00, real=0.05 secs] 
5392.473: [GC (GCLocker Initiated GC) [PSYoungGen: 465056K->108480K(512000K)] 979124K->744908K(1910272K), 0.0631640 secs] [Times: user=0.38 sys=0.00, real=0.07 secs] 
5393.537: [GC (Allocation Failure) [PSYoungGen: 441280K->135424K(515584K)] 1077711K->878476K(1913856K), 0.0534842 secs] [Times: user=0.32 sys=0.00, real=0.05 secs] 
5394.900: [GC (Allocation Failure) [PSYoungGen: 474880K->111552K(515072K)] 1217932K->980364K(1913344K), 0.0659576 secs] [Times: user=0.39 sys=0.00, real=0.07 secs] 
5396.579: [GC (Allocation Failure) [PSYoungGen: 451008K->134848K(520192K)] 1319820K->1113360K(1918464K), 0.0546891 secs] [Times: user=0.32 sys=0.00, real=0.05 secs] 
5397.951: [GC (Allocation Failure) [PSYoungGen: 482496K->115264K(519680K)] 1461008K->1219104K(1917952K), 0.0647809 secs] [Times: user=0.39 sys=0.00, real=0.07 secs] 
5399.826: [GC (Allocation Failure) [PSYoungGen: 462912K->137760K(521728K)] 1566752K->1355101K(1920000K), 0.0555769 secs] [Times: user=0.33 sys=0.00, real=0.05 secs] 
5401.157: [GC (Allocation Failure) [PSYoungGen: 491040K->115264K(522752K)] 1708381K->1461197K(1921024K), 0.0669217 secs] [Times: user=0.40 sys=0.00, real=0.06 secs] 
5401.224: [Full GC (Ergonomics) [PSYoungGen: 115264K->0K(522752K)] [ParOldGen: 1345933K->22850K(1398272K)] 1461197K->22850K(1921024K), [Metaspace: 59675K->59675K(1105920K)], 0.0333511 secs] [Times: user=0.10 sys=0.00, real=0.04 secs] 
5404.319: [GC (Allocation Failure) [PSYoungGen: 353280K->139520K(526336K)] 376130K->162370K(1924608K), 0.0274596 secs] [Times: user=0.16 sys=0.00, real=0.03 secs] 
5405.635: [GC (GCLocker Initiated GC) [PSYoungGen: 498944K->116800K(527872K)] 521794K->269610K(1926144K), 0.0651762 secs] [Times: user=0.38 sys=0.00, real=0.06 secs] 
5407.497: [GC (Allocation Failure) [PSYoungGen: 476224K->143872K(525824K)] 629038K->411234K(1924096K), 0.0549571 secs] [Times: user=0.32 sys=0.00, real=0.05 secs] 
5409.021: [GC (Allocation Failure) [PSYoungGen: 504320K->116928K(528896K)] 771682K->518906K(1927168K), 0.0925583 secs] [Times: user=0.52 sys=0.00, real=0.09 secs] 
5410.329: [GC (Allocation Failure) [PSYoungGen: 477376K->150656K(521728K)] 879354K->665883K(1920000K), 0.0557590 secs] [Times: user=0.32 sys=0.00, real=0.06 secs] 
5412.393: [GC (Allocation Failure) [PSYoungGen: 506496K->112160K(527360K)] 1021723K->768763K(1925632K), 0.1130594 secs] [Times: user=0.67 sys=0.00, real=0.12 secs] 
5413.244: [GC (Allocation Failure) [PSYoungGen: 468000K->150720K(519168K)] 1124603K->915048K(1917440K), 0.0533169 secs] [Times: user=0.31 sys=0.00, real=0.06 secs] 
5415.124: [GC (Allocation Failure) [PSYoungGen: 500416K->108704K(524288K)] 1264744K->1014684K(1922560K), 0.1026483 secs] [Times: user=0.61 sys=0.00, real=0.11 secs] 
5415.801: [GC (Allocation Failure) [PSYoungGen: 444035K->142624K(522752K)] 1350016K->1153313K(1921024K), 0.0512423 secs] [Times: user=0.30 sys=0.00, real=0.05 secs] 
5418.491: [GC (Allocation Failure) [PSYoungGen: 492320K->105408K(524288K)] 1503009K->1249945K(1922560K), 0.1403890 secs] [Times: user=0.83 sys=0.00, real=0.14 secs] 
5420.071: [GC (Allocation Failure) [PSYoungGen: 453588K->146176K(519168K)] 1598126K->1392114K(1917440K), 0.0512077 secs] [Times: user=0.30 sys=0.01, real=0.05 secs] 
5420.122: [Full GC (Ergonomics) [PSYoungGen: 146176K->0K(519168K)] [ParOldGen: 1245938K->197561K(1398272K)] 1392114K->197561K(1917440K), [Metaspace: 59675K->59675K(1105920K)], 0.4701054 secs] [Times: user=2.18 sys=0.00, real=0.47 secs] 
5422.485: [GC (GCLocker Initiated GC) [PSYoungGen: 345600K->107648K(522240K)] 543162K->305210K(1920512K), 0.0544414 secs] [Times: user=0.32 sys=0.00, real=0.05 secs] 
5423.508: [GC (Allocation Failure) [PSYoungGen: 453248K->135776K(518656K)] 667197K->453544K(1916928K), 0.2200035 secs] [Times: user=1.31 sys=0.01, real=0.22 secs] 
5425.344: [GC (Allocation Failure) [PSYoungGen: 482912K->98464K(521216K)] 800680K->551292K(1919488K), 0.3568228 secs] [Times: user=2.13 sys=0.00, real=0.36 secs] 
5426.623: [GC (Allocation Failure) [PSYoungGen: 445600K->147712K(517632K)] 898428K->693205K(1915904K), 0.0606410 secs] [Times: user=0.36 sys=0.00, real=0.06 secs] 
5429.573: [GC (Allocation Failure) [PSYoungGen: 491264K->94304K(438272K)] 1036757K->786857K(1836544K), 0.1224352 secs] [Times: user=0.72 sys=0.00, real=0.13 secs] 
5430.306: [GC (Allocation Failure) [PSYoungGen: 423430K->139552K(519680K)] 1115984K->922770K(1917952K), 0.0511068 secs] [Times: user=0.30 sys=0.00, real=0.05 secs] 
5432.026: [GC (Allocation Failure) [PSYoungGen: 481056K->107744K(449536K)] 1264274K->1021450K(1847808K), 0.0808605 secs] [Times: user=0.48 sys=0.00, real=0.08 secs] 
5432.792: [GC (Allocation Failure) [PSYoungGen: 449248K->143904K(515584K)] 1362954K->1160706K(1913856K), 0.0525550 secs] [Times: user=0.31 sys=0.00, real=0.06 secs] 
5434.494: [GC (Allocation Failure) [PSYoungGen: 483360K->105600K(518144K)] 1500162K->1257302K(1916416K), 0.0780839 secs] [Times: user=0.46 sys=0.00, real=0.08 secs] 
5435.756: [GC (Allocation Failure) [PSYoungGen: 445056K->143968K(517120K)] 1596758K->1396479K(1915392K), 0.0510504 secs] [Times: user=0.30 sys=0.00, real=0.05 secs] 
5435.807: [Full GC (Ergonomics) [PSYoungGen: 143968K->0K(517120K)] [ParOldGen: 1252511K->194776K(1398272K)] 1396479K->194776K(1915392K), [Metaspace: 59675K->59675K(1105920K)], 0.4622724 secs] [Times: user=2.15 sys=0.00, real=0.46 secs] 
5438.432: [GC (Allocation Failure) [PSYoungGen: 340480K->102112K(519680K)] 535256K->296888K(1917952K), 0.0952475 secs] [Times: user=0.53 sys=0.00, real=0.10 secs] 
5439.926: [GC (Allocation Failure) [PSYoungGen: 442592K->142496K(518144K)] 637368K->434729K(1916416K), 0.0488999 secs] [Times: user=0.29 sys=0.00, real=0.05 secs] 
5441.281: [GC (Allocation Failure) [PSYoungGen: 482976K->108192K(449024K)] 775209K->533133K(1847296K), 0.0748792 secs] [Times: user=0.44 sys=0.00, real=0.08 secs] 
5442.589: [GC (GCLocker Initiated GC) [PSYoungGen: 448672K->142560K(516608K)] 873613K->671850K(1914880K), 0.0522548 secs] [Times: user=0.30 sys=0.01, real=0.05 secs] 
5444.462: [GC (Allocation Failure) [PSYoungGen: 482528K->105184K(518656K)] 1011820K->767740K(1916928K), 0.1200333 secs] [Times: user=0.71 sys=0.00, real=0.12 secs] 
5445.969: [GC (Allocation Failure) [PSYoungGen: 445152K->142496K(518144K)] 1107708K->905805K(1916416K), 0.0522014 secs] [Times: user=0.31 sys=0.00, real=0.05 secs] 
5447.424: [GC (GCLocker Initiated GC) [PSYoungGen: 484000K->107904K(449536K)] 1247310K->1004070K(1847808K), 0.0678003 secs] [Times: user=0.40 sys=0.00, real=0.07 secs] 
5449.157: [GC (GCLocker Initiated GC) [PSYoungGen: 449408K->139744K(518656K)] 1345577K->1139857K(1916928K), 0.0524864 secs] [Times: user=0.31 sys=0.01, real=0.05 secs] 
5450.773: [GC (Allocation Failure) [PSYoungGen: 482272K->109376K(519680K)] 1482387K->1240059K(1917952K), 0.0928024 secs] [Times: user=0.55 sys=0.01, real=0.10 secs] 
5451.546: [GC (Allocation Failure) [PSYoungGen: 451904K->144768K(517632K)] 1582587K->1382206K(1915904K), 0.0539769 secs] [Times: user=0.31 sys=0.01, real=0.05 secs] 
5451.600: [Full GC (Ergonomics) [PSYoungGen: 144768K->0K(517632K)] [ParOldGen: 1237438K->181578K(1398272K)] 1382206K->181578K(1915904K), [Metaspace: 59675K->59675K(1105920K)], 0.4300780 secs] [Times: user=2.00 sys=0.00, real=0.43 secs] 
5453.885: [GC (Allocation Failure) [PSYoungGen: 343040K->106720K(520192K)] 524618K->288298K(1918464K), 0.0944947 secs] [Times: user=0.56 sys=0.01, real=0.09 secs] 
5456.171: [GC (Allocation Failure) [PSYoungGen: 449760K->140512K(520704K)] 631338K->425127K(1918976K), 0.0518875 secs] [Times: user=0.30 sys=0.01, real=0.05 secs] 
5457.487: [GC (GCLocker Initiated GC) [PSYoungGen: 486112K->108864K(454656K)] 770727K->524575K(1852928K), 0.0723605 secs] [Times: user=0.42 sys=0.00, real=0.07 secs] 
5458.643: [GC (Allocation Failure) [PSYoungGen: 454464K->143360K(518656K)] 870178K->665163K(1916928K), 0.0531392 secs] [Times: user=0.31 sys=0.01, real=0.06 secs] 
5460.806: [GC (Allocation Failure) [PSYoungGen: 487936K->108000K(521216K)] 1009739K->763975K(1919488K), 0.1654460 secs] [Times: user=0.97 sys=0.02, real=0.16 secs] 
5461.774: [GC (Allocation Failure) [PSYoungGen: 452576K->142848K(521216K)] 1108551K->903603K(1919488K), 0.0531006 secs] [Times: user=0.31 sys=0.00, real=0.06 secs] 
5463.393: [GC (Allocation Failure) [PSYoungGen: 489472K->111232K(458240K)] 1250227K->1005132K(1856512K), 0.0793861 secs] [Times: user=0.47 sys=0.00, real=0.08 secs] 
5464.777: [GC (GCLocker Initiated GC) [PSYoungGen: 457856K->143488K(519168K)] 1351756K->1144505K(1917440K), 0.0549138 secs] [Times: user=0.31 sys=0.01, real=0.05 secs] 
5466.276: [GC (Allocation Failure) [PSYoungGen: 489088K->110272K(521728K)] 1490106K->1245374K(1920000K), 0.0708023 secs] [Times: user=0.42 sys=0.01, real=0.07 secs] 
5467.433: [GC (Allocation Failure) [PSYoungGen: 455872K->145696K(519168K)] 1590974K->1386763K(1917440K), 0.0550064 secs] [Times: user=0.33 sys=0.00, real=0.06 secs] 
5467.488: [Full GC (Ergonomics) [PSYoungGen: 145696K->0K(519168K)] [ParOldGen: 1241067K->185927K(1398272K)] 1386763K->185927K(1917440K), [Metaspace: 59675K->59675K(1105920K)], 0.4331291 secs] [Times: user=1.99 sys=0.00, real=0.43 secs] 
5469.550: [GC (Allocation Failure) [PSYoungGen: 345600K->108128K(522240K)] 531527K->294055K(1920512K), 0.0597674 secs] [Times: user=0.35 sys=0.00, real=0.06 secs] 
5471.259: [GC (Allocation Failure) [PSYoungGen: 453728K->143200K(520192K)] 639655K->432824K(1918464K), 0.0514696 secs] [Times: user=0.31 sys=0.00, real=0.05 secs] 
5472.977: [GC (Allocation Failure) [PSYoungGen: 488800K->109312K(522240K)] 778424K->532396K(1920512K), 0.1215987 secs] [Times: user=0.71 sys=0.01, real=0.12 secs] 
5474.299: [GC (Allocation Failure) [PSYoungGen: 454912K->145760K(519168K)] 877996K->673753K(1917440K), 0.0523218 secs] [Times: user=0.31 sys=0.00, real=0.05 secs] 
5475.972: [GC (Allocation Failure) [PSYoungGen: 490336K->107488K(521728K)] 1018329K->772325K(1920000K), 0.1427448 secs] [Times: user=0.85 sys=0.01, real=0.15 secs] 
5477.855: [GC (Allocation Failure) [PSYoungGen: 452064K->143904K(519168K)] 1116901K->911825K(1917440K), 0.0518224 secs] [Times: user=0.31 sys=0.01, real=0.05 secs] 
5479.459: [GC (Allocation Failure) [PSYoungGen: 487456K->106880K(521216K)] 1255377K->1009686K(1919488K), 0.1605453 secs] [Times: user=0.95 sys=0.01, real=0.16 secs] 
5480.915: [GC (Allocation Failure) [PSYoungGen: 450432K->144800K(518656K)] 1353238K->1150710K(1916928K), 0.0523595 secs] [Times: user=0.31 sys=0.00, real=0.05 secs] 
5482.534: [GC (Allocation Failure) [PSYoungGen: 487328K->105760K(520704K)] 1493238K->1247530K(1918976K), 0.0652785 secs] [Times: user=0.38 sys=0.00, real=0.07 secs] 
5483.679: [GC (Allocation Failure) [PSYoungGen: 448288K->144896K(517120K)] 1590058K->1388327K(1915392K), 0.0517446 secs] [Times: user=0.30 sys=0.00, real=0.05 secs] 
5483.731: [Full GC (Ergonomics) [PSYoungGen: 144896K->0K(517120K)] [ParOldGen: 1243431K->187441K(1398272K)] 1388327K->187441K(1915392K), [Metaspace: 59675K->59655K(1105920K)], 0.4328458 secs] [Times: user=1.99 sys=0.00, real=0.43 secs] 
5485.826: [GC (Allocation Failure) [PSYoungGen: 340480K->106112K(519680K)] 527921K->293553K(1917952K), 0.0933206 secs] [Times: user=0.55 sys=0.00, real=0.09 secs] 
5487.922: [GC (Allocation Failure) [PSYoungGen: 446592K->142624K(518656K)] 634033K->431638K(1916928K), 0.0513886 secs] [Times: user=0.31 sys=0.00, real=0.05 secs] 
5489.254: [GC (Allocation Failure) [PSYoungGen: 484128K->108224K(450048K)] 773142K->530598K(1848320K), 0.0644586 secs] [Times: user=0.38 sys=0.00, real=0.07 secs] 
5490.534: [GC (Allocation Failure) [PSYoungGen: 449728K->140640K(519168K)] 872102K->667155K(1917440K), 0.0522071 secs] [Times: user=0.31 sys=0.00, real=0.06 secs] 
5491.892: [GC (Allocation Failure) [PSYoungGen: 483168K->110752K(519680K)] 1009683K->768339K(1917952K), 0.0928320 secs] [Times: user=0.55 sys=0.00, real=0.10 secs] 
5492.699: [GC (Allocation Failure) [PSYoungGen: 453280K->146368K(517120K)] 1110867K->910760K(1915392K), 0.0537487 secs] [Times: user=0.32 sys=0.00, real=0.05 secs] 
5494.845: [GC (Allocation Failure) [PSYoungGen: 488384K->105824K(520192K)] 1252776K->1007768K(1918464K), 0.1187043 secs] [Times: user=0.70 sys=0.00, real=0.11 secs] 
5496.306: [GC (Allocation Failure) [PSYoungGen: 447840K->144032K(519168K)] 1349784K->1147060K(1917440K), 0.0531390 secs] [Times: user=0.31 sys=0.00, real=0.05 secs] 
5497.905: [GC (Allocation Failure) [PSYoungGen: 486560K->108160K(520704K)] 1489588K->1245812K(1918976K), 0.1110135 secs] [Times: user=0.66 sys=0.00, real=0.11 secs] 
5499.210: [GC (Allocation Failure) [PSYoungGen: 450688K->144032K(519168K)] 1588340K->1386192K(1917440K), 0.0532367 secs] [Times: user=0.32 sys=0.00, real=0.05 secs] 
5499.263: [Full GC (Ergonomics) [PSYoungGen: 144032K->0K(519168K)] [ParOldGen: 1242160K->184760K(1398272K)] 1386192K->184760K(1917440K), [Metaspace: 59656K->59656K(1105920K)], 0.4303493 secs] [Times: user=1.98 sys=0.01, real=0.43 secs] 
5502.119: [GC (Allocation Failure) [PSYoungGen: 342528K->106176K(520704K)] 527288K->290936K(1918976K), 0.0874457 secs] [Times: user=0.51 sys=0.01, real=0.09 secs] 
5504.243: [GC (Allocation Failure) [PSYoungGen: 448704K->149952K(514048K)] 633464K->437061K(1912320K), 0.0524388 secs] [Times: user=0.30 sys=0.00, real=0.06 secs] 
5505.833: [GC (Allocation Failure) [PSYoungGen: 487360K->105312K(518144K)] 774469K->525173K(1916416K), 0.0841156 secs] [Times: user=0.50 sys=0.00, real=0.09 secs] 
5507.588: [GC (Allocation Failure) [PSYoungGen: 442720K->137952K(515584K)] 862581K->660504K(1913856K), 0.0511571 secs] [Times: user=0.30 sys=0.00, real=0.05 secs] 
5508.893: [GC (Allocation Failure) [PSYoungGen: 476896K->106880K(517632K)] 999448K->758648K(1915904K), 0.0768801 secs] [Times: user=0.45 sys=0.00, real=0.08 secs] 
5510.027: [GC (Allocation Failure) [PSYoungGen: 445824K->140576K(519168K)] 1097592K->896365K(1917440K), 0.0532464 secs] [Times: user=0.31 sys=0.01, real=0.05 secs] 
5511.358: [GC (Allocation Failure) [PSYoungGen: 483104K->110176K(453120K)] 1238893K->997133K(1851392K), 0.0828751 secs] [Times: user=0.48 sys=0.00, real=0.08 secs] 
5513.200: [GC (Allocation Failure) [PSYoungGen: 452704K->140032K(519168K)] 1339661K->1134626K(1917440K), 0.0536575 secs] [Times: user=0.32 sys=0.00, real=0.05 secs] 
5514.536: [GC (GCLocker Initiated GC) [PSYoungGen: 484096K->107328K(519680K)] 1478691K->1232547K(1917952K), 0.0643232 secs] [Times: user=0.38 sys=0.01, real=0.06 secs] 
5515.952: [GC (Allocation Failure) [PSYoungGen: 451392K->152384K(513536K)] 1576650K->1382399K(1911808K), 0.0538234 secs] [Times: user=0.32 sys=0.00, real=0.06 secs] 
5517.274: [GC (Allocation Failure) [PSYoungGen: 491840K->106816K(519168K)] 1721855K->1472279K(1917440K), 0.0844650 secs] [Times: user=0.51 sys=0.00, real=0.09 secs] 
5517.358: [Full GC (Ergonomics) [PSYoungGen: 106816K->0K(519168K)] [ParOldGen: 1365463K->33106K(1398272K)] 1472279K->33106K(1917440K), [Metaspace: 59657K->59657K(1105920K)], 0.0610248 secs] [Times: user=0.21 sys=0.00, real=0.06 secs] 
5519.898: [GC (Allocation Failure) [PSYoungGen: 339456K->138080K(516096K)] 372562K->171186K(1914368K), 0.0278130 secs] [Times: user=0.16 sys=0.00, real=0.03 secs] 
5521.191: [GC (Allocation Failure) [PSYoungGen: 479584K->107680K(518656K)] 512690K->269962K(1916928K), 0.0787893 secs] [Times: user=0.47 sys=0.00, real=0.08 secs] 
5523.089: [GC (Allocation Failure) [PSYoungGen: 449184K->141376K(521216K)] 611466K->408855K(1919488K), 0.0519702 secs] [Times: user=0.31 sys=0.00, real=0.05 secs] 
5524.430: [GC (Allocation Failure) [PSYoungGen: 486976K->108704K(454656K)] 754455K->508507K(1852928K), 0.0646611 secs] [Times: user=0.38 sys=0.00, real=0.07 secs] 
5525.599: [GC (Allocation Failure) [PSYoungGen: 454304K->151872K(514048K)] 854107K->658664K(1912320K), 0.0533173 secs] [Times: user=0.32 sys=0.00, real=0.05 secs] 
5526.932: [GC (Allocation Failure) [PSYoungGen: 491328K->109472K(519168K)] 998120K->751088K(1917440K), 0.0718903 secs] [Times: user=0.42 sys=0.00, real=0.07 secs] 
5529.464: [GC (Allocation Failure) [PSYoungGen: 448928K->137984K(516096K)] 1090544K->886381K(1914368K), 0.0533535 secs] [Times: user=0.31 sys=0.00, real=0.06 secs] 
5530.781: [GC (Allocation Failure) [PSYoungGen: 479488K->110240K(518656K)] 1227885K->987309K(1916928K), 0.0648998 secs] [Times: user=0.38 sys=0.00, real=0.07 secs] 
5532.850: [GC (Allocation Failure) [PSYoungGen: 451744K->137888K(521728K)] 1328813K->1122530K(1920000K), 0.0533846 secs] [Times: user=0.32 sys=0.00, real=0.05 secs] 
5534.242: [GC (Allocation Failure) [PSYoungGen: 485024K->112448K(521728K)] 1469666K->1225114K(1920000K), 0.0644141 secs] [Times: user=0.38 sys=0.00, real=0.07 secs] 
5535.155: [GC (Allocation Failure) [PSYoungGen: 459584K->142912K(519680K)] 1572250K->1365927K(1917952K), 0.0542618 secs] [Times: user=0.32 sys=0.00, real=0.05 secs] 
5536.502: [GC (Allocation Failure) [PSYoungGen: 490560K->109824K(521728K)] 1713575K->1466511K(1920000K), 0.0690059 secs] [Times: user=0.40 sys=0.01, real=0.07 secs] 
5536.571: [Full GC (Ergonomics) [PSYoungGen: 109824K->0K(521728K)] [ParOldGen: 1356687K->32699K(1398272K)] 1466511K->32699K(1920000K), [Metaspace: 59657K->59657K(1105920K)], 0.0560525 secs] [Times: user=0.19 sys=0.00, real=0.06 secs] 
5538.405: [GC (Allocation Failure) [PSYoungGen: 347648K->143904K(521728K)] 380347K->176603K(1920000K), 0.0287220 secs] [Times: user=0.17 sys=0.00, real=0.02 secs] 
5539.701: [GC (Allocation Failure) [PSYoungGen: 493600K->110560K(524288K)] 526299K->277983K(1922560K), 0.0637959 secs] [Times: user=0.37 sys=0.01, real=0.07 secs] 
5540.935: [GC (Allocation Failure) [PSYoungGen: 460256K->145152K(521216K)] 627679K->420508K(1919488K), 0.0538294 secs] [Times: user=0.32 sys=0.00, real=0.05 secs] 
5542.374: [GC (Allocation Failure) [PSYoungGen: 493824K->110144K(523776K)] 769180K->521428K(1922048K), 0.1027373 secs] [Times: user=0.62 sys=0.00, real=0.11 secs] 
5543.194: [GC (Allocation Failure) [PSYoungGen: 458816K->145568K(520192K)] 870100K->664161K(1918464K), 0.0530445 secs] [Times: user=0.31 sys=0.00, real=0.06 secs] 
5545.062: [GC (Allocation Failure) [PSYoungGen: 492192K->107776K(522752K)] 1010785K->762665K(1921024K), 0.1369308 secs] [Times: user=0.81 sys=0.00, real=0.14 secs] 
5546.615: [GC (Allocation Failure) [PSYoungGen: 454400K->145760K(519168K)] 1109289K->904362K(1917440K), 0.0525521 secs] [Times: user=0.31 sys=0.00, real=0.06 secs] 
5548.169: [GC (Allocation Failure) [PSYoungGen: 490336K->108032K(521728K)] 1248938K->1003158K(1920000K), 0.1106758 secs] [Times: user=0.65 sys=0.00, real=0.11 secs] 
5550.188: [GC (GCLocker Initiated GC) [PSYoungGen: 452608K->141440K(521216K)] 1347734K->1140338K(1919488K), 0.0521599 secs] [Times: user=0.31 sys=0.00, real=0.05 secs] 
5551.631: [GC (GCLocker Initiated GC) [PSYoungGen: 487040K->107168K(453120K)] 1485940K->1238229K(1851392K), 0.0786671 secs] [Times: user=0.46 sys=0.01, real=0.08 secs] 
5553.211: [GC (Allocation Failure) [PSYoungGen: 452768K->144640K(519680K)] 1583899K->1378264K(1917952K), 0.0520310 secs] [Times: user=0.31 sys=0.00, real=0.05 secs] 
5553.263: [Full GC (Ergonomics) [PSYoungGen: 144640K->0K(519680K)] [ParOldGen: 1233624K->182306K(1398272K)] 1378264K->182306K(1917952K), [Metaspace: 59658K->59658K(1105920K)], 0.4226125 secs] [Times: user=1.95 sys=0.00, real=0.43 secs] 
5555.124: [GC (Allocation Failure) [PSYoungGen: 344576K->108512K(521728K)] 526882K->290818K(1920000K), 0.0554916 secs] [Times: user=0.32 sys=0.00, real=0.06 secs] 
5556.517: [GC (Allocation Failure) [PSYoungGen: 453088K->143744K(520192K)] 635394K->429847K(1918464K), 0.0523329 secs] [Times: user=0.31 sys=0.00, real=0.05 secs] 
5557.927: [GC (Allocation Failure) [PSYoungGen: 488320K->111616K(456704K)] 774423K->531823K(1854976K), 0.0674640 secs] [Times: user=0.40 sys=0.00, real=0.07 secs] 
5559.178: [GC (Allocation Failure) [PSYoungGen: 456192K->143904K(519680K)] 876399K->671520K(1917952K), 0.0527670 secs] [Times: user=0.31 sys=0.00, real=0.05 secs] 
5560.769: [GC (Allocation Failure) [PSYoungGen: 488480K->108288K(521216K)] 1016096K->770544K(1919488K), 0.1074272 secs] [Times: user=0.64 sys=0.00, real=0.11 secs] 
5562.032: [GC (Allocation Failure) [PSYoungGen: 452864K->144608K(519680K)] 1115120K->910296K(1917952K), 0.0526466 secs] [Times: user=0.31 sys=0.00, real=0.06 secs] 
5563.495: [GC (Allocation Failure) [PSYoungGen: 489184K->107552K(521728K)] 1254872K->1008128K(1920000K), 0.0772437 secs] [Times: user=0.45 sys=0.00, real=0.07 secs] 
5565.131: [GC (Allocation Failure) [PSYoungGen: 452128K->145184K(518144K)] 1352704K->1148665K(1916416K), 0.0523314 secs] [Times: user=0.31 sys=0.00, real=0.05 secs] 
5566.604: [GC (Allocation Failure) [PSYoungGen: 487712K->106112K(520704K)] 1491193K->1245677K(1918976K), 0.0899902 secs] [Times: user=0.54 sys=0.00, real=0.09 secs] 
5567.621: [GC (Allocation Failure) [PSYoungGen: 448640K->142688K(520192K)] 1588205K->1384322K(1918464K), 0.0521994 secs] [Times: user=0.30 sys=0.00, real=0.05 secs] 
5567.673: [Full GC (Ergonomics) [PSYoungGen: 142688K->0K(520192K)] [ParOldGen: 1241634K->182647K(1398272K)] 1384322K->182647K(1918464K), [Metaspace: 59658K->59658K(1105920K)], 0.4358087 secs] [Times: user=2.03 sys=0.00, real=0.44 secs] 
5569.845: [GC (Allocation Failure) [PSYoungGen: 343552K->106784K(450560K)] 526199K->289431K(1848832K), 0.0866072 secs] [Times: user=0.50 sys=0.01, real=0.08 secs] 
5571.698: [GC (Allocation Failure) [PSYoungGen: 450336K->142784K(519168K)] 632983K->427804K(1917440K), 0.0522861 secs] [Times: user=0.31 sys=0.00, real=0.05 secs] 
5573.148: [GC (GCLocker Initiated GC) [PSYoungGen: 485824K->105792K(520704K)] 770844K->524428K(1918976K), 0.0651705 secs] [Times: user=0.39 sys=0.00, real=0.06 secs] 
5574.101: [GC (Allocation Failure) [PSYoungGen: 448832K->141408K(520192K)] 867507K->663212K(1918464K), 0.0521754 secs] [Times: user=0.31 sys=0.00, real=0.05 secs] 
5575.428: [GC (Allocation Failure) [PSYoungGen: 485472K->111808K(456192K)] 1007276K->765380K(1854464K), 0.0644174 secs] [Times: user=0.39 sys=0.00, real=0.06 secs] 
5577.306: [GC (Allocation Failure) [PSYoungGen: 455872K->141184K(519168K)] 1109444K->902864K(1917440K), 0.0530521 secs] [Times: user=0.32 sys=0.00, real=0.05 secs] 
5578.617: [GC (Allocation Failure) [PSYoungGen: 485760K->111360K(520192K)] 1247440K->1004460K(1918464K), 0.0656721 secs] [Times: user=0.39 sys=0.00, real=0.06 secs] 
5580.306: [GC (Allocation Failure) [PSYoungGen: 455936K->141920K(520704K)] 1349036K->1142409K(1918976K), 0.0541259 secs] [Times: user=0.32 sys=0.00, real=0.05 secs] 
5581.830: [GC (Allocation Failure) [PSYoungGen: 489056K->109856K(522240K)] 1489545K->1242545K(1920512K), 0.0937749 secs] [Times: user=0.55 sys=0.00, real=0.09 secs] 
5583.037: [GC (Allocation Failure) [PSYoungGen: 456992K->143968K(521216K)] 1589681K->1382674K(1919488K), 0.0546887 secs] [Times: user=0.32 sys=0.00, real=0.05 secs] 
5583.092: [Full GC (Ergonomics) [PSYoungGen: 143968K->0K(521216K)] [ParOldGen: 1238706K->181609K(1398272K)] 1382674K->181609K(1919488K), [Metaspace: 59660K->59660K(1105920K)], 0.4217140 secs] [Times: user=1.85 sys=0.00, real=0.42 secs] 
5585.076: [GC (Allocation Failure) [PSYoungGen: 348160K->111392K(523264K)] 529769K->293001K(1921536K), 0.0774198 secs] [Times: user=0.46 sys=0.00, real=0.07 secs] 
5586.973: [GC (Allocation Failure) [PSYoungGen: 459552K->152768K(514560K)] 641161K->441758K(1912832K), 0.0541155 secs] [Times: user=0.32 sys=0.00, real=0.06 secs] 
5588.377: [GC (Allocation Failure) [PSYoungGen: 494272K->108416K(520192K)] 783262K->532770K(1918464K), 0.0716874 secs] [Times: user=0.42 sys=0.00, real=0.07 secs] 
5589.693: [GC (Allocation Failure) [PSYoungGen: 449920K->140832K(519168K)] 874274K->670009K(1917440K), 0.0521335 secs] [Times: user=0.30 sys=0.00, real=0.06 secs] 
5591.466: [GC (Allocation Failure) [PSYoungGen: 484384K->107232K(520704K)] 1013561K->768110K(1918976K), 0.0875172 secs] [Times: user=0.51 sys=0.00, real=0.08 secs] 
5592.899: [GC (Allocation Failure) [PSYoungGen: 450784K->144096K(519168K)] 1111662K->907954K(1917440K), 0.0525582 secs] [Times: user=0.31 sys=0.00, real=0.05 secs] 
5594.736: [GC (Allocation Failure) [PSYoungGen: 487648K->108992K(521216K)] 1251506K->1007198K(1919488K), 0.1596394 secs] [Times: user=0.95 sys=0.01, real=0.16 secs] 
5596.122: [GC (Allocation Failure) [PSYoungGen: 452544K->143584K(519680K)] 1350750K->1146459K(1917952K), 0.0529519 secs] [Times: user=0.31 sys=0.00, real=0.05 secs] 
5597.566: [GC (Allocation Failure) [PSYoungGen: 487648K->109312K(521216K)] 1490523K->1246059K(1919488K), 0.0812265 secs] [Times: user=0.48 sys=0.00, real=0.08 secs] 
5598.387: [GC (GCLocker Initiated GC) [PSYoungGen: 453376K->145216K(519168K)] 1590123K->1387704K(1917440K), 0.0532092 secs] [Times: user=0.31 sys=0.01, real=0.05 secs] 
5598.440: [Full GC (Ergonomics) [PSYoungGen: 145216K->0K(519168K)] [ParOldGen: 1242488K->186754K(1398272K)] 1387704K->186754K(1917440K), [Metaspace: 59660K->59660K(1105920K)], 0.4459758 secs] [Times: user=2.07 sys=0.00, real=0.45 secs] 
5600.403: [GC (GCLocker Initiated GC) [PSYoungGen: 343552K->103648K(521216K)] 530308K->290404K(1919488K), 0.0457978 secs] [Times: user=0.26 sys=0.00, real=0.05 secs] 
5601.909: [GC (Allocation Failure) [PSYoungGen: 447200K->153248K(510976K)] 634027K->438964K(1909248K), 0.0518335 secs] [Times: user=0.31 sys=0.00, real=0.05 secs] 
5603.245: [GC (Allocation Failure) [PSYoungGen: 487584K->102336K(516608K)] 773300K->523812K(1914880K), 0.0930951 secs] [Times: user=0.55 sys=0.00, real=0.09 secs] 
5604.813: [GC (Allocation Failure) [PSYoungGen: 436672K->140384K(515584K)] 858148K->661187K(1913856K), 0.0508466 secs] [Times: user=0.30 sys=0.00, real=0.05 secs] 
5606.200: [GC (Allocation Failure) [PSYoungGen: 475744K->104448K(516608K)] 996547K->756723K(1914880K), 0.0639627 secs] [Times: user=0.38 sys=0.00, real=0.06 secs] 
5607.651: [GC (Allocation Failure) [PSYoungGen: 439808K->140288K(517120K)] 1092083K->893304K(1915392K), 0.0515445 secs] [Times: user=0.30 sys=0.00, real=0.05 secs] 
5609.032: [GC (Allocation Failure) [PSYoungGen: 477696K->106784K(517120K)] 1230712K->991008K(1915392K), 0.0637792 secs] [Times: user=0.37 sys=0.00, real=0.07 secs] 
5611.000: [GC (Allocation Failure) [PSYoungGen: 444192K->144608K(514560K)] 1328416K->1133573K(1912832K), 0.0532223 secs] [Times: user=0.31 sys=0.00, real=0.05 secs] 
5612.318: [GC (Allocation Failure) [PSYoungGen: 481504K->107680K(517120K)] 1470469K->1223457K(1915392K), 0.0637304 secs] [Times: user=0.38 sys=0.00, real=0.06 secs] 
5613.358: [GC (Allocation Failure) [PSYoungGen: 444576K->135264K(516608K)] 1560353K->1356894K(1914880K), 0.0531746 secs] [Times: user=0.31 sys=0.00, real=0.05 secs] 
5614.683: [GC (Allocation Failure) [PSYoungGen: 476256K->112480K(517632K)] 1697886K->1459670K(1915904K), 0.0646815 secs] [Times: user=0.38 sys=0.00, real=0.07 secs] 
5614.748: [Full GC (Ergonomics) [PSYoungGen: 112480K->0K(517632K)] [ParOldGen: 1347190K->21779K(1398272K)] 1459670K->21779K(1915904K), [Metaspace: 59660K->59660K(1105920K)], 0.0301171 secs] [Times: user=0.08 sys=0.00, real=0.03 secs] 
5616.043: [GC (Allocation Failure) [PSYoungGen: 340992K->138080K(519680K)] 362771K->159859K(1917952K), 0.0274686 secs] [Times: user=0.16 sys=0.00, real=0.03 secs] 
5617.346: [GC (Allocation Failure) [PSYoungGen: 484192K->113152K(520192K)] 505971K->263515K(1918464K), 0.0646430 secs] [Times: user=0.38 sys=0.00, real=0.06 secs] 
5618.260: [GC (Allocation Failure) [PSYoungGen: 459264K->141312K(520704K)] 609627K->403420K(1918976K), 0.0540860 secs] [Times: user=0.32 sys=0.00, real=0.05 secs] 
5619.614: [GC (Allocation Failure) [PSYoungGen: 491008K->112864K(522240K)] 753116K->506956K(1920512K), 0.0653608 secs] [Times: user=0.38 sys=0.00, real=0.07 secs] 
5621.611: [GC (Allocation Failure) [PSYoungGen: 462560K->142624K(523776K)] 856652K->647355K(1922048K), 0.0543133 secs] [Times: user=0.32 sys=0.00, real=0.06 secs] 
5623.000: [GC (Allocation Failure) [PSYoungGen: 495904K->113216K(525824K)] 1000635K->751599K(1924096K), 0.0646436 secs] [Times: user=0.39 sys=0.00, real=0.07 secs] 
5625.272: [GC (Allocation Failure) [PSYoungGen: 466496K->144384K(523264K)] 1104879K->892996K(1921536K), 0.0549207 secs] [Times: user=0.32 sys=0.00, real=0.06 secs] 
5626.611: [GC (Allocation Failure) [PSYoungGen: 497664K->112960K(525824K)] 1246276K->996780K(1924096K), 0.0666249 secs] [Times: user=0.40 sys=0.00, real=0.07 secs] 
5627.895: [GC (Allocation Failure) [PSYoungGen: 466240K->146752K(521216K)] 1350060K->1140440K(1919488K), 0.0553227 secs] [Times: user=0.32 sys=0.01, real=0.05 secs] 
5629.207: [GC (Allocation Failure) [PSYoungGen: 497472K->111648K(524800K)] 1491160K->1242936K(1923072K), 0.0657805 secs] [Times: user=0.39 sys=0.00, real=0.06 secs] 
5629.984: [GC (Allocation Failure) [PSYoungGen: 462368K->147872K(519680K)] 1593656K->1387181K(1917952K), 0.0552375 secs] [Times: user=0.33 sys=0.00, real=0.06 secs] 
5630.040: [Full GC (Ergonomics) [PSYoungGen: 147872K->0K(519680K)] [ParOldGen: 1239309K->191304K(1398272K)] 1387181K->191304K(1917952K), [Metaspace: 59662K->59662K(1105920K)], 0.4491377 secs] [Times: user=2.08 sys=0.00, real=0.45 secs] 
5632.154: [GC (GCLocker Initiated GC) [PSYoungGen: 347648K->108224K(523264K)] 538952K->299528K(1921536K), 0.0687137 secs] [Times: user=0.41 sys=0.00, real=0.07 secs] 
5633.030: [GC (Allocation Failure) [PSYoungGen: 455872K->147520K(518656K)] 647179K->443060K(1916928K), 0.0518374 secs] [Times: user=0.31 sys=0.00, real=0.05 secs] 
5634.942: [GC (Allocation Failure) [PSYoungGen: 492096K->107968K(521728K)] 787636K->541972K(1920000K), 0.0763226 secs] [Times: user=0.45 sys=0.00, real=0.08 secs] 
5635.818: [GC (Allocation Failure) [PSYoungGen: 450905K->145920K(518656K)] 884910K->683113K(1916928K), 0.0511144 secs] [Times: user=0.30 sys=0.00, real=0.05 secs] 
5637.373: [GC (Allocation Failure) [PSYoungGen: 488448K->104192K(520704K)] 1025641K->778421K(1918976K), 0.0653241 secs] [Times: user=0.38 sys=0.00, real=0.07 secs] 
5638.287: [GC (Allocation Failure) [PSYoungGen: 446720K->142688K(519168K)] 1120949K->916018K(1917440K), 0.0503321 secs] [Times: user=0.29 sys=0.00, real=0.05 secs] 
5639.757: [GC (GCLocker Initiated GC) [PSYoungGen: 484192K->108736K(450560K)] 1257522K->1015462K(1848832K), 0.0780161 secs] [Times: user=0.47 sys=0.00, real=0.08 secs] 
5640.606: [GC (Allocation Failure) [PSYoungGen: 450240K->144608K(517120K)] 1357004K->1155913K(1915392K), 0.0524932 secs] [Times: user=0.31 sys=0.00, real=0.05 secs] 
5642.071: [GC (Allocation Failure) [PSYoungGen: 485068K->106496K(519168K)] 1496374K->1253585K(1917440K), 0.0690579 secs] [Times: user=0.41 sys=0.00, real=0.07 secs] 
5643.460: [GC (Allocation Failure) [PSYoungGen: 446976K->143968K(518656K)] 1594065K->1392926K(1916928K), 0.0519204 secs] [Times: user=0.31 sys=0.00, real=0.05 secs] 
5643.512: [Full GC (Ergonomics) [PSYoungGen: 143968K->0K(518656K)] [ParOldGen: 1248958K->190075K(1398272K)] 1392926K->190075K(1916928K), [Metaspace: 59662K->59662K(1105920K)], 0.4677593 secs] [Times: user=2.15 sys=0.00, real=0.47 secs] 
5645.343: [GC (Allocation Failure) [PSYoungGen: 341504K->106880K(520192K)] 531579K->296955K(1918464K), 0.0373084 secs] [Times: user=0.22 sys=0.00, real=0.04 secs] 
5646.277: [GC (Allocation Failure) [PSYoungGen: 448384K->142784K(518656K)] 638459K->434824K(1916928K), 0.0503545 secs] [Times: user=0.30 sys=0.00, real=0.05 secs] 
5647.553: [GC (GCLocker Initiated GC) [PSYoungGen: 484288K->108384K(450048K)] 776328K->533576K(1848320K), 0.0638486 secs] [Times: user=0.38 sys=0.00, real=0.07 secs] 
5648.388: [GC (Allocation Failure) [PSYoungGen: 449888K->145920K(517120K)] 875083K->676239K(1915392K), 0.0531325 secs] [Times: user=0.31 sys=0.00, real=0.05 secs] 
5650.543: [GC (Allocation Failure) [PSYoungGen: 486400K->103040K(519680K)] 1016719K->770623K(1917952K), 0.1674624 secs] [Times: user=0.99 sys=0.01, real=0.17 secs] 
5652.320: [GC (Allocation Failure) [PSYoungGen: 443520K->143200K(517632K)] 1111103K->909115K(1915904K), 0.0509758 secs] [Times: user=0.30 sys=0.00, real=0.05 secs] 
5653.783: [GC (Allocation Failure) [PSYoungGen: 482656K->104096K(519168K)] 1248571K->1004395K(1917440K), 0.0701451 secs] [Times: user=0.42 sys=0.00, real=0.07 secs] 
5655.174: [GC (Allocation Failure) [PSYoungGen: 443552K->144480K(516608K)] 1343851K->1144728K(1914880K), 0.0517320 secs] [Times: user=0.30 sys=0.00, real=0.06 secs] 
5656.460: [GC (Allocation Failure) [PSYoungGen: 482912K->105792K(518656K)] 1483160K->1241636K(1916928K), 0.0658041 secs] [Times: user=0.39 sys=0.00, real=0.07 secs] 
5658.082: [GC (Allocation Failure) [PSYoungGen: 444224K->141696K(517632K)] 1580068K->1379409K(1915904K), 0.0525412 secs] [Times: user=0.31 sys=0.00, real=0.05 secs] 
5658.135: [Full GC (Ergonomics) [PSYoungGen: 141696K->0K(517632K)] [ParOldGen: 1237713K->178566K(1398272K)] 1379409K->178566K(1915904K), [Metaspace: 59663K->59663K(1105920K)], 0.4285452 secs] [Times: user=1.99 sys=0.00, real=0.42 secs] 
5659.744: [GC (GCLocker Initiated GC) [PSYoungGen: 339456K->106272K(518656K)] 518022K->284838K(1916928K), 0.0338778 secs] [Times: user=0.20 sys=0.00, real=0.04 secs] 
5661.781: [GC (Allocation Failure) [PSYoungGen: 445728K->137600K(519168K)] 624297K->419446K(1917440K), 0.0519458 secs] [Times: user=0.31 sys=0.00, real=0.05 secs] 
5663.148: [GC (Allocation Failure) [PSYoungGen: 479616K->109344K(519168K)] 761462K->519370K(1917440K), 0.0905684 secs] [Times: user=0.53 sys=0.00, real=0.09 secs] 
5664.280: [GC (Allocation Failure) [PSYoungGen: 451360K->142144K(517120K)] 861386K->658847K(1915392K), 0.0530839 secs] [Times: user=0.32 sys=0.00, real=0.05 secs] 
5665.586: [GC (GCLocker Initiated GC) [PSYoungGen: 484672K->106912K(519168K)] 1001375K->756615K(1917440K), 0.0637843 secs] [Times: user=0.38 sys=0.01, real=0.06 secs] 
5667.029: [GC (Allocation Failure) [PSYoungGen: 449440K->141952K(520704K)] 1099182K->895746K(1918976K), 0.0526540 secs] [Times: user=0.31 sys=0.00, real=0.05 secs] 
5668.334: [GC (Allocation Failure) [PSYoungGen: 488064K->109888K(522240K)] 1241858K->996334K(1920512K), 0.0667756 secs] [Times: user=0.40 sys=0.00, real=0.07 secs] 
5669.633: [GC (Allocation Failure) [PSYoungGen: 456000K->143744K(520192K)] 1342446K->1137163K(1918464K), 0.0557946 secs] [Times: user=0.33 sys=0.01, real=0.06 secs] 
5670.943: [GC (GCLocker Initiated GC) [PSYoungGen: 489856K->107936K(522240K)] 1483275K->1235779K(1920512K), 0.0665300 secs] [Times: user=0.39 sys=0.00, real=0.07 secs] 
5672.579: [GC (Allocation Failure) [PSYoungGen: 454048K->145152K(518656K)] 1581930K->1378354K(1916928K), 0.0537917 secs] [Times: user=0.32 sys=0.00, real=0.05 secs] 
5672.633: [Full GC (Ergonomics) [PSYoungGen: 145152K->0K(518656K)] [ParOldGen: 1233201K->177261K(1398272K)] 1378354K->177261K(1916928K), [Metaspace: 59663K->59663K(1105920K)], 0.4246275 secs] [Times: user=1.98 sys=0.00, real=0.43 secs] 
5674.243: [GC (Allocation Failure) [PSYoungGen: 344576K->108032K(521728K)] 521837K->285293K(1920000K), 0.0340419 secs] [Times: user=0.20 sys=0.00, real=0.04 secs] 
5676.251: [GC (Allocation Failure) [PSYoungGen: 452608K->141344K(521728K)] 629869K->423476K(1920000K), 0.0530953 secs] [Times: user=0.32 sys=0.00, real=0.05 secs] 
5677.614: [GC (Allocation Failure) [PSYoungGen: 487968K->111616K(458752K)] 770100K->525317K(1857024K), 0.0913181 secs] [Times: user=0.54 sys=0.00, real=0.10 secs] 
5678.746: [GC (Allocation Failure) [PSYoungGen: 458240K->144992K(518144K)] 871941K->666265K(1916416K), 0.0533692 secs] [Times: user=0.31 sys=0.00, real=0.05 secs] 
5680.054: [GC (GCLocker Initiated GC) [PSYoungGen: 489568K->106848K(521216K)] 1010841K->763825K(1919488K), 0.0646119 secs] [Times: user=0.38 sys=0.00, real=0.07 secs] 
5681.271: [GC (Allocation Failure) [PSYoungGen: 451424K->153184K(513536K)] 1108440K->913109K(1911808K), 0.0532005 secs] [Times: user=0.31 sys=0.00, real=0.05 secs] 
5682.562: [GC (Allocation Failure) [PSYoungGen: 491616K->106400K(518656K)] 1251541K->1002097K(1916928K), 0.0650844 secs] [Times: user=0.39 sys=0.00, real=0.07 secs] 
5684.137: [GC (Allocation Failure) [PSYoungGen: 444832K->140896K(518144K)] 1340529K->1139062K(1916416K), 0.0520930 secs] [Times: user=0.31 sys=0.00, real=0.05 secs] 
5685.432: [GC (Allocation Failure) [PSYoungGen: 480864K->106816K(446976K)] 1479030K->1236934K(1845248K), 0.0648936 secs] [Times: user=0.39 sys=0.00, real=0.07 secs] 
5687.188: [GC (Allocation Failure) [PSYoungGen: 446784K->140928K(517632K)] 1576902K->1375230K(1915904K), 0.0527292 secs] [Times: user=0.31 sys=0.00, real=0.05 secs] 
5687.241: [Full GC (Ergonomics) [PSYoungGen: 140928K->0K(517632K)] [ParOldGen: 1234302K->174707K(1398272K)] 1375230K->174707K(1915904K), [Metaspace: 59663K->59663K(1105920K)], 0.4159787 secs] [Times: user=1.92 sys=0.00, real=0.42 secs] 
5688.865: [GC (Allocation Failure) [PSYoungGen: 340480K->107296K(518656K)] 515187K->282003K(1916928K), 0.0346620 secs] [Times: user=0.20 sys=0.00, real=0.03 secs] 
5691.074: [GC (Allocation Failure) [PSYoungGen: 447776K->136928K(520192K)] 622483K->416487K(1918464K), 0.0525197 secs] [Times: user=0.30 sys=0.00, real=0.06 secs] 
5692.377: [GC (Allocation Failure) [PSYoungGen: 480992K->110944K(519680K)] 760551K->517939K(1917952K), 0.0631607 secs] [Times: user=0.37 sys=0.00, real=0.06 secs] 
5693.994: [GC (Allocation Failure) [PSYoungGen: 455008K->140576K(518656K)] 862003K->655880K(1916928K), 0.0530845 secs] [Times: user=0.31 sys=0.00, real=0.06 secs] 
5695.294: [GC (Allocation Failure) [PSYoungGen: 486176K->108768K(520192K)] 1001480K->755344K(1918464K), 0.0641795 secs] [Times: user=0.38 sys=0.00, real=0.07 secs] 
5696.564: [GC (Allocation Failure) [PSYoungGen: 454368K->143456K(521728K)] 1100944K->896153K(1920000K), 0.0532042 secs] [Times: user=0.32 sys=0.00, real=0.06 secs] 
5697.876: [GC (Allocation Failure) [PSYoungGen: 492640K->110976K(523776K)] 1245337K->998005K(1922048K), 0.0651511 secs] [Times: user=0.38 sys=0.00, real=0.06 secs] 
5699.093: [GC (Allocation Failure) [PSYoungGen: 460160K->153088K(515072K)] 1347189K->1148318K(1913344K), 0.0544440 secs] [Times: user=0.32 sys=0.00, real=0.06 secs] 
5700.402: [GC (Allocation Failure) [PSYoungGen: 495616K->108224K(520704K)] 1490846K->1239158K(1918976K), 0.0655753 secs] [Times: user=0.38 sys=0.00, real=0.07 secs] 
5701.667: [GC (Allocation Failure) [PSYoungGen: 450752K->141760K(520192K)] 1581686K->1378417K(1918464K), 0.0533834 secs] [Times: user=0.31 sys=0.01, real=0.05 secs] 
5701.720: [Full GC (Ergonomics) [PSYoungGen: 141760K->0K(520192K)] [ParOldGen: 1236657K->177549K(1398272K)] 1378417K->177549K(1918464K), [Metaspace: 59663K->59663K(1105920K)], 0.4125554 secs] [Times: user=1.90 sys=0.00, real=0.41 secs] 
5703.344: [GC (GCLocker Initiated GC) [PSYoungGen: 343552K->107648K(451584K)] 521102K->285198K(1849856K), 0.0345474 secs] [Times: user=0.21 sys=0.00, real=0.04 secs] 
5704.461: [GC (Allocation Failure) [PSYoungGen: 451200K->143200K(518656K)] 628756K->425489K(1916928K), 0.0529113 secs] [Times: user=0.31 sys=0.00, real=0.05 secs] 
5705.756: [GC (Allocation Failure) [PSYoungGen: 486240K->108096K(520192K)] 768529K->524169K(1918464K), 0.0640742 secs] [Times: user=0.38 sys=0.01, real=0.06 secs] 
5707.183: [GC (Allocation Failure) [PSYoungGen: 451136K->142688K(520192K)] 867209K->663790K(1918464K), 0.0533609 secs] [Times: user=0.31 sys=0.00, real=0.06 secs] 
5708.484: [GC (Allocation Failure) [PSYoungGen: 487264K->108480K(453120K)] 1008366K->762846K(1851392K), 0.0647521 secs] [Times: user=0.38 sys=0.00, real=0.07 secs] 
5710.325: [GC (Allocation Failure) [PSYoungGen: 453056K->142336K(519680K)] 1107422K->902394K(1917952K), 0.0536022 secs] [Times: user=0.31 sys=0.00, real=0.05 secs] 
5711.700: [GC (Allocation Failure) [PSYoungGen: 486912K->113088K(521216K)] 1246970K->1006578K(1919488K), 0.0901027 secs] [Times: user=0.53 sys=0.00, real=0.09 secs] 
5713.328: [GC (Allocation Failure) [PSYoungGen: 457664K->144192K(519168K)] 1351154K->1142847K(1917440K), 0.0537433 secs] [Times: user=0.32 sys=0.00, real=0.05 secs] 
5714.626: [GC (Allocation Failure) [PSYoungGen: 489280K->110080K(521216K)] 1487935K->1243639K(1919488K), 0.0651932 secs] [Times: user=0.38 sys=0.00, real=0.06 secs] 
5715.837: [GC (Allocation Failure) [PSYoungGen: 455168K->142464K(521216K)] 1588727K->1382012K(1919488K), 0.0540722 secs] [Times: user=0.32 sys=0.00, real=0.05 secs] 
5715.891: [Full GC (Ergonomics) [PSYoungGen: 142464K->0K(521216K)] [ParOldGen: 1239548K->181582K(1398272K)] 1382012K->181582K(1919488K), [Metaspace: 59664K->59664K(1105920K)], 0.4166407 secs] [Times: user=1.91 sys=0.00, real=0.42 secs] 
5717.760: [GC (Allocation Failure) [PSYoungGen: 347136K->107968K(522752K)] 528718K->289550K(1921024K), 0.0740840 secs] [Times: user=0.44 sys=0.00, real=0.07 secs] 
5718.986: [GC (Allocation Failure) [PSYoungGen: 455104K->146176K(518656K)] 636686K->431670K(1916928K), 0.0525308 secs] [Times: user=0.31 sys=0.00, real=0.05 secs] 
5720.879: [GC (GCLocker Initiated GC) [PSYoungGen: 490752K->106688K(521728K)] 776247K->529195K(1920000K), 0.1059665 secs] [Times: user=0.63 sys=0.01, real=0.11 secs] 
5722.329: [GC (Allocation Failure) [PSYoungGen: 451264K->143936K(520192K)] 873774K->668922K(1918464K), 0.0516293 secs] [Times: user=0.30 sys=0.00, real=0.05 secs] 
5723.850: [GC (Allocation Failure) [PSYoungGen: 488512K->109376K(521728K)] 1013498K->769186K(1920000K), 0.0730699 secs] [Times: user=0.44 sys=0.00, real=0.07 secs] 
5725.254: [GC (Allocation Failure) [PSYoungGen: 453952K->143744K(520192K)] 1113762K->908579K(1918464K), 0.0532326 secs] [Times: user=0.31 sys=0.00, real=0.06 secs] 
5726.559: [GC (GCLocker Initiated GC) [PSYoungGen: 488320K->109632K(454656K)] 1253155K->1009203K(1852928K), 0.0659183 secs] [Times: user=0.39 sys=0.00, real=0.07 secs] 
5727.504: [GC (Allocation Failure) [PSYoungGen: 454208K->154080K(512512K)] 1353782K->1159235K(1910784K), 0.0542745 secs] [Times: user=0.32 sys=0.00, real=0.06 secs] 
5729.015: [GC (Allocation Failure) [PSYoungGen: 491488K->104224K(518144K)] 1496643K->1246083K(1916416K), 0.0799607 secs] [Times: user=0.47 sys=0.00, real=0.08 secs] 
5729.917: [GC (Allocation Failure) [PSYoungGen: 441632K->141440K(518144K)] 1583491K->1382992K(1916416K), 0.0517865 secs] [Times: user=0.31 sys=0.01, real=0.05 secs] 
5729.969: [Full GC (Ergonomics) [PSYoungGen: 141440K->0K(518144K)] [ParOldGen: 1241552K->181741K(1398272K)] 1382992K->181741K(1916416K), [Metaspace: 59664K->59664K(1105920K)], 0.4331691 secs] [Times: user=2.00 sys=0.00, real=0.43 secs] 
5731.617: [GC (Allocation Failure) [PSYoungGen: 338432K->105824K(444416K)] 520173K->287565K(1842688K), 0.0333836 secs] [Times: user=0.20 sys=0.00, real=0.03 secs] 
5733.142: [GC (GCLocker Initiated GC) [PSYoungGen: 444256K->138528K(518144K)] 625997K->422162K(1916416K), 0.0515089 secs] [Times: user=0.30 sys=0.00, real=0.05 secs] 
5734.428: [GC (Allocation Failure) [PSYoungGen: 477984K->110272K(517632K)] 761657K->522985K(1915904K), 0.0631355 secs] [Times: user=0.37 sys=0.00, real=0.06 secs] 
5735.780: [GC (Allocation Failure) [PSYoungGen: 449728K->139456K(517120K)] 862441K->659678K(1915392K), 0.0529809 secs] [Times: user=0.31 sys=0.00, real=0.05 secs] 
5737.082: [GC (GCLocker Initiated GC) [PSYoungGen: 480960K->108768K(517632K)] 1001182K->759158K(1915904K), 0.0641119 secs] [Times: user=0.38 sys=0.00, real=0.07 secs] 
5738.340: [GC (Allocation Failure) [PSYoungGen: 450272K->140480K(520192K)] 1100733K->896658K(1918464K), 0.0529968 secs] [Times: user=0.31 sys=0.00, real=0.05 secs] 
5739.657: [GC (Allocation Failure) [PSYoungGen: 486592K->111040K(521216K)] 1242770K->998346K(1919488K), 0.0648200 secs] [Times: user=0.38 sys=0.01, real=0.06 secs] 
5741.151: [GC (Allocation Failure) [PSYoungGen: 457152K->142016K(521216K)] 1344458K->1137670K(1919488K), 0.0544840 secs] [Times: user=0.32 sys=0.01, real=0.06 secs] 
5742.504: [GC (Allocation Failure) [PSYoungGen: 490176K->110528K(522752K)] 1485830K->1238959K(1921024K), 0.0661793 secs] [Times: user=0.39 sys=0.00, real=0.07 secs] 
5744.765: [GC (Allocation Failure) [PSYoungGen: 458688K->142368K(522240K)] 1587119K->1378291K(1920512K), 0.0554826 secs] [Times: user=0.32 sys=0.00, real=0.05 secs] 
5744.821: [Full GC (Ergonomics) [PSYoungGen: 142368K->0K(522240K)] [ParOldGen: 1235923K->176996K(1398272K)] 1378291K->176996K(1920512K), [Metaspace: 59664K->59664K(1105920K)], 0.4237879 secs] [Times: user=1.97 sys=0.00, real=0.42 secs] 
5746.461: [GC (Allocation Failure) [PSYoungGen: 349696K->110624K(523776K)] 526692K->287620K(1922048K), 0.0345798 secs] [Times: user=0.20 sys=0.00, real=0.04 secs] 
5748.131: [GC (Allocation Failure) [PSYoungGen: 460320K->144256K(521728K)] 637316K->428129K(1920000K), 0.0537863 secs] [Times: user=0.31 sys=0.01, real=0.06 secs] 
5749.427: [GC (GCLocker Initiated GC) [PSYoungGen: 493952K->110976K(524288K)] 777825K->529977K(1922560K), 0.0642321 secs] [Times: user=0.38 sys=0.00, real=0.06 secs] 
5750.466: [GC (Allocation Failure) [PSYoungGen: 460672K->147552K(519168K)] 879743K->673732K(1917440K), 0.0535632 secs] [Times: user=0.32 sys=0.00, real=0.05 secs] 
5752.098: [GC (Allocation Failure) [PSYoungGen: 494176K->108384K(522752K)] 1020356K->772972K(1921024K), 0.1097384 secs] [Times: user=0.65 sys=0.00, real=0.11 secs] 
5753.236: [GC (Allocation Failure) [PSYoungGen: 455008K->146336K(519168K)] 1119596K->914813K(1917440K), 0.0524226 secs] [Times: user=0.31 sys=0.00, real=0.05 secs] 
5754.943: [GC (Allocation Failure) [PSYoungGen: 490912K->105856K(521728K)] 1259389K->1011989K(1920000K), 0.1392439 secs] [Times: user=0.82 sys=0.00, real=0.14 secs] 
5756.268: [GC (Allocation Failure) [PSYoungGen: 450432K->145632K(517632K)] 1356565K->1152990K(1915904K), 0.0520339 secs] [Times: user=0.31 sys=0.01, real=0.05 secs] 
5757.705: [GC (GCLocker Initiated GC) [PSYoungGen: 487136K->107584K(520192K)] 1494494K->1251438K(1918464K), 0.0660209 secs] [Times: user=0.38 sys=0.00, real=0.07 secs] 
5758.692: [GC (Allocation Failure) [PSYoungGen: 449088K->144704K(518144K)] 1593013K->1391762K(1916416K), 0.0518211 secs] [Times: user=0.31 sys=0.00, real=0.05 secs] 
5758.744: [Full GC (Ergonomics) [PSYoungGen: 144704K->0K(518144K)] [ParOldGen: 1247058K->191221K(1398272K)] 1391762K->191221K(1916416K), [Metaspace: 59664K->59664K(1105920K)], 0.4594273 secs] [Times: user=2.14 sys=0.00, real=0.46 secs] 
5760.680: [GC (Allocation Failure) [PSYoungGen: 341504K->106144K(520192K)] 532725K->297365K(1918464K), 0.0454307 secs] [Times: user=0.26 sys=0.00, real=0.05 secs] 
5761.891: [GC (Allocation Failure) [PSYoungGen: 447648K->143872K(517632K)] 638869K->437057K(1915904K), 0.0506580 secs] [Times: user=0.30 sys=0.00, real=0.05 secs] 
5763.362: [GC (Allocation Failure) [PSYoungGen: 484352K->103840K(519680K)] 777537K->532110K(1917952K), 0.0802684 secs] [Times: user=0.47 sys=0.00, real=0.08 secs] 
5764.030: [GC (Allocation Failure) [PSYoungGen: 444320K->142944K(518144K)] 872590K->670462K(1916416K), 0.0503053 secs] [Times: user=0.30 sys=0.00, real=0.05 secs] 
5765.473: [GC (Allocation Failure) [PSYoungGen: 483424K->106016K(519680K)] 1010942K->766990K(1917952K), 0.0639159 secs] [Times: user=0.37 sys=0.01, real=0.07 secs] 
5766.698: [GC (Allocation Failure) [PSYoungGen: 446496K->150560K(513024K)] 1107470K->913451K(1911296K), 0.0528229 secs] [Times: user=0.31 sys=0.00, real=0.05 secs] 
5767.997: [GC (Allocation Failure) [PSYoungGen: 485920K->107648K(517120K)] 1248811K->1003067K(1915392K), 0.0645923 secs] [Times: user=0.38 sys=0.00, real=0.06 secs] 
5769.049: [GC (Allocation Failure) [PSYoungGen: 443008K->140608K(516096K)] 1338427K->1140024K(1914368K), 0.0522114 secs] [Times: user=0.31 sys=0.01, real=0.05 secs] 
5770.334: [GC (Allocation Failure) [PSYoungGen: 478016K->106080K(517632K)] 1477432K->1237096K(1915904K), 0.0630645 secs] [Times: user=0.37 sys=0.00, real=0.07 secs] 
5772.007: [GC (Allocation Failure) [PSYoungGen: 443488K->139200K(518144K)] 1574504K->1373599K(1916416K), 0.0521994 secs] [Times: user=0.31 sys=0.00, real=0.05 secs] 
5772.059: [Full GC (Ergonomics) [PSYoungGen: 139200K->0K(518144K)] [ParOldGen: 1234399K->173295K(1398272K)] 1373599K->173295K(1916416K), [Metaspace: 59664K->59664K(1105920K)], 0.4075851 secs] [Times: user=1.88 sys=0.00, real=0.41 secs] 
5773.704: [GC (Allocation Failure) [PSYoungGen: 339968K->106592K(518144K)] 513263K->279888K(1916416K), 0.0347429 secs] [Times: user=0.20 sys=0.00, real=0.04 secs] 
5775.590: [GC (Allocation Failure) [PSYoungGen: 446560K->140160K(518656K)] 619856K->416236K(1916928K), 0.0529157 secs] [Times: user=0.32 sys=0.00, real=0.05 secs] 
5776.909: [GC (Allocation Failure) [PSYoungGen: 482176K->106720K(519168K)] 758252K->513844K(1917440K), 0.0792067 secs] [Times: user=0.47 sys=0.01, real=0.08 secs] 
5778.438: [GC (Allocation Failure) [PSYoungGen: 448736K->139648K(519168K)] 855860K->650489K(1917440K), 0.0520974 secs] [Times: user=0.31 sys=0.00, real=0.05 secs] 
5779.739: [GC (GCLocker Initiated GC) [PSYoungGen: 483712K->109856K(520192K)] 994554K->750910K(1918464K), 0.0649838 secs] [Times: user=0.38 sys=0.00, real=0.06 secs] 
5781.326: [GC (Allocation Failure) [PSYoungGen: 453920K->147008K(517632K)] 1094977K->895990K(1915904K), 0.0545249 secs] [Times: user=0.32 sys=0.00, real=0.05 secs] 
5782.655: [GC (Allocation Failure) [PSYoungGen: 491072K->111712K(521216K)] 1240054K->989742K(1919488K), 0.0663788 secs] [Times: user=0.40 sys=0.00, real=0.06 secs] 
5784.112: [GC (Allocation Failure) [PSYoungGen: 455776K->139552K(521728K)] 1333806K->1127051K(1920000K), 0.0549019 secs] [Times: user=0.33 sys=0.00, real=0.06 secs] 
5785.453: [GC (Allocation Failure) [PSYoungGen: 486688K->111488K(458752K)] 1474187K->1229135K(1857024K), 0.0661159 secs] [Times: user=0.39 sys=0.00, real=0.07 secs] 
5786.724: [GC (Allocation Failure) [PSYoungGen: 458624K->141728K(520192K)] 1576271K->1368100K(1918464K), 0.0553392 secs] [Times: user=0.32 sys=0.00, real=0.06 secs] 
5788.039: [GC (Allocation Failure) [PSYoungGen: 489376K->110112K(521728K)] 1715748K->1468904K(1920000K), 0.0671579 secs] [Times: user=0.40 sys=0.00, real=0.07 secs] 
5788.106: [Full GC (Ergonomics) [PSYoungGen: 110112K->0K(521728K)] [ParOldGen: 1358792K->30474K(1398272K)] 1468904K->30474K(1920000K), [Metaspace: 59664K->59664K(1105920K)], 0.0601575 secs] [Times: user=0.20 sys=0.00, real=0.06 secs] 
5790.246: [GC (Allocation Failure) [PSYoungGen: 347648K->140224K(523264K)] 378122K->170698K(1921536K), 0.0280268 secs] [Times: user=0.17 sys=0.00, real=0.02 secs] 
5791.516: [GC (Allocation Failure) [PSYoungGen: 491456K->113216K(524288K)] 521930K->274666K(1922560K), 0.0639362 secs] [Times: user=0.38 sys=0.00, real=0.06 secs] 
5793.985: [GC (Allocation Failure) [PSYoungGen: 464448K->144672K(522240K)] 625898K->415839K(1920512K), 0.0538152 secs] [Times: user=0.31 sys=0.00, real=0.05 secs] 
5795.493: [GC (Allocation Failure) [PSYoungGen: 495108K->112928K(524800K)] 766275K->519903K(1923072K), 0.0973706 secs] [Times: user=0.58 sys=0.01, real=0.10 secs] 
5796.989: [GC (Allocation Failure) [PSYoungGen: 464160K->144192K(523264K)] 871135K->661035K(1921536K), 0.0543831 secs] [Times: user=0.32 sys=0.00, real=0.05 secs] 
5798.447: [GC (Allocation Failure) [PSYoungGen: 495936K->111936K(525312K)] 1012779K->763760K(1923584K), 0.0931037 secs] [Times: user=0.45 sys=0.01, real=0.09 secs] 
5799.651: [GC (Allocation Failure) [PSYoungGen: 463680K->148928K(519168K)] 1115504K->908156K(1917440K), 0.0548086 secs] [Times: user=0.33 sys=0.00, real=0.06 secs] 
5800.976: [GC (Allocation Failure) [PSYoungGen: 496576K->107264K(523264K)] 1255804K->1006748K(1921536K), 0.0671781 secs] [Times: user=0.39 sys=0.00, real=0.06 secs] 
5802.053: [GC (Allocation Failure) [PSYoungGen: 454912K->146688K(519168K)] 1354396K->1148589K(1917440K), 0.0528693 secs] [Times: user=0.32 sys=0.00, real=0.06 secs] 
5803.551: [GC (Allocation Failure) [PSYoungGen: 491264K->107456K(521728K)] 1493165K->1247125K(1920000K), 0.0812069 secs] [Times: user=0.48 sys=0.00, real=0.08 secs] 
5805.364: [GC (Allocation Failure) [PSYoungGen: 452032K->143488K(520704K)] 1591701K->1386098K(1918976K), 0.0530513 secs] [Times: user=0.31 sys=0.00, real=0.06 secs] 
5805.417: [Full GC (Ergonomics) [PSYoungGen: 143488K->0K(520704K)] [ParOldGen: 1242610K->190153K(1398272K)] 1386098K->190153K(1918976K), [Metaspace: 59664K->59664K(1105920K)], 0.4573327 secs] [Times: user=2.13 sys=0.00, real=0.45 secs] 
5807.638: [GC (Allocation Failure) [PSYoungGen: 344576K->105504K(521728K)] 534729K->295657K(1920000K), 0.0730681 secs] [Times: user=0.42 sys=0.00, real=0.07 secs] 
5809.230: [GC (Allocation Failure) [PSYoungGen: 450080K->143968K(518656K)] 640233K->435109K(1916928K), 0.0505272 secs] [Times: user=0.30 sys=0.00, real=0.05 secs] 
5810.636: [GC (Allocation Failure) [PSYoungGen: 486496K->107776K(520704K)] 777637K->533574K(1918976K), 0.0651290 secs] [Times: user=0.38 sys=0.01, real=0.06 secs] 
5811.358: [GC (GCLocker Initiated GC) [PSYoungGen: 450304K->146048K(517632K)] 876103K->675956K(1915904K), 0.0527890 secs] [Times: user=0.31 sys=0.00, real=0.05 secs] 
5813.172: [GC (Allocation Failure) [PSYoungGen: 487552K->102368K(520192K)] 1017460K->769548K(1918464K), 0.0684420 secs] [Times: user=0.41 sys=0.00, real=0.07 secs] 
5814.406: [GC (Allocation Failure) [PSYoungGen: 443872K->145600K(516608K)] 1111052K->910969K(1914880K), 0.0506432 secs] [Times: user=0.29 sys=0.00, real=0.05 secs] 
5815.674: [GC (Allocation Failure) [PSYoungGen: 484032K->102656K(518656K)] 1249401K->1004865K(1916928K), 0.0645349 secs] [Times: user=0.38 sys=0.01, real=0.07 secs] 
5817.441: [GC (Allocation Failure) [PSYoungGen: 441088K->143776K(516608K)] 1343297K->1144526K(1914880K), 0.0510842 secs] [Times: user=0.30 sys=0.00, real=0.05 secs] 
5818.725: [GC (Allocation Failure) [PSYoungGen: 481184K->105536K(518144K)] 1481934K->1241194K(1916416K), 0.0648907 secs] [Times: user=0.39 sys=0.00, real=0.06 secs] 
5820.569: [GC (Allocation Failure) [PSYoungGen: 442944K->139008K(518144K)] 1578602K->1376303K(1916416K), 0.0518012 secs] [Times: user=0.30 sys=0.00, real=0.05 secs] 
5820.621: [Full GC (Ergonomics) [PSYoungGen: 139008K->0K(518144K)] [ParOldGen: 1237295K->176170K(1398272K)] 1376303K->176170K(1916416K), [Metaspace: 59664K->59664K(1105920K)], 0.4084294 secs] [Times: user=1.88 sys=0.00, real=0.41 secs] 
5822.263: [GC (Allocation Failure) [PSYoungGen: 338944K->105984K(445440K)] 515114K->282154K(1843712K), 0.0346463 secs] [Times: user=0.20 sys=0.00, real=0.04 secs] 
5823.870: [GC (Allocation Failure) [PSYoungGen: 444928K->137504K(518144K)] 621098K->416415K(1916416K), 0.0518159 secs] [Times: user=0.30 sys=0.00, real=0.05 secs] 
5825.176: [GC (GCLocker Initiated GC) [PSYoungGen: 478496K->110368K(517632K)] 757407K->516931K(1915904K), 0.0639232 secs] [Times: user=0.38 sys=0.00, real=0.06 secs] 
5825.992: [GC (Allocation Failure) [PSYoungGen: 451360K->149984K(514560K)] 857926K->664151K(1912832K), 0.0534800 secs] [Times: user=0.31 sys=0.00, real=0.06 secs] 
5827.334: [GC (Allocation Failure) [PSYoungGen: 490464K->107328K(519168K)] 1004631K->754027K(1917440K), 0.0657263 secs] [Times: user=0.39 sys=0.00, real=0.07 secs] 
5828.706: [GC (Allocation Failure) [PSYoungGen: 447808K->143040K(518656K)] 1094507K->894288K(1916928K), 0.0527377 secs] [Times: user=0.31 sys=0.00, real=0.05 secs] 
5830.021: [GC (Allocation Failure) [PSYoungGen: 484544K->107808K(449536K)] 1235792K->993240K(1847808K), 0.0656873 secs] [Times: user=0.39 sys=0.00, real=0.07 secs] 
5831.508: [GC (Allocation Failure) [PSYoungGen: 449312K->139232K(519680K)] 1334744K->1129757K(1917952K), 0.0533830 secs] [Times: user=0.31 sys=0.01, real=0.05 secs] 
5832.889: [GC (Allocation Failure) [PSYoungGen: 482272K->108000K(519680K)] 1472797K->1228613K(1917952K), 0.0667047 secs] [Times: user=0.39 sys=0.00, real=0.07 secs] 
5834.033: [GC (Allocation Failure) [PSYoungGen: 451040K->141024K(518656K)] 1571653K->1367458K(1916928K), 0.0549754 secs] [Times: user=0.33 sys=0.00, real=0.06 secs] 
5835.345: [GC (GCLocker Initiated GC) [PSYoungGen: 485088K->109344K(520192K)] 1711522K->1467370K(1918464K), 0.0661310 secs] [Times: user=0.38 sys=0.01, real=0.07 secs] 
5835.411: [Full GC (Ergonomics) [PSYoungGen: 109344K->0K(520192K)] [ParOldGen: 1358026K->28544K(1398272K)] 1467370K->28544K(1918464K), [Metaspace: 59664K->59664K(1105920K)], 0.0527669 secs] [Times: user=0.17 sys=0.00, real=0.05 secs] 
5837.965: [GC (Allocation Failure) [PSYoungGen: 344064K->138912K(521216K)] 372679K->167527K(1919488K), 0.0274471 secs] [Times: user=0.15 sys=0.00, real=0.02 secs] 
5839.250: [GC (Allocation Failure) [PSYoungGen: 486560K->111808K(521728K)] 515175K->270343K(1920000K), 0.0638469 secs] [Times: user=0.37 sys=0.01, real=0.06 secs] 
5840.941: [GC (Allocation Failure) [PSYoungGen: 459456K->141408K(521728K)] 617991K->409216K(1920000K), 0.0529556 secs] [Times: user=0.31 sys=0.00, real=0.05 secs] 
5842.243: [GC (Allocation Failure) [PSYoungGen: 491104K->111360K(523264K)] 758912K->511248K(1921536K), 0.0636969 secs] [Times: user=0.37 sys=0.00, real=0.07 secs] 
5844.035: [GC (Allocation Failure) [PSYoungGen: 461056K->143136K(521728K)] 860944K->651468K(1920000K), 0.0534166 secs] [Times: user=0.31 sys=0.00, real=0.05 secs] 
5845.349: [GC (GCLocker Initiated GC) [PSYoungGen: 493856K->112576K(524288K)] 1002189K->754621K(1922560K), 0.0650090 secs] [Times: user=0.38 sys=0.00, real=0.06 secs] 
5846.574: [GC (Allocation Failure) [PSYoungGen: 463296K->145632K(521728K)] 1105344K->897580K(1920000K), 0.0550259 secs] [Times: user=0.32 sys=0.00, real=0.06 secs] 
5848.034: [GC (Allocation Failure) [PSYoungGen: 496352K->110880K(524800K)] 1248300K->999072K(1923072K), 0.0731262 secs] [Times: user=0.44 sys=0.01, real=0.08 secs] 
5849.254: [GC (Allocation Failure) [PSYoungGen: 461600K->146592K(519680K)] 1349792K->1140797K(1917952K), 0.0537076 secs] [Times: user=0.32 sys=0.00, real=0.06 secs] 
5850.639: [GC (GCLocker Initiated GC) [PSYoungGen: 494240K->110944K(523264K)] 1488445K->1242277K(1921536K), 0.0665498 secs] [Times: user=0.39 sys=0.00, real=0.07 secs] 
5851.307: [GC (Allocation Failure) [PSYoungGen: 458592K->147200K(519168K)] 1589928K->1385053K(1917440K), 0.0536396 secs] [Times: user=0.32 sys=0.00, real=0.05 secs] 
5851.361: [Full GC (Ergonomics) [PSYoungGen: 147200K->0K(519168K)] [ParOldGen: 1237853K->189412K(1398272K)] 1385053K->189412K(1917440K), [Metaspace: 59664K->59664K(1105920K)], 0.4471983 secs] [Times: user=2.06 sys=0.00, real=0.45 secs] 
5853.148: [GC (Allocation Failure) [PSYoungGen: 345600K->107648K(522240K)] 535012K->297060K(1920512K), 0.0327764 secs] [Times: user=0.19 sys=0.01, real=0.03 secs] 
5853.994: [GC (Allocation Failure) [PSYoungGen: 453248K->146464K(517632K)] 642660K->439337K(1915904K), 0.0512473 secs] [Times: user=0.30 sys=0.00, real=0.06 secs] 
5855.788: [GC (Allocation Failure) [PSYoungGen: 488992K->106080K(520704K)] 781865K->536317K(1918976K), 0.1372389 secs] [Times: user=0.81 sys=0.00, real=0.14 secs] 
5856.930: [GC (Allocation Failure) [PSYoungGen: 448608K->144448K(518144K)] 878845K->676633K(1916416K), 0.0511618 secs] [Times: user=0.30 sys=0.00, real=0.05 secs] 
5858.613: [GC (Allocation Failure) [PSYoungGen: 485952K->103776K(520192K)] 1018137K->771809K(1918464K), 0.1152599 secs] [Times: user=0.68 sys=0.00, real=0.12 secs] 
5859.833: [GC (Allocation Failure) [PSYoungGen: 445280K->144480K(518144K)] 1113313K->911962K(1916416K), 0.0507687 secs] [Times: user=0.30 sys=0.00, real=0.05 secs] 
5861.121: [GC (GCLocker Initiated GC) [PSYoungGen: 484960K->104032K(519680K)] 1252442K->1007154K(1917952K), 0.0648825 secs] [Times: user=0.38 sys=0.00, real=0.07 secs] 
5862.470: [GC (Allocation Failure) [PSYoungGen: 444512K->143456K(517632K)] 1347637K->1146506K(1915904K), 0.0511075 secs] [Times: user=0.30 sys=0.00, real=0.05 secs] 
5863.801: [GC (Allocation Failure) [PSYoungGen: 482912K->104992K(519168K)] 1485962K->1242654K(1917440K), 0.0646212 secs] [Times: user=0.38 sys=0.00, real=0.07 secs] 
5865.144: [GC (Allocation Failure) [PSYoungGen: 444448K->142784K(517632K)] 1582110K->1381527K(1915904K), 0.0517939 secs] [Times: user=0.31 sys=0.00, real=0.06 secs] 
5865.196: [Full GC (Ergonomics) [PSYoungGen: 142784K->0K(517632K)] [ParOldGen: 1238743K->181364K(1398272K)] 1381527K->181364K(1915904K), [Metaspace: 59664K->59664K(1105920K)], 0.4354437 secs] [Times: user=2.02 sys=0.00, real=0.43 secs] 
5867.167: [GC (Allocation Failure) [PSYoungGen: 339456K->103008K(519168K)] 520820K->284373K(1917440K), 0.0620351 secs] [Times: user=0.36 sys=0.01, real=0.06 secs] 
5868.539: [GC (Allocation Failure) [PSYoungGen: 442464K->141504K(518144K)] 623829K->422581K(1916416K), 0.0509226 secs] [Times: user=0.30 sys=0.00, real=0.05 secs] 
5869.930: [GC (GCLocker Initiated GC) [PSYoungGen: 481472K->104928K(519168K)] 762549K->518353K(1917440K), 0.0642117 secs] [Times: user=0.38 sys=0.00, real=0.06 secs] 
5870.825: [GC (Allocation Failure) [PSYoungGen: 444896K->141760K(518144K)] 858392K->657181K(1916416K), 0.0524451 secs] [Times: user=0.30 sys=0.01, real=0.05 secs] 
5872.174: [GC (Allocation Failure) [PSYoungGen: 482240K->109120K(450048K)] 997661K->756797K(1848320K), 0.0779017 secs] [Times: user=0.46 sys=0.00, real=0.08 secs] 
5873.855: [GC (Allocation Failure) [PSYoungGen: 449600K->139200K(518144K)] 1097277K->893234K(1916416K), 0.0529859 secs] [Times: user=0.31 sys=0.00, real=0.05 secs] 
5875.161: [GC (GCLocker Initiated GC) [PSYoungGen: 481216K->108480K(518656K)] 1235250K->992378K(1916928K), 0.0641048 secs] [Times: user=0.38 sys=0.00, real=0.07 secs] 
5876.282: [GC (Allocation Failure) [PSYoungGen: 450496K->139040K(520192K)] 1334397K->1128786K(1918464K), 0.0529631 secs] [Times: user=0.32 sys=0.00, real=0.06 secs] 
5877.605: [GC (GCLocker Initiated GC) [PSYoungGen: 484640K->111776K(520704K)] 1474386K->1230634K(1918976K), 0.0651687 secs] [Times: user=0.39 sys=0.00, real=0.06 secs] 
5878.427: [GC (Allocation Failure) [PSYoungGen: 457376K->145568K(518656K)] 1576273K->1373446K(1916928K), 0.0546889 secs] [Times: user=0.33 sys=0.00, real=0.05 secs] 
5879.732: [GC (Allocation Failure) [PSYoungGen: 491680K->107840K(521728K)] 1719558K->1472422K(1920000K), 0.0680354 secs] [Times: user=0.39 sys=0.01, real=0.07 secs] 
5879.800: [Full GC (Ergonomics) [PSYoungGen: 107840K->0K(521728K)] [ParOldGen: 1364582K->33712K(1398272K)] 1472422K->33712K(1920000K), [Metaspace: 59664K->59664K(1105920K)], 0.0671973 secs] [Times: user=0.24 sys=0.00, real=0.07 secs] 
5881.436: [GC (Allocation Failure) [PSYoungGen: 346112K->143104K(520704K)] 379824K->176816K(1918976K), 0.0285716 secs] [Times: user=0.17 sys=0.00, real=0.02 secs] 
5882.816: [GC (Allocation Failure) [PSYoungGen: 489728K->109984K(456704K)] 523440K->277764K(1854976K), 0.0642241 secs] [Times: user=0.38 sys=0.00, real=0.06 secs] 
5884.566: [GC (Allocation Failure) [PSYoungGen: 456608K->143296K(520192K)] 624388K->418375K(1918464K), 0.0525579 secs] [Times: user=0.31 sys=0.00, real=0.05 secs] 
5885.921: [GC (Allocation Failure) [PSYoungGen: 489920K->107136K(522240K)] 764999K->516643K(1920512K), 0.0703945 secs] [Times: user=0.42 sys=0.00, real=0.07 secs] 
5887.805: [GC (GCLocker Initiated GC) [PSYoungGen: 453760K->143008K(520704K)] 863270K->656786K(1918976K), 0.0526077 secs] [Times: user=0.31 sys=0.00, real=0.05 secs] 
5889.138: [GC (Allocation Failure) [PSYoungGen: 489632K->109888K(522752K)] 1005460K->759828K(1921024K), 0.0912303 secs] [Times: user=0.54 sys=0.00, real=0.09 secs] 
5890.544: [GC (Allocation Failure) [PSYoungGen: 456512K->144896K(519680K)] 1106452K->901681K(1917952K), 0.0532521 secs] [Times: user=0.31 sys=0.00, real=0.06 secs] 
5891.855: [GC (Allocation Failure) [PSYoungGen: 490496K->108960K(522240K)] 1247281K->1001537K(1920512K), 0.0665720 secs] [Times: user=0.39 sys=0.01, real=0.06 secs] 
5893.260: [GC (Allocation Failure) [PSYoungGen: 454560K->143872K(520192K)] 1347137K->1141357K(1918464K), 0.0542830 secs] [Times: user=0.32 sys=0.00, real=0.05 secs] 
5894.691: [GC (Allocation Failure) [PSYoungGen: 489472K->109792K(522240K)] 1486957K->1241293K(1920512K), 0.0982356 secs] [Times: user=0.58 sys=0.00, real=0.10 secs] 
5895.592: [GC (Allocation Failure) [PSYoungGen: 455392K->145824K(519168K)] 1586893K->1383178K(1917440K), 0.0538879 secs] [Times: user=0.32 sys=0.00, real=0.06 secs] 
5895.646: [Full GC (Ergonomics) [PSYoungGen: 145824K->0K(519168K)] [ParOldGen: 1237354K->185444K(1398272K)] 1383178K->185444K(1917440K), [Metaspace: 59664K->59664K(1105920K)], 0.4385378 secs] [Times: user=2.03 sys=0.00, real=0.43 secs] 
5897.276: [GC (Allocation Failure) [PSYoungGen: 344576K->107776K(521728K)] 530020K->293220K(1920000K), 0.0328899 secs] [Times: user=0.19 sys=0.00, real=0.03 secs] 
5898.784: [GC (Allocation Failure) [PSYoungGen: 452352K->145536K(518144K)] 637796K->434453K(1916416K), 0.0519146 secs] [Times: user=0.30 sys=0.00, real=0.06 secs] 
5900.051: [GC (Allocation Failure) [PSYoungGen: 488064K->104224K(520704K)] 776981K->529413K(1918976K), 0.0645589 secs] [Times: user=0.38 sys=0.00, real=0.07 secs] 
5901.546: [GC (Allocation Failure) [PSYoungGen: 446752K->143872K(518656K)] 871941K->668802K(1916928K), 0.0507608 secs] [Times: user=0.30 sys=0.00, real=0.05 secs] 
5902.826: [GC (Allocation Failure) [PSYoungGen: 485376K->107040K(520192K)] 1010306K->766702K(1918464K), 0.0643040 secs] [Times: user=0.38 sys=0.00, real=0.06 secs] 
5904.504: [GC (Allocation Failure) [PSYoungGen: 448544K->142016K(519168K)] 1108206K->904667K(1917440K), 0.0518822 secs] [Times: user=0.30 sys=0.00, real=0.06 secs] 
5905.875: [GC (Allocation Failure) [PSYoungGen: 484032K->107168K(449536K)] 1246683K->1002731K(1847808K), 0.0646355 secs] [Times: user=0.38 sys=0.00, real=0.06 secs] 
5906.937: [GC (Allocation Failure) [PSYoungGen: 449184K->152096K(512512K)] 1344747K->1150892K(1910784K), 0.0533343 secs] [Times: user=0.32 sys=0.00, real=0.05 secs] 
5908.303: [GC (GCLocker Initiated GC) [PSYoungGen: 488480K->105824K(517632K)] 1487276K->1239252K(1915904K), 0.0655352 secs] [Times: user=0.38 sys=0.00, real=0.07 secs] 
5909.678: [GC (Allocation Failure) [PSYoungGen: 442208K->139872K(516096K)] 1575675K->1375479K(1914368K), 0.0512863 secs] [Times: user=0.30 sys=0.00, real=0.05 secs] 
5909.729: [Full GC (Ergonomics) [PSYoungGen: 139872K->0K(516096K)] [ParOldGen: 1235607K->174597K(1398272K)] 1375479K->174597K(1914368K), [Metaspace: 59664K->59664K(1105920K)], 0.4121172 secs] [Times: user=1.91 sys=0.00, real=0.41 secs] 
5911.350: [GC (Allocation Failure) [PSYoungGen: 337920K->107360K(517632K)] 512517K->281957K(1915904K), 0.0343580 secs] [Times: user=0.20 sys=0.00, real=0.03 secs] 
5913.340: [GC (Allocation Failure) [PSYoungGen: 445280K->137760K(518656K)] 619877K->415878K(1916928K), 0.0522156 secs] [Times: user=0.31 sys=0.00, real=0.05 secs] 
5914.639: [GC (Allocation Failure) [PSYoungGen: 479264K->108576K(518656K)] 757382K->515206K(1916928K), 0.0642621 secs] [Times: user=0.37 sys=0.01, real=0.06 secs] 
5916.432: [GC (GCLocker Initiated GC) [PSYoungGen: 450080K->138784K(519168K)] 856710K->651267K(1917440K), 0.0530189 secs] [Times: user=0.31 sys=0.01, real=0.06 secs] 
5917.778: [GC (Allocation Failure) [PSYoungGen: 482848K->111008K(519680K)] 995334K->753218K(1917952K), 0.0642425 secs] [Times: user=0.38 sys=0.01, real=0.06 secs] 
5919.941: [GC (Allocation Failure) [PSYoungGen: 455072K->138624K(520704K)] 1097282K->889159K(1918976K), 0.0536469 secs] [Times: user=0.32 sys=0.00, real=0.05 secs] 
5921.260: [GC (Allocation Failure) [PSYoungGen: 486272K->111616K(521216K)] 1236807K->991287K(1919488K), 0.0653039 secs] [Times: user=0.38 sys=0.01, real=0.07 secs] 
5922.527: [GC (Allocation Failure) [PSYoungGen: 459264K->143552K(520704K)] 1338935K->1131852K(1918976K), 0.0542515 secs] [Times: user=0.32 sys=0.00, real=0.05 secs] 
5923.850: [GC (GCLocker Initiated GC) [PSYoungGen: 493248K->112160K(523264K)] 1481549K->1234885K(1921536K), 0.0666825 secs] [Times: user=0.39 sys=0.00, real=0.07 secs] 
5924.615: [GC (Allocation Failure) [PSYoungGen: 461856K->145536K(521728K)] 1584584K->1377476K(1920000K), 0.0546948 secs] [Times: user=0.32 sys=0.00, real=0.05 secs] 
5925.931: [GC (Allocation Failure) [PSYoungGen: 496256K->110560K(524800K)] 1728196K->1478788K(1923072K), 0.0663967 secs] [Times: user=0.39 sys=0.00, real=0.07 secs] 
5925.998: [Full GC (Ergonomics) [PSYoungGen: 110560K->0K(524800K)] [ParOldGen: 1368228K->39447K(1398272K)] 1478788K->39447K(1923072K), [Metaspace: 59664K->59664K(1105920K)], 0.0792129 secs] [Times: user=0.30 sys=0.00, real=0.08 secs] 
5927.085: [GC (Allocation Failure) [PSYoungGen: 350720K->145696K(521216K)] 390167K->185143K(1919488K), 0.0285177 secs] [Times: user=0.16 sys=0.01, real=0.02 secs] 
5928.360: [GC (Allocation Failure) [PSYoungGen: 494368K->109600K(523776K)] 533815K->285587K(1922048K), 0.0649998 secs] [Times: user=0.39 sys=0.00, real=0.07 secs] 
5929.422: [GC (Allocation Failure) [PSYoungGen: 458272K->146368K(519168K)] 634259K->428436K(1917440K), 0.0529928 secs] [Times: user=0.32 sys=0.00, real=0.06 secs] 
5931.314: [GC (Allocation Failure) [PSYoungGen: 491968K->109152K(522240K)] 774036K->528828K(1920512K), 0.0980896 secs] [Times: user=0.58 sys=0.00, real=0.10 secs] 
5933.209: [GC (Allocation Failure) [PSYoungGen: 454752K->143168K(521216K)] 874428K->667360K(1919488K), 0.0515350 secs] [Times: user=0.30 sys=0.00, real=0.05 secs] 
5934.796: [GC (GCLocker Initiated GC) [PSYoungGen: 489792K->107104K(522752K)] 1013984K->765273K(1921024K), 0.0989351 secs] [Times: user=0.58 sys=0.01, real=0.10 secs] 
5936.505: [GC (Allocation Failure) [PSYoungGen: 453728K->143680K(520704K)] 1111935K->904740K(1918976K), 0.0517672 secs] [Times: user=0.31 sys=0.00, real=0.05 secs] 
5937.797: [GC (Allocation Failure) [PSYoungGen: 489280K->110304K(456192K)] 1250340K->1005972K(1854464K), 0.0647383 secs] [Times: user=0.39 sys=0.00, real=0.06 secs] 
5939.366: [GC (Allocation Failure) [PSYoungGen: 455904K->142848K(520192K)] 1351572K->1144969K(1918464K), 0.0525145 secs] [Times: user=0.31 sys=0.00, real=0.05 secs] 
5940.654: [GC (Allocation Failure) [PSYoungGen: 488448K->109056K(521728K)] 1490569K->1245085K(1920000K), 0.0658476 secs] [Times: user=0.39 sys=0.00, real=0.07 secs] 
5942.180: [GC (Allocation Failure) [PSYoungGen: 454656K->144000K(520192K)] 1590685K->1384938K(1918464K), 0.0531317 secs] [Times: user=0.31 sys=0.00, real=0.05 secs] 
5942.233: [Full GC (Ergonomics) [PSYoungGen: 144000K->0K(520192K)] [ParOldGen: 1240938K->189569K(1398272K)] 1384938K->189569K(1918464K), [Metaspace: 59664K->59664K(1105920K)], 0.4417600 secs] [Times: user=2.04 sys=0.00, real=0.45 secs] 
5943.892: [GC (Allocation Failure) [PSYoungGen: 345600K->106816K(522240K)] 535169K->296385K(1920512K), 0.0319957 secs] [Times: user=0.18 sys=0.00, real=0.03 secs] 
5945.056: [GC (Allocation Failure) [PSYoungGen: 452416K->143840K(519680K)] 641985K->436126K(1917952K), 0.0512541 secs] [Times: user=0.30 sys=0.00, real=0.05 secs] 
5946.575: [GC (GCLocker Initiated GC) [PSYoungGen: 488416K->108064K(521728K)] 780703K->534663K(1920000K), 0.0774782 secs] [Times: user=0.46 sys=0.00, real=0.07 secs] 
5947.846: [GC (Allocation Failure) [PSYoungGen: 452640K->144256K(519680K)] 879242K->674243K(1917952K), 0.0516442 secs] [Times: user=0.31 sys=0.00, real=0.05 secs] 
5949.363: [GC (Allocation Failure) [PSYoungGen: 488832K->111424K(521728K)] 1018819K->776167K(1920000K), 0.0759665 secs] [Times: user=0.44 sys=0.00, real=0.08 secs] 
5950.189: [GC (Allocation Failure) [PSYoungGen: 456000K->146080K(518656K)] 1120743K->917532K(1916928K), 0.0537524 secs] [Times: user=0.31 sys=0.00, real=0.05 secs] 
5951.728: [GC (Allocation Failure) [PSYoungGen: 489632K->106752K(521216K)] 1261084K->1015460K(1919488K), 0.1003707 secs] [Times: user=0.60 sys=0.00, real=0.10 secs] 
5952.465: [GC (Allocation Failure) [PSYoungGen: 450304K->145568K(517632K)] 1359012K->1156532K(1915904K), 0.0523827 secs] [Times: user=0.31 sys=0.00, real=0.05 secs] 
5953.739: [GC (GCLocker Initiated GC) [PSYoungGen: 487072K->104288K(520192K)] 1498036K->1252105K(1918464K), 0.0655632 secs] [Times: user=0.38 sys=0.00, real=0.06 secs] 
5954.572: [GC (Allocation Failure) [PSYoungGen: 445792K->144800K(517120K)] 1593612K->1392753K(1915392K), 0.0519194 secs] [Times: user=0.30 sys=0.00, real=0.05 secs] 
5954.624: [Full GC (Ergonomics) [PSYoungGen: 144800K->0K(517120K)] [ParOldGen: 1247953K->191981K(1398272K)] 1392753K->191981K(1915392K), [Metaspace: 59664K->59664K(1105920K)], 0.4573796 secs] [Times: user=2.13 sys=0.00, real=0.46 secs] 
5956.295: [GC (Allocation Failure) [PSYoungGen: 339456K->104320K(519168K)] 531437K->296301K(1917440K), 0.0318182 secs] [Times: user=0.18 sys=0.00, real=0.03 secs] 
5958.611: [GC (Allocation Failure) [PSYoungGen: 443776K->140480K(519168K)] 635757K->432438K(1917440K), 0.0495072 secs] [Times: user=0.29 sys=0.00, real=0.05 secs] 
5959.881: [GC (Allocation Failure) [PSYoungGen: 481472K->106464K(447488K)] 773430K->529770K(1845760K), 0.0630675 secs] [Times: user=0.38 sys=0.00, real=0.06 secs] 
5961.360: [GC (Allocation Failure) [PSYoungGen: 447456K->141312K(517632K)] 870762K->667174K(1915904K), 0.0515640 secs] [Times: user=0.31 sys=0.00, real=0.05 secs] 
5962.646: [GC (Allocation Failure) [PSYoungGen: 482304K->108576K(518656K)] 1008166K->766506K(1916928K), 0.0642678 secs] [Times: user=0.38 sys=0.00, real=0.06 secs] 
5964.565: [GC (Allocation Failure) [PSYoungGen: 449568K->140928K(519168K)] 1107498K->903671K(1917440K), 0.0523385 secs] [Times: user=0.31 sys=0.00, real=0.05 secs] 
5965.863: [GC (Allocation Failure) [PSYoungGen: 484480K->109408K(520192K)] 1247223K->1004047K(1918464K), 0.0640386 secs] [Times: user=0.38 sys=0.00, real=0.07 secs] 
5967.565: [GC (Allocation Failure) [PSYoungGen: 452960K->140576K(520192K)] 1347599K->1140724K(1918464K), 0.0533705 secs] [Times: user=0.31 sys=0.00, real=0.05 secs] 
5968.856: [GC (GCLocker Initiated GC) [PSYoungGen: 486176K->111360K(521216K)] 1486324K->1242824K(1919488K), 0.0650991 secs] [Times: user=0.39 sys=0.00, real=0.06 secs] 
5969.729: [GC (Allocation Failure) [PSYoungGen: 456960K->144256K(519168K)] 1588427K->1383000K(1917440K), 0.0542462 secs] [Times: user=0.32 sys=0.00, real=0.05 secs] 
5969.783: [Full GC (Ergonomics) [PSYoungGen: 144256K->0K(519168K)] [ParOldGen: 1238744K->183583K(1398272K)] 1383000K->183583K(1917440K), [Metaspace: 59664K->59664K(1105920K)], 0.4336980 secs] [Times: user=2.01 sys=0.00, real=0.44 secs] 
5971.535: [GC (GCLocker Initiated GC) [PSYoungGen: 346112K->109248K(521728K)] 529695K->292831K(1920000K), 0.0352612 secs] [Times: user=0.20 sys=0.00, real=0.03 secs] 
5972.766: [GC (Allocation Failure) [PSYoungGen: 455360K->144736K(520192K)] 638982K->433171K(1918464K), 0.0540435 secs] [Times: user=0.27 sys=0.00, real=0.05 secs] 
5974.059: [GC (Allocation Failure) [PSYoungGen: 491360K->110528K(522752K)] 779795K->534603K(1921024K), 0.0656574 secs] [Times: user=0.39 sys=0.00, real=0.07 secs] 
5974.812: [GC (GCLocker Initiated GC) [PSYoungGen: 457152K->146336K(518656K)] 881227K->676600K(1916928K), 0.0524690 secs] [Times: user=0.31 sys=0.00, real=0.05 secs] 
5976.422: [GC (Allocation Failure) [PSYoungGen: 490912K->106304K(521728K)] 1021178K->773738K(1920000K), 0.1276416 secs] [Times: user=0.75 sys=0.01, real=0.13 secs] 
5977.219: [GC (Allocation Failure) [PSYoungGen: 450880K->146784K(517120K)] 1118314K->916023K(1915392K), 0.0513983 secs] [Times: user=0.31 sys=0.00, real=0.05 secs] 
5978.505: [GC (Allocation Failure) [PSYoungGen: 488288K->106496K(520192K)] 1257527K->1013567K(1918464K), 0.0656074 secs] [Times: user=0.39 sys=0.00, real=0.06 secs] 
5979.849: [GC (Allocation Failure) [PSYoungGen: 448000K->140352K(519680K)] 1355071K->1149796K(1917952K), 0.0515365 secs] [Times: user=0.31 sys=0.00, real=0.05 secs] 
5981.142: [GC (Allocation Failure) [PSYoungGen: 483392K->108672K(452096K)] 1492836K->1249180K(1850368K), 0.0649613 secs] [Times: user=0.38 sys=0.00, real=0.07 secs] 
5982.306: [GC (Allocation Failure) [PSYoungGen: 451712K->144512K(518144K)] 1592220K->1389547K(1916416K), 0.0529142 secs] [Times: user=0.31 sys=0.00, real=0.05 secs] 
5982.359: [Full GC (Ergonomics) [PSYoungGen: 144512K->0K(518144K)] [ParOldGen: 1245035K->188518K(1398272K)] 1389547K->188518K(1916416K), [Metaspace: 59664K->59664K(1105920K)], 0.4499952 secs] [Times: user=2.09 sys=0.00, real=0.45 secs] 
5983.997: [GC (GCLocker Initiated GC) [PSYoungGen: 342528K->106336K(520192K)] 531049K->294857K(1918464K), 0.0328388 secs] [Times: user=0.20 sys=0.01, real=0.03 secs] 
5985.676: [GC (Allocation Failure) [PSYoungGen: 448864K->142432K(519680K)] 637388K->433185K(1917952K), 0.0506154 secs] [Times: user=0.30 sys=0.00, real=0.05 secs] 
5986.946: [GC (GCLocker Initiated GC) [PSYoungGen: 485984K->107296K(451072K)] 776737K->531493K(1849344K), 0.0651551 secs] [Times: user=0.38 sys=0.00, real=0.06 secs] 
5988.543: [GC (Allocation Failure) [PSYoungGen: 450848K->143008K(518656K)] 875048K->669925K(1916928K), 0.0527099 secs] [Times: user=0.32 sys=0.00, real=0.06 secs] 
5989.827: [GC (GCLocker Initiated GC) [PSYoungGen: 486048K->111040K(520704K)] 1012965K->771381K(1918976K), 0.0654700 secs] [Times: user=0.38 sys=0.00, real=0.06 secs] 
5991.161: [GC (Allocation Failure) [PSYoungGen: 454080K->141664K(519680K)] 1114492K->909144K(1917952K), 0.0537427 secs] [Times: user=0.32 sys=0.00, real=0.05 secs] 
5992.578: [GC (Allocation Failure) [PSYoungGen: 486240K->108864K(520704K)] 1253720K->1008377K(1918976K), 0.0756930 secs] [Times: user=0.44 sys=0.01, real=0.07 secs] 
5993.864: [GC (Allocation Failure) [PSYoungGen: 453440K->144576K(519168K)] 1352953K->1148257K(1917440K), 0.0530805 secs] [Times: user=0.31 sys=0.00, real=0.06 secs] 
5995.193: [GC (GCLocker Initiated GC) [PSYoungGen: 489664K->109952K(521728K)] 1493345K->1248561K(1920000K), 0.0659838 secs] [Times: user=0.39 sys=0.00, real=0.07 secs] 
5996.247: [GC (Allocation Failure) [PSYoungGen: 455040K->145440K(519168K)] 1593652K->1389745K(1917440K), 0.0542973 secs] [Times: user=0.32 sys=0.00, real=0.05 secs] 
5996.301: [Full GC (Ergonomics) [PSYoungGen: 145440K->0K(519168K)] [ParOldGen: 1244305K->189427K(1398272K)] 1389745K->189427K(1917440K), [Metaspace: 59664K->59664K(1105920K)], 0.4522836 secs] [Times: user=2.10 sys=0.00, real=0.45 secs] 
5998.031: [GC (GCLocker Initiated GC) [PSYoungGen: 344576K->103776K(521728K)] 534004K->293204K(1920000K), 0.0585669 secs] [Times: user=0.33 sys=0.00, real=0.06 secs] 
5999.242: [GC (Allocation Failure) [PSYoungGen: 448352K->145600K(517632K)] 637785K->434221K(1915904K), 0.0505308 secs] [Times: user=0.29 sys=0.01, real=0.05 secs] 
6000.519: [GC (Allocation Failure) [PSYoungGen: 487080K->108320K(520192K)] 775702K->533357K(1918464K), 0.0653632 secs] [Times: user=0.38 sys=0.00, real=0.06 secs] 
6001.655: [GC (Allocation Failure) [PSYoungGen: 449824K->144064K(518144K)] 874861K->673338K(1916416K), 0.0523796 secs] [Times: user=0.31 sys=0.01, real=0.05 secs] 
6002.957: [GC (GCLocker Initiated GC) [PSYoungGen: 485568K->105472K(520192K)] 1014844K->769876K(1918464K), 0.0658707 secs] [Times: user=0.38 sys=0.01, real=0.06 secs] 
6003.918: [GC (Allocation Failure) [PSYoungGen: 446976K->143424K(518656K)] 1111380K->909713K(1916928K), 0.0525648 secs] [Times: user=0.31 sys=0.00, real=0.05 secs] 
6005.478: [GC (Allocation Failure) [PSYoungGen: 484928K->106368K(520192K)] 1251217K->1007089K(1918464K), 0.1124618 secs] [Times: user=0.66 sys=0.01, real=0.11 secs] 
6007.028: [GC (Allocation Failure) [PSYoungGen: 447872K->142432K(518656K)] 1348593K->1145414K(1916928K), 0.0529443 secs] [Times: user=0.31 sys=0.01, real=0.05 secs] 
6008.321: [GC (Allocation Failure) [PSYoungGen: 483936K->108896K(450560K)] 1486918K->1244922K(1848832K), 0.0654493 secs] [Times: user=0.39 sys=0.00, real=0.07 secs] 
6010.050: [GC (Allocation Failure) [PSYoungGen: 450400K->141152K(518144K)] 1586426K->1382319K(1916416K), 0.0538778 secs] [Times: user=0.32 sys=0.01, real=0.05 secs] 
6010.104: [Full GC (Ergonomics) [PSYoungGen: 141152K->0K(518144K)] [ParOldGen: 1241167K->182045K(1398272K)] 1382319K->182045K(1916416K), [Metaspace: 59664K->59664K(1105920K)], 0.4367573 secs] [Times: user=2.02 sys=0.00, real=0.44 secs] 
6011.758: [GC (GCLocker Initiated GC) [PSYoungGen: 342016K->105696K(519168K)] 524062K->287742K(1917440K), 0.0334034 secs] [Times: user=0.19 sys=0.01, real=0.03 secs] 
6013.957: [GC (Allocation Failure) [PSYoungGen: 447712K->140960K(520192K)] 629797K->424482K(1918464K), 0.0515575 secs] [Times: user=0.30 sys=0.00, real=0.05 secs] 
6015.352: [GC (GCLocker Initiated GC) [PSYoungGen: 485536K->110496K(455168K)] 769058K->526010K(1853440K), 0.0671122 secs] [Times: user=0.40 sys=0.00, real=0.07 secs] 
6016.531: [GC (Allocation Failure) [PSYoungGen: 455072K->144128K(518144K)] 870589K->666430K(1916416K), 0.0533093 secs] [Times: user=0.32 sys=0.00, real=0.06 secs] 
6017.909: [GC (Allocation Failure) [PSYoungGen: 488192K->109312K(520704K)] 1010494K->766062K(1918976K), 0.0983667 secs] [Times: user=0.58 sys=0.00, real=0.10 secs] 
6019.010: [GC (Allocation Failure) [PSYoungGen: 453376K->144992K(519168K)] 1110126K->907266K(1917440K), 0.0534882 secs] [Times: user=0.32 sys=0.00, real=0.05 secs] 
6020.484: [GC (Allocation Failure) [PSYoungGen: 489568K->107680K(521728K)] 1251842K->1005651K(1920000K), 0.0654600 secs] [Times: user=0.39 sys=0.00, real=0.07 secs] 
6021.453: [GC (Allocation Failure) [PSYoungGen: 452256K->146816K(516608K)] 1350227K->1149063K(1914880K), 0.0535520 secs] [Times: user=0.32 sys=0.00, real=0.06 secs] 
6022.769: [GC (Allocation Failure) [PSYoungGen: 488320K->106592K(520192K)] 1490567K->1246947K(1918464K), 0.0667456 secs] [Times: user=0.40 sys=0.00, real=0.07 secs] 
6024.708: [GC (Allocation Failure) [PSYoungGen: 448096K->141504K(520192K)] 1588451K->1384408K(1918464K), 0.0527927 secs] [Times: user=0.32 sys=0.00, real=0.05 secs] 
6024.761: [Full GC (Ergonomics) [PSYoungGen: 141504K->0K(520192K)] [ParOldGen: 1242904K->182793K(1398272K)] 1384408K->182793K(1918464K), [Metaspace: 59664K->59664K(1105920K)], 0.4322061 secs] [Times: user=2.00 sys=0.00, real=0.43 secs] 
6026.424: [GC (Allocation Failure) [PSYoungGen: 343552K->107392K(451072K)] 526345K->290185K(1849344K), 0.0335009 secs] [Times: user=0.20 sys=0.00, real=0.04 secs] 
6027.901: [GC (Allocation Failure) [PSYoungGen: 450944K->142816K(519168K)] 633737K->428682K(1917440K), 0.0519237 secs] [Times: user=0.31 sys=0.00, real=0.05 secs] 
6029.185: [GC (GCLocker Initiated GC) [PSYoungGen: 485856K->108896K(520704K)] 771722K->528346K(1918976K), 0.0642580 secs] [Times: user=0.38 sys=0.00, real=0.06 secs] 
6030.303: [GC (Allocation Failure) [PSYoungGen: 451936K->142848K(519168K)] 871389K->667194K(1917440K), 0.0523913 secs] [Times: user=0.30 sys=0.00, real=0.06 secs] 
6031.592: [GC (Allocation Failure) [PSYoungGen: 486400K->108512K(520704K)] 1010746K->766306K(1918976K), 0.0645122 secs] [Times: user=0.38 sys=0.00, real=0.07 secs] 
6032.367: [GC (Allocation Failure) [PSYoungGen: 452064K->146688K(517632K)] 1109858K->909159K(1915904K), 0.0530222 secs] [Times: user=0.32 sys=0.00, real=0.05 secs] 
6033.651: [GC (Allocation Failure) [PSYoungGen: 489216K->106240K(520704K)] 1251687K->1006595K(1918976K), 0.0652134 secs] [Times: user=0.39 sys=0.00, real=0.07 secs] 
6035.568: [GC (Allocation Failure) [PSYoungGen: 448768K->143328K(519168K)] 1349123K->1145592K(1917440K), 0.0514213 secs] [Times: user=0.30 sys=0.00, real=0.05 secs] 
6036.861: [GC (Allocation Failure) [PSYoungGen: 485856K->106752K(520704K)] 1488120K->1243184K(1918976K), 0.0635270 secs] [Times: user=0.38 sys=0.00, real=0.06 secs] 
6037.787: [GC (GCLocker Initiated GC) [PSYoungGen: 449280K->145536K(517120K)] 1585712K->1385068K(1915392K), 0.0529010 secs] [Times: user=0.31 sys=0.00, real=0.05 secs] 
6037.840: [Full GC (Ergonomics) [PSYoungGen: 145536K->0K(517120K)] [ParOldGen: 1239532K->184298K(1398272K)] 1385068K->184298K(1915392K), [Metaspace: 59664K->59664K(1105920K)], 0.4314390 secs] [Times: user=1.99 sys=0.00, real=0.43 secs] 
6039.743: [GC (Allocation Failure) [PSYoungGen: 340480K->106944K(519680K)] 524817K->291281K(1917952K), 0.0457601 secs] [Times: user=0.27 sys=0.00, real=0.05 secs] 
6042.154: [GC (Allocation Failure) [PSYoungGen: 447424K->140864K(519168K)] 631761K->425610K(1917440K), 0.0508108 secs] [Times: user=0.30 sys=0.00, real=0.05 secs] 
6043.608: [GC (Allocation Failure) [PSYoungGen: 482880K->105984K(448512K)] 767626K->523014K(1846784K), 0.0732123 secs] [Times: user=0.44 sys=0.00, real=0.07 secs] 
6045.072: [GC (Allocation Failure) [PSYoungGen: 448000K->141728K(518144K)] 865030K->661995K(1916416K), 0.0521797 secs] [Times: user=0.31 sys=0.00, real=0.05 secs] 
6046.370: [GC (Allocation Failure) [PSYoungGen: 483744K->109632K(519680K)] 1004011K->762287K(1917952K), 0.0645648 secs] [Times: user=0.38 sys=0.00, real=0.06 secs] 
6047.716: [GC (Allocation Failure) [PSYoungGen: 451648K->139616K(519680K)] 1104303K->898879K(1917952K), 0.0528676 secs] [Times: user=0.31 sys=0.01, real=0.05 secs] 
6049.057: [GC (GCLocker Initiated GC) [PSYoungGen: 484192K->109920K(520192K)] 1243456K->998956K(1918464K), 0.0648740 secs] [Times: user=0.38 sys=0.00, real=0.06 secs] 
6050.503: [GC (Allocation Failure) [PSYoungGen: 454496K->143168K(519680K)] 1343602K->1138699K(1917952K), 0.0543302 secs] [Times: user=0.32 sys=0.00, real=0.06 secs] 
6051.805: [GC (GCLocker Initiated GC) [PSYoungGen: 489280K->111232K(521728K)] 1484813K->1240653K(1920000K), 0.0668067 secs] [Times: user=0.39 sys=0.01, real=0.06 secs] 
6052.952: [GC (Allocation Failure) [PSYoungGen: 457344K->141888K(521216K)] 1586767K->1379492K(1919488K), 0.0545401 secs] [Times: user=0.33 sys=0.00, real=0.06 secs] 
6053.007: [Full GC (Ergonomics) [PSYoungGen: 141888K->0K(521216K)] [ParOldGen: 1237604K->177685K(1398272K)] 1379492K->177685K(1919488K), [Metaspace: 59664K->59664K(1105920K)], 0.4267438 secs] [Times: user=1.98 sys=0.00, real=0.42 secs] 
6054.640: [GC (Allocation Failure) [PSYoungGen: 348160K->109728K(522752K)] 525845K->287413K(1921024K), 0.0347132 secs] [Times: user=0.21 sys=0.00, real=0.03 secs] 
6056.190: [GC (Allocation Failure) [PSYoungGen: 457888K->144672K(520704K)] 635573K->428026K(1918976K), 0.0531570 secs] [Times: user=0.31 sys=0.00, real=0.05 secs] 
6057.582: [GC (GCLocker Initiated GC) [PSYoungGen: 492320K->110656K(523264K)] 775674K->529034K(1921536K), 0.0655961 secs] [Times: user=0.38 sys=0.00, real=0.07 secs] 
6058.553: [GC (Allocation Failure) [PSYoungGen: 458304K->145376K(520192K)] 876685K->670325K(1918464K), 0.0544843 secs] [Times: user=0.31 sys=0.01, real=0.06 secs] 
6060.020: [GC (Allocation Failure) [PSYoungGen: 492000K->110560K(522752K)] 1016949K->771318K(1921024K), 0.0829288 secs] [Times: user=0.49 sys=0.00, real=0.08 secs] 
6061.252: [GC (Allocation Failure) [PSYoungGen: 457184K->146336K(519680K)] 1117942K->913498K(1917952K), 0.0530717 secs] [Times: user=0.31 sys=0.00, real=0.06 secs] 
6062.631: [GC (Allocation Failure) [PSYoungGen: 491936K->108416K(522240K)] 1259098K->1012746K(1920512K), 0.0652698 secs] [Times: user=0.39 sys=0.01, real=0.07 secs] 
6064.737: [GC (Allocation Failure) [PSYoungGen: 454016K->142912K(520704K)] 1358346K->1151831K(1918976K), 0.0518441 secs] [Times: user=0.31 sys=0.00, real=0.05 secs] 
6066.184: [GC (Allocation Failure) [PSYoungGen: 488512K->108224K(522240K)] 1497431K->1251055K(1920512K), 0.0646659 secs] [Times: user=0.39 sys=0.01, real=0.07 secs] 
6067.309: [GC (Allocation Failure) [PSYoungGen: 453824K->144736K(519680K)] 1596655K->1391588K(1917952K), 0.0529467 secs] [Times: user=0.31 sys=0.00, real=0.05 secs] 
6067.362: [Full GC (Ergonomics) [PSYoungGen: 144736K->0K(519680K)] [ParOldGen: 1246852K->190895K(1398272K)] 1391588K->190895K(1917952K), [Metaspace: 59664K->59664K(1105920K)], 0.4565537 secs] [Times: user=2.13 sys=0.00, real=0.46 secs] 
6069.050: [GC (GCLocker Initiated GC) [PSYoungGen: 344576K->108960K(521728K)] 535471K->299855K(1920000K), 0.0325312 secs] [Times: user=0.19 sys=0.00, real=0.03 secs] 
6070.227: [GC (Allocation Failure) [PSYoungGen: 453536K->144352K(520192K)] 644434K->439367K(1918464K), 0.0510488 secs] [Times: user=0.30 sys=0.00, real=0.05 secs] 
6071.589: [GC (Allocation Failure) [PSYoungGen: 488928K->108832K(521728K)] 783943K->538711K(1920000K), 0.0786286 secs] [Times: user=0.47 sys=0.00, real=0.08 secs] 
6072.499: [GC (Allocation Failure) [PSYoungGen: 453330K->147360K(517120K)] 883209K->681852K(1915392K), 0.0521648 secs] [Times: user=0.31 sys=0.00, real=0.05 secs] 
6074.195: [GC (GCLocker Initiated GC) [PSYoungGen: 488864K->102880K(520192K)] 1023356K->775828K(1918464K), 0.1042251 secs] [Times: user=0.61 sys=0.00, real=0.10 secs] 
6075.152: [GC (Allocation Failure) [PSYoungGen: 444384K->145856K(516096K)] 1117371K->917600K(1914368K), 0.0504482 secs] [Times: user=0.30 sys=0.00, real=0.05 secs] 
6076.424: [GC (Allocation Failure) [PSYoungGen: 484288K->104288K(518656K)] 1256032K->1013128K(1916928K), 0.0642761 secs] [Times: user=0.39 sys=0.00, real=0.07 secs] 
6078.515: [GC (Allocation Failure) [PSYoungGen: 442720K->141312K(518144K)] 1351560K->1150101K(1916416K), 0.0514575 secs] [Times: user=0.31 sys=0.00, real=0.05 secs] 
6079.786: [GC (Allocation Failure) [PSYoungGen: 480768K->102208K(519168K)] 1489557K->1243425K(1917440K), 0.0639211 secs] [Times: user=0.38 sys=0.00, real=0.06 secs] 
6081.067: [GC (Allocation Failure) [PSYoungGen: 441664K->144768K(516096K)] 1582881K->1383757K(1914368K), 0.0514261 secs] [Times: user=0.30 sys=0.00, real=0.05 secs] 
6081.118: [Full GC (Ergonomics) [PSYoungGen: 144768K->0K(516096K)] [ParOldGen: 1238989K->183318K(1398272K)] 1383757K->183318K(1914368K), [Metaspace: 59664K->59664K(1105920K)], 0.4208300 secs] [Times: user=1.93 sys=0.00, real=0.42 secs] 
6082.904: [GC (Allocation Failure) [PSYoungGen: 337408K->105536K(518144K)] 520726K->288854K(1916416K), 0.0494516 secs] [Times: user=0.29 sys=0.00, real=0.05 secs] 
6084.583: [GC (Allocation Failure) [PSYoungGen: 442944K->139072K(518144K)] 626262K->421970K(1916416K), 0.0505329 secs] [Times: user=0.30 sys=0.00, real=0.05 secs] 
6085.869: [GC (Allocation Failure) [PSYoungGen: 478528K->107072K(518144K)] 761426K->519894K(1916416K), 0.0631820 secs] [Times: user=0.37 sys=0.00, real=0.06 secs] 
6087.288: [GC (Allocation Failure) [PSYoungGen: 446528K->140896K(517120K)] 859350K->657411K(1915392K), 0.0523034 secs] [Times: user=0.30 sys=0.00, real=0.05 secs] 
6088.596: [GC (GCLocker Initiated GC) [PSYoungGen: 481376K->107392K(518144K)] 997891K->755499K(1916416K), 0.0645758 secs] [Times: user=0.38 sys=0.00, real=0.06 secs] 
6089.945: [GC (Allocation Failure) [PSYoungGen: 447872K->147872K(516096K)] 1095982K->900507K(1914368K), 0.0533655 secs] [Times: user=0.31 sys=0.00, real=0.05 secs] 
6091.247: [GC (GCLocker Initiated GC) [PSYoungGen: 488352K->108704K(519680K)] 1240987K->991375K(1917952K), 0.0642675 secs] [Times: user=0.37 sys=0.00, real=0.06 secs] 
6092.647: [GC (Allocation Failure) [PSYoungGen: 449184K->137632K(517120K)] 1331858K->1126207K(1915392K), 0.0531376 secs] [Times: user=0.32 sys=0.00, real=0.05 secs] 
6093.968: [GC (Allocation Failure) [PSYoungGen: 480160K->112320K(519168K)] 1468735K->1228887K(1917440K), 0.0649498 secs] [Times: user=0.39 sys=0.01, real=0.06 secs] 
6094.640: [GC (Allocation Failure) [PSYoungGen: 454848K->142048K(520192K)] 1571415K->1368144K(1918464K), 0.0543808 secs] [Times: user=0.31 sys=0.00, real=0.05 secs] 
6095.989: [GC (Allocation Failure) [PSYoungGen: 488160K->109664K(521728K)] 1714256K->1468576K(1920000K), 0.0656348 secs] [Times: user=0.38 sys=0.00, real=0.07 secs] 
6096.055: [Full GC (Ergonomics) [PSYoungGen: 109664K->0K(521728K)] [ParOldGen: 1358912K->30936K(1398272K)] 1468576K->30936K(1920000K), [Metaspace: 59664K->59664K(1105920K)], 0.0586740 secs] [Times: user=0.20 sys=0.00, real=0.05 secs] 
6096.858: [GC (Allocation Failure) [PSYoungGen: 346112K->145536K(520192K)] 377048K->176473K(1918464K), 0.0289193 secs] [Times: user=0.17 sys=0.00, real=0.03 secs] 
6098.172: [GC (GCLocker Initiated GC) [PSYoungGen: 492160K->107232K(522752K)] 523097K->274745K(1921024K), 0.0637967 secs] [Times: user=0.37 sys=0.01, real=0.07 secs] 
6101.037: [GC (GCLocker Initiated GC) [PSYoungGen: 453856K->138912K(522752K)] 621375K->410348K(1921024K), 0.0518327 secs] [Times: user=0.31 sys=0.00, real=0.05 secs] 
6102.338: [GC (Allocation Failure) [PSYoungGen: 487072K->107584K(456192K)] 758509K->508781K(1854464K), 0.0636723 secs] [Times: user=0.38 sys=0.00, real=0.06 secs] 
6103.631: [GC (Allocation Failure) [PSYoungGen: 455744K->146144K(518656K)] 856941K->652082K(1916928K), 0.0529101 secs] [Times: user=0.31 sys=0.00, real=0.05 secs] 
6105.081: [GC (Allocation Failure) [PSYoungGen: 491744K->107776K(522240K)] 997682K->750922K(1920512K), 0.0684344 secs] [Times: user=0.40 sys=0.00, real=0.07 secs] 
6106.398: [GC (Allocation Failure) [PSYoungGen: 453376K->142848K(520192K)] 1096522K->891382K(1918464K), 0.0532138 secs] [Times: user=0.31 sys=0.00, real=0.05 secs] 
6107.769: [GC (Allocation Failure) [PSYoungGen: 488448K->111616K(457728K)] 1236982K->993798K(1856000K), 0.0665943 secs] [Times: user=0.40 sys=0.00, real=0.07 secs] 
6109.313: [GC (Allocation Failure) [PSYoungGen: 457216K->140704K(520704K)] 1339398K->1132227K(1918976K), 0.0546908 secs] [Times: user=0.32 sys=0.00, real=0.06 secs] 
6110.668: [GC (GCLocker Initiated GC) [PSYoungGen: 487328K->108032K(521728K)] 1478851K->1231291K(1920000K), 0.0675354 secs] [Times: user=0.39 sys=0.00, real=0.07 secs] 
6112.028: [GC (Allocation Failure) [PSYoungGen: 454656K->151840K(514560K)] 1577954K->1380159K(1912832K), 0.0554546 secs] [Times: user=0.33 sys=0.00, real=0.05 secs] 
6113.358: [GC (Allocation Failure) [PSYoungGen: 493344K->107904K(520192K)] 1721663K->1470791K(1918464K), 0.0649748 secs] [Times: user=0.39 sys=0.00, real=0.06 secs] 
6113.423: [Full GC (Ergonomics) [PSYoungGen: 107904K->0K(520192K)] [ParOldGen: 1362887K->37333K(1398272K)] 1470791K->37333K(1918464K), [Metaspace: 59664K->59664K(1105920K)], 0.0717309 secs] [Times: user=0.26 sys=0.01, real=0.07 secs] 
6115.073: [GC (Allocation Failure) [PSYoungGen: 341504K->140192K(519168K)] 378837K->177525K(1917440K), 0.0277918 secs] [Times: user=0.16 sys=0.00, real=0.03 secs] 
6116.335: [GC (Allocation Failure) [PSYoungGen: 483744K->110176K(520704K)] 521077K->278293K(1918976K), 0.0635946 secs] [Times: user=0.38 sys=0.01, real=0.06 secs] 
6117.591: [GC (Allocation Failure) [PSYoungGen: 453728K->142048K(520192K)] 621845K->417729K(1918464K), 0.0528810 secs] [Times: user=0.31 sys=0.00, real=0.05 secs] 
6118.873: [GC (Allocation Failure) [PSYoungGen: 487136K->109792K(521216K)] 762817K->518529K(1919488K), 0.0643123 secs] [Times: user=0.38 sys=0.00, real=0.07 secs] 
6119.833: [GC (Allocation Failure) [PSYoungGen: 454880K->143136K(519680K)] 863617K->658602K(1917952K), 0.0530064 secs] [Times: user=0.30 sys=0.00, real=0.06 secs] 
6121.205: [GC (Allocation Failure) [PSYoungGen: 488736K->108128K(521728K)] 1004202K->757730K(1920000K), 0.0655304 secs] [Times: user=0.38 sys=0.00, real=0.06 secs] 
6122.196: [GC (Allocation Failure) [PSYoungGen: 453728K->143936K(520704K)] 1103330K->898519K(1918976K), 0.0528377 secs] [Times: user=0.31 sys=0.00, real=0.05 secs] 
6123.527: [GC (Allocation Failure) [PSYoungGen: 490560K->108608K(522752K)] 1245143K->998071K(1921024K), 0.0648674 secs] [Times: user=0.38 sys=0.00, real=0.06 secs] 
6124.284: [GC (Allocation Failure) [PSYoungGen: 455232K->147872K(517120K)] 1344695K->1141996K(1915392K), 0.0541347 secs] [Times: user=0.31 sys=0.00, real=0.06 secs] 
6125.561: [GC (Allocation Failure) [PSYoungGen: 490400K->106112K(520704K)] 1484524K->1239260K(1918976K), 0.0677446 secs] [Times: user=0.40 sys=0.00, real=0.07 secs] 
6127.147: [GC (Allocation Failure) [PSYoungGen: 448640K->141888K(520192K)] 1581788K->1377129K(1918464K), 0.0526330 secs] [Times: user=0.31 sys=0.00, real=0.05 secs] 
6127.199: [Full GC (Ergonomics) [PSYoungGen: 141888K->0K(520192K)] [ParOldGen: 1235241K->181678K(1398272K)] 1377129K->181678K(1918464K), [Metaspace: 59665K->59665K(1105920K)], 0.4284820 secs] [Times: user=1.98 sys=0.00, real=0.43 secs] 
6128.950: [GC (Allocation Failure) [PSYoungGen: 343552K->110624K(454656K)] 525230K->292302K(1852928K), 0.0538506 secs] [Times: user=0.32 sys=0.00, real=0.05 secs] 
6131.338: [GC (Allocation Failure) [PSYoungGen: 454176K->151424K(514048K)] 635854K->437531K(1912320K), 0.0528824 secs] [Times: user=0.31 sys=0.00, real=0.05 secs] 
6132.622: [GC (GCLocker Initiated GC) [PSYoungGen: 489856K->105440K(518656K)] 775966K->525866K(1916928K), 0.0635965 secs] [Times: user=0.37 sys=0.01, real=0.07 secs] 
6134.006: [GC (Allocation Failure) [PSYoungGen: 443872K->148384K(514048K)] 864337K->670437K(1912320K), 0.0517541 secs] [Times: user=0.30 sys=0.00, real=0.05 secs] 
6135.289: [GC (Allocation Failure) [PSYoungGen: 483744K->104640K(517120K)] 1005797K->757770K(1915392K), 0.0643204 secs] [Times: user=0.38 sys=0.01, real=0.06 secs] 
6136.986: [GC (Allocation Failure) [PSYoungGen: 440000K->137440K(513536K)] 1093130K->892142K(1911808K), 0.0518091 secs] [Times: user=0.30 sys=0.00, real=0.05 secs] 
6138.284: [GC (Allocation Failure) [PSYoungGen: 474336K->106144K(516096K)] 1229038K->988794K(1914368K), 0.0642593 secs] [Times: user=0.38 sys=0.01, real=0.07 secs] 
6139.751: [GC (Allocation Failure) [PSYoungGen: 443040K->137952K(517632K)] 1325690K->1124319K(1915904K), 0.0523901 secs] [Times: user=0.31 sys=0.00, real=0.05 secs] 
6141.100: [GC (Allocation Failure) [PSYoungGen: 479968K->109536K(519168K)] 1466335K->1224791K(1917440K), 0.0645898 secs] [Times: user=0.38 sys=0.00, real=0.07 secs] 
6142.651: [GC (Allocation Failure) [PSYoungGen: 451552K->137920K(521216K)] 1566807K->1360364K(1919488K), 0.0541771 secs] [Times: user=0.32 sys=0.00, real=0.06 secs] 
6143.956: [GC (GCLocker Initiated GC) [PSYoungGen: 484032K->111232K(521216K)] 1706476K->1462172K(1919488K), 0.0657703 secs] [Times: user=0.39 sys=0.00, real=0.06 secs] 
6144.021: [Full GC (Ergonomics) [PSYoungGen: 111232K->0K(521216K)] [ParOldGen: 1350940K->23478K(1398272K)] 1462172K->23478K(1919488K), [Metaspace: 59665K->59665K(1105920K)], 0.0373525 secs] [Times: user=0.10 sys=0.00, real=0.04 secs] 
6144.652: [GC (GCLocker Initiated GC) [PSYoungGen: 346112K->138016K(520704K)] 369595K->161499K(1918976K), 0.0277209 secs] [Times: user=0.16 sys=0.00, real=0.03 secs] 
6145.926: [GC (Allocation Failure) [PSYoungGen: 486176K->111968K(521216K)] 509661K->263745K(1919488K), 0.0641753 secs] [Times: user=0.38 sys=0.00, real=0.06 secs] 
6146.436: [GC (Allocation Failure) [PSYoungGen: 460128K->140928K(522240K)] 611905K->402865K(1920512K), 0.0534807 secs] [Times: user=0.31 sys=0.01, real=0.05 secs] 
6147.829: [GC (Allocation Failure) [PSYoungGen: 492672K->114528K(523776K)] 754609K->507477K(1922048K), 0.0658406 secs] [Times: user=0.39 sys=0.00, real=0.06 secs] 
6148.484: [GC (Allocation Failure) [PSYoungGen: 466272K->144288K(523264K)] 859221K->649720K(1921536K), 0.0542419 secs] [Times: user=0.32 sys=0.00, real=0.06 secs] 
Heap
ungGen: 466272K->144288K(523264K)] 859221K->649720K(1921536K), 0.0542419 secs] [Times: user=0.32 sys=0.00, real=0.06 secs] 
