5.531: [GC (Allocation Failure) [PSYoungGen: 128000K->12506K(148992K)] 128000K->12594K(488960K), 0.0209068 secs] [Times: user=0.02 sys=0.01, real=0.03 secs] 
5.964: [GC (Metadata GC Threshold) [PSYoungGen: 48902K->6089K(148992K)] 48990K->6185K(488960K), 0.0050418 secs] [Times: user=0.01 sys=0.01, real=0.00 secs] 
5.969: [Full GC (Metadata GC Threshold) [PSYoungGen: 6089K->0K(148992K)] [ParOldGen: 96K->5939K(181760K)] 6185K->5939K(330752K), [Metaspace: 20450K->20450K(1067008K)], 0.0223982 secs] [Times: user=0.07 sys=0.01, real=0.03 secs] 
7.350: [GC (Allocation Failure) [PSYoungGen: 128000K->9876K(148992K)] 133939K->15823K(330752K), 0.0033664 secs] [Times: user=0.01 sys=0.00, real=0.01 secs] 
7.946: [GC (Metadata GC Threshold) [PSYoungGen: 38225K->4662K(148992K)] 44172K->10617K(330752K), 0.0038645 secs] [Times: user=0.02 sys=0.00, real=0.00 secs] 
7.950: [Full GC (Metadata GC Threshold) [PSYoungGen: 4662K->0K(148992K)] [ParOldGen: 5955K->8883K(295936K)] 10617K->8883K(444928K), [Metaspace: 33721K->33721K(1079296K)], 0.0298535 secs] [Times: user=0.09 sys=0.00, real=0.03 secs] 
9.400: [GC (Allocation Failure) [PSYoungGen: 127985K->12988K(148992K)] 136869K->21880K(444928K), 0.0037348 secs] [Times: user=0.01 sys=0.00, real=0.01 secs] 
10.597: [GC (Allocation Failure) [PSYoungGen: 137884K->12522K(185856K)] 146776K->54190K(481792K), 0.0156110 secs] [Times: user=0.07 sys=0.01, real=0.02 secs] 
12.572: [GC (Allocation Failure) [PSYoungGen: 173750K->4768K(186880K)] 215418K->111980K(482816K), 0.0178230 secs] [Times: user=0.05 sys=0.02, real=0.01 secs] 
14.089: [GC (Allocation Failure) [PSYoungGen: 161734K->4768K(258560K)] 268946K->177524K(554496K), 0.0097468 secs] [Times: user=0.04 sys=0.01, real=0.01 secs] 
15.759: [GC (Allocation Failure) [PSYoungGen: 247968K->5153K(260096K)] 420724K->276221K(556032K), 0.0109787 secs] [Times: user=0.04 sys=0.02, real=0.01 secs] 
15.770: [Full GC (Ergonomics) [PSYoungGen: 5153K->0K(260096K)] [ParOldGen: 271068K->209298K(683520K)] 276221K->209298K(943616K), [Metaspace: 52580K->52580K(1097728K)], 0.0557350 secs] [Times: user=0.23 sys=0.01, real=0.06 secs] 
18.304: [GC (Allocation Failure) [PSYoungGen: 243200K->16880K(318464K)] 452498K->227886K(1001984K), 0.0048903 secs] [Times: user=0.02 sys=0.01, real=0.00 secs] 
20.853: [GC (Allocation Failure) [PSYoungGen: 318448K->1795K(321024K)] 529454K->212810K(1004544K), 0.0022951 secs] [Times: user=0.01 sys=0.00, real=0.00 secs] 
22.284: [GC (Allocation Failure) [PSYoungGen: 291712K->18799K(380416K)] 502726K->229822K(1063936K), 0.0044123 secs] [Times: user=0.01 sys=0.01, real=0.00 secs] 
24.045: [GC (Allocation Failure) [PSYoungGen: 379247K->2282K(382976K)] 590270K->213305K(1066496K), 0.0021127 secs] [Times: user=0.00 sys=0.00, real=0.00 secs] 
26.476: [GC (Allocation Failure) [PSYoungGen: 362730K->2061K(428032K)] 573753K->213091K(1111552K), 0.0027104 secs] [Times: user=0.01 sys=0.00, real=0.00 secs] 
29.588: [GC (Allocation Failure) [PSYoungGen: 401488K->18800K(436224K)] 612518K->229838K(1119744K), 0.0062807 secs] [Times: user=0.02 sys=0.01, real=0.01 secs] 
32.553: [GC (Allocation Failure) [PSYoungGen: 432496K->2410K(480256K)] 643534K->213457K(1163776K), 0.0025412 secs] [Times: user=0.01 sys=0.00, real=0.00 secs] 
35.380: [GC (Allocation Failure) [PSYoungGen: 466282K->2266K(488448K)] 677329K->213321K(1171968K), 0.0018708 secs] [Times: user=0.01 sys=0.00, real=0.01 secs] 
39.214: [GC (Allocation Failure) [PSYoungGen: 466138K->2282K(508928K)] 677193K->213345K(1192448K), 0.0021554 secs] [Times: user=0.01 sys=0.00, real=0.00 secs] 
41.796: [GC (Allocation Failure) [PSYoungGen: 493290K->2381K(480256K)] 704353K->213451K(1163776K), 0.0030267 secs] [Times: user=0.01 sys=0.00, real=0.00 secs] 
44.336: [GC (Allocation Failure) [PSYoungGen: 480077K->18845K(497152K)] 691147K->246307K(1180672K), 0.0055711 secs] [Times: user=0.02 sys=0.00, real=0.01 secs] 
47.425: [GC (Allocation Failure) [PSYoungGen: 493469K->2477K(464384K)] 720931K->229939K(1147904K), 0.0029717 secs] [Times: user=0.01 sys=0.00, real=0.00 secs] 
51.175: [GC (Allocation Failure) [PSYoungGen: 464301K->10605K(460800K)] 691763K->238067K(1144320K), 0.0028180 secs] [Times: user=0.01 sys=0.00, real=0.00 secs] 
53.437: [GC (Allocation Failure) [PSYoungGen: 460141K->2426K(440320K)] 687603K->229889K(1123840K), 0.0022675 secs] [Times: user=0.01 sys=0.00, real=0.00 secs] 
57.911: [GC (Allocation Failure) [PSYoungGen: 440186K->2298K(434688K)] 667649K->229769K(1118208K), 0.0020908 secs] [Times: user=0.01 sys=0.00, real=0.01 secs] 
61.446: [GC (Allocation Failure) [PSYoungGen: 428794K->1933K(417792K)] 656265K->229761K(1101312K), 0.0028833 secs] [Times: user=0.01 sys=0.01, real=0.00 secs] 
64.155: [GC (Allocation Failure) [PSYoungGen: 417677K->2064K(410112K)] 645505K->229985K(1093632K), 0.0031511 secs] [Times: user=0.01 sys=0.00, real=0.00 secs] 
67.767: [GC (Allocation Failure) [PSYoungGen: 407056K->6000K(400896K)] 634977K->234106K(1084416K), 0.0025414 secs] [Times: user=0.01 sys=0.00, real=0.00 secs] 
69.890: [GC (Allocation Failure) [PSYoungGen: 400752K->1696K(387072K)] 628858K->229834K(1070592K), 0.0019435 secs] [Times: user=0.01 sys=0.00, real=0.01 secs] 
72.369: [GC (Allocation Failure) [PSYoungGen: 386720K->1728K(377856K)] 614858K->229882K(1061376K), 0.0024787 secs] [Times: user=0.01 sys=0.00, real=0.01 secs] 
74.893: [GC (Allocation Failure) [PSYoungGen: 377536K->18304K(385024K)] 605690K->246506K(1068544K), 0.0034334 secs] [Times: user=0.01 sys=0.00, real=0.00 secs] 
76.918: [GC (Allocation Failure) [PSYoungGen: 384896K->1856K(359936K)] 613098K->230082K(1043456K), 0.0020817 secs] [Times: user=0.01 sys=0.00, real=0.00 secs] 
78.631: [GC (Allocation Failure) [PSYoungGen: 359744K->1581K(355840K)] 587970K->229855K(1039360K), 0.0022098 secs] [Times: user=0.01 sys=0.00, real=0.01 secs] 
80.973: [GC (Allocation Failure) [PSYoungGen: 351277K->18256K(359936K)] 579551K->246554K(1043456K), 0.0043889 secs] [Times: user=0.01 sys=0.00, real=0.00 secs] 
82.990: [GC (Allocation Failure) [PSYoungGen: 359760K->1744K(345600K)] 588058K->230082K(1029120K), 0.0019835 secs] [Times: user=0.01 sys=0.00, real=0.01 secs] 
86.532: [GC (Allocation Failure) [PSYoungGen: 335568K->1600K(328192K)] 563906K->229986K(1011712K), 0.0033397 secs] [Times: user=0.01 sys=0.00, real=0.00 secs] 
88.860: [GC (Allocation Failure) [PSYoungGen: 327744K->3936K(331776K)] 556130K->232338K(1015296K), 0.0026922 secs] [Times: user=0.01 sys=0.00, real=0.01 secs] 
91.368: [GC (Allocation Failure) [PSYoungGen: 322912K->1581K(313856K)] 551314K->229991K(997376K), 0.0017313 secs] [Times: user=0.01 sys=0.00, real=0.00 secs] 
93.138: [GC (Allocation Failure) [PSYoungGen: 313389K->18176K(325120K)] 541799K->246594K(1008640K), 0.0031009 secs] [Times: user=0.01 sys=0.00, real=0.00 secs] 
94.756: [GC (Allocation Failure) [PSYoungGen: 323328K->1725K(300544K)] 551746K->230167K(984064K), 0.0019019 secs] [Times: user=0.01 sys=0.00, real=0.00 secs] 
96.382: [GC (Allocation Failure) [PSYoungGen: 300221K->1664K(306688K)] 528663K->230154K(990208K), 0.0033855 secs] [Times: user=0.01 sys=0.00, real=0.00 secs] 
98.369: [GC (Allocation Failure) [PSYoungGen: 294016K->1824K(288256K)] 522506K->230354K(971776K), 0.0020522 secs] [Times: user=0.01 sys=0.00, real=0.00 secs] 
101.081: [GC (Allocation Failure) [PSYoungGen: 288032K->1568K(294400K)] 516562K->230106K(977920K), 0.0035443 secs] [Times: user=0.01 sys=0.00, real=0.01 secs] 
103.091: [GC (Allocation Failure) [PSYoungGen: 282144K->1840K(276992K)] 510682K->230378K(960512K), 0.0019843 secs] [Times: user=0.00 sys=0.00, real=0.01 secs] 
104.646: [GC (Allocation Failure) [PSYoungGen: 276784K->1504K(280576K)] 505322K->230090K(964096K), 0.0020990 secs] [Times: user=0.00 sys=0.01, real=0.00 secs] 
106.179: [GC (Allocation Failure) [PSYoungGen: 270816K->1853K(266240K)] 499402K->230463K(949760K), 0.0020569 secs] [Times: user=0.01 sys=0.00, real=0.00 secs] 
107.423: [GC (Allocation Failure) [PSYoungGen: 266045K->1488K(269824K)] 494655K->230098K(953344K), 0.0021894 secs] [Times: user=0.01 sys=0.00, real=0.00 secs] 
108.888: [GC (Allocation Failure) [PSYoungGen: 260560K->1805K(256000K)] 489170K->230423K(939520K), 0.0019981 secs] [Times: user=0.01 sys=0.00, real=0.00 secs] 
111.359: [GC (Allocation Failure) [PSYoungGen: 255757K->1504K(258048K)] 484375K->230130K(941568K), 0.0030021 secs] [Times: user=0.01 sys=0.00, real=0.01 secs] 
112.868: [GC (Allocation Failure) [PSYoungGen: 250848K->1760K(246784K)] 479474K->230394K(930304K), 0.0019543 secs] [Times: user=0.00 sys=0.00, real=0.00 secs] 
113.990: [GC (Allocation Failure) [PSYoungGen: 246496K->1536K(247296K)] 475130K->230186K(930816K), 0.0019129 secs] [Times: user=0.00 sys=0.00, real=0.01 secs] 
115.282: [GC (Allocation Failure) [PSYoungGen: 241664K->1661K(237568K)] 470314K->230327K(921088K), 0.0017961 secs] [Times: user=0.01 sys=0.00, real=0.00 secs] 
116.949: [GC (Allocation Failure) [PSYoungGen: 237181K->9856K(242688K)] 465847K->246746K(926208K), 0.0028337 secs] [Times: user=0.01 sys=0.00, real=0.01 secs] 
119.244: [GC (Allocation Failure) [PSYoungGen: 241280K->1565K(229376K)] 478170K->238455K(912896K), 0.0015485 secs] [Times: user=0.01 sys=0.00, real=0.00 secs] 
120.605: [GC (Allocation Failure) [PSYoungGen: 228893K->5888K(232448K)] 465783K->242786K(915968K), 0.0025166 secs] [Times: user=0.01 sys=0.00, real=0.00 secs] 
121.821: [GC (Allocation Failure) [PSYoungGen: 229120K->1408K(220672K)] 466018K->238314K(904192K), 0.0021587 secs] [Times: user=0.01 sys=0.00, real=0.01 secs] 
123.064: [GC (Allocation Failure) [PSYoungGen: 220544K->1757K(222720K)] 457450K->238671K(906240K), 0.0019985 secs] [Times: user=0.01 sys=0.00, real=0.00 secs] 
125.785: [GC (Allocation Failure) [PSYoungGen: 217309K->1536K(214016K)] 454223K->238458K(897536K), 0.0042720 secs] [Times: user=0.02 sys=0.00, real=0.00 secs] 
127.807: [GC (Allocation Failure) [PSYoungGen: 213504K->1597K(215040K)] 450426K->238519K(898560K), 0.0014964 secs] [Times: user=0.00 sys=0.00, real=0.00 secs] 
128.961: [GC (Allocation Failure) [PSYoungGen: 206611K->5824K(210944K)] 443533K->242770K(894464K), 0.0024428 secs] [Times: user=0.01 sys=0.00, real=0.01 secs] 
129.829: [GC (Allocation Failure) [PSYoungGen: 210624K->1408K(208896K)] 447570K->238354K(892416K), 0.0024787 secs] [Times: user=0.01 sys=0.00, real=0.00 secs] 
131.018: [GC (Allocation Failure) [PSYoungGen: 203136K->1741K(200704K)] 440082K->238687K(884224K), 0.0020217 secs] [Times: user=0.01 sys=0.01, real=0.00 secs] 
132.692: [GC (Allocation Failure) [PSYoungGen: 200397K->1616K(201728K)] 437343K->238570K(885248K), 0.0029171 secs] [Times: user=0.01 sys=0.00, real=0.00 secs] 
135.096: [GC (Allocation Failure) [PSYoungGen: 197200K->1501K(194048K)] 434154K->238463K(877568K), 0.0019351 secs] [Times: user=0.01 sys=0.00, real=0.00 secs] 
136.244: [GC (Allocation Failure) [PSYoungGen: 194013K->1821K(194560K)] 430975K->238783K(878080K), 0.0018678 secs] [Times: user=0.01 sys=0.00, real=0.00 secs] 
137.347: [GC (Allocation Failure) [PSYoungGen: 191261K->1504K(187904K)] 428223K->238490K(871424K), 0.0021838 secs] [Times: user=0.01 sys=0.00, real=0.00 secs] 
139.114: [GC (Allocation Failure) [PSYoungGen: 187872K->1565K(189440K)] 424858K->238551K(872960K), 0.0016983 secs] [Times: user=0.01 sys=0.00, real=0.00 secs] 
140.192: [GC (Allocation Failure) [PSYoungGen: 185373K->1789K(183296K)] 422359K->238783K(866816K), 0.0019909 secs] [Times: user=0.01 sys=0.00, real=0.00 secs] 
141.783: [GC (Allocation Failure) [PSYoungGen: 183037K->1472K(182784K)] 420031K->238474K(866304K), 0.0021422 secs] [Times: user=0.01 sys=0.00, real=0.00 secs] 
142.966: [GC (Allocation Failure) [PSYoungGen: 180160K->1549K(178176K)] 417162K->238567K(861696K), 0.0015787 secs] [Times: user=0.01 sys=0.00, real=0.00 secs] 
143.997: [GC (Allocation Failure) [PSYoungGen: 177677K->1776K(177664K)] 414695K->238794K(861184K), 0.0019070 secs] [Times: user=0.01 sys=0.00, real=0.00 secs] 
144.977: [GC (Allocation Failure) [PSYoungGen: 175344K->1504K(172544K)] 412362K->238530K(856064K), 0.0038792 secs] [Times: user=0.02 sys=0.00, real=0.00 secs] 
146.314: [GC (Allocation Failure) [PSYoungGen: 172512K->1565K(171008K)] 409538K->238599K(854528K), 0.0016036 secs] [Times: user=0.00 sys=0.00, real=0.00 secs] 
147.302: [GC (Allocation Failure) [PSYoungGen: 170013K->1725K(167936K)] 407047K->238791K(851456K), 0.0018879 secs] [Times: user=0.01 sys=0.00, real=0.00 secs] 
148.579: [GC (Allocation Failure) [PSYoungGen: 167613K->1440K(165888K)] 404679K->238522K(849408K), 0.0023957 secs] [Times: user=0.01 sys=0.00, real=0.00 secs] 
150.087: [GC (Allocation Failure) [PSYoungGen: 165280K->1485K(163328K)] 402362K->238575K(846848K), 0.0015845 secs] [Times: user=0.00 sys=0.00, real=0.00 secs] 
151.037: [GC (Allocation Failure) [PSYoungGen: 163277K->1741K(161792K)] 400367K->238831K(845312K), 0.0020267 secs] [Times: user=0.01 sys=0.00, real=0.00 secs] 
151.793: [GC (Allocation Failure) [PSYoungGen: 161485K->1488K(159232K)] 398575K->238578K(842752K), 0.0018129 secs] [Times: user=0.00 sys=0.00, real=0.00 secs] 
152.482: [GC (Allocation Failure) [PSYoungGen: 159184K->1408K(157184K)] 396274K->238498K(840704K), 0.0019641 secs] [Times: user=0.01 sys=0.00, real=0.00 secs] 
153.373: [GC (Allocation Failure) [PSYoungGen: 157056K->1693K(155648K)] 394146K->238783K(839168K), 0.0017976 secs] [Times: user=0.01 sys=0.00, real=0.00 secs] 
154.483: [GC (Allocation Failure) [PSYoungGen: 152171K->3680K(155648K)] 389261K->242842K(839168K), 0.0021414 secs] [Times: user=0.01 sys=0.00, real=0.00 secs] 
155.704: [GC (Allocation Failure) [PSYoungGen: 155232K->1408K(151040K)] 394394K->240570K(834560K), 0.0017951 secs] [Times: user=0.01 sys=0.00, real=0.00 secs] 
156.473: [GC (Allocation Failure) [PSYoungGen: 150912K->1549K(149504K)] 390074K->240711K(833024K), 0.0015514 secs] [Times: user=0.01 sys=0.00, real=0.00 secs] 
157.341: [GC (Allocation Failure) [PSYoungGen: 149005K->1757K(147456K)] 388167K->240935K(830976K), 0.0019246 secs] [Times: user=0.01 sys=0.00, real=0.01 secs] 
159.416: [GC (Allocation Failure) [PSYoungGen: 147165K->1504K(145408K)] 386343K->240682K(828928K), 0.0029416 secs] [Times: user=0.01 sys=0.00, real=0.00 secs] 
161.184: [GC (Allocation Failure) [PSYoungGen: 145376K->1344K(143872K)] 384554K->240522K(827392K), 0.0027156 secs] [Times: user=0.01 sys=0.00, real=0.00 secs] 
162.302: [GC (Allocation Failure) [PSYoungGen: 143680K->1677K(142848K)] 382858K->240863K(826368K), 0.0016501 secs] [Times: user=0.01 sys=0.00, real=0.00 secs] 
163.126: [GC (Allocation Failure) [PSYoungGen: 142477K->1725K(141312K)] 381663K->240911K(824832K), 0.0017979 secs] [Times: user=0.00 sys=0.00, real=0.00 secs] 
164.484: [GC (Allocation Failure) [PSYoungGen: 140989K->1440K(139264K)] 380175K->240626K(822784K), 0.0033825 secs] [Times: user=0.02 sys=0.00, real=0.00 secs] 
165.344: [GC (Allocation Failure) [PSYoungGen: 139168K->1392K(137728K)] 378354K->240578K(821248K), 0.0016604 secs] [Times: user=0.00 sys=0.00, real=0.00 secs] 
166.141: [GC (Allocation Failure) [PSYoungGen: 137584K->1661K(136704K)] 376770K->240847K(820224K), 0.0018230 secs] [Times: user=0.01 sys=0.00, real=0.01 secs] 
166.988: [GC (Allocation Failure) [PSYoungGen: 136317K->2688K(136192K)] 375503K->241882K(819712K), 0.0021292 secs] [Times: user=0.00 sys=0.00, real=0.00 secs] 
168.183: [GC (Allocation Failure) [PSYoungGen: 135808K->1408K(133120K)] 375002K->240618K(816640K), 0.0015813 secs] [Times: user=0.01 sys=0.00, real=0.00 secs] 
168.855: [GC (Allocation Failure) [PSYoungGen: 132992K->1376K(131584K)] 372202K->240586K(815104K), 0.0018206 secs] [Times: user=0.01 sys=0.00, real=0.00 secs] 
169.608: [GC (Allocation Failure) [PSYoungGen: 131424K->1680K(130560K)] 370634K->240898K(814080K), 0.0016951 secs] [Times: user=0.00 sys=0.00, real=0.00 secs] 
170.419: [GC (Allocation Failure) [PSYoungGen: 130192K->352K(127488K)] 369410K->239570K(811008K), 0.0017850 secs] [Times: user=0.01 sys=0.00, real=0.00 secs] 
172.439: [GC (Allocation Failure) [PSYoungGen: 127328K->1408K(126976K)] 366546K->240626K(810496K), 0.0037969 secs] [Times: user=0.02 sys=0.00, real=0.01 secs] 
173.369: [GC (Allocation Failure) [PSYoungGen: 126848K->1376K(125440K)] 366066K->240594K(808960K), 0.0020573 secs] [Times: user=0.01 sys=0.00, real=0.01 secs] 
174.053: [GC (Allocation Failure) [PSYoungGen: 125280K->1645K(124928K)] 364498K->240863K(808448K), 0.0016063 secs] [Times: user=0.01 sys=0.00, real=0.00 secs] 
174.768: [GC (Allocation Failure) [PSYoungGen: 124525K->1725K(123904K)] 363743K->240943K(807424K), 0.0017280 secs] [Times: user=0.00 sys=0.00, real=0.00 secs] 
175.381: [GC (Allocation Failure) [PSYoungGen: 123581K->1472K(122368K)] 362799K->240706K(805888K), 0.0019999 secs] [Times: user=0.01 sys=0.00, real=0.01 secs] 
175.882: [GC (Allocation Failure) [PSYoungGen: 122304K->1376K(121344K)] 361538K->240610K(804864K), 0.0019525 secs] [Times: user=0.01 sys=0.00, real=0.00 secs] 
176.652: [GC (Allocation Failure) [PSYoungGen: 121184K->1533K(120320K)] 360418K->240767K(803840K), 0.0015333 secs] [Times: user=0.00 sys=0.00, real=0.00 secs] 
177.358: [GC (Allocation Failure) [PSYoungGen: 120317K->1661K(119808K)] 359551K->240903K(803328K), 0.0016917 secs] [Times: user=0.01 sys=0.00, real=0.00 secs] 
178.160: [GC (Allocation Failure) [PSYoungGen: 118847K->1584K(118784K)] 358089K->244922K(802304K), 0.0019193 secs] [Times: user=0.01 sys=0.00, real=0.01 secs] 
179.488: [GC (Allocation Failure) [PSYoungGen: 118320K->1440K(117248K)] 361658K->244778K(800768K), 0.0025039 secs] [Times: user=0.01 sys=0.00, real=0.00 secs] 
181.021: [GC (Allocation Failure) [PSYoungGen: 117152K->1408K(116224K)] 360490K->244754K(799744K), 0.0026476 secs] [Times: user=0.01 sys=0.00, real=0.01 secs] 
181.862: [GC (Allocation Failure) [PSYoungGen: 116096K->1645K(115712K)] 359442K->244991K(799232K), 0.0017028 secs] [Times: user=0.00 sys=0.00, real=0.00 secs] 
182.523: [GC (Allocation Failure) [PSYoungGen: 115309K->1616K(114688K)] 358655K->244962K(798208K), 0.0017465 secs] [Times: user=0.00 sys=0.00, real=0.00 secs] 
183.790: [GC (Allocation Failure) [PSYoungGen: 114256K->1536K(113664K)] 357602K->244882K(797184K), 0.0033872 secs] [Times: user=0.01 sys=0.00, real=0.01 secs] 
185.446: [GC (Allocation Failure) [PSYoungGen: 113152K->1408K(112128K)] 356498K->244754K(795648K), 0.0029943 secs] [Times: user=0.01 sys=0.00, real=0.00 secs] 
186.705: [GC (Allocation Failure) [PSYoungGen: 112000K->1440K(111104K)] 355346K->244794K(794624K), 0.0024293 secs] [Times: user=0.01 sys=0.00, real=0.00 secs] 
187.491: [GC (Allocation Failure) [PSYoungGen: 111008K->1645K(110592K)] 354362K->244999K(794112K), 0.0016153 secs] [Times: user=0.01 sys=0.00, real=0.01 secs] 
188.121: [GC (Allocation Failure) [PSYoungGen: 110189K->1661K(109568K)] 353543K->245015K(793088K), 0.0017966 secs] [Times: user=0.01 sys=0.00, real=0.01 secs] 
189.056: [GC (Allocation Failure) [PSYoungGen: 109181K->384K(107008K)] 352535K->244770K(790528K), 0.0023996 secs] [Times: user=0.00 sys=0.00, real=0.00 secs] 
189.936: [GC (Allocation Failure) [PSYoungGen: 106880K->416K(108032K)] 351266K->244802K(791552K), 0.0020898 secs] [Times: user=0.01 sys=0.00, real=0.00 secs] 
190.825: [GC (Allocation Failure) [PSYoungGen: 105888K->1501K(105984K)] 350274K->245887K(789504K), 0.0014724 secs] [Times: user=0.01 sys=0.00, real=0.00 secs] 
191.434: [GC (Allocation Failure) [PSYoungGen: 105949K->1616K(105472K)] 350335K->246002K(788992K), 0.0016627 secs] [Times: user=0.01 sys=0.00, real=0.00 secs] 
192.033: [GC (Allocation Failure) [PSYoungGen: 105040K->1581K(104448K)] 349426K->245967K(787968K), 0.0015117 secs] [Times: user=0.00 sys=0.00, real=0.00 secs] 
192.602: [GC (Allocation Failure) [PSYoungGen: 103981K->1472K(102912K)] 348367K->245866K(786432K), 0.0016361 secs] [Times: user=0.01 sys=0.00, real=0.00 secs] 
193.489: [GC (Allocation Failure) [PSYoungGen: 102848K->1376K(101888K)] 347242K->245778K(785408K), 0.0017591 secs] [Times: user=0.00 sys=0.00, real=0.00 secs] 
194.321: [GC (Allocation Failure) [PSYoungGen: 101728K->1360K(100864K)] 346130K->245770K(784384K), 0.0016104 secs] [Times: user=0.00 sys=0.00, real=0.00 secs] 
194.927: [GC (Allocation Failure) [PSYoungGen: 100688K->1533K(99840K)] 345098K->245943K(783360K), 0.0018368 secs] [Times: user=0.00 sys=0.00, real=0.00 secs] 
195.502: [GC (Allocation Failure) [PSYoungGen: 99837K->1613K(99840K)] 344247K->246023K(783360K), 0.0016202 secs] [Times: user=0.01 sys=0.00, real=0.00 secs] 
195.995: [GC (Allocation Failure) [PSYoungGen: 99405K->480K(97792K)] 343815K->254106K(781312K), 0.0017144 secs] [Times: user=0.01 sys=0.00, real=0.00 secs] 
196.398: [GC (Allocation Failure) [PSYoungGen: 97760K->352K(99328K)] 351386K->253978K(782848K), 0.0023765 secs] [Times: user=0.01 sys=0.00, real=0.00 secs] 
196.801: [GC (Allocation Failure) [PSYoungGen: 97120K->384K(96768K)] 350746K->254018K(780288K), 0.0021526 secs] [Times: user=0.01 sys=0.00, real=0.00 secs] 
197.343: [GC (Allocation Failure) [PSYoungGen: 96640K->1565K(98304K)] 350274K->255199K(781824K), 0.0014602 secs] [Times: user=0.00 sys=0.00, real=0.00 secs] 
197.909: [GC (Allocation Failure) [PSYoungGen: 97309K->1616K(97280K)] 350943K->255250K(780800K), 0.0016380 secs] [Times: user=0.01 sys=0.00, real=0.00 secs] 
198.459: [GC (Allocation Failure) [PSYoungGen: 96081K->320K(95232K)] 349716K->253962K(778752K), 0.0017740 secs] [Times: user=0.00 sys=0.00, real=0.00 secs] 
198.932: [GC (Allocation Failure) [PSYoungGen: 95040K->1376K(95744K)] 348682K->255018K(779264K), 0.0018447 secs] [Times: user=0.01 sys=0.00, real=0.00 secs] 
199.513: [GC (Allocation Failure) [PSYoungGen: 95584K->1376K(95232K)] 349226K->255018K(778752K), 0.0028009 secs] [Times: user=0.01 sys=0.01, real=0.00 secs] 
200.174: [GC (Allocation Failure) [PSYoungGen: 95072K->1408K(94720K)] 348714K->255074K(778240K), 0.0022811 secs] [Times: user=0.01 sys=0.00, real=0.00 secs] 
200.763: [GC (Allocation Failure) [PSYoungGen: 94592K->1645K(94720K)] 348258K->255311K(778240K), 0.0016544 secs] [Times: user=0.00 sys=0.00, real=0.00 secs] 
201.307: [GC (Allocation Failure) [PSYoungGen: 94317K->1629K(94208K)] 347983K->255311K(777728K), 0.0016479 secs] [Times: user=0.01 sys=0.00, real=0.00 secs] 
201.814: [GC (Allocation Failure) [PSYoungGen: 93789K->1504K(93184K)] 347471K->255186K(776704K), 0.0017472 secs] [Times: user=0.00 sys=0.00, real=0.00 secs] 
202.194: [GC (Allocation Failure) [PSYoungGen: 93152K->1376K(92672K)] 346834K->255058K(776192K), 0.0016008 secs] [Times: user=0.00 sys=0.00, real=0.00 secs] 
202.573: [GC (Allocation Failure) [PSYoungGen: 92512K->1408K(92160K)] 346194K->255090K(775680K), 0.0030639 secs] [Times: user=0.01 sys=0.00, real=0.00 secs] 
203.054: [GC (Allocation Failure) [PSYoungGen: 92032K->1517K(91648K)] 345714K->255207K(775168K), 0.0015535 secs] [Times: user=0.00 sys=0.00, real=0.00 secs] 
203.578: [GC (Allocation Failure) [PSYoungGen: 91629K->1629K(91648K)] 345319K->255319K(775168K), 0.0017308 secs] [Times: user=0.01 sys=0.00, real=0.00 secs] 
204.103: [GC (Allocation Failure) [PSYoungGen: 91229K->1693K(91136K)] 344919K->255391K(774656K), 0.0015320 secs] [Times: user=0.01 sys=0.00, real=0.00 secs] 
204.532: [GC (Allocation Failure) [PSYoungGen: 90781K->1504K(90112K)] 344479K->255210K(773632K), 0.0017203 secs] [Times: user=0.00 sys=0.00, real=0.00 secs] 
204.899: [GC (Allocation Failure) [PSYoungGen: 90080K->1440K(89600K)] 343786K->255146K(773120K), 0.0016370 secs] [Times: user=0.01 sys=0.00, real=0.00 secs] 
205.352: [GC (Allocation Failure) [PSYoungGen: 89504K->1408K(89088K)] 343210K->255114K(772608K), 0.0017961 secs] [Times: user=0.01 sys=0.00, real=0.00 secs] 
205.833: [GC (Allocation Failure) [PSYoungGen: 88960K->1533K(88576K)] 342666K->255239K(772096K), 0.0016036 secs] [Times: user=0.01 sys=0.00, real=0.00 secs] 
206.338: [GC (Allocation Failure) [PSYoungGen: 88573K->1661K(88576K)] 342279K->255367K(772096K), 0.0015739 secs] [Times: user=0.01 sys=0.00, real=0.00 secs] 
206.846: [GC (Allocation Failure) [PSYoungGen: 88189K->589K(87040K)] 341895K->255319K(770560K), 0.0015680 secs] [Times: user=0.01 sys=0.00, real=0.00 secs] 
207.300: [GC (Allocation Failure) [PSYoungGen: 86605K->1472K(87040K)] 341335K->256202K(770560K), 0.0018430 secs] [Times: user=0.01 sys=0.00, real=0.01 secs] 
207.654: [GC (Allocation Failure) [PSYoungGen: 86976K->1408K(86528K)] 341706K->256138K(770048K), 0.0018480 secs] [Times: user=0.00 sys=0.00, real=0.00 secs] 
208.007: [GC (Allocation Failure) [PSYoungGen: 86400K->1408K(86016K)] 341130K->256162K(769536K), 0.0016926 secs] [Times: user=0.01 sys=0.00, real=0.00 secs] 
208.433: [GC (Allocation Failure) [PSYoungGen: 85888K->1501K(85504K)] 340642K->256255K(769024K), 0.0013817 secs] [Times: user=0.01 sys=0.00, real=0.00 secs] 
208.921: [GC (Allocation Failure) [PSYoungGen: 85442K->1645K(85504K)] 340196K->256399K(769024K), 0.0016196 secs] [Times: user=0.01 sys=0.00, real=0.00 secs] 
209.412: [GC (Allocation Failure) [PSYoungGen: 85101K->589K(83968K)] 339855K->256367K(767488K), 0.0015521 secs] [Times: user=0.01 sys=0.00, real=0.00 secs] 
210.005: [GC (Allocation Failure) [PSYoungGen: 83533K->1520K(83968K)] 339311K->257306K(767488K), 0.0017825 secs] [Times: user=0.01 sys=0.00, real=0.00 secs] 
210.786: [GC (Allocation Failure) [PSYoungGen: 83952K->1408K(83456K)] 339738K->257194K(766976K), 0.0037888 secs] [Times: user=0.01 sys=0.00, real=0.00 secs] 
211.450: [GC (Allocation Failure) [PSYoungGen: 83328K->1392K(82944K)] 339114K->257178K(766464K), 0.0027331 secs] [Times: user=0.01 sys=0.00, real=0.01 secs] 
212.126: [GC (Allocation Failure) [PSYoungGen: 82800K->1376K(82432K)] 338586K->257186K(765952K), 0.0025260 secs] [Times: user=0.01 sys=0.00, real=0.00 secs] 
212.736: [GC (Allocation Failure) [PSYoungGen: 82272K->1565K(82432K)] 338082K->257375K(765952K), 0.0015826 secs] [Times: user=0.01 sys=0.00, real=0.00 secs] 
213.202: [GC (Allocation Failure) [PSYoungGen: 81949K->621K(80896K)] 337759K->257455K(764416K), 0.0015080 secs] [Times: user=0.00 sys=0.00, real=0.00 secs] 
213.672: [GC (Allocation Failure) [PSYoungGen: 80493K->592K(80384K)] 337327K->257426K(763904K), 0.0014890 secs] [Times: user=0.01 sys=0.00, real=0.00 secs] 
214.060: [GC (Allocation Failure) [PSYoungGen: 79952K->1440K(80384K)] 336786K->258282K(763904K), 0.0016438 secs] [Times: user=0.01 sys=0.00, real=0.01 secs] 
214.405: [GC (Allocation Failure) [PSYoungGen: 80288K->1376K(79872K)] 337130K->258218K(763392K), 0.0017639 secs] [Times: user=0.00 sys=0.00, real=0.00 secs] 
214.732: [GC (Allocation Failure) [PSYoungGen: 79712K->1408K(79360K)] 336554K->258258K(762880K), 0.0023766 secs] [Times: user=0.01 sys=0.00, real=0.00 secs] 
215.278: [GC (Allocation Failure) [PSYoungGen: 79232K->1469K(78848K)] 336082K->258319K(762368K), 0.0017326 secs] [Times: user=0.01 sys=0.00, real=0.00 secs] 
215.728: [GC (Allocation Failure) [PSYoungGen: 78781K->1517K(78336K)] 335631K->258431K(761856K), 0.0015349 secs] [Times: user=0.01 sys=0.00, real=0.00 secs] 
216.177: [GC (Allocation Failure) [PSYoungGen: 78317K->1613K(78336K)] 335231K->258527K(761856K), 0.0016688 secs] [Times: user=0.01 sys=0.00, real=0.00 secs] 
216.685: [GC (Allocation Failure) [PSYoungGen: 77901K->512K(76800K)] 334815K->259474K(760320K), 0.0019076 secs] [Times: user=0.00 sys=0.00, real=0.00 secs] 
217.121: [GC (Allocation Failure) [PSYoungGen: 76288K->384K(75776K)] 335250K->259346K(759296K), 0.0019320 secs] [Times: user=0.01 sys=0.00, real=0.00 secs] 
217.434: [GC (Allocation Failure) [PSYoungGen: 75648K->320K(75264K)] 334610K->259290K(758784K), 0.0017183 secs] [Times: user=0.01 sys=0.00, real=0.00 secs] 
217.754: [GC (Allocation Failure) [PSYoungGen: 75072K->400K(76800K)] 334042K->259370K(760320K), 0.0017718 secs] [Times: user=0.00 sys=0.00, real=0.00 secs] 
218.171: [GC (Allocation Failure) [PSYoungGen: 74640K->1501K(75264K)] 333610K->260495K(758784K), 0.0016449 secs] [Times: user=0.01 sys=0.00, real=0.01 secs] 
218.599: [GC (Allocation Failure) [PSYoungGen: 75229K->1536K(75264K)] 334223K->260530K(758784K), 0.0015249 secs] [Times: user=0.01 sys=0.00, real=0.00 secs] 
219.088: [GC (Allocation Failure) [PSYoungGen: 74752K->1533K(74240K)] 333746K->260527K(757760K), 0.0015603 secs] [Times: user=0.00 sys=0.00, real=0.00 secs] 
219.576: [GC (Allocation Failure) [PSYoungGen: 74237K->2032K(74240K)] 333231K->261026K(757760K), 0.0018422 secs] [Times: user=0.01 sys=0.00, real=0.00 secs] 
220.500: [GC (Allocation Failure) [PSYoungGen: 74224K->1392K(73216K)] 333218K->260386K(756736K), 0.0026449 secs] [Times: user=0.01 sys=0.00, real=0.01 secs] 
221.157: [GC (Allocation Failure) [PSYoungGen: 73072K->1376K(72704K)] 332066K->260378K(756224K), 0.0024919 secs] [Times: user=0.01 sys=0.00, real=0.00 secs] 
221.497: [GC (Allocation Failure) [PSYoungGen: 72544K->1424K(72192K)] 331546K->260426K(755712K), 0.0020528 secs] [Times: user=0.00 sys=0.00, real=0.00 secs] 
221.866: [GC (Allocation Failure) [PSYoungGen: 72080K->1549K(72192K)] 331082K->260551K(755712K), 0.0016462 secs] [Times: user=0.01 sys=0.00, real=0.00 secs] 
222.276: [GC (Allocation Failure) [PSYoungGen: 71693K->1584K(71680K)] 330695K->260586K(755200K), 0.0017016 secs] [Times: user=0.01 sys=0.00, real=0.00 secs] 
222.680: [GC (Allocation Failure) [PSYoungGen: 71216K->1616K(71168K)] 330218K->260618K(754688K), 0.0015805 secs] [Times: user=0.00 sys=0.01, real=0.01 secs] 
223.082: [GC (Allocation Failure) [PSYoungGen: 70736K->1565K(70656K)] 329738K->260567K(754176K), 0.0014820 secs] [Times: user=0.00 sys=0.00, real=0.00 secs] 
223.768: [GC (Allocation Failure) [PSYoungGen: 70173K->1408K(69632K)] 329175K->260426K(753152K), 0.0028783 secs] [Times: user=0.01 sys=0.01, real=0.00 secs] 
224.502: [GC (Allocation Failure) [PSYoungGen: 69504K->1408K(69632K)] 328522K->260434K(753152K), 0.0038425 secs] [Times: user=0.01 sys=0.00, real=0.00 secs] 
225.140: [GC (Allocation Failure) [PSYoungGen: 68992K->1392K(70144K)] 328018K->260418K(753664K), 0.0022778 secs] [Times: user=0.01 sys=0.00, real=0.01 secs] 
225.758: [GC (Allocation Failure) [PSYoungGen: 68976K->1408K(69120K)] 328002K->260434K(752640K), 0.0027542 secs] [Times: user=0.01 sys=0.00, real=0.00 secs] 
226.415: [GC (Allocation Failure) [PSYoungGen: 68992K->1533K(69632K)] 328018K->260559K(753152K), 0.0016089 secs] [Times: user=0.00 sys=0.00, real=0.00 secs] 
226.807: [GC (Allocation Failure) [PSYoungGen: 69117K->1565K(69632K)] 328143K->260591K(753152K), 0.0014836 secs] [Times: user=0.00 sys=0.00, real=0.00 secs] 
227.200: [GC (Allocation Failure) [PSYoungGen: 69149K->1565K(69632K)] 328175K->260591K(753152K), 0.0014913 secs] [Times: user=0.01 sys=0.00, real=0.01 secs] 
227.593: [GC (Allocation Failure) [PSYoungGen: 69149K->1581K(69632K)] 328175K->260631K(753152K), 0.0014913 secs] [Times: user=0.00 sys=0.00, real=0.00 secs] 
227.971: [GC (Allocation Failure) [PSYoungGen: 69165K->1440K(69632K)] 328215K->260490K(753152K), 0.0017049 secs] [Times: user=0.00 sys=0.00, real=0.00 secs] 
228.252: [GC (Allocation Failure) [PSYoungGen: 69024K->1344K(69632K)] 328074K->260402K(753152K), 0.0017270 secs] [Times: user=0.01 sys=0.00, real=0.00 secs] 
228.532: [GC (Allocation Failure) [PSYoungGen: 68928K->1408K(69632K)] 327986K->260466K(753152K), 0.0017443 secs] [Times: user=0.00 sys=0.00, real=0.00 secs] 
228.813: [GC (Allocation Failure) [PSYoungGen: 68992K->1424K(69632K)] 328050K->260490K(753152K), 0.0017686 secs] [Times: user=0.01 sys=0.00, real=0.00 secs] 
229.250: [GC (Allocation Failure) [PSYoungGen: 68979K->1501K(69632K)] 328046K->260567K(753152K), 0.0014481 secs] [Times: user=0.01 sys=0.00, real=0.01 secs] 
229.643: [GC (Allocation Failure) [PSYoungGen: 69085K->1565K(69632K)] 328151K->260631K(753152K), 0.0014806 secs] [Times: user=0.00 sys=0.01, real=0.00 secs] 
230.036: [GC (Allocation Failure) [PSYoungGen: 69149K->1581K(69632K)] 328215K->260647K(753152K), 0.0015655 secs] [Times: user=0.00 sys=0.00, real=0.00 secs] 
230.607: [GC (Allocation Failure) [PSYoungGen: 69165K->2032K(69632K)] 328231K->261106K(753152K), 0.0021878 secs] [Times: user=0.01 sys=0.00, real=0.00 secs] 
231.647: [GC (Allocation Failure) [PSYoungGen: 69616K->1376K(69632K)] 328690K->260450K(753152K), 0.0023524 secs] [Times: user=0.01 sys=0.00, real=0.00 secs] 
232.487: [GC (Allocation Failure) [PSYoungGen: 68960K->1408K(69632K)] 328034K->260482K(753152K), 0.0025748 secs] [Times: user=0.01 sys=0.00, real=0.00 secs] 
233.109: [GC (Allocation Failure) [PSYoungGen: 68992K->1408K(69632K)] 328066K->260482K(753152K), 0.0023686 secs] [Times: user=0.01 sys=0.00, real=0.01 secs] 
233.651: [GC (Allocation Failure) [PSYoungGen: 68992K->1408K(69632K)] 328066K->260490K(753152K), 0.0020961 secs] [Times: user=0.01 sys=0.00, real=0.01 secs] 
234.112: [GC (Allocation Failure) [PSYoungGen: 68992K->1613K(69632K)] 328074K->260695K(753152K), 0.0015076 secs] [Times: user=0.01 sys=0.00, real=0.00 secs] 
234.505: [GC (Allocation Failure) [PSYoungGen: 69197K->1581K(69632K)] 328279K->260663K(753152K), 0.0014794 secs] [Times: user=0.01 sys=0.00, real=0.00 secs] 
234.897: [GC (Allocation Failure) [PSYoungGen: 69165K->1613K(69632K)] 328247K->260695K(753152K), 0.0014941 secs] [Times: user=0.01 sys=0.00, real=0.00 secs] 
235.353: [GC (Allocation Failure) [PSYoungGen: 69197K->1504K(69632K)] 328279K->260602K(753152K), 0.0018176 secs] [Times: user=0.01 sys=0.00, real=0.00 secs] 
235.701: [GC (Allocation Failure) [PSYoungGen: 69088K->1408K(69632K)] 328186K->260506K(753152K), 0.0017192 secs] [Times: user=0.01 sys=0.00, real=0.00 secs] 
235.995: [GC (Allocation Failure) [PSYoungGen: 68992K->1440K(69632K)] 328090K->260538K(753152K), 0.0021402 secs] [Times: user=0.01 sys=0.00, real=0.00 secs] 
236.276: [GC (Allocation Failure) [PSYoungGen: 69024K->1408K(69632K)] 328122K->260506K(753152K), 0.0024869 secs] [Times: user=0.01 sys=0.00, real=0.00 secs] 
236.623: [GC (Allocation Failure) [PSYoungGen: 68992K->1517K(69632K)] 328090K->260623K(753152K), 0.0015136 secs] [Times: user=0.00 sys=0.00, real=0.00 secs] 
237.016: [GC (Allocation Failure) [PSYoungGen: 69101K->1568K(69632K)] 328207K->260674K(753152K), 0.0015333 secs] [Times: user=0.01 sys=0.00, real=0.00 secs] 
237.409: [GC (Allocation Failure) [PSYoungGen: 69152K->1581K(69632K)] 328258K->260687K(753152K), 0.0015506 secs] [Times: user=0.00 sys=0.00, real=0.00 secs] 
237.802: [GC (Allocation Failure) [PSYoungGen: 69165K->1613K(69632K)] 328271K->260735K(753152K), 0.0014748 secs] [Times: user=0.00 sys=0.00, real=0.00 secs] 
238.694: [GC (Allocation Failure) [PSYoungGen: 69197K->1456K(69632K)] 328319K->260594K(753152K), 0.0024581 secs] [Times: user=0.02 sys=0.00, real=0.00 secs] 
239.610: [GC (Allocation Failure) [PSYoungGen: 69040K->1408K(69632K)] 328178K->260546K(753152K), 0.0035299 secs] [Times: user=0.01 sys=0.00, real=0.01 secs] 
240.461: [GC (Allocation Failure) [PSYoungGen: 68992K->1408K(69632K)] 328130K->260546K(753152K), 0.0028849 secs] [Times: user=0.01 sys=0.00, real=0.01 secs] 
241.071: [GC (Allocation Failure) [PSYoungGen: 68992K->1376K(69632K)] 328130K->260514K(753152K), 0.0029463 secs] [Times: user=0.02 sys=0.00, real=0.01 secs] 
241.925: [GC (Allocation Failure) [PSYoungGen: 68960K->1536K(69632K)] 328098K->260674K(753152K), 0.0014919 secs] [Times: user=0.00 sys=0.00, real=0.00 secs] 
242.320: [GC (Allocation Failure) [PSYoungGen: 69089K->1549K(69632K)] 328228K->260687K(753152K), 0.0014743 secs] [Times: user=0.01 sys=0.00, real=0.00 secs] 
242.714: [GC (Allocation Failure) [PSYoungGen: 69133K->1536K(69632K)] 328271K->260674K(753152K), 0.0015685 secs] [Times: user=0.01 sys=0.00, real=0.00 secs] 
243.106: [GC (Allocation Failure) [PSYoungGen: 69120K->1581K(69632K)] 328258K->260743K(753152K), 0.0015367 secs] [Times: user=0.01 sys=0.00, real=0.00 secs] 
243.782: [GC (Allocation Failure) [PSYoungGen: 69165K->1408K(69632K)] 328327K->260570K(753152K), 0.0017276 secs] [Times: user=0.00 sys=0.00, real=0.00 secs] 
244.434: [GC (Allocation Failure) [PSYoungGen: 68992K->1408K(69632K)] 328154K->260570K(753152K), 0.0025479 secs] [Times: user=0.01 sys=0.00, real=0.00 secs] 
244.820: [GC (Allocation Failure) [PSYoungGen: 68992K->1408K(69632K)] 328154K->260570K(753152K), 0.0019029 secs] [Times: user=0.01 sys=0.00, real=0.01 secs] 
245.174: [GC (Allocation Failure) [PSYoungGen: 68992K->1376K(69632K)] 328154K->260538K(753152K), 0.0017591 secs] [Times: user=0.00 sys=0.00, real=0.00 secs] 
245.601: [GC (Allocation Failure) [PSYoungGen: 68933K->1533K(69632K)] 328095K->260695K(753152K), 0.0014195 secs] [Times: user=0.01 sys=0.00, real=0.01 secs] 
245.994: [GC (Allocation Failure) [PSYoungGen: 69117K->1629K(69632K)] 328279K->260791K(753152K), 0.0015122 secs] [Times: user=0.00 sys=0.00, real=0.00 secs] 
246.387: [GC (Allocation Failure) [PSYoungGen: 69213K->1536K(69632K)] 328375K->260698K(753152K), 0.0015452 secs] [Times: user=0.01 sys=0.00, real=0.00 secs] 
246.983: [GC (Allocation Failure) [PSYoungGen: 69120K->1680K(69632K)] 328282K->260842K(753152K), 0.0019416 secs] [Times: user=0.01 sys=0.00, real=0.00 secs] 
248.586: [GC (Allocation Failure) [PSYoungGen: 69264K->1376K(69632K)] 328426K->260538K(753152K), 0.0048515 secs] [Times: user=0.02 sys=0.00, real=0.00 secs] 
249.675: [GC (Allocation Failure) [PSYoungGen: 68960K->1392K(69632K)] 328122K->260554K(753152K), 0.0034131 secs] [Times: user=0.01 sys=0.00, real=0.00 secs] 
250.316: [GC (Allocation Failure) [PSYoungGen: 68976K->1376K(69632K)] 328138K->260546K(753152K), 0.0021440 secs] [Times: user=0.01 sys=0.00, real=0.00 secs] 
250.615: [GC (Allocation Failure) [PSYoungGen: 68960K->1344K(69632K)] 328130K->260514K(753152K), 0.0017962 secs] [Times: user=0.00 sys=0.00, real=0.00 secs] 
251.029: [GC (Allocation Failure) [PSYoungGen: 68899K->1629K(69632K)] 328069K->260799K(753152K), 0.0014663 secs] [Times: user=0.00 sys=0.00, real=0.00 secs] 
251.424: [GC (Allocation Failure) [PSYoungGen: 69213K->1581K(69632K)] 328383K->260751K(753152K), 0.0014796 secs] [Times: user=0.01 sys=0.00, real=0.00 secs] 
251.816: [GC (Allocation Failure) [PSYoungGen: 69165K->1565K(69632K)] 328335K->260735K(753152K), 0.0015949 secs] [Times: user=0.01 sys=0.00, real=0.00 secs] 
252.570: [GC (Allocation Failure) [PSYoungGen: 69149K->1504K(69632K)] 328319K->260682K(753152K), 0.0026465 secs] [Times: user=0.01 sys=0.00, real=0.01 secs] 
253.443: [GC (Allocation Failure) [PSYoungGen: 69088K->1408K(69632K)] 328266K->260586K(753152K), 0.0035222 secs] [Times: user=0.01 sys=0.00, real=0.00 secs] 
254.276: [GC (Allocation Failure) [PSYoungGen: 68992K->1440K(69632K)] 328170K->260618K(753152K), 0.0036131 secs] [Times: user=0.02 sys=0.00, real=0.00 secs] 
254.971: [GC (Allocation Failure) [PSYoungGen: 69024K->1408K(69632K)] 328202K->260586K(753152K), 0.0033266 secs] [Times: user=0.01 sys=0.00, real=0.01 secs] 
255.715: [GC (Allocation Failure) [PSYoungGen: 68992K->1501K(69632K)] 328170K->260679K(753152K), 0.0025325 secs] [Times: user=0.01 sys=0.00, real=0.00 secs] 
256.198: [GC (Allocation Failure) [PSYoungGen: 69085K->1581K(69632K)] 328263K->260759K(753152K), 0.0015347 secs] [Times: user=0.00 sys=0.00, real=0.00 secs] 
256.592: [GC (Allocation Failure) [PSYoungGen: 69165K->1581K(69632K)] 328343K->260759K(753152K), 0.0015401 secs] [Times: user=0.01 sys=0.00, real=0.00 secs] 
256.984: [GC (Allocation Failure) [PSYoungGen: 69165K->1581K(69632K)] 328343K->260775K(753152K), 0.0015695 secs] [Times: user=0.00 sys=0.00, real=0.00 secs] 
258.270: [GC (Allocation Failure) [PSYoungGen: 69165K->1552K(69632K)] 328359K->260754K(753152K), 0.0034869 secs] [Times: user=0.02 sys=0.00, real=0.01 secs] 
258.561: [GC (Allocation Failure) [PSYoungGen: 69136K->1408K(69632K)] 328338K->260618K(753152K), 0.0018126 secs] [Times: user=0.01 sys=0.00, real=0.01 secs] 
258.876: [GC (Allocation Failure) [PSYoungGen: 68992K->1440K(69632K)] 328202K->260650K(753152K), 0.0017556 secs] [Times: user=0.01 sys=0.00, real=0.00 secs] 
259.186: [GC (Allocation Failure) [PSYoungGen: 69024K->1408K(69632K)] 328234K->260618K(753152K), 0.0018557 secs] [Times: user=0.00 sys=0.00, real=0.00 secs] 
259.547: [GC (Allocation Failure) [PSYoungGen: 68971K->1549K(69632K)] 328182K->260775K(753152K), 0.0014030 secs] [Times: user=0.00 sys=0.00, real=0.00 secs] 
259.940: [GC (Allocation Failure) [PSYoungGen: 69133K->1536K(69632K)] 328359K->260762K(753152K), 0.0015418 secs] [Times: user=0.01 sys=0.00, real=0.00 secs] 
260.333: [GC (Allocation Failure) [PSYoungGen: 69120K->1549K(69632K)] 328346K->260775K(753152K), 0.0016164 secs] [Times: user=0.01 sys=0.00, real=0.00 secs] 
260.731: [GC (Allocation Failure) [PSYoungGen: 69133K->1565K(69632K)] 328359K->260815K(753152K), 0.0015028 secs] [Times: user=0.00 sys=0.00, real=0.01 secs] 
261.076: [GC (Allocation Failure) [PSYoungGen: 69149K->1488K(69632K)] 328399K->260746K(753152K), 0.0015755 secs] [Times: user=0.01 sys=0.00, real=0.00 secs] 
261.356: [GC (Allocation Failure) [PSYoungGen: 69072K->1424K(69632K)] 328330K->260682K(753152K), 0.0014891 secs] [Times: user=0.00 sys=0.00, real=0.00 secs] 
261.636: [GC (Allocation Failure) [PSYoungGen: 69008K->1408K(69632K)] 328266K->260666K(753152K), 0.0014981 secs] [Times: user=0.00 sys=0.00, real=0.00 secs] 
262.019: [GC (Allocation Failure) [PSYoungGen: 68992K->1440K(69632K)] 328250K->260698K(753152K), 0.0016299 secs] [Times: user=0.00 sys=0.00, real=0.00 secs] 
262.460: [GC (Allocation Failure) [PSYoungGen: 69002K->1565K(69632K)] 328260K->260823K(753152K), 0.0014257 secs] [Times: user=0.00 sys=0.00, real=0.01 secs] 
262.853: [GC (Allocation Failure) [PSYoungGen: 69149K->1597K(69632K)] 328407K->260855K(753152K), 0.0015427 secs] [Times: user=0.00 sys=0.00, real=0.00 secs] 
263.245: [GC (Allocation Failure) [PSYoungGen: 69181K->1597K(69632K)] 328439K->260855K(753152K), 0.0014868 secs] [Times: user=0.01 sys=0.00, real=0.00 secs] 
263.637: [GC (Allocation Failure) [PSYoungGen: 69181K->1613K(69632K)] 328439K->260911K(753152K), 0.0015147 secs] [Times: user=0.01 sys=0.00, real=0.00 secs] 
263.955: [GC (Allocation Failure) [PSYoungGen: 69197K->1408K(69632K)] 328495K->260714K(753152K), 0.0016511 secs] [Times: user=0.01 sys=0.00, real=0.00 secs] 
264.241: [GC (Allocation Failure) [PSYoungGen: 68992K->1392K(69632K)] 328298K->260698K(753152K), 0.0017164 secs] [Times: user=0.01 sys=0.00, real=0.01 secs] 
264.633: [GC (Allocation Failure) [PSYoungGen: 68976K->1360K(69632K)] 328282K->260666K(753152K), 0.0017724 secs] [Times: user=0.01 sys=0.00, real=0.00 secs] 
265.167: [GC (Allocation Failure) [PSYoungGen: 68944K->1344K(69632K)] 328250K->260658K(753152K), 0.0019089 secs] [Times: user=0.00 sys=0.00, real=0.00 secs] 
265.677: [GC (Allocation Failure) [PSYoungGen: 68928K->1501K(69632K)] 328242K->260815K(753152K), 0.0014495 secs] [Times: user=0.01 sys=0.00, real=0.00 secs] 
266.068: [GC (Allocation Failure) [PSYoungGen: 69085K->1613K(69632K)] 328399K->260927K(753152K), 0.0014753 secs] [Times: user=0.00 sys=0.00, real=0.00 secs] 
266.461: [GC (Allocation Failure) [PSYoungGen: 69197K->1533K(69632K)] 328511K->260847K(753152K), 0.0014919 secs] [Times: user=0.01 sys=0.00, real=0.00 secs] 
266.935: [GC (Allocation Failure) [PSYoungGen: 69117K->1488K(69632K)] 328431K->260834K(753152K), 0.0018369 secs] [Times: user=0.01 sys=0.00, real=0.00 secs] 
267.705: [GC (Allocation Failure) [PSYoungGen: 69072K->1440K(69632K)] 328418K->260786K(753152K), 0.0035655 secs] [Times: user=0.01 sys=0.00, real=0.00 secs] 
268.501: [GC (Allocation Failure) [PSYoungGen: 69024K->1408K(69632K)] 328370K->260754K(753152K), 0.0039725 secs] [Times: user=0.01 sys=0.00, real=0.01 secs] 
269.051: [GC (Allocation Failure) [PSYoungGen: 68992K->1408K(69632K)] 328338K->260754K(753152K), 0.0039418 secs] [Times: user=0.01 sys=0.00, real=0.01 secs] 
269.533: [GC (Allocation Failure) [PSYoungGen: 68776K->320K(69632K)] 328122K->259666K(753152K), 0.0017722 secs] [Times: user=0.01 sys=0.00, real=0.00 secs] 
269.947: [GC (Allocation Failure) [PSYoungGen: 67904K->1581K(69632K)] 327250K->260927K(753152K), 0.0016022 secs] [Times: user=0.01 sys=0.00, real=0.00 secs] 
270.340: [GC (Allocation Failure) [PSYoungGen: 69165K->1581K(69632K)] 328511K->260927K(753152K), 0.0015016 secs] [Times: user=0.01 sys=0.00, real=0.01 secs] 
270.737: [GC (Allocation Failure) [PSYoungGen: 69165K->1533K(69632K)] 328511K->260879K(753152K), 0.0015637 secs] [Times: user=0.00 sys=0.00, real=0.00 secs] 
271.602: [GC (Allocation Failure) [PSYoungGen: 69117K->1488K(69632K)] 328463K->260850K(753152K), 0.0025000 secs] [Times: user=0.01 sys=0.00, real=0.00 secs] 
272.250: [GC (Allocation Failure) [PSYoungGen: 69072K->1376K(69632K)] 328434K->260738K(753152K), 0.0023304 secs] [Times: user=0.01 sys=0.00, real=0.01 secs] 
272.871: [GC (Allocation Failure) [PSYoungGen: 68960K->1408K(69632K)] 328322K->260770K(753152K), 0.0020779 secs] [Times: user=0.00 sys=0.00, real=0.00 secs] 
273.444: [GC (Allocation Failure) [PSYoungGen: 68992K->1392K(69632K)] 328354K->260754K(753152K), 0.0019944 secs] [Times: user=0.01 sys=0.00, real=0.00 secs] 
274.249: [GC (Allocation Failure) [PSYoungGen: 68971K->1549K(69632K)] 328333K->260911K(753152K), 0.0014848 secs] [Times: user=0.01 sys=0.00, real=0.00 secs] 
274.704: [GC (Allocation Failure) [PSYoungGen: 69133K->1581K(69632K)] 328495K->260943K(753152K), 0.0015089 secs] [Times: user=0.00 sys=0.00, real=0.00 secs] 
275.101: [GC (Allocation Failure) [PSYoungGen: 69165K->1565K(69632K)] 328527K->260927K(753152K), 0.0014574 secs] [Times: user=0.01 sys=0.00, real=0.01 secs] 
275.561: [GC (Allocation Failure) [PSYoungGen: 69149K->1581K(69632K)] 328511K->260959K(753152K), 0.0015037 secs] [Times: user=0.01 sys=0.00, real=0.01 secs] 
276.525: [GC (Allocation Failure) [PSYoungGen: 69165K->1520K(69632K)] 328543K->260898K(753152K), 0.0033214 secs] [Times: user=0.01 sys=0.00, real=0.00 secs] 
276.923: [GC (Allocation Failure) [PSYoungGen: 69104K->1408K(69632K)] 328482K->260786K(753152K), 0.0019231 secs] [Times: user=0.01 sys=0.00, real=0.00 secs] 
277.204: [GC (Allocation Failure) [PSYoungGen: 68992K->1376K(69632K)] 328370K->260754K(753152K), 0.0019869 secs] [Times: user=0.00 sys=0.00, real=0.00 secs] 
277.564: [GC (Allocation Failure) [PSYoungGen: 68960K->1376K(69632K)] 328338K->260762K(753152K), 0.0018315 secs] [Times: user=0.01 sys=0.00, real=0.00 secs] 
277.934: [GC (Allocation Failure) [PSYoungGen: 68945K->1549K(69632K)] 328331K->260935K(753152K), 0.0014754 secs] [Times: user=0.00 sys=0.00, real=0.00 secs] 
278.328: [GC (Allocation Failure) [PSYoungGen: 69133K->1613K(69632K)] 328519K->260999K(753152K), 0.0016008 secs] [Times: user=0.00 sys=0.00, real=0.00 secs] 
278.720: [GC (Allocation Failure) [PSYoungGen: 69197K->1645K(69632K)] 328583K->261031K(753152K), 0.0015081 secs] [Times: user=0.01 sys=0.00, real=0.01 secs] 
279.113: [GC (Allocation Failure) [PSYoungGen: 69229K->1613K(69632K)] 328615K->261023K(753152K), 0.0015162 secs] [Times: user=0.01 sys=0.00, real=0.00 secs] 
279.956: [GC (Allocation Failure) [PSYoungGen: 69197K->1440K(69632K)] 328607K->260850K(753152K), 0.0018873 secs] [Times: user=0.01 sys=0.00, real=0.00 secs] 
280.714: [GC (Allocation Failure) [PSYoungGen: 69024K->1344K(69632K)] 328434K->260754K(753152K), 0.0020776 secs] [Times: user=0.01 sys=0.00, real=0.00 secs] 
281.320: [GC (Allocation Failure) [PSYoungGen: 68928K->1376K(69632K)] 328338K->260786K(753152K), 0.0024516 secs] [Times: user=0.01 sys=0.00, real=0.01 secs] 
281.672: [GC (Allocation Failure) [PSYoungGen: 68960K->1392K(69632K)] 328370K->260802K(753152K), 0.0017602 secs] [Times: user=0.00 sys=0.00, real=0.00 secs] 
282.052: [GC (Allocation Failure) [PSYoungGen: 68976K->1485K(69632K)] 328386K->260895K(753152K), 0.0014301 secs] [Times: user=0.01 sys=0.00, real=0.00 secs] 
282.445: [GC (Allocation Failure) [PSYoungGen: 69069K->1597K(69632K)] 328479K->261007K(753152K), 0.0015021 secs] [Times: user=0.01 sys=0.00, real=0.00 secs] 
282.837: [GC (Allocation Failure) [PSYoungGen: 69181K->1565K(69632K)] 328591K->260975K(753152K), 0.0014788 secs] [Times: user=0.01 sys=0.00, real=0.00 secs] 
283.299: [GC (Allocation Failure) [PSYoungGen: 69149K->1648K(69632K)] 328559K->261082K(753152K), 0.0017980 secs] [Times: user=0.01 sys=0.00, real=0.00 secs] 
284.200: [GC (Allocation Failure) [PSYoungGen: 69232K->1376K(69632K)] 328666K->260810K(753152K), 0.0031170 secs] [Times: user=0.01 sys=0.00, real=0.01 secs] 
284.851: [GC (Allocation Failure) [PSYoungGen: 68960K->1408K(69632K)] 328394K->260842K(753152K), 0.0021077 secs] [Times: user=0.01 sys=0.00, real=0.01 secs] 
285.507: [GC (Allocation Failure) [PSYoungGen: 68992K->1408K(69632K)] 328426K->260842K(753152K), 0.0020712 secs] [Times: user=0.01 sys=0.00, real=0.00 secs] 
286.233: [GC (Allocation Failure) [PSYoungGen: 68992K->1408K(69632K)] 328426K->260842K(753152K), 0.0024514 secs] [Times: user=0.01 sys=0.01, real=0.00 secs] 
286.728: [GC (Allocation Failure) [PSYoungGen: 68992K->1613K(69632K)] 328426K->261047K(753152K), 0.0014603 secs] [Times: user=0.01 sys=0.00, real=0.00 secs] 
287.121: [GC (Allocation Failure) [PSYoungGen: 69197K->1536K(69632K)] 328631K->260970K(753152K), 0.0014823 secs] [Times: user=0.00 sys=0.00, real=0.00 secs] 
287.515: [GC (Allocation Failure) [PSYoungGen: 69120K->1568K(69632K)] 328554K->261002K(753152K), 0.0014785 secs] [Times: user=0.01 sys=0.00, real=0.00 secs] 
287.988: [GC (Allocation Failure) [PSYoungGen: 69152K->1472K(69632K)] 328586K->260906K(753152K), 0.0018446 secs] [Times: user=0.01 sys=0.00, real=0.00 secs] 
288.563: [GC (Allocation Failure) [PSYoungGen: 69056K->1376K(69632K)] 328490K->260810K(753152K), 0.0020367 secs] [Times: user=0.00 sys=0.00, real=0.00 secs] 
288.965: [GC (Allocation Failure) [PSYoungGen: 68960K->1408K(69632K)] 328394K->260858K(753152K), 0.0019844 secs] [Times: user=0.00 sys=0.00, real=0.00 secs] 
289.264: [GC (Allocation Failure) [PSYoungGen: 68992K->1440K(69632K)] 328442K->260890K(753152K), 0.0018913 secs] [Times: user=0.00 sys=0.00, real=0.00 secs] 
289.637: [GC (Allocation Failure) [PSYoungGen: 69024K->1472K(69632K)] 328474K->260922K(753152K), 0.0031027 secs] [Times: user=0.01 sys=0.00, real=0.00 secs] 
290.043: [GC (Allocation Failure) [PSYoungGen: 69027K->1565K(69632K)] 328478K->261015K(753152K), 0.0014893 secs] [Times: user=0.01 sys=0.00, real=0.00 secs] 
290.439: [GC (Allocation Failure) [PSYoungGen: 69149K->1565K(69632K)] 328599K->261015K(753152K), 0.0016037 secs] [Times: user=0.01 sys=0.00, real=0.00 secs] 
290.835: [GC (Allocation Failure) [PSYoungGen: 69149K->1597K(69632K)] 328599K->261055K(753152K), 0.0015286 secs] [Times: user=0.01 sys=0.00, real=0.00 secs] 
291.412: [GC (Allocation Failure) [PSYoungGen: 69181K->1504K(69632K)] 328639K->260962K(753152K), 0.0015250 secs] [Times: user=0.00 sys=0.00, real=0.00 secs] 
292.032: [GC (Allocation Failure) [PSYoungGen: 69088K->1376K(69632K)] 328546K->260834K(753152K), 0.0015961 secs] [Times: user=0.00 sys=0.00, real=0.00 secs] 
292.388: [GC (Allocation Failure) [PSYoungGen: 68960K->1344K(69632K)] 328418K->260802K(753152K), 0.0016241 secs] [Times: user=0.00 sys=0.00, real=0.00 secs] 
293.018: [GC (Allocation Failure) [PSYoungGen: 68928K->1408K(69632K)] 328386K->260866K(753152K), 0.0018666 secs] [Times: user=0.01 sys=0.00, real=0.00 secs] 
293.629: [GC (Allocation Failure) [PSYoungGen: 68967K->1501K(69632K)] 328425K->260959K(753152K), 0.0015034 secs] [Times: user=0.01 sys=0.00, real=0.00 secs] 
294.023: [GC (Allocation Failure) [PSYoungGen: 69085K->1629K(69632K)] 328543K->261087K(753152K), 0.0014718 secs] [Times: user=0.00 sys=0.00, real=0.00 secs] 
294.475: [GC (Allocation Failure) [PSYoungGen: 69213K->1584K(69632K)] 328671K->261042K(753152K), 0.0014689 secs] [Times: user=0.00 sys=0.00, real=0.00 secs] 
294.929: [GC (Allocation Failure) [PSYoungGen: 69168K->1613K(69632K)] 328626K->261079K(753152K), 0.0015022 secs] [Times: user=0.01 sys=0.00, real=0.00 secs] 
295.550: [GC (Allocation Failure) [PSYoungGen: 69197K->1440K(69632K)] 328663K->260906K(753152K), 0.0029353 secs] [Times: user=0.01 sys=0.00, real=0.01 secs] 
296.394: [GC (Allocation Failure) [PSYoungGen: 69024K->1392K(69632K)] 328490K->260858K(753152K), 0.0029872 secs] [Times: user=0.01 sys=0.00, real=0.00 secs] 
296.946: [GC (Allocation Failure) [PSYoungGen: 68976K->1408K(69632K)] 328442K->260874K(753152K), 0.0026747 secs] [Times: user=0.01 sys=0.00, real=0.00 secs] 
297.324: [GC (Allocation Failure) [PSYoungGen: 68992K->1376K(69632K)] 328458K->260842K(753152K), 0.0019069 secs] [Times: user=0.01 sys=0.00, real=0.00 secs] 
297.694: [GC (Allocation Failure) [PSYoungGen: 68960K->1501K(69632K)] 328426K->260967K(753152K), 0.0014838 secs] [Times: user=0.00 sys=0.00, real=0.00 secs] 
298.087: [GC (Allocation Failure) [PSYoungGen: 69085K->1581K(69632K)] 328551K->261047K(753152K), 0.0014654 secs] [Times: user=0.00 sys=0.00, real=0.00 secs] 
298.480: [GC (Allocation Failure) [PSYoungGen: 69165K->1581K(69632K)] 328631K->261047K(753152K), 0.0014731 secs] [Times: user=0.00 sys=0.00, real=0.00 secs] 
298.872: [GC (Allocation Failure) [PSYoungGen: 69165K->1581K(69632K)] 328631K->261079K(753152K), 0.0014833 secs] [Times: user=0.00 sys=0.00, real=0.00 secs] 
300.243: [GC (Allocation Failure) [PSYoungGen: 69165K->1408K(69632K)] 328663K->260906K(753152K), 0.0023599 secs] [Times: user=0.01 sys=0.00, real=0.00 secs] 
300.945: [GC (Allocation Failure) [PSYoungGen: 68992K->1376K(69632K)] 328490K->260874K(753152K), 0.0024371 secs] [Times: user=0.01 sys=0.00, real=0.00 secs] 
301.483: [GC (Allocation Failure) [PSYoungGen: 68960K->1392K(69632K)] 328458K->260890K(753152K), 0.0029738 secs] [Times: user=0.01 sys=0.00, real=0.00 secs] 
302.025: [GC (Allocation Failure) [PSYoungGen: 68976K->1376K(69632K)] 328474K->260874K(753152K), 0.0028238 secs] [Times: user=0.01 sys=0.00, real=0.00 secs] 
302.580: [GC (Allocation Failure) [PSYoungGen: 68960K->1517K(69632K)] 328458K->261015K(753152K), 0.0015455 secs] [Times: user=0.00 sys=0.00, real=0.01 secs] 
302.972: [GC (Allocation Failure) [PSYoungGen: 69101K->1549K(69632K)] 328599K->261047K(753152K), 0.0014791 secs] [Times: user=0.01 sys=0.00, real=0.00 secs] 
303.365: [GC (Allocation Failure) [PSYoungGen: 69133K->1533K(69632K)] 328631K->261031K(753152K), 0.0014771 secs] [Times: user=0.01 sys=0.00, real=0.00 secs] 
303.768: [GC (Allocation Failure) [PSYoungGen: 69117K->1536K(69632K)] 328615K->261034K(753152K), 0.0017658 secs] [Times: user=0.01 sys=0.00, real=0.00 secs] 
304.049: [GC (Allocation Failure) [PSYoungGen: 69120K->1408K(69632K)] 328618K->260906K(753152K), 0.0015889 secs] [Times: user=0.01 sys=0.00, real=0.00 secs] 
304.329: [GC (Allocation Failure) [PSYoungGen: 68992K->1408K(69632K)] 328490K->260906K(753152K), 0.0016995 secs] [Times: user=0.00 sys=0.00, real=0.00 secs] 
304.610: [GC (Allocation Failure) [PSYoungGen: 68992K->1376K(69632K)] 328490K->260874K(753152K), 0.0024748 secs] [Times: user=0.01 sys=0.00, real=0.01 secs] 
304.917: [GC (Allocation Failure) [PSYoungGen: 68864K->224K(69632K)] 328363K->259722K(753152K), 0.0018409 secs] [Times: user=0.01 sys=0.00, real=0.00 secs] 
305.415: [GC (Allocation Failure) [PSYoungGen: 67808K->1581K(69632K)] 327306K->261079K(753152K), 0.0015448 secs] [Times: user=0.01 sys=0.00, real=0.00 secs] 
305.811: [GC (Allocation Failure) [PSYoungGen: 69165K->1613K(69632K)] 328663K->261111K(753152K), 0.0015304 secs] [Times: user=0.01 sys=0.00, real=0.01 secs] 
306.204: [GC (Allocation Failure) [PSYoungGen: 69197K->1613K(69632K)] 328695K->261111K(753152K), 0.0015159 secs] [Times: user=0.00 sys=0.00, real=0.00 secs] 
306.569: [GC (Allocation Failure) [PSYoungGen: 69197K->1472K(69632K)] 328695K->260978K(753152K), 0.0018008 secs] [Times: user=0.01 sys=0.00, real=0.00 secs] 
306.850: [GC (Allocation Failure) [PSYoungGen: 69056K->1376K(69632K)] 328562K->260898K(753152K), 0.0017970 secs] [Times: user=0.01 sys=0.00, real=0.01 secs] 
307.131: [GC (Allocation Failure) [PSYoungGen: 68960K->1408K(69632K)] 328482K->260930K(753152K), 0.0017886 secs] [Times: user=0.01 sys=0.00, real=0.01 secs] 
307.411: [GC (Allocation Failure) [PSYoungGen: 68992K->1376K(69632K)] 328514K->260898K(753152K), 0.0016603 secs] [Times: user=0.01 sys=0.00, real=0.01 secs] 
307.831: [GC (Allocation Failure) [PSYoungGen: 68948K->1472K(69632K)] 328470K->260994K(753152K), 0.0019801 secs] [Times: user=0.01 sys=0.00, real=0.00 secs] 
308.236: [GC (Allocation Failure) [PSYoungGen: 69056K->1581K(69632K)] 328578K->261103K(753152K), 0.0014816 secs] [Times: user=0.01 sys=0.00, real=0.00 secs] 
308.628: [GC (Allocation Failure) [PSYoungGen: 69165K->1549K(69632K)] 328687K->261071K(753152K), 0.0014893 secs] [Times: user=0.01 sys=0.00, real=0.00 secs] 
309.022: [GC (Allocation Failure) [PSYoungGen: 69133K->1565K(69632K)] 328655K->261103K(753152K), 0.0014930 secs] [Times: user=0.00 sys=0.00, real=0.00 secs] 
309.888: [GC (Allocation Failure) [PSYoungGen: 69149K->1488K(69632K)] 328687K->261026K(753152K), 0.0028732 secs] [Times: user=0.01 sys=0.00, real=0.00 secs] 
310.581: [GC (Allocation Failure) [PSYoungGen: 69072K->1456K(69632K)] 328610K->260994K(753152K), 0.0020853 secs] [Times: user=0.01 sys=0.00, real=0.01 secs] 
311.142: [GC (Allocation Failure) [PSYoungGen: 69040K->1440K(69632K)] 328578K->260978K(753152K), 0.0022313 secs] [Times: user=0.01 sys=0.00, real=0.00 secs] 
311.653: [GC (Allocation Failure) [PSYoungGen: 69024K->1424K(69632K)] 328562K->260962K(753152K), 0.0022729 secs] [Times: user=0.00 sys=0.00, real=0.00 secs] 
312.182: [GC (Allocation Failure) [PSYoungGen: 69008K->1504K(69632K)] 328546K->261042K(753152K), 0.0014522 secs] [Times: user=0.01 sys=0.00, real=0.00 secs] 
312.575: [GC (Allocation Failure) [PSYoungGen: 69088K->1584K(69632K)] 328626K->261122K(753152K), 0.0014880 secs] [Times: user=0.01 sys=0.00, real=0.00 secs] 
312.967: [GC (Allocation Failure) [PSYoungGen: 69168K->1565K(69632K)] 328706K->261103K(753152K), 0.0014829 secs] [Times: user=0.01 sys=0.00, real=0.00 secs] 
313.359: [GC (Allocation Failure) [PSYoungGen: 69149K->1581K(69632K)] 328687K->261143K(753152K), 0.0014652 secs] [Times: user=0.01 sys=0.00, real=0.00 secs] 
314.085: [GC (Allocation Failure) [PSYoungGen: 69165K->1440K(69632K)] 328727K->261002K(753152K), 0.0017411 secs] [Times: user=0.01 sys=0.00, real=0.00 secs] 
314.607: [GC (Allocation Failure) [PSYoungGen: 69024K->1376K(69632K)] 328586K->260938K(753152K), 0.0018596 secs] [Times: user=0.01 sys=0.00, real=0.00 secs] 
314.965: [GC (Allocation Failure) [PSYoungGen: 68960K->1408K(69632K)] 328522K->260970K(753152K), 0.0020611 secs] [Times: user=0.01 sys=0.00, real=0.00 secs] 
315.379: [GC (Allocation Failure) [PSYoungGen: 68992K->1424K(69632K)] 328554K->260986K(753152K), 0.0017067 secs] [Times: user=0.01 sys=0.00, real=0.00 secs] 
315.796: [GC (Allocation Failure) [PSYoungGen: 68982K->1565K(69632K)] 328544K->261127K(753152K), 0.0013988 secs] [Times: user=0.01 sys=0.00, real=0.00 secs] 
316.247: [GC (Allocation Failure) [PSYoungGen: 69149K->1565K(69632K)] 328711K->261127K(753152K), 0.0016985 secs] [Times: user=0.00 sys=0.00, real=0.00 secs] 
316.698: [GC (Allocation Failure) [PSYoungGen: 69149K->1581K(69632K)] 328711K->261143K(753152K), 0.0015333 secs] [Times: user=0.01 sys=0.01, real=0.00 secs] 
317.118: [GC (Allocation Failure) [PSYoungGen: 69165K->1664K(69632K)] 328727K->261242K(753152K), 0.0016237 secs] [Times: user=0.01 sys=0.00, real=0.00 secs] 
317.433: [GC (Allocation Failure) [PSYoungGen: 69248K->1376K(69632K)] 328826K->260954K(753152K), 0.0018574 secs] [Times: user=0.01 sys=0.00, real=0.00 secs] 
317.714: [GC (Allocation Failure) [PSYoungGen: 68960K->1376K(69632K)] 328538K->260970K(753152K), 0.0018502 secs] [Times: user=0.01 sys=0.00, real=0.00 secs] 
318.160: [GC (Allocation Failure) [PSYoungGen: 68960K->1376K(69632K)] 328554K->260970K(753152K), 0.0018168 secs] [Times: user=0.01 sys=0.00, real=0.01 secs] 
318.725: [GC (Allocation Failure) [PSYoungGen: 68960K->1376K(69632K)] 328554K->260970K(753152K), 0.0019635 secs] [Times: user=0.01 sys=0.00, real=0.00 secs] 
319.197: [GC (Allocation Failure) [PSYoungGen: 68960K->1549K(69632K)] 328554K->261143K(753152K), 0.0014175 secs] [Times: user=0.00 sys=0.00, real=0.00 secs] 
319.588: [GC (Allocation Failure) [PSYoungGen: 69133K->1565K(69632K)] 328727K->261159K(753152K), 0.0014704 secs] [Times: user=0.01 sys=0.00, real=0.00 secs] 
319.981: [GC (Allocation Failure) [PSYoungGen: 69149K->1549K(69632K)] 328743K->261143K(753152K), 0.0014991 secs] [Times: user=0.00 sys=0.00, real=0.01 secs] 
320.472: [GC (Allocation Failure) [PSYoungGen: 69133K->1488K(69632K)] 328727K->261098K(753152K), 0.0017629 secs] [Times: user=0.01 sys=0.00, real=0.00 secs] 
321.116: [GC (Allocation Failure) [PSYoungGen: 69072K->1408K(69632K)] 328682K->261018K(753152K), 0.0023183 secs] [Times: user=0.00 sys=0.00, real=0.00 secs] 
321.641: [GC (Allocation Failure) [PSYoungGen: 68992K->1408K(69632K)] 328602K->261018K(753152K), 0.0020805 secs] [Times: user=0.01 sys=0.00, real=0.01 secs] 
322.141: [GC (Allocation Failure) [PSYoungGen: 68992K->1408K(69632K)] 328602K->261018K(753152K), 0.0020029 secs] [Times: user=0.01 sys=0.00, real=0.01 secs] 
322.741: [GC (Allocation Failure) [PSYoungGen: 68970K->1501K(69632K)] 328580K->261111K(753152K), 0.0018048 secs] [Times: user=0.01 sys=0.00, real=0.01 secs] 
323.143: [GC (Allocation Failure) [PSYoungGen: 69085K->1565K(69632K)] 328695K->261175K(753152K), 0.0014976 secs] [Times: user=0.00 sys=0.00, real=0.00 secs] 
323.535: [GC (Allocation Failure) [PSYoungGen: 69149K->1613K(69632K)] 328759K->261223K(753152K), 0.0015061 secs] [Times: user=0.01 sys=0.00, real=0.00 secs] 
323.929: [GC (Allocation Failure) [PSYoungGen: 69197K->1597K(69632K)] 328807K->261223K(753152K), 0.0014754 secs] [Times: user=0.00 sys=0.00, real=0.00 secs] 
325.332: [GC (Allocation Failure) [PSYoungGen: 69181K->1520K(69632K)] 328807K->261154K(753152K), 0.0034392 secs] [Times: user=0.01 sys=0.00, real=0.00 secs] 
325.949: [GC (Allocation Failure) [PSYoungGen: 69104K->1376K(69632K)] 328738K->261010K(753152K), 0.0024417 secs] [Times: user=0.01 sys=0.00, real=0.01 secs] 
326.611: [GC (Allocation Failure) [PSYoungGen: 68960K->1408K(69632K)] 328594K->261042K(753152K), 0.0024501 secs] [Times: user=0.01 sys=0.00, real=0.01 secs] 
326.926: [GC (Allocation Failure) [PSYoungGen: 68992K->1408K(69632K)] 328626K->261042K(753152K), 0.0017866 secs] [Times: user=0.00 sys=0.00, real=0.00 secs] 
327.314: [GC (Allocation Failure) [PSYoungGen: 68992K->1517K(69632K)] 328626K->261151K(753152K), 0.0015122 secs] [Times: user=0.01 sys=0.00, real=0.00 secs] 
327.705: [GC (Allocation Failure) [PSYoungGen: 69101K->1613K(69632K)] 328735K->261247K(753152K), 0.0015727 secs] [Times: user=0.01 sys=0.00, real=0.00 secs] 
328.100: [GC (Allocation Failure) [PSYoungGen: 69197K->1549K(69632K)] 328831K->261183K(753152K), 0.0015158 secs] [Times: user=0.00 sys=0.00, real=0.01 secs] 
328.493: [GC (Allocation Failure) [PSYoungGen: 69133K->1581K(69632K)] 328767K->261223K(753152K), 0.0014555 secs] [Times: user=0.01 sys=0.00, real=0.00 secs] 
329.038: [GC (Allocation Failure) [PSYoungGen: 69165K->1440K(69632K)] 328807K->261090K(753152K), 0.0018733 secs] [Times: user=0.01 sys=0.00, real=0.00 secs] 
329.689: [GC (Allocation Failure) [PSYoungGen: 69024K->1392K(69632K)] 328674K->261042K(753152K), 0.0020316 secs] [Times: user=0.01 sys=0.00, real=0.00 secs] 
330.152: [GC (Allocation Failure) [PSYoungGen: 68976K->1408K(69632K)] 328626K->261058K(753152K), 0.0018844 secs] [Times: user=0.00 sys=0.00, real=0.00 secs] 
330.534: [GC (Allocation Failure) [PSYoungGen: 68992K->1376K(69632K)] 328642K->261026K(753152K), 0.0056852 secs] [Times: user=0.02 sys=0.00, real=0.00 secs] 
331.056: [GC (Allocation Failure) [PSYoungGen: 68960K->1501K(69632K)] 328610K->261151K(753152K), 0.0014212 secs] [Times: user=0.01 sys=0.00, real=0.00 secs] 
331.449: [GC (Allocation Failure) [PSYoungGen: 69085K->1600K(69632K)] 328735K->261250K(753152K), 0.0015072 secs] [Times: user=0.00 sys=0.00, real=0.00 secs] 
331.841: [GC (Allocation Failure) [PSYoungGen: 69184K->1629K(69632K)] 328834K->261279K(753152K), 0.0014908 secs] [Times: user=0.01 sys=0.00, real=0.01 secs] 
332.234: [GC (Allocation Failure) [PSYoungGen: 69213K->1613K(69632K)] 328863K->261279K(753152K), 0.0015093 secs] [Times: user=0.01 sys=0.00, real=0.00 secs] 
332.622: [GC (Allocation Failure) [PSYoungGen: 69197K->1392K(69632K)] 328863K->261058K(753152K), 0.0016605 secs] [Times: user=0.01 sys=0.00, real=0.00 secs] 
332.911: [GC (Allocation Failure) [PSYoungGen: 68976K->1376K(69632K)] 328642K->261042K(753152K), 0.0016443 secs] [Times: user=0.01 sys=0.00, real=0.01 secs] 
333.242: [GC (Allocation Failure) [PSYoungGen: 68960K->1344K(69632K)] 328626K->261010K(753152K), 0.0017752 secs] [Times: user=0.00 sys=0.00, real=0.00 secs] 
333.534: [GC (Allocation Failure) [PSYoungGen: 68928K->1408K(69632K)] 328594K->261074K(753152K), 0.0015957 secs] [Times: user=0.01 sys=0.00, real=0.00 secs] 
333.950: [GC (Allocation Failure) [PSYoungGen: 68992K->1536K(69632K)] 328658K->261202K(753152K), 0.0014523 secs] [Times: user=0.01 sys=0.00, real=0.01 secs] 
334.343: [GC (Allocation Failure) [PSYoungGen: 69120K->1629K(69632K)] 328786K->261295K(753152K), 0.0015226 secs] [Times: user=0.00 sys=0.00, real=0.00 secs] 
334.735: [GC (Allocation Failure) [PSYoungGen: 69213K->1597K(69632K)] 328879K->261263K(753152K), 0.0014901 secs] [Times: user=0.00 sys=0.00, real=0.00 secs] 
335.239: [GC (Allocation Failure) [PSYoungGen: 69181K->1536K(69632K)] 328847K->261218K(753152K), 0.0020480 secs] [Times: user=0.00 sys=0.00, real=0.00 secs] 
335.615: [GC (Allocation Failure) [PSYoungGen: 69120K->1408K(69632K)] 328802K->261090K(753152K), 0.0018616 secs] [Times: user=0.01 sys=0.00, real=0.00 secs] 
336.011: [GC (Allocation Failure) [PSYoungGen: 68992K->1376K(69632K)] 328674K->261058K(753152K), 0.0018658 secs] [Times: user=0.00 sys=0.00, real=0.01 secs] 
336.515: [GC (Allocation Failure) [PSYoungGen: 68960K->1344K(69632K)] 328642K->261026K(753152K), 0.0016776 secs] [Times: user=0.01 sys=0.00, real=0.00 secs] 
337.040: [GC (Allocation Failure) [PSYoungGen: 68928K->1485K(69632K)] 328610K->261183K(753152K), 0.0018031 secs] [Times: user=0.00 sys=0.00, real=0.01 secs] 
337.466: [GC (Allocation Failure) [PSYoungGen: 69069K->1629K(69632K)] 328767K->261327K(753152K), 0.0014786 secs] [Times: user=0.01 sys=0.00, real=0.00 secs] 
337.860: [GC (Allocation Failure) [PSYoungGen: 69213K->1581K(69632K)] 328911K->261279K(753152K), 0.0014690 secs] [Times: user=0.01 sys=0.00, real=0.00 secs] 
338.317: [GC (Allocation Failure) [PSYoungGen: 69165K->1549K(69632K)] 328863K->261247K(753152K), 0.0015123 secs] [Times: user=0.00 sys=0.00, real=0.00 secs] 
338.789: [GC (Allocation Failure) [PSYoungGen: 69133K->1472K(69632K)] 328831K->261170K(753152K), 0.0020873 secs] [Times: user=0.01 sys=0.00, real=0.00 secs] 
339.150: [GC (Allocation Failure) [PSYoungGen: 69056K->1376K(69632K)] 328754K->261090K(753152K), 0.0018773 secs] [Times: user=0.01 sys=0.00, real=0.01 secs] 
339.431: [GC (Allocation Failure) [PSYoungGen: 68960K->1344K(69632K)] 328674K->261058K(753152K), 0.0017163 secs] [Times: user=0.01 sys=0.00, real=0.01 secs] 
339.712: [GC (Allocation Failure) [PSYoungGen: 68928K->1392K(69632K)] 328642K->261106K(753152K), 0.0017747 secs] [Times: user=0.01 sys=0.00, real=0.00 secs] 
340.066: [GC (Allocation Failure) [PSYoungGen: 68956K->1469K(69632K)] 328670K->261183K(753152K), 0.0014627 secs] [Times: user=0.00 sys=0.00, real=0.00 secs] 
340.459: [GC (Allocation Failure) [PSYoungGen: 69053K->1597K(69632K)] 328767K->261311K(753152K), 0.0014995 secs] [Times: user=0.01 sys=0.00, real=0.00 secs] 
340.857: [GC (Allocation Failure) [PSYoungGen: 69181K->1533K(69632K)] 328895K->261247K(753152K), 0.0014964 secs] [Times: user=0.01 sys=0.00, real=0.00 secs] 
341.254: [GC (Allocation Failure) [PSYoungGen: 69117K->1549K(69632K)] 328831K->261279K(753152K), 0.0014865 secs] [Times: user=0.00 sys=0.00, real=0.00 secs] 
341.634: [GC (Allocation Failure) [PSYoungGen: 69133K->1488K(69632K)] 328863K->261218K(753152K), 0.0017731 secs] [Times: user=0.01 sys=0.00, real=0.00 secs] 
341.929: [GC (Allocation Failure) [PSYoungGen: 69072K->1376K(69632K)] 328802K->261106K(753152K), 0.0017898 secs] [Times: user=0.00 sys=0.00, real=0.00 secs] 
342.265: [GC (Allocation Failure) [PSYoungGen: 68960K->1440K(69632K)] 328690K->261170K(753152K), 0.0016544 secs] [Times: user=0.01 sys=0.00, real=0.00 secs] 
342.592: [GC (Allocation Failure) [PSYoungGen: 69024K->1376K(69632K)] 328754K->261106K(753152K), 0.0017920 secs] [Times: user=0.01 sys=0.00, real=0.00 secs] 
343.014: [GC (Allocation Failure) [PSYoungGen: 68960K->1517K(69632K)] 328690K->261247K(753152K), 0.0016599 secs] [Times: user=0.00 sys=0.00, real=0.00 secs] 
343.407: [GC (Allocation Failure) [PSYoungGen: 69101K->1565K(69632K)] 328831K->261295K(753152K), 0.0014701 secs] [Times: user=0.01 sys=0.00, real=0.00 secs] 
343.798: [GC (Allocation Failure) [PSYoungGen: 69149K->1597K(69632K)] 328879K->261327K(753152K), 0.0014987 secs] [Times: user=0.00 sys=0.00, real=0.00 secs] 
344.192: [GC (Allocation Failure) [PSYoungGen: 69181K->1549K(69632K)] 328911K->261295K(753152K), 0.0015097 secs] [Times: user=0.01 sys=0.00, real=0.00 secs] 
344.569: [GC (Allocation Failure) [PSYoungGen: 69133K->1408K(69632K)] 328879K->261154K(753152K), 0.0016374 secs] [Times: user=0.00 sys=0.01, real=0.00 secs] 
344.891: [GC (Allocation Failure) [PSYoungGen: 68992K->1376K(69632K)] 328738K->261122K(753152K), 0.0016143 secs] [Times: user=0.00 sys=0.00, real=0.01 secs] 
345.205: [GC (Allocation Failure) [PSYoungGen: 68960K->1408K(69632K)] 328706K->261154K(753152K), 0.0017427 secs] [Times: user=0.00 sys=0.00, real=0.00 secs] 
345.530: [GC (Allocation Failure) [PSYoungGen: 68992K->1344K(69632K)] 328738K->261090K(753152K), 0.0017826 secs] [Times: user=0.01 sys=0.00, real=0.01 secs] 
345.946: [GC (Allocation Failure) [PSYoungGen: 68897K->1565K(69632K)] 328643K->261311K(753152K), 0.0015333 secs] [Times: user=0.00 sys=0.00, real=0.00 secs] 
346.344: [GC (Allocation Failure) [PSYoungGen: 69149K->1581K(69632K)] 328895K->261351K(753152K), 0.0017241 secs] [Times: user=0.00 sys=0.00, real=0.00 secs] 
346.736: [GC (Allocation Failure) [PSYoungGen: 69165K->1597K(69632K)] 328935K->261367K(753152K), 0.0015034 secs] [Times: user=0.01 sys=0.00, real=0.00 secs] 
347.212: [GC (Allocation Failure) [PSYoungGen: 69181K->2016K(69632K)] 328951K->261802K(753152K), 0.0017428 secs] [Times: user=0.00 sys=0.00, real=0.00 secs] 
347.923: [GC (Allocation Failure) [PSYoungGen: 69600K->1408K(69632K)] 329386K->261194K(753152K), 0.0018694 secs] [Times: user=0.00 sys=0.00, real=0.00 secs] 
348.541: [GC (Allocation Failure) [PSYoungGen: 68992K->1408K(69632K)] 328778K->261194K(753152K), 0.0017376 secs] [Times: user=0.01 sys=0.00, real=0.01 secs] 
348.861: [GC (Allocation Failure) [PSYoungGen: 68992K->1408K(69632K)] 328778K->261194K(753152K), 0.0018165 secs] [Times: user=0.01 sys=0.00, real=0.01 secs] 
349.142: [GC (Allocation Failure) [PSYoungGen: 68992K->1344K(69632K)] 328778K->261130K(753152K), 0.0018672 secs] [Times: user=0.01 sys=0.00, real=0.00 secs] 
349.559: [GC (Allocation Failure) [PSYoungGen: 68928K->1613K(69632K)] 328714K->261399K(753152K), 0.0015487 secs] [Times: user=0.01 sys=0.00, real=0.00 secs] 
349.953: [GC (Allocation Failure) [PSYoungGen: 69197K->1581K(69632K)] 328983K->261367K(753152K), 0.0014947 secs] [Times: user=0.00 sys=0.00, real=0.00 secs] 
350.347: [GC (Allocation Failure) [PSYoungGen: 69165K->1613K(69632K)] 328951K->261399K(753152K), 0.0014698 secs] [Times: user=0.00 sys=0.00, real=0.00 secs] 
350.799: [GC (Allocation Failure) [PSYoungGen: 69197K->1520K(69632K)] 328983K->261314K(753152K), 0.0017661 secs] [Times: user=0.00 sys=0.00, real=0.00 secs] 
351.358: [GC (Allocation Failure) [PSYoungGen: 69104K->1408K(69632K)] 328898K->261202K(753152K), 0.0020015 secs] [Times: user=0.00 sys=0.00, real=0.00 secs] 
351.963: [GC (Allocation Failure) [PSYoungGen: 68992K->1376K(69632K)] 328786K->261170K(753152K), 0.0019572 secs] [Times: user=0.01 sys=0.00, real=0.00 secs] 
352.266: [GC (Allocation Failure) [PSYoungGen: 68960K->1376K(69632K)] 328754K->261170K(753152K), 0.0018535 secs] [Times: user=0.01 sys=0.00, real=0.00 secs] 
352.619: [GC (Allocation Failure) [PSYoungGen: 68960K->1437K(69632K)] 328754K->261231K(753152K), 0.0014445 secs] [Times: user=0.01 sys=0.00, real=0.00 secs] 
353.013: [GC (Allocation Failure) [PSYoungGen: 69021K->1565K(69632K)] 328815K->261359K(753152K), 0.0014673 secs] [Times: user=0.00 sys=0.00, real=0.00 secs] 
353.407: [GC (Allocation Failure) [PSYoungGen: 69149K->1568K(69632K)] 328943K->261362K(753152K), 0.0014899 secs] [Times: user=0.01 sys=0.00, real=0.00 secs] 
353.799: [GC (Allocation Failure) [PSYoungGen: 69152K->1581K(69632K)] 328946K->261391K(753152K), 0.0014738 secs] [Times: user=0.01 sys=0.00, real=0.00 secs] 
354.170: [GC (Allocation Failure) [PSYoungGen: 69165K->1456K(69632K)] 328975K->261266K(753152K), 0.0016939 secs] [Times: user=0.00 sys=0.00, real=0.01 secs] 
354.451: [GC (Allocation Failure) [PSYoungGen: 69040K->1376K(69632K)] 328850K->261186K(753152K), 0.0015358 secs] [Times: user=0.01 sys=0.00, real=0.01 secs] 
354.804: [GC (Allocation Failure) [PSYoungGen: 68960K->1376K(69632K)] 328770K->261186K(753152K), 0.0014121 secs] [Times: user=0.00 sys=0.00, real=0.00 secs] 
355.259: [GC (Allocation Failure) [PSYoungGen: 68960K->1376K(69632K)] 328770K->261186K(753152K), 0.0018550 secs] [Times: user=0.01 sys=0.01, real=0.00 secs] 
356.033: [GC (Allocation Failure) [PSYoungGen: 68960K->1453K(69632K)] 328770K->261263K(753152K), 0.0016082 secs] [Times: user=0.01 sys=0.00, real=0.00 secs] 
356.427: [GC (Allocation Failure) [PSYoungGen: 69019K->1581K(69632K)] 328829K->261391K(753152K), 0.0014885 secs] [Times: user=0.00 sys=0.00, real=0.00 secs] 
356.884: [GC (GCLocker Initiated GC) [PSYoungGen: 69165K->1581K(69632K)] 328975K->261391K(753152K), 0.0015023 secs] [Times: user=0.00 sys=0.00, real=0.00 secs] 
357.279: [GC (Allocation Failure) [PSYoungGen: 69165K->1456K(69632K)] 329297K->261603K(753152K), 0.0014604 secs] [Times: user=0.00 sys=0.00, real=0.00 secs] 
357.919: [GC (Allocation Failure) [PSYoungGen: 69040K->1568K(69632K)] 329187K->261731K(753152K), 0.0028931 secs] [Times: user=0.01 sys=0.00, real=0.01 secs] 
358.749: [GC (Allocation Failure) [PSYoungGen: 69152K->1472K(69632K)] 329315K->261635K(753152K), 0.0029778 secs] [Times: user=0.01 sys=0.00, real=0.01 secs] 
359.595: [GC (Allocation Failure) [PSYoungGen: 69056K->1472K(69632K)] 329219K->261635K(753152K), 0.0032281 secs] [Times: user=0.02 sys=0.00, real=0.00 secs] 
360.388: [GC (Allocation Failure) [PSYoungGen: 69056K->1504K(69632K)] 329219K->261667K(753152K), 0.0037641 secs] [Times: user=0.02 sys=0.00, real=0.01 secs] 
361.086: [GC (Allocation Failure) [PSYoungGen: 69088K->1677K(69632K)] 329251K->261841K(753152K), 0.0014829 secs] [Times: user=0.01 sys=0.00, real=0.00 secs] 
361.551: [GC (Allocation Failure) [PSYoungGen: 69261K->1677K(69632K)] 329425K->261841K(753152K), 0.0015253 secs] [Times: user=0.00 sys=0.00, real=0.01 secs] 
361.943: [GC (Allocation Failure) [PSYoungGen: 69261K->1677K(69632K)] 329425K->261841K(753152K), 0.0015158 secs] [Times: user=0.01 sys=0.00, real=0.00 secs] 
362.337: [GC (Allocation Failure) [PSYoungGen: 69261K->1709K(69632K)] 329425K->261897K(753152K), 0.0015175 secs] [Times: user=0.00 sys=0.00, real=0.00 secs] 
362.956: [GC (Allocation Failure) [PSYoungGen: 69293K->1536K(69632K)] 329481K->261723K(753152K), 0.0029230 secs] [Times: user=0.01 sys=0.00, real=0.00 secs] 
363.636: [GC (Allocation Failure) [PSYoungGen: 69120K->1472K(69632K)] 329307K->261659K(753152K), 0.0028474 secs] [Times: user=0.01 sys=0.00, real=0.00 secs] 
364.298: [GC (Allocation Failure) [PSYoungGen: 69056K->1472K(69632K)] 329243K->261659K(753152K), 0.0028503 secs] [Times: user=0.01 sys=0.01, real=0.00 secs] 
365.038: [GC (Allocation Failure) [PSYoungGen: 69056K->1504K(69632K)] 329243K->261739K(753152K), 0.0027490 secs] [Times: user=0.01 sys=0.00, real=0.00 secs] 
365.578: [GC (Allocation Failure) [PSYoungGen: 69088K->1661K(69632K)] 329323K->261897K(753152K), 0.0016074 secs] [Times: user=0.00 sys=0.00, real=0.00 secs] 
365.972: [GC (Allocation Failure) [PSYoungGen: 69245K->1677K(69632K)] 329481K->261913K(753152K), 0.0014956 secs] [Times: user=0.00 sys=0.00, real=0.00 secs] 
366.368: [GC (Allocation Failure) [PSYoungGen: 69261K->1680K(69632K)] 329497K->261931K(753152K), 0.0014922 secs] [Times: user=0.01 sys=0.00, real=0.00 secs] 
366.886: [GC (Allocation Failure) [PSYoungGen: 69264K->1568K(69632K)] 329515K->261899K(753152K), 0.0016858 secs] [Times: user=0.00 sys=0.00, real=0.00 secs] 
367.564: [GC (Allocation Failure) [PSYoungGen: 69152K->1376K(69632K)] 329483K->261707K(753152K), 0.0032209 secs] [Times: user=0.01 sys=0.00, real=0.00 secs] 
367.940: [GC (Allocation Failure) [PSYoungGen: 68960K->1408K(69632K)] 329291K->261739K(753152K), 0.0018881 secs] [Times: user=0.01 sys=0.00, real=0.01 secs] 
368.265: [GC (Allocation Failure) [PSYoungGen: 68992K->1440K(69632K)] 329323K->261771K(753152K), 0.0018014 secs] [Times: user=0.01 sys=0.00, real=0.00 secs] 
368.786: [GC (Allocation Failure) [PSYoungGen: 69024K->1501K(69632K)] 329355K->261857K(753152K), 0.0014568 secs] [Times: user=0.01 sys=0.00, real=0.00 secs] 
369.180: [GC (Allocation Failure) [PSYoungGen: 69085K->1584K(69632K)] 329441K->261939K(753152K), 0.0014723 secs] [Times: user=0.01 sys=0.00, real=0.01 secs] 
369.573: [GC (Allocation Failure) [PSYoungGen: 69168K->1581K(69632K)] 329523K->261937K(753152K), 0.0014862 secs] [Times: user=0.00 sys=0.00, real=0.00 secs] 
369.965: [GC (Allocation Failure) [PSYoungGen: 69165K->1616K(69632K)] 329521K->261971K(753152K), 0.0015169 secs] [Times: user=0.00 sys=0.00, real=0.00 secs] 
370.470: [GC (Allocation Failure) [PSYoungGen: 69200K->1504K(69632K)] 329555K->261867K(753152K), 0.0016853 secs] [Times: user=0.01 sys=0.00, real=0.01 secs] 
371.123: [GC (Allocation Failure) [PSYoungGen: 69088K->1360K(69632K)] 329451K->261731K(753152K), 0.0019392 secs] [Times: user=0.00 sys=0.00, real=0.00 secs] 
371.717: [GC (Allocation Failure) [PSYoungGen: 68944K->1408K(69632K)] 329315K->261779K(753152K), 0.0023594 secs] [Times: user=0.01 sys=0.00, real=0.00 secs] 
372.219: [GC (Allocation Failure) [PSYoungGen: 68992K->1408K(69632K)] 329363K->261779K(753152K), 0.0022258 secs] [Times: user=0.01 sys=0.00, real=0.01 secs] 
372.873: [GC (Allocation Failure) [PSYoungGen: 68992K->1488K(69632K)] 329363K->261859K(753152K), 0.0013482 secs] [Times: user=0.00 sys=0.00, real=0.00 secs] 
373.266: [GC (Allocation Failure) [PSYoungGen: 69066K->1552K(69632K)] 329438K->261923K(753152K), 0.0015306 secs] [Times: user=0.01 sys=0.00, real=0.00 secs] 
373.660: [GC (Allocation Failure) [PSYoungGen: 69136K->1613K(69632K)] 329507K->261985K(753152K), 0.0016050 secs] [Times: user=0.00 sys=0.01, real=0.01 secs] 
374.054: [GC (Allocation Failure) [PSYoungGen: 69197K->1613K(69632K)] 329569K->262001K(753152K), 0.0015032 secs] [Times: user=0.01 sys=0.00, real=0.00 secs] 
375.044: [GC (Allocation Failure) [PSYoungGen: 69197K->1488K(69632K)] 329585K->261883K(753152K), 0.0019716 secs] [Times: user=0.01 sys=0.00, real=0.00 secs] 
375.334: [GC (Allocation Failure) [PSYoungGen: 69072K->1392K(69632K)] 329467K->261787K(753152K), 0.0017307 secs] [Times: user=0.01 sys=0.00, real=0.00 secs] 
375.614: [GC (Allocation Failure) [PSYoungGen: 68976K->1424K(69632K)] 329371K->261819K(753152K), 0.0016490 secs] [Times: user=0.01 sys=0.00, real=0.00 secs] 
375.895: [GC (Allocation Failure) [PSYoungGen: 69008K->1344K(69632K)] 329403K->261739K(753152K), 0.0018168 secs] [Times: user=0.01 sys=0.00, real=0.00 secs] 
376.258: [GC (Allocation Failure) [PSYoungGen: 68928K->1517K(69632K)] 329323K->261921K(753152K), 0.0014790 secs] [Times: user=0.00 sys=0.00, real=0.00 secs] 
376.653: [GC (Allocation Failure) [PSYoungGen: 69101K->1613K(69632K)] 329505K->262025K(753152K), 0.0015031 secs] [Times: user=0.01 sys=0.00, real=0.00 secs] 
377.046: [GC (Allocation Failure) [PSYoungGen: 69197K->1584K(69632K)] 329609K->261995K(753152K), 0.0015216 secs] [Times: user=0.01 sys=0.00, real=0.00 secs] 
377.439: [GC (Allocation Failure) [PSYoungGen: 69168K->1565K(69632K)] 329579K->261993K(753152K), 0.0014772 secs] [Times: user=0.00 sys=0.00, real=0.00 secs] 
377.762: [GC (Allocation Failure) [PSYoungGen: 69149K->1376K(69632K)] 329577K->261819K(753152K), 0.0015238 secs] [Times: user=0.01 sys=0.00, real=0.00 secs] 
378.049: [GC (Allocation Failure) [PSYoungGen: 68960K->1392K(69632K)] 329403K->261835K(753152K), 0.0015179 secs] [Times: user=0.01 sys=0.00, real=0.00 secs] 
378.329: [GC (Allocation Failure) [PSYoungGen: 68976K->1408K(69632K)] 329419K->261851K(753152K), 0.0020563 secs] [Times: user=0.01 sys=0.00, real=0.00 secs] 
378.715: [GC (Allocation Failure) [PSYoungGen: 68992K->1392K(69632K)] 329435K->261835K(753152K), 0.0026209 secs] [Times: user=0.01 sys=0.00, real=0.00 secs] 
379.211: [GC (Allocation Failure) [PSYoungGen: 68944K->1517K(69632K)] 329388K->261961K(753152K), 0.0015071 secs] [Times: user=0.01 sys=0.01, real=0.01 secs] 
379.606: [GC (Allocation Failure) [PSYoungGen: 69101K->1581K(69632K)] 329545K->262025K(753152K), 0.0016196 secs] [Times: user=0.00 sys=0.00, real=0.00 secs] 
379.998: [GC (Allocation Failure) [PSYoungGen: 69165K->1533K(69632K)] 329609K->261977K(753152K), 0.0014905 secs] [Times: user=0.01 sys=0.00, real=0.00 secs] 
380.428: [GC (Allocation Failure) [PSYoungGen: 69117K->2016K(69632K)] 329561K->262467K(753152K), 0.0016928 secs] [Times: user=0.01 sys=0.00, real=0.00 secs] 
380.846: [GC (Allocation Failure) [PSYoungGen: 69600K->1376K(69632K)] 330051K->261827K(753152K), 0.0017072 secs] [Times: user=0.01 sys=0.00, real=0.00 secs] 
381.406: [GC (Allocation Failure) [PSYoungGen: 68960K->1408K(69632K)] 329411K->261859K(753152K), 0.0026349 secs] [Times: user=0.01 sys=0.00, real=0.00 secs] 
381.983: [GC (Allocation Failure) [PSYoungGen: 68992K->1408K(69632K)] 329443K->261859K(753152K), 0.0025219 secs] [Times: user=0.01 sys=0.00, real=0.00 secs] 
382.691: [GC (Allocation Failure) [PSYoungGen: 68992K->1344K(69632K)] 329443K->261795K(753152K), 0.0028495 secs] [Times: user=0.01 sys=0.00, real=0.01 secs] 
383.188: [GC (Allocation Failure) [PSYoungGen: 68928K->1645K(69632K)] 329379K->262097K(753152K), 0.0014588 secs] [Times: user=0.01 sys=0.00, real=0.00 secs] 
383.581: [GC (Allocation Failure) [PSYoungGen: 69229K->1581K(69632K)] 329681K->262033K(753152K), 0.0014814 secs] [Times: user=0.01 sys=0.00, real=0.01 secs] 
383.972: [GC (Allocation Failure) [PSYoungGen: 69165K->1597K(69632K)] 329617K->262049K(753152K), 0.0015843 secs] [Times: user=0.00 sys=0.00, real=0.00 secs] 
384.758: [GC (Allocation Failure) [PSYoungGen: 69181K->1504K(69632K)] 329633K->261963K(753152K), 0.0027099 secs] [Times: user=0.01 sys=0.00, real=0.00 secs] 
385.503: [GC (Allocation Failure) [PSYoungGen: 69088K->1408K(69632K)] 329547K->261867K(753152K), 0.0029933 secs] [Times: user=0.02 sys=0.00, real=0.00 secs] 
386.013: [GC (Allocation Failure) [PSYoungGen: 68992K->1376K(69632K)] 329451K->261835K(753152K), 0.0023663 secs] [Times: user=0.01 sys=0.00, real=0.00 secs] 
386.292: [GC (Allocation Failure) [PSYoungGen: 68960K->1408K(69632K)] 329419K->261867K(753152K), 0.0018723 secs] [Times: user=0.00 sys=0.00, real=0.00 secs] 
386.710: [GC (Allocation Failure) [PSYoungGen: 68992K->1485K(69632K)] 329451K->261945K(753152K), 0.0013286 secs] [Times: user=0.01 sys=0.00, real=0.00 secs] 
387.104: [GC (Allocation Failure) [PSYoungGen: 69069K->1584K(69632K)] 329529K->262043K(753152K), 0.0016207 secs] [Times: user=0.01 sys=0.00, real=0.00 secs] 
387.497: [GC (Allocation Failure) [PSYoungGen: 69168K->1613K(69632K)] 329627K->262073K(753152K), 0.0015018 secs] [Times: user=0.01 sys=0.00, real=0.00 secs] 
387.889: [GC (Allocation Failure) [PSYoungGen: 69197K->1581K(69632K)] 329657K->262057K(753152K), 0.0015284 secs] [Times: user=0.00 sys=0.00, real=0.00 secs] 
388.405: [GC (Allocation Failure) [PSYoungGen: 69165K->1456K(69632K)] 329641K->261931K(753152K), 0.0017775 secs] [Times: user=0.00 sys=0.00, real=0.00 secs] 
389.090: [GC (Allocation Failure) [PSYoungGen: 69040K->1408K(69632K)] 329515K->261899K(753152K), 0.0019139 secs] [Times: user=0.01 sys=0.00, real=0.01 secs] 
389.668: [GC (Allocation Failure) [PSYoungGen: 68992K->1408K(69632K)] 329483K->261899K(753152K), 0.0018968 secs] [Times: user=0.01 sys=0.00, real=0.00 secs] 
390.221: [GC (Allocation Failure) [PSYoungGen: 68992K->1376K(69632K)] 329483K->261867K(753152K), 0.0020207 secs] [Times: user=0.01 sys=0.00, real=0.01 secs] 
390.857: [GC (Allocation Failure) [PSYoungGen: 68960K->1549K(69632K)] 329451K->262041K(753152K), 0.0014036 secs] [Times: user=0.01 sys=0.00, real=0.00 secs] 
391.253: [GC (Allocation Failure) [PSYoungGen: 69103K->1613K(69632K)] 329595K->262105K(753152K), 0.0014777 secs] [Times: user=0.01 sys=0.00, real=0.00 secs] 
391.648: [GC (Allocation Failure) [PSYoungGen: 69197K->1584K(69632K)] 329689K->262075K(753152K), 0.0014780 secs] [Times: user=0.00 sys=0.00, real=0.00 secs] 
392.042: [GC (Allocation Failure) [PSYoungGen: 69168K->1584K(69632K)] 329659K->262091K(753152K), 0.0014957 secs] [Times: user=0.01 sys=0.00, real=0.00 secs] 
392.597: [GC (Allocation Failure) [PSYoungGen: 69168K->1408K(69632K)] 329675K->261923K(753152K), 0.0019431 secs] [Times: user=0.00 sys=0.00, real=0.00 secs] 
392.908: [GC (Allocation Failure) [PSYoungGen: 68992K->1344K(69632K)] 329507K->261859K(753152K), 0.0018499 secs] [Times: user=0.00 sys=0.00, real=0.00 secs] 
393.189: [GC (Allocation Failure) [PSYoungGen: 68928K->1344K(69632K)] 329443K->261859K(753152K), 0.0017888 secs] [Times: user=0.00 sys=0.00, real=0.00 secs] 
393.689: [GC (Allocation Failure) [PSYoungGen: 68928K->1344K(69632K)] 329443K->261859K(753152K), 0.0018884 secs] [Times: user=0.01 sys=0.00, real=0.00 secs] 
394.174: [GC (Allocation Failure) [PSYoungGen: 68928K->1581K(69632K)] 329443K->262097K(753152K), 0.0014279 secs] [Times: user=0.01 sys=0.00, real=0.00 secs] 
394.568: [GC (Allocation Failure) [PSYoungGen: 69165K->1584K(69632K)] 329681K->262099K(753152K), 0.0016388 secs] [Times: user=0.00 sys=0.00, real=0.00 secs] 
394.961: [GC (Allocation Failure) [PSYoungGen: 69168K->1565K(69632K)] 329683K->262081K(753152K), 0.0015641 secs] [Times: user=0.01 sys=0.00, real=0.00 secs] 
395.353: [GC (Allocation Failure) [PSYoungGen: 69149K->1568K(69632K)] 329665K->262091K(753152K), 0.0017186 secs] [Times: user=0.01 sys=0.00, real=0.00 secs] 
395.642: [GC (Allocation Failure) [PSYoungGen: 69152K->1408K(69632K)] 329675K->261931K(753152K), 0.0014892 secs] [Times: user=0.00 sys=0.00, real=0.00 secs] 
395.922: [GC (Allocation Failure) [PSYoungGen: 68992K->1376K(69632K)] 329515K->261899K(753152K), 0.0014550 secs] [Times: user=0.00 sys=0.00, real=0.00 secs] 
396.202: [GC (Allocation Failure) [PSYoungGen: 68960K->1408K(69632K)] 329483K->261931K(753152K), 0.0015094 secs] [Times: user=0.00 sys=0.00, real=0.00 secs] 
396.773: [GC (Allocation Failure) [PSYoungGen: 68992K->1344K(69632K)] 329515K->261883K(753152K), 0.0015788 secs] [Times: user=0.00 sys=0.00, real=0.00 secs] 
397.218: [GC (Allocation Failure) [PSYoungGen: 68928K->1613K(69632K)] 329467K->262153K(753152K), 0.0014441 secs] [Times: user=0.01 sys=0.00, real=0.00 secs] 
397.611: [GC (Allocation Failure) [PSYoungGen: 69197K->1581K(69632K)] 329737K->262121K(753152K), 0.0016281 secs] [Times: user=0.00 sys=0.00, real=0.01 secs] 
398.061: [GC (Allocation Failure) [PSYoungGen: 69165K->1645K(69632K)] 329705K->262185K(753152K), 0.0015012 secs] [Times: user=0.01 sys=0.00, real=0.01 secs] 
398.626: [GC (Allocation Failure) [PSYoungGen: 69229K->1504K(69632K)] 329769K->262067K(753152K), 0.0025869 secs] [Times: user=0.01 sys=0.00, real=0.00 secs] 
398.921: [GC (Allocation Failure) [PSYoungGen: 69088K->1408K(69632K)] 329651K->261971K(753152K), 0.0017817 secs] [Times: user=0.00 sys=0.00, real=0.01 secs] 
399.201: [GC (Allocation Failure) [PSYoungGen: 68992K->1344K(69632K)] 329555K->261907K(753152K), 0.0018695 secs] [Times: user=0.01 sys=0.00, real=0.00 secs] 
399.482: [GC (Allocation Failure) [PSYoungGen: 68928K->1408K(69632K)] 329491K->261971K(753152K), 0.0018438 secs] [Times: user=0.01 sys=0.00, real=0.00 secs] 
399.796: [GC (Allocation Failure) [PSYoungGen: 68992K->1469K(69632K)] 329555K->262041K(753152K), 0.0014007 secs] [Times: user=0.01 sys=0.00, real=0.00 secs] 
400.189: [GC (Allocation Failure) [PSYoungGen: 69028K->1549K(69632K)] 329600K->262121K(753152K), 0.0014688 secs] [Times: user=0.01 sys=0.00, real=0.00 secs] 
400.583: [GC (Allocation Failure) [PSYoungGen: 69133K->1613K(69632K)] 329705K->262185K(753152K), 0.0014855 secs] [Times: user=0.00 sys=0.00, real=0.00 secs] 
400.975: [GC (Allocation Failure) [PSYoungGen: 69197K->1549K(69632K)] 329769K->262137K(753152K), 0.0016058 secs] [Times: user=0.01 sys=0.00, real=0.00 secs] 
401.544: [GC (Allocation Failure) [PSYoungGen: 69133K->1488K(69632K)] 329721K->262075K(753152K), 0.0015773 secs] [Times: user=0.00 sys=0.00, real=0.00 secs] 
402.169: [GC (Allocation Failure) [PSYoungGen: 69072K->1376K(69632K)] 329659K->261963K(753152K), 0.0016225 secs] [Times: user=0.00 sys=0.00, real=0.00 secs] 
402.736: [GC (Allocation Failure) [PSYoungGen: 68960K->1344K(69632K)] 329547K->261931K(753152K), 0.0017044 secs] [Times: user=0.01 sys=0.00, real=0.00 secs] 
403.328: [GC (Allocation Failure) [PSYoungGen: 68928K->1408K(69632K)] 329515K->261995K(753152K), 0.0019641 secs] [Times: user=0.01 sys=0.00, real=0.00 secs] 
403.864: [GC (Allocation Failure) [PSYoungGen: 68992K->1517K(69632K)] 329579K->262105K(753152K), 0.0015873 secs] [Times: user=0.01 sys=0.00, real=0.00 secs] 
404.259: [GC (Allocation Failure) [PSYoungGen: 69090K->1565K(69632K)] 329678K->262153K(753152K), 0.0015912 secs] [Times: user=0.00 sys=0.00, real=0.00 secs] 
404.653: [GC (Allocation Failure) [PSYoungGen: 69149K->1597K(69632K)] 329737K->262185K(753152K), 0.0015930 secs] [Times: user=0.01 sys=0.00, real=0.00 secs] 
405.049: [GC (Allocation Failure) [PSYoungGen: 69181K->1613K(69632K)] 329769K->262217K(753152K), 0.0016326 secs] [Times: user=0.00 sys=0.00, real=0.00 secs] 
405.540: [GC (Allocation Failure) [PSYoungGen: 69197K->1424K(69632K)] 329801K->262035K(753152K), 0.0018755 secs] [Times: user=0.01 sys=0.00, real=0.01 secs] 
406.006: [GC (Allocation Failure) [PSYoungGen: 69008K->1376K(69632K)] 329619K->261987K(753152K), 0.0019141 secs] [Times: user=0.00 sys=0.00, real=0.00 secs] 
406.557: [GC (Allocation Failure) [PSYoungGen: 68960K->1376K(69632K)] 329571K->261987K(753152K), 0.0019246 secs] [Times: user=0.00 sys=0.00, real=0.00 secs] 
407.129: [GC (Allocation Failure) [PSYoungGen: 68960K->1376K(69632K)] 329571K->261987K(753152K), 0.0018475 secs] [Times: user=0.01 sys=0.00, real=0.00 secs] 
407.623: [GC (Allocation Failure) [PSYoungGen: 68960K->1549K(69632K)] 329571K->262161K(753152K), 0.0015549 secs] [Times: user=0.01 sys=0.00, real=0.00 secs] 
408.075: [GC (Allocation Failure) [PSYoungGen: 69133K->1581K(69632K)] 329745K->262193K(753152K), 0.0016588 secs] [Times: user=0.01 sys=0.00, real=0.00 secs] 
408.468: [GC (Allocation Failure) [PSYoungGen: 69165K->1584K(69632K)] 329777K->262219K(753152K), 0.0014983 secs] [Times: user=0.00 sys=0.00, real=0.00 secs] 
408.860: [GC (Allocation Failure) [PSYoungGen: 69168K->1584K(69632K)] 329803K->262235K(753152K), 0.0017425 secs] [Times: user=0.01 sys=0.01, real=0.01 secs] 
409.191: [GC (Allocation Failure) [PSYoungGen: 69168K->1408K(69632K)] 329819K->262059K(753152K), 0.0019668 secs] [Times: user=0.01 sys=0.00, real=0.00 secs] 
409.472: [GC (Allocation Failure) [PSYoungGen: 68992K->1408K(69632K)] 329643K->262059K(753152K), 0.0018675 secs] [Times: user=0.01 sys=0.00, real=0.00 secs] 
409.753: [GC (Allocation Failure) [PSYoungGen: 68992K->1376K(69632K)] 329643K->262027K(753152K), 0.0019040 secs] [Times: user=0.01 sys=0.00, real=0.00 secs] 
410.081: [GC (Allocation Failure) [PSYoungGen: 68960K->1376K(69632K)] 329611K->262027K(753152K), 0.0019274 secs] [Times: user=0.01 sys=0.00, real=0.00 secs] 
410.512: [GC (Allocation Failure) [PSYoungGen: 68960K->1485K(69632K)] 329611K->262137K(753152K), 0.0014347 secs] [Times: user=0.01 sys=0.00, real=0.00 secs] 
410.905: [GC (Allocation Failure) [PSYoungGen: 69069K->1597K(69632K)] 329721K->262249K(753152K), 0.0014825 secs] [Times: user=0.00 sys=0.00, real=0.00 secs] 
411.297: [GC (Allocation Failure) [PSYoungGen: 69181K->1568K(69632K)] 329833K->262219K(753152K), 0.0014782 secs] [Times: user=0.00 sys=0.00, real=0.00 secs] 
411.780: [GC (Allocation Failure) [PSYoungGen: 69152K->1520K(69632K)] 329803K->262187K(753152K), 0.0017649 secs] [Times: user=0.01 sys=0.00, real=0.01 secs] 
412.071: [GC (Allocation Failure) [PSYoungGen: 69104K->1408K(69632K)] 329771K->262075K(753152K), 0.0017137 secs] [Times: user=0.01 sys=0.00, real=0.01 secs] 
412.397: [GC (Allocation Failure) [PSYoungGen: 68992K->1376K(69632K)] 329659K->262043K(753152K), 0.0017631 secs] [Times: user=0.01 sys=0.00, real=0.00 secs] 
412.678: [GC (Allocation Failure) [PSYoungGen: 68960K->1376K(69632K)] 329627K->262043K(753152K), 0.0016879 secs] [Times: user=0.01 sys=0.00, real=0.00 secs] 
413.113: [GC (Allocation Failure) [PSYoungGen: 68936K->1440K(69632K)] 329604K->262107K(753152K), 0.0020862 secs] [Times: user=0.01 sys=0.00, real=0.00 secs] 
413.552: [GC (Allocation Failure) [PSYoungGen: 69024K->1645K(69632K)] 329691K->262313K(753152K), 0.0014954 secs] [Times: user=0.01 sys=0.00, real=0.00 secs] 
413.945: [GC (Allocation Failure) [PSYoungGen: 69229K->1581K(69632K)] 329897K->262249K(753152K), 0.0014274 secs] [Times: user=0.01 sys=0.00, real=0.00 secs] 
414.402: [GC (Allocation Failure) [PSYoungGen: 69165K->1597K(69632K)] 329833K->262265K(753152K), 0.0014800 secs] [Times: user=0.00 sys=0.00, real=0.00 secs] 
415.392: [GC (Allocation Failure) [PSYoungGen: 69181K->1456K(69632K)] 329849K->262139K(753152K), 0.0034505 secs] [Times: user=0.01 sys=0.00, real=0.00 secs] 
415.803: [GC (Allocation Failure) [PSYoungGen: 69040K->1408K(69632K)] 329723K->262091K(753152K), 0.0017047 secs] [Times: user=0.01 sys=0.00, real=0.00 secs] 
416.314: [GC (Allocation Failure) [PSYoungGen: 68992K->1408K(69632K)] 329675K->262091K(753152K), 0.0017170 secs] [Times: user=0.01 sys=0.00, real=0.00 secs] 
416.932: [GC (Allocation Failure) [PSYoungGen: 68992K->1408K(69632K)] 329675K->262091K(753152K), 0.0033234 secs] [Times: user=0.01 sys=0.00, real=0.00 secs] 
417.815: [GC (Allocation Failure) [PSYoungGen: 68992K->1552K(69632K)] 329675K->262235K(753152K), 0.0018643 secs] [Times: user=0.01 sys=0.00, real=0.00 secs] 
418.237: [GC (Allocation Failure) [PSYoungGen: 69122K->1645K(69632K)] 329805K->262353K(753152K), 0.0015040 secs] [Times: user=0.00 sys=0.00, real=0.00 secs] 
418.632: [GC (Allocation Failure) [PSYoungGen: 69229K->1565K(69632K)] 329937K->262273K(753152K), 0.0015205 secs] [Times: user=0.01 sys=0.00, real=0.00 secs] 
419.025: [GC (Allocation Failure) [PSYoungGen: 69149K->1613K(69632K)] 329857K->262345K(753152K), 0.0016096 secs] [Times: user=0.01 sys=0.00, real=0.00 secs] 
419.360: [GC (Allocation Failure) [PSYoungGen: 69197K->1424K(69632K)] 329929K->262155K(753152K), 0.0024664 secs] [Times: user=0.01 sys=0.00, real=0.01 secs] 
419.685: [GC (Allocation Failure) [PSYoungGen: 69008K->1376K(69632K)] 329739K->262107K(753152K), 0.0019229 secs] [Times: user=0.00 sys=0.00, real=0.00 secs] 
420.003: [GC (Allocation Failure) [PSYoungGen: 68960K->1328K(69632K)] 329691K->262059K(753152K), 0.0015948 secs] [Times: user=0.00 sys=0.00, real=0.00 secs] 
420.283: [GC (Allocation Failure) [PSYoungGen: 68912K->1440K(69632K)] 329643K->262171K(753152K), 0.0017821 secs] [Times: user=0.01 sys=0.00, real=0.00 secs] 
420.909: [GC (Allocation Failure) [PSYoungGen: 69024K->1549K(69632K)] 329755K->262281K(753152K), 0.0014043 secs] [Times: user=0.00 sys=0.00, real=0.00 secs] 
421.302: [GC (Allocation Failure) [PSYoungGen: 69133K->1536K(69632K)] 329865K->262267K(753152K), 0.0016931 secs] [Times: user=0.01 sys=0.00, real=0.00 secs] 
421.756: [GC (Allocation Failure) [PSYoungGen: 69120K->1581K(69632K)] 329851K->262313K(753152K), 0.0015099 secs] [Times: user=0.01 sys=0.00, real=0.00 secs] 
422.204: [GC (Allocation Failure) [PSYoungGen: 69165K->1581K(69632K)] 329897K->262329K(753152K), 0.0017151 secs] [Times: user=0.01 sys=0.00, real=0.00 secs] 
423.299: [GC (Allocation Failure) [PSYoungGen: 69165K->1472K(69632K)] 329913K->262227K(753152K), 0.0026445 secs] [Times: user=0.01 sys=0.00, real=0.01 secs] 
423.574: [GC (Allocation Failure) [PSYoungGen: 69056K->1376K(69632K)] 329811K->262131K(753152K), 0.0016467 secs] [Times: user=0.00 sys=0.00, real=0.00 secs] 
423.854: [GC (Allocation Failure) [PSYoungGen: 68960K->1344K(69632K)] 329715K->262099K(753152K), 0.0017392 secs] [Times: user=0.00 sys=0.00, real=0.00 secs] 
424.174: [GC (Allocation Failure) [PSYoungGen: 68928K->1376K(69632K)] 329683K->262131K(753152K), 0.0019872 secs] [Times: user=0.01 sys=0.00, real=0.00 secs] 
424.584: [GC (Allocation Failure) [PSYoungGen: 68932K->1549K(69632K)] 329688K->262305K(753152K), 0.0014551 secs] [Times: user=0.00 sys=0.00, real=0.00 secs] 
425.036: [GC (Allocation Failure) [PSYoungGen: 69133K->1645K(69632K)] 329889K->262401K(753152K), 0.0014734 secs] [Times: user=0.01 sys=0.00, real=0.00 secs] 
425.490: [GC (Allocation Failure) [PSYoungGen: 69229K->1581K(69632K)] 329985K->262337K(753152K), 0.0017239 secs] [Times: user=0.01 sys=0.00, real=0.01 secs] 
425.932: [GC (Allocation Failure) [PSYoungGen: 69165K->2016K(69632K)] 329921K->262779K(753152K), 0.0016885 secs] [Times: user=0.01 sys=0.00, real=0.00 secs] 
426.867: [GC (Allocation Failure) [PSYoungGen: 69600K->1376K(69632K)] 330363K->262139K(753152K), 0.0034824 secs] [Times: user=0.01 sys=0.00, real=0.00 secs] 
427.814: [GC (Allocation Failure) [PSYoungGen: 68960K->1376K(69632K)] 329723K->262139K(753152K), 0.0034864 secs] [Times: user=0.02 sys=0.00, real=0.00 secs] 
428.466: [GC (Allocation Failure) [PSYoungGen: 68960K->1408K(69632K)] 329723K->262171K(753152K), 0.0024619 secs] [Times: user=0.01 sys=0.00, real=0.00 secs] 
429.015: [GC (Allocation Failure) [PSYoungGen: 68992K->1408K(69632K)] 329755K->262195K(753152K), 0.0028779 secs] [Times: user=0.01 sys=0.00, real=0.00 secs] 
429.532: [GC (Allocation Failure) [PSYoungGen: 68992K->1581K(69632K)] 329779K->262369K(753152K), 0.0014627 secs] [Times: user=0.00 sys=0.00, real=0.00 secs] 
429.927: [GC (Allocation Failure) [PSYoungGen: 69139K->1533K(69632K)] 329927K->262321K(753152K), 0.0015251 secs] [Times: user=0.01 sys=0.00, real=0.00 secs] 
430.322: [GC (Allocation Failure) [PSYoungGen: 69117K->1549K(69632K)] 329905K->262337K(753152K), 0.0014917 secs] [Times: user=0.01 sys=0.00, real=0.00 secs] 
430.728: [GC (Allocation Failure) [PSYoungGen: 69133K->1472K(69632K)] 329921K->262275K(753152K), 0.0017575 secs] [Times: user=0.01 sys=0.00, real=0.00 secs] 
431.186: [GC (Allocation Failure) [PSYoungGen: 69056K->1376K(69632K)] 329859K->262179K(753152K), 0.0015683 secs] [Times: user=0.00 sys=0.00, real=0.00 secs] 
431.712: [GC (Allocation Failure) [PSYoungGen: 68960K->1408K(69632K)] 329763K->262211K(753152K), 0.0017014 secs] [Times: user=0.01 sys=0.00, real=0.00 secs] 
432.286: [GC (Allocation Failure) [PSYoungGen: 68992K->1376K(69632K)] 329795K->262179K(753152K), 0.0016999 secs] [Times: user=0.01 sys=0.00, real=0.00 secs] 
432.918: [GC (Allocation Failure) [PSYoungGen: 68960K->1469K(69632K)] 329763K->262281K(753152K), 0.0018124 secs] [Times: user=0.00 sys=0.00, real=0.00 secs] 
433.396: [GC (Allocation Failure) [PSYoungGen: 69029K->1584K(69632K)] 329841K->262395K(753152K), 0.0017203 secs] [Times: user=0.01 sys=0.00, real=0.00 secs] 
433.791: [GC (Allocation Failure) [PSYoungGen: 69168K->1581K(69632K)] 329979K->262393K(753152K), 0.0015039 secs] [Times: user=0.01 sys=0.00, real=0.01 secs] 
434.185: [GC (Allocation Failure) [PSYoungGen: 69165K->1613K(69632K)] 329977K->262441K(753152K), 0.0015433 secs] [Times: user=0.00 sys=0.00, real=0.00 secs] 
434.518: [GC (Allocation Failure) [PSYoungGen: 69197K->1488K(69632K)] 330025K->262315K(753152K), 0.0019594 secs] [Times: user=0.01 sys=0.00, real=0.00 secs] 
434.800: [GC (Allocation Failure) [PSYoungGen: 69072K->1328K(69632K)] 329899K->262155K(753152K), 0.0016551 secs] [Times: user=0.00 sys=0.00, real=0.00 secs] 
435.080: [GC (Allocation Failure) [PSYoungGen: 68912K->1376K(69632K)] 329739K->262203K(753152K), 0.0017971 secs] [Times: user=0.00 sys=0.00, real=0.01 secs] 
435.360: [GC (Allocation Failure) [PSYoungGen: 68960K->1376K(69632K)] 329787K->262203K(753152K), 0.0017172 secs] [Times: user=0.01 sys=0.00, real=0.01 secs] 
435.704: [GC (Allocation Failure) [PSYoungGen: 68960K->1485K(69632K)] 329787K->262313K(753152K), 0.0014796 secs] [Times: user=0.01 sys=0.00, real=0.00 secs] 
436.158: [GC (Allocation Failure) [PSYoungGen: 69069K->1648K(69632K)] 329897K->262475K(753152K), 0.0017022 secs] [Times: user=0.01 sys=0.00, real=0.00 secs] 
436.553: [GC (Allocation Failure) [PSYoungGen: 69232K->1613K(69632K)] 330059K->262441K(753152K), 0.0015556 secs] [Times: user=0.00 sys=0.00, real=0.00 secs] 
436.947: [GC (Allocation Failure) [PSYoungGen: 69197K->1581K(69632K)] 330025K->262433K(753152K), 0.0015323 secs] [Times: user=0.00 sys=0.00, real=0.00 secs] 
438.307: [GC (Allocation Failure) [PSYoungGen: 69165K->1456K(69632K)] 330017K->262331K(753152K), 0.0036973 secs] [Times: user=0.01 sys=0.00, real=0.00 secs] 
439.033: [GC (Allocation Failure) [PSYoungGen: 69040K->1376K(69632K)] 329915K->262251K(753152K), 0.0031045 secs] [Times: user=0.02 sys=0.00, real=0.00 secs] 
439.322: [GC (Allocation Failure) [PSYoungGen: 68960K->1376K(69632K)] 329835K->262251K(753152K), 0.0021226 secs] [Times: user=0.01 sys=0.00, real=0.00 secs] 
439.632: [GC (Allocation Failure) [PSYoungGen: 68960K->1376K(69632K)] 329835K->262251K(753152K), 0.0019246 secs] [Times: user=0.01 sys=0.00, real=0.00 secs] 
440.066: [GC (Allocation Failure) [PSYoungGen: 68937K->1549K(69632K)] 329813K->262425K(753152K), 0.0014736 secs] [Times: user=0.00 sys=0.00, real=0.00 secs] 
440.520: [GC (Allocation Failure) [PSYoungGen: 69133K->1645K(69632K)] 330009K->262521K(753152K), 0.0015100 secs] [Times: user=0.01 sys=0.00, real=0.01 secs] 
440.912: [GC (Allocation Failure) [PSYoungGen: 69229K->1616K(69632K)] 330105K->262499K(753152K), 0.0015098 secs] [Times: user=0.00 sys=0.00, real=0.00 secs] 
441.308: [GC (Allocation Failure) [PSYoungGen: 69200K->288K(69632K)] 330083K->261187K(753152K), 0.0015066 secs] [Times: user=0.01 sys=0.00, real=0.00 secs] 
442.254: [GC (Allocation Failure) [PSYoungGen: 67872K->1376K(69632K)] 328771K->262275K(753152K), 0.0018616 secs] [Times: user=0.01 sys=0.00, real=0.00 secs] 
443.290: [GC (Allocation Failure) [PSYoungGen: 68960K->1376K(69632K)] 329859K->262275K(753152K), 0.0024845 secs] [Times: user=0.00 sys=0.00, real=0.01 secs] 
443.778: [GC (Allocation Failure) [PSYoungGen: 68960K->1376K(69632K)] 329859K->262275K(753152K), 0.0017194 secs] [Times: user=0.00 sys=0.00, real=0.00 secs] 
444.279: [GC (Allocation Failure) [PSYoungGen: 68960K->1344K(69632K)] 329859K->262243K(753152K), 0.0017139 secs] [Times: user=0.00 sys=0.00, real=0.00 secs] 
444.749: [GC (Allocation Failure) [PSYoungGen: 68928K->1597K(69632K)] 329827K->262497K(753152K), 0.0014637 secs] [Times: user=0.00 sys=0.00, real=0.00 secs] 
445.142: [GC (Allocation Failure) [PSYoungGen: 69181K->1613K(69632K)] 330081K->262513K(753152K), 0.0015309 secs] [Times: user=0.01 sys=0.00, real=0.00 secs] 
445.538: [GC (Allocation Failure) [PSYoungGen: 69197K->1581K(69632K)] 330097K->262481K(753152K), 0.0015568 secs] [Times: user=0.00 sys=0.00, real=0.00 secs] 
445.936: [GC (Allocation Failure) [PSYoungGen: 69165K->1472K(69632K)] 330065K->262379K(753152K), 0.0016764 secs] [Times: user=0.00 sys=0.00, real=0.00 secs] 
446.227: [GC (Allocation Failure) [PSYoungGen: 69056K->1408K(69632K)] 329963K->262315K(753152K), 0.0014851 secs] [Times: user=0.01 sys=0.00, real=0.00 secs] 
446.539: [GC (Allocation Failure) [PSYoungGen: 68992K->1392K(69632K)] 329899K->262299K(753152K), 0.0014843 secs] [Times: user=0.01 sys=0.00, real=0.00 secs] 
446.820: [GC (Allocation Failure) [PSYoungGen: 68976K->1376K(69632K)] 329883K->262283K(753152K), 0.0014986 secs] [Times: user=0.01 sys=0.00, real=0.01 secs] 
447.142: [GC (Allocation Failure) [PSYoungGen: 68960K->1469K(69632K)] 329867K->262377K(753152K), 0.0015234 secs] [Times: user=0.01 sys=0.00, real=0.00 secs] 
447.598: [GC (Allocation Failure) [PSYoungGen: 69036K->1613K(69632K)] 329944K->262521K(753152K), 0.0017244 secs] [Times: user=0.01 sys=0.00, real=0.00 secs] 
448.050: [GC (Allocation Failure) [PSYoungGen: 69197K->1549K(69632K)] 330105K->262481K(753152K), 0.0014979 secs] [Times: user=0.01 sys=0.00, real=0.01 secs] 
448.503: [GC (Allocation Failure) [PSYoungGen: 69133K->1645K(69632K)] 330065K->262577K(753152K), 0.0016613 secs] [Times: user=0.01 sys=0.00, real=0.00 secs] 
449.096: [GC (Allocation Failure) [PSYoungGen: 69229K->1456K(69632K)] 330161K->262387K(753152K), 0.0032721 secs] [Times: user=0.02 sys=0.00, real=0.00 secs] 
449.965: [GC (Allocation Failure) [PSYoungGen: 69040K->1408K(69632K)] 329971K->262339K(753152K), 0.0032450 secs] [Times: user=0.02 sys=0.00, real=0.00 secs] 
450.951: [GC (Allocation Failure) [PSYoungGen: 68992K->1376K(69632K)] 329923K->262315K(753152K), 0.0033177 secs] [Times: user=0.01 sys=0.00, real=0.01 secs] 
451.826: [GC (Allocation Failure) [PSYoungGen: 68960K->1376K(69632K)] 329899K->262315K(753152K), 0.0029405 secs] [Times: user=0.01 sys=0.00, real=0.00 secs] 
452.583: [GC (Allocation Failure) [PSYoungGen: 68960K->1453K(69632K)] 329899K->262393K(753152K), 0.0015389 secs] [Times: user=0.00 sys=0.00, real=0.00 secs] 
452.975: [GC (Allocation Failure) [PSYoungGen: 69029K->1581K(69632K)] 329969K->262521K(753152K), 0.0016827 secs] [Times: user=0.01 sys=0.00, real=0.00 secs] 
453.370: [GC (Allocation Failure) [PSYoungGen: 69165K->1616K(69632K)] 330105K->262555K(753152K), 0.0014956 secs] [Times: user=0.00 sys=0.00, real=0.01 secs] 
453.834: [GC (Allocation Failure) [PSYoungGen: 69200K->1613K(69632K)] 330139K->262577K(753152K), 0.0014923 secs] [Times: user=0.00 sys=0.00, real=0.00 secs] 
454.400: [GC (Allocation Failure) [PSYoungGen: 69197K->1440K(69632K)] 330161K->262403K(753152K), 0.0026403 secs] [Times: user=0.01 sys=0.00, real=0.01 secs] 
455.012: [GC (Allocation Failure) [PSYoungGen: 69024K->1344K(69632K)] 329987K->262307K(753152K), 0.0027293 secs] [Times: user=0.01 sys=0.00, real=0.00 secs] 
455.611: [GC (Allocation Failure) [PSYoungGen: 68928K->1376K(69632K)] 329891K->262339K(753152K), 0.0026380 secs] [Times: user=0.01 sys=0.00, real=0.00 secs] 
456.049: [GC (Allocation Failure) [PSYoungGen: 68960K->1408K(69632K)] 329923K->262371K(753152K), 0.0022640 secs] [Times: user=0.01 sys=0.00, real=0.00 secs] 
456.557: [GC (Allocation Failure) [PSYoungGen: 68992K->1517K(69632K)] 329955K->262481K(753152K), 0.0015227 secs] [Times: user=0.00 sys=0.00, real=0.00 secs] 
456.952: [GC (Allocation Failure) [PSYoungGen: 69101K->1536K(69632K)] 330065K->262499K(753152K), 0.0014999 secs] [Times: user=0.01 sys=0.00, real=0.00 secs] 
457.343: [GC (Allocation Failure) [PSYoungGen: 69120K->1536K(69632K)] 330083K->262499K(753152K), 0.0015680 secs] [Times: user=0.01 sys=0.00, real=0.00 secs] 
457.736: [GC (Allocation Failure) [PSYoungGen: 69120K->1581K(69632K)] 330083K->262561K(753152K), 0.0015024 secs] [Times: user=0.01 sys=0.00, real=0.00 secs] 
458.084: [GC (Allocation Failure) [PSYoungGen: 69165K->1440K(69632K)] 330145K->262427K(753152K), 0.0017069 secs] [Times: user=0.01 sys=0.00, real=0.00 secs] 
458.428: [GC (Allocation Failure) [PSYoungGen: 69024K->1408K(69632K)] 330011K->262419K(753152K), 0.0017468 secs] [Times: user=0.01 sys=0.00, real=0.00 secs] 
458.788: [GC (Allocation Failure) [PSYoungGen: 68992K->1376K(69632K)] 330003K->262387K(753152K), 0.0017524 secs] [Times: user=0.00 sys=0.00, real=0.00 secs] 
459.397: [GC (Allocation Failure) [PSYoungGen: 68960K->1360K(69632K)] 329971K->262371K(753152K), 0.0021461 secs] [Times: user=0.00 sys=0.00, real=0.00 secs] 
459.928: [GC (Allocation Failure) [PSYoungGen: 68918K->1549K(69632K)] 329929K->262561K(753152K), 0.0014334 secs] [Times: user=0.01 sys=0.00, real=0.00 secs] 
460.323: [GC (Allocation Failure) [PSYoungGen: 69133K->1584K(69632K)] 330145K->262595K(753152K), 0.0014816 secs] [Times: user=0.01 sys=0.00, real=0.00 secs] 
460.715: [GC (Allocation Failure) [PSYoungGen: 69168K->1533K(69632K)] 330179K->262545K(753152K), 0.0015903 secs] [Times: user=0.00 sys=0.00, real=0.00 secs] 
461.261: [GC (Allocation Failure) [PSYoungGen: 69117K->1536K(69632K)] 330129K->262547K(753152K), 0.0019505 secs] [Times: user=0.01 sys=0.00, real=0.00 secs] 
461.945: [GC (Allocation Failure) [PSYoungGen: 69120K->1408K(69632K)] 330131K->262419K(753152K), 0.0021447 secs] [Times: user=0.01 sys=0.00, real=0.00 secs] 
462.564: [GC (Allocation Failure) [PSYoungGen: 68992K->1376K(69632K)] 330003K->262387K(753152K), 0.0021916 secs] [Times: user=0.00 sys=0.00, real=0.00 secs] 
462.929: [GC (Allocation Failure) [PSYoungGen: 68960K->1344K(69632K)] 329971K->262355K(753152K), 0.0018879 secs] [Times: user=0.01 sys=0.00, real=0.00 secs] 
463.251: [GC (Allocation Failure) [PSYoungGen: 68928K->1392K(69632K)] 329939K->262403K(753152K), 0.0017882 secs] [Times: user=0.01 sys=0.00, real=0.01 secs] 
463.729: [GC (Allocation Failure) [PSYoungGen: 68976K->1584K(69632K)] 329987K->262595K(753152K), 0.0014309 secs] [Times: user=0.00 sys=0.00, real=0.00 secs] 
464.132: [GC (Allocation Failure) [PSYoungGen: 69168K->1613K(69632K)] 330179K->262625K(753152K), 0.0014863 secs] [Times: user=0.01 sys=0.00, real=0.00 secs] 
464.527: [GC (Allocation Failure) [PSYoungGen: 69197K->1581K(69632K)] 330209K->262593K(753152K), 0.0015554 secs] [Times: user=0.00 sys=0.00, real=0.00 secs] 
465.190: [GC (Allocation Failure) [PSYoungGen: 69165K->1504K(69632K)] 330177K->262523K(753152K), 0.0016354 secs] [Times: user=0.00 sys=0.00, real=0.01 secs] 
465.599: [GC (Allocation Failure) [PSYoungGen: 69088K->1440K(69632K)] 330107K->262459K(753152K), 0.0017527 secs] [Times: user=0.01 sys=0.00, real=0.00 secs] 
465.880: [GC (Allocation Failure) [PSYoungGen: 69024K->1376K(69632K)] 330043K->262395K(753152K), 0.0017788 secs] [Times: user=0.01 sys=0.00, real=0.01 secs] 
466.188: [GC (Allocation Failure) [PSYoungGen: 68960K->1360K(69632K)] 329979K->262379K(753152K), 0.0016644 secs] [Times: user=0.00 sys=0.00, real=0.00 secs] 
466.517: [GC (Allocation Failure) [PSYoungGen: 68944K->1469K(69632K)] 329963K->262489K(753152K), 0.0014507 secs] [Times: user=0.00 sys=0.00, real=0.00 secs] 
466.915: [GC (Allocation Failure) [PSYoungGen: 69053K->1565K(69632K)] 330073K->262585K(753152K), 0.0014602 secs] [Times: user=0.00 sys=0.00, real=0.00 secs] 
467.313: [GC (Allocation Failure) [PSYoungGen: 69149K->1597K(69632K)] 330169K->262617K(753152K), 0.0014347 secs] [Times: user=0.01 sys=0.00, real=0.00 secs] 
467.706: [GC (Allocation Failure) [PSYoungGen: 69181K->1645K(69632K)] 330201K->262689K(753152K), 0.0014680 secs] [Times: user=0.01 sys=0.00, real=0.00 secs] 
468.291: [GC (Allocation Failure) [PSYoungGen: 69229K->1456K(69632K)] 330273K->262507K(753152K), 0.0021500 secs] [Times: user=0.01 sys=0.00, real=0.01 secs] 
468.735: [GC (Allocation Failure) [PSYoungGen: 69040K->1408K(69632K)] 330091K->262459K(753152K), 0.0017677 secs] [Times: user=0.00 sys=0.00, real=0.00 secs] 
469.047: [GC (Allocation Failure) [PSYoungGen: 68992K->1344K(69632K)] 330043K->262395K(753152K), 0.0018119 secs] [Times: user=0.00 sys=0.00, real=0.00 secs] 
469.328: [GC (Allocation Failure) [PSYoungGen: 68928K->1344K(69632K)] 329979K->262395K(753152K), 0.0017325 secs] [Times: user=0.00 sys=0.00, real=0.00 secs] 
469.847: [GC (Allocation Failure) [PSYoungGen: 68928K->1501K(69632K)] 329979K->262553K(753152K), 0.0014525 secs] [Times: user=0.01 sys=0.00, real=0.00 secs] 
470.296: [GC (Allocation Failure) [PSYoungGen: 69085K->1613K(69632K)] 330137K->262665K(753152K), 0.0014576 secs] [Times: user=0.01 sys=0.00, real=0.00 secs] 
470.758: [GC (Allocation Failure) [PSYoungGen: 69197K->1581K(69632K)] 330249K->262633K(753152K), 0.0016990 secs] [Times: user=0.01 sys=0.00, real=0.00 secs] 
471.151: [GC (Allocation Failure) [PSYoungGen: 69165K->1597K(69632K)] 330217K->262673K(753152K), 0.0015972 secs] [Times: user=0.01 sys=0.00, real=0.00 secs] 
471.792: [GC (Allocation Failure) [PSYoungGen: 69181K->1440K(69632K)] 330257K->262515K(753152K), 0.0027365 secs] [Times: user=0.01 sys=0.00, real=0.00 secs] 
472.334: [GC (Allocation Failure) [PSYoungGen: 69024K->1440K(69632K)] 330099K->262515K(753152K), 0.0028243 secs] [Times: user=0.01 sys=0.00, real=0.00 secs] 
472.897: [GC (Allocation Failure) [PSYoungGen: 69024K->1440K(69632K)] 330099K->262515K(753152K), 0.0023880 secs] [Times: user=0.01 sys=0.00, real=0.00 secs] 
473.427: [GC (Allocation Failure) [PSYoungGen: 69024K->1376K(69632K)] 330099K->262451K(753152K), 0.0025457 secs] [Times: user=0.01 sys=0.00, real=0.00 secs] 
473.836: [GC (Allocation Failure) [PSYoungGen: 68945K->1581K(69632K)] 330021K->262657K(753152K), 0.0014107 secs] [Times: user=0.00 sys=0.00, real=0.00 secs] 
474.242: [GC (Allocation Failure) [PSYoungGen: 69165K->1645K(69632K)] 330241K->262721K(753152K), 0.0014404 secs] [Times: user=0.01 sys=0.00, real=0.00 secs] 
474.701: [GC (Allocation Failure) [PSYoungGen: 69229K->1613K(69632K)] 330305K->262689K(753152K), 0.0014776 secs] [Times: user=0.00 sys=0.00, real=0.01 secs] 
475.183: [GC (Allocation Failure) [PSYoungGen: 69197K->1696K(69632K)] 330273K->262787K(753152K), 0.0016677 secs] [Times: user=0.01 sys=0.00, real=0.00 secs] 
476.060: [GC (Allocation Failure) [PSYoungGen: 69280K->1408K(69632K)] 330371K->262499K(753152K), 0.0035191 secs] [Times: user=0.02 sys=0.00, real=0.01 secs] 
476.454: [GC (Allocation Failure) [PSYoungGen: 68992K->1408K(69632K)] 330083K->262499K(753152K), 0.0019501 secs] [Times: user=0.00 sys=0.00, real=0.00 secs] 
476.735: [GC (Allocation Failure) [PSYoungGen: 68992K->1408K(69632K)] 330083K->262499K(753152K), 0.0018400 secs] [Times: user=0.01 sys=0.00, real=0.00 secs] 
477.146: [GC (Allocation Failure) [PSYoungGen: 68992K->1408K(69632K)] 330083K->262499K(753152K), 0.0018736 secs] [Times: user=0.00 sys=0.00, real=0.00 secs] 
477.742: [GC (Allocation Failure) [PSYoungGen: 68992K->1581K(69632K)] 330083K->262673K(753152K), 0.0014990 secs] [Times: user=0.00 sys=0.00, real=0.00 secs] 
478.194: [GC (Allocation Failure) [PSYoungGen: 69165K->1645K(69632K)] 330257K->262737K(753152K), 0.0015010 secs] [Times: user=0.00 sys=0.00, real=0.00 secs] 
478.587: [GC (Allocation Failure) [PSYoungGen: 69229K->1584K(69632K)] 330321K->262699K(753152K), 0.0016915 secs] [Times: user=0.01 sys=0.00, real=0.00 secs] 
479.087: [GC (Allocation Failure) [PSYoungGen: 69168K->1504K(69632K)] 330283K->262627K(753152K), 0.0021170 secs] [Times: user=0.01 sys=0.00, real=0.00 secs] 
479.850: [GC (Allocation Failure) [PSYoungGen: 69088K->1408K(69632K)] 330211K->262531K(753152K), 0.0034519 secs] [Times: user=0.01 sys=0.00, real=0.01 secs] 
480.716: [GC (Allocation Failure) [PSYoungGen: 68992K->1376K(69632K)] 330115K->262499K(753152K), 0.0034684 secs] [Times: user=0.02 sys=0.00, real=0.00 secs] 
481.418: [GC (Allocation Failure) [PSYoungGen: 68960K->1440K(69632K)] 330083K->262563K(753152K), 0.0037113 secs] [Times: user=0.02 sys=0.00, real=0.01 secs] 
481.810: [GC (Allocation Failure) [PSYoungGen: 69024K->1424K(69632K)] 330147K->262547K(753152K), 0.0021087 secs] [Times: user=0.01 sys=0.00, real=0.01 secs] 
482.241: [GC (Allocation Failure) [PSYoungGen: 68990K->1581K(69632K)] 330114K->262705K(753152K), 0.0015077 secs] [Times: user=0.01 sys=0.01, real=0.01 secs] 
482.636: [GC (Allocation Failure) [PSYoungGen: 69165K->1581K(69632K)] 330289K->262705K(753152K), 0.0015300 secs] [Times: user=0.00 sys=0.00, real=0.00 secs] 
483.029: [GC (Allocation Failure) [PSYoungGen: 69165K->1581K(69632K)] 330289K->262721K(753152K), 0.0014862 secs] [Times: user=0.00 sys=0.00, real=0.00 secs] 
484.512: [GC (Allocation Failure) [PSYoungGen: 69165K->1472K(69632K)] 330305K->262611K(753152K), 0.0026813 secs] [Times: user=0.01 sys=0.00, real=0.00 secs] 
485.379: [GC (Allocation Failure) [PSYoungGen: 69056K->1408K(69632K)] 330195K->262547K(753152K), 0.0027519 secs] [Times: user=0.01 sys=0.00, real=0.01 secs] 
485.924: [GC (Allocation Failure) [PSYoungGen: 68992K->1408K(69632K)] 330131K->262547K(753152K), 0.0021318 secs] [Times: user=0.01 sys=0.00, real=0.00 secs] 
486.205: [GC (Allocation Failure) [PSYoungGen: 68992K->1312K(69632K)] 330131K->262451K(753152K), 0.0015707 secs] [Times: user=0.01 sys=0.00, real=0.00 secs] 
486.543: [GC (Allocation Failure) [PSYoungGen: 68896K->1453K(69632K)] 330035K->262601K(753152K), 0.0014648 secs] [Times: user=0.00 sys=0.00, real=0.00 secs] 
486.939: [GC (Allocation Failure) [PSYoungGen: 69037K->1597K(69632K)] 330185K->262745K(753152K), 0.0014686 secs] [Times: user=0.00 sys=0.00, real=0.00 secs] 
487.334: [GC (Allocation Failure) [PSYoungGen: 69181K->1613K(69632K)] 330329K->262761K(753152K), 0.0014944 secs] [Times: user=0.01 sys=0.00, real=0.00 secs] 
487.727: [GC (Allocation Failure) [PSYoungGen: 69197K->1584K(69632K)] 330345K->262763K(753152K), 0.0014920 secs] [Times: user=0.00 sys=0.00, real=0.00 secs] 
488.415: [GC (Allocation Failure) [PSYoungGen: 69168K->1472K(69632K)] 330347K->262651K(753152K), 0.0019578 secs] [Times: user=0.01 sys=0.00, real=0.00 secs] 
489.056: [GC (Allocation Failure) [PSYoungGen: 69056K->1360K(69632K)] 330235K->262539K(753152K), 0.0035147 secs] [Times: user=0.02 sys=0.00, real=0.00 secs] 
489.515: [GC (Allocation Failure) [PSYoungGen: 68944K->1344K(69632K)] 330123K->262547K(753152K), 0.0021030 secs] [Times: user=0.01 sys=0.00, real=0.00 secs] 
489.978: [GC (Allocation Failure) [PSYoungGen: 68928K->1408K(69632K)] 330131K->262619K(753152K), 0.0028065 secs] [Times: user=0.01 sys=0.00, real=0.00 secs] 
490.480: [GC (Allocation Failure) [PSYoungGen: 68992K->1549K(69632K)] 330203K->262761K(753152K), 0.0015126 secs] [Times: user=0.00 sys=0.00, real=0.01 secs] 
490.873: [GC (Allocation Failure) [PSYoungGen: 69133K->1533K(69632K)] 330345K->262753K(753152K), 0.0014520 secs] [Times: user=0.00 sys=0.00, real=0.00 secs] 
491.265: [GC (Allocation Failure) [PSYoungGen: 69117K->1536K(69632K)] 330337K->262755K(753152K), 0.0014498 secs] [Times: user=0.00 sys=0.00, real=0.00 secs] 
491.717: [GC (Allocation Failure) [PSYoungGen: 69120K->1584K(69632K)] 330339K->262819K(753152K), 0.0015134 secs] [Times: user=0.01 sys=0.00, real=0.00 secs] 
492.746: [GC (Allocation Failure) [PSYoungGen: 69168K->1424K(69632K)] 330403K->262667K(753152K), 0.0031826 secs] [Times: user=0.01 sys=0.00, real=0.00 secs] 
493.044: [GC (Allocation Failure) [PSYoungGen: 69008K->1424K(69632K)] 330251K->262675K(753152K), 0.0019535 secs] [Times: user=0.00 sys=0.00, real=0.00 secs] 
493.335: [GC (Allocation Failure) [PSYoungGen: 69008K->1408K(69632K)] 330259K->262659K(753152K), 0.0017867 secs] [Times: user=0.00 sys=0.00, real=0.00 secs] 
493.676: [GC (Allocation Failure) [PSYoungGen: 68992K->1408K(69632K)] 330243K->262667K(753152K), 0.0015855 secs] [Times: user=0.01 sys=0.00, real=0.00 secs] 
494.118: [GC (Allocation Failure) [PSYoungGen: 68992K->1533K(69632K)] 330251K->262793K(753152K), 0.0014636 secs] [Times: user=0.00 sys=0.00, real=0.00 secs] 
494.510: [GC (Allocation Failure) [PSYoungGen: 69117K->1616K(69632K)] 330377K->262883K(753152K), 0.0014935 secs] [Times: user=0.01 sys=0.00, real=0.00 secs] 
494.915: [GC (Allocation Failure) [PSYoungGen: 69200K->1581K(69632K)] 330467K->262849K(753152K), 0.0015009 secs] [Times: user=0.00 sys=0.00, real=0.00 secs] 
495.404: [GC (Allocation Failure) [PSYoungGen: 69165K->1536K(69632K)] 330433K->262803K(753152K), 0.0018731 secs] [Times: user=0.00 sys=0.00, real=0.00 secs] 
495.751: [GC (Allocation Failure) [PSYoungGen: 69120K->1440K(69632K)] 330387K->262707K(753152K), 0.0018153 secs] [Times: user=0.01 sys=0.00, real=0.00 secs] 
496.032: [GC (Allocation Failure) [PSYoungGen: 69024K->1408K(69632K)] 330291K->262683K(753152K), 0.0016607 secs] [Times: user=0.01 sys=0.00, real=0.00 secs] 
496.406: [GC (Allocation Failure) [PSYoungGen: 68992K->1440K(69632K)] 330267K->262715K(753152K), 0.0019003 secs] [Times: user=0.01 sys=0.00, real=0.00 secs] 
496.744: [GC (Allocation Failure) [PSYoungGen: 69024K->1453K(69632K)] 330299K->262729K(753152K), 0.0016371 secs] [Times: user=0.01 sys=0.00, real=0.00 secs] 
497.152: [GC (Allocation Failure) [PSYoungGen: 69037K->1613K(69632K)] 330313K->262913K(753152K), 0.0014692 secs] [Times: user=0.01 sys=0.00, real=0.00 secs] 
497.546: [GC (Allocation Failure) [PSYoungGen: 69197K->1581K(69632K)] 330497K->262881K(753152K), 0.0014814 secs] [Times: user=0.01 sys=0.00, real=0.00 secs] 
497.938: [GC (Allocation Failure) [PSYoungGen: 69165K->1645K(69632K)] 330465K->262945K(753152K), 0.0015197 secs] [Times: user=0.01 sys=0.00, real=0.00 secs] 
498.330: [GC (Allocation Failure) [PSYoungGen: 69229K->1472K(69632K)] 330529K->262787K(753152K), 0.0018278 secs] [Times: user=0.01 sys=0.00, real=0.01 secs] 
498.633: [GC (Allocation Failure) [PSYoungGen: 69056K->1408K(69632K)] 330371K->262723K(753152K), 0.0017251 secs] [Times: user=0.01 sys=0.00, real=0.00 secs] 
498.914: [GC (Allocation Failure) [PSYoungGen: 68992K->1328K(69632K)] 330307K->262643K(753152K), 0.0016132 secs] [Times: user=0.00 sys=0.00, real=0.00 secs] 
499.255: [GC (Allocation Failure) [PSYoungGen: 68912K->1408K(69632K)] 330227K->262723K(753152K), 0.0018034 secs] [Times: user=0.01 sys=0.00, real=0.00 secs] 
499.642: [GC (Allocation Failure) [PSYoungGen: 68969K->1440K(69632K)] 330285K->262755K(753152K), 0.0017089 secs] [Times: user=0.00 sys=0.00, real=0.00 secs] 
500.082: [GC (Allocation Failure) [PSYoungGen: 69024K->1613K(69632K)] 330339K->262929K(753152K), 0.0014983 secs] [Times: user=0.01 sys=0.00, real=0.00 secs] 
500.473: [GC (Allocation Failure) [PSYoungGen: 69197K->1552K(69632K)] 330513K->262867K(753152K), 0.0015110 secs] [Times: user=0.01 sys=0.00, real=0.00 secs] 
500.874: [GC (Allocation Failure) [PSYoungGen: 69136K->1584K(69632K)] 330451K->262915K(753152K), 0.0014802 secs] [Times: user=0.01 sys=0.00, real=0.00 secs] 
501.939: [GC (Allocation Failure) [PSYoungGen: 69168K->1440K(69632K)] 330499K->262771K(753152K), 0.0032446 secs] [Times: user=0.01 sys=0.00, real=0.01 secs] 
502.988: [GC (Allocation Failure) [PSYoungGen: 69024K->1376K(69632K)] 330355K->262707K(753152K), 0.0037426 secs] [Times: user=0.01 sys=0.00, real=0.01 secs] 
503.580: [GC (Allocation Failure) [PSYoungGen: 68960K->1376K(69632K)] 330291K->262707K(753152K), 0.0025065 secs] [Times: user=0.01 sys=0.00, real=0.01 secs] 
504.271: [GC (Allocation Failure) [PSYoungGen: 68960K->1408K(69632K)] 330291K->262739K(753152K), 0.0023430 secs] [Times: user=0.01 sys=0.00, real=0.01 secs] 
505.011: [GC (Allocation Failure) [PSYoungGen: 68962K->1520K(69632K)] 330294K->262851K(753152K), 0.0015101 secs] [Times: user=0.01 sys=0.00, real=0.00 secs] 
505.406: [GC (Allocation Failure) [PSYoungGen: 69104K->1613K(69632K)] 330435K->262945K(753152K), 0.0016935 secs] [Times: user=0.01 sys=0.00, real=0.00 secs] 
505.857: [GC (Allocation Failure) [PSYoungGen: 69197K->1645K(69632K)] 330529K->262977K(753152K), 0.0017080 secs] [Times: user=0.01 sys=0.00, real=0.00 secs] 
506.305: [GC (Allocation Failure) [PSYoungGen: 69229K->1597K(69632K)] 330561K->262953K(753152K), 0.0015130 secs] [Times: user=0.00 sys=0.00, real=0.00 secs] 
506.952: [GC (Allocation Failure) [PSYoungGen: 69181K->1440K(69632K)] 330537K->262795K(753152K), 0.0024692 secs] [Times: user=0.01 sys=0.01, real=0.00 secs] 
507.594: [GC (Allocation Failure) [PSYoungGen: 69024K->1408K(69632K)] 330379K->262763K(753152K), 0.0023010 secs] [Times: user=0.01 sys=0.00, real=0.00 secs] 
508.298: [GC (Allocation Failure) [PSYoungGen: 68992K->1440K(69632K)] 330347K->262795K(753152K), 0.0022297 secs] [Times: user=0.00 sys=0.00, real=0.00 secs] 
509.111: [GC (Allocation Failure) [PSYoungGen: 69024K->1344K(69632K)] 330379K->262699K(753152K), 0.0023296 secs] [Times: user=0.00 sys=0.00, real=0.00 secs] 
509.776: [GC (Allocation Failure) [PSYoungGen: 68928K->1565K(69632K)] 330283K->262921K(753152K), 0.0016048 secs] [Times: user=0.01 sys=0.00, real=0.00 secs] 
510.230: [GC (Allocation Failure) [PSYoungGen: 69149K->1613K(69632K)] 330505K->262969K(753152K), 0.0014590 secs] [Times: user=0.01 sys=0.00, real=0.00 secs] 
510.622: [GC (Allocation Failure) [PSYoungGen: 69197K->1581K(69632K)] 330553K->262961K(753152K), 0.0014599 secs] [Times: user=0.01 sys=0.00, real=0.00 secs] 
511.052: [GC (Allocation Failure) [PSYoungGen: 69165K->1760K(69632K)] 330545K->263139K(753152K), 0.0016396 secs] [Times: user=0.00 sys=0.00, real=0.00 secs] 
511.331: [GC (Allocation Failure) [PSYoungGen: 69344K->1408K(69632K)] 330723K->262787K(753152K), 0.0019052 secs] [Times: user=0.01 sys=0.00, real=0.00 secs] 
511.647: [GC (Allocation Failure) [PSYoungGen: 68992K->1408K(69632K)] 330371K->262787K(753152K), 0.0019017 secs] [Times: user=0.01 sys=0.00, real=0.00 secs] 
511.928: [GC (Allocation Failure) [PSYoungGen: 68992K->1376K(69632K)] 330371K->262755K(753152K), 0.0021010 secs] [Times: user=0.01 sys=0.00, real=0.00 secs] 
512.249: [GC (Allocation Failure) [PSYoungGen: 68960K->1376K(69632K)] 330339K->262755K(753152K), 0.0019086 secs] [Times: user=0.01 sys=0.00, real=0.01 secs] 
512.681: [GC (Allocation Failure) [PSYoungGen: 68960K->1581K(69632K)] 330339K->262961K(753152K), 0.0014338 secs] [Times: user=0.00 sys=0.00, real=0.00 secs] 
513.137: [GC (Allocation Failure) [PSYoungGen: 69165K->1616K(69632K)] 330545K->262995K(753152K), 0.0015480 secs] [Times: user=0.01 sys=0.00, real=0.00 secs] 
513.529: [GC (Allocation Failure) [PSYoungGen: 69200K->1565K(69632K)] 330579K->262945K(753152K), 0.0016404 secs] [Times: user=0.00 sys=0.00, real=0.00 secs] 
513.923: [GC (Allocation Failure) [PSYoungGen: 69149K->1504K(69632K)] 330529K->262883K(753152K), 0.0019389 secs] [Times: user=0.01 sys=0.00, real=0.00 secs] 
514.317: [GC (Allocation Failure) [PSYoungGen: 69088K->1376K(69632K)] 330467K->262755K(753152K), 0.0022634 secs] [Times: user=0.01 sys=0.00, real=0.00 secs] 
514.773: [GC (Allocation Failure) [PSYoungGen: 68960K->1408K(69632K)] 330339K->262787K(753152K), 0.0021605 secs] [Times: user=0.01 sys=0.00, real=0.00 secs] 
515.312: [GC (Allocation Failure) [PSYoungGen: 68992K->1408K(69632K)] 330371K->262787K(753152K), 0.0027883 secs] [Times: user=0.01 sys=0.00, real=0.00 secs] 
516.031: [GC (Allocation Failure) [PSYoungGen: 68992K->1424K(69632K)] 330371K->262803K(753152K), 0.0017223 secs] [Times: user=0.00 sys=0.00, real=0.01 secs] 
516.444: [GC (Allocation Failure) [PSYoungGen: 69008K->1581K(69632K)] 330387K->262961K(753152K), 0.0015596 secs] [Times: user=0.00 sys=0.00, real=0.00 secs] 
516.896: [GC (Allocation Failure) [PSYoungGen: 69165K->1581K(69632K)] 330545K->262961K(753152K), 0.0015217 secs] [Times: user=0.00 sys=0.00, real=0.00 secs] 
517.292: [GC (Allocation Failure) [PSYoungGen: 69165K->1584K(69632K)] 330545K->262995K(753152K), 0.0015453 secs] [Times: user=0.01 sys=0.00, real=0.00 secs] 
518.106: [GC (Allocation Failure) [PSYoungGen: 69168K->1488K(69632K)] 330579K->262899K(753152K), 0.0030874 secs] [Times: user=0.02 sys=0.00, real=0.00 secs] 
519.007: [GC (Allocation Failure) [PSYoungGen: 69072K->1376K(69632K)] 330483K->262787K(753152K), 0.0027977 secs] [Times: user=0.01 sys=0.00, real=0.00 secs] 
519.721: [GC (Allocation Failure) [PSYoungGen: 68960K->1360K(69632K)] 330371K->262771K(753152K), 0.0031724 secs] [Times: user=0.01 sys=0.00, real=0.01 secs] 
520.505: [GC (Allocation Failure) [PSYoungGen: 68944K->1376K(69632K)] 330355K->262787K(753152K), 0.0029768 secs] [Times: user=0.01 sys=0.00, real=0.00 secs] 
521.584: [GC (Allocation Failure) [PSYoungGen: 68960K->1469K(69632K)] 330371K->262881K(753152K), 0.0016149 secs] [Times: user=0.01 sys=0.00, real=0.00 secs] 
521.977: [GC (Allocation Failure) [PSYoungGen: 69053K->1645K(69632K)] 330465K->263057K(753152K), 0.0015405 secs] [Times: user=0.01 sys=0.00, real=0.00 secs] 
522.426: [GC (Allocation Failure) [PSYoungGen: 69229K->1645K(69632K)] 330641K->263057K(753152K), 0.0017908 secs] [Times: user=0.01 sys=0.00, real=0.00 secs] 
522.876: [GC (Allocation Failure) [PSYoungGen: 69229K->1616K(69632K)] 330641K->263043K(753152K), 0.0014956 secs] [Times: user=0.00 sys=0.00, real=0.00 secs] 
523.747: [GC (Allocation Failure) [PSYoungGen: 69200K->1440K(69632K)] 330627K->262867K(753152K), 0.0024137 secs] [Times: user=0.01 sys=0.00, real=0.00 secs] 
524.527: [GC (Allocation Failure) [PSYoungGen: 69024K->1440K(69632K)] 330451K->262867K(753152K), 0.0022623 secs] [Times: user=0.01 sys=0.00, real=0.00 secs] 
525.520: [GC (Allocation Failure) [PSYoungGen: 69024K->1408K(69632K)] 330451K->262835K(753152K), 0.0026211 secs] [Times: user=0.01 sys=0.00, real=0.01 secs] 
526.539: [GC (Allocation Failure) [PSYoungGen: 68992K->1408K(69632K)] 330419K->262835K(753152K), 0.0024701 secs] [Times: user=0.00 sys=0.00, real=0.01 secs] 
527.610: [GC (Allocation Failure) [PSYoungGen: 68992K->1549K(69632K)] 330419K->262977K(753152K), 0.0014517 secs] [Times: user=0.00 sys=0.00, real=0.00 secs] 
528.004: [GC (Allocation Failure) [PSYoungGen: 69133K->1552K(69632K)] 330561K->262979K(753152K), 0.0016792 secs] [Times: user=0.00 sys=0.00, real=0.00 secs] 
528.396: [GC (Allocation Failure) [PSYoungGen: 69136K->1613K(69632K)] 330563K->263041K(753152K), 0.0016917 secs] [Times: user=0.00 sys=0.00, real=0.00 secs] 
528.850: [GC (Allocation Failure) [PSYoungGen: 69197K->1581K(69632K)] 330625K->263033K(753152K), 0.0015089 secs] [Times: user=0.01 sys=0.00, real=0.01 secs] 
529.266: [GC (Allocation Failure) [PSYoungGen: 69165K->1440K(69632K)] 330617K->262891K(753152K), 0.0017241 secs] [Times: user=0.01 sys=0.00, real=0.00 secs] 
529.565: [GC (Allocation Failure) [PSYoungGen: 69024K->1376K(69632K)] 330475K->262827K(753152K), 0.0017779 secs] [Times: user=0.01 sys=0.00, real=0.00 secs] 
529.875: [GC (Allocation Failure) [PSYoungGen: 68960K->1344K(69632K)] 330411K->262795K(753152K), 0.0018705 secs] [Times: user=0.00 sys=0.00, real=0.00 secs] 
530.243: [GC (Allocation Failure) [PSYoungGen: 68928K->1344K(69632K)] 330379K->262819K(753152K), 0.0018122 secs] [Times: user=0.01 sys=0.00, real=0.00 secs] 
530.656: [GC (Allocation Failure) [PSYoungGen: 68896K->1549K(69632K)] 330372K->263025K(753152K), 0.0014342 secs] [Times: user=0.00 sys=0.00, real=0.00 secs] 
531.049: [GC (Allocation Failure) [PSYoungGen: 69133K->1613K(69632K)] 330609K->263089K(753152K), 0.0015078 secs] [Times: user=0.01 sys=0.00, real=0.00 secs] 
531.442: [GC (Allocation Failure) [PSYoungGen: 69197K->1584K(69632K)] 330673K->263059K(753152K), 0.0014628 secs] [Times: user=0.01 sys=0.00, real=0.00 secs] 
531.913: [GC (Allocation Failure) [PSYoungGen: 69168K->1536K(69632K)] 330643K->263011K(753152K), 0.0018613 secs] [Times: user=0.00 sys=0.00, real=0.00 secs] 
532.279: [GC (Allocation Failure) [PSYoungGen: 69120K->1376K(69632K)] 330595K->262851K(753152K), 0.0018161 secs] [Times: user=0.01 sys=0.00, real=0.00 secs] 
532.569: [GC (Allocation Failure) [PSYoungGen: 68960K->1408K(69632K)] 330435K->262883K(753152K), 0.0017915 secs] [Times: user=0.01 sys=0.00, real=0.00 secs] 
532.886: [GC (Allocation Failure) [PSYoungGen: 68992K->1440K(69632K)] 330467K->262915K(753152K), 0.0017642 secs] [Times: user=0.00 sys=0.00, real=0.00 secs] 
533.240: [GC (Allocation Failure) [PSYoungGen: 69024K->1456K(69632K)] 330499K->262931K(753152K), 0.0018049 secs] [Times: user=0.01 sys=0.00, real=0.01 secs] 
533.653: [GC (Allocation Failure) [PSYoungGen: 69040K->1584K(69632K)] 330515K->263059K(753152K), 0.0015527 secs] [Times: user=0.01 sys=0.00, real=0.00 secs] 
534.045: [GC (Allocation Failure) [PSYoungGen: 69168K->1597K(69632K)] 330643K->263073K(753152K), 0.0015865 secs] [Times: user=0.01 sys=0.00, real=0.00 secs] 
534.440: [GC (Allocation Failure) [PSYoungGen: 69181K->1581K(69632K)] 330657K->263057K(753152K), 0.0014980 secs] [Times: user=0.01 sys=0.00, real=0.01 secs] 
535.010: [GC (Allocation Failure) [PSYoungGen: 69165K->1472K(69632K)] 330641K->262947K(753152K), 0.0017056 secs] [Times: user=0.01 sys=0.00, real=0.01 secs] 
535.633: [GC (Allocation Failure) [PSYoungGen: 69056K->1312K(69632K)] 330531K->262787K(753152K), 0.0055294 secs] [Times: user=0.01 sys=0.00, real=0.00 secs] 
535.935: [GC (Allocation Failure) [PSYoungGen: 68896K->1376K(69632K)] 330371K->262851K(753152K), 0.0017569 secs] [Times: user=0.01 sys=0.00, real=0.00 secs] 
536.227: [GC (Allocation Failure) [PSYoungGen: 68960K->1344K(69632K)] 330435K->262819K(753152K), 0.0017885 secs] [Times: user=0.01 sys=0.00, real=0.00 secs] 
536.735: [GC (Allocation Failure) [PSYoungGen: 68928K->1501K(69632K)] 330403K->262977K(753152K), 0.0019102 secs] [Times: user=0.01 sys=0.00, real=0.00 secs] 
537.148: [GC (Allocation Failure) [PSYoungGen: 69074K->1533K(69632K)] 330550K->263017K(753152K), 0.0014378 secs] [Times: user=0.00 sys=0.00, real=0.00 secs] 
537.546: [GC (Allocation Failure) [PSYoungGen: 69117K->1645K(69632K)] 330601K->263129K(753152K), 0.0016368 secs] [Times: user=0.01 sys=0.00, real=0.00 secs] 
537.991: [GC (Allocation Failure) [PSYoungGen: 69229K->1584K(69632K)] 330713K->263083K(753152K), 0.0014904 secs] [Times: user=0.01 sys=0.00, real=0.00 secs] 
538.351: [GC (Allocation Failure) [PSYoungGen: 69168K->1440K(69632K)] 330667K->262939K(753152K), 0.0025903 secs] [Times: user=0.02 sys=0.00, real=0.01 secs] 
538.634: [GC (Allocation Failure) [PSYoungGen: 69024K->1408K(69632K)] 330523K->262907K(753152K), 0.0017871 secs] [Times: user=0.01 sys=0.00, real=0.00 secs] 
538.914: [GC (Allocation Failure) [PSYoungGen: 68992K->1408K(69632K)] 330491K->262907K(753152K), 0.0017181 secs] [Times: user=0.01 sys=0.00, real=0.00 secs] 
539.213: [GC (Allocation Failure) [PSYoungGen: 68992K->1408K(69632K)] 330491K->262907K(753152K), 0.0016983 secs] [Times: user=0.01 sys=0.00, real=0.00 secs] 
539.906: [GC (Allocation Failure) [PSYoungGen: 68962K->1581K(69632K)] 330462K->263081K(753152K), 0.0015014 secs] [Times: user=0.00 sys=0.00, real=0.00 secs] 
540.300: [GC (Allocation Failure) [PSYoungGen: 69165K->1613K(69632K)] 330665K->263113K(753152K), 0.0016137 secs] [Times: user=0.00 sys=0.00, real=0.01 secs] 
540.691: [GC (Allocation Failure) [PSYoungGen: 69197K->1613K(69632K)] 330697K->263113K(753152K), 0.0015517 secs] [Times: user=0.01 sys=0.00, real=0.00 secs] 
541.086: [GC (Allocation Failure) [PSYoungGen: 69197K->1549K(69632K)] 330697K->263065K(753152K), 0.0015248 secs] [Times: user=0.00 sys=0.00, real=0.00 secs] 
541.377: [GC (Allocation Failure) [PSYoungGen: 69133K->1440K(69632K)] 330649K->262955K(753152K), 0.0015276 secs] [Times: user=0.00 sys=0.00, real=0.00 secs] 
541.657: [GC (Allocation Failure) [PSYoungGen: 69024K->1440K(69632K)] 330539K->262955K(753152K), 0.0015100 secs] [Times: user=0.00 sys=0.00, real=0.00 secs] 
541.937: [GC (Allocation Failure) [PSYoungGen: 69024K->1376K(69632K)] 330539K->262891K(753152K), 0.0012828 secs] [Times: user=0.00 sys=0.00, real=0.00 secs] 
542.253: [GC (Allocation Failure) [PSYoungGen: 68960K->1392K(69632K)] 330475K->262907K(753152K), 0.0015317 secs] [Times: user=0.01 sys=0.00, real=0.00 secs] 
542.698: [GC (Allocation Failure) [PSYoungGen: 68976K->1520K(69632K)] 330491K->263035K(753152K), 0.0015524 secs] [Times: user=0.00 sys=0.00, real=0.00 secs] 
543.090: [GC (Allocation Failure) [PSYoungGen: 69104K->1613K(69632K)] 330619K->263129K(753152K), 0.0014988 secs] [Times: user=0.00 sys=0.00, real=0.00 secs] 
543.484: [GC (Allocation Failure) [PSYoungGen: 69197K->1581K(69632K)] 330713K->263097K(753152K), 0.0014916 secs] [Times: user=0.00 sys=0.00, real=0.00 secs] 
543.880: [GC (Allocation Failure) [PSYoungGen: 69165K->2016K(69632K)] 330681K->263547K(753152K), 0.0016462 secs] [Times: user=0.01 sys=0.00, real=0.01 secs] 
544.161: [GC (Allocation Failure) [PSYoungGen: 69600K->1376K(69632K)] 331131K->262907K(753152K), 0.0015887 secs] [Times: user=0.00 sys=0.00, real=0.01 secs] 
544.456: [GC (Allocation Failure) [PSYoungGen: 68960K->1344K(69632K)] 330491K->262875K(753152K), 0.0016431 secs] [Times: user=0.01 sys=0.00, real=0.00 secs] 
544.737: [GC (Allocation Failure) [PSYoungGen: 68928K->1376K(69632K)] 330459K->262907K(753152K), 0.0015651 secs] [Times: user=0.00 sys=0.00, real=0.00 secs] 
545.035: [GC (Allocation Failure) [PSYoungGen: 68960K->1360K(69632K)] 330491K->262891K(753152K), 0.0015650 secs] [Times: user=0.00 sys=0.00, real=0.00 secs] 
545.441: [GC (Allocation Failure) [PSYoungGen: 68944K->1613K(69632K)] 330475K->263145K(753152K), 0.0014778 secs] [Times: user=0.01 sys=0.00, real=0.01 secs] 
545.838: [GC (Allocation Failure) [PSYoungGen: 69197K->1584K(69632K)] 330729K->263115K(753152K), 0.0025569 secs] [Times: user=0.00 sys=0.00, real=0.00 secs] 
546.300: [GC (Allocation Failure) [PSYoungGen: 69168K->1613K(69632K)] 330699K->263161K(753152K), 0.0015073 secs] [Times: user=0.01 sys=0.00, real=0.01 secs] 
546.754: [GC (Allocation Failure) [PSYoungGen: 69197K->1504K(69632K)] 330745K->263059K(753152K), 0.0023858 secs] [Times: user=0.01 sys=0.00, real=0.00 secs] 
547.139: [GC (Allocation Failure) [PSYoungGen: 69088K->1376K(69632K)] 330643K->262931K(753152K), 0.0018589 secs] [Times: user=0.01 sys=0.00, real=0.00 secs] 
547.436: [GC (Allocation Failure) [PSYoungGen: 68960K->1408K(69632K)] 330515K->262963K(753152K), 0.0018103 secs] [Times: user=0.01 sys=0.00, real=0.00 secs] 
547.725: [GC (Allocation Failure) [PSYoungGen: 68992K->1360K(69632K)] 330547K->262915K(753152K), 0.0018551 secs] [Times: user=0.01 sys=0.00, real=0.00 secs] 
548.112: [GC (Allocation Failure) [PSYoungGen: 68944K->1501K(69632K)] 330499K->263057K(753152K), 0.0014691 secs] [Times: user=0.01 sys=0.00, real=0.00 secs] 
548.571: [GC (Allocation Failure) [PSYoungGen: 69085K->1552K(69632K)] 330641K->263107K(753152K), 0.0016990 secs] [Times: user=0.01 sys=0.00, real=0.00 secs] 
548.966: [GC (Allocation Failure) [PSYoungGen: 69136K->1645K(69632K)] 330691K->263201K(753152K), 0.0015583 secs] [Times: user=0.00 sys=0.00, real=0.00 secs] 
549.359: [GC (Allocation Failure) [PSYoungGen: 69229K->1613K(69632K)] 330785K->263185K(753152K), 0.0017590 secs] [Times: user=0.01 sys=0.00, real=0.00 secs] 
549.942: [GC (Allocation Failure) [PSYoungGen: 69197K->1456K(69632K)] 330769K->263027K(753152K), 0.0029894 secs] [Times: user=0.01 sys=0.00, real=0.00 secs] 
550.541: [GC (Allocation Failure) [PSYoungGen: 69040K->1440K(69632K)] 330611K->263011K(753152K), 0.0026477 secs] [Times: user=0.02 sys=0.00, real=0.01 secs] 
551.097: [GC (Allocation Failure) [PSYoungGen: 69024K->1424K(69632K)] 330595K->262995K(753152K), 0.0023069 secs] [Times: user=0.01 sys=0.00, real=0.00 secs] 
551.386: [GC (Allocation Failure) [PSYoungGen: 69008K->1408K(69632K)] 330579K->262979K(753152K), 0.0016853 secs] [Times: user=0.00 sys=0.00, real=0.00 secs] 
551.782: [GC (Allocation Failure) [PSYoungGen: 68992K->1533K(69632K)] 330563K->263105K(753152K), 0.0013767 secs] [Times: user=0.01 sys=0.00, real=0.00 secs] 
552.235: [GC (Allocation Failure) [PSYoungGen: 69117K->1613K(69632K)] 330689K->263185K(753152K), 0.0014932 secs] [Times: user=0.01 sys=0.00, real=0.00 secs] 
552.631: [GC (Allocation Failure) [PSYoungGen: 69197K->1565K(69632K)] 330769K->263137K(753152K), 0.0016843 secs] [Times: user=0.01 sys=0.00, real=0.01 secs] 
553.085: [GC (Allocation Failure) [PSYoungGen: 69149K->1613K(69632K)] 330721K->263209K(753152K), 0.0016676 secs] [Times: user=0.00 sys=0.00, real=0.00 secs] 
553.877: [GC (Allocation Failure) [PSYoungGen: 69197K->1456K(69632K)] 330793K->263051K(753152K), 0.0032015 secs] [Times: user=0.01 sys=0.00, real=0.00 secs] 
554.569: [GC (Allocation Failure) [PSYoungGen: 69040K->1424K(69632K)] 330635K->263019K(753152K), 0.0029658 secs] [Times: user=0.01 sys=0.00, real=0.01 secs] 
555.454: [GC (Allocation Failure) [PSYoungGen: 69008K->1408K(69632K)] 330603K->263003K(753152K), 0.0029466 secs] [Times: user=0.01 sys=0.01, real=0.00 secs] 
556.407: [GC (Allocation Failure) [PSYoungGen: 68992K->1424K(69632K)] 330587K->263019K(753152K), 0.0030084 secs] [Times: user=0.01 sys=0.00, real=0.00 secs] 
557.034: [GC (Allocation Failure) [PSYoungGen: 69008K->1581K(69632K)] 330603K->263177K(753152K), 0.0014433 secs] [Times: user=0.00 sys=0.00, real=0.00 secs] 
557.427: [GC (Allocation Failure) [PSYoungGen: 69165K->1581K(69632K)] 330761K->263177K(753152K), 0.0014485 secs] [Times: user=0.00 sys=0.00, real=0.00 secs] 
557.821: [GC (Allocation Failure) [PSYoungGen: 69165K->1536K(69632K)] 330761K->263131K(753152K), 0.0014804 secs] [Times: user=0.00 sys=0.00, real=0.01 secs] 
558.208: [GC (Allocation Failure) [PSYoungGen: 69120K->1520K(69632K)] 330715K->263123K(753152K), 0.0015632 secs] [Times: user=0.00 sys=0.00, real=0.00 secs] 
558.989: [GC (Allocation Failure) [PSYoungGen: 69104K->1376K(69632K)] 330707K->262979K(753152K), 0.0019723 secs] [Times: user=0.01 sys=0.00, real=0.01 secs] 
560.073: [GC (Allocation Failure) [PSYoungGen: 68960K->1408K(69632K)] 330563K->263027K(753152K), 0.0025408 secs] [Times: user=0.01 sys=0.00, real=0.00 secs] 
561.218: [GC (Allocation Failure) [PSYoungGen: 68992K->1440K(69632K)] 330611K->263059K(753152K), 0.0030377 secs] [Times: user=0.01 sys=0.00, real=0.00 secs] 
562.120: [GC (Allocation Failure) [PSYoungGen: 69024K->1408K(69632K)] 330643K->263027K(753152K), 0.0028453 secs] [Times: user=0.01 sys=0.00, real=0.01 secs] 
562.731: [GC (Allocation Failure) [PSYoungGen: 68992K->1613K(69632K)] 330611K->263233K(753152K), 0.0015267 secs] [Times: user=0.01 sys=0.00, real=0.00 secs] 
563.124: [GC (Allocation Failure) [PSYoungGen: 69197K->1600K(69632K)] 330817K->263219K(753152K), 0.0015569 secs] [Times: user=0.01 sys=0.00, real=0.00 secs] 
563.517: [GC (Allocation Failure) [PSYoungGen: 69184K->1645K(69632K)] 330803K->263265K(753152K), 0.0014923 secs] [Times: user=0.01 sys=0.00, real=0.00 secs] 
564.033: [GC (Allocation Failure) [PSYoungGen: 69229K->1504K(69632K)] 330849K->263123K(753152K), 0.0018110 secs] [Times: user=0.00 sys=0.00, real=0.00 secs] 
564.640: [GC (Allocation Failure) [PSYoungGen: 69088K->1392K(69632K)] 330707K->263011K(753152K), 0.0017606 secs] [Times: user=0.01 sys=0.00, real=0.01 secs] 
565.238: [GC (Allocation Failure) [PSYoungGen: 68976K->1408K(69632K)] 330595K->263027K(753152K), 0.0025579 secs] [Times: user=0.01 sys=0.00, real=0.00 secs] 
565.740: [GC (Allocation Failure) [PSYoungGen: 68992K->1328K(69632K)] 330611K->262947K(753152K), 0.0022459 secs] [Times: user=0.01 sys=0.00, real=0.01 secs] 
566.355: [GC (Allocation Failure) [PSYoungGen: 68888K->1424K(69632K)] 330508K->263043K(753152K), 0.0022830 secs] [Times: user=0.01 sys=0.00, real=0.00 secs] 
566.779: [GC (Allocation Failure) [PSYoungGen: 68990K->1581K(69632K)] 330610K->263201K(753152K), 0.0014592 secs] [Times: user=0.00 sys=0.00, real=0.00 secs] 
567.173: [GC (Allocation Failure) [PSYoungGen: 69165K->1565K(69632K)] 330785K->263185K(753152K), 0.0014931 secs] [Times: user=0.01 sys=0.00, real=0.00 secs] 
567.570: [GC (Allocation Failure) [PSYoungGen: 69149K->1597K(69632K)] 330769K->263233K(753152K), 0.0015282 secs] [Times: user=0.00 sys=0.00, real=0.01 secs] 
568.032: [GC (Allocation Failure) [PSYoungGen: 69181K->1472K(69632K)] 330817K->263123K(753152K), 0.0016322 secs] [Times: user=0.01 sys=0.00, real=0.00 secs] 
568.313: [GC (Allocation Failure) [PSYoungGen: 69056K->1408K(69632K)] 330707K->263059K(753152K), 0.0015328 secs] [Times: user=0.00 sys=0.00, real=0.00 secs] 
568.617: [GC (Allocation Failure) [PSYoungGen: 68992K->1376K(69632K)] 330643K->263051K(753152K), 0.0017244 secs] [Times: user=0.01 sys=0.00, real=0.00 secs] 
568.897: [GC (Allocation Failure) [PSYoungGen: 68960K->1376K(69632K)] 330635K->263051K(753152K), 0.0019097 secs] [Times: user=0.01 sys=0.00, real=0.00 secs] 
569.429: [GC (Allocation Failure) [PSYoungGen: 68960K->1437K(69632K)] 330635K->263113K(753152K), 0.0014764 secs] [Times: user=0.01 sys=0.00, real=0.00 secs] 
569.823: [GC (Allocation Failure) [PSYoungGen: 69021K->1549K(69632K)] 330697K->263225K(753152K), 0.0015642 secs] [Times: user=0.01 sys=0.00, real=0.00 secs] 
570.215: [GC (Allocation Failure) [PSYoungGen: 69133K->1613K(69632K)] 330809K->263289K(753152K), 0.0015122 secs] [Times: user=0.00 sys=0.00, real=0.00 secs] 
570.610: [GC (Allocation Failure) [PSYoungGen: 69197K->1613K(69632K)] 330873K->263305K(753152K), 0.0015043 secs] [Times: user=0.01 sys=0.00, real=0.01 secs] 
570.972: [GC (Allocation Failure) [PSYoungGen: 69197K->1440K(69632K)] 330889K->263131K(753152K), 0.0018049 secs] [Times: user=0.01 sys=0.00, real=0.00 secs] 
571.416: [GC (Allocation Failure) [PSYoungGen: 69024K->1408K(69632K)] 330715K->263099K(753152K), 0.0015284 secs] [Times: user=0.01 sys=0.00, real=0.00 secs] 
571.909: [GC (Allocation Failure) [PSYoungGen: 68992K->1376K(69632K)] 330683K->263067K(753152K), 0.0015363 secs] [Times: user=0.01 sys=0.00, real=0.00 secs] 
572.607: [GC (Allocation Failure) [PSYoungGen: 68960K->1376K(69632K)] 330651K->263067K(753152K), 0.0018184 secs] [Times: user=0.01 sys=0.00, real=0.00 secs] 
573.274: [GC (Allocation Failure) [PSYoungGen: 68960K->1549K(69632K)] 330651K->263241K(753152K), 0.0014545 secs] [Times: user=0.01 sys=0.00, real=0.00 secs] 
573.666: [GC (Allocation Failure) [PSYoungGen: 69125K->1584K(69632K)] 330817K->263275K(753152K), 0.0014945 secs] [Times: user=0.01 sys=0.00, real=0.00 secs] 
574.061: [GC (Allocation Failure) [PSYoungGen: 69168K->1645K(69632K)] 330859K->263337K(753152K), 0.0014755 secs] [Times: user=0.00 sys=0.00, real=0.01 secs] 
574.453: [GC (Allocation Failure) [PSYoungGen: 69229K->1581K(69632K)] 330921K->263289K(753152K), 0.0014784 secs] [Times: user=0.01 sys=0.00, real=0.00 secs] 
575.420: [GC (Allocation Failure) [PSYoungGen: 69165K->1440K(69632K)] 330873K->263147K(753152K), 0.0022039 secs] [Times: user=0.01 sys=0.00, real=0.01 secs] 
576.116: [GC (Allocation Failure) [PSYoungGen: 69024K->1376K(69632K)] 330731K->263083K(753152K), 0.0024418 secs] [Times: user=0.00 sys=0.00, real=0.00 secs] 
576.584: [GC (Allocation Failure) [PSYoungGen: 68960K->1376K(69632K)] 330667K->263083K(753152K), 0.0021095 secs] [Times: user=0.01 sys=0.00, real=0.00 secs] 
576.940: [GC (Allocation Failure) [PSYoungGen: 68960K->1376K(69632K)] 330667K->263083K(753152K), 0.0018301 secs] [Times: user=0.00 sys=0.00, real=0.01 secs] 
577.359: [GC (Allocation Failure) [PSYoungGen: 68930K->1549K(69632K)] 330638K->263257K(753152K), 0.0014684 secs] [Times: user=0.01 sys=0.00, real=0.00 secs] 
577.814: [GC (Allocation Failure) [PSYoungGen: 69133K->1581K(69632K)] 330841K->263289K(753152K), 0.0015150 secs] [Times: user=0.00 sys=0.00, real=0.00 secs] 
578.264: [GC (Allocation Failure) [PSYoungGen: 69165K->1584K(69632K)] 330873K->263291K(753152K), 0.0015037 secs] [Times: user=0.00 sys=0.00, real=0.00 secs] 
578.798: [GC (Allocation Failure) [PSYoungGen: 69168K->1536K(69632K)] 330875K->263259K(753152K), 0.0018162 secs] [Times: user=0.01 sys=0.00, real=0.00 secs] 
579.445: [GC (Allocation Failure) [PSYoungGen: 69120K->1392K(69632K)] 330843K->263115K(753152K), 0.0030228 secs] [Times: user=0.02 sys=0.00, real=0.00 secs] 
580.002: [GC (Allocation Failure) [PSYoungGen: 68976K->1376K(69632K)] 330699K->263099K(753152K), 0.0026214 secs] [Times: user=0.01 sys=0.01, real=0.00 secs] 
580.439: [GC (Allocation Failure) [PSYoungGen: 68960K->1376K(69632K)] 330683K->263099K(753152K), 0.0017962 secs] [Times: user=0.01 sys=0.00, real=0.00 secs] 
580.744: [GC (Allocation Failure) [PSYoungGen: 68775K->304K(69632K)] 330499K->262027K(753152K), 0.0017045 secs] [Times: user=0.00 sys=0.00, real=0.00 secs] 
581.147: [GC (Allocation Failure) [PSYoungGen: 67888K->1581K(69632K)] 329611K->263313K(753152K), 0.0014880 secs] [Times: user=0.01 sys=0.00, real=0.00 secs] 
581.601: [GC (Allocation Failure) [PSYoungGen: 69165K->1581K(69632K)] 330897K->263313K(753152K), 0.0016623 secs] [Times: user=0.01 sys=0.00, real=0.01 secs] 
581.993: [GC (Allocation Failure) [PSYoungGen: 69165K->1565K(69632K)] 330897K->263297K(753152K), 0.0015709 secs] [Times: user=0.00 sys=0.00, real=0.00 secs] 
582.554: [GC (Allocation Failure) [PSYoungGen: 69149K->1440K(69632K)] 330881K->263171K(753152K), 0.0026541 secs] [Times: user=0.01 sys=0.00, real=0.00 secs] 
583.115: [GC (Allocation Failure) [PSYoungGen: 69024K->1408K(69632K)] 330755K->263139K(753152K), 0.0019621 secs] [Times: user=0.01 sys=0.00, real=0.00 secs] 
583.438: [GC (Allocation Failure) [PSYoungGen: 68992K->1344K(69632K)] 330723K->263075K(753152K), 0.0018575 secs] [Times: user=0.01 sys=0.00, real=0.00 secs] 
583.719: [GC (Allocation Failure) [PSYoungGen: 68928K->1376K(69632K)] 330659K->263107K(753152K), 0.0016806 secs] [Times: user=0.00 sys=0.00, real=0.00 secs] 
584.057: [GC (Allocation Failure) [PSYoungGen: 68960K->1533K(69632K)] 330691K->263265K(753152K), 0.0014735 secs] [Times: user=0.00 sys=0.00, real=0.00 secs] 
584.452: [GC (Allocation Failure) [PSYoungGen: 69117K->1629K(69632K)] 330849K->263361K(753152K), 0.0015315 secs] [Times: user=0.00 sys=0.00, real=0.00 secs] 
584.845: [GC (Allocation Failure) [PSYoungGen: 69213K->1565K(69632K)] 330945K->263297K(753152K), 0.0015034 secs] [Times: user=0.01 sys=0.00, real=0.00 secs] 
585.238: [GC (Allocation Failure) [PSYoungGen: 69149K->1613K(69632K)] 330881K->263353K(753152K), 0.0014853 secs] [Times: user=0.00 sys=0.00, real=0.00 secs] 
585.905: [GC (Allocation Failure) [PSYoungGen: 69197K->1472K(69632K)] 330937K->263211K(753152K), 0.0020158 secs] [Times: user=0.01 sys=0.00, real=0.00 secs] 
586.731: [GC (Allocation Failure) [PSYoungGen: 69056K->1408K(69632K)] 330795K->263147K(753152K), 0.0033977 secs] [Times: user=0.01 sys=0.00, real=0.00 secs] 
587.406: [GC (Allocation Failure) [PSYoungGen: 68992K->1360K(69632K)] 330731K->263099K(753152K), 0.0033439 secs] [Times: user=0.01 sys=0.00, real=0.00 secs] 
588.073: [GC (Allocation Failure) [PSYoungGen: 68944K->1376K(69632K)] 330683K->263115K(753152K), 0.0025719 secs] [Times: user=0.01 sys=0.01, real=0.00 secs] 
588.705: [GC (Allocation Failure) [PSYoungGen: 68960K->1536K(69632K)] 330699K->263307K(753152K), 0.0015169 secs] [Times: user=0.01 sys=0.00, real=0.00 secs] 
589.098: [GC (Allocation Failure) [PSYoungGen: 69106K->1581K(69632K)] 330878K->263353K(753152K), 0.0014639 secs] [Times: user=0.00 sys=0.00, real=0.00 secs] 
589.492: [GC (Allocation Failure) [PSYoungGen: 69165K->1645K(69632K)] 330937K->263417K(753152K), 0.0015140 secs] [Times: user=0.01 sys=0.00, real=0.00 secs] 
589.885: [GC (Allocation Failure) [PSYoungGen: 69229K->1597K(69632K)] 331001K->263385K(753152K), 0.0014885 secs] [Times: user=0.00 sys=0.00, real=0.00 secs] 
590.490: [GC (Allocation Failure) [PSYoungGen: 69181K->1456K(69632K)] 330969K->263251K(753152K), 0.0019655 secs] [Times: user=0.01 sys=0.00, real=0.01 secs] 
591.106: [GC (Allocation Failure) [PSYoungGen: 69040K->1408K(69632K)] 330835K->263203K(753152K), 0.0022291 secs] [Times: user=0.01 sys=0.00, real=0.00 secs] 
591.800: [GC (Allocation Failure) [PSYoungGen: 68992K->1456K(69632K)] 330787K->263251K(753152K), 0.0018838 secs] [Times: user=0.00 sys=0.00, real=0.01 secs] 
592.572: [GC (Allocation Failure) [PSYoungGen: 69040K->1424K(69632K)] 330835K->263219K(753152K), 0.0018856 secs] [Times: user=0.00 sys=0.00, real=0.00 secs] 
593.127: [GC (Allocation Failure) [PSYoungGen: 69008K->1565K(69632K)] 330803K->263361K(753152K), 0.0015080 secs] [Times: user=0.01 sys=0.00, real=0.00 secs] 
593.521: [GC (Allocation Failure) [PSYoungGen: 69149K->1613K(69632K)] 330945K->263409K(753152K), 0.0015423 secs] [Times: user=0.01 sys=0.00, real=0.00 secs] 
593.913: [GC (Allocation Failure) [PSYoungGen: 69197K->1616K(69632K)] 330993K->263411K(753152K), 0.0017737 secs] [Times: user=0.00 sys=0.00, real=0.00 secs] 
594.344: [GC (Allocation Failure) [PSYoungGen: 69200K->1824K(69632K)] 330995K->263619K(753152K), 0.0016974 secs] [Times: user=0.01 sys=0.00, real=0.00 secs] 
594.870: [GC (Allocation Failure) [PSYoungGen: 69408K->1408K(69632K)] 331203K->263203K(753152K), 0.0017631 secs] [Times: user=0.01 sys=0.00, real=0.01 secs] 
595.534: [GC (Allocation Failure) [PSYoungGen: 68992K->1456K(69632K)] 330787K->263251K(753152K), 0.0027342 secs] [Times: user=0.01 sys=0.00, real=0.00 secs] 
596.237: [GC (Allocation Failure) [PSYoungGen: 69040K->1408K(69632K)] 330835K->263203K(753152K), 0.0031586 secs] [Times: user=0.02 sys=0.00, real=0.00 secs] 
596.994: [GC (Allocation Failure) [PSYoungGen: 68992K->1392K(69632K)] 330787K->263187K(753152K), 0.0027846 secs] [Times: user=0.01 sys=0.00, real=0.00 secs] 
597.519: [GC (Allocation Failure) [PSYoungGen: 68944K->1613K(69632K)] 330740K->263409K(753152K), 0.0014857 secs] [Times: user=0.01 sys=0.00, real=0.00 secs] 
597.921: [GC (Allocation Failure) [PSYoungGen: 69197K->1581K(69632K)] 330993K->263377K(753152K), 0.0015016 secs] [Times: user=0.01 sys=0.00, real=0.00 secs] 
598.315: [GC (Allocation Failure) [PSYoungGen: 69165K->1584K(69632K)] 330961K->263379K(753152K), 0.0014811 secs] [Times: user=0.01 sys=0.00, real=0.00 secs] 
598.901: [GC (Allocation Failure) [PSYoungGen: 69168K->1488K(69632K)] 330963K->263323K(753152K), 0.0022095 secs] [Times: user=0.01 sys=0.00, real=0.01 secs] 
599.501: [GC (Allocation Failure) [PSYoungGen: 69072K->1376K(69632K)] 330907K->263235K(753152K), 0.0022416 secs] [Times: user=0.01 sys=0.00, real=0.01 secs] 
600.090: [GC (Allocation Failure) [PSYoungGen: 68960K->1408K(69632K)] 330819K->263267K(753152K), 0.0029587 secs] [Times: user=0.01 sys=0.00, real=0.01 secs] 
600.655: [GC (Allocation Failure) [PSYoungGen: 68992K->1408K(69632K)] 330851K->263267K(753152K), 0.0020438 secs] [Times: user=0.01 sys=0.00, real=0.00 secs] 
601.016: [GC (Allocation Failure) [PSYoungGen: 68992K->1533K(69632K)] 330851K->263393K(753152K), 0.0015642 secs] [Times: user=0.01 sys=0.00, real=0.00 secs] 
601.413: [GC (Allocation Failure) [PSYoungGen: 69117K->1613K(69632K)] 330977K->263473K(753152K), 0.0014865 secs] [Times: user=0.01 sys=0.00, real=0.00 secs] 
601.806: [GC (Allocation Failure) [PSYoungGen: 69190K->1568K(69632K)] 331050K->263427K(753152K), 0.0014754 secs] [Times: user=0.01 sys=0.00, real=0.00 secs] 
602.262: [GC (Allocation Failure) [PSYoungGen: 69152K->1645K(69632K)] 331011K->263521K(753152K), 0.0015016 secs] [Times: user=0.00 sys=0.00, real=0.00 secs] 
602.663: [GC (Allocation Failure) [PSYoungGen: 69229K->1520K(69632K)] 331105K->263403K(753152K), 0.0020961 secs] [Times: user=0.01 sys=0.00, real=0.00 secs] 
602.956: [GC (Allocation Failure) [PSYoungGen: 69104K->1376K(69632K)] 330987K->263259K(753152K), 0.0017679 secs] [Times: user=0.00 sys=0.00, real=0.00 secs] 
603.264: [GC (Allocation Failure) [PSYoungGen: 68960K->1376K(69632K)] 330843K->263259K(753152K), 0.0019020 secs] [Times: user=0.00 sys=0.00, real=0.00 secs] 
603.557: [GC (Allocation Failure) [PSYoungGen: 68960K->1376K(69632K)] 330843K->263259K(753152K), 0.0018595 secs] [Times: user=0.01 sys=0.00, real=0.00 secs] 
603.928: [GC (Allocation Failure) [PSYoungGen: 68935K->1453K(69632K)] 330819K->263337K(753152K), 0.0015218 secs] [Times: user=0.01 sys=0.00, real=0.00 secs] 
604.324: [GC (Allocation Failure) [PSYoungGen: 69020K->1613K(69632K)] 330904K->263497K(753152K), 0.0014889 secs] [Times: user=0.01 sys=0.00, real=0.00 secs] 
604.719: [GC (Allocation Failure) [PSYoungGen: 69197K->1613K(69632K)] 331081K->263497K(753152K), 0.0014655 secs] [Times: user=0.00 sys=0.00, real=0.00 secs] 
605.175: [GC (Allocation Failure) [PSYoungGen: 69197K->1613K(69632K)] 331081K->263513K(753152K), 0.0014945 secs] [Times: user=0.00 sys=0.00, real=0.00 secs] 
605.536: [GC (Allocation Failure) [PSYoungGen: 69197K->1440K(69632K)] 331097K->263339K(753152K), 0.0020129 secs] [Times: user=0.01 sys=0.00, real=0.00 secs] 
605.817: [GC (Allocation Failure) [PSYoungGen: 69024K->1440K(69632K)] 330923K->263339K(753152K), 0.0018222 secs] [Times: user=0.01 sys=0.01, real=0.00 secs] 
606.098: [GC (Allocation Failure) [PSYoungGen: 69024K->1376K(69632K)] 330923K->263275K(753152K), 0.0018822 secs] [Times: user=0.01 sys=0.00, real=0.00 secs] 
606.396: [GC (Allocation Failure) [PSYoungGen: 68960K->1408K(69632K)] 330859K->263331K(753152K), 0.0016509 secs] [Times: user=0.01 sys=0.00, real=0.00 secs] 
606.839: [GC (Allocation Failure) [PSYoungGen: 68969K->1581K(69632K)] 330893K->263505K(753152K), 0.0014411 secs] [Times: user=0.01 sys=0.00, real=0.00 secs] 
607.295: [GC (Allocation Failure) [PSYoungGen: 69165K->1565K(69632K)] 331089K->263489K(753152K), 0.0021005 secs] [Times: user=0.00 sys=0.00, real=0.00 secs] 
607.774: [GC (Allocation Failure) [PSYoungGen: 69149K->1584K(69632K)] 331073K->263507K(753152K), 0.0015598 secs] [Times: user=0.00 sys=0.00, real=0.00 secs] 
608.172: [GC (Allocation Failure) [PSYoungGen: 69168K->1616K(69632K)] 331091K->263555K(753152K), 0.0016885 secs] [Times: user=0.01 sys=0.00, real=0.00 secs] 
608.607: [GC (Allocation Failure) [PSYoungGen: 69200K->1440K(69632K)] 331139K->263379K(753152K), 0.0024000 secs] [Times: user=0.01 sys=0.00, real=0.00 secs] 
608.885: [GC (Allocation Failure) [PSYoungGen: 69024K->1360K(69632K)] 330963K->263299K(753152K), 0.0019241 secs] [Times: user=0.01 sys=0.00, real=0.00 secs] 
609.199: [GC (Allocation Failure) [PSYoungGen: 68944K->1376K(69632K)] 330883K->263315K(753152K), 0.0019170 secs] [Times: user=0.00 sys=0.00, real=0.00 secs] 
609.510: [GC (Allocation Failure) [PSYoungGen: 68960K->1376K(69632K)] 330899K->263315K(753152K), 0.0018578 secs] [Times: user=0.00 sys=0.00, real=0.01 secs] 
609.965: [GC (Allocation Failure) [PSYoungGen: 68960K->1581K(69632K)] 330899K->263521K(753152K), 0.0014707 secs] [Times: user=0.01 sys=0.00, real=0.00 secs] 
610.359: [GC (Allocation Failure) [PSYoungGen: 69165K->1536K(69632K)] 331105K->263475K(753152K), 0.0014665 secs] [Times: user=0.01 sys=0.00, real=0.00 secs] 
610.751: [GC (Allocation Failure) [PSYoungGen: 69120K->1584K(69632K)] 331059K->263523K(753152K), 0.0014846 secs] [Times: user=0.01 sys=0.00, real=0.01 secs] 
611.254: [GC (Allocation Failure) [PSYoungGen: 69168K->1440K(69632K)] 331107K->263387K(753152K), 0.0017165 secs] [Times: user=0.01 sys=0.00, real=0.00 secs] 
612.095: [GC (Allocation Failure) [PSYoungGen: 69024K->1408K(69632K)] 330971K->263355K(753152K), 0.0021191 secs] [Times: user=0.01 sys=0.00, real=0.00 secs] 
612.955: [GC (Allocation Failure) [PSYoungGen: 68992K->1408K(69632K)] 330939K->263355K(753152K), 0.0020886 secs] [Times: user=0.01 sys=0.00, real=0.00 secs] 
613.597: [GC (Allocation Failure) [PSYoungGen: 68992K->1376K(69632K)] 330939K->263323K(753152K), 0.0024075 secs] [Times: user=0.01 sys=0.00, real=0.00 secs] 
614.199: [GC (Allocation Failure) [PSYoungGen: 68960K->1456K(69632K)] 330907K->263427K(753152K), 0.0017996 secs] [Times: user=0.01 sys=0.00, real=0.00 secs] 
614.611: [GC (Allocation Failure) [PSYoungGen: 69031K->1565K(69632K)] 331003K->263537K(753152K), 0.0015533 secs] [Times: user=0.01 sys=0.00, real=0.01 secs] 
615.005: [GC (Allocation Failure) [PSYoungGen: 69149K->1584K(69632K)] 331121K->263563K(753152K), 0.0015380 secs] [Times: user=0.01 sys=0.00, real=0.00 secs] 
615.400: [GC (Allocation Failure) [PSYoungGen: 69168K->1565K(69632K)] 331147K->263545K(753152K), 0.0015336 secs] [Times: user=0.01 sys=0.00, real=0.01 secs] 
616.786: [GC (Allocation Failure) [PSYoungGen: 69149K->1488K(69632K)] 331129K->263467K(753152K), 0.0020844 secs] [Times: user=0.00 sys=0.00, real=0.00 secs] 
617.086: [GC (Allocation Failure) [PSYoungGen: 69072K->1376K(69632K)] 331051K->263355K(753152K), 0.0019289 secs] [Times: user=0.00 sys=0.00, real=0.00 secs] 
617.367: [GC (Allocation Failure) [PSYoungGen: 68960K->1376K(69632K)] 330939K->263363K(753152K), 0.0018028 secs] [Times: user=0.01 sys=0.00, real=0.00 secs] 
617.647: [GC (Allocation Failure) [PSYoungGen: 68960K->1360K(69632K)] 330947K->263355K(753152K), 0.0019117 secs] [Times: user=0.01 sys=0.00, real=0.00 secs] 
617.987: [GC (Allocation Failure) [PSYoungGen: 68924K->1533K(69632K)] 330920K->263529K(753152K), 0.0014141 secs] [Times: user=0.01 sys=0.00, real=0.00 secs] 
618.383: [GC (Allocation Failure) [PSYoungGen: 69117K->1565K(69632K)] 331113K->263561K(753152K), 0.0014536 secs] [Times: user=0.01 sys=0.00, real=0.00 secs] 
618.776: [GC (Allocation Failure) [PSYoungGen: 69149K->1584K(69632K)] 331145K->263579K(753152K), 0.0014941 secs] [Times: user=0.00 sys=0.00, real=0.00 secs] 
619.172: [GC (Allocation Failure) [PSYoungGen: 69168K->1581K(69632K)] 331163K->263609K(753152K), 0.0014907 secs] [Times: user=0.01 sys=0.00, real=0.00 secs] 
619.889: [GC (Allocation Failure) [PSYoungGen: 69165K->1408K(69632K)] 331193K->263435K(753152K), 0.0027511 secs] [Times: user=0.02 sys=0.00, real=0.01 secs] 
620.805: [GC (Allocation Failure) [PSYoungGen: 68992K->1376K(69632K)] 331019K->263403K(753152K), 0.0033256 secs] [Times: user=0.01 sys=0.00, real=0.00 secs] 
621.320: [GC (Allocation Failure) [PSYoungGen: 68960K->1440K(69632K)] 330987K->263467K(753152K), 0.0021100 secs] [Times: user=0.01 sys=0.00, real=0.01 secs] 
621.829: [GC (Allocation Failure) [PSYoungGen: 69024K->1376K(69632K)] 331051K->263403K(753152K), 0.0020992 secs] [Times: user=0.01 sys=0.00, real=0.00 secs] 
622.461: [GC (Allocation Failure) [PSYoungGen: 68960K->1581K(69632K)] 330987K->263609K(753152K), 0.0014822 secs] [Times: user=0.01 sys=0.00, real=0.01 secs] 
622.857: [GC (Allocation Failure) [PSYoungGen: 69165K->1584K(69632K)] 331193K->263611K(753152K), 0.0015126 secs] [Times: user=0.00 sys=0.00, real=0.00 secs] 
623.250: [GC (Allocation Failure) [PSYoungGen: 69168K->1552K(69632K)] 331195K->263579K(753152K), 0.0016253 secs] [Times: user=0.01 sys=0.00, real=0.01 secs] 
623.644: [GC (Allocation Failure) [PSYoungGen: 69136K->1584K(69632K)] 331163K->263627K(753152K), 0.0014687 secs] [Times: user=0.01 sys=0.00, real=0.00 secs] 
624.363: [GC (Allocation Failure) [PSYoungGen: 69168K->1472K(69632K)] 331211K->263515K(753152K), 0.0034681 secs] [Times: user=0.02 sys=0.00, real=0.00 secs] 
624.669: [GC (Allocation Failure) [PSYoungGen: 69056K->1376K(69632K)] 331099K->263419K(753152K), 0.0018596 secs] [Times: user=0.01 sys=0.00, real=0.00 secs] 
624.949: [GC (Allocation Failure) [PSYoungGen: 68960K->1408K(69632K)] 331003K->263451K(753152K), 0.0017400 secs] [Times: user=0.00 sys=0.00, real=0.00 secs] 
625.229: [GC (Allocation Failure) [PSYoungGen: 68992K->1376K(69632K)] 331035K->263419K(753152K), 0.0015250 secs] [Times: user=0.01 sys=0.00, real=0.00 secs] 
625.622: [GC (Allocation Failure) [PSYoungGen: 68960K->1597K(69632K)] 331003K->263641K(753152K), 0.0015482 secs] [Times: user=0.01 sys=0.00, real=0.00 secs] 
626.015: [GC (Allocation Failure) [PSYoungGen: 69181K->1581K(69632K)] 331225K->263625K(753152K), 0.0014482 secs] [Times: user=0.00 sys=0.00, real=0.00 secs] 
626.470: [GC (Allocation Failure) [PSYoungGen: 69165K->1581K(69632K)] 331209K->263625K(753152K), 0.0017230 secs] [Times: user=0.01 sys=0.00, real=0.01 secs] 
626.890: [GC (Allocation Failure) [PSYoungGen: 69165K->2016K(69120K)] 331209K->264619K(752640K), 0.0019017 secs] [Times: user=0.01 sys=0.00, real=0.01 secs] 
627.176: [GC (Allocation Failure) [PSYoungGen: 69088K->1376K(69632K)] 331691K->263987K(753152K), 0.0019527 secs] [Times: user=0.00 sys=0.00, real=0.00 secs] 
627.455: [GC (Allocation Failure) [PSYoungGen: 68448K->1376K(69632K)] 331059K->263987K(753152K), 0.0017671 secs] [Times: user=0.00 sys=0.01, real=0.00 secs] 
627.734: [GC (Allocation Failure) [PSYoungGen: 68448K->1408K(69632K)] 331059K->264019K(753152K), 0.0018062 secs] [Times: user=0.01 sys=0.00, real=0.00 secs] 
628.066: [GC (Allocation Failure) [PSYoungGen: 68480K->1392K(68608K)] 331091K->264003K(752128K), 0.0019239 secs] [Times: user=0.01 sys=0.00, real=0.00 secs] 
628.472: [GC (Allocation Failure) [PSYoungGen: 68464K->1581K(69120K)] 331075K->264193K(752640K), 0.0014914 secs] [Times: user=0.01 sys=0.00, real=0.00 secs] 
628.864: [GC (Allocation Failure) [PSYoungGen: 68653K->1613K(69120K)] 331265K->264225K(752640K), 0.0016434 secs] [Times: user=0.00 sys=0.00, real=0.00 secs] 
629.259: [GC (Allocation Failure) [PSYoungGen: 68685K->1552K(69120K)] 331297K->264163K(752640K), 0.0015372 secs] [Times: user=0.01 sys=0.00, real=0.00 secs] 
629.827: [GC (Allocation Failure) [PSYoungGen: 68624K->1504K(69120K)] 331235K->264131K(752640K), 0.0017076 secs] [Times: user=0.00 sys=0.00, real=0.00 secs] 
630.762: [GC (Allocation Failure) [PSYoungGen: 68576K->1360K(69120K)] 331203K->263987K(752640K), 0.0027111 secs] [Times: user=0.01 sys=0.00, real=0.00 secs] 
631.290: [GC (Allocation Failure) [PSYoungGen: 68432K->1408K(69120K)] 331059K->264035K(752640K), 0.0020512 secs] [Times: user=0.00 sys=0.00, real=0.01 secs] 
631.876: [GC (Allocation Failure) [PSYoungGen: 68480K->1408K(69120K)] 331107K->264035K(752640K), 0.0021435 secs] [Times: user=0.01 sys=0.00, real=0.00 secs] 
632.479: [GC (Allocation Failure) [PSYoungGen: 68480K->1424K(69120K)] 331107K->264051K(752640K), 0.0017626 secs] [Times: user=0.00 sys=0.00, real=0.00 secs] 
632.889: [GC (Allocation Failure) [PSYoungGen: 68496K->1581K(69120K)] 331123K->264209K(752640K), 0.0015325 secs] [Times: user=0.00 sys=0.00, real=0.00 secs] 
633.289: [GC (Allocation Failure) [PSYoungGen: 68653K->1536K(69120K)] 331281K->264163K(752640K), 0.0014985 secs] [Times: user=0.01 sys=0.00, real=0.00 secs] 
633.682: [GC (Allocation Failure) [PSYoungGen: 68608K->1584K(69120K)] 331235K->264227K(752640K), 0.0014984 secs] [Times: user=0.00 sys=0.00, real=0.00 secs] 
634.119: [GC (Allocation Failure) [PSYoungGen: 68656K->1504K(69120K)] 331299K->264147K(752640K), 0.0019046 secs] [Times: user=0.01 sys=0.00, real=0.00 secs] 
634.398: [GC (Allocation Failure) [PSYoungGen: 68576K->1376K(69120K)] 331219K->264019K(752640K), 0.0017386 secs] [Times: user=0.01 sys=0.00, real=0.00 secs] 
634.808: [GC (Allocation Failure) [PSYoungGen: 68448K->1408K(69120K)] 331091K->264051K(752640K), 0.0018410 secs] [Times: user=0.01 sys=0.00, real=0.00 secs] 
635.286: [GC (Allocation Failure) [PSYoungGen: 68480K->1376K(69120K)] 331123K->264019K(752640K), 0.0021550 secs] [Times: user=0.01 sys=0.00, real=0.00 secs] 
635.894: [GC (Allocation Failure) [PSYoungGen: 68448K->1501K(69120K)] 331091K->264145K(752640K), 0.0014758 secs] [Times: user=0.01 sys=0.00, real=0.00 secs] 
636.286: [GC (Allocation Failure) [PSYoungGen: 68573K->1613K(69120K)] 331217K->264257K(752640K), 0.0014968 secs] [Times: user=0.00 sys=0.00, real=0.00 secs] 
636.678: [GC (Allocation Failure) [PSYoungGen: 68685K->1536K(69120K)] 331329K->264179K(752640K), 0.0015675 secs] [Times: user=0.00 sys=0.00, real=0.00 secs] 
637.071: [GC (Allocation Failure) [PSYoungGen: 68608K->1536K(69120K)] 331251K->264195K(752640K), 0.0015359 secs] [Times: user=0.01 sys=0.00, real=0.00 secs] 
638.075: [GC (Allocation Failure) [PSYoungGen: 68608K->1424K(69120K)] 331267K->264083K(752640K), 0.0044207 secs] [Times: user=0.02 sys=0.00, real=0.00 secs] 
638.582: [GC (Allocation Failure) [PSYoungGen: 68496K->1376K(69120K)] 331155K->264051K(752640K), 0.0018715 secs] [Times: user=0.00 sys=0.00, real=0.00 secs] 
639.103: [GC (Allocation Failure) [PSYoungGen: 68448K->1376K(69120K)] 331123K->264051K(752640K), 0.0027492 secs] [Times: user=0.01 sys=0.01, real=0.00 secs] 
639.650: [GC (Allocation Failure) [PSYoungGen: 68448K->1376K(69120K)] 331123K->264051K(752640K), 0.0028255 secs] [Times: user=0.02 sys=0.00, real=0.01 secs] 
640.264: [GC (Allocation Failure) [PSYoungGen: 68448K->1581K(69120K)] 331123K->264257K(752640K), 0.0014039 secs] [Times: user=0.00 sys=0.00, real=0.00 secs] 
640.657: [GC (Allocation Failure) [PSYoungGen: 68653K->1597K(69120K)] 331329K->264273K(752640K), 0.0015813 secs] [Times: user=0.01 sys=0.00, real=0.00 secs] 
641.048: [GC (Allocation Failure) [PSYoungGen: 68640K->1597K(69120K)] 331315K->264281K(752640K), 0.0015967 secs] [Times: user=0.00 sys=0.00, real=0.00 secs] 
641.442: [GC (Allocation Failure) [PSYoungGen: 68669K->1581K(69120K)] 331353K->264281K(752640K), 0.0015213 secs] [Times: user=0.01 sys=0.00, real=0.00 secs] 
641.893: [GC (Allocation Failure) [PSYoungGen: 68653K->1456K(69120K)] 331353K->264155K(752640K), 0.0026105 secs] [Times: user=0.01 sys=0.00, real=0.00 secs] 
642.424: [GC (Allocation Failure) [PSYoungGen: 68528K->1408K(69120K)] 331227K->264115K(752640K), 0.0024884 secs] [Times: user=0.01 sys=0.00, real=0.00 secs] 
642.975: [GC (Allocation Failure) [PSYoungGen: 68480K->1376K(69120K)] 331187K->264083K(752640K), 0.0021268 secs] [Times: user=0.01 sys=0.00, real=0.00 secs] 
643.638: [GC (Allocation Failure) [PSYoungGen: 68448K->1408K(69120K)] 331155K->264115K(752640K), 0.0023676 secs] [Times: user=0.01 sys=0.00, real=0.00 secs] 
644.204: [GC (Allocation Failure) [PSYoungGen: 68480K->1581K(69120K)] 331187K->264289K(752640K), 0.0014424 secs] [Times: user=0.01 sys=0.00, real=0.00 secs] 
644.595: [GC (Allocation Failure) [PSYoungGen: 68633K->1568K(69120K)] 331341K->264275K(752640K), 0.0014891 secs] [Times: user=0.01 sys=0.00, real=0.00 secs] 
644.989: [GC (Allocation Failure) [PSYoungGen: 68640K->1613K(69120K)] 331347K->264321K(752640K), 0.0014882 secs] [Times: user=0.01 sys=0.00, real=0.00 secs] 
645.376: [GC (Allocation Failure) [PSYoungGen: 68556K->352K(69120K)] 331263K->263059K(752640K), 0.0015646 secs] [Times: user=0.00 sys=0.00, real=0.00 secs] 
645.689: [GC (Allocation Failure) [PSYoungGen: 67424K->1376K(69120K)] 330131K->264083K(752640K), 0.0017578 secs] [Times: user=0.01 sys=0.00, real=0.00 secs] 
645.968: [GC (Allocation Failure) [PSYoungGen: 68448K->1408K(69120K)] 331155K->264115K(752640K), 0.0016037 secs] [Times: user=0.00 sys=0.00, real=0.00 secs] 
646.373: [GC (Allocation Failure) [PSYoungGen: 68480K->1440K(69120K)] 331187K->264147K(752640K), 0.0028145 secs] [Times: user=0.02 sys=0.00, real=0.00 secs] 
646.896: [GC (Allocation Failure) [PSYoungGen: 68512K->1376K(69120K)] 331219K->264083K(752640K), 0.0025892 secs] [Times: user=0.01 sys=0.00, real=0.00 secs] 
647.574: [GC (Allocation Failure) [PSYoungGen: 68448K->1549K(69120K)] 331155K->264257K(752640K), 0.0014702 secs] [Times: user=0.00 sys=0.00, real=0.00 secs] 
647.971: [GC (Allocation Failure) [PSYoungGen: 68621K->1581K(69120K)] 331329K->264321K(752640K), 0.0016905 secs] [Times: user=0.01 sys=0.00, real=0.01 secs] 
648.372: [GC (Allocation Failure) [PSYoungGen: 68653K->1581K(69120K)] 331393K->264321K(752640K), 0.0015236 secs] [Times: user=0.00 sys=0.00, real=0.00 secs] 
649.048: [GC (Allocation Failure) [PSYoungGen: 68653K->1568K(69120K)] 331393K->264307K(752640K), 0.0026331 secs] [Times: user=0.01 sys=0.00, real=0.00 secs] 
649.986: [GC (Allocation Failure) [PSYoungGen: 68640K->1408K(69120K)] 331379K->264147K(752640K), 0.0028719 secs] [Times: user=0.01 sys=0.00, real=0.00 secs] 
650.546: [GC (Allocation Failure) [PSYoungGen: 68480K->1376K(69120K)] 331219K->264115K(752640K), 0.0023108 secs] [Times: user=0.01 sys=0.01, real=0.00 secs] 
651.175: [GC (Allocation Failure) [PSYoungGen: 68448K->1376K(69120K)] 331187K->264115K(752640K), 0.0021915 secs] [Times: user=0.01 sys=0.00, real=0.00 secs] 
651.892: [GC (Allocation Failure) [PSYoungGen: 68448K->1376K(69120K)] 331187K->264115K(752640K), 0.0022718 secs] [Times: user=0.01 sys=0.00, real=0.00 secs] 
652.383: [GC (Allocation Failure) [PSYoungGen: 68448K->1597K(69120K)] 331187K->264337K(752640K), 0.0014610 secs] [Times: user=0.01 sys=0.00, real=0.00 secs] 
652.775: [GC (Allocation Failure) [PSYoungGen: 68669K->1568K(69120K)] 331409K->264307K(752640K), 0.0015333 secs] [Times: user=0.00 sys=0.00, real=0.00 secs] 
653.172: [GC (Allocation Failure) [PSYoungGen: 68640K->1613K(69120K)] 331379K->264361K(752640K), 0.0015060 secs] [Times: user=0.00 sys=0.00, real=0.00 secs] 
653.558: [GC (Allocation Failure) [PSYoungGen: 68685K->1472K(69120K)] 331433K->264227K(752640K), 0.0016526 secs] [Times: user=0.01 sys=0.00, real=0.00 secs] 
653.837: [GC (Allocation Failure) [PSYoungGen: 68544K->1440K(69120K)] 331299K->264195K(752640K), 0.0017445 secs] [Times: user=0.01 sys=0.00, real=0.00 secs] 
654.130: [GC (Allocation Failure) [PSYoungGen: 68512K->1344K(69120K)] 331267K->264099K(752640K), 0.0017513 secs] [Times: user=0.01 sys=0.00, real=0.01 secs] 
654.410: [GC (Allocation Failure) [PSYoungGen: 68416K->1376K(69120K)] 331171K->264131K(752640K), 0.0020678 secs] [Times: user=0.01 sys=0.00, real=0.01 secs] 
654.788: [GC (Allocation Failure) [PSYoungGen: 68448K->1501K(69120K)] 331203K->264257K(752640K), 0.0016006 secs] [Times: user=0.01 sys=0.00, real=0.00 secs] 
655.182: [GC (Allocation Failure) [PSYoungGen: 68573K->1565K(69120K)] 331329K->264321K(752640K), 0.0015022 secs] [Times: user=0.01 sys=0.00, real=0.00 secs] 
655.574: [GC (Allocation Failure) [PSYoungGen: 68637K->1616K(69120K)] 331393K->264371K(752640K), 0.0016489 secs] [Times: user=0.01 sys=0.00, real=0.00 secs] 
655.968: [GC (Allocation Failure) [PSYoungGen: 68688K->1613K(69120K)] 331443K->264385K(752640K), 0.0016154 secs] [Times: user=0.01 sys=0.01, real=0.00 secs] 
656.462: [GC (Allocation Failure) [PSYoungGen: 68685K->1520K(69120K)] 331457K->264291K(752640K), 0.0018158 secs] [Times: user=0.01 sys=0.00, real=0.00 secs] 
656.951: [GC (Allocation Failure) [PSYoungGen: 68592K->1344K(69120K)] 331363K->264115K(752640K), 0.0016127 secs] [Times: user=0.01 sys=0.00, real=0.01 secs] 
657.420: [GC (Allocation Failure) [PSYoungGen: 68416K->1408K(69120K)] 331187K->264203K(752640K), 0.0019295 secs] [Times: user=0.01 sys=0.00, real=0.01 secs] 
657.956: [GC (Allocation Failure) [PSYoungGen: 68480K->1392K(69120K)] 331275K->264187K(752640K), 0.0017211 secs] [Times: user=0.01 sys=0.00, real=0.00 secs] 
658.569: [GC (Allocation Failure) [PSYoungGen: 68464K->1424K(69120K)] 331259K->264219K(752640K), 0.0017968 secs] [Times: user=0.01 sys=0.00, real=0.00 secs] 
659.027: [GC (Allocation Failure) [PSYoungGen: 68496K->1613K(69120K)] 331291K->264409K(752640K), 0.0015074 secs] [Times: user=0.00 sys=0.00, real=0.00 secs] 
659.420: [GC (Allocation Failure) [PSYoungGen: 68685K->1581K(69120K)] 331481K->264377K(752640K), 0.0015019 secs] [Times: user=0.01 sys=0.00, real=0.01 secs] 
659.812: [GC (Allocation Failure) [PSYoungGen: 68653K->1613K(69120K)] 331449K->264425K(752640K), 0.0014973 secs] [Times: user=0.00 sys=0.00, real=0.00 secs] 
660.143: [GC (Allocation Failure) [PSYoungGen: 68685K->1408K(69120K)] 331497K->264219K(752640K), 0.0024803 secs] [Times: user=0.01 sys=0.00, real=0.00 secs] 
660.466: [GC (Allocation Failure) [PSYoungGen: 68480K->1408K(69120K)] 331291K->264219K(752640K), 0.0018248 secs] [Times: user=0.01 sys=0.00, real=0.00 secs] 
661.051: [GC (Allocation Failure) [PSYoungGen: 68480K->1392K(69120K)] 331291K->264203K(752640K), 0.0017712 secs] [Times: user=0.00 sys=0.00, real=0.01 secs] 
661.607: [GC (Allocation Failure) [PSYoungGen: 68464K->1376K(69120K)] 331275K->264187K(752640K), 0.0025002 secs] [Times: user=0.01 sys=0.00, real=0.00 secs] 
662.141: [GC (Allocation Failure) [PSYoungGen: 68448K->1517K(69120K)] 331259K->264329K(752640K), 0.0014298 secs] [Times: user=0.01 sys=0.00, real=0.01 secs] 
662.535: [GC (Allocation Failure) [PSYoungGen: 68589K->1565K(69120K)] 331401K->264377K(752640K), 0.0014984 secs] [Times: user=0.01 sys=0.00, real=0.00 secs] 
662.928: [GC (Allocation Failure) [PSYoungGen: 68637K->1613K(69120K)] 331449K->264425K(752640K), 0.0014699 secs] [Times: user=0.01 sys=0.00, real=0.00 secs] 
663.383: [GC (Allocation Failure) [PSYoungGen: 68685K->1581K(69120K)] 331497K->264409K(752640K), 0.0015608 secs] [Times: user=0.01 sys=0.00, real=0.00 secs] 
663.704: [GC (Allocation Failure) [PSYoungGen: 68653K->1408K(69120K)] 331481K->264235K(752640K), 0.0019561 secs] [Times: user=0.00 sys=0.00, real=0.00 secs] 
664.176: [GC (Allocation Failure) [PSYoungGen: 68480K->1408K(69120K)] 331307K->264235K(752640K), 0.0020773 secs] [Times: user=0.00 sys=0.00, real=0.00 secs] 
664.946: [GC (Allocation Failure) [PSYoungGen: 68480K->1360K(69120K)] 331307K->264187K(752640K), 0.0019743 secs] [Times: user=0.01 sys=0.00, real=0.00 secs] 
665.499: [GC (Allocation Failure) [PSYoungGen: 68432K->1392K(69120K)] 331259K->264219K(752640K), 0.0019597 secs] [Times: user=0.01 sys=0.00, real=0.00 secs] 
665.991: [GC (Allocation Failure) [PSYoungGen: 68464K->1520K(69120K)] 331291K->264347K(752640K), 0.0014125 secs] [Times: user=0.01 sys=0.00, real=0.01 secs] 
666.383: [GC (Allocation Failure) [PSYoungGen: 68592K->1645K(69120K)] 331419K->264473K(752640K), 0.0017049 secs] [Times: user=0.01 sys=0.00, real=0.00 secs] 
666.840: [GC (Allocation Failure) [PSYoungGen: 68717K->1581K(69120K)] 331545K->264409K(752640K), 0.0015901 secs] [Times: user=0.01 sys=0.00, real=0.01 secs] 
667.267: [GC (Allocation Failure) [PSYoungGen: 68653K->1824K(69120K)] 331481K->264651K(752640K), 0.0017189 secs] [Times: user=0.01 sys=0.00, real=0.00 secs] 
667.653: [GC (Allocation Failure) [PSYoungGen: 68896K->1408K(69120K)] 331723K->264235K(752640K), 0.0019035 secs] [Times: user=0.01 sys=0.00, real=0.00 secs] 
668.199: [GC (Allocation Failure) [PSYoungGen: 68480K->1408K(69120K)] 331307K->264251K(752640K), 0.0018116 secs] [Times: user=0.01 sys=0.00, real=0.00 secs] 
668.761: [GC (Allocation Failure) [PSYoungGen: 68480K->1344K(69120K)] 331323K->264187K(752640K), 0.0035435 secs] [Times: user=0.01 sys=0.00, real=0.01 secs] 
669.326: [GC (Allocation Failure) [PSYoungGen: 68416K->1408K(69120K)] 331259K->264251K(752640K), 0.0025717 secs] [Times: user=0.01 sys=0.00, real=0.00 secs] 
669.794: [GC (Allocation Failure) [PSYoungGen: 68480K->1581K(69120K)] 331323K->264425K(752640K), 0.0015412 secs] [Times: user=0.01 sys=0.00, real=0.00 secs] 
670.187: [GC (Allocation Failure) [PSYoungGen: 68653K->1504K(69120K)] 331497K->264347K(752640K), 0.0015038 secs] [Times: user=0.01 sys=0.00, real=0.00 secs] 
670.580: [GC (Allocation Failure) [PSYoungGen: 68576K->1581K(69120K)] 331419K->264425K(752640K), 0.0015507 secs] [Times: user=0.00 sys=0.00, real=0.00 secs] 
671.217: [GC (Allocation Failure) [PSYoungGen: 68653K->1504K(69120K)] 331497K->264347K(752640K), 0.0020626 secs] [Times: user=0.01 sys=0.00, real=0.00 secs] 
671.973: [GC (Allocation Failure) [PSYoungGen: 68576K->1408K(69120K)] 331419K->264251K(752640K), 0.0029098 secs] [Times: user=0.01 sys=0.00, real=0.00 secs] 
672.535: [GC (Allocation Failure) [PSYoungGen: 68480K->1376K(69120K)] 331323K->264219K(752640K), 0.0025368 secs] [Times: user=0.01 sys=0.00, real=0.00 secs] 
673.102: [GC (Allocation Failure) [PSYoungGen: 68448K->1344K(69120K)] 331291K->264187K(752640K), 0.0024476 secs] [Times: user=0.01 sys=0.00, real=0.00 secs] 
673.727: [GC (Allocation Failure) [PSYoungGen: 68416K->1456K(69120K)] 331259K->264299K(752640K), 0.0022665 secs] [Times: user=0.01 sys=0.00, real=0.00 secs] 
674.167: [GC (Allocation Failure) [PSYoungGen: 68528K->1613K(69120K)] 331371K->264457K(752640K), 0.0015093 secs] [Times: user=0.01 sys=0.00, real=0.00 secs] 
674.559: [GC (Allocation Failure) [PSYoungGen: 68685K->1645K(69120K)] 331529K->264489K(752640K), 0.0015361 secs] [Times: user=0.01 sys=0.00, real=0.00 secs] 
675.014: [GC (Allocation Failure) [PSYoungGen: 68717K->1597K(69120K)] 331561K->264457K(752640K), 0.0015122 secs] [Times: user=0.01 sys=0.00, real=0.00 secs] 
675.451: [GC (Allocation Failure) [PSYoungGen: 68669K->1488K(69120K)] 331529K->264347K(752640K), 0.0022335 secs] [Times: user=0.01 sys=0.00, real=0.01 secs] 
676.184: [GC (Allocation Failure) [PSYoungGen: 68560K->1408K(69120K)] 331419K->264267K(752640K), 0.0024602 secs] [Times: user=0.01 sys=0.00, real=0.00 secs] 
676.944: [GC (Allocation Failure) [PSYoungGen: 68480K->1392K(69120K)] 331339K->264251K(752640K), 0.0031860 secs] [Times: user=0.01 sys=0.00, real=0.00 secs] 
677.865: [GC (Allocation Failure) [PSYoungGen: 68464K->1392K(69120K)] 331323K->264251K(752640K), 0.0029854 secs] [Times: user=0.01 sys=0.00, real=0.00 secs] 
678.504: [GC (Allocation Failure) [PSYoungGen: 68464K->1533K(69120K)] 331323K->264393K(752640K), 0.0014011 secs] [Times: user=0.00 sys=0.00, real=0.00 secs] 
678.898: [GC (Allocation Failure) [PSYoungGen: 68605K->1581K(69120K)] 331465K->264441K(752640K), 0.0015003 secs] [Times: user=0.01 sys=0.00, real=0.00 secs] 
679.299: [GC (Allocation Failure) [PSYoungGen: 68653K->1613K(69120K)] 331513K->264473K(752640K), 0.0015913 secs] [Times: user=0.01 sys=0.00, real=0.00 secs] 
679.691: [GC (Allocation Failure) [PSYoungGen: 68685K->1613K(69120K)] 331545K->264497K(752640K), 0.0014966 secs] [Times: user=0.00 sys=0.00, real=0.00 secs] 
680.267: [GC (Allocation Failure) [PSYoungGen: 68685K->1472K(69120K)] 331569K->264355K(752640K), 0.0016763 secs] [Times: user=0.01 sys=0.00, real=0.00 secs] 
680.860: [GC (Allocation Failure) [PSYoungGen: 68544K->1440K(69120K)] 331427K->264331K(752640K), 0.0031582 secs] [Times: user=0.01 sys=0.00, real=0.01 secs] 
681.423: [GC (Allocation Failure) [PSYoungGen: 68512K->1392K(69120K)] 331403K->264283K(752640K), 0.0025127 secs] [Times: user=0.01 sys=0.00, real=0.00 secs] 
681.789: [GC (Allocation Failure) [PSYoungGen: 68464K->1424K(69120K)] 331355K->264315K(752640K), 0.0018762 secs] [Times: user=0.01 sys=0.00, real=0.00 secs] 
682.170: [GC (Allocation Failure) [PSYoungGen: 68496K->1549K(69120K)] 331387K->264441K(752640K), 0.0014491 secs] [Times: user=0.01 sys=0.00, real=0.01 secs] 
682.631: [GC (Allocation Failure) [PSYoungGen: 68621K->1613K(69120K)] 331513K->264505K(752640K), 0.0014924 secs] [Times: user=0.01 sys=0.00, real=0.01 secs] 
683.023: [GC (Allocation Failure) [PSYoungGen: 68685K->1568K(69120K)] 331577K->264459K(752640K), 0.0015966 secs] [Times: user=0.01 sys=0.00, real=0.00 secs] 
683.471: [GC (Allocation Failure) [PSYoungGen: 68640K->1629K(69120K)] 331531K->264537K(752640K), 0.0016460 secs] [Times: user=0.01 sys=0.00, real=0.00 secs] 
684.475: [GC (Allocation Failure) [PSYoungGen: 68701K->1472K(69120K)] 331609K->264379K(752640K), 0.0029857 secs] [Times: user=0.01 sys=0.00, real=0.00 secs] 
685.103: [GC (Allocation Failure) [PSYoungGen: 68544K->1424K(69120K)] 331451K->264331K(752640K), 0.0030261 secs] [Times: user=0.01 sys=0.00, real=0.00 secs] 
685.662: [GC (Allocation Failure) [PSYoungGen: 68496K->1424K(69120K)] 331403K->264331K(752640K), 0.0026049 secs] [Times: user=0.01 sys=0.00, real=0.00 secs] 
686.093: [GC (Allocation Failure) [PSYoungGen: 68496K->1408K(69120K)] 331403K->264315K(752640K), 0.0021177 secs] [Times: user=0.01 sys=0.00, real=0.00 secs] 
686.545: [GC (Allocation Failure) [PSYoungGen: 68480K->1581K(69120K)] 331387K->264489K(752640K), 0.0015528 secs] [Times: user=0.01 sys=0.00, real=0.00 secs] 
686.938: [GC (Allocation Failure) [PSYoungGen: 68653K->1645K(69120K)] 331561K->264553K(752640K), 0.0014691 secs] [Times: user=0.01 sys=0.00, real=0.00 secs] 
687.331: [GC (Allocation Failure) [PSYoungGen: 68717K->1645K(69120K)] 331625K->264553K(752640K), 0.0015340 secs] [Times: user=0.01 sys=0.00, real=0.01 secs] 
687.724: [GC (Allocation Failure) [PSYoungGen: 68717K->1613K(69120K)] 331625K->264537K(752640K), 0.0015994 secs] [Times: user=0.01 sys=0.00, real=0.00 secs] 
688.095: [GC (Allocation Failure) [PSYoungGen: 68685K->1440K(69120K)] 331609K->264411K(752640K), 0.0016816 secs] [Times: user=0.00 sys=0.00, real=0.00 secs] 
688.385: [GC (Allocation Failure) [PSYoungGen: 68512K->1408K(69120K)] 331483K->264379K(752640K), 0.0016856 secs] [Times: user=0.00 sys=0.00, real=0.00 secs] 
688.679: [GC (Allocation Failure) [PSYoungGen: 68480K->1376K(69120K)] 331451K->264347K(752640K), 0.0025312 secs] [Times: user=0.01 sys=0.00, real=0.01 secs] 
689.178: [GC (Allocation Failure) [PSYoungGen: 68448K->1408K(69120K)] 331419K->264379K(752640K), 0.0020757 secs] [Times: user=0.00 sys=0.00, real=0.00 secs] 
689.782: [GC (Allocation Failure) [PSYoungGen: 68480K->1581K(69120K)] 331451K->264553K(752640K), 0.0014785 secs] [Times: user=0.01 sys=0.00, real=0.00 secs] 
690.175: [GC (Allocation Failure) [PSYoungGen: 68653K->1565K(69120K)] 331625K->264537K(752640K), 0.0017434 secs] [Times: user=0.00 sys=0.00, real=0.00 secs] 
690.624: [GC (Allocation Failure) [PSYoungGen: 68637K->1645K(69120K)] 331609K->264617K(752640K), 0.0017400 secs] [Times: user=0.00 sys=0.00, real=0.00 secs] 
691.105: [GC (Allocation Failure) [PSYoungGen: 68717K->1504K(69120K)] 331689K->264475K(752640K), 0.0018510 secs] [Times: user=0.01 sys=0.00, real=0.00 secs] 
691.408: [GC (Allocation Failure) [PSYoungGen: 68576K->1408K(69120K)] 331547K->264379K(752640K), 0.0019059 secs] [Times: user=0.01 sys=0.00, real=0.00 secs] 
691.687: [GC (Allocation Failure) [PSYoungGen: 68480K->1408K(69120K)] 331451K->264379K(752640K), 0.0018045 secs] [Times: user=0.01 sys=0.00, real=0.00 secs] 
691.977: [GC (Allocation Failure) [PSYoungGen: 68480K->1408K(69120K)] 331451K->264379K(752640K), 0.0018975 secs] [Times: user=0.01 sys=0.00, real=0.00 secs] 
692.376: [GC (Allocation Failure) [PSYoungGen: 68480K->1408K(69120K)] 331451K->264379K(752640K), 0.0018189 secs] [Times: user=0.01 sys=0.00, real=0.00 secs] 
692.841: [GC (Allocation Failure) [PSYoungGen: 68480K->1616K(69120K)] 331451K->264587K(752640K), 0.0014319 secs] [Times: user=0.01 sys=0.00, real=0.00 secs] 
693.235: [GC (Allocation Failure) [PSYoungGen: 68688K->1581K(69120K)] 331659K->264553K(752640K), 0.0016545 secs] [Times: user=0.01 sys=0.00, real=0.00 secs] 
693.633: [GC (Allocation Failure) [PSYoungGen: 68653K->1584K(69120K)] 331625K->264555K(752640K), 0.0015727 secs] [Times: user=0.00 sys=0.00, real=0.00 secs] 
694.056: [GC (Allocation Failure) [PSYoungGen: 68656K->1488K(69120K)] 331627K->264467K(752640K), 0.0018757 secs] [Times: user=0.01 sys=0.01, real=0.00 secs] 
694.343: [GC (Allocation Failure) [PSYoungGen: 68560K->1376K(69120K)] 331539K->264355K(752640K), 0.0016994 secs] [Times: user=0.01 sys=0.00, real=0.00 secs] 
694.759: [GC (Allocation Failure) [PSYoungGen: 68448K->1408K(69120K)] 331427K->264387K(752640K), 0.0018302 secs] [Times: user=0.01 sys=0.00, real=0.01 secs] 
695.396: [GC (Allocation Failure) [PSYoungGen: 68480K->1408K(69120K)] 331459K->264387K(752640K), 0.0024995 secs] [Times: user=0.01 sys=0.00, real=0.00 secs] 
696.218: [GC (Allocation Failure) [PSYoungGen: 68480K->1424K(69120K)] 331459K->264403K(752640K), 0.0018716 secs] [Times: user=0.01 sys=0.00, real=0.00 secs] 
696.636: [GC (Allocation Failure) [PSYoungGen: 68496K->1584K(69120K)] 331475K->264563K(752640K), 0.0015279 secs] [Times: user=0.00 sys=0.00, real=0.00 secs] 
697.030: [GC (Allocation Failure) [PSYoungGen: 68656K->1565K(69120K)] 331635K->264545K(752640K), 0.0015983 secs] [Times: user=0.00 sys=0.00, real=0.01 secs] 
697.424: [GC (Allocation Failure) [PSYoungGen: 68637K->1565K(69120K)] 331617K->264569K(752640K), 0.0015553 secs] [Times: user=0.01 sys=0.00, real=0.00 secs] 
697.849: [GC (Allocation Failure) [PSYoungGen: 68637K->1520K(69120K)] 331641K->264523K(752640K), 0.0018912 secs] [Times: user=0.01 sys=0.00, real=0.01 secs] 
698.129: [GC (Allocation Failure) [PSYoungGen: 68592K->1408K(69120K)] 331595K->264411K(752640K), 0.0017712 secs] [Times: user=0.00 sys=0.00, real=0.00 secs] 
698.449: [GC (Allocation Failure) [PSYoungGen: 68480K->1392K(69120K)] 331483K->264395K(752640K), 0.0016849 secs] [Times: user=0.00 sys=0.00, real=0.00 secs] 
698.737: [GC (Allocation Failure) [PSYoungGen: 68464K->1344K(69120K)] 331467K->264347K(752640K), 0.0018204 secs] [Times: user=0.01 sys=0.00, real=0.00 secs] 
699.329: [GC (Allocation Failure) [PSYoungGen: 68416K->1517K(69120K)] 331419K->264521K(752640K), 0.0015170 secs] [Times: user=0.01 sys=0.00, real=0.00 secs] 
699.732: [GC (Allocation Failure) [PSYoungGen: 68559K->1581K(69120K)] 331563K->264585K(752640K), 0.0016157 secs] [Times: user=0.00 sys=0.00, real=0.00 secs] 
700.188: [GC (Allocation Failure) [PSYoungGen: 68653K->1549K(69120K)] 331657K->264553K(752640K), 0.0017341 secs] [Times: user=0.01 sys=0.00, real=0.00 secs] 
700.581: [GC (Allocation Failure) [PSYoungGen: 68621K->1613K(69120K)] 331625K->264633K(752640K), 0.0015405 secs] [Times: user=0.00 sys=0.00, real=0.01 secs] 
701.608: [GC (Allocation Failure) [PSYoungGen: 68685K->1440K(69120K)] 331705K->264459K(752640K), 0.0033418 secs] [Times: user=0.01 sys=0.00, real=0.01 secs] 
701.974: [GC (Allocation Failure) [PSYoungGen: 68512K->1360K(69120K)] 331531K->264379K(752640K), 0.0018149 secs] [Times: user=0.01 sys=0.00, real=0.00 secs] 
702.253: [GC (Allocation Failure) [PSYoungGen: 68432K->1344K(69120K)] 331451K->264363K(752640K), 0.0018664 secs] [Times: user=0.01 sys=0.00, real=0.00 secs] 
702.531: [GC (Allocation Failure) [PSYoungGen: 68416K->1376K(69120K)] 331435K->264395K(752640K), 0.0032467 secs] [Times: user=0.02 sys=0.00, real=0.01 secs] 
703.002: [GC (Allocation Failure) [PSYoungGen: 68448K->1581K(69120K)] 331467K->264601K(752640K), 0.0014449 secs] [Times: user=0.01 sys=0.00, real=0.00 secs] 
703.396: [GC (Allocation Failure) [PSYoungGen: 68653K->1616K(69120K)] 331673K->264635K(752640K), 0.0015938 secs] [Times: user=0.00 sys=0.00, real=0.00 secs] 
703.791: [GC (Allocation Failure) [PSYoungGen: 68688K->1581K(69120K)] 331707K->264601K(752640K), 0.0016274 secs] [Times: user=0.01 sys=0.00, real=0.01 secs] 
704.247: [GC (Allocation Failure) [PSYoungGen: 68653K->1613K(69120K)] 331673K->264649K(752640K), 0.0015582 secs] [Times: user=0.01 sys=0.00, real=0.00 secs] 
704.583: [GC (Allocation Failure) [PSYoungGen: 68685K->1472K(69120K)] 331721K->264507K(752640K), 0.0024112 secs] [Times: user=0.01 sys=0.00, real=0.00 secs] 
704.856: [GC (Allocation Failure) [PSYoungGen: 68544K->1408K(69120K)] 331579K->264443K(752640K), 0.0019345 secs] [Times: user=0.01 sys=0.00, real=0.00 secs] 
705.149: [GC (Allocation Failure) [PSYoungGen: 68480K->1408K(69120K)] 331515K->264443K(752640K), 0.0018323 secs] [Times: user=0.01 sys=0.00, real=0.00 secs] 
705.428: [GC (Allocation Failure) [PSYoungGen: 68480K->1472K(69120K)] 331515K->264507K(752640K), 0.0018770 secs] [Times: user=0.00 sys=0.00, real=0.00 secs] 
705.824: [GC (Allocation Failure) [PSYoungGen: 68544K->1517K(69120K)] 331579K->264553K(752640K), 0.0014546 secs] [Times: user=0.01 sys=0.00, real=0.00 secs] 
706.216: [GC (Allocation Failure) [PSYoungGen: 68589K->1597K(69120K)] 331625K->264633K(752640K), 0.0015739 secs] [Times: user=0.01 sys=0.00, real=0.00 secs] 
706.609: [GC (Allocation Failure) [PSYoungGen: 68669K->1565K(69120K)] 331705K->264601K(752640K), 0.0015398 secs] [Times: user=0.01 sys=0.00, real=0.00 secs] 
707.040: [GC (Allocation Failure) [PSYoungGen: 68637K->1792K(69120K)] 331673K->264851K(752640K), 0.0017188 secs] [Times: user=0.01 sys=0.00, real=0.01 secs] 
707.360: [GC (Allocation Failure) [PSYoungGen: 68864K->1408K(69120K)] 331923K->264467K(752640K), 0.0020185 secs] [Times: user=0.01 sys=0.00, real=0.01 secs] 
707.974: [GC (Allocation Failure) [PSYoungGen: 68480K->1408K(69120K)] 331539K->264467K(752640K), 0.0016579 secs] [Times: user=0.01 sys=0.00, real=0.00 secs] 
708.533: [GC (Allocation Failure) [PSYoungGen: 68480K->1392K(69120K)] 331539K->264451K(752640K), 0.0018567 secs] [Times: user=0.01 sys=0.00, real=0.00 secs] 
709.171: [GC (Allocation Failure) [PSYoungGen: 68464K->1376K(69120K)] 331523K->264435K(752640K), 0.0030323 secs] [Times: user=0.01 sys=0.00, real=0.01 secs] 
709.688: [GC (Allocation Failure) [PSYoungGen: 68448K->1549K(69120K)] 331507K->264609K(752640K), 0.0014814 secs] [Times: user=0.01 sys=0.00, real=0.00 secs] 
710.093: [GC (Allocation Failure) [PSYoungGen: 68621K->1565K(69120K)] 331681K->264625K(752640K), 0.0015809 secs] [Times: user=0.01 sys=0.00, real=0.00 secs] 
710.487: [GC (Allocation Failure) [PSYoungGen: 68637K->1597K(69120K)] 331697K->264657K(752640K), 0.0014754 secs] [Times: user=0.00 sys=0.00, real=0.00 secs] 
710.896: [GC (Allocation Failure) [PSYoungGen: 68669K->1504K(69120K)] 331729K->264571K(752640K), 0.0016049 secs] [Times: user=0.01 sys=0.00, real=0.00 secs] 
711.752: [GC (Allocation Failure) [PSYoungGen: 68576K->1440K(69120K)] 331643K->264507K(752640K), 0.0031245 secs] [Times: user=0.01 sys=0.00, real=0.00 secs] 
712.674: [GC (Allocation Failure) [PSYoungGen: 68512K->1360K(69120K)] 331579K->264427K(752640K), 0.0030914 secs] [Times: user=0.01 sys=0.00, real=0.00 secs] 
713.676: [GC (Allocation Failure) [PSYoungGen: 68432K->1408K(69120K)] 331499K->264475K(752640K), 0.0038108 secs] [Times: user=0.01 sys=0.00, real=0.00 secs] 
714.433: [GC (Allocation Failure) [PSYoungGen: 68480K->1408K(69120K)] 331547K->264475K(752640K), 0.0025250 secs] [Times: user=0.01 sys=0.00, real=0.00 secs] 
714.891: [GC (Allocation Failure) [PSYoungGen: 68480K->1581K(69120K)] 331547K->264649K(752640K), 0.0015069 secs] [Times: user=0.00 sys=0.00, real=0.00 secs] 
715.283: [GC (Allocation Failure) [PSYoungGen: 68653K->1597K(69120K)] 331721K->264665K(752640K), 0.0015984 secs] [Times: user=0.01 sys=0.01, real=0.00 secs] 
715.678: [GC (Allocation Failure) [PSYoungGen: 68669K->1645K(69120K)] 331737K->264737K(752640K), 0.0015055 secs] [Times: user=0.01 sys=0.00, real=0.00 secs] 
716.318: [GC (Allocation Failure) [PSYoungGen: 68717K->1520K(69120K)] 331809K->264619K(752640K), 0.0017788 secs] [Times: user=0.01 sys=0.00, real=0.00 secs] 
717.060: [GC (Allocation Failure) [PSYoungGen: 68592K->1408K(69120K)] 331691K->264507K(752640K), 0.0025581 secs] [Times: user=0.01 sys=0.00, real=0.01 secs] 
717.569: [GC (Allocation Failure) [PSYoungGen: 68480K->1376K(69120K)] 331579K->264475K(752640K), 0.0019113 secs] [Times: user=0.01 sys=0.00, real=0.00 secs] 
717.848: [GC (Allocation Failure) [PSYoungGen: 68448K->1408K(69120K)] 331547K->264507K(752640K), 0.0018181 secs] [Times: user=0.00 sys=0.00, real=0.00 secs] 
718.235: [GC (Allocation Failure) [PSYoungGen: 68480K->1533K(69120K)] 331579K->264633K(752640K), 0.0013581 secs] [Times: user=0.00 sys=0.00, real=0.00 secs] 
718.632: [GC (Allocation Failure) [PSYoungGen: 68605K->1565K(69120K)] 331705K->264665K(752640K), 0.0015220 secs] [Times: user=0.00 sys=0.00, real=0.00 secs] 
719.031: [GC (Allocation Failure) [PSYoungGen: 68637K->1597K(69120K)] 331737K->264697K(752640K), 0.0015266 secs] [Times: user=0.00 sys=0.00, real=0.01 secs] 
719.482: [GC (Allocation Failure) [PSYoungGen: 68669K->1584K(69120K)] 331769K->264715K(752640K), 0.0015237 secs] [Times: user=0.01 sys=0.00, real=0.00 secs] 
719.873: [GC (Allocation Failure) [PSYoungGen: 68656K->1488K(69120K)] 331787K->264619K(752640K), 0.0020331 secs] [Times: user=0.01 sys=0.00, real=0.00 secs] 
720.152: [GC (Allocation Failure) [PSYoungGen: 68560K->1376K(69120K)] 331691K->264507K(752640K), 0.0018104 secs] [Times: user=0.00 sys=0.00, real=0.00 secs] 
720.430: [GC (Allocation Failure) [PSYoungGen: 68448K->1344K(69120K)] 331579K->264475K(752640K), 0.0017395 secs] [Times: user=0.00 sys=0.00, real=0.01 secs] 
720.710: [GC (Allocation Failure) [PSYoungGen: 68416K->1408K(69120K)] 331547K->264539K(752640K), 0.0017445 secs] [Times: user=0.01 sys=0.00, real=0.01 secs] 
721.170: [GC (Allocation Failure) [PSYoungGen: 68480K->1517K(69120K)] 331611K->264649K(752640K), 0.0014456 secs] [Times: user=0.01 sys=0.00, real=0.01 secs] 
721.562: [GC (Allocation Failure) [PSYoungGen: 68589K->1565K(69120K)] 331721K->264697K(752640K), 0.0014788 secs] [Times: user=0.00 sys=0.00, real=0.00 secs] 
721.957: [GC (Allocation Failure) [PSYoungGen: 68637K->1613K(69120K)] 331769K->264745K(752640K), 0.0015193 secs] [Times: user=0.01 sys=0.00, real=0.00 secs] 
722.352: [GC (Allocation Failure) [PSYoungGen: 68685K->1581K(69120K)] 331817K->264737K(752640K), 0.0015252 secs] [Times: user=0.00 sys=0.00, real=0.00 secs] 
723.295: [GC (Allocation Failure) [PSYoungGen: 68653K->1408K(69120K)] 331809K->264563K(752640K), 0.0038711 secs] [Times: user=0.01 sys=0.00, real=0.00 secs] 
723.918: [GC (Allocation Failure) [PSYoungGen: 68480K->1408K(69120K)] 331635K->264563K(752640K), 0.0030108 secs] [Times: user=0.02 sys=0.00, real=0.01 secs] 
724.284: [GC (Allocation Failure) [PSYoungGen: 68480K->1376K(69120K)] 331635K->264531K(752640K), 0.0018439 secs] [Times: user=0.01 sys=0.00, real=0.00 secs] 
724.596: [GC (Allocation Failure) [PSYoungGen: 68448K->1376K(69120K)] 331603K->264531K(752640K), 0.0017744 secs] [Times: user=0.01 sys=0.00, real=0.00 secs] 
724.995: [GC (Allocation Failure) [PSYoungGen: 68448K->1597K(69120K)] 331603K->264753K(752640K), 0.0015006 secs] [Times: user=0.01 sys=0.00, real=0.00 secs] 
725.390: [GC (Allocation Failure) [PSYoungGen: 68669K->1581K(69120K)] 331825K->264737K(752640K), 0.0014559 secs] [Times: user=0.01 sys=0.00, real=0.00 secs] 
725.846: [GC (Allocation Failure) [PSYoungGen: 68653K->1565K(69120K)] 331809K->264721K(752640K), 0.0017010 secs] [Times: user=0.01 sys=0.00, real=0.00 secs] 
726.240: [GC (Allocation Failure) [PSYoungGen: 68637K->1565K(69120K)] 331793K->264737K(752640K), 0.0016409 secs] [Times: user=0.01 sys=0.00, real=0.01 secs] 
727.348: [GC (Allocation Failure) [PSYoungGen: 68637K->1424K(69120K)] 331809K->264595K(752640K), 0.0028523 secs] [Times: user=0.01 sys=0.00, real=0.00 secs] 
727.786: [GC (Allocation Failure) [PSYoungGen: 68496K->1408K(69120K)] 331667K->264579K(752640K), 0.0019379 secs] [Times: user=0.01 sys=0.00, real=0.00 secs] 
728.107: [GC (Allocation Failure) [PSYoungGen: 68480K->1408K(69120K)] 331651K->264579K(752640K), 0.0018517 secs] [Times: user=0.00 sys=0.00, real=0.00 secs] 
728.468: [GC (Allocation Failure) [PSYoungGen: 68480K->1408K(69120K)] 331651K->264587K(752640K), 0.0017198 secs] [Times: user=0.01 sys=0.00, real=0.00 secs] 
728.915: [GC (Allocation Failure) [PSYoungGen: 68480K->1565K(69120K)] 331659K->264745K(752640K), 0.0016973 secs] [Times: user=0.00 sys=0.00, real=0.00 secs] 
729.309: [GC (Allocation Failure) [PSYoungGen: 68637K->1584K(69120K)] 331817K->264763K(752640K), 0.0015236 secs] [Times: user=0.01 sys=0.00, real=0.00 secs] 
729.703: [GC (Allocation Failure) [PSYoungGen: 68656K->1581K(69120K)] 331835K->264761K(752640K), 0.0016528 secs] [Times: user=0.01 sys=0.00, real=0.00 secs] 
730.121: [GC (Allocation Failure) [PSYoungGen: 68653K->1536K(69120K)] 331833K->264723K(752640K), 0.0016910 secs] [Times: user=0.01 sys=0.00, real=0.01 secs] 
730.400: [GC (Allocation Failure) [PSYoungGen: 68608K->1376K(69120K)] 331795K->264563K(752640K), 0.0015407 secs] [Times: user=0.00 sys=0.00, real=0.01 secs] 
730.679: [GC (Allocation Failure) [PSYoungGen: 68448K->1376K(69120K)] 331635K->264563K(752640K), 0.0016452 secs] [Times: user=0.01 sys=0.00, real=0.00 secs] 
730.957: [GC (Allocation Failure) [PSYoungGen: 68448K->1408K(69120K)] 331635K->264595K(752640K), 0.0020032 secs] [Times: user=0.01 sys=0.00, real=0.00 secs] 
731.236: [GC (Allocation Failure) [PSYoungGen: 68480K->1408K(69120K)] 331667K->264595K(752640K), 0.0018970 secs] [Times: user=0.01 sys=0.00, real=0.00 secs] 
731.701: [GC (Allocation Failure) [PSYoungGen: 68480K->1565K(69120K)] 331667K->264753K(752640K), 0.0015026 secs] [Times: user=0.01 sys=0.00, real=0.01 secs] 
732.093: [GC (Allocation Failure) [PSYoungGen: 68637K->1648K(69120K)] 331825K->264835K(752640K), 0.0016333 secs] [Times: user=0.00 sys=0.00, real=0.00 secs] 
732.487: [GC (Allocation Failure) [PSYoungGen: 68720K->1584K(69120K)] 331907K->264771K(752640K), 0.0014735 secs] [Times: user=0.01 sys=0.00, real=0.00 secs] 
732.936: [GC (Allocation Failure) [PSYoungGen: 68656K->1504K(69120K)] 331843K->264699K(752640K), 0.0015585 secs] [Times: user=0.00 sys=0.00, real=0.00 secs] 
733.450: [GC (Allocation Failure) [PSYoungGen: 68576K->1360K(69120K)] 331771K->264555K(752640K), 0.0017101 secs] [Times: user=0.01 sys=0.00, real=0.01 secs] 
733.985: [GC (Allocation Failure) [PSYoungGen: 68432K->1376K(69120K)] 331627K->264571K(752640K), 0.0016318 secs] [Times: user=0.01 sys=0.00, real=0.00 secs] 
734.529: [GC (Allocation Failure) [PSYoungGen: 68448K->1376K(69120K)] 331643K->264571K(752640K), 0.0016401 secs] [Times: user=0.00 sys=0.00, real=0.00 secs] 
735.095: [GC (Allocation Failure) [PSYoungGen: 68448K->1501K(69120K)] 331643K->264697K(752640K), 0.0018418 secs] [Times: user=0.01 sys=0.00, real=0.00 secs] 
735.495: [GC (Allocation Failure) [PSYoungGen: 68573K->1613K(69120K)] 331769K->264817K(752640K), 0.0016289 secs] [Times: user=0.01 sys=0.00, real=0.00 secs] 
735.886: [GC (Allocation Failure) [PSYoungGen: 68685K->1629K(69120K)] 331889K->264841K(752640K), 0.0014608 secs] [Times: user=0.00 sys=0.00, real=0.00 secs] 
736.339: [GC (Allocation Failure) [PSYoungGen: 68701K->1581K(69120K)] 331913K->264817K(752640K), 0.0017105 secs] [Times: user=0.00 sys=0.00, real=0.00 secs] 
736.965: [GC (Allocation Failure) [PSYoungGen: 68653K->1488K(69120K)] 331889K->264723K(752640K), 0.0025156 secs] [Times: user=0.01 sys=0.00, real=0.00 secs] 
737.243: [GC (Allocation Failure) [PSYoungGen: 68560K->1376K(69120K)] 331795K->264611K(752640K), 0.0019145 secs] [Times: user=0.01 sys=0.00, real=0.00 secs] 
737.563: [GC (Allocation Failure) [PSYoungGen: 68448K->1376K(69120K)] 331683K->264627K(752640K), 0.0017487 secs] [Times: user=0.01 sys=0.00, real=0.00 secs] 
737.841: [GC (Allocation Failure) [PSYoungGen: 68448K->1408K(69120K)] 331699K->264659K(752640K), 0.0018277 secs] [Times: user=0.01 sys=0.00, real=0.01 secs] 
738.314: [GC (Allocation Failure) [PSYoungGen: 68480K->1485K(69120K)] 331731K->264745K(752640K), 0.0014036 secs] [Times: user=0.00 sys=0.00, real=0.00 secs] 
738.710: [GC (Allocation Failure) [PSYoungGen: 68557K->1613K(69120K)] 331817K->264873K(752640K), 0.0014952 secs] [Times: user=0.01 sys=0.00, real=0.01 secs] 
739.166: [GC (Allocation Failure) [PSYoungGen: 68685K->1565K(69120K)] 331945K->264825K(752640K), 0.0017001 secs] [Times: user=0.01 sys=0.00, real=0.00 secs] 
739.559: [GC (Allocation Failure) [PSYoungGen: 68637K->1597K(69120K)] 331897K->264873K(752640K), 0.0016121 secs] [Times: user=0.00 sys=0.00, real=0.00 secs] 
740.111: [GC (Allocation Failure) [PSYoungGen: 68669K->1424K(69120K)] 331945K->264707K(752640K), 0.0025408 secs] [Times: user=0.01 sys=0.00, real=0.01 secs] 
740.747: [GC (Allocation Failure) [PSYoungGen: 68496K->1376K(69120K)] 331779K->264659K(752640K), 0.0022161 secs] [Times: user=0.01 sys=0.00, real=0.00 secs] 
741.312: [GC (Allocation Failure) [PSYoungGen: 68448K->1376K(69120K)] 331731K->264659K(752640K), 0.0028643 secs] [Times: user=0.02 sys=0.00, real=0.00 secs] 
741.649: [GC (Allocation Failure) [PSYoungGen: 68448K->1376K(69120K)] 331731K->264659K(752640K), 0.0018792 secs] [Times: user=0.01 sys=0.00, real=0.01 secs] 
742.030: [GC (Allocation Failure) [PSYoungGen: 68448K->1549K(69120K)] 331731K->264841K(752640K), 0.0014636 secs] [Times: user=0.00 sys=0.00, real=0.01 secs] 
742.424: [GC (Allocation Failure) [PSYoungGen: 68621K->1584K(69120K)] 331913K->264875K(752640K), 0.0015373 secs] [Times: user=0.01 sys=0.00, real=0.00 secs] 
742.815: [GC (Allocation Failure) [PSYoungGen: 68656K->1565K(69120K)] 331947K->264857K(752640K), 0.0016169 secs] [Times: user=0.01 sys=0.00, real=0.00 secs] 
743.209: [GC (Allocation Failure) [PSYoungGen: 68637K->1581K(69120K)] 331929K->264889K(752640K), 0.0015015 secs] [Times: user=0.00 sys=0.00, real=0.00 secs] 
743.885: [GC (Allocation Failure) [PSYoungGen: 68653K->1472K(69120K)] 331961K->264779K(752640K), 0.0017866 secs] [Times: user=0.01 sys=0.00, real=0.00 secs] 
744.501: [GC (Allocation Failure) [PSYoungGen: 68544K->1376K(69120K)] 331851K->264683K(752640K), 0.0031386 secs] [Times: user=0.01 sys=0.00, real=0.00 secs] 
745.201: [GC (Allocation Failure) [PSYoungGen: 68448K->1376K(69120K)] 331755K->264683K(752640K), 0.0028265 secs] [Times: user=0.01 sys=0.00, real=0.01 secs] 
745.707: [GC (Allocation Failure) [PSYoungGen: 68448K->1408K(69120K)] 331755K->264723K(752640K), 0.0025661 secs] [Times: user=0.01 sys=0.00, real=0.00 secs] 
746.220: [GC (Allocation Failure) [PSYoungGen: 68480K->1565K(69120K)] 331795K->264881K(752640K), 0.0015367 secs] [Times: user=0.01 sys=0.00, real=0.01 secs] 
746.613: [GC (Allocation Failure) [PSYoungGen: 68637K->1613K(69120K)] 331953K->264929K(752640K), 0.0014836 secs] [Times: user=0.01 sys=0.00, real=0.00 secs] 
747.006: [GC (Allocation Failure) [PSYoungGen: 68685K->1584K(69120K)] 332001K->264899K(752640K), 0.0016282 secs] [Times: user=0.00 sys=0.00, real=0.00 secs] 
747.499: [GC (Allocation Failure) [PSYoungGen: 68656K->1680K(69120K)] 331971K->265027K(752640K), 0.0016958 secs] [Times: user=0.01 sys=0.00, real=0.00 secs] 
748.440: [GC (Allocation Failure) [PSYoungGen: 68752K->1360K(69120K)] 332099K->264707K(752640K), 0.0023177 secs] [Times: user=0.01 sys=0.00, real=0.01 secs] 
749.078: [GC (Allocation Failure) [PSYoungGen: 68432K->1376K(69120K)] 331779K->264747K(752640K), 0.0022263 secs] [Times: user=0.01 sys=0.00, real=0.00 secs] 
749.636: [GC (Allocation Failure) [PSYoungGen: 68448K->1376K(69120K)] 331819K->264747K(752640K), 0.0018879 secs] [Times: user=0.01 sys=0.00, real=0.00 secs] 
750.219: [GC (Allocation Failure) [PSYoungGen: 68448K->1376K(69120K)] 331819K->264755K(752640K), 0.0029860 secs] [Times: user=0.01 sys=0.00, real=0.01 secs] 
750.787: [GC (Allocation Failure) [PSYoungGen: 68448K->1517K(69120K)] 331827K->264897K(752640K), 0.0043082 secs] [Times: user=0.02 sys=0.00, real=0.01 secs] 
751.191: [GC (Allocation Failure) [PSYoungGen: 68573K->1565K(69120K)] 331953K->264945K(752640K), 0.0014991 secs] [Times: user=0.01 sys=0.00, real=0.01 secs] 
751.583: [GC (Allocation Failure) [PSYoungGen: 68637K->1616K(69120K)] 332017K->264995K(752640K), 0.0015672 secs] [Times: user=0.01 sys=0.00, real=0.00 secs] 
751.995: [GC (Allocation Failure) [PSYoungGen: 68688K->1504K(69120K)] 332067K->264883K(752640K), 0.0020501 secs] [Times: user=0.00 sys=0.00, real=0.00 secs] 
752.275: [GC (Allocation Failure) [PSYoungGen: 68576K->1376K(69120K)] 331955K->264755K(752640K), 0.0018383 secs] [Times: user=0.00 sys=0.00, real=0.00 secs] 
752.718: [GC (Allocation Failure) [PSYoungGen: 68448K->1376K(69120K)] 331827K->264755K(752640K), 0.0018427 secs] [Times: user=0.01 sys=0.00, real=0.00 secs] 
753.455: [GC (Allocation Failure) [PSYoungGen: 68448K->1360K(69120K)] 331827K->264739K(752640K), 0.0022583 secs] [Times: user=0.01 sys=0.01, real=0.00 secs] 
754.454: [GC (Allocation Failure) [PSYoungGen: 68432K->1440K(69120K)] 331811K->264819K(752640K), 0.0030149 secs] [Times: user=0.01 sys=0.00, real=0.00 secs] 
754.938: [GC (Allocation Failure) [PSYoungGen: 68512K->1597K(69120K)] 331891K->264977K(752640K), 0.0015391 secs] [Times: user=0.00 sys=0.00, real=0.00 secs] 
755.330: [GC (Allocation Failure) [PSYoungGen: 68669K->1616K(69120K)] 332049K->264995K(752640K), 0.0015319 secs] [Times: user=0.01 sys=0.00, real=0.01 secs] 
755.725: [GC (Allocation Failure) [PSYoungGen: 68688K->1581K(69120K)] 332067K->264977K(752640K), 0.0015377 secs] [Times: user=0.00 sys=0.00, real=0.00 secs] 
756.348: [GC (Allocation Failure) [PSYoungGen: 68653K->1504K(69120K)] 332049K->264899K(752640K), 0.0016322 secs] [Times: user=0.01 sys=0.00, real=0.00 secs] 
756.775: [GC (Allocation Failure) [PSYoungGen: 68576K->1408K(69120K)] 331971K->264803K(752640K), 0.0016646 secs] [Times: user=0.01 sys=0.00, real=0.00 secs] 
757.062: [GC (Allocation Failure) [PSYoungGen: 68480K->1392K(69120K)] 331875K->264787K(752640K), 0.0017999 secs] [Times: user=0.01 sys=0.00, real=0.00 secs] 
757.341: [GC (Allocation Failure) [PSYoungGen: 68464K->1344K(69120K)] 331859K->264739K(752640K), 0.0016413 secs] [Times: user=0.00 sys=0.00, real=0.01 secs] 
757.672: [GC (Allocation Failure) [PSYoungGen: 68416K->1488K(69120K)] 331811K->264891K(752640K), 0.0014970 secs] [Times: user=0.00 sys=0.00, real=0.00 secs] 
758.064: [GC (Allocation Failure) [PSYoungGen: 68560K->1613K(69120K)] 331963K->265041K(752640K), 0.0015042 secs] [Times: user=0.01 sys=0.00, real=0.00 secs] 
758.512: [GC (Allocation Failure) [PSYoungGen: 68685K->1597K(69120K)] 332113K->265025K(752640K), 0.0015105 secs] [Times: user=0.00 sys=0.00, real=0.00 secs] 
758.910: [GC (Allocation Failure) [PSYoungGen: 68669K->1616K(69120K)] 332097K->265067K(752640K), 0.0015061 secs] [Times: user=0.00 sys=0.00, real=0.01 secs] 
759.456: [GC (Allocation Failure) [PSYoungGen: 68688K->1472K(69120K)] 332139K->264923K(752640K), 0.0024750 secs] [Times: user=0.01 sys=0.00, real=0.00 secs] 
759.726: [GC (Allocation Failure) [PSYoungGen: 68544K->1408K(69120K)] 331995K->264859K(752640K), 0.0018032 secs] [Times: user=0.01 sys=0.00, real=0.00 secs] 
760.004: [GC (Allocation Failure) [PSYoungGen: 68480K->1376K(69120K)] 331931K->264827K(752640K), 0.0016497 secs] [Times: user=0.01 sys=0.00, real=0.00 secs] 
760.283: [GC (Allocation Failure) [PSYoungGen: 68448K->1392K(69120K)] 331899K->264843K(752640K), 0.0020215 secs] [Times: user=0.00 sys=0.00, real=0.00 secs] 
760.646: [GC (Allocation Failure) [PSYoungGen: 68464K->1597K(69120K)] 331915K->265049K(752640K), 0.0015121 secs] [Times: user=0.01 sys=0.00, real=0.00 secs] 
761.038: [GC (Allocation Failure) [PSYoungGen: 68669K->1536K(69120K)] 332121K->264987K(752640K), 0.0061595 secs] [Times: user=0.03 sys=0.00, real=0.01 secs] 
761.520: [GC (Allocation Failure) [PSYoungGen: 68608K->1616K(69120K)] 332059K->265067K(752640K), 0.0015016 secs] [Times: user=0.00 sys=0.00, real=0.01 secs] 
761.914: [GC (Allocation Failure) [PSYoungGen: 68688K->1613K(69120K)] 332139K->265089K(752640K), 0.0015928 secs] [Times: user=0.01 sys=0.00, real=0.00 secs] 
762.856: [GC (Allocation Failure) [PSYoungGen: 68685K->1408K(69120K)] 332161K->264883K(752640K), 0.0032988 secs] [Times: user=0.01 sys=0.00, real=0.00 secs] 
763.393: [GC (Allocation Failure) [PSYoungGen: 68480K->1440K(69120K)] 331955K->264915K(752640K), 0.0023524 secs] [Times: user=0.01 sys=0.00, real=0.00 secs] 
763.841: [GC (Allocation Failure) [PSYoungGen: 68512K->1376K(69120K)] 331987K->264851K(752640K), 0.0017004 secs] [Times: user=0.01 sys=0.00, real=0.01 secs] 
764.506: [GC (Allocation Failure) [PSYoungGen: 68448K->1424K(69120K)] 331923K->264907K(752640K), 0.0030044 secs] [Times: user=0.01 sys=0.00, real=0.00 secs] 
765.064: [GC (Allocation Failure) [PSYoungGen: 68496K->1504K(69120K)] 331979K->264987K(752640K), 0.0015439 secs] [Times: user=0.01 sys=0.00, real=0.00 secs] 
765.456: [GC (Allocation Failure) [PSYoungGen: 68576K->1581K(69120K)] 332059K->265065K(752640K), 0.0014272 secs] [Times: user=0.01 sys=0.00, real=0.00 secs] 
765.848: [GC (Allocation Failure) [PSYoungGen: 68653K->1565K(69120K)] 332137K->265049K(752640K), 0.0014856 secs] [Times: user=0.01 sys=0.00, real=0.00 secs] 
766.241: [GC (Allocation Failure) [PSYoungGen: 68637K->1597K(69120K)] 332121K->265097K(752640K), 0.0015067 secs] [Times: user=0.01 sys=0.00, real=0.00 secs] 
766.875: [GC (Allocation Failure) [PSYoungGen: 68669K->1440K(69120K)] 332169K->264939K(752640K), 0.0019099 secs] [Times: user=0.01 sys=0.00, real=0.00 secs] 
767.168: [GC (Allocation Failure) [PSYoungGen: 68512K->1376K(69120K)] 332011K->264875K(752640K), 0.0017874 secs] [Times: user=0.00 sys=0.00, real=0.00 secs] 
767.461: [GC (Allocation Failure) [PSYoungGen: 68448K->1376K(69120K)] 331947K->264875K(752640K), 0.0018662 secs] [Times: user=0.01 sys=0.00, real=0.01 secs] 
767.822: [GC (Allocation Failure) [PSYoungGen: 68448K->1376K(69120K)] 331947K->264875K(752640K), 0.0016656 secs] [Times: user=0.01 sys=0.00, real=0.00 secs] 
768.272: [GC (Allocation Failure) [PSYoungGen: 68448K->1565K(69120K)] 331947K->265081K(752640K), 0.0014368 secs] [Times: user=0.00 sys=0.00, real=0.00 secs] 
768.664: [GC (Allocation Failure) [PSYoungGen: 68637K->1584K(69120K)] 332153K->265099K(752640K), 0.0014968 secs] [Times: user=0.01 sys=0.00, real=0.00 secs] 
769.062: [GC (Allocation Failure) [PSYoungGen: 68656K->1645K(69120K)] 332171K->265161K(752640K), 0.0015752 secs] [Times: user=0.00 sys=0.00, real=0.00 secs] 
769.504: [GC (Allocation Failure) [PSYoungGen: 68717K->2016K(69120K)] 332233K->265539K(752640K), 0.0018974 secs] [Times: user=0.00 sys=0.00, real=0.00 secs] 
769.789: [GC (Allocation Failure) [PSYoungGen: 69088K->1376K(69120K)] 332611K->264899K(752640K), 0.0017058 secs] [Times: user=0.01 sys=0.00, real=0.00 secs] 
770.067: [GC (Allocation Failure) [PSYoungGen: 68448K->1376K(69120K)] 331971K->264899K(752640K), 0.0017037 secs] [Times: user=0.00 sys=0.00, real=0.00 secs] 
770.346: [GC (Allocation Failure) [PSYoungGen: 68448K->1408K(69120K)] 331971K->264931K(752640K), 0.0020459 secs] [Times: user=0.01 sys=0.00, real=0.00 secs] 
770.625: [GC (Allocation Failure) [PSYoungGen: 68480K->1376K(69120K)] 332003K->264899K(752640K), 0.0017980 secs] [Times: user=0.01 sys=0.00, real=0.00 secs] 
771.039: [GC (Allocation Failure) [PSYoungGen: 68448K->1616K(69120K)] 331971K->265139K(752640K), 0.0015085 secs] [Times: user=0.01 sys=0.00, real=0.00 secs] 
771.441: [GC (Allocation Failure) [PSYoungGen: 68688K->1584K(69120K)] 332211K->265107K(752640K), 0.0014654 secs] [Times: user=0.01 sys=0.00, real=0.01 secs] 
771.836: [GC (Allocation Failure) [PSYoungGen: 68656K->1613K(69120K)] 332179K->265137K(752640K), 0.0014928 secs] [Times: user=0.00 sys=0.00, real=0.00 secs] 
772.724: [GC (Allocation Failure) [PSYoungGen: 68685K->1504K(69120K)] 332209K->265035K(752640K), 0.0022818 secs] [Times: user=0.01 sys=0.00, real=0.00 secs] 
773.799: [GC (Allocation Failure) [PSYoungGen: 68576K->1408K(69120K)] 332107K->264939K(752640K), 0.0023036 secs] [Times: user=0.01 sys=0.00, real=0.01 secs] 
774.110: [GC (Allocation Failure) [PSYoungGen: 68480K->1376K(69120K)] 332011K->264907K(752640K), 0.0018533 secs] [Times: user=0.01 sys=0.00, real=0.01 secs] 
774.388: [GC (Allocation Failure) [PSYoungGen: 68448K->1376K(69120K)] 331979K->264907K(752640K), 0.0017780 secs] [Times: user=0.00 sys=0.00, real=0.00 secs] 
774.837: [GC (Allocation Failure) [PSYoungGen: 68448K->1485K(69120K)] 331979K->265017K(752640K), 0.0015727 secs] [Times: user=0.00 sys=0.00, real=0.00 secs] 
775.229: [GC (Allocation Failure) [PSYoungGen: 68557K->1613K(69120K)] 332089K->265145K(752640K), 0.0015408 secs] [Times: user=0.00 sys=0.00, real=0.00 secs] 
775.625: [GC (Allocation Failure) [PSYoungGen: 68685K->1581K(69120K)] 332217K->265113K(752640K), 0.0016935 secs] [Times: user=0.01 sys=0.00, real=0.00 secs] 
776.019: [GC (Allocation Failure) [PSYoungGen: 68653K->1549K(69120K)] 332185K->265097K(752640K), 0.0016733 secs] [Times: user=0.01 sys=0.00, real=0.00 secs] 
776.520: [GC (Allocation Failure) [PSYoungGen: 68621K->1472K(69120K)] 332169K->265027K(752640K), 0.0020381 secs] [Times: user=0.01 sys=0.00, real=0.01 secs] 
776.825: [GC (Allocation Failure) [PSYoungGen: 68544K->1424K(69120K)] 332099K->264987K(752640K), 0.0018454 secs] [Times: user=0.01 sys=0.00, real=0.00 secs] 
777.103: [GC (Allocation Failure) [PSYoungGen: 68496K->1376K(69120K)] 332059K->264939K(752640K), 0.0018201 secs] [Times: user=0.01 sys=0.00, real=0.00 secs] 
777.443: [GC (Allocation Failure) [PSYoungGen: 68448K->1344K(69120K)] 332011K->264907K(752640K), 0.0015929 secs] [Times: user=0.01 sys=0.00, real=0.00 secs] 
777.849: [GC (Allocation Failure) [PSYoungGen: 68416K->1453K(69120K)] 331979K->265033K(752640K), 0.0015911 secs] [Times: user=0.01 sys=0.00, real=0.00 secs] 
778.243: [GC (Allocation Failure) [PSYoungGen: 68525K->1581K(69120K)] 332105K->265161K(752640K), 0.0015514 secs] [Times: user=0.01 sys=0.00, real=0.00 secs] 
778.636: [GC (Allocation Failure) [PSYoungGen: 68653K->1613K(69120K)] 332233K->265193K(752640K), 0.0015247 secs] [Times: user=0.00 sys=0.00, real=0.00 secs] 
779.030: [GC (Allocation Failure) [PSYoungGen: 68685K->1536K(69120K)] 332265K->265131K(752640K), 0.0015483 secs] [Times: user=0.00 sys=0.00, real=0.01 secs] 
779.381: [GC (Allocation Failure) [PSYoungGen: 68608K->1456K(69120K)] 332203K->265051K(752640K), 0.0016831 secs] [Times: user=0.01 sys=0.00, real=0.00 secs] 
779.681: [GC (Allocation Failure) [PSYoungGen: 68528K->1376K(69120K)] 332123K->264971K(752640K), 0.0017093 secs] [Times: user=0.01 sys=0.00, real=0.01 secs] 
779.988: [GC (Allocation Failure) [PSYoungGen: 68448K->1376K(69120K)] 332043K->264971K(752640K), 0.0016511 secs] [Times: user=0.01 sys=0.00, real=0.00 secs] 
780.291: [GC (Allocation Failure) [PSYoungGen: 68448K->1376K(69120K)] 332043K->264971K(752640K), 0.0016193 secs] [Times: user=0.01 sys=0.00, real=0.01 secs] 
780.680: [GC (Allocation Failure) [PSYoungGen: 68448K->1549K(69120K)] 332043K->265145K(752640K), 0.0014219 secs] [Times: user=0.00 sys=0.00, real=0.00 secs] 
781.070: [GC (GCLocker Initiated GC) [PSYoungGen: 68621K->1616K(69120K)] 332217K->265219K(752640K), 0.0015027 secs] [Times: user=0.01 sys=0.00, real=0.01 secs] 
781.466: [GC (Allocation Failure) [PSYoungGen: 68688K->1501K(69120K)] 332965K->265778K(752640K), 0.0014793 secs] [Times: user=0.00 sys=0.00, real=0.00 secs] 
781.867: [GC (Allocation Failure) [PSYoungGen: 68573K->1568K(69120K)] 332850K->265861K(752640K), 0.0015134 secs] [Times: user=0.00 sys=0.00, real=0.00 secs] 
782.190: [GC (Allocation Failure) [PSYoungGen: 68640K->1472K(69120K)] 332933K->265765K(752640K), 0.0017091 secs] [Times: user=0.01 sys=0.00, real=0.01 secs] 
782.492: [GC (Allocation Failure) [PSYoungGen: 68544K->1408K(69120K)] 332837K->265701K(752640K), 0.0016194 secs] [Times: user=0.00 sys=0.00, real=0.00 secs] 
782.999: [GC (Allocation Failure) [PSYoungGen: 68480K->1440K(69120K)] 332773K->265733K(752640K), 0.0017875 secs] [Times: user=0.00 sys=0.00, real=0.00 secs] 
783.526: [GC (Allocation Failure) [PSYoungGen: 68512K->1424K(69120K)] 332805K->265717K(752640K), 0.0019959 secs] [Times: user=0.01 sys=0.00, real=0.00 secs] 
784.068: [GC (Allocation Failure) [PSYoungGen: 68496K->1581K(69120K)] 332789K->265874K(752640K), 0.0014574 secs] [Times: user=0.01 sys=0.00, real=0.00 secs] 
784.460: [GC (Allocation Failure) [PSYoungGen: 68629K->1616K(69120K)] 332922K->265909K(752640K), 0.0015570 secs] [Times: user=0.01 sys=0.00, real=0.01 secs] 
784.912: [GC (Allocation Failure) [PSYoungGen: 68688K->1613K(69120K)] 332981K->265906K(752640K), 0.0017304 secs] [Times: user=0.00 sys=0.00, real=0.00 secs] 
785.396: [GC (Allocation Failure) [PSYoungGen: 68685K->1808K(69120K)] 332978K->266109K(752640K), 0.0017568 secs] [Times: user=0.01 sys=0.00, real=0.00 secs] 
786.039: [GC (Allocation Failure) [PSYoungGen: 68880K->1440K(69120K)] 333181K->265741K(752640K), 0.0019527 secs] [Times: user=0.01 sys=0.00, real=0.01 secs] 
786.361: [GC (Allocation Failure) [PSYoungGen: 68512K->1440K(69120K)] 332813K->265741K(752640K), 0.0019351 secs] [Times: user=0.01 sys=0.00, real=0.01 secs] 
786.639: [GC (Allocation Failure) [PSYoungGen: 68512K->1408K(69120K)] 332813K->265709K(752640K), 0.0027273 secs] [Times: user=0.01 sys=0.00, real=0.01 secs] 
786.919: [GC (Allocation Failure) [PSYoungGen: 68480K->1360K(69120K)] 332781K->265709K(752640K), 0.0023956 secs] [Times: user=0.01 sys=0.00, real=0.01 secs] 
787.327: [GC (Allocation Failure) [PSYoungGen: 68432K->1536K(69120K)] 332781K->265917K(752640K), 0.0016190 secs] [Times: user=0.01 sys=0.00, real=0.00 secs] 
787.718: [GC (Allocation Failure) [PSYoungGen: 68608K->1565K(69120K)] 332989K->265954K(752640K), 0.0016189 secs] [Times: user=0.01 sys=0.00, real=0.00 secs] 
788.109: [GC (Allocation Failure) [PSYoungGen: 68637K->1613K(69120K)] 333026K->266002K(752640K), 0.0015096 secs] [Times: user=0.00 sys=0.00, real=0.00 secs] 
788.511: [GC (Allocation Failure) [PSYoungGen: 68685K->1440K(69120K)] 333074K->265837K(752640K), 0.0016644 secs] [Times: user=0.01 sys=0.00, real=0.01 secs] 
788.841: [GC (Allocation Failure) [PSYoungGen: 68512K->1408K(69120K)] 332909K->265805K(752640K), 0.0016415 secs] [Times: user=0.01 sys=0.00, real=0.01 secs] 
789.394: [GC (Allocation Failure) [PSYoungGen: 68480K->1376K(69120K)] 332877K->265773K(752640K), 0.0015619 secs] [Times: user=0.01 sys=0.00, real=0.00 secs] 
789.958: [GC (Allocation Failure) [PSYoungGen: 68448K->1344K(69120K)] 332845K->265741K(752640K), 0.0018848 secs] [Times: user=0.01 sys=0.00, real=0.00 secs] 
790.619: [GC (Allocation Failure) [PSYoungGen: 68416K->1456K(69120K)] 332813K->265853K(752640K), 0.0019877 secs] [Times: user=0.01 sys=0.00, real=0.00 secs] 
791.044: [GC (Allocation Failure) [PSYoungGen: 68528K->1613K(69120K)] 332925K->266010K(752640K), 0.0016077 secs] [Times: user=0.00 sys=0.00, real=0.00 secs] 
791.435: [GC (Allocation Failure) [PSYoungGen: 68685K->1581K(69120K)] 333082K->265978K(752640K), 0.0016422 secs] [Times: user=0.01 sys=0.00, real=0.00 secs] 
791.835: [GC (Allocation Failure) [PSYoungGen: 68653K->1565K(69120K)] 333050K->265978K(752640K), 0.0014170 secs] [Times: user=0.01 sys=0.00, real=0.00 secs] 
792.196: [GC (Allocation Failure) [PSYoungGen: 68637K->1488K(69120K)] 333050K->265901K(752640K), 0.0016740 secs] [Times: user=0.00 sys=0.00, real=0.00 secs] 
792.543: [GC (Allocation Failure) [PSYoungGen: 68560K->1424K(69120K)] 332973K->265837K(752640K), 0.0015084 secs] [Times: user=0.01 sys=0.00, real=0.00 secs] 
792.879: [GC (Allocation Failure) [PSYoungGen: 68496K->1360K(69120K)] 332909K->265773K(752640K), 0.0029500 secs] [Times: user=0.01 sys=0.00, real=0.01 secs] 
793.176: [GC (Allocation Failure) [PSYoungGen: 68432K->1392K(69120K)] 332845K->265805K(752640K), 0.0025910 secs] [Times: user=0.01 sys=0.00, real=0.00 secs] 
793.562: [GC (Allocation Failure) [PSYoungGen: 68464K->1501K(69120K)] 332877K->265914K(752640K), 0.0014664 secs] [Times: user=0.01 sys=0.00, real=0.00 secs] 
793.955: [GC (Allocation Failure) [PSYoungGen: 68573K->1552K(69120K)] 332986K->265965K(752640K), 0.0016171 secs] [Times: user=0.01 sys=0.00, real=0.00 secs] 
794.347: [GC (Allocation Failure) [PSYoungGen: 68624K->1581K(69120K)] 333037K->265994K(752640K), 0.0014878 secs] [Times: user=0.00 sys=0.00, real=0.00 secs] 
794.739: [GC (Allocation Failure) [PSYoungGen: 68653K->1613K(69120K)] 333066K->266034K(752640K), 0.0016056 secs] [Times: user=0.00 sys=0.00, real=0.00 secs] 
796.087: [GC (Allocation Failure) [PSYoungGen: 68685K->1488K(69120K)] 333106K->265909K(752640K), 0.0034155 secs] [Times: user=0.01 sys=0.00, real=0.00 secs] 
796.561: [GC (Allocation Failure) [PSYoungGen: 68560K->1376K(69120K)] 332981K->265797K(752640K), 0.0020641 secs] [Times: user=0.01 sys=0.00, real=0.01 secs] 
796.836: [GC (Allocation Failure) [PSYoungGen: 68448K->1376K(69120K)] 332869K->265797K(752640K), 0.0018349 secs] [Times: user=0.00 sys=0.00, real=0.00 secs] 
797.117: [GC (Allocation Failure) [PSYoungGen: 68448K->1408K(69120K)] 332869K->265829K(752640K), 0.0017545 secs] [Times: user=0.01 sys=0.00, real=0.00 secs] 
797.470: [GC (Allocation Failure) [PSYoungGen: 68480K->1565K(69120K)] 332901K->266010K(752640K), 0.0013460 secs] [Times: user=0.01 sys=0.00, real=0.00 secs] 
797.919: [GC (Allocation Failure) [PSYoungGen: 68637K->1584K(69120K)] 333082K->266029K(752640K), 0.0015205 secs] [Times: user=0.01 sys=0.00, real=0.00 secs] 
798.309: [GC (Allocation Failure) [PSYoungGen: 68638K->1597K(69120K)] 333083K->266042K(752640K), 0.0014846 secs] [Times: user=0.00 sys=0.00, real=0.00 secs] 
798.765: [GC (Allocation Failure) [PSYoungGen: 68669K->1581K(69120K)] 333114K->266034K(752640K), 0.0017359 secs] [Times: user=0.01 sys=0.00, real=0.00 secs] 
799.142: [GC (Allocation Failure) [PSYoungGen: 68653K->1440K(69120K)] 333106K->265893K(752640K), 0.0019433 secs] [Times: user=0.01 sys=0.00, real=0.00 secs] 
799.439: [GC (Allocation Failure) [PSYoungGen: 68512K->1376K(69120K)] 332965K->265829K(752640K), 0.0018669 secs] [Times: user=0.00 sys=0.00, real=0.00 secs] 
799.764: [GC (Allocation Failure) [PSYoungGen: 68448K->1344K(69120K)] 332901K->265797K(752640K), 0.0016632 secs] [Times: user=0.01 sys=0.00, real=0.00 secs] 
800.314: [GC (Allocation Failure) [PSYoungGen: 68416K->1344K(69120K)] 332869K->265797K(752640K), 0.0018058 secs] [Times: user=0.01 sys=0.00, real=0.00 secs] 
800.797: [GC (Allocation Failure) [PSYoungGen: 68416K->1581K(69120K)] 332869K->266034K(752640K), 0.0015537 secs] [Times: user=0.01 sys=0.00, real=0.00 secs] 
801.188: [GC (Allocation Failure) [PSYoungGen: 68653K->1597K(69120K)] 333106K->266050K(752640K), 0.0015068 secs] [Times: user=0.01 sys=0.00, real=0.00 secs] 
801.583: [GC (Allocation Failure) [PSYoungGen: 68669K->1613K(69120K)] 333122K->266066K(752640K), 0.0014995 secs] [Times: user=0.00 sys=0.00, real=0.00 secs] 
801.977: [GC (Allocation Failure) [PSYoungGen: 68685K->1568K(69120K)] 333138K->266037K(752640K), 0.0016217 secs] [Times: user=0.00 sys=0.00, real=0.00 secs] 
802.904: [GC (Allocation Failure) [PSYoungGen: 68640K->1440K(69120K)] 333109K->265909K(752640K), 0.0032476 secs] [Times: user=0.02 sys=0.00, real=0.00 secs] 
803.311: [GC (Allocation Failure) [PSYoungGen: 68512K->1424K(69120K)] 332981K->265893K(752640K), 0.0018163 secs] [Times: user=0.00 sys=0.00, real=0.01 secs] 
803.622: [GC (Allocation Failure) [PSYoungGen: 68496K->1376K(69120K)] 332965K->265845K(752640K), 0.0018506 secs] [Times: user=0.01 sys=0.00, real=0.00 secs] 
803.900: [GC (Allocation Failure) [PSYoungGen: 68448K->1376K(69120K)] 332917K->265845K(752640K), 0.0019584 secs] [Times: user=0.01 sys=0.00, real=0.01 secs] 
804.456: [GC (Allocation Failure) [PSYoungGen: 68448K->1533K(69120K)] 332917K->266002K(752640K), 0.0014501 secs] [Times: user=0.01 sys=0.00, real=0.00 secs] 
804.848: [GC (Allocation Failure) [PSYoungGen: 68605K->1549K(69120K)] 333074K->266018K(752640K), 0.0015751 secs] [Times: user=0.00 sys=0.00, real=0.00 secs] 
805.239: [GC (Allocation Failure) [PSYoungGen: 68621K->1584K(69120K)] 333090K->266053K(752640K), 0.0015284 secs] [Times: user=0.01 sys=0.00, real=0.00 secs] 
805.645: [GC (Allocation Failure) [PSYoungGen: 68656K->1568K(69120K)] 333125K->266053K(752640K), 0.0018328 secs] [Times: user=0.00 sys=0.00, real=0.00 secs] 
805.947: [GC (Allocation Failure) [PSYoungGen: 68640K->1408K(69120K)] 333125K->265893K(752640K), 0.0015704 secs] [Times: user=0.01 sys=0.00, real=0.00 secs] 
806.225: [GC (Allocation Failure) [PSYoungGen: 68480K->1360K(69120K)] 332965K->265845K(752640K), 0.0017069 secs] [Times: user=0.00 sys=0.00, real=0.00 secs] 
806.504: [GC (Allocation Failure) [PSYoungGen: 68432K->1392K(69120K)] 332917K->265877K(752640K), 0.0017322 secs] [Times: user=0.01 sys=0.00, real=0.00 secs] 
806.895: [GC (Allocation Failure) [PSYoungGen: 68464K->1392K(69120K)] 332949K->265877K(752640K), 0.0019074 secs] [Times: user=0.01 sys=0.00, real=0.00 secs] 
807.319: [GC (Allocation Failure) [PSYoungGen: 68464K->1581K(69120K)] 332949K->266082K(752640K), 0.0014824 secs] [Times: user=0.01 sys=0.00, real=0.00 secs] 
807.712: [GC (Allocation Failure) [PSYoungGen: 68653K->1597K(69120K)] 333154K->266098K(752640K), 0.0016001 secs] [Times: user=0.01 sys=0.00, real=0.00 secs] 
808.105: [GC (Allocation Failure) [PSYoungGen: 68669K->1565K(69120K)] 333170K->266066K(752640K), 0.0015206 secs] [Times: user=0.00 sys=0.00, real=0.00 secs] 
809.200: [GC (Allocation Failure) [PSYoungGen: 68637K->1552K(69120K)] 333138K->266069K(752640K), 0.0033195 secs] [Times: user=0.01 sys=0.00, real=0.01 secs] 
810.116: [GC (Allocation Failure) [PSYoungGen: 68624K->1440K(69120K)] 333141K->265957K(752640K), 0.0025334 secs] [Times: user=0.01 sys=0.00, real=0.00 secs] 
810.673: [GC (Allocation Failure) [PSYoungGen: 68512K->1376K(69120K)] 333029K->265893K(752640K), 0.0020694 secs] [Times: user=0.01 sys=0.00, real=0.00 secs] 
811.250: [GC (Allocation Failure) [PSYoungGen: 68448K->1408K(69120K)] 332965K->265925K(752640K), 0.0019573 secs] [Times: user=0.00 sys=0.00, real=0.01 secs] 
811.881: [GC (Allocation Failure) [PSYoungGen: 68480K->1453K(69120K)] 332997K->265970K(752640K), 0.0015888 secs] [Times: user=0.00 sys=0.00, real=0.00 secs] 
812.283: [GC (Allocation Failure) [PSYoungGen: 68525K->1552K(69120K)] 333042K->266069K(752640K), 0.0015225 secs] [Times: user=0.01 sys=0.00, real=0.00 secs] 
812.683: [GC (Allocation Failure) [PSYoungGen: 68624K->1536K(69120K)] 333141K->266053K(752640K), 0.0014793 secs] [Times: user=0.01 sys=0.00, real=0.00 secs] 
813.076: [GC (Allocation Failure) [PSYoungGen: 68608K->1597K(69120K)] 333125K->266130K(752640K), 0.0014973 secs] [Times: user=0.00 sys=0.00, real=0.00 secs] 
813.432: [GC (Allocation Failure) [PSYoungGen: 68669K->1504K(69120K)] 333202K->266037K(752640K), 0.0015752 secs] [Times: user=0.00 sys=0.00, real=0.00 secs] 
813.709: [GC (Allocation Failure) [PSYoungGen: 68576K->1392K(69120K)] 333109K->265925K(752640K), 0.0013657 secs] [Times: user=0.00 sys=0.00, real=0.00 secs] 
813.987: [GC (Allocation Failure) [PSYoungGen: 68464K->1376K(69120K)] 332997K->265909K(752640K), 0.0019147 secs] [Times: user=0.01 sys=0.00, real=0.00 secs] 
814.266: [GC (Allocation Failure) [PSYoungGen: 68448K->1408K(69120K)] 332981K->265941K(752640K), 0.0019214 secs] [Times: user=0.00 sys=0.00, real=0.00 secs] 
814.943: [GC (Allocation Failure) [PSYoungGen: 68480K->1469K(69120K)] 333013K->266002K(752640K), 0.0015347 secs] [Times: user=0.01 sys=0.00, real=0.00 secs] 
815.335: [GC (Allocation Failure) [PSYoungGen: 68541K->1581K(69120K)] 333074K->266114K(752640K), 0.0015033 secs] [Times: user=0.00 sys=0.00, real=0.00 secs] 
815.727: [GC (Allocation Failure) [PSYoungGen: 68653K->1552K(69120K)] 333186K->266085K(752640K), 0.0015473 secs] [Times: user=0.00 sys=0.00, real=0.00 secs] 
816.120: [GC (Allocation Failure) [PSYoungGen: 68624K->1597K(69120K)] 333157K->266154K(752640K), 0.0014503 secs] [Times: user=0.01 sys=0.00, real=0.00 secs] 
816.454: [GC (Allocation Failure) [PSYoungGen: 68669K->1440K(69120K)] 333226K->265997K(752640K), 0.0017050 secs] [Times: user=0.00 sys=0.00, real=0.00 secs] 
816.733: [GC (Allocation Failure) [PSYoungGen: 68512K->1408K(69120K)] 333069K->265965K(752640K), 0.0016967 secs] [Times: user=0.01 sys=0.00, real=0.00 secs] 
817.011: [GC (Allocation Failure) [PSYoungGen: 68480K->1408K(69120K)] 333037K->265981K(752640K), 0.0018733 secs] [Times: user=0.00 sys=0.00, real=0.01 secs] 
817.358: [GC (Allocation Failure) [PSYoungGen: 68480K->1376K(69120K)] 333053K->265949K(752640K), 0.0027343 secs] [Times: user=0.01 sys=0.00, real=0.00 secs] 
817.843: [GC (Allocation Failure) [PSYoungGen: 68448K->1501K(69120K)] 333021K->266074K(752640K), 0.0015507 secs] [Times: user=0.00 sys=0.00, real=0.00 secs] 
818.236: [GC (Allocation Failure) [PSYoungGen: 68573K->1613K(69120K)] 333146K->266186K(752640K), 0.0016873 secs] [Times: user=0.01 sys=0.00, real=0.00 secs] 
818.628: [GC (Allocation Failure) [PSYoungGen: 68685K->1565K(69120K)] 333258K->266138K(752640K), 0.0016153 secs] [Times: user=0.00 sys=0.00, real=0.00 secs] 
819.021: [GC (Allocation Failure) [PSYoungGen: 68637K->1536K(69120K)] 333210K->266117K(752640K), 0.0016530 secs] [Times: user=0.00 sys=0.01, real=0.01 secs] 
819.376: [GC (Allocation Failure) [PSYoungGen: 68608K->1408K(69120K)] 333189K->265997K(752640K), 0.0018016 secs] [Times: user=0.01 sys=0.00, real=0.00 secs] 
819.703: [GC (Allocation Failure) [PSYoungGen: 68480K->1376K(69120K)] 333069K->265965K(752640K), 0.0016809 secs] [Times: user=0.01 sys=0.00, real=0.00 secs] 
819.982: [GC (Allocation Failure) [PSYoungGen: 68448K->1376K(69120K)] 333037K->265965K(752640K), 0.0018620 secs] [Times: user=0.01 sys=0.00, real=0.00 secs] 
820.600: [GC (Allocation Failure) [PSYoungGen: 68448K->1408K(69120K)] 333037K->265997K(752640K), 0.0022327 secs] [Times: user=0.00 sys=0.00, real=0.01 secs] 
821.163: [GC (Allocation Failure) [PSYoungGen: 68480K->1565K(69120K)] 333069K->266154K(752640K), 0.0017075 secs] [Times: user=0.00 sys=0.00, real=0.00 secs] 
821.555: [GC (Allocation Failure) [PSYoungGen: 68637K->1581K(69120K)] 333226K->266170K(752640K), 0.0015381 secs] [Times: user=0.00 sys=0.00, real=0.00 secs] 
821.946: [GC (Allocation Failure) [PSYoungGen: 68653K->1613K(69120K)] 333242K->266202K(752640K), 0.0015878 secs] [Times: user=0.01 sys=0.00, real=0.00 secs] 
822.351: [GC (Allocation Failure) [PSYoungGen: 68685K->1760K(69120K)] 333274K->266349K(752640K), 0.0016520 secs] [Times: user=0.01 sys=0.00, real=0.00 secs] 
822.628: [GC (Allocation Failure) [PSYoungGen: 68832K->1376K(69120K)] 333421K->265965K(752640K), 0.0014829 secs] [Times: user=0.01 sys=0.00, real=0.00 secs] 
822.907: [GC (Allocation Failure) [PSYoungGen: 68448K->1376K(69120K)] 333037K->265965K(752640K), 0.0015470 secs] [Times: user=0.01 sys=0.00, real=0.00 secs] 
823.186: [GC (Allocation Failure) [PSYoungGen: 68448K->1408K(69120K)] 333037K->265997K(752640K), 0.0023641 secs] [Times: user=0.01 sys=0.00, real=0.00 secs] 
823.656: [GC (Allocation Failure) [PSYoungGen: 68480K->1376K(69120K)] 333069K->265965K(752640K), 0.0025785 secs] [Times: user=0.01 sys=0.00, real=0.00 secs] 
824.172: [GC (Allocation Failure) [PSYoungGen: 68448K->1597K(69120K)] 333037K->266186K(752640K), 0.0014771 secs] [Times: user=0.01 sys=0.00, real=0.00 secs] 
824.571: [GC (Allocation Failure) [PSYoungGen: 68669K->1613K(69120K)] 333258K->266202K(752640K), 0.0015201 secs] [Times: user=0.01 sys=0.00, real=0.01 secs] 
825.021: [GC (Allocation Failure) [PSYoungGen: 68685K->1581K(69120K)] 333274K->266170K(752640K), 0.0017356 secs] [Times: user=0.01 sys=0.00, real=0.00 secs] 
825.577: [GC (Allocation Failure) [PSYoungGen: 68653K->1472K(69120K)] 333242K->266069K(752640K), 0.0024480 secs] [Times: user=0.01 sys=0.00, real=0.00 secs] 
826.144: [GC (Allocation Failure) [PSYoungGen: 68544K->1360K(69120K)] 333141K->265957K(752640K), 0.0019466 secs] [Times: user=0.01 sys=0.00, real=0.00 secs] 
826.423: [GC (Allocation Failure) [PSYoungGen: 68432K->1376K(69120K)] 333029K->265973K(752640K), 0.0017695 secs] [Times: user=0.01 sys=0.00, real=0.00 secs] 
826.739: [GC (Allocation Failure) [PSYoungGen: 68448K->1376K(69120K)] 333045K->265973K(752640K), 0.0018269 secs] [Times: user=0.01 sys=0.00, real=0.00 secs] 
827.083: [GC (Allocation Failure) [PSYoungGen: 68448K->1536K(69120K)] 333045K->266157K(752640K), 0.0014848 secs] [Times: user=0.01 sys=0.01, real=0.00 secs] 
827.475: [GC (Allocation Failure) [PSYoungGen: 68608K->1581K(69120K)] 333229K->266202K(752640K), 0.0015445 secs] [Times: user=0.00 sys=0.00, real=0.00 secs] 
827.870: [GC (Allocation Failure) [PSYoungGen: 68653K->1565K(69120K)] 333274K->266186K(752640K), 0.0015054 secs] [Times: user=0.01 sys=0.00, real=0.01 secs] 
828.262: [GC (Allocation Failure) [PSYoungGen: 68637K->1616K(69120K)] 333258K->266245K(752640K), 0.0015143 secs] [Times: user=0.01 sys=0.00, real=0.00 secs] 
828.810: [GC (Allocation Failure) [PSYoungGen: 68688K->1472K(69120K)] 333317K->266101K(752640K), 0.0016953 secs] [Times: user=0.01 sys=0.00, real=0.01 secs] 
829.156: [GC (Allocation Failure) [PSYoungGen: 68544K->1344K(69120K)] 333173K->265973K(752640K), 0.0017771 secs] [Times: user=0.01 sys=0.00, real=0.00 secs] 
829.468: [GC (Allocation Failure) [PSYoungGen: 68416K->1424K(69120K)] 333045K->266053K(752640K), 0.0021006 secs] [Times: user=0.01 sys=0.00, real=0.00 secs] 
829.787: [GC (Allocation Failure) [PSYoungGen: 68496K->1376K(69120K)] 333125K->266005K(752640K), 0.0018503 secs] [Times: user=0.00 sys=0.00, real=0.00 secs] 
830.188: [GC (Allocation Failure) [PSYoungGen: 68448K->1485K(69120K)] 333077K->266114K(752640K), 0.0015841 secs] [Times: user=0.00 sys=0.00, real=0.00 secs] 
830.580: [GC (Allocation Failure) [PSYoungGen: 68557K->1629K(69120K)] 333186K->266258K(752640K), 0.0014769 secs] [Times: user=0.00 sys=0.00, real=0.01 secs] 
830.974: [GC (Allocation Failure) [PSYoungGen: 68701K->1613K(69120K)] 333330K->266242K(752640K), 0.0015325 secs] [Times: user=0.00 sys=0.00, real=0.00 secs] 
831.367: [GC (Allocation Failure) [PSYoungGen: 68685K->1613K(69120K)] 333314K->266250K(752640K), 0.0016346 secs] [Times: user=0.01 sys=0.00, real=0.00 secs] 
831.975: [GC (Allocation Failure) [PSYoungGen: 68685K->1472K(69120K)] 333322K->266109K(752640K), 0.0019646 secs] [Times: user=0.01 sys=0.00, real=0.00 secs] 
832.614: [GC (Allocation Failure) [PSYoungGen: 68544K->1408K(69120K)] 333181K->266045K(752640K), 0.0041609 secs] [Times: user=0.01 sys=0.00, real=0.00 secs] 
833.204: [GC (Allocation Failure) [PSYoungGen: 68480K->1408K(69120K)] 333117K->266045K(752640K), 0.0024266 secs] [Times: user=0.01 sys=0.00, real=0.00 secs] 
833.792: [GC (Allocation Failure) [PSYoungGen: 68480K->1376K(69120K)] 333117K->266013K(752640K), 0.0021096 secs] [Times: user=0.01 sys=0.00, real=0.00 secs] 
834.196: [GC (Allocation Failure) [PSYoungGen: 68448K->1501K(69120K)] 333085K->266138K(752640K), 0.0014788 secs] [Times: user=0.01 sys=0.00, real=0.00 secs] 
834.594: [GC (Allocation Failure) [PSYoungGen: 68573K->1581K(69120K)] 333210K->266218K(752640K), 0.0015025 secs] [Times: user=0.01 sys=0.00, real=0.00 secs] 
834.986: [GC (Allocation Failure) [PSYoungGen: 68653K->1549K(69120K)] 333290K->266186K(752640K), 0.0014885 secs] [Times: user=0.01 sys=0.00, real=0.00 secs] 
835.377: [GC (Allocation Failure) [PSYoungGen: 68621K->1613K(69120K)] 333258K->266258K(752640K), 0.0014926 secs] [Times: user=0.01 sys=0.00, real=0.00 secs] 
835.701: [GC (Allocation Failure) [PSYoungGen: 68685K->1424K(69120K)] 333330K->266069K(752640K), 0.0017010 secs] [Times: user=0.00 sys=0.00, real=0.01 secs] 
836.046: [GC (Allocation Failure) [PSYoungGen: 68496K->1376K(69120K)] 333141K->266021K(752640K), 0.0016883 secs] [Times: user=0.01 sys=0.00, real=0.00 secs] 
836.325: [GC (Allocation Failure) [PSYoungGen: 68448K->1376K(69120K)] 333093K->266021K(752640K), 0.0026689 secs] [Times: user=0.01 sys=0.00, real=0.00 secs] 
836.688: [GC (Allocation Failure) [PSYoungGen: 68448K->1408K(69120K)] 333093K->266053K(752640K), 0.0023464 secs] [Times: user=0.00 sys=0.00, real=0.00 secs] 
837.127: [GC (Allocation Failure) [PSYoungGen: 68480K->1517K(69120K)] 333125K->266162K(752640K), 0.0015728 secs] [Times: user=0.00 sys=0.00, real=0.00 secs] 
837.519: [GC (Allocation Failure) [PSYoungGen: 68589K->1504K(69120K)] 333234K->266181K(752640K), 0.0014324 secs] [Times: user=0.01 sys=0.00, real=0.00 secs] 
837.974: [GC (Allocation Failure) [PSYoungGen: 68576K->1565K(69120K)] 333253K->266242K(752640K), 0.0015497 secs] [Times: user=0.00 sys=0.00, real=0.00 secs] 
838.421: [GC (Allocation Failure) [PSYoungGen: 68360K->320K(69120K)] 333038K->264997K(752640K), 0.0015215 secs] [Times: user=0.01 sys=0.00, real=0.01 secs] 
839.046: [GC (Allocation Failure) [PSYoungGen: 67392K->1376K(69120K)] 332069K->266053K(752640K), 0.0023002 secs] [Times: user=0.01 sys=0.00, real=0.00 secs] 
839.642: [GC (Allocation Failure) [PSYoungGen: 68448K->1376K(69120K)] 333125K->266053K(752640K), 0.0019717 secs] [Times: user=0.00 sys=0.00, real=0.00 secs] 
839.921: [GC (Allocation Failure) [PSYoungGen: 68448K->1376K(69120K)] 333125K->266053K(752640K), 0.0018698 secs] [Times: user=0.01 sys=0.00, real=0.01 secs] 
840.346: [GC (Allocation Failure) [PSYoungGen: 68448K->1376K(69120K)] 333125K->266053K(752640K), 0.0018245 secs] [Times: user=0.01 sys=0.00, real=0.00 secs] 
840.788: [GC (Allocation Failure) [PSYoungGen: 68448K->1597K(69120K)] 333125K->266274K(752640K), 0.0014150 secs] [Times: user=0.01 sys=0.00, real=0.00 secs] 
841.180: [GC (Allocation Failure) [PSYoungGen: 68669K->1565K(69120K)] 333346K->266242K(752640K), 0.0015138 secs] [Times: user=0.00 sys=0.00, real=0.00 secs] 
841.572: [GC (Allocation Failure) [PSYoungGen: 68637K->1565K(69120K)] 333314K->266242K(752640K), 0.0014797 secs] [Times: user=0.01 sys=0.00, real=0.00 secs] 
841.987: [GC (Allocation Failure) [PSYoungGen: 68637K->1536K(69120K)] 333314K->266213K(752640K), 0.0018195 secs] [Times: user=0.01 sys=0.00, real=0.00 secs] 
842.556: [GC (Allocation Failure) [PSYoungGen: 68608K->1376K(69120K)] 333285K->266053K(752640K), 0.0018591 secs] [Times: user=0.01 sys=0.00, real=0.00 secs] 
843.146: [GC (Allocation Failure) [PSYoungGen: 68448K->1376K(69120K)] 333125K->266053K(752640K), 0.0020525 secs] [Times: user=0.01 sys=0.00, real=0.00 secs] 
843.782: [GC (Allocation Failure) [PSYoungGen: 68448K->1376K(69120K)] 333125K->266053K(752640K), 0.0030421 secs] [Times: user=0.01 sys=0.00, real=0.00 secs] 
844.480: [GC (Allocation Failure) [PSYoungGen: 68336K->272K(69120K)] 333014K->264949K(752640K), 0.0028628 secs] [Times: user=0.01 sys=0.00, real=0.01 secs] 
844.966: [GC (Allocation Failure) [PSYoungGen: 67344K->1565K(69120K)] 332021K->266242K(752640K), 0.0014862 secs] [Times: user=0.00 sys=0.00, real=0.00 secs] 
845.357: [GC (Allocation Failure) [PSYoungGen: 68637K->1613K(69120K)] 333314K->266290K(752640K), 0.0016268 secs] [Times: user=0.01 sys=0.00, real=0.00 secs] 
845.749: [GC (Allocation Failure) [PSYoungGen: 68685K->1581K(69120K)] 333362K->266266K(752640K), 0.0014991 secs] [Times: user=0.00 sys=0.00, real=0.00 secs] 
846.315: [GC (Allocation Failure) [PSYoungGen: 68653K->1488K(69120K)] 333338K->266181K(752640K), 0.0020700 secs] [Times: user=0.01 sys=0.00, real=0.00 secs] 
846.711: [GC (Allocation Failure) [PSYoungGen: 68560K->1344K(69120K)] 333253K->266037K(752640K), 0.0021571 secs] [Times: user=0.01 sys=0.00, real=0.01 secs] 
847.011: [GC (Allocation Failure) [PSYoungGen: 68416K->1408K(69120K)] 333109K->266101K(752640K), 0.0020874 secs] [Times: user=0.00 sys=0.00, real=0.01 secs] 
847.423: [GC (Allocation Failure) [PSYoungGen: 68480K->1408K(69120K)] 333173K->266101K(752640K), 0.0021385 secs] [Times: user=0.01 sys=0.00, real=0.00 secs] 
848.085: [GC (Allocation Failure) [PSYoungGen: 68480K->1424K(69120K)] 333173K->266117K(752640K), 0.0016953 secs] [Times: user=0.00 sys=0.00, real=0.00 secs] 
848.492: [GC (Allocation Failure) [PSYoungGen: 68496K->1549K(69120K)] 333189K->266266K(752640K), 0.0016470 secs] [Times: user=0.00 sys=0.00, real=0.00 secs] 
848.885: [GC (Allocation Failure) [PSYoungGen: 68621K->1549K(69120K)] 333338K->266266K(752640K), 0.0015446 secs] [Times: user=0.01 sys=0.00, real=0.00 secs] 
849.279: [GC (Allocation Failure) [PSYoungGen: 68621K->1581K(69120K)] 333338K->266306K(752640K), 0.0014909 secs] [Times: user=0.01 sys=0.00, real=0.00 secs] 
849.984: [GC (Allocation Failure) [PSYoungGen: 68653K->1488K(69120K)] 333378K->266213K(752640K), 0.0017790 secs] [Times: user=0.01 sys=0.00, real=0.00 secs] 
850.263: [GC (Allocation Failure) [PSYoungGen: 68560K->1376K(69120K)] 333285K->266101K(752640K), 0.0016947 secs] [Times: user=0.01 sys=0.00, real=0.00 secs] 
850.542: [GC (Allocation Failure) [PSYoungGen: 68448K->1376K(69120K)] 333173K->266101K(752640K), 0.0016906 secs] [Times: user=0.01 sys=0.00, real=0.00 secs] 
850.892: [GC (Allocation Failure) [PSYoungGen: 68448K->1376K(69120K)] 333173K->266101K(752640K), 0.0016277 secs] [Times: user=0.00 sys=0.00, real=0.00 secs] 
851.415: [GC (Allocation Failure) [PSYoungGen: 68448K->1437K(69120K)] 333173K->266162K(752640K), 0.0014331 secs] [Times: user=0.01 sys=0.00, real=0.00 secs] 
851.806: [GC (Allocation Failure) [PSYoungGen: 68509K->1581K(69120K)] 333234K->266306K(752640K), 0.0015121 secs] [Times: user=0.00 sys=0.00, real=0.00 secs] 
852.201: [GC (Allocation Failure) [PSYoungGen: 68653K->1613K(69120K)] 333378K->266338K(752640K), 0.0015666 secs] [Times: user=0.00 sys=0.00, real=0.01 secs] 
852.593: [GC (Allocation Failure) [PSYoungGen: 68685K->1581K(69120K)] 333410K->266330K(752640K), 0.0014551 secs] [Times: user=0.01 sys=0.00, real=0.00 secs] 
853.203: [GC (Allocation Failure) [PSYoungGen: 68653K->1472K(69120K)] 333402K->266221K(752640K), 0.0019166 secs] [Times: user=0.01 sys=0.00, real=0.00 secs] 
853.565: [GC (Allocation Failure) [PSYoungGen: 68544K->1376K(69120K)] 333293K->266125K(752640K), 0.0023813 secs] [Times: user=0.01 sys=0.00, real=0.00 secs] 
853.877: [GC (Allocation Failure) [PSYoungGen: 68448K->1376K(69120K)] 333197K->266133K(752640K), 0.0020618 secs] [Times: user=0.01 sys=0.01, real=0.00 secs] 
854.156: [GC (Allocation Failure) [PSYoungGen: 68448K->1392K(69120K)] 333205K->266149K(752640K), 0.0018751 secs] [Times: user=0.01 sys=0.00, real=0.00 secs] 
854.538: [GC (Allocation Failure) [PSYoungGen: 68464K->1504K(69120K)] 333221K->266261K(752640K), 0.0015237 secs] [Times: user=0.01 sys=0.00, real=0.00 secs] 
854.932: [GC (Allocation Failure) [PSYoungGen: 68576K->1565K(69120K)] 333333K->266322K(752640K), 0.0015233 secs] [Times: user=0.01 sys=0.00, real=0.00 secs] 
855.327: [GC (Allocation Failure) [PSYoungGen: 68637K->1565K(69120K)] 333394K->266330K(752640K), 0.0015783 secs] [Times: user=0.01 sys=0.00, real=0.00 secs] 
855.720: [GC (Allocation Failure) [PSYoungGen: 68637K->1597K(69120K)] 333402K->266378K(752640K), 0.0015138 secs] [Times: user=0.00 sys=0.00, real=0.01 secs] 
856.670: [GC (Allocation Failure) [PSYoungGen: 68669K->1408K(69120K)] 333450K->266189K(752640K), 0.0034366 secs] [Times: user=0.01 sys=0.00, real=0.01 secs] 
857.525: [GC (Allocation Failure) [PSYoungGen: 68480K->1408K(69120K)] 333261K->266189K(752640K), 0.0030105 secs] [Times: user=0.01 sys=0.00, real=0.00 secs] 
858.002: [GC (Allocation Failure) [PSYoungGen: 68480K->1376K(69120K)] 333261K->266165K(752640K), 0.0023353 secs] [Times: user=0.01 sys=0.00, real=0.00 secs] 
858.524: [GC (Allocation Failure) [PSYoungGen: 68448K->1408K(69120K)] 333237K->266197K(752640K), 0.0025776 secs] [Times: user=0.01 sys=0.00, real=0.00 secs] 
859.069: [GC (Allocation Failure) [PSYoungGen: 68480K->1533K(69120K)] 333269K->266322K(752640K), 0.0015138 secs] [Times: user=0.01 sys=0.00, real=0.00 secs] 
859.461: [GC (Allocation Failure) [PSYoungGen: 68605K->1581K(69120K)] 333394K->266370K(752640K), 0.0014809 secs] [Times: user=0.01 sys=0.00, real=0.00 secs] 
859.856: [GC (Allocation Failure) [PSYoungGen: 68653K->1597K(69120K)] 333442K->266386K(752640K), 0.0015141 secs] [Times: user=0.01 sys=0.00, real=0.00 secs] 
860.274: [GC (Allocation Failure) [PSYoungGen: 68669K->2016K(69120K)] 333458K->266829K(752640K), 0.0016583 secs] [Times: user=0.01 sys=0.00, real=0.00 secs] 
860.586: [GC (Allocation Failure) [PSYoungGen: 69088K->1360K(69120K)] 333901K->266173K(752640K), 0.0017468 secs] [Times: user=0.01 sys=0.00, real=0.00 secs] 
860.883: [GC (Allocation Failure) [PSYoungGen: 68432K->1360K(69120K)] 333245K->266173K(752640K), 0.0017747 secs] [Times: user=0.01 sys=0.00, real=0.00 secs] 
861.400: [GC (Allocation Failure) [PSYoungGen: 68432K->1408K(69120K)] 333245K->266221K(752640K), 0.0020161 secs] [Times: user=0.01 sys=0.01, real=0.01 secs] 
862.010: [GC (Allocation Failure) [PSYoungGen: 68480K->1408K(69120K)] 333293K->266221K(752640K), 0.0020047 secs] [Times: user=0.01 sys=0.00, real=0.01 secs] 
862.460: [GC (Allocation Failure) [PSYoungGen: 68480K->1600K(69120K)] 333293K->266413K(752640K), 0.0014309 secs] [Times: user=0.01 sys=0.00, real=0.00 secs] 
862.850: [GC (Allocation Failure) [PSYoungGen: 68672K->1581K(69120K)] 333485K->266394K(752640K), 0.0015371 secs] [Times: user=0.01 sys=0.00, real=0.01 secs] 
863.243: [GC (Allocation Failure) [PSYoungGen: 68653K->1613K(69120K)] 333466K->266426K(752640K), 0.0014757 secs] [Times: user=0.00 sys=0.00, real=0.00 secs] 
863.628: [GC (Allocation Failure) [PSYoungGen: 68685K->1472K(69120K)] 333498K->266285K(752640K), 0.0017059 secs] [Times: user=0.00 sys=0.00, real=0.00 secs] 
863.906: [GC (Allocation Failure) [PSYoungGen: 68544K->1408K(69120K)] 333357K->266221K(752640K), 0.0017271 secs] [Times: user=0.00 sys=0.00, real=0.00 secs] 
864.256: [GC (Allocation Failure) [PSYoungGen: 68480K->1392K(69120K)] 333293K->266205K(752640K), 0.0015334 secs] [Times: user=0.01 sys=0.00, real=0.00 secs] 
864.534: [GC (Allocation Failure) [PSYoungGen: 68464K->1424K(69120K)] 333277K->266237K(752640K), 0.0021255 secs] [Times: user=0.01 sys=0.00, real=0.00 secs] 
864.875: [GC (Allocation Failure) [PSYoungGen: 68496K->1504K(69120K)] 333309K->266317K(752640K), 0.0018501 secs] [Times: user=0.00 sys=0.00, real=0.00 secs] 
865.271: [GC (Allocation Failure) [PSYoungGen: 68576K->1629K(69120K)] 333389K->266442K(752640K), 0.0015131 secs] [Times: user=0.01 sys=0.00, real=0.01 secs] 
865.666: [GC (Allocation Failure) [PSYoungGen: 68701K->1613K(69120K)] 333514K->266426K(752640K), 0.0015144 secs] [Times: user=0.00 sys=0.00, real=0.00 secs] 
866.061: [GC (Allocation Failure) [PSYoungGen: 68685K->1581K(69120K)] 333498K->266402K(752640K), 0.0015117 secs] [Times: user=0.01 sys=0.00, real=0.01 secs] 
866.725: [GC (Allocation Failure) [PSYoungGen: 68653K->1440K(69120K)] 333474K->266261K(752640K), 0.0023222 secs] [Times: user=0.01 sys=0.00, real=0.00 secs] 
867.006: [GC (Allocation Failure) [PSYoungGen: 68512K->1376K(69120K)] 333333K->266213K(752640K), 0.0018278 secs] [Times: user=0.01 sys=0.00, real=0.00 secs] 
867.298: [GC (Allocation Failure) [PSYoungGen: 68448K->1360K(69120K)] 333285K->266197K(752640K), 0.0018808 secs] [Times: user=0.00 sys=0.00, real=0.00 secs] 
867.576: [GC (Allocation Failure) [PSYoungGen: 68432K->1344K(69120K)] 333269K->266181K(752640K), 0.0018009 secs] [Times: user=0.01 sys=0.00, real=0.00 secs] 
867.943: [GC (Allocation Failure) [PSYoungGen: 68416K->1504K(69120K)] 333253K->266341K(752640K), 0.0014274 secs] [Times: user=0.01 sys=0.00, real=0.00 secs] 
868.334: [GC (Allocation Failure) [PSYoungGen: 68576K->1504K(69120K)] 333413K->266341K(752640K), 0.0015449 secs] [Times: user=0.01 sys=0.00, real=0.00 secs] 
868.728: [GC (Allocation Failure) [PSYoungGen: 68576K->1613K(69120K)] 333413K->266450K(752640K), 0.0015010 secs] [Times: user=0.01 sys=0.00, real=0.00 secs] 
869.121: [GC (Allocation Failure) [PSYoungGen: 68685K->1581K(69120K)] 333522K->266442K(752640K), 0.0015270 secs] [Times: user=0.01 sys=0.00, real=0.01 secs] 
869.487: [GC (Allocation Failure) [PSYoungGen: 68653K->1408K(69120K)] 333514K->266269K(752640K), 0.0018279 secs] [Times: user=0.01 sys=0.00, real=0.00 secs] 
869.813: [GC (Allocation Failure) [PSYoungGen: 68480K->1312K(69120K)] 333341K->266173K(752640K), 0.0018974 secs] [Times: user=0.01 sys=0.00, real=0.00 secs] 
870.126: [GC (Allocation Failure) [PSYoungGen: 68384K->1344K(69120K)] 333245K->266205K(752640K), 0.0019040 secs] [Times: user=0.01 sys=0.00, real=0.00 secs] 
870.476: [GC (Allocation Failure) [PSYoungGen: 68416K->1344K(69120K)] 333277K->266205K(752640K), 0.0018759 secs] [Times: user=0.01 sys=0.00, real=0.00 secs] 
870.884: [GC (Allocation Failure) [PSYoungGen: 68416K->1501K(69120K)] 333277K->266362K(752640K), 0.0014195 secs] [Times: user=0.00 sys=0.00, real=0.00 secs] 
871.276: [GC (Allocation Failure) [PSYoungGen: 68573K->1549K(69120K)] 333434K->266410K(752640K), 0.0016444 secs] [Times: user=0.01 sys=0.00, real=0.00 secs] 
871.667: [GC (Allocation Failure) [PSYoungGen: 68621K->1581K(69120K)] 333482K->266442K(752640K), 0.0015252 secs] [Times: user=0.00 sys=0.00, real=0.00 secs] 
872.059: [GC (Allocation Failure) [PSYoungGen: 68653K->1536K(69120K)] 333514K->266413K(752640K), 0.0015875 secs] [Times: user=0.00 sys=0.00, real=0.00 secs] 
872.767: [GC (Allocation Failure) [PSYoungGen: 68608K->1408K(69120K)] 333485K->266285K(752640K), 0.0035464 secs] [Times: user=0.01 sys=0.00, real=0.00 secs] 
873.286: [GC (Allocation Failure) [PSYoungGen: 68480K->1424K(69120K)] 333357K->266301K(752640K), 0.0023284 secs] [Times: user=0.01 sys=0.00, real=0.00 secs] 
873.704: [GC (Allocation Failure) [PSYoungGen: 68496K->1360K(69120K)] 333373K->266237K(752640K), 0.0018939 secs] [Times: user=0.01 sys=0.00, real=0.00 secs] 
873.990: [GC (Allocation Failure) [PSYoungGen: 68432K->1392K(69120K)] 333309K->266269K(752640K), 0.0019457 secs] [Times: user=0.01 sys=0.00, real=0.01 secs] 
874.401: [GC (Allocation Failure) [PSYoungGen: 68464K->1565K(69120K)] 333341K->266442K(752640K), 0.0014735 secs] [Times: user=0.00 sys=0.00, real=0.01 secs] 
874.794: [GC (Allocation Failure) [PSYoungGen: 68613K->1613K(69120K)] 333490K->266490K(752640K), 0.0016177 secs] [Times: user=0.01 sys=0.00, real=0.00 secs] 
875.250: [GC (Allocation Failure) [PSYoungGen: 68685K->1581K(69120K)] 333562K->266458K(752640K), 0.0017288 secs] [Times: user=0.00 sys=0.00, real=0.01 secs] 
875.754: [GC (Allocation Failure) [PSYoungGen: 68653K->1648K(69120K)] 333530K->266549K(752640K), 0.0018963 secs] [Times: user=0.01 sys=0.00, real=0.00 secs] 
877.236: [GC (Allocation Failure) [PSYoungGen: 68720K->1440K(69120K)] 333621K->266341K(752640K), 0.0030132 secs] [Times: user=0.01 sys=0.00, real=0.00 secs] 
877.852: [GC (Allocation Failure) [PSYoungGen: 68512K->1424K(69120K)] 333413K->266325K(752640K), 0.0033388 secs] [Times: user=0.01 sys=0.00, real=0.00 secs] 
878.325: [GC (Allocation Failure) [PSYoungGen: 68496K->1376K(69120K)] 333397K->266277K(752640K), 0.0018838 secs] [Times: user=0.01 sys=0.00, real=0.00 secs] 
878.636: [GC (Allocation Failure) [PSYoungGen: 68448K->1440K(69120K)] 333349K->266357K(752640K), 0.0016702 secs] [Times: user=0.00 sys=0.00, real=0.00 secs] 
879.148: [GC (Allocation Failure) [PSYoungGen: 68512K->1552K(69120K)] 333429K->266469K(752640K), 0.0015042 secs] [Times: user=0.00 sys=0.00, real=0.00 secs] 
879.539: [GC (Allocation Failure) [PSYoungGen: 68624K->1581K(69120K)] 333541K->266498K(752640K), 0.0015220 secs] [Times: user=0.01 sys=0.00, real=0.00 secs] 
879.994: [GC (Allocation Failure) [PSYoungGen: 68653K->1613K(69120K)] 333570K->266530K(752640K), 0.0015558 secs] [Times: user=0.01 sys=0.00, real=0.00 secs] 
880.472: [GC (Allocation Failure) [PSYoungGen: 68685K->1504K(69120K)] 333602K->266429K(752640K), 0.0017758 secs] [Times: user=0.01 sys=0.01, real=0.00 secs] 
880.751: [GC (Allocation Failure) [PSYoungGen: 68576K->1344K(69120K)] 333501K->266269K(752640K), 0.0018321 secs] [Times: user=0.01 sys=0.01, real=0.01 secs] 
881.073: [GC (Allocation Failure) [PSYoungGen: 68416K->1376K(69120K)] 333341K->266301K(752640K), 0.0018367 secs] [Times: user=0.01 sys=0.00, real=0.00 secs] 
881.395: [GC (Allocation Failure) [PSYoungGen: 68448K->1440K(69120K)] 333373K->266365K(752640K), 0.0018310 secs] [Times: user=0.01 sys=0.00, real=0.00 secs] 
881.827: [GC (Allocation Failure) [PSYoungGen: 68512K->1424K(69120K)] 333437K->266349K(752640K), 0.0021396 secs] [Times: user=0.01 sys=0.00, real=0.00 secs] 
882.345: [GC (Allocation Failure) [PSYoungGen: 68496K->1581K(69120K)] 333421K->266506K(752640K), 0.0016878 secs] [Times: user=0.00 sys=0.00, real=0.00 secs] 
882.801: [GC (Allocation Failure) [PSYoungGen: 68653K->1613K(69120K)] 333578K->266538K(752640K), 0.0015262 secs] [Times: user=0.01 sys=0.00, real=0.01 secs] 
883.192: [GC (Allocation Failure) [PSYoungGen: 68685K->1600K(69120K)] 333610K->266533K(752640K), 0.0015421 secs] [Times: user=0.01 sys=0.00, real=0.00 secs] 
883.690: [GC (Allocation Failure) [PSYoungGen: 68672K->1472K(69120K)] 333605K->266405K(752640K), 0.0021899 secs] [Times: user=0.01 sys=0.00, real=0.01 secs] 
884.326: [GC (Allocation Failure) [PSYoungGen: 68544K->1376K(69120K)] 333477K->266309K(752640K), 0.0029476 secs] [Times: user=0.01 sys=0.00, real=0.00 secs] 
885.219: [GC (Allocation Failure) [PSYoungGen: 68448K->1408K(69120K)] 333381K->266341K(752640K), 0.0029536 secs] [Times: user=0.01 sys=0.00, real=0.01 secs] 
886.129: [GC (Allocation Failure) [PSYoungGen: 68480K->1408K(69120K)] 333413K->266341K(752640K), 0.0031007 secs] [Times: user=0.01 sys=0.00, real=0.01 secs] 
887.140: [GC (Allocation Failure) [PSYoungGen: 68480K->1501K(69120K)] 333413K->266434K(752640K), 0.0019696 secs] [Times: user=0.01 sys=0.00, real=0.01 secs] 
887.641: [GC (Allocation Failure) [PSYoungGen: 68573K->1565K(69120K)] 333506K->266498K(752640K), 0.0015863 secs] [Times: user=0.01 sys=0.00, real=0.01 secs] 
888.032: [GC (Allocation Failure) [PSYoungGen: 68637K->1613K(69120K)] 333570K->266546K(752640K), 0.0015509 secs] [Times: user=0.01 sys=0.00, real=0.00 secs] 
888.424: [GC (Allocation Failure) [PSYoungGen: 68685K->1565K(69120K)] 333618K->266522K(752640K), 0.0017847 secs] [Times: user=0.00 sys=0.00, real=0.00 secs] 
888.811: [GC (Allocation Failure) [PSYoungGen: 68637K->1456K(69120K)] 333594K->266413K(752640K), 0.0026308 secs] [Times: user=0.01 sys=0.00, real=0.01 secs] 
889.147: [GC (Allocation Failure) [PSYoungGen: 68528K->1376K(69120K)] 333485K->266349K(752640K), 0.0019359 secs] [Times: user=0.01 sys=0.00, real=0.00 secs] 
889.432: [GC (Allocation Failure) [PSYoungGen: 68448K->1376K(69120K)] 333421K->266349K(752640K), 0.0017838 secs] [Times: user=0.01 sys=0.00, real=0.00 secs] 
889.739: [GC (Allocation Failure) [PSYoungGen: 68448K->1376K(69120K)] 333421K->266349K(752640K), 0.0024017 secs] [Times: user=0.01 sys=0.00, real=0.01 secs] 
890.244: [GC (Allocation Failure) [PSYoungGen: 68448K->1437K(69120K)] 333421K->266410K(752640K), 0.0014842 secs] [Times: user=0.01 sys=0.00, real=0.00 secs] 
890.638: [GC (Allocation Failure) [PSYoungGen: 68509K->1597K(69120K)] 333482K->266570K(752640K), 0.0017268 secs] [Times: user=0.00 sys=0.00, real=0.00 secs] 
891.096: [GC (Allocation Failure) [PSYoungGen: 68669K->1581K(69120K)] 333642K->266554K(752640K), 0.0015293 secs] [Times: user=0.01 sys=0.00, real=0.00 secs] 
891.488: [GC (Allocation Failure) [PSYoungGen: 68653K->1581K(69120K)] 333626K->266570K(752640K), 0.0015520 secs] [Times: user=0.01 sys=0.00, real=0.00 secs] 
892.742: [GC (Allocation Failure) [PSYoungGen: 68653K->1440K(69120K)] 333642K->266429K(752640K), 0.0032021 secs] [Times: user=0.01 sys=0.00, real=0.00 secs] 
893.309: [GC (Allocation Failure) [PSYoungGen: 68512K->1408K(69120K)] 333501K->266397K(752640K), 0.0026183 secs] [Times: user=0.01 sys=0.00, real=0.01 secs] 
893.870: [GC (Allocation Failure) [PSYoungGen: 68480K->1376K(69120K)] 333469K->266365K(752640K), 0.0025855 secs] [Times: user=0.01 sys=0.00, real=0.01 secs] 
894.338: [GC (Allocation Failure) [PSYoungGen: 68448K->1344K(69120K)] 333437K->266333K(752640K), 0.0056005 secs] [Times: user=0.03 sys=0.00, real=0.01 secs] 
894.906: [GC (Allocation Failure) [PSYoungGen: 68416K->1501K(69120K)] 333405K->266490K(752640K), 0.0015282 secs] [Times: user=0.01 sys=0.00, real=0.00 secs] 
895.297: [GC (Allocation Failure) [PSYoungGen: 68573K->1565K(69120K)] 333562K->266554K(752640K), 0.0016188 secs] [Times: user=0.00 sys=0.00, real=0.00 secs] 
895.750: [GC (Allocation Failure) [PSYoungGen: 68637K->1581K(69120K)] 333626K->266570K(752640K), 0.0015538 secs] [Times: user=0.00 sys=0.00, real=0.01 secs] 
896.146: [GC (Allocation Failure) [PSYoungGen: 68653K->1613K(69120K)] 333642K->266610K(752640K), 0.0015794 secs] [Times: user=0.01 sys=0.00, real=0.00 secs] 
896.917: [GC (Allocation Failure) [PSYoungGen: 68685K->1440K(69120K)] 333682K->266437K(752640K), 0.0025540 secs] [Times: user=0.01 sys=0.00, real=0.00 secs] 
897.418: [GC (Allocation Failure) [PSYoungGen: 68512K->1440K(69120K)] 333509K->266437K(752640K), 0.0035843 secs] [Times: user=0.01 sys=0.00, real=0.00 secs] 
897.943: [GC (Allocation Failure) [PSYoungGen: 68512K->1424K(69120K)] 333509K->266421K(752640K), 0.0029882 secs] [Times: user=0.01 sys=0.00, real=0.00 secs] 
898.470: [GC (Allocation Failure) [PSYoungGen: 68496K->1408K(69120K)] 333493K->266405K(752640K), 0.0026738 secs] [Times: user=0.01 sys=0.00, real=0.01 secs] 
899.031: [GC (Allocation Failure) [PSYoungGen: 68480K->1565K(69120K)] 333477K->266562K(752640K), 0.0016038 secs] [Times: user=0.00 sys=0.00, real=0.01 secs] 
899.422: [GC (Allocation Failure) [PSYoungGen: 68637K->1565K(69120K)] 333634K->266586K(752640K), 0.0016248 secs] [Times: user=0.01 sys=0.00, real=0.00 secs] 
899.817: [GC (Allocation Failure) [PSYoungGen: 68637K->1616K(69120K)] 333658K->266637K(752640K), 0.0015562 secs] [Times: user=0.01 sys=0.00, real=0.00 secs] 
900.301: [GC (Allocation Failure) [PSYoungGen: 68688K->2016K(69120K)] 333709K->267037K(752640K), 0.0017866 secs] [Times: user=0.00 sys=0.00, real=0.00 secs] 
900.984: [GC (Allocation Failure) [PSYoungGen: 69088K->1376K(69120K)] 334109K->266397K(752640K), 0.0016953 secs] [Times: user=0.01 sys=0.00, real=0.00 secs] 
901.380: [GC (Allocation Failure) [PSYoungGen: 68448K->1376K(69120K)] 333469K->266397K(752640K), 0.0018165 secs] [Times: user=0.01 sys=0.00, real=0.01 secs] 
901.704: [GC (Allocation Failure) [PSYoungGen: 68448K->1376K(69120K)] 333469K->266397K(752640K), 0.0017752 secs] [Times: user=0.00 sys=0.00, real=0.00 secs] 
902.048: [GC (Allocation Failure) [PSYoungGen: 68448K->1376K(69120K)] 333469K->266397K(752640K), 0.0018498 secs] [Times: user=0.00 sys=0.00, real=0.00 secs] 
902.495: [GC (Allocation Failure) [PSYoungGen: 68448K->1597K(69120K)] 333469K->266618K(752640K), 0.0014957 secs] [Times: user=0.00 sys=0.00, real=0.00 secs] 
902.889: [GC (Allocation Failure) [PSYoungGen: 68669K->1565K(69120K)] 333690K->266586K(752640K), 0.0015103 secs] [Times: user=0.01 sys=0.00, real=0.00 secs] 
903.281: [GC (Allocation Failure) [PSYoungGen: 68637K->1613K(69120K)] 333658K->266634K(752640K), 0.0015235 secs] [Times: user=0.01 sys=0.00, real=0.01 secs] 
903.857: [GC (Allocation Failure) [PSYoungGen: 68685K->1488K(69120K)] 333706K->266509K(752640K), 0.0019304 secs] [Times: user=0.01 sys=0.00, real=0.00 secs] 
904.448: [GC (Allocation Failure) [PSYoungGen: 68560K->1376K(69120K)] 333581K->266397K(752640K), 0.0018764 secs] [Times: user=0.00 sys=0.00, real=0.00 secs] 
905.085: [GC (Allocation Failure) [PSYoungGen: 68448K->1344K(69120K)] 333469K->266365K(752640K), 0.0020293 secs] [Times: user=0.01 sys=0.00, real=0.00 secs] 
905.569: [GC (Allocation Failure) [PSYoungGen: 68416K->1376K(69120K)] 333437K->266397K(752640K), 0.0020537 secs] [Times: user=0.01 sys=0.00, real=0.00 secs] 
905.898: [GC (Allocation Failure) [PSYoungGen: 68448K->1453K(69120K)] 333469K->266474K(752640K), 0.0017888 secs] [Times: user=0.01 sys=0.00, real=0.00 secs] 
906.294: [GC (Allocation Failure) [PSYoungGen: 68525K->1581K(69120K)] 333546K->266602K(752640K), 0.0015367 secs] [Times: user=0.00 sys=0.00, real=0.00 secs] 
906.688: [GC (Allocation Failure) [PSYoungGen: 68653K->1581K(69120K)] 333674K->266602K(752640K), 0.0015611 secs] [Times: user=0.01 sys=0.00, real=0.00 secs] 
907.080: [GC (Allocation Failure) [PSYoungGen: 68653K->1565K(69120K)] 333674K->266594K(752640K), 0.0016354 secs] [Times: user=0.00 sys=0.00, real=0.01 secs] 
907.542: [GC (Allocation Failure) [PSYoungGen: 68637K->1472K(69120K)] 333666K->266517K(752640K), 0.0019513 secs] [Times: user=0.00 sys=0.00, real=0.00 secs] 
907.888: [GC (Allocation Failure) [PSYoungGen: 68544K->1408K(69120K)] 333589K->266453K(752640K), 0.0018936 secs] [Times: user=0.01 sys=0.00, real=0.00 secs] 
908.177: [GC (Allocation Failure) [PSYoungGen: 68480K->1344K(69120K)] 333525K->266389K(752640K), 0.0018855 secs] [Times: user=0.00 sys=0.00, real=0.00 secs] 
908.519: [GC (Allocation Failure) [PSYoungGen: 68416K->1360K(69120K)] 333461K->266405K(752640K), 0.0019527 secs] [Times: user=0.01 sys=0.00, real=0.00 secs] 
908.917: [GC (Allocation Failure) [PSYoungGen: 68432K->1533K(69120K)] 333477K->266578K(752640K), 0.0014662 secs] [Times: user=0.00 sys=0.00, real=0.00 secs] 
909.308: [GC (Allocation Failure) [PSYoungGen: 68605K->1597K(69120K)] 333650K->266642K(752640K), 0.0015643 secs] [Times: user=0.01 sys=0.00, real=0.00 secs] 
909.700: [GC (Allocation Failure) [PSYoungGen: 68669K->1613K(69120K)] 333714K->266658K(752640K), 0.0015449 secs] [Times: user=0.01 sys=0.00, real=0.01 secs] 
910.149: [GC (Allocation Failure) [PSYoungGen: 68685K->1613K(69120K)] 333730K->266674K(752640K), 0.0017526 secs] [Times: user=0.01 sys=0.00, real=0.00 secs] 
910.829: [GC (Allocation Failure) [PSYoungGen: 68685K->1440K(69120K)] 333746K->266501K(752640K), 0.0020376 secs] [Times: user=0.01 sys=0.00, real=0.00 secs] 
911.425: [GC (Allocation Failure) [PSYoungGen: 68512K->1408K(69120K)] 333573K->266469K(752640K), 0.0022615 secs] [Times: user=0.01 sys=0.00, real=0.00 secs] 
912.004: [GC (Allocation Failure) [PSYoungGen: 68480K->1408K(69120K)] 333541K->266469K(752640K), 0.0023515 secs] [Times: user=0.01 sys=0.00, real=0.00 secs] 
912.639: [GC (Allocation Failure) [PSYoungGen: 68480K->1408K(69120K)] 333541K->266469K(752640K), 0.0023654 secs] [Times: user=0.01 sys=0.00, real=0.00 secs] 
913.177: [GC (Allocation Failure) [PSYoungGen: 68480K->1533K(69120K)] 333541K->266594K(752640K), 0.0015470 secs] [Times: user=0.01 sys=0.00, real=0.00 secs] 
913.567: [GC (Allocation Failure) [PSYoungGen: 68605K->1581K(69120K)] 333666K->266642K(752640K), 0.0014940 secs] [Times: user=0.00 sys=0.00, real=0.00 secs] 
913.962: [GC (Allocation Failure) [PSYoungGen: 68653K->1552K(69120K)] 333714K->266613K(752640K), 0.0015511 secs] [Times: user=0.00 sys=0.00, real=0.00 secs] 
914.354: [GC (Allocation Failure) [PSYoungGen: 68624K->1613K(69120K)] 333685K->266690K(752640K), 0.0015939 secs] [Times: user=0.00 sys=0.00, real=0.00 secs] 
914.663: [GC (Allocation Failure) [PSYoungGen: 68685K->1408K(69120K)] 333762K->266485K(752640K), 0.0016693 secs] [Times: user=0.00 sys=0.00, real=0.00 secs] 
914.942: [GC (Allocation Failure) [PSYoungGen: 68480K->1344K(69120K)] 333557K->266421K(752640K), 0.0016559 secs] [Times: user=0.01 sys=0.00, real=0.00 secs] 
915.220: [GC (Allocation Failure) [PSYoungGen: 68416K->1408K(69120K)] 333493K->266485K(752640K), 0.0016416 secs] [Times: user=0.01 sys=0.00, real=0.01 secs] 
915.503: [GC (Allocation Failure) [PSYoungGen: 68480K->1408K(69120K)] 333557K->266485K(752640K), 0.0024286 secs] [Times: user=0.01 sys=0.00, real=0.00 secs] 
915.927: [GC (Allocation Failure) [PSYoungGen: 68480K->1533K(69120K)] 333557K->266610K(752640K), 0.0014212 secs] [Times: user=0.01 sys=0.00, real=0.00 secs] 
916.320: [GC (Allocation Failure) [PSYoungGen: 68605K->1549K(69120K)] 333682K->266626K(752640K), 0.0015178 secs] [Times: user=0.00 sys=0.00, real=0.01 secs] 
916.711: [GC (Allocation Failure) [PSYoungGen: 68621K->1581K(69120K)] 333698K->266658K(752640K), 0.0014910 secs] [Times: user=0.00 sys=0.00, real=0.01 secs] 
917.420: [GC (Allocation Failure) [PSYoungGen: 68653K->1632K(69120K)] 333730K->266709K(752640K), 0.0019979 secs] [Times: user=0.01 sys=0.00, real=0.01 secs] 
918.216: [GC (Allocation Failure) [PSYoungGen: 68704K->1408K(69120K)] 333781K->266509K(752640K), 0.0024450 secs] [Times: user=0.01 sys=0.00, real=0.00 secs] 
918.557: [GC (Allocation Failure) [PSYoungGen: 68480K->1408K(69120K)] 333581K->266509K(752640K), 0.0023467 secs] [Times: user=0.01 sys=0.00, real=0.00 secs] 
918.878: [GC (Allocation Failure) [PSYoungGen: 68480K->1440K(69120K)] 333581K->266541K(752640K), 0.0023308 secs] [Times: user=0.01 sys=0.00, real=0.00 secs] 
919.245: [GC (Allocation Failure) [PSYoungGen: 68512K->1344K(69120K)] 333613K->266445K(752640K), 0.0016992 secs] [Times: user=0.01 sys=0.00, real=0.00 secs] 
919.677: [GC (Allocation Failure) [PSYoungGen: 68416K->1517K(69120K)] 333517K->266618K(752640K), 0.0014233 secs] [Times: user=0.00 sys=0.00, real=0.00 secs] 
920.071: [GC (Allocation Failure) [PSYoungGen: 68589K->1533K(69120K)] 333690K->266634K(752640K), 0.0016323 secs] [Times: user=0.01 sys=0.00, real=0.01 secs] 
920.464: [GC (Allocation Failure) [PSYoungGen: 68605K->1584K(69120K)] 333706K->266685K(752640K), 0.0014580 secs] [Times: user=0.01 sys=0.00, real=0.00 secs] 
920.901: [GC (Allocation Failure) [PSYoungGen: 68656K->1504K(69120K)] 333757K->266621K(752640K), 0.0019298 secs] [Times: user=0.01 sys=0.00, real=0.01 secs] 
921.288: [GC (Allocation Failure) [PSYoungGen: 68576K->1376K(69120K)] 333693K->266493K(752640K), 0.0018791 secs] [Times: user=0.01 sys=0.00, real=0.00 secs] 
921.576: [GC (Allocation Failure) [PSYoungGen: 68448K->1408K(69120K)] 333565K->266525K(752640K), 0.0016767 secs] [Times: user=0.00 sys=0.00, real=0.00 secs] 
921.869: [GC (Allocation Failure) [PSYoungGen: 68480K->1376K(69120K)] 333597K->266493K(752640K), 0.0018280 secs] [Times: user=0.01 sys=0.00, real=0.00 secs] 
922.195: [GC (Allocation Failure) [PSYoungGen: 68448K->1453K(69120K)] 333565K->266570K(752640K), 0.0018072 secs] [Times: user=0.01 sys=0.00, real=0.00 secs] 
922.605: [GC (Allocation Failure) [PSYoungGen: 68525K->1552K(69120K)] 333642K->266669K(752640K), 0.0014802 secs] [Times: user=0.00 sys=0.00, real=0.00 secs] 
922.997: [GC (Allocation Failure) [PSYoungGen: 68624K->1597K(69120K)] 333741K->266714K(752640K), 0.0015349 secs] [Times: user=0.01 sys=0.00, real=0.00 secs] 
923.389: [GC (Allocation Failure) [PSYoungGen: 68669K->1613K(69120K)] 333786K->266738K(752640K), 0.0014517 secs] [Times: user=0.00 sys=0.00, real=0.00 secs] 
923.754: [GC (Allocation Failure) [PSYoungGen: 68685K->1456K(69120K)] 333810K->266581K(752640K), 0.0016739 secs] [Times: user=0.01 sys=0.00, real=0.00 secs] 
924.080: [GC (Allocation Failure) [PSYoungGen: 68528K->1376K(69120K)] 333653K->266501K(752640K), 0.0015343 secs] [Times: user=0.00 sys=0.00, real=0.01 secs] 
924.374: [GC (Allocation Failure) [PSYoungGen: 68448K->1440K(69120K)] 333573K->266565K(752640K), 0.0014785 secs] [Times: user=0.00 sys=0.00, real=0.00 secs] 
924.688: [GC (Allocation Failure) [PSYoungGen: 68512K->1376K(69120K)] 333637K->266501K(752640K), 0.0017616 secs] [Times: user=0.00 sys=0.00, real=0.00 secs] 
925.045: [GC (Allocation Failure) [PSYoungGen: 68448K->1501K(69120K)] 333573K->266626K(752640K), 0.0012310 secs] [Times: user=0.01 sys=0.00, real=0.00 secs] 
925.445: [GC (Allocation Failure) [PSYoungGen: 68573K->1613K(69120K)] 333698K->266738K(752640K), 0.0016264 secs] [Times: user=0.01 sys=0.00, real=0.00 secs] 
925.836: [GC (Allocation Failure) [PSYoungGen: 68685K->1613K(69120K)] 333810K->266738K(752640K), 0.0015089 secs] [Times: user=0.00 sys=0.00, real=0.00 secs] 
926.232: [GC (Allocation Failure) [PSYoungGen: 68685K->1549K(69120K)] 333810K->266698K(752640K), 0.0015601 secs] [Times: user=0.01 sys=0.00, real=0.00 secs] 
927.562: [GC (Allocation Failure) [PSYoungGen: 68621K->1536K(69120K)] 333770K->266685K(752640K), 0.0032685 secs] [Times: user=0.01 sys=0.00, real=0.00 secs] 
928.129: [GC (Allocation Failure) [PSYoungGen: 68608K->1408K(69120K)] 333757K->266557K(752640K), 0.0026072 secs] [Times: user=0.01 sys=0.00, real=0.01 secs] 
928.607: [GC (Allocation Failure) [PSYoungGen: 68480K->1408K(69120K)] 333629K->266557K(752640K), 0.0023829 secs] [Times: user=0.01 sys=0.00, real=0.00 secs] 
929.101: [GC (Allocation Failure) [PSYoungGen: 68480K->1440K(69120K)] 333629K->266589K(752640K), 0.0020901 secs] [Times: user=0.00 sys=0.00, real=0.01 secs] 
929.589: [GC (Allocation Failure) [PSYoungGen: 68512K->1469K(69120K)] 333661K->266618K(752640K), 0.0015240 secs] [Times: user=0.01 sys=0.00, real=0.00 secs] 
929.979: [GC (Allocation Failure) [PSYoungGen: 68541K->1581K(69120K)] 333690K->266730K(752640K), 0.0015038 secs] [Times: user=0.00 sys=0.00, real=0.00 secs] 
930.376: [GC (Allocation Failure) [PSYoungGen: 68653K->1597K(69120K)] 333802K->266746K(752640K), 0.0014673 secs] [Times: user=0.01 sys=0.00, real=0.00 secs] 
930.770: [GC (Allocation Failure) [PSYoungGen: 68669K->1549K(69120K)] 333818K->266714K(752640K), 0.0014467 secs] [Times: user=0.00 sys=0.00, real=0.01 secs] 
931.148: [GC (Allocation Failure) [PSYoungGen: 68621K->1408K(69120K)] 333786K->266581K(752640K), 0.0018662 secs] [Times: user=0.00 sys=0.00, real=0.00 secs] 
931.427: [GC (Allocation Failure) [PSYoungGen: 68480K->1376K(69120K)] 333653K->266549K(752640K), 0.0017781 secs] [Times: user=0.01 sys=0.00, real=0.00 secs] 
931.778: [GC (Allocation Failure) [PSYoungGen: 68448K->1408K(69120K)] 333621K->266581K(752640K), 0.0016644 secs] [Times: user=0.01 sys=0.01, real=0.00 secs] 
932.072: [GC (Allocation Failure) [PSYoungGen: 68480K->1408K(69120K)] 333653K->266581K(752640K), 0.0018734 secs] [Times: user=0.01 sys=0.00, real=0.00 secs] 
932.483: [GC (Allocation Failure) [PSYoungGen: 68480K->1501K(69120K)] 333653K->266674K(752640K), 0.0015708 secs] [Times: user=0.01 sys=0.00, real=0.00 secs] 
932.875: [GC (Allocation Failure) [PSYoungGen: 68573K->1568K(69120K)] 333746K->266741K(752640K), 0.0015048 secs] [Times: user=0.00 sys=0.00, real=0.00 secs] 
933.269: [GC (Allocation Failure) [PSYoungGen: 68640K->1613K(69120K)] 333813K->266786K(752640K), 0.0015164 secs] [Times: user=0.01 sys=0.00, real=0.00 secs] 
933.663: [GC (Allocation Failure) [PSYoungGen: 68685K->1581K(69120K)] 333858K->266770K(752640K), 0.0015722 secs] [Times: user=0.00 sys=0.00, real=0.00 secs] 
934.133: [GC (Allocation Failure) [PSYoungGen: 68653K->1408K(69120K)] 333842K->266597K(752640K), 0.0016902 secs] [Times: user=0.00 sys=0.00, real=0.00 secs] 
934.620: [GC (Allocation Failure) [PSYoungGen: 68480K->1376K(69120K)] 333669K->266565K(752640K), 0.0017766 secs] [Times: user=0.01 sys=0.00, real=0.01 secs] 
935.277: [GC (Allocation Failure) [PSYoungGen: 68448K->1376K(69120K)] 333637K->266565K(752640K), 0.0023669 secs] [Times: user=0.01 sys=0.00, real=0.00 secs] 
936.155: [GC (Allocation Failure) [PSYoungGen: 68448K->1408K(69120K)] 333637K->266597K(752640K), 0.0021225 secs] [Times: user=0.01 sys=0.00, real=0.00 secs] 
936.821: [GC (Allocation Failure) [PSYoungGen: 68480K->1565K(69120K)] 333669K->266754K(752640K), 0.0014535 secs] [Times: user=0.01 sys=0.00, real=0.01 secs] 
937.212: [GC (Allocation Failure) [PSYoungGen: 68637K->1565K(69120K)] 333826K->266754K(752640K), 0.0015296 secs] [Times: user=0.00 sys=0.00, real=0.00 secs] 
937.604: [GC (Allocation Failure) [PSYoungGen: 68637K->1613K(69120K)] 333826K->266802K(752640K), 0.0015181 secs] [Times: user=0.00 sys=0.00, real=0.00 secs] 
938.019: [GC (Allocation Failure) [PSYoungGen: 68685K->2032K(69120K)] 333874K->267261K(752640K), 0.0021575 secs] [Times: user=0.01 sys=0.00, real=0.00 secs] 
938.328: [GC (Allocation Failure) [PSYoungGen: 69104K->1376K(69120K)] 334333K->266605K(752640K), 0.0016240 secs] [Times: user=0.01 sys=0.00, real=0.00 secs] 
938.620: [GC (Allocation Failure) [PSYoungGen: 68448K->1376K(69120K)] 333677K->266605K(752640K), 0.0016930 secs] [Times: user=0.00 sys=0.00, real=0.01 secs] 
938.898: [GC (Allocation Failure) [PSYoungGen: 68448K->1408K(69120K)] 333677K->266637K(752640K), 0.0016956 secs] [Times: user=0.01 sys=0.00, real=0.00 secs] 
939.200: [GC (Allocation Failure) [PSYoungGen: 68480K->1376K(69120K)] 333709K->266605K(752640K), 0.0018800 secs] [Times: user=0.01 sys=0.00, real=0.01 secs] 
939.661: [GC (Allocation Failure) [PSYoungGen: 68448K->1565K(69120K)] 333677K->266794K(752640K), 0.0016055 secs] [Times: user=0.01 sys=0.00, real=0.00 secs] 
940.117: [GC (Allocation Failure) [PSYoungGen: 68637K->1565K(69120K)] 333866K->266794K(752640K), 0.0015958 secs] [Times: user=0.00 sys=0.00, real=0.00 secs] 
940.513: [GC (Allocation Failure) [PSYoungGen: 68637K->1565K(69120K)] 333866K->266794K(752640K), 0.0015840 secs] [Times: user=0.00 sys=0.00, real=0.00 secs] 
941.234: [GC (Allocation Failure) [PSYoungGen: 68637K->1520K(69120K)] 333866K->266749K(752640K), 0.0029530 secs] [Times: user=0.01 sys=0.00, real=0.00 secs] 
941.925: [GC (Allocation Failure) [PSYoungGen: 68592K->1376K(69120K)] 333821K->266605K(752640K), 0.0027585 secs] [Times: user=0.01 sys=0.00, real=0.00 secs] 
942.509: [GC (Allocation Failure) [PSYoungGen: 68448K->1408K(69120K)] 333677K->266637K(752640K), 0.0029269 secs] [Times: user=0.02 sys=0.00, real=0.01 secs] 
943.133: [GC (Allocation Failure) [PSYoungGen: 68480K->1376K(69120K)] 333709K->266605K(752640K), 0.0021429 secs] [Times: user=0.01 sys=0.00, real=0.00 secs] 
943.737: [GC (Allocation Failure) [PSYoungGen: 68448K->1469K(69120K)] 333677K->266698K(752640K), 0.0018850 secs] [Times: user=0.01 sys=0.00, real=0.00 secs] 
944.145: [GC (Allocation Failure) [PSYoungGen: 68541K->1565K(69120K)] 333770K->266794K(752640K), 0.0016221 secs] [Times: user=0.01 sys=0.00, real=0.00 secs] 
944.541: [GC (Allocation Failure) [PSYoungGen: 68637K->1581K(69120K)] 333866K->266810K(752640K), 0.0015362 secs] [Times: user=0.01 sys=0.00, real=0.01 secs] 
944.933: [GC (Allocation Failure) [PSYoungGen: 68653K->1581K(69120K)] 333882K->266826K(752640K), 0.0014864 secs] [Times: user=0.01 sys=0.00, real=0.00 secs] 
945.593: [GC (Allocation Failure) [PSYoungGen: 68653K->1456K(69120K)] 333898K->266709K(752640K), 0.0028481 secs] [Times: user=0.01 sys=0.00, real=0.00 secs] 
946.162: [GC (Allocation Failure) [PSYoungGen: 68528K->1440K(69120K)] 333781K->266693K(752640K), 0.0030020 secs] [Times: user=0.01 sys=0.00, real=0.00 secs] 
946.477: [GC (Allocation Failure) [PSYoungGen: 68512K->1408K(69120K)] 333765K->266661K(752640K), 0.0018560 secs] [Times: user=0.01 sys=0.00, real=0.00 secs] 
946.789: [GC (Allocation Failure) [PSYoungGen: 68480K->1376K(69120K)] 333733K->266629K(752640K), 0.0018431 secs] [Times: user=0.01 sys=0.00, real=0.00 secs] 
947.172: [GC (Allocation Failure) [PSYoungGen: 68448K->1472K(69120K)] 333701K->266725K(752640K), 0.0017335 secs] [Times: user=0.01 sys=0.00, real=0.00 secs] 
947.672: [GC (Allocation Failure) [PSYoungGen: 68544K->1613K(69120K)] 333797K->266866K(752640K), 0.0015716 secs] [Times: user=0.01 sys=0.00, real=0.00 secs] 
948.064: [GC (Allocation Failure) [PSYoungGen: 68685K->1581K(69120K)] 333938K->266834K(752640K), 0.0015360 secs] [Times: user=0.01 sys=0.00, real=0.00 secs] 
948.456: [GC (Allocation Failure) [PSYoungGen: 68653K->1613K(69120K)] 333906K->266890K(752640K), 0.0015549 secs] [Times: user=0.01 sys=0.00, real=0.00 secs] 
949.083: [GC (Allocation Failure) [PSYoungGen: 68685K->1424K(69120K)] 333962K->266709K(752640K), 0.0031297 secs] [Times: user=0.01 sys=0.00, real=0.00 secs] 
949.413: [GC (Allocation Failure) [PSYoungGen: 68496K->1392K(69120K)] 333781K->266677K(752640K), 0.0019505 secs] [Times: user=0.00 sys=0.00, real=0.00 secs] 
949.705: [GC (Allocation Failure) [PSYoungGen: 68464K->1408K(69120K)] 333749K->266693K(752640K), 0.0018702 secs] [Times: user=0.00 sys=0.00, real=0.00 secs] 
949.986: [GC (Allocation Failure) [PSYoungGen: 68480K->1376K(69120K)] 333765K->266661K(752640K), 0.0018711 secs] [Times: user=0.01 sys=0.00, real=0.00 secs] 
950.452: [GC (Allocation Failure) [PSYoungGen: 68448K->1549K(69120K)] 333733K->266834K(752640K), 0.0016134 secs] [Times: user=0.01 sys=0.00, real=0.00 secs] 
950.907: [GC (GCLocker Initiated GC) [PSYoungGen: 68621K->1581K(69120K)] 333906K->266866K(752640K), 0.0014857 secs] [Times: user=0.01 sys=0.00, real=0.00 secs] 
951.312: [GC (Allocation Failure) [PSYoungGen: 68653K->1517K(69120K)] 334452K->267316K(752640K), 0.0015301 secs] [Times: user=0.00 sys=0.00, real=0.00 secs] 
951.766: [GC (Allocation Failure) [PSYoungGen: 68589K->1661K(69120K)] 334388K->267476K(752640K), 0.0016593 secs] [Times: user=0.00 sys=0.00, real=0.00 secs] 
952.844: [GC (Allocation Failure) [PSYoungGen: 68733K->1568K(69120K)] 334548K->267382K(752640K), 0.0035545 secs] [Times: user=0.01 sys=0.01, real=0.00 secs] 
953.542: [GC (Allocation Failure) [PSYoungGen: 68640K->1472K(69120K)] 334454K->267286K(752640K), 0.0036398 secs] [Times: user=0.01 sys=0.00, real=0.00 secs] 
954.285: [GC (Allocation Failure) [PSYoungGen: 68544K->1520K(69120K)] 334358K->267334K(752640K), 0.0036458 secs] [Times: user=0.02 sys=0.00, real=0.00 secs] 
955.086: [GC (Allocation Failure) [PSYoungGen: 68592K->1536K(69120K)] 334406K->267350K(752640K), 0.0028559 secs] [Times: user=0.02 sys=0.00, real=0.00 secs] 
955.814: [GC (Allocation Failure) [PSYoungGen: 68608K->1597K(69120K)] 334422K->267412K(752640K), 0.0013692 secs] [Times: user=0.00 sys=0.00, real=0.00 secs] 
956.213: [GC (Allocation Failure) [PSYoungGen: 68669K->1693K(69120K)] 334484K->267508K(752640K), 0.0015217 secs] [Times: user=0.01 sys=0.00, real=0.00 secs] 
956.605: [GC (Allocation Failure) [PSYoungGen: 68765K->1693K(69120K)] 334580K->267508K(752640K), 0.0017337 secs] [Times: user=0.01 sys=0.00, real=0.00 secs] 
957.286: [GC (Allocation Failure) [PSYoungGen: 68765K->2016K(69120K)] 334580K->267966K(752640K), 0.0019573 secs] [Times: user=0.01 sys=0.00, real=0.00 secs] 
958.225: [GC (Allocation Failure) [PSYoungGen: 69088K->1440K(69120K)] 335038K->267390K(752640K), 0.0030221 secs] [Times: user=0.01 sys=0.00, real=0.00 secs] 
958.793: [GC (Allocation Failure) [PSYoungGen: 68512K->1472K(69120K)] 334462K->267422K(752640K), 0.0025461 secs] [Times: user=0.01 sys=0.00, real=0.00 secs] 
959.301: [GC (Allocation Failure) [PSYoungGen: 68544K->1504K(69120K)] 334494K->267454K(752640K), 0.0020723 secs] [Times: user=0.01 sys=0.00, real=0.00 secs] 
959.641: [GC (Allocation Failure) [PSYoungGen: 68576K->1424K(69120K)] 334526K->267414K(752640K), 0.0018941 secs] [Times: user=0.01 sys=0.00, real=0.01 secs] 
960.075: [GC (Allocation Failure) [PSYoungGen: 68496K->1629K(69120K)] 334486K->267644K(752640K), 0.0015784 secs] [Times: user=0.01 sys=0.00, real=0.00 secs] 
960.472: [GC (Allocation Failure) [PSYoungGen: 68701K->1581K(69120K)] 334716K->267604K(752640K), 0.0017672 secs] [Times: user=0.01 sys=0.00, real=0.00 secs] 
960.865: [GC (Allocation Failure) [PSYoungGen: 68653K->1520K(69120K)] 334676K->267623K(752640K), 0.0015194 secs] [Times: user=0.01 sys=0.00, real=0.00 secs] 
961.274: [GC (Allocation Failure) [PSYoungGen: 68592K->1504K(69120K)] 334695K->267614K(752640K), 0.0016728 secs] [Times: user=0.01 sys=0.00, real=0.00 secs] 
961.604: [GC (Allocation Failure) [PSYoungGen: 68576K->1408K(69120K)] 334686K->267518K(752640K), 0.0015197 secs] [Times: user=0.01 sys=0.00, real=0.00 secs] 
961.902: [GC (Allocation Failure) [PSYoungGen: 68480K->1376K(69120K)] 334590K->267486K(752640K), 0.0015127 secs] [Times: user=0.01 sys=0.00, real=0.00 secs] 
962.218: [GC (Allocation Failure) [PSYoungGen: 68448K->1376K(69120K)] 334558K->267486K(752640K), 0.0017696 secs] [Times: user=0.01 sys=0.00, real=0.00 secs] 
962.518: [GC (Allocation Failure) [PSYoungGen: 68448K->1504K(69120K)] 334558K->267615K(752640K), 0.0015248 secs] [Times: user=0.01 sys=0.00, real=0.00 secs] 
962.908: [GC (GCLocker Initiated GC) [PSYoungGen: 68576K->1565K(69120K)] 334687K->267676K(752640K), 0.0015882 secs] [Times: user=0.01 sys=0.00, real=0.00 secs] 
963.304: [GC (Allocation Failure) [PSYoungGen: 68637K->1485K(69120K)] 335005K->267853K(752640K), 0.0014822 secs] [Times: user=0.00 sys=0.00, real=0.00 secs] 
963.698: [GC (Allocation Failure) [PSYoungGen: 68557K->1565K(69120K)] 334925K->267957K(752640K), 0.0014762 secs] [Times: user=0.01 sys=0.00, real=0.00 secs] 
964.062: [GC (Allocation Failure) [PSYoungGen: 68637K->1504K(69120K)] 335029K->267896K(752640K), 0.0017601 secs] [Times: user=0.00 sys=0.00, real=0.00 secs] 
964.341: [GC (Allocation Failure) [PSYoungGen: 68576K->1440K(69120K)] 334968K->267832K(752640K), 0.0016381 secs] [Times: user=0.01 sys=0.00, real=0.01 secs] 
964.619: [GC (Allocation Failure) [PSYoungGen: 68512K->1440K(69120K)] 334904K->267832K(752640K), 0.0016606 secs] [Times: user=0.01 sys=0.00, real=0.00 secs] 
964.897: [GC (Allocation Failure) [PSYoungGen: 68512K->1424K(69120K)] 334904K->267816K(752640K), 0.0014751 secs] [Times: user=0.00 sys=0.00, real=0.00 secs] 
965.252: [GC (Allocation Failure) [PSYoungGen: 68496K->1565K(69120K)] 334888K->267957K(752640K), 0.0014822 secs] [Times: user=0.00 sys=0.00, real=0.00 secs] 
965.646: [GC (Allocation Failure) [PSYoungGen: 68637K->1613K(69120K)] 335029K->268005K(752640K), 0.0014716 secs] [Times: user=0.01 sys=0.00, real=0.00 secs] 
966.040: [GC (Allocation Failure) [PSYoungGen: 68685K->1568K(69120K)] 335077K->268000K(752640K), 0.0015476 secs] [Times: user=0.01 sys=0.00, real=0.00 secs] 
966.441: [GC (Allocation Failure) [PSYoungGen: 68640K->1616K(69120K)] 335072K->268072K(752640K), 0.0015215 secs] [Times: user=0.01 sys=0.00, real=0.01 secs] 
966.837: [GC (Allocation Failure) [PSYoungGen: 68688K->1472K(69120K)] 335144K->267936K(752640K), 0.0016978 secs] [Times: user=0.01 sys=0.00, real=0.00 secs] 
967.122: [GC (Allocation Failure) [PSYoungGen: 68544K->1440K(69120K)] 335008K->267904K(752640K), 0.0017609 secs] [Times: user=0.01 sys=0.00, real=0.00 secs] 
967.401: [GC (Allocation Failure) [PSYoungGen: 68512K->1408K(69120K)] 334976K->267872K(752640K), 0.0018017 secs] [Times: user=0.01 sys=0.00, real=0.01 secs] 
967.781: [GC (Allocation Failure) [PSYoungGen: 68480K->1408K(69120K)] 334944K->267920K(752640K), 0.0018748 secs] [Times: user=0.01 sys=0.00, real=0.01 secs] 
968.135: [GC (Allocation Failure) [PSYoungGen: 68480K->1565K(69120K)] 334992K->268077K(752640K), 0.0015006 secs] [Times: user=0.00 sys=0.00, real=0.00 secs] 
968.527: [GC (Allocation Failure) [PSYoungGen: 68637K->1581K(69120K)] 335149K->268109K(752640K), 0.0015694 secs] [Times: user=0.01 sys=0.00, real=0.00 secs] 
968.920: [GC (Allocation Failure) [PSYoungGen: 68653K->1549K(69120K)] 335181K->268077K(752640K), 0.0015196 secs] [Times: user=0.01 sys=0.00, real=0.01 secs] 
969.313: [GC (Allocation Failure) [PSYoungGen: 68621K->1552K(69120K)] 335149K->268104K(752640K), 0.0014683 secs] [Times: user=0.01 sys=0.00, real=0.00 secs] 
969.930: [GC (Allocation Failure) [PSYoungGen: 68624K->1408K(69120K)] 335176K->267968K(752640K), 0.0017629 secs] [Times: user=0.01 sys=0.00, real=0.01 secs] 
970.631: [GC (Allocation Failure) [PSYoungGen: 68480K->1440K(69120K)] 335040K->268000K(752640K), 0.0025164 secs] [Times: user=0.01 sys=0.00, real=0.01 secs] 
971.458: [GC (Allocation Failure) [PSYoungGen: 68512K->1376K(69120K)] 335072K->267936K(752640K), 0.0034567 secs] [Times: user=0.01 sys=0.00, real=0.01 secs] 
972.145: [GC (Allocation Failure) [PSYoungGen: 68448K->1440K(69120K)] 335008K->268000K(752640K), 0.0028886 secs] [Times: user=0.01 sys=0.00, real=0.00 secs] 
972.773: [GC (Allocation Failure) [PSYoungGen: 68512K->1533K(69120K)] 335072K->268093K(752640K), 0.0015391 secs] [Times: user=0.01 sys=0.00, real=0.00 secs] 
973.165: [GC (Allocation Failure) [PSYoungGen: 68605K->1552K(69120K)] 335165K->268112K(752640K), 0.0015203 secs] [Times: user=0.01 sys=0.00, real=0.00 secs] 
973.557: [GC (Allocation Failure) [PSYoungGen: 68624K->1613K(69120K)] 335184K->268173K(752640K), 0.0015172 secs] [Times: user=0.01 sys=0.00, real=0.00 secs] 
973.949: [GC (Allocation Failure) [PSYoungGen: 68685K->1581K(69120K)] 335245K->268165K(752640K), 0.0015484 secs] [Times: user=0.01 sys=0.00, real=0.00 secs] 
974.739: [GC (Allocation Failure) [PSYoungGen: 68653K->1472K(69120K)] 335237K->268056K(752640K), 0.0031909 secs] [Times: user=0.01 sys=0.00, real=0.01 secs] 
975.213: [GC (Allocation Failure) [PSYoungGen: 68544K->1408K(69120K)] 335128K->268000K(752640K), 0.0020929 secs] [Times: user=0.00 sys=0.00, real=0.00 secs] 
975.531: [GC (Allocation Failure) [PSYoungGen: 68480K->1440K(69120K)] 335072K->268032K(752640K), 0.0018565 secs] [Times: user=0.01 sys=0.00, real=0.00 secs] 
975.866: [GC (Allocation Failure) [PSYoungGen: 68512K->1376K(69120K)] 335104K->267968K(752640K), 0.0018628 secs] [Times: user=0.01 sys=0.00, real=0.00 secs] 
976.268: [GC (Allocation Failure) [PSYoungGen: 68448K->1517K(69120K)] 335040K->268109K(752640K), 0.0015855 secs] [Times: user=0.01 sys=0.00, real=0.00 secs] 
976.669: [GC (Allocation Failure) [PSYoungGen: 68567K->1600K(69120K)] 335160K->268192K(752640K), 0.0016188 secs] [Times: user=0.00 sys=0.00, real=0.00 secs] 
977.061: [GC (Allocation Failure) [PSYoungGen: 68672K->1581K(69120K)] 335264K->268173K(752640K), 0.0016488 secs] [Times: user=0.00 sys=0.00, real=0.01 secs] 
977.529: [GC (Allocation Failure) [PSYoungGen: 68653K->1488K(69120K)] 335245K->268096K(752640K), 0.0019831 secs] [Times: user=0.01 sys=0.00, real=0.01 secs] 
977.843: [GC (Allocation Failure) [PSYoungGen: 68560K->1408K(69120K)] 335168K->268016K(752640K), 0.0017626 secs] [Times: user=0.01 sys=0.00, real=0.00 secs] 
978.128: [GC (Allocation Failure) [PSYoungGen: 68480K->1376K(69120K)] 335088K->268008K(752640K), 0.0016422 secs] [Times: user=0.00 sys=0.00, real=0.00 secs] 
978.442: [GC (Allocation Failure) [PSYoungGen: 68448K->1344K(69120K)] 335080K->267976K(752640K), 0.0017893 secs] [Times: user=0.01 sys=0.00, real=0.00 secs] 
978.721: [GC (Allocation Failure) [PSYoungGen: 68416K->1360K(69120K)] 335048K->267992K(752640K), 0.0016753 secs] [Times: user=0.01 sys=0.01, real=0.01 secs] 
979.168: [GC (Allocation Failure) [PSYoungGen: 68432K->1613K(69120K)] 335064K->268245K(752640K), 0.0015398 secs] [Times: user=0.01 sys=0.00, real=0.00 secs] 
979.560: [GC (Allocation Failure) [PSYoungGen: 68685K->1597K(69120K)] 335317K->268229K(752640K), 0.0015124 secs] [Times: user=0.00 sys=0.00, real=0.01 secs] 
979.952: [GC (Allocation Failure) [PSYoungGen: 68669K->1568K(69120K)] 335301K->268200K(752640K), 0.0016281 secs] [Times: user=0.01 sys=0.00, real=0.00 secs] 
980.359: [GC (Allocation Failure) [PSYoungGen: 68640K->1440K(69120K)] 335272K->268080K(752640K), 0.0089255 secs] [Times: user=0.05 sys=0.00, real=0.01 secs] 
980.685: [GC (Allocation Failure) [PSYoungGen: 68512K->1376K(69120K)] 335152K->268016K(752640K), 0.0018581 secs] [Times: user=0.01 sys=0.01, real=0.00 secs] 
980.964: [GC (Allocation Failure) [PSYoungGen: 68448K->1408K(69120K)] 335088K->268048K(752640K), 0.0017313 secs] [Times: user=0.01 sys=0.00, real=0.00 secs] 
981.250: [GC (Allocation Failure) [PSYoungGen: 68480K->1344K(69120K)] 335120K->267984K(752640K), 0.0016842 secs] [Times: user=0.00 sys=0.00, real=0.01 secs] 
981.642: [GC (Allocation Failure) [PSYoungGen: 68416K->1501K(69120K)] 335056K->268141K(752640K), 0.0015540 secs] [Times: user=0.00 sys=0.01, real=0.00 secs] 
982.034: [GC (Allocation Failure) [PSYoungGen: 68573K->1629K(69120K)] 335213K->268269K(752640K), 0.0015690 secs] [Times: user=0.00 sys=0.00, real=0.00 secs] 
982.425: [GC (Allocation Failure) [PSYoungGen: 68701K->1568K(69120K)] 335341K->268208K(752640K), 0.0015927 secs] [Times: user=0.00 sys=0.00, real=0.00 secs] 
982.818: [GC (Allocation Failure) [PSYoungGen: 68640K->1616K(69120K)] 335280K->268272K(752640K), 0.0014924 secs] [Times: user=0.01 sys=0.00, real=0.00 secs] 
983.286: [GC (Allocation Failure) [PSYoungGen: 68688K->1472K(69120K)] 335344K->268128K(752640K), 0.0017161 secs] [Times: user=0.01 sys=0.00, real=0.00 secs] 
983.564: [GC (Allocation Failure) [PSYoungGen: 68544K->1408K(69120K)] 335200K->268064K(752640K), 0.0020380 secs] [Times: user=0.01 sys=0.00, real=0.00 secs] 
983.844: [GC (Allocation Failure) [PSYoungGen: 68480K->1408K(69120K)] 335136K->268064K(752640K), 0.0019774 secs] [Times: user=0.01 sys=0.00, real=0.00 secs] 
984.125: [GC (Allocation Failure) [PSYoungGen: 68480K->1408K(69120K)] 335136K->268064K(752640K), 0.0025212 secs] [Times: user=0.01 sys=0.00, real=0.00 secs] 
984.469: [GC (Allocation Failure) [PSYoungGen: 68480K->1501K(69120K)] 335136K->268157K(752640K), 0.0014706 secs] [Times: user=0.00 sys=0.00, real=0.00 secs] 
984.862: [GC (Allocation Failure) [PSYoungGen: 68573K->1629K(69120K)] 335229K->268285K(752640K), 0.0015963 secs] [Times: user=0.01 sys=0.00, real=0.00 secs] 
985.254: [GC (Allocation Failure) [PSYoungGen: 68701K->1584K(69120K)] 335357K->268240K(752640K), 0.0015852 secs] [Times: user=0.00 sys=0.00, real=0.00 secs] 
985.650: [GC (Allocation Failure) [PSYoungGen: 68656K->1645K(69120K)] 335312K->268325K(752640K), 0.0014897 secs] [Times: user=0.01 sys=0.00, real=0.01 secs] 
986.049: [GC (Allocation Failure) [PSYoungGen: 68717K->1440K(69120K)] 335397K->268120K(752640K), 0.0018663 secs] [Times: user=0.01 sys=0.00, real=0.00 secs] 
986.328: [GC (Allocation Failure) [PSYoungGen: 68512K->1312K(69120K)] 335192K->268008K(752640K), 0.0015250 secs] [Times: user=0.00 sys=0.00, real=0.00 secs] 
986.606: [GC (Allocation Failure) [PSYoungGen: 68384K->1408K(69120K)] 335080K->268104K(752640K), 0.0018735 secs] [Times: user=0.00 sys=0.00, real=0.00 secs] 
986.927: [GC (Allocation Failure) [PSYoungGen: 68480K->1376K(69120K)] 335176K->268072K(752640K), 0.0025143 secs] [Times: user=0.01 sys=0.00, real=0.00 secs] 
987.455: [GC (Allocation Failure) [PSYoungGen: 68448K->1533K(69120K)] 335144K->268229K(752640K), 0.0016040 secs] [Times: user=0.01 sys=0.00, real=0.00 secs] 
987.846: [GC (Allocation Failure) [PSYoungGen: 68605K->1616K(69120K)] 335301K->268312K(752640K), 0.0015710 secs] [Times: user=0.01 sys=0.00, real=0.00 secs] 
988.240: [GC (Allocation Failure) [PSYoungGen: 68688K->1584K(69120K)] 335384K->268280K(752640K), 0.0015241 secs] [Times: user=0.01 sys=0.00, real=0.01 secs] 
988.633: [GC (Allocation Failure) [PSYoungGen: 68656K->1504K(69120K)] 335352K->268216K(752640K), 0.0015132 secs] [Times: user=0.00 sys=0.00, real=0.00 secs] 
988.962: [GC (Allocation Failure) [PSYoungGen: 68576K->1472K(69120K)] 335288K->268184K(752640K), 0.0016055 secs] [Times: user=0.00 sys=0.00, real=0.00 secs] 
989.372: [GC (Allocation Failure) [PSYoungGen: 68544K->1440K(69120K)] 335256K->268152K(752640K), 0.0016838 secs] [Times: user=0.01 sys=0.00, real=0.00 secs] 
989.922: [GC (Allocation Failure) [PSYoungGen: 68512K->1392K(69120K)] 335224K->268104K(752640K), 0.0020247 secs] [Times: user=0.00 sys=0.00, real=0.00 secs] 
990.507: [GC (Allocation Failure) [PSYoungGen: 68464K->1424K(69120K)] 335176K->268136K(752640K), 0.0019151 secs] [Times: user=0.01 sys=0.00, real=0.00 secs] 
991.114: [GC (Allocation Failure) [PSYoungGen: 68496K->1533K(69120K)] 335208K->268245K(752640K), 0.0016151 secs] [Times: user=0.00 sys=0.00, real=0.00 secs] 
991.506: [GC (Allocation Failure) [PSYoungGen: 68589K->1629K(69120K)] 335302K->268341K(752640K), 0.0014464 secs] [Times: user=0.01 sys=0.00, real=0.00 secs] 
991.900: [GC (Allocation Failure) [PSYoungGen: 68701K->1581K(69120K)] 335413K->268293K(752640K), 0.0014843 secs] [Times: user=0.00 sys=0.00, real=0.01 secs] 
992.285: [GC (Allocation Failure) [PSYoungGen: 68653K->2032K(69120K)] 335365K->268744K(752640K), 0.0016396 secs] [Times: user=0.01 sys=0.00, real=0.00 secs] 
992.563: [GC (Allocation Failure) [PSYoungGen: 69104K->1408K(69120K)] 335816K->268120K(752640K), 0.0015332 secs] [Times: user=0.00 sys=0.00, real=0.00 secs] 
992.845: [GC (Allocation Failure) [PSYoungGen: 68480K->1408K(69120K)] 335192K->268120K(752640K), 0.0025307 secs] [Times: user=0.01 sys=0.00, real=0.00 secs] 
993.122: [GC (Allocation Failure) [PSYoungGen: 68480K->1376K(69120K)] 335192K->268088K(752640K), 0.0019251 secs] [Times: user=0.01 sys=0.00, real=0.00 secs] 
993.403: [GC (Allocation Failure) [PSYoungGen: 68448K->1376K(69120K)] 335160K->268088K(752640K), 0.0023768 secs] [Times: user=0.01 sys=0.00, real=0.00 secs] 
993.865: [GC (Allocation Failure) [PSYoungGen: 68431K->1568K(69120K)] 335144K->268280K(752640K), 0.0015839 secs] [Times: user=0.00 sys=0.00, real=0.00 secs] 
994.257: [GC (Allocation Failure) [PSYoungGen: 68640K->1568K(69120K)] 335352K->268280K(752640K), 0.0015814 secs] [Times: user=0.01 sys=0.00, real=0.00 secs] 
994.651: [GC (Allocation Failure) [PSYoungGen: 68640K->1568K(69120K)] 335352K->268280K(752640K), 0.0014658 secs] [Times: user=0.00 sys=0.00, real=0.01 secs] 
995.052: [GC (Allocation Failure) [PSYoungGen: 68640K->1504K(69120K)] 335352K->268216K(752640K), 0.0016269 secs] [Times: user=0.01 sys=0.00, real=0.00 secs] 
995.349: [GC (Allocation Failure) [PSYoungGen: 68576K->1408K(69120K)] 335288K->268120K(752640K), 0.0014936 secs] [Times: user=0.00 sys=0.00, real=0.00 secs] 
995.664: [GC (Allocation Failure) [PSYoungGen: 68480K->1376K(69120K)] 335192K->268088K(752640K), 0.0017540 secs] [Times: user=0.01 sys=0.00, real=0.00 secs] 
995.944: [GC (Allocation Failure) [PSYoungGen: 68448K->1440K(69120K)] 335160K->268152K(752640K), 0.0017158 secs] [Times: user=0.01 sys=0.00, real=0.00 secs] 
996.308: [GC (Allocation Failure) [PSYoungGen: 68512K->1469K(69120K)] 335224K->268197K(752640K), 0.0018859 secs] [Times: user=0.01 sys=0.00, real=0.00 secs] 
996.715: [GC (Allocation Failure) [PSYoungGen: 68541K->1600K(69120K)] 335269K->268328K(752640K), 0.0015824 secs] [Times: user=0.01 sys=0.00, real=0.00 secs] 
997.117: [GC (Allocation Failure) [PSYoungGen: 68672K->1613K(69120K)] 335400K->268341K(752640K), 0.0016756 secs] [Times: user=0.01 sys=0.00, real=0.00 secs] 
997.510: [GC (Allocation Failure) [PSYoungGen: 68685K->1581K(69120K)] 335413K->268325K(752640K), 0.0017358 secs] [Times: user=0.00 sys=0.00, real=0.01 secs] 
998.018: [GC (Allocation Failure) [PSYoungGen: 68653K->1472K(69120K)] 335397K->268216K(752640K), 0.0020620 secs] [Times: user=0.00 sys=0.00, real=0.00 secs] 
998.577: [GC (Allocation Failure) [PSYoungGen: 68544K->1376K(69120K)] 335288K->268120K(752640K), 0.0019259 secs] [Times: user=0.01 sys=0.00, real=0.00 secs] 
999.118: [GC (Allocation Failure) [PSYoungGen: 68448K->1408K(69120K)] 335192K->268152K(752640K), 0.0018167 secs] [Times: user=0.01 sys=0.00, real=0.00 secs] 
999.439: [GC (Allocation Failure) [PSYoungGen: 68480K->1376K(69120K)] 335224K->268120K(752640K), 0.0018880 secs] [Times: user=0.00 sys=0.00, real=0.00 secs] 
999.808: [GC (Allocation Failure) [PSYoungGen: 68438K->1485K(69120K)] 335182K->268229K(752640K), 0.0014643 secs] [Times: user=0.00 sys=0.00, real=0.00 secs] 
1000.199: [GC (Allocation Failure) [PSYoungGen: 68557K->1536K(69120K)] 335301K->268280K(752640K), 0.0016013 secs] [Times: user=0.00 sys=0.00, real=0.00 secs] 
1000.593: [GC (Allocation Failure) [PSYoungGen: 68608K->1597K(69120K)] 335352K->268341K(752640K), 0.0015301 secs] [Times: user=0.01 sys=0.00, real=0.00 secs] 
1000.987: [GC (Allocation Failure) [PSYoungGen: 68669K->1581K(69120K)] 335413K->268349K(752640K), 0.0014851 secs] [Times: user=0.01 sys=0.00, real=0.00 secs] 
1001.319: [GC (Allocation Failure) [PSYoungGen: 68653K->1408K(69120K)] 335421K->268176K(752640K), 0.0015434 secs] [Times: user=0.01 sys=0.00, real=0.00 secs] 
1001.616: [GC (Allocation Failure) [PSYoungGen: 68480K->1376K(69120K)] 335248K->268144K(752640K), 0.0014914 secs] [Times: user=0.01 sys=0.00, real=0.00 secs] 
1001.987: [GC (Allocation Failure) [PSYoungGen: 68448K->1408K(69120K)] 335216K->268176K(752640K), 0.0035743 secs] [Times: user=0.01 sys=0.00, real=0.00 secs] 
1002.527: [GC (Allocation Failure) [PSYoungGen: 68480K->1408K(69120K)] 335248K->268176K(752640K), 0.0027842 secs] [Times: user=0.01 sys=0.00, real=0.00 secs] 
1003.062: [GC (Allocation Failure) [PSYoungGen: 68480K->1565K(69120K)] 335248K->268333K(752640K), 0.0015524 secs] [Times: user=0.01 sys=0.00, real=0.00 secs] 
1003.455: [GC (Allocation Failure) [PSYoungGen: 68637K->1597K(69120K)] 335405K->268365K(752640K), 0.0016034 secs] [Times: user=0.00 sys=0.00, real=0.00 secs] 
1003.848: [GC (Allocation Failure) [PSYoungGen: 68669K->1629K(69120K)] 335437K->268397K(752640K), 0.0015272 secs] [Times: user=0.00 sys=0.00, real=0.00 secs] 
1004.240: [GC (Allocation Failure) [PSYoungGen: 68701K->1613K(69120K)] 335469K->268397K(752640K), 0.0015212 secs] [Times: user=0.01 sys=0.00, real=0.01 secs] 
1004.727: [GC (Allocation Failure) [PSYoungGen: 68685K->1408K(69120K)] 335469K->268192K(752640K), 0.0015073 secs] [Times: user=0.00 sys=0.00, real=0.00 secs] 
1005.312: [GC (Allocation Failure) [PSYoungGen: 68480K->1408K(69120K)] 335264K->268192K(752640K), 0.0034846 secs] [Times: user=0.02 sys=0.00, real=0.00 secs] 
1006.116: [GC (Allocation Failure) [PSYoungGen: 68480K->1376K(69120K)] 335264K->268160K(752640K), 0.0035745 secs] [Times: user=0.02 sys=0.00, real=0.00 secs] 
1006.872: [GC (Allocation Failure) [PSYoungGen: 68448K->1392K(69120K)] 335232K->268176K(752640K), 0.0029964 secs] [Times: user=0.01 sys=0.00, real=0.00 secs] 
1007.560: [GC (Allocation Failure) [PSYoungGen: 68464K->1517K(69120K)] 335248K->268301K(752640K), 0.0014706 secs] [Times: user=0.01 sys=0.00, real=0.00 secs] 
1007.950: [GC (Allocation Failure) [PSYoungGen: 68589K->1600K(69120K)] 335373K->268384K(752640K), 0.0015134 secs] [Times: user=0.00 sys=0.00, real=0.01 secs] 
1008.342: [GC (Allocation Failure) [PSYoungGen: 68672K->1613K(69120K)] 335456K->268413K(752640K), 0.0015837 secs] [Times: user=0.00 sys=0.00, real=0.00 secs] 
1008.734: [GC (Allocation Failure) [PSYoungGen: 68685K->320K(69120K)] 335485K->267120K(752640K), 0.0014457 secs] [Times: user=0.01 sys=0.00, real=0.00 secs] 
1009.049: [GC (Allocation Failure) [PSYoungGen: 67392K->1376K(69120K)] 334192K->268176K(752640K), 0.0023992 secs] [Times: user=0.01 sys=0.00, real=0.01 secs] 
1009.324: [GC (Allocation Failure) [PSYoungGen: 68448K->1344K(69120K)] 335248K->268144K(752640K), 0.0019177 secs] [Times: user=0.01 sys=0.00, real=0.00 secs] 
1009.603: [GC (Allocation Failure) [PSYoungGen: 68416K->1408K(69120K)] 335216K->268208K(752640K), 0.0017432 secs] [Times: user=0.00 sys=0.00, real=0.00 secs] 
1009.881: [GC (Allocation Failure) [PSYoungGen: 68480K->1408K(69120K)] 335280K->268208K(752640K), 0.0018889 secs] [Times: user=0.01 sys=0.00, real=0.01 secs] 
1010.317: [GC (Allocation Failure) [PSYoungGen: 68480K->1597K(69120K)] 335280K->268397K(752640K), 0.0015563 secs] [Times: user=0.00 sys=0.00, real=0.00 secs] 
1010.712: [GC (Allocation Failure) [PSYoungGen: 68669K->1549K(69120K)] 335469K->268349K(752640K), 0.0016010 secs] [Times: user=0.01 sys=0.00, real=0.00 secs] 
1011.109: [GC (Allocation Failure) [PSYoungGen: 68621K->1597K(69120K)] 335421K->268397K(752640K), 0.0014811 secs] [Times: user=0.01 sys=0.00, real=0.00 secs] 
1011.535: [GC (Allocation Failure) [PSYoungGen: 68669K->1504K(69120K)] 335469K->268304K(752640K), 0.0016549 secs] [Times: user=0.00 sys=0.00, real=0.00 secs] 
1012.061: [GC (Allocation Failure) [PSYoungGen: 68576K->1408K(69120K)] 335376K->268208K(752640K), 0.0029512 secs] [Times: user=0.01 sys=0.00, real=0.01 secs] 
1012.627: [GC (Allocation Failure) [PSYoungGen: 68480K->1408K(69120K)] 335280K->268208K(752640K), 0.0027681 secs] [Times: user=0.01 sys=0.00, real=0.00 secs] 
1013.187: [GC (Allocation Failure) [PSYoungGen: 68480K->1376K(69120K)] 335280K->268176K(752640K), 0.0021332 secs] [Times: user=0.00 sys=0.00, real=0.00 secs] 
1013.775: [GC (Allocation Failure) [PSYoungGen: 68325K->304K(69120K)] 335125K->267104K(752640K), 0.0019365 secs] [Times: user=0.00 sys=0.00, real=0.00 secs] 
1014.198: [GC (Allocation Failure) [PSYoungGen: 67376K->1613K(69120K)] 334176K->268413K(752640K), 0.0017033 secs] [Times: user=0.01 sys=0.00, real=0.00 secs] 
1014.590: [GC (Allocation Failure) [PSYoungGen: 68685K->1629K(69120K)] 335485K->268429K(752640K), 0.0014665 secs] [Times: user=0.00 sys=0.00, real=0.01 secs] 
1014.982: [GC (Allocation Failure) [PSYoungGen: 68701K->1549K(69120K)] 335501K->268357K(752640K), 0.0015558 secs] [Times: user=0.00 sys=0.00, real=0.00 secs] 
1015.382: [GC (Allocation Failure) [PSYoungGen: 68621K->1504K(69120K)] 335429K->268320K(752640K), 0.0015966 secs] [Times: user=0.01 sys=0.00, real=0.00 secs] 
1015.696: [GC (Allocation Failure) [PSYoungGen: 68576K->1344K(69120K)] 335392K->268160K(752640K), 0.0016622 secs] [Times: user=0.01 sys=0.00, real=0.00 secs] 
1016.094: [GC (Allocation Failure) [PSYoungGen: 68416K->1408K(69120K)] 335232K->268224K(752640K), 0.0018307 secs] [Times: user=0.01 sys=0.00, real=0.00 secs] 
1016.407: [GC (Allocation Failure) [PSYoungGen: 68480K->1392K(69120K)] 335296K->268208K(752640K), 0.0017147 secs] [Times: user=0.01 sys=0.00, real=0.00 secs] 
1016.801: [GC (Allocation Failure) [PSYoungGen: 68464K->1469K(69120K)] 335280K->268285K(752640K), 0.0015580 secs] [Times: user=0.00 sys=0.00, real=0.00 secs] 
1017.252: [GC (Allocation Failure) [PSYoungGen: 68541K->1552K(69120K)] 335357K->268368K(752640K), 0.0015409 secs] [Times: user=0.01 sys=0.00, real=0.00 secs] 
1017.654: [GC (Allocation Failure) [PSYoungGen: 68624K->1581K(69120K)] 335440K->268429K(752640K), 0.0017360 secs] [Times: user=0.01 sys=0.00, real=0.00 secs] 
1018.048: [GC (Allocation Failure) [PSYoungGen: 68653K->1549K(69120K)] 335501K->268413K(752640K), 0.0014902 secs] [Times: user=0.01 sys=0.00, real=0.00 secs] 
1018.404: [GC (Allocation Failure) [PSYoungGen: 68621K->1488K(69120K)] 335485K->268352K(752640K), 0.0023915 secs] [Times: user=0.01 sys=0.00, real=0.00 secs] 
1018.688: [GC (Allocation Failure) [PSYoungGen: 68560K->1376K(69120K)] 335424K->268240K(752640K), 0.0018300 secs] [Times: user=0.01 sys=0.00, real=0.00 secs] 
1019.062: [GC (Allocation Failure) [PSYoungGen: 68448K->1376K(69120K)] 335312K->268240K(752640K), 0.0017115 secs] [Times: user=0.00 sys=0.00, real=0.00 secs] 
1019.613: [GC (Allocation Failure) [PSYoungGen: 68448K->1376K(69120K)] 335312K->268240K(752640K), 0.0016711 secs] [Times: user=0.00 sys=0.00, real=0.00 secs] 
1020.242: [GC (Allocation Failure) [PSYoungGen: 68448K->1517K(69120K)] 335312K->268381K(752640K), 0.0016409 secs] [Times: user=0.01 sys=0.00, real=0.00 secs] 
1020.643: [GC (Allocation Failure) [PSYoungGen: 68589K->1613K(69120K)] 335453K->268477K(752640K), 0.0017219 secs] [Times: user=0.01 sys=0.00, real=0.00 secs] 
1021.039: [GC (Allocation Failure) [PSYoungGen: 68685K->1581K(69120K)] 335549K->268445K(752640K), 0.0016357 secs] [Times: user=0.00 sys=0.00, real=0.00 secs] 
1021.431: [GC (Allocation Failure) [PSYoungGen: 68653K->1581K(69120K)] 335517K->268461K(752640K), 0.0017177 secs] [Times: user=0.00 sys=0.00, real=0.01 secs] 
1022.049: [GC (Allocation Failure) [PSYoungGen: 68653K->1440K(69120K)] 335533K->268320K(752640K), 0.0029643 secs] [Times: user=0.01 sys=0.00, real=0.01 secs] 
1022.573: [GC (Allocation Failure) [PSYoungGen: 68512K->1376K(69120K)] 335392K->268256K(752640K), 0.0025596 secs] [Times: user=0.01 sys=0.00, real=0.00 secs] 
1023.149: [GC (Allocation Failure) [PSYoungGen: 68448K->1376K(69120K)] 335328K->268256K(752640K), 0.0036336 secs] [Times: user=0.02 sys=0.00, real=0.01 secs] 
1023.894: [GC (Allocation Failure) [PSYoungGen: 68448K->1376K(69120K)] 335328K->268256K(752640K), 0.0029220 secs] [Times: user=0.01 sys=0.00, real=0.00 secs] 
1024.449: [GC (Allocation Failure) [PSYoungGen: 68448K->1517K(69120K)] 335328K->268397K(752640K), 0.0014633 secs] [Times: user=0.01 sys=0.00, real=0.00 secs] 
1024.839: [GC (Allocation Failure) [PSYoungGen: 68589K->1581K(69120K)] 335469K->268461K(752640K), 0.0015968 secs] [Times: user=0.01 sys=0.00, real=0.00 secs] 
1025.232: [GC (Allocation Failure) [PSYoungGen: 68653K->1581K(69120K)] 335533K->268461K(752640K), 0.0014805 secs] [Times: user=0.01 sys=0.00, real=0.00 secs] 
1025.687: [GC (Allocation Failure) [PSYoungGen: 68653K->1597K(69120K)] 335533K->268493K(752640K), 0.0015871 secs] [Times: user=0.01 sys=0.00, real=0.00 secs] 
1026.111: [GC (Allocation Failure) [PSYoungGen: 68669K->1472K(69120K)] 335565K->268368K(752640K), 0.0020049 secs] [Times: user=0.01 sys=0.00, real=0.01 secs] 
1026.390: [GC (Allocation Failure) [PSYoungGen: 68544K->1408K(69120K)] 335440K->268304K(752640K), 0.0018585 secs] [Times: user=0.00 sys=0.00, real=0.01 secs] 
1026.720: [GC (Allocation Failure) [PSYoungGen: 68480K->1376K(69120K)] 335376K->268272K(752640K), 0.0017156 secs] [Times: user=0.00 sys=0.00, real=0.01 secs] 
1026.998: [GC (Allocation Failure) [PSYoungGen: 68448K->1408K(69120K)] 335344K->268304K(752640K), 0.0017322 secs] [Times: user=0.01 sys=0.00, real=0.00 secs] 
1027.421: [GC (Allocation Failure) [PSYoungGen: 68480K->1565K(69120K)] 335376K->268461K(752640K), 0.0015283 secs] [Times: user=0.01 sys=0.00, real=0.01 secs] 
1027.823: [GC (Allocation Failure) [PSYoungGen: 68637K->1581K(69120K)] 335533K->268493K(752640K), 0.0015572 secs] [Times: user=0.01 sys=0.00, real=0.00 secs] 
1028.215: [GC (Allocation Failure) [PSYoungGen: 68653K->1565K(69120K)] 335565K->268477K(752640K), 0.0015351 secs] [Times: user=0.01 sys=0.00, real=0.00 secs] 
1028.723: [GC (Allocation Failure) [PSYoungGen: 68637K->1984K(69120K)] 335549K->268904K(752640K), 0.0020506 secs] [Times: user=0.01 sys=0.00, real=0.00 secs] 
1029.701: [GC (Allocation Failure) [PSYoungGen: 69056K->1408K(69120K)] 335976K->268328K(752640K), 0.0029285 secs] [Times: user=0.01 sys=0.00, real=0.01 secs] 
1030.372: [GC (Allocation Failure) [PSYoungGen: 68480K->1376K(69120K)] 335400K->268296K(752640K), 0.0027997 secs] [Times: user=0.01 sys=0.00, real=0.00 secs] 
1030.857: [GC (Allocation Failure) [PSYoungGen: 68448K->1376K(69120K)] 335368K->268296K(752640K), 0.0022844 secs] [Times: user=0.01 sys=0.00, real=0.00 secs] 
1031.400: [GC (Allocation Failure) [PSYoungGen: 68448K->1360K(69120K)] 335368K->268280K(752640K), 0.0021375 secs] [Times: user=0.01 sys=0.00, real=0.01 secs] 
1031.945: [GC (Allocation Failure) [PSYoungGen: 68432K->1597K(69120K)] 335352K->268517K(752640K), 0.0015779 secs] [Times: user=0.00 sys=0.00, real=0.00 secs] 
1032.397: [GC (Allocation Failure) [PSYoungGen: 68669K->1613K(69120K)] 335589K->268533K(752640K), 0.0018471 secs] [Times: user=0.01 sys=0.00, real=0.00 secs] 
1032.789: [GC (Allocation Failure) [PSYoungGen: 68685K->1536K(69120K)] 335605K->268456K(752640K), 0.0016797 secs] [Times: user=0.00 sys=0.00, real=0.00 secs] 
1033.651: [GC (Allocation Failure) [PSYoungGen: 68608K->1520K(69120K)] 335528K->268440K(752640K), 0.0035425 secs] [Times: user=0.02 sys=0.00, real=0.01 secs] 
1034.705: [GC (Allocation Failure) [PSYoungGen: 68592K->1376K(69120K)] 335512K->268296K(752640K), 0.0030073 secs] [Times: user=0.01 sys=0.00, real=0.00 secs] 
1035.492: [GC (Allocation Failure) [PSYoungGen: 68448K->1408K(69120K)] 335368K->268328K(752640K), 0.0028667 secs] [Times: user=0.01 sys=0.00, real=0.00 secs] 
1036.111: [GC (Allocation Failure) [PSYoungGen: 68480K->1376K(69120K)] 335400K->268296K(752640K), 0.0025801 secs] [Times: user=0.00 sys=0.00, real=0.01 secs] 
1036.667: [GC (Allocation Failure) [PSYoungGen: 68448K->1456K(69120K)] 335368K->268376K(752640K), 0.0020705 secs] [Times: user=0.01 sys=0.00, real=0.00 secs] 
1037.097: [GC (Allocation Failure) [PSYoungGen: 68528K->1616K(69120K)] 335448K->268536K(752640K), 0.0014987 secs] [Times: user=0.00 sys=0.00, real=0.00 secs] 
1037.491: [GC (Allocation Failure) [PSYoungGen: 68688K->1581K(69120K)] 335608K->268501K(752640K), 0.0015487 secs] [Times: user=0.01 sys=0.00, real=0.01 secs] 
1037.891: [GC (Allocation Failure) [PSYoungGen: 68653K->1581K(69120K)] 335573K->268509K(752640K), 0.0015046 secs] [Times: user=0.01 sys=0.00, real=0.01 secs] 
1038.488: [GC (Allocation Failure) [PSYoungGen: 68653K->1504K(69120K)] 335581K->268432K(752640K), 0.0016998 secs] [Times: user=0.01 sys=0.00, real=0.00 secs] 
1039.169: [GC (Allocation Failure) [PSYoungGen: 68576K->1376K(69120K)] 335504K->268304K(752640K), 0.0022376 secs] [Times: user=0.00 sys=0.01, real=0.00 secs] 
1039.770: [GC (Allocation Failure) [PSYoungGen: 68448K->1392K(69120K)] 335376K->268336K(752640K), 0.0023300 secs] [Times: user=0.01 sys=0.00, real=0.01 secs] 
1040.353: [GC (Allocation Failure) [PSYoungGen: 68464K->1376K(69120K)] 335408K->268320K(752640K), 0.0021874 secs] [Times: user=0.01 sys=0.00, real=0.00 secs] 
1041.123: [GC (Allocation Failure) [PSYoungGen: 68448K->1485K(69120K)] 335392K->268429K(752640K), 0.0016715 secs] [Times: user=0.00 sys=0.00, real=0.00 secs] 
1041.521: [GC (Allocation Failure) [PSYoungGen: 68557K->1613K(69120K)] 335501K->268557K(752640K), 0.0016498 secs] [Times: user=0.01 sys=0.00, real=0.01 secs] 
1041.914: [GC (Allocation Failure) [PSYoungGen: 68685K->1568K(69120K)] 335629K->268512K(752640K), 0.0016235 secs] [Times: user=0.00 sys=0.00, real=0.00 secs] 
1042.307: [GC (Allocation Failure) [PSYoungGen: 68640K->1613K(69120K)] 335584K->268573K(752640K), 0.0016590 secs] [Times: user=0.01 sys=0.00, real=0.00 secs] 
1043.307: [GC (Allocation Failure) [PSYoungGen: 68685K->1440K(69120K)] 335645K->268400K(752640K), 0.0023278 secs] [Times: user=0.01 sys=0.00, real=0.00 secs] 
1043.595: [GC (Allocation Failure) [PSYoungGen: 68512K->1392K(69120K)] 335472K->268352K(752640K), 0.0019572 secs] [Times: user=0.01 sys=0.00, real=0.00 secs] 
1043.906: [GC (Allocation Failure) [PSYoungGen: 68464K->1360K(69120K)] 335424K->268320K(752640K), 0.0017675 secs] [Times: user=0.00 sys=0.00, real=0.00 secs] 
1044.218: [GC (Allocation Failure) [PSYoungGen: 68432K->1344K(69120K)] 335392K->268304K(752640K), 0.0019009 secs] [Times: user=0.00 sys=0.00, real=0.00 secs] 
1044.628: [GC (Allocation Failure) [PSYoungGen: 68416K->1549K(69120K)] 335376K->268509K(752640K), 0.0015249 secs] [Times: user=0.01 sys=0.00, real=0.00 secs] 
1045.020: [GC (Allocation Failure) [PSYoungGen: 68621K->1533K(69120K)] 335581K->268493K(752640K), 0.0014712 secs] [Times: user=0.01 sys=0.00, real=0.01 secs] 
1045.413: [GC (Allocation Failure) [PSYoungGen: 68605K->1565K(69120K)] 335565K->268525K(752640K), 0.0016814 secs] [Times: user=0.00 sys=0.00, real=0.00 secs] 
1045.867: [GC (Allocation Failure) [PSYoungGen: 68637K->1613K(69120K)] 335597K->268581K(752640K), 0.0015981 secs] [Times: user=0.00 sys=0.00, real=0.00 secs] 
1046.769: [GC (Allocation Failure) [PSYoungGen: 68685K->1440K(69120K)] 335653K->268408K(752640K), 0.0021561 secs] [Times: user=0.01 sys=0.00, real=0.01 secs] 
1047.400: [GC (Allocation Failure) [PSYoungGen: 68512K->1376K(69120K)] 335480K->268344K(752640K), 0.0033973 secs] [Times: user=0.02 sys=0.00, real=0.01 secs] 
1047.767: [GC (Allocation Failure) [PSYoungGen: 68448K->1344K(69120K)] 335416K->268312K(752640K), 0.0026681 secs] [Times: user=0.01 sys=0.00, real=0.00 secs] 
1048.179: [GC (Allocation Failure) [PSYoungGen: 68416K->1408K(69120K)] 335384K->268392K(752640K), 0.0023059 secs] [Times: user=0.01 sys=0.00, real=0.01 secs] 
1048.713: [GC (Allocation Failure) [PSYoungGen: 68480K->1536K(69120K)] 335464K->268520K(752640K), 0.0015487 secs] [Times: user=0.01 sys=0.00, real=0.00 secs] 
1049.104: [GC (Allocation Failure) [PSYoungGen: 68594K->1568K(69120K)] 335579K->268552K(752640K), 0.0015485 secs] [Times: user=0.01 sys=0.00, real=0.00 secs] 
1049.498: [GC (Allocation Failure) [PSYoungGen: 68640K->1629K(69120K)] 335624K->268613K(752640K), 0.0015986 secs] [Times: user=0.00 sys=0.00, real=0.00 secs] 
1049.891: [GC (Allocation Failure) [PSYoungGen: 68701K->1581K(69120K)] 335685K->268589K(752640K), 0.0015117 secs] [Times: user=0.01 sys=0.00, real=0.00 secs] 
1050.833: [GC (Allocation Failure) [PSYoungGen: 68653K->1408K(69120K)] 335661K->268416K(752640K), 0.0027395 secs] [Times: user=0.01 sys=0.00, real=0.00 secs] 
1051.404: [GC (Allocation Failure) [PSYoungGen: 68480K->1408K(69120K)] 335488K->268416K(752640K), 0.0024843 secs] [Times: user=0.01 sys=0.00, real=0.00 secs] 
1051.866: [GC (Allocation Failure) [PSYoungGen: 68480K->1408K(69120K)] 335488K->268416K(752640K), 0.0019018 secs] [Times: user=0.01 sys=0.00, real=0.00 secs] 
1052.145: [GC (Allocation Failure) [PSYoungGen: 68480K->1408K(69120K)] 335488K->268416K(752640K), 0.0018436 secs] [Times: user=0.01 sys=0.00, real=0.00 secs] 
1052.551: [GC (Allocation Failure) [PSYoungGen: 68480K->1584K(69120K)] 335488K->268592K(752640K), 0.0015266 secs] [Times: user=0.01 sys=0.00, real=0.00 secs] 
1052.943: [GC (Allocation Failure) [PSYoungGen: 68656K->1581K(69120K)] 335664K->268589K(752640K), 0.0015209 secs] [Times: user=0.00 sys=0.00, real=0.00 secs] 
1053.336: [GC (Allocation Failure) [PSYoungGen: 68653K->1597K(69120K)] 335661K->268605K(752640K), 0.0015204 secs] [Times: user=0.01 sys=0.00, real=0.00 secs] 
1053.860: [GC (Allocation Failure) [PSYoungGen: 68669K->1536K(69120K)] 335677K->268544K(752640K), 0.0020320 secs] [Times: user=0.01 sys=0.00, real=0.01 secs] 
1054.768: [GC (Allocation Failure) [PSYoungGen: 68608K->1408K(69120K)] 335616K->268416K(752640K), 0.0029465 secs] [Times: user=0.01 sys=0.00, real=0.00 secs] 
1055.684: [GC (Allocation Failure) [PSYoungGen: 68480K->1376K(69120K)] 335488K->268384K(752640K), 0.0037149 secs] [Times: user=0.02 sys=0.01, real=0.00 secs] 
1056.400: [GC (Allocation Failure) [PSYoungGen: 68448K->1424K(69120K)] 335456K->268432K(752640K), 0.0030512 secs] [Times: user=0.02 sys=0.01, real=0.01 secs] 
1056.952: [GC (Allocation Failure) [PSYoungGen: 68496K->1408K(69120K)] 335504K->268416K(752640K), 0.0030423 secs] [Times: user=0.01 sys=0.00, real=0.00 secs] 
1057.443: [GC (Allocation Failure) [PSYoungGen: 68480K->1565K(69120K)] 335488K->268573K(752640K), 0.0015090 secs] [Times: user=0.00 sys=0.00, real=0.00 secs] 
1057.836: [GC (Allocation Failure) [PSYoungGen: 68637K->1645K(69120K)] 335645K->268653K(752640K), 0.0016062 secs] [Times: user=0.01 sys=0.00, real=0.00 secs] 
1058.229: [GC (Allocation Failure) [PSYoungGen: 68717K->1581K(69120K)] 335725K->268589K(752640K), 0.0016451 secs] [Times: user=0.01 sys=0.00, real=0.00 secs] 
1059.107: [GC (Allocation Failure) [PSYoungGen: 68653K->1472K(69120K)] 335661K->268480K(752640K), 0.0022824 secs] [Times: user=0.01 sys=0.00, real=0.00 secs] 
1059.695: [GC (Allocation Failure) [PSYoungGen: 68544K->1344K(69120K)] 335552K->268360K(752640K), 0.0016392 secs] [Times: user=0.01 sys=0.00, real=0.00 secs] 
1060.292: [GC (Allocation Failure) [PSYoungGen: 68416K->1408K(69120K)] 335432K->268424K(752640K), 0.0017849 secs] [Times: user=0.01 sys=0.00, real=0.00 secs] 
1060.868: [GC (Allocation Failure) [PSYoungGen: 68480K->1376K(69120K)] 335496K->268392K(752640K), 0.0032334 secs] [Times: user=0.02 sys=0.00, real=0.00 secs] 
1061.507: [GC (Allocation Failure) [PSYoungGen: 68448K->1501K(69120K)] 335464K->268517K(752640K), 0.0019062 secs] [Times: user=0.01 sys=0.00, real=0.00 secs] 
1061.999: [GC (Allocation Failure) [PSYoungGen: 68573K->1581K(69120K)] 335589K->268597K(752640K), 0.0016997 secs] [Times: user=0.00 sys=0.00, real=0.00 secs] 
1062.454: [GC (Allocation Failure) [PSYoungGen: 68653K->1613K(69120K)] 335669K->268629K(752640K), 0.0016360 secs] [Times: user=0.01 sys=0.00, real=0.00 secs] 
1062.908: [GC (Allocation Failure) [PSYoungGen: 68685K->1613K(69120K)] 335701K->268645K(752640K), 0.0015885 secs] [Times: user=0.00 sys=0.00, real=0.00 secs] 
1063.343: [GC (Allocation Failure) [PSYoungGen: 68685K->1520K(69120K)] 335717K->268552K(752640K), 0.0024924 secs] [Times: user=0.01 sys=0.00, real=0.00 secs] 
1063.680: [GC (Allocation Failure) [PSYoungGen: 68592K->1376K(69120K)] 335624K->268408K(752640K), 0.0019681 secs] [Times: user=0.01 sys=0.00, real=0.01 secs] 
1064.024: [GC (Allocation Failure) [PSYoungGen: 68448K->1376K(69120K)] 335480K->268408K(752640K), 0.0019162 secs] [Times: user=0.01 sys=0.00, real=0.00 secs] 
1064.302: [GC (Allocation Failure) [PSYoungGen: 68448K->1392K(69120K)] 335480K->268424K(752640K), 0.0027245 secs] [Times: user=0.01 sys=0.00, real=0.00 secs] 
1064.721: [GC (Allocation Failure) [PSYoungGen: 68464K->1437K(69120K)] 335496K->268469K(752640K), 0.0015481 secs] [Times: user=0.00 sys=0.00, real=0.01 secs] 
1065.113: [GC (Allocation Failure) [PSYoungGen: 68509K->1549K(69120K)] 335541K->268581K(752640K), 0.0015317 secs] [Times: user=0.01 sys=0.00, real=0.00 secs] 
1065.507: [GC (Allocation Failure) [PSYoungGen: 68621K->1581K(69120K)] 335653K->268613K(752640K), 0.0016823 secs] [Times: user=0.01 sys=0.00, real=0.00 secs] 
1065.900: [GC (Allocation Failure) [PSYoungGen: 68653K->1549K(69120K)] 335685K->268597K(752640K), 0.0015014 secs] [Times: user=0.01 sys=0.00, real=0.01 secs] 
1066.751: [GC (Allocation Failure) [PSYoungGen: 68621K->1440K(69120K)] 335669K->268488K(752640K), 0.0030506 secs] [Times: user=0.01 sys=0.00, real=0.01 secs] 
1067.788: [GC (Allocation Failure) [PSYoungGen: 68512K->1424K(69120K)] 335560K->268472K(752640K), 0.0036595 secs] [Times: user=0.01 sys=0.00, real=0.00 secs] 
1068.317: [GC (Allocation Failure) [PSYoungGen: 68496K->1392K(69120K)] 335544K->268464K(752640K), 0.0025848 secs] [Times: user=0.01 sys=0.00, real=0.00 secs] 
1068.859: [GC (Allocation Failure) [PSYoungGen: 68464K->1408K(69120K)] 335536K->268480K(752640K), 0.0023275 secs] [Times: user=0.01 sys=0.00, real=0.00 secs] 
1069.257: [GC (Allocation Failure) [PSYoungGen: 68480K->1565K(69120K)] 335552K->268637K(752640K), 0.0015254 secs] [Times: user=0.00 sys=0.00, real=0.00 secs] 
1069.650: [GC (Allocation Failure) [PSYoungGen: 68637K->1581K(69120K)] 335709K->268653K(752640K), 0.0014705 secs] [Times: user=0.01 sys=0.00, real=0.00 secs] 
1070.045: [GC (Allocation Failure) [PSYoungGen: 68653K->1552K(69120K)] 335725K->268624K(752640K), 0.0015152 secs] [Times: user=0.01 sys=0.00, real=0.00 secs] 
1070.440: [GC (Allocation Failure) [PSYoungGen: 68624K->1613K(69120K)] 335696K->268701K(752640K), 0.0014868 secs] [Times: user=0.01 sys=0.00, real=0.00 secs] 
1070.932: [GC (Allocation Failure) [PSYoungGen: 68685K->1440K(69120K)] 335773K->268528K(752640K), 0.0015579 secs] [Times: user=0.01 sys=0.00, real=0.00 secs] 
1071.412: [GC (Allocation Failure) [PSYoungGen: 68512K->1408K(69120K)] 335600K->268496K(752640K), 0.0015130 secs] [Times: user=0.01 sys=0.00, real=0.00 secs] 
1071.944: [GC (Allocation Failure) [PSYoungGen: 68480K->1376K(69120K)] 335568K->268464K(752640K), 0.0018394 secs] [Times: user=0.01 sys=0.00, real=0.00 secs] 
1072.501: [GC (Allocation Failure) [PSYoungGen: 68448K->1408K(69120K)] 335536K->268496K(752640K), 0.0027874 secs] [Times: user=0.01 sys=0.00, real=0.01 secs] 
1073.101: [GC (Allocation Failure) [PSYoungGen: 68480K->1565K(69120K)] 335568K->268653K(752640K), 0.0015012 secs] [Times: user=0.00 sys=0.00, real=0.01 secs] 
1073.555: [GC (Allocation Failure) [PSYoungGen: 68637K->1629K(69120K)] 335725K->268717K(752640K), 0.0015895 secs] [Times: user=0.00 sys=0.00, real=0.00 secs] 
1074.012: [GC (Allocation Failure) [PSYoungGen: 68701K->1645K(69120K)] 335789K->268733K(752640K), 0.0014857 secs] [Times: user=0.01 sys=0.00, real=0.00 secs] 
1074.430: [GC (Allocation Failure) [PSYoungGen: 68717K->1648K(69120K)] 335805K->268752K(752640K), 0.0017801 secs] [Times: user=0.01 sys=0.00, real=0.01 secs] 
1074.926: [GC (Allocation Failure) [PSYoungGen: 68720K->1392K(69120K)] 335824K->268496K(752640K), 0.0025192 secs] [Times: user=0.01 sys=0.00, real=0.00 secs] 
1075.460: [GC (Allocation Failure) [PSYoungGen: 68464K->1408K(69120K)] 335568K->268512K(752640K), 0.0025316 secs] [Times: user=0.01 sys=0.00, real=0.01 secs] 
1076.011: [GC (Allocation Failure) [PSYoungGen: 68480K->1376K(69120K)] 335584K->268480K(752640K), 0.0023125 secs] [Times: user=0.01 sys=0.00, real=0.00 secs] 
1076.672: [GC (Allocation Failure) [PSYoungGen: 68448K->1376K(69120K)] 335552K->268480K(752640K), 0.0031403 secs] [Times: user=0.01 sys=0.00, real=0.00 secs] 
1077.254: [GC (Allocation Failure) [PSYoungGen: 68448K->1597K(69120K)] 335552K->268701K(752640K), 0.0015828 secs] [Times: user=0.00 sys=0.00, real=0.00 secs] 
1077.646: [GC (Allocation Failure) [PSYoungGen: 68669K->1568K(69120K)] 335773K->268672K(752640K), 0.0015203 secs] [Times: user=0.00 sys=0.00, real=0.00 secs] 
1078.040: [GC (Allocation Failure) [PSYoungGen: 68640K->1565K(69120K)] 335744K->268669K(752640K), 0.0016714 secs] [Times: user=0.00 sys=0.00, real=0.01 secs] 
1078.497: [GC (Allocation Failure) [PSYoungGen: 68637K->1424K(69120K)] 335741K->268536K(752640K), 0.0017340 secs] [Times: user=0.01 sys=0.00, real=0.00 secs] 
1078.816: [GC (Allocation Failure) [PSYoungGen: 68496K->1360K(69120K)] 335608K->268472K(752640K), 0.0017998 secs] [Times: user=0.00 sys=0.00, real=0.00 secs] 
1079.095: [GC (Allocation Failure) [PSYoungGen: 68432K->1408K(69120K)] 335544K->268520K(752640K), 0.0016672 secs] [Times: user=0.01 sys=0.00, real=0.00 secs] 
1079.374: [GC (Allocation Failure) [PSYoungGen: 68480K->1344K(69120K)] 335592K->268456K(752640K), 0.0024653 secs] [Times: user=0.01 sys=0.00, real=0.00 secs] 
1079.669: [GC (Allocation Failure) [PSYoungGen: 68416K->1485K(69120K)] 335528K->268597K(752640K), 0.0017534 secs] [Times: user=0.01 sys=0.00, real=0.00 secs] 
1080.063: [GC (Allocation Failure) [PSYoungGen: 68557K->1597K(69120K)] 335669K->268709K(752640K), 0.0015093 secs] [Times: user=0.01 sys=0.00, real=0.00 secs] 
1080.456: [GC (Allocation Failure) [PSYoungGen: 68669K->1597K(69120K)] 335781K->268709K(752640K), 0.0016132 secs] [Times: user=0.00 sys=0.00, real=0.00 secs] 
1080.849: [GC (Allocation Failure) [PSYoungGen: 68669K->1629K(69120K)] 335781K->268757K(752640K), 0.0016022 secs] [Times: user=0.01 sys=0.00, real=0.00 secs] 
1081.412: [GC (Allocation Failure) [PSYoungGen: 68701K->1504K(69120K)] 335829K->268632K(752640K), 0.0020033 secs] [Times: user=0.01 sys=0.00, real=0.00 secs] 
1082.100: [GC (Allocation Failure) [PSYoungGen: 68576K->1376K(69120K)] 335704K->268504K(752640K), 0.0019034 secs] [Times: user=0.01 sys=0.00, real=0.01 secs] 
1082.599: [GC (Allocation Failure) [PSYoungGen: 68448K->1424K(69120K)] 335576K->268552K(752640K), 0.0025640 secs] [Times: user=0.01 sys=0.00, real=0.01 secs] 
1083.156: [GC (Allocation Failure) [PSYoungGen: 68496K->1344K(69120K)] 335624K->268472K(752640K), 0.0021632 secs] [Times: user=0.01 sys=0.00, real=0.00 secs] 
1083.746: [GC (Allocation Failure) [PSYoungGen: 68416K->1440K(69120K)] 335544K->268568K(752640K), 0.0018284 secs] [Times: user=0.00 sys=0.00, real=0.00 secs] 
1084.139: [GC (Allocation Failure) [PSYoungGen: 68512K->1613K(69120K)] 335640K->268741K(752640K), 0.0016267 secs] [Times: user=0.01 sys=0.00, real=0.00 secs] 
1084.532: [GC (Allocation Failure) [PSYoungGen: 68685K->1581K(69120K)] 335813K->268709K(752640K), 0.0016178 secs] [Times: user=0.00 sys=0.00, real=0.00 secs] 
1084.926: [GC (Allocation Failure) [PSYoungGen: 68653K->1629K(69120K)] 335781K->268773K(752640K), 0.0014513 secs] [Times: user=0.01 sys=0.00, real=0.00 secs] 
1085.278: [GC (Allocation Failure) [PSYoungGen: 68701K->1456K(69120K)] 335845K->268600K(752640K), 0.0016277 secs] [Times: user=0.01 sys=0.00, real=0.00 secs] 
1085.556: [GC (Allocation Failure) [PSYoungGen: 68528K->1392K(69120K)] 335672K->268536K(752640K), 0.0017932 secs] [Times: user=0.01 sys=0.00, real=0.00 secs] 
1085.865: [GC (Allocation Failure) [PSYoungGen: 68464K->1408K(69120K)] 335608K->268552K(752640K), 0.0017550 secs] [Times: user=0.01 sys=0.00, real=0.00 secs] 
1086.153: [GC (Allocation Failure) [PSYoungGen: 68480K->1376K(69120K)] 335624K->268520K(752640K), 0.0016499 secs] [Times: user=0.00 sys=0.00, real=0.00 secs] 
1086.650: [GC (Allocation Failure) [PSYoungGen: 68448K->1536K(69120K)] 335592K->268680K(752640K), 0.0016236 secs] [Times: user=0.01 sys=0.00, real=0.01 secs] 
1087.106: [GC (Allocation Failure) [PSYoungGen: 68608K->1581K(69120K)] 335752K->268725K(752640K), 0.0014894 secs] [Times: user=0.00 sys=0.00, real=0.00 secs] 
1087.498: [GC (Allocation Failure) [PSYoungGen: 68653K->1613K(69120K)] 335797K->268781K(752640K), 0.0015280 secs] [Times: user=0.01 sys=0.00, real=0.00 secs] 
1087.891: [GC (Allocation Failure) [PSYoungGen: 68685K->1549K(69120K)] 335853K->268733K(752640K), 0.0014742 secs] [Times: user=0.00 sys=0.00, real=0.00 secs] 
1088.210: [GC (Allocation Failure) [PSYoungGen: 68621K->1440K(69120K)] 335805K->268624K(752640K), 0.0025323 secs] [Times: user=0.01 sys=0.00, real=0.01 secs] 
1088.488: [GC (Allocation Failure) [PSYoungGen: 68512K->1312K(69120K)] 335696K->268496K(752640K), 0.0018699 secs] [Times: user=0.01 sys=0.00, real=0.00 secs] 
1088.766: [GC (Allocation Failure) [PSYoungGen: 68384K->1408K(69120K)] 335568K->268592K(752640K), 0.0019099 secs] [Times: user=0.00 sys=0.00, real=0.00 secs] 
1089.087: [GC (Allocation Failure) [PSYoungGen: 68480K->1408K(69120K)] 335664K->268592K(752640K), 0.0025897 secs] [Times: user=0.01 sys=0.00, real=0.00 secs] 
1089.560: [GC (Allocation Failure) [PSYoungGen: 68480K->1517K(69120K)] 335664K->268701K(752640K), 0.0015205 secs] [Times: user=0.01 sys=0.00, real=0.01 secs] 
1089.951: [GC (Allocation Failure) [PSYoungGen: 68587K->1584K(69120K)] 335772K->268768K(752640K), 0.0014823 secs] [Times: user=0.00 sys=0.00, real=0.00 secs] 
1090.344: [GC (Allocation Failure) [PSYoungGen: 68656K->1613K(69120K)] 335840K->268797K(752640K), 0.0016217 secs] [Times: user=0.00 sys=0.00, real=0.00 secs] 
1090.739: [GC (Allocation Failure) [PSYoungGen: 68685K->1549K(69120K)] 335869K->268757K(752640K), 0.0015661 secs] [Times: user=0.01 sys=0.00, real=0.00 secs] 
1091.273: [GC (Allocation Failure) [PSYoungGen: 68621K->1472K(69120K)] 335829K->268680K(752640K), 0.0014751 secs] [Times: user=0.00 sys=0.00, real=0.00 secs] 
1091.823: [GC (Allocation Failure) [PSYoungGen: 68544K->1376K(69120K)] 335752K->268584K(752640K), 0.0020994 secs] [Times: user=0.01 sys=0.00, real=0.00 secs] 
1092.350: [GC (Allocation Failure) [PSYoungGen: 68448K->1376K(69120K)] 335656K->268584K(752640K), 0.0021242 secs] [Times: user=0.01 sys=0.00, real=0.01 secs] 
1092.628: [GC (Allocation Failure) [PSYoungGen: 68448K->1376K(69120K)] 335656K->268584K(752640K), 0.0016891 secs] [Times: user=0.01 sys=0.00, real=0.00 secs] 
1093.137: [GC (Allocation Failure) [PSYoungGen: 68448K->1536K(69120K)] 335656K->268744K(752640K), 0.0015529 secs] [Times: user=0.01 sys=0.00, real=0.00 secs] 
1093.530: [GC (Allocation Failure) [PSYoungGen: 68608K->1581K(69120K)] 335816K->268797K(752640K), 0.0018128 secs] [Times: user=0.01 sys=0.00, real=0.01 secs] 
1093.923: [GC (Allocation Failure) [PSYoungGen: 68653K->1613K(69120K)] 335869K->268829K(752640K), 0.0015582 secs] [Times: user=0.01 sys=0.00, real=0.00 secs] 
1094.914: [GC (Allocation Failure) [PSYoungGen: 68685K->2032K(69120K)] 335901K->269264K(752640K), 0.0035056 secs] [Times: user=0.01 sys=0.00, real=0.00 secs] 
1095.671: [GC (Allocation Failure) [PSYoungGen: 69104K->1408K(69120K)] 336336K->268640K(752640K), 0.0030141 secs] [Times: user=0.01 sys=0.01, real=0.01 secs] 
1096.238: [GC (Allocation Failure) [PSYoungGen: 68480K->1408K(69120K)] 335712K->268640K(752640K), 0.0024607 secs] [Times: user=0.01 sys=0.00, real=0.00 secs] 
1096.809: [GC (Allocation Failure) [PSYoungGen: 68480K->1440K(69120K)] 335712K->268672K(752640K), 0.0027999 secs] [Times: user=0.02 sys=0.00, real=0.01 secs] 
1097.096: [GC (Allocation Failure) [PSYoungGen: 68512K->1376K(69120K)] 335744K->268624K(752640K), 0.0019799 secs] [Times: user=0.01 sys=0.00, real=0.00 secs] 
1097.531: [GC (Allocation Failure) [PSYoungGen: 68448K->1645K(69120K)] 335696K->268901K(752640K), 0.0014933 secs] [Times: user=0.01 sys=0.00, real=0.00 secs] 
1097.923: [GC (Allocation Failure) [PSYoungGen: 68717K->1629K(69120K)] 335973K->268885K(752640K), 0.0016045 secs] [Times: user=0.01 sys=0.00, real=0.00 secs] 
1098.316: [GC (Allocation Failure) [PSYoungGen: 68701K->1613K(69120K)] 335957K->268869K(752640K), 0.0015192 secs] [Times: user=0.01 sys=0.00, real=0.00 secs] 
1098.716: [GC (Allocation Failure) [PSYoungGen: 68685K->1504K(69120K)] 335941K->268784K(752640K), 0.0018699 secs] [Times: user=0.01 sys=0.00, real=0.00 secs] 
1099.058: [GC (Allocation Failure) [PSYoungGen: 68576K->1376K(69120K)] 335856K->268656K(752640K), 0.0018759 secs] [Times: user=0.00 sys=0.00, real=0.00 secs] 
1099.336: [GC (Allocation Failure) [PSYoungGen: 68448K->1344K(69120K)] 335728K->268624K(752640K), 0.0025621 secs] [Times: user=0.01 sys=0.00, real=0.00 secs] 
1099.615: [GC (Allocation Failure) [PSYoungGen: 68416K->1376K(69120K)] 335696K->268656K(752640K), 0.0018450 secs] [Times: user=0.00 sys=0.00, real=0.00 secs] 
1099.958: [GC (Allocation Failure) [PSYoungGen: 68448K->1469K(69120K)] 335728K->268749K(752640K), 0.0014533 secs] [Times: user=0.01 sys=0.00, real=0.00 secs] 
1100.350: [GC (Allocation Failure) [PSYoungGen: 68541K->1552K(69120K)] 335821K->268832K(752640K), 0.0015059 secs] [Times: user=0.01 sys=0.00, real=0.01 secs] 
1100.744: [GC (Allocation Failure) [PSYoungGen: 68624K->1565K(69120K)] 335904K->268845K(752640K), 0.0014697 secs] [Times: user=0.01 sys=0.00, real=0.00 secs] 
1101.136: [GC (Allocation Failure) [PSYoungGen: 68637K->1581K(69120K)] 335917K->268877K(752640K), 0.0015265 secs] [Times: user=0.00 sys=0.00, real=0.00 secs] 
1101.546: [GC (Allocation Failure) [PSYoungGen: 68653K->1472K(69120K)] 335949K->268768K(752640K), 0.0018401 secs] [Times: user=0.00 sys=0.00, real=0.00 secs] 
1101.839: [GC (Allocation Failure) [PSYoungGen: 68544K->1376K(69120K)] 335840K->268672K(752640K), 0.0016843 secs] [Times: user=0.00 sys=0.00, real=0.00 secs] 
1102.140: [GC (Allocation Failure) [PSYoungGen: 68448K->1360K(69120K)] 335744K->268656K(752640K), 0.0018080 secs] [Times: user=0.01 sys=0.00, real=0.01 secs] 
1102.727: [GC (Allocation Failure) [PSYoungGen: 68432K->1376K(69120K)] 335728K->268672K(752640K), 0.0018424 secs] [Times: user=0.00 sys=0.00, real=0.00 secs] 
1103.528: [GC (Allocation Failure) [PSYoungGen: 68448K->1485K(69120K)] 335744K->268781K(752640K), 0.0016066 secs] [Times: user=0.00 sys=0.00, real=0.00 secs] 
1103.984: [GC (Allocation Failure) [PSYoungGen: 68557K->1597K(69120K)] 335853K->268893K(752640K), 0.0016531 secs] [Times: user=0.00 sys=0.00, real=0.00 secs] 
1104.376: [GC (Allocation Failure) [PSYoungGen: 68669K->1613K(69120K)] 335965K->268909K(752640K), 0.0014772 secs] [Times: user=0.01 sys=0.00, real=0.00 secs] 
1104.776: [GC (Allocation Failure) [PSYoungGen: 68685K->1597K(69120K)] 335981K->268909K(752640K), 0.0015302 secs] [Times: user=0.00 sys=0.00, real=0.00 secs] 
1105.340: [GC (Allocation Failure) [PSYoungGen: 68669K->1424K(69120K)] 335981K->268736K(752640K), 0.0038514 secs] [Times: user=0.01 sys=0.00, real=0.01 secs] 
1106.120: [GC (Allocation Failure) [PSYoungGen: 68496K->1376K(69120K)] 335808K->268688K(752640K), 0.0030688 secs] [Times: user=0.01 sys=0.00, real=0.01 secs] 
1106.912: [GC (Allocation Failure) [PSYoungGen: 68448K->1376K(69120K)] 335760K->268688K(752640K), 0.0036515 secs] [Times: user=0.01 sys=0.00, real=0.00 secs] 
1107.766: [GC (Allocation Failure) [PSYoungGen: 68448K->1376K(69120K)] 335760K->268688K(752640K), 0.0036035 secs] [Times: user=0.01 sys=0.00, real=0.00 secs] 
1108.517: [GC (Allocation Failure) [PSYoungGen: 68448K->1581K(69120K)] 335760K->268893K(752640K), 0.0016218 secs] [Times: user=0.01 sys=0.00, real=0.00 secs] 
1108.909: [GC (Allocation Failure) [PSYoungGen: 68653K->1552K(69120K)] 335965K->268864K(752640K), 0.0016364 secs] [Times: user=0.00 sys=0.00, real=0.00 secs] 
1109.306: [GC (Allocation Failure) [PSYoungGen: 68624K->1597K(69120K)] 335936K->268941K(752640K), 0.0015151 secs] [Times: user=0.01 sys=0.00, real=0.00 secs] 
1109.708: [GC (Allocation Failure) [PSYoungGen: 68669K->1645K(69120K)] 336013K->269005K(752640K), 0.0014321 secs] [Times: user=0.01 sys=0.00, real=0.00 secs] 
1110.062: [GC (Allocation Failure) [PSYoungGen: 68717K->1424K(69120K)] 336077K->268784K(752640K), 0.0016725 secs] [Times: user=0.01 sys=0.00, real=0.00 secs] 
1110.656: [GC (Allocation Failure) [PSYoungGen: 68496K->1408K(69120K)] 335856K->268768K(752640K), 0.0018312 secs] [Times: user=0.01 sys=0.00, real=0.00 secs] 
1111.241: [GC (Allocation Failure) [PSYoungGen: 68480K->1376K(69120K)] 335840K->268736K(752640K), 0.0021898 secs] [Times: user=0.01 sys=0.00, real=0.00 secs] 
1111.829: [GC (Allocation Failure) [PSYoungGen: 68448K->1376K(69120K)] 335808K->268736K(752640K), 0.0020400 secs] [Times: user=0.01 sys=0.01, real=0.00 secs] 
1112.318: [GC (Allocation Failure) [PSYoungGen: 68448K->1565K(69120K)] 335808K->268925K(752640K), 0.0014660 secs] [Times: user=0.01 sys=0.00, real=0.00 secs] 
1112.712: [GC (Allocation Failure) [PSYoungGen: 68637K->1629K(69120K)] 335997K->268989K(752640K), 0.0015134 secs] [Times: user=0.00 sys=0.00, real=0.00 secs] 
1113.104: [GC (Allocation Failure) [PSYoungGen: 68701K->1613K(69120K)] 336061K->268973K(752640K), 0.0016246 secs] [Times: user=0.00 sys=0.00, real=0.00 secs] 
1113.519: [GC (Allocation Failure) [PSYoungGen: 68685K->1536K(69120K)] 336045K->268896K(752640K), 0.0018627 secs] [Times: user=0.01 sys=0.00, real=0.00 secs] 
1114.351: [GC (Allocation Failure) [PSYoungGen: 68608K->1408K(69120K)] 335968K->268768K(752640K), 0.0033647 secs] [Times: user=0.01 sys=0.01, real=0.01 secs] 
1115.258: [GC (Allocation Failure) [PSYoungGen: 68480K->1376K(69120K)] 335840K->268736K(752640K), 0.0037056 secs] [Times: user=0.01 sys=0.01, real=0.01 secs] 
1115.940: [GC (Allocation Failure) [PSYoungGen: 68448K->1408K(69120K)] 335808K->268768K(752640K), 0.0030742 secs] [Times: user=0.01 sys=0.00, real=0.01 secs] 
1116.499: [GC (Allocation Failure) [PSYoungGen: 68480K->1376K(69120K)] 335840K->268736K(752640K), 0.0025458 secs] [Times: user=0.01 sys=0.01, real=0.01 secs] 
1117.002: [GC (Allocation Failure) [PSYoungGen: 68448K->1565K(69120K)] 335808K->268925K(752640K), 0.0015970 secs] [Times: user=0.00 sys=0.00, real=0.00 secs] 
1117.394: [GC (Allocation Failure) [PSYoungGen: 68637K->1565K(69120K)] 335997K->268925K(752640K), 0.0015002 secs] [Times: user=0.01 sys=0.00, real=0.00 secs] 
1117.849: [GC (Allocation Failure) [PSYoungGen: 68637K->1568K(69120K)] 335997K->268928K(752640K), 0.0016557 secs] [Times: user=0.00 sys=0.00, real=0.00 secs] 
1118.267: [GC (Allocation Failure) [PSYoungGen: 68640K->1504K(69120K)] 336000K->268864K(752640K), 0.0017291 secs] [Times: user=0.01 sys=0.00, real=0.00 secs] 
1118.881: [GC (Allocation Failure) [PSYoungGen: 68576K->1376K(69120K)] 335936K->268736K(752640K), 0.0020871 secs] [Times: user=0.01 sys=0.00, real=0.01 secs] 
1119.494: [GC (Allocation Failure) [PSYoungGen: 68448K->1344K(69120K)] 335808K->268712K(752640K), 0.0019779 secs] [Times: user=0.01 sys=0.00, real=0.00 secs] 
1120.142: [GC (Allocation Failure) [PSYoungGen: 68416K->1344K(69120K)] 335784K->268712K(752640K), 0.0024405 secs] [Times: user=0.01 sys=0.00, real=0.00 secs] 
1120.734: [GC (Allocation Failure) [PSYoungGen: 68416K->1424K(69120K)] 335784K->268792K(752640K), 0.0020492 secs] [Times: user=0.01 sys=0.00, real=0.00 secs] 
1121.172: [GC (Allocation Failure) [PSYoungGen: 68496K->1568K(69120K)] 335864K->268936K(752640K), 0.0014640 secs] [Times: user=0.01 sys=0.00, real=0.00 secs] 
1121.567: [GC (Allocation Failure) [PSYoungGen: 68640K->1584K(69120K)] 336008K->268952K(752640K), 0.0014675 secs] [Times: user=0.01 sys=0.00, real=0.00 secs] 
1121.964: [GC (Allocation Failure) [PSYoungGen: 68656K->1584K(69120K)] 336024K->268968K(752640K), 0.0014850 secs] [Times: user=0.01 sys=0.00, real=0.00 secs] 
1122.605: [GC (Allocation Failure) [PSYoungGen: 68656K->1472K(69120K)] 336040K->268856K(752640K), 0.0023195 secs] [Times: user=0.01 sys=0.00, real=0.00 secs] 
1122.987: [GC (Allocation Failure) [PSYoungGen: 68544K->1376K(69120K)] 335928K->268760K(752640K), 0.0020595 secs] [Times: user=0.01 sys=0.00, real=0.00 secs] 
1123.266: [GC (Allocation Failure) [PSYoungGen: 68448K->1376K(69120K)] 335832K->268760K(752640K), 0.0019067 secs] [Times: user=0.01 sys=0.00, real=0.00 secs] 
1123.545: [GC (Allocation Failure) [PSYoungGen: 68448K->1408K(69120K)] 335832K->268792K(752640K), 0.0018979 secs] [Times: user=0.01 sys=0.00, real=0.00 secs] 
1123.878: [GC (Allocation Failure) [PSYoungGen: 68480K->1549K(69120K)] 335864K->268933K(752640K), 0.0014475 secs] [Times: user=0.01 sys=0.00, real=0.00 secs] 
1124.272: [GC (Allocation Failure) [PSYoungGen: 68621K->1581K(69120K)] 336005K->268965K(752640K), 0.0014712 secs] [Times: user=0.01 sys=0.00, real=0.00 secs] 
1124.728: [GC (Allocation Failure) [PSYoungGen: 68653K->1613K(69120K)] 336037K->268997K(752640K), 0.0015449 secs] [Times: user=0.01 sys=0.00, real=0.00 secs] 
1125.180: [GC (Allocation Failure) [PSYoungGen: 68685K->1613K(69120K)] 336069K->269013K(752640K), 0.0015203 secs] [Times: user=0.01 sys=0.00, real=0.00 secs] 
1125.768: [GC (Allocation Failure) [PSYoungGen: 68685K->1488K(69120K)] 336085K->268888K(752640K), 0.0025796 secs] [Times: user=0.01 sys=0.00, real=0.00 secs] 
1126.503: [GC (Allocation Failure) [PSYoungGen: 68560K->1376K(69120K)] 335960K->268776K(752640K), 0.0036763 secs] [Times: user=0.01 sys=0.00, real=0.00 secs] 
1127.075: [GC (Allocation Failure) [PSYoungGen: 68448K->1376K(69120K)] 335848K->268776K(752640K), 0.0025261 secs] [Times: user=0.01 sys=0.00, real=0.00 secs] 
1127.768: [GC (Allocation Failure) [PSYoungGen: 68448K->1392K(69120K)] 335848K->268792K(752640K), 0.0023047 secs] [Times: user=0.01 sys=0.00, real=0.00 secs] 
1128.557: [GC (Allocation Failure) [PSYoungGen: 68464K->1437K(69120K)] 335864K->268853K(752640K), 0.0014403 secs] [Times: user=0.01 sys=0.00, real=0.00 secs] 
1128.950: [GC (Allocation Failure) [PSYoungGen: 68509K->1613K(69120K)] 335925K->269029K(752640K), 0.0015246 secs] [Times: user=0.01 sys=0.00, real=0.01 secs] 
1129.341: [GC (Allocation Failure) [PSYoungGen: 68685K->1613K(69120K)] 336101K->269029K(752640K), 0.0014984 secs] [Times: user=0.01 sys=0.00, real=0.00 secs] 
1129.734: [GC (Allocation Failure) [PSYoungGen: 68685K->1581K(69120K)] 336101K->269013K(752640K), 0.0016428 secs] [Times: user=0.00 sys=0.00, real=0.00 secs] 
1130.356: [GC (Allocation Failure) [PSYoungGen: 68653K->1440K(69120K)] 336085K->268872K(752640K), 0.0015548 secs] [Times: user=0.01 sys=0.00, real=0.00 secs] 
1131.062: [GC (Allocation Failure) [PSYoungGen: 68512K->1408K(69120K)] 335944K->268840K(752640K), 0.0020670 secs] [Times: user=0.00 sys=0.00, real=0.00 secs] 
1131.772: [GC (Allocation Failure) [PSYoungGen: 68480K->1408K(69120K)] 335912K->268840K(752640K), 0.0019445 secs] [Times: user=0.01 sys=0.00, real=0.00 secs] 
1132.494: [GC (Allocation Failure) [PSYoungGen: 68480K->1376K(69120K)] 335912K->268808K(752640K), 0.0018631 secs] [Times: user=0.01 sys=0.00, real=0.00 secs] 
1133.047: [GC (Allocation Failure) [PSYoungGen: 68448K->1549K(69120K)] 335880K->268981K(752640K), 0.0013980 secs] [Times: user=0.00 sys=0.00, real=0.00 secs] 
1133.501: [GC (Allocation Failure) [PSYoungGen: 68621K->1565K(69120K)] 336053K->268997K(752640K), 0.0016365 secs] [Times: user=0.01 sys=0.00, real=0.01 secs] 
1133.894: [GC (Allocation Failure) [PSYoungGen: 68637K->1581K(69120K)] 336069K->269013K(752640K), 0.0015580 secs] [Times: user=0.01 sys=0.00, real=0.00 secs] 
1134.293: [GC (Allocation Failure) [PSYoungGen: 68653K->1597K(69120K)] 336085K->269045K(752640K), 0.0015670 secs] [Times: user=0.01 sys=0.00, real=0.00 secs] 
1134.641: [GC (Allocation Failure) [PSYoungGen: 68669K->1392K(69120K)] 336117K->268840K(752640K), 0.0023390 secs] [Times: user=0.00 sys=0.00, real=0.01 secs] 
1134.914: [GC (Allocation Failure) [PSYoungGen: 68464K->1376K(69120K)] 335912K->268824K(752640K), 0.0019002 secs] [Times: user=0.00 sys=0.00, real=0.00 secs] 
1135.192: [GC (Allocation Failure) [PSYoungGen: 68448K->1360K(69120K)] 335896K->268808K(752640K), 0.0016454 secs] [Times: user=0.01 sys=0.00, real=0.00 secs] 
1135.471: [GC (Allocation Failure) [PSYoungGen: 68432K->1376K(69120K)] 335880K->268824K(752640K), 0.0019272 secs] [Times: user=0.01 sys=0.00, real=0.01 secs] 
1135.874: [GC (Allocation Failure) [PSYoungGen: 68448K->1549K(69120K)] 335896K->268997K(752640K), 0.0014771 secs] [Times: user=0.01 sys=0.00, real=0.00 secs] 
1136.266: [GC (Allocation Failure) [PSYoungGen: 68621K->1581K(69120K)] 336069K->269029K(752640K), 0.0015745 secs] [Times: user=0.00 sys=0.00, real=0.00 secs] 
1136.664: [GC (Allocation Failure) [PSYoungGen: 68653K->1616K(69120K)] 336101K->269064K(752640K), 0.0015131 secs] [Times: user=0.01 sys=0.00, real=0.00 secs] 
1137.079: [GC (Allocation Failure) [PSYoungGen: 68688K->2016K(69120K)] 336136K->269480K(752640K), 0.0018728 secs] [Times: user=0.01 sys=0.00, real=0.00 secs] 
1137.354: [GC (Allocation Failure) [PSYoungGen: 69088K->1376K(69120K)] 336552K->268856K(752640K), 0.0016903 secs] [Times: user=0.00 sys=0.00, real=0.00 secs] 
1137.633: [GC (Allocation Failure) [PSYoungGen: 68448K->1408K(69120K)] 335928K->268888K(752640K), 0.0016246 secs] [Times: user=0.01 sys=0.00, real=0.00 secs] 
1138.053: [GC (Allocation Failure) [PSYoungGen: 68480K->1408K(69120K)] 335960K->268888K(752640K), 0.0017018 secs] [Times: user=0.00 sys=0.00, real=0.00 secs] 
1138.331: [GC (Allocation Failure) [PSYoungGen: 68480K->1376K(69120K)] 335960K->268856K(752640K), 0.0017262 secs] [Times: user=0.00 sys=0.00, real=0.00 secs] 
1138.787: [GC (Allocation Failure) [PSYoungGen: 68448K->1536K(69120K)] 335928K->269016K(752640K), 0.0016080 secs] [Times: user=0.01 sys=0.00, real=0.00 secs] 
1139.179: [GC (Allocation Failure) [PSYoungGen: 68608K->1597K(69120K)] 336088K->269077K(752640K), 0.0014784 secs] [Times: user=0.01 sys=0.00, real=0.00 secs] 
1139.573: [GC (Allocation Failure) [PSYoungGen: 68669K->1581K(69120K)] 336149K->269061K(752640K), 0.0015561 secs] [Times: user=0.01 sys=0.00, real=0.00 secs] 
1139.982: [GC (Allocation Failure) [PSYoungGen: 68653K->1456K(69120K)] 336133K->268944K(752640K), 0.0019310 secs] [Times: user=0.01 sys=0.00, real=0.00 secs] 
1140.261: [GC (Allocation Failure) [PSYoungGen: 68528K->1344K(69120K)] 336016K->268832K(752640K), 0.0016393 secs] [Times: user=0.01 sys=0.00, real=0.01 secs] 
1140.558: [GC (Allocation Failure) [PSYoungGen: 68416K->1376K(69120K)] 335904K->268864K(752640K), 0.0015882 secs] [Times: user=0.01 sys=0.00, real=0.00 secs] 
1140.836: [GC (Allocation Failure) [PSYoungGen: 68448K->1360K(69120K)] 335936K->268848K(752640K), 0.0016826 secs] [Times: user=0.01 sys=0.00, real=0.00 secs] 
1141.331: [GC (Allocation Failure) [PSYoungGen: 68432K->1517K(69120K)] 335920K->269005K(752640K), 0.0017215 secs] [Times: user=0.01 sys=0.00, real=0.01 secs] 
1141.788: [GC (Allocation Failure) [PSYoungGen: 68589K->1581K(69120K)] 336077K->269069K(752640K), 0.0015255 secs] [Times: user=0.01 sys=0.00, real=0.00 secs] 
1142.181: [GC (Allocation Failure) [PSYoungGen: 68653K->1600K(69120K)] 336141K->269088K(752640K), 0.0016287 secs] [Times: user=0.00 sys=0.00, real=0.01 secs] 
1142.575: [GC (Allocation Failure) [PSYoungGen: 68672K->1613K(69120K)] 336160K->269125K(752640K), 0.0014812 secs] [Times: user=0.01 sys=0.00, real=0.00 secs] 
1143.033: [GC (Allocation Failure) [PSYoungGen: 68685K->1488K(69120K)] 336197K->269000K(752640K), 0.0027632 secs] [Times: user=0.02 sys=0.00, real=0.00 secs] 
1143.460: [GC (Allocation Failure) [PSYoungGen: 68560K->1312K(69120K)] 336072K->268824K(752640K), 0.0020026 secs] [Times: user=0.01 sys=0.00, real=0.01 secs] 
1144.207: [GC (Allocation Failure) [PSYoungGen: 68384K->1408K(69120K)] 335896K->268920K(752640K), 0.0025833 secs] [Times: user=0.01 sys=0.00, real=0.00 secs] 
1145.152: [GC (Allocation Failure) [PSYoungGen: 68480K->1424K(69120K)] 335992K->268936K(752640K), 0.0036589 secs] [Times: user=0.02 sys=0.00, real=0.00 secs] 
1146.082: [GC (Allocation Failure) [PSYoungGen: 68496K->1469K(69120K)] 336008K->268981K(752640K), 0.0018259 secs] [Times: user=0.00 sys=0.00, real=0.00 secs] 
1146.563: [GC (Allocation Failure) [PSYoungGen: 68541K->1613K(69120K)] 336053K->269125K(752640K), 0.0016809 secs] [Times: user=0.01 sys=0.00, real=0.00 secs] 
1147.017: [GC (Allocation Failure) [PSYoungGen: 68685K->1581K(69120K)] 336197K->269093K(752640K), 0.0018735 secs] [Times: user=0.01 sys=0.00, real=0.00 secs] 
1147.472: [GC (Allocation Failure) [PSYoungGen: 68653K->1597K(69120K)] 336165K->269125K(752640K), 0.0016598 secs] [Times: user=0.01 sys=0.00, real=0.00 secs] 
1147.819: [GC (Allocation Failure) [PSYoungGen: 68669K->1408K(69120K)] 336197K->268936K(752640K), 0.0025404 secs] [Times: user=0.01 sys=0.00, real=0.00 secs] 
1148.098: [GC (Allocation Failure) [PSYoungGen: 68480K->1376K(69120K)] 336008K->268904K(752640K), 0.0019059 secs] [Times: user=0.01 sys=0.00, real=0.00 secs] 
1148.377: [GC (Allocation Failure) [PSYoungGen: 68448K->1376K(69120K)] 335976K->268904K(752640K), 0.0017176 secs] [Times: user=0.01 sys=0.00, real=0.00 secs] 
1148.655: [GC (Allocation Failure) [PSYoungGen: 68448K->1360K(69120K)] 335976K->268904K(752640K), 0.0016427 secs] [Times: user=0.01 sys=0.00, real=0.00 secs] 
1149.019: [GC (Allocation Failure) [PSYoungGen: 68432K->1469K(69120K)] 335976K->269013K(752640K), 0.0015353 secs] [Times: user=0.01 sys=0.00, real=0.00 secs] 
1149.412: [GC (Allocation Failure) [PSYoungGen: 68541K->1613K(69120K)] 336085K->269157K(752640K), 0.0015072 secs] [Times: user=0.01 sys=0.00, real=0.00 secs] 
1149.805: [GC (Allocation Failure) [PSYoungGen: 68685K->1581K(69120K)] 336229K->269125K(752640K), 0.0014876 secs] [Times: user=0.00 sys=0.00, real=0.00 secs] 
1150.198: [GC (Allocation Failure) [PSYoungGen: 68653K->1597K(69120K)] 336197K->269157K(752640K), 0.0015814 secs] [Times: user=0.01 sys=0.00, real=0.00 secs] 
1150.939: [GC (Allocation Failure) [PSYoungGen: 68669K->1440K(69120K)] 336229K->269000K(752640K), 0.0019055 secs] [Times: user=0.01 sys=0.00, real=0.00 secs] 
1151.259: [GC (Allocation Failure) [PSYoungGen: 68512K->1376K(69120K)] 336072K->268936K(752640K), 0.0018882 secs] [Times: user=0.00 sys=0.00, real=0.00 secs] 
1151.537: [GC (Allocation Failure) [PSYoungGen: 68448K->1344K(69120K)] 336008K->268904K(752640K), 0.0018288 secs] [Times: user=0.01 sys=0.00, real=0.00 secs] 
1151.845: [GC (Allocation Failure) [PSYoungGen: 68416K->1376K(69120K)] 335976K->268944K(752640K), 0.0017639 secs] [Times: user=0.01 sys=0.00, real=0.00 secs] 
1152.255: [GC (Allocation Failure) [PSYoungGen: 68448K->1549K(69120K)] 336016K->269117K(752640K), 0.0014720 secs] [Times: user=0.01 sys=0.00, real=0.00 secs] 
1152.648: [GC (Allocation Failure) [PSYoungGen: 68621K->1613K(69120K)] 336189K->269181K(752640K), 0.0015042 secs] [Times: user=0.00 sys=0.00, real=0.00 secs] 
1153.040: [GC (Allocation Failure) [PSYoungGen: 68685K->1533K(69120K)] 336253K->269101K(752640K), 0.0015371 secs] [Times: user=0.00 sys=0.00, real=0.01 secs] 
1153.433: [GC (Allocation Failure) [PSYoungGen: 68605K->224K(69120K)] 336173K->267800K(752640K), 0.0015434 secs] [Times: user=0.01 sys=0.00, real=0.00 secs] 
1153.782: [GC (Allocation Failure) [PSYoungGen: 67296K->1360K(69120K)] 334872K->268936K(752640K), 0.0018786 secs] [Times: user=0.01 sys=0.00, real=0.00 secs] 
1154.061: [GC (Allocation Failure) [PSYoungGen: 68432K->1376K(69120K)] 336008K->268952K(752640K), 0.0018437 secs] [Times: user=0.00 sys=0.00, real=0.01 secs] 
1154.339: [GC (Allocation Failure) [PSYoungGen: 68448K->1360K(69120K)] 336024K->268936K(752640K), 0.0030371 secs] [Times: user=0.01 sys=0.00, real=0.01 secs] 
1154.620: [GC (Allocation Failure) [PSYoungGen: 68432K->1360K(69120K)] 336008K->268936K(752640K), 0.0020196 secs] [Times: user=0.01 sys=0.00, real=0.01 secs] 
1155.076: [GC (Allocation Failure) [PSYoungGen: 68432K->1549K(69120K)] 336008K->269125K(752640K), 0.0014935 secs] [Times: user=0.01 sys=0.00, real=0.00 secs] 
1155.468: [GC (Allocation Failure) [PSYoungGen: 68592K->1613K(69120K)] 336168K->269189K(752640K), 0.0016272 secs] [Times: user=0.00 sys=0.00, real=0.00 secs] 
1155.861: [GC (Allocation Failure) [PSYoungGen: 68685K->1536K(69120K)] 336261K->269112K(752640K), 0.0015224 secs] [Times: user=0.01 sys=0.00, real=0.00 secs] 
1156.308: [GC (Allocation Failure) [PSYoungGen: 68608K->1504K(69120K)] 336184K->269096K(752640K), 0.0018446 secs] [Times: user=0.01 sys=0.00, real=0.00 secs] 
1156.810: [GC (Allocation Failure) [PSYoungGen: 68576K->1408K(69120K)] 336168K->269000K(752640K), 0.0026820 secs] [Times: user=0.01 sys=0.00, real=0.01 secs] 
1157.090: [GC (Allocation Failure) [PSYoungGen: 68480K->1376K(69120K)] 336072K->268968K(752640K), 0.0015800 secs] [Times: user=0.01 sys=0.00, real=0.01 secs] 
1157.368: [GC (Allocation Failure) [PSYoungGen: 68448K->1344K(69120K)] 336040K->268936K(752640K), 0.0018099 secs] [Times: user=0.01 sys=0.00, real=0.00 secs] 
1157.672: [GC (Allocation Failure) [PSYoungGen: 68293K->288K(69120K)] 335885K->267880K(752640K), 0.0016133 secs] [Times: user=0.01 sys=0.00, real=0.00 secs] 
1158.081: [GC (Allocation Failure) [PSYoungGen: 67360K->1565K(69120K)] 334952K->269157K(752640K), 0.0015452 secs] [Times: user=0.01 sys=0.00, real=0.01 secs] 
1158.538: [GC (Allocation Failure) [PSYoungGen: 68637K->1584K(69120K)] 336229K->269176K(752640K), 0.0017342 secs] [Times: user=0.01 sys=0.00, real=0.00 secs] 
1158.933: [GC (Allocation Failure) [PSYoungGen: 68656K->1549K(69120K)] 336248K->269141K(752640K), 0.0015143 secs] [Times: user=0.00 sys=0.00, real=0.00 secs] 
1159.317: [GC (Allocation Failure) [PSYoungGen: 68621K->1472K(69120K)] 336213K->269072K(752640K), 0.0019462 secs] [Times: user=0.01 sys=0.00, real=0.00 secs] 
1159.596: [GC (Allocation Failure) [PSYoungGen: 68544K->1408K(69120K)] 336144K->269008K(752640K), 0.0018843 secs] [Times: user=0.00 sys=0.00, real=0.00 secs] 
1159.875: [GC (Allocation Failure) [PSYoungGen: 68480K->1376K(69120K)] 336080K->268976K(752640K), 0.0018363 secs] [Times: user=0.01 sys=0.00, real=0.00 secs] 
1160.154: [GC (Allocation Failure) [PSYoungGen: 68448K->1376K(69120K)] 336048K->268976K(752640K), 0.0018779 secs] [Times: user=0.01 sys=0.00, real=0.00 secs] 
1160.480: [GC (Allocation Failure) [PSYoungGen: 68448K->1501K(69120K)] 336048K->269101K(752640K), 0.0015109 secs] [Times: user=0.00 sys=0.00, real=0.01 secs] 
1160.879: [GC (Allocation Failure) [PSYoungGen: 68573K->1613K(69120K)] 336173K->269213K(752640K), 0.0014714 secs] [Times: user=0.00 sys=0.00, real=0.00 secs] 
1161.276: [GC (Allocation Failure) [PSYoungGen: 68685K->1613K(69120K)] 336285K->269213K(752640K), 0.0016218 secs] [Times: user=0.01 sys=0.00, real=0.00 secs] 
1161.725: [GC (Allocation Failure) [PSYoungGen: 68685K->1581K(69120K)] 336285K->269189K(752640K), 0.0015943 secs] [Times: user=0.00 sys=0.00, real=0.00 secs] 
1162.316: [GC (Allocation Failure) [PSYoungGen: 68653K->1488K(69120K)] 336261K->269096K(752640K), 0.0022931 secs] [Times: user=0.01 sys=0.00, real=0.00 secs] 
1162.883: [GC (Allocation Failure) [PSYoungGen: 68560K->1408K(69120K)] 336168K->269016K(752640K), 0.0026184 secs] [Times: user=0.01 sys=0.01, real=0.00 secs] 
1163.441: [GC (Allocation Failure) [PSYoungGen: 68480K->1376K(69120K)] 336088K->268984K(752640K), 0.0024734 secs] [Times: user=0.01 sys=0.00, real=0.01 secs] 
1163.767: [GC (Allocation Failure) [PSYoungGen: 68448K->1376K(69120K)] 336056K->268984K(752640K), 0.0017591 secs] [Times: user=0.01 sys=0.00, real=0.00 secs] 
1164.132: [GC (Allocation Failure) [PSYoungGen: 68448K->1533K(69120K)] 336056K->269141K(752640K), 0.0015679 secs] [Times: user=0.00 sys=0.00, real=0.00 secs] 
1164.524: [GC (Allocation Failure) [PSYoungGen: 68605K->1597K(69120K)] 336213K->269205K(752640K), 0.0016556 secs] [Times: user=0.01 sys=0.00, real=0.00 secs] 
1164.919: [GC (Allocation Failure) [PSYoungGen: 68669K->1613K(69120K)] 336277K->269221K(752640K), 0.0015637 secs] [Times: user=0.01 sys=0.00, real=0.00 secs] 
1165.314: [GC (Allocation Failure) [PSYoungGen: 68685K->1568K(69120K)] 336293K->269200K(752640K), 0.0015114 secs] [Times: user=0.01 sys=0.00, real=0.00 secs] 
1165.839: [GC (Allocation Failure) [PSYoungGen: 68640K->1424K(69120K)] 336272K->269056K(752640K), 0.0018011 secs] [Times: user=0.01 sys=0.00, real=0.00 secs] 
1166.416: [GC (Allocation Failure) [PSYoungGen: 68496K->1376K(69120K)] 336128K->269008K(752640K), 0.0020136 secs] [Times: user=0.01 sys=0.00, real=0.00 secs] 
1167.065: [GC (Allocation Failure) [PSYoungGen: 68448K->1392K(69120K)] 336080K->269024K(752640K), 0.0020997 secs] [Times: user=0.01 sys=0.00, real=0.00 secs] 
1167.673: [GC (Allocation Failure) [PSYoungGen: 68464K->1376K(69120K)] 336096K->269008K(752640K), 0.0023788 secs] [Times: user=0.01 sys=0.00, real=0.00 secs] 
1168.192: [GC (Allocation Failure) [PSYoungGen: 68448K->1488K(69120K)] 336080K->269128K(752640K), 0.0014453 secs] [Times: user=0.01 sys=0.00, real=0.00 secs] 
1168.585: [GC (Allocation Failure) [PSYoungGen: 68560K->1597K(69120K)] 336200K->269237K(752640K), 0.0015977 secs] [Times: user=0.00 sys=0.00, real=0.00 secs] 
1168.978: [GC (Allocation Failure) [PSYoungGen: 68669K->1597K(69120K)] 336309K->269237K(752640K), 0.0014821 secs] [Times: user=0.01 sys=0.00, real=0.00 secs] 
1169.371: [GC (Allocation Failure) [PSYoungGen: 68669K->1552K(69120K)] 336309K->269208K(752640K), 0.0016071 secs] [Times: user=0.00 sys=0.00, real=0.01 secs] 
1170.049: [GC (Allocation Failure) [PSYoungGen: 68624K->1472K(69120K)] 336280K->269136K(752640K), 0.0020773 secs] [Times: user=0.01 sys=0.00, real=0.00 secs] 
1170.644: [GC (Allocation Failure) [PSYoungGen: 68544K->1344K(69120K)] 336208K->269008K(752640K), 0.0020703 secs] [Times: user=0.01 sys=0.00, real=0.00 secs] 
1170.942: [GC (Allocation Failure) [PSYoungGen: 68416K->1376K(69120K)] 336080K->269040K(752640K), 0.0019811 secs] [Times: user=0.01 sys=0.00, real=0.00 secs] 
1171.564: [GC (Allocation Failure) [PSYoungGen: 68448K->1344K(69120K)] 336112K->269008K(752640K), 0.0019609 secs] [Times: user=0.01 sys=0.00, real=0.00 secs] 
1172.385: [GC (Allocation Failure) [PSYoungGen: 68416K->1536K(69120K)] 336080K->269200K(752640K), 0.0015273 secs] [Times: user=0.00 sys=0.00, real=0.00 secs] 
1172.776: [GC (Allocation Failure) [PSYoungGen: 68576K->1645K(69120K)] 336241K->269309K(752640K), 0.0016627 secs] [Times: user=0.01 sys=0.00, real=0.00 secs] 
1173.170: [GC (Allocation Failure) [PSYoungGen: 68717K->1584K(69120K)] 336381K->269248K(752640K), 0.0015754 secs] [Times: user=0.01 sys=0.00, real=0.01 secs] 
1173.671: [GC (Allocation Failure) [PSYoungGen: 68656K->2016K(69120K)] 336320K->269696K(752640K), 0.0017682 secs] [Times: user=0.01 sys=0.00, real=0.00 secs] 
1173.995: [GC (Allocation Failure) [PSYoungGen: 69088K->1376K(69120K)] 336768K->269056K(752640K), 0.0019690 secs] [Times: user=0.01 sys=0.00, real=0.00 secs] 
1174.290: [GC (Allocation Failure) [PSYoungGen: 68448K->1440K(69120K)] 336128K->269120K(752640K), 0.0018977 secs] [Times: user=0.01 sys=0.00, real=0.01 secs] 
1174.613: [GC (Allocation Failure) [PSYoungGen: 68512K->1376K(69120K)] 336192K->269056K(752640K), 0.0017808 secs] [Times: user=0.00 sys=0.00, real=0.00 secs] 
1174.909: [GC (Allocation Failure) [PSYoungGen: 68448K->1440K(69120K)] 336128K->269120K(752640K), 0.0018718 secs] [Times: user=0.00 sys=0.00, real=0.01 secs] 
1175.358: [GC (Allocation Failure) [PSYoungGen: 68500K->1597K(69120K)] 336180K->269285K(752640K), 0.0014256 secs] [Times: user=0.01 sys=0.00, real=0.00 secs] 
1175.812: [GC (Allocation Failure) [PSYoungGen: 68669K->1613K(69120K)] 336357K->269301K(752640K), 0.0015427 secs] [Times: user=0.00 sys=0.00, real=0.00 secs] 
1176.267: [GC (Allocation Failure) [PSYoungGen: 68685K->1613K(69120K)] 336373K->269301K(752640K), 0.0015596 secs] [Times: user=0.01 sys=0.00, real=0.00 secs] 
1176.665: [GC (Allocation Failure) [PSYoungGen: 68685K->1536K(69120K)] 336373K->269232K(752640K), 0.0018606 secs] [Times: user=0.00 sys=0.00, real=0.00 secs] 
1176.984: [GC (Allocation Failure) [PSYoungGen: 68608K->1376K(69120K)] 336304K->269072K(752640K), 0.0019865 secs] [Times: user=0.00 sys=0.00, real=0.00 secs] 
1177.362: [GC (Allocation Failure) [PSYoungGen: 68448K->1360K(69120K)] 336144K->269072K(752640K), 0.0020126 secs] [Times: user=0.01 sys=0.00, real=0.00 secs] 
1177.825: [GC (Allocation Failure) [PSYoungGen: 68432K->1408K(69120K)] 336144K->269120K(752640K), 0.0026782 secs] [Times: user=0.01 sys=0.00, real=0.00 secs] 
1178.359: [GC (Allocation Failure) [PSYoungGen: 68460K->1453K(69120K)] 336173K->269165K(752640K), 0.0019904 secs] [Times: user=0.01 sys=0.00, real=0.00 secs] 
1178.842: [GC (Allocation Failure) [PSYoungGen: 68525K->1581K(69120K)] 336237K->269293K(752640K), 0.0015280 secs] [Times: user=0.01 sys=0.00, real=0.00 secs] 
1179.235: [GC (Allocation Failure) [PSYoungGen: 68653K->1581K(69120K)] 336365K->269293K(752640K), 0.0017901 secs] [Times: user=0.00 sys=0.00, real=0.00 secs] 
1179.629: [GC (Allocation Failure) [PSYoungGen: 68653K->1613K(69120K)] 336365K->269341K(752640K), 0.0015732 secs] [Times: user=0.01 sys=0.00, real=0.00 secs] 
1180.025: [GC (Allocation Failure) [PSYoungGen: 68685K->1488K(69120K)] 336413K->269216K(752640K), 0.0022395 secs] [Times: user=0.01 sys=0.00, real=0.00 secs] 
1180.307: [GC (Allocation Failure) [PSYoungGen: 68560K->1360K(69120K)] 336288K->269088K(752640K), 0.0020079 secs] [Times: user=0.00 sys=0.00, real=0.00 secs] 
1180.763: [GC (Allocation Failure) [PSYoungGen: 68432K->1408K(69120K)] 336160K->269136K(752640K), 0.0030701 secs] [Times: user=0.01 sys=0.00, real=0.00 secs] 
1181.317: [GC (Allocation Failure) [PSYoungGen: 68480K->1360K(69120K)] 336208K->269088K(752640K), 0.0065339 secs] [Times: user=0.03 sys=0.00, real=0.01 secs] 
1181.945: [GC (Allocation Failure) [PSYoungGen: 68432K->1501K(69120K)] 336160K->269237K(752640K), 0.0016310 secs] [Times: user=0.01 sys=0.00, real=0.00 secs] 
1182.346: [GC (Allocation Failure) [PSYoungGen: 68573K->1597K(69120K)] 336309K->269333K(752640K), 0.0015296 secs] [Times: user=0.01 sys=0.00, real=0.00 secs] 
1182.740: [GC (Allocation Failure) [PSYoungGen: 68669K->1581K(69120K)] 336405K->269317K(752640K), 0.0015595 secs] [Times: user=0.01 sys=0.00, real=0.01 secs] 
1183.134: [GC (Allocation Failure) [PSYoungGen: 68653K->1613K(69120K)] 336389K->269357K(752640K), 0.0014918 secs] [Times: user=0.01 sys=0.00, real=0.00 secs] 
1183.758: [GC (Allocation Failure) [PSYoungGen: 68685K->1456K(69120K)] 336429K->269208K(752640K), 0.0036729 secs] [Times: user=0.01 sys=0.00, real=0.01 secs] 
1184.365: [GC (Allocation Failure) [PSYoungGen: 68528K->1408K(69120K)] 336280K->269160K(752640K), 0.0025956 secs] [Times: user=0.01 sys=0.00, real=0.00 secs] 
1185.062: [GC (Allocation Failure) [PSYoungGen: 68480K->1376K(69120K)] 336232K->269128K(752640K), 0.0029447 secs] [Times: user=0.01 sys=0.00, real=0.00 secs] 
1185.566: [GC (Allocation Failure) [PSYoungGen: 68448K->1376K(69120K)] 336200K->269128K(752640K), 0.0025402 secs] [Times: user=0.01 sys=0.00, real=0.00 secs] 
1186.096: [GC (Allocation Failure) [PSYoungGen: 68448K->1549K(69120K)] 336200K->269301K(752640K), 0.0013553 secs] [Times: user=0.01 sys=0.00, real=0.00 secs] 
1186.490: [GC (Allocation Failure) [PSYoungGen: 68621K->1581K(69120K)] 336373K->269333K(752640K), 0.0015780 secs] [Times: user=0.00 sys=0.00, real=0.00 secs] 
1186.882: [GC (Allocation Failure) [PSYoungGen: 68653K->1581K(69120K)] 336405K->269333K(752640K), 0.0015135 secs] [Times: user=0.01 sys=0.00, real=0.00 secs] 
1187.280: [GC (Allocation Failure) [PSYoungGen: 68653K->1584K(69120K)] 336405K->269352K(752640K), 0.0015254 secs] [Times: user=0.01 sys=0.00, real=0.01 secs] 
1187.819: [GC (Allocation Failure) [PSYoungGen: 68656K->1408K(69120K)] 336424K->269176K(752640K), 0.0016181 secs] [Times: user=0.01 sys=0.00, real=0.00 secs] 
1188.346: [GC (Allocation Failure) [PSYoungGen: 68480K->1376K(69120K)] 336248K->269144K(752640K), 0.0018736 secs] [Times: user=0.00 sys=0.00, real=0.00 secs] 
1188.871: [GC (Allocation Failure) [PSYoungGen: 68448K->1360K(69120K)] 336216K->269144K(752640K), 0.0019616 secs] [Times: user=0.01 sys=0.00, real=0.00 secs] 
1189.413: [GC (Allocation Failure) [PSYoungGen: 68432K->1376K(69120K)] 336216K->269160K(752640K), 0.0017407 secs] [Times: user=0.01 sys=0.00, real=0.00 secs] 
1189.917: [GC (Allocation Failure) [PSYoungGen: 68448K->1517K(69120K)] 336232K->269301K(752640K), 0.0014836 secs] [Times: user=0.01 sys=0.00, real=0.00 secs] 
1190.310: [GC (Allocation Failure) [PSYoungGen: 68578K->1616K(69120K)] 336363K->269400K(752640K), 0.0014801 secs] [Times: user=0.00 sys=0.00, real=0.00 secs] 
1190.703: [GC (Allocation Failure) [PSYoungGen: 68688K->1613K(69120K)] 336472K->269397K(752640K), 0.0016287 secs] [Times: user=0.01 sys=0.00, real=0.00 secs] 
1191.094: [GC (Allocation Failure) [PSYoungGen: 68491K->320K(69120K)] 336275K->268112K(752640K), 0.0016533 secs] [Times: user=0.01 sys=0.00, real=0.00 secs] 
1191.424: [GC (Allocation Failure) [PSYoungGen: 67392K->1408K(69120K)] 335184K->269200K(752640K), 0.0017563 secs] [Times: user=0.01 sys=0.00, real=0.00 secs] 
1191.801: [GC (Allocation Failure) [PSYoungGen: 68480K->1408K(69120K)] 336272K->269200K(752640K), 0.0021375 secs] [Times: user=0.01 sys=0.00, real=0.00 secs] 
1192.140: [GC (Allocation Failure) [PSYoungGen: 68480K->1440K(69120K)] 336272K->269232K(752640K), 0.0021367 secs] [Times: user=0.01 sys=0.00, real=0.01 secs] 
1192.672: [GC (Allocation Failure) [PSYoungGen: 68512K->1376K(69120K)] 336304K->269168K(752640K), 0.0021045 secs] [Times: user=0.00 sys=0.00, real=0.00 secs] 
1193.240: [GC (Allocation Failure) [PSYoungGen: 68448K->1613K(69120K)] 336240K->269405K(752640K), 0.0017217 secs] [Times: user=0.01 sys=0.00, real=0.01 secs] 
1193.689: [GC (Allocation Failure) [PSYoungGen: 68685K->1581K(69120K)] 336477K->269373K(752640K), 0.0015364 secs] [Times: user=0.01 sys=0.00, real=0.00 secs] 
1194.084: [GC (Allocation Failure) [PSYoungGen: 68653K->1597K(69120K)] 336445K->269389K(752640K), 0.0017116 secs] [Times: user=0.01 sys=0.00, real=0.00 secs] 
1194.608: [GC (Allocation Failure) [PSYoungGen: 68669K->1536K(69120K)] 336461K->269328K(752640K), 0.0021080 secs] [Times: user=0.00 sys=0.00, real=0.00 secs] 
1195.195: [GC (Allocation Failure) [PSYoungGen: 68608K->1408K(69120K)] 336400K->269200K(752640K), 0.0028873 secs] [Times: user=0.02 sys=0.00, real=0.00 secs] 
1195.643: [GC (Allocation Failure) [PSYoungGen: 68480K->1376K(69120K)] 336272K->269168K(752640K), 0.0019539 secs] [Times: user=0.00 sys=0.00, real=0.00 secs] 
1196.150: [GC (Allocation Failure) [PSYoungGen: 68448K->1408K(69120K)] 336240K->269200K(752640K), 0.0021474 secs] [Times: user=0.00 sys=0.00, real=0.01 secs] 
1196.706: [GC (Allocation Failure) [PSYoungGen: 68364K->272K(69120K)] 336157K->268064K(752640K), 0.0020478 secs] [Times: user=0.01 sys=0.00, real=0.00 secs] 
1197.144: [GC (Allocation Failure) [PSYoungGen: 67344K->1533K(69120K)] 335136K->269325K(752640K), 0.0014977 secs] [Times: user=0.01 sys=0.00, real=0.00 secs] 
1197.538: [GC (Allocation Failure) [PSYoungGen: 68605K->1584K(69120K)] 336397K->269376K(752640K), 0.0016616 secs] [Times: user=0.00 sys=0.00, real=0.00 secs] 
1197.931: [GC (Allocation Failure) [PSYoungGen: 68656K->1645K(69120K)] 336448K->269469K(752640K), 0.0016546 secs] [Times: user=0.01 sys=0.00, real=0.01 secs] 
1198.504: [GC (Allocation Failure) [PSYoungGen: 68717K->1504K(69120K)] 336541K->269344K(752640K), 0.0018406 secs] [Times: user=0.00 sys=0.00, real=0.00 secs] 
1199.110: [GC (Allocation Failure) [PSYoungGen: 68576K->1376K(69120K)] 336416K->269216K(752640K), 0.0020271 secs] [Times: user=0.01 sys=0.00, real=0.01 secs] 
1199.390: [GC (Allocation Failure) [PSYoungGen: 68448K->1376K(69120K)] 336288K->269216K(752640K), 0.0021317 secs] [Times: user=0.01 sys=0.00, real=0.01 secs] 
1199.694: [GC (Allocation Failure) [PSYoungGen: 68448K->1408K(69120K)] 336288K->269248K(752640K), 0.0018072 secs] [Times: user=0.01 sys=0.00, real=0.00 secs] 
1200.028: [GC (Allocation Failure) [PSYoungGen: 68480K->1501K(69120K)] 336320K->269341K(752640K), 0.0014946 secs] [Times: user=0.01 sys=0.00, real=0.00 secs] 
1200.420: [GC (Allocation Failure) [PSYoungGen: 68573K->1597K(69120K)] 336413K->269437K(752640K), 0.0015340 secs] [Times: user=0.00 sys=0.00, real=0.00 secs] 
1200.811: [GC (Allocation Failure) [PSYoungGen: 68669K->1629K(69120K)] 336509K->269469K(752640K), 0.0015101 secs] [Times: user=0.01 sys=0.00, real=0.01 secs] 
1201.204: [GC (Allocation Failure) [PSYoungGen: 68701K->1565K(69120K)] 336541K->269421K(752640K), 0.0016190 secs] [Times: user=0.01 sys=0.00, real=0.00 secs] 
1202.379: [GC (Allocation Failure) [PSYoungGen: 68637K->1456K(69120K)] 336493K->269320K(752640K), 0.0036434 secs] [Times: user=0.01 sys=0.00, real=0.01 secs] 
1202.946: [GC (Allocation Failure) [PSYoungGen: 68528K->1376K(69120K)] 336392K->269240K(752640K), 0.0026356 secs] [Times: user=0.01 sys=0.00, real=0.00 secs] 
1203.464: [GC (Allocation Failure) [PSYoungGen: 68448K->1408K(69120K)] 336312K->269272K(752640K), 0.0023785 secs] [Times: user=0.01 sys=0.00, real=0.00 secs] 
1203.930: [GC (Allocation Failure) [PSYoungGen: 68480K->1408K(69120K)] 336344K->269272K(752640K), 0.0019693 secs] [Times: user=0.01 sys=0.00, real=0.01 secs] 
1204.308: [GC (Allocation Failure) [PSYoungGen: 68480K->1469K(69120K)] 336344K->269333K(752640K), 0.0014250 secs] [Times: user=0.00 sys=0.00, real=0.00 secs] 
1204.699: [GC (Allocation Failure) [PSYoungGen: 68541K->1584K(69120K)] 336405K->269448K(752640K), 0.0015139 secs] [Times: user=0.00 sys=0.00, real=0.00 secs] 
1205.089: [GC (Allocation Failure) [PSYoungGen: 68656K->1584K(69120K)] 336520K->269448K(752640K), 0.0015360 secs] [Times: user=0.00 sys=0.00, real=0.00 secs] 
1205.481: [GC (Allocation Failure) [PSYoungGen: 68656K->1597K(69120K)] 336520K->269477K(752640K), 0.0014952 secs] [Times: user=0.01 sys=0.00, real=0.00 secs] 
1206.123: [GC (Allocation Failure) [PSYoungGen: 68669K->1424K(69120K)] 336549K->269304K(752640K), 0.0019879 secs] [Times: user=0.01 sys=0.00, real=0.00 secs] 
1206.764: [GC (Allocation Failure) [PSYoungGen: 68496K->1376K(69120K)] 336376K->269256K(752640K), 0.0021375 secs] [Times: user=0.01 sys=0.00, real=0.00 secs] 
1207.353: [GC (Allocation Failure) [PSYoungGen: 68448K->1344K(69120K)] 336328K->269224K(752640K), 0.0021186 secs] [Times: user=0.01 sys=0.00, real=0.00 secs] 
1207.709: [GC (Allocation Failure) [PSYoungGen: 68416K->1440K(69120K)] 336296K->269320K(752640K), 0.0019017 secs] [Times: user=0.00 sys=0.00, real=0.00 secs] 
1208.078: [GC (Allocation Failure) [PSYoungGen: 68512K->1549K(69120K)] 336392K->269437K(752640K), 0.0014459 secs] [Times: user=0.00 sys=0.00, real=0.00 secs] 
1208.469: [GC (Allocation Failure) [PSYoungGen: 68621K->1581K(69120K)] 336509K->269469K(752640K), 0.0015302 secs] [Times: user=0.00 sys=0.00, real=0.00 secs] 
1208.860: [GC (Allocation Failure) [PSYoungGen: 68653K->1549K(69120K)] 336541K->269469K(752640K), 0.0014962 secs] [Times: user=0.00 sys=0.00, real=0.01 secs] 
1209.251: [GC (Allocation Failure) [PSYoungGen: 68621K->1613K(69120K)] 336541K->269557K(752640K), 0.0014550 secs] [Times: user=0.01 sys=0.00, real=0.00 secs] 
1210.185: [GC (Allocation Failure) [PSYoungGen: 68685K->1376K(69120K)] 336629K->269320K(752640K), 0.0020749 secs] [Times: user=0.01 sys=0.00, real=0.00 secs] 
1210.475: [GC (Allocation Failure) [PSYoungGen: 68448K->1376K(69120K)] 336392K->269320K(752640K), 0.0019482 secs] [Times: user=0.00 sys=0.00, real=0.00 secs] 
1210.786: [GC (Allocation Failure) [PSYoungGen: 68448K->1408K(69120K)] 336392K->269352K(752640K), 0.0017297 secs] [Times: user=0.01 sys=0.00, real=0.00 secs] 
1211.072: [GC (Allocation Failure) [PSYoungGen: 68480K->1408K(69120K)] 336424K->269352K(752640K), 0.0017701 secs] [Times: user=0.01 sys=0.00, real=0.00 secs] 
1211.482: [GC (Allocation Failure) [PSYoungGen: 68480K->1549K(69120K)] 336424K->269493K(752640K), 0.0014858 secs] [Times: user=0.01 sys=0.00, real=0.00 secs] 
1211.874: [GC (Allocation Failure) [PSYoungGen: 68621K->1581K(69120K)] 336565K->269525K(752640K), 0.0015685 secs] [Times: user=0.00 sys=0.00, real=0.00 secs] 
1212.276: [GC (Allocation Failure) [PSYoungGen: 68653K->1616K(69120K)] 336597K->269560K(752640K), 0.0015287 secs] [Times: user=0.00 sys=0.00, real=0.00 secs] 
1212.709: [GC (Allocation Failure) [PSYoungGen: 68688K->1792K(69120K)] 336632K->269736K(752640K), 0.0017530 secs] [Times: user=0.01 sys=0.00, real=0.00 secs] 
1213.053: [GC (Allocation Failure) [PSYoungGen: 68864K->1376K(69120K)] 336808K->269320K(752640K), 0.0018418 secs] [Times: user=0.01 sys=0.00, real=0.00 secs] 
1213.338: [GC (Allocation Failure) [PSYoungGen: 68448K->1408K(69120K)] 336392K->269360K(752640K), 0.0017045 secs] [Times: user=0.01 sys=0.00, real=0.00 secs] 
1213.624: [GC (Allocation Failure) [PSYoungGen: 68480K->1376K(69120K)] 336432K->269328K(752640K), 0.0015795 secs] [Times: user=0.01 sys=0.00, real=0.00 secs] 
1213.902: [GC (Allocation Failure) [PSYoungGen: 68448K->1408K(69120K)] 336400K->269368K(752640K), 0.0016246 secs] [Times: user=0.01 sys=0.00, real=0.00 secs] 
1214.383: [GC (Allocation Failure) [PSYoungGen: 68480K->1581K(69120K)] 336440K->269541K(752640K), 0.0016991 secs] [Times: user=0.01 sys=0.00, real=0.00 secs] 
1214.833: [GC (Allocation Failure) [PSYoungGen: 68653K->1581K(69120K)] 336613K->269541K(752640K), 0.0015179 secs] [Times: user=0.00 sys=0.00, real=0.00 secs] 
1215.281: [GC (Allocation Failure) [PSYoungGen: 68653K->1549K(69120K)] 336613K->269509K(752640K), 0.0017357 secs] [Times: user=0.00 sys=0.00, real=0.01 secs] 
1215.724: [GC (Allocation Failure) [PSYoungGen: 68621K->1520K(69120K)] 336581K->269496K(752640K), 0.0019164 secs] [Times: user=0.01 sys=0.00, real=0.00 secs] 
1216.501: [GC (Allocation Failure) [PSYoungGen: 68592K->1408K(69120K)] 336568K->269384K(752640K), 0.0030669 secs] [Times: user=0.01 sys=0.00, real=0.01 secs] 
1217.334: [GC (Allocation Failure) [PSYoungGen: 68480K->1376K(69120K)] 336456K->269352K(752640K), 0.0031801 secs] [Times: user=0.02 sys=0.00, real=0.00 secs] 
1218.708: [GC (Allocation Failure) [PSYoungGen: 68448K->1376K(69120K)] 336424K->269368K(752640K), 0.0033917 secs] [Times: user=0.01 sys=0.00, real=0.01 secs] 
1219.231: [GC (Allocation Failure) [PSYoungGen: 68448K->1517K(69120K)] 336440K->269509K(752640K), 0.0017465 secs] [Times: user=0.00 sys=0.00, real=0.01 secs] 
1219.635: [GC (Allocation Failure) [PSYoungGen: 68589K->1597K(69120K)] 336581K->269589K(752640K), 0.0015905 secs] [Times: user=0.01 sys=0.00, real=0.00 secs] 
1220.028: [GC (Allocation Failure) [PSYoungGen: 68669K->1629K(69120K)] 336661K->269621K(752640K), 0.0015102 secs] [Times: user=0.00 sys=0.00, real=0.00 secs] 
1220.421: [GC (Allocation Failure) [PSYoungGen: 68701K->1613K(69120K)] 336693K->269621K(752640K), 0.0015497 secs] [Times: user=0.01 sys=0.00, real=0.00 secs] 
1221.015: [GC (Allocation Failure) [PSYoungGen: 68685K->1456K(69120K)] 336693K->269464K(752640K), 0.0019658 secs] [Times: user=0.01 sys=0.00, real=0.00 secs] 
1221.904: [GC (Allocation Failure) [PSYoungGen: 68528K->1408K(69120K)] 336536K->269416K(752640K), 0.0021754 secs] [Times: user=0.01 sys=0.00, real=0.00 secs] 
1222.748: [GC (Allocation Failure) [PSYoungGen: 68480K->1408K(69120K)] 336488K->269416K(752640K), 0.0022712 secs] [Times: user=0.01 sys=0.00, real=0.00 secs] 
1223.526: [GC (Allocation Failure) [PSYoungGen: 68480K->1440K(69120K)] 336488K->269448K(752640K), 0.0036235 secs] [Times: user=0.01 sys=0.00, real=0.00 secs] 
1224.150: [GC (Allocation Failure) [PSYoungGen: 68512K->1469K(69120K)] 336520K->269477K(752640K), 0.0018202 secs] [Times: user=0.01 sys=0.00, real=0.01 secs] 
1224.550: [GC (Allocation Failure) [PSYoungGen: 68541K->1565K(69120K)] 336549K->269573K(752640K), 0.0015843 secs] [Times: user=0.00 sys=0.00, real=0.01 secs] 
1224.944: [GC (Allocation Failure) [PSYoungGen: 68637K->1629K(69120K)] 336645K->269637K(752640K), 0.0016135 secs] [Times: user=0.01 sys=0.00, real=0.00 secs] 
1225.337: [GC (Allocation Failure) [PSYoungGen: 68701K->1568K(69120K)] 336709K->269584K(752640K), 0.0016644 secs] [Times: user=0.01 sys=0.00, real=0.00 secs] 
1225.684: [GC (Allocation Failure) [PSYoungGen: 68640K->1440K(69120K)] 336656K->269456K(752640K), 0.0015399 secs] [Times: user=0.01 sys=0.00, real=0.00 secs] 
1225.962: [GC (Allocation Failure) [PSYoungGen: 68512K->1376K(69120K)] 336528K->269392K(752640K), 0.0016543 secs] [Times: user=0.00 sys=0.00, real=0.00 secs] 
1226.240: [GC (Allocation Failure) [PSYoungGen: 68448K->1344K(69120K)] 336464K->269360K(752640K), 0.0014379 secs] [Times: user=0.00 sys=0.00, real=0.01 secs] 
1226.518: [GC (Allocation Failure) [PSYoungGen: 68416K->1376K(69120K)] 336432K->269392K(752640K), 0.0016779 secs] [Times: user=0.01 sys=0.00, real=0.00 secs] 
1226.883: [GC (Allocation Failure) [PSYoungGen: 68448K->1517K(69120K)] 336464K->269533K(752640K), 0.0014979 secs] [Times: user=0.01 sys=0.00, real=0.00 secs] 
1227.276: [GC (Allocation Failure) [PSYoungGen: 68589K->1565K(69120K)] 336605K->269581K(752640K), 0.0015012 secs] [Times: user=0.00 sys=0.00, real=0.00 secs] 
1227.673: [GC (Allocation Failure) [PSYoungGen: 68637K->1536K(69120K)] 336653K->269552K(752640K), 0.0015749 secs] [Times: user=0.01 sys=0.00, real=0.00 secs] 
1228.064: [GC (Allocation Failure) [PSYoungGen: 68608K->1581K(69120K)] 336624K->269621K(752640K), 0.0015347 secs] [Times: user=0.01 sys=0.00, real=0.00 secs] 
1228.916: [GC (Allocation Failure) [PSYoungGen: 68653K->1408K(69120K)] 336693K->269448K(752640K), 0.0027971 secs] [Times: user=0.01 sys=0.00, real=0.00 secs] 
1229.320: [GC (Allocation Failure) [PSYoungGen: 68480K->1360K(69120K)] 336520K->269400K(752640K), 0.0018851 secs] [Times: user=0.00 sys=0.00, real=0.01 secs] 
1229.617: [GC (Allocation Failure) [PSYoungGen: 68432K->1392K(69120K)] 336472K->269432K(752640K), 0.0018931 secs] [Times: user=0.00 sys=0.00, real=0.00 secs] 
1229.898: [GC (Allocation Failure) [PSYoungGen: 68464K->1376K(69120K)] 336504K->269416K(752640K), 0.0017935 secs] [Times: user=0.01 sys=0.00, real=0.00 secs] 
1230.474: [GC (Allocation Failure) [PSYoungGen: 68448K->1517K(69120K)] 336488K->269557K(752640K), 0.0014587 secs] [Times: user=0.00 sys=0.00, real=0.00 secs] 
1230.864: [GC (Allocation Failure) [PSYoungGen: 68589K->1629K(69120K)] 336629K->269669K(752640K), 0.0015892 secs] [Times: user=0.01 sys=0.00, real=0.00 secs] 
1231.259: [GC (Allocation Failure) [PSYoungGen: 68701K->1613K(69120K)] 336741K->269653K(752640K), 0.0015516 secs] [Times: user=0.00 sys=0.00, real=0.00 secs] 
1231.650: [GC (Allocation Failure) [PSYoungGen: 68685K->224K(69120K)] 336725K->268272K(752640K), 0.0015453 secs] [Times: user=0.01 sys=0.00, real=0.00 secs] 
1232.331: [GC (Allocation Failure) [PSYoungGen: 67296K->1408K(69120K)] 335344K->269456K(752640K), 0.0036261 secs] [Times: user=0.02 sys=0.00, real=0.00 secs] 
1232.656: [GC (Allocation Failure) [PSYoungGen: 68480K->1376K(69120K)] 336528K->269424K(752640K), 0.0018837 secs] [Times: user=0.00 sys=0.00, real=0.00 secs] 
1232.957: [GC (Allocation Failure) [PSYoungGen: 68448K->1392K(69120K)] 336496K->269440K(752640K), 0.0020089 secs] [Times: user=0.00 sys=0.00, real=0.00 secs] 
1233.261: [GC (Allocation Failure) [PSYoungGen: 68464K->1376K(69120K)] 336512K->269424K(752640K), 0.0019399 secs] [Times: user=0.01 sys=0.00, real=0.01 secs] 
1233.681: [GC (Allocation Failure) [PSYoungGen: 68448K->1613K(69120K)] 336496K->269661K(752640K), 0.0015275 secs] [Times: user=0.00 sys=0.00, real=0.01 secs] 
1234.074: [GC (Allocation Failure) [PSYoungGen: 68685K->1613K(69120K)] 336733K->269661K(752640K), 0.0014949 secs] [Times: user=0.01 sys=0.00, real=0.00 secs] 
1234.465: [GC (Allocation Failure) [PSYoungGen: 68685K->1613K(69120K)] 336733K->269661K(752640K), 0.0015869 secs] [Times: user=0.00 sys=0.00, real=0.00 secs] 
1236.384: [GC (Allocation Failure) [PSYoungGen: 68685K->1520K(69120K)] 336733K->269568K(752640K), 0.0039371 secs] [Times: user=0.02 sys=0.00, real=0.00 secs] 
1236.836: [GC (Allocation Failure) [PSYoungGen: 68592K->1376K(69120K)] 336640K->269424K(752640K), 0.0019647 secs] [Times: user=0.01 sys=0.00, real=0.00 secs] 
1237.115: [GC (Allocation Failure) [PSYoungGen: 68448K->1376K(69120K)] 336496K->269424K(752640K), 0.0018003 secs] [Times: user=0.01 sys=0.00, real=0.00 secs] 
1237.393: [GC (Allocation Failure) [PSYoungGen: 68448K->1408K(69120K)] 336496K->269456K(752640K), 0.0016754 secs] [Times: user=0.01 sys=0.00, real=0.00 secs] 
1237.697: [GC (Allocation Failure) [PSYoungGen: 68366K->256K(69120K)] 336415K->268304K(752640K), 0.0019583 secs] [Times: user=0.01 sys=0.00, real=0.00 secs] 
1238.104: [GC (Allocation Failure) [PSYoungGen: 67328K->1584K(69120K)] 335376K->269648K(752640K), 0.0015162 secs] [Times: user=0.01 sys=0.00, real=0.00 secs] 
1238.495: [GC (Allocation Failure) [PSYoungGen: 68656K->1581K(69120K)] 336720K->269645K(752640K), 0.0015670 secs] [Times: user=0.01 sys=0.00, real=0.00 secs] 
1238.886: [GC (Allocation Failure) [PSYoungGen: 68653K->1613K(69120K)] 336717K->269677K(752640K), 0.0015000 secs] [Times: user=0.01 sys=0.00, real=0.00 secs] 
1239.428: [GC (Allocation Failure) [PSYoungGen: 68685K->1472K(69120K)] 336749K->269552K(752640K), 0.0018276 secs] [Times: user=0.00 sys=0.00, real=0.00 secs] 
1239.927: [GC (Allocation Failure) [PSYoungGen: 68544K->1408K(69120K)] 336624K->269488K(752640K), 0.0020843 secs] [Times: user=0.00 sys=0.00, real=0.00 secs] 
1240.301: [GC (Allocation Failure) [PSYoungGen: 68480K->1376K(69120K)] 336560K->269456K(752640K), 0.0027383 secs] [Times: user=0.01 sys=0.00, real=0.00 secs] 
1240.613: [GC (Allocation Failure) [PSYoungGen: 68448K->1360K(69120K)] 336528K->269440K(752640K), 0.0018885 secs] [Times: user=0.01 sys=0.00, real=0.00 secs] 
1240.999: [GC (Allocation Failure) [PSYoungGen: 68432K->1456K(69120K)] 336512K->269536K(752640K), 0.0018716 secs] [Times: user=0.01 sys=0.00, real=0.00 secs] 
1241.462: [GC (Allocation Failure) [PSYoungGen: 68528K->1613K(69120K)] 336608K->269693K(752640K), 0.0016818 secs] [Times: user=0.00 sys=0.00, real=0.00 secs] 
1241.912: [GC (Allocation Failure) [PSYoungGen: 68685K->1597K(69120K)] 336765K->269677K(752640K), 0.0017142 secs] [Times: user=0.00 sys=0.00, real=0.00 secs] 
1242.303: [GC (Allocation Failure) [PSYoungGen: 68669K->1597K(69120K)] 336749K->269693K(752640K), 0.0016563 secs] [Times: user=0.00 sys=0.00, real=0.00 secs] 
1242.690: [GC (Allocation Failure) [PSYoungGen: 68669K->1488K(69120K)] 336765K->269584K(752640K), 0.0028740 secs] [Times: user=0.01 sys=0.00, real=0.01 secs] 
1242.970: [GC (Allocation Failure) [PSYoungGen: 68560K->1392K(69120K)] 336656K->269488K(752640K), 0.0018585 secs] [Times: user=0.01 sys=0.00, real=0.01 secs] 
1243.422: [GC (Allocation Failure) [PSYoungGen: 68464K->1344K(69120K)] 336560K->269440K(752640K), 0.0025321 secs] [Times: user=0.01 sys=0.00, real=0.00 secs] 
1243.934: [GC (Allocation Failure) [PSYoungGen: 68416K->1408K(69120K)] 336512K->269504K(752640K), 0.0018661 secs] [Times: user=0.01 sys=0.00, real=0.00 secs] 
1244.654: [GC (Allocation Failure) [PSYoungGen: 68480K->1453K(69120K)] 336576K->269549K(752640K), 0.0015699 secs] [Times: user=0.01 sys=0.00, real=0.00 secs] 
1245.045: [GC (Allocation Failure) [PSYoungGen: 68525K->1613K(69120K)] 336621K->269709K(752640K), 0.0015544 secs] [Times: user=0.00 sys=0.00, real=0.00 secs] 
1245.439: [GC (Allocation Failure) [PSYoungGen: 68685K->1613K(69120K)] 336781K->269709K(752640K), 0.0015116 secs] [Times: user=0.00 sys=0.00, real=0.00 secs] 
1245.831: [GC (Allocation Failure) [PSYoungGen: 68685K->1613K(69120K)] 336781K->269725K(752640K), 0.0015418 secs] [Times: user=0.01 sys=0.00, real=0.01 secs] 
1246.441: [GC (Allocation Failure) [PSYoungGen: 68685K->1408K(69120K)] 336797K->269520K(752640K), 0.0020308 secs] [Times: user=0.01 sys=0.00, real=0.00 secs] 
1246.730: [GC (Allocation Failure) [PSYoungGen: 68480K->1408K(69120K)] 336592K->269520K(752640K), 0.0019590 secs] [Times: user=0.01 sys=0.00, real=0.01 secs] 
1247.065: [GC (Allocation Failure) [PSYoungGen: 68480K->1408K(69120K)] 336592K->269520K(752640K), 0.0019855 secs] [Times: user=0.01 sys=0.00, real=0.00 secs] 
1247.490: [GC (Allocation Failure) [PSYoungGen: 68480K->1408K(69120K)] 336592K->269528K(752640K), 0.0018411 secs] [Times: user=0.01 sys=0.00, real=0.01 secs] 
1247.986: [GC (Allocation Failure) [PSYoungGen: 68480K->1517K(69120K)] 336600K->269637K(752640K), 0.0014425 secs] [Times: user=0.01 sys=0.00, real=0.00 secs] 
1248.377: [GC (Allocation Failure) [PSYoungGen: 68589K->1549K(69120K)] 336709K->269669K(752640K), 0.0015220 secs] [Times: user=0.01 sys=0.00, real=0.00 secs] 
1248.768: [GC (Allocation Failure) [PSYoungGen: 68621K->1565K(69120K)] 336741K->269685K(752640K), 0.0015145 secs] [Times: user=0.00 sys=0.00, real=0.00 secs] 
1249.160: [GC (Allocation Failure) [PSYoungGen: 68637K->1533K(69120K)] 336757K->269669K(752640K), 0.0016000 secs] [Times: user=0.01 sys=0.00, real=0.01 secs] 
1249.849: [GC (Allocation Failure) [PSYoungGen: 68605K->1440K(69120K)] 336741K->269576K(752640K), 0.0021303 secs] [Times: user=0.00 sys=0.00, real=0.01 secs] 
1250.432: [GC (Allocation Failure) [PSYoungGen: 68512K->1376K(69120K)] 336648K->269512K(752640K), 0.0019673 secs] [Times: user=0.01 sys=0.00, real=0.00 secs] 
1250.997: [GC (Allocation Failure) [PSYoungGen: 68448K->1408K(69120K)] 336584K->269544K(752640K), 0.0021367 secs] [Times: user=0.01 sys=0.00, real=0.00 secs] 
1251.588: [GC (Allocation Failure) [PSYoungGen: 68480K->1408K(69120K)] 336616K->269544K(752640K), 0.0017632 secs] [Times: user=0.00 sys=0.00, real=0.00 secs] 
1252.034: [GC (Allocation Failure) [PSYoungGen: 68480K->1549K(69120K)] 336616K->269685K(752640K), 0.0014829 secs] [Times: user=0.01 sys=0.00, real=0.00 secs] 
1252.425: [GC (Allocation Failure) [PSYoungGen: 68607K->1616K(69120K)] 336743K->269752K(752640K), 0.0015258 secs] [Times: user=0.00 sys=0.00, real=0.00 secs] 
1252.822: [GC (Allocation Failure) [PSYoungGen: 68688K->1613K(69120K)] 336824K->269749K(752640K), 0.0015388 secs] [Times: user=0.01 sys=0.00, real=0.00 secs] 
1253.273: [GC (Allocation Failure) [PSYoungGen: 68685K->2016K(68608K)] 336821K->270680K(752128K), 0.0018840 secs] [Times: user=0.00 sys=0.00, real=0.00 secs] 
1253.958: [GC (Allocation Failure) [PSYoungGen: 68576K->1408K(69120K)] 337240K->270072K(752640K), 0.0023617 secs] [Times: user=0.01 sys=0.00, real=0.00 secs] 
1254.710: [GC (Allocation Failure) [PSYoungGen: 67968K->1424K(69120K)] 336632K->270088K(752640K), 0.0018917 secs] [Times: user=0.01 sys=0.00, real=0.01 secs] 
1255.577: [GC (Allocation Failure) [PSYoungGen: 67984K->1424K(68096K)] 336648K->270088K(751616K), 0.0018153 secs] [Times: user=0.01 sys=0.00, real=0.00 secs] 
1256.588: [GC (Allocation Failure) [PSYoungGen: 67984K->1392K(68608K)] 336648K->270056K(752128K), 0.0021081 secs] [Times: user=0.01 sys=0.00, real=0.00 secs] 
1257.184: [GC (Allocation Failure) [PSYoungGen: 67952K->1568K(68608K)] 336616K->270232K(752128K), 0.0015886 secs] [Times: user=0.00 sys=0.01, real=0.00 secs] 
1257.638: [GC (Allocation Failure) [PSYoungGen: 68128K->1597K(68608K)] 336792K->270261K(752128K), 0.0017107 secs] [Times: user=0.01 sys=0.00, real=0.00 secs] 
1258.031: [GC (Allocation Failure) [PSYoungGen: 68157K->1629K(68608K)] 336821K->270293K(752128K), 0.0017104 secs] [Times: user=0.01 sys=0.00, real=0.00 secs] 
1258.545: [GC (Allocation Failure) [PSYoungGen: 68189K->1472K(68608K)] 336853K->270152K(752128K), 0.0023013 secs] [Times: user=0.01 sys=0.00, real=0.00 secs] 
1259.108: [GC (Allocation Failure) [PSYoungGen: 68032K->1376K(68608K)] 336712K->270056K(752128K), 0.0020774 secs] [Times: user=0.01 sys=0.00, real=0.00 secs] 
1259.622: [GC (Allocation Failure) [PSYoungGen: 67936K->1344K(68608K)] 336616K->270040K(752128K), 0.0019617 secs] [Times: user=0.01 sys=0.00, real=0.00 secs] 
1259.898: [GC (Allocation Failure) [PSYoungGen: 67904K->1392K(68608K)] 336600K->270088K(752128K), 0.0018769 secs] [Times: user=0.01 sys=0.00, real=0.00 secs] 
1260.218: [GC (Allocation Failure) [PSYoungGen: 67952K->1373K(68608K)] 336648K->270069K(752128K), 0.0028220 secs] [Times: user=0.01 sys=0.00, real=0.00 secs] 
1260.721: [GC (Allocation Failure) [PSYoungGen: 67933K->1565K(68608K)] 336629K->270261K(752128K), 0.0014862 secs] [Times: user=0.01 sys=0.00, real=0.01 secs] 
1261.108: [GC (Allocation Failure) [PSYoungGen: 68107K->1597K(68608K)] 336804K->270301K(752128K), 0.0014745 secs] [Times: user=0.00 sys=0.00, real=0.00 secs] 
1261.552: [GC (Allocation Failure) [PSYoungGen: 68157K->1581K(68608K)] 336861K->270293K(752128K), 0.0015823 secs] [Times: user=0.01 sys=0.00, real=0.00 secs] 
1262.045: [GC (Allocation Failure) [PSYoungGen: 68141K->1504K(68608K)] 336853K->270216K(752128K), 0.0025327 secs] [Times: user=0.01 sys=0.00, real=0.00 secs] 
1262.595: [GC (Allocation Failure) [PSYoungGen: 68064K->1408K(68608K)] 336776K->270120K(752128K), 0.0025829 secs] [Times: user=0.01 sys=0.00, real=0.00 secs] 
1263.160: [GC (Allocation Failure) [PSYoungGen: 67968K->1392K(68608K)] 336680K->270104K(752128K), 0.0020619 secs] [Times: user=0.00 sys=0.00, real=0.01 secs] 
1263.524: [GC (Allocation Failure) [PSYoungGen: 67952K->1440K(68608K)] 336664K->270152K(752128K), 0.0019133 secs] [Times: user=0.01 sys=0.00, real=0.00 secs] 
1264.048: [GC (Allocation Failure) [PSYoungGen: 68000K->1485K(68608K)] 336712K->270197K(752128K), 0.0014711 secs] [Times: user=0.01 sys=0.00, real=0.00 secs] 
1264.438: [GC (Allocation Failure) [PSYoungGen: 68034K->1581K(68608K)] 336747K->270293K(752128K), 0.0017680 secs] [Times: user=0.01 sys=0.00, real=0.00 secs] 
1264.827: [GC (Allocation Failure) [PSYoungGen: 68141K->1597K(68608K)] 336853K->270309K(752128K), 0.0014925 secs] [Times: user=0.01 sys=0.00, real=0.00 secs] 
1265.217: [GC (Allocation Failure) [PSYoungGen: 68133K->1629K(68608K)] 336846K->270357K(752128K), 0.0015783 secs] [Times: user=0.01 sys=0.00, real=0.00 secs] 
1266.242: [GC (Allocation Failure) [PSYoungGen: 68189K->1488K(68608K)] 336917K->270216K(752128K), 0.0033068 secs] [Times: user=0.01 sys=0.00, real=0.00 secs] 
1267.148: [GC (Allocation Failure) [PSYoungGen: 68048K->1440K(68608K)] 336776K->270168K(752128K), 0.0032312 secs] [Times: user=0.02 sys=0.00, real=0.01 secs] 
1267.738: [GC (Allocation Failure) [PSYoungGen: 68000K->1408K(68608K)] 336728K->270136K(752128K), 0.0029405 secs] [Times: user=0.01 sys=0.01, real=0.00 secs] 
1268.090: [GC (Allocation Failure) [PSYoungGen: 67968K->1440K(68608K)] 336696K->270168K(752128K), 0.0018669 secs] [Times: user=0.01 sys=0.00, real=0.01 secs] 
1268.469: [GC (Allocation Failure) [PSYoungGen: 68000K->1501K(68608K)] 336728K->270229K(752128K), 0.0014647 secs] [Times: user=0.01 sys=0.00, real=0.00 secs] 
1268.921: [GC (Allocation Failure) [PSYoungGen: 68039K->1536K(68608K)] 336768K->270304K(752128K), 0.0016746 secs] [Times: user=0.00 sys=0.00, real=0.01 secs] 
1269.365: [GC (Allocation Failure) [PSYoungGen: 68096K->1533K(68608K)] 336864K->270301K(752128K), 0.0015251 secs] [Times: user=0.01 sys=0.00, real=0.00 secs] 
1269.758: [GC (Allocation Failure) [PSYoungGen: 68093K->1549K(68608K)] 336861K->270325K(752128K), 0.0017469 secs] [Times: user=0.01 sys=0.00, real=0.00 secs] 
1270.584: [GC (Allocation Failure) [PSYoungGen: 68109K->1488K(68608K)] 336885K->270264K(752128K), 0.0036343 secs] [Times: user=0.02 sys=0.00, real=0.00 secs] 
1271.783: [GC (Allocation Failure) [PSYoungGen: 68048K->1376K(68608K)] 336824K->270152K(752128K), 0.0035521 secs] [Times: user=0.01 sys=0.00, real=0.00 secs] 
1272.867: [GC (Allocation Failure) [PSYoungGen: 67936K->1376K(68608K)] 336712K->270152K(752128K), 0.0034466 secs] [Times: user=0.02 sys=0.00, real=0.00 secs] 
1273.457: [GC (Allocation Failure) [PSYoungGen: 67936K->1408K(68608K)] 336712K->270184K(752128K), 0.0025483 secs] [Times: user=0.01 sys=0.00, real=0.00 secs] 
1273.915: [GC (Allocation Failure) [PSYoungGen: 67968K->1517K(68608K)] 336744K->270293K(752128K), 0.0016198 secs] [Times: user=0.01 sys=0.00, real=0.00 secs] 
1274.304: [GC (Allocation Failure) [PSYoungGen: 68053K->1613K(68608K)] 336830K->270389K(752128K), 0.0015076 secs] [Times: user=0.01 sys=0.00, real=0.00 secs] 
1274.694: [GC (Allocation Failure) [PSYoungGen: 68173K->1629K(68608K)] 336949K->270405K(752128K), 0.0015901 secs] [Times: user=0.01 sys=0.00, real=0.00 secs] 
1275.083: [GC (Allocation Failure) [PSYoungGen: 68172K->1613K(68608K)] 336948K->270405K(752128K), 0.0015321 secs] [Times: user=0.01 sys=0.00, real=0.00 secs] 
1276.334: [GC (Allocation Failure) [PSYoungGen: 68173K->1408K(68608K)] 336965K->270200K(752128K), 0.0019477 secs] [Times: user=0.01 sys=0.00, real=0.00 secs] 
1277.210: [GC (Allocation Failure) [PSYoungGen: 67968K->1376K(68608K)] 336760K->270168K(752128K), 0.0020280 secs] [Times: user=0.00 sys=0.00, real=0.01 secs] 
1278.204: [GC (Allocation Failure) [PSYoungGen: 67936K->1376K(68608K)] 336728K->270168K(752128K), 0.0030220 secs] [Times: user=0.01 sys=0.00, real=0.00 secs] 
1278.900: [GC (Allocation Failure) [PSYoungGen: 67936K->1392K(68608K)] 336728K->270184K(752128K), 0.0022215 secs] [Times: user=0.01 sys=0.00, real=0.01 secs] 
1279.485: [GC (Allocation Failure) [PSYoungGen: 67952K->1517K(68608K)] 336744K->270309K(752128K), 0.0014547 secs] [Times: user=0.00 sys=0.00, real=0.00 secs] 
1279.874: [GC (Allocation Failure) [PSYoungGen: 68077K->1549K(68608K)] 336869K->270341K(752128K), 0.0015001 secs] [Times: user=0.01 sys=0.00, real=0.00 secs] 
1280.264: [GC (Allocation Failure) [PSYoungGen: 68109K->1549K(68608K)] 336901K->270341K(752128K), 0.0014926 secs] [Times: user=0.00 sys=0.00, real=0.00 secs] 
1280.654: [GC (Allocation Failure) [PSYoungGen: 68109K->1584K(68608K)] 336901K->270392K(752128K), 0.0014907 secs] [Times: user=0.00 sys=0.00, real=0.00 secs] 
1280.965: [GC (Allocation Failure) [PSYoungGen: 68144K->1408K(68608K)] 336952K->270224K(752128K), 0.0015927 secs] [Times: user=0.01 sys=0.00, real=0.00 secs] 
1281.242: [GC (Allocation Failure) [PSYoungGen: 67968K->1344K(68608K)] 336784K->270160K(752128K), 0.0016383 secs] [Times: user=0.01 sys=0.00, real=0.00 secs] 
1281.524: [GC (Allocation Failure) [PSYoungGen: 67904K->1376K(68608K)] 336720K->270192K(752128K), 0.0028275 secs] [Times: user=0.02 sys=0.00, real=0.00 secs] 
1281.797: [GC (Allocation Failure) [PSYoungGen: 67936K->1376K(68608K)] 336752K->270192K(752128K), 0.0021682 secs] [Times: user=0.01 sys=0.00, real=0.00 secs] 
1282.210: [GC (Allocation Failure) [PSYoungGen: 67936K->1565K(68608K)] 336752K->270381K(752128K), 0.0015607 secs] [Times: user=0.00 sys=0.00, real=0.01 secs] 
1282.602: [GC (Allocation Failure) [PSYoungGen: 68125K->1565K(68608K)] 336941K->270381K(752128K), 0.0014706 secs] [Times: user=0.00 sys=0.00, real=0.00 secs] 
1282.997: [GC (Allocation Failure) [PSYoungGen: 68125K->1549K(68608K)] 336941K->270365K(752128K), 0.0016066 secs] [Times: user=0.01 sys=0.00, real=0.00 secs] 
1283.384: [GC (Allocation Failure) [PSYoungGen: 68109K->256K(68608K)] 336925K->269080K(752128K), 0.0015344 secs] [Times: user=0.00 sys=0.00, real=0.00 secs] 
1283.712: [GC (Allocation Failure) [PSYoungGen: 66816K->1440K(68608K)] 335640K->270264K(752128K), 0.0017214 secs] [Times: user=0.01 sys=0.00, real=0.00 secs] 
1283.989: [GC (Allocation Failure) [PSYoungGen: 68000K->1376K(68608K)] 336824K->270200K(752128K), 0.0017781 secs] [Times: user=0.01 sys=0.00, real=0.00 secs] 
1284.265: [GC (Allocation Failure) [PSYoungGen: 67936K->1376K(68608K)] 336760K->270200K(752128K), 0.0016126 secs] [Times: user=0.01 sys=0.00, real=0.00 secs] 
1284.541: [GC (Allocation Failure) [PSYoungGen: 67936K->1376K(68608K)] 336760K->270200K(752128K), 0.0019598 secs] [Times: user=0.01 sys=0.00, real=0.00 secs] 
1284.977: [GC (Allocation Failure) [PSYoungGen: 67936K->1533K(68608K)] 336760K->270357K(752128K), 0.0014588 secs] [Times: user=0.00 sys=0.00, real=0.00 secs] 
1285.368: [GC (Allocation Failure) [PSYoungGen: 68093K->1613K(68608K)] 336917K->270437K(752128K), 0.0015206 secs] [Times: user=0.00 sys=0.01, real=0.00 secs] 
1285.757: [GC (Allocation Failure) [PSYoungGen: 68173K->1613K(68608K)] 336997K->270437K(752128K), 0.0014967 secs] [Times: user=0.01 sys=0.00, real=0.00 secs] 
1286.182: [GC (Allocation Failure) [PSYoungGen: 68173K->2016K(68608K)] 336997K->270880K(752128K), 0.0017590 secs] [Times: user=0.01 sys=0.00, real=0.00 secs] 
1286.992: [GC (Allocation Failure) [PSYoungGen: 68576K->1344K(68608K)] 337440K->270208K(752128K), 0.0017833 secs] [Times: user=0.01 sys=0.00, real=0.00 secs] 
1287.584: [GC (Allocation Failure) [PSYoungGen: 67904K->1344K(68608K)] 336768K->270208K(752128K), 0.0019218 secs] [Times: user=0.01 sys=0.00, real=0.00 secs] 
1288.015: [GC (Allocation Failure) [PSYoungGen: 67904K->1376K(68608K)] 336768K->270240K(752128K), 0.0017975 secs] [Times: user=0.01 sys=0.00, real=0.00 secs] 
1288.525: [GC (Allocation Failure) [PSYoungGen: 67936K->1344K(68608K)] 336800K->270208K(752128K), 0.0022157 secs] [Times: user=0.00 sys=0.00, real=0.00 secs] 
1289.038: [GC (Allocation Failure) [PSYoungGen: 67904K->1581K(68608K)] 336768K->270445K(752128K), 0.0016118 secs] [Times: user=0.01 sys=0.00, real=0.00 secs] 
1289.428: [GC (Allocation Failure) [PSYoungGen: 68141K->1597K(68608K)] 337005K->270461K(752128K), 0.0015919 secs] [Times: user=0.01 sys=0.00, real=0.00 secs] 
1289.818: [GC (Allocation Failure) [PSYoungGen: 68157K->1597K(68608K)] 337021K->270461K(752128K), 0.0016355 secs] [Times: user=0.01 sys=0.00, real=0.00 secs] 
1290.212: [GC (Allocation Failure) [PSYoungGen: 68157K->1456K(68608K)] 337021K->270328K(752128K), 0.0018063 secs] [Times: user=0.01 sys=0.00, real=0.00 secs] 
1290.570: [GC (Allocation Failure) [PSYoungGen: 68016K->1408K(68608K)] 336888K->270280K(752128K), 0.0018237 secs] [Times: user=0.00 sys=0.00, real=0.01 secs] 
1290.851: [GC (Allocation Failure) [PSYoungGen: 67968K->1408K(68608K)] 336840K->270288K(752128K), 0.0017158 secs] [Times: user=0.00 sys=0.00, real=0.00 secs] 
1291.212: [GC (Allocation Failure) [PSYoungGen: 67968K->1376K(68608K)] 336848K->270256K(752128K), 0.0018310 secs] [Times: user=0.00 sys=0.00, real=0.00 secs] 
1291.530: [GC (Allocation Failure) [PSYoungGen: 67936K->1485K(68608K)] 336816K->270365K(752128K), 0.0016766 secs] [Times: user=0.01 sys=0.00, real=0.01 secs] 
1292.011: [GC (Allocation Failure) [PSYoungGen: 68045K->1600K(68608K)] 336925K->270480K(752128K), 0.0016141 secs] [Times: user=0.01 sys=0.00, real=0.00 secs] 
1292.400: [GC (Allocation Failure) [PSYoungGen: 68160K->1597K(68608K)] 337040K->270477K(752128K), 0.0015596 secs] [Times: user=0.01 sys=0.00, real=0.01 secs] 
1292.850: [GC (Allocation Failure) [PSYoungGen: 68153K->1549K(68608K)] 337034K->270445K(752128K), 0.0016398 secs] [Times: user=0.01 sys=0.00, real=0.01 secs] 
1293.398: [GC (Allocation Failure) [PSYoungGen: 68109K->1504K(68608K)] 337005K->270400K(752128K), 0.0021189 secs] [Times: user=0.01 sys=0.00, real=0.00 secs] 
1293.992: [GC (Allocation Failure) [PSYoungGen: 68064K->1376K(68608K)] 336960K->270272K(752128K), 0.0030809 secs] [Times: user=0.01 sys=0.00, real=0.00 secs] 
1294.298: [GC (Allocation Failure) [PSYoungGen: 67936K->1376K(68608K)] 336832K->270272K(752128K), 0.0019440 secs] [Times: user=0.01 sys=0.00, real=0.00 secs] 
1294.700: [GC (Allocation Failure) [PSYoungGen: 67936K->1376K(68608K)] 336832K->270272K(752128K), 0.0017308 secs] [Times: user=0.01 sys=0.00, real=0.01 secs] 
1295.132: [GC (Allocation Failure) [PSYoungGen: 67936K->1469K(68608K)] 336832K->270365K(752128K), 0.0016115 secs] [Times: user=0.01 sys=0.00, real=0.00 secs] 
1295.523: [GC (Allocation Failure) [PSYoungGen: 68029K->1597K(68608K)] 336925K->270493K(752128K), 0.0017401 secs] [Times: user=0.01 sys=0.00, real=0.00 secs] 
1295.914: [GC (Allocation Failure) [PSYoungGen: 68157K->1549K(68608K)] 337053K->270445K(752128K), 0.0017333 secs] [Times: user=0.00 sys=0.00, real=0.00 secs] 
1296.304: [GC (Allocation Failure) [PSYoungGen: 68109K->1581K(68608K)] 337005K->270485K(752128K), 0.0015193 secs] [Times: user=0.01 sys=0.00, real=0.00 secs] 
1296.894: [GC (Allocation Failure) [PSYoungGen: 68141K->1456K(68608K)] 337045K->270360K(752128K), 0.0015792 secs] [Times: user=0.01 sys=0.00, real=0.00 secs] 
1297.336: [GC (Allocation Failure) [PSYoungGen: 68016K->1376K(68608K)] 336920K->270296K(752128K), 0.0018817 secs] [Times: user=0.01 sys=0.00, real=0.00 secs] 
1297.889: [GC (Allocation Failure) [PSYoungGen: 67936K->1344K(68608K)] 336856K->270264K(752128K), 0.0020907 secs] [Times: user=0.01 sys=0.00, real=0.01 secs] 
1298.445: [GC (Allocation Failure) [PSYoungGen: 67904K->1344K(68608K)] 336824K->270264K(752128K), 0.0019701 secs] [Times: user=0.01 sys=0.01, real=0.00 secs] 
1299.018: [GC (Allocation Failure) [PSYoungGen: 67904K->1533K(68608K)] 336824K->270453K(752128K), 0.0015373 secs] [Times: user=0.01 sys=0.00, real=0.00 secs] 
1299.412: [GC (Allocation Failure) [PSYoungGen: 68093K->1584K(68608K)] 337013K->270504K(752128K), 0.0016446 secs] [Times: user=0.01 sys=0.00, real=0.00 secs] 
1299.803: [GC (Allocation Failure) [PSYoungGen: 68144K->1613K(68608K)] 337064K->270533K(752128K), 0.0015183 secs] [Times: user=0.01 sys=0.00, real=0.00 secs] 
1300.194: [GC (Allocation Failure) [PSYoungGen: 68173K->1613K(68608K)] 337093K->270549K(752128K), 0.0015202 secs] [Times: user=0.01 sys=0.00, real=0.00 secs] 
1300.647: [GC (Allocation Failure) [PSYoungGen: 68173K->1392K(68608K)] 337109K->270328K(752128K), 0.0017597 secs] [Times: user=0.00 sys=0.00, real=0.00 secs] 
1301.465: [GC (Allocation Failure) [PSYoungGen: 67952K->1344K(68608K)] 336888K->270280K(752128K), 0.0025600 secs] [Times: user=0.01 sys=0.00, real=0.00 secs] 
1302.360: [GC (Allocation Failure) [PSYoungGen: 67904K->1376K(68608K)] 336840K->270312K(752128K), 0.0029354 secs] [Times: user=0.01 sys=0.00, real=0.01 secs] 
1303.332: [GC (Allocation Failure) [PSYoungGen: 67936K->1344K(68608K)] 336872K->270280K(752128K), 0.0022773 secs] [Times: user=0.01 sys=0.00, real=0.00 secs] 
1303.932: [GC (Allocation Failure) [PSYoungGen: 67904K->1533K(68608K)] 336840K->270469K(752128K), 0.0016662 secs] [Times: user=0.01 sys=0.00, real=0.00 secs] 
1304.327: [GC (Allocation Failure) [PSYoungGen: 68093K->1581K(68608K)] 337029K->270517K(752128K), 0.0015716 secs] [Times: user=0.01 sys=0.00, real=0.00 secs] 
1304.777: [GC (Allocation Failure) [PSYoungGen: 68141K->1613K(68608K)] 337077K->270549K(752128K), 0.0016175 secs] [Times: user=0.01 sys=0.00, real=0.00 secs] 
1305.168: [GC (Allocation Failure) [PSYoungGen: 68173K->1597K(68608K)] 337109K->270549K(752128K), 0.0015119 secs] [Times: user=0.01 sys=0.00, real=0.00 secs] 
1306.990: [GC (Allocation Failure) [PSYoungGen: 68157K->1376K(68608K)] 337109K->270328K(752128K), 0.0026500 secs] [Times: user=0.01 sys=0.00, real=0.01 secs] 
1307.642: [GC (Allocation Failure) [PSYoungGen: 67936K->1408K(68608K)] 336888K->270360K(752128K), 0.0031765 secs] [Times: user=0.01 sys=0.00, real=0.00 secs] 
1308.226: [GC (Allocation Failure) [PSYoungGen: 67968K->1344K(68608K)] 336920K->270296K(752128K), 0.0022777 secs] [Times: user=0.01 sys=0.00, real=0.00 secs] 
1308.620: [GC (Allocation Failure) [PSYoungGen: 67904K->1344K(68608K)] 336856K->270296K(752128K), 0.0018599 secs] [Times: user=0.00 sys=0.00, real=0.01 secs] 
1309.001: [GC (Allocation Failure) [PSYoungGen: 67904K->1565K(68608K)] 336856K->270517K(752128K), 0.0014531 secs] [Times: user=0.01 sys=0.00, real=0.01 secs] 
1309.391: [GC (Allocation Failure) [PSYoungGen: 68125K->1613K(68608K)] 337077K->270565K(752128K), 0.0016568 secs] [Times: user=0.01 sys=0.00, real=0.01 secs] 
1309.781: [GC (Allocation Failure) [PSYoungGen: 68173K->1597K(68608K)] 337125K->270549K(752128K), 0.0016289 secs] [Times: user=0.00 sys=0.00, real=0.00 secs] 
1310.173: [GC (Allocation Failure) [PSYoungGen: 68157K->1645K(68608K)] 337109K->270613K(752128K), 0.0016397 secs] [Times: user=0.00 sys=0.00, real=0.00 secs] 
1311.341: [GC (Allocation Failure) [PSYoungGen: 68205K->1440K(68608K)] 337173K->270416K(752128K), 0.0032852 secs] [Times: user=0.01 sys=0.00, real=0.01 secs] 
1312.425: [GC (Allocation Failure) [PSYoungGen: 68000K->1408K(68608K)] 336976K->270384K(752128K), 0.0033461 secs] [Times: user=0.01 sys=0.00, real=0.00 secs] 
1313.347: [GC (Allocation Failure) [PSYoungGen: 67968K->1408K(68608K)] 336944K->270384K(752128K), 0.0036842 secs] [Times: user=0.02 sys=0.00, real=0.00 secs] 
1314.134: [GC (Allocation Failure) [PSYoungGen: 67968K->1440K(68608K)] 336944K->270416K(752128K), 0.0029492 secs] [Times: user=0.01 sys=0.00, real=0.00 secs] 
1314.678: [GC (Allocation Failure) [PSYoungGen: 68000K->1565K(68608K)] 336976K->270541K(752128K), 0.0014785 secs] [Times: user=0.01 sys=0.00, real=0.00 secs] 
1315.070: [GC (Allocation Failure) [PSYoungGen: 68125K->1565K(68608K)] 337101K->270541K(752128K), 0.0015848 secs] [Times: user=0.00 sys=0.00, real=0.01 secs] 
1315.460: [GC (Allocation Failure) [PSYoungGen: 68125K->1613K(68608K)] 337101K->270589K(752128K), 0.0015427 secs] [Times: user=0.01 sys=0.00, real=0.01 secs] 
1315.864: [GC (Allocation Failure) [PSYoungGen: 67805K->1744K(68608K)] 336781K->270720K(752128K), 0.0016374 secs] [Times: user=0.00 sys=0.00, real=0.00 secs] 
1316.623: [GC (Allocation Failure) [PSYoungGen: 68304K->1376K(68608K)] 337280K->270352K(752128K), 0.0016958 secs] [Times: user=0.01 sys=0.00, real=0.00 secs] 
1317.607: [GC (Allocation Failure) [PSYoungGen: 67936K->1408K(68608K)] 336912K->270384K(752128K), 0.0027045 secs] [Times: user=0.01 sys=0.00, real=0.00 secs] 
1318.561: [GC (Allocation Failure) [PSYoungGen: 67968K->1408K(68608K)] 336944K->270384K(752128K), 0.0034284 secs] [Times: user=0.01 sys=0.00, real=0.00 secs] 
1319.139: [GC (Allocation Failure) [PSYoungGen: 67968K->1408K(68608K)] 336944K->270384K(752128K), 0.0024352 secs] [Times: user=0.01 sys=0.00, real=0.01 secs] 
1319.624: [GC (Allocation Failure) [PSYoungGen: 67968K->1597K(68608K)] 336944K->270573K(752128K), 0.0015551 secs] [Times: user=0.00 sys=0.00, real=0.00 secs] 
1320.075: [GC (Allocation Failure) [PSYoungGen: 68157K->1597K(68608K)] 337133K->270573K(752128K), 0.0016611 secs] [Times: user=0.00 sys=0.00, real=0.00 secs] 
1320.467: [GC (Allocation Failure) [PSYoungGen: 68157K->1600K(68608K)] 337133K->270576K(752128K), 0.0016762 secs] [Times: user=0.01 sys=0.00, real=0.00 secs] 
1321.032: [GC (Allocation Failure) [PSYoungGen: 68160K->1504K(68608K)] 337136K->270488K(752128K), 0.0025206 secs] [Times: user=0.01 sys=0.00, real=0.00 secs] 
1321.948: [GC (Allocation Failure) [PSYoungGen: 68064K->1440K(68608K)] 337048K->270424K(752128K), 0.0035335 secs] [Times: user=0.02 sys=0.00, real=0.01 secs] 
1322.607: [GC (Allocation Failure) [PSYoungGen: 68000K->1408K(68608K)] 336984K->270392K(752128K), 0.0025603 secs] [Times: user=0.01 sys=0.00, real=0.00 secs] 
1323.148: [GC (Allocation Failure) [PSYoungGen: 67968K->1392K(68608K)] 336952K->270376K(752128K), 0.0023193 secs] [Times: user=0.01 sys=0.00, real=0.00 secs] 
1323.660: [GC (Allocation Failure) [PSYoungGen: 67952K->1376K(68608K)] 336936K->270376K(752128K), 0.0020955 secs] [Times: user=0.01 sys=0.00, real=0.01 secs] 
1324.096: [GC (Allocation Failure) [PSYoungGen: 67936K->1568K(68608K)] 336936K->270568K(752128K), 0.0015315 secs] [Times: user=0.01 sys=0.00, real=0.00 secs] 
1324.489: [GC (Allocation Failure) [PSYoungGen: 68128K->1613K(68608K)] 337128K->270613K(752128K), 0.0016147 secs] [Times: user=0.01 sys=0.00, real=0.00 secs] 
1324.886: [GC (Allocation Failure) [PSYoungGen: 68159K->1581K(68608K)] 337160K->270597K(752128K), 0.0014693 secs] [Times: user=0.01 sys=0.00, real=0.00 secs] 
1325.456: [GC (Allocation Failure) [PSYoungGen: 68141K->1472K(68608K)] 337157K->270488K(752128K), 0.0020399 secs] [Times: user=0.01 sys=0.00, real=0.00 secs] 
1326.048: [GC (Allocation Failure) [PSYoungGen: 68032K->1424K(68608K)] 337048K->270440K(752128K), 0.0029443 secs] [Times: user=0.02 sys=0.00, real=0.00 secs] 
1326.705: [GC (Allocation Failure) [PSYoungGen: 67984K->1408K(68608K)] 337000K->270424K(752128K), 0.0028800 secs] [Times: user=0.01 sys=0.00, real=0.00 secs] 
1327.205: [GC (Allocation Failure) [PSYoungGen: 67968K->1408K(68608K)] 336984K->270424K(752128K), 0.0025362 secs] [Times: user=0.02 sys=0.00, real=0.00 secs] 
1327.746: [GC (Allocation Failure) [PSYoungGen: 67968K->1504K(68608K)] 336984K->270520K(752128K), 0.0019637 secs] [Times: user=0.01 sys=0.00, real=0.00 secs] 
1328.161: [GC (Allocation Failure) [PSYoungGen: 68064K->1616K(68608K)] 337080K->270632K(752128K), 0.0015301 secs] [Times: user=0.01 sys=0.00, real=0.01 secs] 
1328.553: [GC (Allocation Failure) [PSYoungGen: 68176K->1584K(68608K)] 337192K->270600K(752128K), 0.0016258 secs] [Times: user=0.01 sys=0.00, real=0.00 secs] 
1328.941: [GC (Allocation Failure) [PSYoungGen: 68144K->1613K(68608K)] 337160K->270653K(752128K), 0.0016103 secs] [Times: user=0.01 sys=0.00, real=0.00 secs] 
1329.413: [GC (Allocation Failure) [PSYoungGen: 68173K->1472K(68608K)] 337213K->270512K(752128K), 0.0015633 secs] [Times: user=0.01 sys=0.00, real=0.00 secs] 
1329.967: [GC (Allocation Failure) [PSYoungGen: 68032K->1376K(68608K)] 337072K->270416K(752128K), 0.0034111 secs] [Times: user=0.01 sys=0.00, real=0.00 secs] 
1330.250: [GC (Allocation Failure) [PSYoungGen: 67936K->1408K(68608K)] 336976K->270448K(752128K), 0.0020011 secs] [Times: user=0.01 sys=0.00, real=0.01 secs] 
1330.536: [GC (Allocation Failure) [PSYoungGen: 67968K->1376K(68608K)] 337008K->270416K(752128K), 0.0019521 secs] [Times: user=0.01 sys=0.00, real=0.00 secs] 
1330.916: [GC (Allocation Failure) [PSYoungGen: 67936K->1504K(68608K)] 336976K->270544K(752128K), 0.0020740 secs] [Times: user=0.01 sys=0.00, real=0.00 secs] 
1331.359: [GC (Allocation Failure) [PSYoungGen: 68064K->1581K(68608K)] 337104K->270621K(752128K), 0.0014812 secs] [Times: user=0.00 sys=0.00, real=0.00 secs] 
1331.748: [GC (Allocation Failure) [PSYoungGen: 68137K->1565K(68608K)] 337178K->270605K(752128K), 0.0015081 secs] [Times: user=0.01 sys=0.00, real=0.00 secs] 
1332.136: [GC (Allocation Failure) [PSYoungGen: 68125K->1597K(68608K)] 337165K->270661K(752128K), 0.0016911 secs] [Times: user=0.00 sys=0.00, real=0.00 secs] 
1332.690: [GC (Allocation Failure) [PSYoungGen: 68157K->1472K(68608K)] 337221K->270536K(752128K), 0.0033369 secs] [Times: user=0.01 sys=0.00, real=0.01 secs] 
1333.143: [GC (Allocation Failure) [PSYoungGen: 68032K->1376K(68608K)] 337096K->270440K(752128K), 0.0020985 secs] [Times: user=0.01 sys=0.00, real=0.00 secs] 
1333.414: [GC (Allocation Failure) [PSYoungGen: 67936K->1392K(68608K)] 337000K->270456K(752128K), 0.0017058 secs] [Times: user=0.00 sys=0.00, real=0.00 secs] 
1333.690: [GC (Allocation Failure) [PSYoungGen: 67952K->1376K(68608K)] 337016K->270448K(752128K), 0.0016835 secs] [Times: user=0.01 sys=0.00, real=0.01 secs] 
1334.039: [GC (Allocation Failure) [PSYoungGen: 67936K->1501K(68608K)] 337008K->270573K(752128K), 0.0014452 secs] [Times: user=0.01 sys=0.00, real=0.00 secs] 
1334.428: [GC (Allocation Failure) [PSYoungGen: 68061K->1600K(68608K)] 337133K->270672K(752128K), 0.0015672 secs] [Times: user=0.01 sys=0.00, real=0.00 secs] 
1334.816: [GC (Allocation Failure) [PSYoungGen: 68160K->1597K(68608K)] 337232K->270669K(752128K), 0.0015643 secs] [Times: user=0.01 sys=0.00, real=0.00 secs] 
1335.216: [GC (Allocation Failure) [PSYoungGen: 68153K->1613K(68608K)] 337226K->270709K(752128K), 0.0015948 secs] [Times: user=0.01 sys=0.00, real=0.00 secs] 
1335.943: [GC (Allocation Failure) [PSYoungGen: 68173K->1424K(68608K)] 337269K->270528K(752128K), 0.0046118 secs] [Times: user=0.02 sys=0.00, real=0.00 secs] 
1336.580: [GC (Allocation Failure) [PSYoungGen: 67984K->1376K(68608K)] 337088K->270480K(752128K), 0.0025267 secs] [Times: user=0.01 sys=0.00, real=0.01 secs] 
1337.142: [GC (Allocation Failure) [PSYoungGen: 67936K->1408K(68608K)] 337040K->270512K(752128K), 0.0020282 secs] [Times: user=0.00 sys=0.00, real=0.00 secs] 
1337.629: [GC (Allocation Failure) [PSYoungGen: 67968K->1376K(68608K)] 337072K->270488K(752128K), 0.0019318 secs] [Times: user=0.01 sys=0.00, real=0.00 secs] 
1338.201: [GC (Allocation Failure) [PSYoungGen: 67936K->1520K(68608K)] 337048K->270632K(752128K), 0.0016590 secs] [Times: user=0.01 sys=0.00, real=0.01 secs] 
1338.591: [GC (Allocation Failure) [PSYoungGen: 68080K->1581K(68608K)] 337192K->270693K(752128K), 0.0015486 secs] [Times: user=0.01 sys=0.00, real=0.01 secs] 
1338.980: [GC (Allocation Failure) [PSYoungGen: 68141K->1581K(68608K)] 337253K->270693K(752128K), 0.0015383 secs] [Times: user=0.01 sys=0.00, real=0.01 secs] 
1339.374: [GC (Allocation Failure) [PSYoungGen: 68141K->1613K(68608K)] 337253K->270741K(752128K), 0.0015917 secs] [Times: user=0.00 sys=0.00, real=0.00 secs] 
1340.109: [GC (Allocation Failure) [PSYoungGen: 68173K->1440K(68608K)] 337301K->270568K(752128K), 0.0027252 secs] [Times: user=0.01 sys=0.00, real=0.01 secs] 
1340.703: [GC (Allocation Failure) [PSYoungGen: 68000K->1376K(68608K)] 337128K->270504K(752128K), 0.0022951 secs] [Times: user=0.01 sys=0.00, real=0.00 secs] 
1341.569: [GC (Allocation Failure) [PSYoungGen: 67936K->1360K(68608K)] 337064K->270488K(752128K), 0.0026905 secs] [Times: user=0.01 sys=0.00, real=0.01 secs] 
1342.129: [GC (Allocation Failure) [PSYoungGen: 67920K->1440K(68608K)] 337048K->270568K(752128K), 0.0030157 secs] [Times: user=0.02 sys=0.00, real=0.01 secs] 
1342.758: [GC (Allocation Failure) [PSYoungGen: 68000K->1549K(68608K)] 337128K->270677K(752128K), 0.0016914 secs] [Times: user=0.01 sys=0.00, real=0.00 secs] 
1343.152: [GC (Allocation Failure) [PSYoungGen: 68104K->1597K(68608K)] 337232K->270725K(752128K), 0.0016990 secs] [Times: user=0.00 sys=0.00, real=0.00 secs] 
1343.545: [GC (Allocation Failure) [PSYoungGen: 68157K->1549K(68608K)] 337285K->270677K(752128K), 0.0015565 secs] [Times: user=0.00 sys=0.00, real=0.00 secs] 
1343.933: [GC (Allocation Failure) [PSYoungGen: 68109K->256K(68608K)] 337237K->269392K(752128K), 0.0015269 secs] [Times: user=0.01 sys=0.00, real=0.00 secs] 
1345.067: [GC (Allocation Failure) [PSYoungGen: 66816K->1408K(68608K)] 335952K->270544K(752128K), 0.0030436 secs] [Times: user=0.01 sys=0.00, real=0.00 secs] 
1346.031: [GC (Allocation Failure) [PSYoungGen: 67968K->1440K(68608K)] 337104K->270576K(752128K), 0.0032833 secs] [Times: user=0.01 sys=0.00, real=0.01 secs] 
1346.351: [GC (Allocation Failure) [PSYoungGen: 68000K->1376K(68608K)] 337136K->270512K(752128K), 0.0018613 secs] [Times: user=0.01 sys=0.00, real=0.01 secs] 
1346.627: [GC (Allocation Failure) [PSYoungGen: 67936K->1376K(68608K)] 337072K->270512K(752128K), 0.0017297 secs] [Times: user=0.01 sys=0.00, real=0.00 secs] 
1347.083: [GC (Allocation Failure) [PSYoungGen: 67936K->1533K(68608K)] 337072K->270669K(752128K), 0.0014767 secs] [Times: user=0.01 sys=0.00, real=0.00 secs] 
1347.473: [GC (Allocation Failure) [PSYoungGen: 68093K->1581K(68608K)] 337229K->270717K(752128K), 0.0016201 secs] [Times: user=0.01 sys=0.00, real=0.00 secs] 
1347.864: [GC (Allocation Failure) [PSYoungGen: 68141K->1600K(68608K)] 337277K->270736K(752128K), 0.0015767 secs] [Times: user=0.01 sys=0.00, real=0.00 secs] 
1348.376: [GC (Allocation Failure) [PSYoungGen: 68160K->2032K(68608K)] 337296K->271168K(752128K), 0.0019354 secs] [Times: user=0.01 sys=0.00, real=0.00 secs] 
1348.962: [GC (Allocation Failure) [PSYoungGen: 68592K->1392K(68608K)] 337728K->270528K(752128K), 0.0020576 secs] [Times: user=0.00 sys=0.00, real=0.00 secs] 
1349.439: [GC (Allocation Failure) [PSYoungGen: 67952K->1376K(68608K)] 337088K->270528K(752128K), 0.0021734 secs] [Times: user=0.01 sys=0.00, real=0.00 secs] 
1349.709: [GC (Allocation Failure) [PSYoungGen: 67936K->1376K(68608K)] 337088K->270528K(752128K), 0.0018354 secs] [Times: user=0.01 sys=0.00, real=0.00 secs] 
1349.985: [GC (Allocation Failure) [PSYoungGen: 67936K->1360K(68608K)] 337088K->270512K(752128K), 0.0017468 secs] [Times: user=0.01 sys=0.00, real=0.00 secs] 
1350.422: [GC (Allocation Failure) [PSYoungGen: 67920K->1597K(68608K)] 337072K->270749K(752128K), 0.0015850 secs] [Times: user=0.01 sys=0.00, real=0.00 secs] 
1350.814: [GC (Allocation Failure) [PSYoungGen: 68157K->1613K(68608K)] 337309K->270765K(752128K), 0.0015174 secs] [Times: user=0.01 sys=0.00, real=0.00 secs] 
1351.204: [GC (Allocation Failure) [PSYoungGen: 68173K->1613K(68608K)] 337325K->270765K(752128K), 0.0015508 secs] [Times: user=0.01 sys=0.00, real=0.00 secs] 
1351.669: [GC (Allocation Failure) [PSYoungGen: 68173K->1472K(68608K)] 337325K->270624K(752128K), 0.0019677 secs] [Times: user=0.00 sys=0.00, real=0.00 secs] 
1352.296: [GC (Allocation Failure) [PSYoungGen: 68032K->1408K(68608K)] 337184K->270560K(752128K), 0.0020750 secs] [Times: user=0.01 sys=0.00, real=0.00 secs] 
1352.874: [GC (Allocation Failure) [PSYoungGen: 67968K->1376K(68608K)] 337120K->270528K(752128K), 0.0019546 secs] [Times: user=0.00 sys=0.00, real=0.00 secs] 
1353.495: [GC (Allocation Failure) [PSYoungGen: 67936K->1408K(68608K)] 337088K->270560K(752128K), 0.0030362 secs] [Times: user=0.02 sys=0.00, real=0.00 secs] 
1354.075: [GC (Allocation Failure) [PSYoungGen: 67968K->1456K(68608K)] 337120K->270608K(752128K), 0.0026421 secs] [Times: user=0.01 sys=0.00, real=0.00 secs] 
1354.589: [GC (Allocation Failure) [PSYoungGen: 68016K->1597K(68608K)] 337168K->270749K(752128K), 0.0014755 secs] [Times: user=0.01 sys=0.00, real=0.00 secs] 
1354.979: [GC (Allocation Failure) [PSYoungGen: 68157K->1581K(68608K)] 337309K->270733K(752128K), 0.0015303 secs] [Times: user=0.00 sys=0.00, real=0.00 secs] 
1355.371: [GC (Allocation Failure) [PSYoungGen: 68141K->1613K(68608K)] 337293K->270781K(752128K), 0.0015772 secs] [Times: user=0.01 sys=0.00, real=0.00 secs] 
1356.030: [GC (Allocation Failure) [PSYoungGen: 68173K->1472K(68608K)] 337341K->270640K(752128K), 0.0030415 secs] [Times: user=0.01 sys=0.00, real=0.01 secs] 
1356.978: [GC (Allocation Failure) [PSYoungGen: 68032K->1360K(68608K)] 337200K->270528K(752128K), 0.0032062 secs] [Times: user=0.02 sys=0.00, real=0.00 secs] 
1357.683: [GC (Allocation Failure) [PSYoungGen: 67920K->1376K(68608K)] 337088K->270544K(752128K), 0.0030264 secs] [Times: user=0.01 sys=0.00, real=0.00 secs] 
1358.219: [GC (Allocation Failure) [PSYoungGen: 67936K->1408K(68608K)] 337104K->270576K(752128K), 0.0025177 secs] [Times: user=0.01 sys=0.00, real=0.01 secs] 
1358.804: [GC (Allocation Failure) [PSYoungGen: 67968K->1517K(68608K)] 337136K->270685K(752128K), 0.0016325 secs] [Times: user=0.00 sys=0.00, real=0.00 secs] 
1359.202: [GC (Allocation Failure) [PSYoungGen: 68077K->1565K(68608K)] 337245K->270733K(752128K), 0.0015239 secs] [Times: user=0.01 sys=0.00, real=0.00 secs] 
1359.594: [GC (Allocation Failure) [PSYoungGen: 68125K->1597K(68608K)] 337293K->270789K(752128K), 0.0016259 secs] [Times: user=0.01 sys=0.00, real=0.00 secs] 
1359.984: [GC (Allocation Failure) [PSYoungGen: 68157K->1549K(68608K)] 337349K->270757K(752128K), 0.0015261 secs] [Times: user=0.01 sys=0.00, real=0.00 secs] 
1360.384: [GC (Allocation Failure) [PSYoungGen: 68109K->1472K(68608K)] 337317K->270680K(752128K), 0.0019359 secs] [Times: user=0.01 sys=0.00, real=0.00 secs] 
1360.674: [GC (Allocation Failure) [PSYoungGen: 68032K->1408K(68608K)] 337240K->270616K(752128K), 0.0015774 secs] [Times: user=0.00 sys=0.01, real=0.00 secs] 
1360.950: [GC (Allocation Failure) [PSYoungGen: 67968K->1376K(68608K)] 337176K->270584K(752128K), 0.0016311 secs] [Times: user=0.00 sys=0.00, real=0.01 secs] 
1361.227: [GC (Allocation Failure) [PSYoungGen: 67936K->1408K(68608K)] 337144K->270616K(752128K), 0.0020480 secs] [Times: user=0.01 sys=0.00, real=0.00 secs] 
1361.610: [GC (Allocation Failure) [PSYoungGen: 67968K->1485K(68608K)] 337176K->270693K(752128K), 0.0015234 secs] [Times: user=0.01 sys=0.00, real=0.00 secs] 
1362.001: [GC (Allocation Failure) [PSYoungGen: 68045K->1581K(68608K)] 337253K->270789K(752128K), 0.0016673 secs] [Times: user=0.00 sys=0.00, real=0.00 secs] 
1362.393: [GC (Allocation Failure) [PSYoungGen: 68141K->1581K(68608K)] 337349K->270789K(752128K), 0.0015357 secs] [Times: user=0.00 sys=0.00, real=0.00 secs] 
1362.784: [GC (Allocation Failure) [PSYoungGen: 68141K->1533K(68608K)] 337349K->270757K(752128K), 0.0016283 secs] [Times: user=0.01 sys=0.00, real=0.00 secs] 
1363.920: [GC (Allocation Failure) [PSYoungGen: 68093K->1456K(68608K)] 337317K->270680K(752128K), 0.0031381 secs] [Times: user=0.01 sys=0.00, real=0.01 secs] 
1364.678: [GC (Allocation Failure) [PSYoungGen: 68016K->1344K(68608K)] 337240K->270568K(752128K), 0.0025612 secs] [Times: user=0.01 sys=0.01, real=0.00 secs] 
1365.300: [GC (Allocation Failure) [PSYoungGen: 67904K->1376K(68608K)] 337128K->270600K(752128K), 0.0021424 secs] [Times: user=0.01 sys=0.00, real=0.01 secs] 
1365.592: [GC (Allocation Failure) [PSYoungGen: 67936K->1344K(68608K)] 337160K->270568K(752128K), 0.0018989 secs] [Times: user=0.01 sys=0.00, real=0.00 secs] 
1366.028: [GC (Allocation Failure) [PSYoungGen: 67904K->1485K(68608K)] 337128K->270709K(752128K), 0.0014283 secs] [Times: user=0.01 sys=0.00, real=0.00 secs] 
1366.420: [GC (Allocation Failure) [PSYoungGen: 68045K->1536K(68608K)] 337269K->270760K(752128K), 0.0014770 secs] [Times: user=0.01 sys=0.00, real=0.01 secs] 
1366.872: [GC (Allocation Failure) [PSYoungGen: 68096K->1533K(68608K)] 337320K->270757K(752128K), 0.0014780 secs] [Times: user=0.00 sys=0.00, real=0.00 secs] 
1367.261: [GC (Allocation Failure) [PSYoungGen: 68093K->1584K(68608K)] 337317K->270824K(752128K), 0.0015522 secs] [Times: user=0.00 sys=0.00, real=0.00 secs] 
1367.846: [GC (Allocation Failure) [PSYoungGen: 68144K->1408K(68608K)] 337384K->270648K(752128K), 0.0026890 secs] [Times: user=0.01 sys=0.00, real=0.00 secs] 
1368.602: [GC (Allocation Failure) [PSYoungGen: 67968K->1408K(68608K)] 337208K->270664K(752128K), 0.0022431 secs] [Times: user=0.01 sys=0.00, real=0.00 secs] 
1369.252: [GC (Allocation Failure) [PSYoungGen: 67968K->1408K(68608K)] 337224K->270664K(752128K), 0.0021546 secs] [Times: user=0.01 sys=0.00, real=0.00 secs] 
1369.821: [GC (Allocation Failure) [PSYoungGen: 67968K->1408K(68608K)] 337224K->270664K(752128K), 0.0020232 secs] [Times: user=0.01 sys=0.00, real=0.01 secs] 
1370.296: [GC (Allocation Failure) [PSYoungGen: 67968K->1472K(68608K)] 337224K->270728K(752128K), 0.0014732 secs] [Times: user=0.00 sys=0.00, real=0.00 secs] 
1370.687: [GC (Allocation Failure) [PSYoungGen: 68032K->1581K(68608K)] 337288K->270837K(752128K), 0.0014726 secs] [Times: user=0.01 sys=0.00, real=0.00 secs] 
1371.079: [GC (Allocation Failure) [PSYoungGen: 68141K->1581K(68608K)] 337397K->270837K(752128K), 0.0015138 secs] [Times: user=0.00 sys=0.00, real=0.00 secs] 
1371.470: [GC (Allocation Failure) [PSYoungGen: 68141K->1613K(68608K)] 337397K->270877K(752128K), 0.0016329 secs] [Times: user=0.01 sys=0.00, real=0.01 secs] 
1372.016: [GC (Allocation Failure) [PSYoungGen: 68173K->1408K(68608K)] 337437K->270672K(752128K), 0.0019392 secs] [Times: user=0.01 sys=0.00, real=0.00 secs] 
1372.335: [GC (Allocation Failure) [PSYoungGen: 67968K->1440K(68608K)] 337232K->270704K(752128K), 0.0029668 secs] [Times: user=0.01 sys=0.00, real=0.00 secs] 
1372.632: [GC (Allocation Failure) [PSYoungGen: 68000K->1408K(68608K)] 337264K->270672K(752128K), 0.0025417 secs] [Times: user=0.01 sys=0.00, real=0.00 secs] 
1372.911: [GC (Allocation Failure) [PSYoungGen: 67968K->1328K(68608K)] 337232K->270592K(752128K), 0.0017441 secs] [Times: user=0.01 sys=0.00, real=0.01 secs] 
1373.439: [GC (Allocation Failure) [PSYoungGen: 67888K->1504K(68608K)] 337152K->270768K(752128K), 0.0015544 secs] [Times: user=0.01 sys=0.00, real=0.00 secs] 
1373.829: [GC (Allocation Failure) [PSYoungGen: 68064K->1584K(68608K)] 337328K->270848K(752128K), 0.0015356 secs] [Times: user=0.00 sys=0.00, real=0.00 secs] 
1374.219: [GC (Allocation Failure) [PSYoungGen: 68144K->1549K(68608K)] 337408K->270813K(752128K), 0.0016202 secs] [Times: user=0.01 sys=0.00, real=0.00 secs] 
1374.647: [GC (Allocation Failure) [PSYoungGen: 67621K->1760K(68608K)] 336886K->271024K(752128K), 0.0017318 secs] [Times: user=0.01 sys=0.00, real=0.00 secs] 
1375.305: [GC (Allocation Failure) [PSYoungGen: 68320K->1408K(68608K)] 337584K->270672K(752128K), 0.0031311 secs] [Times: user=0.01 sys=0.00, real=0.00 secs] 
1375.580: [GC (Allocation Failure) [PSYoungGen: 67968K->1408K(68608K)] 337232K->270672K(752128K), 0.0019344 secs] [Times: user=0.00 sys=0.00, real=0.01 secs] 
1375.857: [GC (Allocation Failure) [PSYoungGen: 67968K->1376K(68608K)] 337232K->270640K(752128K), 0.0018700 secs] [Times: user=0.01 sys=0.00, real=0.00 secs] 
1376.134: [GC (Allocation Failure) [PSYoungGen: 67936K->1408K(68608K)] 337200K->270672K(752128K), 0.0015975 secs] [Times: user=0.00 sys=0.00, real=0.00 secs] 
1376.541: [GC (Allocation Failure) [PSYoungGen: 67968K->1581K(68608K)] 337232K->270845K(752128K), 0.0014810 secs] [Times: user=0.01 sys=0.00, real=0.01 secs] 
1376.930: [GC (Allocation Failure) [PSYoungGen: 68141K->1616K(68608K)] 337405K->270912K(752128K), 0.0016076 secs] [Times: user=0.01 sys=0.00, real=0.00 secs] 
1377.324: [GC (Allocation Failure) [PSYoungGen: 68176K->1613K(68608K)] 337472K->270909K(752128K), 0.0015420 secs] [Times: user=0.01 sys=0.00, real=0.00 secs] 
1377.806: [GC (Allocation Failure) [PSYoungGen: 68173K->1520K(68608K)] 337469K->270816K(752128K), 0.0016562 secs] [Times: user=0.01 sys=0.00, real=0.00 secs] 
1378.534: [GC (Allocation Failure) [PSYoungGen: 68080K->1376K(68608K)] 337376K->270672K(752128K), 0.0024815 secs] [Times: user=0.01 sys=0.00, real=0.00 secs] 
1379.307: [GC (Allocation Failure) [PSYoungGen: 67936K->1392K(68608K)] 337232K->270688K(752128K), 0.0026712 secs] [Times: user=0.01 sys=0.00, real=0.00 secs] 
1379.671: [GC (Allocation Failure) [PSYoungGen: 67952K->1376K(68608K)] 337248K->270672K(752128K), 0.0018259 secs] [Times: user=0.01 sys=0.00, real=0.00 secs] 
1379.992: [GC (Allocation Failure) [PSYoungGen: 67926K->1424K(68608K)] 337222K->270720K(752128K), 0.0017489 secs] [Times: user=0.01 sys=0.00, real=0.00 secs] 
1380.389: [GC (Allocation Failure) [PSYoungGen: 67984K->1597K(68608K)] 337280K->270893K(752128K), 0.0015627 secs] [Times: user=0.00 sys=0.00, real=0.00 secs] 
1380.784: [GC (Allocation Failure) [PSYoungGen: 68157K->1581K(68608K)] 337453K->270877K(752128K), 0.0016070 secs] [Times: user=0.01 sys=0.00, real=0.00 secs] 
1381.174: [GC (Allocation Failure) [PSYoungGen: 68141K->1629K(68608K)] 337437K->270933K(752128K), 0.0015234 secs] [Times: user=0.01 sys=0.00, real=0.00 secs] 
1381.888: [GC (Allocation Failure) [PSYoungGen: 68189K->1456K(68608K)] 337493K->270760K(752128K), 0.0022158 secs] [Times: user=0.01 sys=0.00, real=0.00 secs] 
1382.505: [GC (Allocation Failure) [PSYoungGen: 68016K->1408K(68608K)] 337320K->270712K(752128K), 0.0028671 secs] [Times: user=0.01 sys=0.01, real=0.00 secs] 
1383.088: [GC (Allocation Failure) [PSYoungGen: 67968K->1376K(68608K)] 337272K->270680K(752128K), 0.0026731 secs] [Times: user=0.01 sys=0.00, real=0.00 secs] 
1383.617: [GC (Allocation Failure) [PSYoungGen: 67936K->1376K(68608K)] 337240K->270680K(752128K), 0.0026009 secs] [Times: user=0.01 sys=0.00, real=0.00 secs] 
1384.204: [GC (Allocation Failure) [PSYoungGen: 67936K->1501K(68608K)] 337240K->270805K(752128K), 0.0018600 secs] [Times: user=0.01 sys=0.00, real=0.00 secs] 
1384.603: [GC (Allocation Failure) [PSYoungGen: 68061K->1581K(68608K)] 337365K->270885K(752128K), 0.0016079 secs] [Times: user=0.01 sys=0.00, real=0.00 secs] 
1384.994: [GC (Allocation Failure) [PSYoungGen: 68141K->1549K(68608K)] 337445K->270853K(752128K), 0.0015462 secs] [Times: user=0.01 sys=0.00, real=0.00 secs] 
1385.389: [GC (Allocation Failure) [PSYoungGen: 68109K->1581K(68608K)] 337413K->270901K(752128K), 0.0014570 secs] [Times: user=0.00 sys=0.00, real=0.00 secs] 
1386.971: [GC (Allocation Failure) [PSYoungGen: 68141K->1456K(68608K)] 337461K->270776K(752128K), 0.0038434 secs] [Times: user=0.02 sys=0.00, real=0.00 secs] 
1387.897: [GC (Allocation Failure) [PSYoungGen: 68016K->1408K(68608K)] 337336K->270728K(752128K), 0.0032752 secs] [Times: user=0.01 sys=0.00, real=0.00 secs] 
1388.544: [GC (Allocation Failure) [PSYoungGen: 67968K->1392K(68608K)] 337288K->270712K(752128K), 0.0031159 secs] [Times: user=0.02 sys=0.00, real=0.00 secs] 
1388.878: [GC (Allocation Failure) [PSYoungGen: 67952K->1408K(68608K)] 337272K->270728K(752128K), 0.0017815 secs] [Times: user=0.01 sys=0.00, real=0.00 secs] 
1389.356: [GC (Allocation Failure) [PSYoungGen: 67968K->1504K(68608K)] 337288K->270824K(752128K), 0.0015556 secs] [Times: user=0.00 sys=0.00, real=0.00 secs] 
1389.745: [GC (Allocation Failure) [PSYoungGen: 68047K->1565K(68608K)] 337367K->270885K(752128K), 0.0016687 secs] [Times: user=0.00 sys=0.00, real=0.00 secs] 
1390.198: [GC (Allocation Failure) [PSYoungGen: 68125K->1581K(68608K)] 337445K->270917K(752128K), 0.0015762 secs] [Times: user=0.01 sys=0.00, real=0.00 secs] 
1390.590: [GC (Allocation Failure) [PSYoungGen: 68141K->1549K(68608K)] 337477K->270901K(752128K), 0.0015530 secs] [Times: user=0.01 sys=0.00, real=0.00 secs] 
1391.103: [GC (Allocation Failure) [PSYoungGen: 68109K->1424K(68608K)] 337461K->270776K(752128K), 0.0020517 secs] [Times: user=0.00 sys=0.00, real=0.00 secs] 
1391.670: [GC (Allocation Failure) [PSYoungGen: 67984K->1392K(68608K)] 337336K->270744K(752128K), 0.0020865 secs] [Times: user=0.01 sys=0.00, real=0.01 secs] 
1392.212: [GC (Allocation Failure) [PSYoungGen: 67952K->1376K(68608K)] 337304K->270728K(752128K), 0.0020532 secs] [Times: user=0.01 sys=0.00, real=0.00 secs] 
1392.685: [GC (Allocation Failure) [PSYoungGen: 67936K->1360K(68608K)] 337288K->270712K(752128K), 0.0025305 secs] [Times: user=0.01 sys=0.00, real=0.00 secs] 
1393.066: [GC (Allocation Failure) [PSYoungGen: 67920K->1565K(68608K)] 337272K->270917K(752128K), 0.0015119 secs] [Times: user=0.00 sys=0.00, real=0.00 secs] 
1393.457: [GC (Allocation Failure) [PSYoungGen: 68103K->1600K(68608K)] 337456K->270952K(752128K), 0.0015989 secs] [Times: user=0.01 sys=0.00, real=0.00 secs] 
1393.848: [GC (Allocation Failure) [PSYoungGen: 68146K->1600K(68608K)] 337498K->270952K(752128K), 0.0015805 secs] [Times: user=0.01 sys=0.00, real=0.00 secs] 
1394.237: [GC (Allocation Failure) [PSYoungGen: 68141K->1613K(68608K)] 337494K->270989K(752128K), 0.0016006 secs] [Times: user=0.00 sys=0.00, real=0.00 secs] 
1395.336: [GC (Allocation Failure) [PSYoungGen: 68173K->1424K(68608K)] 337549K->270800K(752128K), 0.0037090 secs] [Times: user=0.01 sys=0.01, real=0.00 secs] 
1395.907: [GC (Allocation Failure) [PSYoungGen: 67984K->1440K(68608K)] 337360K->270816K(752128K), 0.0030315 secs] [Times: user=0.02 sys=0.00, real=0.00 secs] 
1396.488: [GC (Allocation Failure) [PSYoungGen: 68000K->1376K(68608K)] 337376K->270752K(752128K), 0.0024530 secs] [Times: user=0.01 sys=0.00, real=0.00 secs] 
1397.172: [GC (Allocation Failure) [PSYoungGen: 67936K->1376K(68608K)] 337312K->270752K(752128K), 0.0025612 secs] [Times: user=0.01 sys=0.00, real=0.00 secs] 
1397.735: [GC (Allocation Failure) [PSYoungGen: 67936K->1517K(68608K)] 337312K->270893K(752128K), 0.0014306 secs] [Times: user=0.01 sys=0.00, real=0.00 secs] 
1398.125: [GC (Allocation Failure) [PSYoungGen: 68077K->1597K(68608K)] 337453K->270973K(752128K), 0.0016029 secs] [Times: user=0.01 sys=0.01, real=0.00 secs] 
1398.519: [GC (Allocation Failure) [PSYoungGen: 68157K->1597K(68608K)] 337533K->270973K(752128K), 0.0015169 secs] [Times: user=0.01 sys=0.00, real=0.00 secs] 
1398.909: [GC (Allocation Failure) [PSYoungGen: 68157K->1597K(68608K)] 337533K->270997K(752128K), 0.0016493 secs] [Times: user=0.01 sys=0.00, real=0.00 secs] 
1399.668: [GC (Allocation Failure) [PSYoungGen: 68157K->1440K(68608K)] 337557K->270840K(752128K), 0.0021061 secs] [Times: user=0.00 sys=0.00, real=0.00 secs] 
1400.240: [GC (Allocation Failure) [PSYoungGen: 68000K->1376K(68608K)] 337400K->270776K(752128K), 0.0028642 secs] [Times: user=0.01 sys=0.00, real=0.01 secs] 
1400.750: [GC (Allocation Failure) [PSYoungGen: 67936K->1408K(68608K)] 337336K->270808K(752128K), 0.0025875 secs] [Times: user=0.01 sys=0.00, real=0.01 secs] 
1401.043: [GC (Allocation Failure) [PSYoungGen: 67968K->1376K(68608K)] 337368K->270776K(752128K), 0.0018938 secs] [Times: user=0.01 sys=0.00, real=0.00 secs] 
1401.420: [GC (Allocation Failure) [PSYoungGen: 67936K->1501K(68608K)] 337336K->270901K(752128K), 0.0014213 secs] [Times: user=0.01 sys=0.00, real=0.01 secs] 
1401.810: [GC (Allocation Failure) [PSYoungGen: 68061K->1645K(68608K)] 337461K->271045K(752128K), 0.0015260 secs] [Times: user=0.01 sys=0.01, real=0.01 secs] 
1402.202: [GC (Allocation Failure) [PSYoungGen: 68205K->1597K(68608K)] 337605K->270997K(752128K), 0.0015966 secs] [Times: user=0.00 sys=0.00, real=0.00 secs] 
1402.641: [GC (Allocation Failure) [PSYoungGen: 67189K->320K(68608K)] 336589K->269728K(752128K), 0.0014970 secs] [Times: user=0.00 sys=0.00, real=0.01 secs] 
1403.218: [GC (Allocation Failure) [PSYoungGen: 66880K->1376K(68608K)] 336288K->270784K(752128K), 0.0021470 secs] [Times: user=0.01 sys=0.00, real=0.00 secs] 
1403.876: [GC (Allocation Failure) [PSYoungGen: 67936K->1408K(68608K)] 337344K->270816K(752128K), 0.0023558 secs] [Times: user=0.01 sys=0.00, real=0.00 secs] 
1404.518: [GC (Allocation Failure) [PSYoungGen: 67968K->1408K(68608K)] 337376K->270816K(752128K), 0.0028686 secs] [Times: user=0.01 sys=0.00, real=0.00 secs] 
1405.007: [GC (Allocation Failure) [PSYoungGen: 67968K->1376K(68608K)] 337376K->270784K(752128K), 0.0018996 secs] [Times: user=0.01 sys=0.00, real=0.00 secs] 
1405.515: [GC (Allocation Failure) [PSYoungGen: 67936K->1549K(68608K)] 337344K->270957K(752128K), 0.0014884 secs] [Times: user=0.01 sys=0.00, real=0.00 secs] 
1405.904: [GC (Allocation Failure) [PSYoungGen: 68109K->1584K(68608K)] 337517K->270992K(752128K), 0.0016081 secs] [Times: user=0.01 sys=0.00, real=0.00 secs] 
1406.293: [GC (Allocation Failure) [PSYoungGen: 68144K->1565K(68608K)] 337552K->270973K(752128K), 0.0015994 secs] [Times: user=0.01 sys=0.00, real=0.00 secs] 
1406.700: [GC (Allocation Failure) [PSYoungGen: 68125K->2016K(68608K)] 337533K->271440K(752128K), 0.0018955 secs] [Times: user=0.01 sys=0.00, real=0.01 secs] 
1406.977: [GC (Allocation Failure) [PSYoungGen: 68576K->1376K(68608K)] 338000K->270800K(752128K), 0.0016890 secs] [Times: user=0.01 sys=0.00, real=0.00 secs] 
1407.254: [GC (Allocation Failure) [PSYoungGen: 67936K->1376K(68608K)] 337360K->270800K(752128K), 0.0018421 secs] [Times: user=0.00 sys=0.00, real=0.00 secs] 
1407.530: [GC (Allocation Failure) [PSYoungGen: 67936K->1360K(68608K)] 337360K->270808K(752128K), 0.0017507 secs] [Times: user=0.01 sys=0.00, real=0.01 secs] 
1407.806: [GC (Allocation Failure) [PSYoungGen: 67920K->1360K(68608K)] 337368K->270808K(752128K), 0.0014935 secs] [Times: user=0.01 sys=0.00, real=0.00 secs] 
1408.216: [GC (Allocation Failure) [PSYoungGen: 67920K->1552K(68608K)] 337368K->271000K(752128K), 0.0016139 secs] [Times: user=0.01 sys=0.00, real=0.00 secs] 
1408.609: [GC (Allocation Failure) [PSYoungGen: 68112K->1565K(68608K)] 337560K->271013K(752128K), 0.0016116 secs] [Times: user=0.00 sys=0.00, real=0.00 secs] 
1409.001: [GC (Allocation Failure) [PSYoungGen: 68125K->1597K(68608K)] 337573K->271053K(752128K), 0.0014689 secs] [Times: user=0.00 sys=0.00, real=0.01 secs] 
1409.380: [GC (Allocation Failure) [PSYoungGen: 68157K->1456K(68608K)] 337613K->270920K(752128K), 0.0016155 secs] [Times: user=0.01 sys=0.00, real=0.01 secs] 
1409.656: [GC (Allocation Failure) [PSYoungGen: 68016K->1408K(68608K)] 337480K->270872K(752128K), 0.0015025 secs] [Times: user=0.01 sys=0.00, real=0.00 secs] 
1409.932: [GC (Allocation Failure) [PSYoungGen: 67968K->1392K(68608K)] 337432K->270856K(752128K), 0.0016641 secs] [Times: user=0.01 sys=0.00, real=0.00 secs] 
1410.208: [GC (Allocation Failure) [PSYoungGen: 67952K->1408K(68608K)] 337416K->270872K(752128K), 0.0015460 secs] [Times: user=0.00 sys=0.00, real=0.00 secs] 
1410.519: [GC (Allocation Failure) [PSYoungGen: 67968K->1469K(68608K)] 337432K->270933K(752128K), 0.0014661 secs] [Times: user=0.00 sys=0.00, real=0.00 secs] 
1410.911: [GC (Allocation Failure) [PSYoungGen: 68029K->1629K(68608K)] 337493K->271093K(752128K), 0.0015030 secs] [Times: user=0.01 sys=0.00, real=0.01 secs] 
1411.301: [GC (Allocation Failure) [PSYoungGen: 68175K->1581K(68608K)] 337639K->271045K(752128K), 0.0014561 secs] [Times: user=0.01 sys=0.00, real=0.01 secs] 
1411.750: [GC (Allocation Failure) [PSYoungGen: 68141K->1597K(68608K)] 337605K->271077K(752128K), 0.0015235 secs] [Times: user=0.00 sys=0.00, real=0.01 secs] 
1412.778: [GC (Allocation Failure) [PSYoungGen: 68157K->1456K(68608K)] 337637K->270944K(752128K), 0.0026889 secs] [Times: user=0.01 sys=0.00, real=0.00 secs] 
1413.821: [GC (Allocation Failure) [PSYoungGen: 68016K->1408K(68608K)] 337504K->270896K(752128K), 0.0028538 secs] [Times: user=0.01 sys=0.00, real=0.01 secs] 
1414.378: [GC (Allocation Failure) [PSYoungGen: 67968K->1344K(68608K)] 337456K->270832K(752128K), 0.0025680 secs] [Times: user=0.01 sys=0.00, real=0.00 secs] 
1414.803: [GC (Allocation Failure) [PSYoungGen: 67904K->1392K(68608K)] 337392K->270880K(752128K), 0.0018830 secs] [Times: user=0.01 sys=0.00, real=0.00 secs] 
1415.208: [GC (Allocation Failure) [PSYoungGen: 67952K->1469K(68608K)] 337440K->270957K(752128K), 0.0014873 secs] [Times: user=0.01 sys=0.00, real=0.00 secs] 
1415.599: [GC (Allocation Failure) [PSYoungGen: 68029K->1581K(68608K)] 337517K->271069K(752128K), 0.0015766 secs] [Times: user=0.00 sys=0.00, real=0.00 secs] 
1415.988: [GC (Allocation Failure) [PSYoungGen: 68141K->1629K(68608K)] 337629K->271117K(752128K), 0.0016142 secs] [Times: user=0.01 sys=0.00, real=0.00 secs] 
1416.379: [GC (Allocation Failure) [PSYoungGen: 68189K->1616K(68608K)] 337677K->271128K(752128K), 0.0016521 secs] [Times: user=0.00 sys=0.00, real=0.00 secs] 
1416.913: [GC (Allocation Failure) [PSYoungGen: 68176K->1440K(68608K)] 337688K->270960K(752128K), 0.0023811 secs] [Times: user=0.01 sys=0.00, real=0.00 secs] 
1417.509: [GC (Allocation Failure) [PSYoungGen: 68000K->1376K(68608K)] 337520K->270896K(752128K), 0.0025496 secs] [Times: user=0.01 sys=0.00, real=0.01 secs] 
1418.203: [GC (Allocation Failure) [PSYoungGen: 67936K->1376K(68608K)] 337456K->270904K(752128K), 0.0026170 secs] [Times: user=0.01 sys=0.00, real=0.00 secs] 
1418.935: [GC (Allocation Failure) [PSYoungGen: 67936K->1408K(68608K)] 337464K->270936K(752128K), 0.0031680 secs] [Times: user=0.01 sys=0.00, real=0.00 secs] 
1419.597: [GC (Allocation Failure) [PSYoungGen: 67968K->1469K(68608K)] 337496K->271021K(752128K), 0.0015379 secs] [Times: user=0.00 sys=0.00, real=0.00 secs] 
1419.989: [GC (Allocation Failure) [PSYoungGen: 68029K->1597K(68608K)] 337581K->271149K(752128K), 0.0015042 secs] [Times: user=0.01 sys=0.00, real=0.00 secs] 
1420.444: [GC (Allocation Failure) [PSYoungGen: 68157K->1581K(68608K)] 337709K->271133K(752128K), 0.0016849 secs] [Times: user=0.00 sys=0.00, real=0.00 secs] 
1420.834: [GC (Allocation Failure) [PSYoungGen: 68141K->1536K(68608K)] 337693K->271120K(752128K), 0.0016487 secs] [Times: user=0.01 sys=0.00, real=0.00 secs] 
1421.387: [GC (Allocation Failure) [PSYoungGen: 68096K->1472K(68608K)] 337680K->271064K(752128K), 0.0037275 secs] [Times: user=0.01 sys=0.00, real=0.00 secs] 
1421.734: [GC (Allocation Failure) [PSYoungGen: 68032K->1376K(68608K)] 337624K->270968K(752128K), 0.0018890 secs] [Times: user=0.00 sys=0.00, real=0.00 secs] 
1422.123: [GC (Allocation Failure) [PSYoungGen: 67936K->1360K(68608K)] 337528K->270952K(752128K), 0.0026090 secs] [Times: user=0.01 sys=0.00, real=0.00 secs] 
1422.645: [GC (Allocation Failure) [PSYoungGen: 67920K->1408K(68608K)] 337512K->271000K(752128K), 0.0020635 secs] [Times: user=0.01 sys=0.00, real=0.00 secs] 
1423.232: [GC (Allocation Failure) [PSYoungGen: 67968K->1536K(68608K)] 337560K->271128K(752128K), 0.0014701 secs] [Times: user=0.01 sys=0.00, real=0.00 secs] 
1423.624: [GC (Allocation Failure) [PSYoungGen: 68096K->1533K(68608K)] 337688K->271125K(752128K), 0.0015418 secs] [Times: user=0.01 sys=0.00, real=0.00 secs] 
1424.016: [GC (Allocation Failure) [PSYoungGen: 68093K->1613K(68608K)] 337685K->271205K(752128K), 0.0015890 secs] [Times: user=0.01 sys=0.00, real=0.00 secs] 
1424.407: [GC (Allocation Failure) [PSYoungGen: 68173K->1597K(68608K)] 337765K->271221K(752128K), 0.0015007 secs] [Times: user=0.00 sys=0.00, real=0.00 secs] 
1424.994: [GC (Allocation Failure) [PSYoungGen: 68157K->1440K(68608K)] 337781K->271072K(752128K), 0.0032491 secs] [Times: user=0.01 sys=0.00, real=0.00 secs] 
1425.676: [GC (Allocation Failure) [PSYoungGen: 68000K->1376K(68608K)] 337632K->271008K(752128K), 0.0023485 secs] [Times: user=0.01 sys=0.00, real=0.00 secs] 
1426.194: [GC (Allocation Failure) [PSYoungGen: 67936K->1440K(68608K)] 337568K->271072K(752128K), 0.0031930 secs] [Times: user=0.01 sys=0.00, real=0.00 secs] 
1426.702: [GC (Allocation Failure) [PSYoungGen: 68000K->1408K(68608K)] 337632K->271040K(752128K), 0.0028887 secs] [Times: user=0.02 sys=0.00, real=0.00 secs] 
1427.227: [GC (Allocation Failure) [PSYoungGen: 67968K->1520K(68608K)] 337600K->271152K(752128K), 0.0014381 secs] [Times: user=0.01 sys=0.00, real=0.00 secs] 
1427.700: [GC (Allocation Failure) [PSYoungGen: 68080K->1581K(68608K)] 337712K->271213K(752128K), 0.0015637 secs] [Times: user=0.01 sys=0.00, real=0.01 secs] 
1428.150: [GC (Allocation Failure) [PSYoungGen: 68141K->1581K(68608K)] 337773K->271213K(752128K), 0.0015388 secs] [Times: user=0.01 sys=0.00, real=0.01 secs] 
1428.603: [GC (Allocation Failure) [PSYoungGen: 68141K->1552K(68608K)] 337773K->271208K(752128K), 0.0016473 secs] [Times: user=0.00 sys=0.00, real=0.00 secs] 
1429.288: [GC (Allocation Failure) [PSYoungGen: 68112K->1376K(68608K)] 337768K->271032K(752128K), 0.0028585 secs] [Times: user=0.02 sys=0.00, real=0.00 secs] 
1429.731: [GC (Allocation Failure) [PSYoungGen: 67936K->1344K(68608K)] 337592K->271000K(752128K), 0.0027663 secs] [Times: user=0.01 sys=0.00, real=0.01 secs] 
1430.178: [GC (Allocation Failure) [PSYoungGen: 67904K->1408K(68608K)] 337560K->271064K(752128K), 0.0021523 secs] [Times: user=0.01 sys=0.00, real=0.00 secs] 
1430.719: [GC (Allocation Failure) [PSYoungGen: 67968K->1408K(68608K)] 337624K->271064K(752128K), 0.0022016 secs] [Times: user=0.01 sys=0.00, real=0.00 secs] 
1431.290: [GC (Allocation Failure) [PSYoungGen: 67968K->1552K(68608K)] 337624K->271208K(752128K), 0.0015369 secs] [Times: user=0.01 sys=0.00, real=0.00 secs] 
1431.680: [GC (Allocation Failure) [PSYoungGen: 68112K->1613K(68608K)] 337768K->271269K(752128K), 0.0015389 secs] [Times: user=0.01 sys=0.00, real=0.01 secs] 
1432.070: [GC (Allocation Failure) [PSYoungGen: 68173K->1645K(68608K)] 337829K->271301K(752128K), 0.0015619 secs] [Times: user=0.00 sys=0.00, real=0.01 secs] 
1432.466: [GC (Allocation Failure) [PSYoungGen: 68205K->1760K(68608K)] 337861K->271424K(752128K), 0.0017210 secs] [Times: user=0.01 sys=0.00, real=0.00 secs] 
1433.103: [GC (Allocation Failure) [PSYoungGen: 68320K->1408K(68608K)] 337984K->271072K(752128K), 0.0025337 secs] [Times: user=0.01 sys=0.00, real=0.00 secs] 
1433.707: [GC (Allocation Failure) [PSYoungGen: 67968K->1376K(68608K)] 337632K->271040K(752128K), 0.0035043 secs] [Times: user=0.02 sys=0.00, real=0.00 secs] 
1434.329: [GC (Allocation Failure) [PSYoungGen: 67936K->1360K(68608K)] 337600K->271024K(752128K), 0.0030804 secs] [Times: user=0.01 sys=0.00, real=0.01 secs] 
1434.797: [GC (Allocation Failure) [PSYoungGen: 67920K->1376K(68608K)] 337584K->271040K(752128K), 0.0021692 secs] [Times: user=0.00 sys=0.00, real=0.00 secs] 
1435.285: [GC (Allocation Failure) [PSYoungGen: 67936K->1565K(68608K)] 337600K->271229K(752128K), 0.0015146 secs] [Times: user=0.01 sys=0.00, real=0.00 secs] 
1435.676: [GC (Allocation Failure) [PSYoungGen: 68125K->1613K(68608K)] 337789K->271277K(752128K), 0.0016416 secs] [Times: user=0.01 sys=0.00, real=0.00 secs] 
1436.066: [GC (Allocation Failure) [PSYoungGen: 68173K->1581K(68608K)] 337837K->271245K(752128K), 0.0015338 secs] [Times: user=0.01 sys=0.00, real=0.00 secs] 
1436.565: [GC (Allocation Failure) [PSYoungGen: 68141K->1504K(68608K)] 337805K->271176K(752128K), 0.0019404 secs] [Times: user=0.00 sys=0.00, real=0.00 secs] 
1437.620: [GC (Allocation Failure) [PSYoungGen: 68064K->1376K(68608K)] 337736K->271048K(752128K), 0.0055924 secs] [Times: user=0.02 sys=0.00, real=0.01 secs] 
1438.474: [GC (Allocation Failure) [PSYoungGen: 67936K->1392K(68608K)] 337608K->271064K(752128K), 0.0029381 secs] [Times: user=0.01 sys=0.00, real=0.00 secs] 
1439.110: [GC (Allocation Failure) [PSYoungGen: 67952K->1376K(68608K)] 337624K->271048K(752128K), 0.0029741 secs] [Times: user=0.01 sys=0.00, real=0.01 secs] 
1439.560: [GC (Allocation Failure) [PSYoungGen: 67936K->1376K(68608K)] 337608K->271064K(752128K), 0.0019859 secs] [Times: user=0.00 sys=0.00, real=0.01 secs] 
1440.006: [GC (Allocation Failure) [PSYoungGen: 67936K->1565K(68608K)] 337624K->271253K(752128K), 0.0015076 secs] [Times: user=0.01 sys=0.00, real=0.00 secs] 
1440.397: [GC (Allocation Failure) [PSYoungGen: 68125K->1613K(68608K)] 337813K->271301K(752128K), 0.0015238 secs] [Times: user=0.01 sys=0.00, real=0.00 secs] 
1440.787: [GC (Allocation Failure) [PSYoungGen: 68173K->1613K(68608K)] 337861K->271317K(752128K), 0.0015353 secs] [Times: user=0.01 sys=0.00, real=0.00 secs] 
1441.317: [GC (Allocation Failure) [PSYoungGen: 68173K->1472K(68608K)] 337877K->271176K(752128K), 0.0017709 secs] [Times: user=0.01 sys=0.00, real=0.00 secs] 
1442.040: [GC (Allocation Failure) [PSYoungGen: 68032K->1408K(68608K)] 337736K->271112K(752128K), 0.0015872 secs] [Times: user=0.00 sys=0.00, real=0.01 secs] 
1442.678: [GC (Allocation Failure) [PSYoungGen: 67968K->1408K(68608K)] 337672K->271112K(752128K), 0.0019498 secs] [Times: user=0.01 sys=0.00, real=0.00 secs] 
1443.098: [GC (Allocation Failure) [PSYoungGen: 67968K->1472K(68608K)] 337672K->271176K(752128K), 0.0017568 secs] [Times: user=0.01 sys=0.00, real=0.00 secs] 
1443.419: [GC (Allocation Failure) [PSYoungGen: 68032K->1469K(68608K)] 337736K->271173K(752128K), 0.0013852 secs] [Times: user=0.01 sys=0.00, real=0.00 secs] 
1443.813: [GC (Allocation Failure) [PSYoungGen: 68029K->1597K(68608K)] 337733K->271301K(752128K), 0.0016012 secs] [Times: user=0.00 sys=0.00, real=0.00 secs] 
1444.203: [GC (Allocation Failure) [PSYoungGen: 68157K->1533K(68608K)] 337861K->271237K(752128K), 0.0015757 secs] [Times: user=0.00 sys=0.00, real=0.00 secs] 
1444.593: [GC (Allocation Failure) [PSYoungGen: 68093K->1629K(68608K)] 337797K->271357K(752128K), 0.0016015 secs] [Times: user=0.00 sys=0.00, real=0.00 secs] 
1445.068: [GC (Allocation Failure) [PSYoungGen: 68189K->1440K(68608K)] 337917K->271168K(752128K), 0.0017250 secs] [Times: user=0.01 sys=0.00, real=0.00 secs] 
1445.621: [GC (Allocation Failure) [PSYoungGen: 68000K->1376K(68608K)] 337728K->271104K(752128K), 0.0017143 secs] [Times: user=0.01 sys=0.00, real=0.01 secs] 
1446.185: [GC (Allocation Failure) [PSYoungGen: 67936K->1408K(68608K)] 337664K->271136K(752128K), 0.0016840 secs] [Times: user=0.01 sys=0.00, real=0.00 secs] 
1446.800: [GC (Allocation Failure) [PSYoungGen: 67968K->1360K(68608K)] 337696K->271088K(752128K), 0.0023891 secs] [Times: user=0.01 sys=0.00, real=0.01 secs] 
1447.377: [GC (Allocation Failure) [PSYoungGen: 67895K->1533K(68608K)] 337624K->271261K(752128K), 0.0015226 secs] [Times: user=0.00 sys=0.00, real=0.00 secs] 
1447.768: [GC (Allocation Failure) [PSYoungGen: 68093K->1597K(68608K)] 337821K->271325K(752128K), 0.0016145 secs] [Times: user=0.01 sys=0.00, real=0.00 secs] 
1448.169: [GC (Allocation Failure) [PSYoungGen: 68157K->1584K(68608K)] 337885K->271312K(752128K), 0.0015273 secs] [Times: user=0.01 sys=0.00, real=0.00 secs] 
1448.619: [GC (Allocation Failure) [PSYoungGen: 68144K->1597K(68608K)] 337872K->271349K(752128K), 0.0015513 secs] [Times: user=0.01 sys=0.00, real=0.00 secs] 
1448.978: [GC (Allocation Failure) [PSYoungGen: 68157K->1536K(68608K)] 337909K->271288K(752128K), 0.0021913 secs] [Times: user=0.01 sys=0.00, real=0.00 secs] 
1449.255: [GC (Allocation Failure) [PSYoungGen: 68096K->1376K(68608K)] 337848K->271128K(752128K), 0.0018586 secs] [Times: user=0.01 sys=0.00, real=0.00 secs] 
1449.531: [GC (Allocation Failure) [PSYoungGen: 67936K->1376K(68608K)] 337688K->271128K(752128K), 0.0018772 secs] [Times: user=0.01 sys=0.00, real=0.00 secs] 
1449.808: [GC (Allocation Failure) [PSYoungGen: 67936K->1376K(68608K)] 337688K->271128K(752128K), 0.0017570 secs] [Times: user=0.01 sys=0.00, real=0.00 secs] 
1450.290: [GC (Allocation Failure) [PSYoungGen: 67936K->1469K(68608K)] 337688K->271221K(752128K), 0.0016314 secs] [Times: user=0.01 sys=0.00, real=0.01 secs] 
1450.679: [GC (Allocation Failure) [PSYoungGen: 68029K->1613K(68608K)] 337781K->271365K(752128K), 0.0019131 secs] [Times: user=0.01 sys=0.01, real=0.00 secs] 
1451.068: [GC (Allocation Failure) [PSYoungGen: 68173K->1597K(68608K)] 337925K->271349K(752128K), 0.0015518 secs] [Times: user=0.01 sys=0.00, real=0.00 secs] 
1451.458: [GC (Allocation Failure) [PSYoungGen: 68154K->1581K(68608K)] 337907K->271349K(752128K), 0.0016352 secs] [Times: user=0.00 sys=0.00, real=0.00 secs] 
1451.783: [GC (Allocation Failure) [PSYoungGen: 68141K->1456K(68608K)] 337909K->271224K(752128K), 0.0017641 secs] [Times: user=0.00 sys=0.00, real=0.00 secs] 
1452.060: [GC (Allocation Failure) [PSYoungGen: 68016K->1376K(68608K)] 337784K->271144K(752128K), 0.0016848 secs] [Times: user=0.01 sys=0.01, real=0.01 secs] 
1452.337: [GC (Allocation Failure) [PSYoungGen: 67936K->1408K(68608K)] 337704K->271176K(752128K), 0.0016688 secs] [Times: user=0.01 sys=0.00, real=0.00 secs] 
1452.613: [GC (Allocation Failure) [PSYoungGen: 67968K->1408K(68608K)] 337736K->271184K(752128K), 0.0016835 secs] [Times: user=0.01 sys=0.00, real=0.00 secs] 
1452.968: [GC (Allocation Failure) [PSYoungGen: 67968K->1533K(68608K)] 337744K->271309K(752128K), 0.0015799 secs] [Times: user=0.01 sys=0.00, real=0.00 secs] 
1453.359: [GC (Allocation Failure) [PSYoungGen: 68066K->1581K(68608K)] 337843K->271357K(752128K), 0.0016158 secs] [Times: user=0.01 sys=0.00, real=0.00 secs] 
1453.749: [GC (Allocation Failure) [PSYoungGen: 68127K->1584K(68608K)] 337904K->271360K(752128K), 0.0015904 secs] [Times: user=0.00 sys=0.00, real=0.00 secs] 
1454.144: [GC (Allocation Failure) [PSYoungGen: 68144K->1629K(68608K)] 337920K->271421K(752128K), 0.0016371 secs] [Times: user=0.00 sys=0.00, real=0.00 secs] 
1454.872: [GC (Allocation Failure) [PSYoungGen: 68189K->1408K(68608K)] 337981K->271200K(752128K), 0.0021654 secs] [Times: user=0.01 sys=0.00, real=0.00 secs] 
1455.536: [GC (Allocation Failure) [PSYoungGen: 67968K->1360K(68608K)] 337760K->271160K(752128K), 0.0019494 secs] [Times: user=0.01 sys=0.00, real=0.00 secs] 
1456.142: [GC (Allocation Failure) [PSYoungGen: 67920K->1376K(68608K)] 337720K->271184K(752128K), 0.0020824 secs] [Times: user=0.01 sys=0.00, real=0.00 secs] 
1456.717: [GC (Allocation Failure) [PSYoungGen: 67936K->1376K(68608K)] 337744K->271184K(752128K), 0.0017411 secs] [Times: user=0.01 sys=0.00, real=0.00 secs] 
1457.182: [GC (Allocation Failure) [PSYoungGen: 67936K->1549K(68608K)] 337744K->271357K(752128K), 0.0014488 secs] [Times: user=0.01 sys=0.00, real=0.00 secs] 
1457.571: [GC (Allocation Failure) [PSYoungGen: 68109K->1597K(68608K)] 337917K->271429K(752128K), 0.0015139 secs] [Times: user=0.01 sys=0.00, real=0.01 secs] 
1457.960: [GC (Allocation Failure) [PSYoungGen: 68157K->1581K(68608K)] 337989K->271413K(752128K), 0.0014827 secs] [Times: user=0.01 sys=0.00, real=0.01 secs] 
1458.361: [GC (Allocation Failure) [PSYoungGen: 68141K->1581K(68608K)] 337973K->271429K(752128K), 0.0016069 secs] [Times: user=0.01 sys=0.00, real=0.00 secs] 
1458.726: [GC (Allocation Failure) [PSYoungGen: 68141K->1408K(68608K)] 337989K->271256K(752128K), 0.0016935 secs] [Times: user=0.01 sys=0.00, real=0.00 secs] 
1459.052: [GC (Allocation Failure) [PSYoungGen: 67968K->1344K(68608K)] 337816K->271192K(752128K), 0.0018052 secs] [Times: user=0.01 sys=0.00, real=0.00 secs] 
1459.448: [GC (Allocation Failure) [PSYoungGen: 67904K->1392K(68608K)] 337752K->271240K(752128K), 0.0017033 secs] [Times: user=0.01 sys=0.00, real=0.00 secs] 
1460.064: [GC (Allocation Failure) [PSYoungGen: 67952K->1344K(68608K)] 337800K->271192K(752128K), 0.0020067 secs] [Times: user=0.01 sys=0.00, real=0.00 secs] 
1460.539: [GC (Allocation Failure) [PSYoungGen: 67904K->1533K(68608K)] 337752K->271381K(752128K), 0.0015796 secs] [Times: user=0.01 sys=0.00, real=0.00 secs] 
1460.930: [GC (Allocation Failure) [PSYoungGen: 68093K->1645K(68608K)] 337941K->271493K(752128K), 0.0015037 secs] [Times: user=0.00 sys=0.00, real=0.01 secs] 
1461.383: [GC (Allocation Failure) [PSYoungGen: 68205K->1613K(68608K)] 338053K->271461K(752128K), 0.0015826 secs] [Times: user=0.01 sys=0.00, real=0.00 secs] 
1461.801: [GC (Allocation Failure) [PSYoungGen: 68173K->2016K(68608K)] 338021K->271880K(752128K), 0.0015806 secs] [Times: user=0.01 sys=0.00, real=0.00 secs] 
1462.148: [GC (Allocation Failure) [PSYoungGen: 68576K->1376K(68608K)] 338440K->271240K(752128K), 0.0016962 secs] [Times: user=0.01 sys=0.00, real=0.00 secs] 
1462.477: [GC (Allocation Failure) [PSYoungGen: 67936K->1440K(68608K)] 337800K->271304K(752128K), 0.0018782 secs] [Times: user=0.00 sys=0.00, real=0.00 secs] 
1462.760: [GC (Allocation Failure) [PSYoungGen: 68000K->1360K(68608K)] 337864K->271224K(752128K), 0.0017543 secs] [Times: user=0.01 sys=0.00, real=0.01 secs] 
1463.057: [GC (Allocation Failure) [PSYoungGen: 67920K->1408K(68608K)] 337784K->271272K(752128K), 0.0018740 secs] [Times: user=0.01 sys=0.00, real=0.00 secs] 
1463.466: [GC (Allocation Failure) [PSYoungGen: 67968K->1613K(68608K)] 337832K->271477K(752128K), 0.0014964 secs] [Times: user=0.00 sys=0.00, real=0.00 secs] 
1463.857: [GC (Allocation Failure) [PSYoungGen: 68173K->1536K(68608K)] 338037K->271400K(752128K), 0.0014929 secs] [Times: user=0.01 sys=0.00, real=0.00 secs] 
1464.248: [GC (Allocation Failure) [PSYoungGen: 68096K->1584K(68608K)] 337960K->271448K(752128K), 0.0017754 secs] [Times: user=0.01 sys=0.00, real=0.00 secs] 
1464.693: [GC (Allocation Failure) [PSYoungGen: 68144K->1520K(68608K)] 338008K->271392K(752128K), 0.0016665 secs] [Times: user=0.00 sys=0.00, real=0.00 secs] 
1465.322: [GC (Allocation Failure) [PSYoungGen: 68080K->1344K(68608K)] 337952K->271216K(752128K), 0.0017630 secs] [Times: user=0.01 sys=0.00, real=0.00 secs] 
1465.978: [GC (Allocation Failure) [PSYoungGen: 67904K->1408K(68608K)] 337776K->271280K(752128K), 0.0028685 secs] [Times: user=0.01 sys=0.00, real=0.00 secs] 
1466.536: [GC (Allocation Failure) [PSYoungGen: 67968K->1408K(68608K)] 337840K->271280K(752128K), 0.0024726 secs] [Times: user=0.01 sys=0.00, real=0.00 secs] 
1467.147: [GC (Allocation Failure) [PSYoungGen: 67968K->1456K(68608K)] 337840K->271328K(752128K), 0.0024764 secs] [Times: user=0.01 sys=0.00, real=0.00 secs] 
1467.599: [GC (Allocation Failure) [PSYoungGen: 68016K->1565K(68608K)] 337888K->271469K(752128K), 0.0015832 secs] [Times: user=0.01 sys=0.00, real=0.00 secs] 
1467.988: [GC (Allocation Failure) [PSYoungGen: 68112K->1597K(68608K)] 338017K->271501K(752128K), 0.0014951 secs] [Times: user=0.00 sys=0.00, real=0.00 secs] 
1468.439: [GC (Allocation Failure) [PSYoungGen: 68138K->1565K(68608K)] 338043K->271477K(752128K), 0.0015162 secs] [Times: user=0.01 sys=0.00, real=0.00 secs] 
1468.944: [GC (Allocation Failure) [PSYoungGen: 68125K->1504K(68608K)] 338037K->271416K(752128K), 0.0021723 secs] [Times: user=0.01 sys=0.00, real=0.00 secs] 
1469.485: [GC (Allocation Failure) [PSYoungGen: 68064K->1408K(68608K)] 337976K->271320K(752128K), 0.0027489 secs] [Times: user=0.01 sys=0.00, real=0.00 secs] 
1470.024: [GC (Allocation Failure) [PSYoungGen: 67968K->1376K(68608K)] 337880K->271288K(752128K), 0.0026166 secs] [Times: user=0.01 sys=0.00, real=0.00 secs] 
1470.575: [GC (Allocation Failure) [PSYoungGen: 67936K->1376K(68608K)] 337848K->271288K(752128K), 0.0022140 secs] [Times: user=0.01 sys=0.00, real=0.00 secs] 
1471.049: [GC (Allocation Failure) [PSYoungGen: 67936K->1453K(68608K)] 337848K->271365K(752128K), 0.0016414 secs] [Times: user=0.01 sys=0.00, real=0.00 secs] 
1471.446: [GC (Allocation Failure) [PSYoungGen: 68013K->1629K(68608K)] 337925K->271541K(752128K), 0.0014645 secs] [Times: user=0.01 sys=0.00, real=0.00 secs] 
1471.836: [GC (Allocation Failure) [PSYoungGen: 68164K->1597K(68608K)] 338076K->271509K(752128K), 0.0014941 secs] [Times: user=0.01 sys=0.00, real=0.00 secs] 
1472.224: [GC (Allocation Failure) [PSYoungGen: 68157K->1581K(68608K)] 338069K->271509K(752128K), 0.0015209 secs] [Times: user=0.00 sys=0.00, real=0.00 secs] 
1472.769: [GC (Allocation Failure) [PSYoungGen: 68141K->1488K(68608K)] 338069K->271416K(752128K), 0.0017029 secs] [Times: user=0.01 sys=0.00, real=0.00 secs] 
1473.392: [GC (Allocation Failure) [PSYoungGen: 68048K->1344K(68608K)] 337976K->271272K(752128K), 0.0019115 secs] [Times: user=0.01 sys=0.00, real=0.00 secs] 
1473.998: [GC (Allocation Failure) [PSYoungGen: 67904K->1408K(68608K)] 337832K->271336K(752128K), 0.0026854 secs] [Times: user=0.01 sys=0.00, real=0.00 secs] 
1474.546: [GC (Allocation Failure) [PSYoungGen: 67968K->1408K(68608K)] 337896K->271336K(752128K), 0.0026570 secs] [Times: user=0.01 sys=0.00, real=0.00 secs] 
1474.931: [GC (Allocation Failure) [PSYoungGen: 67966K->1501K(68608K)] 337895K->271429K(752128K), 0.0015418 secs] [Times: user=0.00 sys=0.00, real=0.00 secs] 
1475.321: [GC (Allocation Failure) [PSYoungGen: 68061K->1597K(68608K)] 337989K->271525K(752128K), 0.0015570 secs] [Times: user=0.00 sys=0.00, real=0.00 secs] 
1475.712: [GC (Allocation Failure) [PSYoungGen: 68157K->1568K(68608K)] 338085K->271496K(752128K), 0.0015493 secs] [Times: user=0.00 sys=0.00, real=0.00 secs] 
1476.103: [GC (Allocation Failure) [PSYoungGen: 68128K->1581K(68608K)] 338056K->271525K(752128K), 0.0015355 secs] [Times: user=0.00 sys=0.00, real=0.00 secs] 
1476.908: [GC (Allocation Failure) [PSYoungGen: 68141K->1456K(68608K)] 338085K->271400K(752128K), 0.0018375 secs] [Times: user=0.01 sys=0.00, real=0.00 secs] 
1477.880: [GC (Allocation Failure) [PSYoungGen: 68016K->1408K(68608K)] 337960K->271352K(752128K), 0.0023642 secs] [Times: user=0.01 sys=0.00, real=0.01 secs] 
1478.834: [GC (Allocation Failure) [PSYoungGen: 67968K->1376K(68608K)] 337912K->271320K(752128K), 0.0027948 secs] [Times: user=0.01 sys=0.00, real=0.00 secs] 
1479.601: [GC (Allocation Failure) [PSYoungGen: 67936K->1344K(68608K)] 337880K->271312K(752128K), 0.0020840 secs] [Times: user=0.00 sys=0.00, real=0.01 secs] 
1480.439: [GC (Allocation Failure) [PSYoungGen: 67904K->1440K(68608K)] 337872K->271408K(752128K), 0.0015701 secs] [Times: user=0.01 sys=0.00, real=0.00 secs] 
1480.829: [GC (Allocation Failure) [PSYoungGen: 68000K->1600K(68608K)] 337968K->271568K(752128K), 0.0016828 secs] [Times: user=0.01 sys=0.00, real=0.00 secs] 
1481.218: [GC (Allocation Failure) [PSYoungGen: 68160K->1549K(68608K)] 338128K->271517K(752128K), 0.0015691 secs] [Times: user=0.01 sys=0.00, real=0.00 secs] 
1481.610: [GC (Allocation Failure) [PSYoungGen: 68109K->1565K(68608K)] 338077K->271549K(752128K), 0.0016514 secs] [Times: user=0.00 sys=0.00, real=0.00 secs] 
1482.017: [GC (Allocation Failure) [PSYoungGen: 68125K->1440K(68608K)] 338109K->271424K(752128K), 0.0017777 secs] [Times: user=0.00 sys=0.00, real=0.00 secs] 
1482.294: [GC (Allocation Failure) [PSYoungGen: 68000K->1376K(68608K)] 337984K->271360K(752128K), 0.0017143 secs] [Times: user=0.00 sys=0.00, real=0.00 secs] 
1482.602: [GC (Allocation Failure) [PSYoungGen: 67936K->1408K(68608K)] 337920K->271392K(752128K), 0.0021443 secs] [Times: user=0.01 sys=0.00, real=0.00 secs] 
1482.879: [GC (Allocation Failure) [PSYoungGen: 67968K->1376K(68608K)] 337952K->271360K(752128K), 0.0018266 secs] [Times: user=0.01 sys=0.00, real=0.00 secs] 
1483.265: [GC (Allocation Failure) [PSYoungGen: 67936K->1565K(68608K)] 337920K->271549K(752128K), 0.0014562 secs] [Times: user=0.00 sys=0.00, real=0.00 secs] 
1483.655: [GC (Allocation Failure) [PSYoungGen: 68125K->1616K(68608K)] 338109K->271600K(752128K), 0.0015856 secs] [Times: user=0.01 sys=0.00, real=0.00 secs] 
1484.046: [GC (Allocation Failure) [PSYoungGen: 68176K->1597K(68608K)] 338160K->271581K(752128K), 0.0016411 secs] [Times: user=0.00 sys=0.00, real=0.00 secs] 
1484.441: [GC (Allocation Failure) [PSYoungGen: 68157K->1581K(68608K)] 338141K->271581K(752128K), 0.0017303 secs] [Times: user=0.00 sys=0.00, real=0.01 secs] 
1484.754: [GC (Allocation Failure) [PSYoungGen: 68141K->1408K(68608K)] 338141K->271408K(752128K), 0.0017226 secs] [Times: user=0.01 sys=0.00, real=0.00 secs] 
1485.031: [GC (Allocation Failure) [PSYoungGen: 67968K->1376K(68608K)] 337968K->271376K(752128K), 0.0017437 secs] [Times: user=0.01 sys=0.00, real=0.01 secs] 
1485.307: [GC (Allocation Failure) [PSYoungGen: 67936K->1440K(68608K)] 337936K->271440K(752128K), 0.0020158 secs] [Times: user=0.00 sys=0.00, real=0.00 secs] 
1485.583: [GC (Allocation Failure) [PSYoungGen: 68000K->1456K(68608K)] 338000K->271456K(752128K), 0.0015329 secs] [Times: user=0.01 sys=0.00, real=0.00 secs] 
1485.960: [GC (Allocation Failure) [PSYoungGen: 68016K->1549K(68608K)] 338016K->271549K(752128K), 0.0014856 secs] [Times: user=0.00 sys=0.00, real=0.01 secs] 
1486.351: [GC (Allocation Failure) [PSYoungGen: 68109K->1536K(68608K)] 338109K->271568K(752128K), 0.0015444 secs] [Times: user=0.01 sys=0.00, real=0.01 secs] 
1486.740: [GC (Allocation Failure) [PSYoungGen: 68096K->1565K(68608K)] 338128K->271597K(752128K), 0.0014930 secs] [Times: user=0.01 sys=0.00, real=0.01 secs] 
1487.125: [GC (Allocation Failure) [PSYoungGen: 68125K->352K(68608K)] 338157K->270384K(752128K), 0.0015744 secs] [Times: user=0.00 sys=0.00, real=0.00 secs] 
1487.731: [GC (Allocation Failure) [PSYoungGen: 66912K->1392K(68608K)] 336944K->271424K(752128K), 0.0018572 secs] [Times: user=0.01 sys=0.00, real=0.01 secs] 
1488.230: [GC (Allocation Failure) [PSYoungGen: 67952K->1376K(68608K)] 337984K->271408K(752128K), 0.0018573 secs] [Times: user=0.01 sys=0.00, real=0.01 secs] 
1488.741: [GC (Allocation Failure) [PSYoungGen: 67936K->1376K(68608K)] 337968K->271408K(752128K), 0.0017380 secs] [Times: user=0.00 sys=0.00, real=0.01 secs] 
1489.268: [GC (Allocation Failure) [PSYoungGen: 67936K->1408K(68608K)] 337968K->271440K(752128K), 0.0017309 secs] [Times: user=0.00 sys=0.00, real=0.00 secs] 
1489.729: [GC (Allocation Failure) [PSYoungGen: 67968K->1581K(68608K)] 338000K->271613K(752128K), 0.0014740 secs] [Times: user=0.00 sys=0.00, real=0.00 secs] 
1490.120: [GC (Allocation Failure) [PSYoungGen: 68141K->1536K(68608K)] 338173K->271568K(752128K), 0.0015321 secs] [Times: user=0.01 sys=0.00, real=0.01 secs] 
1490.510: [GC (Allocation Failure) [PSYoungGen: 68096K->1581K(68608K)] 338128K->271613K(752128K), 0.0015045 secs] [Times: user=0.01 sys=0.00, real=0.00 secs] 
1491.015: [GC (Allocation Failure) [PSYoungGen: 68141K->2016K(68608K)] 338173K->272056K(752128K), 0.0017873 secs] [Times: user=0.01 sys=0.00, real=0.00 secs] 
1491.309: [GC (Allocation Failure) [PSYoungGen: 68576K->1440K(68608K)] 338616K->271480K(752128K), 0.0017230 secs] [Times: user=0.01 sys=0.00, real=0.00 secs] 
1491.634: [GC (Allocation Failure) [PSYoungGen: 68000K->1344K(68608K)] 338040K->271384K(752128K), 0.0018226 secs] [Times: user=0.01 sys=0.00, real=0.00 secs] 
1492.204: [GC (Allocation Failure) [PSYoungGen: 67904K->1376K(68608K)] 337944K->271416K(752128K), 0.0020659 secs] [Times: user=0.01 sys=0.00, real=0.00 secs] 
1492.820: [GC (Allocation Failure) [PSYoungGen: 67936K->1392K(68608K)] 337976K->271432K(752128K), 0.0028613 secs] [Times: user=0.02 sys=0.00, real=0.01 secs] 
1493.323: [GC (Allocation Failure) [PSYoungGen: 67952K->1549K(68608K)] 337992K->271589K(752128K), 0.0015013 secs] [Times: user=0.00 sys=0.00, real=0.00 secs] 
1493.713: [GC (Allocation Failure) [PSYoungGen: 68109K->1613K(68608K)] 338149K->271653K(752128K), 0.0015200 secs] [Times: user=0.01 sys=0.00, real=0.00 secs] 
1494.104: [GC (Allocation Failure) [PSYoungGen: 68173K->1613K(68608K)] 338213K->271661K(752128K), 0.0015271 secs] [Times: user=0.01 sys=0.00, real=0.00 secs] 
1494.609: [GC (Allocation Failure) [PSYoungGen: 68173K->1488K(68608K)] 338221K->271536K(752128K), 0.0018317 secs] [Times: user=0.01 sys=0.00, real=0.00 secs] 
1495.098: [GC (Allocation Failure) [PSYoungGen: 68048K->1376K(68608K)] 338096K->271424K(752128K), 0.0018972 secs] [Times: user=0.01 sys=0.00, real=0.00 secs] 
1495.375: [GC (Allocation Failure) [PSYoungGen: 67936K->1408K(68608K)] 337984K->271456K(752128K), 0.0019817 secs] [Times: user=0.01 sys=0.00, real=0.00 secs] 
1495.688: [GC (Allocation Failure) [PSYoungGen: 67968K->1376K(68608K)] 338016K->271424K(752128K), 0.0017197 secs] [Times: user=0.01 sys=0.00, real=0.00 secs] 
1495.988: [GC (Allocation Failure) [PSYoungGen: 67936K->1485K(68608K)] 337984K->271533K(752128K), 0.0018228 secs] [Times: user=0.01 sys=0.00, real=0.00 secs] 
1496.382: [GC (Allocation Failure) [PSYoungGen: 68045K->1549K(68608K)] 338093K->271597K(752128K), 0.0015376 secs] [Times: user=0.01 sys=0.00, real=0.00 secs] 
1496.772: [GC (Allocation Failure) [PSYoungGen: 68109K->1549K(68608K)] 338157K->271597K(752128K), 0.0016512 secs] [Times: user=0.00 sys=0.00, real=0.00 secs] 
1497.163: [GC (Allocation Failure) [PSYoungGen: 68109K->1549K(68608K)] 338157K->271621K(752128K), 0.0014763 secs] [Times: user=0.01 sys=0.00, real=0.00 secs] 
1497.650: [GC (Allocation Failure) [PSYoungGen: 68109K->1504K(68608K)] 338181K->271576K(752128K), 0.0019551 secs] [Times: user=0.00 sys=0.01, real=0.01 secs] 
1498.211: [GC (Allocation Failure) [PSYoungGen: 68064K->1376K(68608K)] 338136K->271448K(752128K), 0.0016535 secs] [Times: user=0.01 sys=0.00, real=0.00 secs] 
1498.740: [GC (Allocation Failure) [PSYoungGen: 67936K->1376K(68608K)] 338008K->271448K(752128K), 0.0020216 secs] [Times: user=0.00 sys=0.00, real=0.01 secs] 
1499.158: [GC (Allocation Failure) [PSYoungGen: 67936K->1376K(68608K)] 338008K->271448K(752128K), 0.0018800 secs] [Times: user=0.00 sys=0.00, real=0.00 secs] 
1499.691: [GC (Allocation Failure) [PSYoungGen: 67936K->1504K(68608K)] 338008K->271576K(752128K), 0.0018416 secs] [Times: user=0.01 sys=0.00, real=0.01 secs] 
1500.087: [GC (Allocation Failure) [PSYoungGen: 68064K->1581K(68608K)] 338136K->271653K(752128K), 0.0015371 secs] [Times: user=0.01 sys=0.00, real=0.00 secs] 
1500.478: [GC (Allocation Failure) [PSYoungGen: 68141K->1600K(68608K)] 338213K->271672K(752128K), 0.0015045 secs] [Times: user=0.01 sys=0.00, real=0.00 secs] 
1500.869: [GC (Allocation Failure) [PSYoungGen: 68160K->1581K(68608K)] 338232K->271677K(752128K), 0.0015035 secs] [Times: user=0.01 sys=0.00, real=0.00 secs] 
1501.606: [GC (Allocation Failure) [PSYoungGen: 68141K->1488K(68608K)] 338237K->271584K(752128K), 0.0016156 secs] [Times: user=0.01 sys=0.00, real=0.00 secs] 
1502.115: [GC (Allocation Failure) [PSYoungGen: 68048K->1408K(68608K)] 338144K->271504K(752128K), 0.0029893 secs] [Times: user=0.01 sys=0.00, real=0.00 secs] 
1502.576: [GC (Allocation Failure) [PSYoungGen: 67968K->1408K(68608K)] 338064K->271504K(752128K), 0.0024530 secs] [Times: user=0.01 sys=0.00, real=0.00 secs] 
1503.072: [GC (Allocation Failure) [PSYoungGen: 67968K->1408K(68608K)] 338064K->271504K(752128K), 0.0022971 secs] [Times: user=0.01 sys=0.00, real=0.00 secs] 
1503.610: [GC (Allocation Failure) [PSYoungGen: 67968K->1485K(68608K)] 338064K->271581K(752128K), 0.0014984 secs] [Times: user=0.00 sys=0.00, real=0.00 secs] 
1504.062: [GC (Allocation Failure) [PSYoungGen: 68045K->1581K(68608K)] 338141K->271677K(752128K), 0.0015461 secs] [Times: user=0.01 sys=0.00, real=0.00 secs] 
1504.456: [GC (Allocation Failure) [PSYoungGen: 68141K->1613K(68608K)] 338237K->271709K(752128K), 0.0015390 secs] [Times: user=0.00 sys=0.00, real=0.00 secs] 
1504.846: [GC (Allocation Failure) [PSYoungGen: 68173K->1568K(68608K)] 338269K->271680K(752128K), 0.0015858 secs] [Times: user=0.00 sys=0.00, real=0.00 secs] 
1505.368: [GC (Allocation Failure) [PSYoungGen: 68128K->1456K(68608K)] 338240K->271568K(752128K), 0.0028079 secs] [Times: user=0.01 sys=0.01, real=0.00 secs] 
1505.894: [GC (Allocation Failure) [PSYoungGen: 68016K->1376K(68608K)] 338128K->271488K(752128K), 0.0032243 secs] [Times: user=0.01 sys=0.00, real=0.00 secs] 
1506.568: [GC (Allocation Failure) [PSYoungGen: 67936K->1424K(68608K)] 338048K->271536K(752128K), 0.0036036 secs] [Times: user=0.01 sys=0.01, real=0.01 secs] 
1507.629: [GC (Allocation Failure) [PSYoungGen: 67984K->1408K(68608K)] 338096K->271520K(752128K), 0.0033887 secs] [Times: user=0.01 sys=0.00, real=0.01 secs] 
1508.497: [GC (Allocation Failure) [PSYoungGen: 67968K->1488K(68608K)] 338080K->271600K(752128K), 0.0014403 secs] [Times: user=0.00 sys=0.00, real=0.00 secs] 
1508.886: [GC (Allocation Failure) [PSYoungGen: 68048K->1565K(68608K)] 338160K->271677K(752128K), 0.0015440 secs] [Times: user=0.00 sys=0.00, real=0.00 secs] 
1509.277: [GC (Allocation Failure) [PSYoungGen: 68125K->1520K(68608K)] 338237K->271648K(752128K), 0.0020160 secs] [Times: user=0.01 sys=0.00, real=0.00 secs] 
1509.679: [GC (Allocation Failure) [PSYoungGen: 68080K->1613K(68608K)] 338208K->271749K(752128K), 0.0015098 secs] [Times: user=0.01 sys=0.00, real=0.00 secs] 
1510.110: [GC (Allocation Failure) [PSYoungGen: 68173K->1424K(68608K)] 338309K->271560K(752128K), 0.0020296 secs] [Times: user=0.01 sys=0.00, real=0.01 secs] 
1510.389: [GC (Allocation Failure) [PSYoungGen: 67984K->1344K(68608K)] 338120K->271480K(752128K), 0.0019393 secs] [Times: user=0.01 sys=0.00, real=0.01 secs] 
1510.766: [GC (Allocation Failure) [PSYoungGen: 67904K->1376K(68608K)] 338040K->271512K(752128K), 0.0018587 secs] [Times: user=0.01 sys=0.00, real=0.00 secs] 
1511.291: [GC (Allocation Failure) [PSYoungGen: 67936K->1376K(68608K)] 338072K->271512K(752128K), 0.0017977 secs] [Times: user=0.01 sys=0.00, real=0.01 secs] 
1511.773: [GC (Allocation Failure) [PSYoungGen: 67936K->1552K(68608K)] 338072K->271688K(752128K), 0.0014756 secs] [Times: user=0.00 sys=0.00, real=0.00 secs] 
1512.164: [GC (Allocation Failure) [PSYoungGen: 68107K->1597K(68608K)] 338243K->271733K(752128K), 0.0015722 secs] [Times: user=0.01 sys=0.00, real=0.00 secs] 
1512.553: [GC (Allocation Failure) [PSYoungGen: 68157K->1629K(68608K)] 338293K->271765K(752128K), 0.0014456 secs] [Times: user=0.00 sys=0.00, real=0.00 secs] 
1512.947: [GC (Allocation Failure) [PSYoungGen: 68189K->1597K(68608K)] 338325K->271749K(752128K), 0.0015811 secs] [Times: user=0.01 sys=0.00, real=0.00 secs] 
1513.370: [GC (Allocation Failure) [PSYoungGen: 68157K->1408K(68608K)] 338309K->271560K(752128K), 0.0018024 secs] [Times: user=0.00 sys=0.00, real=0.01 secs] 
1513.707: [GC (Allocation Failure) [PSYoungGen: 67968K->1408K(68608K)] 338120K->271560K(752128K), 0.0018758 secs] [Times: user=0.01 sys=0.00, real=0.00 secs] 
1514.000: [GC (Allocation Failure) [PSYoungGen: 67968K->1408K(68608K)] 338120K->271560K(752128K), 0.0021022 secs] [Times: user=0.01 sys=0.00, real=0.01 secs] 
1514.290: [GC (Allocation Failure) [PSYoungGen: 67968K->1344K(68608K)] 338120K->271496K(752128K), 0.0019595 secs] [Times: user=0.01 sys=0.00, real=0.01 secs] 
1514.719: [GC (Allocation Failure) [PSYoungGen: 67904K->1581K(68608K)] 338056K->271733K(752128K), 0.0015099 secs] [Times: user=0.00 sys=0.00, real=0.00 secs] 
1515.110: [GC (Allocation Failure) [PSYoungGen: 68141K->1613K(68608K)] 338293K->271765K(752128K), 0.0015494 secs] [Times: user=0.01 sys=0.00, real=0.01 secs] 
1515.501: [GC (Allocation Failure) [PSYoungGen: 68173K->1597K(68608K)] 338325K->271749K(752128K), 0.0015970 secs] [Times: user=0.01 sys=0.00, real=0.00 secs] 
1515.908: [GC (Allocation Failure) [PSYoungGen: 68157K->1776K(68608K)] 338309K->271928K(752128K), 0.0016004 secs] [Times: user=0.00 sys=0.00, real=0.00 secs] 
1516.183: [GC (Allocation Failure) [PSYoungGen: 68336K->1376K(68608K)] 338488K->271528K(752128K), 0.0017401 secs] [Times: user=0.01 sys=0.00, real=0.00 secs] 
1516.459: [GC (Allocation Failure) [PSYoungGen: 67936K->1376K(68608K)] 338088K->271528K(752128K), 0.0017161 secs] [Times: user=0.01 sys=0.00, real=0.00 secs] 
1516.736: [GC (Allocation Failure) [PSYoungGen: 67936K->1376K(68608K)] 338088K->271536K(752128K), 0.0014950 secs] [Times: user=0.01 sys=0.00, real=0.00 secs] 
1517.012: [GC (Allocation Failure) [PSYoungGen: 67936K->1376K(68608K)] 338096K->271536K(752128K), 0.0019041 secs] [Times: user=0.00 sys=0.00, real=0.00 secs] 
1517.423: [GC (Allocation Failure) [PSYoungGen: 67936K->1584K(68608K)] 338096K->271744K(752128K), 0.0014990 secs] [Times: user=0.00 sys=0.00, real=0.00 secs] 
1517.812: [GC (Allocation Failure) [PSYoungGen: 68144K->1552K(68608K)] 338304K->271712K(752128K), 0.0016385 secs] [Times: user=0.01 sys=0.00, real=0.00 secs] 
1518.203: [GC (Allocation Failure) [PSYoungGen: 68112K->1536K(68608K)] 338272K->271696K(752128K), 0.0016830 secs] [Times: user=0.01 sys=0.00, real=0.00 secs] 
1518.954: [GC (Allocation Failure) [PSYoungGen: 68096K->1472K(68608K)] 338256K->271632K(752128K), 0.0026651 secs] [Times: user=0.02 sys=0.00, real=0.00 secs] 
1519.553: [GC (Allocation Failure) [PSYoungGen: 68032K->1312K(68608K)] 338192K->271472K(752128K), 0.0033011 secs] [Times: user=0.01 sys=0.00, real=0.00 secs] 
1520.278: [GC (Allocation Failure) [PSYoungGen: 67872K->1408K(68608K)] 338032K->271568K(752128K), 0.0025749 secs] [Times: user=0.01 sys=0.00, real=0.00 secs] 
1521.278: [GC (Allocation Failure) [PSYoungGen: 67968K->1408K(68608K)] 338128K->271568K(752128K), 0.0036366 secs] [Times: user=0.01 sys=0.00, real=0.01 secs] 
1522.153: [GC (Allocation Failure) [PSYoungGen: 67900K->256K(68608K)] 338061K->270416K(752128K), 0.0037406 secs] [Times: user=0.01 sys=0.00, real=0.00 secs] 
1522.655: [GC (Allocation Failure) [PSYoungGen: 66816K->1581K(68608K)] 336976K->271741K(752128K), 0.0015444 secs] [Times: user=0.00 sys=0.00, real=0.00 secs] 
1523.045: [GC (Allocation Failure) [PSYoungGen: 68141K->1629K(68608K)] 338301K->271789K(752128K), 0.0015051 secs] [Times: user=0.01 sys=0.00, real=0.00 secs] 
1523.436: [GC (Allocation Failure) [PSYoungGen: 68189K->1581K(68608K)] 338349K->271757K(752128K), 0.0016139 secs] [Times: user=0.00 sys=0.00, real=0.00 secs] 
1523.823: [GC (Allocation Failure) [PSYoungGen: 68141K->1488K(68608K)] 338317K->271664K(752128K), 0.0019085 secs] [Times: user=0.00 sys=0.00, real=0.00 secs] 
1524.136: [GC (Allocation Failure) [PSYoungGen: 68048K->1376K(68608K)] 338224K->271552K(752128K), 0.0018170 secs] [Times: user=0.00 sys=0.00, real=0.00 secs] 
1524.420: [GC (Allocation Failure) [PSYoungGen: 67936K->1376K(68608K)] 338112K->271552K(752128K), 0.0017222 secs] [Times: user=0.00 sys=0.00, real=0.01 secs] 
1524.751: [GC (Allocation Failure) [PSYoungGen: 67936K->1440K(68608K)] 338112K->271616K(752128K), 0.0016627 secs] [Times: user=0.00 sys=0.00, real=0.01 secs] 
1525.153: [GC (Allocation Failure) [PSYoungGen: 68000K->1501K(68608K)] 338176K->271677K(752128K), 0.0015259 secs] [Times: user=0.00 sys=0.00, real=0.00 secs] 
1525.543: [GC (Allocation Failure) [PSYoungGen: 68061K->1581K(68608K)] 338237K->271757K(752128K), 0.0016127 secs] [Times: user=0.01 sys=0.00, real=0.00 secs] 
1525.932: [GC (Allocation Failure) [PSYoungGen: 68122K->1565K(68608K)] 338299K->271741K(752128K), 0.0014951 secs] [Times: user=0.01 sys=0.00, real=0.00 secs] 
1526.319: [GC (Allocation Failure) [PSYoungGen: 68125K->1613K(68608K)] 338301K->271805K(752128K), 0.0015288 secs] [Times: user=0.01 sys=0.00, real=0.00 secs] 
1526.686: [GC (Allocation Failure) [PSYoungGen: 68173K->1488K(68608K)] 338365K->271680K(752128K), 0.0016844 secs] [Times: user=0.01 sys=0.00, real=0.00 secs] 
1526.962: [GC (Allocation Failure) [PSYoungGen: 68048K->1392K(68608K)] 338240K->271584K(752128K), 0.0016845 secs] [Times: user=0.01 sys=0.00, real=0.00 secs] 
1527.305: [GC (Allocation Failure) [PSYoungGen: 67952K->1376K(68608K)] 338144K->271584K(752128K), 0.0015816 secs] [Times: user=0.01 sys=0.00, real=0.00 secs] 
1527.869: [GC (Allocation Failure) [PSYoungGen: 67936K->1344K(68608K)] 338144K->271552K(752128K), 0.0016983 secs] [Times: user=0.01 sys=0.00, real=0.00 secs] 
1528.517: [GC (Allocation Failure) [PSYoungGen: 67891K->1437K(68608K)] 338100K->271645K(752128K), 0.0017951 secs] [Times: user=0.00 sys=0.00, real=0.00 secs] 
1528.992: [GC (Allocation Failure) [PSYoungGen: 67997K->1616K(68608K)] 338205K->271824K(752128K), 0.0016149 secs] [Times: user=0.01 sys=0.01, real=0.00 secs] 
1529.384: [GC (Allocation Failure) [PSYoungGen: 68176K->1584K(68608K)] 338384K->271792K(752128K), 0.0016061 secs] [Times: user=0.01 sys=0.00, real=0.00 secs] 
1529.778: [GC (Allocation Failure) [PSYoungGen: 68144K->1517K(68608K)] 338352K->271741K(752128K), 0.0032485 secs] [Times: user=0.01 sys=0.00, real=0.01 secs] 
1530.261: [GC (Allocation Failure) [PSYoungGen: 68077K->1456K(68608K)] 338301K->271680K(752128K), 0.0027372 secs] [Times: user=0.01 sys=0.00, real=0.00 secs] 
1530.572: [GC (Allocation Failure) [PSYoungGen: 68016K->1344K(68608K)] 338240K->271568K(752128K), 0.0019477 secs] [Times: user=0.01 sys=0.00, real=0.00 secs] 
1531.003: [GC (Allocation Failure) [PSYoungGen: 67904K->1440K(68608K)] 338128K->271664K(752128K), 0.0019163 secs] [Times: user=0.01 sys=0.00, real=0.00 secs] 
1531.559: [GC (Allocation Failure) [PSYoungGen: 68000K->1360K(68608K)] 338224K->271584K(752128K), 0.0019031 secs] [Times: user=0.01 sys=0.00, real=0.00 secs] 
1532.090: [GC (Allocation Failure) [PSYoungGen: 67920K->1533K(68608K)] 338144K->271757K(752128K), 0.0015388 secs] [Times: user=0.01 sys=0.00, real=0.01 secs] 
1532.481: [GC (Allocation Failure) [PSYoungGen: 68093K->1581K(68608K)] 338317K->271805K(752128K), 0.0015775 secs] [Times: user=0.01 sys=0.00, real=0.01 secs] 
1532.870: [GC (Allocation Failure) [PSYoungGen: 68138K->1565K(68608K)] 338362K->271789K(752128K), 0.0016003 secs] [Times: user=0.01 sys=0.00, real=0.01 secs] 
1533.259: [GC (Allocation Failure) [PSYoungGen: 68125K->1613K(68608K)] 338349K->271853K(752128K), 0.0016266 secs] [Times: user=0.00 sys=0.00, real=0.00 secs] 
1534.778: [GC (Allocation Failure) [PSYoungGen: 68173K->1472K(68608K)] 338413K->271720K(752128K), 0.0034593 secs] [Times: user=0.01 sys=0.00, real=0.01 secs] 
1536.085: [GC (Allocation Failure) [PSYoungGen: 68032K->1408K(68608K)] 338280K->271656K(752128K), 0.0033335 secs] [Times: user=0.02 sys=0.00, real=0.00 secs] 
1536.697: [GC (Allocation Failure) [PSYoungGen: 67968K->1424K(68608K)] 338216K->271672K(752128K), 0.0028851 secs] [Times: user=0.01 sys=0.00, real=0.00 secs] 
1537.315: [GC (Allocation Failure) [PSYoungGen: 67984K->1376K(68608K)] 338232K->271624K(752128K), 0.0026808 secs] [Times: user=0.01 sys=0.00, real=0.00 secs] 
1537.850: [GC (Allocation Failure) [PSYoungGen: 67936K->1504K(68608K)] 338184K->271752K(752128K), 0.0014099 secs] [Times: user=0.00 sys=0.00, real=0.01 secs] 
1538.239: [GC (Allocation Failure) [PSYoungGen: 68064K->1552K(68608K)] 338312K->271800K(752128K), 0.0014766 secs] [Times: user=0.01 sys=0.00, real=0.00 secs] 
1538.630: [GC (Allocation Failure) [PSYoungGen: 68112K->1565K(68608K)] 338360K->271813K(752128K), 0.0015223 secs] [Times: user=0.00 sys=0.00, real=0.00 secs] 
1539.021: [GC (Allocation Failure) [PSYoungGen: 68125K->1581K(68608K)] 338373K->271845K(752128K), 0.0014837 secs] [Times: user=0.01 sys=0.00, real=0.01 secs] 
1540.298: [GC (Allocation Failure) [PSYoungGen: 68141K->1440K(68608K)] 338405K->271704K(752128K), 0.0025115 secs] [Times: user=0.01 sys=0.00, real=0.00 secs] 
1540.647: [GC (Allocation Failure) [PSYoungGen: 68000K->1376K(68608K)] 338264K->271656K(752128K), 0.0018827 secs] [Times: user=0.01 sys=0.00, real=0.00 secs] 
1540.924: [GC (Allocation Failure) [PSYoungGen: 67936K->1408K(68608K)] 338216K->271688K(752128K), 0.0019153 secs] [Times: user=0.00 sys=0.00, real=0.00 secs] 
1541.200: [GC (Allocation Failure) [PSYoungGen: 67968K->1408K(68608K)] 338248K->271688K(752128K), 0.0019536 secs] [Times: user=0.01 sys=0.00, real=0.01 secs] 
1541.617: [GC (Allocation Failure) [PSYoungGen: 67968K->1549K(68608K)] 338248K->271829K(752128K), 0.0015090 secs] [Times: user=0.00 sys=0.00, real=0.00 secs] 
1542.007: [GC (Allocation Failure) [PSYoungGen: 68109K->1565K(68608K)] 338389K->271845K(752128K), 0.0015778 secs] [Times: user=0.01 sys=0.00, real=0.00 secs] 
1542.395: [GC (Allocation Failure) [PSYoungGen: 68125K->1581K(68608K)] 338405K->271861K(752128K), 0.0015320 secs] [Times: user=0.01 sys=0.00, real=0.00 secs] 
1542.787: [GC (Allocation Failure) [PSYoungGen: 68141K->1581K(68608K)] 338421K->271885K(752128K), 0.0015869 secs] [Times: user=0.00 sys=0.00, real=0.00 secs] 
1544.329: [GC (Allocation Failure) [PSYoungGen: 68141K->1440K(68608K)] 338445K->271744K(752128K), 0.0035606 secs] [Times: user=0.02 sys=0.00, real=0.01 secs] 
1544.716: [GC (Allocation Failure) [PSYoungGen: 68000K->1360K(68608K)] 338304K->271664K(752128K), 0.0018728 secs] [Times: user=0.01 sys=0.00, real=0.00 secs] 
1545.042: [GC (Allocation Failure) [PSYoungGen: 67920K->1376K(68608K)] 338224K->271680K(752128K), 0.0018896 secs] [Times: user=0.01 sys=0.00, real=0.00 secs] 
1545.341: [GC (Allocation Failure) [PSYoungGen: 67936K->1376K(68608K)] 338240K->271680K(752128K), 0.0019638 secs] [Times: user=0.01 sys=0.00, real=0.00 secs] 
1545.733: [GC (Allocation Failure) [PSYoungGen: 67936K->1549K(68608K)] 338240K->271853K(752128K), 0.0014901 secs] [Times: user=0.00 sys=0.00, real=0.00 secs] 
1546.123: [GC (Allocation Failure) [PSYoungGen: 68109K->1549K(68608K)] 338413K->271853K(752128K), 0.0015357 secs] [Times: user=0.01 sys=0.00, real=0.00 secs] 
1546.513: [GC (Allocation Failure) [PSYoungGen: 68109K->1597K(68608K)] 338413K->271901K(752128K), 0.0014717 secs] [Times: user=0.01 sys=0.00, real=0.00 secs] 
1546.983: [GC (Allocation Failure) [PSYoungGen: 68157K->2016K(68608K)] 338461K->272328K(752128K), 0.0017844 secs] [Times: user=0.01 sys=0.00, real=0.00 secs] 
1547.778: [GC (Allocation Failure) [PSYoungGen: 68576K->1376K(68608K)] 338888K->271712K(752128K), 0.0016697 secs] [Times: user=0.01 sys=0.00, real=0.00 secs] 
1548.294: [GC (Allocation Failure) [PSYoungGen: 67936K->1376K(68608K)] 338272K->271712K(752128K), 0.0015897 secs] [Times: user=0.01 sys=0.00, real=0.00 secs] 
1548.885: [GC (Allocation Failure) [PSYoungGen: 67936K->1376K(68608K)] 338272K->271712K(752128K), 0.0019477 secs] [Times: user=0.01 sys=0.00, real=0.00 secs] 
1549.233: [GC (Allocation Failure) [PSYoungGen: 67936K->1408K(68608K)] 338272K->271744K(752128K), 0.0016839 secs] [Times: user=0.00 sys=0.00, real=0.00 secs] 
1549.661: [GC (Allocation Failure) [PSYoungGen: 67968K->1565K(68608K)] 338304K->271901K(752128K), 0.0016099 secs] [Times: user=0.01 sys=0.00, real=0.00 secs] 
1550.054: [GC (Allocation Failure) [PSYoungGen: 68125K->1552K(68608K)] 338461K->271888K(752128K), 0.0014733 secs] [Times: user=0.01 sys=0.00, real=0.00 secs] 
1550.515: [GC (Allocation Failure) [PSYoungGen: 68112K->1552K(68608K)] 338448K->271888K(752128K), 0.0016276 secs] [Times: user=0.01 sys=0.00, real=0.00 secs] 
1551.028: [GC (Allocation Failure) [PSYoungGen: 68112K->1520K(68608K)] 338448K->271864K(752128K), 0.0020656 secs] [Times: user=0.01 sys=0.00, real=0.00 secs] 
1551.594: [GC (Allocation Failure) [PSYoungGen: 68080K->1392K(68608K)] 338424K->271736K(752128K), 0.0028901 secs] [Times: user=0.02 sys=0.00, real=0.00 secs] 
1552.218: [GC (Allocation Failure) [PSYoungGen: 67952K->1376K(68608K)] 338296K->271720K(752128K), 0.0021431 secs] [Times: user=0.01 sys=0.00, real=0.00 secs] 
1552.725: [GC (Allocation Failure) [PSYoungGen: 67936K->1344K(68608K)] 338280K->271688K(752128K), 0.0019591 secs] [Times: user=0.01 sys=0.00, real=0.00 secs] 
1553.301: [GC (Allocation Failure) [PSYoungGen: 67904K->1456K(68608K)] 338248K->271800K(752128K), 0.0028229 secs] [Times: user=0.01 sys=0.00, real=0.01 secs] 
1553.776: [GC (Allocation Failure) [PSYoungGen: 68016K->1597K(68608K)] 338360K->271941K(752128K), 0.0014986 secs] [Times: user=0.00 sys=0.00, real=0.00 secs] 
1554.168: [GC (Allocation Failure) [PSYoungGen: 68157K->1549K(68608K)] 338501K->271893K(752128K), 0.0016753 secs] [Times: user=0.01 sys=0.00, real=0.00 secs] 
1554.560: [GC (Allocation Failure) [PSYoungGen: 68109K->1584K(68608K)] 338453K->271936K(752128K), 0.0016747 secs] [Times: user=0.01 sys=0.00, real=0.01 secs] 
1554.934: [GC (Allocation Failure) [PSYoungGen: 68144K->1472K(68608K)] 338496K->271824K(752128K), 0.0018008 secs] [Times: user=0.01 sys=0.00, real=0.00 secs] 
1555.210: [GC (Allocation Failure) [PSYoungGen: 68032K->1408K(68608K)] 338384K->271760K(752128K), 0.0016378 secs] [Times: user=0.00 sys=0.00, real=0.01 secs] 
1555.498: [GC (Allocation Failure) [PSYoungGen: 67968K->1376K(68608K)] 338320K->271728K(752128K), 0.0016113 secs] [Times: user=0.01 sys=0.00, real=0.00 secs] 
1556.047: [GC (Allocation Failure) [PSYoungGen: 67936K->1392K(68608K)] 338288K->271744K(752128K), 0.0014327 secs] [Times: user=0.01 sys=0.00, real=0.00 secs] 
1556.704: [GC (Allocation Failure) [PSYoungGen: 67952K->1472K(68608K)] 338304K->271824K(752128K), 0.0020894 secs] [Times: user=0.01 sys=0.00, real=0.00 secs] 
1557.133: [GC (Allocation Failure) [PSYoungGen: 68032K->1581K(68608K)] 338384K->271933K(752128K), 0.0015362 secs] [Times: user=0.01 sys=0.00, real=0.00 secs] 
1557.522: [GC (Allocation Failure) [PSYoungGen: 68141K->1597K(68608K)] 338493K->271949K(752128K), 0.0016505 secs] [Times: user=0.01 sys=0.00, real=0.00 secs] 
1557.914: [GC (Allocation Failure) [PSYoungGen: 68151K->1565K(68608K)] 338504K->271933K(752128K), 0.0015439 secs] [Times: user=0.01 sys=0.00, real=0.00 secs] 
1558.971: [GC (Allocation Failure) [PSYoungGen: 68125K->1424K(68608K)] 338493K->271792K(752128K), 0.0041273 secs] [Times: user=0.02 sys=0.00, real=0.00 secs] 
1559.554: [GC (Allocation Failure) [PSYoungGen: 67984K->1408K(68608K)] 338352K->271776K(752128K), 0.0024063 secs] [Times: user=0.01 sys=0.00, real=0.00 secs] 
1560.129: [GC (Allocation Failure) [PSYoungGen: 67968K->1408K(68608K)] 338336K->271776K(752128K), 0.0023825 secs] [Times: user=0.01 sys=0.00, real=0.00 secs] 
1560.505: [GC (Allocation Failure) [PSYoungGen: 67968K->1376K(68608K)] 338336K->271744K(752128K), 0.0016410 secs] [Times: user=0.01 sys=0.00, real=0.00 secs] 
1561.000: [GC (Allocation Failure) [PSYoungGen: 67936K->1501K(68608K)] 338304K->271869K(752128K), 0.0014246 secs] [Times: user=0.00 sys=0.00, real=0.01 secs] 
1561.390: [GC (Allocation Failure) [PSYoungGen: 68061K->1600K(68608K)] 338429K->271968K(752128K), 0.0015175 secs] [Times: user=0.00 sys=0.00, real=0.01 secs] 
1561.780: [GC (Allocation Failure) [PSYoungGen: 68160K->1581K(68608K)] 338528K->271949K(752128K), 0.0015154 secs] [Times: user=0.00 sys=0.00, real=0.01 secs] 
1562.172: [GC (Allocation Failure) [PSYoungGen: 68141K->1584K(68608K)] 338509K->271960K(752128K), 0.0015206 secs] [Times: user=0.01 sys=0.00, real=0.00 secs] 
1563.049: [GC (Allocation Failure) [PSYoungGen: 68144K->1424K(68608K)] 338520K->271800K(752128K), 0.0022610 secs] [Times: user=0.01 sys=0.00, real=0.00 secs] 
1563.653: [GC (Allocation Failure) [PSYoungGen: 67984K->1344K(68608K)] 338360K->271720K(752128K), 0.0021879 secs] [Times: user=0.01 sys=0.00, real=0.00 secs] 
1564.218: [GC (Allocation Failure) [PSYoungGen: 67904K->1376K(68608K)] 338280K->271752K(752128K), 0.0019294 secs] [Times: user=0.01 sys=0.00, real=0.00 secs] 
1564.502: [GC (Allocation Failure) [PSYoungGen: 67936K->1392K(68608K)] 338312K->271768K(752128K), 0.0017076 secs] [Times: user=0.01 sys=0.00, real=0.00 secs] 
1564.892: [GC (Allocation Failure) [PSYoungGen: 67952K->1549K(68608K)] 338328K->271925K(752128K), 0.0015352 secs] [Times: user=0.01 sys=0.00, real=0.00 secs] 
1565.283: [GC (Allocation Failure) [PSYoungGen: 68109K->1597K(68608K)] 338485K->271973K(752128K), 0.0016090 secs] [Times: user=0.01 sys=0.00, real=0.00 secs] 
1565.673: [GC (Allocation Failure) [PSYoungGen: 68157K->1613K(68608K)] 338533K->271989K(752128K), 0.0015163 secs] [Times: user=0.01 sys=0.00, real=0.00 secs] 
1566.125: [GC (Allocation Failure) [PSYoungGen: 68173K->1581K(68608K)] 338549K->271973K(752128K), 0.0017170 secs] [Times: user=0.01 sys=0.00, real=0.00 secs] 
1566.572: [GC (Allocation Failure) [PSYoungGen: 68141K->1408K(68608K)] 338533K->271800K(752128K), 0.0019405 secs] [Times: user=0.01 sys=0.00, real=0.00 secs] 
1567.104: [GC (Allocation Failure) [PSYoungGen: 67968K->1376K(68608K)] 338360K->271768K(752128K), 0.0018629 secs] [Times: user=0.00 sys=0.00, real=0.00 secs] 
1567.708: [GC (Allocation Failure) [PSYoungGen: 67936K->1376K(68608K)] 338328K->271768K(752128K), 0.0035976 secs] [Times: user=0.02 sys=0.00, real=0.01 secs] 
1568.283: [GC (Allocation Failure) [PSYoungGen: 67936K->1376K(68608K)] 338328K->271784K(752128K), 0.0029654 secs] [Times: user=0.01 sys=0.00, real=0.00 secs] 
1568.924: [GC (Allocation Failure) [PSYoungGen: 67936K->1581K(68608K)] 338344K->271989K(752128K), 0.0015041 secs] [Times: user=0.00 sys=0.00, real=0.00 secs] 
1569.315: [GC (Allocation Failure) [PSYoungGen: 68141K->1613K(68608K)] 338549K->272021K(752128K), 0.0016192 secs] [Times: user=0.00 sys=0.00, real=0.00 secs] 
1569.708: [GC (Allocation Failure) [PSYoungGen: 68173K->1565K(68608K)] 338581K->271973K(752128K), 0.0015196 secs] [Times: user=0.00 sys=0.00, real=0.00 secs] 
1570.100: [GC (Allocation Failure) [PSYoungGen: 68125K->1629K(68608K)] 338533K->272053K(752128K), 0.0015393 secs] [Times: user=0.01 sys=0.00, real=0.01 secs] 
1571.007: [GC (Allocation Failure) [PSYoungGen: 68189K->1440K(68608K)] 338613K->271864K(752128K), 0.0027240 secs] [Times: user=0.01 sys=0.00, real=0.00 secs] 
1571.623: [GC (Allocation Failure) [PSYoungGen: 68000K->1376K(68608K)] 338424K->271800K(752128K), 0.0025062 secs] [Times: user=0.01 sys=0.00, real=0.00 secs] 
1572.275: [GC (Allocation Failure) [PSYoungGen: 67936K->1376K(68608K)] 338360K->271800K(752128K), 0.0027123 secs] [Times: user=0.01 sys=0.00, real=0.00 secs] 
1572.919: [GC (Allocation Failure) [PSYoungGen: 67936K->1408K(68608K)] 338360K->271832K(752128K), 0.0025948 secs] [Times: user=0.02 sys=0.00, real=0.01 secs] 
1573.515: [GC (Allocation Failure) [PSYoungGen: 67968K->1565K(68608K)] 338392K->271989K(752128K), 0.0014327 secs] [Times: user=0.01 sys=0.00, real=0.00 secs] 
1573.962: [GC (Allocation Failure) [PSYoungGen: 68125K->1597K(68608K)] 338549K->272021K(752128K), 0.0015880 secs] [Times: user=0.00 sys=0.00, real=0.00 secs] 
1574.352: [GC (Allocation Failure) [PSYoungGen: 68157K->1597K(68608K)] 338581K->272021K(752128K), 0.0016646 secs] [Times: user=0.00 sys=0.00, real=0.00 secs] 
1574.849: [GC (Allocation Failure) [PSYoungGen: 68157K->1632K(68608K)] 338581K->272064K(752128K), 0.0016755 secs] [Times: user=0.01 sys=0.00, real=0.00 secs] 
1575.349: [GC (Allocation Failure) [PSYoungGen: 68192K->1408K(68608K)] 338624K->271840K(752128K), 0.0029503 secs] [Times: user=0.01 sys=0.00, real=0.01 secs] 
1575.860: [GC (Allocation Failure) [PSYoungGen: 67968K->1424K(68608K)] 338400K->271864K(752128K), 0.0027313 secs] [Times: user=0.01 sys=0.00, real=0.01 secs] 
1576.412: [GC (Allocation Failure) [PSYoungGen: 67984K->1440K(68608K)] 338424K->271880K(752128K), 0.0025639 secs] [Times: user=0.01 sys=0.00, real=0.00 secs] 
1576.990: [GC (Allocation Failure) [PSYoungGen: 68000K->1408K(68608K)] 338440K->271848K(752128K), 0.0023695 secs] [Times: user=0.01 sys=0.00, real=0.01 secs] 
1577.493: [GC (Allocation Failure) [PSYoungGen: 67968K->1565K(68608K)] 338408K->272005K(752128K), 0.0016864 secs] [Times: user=0.00 sys=0.00, real=0.00 secs] 
1577.885: [GC (Allocation Failure) [PSYoungGen: 68125K->1613K(68608K)] 338565K->272061K(752128K), 0.0015597 secs] [Times: user=0.01 sys=0.00, real=0.00 secs] 
1578.274: [GC (Allocation Failure) [PSYoungGen: 68173K->1629K(68608K)] 338621K->272085K(752128K), 0.0015984 secs] [Times: user=0.01 sys=0.00, real=0.00 secs] 
1578.664: [GC (Allocation Failure) [PSYoungGen: 68189K->1472K(68608K)] 338645K->271952K(752128K), 0.0016525 secs] [Times: user=0.01 sys=0.00, real=0.00 secs] 
1578.952: [GC (Allocation Failure) [PSYoungGen: 68032K->1376K(68608K)] 338512K->271856K(752128K), 0.0015211 secs] [Times: user=0.00 sys=0.00, real=0.00 secs] 
1579.227: [GC (Allocation Failure) [PSYoungGen: 67936K->1344K(68608K)] 338416K->271824K(752128K), 0.0014931 secs] [Times: user=0.00 sys=0.00, real=0.00 secs] 
1579.504: [GC (Allocation Failure) [PSYoungGen: 67904K->1392K(68608K)] 338384K->271872K(752128K), 0.0029354 secs] [Times: user=0.01 sys=0.00, real=0.00 secs] 
1579.782: [GC (Allocation Failure) [PSYoungGen: 67952K->1408K(68608K)] 338432K->271888K(752128K), 0.0019938 secs] [Times: user=0.01 sys=0.00, real=0.00 secs] 
1580.209: [GC (Allocation Failure) [PSYoungGen: 67968K->1581K(68608K)] 338448K->272061K(752128K), 0.0014879 secs] [Times: user=0.00 sys=0.00, real=0.00 secs] 
1580.669: [GC (Allocation Failure) [PSYoungGen: 68141K->1581K(68608K)] 338621K->272061K(752128K), 0.0015145 secs] [Times: user=0.00 sys=0.00, real=0.00 secs] 
1581.060: [GC (Allocation Failure) [PSYoungGen: 68141K->1568K(68608K)] 338621K->272056K(752128K), 0.0018327 secs] [Times: user=0.01 sys=0.00, real=0.01 secs] 
1581.778: [GC (Allocation Failure) [PSYoungGen: 68128K->1504K(68608K)] 338616K->271992K(752128K), 0.0024543 secs] [Times: user=0.01 sys=0.00, real=0.00 secs] 
1582.551: [GC (Allocation Failure) [PSYoungGen: 68064K->1376K(68608K)] 338552K->271864K(752128K), 0.0027388 secs] [Times: user=0.01 sys=0.00, real=0.00 secs] 
1583.288: [GC (Allocation Failure) [PSYoungGen: 67936K->1376K(68608K)] 338424K->271864K(752128K), 0.0020045 secs] [Times: user=0.01 sys=0.00, real=0.00 secs] 
1583.985: [GC (Allocation Failure) [PSYoungGen: 67936K->1440K(68608K)] 338424K->271928K(752128K), 0.0027663 secs] [Times: user=0.02 sys=0.00, real=0.00 secs] 
1584.852: [GC (Allocation Failure) [PSYoungGen: 68000K->1488K(68608K)] 338488K->271976K(752128K), 0.0021318 secs] [Times: user=0.01 sys=0.00, real=0.00 secs] 
1585.290: [GC (Allocation Failure) [PSYoungGen: 68048K->1581K(68608K)] 338536K->272069K(752128K), 0.0015727 secs] [Times: user=0.00 sys=0.00, real=0.00 secs] 
1585.680: [GC (Allocation Failure) [PSYoungGen: 68141K->1613K(68608K)] 338629K->272101K(752128K), 0.0017634 secs] [Times: user=0.00 sys=0.00, real=0.01 secs] 
1586.070: [GC (Allocation Failure) [PSYoungGen: 68159K->1600K(68608K)] 338647K->272104K(752128K), 0.0017250 secs] [Times: user=0.00 sys=0.00, real=0.01 secs] 
1586.785: [GC (Allocation Failure) [PSYoungGen: 68160K->1504K(68608K)] 338664K->272008K(752128K), 0.0021295 secs] [Times: user=0.01 sys=0.00, real=0.00 secs] 
1587.062: [GC (Allocation Failure) [PSYoungGen: 68064K->1408K(68608K)] 338568K->271912K(752128K), 0.0019719 secs] [Times: user=0.01 sys=0.00, real=0.00 secs] 
1587.338: [GC (Allocation Failure) [PSYoungGen: 67968K->1360K(68608K)] 338472K->271864K(752128K), 0.0018889 secs] [Times: user=0.01 sys=0.00, real=0.00 secs] 
1587.615: [GC (Allocation Failure) [PSYoungGen: 67920K->1312K(68608K)] 338424K->271816K(752128K), 0.0017884 secs] [Times: user=0.01 sys=0.00, real=0.00 secs] 
1588.280: [GC (Allocation Failure) [PSYoungGen: 67872K->1533K(68608K)] 338376K->272037K(752128K), 0.0015865 secs] [Times: user=0.00 sys=0.00, real=0.01 secs] 
1588.670: [GC (Allocation Failure) [PSYoungGen: 68093K->1597K(68608K)] 338597K->272101K(752128K), 0.0016706 secs] [Times: user=0.00 sys=0.00, real=0.01 secs] 
1589.058: [GC (Allocation Failure) [PSYoungGen: 68157K->1597K(68608K)] 338661K->272133K(752128K), 0.0017534 secs] [Times: user=0.01 sys=0.00, real=0.00 secs] 
1589.451: [GC (Allocation Failure) [PSYoungGen: 68157K->1629K(68608K)] 338693K->272181K(752128K), 0.0016655 secs] [Times: user=0.00 sys=0.00, real=0.01 secs] 
1590.769: [GC (Allocation Failure) [PSYoungGen: 68189K->1440K(68608K)] 338741K->271992K(752128K), 0.0035509 secs] [Times: user=0.01 sys=0.00, real=0.01 secs] 
1591.367: [GC (Allocation Failure) [PSYoungGen: 68000K->1408K(68608K)] 338552K->271960K(752128K), 0.0023455 secs] [Times: user=0.01 sys=0.00, real=0.00 secs] 
1591.925: [GC (Allocation Failure) [PSYoungGen: 67968K->1408K(68608K)] 338520K->271960K(752128K), 0.0030946 secs] [Times: user=0.01 sys=0.00, real=0.00 secs] 
1592.226: [GC (Allocation Failure) [PSYoungGen: 67968K->1408K(68608K)] 338520K->271960K(752128K), 0.0019669 secs] [Times: user=0.01 sys=0.00, real=0.00 secs] 
1592.580: [GC (Allocation Failure) [PSYoungGen: 67968K->1501K(68608K)] 338520K->272053K(752128K), 0.0015272 secs] [Times: user=0.00 sys=0.00, real=0.01 secs] 
1592.970: [GC (Allocation Failure) [PSYoungGen: 68061K->1581K(68608K)] 338613K->272133K(752128K), 0.0015503 secs] [Times: user=0.01 sys=0.00, real=0.01 secs] 
1593.359: [GC (Allocation Failure) [PSYoungGen: 68141K->1549K(68608K)] 338693K->272101K(752128K), 0.0015938 secs] [Times: user=0.01 sys=0.00, real=0.00 secs] 
1593.749: [GC (Allocation Failure) [PSYoungGen: 68109K->1632K(68608K)] 338661K->272200K(752128K), 0.0016000 secs] [Times: user=0.00 sys=0.00, real=0.00 secs] 
1594.354: [GC (Allocation Failure) [PSYoungGen: 68192K->1456K(68608K)] 338760K->272024K(752128K), 0.0018036 secs] [Times: user=0.00 sys=0.00, real=0.00 secs] 
1594.795: [GC (Allocation Failure) [PSYoungGen: 68016K->1408K(68608K)] 338584K->271976K(752128K), 0.0023591 secs] [Times: user=0.01 sys=0.00, real=0.00 secs] 
1595.070: [GC (Allocation Failure) [PSYoungGen: 67968K->1408K(68608K)] 338536K->271976K(752128K), 0.0020082 secs] [Times: user=0.00 sys=0.00, real=0.01 secs] 
1595.346: [GC (Allocation Failure) [PSYoungGen: 67968K->1408K(68608K)] 338536K->271976K(752128K), 0.0018647 secs] [Times: user=0.01 sys=0.00, real=0.00 secs] 
1595.901: [GC (Allocation Failure) [PSYoungGen: 67968K->1485K(68608K)] 338536K->272053K(752128K), 0.0015381 secs] [Times: user=0.01 sys=0.00, real=0.00 secs] 
1596.291: [GC (Allocation Failure) [PSYoungGen: 68045K->1565K(68608K)] 338613K->272133K(752128K), 0.0015636 secs] [Times: user=0.00 sys=0.00, real=0.01 secs] 
1596.682: [GC (Allocation Failure) [PSYoungGen: 68125K->1565K(68608K)] 338693K->272133K(752128K), 0.0017239 secs] [Times: user=0.01 sys=0.00, real=0.00 secs] 
1597.133: [GC (Allocation Failure) [PSYoungGen: 68125K->1549K(68608K)] 338693K->272141K(752128K), 0.0017234 secs] [Times: user=0.01 sys=0.00, real=0.00 secs] 
1597.716: [GC (Allocation Failure) [PSYoungGen: 68109K->1408K(68608K)] 338701K->272016K(752128K), 0.0030173 secs] [Times: user=0.01 sys=0.00, real=0.00 secs] 
1598.266: [GC (Allocation Failure) [PSYoungGen: 67968K->1392K(68608K)] 338576K->272000K(752128K), 0.0023663 secs] [Times: user=0.01 sys=0.00, real=0.00 secs] 
1598.679: [GC (Allocation Failure) [PSYoungGen: 67952K->1408K(68608K)] 338560K->272016K(752128K), 0.0019167 secs] [Times: user=0.01 sys=0.00, real=0.01 secs] 
1599.171: [GC (Allocation Failure) [PSYoungGen: 67968K->1312K(68608K)] 338576K->271920K(752128K), 0.0017578 secs] [Times: user=0.01 sys=0.00, real=0.01 secs] 
1599.681: [GC (Allocation Failure) [PSYoungGen: 67872K->1472K(68608K)] 338480K->272080K(752128K), 0.0014750 secs] [Times: user=0.00 sys=0.00, real=0.01 secs] 
1600.077: [GC (Allocation Failure) [PSYoungGen: 68032K->1581K(68608K)] 338640K->272189K(752128K), 0.0014889 secs] [Times: user=0.01 sys=0.00, real=0.00 secs] 
1600.529: [GC (Allocation Failure) [PSYoungGen: 68141K->1597K(68608K)] 338749K->272205K(752128K), 0.0015823 secs] [Times: user=0.01 sys=0.00, real=0.00 secs] 
1600.921: [GC (Allocation Failure) [PSYoungGen: 68157K->1613K(68608K)] 338765K->272237K(752128K), 0.0015556 secs] [Times: user=0.00 sys=0.00, real=0.01 secs] 
1601.203: [GC (Allocation Failure) [PSYoungGen: 68173K->1440K(68608K)] 338797K->272064K(752128K), 0.0019089 secs] [Times: user=0.01 sys=0.00, real=0.00 secs] 
1601.479: [GC (Allocation Failure) [PSYoungGen: 68000K->1408K(68608K)] 338624K->272032K(752128K), 0.0018214 secs] [Times: user=0.01 sys=0.00, real=0.01 secs] 
1601.757: [GC (Allocation Failure) [PSYoungGen: 67968K->1376K(68608K)] 338592K->272000K(752128K), 0.0016761 secs] [Times: user=0.00 sys=0.00, real=0.00 secs] 
1602.221: [GC (Allocation Failure) [PSYoungGen: 67936K->1376K(68608K)] 338560K->272000K(752128K), 0.0017342 secs] [Times: user=0.01 sys=0.00, real=0.01 secs] 
1602.699: [GC (Allocation Failure) [PSYoungGen: 67936K->1549K(68608K)] 338560K->272173K(752128K), 0.0015661 secs] [Times: user=0.00 sys=0.00, real=0.00 secs] 
1603.090: [GC (Allocation Failure) [PSYoungGen: 68109K->1565K(68608K)] 338733K->272189K(752128K), 0.0016175 secs] [Times: user=0.00 sys=0.00, real=0.00 secs] 
1603.478: [GC (Allocation Failure) [PSYoungGen: 68125K->1568K(68608K)] 338749K->272192K(752128K), 0.0015000 secs] [Times: user=0.00 sys=0.00, real=0.00 secs] 
1603.936: [GC (Allocation Failure) [PSYoungGen: 68128K->2032K(68608K)] 338752K->272664K(752128K), 0.0017486 secs] [Times: user=0.01 sys=0.00, real=0.00 secs] 
1604.575: [GC (Allocation Failure) [PSYoungGen: 68592K->1376K(68608K)] 339224K->272008K(752128K), 0.0016397 secs] [Times: user=0.01 sys=0.00, real=0.00 secs] 
1604.976: [GC (Allocation Failure) [PSYoungGen: 67936K->1408K(68608K)] 338568K->272040K(752128K), 0.0019381 secs] [Times: user=0.01 sys=0.00, real=0.00 secs] 
1605.253: [GC (Allocation Failure) [PSYoungGen: 67968K->1376K(68608K)] 338600K->272008K(752128K), 0.0018865 secs] [Times: user=0.00 sys=0.00, real=0.00 secs] 
1605.528: [GC (Allocation Failure) [PSYoungGen: 67936K->1376K(68608K)] 338568K->272008K(752128K), 0.0018560 secs] [Times: user=0.01 sys=0.00, real=0.00 secs] 
1605.936: [GC (Allocation Failure) [PSYoungGen: 67936K->1613K(68608K)] 338568K->272245K(752128K), 0.0014999 secs] [Times: user=0.00 sys=0.00, real=0.00 secs] 
1606.327: [GC (Allocation Failure) [PSYoungGen: 68159K->1613K(68608K)] 338791K->272245K(752128K), 0.0016451 secs] [Times: user=0.00 sys=0.00, real=0.00 secs] 
1606.717: [GC (Allocation Failure) [PSYoungGen: 68173K->1549K(68608K)] 338805K->272205K(752128K), 0.0015330 secs] [Times: user=0.01 sys=0.00, real=0.00 secs] 
1607.931: [GC (Allocation Failure) [PSYoungGen: 68109K->1472K(68608K)] 338765K->272128K(752128K), 0.0033808 secs] [Times: user=0.01 sys=0.00, real=0.01 secs] 
1608.623: [GC (Allocation Failure) [PSYoungGen: 68032K->1440K(68608K)] 338688K->272096K(752128K), 0.0030532 secs] [Times: user=0.01 sys=0.00, real=0.00 secs] 
1608.911: [GC (Allocation Failure) [PSYoungGen: 68000K->1376K(68608K)] 338656K->272032K(752128K), 0.0018296 secs] [Times: user=0.01 sys=0.00, real=0.00 secs] 
1609.188: [GC (Allocation Failure) [PSYoungGen: 67936K->1408K(68608K)] 338592K->272064K(752128K), 0.0016882 secs] [Times: user=0.01 sys=0.00, real=0.00 secs] 
1609.540: [GC (Allocation Failure) [PSYoungGen: 67968K->1485K(68608K)] 338624K->272141K(752128K), 0.0017927 secs] [Times: user=0.01 sys=0.00, real=0.01 secs] 
1609.937: [GC (Allocation Failure) [PSYoungGen: 68045K->1613K(68608K)] 338701K->272269K(752128K), 0.0015199 secs] [Times: user=0.01 sys=0.00, real=0.00 secs] 
1610.389: [GC (Allocation Failure) [PSYoungGen: 68173K->1549K(68608K)] 338829K->272205K(752128K), 0.0017680 secs] [Times: user=0.01 sys=0.00, real=0.00 secs] 
1610.780: [GC (Allocation Failure) [PSYoungGen: 68109K->1565K(68608K)] 338765K->272237K(752128K), 0.0017288 secs] [Times: user=0.00 sys=0.00, real=0.01 secs] 
1611.149: [GC (Allocation Failure) [PSYoungGen: 68125K->1536K(68608K)] 338797K->272208K(752128K), 0.0020674 secs] [Times: user=0.00 sys=0.00, real=0.00 secs] 
1611.426: [GC (Allocation Failure) [PSYoungGen: 68096K->1376K(68608K)] 338768K->272048K(752128K), 0.0019042 secs] [Times: user=0.01 sys=0.00, real=0.00 secs] 
1611.703: [GC (Allocation Failure) [PSYoungGen: 67936K->1344K(68608K)] 338608K->272016K(752128K), 0.0018881 secs] [Times: user=0.00 sys=0.00, real=0.00 secs] 
1611.980: [GC (Allocation Failure) [PSYoungGen: 67904K->1440K(68608K)] 338576K->272112K(752128K), 0.0016861 secs] [Times: user=0.00 sys=0.00, real=0.01 secs] 
1612.344: [GC (Allocation Failure) [PSYoungGen: 68000K->1488K(68608K)] 338672K->272168K(752128K), 0.0015848 secs] [Times: user=0.00 sys=0.00, real=0.00 secs] 
1612.734: [GC (Allocation Failure) [PSYoungGen: 68048K->1581K(68608K)] 338728K->272261K(752128K), 0.0015807 secs] [Times: user=0.01 sys=0.00, real=0.00 secs] 
1613.125: [GC (Allocation Failure) [PSYoungGen: 68141K->1581K(68608K)] 338821K->272261K(752128K), 0.0015197 secs] [Times: user=0.01 sys=0.00, real=0.00 secs] 
1613.516: [GC (Allocation Failure) [PSYoungGen: 68141K->1549K(68608K)] 338821K->272245K(752128K), 0.0015628 secs] [Times: user=0.01 sys=0.00, real=0.00 secs] 
1613.860: [GC (Allocation Failure) [PSYoungGen: 68109K->1456K(68608K)] 338805K->272152K(752128K), 0.0018526 secs] [Times: user=0.01 sys=0.00, real=0.01 secs] 
1614.137: [GC (Allocation Failure) [PSYoungGen: 68016K->1392K(68608K)] 338712K->272088K(752128K), 0.0016536 secs] [Times: user=0.01 sys=0.00, real=0.00 secs] 
1614.413: [GC (Allocation Failure) [PSYoungGen: 67952K->1376K(68608K)] 338648K->272072K(752128K), 0.0015147 secs] [Times: user=0.00 sys=0.00, real=0.00 secs] 
1614.697: [GC (Allocation Failure) [PSYoungGen: 67936K->1376K(68608K)] 338632K->272072K(752128K), 0.0017344 secs] [Times: user=0.01 sys=0.00, real=0.00 secs] 
1615.062: [GC (Allocation Failure) [PSYoungGen: 67936K->1501K(68608K)] 338632K->272197K(752128K), 0.0015379 secs] [Times: user=0.01 sys=0.00, real=0.00 secs] 
1615.513: [GC (Allocation Failure) [PSYoungGen: 68061K->1661K(68608K)] 338757K->272357K(752128K), 0.0015727 secs] [Times: user=0.01 sys=0.00, real=0.00 secs] 
1615.904: [GC (Allocation Failure) [PSYoungGen: 68221K->1613K(68608K)] 338917K->272309K(752128K), 0.0017299 secs] [Times: user=0.01 sys=0.00, real=0.00 secs] 
1616.298: [GC (Allocation Failure) [PSYoungGen: 68173K->1597K(68608K)] 338869K->272325K(752128K), 0.0017084 secs] [Times: user=0.01 sys=0.00, real=0.00 secs] 
1616.891: [GC (Allocation Failure) [PSYoungGen: 68157K->1456K(68608K)] 338885K->272184K(752128K), 0.0037193 secs] [Times: user=0.02 sys=0.00, real=0.01 secs] 
1617.457: [GC (Allocation Failure) [PSYoungGen: 68016K->1408K(68608K)] 338744K->272136K(752128K), 0.0028565 secs] [Times: user=0.01 sys=0.00, real=0.00 secs] 
1618.020: [GC (Allocation Failure) [PSYoungGen: 67968K->1376K(68608K)] 338696K->272104K(752128K), 0.0025357 secs] [Times: user=0.01 sys=0.00, real=0.01 secs] 
1618.417: [GC (Allocation Failure) [PSYoungGen: 67936K->1376K(68608K)] 338664K->272112K(752128K), 0.0019793 secs] [Times: user=0.01 sys=0.00, real=0.00 secs] 
1618.820: [GC (Allocation Failure) [PSYoungGen: 67936K->1501K(68608K)] 338672K->272237K(752128K), 0.0015204 secs] [Times: user=0.01 sys=0.00, real=0.01 secs] 
1619.210: [GC (Allocation Failure) [PSYoungGen: 68061K->1613K(68608K)] 338797K->272349K(752128K), 0.0015989 secs] [Times: user=0.00 sys=0.00, real=0.01 secs] 
1619.600: [GC (Allocation Failure) [PSYoungGen: 68173K->1613K(68608K)] 338909K->272349K(752128K), 0.0014869 secs] [Times: user=0.00 sys=0.00, real=0.01 secs] 
1619.993: [GC (Allocation Failure) [PSYoungGen: 68173K->1549K(68608K)] 338909K->272301K(752128K), 0.0015054 secs] [Times: user=0.00 sys=0.00, real=0.00 secs] 
1620.334: [GC (Allocation Failure) [PSYoungGen: 68109K->1440K(68608K)] 338861K->272192K(752128K), 0.0017228 secs] [Times: user=0.00 sys=0.00, real=0.00 secs] 
1620.611: [GC (Allocation Failure) [PSYoungGen: 68000K->1376K(68608K)] 338752K->272128K(752128K), 0.0017049 secs] [Times: user=0.01 sys=0.00, real=0.01 secs] 
1620.887: [GC (Allocation Failure) [PSYoungGen: 67936K->1376K(68608K)] 338688K->272128K(752128K), 0.0017434 secs] [Times: user=0.00 sys=0.00, real=0.00 secs] 
1621.163: [GC (Allocation Failure) [PSYoungGen: 67936K->1408K(68608K)] 338688K->272160K(752128K), 0.0017450 secs] [Times: user=0.01 sys=0.00, real=0.00 secs] 
1621.548: [GC (Allocation Failure) [PSYoungGen: 67968K->1549K(68608K)] 338720K->272301K(752128K), 0.0014237 secs] [Times: user=0.01 sys=0.00, real=0.00 secs] 
1621.938: [GC (Allocation Failure) [PSYoungGen: 68109K->1613K(68608K)] 338861K->272365K(752128K), 0.0016182 secs] [Times: user=0.01 sys=0.00, real=0.00 secs] 
1622.338: [GC (Allocation Failure) [PSYoungGen: 68173K->1581K(68608K)] 338925K->272333K(752128K), 0.0015287 secs] [Times: user=0.01 sys=0.00, real=0.00 secs] 
1622.729: [GC (Allocation Failure) [PSYoungGen: 68141K->1613K(68608K)] 338893K->272373K(752128K), 0.0015383 secs] [Times: user=0.00 sys=0.00, real=0.00 secs] 
1623.032: [GC (Allocation Failure) [PSYoungGen: 68173K->1408K(68608K)] 338933K->272168K(752128K), 0.0020030 secs] [Times: user=0.01 sys=0.00, real=0.00 secs] 
1623.308: [GC (Allocation Failure) [PSYoungGen: 67968K->1408K(68608K)] 338728K->272168K(752128K), 0.0016850 secs] [Times: user=0.01 sys=0.00, real=0.00 secs] 
1623.585: [GC (Allocation Failure) [PSYoungGen: 67968K->1408K(68608K)] 338728K->272168K(752128K), 0.0015970 secs] [Times: user=0.01 sys=0.00, real=0.00 secs] 
1623.861: [GC (Allocation Failure) [PSYoungGen: 67968K->1408K(68608K)] 338728K->272168K(752128K), 0.0017349 secs] [Times: user=0.01 sys=0.00, real=0.01 secs] 
1624.240: [GC (Allocation Failure) [PSYoungGen: 67968K->1549K(68608K)] 338728K->272309K(752128K), 0.0015943 secs] [Times: user=0.01 sys=0.00, real=0.01 secs] 
1624.630: [GC (Allocation Failure) [PSYoungGen: 68109K->1616K(68608K)] 338869K->272376K(752128K), 0.0015307 secs] [Times: user=0.01 sys=0.00, real=0.01 secs] 
1625.021: [GC (Allocation Failure) [PSYoungGen: 68176K->1629K(68608K)] 338936K->272389K(752128K), 0.0015668 secs] [Times: user=0.00 sys=0.00, real=0.00 secs] 
1625.659: [GC (Allocation Failure) [PSYoungGen: 68189K->2016K(68608K)] 338949K->272792K(752128K), 0.0020949 secs] [Times: user=0.01 sys=0.01, real=0.00 secs] 
1627.714: [GC (Allocation Failure) [PSYoungGen: 68576K->1376K(68608K)] 339352K->272168K(752128K), 0.0034563 secs] [Times: user=0.01 sys=0.00, real=0.00 secs] 
1628.354: [GC (Allocation Failure) [PSYoungGen: 67936K->1408K(68608K)] 338728K->272200K(752128K), 0.0023245 secs] [Times: user=0.00 sys=0.00, real=0.00 secs] 
1628.630: [GC (Allocation Failure) [PSYoungGen: 67968K->1424K(68608K)] 338760K->272216K(752128K), 0.0017774 secs] [Times: user=0.01 sys=0.00, real=0.01 secs] 
1629.007: [GC (Allocation Failure) [PSYoungGen: 67984K->1408K(68608K)] 338776K->272200K(752128K), 0.0018532 secs] [Times: user=0.00 sys=0.00, real=0.00 secs] 
1629.460: [GC (Allocation Failure) [PSYoungGen: 67968K->1581K(68608K)] 338760K->272373K(752128K), 0.0015368 secs] [Times: user=0.01 sys=0.00, real=0.01 secs] 
1629.850: [GC (Allocation Failure) [PSYoungGen: 68141K->1581K(68608K)] 338933K->272373K(752128K), 0.0015332 secs] [Times: user=0.01 sys=0.00, real=0.01 secs] 
1630.246: [GC (Allocation Failure) [PSYoungGen: 68141K->1613K(68608K)] 338933K->272405K(752128K), 0.0015589 secs] [Times: user=0.00 sys=0.00, real=0.00 secs] 
1630.656: [GC (Allocation Failure) [PSYoungGen: 68173K->1472K(68608K)] 338965K->272264K(752128K), 0.0017776 secs] [Times: user=0.01 sys=0.00, real=0.00 secs] 
1630.932: [GC (Allocation Failure) [PSYoungGen: 68032K->1408K(68608K)] 338824K->272200K(752128K), 0.0015880 secs] [Times: user=0.01 sys=0.00, real=0.00 secs] 
1631.209: [GC (Allocation Failure) [PSYoungGen: 67968K->1376K(68608K)] 338760K->272168K(752128K), 0.0017982 secs] [Times: user=0.01 sys=0.00, real=0.00 secs] 
1631.485: [GC (Allocation Failure) [PSYoungGen: 67936K->1408K(68608K)] 338728K->272200K(752128K), 0.0017744 secs] [Times: user=0.01 sys=0.00, real=0.00 secs] 
1631.761: [GC (Allocation Failure) [PSYoungGen: 67968K->1376K(68608K)] 338760K->272168K(752128K), 0.0016342 secs] [Times: user=0.01 sys=0.00, real=0.00 secs] 
1632.197: [GC (Allocation Failure) [PSYoungGen: 67936K->1616K(68608K)] 338728K->272408K(752128K), 0.0014817 secs] [Times: user=0.01 sys=0.00, real=0.00 secs] 
1632.598: [GC (Allocation Failure) [PSYoungGen: 68176K->1568K(68608K)] 338968K->272360K(752128K), 0.0016254 secs] [Times: user=0.01 sys=0.00, real=0.00 secs] 
1632.986: [GC (Allocation Failure) [PSYoungGen: 68128K->1629K(68608K)] 338920K->272437K(752128K), 0.0016027 secs] [Times: user=0.01 sys=0.00, real=0.00 secs] 
1633.385: [GC (Allocation Failure) [PSYoungGen: 68189K->1440K(68608K)] 338997K->272248K(752128K), 0.0017762 secs] [Times: user=0.00 sys=0.00, real=0.00 secs] 
1633.703: [GC (Allocation Failure) [PSYoungGen: 68000K->1376K(68608K)] 338808K->272184K(752128K), 0.0017785 secs] [Times: user=0.01 sys=0.00, real=0.00 secs] 
1634.090: [GC (Allocation Failure) [PSYoungGen: 67936K->1376K(68608K)] 338744K->272184K(752128K), 0.0027214 secs] [Times: user=0.01 sys=0.00, real=0.01 secs] 
1634.488: [GC (Allocation Failure) [PSYoungGen: 67936K->1376K(68608K)] 338744K->272184K(752128K), 0.0025607 secs] [Times: user=0.00 sys=0.00, real=0.00 secs] 
1635.093: [GC (Allocation Failure) [PSYoungGen: 67936K->1469K(68608K)] 338744K->272277K(752128K), 0.0024046 secs] [Times: user=0.01 sys=0.00, real=0.00 secs] 
1635.574: [GC (Allocation Failure) [PSYoungGen: 68029K->1613K(68608K)] 338837K->272421K(752128K), 0.0014923 secs] [Times: user=0.00 sys=0.00, real=0.00 secs] 
1635.963: [GC (Allocation Failure) [PSYoungGen: 68173K->1597K(68608K)] 338981K->272405K(752128K), 0.0016132 secs] [Times: user=0.01 sys=0.00, real=0.00 secs] 
1636.353: [GC (Allocation Failure) [PSYoungGen: 68157K->1565K(68608K)] 338965K->272389K(752128K), 0.0015641 secs] [Times: user=0.01 sys=0.00, real=0.00 secs] 
1636.837: [GC (Allocation Failure) [PSYoungGen: 68125K->1488K(68608K)] 338949K->272328K(752128K), 0.0033048 secs] [Times: user=0.02 sys=0.00, real=0.00 secs] 
1637.436: [GC (Allocation Failure) [PSYoungGen: 68048K->1376K(68608K)] 338888K->272216K(752128K), 0.0030595 secs] [Times: user=0.01 sys=0.00, real=0.00 secs] 
1638.001: [GC (Allocation Failure) [PSYoungGen: 67936K->1376K(68608K)] 338776K->272216K(752128K), 0.0018630 secs] [Times: user=0.01 sys=0.00, real=0.00 secs] 
1638.434: [GC (Allocation Failure) [PSYoungGen: 67936K->1376K(68608K)] 338776K->272216K(752128K), 0.0018870 secs] [Times: user=0.01 sys=0.00, real=0.00 secs] 
1638.940: [GC (Allocation Failure) [PSYoungGen: 67936K->1469K(68608K)] 338776K->272309K(752128K), 0.0013959 secs] [Times: user=0.01 sys=0.00, real=0.00 secs] 
1639.329: [GC (Allocation Failure) [PSYoungGen: 68029K->1581K(68608K)] 338869K->272421K(752128K), 0.0016542 secs] [Times: user=0.00 sys=0.00, real=0.00 secs] 
1639.722: [GC (Allocation Failure) [PSYoungGen: 68141K->1645K(68608K)] 338981K->272485K(752128K), 0.0016518 secs] [Times: user=0.01 sys=0.00, real=0.00 secs] 
1640.115: [GC (Allocation Failure) [PSYoungGen: 68205K->1549K(68608K)] 339045K->272405K(752128K), 0.0016550 secs] [Times: user=0.01 sys=0.00, real=0.00 secs] 
1640.655: [GC (Allocation Failure) [PSYoungGen: 68109K->1408K(68608K)] 338965K->272264K(752128K), 0.0017982 secs] [Times: user=0.01 sys=0.00, real=0.00 secs] 
1640.932: [GC (Allocation Failure) [PSYoungGen: 67968K->1376K(68608K)] 338824K->272232K(752128K), 0.0017276 secs] [Times: user=0.00 sys=0.00, real=0.00 secs] 
1641.208: [GC (Allocation Failure) [PSYoungGen: 67936K->1440K(68608K)] 338792K->272296K(752128K), 0.0024957 secs] [Times: user=0.01 sys=0.00, real=0.00 secs] 
1641.486: [GC (Allocation Failure) [PSYoungGen: 68000K->1360K(68608K)] 338856K->272216K(752128K), 0.0021239 secs] [Times: user=0.01 sys=0.00, real=0.00 secs] 
1641.951: [GC (Allocation Failure) [PSYoungGen: 67920K->1517K(68608K)] 338776K->272373K(752128K), 0.0014791 secs] [Times: user=0.01 sys=0.00, real=0.01 secs] 
1642.341: [GC (Allocation Failure) [PSYoungGen: 68077K->1568K(68608K)] 338933K->272424K(752128K), 0.0014965 secs] [Times: user=0.01 sys=0.00, real=0.00 secs] 
1642.741: [GC (Allocation Failure) [PSYoungGen: 68128K->1629K(68608K)] 338984K->272485K(752128K), 0.0015264 secs] [Times: user=0.01 sys=0.00, real=0.01 secs] 
1643.131: [GC (Allocation Failure) [PSYoungGen: 68189K->1613K(68608K)] 339045K->272485K(752128K), 0.0016315 secs] [Times: user=0.01 sys=0.00, real=0.00 secs] 
1643.658: [GC (Allocation Failure) [PSYoungGen: 68173K->1440K(68608K)] 339045K->272312K(752128K), 0.0017258 secs] [Times: user=0.00 sys=0.00, real=0.00 secs] 
1644.234: [GC (Allocation Failure) [PSYoungGen: 68000K->1376K(68608K)] 338872K->272248K(752128K), 0.0025871 secs] [Times: user=0.01 sys=0.00, real=0.00 secs] 
1644.797: [GC (Allocation Failure) [PSYoungGen: 67936K->1344K(68608K)] 338808K->272216K(752128K), 0.0020969 secs] [Times: user=0.01 sys=0.00, real=0.00 secs] 
1645.307: [GC (Allocation Failure) [PSYoungGen: 67904K->1376K(68608K)] 338776K->272248K(752128K), 0.0023946 secs] [Times: user=0.01 sys=0.00, real=0.00 secs] 
1645.924: [GC (Allocation Failure) [PSYoungGen: 67936K->1501K(68608K)] 338808K->272373K(752128K), 0.0014981 secs] [Times: user=0.00 sys=0.00, real=0.00 secs] 
1646.315: [GC (Allocation Failure) [PSYoungGen: 68061K->1597K(68608K)] 338933K->272469K(752128K), 0.0015582 secs] [Times: user=0.00 sys=0.00, real=0.00 secs] 
1646.768: [GC (Allocation Failure) [PSYoungGen: 68157K->1565K(68608K)] 339029K->272437K(752128K), 0.0016606 secs] [Times: user=0.01 sys=0.00, real=0.00 secs] 
1647.155: [GC (Allocation Failure) [PSYoungGen: 68125K->1613K(68608K)] 338997K->272509K(752128K), 0.0015097 secs] [Times: user=0.01 sys=0.00, real=0.00 secs] 
1647.697: [GC (Allocation Failure) [PSYoungGen: 68173K->1440K(68608K)] 339069K->272352K(752128K), 0.0020243 secs] [Times: user=0.01 sys=0.00, real=0.00 secs] 
1648.060: [GC (Allocation Failure) [PSYoungGen: 68000K->1408K(68608K)] 338912K->272320K(752128K), 0.0017162 secs] [Times: user=0.01 sys=0.00, real=0.01 secs] 
1648.342: [GC (Allocation Failure) [PSYoungGen: 67968K->1408K(68608K)] 338880K->272320K(752128K), 0.0026729 secs] [Times: user=0.01 sys=0.00, real=0.00 secs] 
1648.618: [GC (Allocation Failure) [PSYoungGen: 67968K->1376K(68608K)] 338880K->272288K(752128K), 0.0021270 secs] [Times: user=0.01 sys=0.00, real=0.00 secs] 
1649.043: [GC (Allocation Failure) [PSYoungGen: 67936K->1504K(68608K)] 338848K->272416K(752128K), 0.0014726 secs] [Times: user=0.01 sys=0.00, real=0.00 secs] 
1649.432: [GC (Allocation Failure) [PSYoungGen: 68064K->1597K(68608K)] 338976K->272509K(752128K), 0.0015370 secs] [Times: user=0.00 sys=0.00, real=0.00 secs] 
1649.823: [GC (Allocation Failure) [PSYoungGen: 68157K->1600K(68608K)] 339069K->272512K(752128K), 0.0014872 secs] [Times: user=0.00 sys=0.00, real=0.00 secs] 
1650.294: [GC (Allocation Failure) [PSYoungGen: 68160K->1632K(68608K)] 339072K->272544K(752128K), 0.0017615 secs] [Times: user=0.01 sys=0.00, real=0.00 secs] 
1650.566: [GC (Allocation Failure) [PSYoungGen: 68192K->1344K(68608K)] 339104K->272256K(752128K), 0.0018744 secs] [Times: user=0.01 sys=0.00, real=0.00 secs] 
1650.842: [GC (Allocation Failure) [PSYoungGen: 67904K->1392K(68608K)] 338816K->272304K(752128K), 0.0019225 secs] [Times: user=0.01 sys=0.00, real=0.00 secs] 
1651.118: [GC (Allocation Failure) [PSYoungGen: 67952K->1376K(68608K)] 338864K->272288K(752128K), 0.0018226 secs] [Times: user=0.01 sys=0.00, real=0.00 secs] 
1651.394: [GC (Allocation Failure) [PSYoungGen: 67936K->1376K(68608K)] 338848K->272288K(752128K), 0.0017171 secs] [Times: user=0.01 sys=0.00, real=0.00 secs] 
1651.964: [GC (Allocation Failure) [PSYoungGen: 67936K->1597K(68608K)] 338848K->272509K(752128K), 0.0016901 secs] [Times: user=0.00 sys=0.00, real=0.00 secs] 
1652.355: [GC (Allocation Failure) [PSYoungGen: 68157K->1597K(68608K)] 339069K->272509K(752128K), 0.0015047 secs] [Times: user=0.01 sys=0.00, real=0.00 secs] 
1652.746: [GC (Allocation Failure) [PSYoungGen: 68157K->1533K(68608K)] 339069K->272445K(752128K), 0.0016128 secs] [Times: user=0.01 sys=0.00, real=0.00 secs] 
1653.154: [GC (Allocation Failure) [PSYoungGen: 68093K->1504K(68608K)] 339005K->272416K(752128K), 0.0016721 secs] [Times: user=0.00 sys=0.00, real=0.00 secs] 
1653.475: [GC (Allocation Failure) [PSYoungGen: 68064K->1408K(68608K)] 338976K->272320K(752128K), 0.0015313 secs] [Times: user=0.01 sys=0.00, real=0.00 secs] 
1653.871: [GC (Allocation Failure) [PSYoungGen: 67968K->1376K(68608K)] 338880K->272288K(752128K), 0.0018111 secs] [Times: user=0.01 sys=0.00, real=0.01 secs] 
1654.416: [GC (Allocation Failure) [PSYoungGen: 67936K->1408K(68608K)] 338848K->272320K(752128K), 0.0018938 secs] [Times: user=0.01 sys=0.00, real=0.00 secs] 
1654.924: [GC (Allocation Failure) [PSYoungGen: 67968K->1376K(68608K)] 338880K->272288K(752128K), 0.0019601 secs] [Times: user=0.01 sys=0.00, real=0.00 secs] 
1655.424: [GC (Allocation Failure) [PSYoungGen: 67936K->1549K(68608K)] 338848K->272461K(752128K), 0.0014884 secs] [Times: user=0.00 sys=0.00, real=0.00 secs] 
1655.816: [GC (Allocation Failure) [PSYoungGen: 68109K->1613K(68608K)] 339021K->272525K(752128K), 0.0015908 secs] [Times: user=0.00 sys=0.00, real=0.00 secs] 
1656.207: [GC (Allocation Failure) [PSYoungGen: 68173K->1600K(68608K)] 339085K->272528K(752128K), 0.0016536 secs] [Times: user=0.01 sys=0.00, real=0.00 secs] 
1656.697: [GC (Allocation Failure) [PSYoungGen: 68160K->1472K(68608K)] 339088K->272400K(752128K), 0.0019869 secs] [Times: user=0.01 sys=0.00, real=0.00 secs] 
1657.165: [GC (Allocation Failure) [PSYoungGen: 68032K->1408K(68608K)] 338960K->272336K(752128K), 0.0017625 secs] [Times: user=0.01 sys=0.00, real=0.00 secs] 
1657.784: [GC (Allocation Failure) [PSYoungGen: 67968K->1376K(68608K)] 338896K->272312K(752128K), 0.0022140 secs] [Times: user=0.01 sys=0.00, real=0.00 secs] 
1658.352: [GC (Allocation Failure) [PSYoungGen: 67936K->1376K(68608K)] 338872K->272312K(752128K), 0.0022125 secs] [Times: user=0.01 sys=0.00, real=0.00 secs] 
1658.927: [GC (Allocation Failure) [PSYoungGen: 67936K->1517K(68608K)] 338872K->272453K(752128K), 0.0018920 secs] [Times: user=0.01 sys=0.00, real=0.00 secs] 
1659.342: [GC (Allocation Failure) [PSYoungGen: 68077K->1581K(68608K)] 339013K->272517K(752128K), 0.0015215 secs] [Times: user=0.01 sys=0.00, real=0.00 secs] 
1659.731: [GC (Allocation Failure) [PSYoungGen: 68141K->1565K(68608K)] 339077K->272501K(752128K), 0.0016645 secs] [Times: user=0.01 sys=0.00, real=0.01 secs] 
1660.121: [GC (Allocation Failure) [PSYoungGen: 68125K->1597K(68608K)] 339061K->272549K(752128K), 0.0014973 secs] [Times: user=0.01 sys=0.00, real=0.01 secs] 
1660.624: [GC (Allocation Failure) [PSYoungGen: 68157K->1456K(68608K)] 339109K->272408K(752128K), 0.0015779 secs] [Times: user=0.01 sys=0.00, real=0.00 secs] 
1661.473: [GC (Allocation Failure) [PSYoungGen: 68016K->1360K(68608K)] 338968K->272312K(752128K), 0.0023452 secs] [Times: user=0.00 sys=0.00, real=0.00 secs] 
1662.524: [GC (Allocation Failure) [PSYoungGen: 67920K->1344K(68608K)] 338872K->272296K(752128K), 0.0033916 secs] [Times: user=0.01 sys=0.00, real=0.00 secs] 
1663.640: [GC (Allocation Failure) [PSYoungGen: 67904K->1376K(68608K)] 338856K->272328K(752128K), 0.0036709 secs] [Times: user=0.01 sys=0.00, real=0.01 secs] 
1664.656: [GC (Allocation Failure) [PSYoungGen: 67936K->1488K(68608K)] 338888K->272440K(752128K), 0.0019289 secs] [Times: user=0.01 sys=0.00, real=0.00 secs] 
1665.073: [GC (Allocation Failure) [PSYoungGen: 68048K->1584K(68608K)] 339000K->272536K(752128K), 0.0015063 secs] [Times: user=0.01 sys=0.00, real=0.00 secs] 
1665.467: [GC (Allocation Failure) [PSYoungGen: 68144K->1613K(68608K)] 339096K->272565K(752128K), 0.0016630 secs] [Times: user=0.01 sys=0.00, real=0.00 secs] 
1665.858: [GC (Allocation Failure) [PSYoungGen: 68173K->1581K(68608K)] 339125K->272549K(752128K), 0.0015737 secs] [Times: user=0.01 sys=0.00, real=0.00 secs] 
1666.199: [GC (Allocation Failure) [PSYoungGen: 68141K->1472K(68608K)] 339109K->272440K(752128K), 0.0014901 secs] [Times: user=0.01 sys=0.00, real=0.00 secs] 
1666.650: [GC (Allocation Failure) [PSYoungGen: 68032K->1408K(68608K)] 339000K->272376K(752128K), 0.0016876 secs] [Times: user=0.01 sys=0.00, real=0.01 secs] 
1667.228: [GC (Allocation Failure) [PSYoungGen: 67968K->1344K(68608K)] 338936K->272312K(752128K), 0.0018666 secs] [Times: user=0.00 sys=0.00, real=0.00 secs] 
1667.788: [GC (Allocation Failure) [PSYoungGen: 67904K->1376K(68608K)] 338872K->272344K(752128K), 0.0017302 secs] [Times: user=0.01 sys=0.00, real=0.00 secs] 
1668.391: [GC (Allocation Failure) [PSYoungGen: 67936K->1533K(68608K)] 338904K->272501K(752128K), 0.0014840 secs] [Times: user=0.01 sys=0.00, real=0.01 secs] 
1668.781: [GC (Allocation Failure) [PSYoungGen: 68093K->1565K(68608K)] 339061K->272533K(752128K), 0.0014877 secs] [Times: user=0.01 sys=0.00, real=0.01 secs] 
1669.229: [GC (Allocation Failure) [PSYoungGen: 68125K->1565K(68608K)] 339093K->272533K(752128K), 0.0016401 secs] [Times: user=0.00 sys=0.00, real=0.00 secs] 
1669.619: [GC (Allocation Failure) [PSYoungGen: 68125K->1565K(68608K)] 339093K->272549K(752128K), 0.0016594 secs] [Times: user=0.00 sys=0.00, real=0.00 secs] 
1670.001: [GC (Allocation Failure) [PSYoungGen: 68125K->1424K(68608K)] 339109K->272424K(752128K), 0.0022396 secs] [Times: user=0.01 sys=0.00, real=0.01 secs] 
1670.504: [GC (Allocation Failure) [PSYoungGen: 67984K->1344K(68608K)] 338984K->272344K(752128K), 0.0021011 secs] [Times: user=0.01 sys=0.00, real=0.00 secs] 
1671.110: [GC (Allocation Failure) [PSYoungGen: 67904K->1360K(68608K)] 338904K->272360K(752128K), 0.0023527 secs] [Times: user=0.01 sys=0.00, real=0.01 secs] 
1671.661: [GC (Allocation Failure) [PSYoungGen: 67920K->1360K(68608K)] 338920K->272360K(752128K), 0.0022688 secs] [Times: user=0.01 sys=0.00, real=0.00 secs] 
1673.137: [GC (Allocation Failure) [PSYoungGen: 67920K->1472K(68608K)] 338920K->272472K(752128K), 0.0016224 secs] [Times: user=0.01 sys=0.00, real=0.00 secs] 
1673.602: [GC (Allocation Failure) [PSYoungGen: 68032K->1613K(68608K)] 339032K->272613K(752128K), 0.0015447 secs] [Times: user=0.00 sys=0.00, real=0.00 secs] 
1673.996: [GC (Allocation Failure) [PSYoungGen: 68173K->1629K(68608K)] 339173K->272629K(752128K), 0.0017119 secs] [Times: user=0.01 sys=0.00, real=0.00 secs] 
1674.387: [GC (Allocation Failure) [PSYoungGen: 68189K->1568K(68608K)] 339189K->272584K(752128K), 0.0016633 secs] [Times: user=0.01 sys=0.00, real=0.00 secs] 
1674.715: [GC (Allocation Failure) [PSYoungGen: 68128K->1392K(68608K)] 339144K->272408K(752128K), 0.0025796 secs] [Times: user=0.01 sys=0.00, real=0.00 secs] 
1675.014: [GC (Allocation Failure) [PSYoungGen: 67952K->1408K(68608K)] 338968K->272424K(752128K), 0.0018388 secs] [Times: user=0.01 sys=0.00, real=0.00 secs] 
1675.318: [GC (Allocation Failure) [PSYoungGen: 67968K->1376K(68608K)] 338984K->272392K(752128K), 0.0017815 secs] [Times: user=0.01 sys=0.00, real=0.00 secs] 
1675.615: [GC (Allocation Failure) [PSYoungGen: 67936K->1376K(68608K)] 338952K->272392K(752128K), 0.0019483 secs] [Times: user=0.01 sys=0.00, real=0.00 secs] 
1676.001: [GC (Allocation Failure) [PSYoungGen: 67936K->1517K(68608K)] 338952K->272533K(752128K), 0.0014736 secs] [Times: user=0.01 sys=0.00, real=0.01 secs] 
1676.390: [GC (Allocation Failure) [PSYoungGen: 68077K->1581K(68608K)] 339093K->272597K(752128K), 0.0015595 secs] [Times: user=0.00 sys=0.00, real=0.01 secs] 
1676.781: [GC (Allocation Failure) [PSYoungGen: 68141K->1645K(68608K)] 339157K->272661K(752128K), 0.0016058 secs] [Times: user=0.00 sys=0.00, real=0.01 secs] 
1677.172: [GC (Allocation Failure) [PSYoungGen: 68205K->1613K(68608K)] 339221K->272653K(752128K), 0.0015405 secs] [Times: user=0.01 sys=0.00, real=0.00 secs] 
1677.570: [GC (Allocation Failure) [PSYoungGen: 68173K->1408K(68608K)] 339213K->272448K(752128K), 0.0017979 secs] [Times: user=0.00 sys=0.00, real=0.01 secs] 
1677.846: [GC (Allocation Failure) [PSYoungGen: 67968K->1376K(68608K)] 339008K->272432K(752128K), 0.0016993 secs] [Times: user=0.00 sys=0.00, real=0.00 secs] 
1678.180: [GC (Allocation Failure) [PSYoungGen: 67936K->1376K(68608K)] 338992K->272432K(752128K), 0.0030903 secs] [Times: user=0.01 sys=0.00, real=0.01 secs] 
1678.457: [GC (Allocation Failure) [PSYoungGen: 67936K->1360K(68608K)] 338992K->272416K(752128K), 0.0019635 secs] [Times: user=0.01 sys=0.00, real=0.00 secs] 
1678.848: [GC (Allocation Failure) [PSYoungGen: 67920K->1501K(68608K)] 338976K->272557K(752128K), 0.0015969 secs] [Times: user=0.00 sys=0.00, real=0.00 secs] 
1679.239: [GC (Allocation Failure) [PSYoungGen: 68061K->1565K(68608K)] 339117K->272621K(752128K), 0.0015755 secs] [Times: user=0.00 sys=0.00, real=0.00 secs] 
1679.696: [GC (Allocation Failure) [PSYoungGen: 68125K->1536K(68608K)] 339181K->272592K(752128K), 0.0015637 secs] [Times: user=0.00 sys=0.00, real=0.00 secs] 
1680.238: [GC (Allocation Failure) [PSYoungGen: 68096K->2016K(68608K)] 339152K->273120K(752128K), 0.0019491 secs] [Times: user=0.00 sys=0.00, real=0.00 secs] 
1680.625: [GC (Allocation Failure) [PSYoungGen: 68576K->1376K(68608K)] 339680K->272480K(752128K), 0.0019381 secs] [Times: user=0.00 sys=0.00, real=0.00 secs] 
1680.902: [GC (Allocation Failure) [PSYoungGen: 67936K->1408K(68608K)] 339040K->272512K(752128K), 0.0017427 secs] [Times: user=0.01 sys=0.00, real=0.00 secs] 
1681.178: [GC (Allocation Failure) [PSYoungGen: 67968K->1376K(68608K)] 339072K->272480K(752128K), 0.0018081 secs] [Times: user=0.00 sys=0.00, real=0.00 secs] 
1681.454: [GC (Allocation Failure) [PSYoungGen: 67936K->1440K(68608K)] 339040K->272544K(752128K), 0.0017748 secs] [Times: user=0.01 sys=0.00, real=0.00 secs] 
1681.856: [GC (Allocation Failure) [PSYoungGen: 68000K->1581K(68608K)] 339104K->272685K(752128K), 0.0015207 secs] [Times: user=0.01 sys=0.00, real=0.00 secs] 
1682.306: [GC (Allocation Failure) [PSYoungGen: 68141K->1597K(68608K)] 339245K->272701K(752128K), 0.0015118 secs] [Times: user=0.00 sys=0.00, real=0.00 secs] 
1682.697: [GC (Allocation Failure) [PSYoungGen: 68157K->1613K(68608K)] 339261K->272717K(752128K), 0.0015643 secs] [Times: user=0.01 sys=0.00, real=0.00 secs] 
1683.144: [GC (Allocation Failure) [PSYoungGen: 68173K->1488K(68608K)] 339277K->272592K(752128K), 0.0022809 secs] [Times: user=0.01 sys=0.00, real=0.00 secs] 
1683.421: [GC (Allocation Failure) [PSYoungGen: 68048K->1376K(68608K)] 339152K->272480K(752128K), 0.0017528 secs] [Times: user=0.00 sys=0.01, real=0.01 secs] 
1683.697: [GC (Allocation Failure) [PSYoungGen: 67936K->1376K(68608K)] 339040K->272480K(752128K), 0.0015900 secs] [Times: user=0.01 sys=0.00, real=0.00 secs] 
1684.173: [GC (Allocation Failure) [PSYoungGen: 67936K->1344K(68608K)] 339040K->272448K(752128K), 0.0019235 secs] [Times: user=0.01 sys=0.00, real=0.00 secs] 
1684.750: [GC (Allocation Failure) [PSYoungGen: 67904K->1456K(68608K)] 339008K->272560K(752128K), 0.0020479 secs] [Times: user=0.00 sys=0.00, real=0.01 secs] 
1685.177: [GC (Allocation Failure) [PSYoungGen: 68016K->1549K(68608K)] 339120K->272653K(752128K), 0.0017874 secs] [Times: user=0.00 sys=0.00, real=0.00 secs] 
1685.634: [GC (Allocation Failure) [PSYoungGen: 68109K->1613K(68608K)] 339213K->272717K(752128K), 0.0017049 secs] [Times: user=0.01 sys=0.00, real=0.00 secs] 
1686.025: [GC (Allocation Failure) [PSYoungGen: 68173K->1600K(68608K)] 339277K->272720K(752128K), 0.0015681 secs] [Times: user=0.00 sys=0.00, real=0.00 secs] 
1686.471: [GC (Allocation Failure) [PSYoungGen: 68160K->1504K(68608K)] 339280K->272624K(752128K), 0.0027935 secs] [Times: user=0.01 sys=0.00, real=0.01 secs] 
1687.005: [GC (Allocation Failure) [PSYoungGen: 68064K->1408K(68608K)] 339184K->272544K(752128K), 0.0025849 secs] [Times: user=0.01 sys=0.00, real=0.00 secs] 
1687.405: [GC (Allocation Failure) [PSYoungGen: 67968K->1472K(68608K)] 339104K->272608K(752128K), 0.0020561 secs] [Times: user=0.01 sys=0.00, real=0.00 secs] 
1687.836: [GC (Allocation Failure) [PSYoungGen: 68032K->1376K(68608K)] 339168K->272512K(752128K), 0.0022202 secs] [Times: user=0.01 sys=0.00, real=0.00 secs] 
1688.379: [GC (Allocation Failure) [PSYoungGen: 67936K->1440K(68608K)] 339072K->272576K(752128K), 0.0017297 secs] [Times: user=0.01 sys=0.00, real=0.00 secs] 
1688.792: [GC (Allocation Failure) [PSYoungGen: 67971K->1629K(68608K)] 339108K->272765K(752128K), 0.0016403 secs] [Times: user=0.01 sys=0.00, real=0.00 secs] 
1689.180: [GC (Allocation Failure) [PSYoungGen: 68166K->1613K(68608K)] 339302K->272749K(752128K), 0.0015011 secs] [Times: user=0.00 sys=0.00, real=0.01 secs] 
1689.569: [GC (Allocation Failure) [PSYoungGen: 68173K->1565K(68608K)] 339309K->272725K(752128K), 0.0015260 secs] [Times: user=0.01 sys=0.00, real=0.00 secs] 
1690.068: [GC (Allocation Failure) [PSYoungGen: 68125K->1456K(68608K)] 339285K->272616K(752128K), 0.0027489 secs] [Times: user=0.01 sys=0.00, real=0.00 secs] 
1690.361: [GC (Allocation Failure) [PSYoungGen: 68016K->1408K(68608K)] 339176K->272568K(752128K), 0.0019006 secs] [Times: user=0.00 sys=0.00, real=0.01 secs] 
1690.733: [GC (Allocation Failure) [PSYoungGen: 67968K->1408K(68608K)] 339128K->272568K(752128K), 0.0019066 secs] [Times: user=0.01 sys=0.00, real=0.00 secs] 
1691.207: [GC (Allocation Failure) [PSYoungGen: 67968K->1408K(68608K)] 339128K->272568K(752128K), 0.0030845 secs] [Times: user=0.01 sys=0.00, real=0.00 secs] 
1691.855: [GC (Allocation Failure) [PSYoungGen: 67968K->1536K(68608K)] 339128K->272696K(752128K), 0.0018707 secs] [Times: user=0.01 sys=0.00, real=0.00 secs] 
1692.312: [GC (Allocation Failure) [PSYoungGen: 68096K->1469K(68608K)] 339256K->272629K(752128K), 0.0064161 secs] [Times: user=0.02 sys=0.00, real=0.00 secs] 
1692.768: [GC (Allocation Failure) [PSYoungGen: 68029K->1613K(68608K)] 339189K->272773K(752128K), 0.0016724 secs] [Times: user=0.00 sys=0.00, real=0.00 secs] 
1693.159: [GC (GCLocker Initiated GC) [PSYoungGen: 68173K->1613K(68608K)] 339333K->272789K(752128K), 0.0015385 secs] [Times: user=0.01 sys=0.00, real=0.00 secs] 
1693.515: [GC (Allocation Failure) [PSYoungGen: 68173K->1456K(68608K)] 339353K->272635K(752128K), 0.0027027 secs] [Times: user=0.01 sys=0.00, real=0.00 secs] 
1693.815: [GC (Allocation Failure) [PSYoungGen: 68016K->1424K(68608K)] 339195K->272611K(752128K), 0.0016670 secs] [Times: user=0.00 sys=0.01, real=0.00 secs] 
1694.095: [GC (Allocation Failure) [PSYoungGen: 67984K->1376K(68608K)] 339171K->272563K(752128K), 0.0016573 secs] [Times: user=0.01 sys=0.00, real=0.00 secs] 
1694.371: [GC (Allocation Failure) [PSYoungGen: 67936K->1392K(68608K)] 339123K->272579K(752128K), 0.0018654 secs] [Times: user=0.01 sys=0.00, real=0.00 secs] 
1694.730: [GC (Allocation Failure) [PSYoungGen: 67952K->1549K(68608K)] 339139K->272737K(752128K), 0.0014598 secs] [Times: user=0.01 sys=0.00, real=0.00 secs] 
1695.120: [GC (Allocation Failure) [PSYoungGen: 68109K->1613K(68608K)] 339297K->272801K(752128K), 0.0015706 secs] [Times: user=0.01 sys=0.00, real=0.01 secs] 
1695.512: [GC (Allocation Failure) [PSYoungGen: 68149K->1613K(68608K)] 339336K->272801K(752128K), 0.0025731 secs] [Times: user=0.01 sys=0.00, real=0.00 secs] 
1695.967: [GC (Allocation Failure) [PSYoungGen: 68173K->1613K(68608K)] 339361K->272825K(752128K), 0.0015553 secs] [Times: user=0.01 sys=0.00, real=0.00 secs] 
1696.565: [GC (Allocation Failure) [PSYoungGen: 68173K->1504K(68608K)] 339385K->272715K(752128K), 0.0022622 secs] [Times: user=0.01 sys=0.00, real=0.00 secs] 
1697.044: [GC (Allocation Failure) [PSYoungGen: 68064K->1440K(68608K)] 339275K->272651K(752128K), 0.0019435 secs] [Times: user=0.01 sys=0.00, real=0.00 secs] 
1697.375: [GC (Allocation Failure) [PSYoungGen: 68000K->1440K(68608K)] 339211K->272667K(752128K), 0.0019020 secs] [Times: user=0.01 sys=0.00, real=0.00 secs] 
1697.661: [GC (Allocation Failure) [PSYoungGen: 68000K->1472K(68608K)] 339227K->272699K(752128K), 0.0020520 secs] [Times: user=0.01 sys=0.00, real=0.01 secs] 
1698.038: [GC (Allocation Failure) [PSYoungGen: 68032K->1581K(68608K)] 339259K->272809K(752128K), 0.0015061 secs] [Times: user=0.01 sys=0.00, real=0.00 secs] 
1698.429: [GC (Allocation Failure) [PSYoungGen: 68141K->1597K(68608K)] 339369K->272825K(752128K), 0.0015925 secs] [Times: user=0.01 sys=0.00, real=0.00 secs] 
1698.883: [GC (Allocation Failure) [PSYoungGen: 68157K->1565K(68608K)] 339385K->272793K(752128K), 0.0017597 secs] [Times: user=0.01 sys=0.00, real=0.00 secs] 
1699.274: [GC (Allocation Failure) [PSYoungGen: 68125K->1549K(68608K)] 339353K->272833K(752128K), 0.0015895 secs] [Times: user=0.01 sys=0.00, real=0.00 secs] 
1700.557: [GC (Allocation Failure) [PSYoungGen: 68109K->1440K(68608K)] 339393K->272723K(752128K), 0.0031417 secs] [Times: user=0.02 sys=0.00, real=0.00 secs] 
1701.148: [GC (Allocation Failure) [PSYoungGen: 68000K->1408K(68608K)] 339283K->272691K(752128K), 0.0021061 secs] [Times: user=0.01 sys=0.00, real=0.00 secs] 
1701.496: [GC (Allocation Failure) [PSYoungGen: 67968K->1408K(68608K)] 339251K->272691K(752128K), 0.0019221 secs] [Times: user=0.01 sys=0.00, real=0.00 secs] 
1701.948: [GC (Allocation Failure) [PSYoungGen: 67968K->1376K(68608K)] 339251K->272659K(752128K), 0.0017598 secs] [Times: user=0.00 sys=0.00, real=0.00 secs] 
1702.432: [GC (Allocation Failure) [PSYoungGen: 67936K->1536K(68608K)] 339219K->272819K(752128K), 0.0014614 secs] [Times: user=0.00 sys=0.00, real=0.00 secs] 
1702.823: [GC (Allocation Failure) [PSYoungGen: 68096K->1629K(68608K)] 339379K->272913K(752128K), 0.0015303 secs] [Times: user=0.00 sys=0.00, real=0.00 secs] 
1703.215: [GC (Allocation Failure) [PSYoungGen: 68172K->1565K(68608K)] 339456K->272849K(752128K), 0.0016286 secs] [Times: user=0.01 sys=0.00, real=0.00 secs] 
1703.661: [GC (Allocation Failure) [PSYoungGen: 68125K->1792K(68608K)] 339409K->273075K(752128K), 0.0018063 secs] [Times: user=0.00 sys=0.00, real=0.01 secs] 
1704.368: [GC (Allocation Failure) [PSYoungGen: 68352K->1376K(68608K)] 339635K->272659K(752128K), 0.0035587 secs] [Times: user=0.02 sys=0.00, real=0.00 secs] 
1704.923: [GC (Allocation Failure) [PSYoungGen: 67936K->1424K(68608K)] 339219K->272707K(752128K), 0.0026308 secs] [Times: user=0.01 sys=0.00, real=0.00 secs] 
1705.419: [GC (Allocation Failure) [PSYoungGen: 67984K->1408K(68608K)] 339267K->272691K(752128K), 0.0018059 secs] [Times: user=0.01 sys=0.00, real=0.00 secs] 
1705.695: [GC (Allocation Failure) [PSYoungGen: 67968K->1376K(68608K)] 339251K->272659K(752128K), 0.0018916 secs] [Times: user=0.01 sys=0.00, real=0.00 secs] 
1706.114: [GC (Allocation Failure) [PSYoungGen: 67936K->1581K(68608K)] 339219K->272865K(752128K), 0.0014880 secs] [Times: user=0.00 sys=0.00, real=0.00 secs] 
1706.505: [GC (Allocation Failure) [PSYoungGen: 68141K->1613K(68608K)] 339425K->272897K(752128K), 0.0015346 secs] [Times: user=0.00 sys=0.00, real=0.00 secs] 
1706.895: [GC (Allocation Failure) [PSYoungGen: 68173K->1581K(68608K)] 339457K->272865K(752128K), 0.0016331 secs] [Times: user=0.01 sys=0.00, real=0.00 secs] 
1707.283: [GC (Allocation Failure) [PSYoungGen: 68141K->1520K(68608K)] 339425K->272803K(752128K), 0.0015294 secs] [Times: user=0.00 sys=0.00, real=0.00 secs] 
1707.571: [GC (Allocation Failure) [PSYoungGen: 68080K->1376K(68608K)] 339363K->272675K(752128K), 0.0014559 secs] [Times: user=0.01 sys=0.00, real=0.00 secs] 
1707.862: [GC (Allocation Failure) [PSYoungGen: 67936K->1360K(68608K)] 339235K->272659K(752128K), 0.0015402 secs] [Times: user=0.01 sys=0.00, real=0.00 secs] 
1708.419: [GC (Allocation Failure) [PSYoungGen: 67920K->1408K(68608K)] 339219K->272707K(752128K), 0.0017830 secs] [Times: user=0.00 sys=0.00, real=0.00 secs] 
1708.945: [GC (Allocation Failure) [PSYoungGen: 67968K->1376K(68608K)] 339267K->272675K(752128K), 0.0018060 secs] [Times: user=0.01 sys=0.00, real=0.00 secs] 
1709.407: [GC (Allocation Failure) [PSYoungGen: 67936K->1552K(68608K)] 339235K->272851K(752128K), 0.0014593 secs] [Times: user=0.01 sys=0.00, real=0.00 secs] 
1709.799: [GC (Allocation Failure) [PSYoungGen: 68112K->1536K(68608K)] 339411K->272835K(752128K), 0.0015063 secs] [Times: user=0.01 sys=0.00, real=0.00 secs] 
1710.249: [GC (Allocation Failure) [PSYoungGen: 68096K->1613K(68608K)] 339395K->272929K(752128K), 0.0017272 secs] [Times: user=0.01 sys=0.00, real=0.00 secs] 
1710.644: [GC (Allocation Failure) [PSYoungGen: 68173K->1472K(68608K)] 339489K->272787K(752128K), 0.0021550 secs] [Times: user=0.00 sys=0.00, real=0.00 secs] 
1710.941: [GC (Allocation Failure) [PSYoungGen: 68032K->1376K(68608K)] 339347K->272691K(752128K), 0.0017759 secs] [Times: user=0.01 sys=0.00, real=0.00 secs] 
1711.352: [GC (Allocation Failure) [PSYoungGen: 67936K->1376K(68608K)] 339251K->272691K(752128K), 0.0018930 secs] [Times: user=0.01 sys=0.00, real=0.00 secs] 
1712.060: [GC (Allocation Failure) [PSYoungGen: 67936K->1344K(68608K)] 339251K->272659K(752128K), 0.0029152 secs] [Times: user=0.01 sys=0.00, real=0.01 secs] 
1712.906: [GC (Allocation Failure) [PSYoungGen: 67904K->1424K(68608K)] 339219K->272739K(752128K), 0.0020639 secs] [Times: user=0.01 sys=0.00, real=0.00 secs] 
1713.410: [GC (Allocation Failure) [PSYoungGen: 67984K->1645K(68608K)] 339299K->272961K(752128K), 0.0016295 secs] [Times: user=0.01 sys=0.00, real=0.01 secs] 
1713.801: [GC (Allocation Failure) [PSYoungGen: 68205K->1549K(68608K)] 339521K->272865K(752128K), 0.0015645 secs] [Times: user=0.01 sys=0.00, real=0.01 secs] 
1714.189: [GC (Allocation Failure) [PSYoungGen: 68109K->1613K(68608K)] 339425K->272937K(752128K), 0.0015354 secs] [Times: user=0.00 sys=0.00, real=0.00 secs] 
1715.564: [GC (Allocation Failure) [PSYoungGen: 68173K->1472K(68608K)] 339497K->272795K(752128K), 0.0033908 secs] [Times: user=0.01 sys=0.00, real=0.00 secs] 
1716.353: [GC (Allocation Failure) [PSYoungGen: 68032K->1408K(68608K)] 339355K->272731K(752128K), 0.0023655 secs] [Times: user=0.01 sys=0.00, real=0.00 secs] 
1716.871: [GC (Allocation Failure) [PSYoungGen: 67968K->1376K(68608K)] 339291K->272699K(752128K), 0.0022313 secs] [Times: user=0.01 sys=0.00, real=0.01 secs] 
1717.950: [GC (Allocation Failure) [PSYoungGen: 67936K->1408K(68608K)] 339259K->272731K(752128K), 0.0031612 secs] [Times: user=0.01 sys=0.00, real=0.01 secs] 
1718.944: [GC (Allocation Failure) [PSYoungGen: 67968K->1472K(68608K)] 339291K->272795K(752128K), 0.0017548 secs] [Times: user=0.01 sys=0.00, real=0.00 secs] 
1719.343: [GC (Allocation Failure) [PSYoungGen: 68032K->1581K(68608K)] 339355K->272905K(752128K), 0.0014875 secs] [Times: user=0.01 sys=0.00, real=0.00 secs] 
1719.794: [GC (Allocation Failure) [PSYoungGen: 68141K->1565K(68608K)] 339465K->272889K(752128K), 0.0015312 secs] [Times: user=0.00 sys=0.00, real=0.00 secs] 
1720.185: [GC (Allocation Failure) [PSYoungGen: 68125K->1549K(68608K)] 339449K->272881K(752128K), 0.0015534 secs] [Times: user=0.00 sys=0.00, real=0.00 secs] 
1720.685: [GC (Allocation Failure) [PSYoungGen: 68109K->1504K(68608K)] 339441K->272851K(752128K), 0.0023501 secs] [Times: user=0.01 sys=0.00, real=0.00 secs] 
1720.971: [GC (Allocation Failure) [PSYoungGen: 68064K->1408K(68608K)] 339411K->272755K(752128K), 0.0018327 secs] [Times: user=0.01 sys=0.00, real=0.01 secs] 
1721.281: [GC (Allocation Failure) [PSYoungGen: 67968K->1376K(68608K)] 339315K->272723K(752128K), 0.0019332 secs] [Times: user=0.01 sys=0.00, real=0.01 secs] 
1721.799: [GC (Allocation Failure) [PSYoungGen: 67936K->1440K(68608K)] 339283K->272787K(752128K), 0.0022297 secs] [Times: user=0.01 sys=0.00, real=0.00 secs] 
1722.356: [GC (Allocation Failure) [PSYoungGen: 68000K->1501K(68608K)] 339347K->272849K(752128K), 0.0013750 secs] [Times: user=0.00 sys=0.00, real=0.00 secs] 
1722.807: [GC (Allocation Failure) [PSYoungGen: 68061K->1613K(68608K)] 339409K->272961K(752128K), 0.0016688 secs] [Times: user=0.01 sys=0.00, real=0.00 secs] 
1723.253: [GC (Allocation Failure) [PSYoungGen: 68173K->1629K(68608K)] 339521K->272977K(752128K), 0.0015937 secs] [Times: user=0.00 sys=0.00, real=0.00 secs] 
1723.705: [GC (Allocation Failure) [PSYoungGen: 68185K->1552K(68608K)] 339533K->272915K(752128K), 0.0016716 secs] [Times: user=0.01 sys=0.00, real=0.00 secs] 
1724.314: [GC (Allocation Failure) [PSYoungGen: 68112K->1472K(68608K)] 339475K->272835K(752128K), 0.0021287 secs] [Times: user=0.01 sys=0.00, real=0.00 secs] 
1724.599: [GC (Allocation Failure) [PSYoungGen: 68032K->1376K(68608K)] 339395K->272739K(752128K), 0.0021316 secs] [Times: user=0.01 sys=0.00, real=0.00 secs] 
1724.889: [GC (Allocation Failure) [PSYoungGen: 67936K->1408K(68608K)] 339299K->272771K(752128K), 0.0018023 secs] [Times: user=0.01 sys=0.00, real=0.00 secs] 
1725.196: [GC (Allocation Failure) [PSYoungGen: 67968K->1376K(68608K)] 339331K->272739K(752128K), 0.0019042 secs] [Times: user=0.01 sys=0.00, real=0.00 secs] 
1725.574: [GC (Allocation Failure) [PSYoungGen: 67936K->1568K(68608K)] 339299K->272931K(752128K), 0.0014839 secs] [Times: user=0.01 sys=0.00, real=0.00 secs] 
1725.968: [GC (Allocation Failure) [PSYoungGen: 68128K->1629K(68608K)] 339491K->272993K(752128K), 0.0016055 secs] [Times: user=0.01 sys=0.00, real=0.00 secs] 
1726.361: [GC (Allocation Failure) [PSYoungGen: 68185K->1581K(68608K)] 339548K->272945K(752128K), 0.0016461 secs] [Times: user=0.01 sys=0.00, real=0.01 secs] 
1726.752: [GC (Allocation Failure) [PSYoungGen: 68141K->1581K(68608K)] 339505K->272969K(752128K), 0.0016273 secs] [Times: user=0.00 sys=0.00, real=0.00 secs] 
1727.313: [GC (Allocation Failure) [PSYoungGen: 68141K->1408K(68608K)] 339529K->272803K(752128K), 0.0019556 secs] [Times: user=0.01 sys=0.00, real=0.00 secs] 
1727.591: [GC (Allocation Failure) [PSYoungGen: 67968K->1408K(68608K)] 339363K->272803K(752128K), 0.0028529 secs] [Times: user=0.01 sys=0.00, real=0.01 secs] 
1727.963: [GC (Allocation Failure) [PSYoungGen: 67968K->1424K(68608K)] 339363K->272819K(752128K), 0.0025164 secs] [Times: user=0.01 sys=0.00, real=0.00 secs] 
1728.330: [GC (Allocation Failure) [PSYoungGen: 67984K->1581K(68608K)] 339379K->272977K(752128K), 0.0014811 secs] [Times: user=0.00 sys=0.00, real=0.01 secs] 
1728.664: [GC (Allocation Failure) [PSYoungGen: 68141K->1568K(68608K)] 339537K->272963K(752128K), 0.0015997 secs] [Times: user=0.01 sys=0.00, real=0.00 secs] 
1728.936: [GC (Allocation Failure) [PSYoungGen: 68128K->1501K(68608K)] 339523K->272897K(752128K), 0.0017303 secs] [Times: user=0.01 sys=0.00, real=0.00 secs] 
1730.363: [GC (Allocation Failure) [PSYoungGen: 68061K->1424K(68608K)] 339457K->272819K(752128K), 0.0034752 secs] [Times: user=0.01 sys=0.00, real=0.00 secs] 
1731.352: [GC (Allocation Failure) [PSYoungGen: 67984K->1376K(68608K)] 339379K->272771K(752128K), 0.0023739 secs] [Times: user=0.01 sys=0.00, real=0.00 secs] 
1732.159: [GC (Allocation Failure) [PSYoungGen: 67936K->1344K(68608K)] 339331K->272739K(752128K), 0.0019037 secs] [Times: user=0.01 sys=0.00, real=0.00 secs] 
1732.704: [GC (Allocation Failure) [PSYoungGen: 67904K->1376K(68608K)] 339299K->272771K(752128K), 0.0019346 secs] [Times: user=0.01 sys=0.00, real=0.00 secs] 
1733.284: [GC (Allocation Failure) [PSYoungGen: 67936K->1501K(68608K)] 339331K->272897K(752128K), 0.0015162 secs] [Times: user=0.01 sys=0.00, real=0.00 secs] 
1733.675: [GC (Allocation Failure) [PSYoungGen: 68061K->1565K(68608K)] 339457K->272961K(752128K), 0.0015671 secs] [Times: user=0.01 sys=0.00, real=0.00 secs] 
1734.065: [GC (Allocation Failure) [PSYoungGen: 68125K->1581K(68608K)] 339521K->272977K(752128K), 0.0017082 secs] [Times: user=0.00 sys=0.00, real=0.00 secs] 
1734.456: [GC (Allocation Failure) [PSYoungGen: 68141K->1581K(68608K)] 339537K->272977K(752128K), 0.0015787 secs] [Times: user=0.01 sys=0.00, real=0.00 secs] 
1735.280: [GC (Allocation Failure) [PSYoungGen: 68141K->1424K(68608K)] 339537K->272819K(752128K), 0.0027240 secs] [Times: user=0.01 sys=0.00, real=0.01 secs] 
1736.190: [GC (Allocation Failure) [PSYoungGen: 67984K->1360K(68608K)] 339379K->272755K(752128K), 0.0030107 secs] [Times: user=0.01 sys=0.00, real=0.01 secs] 
1736.957: [GC (Allocation Failure) [PSYoungGen: 67920K->1376K(68608K)] 339315K->272771K(752128K), 0.0024259 secs] [Times: user=0.01 sys=0.00, real=0.00 secs] 
1737.463: [GC (Allocation Failure) [PSYoungGen: 67936K->1376K(68608K)] 339331K->272771K(752128K), 0.0022566 secs] [Times: user=0.01 sys=0.00, real=0.00 secs] 
1737.997: [GC (Allocation Failure) [PSYoungGen: 67936K->1549K(68608K)] 339331K->272945K(752128K), 0.0014364 secs] [Times: user=0.01 sys=0.00, real=0.00 secs] 
1738.392: [GC (Allocation Failure) [PSYoungGen: 68109K->1613K(68608K)] 339505K->273009K(752128K), 0.0017224 secs] [Times: user=0.00 sys=0.00, real=0.00 secs] 
1738.783: [GC (Allocation Failure) [PSYoungGen: 68173K->1613K(68608K)] 339569K->273009K(752128K), 0.0015882 secs] [Times: user=0.01 sys=0.00, real=0.00 secs] 
1739.173: [GC (Allocation Failure) [PSYoungGen: 68173K->1581K(68608K)] 339569K->272993K(752128K), 0.0017559 secs] [Times: user=0.00 sys=0.00, real=0.00 secs] 
1739.783: [GC (Allocation Failure) [PSYoungGen: 68141K->1440K(68608K)] 339553K->272875K(752128K), 0.0018825 secs] [Times: user=0.01 sys=0.00, real=0.00 secs] 
1740.389: [GC (Allocation Failure) [PSYoungGen: 68000K->1376K(68608K)] 339435K->272811K(752128K), 0.0036523 secs] [Times: user=0.01 sys=0.00, real=0.01 secs] 
1741.000: [GC (Allocation Failure) [PSYoungGen: 67936K->1408K(68608K)] 339371K->272843K(752128K), 0.0038598 secs] [Times: user=0.01 sys=0.00, real=0.01 secs] 
1741.710: [GC (Allocation Failure) [PSYoungGen: 67968K->1392K(68608K)] 339403K->272827K(752128K), 0.0026540 secs] [Times: user=0.01 sys=0.00, real=0.01 secs] 
1742.344: [GC (Allocation Failure) [PSYoungGen: 67952K->1533K(68608K)] 339387K->272969K(752128K), 0.0014711 secs] [Times: user=0.00 sys=0.00, real=0.00 secs] 
1742.736: [GC (Allocation Failure) [PSYoungGen: 68093K->1597K(68608K)] 339529K->273033K(752128K), 0.0016697 secs] [Times: user=0.01 sys=0.00, real=0.00 secs] 
1743.128: [GC (Allocation Failure) [PSYoungGen: 68157K->1581K(68608K)] 339593K->273017K(752128K), 0.0015460 secs] [Times: user=0.01 sys=0.00, real=0.00 secs] 
1743.519: [GC (Allocation Failure) [PSYoungGen: 68141K->1613K(68608K)] 339577K->273057K(752128K), 0.0015384 secs] [Times: user=0.01 sys=0.00, real=0.00 secs] 
1744.179: [GC (Allocation Failure) [PSYoungGen: 68173K->1408K(68608K)] 339617K->272851K(752128K), 0.0032916 secs] [Times: user=0.01 sys=0.00, real=0.01 secs] 
1744.779: [GC (Allocation Failure) [PSYoungGen: 67968K->1392K(68608K)] 339411K->272835K(752128K), 0.0027968 secs] [Times: user=0.01 sys=0.00, real=0.01 secs] 
1745.290: [GC (Allocation Failure) [PSYoungGen: 67952K->1408K(68608K)] 339395K->272851K(752128K), 0.0024849 secs] [Times: user=0.01 sys=0.00, real=0.01 secs] 
1745.561: [GC (Allocation Failure) [PSYoungGen: 67968K->1408K(68608K)] 339411K->272851K(752128K), 0.0018879 secs] [Times: user=0.00 sys=0.00, real=0.00 secs] 
1745.941: [GC (Allocation Failure) [PSYoungGen: 67968K->1565K(68608K)] 339411K->273009K(752128K), 0.0014694 secs] [Times: user=0.01 sys=0.00, real=0.01 secs] 
1746.334: [GC (Allocation Failure) [PSYoungGen: 68125K->1581K(68608K)] 339569K->273025K(752128K), 0.0014652 secs] [Times: user=0.00 sys=0.00, real=0.00 secs] 
1746.726: [GC (Allocation Failure) [PSYoungGen: 68140K->1613K(68608K)] 339584K->273057K(752128K), 0.0016680 secs] [Times: user=0.01 sys=0.00, real=0.00 secs] 
1747.117: [GC (Allocation Failure) [PSYoungGen: 68173K->1629K(68608K)] 339617K->273089K(752128K), 0.0015496 secs] [Times: user=0.00 sys=0.00, real=0.00 secs] 
1747.421: [GC (Allocation Failure) [PSYoungGen: 68189K->1472K(68608K)] 339649K->272931K(752128K), 0.0015475 secs] [Times: user=0.00 sys=0.00, real=0.01 secs] 
1747.800: [GC (Allocation Failure) [PSYoungGen: 68032K->1376K(68608K)] 339491K->272851K(752128K), 0.0018173 secs] [Times: user=0.01 sys=0.00, real=0.01 secs] 
1748.076: [GC (Allocation Failure) [PSYoungGen: 67936K->1376K(68608K)] 339411K->272851K(752128K), 0.0016046 secs] [Times: user=0.01 sys=0.00, real=0.00 secs] 
1748.352: [GC (Allocation Failure) [PSYoungGen: 67936K->1392K(68608K)] 339411K->272867K(752128K), 0.0015291 secs] [Times: user=0.01 sys=0.00, real=0.00 secs] 
1748.737: [GC (Allocation Failure) [PSYoungGen: 67952K->1581K(68608K)] 339427K->273057K(752128K), 0.0014981 secs] [Times: user=0.00 sys=0.00, real=0.00 secs] 
1749.128: [GC (Allocation Failure) [PSYoungGen: 68141K->1581K(68608K)] 339617K->273057K(752128K), 0.0015890 secs] [Times: user=0.01 sys=0.00, real=0.00 secs] 
1749.517: [GC (Allocation Failure) [PSYoungGen: 68141K->1597K(68608K)] 339617K->273073K(752128K), 0.0015974 secs] [Times: user=0.01 sys=0.00, real=0.00 secs] 
1749.926: [GC (Allocation Failure) [PSYoungGen: 68157K->2016K(68608K)] 339633K->274011K(752128K), 0.0016425 secs] [Times: user=0.00 sys=0.00, real=0.00 secs] 
1750.202: [GC (Allocation Failure) [PSYoungGen: 68576K->1376K(69120K)] 340571K->273371K(752640K), 0.0015936 secs] [Times: user=0.01 sys=0.00, real=0.00 secs] 
1750.633: [GC (Allocation Failure) [PSYoungGen: 67936K->1344K(69120K)] 339931K->273339K(752640K), 0.0022478 secs] [Times: user=0.01 sys=0.00, real=0.00 secs] 
1751.179: [GC (Allocation Failure) [PSYoungGen: 67904K->1408K(69120K)] 339899K->273403K(752640K), 0.0021405 secs] [Times: user=0.01 sys=0.00, real=0.00 secs] 
1751.732: [GC (Allocation Failure) [PSYoungGen: 67968K->1408K(69120K)] 339963K->273403K(752640K), 0.0022701 secs] [Times: user=0.01 sys=0.00, real=0.00 secs] 
1752.198: [GC (Allocation Failure) [PSYoungGen: 67968K->1613K(68608K)] 339963K->273609K(752128K), 0.0015187 secs] [Times: user=0.01 sys=0.00, real=0.00 secs] 
1752.590: [GC (Allocation Failure) [PSYoungGen: 68173K->1533K(68096K)] 340169K->273529K(751616K), 0.0015587 secs] [Times: user=0.00 sys=0.00, real=0.01 secs] 
1752.979: [GC (Allocation Failure) [PSYoungGen: 68093K->1549K(68608K)] 340089K->273545K(752128K), 0.0015729 secs] [Times: user=0.01 sys=0.00, real=0.00 secs] 
1753.357: [GC (Allocation Failure) [PSYoungGen: 68109K->1504K(68608K)] 340105K->273499K(752128K), 0.0016186 secs] [Times: user=0.01 sys=0.00, real=0.00 secs] 
1753.633: [GC (Allocation Failure) [PSYoungGen: 68064K->1408K(68608K)] 340059K->273403K(752128K), 0.0015529 secs] [Times: user=0.00 sys=0.00, real=0.00 secs] 
1753.909: [GC (Allocation Failure) [PSYoungGen: 67968K->1408K(68608K)] 339963K->273403K(752128K), 0.0015336 secs] [Times: user=0.01 sys=0.00, real=0.00 secs] 
1754.185: [GC (Allocation Failure) [PSYoungGen: 67968K->1360K(68608K)] 339963K->273355K(752128K), 0.0016243 secs] [Times: user=0.00 sys=0.00, real=0.00 secs] 
1754.497: [GC (Allocation Failure) [PSYoungGen: 67920K->1440K(68608K)] 339915K->273435K(752128K), 0.0018242 secs] [Times: user=0.01 sys=0.00, real=0.00 secs] 
1754.906: [GC (Allocation Failure) [PSYoungGen: 68000K->1581K(68608K)] 339995K->273577K(752128K), 0.0015032 secs] [Times: user=0.00 sys=0.01, real=0.00 secs] 
1755.299: [GC (Allocation Failure) [PSYoungGen: 68121K->1520K(68608K)] 340117K->273515K(752128K), 0.0014237 secs] [Times: user=0.01 sys=0.00, real=0.00 secs] 
1755.695: [GC (Allocation Failure) [PSYoungGen: 68080K->1600K(68608K)] 340075K->273611K(752128K), 0.0014445 secs] [Times: user=0.00 sys=0.00, real=0.00 secs] 
1756.136: [GC (Allocation Failure) [PSYoungGen: 68160K->1440K(68608K)] 340171K->273451K(752128K), 0.0021119 secs] [Times: user=0.01 sys=0.00, real=0.00 secs] 
1756.425: [GC (Allocation Failure) [PSYoungGen: 68000K->1344K(68608K)] 340011K->273355K(752128K), 0.0016210 secs] [Times: user=0.00 sys=0.00, real=0.00 secs] 
1756.701: [GC (Allocation Failure) [PSYoungGen: 67904K->1440K(68608K)] 339915K->273467K(752128K), 0.0016467 secs] [Times: user=0.01 sys=0.00, real=0.00 secs] 
1756.978: [GC (Allocation Failure) [PSYoungGen: 68000K->1408K(68608K)] 340027K->273435K(752128K), 0.0019041 secs] [Times: user=0.00 sys=0.00, real=0.00 secs] 
1757.347: [GC (Allocation Failure) [PSYoungGen: 67968K->1533K(68608K)] 339995K->273561K(752128K), 0.0015692 secs] [Times: user=0.01 sys=0.00, real=0.00 secs] 
1757.738: [GC (Allocation Failure) [PSYoungGen: 68093K->1581K(68608K)] 340121K->273609K(752128K), 0.0014941 secs] [Times: user=0.00 sys=0.00, real=0.00 secs] 
1758.127: [GC (Allocation Failure) [PSYoungGen: 68141K->1581K(68608K)] 340169K->273609K(752128K), 0.0015227 secs] [Times: user=0.00 sys=0.00, real=0.00 secs] 
1758.517: [GC (Allocation Failure) [PSYoungGen: 68141K->1581K(68608K)] 340169K->273617K(752128K), 0.0016085 secs] [Times: user=0.00 sys=0.00, real=0.00 secs] 
1759.252: [GC (Allocation Failure) [PSYoungGen: 68141K->1472K(68608K)] 340177K->273507K(752128K), 0.0023622 secs] [Times: user=0.01 sys=0.00, real=0.00 secs] 
1759.942: [GC (Allocation Failure) [PSYoungGen: 68032K->1408K(68608K)] 340067K->273443K(752128K), 0.0023223 secs] [Times: user=0.01 sys=0.00, real=0.00 secs] 
1760.503: [GC (Allocation Failure) [PSYoungGen: 67968K->1344K(68608K)] 340003K->273379K(752128K), 0.0021839 secs] [Times: user=0.01 sys=0.00, real=0.00 secs] 
1761.094: [GC (Allocation Failure) [PSYoungGen: 67904K->1376K(68608K)] 339939K->273411K(752128K), 0.0023917 secs] [Times: user=0.01 sys=0.00, real=0.00 secs] 
1761.642: [GC (Allocation Failure) [PSYoungGen: 67936K->1533K(68608K)] 339971K->273569K(752128K), 0.0014380 secs] [Times: user=0.01 sys=0.00, real=0.00 secs] 
1762.032: [GC (Allocation Failure) [PSYoungGen: 68093K->1616K(68608K)] 340129K->273651K(752128K), 0.0015415 secs] [Times: user=0.00 sys=0.00, real=0.00 secs] 
1762.422: [GC (Allocation Failure) [PSYoungGen: 68176K->1597K(68608K)] 340211K->273633K(752128K), 0.0015399 secs] [Times: user=0.01 sys=0.00, real=0.00 secs] 
1762.813: [GC (Allocation Failure) [PSYoungGen: 68157K->1629K(68608K)] 340193K->273681K(752128K), 0.0016208 secs] [Times: user=0.01 sys=0.00, real=0.00 secs] 
1763.447: [GC (Allocation Failure) [PSYoungGen: 68189K->1440K(68608K)] 340241K->273491K(752128K), 0.0021516 secs] [Times: user=0.01 sys=0.00, real=0.00 secs] 
1764.288: [GC (Allocation Failure) [PSYoungGen: 68000K->1376K(68608K)] 340051K->273427K(752128K), 0.0026068 secs] [Times: user=0.01 sys=0.00, real=0.00 secs] 
1765.062: [GC (Allocation Failure) [PSYoungGen: 67936K->1344K(68608K)] 339987K->273395K(752128K), 0.0026976 secs] [Times: user=0.01 sys=0.00, real=0.00 secs] 
1765.871: [GC (Allocation Failure) [PSYoungGen: 67904K->1360K(68608K)] 339955K->273411K(752128K), 0.0026239 secs] [Times: user=0.01 sys=0.00, real=0.01 secs] 
1766.597: [GC (Allocation Failure) [PSYoungGen: 67920K->1549K(68608K)] 339971K->273601K(752128K), 0.0014241 secs] [Times: user=0.01 sys=0.00, real=0.00 secs] 
1766.988: [GC (Allocation Failure) [PSYoungGen: 68109K->1581K(68608K)] 340161K->273633K(752128K), 0.0015354 secs] [Times: user=0.01 sys=0.00, real=0.00 secs] 
1767.377: [GC (Allocation Failure) [PSYoungGen: 68141K->1613K(68608K)] 340193K->273665K(752128K), 0.0015304 secs] [Times: user=0.00 sys=0.00, real=0.00 secs] 
1767.770: [GC (Allocation Failure) [PSYoungGen: 68173K->1613K(68608K)] 340225K->273681K(752128K), 0.0015418 secs] [Times: user=0.01 sys=0.00, real=0.01 secs] 
1768.281: [GC (Allocation Failure) [PSYoungGen: 68173K->1472K(68608K)] 340241K->273539K(752128K), 0.0015611 secs] [Times: user=0.01 sys=0.00, real=0.00 secs] 
1768.557: [GC (Allocation Failure) [PSYoungGen: 68032K->1360K(68608K)] 340099K->273427K(752128K), 0.0016545 secs] [Times: user=0.01 sys=0.00, real=0.00 secs] 
1768.834: [GC (Allocation Failure) [PSYoungGen: 67920K->1376K(68608K)] 339987K->273459K(752128K), 0.0016332 secs] [Times: user=0.01 sys=0.00, real=0.00 secs] 
1769.110: [GC (Allocation Failure) [PSYoungGen: 67936K->1360K(68608K)] 340019K->273443K(752128K), 0.0016816 secs] [Times: user=0.00 sys=0.00, real=0.01 secs] 
1769.482: [GC (Allocation Failure) [PSYoungGen: 67920K->1469K(68608K)] 340003K->273553K(752128K), 0.0015927 secs] [Times: user=0.01 sys=0.00, real=0.00 secs] 
1769.872: [GC (Allocation Failure) [PSYoungGen: 68029K->1584K(68608K)] 340113K->273667K(752128K), 0.0016323 secs] [Times: user=0.01 sys=0.00, real=0.00 secs] 
1770.263: [GC (Allocation Failure) [PSYoungGen: 68144K->1536K(68608K)] 340227K->273619K(752128K), 0.0014269 secs] [Times: user=0.00 sys=0.00, real=0.00 secs] 
1770.654: [GC (Allocation Failure) [PSYoungGen: 68096K->1533K(68608K)] 340179K->273633K(752128K), 0.0015845 secs] [Times: user=0.00 sys=0.00, real=0.00 secs] 
1772.111: [GC (Allocation Failure) [PSYoungGen: 68093K->1408K(68608K)] 340193K->273515K(752128K), 0.0036934 secs] [Times: user=0.02 sys=0.00, real=0.01 secs] 
1772.565: [GC (Allocation Failure) [PSYoungGen: 67968K->1392K(68608K)] 340075K->273499K(752128K), 0.0019226 secs] [Times: user=0.01 sys=0.00, real=0.00 secs] 
1772.895: [GC (Allocation Failure) [PSYoungGen: 67952K->1344K(68608K)] 340059K->273451K(752128K), 0.0019524 secs] [Times: user=0.01 sys=0.00, real=0.00 secs] 
1773.180: [GC (Allocation Failure) [PSYoungGen: 67904K->1376K(68608K)] 340011K->273483K(752128K), 0.0018871 secs] [Times: user=0.00 sys=0.00, real=0.01 secs] 
1773.606: [GC (Allocation Failure) [PSYoungGen: 67936K->1533K(68608K)] 340043K->273641K(752128K), 0.0016325 secs] [Times: user=0.00 sys=0.00, real=0.00 secs] 
1773.995: [GC (Allocation Failure) [PSYoungGen: 68093K->1613K(68608K)] 340201K->273721K(752128K), 0.0016042 secs] [Times: user=0.01 sys=0.00, real=0.00 secs] 
1774.387: [GC (Allocation Failure) [PSYoungGen: 68173K->1616K(68608K)] 340281K->273723K(752128K), 0.0016409 secs] [Times: user=0.01 sys=0.00, real=0.00 secs] 
1774.797: [GC (Allocation Failure) [PSYoungGen: 68176K->1664K(68608K)] 340283K->273771K(752128K), 0.0017933 secs] [Times: user=0.00 sys=0.00, real=0.00 secs] 
1775.077: [GC (Allocation Failure) [PSYoungGen: 68224K->1376K(68608K)] 340331K->273483K(752128K), 0.0017351 secs] [Times: user=0.01 sys=0.00, real=0.00 secs] 
1775.353: [GC (Allocation Failure) [PSYoungGen: 67936K->1376K(68608K)] 340043K->273483K(752128K), 0.0018543 secs] [Times: user=0.01 sys=0.00, real=0.00 secs] 
1775.643: [GC (Allocation Failure) [PSYoungGen: 67936K->1392K(68608K)] 340043K->273499K(752128K), 0.0019300 secs] [Times: user=0.01 sys=0.00, real=0.00 secs] 
1776.170: [GC (Allocation Failure) [PSYoungGen: 67952K->1408K(68608K)] 340059K->273515K(752128K), 0.0029309 secs] [Times: user=0.01 sys=0.00, real=0.01 secs] 
1776.686: [GC (Allocation Failure) [PSYoungGen: 67968K->1597K(68608K)] 340075K->273705K(752128K), 0.0015384 secs] [Times: user=0.00 sys=0.00, real=0.00 secs] 
1777.078: [GC (Allocation Failure) [PSYoungGen: 68149K->1613K(68608K)] 340257K->273721K(752128K), 0.0016612 secs] [Times: user=0.00 sys=0.00, real=0.00 secs] 
1777.469: [GC (Allocation Failure) [PSYoungGen: 68173K->1613K(68608K)] 340281K->273721K(752128K), 0.0016173 secs] [Times: user=0.00 sys=0.00, real=0.00 secs] 
1778.036: [GC (Allocation Failure) [PSYoungGen: 68173K->1520K(68608K)] 340281K->273651K(752128K), 0.0018581 secs] [Times: user=0.01 sys=0.00, real=0.00 secs] 
1778.932: [GC (Allocation Failure) [PSYoungGen: 68080K->1392K(68608K)] 340211K->273523K(752128K), 0.0035812 secs] [Times: user=0.02 sys=0.00, real=0.00 secs] 
1780.068: [GC (Allocation Failure) [PSYoungGen: 67952K->1392K(68608K)] 340083K->273523K(752128K), 0.0033752 secs] [Times: user=0.02 sys=0.00, real=0.01 secs] 
1781.220: [GC (Allocation Failure) [PSYoungGen: 67952K->1408K(68608K)] 340083K->273539K(752128K), 0.0034493 secs] [Times: user=0.02 sys=0.00, real=0.01 secs] 
1782.094: [GC (Allocation Failure) [PSYoungGen: 67968K->1408K(68608K)] 340099K->273539K(752128K), 0.0035572 secs] [Times: user=0.01 sys=0.00, real=0.00 secs] 
1782.971: [GC (Allocation Failure) [PSYoungGen: 67968K->1581K(68608K)] 340099K->273713K(752128K), 0.0015173 secs] [Times: user=0.01 sys=0.00, real=0.01 secs] 
1783.361: [GC (Allocation Failure) [PSYoungGen: 68141K->1597K(68608K)] 340273K->273729K(752128K), 0.0016430 secs] [Times: user=0.01 sys=0.00, real=0.00 secs] 
1783.753: [GC (Allocation Failure) [PSYoungGen: 68157K->1629K(68608K)] 340289K->273777K(752128K), 0.0015193 secs] [Times: user=0.01 sys=0.00, real=0.00 secs] 
1784.283: [GC (Allocation Failure) [PSYoungGen: 68189K->1504K(68608K)] 340337K->273651K(752128K), 0.0019444 secs] [Times: user=0.01 sys=0.00, real=0.00 secs] 
1785.129: [GC (Allocation Failure) [PSYoungGen: 68064K->1408K(68608K)] 340211K->273555K(752128K), 0.0035624 secs] [Times: user=0.02 sys=0.00, real=0.01 secs] 
1785.989: [GC (Allocation Failure) [PSYoungGen: 67968K->1376K(68608K)] 340115K->273523K(752128K), 0.0033908 secs] [Times: user=0.02 sys=0.00, real=0.01 secs] 
1787.245: [GC (Allocation Failure) [PSYoungGen: 67936K->1408K(68608K)] 340083K->273555K(752128K), 0.0036944 secs] [Times: user=0.02 sys=0.00, real=0.00 secs] 
1788.274: [GC (Allocation Failure) [PSYoungGen: 67968K->1456K(68608K)] 340115K->273603K(752128K), 0.0025413 secs] [Times: user=0.01 sys=0.00, real=0.00 secs] 
1788.731: [GC (Allocation Failure) [PSYoungGen: 68016K->1536K(68608K)] 340163K->273683K(752128K), 0.0015795 secs] [Times: user=0.01 sys=0.00, real=0.01 secs] 
1789.121: [GC (Allocation Failure) [PSYoungGen: 68096K->1549K(68608K)] 340243K->273697K(752128K), 0.0015034 secs] [Times: user=0.00 sys=0.00, real=0.00 secs] 
1789.513: [GC (Allocation Failure) [PSYoungGen: 68109K->1549K(68608K)] 340257K->273713K(752128K), 0.0016164 secs] [Times: user=0.01 sys=0.00, real=0.00 secs] 
1790.131: [GC (Allocation Failure) [PSYoungGen: 68109K->1440K(68608K)] 340273K->273603K(752128K), 0.0017089 secs] [Times: user=0.01 sys=0.00, real=0.01 secs] 
1791.187: [GC (Allocation Failure) [PSYoungGen: 68000K->1408K(68608K)] 340163K->273571K(752128K), 0.0023560 secs] [Times: user=0.01 sys=0.00, real=0.00 secs] 
1792.162: [GC (Allocation Failure) [PSYoungGen: 67968K->1408K(68608K)] 340131K->273587K(752128K), 0.0037884 secs] [Times: user=0.02 sys=0.00, real=0.00 secs] 
1792.762: [GC (Allocation Failure) [PSYoungGen: 67968K->1440K(68608K)] 340147K->273619K(752128K), 0.0030691 secs] [Times: user=0.01 sys=0.00, real=0.00 secs] 
1793.420: [GC (Allocation Failure) [PSYoungGen: 68000K->1456K(68608K)] 340179K->273635K(752128K), 0.0018077 secs] [Times: user=0.00 sys=0.00, real=0.01 secs] 
1793.829: [GC (Allocation Failure) [PSYoungGen: 68016K->1613K(68608K)] 340195K->273793K(752128K), 0.0016289 secs] [Times: user=0.01 sys=0.00, real=0.00 secs] 
1794.220: [GC (Allocation Failure) [PSYoungGen: 68173K->1613K(68608K)] 340353K->273793K(752128K), 0.0017194 secs] [Times: user=0.01 sys=0.00, real=0.01 secs] 
1794.612: [GC (Allocation Failure) [PSYoungGen: 68173K->1565K(68608K)] 340353K->273761K(752128K), 0.0015467 secs] [Times: user=0.00 sys=0.00, real=0.00 secs] 
1795.053: [GC (Allocation Failure) [PSYoungGen: 68125K->1504K(68608K)] 340321K->273699K(752128K), 0.0018341 secs] [Times: user=0.01 sys=0.00, real=0.00 secs] 
1795.767: [GC (Allocation Failure) [PSYoungGen: 68064K->1424K(68608K)] 340259K->273619K(752128K), 0.0022912 secs] [Times: user=0.01 sys=0.00, real=0.00 secs] 
1796.580: [GC (Allocation Failure) [PSYoungGen: 67984K->1408K(68608K)] 340179K->273603K(752128K), 0.0026607 secs] [Times: user=0.01 sys=0.00, real=0.01 secs] 
1797.547: [GC (Allocation Failure) [PSYoungGen: 67968K->1408K(68608K)] 340163K->273603K(752128K), 0.0026857 secs] [Times: user=0.01 sys=0.00, real=0.00 secs] 
1798.454: [GC (Allocation Failure) [PSYoungGen: 67968K->1501K(68608K)] 340163K->273697K(752128K), 0.0016447 secs] [Times: user=0.00 sys=0.00, real=0.00 secs] 
1798.844: [GC (Allocation Failure) [PSYoungGen: 68061K->1565K(68608K)] 340257K->273761K(752128K), 0.0015265 secs] [Times: user=0.01 sys=0.00, real=0.00 secs] 
1799.235: [GC (Allocation Failure) [PSYoungGen: 68125K->1549K(68608K)] 340321K->273745K(752128K), 0.0015720 secs] [Times: user=0.01 sys=0.00, real=0.00 secs] 
1799.626: [GC (Allocation Failure) [PSYoungGen: 68109K->1549K(68608K)] 340305K->273761K(752128K), 0.0016982 secs] [Times: user=0.01 sys=0.00, real=0.00 secs] 
1800.206: [GC (Allocation Failure) [PSYoungGen: 68109K->1408K(68608K)] 340321K->273635K(752128K), 0.0017872 secs] [Times: user=0.01 sys=0.00, real=0.00 secs] 
1800.865: [GC (Allocation Failure) [PSYoungGen: 67968K->1376K(68608K)] 340195K->273603K(752128K), 0.0026013 secs] [Times: user=0.01 sys=0.01, real=0.00 secs] 
1801.492: [GC (Allocation Failure) [PSYoungGen: 67936K->1408K(68608K)] 340163K->273635K(752128K), 0.0025434 secs] [Times: user=0.01 sys=0.00, real=0.00 secs] 
1801.910: [GC (Allocation Failure) [PSYoungGen: 67968K->1408K(68608K)] 340195K->273635K(752128K), 0.0027226 secs] [Times: user=0.01 sys=0.00, real=0.01 secs] 
1802.460: [GC (Allocation Failure) [PSYoungGen: 67968K->1517K(68608K)] 340195K->273745K(752128K), 0.0014821 secs] [Times: user=0.01 sys=0.00, real=0.01 secs] 
1802.851: [GC (Allocation Failure) [PSYoungGen: 68077K->1613K(68608K)] 340305K->273841K(752128K), 0.0014607 secs] [Times: user=0.01 sys=0.00, real=0.01 secs] 
1803.242: [GC (Allocation Failure) [PSYoungGen: 68173K->1597K(68608K)] 340401K->273825K(752128K), 0.0015166 secs] [Times: user=0.00 sys=0.00, real=0.00 secs] 
1803.633: [GC (Allocation Failure) [PSYoungGen: 68157K->1581K(68608K)] 340385K->273825K(752128K), 0.0015650 secs] [Times: user=0.00 sys=0.00, real=0.00 secs] 
1803.991: [GC (Allocation Failure) [PSYoungGen: 68141K->1424K(68608K)] 340385K->273667K(752128K), 0.0017375 secs] [Times: user=0.00 sys=0.00, real=0.01 secs] 
1804.275: [GC (Allocation Failure) [PSYoungGen: 67984K->1408K(68608K)] 340227K->273651K(752128K), 0.0017761 secs] [Times: user=0.01 sys=0.00, real=0.00 secs] 
1804.552: [GC (Allocation Failure) [PSYoungGen: 67968K->1376K(68608K)] 340211K->273619K(752128K), 0.0016442 secs] [Times: user=0.00 sys=0.00, real=0.00 secs] 
1804.869: [GC (Allocation Failure) [PSYoungGen: 67936K->1408K(68608K)] 340179K->273651K(752128K), 0.0017246 secs] [Times: user=0.01 sys=0.00, real=0.00 secs] 
1805.300: [GC (Allocation Failure) [PSYoungGen: 67968K->1565K(68608K)] 340211K->273809K(752128K), 0.0015561 secs] [Times: user=0.00 sys=0.00, real=0.01 secs] 
1805.691: [GC (Allocation Failure) [PSYoungGen: 68125K->1584K(68608K)] 340369K->273827K(752128K), 0.0015235 secs] [Times: user=0.01 sys=0.00, real=0.00 secs] 
1806.081: [GC (Allocation Failure) [PSYoungGen: 68144K->1565K(68608K)] 340387K->273809K(752128K), 0.0016723 secs] [Times: user=0.01 sys=0.00, real=0.01 secs] 
1806.531: [GC (Allocation Failure) [PSYoungGen: 68125K->1536K(68608K)] 340369K->273795K(752128K), 0.0017002 secs] [Times: user=0.01 sys=0.00, real=0.01 secs] 
1807.301: [GC (Allocation Failure) [PSYoungGen: 68096K->1440K(68608K)] 340355K->273715K(752128K), 0.0017878 secs] [Times: user=0.01 sys=0.00, real=0.00 secs] 
1807.909: [GC (Allocation Failure) [PSYoungGen: 68000K->1440K(68608K)] 340275K->273715K(752128K), 0.0029425 secs] [Times: user=0.01 sys=0.00, real=0.01 secs] 
1808.531: [GC (Allocation Failure) [PSYoungGen: 68000K->1376K(68608K)] 340275K->273651K(752128K), 0.0024788 secs] [Times: user=0.01 sys=0.00, real=0.00 secs] 
1809.086: [GC (Allocation Failure) [PSYoungGen: 67936K->1328K(68608K)] 340211K->273603K(752128K), 0.0026099 secs] [Times: user=0.01 sys=0.00, real=0.00 secs] 
1809.653: [GC (Allocation Failure) [PSYoungGen: 67888K->1533K(68608K)] 340163K->273809K(752128K), 0.0016964 secs] [Times: user=0.01 sys=0.00, real=0.00 secs] 
1810.043: [GC (GCLocker Initiated GC) [PSYoungGen: 68093K->1533K(68608K)] 340369K->273809K(752128K), 0.0016515 secs] [Times: user=0.01 sys=0.00, real=0.00 secs] 
1810.434: [GC (Allocation Failure) [PSYoungGen: 68093K->1549K(68608K)] 340594K->274050K(752128K), 0.0016608 secs] [Times: user=0.00 sys=0.00, real=0.00 secs] 
1810.868: [GC (Allocation Failure) [PSYoungGen: 68109K->2016K(68608K)] 340610K->274597K(752128K), 0.0019164 secs] [Times: user=0.01 sys=0.00, real=0.00 secs] 
1811.496: [GC (Allocation Failure) [PSYoungGen: 68576K->1408K(68608K)] 341157K->273989K(752128K), 0.0019687 secs] [Times: user=0.01 sys=0.00, real=0.00 secs] 
1812.133: [GC (Allocation Failure) [PSYoungGen: 67968K->1440K(68608K)] 340549K->274021K(752128K), 0.0026470 secs] [Times: user=0.01 sys=0.00, real=0.00 secs] 
1812.412: [GC (Allocation Failure) [PSYoungGen: 68000K->1472K(68608K)] 340581K->274053K(752128K), 0.0019522 secs] [Times: user=0.01 sys=0.00, real=0.00 secs] 
1812.689: [GC (Allocation Failure) [PSYoungGen: 68032K->1472K(68608K)] 340613K->274053K(752128K), 0.0017380 secs] [Times: user=0.01 sys=0.00, real=0.00 secs] 
1813.092: [GC (Allocation Failure) [PSYoungGen: 68032K->1613K(68608K)] 340613K->274194K(752128K), 0.0014972 secs] [Times: user=0.00 sys=0.00, real=0.00 secs] 
1813.482: [GC (Allocation Failure) [PSYoungGen: 68171K->1709K(68608K)] 340753K->274290K(752128K), 0.0015108 secs] [Times: user=0.00 sys=0.00, real=0.00 secs] 
1813.934: [GC (Allocation Failure) [PSYoungGen: 68269K->1661K(68608K)] 340850K->274242K(752128K), 0.0015829 secs] [Times: user=0.00 sys=0.00, real=0.00 secs] 
1814.358: [GC (Allocation Failure) [PSYoungGen: 68221K->1568K(68608K)] 340802K->274157K(752128K), 0.0019464 secs] [Times: user=0.01 sys=0.00, real=0.00 secs] 
1815.083: [GC (Allocation Failure) [PSYoungGen: 68128K->1472K(68608K)] 340717K->274069K(752128K), 0.0022007 secs] [Times: user=0.01 sys=0.00, real=0.00 secs] 
1815.482: [GC (Allocation Failure) [PSYoungGen: 68032K->1440K(68608K)] 340629K->274037K(752128K), 0.0018656 secs] [Times: user=0.01 sys=0.00, real=0.00 secs] 
1815.800: [GC (Allocation Failure) [PSYoungGen: 68000K->1456K(68608K)] 340597K->274053K(752128K), 0.0016992 secs] [Times: user=0.01 sys=0.00, real=0.01 secs] 
1816.285: [GC (Allocation Failure) [PSYoungGen: 67960K->336K(68608K)] 340558K->272973K(752128K), 0.0019919 secs] [Times: user=0.01 sys=0.00, real=0.00 secs] 
1816.696: [GC (Allocation Failure) [PSYoungGen: 66890K->1613K(68608K)] 339528K->274258K(752128K), 0.0016361 secs] [Times: user=0.01 sys=0.00, real=0.00 secs] 
1817.163: [GC (Allocation Failure) [PSYoungGen: 68173K->1565K(68608K)] 340818K->274250K(752128K), 0.0017029 secs] [Times: user=0.00 sys=0.00, real=0.00 secs] 
1817.556: [GC (Allocation Failure) [PSYoungGen: 68125K->1549K(68608K)] 340810K->274250K(752128K), 0.0017351 secs] [Times: user=0.00 sys=0.00, real=0.00 secs] 
1818.004: [GC (Allocation Failure) [PSYoungGen: 68109K->1472K(68608K)] 340810K->274173K(752128K), 0.0026064 secs] [Times: user=0.01 sys=0.00, real=0.00 secs] 
1818.578: [GC (Allocation Failure) [PSYoungGen: 68032K->1376K(68608K)] 340733K->274077K(752128K), 0.0033150 secs] [Times: user=0.02 sys=0.00, real=0.00 secs] 
1819.067: [GC (Allocation Failure) [PSYoungGen: 67936K->1408K(68608K)] 340637K->274109K(752128K), 0.0024150 secs] [Times: user=0.01 sys=0.00, real=0.00 secs] 
1819.335: [GC (Allocation Failure) [PSYoungGen: 67968K->1344K(68608K)] 340669K->274045K(752128K), 0.0019244 secs] [Times: user=0.01 sys=0.00, real=0.00 secs] 
1819.658: [GC (Allocation Failure) [PSYoungGen: 67904K->1472K(68608K)] 340605K->274173K(752128K), 0.0014280 secs] [Times: user=0.01 sys=0.00, real=0.00 secs] 
1820.048: [GC (Allocation Failure) [PSYoungGen: 68015K->1549K(68608K)] 340716K->274250K(752128K), 0.0016258 secs] [Times: user=0.00 sys=0.00, real=0.00 secs] 
1820.437: [GC (Allocation Failure) [PSYoungGen: 68109K->1581K(68608K)] 340810K->274282K(752128K), 0.0016560 secs] [Times: user=0.01 sys=0.00, real=0.00 secs] 
1820.826: [GC (Allocation Failure) [PSYoungGen: 68122K->1581K(68608K)] 340824K->274306K(752128K), 0.0015153 secs] [Times: user=0.00 sys=0.00, real=0.00 secs] 
1821.205: [GC (Allocation Failure) [PSYoungGen: 68141K->1472K(68608K)] 340866K->274197K(752128K), 0.0019582 secs] [Times: user=0.01 sys=0.00, real=0.00 secs] 
1821.537: [GC (Allocation Failure) [PSYoungGen: 68032K->1408K(68608K)] 340757K->274133K(752128K), 0.0018077 secs] [Times: user=0.01 sys=0.00, real=0.00 secs] 
1821.822: [GC (Allocation Failure) [PSYoungGen: 67968K->1376K(68608K)] 340693K->274101K(752128K), 0.0019526 secs] [Times: user=0.01 sys=0.00, real=0.00 secs] 
1822.099: [GC (Allocation Failure) [PSYoungGen: 67936K->1376K(68608K)] 340661K->274101K(752128K), 0.0017067 secs] [Times: user=0.01 sys=0.00, real=0.00 secs] 
1822.477: [GC (Allocation Failure) [PSYoungGen: 67936K->1485K(68608K)] 340661K->274210K(752128K), 0.0013754 secs] [Times: user=0.00 sys=0.00, real=0.00 secs] 
1822.868: [GC (Allocation Failure) [PSYoungGen: 68045K->1613K(68608K)] 340770K->274338K(752128K), 0.0016447 secs] [Times: user=0.00 sys=0.00, real=0.00 secs] 
1823.257: [GC (Allocation Failure) [PSYoungGen: 68173K->1613K(68608K)] 340898K->274338K(752128K), 0.0016403 secs] [Times: user=0.01 sys=0.00, real=0.00 secs] 
1823.649: [GC (Allocation Failure) [PSYoungGen: 68173K->1613K(68608K)] 340898K->274354K(752128K), 0.0016410 secs] [Times: user=0.01 sys=0.00, real=0.00 secs] 
1824.306: [GC (Allocation Failure) [PSYoungGen: 68173K->1504K(68608K)] 340914K->274245K(752128K), 0.0016346 secs] [Times: user=0.01 sys=0.00, real=0.00 secs] 
1825.134: [GC (Allocation Failure) [PSYoungGen: 68064K->1408K(68608K)] 340805K->274149K(752128K), 0.0020957 secs] [Times: user=0.01 sys=0.00, real=0.00 secs] 
1825.943: [GC (Allocation Failure) [PSYoungGen: 67968K->1408K(68608K)] 340709K->274149K(752128K), 0.0019524 secs] [Times: user=0.01 sys=0.00, real=0.00 secs] 
1826.960: [GC (Allocation Failure) [PSYoungGen: 67968K->1408K(68608K)] 340709K->274149K(752128K), 0.0025608 secs] [Times: user=0.01 sys=0.00, real=0.01 secs] 
1827.787: [GC (Allocation Failure) [PSYoungGen: 67968K->1437K(68608K)] 340709K->274178K(752128K), 0.0014396 secs] [Times: user=0.01 sys=0.00, real=0.00 secs] 
1828.172: [GC (GCLocker Initiated GC) [PSYoungGen: 67997K->1581K(68608K)] 340738K->274322K(752128K), 0.0016654 secs] [Times: user=0.01 sys=0.00, real=0.00 secs] 
1828.567: [GC (Allocation Failure) [PSYoungGen: 68141K->1520K(68608K)] 341396K->274775K(752128K), 0.0014810 secs] [Times: user=0.00 sys=0.00, real=0.00 secs] 
1828.959: [GC (Allocation Failure) [PSYoungGen: 68080K->1597K(68608K)] 341335K->274876K(752128K), 0.0015527 secs] [Times: user=0.00 sys=0.00, real=0.00 secs] 
1829.635: [GC (Allocation Failure) [PSYoungGen: 68157K->1504K(68608K)] 341436K->274783K(752128K), 0.0019498 secs] [Times: user=0.01 sys=0.00, real=0.00 secs] 
1830.210: [GC (Allocation Failure) [PSYoungGen: 68064K->1440K(68608K)] 341343K->274719K(752128K), 0.0020920 secs] [Times: user=0.01 sys=0.00, real=0.01 secs] 
1830.813: [GC (Allocation Failure) [PSYoungGen: 68000K->1440K(68608K)] 341279K->274719K(752128K), 0.0019678 secs] [Times: user=0.00 sys=0.00, real=0.00 secs] 
1831.515: [GC (Allocation Failure) [PSYoungGen: 68000K->1472K(68608K)] 341279K->274759K(752128K), 0.0025728 secs] [Times: user=0.01 sys=0.00, real=0.00 secs] 
1831.876: [GC (Allocation Failure) [PSYoungGen: 68032K->1677K(68608K)] 341319K->274964K(752128K), 0.0014794 secs] [Times: user=0.01 sys=0.00, real=0.00 secs] 
1832.266: [GC (Allocation Failure) [PSYoungGen: 68237K->1709K(68608K)] 341524K->274996K(752128K), 0.0015192 secs] [Times: user=0.01 sys=0.01, real=0.00 secs] 
1832.657: [GC (Allocation Failure) [PSYoungGen: 68269K->1712K(68608K)] 341556K->274999K(752128K), 0.0016653 secs] [Times: user=0.01 sys=0.01, real=0.00 secs] 
1833.048: [GC (Allocation Failure) [PSYoungGen: 68272K->1693K(68608K)] 341559K->275004K(752128K), 0.0015989 secs] [Times: user=0.01 sys=0.00, real=0.00 secs] 
1834.047: [GC (Allocation Failure) [PSYoungGen: 68253K->1568K(68608K)] 341564K->274879K(752128K), 0.0020789 secs] [Times: user=0.01 sys=0.00, real=0.00 secs] 
1834.454: [GC (Allocation Failure) [PSYoungGen: 68128K->1488K(68608K)] 341439K->274799K(752128K), 0.0017340 secs] [Times: user=0.00 sys=0.00, real=0.00 secs] 
1834.731: [GC (Allocation Failure) [PSYoungGen: 68048K->1504K(68608K)] 341359K->274815K(752128K), 0.0019147 secs] [Times: user=0.01 sys=0.00, real=0.01 secs] 
1835.007: [GC (Allocation Failure) [PSYoungGen: 68064K->1472K(68608K)] 341375K->274823K(752128K), 0.0017397 secs] [Times: user=0.01 sys=0.00, real=0.00 secs] 
1835.435: [GC (Allocation Failure) [PSYoungGen: 68032K->1661K(68608K)] 341383K->275012K(752128K), 0.0014626 secs] [Times: user=0.01 sys=0.00, real=0.00 secs] 
1835.826: [GC (Allocation Failure) [PSYoungGen: 68221K->1629K(68608K)] 341572K->274988K(752128K), 0.0015583 secs] [Times: user=0.01 sys=0.00, real=0.00 secs] 
1836.216: [GC (Allocation Failure) [PSYoungGen: 68189K->1581K(68608K)] 341548K->275020K(752128K), 0.0015249 secs] [Times: user=0.00 sys=0.00, real=0.00 secs] 
1836.608: [GC (Allocation Failure) [PSYoungGen: 68141K->1581K(68608K)] 341580K->275036K(752128K), 0.0015387 secs] [Times: user=0.01 sys=0.00, real=0.00 secs] 
1837.984: [GC (Allocation Failure) [PSYoungGen: 68141K->1376K(68608K)] 341596K->274831K(752128K), 0.0028977 secs] [Times: user=0.01 sys=0.00, real=0.00 secs] 
1839.356: [GC (Allocation Failure) [PSYoungGen: 67936K->1408K(68608K)] 341391K->274863K(752128K), 0.0034108 secs] [Times: user=0.01 sys=0.00, real=0.00 secs] 
1840.264: [GC (Allocation Failure) [PSYoungGen: 67968K->1408K(68608K)] 341423K->274879K(752128K), 0.0028581 secs] [Times: user=0.01 sys=0.01, real=0.00 secs] 
1840.537: [GC (Allocation Failure) [PSYoungGen: 67968K->1376K(68608K)] 341439K->274847K(752128K), 0.0019679 secs] [Times: user=0.01 sys=0.00, real=0.00 secs] 
1841.058: [GC (Allocation Failure) [PSYoungGen: 67936K->1501K(68608K)] 341407K->274972K(752128K), 0.0014884 secs] [Times: user=0.01 sys=0.00, real=0.00 secs] 
1841.449: [GC (Allocation Failure) [PSYoungGen: 68061K->1597K(68608K)] 341532K->275068K(752128K), 0.0015783 secs] [Times: user=0.01 sys=0.00, real=0.00 secs] 
1841.843: [GC (Allocation Failure) [PSYoungGen: 68157K->1565K(68608K)] 341628K->275036K(752128K), 0.0016087 secs] [Times: user=0.01 sys=0.00, real=0.00 secs] 
1842.405: [GC (Allocation Failure) [PSYoungGen: 68125K->2016K(68608K)] 341596K->275503K(752128K), 0.0018867 secs] [Times: user=0.01 sys=0.00, real=0.00 secs] 
1844.372: [GC (Allocation Failure) [PSYoungGen: 68576K->1376K(68608K)] 342063K->274863K(752128K), 0.0030455 secs] [Times: user=0.01 sys=0.00, real=0.00 secs] 
1845.622: [GC (Allocation Failure) [PSYoungGen: 67936K->1408K(68608K)] 341423K->274895K(752128K), 0.0030821 secs] [Times: user=0.01 sys=0.00, real=0.00 secs] 
1846.659: [GC (Allocation Failure) [PSYoungGen: 67968K->1408K(68608K)] 341455K->274895K(752128K), 0.0032388 secs] [Times: user=0.01 sys=0.01, real=0.01 secs] 
1847.143: [GC (Allocation Failure) [PSYoungGen: 67968K->1408K(68608K)] 341455K->274895K(752128K), 0.0019006 secs] [Times: user=0.01 sys=0.00, real=0.00 secs] 
1847.583: [GC (Allocation Failure) [PSYoungGen: 67968K->1533K(68608K)] 341455K->275020K(752128K), 0.0016402 secs] [Times: user=0.00 sys=0.00, real=0.00 secs] 
1847.979: [GC (Allocation Failure) [PSYoungGen: 68093K->1613K(68608K)] 341580K->275100K(752128K), 0.0017104 secs] [Times: user=0.00 sys=0.00, real=0.00 secs] 
1848.370: [GC (Allocation Failure) [PSYoungGen: 68173K->1613K(68608K)] 341660K->275100K(752128K), 0.0015468 secs] [Times: user=0.01 sys=0.00, real=0.01 secs] 
1848.901: [GC (Allocation Failure) [PSYoungGen: 68173K->1504K(68608K)] 341660K->274991K(752128K), 0.0016513 secs] [Times: user=0.01 sys=0.00, real=0.01 secs] 
1849.789: [GC (Allocation Failure) [PSYoungGen: 68064K->1408K(68608K)] 341551K->274895K(752128K), 0.0035929 secs] [Times: user=0.01 sys=0.00, real=0.01 secs] 
1850.392: [GC (Allocation Failure) [PSYoungGen: 67968K->1376K(68608K)] 341455K->274863K(752128K), 0.0030414 secs] [Times: user=0.01 sys=0.00, real=0.00 secs] 
1851.054: [GC (Allocation Failure) [PSYoungGen: 67936K->1440K(68608K)] 341423K->274927K(752128K), 0.0034992 secs] [Times: user=0.01 sys=0.00, real=0.00 secs] 
1851.594: [GC (Allocation Failure) [PSYoungGen: 67933K->288K(68608K)] 341420K->273783K(752128K), 0.0022375 secs] [Times: user=0.01 sys=0.00, real=0.00 secs] 
1852.034: [GC (Allocation Failure) [PSYoungGen: 66838K->1581K(68608K)] 340333K->275076K(752128K), 0.0015339 secs] [Times: user=0.01 sys=0.00, real=0.00 secs] 
1852.425: [GC (Allocation Failure) [PSYoungGen: 68141K->1613K(68608K)] 341636K->275108K(752128K), 0.0015036 secs] [Times: user=0.00 sys=0.00, real=0.00 secs] 
1852.817: [GC (Allocation Failure) [PSYoungGen: 68173K->1581K(68608K)] 341668K->275084K(752128K), 0.0014718 secs] [Times: user=0.01 sys=0.00, real=0.00 secs] 
1853.260: [GC (Allocation Failure) [PSYoungGen: 68141K->1504K(68608K)] 341644K->275007K(752128K), 0.0017723 secs] [Times: user=0.01 sys=0.00, real=0.01 secs] 
1853.626: [GC (Allocation Failure) [PSYoungGen: 68064K->1424K(68608K)] 341567K->274927K(752128K), 0.0017512 secs] [Times: user=0.01 sys=0.00, real=0.00 secs] 
1853.933: [GC (Allocation Failure) [PSYoungGen: 67984K->1376K(68608K)] 341487K->274879K(752128K), 0.0018847 secs] [Times: user=0.01 sys=0.00, real=0.00 secs] 
1854.238: [GC (Allocation Failure) [PSYoungGen: 67936K->1376K(68608K)] 341439K->274879K(752128K), 0.0018879 secs] [Times: user=0.00 sys=0.00, real=0.00 secs] 
1854.587: [GC (Allocation Failure) [PSYoungGen: 67936K->1501K(68608K)] 341439K->275004K(752128K), 0.0014345 secs] [Times: user=0.00 sys=0.00, real=0.00 secs] 
1854.977: [GC (Allocation Failure) [PSYoungGen: 68061K->1565K(68608K)] 341564K->275068K(752128K), 0.0016265 secs] [Times: user=0.01 sys=0.00, real=0.00 secs] 
1855.367: [GC (Allocation Failure) [PSYoungGen: 68106K->1565K(68608K)] 341609K->275068K(752128K), 0.0016100 secs] [Times: user=0.00 sys=0.00, real=0.00 secs] 
1855.756: [GC (Allocation Failure) [PSYoungGen: 68125K->1613K(68608K)] 341628K->275132K(752128K), 0.0015787 secs] [Times: user=0.01 sys=0.00, real=0.00 secs] 
1856.499: [GC (Allocation Failure) [PSYoungGen: 68173K->1488K(68608K)] 341692K->275007K(752128K), 0.0022471 secs] [Times: user=0.00 sys=0.00, real=0.01 secs] 
1857.024: [GC (Allocation Failure) [PSYoungGen: 68048K->1344K(68608K)] 341567K->274863K(752128K), 0.0019560 secs] [Times: user=0.01 sys=0.00, real=0.00 secs] 
1857.300: [GC (Allocation Failure) [PSYoungGen: 67904K->1312K(68608K)] 341423K->274839K(752128K), 0.0017618 secs] [Times: user=0.01 sys=0.00, real=0.01 secs] 
1857.577: [GC (Allocation Failure) [PSYoungGen: 67872K->1376K(68608K)] 341399K->274903K(752128K), 0.0019078 secs] [Times: user=0.01 sys=0.00, real=0.00 secs] 
1857.920: [GC (Allocation Failure) [PSYoungGen: 67929K->1517K(68608K)] 341456K->275044K(752128K), 0.0013329 secs] [Times: user=0.01 sys=0.00, real=0.01 secs] 
1858.314: [GC (Allocation Failure) [PSYoungGen: 68077K->1565K(68608K)] 341604K->275092K(752128K), 0.0015361 secs] [Times: user=0.01 sys=0.00, real=0.00 secs] 
1858.710: [GC (Allocation Failure) [PSYoungGen: 68125K->1565K(68608K)] 341652K->275092K(752128K), 0.0015003 secs] [Times: user=0.00 sys=0.00, real=0.01 secs] 
1859.100: [GC (Allocation Failure) [PSYoungGen: 68125K->1581K(68608K)] 341652K->275124K(752128K), 0.0016209 secs] [Times: user=0.00 sys=0.00, real=0.01 secs] 
1860.063: [GC (Allocation Failure) [PSYoungGen: 68141K->1456K(68608K)] 341684K->274999K(752128K), 0.0025019 secs] [Times: user=0.00 sys=0.00, real=0.00 secs] 
1860.704: [GC (Allocation Failure) [PSYoungGen: 68016K->1408K(68608K)] 341559K->274951K(752128K), 0.0020980 secs] [Times: user=0.00 sys=0.00, real=0.00 secs] 
1861.235: [GC (Allocation Failure) [PSYoungGen: 67968K->1408K(68608K)] 341511K->274951K(752128K), 0.0018789 secs] [Times: user=0.01 sys=0.00, real=0.00 secs] 
1861.645: [GC (Allocation Failure) [PSYoungGen: 67968K->1376K(68608K)] 341511K->274919K(752128K), 0.0016986 secs] [Times: user=0.01 sys=0.00, real=0.00 secs] 
1862.227: [GC (Allocation Failure) [PSYoungGen: 67936K->1501K(68608K)] 341479K->275044K(752128K), 0.0013965 secs] [Times: user=0.00 sys=0.00, real=0.00 secs] 
1862.618: [GC (Allocation Failure) [PSYoungGen: 68061K->1565K(68608K)] 341604K->275108K(752128K), 0.0016718 secs] [Times: user=0.00 sys=0.00, real=0.00 secs] 
1863.006: [GC (Allocation Failure) [PSYoungGen: 68125K->1581K(68608K)] 341668K->275124K(752128K), 0.0015644 secs] [Times: user=0.00 sys=0.00, real=0.00 secs] 
1863.398: [GC (Allocation Failure) [PSYoungGen: 68141K->1552K(68608K)] 341684K->275111K(752128K), 0.0015263 secs] [Times: user=0.01 sys=0.00, real=0.00 secs] 
1864.149: [GC (Allocation Failure) [PSYoungGen: 68112K->1440K(68608K)] 341671K->274999K(752128K), 0.0022301 secs] [Times: user=0.01 sys=0.00, real=0.01 secs] 
1864.709: [GC (Allocation Failure) [PSYoungGen: 68000K->1376K(68608K)] 341559K->274935K(752128K), 0.0021126 secs] [Times: user=0.01 sys=0.00, real=0.01 secs] 
1864.986: [GC (Allocation Failure) [PSYoungGen: 67936K->1376K(68608K)] 341495K->274935K(752128K), 0.0019757 secs] [Times: user=0.01 sys=0.00, real=0.00 secs] 
1865.295: [GC (Allocation Failure) [PSYoungGen: 67936K->1376K(68608K)] 341495K->274935K(752128K), 0.0019468 secs] [Times: user=0.00 sys=0.00, real=0.00 secs] 
1865.749: [GC (Allocation Failure) [PSYoungGen: 67936K->1549K(68608K)] 341495K->275108K(752128K), 0.0016197 secs] [Times: user=0.01 sys=0.00, real=0.00 secs] 
1866.202: [GC (Allocation Failure) [PSYoungGen: 68100K->1613K(68608K)] 341659K->275172K(752128K), 0.0015755 secs] [Times: user=0.01 sys=0.00, real=0.00 secs] 
1866.595: [GC (Allocation Failure) [PSYoungGen: 68165K->1549K(68608K)] 341724K->275108K(752128K), 0.0015463 secs] [Times: user=0.00 sys=0.00, real=0.00 secs] 
1866.987: [GC (Allocation Failure) [PSYoungGen: 68109K->1613K(68608K)] 341668K->275188K(752128K), 0.0015480 secs] [Times: user=0.00 sys=0.00, real=0.00 secs] 
1867.309: [GC (Allocation Failure) [PSYoungGen: 68173K->1440K(68608K)] 341748K->275015K(752128K), 0.0024291 secs] [Times: user=0.01 sys=0.00, real=0.01 secs] 
1867.583: [GC (Allocation Failure) [PSYoungGen: 68000K->1408K(68608K)] 341575K->274999K(752128K), 0.0017940 secs] [Times: user=0.01 sys=0.00, real=0.00 secs] 
1868.048: [GC (Allocation Failure) [PSYoungGen: 67968K->1376K(68608K)] 341559K->274967K(752128K), 0.0094499 secs] [Times: user=0.04 sys=0.00, real=0.01 secs] 
1868.575: [GC (Allocation Failure) [PSYoungGen: 67936K->1376K(68608K)] 341527K->274967K(752128K), 0.0027445 secs] [Times: user=0.01 sys=0.00, real=0.00 secs] 
1869.086: [GC (Allocation Failure) [PSYoungGen: 67936K->1565K(68608K)] 341527K->275156K(752128K), 0.0015775 secs] [Times: user=0.01 sys=0.00, real=0.00 secs] 
1869.479: [GC (Allocation Failure) [PSYoungGen: 68125K->1613K(68608K)] 341716K->275204K(752128K), 0.0015268 secs] [Times: user=0.01 sys=0.00, real=0.00 secs] 
1869.869: [GC (Allocation Failure) [PSYoungGen: 68173K->1565K(68608K)] 341764K->275156K(752128K), 0.0015538 secs] [Times: user=0.00 sys=0.00, real=0.00 secs] 
1870.252: [GC (Allocation Failure) [PSYoungGen: 68125K->256K(68608K)] 341716K->273863K(752128K), 0.0015516 secs] [Times: user=0.01 sys=0.00, real=0.00 secs] 
1870.611: [GC (Allocation Failure) [PSYoungGen: 66816K->1408K(68608K)] 340423K->275015K(752128K), 0.0017936 secs] [Times: user=0.00 sys=0.00, real=0.00 secs] 
1870.888: [GC (Allocation Failure) [PSYoungGen: 67968K->1408K(68608K)] 341575K->275015K(752128K), 0.0018457 secs] [Times: user=0.01 sys=0.00, real=0.00 secs] 
1871.165: [GC (Allocation Failure) [PSYoungGen: 67968K->1376K(68608K)] 341575K->274983K(752128K), 0.0017541 secs] [Times: user=0.01 sys=0.00, real=0.00 secs] 
1871.441: [GC (Allocation Failure) [PSYoungGen: 67936K->1376K(68608K)] 341543K->274983K(752128K), 0.0017370 secs] [Times: user=0.01 sys=0.00, real=0.01 secs] 
1871.883: [GC (Allocation Failure) [PSYoungGen: 67936K->1517K(68608K)] 341543K->275124K(752128K), 0.0015666 secs] [Times: user=0.00 sys=0.00, real=0.00 secs] 
1872.276: [GC (Allocation Failure) [PSYoungGen: 68077K->1549K(68608K)] 341684K->275156K(752128K), 0.0014879 secs] [Times: user=0.01 sys=0.00, real=0.00 secs] 
1872.667: [GC (Allocation Failure) [PSYoungGen: 68109K->1536K(68608K)] 341716K->275143K(752128K), 0.0016589 secs] [Times: user=0.01 sys=0.00, real=0.00 secs] 
1873.251: [GC (Allocation Failure) [PSYoungGen: 68096K->2032K(68608K)] 341703K->275647K(752128K), 0.0017676 secs] [Times: user=0.01 sys=0.00, real=0.01 secs] 
1873.873: [GC (Allocation Failure) [PSYoungGen: 68592K->1392K(68608K)] 342207K->275007K(752128K), 0.0026539 secs] [Times: user=0.02 sys=0.00, real=0.00 secs] 
1874.151: [GC (Allocation Failure) [PSYoungGen: 67952K->1376K(68608K)] 341567K->274991K(752128K), 0.0018383 secs] [Times: user=0.01 sys=0.00, real=0.01 secs] 
1874.427: [GC (Allocation Failure) [PSYoungGen: 67936K->1376K(68608K)] 341551K->274991K(752128K), 0.0018806 secs] [Times: user=0.01 sys=0.00, real=0.00 secs] 
1874.704: [GC (Allocation Failure) [PSYoungGen: 67936K->1392K(68608K)] 341551K->275007K(752128K), 0.0017139 secs] [Times: user=0.01 sys=0.00, real=0.00 secs] 
1875.110: [GC (Allocation Failure) [PSYoungGen: 67952K->1597K(68608K)] 341567K->275212K(752128K), 0.0016451 secs] [Times: user=0.00 sys=0.00, real=0.01 secs] 
1875.501: [GC (Allocation Failure) [PSYoungGen: 68157K->1597K(68608K)] 341772K->275212K(752128K), 0.0015513 secs] [Times: user=0.01 sys=0.00, real=0.01 secs] 
1875.890: [GC (Allocation Failure) [PSYoungGen: 68157K->1613K(68608K)] 341772K->275228K(752128K), 0.0014986 secs] [Times: user=0.01 sys=0.00, real=0.01 secs] 
1876.585: [GC (Allocation Failure) [PSYoungGen: 68173K->1504K(68608K)] 341788K->275119K(752128K), 0.0024835 secs] [Times: user=0.01 sys=0.00, real=0.00 secs] 
1877.270: [GC (Allocation Failure) [PSYoungGen: 68064K->1408K(68608K)] 341679K->275031K(752128K), 0.0032991 secs] [Times: user=0.01 sys=0.00, real=0.01 secs] 
1877.719: [GC (Allocation Failure) [PSYoungGen: 67968K->1376K(68608K)] 341591K->274999K(752128K), 0.0019400 secs] [Times: user=0.01 sys=0.00, real=0.00 secs] 
1878.273: [GC (Allocation Failure) [PSYoungGen: 67936K->1344K(68608K)] 341559K->274967K(752128K), 0.0025884 secs] [Times: user=0.01 sys=0.00, real=0.00 secs] 
1879.014: [GC (Allocation Failure) [PSYoungGen: 67904K->1373K(68608K)] 341527K->274996K(752128K), 0.0029507 secs] [Times: user=0.01 sys=0.00, real=0.00 secs] 
1879.496: [GC (Allocation Failure) [PSYoungGen: 67933K->1581K(68608K)] 341556K->275204K(752128K), 0.0015619 secs] [Times: user=0.00 sys=0.00, real=0.00 secs] 
1879.886: [GC (Allocation Failure) [PSYoungGen: 68141K->1581K(68608K)] 341764K->275204K(752128K), 0.0016205 secs] [Times: user=0.01 sys=0.00, real=0.00 secs] 
1880.276: [GC (Allocation Failure) [PSYoungGen: 68141K->1581K(68608K)] 341764K->275212K(752128K), 0.0015142 secs] [Times: user=0.01 sys=0.00, real=0.00 secs] 
1880.654: [GC (Allocation Failure) [PSYoungGen: 68141K->1440K(68608K)] 341772K->275071K(752128K), 0.0020790 secs] [Times: user=0.01 sys=0.00, real=0.00 secs] 
1880.932: [GC (Allocation Failure) [PSYoungGen: 68000K->1424K(68608K)] 341631K->275055K(752128K), 0.0018405 secs] [Times: user=0.01 sys=0.00, real=0.00 secs] 
1881.208: [GC (Allocation Failure) [PSYoungGen: 67984K->1408K(68608K)] 341615K->275039K(752128K), 0.0017329 secs] [Times: user=0.01 sys=0.00, real=0.00 secs] 
1881.484: [GC (Allocation Failure) [PSYoungGen: 67968K->1408K(68608K)] 341599K->275039K(752128K), 0.0018170 secs] [Times: user=0.00 sys=0.00, real=0.00 secs] 
1881.835: [GC (Allocation Failure) [PSYoungGen: 67968K->1469K(68608K)] 341599K->275100K(752128K), 0.0016654 secs] [Times: user=0.00 sys=0.00, real=0.00 secs] 
1882.229: [GC (Allocation Failure) [PSYoungGen: 68029K->1565K(68608K)] 341660K->275196K(752128K), 0.0016356 secs] [Times: user=0.01 sys=0.00, real=0.00 secs] 
1882.618: [GC (Allocation Failure) [PSYoungGen: 68105K->1581K(68608K)] 341736K->275212K(752128K), 0.0015179 secs] [Times: user=0.00 sys=0.00, real=0.00 secs] 
1883.006: [GC (Allocation Failure) [PSYoungGen: 68141K->1597K(68608K)] 341772K->275244K(752128K), 0.0015678 secs] [Times: user=0.00 sys=0.00, real=0.00 secs] 
1883.689: [GC (Allocation Failure) [PSYoungGen: 68157K->1472K(68608K)] 341804K->275119K(752128K), 0.0019430 secs] [Times: user=0.01 sys=0.00, real=0.01 secs] 
1884.441: [GC (Allocation Failure) [PSYoungGen: 68032K->1408K(68608K)] 341679K->275055K(752128K), 0.0036166 secs] [Times: user=0.02 sys=0.00, real=0.00 secs] 
1885.196: [GC (Allocation Failure) [PSYoungGen: 67968K->1408K(68608K)] 341615K->275055K(752128K), 0.0033694 secs] [Times: user=0.01 sys=0.00, real=0.00 secs] 
1885.908: [GC (Allocation Failure) [PSYoungGen: 67968K->1408K(68608K)] 341615K->275055K(752128K), 0.0028076 secs] [Times: user=0.02 sys=0.00, real=0.00 secs] 
1886.387: [GC (Allocation Failure) [PSYoungGen: 67968K->1469K(68608K)] 341615K->275116K(752128K), 0.0015503 secs] [Times: user=0.00 sys=0.00, real=0.00 secs] 
1886.777: [GC (Allocation Failure) [PSYoungGen: 68014K->1568K(68608K)] 341661K->275215K(752128K), 0.0016234 secs] [Times: user=0.00 sys=0.00, real=0.00 secs] 
1887.169: [GC (Allocation Failure) [PSYoungGen: 68128K->1581K(68608K)] 341775K->275228K(752128K), 0.0017039 secs] [Times: user=0.01 sys=0.00, real=0.00 secs] 
1887.626: [GC (Allocation Failure) [PSYoungGen: 68141K->1597K(68608K)] 341788K->275276K(752128K), 0.0016610 secs] [Times: user=0.01 sys=0.00, real=0.00 secs] 
1888.313: [GC (Allocation Failure) [PSYoungGen: 68157K->1440K(68608K)] 341836K->275135K(752128K), 0.0024471 secs] [Times: user=0.01 sys=0.00, real=0.00 secs] 
1889.053: [GC (Allocation Failure) [PSYoungGen: 68000K->1376K(68608K)] 341695K->275071K(752128K), 0.0032981 secs] [Times: user=0.01 sys=0.00, real=0.00 secs] 
1889.765: [GC (Allocation Failure) [PSYoungGen: 67936K->1408K(68608K)] 341631K->275103K(752128K), 0.0028425 secs] [Times: user=0.01 sys=0.00, real=0.00 secs] 
1890.323: [GC (Allocation Failure) [PSYoungGen: 67968K->1376K(68608K)] 341663K->275071K(752128K), 0.0029308 secs] [Times: user=0.01 sys=0.00, real=0.00 secs] 
1890.832: [GC (Allocation Failure) [PSYoungGen: 67936K->1485K(68608K)] 341631K->275180K(752128K), 0.0015335 secs] [Times: user=0.01 sys=0.00, real=0.00 secs] 
1891.285: [GC (Allocation Failure) [PSYoungGen: 68045K->1565K(68608K)] 341740K->275260K(752128K), 0.0015467 secs] [Times: user=0.01 sys=0.00, real=0.00 secs] 
1891.674: [GC (Allocation Failure) [PSYoungGen: 68125K->1565K(68608K)] 341820K->275260K(752128K), 0.0016180 secs] [Times: user=0.01 sys=0.00, real=0.00 secs] 
1892.065: [GC (Allocation Failure) [PSYoungGen: 68120K->1581K(68608K)] 341815K->275292K(752128K), 0.0015235 secs] [Times: user=0.00 sys=0.00, real=0.00 secs] 
1892.739: [GC (Allocation Failure) [PSYoungGen: 68141K->1440K(68608K)] 341852K->275151K(752128K), 0.0033847 secs] [Times: user=0.01 sys=0.00, real=0.01 secs] 
1893.461: [GC (Allocation Failure) [PSYoungGen: 68000K->1376K(68608K)] 341711K->275087K(752128K), 0.0031854 secs] [Times: user=0.01 sys=0.00, real=0.01 secs] 
1894.230: [GC (Allocation Failure) [PSYoungGen: 67936K->1376K(68608K)] 341647K->275087K(752128K), 0.0024486 secs] [Times: user=0.01 sys=0.00, real=0.01 secs] 
1894.988: [GC (Allocation Failure) [PSYoungGen: 67936K->1408K(68608K)] 341647K->275119K(752128K), 0.0024409 secs] [Times: user=0.01 sys=0.00, real=0.00 secs] 
1895.737: [GC (Allocation Failure) [PSYoungGen: 67968K->1501K(68608K)] 341679K->275212K(752128K), 0.0014660 secs] [Times: user=0.01 sys=0.00, real=0.00 secs] 
1896.126: [GC (Allocation Failure) [PSYoungGen: 68061K->1597K(68608K)] 341772K->275308K(752128K), 0.0016192 secs] [Times: user=0.01 sys=0.00, real=0.00 secs] 
1896.517: [GC (Allocation Failure) [PSYoungGen: 68157K->1597K(68608K)] 341868K->275308K(752128K), 0.0014805 secs] [Times: user=0.01 sys=0.00, real=0.00 secs] 
1896.908: [GC (Allocation Failure) [PSYoungGen: 68157K->1581K(68608K)] 341868K->275300K(752128K), 0.0015036 secs] [Times: user=0.01 sys=0.00, real=0.00 secs] 
1897.246: [GC (Allocation Failure) [PSYoungGen: 68141K->1440K(68608K)] 341860K->275159K(752128K), 0.0024537 secs] [Times: user=0.01 sys=0.00, real=0.00 secs] 
1897.518: [GC (Allocation Failure) [PSYoungGen: 68000K->1344K(68608K)] 341719K->275063K(752128K), 0.0017504 secs] [Times: user=0.01 sys=0.00, real=0.00 secs] 
1897.794: [GC (Allocation Failure) [PSYoungGen: 67904K->1392K(68608K)] 341623K->275111K(752128K), 0.0018242 secs] [Times: user=0.01 sys=0.00, real=0.00 secs] 
1898.099: [GC (Allocation Failure) [PSYoungGen: 67952K->1440K(68608K)] 341671K->275159K(752128K), 0.0017485 secs] [Times: user=0.01 sys=0.00, real=0.00 secs] 
1898.481: [GC (Allocation Failure) [PSYoungGen: 68000K->1533K(68608K)] 341719K->275284K(752128K), 0.0015907 secs] [Times: user=0.00 sys=0.00, real=0.01 secs] 
1898.938: [GC (Allocation Failure) [PSYoungGen: 68093K->1565K(68608K)] 341844K->275316K(752128K), 0.0015207 secs] [Times: user=0.00 sys=0.00, real=0.00 secs] 
1899.331: [GC (Allocation Failure) [PSYoungGen: 68125K->1597K(68608K)] 341876K->275348K(752128K), 0.0017146 secs] [Times: user=0.00 sys=0.00, real=0.01 secs] 
1899.867: [GC (Allocation Failure) [PSYoungGen: 68157K->1776K(68608K)] 341908K->275535K(752128K), 0.0017897 secs] [Times: user=0.01 sys=0.00, real=0.00 secs] 
1901.807: [GC (Allocation Failure) [PSYoungGen: 68336K->1408K(68608K)] 342095K->275175K(752128K), 0.0039520 secs] [Times: user=0.01 sys=0.00, real=0.00 secs] 
1902.480: [GC (Allocation Failure) [PSYoungGen: 67968K->1376K(68608K)] 341735K->275143K(752128K), 0.0037125 secs] [Times: user=0.01 sys=0.00, real=0.01 secs] 
1902.950: [GC (Allocation Failure) [PSYoungGen: 67936K->1360K(68608K)] 341703K->275127K(752128K), 0.0021382 secs] [Times: user=0.01 sys=0.00, real=0.01 secs] 
1903.226: [GC (Allocation Failure) [PSYoungGen: 67920K->1376K(68608K)] 341687K->275143K(752128K), 0.0019018 secs] [Times: user=0.00 sys=0.00, real=0.00 secs] 
1903.626: [GC (Allocation Failure) [PSYoungGen: 67936K->1565K(68608K)] 341703K->275332K(752128K), 0.0016988 secs] [Times: user=0.00 sys=0.00, real=0.00 secs] 
1904.017: [GC (Allocation Failure) [PSYoungGen: 68125K->1565K(68608K)] 341892K->275332K(752128K), 0.0015451 secs] [Times: user=0.01 sys=0.00, real=0.00 secs] 
1904.408: [GC (Allocation Failure) [PSYoungGen: 68125K->1549K(68608K)] 341892K->275316K(752128K), 0.0015257 secs] [Times: user=0.00 sys=0.00, real=0.00 secs] 
1904.890: [GC (Allocation Failure) [PSYoungGen: 68109K->1536K(68608K)] 341876K->275311K(752128K), 0.0017566 secs] [Times: user=0.01 sys=0.00, real=0.01 secs] 
1905.557: [GC (Allocation Failure) [PSYoungGen: 68096K->1408K(68608K)] 341871K->275183K(752128K), 0.0030544 secs] [Times: user=0.01 sys=0.00, real=0.00 secs] 
1906.259: [GC (Allocation Failure) [PSYoungGen: 67968K->1408K(68608K)] 341743K->275183K(752128K), 0.0035025 secs] [Times: user=0.01 sys=0.00, real=0.01 secs] 
1907.058: [GC (Allocation Failure) [PSYoungGen: 67968K->1408K(68608K)] 341743K->275183K(752128K), 0.0029330 secs] [Times: user=0.01 sys=0.00, real=0.00 secs] 
1907.740: [GC (Allocation Failure) [PSYoungGen: 67968K->1376K(68608K)] 341743K->275151K(752128K), 0.0027635 secs] [Times: user=0.01 sys=0.00, real=0.01 secs] 
1908.281: [GC (Allocation Failure) [PSYoungGen: 67936K->1613K(68608K)] 341711K->275388K(752128K), 0.0016287 secs] [Times: user=0.01 sys=0.00, real=0.00 secs] 
1908.675: [GC (Allocation Failure) [PSYoungGen: 68173K->1581K(68608K)] 341948K->275356K(752128K), 0.0015318 secs] [Times: user=0.01 sys=0.00, real=0.00 secs] 
1909.073: [GC (Allocation Failure) [PSYoungGen: 68141K->1565K(68608K)] 341916K->275364K(752128K), 0.0014526 secs] [Times: user=0.00 sys=0.00, real=0.00 secs] 
1909.448: [GC (Allocation Failure) [PSYoungGen: 68125K->1520K(68608K)] 341924K->275335K(752128K), 0.0019591 secs] [Times: user=0.01 sys=0.00, real=0.00 secs] 
1909.724: [GC (Allocation Failure) [PSYoungGen: 68080K->1344K(68608K)] 341895K->275159K(752128K), 0.0015042 secs] [Times: user=0.00 sys=0.00, real=0.00 secs] 
1910.000: [GC (Allocation Failure) [PSYoungGen: 67904K->1408K(68608K)] 341719K->275223K(752128K), 0.0017641 secs] [Times: user=0.01 sys=0.00, real=0.01 secs] 
1910.349: [GC (Allocation Failure) [PSYoungGen: 67968K->1360K(68608K)] 341783K->275175K(752128K), 0.0031457 secs] [Times: user=0.01 sys=0.00, real=0.01 secs] 
1911.009: [GC (Allocation Failure) [PSYoungGen: 67920K->1456K(68608K)] 341735K->275271K(752128K), 0.0030327 secs] [Times: user=0.01 sys=0.00, real=0.01 secs] 
1911.484: [GC (Allocation Failure) [PSYoungGen: 68016K->1597K(68608K)] 341831K->275412K(752128K), 0.0016415 secs] [Times: user=0.00 sys=0.00, real=0.00 secs] 
1911.878: [GC (Allocation Failure) [PSYoungGen: 68157K->1597K(68608K)] 341972K->275412K(752128K), 0.0017603 secs] [Times: user=0.01 sys=0.00, real=0.00 secs] 
1912.274: [GC (Allocation Failure) [PSYoungGen: 68157K->1597K(68608K)] 341972K->275428K(752128K), 0.0015952 secs] [Times: user=0.01 sys=0.00, real=0.00 secs] 
1912.770: [GC (Allocation Failure) [PSYoungGen: 68157K->1520K(68608K)] 341988K->275351K(752128K), 0.0034341 secs] [Times: user=0.02 sys=0.00, real=0.01 secs] 
1913.246: [GC (Allocation Failure) [PSYoungGen: 68080K->1408K(68608K)] 341911K->275239K(752128K), 0.0032671 secs] [Times: user=0.01 sys=0.00, real=0.00 secs] 
1913.540: [GC (Allocation Failure) [PSYoungGen: 67968K->1376K(68608K)] 341799K->275207K(752128K), 0.0026447 secs] [Times: user=0.01 sys=0.00, real=0.01 secs] 
1913.831: [GC (Allocation Failure) [PSYoungGen: 67936K->1376K(68608K)] 341767K->275207K(752128K), 0.0019172 secs] [Times: user=0.01 sys=0.00, real=0.00 secs] 
1914.171: [GC (Allocation Failure) [PSYoungGen: 67936K->1469K(68608K)] 341767K->275300K(752128K), 0.0015395 secs] [Times: user=0.01 sys=0.00, real=0.01 secs] 
1914.628: [GC (Allocation Failure) [PSYoungGen: 68029K->1581K(68608K)] 341860K->275412K(752128K), 0.0016528 secs] [Times: user=0.01 sys=0.00, real=0.00 secs] 
1915.084: [GC (Allocation Failure) [PSYoungGen: 68141K->1565K(68608K)] 341972K->275396K(752128K), 0.0018502 secs] [Times: user=0.00 sys=0.00, real=0.00 secs] 
1915.551: [GC (Allocation Failure) [PSYoungGen: 68125K->1581K(68608K)] 341956K->275428K(752128K), 0.0016550 secs] [Times: user=0.00 sys=0.00, real=0.01 secs] 
1916.125: [GC (Allocation Failure) [PSYoungGen: 68141K->1504K(68608K)] 341988K->275351K(752128K), 0.0032371 secs] [Times: user=0.01 sys=0.00, real=0.00 secs] 
1916.512: [GC (Allocation Failure) [PSYoungGen: 68064K->1440K(68608K)] 341911K->275287K(752128K), 0.0021898 secs] [Times: user=0.01 sys=0.00, real=0.00 secs] 
1916.795: [GC (Allocation Failure) [PSYoungGen: 68000K->1376K(68608K)] 341847K->275223K(752128K), 0.0018868 secs] [Times: user=0.01 sys=0.00, real=0.00 secs] 
1917.071: [GC (Allocation Failure) [PSYoungGen: 67936K->1344K(68608K)] 341783K->275207K(752128K), 0.0018989 secs] [Times: user=0.00 sys=0.00, real=0.01 secs] 
1917.418: [GC (Allocation Failure) [PSYoungGen: 67904K->1469K(68608K)] 341767K->275332K(752128K), 0.0015186 secs] [Times: user=0.00 sys=0.00, real=0.00 secs] 
1917.812: [GC (Allocation Failure) [PSYoungGen: 68019K->1565K(68608K)] 341882K->275428K(752128K), 0.0016092 secs] [Times: user=0.01 sys=0.00, real=0.00 secs] 
1918.204: [GC (Allocation Failure) [PSYoungGen: 68115K->1581K(68608K)] 341978K->275444K(752128K), 0.0016654 secs] [Times: user=0.00 sys=0.00, real=0.00 secs] 
1918.599: [GC (Allocation Failure) [PSYoungGen: 68117K->1549K(68608K)] 341980K->275428K(752128K), 0.0016653 secs] [Times: user=0.01 sys=0.00, real=0.00 secs] 
1919.666: [GC (Allocation Failure) [PSYoungGen: 68109K->1424K(68608K)] 341988K->275303K(752128K), 0.0032042 secs] [Times: user=0.01 sys=0.00, real=0.00 secs] 
1920.251: [GC (Allocation Failure) [PSYoungGen: 67984K->1408K(68608K)] 341863K->275287K(752128K), 0.0026062 secs] [Times: user=0.01 sys=0.00, real=0.01 secs] 
1920.617: [GC (Allocation Failure) [PSYoungGen: 67968K->1392K(68608K)] 341847K->275271K(752128K), 0.0019318 secs] [Times: user=0.01 sys=0.00, real=0.00 secs] 
1920.931: [GC (Allocation Failure) [PSYoungGen: 67952K->1376K(68608K)] 341831K->275255K(752128K), 0.0017169 secs] [Times: user=0.01 sys=0.00, real=0.00 secs] 
1921.330: [GC (Allocation Failure) [PSYoungGen: 67936K->1565K(68608K)] 341815K->275444K(752128K), 0.0015391 secs] [Times: user=0.01 sys=0.00, real=0.01 secs] 
1921.785: [GC (Allocation Failure) [PSYoungGen: 68095K->1581K(68608K)] 341974K->275460K(752128K), 0.0016165 secs] [Times: user=0.01 sys=0.00, real=0.00 secs] 
1922.176: [GC (Allocation Failure) [PSYoungGen: 68141K->1581K(68608K)] 342020K->275460K(752128K), 0.0018233 secs] [Times: user=0.01 sys=0.00, real=0.00 secs] 
1922.576: [GC (Allocation Failure) [PSYoungGen: 68141K->1565K(68608K)] 342020K->275452K(752128K), 0.0017967 secs] [Times: user=0.01 sys=0.00, real=0.00 secs] 
1922.920: [GC (Allocation Failure) [PSYoungGen: 68125K->1456K(68608K)] 342012K->275343K(752128K), 0.0020472 secs] [Times: user=0.01 sys=0.00, real=0.01 secs] 
1923.216: [GC (Allocation Failure) [PSYoungGen: 68016K->1392K(68608K)] 341903K->275279K(752128K), 0.0018426 secs] [Times: user=0.01 sys=0.00, real=0.00 secs] 
1923.506: [GC (Allocation Failure) [PSYoungGen: 67952K->1376K(68608K)] 341839K->275263K(752128K), 0.0019205 secs] [Times: user=0.01 sys=0.00, real=0.00 secs] 
1923.783: [GC (Allocation Failure) [PSYoungGen: 67936K->1376K(68608K)] 341823K->275263K(752128K), 0.0019242 secs] [Times: user=0.00 sys=0.00, real=0.00 secs] 
1924.175: [GC (Allocation Failure) [PSYoungGen: 67936K->1533K(68608K)] 341823K->275420K(752128K), 0.0016199 secs] [Times: user=0.01 sys=0.00, real=0.00 secs] 
1924.631: [GC (Allocation Failure) [PSYoungGen: 68093K->1597K(68608K)] 341980K->275484K(752128K), 0.0017012 secs] [Times: user=0.01 sys=0.00, real=0.00 secs] 
1925.025: [GC (Allocation Failure) [PSYoungGen: 68157K->1613K(68608K)] 342044K->275500K(752128K), 0.0016087 secs] [Times: user=0.01 sys=0.00, real=0.00 secs] 
1925.413: [GC (Allocation Failure) [PSYoungGen: 68173K->192K(68608K)] 342060K->274087K(752128K), 0.0015210 secs] [Times: user=0.01 sys=0.00, real=0.00 secs] 
1926.031: [GC (Allocation Failure) [PSYoungGen: 66752K->1344K(68608K)] 340647K->275239K(752128K), 0.0029351 secs] [Times: user=0.02 sys=0.00, real=0.00 secs] 
1926.778: [GC (Allocation Failure) [PSYoungGen: 67904K->1408K(68608K)] 341799K->275303K(752128K), 0.0022048 secs] [Times: user=0.01 sys=0.00, real=0.00 secs] 
1927.541: [GC (Allocation Failure) [PSYoungGen: 67968K->1392K(68608K)] 341863K->275295K(752128K), 0.0019426 secs] [Times: user=0.00 sys=0.00, real=0.01 secs] 
1928.213: [GC (Allocation Failure) [PSYoungGen: 67952K->1376K(68608K)] 341855K->275279K(752128K), 0.0027146 secs] [Times: user=0.01 sys=0.00, real=0.00 secs] 
1928.708: [GC (Allocation Failure) [PSYoungGen: 67936K->1565K(68608K)] 341839K->275468K(752128K), 0.0016168 secs] [Times: user=0.00 sys=0.00, real=0.00 secs] 
1929.102: [GC (Allocation Failure) [PSYoungGen: 68125K->1565K(68608K)] 342028K->275468K(752128K), 0.0016625 secs] [Times: user=0.01 sys=0.00, real=0.00 secs] 
1929.493: [GC (Allocation Failure) [PSYoungGen: 68125K->1565K(68608K)] 342028K->275468K(752128K), 0.0016857 secs] [Times: user=0.01 sys=0.00, real=0.00 secs] 
1930.002: [GC (Allocation Failure) [PSYoungGen: 68125K->2032K(68608K)] 342028K->275935K(752128K), 0.0020456 secs] [Times: user=0.01 sys=0.00, real=0.00 secs] 
1930.562: [GC (Allocation Failure) [PSYoungGen: 68592K->1408K(68608K)] 342495K->275311K(752128K), 0.0031471 secs] [Times: user=0.01 sys=0.00, real=0.00 secs] 
1931.023: [GC (Allocation Failure) [PSYoungGen: 67968K->1408K(68608K)] 341871K->275311K(752128K), 0.0024221 secs] [Times: user=0.00 sys=0.01, real=0.00 secs] 
1931.320: [GC (Allocation Failure) [PSYoungGen: 67968K->1392K(68608K)] 341871K->275295K(752128K), 0.0019614 secs] [Times: user=0.01 sys=0.00, real=0.01 secs] 
1931.608: [GC (Allocation Failure) [PSYoungGen: 67952K->1376K(68608K)] 341855K->275287K(752128K), 0.0019909 secs] [Times: user=0.01 sys=0.00, real=0.00 secs] 
1932.058: [GC (Allocation Failure) [PSYoungGen: 67936K->1597K(68608K)] 341847K->275508K(752128K), 0.0016467 secs] [Times: user=0.00 sys=0.00, real=0.00 secs] 
1932.455: [GC (Allocation Failure) [PSYoungGen: 68157K->1565K(68608K)] 342068K->275476K(752128K), 0.0017232 secs] [Times: user=0.01 sys=0.00, real=0.00 secs] 
1932.848: [GC (Allocation Failure) [PSYoungGen: 68125K->1581K(68608K)] 342036K->275492K(752128K), 0.0016845 secs] [Times: user=0.01 sys=0.00, real=0.00 secs] 
1933.378: [GC (Allocation Failure) [PSYoungGen: 68141K->1488K(68608K)] 342052K->275399K(752128K), 0.0016789 secs] [Times: user=0.01 sys=0.00, real=0.00 secs] 
1933.990: [GC (Allocation Failure) [PSYoungGen: 68048K->1392K(68608K)] 341959K->275303K(752128K), 0.0026254 secs] [Times: user=0.01 sys=0.00, real=0.01 secs] 
1934.296: [GC (Allocation Failure) [PSYoungGen: 67952K->1408K(68608K)] 341863K->275327K(752128K), 0.0026615 secs] [Times: user=0.01 sys=0.00, real=0.00 secs] 
1934.571: [GC (Allocation Failure) [PSYoungGen: 67968K->1376K(68608K)] 341887K->275295K(752128K), 0.0018652 secs] [Times: user=0.01 sys=0.00, real=0.00 secs] 
1935.134: [GC (Allocation Failure) [PSYoungGen: 67936K->1517K(68608K)] 341855K->275436K(752128K), 0.0018678 secs] [Times: user=0.01 sys=0.00, real=0.00 secs] 
1935.639: [GC (Allocation Failure) [PSYoungGen: 68077K->1549K(68608K)] 341996K->275468K(752128K), 0.0017425 secs] [Times: user=0.00 sys=0.00, real=0.00 secs] 
1936.032: [GC (Allocation Failure) [PSYoungGen: 68109K->1565K(68608K)] 342028K->275484K(752128K), 0.0017683 secs] [Times: user=0.01 sys=0.00, real=0.00 secs] 
1936.426: [GC (Allocation Failure) [PSYoungGen: 68125K->1581K(68608K)] 342044K->275532K(752128K), 0.0016606 secs] [Times: user=0.00 sys=0.00, real=0.00 secs] 
1936.996: [GC (Allocation Failure) [PSYoungGen: 68141K->1488K(68608K)] 342092K->275447K(752128K), 0.0036828 secs] [Times: user=0.01 sys=0.00, real=0.00 secs] 
1937.832: [GC (Allocation Failure) [PSYoungGen: 68048K->1344K(68608K)] 342007K->275319K(752128K), 0.0034825 secs] [Times: user=0.02 sys=0.00, real=0.00 secs] 
1938.643: [GC (Allocation Failure) [PSYoungGen: 67904K->1408K(68608K)] 341879K->275383K(752128K), 0.0029059 secs] [Times: user=0.01 sys=0.00, real=0.00 secs] 
1939.221: [GC (Allocation Failure) [PSYoungGen: 67968K->1408K(68608K)] 341943K->275383K(752128K), 0.0031226 secs] [Times: user=0.01 sys=0.00, real=0.01 secs] 
1939.783: [GC (Allocation Failure) [PSYoungGen: 67968K->1469K(68608K)] 341943K->275444K(752128K), 0.0053438 secs] [Times: user=0.03 sys=0.00, real=0.00 secs] 
1940.193: [GC (Allocation Failure) [PSYoungGen: 68029K->1533K(68608K)] 342004K->275508K(752128K), 0.0016304 secs] [Times: user=0.00 sys=0.00, real=0.00 secs] 
1940.585: [GC (Allocation Failure) [PSYoungGen: 68093K->1597K(68608K)] 342068K->275572K(752128K), 0.0015941 secs] [Times: user=0.01 sys=0.00, real=0.00 secs] 
1941.040: [GC (Allocation Failure) [PSYoungGen: 68157K->1581K(68608K)] 342132K->275572K(752128K), 0.0016736 secs] [Times: user=0.00 sys=0.00, real=0.01 secs] 
1941.536: [GC (Allocation Failure) [PSYoungGen: 68141K->1504K(68608K)] 342132K->275495K(752128K), 0.0022674 secs] [Times: user=0.01 sys=0.00, real=0.00 secs] 
1941.831: [GC (Allocation Failure) [PSYoungGen: 68064K->1392K(68608K)] 342055K->275383K(752128K), 0.0019955 secs] [Times: user=0.01 sys=0.00, real=0.01 secs] 
1942.143: [GC (Allocation Failure) [PSYoungGen: 67952K->1376K(68608K)] 341943K->275367K(752128K), 0.0018297 secs] [Times: user=0.01 sys=0.00, real=0.00 secs] 
1942.419: [GC (Allocation Failure) [PSYoungGen: 67936K->1376K(68608K)] 341927K->275367K(752128K), 0.0016904 secs] [Times: user=0.01 sys=0.00, real=0.00 secs] 
1942.888: [GC (Allocation Failure) [PSYoungGen: 67936K->1472K(68608K)] 341927K->275463K(752128K), 0.0017101 secs] [Times: user=0.00 sys=0.00, real=0.00 secs] 
1943.288: [GC (Allocation Failure) [PSYoungGen: 68032K->1613K(68608K)] 342023K->275604K(752128K), 0.0016136 secs] [Times: user=0.01 sys=0.00, real=0.00 secs] 
1943.685: [GC (Allocation Failure) [PSYoungGen: 68173K->1597K(68608K)] 342164K->275588K(752128K), 0.0016334 secs] [Times: user=0.00 sys=0.00, real=0.00 secs] 
1944.079: [GC (Allocation Failure) [PSYoungGen: 68157K->1565K(68608K)] 342148K->275564K(752128K), 0.0017336 secs] [Times: user=0.01 sys=0.00, real=0.00 secs] 
1944.452: [GC (Allocation Failure) [PSYoungGen: 68125K->1440K(68608K)] 342124K->275439K(752128K), 0.0030157 secs] [Times: user=0.01 sys=0.00, real=0.00 secs] 
1944.726: [GC (Allocation Failure) [PSYoungGen: 68000K->1376K(68608K)] 341999K->275375K(752128K), 0.0019163 secs] [Times: user=0.00 sys=0.00, real=0.00 secs] 
1945.003: [GC (Allocation Failure) [PSYoungGen: 67936K->1344K(68608K)] 341935K->275343K(752128K), 0.0017508 secs] [Times: user=0.01 sys=0.00, real=0.00 secs] 
1945.299: [GC (Allocation Failure) [PSYoungGen: 67904K->1376K(68608K)] 341903K->275375K(752128K), 0.0018261 secs] [Times: user=0.01 sys=0.00, real=0.00 secs] 
1945.979: [GC (Allocation Failure) [PSYoungGen: 67936K->1437K(68608K)] 341935K->275436K(752128K), 0.0017024 secs] [Times: user=0.00 sys=0.00, real=0.00 secs] 
1946.374: [GC (Allocation Failure) [PSYoungGen: 67997K->1565K(68608K)] 341996K->275564K(752128K), 0.0016557 secs] [Times: user=0.01 sys=0.00, real=0.00 secs] 
1946.767: [GC (Allocation Failure) [PSYoungGen: 68125K->1613K(68608K)] 342124K->275628K(752128K), 0.0016497 secs] [Times: user=0.01 sys=0.00, real=0.00 secs] 
1947.161: [GC (Allocation Failure) [PSYoungGen: 68173K->1581K(68608K)] 342188K->275612K(752128K), 0.0016075 secs] [Times: user=0.01 sys=0.00, real=0.01 secs] 
1947.569: [GC (Allocation Failure) [PSYoungGen: 68141K->1440K(68608K)] 342172K->275471K(752128K), 0.0028948 secs] [Times: user=0.01 sys=0.00, real=0.01 secs] 
1947.863: [GC (Allocation Failure) [PSYoungGen: 68000K->1344K(68608K)] 342031K->275375K(752128K), 0.0020252 secs] [Times: user=0.01 sys=0.00, real=0.00 secs] 
1948.229: [GC (Allocation Failure) [PSYoungGen: 67904K->1344K(68608K)] 341935K->275375K(752128K), 0.0019529 secs] [Times: user=0.01 sys=0.00, real=0.01 secs] 
1948.508: [GC (Allocation Failure) [PSYoungGen: 67904K->1344K(68608K)] 341935K->275375K(752128K), 0.0017908 secs] [Times: user=0.01 sys=0.00, real=0.00 secs] 
1948.880: [GC (Allocation Failure) [PSYoungGen: 67904K->1504K(68608K)] 341935K->275535K(752128K), 0.0015807 secs] [Times: user=0.01 sys=0.00, real=0.01 secs] 
1949.274: [GC (Allocation Failure) [PSYoungGen: 68064K->1581K(68608K)] 342095K->275612K(752128K), 0.0016363 secs] [Times: user=0.01 sys=0.00, real=0.00 secs] 
1949.669: [GC (Allocation Failure) [PSYoungGen: 68141K->1581K(68608K)] 342172K->275612K(752128K), 0.0017212 secs] [Times: user=0.01 sys=0.00, real=0.00 secs] 
1950.068: [GC (Allocation Failure) [PSYoungGen: 68141K->1549K(68608K)] 342172K->275596K(752128K), 0.0035599 secs] [Times: user=0.01 sys=0.00, real=0.01 secs] 
1950.551: [GC (Allocation Failure) [PSYoungGen: 68109K->1440K(68608K)] 342156K->275487K(752128K), 0.0017820 secs] [Times: user=0.01 sys=0.00, real=0.01 secs] 
1950.896: [GC (Allocation Failure) [PSYoungGen: 68000K->1408K(68608K)] 342047K->275455K(752128K), 0.0026318 secs] [Times: user=0.01 sys=0.00, real=0.00 secs] 
1951.390: [GC (Allocation Failure) [PSYoungGen: 67968K->1408K(68608K)] 342015K->275455K(752128K), 0.0030984 secs] [Times: user=0.01 sys=0.00, real=0.01 secs] 
1951.998: [GC (Allocation Failure) [PSYoungGen: 67968K->1376K(68608K)] 342015K->275423K(752128K), 0.0023925 secs] [Times: user=0.01 sys=0.00, real=0.00 secs] 
1952.502: [GC (Allocation Failure) [PSYoungGen: 67936K->1549K(68608K)] 341983K->275604K(752128K), 0.0015404 secs] [Times: user=0.01 sys=0.00, real=0.00 secs] 
1952.898: [GC (Allocation Failure) [PSYoungGen: 68109K->1568K(68608K)] 342164K->275623K(752128K), 0.0016912 secs] [Times: user=0.01 sys=0.00, real=0.00 secs] 
1953.292: [GC (Allocation Failure) [PSYoungGen: 68128K->1565K(68608K)] 342183K->275620K(752128K), 0.0017153 secs] [Times: user=0.01 sys=0.00, real=0.00 secs] 
1953.703: [GC (Allocation Failure) [PSYoungGen: 68125K->2032K(68608K)] 342180K->276095K(752128K), 0.0017566 secs] [Times: user=0.01 sys=0.00, real=0.00 secs] 
1953.984: [GC (Allocation Failure) [PSYoungGen: 68592K->1376K(68608K)] 342655K->275439K(752128K), 0.0017888 secs] [Times: user=0.00 sys=0.00, real=0.00 secs] 
1954.260: [GC (Allocation Failure) [PSYoungGen: 67936K->1408K(68608K)] 341999K->275471K(752128K), 0.0014900 secs] [Times: user=0.01 sys=0.00, real=0.01 secs] 
1954.536: [GC (Allocation Failure) [PSYoungGen: 67968K->1424K(68608K)] 342031K->275487K(752128K), 0.0017061 secs] [Times: user=0.00 sys=0.00, real=0.00 secs] 
1954.833: [GC (Allocation Failure) [PSYoungGen: 67984K->1376K(68608K)] 342047K->275439K(752128K), 0.0017550 secs] [Times: user=0.00 sys=0.00, real=0.00 secs] 
1955.307: [GC (Allocation Failure) [PSYoungGen: 67936K->1597K(68608K)] 341999K->275660K(752128K), 0.0016778 secs] [Times: user=0.01 sys=0.00, real=0.00 secs] 
1955.699: [GC (Allocation Failure) [PSYoungGen: 68157K->1536K(68608K)] 342220K->275599K(752128K), 0.0015857 secs] [Times: user=0.01 sys=0.00, real=0.00 secs] 
1956.091: [GC (Allocation Failure) [PSYoungGen: 68096K->1568K(68608K)] 342159K->275631K(752128K), 0.0016434 secs] [Times: user=0.01 sys=0.00, real=0.01 secs] 
1956.471: [GC (Allocation Failure) [PSYoungGen: 68128K->1504K(68608K)] 342191K->275567K(752128K), 0.0015117 secs] [Times: user=0.01 sys=0.00, real=0.00 secs] 
1956.852: [GC (Allocation Failure) [PSYoungGen: 68064K->1344K(68608K)] 342127K->275431K(752128K), 0.0017338 secs] [Times: user=0.01 sys=0.00, real=0.00 secs] 
1957.128: [GC (Allocation Failure) [PSYoungGen: 67904K->1408K(68608K)] 341991K->275495K(752128K), 0.0016842 secs] [Times: user=0.01 sys=0.00, real=0.00 secs] 
1957.404: [GC (Allocation Failure) [PSYoungGen: 67968K->1376K(68608K)] 342055K->275463K(752128K), 0.0017780 secs] [Times: user=0.01 sys=0.00, real=0.00 secs] 
1957.855: [GC (Allocation Failure) [PSYoungGen: 67936K->1421K(68608K)] 342023K->275516K(752128K), 0.0018885 secs] [Times: user=0.01 sys=0.00, real=0.00 secs] 
1958.266: [GC (Allocation Failure) [PSYoungGen: 67962K->1613K(68608K)] 342057K->275708K(752128K), 0.0017777 secs] [Times: user=0.00 sys=0.01, real=0.00 secs] 
1958.723: [GC (Allocation Failure) [PSYoungGen: 68151K->1613K(68608K)] 342246K->275708K(752128K), 0.0015793 secs] [Times: user=0.01 sys=0.00, real=0.00 secs] 
1959.114: [GC (Allocation Failure) [PSYoungGen: 68173K->1597K(68608K)] 342268K->275708K(752128K), 0.0016002 secs] [Times: user=0.01 sys=0.00, real=0.00 secs] 
1959.518: [GC (Allocation Failure) [PSYoungGen: 68157K->1456K(68608K)] 342268K->275567K(752128K), 0.0021241 secs] [Times: user=0.01 sys=0.00, real=0.00 secs] 
1959.806: [GC (Allocation Failure) [PSYoungGen: 68016K->1376K(68608K)] 342127K->275487K(752128K), 0.0019913 secs] [Times: user=0.00 sys=0.00, real=0.00 secs] 
1960.130: [GC (Allocation Failure) [PSYoungGen: 67936K->1376K(68608K)] 342047K->275487K(752128K), 0.0018718 secs] [Times: user=0.01 sys=0.00, real=0.01 secs] 
1960.415: [GC (Allocation Failure) [PSYoungGen: 67936K->1376K(68608K)] 342047K->275487K(752128K), 0.0017166 secs] [Times: user=0.01 sys=0.00, real=0.00 secs] 
1960.862: [GC (Allocation Failure) [PSYoungGen: 67936K->1437K(68608K)] 342047K->275548K(752128K), 0.0016073 secs] [Times: user=0.00 sys=0.00, real=0.00 secs] 
1961.259: [GC (Allocation Failure) [PSYoungGen: 67997K->1597K(68608K)] 342108K->275708K(752128K), 0.0015614 secs] [Times: user=0.00 sys=0.00, real=0.00 secs] 
1961.653: [GC (Allocation Failure) [PSYoungGen: 68157K->1613K(68608K)] 342268K->275724K(752128K), 0.0016185 secs] [Times: user=0.01 sys=0.00, real=0.00 secs] 
1962.109: [GC (Allocation Failure) [PSYoungGen: 68173K->1597K(68608K)] 342284K->275724K(752128K), 0.0017480 secs] [Times: user=0.00 sys=0.00, real=0.00 secs] 
1962.735: [GC (Allocation Failure) [PSYoungGen: 68157K->1456K(68608K)] 342284K->275583K(752128K), 0.0024654 secs] [Times: user=0.01 sys=0.00, real=0.00 secs] 
1963.370: [GC (Allocation Failure) [PSYoungGen: 68016K->1376K(68608K)] 342143K->275503K(752128K), 0.0021169 secs] [Times: user=0.01 sys=0.00, real=0.01 secs] 
1963.927: [GC (Allocation Failure) [PSYoungGen: 67936K->1376K(68608K)] 342063K->275503K(752128K), 0.0036407 secs] [Times: user=0.01 sys=0.00, real=0.00 secs] 
1964.574: [GC (Allocation Failure) [PSYoungGen: 67936K->1376K(68608K)] 342063K->275503K(752128K), 0.0026830 secs] [Times: user=0.01 sys=0.00, real=0.00 secs] 
1965.185: [GC (GCLocker Initiated GC) [PSYoungGen: 67936K->1469K(68608K)] 342063K->275596K(752128K), 0.0018666 secs] [Times: user=0.00 sys=0.00, real=0.00 secs] 
1965.601: [GC (Allocation Failure) [PSYoungGen: 68029K->1501K(68608K)] 343405K->276877K(752128K), 0.0016558 secs] [Times: user=0.00 sys=0.00, real=0.01 secs] 
1965.995: [GC (Allocation Failure) [PSYoungGen: 68061K->1565K(68608K)] 343437K->276941K(752128K), 0.0015583 secs] [Times: user=0.01 sys=0.00, real=0.00 secs] 
1966.389: [GC (Allocation Failure) [PSYoungGen: 68099K->1613K(68608K)] 343476K->277005K(752128K), 0.0016421 secs] [Times: user=0.00 sys=0.00, real=0.00 secs] 
1966.847: [GC (Allocation Failure) [PSYoungGen: 68173K->1472K(68608K)] 343565K->276864K(752128K), 0.0019079 secs] [Times: user=0.01 sys=0.00, real=0.00 secs] 
1967.123: [GC (Allocation Failure) [PSYoungGen: 68032K->1472K(68608K)] 343424K->276864K(752128K), 0.0017988 secs] [Times: user=0.01 sys=0.01, real=0.00 secs] 
1967.400: [GC (Allocation Failure) [PSYoungGen: 68032K->1408K(68608K)] 343424K->276800K(752128K), 0.0018583 secs] [Times: user=0.01 sys=0.00, real=0.01 secs] 
1967.676: [GC (Allocation Failure) [PSYoungGen: 67968K->1408K(68608K)] 343360K->276808K(752128K), 0.0016548 secs] [Times: user=0.01 sys=0.00, real=0.00 secs] 
1968.035: [GC (Allocation Failure) [PSYoungGen: 67968K->1501K(68608K)] 343368K->276901K(752128K), 0.0016541 secs] [Times: user=0.01 sys=0.00, real=0.00 secs] 
1968.428: [GC (Allocation Failure) [PSYoungGen: 68061K->1645K(68608K)] 343461K->277045K(752128K), 0.0016541 secs] [Times: user=0.01 sys=0.00, real=0.00 secs] 
1968.822: [GC (Allocation Failure) [PSYoungGen: 68205K->1600K(68608K)] 343605K->277000K(752128K), 0.0016109 secs] [Times: user=0.00 sys=0.00, real=0.00 secs] 
1969.215: [GC (Allocation Failure) [PSYoungGen: 68158K->1613K(68608K)] 343558K->277029K(752128K), 0.0017462 secs] [Times: user=0.01 sys=0.00, real=0.00 secs] 
1969.587: [GC (Allocation Failure) [PSYoungGen: 68173K->1440K(68608K)] 343589K->276856K(752128K), 0.0018021 secs] [Times: user=0.01 sys=0.00, real=0.00 secs] 
1969.865: [GC (Allocation Failure) [PSYoungGen: 68000K->1408K(68608K)] 343416K->276824K(752128K), 0.0017494 secs] [Times: user=0.01 sys=0.00, real=0.00 secs] 
1970.143: [GC (Allocation Failure) [PSYoungGen: 67968K->1440K(68608K)] 343384K->276856K(752128K), 0.0016075 secs] [Times: user=0.01 sys=0.00, real=0.00 secs] 
1970.419: [GC (Allocation Failure) [PSYoungGen: 68000K->1344K(68608K)] 343416K->276808K(752128K), 0.0017523 secs] [Times: user=0.01 sys=0.00, real=0.00 secs] 
1970.801: [GC (Allocation Failure) [PSYoungGen: 67904K->1517K(68608K)] 343368K->276989K(752128K), 0.0015940 secs] [Times: user=0.01 sys=0.00, real=0.00 secs] 
1971.196: [GC (Allocation Failure) [PSYoungGen: 68077K->1581K(68608K)] 343549K->277053K(752128K), 0.0016651 secs] [Times: user=0.00 sys=0.00, real=0.00 secs] 
1971.589: [GC (Allocation Failure) [PSYoungGen: 68141K->1581K(68608K)] 343613K->277053K(752128K), 0.0016706 secs] [Times: user=0.00 sys=0.00, real=0.00 secs] 
1971.981: [GC (Allocation Failure) [PSYoungGen: 68141K->1613K(68608K)] 343613K->277101K(752128K), 0.0017323 secs] [Times: user=0.00 sys=0.00, real=0.01 secs] 
1972.357: [GC (Allocation Failure) [PSYoungGen: 68173K->1472K(68608K)] 343661K->276960K(752128K), 0.0016612 secs] [Times: user=0.01 sys=0.00, real=0.00 secs] 
1972.671: [GC (Allocation Failure) [PSYoungGen: 68032K->1376K(68608K)] 343520K->276864K(752128K), 0.0017866 secs] [Times: user=0.00 sys=0.00, real=0.01 secs] 
1972.982: [GC (Allocation Failure) [PSYoungGen: 67936K->1376K(68608K)] 343424K->276864K(752128K), 0.0024661 secs] [Times: user=0.01 sys=0.00, real=0.00 secs] 
1973.262: [GC (Allocation Failure) [PSYoungGen: 67936K->1376K(68608K)] 343424K->276864K(752128K), 0.0019797 secs] [Times: user=0.01 sys=0.00, real=0.00 secs] 
1973.674: [GC (Allocation Failure) [PSYoungGen: 67936K->1549K(68608K)] 343424K->277037K(752128K), 0.0016182 secs] [Times: user=0.01 sys=0.00, real=0.00 secs] 
1974.069: [GC (Allocation Failure) [PSYoungGen: 68109K->1629K(68608K)] 343597K->277117K(752128K), 0.0016824 secs] [Times: user=0.00 sys=0.00, real=0.00 secs] 
1974.460: [GC (Allocation Failure) [PSYoungGen: 68189K->1629K(68608K)] 343677K->277117K(752128K), 0.0016375 secs] [Times: user=0.01 sys=0.00, real=0.01 secs] 
1974.872: [GC (Allocation Failure) [PSYoungGen: 68001K->1808K(68608K)] 343489K->277296K(752128K), 0.0017064 secs] [Times: user=0.00 sys=0.00, real=0.00 secs] 
1975.532: [GC (Allocation Failure) [PSYoungGen: 68368K->1440K(68608K)] 343856K->276928K(752128K), 0.0014977 secs] [Times: user=0.01 sys=0.00, real=0.00 secs] 
1976.201: [GC (Allocation Failure) [PSYoungGen: 68000K->1376K(68608K)] 343488K->276864K(752128K), 0.0018399 secs] [Times: user=0.01 sys=0.00, real=0.00 secs] 
1976.483: [GC (Allocation Failure) [PSYoungGen: 67936K->1408K(68608K)] 343424K->276896K(752128K), 0.0017536 secs] [Times: user=0.01 sys=0.00, real=0.00 secs] 
1976.760: [GC (Allocation Failure) [PSYoungGen: 67968K->1440K(68608K)] 343456K->276928K(752128K), 0.0016830 secs] [Times: user=0.00 sys=0.00, real=0.01 secs] 
1977.232: [GC (Allocation Failure) [PSYoungGen: 68000K->1597K(68608K)] 343488K->277109K(752128K), 0.0017050 secs] [Times: user=0.01 sys=0.00, real=0.00 secs] 
1977.628: [GC (Allocation Failure) [PSYoungGen: 68157K->1568K(68608K)] 343669K->277080K(752128K), 0.0015788 secs] [Times: user=0.01 sys=0.00, real=0.00 secs] 
1978.026: [GC (Allocation Failure) [PSYoungGen: 68128K->1613K(68608K)] 343640K->277125K(752128K), 0.0016922 secs] [Times: user=0.00 sys=0.00, real=0.00 secs] 
1978.714: [GC (Allocation Failure) [PSYoungGen: 68173K->1504K(68608K)] 343685K->277016K(752128K), 0.0028152 secs] [Times: user=0.01 sys=0.00, real=0.00 secs] 
1979.542: [GC (Allocation Failure) [PSYoungGen: 68064K->1344K(68608K)] 343576K->276856K(752128K), 0.0030743 secs] [Times: user=0.02 sys=0.00, real=0.00 secs] 
1980.115: [GC (Allocation Failure) [PSYoungGen: 67904K->1408K(68608K)] 343416K->276920K(752128K), 0.0030661 secs] [Times: user=0.01 sys=0.00, real=0.00 secs] 
1980.497: [GC (Allocation Failure) [PSYoungGen: 67968K->1344K(68608K)] 343480K->276856K(752128K), 0.0019731 secs] [Times: user=0.01 sys=0.00, real=0.00 secs] 
1980.773: [GC (Allocation Failure) [PSYoungGen: 67904K->1376K(68608K)] 343416K->276888K(752128K), 0.0074053 secs] [Times: user=0.03 sys=0.00, real=0.00 secs] 
1981.209: [GC (Allocation Failure) [PSYoungGen: 67936K->1565K(68608K)] 343448K->277077K(752128K), 0.0017605 secs] [Times: user=0.00 sys=0.00, real=0.00 secs] 
1981.672: [GC (Allocation Failure) [PSYoungGen: 68125K->1581K(68608K)] 343637K->277109K(752128K), 0.0017909 secs] [Times: user=0.01 sys=0.00, real=0.00 secs] 
1982.122: [GC (Allocation Failure) [PSYoungGen: 68141K->1597K(68608K)] 343669K->277125K(752128K), 0.0017530 secs] [Times: user=0.00 sys=0.00, real=0.00 secs] 
1982.626: [GC (Allocation Failure) [PSYoungGen: 68157K->1472K(68608K)] 343685K->277000K(752128K), 0.0024195 secs] [Times: user=0.01 sys=0.00, real=0.00 secs] 
1983.253: [GC (Allocation Failure) [PSYoungGen: 68032K->1376K(68096K)] 343560K->276904K(751616K), 0.0025978 secs] [Times: user=0.01 sys=0.00, real=0.00 secs] 
1983.706: [GC (Allocation Failure) [PSYoungGen: 67936K->1408K(68096K)] 343464K->276936K(751616K), 0.0021907 secs] [Times: user=0.01 sys=0.00, real=0.00 secs] 
1983.983: [GC (Allocation Failure) [PSYoungGen: 67968K->1408K(68096K)] 343496K->276936K(751616K), 0.0021617 secs] [Times: user=0.01 sys=0.00, real=0.00 secs] 
1984.315: [GC (Allocation Failure) [PSYoungGen: 67968K->1453K(68096K)] 343496K->276981K(751616K), 0.0021383 secs] [Times: user=0.00 sys=0.00, real=0.00 secs] 
1984.727: [GC (Allocation Failure) [PSYoungGen: 68013K->1533K(68096K)] 343541K->277117K(751616K), 0.0016687 secs] [Times: user=0.00 sys=0.00, real=0.00 secs] 
1985.119: [GC (Allocation Failure) [PSYoungGen: 68093K->1629K(68608K)] 343677K->277221K(752128K), 0.0017635 secs] [Times: user=0.01 sys=0.00, real=0.00 secs] 
1985.512: [GC (Allocation Failure) [PSYoungGen: 68189K->605K(67584K)] 343781K->277221K(751104K), 0.0014921 secs] [Times: user=0.01 sys=0.00, real=0.00 secs] 
1986.798: [GC (Allocation Failure) [PSYoungGen: 67165K->1488K(68096K)] 343781K->278104K(751616K), 0.0036148 secs] [Times: user=0.01 sys=0.00, real=0.00 secs] 
1988.234: [GC (Allocation Failure) [PSYoungGen: 68048K->1408K(68608K)] 344664K->278024K(752128K), 0.0033024 secs] [Times: user=0.01 sys=0.00, real=0.00 secs] 
1988.950: [GC (Allocation Failure) [PSYoungGen: 67968K->1376K(68608K)] 344584K->277992K(752128K), 0.0026372 secs] [Times: user=0.01 sys=0.00, real=0.01 secs] 
1989.330: [GC (Allocation Failure) [PSYoungGen: 67936K->1376K(68608K)] 344552K->277992K(752128K), 0.0018393 secs] [Times: user=0.01 sys=0.00, real=0.01 secs] 
1989.701: [GC (Allocation Failure) [PSYoungGen: 67911K->1469K(68608K)] 344527K->278117K(752128K), 0.0016129 secs] [Times: user=0.00 sys=0.00, real=0.01 secs] 
1990.094: [GC (Allocation Failure) [PSYoungGen: 68029K->1581K(68608K)] 344677K->278229K(752128K), 0.0016254 secs] [Times: user=0.01 sys=0.00, real=0.00 secs] 
1990.487: [GC (Allocation Failure) [PSYoungGen: 68141K->1565K(68608K)] 344789K->278213K(752128K), 0.0016189 secs] [Times: user=0.00 sys=0.00, real=0.00 secs] 
1990.879: [GC (Allocation Failure) [PSYoungGen: 68125K->1568K(68608K)] 344773K->278232K(752128K), 0.0016800 secs] [Times: user=0.01 sys=0.00, real=0.00 secs] 
1992.180: [GC (Allocation Failure) [PSYoungGen: 68128K->1488K(68608K)] 344792K->278152K(752128K), 0.0034402 secs] [Times: user=0.02 sys=0.00, real=0.01 secs] 
1993.202: [GC (Allocation Failure) [PSYoungGen: 68048K->1424K(68608K)] 344712K->278088K(752128K), 0.0032064 secs] [Times: user=0.01 sys=0.00, real=0.00 secs] 
1994.265: [GC (Allocation Failure) [PSYoungGen: 67984K->1408K(68608K)] 344648K->278072K(752128K), 0.0032428 secs] [Times: user=0.02 sys=0.00, real=0.00 secs] 
1995.117: [GC (Allocation Failure) [PSYoungGen: 67968K->1376K(68608K)] 344632K->278040K(752128K), 0.0026305 secs] [Times: user=0.01 sys=0.00, real=0.00 secs] 
1995.766: [GC (Allocation Failure) [PSYoungGen: 67936K->1501K(68608K)] 344600K->278165K(752128K), 0.0014901 secs] [Times: user=0.00 sys=0.00, real=0.00 secs] 
1996.218: [GC (Allocation Failure) [PSYoungGen: 68061K->1565K(68608K)] 344725K->278229K(752128K), 0.0017354 secs] [Times: user=0.01 sys=0.00, real=0.00 secs] 
1996.610: [GC (Allocation Failure) [PSYoungGen: 68125K->1597K(68608K)] 344789K->278261K(752128K), 0.0016252 secs] [Times: user=0.01 sys=0.00, real=0.01 secs] 
1997.003: [GC (Allocation Failure) [PSYoungGen: 68151K->1565K(68608K)] 344815K->278245K(752128K), 0.0016069 secs] [Times: user=0.00 sys=0.00, real=0.00 secs] 
1997.368: [GC (Allocation Failure) [PSYoungGen: 68125K->1408K(68608K)] 344805K->278088K(752128K), 0.0019992 secs] [Times: user=0.01 sys=0.00, real=0.00 secs] 
1997.705: [GC (Allocation Failure) [PSYoungGen: 67968K->1376K(68608K)] 344648K->278056K(752128K), 0.0024330 secs] [Times: user=0.01 sys=0.00, real=0.00 secs] 
1998.214: [GC (Allocation Failure) [PSYoungGen: 67936K->1376K(68608K)] 344616K->278056K(752128K), 0.0019364 secs] [Times: user=0.00 sys=0.00, real=0.00 secs] 
1998.826: [GC (Allocation Failure) [PSYoungGen: 67936K->1376K(68608K)] 344616K->278056K(752128K), 0.0019481 secs] [Times: user=0.01 sys=0.00, real=0.00 secs] 
1999.421: [GC (Allocation Failure) [PSYoungGen: 67936K->1517K(68608K)] 344616K->278197K(752128K), 0.0016111 secs] [Times: user=0.00 sys=0.00, real=0.01 secs] 
1999.815: [GC (Allocation Failure) [PSYoungGen: 68077K->1597K(68608K)] 344757K->278277K(752128K), 0.0016942 secs] [Times: user=0.00 sys=0.00, real=0.00 secs] 
2000.211: [GC (Allocation Failure) [PSYoungGen: 68157K->1536K(68608K)] 344837K->278240K(752128K), 0.0017093 secs] [Times: user=0.01 sys=0.00, real=0.01 secs] 
2000.603: [GC (Allocation Failure) [PSYoungGen: 68082K->1536K(68608K)] 344787K->278256K(752128K), 0.0016144 secs] [Times: user=0.01 sys=0.00, real=0.00 secs] 
2001.016: [GC (Allocation Failure) [PSYoungGen: 68096K->1408K(68608K)] 344816K->278128K(752128K), 0.0016155 secs] [Times: user=0.01 sys=0.00, real=0.00 secs] 
2001.629: [GC (Allocation Failure) [PSYoungGen: 67968K->1408K(68608K)] 344688K->278128K(752128K), 0.0029796 secs] [Times: user=0.02 sys=0.00, real=0.01 secs] 
2002.155: [GC (Allocation Failure) [PSYoungGen: 67968K->1408K(68608K)] 344688K->278128K(752128K), 0.0021113 secs] [Times: user=0.00 sys=0.00, real=0.00 secs] 
2002.886: [GC (Allocation Failure) [PSYoungGen: 67968K->1376K(68608K)] 344688K->278096K(752128K), 0.0022981 secs] [Times: user=0.01 sys=0.00, real=0.00 secs] 
2003.535: [GC (Allocation Failure) [PSYoungGen: 67936K->1565K(68608K)] 344656K->278285K(752128K), 0.0014951 secs] [Times: user=0.00 sys=0.00, real=0.00 secs] 
2003.929: [GC (Allocation Failure) [PSYoungGen: 68125K->1533K(68608K)] 344845K->278253K(752128K), 0.0017421 secs] [Times: user=0.01 sys=0.00, real=0.00 secs] 
2004.321: [GC (Allocation Failure) [PSYoungGen: 68093K->1565K(68608K)] 344813K->278285K(752128K), 0.0016192 secs] [Times: user=0.01 sys=0.00, real=0.00 secs] 
2004.775: [GC (Allocation Failure) [PSYoungGen: 68125K->1645K(68608K)] 344845K->278381K(752128K), 0.0017578 secs] [Times: user=0.01 sys=0.00, real=0.00 secs] 
2005.425: [GC (Allocation Failure) [PSYoungGen: 68205K->1408K(68608K)] 344941K->278144K(752128K), 0.0029125 secs] [Times: user=0.01 sys=0.00, real=0.00 secs] 
2005.928: [GC (Allocation Failure) [PSYoungGen: 67968K->1376K(68608K)] 344704K->278112K(752128K), 0.0020548 secs] [Times: user=0.00 sys=0.00, real=0.00 secs] 
2006.232: [GC (Allocation Failure) [PSYoungGen: 67936K->1376K(68608K)] 344672K->278112K(752128K), 0.0019779 secs] [Times: user=0.01 sys=0.00, real=0.00 secs] 
2006.508: [GC (Allocation Failure) [PSYoungGen: 67936K->1440K(68608K)] 344672K->278176K(752128K), 0.0018978 secs] [Times: user=0.00 sys=0.00, real=0.00 secs] 
2006.905: [GC (Allocation Failure) [PSYoungGen: 68000K->1565K(68608K)] 344736K->278301K(752128K), 0.0016574 secs] [Times: user=0.01 sys=0.00, real=0.00 secs] 
2007.298: [GC (Allocation Failure) [PSYoungGen: 68125K->1597K(68608K)] 344861K->278333K(752128K), 0.0016547 secs] [Times: user=0.01 sys=0.00, real=0.00 secs] 
2007.691: [GC (Allocation Failure) [PSYoungGen: 68157K->1597K(68608K)] 344893K->278333K(752128K), 0.0015763 secs] [Times: user=0.01 sys=0.00, real=0.01 secs] 
2008.212: [GC (Allocation Failure) [PSYoungGen: 68157K->2016K(68608K)] 344893K->278784K(752128K), 0.0021263 secs] [Times: user=0.01 sys=0.00, real=0.00 secs] 
2008.692: [GC (Allocation Failure) [PSYoungGen: 68576K->1376K(68608K)] 345344K->278144K(752128K), 0.0019845 secs] [Times: user=0.01 sys=0.00, real=0.00 secs] 
2008.969: [GC (Allocation Failure) [PSYoungGen: 67936K->1344K(68608K)] 344704K->278112K(752128K), 0.0018316 secs] [Times: user=0.01 sys=0.00, real=0.00 secs] 
2009.294: [GC (Allocation Failure) [PSYoungGen: 67904K->1376K(68608K)] 344672K->278144K(752128K), 0.0019057 secs] [Times: user=0.01 sys=0.00, real=0.00 secs] 
2009.581: [GC (Allocation Failure) [PSYoungGen: 67936K->1344K(68608K)] 344704K->278112K(752128K), 0.0017485 secs] [Times: user=0.00 sys=0.00, real=0.00 secs] 
2010.028: [GC (Allocation Failure) [PSYoungGen: 67904K->1581K(68608K)] 344672K->278349K(752128K), 0.0016008 secs] [Times: user=0.01 sys=0.00, real=0.00 secs] 
2010.422: [GC (Allocation Failure) [PSYoungGen: 68141K->1533K(68608K)] 344909K->278301K(752128K), 0.0016917 secs] [Times: user=0.01 sys=0.00, real=0.00 secs] 
2010.815: [GC (Allocation Failure) [PSYoungGen: 68093K->1613K(68608K)] 344861K->278381K(752128K), 0.0016148 secs] [Times: user=0.00 sys=0.00, real=0.00 secs] 
2011.410: [GC (Allocation Failure) [PSYoungGen: 68173K->1504K(68608K)] 344941K->278272K(752128K), 0.0022509 secs] [Times: user=0.01 sys=0.00, real=0.01 secs] 
2012.585: [GC (Allocation Failure) [PSYoungGen: 68064K->1408K(68608K)] 344832K->278176K(752128K), 0.0025703 secs] [Times: user=0.01 sys=0.00, real=0.00 secs] 
2012.911: [GC (Allocation Failure) [PSYoungGen: 67968K->1376K(68608K)] 344736K->278144K(752128K), 0.0019152 secs] [Times: user=0.01 sys=0.00, real=0.01 secs] 
2013.187: [GC (Allocation Failure) [PSYoungGen: 67936K->1376K(68608K)] 344704K->278144K(752128K), 0.0017462 secs] [Times: user=0.00 sys=0.00, real=0.00 secs] 
2013.480: [GC (Allocation Failure) [PSYoungGen: 67878K->304K(68608K)] 344646K->277072K(752128K), 0.0019269 secs] [Times: user=0.01 sys=0.00, real=0.01 secs] 
2013.885: [GC (Allocation Failure) [PSYoungGen: 66857K->1581K(68608K)] 343626K->278349K(752128K), 0.0016432 secs] [Times: user=0.00 sys=0.00, real=0.00 secs] 
2014.280: [GC (Allocation Failure) [PSYoungGen: 68141K->1613K(68608K)] 344909K->278381K(752128K), 0.0017112 secs] [Times: user=0.00 sys=0.00, real=0.01 secs] 
2014.674: [GC (Allocation Failure) [PSYoungGen: 68173K->1533K(68608K)] 344941K->278317K(752128K), 0.0017230 secs] [Times: user=0.01 sys=0.00, real=0.00 secs] 
2015.068: [GC (Allocation Failure) [PSYoungGen: 68093K->1472K(68608K)] 344877K->278256K(752128K), 0.0018715 secs] [Times: user=0.01 sys=0.00, real=0.00 secs] 
2015.366: [GC (Allocation Failure) [PSYoungGen: 68032K->1424K(68608K)] 344816K->278208K(752128K), 0.0018454 secs] [Times: user=0.01 sys=0.00, real=0.00 secs] 
2015.678: [GC (Allocation Failure) [PSYoungGen: 67984K->1376K(68608K)] 344768K->278160K(752128K), 0.0015243 secs] [Times: user=0.00 sys=0.00, real=0.00 secs] 
2016.184: [GC (Allocation Failure) [PSYoungGen: 67936K->1376K(68608K)] 344720K->278160K(752128K), 0.0019111 secs] [Times: user=0.01 sys=0.00, real=0.00 secs] 
2016.692: [GC (Allocation Failure) [PSYoungGen: 67936K->1440K(68608K)] 344720K->278224K(752128K), 0.0017525 secs] [Times: user=0.01 sys=0.00, real=0.00 secs] 
2017.086: [GC (Allocation Failure) [PSYoungGen: 67974K->1613K(68608K)] 344758K->278397K(752128K), 0.0016114 secs] [Times: user=0.01 sys=0.00, real=0.00 secs] 
2017.477: [GC (Allocation Failure) [PSYoungGen: 68157K->1597K(68608K)] 344942K->278381K(752128K), 0.0016067 secs] [Times: user=0.01 sys=0.00, real=0.00 secs] 
2017.870: [GC (Allocation Failure) [PSYoungGen: 68157K->1629K(68608K)] 344941K->278453K(752128K), 0.0016517 secs] [Times: user=0.00 sys=0.00, real=0.01 secs] 
2018.352: [GC (Allocation Failure) [PSYoungGen: 68189K->1472K(68608K)] 345013K->278296K(752128K), 0.0020545 secs] [Times: user=0.00 sys=0.00, real=0.00 secs] 
2018.893: [GC (Allocation Failure) [PSYoungGen: 68032K->1376K(68608K)] 344856K->278200K(752128K), 0.0018624 secs] [Times: user=0.00 sys=0.00, real=0.00 secs] 
2019.465: [GC (Allocation Failure) [PSYoungGen: 67936K->1392K(68608K)] 344760K->278216K(752128K), 0.0019877 secs] [Times: user=0.01 sys=0.00, real=0.00 secs] 
2020.011: [GC (Allocation Failure) [PSYoungGen: 67952K->1376K(68608K)] 344776K->278200K(752128K), 0.0019059 secs] [Times: user=0.01 sys=0.00, real=0.01 secs] 
2020.612: [GC (Allocation Failure) [PSYoungGen: 67936K->1437K(68608K)] 344760K->278261K(752128K), 0.0014758 secs] [Times: user=0.01 sys=0.00, real=0.00 secs] 
2021.005: [GC (Allocation Failure) [PSYoungGen: 67997K->1584K(68608K)] 344821K->278408K(752128K), 0.0017639 secs] [Times: user=0.01 sys=0.00, real=0.00 secs] 
2021.461: [GC (Allocation Failure) [PSYoungGen: 68144K->1536K(68608K)] 344968K->278360K(752128K), 0.0017538 secs] [Times: user=0.00 sys=0.00, real=0.01 secs] 
2021.859: [GC (Allocation Failure) [PSYoungGen: 68096K->1581K(68608K)] 344920K->278421K(752128K), 0.0016223 secs] [Times: user=0.00 sys=0.00, real=0.00 secs] 
2022.313: [GC (Allocation Failure) [PSYoungGen: 68141K->1520K(68608K)] 344981K->278360K(752128K), 0.0036234 secs] [Times: user=0.01 sys=0.01, real=0.00 secs] 
2022.847: [GC (Allocation Failure) [PSYoungGen: 68080K->1392K(68608K)] 344920K->278232K(752128K), 0.0027504 secs] [Times: user=0.01 sys=0.00, real=0.00 secs] 
2023.370: [GC (Allocation Failure) [PSYoungGen: 67952K->1408K(68608K)] 344792K->278248K(752128K), 0.0025706 secs] [Times: user=0.01 sys=0.00, real=0.01 secs] 
2023.923: [GC (Allocation Failure) [PSYoungGen: 67968K->1376K(68608K)] 344808K->278216K(752128K), 0.0024675 secs] [Times: user=0.01 sys=0.01, real=0.00 secs] 
2024.480: [GC (Allocation Failure) [PSYoungGen: 67936K->1485K(68608K)] 344776K->278325K(752128K), 0.0015821 secs] [Times: user=0.01 sys=0.00, real=0.00 secs] 
2024.873: [GC (Allocation Failure) [PSYoungGen: 68045K->1629K(68608K)] 344885K->278469K(752128K), 0.0016568 secs] [Times: user=0.01 sys=0.00, real=0.00 secs] 
2025.266: [GC (Allocation Failure) [PSYoungGen: 68189K->1597K(68608K)] 345029K->278437K(752128K), 0.0016021 secs] [Times: user=0.00 sys=0.00, real=0.00 secs] 
2025.661: [GC (Allocation Failure) [PSYoungGen: 68157K->1613K(68608K)] 344997K->278469K(752128K), 0.0015616 secs] [Times: user=0.01 sys=0.00, real=0.01 secs] 
2026.020: [GC (Allocation Failure) [PSYoungGen: 68173K->1408K(68608K)] 345029K->278264K(752128K), 0.0018861 secs] [Times: user=0.01 sys=0.00, real=0.01 secs] 
2026.296: [GC (Allocation Failure) [PSYoungGen: 67968K->1312K(68608K)] 344824K->278168K(752128K), 0.0018076 secs] [Times: user=0.01 sys=0.00, real=0.00 secs] 
2026.613: [GC (Allocation Failure) [PSYoungGen: 67872K->1376K(68608K)] 344728K->278232K(752128K), 0.0019757 secs] [Times: user=0.00 sys=0.00, real=0.00 secs] 
2026.889: [GC (Allocation Failure) [PSYoungGen: 67936K->1392K(68608K)] 344792K->278248K(752128K), 0.0019596 secs] [Times: user=0.01 sys=0.00, real=0.01 secs] 
2027.264: [GC (Allocation Failure) [PSYoungGen: 67952K->1584K(68608K)] 344808K->278448K(752128K), 0.0015431 secs] [Times: user=0.01 sys=0.00, real=0.00 secs] 
2027.658: [GC (Allocation Failure) [PSYoungGen: 68144K->1597K(68608K)] 345008K->278461K(752128K), 0.0015398 secs] [Times: user=0.01 sys=0.00, real=0.00 secs] 
2028.054: [GC (Allocation Failure) [PSYoungGen: 68157K->1613K(68608K)] 345021K->278477K(752128K), 0.0016638 secs] [Times: user=0.01 sys=0.00, real=0.00 secs] 
2028.450: [GC (Allocation Failure) [PSYoungGen: 68173K->1581K(68608K)] 345037K->278453K(752128K), 0.0016512 secs] [Times: user=0.01 sys=0.00, real=0.00 secs] 
2028.831: [GC (Allocation Failure) [PSYoungGen: 68141K->1376K(68608K)] 345013K->278248K(752128K), 0.0018509 secs] [Times: user=0.01 sys=0.00, real=0.01 secs] 
2029.154: [GC (Allocation Failure) [PSYoungGen: 67936K->1376K(68608K)] 344808K->278248K(752128K), 0.0017908 secs] [Times: user=0.01 sys=0.00, real=0.00 secs] 
2029.431: [GC (Allocation Failure) [PSYoungGen: 67936K->1456K(68608K)] 344808K->278328K(752128K), 0.0019469 secs] [Times: user=0.01 sys=0.00, real=0.01 secs] 
2029.840: [GC (Allocation Failure) [PSYoungGen: 68016K->1344K(68608K)] 344888K->278216K(752128K), 0.0018450 secs] [Times: user=0.00 sys=0.00, real=0.01 secs] 
2030.276: [GC (Allocation Failure) [PSYoungGen: 67904K->1536K(68608K)] 344776K->278408K(752128K), 0.0015525 secs] [Times: user=0.00 sys=0.00, real=0.00 secs] 
2030.671: [GC (Allocation Failure) [PSYoungGen: 68096K->1520K(68608K)] 344968K->278392K(752128K), 0.0033600 secs] [Times: user=0.01 sys=0.00, real=0.00 secs] 
2031.068: [GC (Allocation Failure) [PSYoungGen: 68080K->1568K(68608K)] 344952K->278440K(752128K), 0.0016551 secs] [Times: user=0.00 sys=0.00, real=0.00 secs] 
2031.455: [GC (Allocation Failure) [PSYoungGen: 67153K->320K(68608K)] 344026K->277192K(752128K), 0.0015605 secs] [Times: user=0.00 sys=0.00, real=0.00 secs] 
2032.204: [GC (Allocation Failure) [PSYoungGen: 66880K->1408K(68608K)] 343752K->278280K(752128K), 0.0016809 secs] [Times: user=0.01 sys=0.00, real=0.00 secs] 
2032.838: [GC (Allocation Failure) [PSYoungGen: 67968K->1408K(68608K)] 344840K->278280K(752128K), 0.0020896 secs] [Times: user=0.01 sys=0.00, real=0.00 secs] 
2033.296: [GC (Allocation Failure) [PSYoungGen: 67968K->1376K(68608K)] 344840K->278248K(752128K), 0.0018994 secs] [Times: user=0.01 sys=0.00, real=0.00 secs] 
2033.584: [GC (Allocation Failure) [PSYoungGen: 67936K->1408K(68608K)] 344808K->278280K(752128K), 0.0018985 secs] [Times: user=0.01 sys=0.00, real=0.00 secs] 
2034.012: [GC (Allocation Failure) [PSYoungGen: 67968K->1533K(68608K)] 344840K->278405K(752128K), 0.0015988 secs] [Times: user=0.01 sys=0.00, real=0.00 secs] 
2034.405: [GC (Allocation Failure) [PSYoungGen: 68093K->1613K(68608K)] 344965K->278485K(752128K), 0.0014995 secs] [Times: user=0.00 sys=0.00, real=0.00 secs] 
2034.800: [GC (Allocation Failure) [PSYoungGen: 68173K->1549K(68608K)] 345045K->278421K(752128K), 0.0016425 secs] [Times: user=0.01 sys=0.00, real=0.00 secs] 
2035.216: [GC (Allocation Failure) [PSYoungGen: 68109K->2016K(68608K)] 344981K->278896K(752128K), 0.0019528 secs] [Times: user=0.00 sys=0.00, real=0.00 secs] 
2035.544: [GC (Allocation Failure) [PSYoungGen: 68576K->1376K(68608K)] 345456K->278256K(752128K), 0.0017697 secs] [Times: user=0.01 sys=0.00, real=0.00 secs] 
2035.837: [GC (Allocation Failure) [PSYoungGen: 67936K->1360K(68608K)] 344816K->278240K(752128K), 0.0016446 secs] [Times: user=0.01 sys=0.00, real=0.00 secs] 
2036.161: [GC (Allocation Failure) [PSYoungGen: 67920K->1376K(68608K)] 344800K->278256K(752128K), 0.0017483 secs] [Times: user=0.01 sys=0.00, real=0.01 secs] 
2036.491: [GC (Allocation Failure) [PSYoungGen: 67936K->1408K(68608K)] 344816K->278288K(752128K), 0.0016802 secs] [Times: user=0.01 sys=0.00, real=0.01 secs] 
2036.894: [GC (Allocation Failure) [PSYoungGen: 67968K->1565K(68608K)] 344848K->278445K(752128K), 0.0016694 secs] [Times: user=0.00 sys=0.00, real=0.00 secs] 
2037.290: [GC (Allocation Failure) [PSYoungGen: 68125K->1600K(68608K)] 345005K->278512K(752128K), 0.0017009 secs] [Times: user=0.01 sys=0.00, real=0.01 secs] 
2037.685: [GC (Allocation Failure) [PSYoungGen: 68160K->1613K(68608K)] 345072K->278533K(752128K), 0.0016958 secs] [Times: user=0.00 sys=0.00, real=0.00 secs] 
2038.080: [GC (Allocation Failure) [PSYoungGen: 68173K->1472K(68608K)] 345093K->278392K(752128K), 0.0019484 secs] [Times: user=0.01 sys=0.00, real=0.01 secs] 
2038.364: [GC (Allocation Failure) [PSYoungGen: 68032K->1440K(68608K)] 344952K->278360K(752128K), 0.0017802 secs] [Times: user=0.01 sys=0.00, real=0.00 secs] 
2038.734: [GC (Allocation Failure) [PSYoungGen: 68000K->1408K(68608K)] 344920K->278328K(752128K), 0.0031527 secs] [Times: user=0.01 sys=0.00, real=0.00 secs] 
2039.061: [GC (Allocation Failure) [PSYoungGen: 67968K->1392K(68608K)] 344888K->278312K(752128K), 0.0022145 secs] [Times: user=0.01 sys=0.00, real=0.00 secs] 
2039.411: [GC (Allocation Failure) [PSYoungGen: 67952K->1501K(68608K)] 344872K->278421K(752128K), 0.0021926 secs] [Times: user=0.01 sys=0.00, real=0.01 secs] 
2039.817: [GC (Allocation Failure) [PSYoungGen: 68061K->1613K(68608K)] 344981K->278533K(752128K), 0.0016752 secs] [Times: user=0.00 sys=0.00, real=0.00 secs] 
2040.211: [GC (Allocation Failure) [PSYoungGen: 68173K->1533K(68608K)] 345093K->278453K(752128K), 0.0016393 secs] [Times: user=0.01 sys=0.00, real=0.00 secs] 
2040.682: [GC (Allocation Failure) [PSYoungGen: 68093K->1581K(68608K)] 345013K->278525K(752128K), 0.0017647 secs] [Times: user=0.01 sys=0.00, real=0.00 secs] 
2041.227: [GC (Allocation Failure) [PSYoungGen: 68141K->1472K(68608K)] 345085K->278416K(752128K), 0.0025258 secs] [Times: user=0.01 sys=0.00, real=0.00 secs] 
2041.504: [GC (Allocation Failure) [PSYoungGen: 68032K->1376K(68608K)] 344976K->278320K(752128K), 0.0020201 secs] [Times: user=0.01 sys=0.00, real=0.00 secs] 
2041.804: [GC (Allocation Failure) [PSYoungGen: 67936K->1376K(68608K)] 344880K->278320K(752128K), 0.0019018 secs] [Times: user=0.01 sys=0.00, real=0.00 secs] 
2042.131: [GC (Allocation Failure) [PSYoungGen: 67936K->1376K(68608K)] 344880K->278320K(752128K), 0.0018139 secs] [Times: user=0.01 sys=0.00, real=0.01 secs] 
2042.460: [GC (Allocation Failure) [PSYoungGen: 67936K->1485K(68608K)] 344880K->278429K(752128K), 0.0015689 secs] [Times: user=0.00 sys=0.00, real=0.01 secs] 
2042.855: [GC (Allocation Failure) [PSYoungGen: 68045K->1565K(68608K)] 344989K->278509K(752128K), 0.0016600 secs] [Times: user=0.00 sys=0.00, real=0.00 secs] 
2043.252: [GC (Allocation Failure) [PSYoungGen: 68125K->1549K(68608K)] 345069K->278493K(752128K), 0.0016384 secs] [Times: user=0.01 sys=0.00, real=0.00 secs] 
2043.644: [GC (Allocation Failure) [PSYoungGen: 68109K->1568K(68608K)] 345053K->278528K(752128K), 0.0016619 secs] [Times: user=0.00 sys=0.00, real=0.00 secs] 
2044.155: [GC (Allocation Failure) [PSYoungGen: 68128K->1504K(68608K)] 345088K->278464K(752128K), 0.0015629 secs] [Times: user=0.00 sys=0.00, real=0.00 secs] 
2044.823: [GC (Allocation Failure) [PSYoungGen: 68064K->1408K(68608K)] 345024K->278368K(752128K), 0.0030507 secs] [Times: user=0.01 sys=0.00, real=0.00 secs] 
2045.397: [GC (Allocation Failure) [PSYoungGen: 67968K->1408K(68608K)] 344928K->278368K(752128K), 0.0026387 secs] [Times: user=0.01 sys=0.00, real=0.00 secs] 
2045.987: [GC (Allocation Failure) [PSYoungGen: 67968K->1424K(68608K)] 344928K->278384K(752128K), 0.0025219 secs] [Times: user=0.01 sys=0.00, real=0.00 secs] 
2046.627: [GC (Allocation Failure) [PSYoungGen: 67984K->1501K(68608K)] 344944K->278461K(752128K), 0.0015746 secs] [Times: user=0.01 sys=0.00, real=0.00 secs] 
2047.021: [GC (Allocation Failure) [PSYoungGen: 68054K->1565K(68608K)] 345014K->278525K(752128K), 0.0016772 secs] [Times: user=0.01 sys=0.00, real=0.01 secs] 
2047.413: [GC (Allocation Failure) [PSYoungGen: 68121K->1568K(68608K)] 345081K->278528K(752128K), 0.0017446 secs] [Times: user=0.00 sys=0.01, real=0.00 secs] 
2047.806: [GC (Allocation Failure) [PSYoungGen: 68128K->1568K(68608K)] 345088K->278552K(752128K), 0.0016542 secs] [Times: user=0.01 sys=0.00, real=0.00 secs] 
2048.278: [GC (Allocation Failure) [PSYoungGen: 68128K->1456K(68608K)] 345112K->278440K(752128K), 0.0017088 secs] [Times: user=0.01 sys=0.00, real=0.00 secs] 
2048.554: [GC (Allocation Failure) [PSYoungGen: 68016K->1344K(68608K)] 345000K->278328K(752128K), 0.0016339 secs] [Times: user=0.00 sys=0.00, real=0.00 secs] 
2048.840: [GC (Allocation Failure) [PSYoungGen: 67904K->1376K(68608K)] 344888K->278360K(752128K), 0.0025516 secs] [Times: user=0.01 sys=0.00, real=0.01 secs] 
2049.157: [GC (Allocation Failure) [PSYoungGen: 67936K->1440K(68608K)] 344920K->278424K(752128K), 0.0020102 secs] [Times: user=0.01 sys=0.00, real=0.00 secs] 
2049.642: [GC (Allocation Failure) [PSYoungGen: 68000K->1501K(68608K)] 344984K->278485K(752128K), 0.0016253 secs] [Times: user=0.01 sys=0.00, real=0.00 secs] 
2050.036: [GC (Allocation Failure) [PSYoungGen: 68061K->1581K(68608K)] 345045K->278565K(752128K), 0.0016661 secs] [Times: user=0.00 sys=0.00, real=0.00 secs] 
2050.429: [GC (Allocation Failure) [PSYoungGen: 68141K->1600K(68608K)] 345125K->278584K(752128K), 0.0015717 secs] [Times: user=0.01 sys=0.00, real=0.00 secs] 
2050.823: [GC (Allocation Failure) [PSYoungGen: 68160K->1536K(68608K)] 345144K->278536K(752128K), 0.0016281 secs] [Times: user=0.01 sys=0.00, real=0.00 secs] 
2051.188: [GC (Allocation Failure) [PSYoungGen: 68096K->1456K(68608K)] 345096K->278456K(752128K), 0.0017215 secs] [Times: user=0.00 sys=0.00, real=0.00 secs] 
2051.464: [GC (Allocation Failure) [PSYoungGen: 68016K->1376K(68608K)] 345016K->278376K(752128K), 0.0015330 secs] [Times: user=0.00 sys=0.00, real=0.00 secs] 
2051.740: [GC (Allocation Failure) [PSYoungGen: 67936K->1376K(68608K)] 344936K->278376K(752128K), 0.0018212 secs] [Times: user=0.01 sys=0.00, real=0.01 secs] 
2052.017: [GC (Allocation Failure) [PSYoungGen: 67936K->1376K(68608K)] 344936K->278376K(752128K), 0.0019436 secs] [Times: user=0.01 sys=0.00, real=0.00 secs] 
2052.396: [GC (Allocation Failure) [PSYoungGen: 67936K->1533K(68608K)] 344936K->278533K(752128K), 0.0016077 secs] [Times: user=0.01 sys=0.00, real=0.00 secs] 
2052.798: [GC (Allocation Failure) [PSYoungGen: 68093K->1613K(68608K)] 345093K->278621K(752128K), 0.0015122 secs] [Times: user=0.01 sys=0.00, real=0.00 secs] 
2053.193: [GC (GCLocker Initiated GC) [PSYoungGen: 68173K->1549K(68608K)] 345181K->278557K(752128K), 0.0015918 secs] [Times: user=0.01 sys=0.00, real=0.00 secs] 
2053.593: [GC (Allocation Failure) [PSYoungGen: 68109K->1501K(68608K)] 346111K->279510K(752128K), 0.0016533 secs] [Times: user=0.01 sys=0.00, real=0.00 secs] 
2053.955: [GC (Allocation Failure) [PSYoungGen: 68061K->1552K(68608K)] 346070K->279561K(752128K), 0.0018446 secs] [Times: user=0.01 sys=0.00, real=0.00 secs] 
2054.232: [GC (Allocation Failure) [PSYoungGen: 68112K->1472K(68608K)] 346121K->279481K(752128K), 0.0015897 secs] [Times: user=0.00 sys=0.00, real=0.00 secs] 
2054.508: [GC (Allocation Failure) [PSYoungGen: 68032K->1504K(68608K)] 346041K->279513K(752128K), 0.0017384 secs] [Times: user=0.01 sys=0.00, real=0.00 secs] 
2054.784: [GC (Allocation Failure) [PSYoungGen: 68064K->1504K(68608K)] 346073K->279513K(752128K), 0.0016932 secs] [Times: user=0.00 sys=0.00, real=0.00 secs] 
2055.186: [GC (Allocation Failure) [PSYoungGen: 68064K->1661K(68608K)] 346073K->279679K(752128K), 0.0016529 secs] [Times: user=0.00 sys=0.00, real=0.00 secs] 
2055.580: [GC (Allocation Failure) [PSYoungGen: 68221K->1693K(68608K)] 346239K->279727K(752128K), 0.0016877 secs] [Times: user=0.01 sys=0.00, real=0.01 secs] 
2055.973: [GC (Allocation Failure) [PSYoungGen: 68253K->1680K(68608K)] 346287K->279713K(752128K), 0.0016671 secs] [Times: user=0.00 sys=0.00, real=0.00 secs] 
2056.450: [GC (Allocation Failure) [PSYoungGen: 68240K->2016K(68608K)] 346273K->280153K(752128K), 0.0020025 secs] [Times: user=0.01 sys=0.00, real=0.01 secs] 
2057.441: [GC (Allocation Failure) [PSYoungGen: 68576K->1536K(68608K)] 346713K->279673K(752128K), 0.0031634 secs] [Times: user=0.01 sys=0.00, real=0.01 secs] 
2058.377: [GC (Allocation Failure) [PSYoungGen: 68096K->1472K(68608K)] 346233K->279609K(752128K), 0.0039068 secs] [Times: user=0.01 sys=0.00, real=0.00 secs] 
2058.677: [GC (Allocation Failure) [PSYoungGen: 68032K->1472K(68608K)] 346169K->279609K(752128K), 0.0019302 secs] [Times: user=0.01 sys=0.00, real=0.00 secs] 
2059.023: [GC (Allocation Failure) [PSYoungGen: 68032K->1472K(68608K)] 346169K->279649K(752128K), 0.0017837 secs] [Times: user=0.01 sys=0.00, real=0.00 secs] 
2059.443: [GC (Allocation Failure) [PSYoungGen: 68032K->1725K(68608K)] 346209K->279903K(752128K), 0.0016261 secs] [Times: user=0.01 sys=0.00, real=0.00 secs] 
2059.836: [GC (Allocation Failure) [PSYoungGen: 68285K->1677K(68608K)] 346463K->279855K(752128K), 0.0017024 secs] [Times: user=0.00 sys=0.00, real=0.00 secs] 
2060.229: [GC (Allocation Failure) [PSYoungGen: 68237K->1709K(68608K)] 346415K->279895K(752128K), 0.0017678 secs] [Times: user=0.01 sys=0.00, real=0.00 secs] 
2060.651: [GC (Allocation Failure) [PSYoungGen: 68269K->1568K(68608K)] 346455K->279841K(752128K), 0.0018437 secs] [Times: user=0.01 sys=0.00, real=0.01 secs] 
2061.001: [GC (Allocation Failure) [PSYoungGen: 68128K->1504K(68608K)] 346401K->279777K(752128K), 0.0021614 secs] [Times: user=0.00 sys=0.00, real=0.00 secs] 
2061.302: [GC (Allocation Failure) [PSYoungGen: 68064K->1488K(68608K)] 346337K->279761K(752128K), 0.0019899 secs] [Times: user=0.01 sys=0.00, real=0.00 secs] 
2061.626: [GC (Allocation Failure) [PSYoungGen: 68048K->1472K(68608K)] 346321K->279745K(752128K), 0.0016495 secs] [Times: user=0.00 sys=0.00, real=0.00 secs] 
2062.297: [GC (Allocation Failure) [PSYoungGen: 68032K->1549K(68608K)] 346305K->279823K(752128K), 0.0024383 secs] [Times: user=0.01 sys=0.00, real=0.00 secs] 
2062.756: [GC (Allocation Failure) [PSYoungGen: 68109K->1677K(68608K)] 346383K->279951K(752128K), 0.0017912 secs] [Times: user=0.01 sys=0.00, real=0.00 secs] 
2063.205: [GC (Allocation Failure) [PSYoungGen: 68237K->1645K(68608K)] 346511K->279919K(752128K), 0.0017753 secs] [Times: user=0.01 sys=0.00, real=0.00 secs] 
2063.653: [GC (Allocation Failure) [PSYoungGen: 68205K->1581K(68608K)] 346479K->279927K(752128K), 0.0017634 secs] [Times: user=0.01 sys=0.00, real=0.00 secs] 
2064.033: [GC (Allocation Failure) [PSYoungGen: 68141K->1520K(68608K)] 346487K->279865K(752128K), 0.0023217 secs] [Times: user=0.00 sys=0.01, real=0.00 secs] 
2064.493: [GC (Allocation Failure) [PSYoungGen: 68080K->1376K(68608K)] 346425K->279721K(752128K), 0.0021526 secs] [Times: user=0.01 sys=0.00, real=0.00 secs] 
2064.889: [GC (Allocation Failure) [PSYoungGen: 67936K->1376K(68608K)] 346281K->279721K(752128K), 0.0020347 secs] [Times: user=0.01 sys=0.00, real=0.00 secs] 
2065.684: [GC (Allocation Failure) [PSYoungGen: 67936K->1376K(68608K)] 346281K->279721K(752128K), 0.0027808 secs] [Times: user=0.01 sys=0.00, real=0.00 secs] 
2066.327: [GC (Allocation Failure) [PSYoungGen: 67936K->1485K(68608K)] 346281K->279831K(752128K), 0.0017429 secs] [Times: user=0.00 sys=0.00, real=0.00 secs] 
2066.743: [GC (Allocation Failure) [PSYoungGen: 68045K->1549K(68608K)] 346391K->279895K(752128K), 0.0015454 secs] [Times: user=0.00 sys=0.00, real=0.00 secs] 
2067.135: [GC (Allocation Failure) [PSYoungGen: 68089K->1533K(68608K)] 346434K->279879K(752128K), 0.0016484 secs] [Times: user=0.00 sys=0.00, real=0.00 secs] 
2067.528: [GC (Allocation Failure) [PSYoungGen: 68093K->1517K(68608K)] 346439K->279879K(752128K), 0.0016090 secs] [Times: user=0.01 sys=0.00, real=0.00 secs] 
2068.453: [GC (Allocation Failure) [PSYoungGen: 68077K->1488K(68608K)] 346439K->279857K(752128K), 0.0025287 secs] [Times: user=0.01 sys=0.00, real=0.00 secs] 
2069.704: [GC (Allocation Failure) [PSYoungGen: 68048K->1344K(68608K)] 346417K->279713K(752128K), 0.0020540 secs] [Times: user=0.01 sys=0.00, real=0.00 secs] 
2069.981: [GC (Allocation Failure) [PSYoungGen: 67904K->1360K(68608K)] 346273K->279729K(752128K), 0.0019254 secs] [Times: user=0.01 sys=0.00, real=0.01 secs] 
2070.257: [GC (Allocation Failure) [PSYoungGen: 67920K->1376K(68608K)] 346289K->279745K(752128K), 0.0019399 secs] [Times: user=0.00 sys=0.00, real=0.00 secs] 
2070.659: [GC (Allocation Failure) [PSYoungGen: 67936K->1440K(68608K)] 346305K->279809K(752128K), 0.0021711 secs] [Times: user=0.01 sys=0.00, real=0.00 secs] 
2071.086: [GC (Allocation Failure) [PSYoungGen: 68000K->1565K(68608K)] 346369K->279935K(752128K), 0.0016750 secs] [Times: user=0.01 sys=0.00, real=0.00 secs] 
2071.482: [GC (Allocation Failure) [PSYoungGen: 68125K->1565K(68608K)] 346495K->279935K(752128K), 0.0016600 secs] [Times: user=0.00 sys=0.00, real=0.00 secs] 
2071.875: [GC (Allocation Failure) [PSYoungGen: 68125K->1613K(68608K)] 346495K->279999K(752128K), 0.0016898 secs] [Times: user=0.01 sys=0.00, real=0.00 secs] 
2072.188: [GC (Allocation Failure) [PSYoungGen: 68173K->1456K(68608K)] 346559K->279841K(752128K), 0.0024230 secs] [Times: user=0.00 sys=0.01, real=0.00 secs] 
2072.466: [GC (Allocation Failure) [PSYoungGen: 68016K->1376K(68608K)] 346401K->279761K(752128K), 0.0019195 secs] [Times: user=0.00 sys=0.00, real=0.00 secs] 
2072.914: [GC (Allocation Failure) [PSYoungGen: 67936K->1392K(68608K)] 346321K->279777K(752128K), 0.0017095 secs] [Times: user=0.01 sys=0.00, real=0.00 secs] 
2073.419: [GC (Allocation Failure) [PSYoungGen: 67952K->1376K(68608K)] 346337K->279761K(752128K), 0.0015944 secs] [Times: user=0.01 sys=0.00, real=0.00 secs] 
2074.003: [GC (Allocation Failure) [PSYoungGen: 67936K->1472K(68608K)] 346321K->279857K(752128K), 0.0014992 secs] [Times: user=0.01 sys=0.00, real=0.00 secs] 
2074.395: [GC (Allocation Failure) [PSYoungGen: 68032K->1597K(68608K)] 346417K->279983K(752128K), 0.0016417 secs] [Times: user=0.00 sys=0.00, real=0.00 secs] 
2074.788: [GC (Allocation Failure) [PSYoungGen: 68157K->1645K(68608K)] 346543K->280031K(752128K), 0.0016504 secs] [Times: user=0.00 sys=0.00, real=0.00 secs] 
2075.180: [GC (Allocation Failure) [PSYoungGen: 68200K->1597K(68608K)] 346586K->279999K(752128K), 0.0016857 secs] [Times: user=0.01 sys=0.00, real=0.01 secs] 
2075.692: [GC (Allocation Failure) [PSYoungGen: 68157K->1408K(68608K)] 346559K->279809K(752128K), 0.0019061 secs] [Times: user=0.00 sys=0.00, real=0.00 secs] 
2076.072: [GC (Allocation Failure) [PSYoungGen: 67968K->1376K(68608K)] 346369K->279777K(752128K), 0.0025412 secs] [Times: user=0.01 sys=0.00, real=0.00 secs] 
2076.350: [GC (Allocation Failure) [PSYoungGen: 67936K->1408K(68608K)] 346337K->279809K(752128K), 0.0022747 secs] [Times: user=0.01 sys=0.00, real=0.01 secs] 
2076.686: [GC (Allocation Failure) [PSYoungGen: 67968K->1376K(68608K)] 346369K->279777K(752128K), 0.0018347 secs] [Times: user=0.01 sys=0.00, real=0.00 secs] 
2077.208: [GC (Allocation Failure) [PSYoungGen: 67936K->1485K(68608K)] 346337K->279903K(752128K), 0.0016653 secs] [Times: user=0.01 sys=0.00, real=0.00 secs] 
2077.664: [GC (Allocation Failure) [PSYoungGen: 68045K->1597K(68608K)] 346463K->280015K(752128K), 0.0018408 secs] [Times: user=0.00 sys=0.00, real=0.00 secs] 
2078.063: [GC (Allocation Failure) [PSYoungGen: 68157K->1613K(68608K)] 346575K->280031K(752128K), 0.0017954 secs] [Times: user=0.01 sys=0.00, real=0.00 secs] 
2078.459: [GC (Allocation Failure) [PSYoungGen: 68173K->1613K(68608K)] 346591K->280039K(752128K), 0.0017247 secs] [Times: user=0.00 sys=0.00, real=0.00 secs] 
2078.774: [GC (Allocation Failure) [PSYoungGen: 68173K->1440K(68608K)] 346599K->279865K(752128K), 0.0019896 secs] [Times: user=0.01 sys=0.00, real=0.00 secs] 
2079.051: [GC (Allocation Failure) [PSYoungGen: 68000K->1344K(68608K)] 346425K->279769K(752128K), 0.0019663 secs] [Times: user=0.01 sys=0.00, real=0.01 secs] 
2079.327: [GC (Allocation Failure) [PSYoungGen: 67904K->1344K(68608K)] 346329K->279769K(752128K), 0.0020632 secs] [Times: user=0.01 sys=0.00, real=0.00 secs] 
2079.769: [GC (Allocation Failure) [PSYoungGen: 67904K->1344K(68608K)] 346329K->279769K(752128K), 0.0019053 secs] [Times: user=0.00 sys=0.00, real=0.00 secs] 
2080.219: [GC (Allocation Failure) [PSYoungGen: 67904K->1549K(68608K)] 346329K->279975K(752128K), 0.0016043 secs] [Times: user=0.01 sys=0.00, real=0.00 secs] 
2080.674: [GC (Allocation Failure) [PSYoungGen: 68109K->1581K(68608K)] 346535K->280007K(752128K), 0.0017294 secs] [Times: user=0.01 sys=0.00, real=0.00 secs] 
2081.065: [GC (Allocation Failure) [PSYoungGen: 68141K->1504K(68608K)] 346567K->279929K(752128K), 0.0017448 secs] [Times: user=0.01 sys=0.01, real=0.00 secs] 
2081.479: [GC (Allocation Failure) [PSYoungGen: 68064K->1808K(68608K)] 346489K->280233K(752128K), 0.0017137 secs] [Times: user=0.01 sys=0.00, real=0.00 secs] 
2082.187: [GC (Allocation Failure) [PSYoungGen: 68368K->1440K(68608K)] 346793K->279865K(752128K), 0.0030623 secs] [Times: user=0.01 sys=0.00, real=0.00 secs] 
2082.637: [GC (Allocation Failure) [PSYoungGen: 68000K->1376K(68608K)] 346425K->279801K(752128K), 0.0019153 secs] [Times: user=0.01 sys=0.00, real=0.00 secs] 
2082.914: [GC (Allocation Failure) [PSYoungGen: 67936K->1424K(68608K)] 346361K->279849K(752128K), 0.0016570 secs] [Times: user=0.01 sys=0.01, real=0.00 secs] 
2083.190: [GC (Allocation Failure) [PSYoungGen: 67984K->1376K(68608K)] 346409K->279801K(752128K), 0.0018604 secs] [Times: user=0.01 sys=0.00, real=0.01 secs] 
2083.608: [GC (Allocation Failure) [PSYoungGen: 67936K->1597K(68608K)] 346361K->280023K(752128K), 0.0016673 secs] [Times: user=0.01 sys=0.00, real=0.00 secs] 
2084.006: [GC (Allocation Failure) [PSYoungGen: 68157K->1536K(68608K)] 346583K->279961K(752128K), 0.0017410 secs] [Times: user=0.01 sys=0.00, real=0.00 secs] 
2084.399: [GC (Allocation Failure) [PSYoungGen: 68096K->1565K(68608K)] 346521K->279991K(752128K), 0.0016854 secs] [Times: user=0.00 sys=0.00, real=0.00 secs] 
2084.809: [GC (Allocation Failure) [PSYoungGen: 68125K->1504K(68608K)] 346551K->279929K(752128K), 0.0017898 secs] [Times: user=0.01 sys=0.00, real=0.00 secs] 
2085.085: [GC (Allocation Failure) [PSYoungGen: 68064K->1408K(68608K)] 346489K->279833K(752128K), 0.0016521 secs] [Times: user=0.01 sys=0.00, real=0.00 secs] 
2085.361: [GC (Allocation Failure) [PSYoungGen: 67968K->1376K(68608K)] 346393K->279801K(752128K), 0.0016688 secs] [Times: user=0.01 sys=0.00, real=0.00 secs] 
2085.637: [GC (Allocation Failure) [PSYoungGen: 67936K->1376K(68608K)] 346361K->279801K(752128K), 0.0015567 secs] [Times: user=0.00 sys=0.00, real=0.00 secs] 
2085.913: [GC (Allocation Failure) [PSYoungGen: 67936K->1376K(68608K)] 346361K->279801K(752128K), 0.0015122 secs] [Times: user=0.00 sys=0.00, real=0.00 secs] 
2086.314: [GC (Allocation Failure) [PSYoungGen: 67936K->1581K(68608K)] 346361K->280007K(752128K), 0.0016511 secs] [Times: user=0.00 sys=0.00, real=0.00 secs] 
2086.707: [GC (Allocation Failure) [PSYoungGen: 68141K->1584K(68608K)] 346567K->280025K(752128K), 0.0016543 secs] [Times: user=0.00 sys=0.00, real=0.00 secs] 
2087.102: [GC (Allocation Failure) [PSYoungGen: 68144K->1581K(68608K)] 346585K->280039K(752128K), 0.0016562 secs] [Times: user=0.01 sys=0.00, real=0.00 secs] 
2087.470: [GC (Allocation Failure) [PSYoungGen: 68141K->1440K(68608K)] 346599K->279897K(752128K), 0.0016995 secs] [Times: user=0.01 sys=0.00, real=0.01 secs] 
2087.951: [GC (Allocation Failure) [PSYoungGen: 68000K->1344K(68608K)] 346457K->279801K(752128K), 0.0017235 secs] [Times: user=0.01 sys=0.00, real=0.01 secs] 
2088.486: [GC (Allocation Failure) [PSYoungGen: 67904K->1376K(68608K)] 346361K->279833K(752128K), 0.0029806 secs] [Times: user=0.01 sys=0.00, real=0.00 secs] 
2089.043: [GC (Allocation Failure) [PSYoungGen: 67936K->1376K(68608K)] 346393K->279833K(752128K), 0.0019354 secs] [Times: user=0.01 sys=0.00, real=0.00 secs] 
2089.658: [GC (Allocation Failure) [PSYoungGen: 67936K->1469K(68608K)] 346393K->279927K(752128K), 0.0018913 secs] [Times: user=0.01 sys=0.00, real=0.00 secs] 
2090.062: [GC (Allocation Failure) [PSYoungGen: 68029K->1613K(68608K)] 346487K->280071K(752128K), 0.0016379 secs] [Times: user=0.01 sys=0.00, real=0.00 secs] 
2090.456: [GC (Allocation Failure) [PSYoungGen: 68173K->1549K(68608K)] 346631K->280007K(752128K), 0.0016419 secs] [Times: user=0.00 sys=0.00, real=0.00 secs] 
2090.917: [GC (Allocation Failure) [PSYoungGen: 68109K->1581K(68608K)] 346567K->280055K(752128K), 0.0017366 secs] [Times: user=0.01 sys=0.00, real=0.00 secs] 
2091.365: [GC (Allocation Failure) [PSYoungGen: 68141K->1488K(68608K)] 346615K->279961K(752128K), 0.0025328 secs] [Times: user=0.01 sys=0.00, real=0.00 secs] 
2091.691: [GC (Allocation Failure) [PSYoungGen: 68048K->1376K(68608K)] 346521K->279849K(752128K), 0.0018798 secs] [Times: user=0.00 sys=0.00, real=0.01 secs] 
2092.009: [GC (Allocation Failure) [PSYoungGen: 67936K->1376K(68608K)] 346409K->279849K(752128K), 0.0019095 secs] [Times: user=0.01 sys=0.00, real=0.00 secs] 
2092.286: [GC (Allocation Failure) [PSYoungGen: 67936K->1408K(68608K)] 346409K->279881K(752128K), 0.0019194 secs] [Times: user=0.01 sys=0.00, real=0.00 secs] 
2092.651: [GC (Allocation Failure) [PSYoungGen: 67968K->1501K(68608K)] 346441K->279975K(752128K), 0.0015288 secs] [Times: user=0.00 sys=0.00, real=0.01 secs] 
2093.101: [GC (Allocation Failure) [PSYoungGen: 68049K->1581K(68608K)] 346523K->280055K(752128K), 0.0017159 secs] [Times: user=0.00 sys=0.00, real=0.01 secs] 
2093.566: [GC (Allocation Failure) [PSYoungGen: 68118K->1581K(68608K)] 346592K->280055K(752128K), 0.0015811 secs] [Times: user=0.00 sys=0.00, real=0.00 secs] 
2094.035: [GC (Allocation Failure) [PSYoungGen: 68141K->1597K(68608K)] 346615K->280087K(752128K), 0.0016539 secs] [Times: user=0.00 sys=0.00, real=0.00 secs] 
2094.395: [GC (Allocation Failure) [PSYoungGen: 68157K->1488K(68608K)] 346647K->279977K(752128K), 0.0024534 secs] [Times: user=0.01 sys=0.00, real=0.00 secs] 
2094.673: [GC (Allocation Failure) [PSYoungGen: 68048K->1408K(68608K)] 346537K->279897K(752128K), 0.0019964 secs] [Times: user=0.01 sys=0.00, real=0.00 secs] 
2094.987: [GC (Allocation Failure) [PSYoungGen: 67968K->1376K(68608K)] 346457K->279865K(752128K), 0.0018984 secs] [Times: user=0.01 sys=0.00, real=0.00 secs] 
2095.266: [GC (Allocation Failure) [PSYoungGen: 67936K->1440K(68608K)] 346425K->279929K(752128K), 0.0017736 secs] [Times: user=0.01 sys=0.00, real=0.00 secs] 
2095.637: [GC (Allocation Failure) [PSYoungGen: 68000K->1485K(68608K)] 346489K->279975K(752128K), 0.0015343 secs] [Times: user=0.00 sys=0.00, real=0.00 secs] 
2096.032: [GC (Allocation Failure) [PSYoungGen: 68045K->1533K(68608K)] 346535K->280023K(752128K), 0.0016620 secs] [Times: user=0.01 sys=0.00, real=0.00 secs] 
2096.425: [GC (Allocation Failure) [PSYoungGen: 68093K->1533K(68608K)] 346583K->280039K(752128K), 0.0016717 secs] [Times: user=0.01 sys=0.00, real=0.00 secs] 
2096.817: [GC (Allocation Failure) [PSYoungGen: 68067K->1584K(68608K)] 346573K->280105K(752128K), 0.0015943 secs] [Times: user=0.00 sys=0.00, real=0.00 secs] 
2097.957: [GC (Allocation Failure) [PSYoungGen: 68144K->1440K(68608K)] 346665K->279961K(752128K), 0.0029539 secs] [Times: user=0.02 sys=0.00, real=0.00 secs] 
2098.666: [GC (Allocation Failure) [PSYoungGen: 68000K->1344K(68608K)] 346521K->279865K(752128K), 0.0030830 secs] [Times: user=0.01 sys=0.00, real=0.00 secs] 
2099.372: [GC (Allocation Failure) [PSYoungGen: 67904K->1360K(68608K)] 346425K->279881K(752128K), 0.0028119 secs] [Times: user=0.01 sys=0.00, real=0.00 secs] 
2099.859: [GC (Allocation Failure) [PSYoungGen: 67920K->1376K(68608K)] 346441K->279897K(752128K), 0.0026555 secs] [Times: user=0.01 sys=0.00, real=0.01 secs] 
2100.444: [GC (Allocation Failure) [PSYoungGen: 67936K->1565K(68608K)] 346457K->280087K(752128K), 0.0015715 secs] [Times: user=0.01 sys=0.00, real=0.00 secs] 
2100.896: [GC (Allocation Failure) [PSYoungGen: 68125K->1597K(68608K)] 346647K->280119K(752128K), 0.0017430 secs] [Times: user=0.01 sys=0.00, real=0.00 secs] 
2101.352: [GC (Allocation Failure) [PSYoungGen: 68157K->1645K(68608K)] 346679K->280167K(752128K), 0.0016221 secs] [Times: user=0.00 sys=0.00, real=0.00 secs] 
2101.744: [GC (Allocation Failure) [PSYoungGen: 68176K->1597K(68608K)] 346698K->280143K(752128K), 0.0017264 secs] [Times: user=0.01 sys=0.00, real=0.00 secs] 
2102.094: [GC (Allocation Failure) [PSYoungGen: 68157K->1440K(68608K)] 346703K->279985K(752128K), 0.0019309 secs] [Times: user=0.00 sys=0.00, real=0.00 secs] 
2102.441: [GC (Allocation Failure) [PSYoungGen: 68000K->1376K(68608K)] 346545K->279921K(752128K), 0.0017844 secs] [Times: user=0.00 sys=0.00, real=0.01 secs] 
2102.973: [GC (Allocation Failure) [PSYoungGen: 67936K->1376K(68608K)] 346481K->279921K(752128K), 0.0019765 secs] [Times: user=0.01 sys=0.00, real=0.00 secs] 
2103.642: [GC (Allocation Failure) [PSYoungGen: 67936K->1376K(68608K)] 346481K->279921K(752128K), 0.0024378 secs] [Times: user=0.01 sys=0.00, real=0.00 secs] 
2104.225: [GC (Allocation Failure) [PSYoungGen: 67927K->1533K(68608K)] 346473K->280079K(752128K), 0.0015945 secs] [Times: user=0.01 sys=0.00, real=0.00 secs] 
2104.620: [GC (Allocation Failure) [PSYoungGen: 68093K->1565K(68608K)] 346639K->280111K(752128K), 0.0016565 secs] [Times: user=0.01 sys=0.00, real=0.01 secs] 
2105.013: [GC (Allocation Failure) [PSYoungGen: 68125K->1552K(68608K)] 346671K->280097K(752128K), 0.0015800 secs] [Times: user=0.00 sys=0.00, real=0.00 secs] 
2105.402: [GC (Allocation Failure) [PSYoungGen: 68112K->224K(68608K)] 346657K->278777K(752128K), 0.0015888 secs] [Times: user=0.00 sys=0.00, real=0.00 secs] 
2106.243: [GC (Allocation Failure) [PSYoungGen: 66784K->1392K(68608K)] 345337K->279945K(752128K), 0.0019249 secs] [Times: user=0.01 sys=0.00, real=0.00 secs] 
2106.806: [GC (Allocation Failure) [PSYoungGen: 67952K->1376K(68608K)] 346505K->279929K(752128K), 0.0026229 secs] [Times: user=0.01 sys=0.00, real=0.00 secs] 
2107.414: [GC (Allocation Failure) [PSYoungGen: 67936K->1376K(68608K)] 346489K->279929K(752128K), 0.0043772 secs] [Times: user=0.01 sys=0.00, real=0.00 secs] 
2107.916: [GC (Allocation Failure) [PSYoungGen: 67936K->1376K(68608K)] 346489K->279929K(752128K), 0.0029327 secs] [Times: user=0.01 sys=0.00, real=0.00 secs] 
2108.544: [GC (Allocation Failure) [PSYoungGen: 67936K->1565K(68608K)] 346489K->280143K(752128K), 0.0015407 secs] [Times: user=0.00 sys=0.00, real=0.00 secs] 
2108.944: [GC (Allocation Failure) [PSYoungGen: 68125K->1565K(68608K)] 346703K->280143K(752128K), 0.0015360 secs] [Times: user=0.01 sys=0.00, real=0.00 secs] 
2109.338: [GC (Allocation Failure) [PSYoungGen: 68115K->1597K(68608K)] 346692K->280175K(752128K), 0.0016722 secs] [Times: user=0.01 sys=0.00, real=0.00 secs] 
2109.790: [GC (Allocation Failure) [PSYoungGen: 68157K->1984K(68608K)] 346735K->280561K(752128K), 0.0018585 secs] [Times: user=0.00 sys=0.00, real=0.01 secs] 
2110.463: [GC (Allocation Failure) [PSYoungGen: 68544K->1376K(68608K)] 347121K->279953K(752128K), 0.0017883 secs] [Times: user=0.01 sys=0.00, real=0.00 secs] 
2111.186: [GC (Allocation Failure) [PSYoungGen: 67936K->1376K(68608K)] 346513K->279953K(752128K), 0.0026288 secs] [Times: user=0.01 sys=0.00, real=0.00 secs] 
2111.772: [GC (Allocation Failure) [PSYoungGen: 67936K->1344K(68608K)] 346513K->279921K(752128K), 0.0024536 secs] [Times: user=0.01 sys=0.00, real=0.00 secs] 
2112.364: [GC (Allocation Failure) [PSYoungGen: 67904K->1376K(68608K)] 346481K->279953K(752128K), 0.0028469 secs] [Times: user=0.01 sys=0.00, real=0.00 secs] 
2112.857: [GC (Allocation Failure) [PSYoungGen: 67936K->1613K(68608K)] 346513K->280191K(752128K), 0.0016827 secs] [Times: user=0.01 sys=0.00, real=0.00 secs] 
2113.251: [GC (Allocation Failure) [PSYoungGen: 68173K->1581K(68608K)] 346751K->280159K(752128K), 0.0016610 secs] [Times: user=0.01 sys=0.00, real=0.01 secs] 
2113.646: [GC (Allocation Failure) [PSYoungGen: 68141K->1581K(68608K)] 346719K->280183K(752128K), 0.0016358 secs] [Times: user=0.01 sys=0.00, real=0.00 secs] 
2114.109: [GC (Allocation Failure) [PSYoungGen: 68141K->1504K(68608K)] 346743K->280105K(752128K), 0.0018709 secs] [Times: user=0.01 sys=0.00, real=0.00 secs] 
2114.732: [GC (Allocation Failure) [PSYoungGen: 68064K->1408K(68608K)] 346665K->280009K(752128K), 0.0029499 secs] [Times: user=0.01 sys=0.01, real=0.00 secs] 
2115.511: [GC (Allocation Failure) [PSYoungGen: 67968K->1408K(68608K)] 346569K->280009K(752128K), 0.0038373 secs] [Times: user=0.01 sys=0.00, real=0.00 secs] 
2116.304: [GC (Allocation Failure) [PSYoungGen: 67968K->1424K(68608K)] 346569K->280025K(752128K), 0.0031178 secs] [Times: user=0.01 sys=0.00, real=0.00 secs] 
2117.228: [GC (Allocation Failure) [PSYoungGen: 67984K->1485K(68608K)] 346585K->280087K(752128K), 0.0029411 secs] [Times: user=0.01 sys=0.00, real=0.00 secs] 
2117.704: [GC (Allocation Failure) [PSYoungGen: 68045K->1645K(68608K)] 346647K->280247K(752128K), 0.0017108 secs] [Times: user=0.01 sys=0.00, real=0.00 secs] 
2118.157: [GC (Allocation Failure) [PSYoungGen: 68205K->1581K(68608K)] 346807K->280183K(752128K), 0.0017863 secs] [Times: user=0.00 sys=0.00, real=0.00 secs] 
2118.553: [GC (Allocation Failure) [PSYoungGen: 68141K->1616K(68608K)] 346743K->280233K(752128K), 0.0017672 secs] [Times: user=0.01 sys=0.00, real=0.00 secs] 
2119.004: [GC (Allocation Failure) [PSYoungGen: 68176K->1472K(68608K)] 346793K->280089K(752128K), 0.0023058 secs] [Times: user=0.01 sys=0.00, real=0.00 secs] 
2119.670: [GC (Allocation Failure) [PSYoungGen: 68032K->1344K(68608K)] 346649K->279977K(752128K), 0.0025209 secs] [Times: user=0.01 sys=0.00, real=0.01 secs] 
2120.389: [GC (Allocation Failure) [PSYoungGen: 67904K->1376K(68608K)] 346537K->280009K(752128K), 0.0026055 secs] [Times: user=0.01 sys=0.00, real=0.01 secs] 
2121.166: [GC (Allocation Failure) [PSYoungGen: 67936K->1424K(68608K)] 346569K->280057K(752128K), 0.0037614 secs] [Times: user=0.02 sys=0.00, real=0.00 secs] 
2121.986: [GC (Allocation Failure) [PSYoungGen: 67984K->1504K(68608K)] 346617K->280137K(752128K), 0.0021149 secs] [Times: user=0.01 sys=0.00, real=0.00 secs] 
2122.508: [GC (Allocation Failure) [PSYoungGen: 68064K->1584K(68608K)] 346697K->280217K(752128K), 0.0017842 secs] [Times: user=0.01 sys=0.00, real=0.00 secs] 
2122.965: [GC (Allocation Failure) [PSYoungGen: 68144K->1616K(68608K)] 346777K->280249K(752128K), 0.0017998 secs] [Times: user=0.00 sys=0.00, real=0.00 secs] 
2123.419: [GC (Allocation Failure) [PSYoungGen: 68176K->1584K(68608K)] 346809K->280233K(752128K), 0.0017506 secs] [Times: user=0.01 sys=0.00, real=0.00 secs] 
2124.938: [GC (Allocation Failure) [PSYoungGen: 68144K->1504K(68608K)] 346793K->280153K(752128K), 0.0028101 secs] [Times: user=0.01 sys=0.00, real=0.00 secs] 
2125.613: [GC (Allocation Failure) [PSYoungGen: 68064K->1408K(68608K)] 346713K->280057K(752128K), 0.0020854 secs] [Times: user=0.01 sys=0.00, real=0.00 secs] 
2126.322: [GC (Allocation Failure) [PSYoungGen: 67968K->1392K(68608K)] 346617K->280041K(752128K), 0.0019807 secs] [Times: user=0.01 sys=0.00, real=0.00 secs] 
2127.126: [GC (Allocation Failure) [PSYoungGen: 67952K->1360K(68608K)] 346601K->280009K(752128K), 0.0021211 secs] [Times: user=0.01 sys=0.00, real=0.00 secs] 
2128.379: [GC (Allocation Failure) [PSYoungGen: 67920K->1469K(68608K)] 346569K->280119K(752128K), 0.0016589 secs] [Times: user=0.01 sys=0.00, real=0.00 secs] 
2128.772: [GC (Allocation Failure) [PSYoungGen: 68008K->1581K(68608K)] 346658K->280231K(752128K), 0.0015899 secs] [Times: user=0.01 sys=0.00, real=0.00 secs] 
2129.230: [GC (Allocation Failure) [PSYoungGen: 68141K->1581K(68608K)] 346791K->280231K(752128K), 0.0016613 secs] [Times: user=0.01 sys=0.00, real=0.01 secs] 
2129.625: [GC (Allocation Failure) [PSYoungGen: 68141K->1581K(68608K)] 346791K->280247K(752128K), 0.0018525 secs] [Times: user=0.00 sys=0.00, real=0.00 secs] 
2131.599: [GC (Allocation Failure) [PSYoungGen: 68141K->1408K(68608K)] 346807K->280073K(752128K), 0.0025532 secs] [Times: user=0.01 sys=0.00, real=0.01 secs] 
2132.149: [GC (Allocation Failure) [PSYoungGen: 67968K->1408K(68608K)] 346633K->280073K(752128K), 0.0020033 secs] [Times: user=0.01 sys=0.00, real=0.00 secs] 
2132.787: [GC (Allocation Failure) [PSYoungGen: 67968K->1376K(68608K)] 346633K->280049K(752128K), 0.0017648 secs] [Times: user=0.00 sys=0.00, real=0.00 secs] 
2134.001: [GC (Allocation Failure) [PSYoungGen: 67936K->1392K(68608K)] 346609K->280065K(752128K), 0.0029260 secs] [Times: user=0.01 sys=0.00, real=0.00 secs] 
2134.963: [GC (Allocation Failure) [PSYoungGen: 67952K->1552K(68608K)] 346625K->280225K(752128K), 0.0015258 secs] [Times: user=0.01 sys=0.00, real=0.00 secs] 
2135.358: [GC (Allocation Failure) [PSYoungGen: 68112K->1645K(68608K)] 346785K->280319K(752128K), 0.0016923 secs] [Times: user=0.00 sys=0.00, real=0.00 secs] 
2135.753: [GC (Allocation Failure) [PSYoungGen: 68205K->1581K(68608K)] 346879K->280255K(752128K), 0.0017193 secs] [Times: user=0.01 sys=0.00, real=0.00 secs] 
2136.147: [GC (Allocation Failure) [PSYoungGen: 68141K->1616K(68608K)] 346815K->280313K(752128K), 0.0017534 secs] [Times: user=0.01 sys=0.00, real=0.00 secs] 
2136.687: [GC (Allocation Failure) [PSYoungGen: 68176K->1440K(68608K)] 346873K->280137K(752128K), 0.0017488 secs] [Times: user=0.01 sys=0.00, real=0.00 secs] 
2137.174: [GC (Allocation Failure) [PSYoungGen: 68000K->1344K(68608K)] 346697K->280041K(752128K), 0.0018410 secs] [Times: user=0.00 sys=0.00, real=0.00 secs] 
2137.699: [GC (Allocation Failure) [PSYoungGen: 67904K->1376K(68608K)] 346601K->280073K(752128K), 0.0021053 secs] [Times: user=0.01 sys=0.00, real=0.01 secs] 
2138.239: [GC (Allocation Failure) [PSYoungGen: 67936K->1408K(68608K)] 346633K->280105K(752128K), 0.0033866 secs] [Times: user=0.02 sys=0.00, real=0.01 secs] 
2138.799: [GC (Allocation Failure) [PSYoungGen: 67968K->1552K(68608K)] 346665K->280249K(752128K), 0.0015683 secs] [Times: user=0.01 sys=0.00, real=0.00 secs] 
2139.196: [GC (Allocation Failure) [PSYoungGen: 68112K->1581K(68608K)] 346809K->280279K(752128K), 0.0015735 secs] [Times: user=0.01 sys=0.00, real=0.00 secs] 
2139.591: [GC (Allocation Failure) [PSYoungGen: 68141K->1568K(68608K)] 346839K->280265K(752128K), 0.0016350 secs] [Times: user=0.00 sys=0.00, real=0.00 secs] 
2139.984: [GC (Allocation Failure) [PSYoungGen: 68128K->1565K(68608K)] 346825K->280295K(752128K), 0.0016465 secs] [Times: user=0.01 sys=0.00, real=0.00 secs] 
2140.331: [GC (Allocation Failure) [PSYoungGen: 68125K->1408K(68608K)] 346855K->280137K(752128K), 0.0017518 secs] [Times: user=0.01 sys=0.00, real=0.00 secs] 
2140.646: [GC (Allocation Failure) [PSYoungGen: 67968K->1424K(68608K)] 346697K->280153K(752128K), 0.0016603 secs] [Times: user=0.00 sys=0.00, real=0.00 secs] 
2140.923: [GC (Allocation Failure) [PSYoungGen: 67984K->1376K(68608K)] 346713K->280105K(752128K), 0.0017631 secs] [Times: user=0.00 sys=0.00, real=0.00 secs] 
2141.200: [GC (Allocation Failure) [PSYoungGen: 67936K->1408K(68608K)] 346665K->280137K(752128K), 0.0016559 secs] [Times: user=0.00 sys=0.00, real=0.01 secs] 
2141.635: [GC (Allocation Failure) [PSYoungGen: 67968K->1504K(68608K)] 346697K->280233K(752128K), 0.0016079 secs] [Times: user=0.01 sys=0.00, real=0.00 secs] 
2142.028: [GC (Allocation Failure) [PSYoungGen: 68064K->1600K(68608K)] 346793K->280329K(752128K), 0.0016457 secs] [Times: user=0.00 sys=0.00, real=0.00 secs] 
2142.420: [GC (Allocation Failure) [PSYoungGen: 68160K->1629K(68608K)] 346889K->280359K(752128K), 0.0017038 secs] [Times: user=0.01 sys=0.00, real=0.01 secs] 
2142.834: [GC (Allocation Failure) [PSYoungGen: 68189K->2032K(68608K)] 346919K->280761K(752128K), 0.0016360 secs] [Times: user=0.01 sys=0.00, real=0.00 secs] 
2143.353: [GC (Allocation Failure) [PSYoungGen: 68592K->1360K(68608K)] 347321K->280089K(752128K), 0.0017353 secs] [Times: user=0.01 sys=0.00, real=0.00 secs] 
2143.922: [GC (Allocation Failure) [PSYoungGen: 67920K->1376K(68608K)] 346649K->280105K(752128K), 0.0019419 secs] [Times: user=0.01 sys=0.00, real=0.00 secs] 
2144.642: [GC (Allocation Failure) [PSYoungGen: 67936K->1376K(68608K)] 346665K->280105K(752128K), 0.0023432 secs] [Times: user=0.01 sys=0.00, real=0.00 secs] 
2145.251: [GC (Allocation Failure) [PSYoungGen: 67936K->1408K(68608K)] 346665K->280137K(752128K), 0.0031415 secs] [Times: user=0.01 sys=0.00, real=0.00 secs] 
2145.875: [GC (Allocation Failure) [PSYoungGen: 67968K->1581K(68608K)] 346697K->280311K(752128K), 0.0016478 secs] [Times: user=0.01 sys=0.00, real=0.00 secs] 
2146.270: [GC (Allocation Failure) [PSYoungGen: 68120K->1645K(68608K)] 346850K->280375K(752128K), 0.0016393 secs] [Times: user=0.01 sys=0.00, real=0.01 secs] 
2146.727: [GC (Allocation Failure) [PSYoungGen: 68205K->1613K(68608K)] 346935K->280343K(752128K), 0.0017698 secs] [Times: user=0.01 sys=0.00, real=0.00 secs] 
2147.190: [GC (Allocation Failure) [PSYoungGen: 68173K->1488K(68608K)] 346903K->280217K(752128K), 0.0016001 secs] [Times: user=0.01 sys=0.00, real=0.01 secs] 
2147.476: [GC (Allocation Failure) [PSYoungGen: 68048K->1376K(68608K)] 346777K->280105K(752128K), 0.0023206 secs] [Times: user=0.01 sys=0.00, real=0.00 secs] 
2147.764: [GC (Allocation Failure) [PSYoungGen: 67936K->1408K(68608K)] 346665K->280145K(752128K), 0.0018497 secs] [Times: user=0.01 sys=0.00, real=0.00 secs] 
2148.167: [GC (Allocation Failure) [PSYoungGen: 67968K->1376K(68608K)] 346705K->280113K(752128K), 0.0019325 secs] [Times: user=0.01 sys=0.00, real=0.00 secs] 
2148.723: [GC (Allocation Failure) [PSYoungGen: 67821K->240K(68608K)] 346559K->278977K(752128K), 0.0020278 secs] [Times: user=0.01 sys=0.00, real=0.00 secs] 
2149.152: [GC (Allocation Failure) [PSYoungGen: 66782K->1597K(68608K)] 345520K->280335K(752128K), 0.0016479 secs] [Times: user=0.01 sys=0.00, real=0.00 secs] 
2149.545: [GC (Allocation Failure) [PSYoungGen: 68157K->1533K(68608K)] 346895K->280271K(752128K), 0.0016392 secs] [Times: user=0.01 sys=0.00, real=0.00 secs] 
2149.999: [GC (Allocation Failure) [PSYoungGen: 68093K->1613K(68608K)] 346831K->280375K(752128K), 0.0017980 secs] [Times: user=0.00 sys=0.01, real=0.00 secs] 
2150.397: [GC (Allocation Failure) [PSYoungGen: 68173K->1456K(68608K)] 346935K->280217K(752128K), 0.0021573 secs] [Times: user=0.01 sys=0.00, real=0.00 secs] 
2150.690: [GC (Allocation Failure) [PSYoungGen: 68016K->1376K(68608K)] 346777K->280137K(752128K), 0.0030970 secs] [Times: user=0.01 sys=0.00, real=0.01 secs] 
2150.968: [GC (Allocation Failure) [PSYoungGen: 67936K->1376K(68608K)] 346697K->280137K(752128K), 0.0019456 secs] [Times: user=0.01 sys=0.00, real=0.00 secs] 
2151.244: [GC (Allocation Failure) [PSYoungGen: 67936K->1376K(68608K)] 346697K->280137K(752128K), 0.0019294 secs] [Times: user=0.00 sys=0.00, real=0.00 secs] 
2151.562: [GC (Allocation Failure) [PSYoungGen: 67936K->1453K(68608K)] 346697K->280215K(752128K), 0.0016442 secs] [Times: user=0.01 sys=0.00, real=0.00 secs] 
2151.956: [GC (Allocation Failure) [PSYoungGen: 68013K->1613K(68608K)] 346775K->280375K(752128K), 0.0016459 secs] [Times: user=0.00 sys=0.00, real=0.00 secs] 
2152.350: [GC (Allocation Failure) [PSYoungGen: 68173K->1616K(68608K)] 346935K->280377K(752128K), 0.0017906 secs] [Times: user=0.00 sys=0.00, real=0.01 secs] 
2152.742: [GC (Allocation Failure) [PSYoungGen: 68176K->1613K(68608K)] 346937K->280391K(752128K), 0.0015932 secs] [Times: user=0.00 sys=0.00, real=0.00 secs] 
2153.109: [GC (Allocation Failure) [PSYoungGen: 68173K->1520K(68608K)] 346951K->280297K(752128K), 0.0016915 secs] [Times: user=0.01 sys=0.00, real=0.00 secs] 
2153.386: [GC (Allocation Failure) [PSYoungGen: 68080K->1376K(68608K)] 346857K->280153K(752128K), 0.0017255 secs] [Times: user=0.01 sys=0.00, real=0.00 secs] 
2153.662: [GC (Allocation Failure) [PSYoungGen: 67936K->1392K(68608K)] 346713K->280169K(752128K), 0.0016993 secs] [Times: user=0.01 sys=0.00, real=0.00 secs] 
2153.938: [GC (Allocation Failure) [PSYoungGen: 67952K->1376K(68608K)] 346729K->280161K(752128K), 0.0017985 secs] [Times: user=0.01 sys=0.00, real=0.00 secs] 
2154.264: [GC (Allocation Failure) [PSYoungGen: 67936K->1501K(68608K)] 346721K->280287K(752128K), 0.0014799 secs] [Times: user=0.01 sys=0.00, real=0.00 secs] 
2154.657: [GC (Allocation Failure) [PSYoungGen: 68061K->1597K(68608K)] 346847K->280383K(752128K), 0.0016517 secs] [Times: user=0.00 sys=0.00, real=0.00 secs] 
2155.053: [GC (Allocation Failure) [PSYoungGen: 68157K->1565K(68608K)] 346943K->280351K(752128K), 0.0051745 secs] [Times: user=0.03 sys=0.00, real=0.00 secs] 
2155.456: [GC (Allocation Failure) [PSYoungGen: 68125K->1629K(68608K)] 346911K->280423K(752128K), 0.0016026 secs] [Times: user=0.01 sys=0.00, real=0.00 secs] 
2156.235: [GC (Allocation Failure) [PSYoungGen: 68189K->1456K(68608K)] 346983K->280249K(752128K), 0.0022579 secs] [Times: user=0.01 sys=0.00, real=0.00 secs] 
2156.767: [GC (Allocation Failure) [PSYoungGen: 68016K->1344K(68608K)] 346809K->280153K(752128K), 0.0024285 secs] [Times: user=0.01 sys=0.00, real=0.00 secs] 
2157.052: [GC (Allocation Failure) [PSYoungGen: 67904K->1376K(68608K)] 346713K->280185K(752128K), 0.0019390 secs] [Times: user=0.01 sys=0.00, real=0.00 secs] 
2157.345: [GC (Allocation Failure) [PSYoungGen: 67936K->1376K(68608K)] 346745K->280185K(752128K), 0.0019139 secs] [Times: user=0.00 sys=0.00, real=0.00 secs] 
2157.727: [GC (Allocation Failure) [PSYoungGen: 67936K->1469K(68608K)] 346745K->280279K(752128K), 0.0015025 secs] [Times: user=0.00 sys=0.00, real=0.00 secs] 
2158.180: [GC (Allocation Failure) [PSYoungGen: 68015K->1613K(68608K)] 346825K->280423K(752128K), 0.0017394 secs] [Times: user=0.00 sys=0.00, real=0.01 secs] 
2158.631: [GC (Allocation Failure) [PSYoungGen: 68173K->1552K(68608K)] 346983K->280361K(752128K), 0.0017643 secs] [Times: user=0.00 sys=0.00, real=0.01 secs] 
2159.082: [GC (Allocation Failure) [PSYoungGen: 68112K->1581K(68608K)] 346921K->280407K(752128K), 0.0016844 secs] [Times: user=0.01 sys=0.00, real=0.00 secs] 
2159.719: [GC (Allocation Failure) [PSYoungGen: 68141K->1424K(68608K)] 346967K->280249K(752128K), 0.0035562 secs] [Times: user=0.01 sys=0.00, real=0.01 secs] 
2160.275: [GC (Allocation Failure) [PSYoungGen: 67984K->1408K(68608K)] 346809K->280233K(752128K), 0.0026214 secs] [Times: user=0.01 sys=0.00, real=0.00 secs] 
2160.848: [GC (Allocation Failure) [PSYoungGen: 67968K->1408K(68608K)] 346793K->280233K(752128K), 0.0027402 secs] [Times: user=0.01 sys=0.00, real=0.00 secs] 
2161.616: [GC (Allocation Failure) [PSYoungGen: 67968K->1408K(68608K)] 346793K->280233K(752128K), 0.0029714 secs] [Times: user=0.01 sys=0.00, real=0.00 secs] 
2162.343: [GC (Allocation Failure) [PSYoungGen: 67968K->1565K(68608K)] 346793K->280391K(752128K), 0.0016069 secs] [Times: user=0.01 sys=0.00, real=0.00 secs] 
2162.737: [GC (Allocation Failure) [PSYoungGen: 68125K->1565K(68608K)] 346951K->280391K(752128K), 0.0017307 secs] [Times: user=0.00 sys=0.00, real=0.00 secs] 
2163.190: [GC (Allocation Failure) [PSYoungGen: 68125K->1597K(68608K)] 346951K->280423K(752128K), 0.0017431 secs] [Times: user=0.00 sys=0.00, real=0.01 secs] 
2163.647: [GC (Allocation Failure) [PSYoungGen: 68157K->1549K(68608K)] 346983K->280391K(752128K), 0.0017331 secs] [Times: user=0.01 sys=0.00, real=0.00 secs] 
2163.940: [GC (Allocation Failure) [PSYoungGen: 68109K->1440K(68608K)] 346951K->280281K(752128K), 0.0017904 secs] [Times: user=0.01 sys=0.00, real=0.01 secs] 
2164.216: [GC (Allocation Failure) [PSYoungGen: 68000K->1344K(68608K)] 346841K->280185K(752128K), 0.0019336 secs] [Times: user=0.00 sys=0.00, real=0.00 secs] 
2164.608: [GC (Allocation Failure) [PSYoungGen: 67904K->1376K(68608K)] 346745K->280217K(752128K), 0.0030908 secs] [Times: user=0.01 sys=0.00, real=0.00 secs] 
2165.106: [GC (Allocation Failure) [PSYoungGen: 67936K->1408K(68608K)] 346777K->280249K(752128K), 0.0029379 secs] [Times: user=0.01 sys=0.01, real=0.00 secs] 
2165.682: [GC (Allocation Failure) [PSYoungGen: 67968K->1517K(68608K)] 346809K->280359K(752128K), 0.0016522 secs] [Times: user=0.00 sys=0.00, real=0.00 secs] 
2166.134: [GC (Allocation Failure) [PSYoungGen: 68077K->1581K(68608K)] 346919K->280423K(752128K), 0.0017167 secs] [Times: user=0.01 sys=0.00, real=0.00 secs] 
2166.529: [GC (Allocation Failure) [PSYoungGen: 68141K->1536K(68608K)] 346983K->280377K(752128K), 0.0017609 secs] [Times: user=0.01 sys=0.00, real=0.00 secs] 
2166.916: [GC (Allocation Failure) [PSYoungGen: 68096K->1440K(68608K)] 346937K->280281K(752128K), 0.0015329 secs] [Times: user=0.01 sys=0.00, real=0.00 secs] 
2167.326: [GC (Allocation Failure) [PSYoungGen: 68000K->1408K(68608K)] 346841K->280249K(752128K), 0.0019865 secs] [Times: user=0.01 sys=0.00, real=0.00 secs] 
2167.603: [GC (Allocation Failure) [PSYoungGen: 67968K->1312K(68608K)] 346809K->280169K(752128K), 0.0018754 secs] [Times: user=0.00 sys=0.00, real=0.00 secs] 
2167.924: [GC (Allocation Failure) [PSYoungGen: 67872K->1392K(68608K)] 346729K->280257K(752128K), 0.0019299 secs] [Times: user=0.00 sys=0.00, real=0.00 secs] 
2168.232: [GC (Allocation Failure) [PSYoungGen: 67952K->1408K(68608K)] 346817K->280273K(752128K), 0.0018379 secs] [Times: user=0.01 sys=0.00, real=0.00 secs] 
2168.622: [GC (Allocation Failure) [PSYoungGen: 67968K->1565K(68608K)] 346833K->280431K(752128K), 0.0016602 secs] [Times: user=0.00 sys=0.00, real=0.00 secs] 
2169.017: [GC (Allocation Failure) [PSYoungGen: 68125K->1597K(68608K)] 346991K->280463K(752128K), 0.0017131 secs] [Times: user=0.01 sys=0.00, real=0.00 secs] 
2169.413: [GC (Allocation Failure) [PSYoungGen: 68157K->1568K(68608K)] 347023K->280433K(752128K), 0.0016557 secs] [Times: user=0.00 sys=0.01, real=0.00 secs] 
2169.904: [GC (Allocation Failure) [PSYoungGen: 68128K->1504K(68608K)] 346993K->280369K(752128K), 0.0020500 secs] [Times: user=0.00 sys=0.00, real=0.00 secs] 
2170.938: [GC (Allocation Failure) [PSYoungGen: 68064K->1344K(68608K)] 346929K->280209K(752128K), 0.0018516 secs] [Times: user=0.01 sys=0.00, real=0.00 secs] 
2171.893: [GC (Allocation Failure) [PSYoungGen: 67904K->1360K(68608K)] 346769K->280225K(752128K), 0.0021727 secs] [Times: user=0.01 sys=0.00, real=0.00 secs] 
2172.819: [GC (Allocation Failure) [PSYoungGen: 67920K->1376K(68608K)] 346785K->280241K(752128K), 0.0027217 secs] [Times: user=0.02 sys=0.00, real=0.01 secs] 
2173.124: [GC (Allocation Failure) [PSYoungGen: 67936K->1344K(68608K)] 346801K->280209K(752128K), 0.0019551 secs] [Times: user=0.01 sys=0.00, real=0.00 secs] 
2173.579: [GC (Allocation Failure) [PSYoungGen: 67904K->1568K(68608K)] 346769K->280433K(752128K), 0.0017364 secs] [Times: user=0.01 sys=0.00, real=0.00 secs] 
2173.973: [GC (Allocation Failure) [PSYoungGen: 68128K->1597K(68608K)] 346993K->280463K(752128K), 0.0015974 secs] [Times: user=0.01 sys=0.00, real=0.00 secs] 
2174.369: [GC (Allocation Failure) [PSYoungGen: 68157K->1613K(68608K)] 347023K->280487K(752128K), 0.0015916 secs] [Times: user=0.00 sys=0.00, real=0.00 secs] 
2175.274: [GC (Allocation Failure) [PSYoungGen: 68173K->1456K(68608K)] 347047K->280329K(752128K), 0.0026102 secs] [Times: user=0.01 sys=0.00, real=0.00 secs] 
2176.247: [GC (Allocation Failure) [PSYoungGen: 68016K->1376K(68608K)] 346889K->280257K(752128K), 0.0038392 secs] [Times: user=0.02 sys=0.00, real=0.00 secs] 
2177.073: [GC (Allocation Failure) [PSYoungGen: 67936K->1408K(68608K)] 346817K->280289K(752128K), 0.0035060 secs] [Times: user=0.01 sys=0.00, real=0.00 secs] 
2177.823: [GC (Allocation Failure) [PSYoungGen: 67968K->1376K(68608K)] 346849K->280257K(752128K), 0.0036164 secs] [Times: user=0.02 sys=0.00, real=0.00 secs] 
2178.215: [GC (Allocation Failure) [PSYoungGen: 67936K->1437K(68608K)] 346817K->280319K(752128K), 0.0017429 secs] [Times: user=0.00 sys=0.00, real=0.00 secs] 
2178.699: [GC (Allocation Failure) [PSYoungGen: 67997K->1613K(68608K)] 346879K->280495K(752128K), 0.0017721 secs] [Times: user=0.01 sys=0.00, real=0.00 secs] 
2179.154: [GC (Allocation Failure) [PSYoungGen: 68173K->1568K(68608K)] 347055K->280449K(752128K), 0.0016989 secs] [Times: user=0.01 sys=0.00, real=0.00 secs] 
2179.617: [GC (Allocation Failure) [PSYoungGen: 68128K->1616K(68608K)] 347009K->280513K(752128K), 0.0015399 secs] [Times: user=0.00 sys=0.00, real=0.00 secs] 
2180.201: [GC (Allocation Failure) [PSYoungGen: 68176K->1488K(68608K)] 347073K->280409K(752128K), 0.0035430 secs] [Times: user=0.01 sys=0.00, real=0.01 secs] 
2180.863: [GC (Allocation Failure) [PSYoungGen: 68048K->1408K(68608K)] 346969K->280329K(752128K), 0.0037195 secs] [Times: user=0.01 sys=0.00, real=0.00 secs] 
2181.429: [GC (Allocation Failure) [PSYoungGen: 67968K->1408K(68608K)] 346889K->280329K(752128K), 0.0025501 secs] [Times: user=0.01 sys=0.00, real=0.01 secs] 
2181.794: [GC (Allocation Failure) [PSYoungGen: 67968K->1376K(68608K)] 346889K->280297K(752128K), 0.0020068 secs] [Times: user=0.01 sys=0.00, real=0.00 secs] 
2182.182: [GC (Allocation Failure) [PSYoungGen: 67936K->1533K(68608K)] 346857K->280455K(752128K), 0.0014908 secs] [Times: user=0.01 sys=0.00, real=0.00 secs] 
2182.576: [GC (Allocation Failure) [PSYoungGen: 68093K->1565K(68608K)] 347015K->280487K(752128K), 0.0016694 secs] [Times: user=0.00 sys=0.00, real=0.00 secs] 
2182.969: [GC (Allocation Failure) [PSYoungGen: 68125K->1616K(68608K)] 347047K->280537K(752128K), 0.0015512 secs] [Times: user=0.00 sys=0.00, real=0.00 secs] 
2183.361: [GC (Allocation Failure) [PSYoungGen: 68176K->1536K(68608K)] 347097K->280473K(752128K), 0.0016851 secs] [Times: user=0.01 sys=0.01, real=0.01 secs] 
2184.240: [GC (Allocation Failure) [PSYoungGen: 68096K->1488K(68608K)] 347033K->280425K(752128K), 0.0020555 secs] [Times: user=0.00 sys=0.00, real=0.01 secs] 
2185.120: [GC (Allocation Failure) [PSYoungGen: 68048K->1344K(68608K)] 346985K->280281K(752128K), 0.0026022 secs] [Times: user=0.01 sys=0.00, real=0.01 secs] 
2185.829: [GC (Allocation Failure) [PSYoungGen: 67904K->1344K(68608K)] 346841K->280281K(752128K), 0.0047774 secs] [Times: user=0.01 sys=0.00, real=0.01 secs] 
2186.615: [GC (Allocation Failure) [PSYoungGen: 67904K->1408K(68608K)] 346841K->280345K(752128K), 0.0025950 secs] [Times: user=0.01 sys=0.00, real=0.00 secs] 
2187.407: [GC (Allocation Failure) [PSYoungGen: 67968K->1549K(68608K)] 346905K->280487K(752128K), 0.0015730 secs] [Times: user=0.01 sys=0.00, real=0.00 secs] 
2187.801: [GC (Allocation Failure) [PSYoungGen: 68109K->1613K(68608K)] 347047K->280551K(752128K), 0.0015587 secs] [Times: user=0.00 sys=0.00, real=0.01 secs] 
2188.248: [GC (Allocation Failure) [PSYoungGen: 68173K->1549K(68608K)] 347111K->280487K(752128K), 0.0017329 secs] [Times: user=0.01 sys=0.00, real=0.00 secs] 
2188.640: [GC (Allocation Failure) [PSYoungGen: 68109K->1565K(68608K)] 347047K->280519K(752128K), 0.0017233 secs] [Times: user=0.01 sys=0.00, real=0.01 secs] 
2189.283: [GC (Allocation Failure) [PSYoungGen: 68125K->1440K(68608K)] 347079K->280401K(752128K), 0.0020170 secs] [Times: user=0.01 sys=0.00, real=0.00 secs] 
2189.973: [GC (Allocation Failure) [PSYoungGen: 68000K->1392K(68608K)] 346961K->280353K(752128K), 0.0021522 secs] [Times: user=0.01 sys=0.00, real=0.00 secs] 
2190.799: [GC (Allocation Failure) [PSYoungGen: 67952K->1376K(68608K)] 346913K->280337K(752128K), 0.0031839 secs] [Times: user=0.01 sys=0.00, real=0.01 secs] 
2191.556: [GC (Allocation Failure) [PSYoungGen: 67936K->1376K(68608K)] 346897K->280337K(752128K), 0.0019708 secs] [Times: user=0.00 sys=0.00, real=0.00 secs] 
2191.950: [GC (Allocation Failure) [PSYoungGen: 67936K->1517K(68608K)] 346897K->280479K(752128K), 0.0016841 secs] [Times: user=0.00 sys=0.00, real=0.01 secs] 
2192.407: [GC (Allocation Failure) [PSYoungGen: 68077K->1597K(68608K)] 347039K->280559K(752128K), 0.0017628 secs] [Times: user=0.00 sys=0.00, real=0.00 secs] 
2192.865: [GC (Allocation Failure) [PSYoungGen: 68157K->1565K(68608K)] 347119K->280527K(752128K), 0.0017600 secs] [Times: user=0.00 sys=0.00, real=0.00 secs] 
2193.257: [GC (Allocation Failure) [PSYoungGen: 68125K->1597K(68608K)] 347087K->280575K(752128K), 0.0016254 secs] [Times: user=0.01 sys=0.00, real=0.00 secs] 
2193.579: [GC (Allocation Failure) [PSYoungGen: 68157K->1376K(68608K)] 347135K->280353K(752128K), 0.0025102 secs] [Times: user=0.01 sys=0.00, real=0.01 secs] 
2193.853: [GC (Allocation Failure) [PSYoungGen: 67936K->1376K(68608K)] 346913K->280353K(752128K), 0.0019334 secs] [Times: user=0.01 sys=0.00, real=0.00 secs] 
2194.130: [GC (Allocation Failure) [PSYoungGen: 67936K->1408K(68608K)] 346913K->280385K(752128K), 0.0018854 secs] [Times: user=0.00 sys=0.00, real=0.01 secs] 
2194.406: [GC (Allocation Failure) [PSYoungGen: 67968K->1424K(68608K)] 346945K->280401K(752128K), 0.0019261 secs] [Times: user=0.01 sys=0.00, real=0.00 secs] 
2194.774: [GC (Allocation Failure) [PSYoungGen: 67984K->1581K(68608K)] 346961K->280559K(752128K), 0.0016628 secs] [Times: user=0.01 sys=0.00, real=0.00 secs] 
2195.168: [GC (Allocation Failure) [PSYoungGen: 68141K->1549K(68608K)] 347119K->280527K(752128K), 0.0015652 secs] [Times: user=0.00 sys=0.00, real=0.00 secs] 
2195.562: [GC (Allocation Failure) [PSYoungGen: 68109K->1613K(68608K)] 347087K->280591K(752128K), 0.0016070 secs] [Times: user=0.01 sys=0.00, real=0.00 secs] 
2195.956: [GC (Allocation Failure) [PSYoungGen: 68173K->1536K(68608K)] 347151K->280529K(752128K), 0.0016076 secs] [Times: user=0.00 sys=0.00, real=0.00 secs] 
2196.250: [GC (Allocation Failure) [PSYoungGen: 68096K->1408K(68608K)] 347089K->280401K(752128K), 0.0015993 secs] [Times: user=0.01 sys=0.00, real=0.01 secs] 
2196.525: [GC (Allocation Failure) [PSYoungGen: 67968K->1360K(68608K)] 346961K->280353K(752128K), 0.0015303 secs] [Times: user=0.01 sys=0.00, real=0.00 secs] 
2196.801: [GC (Allocation Failure) [PSYoungGen: 67920K->1424K(68608K)] 346913K->280425K(752128K), 0.0014442 secs] [Times: user=0.01 sys=0.00, real=0.01 secs] 
2197.077: [GC (Allocation Failure) [PSYoungGen: 67984K->1408K(68608K)] 346985K->280417K(752128K), 0.0019166 secs] [Times: user=0.00 sys=0.00, real=0.00 secs] 
2197.485: [GC (Allocation Failure) [PSYoungGen: 67968K->1549K(68608K)] 346977K->280559K(752128K), 0.0016545 secs] [Times: user=0.01 sys=0.00, real=0.00 secs] 
2197.875: [GC (Allocation Failure) [PSYoungGen: 68109K->1616K(68608K)] 347119K->280625K(752128K), 0.0017537 secs] [Times: user=0.01 sys=0.00, real=0.00 secs] 
2198.264: [GC (Allocation Failure) [PSYoungGen: 68176K->1549K(68608K)] 347185K->280559K(752128K), 0.0016228 secs] [Times: user=0.00 sys=0.00, real=0.00 secs] 
2198.940: [GC (Allocation Failure) [PSYoungGen: 68109K->2016K(68608K)] 347119K->281033K(752128K), 0.0024682 secs] [Times: user=0.01 sys=0.00, real=0.01 secs] 
2199.906: [GC (Allocation Failure) [PSYoungGen: 68576K->1344K(68608K)] 347593K->280361K(752128K), 0.0025971 secs] [Times: user=0.01 sys=0.01, real=0.00 secs] 
2200.507: [GC (Allocation Failure) [PSYoungGen: 67904K->1376K(68608K)] 346921K->280393K(752128K), 0.0021869 secs] [Times: user=0.01 sys=0.00, real=0.00 secs] 
2200.844: [GC (Allocation Failure) [PSYoungGen: 67936K->1344K(68608K)] 346953K->280361K(752128K), 0.0018648 secs] [Times: user=0.01 sys=0.00, real=0.00 secs] 
2201.120: [GC (Allocation Failure) [PSYoungGen: 67904K->1408K(68608K)] 346921K->280425K(752128K), 0.0019935 secs] [Times: user=0.00 sys=0.00, real=0.01 secs] 
2201.584: [GC (Allocation Failure) [PSYoungGen: 67968K->1597K(68608K)] 346985K->280615K(752128K), 0.0016277 secs] [Times: user=0.01 sys=0.00, real=0.00 secs] 
2201.975: [GC (Allocation Failure) [PSYoungGen: 68157K->1533K(68608K)] 347175K->280551K(752128K), 0.0017182 secs] [Times: user=0.00 sys=0.00, real=0.00 secs] 
2202.368: [GC (Allocation Failure) [PSYoungGen: 68093K->1597K(68608K)] 347111K->280615K(752128K), 0.0015874 secs] [Times: user=0.01 sys=0.00, real=0.00 secs] 
2202.855: [GC (Allocation Failure) [PSYoungGen: 68157K->1488K(68608K)] 347175K->280505K(752128K), 0.0020509 secs] [Times: user=0.01 sys=0.00, real=0.00 secs] 
2203.132: [GC (Allocation Failure) [PSYoungGen: 68048K->1344K(68608K)] 347065K->280361K(752128K), 0.0019116 secs] [Times: user=0.01 sys=0.00, real=0.00 secs] 
2203.432: [GC (Allocation Failure) [PSYoungGen: 67904K->1408K(68608K)] 346921K->280425K(752128K), 0.0019614 secs] [Times: user=0.01 sys=0.00, real=0.00 secs] 
2203.757: [GC (Allocation Failure) [PSYoungGen: 67968K->1376K(68608K)] 346985K->280393K(752128K), 0.0019901 secs] [Times: user=0.01 sys=0.00, real=0.00 secs] 
2204.114: [GC (Allocation Failure) [PSYoungGen: 67936K->1501K(68608K)] 346953K->280519K(752128K), 0.0020435 secs] [Times: user=0.01 sys=0.00, real=0.00 secs] 
2204.601: [GC (Allocation Failure) [PSYoungGen: 68061K->1581K(68608K)] 347079K->280599K(752128K), 0.0016152 secs] [Times: user=0.01 sys=0.00, real=0.00 secs] 
2204.995: [GC (Allocation Failure) [PSYoungGen: 68141K->1536K(68608K)] 347159K->280553K(752128K), 0.0016924 secs] [Times: user=0.01 sys=0.00, real=0.00 secs] 
2205.440: [GC (Allocation Failure) [PSYoungGen: 68096K->1613K(68608K)] 347113K->280647K(752128K), 0.0015643 secs] [Times: user=0.00 sys=0.00, real=0.01 secs] 
2206.012: [GC (Allocation Failure) [PSYoungGen: 68173K->1488K(68608K)] 347207K->280521K(752128K), 0.0030618 secs] [Times: user=0.01 sys=0.00, real=0.00 secs] 
2206.293: [GC (Allocation Failure) [PSYoungGen: 68048K->1408K(68608K)] 347081K->280441K(752128K), 0.0019279 secs] [Times: user=0.01 sys=0.00, real=0.00 secs] 
2206.570: [GC (Allocation Failure) [PSYoungGen: 67968K->1408K(68608K)] 347001K->280441K(752128K), 0.0017916 secs] [Times: user=0.01 sys=0.00, real=0.01 secs] 
2206.846: [GC (Allocation Failure) [PSYoungGen: 67968K->1376K(68608K)] 347001K->280425K(752128K), 0.0018884 secs] [Times: user=0.00 sys=0.00, real=0.00 secs] 
2207.215: [GC (Allocation Failure) [PSYoungGen: 67936K->1437K(68608K)] 346985K->280487K(752128K), 0.0014845 secs] [Times: user=0.01 sys=0.00, real=0.00 secs] 
2207.606: [GC (Allocation Failure) [PSYoungGen: 67997K->1597K(68608K)] 347047K->280647K(752128K), 0.0016294 secs] [Times: user=0.01 sys=0.00, real=0.00 secs] 
2207.996: [GC (Allocation Failure) [PSYoungGen: 68157K->1616K(68608K)] 347207K->280665K(752128K), 0.0017342 secs] [Times: user=0.01 sys=0.00, real=0.00 secs] 
2208.387: [GC (Allocation Failure) [PSYoungGen: 68174K->1581K(68608K)] 347224K->280647K(752128K), 0.0015632 secs] [Times: user=0.01 sys=0.00, real=0.00 secs] 
2208.887: [GC (Allocation Failure) [PSYoungGen: 68141K->1488K(68608K)] 347207K->280553K(752128K), 0.0016557 secs] [Times: user=0.01 sys=0.00, real=0.00 secs] 
2209.486: [GC (Allocation Failure) [PSYoungGen: 68048K->1376K(68608K)] 347113K->280441K(752128K), 0.0036212 secs] [Times: user=0.01 sys=0.00, real=0.00 secs] 
2209.964: [GC (Allocation Failure) [PSYoungGen: 67936K->1408K(68608K)] 347001K->280473K(752128K), 0.0028881 secs] [Times: user=0.01 sys=0.00, real=0.00 secs] 
2210.494: [GC (Allocation Failure) [PSYoungGen: 67968K->1344K(68608K)] 347033K->280409K(752128K), 0.0025730 secs] [Times: user=0.01 sys=0.00, real=0.00 secs] 
2211.075: [GC (Allocation Failure) [PSYoungGen: 67904K->1437K(68608K)] 346969K->280503K(752128K), 0.0015925 secs] [Times: user=0.01 sys=0.00, real=0.00 secs] 
2211.466: [GC (Allocation Failure) [PSYoungGen: 67997K->1536K(68608K)] 347063K->280601K(752128K), 0.0015923 secs] [Times: user=0.00 sys=0.00, real=0.00 secs] 
2211.854: [GC (Allocation Failure) [PSYoungGen: 68096K->1536K(68608K)] 347161K->280601K(752128K), 0.0016372 secs] [Times: user=0.00 sys=0.00, real=0.00 secs] 
2212.245: [GC (Allocation Failure) [PSYoungGen: 68096K->1552K(68608K)] 347161K->280641K(752128K), 0.0015743 secs] [Times: user=0.01 sys=0.01, real=0.00 secs] 
2212.840: [GC (Allocation Failure) [PSYoungGen: 68112K->1456K(68608K)] 347201K->280545K(752128K), 0.0017930 secs] [Times: user=0.01 sys=0.00, real=0.01 secs] 
2213.524: [GC (Allocation Failure) [PSYoungGen: 68016K->1376K(68608K)] 347105K->280465K(752128K), 0.0036100 secs] [Times: user=0.02 sys=0.00, real=0.00 secs] 
2214.185: [GC (Allocation Failure) [PSYoungGen: 67936K->1424K(68608K)] 347025K->280513K(752128K), 0.0027869 secs] [Times: user=0.01 sys=0.00, real=0.00 secs] 
2215.020: [GC (Allocation Failure) [PSYoungGen: 67984K->1408K(68608K)] 347073K->280497K(752128K), 0.0027543 secs] [Times: user=0.01 sys=0.00, real=0.01 secs] 
2215.988: [GC (Allocation Failure) [PSYoungGen: 67968K->1469K(68608K)] 347057K->280559K(752128K), 0.0016519 secs] [Times: user=0.01 sys=0.00, real=0.00 secs] 
2216.378: [GC (Allocation Failure) [PSYoungGen: 68013K->1629K(68608K)] 347103K->280719K(752128K), 0.0016506 secs] [Times: user=0.01 sys=0.00, real=0.00 secs] 
2216.843: [GC (Allocation Failure) [PSYoungGen: 68189K->1581K(68608K)] 347279K->280671K(752128K), 0.0017466 secs] [Times: user=0.00 sys=0.00, real=0.00 secs] 
2217.235: [GC (Allocation Failure) [PSYoungGen: 68141K->1549K(68608K)] 347231K->280655K(752128K), 0.0017427 secs] [Times: user=0.01 sys=0.00, real=0.00 secs] 
2217.620: [GC (Allocation Failure) [PSYoungGen: 68109K->1440K(68608K)] 347215K->280545K(752128K), 0.0029063 secs] [Times: user=0.01 sys=0.00, real=0.01 secs] 
2217.988: [GC (Allocation Failure) [PSYoungGen: 68000K->1344K(68608K)] 347105K->280449K(752128K), 0.0023344 secs] [Times: user=0.00 sys=0.00, real=0.00 secs] 
2218.445: [GC (Allocation Failure) [PSYoungGen: 67904K->1408K(68608K)] 347009K->280513K(752128K), 0.0020203 secs] [Times: user=0.00 sys=0.00, real=0.00 secs] 
2218.904: [GC (Allocation Failure) [PSYoungGen: 67968K->1344K(68608K)] 347073K->280465K(752128K), 0.0019636 secs] [Times: user=0.01 sys=0.00, real=0.00 secs] 
2219.510: [GC (Allocation Failure) [PSYoungGen: 67904K->1488K(68608K)] 347025K->280609K(752128K), 0.0015235 secs] [Times: user=0.00 sys=0.00, real=0.01 secs] 
2219.902: [GC (Allocation Failure) [PSYoungGen: 68048K->1581K(68608K)] 347169K->280703K(752128K), 0.0017093 secs] [Times: user=0.00 sys=0.00, real=0.00 secs] 
2220.293: [GC (Allocation Failure) [PSYoungGen: 68141K->1597K(68608K)] 347263K->280719K(752128K), 0.0017196 secs] [Times: user=0.00 sys=0.00, real=0.00 secs] 
2220.747: [GC (Allocation Failure) [PSYoungGen: 68157K->1533K(68608K)] 347279K->280671K(752128K), 0.0017329 secs] [Times: user=0.00 sys=0.00, real=0.00 secs] 
2221.753: [GC (Allocation Failure) [PSYoungGen: 68093K->1440K(68608K)] 347231K->280577K(752128K), 0.0035573 secs] [Times: user=0.02 sys=0.01, real=0.00 secs] 
2222.313: [GC (Allocation Failure) [PSYoungGen: 68000K->1408K(68608K)] 347137K->280545K(752128K), 0.0026474 secs] [Times: user=0.01 sys=0.00, real=0.00 secs] 
2222.927: [GC (Allocation Failure) [PSYoungGen: 67968K->1408K(68608K)] 347105K->280545K(752128K), 0.0033586 secs] [Times: user=0.01 sys=0.00, real=0.00 secs] 
2223.420: [GC (Allocation Failure) [PSYoungGen: 67968K->1344K(68608K)] 347105K->280481K(752128K), 0.0022630 secs] [Times: user=0.01 sys=0.00, real=0.01 secs] 
2223.984: [GC (Allocation Failure) [PSYoungGen: 67904K->1581K(68608K)] 347041K->280719K(752128K), 0.0016352 secs] [Times: user=0.00 sys=0.01, real=0.00 secs] 
2224.375: [GC (Allocation Failure) [PSYoungGen: 68141K->1613K(68608K)] 347279K->280751K(752128K), 0.0016603 secs] [Times: user=0.01 sys=0.00, real=0.00 secs] 
2224.768: [GC (Allocation Failure) [PSYoungGen: 68173K->1565K(68608K)] 347311K->280703K(752128K), 0.0016869 secs] [Times: user=0.00 sys=0.01, real=0.00 secs] 
2225.929: [GC (Allocation Failure) [PSYoungGen: 68125K->1696K(68608K)] 347263K->280849K(752128K), 0.0028117 secs] [Times: user=0.01 sys=0.00, real=0.01 secs] 
2227.044: [GC (Allocation Failure) [PSYoungGen: 68256K->1360K(68608K)] 347409K->280513K(752128K), 0.0019618 secs] [Times: user=0.01 sys=0.00, real=0.00 secs] 
2227.484: [GC (Allocation Failure) [PSYoungGen: 67920K->1344K(68608K)] 347073K->280497K(752128K), 0.0019426 secs] [Times: user=0.01 sys=0.00, real=0.00 secs] 
2227.856: [GC (Allocation Failure) [PSYoungGen: 67904K->1376K(68608K)] 347057K->280529K(752128K), 0.0019672 secs] [Times: user=0.01 sys=0.00, real=0.00 secs] 
2228.472: [GC (Allocation Failure) [PSYoungGen: 67936K->1344K(68608K)] 347089K->280497K(752128K), 0.0026635 secs] [Times: user=0.01 sys=0.00, real=0.00 secs] 
2228.971: [GC (Allocation Failure) [PSYoungGen: 67904K->1568K(68608K)] 347057K->280721K(752128K), 0.0016672 secs] [Times: user=0.00 sys=0.00, real=0.01 secs] 
2229.364: [GC (Allocation Failure) [PSYoungGen: 68128K->1613K(68608K)] 347281K->280767K(752128K), 0.0017072 secs] [Times: user=0.01 sys=0.00, real=0.00 secs] 
2229.762: [GC (Allocation Failure) [PSYoungGen: 68173K->1597K(68608K)] 347327K->280751K(752128K), 0.0015682 secs] [Times: user=0.01 sys=0.00, real=0.00 secs] 
2230.168: [GC (Allocation Failure) [PSYoungGen: 68157K->1488K(68608K)] 347311K->280657K(752128K), 0.0016573 secs] [Times: user=0.01 sys=0.00, real=0.00 secs] 
2230.529: [GC (Allocation Failure) [PSYoungGen: 68048K->1408K(68608K)] 347217K->280577K(752128K), 0.0018007 secs] [Times: user=0.01 sys=0.00, real=0.00 secs] 
2230.805: [GC (Allocation Failure) [PSYoungGen: 67968K->1408K(68608K)] 347137K->280577K(752128K), 0.0017490 secs] [Times: user=0.01 sys=0.00, real=0.00 secs] 
2231.157: [GC (Allocation Failure) [PSYoungGen: 67968K->1376K(68608K)] 347137K->280545K(752128K), 0.0019141 secs] [Times: user=0.01 sys=0.00, real=0.00 secs] 
2231.575: [GC (Allocation Failure) [PSYoungGen: 67936K->1408K(68608K)] 347105K->280577K(752128K), 0.0020443 secs] [Times: user=0.01 sys=0.00, real=0.00 secs] 
2232.089: [GC (Allocation Failure) [PSYoungGen: 67968K->1584K(68608K)] 347137K->280753K(752128K), 0.0015965 secs] [Times: user=0.00 sys=0.00, real=0.00 secs] 
2232.479: [GC (Allocation Failure) [PSYoungGen: 68144K->1600K(68608K)] 347313K->280769K(752128K), 0.0017630 secs] [Times: user=0.00 sys=0.00, real=0.00 secs] 
2232.929: [GC (Allocation Failure) [PSYoungGen: 68160K->1613K(68608K)] 347329K->280799K(752128K), 0.0017666 secs] [Times: user=0.01 sys=0.00, real=0.00 secs] 
2233.413: [GC (Allocation Failure) [PSYoungGen: 68173K->1472K(68608K)] 347359K->280657K(752128K), 0.0022900 secs] [Times: user=0.00 sys=0.00, real=0.00 secs] 
2233.956: [GC (Allocation Failure) [PSYoungGen: 68032K->1376K(68608K)] 347217K->280561K(752128K), 0.0021202 secs] [Times: user=0.01 sys=0.00, real=0.00 secs] 
2234.709: [GC (Allocation Failure) [PSYoungGen: 67936K->1408K(68608K)] 347121K->280593K(752128K), 0.0027556 secs] [Times: user=0.01 sys=0.00, real=0.01 secs] 
2235.306: [GC (Allocation Failure) [PSYoungGen: 67968K->1376K(68608K)] 347153K->280561K(752128K), 0.0025002 secs] [Times: user=0.01 sys=0.00, real=0.00 secs] 
2235.950: [GC (Allocation Failure) [PSYoungGen: 67936K->1437K(68608K)] 347121K->280623K(752128K), 0.0021049 secs] [Times: user=0.01 sys=0.00, real=0.01 secs] 
2236.370: [GC (Allocation Failure) [PSYoungGen: 67997K->1552K(68608K)] 347183K->280737K(752128K), 0.0017312 secs] [Times: user=0.01 sys=0.00, real=0.01 secs] 
2236.824: [GC (Allocation Failure) [PSYoungGen: 68112K->1613K(68608K)] 347297K->280799K(752128K), 0.0017845 secs] [Times: user=0.00 sys=0.01, real=0.00 secs] 
2237.224: [GC (Allocation Failure) [PSYoungGen: 68173K->1584K(68608K)] 347359K->280785K(752128K), 0.0015879 secs] [Times: user=0.01 sys=0.00, real=0.00 secs] 
2237.681: [GC (Allocation Failure) [PSYoungGen: 68144K->1488K(68608K)] 347345K->280689K(752128K), 0.0024871 secs] [Times: user=0.01 sys=0.00, real=0.00 secs] 
2237.976: [GC (Allocation Failure) [PSYoungGen: 68048K->1376K(68608K)] 347249K->280577K(752128K), 0.0018322 secs] [Times: user=0.00 sys=0.00, real=0.00 secs] 
2238.293: [GC (Allocation Failure) [PSYoungGen: 67936K->1376K(68608K)] 347137K->280593K(752128K), 0.0018433 secs] [Times: user=0.01 sys=0.00, real=0.00 secs] 
2238.569: [GC (Allocation Failure) [PSYoungGen: 67936K->1344K(68608K)] 347153K->280561K(752128K), 0.0018400 secs] [Times: user=0.01 sys=0.00, real=0.00 secs] 
2238.945: [GC (Allocation Failure) [PSYoungGen: 67904K->1472K(68608K)] 347121K->280689K(752128K), 0.0021693 secs] [Times: user=0.01 sys=0.00, real=0.00 secs] 
2239.394: [GC (Allocation Failure) [PSYoungGen: 68032K->1568K(68608K)] 347249K->280785K(752128K), 0.0016942 secs] [Times: user=0.01 sys=0.00, real=0.00 secs] 
2239.787: [GC (Allocation Failure) [PSYoungGen: 68128K->1613K(68608K)] 347345K->280831K(752128K), 0.0017965 secs] [Times: user=0.00 sys=0.00, real=0.00 secs] 
2240.178: [GC (Allocation Failure) [PSYoungGen: 68173K->1613K(68608K)] 347391K->280847K(752128K), 0.0017857 secs] [Times: user=0.00 sys=0.00, real=0.00 secs] 
2240.638: [GC (Allocation Failure) [PSYoungGen: 68173K->1456K(68608K)] 347407K->280689K(752128K), 0.0029453 secs] [Times: user=0.01 sys=0.00, real=0.00 secs] 
2240.936: [GC (Allocation Failure) [PSYoungGen: 68016K->1408K(68608K)] 347249K->280641K(752128K), 0.0018652 secs] [Times: user=0.00 sys=0.00, real=0.00 secs] 
2241.212: [GC (Allocation Failure) [PSYoungGen: 67968K->1360K(68608K)] 347201K->280593K(752128K), 0.0017967 secs] [Times: user=0.01 sys=0.00, real=0.00 secs] 
2241.488: [GC (Allocation Failure) [PSYoungGen: 67920K->1376K(68608K)] 347153K->280609K(752128K), 0.0018666 secs] [Times: user=0.01 sys=0.00, real=0.00 secs] 
2241.875: [GC (Allocation Failure) [PSYoungGen: 67936K->1501K(68608K)] 347169K->280735K(752128K), 0.0016682 secs] [Times: user=0.01 sys=0.00, real=0.00 secs] 
2242.328: [GC (Allocation Failure) [PSYoungGen: 68061K->1568K(68608K)] 347295K->280801K(752128K), 0.0017972 secs] [Times: user=0.00 sys=0.00, real=0.00 secs] 
2242.717: [GC (Allocation Failure) [PSYoungGen: 68128K->1549K(68608K)] 347361K->280783K(752128K), 0.0017584 secs] [Times: user=0.01 sys=0.00, real=0.00 secs] 
2243.108: [GC (Allocation Failure) [PSYoungGen: 68109K->1616K(68608K)] 347343K->280865K(752128K), 0.0018299 secs] [Times: user=0.01 sys=0.00, real=0.00 secs] 
2244.360: [GC (Allocation Failure) [PSYoungGen: 68176K->1472K(68608K)] 347425K->280721K(752128K), 0.0033434 secs] [Times: user=0.01 sys=0.00, real=0.01 secs] 
2245.409: [GC (Allocation Failure) [PSYoungGen: 68032K->1376K(68608K)] 347281K->280625K(752128K), 0.0036277 secs] [Times: user=0.01 sys=0.00, real=0.01 secs] 
2246.205: [GC (Allocation Failure) [PSYoungGen: 67936K->1392K(68608K)] 347185K->280641K(752128K), 0.0032641 secs] [Times: user=0.02 sys=0.00, real=0.00 secs] 
2247.172: [GC (Allocation Failure) [PSYoungGen: 67952K->1408K(68608K)] 347201K->280657K(752128K), 0.0039054 secs] [Times: user=0.02 sys=0.00, real=0.00 secs] 
2247.879: [GC (Allocation Failure) [PSYoungGen: 67968K->1501K(68608K)] 347217K->280751K(752128K), 0.0016974 secs] [Times: user=0.01 sys=0.00, real=0.00 secs] 
2248.324: [GC (Allocation Failure) [PSYoungGen: 68061K->1613K(68608K)] 347311K->280863K(752128K), 0.0017669 secs] [Times: user=0.00 sys=0.00, real=0.00 secs] 
2248.715: [GC (Allocation Failure) [PSYoungGen: 68173K->1597K(68608K)] 347423K->280847K(752128K), 0.0017511 secs] [Times: user=0.01 sys=0.00, real=0.00 secs] 
2249.103: [GC (Allocation Failure) [PSYoungGen: 68157K->1613K(68608K)] 347407K->280879K(752128K), 0.0017758 secs] [Times: user=0.00 sys=0.00, real=0.00 secs] 
2249.499: [GC (Allocation Failure) [PSYoungGen: 68173K->1408K(68608K)] 347439K->280689K(752128K), 0.0022787 secs] [Times: user=0.01 sys=0.01, real=0.00 secs] 
2249.777: [GC (Allocation Failure) [PSYoungGen: 67968K->1408K(68608K)] 347249K->280689K(752128K), 0.0019195 secs] [Times: user=0.01 sys=0.00, real=0.00 secs] 
2250.054: [GC (Allocation Failure) [PSYoungGen: 67968K->1408K(68608K)] 347249K->280689K(752128K), 0.0018982 secs] [Times: user=0.01 sys=0.00, real=0.00 secs] 
2250.330: [GC (Allocation Failure) [PSYoungGen: 67968K->1344K(68608K)] 347249K->280625K(752128K), 0.0019035 secs] [Times: user=0.01 sys=0.00, real=0.01 secs] 
2250.722: [GC (Allocation Failure) [PSYoungGen: 67904K->1469K(68608K)] 347185K->280751K(752128K), 0.0015998 secs] [Times: user=0.00 sys=0.00, real=0.00 secs] 
2251.112: [GC (Allocation Failure) [PSYoungGen: 68029K->1613K(68608K)] 347311K->280895K(752128K), 0.0016703 secs] [Times: user=0.01 sys=0.00, real=0.00 secs] 
2251.501: [GC (Allocation Failure) [PSYoungGen: 68173K->1565K(68608K)] 347455K->280847K(752128K), 0.0016519 secs] [Times: user=0.01 sys=0.00, real=0.00 secs] 
2251.892: [GC (Allocation Failure) [PSYoungGen: 68014K->288K(68608K)] 347296K->279577K(752128K), 0.0015228 secs] [Times: user=0.01 sys=0.01, real=0.00 secs] 
2252.221: [GC (Allocation Failure) [PSYoungGen: 66848K->1408K(68608K)] 346137K->280697K(752128K), 0.0017998 secs] [Times: user=0.01 sys=0.00, real=0.01 secs] 
2252.497: [GC (Allocation Failure) [PSYoungGen: 67968K->1376K(68608K)] 347257K->280665K(752128K), 0.0017572 secs] [Times: user=0.00 sys=0.00, real=0.00 secs] 
2252.774: [GC (Allocation Failure) [PSYoungGen: 67936K->1344K(68608K)] 347225K->280633K(752128K), 0.0017974 secs] [Times: user=0.01 sys=0.00, real=0.00 secs] 
2253.050: [GC (Allocation Failure) [PSYoungGen: 67904K->1376K(68608K)] 347193K->280665K(752128K), 0.0017093 secs] [Times: user=0.01 sys=0.00, real=0.01 secs] 
2253.441: [GC (Allocation Failure) [PSYoungGen: 67936K->1517K(68608K)] 347225K->280807K(752128K), 0.0015376 secs] [Times: user=0.01 sys=0.00, real=0.01 secs] 
2253.831: [GC (Allocation Failure) [PSYoungGen: 68077K->1616K(68608K)] 347367K->280905K(752128K), 0.0016535 secs] [Times: user=0.00 sys=0.00, real=0.01 secs] 
2254.226: [GC (Allocation Failure) [PSYoungGen: 68176K->1581K(68608K)] 347465K->280871K(752128K), 0.0015840 secs] [Times: user=0.01 sys=0.00, real=0.00 secs] 
2254.701: [GC (Allocation Failure) [PSYoungGen: 68141K->2032K(68608K)] 347431K->281321K(752128K), 0.0018371 secs] [Times: user=0.00 sys=0.00, real=0.01 secs] 
2254.981: [GC (Allocation Failure) [PSYoungGen: 68592K->1376K(68608K)] 347881K->280665K(752128K), 0.0019031 secs] [Times: user=0.01 sys=0.00, real=0.01 secs] 
2255.415: [GC (Allocation Failure) [PSYoungGen: 67936K->1376K(68608K)] 347225K->280665K(752128K), 0.0017667 secs] [Times: user=0.01 sys=0.00, real=0.00 secs] 
2255.960: [GC (Allocation Failure) [PSYoungGen: 67936K->1376K(68608K)] 347225K->280665K(752128K), 0.0020167 secs] [Times: user=0.01 sys=0.00, real=0.01 secs] 
2256.489: [GC (Allocation Failure) [PSYoungGen: 67936K->1376K(68608K)] 347225K->280665K(752128K), 0.0019520 secs] [Times: user=0.01 sys=0.00, real=0.00 secs] 
2256.931: [GC (Allocation Failure) [PSYoungGen: 67936K->1616K(68608K)] 347225K->280929K(752128K), 0.0016347 secs] [Times: user=0.00 sys=0.00, real=0.01 secs] 
2257.322: [GC (Allocation Failure) [PSYoungGen: 68176K->1549K(68608K)] 347489K->280863K(752128K), 0.0016483 secs] [Times: user=0.00 sys=0.00, real=0.00 secs] 
2257.721: [GC (Allocation Failure) [PSYoungGen: 68109K->1549K(68608K)] 347423K->280871K(752128K), 0.0015753 secs] [Times: user=0.01 sys=0.00, real=0.01 secs] 
2258.369: [GC (Allocation Failure) [PSYoungGen: 68109K->1488K(68608K)] 347431K->280809K(752128K), 0.0025525 secs] [Times: user=0.01 sys=0.00, real=0.01 secs] 
2259.229: [GC (Allocation Failure) [PSYoungGen: 68048K->1408K(68608K)] 347369K->280729K(752128K), 0.0024367 secs] [Times: user=0.01 sys=0.00, real=0.01 secs] 
2259.859: [GC (Allocation Failure) [PSYoungGen: 67968K->1376K(68608K)] 347289K->280697K(752128K), 0.0021524 secs] [Times: user=0.01 sys=0.00, real=0.00 secs] 
2260.261: [GC (Allocation Failure) [PSYoungGen: 67936K->1376K(68608K)] 347257K->280697K(752128K), 0.0019806 secs] [Times: user=0.01 sys=0.00, real=0.01 secs] 
2260.600: [GC (Allocation Failure) [PSYoungGen: 67936K->1453K(68608K)] 347257K->280775K(752128K), 0.0016985 secs] [Times: user=0.00 sys=0.00, real=0.01 secs] 
2261.002: [GC (Allocation Failure) [PSYoungGen: 68013K->1565K(68608K)] 347335K->280887K(752128K), 0.0017005 secs] [Times: user=0.00 sys=0.00, real=0.00 secs] 
2261.392: [GC (Allocation Failure) [PSYoungGen: 68125K->1565K(68608K)] 347447K->280887K(752128K), 0.0016447 secs] [Times: user=0.01 sys=0.00, real=0.00 secs] 
2261.783: [GC (Allocation Failure) [PSYoungGen: 68125K->1565K(68608K)] 347447K->280903K(752128K), 0.0015931 secs] [Times: user=0.01 sys=0.00, real=0.00 secs] 
2262.237: [GC (Allocation Failure) [PSYoungGen: 68125K->1504K(68608K)] 347463K->280841K(752128K), 0.0015758 secs] [Times: user=0.00 sys=0.00, real=0.00 secs] 
2262.789: [GC (Allocation Failure) [PSYoungGen: 68064K->1376K(68608K)] 347401K->280713K(752128K), 0.0036149 secs] [Times: user=0.02 sys=0.00, real=0.01 secs] 
2263.359: [GC (Allocation Failure) [PSYoungGen: 67936K->1408K(68608K)] 347273K->280745K(752128K), 0.0038164 secs] [Times: user=0.01 sys=0.00, real=0.01 secs] 
2263.963: [GC (Allocation Failure) [PSYoungGen: 67968K->1408K(68608K)] 347305K->280745K(752128K), 0.0031156 secs] [Times: user=0.01 sys=0.00, real=0.00 secs] 
2264.393: [GC (Allocation Failure) [PSYoungGen: 67968K->1469K(68608K)] 347305K->280807K(752128K), 0.0016273 secs] [Times: user=0.01 sys=0.00, real=0.00 secs] 
2264.787: [GC (Allocation Failure) [PSYoungGen: 68029K->1613K(68608K)] 347367K->280951K(752128K), 0.0016491 secs] [Times: user=0.01 sys=0.00, real=0.00 secs] 
2265.175: [GC (Allocation Failure) [PSYoungGen: 68173K->1616K(68608K)] 347511K->280953K(752128K), 0.0016679 secs] [Times: user=0.01 sys=0.00, real=0.00 secs] 
2265.564: [GC (Allocation Failure) [PSYoungGen: 68172K->1549K(68608K)] 347510K->280903K(752128K), 0.0016803 secs] [Times: user=0.01 sys=0.00, real=0.00 secs] 
2265.934: [GC (Allocation Failure) [PSYoungGen: 68109K->1504K(68608K)] 347463K->280857K(752128K), 0.0015657 secs] [Times: user=0.00 sys=0.00, real=0.00 secs] 
2266.267: [GC (Allocation Failure) [PSYoungGen: 68064K->1376K(68608K)] 347417K->280729K(752128K), 0.0017167 secs] [Times: user=0.01 sys=0.00, real=0.00 secs] 
2266.551: [GC (Allocation Failure) [PSYoungGen: 67936K->1408K(68608K)] 347289K->280761K(752128K), 0.0030870 secs] [Times: user=0.01 sys=0.00, real=0.01 secs] 
2266.842: [GC (Allocation Failure) [PSYoungGen: 67968K->1408K(68608K)] 347321K->280761K(752128K), 0.0026144 secs] [Times: user=0.00 sys=0.00, real=0.00 secs] 
2267.201: [GC (Allocation Failure) [PSYoungGen: 67968K->1517K(68608K)] 347321K->280887K(752128K), 0.0016113 secs] [Times: user=0.00 sys=0.00, real=0.01 secs] 
2267.591: [GC (Allocation Failure) [PSYoungGen: 68077K->1581K(68608K)] 347447K->280951K(752128K), 0.0015337 secs] [Times: user=0.00 sys=0.00, real=0.01 secs] 
2267.991: [GC (Allocation Failure) [PSYoungGen: 68141K->1581K(68608K)] 347511K->280951K(752128K), 0.0016370 secs] [Times: user=0.01 sys=0.00, real=0.01 secs] 
2268.444: [GC (Allocation Failure) [PSYoungGen: 68141K->1613K(68608K)] 347511K->280999K(752128K), 0.0017525 secs] [Times: user=0.01 sys=0.00, real=0.00 secs] 
2269.119: [GC (Allocation Failure) [PSYoungGen: 68173K->1440K(68608K)] 347559K->280825K(752128K), 0.0032595 secs] [Times: user=0.01 sys=0.00, real=0.01 secs] 
2269.694: [GC (Allocation Failure) [PSYoungGen: 68000K->1408K(68608K)] 347385K->280793K(752128K), 0.0023079 secs] [Times: user=0.01 sys=0.00, real=0.00 secs] 
2270.172: [GC (Allocation Failure) [PSYoungGen: 67968K->1392K(68608K)] 347353K->280777K(752128K), 0.0019326 secs] [Times: user=0.00 sys=0.00, real=0.00 secs] 
2270.668: [GC (Allocation Failure) [PSYoungGen: 67952K->1344K(68608K)] 347337K->280729K(752128K), 0.0018634 secs] [Times: user=0.01 sys=0.00, real=0.00 secs] 
2271.172: [GC (Allocation Failure) [PSYoungGen: 67904K->1533K(68608K)] 347289K->280919K(752128K), 0.0015936 secs] [Times: user=0.01 sys=0.00, real=0.00 secs] 
2271.563: [GC (Allocation Failure) [PSYoungGen: 68093K->1568K(68608K)] 347479K->280953K(752128K), 0.0015467 secs] [Times: user=0.00 sys=0.00, real=0.00 secs] 
2271.952: [GC (Allocation Failure) [PSYoungGen: 68128K->1581K(68608K)] 347513K->280967K(752128K), 0.0015998 secs] [Times: user=0.01 sys=0.00, real=0.00 secs] 
2272.342: [GC (Allocation Failure) [PSYoungGen: 68141K->1616K(68608K)] 347527K->281017K(752128K), 0.0017555 secs] [Times: user=0.01 sys=0.00, real=0.00 secs] 
2272.724: [GC (Allocation Failure) [PSYoungGen: 68176K->1440K(68608K)] 347577K->280841K(752128K), 0.0016504 secs] [Times: user=0.01 sys=0.00, real=0.00 secs] 
2273.084: [GC (Allocation Failure) [PSYoungGen: 68000K->1408K(68608K)] 347401K->280809K(752128K), 0.0018056 secs] [Times: user=0.01 sys=0.00, real=0.00 secs] 
2273.360: [GC (Allocation Failure) [PSYoungGen: 67968K->1376K(68608K)] 347369K->280777K(752128K), 0.0017872 secs] [Times: user=0.01 sys=0.00, real=0.01 secs] 
2273.933: [GC (Allocation Failure) [PSYoungGen: 67936K->1376K(68608K)] 347337K->280777K(752128K), 0.0018979 secs] [Times: user=0.00 sys=0.00, real=0.00 secs] 
2274.430: [GC (Allocation Failure) [PSYoungGen: 67936K->1517K(68608K)] 347337K->280919K(752128K), 0.0015869 secs] [Times: user=0.01 sys=0.00, real=0.01 secs] 
2274.822: [GC (Allocation Failure) [PSYoungGen: 68077K->1597K(68608K)] 347479K->280999K(752128K), 0.0016001 secs] [Times: user=0.00 sys=0.00, real=0.00 secs] 
2275.212: [GC (Allocation Failure) [PSYoungGen: 68157K->1581K(68608K)] 347559K->280983K(752128K), 0.0017026 secs] [Times: user=0.01 sys=0.00, real=0.00 secs] 
2275.675: [GC (Allocation Failure) [PSYoungGen: 68141K->1552K(68608K)] 347543K->280969K(752128K), 0.0017941 secs] [Times: user=0.01 sys=0.00, real=0.00 secs] 
2276.239: [GC (Allocation Failure) [PSYoungGen: 68112K->1440K(68608K)] 347529K->280857K(752128K), 0.0019626 secs] [Times: user=0.01 sys=0.00, real=0.00 secs] 
2276.833: [GC (Allocation Failure) [PSYoungGen: 68000K->1392K(68608K)] 347417K->280809K(752128K), 0.0019497 secs] [Times: user=0.01 sys=0.00, real=0.00 secs] 
2277.457: [GC (Allocation Failure) [PSYoungGen: 67952K->1408K(68608K)] 347369K->280825K(752128K), 0.0021967 secs] [Times: user=0.01 sys=0.00, real=0.00 secs] 
2278.103: [GC (Allocation Failure) [PSYoungGen: 67968K->1408K(68608K)] 347385K->280849K(752128K), 0.0025872 secs] [Times: user=0.01 sys=0.00, real=0.00 secs] 
2278.713: [GC (Allocation Failure) [PSYoungGen: 67968K->1485K(68608K)] 347409K->280927K(752128K), 0.0017184 secs] [Times: user=0.01 sys=0.00, real=0.00 secs] 
2279.103: [GC (Allocation Failure) [PSYoungGen: 68045K->1584K(68608K)] 347487K->281025K(752128K), 0.0015236 secs] [Times: user=0.01 sys=0.00, real=0.00 secs] 
2279.494: [GC (Allocation Failure) [PSYoungGen: 68144K->1584K(68608K)] 347585K->281025K(752128K), 0.0016095 secs] [Times: user=0.00 sys=0.00, real=0.00 secs] 
2280.178: [GC (Allocation Failure) [PSYoungGen: 68144K->1760K(68608K)] 347585K->281201K(752128K), 0.0021144 secs] [Times: user=0.01 sys=0.00, real=0.00 secs] 
2280.862: [GC (Allocation Failure) [PSYoungGen: 68320K->1440K(68608K)] 347761K->280881K(752128K), 0.0027005 secs] [Times: user=0.01 sys=0.00, real=0.00 secs] 
2281.240: [GC (Allocation Failure) [PSYoungGen: 68000K->1376K(68608K)] 347441K->280817K(752128K), 0.0019188 secs] [Times: user=0.01 sys=0.00, real=0.01 secs] 
2281.548: [GC (Allocation Failure) [PSYoungGen: 67936K->1424K(68608K)] 347377K->280865K(752128K), 0.0019697 secs] [Times: user=0.01 sys=0.00, real=0.00 secs] 
2281.840: [GC (Allocation Failure) [PSYoungGen: 67984K->1376K(68608K)] 347425K->280817K(752128K), 0.0018546 secs] [Times: user=0.01 sys=0.00, real=0.01 secs] 
2282.285: [GC (Allocation Failure) [PSYoungGen: 67936K->1568K(68608K)] 347377K->281009K(752128K), 0.0016414 secs] [Times: user=0.01 sys=0.00, real=0.00 secs] 
2282.736: [GC (Allocation Failure) [PSYoungGen: 68128K->1613K(68608K)] 347569K->281055K(752128K), 0.0017656 secs] [Times: user=0.01 sys=0.00, real=0.00 secs] 
2283.127: [GC (Allocation Failure) [PSYoungGen: 68173K->1581K(68608K)] 347615K->281023K(752128K), 0.0017734 secs] [Times: user=0.01 sys=0.00, real=0.00 secs] 
2284.483: [GC (Allocation Failure) [PSYoungGen: 68141K->1552K(68608K)] 347583K->280993K(752128K), 0.0038786 secs] [Times: user=0.02 sys=0.00, real=0.00 secs] 
2285.854: [GC (Allocation Failure) [PSYoungGen: 68112K->1440K(68608K)] 347553K->280881K(752128K), 0.0035531 secs] [Times: user=0.01 sys=0.01, real=0.00 secs] 
2286.334: [GC (Allocation Failure) [PSYoungGen: 68000K->1408K(68608K)] 347441K->280849K(752128K), 0.0025996 secs] [Times: user=0.01 sys=0.00, real=0.00 secs] 
2286.838: [GC (Allocation Failure) [PSYoungGen: 67968K->1440K(68608K)] 347409K->280881K(752128K), 0.0034876 secs] [Times: user=0.01 sys=0.00, real=0.00 secs] 
2287.525: [GC (Allocation Failure) [PSYoungGen: 68000K->1408K(68608K)] 347441K->280849K(752128K), 0.0033364 secs] [Times: user=0.01 sys=0.01, real=0.00 secs] 
2288.069: [GC (Allocation Failure) [PSYoungGen: 67968K->1536K(68608K)] 347409K->280977K(752128K), 0.0016577 secs] [Times: user=0.01 sys=0.00, real=0.00 secs] 
2288.467: [GC (Allocation Failure) [PSYoungGen: 68096K->1629K(68608K)] 347537K->281071K(752128K), 0.0016762 secs] [Times: user=0.00 sys=0.00, real=0.00 secs] 
2288.857: [GC (Allocation Failure) [PSYoungGen: 68189K->1568K(68608K)] 347631K->281025K(752128K), 0.0015972 secs] [Times: user=0.01 sys=0.00, real=0.00 secs] 
2289.317: [GC (Allocation Failure) [PSYoungGen: 68128K->1472K(68608K)] 347585K->280953K(752128K), 0.0017803 secs] [Times: user=0.01 sys=0.00, real=0.00 secs] 
2289.706: [GC (Allocation Failure) [PSYoungGen: 68032K->1344K(68608K)] 347513K->280825K(752128K), 0.0024500 secs] [Times: user=0.01 sys=0.00, real=0.00 secs] 
2289.987: [GC (Allocation Failure) [PSYoungGen: 67904K->1408K(68608K)] 347385K->280889K(752128K), 0.0020753 secs] [Times: user=0.00 sys=0.00, real=0.00 secs] 
2290.327: [GC (Allocation Failure) [PSYoungGen: 67968K->1408K(68608K)] 347449K->280889K(752128K), 0.0022112 secs] [Times: user=0.01 sys=0.00, real=0.00 secs] 
2290.749: [GC (Allocation Failure) [PSYoungGen: 67968K->1485K(68608K)] 347449K->280967K(752128K), 0.0018616 secs] [Times: user=0.00 sys=0.00, real=0.00 secs] 
2291.240: [GC (Allocation Failure) [PSYoungGen: 68045K->1584K(68608K)] 347527K->281065K(752128K), 0.0016037 secs] [Times: user=0.01 sys=0.00, real=0.01 secs] 
2291.629: [GC (Allocation Failure) [PSYoungGen: 68144K->1613K(68608K)] 347625K->281095K(752128K), 0.0015693 secs] [Times: user=0.01 sys=0.00, real=0.00 secs] 
2292.018: [GC (Allocation Failure) [PSYoungGen: 68173K->1552K(68608K)] 347655K->281041K(752128K), 0.0017112 secs] [Times: user=0.01 sys=0.00, real=0.00 secs] 
2292.816: [GC (Allocation Failure) [PSYoungGen: 68112K->1488K(68608K)] 347601K->280977K(752128K), 0.0033350 secs] [Times: user=0.02 sys=0.00, real=0.00 secs] 
2293.505: [GC (Allocation Failure) [PSYoungGen: 68048K->1408K(68608K)] 347537K->280897K(752128K), 0.0031338 secs] [Times: user=0.01 sys=0.00, real=0.00 secs] 
2293.841: [GC (Allocation Failure) [PSYoungGen: 67968K->1376K(68608K)] 347457K->280865K(752128K), 0.0020013 secs] [Times: user=0.01 sys=0.00, real=0.01 secs] 
2294.148: [GC (Allocation Failure) [PSYoungGen: 67936K->1376K(68608K)] 347425K->280873K(752128K), 0.0017948 secs] [Times: user=0.00 sys=0.00, real=0.00 secs] 
2294.537: [GC (Allocation Failure) [PSYoungGen: 67936K->1533K(68608K)] 347433K->281031K(752128K), 0.0014992 secs] [Times: user=0.01 sys=0.00, real=0.00 secs] 
2294.991: [GC (Allocation Failure) [PSYoungGen: 68093K->1597K(68608K)] 347591K->281095K(752128K), 0.0017311 secs] [Times: user=0.01 sys=0.00, real=0.01 secs] 
2295.386: [GC (Allocation Failure) [PSYoungGen: 68157K->1581K(68608K)] 347655K->281079K(752128K), 0.0018336 secs] [Times: user=0.00 sys=0.00, real=0.00 secs] 
2295.776: [GC (Allocation Failure) [PSYoungGen: 68141K->1613K(68608K)] 347639K->281127K(752128K), 0.0016553 secs] [Times: user=0.00 sys=0.00, real=0.00 secs] 
2296.470: [GC (Allocation Failure) [PSYoungGen: 68173K->1520K(68608K)] 347687K->281033K(752128K), 0.0031693 secs] [Times: user=0.01 sys=0.00, real=0.01 secs] 
2297.235: [GC (Allocation Failure) [PSYoungGen: 68080K->1440K(68608K)] 347593K->280953K(752128K), 0.0032269 secs] [Times: user=0.01 sys=0.00, real=0.00 secs] 
2297.769: [GC (Allocation Failure) [PSYoungGen: 68000K->1408K(68608K)] 347513K->280937K(752128K), 0.0025659 secs] [Times: user=0.01 sys=0.00, real=0.01 secs] 
2298.328: [GC (Allocation Failure) [PSYoungGen: 67968K->1408K(68608K)] 347497K->280937K(752128K), 0.0022141 secs] [Times: user=0.01 sys=0.00, real=0.00 secs] 
2298.849: [GC (Allocation Failure) [PSYoungGen: 67968K->1488K(68608K)] 347497K->281025K(752128K), 0.0014963 secs] [Times: user=0.00 sys=0.00, real=0.00 secs] 
2299.239: [GC (Allocation Failure) [PSYoungGen: 68025K->1549K(68608K)] 347562K->281087K(752128K), 0.0015015 secs] [Times: user=0.00 sys=0.00, real=0.00 secs] 
2299.628: [GC (Allocation Failure) [PSYoungGen: 68089K->1536K(68608K)] 347627K->281073K(752128K), 0.0016431 secs] [Times: user=0.00 sys=0.00, real=0.00 secs] 
2300.019: [GC (Allocation Failure) [PSYoungGen: 68096K->1597K(68608K)] 347633K->281159K(752128K), 0.0016260 secs] [Times: user=0.01 sys=0.00, real=0.00 secs] 
2300.610: [GC (Allocation Failure) [PSYoungGen: 68157K->1440K(68608K)] 347719K->281001K(752128K), 0.0021877 secs] [Times: user=0.01 sys=0.00, real=0.01 secs] 
2301.311: [GC (Allocation Failure) [PSYoungGen: 68000K->1424K(68608K)] 347561K->280985K(752128K), 0.0035906 secs] [Times: user=0.02 sys=0.00, real=0.00 secs] 
2301.902: [GC (Allocation Failure) [PSYoungGen: 67984K->1408K(68608K)] 347545K->280969K(752128K), 0.0029090 secs] [Times: user=0.01 sys=0.00, real=0.00 secs] 
2302.876: [GC (Allocation Failure) [PSYoungGen: 67968K->1376K(68608K)] 347529K->280937K(752128K), 0.0031473 secs] [Times: user=0.02 sys=0.00, real=0.00 secs] 
2303.937: [GC (Allocation Failure) [PSYoungGen: 67936K->1437K(68608K)] 347497K->280999K(752128K), 0.0016120 secs] [Times: user=0.01 sys=0.00, real=0.00 secs] 
2304.327: [GC (Allocation Failure) [PSYoungGen: 67997K->1549K(68608K)] 347559K->281111K(752128K), 0.0017312 secs] [Times: user=0.01 sys=0.00, real=0.00 secs] 
2304.719: [GC (Allocation Failure) [PSYoungGen: 68109K->1552K(68608K)] 347671K->281113K(752128K), 0.0016268 secs] [Times: user=0.00 sys=0.00, real=0.00 secs] 
2305.113: [GC (Allocation Failure) [PSYoungGen: 68112K->1536K(68608K)] 347673K->281113K(752128K), 0.0017601 secs] [Times: user=0.01 sys=0.00, real=0.00 secs] 
2305.635: [GC (Allocation Failure) [PSYoungGen: 68096K->1472K(68608K)] 347673K->281049K(752128K), 0.0020560 secs] [Times: user=0.01 sys=0.00, real=0.00 secs] 
2305.912: [GC (Allocation Failure) [PSYoungGen: 68032K->1376K(68608K)] 347609K->280953K(752128K), 0.0019015 secs] [Times: user=0.01 sys=0.00, real=0.00 secs] 
2306.189: [GC (Allocation Failure) [PSYoungGen: 67936K->1376K(68608K)] 347513K->280953K(752128K), 0.0020229 secs] [Times: user=0.00 sys=0.00, real=0.00 secs] 
2306.465: [GC (Allocation Failure) [PSYoungGen: 67936K->1376K(68608K)] 347513K->280953K(752128K), 0.0018977 secs] [Times: user=0.01 sys=0.00, real=0.00 secs] 
2306.851: [GC (Allocation Failure) [PSYoungGen: 67936K->1581K(68608K)] 347513K->281159K(752128K), 0.0015405 secs] [Times: user=0.01 sys=0.00, real=0.01 secs] 
2307.242: [GC (Allocation Failure) [PSYoungGen: 68141K->1581K(68608K)] 347719K->281159K(752128K), 0.0016575 secs] [Times: user=0.01 sys=0.00, real=0.00 secs] 
2307.632: [GC (Allocation Failure) [PSYoungGen: 68141K->1613K(68608K)] 347719K->281191K(752128K), 0.0016664 secs] [Times: user=0.01 sys=0.00, real=0.00 secs] 
2308.020: [GC (Allocation Failure) [PSYoungGen: 68173K->1568K(68608K)] 347751K->281161K(752128K), 0.0016105 secs] [Times: user=0.01 sys=0.00, real=0.01 secs] 
2309.575: [GC (Allocation Failure) [PSYoungGen: 68128K->1456K(68608K)] 347721K->281065K(752128K), 0.0034408 secs] [Times: user=0.01 sys=0.00, real=0.00 secs] 
2310.254: [GC (Allocation Failure) [PSYoungGen: 68016K->1408K(68608K)] 347625K->281017K(752128K), 0.0036935 secs] [Times: user=0.01 sys=0.00, real=0.00 secs] 
2310.805: [GC (Allocation Failure) [PSYoungGen: 67968K->1360K(68608K)] 347577K->280969K(752128K), 0.0023464 secs] [Times: user=0.01 sys=0.00, real=0.00 secs] 
2311.323: [GC (Allocation Failure) [PSYoungGen: 67920K->1392K(68608K)] 347529K->281001K(752128K), 0.0028428 secs] [Times: user=0.01 sys=0.00, real=0.00 secs] 
2311.843: [GC (Allocation Failure) [PSYoungGen: 67952K->1533K(68608K)] 347561K->281143K(752128K), 0.0016363 secs] [Times: user=0.01 sys=0.00, real=0.00 secs] 
2312.234: [GC (Allocation Failure) [PSYoungGen: 68093K->1536K(68608K)] 347703K->281145K(752128K), 0.0016365 secs] [Times: user=0.01 sys=0.00, real=0.00 secs] 
2312.625: [GC (Allocation Failure) [PSYoungGen: 68096K->1645K(68608K)] 347705K->281255K(752128K), 0.0016591 secs] [Times: user=0.01 sys=0.00, real=0.00 secs] 
2313.075: [GC (Allocation Failure) [PSYoungGen: 68205K->2032K(68608K)] 347815K->281641K(752128K), 0.0017881 secs] [Times: user=0.01 sys=0.00, real=0.00 secs] 
2313.395: [GC (Allocation Failure) [PSYoungGen: 68592K->1376K(68608K)] 348201K->280985K(752128K), 0.0016987 secs] [Times: user=0.01 sys=0.00, real=0.00 secs] 
2313.733: [GC (Allocation Failure) [PSYoungGen: 67936K->1376K(68608K)] 347545K->280985K(752128K), 0.0017407 secs] [Times: user=0.00 sys=0.00, real=0.00 secs] 
2314.169: [GC (Allocation Failure) [PSYoungGen: 67936K->1376K(68608K)] 347545K->280985K(752128K), 0.0019658 secs] [Times: user=0.01 sys=0.00, real=0.00 secs] 
2314.988: [GC (Allocation Failure) [PSYoungGen: 67936K->1408K(68608K)] 347545K->281017K(752128K), 0.0021415 secs] [Times: user=0.00 sys=0.00, real=0.00 secs] 
2315.499: [GC (Allocation Failure) [PSYoungGen: 67968K->1645K(68608K)] 347577K->281255K(752128K), 0.0016695 secs] [Times: user=0.00 sys=0.00, real=0.00 secs] 
2315.890: [GC (Allocation Failure) [PSYoungGen: 68205K->1565K(68608K)] 347815K->281175K(752128K), 0.0016126 secs] [Times: user=0.01 sys=0.00, real=0.01 secs] 
2316.336: [GC (Allocation Failure) [PSYoungGen: 68125K->1613K(68608K)] 347735K->281223K(752128K), 0.0017149 secs] [Times: user=0.01 sys=0.00, real=0.00 secs] 
2316.743: [GC (Allocation Failure) [PSYoungGen: 68173K->1488K(68608K)] 347783K->281105K(752128K), 0.0021295 secs] [Times: user=0.01 sys=0.00, real=0.00 secs] 
2317.020: [GC (Allocation Failure) [PSYoungGen: 68048K->1344K(68608K)] 347665K->280961K(752128K), 0.0020000 secs] [Times: user=0.01 sys=0.00, real=0.01 secs] 
2317.362: [GC (Allocation Failure) [PSYoungGen: 67904K->1376K(68608K)] 347521K->280993K(752128K), 0.0019368 secs] [Times: user=0.01 sys=0.00, real=0.00 secs] 
2317.829: [GC (Allocation Failure) [PSYoungGen: 67936K->1344K(68608K)] 347553K->280977K(752128K), 0.0019739 secs] [Times: user=0.01 sys=0.00, real=0.00 secs] 
2318.167: [GC (Allocation Failure) [PSYoungGen: 67904K->1469K(68608K)] 347537K->281103K(752128K), 0.0018672 secs] [Times: user=0.01 sys=0.00, real=0.00 secs] 
2318.572: [GC (Allocation Failure) [PSYoungGen: 68029K->1613K(68608K)] 347663K->281247K(752128K), 0.0015580 secs] [Times: user=0.00 sys=0.00, real=0.00 secs] 
2318.962: [GC (Allocation Failure) [PSYoungGen: 68173K->1552K(68608K)] 347807K->281185K(752128K), 0.0016138 secs] [Times: user=0.00 sys=0.00, real=0.00 secs] 
2319.363: [GC (Allocation Failure) [PSYoungGen: 68112K->1613K(68608K)] 347745K->281263K(752128K), 0.0016645 secs] [Times: user=0.01 sys=0.00, real=0.00 secs] 
2319.925: [GC (Allocation Failure) [PSYoungGen: 68173K->1472K(68608K)] 347823K->281121K(752128K), 0.0017028 secs] [Times: user=0.01 sys=0.00, real=0.00 secs] 
2320.616: [GC (Allocation Failure) [PSYoungGen: 68032K->1440K(68608K)] 347681K->281089K(752128K), 0.0031250 secs] [Times: user=0.01 sys=0.00, real=0.00 secs] 
2321.248: [GC (Allocation Failure) [PSYoungGen: 68000K->1440K(68608K)] 347649K->281089K(752128K), 0.0036926 secs] [Times: user=0.01 sys=0.00, real=0.01 secs] 
2321.559: [GC (Allocation Failure) [PSYoungGen: 68000K->1408K(68608K)] 347649K->281057K(752128K), 0.0019274 secs] [Times: user=0.01 sys=0.00, real=0.00 secs] 
2321.916: [GC (Allocation Failure) [PSYoungGen: 67968K->1469K(68608K)] 347617K->281119K(752128K), 0.0014150 secs] [Times: user=0.01 sys=0.00, real=0.00 secs] 
2322.308: [GC (Allocation Failure) [PSYoungGen: 68029K->1568K(68608K)] 347679K->281217K(752128K), 0.0016494 secs] [Times: user=0.01 sys=0.00, real=0.00 secs] 
2322.700: [GC (Allocation Failure) [PSYoungGen: 68128K->1600K(68608K)] 347777K->281249K(752128K), 0.0016571 secs] [Times: user=0.01 sys=0.00, real=0.00 secs] 
2323.092: [GC (Allocation Failure) [PSYoungGen: 68160K->1597K(68608K)] 347809K->281263K(752128K), 0.0016216 secs] [Times: user=0.00 sys=0.00, real=0.00 secs] 
2323.793: [GC (Allocation Failure) [PSYoungGen: 68157K->1488K(68608K)] 347823K->281153K(752128K), 0.0022745 secs] [Times: user=0.01 sys=0.00, real=0.00 secs] 
2324.614: [GC (Allocation Failure) [PSYoungGen: 68048K->1424K(68608K)] 347713K->281089K(752128K), 0.0031379 secs] [Times: user=0.02 sys=0.00, real=0.00 secs] 
2325.495: [GC (Allocation Failure) [PSYoungGen: 67984K->1408K(68608K)] 347649K->281073K(752128K), 0.0034461 secs] [Times: user=0.01 sys=0.00, real=0.00 secs] 
2326.123: [GC (Allocation Failure) [PSYoungGen: 67968K->1408K(68608K)] 347633K->281073K(752128K), 0.0031254 secs] [Times: user=0.01 sys=0.00, real=0.00 secs] 
2326.559: [GC (Allocation Failure) [PSYoungGen: 67968K->1517K(68608K)] 347633K->281183K(752128K), 0.0016652 secs] [Times: user=0.01 sys=0.00, real=0.00 secs] 
2326.950: [GC (Allocation Failure) [PSYoungGen: 68077K->1568K(68608K)] 347743K->281233K(752128K), 0.0016516 secs] [Times: user=0.01 sys=0.00, real=0.00 secs] 
2327.399: [GC (Allocation Failure) [PSYoungGen: 68128K->1568K(68608K)] 347793K->281233K(752128K), 0.0017653 secs] [Times: user=0.01 sys=0.00, real=0.00 secs] 
2327.858: [GC (Allocation Failure) [PSYoungGen: 68128K->1613K(68608K)] 347793K->281295K(752128K), 0.0017839 secs] [Times: user=0.01 sys=0.00, real=0.00 secs] 
2328.957: [GC (Allocation Failure) [PSYoungGen: 68173K->1424K(68608K)] 347855K->281105K(752128K), 0.0039783 secs] [Times: user=0.01 sys=0.00, real=0.00 secs] 
2330.065: [GC (Allocation Failure) [PSYoungGen: 67984K->1408K(68608K)] 347665K->281097K(752128K), 0.0032344 secs] [Times: user=0.01 sys=0.00, real=0.00 secs] 
2330.891: [GC (Allocation Failure) [PSYoungGen: 67968K->1376K(68608K)] 347657K->281065K(752128K), 0.0033810 secs] [Times: user=0.01 sys=0.00, real=0.00 secs] 
2331.442: [GC (Allocation Failure) [PSYoungGen: 67936K->1408K(68608K)] 347625K->281097K(752128K), 0.0026233 secs] [Times: user=0.01 sys=0.00, real=0.00 secs] 
2332.199: [GC (Allocation Failure) [PSYoungGen: 67968K->1501K(68608K)] 347657K->281191K(752128K), 0.0018146 secs] [Times: user=0.00 sys=0.00, real=0.01 secs] 
2332.654: [GC (Allocation Failure) [PSYoungGen: 68061K->1613K(68608K)] 347751K->281303K(752128K), 0.0016645 secs] [Times: user=0.00 sys=0.00, real=0.00 secs] 
2333.043: [GC (Allocation Failure) [PSYoungGen: 68169K->1565K(68608K)] 347858K->281255K(752128K), 0.0017279 secs] [Times: user=0.01 sys=0.00, real=0.00 secs] 
2333.434: [GC (Allocation Failure) [PSYoungGen: 68125K->1597K(68608K)] 347815K->281303K(752128K), 0.0016156 secs] [Times: user=0.01 sys=0.00, real=0.00 secs] 
2334.080: [GC (Allocation Failure) [PSYoungGen: 68157K->1424K(68608K)] 347863K->281129K(752128K), 0.0030859 secs] [Times: user=0.01 sys=0.00, real=0.01 secs] 
2334.707: [GC (Allocation Failure) [PSYoungGen: 67984K->1424K(68608K)] 347689K->281129K(752128K), 0.0035610 secs] [Times: user=0.01 sys=0.00, real=0.00 secs] 
2335.162: [GC (Allocation Failure) [PSYoungGen: 67984K->1408K(68608K)] 347689K->281113K(752128K), 0.0021444 secs] [Times: user=0.01 sys=0.00, real=0.00 secs] 
2335.674: [GC (Allocation Failure) [PSYoungGen: 67968K->1376K(68608K)] 347673K->281081K(752128K), 0.0021194 secs] [Times: user=0.01 sys=0.01, real=0.00 secs] 
2336.240: [GC (Allocation Failure) [PSYoungGen: 67936K->1565K(68608K)] 347641K->281271K(752128K), 0.0016177 secs] [Times: user=0.01 sys=0.00, real=0.01 secs] 
2336.632: [GC (Allocation Failure) [PSYoungGen: 68125K->1597K(68608K)] 347831K->281303K(752128K), 0.0016366 secs] [Times: user=0.01 sys=0.00, real=0.00 secs] 
2337.022: [GC (Allocation Failure) [PSYoungGen: 68157K->1581K(68608K)] 347863K->281287K(752128K), 0.0015529 secs] [Times: user=0.01 sys=0.00, real=0.00 secs] 
2337.414: [GC (Allocation Failure) [PSYoungGen: 68141K->1549K(68608K)] 347847K->281279K(752128K), 0.0016123 secs] [Times: user=0.00 sys=0.00, real=0.00 secs] 
2338.015: [GC (Allocation Failure) [PSYoungGen: 68109K->1408K(68608K)] 347839K->281137K(752128K), 0.0016521 secs] [Times: user=0.01 sys=0.00, real=0.00 secs] 
2338.575: [GC (Allocation Failure) [PSYoungGen: 67968K->1408K(68608K)] 347697K->281153K(752128K), 0.0038757 secs] [Times: user=0.01 sys=0.00, real=0.00 secs] 
2339.107: [GC (Allocation Failure) [PSYoungGen: 67968K->1392K(68608K)] 347713K->281137K(752128K), 0.0023087 secs] [Times: user=0.01 sys=0.00, real=0.00 secs] 
2339.536: [GC (Allocation Failure) [PSYoungGen: 67952K->1360K(68608K)] 347697K->281105K(752128K), 0.0035612 secs] [Times: user=0.01 sys=0.00, real=0.00 secs] 
2340.022: [GC (Allocation Failure) [PSYoungGen: 67920K->1536K(68608K)] 347665K->281281K(752128K), 0.0015233 secs] [Times: user=0.01 sys=0.00, real=0.00 secs] 
2340.416: [GC (Allocation Failure) [PSYoungGen: 68096K->1581K(68608K)] 347841K->281327K(752128K), 0.0016611 secs] [Times: user=0.00 sys=0.00, real=0.00 secs] 
2340.867: [GC (Allocation Failure) [PSYoungGen: 68141K->1645K(68608K)] 347887K->281391K(752128K), 0.0017426 secs] [Times: user=0.00 sys=0.00, real=0.00 secs] 
2341.336: [GC (Allocation Failure) [PSYoungGen: 68205K->1776K(68608K)] 347951K->281521K(752128K), 0.0018018 secs] [Times: user=0.00 sys=0.00, real=0.00 secs] 
2342.231: [GC (Allocation Failure) [PSYoungGen: 68336K->1440K(68608K)] 348081K->281185K(752128K), 0.0026206 secs] [Times: user=0.01 sys=0.00, real=0.00 secs] 
2342.919: [GC (Allocation Failure) [PSYoungGen: 68000K->1408K(68608K)] 347745K->281153K(752128K), 0.0033700 secs] [Times: user=0.02 sys=0.00, real=0.01 secs] 
2343.777: [GC (Allocation Failure) [PSYoungGen: 67968K->1360K(68608K)] 347713K->281105K(752128K), 0.0032023 secs] [Times: user=0.01 sys=0.00, real=0.00 secs] 
2344.515: [GC (Allocation Failure) [PSYoungGen: 67920K->1408K(68608K)] 347665K->281153K(752128K), 0.0019383 secs] [Times: user=0.00 sys=0.00, real=0.00 secs] 
2345.082: [GC (Allocation Failure) [PSYoungGen: 67968K->1613K(68608K)] 347713K->281359K(752128K), 0.0017462 secs] [Times: user=0.00 sys=0.00, real=0.00 secs] 
2345.538: [GC (Allocation Failure) [PSYoungGen: 68173K->1584K(68608K)] 347919K->281329K(752128K), 0.0016337 secs] [Times: user=0.01 sys=0.00, real=0.00 secs] 
2345.928: [GC (Allocation Failure) [PSYoungGen: 68144K->1536K(68608K)] 347889K->281281K(752128K), 0.0017271 secs] [Times: user=0.01 sys=0.00, real=0.00 secs] 
2346.358: [GC (Allocation Failure) [PSYoungGen: 68096K->1472K(68608K)] 347841K->281217K(752128K), 0.0020622 secs] [Times: user=0.00 sys=0.00, real=0.00 secs] 
2346.763: [GC (Allocation Failure) [PSYoungGen: 68032K->1376K(68608K)] 347777K->281121K(752128K), 0.0018111 secs] [Times: user=0.01 sys=0.00, real=0.00 secs] 
2347.319: [GC (Allocation Failure) [PSYoungGen: 67936K->1376K(68608K)] 347681K->281121K(752128K), 0.0017880 secs] [Times: user=0.00 sys=0.00, real=0.00 secs] 
2347.955: [GC (Allocation Failure) [PSYoungGen: 67936K->1376K(68608K)] 347681K->281121K(752128K), 0.0020911 secs] [Times: user=0.01 sys=0.00, real=0.00 secs] 
2348.494: [GC (Allocation Failure) [PSYoungGen: 67936K->1376K(68608K)] 347681K->281121K(752128K), 0.0020066 secs] [Times: user=0.01 sys=0.00, real=0.00 secs] 
2348.941: [GC (Allocation Failure) [PSYoungGen: 67936K->1613K(68608K)] 347681K->281359K(752128K), 0.0016121 secs] [Times: user=0.01 sys=0.00, real=0.01 secs] 
2349.390: [GC (Allocation Failure) [PSYoungGen: 68173K->1549K(68608K)] 347919K->281311K(752128K), 0.0017402 secs] [Times: user=0.01 sys=0.00, real=0.01 secs] 
2349.844: [GC (Allocation Failure) [PSYoungGen: 68109K->1581K(68608K)] 347871K->281359K(752128K), 0.0019631 secs] [Times: user=0.01 sys=0.00, real=0.00 secs] 
2350.312: [GC (Allocation Failure) [PSYoungGen: 68141K->1488K(68608K)] 347919K->281265K(752128K), 0.0018210 secs] [Times: user=0.01 sys=0.00, real=0.00 secs] 
2350.589: [GC (Allocation Failure) [PSYoungGen: 68048K->1376K(68608K)] 347825K->281153K(752128K), 0.0019525 secs] [Times: user=0.01 sys=0.00, real=0.00 secs] 
2350.865: [GC (Allocation Failure) [PSYoungGen: 67936K->1440K(68608K)] 347713K->281217K(752128K), 0.0019247 secs] [Times: user=0.00 sys=0.00, real=0.00 secs] 
2351.214: [GC (Allocation Failure) [PSYoungGen: 68000K->1376K(68608K)] 347777K->281153K(752128K), 0.0018545 secs] [Times: user=0.00 sys=0.00, real=0.00 secs] 
2351.548: [GC (Allocation Failure) [PSYoungGen: 67936K->1472K(68608K)] 347713K->281249K(752128K), 0.0018056 secs] [Times: user=0.00 sys=0.00, real=0.00 secs] 
2351.939: [GC (Allocation Failure) [PSYoungGen: 68032K->1581K(68608K)] 347809K->281359K(752128K), 0.0016469 secs] [Times: user=0.01 sys=0.00, real=0.00 secs] 
2352.329: [GC (Allocation Failure) [PSYoungGen: 68141K->1613K(68608K)] 347919K->281391K(752128K), 0.0015208 secs] [Times: user=0.01 sys=0.00, real=0.00 secs] 
2352.721: [GC (Allocation Failure) [PSYoungGen: 68173K->1629K(68608K)] 347951K->281415K(752128K), 0.0017674 secs] [Times: user=0.01 sys=0.00, real=0.01 secs] 
2353.261: [GC (Allocation Failure) [PSYoungGen: 68189K->1488K(68608K)] 347975K->281273K(752128K), 0.0019856 secs] [Times: user=0.01 sys=0.00, real=0.01 secs] 
2353.831: [GC (Allocation Failure) [PSYoungGen: 68048K->1376K(68608K)] 347833K->281161K(752128K), 0.0019670 secs] [Times: user=0.01 sys=0.00, real=0.01 secs] 
2354.359: [GC (Allocation Failure) [PSYoungGen: 67936K->1344K(68608K)] 347721K->281129K(752128K), 0.0020541 secs] [Times: user=0.01 sys=0.00, real=0.00 secs] 
2354.994: [GC (Allocation Failure) [PSYoungGen: 67904K->1408K(68608K)] 347689K->281193K(752128K), 0.0034881 secs] [Times: user=0.01 sys=0.00, real=0.00 secs] 
2355.799: [GC (Allocation Failure) [PSYoungGen: 67968K->1408K(68608K)] 347753K->281193K(752128K), 0.0018132 secs] [Times: user=0.00 sys=0.00, real=0.00 secs] 
2356.273: [GC (Allocation Failure) [PSYoungGen: 67968K->1533K(68608K)] 347753K->281319K(752128K), 0.0017622 secs] [Times: user=0.01 sys=0.00, real=0.00 secs] 
2356.726: [GC (Allocation Failure) [PSYoungGen: 68093K->1533K(68608K)] 347879K->281319K(752128K), 0.0016697 secs] [Times: user=0.00 sys=0.00, real=0.00 secs] 
2357.121: [GC (Allocation Failure) [PSYoungGen: 68093K->1552K(68608K)] 347879K->281353K(752128K), 0.0017140 secs] [Times: user=0.01 sys=0.00, real=0.01 secs] 
2357.479: [GC (Allocation Failure) [PSYoungGen: 68112K->1456K(68608K)] 347913K->281257K(752128K), 0.0025565 secs] [Times: user=0.01 sys=0.00, real=0.01 secs] 
2357.757: [GC (Allocation Failure) [PSYoungGen: 68016K->1344K(68608K)] 347817K->281161K(752128K), 0.0019044 secs] [Times: user=0.01 sys=0.00, real=0.00 secs] 
2358.034: [GC (Allocation Failure) [PSYoungGen: 67904K->1344K(68608K)] 347721K->281161K(752128K), 0.0018363 secs] [Times: user=0.01 sys=0.00, real=0.00 secs] 
2358.310: [GC (Allocation Failure) [PSYoungGen: 67904K->1392K(68608K)] 347721K->281209K(752128K), 0.0018036 secs] [Times: user=0.01 sys=0.00, real=0.01 secs] 
2358.774: [GC (Allocation Failure) [PSYoungGen: 67952K->1472K(68608K)] 347769K->281289K(752128K), 0.0015111 secs] [Times: user=0.01 sys=0.00, real=0.00 secs] 
2359.165: [GC (Allocation Failure) [PSYoungGen: 68032K->1568K(68608K)] 347849K->281385K(752128K), 0.0017255 secs] [Times: user=0.01 sys=0.00, real=0.00 secs] 
2359.554: [GC (Allocation Failure) [PSYoungGen: 68128K->1568K(68608K)] 347945K->281385K(752128K), 0.0017170 secs] [Times: user=0.00 sys=0.00, real=0.00 secs] 
2359.946: [GC (Allocation Failure) [PSYoungGen: 68128K->1616K(68608K)] 347945K->281449K(752128K), 0.0015095 secs] [Times: user=0.00 sys=0.00, real=0.00 secs] 
2360.356: [GC (Allocation Failure) [PSYoungGen: 68176K->1408K(68608K)] 348009K->281241K(752128K), 0.0015848 secs] [Times: user=0.01 sys=0.00, real=0.00 secs] 
2361.036: [GC (Allocation Failure) [PSYoungGen: 67968K->1376K(68608K)] 347801K->281209K(752128K), 0.0022158 secs] [Times: user=0.01 sys=0.00, real=0.00 secs] 
2361.681: [GC (Allocation Failure) [PSYoungGen: 67936K->1376K(68608K)] 347769K->281209K(752128K), 0.0024538 secs] [Times: user=0.01 sys=0.00, real=0.01 secs] 
2362.572: [GC (Allocation Failure) [PSYoungGen: 67936K->1392K(68608K)] 347769K->281225K(752128K), 0.0031353 secs] [Times: user=0.01 sys=0.00, real=0.00 secs] 
2363.281: [GC (Allocation Failure) [PSYoungGen: 67952K->1549K(68608K)] 347785K->281383K(752128K), 0.0017342 secs] [Times: user=0.00 sys=0.00, real=0.01 secs] 
2363.673: [GC (Allocation Failure) [PSYoungGen: 68109K->1613K(68608K)] 347943K->281447K(752128K), 0.0017177 secs] [Times: user=0.01 sys=0.00, real=0.00 secs] 
2364.064: [GC (Allocation Failure) [PSYoungGen: 68152K->1581K(68608K)] 347986K->281415K(752128K), 0.0015593 secs] [Times: user=0.00 sys=0.00, real=0.00 secs] 
2364.455: [GC (Allocation Failure) [PSYoungGen: 68141K->1565K(68608K)] 347975K->281407K(752128K), 0.0015450 secs] [Times: user=0.01 sys=0.00, real=0.00 secs] 
2365.022: [GC (Allocation Failure) [PSYoungGen: 68125K->1424K(68608K)] 347967K->281265K(752128K), 0.0020188 secs] [Times: user=0.01 sys=0.00, real=0.00 secs] 
2365.386: [GC (Allocation Failure) [PSYoungGen: 67984K->1408K(68608K)] 347825K->281249K(752128K), 0.0017165 secs] [Times: user=0.00 sys=0.00, real=0.00 secs] 
2365.924: [GC (Allocation Failure) [PSYoungGen: 67968K->1408K(68608K)] 347809K->281249K(752128K), 0.0020940 secs] [Times: user=0.01 sys=0.00, real=0.00 secs] 
2366.473: [GC (Allocation Failure) [PSYoungGen: 67968K->1344K(68608K)] 347809K->281185K(752128K), 0.0020526 secs] [Times: user=0.01 sys=0.00, real=0.00 secs] 
2366.997: [GC (Allocation Failure) [PSYoungGen: 67904K->1533K(68608K)] 347745K->281375K(752128K), 0.0015239 secs] [Times: user=0.01 sys=0.00, real=0.00 secs] 
2367.387: [GC (Allocation Failure) [PSYoungGen: 68093K->1629K(68608K)] 347935K->281471K(752128K), 0.0016570 secs] [Times: user=0.01 sys=0.00, real=0.00 secs] 
2367.778: [GC (Allocation Failure) [PSYoungGen: 68189K->1597K(68608K)] 348031K->281439K(752128K), 0.0016828 secs] [Times: user=0.01 sys=0.00, real=0.00 secs] 
2368.183: [GC (Allocation Failure) [PSYoungGen: 68157K->1568K(68608K)] 347999K->281409K(752128K), 0.0016231 secs] [Times: user=0.00 sys=0.00, real=0.00 secs] 
2368.575: [GC (Allocation Failure) [PSYoungGen: 68128K->1376K(68608K)] 347969K->281233K(752128K), 0.0018770 secs] [Times: user=0.01 sys=0.00, real=0.00 secs] 
2368.852: [GC (Allocation Failure) [PSYoungGen: 67936K->1360K(68608K)] 347793K->281217K(752128K), 0.0015635 secs] [Times: user=0.01 sys=0.00, real=0.00 secs] 
2369.128: [GC (Allocation Failure) [PSYoungGen: 67920K->1408K(68608K)] 347777K->281265K(752128K), 0.0017147 secs] [Times: user=0.01 sys=0.00, real=0.00 secs] 
2369.404: [GC (Allocation Failure) [PSYoungGen: 67968K->1376K(68608K)] 347825K->281233K(752128K), 0.0017098 secs] [Times: user=0.01 sys=0.00, real=0.00 secs] 
2369.802: [GC (Allocation Failure) [PSYoungGen: 67936K->1552K(68608K)] 347793K->281409K(752128K), 0.0016462 secs] [Times: user=0.00 sys=0.00, real=0.00 secs] 
2370.193: [GC (Allocation Failure) [PSYoungGen: 68112K->1533K(68608K)] 347969K->281391K(752128K), 0.0015853 secs] [Times: user=0.01 sys=0.00, real=0.00 secs] 
2370.595: [GC (Allocation Failure) [PSYoungGen: 68093K->1568K(68608K)] 347951K->281425K(752128K), 0.0016742 secs] [Times: user=0.00 sys=0.00, real=0.00 secs] 
2371.092: [GC (Allocation Failure) [PSYoungGen: 68128K->1504K(68608K)] 347985K->281369K(752128K), 0.0017591 secs] [Times: user=0.00 sys=0.00, real=0.00 secs] 
2371.770: [GC (Allocation Failure) [PSYoungGen: 68064K->1440K(68608K)] 347929K->281305K(752128K), 0.0032511 secs] [Times: user=0.01 sys=0.00, real=0.01 secs] 
2372.230: [GC (Allocation Failure) [PSYoungGen: 68000K->1440K(68608K)] 347865K->281305K(752128K), 0.0021875 secs] [Times: user=0.01 sys=0.00, real=0.01 secs] 
2372.741: [GC (Allocation Failure) [PSYoungGen: 68000K->1408K(68608K)] 347865K->281273K(752128K), 0.0019468 secs] [Times: user=0.01 sys=0.00, real=0.01 secs] 
2373.209: [GC (Allocation Failure) [PSYoungGen: 67968K->1440K(68608K)] 347833K->281305K(752128K), 0.0019766 secs] [Times: user=0.01 sys=0.00, real=0.00 secs] 
2373.652: [GC (Allocation Failure) [PSYoungGen: 68000K->1533K(68608K)] 347865K->281399K(752128K), 0.0015688 secs] [Times: user=0.00 sys=0.00, real=0.00 secs] 
2374.043: [GC (Allocation Failure) [PSYoungGen: 68093K->1568K(68608K)] 347959K->281433K(752128K), 0.0017071 secs] [Times: user=0.01 sys=0.00, real=0.00 secs] 
2374.435: [GC (Allocation Failure) [PSYoungGen: 68128K->1536K(68608K)] 347993K->281417K(752128K), 0.0016514 secs] [Times: user=0.01 sys=0.00, real=0.00 secs] 
2374.996: [GC (Allocation Failure) [PSYoungGen: 68096K->1520K(68608K)] 347977K->281401K(752128K), 0.0018831 secs] [Times: user=0.01 sys=0.00, real=0.00 secs] 
2375.567: [GC (Allocation Failure) [PSYoungGen: 68080K->1376K(68608K)] 347961K->281257K(752128K), 0.0020516 secs] [Times: user=0.01 sys=0.00, real=0.00 secs] 
2376.114: [GC (Allocation Failure) [PSYoungGen: 67936K->1408K(68608K)] 347817K->281289K(752128K), 0.0024002 secs] [Times: user=0.01 sys=0.00, real=0.00 secs] 
2376.626: [GC (Allocation Failure) [PSYoungGen: 67968K->1440K(68608K)] 347849K->281321K(752128K), 0.0026094 secs] [Times: user=0.01 sys=0.00, real=0.00 secs] 
2377.352: [GC (Allocation Failure) [PSYoungGen: 68000K->1485K(68608K)] 347881K->281367K(752128K), 0.0022849 secs] [Times: user=0.01 sys=0.00, real=0.00 secs] 
2377.799: [GC (Allocation Failure) [PSYoungGen: 68045K->1581K(68608K)] 347927K->281463K(752128K), 0.0016833 secs] [Times: user=0.00 sys=0.00, real=0.00 secs] 
2378.189: [GC (Allocation Failure) [PSYoungGen: 68141K->1565K(68608K)] 348023K->281447K(752128K), 0.0015698 secs] [Times: user=0.01 sys=0.00, real=0.00 secs] 
2378.577: [GC (Allocation Failure) [PSYoungGen: 68125K->1565K(68608K)] 348007K->281479K(752128K), 0.0015900 secs] [Times: user=0.01 sys=0.00, real=0.00 secs] 
2378.962: [GC (Allocation Failure) [PSYoungGen: 68125K->1488K(68608K)] 348039K->281409K(752128K), 0.0015840 secs] [Times: user=0.01 sys=0.00, real=0.00 secs] 
2379.338: [GC (Allocation Failure) [PSYoungGen: 68048K->1376K(68608K)] 347969K->281297K(752128K), 0.0015047 secs] [Times: user=0.00 sys=0.00, real=0.00 secs] 
2379.785: [GC (Allocation Failure) [PSYoungGen: 67936K->1376K(68608K)] 347857K->281297K(752128K), 0.0023366 secs] [Times: user=0.01 sys=0.00, real=0.00 secs] 
2380.401: [GC (Allocation Failure) [PSYoungGen: 67936K->1408K(68608K)] 347857K->281329K(752128K), 0.0025823 secs] [Times: user=0.01 sys=0.00, real=0.01 secs] 
2381.195: [GC (Allocation Failure) [PSYoungGen: 67968K->1472K(68608K)] 347889K->281393K(752128K), 0.0020093 secs] [Times: user=0.00 sys=0.00, real=0.00 secs] 
2381.614: [GC (Allocation Failure) [PSYoungGen: 68032K->1568K(68608K)] 347953K->281489K(752128K), 0.0017357 secs] [Times: user=0.01 sys=0.00, real=0.00 secs] 
2382.003: [GC (Allocation Failure) [PSYoungGen: 68128K->1536K(68608K)] 348049K->281457K(752128K), 0.0015788 secs] [Times: user=0.00 sys=0.00, real=0.00 secs] 
2382.393: [GC (Allocation Failure) [PSYoungGen: 68078K->1600K(68608K)] 348000K->281537K(752128K), 0.0015850 secs] [Times: user=0.00 sys=0.00, real=0.00 secs] 
2382.995: [GC (Allocation Failure) [PSYoungGen: 68160K->1504K(68608K)] 348097K->281441K(752128K), 0.0018753 secs] [Times: user=0.00 sys=0.00, real=0.00 secs] 
2383.582: [GC (Allocation Failure) [PSYoungGen: 68064K->1344K(68608K)] 348001K->281281K(752128K), 0.0018678 secs] [Times: user=0.01 sys=0.00, real=0.00 secs] 
2384.538: [GC (Allocation Failure) [PSYoungGen: 67904K->1376K(68608K)] 347841K->281313K(752128K), 0.0027851 secs] [Times: user=0.01 sys=0.00, real=0.00 secs] 
2385.204: [GC (Allocation Failure) [PSYoungGen: 67936K->1408K(68608K)] 347873K->281345K(752128K), 0.0031166 secs] [Times: user=0.01 sys=0.00, real=0.00 secs] 
2385.777: [GC (Allocation Failure) [PSYoungGen: 67968K->1469K(68608K)] 347905K->281407K(752128K), 0.0016053 secs] [Times: user=0.01 sys=0.00, real=0.00 secs] 
2386.167: [GC (Allocation Failure) [PSYoungGen: 68029K->1616K(68608K)] 347967K->281553K(752128K), 0.0017870 secs] [Times: user=0.01 sys=0.00, real=0.00 secs] 
2386.558: [GC (Allocation Failure) [PSYoungGen: 68176K->1616K(68608K)] 348113K->281553K(752128K), 0.0016894 secs] [Times: user=0.01 sys=0.00, real=0.00 secs] 
2386.948: [GC (Allocation Failure) [PSYoungGen: 68176K->1597K(68608K)] 348113K->281559K(752128K), 0.0016731 secs] [Times: user=0.00 sys=0.00, real=0.00 secs] 
2387.628: [GC (Allocation Failure) [PSYoungGen: 68157K->1408K(68608K)] 348119K->281369K(752128K), 0.0016577 secs] [Times: user=0.01 sys=0.00, real=0.00 secs] 
2388.316: [GC (Allocation Failure) [PSYoungGen: 67968K->1344K(68608K)] 347929K->281305K(752128K), 0.0029363 secs] [Times: user=0.01 sys=0.00, real=0.00 secs] 
2388.886: [GC (Allocation Failure) [PSYoungGen: 67904K->1376K(68608K)] 347865K->281337K(752128K), 0.0028663 secs] [Times: user=0.01 sys=0.00, real=0.00 secs] 
2389.467: [GC (Allocation Failure) [PSYoungGen: 67936K->1408K(68608K)] 347897K->281385K(752128K), 0.0024295 secs] [Times: user=0.01 sys=0.00, real=0.00 secs] 
2389.935: [GC (Allocation Failure) [PSYoungGen: 67968K->1517K(68608K)] 347945K->281495K(752128K), 0.0015636 secs] [Times: user=0.01 sys=0.00, real=0.00 secs] 
2390.326: [GC (Allocation Failure) [PSYoungGen: 68077K->1533K(68608K)] 348055K->281511K(752128K), 0.0016160 secs] [Times: user=0.01 sys=0.00, real=0.00 secs] 
2390.720: [GC (Allocation Failure) [PSYoungGen: 68093K->1565K(68608K)] 348071K->281543K(752128K), 0.0016471 secs] [Times: user=0.00 sys=0.00, real=0.01 secs] 
2391.121: [GC (Allocation Failure) [PSYoungGen: 68125K->1597K(68608K)] 348103K->281591K(752128K), 0.0017071 secs] [Times: user=0.00 sys=0.00, real=0.01 secs] 
2391.757: [GC (Allocation Failure) [PSYoungGen: 68157K->1456K(68608K)] 348151K->281449K(752128K), 0.0025469 secs] [Times: user=0.01 sys=0.00, real=0.00 secs] 
2392.317: [GC (Allocation Failure) [PSYoungGen: 68016K->1376K(68608K)] 348009K->281369K(752128K), 0.0036362 secs] [Times: user=0.02 sys=0.00, real=0.00 secs] 
2392.867: [GC (Allocation Failure) [PSYoungGen: 67936K->1376K(68608K)] 347929K->281369K(752128K), 0.0026907 secs] [Times: user=0.01 sys=0.00, real=0.00 secs] 
2393.146: [GC (Allocation Failure) [PSYoungGen: 67936K->1408K(68608K)] 347929K->281401K(752128K), 0.0018775 secs] [Times: user=0.01 sys=0.00, real=0.00 secs] 
2393.512: [GC (Allocation Failure) [PSYoungGen: 67968K->1581K(68608K)] 347961K->281575K(752128K), 0.0015775 secs] [Times: user=0.01 sys=0.00, real=0.00 secs] 
2393.902: [GC (Allocation Failure) [PSYoungGen: 68141K->1597K(68608K)] 348135K->281591K(752128K), 0.0017184 secs] [Times: user=0.01 sys=0.00, real=0.00 secs] 
2394.296: [GC (Allocation Failure) [PSYoungGen: 68147K->1613K(68608K)] 348141K->281607K(752128K), 0.0016416 secs] [Times: user=0.00 sys=0.00, real=0.00 secs] 
2394.748: [GC (Allocation Failure) [PSYoungGen: 68173K->1565K(68608K)] 348167K->281575K(752128K), 0.0017454 secs] [Times: user=0.01 sys=0.00, real=0.00 secs] 
2395.130: [GC (Allocation Failure) [PSYoungGen: 68125K->1456K(68608K)] 348135K->281465K(752128K), 0.0018760 secs] [Times: user=0.00 sys=0.00, real=0.01 secs] 
2395.433: [GC (Allocation Failure) [PSYoungGen: 68016K->1376K(68608K)] 348025K->281385K(752128K), 0.0019091 secs] [Times: user=0.01 sys=0.00, real=0.00 secs] 
2395.760: [GC (Allocation Failure) [PSYoungGen: 67936K->1424K(68608K)] 347945K->281433K(752128K), 0.0019177 secs] [Times: user=0.01 sys=0.00, real=0.01 secs] 
2396.138: [GC (Allocation Failure) [PSYoungGen: 67984K->1392K(68608K)] 347993K->281401K(752128K), 0.0020259 secs] [Times: user=0.01 sys=0.00, real=0.00 secs] 
2396.533: [GC (Allocation Failure) [PSYoungGen: 67952K->1565K(68608K)] 347961K->281575K(752128K), 0.0017168 secs] [Times: user=0.01 sys=0.00, real=0.00 secs] 
2396.923: [GC (Allocation Failure) [PSYoungGen: 68125K->1597K(68608K)] 348135K->281607K(752128K), 0.0016791 secs] [Times: user=0.00 sys=0.00, real=0.00 secs] 
2397.312: [GC (Allocation Failure) [PSYoungGen: 68157K->1600K(68608K)] 348167K->281625K(752128K), 0.0016811 secs] [Times: user=0.00 sys=0.00, real=0.00 secs] 
2397.723: [GC (Allocation Failure) [PSYoungGen: 68160K->2032K(68608K)] 348185K->282057K(752128K), 0.0018854 secs] [Times: user=0.01 sys=0.00, real=0.00 secs] 
2398.305: [GC (Allocation Failure) [PSYoungGen: 68592K->1376K(68608K)] 348617K->281401K(752128K), 0.0015386 secs] [Times: user=0.01 sys=0.00, real=0.00 secs] 
2398.991: [GC (Allocation Failure) [PSYoungGen: 67936K->1344K(68608K)] 347961K->281369K(752128K), 0.0020801 secs] [Times: user=0.01 sys=0.00, real=0.00 secs] 
2399.754: [GC (Allocation Failure) [PSYoungGen: 67904K->1360K(68608K)] 347929K->281385K(752128K), 0.0020934 secs] [Times: user=0.01 sys=0.00, real=0.00 secs] 
2400.643: [GC (Allocation Failure) [PSYoungGen: 67920K->1360K(68608K)] 347945K->281385K(752128K), 0.0026165 secs] [Times: user=0.01 sys=0.00, real=0.00 secs] 
2401.196: [GC (Allocation Failure) [PSYoungGen: 67920K->1600K(68608K)] 347945K->281625K(752128K), 0.0015401 secs] [Times: user=0.01 sys=0.00, real=0.00 secs] 
2401.655: [GC (Allocation Failure) [PSYoungGen: 68160K->1613K(68608K)] 348185K->281639K(752128K), 0.0017449 secs] [Times: user=0.01 sys=0.00, real=0.00 secs] 
2402.045: [GC (Allocation Failure) [PSYoungGen: 68173K->1597K(68608K)] 348199K->281623K(752128K), 0.0017814 secs] [Times: user=0.01 sys=0.00, real=0.00 secs] 
2402.492: [GC (Allocation Failure) [PSYoungGen: 68157K->1520K(68608K)] 348183K->281553K(752128K), 0.0019473 secs] [Times: user=0.01 sys=0.00, real=0.00 secs] 
2403.292: [GC (Allocation Failure) [PSYoungGen: 68080K->1376K(68608K)] 348113K->281409K(752128K), 0.0025842 secs] [Times: user=0.01 sys=0.00, real=0.00 secs] 
2404.117: [GC (Allocation Failure) [PSYoungGen: 67936K->1376K(68608K)] 347969K->281409K(752128K), 0.0025469 secs] [Times: user=0.01 sys=0.00, real=0.00 secs] 
2404.883: [GC (Allocation Failure) [PSYoungGen: 67936K->1408K(68608K)] 347969K->281441K(752128K), 0.0028394 secs] [Times: user=0.01 sys=0.00, real=0.00 secs] 
2405.525: [GC (Allocation Failure) [PSYoungGen: 67854K->288K(68608K)] 347888K->280321K(752128K), 0.0028807 secs] [Times: user=0.01 sys=0.00, real=0.00 secs] 
2406.067: [GC (Allocation Failure) [PSYoungGen: 66830K->1613K(68608K)] 346864K->281647K(752128K), 0.0017511 secs] [Times: user=0.00 sys=0.00, real=0.00 secs] 
2406.514: [GC (Allocation Failure) [PSYoungGen: 68165K->1613K(68608K)] 348199K->281647K(752128K), 0.0016305 secs] [Times: user=0.01 sys=0.00, real=0.00 secs] 
2406.907: [GC (Allocation Failure) [PSYoungGen: 68165K->1613K(68608K)] 348199K->281671K(752128K), 0.0017993 secs] [Times: user=0.00 sys=0.00, real=0.00 secs] 
2407.438: [GC (Allocation Failure) [PSYoungGen: 68173K->1520K(68608K)] 348231K->281577K(752128K), 0.0027770 secs] [Times: user=0.01 sys=0.00, real=0.00 secs] 
2408.125: [GC (Allocation Failure) [PSYoungGen: 68080K->1376K(68608K)] 348137K->281433K(752128K), 0.0030843 secs] [Times: user=0.02 sys=0.00, real=0.00 secs] 
2408.650: [GC (Allocation Failure) [PSYoungGen: 67936K->1344K(68608K)] 347993K->281401K(752128K), 0.0029247 secs] [Times: user=0.02 sys=0.00, real=0.01 secs] 
2409.241: [GC (Allocation Failure) [PSYoungGen: 67904K->1408K(68608K)] 347961K->281465K(752128K), 0.0029440 secs] [Times: user=0.01 sys=0.00, real=0.01 secs] 
2409.839: [GC (Allocation Failure) [PSYoungGen: 67968K->1437K(68608K)] 348025K->281511K(752128K), 0.0021680 secs] [Times: user=0.00 sys=0.00, real=0.01 secs] 
2410.249: [GC (GCLocker Initiated GC) [PSYoungGen: 67997K->1533K(68608K)] 348071K->281607K(752128K), 0.0016321 secs] [Times: user=0.00 sys=0.00, real=0.00 secs] 
2410.644: [GC (Allocation Failure) [PSYoungGen: 68093K->1485K(68608K)] 348744K->282136K(752128K), 0.0016576 secs] [Times: user=0.01 sys=0.00, real=0.00 secs] 
2411.035: [GC (Allocation Failure) [PSYoungGen: 68045K->1693K(68608K)] 348696K->282360K(752128K), 0.0017227 secs] [Times: user=0.00 sys=0.00, real=0.00 secs] 
2411.468: [GC (Allocation Failure) [PSYoungGen: 68253K->1568K(68608K)] 348920K->282235K(752128K), 0.0018850 secs] [Times: user=0.00 sys=0.00, real=0.00 secs] 
2411.745: [GC (Allocation Failure) [PSYoungGen: 68128K->1504K(68608K)] 348795K->282171K(752128K), 0.0017519 secs] [Times: user=0.01 sys=0.00, real=0.00 secs] 
2412.021: [GC (Allocation Failure) [PSYoungGen: 68064K->1472K(68608K)] 348731K->282139K(752128K), 0.0020506 secs] [Times: user=0.01 sys=0.00, real=0.01 secs] 
2412.298: [GC (Allocation Failure) [PSYoungGen: 68032K->1488K(68608K)] 348699K->282155K(752128K), 0.0023909 secs] [Times: user=0.01 sys=0.00, real=0.00 secs] 
2412.643: [GC (Allocation Failure) [PSYoungGen: 68032K->1597K(68608K)] 348699K->282264K(752128K), 0.0015183 secs] [Times: user=0.01 sys=0.00, real=0.00 secs] 
2413.033: [GC (Allocation Failure) [PSYoungGen: 68157K->1725K(68608K)] 348824K->282392K(752128K), 0.0017420 secs] [Times: user=0.01 sys=0.00, real=0.00 secs] 
2413.425: [GC (Allocation Failure) [PSYoungGen: 68285K->1677K(68608K)] 348952K->282344K(752128K), 0.0017237 secs] [Times: user=0.00 sys=0.00, real=0.00 secs] 
2413.814: [GC (Allocation Failure) [PSYoungGen: 68237K->1741K(68608K)] 348904K->282432K(752128K), 0.0016233 secs] [Times: user=0.01 sys=0.00, real=0.00 secs] 
2414.416: [GC (Allocation Failure) [PSYoungGen: 68301K->1584K(68608K)] 348992K->282275K(752128K), 0.0018628 secs] [Times: user=0.01 sys=0.00, real=0.00 secs] 
2414.980: [GC (Allocation Failure) [PSYoungGen: 68144K->1440K(68608K)] 348835K->282131K(752128K), 0.0020258 secs] [Times: user=0.01 sys=0.00, real=0.01 secs] 
2415.633: [GC (Allocation Failure) [PSYoungGen: 68000K->1536K(68608K)] 348691K->282227K(752128K), 0.0024705 secs] [Times: user=0.01 sys=0.00, real=0.00 secs] 
2416.032: [GC (Allocation Failure) [PSYoungGen: 68096K->1440K(68608K)] 348787K->282171K(752128K), 0.0020028 secs] [Times: user=0.01 sys=0.01, real=0.00 secs] 
2416.428: [GC (Allocation Failure) [PSYoungGen: 68000K->1549K(68608K)] 348731K->282288K(752128K), 0.0016652 secs] [Times: user=0.01 sys=0.00, real=0.00 secs] 
2416.818: [GC (Allocation Failure) [PSYoungGen: 68109K->1680K(68608K)] 348848K->282435K(752128K), 0.0016436 secs] [Times: user=0.00 sys=0.00, real=0.00 secs] 
2417.271: [GC (Allocation Failure) [PSYoungGen: 68240K->1597K(68608K)] 348995K->282448K(752128K), 0.0016719 secs] [Times: user=0.00 sys=0.00, real=0.01 secs] 
2417.662: [GC (Allocation Failure) [PSYoungGen: 68157K->1613K(68608K)] 349008K->282488K(752128K), 0.0017168 secs] [Times: user=0.01 sys=0.00, real=0.00 secs] 
2417.995: [GC (Allocation Failure) [PSYoungGen: 68173K->1440K(68608K)] 349048K->282315K(752128K), 0.0019784 secs] [Times: user=0.01 sys=0.00, real=0.00 secs] 
2418.272: [GC (Allocation Failure) [PSYoungGen: 68000K->1344K(68608K)] 348875K->282219K(752128K), 0.0019208 secs] [Times: user=0.01 sys=0.00, real=0.00 secs] 
2418.549: [GC (Allocation Failure) [PSYoungGen: 67904K->1344K(68608K)] 348779K->282219K(752128K), 0.0018777 secs] [Times: user=0.01 sys=0.00, real=0.00 secs] 
2418.888: [GC (Allocation Failure) [PSYoungGen: 67904K->1344K(68608K)] 348779K->282219K(752128K), 0.0019227 secs] [Times: user=0.01 sys=0.00, real=0.00 secs] 
2419.505: [GC (Allocation Failure) [PSYoungGen: 67904K->1520K(68608K)] 348779K->282395K(752128K), 0.0016195 secs] [Times: user=0.00 sys=0.00, real=0.00 secs] 
2419.895: [GC (Allocation Failure) [PSYoungGen: 68080K->1613K(68608K)] 348955K->282488K(752128K), 0.0018121 secs] [Times: user=0.00 sys=0.00, real=0.00 secs] 
2420.287: [GC (Allocation Failure) [PSYoungGen: 68173K->1565K(68608K)] 349048K->282440K(752128K), 0.0015787 secs] [Times: user=0.00 sys=0.00, real=0.00 secs] 
2420.681: [GC (Allocation Failure) [PSYoungGen: 68125K->1549K(68608K)] 349000K->282440K(752128K), 0.0016759 secs] [Times: user=0.01 sys=0.00, real=0.01 secs] 
2421.188: [GC (Allocation Failure) [PSYoungGen: 68109K->1440K(68608K)] 349000K->282331K(752128K), 0.0032235 secs] [Times: user=0.01 sys=0.00, real=0.01 secs] 
2421.711: [GC (Allocation Failure) [PSYoungGen: 68000K->1408K(68608K)] 348891K->282299K(752128K), 0.0020782 secs] [Times: user=0.01 sys=0.00, real=0.01 secs] 
2422.234: [GC (Allocation Failure) [PSYoungGen: 67968K->1376K(68608K)] 348859K->282267K(752128K), 0.0020724 secs] [Times: user=0.01 sys=0.00, real=0.00 secs] 
2422.771: [GC (Allocation Failure) [PSYoungGen: 67936K->1376K(68608K)] 348827K->282267K(752128K), 0.0021580 secs] [Times: user=0.01 sys=0.00, real=0.01 secs] 
2423.356: [GC (Allocation Failure) [PSYoungGen: 67936K->1533K(68608K)] 348827K->282424K(752128K), 0.0015652 secs] [Times: user=0.01 sys=0.00, real=0.00 secs] 
2423.744: [GC (Allocation Failure) [PSYoungGen: 68082K->1613K(68608K)] 348974K->282504K(752128K), 0.0016491 secs] [Times: user=0.01 sys=0.00, real=0.00 secs] 
2424.134: [GC (Allocation Failure) [PSYoungGen: 68173K->1645K(68608K)] 349064K->282536K(752128K), 0.0017307 secs] [Times: user=0.01 sys=0.00, real=0.00 secs] 
2424.526: [GC (Allocation Failure) [PSYoungGen: 68205K->1613K(68608K)] 349096K->282520K(752128K), 0.0016567 secs] [Times: user=0.00 sys=0.00, real=0.00 secs] 
2424.873: [GC (Allocation Failure) [PSYoungGen: 68173K->1440K(68608K)] 349080K->282347K(752128K), 0.0015950 secs] [Times: user=0.01 sys=0.00, real=0.00 secs] 
2425.234: [GC (Allocation Failure) [PSYoungGen: 68000K->1376K(68608K)] 348907K->282283K(752128K), 0.0026302 secs] [Times: user=0.01 sys=0.00, real=0.00 secs] 
2425.536: [GC (Allocation Failure) [PSYoungGen: 67936K->1408K(68608K)] 348843K->282315K(752128K), 0.0021300 secs] [Times: user=0.01 sys=0.00, real=0.00 secs] 
2426.124: [GC (Allocation Failure) [PSYoungGen: 67968K->1376K(68608K)] 348875K->282283K(752128K), 0.0026395 secs] [Times: user=0.01 sys=0.00, real=0.00 secs] 
2426.637: [GC (Allocation Failure) [PSYoungGen: 67936K->1581K(68608K)] 348843K->282488K(752128K), 0.0017391 secs] [Times: user=0.00 sys=0.00, real=0.00 secs] 
2427.089: [GC (Allocation Failure) [PSYoungGen: 68141K->1581K(68608K)] 349048K->282488K(752128K), 0.0018101 secs] [Times: user=0.01 sys=0.00, real=0.00 secs] 
2427.479: [GC (Allocation Failure) [PSYoungGen: 68141K->1645K(68608K)] 349048K->282552K(752128K), 0.0017185 secs] [Times: user=0.00 sys=0.00, real=0.00 secs] 
2427.884: [GC (Allocation Failure) [PSYoungGen: 68205K->2016K(68608K)] 349112K->282955K(752128K), 0.0019570 secs] [Times: user=0.01 sys=0.00, real=0.00 secs] 
2428.161: [GC (Allocation Failure) [PSYoungGen: 68576K->1376K(68608K)] 349515K->282315K(752128K), 0.0019743 secs] [Times: user=0.01 sys=0.00, real=0.00 secs] 
2428.438: [GC (Allocation Failure) [PSYoungGen: 67936K->1344K(68608K)] 348875K->282283K(752128K), 0.0019444 secs] [Times: user=0.00 sys=0.00, real=0.00 secs] 
2428.990: [GC (Allocation Failure) [PSYoungGen: 67904K->1344K(68608K)] 348843K->282283K(752128K), 0.0019629 secs] [Times: user=0.00 sys=0.00, real=0.01 secs] 
2429.658: [GC (Allocation Failure) [PSYoungGen: 67904K->1344K(68608K)] 348843K->282283K(752128K), 0.0020642 secs] [Times: user=0.00 sys=0.01, real=0.00 secs] 
2430.119: [GC (Allocation Failure) [PSYoungGen: 67904K->1581K(68608K)] 348843K->282520K(752128K), 0.0015867 secs] [Times: user=0.00 sys=0.00, real=0.00 secs] 
2430.571: [GC (Allocation Failure) [PSYoungGen: 68141K->1613K(68608K)] 349080K->282552K(752128K), 0.0016800 secs] [Times: user=0.01 sys=0.00, real=0.01 secs] 
2430.964: [GC (Allocation Failure) [PSYoungGen: 68173K->1581K(68608K)] 349112K->282528K(752128K), 0.0017558 secs] [Times: user=0.00 sys=0.00, real=0.00 secs] 
2431.494: [GC (Allocation Failure) [PSYoungGen: 68141K->1520K(68608K)] 349088K->282467K(752128K), 0.0025267 secs] [Times: user=0.01 sys=0.00, real=0.00 secs] 
2432.017: [GC (Allocation Failure) [PSYoungGen: 68080K->1392K(68608K)] 349027K->282339K(752128K), 0.0022341 secs] [Times: user=0.01 sys=0.00, real=0.00 secs] 
2432.545: [GC (Allocation Failure) [PSYoungGen: 67952K->1392K(68608K)] 348899K->282339K(752128K), 0.0017729 secs] [Times: user=0.01 sys=0.00, real=0.00 secs] 
2433.089: [GC (Allocation Failure) [PSYoungGen: 67952K->1440K(68608K)] 348899K->282387K(752128K), 0.0020200 secs] [Times: user=0.01 sys=0.00, real=0.00 secs] 
2433.665: [GC (Allocation Failure) [PSYoungGen: 68000K->1469K(68608K)] 348947K->282416K(752128K), 0.0020656 secs] [Times: user=0.01 sys=0.00, real=0.00 secs] 
2434.096: [GC (Allocation Failure) [PSYoungGen: 68029K->1645K(68608K)] 348976K->282592K(752128K), 0.0016482 secs] [Times: user=0.01 sys=0.00, real=0.00 secs] 
2434.544: [GC (Allocation Failure) [PSYoungGen: 68205K->1613K(68608K)] 349152K->282560K(752128K), 0.0017716 secs] [Times: user=0.01 sys=0.00, real=0.00 secs] 
2434.935: [GC (Allocation Failure) [PSYoungGen: 68173K->1565K(68608K)] 349120K->282528K(752128K), 0.0016079 secs] [Times: user=0.01 sys=0.00, real=0.00 secs] 
2435.327: [GC (Allocation Failure) [PSYoungGen: 68125K->1440K(68608K)] 349088K->282403K(752128K), 0.0023000 secs] [Times: user=0.01 sys=0.00, real=0.00 secs] 
2435.860: [GC (Allocation Failure) [PSYoungGen: 68000K->1376K(68608K)] 348963K->282339K(752128K), 0.0022026 secs] [Times: user=0.01 sys=0.00, real=0.01 secs] 
2436.440: [GC (Allocation Failure) [PSYoungGen: 67936K->1408K(68608K)] 348899K->282371K(752128K), 0.0035757 secs] [Times: user=0.01 sys=0.00, real=0.01 secs] 
2437.034: [GC (Allocation Failure) [PSYoungGen: 67968K->1392K(68608K)] 348931K->282355K(752128K), 0.0026437 secs] [Times: user=0.01 sys=0.00, real=0.00 secs] 
2437.647: [GC (Allocation Failure) [PSYoungGen: 67952K->1469K(68608K)] 348915K->282432K(752128K), 0.0020316 secs] [Times: user=0.01 sys=0.00, real=0.00 secs] 
2438.051: [GC (Allocation Failure) [PSYoungGen: 68029K->1565K(68608K)] 348992K->282528K(752128K), 0.0015227 secs] [Times: user=0.00 sys=0.01, real=0.01 secs] 
2438.441: [GC (Allocation Failure) [PSYoungGen: 68125K->1597K(68608K)] 349088K->282576K(752128K), 0.0016186 secs] [Times: user=0.00 sys=0.00, real=0.01 secs] 
2438.830: [GC (Allocation Failure) [PSYoungGen: 68152K->1536K(68608K)] 349131K->282523K(752128K), 0.0017015 secs] [Times: user=0.00 sys=0.00, real=0.01 secs] 
2439.229: [GC (Allocation Failure) [PSYoungGen: 68096K->1440K(68608K)] 349083K->282427K(752128K), 0.0018257 secs] [Times: user=0.01 sys=0.00, real=0.00 secs] 
2439.562: [GC (Allocation Failure) [PSYoungGen: 68000K->1408K(68608K)] 348987K->282395K(752128K), 0.0019914 secs] [Times: user=0.01 sys=0.00, real=0.00 secs] 
2439.839: [GC (Allocation Failure) [PSYoungGen: 67968K->1376K(68608K)] 348955K->282363K(752128K), 0.0019215 secs] [Times: user=0.01 sys=0.00, real=0.00 secs] 
2440.115: [GC (Allocation Failure) [PSYoungGen: 67936K->1344K(68608K)] 348923K->282331K(752128K), 0.0018435 secs] [Times: user=0.01 sys=0.00, real=0.00 secs] 
2440.519: [GC (Allocation Failure) [PSYoungGen: 67904K->1456K(68608K)] 348891K->282443K(752128K), 0.0019377 secs] [Times: user=0.01 sys=0.00, real=0.00 secs] 
2441.019: [GC (Allocation Failure) [PSYoungGen: 68016K->1565K(68608K)] 349003K->282552K(752128K), 0.0017635 secs] [Times: user=0.01 sys=0.00, real=0.00 secs] 
2441.470: [GC (Allocation Failure) [PSYoungGen: 68125K->1533K(68608K)] 349112K->282520K(752128K), 0.0018246 secs] [Times: user=0.01 sys=0.00, real=0.01 secs] 
2441.919: [GC (Allocation Failure) [PSYoungGen: 68093K->1613K(68608K)] 349080K->282616K(752128K), 0.0016654 secs] [Times: user=0.01 sys=0.00, real=0.00 secs] 
2442.275: [GC (Allocation Failure) [PSYoungGen: 68173K->1440K(68608K)] 349176K->282443K(752128K), 0.0024789 secs] [Times: user=0.01 sys=0.00, real=0.00 secs] 
2442.894: [GC (Allocation Failure) [PSYoungGen: 68000K->1360K(68608K)] 349003K->282363K(752128K), 0.0032314 secs] [Times: user=0.01 sys=0.00, real=0.00 secs] 
2443.550: [GC (Allocation Failure) [PSYoungGen: 67920K->1408K(68608K)] 348923K->282411K(752128K), 0.0036668 secs] [Times: user=0.01 sys=0.00, real=0.01 secs] 
2444.365: [GC (Allocation Failure) [PSYoungGen: 67968K->1376K(68608K)] 348971K->282379K(752128K), 0.0031636 secs] [Times: user=0.01 sys=0.00, real=0.00 secs] 
2445.131: [GC (Allocation Failure) [PSYoungGen: 67936K->1581K(68608K)] 348939K->282584K(752128K), 0.0016028 secs] [Times: user=0.00 sys=0.00, real=0.01 secs] 
2445.522: [GC (Allocation Failure) [PSYoungGen: 68141K->1597K(68608K)] 349144K->282600K(752128K), 0.0016027 secs] [Times: user=0.01 sys=0.00, real=0.00 secs] 
2445.974: [GC (Allocation Failure) [PSYoungGen: 68157K->1565K(68608K)] 349160K->282568K(752128K), 0.0017297 secs] [Times: user=0.01 sys=0.00, real=0.00 secs] 
2446.426: [GC (Allocation Failure) [PSYoungGen: 68125K->1565K(68608K)] 349128K->282592K(752128K), 0.0017131 secs] [Times: user=0.00 sys=0.00, real=0.00 secs] 
2446.815: [GC (Allocation Failure) [PSYoungGen: 68125K->1408K(68608K)] 349152K->282435K(752128K), 0.0025156 secs] [Times: user=0.01 sys=0.00, real=0.00 secs] 
2447.102: [GC (Allocation Failure) [PSYoungGen: 67968K->1376K(68608K)] 348995K->282403K(752128K), 0.0018827 secs] [Times: user=0.00 sys=0.00, real=0.00 secs] 
2447.645: [GC (Allocation Failure) [PSYoungGen: 67936K->1408K(68608K)] 348963K->282435K(752128K), 0.0019844 secs] [Times: user=0.01 sys=0.00, real=0.00 secs] 
2448.138: [GC (Allocation Failure) [PSYoungGen: 67968K->1424K(68608K)] 348995K->282451K(752128K), 0.0018076 secs] [Times: user=0.01 sys=0.00, real=0.00 secs] 
2448.727: [GC (Allocation Failure) [PSYoungGen: 67984K->1549K(68608K)] 349011K->282592K(752128K), 0.0016017 secs] [Times: user=0.00 sys=0.00, real=0.00 secs] 
2449.118: [GC (Allocation Failure) [PSYoungGen: 68109K->1613K(68608K)] 349152K->282656K(752128K), 0.0016341 secs] [Times: user=0.00 sys=0.00, real=0.00 secs] 
2449.509: [GC (Allocation Failure) [PSYoungGen: 68173K->1581K(68608K)] 349216K->282624K(752128K), 0.0016402 secs] [Times: user=0.01 sys=0.00, real=0.00 secs] 
2449.899: [GC (Allocation Failure) [PSYoungGen: 68141K->1581K(68608K)] 349184K->282640K(752128K), 0.0016775 secs] [Times: user=0.00 sys=0.00, real=0.00 secs] 
2450.204: [GC (Allocation Failure) [PSYoungGen: 68141K->1424K(68608K)] 349200K->282483K(752128K), 0.0027959 secs] [Times: user=0.01 sys=0.00, real=0.00 secs] 
2450.615: [GC (Allocation Failure) [PSYoungGen: 67984K->1392K(68608K)] 349043K->282451K(752128K), 0.0019318 secs] [Times: user=0.00 sys=0.00, real=0.00 secs] 
2451.151: [GC (Allocation Failure) [PSYoungGen: 67952K->1376K(68608K)] 349011K->282435K(752128K), 0.0019341 secs] [Times: user=0.01 sys=0.00, real=0.01 secs] 
2451.738: [GC (Allocation Failure) [PSYoungGen: 67936K->1408K(68608K)] 348995K->282467K(752128K), 0.0032765 secs] [Times: user=0.01 sys=0.00, real=0.01 secs] 
2452.337: [GC (Allocation Failure) [PSYoungGen: 67968K->1549K(68608K)] 349027K->282608K(752128K), 0.0014824 secs] [Times: user=0.00 sys=0.00, real=0.00 secs] 
2452.734: [GC (Allocation Failure) [PSYoungGen: 68109K->1597K(68608K)] 349168K->282656K(752128K), 0.0016594 secs] [Times: user=0.00 sys=0.00, real=0.00 secs] 
2453.124: [GC (Allocation Failure) [PSYoungGen: 68157K->1597K(68608K)] 349216K->282656K(752128K), 0.0016836 secs] [Times: user=0.01 sys=0.00, real=0.00 secs] 
2453.525: [GC (Allocation Failure) [PSYoungGen: 68157K->2032K(68608K)] 349216K->283107K(752128K), 0.0016964 secs] [Times: user=0.01 sys=0.00, real=0.00 secs] 
2453.807: [GC (Allocation Failure) [PSYoungGen: 68592K->1440K(68608K)] 349667K->282515K(752128K), 0.0026868 secs] [Times: user=0.01 sys=0.00, real=0.00 secs] 
2454.079: [GC (Allocation Failure) [PSYoungGen: 68000K->1344K(68608K)] 349075K->282419K(752128K), 0.0019124 secs] [Times: user=0.01 sys=0.00, real=0.01 secs] 
2454.534: [GC (Allocation Failure) [PSYoungGen: 67904K->1392K(68608K)] 348979K->282467K(752128K), 0.0021661 secs] [Times: user=0.01 sys=0.00, real=0.00 secs] 
2455.254: [GC (Allocation Failure) [PSYoungGen: 67952K->1392K(68608K)] 349027K->282467K(752128K), 0.0026122 secs] [Times: user=0.01 sys=0.00, real=0.00 secs] 
2455.815: [GC (Allocation Failure) [PSYoungGen: 67952K->1584K(68608K)] 349027K->282659K(752128K), 0.0017345 secs] [Times: user=0.01 sys=0.00, real=0.00 secs] 
2456.212: [GC (Allocation Failure) [PSYoungGen: 68144K->1581K(68608K)] 349219K->282656K(752128K), 0.0016554 secs] [Times: user=0.00 sys=0.00, real=0.00 secs] 
2456.602: [GC (Allocation Failure) [PSYoungGen: 68141K->1549K(68608K)] 349216K->282624K(752128K), 0.0017079 secs] [Times: user=0.01 sys=0.00, real=0.00 secs] 
2457.609: [GC (Allocation Failure) [PSYoungGen: 68109K->1520K(68608K)] 349184K->282595K(752128K), 0.0035437 secs] [Times: user=0.01 sys=0.00, real=0.01 secs] 
2458.369: [GC (Allocation Failure) [PSYoungGen: 68080K->1376K(68608K)] 349155K->282451K(752128K), 0.0025331 secs] [Times: user=0.01 sys=0.00, real=0.01 secs] 
2458.796: [GC (Allocation Failure) [PSYoungGen: 67936K->1408K(68608K)] 349011K->282499K(752128K), 0.0019434 secs] [Times: user=0.01 sys=0.00, real=0.00 secs] 
2459.072: [GC (Allocation Failure) [PSYoungGen: 67968K->1376K(68608K)] 349059K->282467K(752128K), 0.0016835 secs] [Times: user=0.00 sys=0.00, real=0.00 secs] 
2459.558: [GC (Allocation Failure) [PSYoungGen: 67823K->272K(68608K)] 348914K->281363K(752128K), 0.0018371 secs] [Times: user=0.01 sys=0.00, real=0.00 secs] 
2459.960: [GC (Allocation Failure) [PSYoungGen: 66815K->1581K(68608K)] 347906K->282672K(752128K), 0.0016036 secs] [Times: user=0.01 sys=0.00, real=0.00 secs] 
2460.350: [GC (Allocation Failure) [PSYoungGen: 68136K->1613K(68608K)] 349227K->282704K(752128K), 0.0016021 secs] [Times: user=0.01 sys=0.00, real=0.01 secs] 
2460.739: [GC (Allocation Failure) [PSYoungGen: 68165K->1597K(68608K)] 349257K->282704K(752128K), 0.0015911 secs] [Times: user=0.00 sys=0.00, real=0.00 secs] 
2461.439: [GC (Allocation Failure) [PSYoungGen: 68157K->1504K(68608K)] 349264K->282611K(752128K), 0.0018885 secs] [Times: user=0.01 sys=0.00, real=0.00 secs] 
2462.406: [GC (Allocation Failure) [PSYoungGen: 68064K->1408K(68608K)] 349171K->282515K(752128K), 0.0030242 secs] [Times: user=0.02 sys=0.00, real=0.00 secs] 
2463.141: [GC (Allocation Failure) [PSYoungGen: 67968K->1392K(68608K)] 349075K->282499K(752128K), 0.0036850 secs] [Times: user=0.01 sys=0.00, real=0.01 secs] 
2463.769: [GC (Allocation Failure) [PSYoungGen: 67952K->1408K(68608K)] 349059K->282515K(752128K), 0.0026840 secs] [Times: user=0.01 sys=0.00, real=0.01 secs] 
2464.301: [GC (Allocation Failure) [PSYoungGen: 67968K->1485K(68608K)] 349075K->282592K(752128K), 0.0018374 secs] [Times: user=0.00 sys=0.00, real=0.01 secs] 
2464.695: [GC (Allocation Failure) [PSYoungGen: 68045K->1616K(68608K)] 349152K->282723K(752128K), 0.0016705 secs] [Times: user=0.01 sys=0.00, real=0.00 secs] 
2465.085: [GC (Allocation Failure) [PSYoungGen: 68176K->1600K(68608K)] 349283K->282707K(752128K), 0.0016399 secs] [Times: user=0.01 sys=0.00, real=0.00 secs] 
2465.536: [GC (Allocation Failure) [PSYoungGen: 68157K->1613K(68608K)] 349265K->282736K(752128K), 0.0016675 secs] [Times: user=0.00 sys=0.00, real=0.00 secs] 
2466.223: [GC (Allocation Failure) [PSYoungGen: 68173K->1472K(68608K)] 349296K->282595K(752128K), 0.0026495 secs] [Times: user=0.01 sys=0.00, real=0.00 secs] 
2466.775: [GC (Allocation Failure) [PSYoungGen: 68032K->1408K(68608K)] 349155K->282531K(752128K), 0.0023520 secs] [Times: user=0.01 sys=0.00, real=0.00 secs] 
2467.212: [GC (Allocation Failure) [PSYoungGen: 67968K->1408K(68608K)] 349091K->282531K(752128K), 0.0019744 secs] [Times: user=0.00 sys=0.00, real=0.00 secs] 
2467.605: [GC (Allocation Failure) [PSYoungGen: 67968K->1376K(68608K)] 349091K->282499K(752128K), 0.0019076 secs] [Times: user=0.01 sys=0.00, real=0.00 secs] 
2468.173: [GC (Allocation Failure) [PSYoungGen: 67936K->1517K(68608K)] 349059K->282640K(752128K), 0.0014926 secs] [Times: user=0.00 sys=0.00, real=0.00 secs] 
2468.564: [GC (Allocation Failure) [PSYoungGen: 68077K->1645K(68608K)] 349200K->282768K(752128K), 0.0016309 secs] [Times: user=0.00 sys=0.00, real=0.00 secs] 
2468.955: [GC (Allocation Failure) [PSYoungGen: 68205K->1613K(68608K)] 349328K->282736K(752128K), 0.0016439 secs] [Times: user=0.01 sys=0.00, real=0.00 secs] 
2469.345: [GC (Allocation Failure) [PSYoungGen: 68173K->1613K(68608K)] 349296K->282752K(752128K), 0.0015961 secs] [Times: user=0.01 sys=0.00, real=0.00 secs] 
2469.711: [GC (Allocation Failure) [PSYoungGen: 68173K->1488K(68608K)] 349312K->282627K(752128K), 0.0018401 secs] [Times: user=0.01 sys=0.00, real=0.00 secs] 
2469.988: [GC (Allocation Failure) [PSYoungGen: 68048K->1344K(68608K)] 349187K->282483K(752128K), 0.0019106 secs] [Times: user=0.01 sys=0.00, real=0.00 secs] 
2470.265: [GC (Allocation Failure) [PSYoungGen: 67904K->1312K(68608K)] 349043K->282451K(752128K), 0.0015495 secs] [Times: user=0.01 sys=0.00, real=0.00 secs] 
2470.543: [GC (Allocation Failure) [PSYoungGen: 67872K->1376K(68608K)] 349011K->282515K(752128K), 0.0024405 secs] [Times: user=0.01 sys=0.00, real=0.00 secs] 
2470.903: [GC (Allocation Failure) [PSYoungGen: 67936K->1549K(68608K)] 349075K->282688K(752128K), 0.0015485 secs] [Times: user=0.00 sys=0.00, real=0.00 secs] 
2471.297: [GC (Allocation Failure) [PSYoungGen: 68109K->1613K(68608K)] 349248K->282752K(752128K), 0.0016623 secs] [Times: user=0.01 sys=0.00, real=0.00 secs] 
2471.687: [GC (Allocation Failure) [PSYoungGen: 68173K->1629K(68608K)] 349312K->282768K(752128K), 0.0016787 secs] [Times: user=0.00 sys=0.00, real=0.00 secs] 
2472.078: [GC (Allocation Failure) [PSYoungGen: 68189K->1597K(68608K)] 349328K->282752K(752128K), 0.0017262 secs] [Times: user=0.01 sys=0.00, real=0.00 secs] 
2472.870: [GC (Allocation Failure) [PSYoungGen: 68157K->1408K(68608K)] 349312K->282563K(752128K), 0.0047192 secs] [Times: user=0.02 sys=0.00, real=0.01 secs] 
2473.453: [GC (Allocation Failure) [PSYoungGen: 67968K->1376K(68608K)] 349123K->282531K(752128K), 0.0028464 secs] [Times: user=0.02 sys=0.00, real=0.00 secs] 
2474.072: [GC (Allocation Failure) [PSYoungGen: 67936K->1408K(68608K)] 349091K->282563K(752128K), 0.0024903 secs] [Times: user=0.01 sys=0.00, real=0.00 secs] 
2474.863: [GC (Allocation Failure) [PSYoungGen: 67968K->1408K(68608K)] 349123K->282563K(752128K), 0.0024387 secs] [Times: user=0.01 sys=0.00, real=0.00 secs] 
2475.520: [GC (Allocation Failure) [PSYoungGen: 67968K->1549K(68608K)] 349123K->282704K(752128K), 0.0015951 secs] [Times: user=0.00 sys=0.00, real=0.01 secs] 
2475.912: [GC (Allocation Failure) [PSYoungGen: 68109K->1581K(68608K)] 349264K->282736K(752128K), 0.0016532 secs] [Times: user=0.00 sys=0.00, real=0.00 secs] 
2476.361: [GC (Allocation Failure) [PSYoungGen: 68141K->1565K(68608K)] 349296K->282720K(752128K), 0.0017694 secs] [Times: user=0.01 sys=0.00, real=0.01 secs] 
2476.813: [GC (Allocation Failure) [PSYoungGen: 68125K->1565K(68608K)] 349280K->282736K(752128K), 0.0018100 secs] [Times: user=0.01 sys=0.00, real=0.00 secs] 
2477.197: [GC (Allocation Failure) [PSYoungGen: 68125K->1440K(68608K)] 349296K->282611K(752128K), 0.0020426 secs] [Times: user=0.01 sys=0.00, real=0.00 secs] 
2477.512: [GC (Allocation Failure) [PSYoungGen: 68000K->1376K(68608K)] 349171K->282547K(752128K), 0.0019542 secs] [Times: user=0.01 sys=0.00, real=0.00 secs] 
2477.789: [GC (Allocation Failure) [PSYoungGen: 67936K->1376K(68608K)] 349107K->282547K(752128K), 0.0020498 secs] [Times: user=0.00 sys=0.00, real=0.00 secs] 
2478.065: [GC (Allocation Failure) [PSYoungGen: 67936K->1312K(68608K)] 349107K->282507K(752128K), 0.0017603 secs] [Times: user=0.01 sys=0.00, real=0.00 secs] 
2478.442: [GC (Allocation Failure) [PSYoungGen: 67872K->1517K(68608K)] 349067K->282712K(752128K), 0.0015891 secs] [Times: user=0.00 sys=0.00, real=0.00 secs] 
2478.832: [GC (Allocation Failure) [PSYoungGen: 68077K->1533K(68608K)] 349272K->282728K(752128K), 0.0016503 secs] [Times: user=0.01 sys=0.00, real=0.00 secs] 
2479.223: [GC (Allocation Failure) [PSYoungGen: 68093K->1549K(68608K)] 349288K->282744K(752128K), 0.0016383 secs] [Times: user=0.01 sys=0.00, real=0.00 secs] 
2479.680: [GC (Allocation Failure) [PSYoungGen: 68109K->1645K(68608K)] 349304K->282856K(752128K), 0.0017188 secs] [Times: user=0.01 sys=0.00, real=0.01 secs] 
2481.019: [GC (Allocation Failure) [PSYoungGen: 68205K->1440K(68608K)] 349416K->282651K(752128K), 0.0033828 secs] [Times: user=0.02 sys=0.01, real=0.01 secs] 
2481.563: [GC (Allocation Failure) [PSYoungGen: 68000K->1344K(68608K)] 349211K->282555K(752128K), 0.0020178 secs] [Times: user=0.01 sys=0.00, real=0.00 secs] 
2481.859: [GC (Allocation Failure) [PSYoungGen: 67904K->1376K(68608K)] 349115K->282587K(752128K), 0.0019812 secs] [Times: user=0.01 sys=0.00, real=0.01 secs] 
2482.162: [GC (Allocation Failure) [PSYoungGen: 67936K->1424K(68608K)] 349147K->282635K(752128K), 0.0018998 secs] [Times: user=0.00 sys=0.00, real=0.00 secs] 
2482.569: [GC (Allocation Failure) [PSYoungGen: 67984K->1549K(68608K)] 349195K->282760K(752128K), 0.0016638 secs] [Times: user=0.01 sys=0.00, real=0.00 secs] 
2482.959: [GC (Allocation Failure) [PSYoungGen: 68109K->1613K(68608K)] 349320K->282824K(752128K), 0.0016627 secs] [Times: user=0.00 sys=0.00, real=0.00 secs] 
2483.360: [GC (Allocation Failure) [PSYoungGen: 68173K->1565K(68608K)] 349384K->282776K(752128K), 0.0016395 secs] [Times: user=0.00 sys=0.00, real=0.01 secs] 
2483.951: [GC (Allocation Failure) [PSYoungGen: 68125K->2016K(68608K)] 349336K->283227K(752128K), 0.0018892 secs] [Times: user=0.00 sys=0.00, real=0.01 secs] 
2484.515: [GC (Allocation Failure) [PSYoungGen: 68576K->1376K(68608K)] 349787K->282587K(752128K), 0.0017134 secs] [Times: user=0.00 sys=0.00, real=0.00 secs] 
2485.157: [GC (Allocation Failure) [PSYoungGen: 67936K->1376K(68608K)] 349147K->282587K(752128K), 0.0031606 secs] [Times: user=0.02 sys=0.00, real=0.00 secs] 
2485.688: [GC (Allocation Failure) [PSYoungGen: 67936K->1376K(68608K)] 349147K->282587K(752128K), 0.0035210 secs] [Times: user=0.01 sys=0.00, real=0.01 secs] 
2486.328: [GC (Allocation Failure) [PSYoungGen: 67936K->1376K(68608K)] 349147K->282587K(752128K), 0.0026049 secs] [Times: user=0.01 sys=0.00, real=0.00 secs] 
2486.872: [GC (Allocation Failure) [PSYoungGen: 67936K->1552K(68608K)] 349147K->282763K(752128K), 0.0016497 secs] [Times: user=0.01 sys=0.00, real=0.00 secs] 
2487.262: [GC (Allocation Failure) [PSYoungGen: 68112K->1565K(68608K)] 349323K->282776K(752128K), 0.0016062 secs] [Times: user=0.00 sys=0.00, real=0.00 secs] 
2487.653: [GC (Allocation Failure) [PSYoungGen: 68125K->1581K(68608K)] 349336K->282792K(752128K), 0.0016832 secs] [Times: user=0.01 sys=0.00, real=0.00 secs] 
2488.275: [GC (Allocation Failure) [PSYoungGen: 68141K->1472K(68608K)] 349352K->282707K(752128K), 0.0018763 secs] [Times: user=0.01 sys=0.00, real=0.00 secs] 
2489.321: [GC (Allocation Failure) [PSYoungGen: 68032K->1328K(68608K)] 349267K->282563K(752128K), 0.0036823 secs] [Times: user=0.01 sys=0.00, real=0.00 secs] 
2489.945: [GC (Allocation Failure) [PSYoungGen: 67888K->1376K(68608K)] 349123K->282611K(752128K), 0.0031225 secs] [Times: user=0.01 sys=0.00, real=0.00 secs] 
2490.241: [GC (Allocation Failure) [PSYoungGen: 67936K->1424K(68608K)] 349171K->282659K(752128K), 0.0019827 secs] [Times: user=0.01 sys=0.00, real=0.00 secs] 
2490.568: [GC (Allocation Failure) [PSYoungGen: 67984K->1456K(68608K)] 349219K->282691K(752128K), 0.0016760 secs] [Times: user=0.01 sys=0.00, real=0.00 secs] 
2490.967: [GC (Allocation Failure) [PSYoungGen: 68016K->1581K(68608K)] 349251K->282816K(752128K), 0.0016295 secs] [Times: user=0.01 sys=0.00, real=0.00 secs] 
2491.360: [GC (Allocation Failure) [PSYoungGen: 68141K->1645K(68608K)] 349376K->282880K(752128K), 0.0018229 secs] [Times: user=0.00 sys=0.01, real=0.01 secs] 
2491.750: [GC (Allocation Failure) [PSYoungGen: 68205K->1581K(68608K)] 349440K->282824K(752128K), 0.0017165 secs] [Times: user=0.00 sys=0.00, real=0.01 secs] 
2492.770: [GC (Allocation Failure) [PSYoungGen: 68141K->1536K(68608K)] 349384K->282779K(752128K), 0.0035006 secs] [Times: user=0.02 sys=0.00, real=0.01 secs] 
2493.485: [GC (Allocation Failure) [PSYoungGen: 68096K->1408K(68608K)] 349339K->282651K(752128K), 0.0020995 secs] [Times: user=0.01 sys=0.00, real=0.00 secs] 
2493.759: [GC (Allocation Failure) [PSYoungGen: 67968K->1376K(68608K)] 349211K->282619K(752128K), 0.0024976 secs] [Times: user=0.01 sys=0.00, real=0.01 secs] 
2494.037: [GC (Allocation Failure) [PSYoungGen: 67936K->1376K(68608K)] 349179K->282619K(752128K), 0.0023310 secs] [Times: user=0.01 sys=0.00, real=0.00 secs] 
2494.387: [GC (Allocation Failure) [PSYoungGen: 67936K->1533K(68608K)] 349179K->282776K(752128K), 0.0015014 secs] [Times: user=0.01 sys=0.00, real=0.00 secs] 
2494.778: [GC (Allocation Failure) [PSYoungGen: 68093K->1645K(68608K)] 349336K->282888K(752128K), 0.0016420 secs] [Times: user=0.01 sys=0.00, real=0.00 secs] 
2495.168: [GC (Allocation Failure) [PSYoungGen: 68205K->1565K(68608K)] 349448K->282808K(752128K), 0.0016512 secs] [Times: user=0.00 sys=0.00, real=0.00 secs] 
2495.558: [GC (Allocation Failure) [PSYoungGen: 68125K->1565K(68608K)] 349368K->282824K(752128K), 0.0016868 secs] [Times: user=0.01 sys=0.00, real=0.00 secs] 
2496.138: [GC (Allocation Failure) [PSYoungGen: 68125K->1488K(68608K)] 349384K->282747K(752128K), 0.0018845 secs] [Times: user=0.01 sys=0.00, real=0.00 secs] 
2496.482: [GC (Allocation Failure) [PSYoungGen: 68048K->1408K(68608K)] 349307K->282667K(752128K), 0.0019211 secs] [Times: user=0.00 sys=0.00, real=0.00 secs] 
2496.759: [GC (Allocation Failure) [PSYoungGen: 67968K->1392K(68608K)] 349227K->282651K(752128K), 0.0019392 secs] [Times: user=0.01 sys=0.00, real=0.00 secs] 
2497.036: [GC (Allocation Failure) [PSYoungGen: 67952K->1376K(68608K)] 349211K->282635K(752128K), 0.0019650 secs] [Times: user=0.01 sys=0.00, real=0.00 secs] 
2497.392: [GC (Allocation Failure) [PSYoungGen: 67936K->1501K(68608K)] 349195K->282792K(752128K), 0.0015107 secs] [Times: user=0.00 sys=0.00, real=0.00 secs] 
2497.846: [GC (Allocation Failure) [PSYoungGen: 68061K->1533K(68608K)] 349352K->282824K(752128K), 0.0017679 secs] [Times: user=0.01 sys=0.00, real=0.00 secs] 
2498.294: [GC (Allocation Failure) [PSYoungGen: 68093K->1552K(68608K)] 349384K->282843K(752128K), 0.0017532 secs] [Times: user=0.00 sys=0.00, real=0.00 secs] 
2498.683: [GC (Allocation Failure) [PSYoungGen: 68112K->1549K(68608K)] 349403K->282848K(752128K), 0.0017940 secs] [Times: user=0.00 sys=0.00, real=0.00 secs] 
2499.910: [GC (Allocation Failure) [PSYoungGen: 68109K->1456K(68608K)] 349408K->282755K(752128K), 0.0036597 secs] [Times: user=0.01 sys=0.00, real=0.01 secs] 
2500.725: [GC (Allocation Failure) [PSYoungGen: 68016K->1376K(68608K)] 349315K->282675K(752128K), 0.0031950 secs] [Times: user=0.01 sys=0.00, real=0.00 secs] 
2501.547: [GC (Allocation Failure) [PSYoungGen: 67936K->1424K(68608K)] 349235K->282723K(752128K), 0.0034336 secs] [Times: user=0.01 sys=0.00, real=0.00 secs] 
2502.111: [GC (Allocation Failure) [PSYoungGen: 67984K->1376K(68608K)] 349283K->282675K(752128K), 0.0024641 secs] [Times: user=0.01 sys=0.00, real=0.01 secs] 
2502.627: [GC (Allocation Failure) [PSYoungGen: 67936K->1597K(68608K)] 349235K->282896K(752128K), 0.0015015 secs] [Times: user=0.01 sys=0.00, real=0.00 secs] 
2503.072: [GC (Allocation Failure) [PSYoungGen: 68157K->1597K(68608K)] 349456K->282896K(752128K), 0.0017659 secs] [Times: user=0.01 sys=0.00, real=0.00 secs] 
2503.462: [GC (Allocation Failure) [PSYoungGen: 68157K->1613K(68608K)] 349456K->282912K(752128K), 0.0017436 secs] [Times: user=0.01 sys=0.00, real=0.00 secs] 
2503.864: [GC (Allocation Failure) [PSYoungGen: 68173K->1613K(68608K)] 349472K->282928K(752128K), 0.0017782 secs] [Times: user=0.01 sys=0.00, real=0.00 secs] 
2504.609: [GC (Allocation Failure) [PSYoungGen: 68173K->1408K(68608K)] 349488K->282723K(752128K), 0.0030149 secs] [Times: user=0.02 sys=0.00, real=0.01 secs] 
2505.546: [GC (Allocation Failure) [PSYoungGen: 67968K->1376K(68608K)] 349283K->282691K(752128K), 0.0032770 secs] [Times: user=0.01 sys=0.00, real=0.00 secs] 
2506.130: [GC (Allocation Failure) [PSYoungGen: 67936K->1376K(68608K)] 349251K->282691K(752128K), 0.0026921 secs] [Times: user=0.01 sys=0.00, real=0.01 secs] 
2506.703: [GC (Allocation Failure) [PSYoungGen: 67936K->1408K(68608K)] 349251K->282731K(752128K), 0.0026611 secs] [Times: user=0.01 sys=0.00, real=0.00 secs] 
2507.240: [GC (GCLocker Initiated GC) [PSYoungGen: 67968K->1504K(68608K)] 349291K->282827K(752128K), 0.0015991 secs] [Times: user=0.01 sys=0.00, real=0.01 secs] 
2507.632: [GC (Allocation Failure) [PSYoungGen: 68064K->1517K(68608K)] 349709K->283162K(752128K), 0.0016486 secs] [Times: user=0.00 sys=0.00, real=0.00 secs] 
2508.024: [GC (Allocation Failure) [PSYoungGen: 68077K->1632K(68608K)] 349722K->283277K(752128K), 0.0016673 secs] [Times: user=0.01 sys=0.00, real=0.00 secs] 
2508.478: [GC (Allocation Failure) [PSYoungGen: 68180K->1645K(68608K)] 349825K->283306K(752128K), 0.0016837 secs] [Times: user=0.01 sys=0.00, real=0.00 secs] 
2508.799: [GC (Allocation Failure) [PSYoungGen: 68205K->1504K(68608K)] 349866K->283165K(752128K), 0.0020308 secs] [Times: user=0.01 sys=0.00, real=0.00 secs] 
2509.157: [GC (Allocation Failure) [PSYoungGen: 68064K->1472K(68608K)] 349725K->283149K(752128K), 0.0018411 secs] [Times: user=0.01 sys=0.00, real=0.00 secs] 
2509.434: [GC (Allocation Failure) [PSYoungGen: 68032K->1440K(68608K)] 349709K->283117K(752128K), 0.0019832 secs] [Times: user=0.01 sys=0.00, real=0.00 secs] 
2509.710: [GC (Allocation Failure) [PSYoungGen: 68000K->1472K(68608K)] 349677K->283149K(752128K), 0.0018879 secs] [Times: user=0.01 sys=0.00, real=0.01 secs] 
2510.167: [GC (Allocation Failure) [PSYoungGen: 68032K->1661K(68608K)] 349709K->283338K(752128K), 0.0017048 secs] [Times: user=0.01 sys=0.00, real=0.00 secs] 
2510.557: [GC (Allocation Failure) [PSYoungGen: 68196K->1741K(68608K)] 349873K->283418K(752128K), 0.0017679 secs] [Times: user=0.01 sys=0.00, real=0.00 secs] 
2510.952: [GC (Allocation Failure) [PSYoungGen: 68301K->1741K(68608K)] 349978K->283418K(752128K), 0.0017954 secs] [Times: user=0.01 sys=0.00, real=0.00 secs] 
2511.358: [GC (Allocation Failure) [PSYoungGen: 68301K->1856K(68608K)] 349978K->283549K(752128K), 0.0017369 secs] [Times: user=0.00 sys=0.01, real=0.00 secs] 
2511.671: [GC (Allocation Failure) [PSYoungGen: 68416K->1504K(68608K)] 350109K->283197K(752128K), 0.0023948 secs] [Times: user=0.01 sys=0.00, real=0.01 secs] 
2512.139: [GC (Allocation Failure) [PSYoungGen: 68064K->1504K(68608K)] 349757K->283197K(752128K), 0.0025972 secs] [Times: user=0.01 sys=0.00, real=0.01 secs] 
2512.685: [GC (Allocation Failure) [PSYoungGen: 68064K->1504K(68608K)] 349757K->283197K(752128K), 0.0021384 secs] [Times: user=0.01 sys=0.00, real=0.00 secs] 
2513.541: [GC (Allocation Failure) [PSYoungGen: 68064K->1504K(68608K)] 349757K->283245K(752128K), 0.0025694 secs] [Times: user=0.01 sys=0.00, real=0.01 secs] 
2514.217: [GC (Allocation Failure) [PSYoungGen: 68064K->1645K(68608K)] 349805K->283394K(752128K), 0.0016614 secs] [Times: user=0.00 sys=0.00, real=0.00 secs] 
2514.608: [GC (Allocation Failure) [PSYoungGen: 68205K->1645K(68608K)] 349954K->283458K(752128K), 0.0016300 secs] [Times: user=0.01 sys=0.00, real=0.00 secs] 
2515.000: [GC (Allocation Failure) [PSYoungGen: 68205K->1616K(68608K)] 350018K->283429K(752128K), 0.0016826 secs] [Times: user=0.01 sys=0.00, real=0.00 secs] 
2515.367: [GC (Allocation Failure) [PSYoungGen: 68176K->1568K(68608K)] 349989K->283389K(752128K), 0.0015780 secs] [Times: user=0.01 sys=0.00, real=0.00 secs] 
2515.642: [GC (Allocation Failure) [PSYoungGen: 68128K->1392K(68608K)] 349949K->283213K(752128K), 0.0015560 secs] [Times: user=0.01 sys=0.00, real=0.00 secs] 
2515.918: [GC (Allocation Failure) [PSYoungGen: 67952K->1408K(68608K)] 349773K->283229K(752128K), 0.0018720 secs] [Times: user=0.01 sys=0.00, real=0.00 secs] 
2516.196: [GC (Allocation Failure) [PSYoungGen: 67968K->1376K(68608K)] 349789K->283197K(752128K), 0.0021844 secs] [Times: user=0.01 sys=0.00, real=0.00 secs] 
2516.497: [GC (Allocation Failure) [PSYoungGen: 67880K->256K(68608K)] 349701K->282077K(752128K), 0.0022610 secs] [Times: user=0.00 sys=0.00, real=0.00 secs] 
2516.933: [GC (Allocation Failure) [PSYoungGen: 66810K->1568K(68608K)] 348631K->283389K(752128K), 0.0016016 secs] [Times: user=0.01 sys=0.00, real=0.00 secs] 
2517.389: [GC (Allocation Failure) [PSYoungGen: 68128K->1613K(68608K)] 349949K->283450K(752128K), 0.0018962 secs] [Times: user=0.00 sys=0.00, real=0.00 secs] 
2517.780: [GC (Allocation Failure) [PSYoungGen: 68173K->1504K(68608K)] 350010K->283357K(752128K), 0.0016946 secs] [Times: user=0.01 sys=0.00, real=0.01 secs] 
2518.888: [GC (Allocation Failure) [PSYoungGen: 68064K->1488K(68608K)] 349917K->283341K(752128K), 0.0035225 secs] [Times: user=0.02 sys=0.00, real=0.01 secs] 
2519.795: [GC (Allocation Failure) [PSYoungGen: 68048K->1408K(68608K)] 349901K->283261K(752128K), 0.0033051 secs] [Times: user=0.01 sys=0.00, real=0.00 secs] 
2520.180: [GC (Allocation Failure) [PSYoungGen: 67968K->1344K(68608K)] 349821K->283197K(752128K), 0.0020249 secs] [Times: user=0.01 sys=0.00, real=0.01 secs] 
2520.472: [GC (Allocation Failure) [PSYoungGen: 67904K->1344K(68608K)] 349757K->283197K(752128K), 0.0019292 secs] [Times: user=0.01 sys=0.00, real=0.00 secs] 
2520.983: [GC (Allocation Failure) [PSYoungGen: 67904K->1501K(68608K)] 349757K->283354K(752128K), 0.0019293 secs] [Times: user=0.01 sys=0.00, real=0.00 secs] 
2521.458: [GC (Allocation Failure) [PSYoungGen: 68061K->1613K(68608K)] 349914K->283466K(752128K), 0.0016415 secs] [Times: user=0.01 sys=0.00, real=0.00 secs] 
2521.851: [GC (Allocation Failure) [PSYoungGen: 68173K->1565K(68608K)] 350026K->283418K(752128K), 0.0016018 secs] [Times: user=0.00 sys=0.00, real=0.00 secs] 
2522.241: [GC (Allocation Failure) [PSYoungGen: 68125K->1552K(68608K)] 349978K->283421K(752128K), 0.0015721 secs] [Times: user=0.00 sys=0.00, real=0.00 secs] 
2522.774: [GC (Allocation Failure) [PSYoungGen: 68112K->1488K(68608K)] 349981K->283357K(752128K), 0.0031497 secs] [Times: user=0.02 sys=0.00, real=0.00 secs] 
2523.092: [GC (Allocation Failure) [PSYoungGen: 68048K->1376K(68608K)] 349917K->283245K(752128K), 0.0019938 secs] [Times: user=0.00 sys=0.00, real=0.00 secs] 
2523.403: [GC (Allocation Failure) [PSYoungGen: 67936K->1392K(68608K)] 349805K->283261K(752128K), 0.0019551 secs] [Times: user=0.01 sys=0.00, real=0.00 secs] 
2523.694: [GC (Allocation Failure) [PSYoungGen: 67952K->1376K(68608K)] 349821K->283245K(752128K), 0.0019729 secs] [Times: user=0.01 sys=0.00, real=0.00 secs] 
2524.062: [GC (Allocation Failure) [PSYoungGen: 67936K->1469K(68608K)] 349805K->283338K(752128K), 0.0017358 secs] [Times: user=0.00 sys=0.00, real=0.00 secs] 
2524.538: [GC (Allocation Failure) [PSYoungGen: 68029K->1613K(68608K)] 349898K->283482K(752128K), 0.0016473 secs] [Times: user=0.01 sys=0.00, real=0.00 secs] 
2524.929: [GC (Allocation Failure) [PSYoungGen: 68173K->1581K(68608K)] 350042K->283450K(752128K), 0.0017704 secs] [Times: user=0.01 sys=0.00, real=0.00 secs] 
2525.318: [GC (Allocation Failure) [PSYoungGen: 68130K->1597K(68608K)] 349999K->283482K(752128K), 0.0015849 secs] [Times: user=0.01 sys=0.00, real=0.00 secs] 
2526.340: [GC (Allocation Failure) [PSYoungGen: 68157K->1456K(68608K)] 350042K->283341K(752128K), 0.0036368 secs] [Times: user=0.02 sys=0.00, real=0.01 secs] 
2527.149: [GC (Allocation Failure) [PSYoungGen: 68016K->1344K(68608K)] 349901K->283229K(752128K), 0.0021460 secs] [Times: user=0.01 sys=0.00, real=0.00 secs] 
2527.425: [GC (Allocation Failure) [PSYoungGen: 67904K->1376K(68608K)] 349789K->283261K(752128K), 0.0019919 secs] [Times: user=0.01 sys=0.00, real=0.00 secs] 
2527.702: [GC (Allocation Failure) [PSYoungGen: 67936K->1376K(68608K)] 349821K->283269K(752128K), 0.0019264 secs] [Times: user=0.01 sys=0.00, real=0.00 secs] 
2528.055: [GC (Allocation Failure) [PSYoungGen: 67936K->1501K(68608K)] 349829K->283394K(752128K), 0.0016935 secs] [Times: user=0.01 sys=0.00, real=0.00 secs] 
2528.444: [GC (Allocation Failure) [PSYoungGen: 68044K->1616K(68608K)] 349937K->283509K(752128K), 0.0017018 secs] [Times: user=0.00 sys=0.00, real=0.00 secs] 
2528.834: [GC (Allocation Failure) [PSYoungGen: 68176K->1536K(68608K)] 350069K->283429K(752128K), 0.0017620 secs] [Times: user=0.00 sys=0.00, real=0.00 secs] 
2529.284: [GC (Allocation Failure) [PSYoungGen: 68096K->1568K(68608K)] 349989K->283469K(752128K), 0.0018034 secs] [Times: user=0.01 sys=0.00, real=0.00 secs] 
2529.819: [GC (Allocation Failure) [PSYoungGen: 68128K->1408K(68608K)] 350029K->283309K(752128K), 0.0022495 secs] [Times: user=0.00 sys=0.00, real=0.00 secs] 
2530.366: [GC (Allocation Failure) [PSYoungGen: 67968K->1408K(68608K)] 349869K->283309K(752128K), 0.0028803 secs] [Times: user=0.01 sys=0.00, real=0.00 secs] 
2530.704: [GC (Allocation Failure) [PSYoungGen: 67968K->1344K(68608K)] 349869K->283245K(752128K), 0.0019459 secs] [Times: user=0.01 sys=0.00, real=0.00 secs] 
2531.196: [GC (Allocation Failure) [PSYoungGen: 67904K->1376K(68608K)] 349805K->283277K(752128K), 0.0027922 secs] [Times: user=0.01 sys=0.00, real=0.00 secs] 
2531.734: [GC (Allocation Failure) [PSYoungGen: 67936K->1581K(68608K)] 349837K->283482K(752128K), 0.0016280 secs] [Times: user=0.01 sys=0.00, real=0.00 secs] 
2532.125: [GC (Allocation Failure) [PSYoungGen: 68141K->1613K(68608K)] 350042K->283514K(752128K), 0.0017222 secs] [Times: user=0.00 sys=0.00, real=0.00 secs] 
2532.516: [GC (Allocation Failure) [PSYoungGen: 68173K->1616K(68608K)] 350074K->283517K(752128K), 0.0015678 secs] [Times: user=0.00 sys=0.00, real=0.00 secs] 
2532.907: [GC (Allocation Failure) [PSYoungGen: 68176K->1581K(68608K)] 350077K->283498K(752128K), 0.0017697 secs] [Times: user=0.01 sys=0.00, real=0.00 secs] 
2533.850: [GC (Allocation Failure) [PSYoungGen: 68141K->1408K(68608K)] 350058K->283325K(752128K), 0.0021909 secs] [Times: user=0.01 sys=0.00, real=0.01 secs] 
2534.499: [GC (Allocation Failure) [PSYoungGen: 67968K->1392K(68608K)] 349885K->283317K(752128K), 0.0023890 secs] [Times: user=0.01 sys=0.00, real=0.01 secs] 
2535.079: [GC (Allocation Failure) [PSYoungGen: 67952K->1408K(68608K)] 349877K->283333K(752128K), 0.0022143 secs] [Times: user=0.01 sys=0.00, real=0.01 secs] 
2535.644: [GC (Allocation Failure) [PSYoungGen: 67968K->1360K(68608K)] 349893K->283285K(752128K), 0.0021619 secs] [Times: user=0.00 sys=0.00, real=0.00 secs] 
2536.135: [GC (Allocation Failure) [PSYoungGen: 67920K->1533K(68608K)] 349845K->283458K(752128K), 0.0015321 secs] [Times: user=0.01 sys=0.00, real=0.00 secs] 
2536.528: [GC (Allocation Failure) [PSYoungGen: 68093K->1645K(68608K)] 350018K->283570K(752128K), 0.0017188 secs] [Times: user=0.00 sys=0.00, real=0.00 secs] 
2536.920: [GC (Allocation Failure) [PSYoungGen: 68205K->1613K(68608K)] 350130K->283538K(752128K), 0.0015477 secs] [Times: user=0.01 sys=0.00, real=0.01 secs] 
2537.357: [GC (Allocation Failure) [PSYoungGen: 67486K->320K(68608K)] 349411K->282245K(752128K), 0.0015798 secs] [Times: user=0.01 sys=0.00, real=0.00 secs] 
2539.101: [GC (Allocation Failure) [PSYoungGen: 66880K->1408K(68608K)] 348805K->283349K(752128K), 0.0021689 secs] [Times: user=0.01 sys=0.00, real=0.01 secs] 
2539.386: [GC (Allocation Failure) [PSYoungGen: 67968K->1376K(68608K)] 349909K->283317K(752128K), 0.0020153 secs] [Times: user=0.01 sys=0.00, real=0.00 secs] 
2539.663: [GC (Allocation Failure) [PSYoungGen: 67936K->1360K(68608K)] 349877K->283317K(752128K), 0.0023600 secs] [Times: user=0.01 sys=0.01, real=0.00 secs] 
2539.940: [GC (Allocation Failure) [PSYoungGen: 67920K->1408K(68608K)] 349877K->283365K(752128K), 0.0019579 secs] [Times: user=0.01 sys=0.00, real=0.01 secs] 
2540.357: [GC (Allocation Failure) [PSYoungGen: 67968K->1565K(68608K)] 349925K->283522K(752128K), 0.0016195 secs] [Times: user=0.01 sys=0.00, real=0.00 secs] 
2540.747: [GC (Allocation Failure) [PSYoungGen: 68125K->1536K(68608K)] 350082K->283493K(752128K), 0.0015499 secs] [Times: user=0.00 sys=0.00, real=0.00 secs] 
2541.135: [GC (Allocation Failure) [PSYoungGen: 68096K->1613K(68608K)] 350053K->283570K(752128K), 0.0016521 secs] [Times: user=0.01 sys=0.00, real=0.00 secs] 
2541.775: [GC (Allocation Failure) [PSYoungGen: 68173K->2016K(68608K)] 350130K->283981K(752128K), 0.0021711 secs] [Times: user=0.01 sys=0.00, real=0.00 secs] 
2543.205: [GC (Allocation Failure) [PSYoungGen: 68576K->1376K(68608K)] 350541K->283341K(752128K), 0.0031696 secs] [Times: user=0.02 sys=0.00, real=0.00 secs] 
2544.089: [GC (Allocation Failure) [PSYoungGen: 67936K->1408K(68608K)] 349901K->283373K(752128K), 0.0030025 secs] [Times: user=0.01 sys=0.00, real=0.01 secs] 
2544.856: [GC (Allocation Failure) [PSYoungGen: 67968K->1408K(68608K)] 349933K->283373K(752128K), 0.0036167 secs] [Times: user=0.01 sys=0.00, real=0.00 secs] 
2545.437: [GC (Allocation Failure) [PSYoungGen: 67968K->1376K(68608K)] 349933K->283341K(752128K), 0.0021595 secs] [Times: user=0.01 sys=0.00, real=0.00 secs] 
2546.073: [GC (Allocation Failure) [PSYoungGen: 67936K->1581K(68608K)] 349901K->283546K(752128K), 0.0017615 secs] [Times: user=0.00 sys=0.00, real=0.00 secs] 
2546.466: [GC (Allocation Failure) [PSYoungGen: 68141K->1616K(68608K)] 350106K->283581K(752128K), 0.0016222 secs] [Times: user=0.00 sys=0.00, real=0.00 secs] 
2546.860: [GC (Allocation Failure) [PSYoungGen: 68176K->1616K(68608K)] 350141K->283589K(752128K), 0.0017934 secs] [Times: user=0.01 sys=0.00, real=0.01 secs] 
2547.246: [GC (Allocation Failure) [PSYoungGen: 68176K->1504K(68608K)] 350149K->283477K(752128K), 0.0018219 secs] [Times: user=0.01 sys=0.01, real=0.00 secs] 
2547.671: [GC (Allocation Failure) [PSYoungGen: 68064K->1376K(68608K)] 350037K->283349K(752128K), 0.0017941 secs] [Times: user=0.01 sys=0.00, real=0.00 secs] 
2547.971: [GC (Allocation Failure) [PSYoungGen: 67936K->1344K(68608K)] 349909K->283317K(752128K), 0.0016931 secs] [Times: user=0.01 sys=0.00, real=0.00 secs] 
2548.536: [GC (Allocation Failure) [PSYoungGen: 67904K->1376K(68608K)] 349877K->283349K(752128K), 0.0021366 secs] [Times: user=0.01 sys=0.00, real=0.00 secs] 
2549.236: [GC (Allocation Failure) [PSYoungGen: 67936K->1421K(68608K)] 349909K->283394K(752128K), 0.0027288 secs] [Times: user=0.01 sys=0.00, real=0.00 secs] 
2549.703: [GC (Allocation Failure) [PSYoungGen: 67981K->1565K(68608K)] 349954K->283538K(752128K), 0.0016488 secs] [Times: user=0.00 sys=0.00, real=0.00 secs] 
2550.095: [GC (Allocation Failure) [PSYoungGen: 68125K->1565K(68608K)] 350098K->283562K(752128K), 0.0017008 secs] [Times: user=0.01 sys=0.00, real=0.00 secs] 
2550.485: [GC (Allocation Failure) [PSYoungGen: 68125K->1597K(68608K)] 350122K->283610K(752128K), 0.0016344 secs] [Times: user=0.01 sys=0.00, real=0.00 secs] 
2551.124: [GC (Allocation Failure) [PSYoungGen: 68157K->1472K(68608K)] 350170K->283485K(752128K), 0.0018989 secs] [Times: user=0.01 sys=0.00, real=0.00 secs] 
2551.430: [GC (Allocation Failure) [PSYoungGen: 68032K->1376K(68608K)] 350045K->283389K(752128K), 0.0018631 secs] [Times: user=0.00 sys=0.00, real=0.01 secs] 
2551.773: [GC (Allocation Failure) [PSYoungGen: 67936K->1344K(68608K)] 349949K->283357K(752128K), 0.0019253 secs] [Times: user=0.00 sys=0.00, real=0.00 secs] 
2552.305: [GC (Allocation Failure) [PSYoungGen: 67904K->1408K(68608K)] 349917K->283421K(752128K), 0.0021262 secs] [Times: user=0.01 sys=0.00, real=0.00 secs] 
2552.916: [GC (Allocation Failure) [PSYoungGen: 67968K->1453K(68608K)] 349981K->283466K(752128K), 0.0016948 secs] [Times: user=0.01 sys=0.00, real=0.00 secs] 
2553.313: [GC (Allocation Failure) [PSYoungGen: 68013K->1616K(68608K)] 350026K->283629K(752128K), 0.0016263 secs] [Times: user=0.01 sys=0.00, real=0.00 secs] 
2553.703: [GC (Allocation Failure) [PSYoungGen: 68176K->1613K(68608K)] 350189K->283626K(752128K), 0.0015893 secs] [Times: user=0.00 sys=0.00, real=0.00 secs] 
2554.094: [GC (Allocation Failure) [PSYoungGen: 68173K->1629K(68608K)] 350186K->283658K(752128K), 0.0016582 secs] [Times: user=0.00 sys=0.00, real=0.00 secs] 
2555.479: [GC (Allocation Failure) [PSYoungGen: 68189K->1488K(68608K)] 350218K->283517K(752128K), 0.0033410 secs] [Times: user=0.01 sys=0.00, real=0.01 secs] 
2556.342: [GC (Allocation Failure) [PSYoungGen: 68048K->1408K(68608K)] 350077K->283437K(752128K), 0.0030293 secs] [Times: user=0.02 sys=0.00, real=0.00 secs] 
2557.010: [GC (Allocation Failure) [PSYoungGen: 67968K->1408K(68608K)] 349997K->283437K(752128K), 0.0031098 secs] [Times: user=0.01 sys=0.00, real=0.01 secs] 
2557.576: [GC (Allocation Failure) [PSYoungGen: 67968K->1408K(68608K)] 349997K->283437K(752128K), 0.0023942 secs] [Times: user=0.01 sys=0.00, real=0.00 secs] 
2558.171: [GC (Allocation Failure) [PSYoungGen: 67968K->1520K(68608K)] 349997K->283549K(752128K), 0.0015063 secs] [Times: user=0.00 sys=0.00, real=0.01 secs] 
2558.613: [GC (Allocation Failure) [PSYoungGen: 68080K->1600K(68608K)] 350109K->283629K(752128K), 0.0017039 secs] [Times: user=0.01 sys=0.00, real=0.00 secs] 
2559.004: [GC (Allocation Failure) [PSYoungGen: 68160K->1565K(68608K)] 350189K->283594K(752128K), 0.0016409 secs] [Times: user=0.01 sys=0.00, real=0.00 secs] 
2559.396: [GC (Allocation Failure) [PSYoungGen: 68125K->1565K(68608K)] 350154K->283634K(752128K), 0.0017713 secs] [Times: user=0.01 sys=0.00, real=0.00 secs] 
2560.064: [GC (Allocation Failure) [PSYoungGen: 68125K->1472K(68608K)] 350194K->283541K(752128K), 0.0031491 secs] [Times: user=0.02 sys=0.00, real=0.00 secs] 
2560.642: [GC (Allocation Failure) [PSYoungGen: 68032K->1376K(68608K)] 350101K->283445K(752128K), 0.0019535 secs] [Times: user=0.01 sys=0.00, real=0.00 secs] 
2561.064: [GC (Allocation Failure) [PSYoungGen: 67936K->1440K(68608K)] 350005K->283517K(752128K), 0.0037442 secs] [Times: user=0.02 sys=0.00, real=0.00 secs] 
2561.759: [GC (Allocation Failure) [PSYoungGen: 68000K->1408K(68608K)] 350077K->283485K(752128K), 0.0027430 secs] [Times: user=0.01 sys=0.00, real=0.01 secs] 
2562.487: [GC (Allocation Failure) [PSYoungGen: 67968K->1565K(68608K)] 350045K->283642K(752128K), 0.0015774 secs] [Times: user=0.00 sys=0.00, real=0.00 secs] 
2562.877: [GC (Allocation Failure) [PSYoungGen: 68125K->1613K(68608K)] 350202K->283690K(752128K), 0.0016645 secs] [Times: user=0.01 sys=0.00, real=0.00 secs] 
2563.268: [GC (Allocation Failure) [PSYoungGen: 68173K->1581K(68608K)] 350250K->283658K(752128K), 0.0015931 secs] [Times: user=0.01 sys=0.00, real=0.00 secs] 
2563.657: [GC (Allocation Failure) [PSYoungGen: 68141K->1613K(68608K)] 350218K->283698K(752128K), 0.0015924 secs] [Times: user=0.00 sys=0.00, real=0.00 secs] 
2564.037: [GC (Allocation Failure) [PSYoungGen: 68173K->1408K(68608K)] 350258K->283493K(752128K), 0.0017710 secs] [Times: user=0.00 sys=0.00, real=0.00 secs] 
2564.325: [GC (Allocation Failure) [PSYoungGen: 67968K->1408K(68608K)] 350053K->283493K(752128K), 0.0017280 secs] [Times: user=0.01 sys=0.00, real=0.00 secs] 
2564.652: [GC (Allocation Failure) [PSYoungGen: 67968K->1376K(68608K)] 350053K->283461K(752128K), 0.0018692 secs] [Times: user=0.00 sys=0.00, real=0.00 secs] 
2564.935: [GC (Allocation Failure) [PSYoungGen: 67936K->1376K(68608K)] 350021K->283461K(752128K), 0.0018614 secs] [Times: user=0.01 sys=0.01, real=0.00 secs] 
2565.367: [GC (Allocation Failure) [PSYoungGen: 67936K->1517K(68608K)] 350021K->283602K(752128K), 0.0017073 secs] [Times: user=0.01 sys=0.00, real=0.00 secs] 
2565.758: [GC (Allocation Failure) [PSYoungGen: 68077K->1565K(68608K)] 350162K->283650K(752128K), 0.0016325 secs] [Times: user=0.01 sys=0.00, real=0.00 secs] 
2566.147: [GC (Allocation Failure) [PSYoungGen: 68125K->1581K(68608K)] 350210K->283666K(752128K), 0.0016424 secs] [Times: user=0.01 sys=0.00, real=0.00 secs] 
2566.540: [GC (Allocation Failure) [PSYoungGen: 68141K->1565K(68608K)] 350226K->283666K(752128K), 0.0017287 secs] [Times: user=0.01 sys=0.00, real=0.01 secs] 
2567.901: [GC (Allocation Failure) [PSYoungGen: 68125K->1408K(68608K)] 350226K->283509K(752128K), 0.0020541 secs] [Times: user=0.01 sys=0.00, real=0.00 secs] 
2568.207: [GC (Allocation Failure) [PSYoungGen: 67968K->1376K(68608K)] 350069K->283493K(752128K), 0.0020047 secs] [Times: user=0.01 sys=0.00, real=0.00 secs] 
2568.501: [GC (Allocation Failure) [PSYoungGen: 67936K->1376K(68608K)] 350053K->283493K(752128K), 0.0019220 secs] [Times: user=0.00 sys=0.00, real=0.01 secs] 
2568.792: [GC (Allocation Failure) [PSYoungGen: 67936K->1376K(68608K)] 350053K->283493K(752128K), 0.0019038 secs] [Times: user=0.01 sys=0.00, real=0.00 secs] 
2569.181: [GC (Allocation Failure) [PSYoungGen: 67936K->1549K(68608K)] 350053K->283666K(752128K), 0.0016546 secs] [Times: user=0.00 sys=0.00, real=0.01 secs] 
2569.571: [GC (Allocation Failure) [PSYoungGen: 68109K->1568K(68608K)] 350226K->283685K(752128K), 0.0015957 secs] [Times: user=0.00 sys=0.00, real=0.01 secs] 
2569.960: [GC (Allocation Failure) [PSYoungGen: 68128K->1568K(68608K)] 350245K->283685K(752128K), 0.0016376 secs] [Times: user=0.01 sys=0.00, real=0.01 secs] 
2570.435: [GC (Allocation Failure) [PSYoungGen: 68128K->1792K(68608K)] 350245K->283909K(752128K), 0.0017967 secs] [Times: user=0.01 sys=0.00, real=0.00 secs] 
2570.823: [GC (Allocation Failure) [PSYoungGen: 68352K->1408K(68608K)] 350469K->283525K(752128K), 0.0018531 secs] [Times: user=0.01 sys=0.00, real=0.00 secs] 
2571.387: [GC (Allocation Failure) [PSYoungGen: 67968K->1376K(68608K)] 350085K->283501K(752128K), 0.0017698 secs] [Times: user=0.01 sys=0.00, real=0.00 secs] 
2571.951: [GC (Allocation Failure) [PSYoungGen: 67936K->1376K(68608K)] 350061K->283501K(752128K), 0.0020966 secs] [Times: user=0.01 sys=0.00, real=0.01 secs] 
2572.555: [GC (Allocation Failure) [PSYoungGen: 67936K->1440K(68608K)] 350061K->283565K(752128K), 0.0019444 secs] [Times: user=0.01 sys=0.00, real=0.00 secs] 
2573.032: [GC (Allocation Failure) [PSYoungGen: 68000K->1581K(68608K)] 350125K->283706K(752128K), 0.0016412 secs] [Times: user=0.00 sys=0.00, real=0.00 secs] 
2573.423: [GC (Allocation Failure) [PSYoungGen: 68136K->1565K(68608K)] 350261K->283690K(752128K), 0.0016869 secs] [Times: user=0.00 sys=0.00, real=0.00 secs] 
2573.815: [GC (Allocation Failure) [PSYoungGen: 68125K->1565K(68608K)] 350250K->283690K(752128K), 0.0016352 secs] [Times: user=0.00 sys=0.00, real=0.00 secs] 
2574.181: [GC (Allocation Failure) [PSYoungGen: 68125K->1536K(68608K)] 350250K->283661K(752128K), 0.0016333 secs] [Times: user=0.01 sys=0.00, real=0.01 secs] 
2574.499: [GC (Allocation Failure) [PSYoungGen: 68096K->1424K(68608K)] 350221K->283549K(752128K), 0.0015358 secs] [Times: user=0.00 sys=0.00, real=0.00 secs] 
2574.953: [GC (Allocation Failure) [PSYoungGen: 67984K->1408K(68608K)] 350109K->283533K(752128K), 0.0017299 secs] [Times: user=0.00 sys=0.00, real=0.00 secs] 
2575.471: [GC (Allocation Failure) [PSYoungGen: 67968K->1408K(68608K)] 350093K->283533K(752128K), 0.0017676 secs] [Times: user=0.00 sys=0.00, real=0.00 secs] 
2576.193: [GC (Allocation Failure) [PSYoungGen: 67968K->1376K(68608K)] 350093K->283501K(752128K), 0.0019524 secs] [Times: user=0.01 sys=0.00, real=0.00 secs] 
2576.631: [GC (Allocation Failure) [PSYoungGen: 67936K->1549K(68608K)] 350061K->283674K(752128K), 0.0016461 secs] [Times: user=0.00 sys=0.00, real=0.01 secs] 
2577.023: [GC (Allocation Failure) [PSYoungGen: 68109K->1645K(68608K)] 350234K->283770K(752128K), 0.0015973 secs] [Times: user=0.01 sys=0.00, real=0.00 secs] 
2577.413: [GC (Allocation Failure) [PSYoungGen: 68205K->1613K(68608K)] 350330K->283746K(752128K), 0.0017265 secs] [Times: user=0.01 sys=0.00, real=0.00 secs] 
2577.828: [GC (Allocation Failure) [PSYoungGen: 68173K->1520K(68608K)] 350306K->283653K(752128K), 0.0019080 secs] [Times: user=0.00 sys=0.00, real=0.00 secs] 
2578.129: [GC (Allocation Failure) [PSYoungGen: 68080K->1344K(68608K)] 350213K->283493K(752128K), 0.0017983 secs] [Times: user=0.00 sys=0.00, real=0.00 secs] 
2578.406: [GC (Allocation Failure) [PSYoungGen: 67904K->1376K(68608K)] 350053K->283525K(752128K), 0.0028497 secs] [Times: user=0.01 sys=0.00, real=0.00 secs] 
2578.741: [GC (Allocation Failure) [PSYoungGen: 67936K->1376K(68608K)] 350085K->283525K(752128K), 0.0024678 secs] [Times: user=0.01 sys=0.00, real=0.01 secs] 
2579.076: [GC (Allocation Failure) [PSYoungGen: 67936K->1469K(68608K)] 350085K->283618K(752128K), 0.0015531 secs] [Times: user=0.00 sys=0.00, real=0.00 secs] 
2579.466: [GC (Allocation Failure) [PSYoungGen: 68029K->1536K(68608K)] 350178K->283685K(752128K), 0.0016907 secs] [Times: user=0.00 sys=0.00, real=0.00 secs] 
2579.857: [GC (Allocation Failure) [PSYoungGen: 68096K->1613K(68608K)] 350245K->283762K(752128K), 0.0016647 secs] [Times: user=0.01 sys=0.00, real=0.00 secs] 
2580.247: [GC (Allocation Failure) [PSYoungGen: 68173K->1613K(68608K)] 350322K->283770K(752128K), 0.0015523 secs] [Times: user=0.01 sys=0.00, real=0.00 secs] 
2580.612: [GC (Allocation Failure) [PSYoungGen: 68173K->1472K(68608K)] 350330K->283629K(752128K), 0.0016580 secs] [Times: user=0.01 sys=0.00, real=0.00 secs] 
2580.889: [GC (Allocation Failure) [PSYoungGen: 68032K->1376K(68608K)] 350189K->283533K(752128K), 0.0018479 secs] [Times: user=0.01 sys=0.00, real=0.00 secs] 
2581.165: [GC (Allocation Failure) [PSYoungGen: 67936K->1408K(68608K)] 350093K->283565K(752128K), 0.0018458 secs] [Times: user=0.01 sys=0.00, real=0.00 secs] 
2581.442: [GC (Allocation Failure) [PSYoungGen: 67968K->1408K(68608K)] 350125K->283565K(752128K), 0.0028354 secs] [Times: user=0.01 sys=0.00, real=0.00 secs] 
2581.880: [GC (Allocation Failure) [PSYoungGen: 67961K->1536K(68608K)] 350118K->283693K(752128K), 0.0016633 secs] [Times: user=0.01 sys=0.00, real=0.01 secs] 
2582.271: [GC (Allocation Failure) [PSYoungGen: 68096K->1565K(68608K)] 350253K->283722K(752128K), 0.0016887 secs] [Times: user=0.01 sys=0.00, real=0.01 secs] 
2582.720: [GC (Allocation Failure) [PSYoungGen: 68125K->1565K(68608K)] 350282K->283722K(752128K), 0.0017310 secs] [Times: user=0.01 sys=0.00, real=0.01 secs] 
2583.113: [GC (Allocation Failure) [PSYoungGen: 68125K->1533K(68608K)] 350282K->283706K(752128K), 0.0017418 secs] [Times: user=0.00 sys=0.00, real=0.00 secs] 
2583.765: [GC (Allocation Failure) [PSYoungGen: 68093K->1456K(68608K)] 350266K->283629K(752128K), 0.0029883 secs] [Times: user=0.01 sys=0.00, real=0.00 secs] 
2584.382: [GC (Allocation Failure) [PSYoungGen: 68016K->1376K(68608K)] 350189K->283549K(752128K), 0.0051976 secs] [Times: user=0.02 sys=0.00, real=0.00 secs] 
2584.751: [GC (Allocation Failure) [PSYoungGen: 67936K->1376K(68608K)] 350109K->283549K(752128K), 0.0018786 secs] [Times: user=0.00 sys=0.00, real=0.01 secs] 
2585.249: [GC (Allocation Failure) [PSYoungGen: 67936K->1376K(68608K)] 350109K->283549K(752128K), 0.0018306 secs] [Times: user=0.01 sys=0.00, real=0.00 secs] 
2585.892: [GC (Allocation Failure) [PSYoungGen: 67936K->1568K(68608K)] 350109K->283741K(752128K), 0.0016441 secs] [Times: user=0.01 sys=0.00, real=0.00 secs] 
2586.345: [GC (Allocation Failure) [PSYoungGen: 68128K->1568K(68608K)] 350301K->283741K(752128K), 0.0016678 secs] [Times: user=0.00 sys=0.00, real=0.00 secs] 
2586.798: [GC (Allocation Failure) [PSYoungGen: 68128K->1552K(68608K)] 350301K->283725K(752128K), 0.0016053 secs] [Times: user=0.01 sys=0.00, real=0.00 secs] 
2587.251: [GC (GCLocker Initiated GC) [PSYoungGen: 68112K->1552K(68608K)] 350285K->283741K(752128K), 0.0017456 secs] [Times: user=0.00 sys=0.00, real=0.01 secs] 
2587.979: [GC (Allocation Failure) [PSYoungGen: 68112K->1424K(68608K)] 350304K->283624K(752128K), 0.0032549 secs] [Times: user=0.01 sys=0.00, real=0.01 secs] 
2588.449: [GC (Allocation Failure) [PSYoungGen: 67984K->1408K(68608K)] 350184K->283608K(752128K), 0.0018634 secs] [Times: user=0.01 sys=0.00, real=0.01 secs] 
2588.726: [GC (Allocation Failure) [PSYoungGen: 67968K->1376K(68608K)] 350168K->283576K(752128K), 0.0018736 secs] [Times: user=0.01 sys=0.00, real=0.00 secs] 
2589.002: [GC (Allocation Failure) [PSYoungGen: 67936K->1408K(68608K)] 350136K->283608K(752128K), 0.0018806 secs] [Times: user=0.00 sys=0.00, real=0.00 secs] 
2589.369: [GC (Allocation Failure) [PSYoungGen: 67968K->1536K(68608K)] 350168K->283736K(752128K), 0.0015881 secs] [Times: user=0.00 sys=0.00, real=0.00 secs] 
2589.759: [GC (Allocation Failure) [PSYoungGen: 68096K->1629K(68608K)] 350296K->283829K(752128K), 0.0017986 secs] [Times: user=0.01 sys=0.00, real=0.01 secs] 
2590.150: [GC (Allocation Failure) [PSYoungGen: 68189K->1629K(68608K)] 350389K->283829K(752128K), 0.0016085 secs] [Times: user=0.01 sys=0.00, real=0.01 secs] 
2590.542: [GC (Allocation Failure) [PSYoungGen: 68189K->1600K(68608K)] 350389K->283816K(752128K), 0.0016879 secs] [Times: user=0.01 sys=0.00, real=0.00 secs] 
2590.881: [GC (Allocation Failure) [PSYoungGen: 68160K->1440K(68608K)] 350376K->283656K(752128K), 0.0018588 secs] [Times: user=0.01 sys=0.00, real=0.00 secs] 
2591.159: [GC (Allocation Failure) [PSYoungGen: 68000K->1408K(68608K)] 350216K->283624K(752128K), 0.0017264 secs] [Times: user=0.01 sys=0.00, real=0.00 secs] 
2591.464: [GC (Allocation Failure) [PSYoungGen: 67968K->1472K(68608K)] 350184K->283688K(752128K), 0.0023862 secs] [Times: user=0.01 sys=0.00, real=0.00 secs] 
2591.741: [GC (Allocation Failure) [PSYoungGen: 68032K->1392K(68608K)] 350248K->283608K(752128K), 0.0022057 secs] [Times: user=0.01 sys=0.00, real=0.00 secs] 
2592.157: [GC (Allocation Failure) [PSYoungGen: 67952K->1584K(68608K)] 350168K->283800K(752128K), 0.0016892 secs] [Times: user=0.01 sys=0.00, real=0.00 secs] 
2592.548: [GC (Allocation Failure) [PSYoungGen: 68144K->1629K(68608K)] 350360K->283845K(752128K), 0.0016820 secs] [Times: user=0.00 sys=0.00, real=0.00 secs] 
2592.939: [GC (Allocation Failure) [PSYoungGen: 68189K->1645K(68608K)] 350405K->283861K(752128K), 0.0017211 secs] [Times: user=0.01 sys=0.00, real=0.00 secs] 
2593.371: [GC (Allocation Failure) [PSYoungGen: 68205K->1584K(68608K)] 350421K->283856K(752128K), 0.0016896 secs] [Times: user=0.00 sys=0.00, real=0.01 secs] 
2593.682: [GC (Allocation Failure) [PSYoungGen: 68144K->1376K(68608K)] 350416K->283648K(752128K), 0.0017432 secs] [Times: user=0.00 sys=0.00, real=0.00 secs] 
2594.130: [GC (Allocation Failure) [PSYoungGen: 67936K->1376K(68608K)] 350208K->283648K(752128K), 0.0017756 secs] [Times: user=0.01 sys=0.00, real=0.01 secs] 
2594.688: [GC (Allocation Failure) [PSYoungGen: 67936K->1376K(68608K)] 350208K->283648K(752128K), 0.0017496 secs] [Times: user=0.00 sys=0.00, real=0.00 secs] 
2595.217: [GC (Allocation Failure) [PSYoungGen: 67936K->1376K(68608K)] 350208K->283648K(752128K), 0.0018800 secs] [Times: user=0.01 sys=0.00, real=0.00 secs] 
2595.680: [GC (Allocation Failure) [PSYoungGen: 67936K->1613K(68608K)] 350208K->283885K(752128K), 0.0017114 secs] [Times: user=0.01 sys=0.00, real=0.01 secs] 
2596.080: [GC (Allocation Failure) [PSYoungGen: 68173K->1613K(68608K)] 350445K->283885K(752128K), 0.0016355 secs] [Times: user=0.01 sys=0.00, real=0.01 secs] 
2596.472: [GC (Allocation Failure) [PSYoungGen: 68173K->1613K(68608K)] 350445K->283885K(752128K), 0.0016535 secs] [Times: user=0.01 sys=0.00, real=0.00 secs] 
2596.969: [GC (Allocation Failure) [PSYoungGen: 68173K->1504K(68608K)] 350445K->283800K(752128K), 0.0017543 secs] [Times: user=0.01 sys=0.01, real=0.00 secs] 
2597.267: [GC (Allocation Failure) [PSYoungGen: 68064K->1376K(68608K)] 350360K->283672K(752128K), 0.0019814 secs] [Times: user=0.01 sys=0.00, real=0.00 secs] 
2597.593: [GC (Allocation Failure) [PSYoungGen: 67936K->1344K(68608K)] 350232K->283640K(752128K), 0.0019542 secs] [Times: user=0.01 sys=0.00, real=0.00 secs] 
2597.899: [GC (Allocation Failure) [PSYoungGen: 67904K->1376K(68608K)] 350200K->283672K(752128K), 0.0019853 secs] [Times: user=0.00 sys=0.00, real=0.00 secs] 
2598.181: [GC (Allocation Failure) [PSYoungGen: 67936K->1344K(68608K)] 350232K->283640K(752128K), 0.0018589 secs] [Times: user=0.00 sys=0.00, real=0.00 secs] 
2598.615: [GC (Allocation Failure) [PSYoungGen: 67904K->1581K(68608K)] 350200K->283877K(752128K), 0.0016512 secs] [Times: user=0.00 sys=0.00, real=0.00 secs] 
2599.006: [GC (Allocation Failure) [PSYoungGen: 68141K->1552K(68608K)] 350437K->283848K(752128K), 0.0016750 secs] [Times: user=0.01 sys=0.00, real=0.00 secs] 
2599.395: [GC (Allocation Failure) [PSYoungGen: 68112K->1581K(68608K)] 350408K->283893K(752128K), 0.0016679 secs] [Times: user=0.01 sys=0.00, real=0.00 secs] 
2599.889: [GC (Allocation Failure) [PSYoungGen: 68141K->1456K(68608K)] 350453K->283768K(752128K), 0.0019925 secs] [Times: user=0.01 sys=0.00, real=0.00 secs] 
2600.528: [GC (Allocation Failure) [PSYoungGen: 68016K->1408K(68608K)] 350328K->283720K(752128K), 0.0026282 secs] [Times: user=0.01 sys=0.00, real=0.00 secs] 
2601.034: [GC (Allocation Failure) [PSYoungGen: 67968K->1376K(68608K)] 350280K->283696K(752128K), 0.0022350 secs] [Times: user=0.01 sys=0.00, real=0.00 secs] 
2601.344: [GC (Allocation Failure) [PSYoungGen: 67936K->1376K(68608K)] 350256K->283696K(752128K), 0.0019284 secs] [Times: user=0.00 sys=0.00, real=0.00 secs] 
2601.717: [GC (Allocation Failure) [PSYoungGen: 67936K->1488K(68608K)] 350256K->283808K(752128K), 0.0017490 secs] [Times: user=0.00 sys=0.00, real=0.00 secs] 
2602.120: [GC (Allocation Failure) [PSYoungGen: 68048K->1568K(68608K)] 350368K->283888K(752128K), 0.0016666 secs] [Times: user=0.01 sys=0.00, real=0.01 secs] 
2602.570: [GC (Allocation Failure) [PSYoungGen: 68128K->1645K(68608K)] 350448K->283965K(752128K), 0.0017643 secs] [Times: user=0.01 sys=0.00, real=0.01 secs] 
2602.960: [GC (Allocation Failure) [PSYoungGen: 68205K->1581K(68608K)] 350525K->283917K(752128K), 0.0017196 secs] [Times: user=0.01 sys=0.00, real=0.01 secs] 
2603.657: [GC (Allocation Failure) [PSYoungGen: 68141K->1472K(68608K)] 350477K->283808K(752128K), 0.0028399 secs] [Times: user=0.01 sys=0.00, real=0.00 secs] 
2604.496: [GC (Allocation Failure) [PSYoungGen: 68032K->1408K(68608K)] 350368K->283744K(752128K), 0.0031625 secs] [Times: user=0.01 sys=0.00, real=0.00 secs] 
2605.280: [GC (Allocation Failure) [PSYoungGen: 67968K->1408K(68608K)] 350304K->283744K(752128K), 0.0028366 secs] [Times: user=0.01 sys=0.00, real=0.01 secs] 
2605.952: [GC (Allocation Failure) [PSYoungGen: 67968K->1392K(68608K)] 350304K->283728K(752128K), 0.0027348 secs] [Times: user=0.01 sys=0.00, real=0.00 secs] 
2606.449: [GC (Allocation Failure) [PSYoungGen: 67952K->1501K(68608K)] 350288K->283837K(752128K), 0.0014947 secs] [Times: user=0.01 sys=0.00, real=0.00 secs] 
2606.844: [GC (Allocation Failure) [PSYoungGen: 68061K->1533K(68608K)] 350397K->283869K(752128K), 0.0015676 secs] [Times: user=0.01 sys=0.00, real=0.00 secs] 
2607.241: [GC (Allocation Failure) [PSYoungGen: 68093K->1565K(68608K)] 350429K->283901K(752128K), 0.0015969 secs] [Times: user=0.01 sys=0.00, real=0.01 secs] 
2607.629: [GC (Allocation Failure) [PSYoungGen: 68125K->1597K(68608K)] 350461K->283949K(752128K), 0.0015691 secs] [Times: user=0.00 sys=0.00, real=0.00 secs] 
2608.267: [GC (Allocation Failure) [PSYoungGen: 68157K->1456K(68608K)] 350509K->283808K(752128K), 0.0018613 secs] [Times: user=0.01 sys=0.00, real=0.00 secs] 
2608.783: [GC (Allocation Failure) [PSYoungGen: 68016K->1392K(68608K)] 350368K->283760K(752128K), 0.0029139 secs] [Times: user=0.01 sys=0.00, real=0.00 secs] 
2609.232: [GC (Allocation Failure) [PSYoungGen: 67952K->1360K(68608K)] 350320K->283728K(752128K), 0.0023264 secs] [Times: user=0.00 sys=0.00, real=0.00 secs] 
2609.776: [GC (Allocation Failure) [PSYoungGen: 67920K->1360K(68608K)] 350288K->283728K(752128K), 0.0037575 secs] [Times: user=0.01 sys=0.00, real=0.00 secs] 
2610.377: [GC (Allocation Failure) [PSYoungGen: 67920K->1517K(68608K)] 350288K->283885K(752128K), 0.0015456 secs] [Times: user=0.00 sys=0.00, real=0.00 secs] 
2610.769: [GC (Allocation Failure) [PSYoungGen: 68077K->1533K(68608K)] 350445K->283901K(752128K), 0.0016455 secs] [Times: user=0.01 sys=0.00, real=0.00 secs] 
2611.162: [GC (Allocation Failure) [PSYoungGen: 68093K->1629K(68608K)] 350461K->283997K(752128K), 0.0016130 secs] [Times: user=0.01 sys=0.00, real=0.00 secs] 
2611.551: [GC (Allocation Failure) [PSYoungGen: 68178K->1648K(68608K)] 350546K->284024K(752128K), 0.0016132 secs] [Times: user=0.01 sys=0.00, real=0.01 secs] 
2611.931: [GC (Allocation Failure) [PSYoungGen: 68208K->1424K(68608K)] 350584K->283800K(752128K), 0.0016677 secs] [Times: user=0.01 sys=0.00, real=0.01 secs] 
2612.268: [GC (Allocation Failure) [PSYoungGen: 67984K->1344K(68608K)] 350360K->283720K(752128K), 0.0016652 secs] [Times: user=0.01 sys=0.00, real=0.00 secs] 
2612.544: [GC (Allocation Failure) [PSYoungGen: 67904K->1376K(68608K)] 350280K->283752K(752128K), 0.0018465 secs] [Times: user=0.00 sys=0.00, real=0.00 secs] 
2612.852: [GC (Allocation Failure) [PSYoungGen: 67936K->1376K(68608K)] 350312K->283752K(752128K), 0.0017708 secs] [Times: user=0.01 sys=0.00, real=0.00 secs] 
2613.248: [GC (Allocation Failure) [PSYoungGen: 67936K->1565K(68608K)] 350312K->283941K(752128K), 0.0015300 secs] [Times: user=0.00 sys=0.00, real=0.00 secs] 
2613.638: [GC (Allocation Failure) [PSYoungGen: 68125K->1597K(68608K)] 350501K->283973K(752128K), 0.0016413 secs] [Times: user=0.00 sys=0.00, real=0.00 secs] 
2614.030: [GC (Allocation Failure) [PSYoungGen: 68157K->1565K(68608K)] 350533K->283941K(752128K), 0.0016616 secs] [Times: user=0.01 sys=0.00, real=0.01 secs] 
2614.421: [GC (Allocation Failure) [PSYoungGen: 68094K->1597K(68608K)] 350470K->283989K(752128K), 0.0017389 secs] [Times: user=0.01 sys=0.00, real=0.00 secs] 
2614.797: [GC (Allocation Failure) [PSYoungGen: 68157K->1392K(68608K)] 350549K->283784K(752128K), 0.0018292 secs] [Times: user=0.01 sys=0.00, real=0.00 secs] 
2615.074: [GC (Allocation Failure) [PSYoungGen: 67952K->1360K(68608K)] 350344K->283752K(752128K), 0.0016854 secs] [Times: user=0.00 sys=0.00, real=0.00 secs] 
2615.357: [GC (Allocation Failure) [PSYoungGen: 67920K->1424K(68608K)] 350312K->283816K(752128K), 0.0017085 secs] [Times: user=0.01 sys=0.00, real=0.00 secs] 
2615.694: [GC (Allocation Failure) [PSYoungGen: 67984K->1376K(68608K)] 350376K->283768K(752128K), 0.0018526 secs] [Times: user=0.01 sys=0.00, real=0.00 secs] 
2616.074: [GC (Allocation Failure) [PSYoungGen: 67936K->1581K(68608K)] 350328K->283973K(752128K), 0.0016201 secs] [Times: user=0.00 sys=0.00, real=0.00 secs] 
2616.475: [GC (Allocation Failure) [PSYoungGen: 68141K->1565K(68608K)] 350533K->283981K(752128K), 0.0015919 secs] [Times: user=0.01 sys=0.00, real=0.00 secs] 
2616.873: [GC (Allocation Failure) [PSYoungGen: 68125K->1565K(68608K)] 350541K->283981K(752128K), 0.0016382 secs] [Times: user=0.00 sys=0.00, real=0.00 secs] 
2617.266: [GC (Allocation Failure) [PSYoungGen: 68125K->1613K(68608K)] 350541K->284037K(752128K), 0.0015811 secs] [Times: user=0.00 sys=0.00, real=0.00 secs] 
2617.693: [GC (Allocation Failure) [PSYoungGen: 68173K->1408K(68608K)] 350597K->283832K(752128K), 0.0020908 secs] [Times: user=0.01 sys=0.00, real=0.00 secs] 
2618.306: [GC (Allocation Failure) [PSYoungGen: 67968K->1376K(68608K)] 350392K->283800K(752128K), 0.0021302 secs] [Times: user=0.00 sys=0.00, real=0.00 secs] 
2618.876: [GC (Allocation Failure) [PSYoungGen: 67936K->1376K(68608K)] 350360K->283800K(752128K), 0.0036297 secs] [Times: user=0.01 sys=0.00, real=0.00 secs] 
2619.524: [GC (Allocation Failure) [PSYoungGen: 67936K->1376K(68608K)] 350360K->283800K(752128K), 0.0035388 secs] [Times: user=0.01 sys=0.00, real=0.00 secs] 
2620.140: [GC (Allocation Failure) [PSYoungGen: 67936K->1533K(68608K)] 350360K->283957K(752128K), 0.0015999 secs] [Times: user=0.01 sys=0.00, real=0.01 secs] 
2620.531: [GC (Allocation Failure) [PSYoungGen: 68093K->1613K(68608K)] 350517K->284037K(752128K), 0.0016558 secs] [Times: user=0.01 sys=0.00, real=0.01 secs] 
2620.922: [GC (Allocation Failure) [PSYoungGen: 68173K->1581K(68608K)] 350597K->284005K(752128K), 0.0016736 secs] [Times: user=0.01 sys=0.00, real=0.00 secs] 
2621.346: [GC (Allocation Failure) [PSYoungGen: 68141K->2016K(68608K)] 350565K->284448K(752128K), 0.0019100 secs] [Times: user=0.01 sys=0.00, real=0.00 secs] 
2621.712: [GC (Allocation Failure) [PSYoungGen: 68576K->1344K(68608K)] 351008K->283776K(752128K), 0.0018349 secs] [Times: user=0.01 sys=0.00, real=0.00 secs] 
2622.286: [GC (Allocation Failure) [PSYoungGen: 67904K->1360K(68608K)] 350336K->283792K(752128K), 0.0018641 secs] [Times: user=0.00 sys=0.00, real=0.00 secs] 
2622.938: [GC (Allocation Failure) [PSYoungGen: 67920K->1408K(68608K)] 350352K->283840K(752128K), 0.0037816 secs] [Times: user=0.02 sys=0.01, real=0.01 secs] 
2623.611: [GC (Allocation Failure) [PSYoungGen: 67968K->1408K(68608K)] 350400K->283840K(752128K), 0.0030354 secs] [Times: user=0.01 sys=0.00, real=0.00 secs] 
2624.227: [GC (Allocation Failure) [PSYoungGen: 67968K->1581K(68608K)] 350400K->284013K(752128K), 0.0016218 secs] [Times: user=0.01 sys=0.00, real=0.00 secs] 
2624.618: [GC (Allocation Failure) [PSYoungGen: 68141K->1584K(68608K)] 350573K->284016K(752128K), 0.0016447 secs] [Times: user=0.01 sys=0.00, real=0.00 secs] 
2625.006: [GC (Allocation Failure) [PSYoungGen: 68144K->1613K(68608K)] 350576K->284045K(752128K), 0.0016090 secs] [Times: user=0.00 sys=0.00, real=0.00 secs] 
2625.400: [GC (Allocation Failure) [PSYoungGen: 68173K->1472K(68608K)] 350605K->283904K(752128K), 0.0018373 secs] [Times: user=0.01 sys=0.00, real=0.01 secs] 
2625.676: [GC (Allocation Failure) [PSYoungGen: 68032K->1376K(68608K)] 350464K->283808K(752128K), 0.0017451 secs] [Times: user=0.00 sys=0.00, real=0.00 secs] 
2625.952: [GC (Allocation Failure) [PSYoungGen: 67936K->1376K(68608K)] 350368K->283808K(752128K), 0.0017086 secs] [Times: user=0.00 sys=0.00, real=0.00 secs] 
2626.228: [GC (Allocation Failure) [PSYoungGen: 67936K->1424K(68608K)] 350368K->283856K(752128K), 0.0014646 secs] [Times: user=0.00 sys=0.00, real=0.00 secs] 
2626.525: [GC (Allocation Failure) [PSYoungGen: 67984K->1453K(68608K)] 350416K->283885K(752128K), 0.0017359 secs] [Times: user=0.00 sys=0.00, real=0.00 secs] 
2626.928: [GC (Allocation Failure) [PSYoungGen: 68013K->1581K(68608K)] 350445K->284013K(752128K), 0.0016962 secs] [Times: user=0.01 sys=0.00, real=0.00 secs] 
2627.322: [GC (Allocation Failure) [PSYoungGen: 68136K->1645K(68608K)] 350568K->284101K(752128K), 0.0016170 secs] [Times: user=0.00 sys=0.00, real=0.00 secs] 
2627.712: [GC (Allocation Failure) [PSYoungGen: 68180K->1581K(68608K)] 350636K->284053K(752128K), 0.0016227 secs] [Times: user=0.00 sys=0.00, real=0.00 secs] 
2628.229: [GC (Allocation Failure) [PSYoungGen: 68141K->1504K(68608K)] 350613K->283976K(752128K), 0.0018237 secs] [Times: user=0.01 sys=0.00, real=0.00 secs] 
2628.527: [GC (Allocation Failure) [PSYoungGen: 68064K->1424K(68608K)] 350536K->283896K(752128K), 0.0019297 secs] [Times: user=0.01 sys=0.00, real=0.00 secs] 
2628.851: [GC (Allocation Failure) [PSYoungGen: 67984K->1408K(68608K)] 350456K->283880K(752128K), 0.0025250 secs] [Times: user=0.01 sys=0.00, real=0.01 secs] 
2629.129: [GC (Allocation Failure) [PSYoungGen: 67968K->1392K(68608K)] 350440K->283864K(752128K), 0.0022584 secs] [Times: user=0.00 sys=0.00, real=0.00 secs] 
2629.522: [GC (Allocation Failure) [PSYoungGen: 67952K->1469K(68608K)] 350424K->283941K(752128K), 0.0016101 secs] [Times: user=0.00 sys=0.00, real=0.00 secs] 
2629.912: [GC (Allocation Failure) [PSYoungGen: 68029K->1597K(68608K)] 350501K->284069K(752128K), 0.0016047 secs] [Times: user=0.01 sys=0.00, real=0.00 secs] 
2630.301: [GC (Allocation Failure) [PSYoungGen: 68157K->1613K(68608K)] 350629K->284085K(752128K), 0.0016872 secs] [Times: user=0.00 sys=0.00, real=0.00 secs] 
2630.691: [GC (Allocation Failure) [PSYoungGen: 68169K->1549K(68608K)] 350641K->284037K(752128K), 0.0015601 secs] [Times: user=0.01 sys=0.00, real=0.01 secs] 
2631.317: [GC (Allocation Failure) [PSYoungGen: 68109K->1472K(68608K)] 350597K->283960K(752128K), 0.0016369 secs] [Times: user=0.01 sys=0.00, real=0.00 secs] 
2632.160: [GC (Allocation Failure) [PSYoungGen: 68032K->1376K(68608K)] 350520K->283864K(752128K), 0.0018964 secs] [Times: user=0.00 sys=0.00, real=0.01 secs] 
2632.490: [GC (Allocation Failure) [PSYoungGen: 67936K->1424K(68608K)] 350424K->283912K(752128K), 0.0019956 secs] [Times: user=0.01 sys=0.00, real=0.01 secs] 
2632.767: [GC (Allocation Failure) [PSYoungGen: 67984K->1376K(68608K)] 350472K->283864K(752128K), 0.0018625 secs] [Times: user=0.01 sys=0.01, real=0.00 secs] 
2633.148: [GC (Allocation Failure) [PSYoungGen: 67926K->1485K(68608K)] 350415K->283973K(752128K), 0.0015880 secs] [Times: user=0.01 sys=0.00, real=0.00 secs] 
2633.538: [GC (Allocation Failure) [PSYoungGen: 68045K->1533K(68608K)] 350533K->284021K(752128K), 0.0016580 secs] [Times: user=0.01 sys=0.00, real=0.00 secs] 
2633.929: [GC (Allocation Failure) [PSYoungGen: 68093K->1565K(68608K)] 350581K->284053K(752128K), 0.0017041 secs] [Times: user=0.01 sys=0.00, real=0.00 secs] 
2634.323: [GC (Allocation Failure) [PSYoungGen: 68125K->1565K(68608K)] 350613K->284069K(752128K), 0.0016790 secs] [Times: user=0.01 sys=0.00, real=0.00 secs] 
2635.758: [GC (Allocation Failure) [PSYoungGen: 68125K->1424K(68608K)] 350629K->283928K(752128K), 0.0038237 secs] [Times: user=0.01 sys=0.00, real=0.01 secs] 
2636.338: [GC (Allocation Failure) [PSYoungGen: 67984K->1408K(68608K)] 350488K->283912K(752128K), 0.0023718 secs] [Times: user=0.01 sys=0.00, real=0.00 secs] 
2636.626: [GC (Allocation Failure) [PSYoungGen: 67968K->1376K(68608K)] 350472K->283880K(752128K), 0.0018680 secs] [Times: user=0.01 sys=0.00, real=0.00 secs] 
2636.902: [GC (Allocation Failure) [PSYoungGen: 67936K->1392K(68608K)] 350440K->283896K(752128K), 0.0016858 secs] [Times: user=0.01 sys=0.00, real=0.00 secs] 
2637.249: [GC (Allocation Failure) [PSYoungGen: 67952K->1517K(68608K)] 350456K->284021K(752128K), 0.0014885 secs] [Times: user=0.01 sys=0.00, real=0.00 secs] 
2637.642: [GC (Allocation Failure) [PSYoungGen: 68077K->1565K(68608K)] 350581K->284069K(752128K), 0.0015533 secs] [Times: user=0.00 sys=0.00, real=0.00 secs] 
2638.033: [GC (Allocation Failure) [PSYoungGen: 68098K->1568K(68608K)] 350603K->284072K(752128K), 0.0016679 secs] [Times: user=0.00 sys=0.00, real=0.00 secs] 
2638.424: [GC (Allocation Failure) [PSYoungGen: 68128K->1549K(68608K)] 350632K->284077K(752128K), 0.0016851 secs] [Times: user=0.01 sys=0.00, real=0.00 secs] 
2639.092: [GC (Allocation Failure) [PSYoungGen: 68109K->1408K(68608K)] 350637K->283936K(752128K), 0.0018036 secs] [Times: user=0.00 sys=0.01, real=0.00 secs] 
2639.710: [GC (Allocation Failure) [PSYoungGen: 67968K->1344K(68608K)] 350496K->283872K(752128K), 0.0021028 secs] [Times: user=0.01 sys=0.00, real=0.01 secs] 
2640.036: [GC (Allocation Failure) [PSYoungGen: 67904K->1376K(68608K)] 350432K->283904K(752128K), 0.0020278 secs] [Times: user=0.01 sys=0.00, real=0.00 secs] 
2640.365: [GC (Allocation Failure) [PSYoungGen: 67936K->1376K(68608K)] 350464K->283904K(752128K), 0.0019232 secs] [Times: user=0.00 sys=0.00, real=0.00 secs] 
2640.825: [GC (Allocation Failure) [PSYoungGen: 67936K->1501K(68608K)] 350464K->284029K(752128K), 0.0016076 secs] [Times: user=0.01 sys=0.00, real=0.00 secs] 
2641.215: [GC (Allocation Failure) [PSYoungGen: 68061K->1645K(68608K)] 350589K->284173K(752128K), 0.0017181 secs] [Times: user=0.01 sys=0.00, real=0.00 secs] 
2641.606: [GC (Allocation Failure) [PSYoungGen: 68205K->1597K(68608K)] 350733K->284125K(752128K), 0.0015412 secs] [Times: user=0.01 sys=0.00, real=0.00 secs] 
2641.998: [GC (Allocation Failure) [PSYoungGen: 68157K->1616K(68608K)] 350685K->284160K(752128K), 0.0016469 secs] [Times: user=0.01 sys=0.00, real=0.00 secs] 
2644.240: [GC (Allocation Failure) [PSYoungGen: 68176K->1472K(68608K)] 350720K->284016K(752128K), 0.0030597 secs] [Times: user=0.01 sys=0.01, real=0.01 secs] 
2644.685: [GC (Allocation Failure) [PSYoungGen: 68032K->1392K(68608K)] 350576K->283936K(752128K), 0.0021482 secs] [Times: user=0.01 sys=0.00, real=0.00 secs] 
2644.962: [GC (Allocation Failure) [PSYoungGen: 67952K->1408K(68608K)] 350496K->283952K(752128K), 0.0021872 secs] [Times: user=0.01 sys=0.00, real=0.00 secs] 
2645.542: [GC (Allocation Failure) [PSYoungGen: 67968K->1376K(68608K)] 350512K->283920K(752128K), 0.0026332 secs] [Times: user=0.01 sys=0.00, real=0.00 secs] 
2646.076: [GC (Allocation Failure) [PSYoungGen: 67936K->1565K(68608K)] 350480K->284109K(752128K), 0.0016013 secs] [Times: user=0.01 sys=0.00, real=0.00 secs] 
2646.467: [GC (Allocation Failure) [PSYoungGen: 68125K->1616K(68608K)] 350669K->284160K(752128K), 0.0016988 secs] [Times: user=0.01 sys=0.00, real=0.00 secs] 
2646.858: [GC (Allocation Failure) [PSYoungGen: 68176K->1613K(68608K)] 350720K->284157K(752128K), 0.0016986 secs] [Times: user=0.01 sys=0.00, real=0.00 secs] 
2647.246: [GC (Allocation Failure) [PSYoungGen: 68173K->1504K(68608K)] 350717K->284048K(752128K), 0.0015936 secs] [Times: user=0.01 sys=0.00, real=0.00 secs] 
2647.999: [GC (Allocation Failure) [PSYoungGen: 68064K->1408K(68608K)] 350608K->283952K(752128K), 0.0021378 secs] [Times: user=0.01 sys=0.00, real=0.00 secs] 
2648.524: [GC (Allocation Failure) [PSYoungGen: 67968K->1376K(68608K)] 350512K->283920K(752128K), 0.0024072 secs] [Times: user=0.01 sys=0.00, real=0.00 secs] 
2648.853: [GC (Allocation Failure) [PSYoungGen: 67936K->1376K(68608K)] 350480K->283920K(752128K), 0.0020146 secs] [Times: user=0.01 sys=0.00, real=0.00 secs] 
2649.359: [GC (Allocation Failure) [PSYoungGen: 67936K->1408K(68608K)] 350480K->283952K(752128K), 0.0018602 secs] [Times: user=0.01 sys=0.00, real=0.00 secs] 
2649.792: [GC (Allocation Failure) [PSYoungGen: 67968K->1517K(68608K)] 350512K->284077K(752128K), 0.0016077 secs] [Times: user=0.01 sys=0.00, real=0.00 secs] 
2650.182: [GC (Allocation Failure) [PSYoungGen: 68077K->1565K(68608K)] 350637K->284125K(752128K), 0.0016677 secs] [Times: user=0.01 sys=0.00, real=0.00 secs] 
2650.572: [GC (Allocation Failure) [PSYoungGen: 68125K->1552K(68608K)] 350685K->284112K(752128K), 0.0017063 secs] [Times: user=0.01 sys=0.00, real=0.00 secs] 
2650.977: [GC (Allocation Failure) [PSYoungGen: 68112K->1536K(68608K)] 350672K->284104K(752128K), 0.0018579 secs] [Times: user=0.01 sys=0.00, real=0.00 secs] 
2651.270: [GC (Allocation Failure) [PSYoungGen: 68096K->1424K(68608K)] 350664K->283992K(752128K), 0.0017698 secs] [Times: user=0.00 sys=0.00, real=0.01 secs] 
2651.546: [GC (Allocation Failure) [PSYoungGen: 67984K->1376K(68608K)] 350552K->283944K(752128K), 0.0017599 secs] [Times: user=0.00 sys=0.00, real=0.00 secs] 
2651.850: [GC (Allocation Failure) [PSYoungGen: 67936K->1376K(68608K)] 350504K->283944K(752128K), 0.0017483 secs] [Times: user=0.01 sys=0.00, real=0.01 secs] 
2652.126: [GC (Allocation Failure) [PSYoungGen: 67936K->1376K(68608K)] 350504K->283944K(752128K), 0.0019721 secs] [Times: user=0.00 sys=0.00, real=0.00 secs] 
2652.527: [GC (Allocation Failure) [PSYoungGen: 67936K->1520K(68608K)] 350504K->284088K(752128K), 0.0016611 secs] [Times: user=0.01 sys=0.00, real=0.00 secs] 
2652.976: [GC (Allocation Failure) [PSYoungGen: 68080K->1552K(68608K)] 350648K->284120K(752128K), 0.0017108 secs] [Times: user=0.01 sys=0.00, real=0.00 secs] 
2653.367: [GC (Allocation Failure) [PSYoungGen: 68112K->1552K(68608K)] 350680K->284136K(752128K), 0.0018386 secs] [Times: user=0.00 sys=0.00, real=0.00 secs] 
2654.024: [GC (Allocation Failure) [PSYoungGen: 68112K->1520K(68608K)] 350696K->284112K(752128K), 0.0024270 secs] [Times: user=0.01 sys=0.00, real=0.00 secs] 
2655.095: [GC (Allocation Failure) [PSYoungGen: 68080K->1376K(68608K)] 350672K->283968K(752128K), 0.0026971 secs] [Times: user=0.01 sys=0.00, real=0.00 secs] 
2655.667: [GC (Allocation Failure) [PSYoungGen: 67936K->1376K(68608K)] 350528K->283968K(752128K), 0.0021803 secs] [Times: user=0.01 sys=0.00, real=0.00 secs] 
2656.244: [GC (Allocation Failure) [PSYoungGen: 67936K->1376K(68608K)] 350528K->283968K(752128K), 0.0022152 secs] [Times: user=0.01 sys=0.00, real=0.00 secs] 
2656.805: [GC (Allocation Failure) [PSYoungGen: 67936K->1469K(68608K)] 350528K->284061K(752128K), 0.0022686 secs] [Times: user=0.01 sys=0.00, real=0.00 secs] 
2657.248: [GC (Allocation Failure) [PSYoungGen: 68029K->1549K(68608K)] 350621K->284141K(752128K), 0.0015691 secs] [Times: user=0.01 sys=0.00, real=0.00 secs] 
2657.649: [GC (Allocation Failure) [PSYoungGen: 68109K->1597K(68608K)] 350701K->284205K(752128K), 0.0016103 secs] [Times: user=0.00 sys=0.00, real=0.00 secs] 
2658.037: [GC (Allocation Failure) [PSYoungGen: 68157K->1584K(68608K)] 350765K->284216K(752128K), 0.0016662 secs] [Times: user=0.00 sys=0.00, real=0.00 secs] 
2658.400: [GC (Allocation Failure) [PSYoungGen: 68144K->1472K(68608K)] 350776K->284104K(752128K), 0.0016090 secs] [Times: user=0.01 sys=0.00, real=0.01 secs] 
2658.676: [GC (Allocation Failure) [PSYoungGen: 68032K->1424K(68608K)] 350664K->284056K(752128K), 0.0015312 secs] [Times: user=0.00 sys=0.00, real=0.00 secs] 
2658.951: [GC (Allocation Failure) [PSYoungGen: 67984K->1440K(68608K)] 350616K->284072K(752128K), 0.0014280 secs] [Times: user=0.01 sys=0.00, real=0.00 secs] 
2659.227: [GC (Allocation Failure) [PSYoungGen: 68000K->1376K(68608K)] 350632K->284008K(752128K), 0.0024015 secs] [Times: user=0.01 sys=0.00, real=0.00 secs] 
2659.561: [GC (Allocation Failure) [PSYoungGen: 67936K->1533K(68608K)] 350568K->284165K(752128K), 0.0014732 secs] [Times: user=0.01 sys=0.00, real=0.01 secs] 
2659.951: [GC (Allocation Failure) [PSYoungGen: 68093K->1581K(68608K)] 350725K->284213K(752128K), 0.0016497 secs] [Times: user=0.01 sys=0.00, real=0.01 secs] 
2660.339: [GC (Allocation Failure) [PSYoungGen: 68141K->1597K(68608K)] 350773K->284229K(752128K), 0.0016199 secs] [Times: user=0.01 sys=0.00, real=0.00 secs] 
2660.732: [GC (Allocation Failure) [PSYoungGen: 68157K->1581K(68608K)] 350789K->284229K(752128K), 0.0016726 secs] [Times: user=0.00 sys=0.00, real=0.00 secs] 
2661.846: [GC (Allocation Failure) [PSYoungGen: 68141K->1488K(68608K)] 350789K->284136K(752128K), 0.0028371 secs] [Times: user=0.00 sys=0.00, real=0.00 secs] 
2662.898: [GC (Allocation Failure) [PSYoungGen: 68048K->1392K(68608K)] 350696K->284040K(752128K), 0.0030574 secs] [Times: user=0.01 sys=0.00, real=0.00 secs] 
2663.442: [GC (Allocation Failure) [PSYoungGen: 67952K->1392K(68608K)] 350600K->284040K(752128K), 0.0031251 secs] [Times: user=0.02 sys=0.00, real=0.00 secs] 
2663.989: [GC (Allocation Failure) [PSYoungGen: 67952K->1392K(68608K)] 350600K->284040K(752128K), 0.0028954 secs] [Times: user=0.02 sys=0.00, real=0.01 secs] 
2664.583: [GC (Allocation Failure) [PSYoungGen: 67952K->1549K(68608K)] 350600K->284197K(752128K), 0.0016135 secs] [Times: user=0.01 sys=0.00, real=0.00 secs] 
2664.973: [GC (Allocation Failure) [PSYoungGen: 68109K->1645K(68608K)] 350757K->284293K(752128K), 0.0016865 secs] [Times: user=0.01 sys=0.00, real=0.00 secs] 
2665.365: [GC (Allocation Failure) [PSYoungGen: 68190K->1613K(68608K)] 350838K->284261K(752128K), 0.0017207 secs] [Times: user=0.01 sys=0.00, real=0.00 secs] 
2665.756: [GC (Allocation Failure) [PSYoungGen: 68173K->1613K(68608K)] 350821K->284277K(752128K), 0.0015942 secs] [Times: user=0.01 sys=0.00, real=0.00 secs] 
2666.416: [GC (Allocation Failure) [PSYoungGen: 68173K->1440K(68608K)] 350837K->284104K(752128K), 0.0021961 secs] [Times: user=0.01 sys=0.00, real=0.00 secs] 
2666.956: [GC (Allocation Failure) [PSYoungGen: 68000K->1392K(68608K)] 350664K->284056K(752128K), 0.0020666 secs] [Times: user=0.01 sys=0.00, real=0.00 secs] 
2667.497: [GC (Allocation Failure) [PSYoungGen: 67952K->1424K(68608K)] 350616K->284088K(752128K), 0.0031352 secs] [Times: user=0.01 sys=0.00, real=0.00 secs] 
2668.050: [GC (Allocation Failure) [PSYoungGen: 67984K->1440K(68608K)] 350648K->284104K(752128K), 0.0031139 secs] [Times: user=0.01 sys=0.00, real=0.01 secs] 
2668.560: [GC (Allocation Failure) [PSYoungGen: 68000K->1549K(68608K)] 350664K->284213K(752128K), 0.0015914 secs] [Times: user=0.01 sys=0.00, real=0.01 secs] 
2668.949: [GC (Allocation Failure) [PSYoungGen: 68109K->1584K(68608K)] 350773K->284248K(752128K), 0.0016980 secs] [Times: user=0.01 sys=0.00, real=0.00 secs] 
2669.341: [GC (Allocation Failure) [PSYoungGen: 68144K->1613K(68608K)] 350808K->284277K(752128K), 0.0017894 secs] [Times: user=0.00 sys=0.00, real=0.00 secs] 
2669.733: [GC (Allocation Failure) [PSYoungGen: 68173K->1581K(68608K)] 350837K->284301K(752128K), 0.0016898 secs] [Times: user=0.01 sys=0.00, real=0.00 secs] 
2670.030: [GC (Allocation Failure) [PSYoungGen: 68141K->1456K(68608K)] 350861K->284176K(752128K), 0.0015814 secs] [Times: user=0.01 sys=0.00, real=0.00 secs] 
2670.306: [GC (Allocation Failure) [PSYoungGen: 68016K->1376K(68608K)] 350736K->284096K(752128K), 0.0019767 secs] [Times: user=0.00 sys=0.00, real=0.00 secs] 
2670.583: [GC (Allocation Failure) [PSYoungGen: 67936K->1408K(68608K)] 350656K->284128K(752128K), 0.0021343 secs] [Times: user=0.01 sys=0.00, real=0.00 secs] 
2670.865: [GC (Allocation Failure) [PSYoungGen: 67968K->1408K(68608K)] 350688K->284128K(752128K), 0.0025982 secs] [Times: user=0.01 sys=0.00, real=0.00 secs] 
2671.287: [GC (Allocation Failure) [PSYoungGen: 67968K->1565K(68608K)] 350688K->284285K(752128K), 0.0015735 secs] [Times: user=0.01 sys=0.00, real=0.00 secs] 
2671.679: [GC (Allocation Failure) [PSYoungGen: 68125K->1565K(68608K)] 350845K->284285K(752128K), 0.0016806 secs] [Times: user=0.01 sys=0.00, real=0.00 secs] 
2672.071: [GC (Allocation Failure) [PSYoungGen: 68125K->1584K(68608K)] 350845K->284304K(752128K), 0.0016397 secs] [Times: user=0.01 sys=0.00, real=0.01 secs] 
2672.465: [GC (Allocation Failure) [PSYoungGen: 68144K->1536K(68608K)] 350864K->284272K(752128K), 0.0017162 secs] [Times: user=0.00 sys=0.00, real=0.00 secs] 
2672.764: [GC (Allocation Failure) [PSYoungGen: 68096K->1376K(68608K)] 350832K->284112K(752128K), 0.0015901 secs] [Times: user=0.01 sys=0.00, real=0.00 secs] 
2673.041: [GC (Allocation Failure) [PSYoungGen: 67936K->1408K(68608K)] 350672K->284144K(752128K), 0.0017049 secs] [Times: user=0.00 sys=0.00, real=0.01 secs] 
2673.317: [GC (Allocation Failure) [PSYoungGen: 67968K->1376K(68608K)] 350704K->284112K(752128K), 0.0020962 secs] [Times: user=0.01 sys=0.00, real=0.00 secs] 
2673.594: [GC (Allocation Failure) [PSYoungGen: 67936K->1440K(68608K)] 350672K->284176K(752128K), 0.0024084 secs] [Times: user=0.01 sys=0.00, real=0.00 secs] 
2674.034: [GC (Allocation Failure) [PSYoungGen: 68000K->1568K(68608K)] 350736K->284304K(752128K), 0.0016610 secs] [Times: user=0.01 sys=0.00, real=0.00 secs] 
2674.426: [GC (Allocation Failure) [PSYoungGen: 68128K->1581K(68608K)] 350864K->284317K(752128K), 0.0015983 secs] [Times: user=0.00 sys=0.00, real=0.00 secs] 
2674.816: [GC (Allocation Failure) [PSYoungGen: 68141K->1645K(68608K)] 350877K->284381K(752128K), 0.0017135 secs] [Times: user=0.00 sys=0.00, real=0.00 secs] 
2675.215: [GC (Allocation Failure) [PSYoungGen: 67860K->2016K(68608K)] 350596K->284776K(752128K), 0.0018091 secs] [Times: user=0.00 sys=0.00, real=0.00 secs] 
2675.488: [GC (Allocation Failure) [PSYoungGen: 68576K->1408K(68608K)] 351336K->284168K(752128K), 0.0016705 secs] [Times: user=0.01 sys=0.00, real=0.00 secs] 
2675.944: [GC (Allocation Failure) [PSYoungGen: 67968K->1344K(68608K)] 350728K->284104K(752128K), 0.0017963 secs] [Times: user=0.01 sys=0.00, real=0.00 secs] 
2676.411: [GC (Allocation Failure) [PSYoungGen: 67904K->1376K(68608K)] 350664K->284152K(752128K), 0.0018326 secs] [Times: user=0.01 sys=0.00, real=0.00 secs] 
2676.869: [GC (Allocation Failure) [PSYoungGen: 67936K->1424K(68608K)] 350712K->284200K(752128K), 0.0017314 secs] [Times: user=0.01 sys=0.00, real=0.00 secs] 
2677.362: [GC (Allocation Failure) [PSYoungGen: 67984K->1565K(68608K)] 350760K->284341K(752128K), 0.0016942 secs] [Times: user=0.01 sys=0.00, real=0.00 secs] 
2677.754: [GC (Allocation Failure) [PSYoungGen: 68125K->1549K(68608K)] 350901K->284325K(752128K), 0.0016920 secs] [Times: user=0.00 sys=0.00, real=0.00 secs] 
2678.213: [GC (Allocation Failure) [PSYoungGen: 68109K->1597K(68608K)] 350885K->284373K(752128K), 0.0017429 secs] [Times: user=0.00 sys=0.00, real=0.00 secs] 
2678.648: [GC (Allocation Failure) [PSYoungGen: 68157K->1472K(68608K)] 350933K->284248K(752128K), 0.0021049 secs] [Times: user=0.00 sys=0.00, real=0.00 secs] 
2679.404: [GC (Allocation Failure) [PSYoungGen: 68032K->1408K(68608K)] 350808K->284184K(752128K), 0.0031321 secs] [Times: user=0.01 sys=0.00, real=0.00 secs] 
2680.233: [GC (Allocation Failure) [PSYoungGen: 67968K->1376K(68608K)] 350744K->284152K(752128K), 0.0031875 secs] [Times: user=0.01 sys=0.00, real=0.00 secs] 
2680.809: [GC (Allocation Failure) [PSYoungGen: 67936K->1376K(68608K)] 350712K->284152K(752128K), 0.0031308 secs] [Times: user=0.01 sys=0.00, real=0.01 secs] 
2681.450: [GC (Allocation Failure) [PSYoungGen: 67912K->224K(68608K)] 350688K->283000K(752128K), 0.0029923 secs] [Times: user=0.01 sys=0.00, real=0.01 secs] 
2681.925: [GC (Allocation Failure) [PSYoungGen: 66784K->1536K(68608K)] 349560K->284312K(752128K), 0.0016668 secs] [Times: user=0.00 sys=0.00, real=0.00 secs] 
2682.318: [GC (Allocation Failure) [PSYoungGen: 68096K->1581K(68608K)] 350872K->284357K(752128K), 0.0017493 secs] [Times: user=0.00 sys=0.00, real=0.00 secs] 
2682.715: [GC (Allocation Failure) [PSYoungGen: 68141K->1565K(68608K)] 350917K->284357K(752128K), 0.0016734 secs] [Times: user=0.01 sys=0.00, real=0.00 secs] 
2683.124: [GC (Allocation Failure) [PSYoungGen: 68125K->1504K(68608K)] 350917K->284296K(752128K), 0.0019227 secs] [Times: user=0.01 sys=0.00, real=0.00 secs] 
2683.436: [GC (Allocation Failure) [PSYoungGen: 68064K->1424K(68608K)] 350856K->284216K(752128K), 0.0027144 secs] [Times: user=0.01 sys=0.00, real=0.00 secs] 
2683.735: [GC (Allocation Failure) [PSYoungGen: 67984K->1376K(68608K)] 350776K->284168K(752128K), 0.0019138 secs] [Times: user=0.01 sys=0.00, real=0.00 secs] 
2684.012: [GC (Allocation Failure) [PSYoungGen: 67936K->1376K(68608K)] 350728K->284168K(752128K), 0.0017528 secs] [Times: user=0.01 sys=0.00, real=0.00 secs] 
2684.341: [GC (Allocation Failure) [PSYoungGen: 67936K->1469K(68608K)] 350728K->284261K(752128K), 0.0015641 secs] [Times: user=0.00 sys=0.00, real=0.01 secs] 
2684.731: [GC (Allocation Failure) [PSYoungGen: 68029K->1533K(68608K)] 350821K->284325K(752128K), 0.0015811 secs] [Times: user=0.01 sys=0.00, real=0.01 secs] 
2685.120: [GC (Allocation Failure) [PSYoungGen: 68093K->1536K(68608K)] 350885K->284328K(752128K), 0.0016221 secs] [Times: user=0.01 sys=0.00, real=0.01 secs] 
2685.510: [GC (Allocation Failure) [PSYoungGen: 68096K->1613K(68608K)] 350888K->284421K(752128K), 0.0015399 secs] [Times: user=0.00 sys=0.00, real=0.01 secs] 
2686.046: [GC (Allocation Failure) [PSYoungGen: 68173K->1456K(68608K)] 350981K->284264K(752128K), 0.0018469 secs] [Times: user=0.01 sys=0.00, real=0.00 secs] 
2686.692: [GC (Allocation Failure) [PSYoungGen: 68016K->1376K(68608K)] 350824K->284184K(752128K), 0.0038544 secs] [Times: user=0.01 sys=0.00, real=0.00 secs] 
2687.418: [GC (Allocation Failure) [PSYoungGen: 67936K->1376K(68608K)] 350744K->284184K(752128K), 0.0032161 secs] [Times: user=0.02 sys=0.00, real=0.00 secs] 
2687.856: [GC (Allocation Failure) [PSYoungGen: 67936K->1344K(68608K)] 350744K->284168K(752128K), 0.0026294 secs] [Times: user=0.01 sys=0.00, real=0.00 secs] 
2688.353: [GC (Allocation Failure) [PSYoungGen: 67904K->1421K(68608K)] 350728K->284245K(752128K), 0.0015989 secs] [Times: user=0.01 sys=0.00, real=0.00 secs] 
2688.744: [GC (Allocation Failure) [PSYoungGen: 67981K->1565K(68608K)] 350805K->284389K(752128K), 0.0016618 secs] [Times: user=0.00 sys=0.00, real=0.00 secs] 
2689.135: [GC (Allocation Failure) [PSYoungGen: 68125K->1565K(68608K)] 350949K->284389K(752128K), 0.0016568 secs] [Times: user=0.01 sys=0.00, real=0.00 secs] 
2689.523: [GC (Allocation Failure) [PSYoungGen: 68125K->1629K(68608K)] 350949K->284469K(752128K), 0.0016985 secs] [Times: user=0.01 sys=0.00, real=0.00 secs] 
2691.107: [GC (Allocation Failure) [PSYoungGen: 68189K->1488K(68608K)] 351029K->284328K(752128K), 0.0036795 secs] [Times: user=0.02 sys=0.01, real=0.00 secs] 
2691.650: [GC (Allocation Failure) [PSYoungGen: 68048K->1376K(68608K)] 350888K->284216K(752128K), 0.0018995 secs] [Times: user=0.01 sys=0.00, real=0.01 secs] 
2691.965: [GC (Allocation Failure) [PSYoungGen: 67936K->1408K(68608K)] 350776K->284248K(752128K), 0.0019158 secs] [Times: user=0.00 sys=0.00, real=0.00 secs] 
2692.247: [GC (Allocation Failure) [PSYoungGen: 67968K->1408K(68608K)] 350808K->284248K(752128K), 0.0017642 secs] [Times: user=0.01 sys=0.00, real=0.00 secs] 
2692.607: [GC (Allocation Failure) [PSYoungGen: 67968K->1485K(68608K)] 350808K->284325K(752128K), 0.0015704 secs] [Times: user=0.00 sys=0.00, real=0.00 secs] 
2692.996: [GC (Allocation Failure) [PSYoungGen: 68040K->1613K(68608K)] 350881K->284453K(752128K), 0.0016381 secs] [Times: user=0.00 sys=0.00, real=0.00 secs] 
2693.386: [GC (Allocation Failure) [PSYoungGen: 68171K->1597K(68608K)] 351012K->284437K(752128K), 0.0016304 secs] [Times: user=0.01 sys=0.00, real=0.00 secs] 
2693.774: [GC (Allocation Failure) [PSYoungGen: 68157K->1613K(68608K)] 350997K->284469K(752128K), 0.0016972 secs] [Times: user=0.01 sys=0.00, real=0.00 secs] 
2694.413: [GC (Allocation Failure) [PSYoungGen: 68173K->1408K(68608K)] 351029K->284264K(752128K), 0.0020350 secs] [Times: user=0.01 sys=0.00, real=0.00 secs] 
2694.967: [GC (Allocation Failure) [PSYoungGen: 67968K->1344K(68608K)] 350824K->284200K(752128K), 0.0024835 secs] [Times: user=0.01 sys=0.00, real=0.00 secs] 
2695.489: [GC (Allocation Failure) [PSYoungGen: 67904K->1408K(68608K)] 350760K->284264K(752128K), 0.0024568 secs] [Times: user=0.01 sys=0.00, real=0.01 secs] 
2695.753: [GC (Allocation Failure) [PSYoungGen: 67968K->1376K(68608K)] 350824K->284232K(752128K), 0.0017063 secs] [Times: user=0.00 sys=0.00, real=0.00 secs] 
2696.113: [GC (Allocation Failure) [PSYoungGen: 67936K->1549K(68608K)] 350792K->284405K(752128K), 0.0015706 secs] [Times: user=0.01 sys=0.00, real=0.00 secs] 
2696.502: [GC (Allocation Failure) [PSYoungGen: 68109K->1565K(68608K)] 350965K->284421K(752128K), 0.0017827 secs] [Times: user=0.00 sys=0.00, real=0.00 secs] 
2696.893: [GC (Allocation Failure) [PSYoungGen: 68125K->1597K(68608K)] 350981K->284453K(752128K), 0.0016566 secs] [Times: user=0.01 sys=0.00, real=0.00 secs] 
2697.284: [GC (Allocation Failure) [PSYoungGen: 68157K->1552K(68608K)] 351013K->284448K(752128K), 0.0016879 secs] [Times: user=0.00 sys=0.00, real=0.00 secs] 
2699.080: [GC (Allocation Failure) [PSYoungGen: 68112K->1472K(68608K)] 351008K->284368K(752128K), 0.0034172 secs] [Times: user=0.01 sys=0.00, real=0.01 secs] 
2700.178: [GC (Allocation Failure) [PSYoungGen: 68032K->1408K(68608K)] 350928K->284304K(752128K), 0.0033823 secs] [Times: user=0.01 sys=0.00, real=0.01 secs] 
2700.975: [GC (Allocation Failure) [PSYoungGen: 67968K->1376K(68608K)] 350864K->284272K(752128K), 0.0027579 secs] [Times: user=0.01 sys=0.00, real=0.00 secs] 
2701.251: [GC (Allocation Failure) [PSYoungGen: 67936K->1376K(68608K)] 350832K->284272K(752128K), 0.0019406 secs] [Times: user=0.00 sys=0.00, real=0.01 secs] 
2701.647: [GC (Allocation Failure) [PSYoungGen: 67936K->1517K(68608K)] 350832K->284413K(752128K), 0.0016503 secs] [Times: user=0.01 sys=0.00, real=0.00 secs] 
2702.039: [GC (Allocation Failure) [PSYoungGen: 68062K->1584K(68608K)] 350959K->284480K(752128K), 0.0016257 secs] [Times: user=0.00 sys=0.00, real=0.00 secs] 
2702.429: [GC (Allocation Failure) [PSYoungGen: 68120K->1565K(68608K)] 351016K->284461K(752128K), 0.0016658 secs] [Times: user=0.01 sys=0.00, real=0.00 secs] 
2702.823: [GC (Allocation Failure) [PSYoungGen: 68125K->1597K(68608K)] 351021K->284509K(752128K), 0.0016779 secs] [Times: user=0.01 sys=0.00, real=0.00 secs] 
2703.153: [GC (Allocation Failure) [PSYoungGen: 68157K->1408K(68608K)] 351069K->284320K(752128K), 0.0016358 secs] [Times: user=0.01 sys=0.00, real=0.00 secs] 
2703.447: [GC (Allocation Failure) [PSYoungGen: 67968K->1376K(68608K)] 350880K->284288K(752128K), 0.0015801 secs] [Times: user=0.01 sys=0.00, real=0.00 secs] 
2703.723: [GC (Allocation Failure) [PSYoungGen: 67936K->1408K(68608K)] 350848K->284320K(752128K), 0.0025689 secs] [Times: user=0.01 sys=0.00, real=0.00 secs] 
2704.001: [GC (Allocation Failure) [PSYoungGen: 67968K->1424K(68608K)] 350880K->284336K(752128K), 0.0021026 secs] [Times: user=0.00 sys=0.00, real=0.00 secs] 
2704.402: [GC (Allocation Failure) [PSYoungGen: 67984K->1517K(68608K)] 350896K->284429K(752128K), 0.0016481 secs] [Times: user=0.01 sys=0.00, real=0.00 secs] 
2704.793: [GC (Allocation Failure) [PSYoungGen: 68077K->1568K(68608K)] 350989K->284480K(752128K), 0.0017669 secs] [Times: user=0.01 sys=0.00, real=0.00 secs] 
2705.183: [GC (Allocation Failure) [PSYoungGen: 68128K->1565K(68608K)] 351040K->284477K(752128K), 0.0015686 secs] [Times: user=0.01 sys=0.00, real=0.00 secs] 
2705.564: [GC (Allocation Failure) [PSYoungGen: 68125K->2016K(68608K)] 351037K->284928K(752128K), 0.0015959 secs] [Times: user=0.01 sys=0.00, real=0.00 secs] 
2706.016: [GC (Allocation Failure) [PSYoungGen: 68576K->1376K(68608K)] 351488K->284288K(752128K), 0.0017999 secs] [Times: user=0.01 sys=0.00, real=0.00 secs] 
2706.783: [GC (Allocation Failure) [PSYoungGen: 67936K->1360K(68608K)] 350848K->284312K(752128K), 0.0019139 secs] [Times: user=0.00 sys=0.00, real=0.00 secs] 
2707.837: [GC (Allocation Failure) [PSYoungGen: 67920K->1360K(68608K)] 350872K->284312K(752128K), 0.0024158 secs] [Times: user=0.01 sys=0.01, real=0.00 secs] 
2708.880: [GC (Allocation Failure) [PSYoungGen: 67920K->1376K(68608K)] 350872K->284328K(752128K), 0.0029631 secs] [Times: user=0.01 sys=0.00, real=0.01 secs] 
2709.441: [GC (Allocation Failure) [PSYoungGen: 67936K->1597K(68608K)] 350888K->284549K(752128K), 0.0016991 secs] [Times: user=0.01 sys=0.00, real=0.01 secs] 
2709.831: [GC (Allocation Failure) [PSYoungGen: 68157K->1597K(68608K)] 351109K->284549K(752128K), 0.0016878 secs] [Times: user=0.00 sys=0.00, real=0.00 secs] 
2710.222: [GC (Allocation Failure) [PSYoungGen: 68157K->1645K(68608K)] 351109K->284597K(752128K), 0.0016496 secs] [Times: user=0.01 sys=0.00, real=0.00 secs] 
2710.749: [GC (Allocation Failure) [PSYoungGen: 68205K->1504K(68608K)] 351157K->284456K(752128K), 0.0022110 secs] [Times: user=0.01 sys=0.00, real=0.00 secs] 
2711.368: [GC (Allocation Failure) [PSYoungGen: 68064K->1376K(68608K)] 351016K->284328K(752128K), 0.0020634 secs] [Times: user=0.01 sys=0.00, real=0.00 secs] 
2711.935: [GC (Allocation Failure) [PSYoungGen: 67936K->1376K(68608K)] 350888K->284328K(752128K), 0.0020300 secs] [Times: user=0.01 sys=0.00, real=0.00 secs] 
2712.549: [GC (Allocation Failure) [PSYoungGen: 67936K->1376K(68608K)] 350888K->284328K(752128K), 0.0021924 secs] [Times: user=0.01 sys=0.00, real=0.00 secs] 
2713.097: [GC (Allocation Failure) [PSYoungGen: 67919K->1469K(68608K)] 350872K->284421K(752128K), 0.0019073 secs] [Times: user=0.01 sys=0.00, real=0.00 secs] 
2713.514: [GC (Allocation Failure) [PSYoungGen: 68029K->1549K(68608K)] 350981K->284501K(752128K), 0.0014785 secs] [Times: user=0.00 sys=0.00, real=0.00 secs] 
2713.905: [GC (Allocation Failure) [PSYoungGen: 68109K->1533K(68608K)] 351061K->284485K(752128K), 0.0017205 secs] [Times: user=0.00 sys=0.00, real=0.00 secs] 
2714.296: [GC (Allocation Failure) [PSYoungGen: 68093K->1613K(68608K)] 351045K->284589K(752128K), 0.0019822 secs] [Times: user=0.01 sys=0.00, real=0.00 secs] 
2714.780: [GC (Allocation Failure) [PSYoungGen: 68173K->1488K(68608K)] 351149K->284464K(752128K), 0.0017649 secs] [Times: user=0.00 sys=0.00, real=0.01 secs] 
2715.568: [GC (Allocation Failure) [PSYoungGen: 68048K->1440K(68608K)] 351024K->284416K(752128K), 0.0018100 secs] [Times: user=0.01 sys=0.00, real=0.00 secs] 
2716.307: [GC (Allocation Failure) [PSYoungGen: 68000K->1376K(68608K)] 350976K->284352K(752128K), 0.0020542 secs] [Times: user=0.01 sys=0.00, real=0.00 secs] 
2716.964: [GC (Allocation Failure) [PSYoungGen: 67936K->1392K(68608K)] 350912K->284368K(752128K), 0.0020103 secs] [Times: user=0.01 sys=0.00, real=0.00 secs] 
2717.676: [GC (Allocation Failure) [PSYoungGen: 67952K->1485K(68608K)] 350928K->284461K(752128K), 0.0018731 secs] [Times: user=0.01 sys=0.00, real=0.00 secs] 
2718.088: [GC (Allocation Failure) [PSYoungGen: 68045K->1536K(68608K)] 351021K->284512K(752128K), 0.0016701 secs] [Times: user=0.01 sys=0.00, real=0.00 secs] 
2718.541: [GC (Allocation Failure) [PSYoungGen: 68079K->1565K(68608K)] 351055K->284541K(752128K), 0.0015455 secs] [Times: user=0.01 sys=0.00, real=0.01 secs] 
2718.995: [GC (Allocation Failure) [PSYoungGen: 68125K->1616K(68608K)] 351101K->284608K(752128K), 0.0015880 secs] [Times: user=0.01 sys=0.00, real=0.00 secs] 
2719.420: [GC (Allocation Failure) [PSYoungGen: 68176K->1504K(68608K)] 351168K->284520K(752128K), 0.0028148 secs] [Times: user=0.01 sys=0.00, real=0.01 secs] 
2719.727: [GC (Allocation Failure) [PSYoungGen: 68064K->1376K(68608K)] 351080K->284392K(752128K), 0.0019051 secs] [Times: user=0.01 sys=0.00, real=0.00 secs] 
2720.018: [GC (Allocation Failure) [PSYoungGen: 67936K->1344K(68608K)] 350952K->284360K(752128K), 0.0018287 secs] [Times: user=0.01 sys=0.00, real=0.00 secs] 
2720.313: [GC (Allocation Failure) [PSYoungGen: 67904K->1376K(68608K)] 350920K->284392K(752128K), 0.0019836 secs] [Times: user=0.00 sys=0.00, real=0.00 secs] 
2720.661: [GC (Allocation Failure) [PSYoungGen: 67936K->1453K(68608K)] 350952K->284469K(752128K), 0.0015869 secs] [Times: user=0.01 sys=0.00, real=0.01 secs] 
2721.050: [GC (Allocation Failure) [PSYoungGen: 67998K->1629K(68608K)] 351014K->284645K(752128K), 0.0016161 secs] [Times: user=0.01 sys=0.00, real=0.01 secs] 
2721.461: [GC (Allocation Failure) [PSYoungGen: 68189K->1597K(68608K)] 351205K->284613K(752128K), 0.0017236 secs] [Times: user=0.01 sys=0.00, real=0.01 secs] 
2721.852: [GC (Allocation Failure) [PSYoungGen: 68157K->1597K(68608K)] 351173K->284629K(752128K), 0.0016395 secs] [Times: user=0.01 sys=0.00, real=0.00 secs] 
2722.213: [GC (Allocation Failure) [PSYoungGen: 68157K->1408K(68608K)] 351189K->284440K(752128K), 0.0020654 secs] [Times: user=0.01 sys=0.00, real=0.00 secs] 
2722.502: [GC (Allocation Failure) [PSYoungGen: 67968K->1376K(68608K)] 351000K->284408K(752128K), 0.0019982 secs] [Times: user=0.01 sys=0.00, real=0.00 secs] 
2722.781: [GC (Allocation Failure) [PSYoungGen: 67936K->1392K(68608K)] 350968K->284424K(752128K), 0.0019014 secs] [Times: user=0.00 sys=0.00, real=0.01 secs] 
2723.085: [GC (Allocation Failure) [PSYoungGen: 67952K->1376K(68608K)] 350984K->284408K(752128K), 0.0020223 secs] [Times: user=0.01 sys=0.00, real=0.00 secs] 
2723.443: [GC (Allocation Failure) [PSYoungGen: 67936K->1501K(68608K)] 350968K->284533K(752128K), 0.0015931 secs] [Times: user=0.01 sys=0.00, real=0.00 secs] 
2723.833: [GC (Allocation Failure) [PSYoungGen: 68061K->1533K(68608K)] 351093K->284565K(752128K), 0.0016670 secs] [Times: user=0.01 sys=0.00, real=0.00 secs] 
2724.223: [GC (Allocation Failure) [PSYoungGen: 68093K->1549K(68608K)] 351125K->284581K(752128K), 0.0016058 secs] [Times: user=0.01 sys=0.00, real=0.00 secs] 
2724.615: [GC (Allocation Failure) [PSYoungGen: 68109K->1533K(68608K)] 351141K->284573K(752128K), 0.0016855 secs] [Times: user=0.01 sys=0.00, real=0.00 secs] 
2725.164: [GC (Allocation Failure) [PSYoungGen: 68093K->1424K(68608K)] 351133K->284464K(752128K), 0.0016832 secs] [Times: user=0.01 sys=0.00, real=0.00 secs] 
2725.959: [GC (Allocation Failure) [PSYoungGen: 67984K->1376K(68608K)] 351024K->284416K(752128K), 0.0019525 secs] [Times: user=0.01 sys=0.00, real=0.00 secs] 
2726.794: [GC (Allocation Failure) [PSYoungGen: 67936K->1440K(68608K)] 350976K->284480K(752128K), 0.0021280 secs] [Times: user=0.01 sys=0.00, real=0.00 secs] 
2727.564: [GC (Allocation Failure) [PSYoungGen: 68000K->1344K(68608K)] 351040K->284384K(752128K), 0.0019526 secs] [Times: user=0.00 sys=0.00, real=0.00 secs] 
2728.186: [GC (Allocation Failure) [PSYoungGen: 67904K->1549K(68608K)] 350944K->284605K(752128K), 0.0016503 secs] [Times: user=0.00 sys=0.00, real=0.00 secs] 
2728.577: [GC (Allocation Failure) [PSYoungGen: 68109K->1552K(68608K)] 351165K->284608K(752128K), 0.0016739 secs] [Times: user=0.01 sys=0.01, real=0.00 secs] 
2728.966: [GC (Allocation Failure) [PSYoungGen: 68112K->1629K(68608K)] 351168K->284685K(752128K), 0.0017684 secs] [Times: user=0.01 sys=0.00, real=0.00 secs] 
2729.434: [GC (Allocation Failure) [PSYoungGen: 68189K->1549K(68608K)] 351245K->284621K(752128K), 0.0017517 secs] [Times: user=0.01 sys=0.00, real=0.00 secs] 
2730.178: [GC (Allocation Failure) [PSYoungGen: 68109K->1424K(68608K)] 351181K->284496K(752128K), 0.0034153 secs] [Times: user=0.01 sys=0.00, real=0.01 secs] 
2730.654: [GC (Allocation Failure) [PSYoungGen: 67984K->1344K(68608K)] 351056K->284416K(752128K), 0.0019496 secs] [Times: user=0.01 sys=0.00, real=0.00 secs] 
2731.126: [GC (Allocation Failure) [PSYoungGen: 67904K->1408K(68608K)] 350976K->284480K(752128K), 0.0020954 secs] [Times: user=0.00 sys=0.00, real=0.00 secs] 
2731.741: [GC (Allocation Failure) [PSYoungGen: 67968K->1376K(68608K)] 351040K->284448K(752128K), 0.0022359 secs] [Times: user=0.00 sys=0.00, real=0.01 secs] 
2732.361: [GC (Allocation Failure) [PSYoungGen: 67936K->1549K(68608K)] 351008K->284621K(752128K), 0.0017063 secs] [Times: user=0.01 sys=0.00, real=0.01 secs] 
2732.753: [GC (Allocation Failure) [PSYoungGen: 68109K->1597K(68608K)] 351181K->284669K(752128K), 0.0017111 secs] [Times: user=0.01 sys=0.00, real=0.00 secs] 
2733.206: [GC (Allocation Failure) [PSYoungGen: 68157K->1597K(68608K)] 351229K->284669K(752128K), 0.0017215 secs] [Times: user=0.00 sys=0.00, real=0.00 secs] 
2733.646: [GC (Allocation Failure) [PSYoungGen: 68157K->1504K(68608K)] 351229K->284576K(752128K), 0.0015504 secs] [Times: user=0.01 sys=0.00, real=0.00 secs] 
2733.973: [GC (Allocation Failure) [PSYoungGen: 68064K->1376K(68608K)] 351136K->284448K(752128K), 0.0022348 secs] [Times: user=0.01 sys=0.00, real=0.00 secs] 
2734.245: [GC (Allocation Failure) [PSYoungGen: 67936K->1376K(68608K)] 351008K->284448K(752128K), 0.0019111 secs] [Times: user=0.00 sys=0.00, real=0.00 secs] 
2734.522: [GC (Allocation Failure) [PSYoungGen: 67936K->1376K(68608K)] 351008K->284448K(752128K), 0.0018617 secs] [Times: user=0.00 sys=0.00, real=0.00 secs] 
2734.939: [GC (Allocation Failure) [PSYoungGen: 67936K->1408K(68608K)] 351008K->284480K(752128K), 0.0019075 secs] [Times: user=0.01 sys=0.00, real=0.00 secs] 
2735.543: [GC (Allocation Failure) [PSYoungGen: 67968K->1597K(68608K)] 351040K->284669K(752128K), 0.0016662 secs] [Times: user=0.01 sys=0.00, real=0.00 secs] 
2735.935: [GC (Allocation Failure) [PSYoungGen: 68157K->1581K(68608K)] 351229K->284653K(752128K), 0.0017559 secs] [Times: user=0.01 sys=0.00, real=0.00 secs] 
2736.326: [GC (Allocation Failure) [PSYoungGen: 68119K->1629K(68608K)] 351191K->284701K(752128K), 0.0017724 secs] [Times: user=0.01 sys=0.00, real=0.00 secs] 
2736.752: [GC (Allocation Failure) [PSYoungGen: 68189K->1536K(68608K)] 351261K->284608K(752128K), 0.0018394 secs] [Times: user=0.01 sys=0.00, real=0.00 secs] 
2737.376: [GC (Allocation Failure) [PSYoungGen: 68096K->1440K(68608K)] 351168K->284512K(752128K), 0.0031927 secs] [Times: user=0.01 sys=0.01, real=0.00 secs] 
2738.052: [GC (Allocation Failure) [PSYoungGen: 68000K->1376K(68608K)] 351072K->284464K(752128K), 0.0024615 secs] [Times: user=0.01 sys=0.00, real=0.00 secs] 
2738.759: [GC (Allocation Failure) [PSYoungGen: 67936K->1376K(68608K)] 351024K->284464K(752128K), 0.0025460 secs] [Times: user=0.01 sys=0.00, real=0.01 secs] 
2739.516: [GC (Allocation Failure) [PSYoungGen: 67936K->1344K(68608K)] 351024K->284432K(752128K), 0.0029160 secs] [Times: user=0.01 sys=0.00, real=0.00 secs] 
2740.046: [GC (Allocation Failure) [PSYoungGen: 67904K->1533K(68608K)] 350992K->284621K(752128K), 0.0015613 secs] [Times: user=0.01 sys=0.00, real=0.00 secs] 
2740.437: [GC (Allocation Failure) [PSYoungGen: 68093K->1597K(68608K)] 351181K->284685K(752128K), 0.0017497 secs] [Times: user=0.01 sys=0.00, real=0.00 secs] 
2740.828: [GC (Allocation Failure) [PSYoungGen: 68157K->1565K(68608K)] 351245K->284661K(752128K), 0.0016389 secs] [Times: user=0.00 sys=0.00, real=0.00 secs] 
2741.899: [GC (Allocation Failure) [PSYoungGen: 68125K->1520K(68608K)] 351221K->284616K(752128K), 0.0036653 secs] [Times: user=0.02 sys=0.00, real=0.01 secs] 
2744.710: [GC (Allocation Failure) [PSYoungGen: 68080K->1376K(68608K)] 351176K->284472K(752128K), 0.0034740 secs] [Times: user=0.02 sys=0.00, real=0.01 secs] 
2745.025: [GC (Allocation Failure) [PSYoungGen: 67936K->1344K(68608K)] 351032K->284440K(752128K), 0.0018804 secs] [Times: user=0.00 sys=0.00, real=0.00 secs] 
2745.313: [GC (Allocation Failure) [PSYoungGen: 67904K->1408K(68608K)] 351000K->284504K(752128K), 0.0019656 secs] [Times: user=0.01 sys=0.00, real=0.00 secs] 
2745.654: [GC (Allocation Failure) [PSYoungGen: 67968K->1453K(68608K)] 351064K->284549K(752128K), 0.0017677 secs] [Times: user=0.01 sys=0.00, real=0.00 secs] 
2746.129: [GC (Allocation Failure) [PSYoungGen: 68013K->1597K(68608K)] 351109K->284693K(752128K), 0.0017195 secs] [Times: user=0.01 sys=0.00, real=0.00 secs] 
2746.520: [GC (Allocation Failure) [PSYoungGen: 68157K->1568K(68608K)] 351253K->284664K(752128K), 0.0017386 secs] [Times: user=0.01 sys=0.00, real=0.01 secs] 
2746.910: [GC (Allocation Failure) [PSYoungGen: 68128K->1629K(68608K)] 351224K->284741K(752128K), 0.0016871 secs] [Times: user=0.01 sys=0.00, real=0.01 secs] 
2747.285: [GC (Allocation Failure) [PSYoungGen: 68189K->1472K(68608K)] 351301K->284584K(752128K), 0.0022933 secs] [Times: user=0.01 sys=0.00, real=0.00 secs] 
2747.568: [GC (Allocation Failure) [PSYoungGen: 68032K->1376K(68608K)] 351144K->284488K(752128K), 0.0019456 secs] [Times: user=0.01 sys=0.00, real=0.00 secs] 
2747.848: [GC (Allocation Failure) [PSYoungGen: 67936K->1408K(68608K)] 351048K->284520K(752128K), 0.0018666 secs] [Times: user=0.01 sys=0.00, real=0.00 secs] 
2748.140: [GC (Allocation Failure) [PSYoungGen: 67968K->1408K(68608K)] 351080K->284520K(752128K), 0.0020161 secs] [Times: user=0.01 sys=0.00, real=0.01 secs] 
2748.543: [GC (Allocation Failure) [PSYoungGen: 67968K->1469K(68608K)] 351080K->284581K(752128K), 0.0015568 secs] [Times: user=0.00 sys=0.00, real=0.00 secs] 
2748.934: [GC (Allocation Failure) [PSYoungGen: 68029K->1645K(68608K)] 351141K->284757K(752128K), 0.0018426 secs] [Times: user=0.01 sys=0.00, real=0.00 secs] 
2749.384: [GC (Allocation Failure) [PSYoungGen: 68205K->1613K(68608K)] 351317K->284725K(752128K), 0.0017364 secs] [Times: user=0.01 sys=0.00, real=0.00 secs] 
2749.784: [GC (Allocation Failure) [PSYoungGen: 68168K->1597K(68608K)] 351280K->284741K(752128K), 0.0016578 secs] [Times: user=0.00 sys=0.00, real=0.00 secs] 
2750.293: [GC (Allocation Failure) [PSYoungGen: 68157K->1488K(68608K)] 351301K->284632K(752128K), 0.0033383 secs] [Times: user=0.01 sys=0.00, real=0.00 secs] 
2750.781: [GC (Allocation Failure) [PSYoungGen: 68048K->1376K(68608K)] 351192K->284520K(752128K), 0.0031147 secs] [Times: user=0.01 sys=0.00, real=0.00 secs] 
2751.284: [GC (Allocation Failure) [PSYoungGen: 67936K->1392K(68608K)] 351080K->284536K(752128K), 0.0038267 secs] [Times: user=0.01 sys=0.00, real=0.00 secs] 
2751.727: [GC (Allocation Failure) [PSYoungGen: 67952K->1376K(68608K)] 351096K->284520K(752128K), 0.0023167 secs] [Times: user=0.01 sys=0.00, real=0.00 secs] 
2752.061: [GC (Allocation Failure) [PSYoungGen: 67936K->1517K(68608K)] 351080K->284661K(752128K), 0.0015924 secs] [Times: user=0.00 sys=0.00, real=0.01 secs] 
2752.451: [GC (Allocation Failure) [PSYoungGen: 68077K->1597K(68608K)] 351221K->284741K(752128K), 0.0016687 secs] [Times: user=0.00 sys=0.00, real=0.01 secs] 
2752.842: [GC (Allocation Failure) [PSYoungGen: 68157K->1597K(68608K)] 351301K->284741K(752128K), 0.0017111 secs] [Times: user=0.01 sys=0.00, real=0.00 secs] 
2753.238: [GC (Allocation Failure) [PSYoungGen: 68157K->1597K(68608K)] 351301K->284749K(752128K), 0.0016368 secs] [Times: user=0.01 sys=0.00, real=0.00 secs] 
2753.713: [GC (Allocation Failure) [PSYoungGen: 68157K->1424K(68608K)] 351309K->284576K(752128K), 0.0018804 secs] [Times: user=0.01 sys=0.00, real=0.00 secs] 
2754.023: [GC (Allocation Failure) [PSYoungGen: 67984K->1408K(68608K)] 351136K->284560K(752128K), 0.0017537 secs] [Times: user=0.01 sys=0.00, real=0.00 secs] 
2754.352: [GC (Allocation Failure) [PSYoungGen: 67968K->1408K(68608K)] 351120K->284560K(752128K), 0.0031659 secs] [Times: user=0.01 sys=0.00, real=0.00 secs] 
2754.642: [GC (Allocation Failure) [PSYoungGen: 67968K->1408K(68608K)] 351120K->284560K(752128K), 0.0019342 secs] [Times: user=0.00 sys=0.00, real=0.00 secs] 
2755.003: [GC (Allocation Failure) [PSYoungGen: 67968K->1520K(68608K)] 351120K->284672K(752128K), 0.0016099 secs] [Times: user=0.01 sys=0.00, real=0.00 secs] 
2755.392: [GC (Allocation Failure) [PSYoungGen: 68066K->1613K(68608K)] 351218K->284765K(752128K), 0.0016556 secs] [Times: user=0.01 sys=0.00, real=0.00 secs] 
2755.782: [GC (Allocation Failure) [PSYoungGen: 68173K->1597K(68608K)] 351325K->284749K(752128K), 0.0016704 secs] [Times: user=0.00 sys=0.01, real=0.00 secs] 
2756.171: [GC (Allocation Failure) [PSYoungGen: 68138K->1536K(68608K)] 351290K->284704K(752128K), 0.0016406 secs] [Times: user=0.00 sys=0.00, real=0.01 secs] 
2756.508: [GC (Allocation Failure) [PSYoungGen: 68096K->1456K(68608K)] 351264K->284624K(752128K), 0.0015526 secs] [Times: user=0.01 sys=0.00, real=0.00 secs] 
2756.794: [GC (Allocation Failure) [PSYoungGen: 68016K->1376K(68608K)] 351184K->284560K(752128K), 0.0016058 secs] [Times: user=0.01 sys=0.00, real=0.00 secs] 
2757.103: [GC (Allocation Failure) [PSYoungGen: 67936K->1344K(68608K)] 351120K->284528K(752128K), 0.0016880 secs] [Times: user=0.00 sys=0.00, real=0.00 secs] 
2757.379: [GC (Allocation Failure) [PSYoungGen: 67904K->1376K(68608K)] 351088K->284560K(752128K), 0.0019965 secs] [Times: user=0.01 sys=0.00, real=0.01 secs] 
2757.826: [GC (Allocation Failure) [PSYoungGen: 67936K->1565K(68608K)] 351120K->284749K(752128K), 0.0016127 secs] [Times: user=0.01 sys=0.00, real=0.00 secs] 
2758.218: [GC (Allocation Failure) [PSYoungGen: 68125K->1629K(68608K)] 351309K->284813K(752128K), 0.0017064 secs] [Times: user=0.00 sys=0.00, real=0.00 secs] 
2758.673: [GC (Allocation Failure) [PSYoungGen: 68189K->1613K(68608K)] 351373K->284797K(752128K), 0.0017218 secs] [Times: user=0.01 sys=0.00, real=0.00 secs] 
2759.063: [GC (Allocation Failure) [PSYoungGen: 68173K->1597K(68608K)] 351357K->284797K(752128K), 0.0016206 secs] [Times: user=0.01 sys=0.00, real=0.00 secs] 
2759.400: [GC (Allocation Failure) [PSYoungGen: 68157K->1408K(68608K)] 351357K->284608K(752128K), 0.0021175 secs] [Times: user=0.01 sys=0.00, real=0.01 secs] 
2759.886: [GC (Allocation Failure) [PSYoungGen: 67968K->1360K(68608K)] 351168K->284560K(752128K), 0.0019194 secs] [Times: user=0.01 sys=0.00, real=0.00 secs] 
2760.478: [GC (Allocation Failure) [PSYoungGen: 67920K->1408K(68608K)] 351120K->284608K(752128K), 0.0031528 secs] [Times: user=0.01 sys=0.00, real=0.01 secs] 
2761.052: [GC (Allocation Failure) [PSYoungGen: 67968K->1440K(68608K)] 351168K->284640K(752128K), 0.0024323 secs] [Times: user=0.01 sys=0.00, real=0.00 secs] 
2761.698: [GC (Allocation Failure) [PSYoungGen: 68000K->1581K(68608K)] 351200K->284781K(752128K), 0.0018036 secs] [Times: user=0.00 sys=0.00, real=0.00 secs] 
2762.089: [GC (Allocation Failure) [PSYoungGen: 68141K->1552K(68608K)] 351341K->284752K(752128K), 0.0017550 secs] [Times: user=0.00 sys=0.00, real=0.00 secs] 
2762.481: [GC (Allocation Failure) [PSYoungGen: 68112K->1581K(68608K)] 351312K->284781K(752128K), 0.0018613 secs] [Times: user=0.00 sys=0.00, real=0.01 secs] 
2762.911: [GC (Allocation Failure) [PSYoungGen: 68141K->2016K(68608K)] 351341K->285232K(752128K), 0.0018902 secs] [Times: user=0.01 sys=0.00, real=0.01 secs] 
2763.693: [GC (Allocation Failure) [PSYoungGen: 68576K->1344K(68608K)] 351792K->284560K(752128K), 0.0035846 secs] [Times: user=0.02 sys=0.01, real=0.00 secs] 
2764.254: [GC (Allocation Failure) [PSYoungGen: 67904K->1408K(68608K)] 351120K->284624K(752128K), 0.0028487 secs] [Times: user=0.01 sys=0.00, real=0.00 secs] 
2765.035: [GC (Allocation Failure) [PSYoungGen: 67968K->1376K(68608K)] 351184K->284592K(752128K), 0.0029559 secs] [Times: user=0.01 sys=0.00, real=0.00 secs] 
2765.878: [GC (Allocation Failure) [PSYoungGen: 67936K->1424K(68608K)] 351152K->284640K(752128K), 0.0027761 secs] [Times: user=0.01 sys=0.00, real=0.00 secs] 
2766.421: [GC (Allocation Failure) [PSYoungGen: 67984K->1613K(68608K)] 351200K->284829K(752128K), 0.0016337 secs] [Times: user=0.01 sys=0.00, real=0.01 secs] 
2766.810: [GC (Allocation Failure) [PSYoungGen: 68173K->1581K(68608K)] 351389K->284797K(752128K), 0.0016194 secs] [Times: user=0.00 sys=0.00, real=0.01 secs] 
2767.202: [GC (Allocation Failure) [PSYoungGen: 68141K->1536K(68608K)] 351357K->284752K(752128K), 0.0016901 secs] [Times: user=0.01 sys=0.00, real=0.00 secs] 
2767.599: [GC (Allocation Failure) [PSYoungGen: 68096K->1488K(68608K)] 351312K->284704K(752128K), 0.0016452 secs] [Times: user=0.01 sys=0.00, real=0.00 secs] 
2767.875: [GC (Allocation Failure) [PSYoungGen: 68048K->1376K(68608K)] 351264K->284592K(752128K), 0.0017075 secs] [Times: user=0.00 sys=0.00, real=0.00 secs] 
2768.151: [GC (Allocation Failure) [PSYoungGen: 67936K->1376K(68608K)] 351152K->284592K(752128K), 0.0017074 secs] [Times: user=0.01 sys=0.00, real=0.00 secs] 
2768.428: [GC (Allocation Failure) [PSYoungGen: 67936K->1376K(68608K)] 351152K->284600K(752128K), 0.0023282 secs] [Times: user=0.01 sys=0.00, real=0.00 secs] 
2768.734: [GC (Allocation Failure) [PSYoungGen: 67925K->1373K(68608K)] 351149K->284597K(752128K), 0.0020240 secs] [Times: user=0.00 sys=0.00, real=0.00 secs] 
2769.170: [GC (Allocation Failure) [PSYoungGen: 67933K->1581K(68608K)] 351157K->284805K(752128K), 0.0016131 secs] [Times: user=0.01 sys=0.01, real=0.01 secs] 
2769.562: [GC (Allocation Failure) [PSYoungGen: 68141K->1533K(68608K)] 351365K->284757K(752128K), 0.0017487 secs] [Times: user=0.01 sys=0.00, real=0.00 secs] 
2769.953: [GC (Allocation Failure) [PSYoungGen: 68093K->1565K(68608K)] 351317K->284805K(752128K), 0.0016683 secs] [Times: user=0.01 sys=0.00, real=0.00 secs] 
2770.412: [GC (Allocation Failure) [PSYoungGen: 68125K->1536K(68608K)] 351365K->284776K(752128K), 0.0024171 secs] [Times: user=0.01 sys=0.00, real=0.00 secs] 
2770.689: [GC (Allocation Failure) [PSYoungGen: 68096K->1392K(68608K)] 351336K->284632K(752128K), 0.0017208 secs] [Times: user=0.01 sys=0.00, real=0.00 secs] 
2770.971: [GC (Allocation Failure) [PSYoungGen: 67952K->1408K(68608K)] 351192K->284648K(752128K), 0.0019494 secs] [Times: user=0.01 sys=0.00, real=0.01 secs] 
2771.267: [GC (Allocation Failure) [PSYoungGen: 67968K->1376K(68608K)] 351208K->284616K(752128K), 0.0018253 secs] [Times: user=0.01 sys=0.00, real=0.00 secs] 
2771.647: [GC (Allocation Failure) [PSYoungGen: 67936K->1488K(68608K)] 351176K->284728K(752128K), 0.0018393 secs] [Times: user=0.00 sys=0.00, real=0.00 secs] 
2772.039: [GC (Allocation Failure) [PSYoungGen: 68048K->1613K(68608K)] 351288K->284853K(752128K), 0.0016863 secs] [Times: user=0.01 sys=0.00, real=0.00 secs] 
2772.429: [GC (Allocation Failure) [PSYoungGen: 68173K->1613K(68608K)] 351413K->284853K(752128K), 0.0016498 secs] [Times: user=0.01 sys=0.00, real=0.00 secs] 
2772.821: [GC (Allocation Failure) [PSYoungGen: 68173K->1565K(68608K)] 351413K->284821K(752128K), 0.0016505 secs] [Times: user=0.01 sys=0.00, real=0.01 secs] 
2773.215: [GC (Allocation Failure) [PSYoungGen: 68125K->1504K(68608K)] 351381K->284760K(752128K), 0.0018142 secs] [Times: user=0.01 sys=0.00, real=0.00 secs] 
2773.755: [GC (Allocation Failure) [PSYoungGen: 68064K->1376K(68608K)] 351320K->284632K(752128K), 0.0023810 secs] [Times: user=0.01 sys=0.01, real=0.00 secs] 
2774.280: [GC (Allocation Failure) [PSYoungGen: 67936K->1376K(68608K)] 351192K->284632K(752128K), 0.0020181 secs] [Times: user=0.01 sys=0.00, real=0.01 secs] 
2774.788: [GC (Allocation Failure) [PSYoungGen: 67936K->1376K(68608K)] 351192K->284632K(752128K), 0.0021395 secs] [Times: user=0.01 sys=0.00, real=0.00 secs] 
2775.327: [GC (Allocation Failure) [PSYoungGen: 67936K->1488K(68608K)] 351192K->284744K(752128K), 0.0015631 secs] [Times: user=0.00 sys=0.00, real=0.00 secs] 
2775.776: [GC (Allocation Failure) [PSYoungGen: 68048K->1581K(68608K)] 351304K->284837K(752128K), 0.0017227 secs] [Times: user=0.00 sys=0.00, real=0.00 secs] 
2776.223: [GC (Allocation Failure) [PSYoungGen: 68141K->1565K(68608K)] 351397K->284821K(752128K), 0.0016449 secs] [Times: user=0.01 sys=0.00, real=0.00 secs] 
2776.613: [GC (Allocation Failure) [PSYoungGen: 68125K->1565K(68608K)] 351381K->284837K(752128K), 0.0017688 secs] [Times: user=0.00 sys=0.00, real=0.00 secs] 
2777.269: [GC (Allocation Failure) [PSYoungGen: 68125K->1424K(68608K)] 351397K->284696K(752128K), 0.0034088 secs] [Times: user=0.01 sys=0.00, real=0.01 secs] 
2777.775: [GC (Allocation Failure) [PSYoungGen: 67984K->1376K(68608K)] 351256K->284664K(752128K), 0.0026215 secs] [Times: user=0.01 sys=0.00, real=0.00 secs] 
2778.280: [GC (Allocation Failure) [PSYoungGen: 67936K->1344K(68608K)] 351224K->284632K(752128K), 0.0025991 secs] [Times: user=0.02 sys=0.00, real=0.01 secs] 
2778.814: [GC (Allocation Failure) [PSYoungGen: 67904K->1344K(68608K)] 351192K->284632K(752128K), 0.0024704 secs] [Times: user=0.01 sys=0.00, real=0.00 secs] 
2779.357: [GC (Allocation Failure) [PSYoungGen: 67904K->1565K(68608K)] 351192K->284853K(752128K), 0.0016094 secs] [Times: user=0.01 sys=0.00, real=0.00 secs] 
2779.748: [GC (Allocation Failure) [PSYoungGen: 68125K->1616K(68608K)] 351413K->284904K(752128K), 0.0016471 secs] [Times: user=0.01 sys=0.01, real=0.00 secs] 
2780.140: [GC (Allocation Failure) [PSYoungGen: 68176K->1552K(68608K)] 351464K->284840K(752128K), 0.0016971 secs] [Times: user=0.01 sys=0.00, real=0.01 secs] 
2780.542: [GC (Allocation Failure) [PSYoungGen: 68112K->1613K(68608K)] 351400K->284909K(752128K), 0.0017300 secs] [Times: user=0.01 sys=0.00, real=0.00 secs] 
2780.955: [GC (Allocation Failure) [PSYoungGen: 68173K->1472K(68608K)] 351469K->284768K(752128K), 0.0017066 secs] [Times: user=0.01 sys=0.00, real=0.00 secs] 
2781.498: [GC (Allocation Failure) [PSYoungGen: 68032K->1376K(68608K)] 351328K->284672K(752128K), 0.0026379 secs] [Times: user=0.02 sys=0.00, real=0.00 secs] 
2782.048: [GC (Allocation Failure) [PSYoungGen: 67936K->1440K(68608K)] 351232K->284736K(752128K), 0.0023688 secs] [Times: user=0.01 sys=0.00, real=0.00 secs] 
2782.592: [GC (Allocation Failure) [PSYoungGen: 68000K->1376K(68608K)] 351296K->284672K(752128K), 0.0024052 secs] [Times: user=0.01 sys=0.00, real=0.00 secs] 
2783.206: [GC (Allocation Failure) [PSYoungGen: 67936K->1581K(68608K)] 351232K->284877K(752128K), 0.0016884 secs] [Times: user=0.00 sys=0.00, real=0.00 secs] 
2783.600: [GC (Allocation Failure) [PSYoungGen: 68141K->1568K(68608K)] 351437K->284864K(752128K), 0.0017274 secs] [Times: user=0.00 sys=0.00, real=0.01 secs] 
2783.991: [GC (Allocation Failure) [PSYoungGen: 68128K->1613K(68608K)] 351424K->284909K(752128K), 0.0017442 secs] [Times: user=0.00 sys=0.00, real=0.00 secs] 
2784.383: [GC (Allocation Failure) [PSYoungGen: 68173K->1568K(68608K)] 351469K->284880K(752128K), 0.0016933 secs] [Times: user=0.01 sys=0.00, real=0.00 secs] 
2784.953: [GC (Allocation Failure) [PSYoungGen: 68128K->1408K(68608K)] 351440K->284720K(752128K), 0.0021322 secs] [Times: user=0.01 sys=0.00, real=0.00 secs] 
2785.505: [GC (Allocation Failure) [PSYoungGen: 67968K->1344K(68608K)] 351280K->284656K(752128K), 0.0021432 secs] [Times: user=0.00 sys=0.00, real=0.00 secs] 
2786.050: [GC (Allocation Failure) [PSYoungGen: 67904K->1376K(68608K)] 351216K->284688K(752128K), 0.0020825 secs] [Times: user=0.01 sys=0.00, real=0.01 secs] 
2786.617: [GC (Allocation Failure) [PSYoungGen: 67936K->1376K(68608K)] 351248K->284688K(752128K), 0.0020913 secs] [Times: user=0.01 sys=0.00, real=0.00 secs] 
2787.161: [GC (Allocation Failure) [PSYoungGen: 67936K->1565K(68608K)] 351248K->284877K(752128K), 0.0017204 secs] [Times: user=0.00 sys=0.00, real=0.00 secs] 
2787.610: [GC (Allocation Failure) [PSYoungGen: 68125K->1533K(68608K)] 351437K->284845K(752128K), 0.0017666 secs] [Times: user=0.00 sys=0.00, real=0.01 secs] 
2788.003: [GC (Allocation Failure) [PSYoungGen: 68093K->1565K(68608K)] 351405K->284877K(752128K), 0.0018348 secs] [Times: user=0.00 sys=0.00, real=0.00 secs] 
2788.409: [GC (Allocation Failure) [PSYoungGen: 68125K->1568K(68608K)] 351437K->284904K(752128K), 0.0015563 secs] [Times: user=0.01 sys=0.00, real=0.00 secs] 
2788.681: [GC (Allocation Failure) [PSYoungGen: 68128K->1392K(68608K)] 351464K->284728K(752128K), 0.0019644 secs] [Times: user=0.01 sys=0.00, real=0.00 secs] 
2788.958: [GC (Allocation Failure) [PSYoungGen: 67952K->1376K(68608K)] 351288K->284712K(752128K), 0.0017493 secs] [Times: user=0.00 sys=0.00, real=0.00 secs] 
2789.234: [GC (Allocation Failure) [PSYoungGen: 67936K->1344K(68608K)] 351272K->284680K(752128K), 0.0018969 secs] [Times: user=0.00 sys=0.00, real=0.00 secs] 
2789.510: [GC (Allocation Failure) [PSYoungGen: 67904K->1344K(68608K)] 351240K->284680K(752128K), 0.0017541 secs] [Times: user=0.01 sys=0.00, real=0.01 secs] 
2789.932: [GC (Allocation Failure) [PSYoungGen: 67904K->1629K(68608K)] 351240K->284965K(752128K), 0.0016311 secs] [Times: user=0.00 sys=0.00, real=0.00 secs] 
2790.323: [GC (Allocation Failure) [PSYoungGen: 68189K->1581K(68608K)] 351525K->284917K(752128K), 0.0016900 secs] [Times: user=0.00 sys=0.00, real=0.00 secs] 
2790.723: [GC (Allocation Failure) [PSYoungGen: 68141K->1581K(68608K)] 351477K->284917K(752128K), 0.0016227 secs] [Times: user=0.01 sys=0.00, real=0.00 secs] 
2791.170: [GC (Allocation Failure) [PSYoungGen: 68141K->1472K(68608K)] 351477K->284808K(752128K), 0.0019301 secs] [Times: user=0.00 sys=0.00, real=0.01 secs] 
2791.446: [GC (Allocation Failure) [PSYoungGen: 68032K->1376K(68608K)] 351368K->284712K(752128K), 0.0018194 secs] [Times: user=0.00 sys=0.00, real=0.00 secs] 
2791.722: [GC (Allocation Failure) [PSYoungGen: 67936K->1376K(68608K)] 351272K->284712K(752128K), 0.0017137 secs] [Times: user=0.00 sys=0.00, real=0.00 secs] 
2791.998: [GC (Allocation Failure) [PSYoungGen: 67936K->1424K(68608K)] 351272K->284760K(752128K), 0.0017998 secs] [Times: user=0.00 sys=0.00, real=0.00 secs] 
2792.275: [GC (Allocation Failure) [PSYoungGen: 67984K->1376K(68608K)] 351320K->284712K(752128K), 0.0018396 secs] [Times: user=0.01 sys=0.00, real=0.00 secs] 
2792.710: [GC (Allocation Failure) [PSYoungGen: 67936K->1533K(68608K)] 351272K->284869K(752128K), 0.0017004 secs] [Times: user=0.01 sys=0.00, real=0.01 secs] 
2793.102: [GC (Allocation Failure) [PSYoungGen: 68093K->1565K(68608K)] 351429K->284901K(752128K), 0.0015943 secs] [Times: user=0.00 sys=0.01, real=0.00 secs] 
2793.495: [GC (Allocation Failure) [PSYoungGen: 68125K->1597K(68608K)] 351461K->284941K(752128K), 0.0014904 secs] [Times: user=0.01 sys=0.00, real=0.00 secs] 
2794.054: [GC (Allocation Failure) [PSYoungGen: 68157K->1504K(68608K)] 351501K->284848K(752128K), 0.0017215 secs] [Times: user=0.00 sys=0.00, real=0.00 secs] 
2794.674: [GC (Allocation Failure) [PSYoungGen: 68064K->1376K(68608K)] 351408K->284720K(752128K), 0.0026692 secs] [Times: user=0.01 sys=0.00, real=0.00 secs] 
2795.261: [GC (Allocation Failure) [PSYoungGen: 67936K->1408K(68608K)] 351280K->284752K(752128K), 0.0028567 secs] [Times: user=0.01 sys=0.00, real=0.01 secs] 
2796.047: [GC (Allocation Failure) [PSYoungGen: 67968K->1376K(68608K)] 351312K->284720K(752128K), 0.0034057 secs] [Times: user=0.01 sys=0.00, real=0.00 secs] 
2796.785: [GC (Allocation Failure) [PSYoungGen: 67936K->1408K(68608K)] 351280K->284752K(752128K), 0.0021799 secs] [Times: user=0.01 sys=0.00, real=0.00 secs] 
2797.224: [GC (Allocation Failure) [PSYoungGen: 67950K->1533K(68608K)] 351294K->284877K(752128K), 0.0016000 secs] [Times: user=0.00 sys=0.00, real=0.00 secs] 
2797.612: [GC (Allocation Failure) [PSYoungGen: 68093K->1613K(68608K)] 351437K->284957K(752128K), 0.0016993 secs] [Times: user=0.01 sys=0.00, real=0.00 secs] 
2798.004: [GC (Allocation Failure) [PSYoungGen: 68173K->1581K(68608K)] 351517K->284941K(752128K), 0.0016964 secs] [Times: user=0.00 sys=0.00, real=0.00 secs] 
2798.382: [GC (Allocation Failure) [PSYoungGen: 68141K->1504K(68608K)] 351501K->284864K(752128K), 0.0018903 secs] [Times: user=0.01 sys=0.00, real=0.00 secs] 
2798.659: [GC (Allocation Failure) [PSYoungGen: 68064K->1376K(68608K)] 351424K->284736K(752128K), 0.0017404 secs] [Times: user=0.00 sys=0.00, real=0.00 secs] 
2798.936: [GC (Allocation Failure) [PSYoungGen: 67936K->1376K(68608K)] 351296K->284736K(752128K), 0.0017732 secs] [Times: user=0.00 sys=0.00, real=0.00 secs] 
2799.323: [GC (Allocation Failure) [PSYoungGen: 67936K->1408K(68608K)] 351296K->284768K(752128K), 0.0015816 secs] [Times: user=0.01 sys=0.00, real=0.00 secs] 
2799.892: [GC (Allocation Failure) [PSYoungGen: 67968K->1485K(68608K)] 351328K->284845K(752128K), 0.0015878 secs] [Times: user=0.00 sys=0.00, real=0.00 secs] 
2800.283: [GC (Allocation Failure) [PSYoungGen: 68045K->1613K(68608K)] 351405K->284973K(752128K), 0.0016831 secs] [Times: user=0.01 sys=0.00, real=0.00 secs] 
2800.675: [GC (Allocation Failure) [PSYoungGen: 68172K->1600K(68608K)] 351532K->284960K(752128K), 0.0017328 secs] [Times: user=0.01 sys=0.00, real=0.00 secs] 
2801.076: [GC (Allocation Failure) [PSYoungGen: 68160K->1565K(68608K)] 351520K->284941K(752128K), 0.0016862 secs] [Times: user=0.01 sys=0.00, real=0.00 secs] 
2801.411: [GC (Allocation Failure) [PSYoungGen: 68125K->1440K(68608K)] 351501K->284816K(752128K), 0.0016736 secs] [Times: user=0.01 sys=0.00, real=0.01 secs] 
2801.687: [GC (Allocation Failure) [PSYoungGen: 68000K->1392K(68608K)] 351376K->284768K(752128K), 0.0018991 secs] [Times: user=0.01 sys=0.00, real=0.00 secs] 
2801.964: [GC (Allocation Failure) [PSYoungGen: 67952K->1408K(68608K)] 351328K->284784K(752128K), 0.0021549 secs] [Times: user=0.01 sys=0.00, real=0.00 secs] 
2802.351: [GC (Allocation Failure) [PSYoungGen: 67968K->1408K(68608K)] 351344K->284784K(752128K), 0.0029451 secs] [Times: user=0.01 sys=0.00, real=0.01 secs] 
2802.979: [GC (Allocation Failure) [PSYoungGen: 67968K->1536K(68608K)] 351344K->284912K(752128K), 0.0014926 secs] [Times: user=0.00 sys=0.00, real=0.00 secs] 
2803.433: [GC (Allocation Failure) [PSYoungGen: 68096K->1581K(68608K)] 351472K->284957K(752128K), 0.0017617 secs] [Times: user=0.01 sys=0.00, real=0.00 secs] 
2803.824: [GC (Allocation Failure) [PSYoungGen: 68141K->1597K(68608K)] 351517K->284973K(752128K), 0.0017630 secs] [Times: user=0.01 sys=0.01, real=0.00 secs] 
2804.275: [GC (Allocation Failure) [PSYoungGen: 68157K->1613K(68608K)] 351533K->284997K(752128K), 0.0020091 secs] [Times: user=0.01 sys=0.00, real=0.00 secs] 
2805.012: [GC (Allocation Failure) [PSYoungGen: 68173K->1440K(68608K)] 351557K->284824K(752128K), 0.0021978 secs] [Times: user=0.01 sys=0.00, real=0.00 secs] 
2805.290: [GC (Allocation Failure) [PSYoungGen: 68000K->1392K(68608K)] 351384K->284776K(752128K), 0.0020116 secs] [Times: user=0.00 sys=0.00, real=0.01 secs] 
2805.567: [GC (Allocation Failure) [PSYoungGen: 67952K->1408K(68608K)] 351336K->284792K(752128K), 0.0019160 secs] [Times: user=0.00 sys=0.00, real=0.00 secs] 
2805.843: [GC (Allocation Failure) [PSYoungGen: 67968K->1376K(68608K)] 351352K->284760K(752128K), 0.0019204 secs] [Times: user=0.00 sys=0.00, real=0.00 secs] 
2806.224: [GC (Allocation Failure) [PSYoungGen: 67936K->1501K(68608K)] 351320K->284885K(752128K), 0.0016363 secs] [Times: user=0.00 sys=0.00, real=0.00 secs] 
2806.614: [GC (Allocation Failure) [PSYoungGen: 68061K->1565K(68608K)] 351445K->284949K(752128K), 0.0016555 secs] [Times: user=0.00 sys=0.00, real=0.00 secs] 
2807.002: [GC (Allocation Failure) [PSYoungGen: 68125K->1533K(68608K)] 351509K->284933K(752128K), 0.0016437 secs] [Times: user=0.00 sys=0.00, real=0.00 secs] 
2807.394: [GC (Allocation Failure) [PSYoungGen: 68093K->1533K(68608K)] 351493K->284949K(752128K), 0.0016411 secs] [Times: user=0.00 sys=0.00, real=0.00 secs] 
2807.748: [GC (Allocation Failure) [PSYoungGen: 68093K->1408K(68608K)] 351509K->284824K(752128K), 0.0017924 secs] [Times: user=0.00 sys=0.00, real=0.00 secs] 
2808.137: [GC (Allocation Failure) [PSYoungGen: 67968K->1344K(68608K)] 351384K->284760K(752128K), 0.0016203 secs] [Times: user=0.00 sys=0.00, real=0.00 secs] 
2808.770: [GC (Allocation Failure) [PSYoungGen: 67904K->1376K(68608K)] 351320K->284792K(752128K), 0.0017859 secs] [Times: user=0.00 sys=0.00, real=0.01 secs] 
2809.395: [GC (Allocation Failure) [PSYoungGen: 67936K->1376K(68608K)] 351352K->284792K(752128K), 0.0019580 secs] [Times: user=0.01 sys=0.00, real=0.00 secs] 
2809.912: [GC (Allocation Failure) [PSYoungGen: 67936K->1485K(68608K)] 351352K->284901K(752128K), 0.0016445 secs] [Times: user=0.01 sys=0.00, real=0.00 secs] 
2810.304: [GC (Allocation Failure) [PSYoungGen: 68045K->1645K(68608K)] 351461K->285061K(752128K), 0.0017104 secs] [Times: user=0.00 sys=0.00, real=0.00 secs] 
2810.695: [GC (Allocation Failure) [PSYoungGen: 68205K->1584K(68608K)] 351621K->285000K(752128K), 0.0016537 secs] [Times: user=0.00 sys=0.00, real=0.00 secs] 
2811.090: [GC (Allocation Failure) [PSYoungGen: 68144K->224K(68608K)] 351560K->283648K(752128K), 0.0016058 secs] [Times: user=0.01 sys=0.00, real=0.01 secs] 
2811.608: [GC (Allocation Failure) [PSYoungGen: 66784K->1376K(68608K)] 350208K->284800K(752128K), 0.0017456 secs] [Times: user=0.00 sys=0.00, real=0.00 secs] 
2811.884: [GC (Allocation Failure) [PSYoungGen: 67936K->1344K(68608K)] 351360K->284768K(752128K), 0.0025535 secs] [Times: user=0.01 sys=0.00, real=0.00 secs] 
2812.162: [GC (Allocation Failure) [PSYoungGen: 67904K->1376K(68608K)] 351328K->284800K(752128K), 0.0024157 secs] [Times: user=0.01 sys=0.00, real=0.00 secs] 
2812.439: [GC (Allocation Failure) [PSYoungGen: 67936K->1376K(68608K)] 351360K->284800K(752128K), 0.0018313 secs] [Times: user=0.01 sys=0.00, real=0.00 secs] 
2812.851: [GC (Allocation Failure) [PSYoungGen: 67936K->1549K(68608K)] 351360K->284973K(752128K), 0.0016677 secs] [Times: user=0.01 sys=0.00, real=0.00 secs] 
2813.246: [GC (Allocation Failure) [PSYoungGen: 68109K->1581K(68608K)] 351533K->285005K(752128K), 0.0016823 secs] [Times: user=0.00 sys=0.00, real=0.00 secs] 
2813.701: [GC (Allocation Failure) [PSYoungGen: 68141K->1597K(68608K)] 351565K->285021K(752128K), 0.0017894 secs] [Times: user=0.01 sys=0.00, real=0.01 secs] 
2814.155: [GC (Allocation Failure) [PSYoungGen: 68157K->2016K(68608K)] 351581K->285448K(752128K), 0.0019954 secs] [Times: user=0.01 sys=0.00, real=0.00 secs] 
2814.432: [GC (Allocation Failure) [PSYoungGen: 68576K->1376K(68608K)] 352008K->284808K(752128K), 0.0020123 secs] [Times: user=0.00 sys=0.00, real=0.00 secs] 
2814.967: [GC (Allocation Failure) [PSYoungGen: 67936K->1440K(68608K)] 351368K->284872K(752128K), 0.0036138 secs] [Times: user=0.02 sys=0.00, real=0.00 secs] 
2815.526: [GC (Allocation Failure) [PSYoungGen: 68000K->1440K(68608K)] 351432K->284872K(752128K), 0.0030092 secs] [Times: user=0.01 sys=0.00, real=0.00 secs] 
2816.092: [GC (Allocation Failure) [PSYoungGen: 68000K->1408K(68608K)] 351432K->284840K(752128K), 0.0024641 secs] [Times: user=0.01 sys=0.00, real=0.00 secs] 
2816.629: [GC (Allocation Failure) [PSYoungGen: 67968K->1581K(68608K)] 351400K->285013K(752128K), 0.0017576 secs] [Times: user=0.01 sys=0.00, real=0.00 secs] 
2817.020: [GC (Allocation Failure) [PSYoungGen: 68141K->1613K(68608K)] 351573K->285045K(752128K), 0.0016257 secs] [Times: user=0.01 sys=0.00, real=0.01 secs] 
2817.410: [GC (Allocation Failure) [PSYoungGen: 68173K->1581K(68608K)] 351605K->285037K(752128K), 0.0016803 secs] [Times: user=0.00 sys=0.00, real=0.01 secs] 
2817.854: [GC (Allocation Failure) [PSYoungGen: 68141K->1472K(68608K)] 351597K->284928K(752128K), 0.0017436 secs] [Times: user=0.00 sys=0.00, real=0.00 secs] 
2818.380: [GC (Allocation Failure) [PSYoungGen: 68032K->1392K(68608K)] 351488K->284848K(752128K), 0.0016975 secs] [Times: user=0.01 sys=0.00, real=0.01 secs] 
2818.953: [GC (Allocation Failure) [PSYoungGen: 67952K->1408K(68608K)] 351408K->284864K(752128K), 0.0019196 secs] [Times: user=0.01 sys=0.00, real=0.00 secs] 
2819.487: [GC (Allocation Failure) [PSYoungGen: 67968K->1376K(68608K)] 351424K->284832K(752128K), 0.0019613 secs] [Times: user=0.01 sys=0.00, real=0.00 secs] 
2819.977: [GC (Allocation Failure) [PSYoungGen: 67936K->1488K(68608K)] 351392K->284944K(752128K), 0.0019251 secs] [Times: user=0.00 sys=0.00, real=0.00 secs] 
2820.395: [GC (Allocation Failure) [PSYoungGen: 68048K->1645K(68608K)] 351504K->285101K(752128K), 0.0016830 secs] [Times: user=0.01 sys=0.00, real=0.00 secs] 
2820.842: [GC (Allocation Failure) [PSYoungGen: 68205K->1549K(68608K)] 351661K->285005K(752128K), 0.0017599 secs] [Times: user=0.01 sys=0.00, real=0.00 secs] 
2821.238: [GC (Allocation Failure) [PSYoungGen: 68109K->1568K(68608K)] 351565K->285040K(752128K), 0.0017495 secs] [Times: user=0.01 sys=0.00, real=0.00 secs] 
2821.937: [GC (Allocation Failure) [PSYoungGen: 68128K->1488K(68608K)] 351600K->284960K(752128K), 0.0031212 secs] [Times: user=0.01 sys=0.00, real=0.00 secs] 
2823.111: [GC (Allocation Failure) [PSYoungGen: 68048K->1376K(68608K)] 351520K->284848K(752128K), 0.0033513 secs] [Times: user=0.02 sys=0.00, real=0.01 secs] 
2824.173: [GC (Allocation Failure) [PSYoungGen: 67936K->1376K(68608K)] 351408K->284848K(752128K), 0.0038097 secs] [Times: user=0.01 sys=0.00, real=0.00 secs] 
2824.556: [GC (Allocation Failure) [PSYoungGen: 67936K->1440K(68608K)] 351408K->284912K(752128K), 0.0019133 secs] [Times: user=0.00 sys=0.00, real=0.00 secs] 
2824.942: [GC (Allocation Failure) [PSYoungGen: 68000K->1485K(68608K)] 351472K->284957K(752128K), 0.0022047 secs] [Times: user=0.01 sys=0.00, real=0.00 secs] 
2825.402: [GC (Allocation Failure) [PSYoungGen: 68045K->1613K(68608K)] 351517K->285085K(752128K), 0.0016846 secs] [Times: user=0.01 sys=0.00, real=0.00 secs] 
2825.791: [GC (Allocation Failure) [PSYoungGen: 68173K->1616K(68608K)] 351645K->285088K(752128K), 0.0016823 secs] [Times: user=0.01 sys=0.00, real=0.01 secs] 
2826.180: [GC (Allocation Failure) [PSYoungGen: 68176K->1613K(68608K)] 351648K->285101K(752128K), 0.0015876 secs] [Times: user=0.00 sys=0.00, real=0.00 secs] 
2826.656: [GC (Allocation Failure) [PSYoungGen: 68173K->1456K(68608K)] 351661K->284944K(752128K), 0.0028319 secs] [Times: user=0.01 sys=0.00, real=0.00 secs] 
2827.229: [GC (Allocation Failure) [PSYoungGen: 68016K->1440K(68608K)] 351504K->284928K(752128K), 0.0030858 secs] [Times: user=0.01 sys=0.00, real=0.01 secs] 
2827.839: [GC (Allocation Failure) [PSYoungGen: 68000K->1376K(68608K)] 351488K->284864K(752128K), 0.0020303 secs] [Times: user=0.01 sys=0.00, real=0.00 secs] 
2828.401: [GC (Allocation Failure) [PSYoungGen: 67936K->1344K(68608K)] 351424K->284832K(752128K), 0.0026711 secs] [Times: user=0.01 sys=0.00, real=0.01 secs] 
2828.738: [GC (Allocation Failure) [PSYoungGen: 67904K->1469K(68608K)] 351392K->284957K(752128K), 0.0015403 secs] [Times: user=0.00 sys=0.00, real=0.00 secs] 
2829.128: [GC (Allocation Failure) [PSYoungGen: 68029K->1565K(68608K)] 351517K->285053K(752128K), 0.0015491 secs] [Times: user=0.00 sys=0.00, real=0.00 secs] 
2829.520: [GC (Allocation Failure) [PSYoungGen: 68125K->1533K(68608K)] 351613K->285037K(752128K), 0.0015871 secs] [Times: user=0.01 sys=0.00, real=0.01 secs] 
2829.910: [GC (Allocation Failure) [PSYoungGen: 68093K->1581K(68608K)] 351597K->285101K(752128K), 0.0016764 secs] [Times: user=0.00 sys=0.01, real=0.01 secs] 
2830.520: [GC (Allocation Failure) [PSYoungGen: 68141K->1376K(68608K)] 351661K->284896K(752128K), 0.0021955 secs] [Times: user=0.01 sys=0.00, real=0.01 secs] 
2831.133: [GC (Allocation Failure) [PSYoungGen: 67936K->1408K(68608K)] 351456K->284928K(752128K), 0.0028163 secs] [Times: user=0.01 sys=0.00, real=0.00 secs] 
2831.698: [GC (Allocation Failure) [PSYoungGen: 67968K->1408K(68608K)] 351488K->284928K(752128K), 0.0024232 secs] [Times: user=0.01 sys=0.00, real=0.00 secs] 
2832.293: [GC (Allocation Failure) [PSYoungGen: 67968K->1408K(68608K)] 351488K->284928K(752128K), 0.0028507 secs] [Times: user=0.02 sys=0.00, real=0.00 secs] 
2832.732: [GC (Allocation Failure) [PSYoungGen: 67968K->1597K(68608K)] 351488K->285117K(752128K), 0.0017465 secs] [Times: user=0.00 sys=0.00, real=0.00 secs] 
2833.123: [GC (Allocation Failure) [PSYoungGen: 68157K->1613K(68608K)] 351677K->285133K(752128K), 0.0016584 secs] [Times: user=0.00 sys=0.00, real=0.00 secs] 
2833.569: [GC (Allocation Failure) [PSYoungGen: 68173K->1584K(68608K)] 351693K->285104K(752128K), 0.0016146 secs] [Times: user=0.00 sys=0.00, real=0.00 secs] 
2833.961: [GC (Allocation Failure) [PSYoungGen: 68144K->1613K(68608K)] 351664K->285149K(752128K), 0.0016991 secs] [Times: user=0.01 sys=0.00, real=0.01 secs] 
2834.670: [GC (Allocation Failure) [PSYoungGen: 68173K->1360K(68608K)] 351709K->284896K(752128K), 0.0032689 secs] [Times: user=0.02 sys=0.00, real=0.01 secs] 
2835.576: [GC (Allocation Failure) [PSYoungGen: 67920K->1392K(68608K)] 351456K->284928K(752128K), 0.0037280 secs] [Times: user=0.02 sys=0.00, real=0.00 secs] 
2836.514: [GC (Allocation Failure) [PSYoungGen: 67952K->1440K(68608K)] 351488K->284976K(752128K), 0.0034796 secs] [Times: user=0.01 sys=0.00, real=0.00 secs] 
2837.195: [GC (Allocation Failure) [PSYoungGen: 68000K->1376K(68608K)] 351536K->284912K(752128K), 0.0033986 secs] [Times: user=0.01 sys=0.00, real=0.00 secs] 
2837.942: [GC (Allocation Failure) [PSYoungGen: 67936K->1533K(68608K)] 351472K->285069K(752128K), 0.0015677 secs] [Times: user=0.01 sys=0.00, real=0.00 secs] 
2838.331: [GC (Allocation Failure) [PSYoungGen: 68093K->1533K(68608K)] 351629K->285069K(752128K), 0.0015945 secs] [Times: user=0.01 sys=0.00, real=0.00 secs] 
2838.725: [GC (Allocation Failure) [PSYoungGen: 68093K->1581K(68608K)] 351629K->285117K(752128K), 0.0017124 secs] [Times: user=0.00 sys=0.00, real=0.00 secs] 
2839.116: [GC (Allocation Failure) [PSYoungGen: 68141K->1536K(68608K)] 351677K->285088K(752128K), 0.0017350 secs] [Times: user=0.01 sys=0.00, real=0.00 secs] 
2839.469: [GC (Allocation Failure) [PSYoungGen: 68096K->1408K(68608K)] 351648K->284968K(752128K), 0.0016817 secs] [Times: user=0.00 sys=0.00, real=0.00 secs] 
2839.817: [GC (Allocation Failure) [PSYoungGen: 67968K->1344K(68608K)] 351528K->284904K(752128K), 0.0018655 secs] [Times: user=0.01 sys=0.00, real=0.00 secs] 
2840.364: [GC (Allocation Failure) [PSYoungGen: 67904K->1440K(68608K)] 351464K->285000K(752128K), 0.0019858 secs] [Times: user=0.01 sys=0.00, real=0.00 secs] 
2840.870: [GC (Allocation Failure) [PSYoungGen: 68000K->1408K(68608K)] 351560K->284968K(752128K), 0.0023032 secs] [Times: user=0.01 sys=0.00, real=0.01 secs] 
2841.366: [GC (Allocation Failure) [PSYoungGen: 67948K->1533K(68608K)] 351509K->285093K(752128K), 0.0016078 secs] [Times: user=0.01 sys=0.00, real=0.00 secs] 
2841.752: [GC (Allocation Failure) [PSYoungGen: 68093K->1613K(68608K)] 351653K->285173K(752128K), 0.0016436 secs] [Times: user=0.00 sys=0.00, real=0.00 secs] 
2842.152: [GC (Allocation Failure) [PSYoungGen: 68173K->1565K(68608K)] 351733K->285125K(752128K), 0.0016127 secs] [Times: user=0.01 sys=0.00, real=0.00 secs] 
2842.537: [GC (Allocation Failure) [PSYoungGen: 67603K->352K(68608K)] 351163K->283912K(752128K), 0.0015356 secs] [Times: user=0.01 sys=0.00, real=0.00 secs] 
2842.894: [GC (Allocation Failure) [PSYoungGen: 66912K->1376K(68608K)] 350472K->284936K(752128K), 0.0015844 secs] [Times: user=0.00 sys=0.00, real=0.00 secs] 
2843.170: [GC (Allocation Failure) [PSYoungGen: 67936K->1408K(68608K)] 351496K->284968K(752128K), 0.0021823 secs] [Times: user=0.01 sys=0.00, real=0.01 secs] 
2843.449: [GC (Allocation Failure) [PSYoungGen: 67968K->1408K(68608K)] 351528K->284968K(752128K), 0.0021460 secs] [Times: user=0.01 sys=0.00, real=0.00 secs] 
2843.726: [GC (Allocation Failure) [PSYoungGen: 67968K->1408K(68608K)] 351528K->284968K(752128K), 0.0021627 secs] [Times: user=0.01 sys=0.00, real=0.00 secs] 
2844.134: [GC (Allocation Failure) [PSYoungGen: 67968K->1549K(68608K)] 351528K->285109K(752128K), 0.0017775 secs] [Times: user=0.00 sys=0.00, real=0.00 secs] 
2844.586: [GC (Allocation Failure) [PSYoungGen: 68109K->1536K(68608K)] 351669K->285096K(752128K), 0.0017985 secs] [Times: user=0.01 sys=0.00, real=0.00 secs] 
2844.975: [GC (Allocation Failure) [PSYoungGen: 68096K->1568K(68608K)] 351656K->285128K(752128K), 0.0015940 secs] [Times: user=0.01 sys=0.00, real=0.00 secs] 
2845.393: [GC (Allocation Failure) [PSYoungGen: 68128K->2016K(68608K)] 351688K->285600K(752128K), 0.0020391 secs] [Times: user=0.01 sys=0.00, real=0.00 secs] 
2845.670: [GC (Allocation Failure) [PSYoungGen: 68576K->1376K(68608K)] 352160K->284960K(752128K), 0.0019255 secs] [Times: user=0.01 sys=0.00, real=0.01 secs] 
2845.947: [GC (Allocation Failure) [PSYoungGen: 67936K->1376K(68608K)] 351520K->284960K(752128K), 0.0017085 secs] [Times: user=0.01 sys=0.00, real=0.00 secs] 
2846.223: [GC (Allocation Failure) [PSYoungGen: 67936K->1344K(68608K)] 351520K->284952K(752128K), 0.0018013 secs] [Times: user=0.01 sys=0.00, real=0.00 secs] 
2846.499: [GC (Allocation Failure) [PSYoungGen: 67904K->1392K(68608K)] 351512K->285008K(752128K), 0.0018412 secs] [Times: user=0.01 sys=0.00, real=0.00 secs] 
2846.944: [GC (Allocation Failure) [PSYoungGen: 67952K->1597K(68608K)] 351568K->285213K(752128K), 0.0017948 secs] [Times: user=0.01 sys=0.00, real=0.00 secs] 
2847.394: [GC (Allocation Failure) [PSYoungGen: 68157K->1565K(68608K)] 351773K->285181K(752128K), 0.0018155 secs] [Times: user=0.01 sys=0.00, real=0.00 secs] 
2847.786: [GC (Allocation Failure) [PSYoungGen: 68125K->1549K(68608K)] 351741K->285173K(752128K), 0.0017336 secs] [Times: user=0.00 sys=0.00, real=0.00 secs] 
2848.205: [GC (Allocation Failure) [PSYoungGen: 68109K->1440K(68608K)] 351733K->285072K(752128K), 0.0018937 secs] [Times: user=0.01 sys=0.00, real=0.00 secs] 
2848.720: [GC (Allocation Failure) [PSYoungGen: 68000K->1376K(68608K)] 351632K->285008K(752128K), 0.0029566 secs] [Times: user=0.01 sys=0.00, real=0.01 secs] 
2849.250: [GC (Allocation Failure) [PSYoungGen: 67936K->1376K(68608K)] 351568K->285008K(752128K), 0.0023868 secs] [Times: user=0.01 sys=0.00, real=0.01 secs] 
2849.802: [GC (Allocation Failure) [PSYoungGen: 67936K->1376K(68608K)] 351568K->285008K(752128K), 0.0023159 secs] [Times: user=0.01 sys=0.00, real=0.00 secs] 
2850.251: [GC (Allocation Failure) [PSYoungGen: 67936K->1501K(68608K)] 351568K->285133K(752128K), 0.0018913 secs] [Times: user=0.01 sys=0.00, real=0.01 secs] 
2850.655: [GC (Allocation Failure) [PSYoungGen: 68061K->1533K(68608K)] 351693K->285165K(752128K), 0.0015899 secs] [Times: user=0.00 sys=0.00, real=0.00 secs] 
2851.046: [GC (Allocation Failure) [PSYoungGen: 68093K->1565K(68608K)] 351725K->285197K(752128K), 0.0016522 secs] [Times: user=0.01 sys=0.00, real=0.00 secs] 
2851.438: [GC (Allocation Failure) [PSYoungGen: 68125K->1581K(68608K)] 351757K->285237K(752128K), 0.0016575 secs] [Times: user=0.01 sys=0.00, real=0.00 secs] 
2851.883: [GC (Allocation Failure) [PSYoungGen: 68141K->1472K(68608K)] 351797K->285128K(752128K), 0.0019110 secs] [Times: user=0.01 sys=0.00, real=0.00 secs] 
2852.343: [GC (Allocation Failure) [PSYoungGen: 68032K->1376K(68608K)] 351688K->285032K(752128K), 0.0019101 secs] [Times: user=0.01 sys=0.00, real=0.00 secs] 
2852.818: [GC (Allocation Failure) [PSYoungGen: 67936K->1392K(68608K)] 351592K->285048K(752128K), 0.0018443 secs] [Times: user=0.00 sys=0.00, real=0.00 secs] 
2853.348: [GC (Allocation Failure) [PSYoungGen: 67952K->1376K(68608K)] 351608K->285032K(752128K), 0.0037291 secs] [Times: user=0.02 sys=0.00, real=0.01 secs] 
2854.005: [GC (Allocation Failure) [PSYoungGen: 67936K->1437K(68608K)] 351592K->285101K(752128K), 0.0018766 secs] [Times: user=0.01 sys=0.00, real=0.00 secs] 
2854.500: [GC (Allocation Failure) [PSYoungGen: 67997K->1552K(68608K)] 351661K->285216K(752128K), 0.0016162 secs] [Times: user=0.01 sys=0.00, real=0.01 secs] 
2854.945: [GC (Allocation Failure) [PSYoungGen: 68112K->1565K(68608K)] 351776K->285229K(752128K), 0.0018291 secs] [Times: user=0.00 sys=0.00, real=0.00 secs] 
2855.334: [GC (Allocation Failure) [PSYoungGen: 68125K->1581K(68608K)] 351789K->285253K(752128K), 0.0017913 secs] [Times: user=0.01 sys=0.00, real=0.00 secs] 
2855.872: [GC (Allocation Failure) [PSYoungGen: 68141K->1488K(68608K)] 351813K->285160K(752128K), 0.0030527 secs] [Times: user=0.01 sys=0.00, real=0.00 secs] 
2856.286: [GC (Allocation Failure) [PSYoungGen: 68048K->1376K(68608K)] 351720K->285048K(752128K), 0.0018270 secs] [Times: user=0.00 sys=0.00, real=0.00 secs] 
2856.573: [GC (Allocation Failure) [PSYoungGen: 67936K->1376K(68608K)] 351608K->285048K(752128K), 0.0018320 secs] [Times: user=0.01 sys=0.00, real=0.00 secs] 
2856.855: [GC (Allocation Failure) [PSYoungGen: 67936K->1376K(68608K)] 351608K->285048K(752128K), 0.0017488 secs] [Times: user=0.01 sys=0.00, real=0.00 secs] 
2857.292: [GC (Allocation Failure) [PSYoungGen: 67936K->1472K(68608K)] 351608K->285144K(752128K), 0.0015802 secs] [Times: user=0.00 sys=0.00, real=0.00 secs] 
2857.683: [GC (Allocation Failure) [PSYoungGen: 68032K->1533K(68608K)] 351704K->285221K(752128K), 0.0016559 secs] [Times: user=0.01 sys=0.00, real=0.00 secs] 
2858.072: [GC (Allocation Failure) [PSYoungGen: 68074K->1536K(68608K)] 351763K->285224K(752128K), 0.0015751 secs] [Times: user=0.01 sys=0.00, real=0.00 secs] 
2858.463: [GC (Allocation Failure) [PSYoungGen: 68096K->1584K(68608K)] 351784K->285296K(752128K), 0.0016406 secs] [Times: user=0.01 sys=0.00, real=0.00 secs] 
2858.932: [GC (Allocation Failure) [PSYoungGen: 68144K->1456K(68608K)] 351856K->285168K(752128K), 0.0019201 secs] [Times: user=0.01 sys=0.00, real=0.00 secs] 
2859.208: [GC (Allocation Failure) [PSYoungGen: 68016K->1424K(68608K)] 351728K->285136K(752128K), 0.0017594 secs] [Times: user=0.00 sys=0.00, real=0.00 secs] 
2859.740: [GC (Allocation Failure) [PSYoungGen: 67984K->1344K(68608K)] 351696K->285056K(752128K), 0.0036820 secs] [Times: user=0.02 sys=0.00, real=0.01 secs] 
2860.341: [GC (Allocation Failure) [PSYoungGen: 67904K->1408K(68608K)] 351616K->285120K(752128K), 0.0031644 secs] [Times: user=0.01 sys=0.00, real=0.01 secs] 
2861.001: [GC (Allocation Failure) [PSYoungGen: 67968K->1549K(68608K)] 351680K->285261K(752128K), 0.0017223 secs] [Times: user=0.01 sys=0.00, real=0.00 secs] 
2861.391: [GC (Allocation Failure) [PSYoungGen: 68109K->1565K(68608K)] 351821K->285277K(752128K), 0.0015579 secs] [Times: user=0.01 sys=0.00, real=0.01 secs] 
2861.844: [GC (Allocation Failure) [PSYoungGen: 68125K->1533K(68608K)] 351837K->285245K(752128K), 0.0016786 secs] [Times: user=0.01 sys=0.00, real=0.00 secs] 
2862.283: [GC (GCLocker Initiated GC) [PSYoungGen: 68093K->1584K(68608K)] 351805K->285312K(752128K), 0.0016335 secs] [Times: user=0.01 sys=0.00, real=0.00 secs] 
2862.716: [GC (Allocation Failure) [PSYoungGen: 68144K->1424K(68608K)] 351875K->285155K(752128K), 0.0024610 secs] [Times: user=0.01 sys=0.00, real=0.00 secs] 
2863.249: [GC (Allocation Failure) [PSYoungGen: 67984K->1408K(68608K)] 351715K->285139K(752128K), 0.0019720 secs] [Times: user=0.01 sys=0.00, real=0.00 secs] 
2863.802: [GC (Allocation Failure) [PSYoungGen: 67968K->1376K(68608K)] 351699K->285107K(752128K), 0.0040223 secs] [Times: user=0.02 sys=0.00, real=0.00 secs] 
2864.341: [GC (Allocation Failure) [PSYoungGen: 67936K->1408K(68608K)] 351667K->285139K(752128K), 0.0026328 secs] [Times: user=0.01 sys=0.00, real=0.01 secs] 
2864.890: [GC (Allocation Failure) [PSYoungGen: 67968K->1581K(68608K)] 351699K->285312K(752128K), 0.0016306 secs] [Times: user=0.01 sys=0.00, real=0.01 secs] 
2865.279: [GC (Allocation Failure) [PSYoungGen: 68121K->1613K(68608K)] 351853K->285344K(752128K), 0.0016521 secs] [Times: user=0.01 sys=0.00, real=0.00 secs] 
2865.668: [GC (Allocation Failure) [PSYoungGen: 68173K->1629K(68608K)] 351904K->285360K(752128K), 0.0016560 secs] [Times: user=0.00 sys=0.00, real=0.00 secs] 
2866.059: [GC (Allocation Failure) [PSYoungGen: 68180K->1629K(68608K)] 351911K->285376K(752128K), 0.0017074 secs] [Times: user=0.00 sys=0.00, real=0.00 secs] 
2866.573: [GC (Allocation Failure) [PSYoungGen: 68189K->1456K(68608K)] 351936K->285203K(752128K), 0.0016298 secs] [Times: user=0.00 sys=0.00, real=0.00 secs] 
2867.323: [GC (Allocation Failure) [PSYoungGen: 68016K->1408K(68608K)] 351763K->285155K(752128K), 0.0018494 secs] [Times: user=0.00 sys=0.00, real=0.00 secs] 
2868.305: [GC (Allocation Failure) [PSYoungGen: 67968K->1440K(68608K)] 351715K->285187K(752128K), 0.0018117 secs] [Times: user=0.00 sys=0.00, real=0.00 secs] 
2869.318: [GC (Allocation Failure) [PSYoungGen: 68000K->1408K(68608K)] 351747K->285179K(752128K), 0.0018911 secs] [Times: user=0.01 sys=0.00, real=0.00 secs] 
2869.876: [GC (Allocation Failure) [PSYoungGen: 67968K->1565K(68608K)] 351739K->285336K(752128K), 0.0015945 secs] [Times: user=0.01 sys=0.00, real=0.00 secs] 
2870.266: [GC (Allocation Failure) [PSYoungGen: 68125K->1581K(68608K)] 351896K->285352K(752128K), 0.0015486 secs] [Times: user=0.01 sys=0.00, real=0.00 secs] 
2870.656: [GC (Allocation Failure) [PSYoungGen: 68141K->1616K(68608K)] 351912K->285387K(752128K), 0.0015796 secs] [Times: user=0.01 sys=0.00, real=0.00 secs] 
2871.037: [GC (Allocation Failure) [PSYoungGen: 68176K->1536K(68608K)] 351947K->285347K(752128K), 0.0017198 secs] [Times: user=0.01 sys=0.00, real=0.00 secs] 
2871.417: [GC (Allocation Failure) [PSYoungGen: 68096K->1376K(68608K)] 351907K->285187K(752128K), 0.0017740 secs] [Times: user=0.00 sys=0.00, real=0.00 secs] 
2871.769: [GC (Allocation Failure) [PSYoungGen: 67936K->1376K(68608K)] 351747K->285187K(752128K), 0.0017935 secs] [Times: user=0.01 sys=0.00, real=0.00 secs] 
2872.108: [GC (Allocation Failure) [PSYoungGen: 67936K->1376K(68608K)] 351747K->285187K(752128K), 0.0019475 secs] [Times: user=0.01 sys=0.00, real=0.00 secs] 
2872.384: [GC (Allocation Failure) [PSYoungGen: 67936K->1408K(68608K)] 351747K->285219K(752128K), 0.0019265 secs] [Times: user=0.01 sys=0.00, real=0.00 secs] 
2872.834: [GC (Allocation Failure) [PSYoungGen: 67968K->1584K(68608K)] 351779K->285395K(752128K), 0.0014977 secs] [Times: user=0.01 sys=0.00, real=0.00 secs] 
2873.226: [GC (Allocation Failure) [PSYoungGen: 68144K->1536K(68608K)] 351955K->285347K(752128K), 0.0016459 secs] [Times: user=0.00 sys=0.00, real=0.00 secs] 
2873.619: [GC (Allocation Failure) [PSYoungGen: 68078K->1629K(68608K)] 351890K->285440K(752128K), 0.0017096 secs] [Times: user=0.00 sys=0.00, real=0.00 secs] 
2874.154: [GC (Allocation Failure) [PSYoungGen: 68189K->1536K(68608K)] 352000K->285347K(752128K), 0.0019500 secs] [Times: user=0.01 sys=0.00, real=0.00 secs] 
2874.864: [GC (Allocation Failure) [PSYoungGen: 68096K->1408K(68608K)] 351907K->285219K(752128K), 0.0032017 secs] [Times: user=0.01 sys=0.00, real=0.00 secs] 
2875.431: [GC (Allocation Failure) [PSYoungGen: 67968K->1408K(68608K)] 351779K->285219K(752128K), 0.0031314 secs] [Times: user=0.01 sys=0.00, real=0.01 secs] 
2875.968: [GC (Allocation Failure) [PSYoungGen: 67968K->1392K(68608K)] 351779K->285203K(752128K), 0.0026831 secs] [Times: user=0.01 sys=0.01, real=0.00 secs] 
2876.243: [GC (Allocation Failure) [PSYoungGen: 67952K->1440K(68608K)] 351763K->285251K(752128K), 0.0019323 secs] [Times: user=0.01 sys=0.00, real=0.00 secs] 
2876.666: [GC (Allocation Failure) [PSYoungGen: 68000K->1613K(68608K)] 351811K->285424K(752128K), 0.0016558 secs] [Times: user=0.01 sys=0.00, real=0.00 secs] 
2877.055: [GC (Allocation Failure) [PSYoungGen: 68173K->1645K(68608K)] 351984K->285456K(752128K), 0.0016399 secs] [Times: user=0.01 sys=0.00, real=0.00 secs] 
2877.445: [GC (Allocation Failure) [PSYoungGen: 68205K->1597K(68608K)] 352016K->285440K(752128K), 0.0016915 secs] [Times: user=0.01 sys=0.00, real=0.00 secs] 
2877.984: [GC (Allocation Failure) [PSYoungGen: 68157K->1472K(68608K)] 352000K->285315K(752128K), 0.0017665 secs] [Times: user=0.01 sys=0.00, real=0.00 secs] 
2878.644: [GC (Allocation Failure) [PSYoungGen: 68032K->1360K(68608K)] 351875K->285203K(752128K), 0.0036978 secs] [Times: user=0.01 sys=0.00, real=0.00 secs] 
2879.271: [GC (Allocation Failure) [PSYoungGen: 67920K->1408K(68608K)] 351763K->285251K(752128K), 0.0033662 secs] [Times: user=0.01 sys=0.00, real=0.00 secs] 
2879.761: [GC (Allocation Failure) [PSYoungGen: 67968K->1376K(68608K)] 351811K->285219K(752128K), 0.0019461 secs] [Times: user=0.01 sys=0.00, real=0.01 secs] 
2880.078: [GC (Allocation Failure) [PSYoungGen: 67936K->1488K(68608K)] 351779K->285331K(752128K), 0.0018264 secs] [Times: user=0.01 sys=0.00, real=0.00 secs] 
2880.474: [GC (Allocation Failure) [PSYoungGen: 68048K->1549K(68608K)] 351891K->285392K(752128K), 0.0015615 secs] [Times: user=0.01 sys=0.00, real=0.00 secs] 
2880.863: [GC (Allocation Failure) [PSYoungGen: 68097K->1613K(68608K)] 351940K->285456K(752128K), 0.0016085 secs] [Times: user=0.01 sys=0.00, real=0.00 secs] 
2881.253: [GC (Allocation Failure) [PSYoungGen: 68173K->1613K(68608K)] 352016K->285472K(752128K), 0.0016547 secs] [Times: user=0.01 sys=0.00, real=0.00 secs] 
2881.800: [GC (Allocation Failure) [PSYoungGen: 68173K->1504K(68608K)] 352032K->285363K(752128K), 0.0017313 secs] [Times: user=0.01 sys=0.00, real=0.01 secs] 
2882.447: [GC (Allocation Failure) [PSYoungGen: 68064K->1376K(68608K)] 351923K->285235K(752128K), 0.0017027 secs] [Times: user=0.01 sys=0.00, real=0.00 secs] 
2882.997: [GC (Allocation Failure) [PSYoungGen: 67936K->1376K(68608K)] 351795K->285235K(752128K), 0.0019872 secs] [Times: user=0.00 sys=0.00, real=0.00 secs] 
2883.320: [GC (Allocation Failure) [PSYoungGen: 67936K->1376K(68608K)] 351795K->285235K(752128K), 0.0018110 secs] [Times: user=0.01 sys=0.00, real=0.01 secs] 
2883.655: [GC (Allocation Failure) [PSYoungGen: 67936K->1472K(68608K)] 351795K->285331K(752128K), 0.0015047 secs] [Times: user=0.01 sys=0.00, real=0.00 secs] 
2884.049: [GC (Allocation Failure) [PSYoungGen: 68032K->1549K(68608K)] 351891K->285408K(752128K), 0.0015883 secs] [Times: user=0.01 sys=0.00, real=0.00 secs] 
2884.442: [GC (Allocation Failure) [PSYoungGen: 68109K->1565K(68608K)] 351968K->285424K(752128K), 0.0016555 secs] [Times: user=0.00 sys=0.00, real=0.00 secs] 
2884.831: [GC (Allocation Failure) [PSYoungGen: 68125K->1549K(68608K)] 351984K->285424K(752128K), 0.0016421 secs] [Times: user=0.01 sys=0.00, real=0.00 secs] 
2885.199: [GC (Allocation Failure) [PSYoungGen: 68109K->1472K(68608K)] 351984K->285347K(752128K), 0.0017750 secs] [Times: user=0.00 sys=0.00, real=0.00 secs] 
2885.476: [GC (Allocation Failure) [PSYoungGen: 68032K->1408K(68608K)] 351907K->285283K(752128K), 0.0017586 secs] [Times: user=0.01 sys=0.00, real=0.00 secs] 
2885.752: [GC (Allocation Failure) [PSYoungGen: 67968K->1376K(68608K)] 351843K->285251K(752128K), 0.0016836 secs] [Times: user=0.01 sys=0.00, real=0.00 secs] 
2886.028: [GC (Allocation Failure) [PSYoungGen: 67936K->1392K(68608K)] 351811K->285267K(752128K), 0.0014722 secs] [Times: user=0.01 sys=0.01, real=0.00 secs] 
2886.352: [GC (Allocation Failure) [PSYoungGen: 67952K->1424K(68608K)] 351827K->285299K(752128K), 0.0015134 secs] [Times: user=0.01 sys=0.00, real=0.00 secs] 
2886.744: [GC (Allocation Failure) [PSYoungGen: 67984K->1581K(68608K)] 351859K->285472K(752128K), 0.0016751 secs] [Times: user=0.00 sys=0.00, real=0.00 secs] 
2887.136: [GC (Allocation Failure) [PSYoungGen: 68113K->1565K(68608K)] 352005K->285456K(752128K), 0.0015465 secs] [Times: user=0.00 sys=0.00, real=0.00 secs] 
2887.526: [GC (Allocation Failure) [PSYoungGen: 68125K->1552K(68608K)] 352016K->285459K(752128K), 0.0016262 secs] [Times: user=0.00 sys=0.00, real=0.00 secs] 
2888.201: [GC (Allocation Failure) [PSYoungGen: 68112K->1440K(68608K)] 352019K->285347K(752128K), 0.0017484 secs] [Times: user=0.01 sys=0.00, real=0.01 secs] 
2888.701: [GC (Allocation Failure) [PSYoungGen: 68000K->1408K(68608K)] 351907K->285315K(752128K), 0.0033337 secs] [Times: user=0.01 sys=0.00, real=0.01 secs] 
2889.144: [GC (Allocation Failure) [PSYoungGen: 67968K->1344K(68608K)] 351875K->285251K(752128K), 0.0016127 secs] [Times: user=0.00 sys=0.00, real=0.00 secs] 
2889.762: [GC (Allocation Failure) [PSYoungGen: 67904K->1392K(68608K)] 351811K->285299K(752128K), 0.0028500 secs] [Times: user=0.01 sys=0.00, real=0.00 secs] 
2890.398: [GC (Allocation Failure) [PSYoungGen: 67952K->1517K(68608K)] 351859K->285424K(752128K), 0.0016374 secs] [Times: user=0.01 sys=0.00, real=0.00 secs] 
2890.787: [GC (Allocation Failure) [PSYoungGen: 68077K->1584K(68608K)] 351984K->285491K(752128K), 0.0017068 secs] [Times: user=0.01 sys=0.00, real=0.00 secs] 
2891.177: [GC (Allocation Failure) [PSYoungGen: 68144K->1568K(68608K)] 352051K->285475K(752128K), 0.0016691 secs] [Times: user=0.01 sys=0.00, real=0.00 secs] 
2891.566: [GC (Allocation Failure) [PSYoungGen: 68124K->1645K(68608K)] 352032K->285568K(752128K), 0.0016929 secs] [Times: user=0.01 sys=0.00, real=0.00 secs] 
2891.904: [GC (Allocation Failure) [PSYoungGen: 68205K->1440K(68608K)] 352128K->285363K(752128K), 0.0017353 secs] [Times: user=0.01 sys=0.00, real=0.00 secs] 
2892.235: [GC (Allocation Failure) [PSYoungGen: 68000K->1344K(68608K)] 351923K->285267K(752128K), 0.0017676 secs] [Times: user=0.00 sys=0.01, real=0.00 secs] 
2892.600: [GC (Allocation Failure) [PSYoungGen: 67904K->1408K(68608K)] 351827K->285331K(752128K), 0.0020088 secs] [Times: user=0.01 sys=0.00, real=0.01 secs] 
2892.902: [GC (Allocation Failure) [PSYoungGen: 67968K->1392K(68608K)] 351891K->285315K(752128K), 0.0019838 secs] [Times: user=0.01 sys=0.00, real=0.00 secs] 
2893.279: [GC (Allocation Failure) [PSYoungGen: 67952K->1517K(68608K)] 351875K->285440K(752128K), 0.0016368 secs] [Times: user=0.00 sys=0.00, real=0.00 secs] 
2893.670: [GC (Allocation Failure) [PSYoungGen: 68077K->1581K(68608K)] 352000K->285504K(752128K), 0.0016172 secs] [Times: user=0.00 sys=0.00, real=0.01 secs] 
2894.063: [GC (Allocation Failure) [PSYoungGen: 68141K->1565K(68608K)] 352064K->285496K(752128K), 0.0016348 secs] [Times: user=0.00 sys=0.00, real=0.00 secs] 
2894.455: [GC (Allocation Failure) [PSYoungGen: 68125K->1565K(68608K)] 352056K->285512K(752128K), 0.0016475 secs] [Times: user=0.00 sys=0.00, real=0.00 secs] 
2895.909: [GC (Allocation Failure) [PSYoungGen: 68125K->1440K(68608K)] 352072K->285387K(752128K), 0.0038719 secs] [Times: user=0.02 sys=0.00, real=0.01 secs] 
2896.488: [GC (Allocation Failure) [PSYoungGen: 68000K->1408K(68608K)] 351947K->285355K(752128K), 0.0024485 secs] [Times: user=0.01 sys=0.00, real=0.00 secs] 
2896.787: [GC (Allocation Failure) [PSYoungGen: 67968K->1376K(68608K)] 351915K->285323K(752128K), 0.0019393 secs] [Times: user=0.01 sys=0.00, real=0.00 secs] 
2897.064: [GC (Allocation Failure) [PSYoungGen: 67936K->1376K(68608K)] 351883K->285331K(752128K), 0.0018137 secs] [Times: user=0.00 sys=0.00, real=0.00 secs] 
2897.459: [GC (Allocation Failure) [PSYoungGen: 67936K->1549K(68608K)] 351891K->285512K(752128K), 0.0015476 secs] [Times: user=0.01 sys=0.00, real=0.00 secs] 
2897.850: [GC (Allocation Failure) [PSYoungGen: 68109K->1533K(68608K)] 352072K->285520K(752128K), 0.0016759 secs] [Times: user=0.01 sys=0.00, real=0.01 secs] 
2898.242: [GC (Allocation Failure) [PSYoungGen: 68093K->1533K(68608K)] 352080K->285520K(752128K), 0.0016765 secs] [Times: user=0.01 sys=0.00, real=0.00 secs] 
2898.657: [GC (Allocation Failure) [PSYoungGen: 68093K->1792K(68608K)] 352080K->285779K(752128K), 0.0016820 secs] [Times: user=0.01 sys=0.00, real=0.00 secs] 
2898.932: [GC (Allocation Failure) [PSYoungGen: 68352K->1376K(68608K)] 352339K->285363K(752128K), 0.0017105 secs] [Times: user=0.00 sys=0.00, real=0.00 secs] 
2899.208: [GC (Allocation Failure) [PSYoungGen: 67936K->1344K(68608K)] 351923K->285331K(752128K), 0.0017090 secs] [Times: user=0.01 sys=0.00, real=0.00 secs] 
2899.484: [GC (Allocation Failure) [PSYoungGen: 67904K->1344K(68608K)] 351891K->285331K(752128K), 0.0017261 secs] [Times: user=0.01 sys=0.00, real=0.00 secs] 
2899.760: [GC (Allocation Failure) [PSYoungGen: 67904K->1376K(68608K)] 351891K->285363K(752128K), 0.0017283 secs] [Times: user=0.01 sys=0.00, real=0.01 secs] 
2900.155: [GC (Allocation Failure) [PSYoungGen: 67936K->1597K(68608K)] 351923K->285584K(752128K), 0.0015987 secs] [Times: user=0.01 sys=0.00, real=0.00 secs] 
2900.545: [GC (Allocation Failure) [PSYoungGen: 68157K->1616K(68608K)] 352144K->285603K(752128K), 0.0016458 secs] [Times: user=0.01 sys=0.00, real=0.00 secs] 
2900.991: [GC (Allocation Failure) [PSYoungGen: 68176K->1533K(68608K)] 352163K->285520K(752128K), 0.0017488 secs] [Times: user=0.01 sys=0.00, real=0.01 secs] 
2901.434: [GC (Allocation Failure) [PSYoungGen: 68093K->1504K(68608K)] 352080K->285491K(752128K), 0.0017616 secs] [Times: user=0.01 sys=0.00, real=0.00 secs] 
2901.711: [GC (Allocation Failure) [PSYoungGen: 68064K->1376K(68608K)] 352051K->285363K(752128K), 0.0020178 secs] [Times: user=0.01 sys=0.00, real=0.01 secs] 
2901.988: [GC (Allocation Failure) [PSYoungGen: 67936K->1392K(68608K)] 351923K->285379K(752128K), 0.0019974 secs] [Times: user=0.00 sys=0.00, real=0.00 secs] 
2902.265: [GC (Allocation Failure) [PSYoungGen: 67952K->1376K(68608K)] 351939K->285363K(752128K), 0.0018995 secs] [Times: user=0.01 sys=0.00, real=0.00 secs] 
2902.561: [GC (Allocation Failure) [PSYoungGen: 67821K->272K(68608K)] 351808K->284259K(752128K), 0.0017530 secs] [Times: user=0.00 sys=0.00, real=0.01 secs] 
2902.961: [GC (Allocation Failure) [PSYoungGen: 66814K->1645K(68608K)] 350801K->285632K(752128K), 0.0015751 secs] [Times: user=0.01 sys=0.00, real=0.01 secs] 
2903.355: [GC (Allocation Failure) [PSYoungGen: 68173K->1581K(68608K)] 352160K->285568K(752128K), 0.0016451 secs] [Times: user=0.00 sys=0.00, real=0.00 secs] 
2903.749: [GC (Allocation Failure) [PSYoungGen: 68117K->1613K(68608K)] 352105K->285616K(752128K), 0.0017118 secs] [Times: user=0.01 sys=0.00, real=0.00 secs] 
2904.142: [GC (Allocation Failure) [PSYoungGen: 68173K->1440K(68608K)] 352176K->285443K(752128K), 0.0018378 secs] [Times: user=0.00 sys=0.00, real=0.00 secs] 
2904.419: [GC (Allocation Failure) [PSYoungGen: 68000K->1376K(68608K)] 352003K->285379K(752128K), 0.0015074 secs] [Times: user=0.00 sys=0.00, real=0.00 secs] 
2904.695: [GC (Allocation Failure) [PSYoungGen: 67936K->1376K(68608K)] 351939K->285379K(752128K), 0.0019649 secs] [Times: user=0.01 sys=0.00, real=0.00 secs] 
2904.984: [GC (Allocation Failure) [PSYoungGen: 67936K->1376K(68608K)] 351939K->285379K(752128K), 0.0020669 secs] [Times: user=0.01 sys=0.00, real=0.00 secs] 
2905.359: [GC (Allocation Failure) [PSYoungGen: 67936K->1517K(68608K)] 351939K->285520K(752128K), 0.0018411 secs] [Times: user=0.01 sys=0.00, real=0.01 secs] 
2905.754: [GC (Allocation Failure) [PSYoungGen: 68077K->1565K(68608K)] 352080K->285568K(752128K), 0.0017586 secs] [Times: user=0.01 sys=0.00, real=0.00 secs] 
2906.143: [GC (Allocation Failure) [PSYoungGen: 68125K->1629K(68608K)] 352128K->285664K(752128K), 0.0018799 secs] [Times: user=0.01 sys=0.00, real=0.00 secs] 
2906.536: [GC (Allocation Failure) [PSYoungGen: 68189K->1613K(68608K)] 352224K->285664K(752128K), 0.0016627 secs] [Times: user=0.00 sys=0.00, real=0.00 secs] 
2906.875: [GC (Allocation Failure) [PSYoungGen: 68173K->1520K(68608K)] 352224K->285571K(752128K), 0.0016366 secs] [Times: user=0.01 sys=0.00, real=0.00 secs] 
2907.331: [GC (Allocation Failure) [PSYoungGen: 68080K->1376K(68608K)] 352131K->285427K(752128K), 0.0015894 secs] [Times: user=0.01 sys=0.00, real=0.01 secs] 
2907.882: [GC (Allocation Failure) [PSYoungGen: 67936K->1424K(68608K)] 351987K->285475K(752128K), 0.0019084 secs] [Times: user=0.01 sys=0.00, real=0.00 secs] 
2908.463: [GC (Allocation Failure) [PSYoungGen: 67984K->1424K(68608K)] 352035K->285475K(752128K), 0.0019593 secs] [Times: user=0.00 sys=0.00, real=0.00 secs] 
2909.077: [GC (Allocation Failure) [PSYoungGen: 67968K->1469K(68608K)] 352020K->285520K(752128K), 0.0017916 secs] [Times: user=0.01 sys=0.00, real=0.00 secs] 
2909.554: [GC (Allocation Failure) [PSYoungGen: 68029K->1581K(68608K)] 352080K->285632K(752128K), 0.0018415 secs] [Times: user=0.01 sys=0.00, real=0.00 secs] 
2909.944: [GC (Allocation Failure) [PSYoungGen: 68141K->1549K(68608K)] 352192K->285600K(752128K), 0.0018244 secs] [Times: user=0.01 sys=0.00, real=0.00 secs] 
2910.393: [GC (Allocation Failure) [PSYoungGen: 68109K->1613K(68608K)] 352160K->285680K(752128K), 0.0017642 secs] [Times: user=0.01 sys=0.00, real=0.00 secs] 
2911.027: [GC (Allocation Failure) [PSYoungGen: 68173K->1520K(68608K)] 352240K->285587K(752128K), 0.0034273 secs] [Times: user=0.01 sys=0.00, real=0.00 secs] 
2911.567: [GC (Allocation Failure) [PSYoungGen: 68080K->1424K(68608K)] 352147K->285491K(752128K), 0.0026362 secs] [Times: user=0.01 sys=0.00, real=0.00 secs] 
2912.098: [GC (Allocation Failure) [PSYoungGen: 67984K->1408K(68608K)] 352051K->285475K(752128K), 0.0026066 secs] [Times: user=0.01 sys=0.00, real=0.00 secs] 
2912.736: [GC (Allocation Failure) [PSYoungGen: 67968K->1424K(68608K)] 352035K->285491K(752128K), 0.0028374 secs] [Times: user=0.01 sys=0.00, real=0.00 secs] 
2913.325: [GC (Allocation Failure) [PSYoungGen: 67984K->1453K(68608K)] 352051K->285520K(752128K), 0.0015862 secs] [Times: user=0.00 sys=0.00, real=0.00 secs] 
2913.729: [GC (Allocation Failure) [PSYoungGen: 68013K->1597K(68608K)] 352080K->285664K(752128K), 0.0016110 secs] [Times: user=0.00 sys=0.00, real=0.00 secs] 
2914.125: [GC (Allocation Failure) [PSYoungGen: 68134K->1568K(68608K)] 352202K->285635K(752128K), 0.0016435 secs] [Times: user=0.01 sys=0.00, real=0.00 secs] 
2914.519: [GC (Allocation Failure) [PSYoungGen: 68128K->1565K(68608K)] 352195K->285640K(752128K), 0.0017293 secs] [Times: user=0.01 sys=0.00, real=0.00 secs] 
2915.233: [GC (Allocation Failure) [PSYoungGen: 68125K->1440K(68608K)] 352200K->285515K(752128K), 0.0018330 secs] [Times: user=0.00 sys=0.00, real=0.00 secs] 
2916.019: [GC (Allocation Failure) [PSYoungGen: 68000K->1408K(68608K)] 352075K->285483K(752128K), 0.0021255 secs] [Times: user=0.00 sys=0.00, real=0.01 secs] 
2916.650: [GC (Allocation Failure) [PSYoungGen: 67968K->1376K(68608K)] 352043K->285451K(752128K), 0.0024767 secs] [Times: user=0.01 sys=0.00, real=0.01 secs] 
2917.252: [GC (Allocation Failure) [PSYoungGen: 67936K->1376K(68608K)] 352011K->285451K(752128K), 0.0021857 secs] [Times: user=0.01 sys=0.00, real=0.00 secs] 
2917.824: [GC (Allocation Failure) [PSYoungGen: 67936K->1533K(68608K)] 352011K->285608K(752128K), 0.0015375 secs] [Times: user=0.01 sys=0.00, real=0.00 secs] 
2918.214: [GC (Allocation Failure) [PSYoungGen: 68093K->1597K(68608K)] 352168K->285672K(752128K), 0.0017182 secs] [Times: user=0.01 sys=0.00, real=0.00 secs] 
2918.605: [GC (Allocation Failure) [PSYoungGen: 68157K->1613K(68608K)] 352232K->285688K(752128K), 0.0017281 secs] [Times: user=0.00 sys=0.00, real=0.00 secs] 
2918.997: [GC (Allocation Failure) [PSYoungGen: 68173K->1565K(68608K)] 352248K->285672K(752128K), 0.0016834 secs] [Times: user=0.00 sys=0.00, real=0.00 secs] 
2919.300: [GC (Allocation Failure) [PSYoungGen: 68125K->1408K(68608K)] 352232K->285515K(752128K), 0.0017497 secs] [Times: user=0.00 sys=0.00, real=0.01 secs] 
2919.577: [GC (Allocation Failure) [PSYoungGen: 67968K->1376K(68608K)] 352075K->285483K(752128K), 0.0016938 secs] [Times: user=0.00 sys=0.00, real=0.00 secs] 
2919.853: [GC (Allocation Failure) [PSYoungGen: 67936K->1344K(68608K)] 352043K->285451K(752128K), 0.0018267 secs] [Times: user=0.00 sys=0.00, real=0.00 secs] 
2920.130: [GC (Allocation Failure) [PSYoungGen: 67904K->1376K(68608K)] 352011K->285483K(752128K), 0.0023362 secs] [Times: user=0.00 sys=0.00, real=0.01 secs] 
2920.538: [GC (Allocation Failure) [PSYoungGen: 67936K->1517K(68608K)] 352043K->285624K(752128K), 0.0016785 secs] [Times: user=0.01 sys=0.00, real=0.00 secs] 
2920.929: [GC (Allocation Failure) [PSYoungGen: 68077K->1536K(68608K)] 352184K->285643K(752128K), 0.0016376 secs] [Times: user=0.01 sys=0.00, real=0.00 secs] 
2921.320: [GC (Allocation Failure) [PSYoungGen: 68096K->1597K(68608K)] 352203K->285704K(752128K), 0.0016738 secs] [Times: user=0.01 sys=0.00, real=0.01 secs] 
2921.706: [GC (Allocation Failure) [PSYoungGen: 68157K->192K(68608K)] 352264K->284307K(752128K), 0.0014510 secs] [Times: user=0.01 sys=0.00, real=0.00 secs] 
2922.258: [GC (Allocation Failure) [PSYoungGen: 66752K->1376K(68608K)] 350867K->285491K(752128K), 0.0015106 secs] [Times: user=0.00 sys=0.00, real=0.00 secs] 
2922.848: [GC (Allocation Failure) [PSYoungGen: 67936K->1376K(68608K)] 352051K->285491K(752128K), 0.0017478 secs] [Times: user=0.00 sys=0.00, real=0.00 secs] 
2923.455: [GC (Allocation Failure) [PSYoungGen: 67936K->1376K(68608K)] 352051K->285491K(752128K), 0.0015555 secs] [Times: user=0.00 sys=0.00, real=0.00 secs] 
2924.149: [GC (Allocation Failure) [PSYoungGen: 67936K->1392K(68608K)] 352051K->285507K(752128K), 0.0016915 secs] [Times: user=0.01 sys=0.00, real=0.00 secs] 
2924.638: [GC (Allocation Failure) [PSYoungGen: 67952K->1581K(68608K)] 352067K->285696K(752128K), 0.0015955 secs] [Times: user=0.00 sys=0.00, real=0.00 secs] 
2925.087: [GC (Allocation Failure) [PSYoungGen: 68141K->1613K(68608K)] 352256K->285728K(752128K), 0.0018079 secs] [Times: user=0.01 sys=0.00, real=0.00 secs] 
2925.479: [GC (Allocation Failure) [PSYoungGen: 68147K->1565K(68608K)] 352262K->285680K(752128K), 0.0017517 secs] [Times: user=0.00 sys=0.00, real=0.00 secs] 
2925.941: [GC (Allocation Failure) [PSYoungGen: 67658K->2032K(68608K)] 351774K->286163K(752128K), 0.0018300 secs] [Times: user=0.00 sys=0.00, real=0.01 secs] 
2926.561: [GC (Allocation Failure) [PSYoungGen: 68592K->1344K(68096K)] 352723K->285475K(751616K), 0.0023701 secs] [Times: user=0.01 sys=0.00, real=0.01 secs] 
2926.847: [GC (Allocation Failure) [PSYoungGen: 67904K->1376K(68608K)] 352035K->285507K(752128K), 0.0019878 secs] [Times: user=0.00 sys=0.00, real=0.00 secs] 
2927.131: [GC (Allocation Failure) [PSYoungGen: 67936K->1408K(68608K)] 352067K->285539K(752128K), 0.0017450 secs] [Times: user=0.01 sys=0.00, real=0.01 secs] 
2927.416: [GC (Allocation Failure) [PSYoungGen: 67968K->1408K(68608K)] 352099K->285539K(752128K), 0.0018344 secs] [Times: user=0.00 sys=0.01, real=0.00 secs] 
2927.819: [GC (Allocation Failure) [PSYoungGen: 67968K->1597K(68608K)] 352099K->285752K(752128K), 0.0016434 secs] [Times: user=0.01 sys=0.00, real=0.00 secs] 
2928.211: [GC (Allocation Failure) [PSYoungGen: 68157K->1645K(68608K)] 352312K->285800K(752128K), 0.0016082 secs] [Times: user=0.01 sys=0.00, real=0.01 secs] 
2928.600: [GC (Allocation Failure) [PSYoungGen: 68205K->1645K(68608K)] 352360K->285800K(752128K), 0.0016822 secs] [Times: user=0.01 sys=0.00, real=0.01 secs] 
2929.058: [GC (Allocation Failure) [PSYoungGen: 68205K->1472K(68608K)] 352360K->285627K(752128K), 0.0018570 secs] [Times: user=0.01 sys=0.00, real=0.00 secs] 
2929.607: [GC (Allocation Failure) [PSYoungGen: 68032K->1344K(68608K)] 352187K->285499K(752128K), 0.0017490 secs] [Times: user=0.01 sys=0.00, real=0.00 secs] 
2929.979: [GC (Allocation Failure) [PSYoungGen: 67904K->1344K(68608K)] 352059K->285499K(752128K), 0.0018714 secs] [Times: user=0.00 sys=0.00, real=0.00 secs] 
2930.265: [GC (Allocation Failure) [PSYoungGen: 67904K->1376K(68608K)] 352059K->285531K(752128K), 0.0019499 secs] [Times: user=0.01 sys=0.00, real=0.00 secs] 
2930.688: [GC (Allocation Failure) [PSYoungGen: 67821K->256K(68608K)] 351976K->284411K(752128K), 0.0021485 secs] [Times: user=0.01 sys=0.00, real=0.00 secs] 
2931.203: [GC (Allocation Failure) [PSYoungGen: 66799K->1613K(68608K)] 350954K->285768K(752128K), 0.0016513 secs] [Times: user=0.00 sys=0.00, real=0.00 secs] 
2931.592: [GC (Allocation Failure) [PSYoungGen: 68173K->1629K(68608K)] 352328K->285784K(752128K), 0.0016865 secs] [Times: user=0.00 sys=0.00, real=0.00 secs] 
2932.038: [GC (Allocation Failure) [PSYoungGen: 68189K->1581K(69120K)] 352344K->285752K(752640K), 0.0017366 secs] [Times: user=0.01 sys=0.00, real=0.00 secs] 
2932.482: [GC (Allocation Failure) [PSYoungGen: 68141K->1520K(69120K)] 352312K->285691K(752640K), 0.0024438 secs] [Times: user=0.00 sys=0.00, real=0.00 secs] 
2932.791: [GC (Allocation Failure) [PSYoungGen: 68080K->1376K(68096K)] 352251K->285547K(751616K), 0.0019853 secs] [Times: user=0.01 sys=0.00, real=0.01 secs] 
2933.089: [GC (Allocation Failure) [PSYoungGen: 67936K->1376K(68608K)] 352107K->285547K(752128K), 0.0019487 secs] [Times: user=0.01 sys=0.00, real=0.00 secs] 
2933.378: [GC (Allocation Failure) [PSYoungGen: 67936K->1376K(68608K)] 352107K->285547K(752128K), 0.0018748 secs] [Times: user=0.01 sys=0.00, real=0.00 secs] 
2933.796: [GC (Allocation Failure) [PSYoungGen: 67917K->1501K(68608K)] 352089K->285672K(752128K), 0.0016319 secs] [Times: user=0.01 sys=0.00, real=0.00 secs] 
2934.194: [GC (Allocation Failure) [PSYoungGen: 68061K->1584K(68608K)] 352232K->285755K(752128K), 0.0041160 secs] [Times: user=0.02 sys=0.00, real=0.00 secs] 
2934.670: [GC (Allocation Failure) [PSYoungGen: 68144K->1565K(68608K)] 352315K->285736K(752128K), 0.0015910 secs] [Times: user=0.01 sys=0.00, real=0.01 secs] 
2935.123: [GC (Allocation Failure) [PSYoungGen: 68125K->1533K(68608K)] 352296K->285728K(752128K), 0.0016010 secs] [Times: user=0.01 sys=0.00, real=0.00 secs] 
2935.506: [GC (Allocation Failure) [PSYoungGen: 68093K->1472K(68608K)] 352288K->285667K(752128K), 0.0022698 secs] [Times: user=0.00 sys=0.00, real=0.00 secs] 
2935.835: [GC (Allocation Failure) [PSYoungGen: 68032K->1376K(68608K)] 352227K->285571K(752128K), 0.0019221 secs] [Times: user=0.01 sys=0.00, real=0.00 secs] 
2936.316: [GC (Allocation Failure) [PSYoungGen: 67936K->1408K(68608K)] 352131K->285603K(752128K), 0.0026626 secs] [Times: user=0.01 sys=0.00, real=0.00 secs] 
2936.867: [GC (Allocation Failure) [PSYoungGen: 67968K->1408K(68608K)] 352163K->285603K(752128K), 0.0026979 secs] [Times: user=0.01 sys=0.00, real=0.00 secs] 
2937.578: [GC (Allocation Failure) [PSYoungGen: 67968K->1456K(68608K)] 352163K->285659K(752128K), 0.0018815 secs] [Times: user=0.00 sys=0.00, real=0.00 secs] 
2937.987: [GC (Allocation Failure) [PSYoungGen: 68016K->1613K(68608K)] 352219K->285816K(752128K), 0.0016269 secs] [Times: user=0.01 sys=0.00, real=0.00 secs] 
2938.378: [GC (Allocation Failure) [PSYoungGen: 68173K->1597K(68608K)] 352376K->285800K(752128K), 0.0017037 secs] [Times: user=0.01 sys=0.00, real=0.00 secs] 
2938.769: [GC (Allocation Failure) [PSYoungGen: 68157K->1536K(68608K)] 352360K->285747K(752128K), 0.0017058 secs] [Times: user=0.00 sys=0.00, real=0.00 secs] 
2939.333: [GC (Allocation Failure) [PSYoungGen: 68096K->1456K(68608K)] 352307K->285667K(752128K), 0.0016963 secs] [Times: user=0.01 sys=0.00, real=0.00 secs] 
2939.955: [GC (Allocation Failure) [PSYoungGen: 68016K->1344K(68608K)] 352227K->285555K(752128K), 0.0017340 secs] [Times: user=0.01 sys=0.00, real=0.00 secs] 
2940.816: [GC (Allocation Failure) [PSYoungGen: 67904K->1376K(68608K)] 352115K->285587K(752128K), 0.0021331 secs] [Times: user=0.01 sys=0.00, real=0.00 secs] 
2941.473: [GC (Allocation Failure) [PSYoungGen: 67936K->1344K(68608K)] 352147K->285555K(752128K), 0.0026386 secs] [Times: user=0.01 sys=0.00, real=0.00 secs] 
2942.157: [GC (Allocation Failure) [PSYoungGen: 67904K->1485K(68608K)] 352115K->285696K(752128K), 0.0015898 secs] [Times: user=0.01 sys=0.00, real=0.00 secs] 
2942.547: [GC (Allocation Failure) [PSYoungGen: 68045K->1613K(68608K)] 352256K->285824K(752128K), 0.0018388 secs] [Times: user=0.00 sys=0.00, real=0.00 secs] 
2942.935: [GC (Allocation Failure) [PSYoungGen: 68173K->1565K(68608K)] 352384K->285776K(752128K), 0.0016987 secs] [Times: user=0.00 sys=0.00, real=0.00 secs] 
2943.328: [GC (Allocation Failure) [PSYoungGen: 68125K->1581K(68608K)] 352336K->285808K(752128K), 0.0016902 secs] [Times: user=0.01 sys=0.00, real=0.00 secs] 
2944.232: [GC (Allocation Failure) [PSYoungGen: 68141K->1472K(68608K)] 352368K->285699K(752128K), 0.0030086 secs] [Times: user=0.01 sys=0.00, real=0.00 secs] 
2944.946: [GC (Allocation Failure) [PSYoungGen: 68032K->1408K(68608K)] 352259K->285635K(752128K), 0.0031343 secs] [Times: user=0.01 sys=0.00, real=0.00 secs] 
2945.448: [GC (Allocation Failure) [PSYoungGen: 67968K->1376K(68608K)] 352195K->285603K(752128K), 0.0022160 secs] [Times: user=0.00 sys=0.00, real=0.00 secs] 
2945.719: [GC (Allocation Failure) [PSYoungGen: 67936K->1344K(68608K)] 352163K->285571K(752128K), 0.0017475 secs] [Times: user=0.01 sys=0.00, real=0.00 secs] 
2946.077: [GC (Allocation Failure) [PSYoungGen: 67904K->1533K(68608K)] 352131K->285760K(752128K), 0.0016311 secs] [Times: user=0.01 sys=0.00, real=0.00 secs] 
2946.469: [GC (Allocation Failure) [PSYoungGen: 68093K->1565K(68608K)] 352320K->285792K(752128K), 0.0015382 secs] [Times: user=0.01 sys=0.00, real=0.00 secs] 
2946.858: [GC (Allocation Failure) [PSYoungGen: 68121K->1597K(68608K)] 352349K->285824K(752128K), 0.0016562 secs] [Times: user=0.01 sys=0.00, real=0.00 secs] 
2947.245: [GC (Allocation Failure) [PSYoungGen: 68157K->1597K(68608K)] 352384K->285840K(752128K), 0.0016417 secs] [Times: user=0.01 sys=0.00, real=0.00 secs] 
2948.493: [GC (Allocation Failure) [PSYoungGen: 68157K->1408K(68608K)] 352400K->285651K(752128K), 0.0021274 secs] [Times: user=0.01 sys=0.00, real=0.00 secs] 
2949.156: [GC (Allocation Failure) [PSYoungGen: 67968K->1376K(68608K)] 352211K->285619K(752128K), 0.0024015 secs] [Times: user=0.01 sys=0.00, real=0.00 secs] 
2949.629: [GC (Allocation Failure) [PSYoungGen: 67936K->1344K(68608K)] 352179K->285595K(752128K), 0.0019872 secs] [Times: user=0.01 sys=0.00, real=0.00 secs] 
2949.909: [GC (Allocation Failure) [PSYoungGen: 67904K->1376K(68608K)] 352155K->285627K(752128K), 0.0017285 secs] [Times: user=0.01 sys=0.00, real=0.00 secs] 
2950.322: [GC (Allocation Failure) [PSYoungGen: 67936K->1549K(68608K)] 352187K->285800K(752128K), 0.0015445 secs] [Times: user=0.01 sys=0.00, real=0.00 secs] 
2950.712: [GC (Allocation Failure) [PSYoungGen: 68109K->1613K(68608K)] 352360K->285864K(752128K), 0.0016955 secs] [Times: user=0.00 sys=0.00, real=0.00 secs] 
2951.101: [GC (Allocation Failure) [PSYoungGen: 68173K->1581K(68608K)] 352424K->285832K(752128K), 0.0016392 secs] [Times: user=0.00 sys=0.00, real=0.00 secs] 
2951.493: [GC (Allocation Failure) [PSYoungGen: 68141K->1565K(68608K)] 352392K->285832K(752128K), 0.0017124 secs] [Times: user=0.01 sys=0.00, real=0.00 secs] 
2952.368: [GC (Allocation Failure) [PSYoungGen: 68125K->1472K(68608K)] 352392K->285739K(752128K), 0.0036023 secs] [Times: user=0.02 sys=0.00, real=0.01 secs] 
2952.881: [GC (Allocation Failure) [PSYoungGen: 68032K->1344K(68608K)] 352299K->285611K(752128K), 0.0021436 secs] [Times: user=0.01 sys=0.00, real=0.01 secs] 
2953.205: [GC (Allocation Failure) [PSYoungGen: 67904K->1408K(68608K)] 352171K->285675K(752128K), 0.0019899 secs] [Times: user=0.01 sys=0.00, real=0.00 secs] 
2953.501: [GC (Allocation Failure) [PSYoungGen: 67968K->1376K(68608K)] 352235K->285643K(752128K), 0.0019232 secs] [Times: user=0.01 sys=0.00, real=0.01 secs] 
2953.912: [GC (Allocation Failure) [PSYoungGen: 67936K->1581K(68608K)] 352203K->285848K(752128K), 0.0015658 secs] [Times: user=0.01 sys=0.00, real=0.00 secs] 
2954.305: [GC (Allocation Failure) [PSYoungGen: 68141K->1645K(68608K)] 352408K->285912K(752128K), 0.0017121 secs] [Times: user=0.01 sys=0.00, real=0.00 secs] 
2954.706: [GC (Allocation Failure) [PSYoungGen: 68205K->1616K(68608K)] 352472K->285883K(752128K), 0.0016727 secs] [Times: user=0.01 sys=0.00, real=0.00 secs] 
2955.140: [GC (Allocation Failure) [PSYoungGen: 68176K->2016K(68608K)] 352443K->286283K(752128K), 0.0016098 secs] [Times: user=0.01 sys=0.00, real=0.01 secs] 
2955.799: [GC (Allocation Failure) [PSYoungGen: 68576K->1376K(68608K)] 352843K->285643K(752128K), 0.0017284 secs] [Times: user=0.01 sys=0.00, real=0.00 secs] 
2956.172: [GC (Allocation Failure) [PSYoungGen: 67936K->1376K(68608K)] 352203K->285643K(752128K), 0.0018010 secs] [Times: user=0.00 sys=0.00, real=0.00 secs] 
2956.724: [GC (Allocation Failure) [PSYoungGen: 67936K->1376K(68608K)] 352203K->285643K(752128K), 0.0017534 secs] [Times: user=0.01 sys=0.00, real=0.00 secs] 
2957.313: [GC (Allocation Failure) [PSYoungGen: 67936K->1376K(68608K)] 352203K->285643K(752128K), 0.0017805 secs] [Times: user=0.01 sys=0.00, real=0.00 secs] 
2957.804: [GC (Allocation Failure) [PSYoungGen: 67936K->1613K(68608K)] 352203K->285880K(752128K), 0.0016580 secs] [Times: user=0.01 sys=0.00, real=0.00 secs] 
2958.251: [GC (Allocation Failure) [PSYoungGen: 68148K->1565K(68608K)] 352415K->285856K(752128K), 0.0017690 secs] [Times: user=0.01 sys=0.00, real=0.01 secs] 
2958.701: [GC (Allocation Failure) [PSYoungGen: 68125K->1565K(68608K)] 352416K->285856K(752128K), 0.0017403 secs] [Times: user=0.00 sys=0.00, real=0.01 secs] 
2959.127: [GC (Allocation Failure) [PSYoungGen: 68125K->1504K(68608K)] 352416K->285795K(752128K), 0.0020052 secs] [Times: user=0.01 sys=0.00, real=0.00 secs] 
2959.450: [GC (Allocation Failure) [PSYoungGen: 68064K->1376K(68608K)] 352355K->285667K(752128K), 0.0021317 secs] [Times: user=0.01 sys=0.00, real=0.01 secs] 
2959.765: [GC (Allocation Failure) [PSYoungGen: 67936K->1376K(68608K)] 352227K->285667K(752128K), 0.0018544 secs] [Times: user=0.00 sys=0.00, real=0.00 secs] 
2960.106: [GC (Allocation Failure) [PSYoungGen: 67936K->1408K(68608K)] 352227K->285699K(752128K), 0.0019233 secs] [Times: user=0.01 sys=0.00, real=0.00 secs] 
2960.449: [GC (Allocation Failure) [PSYoungGen: 67968K->1456K(68608K)] 352259K->285747K(752128K), 0.0021622 secs] [Times: user=0.00 sys=0.00, real=0.00 secs] 
2960.878: [GC (Allocation Failure) [PSYoungGen: 68016K->1536K(68608K)] 352307K->285827K(752128K), 0.0016365 secs] [Times: user=0.01 sys=0.00, real=0.00 secs] 
2961.270: [GC (Allocation Failure) [PSYoungGen: 68096K->1645K(68608K)] 352387K->285936K(752128K), 0.0016318 secs] [Times: user=0.00 sys=0.00, real=0.01 secs] 
2961.659: [GC (Allocation Failure) [PSYoungGen: 68205K->1613K(68608K)] 352496K->285920K(752128K), 0.0016028 secs] [Times: user=0.00 sys=0.00, real=0.00 secs] 
2962.086: [GC (Allocation Failure) [PSYoungGen: 68173K->1504K(68608K)] 352480K->285811K(752128K), 0.0018931 secs] [Times: user=0.01 sys=0.00, real=0.00 secs] 
2962.370: [GC (Allocation Failure) [PSYoungGen: 68064K->1376K(68608K)] 352371K->285683K(752128K), 0.0017348 secs] [Times: user=0.01 sys=0.00, real=0.01 secs] 
2962.656: [GC (Allocation Failure) [PSYoungGen: 67936K->1376K(68608K)] 352243K->285683K(752128K), 0.0017444 secs] [Times: user=0.01 sys=0.00, real=0.00 secs] 
2962.940: [GC (Allocation Failure) [PSYoungGen: 67936K->1376K(68608K)] 352243K->285683K(752128K), 0.0017763 secs] [Times: user=0.00 sys=0.00, real=0.01 secs] 
2963.473: [GC (Allocation Failure) [PSYoungGen: 67936K->1437K(68608K)] 352243K->285744K(752128K), 0.0015492 secs] [Times: user=0.00 sys=0.00, real=0.00 secs] 
2963.865: [GC (Allocation Failure) [PSYoungGen: 67997K->1565K(68608K)] 352304K->285872K(752128K), 0.0017525 secs] [Times: user=0.00 sys=0.00, real=0.00 secs] 
2964.255: [GC (Allocation Failure) [PSYoungGen: 68111K->1629K(68608K)] 352418K->285936K(752128K), 0.0015950 secs] [Times: user=0.00 sys=0.00, real=0.00 secs] 
2964.647: [GC (Allocation Failure) [PSYoungGen: 68189K->1645K(68608K)] 352496K->285968K(752128K), 0.0018193 secs] [Times: user=0.01 sys=0.00, real=0.00 secs] 
2965.285: [GC (Allocation Failure) [PSYoungGen: 68205K->1488K(68608K)] 352528K->285811K(752128K), 0.0026359 secs] [Times: user=0.01 sys=0.00, real=0.00 secs] 
2966.062: [GC (Allocation Failure) [PSYoungGen: 68048K->1376K(68608K)] 352371K->285699K(752128K), 0.0026105 secs] [Times: user=0.01 sys=0.00, real=0.00 secs] 
2966.356: [GC (Allocation Failure) [PSYoungGen: 67936K->1392K(68608K)] 352259K->285715K(752128K), 0.0020369 secs] [Times: user=0.01 sys=0.00, real=0.00 secs] 
2966.642: [GC (Allocation Failure) [PSYoungGen: 67952K->1376K(68608K)] 352275K->285699K(752128K), 0.0019319 secs] [Times: user=0.01 sys=0.00, real=0.00 secs] 
2967.033: [GC (Allocation Failure) [PSYoungGen: 67936K->1469K(68608K)] 352259K->285816K(752128K), 0.0016532 secs] [Times: user=0.01 sys=0.00, real=0.00 secs] 
2967.423: [GC (Allocation Failure) [PSYoungGen: 68029K->1552K(68608K)] 352376K->285899K(752128K), 0.0017287 secs] [Times: user=0.00 sys=0.00, real=0.00 secs] 
2967.814: [GC (Allocation Failure) [PSYoungGen: 68112K->1597K(68608K)] 352459K->285944K(752128K), 0.0016304 secs] [Times: user=0.01 sys=0.00, real=0.00 secs] 
2968.204: [GC (Allocation Failure) [PSYoungGen: 68157K->1565K(68608K)] 352504K->285928K(752128K), 0.0016654 secs] [Times: user=0.01 sys=0.00, real=0.00 secs] 
2968.582: [GC (Allocation Failure) [PSYoungGen: 68125K->1440K(68608K)] 352488K->285803K(752128K), 0.0017107 secs] [Times: user=0.01 sys=0.00, real=0.00 secs] 
2968.891: [GC (Allocation Failure) [PSYoungGen: 68000K->1376K(68608K)] 352363K->285739K(752128K), 0.0017718 secs] [Times: user=0.01 sys=0.01, real=0.01 secs] 
2969.242: [GC (Allocation Failure) [PSYoungGen: 67936K->1344K(68608K)] 352299K->285707K(752128K), 0.0017545 secs] [Times: user=0.01 sys=0.00, real=0.00 secs] 
2969.581: [GC (Allocation Failure) [PSYoungGen: 67904K->1376K(68608K)] 352267K->285739K(752128K), 0.0019914 secs] [Times: user=0.01 sys=0.00, real=0.00 secs] 
2969.954: [GC (Allocation Failure) [PSYoungGen: 67936K->1565K(68608K)] 352299K->285928K(752128K), 0.0015330 secs] [Times: user=0.01 sys=0.00, real=0.00 secs] 
2970.344: [GC (Allocation Failure) [PSYoungGen: 68125K->1565K(68608K)] 352488K->285928K(752128K), 0.0016212 secs] [Times: user=0.00 sys=0.00, real=0.00 secs] 
2970.735: [GC (Allocation Failure) [PSYoungGen: 68125K->1597K(68608K)] 352488K->285960K(752128K), 0.0015877 secs] [Times: user=0.01 sys=0.00, real=0.00 secs] 
2971.127: [GC (Allocation Failure) [PSYoungGen: 68157K->1533K(68608K)] 352520K->285912K(752128K), 0.0017023 secs] [Times: user=0.00 sys=0.00, real=0.00 secs] 
2971.513: [GC (Allocation Failure) [PSYoungGen: 68093K->1440K(68608K)] 352472K->285819K(752128K), 0.0017662 secs] [Times: user=0.01 sys=0.00, real=0.00 secs] 
2971.876: [GC (Allocation Failure) [PSYoungGen: 68000K->1376K(68608K)] 352379K->285755K(752128K), 0.0016219 secs] [Times: user=0.01 sys=0.00, real=0.00 secs] 
2972.472: [GC (Allocation Failure) [PSYoungGen: 67936K->1376K(68608K)] 352315K->285755K(752128K), 0.0022039 secs] [Times: user=0.01 sys=0.00, real=0.00 secs] 
2973.104: [GC (Allocation Failure) [PSYoungGen: 67936K->1376K(68608K)] 352315K->285755K(752128K), 0.0023901 secs] [Times: user=0.01 sys=0.00, real=0.00 secs] 
2973.757: [GC (Allocation Failure) [PSYoungGen: 67936K->1581K(68608K)] 352315K->285960K(752128K), 0.0016258 secs] [Times: user=0.00 sys=0.00, real=0.00 secs] 
2974.149: [GC (Allocation Failure) [PSYoungGen: 68141K->1629K(68608K)] 352520K->286008K(752128K), 0.0016519 secs] [Times: user=0.01 sys=0.00, real=0.00 secs] 
2974.541: [GC (Allocation Failure) [PSYoungGen: 68189K->1565K(68608K)] 352568K->285944K(752128K), 0.0017047 secs] [Times: user=0.01 sys=0.00, real=0.01 secs] 
2974.930: [GC (Allocation Failure) [PSYoungGen: 68094K->1584K(68608K)] 352474K->285979K(752128K), 0.0016556 secs] [Times: user=0.01 sys=0.00, real=0.01 secs] 
2975.293: [GC (Allocation Failure) [PSYoungGen: 68144K->1408K(68608K)] 352539K->285803K(752128K), 0.0017685 secs] [Times: user=0.01 sys=0.00, real=0.00 secs] 
2975.570: [GC (Allocation Failure) [PSYoungGen: 67968K->1376K(68608K)] 352363K->285771K(752128K), 0.0017666 secs] [Times: user=0.01 sys=0.00, real=0.01 secs] 
2975.846: [GC (Allocation Failure) [PSYoungGen: 67936K->1408K(68608K)] 352331K->285803K(752128K), 0.0016639 secs] [Times: user=0.00 sys=0.00, real=0.00 secs] 
2976.122: [GC (Allocation Failure) [PSYoungGen: 67968K->1376K(68608K)] 352363K->285771K(752128K), 0.0016744 secs] [Times: user=0.01 sys=0.00, real=0.00 secs] 
2976.538: [GC (Allocation Failure) [PSYoungGen: 67936K->1533K(68608K)] 352331K->285928K(752128K), 0.0016402 secs] [Times: user=0.01 sys=0.00, real=0.00 secs] 
2976.928: [GC (Allocation Failure) [PSYoungGen: 68093K->1613K(68608K)] 352488K->286008K(752128K), 0.0016385 secs] [Times: user=0.01 sys=0.00, real=0.00 secs] 
2977.317: [GC (Allocation Failure) [PSYoungGen: 68173K->1597K(68608K)] 352568K->286016K(752128K), 0.0016238 secs] [Times: user=0.01 sys=0.00, real=0.00 secs] 
2977.748: [GC (Allocation Failure) [PSYoungGen: 68157K->1760K(68608K)] 352576K->286179K(752128K), 0.0020238 secs] [Times: user=0.00 sys=0.00, real=0.00 secs] 
2978.062: [GC (Allocation Failure) [PSYoungGen: 68320K->1424K(68608K)] 352739K->285843K(752128K), 0.0018171 secs] [Times: user=0.01 sys=0.01, real=0.00 secs] 
2978.338: [GC (Allocation Failure) [PSYoungGen: 67984K->1376K(68608K)] 352403K->285795K(752128K), 0.0017416 secs] [Times: user=0.01 sys=0.00, real=0.00 secs] 
2978.622: [GC (Allocation Failure) [PSYoungGen: 67936K->1344K(68608K)] 352355K->285763K(752128K), 0.0018070 secs] [Times: user=0.00 sys=0.00, real=0.00 secs] 
2978.899: [GC (Allocation Failure) [PSYoungGen: 67904K->1376K(68608K)] 352323K->285795K(752128K), 0.0017483 secs] [Times: user=0.01 sys=0.00, real=0.00 secs] 
2979.337: [GC (Allocation Failure) [PSYoungGen: 67936K->1552K(68608K)] 352355K->285971K(752128K), 0.0016402 secs] [Times: user=0.00 sys=0.00, real=0.00 secs] 
2979.731: [GC (Allocation Failure) [PSYoungGen: 68112K->1645K(68608K)] 352531K->286064K(752128K), 0.0015841 secs] [Times: user=0.01 sys=0.00, real=0.01 secs] 
2980.129: [GC (Allocation Failure) [PSYoungGen: 68205K->1616K(68608K)] 352624K->286035K(752128K), 0.0016871 secs] [Times: user=0.00 sys=0.00, real=0.00 secs] 
2980.536: [GC (Allocation Failure) [PSYoungGen: 68176K->1472K(68608K)] 352595K->285891K(752128K), 0.0018915 secs] [Times: user=0.00 sys=0.00, real=0.00 secs] 
2980.865: [GC (Allocation Failure) [PSYoungGen: 68032K->1376K(68608K)] 352451K->285795K(752128K), 0.0019288 secs] [Times: user=0.01 sys=0.00, real=0.00 secs] 
2981.211: [GC (Allocation Failure) [PSYoungGen: 67936K->1376K(68608K)] 352355K->285795K(752128K), 0.0019945 secs] [Times: user=0.01 sys=0.00, real=0.01 secs] 
2981.714: [GC (Allocation Failure) [PSYoungGen: 67936K->1408K(68608K)] 352355K->285827K(752128K), 0.0019879 secs] [Times: user=0.00 sys=0.00, real=0.00 secs] 
2982.261: [GC (Allocation Failure) [PSYoungGen: 67968K->1424K(68608K)] 352387K->285843K(752128K), 0.0026005 secs] [Times: user=0.01 sys=0.00, real=0.01 secs] 
2982.730: [GC (Allocation Failure) [PSYoungGen: 67984K->1565K(68608K)] 352403K->285984K(752128K), 0.0015786 secs] [Times: user=0.01 sys=0.00, real=0.01 secs] 
2983.120: [GC (Allocation Failure) [PSYoungGen: 68125K->1533K(68608K)] 352544K->285952K(752128K), 0.0016105 secs] [Times: user=0.01 sys=0.00, real=0.01 secs] 
2983.510: [GC (Allocation Failure) [PSYoungGen: 68093K->1568K(68608K)] 352512K->286003K(752128K), 0.0016530 secs] [Times: user=0.01 sys=0.00, real=0.01 secs] 
2983.859: [GC (Allocation Failure) [PSYoungGen: 68128K->1488K(68608K)] 352563K->285923K(752128K), 0.0016549 secs] [Times: user=0.01 sys=0.00, real=0.00 secs] 
2984.215: [GC (Allocation Failure) [PSYoungGen: 68048K->1376K(68608K)] 352483K->285811K(752128K), 0.0016112 secs] [Times: user=0.01 sys=0.00, real=0.00 secs] 
2984.779: [GC (Allocation Failure) [PSYoungGen: 67936K->1344K(68608K)] 352371K->285779K(752128K), 0.0037809 secs] [Times: user=0.01 sys=0.00, real=0.01 secs] 
2985.326: [GC (Allocation Failure) [PSYoungGen: 67904K->1376K(68608K)] 352339K->285811K(752128K), 0.0025656 secs] [Times: user=0.01 sys=0.00, real=0.00 secs] 
2985.952: [GC (Allocation Failure) [PSYoungGen: 67936K->1472K(68608K)] 352371K->285907K(752128K), 0.0020896 secs] [Times: user=0.01 sys=0.00, real=0.00 secs] 
2986.389: [GC (Allocation Failure) [PSYoungGen: 68032K->1584K(68608K)] 352467K->286019K(752128K), 0.0016831 secs] [Times: user=0.01 sys=0.00, real=0.00 secs] 
2986.781: [GC (Allocation Failure) [PSYoungGen: 68144K->1613K(68608K)] 352579K->286048K(752128K), 0.0017037 secs] [Times: user=0.01 sys=0.00, real=0.01 secs] 
2987.171: [GC (Allocation Failure) [PSYoungGen: 68173K->1581K(68608K)] 352608K->286024K(752128K), 0.0016011 secs] [Times: user=0.01 sys=0.00, real=0.01 secs] 
2987.656: [GC (Allocation Failure) [PSYoungGen: 68141K->1472K(68608K)] 352584K->285939K(752128K), 0.0018247 secs] [Times: user=0.00 sys=0.00, real=0.00 secs] 
2988.218: [GC (Allocation Failure) [PSYoungGen: 68032K->1376K(68608K)] 352499K->285843K(752128K), 0.0016776 secs] [Times: user=0.00 sys=0.00, real=0.00 secs] 
2988.833: [GC (Allocation Failure) [PSYoungGen: 67936K->1376K(68608K)] 352403K->285843K(752128K), 0.0020159 secs] [Times: user=0.01 sys=0.00, real=0.00 secs] 
2989.620: [GC (Allocation Failure) [PSYoungGen: 67936K->1376K(68608K)] 352403K->285843K(752128K), 0.0023571 secs] [Times: user=0.01 sys=0.00, real=0.01 secs] 
2990.371: [GC (Allocation Failure) [PSYoungGen: 67936K->1485K(68608K)] 352403K->285952K(752128K), 0.0017306 secs] [Times: user=0.01 sys=0.00, real=0.01 secs] 
2990.824: [GC (Allocation Failure) [PSYoungGen: 68045K->1597K(68608K)] 352512K->286064K(752128K), 0.0015955 secs] [Times: user=0.00 sys=0.00, real=0.00 secs] 
2991.218: [GC (Allocation Failure) [PSYoungGen: 68157K->1565K(68608K)] 352624K->286032K(752128K), 0.0017188 secs] [Times: user=0.01 sys=0.00, real=0.00 secs] 
2991.675: [GC (Allocation Failure) [PSYoungGen: 68125K->1597K(68608K)] 352592K->286080K(752128K), 0.0018091 secs] [Times: user=0.01 sys=0.00, real=0.00 secs] 
2992.197: [GC (Allocation Failure) [PSYoungGen: 68157K->1488K(68608K)] 352640K->285971K(752128K), 0.0035960 secs] [Times: user=0.01 sys=0.00, real=0.00 secs] 
2992.779: [GC (Allocation Failure) [PSYoungGen: 68048K->1376K(68608K)] 352531K->285859K(752128K), 0.0036749 secs] [Times: user=0.02 sys=0.00, real=0.01 secs] 
2993.472: [GC (Allocation Failure) [PSYoungGen: 67936K->1376K(68608K)] 352419K->285859K(752128K), 0.0024721 secs] [Times: user=0.01 sys=0.00, real=0.00 secs] 
2994.295: [GC (Allocation Failure) [PSYoungGen: 67936K->1408K(68608K)] 352419K->285891K(752128K), 0.0031641 secs] [Times: user=0.02 sys=0.00, real=0.00 secs] 
2995.091: [GC (Allocation Failure) [PSYoungGen: 67968K->1533K(68608K)] 352451K->286016K(752128K), 0.0017419 secs] [Times: user=0.00 sys=0.00, real=0.01 secs] 
2995.482: [GC (Allocation Failure) [PSYoungGen: 68093K->1581K(68608K)] 352576K->286064K(752128K), 0.0017276 secs] [Times: user=0.00 sys=0.01, real=0.00 secs] 
2995.883: [GC (Allocation Failure) [PSYoungGen: 68141K->1581K(68608K)] 352624K->286064K(752128K), 0.0019108 secs] [Times: user=0.00 sys=0.00, real=0.00 secs] 
2996.328: [GC (Allocation Failure) [PSYoungGen: 68141K->1581K(68608K)] 352624K->286080K(752128K), 0.0016499 secs] [Times: user=0.01 sys=0.00, real=0.00 secs] 
2997.216: [GC (Allocation Failure) [PSYoungGen: 68141K->1408K(68608K)] 352640K->285907K(752128K), 0.0026967 secs] [Times: user=0.01 sys=0.00, real=0.00 secs] 
2997.950: [GC (Allocation Failure) [PSYoungGen: 67968K->1344K(68608K)] 352467K->285843K(752128K), 0.0029411 secs] [Times: user=0.01 sys=0.00, real=0.01 secs] 
2998.834: [GC (Allocation Failure) [PSYoungGen: 67904K->1408K(68608K)] 352403K->285907K(752128K), 0.0038709 secs] [Times: user=0.02 sys=0.00, real=0.00 secs] 
2999.580: [GC (Allocation Failure) [PSYoungGen: 67968K->1376K(68608K)] 352467K->285875K(752128K), 0.0031778 secs] [Times: user=0.01 sys=0.00, real=0.01 secs] 
3000.158: [GC (Allocation Failure) [PSYoungGen: 67936K->1565K(68608K)] 352435K->286064K(752128K), 0.0015874 secs] [Times: user=0.01 sys=0.00, real=0.00 secs] 
3000.548: [GC (Allocation Failure) [PSYoungGen: 68125K->1613K(68608K)] 352624K->286128K(752128K), 0.0016908 secs] [Times: user=0.00 sys=0.00, real=0.00 secs] 
3000.938: [GC (Allocation Failure) [PSYoungGen: 68173K->1581K(68608K)] 352688K->286096K(752128K), 0.0016642 secs] [Times: user=0.01 sys=0.00, real=0.00 secs] 
3001.329: [GC (Allocation Failure) [PSYoungGen: 68141K->1581K(68608K)] 352656K->286112K(752128K), 0.0016995 secs] [Times: user=0.01 sys=0.00, real=0.00 secs] 
3001.763: [GC (Allocation Failure) [PSYoungGen: 68141K->1440K(68608K)] 352672K->285971K(752128K), 0.0017206 secs] [Times: user=0.01 sys=0.00, real=0.00 secs] 
3002.262: [GC (Allocation Failure) [PSYoungGen: 68000K->1360K(68608K)] 352531K->285891K(752128K), 0.0017815 secs] [Times: user=0.01 sys=0.00, real=0.00 secs] 
3002.778: [GC (Allocation Failure) [PSYoungGen: 67920K->1376K(68608K)] 352451K->285907K(752128K), 0.0031619 secs] [Times: user=0.02 sys=0.00, real=0.01 secs] 
3003.342: [GC (Allocation Failure) [PSYoungGen: 67936K->1408K(68608K)] 352467K->285939K(752128K), 0.0024073 secs] [Times: user=0.01 sys=0.00, real=0.00 secs] 
3003.869: [GC (Allocation Failure) [PSYoungGen: 67968K->1565K(68608K)] 352499K->286096K(752128K), 0.0015913 secs] [Times: user=0.01 sys=0.00, real=0.00 secs] 
3004.325: [GC (Allocation Failure) [PSYoungGen: 68125K->1613K(68608K)] 352656K->286144K(752128K), 0.0018003 secs] [Times: user=0.01 sys=0.00, real=0.00 secs] 
3004.771: [GC (Allocation Failure) [PSYoungGen: 68173K->1581K(68608K)] 352704K->286112K(752128K), 0.0016525 secs] [Times: user=0.00 sys=0.00, real=0.01 secs] 
3005.218: [GC (Allocation Failure) [PSYoungGen: 68141K->288K(68608K)] 352672K->284827K(752128K), 0.0014817 secs] [Times: user=0.01 sys=0.00, real=0.00 secs] 
3005.517: [GC (Allocation Failure) [PSYoungGen: 66848K->1408K(68608K)] 351387K->285947K(752128K), 0.0020766 secs] [Times: user=0.00 sys=0.00, real=0.00 secs] 
3005.794: [GC (Allocation Failure) [PSYoungGen: 67968K->1376K(68608K)] 352507K->285915K(752128K), 0.0022950 secs] [Times: user=0.00 sys=0.00, real=0.00 secs] 
3006.071: [GC (Allocation Failure) [PSYoungGen: 67936K->1408K(68608K)] 352475K->285947K(752128K), 0.0019304 secs] [Times: user=0.01 sys=0.00, real=0.01 secs] 
3006.375: [GC (Allocation Failure) [PSYoungGen: 67968K->1376K(68608K)] 352507K->285915K(752128K), 0.0019017 secs] [Times: user=0.01 sys=0.00, real=0.00 secs] 
3006.829: [GC (Allocation Failure) [PSYoungGen: 67936K->1501K(68608K)] 352475K->286040K(752128K), 0.0015768 secs] [Times: user=0.00 sys=0.00, real=0.00 secs] 
3007.220: [GC (Allocation Failure) [PSYoungGen: 68061K->1581K(68608K)] 352600K->286144K(752128K), 0.0016927 secs] [Times: user=0.01 sys=0.01, real=0.01 secs] 
3007.672: [GC (Allocation Failure) [PSYoungGen: 68141K->1533K(68608K)] 352704K->286096K(752128K), 0.0017562 secs] [Times: user=0.01 sys=0.00, real=0.00 secs] 
3008.087: [GC (Allocation Failure) [PSYoungGen: 68093K->2016K(68608K)] 352656K->286587K(752128K), 0.0019174 secs] [Times: user=0.01 sys=0.00, real=0.00 secs] 
3008.364: [GC (Allocation Failure) [PSYoungGen: 68576K->1408K(68608K)] 353147K->285979K(752128K), 0.0018892 secs] [Times: user=0.01 sys=0.00, real=0.00 secs] 
3008.821: [GC (Allocation Failure) [PSYoungGen: 67968K->1456K(68608K)] 352539K->286027K(752128K), 0.0017274 secs] [Times: user=0.00 sys=0.00, real=0.01 secs] 
3009.630: [GC (Allocation Failure) [PSYoungGen: 68016K->1408K(68608K)] 352587K->285979K(752128K), 0.0020763 secs] [Times: user=0.01 sys=0.00, real=0.01 secs] 
3010.647: [GC (Allocation Failure) [PSYoungGen: 67968K->1360K(68608K)] 352539K->285931K(752128K), 0.0034167 secs] [Times: user=0.01 sys=0.00, real=0.00 secs] 
3011.315: [GC (Allocation Failure) [PSYoungGen: 67920K->1581K(68608K)] 352491K->286152K(752128K), 0.0016636 secs] [Times: user=0.00 sys=0.00, real=0.00 secs] 
3011.706: [GC (Allocation Failure) [PSYoungGen: 68141K->1536K(68608K)] 352712K->286107K(752128K), 0.0017049 secs] [Times: user=0.01 sys=0.00, real=0.00 secs] 
3012.097: [GC (Allocation Failure) [PSYoungGen: 68096K->1584K(68608K)] 352667K->286155K(752128K), 0.0017289 secs] [Times: user=0.01 sys=0.00, real=0.00 secs] 
3012.500: [GC (Allocation Failure) [PSYoungGen: 68144K->1488K(68608K)] 352715K->286059K(752128K), 0.0019288 secs] [Times: user=0.00 sys=0.00, real=0.01 secs] 
3012.777: [GC (Allocation Failure) [PSYoungGen: 68048K->1344K(68608K)] 352619K->285915K(752128K), 0.0017245 secs] [Times: user=0.01 sys=0.00, real=0.00 secs] 
3013.053: [GC (Allocation Failure) [PSYoungGen: 67904K->1376K(68608K)] 352475K->285947K(752128K), 0.0017297 secs] [Times: user=0.01 sys=0.00, real=0.00 secs] 
3013.330: [GC (Allocation Failure) [PSYoungGen: 67936K->1408K(68608K)] 352507K->285979K(752128K), 0.0017887 secs] [Times: user=0.01 sys=0.00, real=0.01 secs] 
3013.636: [GC (Allocation Failure) [PSYoungGen: 67968K->1456K(68608K)] 352539K->286027K(752128K), 0.0014525 secs] [Times: user=0.01 sys=0.00, real=0.00 secs] 
3014.083: [GC (Allocation Failure) [PSYoungGen: 68016K->1581K(68608K)] 352587K->286152K(752128K), 0.0017659 secs] [Times: user=0.00 sys=0.00, real=0.00 secs] 
3014.475: [GC (Allocation Failure) [PSYoungGen: 68141K->1533K(68608K)] 352712K->286112K(752128K), 0.0018058 secs] [Times: user=0.00 sys=0.00, real=0.00 secs] 
3014.928: [GC (Allocation Failure) [PSYoungGen: 68093K->1565K(68608K)] 352672K->286168K(752128K), 0.0016652 secs] [Times: user=0.01 sys=0.00, real=0.00 secs] 
3015.314: [GC (Allocation Failure) [PSYoungGen: 68125K->1504K(68608K)] 352728K->286107K(752128K), 0.0020703 secs] [Times: user=0.01 sys=0.00, real=0.00 secs] 
3015.592: [GC (Allocation Failure) [PSYoungGen: 68064K->1376K(68608K)] 352667K->285979K(752128K), 0.0019408 secs] [Times: user=0.01 sys=0.00, real=0.00 secs] 
3015.913: [GC (Allocation Failure) [PSYoungGen: 67936K->1376K(68608K)] 352539K->285979K(752128K), 0.0019020 secs] [Times: user=0.01 sys=0.00, real=0.00 secs] 
3016.190: [GC (Allocation Failure) [PSYoungGen: 67936K->1376K(68608K)] 352539K->285995K(752128K), 0.0018828 secs] [Times: user=0.00 sys=0.01, real=0.01 secs] 
3016.625: [GC (Allocation Failure) [PSYoungGen: 67936K->1421K(68608K)] 352555K->286056K(752128K), 0.0016157 secs] [Times: user=0.01 sys=0.00, real=0.00 secs] 
3017.019: [GC (Allocation Failure) [PSYoungGen: 67981K->1533K(68608K)] 352616K->286168K(752128K), 0.0016864 secs] [Times: user=0.00 sys=0.00, real=0.00 secs] 
3017.409: [GC (Allocation Failure) [PSYoungGen: 68093K->1565K(68608K)] 352728K->286200K(752128K), 0.0017167 secs] [Times: user=0.01 sys=0.00, real=0.00 secs] 
3017.800: [GC (Allocation Failure) [PSYoungGen: 68125K->1552K(68608K)] 352760K->286203K(752128K), 0.0016948 secs] [Times: user=0.01 sys=0.00, real=0.01 secs] 
3018.198: [GC (Allocation Failure) [PSYoungGen: 68112K->1472K(68608K)] 352763K->286123K(752128K), 0.0018985 secs] [Times: user=0.01 sys=0.00, real=0.00 secs] 
3018.475: [GC (Allocation Failure) [PSYoungGen: 68032K->1376K(68608K)] 352683K->286027K(752128K), 0.0017554 secs] [Times: user=0.01 sys=0.00, real=0.00 secs] 
3018.791: [GC (Allocation Failure) [PSYoungGen: 67936K->1344K(68608K)] 352587K->285995K(752128K), 0.0018061 secs] [Times: user=0.01 sys=0.00, real=0.01 secs] 
3019.258: [GC (Allocation Failure) [PSYoungGen: 67904K->1376K(68608K)] 352555K->286027K(752128K), 0.0026973 secs] [Times: user=0.01 sys=0.00, real=0.00 secs] 
3019.891: [GC (Allocation Failure) [PSYoungGen: 67936K->1517K(68608K)] 352587K->286168K(752128K), 0.0016174 secs] [Times: user=0.00 sys=0.00, real=0.01 secs] 
3020.284: [GC (Allocation Failure) [PSYoungGen: 68077K->1629K(68608K)] 352728K->286280K(752128K), 0.0015690 secs] [Times: user=0.01 sys=0.00, real=0.00 secs] 
3020.674: [GC (Allocation Failure) [PSYoungGen: 68189K->1584K(68608K)] 352840K->286235K(752128K), 0.0016994 secs] [Times: user=0.01 sys=0.00, real=0.00 secs] 
3021.065: [GC (Allocation Failure) [PSYoungGen: 68144K->1581K(68608K)] 352795K->286256K(752128K), 0.0016073 secs] [Times: user=0.01 sys=0.00, real=0.00 secs] 
3021.440: [GC (Allocation Failure) [PSYoungGen: 68141K->1408K(68608K)] 352816K->286083K(752128K), 0.0015499 secs] [Times: user=0.00 sys=0.00, real=0.01 secs] 
3021.771: [GC (Allocation Failure) [PSYoungGen: 67968K->1392K(68608K)] 352643K->286067K(752128K), 0.0019083 secs] [Times: user=0.00 sys=0.00, real=0.01 secs] 
3022.050: [GC (Allocation Failure) [PSYoungGen: 67952K->1408K(68608K)] 352627K->286083K(752128K), 0.0025946 secs] [Times: user=0.01 sys=0.00, real=0.01 secs] 
3022.436: [GC (Allocation Failure) [PSYoungGen: 67968K->1376K(68608K)] 352643K->286051K(752128K), 0.0032695 secs] [Times: user=0.01 sys=0.00, real=0.00 secs] 
3023.030: [GC (Allocation Failure) [PSYoungGen: 67936K->1533K(68608K)] 352611K->286208K(752128K), 0.0030265 secs] [Times: user=0.01 sys=0.00, real=0.01 secs] 
3023.421: [GC (Allocation Failure) [PSYoungGen: 68093K->1597K(68608K)] 352768K->286272K(752128K), 0.0017050 secs] [Times: user=0.01 sys=0.00, real=0.01 secs] 
3023.811: [GC (Allocation Failure) [PSYoungGen: 68157K->1629K(68608K)] 352832K->286304K(752128K), 0.0015468 secs] [Times: user=0.01 sys=0.00, real=0.01 secs] 
3024.266: [GC (Allocation Failure) [PSYoungGen: 68189K->1629K(68608K)] 352864K->286320K(752128K), 0.0019426 secs] [Times: user=0.00 sys=0.00, real=0.00 secs] 
3024.928: [GC (Allocation Failure) [PSYoungGen: 68189K->1472K(68608K)] 352880K->286163K(752128K), 0.0027634 secs] [Times: user=0.01 sys=0.00, real=0.00 secs] 
3025.437: [GC (Allocation Failure) [PSYoungGen: 68032K->1376K(68608K)] 352723K->286067K(752128K), 0.0024086 secs] [Times: user=0.01 sys=0.00, real=0.00 secs] 
3025.801: [GC (Allocation Failure) [PSYoungGen: 67936K->1376K(68608K)] 352627K->286067K(752128K), 0.0019877 secs] [Times: user=0.01 sys=0.00, real=0.01 secs] 
3026.130: [GC (Allocation Failure) [PSYoungGen: 67936K->1424K(68608K)] 352627K->286115K(752128K), 0.0017769 secs] [Times: user=0.01 sys=0.00, real=0.01 secs] 
3026.738: [GC (Allocation Failure) [PSYoungGen: 67984K->1549K(68608K)] 352675K->286240K(752128K), 0.0015811 secs] [Times: user=0.01 sys=0.00, real=0.00 secs] 
3027.186: [GC (Allocation Failure) [PSYoungGen: 68109K->1581K(68608K)] 352800K->286272K(752128K), 0.0016472 secs] [Times: user=0.00 sys=0.00, real=0.00 secs] 
3027.577: [GC (Allocation Failure) [PSYoungGen: 68141K->1581K(68608K)] 352832K->286296K(752128K), 0.0016500 secs] [Times: user=0.01 sys=0.00, real=0.00 secs] 
3028.027: [GC (Allocation Failure) [PSYoungGen: 68141K->1584K(68608K)] 352856K->286315K(752128K), 0.0017236 secs] [Times: user=0.01 sys=0.00, real=0.00 secs] 
3029.505: [GC (Allocation Failure) [PSYoungGen: 68144K->1440K(68608K)] 352875K->286171K(752128K), 0.0031669 secs] [Times: user=0.01 sys=0.00, real=0.00 secs] 
3029.800: [GC (Allocation Failure) [PSYoungGen: 68000K->1376K(68608K)] 352731K->286107K(752128K), 0.0019240 secs] [Times: user=0.00 sys=0.00, real=0.01 secs] 
3030.077: [GC (Allocation Failure) [PSYoungGen: 67936K->1344K(68608K)] 352667K->286075K(752128K), 0.0019148 secs] [Times: user=0.01 sys=0.00, real=0.00 secs] 
3030.353: [GC (Allocation Failure) [PSYoungGen: 67904K->1376K(68608K)] 352635K->286107K(752128K), 0.0018648 secs] [Times: user=0.01 sys=0.00, real=0.00 secs] 
3030.732: [GC (Allocation Failure) [PSYoungGen: 67936K->1565K(68608K)] 352667K->286296K(752128K), 0.0016583 secs] [Times: user=0.01 sys=0.00, real=0.00 secs] 
3031.122: [GC (Allocation Failure) [PSYoungGen: 68125K->1533K(68608K)] 352856K->286264K(752128K), 0.0016519 secs] [Times: user=0.00 sys=0.00, real=0.00 secs] 
3031.513: [GC (Allocation Failure) [PSYoungGen: 68093K->1565K(68608K)] 352824K->286296K(752128K), 0.0015725 secs] [Times: user=0.01 sys=0.00, real=0.00 secs] 
3031.988: [GC (Allocation Failure) [PSYoungGen: 68125K->2032K(68608K)] 352856K->286763K(752128K), 0.0018994 secs] [Times: user=0.00 sys=0.00, real=0.00 secs] 
3032.702: [GC (Allocation Failure) [PSYoungGen: 68592K->1408K(68608K)] 353323K->286139K(752128K), 0.0019568 secs] [Times: user=0.00 sys=0.00, real=0.00 secs] 
3033.322: [GC (Allocation Failure) [PSYoungGen: 67968K->1376K(68608K)] 352699K->286107K(752128K), 0.0018635 secs] [Times: user=0.01 sys=0.00, real=0.00 secs] 
3033.987: [GC (Allocation Failure) [PSYoungGen: 67936K->1376K(68608K)] 352667K->286107K(752128K), 0.0019305 secs] [Times: user=0.00 sys=0.00, real=0.00 secs] 
3034.563: [GC (Allocation Failure) [PSYoungGen: 67936K->1376K(68608K)] 352667K->286107K(752128K), 0.0019947 secs] [Times: user=0.01 sys=0.00, real=0.00 secs] 
3034.967: [GC (Allocation Failure) [PSYoungGen: 67936K->1613K(68608K)] 352667K->286344K(752128K), 0.0015868 secs] [Times: user=0.00 sys=0.00, real=0.00 secs] 
3035.362: [GC (Allocation Failure) [PSYoungGen: 68147K->1565K(68608K)] 352879K->286296K(752128K), 0.0016880 secs] [Times: user=0.01 sys=0.00, real=0.00 secs] 
3035.754: [GC (Allocation Failure) [PSYoungGen: 68125K->1565K(68608K)] 352856K->286296K(752128K), 0.0016982 secs] [Times: user=0.01 sys=0.00, real=0.00 secs] 
3036.239: [GC (Allocation Failure) [PSYoungGen: 68125K->1488K(68608K)] 352856K->286219K(752128K), 0.0017731 secs] [Times: user=0.00 sys=0.00, real=0.00 secs] 
3036.828: [GC (Allocation Failure) [PSYoungGen: 68048K->1344K(68608K)] 352779K->286075K(752128K), 0.0017443 secs] [Times: user=0.01 sys=0.00, real=0.00 secs] 
3037.405: [GC (Allocation Failure) [PSYoungGen: 67904K->1360K(68608K)] 352635K->286091K(752128K), 0.0021908 secs] [Times: user=0.01 sys=0.00, real=0.00 secs] 
3038.051: [GC (Allocation Failure) [PSYoungGen: 67920K->1360K(68608K)] 352651K->286091K(752128K), 0.0029988 secs] [Times: user=0.01 sys=0.00, real=0.01 secs] 
3038.596: [GC (Allocation Failure) [PSYoungGen: 67899K->1437K(68608K)] 352630K->286168K(752128K), 0.0022809 secs] [Times: user=0.01 sys=0.00, real=0.00 secs] 
3039.040: [GC (Allocation Failure) [PSYoungGen: 67997K->1597K(68608K)] 352728K->286360K(752128K), 0.0016382 secs] [Times: user=0.01 sys=0.00, real=0.01 secs] 
3039.431: [GC (Allocation Failure) [PSYoungGen: 68157K->1581K(68608K)] 352920K->286344K(752128K), 0.0015805 secs] [Times: user=0.01 sys=0.00, real=0.01 secs] 
3039.821: [GC (Allocation Failure) [PSYoungGen: 68141K->1533K(68608K)] 352904K->286304K(752128K), 0.0016923 secs] [Times: user=0.01 sys=0.00, real=0.00 secs] 
3040.351: [GC (Allocation Failure) [PSYoungGen: 68093K->1504K(68608K)] 352864K->286275K(752128K), 0.0020676 secs] [Times: user=0.00 sys=0.00, real=0.00 secs] 
3040.873: [GC (Allocation Failure) [PSYoungGen: 68064K->1376K(68608K)] 352835K->286147K(752128K), 0.0019721 secs] [Times: user=0.01 sys=0.00, real=0.00 secs] 
3041.472: [GC (Allocation Failure) [PSYoungGen: 67936K->1344K(68608K)] 352707K->286115K(752128K), 0.0024917 secs] [Times: user=0.01 sys=0.00, real=0.00 secs] 
3042.076: [GC (Allocation Failure) [PSYoungGen: 67904K->1344K(68608K)] 352675K->286115K(752128K), 0.0032744 secs] [Times: user=0.01 sys=0.00, real=0.00 secs] 
3042.703: [GC (Allocation Failure) [PSYoungGen: 67904K->1440K(68608K)] 352675K->286211K(752128K), 0.0020719 secs] [Times: user=0.01 sys=0.00, real=0.00 secs] 
3043.109: [GC (Allocation Failure) [PSYoungGen: 68000K->1581K(68608K)] 352771K->286352K(752128K), 0.0017033 secs] [Times: user=0.01 sys=0.00, real=0.00 secs] 
3043.497: [GC (Allocation Failure) [PSYoungGen: 68123K->1565K(68608K)] 352894K->286336K(752128K), 0.0016213 secs] [Times: user=0.01 sys=0.00, real=0.00 secs] 
3043.887: [GC (Allocation Failure) [PSYoungGen: 68125K->1629K(68608K)] 352896K->286416K(752128K), 0.0016307 secs] [Times: user=0.00 sys=0.00, real=0.00 secs] 
3044.241: [GC (Allocation Failure) [PSYoungGen: 68189K->1488K(68608K)] 352976K->286275K(752128K), 0.0016037 secs] [Times: user=0.01 sys=0.00, real=0.01 secs] 
3044.786: [GC (Allocation Failure) [PSYoungGen: 68048K->1344K(68608K)] 352835K->286131K(752128K), 0.0018170 secs] [Times: user=0.01 sys=0.00, real=0.00 secs] 
3045.515: [GC (Allocation Failure) [PSYoungGen: 67904K->1376K(68608K)] 352691K->286163K(752128K), 0.0023663 secs] [Times: user=0.01 sys=0.00, real=0.00 secs] 
3046.364: [GC (Allocation Failure) [PSYoungGen: 67936K->1376K(68608K)] 352723K->286163K(752128K), 0.0029671 secs] [Times: user=0.01 sys=0.00, real=0.00 secs] 
3047.231: [GC (Allocation Failure) [PSYoungGen: 67928K->1469K(68608K)] 352715K->286256K(752128K), 0.0017894 secs] [Times: user=0.01 sys=0.00, real=0.00 secs] 
3047.623: [GC (Allocation Failure) [PSYoungGen: 68029K->1613K(68608K)] 352816K->286400K(752128K), 0.0017377 secs] [Times: user=0.01 sys=0.00, real=0.00 secs] 
3048.068: [GC (Allocation Failure) [PSYoungGen: 68173K->1581K(68608K)] 352960K->286368K(752128K), 0.0016455 secs] [Times: user=0.00 sys=0.00, real=0.00 secs] 
3048.462: [GC (Allocation Failure) [PSYoungGen: 68141K->1581K(68608K)] 352928K->286384K(752128K), 0.0016359 secs] [Times: user=0.01 sys=0.00, real=0.00 secs] 
3049.118: [GC (Allocation Failure) [PSYoungGen: 68141K->1424K(68608K)] 352944K->286243K(752128K), 0.0025344 secs] [Times: user=0.01 sys=0.00, real=0.00 secs] 
3049.782: [GC (Allocation Failure) [PSYoungGen: 67984K->1344K(68608K)] 352803K->286163K(752128K), 0.0026555 secs] [Times: user=0.01 sys=0.01, real=0.00 secs] 
3050.239: [GC (Allocation Failure) [PSYoungGen: 67904K->1376K(68608K)] 352723K->286195K(752128K), 0.0019752 secs] [Times: user=0.01 sys=0.00, real=0.00 secs] 
3050.516: [GC (Allocation Failure) [PSYoungGen: 67936K->1376K(68608K)] 352755K->286195K(752128K), 0.0019004 secs] [Times: user=0.00 sys=0.00, real=0.00 secs] 
3050.876: [GC (Allocation Failure) [PSYoungGen: 67936K->1517K(68608K)] 352755K->286344K(752128K), 0.0015560 secs] [Times: user=0.00 sys=0.00, real=0.00 secs] 
3051.268: [GC (Allocation Failure) [PSYoungGen: 68077K->1645K(68608K)] 352904K->286472K(752128K), 0.0016730 secs] [Times: user=0.00 sys=0.00, real=0.00 secs] 
3051.721: [GC (Allocation Failure) [PSYoungGen: 68205K->1613K(68608K)] 353032K->286440K(752128K), 0.0016913 secs] [Times: user=0.00 sys=0.00, real=0.01 secs] 
3052.112: [GC (Allocation Failure) [PSYoungGen: 68173K->1597K(68608K)] 353000K->286440K(752128K), 0.0017726 secs] [Times: user=0.00 sys=0.00, real=0.00 secs] 
3052.769: [GC (Allocation Failure) [PSYoungGen: 68157K->1472K(68608K)] 353000K->286315K(752128K), 0.0029171 secs] [Times: user=0.01 sys=0.00, real=0.01 secs] 
3053.396: [GC (Allocation Failure) [PSYoungGen: 68032K->1424K(68608K)] 352875K->286267K(752128K), 0.0022590 secs] [Times: user=0.01 sys=0.00, real=0.00 secs] 
3053.672: [GC (Allocation Failure) [PSYoungGen: 67984K->1376K(68608K)] 352827K->286219K(752128K), 0.0019373 secs] [Times: user=0.01 sys=0.00, real=0.00 secs] 
3053.999: [GC (Allocation Failure) [PSYoungGen: 67936K->1424K(68608K)] 352779K->286267K(752128K), 0.0019836 secs] [Times: user=0.01 sys=0.00, real=0.00 secs] 
3054.495: [GC (Allocation Failure) [PSYoungGen: 67984K->1565K(68608K)] 352827K->286408K(752128K), 0.0016748 secs] [Times: user=0.01 sys=0.00, real=0.00 secs] 
3054.886: [GC (Allocation Failure) [PSYoungGen: 68125K->1565K(68608K)] 352968K->286408K(752128K), 0.0017839 secs] [Times: user=0.01 sys=0.00, real=0.00 secs] 
3055.279: [GC (Allocation Failure) [PSYoungGen: 68125K->1597K(68608K)] 352968K->286440K(752128K), 0.0016233 secs] [Times: user=0.01 sys=0.00, real=0.00 secs] 
3055.669: [GC (Allocation Failure) [PSYoungGen: 68157K->1613K(68608K)] 353000K->286472K(752128K), 0.0017191 secs] [Times: user=0.01 sys=0.00, real=0.00 secs] 
3056.796: [GC (Allocation Failure) [PSYoungGen: 68173K->1472K(68608K)] 353032K->286331K(752128K), 0.0033080 secs] [Times: user=0.01 sys=0.00, real=0.00 secs] 
3057.801: [GC (Allocation Failure) [PSYoungGen: 68032K->1408K(68608K)] 352891K->286267K(752128K), 0.0035673 secs] [Times: user=0.02 sys=0.00, real=0.00 secs] 
3058.729: [GC (Allocation Failure) [PSYoungGen: 67968K->1376K(68608K)] 352827K->286235K(752128K), 0.0036867 secs] [Times: user=0.02 sys=0.00, real=0.01 secs] 
3059.368: [GC (Allocation Failure) [PSYoungGen: 67936K->1376K(68608K)] 352795K->286259K(752128K), 0.0029157 secs] [Times: user=0.02 sys=0.00, real=0.01 secs] 
3060.034: [GC (Allocation Failure) [PSYoungGen: 67936K->1549K(68608K)] 352819K->286432K(752128K), 0.0017346 secs] [Times: user=0.01 sys=0.00, real=0.00 secs] 
3060.484: [GC (Allocation Failure) [PSYoungGen: 68109K->1581K(68608K)] 352992K->286464K(752128K), 0.0017574 secs] [Times: user=0.01 sys=0.00, real=0.00 secs] 
3060.873: [GC (Allocation Failure) [PSYoungGen: 68141K->1645K(68608K)] 353024K->286528K(752128K), 0.0017395 secs] [Times: user=0.00 sys=0.00, real=0.00 secs] 
3061.318: [GC (Allocation Failure) [PSYoungGen: 68205K->1488K(68608K)] 353088K->286371K(752128K), 0.0017594 secs] [Times: user=0.00 sys=0.00, real=0.00 secs] 
3062.088: [GC (Allocation Failure) [PSYoungGen: 68048K->1408K(68608K)] 352931K->286291K(752128K), 0.0032537 secs] [Times: user=0.02 sys=0.00, real=0.01 secs] 
3062.751: [GC (Allocation Failure) [PSYoungGen: 67968K->1408K(68608K)] 352851K->286291K(752128K), 0.0026169 secs] [Times: user=0.01 sys=0.00, real=0.01 secs] 
3063.986: [GC (Allocation Failure) [PSYoungGen: 67968K->1344K(68608K)] 352851K->286227K(752128K), 0.0025964 secs] [Times: user=0.02 sys=0.00, real=0.00 secs] 
3064.993: [GC (Allocation Failure) [PSYoungGen: 67904K->1376K(68608K)] 352787K->286259K(752128K), 0.0021875 secs] [Times: user=0.01 sys=0.00, real=0.00 secs] 
3065.590: [GC (Allocation Failure) [PSYoungGen: 67936K->1581K(68608K)] 352819K->286464K(752128K), 0.0017500 secs] [Times: user=0.01 sys=0.00, real=0.01 secs] 
3066.043: [GC (Allocation Failure) [PSYoungGen: 68141K->1565K(68608K)] 353024K->286448K(752128K), 0.0017734 secs] [Times: user=0.00 sys=0.00, real=0.00 secs] 
3066.435: [GC (Allocation Failure) [PSYoungGen: 68125K->1565K(68608K)] 353008K->286448K(752128K), 0.0017804 secs] [Times: user=0.00 sys=0.00, real=0.00 secs] 
3067.475: [GC (Allocation Failure) [PSYoungGen: 68125K->1504K(68608K)] 353008K->286387K(752128K), 0.0050893 secs] [Times: user=0.02 sys=0.00, real=0.00 secs] 
3068.693: [GC (Allocation Failure) [PSYoungGen: 68064K->1408K(68608K)] 352947K->286291K(752128K), 0.0038382 secs] [Times: user=0.02 sys=0.00, real=0.00 secs] 
3069.322: [GC (Allocation Failure) [PSYoungGen: 67968K->1424K(68608K)] 352851K->286307K(752128K), 0.0028379 secs] [Times: user=0.01 sys=0.00, real=0.00 secs] 
3069.925: [GC (Allocation Failure) [PSYoungGen: 67984K->1408K(68608K)] 352867K->286291K(752128K), 0.0027774 secs] [Times: user=0.01 sys=0.00, real=0.00 secs] 
3070.513: [GC (Allocation Failure) [PSYoungGen: 67968K->1408K(68608K)] 352851K->286291K(752128K), 0.0023991 secs] [Times: user=0.01 sys=0.00, real=0.00 secs] 
3071.014: [GC (Allocation Failure) [PSYoungGen: 67968K->1565K(68608K)] 352851K->286448K(752128K), 0.0017557 secs] [Times: user=0.01 sys=0.00, real=0.00 secs] 
3071.405: [GC (Allocation Failure) [PSYoungGen: 68125K->1584K(68608K)] 353008K->286483K(752128K), 0.0016688 secs] [Times: user=0.00 sys=0.00, real=0.00 secs] 
3071.795: [GC (Allocation Failure) [PSYoungGen: 68144K->1613K(68608K)] 353043K->286528K(752128K), 0.0017044 secs] [Times: user=0.01 sys=0.00, real=0.00 secs] 
3072.348: [GC (Allocation Failure) [PSYoungGen: 68173K->1472K(68608K)] 353088K->286387K(752128K), 0.0018392 secs] [Times: user=0.00 sys=0.00, real=0.00 secs] 
3073.202: [GC (Allocation Failure) [PSYoungGen: 68032K->1376K(68608K)] 352947K->286291K(752128K), 0.0037865 secs] [Times: user=0.02 sys=0.00, real=0.00 secs] 
3074.052: [GC (Allocation Failure) [PSYoungGen: 67936K->1392K(68608K)] 352851K->286307K(752128K), 0.0033508 secs] [Times: user=0.01 sys=0.00, real=0.00 secs] 
3074.735: [GC (Allocation Failure) [PSYoungGen: 67952K->1424K(68608K)] 352867K->286339K(752128K), 0.0031384 secs] [Times: user=0.01 sys=0.01, real=0.00 secs] 
3075.422: [GC (Allocation Failure) [PSYoungGen: 67984K->1421K(68608K)] 352899K->286336K(752128K), 0.0025964 secs] [Times: user=0.01 sys=0.00, real=0.00 secs] 
3075.946: [GC (Allocation Failure) [PSYoungGen: 67981K->1581K(68608K)] 352896K->286496K(752128K), 0.0017852 secs] [Times: user=0.01 sys=0.01, real=0.00 secs] 
3076.336: [GC (Allocation Failure) [PSYoungGen: 68141K->1597K(68608K)] 353056K->286512K(752128K), 0.0017266 secs] [Times: user=0.01 sys=0.00, real=0.00 secs] 
3076.725: [GC (Allocation Failure) [PSYoungGen: 68153K->1536K(68608K)] 353069K->286467K(752128K), 0.0016454 secs] [Times: user=0.01 sys=0.00, real=0.00 secs] 
3077.265: [GC (Allocation Failure) [PSYoungGen: 68096K->1488K(68608K)] 353027K->286419K(752128K), 0.0031132 secs] [Times: user=0.02 sys=0.00, real=0.00 secs] 
3077.551: [GC (Allocation Failure) [PSYoungGen: 68048K->1392K(68608K)] 352979K->286323K(752128K), 0.0063606 secs] [Times: user=0.03 sys=0.01, real=0.01 secs] 
3077.865: [GC (Allocation Failure) [PSYoungGen: 67952K->1376K(68608K)] 352883K->286307K(752128K), 0.0021415 secs] [Times: user=0.01 sys=0.00, real=0.00 secs] 
3078.230: [GC (Allocation Failure) [PSYoungGen: 67936K->1376K(68608K)] 352867K->286307K(752128K), 0.0017098 secs] [Times: user=0.01 sys=0.00, real=0.01 secs] 
3078.584: [GC (Allocation Failure) [PSYoungGen: 67936K->1469K(68608K)] 352867K->286416K(752128K), 0.0014880 secs] [Times: user=0.00 sys=0.00, real=0.00 secs] 
3078.972: [GC (Allocation Failure) [PSYoungGen: 68029K->1613K(68608K)] 352976K->286560K(752128K), 0.0016189 secs] [Times: user=0.00 sys=0.00, real=0.00 secs] 
3079.364: [GC (Allocation Failure) [PSYoungGen: 68173K->1565K(68608K)] 353120K->286512K(752128K), 0.0016250 secs] [Times: user=0.01 sys=0.00, real=0.00 secs] 
3079.755: [GC (Allocation Failure) [PSYoungGen: 68125K->1533K(68608K)] 353072K->286496K(752128K), 0.0016537 secs] [Times: user=0.01 sys=0.00, real=0.00 secs] 
3080.287: [GC (Allocation Failure) [PSYoungGen: 68093K->1472K(68608K)] 353056K->286435K(752128K), 0.0018950 secs] [Times: user=0.01 sys=0.00, real=0.00 secs] 
3080.666: [GC (Allocation Failure) [PSYoungGen: 68032K->1392K(68608K)] 352995K->286355K(752128K), 0.0027109 secs] [Times: user=0.02 sys=0.00, real=0.00 secs] 
3080.973: [GC (Allocation Failure) [PSYoungGen: 67952K->1376K(68608K)] 352915K->286339K(752128K), 0.0022222 secs] [Times: user=0.01 sys=0.00, real=0.00 secs] 
3081.260: [GC (Allocation Failure) [PSYoungGen: 67936K->1376K(68608K)] 352899K->286339K(752128K), 0.0019365 secs] [Times: user=0.00 sys=0.00, real=0.01 secs] 
3081.593: [GC (Allocation Failure) [PSYoungGen: 67936K->1549K(68608K)] 352899K->286512K(752128K), 0.0016049 secs] [Times: user=0.01 sys=0.00, real=0.00 secs] 
3081.983: [GC (Allocation Failure) [PSYoungGen: 68109K->1597K(68608K)] 353072K->286560K(752128K), 0.0017010 secs] [Times: user=0.00 sys=0.00, real=0.00 secs] 
3082.371: [GC (Allocation Failure) [PSYoungGen: 68157K->1597K(68608K)] 353120K->286560K(752128K), 0.0015553 secs] [Times: user=0.01 sys=0.00, real=0.00 secs] 
3082.827: [GC (Allocation Failure) [PSYoungGen: 68157K->1597K(68608K)] 353120K->286576K(752128K), 0.0017781 secs] [Times: user=0.00 sys=0.00, real=0.00 secs] 
3083.185: [GC (Allocation Failure) [PSYoungGen: 68157K->1440K(68608K)] 353136K->286419K(752128K), 0.0019826 secs] [Times: user=0.00 sys=0.00, real=0.00 secs] 
3083.480: [GC (Allocation Failure) [PSYoungGen: 68000K->1408K(68608K)] 352979K->286387K(752128K), 0.0018300 secs] [Times: user=0.01 sys=0.00, real=0.01 secs] 
3083.769: [GC (Allocation Failure) [PSYoungGen: 67968K->1440K(68608K)] 352947K->286419K(752128K), 0.0018448 secs] [Times: user=0.00 sys=0.00, real=0.00 secs] 
3084.045: [GC (Allocation Failure) [PSYoungGen: 68000K->1376K(68608K)] 352979K->286363K(752128K), 0.0017196 secs] [Times: user=0.00 sys=0.00, real=0.00 secs] 
3084.467: [GC (Allocation Failure) [PSYoungGen: 67936K->1485K(68608K)] 352923K->286472K(752128K), 0.0016735 secs] [Times: user=0.00 sys=0.00, real=0.00 secs] 
3084.858: [GC (Allocation Failure) [PSYoungGen: 68045K->1565K(68608K)] 353032K->286552K(752128K), 0.0017682 secs] [Times: user=0.01 sys=0.00, real=0.00 secs] 
3085.251: [GC (Allocation Failure) [PSYoungGen: 68125K->1533K(68608K)] 353112K->286520K(752128K), 0.0016916 secs] [Times: user=0.01 sys=0.00, real=0.00 secs] 
3085.648: [GC (Allocation Failure) [PSYoungGen: 68093K->1536K(68608K)] 353080K->286531K(752128K), 0.0015994 secs] [Times: user=0.00 sys=0.00, real=0.00 secs] 
3085.992: [GC (Allocation Failure) [PSYoungGen: 68096K->1408K(68608K)] 353091K->286403K(752128K), 0.0018141 secs] [Times: user=0.00 sys=0.00, real=0.00 secs] 
3086.504: [GC (Allocation Failure) [PSYoungGen: 67968K->1376K(68608K)] 352963K->286387K(752128K), 0.0016123 secs] [Times: user=0.01 sys=0.00, real=0.00 secs] 
3087.036: [GC (Allocation Failure) [PSYoungGen: 67936K->1376K(68608K)] 352947K->286387K(752128K), 0.0021637 secs] [Times: user=0.01 sys=0.00, real=0.00 secs] 
3087.558: [GC (Allocation Failure) [PSYoungGen: 67936K->1344K(68608K)] 352947K->286355K(752128K), 0.0021780 secs] [Times: user=0.01 sys=0.00, real=0.00 secs] 
3088.204: [GC (Allocation Failure) [PSYoungGen: 67904K->1485K(68608K)] 352915K->286496K(752128K), 0.0015644 secs] [Times: user=0.01 sys=0.00, real=0.00 secs] 
3088.594: [GC (Allocation Failure) [PSYoungGen: 68045K->1613K(68608K)] 353056K->286624K(752128K), 0.0016950 secs] [Times: user=0.00 sys=0.00, real=0.00 secs] 
3088.985: [GC (Allocation Failure) [PSYoungGen: 68173K->1581K(68608K)] 353184K->286592K(752128K), 0.0015341 secs] [Times: user=0.00 sys=0.00, real=0.00 secs] 
3089.375: [GC (Allocation Failure) [PSYoungGen: 68141K->1565K(68608K)] 353152K->286592K(752128K), 0.0017022 secs] [Times: user=0.00 sys=0.00, real=0.00 secs] 
3089.683: [GC (Allocation Failure) [PSYoungGen: 68125K->1408K(68608K)] 353152K->286435K(752128K), 0.0021931 secs] [Times: user=0.01 sys=0.00, real=0.00 secs] 
3090.097: [GC (Allocation Failure) [PSYoungGen: 67968K->1376K(68608K)] 352995K->286403K(752128K), 0.0017022 secs] [Times: user=0.00 sys=0.00, real=0.00 secs] 
3090.644: [GC (Allocation Failure) [PSYoungGen: 67936K->1328K(68608K)] 352963K->286355K(752128K), 0.0017980 secs] [Times: user=0.01 sys=0.00, real=0.00 secs] 
3091.170: [GC (Allocation Failure) [PSYoungGen: 67888K->1376K(68608K)] 352915K->286403K(752128K), 0.0022378 secs] [Times: user=0.01 sys=0.00, real=0.01 secs] 
3091.704: [GC (Allocation Failure) [PSYoungGen: 67936K->1549K(68608K)] 352963K->286576K(752128K), 0.0016319 secs] [Times: user=0.01 sys=0.00, real=0.00 secs] 
3092.095: [GC (Allocation Failure) [PSYoungGen: 68109K->1581K(68608K)] 353136K->286608K(752128K), 0.0017433 secs] [Times: user=0.01 sys=0.00, real=0.00 secs] 
3092.547: [GC (Allocation Failure) [PSYoungGen: 68141K->1613K(68608K)] 353168K->286640K(752128K), 0.0017738 secs] [Times: user=0.01 sys=0.00, real=0.00 secs] 
3092.975: [GC (Allocation Failure) [PSYoungGen: 68173K->2016K(68608K)] 353200K->287059K(752128K), 0.0019203 secs] [Times: user=0.01 sys=0.00, real=0.00 secs] 
3093.510: [GC (Allocation Failure) [PSYoungGen: 68576K->1376K(68608K)] 353619K->286419K(752128K), 0.0026315 secs] [Times: user=0.01 sys=0.00, real=0.01 secs] 
3094.043: [GC (Allocation Failure) [PSYoungGen: 67936K->1408K(68608K)] 352979K->286451K(752128K), 0.0028061 secs] [Times: user=0.01 sys=0.00, real=0.00 secs] 
3094.596: [GC (Allocation Failure) [PSYoungGen: 67968K->1408K(68608K)] 353011K->286451K(752128K), 0.0027380 secs] [Times: user=0.01 sys=0.00, real=0.00 secs] 
3095.015: [GC (Allocation Failure) [PSYoungGen: 67968K->1408K(68608K)] 353011K->286451K(752128K), 0.0022090 secs] [Times: user=0.01 sys=0.00, real=0.00 secs] 
3095.461: [GC (Allocation Failure) [PSYoungGen: 67968K->1581K(68608K)] 353011K->286624K(752128K), 0.0015967 secs] [Times: user=0.01 sys=0.00, real=0.01 secs] 
3095.850: [GC (Allocation Failure) [PSYoungGen: 68141K->1584K(68608K)] 353184K->286627K(752128K), 0.0016424 secs] [Times: user=0.00 sys=0.00, real=0.01 secs] 
3096.242: [GC (Allocation Failure) [PSYoungGen: 68144K->1597K(68608K)] 353187K->286640K(752128K), 0.0016733 secs] [Times: user=0.00 sys=0.00, real=0.00 secs] 
3096.646: [GC (Allocation Failure) [PSYoungGen: 68157K->1504K(68608K)] 353200K->286547K(752128K), 0.0018683 secs] [Times: user=0.01 sys=0.00, real=0.00 secs] 
3097.024: [GC (Allocation Failure) [PSYoungGen: 68064K->1376K(68608K)] 353107K->286419K(752128K), 0.0017143 secs] [Times: user=0.01 sys=0.00, real=0.00 secs] 
3097.346: [GC (Allocation Failure) [PSYoungGen: 67936K->1376K(68608K)] 352979K->286419K(752128K), 0.0018006 secs] [Times: user=0.01 sys=0.00, real=0.00 secs] 
3097.662: [GC (Allocation Failure) [PSYoungGen: 67936K->1344K(68608K)] 352979K->286395K(752128K), 0.0015400 secs] [Times: user=0.01 sys=0.01, real=0.00 secs] 
3098.081: [GC (Allocation Failure) [PSYoungGen: 67787K->240K(68608K)] 352838K->285291K(752128K), 0.0021368 secs] [Times: user=0.01 sys=0.00, real=0.00 secs] 
3098.588: [GC (Allocation Failure) [PSYoungGen: 66784K->1581K(68608K)] 351836K->286632K(752128K), 0.0016533 secs] [Times: user=0.01 sys=0.00, real=0.00 secs] 
3098.975: [GC (Allocation Failure) [PSYoungGen: 68115K->1584K(68608K)] 353166K->286635K(752128K), 0.0016656 secs] [Times: user=0.01 sys=0.00, real=0.00 secs] 
3099.363: [GC (Allocation Failure) [PSYoungGen: 68144K->1629K(68608K)] 353195K->286696K(752128K), 0.0016806 secs] [Times: user=0.01 sys=0.00, real=0.00 secs] 
3100.036: [GC (Allocation Failure) [PSYoungGen: 68189K->1456K(68608K)] 353256K->286523K(752128K), 0.0033868 secs] [Times: user=0.01 sys=0.00, real=0.00 secs] 
3100.876: [GC (Allocation Failure) [PSYoungGen: 68016K->1408K(68608K)] 353083K->286475K(752128K), 0.0029513 secs] [Times: user=0.01 sys=0.00, real=0.00 secs] 
3101.654: [GC (Allocation Failure) [PSYoungGen: 67968K->1408K(68608K)] 353035K->286475K(752128K), 0.0027829 secs] [Times: user=0.01 sys=0.01, real=0.00 secs] 
3102.586: [GC (Allocation Failure) [PSYoungGen: 67968K->1376K(68608K)] 353035K->286443K(752128K), 0.0049788 secs] [Times: user=0.02 sys=0.01, real=0.00 secs] 
3103.370: [GC (Allocation Failure) [PSYoungGen: 67936K->1501K(68608K)] 353003K->286568K(752128K), 0.0028980 secs] [Times: user=0.02 sys=0.00, real=0.01 secs] 
3103.841: [GC (Allocation Failure) [PSYoungGen: 68061K->1552K(68608K)] 353128K->286619K(752128K), 0.0017763 secs] [Times: user=0.00 sys=0.00, real=0.01 secs] 
3104.231: [GC (Allocation Failure) [PSYoungGen: 68112K->1565K(68608K)] 353179K->286632K(752128K), 0.0016748 secs] [Times: user=0.01 sys=0.00, real=0.01 secs] 
3104.622: [GC (Allocation Failure) [PSYoungGen: 68125K->1597K(68608K)] 353192K->286680K(752128K), 0.0016991 secs] [Times: user=0.00 sys=0.00, real=0.00 secs] 
3105.098: [GC (Allocation Failure) [PSYoungGen: 68157K->1488K(68608K)] 353240K->286571K(752128K), 0.0028954 secs] [Times: user=0.01 sys=0.00, real=0.00 secs] 
3105.696: [GC (Allocation Failure) [PSYoungGen: 68048K->1376K(68608K)] 353131K->286459K(752128K), 0.0029408 secs] [Times: user=0.01 sys=0.00, real=0.00 secs] 
3106.239: [GC (Allocation Failure) [PSYoungGen: 67936K->1344K(68608K)] 353019K->286427K(752128K), 0.0027141 secs] [Times: user=0.01 sys=0.00, real=0.01 secs] 
3106.600: [GC (Allocation Failure) [PSYoungGen: 67904K->1376K(68608K)] 352987K->286459K(752128K), 0.0018839 secs] [Times: user=0.01 sys=0.00, real=0.01 secs] 
3106.971: [GC (Allocation Failure) [PSYoungGen: 67936K->1485K(68608K)] 353019K->286568K(752128K), 0.0018052 secs] [Times: user=0.01 sys=0.00, real=0.00 secs] 
3107.414: [GC (Allocation Failure) [PSYoungGen: 68045K->1597K(68608K)] 353128K->286680K(752128K), 0.0015547 secs] [Times: user=0.01 sys=0.00, real=0.00 secs] 
3107.805: [GC (Allocation Failure) [PSYoungGen: 68157K->1565K(68608K)] 353240K->286648K(752128K), 0.0016697 secs] [Times: user=0.00 sys=0.00, real=0.00 secs] 
3108.194: [GC (Allocation Failure) [PSYoungGen: 68125K->1616K(68608K)] 353208K->286715K(752128K), 0.0017761 secs] [Times: user=0.00 sys=0.00, real=0.00 secs] 
3108.837: [GC (Allocation Failure) [PSYoungGen: 68176K->1488K(68608K)] 353275K->286603K(752128K), 0.0036061 secs] [Times: user=0.02 sys=0.00, real=0.00 secs] 
3109.416: [GC (Allocation Failure) [PSYoungGen: 68048K->1376K(68608K)] 353163K->286491K(752128K), 0.0029533 secs] [Times: user=0.01 sys=0.00, real=0.00 secs] 
3109.891: [GC (Allocation Failure) [PSYoungGen: 67936K->1344K(68608K)] 353051K->286459K(752128K), 0.0019092 secs] [Times: user=0.01 sys=0.00, real=0.01 secs] 
3110.167: [GC (Allocation Failure) [PSYoungGen: 67904K->1376K(68608K)] 353019K->286491K(752128K), 0.0018955 secs] [Times: user=0.00 sys=0.00, real=0.00 secs] 
3110.612: [GC (Allocation Failure) [PSYoungGen: 67936K->1517K(68608K)] 353051K->286632K(752128K), 0.0014655 secs] [Times: user=0.00 sys=0.00, real=0.00 secs] 
3111.004: [GC (Allocation Failure) [PSYoungGen: 68077K->1613K(68608K)] 353192K->286728K(752128K), 0.0017370 secs] [Times: user=0.00 sys=0.00, real=0.00 secs] 
3111.395: [GC (Allocation Failure) [PSYoungGen: 68173K->1565K(68608K)] 353288K->286680K(752128K), 0.0016197 secs] [Times: user=0.00 sys=0.00, real=0.00 secs] 
3111.785: [GC (Allocation Failure) [PSYoungGen: 68120K->1629K(68608K)] 353236K->286760K(752128K), 0.0015007 secs] [Times: user=0.00 sys=0.00, real=0.00 secs] 
3112.305: [GC (Allocation Failure) [PSYoungGen: 68189K->1408K(68608K)] 353320K->286539K(752128K), 0.0020385 secs] [Times: user=0.01 sys=0.00, real=0.00 secs] 
3112.830: [GC (Allocation Failure) [PSYoungGen: 67968K->1376K(68608K)] 353099K->286507K(752128K), 0.0017909 secs] [Times: user=0.01 sys=0.00, real=0.01 secs] 
3113.492: [GC (Allocation Failure) [PSYoungGen: 67936K->1376K(68608K)] 353067K->286507K(752128K), 0.0025698 secs] [Times: user=0.01 sys=0.00, real=0.00 secs] 
3114.059: [GC (Allocation Failure) [PSYoungGen: 67936K->1408K(68608K)] 353067K->286539K(752128K), 0.0031124 secs] [Times: user=0.01 sys=0.00, real=0.01 secs] 
3114.526: [GC (Allocation Failure) [PSYoungGen: 67968K->1581K(68608K)] 353099K->286712K(752128K), 0.0016120 secs] [Times: user=0.00 sys=0.00, real=0.00 secs] 
3114.917: [GC (Allocation Failure) [PSYoungGen: 68141K->1613K(68608K)] 353272K->286744K(752128K), 0.0016906 secs] [Times: user=0.01 sys=0.00, real=0.00 secs] 
3115.307: [GC (Allocation Failure) [PSYoungGen: 68173K->1549K(68608K)] 353304K->286680K(752128K), 0.0016704 secs] [Times: user=0.00 sys=0.00, real=0.00 secs] 
3115.701: [GC (Allocation Failure) [PSYoungGen: 68109K->1533K(68608K)] 353240K->286680K(752128K), 0.0016527 secs] [Times: user=0.01 sys=0.00, real=0.00 secs] 
3117.010: [GC (Allocation Failure) [PSYoungGen: 68093K->1472K(68608K)] 353240K->286619K(752128K), 0.0033383 secs] [Times: user=0.01 sys=0.00, real=0.01 secs] 
3117.880: [GC (Allocation Failure) [PSYoungGen: 68032K->1408K(68608K)] 353179K->286555K(752128K), 0.0029182 secs] [Times: user=0.01 sys=0.00, real=0.01 secs] 
3118.170: [GC (Allocation Failure) [PSYoungGen: 67968K->1424K(68608K)] 353115K->286571K(752128K), 0.0019096 secs] [Times: user=0.00 sys=0.00, real=0.01 secs] 
3118.488: [GC (Allocation Failure) [PSYoungGen: 67984K->1376K(68608K)] 353131K->286523K(752128K), 0.0019314 secs] [Times: user=0.01 sys=0.00, real=0.00 secs] 
3118.898: [GC (Allocation Failure) [PSYoungGen: 67936K->1469K(68608K)] 353083K->286640K(752128K), 0.0016167 secs] [Times: user=0.01 sys=0.00, real=0.00 secs] 
3119.288: [GC (Allocation Failure) [PSYoungGen: 68029K->1597K(68608K)] 353200K->286768K(752128K), 0.0017511 secs] [Times: user=0.01 sys=0.00, real=0.00 secs] 
3119.680: [GC (Allocation Failure) [PSYoungGen: 68157K->1565K(68608K)] 353328K->286736K(752128K), 0.0015753 secs] [Times: user=0.01 sys=0.00, real=0.00 secs] 
3120.070: [GC (Allocation Failure) [PSYoungGen: 68125K->1565K(68608K)] 353296K->286744K(752128K), 0.0015967 secs] [Times: user=0.01 sys=0.00, real=0.01 secs] 
3120.681: [GC (Allocation Failure) [PSYoungGen: 68125K->1376K(68608K)] 353304K->286555K(752128K), 0.0018660 secs] [Times: user=0.01 sys=0.00, real=0.01 secs] 
3121.309: [GC (Allocation Failure) [PSYoungGen: 67936K->1408K(68608K)] 353115K->286587K(752128K), 0.0023597 secs] [Times: user=0.01 sys=0.00, real=0.01 secs] 
3121.685: [GC (Allocation Failure) [PSYoungGen: 67968K->1408K(68608K)] 353147K->286587K(752128K), 0.0018182 secs] [Times: user=0.01 sys=0.00, real=0.00 secs] 
3121.962: [GC (Allocation Failure) [PSYoungGen: 67968K->1376K(68608K)] 353147K->286555K(752128K), 0.0018126 secs] [Times: user=0.01 sys=0.00, real=0.00 secs] 
3122.480: [GC (Allocation Failure) [PSYoungGen: 67936K->1565K(68608K)] 353115K->286744K(752128K), 0.0016081 secs] [Times: user=0.01 sys=0.00, real=0.00 secs] 
3122.871: [GC (Allocation Failure) [PSYoungGen: 68125K->1616K(68608K)] 353304K->286795K(752128K), 0.0016044 secs] [Times: user=0.01 sys=0.00, real=0.01 secs] 
3123.263: [GC (Allocation Failure) [PSYoungGen: 68176K->1613K(68608K)] 353355K->286792K(752128K), 0.0017325 secs] [Times: user=0.01 sys=0.00, real=0.00 secs] 
3123.725: [GC (Allocation Failure) [PSYoungGen: 68173K->2016K(68608K)] 353352K->287195K(752128K), 0.0018936 secs] [Times: user=0.01 sys=0.00, real=0.00 secs] 
3124.428: [GC (Allocation Failure) [PSYoungGen: 68576K->1376K(68608K)] 353755K->286555K(752128K), 0.0036543 secs] [Times: user=0.01 sys=0.00, real=0.01 secs] 
3124.910: [GC (Allocation Failure) [PSYoungGen: 67936K->1376K(68608K)] 353115K->286555K(752128K), 0.0022145 secs] [Times: user=0.01 sys=0.00, real=0.01 secs] 
3125.362: [GC (Allocation Failure) [PSYoungGen: 67936K->1376K(68608K)] 353115K->286555K(752128K), 0.0029060 secs] [Times: user=0.01 sys=0.00, real=0.00 secs] 
3125.954: [GC (Allocation Failure) [PSYoungGen: 67936K->1408K(68608K)] 353115K->286587K(752128K), 0.0022087 secs] [Times: user=0.01 sys=0.00, real=0.00 secs] 
3126.448: [GC (Allocation Failure) [PSYoungGen: 67968K->1581K(68608K)] 353147K->286760K(752128K), 0.0016249 secs] [Times: user=0.01 sys=0.00, real=0.00 secs] 
3126.838: [GC (Allocation Failure) [PSYoungGen: 68141K->1549K(68608K)] 353320K->286728K(752128K), 0.0015831 secs] [Times: user=0.01 sys=0.00, real=0.00 secs] 
3127.230: [GC (Allocation Failure) [PSYoungGen: 68109K->1533K(68608K)] 353288K->286712K(752128K), 0.0016126 secs] [Times: user=0.01 sys=0.00, real=0.00 secs] 
3127.971: [GC (Allocation Failure) [PSYoungGen: 68093K->1472K(68608K)] 353272K->286651K(752128K), 0.0026643 secs] [Times: user=0.01 sys=0.00, real=0.00 secs] 
3128.473: [GC (Allocation Failure) [PSYoungGen: 68032K->1376K(68608K)] 353211K->286563K(752128K), 0.0019108 secs] [Times: user=0.01 sys=0.01, real=0.00 secs] 
3128.750: [GC (Allocation Failure) [PSYoungGen: 67936K->1344K(68608K)] 353123K->286531K(752128K), 0.0020146 secs] [Times: user=0.01 sys=0.00, real=0.01 secs] 
3129.026: [GC (Allocation Failure) [PSYoungGen: 67904K->1408K(68608K)] 353091K->286595K(752128K), 0.0015178 secs] [Times: user=0.00 sys=0.00, real=0.00 secs] 
3129.460: [GC (Allocation Failure) [PSYoungGen: 67947K->1389K(68608K)] 353134K->286576K(752128K), 0.0025255 secs] [Times: user=0.01 sys=0.00, real=0.01 secs] 
3129.924: [GC (Allocation Failure) [PSYoungGen: 67949K->1549K(68608K)] 353136K->286736K(752128K), 0.0016114 secs] [Times: user=0.01 sys=0.00, real=0.00 secs] 
3130.313: [GC (Allocation Failure) [PSYoungGen: 68109K->1549K(68608K)] 353296K->286736K(752128K), 0.0016660 secs] [Times: user=0.01 sys=0.00, real=0.00 secs] 
3130.704: [GC (Allocation Failure) [PSYoungGen: 68109K->1581K(68608K)] 353296K->286784K(752128K), 0.0016576 secs] [Times: user=0.00 sys=0.00, real=0.00 secs] 
3131.338: [GC (Allocation Failure) [PSYoungGen: 68141K->1504K(68608K)] 353344K->286707K(752128K), 0.0019799 secs] [Times: user=0.00 sys=0.00, real=0.00 secs] 
3131.945: [GC (Allocation Failure) [PSYoungGen: 68064K->1392K(68608K)] 353267K->286595K(752128K), 0.0020202 secs] [Times: user=0.01 sys=0.00, real=0.00 secs] 
3132.640: [GC (Allocation Failure) [PSYoungGen: 67952K->1392K(68608K)] 353155K->286595K(752128K), 0.0017297 secs] [Times: user=0.01 sys=0.00, real=0.01 secs] 
3133.259: [GC (Allocation Failure) [PSYoungGen: 67952K->1376K(68608K)] 353155K->286579K(752128K), 0.0020280 secs] [Times: user=0.01 sys=0.00, real=0.00 secs] 
3133.844: [GC (Allocation Failure) [PSYoungGen: 67936K->1437K(68608K)] 353139K->286640K(752128K), 0.0019084 secs] [Times: user=0.01 sys=0.00, real=0.00 secs] 
3134.238: [GC (Allocation Failure) [PSYoungGen: 67997K->1613K(68608K)] 353200K->286816K(752128K), 0.0016818 secs] [Times: user=0.01 sys=0.00, real=0.00 secs] 
3134.630: [GC (Allocation Failure) [PSYoungGen: 68173K->1533K(68608K)] 353376K->286736K(752128K), 0.0016381 secs] [Times: user=0.01 sys=0.00, real=0.00 secs] 
3135.020: [GC (Allocation Failure) [PSYoungGen: 68093K->1520K(68608K)] 353296K->286747K(752128K), 0.0016173 secs] [Times: user=0.00 sys=0.00, real=0.01 secs] 
3135.697: [GC (Allocation Failure) [PSYoungGen: 68080K->1520K(68608K)] 353307K->286747K(752128K), 0.0019071 secs] [Times: user=0.00 sys=0.00, real=0.00 secs] 
3136.321: [GC (Allocation Failure) [PSYoungGen: 68080K->1376K(68608K)] 353307K->286603K(752128K), 0.0019408 secs] [Times: user=0.00 sys=0.00, real=0.00 secs] 
3136.638: [GC (Allocation Failure) [PSYoungGen: 67936K->1376K(68608K)] 353163K->286603K(752128K), 0.0019271 secs] [Times: user=0.01 sys=0.00, real=0.00 secs] 
3136.914: [GC (Allocation Failure) [PSYoungGen: 67936K->1376K(68608K)] 353163K->286603K(752128K), 0.0019267 secs] [Times: user=0.00 sys=0.00, real=0.00 secs] 
3137.255: [GC (Allocation Failure) [PSYoungGen: 67936K->1517K(68608K)] 353163K->286744K(752128K), 0.0015006 secs] [Times: user=0.00 sys=0.00, real=0.00 secs] 
3137.644: [GC (Allocation Failure) [PSYoungGen: 68062K->1600K(68608K)] 353289K->286827K(752128K), 0.0016871 secs] [Times: user=0.01 sys=0.00, real=0.00 secs] 
3138.033: [GC (Allocation Failure) [PSYoungGen: 68160K->1613K(68608K)] 353387K->286848K(752128K), 0.0016176 secs] [Times: user=0.01 sys=0.00, real=0.00 secs] 
3138.423: [GC (Allocation Failure) [PSYoungGen: 68157K->1565K(68608K)] 353393K->286832K(752128K), 0.0016722 secs] [Times: user=0.01 sys=0.00, real=0.00 secs] 
3139.004: [GC (Allocation Failure) [PSYoungGen: 68125K->1408K(68608K)] 353392K->286675K(752128K), 0.0019144 secs] [Times: user=0.01 sys=0.00, real=0.00 secs] 
3139.657: [GC (Allocation Failure) [PSYoungGen: 67968K->1408K(68608K)] 353235K->286675K(752128K), 0.0034968 secs] [Times: user=0.02 sys=0.00, real=0.00 secs] 
3140.180: [GC (Allocation Failure) [PSYoungGen: 67968K->1376K(68608K)] 353235K->286643K(752128K), 0.0026875 secs] [Times: user=0.01 sys=0.00, real=0.01 secs] 
3140.748: [GC (Allocation Failure) [PSYoungGen: 67936K->1424K(68608K)] 353203K->286691K(752128K), 0.0028948 secs] [Times: user=0.01 sys=0.01, real=0.00 secs] 
3141.310: [GC (Allocation Failure) [PSYoungGen: 67984K->1533K(68608K)] 353251K->286800K(752128K), 0.0014934 secs] [Times: user=0.01 sys=0.00, real=0.01 secs] 
3141.700: [GC (Allocation Failure) [PSYoungGen: 68093K->1581K(68608K)] 353360K->286848K(752128K), 0.0016758 secs] [Times: user=0.00 sys=0.00, real=0.01 secs] 
3142.088: [GC (Allocation Failure) [PSYoungGen: 68141K->1565K(68608K)] 353408K->286832K(752128K), 0.0015184 secs] [Times: user=0.00 sys=0.00, real=0.00 secs] 
3142.481: [GC (Allocation Failure) [PSYoungGen: 68125K->1549K(68608K)] 353392K->286832K(752128K), 0.0015757 secs] [Times: user=0.01 sys=0.00, real=0.01 secs] 
3142.839: [GC (Allocation Failure) [PSYoungGen: 68109K->1424K(68608K)] 353392K->286707K(752128K), 0.0018982 secs] [Times: user=0.01 sys=0.00, real=0.00 secs] 
3143.153: [GC (Allocation Failure) [PSYoungGen: 67984K->1376K(68608K)] 353267K->286659K(752128K), 0.0016155 secs] [Times: user=0.01 sys=0.00, real=0.00 secs] 
3143.431: [GC (Allocation Failure) [PSYoungGen: 67936K->1392K(68608K)] 353219K->286675K(752128K), 0.0028530 secs] [Times: user=0.02 sys=0.00, real=0.01 secs] 
3143.709: [GC (Allocation Failure) [PSYoungGen: 67952K->1392K(68608K)] 353235K->286675K(752128K), 0.0024164 secs] [Times: user=0.00 sys=0.00, real=0.01 secs] 
3144.136: [GC (Allocation Failure) [PSYoungGen: 67952K->1565K(68608K)] 353235K->286848K(752128K), 0.0015571 secs] [Times: user=0.00 sys=0.00, real=0.00 secs] 
3144.529: [GC (Allocation Failure) [PSYoungGen: 68125K->1565K(68608K)] 353408K->286848K(752128K), 0.0017068 secs] [Times: user=0.01 sys=0.00, real=0.00 secs] 
3144.920: [GC (Allocation Failure) [PSYoungGen: 68125K->1613K(68608K)] 353408K->286896K(752128K), 0.0016622 secs] [Times: user=0.01 sys=0.00, real=0.01 secs] 
3145.365: [GC (Allocation Failure) [PSYoungGen: 68161K->1597K(68608K)] 353445K->286888K(752128K), 0.0017734 secs] [Times: user=0.00 sys=0.00, real=0.00 secs] 
3146.800: [GC (Allocation Failure) [PSYoungGen: 68157K->1472K(68608K)] 353448K->286763K(752128K), 0.0032099 secs] [Times: user=0.01 sys=0.00, real=0.01 secs] 
3147.250: [GC (Allocation Failure) [PSYoungGen: 68032K->1392K(68608K)] 353323K->286683K(752128K), 0.0022330 secs] [Times: user=0.01 sys=0.00, real=0.01 secs] 
3147.522: [GC (Allocation Failure) [PSYoungGen: 67952K->1344K(68608K)] 353243K->286635K(752128K), 0.0018872 secs] [Times: user=0.00 sys=0.00, real=0.00 secs] 
3147.798: [GC (Allocation Failure) [PSYoungGen: 67904K->1408K(68608K)] 353195K->286715K(752128K), 0.0018413 secs] [Times: user=0.01 sys=0.00, real=0.00 secs] 
3148.184: [GC (Allocation Failure) [PSYoungGen: 67968K->1485K(68608K)] 353275K->286792K(752128K), 0.0016218 secs] [Times: user=0.01 sys=0.00, real=0.00 secs] 
3148.575: [GC (Allocation Failure) [PSYoungGen: 68045K->1597K(68608K)] 353352K->286904K(752128K), 0.0017035 secs] [Times: user=0.01 sys=0.00, real=0.00 secs] 
3148.966: [GC (Allocation Failure) [PSYoungGen: 68157K->1533K(68608K)] 353464K->286840K(752128K), 0.0016491 secs] [Times: user=0.01 sys=0.00, real=0.00 secs] 
3149.425: [GC (Allocation Failure) [PSYoungGen: 68093K->1696K(68608K)] 353400K->287003K(752128K), 0.0019467 secs] [Times: user=0.00 sys=0.00, real=0.00 secs] 
3150.088: [GC (Allocation Failure) [PSYoungGen: 68256K->1344K(68608K)] 353563K->286651K(752128K), 0.0018461 secs] [Times: user=0.01 sys=0.00, real=0.00 secs] 
3150.634: [GC (Allocation Failure) [PSYoungGen: 67904K->1408K(68608K)] 353211K->286715K(752128K), 0.0019211 secs] [Times: user=0.00 sys=0.00, real=0.00 secs] 
3150.972: [GC (Allocation Failure) [PSYoungGen: 67968K->1376K(68608K)] 353275K->286683K(752128K), 0.0019677 secs] [Times: user=0.01 sys=0.00, real=0.00 secs] 
3151.267: [GC (Allocation Failure) [PSYoungGen: 67936K->1376K(68608K)] 353243K->286683K(752128K), 0.0019908 secs] [Times: user=0.01 sys=0.00, real=0.00 secs] 
3151.672: [GC (Allocation Failure) [PSYoungGen: 67936K->1597K(68608K)] 353243K->286904K(752128K), 0.0017103 secs] [Times: user=0.01 sys=0.00, real=0.00 secs] 
3152.070: [GC (Allocation Failure) [PSYoungGen: 68157K->1613K(68608K)] 353464K->286920K(752128K), 0.0016584 secs] [Times: user=0.01 sys=0.00, real=0.01 secs] 
3152.461: [GC (Allocation Failure) [PSYoungGen: 68173K->1613K(68608K)] 353480K->286920K(752128K), 0.0016507 secs] [Times: user=0.01 sys=0.00, real=0.00 secs] 
3152.913: [GC (Allocation Failure) [PSYoungGen: 68173K->1536K(68608K)] 353480K->286843K(752128K), 0.0020746 secs] [Times: user=0.00 sys=0.00, real=0.00 secs] 
3153.489: [GC (Allocation Failure) [PSYoungGen: 68096K->1376K(68608K)] 353403K->286683K(752128K), 0.0021599 secs] [Times: user=0.01 sys=0.00, real=0.00 secs] 
3153.885: [GC (Allocation Failure) [PSYoungGen: 67936K->1408K(68608K)] 353243K->286715K(752128K), 0.0019182 secs] [Times: user=0.01 sys=0.00, real=0.00 secs] 
3154.168: [GC (Allocation Failure) [PSYoungGen: 67968K->1408K(68608K)] 353275K->286715K(752128K), 0.0019939 secs] [Times: user=0.01 sys=0.00, real=0.00 secs] 
3154.470: [GC (Allocation Failure) [PSYoungGen: 67968K->1376K(68608K)] 353275K->286683K(752128K), 0.0025028 secs] [Times: user=0.01 sys=0.00, real=0.01 secs] 
3154.980: [GC (Allocation Failure) [PSYoungGen: 67936K->1584K(68608K)] 353243K->286891K(752128K), 0.0016706 secs] [Times: user=0.00 sys=0.00, real=0.00 secs] 
3155.369: [GC (Allocation Failure) [PSYoungGen: 68144K->1645K(68608K)] 353451K->286952K(752128K), 0.0016494 secs] [Times: user=0.00 sys=0.00, real=0.00 secs] 
3155.761: [GC (Allocation Failure) [PSYoungGen: 68205K->1565K(68608K)] 353512K->286888K(752128K), 0.0016839 secs] [Times: user=0.01 sys=0.00, real=0.00 secs] 
3156.916: [GC (Allocation Failure) [PSYoungGen: 68125K->1488K(68608K)] 353448K->286811K(752128K), 0.0036786 secs] [Times: user=0.01 sys=0.00, real=0.00 secs] 
3157.505: [GC (Allocation Failure) [PSYoungGen: 68048K->1408K(68608K)] 353371K->286731K(752128K), 0.0022003 secs] [Times: user=0.01 sys=0.00, real=0.00 secs] 
3157.779: [GC (Allocation Failure) [PSYoungGen: 67968K->1376K(68608K)] 353291K->286715K(752128K), 0.0017546 secs] [Times: user=0.01 sys=0.00, real=0.00 secs] 
3158.056: [GC (Allocation Failure) [PSYoungGen: 67936K->1344K(68608K)] 353275K->286683K(752128K), 0.0018701 secs] [Times: user=0.01 sys=0.00, real=0.00 secs] 
3158.469: [GC (Allocation Failure) [PSYoungGen: 67904K->1469K(68608K)] 353243K->286808K(752128K), 0.0019023 secs] [Times: user=0.01 sys=0.00, real=0.00 secs] 
3158.972: [GC (Allocation Failure) [PSYoungGen: 68010K->1565K(68608K)] 353350K->286904K(752128K), 0.0016074 secs] [Times: user=0.00 sys=0.00, real=0.00 secs] 
3159.362: [GC (Allocation Failure) [PSYoungGen: 68125K->1613K(68608K)] 353464K->286952K(752128K), 0.0016691 secs] [Times: user=0.01 sys=0.00, real=0.00 secs] 
3159.763: [GC (Allocation Failure) [PSYoungGen: 68173K->1613K(68608K)] 353512K->286968K(752128K), 0.0016653 secs] [Times: user=0.01 sys=0.00, real=0.00 secs] 
3160.125: [GC (Allocation Failure) [PSYoungGen: 68173K->1456K(68608K)] 353528K->286811K(752128K), 0.0022835 secs] [Times: user=0.01 sys=0.00, real=0.00 secs] 
3160.403: [GC (Allocation Failure) [PSYoungGen: 68016K->1376K(68608K)] 353371K->286731K(752128K), 0.0019751 secs] [Times: user=0.00 sys=0.00, real=0.00 secs] 
3160.679: [GC (Allocation Failure) [PSYoungGen: 67936K->1376K(68608K)] 353291K->286731K(752128K), 0.0027670 secs] [Times: user=0.01 sys=0.00, real=0.01 secs] 
3160.956: [GC (Allocation Failure) [PSYoungGen: 67936K->1344K(68608K)] 353291K->286699K(752128K), 0.0018705 secs] [Times: user=0.01 sys=0.00, real=0.00 secs] 
3161.298: [GC (Allocation Failure) [PSYoungGen: 67904K->1485K(68608K)] 353259K->286840K(752128K), 0.0014721 secs] [Times: user=0.00 sys=0.00, real=0.00 secs] 
3161.759: [GC (Allocation Failure) [PSYoungGen: 68045K->1504K(68608K)] 353400K->286859K(752128K), 0.0015994 secs] [Times: user=0.00 sys=0.00, real=0.00 secs] 
3162.151: [GC (Allocation Failure) [PSYoungGen: 68064K->1584K(68608K)] 353419K->286939K(752128K), 0.0017667 secs] [Times: user=0.01 sys=0.00, real=0.01 secs] 
3162.541: [GC (Allocation Failure) [PSYoungGen: 68144K->1584K(68608K)] 353499K->286955K(752128K), 0.0017205 secs] [Times: user=0.01 sys=0.00, real=0.01 secs] 
3162.865: [GC (Allocation Failure) [PSYoungGen: 68144K->1472K(68608K)] 353515K->286843K(752128K), 0.0023687 secs] [Times: user=0.01 sys=0.00, real=0.00 secs] 
3163.267: [GC (Allocation Failure) [PSYoungGen: 68032K->1424K(68608K)] 353403K->286795K(752128K), 0.0020042 secs] [Times: user=0.01 sys=0.00, real=0.00 secs] 
3163.798: [GC (Allocation Failure) [PSYoungGen: 67984K->1376K(68608K)] 353355K->286747K(752128K), 0.0030652 secs] [Times: user=0.02 sys=0.00, real=0.01 secs] 
3164.322: [GC (Allocation Failure) [PSYoungGen: 67936K->1408K(68608K)] 353307K->286779K(752128K), 0.0032198 secs] [Times: user=0.01 sys=0.00, real=0.00 secs] 
3164.913: [GC (Allocation Failure) [PSYoungGen: 67968K->1485K(68608K)] 353339K->286856K(752128K), 0.0014803 secs] [Times: user=0.00 sys=0.00, real=0.00 secs] 
3165.304: [GC (Allocation Failure) [PSYoungGen: 68045K->1533K(68608K)] 353416K->286904K(752128K), 0.0016477 secs] [Times: user=0.01 sys=0.00, real=0.00 secs] 
3165.693: [GC (Allocation Failure) [PSYoungGen: 68093K->1565K(68608K)] 353464K->286936K(752128K), 0.0016833 secs] [Times: user=0.01 sys=0.00, real=0.00 secs] 
3166.086: [GC (Allocation Failure) [PSYoungGen: 68125K->1533K(68608K)] 353496K->286912K(752128K), 0.0016579 secs] [Times: user=0.00 sys=0.00, real=0.00 secs] 
3166.413: [GC (Allocation Failure) [PSYoungGen: 68093K->1456K(68608K)] 353472K->286835K(752128K), 0.0017377 secs] [Times: user=0.00 sys=0.00, real=0.00 secs] 
3166.839: [GC (Allocation Failure) [PSYoungGen: 68016K->1376K(68608K)] 353395K->286755K(752128K), 0.0018271 secs] [Times: user=0.01 sys=0.00, real=0.00 secs] 
3167.394: [GC (Allocation Failure) [PSYoungGen: 67936K->1376K(68608K)] 353315K->286779K(752128K), 0.0019231 secs] [Times: user=0.01 sys=0.00, real=0.00 secs] 
3168.015: [GC (Allocation Failure) [PSYoungGen: 67936K->1408K(68608K)] 353339K->286811K(752128K), 0.0037193 secs] [Times: user=0.01 sys=0.00, real=0.00 secs] 
3168.719: [GC (Allocation Failure) [PSYoungGen: 67968K->1549K(68608K)] 353371K->286952K(752128K), 0.0017072 secs] [Times: user=0.01 sys=0.00, real=0.00 secs] 
3169.170: [GC (Allocation Failure) [PSYoungGen: 68109K->1520K(68608K)] 353512K->286923K(752128K), 0.0017381 secs] [Times: user=0.01 sys=0.00, real=0.01 secs] 
3169.561: [GC (Allocation Failure) [PSYoungGen: 68080K->1581K(68608K)] 353483K->286984K(752128K), 0.0016072 secs] [Times: user=0.01 sys=0.00, real=0.00 secs] 
3169.961: [GC (Allocation Failure) [PSYoungGen: 68141K->1549K(68608K)] 353544K->286968K(752128K), 0.0016011 secs] [Times: user=0.01 sys=0.00, real=0.01 secs] 
3170.780: [GC (Allocation Failure) [PSYoungGen: 68109K->1456K(68608K)] 353528K->286875K(752128K), 0.0029778 secs] [Times: user=0.01 sys=0.00, real=0.01 secs] 
3171.579: [GC (Allocation Failure) [PSYoungGen: 68016K->1408K(68608K)] 353435K->286827K(752128K), 0.0028058 secs] [Times: user=0.01 sys=0.00, real=0.01 secs] 
3172.180: [GC (Allocation Failure) [PSYoungGen: 67968K->1360K(68608K)] 353387K->286779K(752128K), 0.0021302 secs] [Times: user=0.01 sys=0.00, real=0.01 secs] 
3172.805: [GC (Allocation Failure) [PSYoungGen: 67920K->1408K(68608K)] 353339K->286827K(752128K), 0.0021426 secs] [Times: user=0.00 sys=0.00, real=0.00 secs] 
3173.285: [GC (Allocation Failure) [PSYoungGen: 67968K->1565K(68608K)] 353387K->286984K(752128K), 0.0015971 secs] [Times: user=0.01 sys=0.00, real=0.00 secs] 
3173.676: [GC (Allocation Failure) [PSYoungGen: 68125K->1536K(68608K)] 353544K->286955K(752128K), 0.0016689 secs] [Times: user=0.00 sys=0.00, real=0.00 secs] 
3174.067: [GC (Allocation Failure) [PSYoungGen: 68096K->1568K(68608K)] 353515K->286987K(752128K), 0.0017391 secs] [Times: user=0.01 sys=0.00, real=0.00 secs] 
3174.457: [GC (Allocation Failure) [PSYoungGen: 68128K->1616K(68608K)] 353547K->287051K(752128K), 0.0016667 secs] [Times: user=0.00 sys=0.00, real=0.00 secs] 
3174.833: [GC (Allocation Failure) [PSYoungGen: 68176K->1408K(68608K)] 353611K->286843K(752128K), 0.0018494 secs] [Times: user=0.01 sys=0.00, real=0.00 secs] 
3175.250: [GC (Allocation Failure) [PSYoungGen: 67968K->1376K(68608K)] 353403K->286811K(752128K), 0.0018824 secs] [Times: user=0.01 sys=0.00, real=0.01 secs] 
3175.740: [GC (Allocation Failure) [PSYoungGen: 67936K->1376K(68608K)] 353371K->286811K(752128K), 0.0018705 secs] [Times: user=0.00 sys=0.00, real=0.01 secs] 
3176.538: [GC (Allocation Failure) [PSYoungGen: 67936K->1376K(68608K)] 353371K->286811K(752128K), 0.0029378 secs] [Times: user=0.01 sys=0.00, real=0.00 secs] 
3177.235: [GC (Allocation Failure) [PSYoungGen: 67936K->1581K(68608K)] 353371K->287016K(752128K), 0.0016296 secs] [Times: user=0.01 sys=0.00, real=0.00 secs] 
3177.626: [GC (Allocation Failure) [PSYoungGen: 68141K->1613K(68608K)] 353576K->287048K(752128K), 0.0016528 secs] [Times: user=0.00 sys=0.00, real=0.00 secs] 
3178.015: [GC (Allocation Failure) [PSYoungGen: 68173K->1597K(68608K)] 353608K->287032K(752128K), 0.0016938 secs] [Times: user=0.01 sys=0.00, real=0.00 secs] 
3178.527: [GC (Allocation Failure) [PSYoungGen: 68157K->2016K(68608K)] 353592K->287467K(752128K), 0.0018983 secs] [Times: user=0.01 sys=0.00, real=0.00 secs] 
3179.717: [GC (Allocation Failure) [PSYoungGen: 68576K->1440K(68608K)] 354027K->286907K(752128K), 0.0037792 secs] [Times: user=0.02 sys=0.00, real=0.00 secs] 
3180.097: [GC (Allocation Failure) [PSYoungGen: 68000K->1344K(68608K)] 353467K->286811K(752128K), 0.0019072 secs] [Times: user=0.01 sys=0.00, real=0.00 secs] 
3180.563: [GC (Allocation Failure) [PSYoungGen: 67904K->1376K(68608K)] 353371K->286843K(752128K), 0.0019115 secs] [Times: user=0.01 sys=0.00, real=0.00 secs] 
3181.152: [GC (Allocation Failure) [PSYoungGen: 67936K->1408K(68608K)] 353403K->286875K(752128K), 0.0031842 secs] [Times: user=0.01 sys=0.00, real=0.00 secs] 
3181.827: [GC (Allocation Failure) [PSYoungGen: 67968K->1597K(68608K)] 353435K->287064K(752128K), 0.0017339 secs] [Times: user=0.01 sys=0.00, real=0.00 secs] 
3182.222: [GC (Allocation Failure) [PSYoungGen: 68157K->1568K(68608K)] 353624K->287035K(752128K), 0.0016377 secs] [Times: user=0.01 sys=0.00, real=0.00 secs] 
3182.672: [GC (Allocation Failure) [PSYoungGen: 68128K->1597K(68608K)] 353595K->287064K(752128K), 0.0016197 secs] [Times: user=0.01 sys=0.00, real=0.00 secs] 
3183.063: [GC (Allocation Failure) [PSYoungGen: 68157K->1472K(68608K)] 353624K->286939K(752128K), 0.0021506 secs] [Times: user=0.01 sys=0.00, real=0.00 secs] 
3183.339: [GC (Allocation Failure) [PSYoungGen: 68032K->1408K(68608K)] 353499K->286875K(752128K), 0.0019521 secs] [Times: user=0.01 sys=0.00, real=0.01 secs] 
3183.645: [GC (Allocation Failure) [PSYoungGen: 67968K->1376K(68608K)] 353435K->286843K(752128K), 0.0020059 secs] [Times: user=0.01 sys=0.00, real=0.00 secs] 
3183.921: [GC (Allocation Failure) [PSYoungGen: 67936K->1376K(68608K)] 353403K->286843K(752128K), 0.0018442 secs] [Times: user=0.00 sys=0.01, real=0.01 secs] 
3184.301: [GC (Allocation Failure) [PSYoungGen: 67936K->1453K(68608K)] 353403K->286920K(752128K), 0.0016629 secs] [Times: user=0.00 sys=0.00, real=0.01 secs] 
3184.779: [GC (Allocation Failure) [PSYoungGen: 68013K->1533K(68608K)] 353480K->287000K(752128K), 0.0017791 secs] [Times: user=0.01 sys=0.00, real=0.00 secs] 
3185.169: [GC (Allocation Failure) [PSYoungGen: 68093K->1533K(68608K)] 353560K->287000K(752128K), 0.0017458 secs] [Times: user=0.01 sys=0.00, real=0.00 secs] 
3185.558: [GC (Allocation Failure) [PSYoungGen: 68093K->1533K(68608K)] 353560K->287008K(752128K), 0.0017511 secs] [Times: user=0.01 sys=0.00, real=0.00 secs] 
3186.347: [GC (Allocation Failure) [PSYoungGen: 68093K->1488K(68608K)] 353568K->286963K(752128K), 0.0031780 secs] [Times: user=0.02 sys=0.00, real=0.00 secs] 
3186.899: [GC (Allocation Failure) [PSYoungGen: 68048K->1408K(68608K)] 353523K->286883K(752128K), 0.0032356 secs] [Times: user=0.01 sys=0.00, real=0.01 secs] 
3187.679: [GC (Allocation Failure) [PSYoungGen: 67968K->1392K(68608K)] 353443K->286867K(752128K), 0.0029151 secs] [Times: user=0.01 sys=0.00, real=0.01 secs] 
3188.482: [GC (Allocation Failure) [PSYoungGen: 67952K->1376K(68608K)] 353427K->286859K(752128K), 0.0033098 secs] [Times: user=0.01 sys=0.00, real=0.00 secs] 
3189.310: [GC (Allocation Failure) [PSYoungGen: 67936K->1453K(68608K)] 353419K->286936K(752128K), 0.0022323 secs] [Times: user=0.01 sys=0.00, real=0.01 secs] 
3189.748: [GC (Allocation Failure) [PSYoungGen: 68013K->1552K(68608K)] 353496K->287035K(752128K), 0.0016613 secs] [Times: user=0.01 sys=0.00, real=0.00 secs] 
3190.138: [GC (Allocation Failure) [PSYoungGen: 68112K->1645K(68608K)] 353595K->287128K(752128K), 0.0015558 secs] [Times: user=0.01 sys=0.00, real=0.00 secs] 
3190.609: [GC (Allocation Failure) [PSYoungGen: 68201K->1568K(68608K)] 353685K->287067K(752128K), 0.0015562 secs] [Times: user=0.01 sys=0.00, real=0.00 secs] 
3192.460: [GC (Allocation Failure) [PSYoungGen: 68128K->1488K(68608K)] 353627K->286987K(752128K), 0.0036214 secs] [Times: user=0.01 sys=0.00, real=0.01 secs] 
3193.097: [GC (Allocation Failure) [PSYoungGen: 68048K->1376K(68608K)] 353547K->286875K(752128K), 0.0026606 secs] [Times: user=0.01 sys=0.00, real=0.00 secs] 
3193.820: [GC (Allocation Failure) [PSYoungGen: 67936K->1408K(68608K)] 353435K->286907K(752128K), 0.0037400 secs] [Times: user=0.01 sys=0.00, real=0.01 secs] 
3194.574: [GC (Allocation Failure) [PSYoungGen: 67968K->1392K(68608K)] 353467K->286891K(752128K), 0.0037621 secs] [Times: user=0.01 sys=0.00, real=0.00 secs] 
3195.394: [GC (Allocation Failure) [PSYoungGen: 67952K->1469K(68608K)] 353451K->286968K(752128K), 0.0017446 secs] [Times: user=0.00 sys=0.00, real=0.00 secs] 
3195.797: [GC (Allocation Failure) [PSYoungGen: 68029K->1549K(68608K)] 353528K->287048K(752128K), 0.0016408 secs] [Times: user=0.01 sys=0.00, real=0.00 secs] 
3196.192: [GC (Allocation Failure) [PSYoungGen: 68109K->1584K(68608K)] 353608K->287083K(752128K), 0.0017277 secs] [Times: user=0.01 sys=0.00, real=0.00 secs] 
3196.646: [GC (Allocation Failure) [PSYoungGen: 68144K->1584K(68608K)] 353643K->287099K(752128K), 0.0018117 secs] [Times: user=0.00 sys=0.00, real=0.00 secs] 
3197.344: [GC (Allocation Failure) [PSYoungGen: 68144K->1456K(68608K)] 353659K->286971K(752128K), 0.0028642 secs] [Times: user=0.01 sys=0.00, real=0.00 secs] 
3197.943: [GC (Allocation Failure) [PSYoungGen: 68016K->1408K(68608K)] 353531K->286923K(752128K), 0.0027395 secs] [Times: user=0.01 sys=0.00, real=0.00 secs] 
3198.558: [GC (Allocation Failure) [PSYoungGen: 67968K->1376K(68608K)] 353483K->286891K(752128K), 0.0027169 secs] [Times: user=0.01 sys=0.00, real=0.00 secs] 
3198.848: [GC (Allocation Failure) [PSYoungGen: 67936K->1392K(68608K)] 353451K->286907K(752128K), 0.0019397 secs] [Times: user=0.00 sys=0.00, real=0.00 secs] 
3199.281: [GC (Allocation Failure) [PSYoungGen: 67952K->1549K(68608K)] 353467K->287064K(752128K), 0.0016254 secs] [Times: user=0.00 sys=0.00, real=0.01 secs] 
3199.672: [GC (Allocation Failure) [PSYoungGen: 68109K->1597K(68608K)] 353624K->287112K(752128K), 0.0016792 secs] [Times: user=0.01 sys=0.00, real=0.00 secs] 
3200.063: [GC (Allocation Failure) [PSYoungGen: 68157K->1645K(68608K)] 353672K->287160K(752128K), 0.0016613 secs] [Times: user=0.00 sys=0.00, real=0.00 secs] 
3200.453: [GC (Allocation Failure) [PSYoungGen: 68205K->1565K(68608K)] 353720K->287104K(752128K), 0.0016575 secs] [Times: user=0.00 sys=0.00, real=0.00 secs] 
3201.197: [GC (Allocation Failure) [PSYoungGen: 68125K->1456K(68608K)] 353664K->286995K(752128K), 0.0022980 secs] [Times: user=0.01 sys=0.00, real=0.00 secs] 
3201.774: [GC (Allocation Failure) [PSYoungGen: 68016K->1408K(68608K)] 353555K->286947K(752128K), 0.0025497 secs] [Times: user=0.01 sys=0.00, real=0.00 secs] 
3202.336: [GC (Allocation Failure) [PSYoungGen: 67968K->1344K(68608K)] 353507K->286883K(752128K), 0.0026739 secs] [Times: user=0.01 sys=0.00, real=0.00 secs] 
3202.888: [GC (Allocation Failure) [PSYoungGen: 67904K->1408K(68608K)] 353443K->286947K(752128K), 0.0031873 secs] [Times: user=0.01 sys=0.00, real=0.01 secs] 
3203.390: [GC (Allocation Failure) [PSYoungGen: 67968K->1549K(68608K)] 353507K->287088K(752128K), 0.0015708 secs] [Times: user=0.01 sys=0.00, real=0.01 secs] 
3203.780: [GC (Allocation Failure) [PSYoungGen: 68109K->1613K(68608K)] 353648K->287152K(752128K), 0.0017785 secs] [Times: user=0.01 sys=0.00, real=0.01 secs] 
3204.171: [GC (Allocation Failure) [PSYoungGen: 68173K->1597K(68608K)] 353712K->287136K(752128K), 0.0017695 secs] [Times: user=0.01 sys=0.00, real=0.01 secs] 
3204.561: [GC (Allocation Failure) [PSYoungGen: 68157K->1613K(68608K)] 353696K->287168K(752128K), 0.0016950 secs] [Times: user=0.00 sys=0.00, real=0.01 secs] 
3205.153: [GC (Allocation Failure) [PSYoungGen: 68173K->1440K(68608K)] 353728K->286995K(752128K), 0.0016315 secs] [Times: user=0.00 sys=0.00, real=0.00 secs] 
3205.697: [GC (Allocation Failure) [PSYoungGen: 68000K->1440K(68608K)] 353555K->286995K(752128K), 0.0017726 secs] [Times: user=0.00 sys=0.00, real=0.00 secs] 
3206.286: [GC (Allocation Failure) [PSYoungGen: 68000K->1344K(68608K)] 353555K->286899K(752128K), 0.0018079 secs] [Times: user=0.00 sys=0.00, real=0.00 secs] 
3206.837: [GC (Allocation Failure) [PSYoungGen: 67904K->1344K(68608K)] 353459K->286899K(752128K), 0.0018645 secs] [Times: user=0.00 sys=0.00, real=0.00 secs] 
3207.338: [GC (Allocation Failure) [PSYoungGen: 67904K->1565K(68608K)] 353459K->287120K(752128K), 0.0015931 secs] [Times: user=0.01 sys=0.00, real=0.00 secs] 
3207.727: [GC (Allocation Failure) [PSYoungGen: 68125K->1565K(68608K)] 353680K->287120K(752128K), 0.0017112 secs] [Times: user=0.01 sys=0.00, real=0.00 secs] 
3208.117: [GC (Allocation Failure) [PSYoungGen: 68125K->1565K(68608K)] 353680K->287120K(752128K), 0.0016166 secs] [Times: user=0.01 sys=0.00, real=0.00 secs] 
3208.498: [GC (Allocation Failure) [PSYoungGen: 67495K->288K(68608K)] 353050K->285867K(752128K), 0.0015893 secs] [Times: user=0.01 sys=0.00, real=0.00 secs] 
3209.155: [GC (Allocation Failure) [PSYoungGen: 66848K->1408K(68608K)] 352427K->286987K(752128K), 0.0017585 secs] [Times: user=0.01 sys=0.00, real=0.00 secs] 
3209.431: [GC (Allocation Failure) [PSYoungGen: 67968K->1376K(68608K)] 353547K->286955K(752128K), 0.0018763 secs] [Times: user=0.01 sys=0.00, real=0.00 secs] 
3209.708: [GC (Allocation Failure) [PSYoungGen: 67936K->1376K(68608K)] 353515K->286955K(752128K), 0.0016953 secs] [Times: user=0.01 sys=0.00, real=0.00 secs] 
3209.984: [GC (Allocation Failure) [PSYoungGen: 67936K->1360K(68608K)] 353515K->286939K(752128K), 0.0023235 secs] [Times: user=0.01 sys=0.00, real=0.00 secs] 
3210.376: [GC (Allocation Failure) [PSYoungGen: 67920K->1581K(68608K)] 353499K->287160K(752128K), 0.0016491 secs] [Times: user=0.01 sys=0.00, real=0.00 secs] 
3210.767: [GC (Allocation Failure) [PSYoungGen: 68141K->1581K(68608K)] 353720K->287160K(752128K), 0.0017176 secs] [Times: user=0.00 sys=0.00, real=0.00 secs] 
3211.168: [GC (Allocation Failure) [PSYoungGen: 68141K->1613K(68608K)] 353720K->287200K(752128K), 0.0016590 secs] [Times: user=0.00 sys=0.00, real=0.00 secs] 
3211.576: [GC (Allocation Failure) [PSYoungGen: 68173K->2016K(68608K)] 353760K->287611K(752128K), 0.0018386 secs] [Times: user=0.00 sys=0.00, real=0.00 secs] 
3211.852: [GC (Allocation Failure) [PSYoungGen: 68576K->1424K(68608K)] 354171K->287019K(752128K), 0.0016997 secs] [Times: user=0.01 sys=0.00, real=0.00 secs] 
3212.129: [GC (Allocation Failure) [PSYoungGen: 67984K->1408K(68608K)] 353579K->287003K(752128K), 0.0014806 secs] [Times: user=0.01 sys=0.00, real=0.00 secs] 
3212.404: [GC (Allocation Failure) [PSYoungGen: 67968K->1376K(68608K)] 353563K->286971K(752128K), 0.0016233 secs] [Times: user=0.00 sys=0.00, real=0.00 secs] 
3212.680: [GC (Allocation Failure) [PSYoungGen: 67936K->1408K(68608K)] 353531K->287003K(752128K), 0.0017347 secs] [Times: user=0.00 sys=0.00, real=0.01 secs] 
3213.080: [GC (Allocation Failure) [PSYoungGen: 67968K->1565K(68608K)] 353563K->287160K(752128K), 0.0017839 secs] [Times: user=0.00 sys=0.00, real=0.01 secs] 
3213.471: [GC (Allocation Failure) [PSYoungGen: 68125K->1597K(68608K)] 353720K->287192K(752128K), 0.0017161 secs] [Times: user=0.01 sys=0.00, real=0.00 secs] 
3213.863: [GC (Allocation Failure) [PSYoungGen: 68157K->1597K(68608K)] 353752K->287200K(752128K), 0.0016402 secs] [Times: user=0.00 sys=0.00, real=0.00 secs] 
3214.259: [GC (Allocation Failure) [PSYoungGen: 68157K->1504K(68608K)] 353760K->287107K(752128K), 0.0018997 secs] [Times: user=0.01 sys=0.00, real=0.00 secs] 
3214.535: [GC (Allocation Failure) [PSYoungGen: 68064K->1408K(68608K)] 353667K->287011K(752128K), 0.0017403 secs] [Times: user=0.01 sys=0.00, real=0.00 secs] 
3214.934: [GC (Allocation Failure) [PSYoungGen: 67968K->1376K(68608K)] 353571K->286979K(752128K), 0.0034539 secs] [Times: user=0.02 sys=0.00, real=0.00 secs] 
3215.468: [GC (Allocation Failure) [PSYoungGen: 67936K->1440K(68608K)] 353539K->287043K(752128K), 0.0029423 secs] [Times: user=0.01 sys=0.00, real=0.00 secs] 
3216.077: [GC (Allocation Failure) [PSYoungGen: 68000K->1488K(68608K)] 353603K->287091K(752128K), 0.0053785 secs] [Times: user=0.02 sys=0.00, real=0.01 secs] 
3216.596: [GC (Allocation Failure) [PSYoungGen: 68048K->1565K(68608K)] 353651K->287168K(752128K), 0.0016323 secs] [Times: user=0.01 sys=0.00, real=0.00 secs] 
3216.986: [GC (Allocation Failure) [PSYoungGen: 68125K->1565K(68608K)] 353728K->287192K(752128K), 0.0016271 secs] [Times: user=0.01 sys=0.00, real=0.00 secs] 
3217.376: [GC (Allocation Failure) [PSYoungGen: 68125K->1581K(68608K)] 353752K->287224K(752128K), 0.0016890 secs] [Times: user=0.01 sys=0.00, real=0.00 secs] 
3217.818: [GC (Allocation Failure) [PSYoungGen: 68141K->1504K(68608K)] 353784K->287147K(752128K), 0.0025134 secs] [Times: user=0.01 sys=0.00, real=0.00 secs] 
3218.230: [GC (Allocation Failure) [PSYoungGen: 68064K->1376K(68608K)] 353707K->287019K(752128K), 0.0017489 secs] [Times: user=0.01 sys=0.00, real=0.01 secs] 
3218.911: [GC (Allocation Failure) [PSYoungGen: 67936K->1376K(68608K)] 353579K->287019K(752128K), 0.0037436 secs] [Times: user=0.01 sys=0.00, real=0.01 secs] 
3219.727: [GC (Allocation Failure) [PSYoungGen: 67936K->1376K(68608K)] 353579K->287019K(752128K), 0.0033569 secs] [Times: user=0.01 sys=0.00, real=0.00 secs] 
3220.654: [GC (Allocation Failure) [PSYoungGen: 67936K->1456K(68608K)] 353579K->287099K(752128K), 0.0019613 secs] [Times: user=0.01 sys=0.00, real=0.00 secs] 
3221.076: [GC (Allocation Failure) [PSYoungGen: 68016K->1584K(68608K)] 353659K->287227K(752128K), 0.0023332 secs] [Times: user=0.00 sys=0.00, real=0.00 secs] 
3221.475: [GC (Allocation Failure) [PSYoungGen: 68144K->1581K(68608K)] 353787K->287224K(752128K), 0.0015575 secs] [Times: user=0.01 sys=0.00, real=0.00 secs] 
3221.864: [GC (Allocation Failure) [PSYoungGen: 68132K->1581K(68608K)] 353775K->287240K(752128K), 0.0016823 secs] [Times: user=0.01 sys=0.00, real=0.00 secs] 
3222.419: [GC (Allocation Failure) [PSYoungGen: 68141K->1520K(68608K)] 353800K->287179K(752128K), 0.0017349 secs] [Times: user=0.00 sys=0.00, real=0.00 secs] 
3223.048: [GC (Allocation Failure) [PSYoungGen: 68080K->1376K(68608K)] 353739K->287035K(752128K), 0.0034985 secs] [Times: user=0.02 sys=0.00, real=0.01 secs] 
3223.421: [GC (Allocation Failure) [PSYoungGen: 67936K->1376K(68608K)] 353595K->287035K(752128K), 0.0019683 secs] [Times: user=0.01 sys=0.00, real=0.00 secs] 
3223.737: [GC (Allocation Failure) [PSYoungGen: 67936K->1344K(68608K)] 353595K->287003K(752128K), 0.0019151 secs] [Times: user=0.01 sys=0.00, real=0.00 secs] 
3224.082: [GC (Allocation Failure) [PSYoungGen: 67904K->1453K(68608K)] 353563K->287112K(752128K), 0.0016117 secs] [Times: user=0.00 sys=0.00, real=0.00 secs] 
3224.473: [GC (Allocation Failure) [PSYoungGen: 68013K->1565K(68608K)] 353672K->287224K(752128K), 0.0015901 secs] [Times: user=0.01 sys=0.00, real=0.00 secs] 
3224.864: [GC (Allocation Failure) [PSYoungGen: 68125K->1565K(68608K)] 353784K->287224K(752128K), 0.0016399 secs] [Times: user=0.00 sys=0.00, real=0.00 secs] 
3225.254: [GC (Allocation Failure) [PSYoungGen: 68125K->1584K(68608K)] 353784K->287259K(752128K), 0.0017057 secs] [Times: user=0.01 sys=0.00, real=0.00 secs] 
3226.176: [GC (Allocation Failure) [PSYoungGen: 68144K->1456K(68608K)] 353819K->287131K(752128K), 0.0056256 secs] [Times: user=0.02 sys=0.00, real=0.01 secs] 
3226.789: [GC (Allocation Failure) [PSYoungGen: 68016K->1408K(68608K)] 353691K->287083K(752128K), 0.0030567 secs] [Times: user=0.01 sys=0.00, real=0.01 secs] 
3227.369: [GC (Allocation Failure) [PSYoungGen: 67968K->1424K(68608K)] 353643K->287099K(752128K), 0.0025108 secs] [Times: user=0.01 sys=0.00, real=0.01 secs] 
3228.051: [GC (Allocation Failure) [PSYoungGen: 67984K->1376K(68608K)] 353659K->287051K(752128K), 0.0024394 secs] [Times: user=0.01 sys=0.00, real=0.01 secs] 
3228.630: [GC (Allocation Failure) [PSYoungGen: 67936K->1533K(68608K)] 353611K->287224K(752128K), 0.0016304 secs] [Times: user=0.01 sys=0.00, real=0.01 secs] 
3229.019: [GC (Allocation Failure) [PSYoungGen: 68093K->1597K(68608K)] 353784K->287288K(752128K), 0.0018108 secs] [Times: user=0.01 sys=0.00, real=0.00 secs] 
3229.408: [GC (Allocation Failure) [PSYoungGen: 68157K->1581K(68608K)] 353848K->287272K(752128K), 0.0016193 secs] [Times: user=0.01 sys=0.00, real=0.00 secs] 
3229.799: [GC (Allocation Failure) [PSYoungGen: 68141K->1565K(68608K)] 353832K->287272K(752128K), 0.0016593 secs] [Times: user=0.01 sys=0.00, real=0.00 secs] 
3230.316: [GC (Allocation Failure) [PSYoungGen: 68125K->1424K(68608K)] 353832K->287131K(752128K), 0.0033398 secs] [Times: user=0.01 sys=0.00, real=0.00 secs] 
3230.857: [GC (Allocation Failure) [PSYoungGen: 67984K->1408K(68608K)] 353691K->287115K(752128K), 0.0029371 secs] [Times: user=0.01 sys=0.00, real=0.00 secs] 
3231.562: [GC (Allocation Failure) [PSYoungGen: 67968K->1376K(68608K)] 353675K->287083K(752128K), 0.0025260 secs] [Times: user=0.01 sys=0.00, real=0.00 secs] 
3232.354: [GC (Allocation Failure) [PSYoungGen: 67936K->1408K(68608K)] 353643K->287115K(752128K), 0.0027933 secs] [Times: user=0.01 sys=0.00, real=0.00 secs] 
3232.946: [GC (Allocation Failure) [PSYoungGen: 67968K->1549K(68608K)] 353675K->287256K(752128K), 0.0016532 secs] [Times: user=0.00 sys=0.00, real=0.00 secs] 
3233.338: [GC (Allocation Failure) [PSYoungGen: 68080K->1645K(68608K)] 353788K->287352K(752128K), 0.0017286 secs] [Times: user=0.01 sys=0.00, real=0.00 secs] 
3233.729: [GC (Allocation Failure) [PSYoungGen: 68205K->1597K(68608K)] 353912K->287304K(752128K), 0.0016495 secs] [Times: user=0.01 sys=0.00, real=0.00 secs] 
3234.120: [GC (Allocation Failure) [PSYoungGen: 68128K->1629K(68608K)] 353836K->287352K(752128K), 0.0017619 secs] [Times: user=0.01 sys=0.00, real=0.01 secs] 
3234.453: [GC (Allocation Failure) [PSYoungGen: 68189K->1408K(68608K)] 353912K->287131K(752128K), 0.0016884 secs] [Times: user=0.00 sys=0.00, real=0.00 secs] 
3234.761: [GC (Allocation Failure) [PSYoungGen: 67968K->1408K(68608K)] 353691K->287131K(752128K), 0.0016488 secs] [Times: user=0.01 sys=0.00, real=0.00 secs] 
3235.038: [GC (Allocation Failure) [PSYoungGen: 67968K->1408K(68608K)] 353691K->287131K(752128K), 0.0031498 secs] [Times: user=0.01 sys=0.00, real=0.01 secs] 
3235.316: [GC (Allocation Failure) [PSYoungGen: 67968K->1376K(68608K)] 353691K->287099K(752128K), 0.0019357 secs] [Times: user=0.00 sys=0.00, real=0.00 secs] 
3235.742: [GC (Allocation Failure) [PSYoungGen: 67936K->1549K(68608K)] 353659K->287272K(752128K), 0.0016378 secs] [Times: user=0.01 sys=0.00, real=0.00 secs] 
3236.137: [GC (Allocation Failure) [PSYoungGen: 68109K->1565K(68608K)] 353832K->287288K(752128K), 0.0017464 secs] [Times: user=0.00 sys=0.00, real=0.00 secs] 
3236.528: [GC (Allocation Failure) [PSYoungGen: 68125K->1581K(68608K)] 353848K->287304K(752128K), 0.0016517 secs] [Times: user=0.00 sys=0.00, real=0.00 secs] 
3236.931: [GC (Allocation Failure) [PSYoungGen: 68141K->1808K(68608K)] 353864K->287531K(752128K), 0.0018865 secs] [Times: user=0.00 sys=0.00, real=0.01 secs] 
3237.334: [GC (Allocation Failure) [PSYoungGen: 68368K->1392K(68608K)] 354091K->287139K(752128K), 0.0017597 secs] [Times: user=0.01 sys=0.00, real=0.00 secs] 
3237.906: [GC (Allocation Failure) [PSYoungGen: 67952K->1376K(68608K)] 353699K->287123K(752128K), 0.0015715 secs] [Times: user=0.00 sys=0.00, real=0.00 secs] 
3238.683: [GC (Allocation Failure) [PSYoungGen: 67936K->1376K(68608K)] 353683K->287123K(752128K), 0.0017848 secs] [Times: user=0.00 sys=0.00, real=0.00 secs] 
3239.640: [GC (Allocation Failure) [PSYoungGen: 67936K->1376K(68608K)] 353683K->287123K(752128K), 0.0017825 secs] [Times: user=0.01 sys=0.00, real=0.01 secs] 
3240.169: [GC (Allocation Failure) [PSYoungGen: 67936K->1613K(68608K)] 353683K->287360K(752128K), 0.0018031 secs] [Times: user=0.01 sys=0.00, real=0.00 secs] 
3240.560: [GC (Allocation Failure) [PSYoungGen: 68173K->1565K(68608K)] 353920K->287312K(752128K), 0.0018414 secs] [Times: user=0.00 sys=0.00, real=0.01 secs] 
3241.009: [GC (Allocation Failure) [PSYoungGen: 68125K->1616K(68608K)] 353872K->287363K(752128K), 0.0017457 secs] [Times: user=0.00 sys=0.00, real=0.00 secs] 
3241.540: [GC (Allocation Failure) [PSYoungGen: 68176K->1472K(68608K)] 353923K->287219K(752128K), 0.0026380 secs] [Times: user=0.01 sys=0.00, real=0.01 secs] 
3241.950: [GC (Allocation Failure) [PSYoungGen: 68032K->1376K(68608K)] 353779K->287123K(752128K), 0.0019804 secs] [Times: user=0.01 sys=0.00, real=0.01 secs] 
3242.239: [GC (Allocation Failure) [PSYoungGen: 67936K->1376K(68608K)] 353683K->287123K(752128K), 0.0019523 secs] [Times: user=0.01 sys=0.00, real=0.00 secs] 
3242.663: [GC (Allocation Failure) [PSYoungGen: 67936K->1376K(68608K)] 353683K->287123K(752128K), 0.0019302 secs] [Times: user=0.01 sys=0.00, real=0.00 secs] 
3243.124: [GC (Allocation Failure) [PSYoungGen: 67936K->1440K(68608K)] 353683K->287187K(752128K), 0.0019638 secs] [Times: user=0.01 sys=0.00, real=0.00 secs] 
3243.559: [GC (Allocation Failure) [PSYoungGen: 68000K->1581K(68608K)] 353747K->287328K(752128K), 0.0016741 secs] [Times: user=0.00 sys=0.00, real=0.00 secs] 
3243.949: [GC (Allocation Failure) [PSYoungGen: 68141K->1613K(68608K)] 353888K->287360K(752128K), 0.0017753 secs] [Times: user=0.00 sys=0.00, real=0.00 secs] 
3244.341: [GC (Allocation Failure) [PSYoungGen: 68173K->1600K(68608K)] 353920K->287363K(752128K), 0.0016204 secs] [Times: user=0.00 sys=0.00, real=0.01 secs] 
3244.748: [GC (Allocation Failure) [PSYoungGen: 68160K->1488K(68608K)] 353923K->287251K(752128K), 0.0019751 secs] [Times: user=0.00 sys=0.00, real=0.00 secs] 
3245.078: [GC (Allocation Failure) [PSYoungGen: 68048K->1376K(68608K)] 353811K->287139K(752128K), 0.0015496 secs] [Times: user=0.01 sys=0.00, real=0.00 secs] 
3245.368: [GC (Allocation Failure) [PSYoungGen: 67936K->1376K(68608K)] 353699K->287139K(752128K), 0.0018400 secs] [Times: user=0.01 sys=0.00, real=0.00 secs] 
3245.698: [GC (Allocation Failure) [PSYoungGen: 67936K->1344K(68608K)] 353699K->287107K(752128K), 0.0018411 secs] [Times: user=0.00 sys=0.00, real=0.00 secs] 
3246.024: [GC (Allocation Failure) [PSYoungGen: 67904K->1485K(68608K)] 353667K->287248K(752128K), 0.0016485 secs] [Times: user=0.01 sys=0.00, real=0.00 secs] 
3246.420: [GC (Allocation Failure) [PSYoungGen: 68045K->1597K(68608K)] 353808K->287360K(752128K), 0.0016776 secs] [Times: user=0.01 sys=0.00, real=0.01 secs] 
3246.815: [GC (Allocation Failure) [PSYoungGen: 68157K->1613K(68608K)] 353920K->287400K(752128K), 0.0016976 secs] [Times: user=0.00 sys=0.00, real=0.00 secs] 
3247.205: [GC (Allocation Failure) [PSYoungGen: 68173K->1629K(68608K)] 353960K->287432K(752128K), 0.0017165 secs] [Times: user=0.00 sys=0.00, real=0.00 secs] 
3247.566: [GC (Allocation Failure) [PSYoungGen: 68189K->1440K(68608K)] 353992K->287243K(752128K), 0.0018164 secs] [Times: user=0.01 sys=0.00, real=0.00 secs] 
3247.842: [GC (Allocation Failure) [PSYoungGen: 68000K->1376K(68608K)] 353803K->287179K(752128K), 0.0017281 secs] [Times: user=0.00 sys=0.00, real=0.00 secs] 
3248.118: [GC (Allocation Failure) [PSYoungGen: 67936K->1376K(68608K)] 353739K->287179K(752128K), 0.0023124 secs] [Times: user=0.01 sys=0.00, real=0.00 secs] 
3248.396: [GC (Allocation Failure) [PSYoungGen: 67936K->1376K(68608K)] 353739K->287179K(752128K), 0.0020013 secs] [Times: user=0.00 sys=0.00, real=0.00 secs] 
3248.767: [GC (Allocation Failure) [PSYoungGen: 67936K->1549K(68608K)] 353739K->287352K(752128K), 0.0015251 secs] [Times: user=0.01 sys=0.00, real=0.00 secs] 
3249.156: [GC (Allocation Failure) [PSYoungGen: 68109K->1581K(68608K)] 353912K->287384K(752128K), 0.0015882 secs] [Times: user=0.01 sys=0.00, real=0.00 secs] 
3249.548: [GC (Allocation Failure) [PSYoungGen: 68141K->1536K(68608K)] 353944K->287339K(752128K), 0.0016743 secs] [Times: user=0.00 sys=0.00, real=0.00 secs] 
3249.937: [GC (Allocation Failure) [PSYoungGen: 68096K->1581K(68608K)] 353899K->287400K(752128K), 0.0017990 secs] [Times: user=0.00 sys=0.00, real=0.00 secs] 
3250.281: [GC (Allocation Failure) [PSYoungGen: 68141K->1504K(68608K)] 353960K->287323K(752128K), 0.0017411 secs] [Times: user=0.00 sys=0.00, real=0.01 secs] 
3250.558: [GC (Allocation Failure) [PSYoungGen: 68064K->1408K(68608K)] 353883K->287227K(752128K), 0.0016956 secs] [Times: user=0.01 sys=0.00, real=0.00 secs] 
3250.834: [GC (Allocation Failure) [PSYoungGen: 67968K->1376K(68608K)] 353787K->287195K(752128K), 0.0016379 secs] [Times: user=0.01 sys=0.00, real=0.00 secs] 
3251.110: [GC (Allocation Failure) [PSYoungGen: 67936K->1376K(68608K)] 353755K->287195K(752128K), 0.0017690 secs] [Times: user=0.00 sys=0.00, real=0.01 secs] 
3251.475: [GC (Allocation Failure) [PSYoungGen: 67936K->1533K(68608K)] 353755K->287352K(752128K), 0.0015145 secs] [Times: user=0.01 sys=0.00, real=0.00 secs] 
3251.934: [GC (Allocation Failure) [PSYoungGen: 68093K->1616K(68608K)] 353912K->287435K(752128K), 0.0016868 secs] [Times: user=0.00 sys=0.00, real=0.00 secs] 
3252.384: [GC (Allocation Failure) [PSYoungGen: 68176K->1565K(68608K)] 353995K->287384K(752128K), 0.0016323 secs] [Times: user=0.00 sys=0.00, real=0.00 secs] 
3252.774: [GC (Allocation Failure) [PSYoungGen: 68125K->1533K(68608K)] 353944K->287368K(752128K), 0.0016553 secs] [Times: user=0.00 sys=0.00, real=0.00 secs] 
3253.354: [GC (Allocation Failure) [PSYoungGen: 68093K->1376K(68608K)] 353928K->287211K(752128K), 0.0039094 secs] [Times: user=0.02 sys=0.00, real=0.00 secs] 
3254.234: [GC (Allocation Failure) [PSYoungGen: 67936K->1408K(68608K)] 353771K->287243K(752128K), 0.0038128 secs] [Times: user=0.01 sys=0.00, real=0.00 secs] 
3255.022: [GC (Allocation Failure) [PSYoungGen: 67968K->1376K(68608K)] 353803K->287211K(752128K), 0.0030604 secs] [Times: user=0.01 sys=0.00, real=0.00 secs] 
3255.539: [GC (Allocation Failure) [PSYoungGen: 67936K->1408K(68608K)] 353771K->287243K(752128K), 0.0024622 secs] [Times: user=0.01 sys=0.00, real=0.01 secs] 
3256.113: [GC (Allocation Failure) [PSYoungGen: 67968K->1549K(68608K)] 353803K->287384K(752128K), 0.0016140 secs] [Times: user=0.01 sys=0.00, real=0.00 secs] 
3256.505: [GC (Allocation Failure) [PSYoungGen: 68109K->1613K(68608K)] 353944K->287448K(752128K), 0.0016605 secs] [Times: user=0.01 sys=0.00, real=0.00 secs] 
3256.898: [GC (Allocation Failure) [PSYoungGen: 68173K->1584K(68608K)] 354008K->287419K(752128K), 0.0016804 secs] [Times: user=0.00 sys=0.00, real=0.00 secs] 
3257.289: [GC (Allocation Failure) [PSYoungGen: 68144K->1597K(68608K)] 353979K->287448K(752128K), 0.0016505 secs] [Times: user=0.01 sys=0.00, real=0.00 secs] 
3258.999: [GC (Allocation Failure) [PSYoungGen: 68157K->1472K(68608K)] 354008K->287331K(752128K), 0.0034072 secs] [Times: user=0.02 sys=0.00, real=0.01 secs] 
3259.812: [GC (Allocation Failure) [PSYoungGen: 68032K->1408K(68608K)] 353891K->287267K(752128K), 0.0036414 secs] [Times: user=0.01 sys=0.00, real=0.00 secs] 
3260.348: [GC (Allocation Failure) [PSYoungGen: 67968K->1344K(68608K)] 353827K->287219K(752128K), 0.0037424 secs] [Times: user=0.01 sys=0.01, real=0.01 secs] 
3260.949: [GC (Allocation Failure) [PSYoungGen: 67904K->1408K(68608K)] 353779K->287283K(752128K), 0.0023431 secs] [Times: user=0.00 sys=0.01, real=0.01 secs] 
3261.581: [GC (Allocation Failure) [PSYoungGen: 67968K->1517K(68608K)] 353843K->287392K(752128K), 0.0016502 secs] [Times: user=0.00 sys=0.00, real=0.00 secs] 
3261.975: [GC (Allocation Failure) [PSYoungGen: 68077K->1597K(68608K)] 353952K->287472K(752128K), 0.0017558 secs] [Times: user=0.01 sys=0.00, real=0.00 secs] 
3262.376: [GC (Allocation Failure) [PSYoungGen: 68157K->1504K(68608K)] 354032K->287379K(752128K), 0.0047831 secs] [Times: user=0.02 sys=0.00, real=0.00 secs] 
3262.765: [GC (Allocation Failure) [PSYoungGen: 68064K->224K(68608K)] 353939K->286107K(752128K), 0.0015673 secs] [Times: user=0.01 sys=0.00, real=0.00 secs] 
3263.122: [GC (Allocation Failure) [PSYoungGen: 66784K->1360K(68608K)] 352667K->287243K(752128K), 0.0024377 secs] [Times: user=0.01 sys=0.00, real=0.00 secs] 
3263.422: [GC (Allocation Failure) [PSYoungGen: 67920K->1376K(68608K)] 353803K->287259K(752128K), 0.0019617 secs] [Times: user=0.01 sys=0.00, real=0.00 secs] 
3263.767: [GC (Allocation Failure) [PSYoungGen: 67936K->1376K(68608K)] 353819K->287259K(752128K), 0.0020029 secs] [Times: user=0.01 sys=0.01, real=0.00 secs] 
3264.049: [GC (Allocation Failure) [PSYoungGen: 67936K->1376K(68608K)] 353819K->287259K(752128K), 0.0018903 secs] [Times: user=0.01 sys=0.00, real=0.00 secs] 
3264.468: [GC (Allocation Failure) [PSYoungGen: 67936K->1552K(68608K)] 353819K->287435K(752128K), 0.0015981 secs] [Times: user=0.01 sys=0.00, real=0.00 secs] 
3264.869: [GC (Allocation Failure) [PSYoungGen: 68112K->1533K(68608K)] 353995K->287416K(752128K), 0.0017396 secs] [Times: user=0.01 sys=0.00, real=0.00 secs] 
3265.259: [GC (Allocation Failure) [PSYoungGen: 68093K->1552K(68608K)] 353976K->287435K(752128K), 0.0017706 secs] [Times: user=0.01 sys=0.00, real=0.00 secs] 
3265.756: [GC (Allocation Failure) [PSYoungGen: 68112K->2016K(68608K)] 353995K->287907K(752128K), 0.0018265 secs] [Times: user=0.01 sys=0.00, real=0.00 secs] 
3266.039: [GC (Allocation Failure) [PSYoungGen: 68576K->1376K(68608K)] 354467K->287267K(752128K), 0.0019991 secs] [Times: user=0.01 sys=0.00, real=0.01 secs] 
3266.448: [GC (Allocation Failure) [PSYoungGen: 67936K->1376K(68608K)] 353827K->287267K(752128K), 0.0018188 secs] [Times: user=0.00 sys=0.00, real=0.00 secs] 
3267.048: [GC (Allocation Failure) [PSYoungGen: 67936K->1344K(68608K)] 353827K->287251K(752128K), 0.0017838 secs] [Times: user=0.01 sys=0.00, real=0.00 secs] 
3267.766: [GC (Allocation Failure) [PSYoungGen: 67904K->1376K(68608K)] 353811K->287283K(752128K), 0.0017606 secs] [Times: user=0.01 sys=0.00, real=0.00 secs] 
3268.300: [GC (Allocation Failure) [PSYoungGen: 67936K->1565K(68608K)] 353843K->287472K(752128K), 0.0015450 secs] [Times: user=0.00 sys=0.00, real=0.01 secs] 
3268.691: [GC (Allocation Failure) [PSYoungGen: 68125K->1565K(68608K)] 354032K->287472K(752128K), 0.0017231 secs] [Times: user=0.00 sys=0.00, real=0.01 secs] 
3269.079: [GC (Allocation Failure) [PSYoungGen: 68125K->1613K(68608K)] 354032K->287520K(752128K), 0.0016797 secs] [Times: user=0.00 sys=0.00, real=0.00 secs] 
3269.587: [GC (Allocation Failure) [PSYoungGen: 68173K->1504K(68608K)] 354080K->287411K(752128K), 0.0016437 secs] [Times: user=0.01 sys=0.00, real=0.00 secs] 
3270.387: [GC (Allocation Failure) [PSYoungGen: 68064K->1376K(68608K)] 353971K->287283K(752128K), 0.0036779 secs] [Times: user=0.01 sys=0.00, real=0.00 secs] 
3270.970: [GC (Allocation Failure) [PSYoungGen: 67936K->1408K(68608K)] 353843K->287315K(752128K), 0.0025527 secs] [Times: user=0.01 sys=0.00, real=0.01 secs] 
3271.239: [GC (Allocation Failure) [PSYoungGen: 67968K->1376K(68608K)] 353875K->287283K(752128K), 0.0018857 secs] [Times: user=0.00 sys=0.00, real=0.00 secs] 
3271.542: [GC (Allocation Failure) [PSYoungGen: 67936K->1485K(68608K)] 353843K->287392K(752128K), 0.0018382 secs] [Times: user=0.01 sys=0.00, real=0.00 secs] 
3271.938: [GC (Allocation Failure) [PSYoungGen: 68045K->1597K(68608K)] 353952K->287504K(752128K), 0.0015708 secs] [Times: user=0.01 sys=0.00, real=0.00 secs] 
3272.394: [GC (Allocation Failure) [PSYoungGen: 68144K->1552K(68608K)] 354052K->287459K(752128K), 0.0016397 secs] [Times: user=0.00 sys=0.00, real=0.00 secs] 
3272.846: [GC (Allocation Failure) [PSYoungGen: 68089K->1613K(68608K)] 353997K->287536K(752128K), 0.0017157 secs] [Times: user=0.00 sys=0.00, real=0.00 secs] 
3274.282: [GC (Allocation Failure) [PSYoungGen: 68173K->1488K(68608K)] 354096K->287411K(752128K), 0.0034214 secs] [Times: user=0.02 sys=0.00, real=0.00 secs] 
3275.805: [GC (Allocation Failure) [PSYoungGen: 68048K->1408K(68608K)] 353971K->287331K(752128K), 0.0030136 secs] [Times: user=0.02 sys=0.00, real=0.00 secs] 
3276.442: [GC (Allocation Failure) [PSYoungGen: 67968K->1408K(68608K)] 353891K->287331K(752128K), 0.0036890 secs] [Times: user=0.01 sys=0.00, real=0.00 secs] 
3277.047: [GC (Allocation Failure) [PSYoungGen: 67968K->1376K(68608K)] 353891K->287299K(752128K), 0.0031217 secs] [Times: user=0.01 sys=0.00, real=0.00 secs] 
3277.693: [GC (Allocation Failure) [PSYoungGen: 67936K->1453K(68608K)] 353859K->287376K(752128K), 0.0020923 secs] [Times: user=0.01 sys=0.00, real=0.00 secs] 
3278.120: [GC (Allocation Failure) [PSYoungGen: 67990K->1629K(68608K)] 353913K->287552K(752128K), 0.0015813 secs] [Times: user=0.01 sys=0.00, real=0.00 secs] 
3278.508: [GC (Allocation Failure) [PSYoungGen: 68189K->1584K(68608K)] 354112K->287507K(752128K), 0.0015080 secs] [Times: user=0.00 sys=0.00, real=0.00 secs] 
3278.898: [GC (Allocation Failure) [PSYoungGen: 68128K->1565K(68608K)] 354052K->287496K(752128K), 0.0017455 secs] [Times: user=0.01 sys=0.00, real=0.00 secs] 
3279.255: [GC (Allocation Failure) [PSYoungGen: 68125K->1472K(68608K)] 354056K->287403K(752128K), 0.0017348 secs] [Times: user=0.01 sys=0.00, real=0.00 secs] 
3279.531: [GC (Allocation Failure) [PSYoungGen: 68032K->1424K(68608K)] 353963K->287379K(752128K), 0.0017120 secs] [Times: user=0.00 sys=0.00, real=0.00 secs] 
3280.027: [GC (Allocation Failure) [PSYoungGen: 67984K->1376K(68608K)] 353939K->287331K(752128K), 0.0017080 secs] [Times: user=0.00 sys=0.00, real=0.00 secs] 
3280.679: [GC (Allocation Failure) [PSYoungGen: 67936K->1376K(68608K)] 353891K->287331K(752128K), 0.0036869 secs] [Times: user=0.02 sys=0.00, real=0.01 secs] 
3281.588: [GC (Allocation Failure) [PSYoungGen: 67936K->1533K(68608K)] 353891K->287488K(752128K), 0.0019081 secs] [Times: user=0.01 sys=0.00, real=0.00 secs] 
3281.998: [GC (Allocation Failure) [PSYoungGen: 68072K->1552K(68608K)] 354028K->287507K(752128K), 0.0015848 secs] [Times: user=0.01 sys=0.00, real=0.00 secs] 
3282.387: [GC (Allocation Failure) [PSYoungGen: 68112K->1565K(68608K)] 354067K->287520K(752128K), 0.0015677 secs] [Times: user=0.00 sys=0.00, real=0.00 secs] 
3282.790: [GC (Allocation Failure) [PSYoungGen: 68125K->1565K(68608K)] 354080K->287536K(752128K), 0.0015787 secs] [Times: user=0.00 sys=0.00, real=0.01 secs] 
3283.132: [GC (Allocation Failure) [PSYoungGen: 68125K->1440K(68608K)] 354096K->287411K(752128K), 0.0015925 secs] [Times: user=0.00 sys=0.00, real=0.00 secs] 
3283.443: [GC (Allocation Failure) [PSYoungGen: 68000K->1408K(68608K)] 353971K->287379K(752128K), 0.0017008 secs] [Times: user=0.01 sys=0.00, real=0.00 secs] 
3283.719: [GC (Allocation Failure) [PSYoungGen: 67968K->1344K(68608K)] 353939K->287315K(752128K), 0.0016067 secs] [Times: user=0.01 sys=0.00, real=0.00 secs] 
3284.049: [GC (Allocation Failure) [PSYoungGen: 67904K->1376K(68608K)] 353875K->287347K(752128K), 0.0017165 secs] [Times: user=0.00 sys=0.00, real=0.00 secs] 
3284.464: [GC (Allocation Failure) [PSYoungGen: 67936K->1501K(68608K)] 353907K->287472K(752128K), 0.0015623 secs] [Times: user=0.01 sys=0.00, real=0.00 secs] 
3284.854: [GC (Allocation Failure) [PSYoungGen: 68061K->1645K(68608K)] 354032K->287616K(752128K), 0.0018424 secs] [Times: user=0.01 sys=0.00, real=0.00 secs] 
3285.304: [GC (Allocation Failure) [PSYoungGen: 68205K->1629K(68608K)] 354176K->287600K(752128K), 0.0016107 secs] [Times: user=0.01 sys=0.00, real=0.00 secs] 
3285.694: [GC (Allocation Failure) [PSYoungGen: 68187K->1565K(68608K)] 354159K->287552K(752128K), 0.0018149 secs] [Times: user=0.01 sys=0.00, real=0.00 secs] 
3286.045: [GC (Allocation Failure) [PSYoungGen: 68125K->1456K(68608K)] 354112K->287443K(752128K), 0.0020615 secs] [Times: user=0.01 sys=0.00, real=0.00 secs] 
3286.322: [GC (Allocation Failure) [PSYoungGen: 68016K->1376K(68608K)] 354003K->287363K(752128K), 0.0018335 secs] [Times: user=0.01 sys=0.00, real=0.00 secs] 
3286.598: [GC (Allocation Failure) [PSYoungGen: 67936K->1344K(68608K)] 353923K->287331K(752128K), 0.0019298 secs] [Times: user=0.01 sys=0.00, real=0.00 secs] 
3286.875: [GC (Allocation Failure) [PSYoungGen: 67904K->1376K(68608K)] 353891K->287379K(752128K), 0.0017704 secs] [Times: user=0.01 sys=0.00, real=0.00 secs] 
3287.301: [GC (Allocation Failure) [PSYoungGen: 67936K->1485K(68608K)] 353939K->287488K(752128K), 0.0016155 secs] [Times: user=0.01 sys=0.00, real=0.00 secs] 
3287.692: [GC (Allocation Failure) [PSYoungGen: 68045K->1504K(68608K)] 354048K->287507K(752128K), 0.0016866 secs] [Times: user=0.01 sys=0.00, real=0.00 secs] 
3288.082: [GC (Allocation Failure) [PSYoungGen: 68064K->1581K(68608K)] 354067K->287584K(752128K), 0.0016449 secs] [Times: user=0.01 sys=0.00, real=0.00 secs] 
3288.474: [GC (Allocation Failure) [PSYoungGen: 68141K->1533K(68608K)] 354144K->287552K(752128K), 0.0017463 secs] [Times: user=0.01 sys=0.00, real=0.00 secs] 
3289.061: [GC (Allocation Failure) [PSYoungGen: 68093K->1440K(68608K)] 354112K->287459K(752128K), 0.0019057 secs] [Times: user=0.01 sys=0.00, real=0.01 secs] 
3289.351: [GC (Allocation Failure) [PSYoungGen: 68000K->1424K(68608K)] 354019K->287443K(752128K), 0.0018836 secs] [Times: user=0.01 sys=0.00, real=0.01 secs] 
3289.684: [GC (Allocation Failure) [PSYoungGen: 67984K->1392K(68608K)] 354003K->287411K(752128K), 0.0018272 secs] [Times: user=0.01 sys=0.00, real=0.00 secs] 
3290.022: [GC (Allocation Failure) [PSYoungGen: 67952K->1376K(68608K)] 353971K->287395K(752128K), 0.0019825 secs] [Times: user=0.01 sys=0.00, real=0.00 secs] 
3290.418: [GC (Allocation Failure) [PSYoungGen: 67936K->1536K(68608K)] 353955K->287555K(752128K), 0.0016387 secs] [Times: user=0.01 sys=0.00, real=0.00 secs] 
3290.810: [GC (Allocation Failure) [PSYoungGen: 68096K->1616K(68608K)] 354115K->287635K(752128K), 0.0016076 secs] [Times: user=0.00 sys=0.00, real=0.01 secs] 
3291.202: [GC (Allocation Failure) [PSYoungGen: 68176K->1565K(68608K)] 354195K->287584K(752128K), 0.0016991 secs] [Times: user=0.01 sys=0.00, real=0.00 secs] 
3291.620: [GC (Allocation Failure) [PSYoungGen: 68125K->1600K(68608K)] 354144K->287619K(752128K), 0.0016596 secs] [Times: user=0.01 sys=0.00, real=0.00 secs] 
3293.023: [GC (Allocation Failure) [PSYoungGen: 68160K->1360K(68608K)] 354179K->287379K(752128K), 0.0026475 secs] [Times: user=0.02 sys=0.00, real=0.00 secs] 
3293.572: [GC (Allocation Failure) [PSYoungGen: 67920K->1440K(68608K)] 353939K->287459K(752128K), 0.0039116 secs] [Times: user=0.01 sys=0.00, real=0.00 secs] 
3293.854: [GC (Allocation Failure) [PSYoungGen: 68000K->1376K(68608K)] 354019K->287395K(752128K), 0.0024323 secs] [Times: user=0.01 sys=0.00, real=0.00 secs] 
3294.128: [GC (Allocation Failure) [PSYoungGen: 67936K->1376K(68608K)] 353955K->287395K(752128K), 0.0020035 secs] [Times: user=0.01 sys=0.00, real=0.00 secs] 
3294.534: [GC (Allocation Failure) [PSYoungGen: 67936K->1597K(68608K)] 353955K->287616K(752128K), 0.0016055 secs] [Times: user=0.01 sys=0.00, real=0.00 secs] 
3294.925: [GC (Allocation Failure) [PSYoungGen: 68157K->1616K(68608K)] 354176K->287635K(752128K), 0.0017134 secs] [Times: user=0.01 sys=0.00, real=0.00 secs] 
3295.316: [GC (Allocation Failure) [PSYoungGen: 68176K->1584K(68608K)] 354195K->287603K(752128K), 0.0016774 secs] [Times: user=0.00 sys=0.00, real=0.00 secs] 
3295.783: [GC (Allocation Failure) [PSYoungGen: 68144K->1536K(68608K)] 354163K->287555K(752128K), 0.0018846 secs] [Times: user=0.01 sys=0.00, real=0.00 secs] 
3296.611: [GC (Allocation Failure) [PSYoungGen: 68096K->1376K(68608K)] 354115K->287395K(752128K), 0.0028791 secs] [Times: user=0.01 sys=0.00, real=0.01 secs] 
3297.075: [GC (Allocation Failure) [PSYoungGen: 67936K->1408K(68608K)] 353955K->287427K(752128K), 0.0020193 secs] [Times: user=0.01 sys=0.00, real=0.00 secs] 
3297.344: [GC (Allocation Failure) [PSYoungGen: 67968K->1376K(68608K)] 353987K->287395K(752128K), 0.0019570 secs] [Times: user=0.01 sys=0.00, real=0.00 secs] 
3297.620: [GC (Allocation Failure) [PSYoungGen: 67936K->1376K(68608K)] 353955K->287395K(752128K), 0.0020304 secs] [Times: user=0.01 sys=0.00, real=0.01 secs] 
3298.049: [GC (Allocation Failure) [PSYoungGen: 67936K->1597K(68608K)] 353955K->287616K(752128K), 0.0016282 secs] [Times: user=0.00 sys=0.00, real=0.00 secs] 
3298.440: [GC (Allocation Failure) [PSYoungGen: 68157K->1581K(68608K)] 354176K->287624K(752128K), 0.0016882 secs] [Times: user=0.01 sys=0.00, real=0.01 secs] 
3298.829: [GC (Allocation Failure) [PSYoungGen: 68141K->1616K(68608K)] 354184K->287675K(752128K), 0.0016377 secs] [Times: user=0.01 sys=0.00, real=0.00 secs] 
3299.315: [GC (Allocation Failure) [PSYoungGen: 68176K->1504K(68608K)] 354235K->287563K(752128K), 0.0018158 secs] [Times: user=0.00 sys=0.00, real=0.00 secs] 
3299.974: [GC (Allocation Failure) [PSYoungGen: 68064K->1376K(68608K)] 354123K->287435K(752128K), 0.0035853 secs] [Times: user=0.01 sys=0.00, real=0.00 secs] 
3300.382: [GC (Allocation Failure) [PSYoungGen: 67936K->1408K(68608K)] 353995K->287467K(752128K), 0.0020049 secs] [Times: user=0.01 sys=0.01, real=0.00 secs] 
3300.818: [GC (Allocation Failure) [PSYoungGen: 67968K->1408K(68608K)] 354027K->287467K(752128K), 0.0017956 secs] [Times: user=0.01 sys=0.00, real=0.00 secs] 
3301.322: [GC (Allocation Failure) [PSYoungGen: 67968K->1501K(68608K)] 354027K->287560K(752128K), 0.0017982 secs] [Times: user=0.01 sys=0.00, real=0.00 secs] 
3301.730: [GC (Allocation Failure) [PSYoungGen: 68061K->1533K(68608K)] 354120K->287592K(752128K), 0.0016585 secs] [Times: user=0.01 sys=0.00, real=0.01 secs] 
3302.125: [GC (Allocation Failure) [PSYoungGen: 68093K->1565K(68608K)] 354152K->287624K(752128K), 0.0015847 secs] [Times: user=0.01 sys=0.00, real=0.00 secs] 
3302.519: [GC (Allocation Failure) [PSYoungGen: 68125K->1565K(68608K)] 354184K->287640K(752128K), 0.0016810 secs] [Times: user=0.01 sys=0.00, real=0.00 secs] 
3303.734: [GC (Allocation Failure) [PSYoungGen: 68125K->1456K(68608K)] 354200K->287531K(752128K), 0.0034061 secs] [Times: user=0.01 sys=0.00, real=0.00 secs] 
3304.745: [GC (Allocation Failure) [PSYoungGen: 68016K->1408K(68608K)] 354091K->287483K(752128K), 0.0031845 secs] [Times: user=0.01 sys=0.01, real=0.00 secs] 
3305.322: [GC (Allocation Failure) [PSYoungGen: 67968K->1376K(68608K)] 354043K->287451K(752128K), 0.0023947 secs] [Times: user=0.01 sys=0.00, real=0.00 secs] 
3305.835: [GC (Allocation Failure) [PSYoungGen: 67936K->1376K(68608K)] 354011K->287451K(752128K), 0.0034874 secs] [Times: user=0.01 sys=0.00, real=0.00 secs] 
3306.669: [GC (Allocation Failure) [PSYoungGen: 67936K->1472K(68608K)] 354011K->287547K(752128K), 0.0021427 secs] [Times: user=0.01 sys=0.00, real=0.01 secs] 
3307.081: [GC (Allocation Failure) [PSYoungGen: 68032K->1533K(68608K)] 354107K->287608K(752128K), 0.0016967 secs] [Times: user=0.01 sys=0.00, real=0.01 secs] 
3307.471: [GC (Allocation Failure) [PSYoungGen: 68074K->1565K(68608K)] 354149K->287640K(752128K), 0.0016920 secs] [Times: user=0.01 sys=0.00, real=0.01 secs] 
3307.860: [GC (Allocation Failure) [PSYoungGen: 68125K->1597K(68608K)] 354200K->287688K(752128K), 0.0016865 secs] [Times: user=0.01 sys=0.00, real=0.01 secs] 
3308.212: [GC (Allocation Failure) [PSYoungGen: 68157K->1504K(68608K)] 354248K->287595K(752128K), 0.0017650 secs] [Times: user=0.01 sys=0.00, real=0.00 secs] 
3308.489: [GC (Allocation Failure) [PSYoungGen: 68064K->1376K(68608K)] 354155K->287467K(752128K), 0.0017246 secs] [Times: user=0.00 sys=0.00, real=0.00 secs] 
3308.812: [GC (Allocation Failure) [PSYoungGen: 67936K->1392K(68608K)] 354027K->287483K(752128K), 0.0035752 secs] [Times: user=0.02 sys=0.00, real=0.00 secs] 
3309.331: [GC (Allocation Failure) [PSYoungGen: 67952K->1376K(68608K)] 354043K->287475K(752128K), 0.0027078 secs] [Times: user=0.01 sys=0.00, real=0.00 secs] 
3309.968: [GC (Allocation Failure) [PSYoungGen: 67936K->1485K(68608K)] 354035K->287584K(752128K), 0.0015805 secs] [Times: user=0.00 sys=0.00, real=0.00 secs] 
3310.358: [GC (Allocation Failure) [PSYoungGen: 68045K->1504K(68608K)] 354144K->287603K(752128K), 0.0016188 secs] [Times: user=0.01 sys=0.00, real=0.00 secs] 
3310.748: [GC (Allocation Failure) [PSYoungGen: 68064K->1549K(68608K)] 354163K->287648K(752128K), 0.0016607 secs] [Times: user=0.01 sys=0.01, real=0.00 secs] 
3311.138: [GC (Allocation Failure) [PSYoungGen: 68109K->1597K(68608K)] 354208K->287712K(752128K), 0.0017944 secs] [Times: user=0.00 sys=0.00, real=0.00 secs] 
3311.731: [GC (Allocation Failure) [PSYoungGen: 68157K->1440K(68608K)] 354272K->287555K(752128K), 0.0018891 secs] [Times: user=0.01 sys=0.00, real=0.00 secs] 
3312.115: [GC (Allocation Failure) [PSYoungGen: 68000K->1376K(68608K)] 354115K->287491K(752128K), 0.0018518 secs] [Times: user=0.01 sys=0.00, real=0.00 secs] 
3312.450: [GC (Allocation Failure) [PSYoungGen: 67936K->1376K(68608K)] 354051K->287491K(752128K), 0.0018143 secs] [Times: user=0.00 sys=0.00, real=0.01 secs] 
3312.892: [GC (Allocation Failure) [PSYoungGen: 67936K->1344K(68608K)] 354051K->287459K(752128K), 0.0017292 secs] [Times: user=0.01 sys=0.00, real=0.00 secs] 
3313.419: [GC (Allocation Failure) [PSYoungGen: 67904K->1517K(68608K)] 354019K->287632K(752128K), 0.0014634 secs] [Times: user=0.00 sys=0.00, real=0.00 secs] 
3313.812: [GC (Allocation Failure) [PSYoungGen: 68077K->1613K(68608K)] 354192K->287728K(752128K), 0.0016860 secs] [Times: user=0.01 sys=0.00, real=0.00 secs] 
3314.202: [GC (Allocation Failure) [PSYoungGen: 68173K->1581K(68608K)] 354288K->287696K(752128K), 0.0016186 secs] [Times: user=0.01 sys=0.00, real=0.00 secs] 
3314.595: [GC (Allocation Failure) [PSYoungGen: 68141K->1581K(68608K)] 354256K->287712K(752128K), 0.0016864 secs] [Times: user=0.01 sys=0.00, real=0.00 secs] 
3316.543: [GC (Allocation Failure) [PSYoungGen: 68141K->1408K(68608K)] 354272K->287539K(752128K), 0.0030289 secs] [Times: user=0.02 sys=0.00, real=0.00 secs] 
3316.817: [GC (Allocation Failure) [PSYoungGen: 67968K->1408K(68608K)] 354099K->287539K(752128K), 0.0019221 secs] [Times: user=0.01 sys=0.00, real=0.00 secs] 
3317.093: [GC (Allocation Failure) [PSYoungGen: 67968K->1376K(68608K)] 354099K->287507K(752128K), 0.0020721 secs] [Times: user=0.00 sys=0.00, real=0.00 secs] 
3317.370: [GC (Allocation Failure) [PSYoungGen: 67936K->1360K(68608K)] 354067K->287491K(752128K), 0.0018155 secs] [Times: user=0.01 sys=0.00, real=0.01 secs] 
3317.761: [GC (Allocation Failure) [PSYoungGen: 67920K->1549K(68608K)] 354051K->287680K(752128K), 0.0016535 secs] [Times: user=0.00 sys=0.00, real=0.01 secs] 
3318.212: [GC (Allocation Failure) [PSYoungGen: 68109K->1565K(68608K)] 354240K->287696K(752128K), 0.0017931 secs] [Times: user=0.01 sys=0.00, real=0.00 secs] 
3318.604: [GC (Allocation Failure) [PSYoungGen: 68113K->1552K(68608K)] 354244K->287699K(752128K), 0.0017368 secs] [Times: user=0.00 sys=0.01, real=0.00 secs] 
3319.053: [GC (Allocation Failure) [PSYoungGen: 68112K->1520K(68608K)] 354259K->287683K(752128K), 0.0018287 secs] [Times: user=0.00 sys=0.00, real=0.00 secs] 
3320.055: [GC (Allocation Failure) [PSYoungGen: 68080K->1440K(68608K)] 354243K->287603K(752128K), 0.0037847 secs] [Times: user=0.01 sys=0.00, real=0.00 secs] 
3320.655: [GC (Allocation Failure) [PSYoungGen: 68000K->1344K(68608K)] 354163K->287507K(752128K), 0.0031591 secs] [Times: user=0.01 sys=0.00, real=0.00 secs] 
3321.026: [GC (Allocation Failure) [PSYoungGen: 67904K->1440K(68608K)] 354067K->287603K(752128K), 0.0019893 secs] [Times: user=0.01 sys=0.00, real=0.00 secs] 
3321.316: [GC (Allocation Failure) [PSYoungGen: 68000K->1376K(68608K)] 354163K->287539K(752128K), 0.0019328 secs] [Times: user=0.00 sys=0.00, real=0.00 secs] 
3321.728: [GC (Allocation Failure) [PSYoungGen: 67936K->1517K(68608K)] 354099K->287680K(752128K), 0.0016537 secs] [Times: user=0.00 sys=0.00, real=0.00 secs] 
3322.122: [GC (Allocation Failure) [PSYoungGen: 68077K->1597K(68608K)] 354240K->287760K(752128K), 0.0017838 secs] [Times: user=0.00 sys=0.00, real=0.00 secs] 
3322.514: [GC (Allocation Failure) [PSYoungGen: 68157K->1597K(68608K)] 354320K->287760K(752128K), 0.0016701 secs] [Times: user=0.01 sys=0.00, real=0.00 secs] 
3322.994: [GC (Allocation Failure) [PSYoungGen: 68157K->2016K(68608K)] 354320K->288195K(752128K), 0.0018279 secs] [Times: user=0.00 sys=0.00, real=0.00 secs] 
3323.274: [GC (Allocation Failure) [PSYoungGen: 68576K->1376K(68608K)] 354755K->287555K(752128K), 0.0018542 secs] [Times: user=0.01 sys=0.00, real=0.00 secs] 
3323.551: [GC (Allocation Failure) [PSYoungGen: 67936K->1376K(68608K)] 354115K->287555K(752128K), 0.0041390 secs] [Times: user=0.02 sys=0.00, real=0.01 secs] 
3323.830: [GC (Allocation Failure) [PSYoungGen: 67936K->1408K(68608K)] 354115K->287587K(752128K), 0.0017766 secs] [Times: user=0.01 sys=0.00, real=0.01 secs] 
3324.106: [GC (Allocation Failure) [PSYoungGen: 67968K->1376K(68608K)] 354147K->287555K(752128K), 0.0018095 secs] [Times: user=0.01 sys=0.00, real=0.00 secs] 
3324.535: [GC (Allocation Failure) [PSYoungGen: 67936K->1549K(68608K)] 354115K->287728K(752128K), 0.0016594 secs] [Times: user=0.00 sys=0.00, real=0.00 secs] 
3324.925: [GC (Allocation Failure) [PSYoungGen: 68109K->1568K(68608K)] 354288K->287747K(752128K), 0.0017045 secs] [Times: user=0.01 sys=0.00, real=0.00 secs] 
3325.315: [GC (Allocation Failure) [PSYoungGen: 68128K->1581K(68608K)] 354307K->287760K(752128K), 0.0015854 secs] [Times: user=0.00 sys=0.00, real=0.00 secs] 
3325.718: [GC (Allocation Failure) [PSYoungGen: 68141K->1472K(68608K)] 354320K->287651K(752128K), 0.0018689 secs] [Times: user=0.01 sys=0.00, real=0.00 secs] 
3326.061: [GC (Allocation Failure) [PSYoungGen: 68032K->1376K(68608K)] 354211K->287555K(752128K), 0.0017975 secs] [Times: user=0.01 sys=0.00, real=0.01 secs] 
3326.398: [GC (Allocation Failure) [PSYoungGen: 67936K->1344K(68608K)] 354115K->287539K(752128K), 0.0019171 secs] [Times: user=0.01 sys=0.00, real=0.00 secs] 
3326.684: [GC (Allocation Failure) [PSYoungGen: 67904K->1344K(68608K)] 354099K->287539K(752128K), 0.0017198 secs] [Times: user=0.01 sys=0.00, real=0.00 secs] 
3326.987: [GC (Allocation Failure) [PSYoungGen: 67904K->1485K(68608K)] 354099K->287680K(752128K), 0.0017304 secs] [Times: user=0.00 sys=0.00, real=0.00 secs] 
3327.394: [GC (Allocation Failure) [PSYoungGen: 68045K->1597K(68608K)] 354240K->287792K(752128K), 0.0016185 secs] [Times: user=0.00 sys=0.00, real=0.00 secs] 
3327.786: [GC (Allocation Failure) [PSYoungGen: 68157K->1533K(68608K)] 354352K->287728K(752128K), 0.0016619 secs] [Times: user=0.01 sys=0.00, real=0.00 secs] 
3328.177: [GC (Allocation Failure) [PSYoungGen: 68093K->1613K(68608K)] 354288K->287832K(752128K), 0.0017381 secs] [Times: user=0.01 sys=0.01, real=0.00 secs] 
3328.578: [GC (Allocation Failure) [PSYoungGen: 68173K->1504K(68608K)] 354392K->287723K(752128K), 0.0017839 secs] [Times: user=0.00 sys=0.00, real=0.00 secs] 
3328.854: [GC (Allocation Failure) [PSYoungGen: 68064K->1376K(68608K)] 354283K->287595K(752128K), 0.0017887 secs] [Times: user=0.01 sys=0.00, real=0.00 secs] 
3329.131: [GC (Allocation Failure) [PSYoungGen: 67936K->1376K(68608K)] 354155K->287595K(752128K), 0.0017186 secs] [Times: user=0.00 sys=0.01, real=0.01 secs] 
3329.406: [GC (Allocation Failure) [PSYoungGen: 67936K->1376K(68608K)] 354155K->287595K(752128K), 0.0017209 secs] [Times: user=0.01 sys=0.00, real=0.00 secs] 
3329.732: [GC (Allocation Failure) [PSYoungGen: 67936K->1437K(68608K)] 354155K->287656K(752128K), 0.0015100 secs] [Times: user=0.01 sys=0.00, real=0.00 secs] 
3330.122: [GC (Allocation Failure) [PSYoungGen: 67997K->1568K(68608K)] 354216K->287787K(752128K), 0.0016690 secs] [Times: user=0.01 sys=0.00, real=0.00 secs] 
3330.511: [GC (Allocation Failure) [PSYoungGen: 68128K->1568K(68608K)] 354347K->287787K(752128K), 0.0015534 secs] [Times: user=0.00 sys=0.00, real=0.00 secs] 
3330.901: [GC (Allocation Failure) [PSYoungGen: 68125K->1629K(68608K)] 354345K->287856K(752128K), 0.0016352 secs] [Times: user=0.01 sys=0.00, real=0.01 secs] 
3331.515: [GC (Allocation Failure) [PSYoungGen: 68189K->1472K(68608K)] 354416K->287699K(752128K), 0.0017835 secs] [Times: user=0.00 sys=0.00, real=0.00 secs] 
3331.939: [GC (Allocation Failure) [PSYoungGen: 68032K->1424K(68608K)] 354259K->287651K(752128K), 0.0024002 secs] [Times: user=0.01 sys=0.00, real=0.00 secs] 
3332.286: [GC (Allocation Failure) [PSYoungGen: 67984K->1408K(68608K)] 354211K->287635K(752128K), 0.0021631 secs] [Times: user=0.01 sys=0.00, real=0.00 secs] 
3332.571: [GC (Allocation Failure) [PSYoungGen: 67968K->1440K(68608K)] 354195K->287667K(752128K), 0.0019399 secs] [Times: user=0.01 sys=0.00, real=0.00 secs] 
3332.975: [GC (Allocation Failure) [PSYoungGen: 67988K->1485K(68608K)] 354215K->287712K(752128K), 0.0019653 secs] [Times: user=0.00 sys=0.00, real=0.00 secs] 
3333.399: [GC (Allocation Failure) [PSYoungGen: 68045K->1581K(68608K)] 354272K->287808K(752128K), 0.0016370 secs] [Times: user=0.01 sys=0.00, real=0.00 secs] 
3333.792: [GC (Allocation Failure) [PSYoungGen: 68141K->1565K(68608K)] 354368K->287792K(752128K), 0.0026775 secs] [Times: user=0.01 sys=0.00, real=0.00 secs] 
3334.189: [GC (Allocation Failure) [PSYoungGen: 68125K->1581K(68608K)] 354352K->287824K(752128K), 0.0016545 secs] [Times: user=0.01 sys=0.00, real=0.00 secs] 
3335.375: [GC (Allocation Failure) [PSYoungGen: 68141K->1456K(68608K)] 354384K->287699K(752128K), 0.0034005 secs] [Times: user=0.01 sys=0.00, real=0.00 secs] 
3336.179: [GC (Allocation Failure) [PSYoungGen: 68016K->1376K(68608K)] 354259K->287619K(752128K), 0.0028186 secs] [Times: user=0.01 sys=0.00, real=0.01 secs] 
3336.795: [GC (Allocation Failure) [PSYoungGen: 67936K->1408K(68608K)] 354179K->287651K(752128K), 0.0031095 secs] [Times: user=0.02 sys=0.00, real=0.00 secs] 
3337.490: [GC (Allocation Failure) [PSYoungGen: 67968K->1392K(68608K)] 354211K->287635K(752128K), 0.0031328 secs] [Times: user=0.02 sys=0.00, real=0.01 secs] 
3338.167: [GC (Allocation Failure) [PSYoungGen: 67952K->1549K(68608K)] 354195K->287792K(752128K), 0.0016389 secs] [Times: user=0.00 sys=0.00, real=0.00 secs] 
3338.558: [GC (Allocation Failure) [PSYoungGen: 68109K->1565K(68608K)] 354352K->287808K(752128K), 0.0016859 secs] [Times: user=0.00 sys=0.00, real=0.00 secs] 
3338.948: [GC (Allocation Failure) [PSYoungGen: 68125K->1549K(68608K)] 354368K->287808K(752128K), 0.0015724 secs] [Times: user=0.00 sys=0.00, real=0.00 secs] 
3339.337: [GC (Allocation Failure) [PSYoungGen: 68109K->1533K(68608K)] 354368K->287808K(752128K), 0.0016848 secs] [Times: user=0.00 sys=0.00, real=0.00 secs] 
3339.636: [GC (Allocation Failure) [PSYoungGen: 68093K->1408K(68608K)] 354368K->287683K(752128K), 0.0015132 secs] [Times: user=0.00 sys=0.00, real=0.00 secs] 
3339.911: [GC (Allocation Failure) [PSYoungGen: 67968K->1392K(68608K)] 354243K->287667K(752128K), 0.0018750 secs] [Times: user=0.01 sys=0.00, real=0.00 secs] 
3340.336: [GC (Allocation Failure) [PSYoungGen: 67952K->1376K(68608K)] 354227K->287651K(752128K), 0.0022553 secs] [Times: user=0.01 sys=0.00, real=0.00 secs] 
3340.644: [GC (Allocation Failure) [PSYoungGen: 67936K->1408K(68608K)] 354211K->287683K(752128K), 0.0023769 secs] [Times: user=0.01 sys=0.00, real=0.00 secs] 
3341.016: [GC (Allocation Failure) [PSYoungGen: 67968K->1549K(68608K)] 354243K->287824K(752128K), 0.0016214 secs] [Times: user=0.00 sys=0.00, real=0.00 secs] 
3341.407: [GC (Allocation Failure) [PSYoungGen: 68109K->1533K(68608K)] 354384K->287808K(752128K), 0.0015137 secs] [Times: user=0.01 sys=0.00, real=0.00 secs] 
3341.797: [GC (Allocation Failure) [PSYoungGen: 68093K->1549K(68608K)] 354368K->287824K(752128K), 0.0016447 secs] [Times: user=0.01 sys=0.00, real=0.00 secs] 
3342.190: [GC (Allocation Failure) [PSYoungGen: 68109K->1597K(68608K)] 354384K->287896K(752128K), 0.0016325 secs] [Times: user=0.00 sys=0.00, real=0.01 secs] 
3342.513: [GC (Allocation Failure) [PSYoungGen: 68157K->1440K(68608K)] 354456K->287739K(752128K), 0.0017955 secs] [Times: user=0.01 sys=0.00, real=0.00 secs] 
3342.913: [GC (Allocation Failure) [PSYoungGen: 68000K->1408K(68608K)] 354299K->287707K(752128K), 0.0018931 secs] [Times: user=0.00 sys=0.00, real=0.00 secs] 
3343.364: [GC (Allocation Failure) [PSYoungGen: 67968K->1376K(68608K)] 354267K->287675K(752128K), 0.0021274 secs] [Times: user=0.01 sys=0.00, real=0.00 secs] 
3343.916: [GC (Allocation Failure) [PSYoungGen: 67936K->1408K(68608K)] 354235K->287707K(752128K), 0.0027289 secs] [Times: user=0.01 sys=0.00, real=0.00 secs] 
3344.520: [GC (Allocation Failure) [PSYoungGen: 67968K->1517K(68608K)] 354267K->287816K(752128K), 0.0016004 secs] [Times: user=0.01 sys=0.00, real=0.01 secs] 
3344.910: [GC (Allocation Failure) [PSYoungGen: 68077K->1613K(68608K)] 354376K->287912K(752128K), 0.0016526 secs] [Times: user=0.01 sys=0.00, real=0.01 secs] 
3345.300: [GC (Allocation Failure) [PSYoungGen: 68173K->1613K(68608K)] 354472K->287912K(752128K), 0.0015558 secs] [Times: user=0.01 sys=0.00, real=0.00 secs] 
3345.707: [GC (Allocation Failure) [PSYoungGen: 68061K->1584K(68608K)] 354360K->287883K(752128K), 0.0017566 secs] [Times: user=0.01 sys=0.00, real=0.00 secs] 
3345.990: [GC (Allocation Failure) [PSYoungGen: 68144K->1376K(68608K)] 354443K->287675K(752128K), 0.0023504 secs] [Times: user=0.01 sys=0.00, real=0.01 secs] 
3346.263: [GC (Allocation Failure) [PSYoungGen: 67936K->1344K(68608K)] 354235K->287643K(752128K), 0.0019163 secs] [Times: user=0.00 sys=0.00, real=0.00 secs] 
3346.540: [GC (Allocation Failure) [PSYoungGen: 67904K->1376K(68608K)] 354203K->287675K(752128K), 0.0018400 secs] [Times: user=0.01 sys=0.00, real=0.01 secs] 
3346.816: [GC (Allocation Failure) [PSYoungGen: 67936K->1440K(68608K)] 354235K->287755K(752128K), 0.0018905 secs] [Times: user=0.01 sys=0.00, real=0.00 secs] 
3347.212: [GC (Allocation Failure) [PSYoungGen: 68000K->1549K(68608K)] 354315K->287864K(752128K), 0.0016435 secs] [Times: user=0.00 sys=0.00, real=0.00 secs] 
3347.603: [GC (Allocation Failure) [PSYoungGen: 68109K->1549K(68608K)] 354424K->287864K(752128K), 0.0017043 secs] [Times: user=0.01 sys=0.00, real=0.00 secs] 
3347.992: [GC (Allocation Failure) [PSYoungGen: 68109K->1568K(68608K)] 354424K->287883K(752128K), 0.0015533 secs] [Times: user=0.00 sys=0.00, real=0.00 secs] 
3348.552: [GC (Allocation Failure) [PSYoungGen: 68128K->1520K(68608K)] 354443K->287835K(752128K), 0.0022984 secs] [Times: user=0.01 sys=0.00, real=0.00 secs] 
3349.186: [GC (Allocation Failure) [PSYoungGen: 68080K->1344K(68608K)] 354395K->287659K(752128K), 0.0020780 secs] [Times: user=0.00 sys=0.00, real=0.00 secs] 
3349.818: [GC (Allocation Failure) [PSYoungGen: 67904K->1440K(68608K)] 354219K->287755K(752128K), 0.0022459 secs] [Times: user=0.01 sys=0.00, real=0.00 secs] 
3350.239: [GC (Allocation Failure) [PSYoungGen: 68000K->1376K(68608K)] 354315K->287691K(752128K), 0.0021436 secs] [Times: user=0.01 sys=0.00, real=0.00 secs] 
3350.576: [GC (Allocation Failure) [PSYoungGen: 67936K->1376K(68608K)] 354251K->287691K(752128K), 0.0020333 secs] [Times: user=0.01 sys=0.00, real=0.00 secs] 
3351.023: [GC (Allocation Failure) [PSYoungGen: 67936K->1645K(68608K)] 354251K->287960K(752128K), 0.0017607 secs] [Times: user=0.01 sys=0.00, real=0.00 secs] 
3351.416: [GC (Allocation Failure) [PSYoungGen: 68205K->1565K(68608K)] 354520K->287880K(752128K), 0.0017102 secs] [Times: user=0.01 sys=0.00, real=0.00 secs] 
3351.868: [GC (Allocation Failure) [PSYoungGen: 68125K->1581K(68608K)] 354440K->287904K(752128K), 0.0017942 secs] [Times: user=0.01 sys=0.00, real=0.00 secs] 
3352.493: [GC (Allocation Failure) [PSYoungGen: 68141K->1520K(68608K)] 354464K->287843K(752128K), 0.0026488 secs] [Times: user=0.01 sys=0.00, real=0.00 secs] 
3353.137: [GC (Allocation Failure) [PSYoungGen: 68080K->1408K(68608K)] 354403K->287731K(752128K), 0.0026667 secs] [Times: user=0.01 sys=0.00, real=0.00 secs] 
3353.569: [GC (Allocation Failure) [PSYoungGen: 67968K->1376K(68608K)] 354291K->287699K(752128K), 0.0020877 secs] [Times: user=0.01 sys=0.01, real=0.00 secs] 
3353.957: [GC (Allocation Failure) [PSYoungGen: 67936K->1376K(68608K)] 354259K->287699K(752128K), 0.0018117 secs] [Times: user=0.01 sys=0.00, real=0.00 secs] 
3354.447: [GC (Allocation Failure) [PSYoungGen: 67936K->1501K(68608K)] 354259K->287824K(752128K), 0.0019014 secs] [Times: user=0.01 sys=0.00, real=0.00 secs] 
3354.847: [GC (Allocation Failure) [PSYoungGen: 68042K->1549K(68608K)] 354365K->287872K(752128K), 0.0016793 secs] [Times: user=0.00 sys=0.00, real=0.00 secs] 
3355.236: [GC (Allocation Failure) [PSYoungGen: 68109K->1565K(68608K)] 354432K->287888K(752128K), 0.0017124 secs] [Times: user=0.00 sys=0.00, real=0.00 secs] 
3355.627: [GC (Allocation Failure) [PSYoungGen: 68125K->1613K(68608K)] 354448K->287952K(752128K), 0.0016492 secs] [Times: user=0.00 sys=0.00, real=0.00 secs] 
3356.015: [GC (Allocation Failure) [PSYoungGen: 68173K->1520K(68608K)] 354512K->287859K(752128K), 0.0018518 secs] [Times: user=0.01 sys=0.00, real=0.00 secs] 
3356.316: [GC (Allocation Failure) [PSYoungGen: 68080K->1424K(68608K)] 354419K->287763K(752128K), 0.0016923 secs] [Times: user=0.00 sys=0.00, real=0.00 secs] 
3356.825: [GC (Allocation Failure) [PSYoungGen: 67984K->1408K(68608K)] 354323K->287747K(752128K), 0.0018893 secs] [Times: user=0.01 sys=0.01, real=0.00 secs] 
3357.356: [GC (Allocation Failure) [PSYoungGen: 67968K->1408K(68608K)] 354307K->287747K(752128K), 0.0018453 secs] [Times: user=0.00 sys=0.00, real=0.00 secs] 
3357.963: [GC (Allocation Failure) [PSYoungGen: 67968K->1533K(68608K)] 354307K->287896K(752128K), 0.0015812 secs] [Times: user=0.00 sys=0.00, real=0.00 secs] 
3358.352: [GC (Allocation Failure) [PSYoungGen: 68093K->1597K(68608K)] 354456K->287960K(752128K), 0.0016260 secs] [Times: user=0.00 sys=0.00, real=0.00 secs] 
3358.743: [GC (Allocation Failure) [PSYoungGen: 68157K->1584K(68608K)] 354520K->287947K(752128K), 0.0016165 secs] [Times: user=0.01 sys=0.00, real=0.00 secs] 
3359.132: [GC (Allocation Failure) [PSYoungGen: 68130K->1581K(68608K)] 354494K->287960K(752128K), 0.0017135 secs] [Times: user=0.01 sys=0.00, real=0.00 secs] 
3359.649: [GC (Allocation Failure) [PSYoungGen: 68141K->1504K(68608K)] 354520K->287883K(752128K), 0.0015837 secs] [Times: user=0.00 sys=0.00, real=0.00 secs] 
3359.948: [GC (Allocation Failure) [PSYoungGen: 68064K->1376K(68608K)] 354443K->287755K(752128K), 0.0015556 secs] [Times: user=0.00 sys=0.00, real=0.00 secs] 
3360.287: [GC (Allocation Failure) [PSYoungGen: 67936K->1408K(68608K)] 354315K->287787K(752128K), 0.0029783 secs] [Times: user=0.01 sys=0.00, real=0.00 secs] 
3360.814: [GC (Allocation Failure) [PSYoungGen: 67968K->1344K(68608K)] 354347K->287723K(752128K), 0.0022725 secs] [Times: user=0.01 sys=0.00, real=0.00 secs] 
3361.330: [GC (Allocation Failure) [PSYoungGen: 67904K->1437K(68608K)] 354283K->287816K(752128K), 0.0015477 secs] [Times: user=0.01 sys=0.00, real=0.01 secs] 
3361.720: [GC (Allocation Failure) [PSYoungGen: 67997K->1584K(68608K)] 354376K->287963K(752128K), 0.0016650 secs] [Times: user=0.01 sys=0.00, real=0.01 secs] 
3362.109: [GC (Allocation Failure) [PSYoungGen: 68144K->1597K(68608K)] 354523K->287976K(752128K), 0.0015930 secs] [Times: user=0.01 sys=0.00, real=0.00 secs] 
3362.506: [GC (Allocation Failure) [PSYoungGen: 68157K->1565K(68608K)] 354536K->287960K(752128K), 0.0017377 secs] [Times: user=0.01 sys=0.00, real=0.00 secs] 
3362.974: [GC (Allocation Failure) [PSYoungGen: 68125K->1456K(68608K)] 354520K->287851K(752128K), 0.0021215 secs] [Times: user=0.01 sys=0.01, real=0.00 secs] 
3363.251: [GC (Allocation Failure) [PSYoungGen: 68016K->1408K(68608K)] 354411K->287803K(752128K), 0.0016931 secs] [Times: user=0.01 sys=0.00, real=0.01 secs] 
3363.527: [GC (Allocation Failure) [PSYoungGen: 67968K->1440K(68608K)] 354363K->287835K(752128K), 0.0018232 secs] [Times: user=0.01 sys=0.00, real=0.00 secs] 
3363.813: [GC (Allocation Failure) [PSYoungGen: 68000K->1440K(68608K)] 354395K->287835K(752128K), 0.0017498 secs] [Times: user=0.01 sys=0.00, real=0.00 secs] 
3364.169: [GC (Allocation Failure) [PSYoungGen: 68000K->1536K(68608K)] 354395K->287931K(752128K), 0.0015600 secs] [Times: user=0.01 sys=0.00, real=0.00 secs] 
3364.564: [GC (Allocation Failure) [PSYoungGen: 68096K->1517K(68608K)] 354491K->287912K(752128K), 0.0031175 secs] [Times: user=0.01 sys=0.00, real=0.00 secs] 
3365.031: [GC (Allocation Failure) [PSYoungGen: 68077K->1613K(68608K)] 354472K->288008K(752128K), 0.0016672 secs] [Times: user=0.01 sys=0.00, real=0.00 secs] 
3365.424: [GC (Allocation Failure) [PSYoungGen: 68173K->1565K(68608K)] 354568K->287968K(752128K), 0.0017412 secs] [Times: user=0.00 sys=0.00, real=0.00 secs] 
3365.996: [GC (Allocation Failure) [PSYoungGen: 68125K->1440K(68608K)] 354528K->287843K(752128K), 0.0031747 secs] [Times: user=0.02 sys=0.00, real=0.00 secs] 
3366.553: [GC (Allocation Failure) [PSYoungGen: 68000K->1408K(68608K)] 354403K->287811K(752128K), 0.0024642 secs] [Times: user=0.01 sys=0.00, real=0.00 secs] 
3366.854: [GC (Allocation Failure) [PSYoungGen: 67968K->1440K(68608K)] 354371K->287843K(752128K), 0.0020009 secs] [Times: user=0.00 sys=0.00, real=0.00 secs] 
3367.183: [GC (Allocation Failure) [PSYoungGen: 68000K->1440K(68608K)] 354403K->287859K(752128K), 0.0019223 secs] [Times: user=0.01 sys=0.00, real=0.00 secs] 
3367.690: [GC (Allocation Failure) [PSYoungGen: 68000K->1549K(68608K)] 354419K->287968K(752128K), 0.0017771 secs] [Times: user=0.00 sys=0.00, real=0.01 secs] 
3368.082: [GC (Allocation Failure) [PSYoungGen: 68098K->1565K(68608K)] 354518K->287984K(752128K), 0.0018041 secs] [Times: user=0.01 sys=0.00, real=0.00 secs] 
3368.473: [GC (Allocation Failure) [PSYoungGen: 68125K->1584K(68608K)] 354544K->288003K(752128K), 0.0018182 secs] [Times: user=0.00 sys=0.00, real=0.00 secs] 
3368.863: [GC (Allocation Failure) [PSYoungGen: 68144K->1616K(68608K)] 354563K->288051K(752128K), 0.0017209 secs] [Times: user=0.00 sys=0.00, real=0.00 secs] 
3369.172: [GC (Allocation Failure) [PSYoungGen: 68176K->1440K(68608K)] 354611K->287875K(752128K), 0.0022204 secs] [Times: user=0.01 sys=0.00, real=0.00 secs] 
3369.444: [GC (Allocation Failure) [PSYoungGen: 68000K->1376K(68608K)] 354435K->287811K(752128K), 0.0019582 secs] [Times: user=0.00 sys=0.01, real=0.00 secs] 
3369.720: [GC (Allocation Failure) [PSYoungGen: 67936K->1344K(68608K)] 354371K->287779K(752128K), 0.0018365 secs] [Times: user=0.01 sys=0.00, real=0.01 secs] 
3370.029: [GC (Allocation Failure) [PSYoungGen: 67904K->1376K(68608K)] 354339K->287811K(752128K), 0.0017146 secs] [Times: user=0.00 sys=0.00, real=0.00 secs] 
3370.492: [GC (Allocation Failure) [PSYoungGen: 67936K->1517K(68608K)] 354371K->287952K(752128K), 0.0016331 secs] [Times: user=0.01 sys=0.00, real=0.00 secs] 
3370.883: [GC (Allocation Failure) [PSYoungGen: 68077K->1581K(68608K)] 354512K->288016K(752128K), 0.0015349 secs] [Times: user=0.01 sys=0.00, real=0.00 secs] 
3371.273: [GC (Allocation Failure) [PSYoungGen: 68141K->1613K(68608K)] 354576K->288048K(752128K), 0.0017119 secs] [Times: user=0.00 sys=0.00, real=0.00 secs] 
3371.658: [GC (Allocation Failure) [PSYoungGen: 68173K->2016K(68608K)] 354608K->288491K(752128K), 0.0017072 secs] [Times: user=0.01 sys=0.00, real=0.00 secs] 
3371.988: [GC (Allocation Failure) [PSYoungGen: 68576K->1376K(68608K)] 355051K->287851K(752128K), 0.0018549 secs] [Times: user=0.00 sys=0.00, real=0.00 secs] 
3372.265: [GC (Allocation Failure) [PSYoungGen: 67936K->1376K(68608K)] 354411K->287851K(752128K), 0.0031683 secs] [Times: user=0.01 sys=0.00, real=0.00 secs] 
3372.542: [GC (Allocation Failure) [PSYoungGen: 67936K->1408K(68608K)] 354411K->287883K(752128K), 0.0021521 secs] [Times: user=0.01 sys=0.00, real=0.00 secs] 
3372.819: [GC (Allocation Failure) [PSYoungGen: 67968K->1376K(68608K)] 354443K->287859K(752128K), 0.0021475 secs] [Times: user=0.01 sys=0.00, real=0.01 secs] 
3373.239: [GC (Allocation Failure) [PSYoungGen: 67936K->1549K(68608K)] 354419K->288032K(752128K), 0.0016746 secs] [Times: user=0.01 sys=0.01, real=0.00 secs] 
3373.629: [GC (Allocation Failure) [PSYoungGen: 68109K->1568K(68608K)] 354592K->288051K(752128K), 0.0016963 secs] [Times: user=0.01 sys=0.00, real=0.00 secs] 
3374.019: [GC (Allocation Failure) [PSYoungGen: 68128K->1645K(68608K)] 354611K->288128K(752128K), 0.0015822 secs] [Times: user=0.01 sys=0.00, real=0.00 secs] 
3374.598: [GC (Allocation Failure) [PSYoungGen: 68205K->1504K(68608K)] 354688K->287987K(752128K), 0.0023344 secs] [Times: user=0.00 sys=0.00, real=0.00 secs] 
3375.202: [GC (Allocation Failure) [PSYoungGen: 68064K->1408K(68608K)] 354547K->287891K(752128K), 0.0031296 secs] [Times: user=0.01 sys=0.00, real=0.00 secs] 
3375.655: [GC (Allocation Failure) [PSYoungGen: 67968K->1376K(68608K)] 354451K->287859K(752128K), 0.0036403 secs] [Times: user=0.01 sys=0.00, real=0.00 secs] 
3376.192: [GC (Allocation Failure) [PSYoungGen: 67936K->1376K(68608K)] 354419K->287859K(752128K), 0.0028607 secs] [Times: user=0.01 sys=0.00, real=0.00 secs] 
3376.768: [GC (Allocation Failure) [PSYoungGen: 67936K->1453K(68608K)] 354419K->287936K(752128K), 0.0022622 secs] [Times: user=0.01 sys=0.00, real=0.00 secs] 
3377.208: [GC (Allocation Failure) [PSYoungGen: 68013K->1597K(68608K)] 354496K->288104K(752128K), 0.0016877 secs] [Times: user=0.00 sys=0.00, real=0.00 secs] 
3377.604: [GC (Allocation Failure) [PSYoungGen: 68157K->1565K(68608K)] 354664K->288072K(752128K), 0.0017531 secs] [Times: user=0.00 sys=0.00, real=0.00 secs] 
3377.998: [GC (Allocation Failure) [PSYoungGen: 68125K->1581K(68608K)] 354632K->288104K(752128K), 0.0017056 secs] [Times: user=0.01 sys=0.00, real=0.00 secs] 
3378.617: [GC (Allocation Failure) [PSYoungGen: 68141K->1472K(68608K)] 354664K->287995K(752128K), 0.0024191 secs] [Times: user=0.01 sys=0.00, real=0.00 secs] 
3378.903: [GC (Allocation Failure) [PSYoungGen: 68032K->1376K(68608K)] 354555K->287899K(752128K), 0.0019430 secs] [Times: user=0.01 sys=0.00, real=0.00 secs] 
3379.215: [GC (Allocation Failure) [PSYoungGen: 67936K->1344K(68608K)] 354459K->287867K(752128K), 0.0017896 secs] [Times: user=0.01 sys=0.00, real=0.00 secs] 
3379.651: [GC (Allocation Failure) [PSYoungGen: 67904K->1376K(68608K)] 354427K->287899K(752128K), 0.0019086 secs] [Times: user=0.00 sys=0.00, real=0.00 secs] 
3380.184: [GC (Allocation Failure) [PSYoungGen: 67936K->1501K(68608K)] 354459K->288024K(752128K), 0.0015423 secs] [Times: user=0.00 sys=0.00, real=0.00 secs] 
3380.574: [GC (Allocation Failure) [PSYoungGen: 68061K->1584K(68608K)] 354584K->288107K(752128K), 0.0017244 secs] [Times: user=0.01 sys=0.00, real=0.00 secs] 
3380.963: [GC (Allocation Failure) [PSYoungGen: 68144K->1613K(68608K)] 354667K->288136K(752128K), 0.0017066 secs] [Times: user=0.01 sys=0.00, real=0.00 secs] 
3381.414: [GC (Allocation Failure) [PSYoungGen: 68173K->1597K(68608K)] 354696K->288136K(752128K), 0.0018165 secs] [Times: user=0.01 sys=0.00, real=0.00 secs] 
3382.268: [GC (Allocation Failure) [PSYoungGen: 68157K->1520K(68608K)] 354696K->288059K(752128K), 0.0035527 secs] [Times: user=0.01 sys=0.00, real=0.01 secs] 
3382.720: [GC (Allocation Failure) [PSYoungGen: 68080K->1408K(68608K)] 354619K->287947K(752128K), 0.0018942 secs] [Times: user=0.01 sys=0.00, real=0.01 secs] 
3383.054: [GC (Allocation Failure) [PSYoungGen: 67968K->1376K(68608K)] 354507K->287915K(752128K), 0.0018962 secs] [Times: user=0.01 sys=0.00, real=0.00 secs] 
3383.352: [GC (Allocation Failure) [PSYoungGen: 67936K->1376K(68608K)] 354475K->287915K(752128K), 0.0019316 secs] [Times: user=0.01 sys=0.00, real=0.00 secs] 
3383.834: [GC (Allocation Failure) [PSYoungGen: 67936K->1472K(68608K)] 354475K->288011K(752128K), 0.0015458 secs] [Times: user=0.01 sys=0.00, real=0.00 secs] 
3384.224: [GC (Allocation Failure) [PSYoungGen: 68032K->1565K(68608K)] 354571K->288104K(752128K), 0.0016074 secs] [Times: user=0.01 sys=0.00, real=0.00 secs] 
3384.617: [GC (Allocation Failure) [PSYoungGen: 68125K->1549K(68608K)] 354664K->288088K(752128K), 0.0016883 secs] [Times: user=0.01 sys=0.00, real=0.00 secs] 
3385.008: [GC (Allocation Failure) [PSYoungGen: 68109K->1581K(68608K)] 354648K->288128K(752128K), 0.0016877 secs] [Times: user=0.01 sys=0.00, real=0.00 secs] 
3385.514: [GC (Allocation Failure) [PSYoungGen: 68141K->1376K(68608K)] 354688K->287923K(752128K), 0.0020143 secs] [Times: user=0.01 sys=0.00, real=0.00 secs] 
3385.813: [GC (Allocation Failure) [PSYoungGen: 67936K->1376K(68608K)] 354483K->287923K(752128K), 0.0020095 secs] [Times: user=0.01 sys=0.00, real=0.00 secs] 
3386.099: [GC (Allocation Failure) [PSYoungGen: 67936K->1408K(68608K)] 354483K->287955K(752128K), 0.0019813 secs] [Times: user=0.01 sys=0.00, real=0.01 secs] 
3386.376: [GC (Allocation Failure) [PSYoungGen: 67968K->1376K(68608K)] 354515K->287923K(752128K), 0.0019959 secs] [Times: user=0.00 sys=0.00, real=0.00 secs] 
3386.798: [GC (Allocation Failure) [PSYoungGen: 67936K->1517K(68608K)] 354483K->288064K(752128K), 0.0016585 secs] [Times: user=0.01 sys=0.00, real=0.00 secs] 
3387.245: [GC (Allocation Failure) [PSYoungGen: 68077K->1533K(68608K)] 354624K->288104K(752128K), 0.0018430 secs] [Times: user=0.01 sys=0.00, real=0.00 secs] 
3387.637: [GC (Allocation Failure) [PSYoungGen: 68093K->1549K(68608K)] 354664K->288120K(752128K), 0.0017778 secs] [Times: user=0.00 sys=0.00, real=0.00 secs] 
3388.089: [GC (Allocation Failure) [PSYoungGen: 68109K->1549K(68608K)] 354680K->288136K(752128K), 0.0017255 secs] [Times: user=0.01 sys=0.00, real=0.00 secs] 
3388.826: [GC (Allocation Failure) [PSYoungGen: 68109K->1440K(68608K)] 354696K->288027K(752128K), 0.0035853 secs] [Times: user=0.02 sys=0.00, real=0.00 secs] 
3389.407: [GC (Allocation Failure) [PSYoungGen: 68000K->1376K(68608K)] 354587K->287963K(752128K), 0.0024646 secs] [Times: user=0.01 sys=0.00, real=0.00 secs] 
3389.689: [GC (Allocation Failure) [PSYoungGen: 67936K->1392K(68608K)] 354523K->287979K(752128K), 0.0017662 secs] [Times: user=0.01 sys=0.00, real=0.00 secs] 
3390.027: [GC (Allocation Failure) [PSYoungGen: 67952K->1424K(68608K)] 354539K->288011K(752128K), 0.0019466 secs] [Times: user=0.00 sys=0.00, real=0.00 secs] 
3390.458: [GC (Allocation Failure) [PSYoungGen: 67984K->1552K(68608K)] 354571K->288139K(752128K), 0.0015159 secs] [Times: user=0.01 sys=0.00, real=0.00 secs] 
3390.846: [GC (Allocation Failure) [PSYoungGen: 68112K->1581K(68608K)] 354699K->288168K(752128K), 0.0016519 secs] [Times: user=0.00 sys=0.00, real=0.00 secs] 
3391.294: [GC (Allocation Failure) [PSYoungGen: 68141K->1568K(68608K)] 354728K->288155K(752128K), 0.0017590 secs] [Times: user=0.01 sys=0.00, real=0.00 secs] 
3391.747: [GC (Allocation Failure) [PSYoungGen: 68128K->1597K(68608K)] 354715K->288200K(752128K), 0.0017780 secs] [Times: user=0.00 sys=0.01, real=0.00 secs] 
3392.131: [GC (Allocation Failure) [PSYoungGen: 68157K->1408K(68608K)] 354760K->288011K(752128K), 0.0020362 secs] [Times: user=0.01 sys=0.00, real=0.01 secs] 
3392.419: [GC (Allocation Failure) [PSYoungGen: 67968K->1376K(68608K)] 354571K->287979K(752128K), 0.0018668 secs] [Times: user=0.00 sys=0.00, real=0.00 secs] 
3392.700: [GC (Allocation Failure) [PSYoungGen: 67936K->1376K(68608K)] 354539K->287979K(752128K), 0.0018206 secs] [Times: user=0.00 sys=0.00, real=0.01 secs] 
3393.031: [GC (Allocation Failure) [PSYoungGen: 67936K->1440K(68608K)] 354539K->288043K(752128K), 0.0019365 secs] [Times: user=0.00 sys=0.00, real=0.01 secs] 
3393.420: [GC (Allocation Failure) [PSYoungGen: 68000K->1549K(68608K)] 354603K->288152K(752128K), 0.0016216 secs] [Times: user=0.00 sys=0.01, real=0.01 secs] 
3393.873: [GC (Allocation Failure) [PSYoungGen: 68109K->1536K(68608K)] 354712K->288139K(752128K), 0.0017506 secs] [Times: user=0.00 sys=0.00, real=0.00 secs] 
3394.263: [GC (Allocation Failure) [PSYoungGen: 68096K->1597K(68608K)] 354699K->288200K(752128K), 0.0018151 secs] [Times: user=0.00 sys=0.00, real=0.00 secs] 
3394.710: [GC (Allocation Failure) [PSYoungGen: 68157K->1776K(68608K)] 354760K->288379K(752128K), 0.0018101 secs] [Times: user=0.01 sys=0.00, real=0.01 secs] 
3395.448: [GC (Allocation Failure) [PSYoungGen: 68336K->1376K(68608K)] 354939K->287979K(752128K), 0.0024877 secs] [Times: user=0.01 sys=0.00, real=0.00 secs] 
3395.992: [GC (Allocation Failure) [PSYoungGen: 67936K->1392K(68608K)] 354539K->287995K(752128K), 0.0024060 secs] [Times: user=0.01 sys=0.00, real=0.00 secs] 
3396.520: [GC (Allocation Failure) [PSYoungGen: 67952K->1376K(68608K)] 354555K->287979K(752128K), 0.0023952 secs] [Times: user=0.01 sys=0.00, real=0.01 secs] 
3397.114: [GC (Allocation Failure) [PSYoungGen: 67936K->1408K(68608K)] 354539K->288011K(752128K), 0.0020527 secs] [Times: user=0.01 sys=0.00, real=0.00 secs] 
3397.628: [GC (Allocation Failure) [PSYoungGen: 67968K->1613K(68608K)] 354571K->288216K(752128K), 0.0016231 secs] [Times: user=0.01 sys=0.00, real=0.00 secs] 
3398.085: [GC (Allocation Failure) [PSYoungGen: 68173K->1581K(68608K)] 354776K->288208K(752128K), 0.0017872 secs] [Times: user=0.01 sys=0.00, real=0.00 secs] 
3398.533: [GC (Allocation Failure) [PSYoungGen: 68141K->1581K(68608K)] 354768K->288208K(752128K), 0.0017895 secs] [Times: user=0.01 sys=0.00, real=0.00 secs] 
3399.116: [GC (Allocation Failure) [PSYoungGen: 68141K->1504K(68608K)] 354768K->288131K(752128K), 0.0021066 secs] [Times: user=0.01 sys=0.00, real=0.00 secs] 
3400.020: [GC (Allocation Failure) [PSYoungGen: 68064K->1376K(68608K)] 354691K->288003K(752128K), 0.0031454 secs] [Times: user=0.01 sys=0.00, real=0.01 secs] 
3401.182: [GC (Allocation Failure) [PSYoungGen: 67936K->1408K(68608K)] 354563K->288035K(752128K), 0.0037736 secs] [Times: user=0.02 sys=0.00, real=0.00 secs] 
3401.699: [GC (Allocation Failure) [PSYoungGen: 67968K->1376K(68608K)] 354595K->288003K(752128K), 0.0026470 secs] [Times: user=0.01 sys=0.00, real=0.01 secs] 
3402.252: [GC (Allocation Failure) [PSYoungGen: 67870K->256K(68608K)] 354497K->286883K(752128K), 0.0024666 secs] [Times: user=0.01 sys=0.00, real=0.00 secs] 
3402.706: [GC (Allocation Failure) [PSYoungGen: 66809K->1613K(68608K)] 353437K->288240K(752128K), 0.0016631 secs] [Times: user=0.00 sys=0.00, real=0.00 secs] 
3403.096: [GC (Allocation Failure) [PSYoungGen: 68173K->1549K(68608K)] 354800K->288176K(752128K), 0.0015913 secs] [Times: user=0.01 sys=0.00, real=0.00 secs] 
3403.488: [GC (Allocation Failure) [PSYoungGen: 68109K->1565K(68608K)] 354736K->288208K(752128K), 0.0016418 secs] [Times: user=0.01 sys=0.00, real=0.00 secs] 
3404.498: [GC (Allocation Failure) [PSYoungGen: 68125K->1520K(68608K)] 354768K->288163K(752128K), 0.0033723 secs] [Times: user=0.01 sys=0.00, real=0.01 secs] 
3405.666: [GC (Allocation Failure) [PSYoungGen: 68080K->1440K(68608K)] 354723K->288083K(752128K), 0.0062169 secs] [Times: user=0.02 sys=0.00, real=0.01 secs] 
3406.677: [GC (Allocation Failure) [PSYoungGen: 68000K->1360K(68608K)] 354643K->288003K(752128K), 0.0049694 secs] [Times: user=0.02 sys=0.00, real=0.01 secs] 
3407.323: [GC (Allocation Failure) [PSYoungGen: 67920K->1376K(68608K)] 354563K->288019K(752128K), 0.0028790 secs] [Times: user=0.01 sys=0.00, real=0.00 secs] 
3407.661: [GC (Allocation Failure) [PSYoungGen: 67936K->1501K(68608K)] 354579K->288152K(752128K), 0.0016324 secs] [Times: user=0.01 sys=0.00, real=0.01 secs] 
3408.057: [GC (Allocation Failure) [PSYoungGen: 68052K->1645K(68608K)] 354704K->288296K(752128K), 0.0017093 secs] [Times: user=0.01 sys=0.00, real=0.00 secs] 
3408.447: [GC (Allocation Failure) [PSYoungGen: 68205K->1581K(68608K)] 354856K->288232K(752128K), 0.0017702 secs] [Times: user=0.01 sys=0.00, real=0.00 secs] 
3408.836: [GC (Allocation Failure) [PSYoungGen: 68141K->1616K(68608K)] 354792K->288283K(752128K), 0.0016530 secs] [Times: user=0.00 sys=0.00, real=0.00 secs] 
3410.749: [GC (Allocation Failure) [PSYoungGen: 68176K->1488K(68608K)] 354843K->288155K(752128K), 0.0038611 secs] [Times: user=0.01 sys=0.00, real=0.01 secs] 
3411.160: [GC (Allocation Failure) [PSYoungGen: 68048K->1344K(68608K)] 354715K->288019K(752128K), 0.0026220 secs] [Times: user=0.01 sys=0.00, real=0.01 secs] 
3411.440: [GC (Allocation Failure) [PSYoungGen: 67904K->1376K(68608K)] 354579K->288051K(752128K), 0.0018852 secs] [Times: user=0.01 sys=0.00, real=0.01 secs] 
3411.716: [GC (Allocation Failure) [PSYoungGen: 67936K->1408K(68608K)] 354611K->288083K(752128K), 0.0019405 secs] [Times: user=0.01 sys=0.00, real=0.00 secs] 
3412.043: [GC (Allocation Failure) [PSYoungGen: 67968K->1501K(68608K)] 354643K->288176K(752128K), 0.0015332 secs] [Times: user=0.01 sys=0.00, real=0.00 secs] 
3412.432: [GC (Allocation Failure) [PSYoungGen: 68041K->1565K(68608K)] 354716K->288240K(752128K), 0.0016613 secs] [Times: user=0.01 sys=0.00, real=0.00 secs] 
3412.824: [GC (Allocation Failure) [PSYoungGen: 68125K->1613K(68608K)] 354800K->288288K(752128K), 0.0016534 secs] [Times: user=0.01 sys=0.00, real=0.00 secs] 
3413.214: [GC (Allocation Failure) [PSYoungGen: 68154K->1581K(68608K)] 354829K->288264K(752128K), 0.0016332 secs] [Times: user=0.00 sys=0.00, real=0.00 secs] 
3413.912: [GC (Allocation Failure) [PSYoungGen: 68141K->1472K(68608K)] 354824K->288155K(752128K), 0.0016169 secs] [Times: user=0.01 sys=0.00, real=0.00 secs] 
3414.720: [GC (Allocation Failure) [PSYoungGen: 68032K->1392K(68608K)] 354715K->288075K(752128K), 0.0015885 secs] [Times: user=0.01 sys=0.00, real=0.01 secs] 
3415.372: [GC (Allocation Failure) [PSYoungGen: 67952K->1376K(68608K)] 354635K->288059K(752128K), 0.0017483 secs] [Times: user=0.01 sys=0.00, real=0.00 secs] 
3415.932: [GC (Allocation Failure) [PSYoungGen: 67936K->1376K(68608K)] 354619K->288059K(752128K), 0.0018275 secs] [Times: user=0.01 sys=0.00, real=0.00 secs] 
3416.471: [GC (Allocation Failure) [PSYoungGen: 67936K->1504K(68608K)] 354619K->288187K(752128K), 0.0015619 secs] [Times: user=0.00 sys=0.00, real=0.01 secs] 
3416.924: [GC (Allocation Failure) [PSYoungGen: 68064K->1613K(68608K)] 354747K->288296K(752128K), 0.0017310 secs] [Times: user=0.01 sys=0.00, real=0.00 secs] 
3417.315: [GC (Allocation Failure) [PSYoungGen: 68173K->1565K(68608K)] 354856K->288248K(752128K), 0.0017822 secs] [Times: user=0.01 sys=0.00, real=0.00 secs] 
3417.769: [GC (Allocation Failure) [PSYoungGen: 68125K->1597K(68608K)] 354808K->288296K(752128K), 0.0017649 secs] [Times: user=0.01 sys=0.00, real=0.00 secs] 
3418.177: [GC (Allocation Failure) [PSYoungGen: 68157K->1408K(68608K)] 354856K->288115K(752128K), 0.0063898 secs] [Times: user=0.03 sys=0.00, real=0.01 secs] 
3418.467: [GC (Allocation Failure) [PSYoungGen: 67968K->1376K(68608K)] 354675K->288083K(752128K), 0.0019965 secs] [Times: user=0.01 sys=0.00, real=0.00 secs] 
3418.818: [GC (Allocation Failure) [PSYoungGen: 67936K->1344K(68608K)] 354643K->288051K(752128K), 0.0018924 secs] [Times: user=0.01 sys=0.00, real=0.00 secs] 
3419.150: [GC (Allocation Failure) [PSYoungGen: 67904K->1344K(68608K)] 354611K->288051K(752128K), 0.0018622 secs] [Times: user=0.00 sys=0.01, real=0.01 secs] 
3419.566: [GC (Allocation Failure) [PSYoungGen: 67904K->1597K(68608K)] 354611K->288304K(752128K), 0.0016224 secs] [Times: user=0.01 sys=0.00, real=0.00 secs] 
3419.957: [GC (Allocation Failure) [PSYoungGen: 68157K->1613K(68608K)] 354864K->288320K(752128K), 0.0016507 secs] [Times: user=0.01 sys=0.00, real=0.00 secs] 
3420.346: [GC (GCLocker Initiated GC) [PSYoungGen: 68173K->1504K(68608K)] 354880K->288211K(752128K), 0.0016373 secs] [Times: user=0.01 sys=0.00, real=0.00 secs] 
3420.742: [GC (Allocation Failure) [PSYoungGen: 68064K->1501K(68608K)] 355988K->289441K(752128K), 0.0016940 secs] [Times: user=0.01 sys=0.00, real=0.00 secs] 
3421.090: [GC (Allocation Failure) [PSYoungGen: 68061K->1520K(68608K)] 356001K->289460K(752128K), 0.0018966 secs] [Times: user=0.01 sys=0.00, real=0.01 secs] 
3421.584: [GC (Allocation Failure) [PSYoungGen: 68080K->1408K(68608K)] 356020K->289348K(752128K), 0.0017540 secs] [Times: user=0.01 sys=0.00, real=0.00 secs] 
3422.137: [GC (Allocation Failure) [PSYoungGen: 67968K->1456K(68608K)] 355908K->289396K(752128K), 0.0031470 secs] [Times: user=0.02 sys=0.00, real=0.00 secs] 
3422.686: [GC (Allocation Failure) [PSYoungGen: 68016K->1408K(68608K)] 355956K->289348K(752128K), 0.0031432 secs] [Times: user=0.01 sys=0.00, real=0.00 secs] 
3423.236: [GC (Allocation Failure) [PSYoungGen: 67968K->1533K(68608K)] 355908K->289474K(752128K), 0.0015361 secs] [Times: user=0.01 sys=0.00, real=0.00 secs] 
3423.709: [GC (Allocation Failure) [PSYoungGen: 68093K->1613K(68608K)] 356034K->289554K(752128K), 0.0017741 secs] [Times: user=0.01 sys=0.00, real=0.00 secs] 
3424.162: [GC (Allocation Failure) [PSYoungGen: 68173K->1613K(68608K)] 356114K->289554K(752128K), 0.0017560 secs] [Times: user=0.01 sys=0.00, real=0.00 secs] 
3424.551: [GC (Allocation Failure) [PSYoungGen: 68149K->1581K(68608K)] 356089K->289538K(752128K), 0.0017953 secs] [Times: user=0.00 sys=0.00, real=0.01 secs] 
3425.110: [GC (Allocation Failure) [PSYoungGen: 68141K->1440K(68608K)] 356098K->289396K(752128K), 0.0024141 secs] [Times: user=0.01 sys=0.00, real=0.01 secs] 
3425.671: [GC (Allocation Failure) [PSYoungGen: 68000K->1408K(68608K)] 355956K->289364K(752128K), 0.0028123 secs] [Times: user=0.01 sys=0.00, real=0.01 secs] 
3426.264: [GC (Allocation Failure) [PSYoungGen: 67968K->1376K(68608K)] 355924K->289332K(752128K), 0.0030455 secs] [Times: user=0.01 sys=0.00, real=0.00 secs] 
3426.834: [GC (Allocation Failure) [PSYoungGen: 67936K->1424K(68608K)] 355892K->289420K(752128K), 0.0024614 secs] [Times: user=0.00 sys=0.00, real=0.00 secs] 
3427.352: [GC (Allocation Failure) [PSYoungGen: 67984K->1565K(68608K)] 355980K->289562K(752128K), 0.0016245 secs] [Times: user=0.01 sys=0.00, real=0.00 secs] 
3427.743: [GC (Allocation Failure) [PSYoungGen: 68125K->1549K(68608K)] 356122K->289546K(752128K), 0.0016685 secs] [Times: user=0.01 sys=0.00, real=0.00 secs] 
3428.139: [GC (Allocation Failure) [PSYoungGen: 68109K->1549K(68608K)] 356106K->289554K(752128K), 0.0016985 secs] [Times: user=0.00 sys=0.00, real=0.00 secs] 
3428.539: [GC (Allocation Failure) [PSYoungGen: 68109K->2016K(68608K)] 356114K->290052K(752128K), 0.0016408 secs] [Times: user=0.01 sys=0.01, real=0.00 secs] 
3428.816: [GC (Allocation Failure) [PSYoungGen: 68576K->1376K(68608K)] 356612K->289412K(752128K), 0.0017028 secs] [Times: user=0.00 sys=0.00, real=0.00 secs] 
3429.092: [GC (Allocation Failure) [PSYoungGen: 67936K->1408K(68608K)] 355972K->289444K(752128K), 0.0017427 secs] [Times: user=0.01 sys=0.00, real=0.00 secs] 
3429.368: [GC (Allocation Failure) [PSYoungGen: 67968K->1408K(68608K)] 356004K->289444K(752128K), 0.0017289 secs] [Times: user=0.01 sys=0.00, real=0.00 secs] 
3429.644: [GC (Allocation Failure) [PSYoungGen: 67968K->1376K(68608K)] 356004K->289412K(752128K), 0.0016555 secs] [Times: user=0.01 sys=0.00, real=0.00 secs] 
3430.051: [GC (Allocation Failure) [PSYoungGen: 67936K->1549K(68608K)] 355972K->289586K(752128K), 0.0015917 secs] [Times: user=0.00 sys=0.00, real=0.01 secs] 
3430.441: [GC (Allocation Failure) [PSYoungGen: 68109K->1565K(68608K)] 356146K->289602K(752128K), 0.0017662 secs] [Times: user=0.00 sys=0.00, real=0.01 secs] 
3430.830: [GC (Allocation Failure) [PSYoungGen: 68111K->1565K(68608K)] 356148K->289602K(752128K), 0.0015397 secs] [Times: user=0.00 sys=0.00, real=0.01 secs] 
3431.397: [GC (Allocation Failure) [PSYoungGen: 68125K->1504K(68608K)] 356162K->289540K(752128K), 0.0017913 secs] [Times: user=0.01 sys=0.00, real=0.00 secs] 
3431.875: [GC (Allocation Failure) [PSYoungGen: 68064K->1408K(68608K)] 356100K->289444K(752128K), 0.0027326 secs] [Times: user=0.01 sys=0.00, real=0.00 secs] 
3432.151: [GC (Allocation Failure) [PSYoungGen: 67968K->1408K(68608K)] 356004K->289444K(752128K), 0.0025345 secs] [Times: user=0.01 sys=0.00, real=0.01 secs] 
3432.438: [GC (Allocation Failure) [PSYoungGen: 67968K->1408K(68608K)] 356004K->289444K(752128K), 0.0020058 secs] [Times: user=0.01 sys=0.00, real=0.00 secs] 
3432.773: [GC (Allocation Failure) [PSYoungGen: 67968K->1485K(68608K)] 356004K->289522K(752128K), 0.0018501 secs] [Times: user=0.00 sys=0.00, real=0.00 secs] 
3433.179: [GC (Allocation Failure) [PSYoungGen: 68045K->1533K(68608K)] 356082K->289570K(752128K), 0.0017476 secs] [Times: user=0.01 sys=0.00, real=0.00 secs] 
3433.637: [GC (Allocation Failure) [PSYoungGen: 68093K->1533K(68608K)] 356130K->289570K(752128K), 0.0017662 secs] [Times: user=0.01 sys=0.00, real=0.00 secs] 
3434.027: [GC (Allocation Failure) [PSYoungGen: 68093K->1536K(68608K)] 356130K->289588K(752128K), 0.0018205 secs] [Times: user=0.01 sys=0.00, real=0.00 secs] 
3434.528: [GC (Allocation Failure) [PSYoungGen: 68096K->1520K(68608K)] 356148K->289572K(752128K), 0.0029090 secs] [Times: user=0.01 sys=0.00, real=0.01 secs] 
3434.809: [GC (Allocation Failure) [PSYoungGen: 68080K->1376K(68608K)] 356132K->289428K(752128K), 0.0020083 secs] [Times: user=0.00 sys=0.00, real=0.01 secs] 
3435.189: [GC (Allocation Failure) [PSYoungGen: 67936K->1440K(68608K)] 355988K->289492K(752128K), 0.0020002 secs] [Times: user=0.01 sys=0.00, real=0.01 secs] 
3435.646: [GC (Allocation Failure) [PSYoungGen: 68000K->1376K(68608K)] 356052K->289428K(752128K), 0.0019786 secs] [Times: user=0.01 sys=0.00, real=0.00 secs] 
3436.194: [GC (Allocation Failure) [PSYoungGen: 67936K->1501K(68608K)] 355988K->289554K(752128K), 0.0016304 secs] [Times: user=0.01 sys=0.00, real=0.00 secs] 
3436.598: [GC (Allocation Failure) [PSYoungGen: 68061K->1581K(68608K)] 356114K->289634K(752128K), 0.0016827 secs] [Times: user=0.00 sys=0.00, real=0.00 secs] 
3436.990: [GC (Allocation Failure) [PSYoungGen: 68141K->1597K(68608K)] 356194K->289650K(752128K), 0.0017026 secs] [Times: user=0.01 sys=0.00, real=0.01 secs] 
3437.380: [GC (Allocation Failure) [PSYoungGen: 68157K->1565K(68608K)] 356210K->289642K(752128K), 0.0016966 secs] [Times: user=0.01 sys=0.00, real=0.01 secs] 
3437.744: [GC (Allocation Failure) [PSYoungGen: 68125K->1456K(68608K)] 356202K->289532K(752128K), 0.0015906 secs] [Times: user=0.00 sys=0.00, real=0.00 secs] 
3438.021: [GC (Allocation Failure) [PSYoungGen: 68016K->1376K(68608K)] 356092K->289452K(752128K), 0.0017278 secs] [Times: user=0.01 sys=0.00, real=0.01 secs] 
3438.297: [GC (Allocation Failure) [PSYoungGen: 67936K->1376K(68608K)] 356012K->289452K(752128K), 0.0017018 secs] [Times: user=0.00 sys=0.00, real=0.00 secs] 
3438.598: [GC (Allocation Failure) [PSYoungGen: 67936K->1392K(68608K)] 356012K->289468K(752128K), 0.0017104 secs] [Times: user=0.00 sys=0.00, real=0.00 secs] 
3438.958: [GC (Allocation Failure) [PSYoungGen: 67952K->1469K(68608K)] 356028K->289546K(752128K), 0.0016215 secs] [Times: user=0.01 sys=0.00, real=0.00 secs] 
3439.348: [GC (GCLocker Initiated GC) [PSYoungGen: 68029K->1597K(68608K)] 356106K->289674K(752128K), 0.0016823 secs] [Times: user=0.00 sys=0.00, real=0.00 secs] 
3439.742: [GC (Allocation Failure) [PSYoungGen: 68157K->1517K(68608K)] 357067K->290427K(752128K), 0.0016955 secs] [Times: user=0.01 sys=0.00, real=0.00 secs] 
3440.133: [GC (Allocation Failure) [PSYoungGen: 68077K->1581K(68608K)] 356987K->290499K(752128K), 0.0017625 secs] [Times: user=0.00 sys=0.00, real=0.00 secs] 
3440.870: [GC (Allocation Failure) [PSYoungGen: 68141K->1472K(68608K)] 357059K->290390K(752128K), 0.0023022 secs] [Times: user=0.01 sys=0.00, real=0.01 secs] 
3441.625: [GC (Allocation Failure) [PSYoungGen: 68032K->1472K(68608K)] 356950K->290390K(752128K), 0.0020599 secs] [Times: user=0.01 sys=0.01, real=0.00 secs] 
3442.287: [GC (Allocation Failure) [PSYoungGen: 68032K->1440K(68608K)] 356950K->290358K(752128K), 0.0021832 secs] [Times: user=0.01 sys=0.00, real=0.00 secs] 
3442.984: [GC (Allocation Failure) [PSYoungGen: 68000K->1440K(68608K)] 356918K->290358K(752128K), 0.0018924 secs] [Times: user=0.01 sys=0.00, real=0.00 secs] 
3443.683: [GC (Allocation Failure) [PSYoungGen: 68000K->1581K(68608K)] 356918K->290499K(752128K), 0.0017154 secs] [Times: user=0.00 sys=0.00, real=0.00 secs] 
3444.072: [GC (Allocation Failure) [PSYoungGen: 68122K->1661K(68608K)] 357040K->290579K(752128K), 0.0016362 secs] [Times: user=0.00 sys=0.00, real=0.00 secs] 
3444.461: [GC (Allocation Failure) [PSYoungGen: 68219K->1629K(68608K)] 357137K->290547K(752128K), 0.0017222 secs] [Times: user=0.01 sys=0.00, real=0.01 secs] 
3444.854: [GC (Allocation Failure) [PSYoungGen: 68189K->1645K(68608K)] 357107K->290579K(752128K), 0.0017138 secs] [Times: user=0.01 sys=0.00, real=0.00 secs] 
3445.189: [GC (Allocation Failure) [PSYoungGen: 68205K->1424K(68608K)] 357139K->290358K(752128K), 0.0017531 secs] [Times: user=0.01 sys=0.00, real=0.00 secs] 
3445.465: [GC (Allocation Failure) [PSYoungGen: 67984K->1408K(68608K)] 356918K->290342K(752128K), 0.0016629 secs] [Times: user=0.01 sys=0.00, real=0.00 secs] 
3445.742: [GC (Allocation Failure) [PSYoungGen: 67968K->1408K(68608K)] 356902K->290342K(752128K), 0.0015847 secs] [Times: user=0.01 sys=0.00, real=0.00 secs] 
3446.018: [GC (Allocation Failure) [PSYoungGen: 67968K->1376K(68608K)] 356902K->290350K(752128K), 0.0020449 secs] [Times: user=0.00 sys=0.00, real=0.00 secs] 
3446.453: [GC (Allocation Failure) [PSYoungGen: 67936K->1520K(68608K)] 356910K->290494K(752128K), 0.0015983 secs] [Times: user=0.01 sys=0.00, real=0.00 secs] 
3446.928: [GC (Allocation Failure) [PSYoungGen: 68057K->1616K(68608K)] 357031K->290598K(752128K), 0.0017123 secs] [Times: user=0.00 sys=0.00, real=0.00 secs] 
3447.318: [GC (Allocation Failure) [PSYoungGen: 68176K->1581K(68608K)] 357158K->290563K(752128K), 0.0017547 secs] [Times: user=0.01 sys=0.00, real=0.00 secs] 
3447.710: [GC (Allocation Failure) [PSYoungGen: 68141K->1549K(68608K)] 357123K->290555K(752128K), 0.0017901 secs] [Times: user=0.00 sys=0.00, real=0.01 secs] 
3448.249: [GC (Allocation Failure) [PSYoungGen: 68109K->1440K(68608K)] 357115K->290446K(752128K), 0.0035275 secs] [Times: user=0.01 sys=0.00, real=0.01 secs] 
3448.800: [GC (Allocation Failure) [PSYoungGen: 68000K->1392K(68608K)] 357006K->290398K(752128K), 0.0032122 secs] [Times: user=0.01 sys=0.00, real=0.01 secs] 
3449.210: [GC (Allocation Failure) [PSYoungGen: 67952K->1344K(68608K)] 356958K->290350K(752128K), 0.0018151 secs] [Times: user=0.00 sys=0.00, real=0.01 secs] 
3449.487: [GC (Allocation Failure) [PSYoungGen: 67904K->1376K(68608K)] 356910K->290382K(752128K), 0.0019168 secs] [Times: user=0.01 sys=0.00, real=0.00 secs] 
3449.885: [GC (Allocation Failure) [PSYoungGen: 67936K->1549K(68608K)] 356942K->290555K(752128K), 0.0016346 secs] [Times: user=0.01 sys=0.00, real=0.00 secs] 
3450.334: [GC (Allocation Failure) [PSYoungGen: 68109K->1613K(68608K)] 357115K->290619K(752128K), 0.0017855 secs] [Times: user=0.00 sys=0.00, real=0.00 secs] 
3450.722: [GC (Allocation Failure) [PSYoungGen: 68173K->1549K(68608K)] 357179K->290555K(752128K), 0.0015751 secs] [Times: user=0.01 sys=0.00, real=0.00 secs] 
3451.171: [GC (Allocation Failure) [PSYoungGen: 68109K->2032K(68608K)] 357115K->291038K(752128K), 0.0020953 secs] [Times: user=0.00 sys=0.00, real=0.01 secs] 
3451.780: [GC (Allocation Failure) [PSYoungGen: 68592K->1376K(68608K)] 357598K->290382K(752128K), 0.0024816 secs] [Times: user=0.01 sys=0.01, real=0.01 secs] 
3452.362: [GC (Allocation Failure) [PSYoungGen: 67936K->1376K(68608K)] 356942K->290382K(752128K), 0.0032842 secs] [Times: user=0.01 sys=0.00, real=0.00 secs] 
3452.794: [GC (Allocation Failure) [PSYoungGen: 67936K->1344K(68608K)] 356942K->290350K(752128K), 0.0024436 secs] [Times: user=0.00 sys=0.00, real=0.00 secs] 
3453.091: [GC (Allocation Failure) [PSYoungGen: 67904K->1408K(68608K)] 356910K->290414K(752128K), 0.0017824 secs] [Times: user=0.01 sys=0.00, real=0.00 secs] 
3453.518: [GC (Allocation Failure) [PSYoungGen: 67968K->1549K(68608K)] 356974K->290555K(752128K), 0.0016394 secs] [Times: user=0.00 sys=0.00, real=0.00 secs] 
3453.907: [GC (Allocation Failure) [PSYoungGen: 68095K->1597K(68608K)] 357102K->290603K(752128K), 0.0016853 secs] [Times: user=0.00 sys=0.00, real=0.00 secs] 
3454.296: [GC (Allocation Failure) [PSYoungGen: 68157K->1581K(68608K)] 357163K->290587K(752128K), 0.0016684 secs] [Times: user=0.00 sys=0.00, real=0.00 secs] 
3454.765: [GC (Allocation Failure) [PSYoungGen: 68141K->1520K(68608K)] 357147K->290526K(752128K), 0.0017071 secs] [Times: user=0.01 sys=0.00, real=0.00 secs] 
3455.393: [GC (Allocation Failure) [PSYoungGen: 68080K->1376K(68608K)] 357086K->290382K(752128K), 0.0018549 secs] [Times: user=0.01 sys=0.00, real=0.00 secs] 
3456.039: [GC (Allocation Failure) [PSYoungGen: 67936K->1376K(68608K)] 356942K->290382K(752128K), 0.0018895 secs] [Times: user=0.00 sys=0.00, real=0.01 secs] 
3456.465: [GC (Allocation Failure) [PSYoungGen: 67936K->1344K(68608K)] 356942K->290350K(752128K), 0.0021830 secs] [Times: user=0.01 sys=0.00, real=0.00 secs] 
3456.925: [GC (Allocation Failure) [PSYoungGen: 67904K->1360K(68608K)] 356910K->290366K(752128K), 0.0019583 secs] [Times: user=0.00 sys=0.00, real=0.00 secs] 
3457.397: [GC (Allocation Failure) [PSYoungGen: 67920K->1584K(68608K)] 356926K->290590K(752128K), 0.0016913 secs] [Times: user=0.00 sys=0.00, real=0.00 secs] 
3457.788: [GC (Allocation Failure) [PSYoungGen: 68144K->1613K(68608K)] 357150K->290619K(752128K), 0.0015530 secs] [Times: user=0.01 sys=0.00, real=0.00 secs] 
3458.181: [GC (Allocation Failure) [PSYoungGen: 68173K->1549K(68608K)] 357179K->290579K(752128K), 0.0017534 secs] [Times: user=0.01 sys=0.00, real=0.01 secs] 
3458.909: [GC (Allocation Failure) [PSYoungGen: 68109K->1648K(68608K)] 357139K->290686K(752128K), 0.0029227 secs] [Times: user=0.01 sys=0.00, real=0.01 secs] 
3459.685: [GC (Allocation Failure) [PSYoungGen: 68208K->2032K(68608K)] 357246K->295669K(752128K), 0.0058832 secs] [Times: user=0.03 sys=0.00, real=0.00 secs] 
3462.439: [GC (Allocation Failure) [PSYoungGen: 68569K->4064K(66048K)] 362206K->309208K(749568K), 0.0266471 secs] [Times: user=0.11 sys=0.03, real=0.03 secs] 
3466.484: [GC (Allocation Failure) [PSYoungGen: 66016K->8672K(70656K)] 371160K->332664K(754176K), 0.0299678 secs] [Times: user=0.11 sys=0.06, real=0.03 secs] 
3466.664: [GC (Allocation Failure) [PSYoungGen: 70624K->17376K(70144K)] 394616K->357720K(753664K), 0.0160148 secs] [Times: user=0.08 sys=0.01, real=0.01 secs] 
3466.812: [GC (Allocation Failure) [PSYoungGen: 70093K->26592K(79360K)] 410438K->380008K(762880K), 0.0167907 secs] [Times: user=0.09 sys=0.01, real=0.01 secs] 
3468.292: [GC (GCLocker Initiated GC) [PSYoungGen: 79328K->36336K(87552K)] 432745K->401241K(771072K), 0.0498305 secs] [Times: user=0.26 sys=0.04, real=0.05 secs] 
3468.488: [GC (Allocation Failure) [PSYoungGen: 87536K->47072K(98304K)] 452444K->422468K(781824K), 0.0276241 secs] [Times: user=0.13 sys=0.03, real=0.03 secs] 
3469.441: [GC (Allocation Failure) [PSYoungGen: 98272K->59360K(105472K)] 473668K->443934K(788992K), 0.0331590 secs] [Times: user=0.17 sys=0.03, real=0.04 secs] 
3469.564: [GC (Allocation Failure) [PSYoungGen: 105440K->73696K(119808K)] 490014K->463426K(803328K), 0.0171290 secs] [Times: user=0.10 sys=0.00, real=0.01 secs] 
3470.256: [GC (Allocation Failure) [PSYoungGen: 111682K->89056K(128000K)] 501413K->479162K(811520K), 0.0665254 secs] [Times: user=0.36 sys=0.03, real=0.07 secs] 
3470.396: [GC (Allocation Failure) [PSYoungGen: 127968K->102752K(143872K)] 518074K->495634K(827392K), 0.0413399 secs] [Times: user=0.24 sys=0.01, real=0.04 secs] 
3470.520: [GC (Allocation Failure) [PSYoungGen: 141664K->76288K(165376K)] 534546K->512046K(848896K), 0.0526685 secs] [Times: user=0.17 sys=0.14, real=0.06 secs] 
3470.630: [GC (Allocation Failure) [PSYoungGen: 118784K->58944K(169984K)] 554542K->530026K(853504K), 0.0325627 secs] [Times: user=0.12 sys=0.07, real=0.04 secs] 
3471.765: [GC (Allocation Failure) [PSYoungGen: 101440K->24609K(167936K)] 572522K->536500K(851456K), 0.0596641 secs] [Times: user=0.31 sys=0.04, real=0.06 secs] 
3471.981: [GC (Allocation Failure) [PSYoungGen: 75809K->192K(171520K)] 587700K->536594K(855040K), 0.0464279 secs] [Times: user=0.27 sys=0.01, real=0.05 secs] 
3472.117: [GC (Allocation Failure) [PSYoungGen: 51392K->10592K(176640K)] 587794K->547010K(860160K), 0.0045832 secs] [Times: user=0.02 sys=0.00, real=0.01 secs] 
3472.229: [GC (GCLocker Initiated GC) [PSYoungGen: 72032K->23744K(179200K)] 608450K->569982K(862720K), 0.0132661 secs] [Times: user=0.07 sys=0.00, real=0.02 secs] 
3472.453: [GC (Allocation Failure) [PSYoungGen: 85184K->26976K(173056K)] 631425K->594713K(856576K), 0.0169897 secs] [Times: user=0.09 sys=0.01, real=0.01 secs] 
3472.583: [GC (Allocation Failure) [PSYoungGen: 100192K->31136K(179200K)] 667929K->625701K(862720K), 0.0278501 secs] [Times: user=0.15 sys=0.01, real=0.02 secs] 
3472.737: [GC (Allocation Failure) [PSYoungGen: 104352K->34400K(174592K)] 698917K->659941K(858112K), 0.0234271 secs] [Times: user=0.12 sys=0.01, real=0.02 secs] 
3472.876: [GC (Allocation Failure) [PSYoungGen: 121952K->37536K(180736K)] 747493K->697357K(864256K), 0.0243484 secs] [Times: user=0.14 sys=0.01, real=0.02 secs] 
3472.901: [Full GC (Ergonomics) [PSYoungGen: 37536K->0K(180736K)] [ParOldGen: 659821K->171483K(613888K)] 697357K->171483K(794624K), [Metaspace: 60087K->59995K(1105920K)], 0.4086725 secs] [Times: user=1.84 sys=0.01, real=0.41 secs] 
3473.404: [GC (Allocation Failure) [PSYoungGen: 87552K->45984K(190464K)] 259035K->217467K(804352K), 0.0177804 secs] [Times: user=0.11 sys=0.00, real=0.02 secs] 
3473.563: [GC (Allocation Failure) [PSYoungGen: 150944K->44544K(192000K)] 322427K->261883K(805888K), 0.0245242 secs] [Times: user=0.15 sys=0.00, real=0.02 secs] 
3474.483: [GC (Allocation Failure) [PSYoungGen: 149504K->5664K(209920K)] 366843K->267535K(823808K), 0.0627108 secs] [Times: user=0.37 sys=0.00, real=0.06 secs] 
3475.166: [GC (Allocation Failure) [PSYoungGen: 130592K->45152K(210432K)] 392463K->311706K(824320K), 0.0239643 secs] [Times: user=0.13 sys=0.00, real=0.02 secs] 
3475.405: [GC (Allocation Failure) [PSYoungGen: 170080K->53344K(230912K)] 436634K->362650K(844800K), 0.0260777 secs] [Times: user=0.15 sys=0.01, real=0.03 secs] 
3475.621: [GC (Allocation Failure) [PSYoungGen: 199776K->62016K(232960K)] 509082K->424482K(846848K), 0.0345135 secs] [Times: user=0.21 sys=0.00, real=0.04 secs] 
3475.893: [GC (Allocation Failure) [PSYoungGen: 208448K->70720K(259584K)] 570914K->495058K(873472K), 0.0530002 secs] [Times: user=0.28 sys=0.02, real=0.05 secs] 
3477.011: [GC (Allocation Failure) [PSYoungGen: 239168K->28288K(265728K)] 663506K->523266K(879616K), 0.0399286 secs] [Times: user=0.23 sys=0.00, real=0.04 secs] 
3477.414: [GC (Allocation Failure) [PSYoungGen: 196736K->67648K(290304K)] 691714K->588951K(904192K), 0.0214190 secs] [Times: user=0.12 sys=0.01, real=0.02 secs] 
3477.695: [GC (Allocation Failure) [PSYoungGen: 263744K->86912K(294912K)] 785047K->670943K(908800K), 0.0368654 secs] [Times: user=0.22 sys=0.00, real=0.04 secs] 
3477.732: [Full GC (Ergonomics) [PSYoungGen: 86912K->0K(294912K)] [ParOldGen: 584031K->174322K(690688K)] 670943K->174322K(985600K), [Metaspace: 59998K->59998K(1105920K)], 0.4081912 secs] [Times: user=1.89 sys=0.00, real=0.40 secs] 
3478.562: [GC (Allocation Failure) [PSYoungGen: 196096K->109536K(320512K)] 370418K->300466K(1011200K), 0.0395887 secs] [Times: user=0.14 sys=0.04, real=0.04 secs] 
3482.413: [GC (Allocation Failure) [PSYoungGen: 320480K->38496K(343040K)] 511410K->302022K(1033728K), 0.0720182 secs] [Times: user=0.42 sys=0.00, real=0.07 secs] 
3482.825: [GC (Allocation Failure) [PSYoungGen: 249440K->88608K(364032K)] 512966K->387047K(1054720K), 0.0290654 secs] [Times: user=0.17 sys=0.01, real=0.03 secs] 
3483.139: [GC (Allocation Failure) [PSYoungGen: 325152K->109184K(369664K)] 623591K->487115K(1060352K), 0.0473503 secs] [Times: user=0.28 sys=0.00, real=0.05 secs] 
3484.306: [GC (Allocation Failure) [PSYoungGen: 345728K->51104K(402944K)] 723659K->538067K(1093632K), 0.0494852 secs] [Times: user=0.28 sys=0.01, real=0.05 secs] 
3484.765: [GC (Allocation Failure) [PSYoungGen: 323488K->112768K(410624K)] 810451K->646387K(1101312K), 0.0358313 secs] [Times: user=0.21 sys=0.01, real=0.04 secs] 
3485.958: [GC (Allocation Failure) [PSYoungGen: 385152K->105536K(457216K)] 918771K->741775K(1147904K), 0.0873114 secs] [Times: user=0.32 sys=0.17, real=0.09 secs] 
3486.045: [Full GC (Ergonomics) [PSYoungGen: 105536K->0K(457216K)] [ParOldGen: 636239K->254115K(860160K)] 741775K->254115K(1317376K), [Metaspace: 60004K->60004K(1105920K)], 0.5316927 secs] [Times: user=2.33 sys=0.00, real=0.53 secs] 
3489.340: [GC (Allocation Failure) [PSYoungGen: 307712K->92992K(463360K)] 561827K->347107K(1323520K), 0.0192417 secs] [Times: user=0.11 sys=0.00, real=0.02 secs] 
3489.720: [GC (Allocation Failure) [PSYoungGen: 400704K->134720K(487936K)] 654819K->476188K(1348096K), 0.0576105 secs] [Times: user=0.31 sys=0.03, real=0.06 secs] 
3492.598: [GC (Allocation Failure) [PSYoungGen: 467008K->85856K(502272K)] 808476K->561948K(1362432K), 0.0593357 secs] [Times: user=0.35 sys=0.00, real=0.06 secs] 
3493.086: [GC (Allocation Failure) [PSYoungGen: 418144K->143968K(504320K)] 894236K->700377K(1364480K), 0.0546110 secs] [Times: user=0.30 sys=0.01, real=0.05 secs] 
3494.650: [GC (Allocation Failure) [PSYoungGen: 484448K->91520K(519680K)] 1040857K->791393K(1379840K), 0.1130454 secs] [Times: user=0.45 sys=0.19, real=0.12 secs] 
3494.763: [Full GC (Ergonomics) [PSYoungGen: 91520K->0K(519680K)] [ParOldGen: 699873K->77230K(773632K)] 791393K->77230K(1293312K), [Metaspace: 60011K->60011K(1105920K)], 0.1577589 secs] [Times: user=0.68 sys=0.00, real=0.15 secs] 
3495.353: [GC (Allocation Failure) [PSYoungGen: 340480K->148416K(498176K)] 417710K->225646K(1271808K), 0.0334557 secs] [Times: user=0.19 sys=0.00, real=0.03 secs] 
3496.740: [GC (Allocation Failure) [PSYoungGen: 474208K->84032K(512512K)] 551438K->309450K(1286144K), 0.0782432 secs] [Times: user=0.46 sys=0.00, real=0.08 secs] 
3498.467: [GC (Allocation Failure) [PSYoungGen: 410176K->137024K(504320K)] 635594K->443035K(1277952K), 0.0587738 secs] [Times: user=0.35 sys=0.00, real=0.06 secs] 
3500.798: [GC (GCLocker Initiated GC) [PSYoungGen: 463168K->94912K(421376K)] 769179K->529075K(1195008K), 0.0614937 secs] [Times: user=0.36 sys=0.00, real=0.06 secs] 
3501.263: [GC (Allocation Failure) [PSYoungGen: 421056K->138720K(504320K)] 855222K->663667K(1277952K), 0.0475365 secs] [Times: user=0.28 sys=0.00, real=0.04 secs] 
3502.872: [GC (Allocation Failure) [PSYoungGen: 465376K->97088K(512000K)] 990323K->751419K(1285632K), 0.1076073 secs] [Times: user=0.64 sys=0.00, real=0.10 secs] 
3502.980: [Full GC (Ergonomics) [PSYoungGen: 97088K->0K(512000K)] [ParOldGen: 654330K->31097K(793088K)] 751419K->31097K(1305088K), [Metaspace: 60019K->60019K(1105920K)], 0.0634376 secs] [Times: user=0.23 sys=0.01, real=0.07 secs] 
3504.353: [GC (Allocation Failure) [PSYoungGen: 326656K->128384K(510976K)] 357753K->159481K(1304064K), 0.0255215 secs] [Times: user=0.15 sys=0.00, real=0.02 secs] 
3505.621: [GC (Allocation Failure) [PSYoungGen: 461696K->111552K(513536K)] 492793K->261665K(1306624K), 0.0620702 secs] [Times: user=0.37 sys=0.01, real=0.07 secs] 
3507.884: [GC (Allocation Failure) [PSYoungGen: 444864K->124832K(516096K)] 594977K->384722K(1309184K), 0.0520524 secs] [Times: user=0.31 sys=0.00, real=0.05 secs] 
3509.214: [GC (Allocation Failure) [PSYoungGen: 465312K->121824K(516608K)] 725202K->497282K(1309696K), 0.0624386 secs] [Times: user=0.37 sys=0.00, real=0.06 secs] 
3509.732: [GC (Allocation Failure) [PSYoungGen: 462304K->123616K(521216K)] 837762K->620878K(1314304K), 0.0554897 secs] [Times: user=0.33 sys=0.00, real=0.05 secs] 
3511.067: [GC (Allocation Failure) [PSYoungGen: 471264K->125536K(521728K)] 968526K->735127K(1314816K), 0.0631116 secs] [Times: user=0.37 sys=0.00, real=0.06 secs] 
3511.130: [Full GC (Ergonomics) [PSYoungGen: 125536K->0K(521728K)] [ParOldGen: 609591K->254228K(1072640K)] 735127K->254228K(1594368K), [Metaspace: 60025K->60025K(1105920K)], 0.5283876 secs] [Times: user=2.32 sys=0.00, real=0.53 secs] 
3513.036: [GC (Allocation Failure) [PSYoungGen: 347648K->121696K(519680K)] 601876K->375924K(1592320K), 0.0766769 secs] [Times: user=0.45 sys=0.01, real=0.08 secs] 
3515.212: [GC (Allocation Failure) [PSYoungGen: 472416K->126496K(522240K)] 726644K->491683K(1594880K), 0.0637572 secs] [Times: user=0.37 sys=0.01, real=0.06 secs] 
3515.766: [GC (Allocation Failure) [PSYoungGen: 477216K->124352K(523776K)] 842403K->615820K(1596416K), 0.0570967 secs] [Times: user=0.33 sys=0.00, real=0.06 secs] 
3517.131: [GC (Allocation Failure) [PSYoungGen: 480704K->124864K(525824K)] 972172K->729856K(1598464K), 0.0631892 secs] [Times: user=0.37 sys=0.00, real=0.07 secs] 
3519.094: [GC (Allocation Failure) [PSYoungGen: 481216K->126304K(525824K)] 1086208K->855716K(1598464K), 0.0704162 secs] [Times: user=0.31 sys=0.10, real=0.07 secs] 
3520.539: [GC (Allocation Failure) [PSYoungGen: 487776K->2944K(364544K)] 1217188K->732464K(1437184K), 0.0036583 secs] [Times: user=0.02 sys=0.00, real=0.01 secs] 
3522.933: [GC (Allocation Failure) [PSYoungGen: 364416K->137024K(508928K)] 1093936K->867565K(1581568K), 0.0288778 secs] [Times: user=0.16 sys=0.00, real=0.03 secs] 
3524.219: [GC (Allocation Failure) [PSYoungGen: 465216K->109504K(437760K)] 1195757K->967893K(1510400K), 0.0892456 secs] [Times: user=0.36 sys=0.17, real=0.09 secs] 
3524.308: [Full GC (Ergonomics) [PSYoungGen: 109504K->0K(437760K)] [ParOldGen: 858389K->254113K(1161216K)] 967893K->254113K(1598976K), [Metaspace: 60050K->60050K(1105920K)], 0.5279288 secs] [Times: user=2.33 sys=0.00, real=0.53 secs] 
3526.236: [GC (Allocation Failure) [PSYoungGen: 328192K->116768K(514048K)] 582305K->370881K(1675264K), 0.0240354 secs] [Times: user=0.14 sys=0.00, real=0.02 secs] 
3527.519: [GC (Allocation Failure) [PSYoungGen: 453152K->131712K(510464K)] 707265K->491614K(1671680K), 0.0619376 secs] [Times: user=0.37 sys=0.00, real=0.06 secs] 
3528.357: [GC (Allocation Failure) [PSYoungGen: 468096K->110816K(513536K)] 827998K->602366K(1674752K), 0.0899887 secs] [Times: user=0.53 sys=0.00, real=0.09 secs] 
3530.746: [GC (Allocation Failure) [PSYoungGen: 459488K->137376K(518144K)] 951038K->728946K(1679360K), 0.0618989 secs] [Times: user=0.37 sys=0.00, real=0.06 secs] 
3531.439: [GC (Allocation Failure) [PSYoungGen: 486048K->110240K(522240K)] 1077618K->839178K(1683456K), 0.0584110 secs] [Times: user=0.34 sys=0.00, real=0.06 secs] 
3532.831: [GC (Allocation Failure) [PSYoungGen: 466080K->138464K(523776K)] 1195018K->966678K(1684992K), 0.0621602 secs] [Times: user=0.37 sys=0.00, real=0.06 secs] 
3534.413: [GC (Allocation Failure) [PSYoungGen: 494304K->114304K(524800K)] 1322518K->1080982K(1686016K), 0.0820495 secs] [Times: user=0.31 sys=0.14, real=0.08 secs] 
3534.495: [Full GC (Ergonomics) [PSYoungGen: 114304K->0K(524800K)] [ParOldGen: 966678K->131977K(1098240K)] 1080982K->131977K(1623040K), [Metaspace: 60061K->60061K(1105920K)], 0.2901718 secs] [Times: user=1.32 sys=0.00, real=0.29 secs] 
3536.079: [GC (Allocation Failure) [PSYoungGen: 358912K->134144K(525824K)] 490889K->266121K(1624064K), 0.0473520 secs] [Times: user=0.28 sys=0.00, real=0.05 secs] 
3538.288: [GC (Allocation Failure) [PSYoungGen: 493056K->124096K(528384K)] 625033K->389917K(1626624K), 0.0682795 secs] [Times: user=0.40 sys=0.00, real=0.07 secs] 
3539.701: [GC (Allocation Failure) [PSYoungGen: 487616K->2112K(366080K)] 753437K->268025K(1464320K), 0.0021267 secs] [Times: user=0.01 sys=0.00, real=0.01 secs] 
3540.147: [GC (Allocation Failure) [PSYoungGen: 365632K->137792K(509952K)] 631545K->404602K(1608192K), 0.0280944 secs] [Times: user=0.16 sys=0.00, real=0.03 secs] 
3541.570: [GC (Allocation Failure) [PSYoungGen: 467008K->1728K(331264K)] 733818K->268760K(1429504K), 0.0030066 secs] [Times: user=0.01 sys=0.00, real=0.01 secs] 
3542.131: [GC (Allocation Failure) [PSYoungGen: 330944K->122528K(504320K)] 597976K->389560K(1602560K), 0.0251571 secs] [Times: user=0.15 sys=0.00, real=0.03 secs] 
3545.151: [GC (Allocation Failure) [PSYoungGen: 431264K->194528K(503296K)] 698296K->504577K(1601536K), 0.0631072 secs] [Times: user=0.37 sys=0.01, real=0.07 secs] 
3545.765: [GC (Allocation Failure) [PSYoungGen: 503264K->90528K(438784K)] 813313K->400685K(1537024K), 0.0190685 secs] [Times: user=0.11 sys=0.00, real=0.02 secs] 
3546.066: [GC (Allocation Failure) [PSYoungGen: 333728K->191488K(435200K)] 643885K->501645K(1533440K), 0.0391007 secs] [Times: user=0.23 sys=0.00, real=0.04 secs] 
3547.230: [GC (Allocation Failure) [PSYoungGen: 434688K->8672K(465920K)] 744845K->318973K(1564160K), 0.0036029 secs] [Times: user=0.02 sys=0.00, real=0.01 secs] 
3547.749: [GC (Allocation Failure) [PSYoungGen: 241632K->93056K(465920K)] 551933K->410166K(1564160K), 0.0215782 secs] [Times: user=0.12 sys=0.01, real=0.02 secs] 
3548.112: [GC (Allocation Failure) [PSYoungGen: 326016K->107520K(454656K)] 643126K->508430K(1552896K), 0.0485885 secs] [Times: user=0.29 sys=0.00, real=0.04 secs] 
3549.455: [GC (Allocation Failure) [PSYoungGen: 340480K->51136K(460288K)] 741390K->559450K(1558528K), 0.0596757 secs] [Times: user=0.35 sys=0.00, real=0.06 secs] 
3550.041: [GC (Allocation Failure) [PSYoungGen: 284096K->94816K(446976K)] 792410K->653390K(1545216K), 0.0416561 secs] [Times: user=0.24 sys=0.01, real=0.05 secs] 
3551.268: [GC (Allocation Failure) [PSYoungGen: 341088K->110848K(460288K)] 899662K->755750K(1558528K), 0.0640871 secs] [Times: user=0.38 sys=0.00, real=0.07 secs] 
3552.433: [GC (Allocation Failure) [PSYoungGen: 357120K->57120K(477184K)] 1002022K->812430K(1575424K), 0.0516048 secs] [Times: user=0.30 sys=0.00, real=0.05 secs] 
3553.268: [GC (Allocation Failure) [PSYoungGen: 334112K->114528K(480768K)] 1089422K->923235K(1579008K), 0.0373251 secs] [Times: user=0.22 sys=0.00, real=0.04 secs] 
3554.345: [GC (Allocation Failure) [PSYoungGen: 387607K->151648K(481280K)] 1196314K->1065171K(1579520K), 0.0691303 secs] [Times: user=0.41 sys=0.00, real=0.07 secs] 
3555.554: [GC (Allocation Failure) [PSYoungGen: 433760K->74176K(490496K)] 1347283K->1102187K(1588736K), 0.0600053 secs] [Times: user=0.29 sys=0.07, real=0.06 secs] 
3555.614: [Full GC (Ergonomics) [PSYoungGen: 74176K->0K(490496K)] [ParOldGen: 1028011K->91983K(1086464K)] 1102187K->91983K(1576960K), [Metaspace: 60078K->60078K(1105920K)], 0.2140380 secs] [Times: user=0.91 sys=0.00, real=0.21 secs] 
3556.214: [GC (Allocation Failure) [PSYoungGen: 273993K->114304K(476160K)] 365976K->206287K(1562624K), 0.0239381 secs] [Times: user=0.13 sys=0.00, real=0.02 secs] 
3558.303: [GC (Allocation Failure) [PSYoungGen: 401536K->82944K(485376K)] 493519K->280047K(1571840K), 0.1516657 secs] [Times: user=0.90 sys=0.00, real=0.15 secs] 
3559.349: [GC (Allocation Failure) [PSYoungGen: 370176K->119808K(493568K)] 567279K->397343K(1580032K), 0.0429196 secs] [Times: user=0.25 sys=0.00, real=0.05 secs] 
3560.716: [GC (Allocation Failure) [PSYoungGen: 428544K->111712K(498688K)] 706079K->500123K(1585152K), 0.0603379 secs] [Times: user=0.36 sys=0.00, real=0.06 secs] 
3561.174: [GC (Allocation Failure) [PSYoungGen: 420448K->103744K(494080K)] 808859K->603827K(1580544K), 0.0511243 secs] [Times: user=0.30 sys=0.00, real=0.05 secs] 
3561.632: [GC (Allocation Failure) [PSYoungGen: 428352K->143744K(501248K)] 928435K->737052K(1587712K), 0.0585979 secs] [Times: user=0.35 sys=0.00, real=0.05 secs] 
3563.335: [GC (Allocation Failure) [PSYoungGen: 468352K->86208K(518656K)] 1061660K->822416K(1605120K), 0.0611045 secs] [Times: user=0.36 sys=0.00, real=0.06 secs] 
3563.786: [GC (Allocation Failure) [PSYoungGen: 421056K->142368K(477696K)] 1157264K->959113K(1564160K), 0.0547882 secs] [Times: user=0.32 sys=0.00, real=0.05 secs] 
3566.606: [GC (Allocation Failure) [PSYoungGen: 477216K->90816K(517120K)] 1293961K->1049493K(1603584K), 0.0640525 secs] [Times: user=0.38 sys=0.00, real=0.06 secs] 
3566.670: [Full GC (Ergonomics) [PSYoungGen: 90816K->0K(517120K)] [ParOldGen: 958677K->90767K(1144320K)] 1049493K->90767K(1661440K), [Metaspace: 60088K->60088K(1105920K)], 0.2119784 secs] [Times: user=0.90 sys=0.00, real=0.22 secs] 
3567.280: [GC (Allocation Failure) [PSYoungGen: 330752K->143104K(474112K)] 421519K->233871K(1618432K), 0.0317119 secs] [Times: user=0.19 sys=0.00, real=0.04 secs] 
3568.503: [GC (Allocation Failure) [PSYoungGen: 473856K->87200K(515072K)] 564623K->320655K(1659392K), 0.0606062 secs] [Times: user=0.35 sys=0.00, real=0.06 secs] 
3569.017: [GC (Allocation Failure) [PSYoungGen: 414880K->142816K(470528K)] 648335K->457188K(1614848K), 0.0521885 secs] [Times: user=0.31 sys=0.00, real=0.05 secs] 
3571.097: [GC (GCLocker Initiated GC) [PSYoungGen: 470496K->84256K(513024K)] 784870K->541034K(1657344K), 0.1131754 secs] [Times: user=0.67 sys=0.00, real=0.11 secs] 
3571.652: [GC (Allocation Failure) [PSYoungGen: 408352K->136832K(509952K)] 865168K->674398K(1654272K), 0.0473214 secs] [Times: user=0.28 sys=0.00, real=0.04 secs] 
3574.810: [GC (Allocation Failure) [PSYoungGen: 460928K->92320K(507392K)] 998494K->758446K(1651712K), 0.0785662 secs] [Times: user=0.46 sys=0.00, real=0.08 secs] 
3575.437: [GC (Allocation Failure) [PSYoungGen: 416928K->133664K(508928K)] 1083054K->888987K(1653248K), 0.0478629 secs] [Times: user=0.28 sys=0.00, real=0.05 secs] 
3576.736: [GC (Allocation Failure) [PSYoungGen: 458272K->101920K(504832K)] 1213595K->981491K(1649152K), 0.0636683 secs] [Times: user=0.38 sys=0.00, real=0.06 secs] 
3578.035: [GC (Allocation Failure) [PSYoungGen: 430624K->126624K(508928K)] 1310195K->1107498K(1653248K), 0.0509532 secs] [Times: user=0.30 sys=0.00, real=0.05 secs] 
3578.086: [Full GC (Ergonomics) [PSYoungGen: 126624K->0K(508928K)] [ParOldGen: 980874K->148106K(1247744K)] 1107498K->148106K(1756672K), [Metaspace: 60103K->60103K(1105920K)], 0.3349475 secs] [Times: user=1.53 sys=0.01, real=0.33 secs] 
3579.926: [GC (Allocation Failure) [PSYoungGen: 328704K->118848K(508416K)] 476810K->266954K(1756160K), 0.0423812 secs] [Times: user=0.24 sys=0.00, real=0.04 secs] 
3581.838: [GC (Allocation Failure) [PSYoungGen: 458304K->119456K(514048K)] 606410K->386094K(1761792K), 0.0582913 secs] [Times: user=0.34 sys=0.00, real=0.06 secs] 
3583.162: [GC (Allocation Failure) [PSYoungGen: 458912K->128480K(522752K)] 725550K->504445K(1770496K), 0.0624724 secs] [Times: user=0.38 sys=0.00, real=0.06 secs] 
3583.643: [GC (Allocation Failure) [PSYoungGen: 482272K->118720K(524288K)] 858237K->623105K(1772032K), 0.0561513 secs] [Times: user=0.33 sys=0.00, real=0.05 secs] 
3585.019: [GC (Allocation Failure) [PSYoungGen: 472512K->130112K(525824K)] 976897K->742566K(1773568K), 0.0635591 secs] [Times: user=0.37 sys=0.01, real=0.07 secs] 
3585.839: [GC (Allocation Failure) [PSYoungGen: 489536K->126208K(525824K)] 1101990K->868270K(1773568K), 0.0574351 secs] [Times: user=0.33 sys=0.00, real=0.06 secs] 
3587.217: [GC (Allocation Failure) [PSYoungGen: 485632K->2528K(504320K)] 1227694K->744630K(1752064K), 0.0024680 secs] [Times: user=0.01 sys=0.00, real=0.00 secs] 
3589.523: [GC (Allocation Failure) [PSYoungGen: 341984K->126272K(519168K)] 1084086K->869027K(1766912K), 0.0260350 secs] [Times: user=0.15 sys=0.00, real=0.02 secs] 
3590.942: [GC (Allocation Failure) [PSYoungGen: 465728K->120864K(514048K)] 1208483K->980311K(1761792K), 0.0631266 secs] [Times: user=0.38 sys=0.00, real=0.06 secs] 
3591.827: [GC (Allocation Failure) [PSYoungGen: 460320K->120256K(516608K)] 1319767K->1100535K(1764352K), 0.0548591 secs] [Times: user=0.33 sys=0.00, real=0.06 secs] 
3593.174: [GC (Allocation Failure) [PSYoungGen: 459712K->128224K(521728K)] 1439991K->1218459K(1769472K), 0.0828210 secs] [Times: user=0.33 sys=0.13, real=0.08 secs] 
3593.257: [Full GC (Ergonomics) [PSYoungGen: 128224K->0K(521728K)] [ParOldGen: 1090235K->254945K(1398272K)] 1218459K->254945K(1920000K), [Metaspace: 60130K->60130K(1105920K)], 0.5315767 secs] [Times: user=2.35 sys=0.00, real=0.53 secs] 
3594.903: [GC (Allocation Failure) [PSYoungGen: 347136K->116064K(463360K)] 602081K->371009K(1861632K), 0.0403075 secs] [Times: user=0.23 sys=0.00, real=0.04 secs] 
3597.473: [GC (Allocation Failure) [PSYoungGen: 463200K->132000K(517632K)] 718145K->492246K(1915904K), 0.0618477 secs] [Times: user=0.37 sys=0.00, real=0.06 secs] 
3598.125: [GC (Allocation Failure) [PSYoungGen: 480160K->112992K(519168K)] 840406K->605182K(1917440K), 0.0580429 secs] [Times: user=0.34 sys=0.00, real=0.06 secs] 
3599.568: [GC (Allocation Failure) [PSYoungGen: 461152K->136032K(521728K)] 953342K->729794K(1920000K), 0.0618445 secs] [Times: user=0.37 sys=0.00, real=0.06 secs] 
3601.198: [GC (GCLocker Initiated GC) [PSYoungGen: 491872K->111456K(524288K)] 1085635K->841243K(1922560K), 0.0585229 secs] [Times: user=0.34 sys=0.00, real=0.06 secs] 
3602.553: [GC (Allocation Failure) [PSYoungGen: 467296K->137376K(525824K)] 1197087K->967558K(1924096K), 0.0626055 secs] [Times: user=0.38 sys=0.00, real=0.06 secs] 
3605.069: [GC (Allocation Failure) [PSYoungGen: 498848K->117728K(528896K)] 1329030K->1085198K(1927168K), 0.0602750 secs] [Times: user=0.35 sys=0.00, real=0.06 secs] 
3606.457: [GC (Allocation Failure) [PSYoungGen: 479200K->130432K(529920K)] 1446670K->1205567K(1928192K), 0.0631844 secs] [Times: user=0.38 sys=0.00, real=0.06 secs] 
3607.683: [GC (Allocation Failure) [PSYoungGen: 497536K->130272K(529920K)] 1572671K->1335455K(1928192K), 0.0799972 secs] [Times: user=0.24 sys=0.16, real=0.08 secs] 
3607.763: [Full GC (Ergonomics) [PSYoungGen: 130272K->0K(529920K)] [ParOldGen: 1205183K->147923K(1397760K)] 1335455K->147923K(1927680K), [Metaspace: 60258K->60258K(1105920K)], 0.3300062 secs] [Times: user=1.51 sys=0.00, real=0.33 secs] 
3609.403: [GC (Allocation Failure) [PSYoungGen: 367104K->120832K(528384K)] 515027K->268755K(1926144K), 0.0419278 secs] [Times: user=0.25 sys=0.00, real=0.04 secs] 
3611.511: [GC (Allocation Failure) [PSYoungGen: 494592K->144416K(531968K)] 642515K->411884K(1929728K), 0.0601601 secs] [Times: user=0.35 sys=0.00, real=0.06 secs] 
3613.043: [GC (Allocation Failure) [PSYoungGen: 518176K->116640K(537600K)] 785644K->519296K(1935360K), 0.0728250 secs] [Times: user=0.43 sys=0.01, real=0.07 secs] 
3613.743: [GC (Allocation Failure) [PSYoungGen: 491936K->156480K(531968K)] 894592K->672773K(1929728K), 0.0567095 secs] [Times: user=0.33 sys=0.00, real=0.05 secs] 
3615.646: [GC (Allocation Failure) [PSYoungGen: 531776K->115456K(531968K)] 1048069K->779313K(1929728K), 0.0998907 secs] [Times: user=0.59 sys=0.01, real=0.10 secs] 
3617.602: [GC (Allocation Failure) [PSYoungGen: 477637K->150432K(515584K)] 1141494K->925486K(1913344K), 0.0574382 secs] [Times: user=0.34 sys=0.00, real=0.05 secs] 
3619.854: [GC (Allocation Failure) [PSYoungGen: 515488K->111136K(528384K)] 1290542K->1027750K(1926144K), 0.1286320 secs] [Times: user=0.77 sys=0.00, real=0.13 secs] 
3620.432: [GC (Allocation Failure) [PSYoungGen: 451735K->140384K(526848K)] 1368350K->1164155K(1924608K), 0.0523024 secs] [Times: user=0.30 sys=0.00, real=0.05 secs] 
3622.627: [GC (Allocation Failure) [PSYoungGen: 496736K->104512K(527872K)] 1520507K->1260331K(1925632K), 0.1296999 secs] [Times: user=0.76 sys=0.02, real=0.13 secs] 
3623.213: [GC (Allocation Failure) [PSYoungGen: 460864K->146016K(502784K)] 1616683K->1402575K(1900544K), 0.0573386 secs] [Times: user=0.28 sys=0.06, real=0.05 secs] 
3623.271: [Full GC (Ergonomics) [PSYoungGen: 146016K->0K(502784K)] [ParOldGen: 1256559K->199822K(1398272K)] 1402575K->199822K(1901056K), [Metaspace: 60260K->60260K(1105920K)], 0.4575854 secs] [Times: user=2.11 sys=0.00, real=0.46 secs] 
3626.771: [GC (Allocation Failure) [PSYoungGen: 356352K->106528K(525824K)] 556174K->306350K(1924096K), 0.0643578 secs] [Times: user=0.38 sys=0.00, real=0.07 secs] 
3627.363: [GC (Allocation Failure) [PSYoungGen: 456071K->144672K(496640K)] 655894K->447355K(1894912K), 0.0503655 secs] [Times: user=0.30 sys=0.01, real=0.05 secs] 
3629.639: [GC (GCLocker Initiated GC) [PSYoungGen: 496416K->106016K(524800K)] 799101K->544909K(1923072K), 0.1325234 secs] [Times: user=0.78 sys=0.00, real=0.14 secs] 
3630.234: [GC (Allocation Failure) [PSYoungGen: 455200K->138112K(523264K)] 910480K->695485K(1921536K), 0.2026536 secs] [Times: user=1.21 sys=0.00, real=0.20 secs] 
3633.627: [GC (Allocation Failure) [PSYoungGen: 487296K->91680K(522240K)] 1044669K->786865K(1920512K), 0.3644801 secs] [Times: user=2.18 sys=0.01, real=0.36 secs] 
3634.424: [GC (Allocation Failure) [PSYoungGen: 430920K->142048K(490496K)] 1126105K->924810K(1888768K), 0.0506862 secs] [Times: user=0.30 sys=0.00, real=0.05 secs] 
3635.918: [GC (GCLocker Initiated GC) [PSYoungGen: 490208K->102656K(523264K)] 1272970K->1019006K(1921536K), 0.1036526 secs] [Times: user=0.61 sys=0.00, real=0.11 secs] 
3636.474: [GC (Allocation Failure) [PSYoungGen: 448768K->147776K(494080K)] 1365157K->1162741K(1892352K), 0.0530011 secs] [Times: user=0.32 sys=0.00, real=0.05 secs] 
3638.006: [GC (Allocation Failure) [PSYoungGen: 493888K->103776K(521216K)] 1508853K->1257825K(1919488K), 0.0720247 secs] [Times: user=0.42 sys=0.01, real=0.07 secs] 
3639.121: [GC (Allocation Failure) [PSYoungGen: 445280K->144032K(485888K)] 1599329K->1398813K(1884160K), 0.0527243 secs] [Times: user=0.31 sys=0.00, real=0.06 secs] 
3639.174: [Full GC (Ergonomics) [PSYoungGen: 144032K->0K(485888K)] [ParOldGen: 1254781K->196843K(1398272K)] 1398813K->196843K(1884160K), [Metaspace: 60263K->60263K(1105920K)], 0.4655477 secs] [Times: user=2.17 sys=0.01, real=0.46 secs] 
3642.240: [GC (Allocation Failure) [PSYoungGen: 341504K->101600K(520192K)] 538347K->298443K(1918464K), 0.0935615 secs] [Times: user=0.55 sys=0.00, real=0.10 secs] 
3643.005: [GC (Allocation Failure) [PSYoungGen: 441568K->140800K(518656K)] 638411K->435432K(1916928K), 0.0484233 secs] [Times: user=0.29 sys=0.00, real=0.05 secs] 
3644.811: [GC (Allocation Failure) [PSYoungGen: 480768K->103296K(518144K)] 775400K->530148K(1916416K), 0.0936420 secs] [Times: user=0.55 sys=0.00, real=0.10 secs] 
3645.451: [GC (Allocation Failure) [PSYoungGen: 443776K->141056K(518656K)] 870628K->668615K(1916928K), 0.0506066 secs] [Times: user=0.30 sys=0.00, real=0.06 secs] 
3646.840: [GC (Allocation Failure) [PSYoungGen: 481536K->105344K(517632K)] 1009095K->765039K(1915904K), 0.0714125 secs] [Times: user=0.42 sys=0.00, real=0.08 secs] 
3647.845: [GC (GCLocker Initiated GC) [PSYoungGen: 446848K->140032K(518656K)] 1106544K->903131K(1916928K), 0.0724539 secs] [Times: user=0.43 sys=0.00, real=0.07 secs] 
3649.645: [GC (Allocation Failure) [PSYoungGen: 481536K->102976K(518656K)] 1244637K->997133K(1916928K), 0.0828464 secs] [Times: user=0.50 sys=0.00, real=0.08 secs] 
3650.251: [GC (Allocation Failure) [PSYoungGen: 446528K->142432K(519680K)] 1340685K->1136586K(1917952K), 0.0517230 secs] [Times: user=0.30 sys=0.00, real=0.06 secs] 
3651.653: [GC (Allocation Failure) [PSYoungGen: 485984K->102528K(520704K)] 1480138K->1229650K(1918976K), 0.0649441 secs] [Times: user=0.39 sys=0.00, real=0.06 secs] 
3652.743: [GC (Allocation Failure) [PSYoungGen: 446080K->139936K(520192K)] 1573202K->1367511K(1918464K), 0.0519688 secs] [Times: user=0.30 sys=0.00, real=0.05 secs] 
3654.164: [GC (Allocation Failure) [PSYoungGen: 483488K->107904K(517632K)] 1711063K->1465943K(1915904K), 0.0828724 secs] [Times: user=0.41 sys=0.08, real=0.08 secs] 
3654.247: [Full GC (Ergonomics) [PSYoungGen: 107904K->0K(517632K)] [ParOldGen: 1358039K->25348K(1398272K)] 1465943K->25348K(1915904K), [Metaspace: 60287K->60287K(1105920K)], 0.0357156 secs] [Times: user=0.10 sys=0.00, real=0.04 secs] 
3656.480: [GC (Allocation Failure) [PSYoungGen: 344064K->137664K(519168K)] 369412K->163012K(1917440K), 0.0273801 secs] [Times: user=0.16 sys=0.00, real=0.03 secs] 
3657.789: [GC (GCLocker Initiated GC) [PSYoungGen: 481728K->109088K(519168K)] 507076K->263056K(1917440K), 0.0741577 secs] [Times: user=0.44 sys=0.01, real=0.08 secs] 
3658.412: [GC (Allocation Failure) [PSYoungGen: 457248K->146272K(521216K)] 611287K->407652K(1919488K), 0.0532155 secs] [Times: user=0.32 sys=0.00, real=0.05 secs] 
3659.820: [GC (Allocation Failure) [PSYoungGen: 494432K->111712K(523264K)] 755812K->501872K(1921536K), 0.0666015 secs] [Times: user=0.39 sys=0.00, real=0.07 secs] 
3661.085: [GC (Allocation Failure) [PSYoungGen: 459872K->135904K(522240K)] 850032K->636391K(1920512K), 0.0530119 secs] [Times: user=0.31 sys=0.00, real=0.05 secs] 
3663.911: [GC (Allocation Failure) [PSYoungGen: 484064K->112448K(520192K)] 984551K->739819K(1918464K), 0.0647338 secs] [Times: user=0.38 sys=0.01, real=0.07 secs] 
3664.841: [GC (GCLocker Initiated GC) [PSYoungGen: 463680K->136992K(521728K)] 1091052K->874945K(1920000K), 0.0532974 secs] [Times: user=0.31 sys=0.00, real=0.06 secs] 
3666.301: [GC (GCLocker Initiated GC) [PSYoungGen: 488224K->113568K(523776K)] 1226179K->978503K(1922048K), 0.0643254 secs] [Times: user=0.38 sys=0.00, real=0.07 secs] 
3667.355: [GC (Allocation Failure) [PSYoungGen: 470944K->137504K(525824K)] 1335887K->1114843K(1924096K), 0.0546110 secs] [Times: user=0.31 sys=0.01, real=0.05 secs] 
3669.152: [GC (Allocation Failure) [PSYoungGen: 494880K->114848K(525824K)] 1472219K->1220205K(1924096K), 0.0809861 secs] [Times: user=0.48 sys=0.00, real=0.08 secs] 
3671.303: [GC (Allocation Failure) [PSYoungGen: 476320K->141280K(527872K)] 1581677K->1359770K(1926144K), 0.0555275 secs] [Times: user=0.33 sys=0.00, real=0.05 secs] 
3672.835: [GC (GCLocker Initiated GC) [PSYoungGen: 502752K->110784K(530944K)] 1721242K->1461130K(1929216K), 0.0892935 secs] [Times: user=0.53 sys=0.00, real=0.09 secs] 
3672.924: [Full GC (Ergonomics) [PSYoungGen: 110784K->0K(530944K)] [ParOldGen: 1350346K->27786K(1398272K)] 1461130K->27786K(1929216K), [Metaspace: 60299K->60299K(1105920K)], 0.0388656 secs] [Times: user=0.11 sys=0.00, real=0.04 secs] 
3673.866: [GC (Allocation Failure) [PSYoungGen: 363520K->148576K(512512K)] 391313K->176369K(1910784K), 0.0297399 secs] [Times: user=0.17 sys=0.00, real=0.03 secs] 
3675.241: [GC (Allocation Failure) [PSYoungGen: 512096K->114528K(529920K)] 539889K->281449K(1928192K), 0.0712702 secs] [Times: user=0.42 sys=0.00, real=0.08 secs] 
3676.654: [GC (GCLocker Initiated GC) [PSYoungGen: 472928K->147392K(505856K)] 639849K->426733K(1904128K), 0.1133951 secs] [Times: user=0.67 sys=0.00, real=0.11 secs] 
3679.115: [GC (Allocation Failure) [PSYoungGen: 505792K->108576K(527360K)] 785135K->526515K(1925632K), 0.0999067 secs] [Times: user=0.59 sys=0.00, real=0.10 secs] 
3679.809: [GC (Allocation Failure) [PSYoungGen: 462880K->145440K(500224K)] 880819K->667188K(1898496K), 0.0526337 secs] [Times: user=0.31 sys=0.00, real=0.05 secs] 
3681.465: [GC (Allocation Failure) [PSYoungGen: 499744K->109344K(525824K)] 1021492K->767472K(1924096K), 0.0772156 secs] [Times: user=0.45 sys=0.01, real=0.08 secs] 
3682.007: [GC (Allocation Failure) [PSYoungGen: 460576K->147488K(499200K)] 1118704K->910653K(1897472K), 0.0534343 secs] [Times: user=0.31 sys=0.00, real=0.05 secs] 
3685.851: [GC (Allocation Failure) [PSYoungGen: 498720K->105984K(523776K)] 1261885K->1007269K(1922048K), 0.1370023 secs] [Times: user=0.81 sys=0.00, real=0.14 secs] 
3686.542: [GC (Allocation Failure) [PSYoungGen: 453632K->145184K(493056K)] 1354917K->1148998K(1891328K), 0.0523548 secs] [Times: user=0.31 sys=0.00, real=0.05 secs] 
3687.876: [GC (Allocation Failure) [PSYoungGen: 492832K->106720K(522752K)] 1496646K->1246426K(1921024K), 0.0669195 secs] [Times: user=0.39 sys=0.01, real=0.07 secs] 
3688.622: [GC (Allocation Failure) [PSYoungGen: 451808K->144640K(489984K)] 1591514K->1386419K(1888256K), 0.0532509 secs] [Times: user=0.31 sys=0.00, real=0.05 secs] 
3688.676: [Full GC (Ergonomics) [PSYoungGen: 144640K->0K(489984K)] [ParOldGen: 1241779K->188829K(1398272K)] 1386419K->188829K(1888256K), [Metaspace: 60300K->60300K(1105920K)], 0.4418302 secs] [Times: user=2.05 sys=0.01, real=0.44 secs] 
3690.643: [GC (GCLocker Initiated GC) [PSYoungGen: 345088K->106208K(522240K)] 533917K->295038K(1920512K), 0.0749911 secs] [Times: user=0.44 sys=0.00, real=0.07 secs] 
3691.353: [GC (Allocation Failure) [PSYoungGen: 450272K->143552K(520704K)] 639105K->434688K(1918976K), 0.0512868 secs] [Times: user=0.30 sys=0.00, real=0.05 secs] 
3694.933: [GC (Allocation Failure) [PSYoungGen: 487616K->105696K(520704K)] 778752K->530840K(1918976K), 0.1431374 secs] [Times: user=0.85 sys=0.00, real=0.14 secs] 
3695.799: [GC (Allocation Failure) [PSYoungGen: 449760K->139616K(520704K)] 874904K->667841K(1918976K), 0.0513905 secs] [Times: user=0.30 sys=0.00, real=0.05 secs] 
3697.377: [GC (Allocation Failure) [PSYoungGen: 483680K->101760K(520704K)] 1011905K->761205K(1918976K), 0.1123765 secs] [Times: user=0.67 sys=0.00, real=0.11 secs] 
3698.233: [GC (Allocation Failure) [PSYoungGen: 446848K->141696K(521216K)] 1106298K->900049K(1919488K), 0.0520416 secs] [Times: user=0.30 sys=0.01, real=0.05 secs] 
3699.764: [GC (Allocation Failure) [PSYoungGen: 486784K->106048K(520192K)] 1245137K->996937K(1918464K), 0.0776491 secs] [Times: user=0.46 sys=0.01, real=0.08 secs] 
3701.546: [GC (Allocation Failure) [PSYoungGen: 451136K->139648K(520704K)] 1342025K->1134166K(1918976K), 0.0527550 secs] [Times: user=0.31 sys=0.00, real=0.05 secs] 
3702.880: [GC (Allocation Failure) [PSYoungGen: 484736K->107008K(520192K)] 1479254K->1231734K(1918464K), 0.0656504 secs] [Times: user=0.39 sys=0.01, real=0.07 secs] 
3703.412: [GC (Allocation Failure) [PSYoungGen: 453632K->141184K(521216K)] 1578358K->1370339K(1919488K), 0.0535587 secs] [Times: user=0.31 sys=0.01, real=0.05 secs] 
3704.831: [GC (Allocation Failure) [PSYoungGen: 487808K->109312K(520704K)] 1716963K->1469531K(1918976K), 0.0767351 secs] [Times: user=0.45 sys=0.01, real=0.07 secs] 
3704.908: [Full GC (Ergonomics) [PSYoungGen: 109312K->0K(520704K)] [ParOldGen: 1360219K->27519K(1398272K)] 1469531K->27519K(1918976K), [Metaspace: 60311K->60311K(1105920K)], 0.0378005 secs] [Times: user=0.11 sys=0.00, real=0.04 secs] 
3705.834: [GC (Allocation Failure) [PSYoungGen: 348160K->140192K(521728K)] 375679K->167711K(1920000K), 0.0282347 secs] [Times: user=0.16 sys=0.00, real=0.03 secs] 
3707.499: [GC (Allocation Failure) [PSYoungGen: 488352K->111264K(521216K)] 515871K->269851K(1919488K), 0.0977206 secs] [Times: user=0.58 sys=0.00, real=0.10 secs] 
3708.553: [GC (Allocation Failure) [PSYoungGen: 461984K->144352K(522752K)] 620571K->412180K(1921024K), 0.0538717 secs] [Times: user=0.32 sys=0.00, real=0.05 secs] 
3710.007: [GC (GCLocker Initiated GC) [PSYoungGen: 495072K->105440K(525312K)] 762901K->508689K(1923584K), 0.0648532 secs] [Times: user=0.38 sys=0.01, real=0.07 secs] 
3710.566: [GC (Allocation Failure) [PSYoungGen: 455648K->152416K(502784K)] 858900K->658933K(1901056K), 0.0529920 secs] [Times: user=0.32 sys=0.00, real=0.05 secs] 
3711.941: [GC (Allocation Failure) [PSYoungGen: 502624K->107744K(521728K)] 1009141K->749089K(1920000K), 0.0793111 secs] [Times: user=0.47 sys=0.01, real=0.07 secs] 
3713.003: [GC (Allocation Failure) [PSYoungGen: 450272K->138144K(519680K)] 1091617K->884972K(1917952K), 0.0536469 secs] [Times: user=0.30 sys=0.00, real=0.05 secs] 
3714.595: [GC (Allocation Failure) [PSYoungGen: 480672K->108160K(519680K)] 1227500K->983512K(1917952K), 0.1015435 secs] [Times: user=0.60 sys=0.00, real=0.10 secs] 
3715.901: [GC (Allocation Failure) [PSYoungGen: 452736K->139584K(519680K)] 1328088K->1120933K(1917952K), 0.0535521 secs] [Times: user=0.32 sys=0.00, real=0.06 secs] 
3717.224: [GC (Allocation Failure) [PSYoungGen: 484160K->107744K(520192K)] 1465509K->1219437K(1918464K), 0.0655454 secs] [Times: user=0.39 sys=0.00, real=0.06 secs] 
3717.915: [GC (Allocation Failure) [PSYoungGen: 455904K->148992K(497664K)] 1567597K->1366388K(1895936K), 0.0542667 secs] [Times: user=0.32 sys=0.00, real=0.05 secs] 
3719.253: [GC (Allocation Failure) [PSYoungGen: 497152K->111072K(523264K)] 1714548K->1459880K(1921536K), 0.0753261 secs] [Times: user=0.45 sys=0.00, real=0.07 secs] 
3719.328: [Full GC (Ergonomics) [PSYoungGen: 111072K->0K(523264K)] [ParOldGen: 1348808K->26062K(1398272K)] 1459880K->26062K(1921536K), [Metaspace: 60323K->60323K(1105920K)], 0.0350584 secs] [Times: user=0.09 sys=0.00, real=0.04 secs] 
3720.683: [GC (Allocation Failure) [PSYoungGen: 345088K->137792K(483328K)] 371150K->163854K(1881600K), 0.0414957 secs] [Times: user=0.24 sys=0.00, real=0.04 secs] 
3723.208: [GC (Allocation Failure) [PSYoungGen: 482880K->109824K(522240K)] 508942K->265222K(1920512K), 0.0714133 secs] [Times: user=0.41 sys=0.00, real=0.07 secs] 
3725.051: [GC (Allocation Failure) [PSYoungGen: 456960K->136000K(520192K)] 612358K->399195K(1918464K), 0.0524610 secs] [Times: user=0.31 sys=0.00, real=0.06 secs] 
3726.393: [GC (Allocation Failure) [PSYoungGen: 483136K->111488K(523776K)] 746331K->501095K(1922048K), 0.0674367 secs] [Times: user=0.40 sys=0.01, real=0.06 secs] 
3727.525: [GC (Allocation Failure) [PSYoungGen: 464256K->136896K(523264K)] 853863K->636156K(1921536K), 0.0533227 secs] [Times: user=0.31 sys=0.00, real=0.05 secs] 
3728.893: [GC (Allocation Failure) [PSYoungGen: 489664K->114656K(523776K)] 988924K->741436K(1922048K), 0.0651783 secs] [Times: user=0.39 sys=0.00, real=0.06 secs] 
3730.901: [GC (Allocation Failure) [PSYoungGen: 472544K->141856K(525824K)] 1099324K->881664K(1924096K), 0.0540437 secs] [Times: user=0.32 sys=0.00, real=0.06 secs] 
3732.352: [GC (Allocation Failure) [PSYoungGen: 499744K->111136K(528896K)] 1239552K->983160K(1927168K), 0.0899490 secs] [Times: user=0.53 sys=0.01, real=0.09 secs] 
3733.041: [GC (Allocation Failure) [PSYoungGen: 472096K->148256K(509440K)] 1344120K->1128949K(1907712K), 0.0556546 secs] [Times: user=0.32 sys=0.00, real=0.06 secs] 
3734.635: [GC (Allocation Failure) [PSYoungGen: 509216K->110112K(527872K)] 1489909K->1229917K(1926144K), 0.1069103 secs] [Times: user=0.63 sys=0.00, real=0.11 secs] 
3736.080: [GC (GCLocker Initiated GC) [PSYoungGen: 465440K->143840K(499200K)] 1585246K->1371993K(1897472K), 0.0847061 secs] [Times: user=0.50 sys=0.00, real=0.09 secs] 
3738.393: [GC (GCLocker Initiated GC) [PSYoungGen: 499168K->110496K(527360K)] 1727328K->1473696K(1925632K), 0.1434377 secs] [Times: user=0.85 sys=0.00, real=0.14 secs] 
3738.537: [Full GC (Ergonomics) [PSYoungGen: 110496K->0K(527360K)] [ParOldGen: 1363200K->36231K(1398272K)] 1473696K->36231K(1925632K), [Metaspace: 60332K->60332K(1105920K)], 0.1466824 secs] [Times: user=0.64 sys=0.01, real=0.15 secs] 
3739.481: [GC (Allocation Failure) [PSYoungGen: 354304K->143456K(498176K)] 390573K->179725K(1896448K), 0.0286353 secs] [Times: user=0.17 sys=0.00, real=0.03 secs] 
3741.141: [GC (GCLocker Initiated GC) [PSYoungGen: 497760K->109248K(526848K)] 534029K->280269K(1925120K), 0.1119698 secs] [Times: user=0.67 sys=0.00, real=0.12 secs] 
3742.319: [GC (Allocation Failure) [PSYoungGen: 462528K->145120K(498688K)] 633552K->422467K(1896960K), 0.0529578 secs] [Times: user=0.31 sys=0.00, real=0.06 secs] 
3744.442: [GC (Allocation Failure) [PSYoungGen: 498400K->106688K(525312K)] 775747K->520191K(1923584K), 0.1065385 secs] [Times: user=0.63 sys=0.00, real=0.10 secs] 
3745.412: [GC (Allocation Failure) [PSYoungGen: 457408K->146240K(497152K)] 870911K->663056K(1895424K), 0.0518327 secs] [Times: user=0.30 sys=0.00, real=0.05 secs] 
3746.842: [GC (Allocation Failure) [PSYoungGen: 495340K->106208K(523776K)] 1012156K->760328K(1922048K), 0.1047691 secs] [Times: user=0.62 sys=0.00, real=0.10 secs] 
3747.517: [GC (Allocation Failure) [PSYoungGen: 453344K->145152K(492544K)] 1107464K->901757K(1890816K), 0.0528766 secs] [Times: user=0.32 sys=0.00, real=0.05 secs] 
3749.016: [GC (Allocation Failure) [PSYoungGen: 492288K->106912K(522752K)] 1248893K->999621K(1921024K), 0.0948634 secs] [Times: user=0.57 sys=0.01, real=0.09 secs] 
3749.985: [GC (Allocation Failure) [PSYoungGen: 452000K->143264K(521216K)] 1344709K->1139815K(1919488K), 0.0528678 secs] [Times: user=0.31 sys=0.00, real=0.05 secs] 
3753.093: [GC (Allocation Failure) [PSYoungGen: 488352K->103744K(521728K)] 1484903K->1235171K(1920000K), 0.0885504 secs] [Times: user=0.53 sys=0.00, real=0.09 secs] 
3754.222: [GC (Allocation Failure) [PSYoungGen: 448320K->139808K(521216K)] 1579747K->1372380K(1919488K), 0.0519454 secs] [Times: user=0.31 sys=0.00, real=0.05 secs] 
3754.274: [Full GC (Ergonomics) [PSYoungGen: 139808K->0K(521216K)] [ParOldGen: 1232572K->174435K(1398272K)] 1372380K->174435K(1919488K), [Metaspace: 60342K->60342K(1105920K)], 0.4163082 secs] [Times: user=1.93 sys=0.00, real=0.41 secs] 
3756.214: [GC (Allocation Failure) [PSYoungGen: 344576K->104128K(519680K)] 519011K->278563K(1917952K), 0.0481763 secs] [Times: user=0.28 sys=0.01, real=0.05 secs] 
3756.944: [GC (Allocation Failure) [PSYoungGen: 449216K->141728K(520704K)] 623651K->417514K(1918976K), 0.0521906 secs] [Times: user=0.31 sys=0.00, real=0.05 secs] 
3758.452: [GC (Allocation Failure) [PSYoungGen: 486816K->107168K(520704K)] 762602K->515266K(1918976K), 0.0883343 secs] [Times: user=0.53 sys=0.00, real=0.08 secs] 
3760.283: [GC (Allocation Failure) [PSYoungGen: 453280K->142048K(521216K)] 861378K->654319K(1919488K), 0.0524005 secs] [Times: user=0.30 sys=0.00, real=0.05 secs] 
3761.628: [GC (GCLocker Initiated GC) [PSYoungGen: 488160K->106336K(522240K)] 1000435K->751247K(1920512K), 0.0808639 secs] [Times: user=0.48 sys=0.01, real=0.08 secs] 
3762.203: [GC (Allocation Failure) [PSYoungGen: 453472K->156224K(503808K)] 1098385K->905730K(1902080K), 0.0535667 secs] [Times: user=0.32 sys=0.00, real=0.05 secs] 
3763.618: [GC (GCLocker Initiated GC) [PSYoungGen: 503360K->108512K(519168K)] 1252866K->989054K(1917440K), 0.0934850 secs] [Times: user=0.55 sys=0.01, real=0.09 secs] 
3764.838: [GC (Allocation Failure) [PSYoungGen: 445920K->143936K(517120K)] 1326533K->1130570K(1915392K), 0.0534470 secs] [Times: user=0.31 sys=0.00, real=0.06 secs] 
3767.570: [GC (GCLocker Initiated GC) [PSYoungGen: 481344K->107424K(516608K)] 1467980K->1220708K(1914880K), 0.0685597 secs] [Times: user=0.41 sys=0.00, real=0.07 secs] 
3769.316: [GC (Allocation Failure) [PSYoungGen: 445344K->130784K(468992K)] 1558629K->1349458K(1867264K), 0.0524866 secs] [Times: user=0.31 sys=0.00, real=0.05 secs] 
3770.657: [GC (Allocation Failure) [PSYoungGen: 468704K->115104K(519680K)] 1687378K->1455254K(1917952K), 0.0639151 secs] [Times: user=0.38 sys=0.00, real=0.06 secs] 
3770.721: [Full GC (Ergonomics) [PSYoungGen: 115104K->0K(519680K)] [ParOldGen: 1340150K->252310K(1398272K)] 1455254K->252310K(1917952K), [Metaspace: 60347K->60347K(1105920K)], 0.5336525 secs] [Times: user=2.33 sys=0.00, real=0.54 secs] 
3772.610: [GC (Allocation Failure) [PSYoungGen: 344064K->125056K(516608K)] 596374K->377366K(1914880K), 0.0256141 secs] [Times: user=0.15 sys=0.00, real=0.03 secs] 
3773.948: [GC (Allocation Failure) [PSYoungGen: 469120K->123040K(522240K)] 721430K->490269K(1920512K), 0.0629549 secs] [Times: user=0.38 sys=0.00, real=0.06 secs] 
3775.862: [GC (Allocation Failure) [PSYoungGen: 477856K->126560K(518656K)] 845085K->616413K(1916928K), 0.0558409 secs] [Times: user=0.33 sys=0.00, real=0.05 secs] 
3777.352: [GC (Allocation Failure) [PSYoungGen: 481376K->120960K(531456K)] 971229K->727422K(1929728K), 0.0627834 secs] [Times: user=0.38 sys=0.00, real=0.06 secs] 
3778.149: [GC (Allocation Failure) [PSYoungGen: 491648K->138304K(528384K)] 1098110K->865646K(1926656K), 0.0564477 secs] [Times: user=0.33 sys=0.00, real=0.06 secs] 
3779.535: [GC (Allocation Failure) [PSYoungGen: 508992K->8736K(506368K)] 1236334K->736194K(1904640K), 0.0039484 secs] [Times: user=0.02 sys=0.00, real=0.00 secs] 
3780.464: [GC (Allocation Failure) [PSYoungGen: 355360K->141568K(488448K)] 1082818K->876312K(1886720K), 0.0301968 secs] [Times: user=0.18 sys=0.00, real=0.03 secs] 
3783.305: [GC (Allocation Failure) [PSYoungGen: 488192K->106144K(523264K)] 1222936K->973952K(1921536K), 0.0693809 secs] [Times: user=0.42 sys=0.00, real=0.07 secs] 
3783.972: [GC (Allocation Failure) [PSYoungGen: 449184K->136064K(518656K)] 1316992K->1108045K(1916928K), 0.0522753 secs] [Times: user=0.31 sys=0.01, real=0.05 secs] 
3785.327: [GC (Allocation Failure) [PSYoungGen: 479104K->110944K(517120K)] 1451085K->1209145K(1915392K), 0.0644443 secs] [Times: user=0.38 sys=0.00, real=0.07 secs] 
3786.761: [GC (Allocation Failure) [PSYoungGen: 457056K->133728K(518656K)] 1555257K->1341514K(1916928K), 0.0532904 secs] [Times: user=0.31 sys=0.00, real=0.06 secs] 
3788.194: [GC (Allocation Failure) [PSYoungGen: 479840K->115488K(517632K)] 1687626K->1447538K(1915904K), 0.0687748 secs] [Times: user=0.40 sys=0.00, real=0.07 secs] 
3788.263: [Full GC (Ergonomics) [PSYoungGen: 115488K->0K(517632K)] [ParOldGen: 1332050K->19523K(1398272K)] 1447538K->19523K(1915904K), [Metaspace: 60354K->60354K(1105920K)], 0.0288805 secs] [Times: user=0.08 sys=0.00, real=0.03 secs] 
3790.180: [GC (Allocation Failure) [PSYoungGen: 353280K->139296K(521728K)] 372803K->158819K(1920000K), 0.0277518 secs] [Times: user=0.16 sys=0.00, real=0.03 secs] 
3791.544: [GC (Allocation Failure) [PSYoungGen: 492576K->110080K(526848K)] 512099K->259715K(1925120K), 0.0651943 secs] [Times: user=0.38 sys=0.00, real=0.06 secs] 
3792.208: [GC (Allocation Failure) [PSYoungGen: 469504K->145088K(504832K)] 619139K->403104K(1903104K), 0.0528474 secs] [Times: user=0.31 sys=0.00, real=0.05 secs] 
3793.695: [GC (Allocation Failure) [PSYoungGen: 504512K->112480K(529920K)] 762528K->506252K(1928192K), 0.0877822 secs] [Times: user=0.52 sys=0.00, real=0.09 secs] 
3794.615: [GC (Allocation Failure) [PSYoungGen: 469856K->146528K(504320K)] 863628K->650781K(1902592K), 0.0545065 secs] [Times: user=0.32 sys=0.00, real=0.05 secs] 
3796.887: [GC (Allocation Failure) [PSYoungGen: 503904K->109760K(527872K)] 1008157K->751853K(1926144K), 0.1417205 secs] [Times: user=0.84 sys=0.00, real=0.14 secs] 
3798.297: [GC (Allocation Failure) [PSYoungGen: 464064K->145184K(499712K)] 1106157K->894017K(1897984K), 0.0532377 secs] [Times: user=0.31 sys=0.00, real=0.05 secs] 
3799.798: [GC (Allocation Failure) [PSYoungGen: 499488K->107552K(526336K)] 1248321K->992585K(1924608K), 0.0740931 secs] [Times: user=0.44 sys=0.00, real=0.08 secs] 
3800.315: [GC (Allocation Failure) [PSYoungGen: 459296K->147328K(499200K)] 1344329K->1136774K(1897472K), 0.0534492 secs] [Times: user=0.32 sys=0.00, real=0.05 secs] 
3801.776: [GC (Allocation Failure) [PSYoungGen: 499072K->108000K(524288K)] 1488518K->1235730K(1922560K), 0.0697611 secs] [Times: user=0.41 sys=0.00, real=0.07 secs] 
3803.003: [GC (Allocation Failure) [PSYoungGen: 455648K->143680K(491520K)] 1583378K->1375723K(1889792K), 0.0535224 secs] [Times: user=0.32 sys=0.00, real=0.05 secs] 
3803.057: [Full GC (Ergonomics) [PSYoungGen: 143680K->0K(491520K)] [ParOldGen: 1232043K->181440K(1398272K)] 1375723K->181440K(1889792K), [Metaspace: 60359K->60359K(1105920K)], 0.4303217 secs] [Times: user=2.00 sys=0.00, real=0.43 secs] 
3805.517: [GC (Allocation Failure) [PSYoungGen: 347648K->104320K(523264K)] 529088K->285760K(1921536K), 0.0812035 secs] [Times: user=0.47 sys=0.01, real=0.08 secs] 
3806.450: [GC (Allocation Failure) [PSYoungGen: 450432K->142688K(521728K)] 631872K->425137K(1920000K), 0.0515210 secs] [Times: user=0.31 sys=0.00, real=0.06 secs] 
3808.069: [GC (Allocation Failure) [PSYoungGen: 488800K->104864K(521728K)] 771249K->521537K(1920000K), 0.1244429 secs] [Times: user=0.74 sys=0.00, real=0.13 secs] 
3809.045: [GC (Allocation Failure) [PSYoungGen: 450976K->143072K(489472K)] 867649K->661340K(1887744K), 0.0517899 secs] [Times: user=0.30 sys=0.01, real=0.05 secs] 
3810.614: [GC (Allocation Failure) [PSYoungGen: 489184K->107840K(523264K)] 1007452K->759828K(1921536K), 0.0813953 secs] [Times: user=0.49 sys=0.01, real=0.08 secs] 
3811.573: [GC (Allocation Failure) [PSYoungGen: 453440K->142784K(521216K)] 1105428K->900305K(1919488K), 0.0526788 secs] [Times: user=0.31 sys=0.00, real=0.05 secs] 
3813.078: [GC (Allocation Failure) [PSYoungGen: 488384K->105056K(521216K)] 1245905K->996269K(1919488K), 0.0649442 secs] [Times: user=0.38 sys=0.01, real=0.07 secs] 
3813.741: [GC (GCLocker Initiated GC) [PSYoungGen: 450656K->140992K(521216K)] 1341871K->1133852K(1919488K), 0.0520583 secs] [Times: user=0.30 sys=0.00, real=0.06 secs] 
3815.307: [GC (Allocation Failure) [PSYoungGen: 486592K->107296K(520704K)] 1479491K->1231895K(1918976K), 0.0889983 secs] [Times: user=0.52 sys=0.00, real=0.09 secs] 
3816.333: [GC (Allocation Failure) [PSYoungGen: 453408K->142144K(521216K)] 1578007K->1370795K(1919488K), 0.0533457 secs] [Times: user=0.31 sys=0.00, real=0.05 secs] 
3816.386: [Full GC (Ergonomics) [PSYoungGen: 142144K->0K(521216K)] [ParOldGen: 1228651K->169512K(1398272K)] 1370795K->169512K(1919488K), [Metaspace: 60360K->60360K(1105920K)], 0.4016358 secs] [Times: user=1.87 sys=0.00, real=0.40 secs] 
3818.193: [GC (Allocation Failure) [PSYoungGen: 346112K->108800K(521216K)] 515624K->278312K(1919488K), 0.0714234 secs] [Times: user=0.42 sys=0.00, real=0.07 secs] 
3819.833: [GC (Allocation Failure) [PSYoungGen: 455936K->141120K(521728K)] 625448K->416789K(1920000K), 0.0541324 secs] [Times: user=0.32 sys=0.00, real=0.05 secs] 
3821.258: [GC (GCLocker Initiated GC) [PSYoungGen: 488256K->107488K(522240K)] 763926K->514838K(1920512K), 0.0644333 secs] [Times: user=0.38 sys=0.00, real=0.07 secs] 
3822.208: [GC (Allocation Failure) [PSYoungGen: 456160K->141632K(522752K)] 863581K->654818K(1921024K), 0.0531162 secs] [Times: user=0.31 sys=0.00, real=0.06 secs] 
3824.335: [GC (Allocation Failure) [PSYoungGen: 490304K->109024K(522240K)] 1003490K->754490K(1920512K), 0.0662955 secs] [Times: user=0.39 sys=0.00, real=0.07 secs] 
3825.035: [GC (Allocation Failure) [PSYoungGen: 458208K->142464K(522752K)] 1103674K->894791K(1921024K), 0.0534611 secs] [Times: user=0.32 sys=0.00, real=0.05 secs] 
3826.880: [GC (Allocation Failure) [PSYoungGen: 491648K->107584K(523776K)] 1243975K->993071K(1922048K), 0.1018577 secs] [Times: user=0.60 sys=0.00, real=0.11 secs] 
3828.152: [GC (Allocation Failure) [PSYoungGen: 457792K->143488K(494080K)] 1343279K->1134156K(1892352K), 0.0536044 secs] [Times: user=0.31 sys=0.00, real=0.05 secs] 
3829.580: [GC (Allocation Failure) [PSYoungGen: 493696K->106752K(524800K)] 1484364K->1231928K(1923072K), 0.0658559 secs] [Times: user=0.39 sys=0.00, real=0.07 secs] 
3830.195: [GC (Allocation Failure) [PSYoungGen: 455936K->144192K(493568K)] 1581112K->1373348K(1891840K), 0.0538554 secs] [Times: user=0.31 sys=0.00, real=0.05 secs] 
3831.702: [GC (Allocation Failure) [PSYoungGen: 493376K->107392K(524288K)] 1722532K->1471516K(1922560K), 0.0929144 secs] [Times: user=0.56 sys=0.00, real=0.09 secs] 
3831.795: [Full GC (Ergonomics) [PSYoungGen: 107392K->0K(524288K)] [ParOldGen: 1364124K->29654K(1398272K)] 1471516K->29654K(1922560K), [Metaspace: 60364K->60364K(1105920K)], 0.0546743 secs] [Times: user=0.18 sys=0.00, real=0.05 secs] 
3832.732: [GC (Allocation Failure) [PSYoungGen: 347648K->142656K(522240K)] 377302K->172310K(1920512K), 0.0292182 secs] [Times: user=0.17 sys=0.00, real=0.03 secs] 
3835.515: [GC (GCLocker Initiated GC) [PSYoungGen: 490304K->105408K(522752K)] 519958K->269307K(1921024K), 0.0737916 secs] [Times: user=0.44 sys=0.00, real=0.07 secs] 
3836.752: [GC (Allocation Failure) [PSYoungGen: 452544K->137120K(522240K)] 616481K->403770K(1920512K), 0.0513118 secs] [Times: user=0.30 sys=0.00, real=0.05 secs] 
3838.225: [GC (Allocation Failure) [PSYoungGen: 484256K->109632K(520704K)] 750906K->504138K(1918976K), 0.0815566 secs] [Times: user=0.49 sys=0.00, real=0.08 secs] 
3839.615: [GC (Allocation Failure) [PSYoungGen: 458816K->140768K(521728K)] 853322K->642767K(1920000K), 0.0527300 secs] [Times: user=0.31 sys=0.00, real=0.05 secs] 
3841.902: [GC (Allocation Failure) [PSYoungGen: 489952K->109344K(523776K)] 991951K->743071K(1922048K), 0.1612032 secs] [Times: user=0.96 sys=0.00, real=0.16 secs] 
3843.594: [GC (Allocation Failure) [PSYoungGen: 461600K->142464K(524288K)] 1095327K->883628K(1922560K), 0.0535667 secs] [Times: user=0.32 sys=0.00, real=0.05 secs] 
3845.012: [GC (Allocation Failure) [PSYoungGen: 494720K->108288K(524800K)] 1235884K->982772K(1923072K), 0.0747166 secs] [Times: user=0.45 sys=0.00, real=0.07 secs] 
3845.668: [GC (Allocation Failure) [PSYoungGen: 461056K->145728K(498688K)] 1335540K->1126121K(1896960K), 0.0535041 secs] [Times: user=0.31 sys=0.00, real=0.05 secs] 
3847.436: [GC (Allocation Failure) [PSYoungGen: 498496K->107776K(525312K)] 1478889K->1224881K(1923584K), 0.1338425 secs] [Times: user=0.79 sys=0.00, real=0.13 secs] 
3848.399: [GC (Allocation Failure) [PSYoungGen: 457472K->143872K(494080K)] 1574577K->1367176K(1892352K), 0.0675941 secs] [Times: user=0.40 sys=0.00, real=0.07 secs] 
3850.517: [GC (Allocation Failure) [PSYoungGen: 493568K->107360K(524800K)] 1716872K->1465760K(1923072K), 0.0792863 secs] [Times: user=0.47 sys=0.00, real=0.08 secs] 
3850.596: [Full GC (Ergonomics) [PSYoungGen: 107360K->0K(524800K)] [ParOldGen: 1358400K->31589K(1398272K)] 1465760K->31589K(1923072K), [Metaspace: 60374K->60374K(1105920K)], 0.0550746 secs] [Times: user=0.18 sys=0.01, real=0.06 secs] 
3851.488: [GC (Allocation Failure) [PSYoungGen: 348672K->142144K(522752K)] 380261K->173741K(1921024K), 0.0289584 secs] [Times: user=0.16 sys=0.01, real=0.03 secs] 
3852.953: [GC (Allocation Failure) [PSYoungGen: 490816K->109568K(522240K)] 522413K->273933K(1920512K), 0.0679292 secs] [Times: user=0.40 sys=0.00, real=0.06 secs] 
3853.609: [GC (Allocation Failure) [PSYoungGen: 458752K->144160K(522752K)] 623117K->415653K(1921024K), 0.0531482 secs] [Times: user=0.31 sys=0.00, real=0.06 secs] 
3855.671: [GC (Allocation Failure) [PSYoungGen: 493344K->107680K(523776K)] 764837K->513965K(1922048K), 0.0703538 secs] [Times: user=0.42 sys=0.00, real=0.07 secs] 
3856.866: [GC (Allocation Failure) [PSYoungGen: 455840K->143488K(492032K)] 862125K->654849K(1890304K), 0.0527524 secs] [Times: user=0.31 sys=0.00, real=0.05 secs] 
3858.191: [GC (GCLocker Initiated GC) [PSYoungGen: 491648K->106976K(524288K)] 1003018K->752466K(1922560K), 0.0687845 secs] [Times: user=0.41 sys=0.01, real=0.07 secs] 
3858.822: [GC (Allocation Failure) [PSYoungGen: 454624K->142848K(522240K)] 1100184K->892481K(1920512K), 0.0525188 secs] [Times: user=0.31 sys=0.00, real=0.05 secs] 
3860.384: [GC (Allocation Failure) [PSYoungGen: 490496K->106112K(522752K)] 1240129K->989609K(1921024K), 0.0765709 secs] [Times: user=0.46 sys=0.00, real=0.07 secs] 
3861.647: [GC (Allocation Failure) [PSYoungGen: 453248K->144320K(491520K)] 1336745K->1131078K(1889792K), 0.0526442 secs] [Times: user=0.31 sys=0.00, real=0.05 secs] 
3863.283: [GC (Allocation Failure) [PSYoungGen: 491456K->105408K(523264K)] 1478214K->1227486K(1921536K), 0.1386523 secs] [Times: user=0.83 sys=0.00, real=0.14 secs] 
3864.469: [GC (Allocation Failure) [PSYoungGen: 451520K->151616K(498176K)] 1573598K->1376251K(1896448K), 0.0535673 secs] [Times: user=0.31 sys=0.00, real=0.06 secs] 
3865.776: [GC (Allocation Failure) [PSYoungGen: 497728K->106944K(520192K)] 1722363K->1465863K(1918464K), 0.0653684 secs] [Times: user=0.39 sys=0.00, real=0.07 secs] 
3865.842: [Full GC (Ergonomics) [PSYoungGen: 106944K->0K(520192K)] [ParOldGen: 1358919K->30436K(1398272K)] 1465863K->30436K(1918464K), [Metaspace: 60382K->60382K(1105920K)], 0.0506558 secs] [Times: user=0.17 sys=0.00, real=0.05 secs] 
3866.364: [GC (Allocation Failure) [PSYoungGen: 339456K->137568K(477184K)] 369892K->168005K(1875456K), 0.0282117 secs] [Times: user=0.16 sys=0.00, real=0.03 secs] 
3867.757: [GC (Allocation Failure) [PSYoungGen: 477024K->106912K(519680K)] 507461K->265245K(1917952K), 0.0652556 secs] [Times: user=0.38 sys=0.01, real=0.07 secs] 
3868.738: [GC (Allocation Failure) [PSYoungGen: 448416K->137376K(517632K)] 606749K->400393K(1915904K), 0.0519454 secs] [Times: user=0.30 sys=0.01, real=0.05 secs] 
3870.136: [GC (Allocation Failure) [PSYoungGen: 478880K->109984K(519680K)] 741897K->500653K(1917952K), 0.0654961 secs] [Times: user=0.39 sys=0.00, real=0.07 secs] 
3871.167: [GC (Allocation Failure) [PSYoungGen: 456608K->140416K(520192K)] 847277K->639726K(1918464K), 0.0530646 secs] [Times: user=0.31 sys=0.00, real=0.05 secs] 
3872.505: [GC (Allocation Failure) [PSYoungGen: 487040K->109344K(522240K)] 986350K->740174K(1920512K), 0.0654742 secs] [Times: user=0.39 sys=0.00, real=0.06 secs] 
3873.342: [GC (Allocation Failure) [PSYoungGen: 460064K->141472K(523264K)] 1090894K->879283K(1921536K), 0.0532523 secs] [Times: user=0.31 sys=0.00, real=0.05 secs] 
3874.832: [GC (Allocation Failure) [PSYoungGen: 492192K->111456K(523776K)] 1230003K->981191K(1922048K), 0.0653147 secs] [Times: user=0.39 sys=0.01, real=0.06 secs] 
3875.986: [GC (Allocation Failure) [PSYoungGen: 463712K->140320K(524288K)] 1333447K->1119832K(1922560K), 0.0538996 secs] [Times: user=0.31 sys=0.00, real=0.05 secs] 
3877.703: [GC (Allocation Failure) [PSYoungGen: 492576K->112320K(522752K)] 1472088K->1222784K(1921024K), 0.0718713 secs] [Times: user=0.43 sys=0.00, real=0.07 secs] 
3878.675: [GC (Allocation Failure) [PSYoungGen: 466112K->144096K(524288K)] 1576576K->1365215K(1922560K), 0.0541804 secs] [Times: user=0.32 sys=0.00, real=0.05 secs] 
3880.050: [GC (Allocation Failure) [PSYoungGen: 497888K->108864K(526848K)] 1719007K->1464912K(1925120K), 0.0661913 secs] [Times: user=0.39 sys=0.00, real=0.07 secs] 
3880.116: [Full GC (Ergonomics) [PSYoungGen: 108864K->0K(526848K)] [ParOldGen: 1356047K->31104K(1398272K)] 1464912K->31104K(1925120K), [Metaspace: 60382K->60382K(1105920K)], 0.0526098 secs] [Times: user=0.18 sys=0.00, real=0.05 secs] 
3880.696: [GC (Allocation Failure) [PSYoungGen: 354304K->147616K(502272K)] 385408K->178720K(1900544K), 0.0294289 secs] [Times: user=0.18 sys=0.00, real=0.03 secs] 
3882.181: [GC (Allocation Failure) [PSYoungGen: 501920K->105824K(524800K)] 533024K->275244K(1923072K), 0.0970905 secs] [Times: user=0.58 sys=0.00, real=0.10 secs] 
3882.966: [GC (Allocation Failure) [PSYoungGen: 455008K->144160K(493568K)] 624428K->417580K(1891840K), 0.0522897 secs] [Times: user=0.31 sys=0.00, real=0.05 secs] 
3885.115: [GC (Allocation Failure) [PSYoungGen: 493344K->106016K(523776K)] 766764K->514989K(1922048K), 0.1539765 secs] [Times: user=0.91 sys=0.01, real=0.15 secs] 
3886.433: [GC (Allocation Failure) [PSYoungGen: 453152K->144416K(492032K)] 862125K->656313K(1890304K), 0.0519591 secs] [Times: user=0.31 sys=0.00, real=0.05 secs] 
3887.840: [GC (Allocation Failure) [PSYoungGen: 491552K->102592K(522240K)] 1003449K->749933K(1920512K), 0.0651584 secs] [Times: user=0.38 sys=0.00, real=0.07 secs] 
3888.450: [GC (Allocation Failure) [PSYoungGen: 447680K->144096K(489472K)] 1095021K->891202K(1887744K), 0.0515841 secs] [Times: user=0.31 sys=0.00, real=0.05 secs] 
3890.003: [GC (Allocation Failure) [PSYoungGen: 489184K->105376K(522240K)] 1236290K->987370K(1920512K), 0.0960712 secs] [Times: user=0.57 sys=0.01, real=0.09 secs] 
3891.111: [GC (Allocation Failure) [PSYoungGen: 448928K->141440K(520192K)] 1330922K->1126960K(1918464K), 0.0520644 secs] [Times: user=0.31 sys=0.00, real=0.06 secs] 
3893.150: [GC (Allocation Failure) [PSYoungGen: 484992K->105440K(519680K)] 1470512K->1223904K(1917952K), 0.1265227 secs] [Times: user=0.75 sys=0.01, real=0.13 secs] 
3894.657: [GC (Allocation Failure) [PSYoungGen: 449504K->139552K(520192K)] 1567968K->1361109K(1918464K), 0.0526043 secs] [Times: user=0.31 sys=0.00, real=0.05 secs] 
3896.178: [GC (Allocation Failure) [PSYoungGen: 483616K->106144K(519680K)] 1705173K->1458221K(1917952K), 0.0917729 secs] [Times: user=0.55 sys=0.00, real=0.09 secs] 
3896.270: [Full GC (Ergonomics) [PSYoungGen: 106144K->0K(519680K)] [ParOldGen: 1352077K->24400K(1398272K)] 1458221K->24400K(1917952K), [Metaspace: 60382K->60382K(1105920K)], 0.0357368 secs] [Times: user=0.10 sys=0.00, real=0.04 secs] 
3897.094: [GC (Allocation Failure) [PSYoungGen: 345600K->139680K(520704K)] 370000K->164080K(1918976K), 0.0276809 secs] [Times: user=0.16 sys=0.00, real=0.03 secs] 
3898.543: [GC (Allocation Failure) [PSYoungGen: 485280K->109056K(519680K)] 509680K->263736K(1917952K), 0.0655630 secs] [Times: user=0.39 sys=0.00, real=0.06 secs] 
3899.707: [GC (Allocation Failure) [PSYoungGen: 456704K->141216K(521216K)] 611384K->404078K(1919488K), 0.0642856 secs] [Times: user=0.38 sys=0.00, real=0.07 secs] 
3901.363: [GC (Allocation Failure) [PSYoungGen: 488864K->107168K(522752K)] 751726K->502830K(1921024K), 0.0833657 secs] [Times: user=0.49 sys=0.01, real=0.08 secs] 
3902.954: [GC (Allocation Failure) [PSYoungGen: 457376K->141344K(523264K)] 853038K->641275K(1921536K), 0.0529272 secs] [Times: user=0.31 sys=0.00, real=0.05 secs] 
3904.330: [GC (Allocation Failure) [PSYoungGen: 491552K->108832K(522752K)] 991483K->740715K(1921024K), 0.0663076 secs] [Times: user=0.40 sys=0.00, real=0.07 secs] 
3905.075: [GC (Allocation Failure) [PSYoungGen: 459552K->142560K(523264K)] 1091435K->881892K(1921536K), 0.0544124 secs] [Times: user=0.32 sys=0.00, real=0.05 secs] 
3906.598: [GC (Allocation Failure) [PSYoungGen: 493280K->109248K(523776K)] 1232612K->982252K(1922048K), 0.0949556 secs] [Times: user=0.56 sys=0.00, real=0.10 secs] 
3908.122: [GC (Allocation Failure) [PSYoungGen: 460480K->143296K(523776K)] 1333484K->1123613K(1922048K), 0.0549449 secs] [Times: user=0.32 sys=0.00, real=0.05 secs] 
3909.758: [GC (Allocation Failure) [PSYoungGen: 494528K->107232K(524800K)] 1474845K->1222053K(1923072K), 0.1013225 secs] [Times: user=0.61 sys=0.00, real=0.10 secs] 
3910.421: [GC (Allocation Failure) [PSYoungGen: 457440K->144000K(494592K)] 1572261K->1362794K(1892864K), 0.0539115 secs] [Times: user=0.32 sys=0.00, real=0.05 secs] 
3911.814: [GC (Allocation Failure) [PSYoungGen: 494208K->108640K(524800K)] 1713002K->1462266K(1923072K), 0.0688877 secs] [Times: user=0.42 sys=0.00, real=0.07 secs] 
3911.882: [Full GC (Ergonomics) [PSYoungGen: 108640K->0K(524800K)] [ParOldGen: 1353626K->27875K(1398272K)] 1462266K->27875K(1923072K), [Metaspace: 60382K->60382K(1105920K)], 0.0436656 secs] [Times: user=0.13 sys=0.00, real=0.04 secs] 
3913.046: [GC (Allocation Failure) [PSYoungGen: 349184K->141440K(523264K)] 377059K->169315K(1921536K), 0.0284573 secs] [Times: user=0.16 sys=0.00, real=0.03 secs] 
3915.850: [GC (Allocation Failure) [PSYoungGen: 490624K->107584K(522752K)] 518499K->267747K(1921024K), 0.1117450 secs] [Times: user=0.66 sys=0.00, real=0.12 secs] 
3917.198: [GC (Allocation Failure) [PSYoungGen: 457280K->141824K(523264K)] 617443K->406704K(1921536K), 0.0519708 secs] [Times: user=0.30 sys=0.01, real=0.05 secs] 
3918.628: [GC (Allocation Failure) [PSYoungGen: 491520K->108160K(522752K)] 756400K->505692K(1921024K), 0.0707768 secs] [Times: user=0.42 sys=0.00, real=0.07 secs] 
3919.435: [GC (Allocation Failure) [PSYoungGen: 458368K->144448K(523264K)] 855900K->647921K(1921536K), 0.0530065 secs] [Times: user=0.31 sys=0.00, real=0.05 secs] 
3921.017: [GC (Allocation Failure) [PSYoungGen: 494656K->107680K(524288K)] 998129K->746517K(1922560K), 0.0805202 secs] [Times: user=0.48 sys=0.00, real=0.08 secs] 
3922.260: [GC (Allocation Failure) [PSYoungGen: 456864K->143616K(493056K)] 1095701K->888929K(1891328K), 0.0834275 secs] [Times: user=0.49 sys=0.00, real=0.09 secs] 
3924.194: [GC (Allocation Failure) [PSYoungGen: 492800K->107008K(524288K)] 1238113K->987458K(1922560K), 0.0935340 secs] [Times: user=0.56 sys=0.00, real=0.09 secs] 
3925.283: [GC (GCLocker Initiated GC) [PSYoungGen: 455168K->138848K(522752K)] 1335618K->1123447K(1921024K), 0.0526687 secs] [Times: user=0.31 sys=0.00, real=0.05 secs] 
3926.762: [GC (Allocation Failure) [PSYoungGen: 487008K->108768K(521216K)] 1471646K->1223242K(1919488K), 0.0724826 secs] [Times: user=0.43 sys=0.01, real=0.07 secs] 
3927.682: [GC (Allocation Failure) [PSYoungGen: 457952K->141472K(522240K)] 1572426K->1363051K(1920512K), 0.0541368 secs] [Times: user=0.32 sys=0.00, real=0.05 secs] 
3930.052: [GC (Allocation Failure) [PSYoungGen: 490656K->107776K(523264K)] 1712235K->1462099K(1921536K), 0.0670479 secs] [Times: user=0.39 sys=0.00, real=0.06 secs] 
3930.119: [Full GC (Ergonomics) [PSYoungGen: 107776K->0K(523264K)] [ParOldGen: 1354323K->27141K(1398272K)] 1462099K->27141K(1921536K), [Metaspace: 60382K->60382K(1105920K)], 0.0409800 secs] [Times: user=0.13 sys=0.00, real=0.04 secs] 
3931.598: [GC (Allocation Failure) [PSYoungGen: 351232K->142176K(523776K)] 378373K->169318K(1922048K), 0.0286365 secs] [Times: user=0.17 sys=0.00, real=0.03 secs] 
3932.897: [GC (Allocation Failure) [PSYoungGen: 493408K->109856K(524288K)] 520550K->269902K(1922560K), 0.0655691 secs] [Times: user=0.39 sys=0.00, real=0.07 secs] 
3933.604: [GC (Allocation Failure) [PSYoungGen: 461600K->141984K(524288K)] 621646K->409594K(1922560K), 0.0529228 secs] [Times: user=0.31 sys=0.01, real=0.05 secs] 
3934.990: [GC (Allocation Failure) [PSYoungGen: 493728K->109984K(523776K)] 761338K->509382K(1922048K), 0.0671935 secs] [Times: user=0.40 sys=0.01, real=0.07 secs] 
3936.261: [GC (Allocation Failure) [PSYoungGen: 462240K->141792K(524288K)] 861638K->649271K(1922560K), 0.0529069 secs] [Times: user=0.31 sys=0.00, real=0.06 secs] 
3938.998: [GC (Allocation Failure) [PSYoungGen: 494048K->109408K(524800K)] 1001527K->749211K(1923072K), 0.0793610 secs] [Times: user=0.47 sys=0.00, real=0.08 secs] 
3940.399: [GC (Allocation Failure) [PSYoungGen: 462176K->141408K(524800K)] 1101979K->887464K(1923072K), 0.0524221 secs] [Times: user=0.31 sys=0.00, real=0.05 secs] 
3942.046: [GC (Allocation Failure) [PSYoungGen: 494176K->108832K(524288K)] 1240232K->987260K(1922560K), 0.0944126 secs] [Times: user=0.56 sys=0.00, real=0.09 secs] 
3942.970: [GC (GCLocker Initiated GC) [PSYoungGen: 462112K->143328K(524800K)] 1340540K->1128257K(1923072K), 0.0537754 secs] [Times: user=0.32 sys=0.00, real=0.06 secs] 
3944.734: [GC (Allocation Failure) [PSYoungGen: 496608K->110464K(525312K)] 1481576K->1229820K(1923584K), 0.0808616 secs] [Times: user=0.48 sys=0.00, real=0.08 secs] 
3946.353: [GC (Allocation Failure) [PSYoungGen: 463232K->144224K(497152K)] 1582588K->1371033K(1895424K), 0.0541760 secs] [Times: user=0.32 sys=0.00, real=0.05 secs] 
3947.690: [GC (Allocation Failure) [PSYoungGen: 496992K->108448K(525824K)] 1723801K->1470461K(1924096K), 0.0677906 secs] [Times: user=0.40 sys=0.00, real=0.07 secs] 
3947.758: [Full GC (Ergonomics) [PSYoungGen: 108448K->0K(525824K)] [ParOldGen: 1362013K->35799K(1398272K)] 1470461K->35799K(1924096K), [Metaspace: 60386K->60386K(1105920K)], 0.0652173 secs] [Times: user=0.24 sys=0.00, real=0.07 secs] 
3948.506: [GC (Allocation Failure) [PSYoungGen: 351232K->144800K(496128K)] 387031K->180599K(1894400K), 0.0291202 secs] [Times: user=0.17 sys=0.00, real=0.03 secs] 
3950.192: [GC (Allocation Failure) [PSYoungGen: 496032K->106944K(524800K)] 531831K->278555K(1923072K), 0.0736479 secs] [Times: user=0.43 sys=0.00, real=0.07 secs] 
3951.217: [GC (Allocation Failure) [PSYoungGen: 456128K->144192K(493568K)] 627739K->419888K(1891840K), 0.0519100 secs] [Times: user=0.30 sys=0.00, real=0.05 secs] 
3953.301: [GC (Allocation Failure) [PSYoungGen: 493376K->107616K(524288K)] 769072K->518248K(1922560K), 0.0823440 secs] [Times: user=0.49 sys=0.00, real=0.09 secs] 
3954.078: [GC (Allocation Failure) [PSYoungGen: 455776K->144864K(493056K)] 866408K->660729K(1891328K), 0.0527873 secs] [Times: user=0.31 sys=0.00, real=0.05 secs] 
3955.571: [GC (Allocation Failure) [PSYoungGen: 493024K->106528K(523264K)] 1008889K->758177K(1921536K), 0.1176662 secs] [Times: user=0.70 sys=0.01, real=0.12 secs] 
3956.230: [GC (Allocation Failure) [PSYoungGen: 452640K->143648K(489984K)] 1104289K->898534K(1888256K), 0.0523014 secs] [Times: user=0.31 sys=0.00, real=0.06 secs] 
3957.652: [GC (Allocation Failure) [PSYoungGen: 489760K->106272K(523264K)] 1244646K->995526K(1921536K), 0.0801955 secs] [Times: user=0.47 sys=0.01, real=0.08 secs] 
3958.390: [GC (Allocation Failure) [PSYoungGen: 451872K->142400K(521216K)] 1341126K->1136287K(1919488K), 0.0525271 secs] [Times: user=0.31 sys=0.00, real=0.06 secs] 
3960.394: [GC (GCLocker Initiated GC) [PSYoungGen: 488000K->105120K(522240K)] 1481887K->1232575K(1920512K), 0.1410008 secs] [Times: user=0.83 sys=0.01, real=0.14 secs] 
3961.617: [GC (Allocation Failure) [PSYoungGen: 450720K->150528K(496640K)] 1578178K->1379887K(1894912K), 0.0523121 secs] [Times: user=0.31 sys=0.00, real=0.05 secs] 
3961.670: [Full GC (Ergonomics) [PSYoungGen: 150528K->0K(496640K)] [ParOldGen: 1229359K->175163K(1398272K)] 1379887K->175163K(1894912K), [Metaspace: 60390K->60390K(1105920K)], 0.4117868 secs] [Times: user=1.91 sys=0.00, real=0.42 secs] 
3963.526: [GC (Allocation Failure) [PSYoungGen: 345600K->104096K(519680K)] 520763K->279259K(1917952K), 0.0469680 secs] [Times: user=0.28 sys=0.00, real=0.05 secs] 
3964.268: [GC (Allocation Failure) [PSYoungGen: 443552K->140416K(518656K)] 618715K->416944K(1916928K), 0.0518169 secs] [Times: user=0.30 sys=0.00, real=0.05 secs] 
3966.056: [GC (Allocation Failure) [PSYoungGen: 479872K->104640K(517632K)] 756400K->512080K(1915904K), 0.0794035 secs] [Times: user=0.47 sys=0.00, real=0.08 secs] 
3966.973: [GC (Allocation Failure) [PSYoungGen: 445120K->139040K(518144K)] 852560K->649369K(1916416K), 0.0519842 secs] [Times: user=0.31 sys=0.00, real=0.05 secs] 
3968.296: [GC (GCLocker Initiated GC) [PSYoungGen: 479520K->107104K(517632K)] 989849K->747545K(1915904K), 0.0650243 secs] [Times: user=0.38 sys=0.00, real=0.06 secs] 
3968.998: [GC (Allocation Failure) [PSYoungGen: 450144K->145408K(519168K)] 1090656K->891055K(1917440K), 0.0525793 secs] [Times: user=0.31 sys=0.00, real=0.05 secs] 
3970.338: [GC (Allocation Failure) [PSYoungGen: 488448K->110016K(520192K)] 1234095K->983863K(1918464K), 0.0639272 secs] [Times: user=0.38 sys=0.00, real=0.07 secs] 
3971.376: [GC (Allocation Failure) [PSYoungGen: 454080K->136096K(520192K)] 1327927K->1118148K(1918464K), 0.0536953 secs] [Times: user=0.32 sys=0.00, real=0.05 secs] 
3972.772: [GC (Allocation Failure) [PSYoungGen: 480160K->111744K(517120K)] 1462212K->1220360K(1915392K), 0.0666771 secs] [Times: user=0.39 sys=0.00, real=0.06 secs] 
3975.367: [GC (Allocation Failure) [PSYoungGen: 458878K->133728K(519680K)] 1567494K->1352353K(1917952K), 0.0538001 secs] [Times: user=0.31 sys=0.00, real=0.06 secs] 
3976.714: [GC (Allocation Failure) [PSYoungGen: 480864K->114336K(519168K)] 1699489K->1457145K(1917440K), 0.0649791 secs] [Times: user=0.39 sys=0.00, real=0.06 secs] 
3976.779: [Full GC (Ergonomics) [PSYoungGen: 114336K->0K(519168K)] [ParOldGen: 1342809K->19768K(1398272K)] 1457145K->19768K(1917440K), [Metaspace: 60390K->60390K(1105920K)], 0.0286751 secs] [Times: user=0.07 sys=0.00, real=0.03 secs] 
3977.647: [GC (Allocation Failure) [PSYoungGen: 354816K->136032K(523264K)] 374584K->155800K(1921536K), 0.0269425 secs] [Times: user=0.16 sys=0.00, real=0.03 secs] 
3979.057: [GC (Allocation Failure) [PSYoungGen: 490848K->114784K(526336K)] 510616K->260784K(1924608K), 0.0655387 secs] [Times: user=0.39 sys=0.00, real=0.07 secs] 
3980.616: [GC (Allocation Failure) [PSYoungGen: 476768K->150880K(513024K)] 622768K->409727K(1911296K), 0.0543021 secs] [Times: user=0.32 sys=0.00, real=0.05 secs] 
3982.081: [GC (Allocation Failure) [PSYoungGen: 512864K->114880K(529408K)] 771711K->506843K(1927680K), 0.0741641 secs] [Times: user=0.44 sys=0.00, real=0.08 secs] 
3982.938: [GC (Allocation Failure) [PSYoungGen: 472256K->145184K(502784K)] 864219K->649808K(1901056K), 0.0548780 secs] [Times: user=0.33 sys=0.00, real=0.06 secs] 
3984.430: [GC (GCLocker Initiated GC) [PSYoungGen: 502560K->109472K(527872K)] 1007184K->750272K(1926144K), 0.0671183 secs] [Times: user=0.40 sys=0.00, real=0.07 secs] 
3985.101: [GC (Allocation Failure) [PSYoungGen: 464800K->147104K(502784K)] 1105639K->894412K(1901056K), 0.0540208 secs] [Times: user=0.32 sys=0.00, real=0.05 secs] 
3986.805: [GC (Allocation Failure) [PSYoungGen: 502432K->108992K(525824K)] 1249740K->994116K(1924096K), 0.0982561 secs] [Times: user=0.58 sys=0.01, real=0.10 secs] 
3987.570: [GC (Allocation Failure) [PSYoungGen: 460736K->146176K(498176K)] 1345860K->1138371K(1896448K), 0.0718204 secs] [Times: user=0.43 sys=0.00, real=0.08 secs] 
3989.439: [GC (Allocation Failure) [PSYoungGen: 497920K->107488K(524288K)] 1490115K->1237443K(1922560K), 0.0801332 secs] [Times: user=0.48 sys=0.00, real=0.08 secs] 
3990.496: [GC (Allocation Failure) [PSYoungGen: 456160K->143776K(492544K)] 1586115K->1378624K(1890816K), 0.0528449 secs] [Times: user=0.31 sys=0.00, real=0.05 secs] 
3990.549: [Full GC (Ergonomics) [PSYoungGen: 143776K->0K(492544K)] [ParOldGen: 1234848K->181618K(1398272K)] 1378624K->181618K(1890816K), [Metaspace: 60390K->60390K(1105920K)], 0.4281593 secs] [Times: user=1.99 sys=0.00, real=0.43 secs] 
3992.407: [GC (Allocation Failure) [PSYoungGen: 348672K->102944K(523264K)] 530290K->284562K(1921536K), 0.0613616 secs] [Times: user=0.36 sys=0.00, real=0.06 secs] 
3993.030: [GC (Allocation Failure) [PSYoungGen: 450080K->144128K(491520K)] 631698K->425822K(1889792K), 0.0514980 secs] [Times: user=0.30 sys=0.00, real=0.06 secs] 
3994.793: [GC (Allocation Failure) [PSYoungGen: 491264K->103904K(522240K)] 772958K->520363K(1920512K), 0.0687629 secs] [Times: user=0.41 sys=0.00, real=0.07 secs] 
3995.684: [GC (GCLocker Initiated GC) [PSYoungGen: 448480K->143456K(488448K)] 864939K->661911K(1886720K), 0.0520781 secs] [Times: user=0.31 sys=0.00, real=0.05 secs] 
3997.252: [GC (Allocation Failure) [PSYoungGen: 488032K->103648K(521728K)] 1006489K->757137K(1920000K), 0.1018156 secs] [Times: user=0.60 sys=0.01, real=0.10 secs] 
3998.248: [GC (Allocation Failure) [PSYoungGen: 447200K->141376K(520704K)] 1100689K->895129K(1918976K), 0.0512075 secs] [Times: user=0.31 sys=0.00, real=0.05 secs] 
3999.693: [GC (Allocation Failure) [PSYoungGen: 484928K->105216K(519680K)] 1238681K->991810K(1917952K), 0.0747199 secs] [Times: user=0.44 sys=0.00, real=0.07 secs] 
4000.857: [GC (Allocation Failure) [PSYoungGen: 448768K->141152K(520192K)] 1335362K->1130822K(1918464K), 0.0528496 secs] [Times: user=0.31 sys=0.00, real=0.05 secs] 
4002.599: [GC (Allocation Failure) [PSYoungGen: 484704K->106560K(519168K)] 1474374K->1228414K(1917440K), 0.1324757 secs] [Times: user=0.78 sys=0.00, real=0.14 secs] 
4004.455: [GC (Allocation Failure) [PSYoungGen: 451136K->139136K(520192K)] 1572990K->1365259K(1918464K), 0.0536039 secs] [Times: user=0.31 sys=0.00, real=0.05 secs] 
4005.820: [GC (Allocation Failure) [PSYoungGen: 483712K->106304K(520704K)] 1709835K->1462395K(1918976K), 0.0654650 secs] [Times: user=0.39 sys=0.00, real=0.07 secs] 
4005.886: [Full GC (Ergonomics) [PSYoungGen: 106304K->0K(520704K)] [ParOldGen: 1356091K->22782K(1398272K)] 1462395K->22782K(1918976K), [Metaspace: 60390K->60390K(1105920K)], 0.0346506 secs] [Times: user=0.10 sys=0.00, real=0.03 secs] 
4006.499: [GC (Allocation Failure) [PSYoungGen: 347136K->141728K(521728K)] 369918K->164510K(1920000K), 0.0280827 secs] [Times: user=0.16 sys=0.00, real=0.03 secs] 
4007.812: [GC (Allocation Failure) [PSYoungGen: 488864K->108064K(521728K)] 511646K->263378K(1920000K), 0.0646449 secs] [Times: user=0.38 sys=0.00, real=0.06 secs] 
4008.968: [GC (Allocation Failure) [PSYoungGen: 456224K->139744K(522240K)] 611538K->401960K(1920512K), 0.0523954 secs] [Times: user=0.30 sys=0.01, real=0.05 secs] 
4011.291: [GC (GCLocker Initiated GC) [PSYoungGen: 487904K->109184K(520704K)] 750120K->502385K(1918976K), 0.0664950 secs] [Times: user=0.39 sys=0.00, real=0.07 secs] 
4012.326: [GC (Allocation Failure) [PSYoungGen: 458880K->139776K(522240K)] 852151K->639876K(1920512K), 0.0529791 secs] [Times: user=0.31 sys=0.00, real=0.05 secs] 
4013.703: [GC (Allocation Failure) [PSYoungGen: 489472K->110688K(523264K)] 989572K->741400K(1921536K), 0.0720367 secs] [Times: user=0.43 sys=0.00, real=0.07 secs] 
4014.908: [GC (Allocation Failure) [PSYoungGen: 463456K->140384K(524288K)] 1094168K->879885K(1922560K), 0.0535357 secs] [Times: user=0.32 sys=0.00, real=0.06 secs] 
4016.266: [GC (GCLocker Initiated GC) [PSYoungGen: 493152K->112768K(523776K)] 1232653K->983125K(1922048K), 0.0653994 secs] [Times: user=0.39 sys=0.01, real=0.07 secs] 
4017.352: [GC (Allocation Failure) [PSYoungGen: 467072K->144416K(524800K)] 1337433K->1126189K(1923072K), 0.0549774 secs] [Times: user=0.32 sys=0.00, real=0.05 secs] 
4018.729: [GC (GCLocker Initiated GC) [PSYoungGen: 498720K->109568K(526848K)] 1480494K->1226678K(1925120K), 0.0721249 secs] [Times: user=0.43 sys=0.00, real=0.07 secs] 
4019.586: [GC (Allocation Failure) [PSYoungGen: 463872K->144192K(498688K)] 1581020K->1368281K(1896960K), 0.0535197 secs] [Times: user=0.31 sys=0.00, real=0.05 secs] 
4021.031: [GC (GCLocker Initiated GC) [PSYoungGen: 498496K->109408K(526848K)] 1722585K->1468149K(1925120K), 0.0661608 secs] [Times: user=0.39 sys=0.00, real=0.07 secs] 
4021.097: [Full GC (Ergonomics) [PSYoungGen: 109408K->0K(526848K)] [ParOldGen: 1358741K->32918K(1398272K)] 1468149K->32918K(1925120K), [Metaspace: 60402K->60402K(1105920K)], 0.0597457 secs] [Times: user=0.21 sys=0.00, real=0.06 secs] 
4021.781: [GC (Allocation Failure) [PSYoungGen: 352768K->145536K(498688K)] 385757K->178525K(1896960K), 0.0290443 secs] [Times: user=0.17 sys=0.00, real=0.02 secs] 
4023.750: [GC (Allocation Failure) [PSYoungGen: 498304K->109120K(525312K)] 531293K->278265K(1923584K), 0.0684266 secs] [Times: user=0.40 sys=0.00, real=0.07 secs] 
4024.716: [GC (Allocation Failure) [PSYoungGen: 459328K->144768K(495104K)] 628473K->420477K(1893376K), 0.0529928 secs] [Times: user=0.31 sys=0.00, real=0.05 secs] 
4026.058: [GC (Allocation Failure) [PSYoungGen: 494976K->106016K(524288K)] 770689K->517449K(1922560K), 0.0672246 secs] [Times: user=0.39 sys=0.01, real=0.07 secs] 
4026.831: [GC (Allocation Failure) [PSYoungGen: 454688K->144416K(493568K)] 866121K->658470K(1891840K), 0.0521447 secs] [Times: user=0.31 sys=0.00, real=0.06 secs] 
4028.486: [GC (Allocation Failure) [PSYoungGen: 493088K->105888K(523264K)] 1007142K->755258K(1921536K), 0.1270227 secs] [Times: user=0.75 sys=0.00, real=0.13 secs] 
4029.644: [GC (Allocation Failure) [PSYoungGen: 452512K->143168K(489984K)] 1101882K->895095K(1888256K), 0.0517647 secs] [Times: user=0.30 sys=0.00, real=0.05 secs] 
4031.218: [GC (Allocation Failure) [PSYoungGen: 489792K->108672K(523776K)] 1241719K->994419K(1922048K), 0.0804078 secs] [Times: user=0.47 sys=0.00, real=0.08 secs] 
4032.058: [GC (Allocation Failure) [PSYoungGen: 455296K->143328K(521728K)] 1341043K->1135356K(1920000K), 0.0538635 secs] [Times: user=0.32 sys=0.00, real=0.06 secs] 
4033.622: [GC (GCLocker Initiated GC) [PSYoungGen: 489952K->106080K(522240K)] 1481980K->1232216K(1920512K), 0.0639972 secs] [Times: user=0.38 sys=0.00, real=0.06 secs] 
4034.256: [GC (Allocation Failure) [PSYoungGen: 452192K->151552K(498176K)] 1578331K->1380680K(1896448K), 0.0525896 secs] [Times: user=0.31 sys=0.00, real=0.05 secs] 
4035.702: [GC (Allocation Failure) [PSYoungGen: 497664K->104224K(519680K)] 1726792K->1466988K(1917952K), 0.0961202 secs] [Times: user=0.57 sys=0.00, real=0.09 secs] 
4035.798: [Full GC (Ergonomics) [PSYoungGen: 104224K->0K(519680K)] [ParOldGen: 1362764K->33378K(1398272K)] 1466988K->33378K(1917952K), [Metaspace: 60403K->60403K(1105920K)], 0.0626844 secs] [Times: user=0.24 sys=0.00, real=0.06 secs] 
4036.557: [GC (Allocation Failure) [PSYoungGen: 339456K->139936K(518656K)] 372834K->173314K(1916928K), 0.0281194 secs] [Times: user=0.17 sys=0.00, real=0.03 secs] 
4037.973: [GC (Allocation Failure) [PSYoungGen: 479392K->106848K(516608K)] 512770K->271074K(1914880K), 0.0736359 secs] [Times: user=0.43 sys=0.00, real=0.07 secs] 
4039.303: [GC (Allocation Failure) [PSYoungGen: 447328K->138432K(517632K)] 611554K->407510K(1915904K), 0.0519219 secs] [Times: user=0.30 sys=0.00, real=0.05 secs] 
4040.633: [GC (Allocation Failure) [PSYoungGen: 478912K->108224K(517632K)] 747990K->506438K(1915904K), 0.0638420 secs] [Times: user=0.37 sys=0.00, real=0.06 secs] 
4041.575: [GC (Allocation Failure) [PSYoungGen: 452800K->135936K(519680K)] 851014K->639699K(1917952K), 0.0522265 secs] [Times: user=0.31 sys=0.00, real=0.05 secs] 
4042.954: [GC (Allocation Failure) [PSYoungGen: 480512K->111776K(518144K)] 984275K->741799K(1916416K), 0.0741132 secs] [Times: user=0.44 sys=0.01, real=0.07 secs] 
4044.180: [GC (Allocation Failure) [PSYoungGen: 460960K->137344K(521216K)] 1090983K->877212K(1919488K), 0.0539885 secs] [Times: user=0.31 sys=0.01, real=0.06 secs] 
4045.632: [GC (Allocation Failure) [PSYoungGen: 486528K->114208K(521728K)] 1226396K->981480K(1920000K), 0.0754545 secs] [Times: user=0.45 sys=0.00, real=0.07 secs] 
4046.673: [GC (Allocation Failure) [PSYoungGen: 469024K->143072K(524288K)] 1336296K->1123253K(1922560K), 0.0570041 secs] [Times: user=0.34 sys=0.00, real=0.05 secs] 
4048.420: [GC (Allocation Failure) [PSYoungGen: 497888K->110208K(527872K)] 1478069K->1224333K(1926144K), 0.0671180 secs] [Times: user=0.40 sys=0.00, real=0.07 secs] 
4049.096: [GC (GCLocker Initiated GC) [PSYoungGen: 467584K->146848K(504320K)] 1581709K->1368898K(1902592K), 0.0547985 secs] [Times: user=0.32 sys=0.00, real=0.05 secs] 
4050.574: [GC (GCLocker Initiated GC) [PSYoungGen: 504224K->108480K(526848K)] 1726276K->1467860K(1925120K), 0.0708020 secs] [Times: user=0.42 sys=0.00, real=0.07 secs] 
4050.645: [Full GC (Ergonomics) [PSYoungGen: 108480K->0K(526848K)] [ParOldGen: 1359380K->32552K(1398272K)] 1467860K->32552K(1925120K), [Metaspace: 60404K->60404K(1105920K)], 0.0587418 secs] [Times: user=0.21 sys=0.00, real=0.06 secs] 
4051.421: [GC (Allocation Failure) [PSYoungGen: 353280K->154400K(507904K)] 385835K->186955K(1906176K), 0.0295786 secs] [Times: user=0.17 sys=0.00, real=0.03 secs] 
4053.607: [GC (Allocation Failure) [PSYoungGen: 507680K->108576K(522240K)] 540235K->278219K(1920512K), 0.1006942 secs] [Times: user=0.60 sys=0.00, real=0.10 secs] 
4054.383: [GC (Allocation Failure) [PSYoungGen: 452640K->143584K(520704K)] 622283K->418920K(1918976K), 0.0521923 secs] [Times: user=0.30 sys=0.00, real=0.05 secs] 
4055.765: [GC (Allocation Failure) [PSYoungGen: 487648K->101568K(521216K)] 762984K->511564K(1919488K), 0.0641787 secs] [Times: user=0.38 sys=0.00, real=0.06 secs] 
4056.496: [GC (Allocation Failure) [PSYoungGen: 444608K->141984K(485376K)] 854604K->650761K(1883648K), 0.0511970 secs] [Times: user=0.30 sys=0.00, real=0.05 secs] 
4057.896: [GC (Allocation Failure) [PSYoungGen: 485024K->104416K(521728K)] 993801K->745421K(1920000K), 0.0680965 secs] [Times: user=0.41 sys=0.01, real=0.07 secs] 
4058.975: [GC (Allocation Failure) [PSYoungGen: 447456K->140416K(520192K)] 1088461K->884532K(1918464K), 0.0751205 secs] [Times: user=0.44 sys=0.00, real=0.07 secs] 
4061.725: [GC (Allocation Failure) [PSYoungGen: 483456K->103904K(520704K)] 1227572K->979984K(1918976K), 0.0697168 secs] [Times: user=0.42 sys=0.00, real=0.07 secs] 
4062.554: [GC (Allocation Failure) [PSYoungGen: 447968K->140192K(520704K)] 1324048K->1118253K(1918976K), 0.0529143 secs] [Times: user=0.31 sys=0.00, real=0.05 secs] 
4063.881: [GC (Allocation Failure) [PSYoungGen: 484256K->106528K(518656K)] 1462317K->1215513K(1916928K), 0.0655189 secs] [Times: user=0.39 sys=0.00, real=0.06 secs] 
4064.497: [GC (Allocation Failure) [PSYoungGen: 451616K->138944K(520192K)] 1560601K->1353209K(1918464K), 0.0538737 secs] [Times: user=0.32 sys=0.00, real=0.05 secs] 
4065.843: [GC (Allocation Failure) [PSYoungGen: 484032K->110144K(520192K)] 1698297K->1454449K(1918464K), 0.0656774 secs] [Times: user=0.39 sys=0.00, real=0.06 secs] 
4065.909: [Full GC (Ergonomics) [PSYoungGen: 110144K->0K(520192K)] [ParOldGen: 1344305K->19644K(1398272K)] 1454449K->19644K(1918464K), [Metaspace: 60404K->60404K(1105920K)], 0.0465452 secs] [Times: user=0.18 sys=0.00, real=0.05 secs] 
4067.589: [GC (Allocation Failure) [PSYoungGen: 348160K->138784K(521728K)] 367804K->158428K(1920000K), 0.0277890 secs] [Times: user=0.16 sys=0.00, real=0.03 secs] 
4069.020: [GC (Allocation Failure) [PSYoungGen: 486944K->111936K(520704K)] 506588K->261672K(1918976K), 0.0640078 secs] [Times: user=0.38 sys=0.00, real=0.07 secs] 
4070.677: [GC (Allocation Failure) [PSYoungGen: 463168K->139008K(522752K)] 612904K->398629K(1921024K), 0.0536104 secs] [Times: user=0.31 sys=0.00, real=0.05 secs] 
4072.085: [GC (Allocation Failure) [PSYoungGen: 490240K->109728K(524800K)] 749861K->499073K(1923072K), 0.0647745 secs] [Times: user=0.38 sys=0.00, real=0.06 secs] 
4073.077: [GC (Allocation Failure) [PSYoungGen: 465056K->143424K(525824K)] 854401K->641218K(1924096K), 0.0541558 secs] [Times: user=0.32 sys=0.00, real=0.05 secs] 
4074.986: [GC (Allocation Failure) [PSYoungGen: 498752K->109760K(526336K)] 996546K->742090K(1924608K), 0.0710049 secs] [Times: user=0.42 sys=0.00, real=0.07 secs] 
4075.941: [GC (Allocation Failure) [PSYoungGen: 464576K->144288K(499200K)] 1096906K->885229K(1897472K), 0.0545563 secs] [Times: user=0.32 sys=0.00, real=0.06 secs] 
4077.628: [GC (GCLocker Initiated GC) [PSYoungGen: 499104K->111744K(527360K)] 1240046K->988118K(1925632K), 0.0725577 secs] [Times: user=0.43 sys=0.00, real=0.07 secs] 
4078.520: [GC (Allocation Failure) [PSYoungGen: 465536K->143808K(497664K)] 1341980K->1128697K(1895936K), 0.0541526 secs] [Times: user=0.32 sys=0.00, real=0.06 secs] 
4080.100: [GC (Allocation Failure) [PSYoungGen: 497600K->112096K(527360K)] 1482489K->1231317K(1925632K), 0.0695567 secs] [Times: user=0.42 sys=0.00, real=0.07 secs] 
4081.073: [GC (Allocation Failure) [PSYoungGen: 465376K->143808K(524800K)] 1584597K->1372010K(1923072K), 0.0557207 secs] [Times: user=0.33 sys=0.00, real=0.05 secs] 
4082.750: [GC (Allocation Failure) [PSYoungGen: 497088K->112288K(524800K)] 1725290K->1474986K(1923072K), 0.1009812 secs] [Times: user=0.60 sys=0.00, real=0.11 secs] 
4082.851: [Full GC (Ergonomics) [PSYoungGen: 112288K->0K(524800K)] [ParOldGen: 1362698K->41382K(1398272K)] 1474986K->41382K(1923072K), [Metaspace: 60404K->60404K(1105920K)], 0.0876753 secs] [Times: user=0.35 sys=0.00, real=0.08 secs] 
4083.763: [GC (Allocation Failure) [PSYoungGen: 353280K->147872K(501248K)] 394662K->189254K(1899520K), 0.0298368 secs] [Times: user=0.17 sys=0.00, real=0.03 secs] 
4085.395: [GC (Allocation Failure) [PSYoungGen: 501152K->108160K(524800K)] 542534K->288138K(1923072K), 0.0653749 secs] [Times: user=0.39 sys=0.00, real=0.06 secs] 
4085.996: [GC (Allocation Failure) [PSYoungGen: 457344K->146976K(496640K)] 637322K->430415K(1894912K), 0.0517756 secs] [Times: user=0.30 sys=0.00, real=0.05 secs] 
4087.470: [GC (Allocation Failure) [PSYoungGen: 496160K->103648K(522752K)] 779599K->525275K(1921024K), 0.0649875 secs] [Times: user=0.38 sys=0.00, real=0.07 secs] 
4088.116: [GC (Allocation Failure) [PSYoungGen: 449248K->145536K(491520K)] 870875K->666759K(1889792K), 0.0511703 secs] [Times: user=0.30 sys=0.00, real=0.05 secs] 
4089.931: [GC (Allocation Failure) [PSYoungGen: 491136K->104576K(521216K)] 1012359K->762143K(1919488K), 0.0739238 secs] [Times: user=0.44 sys=0.00, real=0.08 secs] 
4090.791: [GC (Allocation Failure) [PSYoungGen: 447104K->153280K(496128K)] 1104671K->912523K(1894400K), 0.0527318 secs] [Times: user=0.31 sys=0.00, real=0.05 secs] 
4092.672: [GC (Allocation Failure) [PSYoungGen: 495808K->101536K(517120K)] 1255051K->997483K(1915392K), 0.1043735 secs] [Times: user=0.62 sys=0.01, real=0.10 secs] 
4093.475: [GC (Allocation Failure) [PSYoungGen: 435872K->137440K(472064K)] 1331819K->1131464K(1870336K), 0.0502177 secs] [Times: user=0.29 sys=0.00, real=0.05 secs] 
4095.060: [GC (Allocation Failure) [PSYoungGen: 471776K->103552K(516608K)] 1465800K->1225692K(1914880K), 0.1109717 secs] [Times: user=0.66 sys=0.00, real=0.11 secs] 
4096.554: [GC (Allocation Failure) [PSYoungGen: 439424K->135392K(515072K)] 1561564K->1359112K(1913344K), 0.0527736 secs] [Times: user=0.32 sys=0.00, real=0.05 secs] 
4098.076: [GC (Allocation Failure) [PSYoungGen: 471264K->105824K(518144K)] 1694984K->1456193K(1916416K), 0.0723106 secs] [Times: user=0.43 sys=0.00, real=0.07 secs] 
4098.149: [Full GC (Ergonomics) [PSYoungGen: 105824K->0K(518144K)] [ParOldGen: 1350368K->20994K(1398272K)] 1456193K->20994K(1916416K), [Metaspace: 60404K->60404K(1105920K)], 0.0300318 secs] [Times: user=0.08 sys=0.00, real=0.03 secs] 
4100.145: [GC (Allocation Failure) [PSYoungGen: 340480K->132800K(516608K)] 361474K->153794K(1914880K), 0.0264593 secs] [Times: user=0.15 sys=0.00, real=0.03 secs] 
4101.514: [GC (Allocation Failure) [PSYoungGen: 473280K->114112K(519680K)] 494274K->258318K(1917952K), 0.0631213 secs] [Times: user=0.38 sys=0.00, real=0.06 secs] 
4102.303: [GC (Allocation Failure) [PSYoungGen: 462272K->132480K(519168K)] 606478K->389893K(1917440K), 0.0533545 secs] [Times: user=0.32 sys=0.00, real=0.05 secs] 
4103.707: [GC (Allocation Failure) [PSYoungGen: 480640K->3008K(496640K)] 738053K->260517K(1894912K), 0.0020850 secs] [Times: user=0.01 sys=0.00, real=0.00 secs] 
4105.028: [GC (Allocation Failure) [PSYoungGen: 330176K->124352K(513024K)] 587685K->383606K(1911296K), 0.0252205 secs] [Times: user=0.15 sys=0.00, real=0.03 secs] 
4106.417: [GC (Allocation Failure) [PSYoungGen: 451520K->122176K(502784K)] 710774K->497030K(1901056K), 0.0625789 secs] [Times: user=0.37 sys=0.00, real=0.06 secs] 
4107.380: [GC (Allocation Failure) [PSYoungGen: 452416K->110080K(509440K)] 827270K->606550K(1907712K), 0.0538313 secs] [Times: user=0.32 sys=0.00, real=0.06 secs] 
4108.678: [GC (Allocation Failure) [PSYoungGen: 440320K->138304K(517632K)] 936790K->734059K(1915904K), 0.0615567 secs] [Times: user=0.37 sys=0.00, real=0.06 secs] 
4109.479: [GC (Allocation Failure) [PSYoungGen: 482368K->101312K(520704K)] 1078123K->835315K(1918976K), 0.0574793 secs] [Times: user=0.34 sys=0.00, real=0.06 secs] 
4110.470: [GC (Allocation Failure) [PSYoungGen: 445376K->173024K(415232K)] 1179379K->1013360K(1813504K), 0.0735466 secs] [Times: user=0.39 sys=0.05, real=0.08 secs] 
4111.826: [GC (Allocation Failure) [PSYoungGen: 415200K->56608K(299008K)] 1255536K->1028816K(1697280K), 0.0539929 secs] [Times: user=0.32 sys=0.00, real=0.05 secs] 
4112.180: [GC (Allocation Failure) [PSYoungGen: 298784K->106304K(475648K)] 1270992K->1129561K(1873920K), 0.0366445 secs] [Times: user=0.22 sys=0.00, real=0.04 secs] 
4113.555: [GC (Allocation Failure) [PSYoungGen: 350528K->90336K(334848K)] 1373785K->1211433K(1733120K), 0.0540217 secs] [Times: user=0.32 sys=0.00, real=0.05 secs] 
4114.572: [GC (GCLocker Initiated GC) [PSYoungGen: 334560K->69696K(464384K)] 1455657K->1280737K(1862656K), 0.0432412 secs] [Times: user=0.25 sys=0.01, real=0.04 secs] 
4114.915: [GC (Allocation Failure) [PSYoungGen: 315456K->115008K(462848K)] 1526500K->1389637K(1861120K), 0.0417435 secs] [Times: user=0.24 sys=0.00, real=0.04 secs] 
4114.957: [Full GC (Ergonomics) [PSYoungGen: 115008K->0K(462848K)] [ParOldGen: 1274629K->184753K(1398272K)] 1389637K->184753K(1861120K), [Metaspace: 60405K->60405K(1105920K)], 0.4415942 secs] [Times: user=2.04 sys=0.00, real=0.44 secs] 
4116.491: [GC (Allocation Failure) [PSYoungGen: 245760K->77664K(473600K)] 430513K->262417K(1871872K), 0.0314412 secs] [Times: user=0.19 sys=0.00, real=0.04 secs] 
4117.313: [GC (Allocation Failure) [PSYoungGen: 342983K->93792K(470528K)] 527737K->355785K(1868800K), 0.0411424 secs] [Times: user=0.23 sys=0.00, real=0.04 secs] 
4117.665: [GC (Allocation Failure) [PSYoungGen: 360032K->115072K(487936K)] 622025K->464666K(1886208K), 0.0506851 secs] [Times: user=0.30 sys=0.00, real=0.05 secs] 
4120.155: [GC (Allocation Failure) [PSYoungGen: 408960K->75808K(484864K)] 758554K->539770K(1883136K), 0.0693276 secs] [Times: user=0.41 sys=0.00, real=0.07 secs] 
4120.624: [GC (Allocation Failure) [PSYoungGen: 369696K->124000K(503808K)] 833658K->660190K(1902080K), 0.0432479 secs] [Times: user=0.26 sys=0.00, real=0.04 secs] 
4121.945: [GC (Allocation Failure) [PSYoungGen: 439392K->97024K(502272K)] 975582K->747990K(1900544K), 0.0596160 secs] [Times: user=0.35 sys=0.00, real=0.06 secs] 
4122.687: [GC (Allocation Failure) [PSYoungGen: 412416K->126752K(504832K)] 1063382K->872387K(1903104K), 0.0489211 secs] [Times: user=0.28 sys=0.00, real=0.05 secs] 
4123.996: [GC (Allocation Failure) [PSYoungGen: 450336K->114880K(504832K)] 1195971K->977927K(1903104K), 0.0617289 secs] [Times: user=0.37 sys=0.00, real=0.06 secs] 
4124.992: [GC (Allocation Failure) [PSYoungGen: 438464K->113600K(512512K)] 1301511K->1091511K(1910784K), 0.0530421 secs] [Times: user=0.31 sys=0.01, real=0.05 secs] 
4126.329: [GC (Allocation Failure) [PSYoungGen: 455104K->135200K(512512K)] 1433015K->1215920K(1910784K), 0.0620218 secs] [Times: user=0.37 sys=0.00, real=0.07 secs] 
4128.024: [GC (Allocation Failure) [PSYoungGen: 476704K->108128K(520704K)] 1557424K->1323576K(1918976K), 0.0571959 secs] [Times: user=0.34 sys=0.00, real=0.06 secs] 
4129.384: [GC (Allocation Failure) [PSYoungGen: 461920K->140640K(522752K)] 1677368K->1453549K(1921024K), 0.0630458 secs] [Times: user=0.37 sys=0.00, real=0.06 secs] 
4129.447: [Full GC (Ergonomics) [PSYoungGen: 140640K->0K(522752K)] [ParOldGen: 1312909K->252153K(1398272K)] 1453549K->252153K(1921024K), [Metaspace: 60405K->60405K(1105920K)], 0.5284744 secs] [Times: user=2.31 sys=0.00, real=0.53 secs] 
4131.327: [GC (Allocation Failure) [PSYoungGen: 353792K->112864K(524288K)] 605945K->365017K(1922560K), 0.0236040 secs] [Times: user=0.13 sys=0.00, real=0.02 secs] 
4132.669: [GC (Allocation Failure) [PSYoungGen: 469216K->136320K(524800K)] 721369K->490618K(1923072K), 0.0621072 secs] [Times: user=0.37 sys=0.00, real=0.07 secs] 
4133.770: [GC (GCLocker Initiated GC) [PSYoungGen: 492672K->118176K(522752K)] 846970K->608330K(1921024K), 0.0583873 secs] [Times: user=0.34 sys=0.00, real=0.06 secs] 
4136.310: [GC (Allocation Failure) [PSYoungGen: 477600K->130336K(525312K)] 967755K->727824K(1923584K), 0.0620979 secs] [Times: user=0.37 sys=0.00, real=0.07 secs] 
4137.286: [GC (Allocation Failure) [PSYoungGen: 489760K->126848K(529408K)] 1087248K->854608K(1927680K), 0.0572078 secs] [Times: user=0.33 sys=0.00, real=0.06 secs] 
4138.717: [GC (Allocation Failure) [PSYoungGen: 493440K->2656K(369664K)] 1221200K->730456K(1767936K), 0.0046180 secs] [Times: user=0.02 sys=0.00, real=0.01 secs] 
4139.562: [GC (Allocation Failure) [PSYoungGen: 369248K->141120K(507904K)] 1097048K->869965K(1906176K), 0.0292309 secs] [Times: user=0.17 sys=0.00, real=0.03 secs] 
4140.920: [GC (Allocation Failure) [PSYoungGen: 469312K->108608K(437248K)] 1198157K->968825K(1835520K), 0.0673579 secs] [Times: user=0.39 sys=0.00, real=0.07 secs] 
4142.505: [GC (Allocation Failure) [PSYoungGen: 436800K->122240K(514560K)] 1297017K->1090014K(1912832K), 0.0534648 secs] [Times: user=0.32 sys=0.00, real=0.05 secs] 
4143.850: [GC (Allocation Failure) [PSYoungGen: 458624K->124640K(512000K)] 1426398K->1205194K(1910272K), 0.0643700 secs] [Times: user=0.39 sys=0.00, real=0.07 secs] 
4145.116: [GC (Allocation Failure) [PSYoungGen: 461024K->113632K(516096K)] 1541578K->1318766K(1914368K), 0.0567000 secs] [Times: user=0.33 sys=0.00, real=0.06 secs] 
4145.173: [Full GC (Ergonomics) [PSYoungGen: 113632K->0K(516096K)] [ParOldGen: 1205134K->128119K(1398272K)] 1318766K->128119K(1914368K), [Metaspace: 60405K->60405K(1105920K)], 0.2892657 secs] [Times: user=1.31 sys=0.00, real=0.29 secs] 
4146.713: [GC (Allocation Failure) [PSYoungGen: 349184K->135168K(517632K)] 477303K->263287K(1915904K), 0.0467864 secs] [Times: user=0.27 sys=0.00, real=0.04 secs] 
4148.453: [GC (Allocation Failure) [PSYoungGen: 484352K->115232K(521728K)] 612471K->378127K(1920000K), 0.0688601 secs] [Times: user=0.40 sys=0.00, real=0.07 secs] 
4150.460: [GC (Allocation Failure) [PSYoungGen: 474656K->133440K(524800K)] 737551K->500732K(1923072K), 0.0623109 secs] [Times: user=0.37 sys=0.00, real=0.07 secs] 
4152.282: [GC (Allocation Failure) [PSYoungGen: 492864K->125056K(530944K)] 860156K->625372K(1929216K), 0.0583277 secs] [Times: user=0.34 sys=0.00, real=0.05 secs] 
4153.742: [GC (Allocation Failure) [PSYoungGen: 491648K->1728K(368640K)] 991964K->502116K(1766912K), 0.0024087 secs] [Times: user=0.01 sys=0.00, real=0.00 secs] 
4155.144: [GC (Allocation Failure) [PSYoungGen: 368320K->135200K(512512K)] 868708K->636224K(1910784K), 0.0273954 secs] [Times: user=0.15 sys=0.00, real=0.02 secs] 
4156.574: [GC (Allocation Failure) [PSYoungGen: 467488K->2304K(334848K)] 968512K->503436K(1733120K), 0.0029125 secs] [Times: user=0.02 sys=0.01, real=0.00 secs] 
4157.897: [GC (Allocation Failure) [PSYoungGen: 334592K->122080K(505344K)] 835724K->624089K(1903616K), 0.0253635 secs] [Times: user=0.15 sys=0.00, real=0.03 secs] 
4159.165: [GC (Allocation Failure) [PSYoungGen: 433376K->125920K(504832K)] 935385K->740185K(1903104K), 0.0627441 secs] [Times: user=0.37 sys=0.00, real=0.06 secs] 
4160.041: [GC (Allocation Failure) [PSYoungGen: 437216K->97568K(489472K)] 1051481K->837697K(1887744K), 0.0537649 secs] [Times: user=0.32 sys=0.00, real=0.06 secs] 
4160.470: [GC (Allocation Failure) [PSYoungGen: 409376K->140672K(497152K)] 1149505K->968286K(1895424K), 0.0558744 secs] [Times: user=0.33 sys=0.00, real=0.06 secs] 
4162.163: [GC (Allocation Failure) [PSYoungGen: 452480K->77632K(510464K)] 1280094K->1045790K(1908736K), 0.0599236 secs] [Times: user=0.36 sys=0.00, real=0.06 secs] 
4162.604: [GC (Allocation Failure) [PSYoungGen: 397632K->139776K(460288K)] 1365790K->1179647K(1858560K), 0.0515878 secs] [Times: user=0.31 sys=0.00, real=0.05 secs] 
4165.236: [GC (Allocation Failure) [PSYoungGen: 459776K->83072K(510464K)] 1499647K->1262367K(1908736K), 0.0832584 secs] [Times: user=0.49 sys=0.00, real=0.08 secs] 
4165.749: [GC (Allocation Failure) [PSYoungGen: 401024K->135360K(506368K)] 1580319K->1394458K(1904640K), 0.0470374 secs] [Times: user=0.27 sys=0.00, real=0.05 secs] 
4165.796: [Full GC (Ergonomics) [PSYoungGen: 135360K->0K(506368K)] [ParOldGen: 1259098K->192973K(1398272K)] 1394458K->192973K(1904640K), [Metaspace: 60408K->60408K(1105920K)], 0.4658692 secs] [Times: user=2.17 sys=0.00, real=0.47 secs] 
4168.337: [GC (Allocation Failure) [PSYoungGen: 317952K->92672K(501248K)] 510925K->285645K(1899520K), 0.0653037 secs] [Times: user=0.39 sys=0.00, real=0.07 secs] 
4169.618: [GC (Allocation Failure) [PSYoungGen: 411648K->127744K(504320K)] 604621K->410874K(1902592K), 0.0458859 secs] [Times: user=0.27 sys=0.00, real=0.05 secs] 
4170.948: [GC (Allocation Failure) [PSYoungGen: 446720K->101888K(501248K)] 729850K->504026K(1899520K), 0.0613466 secs] [Times: user=0.36 sys=0.00, real=0.06 secs] 
4172.079: [GC (Allocation Failure) [PSYoungGen: 430080K->125952K(507392K)] 832218K->628423K(1905664K), 0.0505194 secs] [Times: user=0.29 sys=0.00, real=0.05 secs] 
4173.412: [GC (Allocation Failure) [PSYoungGen: 454144K->120928K(514048K)] 956615K->739579K(1912320K), 0.0634257 secs] [Times: user=0.38 sys=0.00, real=0.06 secs] 
4174.418: [GC (GCLocker Initiated GC) [PSYoungGen: 461920K->117920K(517120K)] 1080573K->857429K(1915392K), 0.0555089 secs] [Times: user=0.33 sys=0.00, real=0.06 secs] 
4176.104: [GC (Allocation Failure) [PSYoungGen: 458912K->130272K(520704K)] 1198421K->976994K(1918976K), 0.0626811 secs] [Times: user=0.37 sys=0.00, real=0.06 secs] 
4176.927: [GC (Allocation Failure) [PSYoungGen: 478944K->118496K(521728K)] 1325666K->1095470K(1920000K), 0.0577678 secs] [Times: user=0.34 sys=0.00, real=0.06 secs] 
4178.288: [GC (Allocation Failure) [PSYoungGen: 467168K->129376K(522752K)] 1444142K->1214763K(1921024K), 0.0631417 secs] [Times: user=0.38 sys=0.00, real=0.06 secs] 
4179.005: [GC (Allocation Failure) [PSYoungGen: 483168K->122016K(522752K)] 1568555K->1336699K(1921024K), 0.0577824 secs] [Times: user=0.34 sys=0.00, real=0.06 secs] 
4179.063: [Full GC (Ergonomics) [PSYoungGen: 122016K->0K(522752K)] [ParOldGen: 1214683K->136591K(1398272K)] 1336699K->136591K(1921024K), [Metaspace: 60417K->60417K(1105920K)], 0.3166709 secs] [Times: user=1.45 sys=0.01, real=0.31 secs] 
4180.667: [GC (Allocation Failure) [PSYoungGen: 353792K->126016K(528384K)] 490383K->262607K(1926656K), 0.0465728 secs] [Times: user=0.28 sys=0.00, real=0.05 secs] 
4182.234: [GC (Allocation Failure) [PSYoungGen: 488512K->132032K(527360K)] 625103K->394255K(1925632K), 0.0652265 secs] [Times: user=0.38 sys=0.00, real=0.06 secs] 
4183.762: [GC (Allocation Failure) [PSYoungGen: 494528K->4608K(504320K)] 756751K->266871K(1902592K), 0.0022811 secs] [Times: user=0.01 sys=0.00, real=0.00 secs] 
4185.498: [GC (Allocation Failure) [PSYoungGen: 343040K->130720K(469504K)] 605303K->395484K(1867776K), 0.0270278 secs] [Times: user=0.16 sys=0.00, real=0.03 secs] 
4186.808: [GC (Allocation Failure) [PSYoungGen: 469152K->115264K(522240K)] 733916K->501356K(1920512K), 0.0637851 secs] [Times: user=0.38 sys=0.00, real=0.07 secs] 
4188.087: [GC (GCLocker Initiated GC) [PSYoungGen: 455744K->125088K(465920K)] 841836K->625868K(1864192K), 0.0544075 secs] [Times: user=0.32 sys=0.00, real=0.05 secs] 
4190.093: [GC (Allocation Failure) [PSYoungGen: 465568K->123328K(518144K)] 966349K->738762K(1916416K), 0.0632493 secs] [Times: user=0.37 sys=0.00, real=0.06 secs] 
4191.895: [GC (Allocation Failure) [PSYoungGen: 465856K->117312K(516096K)] 1081290K->855586K(1914368K), 0.0548821 secs] [Times: user=0.32 sys=0.00, real=0.05 secs] 
4193.230: [GC (Allocation Failure) [PSYoungGen: 459840K->131296K(517120K)] 1198114K->976561K(1915392K), 0.0625324 secs] [Times: user=0.37 sys=0.00, real=0.07 secs] 
4194.555: [GC (Allocation Failure) [PSYoungGen: 479456K->115072K(518656K)] 1324721K->1091209K(1916928K), 0.0569891 secs] [Times: user=0.33 sys=0.00, real=0.06 secs] 
4195.911: [GC (Allocation Failure) [PSYoungGen: 463232K->133632K(522240K)] 1439369K->1214330K(1920512K), 0.0631681 secs] [Times: user=0.37 sys=0.00, real=0.06 secs] 
4197.472: [GC (Allocation Failure) [PSYoungGen: 491008K->118368K(524288K)] 1571706K->1332238K(1922560K), 0.0580615 secs] [Times: user=0.34 sys=0.00, real=0.05 secs] 
4197.530: [Full GC (Ergonomics) [PSYoungGen: 118368K->0K(524288K)] [ParOldGen: 1213870K->132987K(1398272K)] 1332238K->132987K(1922560K), [Metaspace: 60436K->60436K(1105920K)], 0.2957713 secs] [Times: user=1.33 sys=0.00, real=0.30 secs] 
4199.890: [GC (Allocation Failure) [PSYoungGen: 357376K->130240K(528896K)] 490363K->263227K(1927168K), 0.0485085 secs] [Times: user=0.28 sys=0.00, real=0.05 secs] 
4201.391: [GC (Allocation Failure) [PSYoungGen: 496832K->129280K(529408K)] 629819K->392123K(1927680K), 0.0661409 secs] [Times: user=0.39 sys=0.00, real=0.07 secs] 
4202.841: [GC (GCLocker Initiated GC) [PSYoungGen: 495872K->2720K(504832K)] 758715K->265595K(1903104K), 0.0021839 secs] [Times: user=0.01 sys=0.00, real=0.01 secs] 
4203.788: [GC (Allocation Failure) [PSYoungGen: 345248K->131872K(474624K)] 608126K->395875K(1872896K), 0.0269452 secs] [Times: user=0.16 sys=0.00, real=0.03 secs] 
4205.128: [GC (Allocation Failure) [PSYoungGen: 474400K->117536K(523264K)] 738403K->503851K(1921536K), 0.0648252 secs] [Times: user=0.38 sys=0.00, real=0.07 secs] 
4207.182: [GC (Allocation Failure) [PSYoungGen: 461088K->128352K(519168K)] 847403K->630440K(1917440K), 0.0537332 secs] [Times: user=0.31 sys=0.00, real=0.05 secs] 
4208.540: [GC (Allocation Failure) [PSYoungGen: 471904K->119264K(519680K)] 973992K->740124K(1917952K), 0.0635818 secs] [Times: user=0.38 sys=0.00, real=0.07 secs] 
4209.703: [GC (Allocation Failure) [PSYoungGen: 466400K->126720K(519168K)] 1087260K->866356K(1917440K), 0.0553800 secs] [Times: user=0.33 sys=0.00, real=0.05 secs] 
4211.085: [GC (Allocation Failure) [PSYoungGen: 473856K->121248K(522240K)] 1213492K->977517K(1920512K), 0.0636568 secs] [Times: user=0.38 sys=0.00, real=0.06 secs] 
4212.609: [GC (Allocation Failure) [PSYoungGen: 477088K->131072K(523776K)] 1333357K->1108429K(1922048K), 0.0565676 secs] [Times: user=0.33 sys=0.00, real=0.06 secs] 
4214.596: [GC (Allocation Failure) [PSYoungGen: 486912K->2336K(501760K)] 1464269K->979725K(1900032K), 0.0028526 secs] [Times: user=0.02 sys=0.00, real=0.00 secs] 
4215.915: [GC (Allocation Failure) [PSYoungGen: 335648K->124992K(516096K)] 1313037K->1103226K(1914368K), 0.0260526 secs] [Times: user=0.15 sys=0.00, real=0.02 secs] 
4217.212: [GC (Allocation Failure) [PSYoungGen: 458304K->122272K(511488K)] 1436538K->1216090K(1909760K), 0.0633490 secs] [Times: user=0.38 sys=0.00, real=0.06 secs] 
4218.022: [GC (Allocation Failure) [PSYoungGen: 456096K->114176K(514048K)] 1549914K->1329914K(1912320K), 0.0548252 secs] [Times: user=0.33 sys=0.00, real=0.05 secs] 
4218.077: [Full GC (Ergonomics) [PSYoungGen: 114176K->0K(514048K)] [ParOldGen: 1215738K->129244K(1398272K)] 1329914K->129244K(1912320K), [Metaspace: 60436K->60436K(1105920K)], 0.2906354 secs] [Times: user=1.32 sys=0.00, real=0.29 secs] 
4219.595: [GC (Allocation Failure) [PSYoungGen: 333824K->134272K(513536K)] 463068K->263516K(1911808K), 0.0495680 secs] [Times: user=0.29 sys=0.00, real=0.05 secs] 
4221.185: [GC (Allocation Failure) [PSYoungGen: 472704K->105152K(516096K)] 601948K->368188K(1914368K), 0.0678923 secs] [Times: user=0.39 sys=0.00, real=0.07 secs] 
4222.664: [GC (Allocation Failure) [PSYoungGen: 442106K->172512K(416768K)] 705143K->538569K(1815040K), 0.0714611 secs] [Times: user=0.42 sys=0.01, real=0.07 secs] 
4223.941: [GC (Allocation Failure) [PSYoungGen: 416736K->54720K(299008K)] 782793K->556265K(1697280K), 0.0758360 secs] [Times: user=0.45 sys=0.01, real=0.08 secs] 
4224.397: [GC (Allocation Failure) [PSYoungGen: 298944K->106880K(477696K)] 800489K->657486K(1875968K), 0.0365041 secs] [Times: user=0.21 sys=0.00, real=0.04 secs] 
4225.546: [GC (Allocation Failure) [PSYoungGen: 355200K->92000K(340480K)] 905806K->741262K(1738752K), 0.0597590 secs] [Times: user=0.31 sys=0.00, real=0.06 secs] 
4226.916: [GC (Allocation Failure) [PSYoungGen: 340320K->71648K(466432K)] 989582K->812454K(1864704K), 0.0470422 secs] [Times: user=0.27 sys=0.00, real=0.05 secs] 
4227.329: [GC (Allocation Failure) [PSYoungGen: 322528K->110112K(463872K)] 1063334K->916795K(1862144K), 0.0427263 secs] [Times: user=0.25 sys=0.00, real=0.05 secs] 
4228.533: [GC (Allocation Failure) [PSYoungGen: 360992K->75008K(476672K)] 1167675K->983291K(1874944K), 0.0532969 secs] [Times: user=0.31 sys=0.00, real=0.05 secs] 
4230.473: [GC (Allocation Failure) [PSYoungGen: 348416K->103584K(473600K)] 1256699K->1085044K(1871872K), 0.0408164 secs] [Times: user=0.24 sys=0.00, real=0.04 secs] 
4230.842: [GC (Allocation Failure) [PSYoungGen: 376992K->123328K(489984K)] 1358452K->1199168K(1888256K), 0.0538199 secs] [Times: user=0.32 sys=0.01, real=0.05 secs] 
4232.766: [GC (Allocation Failure) [PSYoungGen: 421312K->72416K(487424K)] 1497152K->1271112K(1885696K), 0.0666674 secs] [Times: user=0.39 sys=0.00, real=0.07 secs] 
4233.211: [GC (Allocation Failure) [PSYoungGen: 370400K->129920K(503808K)] 1569096K->1395238K(1902080K), 0.0447679 secs] [Times: user=0.26 sys=0.00, real=0.05 secs] 
4233.256: [Full GC (Ergonomics) [PSYoungGen: 129920K->0K(503808K)] [ParOldGen: 1265318K->190895K(1398272K)] 1395238K->190895K(1902080K), [Metaspace: 60442K->60442K(1105920K)], 0.4640262 secs] [Times: user=2.17 sys=0.00, real=0.46 secs] 
4235.457: [GC (Allocation Failure) [PSYoungGen: 316416K->94112K(504832K)] 507311K->285007K(1903104K), 0.0497521 secs] [Times: user=0.30 sys=0.00, real=0.05 secs] 
4236.607: [GC (Allocation Failure) [PSYoungGen: 410528K->129120K(505344K)] 601423K->411491K(1903616K), 0.0471817 secs] [Times: user=0.27 sys=0.01, real=0.05 secs] 
4238.660: [GC (Allocation Failure) [PSYoungGen: 451680K->101344K(505856K)] 734051K->504011K(1904128K), 0.0693639 secs] [Times: user=0.42 sys=0.00, real=0.07 secs] 
4240.302: [GC (Allocation Failure) [PSYoungGen: 423904K->122112K(511488K)] 826571K->624232K(1909760K), 0.0495464 secs] [Times: user=0.29 sys=0.00, real=0.05 secs] 
4241.707: [GC (Allocation Failure) [PSYoungGen: 456448K->124320K(509952K)] 958568K->739064K(1908224K), 0.0629413 secs] [Times: user=0.37 sys=0.00, real=0.06 secs] 
4243.169: [GC (Allocation Failure) [PSYoungGen: 458656K->112192K(513536K)] 1073400K->850840K(1911808K), 0.0546117 secs] [Times: user=0.32 sys=0.00, real=0.06 secs] 
4244.563: [GC (Allocation Failure) [PSYoungGen: 460864K->137024K(517120K)] 1199512K->976647K(1915392K), 0.0617633 secs] [Times: user=0.37 sys=0.00, real=0.06 secs] 
4246.771: [GC (Allocation Failure) [PSYoungGen: 485696K->111424K(523264K)] 1325319K->1087567K(1921536K), 0.0570957 secs] [Times: user=0.33 sys=0.00, real=0.06 secs] 
4248.125: [GC (Allocation Failure) [PSYoungGen: 469312K->137184K(524800K)] 1445455K->1214296K(1923072K), 0.0621807 secs] [Times: user=0.36 sys=0.00, real=0.06 secs] 
4249.659: [GC (Allocation Failure) [PSYoungGen: 495072K->117760K(526336K)] 1572184K->1331260K(1924608K), 0.0593773 secs] [Times: user=0.35 sys=0.00, real=0.06 secs] 
4251.056: [GC (Allocation Failure) [PSYoungGen: 479232K->130144K(527360K)] 1692732K->1451261K(1925632K), 0.0631262 secs] [Times: user=0.37 sys=0.01, real=0.06 secs] 
4251.119: [Full GC (Ergonomics) [PSYoungGen: 130144K->0K(527360K)] [ParOldGen: 1321117K->251775K(1398272K)] 1451261K->251775K(1925632K), [Metaspace: 60442K->60442K(1105920K)], 0.5279762 secs] [Times: user=2.31 sys=0.00, real=0.53 secs] 
4253.323: [GC (Allocation Failure) [PSYoungGen: 361472K->128032K(531968K)] 613247K->379807K(1930240K), 0.0262478 secs] [Times: user=0.15 sys=0.00, real=0.02 secs] 
4254.717: [GC (Allocation Failure) [PSYoungGen: 495136K->3120K(370688K)] 746911K->254935K(1768960K), 0.0029336 secs] [Times: user=0.02 sys=0.00, real=0.00 secs] 
4255.783: [GC (Allocation Failure) [PSYoungGen: 370224K->142112K(507392K)] 622039K->395092K(1905664K), 0.0288992 secs] [Times: user=0.16 sys=0.00, real=0.03 secs] 
4257.078: [GC (Allocation Failure) [PSYoungGen: 469280K->107296K(434688K)] 722260K->493144K(1832960K), 0.0646798 secs] [Times: user=0.39 sys=0.00, real=0.07 secs] 
4258.550: [GC (Allocation Failure) [PSYoungGen: 434464K->124832K(512512K)] 820312K->617200K(1910784K), 0.0513130 secs] [Times: user=0.30 sys=0.00, real=0.06 secs] 
4261.241: [GC (Allocation Failure) [PSYoungGen: 458656K->121376K(511488K)] 951024K->730056K(1909760K), 0.0624666 secs] [Times: user=0.37 sys=0.00, real=0.06 secs] 
4262.245: [GC (Allocation Failure) [PSYoungGen: 455200K->114144K(514048K)] 1063880K->843768K(1912320K), 0.0542046 secs] [Times: user=0.32 sys=0.00, real=0.05 secs] 
4263.596: [GC (Allocation Failure) [PSYoungGen: 460768K->134400K(515584K)] 1190392K->967744K(1913856K), 0.0627316 secs] [Times: user=0.37 sys=0.01, real=0.06 secs] 
4264.902: [GC (Allocation Failure) [PSYoungGen: 481024K->110048K(522240K)] 1314368K->1077372K(1920512K), 0.0578991 secs] [Times: user=0.34 sys=0.01, real=0.05 secs] 
4266.278: [GC (Allocation Failure) [PSYoungGen: 468448K->138304K(524800K)] 1435772K->1205329K(1923072K), 0.0624526 secs] [Times: user=0.37 sys=0.00, real=0.06 secs] 
4267.897: [GC (Allocation Failure) [PSYoungGen: 496704K->119488K(527872K)] 1563729K->1324361K(1926144K), 0.0594388 secs] [Times: user=0.35 sys=0.00, real=0.06 secs] 
4267.957: [Full GC (Ergonomics) [PSYoungGen: 119488K->0K(527872K)] [ParOldGen: 1204873K->134034K(1398272K)] 1324361K->134034K(1926144K), [Metaspace: 60442K->60442K(1105920K)], 0.3070145 secs] [Times: user=1.40 sys=0.00, real=0.31 secs] 
4269.759: [GC (Allocation Failure) [PSYoungGen: 362496K->128576K(528384K)] 496530K->262610K(1926656K), 0.0444979 secs] [Times: user=0.27 sys=0.00, real=0.05 secs] 
4270.415: [GC (Allocation Failure) [PSYoungGen: 491072K->132064K(532480K)] 625106K->394322K(1930752K), 0.0648094 secs] [Times: user=0.38 sys=0.00, real=0.06 secs] 
4271.798: [GC (Allocation Failure) [PSYoungGen: 499168K->4672K(372224K)] 761426K->267066K(1770496K), 0.0025383 secs] [Times: user=0.01 sys=0.00, real=0.00 secs] 
4273.529: [GC (Allocation Failure) [PSYoungGen: 371776K->144000K(505856K)] 634170K->408966K(1904128K), 0.0294559 secs] [Times: user=0.16 sys=0.00, real=0.03 secs] 
4274.900: [GC (Allocation Failure) [PSYoungGen: 469120K->104768K(430080K)] 734086K->504283K(1828352K), 0.0691793 secs] [Times: user=0.41 sys=0.01, real=0.07 secs] 
4276.822: [GC (GCLocker Initiated GC) [PSYoungGen: 429888K->124704K(513024K)] 829405K->627130K(1911296K), 0.0507170 secs] [Times: user=0.30 sys=0.00, real=0.05 secs] 
4278.132: [GC (Allocation Failure) [PSYoungGen: 457504K->122144K(511488K)] 959930K->739590K(1909760K), 0.0632059 secs] [Times: user=0.37 sys=0.00, real=0.06 secs] 
4279.405: [GC (Allocation Failure) [PSYoungGen: 454944K->113888K(512512K)] 1072390K->853182K(1910784K), 0.0547273 secs] [Times: user=0.32 sys=0.01, real=0.05 secs] 
4280.749: [GC (Allocation Failure) [PSYoungGen: 458464K->134400K(514048K)] 1197758K->977182K(1912320K), 0.0626381 secs] [Times: user=0.36 sys=0.01, real=0.06 secs] 
4282.356: [GC (Allocation Failure) [PSYoungGen: 478976K->111936K(522240K)] 1321758K->1088686K(1920512K), 0.0573819 secs] [Times: user=0.34 sys=0.00, real=0.06 secs] 
4284.693: [GC (Allocation Failure) [PSYoungGen: 469824K->136320K(524800K)] 1446574K->1214250K(1923072K), 0.0623018 secs] [Times: user=0.37 sys=0.00, real=0.06 secs] 
4286.262: [GC (Allocation Failure) [PSYoungGen: 494208K->124768K(529408K)] 1572138K->1338970K(1927680K), 0.0590300 secs] [Times: user=0.35 sys=0.00, real=0.05 secs] 
4286.321: [Full GC (Ergonomics) [PSYoungGen: 124768K->0K(529408K)] [ParOldGen: 1214202K->131111K(1398272K)] 1338970K->131111K(1927680K), [Metaspace: 60442K->60442K(1105920K)], 0.3020756 secs] [Times: user=1.37 sys=0.00, real=0.31 secs] 
4287.930: [GC (Allocation Failure) [PSYoungGen: 362496K->131872K(529408K)] 493607K->262983K(1927680K), 0.0454493 secs] [Times: user=0.27 sys=0.00, real=0.05 secs] 
4289.248: [GC (Allocation Failure) [PSYoungGen: 494368K->129344K(530432K)] 625479K->392000K(1928704K), 0.0676416 secs] [Times: user=0.39 sys=0.01, real=0.07 secs] 
4291.403: [GC (Allocation Failure) [PSYoungGen: 493888K->2976K(367616K)] 756544K->265732K(1765888K), 0.0024009 secs] [Times: user=0.01 sys=0.01, real=0.00 secs] 
4292.762: [GC (Allocation Failure) [PSYoungGen: 367520K->140864K(507904K)] 630276K->404656K(1906176K), 0.0284449 secs] [Times: user=0.16 sys=0.00, real=0.02 secs] 
4294.092: [GC (Allocation Failure) [PSYoungGen: 467008K->107072K(433664K)] 730800K->502576K(1831936K), 0.0640106 secs] [Times: user=0.38 sys=0.00, real=0.06 secs] 
4295.036: [GC (Allocation Failure) [PSYoungGen: 433216K->121280K(513536K)] 828720K->623277K(1911808K), 0.0514823 secs] [Times: user=0.30 sys=0.00, real=0.05 secs] 
4296.340: [GC (Allocation Failure) [PSYoungGen: 455104K->126432K(510464K)] 957101K->739789K(1908736K), 0.0624975 secs] [Times: user=0.37 sys=0.00, real=0.07 secs] 
4297.982: [GC (Allocation Failure) [PSYoungGen: 460256K->118752K(518144K)] 1073613K->858133K(1916416K), 0.0556898 secs] [Times: user=0.33 sys=0.00, real=0.05 secs] 
4299.410: [GC (Allocation Failure) [PSYoungGen: 465376K->137472K(517632K)] 1204757K->976954K(1915904K), 0.0620032 secs] [Times: user=0.36 sys=0.00, real=0.07 secs] 
4300.772: [GC (Allocation Failure) [PSYoungGen: 484096K->110176K(521728K)] 1323578K->1086666K(1920000K), 0.0580349 secs] [Times: user=0.34 sys=0.00, real=0.05 secs] 
4302.122: [GC (Allocation Failure) [PSYoungGen: 463968K->138464K(523264K)] 1440458K->1214427K(1921536K), 0.0622312 secs] [Times: user=0.37 sys=0.01, real=0.06 secs] 
4303.324: [GC (Allocation Failure) [PSYoungGen: 492256K->114688K(522240K)] 1568219K->1328847K(1920512K), 0.0586168 secs] [Times: user=0.34 sys=0.00, real=0.06 secs] 
4303.382: [Full GC (Ergonomics) [PSYoungGen: 114688K->0K(522240K)] [ParOldGen: 1214159K->129754K(1398272K)] 1328847K->129754K(1920512K), [Metaspace: 60442K->60442K(1105920K)], 0.2976302 secs] [Times: user=1.37 sys=0.00, real=0.29 secs] 
4304.975: [GC (Allocation Failure) [PSYoungGen: 356864K->133824K(524288K)] 486618K->263578K(1922560K), 0.0483897 secs] [Times: user=0.29 sys=0.00, real=0.05 secs] 
4306.651: [GC (Allocation Failure) [PSYoungGen: 490688K->121856K(524288K)] 620442K->385098K(1922560K), 0.0686587 secs] [Times: user=0.41 sys=0.00, real=0.07 secs] 
4308.466: [GC (Allocation Failure) [PSYoungGen: 484864K->320K(363520K)] 748106K->263586K(1761792K), 0.0020972 secs] [Times: user=0.01 sys=0.00, real=0.00 secs] 
4309.650: [GC (Allocation Failure) [PSYoungGen: 363328K->131104K(515584K)] 626594K->394398K(1913856K), 0.0269492 secs] [Times: user=0.15 sys=0.00, real=0.03 secs] 
4310.969: [GC (Allocation Failure) [PSYoungGen: 466464K->288K(335872K)] 729758K->263782K(1734144K), 0.0019765 secs] [Times: user=0.01 sys=0.00, real=0.01 secs] 
4311.706: [GC (Allocation Failure) [PSYoungGen: 335648K->122432K(506368K)] 599142K->385958K(1904640K), 0.0249640 secs] [Times: user=0.14 sys=0.00, real=0.02 secs] 
4313.779: [GC (Allocation Failure) [PSYoungGen: 435264K->125888K(505344K)] 698790K->500818K(1903616K), 0.0624755 secs] [Times: user=0.37 sys=0.01, real=0.07 secs] 
4314.873: [GC (Allocation Failure) [PSYoungGen: 433403K->93088K(493056K)] 808334K->593843K(1891328K), 0.0536661 secs] [Times: user=0.31 sys=0.00, real=0.05 secs] 
4315.296: [GC (Allocation Failure) [PSYoungGen: 406944K->135584K(499200K)] 907699K->723427K(1897472K), 0.0553427 secs] [Times: user=0.32 sys=0.00, real=0.06 secs] 
4317.255: [GC (Allocation Failure) [PSYoungGen: 449440K->79968K(509440K)] 1037283K->802787K(1907712K), 0.1085995 secs] [Times: user=0.65 sys=0.00, real=0.11 secs] 
4317.810: [GC (Allocation Failure) [PSYoungGen: 404064K->139648K(463872K)] 1126883K->936740K(1862144K), 0.0526163 secs] [Times: user=0.28 sys=0.00, real=0.06 secs] 
4319.897: [GC (Allocation Failure) [PSYoungGen: 463744K->83776K(512512K)] 1260836K->1020292K(1910784K), 0.0769902 secs] [Times: user=0.46 sys=0.00, real=0.08 secs] 
4320.704: [GC (Allocation Failure) [PSYoungGen: 405312K->136768K(507904K)] 1341828K->1152781K(1906176K), 0.0476773 secs] [Times: user=0.28 sys=0.00, real=0.05 secs] 
4322.519: [GC (Allocation Failure) [PSYoungGen: 458304K->96416K(503808K)] 1474317K->1240565K(1902080K), 0.1127865 secs] [Times: user=0.67 sys=0.00, real=0.12 secs] 
4323.952: [GC (Allocation Failure) [PSYoungGen: 418976K->132192K(506368K)] 1563125K->1369698K(1904640K), 0.0485403 secs] [Times: user=0.28 sys=0.00, real=0.04 secs] 
4324.000: [Full GC (Ergonomics) [PSYoungGen: 132192K->0K(506368K)] [ParOldGen: 1237506K->167774K(1398272K)] 1369698K->167774K(1904640K), [Metaspace: 60446K->60446K(1105920K)], 0.3901624 secs] [Times: user=1.81 sys=0.00, real=0.39 secs] 
4325.593: [GC (Allocation Failure) [PSYoungGen: 322560K->98784K(505344K)] 490334K->266558K(1903616K), 0.0407377 secs] [Times: user=0.24 sys=0.00, real=0.04 secs] 
4326.617: [GC (Allocation Failure) [PSYoungGen: 428512K->130624K(509440K)] 596286K->395831K(1907712K), 0.0510922 secs] [Times: user=0.30 sys=0.01, real=0.05 secs] 
4328.354: [GC (Allocation Failure) [PSYoungGen: 460352K->114656K(509952K)] 725559K->500971K(1908224K), 0.0632923 secs] [Times: user=0.38 sys=0.00, real=0.06 secs] 
4330.467: [GC (Allocation Failure) [PSYoungGen: 453088K->120864K(514048K)] 839403K->621371K(1912320K), 0.0534979 secs] [Times: user=0.32 sys=0.00, real=0.05 secs] 
4332.031: [GC (Allocation Failure) [PSYoungGen: 459296K->127776K(522240K)] 959803K->738480K(1920512K), 0.0624496 secs] [Times: user=0.37 sys=0.00, real=0.06 secs] 
4333.373: [GC (Allocation Failure) [PSYoungGen: 478496K->116000K(466944K)] 1089200K->854080K(1865216K), 0.0558487 secs] [Times: user=0.33 sys=0.00, real=0.05 secs] 
4334.786: [GC (Allocation Failure) [PSYoungGen: 466720K->132608K(520704K)] 1204800K->975805K(1918976K), 0.0624151 secs] [Times: user=0.38 sys=0.00, real=0.06 secs] 
4336.281: [GC (Allocation Failure) [PSYoungGen: 485888K->119168K(522240K)] 1329085K->1094549K(1920512K), 0.0585100 secs] [Times: user=0.34 sys=0.00, real=0.06 secs] 
4337.696: [GC (Allocation Failure) [PSYoungGen: 472448K->129248K(527872K)] 1447829K->1213241K(1926144K), 0.0626548 secs] [Times: user=0.37 sys=0.00, real=0.06 secs] 
4339.444: [GC (Allocation Failure) [PSYoungGen: 491744K->128352K(527872K)] 1575737K->1341129K(1926144K), 0.0579702 secs] [Times: user=0.34 sys=0.00, real=0.06 secs] 
4339.502: [Full GC (Ergonomics) [PSYoungGen: 128352K->0K(527872K)] [ParOldGen: 1212777K->143414K(1398272K)] 1341129K->143414K(1926144K), [Metaspace: 60446K->60446K(1105920K)], 0.3288487 secs] [Times: user=1.51 sys=0.00, real=0.32 secs] 
4341.140: [GC (Allocation Failure) [PSYoungGen: 362496K->122656K(528384K)] 505910K->266070K(1926656K), 0.0423754 secs] [Times: user=0.25 sys=0.00, real=0.05 secs] 
4342.100: [GC (Allocation Failure) [PSYoungGen: 491808K->141984K(530432K)] 635222K->406759K(1928704K), 0.0604663 secs] [Times: user=0.35 sys=0.00, real=0.06 secs] 
4343.561: [GC (Allocation Failure) [PSYoungGen: 511136K->117824K(533504K)] 775911K->514747K(1931776K), 0.0921132 secs] [Times: user=0.55 sys=0.00, real=0.10 secs] 
4344.322: [GC (Allocation Failure) [PSYoungGen: 489024K->151808K(523264K)] 885947K->664666K(1921536K), 0.0563346 secs] [Times: user=0.33 sys=0.00, real=0.05 secs] 
4346.648: [GC (Allocation Failure) [PSYoungGen: 523008K->114688K(532480K)] 1035866K->770242K(1930752K), 0.1321903 secs] [Times: user=0.78 sys=0.00, real=0.13 secs] 
4347.429: [GC (Allocation Failure) [PSYoungGen: 477696K->153824K(517120K)] 1133250K->920703K(1915392K), 0.0550894 secs] [Times: user=0.32 sys=0.00, real=0.06 secs] 
4349.317: [GC (Allocation Failure) [PSYoungGen: 516832K->109312K(527360K)] 1283711K->1021487K(1925632K), 0.0693733 secs] [Times: user=0.41 sys=0.00, real=0.07 secs] 
4349.928: [GC (Allocation Failure) [PSYoungGen: 457678K->145152K(499200K)] 1369853K->1162104K(1897472K), 0.0516898 secs] [Times: user=0.30 sys=0.01, real=0.05 secs] 
4352.420: [GC (GCLocker Initiated GC) [PSYoungGen: 498944K->105472K(525312K)] 1515896K->1258864K(1923584K), 0.1310856 secs] [Times: user=0.78 sys=0.01, real=0.13 secs] 
4353.084: [GC (Allocation Failure) [PSYoungGen: 456192K->138944K(524288K)] 1625971K->1409527K(1922560K), 0.2304464 secs] [Times: user=1.37 sys=0.00, real=0.23 secs] 
4353.315: [Full GC (Ergonomics) [PSYoungGen: 138944K->0K(524288K)] [ParOldGen: 1270583K->205743K(1398272K)] 1409527K->205743K(1922560K), [Metaspace: 60446K->60446K(1105920K)], 0.4039104 secs] [Times: user=1.76 sys=0.00, real=0.40 secs] 
4355.863: [GC (Allocation Failure) [PSYoungGen: 348387K->95872K(524800K)] 554130K->301615K(1923072K), 0.1038953 secs] [Times: user=0.62 sys=0.00, real=0.10 secs] 
4356.462: [GC (Allocation Failure) [PSYoungGen: 446592K->147936K(498688K)] 652335K->445860K(1896960K), 0.0542632 secs] [Times: user=0.32 sys=0.00, real=0.05 secs] 
4358.666: [GC (Allocation Failure) [PSYoungGen: 498567K->94944K(520704K)] 796491K->540456K(1918976K), 0.1046871 secs] [Times: user=0.62 sys=0.00, real=0.10 secs] 
4359.191: [GC (Allocation Failure) [PSYoungGen: 423535K->138080K(480768K)] 869047K->674533K(1879040K), 0.0515967 secs] [Times: user=0.31 sys=0.00, real=0.06 secs] 
4361.471: [GC (GCLocker Initiated GC) [PSYoungGen: 480608K->101536K(522240K)] 1017061K->767609K(1920512K), 0.1029669 secs] [Times: user=0.61 sys=0.01, real=0.11 secs] 
4362.689: [GC (Allocation Failure) [PSYoungGen: 445088K->143744K(487424K)] 1111232K->907557K(1885696K), 0.0505463 secs] [Times: user=0.30 sys=0.00, real=0.05 secs] 
4364.465: [GC (Allocation Failure) [PSYoungGen: 487296K->103456K(521216K)] 1251109K->1002125K(1919488K), 0.1014901 secs] [Times: user=0.60 sys=0.01, real=0.10 secs] 
4365.363: [GC (Allocation Failure) [PSYoungGen: 444960K->143264K(519168K)] 1343629K->1140654K(1917440K), 0.0508560 secs] [Times: user=0.30 sys=0.00, real=0.05 secs] 
4367.230: [GC (Allocation Failure) [PSYoungGen: 484768K->103264K(519168K)] 1482158K->1235214K(1917440K), 0.0999916 secs] [Times: user=0.59 sys=0.01, real=0.10 secs] 
4368.834: [GC (Allocation Failure) [PSYoungGen: 444768K->140928K(519168K)] 1576718K->1372203K(1917440K), 0.0516480 secs] [Times: user=0.31 sys=0.00, real=0.05 secs] 
4368.886: [Full GC (Ergonomics) [PSYoungGen: 140928K->0K(519168K)] [ParOldGen: 1231275K->178993K(1398272K)] 1372203K->178993K(1917440K), [Metaspace: 60446K->60446K(1105920K)], 0.4274209 secs] [Times: user=1.90 sys=0.00, real=0.43 secs] 
4370.714: [GC (Allocation Failure) [PSYoungGen: 341504K->106272K(517632K)] 520497K->285265K(1915904K), 0.0366756 secs] [Times: user=0.22 sys=0.00, real=0.03 secs] 
4371.417: [GC (Allocation Failure) [PSYoungGen: 448288K->141280K(518656K)] 627281K->423266K(1916928K), 0.0521602 secs] [Times: user=0.31 sys=0.00, real=0.05 secs] 
4372.774: [GC (Allocation Failure) [PSYoungGen: 483296K->103296K(520192K)] 765282K->517858K(1918464K), 0.0640649 secs] [Times: user=0.37 sys=0.00, real=0.06 secs] 
4373.699: [GC (Allocation Failure) [PSYoungGen: 446848K->141440K(520192K)] 861410K->656191K(1918464K), 0.0512672 secs] [Times: user=0.30 sys=0.00, real=0.05 secs] 
4375.115: [GC (Allocation Failure) [PSYoungGen: 484992K->106496K(518656K)] 999743K->753651K(1916928K), 0.0690158 secs] [Times: user=0.41 sys=0.00, real=0.07 secs] 
4376.548: [GC (Allocation Failure) [PSYoungGen: 450560K->140288K(519680K)] 1097715K->891808K(1917952K), 0.0526122 secs] [Times: user=0.31 sys=0.00, real=0.05 secs] 
4378.334: [GC (Allocation Failure) [PSYoungGen: 484352K->107680K(519680K)] 1235872K->990528K(1917952K), 0.0859273 secs] [Times: user=0.50 sys=0.00, real=0.08 secs] 
4379.464: [GC (Allocation Failure) [PSYoungGen: 453792K->140448K(520704K)] 1336640K->1128493K(1918976K), 0.0535488 secs] [Times: user=0.31 sys=0.00, real=0.05 secs] 
4380.944: [GC (Allocation Failure) [PSYoungGen: 486560K->106304K(521728K)] 1474605K->1225409K(1920000K), 0.0774962 secs] [Times: user=0.46 sys=0.00, real=0.08 secs] 
4382.173: [GC (Allocation Failure) [PSYoungGen: 454464K->140128K(522240K)] 1573569K->1363178K(1920512K), 0.0529801 secs] [Times: user=0.31 sys=0.00, real=0.05 secs] 
4383.674: [GC (Allocation Failure) [PSYoungGen: 488288K->111392K(520192K)] 1711338K->1465010K(1918464K), 0.0875641 secs] [Times: user=0.52 sys=0.00, real=0.09 secs] 
4383.762: [Full GC (Ergonomics) [PSYoungGen: 111392K->0K(520192K)] [ParOldGen: 1353618K->25655K(1398272K)] 1465010K->25655K(1918464K), [Metaspace: 60448K->60448K(1105920K)], 0.0416171 secs] [Times: user=0.12 sys=0.00, real=0.04 secs] 
4385.573: [GC (Allocation Failure) [PSYoungGen: 349184K->139776K(521728K)] 374839K->165431K(1920000K), 0.0280863 secs] [Times: user=0.16 sys=0.00, real=0.02 secs] 
4387.005: [GC (Allocation Failure) [PSYoungGen: 488960K->110272K(522752K)] 514615K->266203K(1921024K), 0.0648602 secs] [Times: user=0.38 sys=0.00, real=0.06 secs] 
4388.058: [GC (Allocation Failure) [PSYoungGen: 462528K->141600K(523776K)] 618459K->405463K(1922048K), 0.0527202 secs] [Times: user=0.31 sys=0.00, real=0.05 secs] 
4389.449: [GC (Allocation Failure) [PSYoungGen: 493856K->109920K(524288K)] 757719K->505860K(1922560K), 0.0710433 secs] [Times: user=0.42 sys=0.00, real=0.07 secs] 
4390.869: [GC (Allocation Failure) [PSYoungGen: 463712K->142784K(524800K)] 859652K->646932K(1923072K), 0.0536602 secs] [Times: user=0.31 sys=0.00, real=0.06 secs] 
4393.425: [GC (Allocation Failure) [PSYoungGen: 496576K->110432K(525824K)] 1000724K->748628K(1924096K), 0.0658630 secs] [Times: user=0.39 sys=0.01, real=0.07 secs] 
4394.502: [GC (Allocation Failure) [PSYoungGen: 464224K->153120K(507392K)] 1102420K->898889K(1905664K), 0.0541636 secs] [Times: user=0.32 sys=0.00, real=0.05 secs] 
4396.406: [GC (GCLocker Initiated GC) [PSYoungGen: 506912K->106944K(523264K)] 1252681K->988493K(1921536K), 0.1147876 secs] [Times: user=0.68 sys=0.00, real=0.11 secs] 
4397.820: [GC (Allocation Failure) [PSYoungGen: 453056K->150048K(496640K)] 1334644K->1135385K(1894912K), 0.0528589 secs] [Times: user=0.31 sys=0.00, real=0.06 secs] 
4399.452: [GC (Allocation Failure) [PSYoungGen: 496160K->107712K(520704K)] 1481497K->1225925K(1918976K), 0.0984238 secs] [Times: user=0.59 sys=0.00, real=0.09 secs] 
4401.045: [GC (GCLocker Initiated GC) [PSYoungGen: 448192K->137344K(478208K)] 1566405K->1361070K(1876480K), 0.0536400 secs] [Times: user=0.32 sys=0.00, real=0.05 secs] 
4402.716: [GC (Allocation Failure) [PSYoungGen: 477824K->105216K(518656K)] 1701621K->1457693K(1916928K), 0.0647313 secs] [Times: user=0.38 sys=0.01, real=0.06 secs] 
4402.781: [Full GC (Ergonomics) [PSYoungGen: 105216K->0K(518656K)] [ParOldGen: 1352477K->22726K(1398272K)] 1457693K->22726K(1916928K), [Metaspace: 60448K->60448K(1105920K)], 0.0331323 secs] [Times: user=0.09 sys=0.00, real=0.04 secs] 
4403.761: [GC (Allocation Failure) [PSYoungGen: 341504K->138176K(517632K)] 364230K->160902K(1915904K), 0.0274657 secs] [Times: user=0.16 sys=0.00, real=0.03 secs] 
4405.077: [GC (Allocation Failure) [PSYoungGen: 479680K->108352K(521216K)] 502406K->260146K(1919488K), 0.0709845 secs] [Times: user=0.42 sys=0.00, real=0.07 secs] 
4406.135: [GC (Allocation Failure) [PSYoungGen: 455488K->137568K(521216K)] 607282K->396938K(1919488K), 0.0524941 secs] [Times: user=0.31 sys=0.00, real=0.05 secs] 
4407.681: [GC (Allocation Failure) [PSYoungGen: 484704K->110976K(519680K)] 744074K->499218K(1917952K), 0.1005186 secs] [Times: user=0.60 sys=0.00, real=0.11 secs] 
4409.747: [GC (Allocation Failure) [PSYoungGen: 461696K->137280K(522240K)] 849938K->634671K(1920512K), 0.0531149 secs] [Times: user=0.32 sys=0.00, real=0.05 secs] 
4411.110: [GC (Allocation Failure) [PSYoungGen: 488000K->112224K(523264K)] 985391K->737583K(1921536K), 0.0645758 secs] [Times: user=0.38 sys=0.01, real=0.07 secs] 
4412.008: [GC (Allocation Failure) [PSYoungGen: 468064K->140640K(525312K)] 1093437K->876346K(1923584K), 0.0539391 secs] [Times: user=0.32 sys=0.00, real=0.06 secs] 
4413.390: [GC (Allocation Failure) [PSYoungGen: 496480K->112224K(526848K)] 1232186K->979402K(1925120K), 0.0658021 secs] [Times: user=0.39 sys=0.00, real=0.07 secs] 
4414.949: [GC (Allocation Failure) [PSYoungGen: 470624K->152224K(510976K)] 1337802K->1130382K(1909248K), 0.0555511 secs] [Times: user=0.33 sys=0.00, real=0.06 secs] 
4416.800: [GC (Allocation Failure) [PSYoungGen: 510624K->110624K(526336K)] 1488782K->1223694K(1924608K), 0.0975070 secs] [Times: user=0.58 sys=0.00, real=0.10 secs] 
4417.924: [GC (Allocation Failure) [PSYoungGen: 462368K->144704K(496640K)] 1575438K->1365771K(1894912K), 0.0541514 secs] [Times: user=0.32 sys=0.00, real=0.05 secs] 
4419.591: [GC (GCLocker Initiated GC) [PSYoungGen: 496448K->106368K(524800K)] 1717515K->1463111K(1923072K), 0.0995958 secs] [Times: user=0.58 sys=0.00, real=0.10 secs] 
4419.691: [Full GC (Ergonomics) [PSYoungGen: 106368K->0K(524800K)] [ParOldGen: 1356743K->28153K(1398272K)] 1463111K->28153K(1923072K), [Metaspace: 60448K->60448K(1105920K)], 0.0623559 secs] [Times: user=0.24 sys=0.00, real=0.07 secs] 
4420.320: [GC (Allocation Failure) [PSYoungGen: 349696K->143520K(493568K)] 377852K->171676K(1891840K), 0.0297349 secs] [Times: user=0.15 sys=0.00, real=0.03 secs] 
4422.309: [GC (Allocation Failure) [PSYoungGen: 493216K->108512K(524800K)] 521372K->270956K(1923072K), 0.1567629 secs] [Times: user=0.93 sys=0.01, real=0.16 secs] 
4423.355: [GC (Allocation Failure) [PSYoungGen: 457184K->144960K(494080K)] 619628K->413710K(1892352K), 0.0566601 secs] [Times: user=0.33 sys=0.00, real=0.05 secs] 
4425.133: [GC (Allocation Failure) [PSYoungGen: 493632K->105952K(523776K)] 762382K->511294K(1922048K), 0.0660232 secs] [Times: user=0.39 sys=0.00, real=0.06 secs] 
4426.231: [GC (Allocation Failure) [PSYoungGen: 453088K->143232K(490496K)] 858430K->651570K(1888768K), 0.0524544 secs] [Times: user=0.31 sys=0.00, real=0.06 secs] 
4427.765: [GC (Allocation Failure) [PSYoungGen: 490368K->105792K(523264K)] 998706K->748043K(1921536K), 0.0910414 secs] [Times: user=0.54 sys=0.00, real=0.09 secs] 
4428.661: [GC (Allocation Failure) [PSYoungGen: 451904K->142560K(521728K)] 1094155K->887519K(1920000K), 0.0517752 secs] [Times: user=0.30 sys=0.00, real=0.06 secs] 
4430.246: [GC (Allocation Failure) [PSYoungGen: 488672K->108224K(520704K)] 1233631K->986207K(1918976K), 0.0846984 secs] [Times: user=0.50 sys=0.00, real=0.08 secs] 
4432.220: [GC (Allocation Failure) [PSYoungGen: 454336K->141120K(521216K)] 1332319K->1124452K(1919488K), 0.0532374 secs] [Times: user=0.31 sys=0.00, real=0.06 secs] 
4433.629: [GC (GCLocker Initiated GC) [PSYoungGen: 487232K->107744K(521728K)] 1470564K->1222604K(1920000K), 0.0656520 secs] [Times: user=0.38 sys=0.00, real=0.07 secs] 
4434.481: [GC (GCLocker Initiated GC) [PSYoungGen: 455392K->137760K(522240K)] 1570257K->1357910K(1920512K), 0.0531734 secs] [Times: user=0.32 sys=0.00, real=0.06 secs] 
4435.994: [GC (Allocation Failure) [PSYoungGen: 485408K->111840K(519168K)] 1705597K->1459769K(1917440K), 0.0970275 secs] [Times: user=0.58 sys=0.01, real=0.09 secs] 
4436.091: [Full GC (Ergonomics) [PSYoungGen: 111840K->0K(519168K)] [ParOldGen: 1347929K->26601K(1398272K)] 1459769K->26601K(1917440K), [Metaspace: 60448K->60448K(1105920K)], 0.0585869 secs] [Times: user=0.18 sys=0.00, real=0.06 secs] 
4437.143: [GC (Allocation Failure) [PSYoungGen: 349696K->142400K(521728K)] 376297K->169001K(1920000K), 0.0286407 secs] [Times: user=0.17 sys=0.00, real=0.03 secs] 
4438.708: [GC (Allocation Failure) [PSYoungGen: 492096K->109760K(524800K)] 518697K->269289K(1923072K), 0.0985958 secs] [Times: user=0.58 sys=0.00, real=0.10 secs] 
4439.886: [GC (Allocation Failure) [PSYoungGen: 462528K->143328K(524800K)] 622057K->410542K(1923072K), 0.0533669 secs] [Times: user=0.32 sys=0.00, real=0.05 secs] 
4441.266: [GC (Allocation Failure) [PSYoungGen: 496096K->108224K(525312K)] 763310K->509578K(1923584K), 0.0772284 secs] [Times: user=0.45 sys=0.01, real=0.08 secs] 
4442.155: [GC (GCLocker Initiated GC) [PSYoungGen: 460480K->144800K(497152K)] 861834K->650999K(1895424K), 0.0526577 secs] [Times: user=0.32 sys=0.00, real=0.05 secs] 
4443.566: [GC (Allocation Failure) [PSYoungGen: 497056K->110176K(525824K)] 1003257K->751593K(1924096K), 0.0833986 secs] [Times: user=0.50 sys=0.00, real=0.08 secs] 
4444.440: [GC (Allocation Failure) [PSYoungGen: 460896K->144832K(495616K)] 1102313K->894030K(1893888K), 0.0536246 secs] [Times: user=0.32 sys=0.00, real=0.06 secs] 
4446.268: [GC (Allocation Failure) [PSYoungGen: 495552K->106720K(524800K)] 1244750K->991578K(1923072K), 0.0909513 secs] [Times: user=0.54 sys=0.00, real=0.09 secs] 
4447.604: [GC (Allocation Failure) [PSYoungGen: 455904K->152096K(501760K)] 1340762K->1140995K(1900032K), 0.0537367 secs] [Times: user=0.31 sys=0.00, real=0.05 secs] 
4449.106: [GC (Allocation Failure) [PSYoungGen: 501280K->108704K(521216K)] 1490181K->1232381K(1919488K), 0.0725186 secs] [Times: user=0.43 sys=0.00, real=0.07 secs] 
4450.080: [GC (Allocation Failure) [PSYoungGen: 450720K->139648K(519680K)] 1574397K->1368730K(1917952K), 0.0531530 secs] [Times: user=0.31 sys=0.00, real=0.06 secs] 
4451.581: [GC (Allocation Failure) [PSYoungGen: 481664K->105664K(519680K)] 1710746K->1464790K(1917952K), 0.0673822 secs] [Times: user=0.40 sys=0.00, real=0.07 secs] 
4451.648: [Full GC (Ergonomics) [PSYoungGen: 105664K->0K(519680K)] [ParOldGen: 1359126K->32137K(1398272K)] 1464790K->32137K(1917952K), [Metaspace: 60448K->60448K(1105920K)], 0.0578452 secs] [Times: user=0.20 sys=0.00, real=0.06 secs] 
4453.135: [GC (Allocation Failure) [PSYoungGen: 343552K->139104K(519680K)] 375689K->171241K(1917952K), 0.0281176 secs] [Times: user=0.16 sys=0.00, real=0.03 secs] 
4454.590: [GC (Allocation Failure) [PSYoungGen: 482656K->109472K(518656K)] 514793K->271313K(1916928K), 0.0739078 secs] [Times: user=0.44 sys=0.01, real=0.08 secs] 
4455.839: [GC (Allocation Failure) [PSYoungGen: 456096K->142112K(520704K)] 617937K->411181K(1918976K), 0.0529445 secs] [Times: user=0.31 sys=0.00, real=0.06 secs] 
4457.179: [GC (Allocation Failure) [PSYoungGen: 488736K->106976K(523264K)] 757805K->509326K(1921536K), 0.0790021 secs] [Times: user=0.47 sys=0.00, real=0.08 secs] 
4458.026: [GC (Allocation Failure) [PSYoungGen: 456160K->145344K(494592K)] 858510K->651762K(1892864K), 0.0531900 secs] [Times: user=0.32 sys=0.00, real=0.05 secs] 
4459.372: [GC (Allocation Failure) [PSYoungGen: 494528K->106080K(523264K)] 1000946K->748618K(1921536K), 0.0887466 secs] [Times: user=0.53 sys=0.00, real=0.08 secs] 
4460.348: [GC (GCLocker Initiated GC) [PSYoungGen: 452192K->141856K(521728K)] 1094732K->889093K(1920000K), 0.0576919 secs] [Times: user=0.34 sys=0.00, real=0.06 secs] 
4463.062: [GC (Allocation Failure) [PSYoungGen: 487968K->106368K(521216K)] 1235205K->986605K(1919488K), 0.1535289 secs] [Times: user=0.92 sys=0.00, real=0.15 secs] 
4464.019: [GC (Allocation Failure) [PSYoungGen: 452992K->142272K(521728K)] 1333229K->1126433K(1920000K), 0.0540406 secs] [Times: user=0.32 sys=0.00, real=0.06 secs] 
4465.732: [GC (GCLocker Initiated GC) [PSYoungGen: 488896K->107072K(522240K)] 1473057K->1224329K(1920512K), 0.1091999 secs] [Times: user=0.64 sys=0.01, real=0.11 secs] 
4466.445: [GC (Allocation Failure) [PSYoungGen: 454208K->142080K(522240K)] 1571536K->1364008K(1920512K), 0.0544766 secs] [Times: user=0.32 sys=0.00, real=0.05 secs] 
4467.983: [GC (GCLocker Initiated GC) [PSYoungGen: 489216K->107136K(521216K)] 1711145K->1462137K(1919488K), 0.1068865 secs] [Times: user=0.63 sys=0.01, real=0.10 secs] 
4468.090: [Full GC (Ergonomics) [PSYoungGen: 107136K->0K(521216K)] [ParOldGen: 1355001K->28544K(1398272K)] 1462137K->28544K(1919488K), [Metaspace: 60448K->60448K(1105920K)], 0.0659279 secs] [Times: user=0.23 sys=0.00, real=0.07 secs] 
4469.676: [GC (Allocation Failure) [PSYoungGen: 347136K->149056K(496640K)] 375719K->177639K(1894912K), 0.0282208 secs] [Times: user=0.16 sys=0.00, real=0.03 secs] 
4471.445: [GC (GCLocker Initiated GC) [PSYoungGen: 496192K->108800K(522240K)] 524776K->269140K(1920512K), 0.0774815 secs] [Times: user=0.45 sys=0.00, real=0.08 secs] 
4472.678: [GC (Allocation Failure) [PSYoungGen: 452352K->136256K(480256K)] 612763K->403320K(1878528K), 0.0520380 secs] [Times: user=0.30 sys=0.00, real=0.05 secs] 
4474.182: [GC (Allocation Failure) [PSYoungGen: 479808K->110464K(521216K)] 746872K->504032K(1919488K), 0.0886570 secs] [Times: user=0.52 sys=0.00, real=0.08 secs] 
4475.139: [GC (Allocation Failure) [PSYoungGen: 456064K->139488K(519168K)] 849632K->640537K(1917440K), 0.0531698 secs] [Times: user=0.31 sys=0.00, real=0.06 secs] 
4476.543: [GC (Allocation Failure) [PSYoungGen: 485088K->110144K(522752K)] 986138K->741142K(1921024K), 0.0646512 secs] [Times: user=0.38 sys=0.00, real=0.06 secs] 
4478.367: [GC (Allocation Failure) [PSYoungGen: 461376K->139648K(523264K)] 1092374K->878875K(1921536K), 0.0538351 secs] [Times: user=0.31 sys=0.00, real=0.06 secs] 
4479.720: [GC (GCLocker Initiated GC) [PSYoungGen: 490880K->112096K(522752K)] 1230108K->981504K(1921024K), 0.0647344 secs] [Times: user=0.38 sys=0.00, real=0.07 secs] 
4480.627: [GC (Allocation Failure) [PSYoungGen: 465888K->143840K(524288K)] 1335299K->1123112K(1922560K), 0.0542053 secs] [Times: user=0.32 sys=0.01, real=0.05 secs] 
4482.030: [GC (Allocation Failure) [PSYoungGen: 497632K->110912K(526336K)] 1476904K->1224696K(1924608K), 0.0683969 secs] [Times: user=0.40 sys=0.00, real=0.07 secs] 
4482.980: [GC (Allocation Failure) [PSYoungGen: 465728K->151904K(506880K)] 1579512K->1373838K(1905152K), 0.0562686 secs] [Times: user=0.33 sys=0.00, real=0.06 secs] 
4484.690: [GC (Allocation Failure) [PSYoungGen: 506720K->110976K(524288K)] 1728654K->1467054K(1922560K), 0.1113749 secs] [Times: user=0.67 sys=0.00, real=0.12 secs] 
4484.802: [Full GC (Ergonomics) [PSYoungGen: 110976K->0K(524288K)] [ParOldGen: 1356077K->33363K(1398272K)] 1467054K->33363K(1922560K), [Metaspace: 60448K->60448K(1105920K)], 0.0868092 secs] [Times: user=0.34 sys=0.00, real=0.08 secs] 
4485.783: [GC (Allocation Failure) [PSYoungGen: 347648K->144544K(522240K)] 381011K->177907K(1920512K), 0.0288247 secs] [Times: user=0.17 sys=0.00, real=0.03 secs] 
4487.580: [GC (Allocation Failure) [PSYoungGen: 492192K->105088K(523264K)] 525555K->274463K(1921536K), 0.0839466 secs] [Times: user=0.50 sys=0.00, real=0.09 secs] 
4488.623: [GC (Allocation Failure) [PSYoungGen: 451712K->145152K(492032K)] 621087K->415880K(1890304K), 0.0509505 secs] [Times: user=0.30 sys=0.00, real=0.05 secs] 
4490.240: [GC (Allocation Failure) [PSYoungGen: 491776K->104320K(522240K)] 762504K->511540K(1920512K), 0.1098959 secs] [Times: user=0.65 sys=0.00, real=0.11 secs] 
4490.994: [GC (Allocation Failure) [PSYoungGen: 448896K->142528K(487424K)] 856116K->651184K(1885696K), 0.0517353 secs] [Times: user=0.31 sys=0.00, real=0.05 secs] 
4492.807: [GC (Allocation Failure) [PSYoungGen: 487104K->106496K(522240K)] 995760K->748240K(1920512K), 0.1051462 secs] [Times: user=0.62 sys=0.01, real=0.11 secs] 
4494.213: [GC (Allocation Failure) [PSYoungGen: 450560K->142816K(520704K)] 1092304K->888029K(1918976K), 0.0525241 secs] [Times: user=0.31 sys=0.00, real=0.05 secs] 
4495.532: [GC (Allocation Failure) [PSYoungGen: 486880K->104416K(520704K)] 1232093K->983493K(1918976K), 0.0659256 secs] [Times: user=0.39 sys=0.01, real=0.06 secs] 
4496.217: [GC (Allocation Failure) [PSYoungGen: 448480K->141952K(520704K)] 1327557K->1123166K(1918976K), 0.0526143 secs] [Times: user=0.31 sys=0.00, real=0.05 secs] 
4497.672: [GC (GCLocker Initiated GC) [PSYoungGen: 486016K->104672K(520704K)] 1467231K->1218343K(1918976K), 0.0765106 secs] [Times: user=0.45 sys=0.00, real=0.07 secs] 
4498.550: [GC (Allocation Failure) [PSYoungGen: 448736K->141088K(520704K)] 1562478K->1357523K(1918976K), 0.0536010 secs] [Times: user=0.32 sys=0.00, real=0.06 secs] 
4500.413: [GC (Allocation Failure) [PSYoungGen: 485152K->107040K(519168K)] 1701587K->1455587K(1917440K), 0.1681597 secs] [Times: user=1.00 sys=0.00, real=0.17 secs] 
4500.581: [Full GC (Ergonomics) [PSYoungGen: 107040K->0K(519168K)] [ParOldGen: 1348547K->22787K(1398272K)] 1455587K->22787K(1917440K), [Metaspace: 60455K->60455K(1105920K)], 0.0561729 secs] [Times: user=0.16 sys=0.00, real=0.05 secs] 
4502.835: [GC (Allocation Failure) [PSYoungGen: 344576K->135584K(520192K)] 367363K->158371K(1918464K), 0.0270566 secs] [Times: user=0.15 sys=0.00, real=0.03 secs] 
4504.147: [GC (Allocation Failure) [PSYoungGen: 480160K->110304K(519168K)] 502947K->259163K(1917440K), 0.0635972 secs] [Times: user=0.38 sys=0.01, real=0.06 secs] 
4504.865: [GC (Allocation Failure) [PSYoungGen: 458976K->138592K(521216K)] 607835K->396111K(1919488K), 0.0524379 secs] [Times: user=0.31 sys=0.00, real=0.05 secs] 
4506.217: [GC (Allocation Failure) [PSYoungGen: 487264K->111808K(521728K)] 744783K->497943K(1920000K), 0.0635825 secs] [Times: user=0.38 sys=0.00, real=0.06 secs] 
4507.207: [GC (Allocation Failure) [PSYoungGen: 465088K->149024K(523776K)] 851223K->645824K(1922048K), 0.0539782 secs] [Times: user=0.32 sys=0.00, real=0.06 secs] 
4508.879: [GC (Allocation Failure) [PSYoungGen: 502304K->111776K(525824K)] 999104K->739816K(1924096K), 0.0972947 secs] [Times: user=0.57 sys=0.00, real=0.10 secs] 
4510.542: [GC (Allocation Failure) [PSYoungGen: 462496K->139968K(523776K)] 1090536K->877693K(1922048K), 0.0539035 secs] [Times: user=0.31 sys=0.00, real=0.05 secs] 
4511.974: [GC (Allocation Failure) [PSYoungGen: 490688K->110880K(523264K)] 1228413K->979433K(1921536K), 0.0657702 secs] [Times: user=0.38 sys=0.00, real=0.06 secs] 
4513.261: [GC (Allocation Failure) [PSYoungGen: 463136K->141888K(523776K)] 1331689K->1119230K(1922048K), 0.0538320 secs] [Times: user=0.32 sys=0.00, real=0.06 secs] 
4514.811: [GC (Allocation Failure) [PSYoungGen: 494144K->109472K(525824K)] 1471486K->1219670K(1924096K), 0.0758897 secs] [Times: user=0.45 sys=0.01, real=0.08 secs] 
4516.428: [GC (GCLocker Initiated GC) [PSYoungGen: 463776K->143008K(497664K)] 1573976K->1361059K(1895936K), 0.0540447 secs] [Times: user=0.32 sys=0.01, real=0.06 secs] 
4518.500: [GC (Allocation Failure) [PSYoungGen: 497312K->110272K(527360K)] 1716388K->1463404K(1925632K), 0.0715788 secs] [Times: user=0.43 sys=0.00, real=0.08 secs] 
4518.571: [Full GC (Ergonomics) [PSYoungGen: 110272K->0K(527360K)] [ParOldGen: 1353132K->29896K(1398272K)] 1463404K->29896K(1925632K), [Metaspace: 60455K->60455K(1105920K)], 0.0510203 secs] [Times: user=0.16 sys=0.00, real=0.05 secs] 
4519.584: [GC (Allocation Failure) [PSYoungGen: 353792K->144672K(498688K)] 383688K->174568K(1896960K), 0.0288049 secs] [Times: user=0.17 sys=0.00, real=0.03 secs] 
4521.215: [GC (GCLocker Initiated GC) [PSYoungGen: 498464K->107808K(525824K)] 528360K->273052K(1924096K), 0.1242106 secs] [Times: user=0.74 sys=0.00, real=0.12 secs] 
4522.256: [GC (Allocation Failure) [PSYoungGen: 459552K->144768K(496640K)] 624799K->415595K(1894912K), 0.0528716 secs] [Times: user=0.31 sys=0.01, real=0.05 secs] 
4524.020: [GC (Allocation Failure) [PSYoungGen: 496512K->108544K(525312K)] 767339K->514779K(1923584K), 0.1611216 secs] [Times: user=0.96 sys=0.01, real=0.16 secs] 
4525.430: [GC (Allocation Failure) [PSYoungGen: 458240K->144192K(494080K)] 864475K->655487K(1892352K), 0.0521690 secs] [Times: user=0.31 sys=0.00, real=0.06 secs] 
4527.321: [GC (Allocation Failure) [PSYoungGen: 493888K->106016K(524288K)] 1005183K->752388K(1922560K), 0.0977048 secs] [Times: user=0.58 sys=0.00, real=0.10 secs] 
4528.217: [GC (GCLocker Initiated GC) [PSYoungGen: 454176K->143104K(491520K)] 1100548K->892233K(1889792K), 0.0528258 secs] [Times: user=0.31 sys=0.00, real=0.05 secs] 
4529.899: [GC (Allocation Failure) [PSYoungGen: 491264K->107072K(524288K)] 1240396K->989716K(1922560K), 0.1339198 secs] [Times: user=0.80 sys=0.00, real=0.14 secs] 
4531.717: [GC (Allocation Failure) [PSYoungGen: 454720K->165856K(513536K)] 1337364K->1152917K(1911808K), 0.0551532 secs] [Times: user=0.32 sys=0.00, real=0.06 secs] 
4533.217: [GC (Allocation Failure) [PSYoungGen: 513504K->109216K(516096K)] 1500565K->1228097K(1914368K), 0.0796229 secs] [Times: user=0.47 sys=0.00, real=0.08 secs] 
4534.408: [GC (Allocation Failure) [PSYoungGen: 440480K->137504K(468992K)] 1559361K->1362637K(1867264K), 0.0544503 secs] [Times: user=0.32 sys=0.00, real=0.06 secs] 
4535.805: [GC (Allocation Failure) [PSYoungGen: 468768K->101696K(513536K)] 1693901K->1455229K(1911808K), 0.0645030 secs] [Times: user=0.38 sys=0.00, real=0.06 secs] 
4535.870: [Full GC (Ergonomics) [PSYoungGen: 101696K->0K(513536K)] [ParOldGen: 1353533K->20988K(1398272K)] 1455229K->20988K(1911808K), [Metaspace: 60455K->60455K(1105920K)], 0.0315009 secs] [Times: user=0.09 sys=0.00, real=0.04 secs] 
4537.070: [GC (Allocation Failure) [PSYoungGen: 332288K->133280K(512512K)] 353276K->154268K(1910784K), 0.0269434 secs] [Times: user=0.16 sys=0.00, real=0.03 secs] 
4538.392: [GC (Allocation Failure) [PSYoungGen: 465568K->112544K(516096K)] 486556K->257020K(1914368K), 0.0633224 secs] [Times: user=0.38 sys=0.00, real=0.06 secs] 
4539.597: [GC (Allocation Failure) [PSYoungGen: 452512K->128384K(515072K)] 596988K->384915K(1913344K), 0.0533943 secs] [Times: user=0.32 sys=0.01, real=0.05 secs] 
4541.309: [GC (Allocation Failure) [PSYoungGen: 468352K->119232K(520192K)] 724883K->494683K(1918464K), 0.0632309 secs] [Times: user=0.37 sys=0.00, real=0.07 secs] 
4542.923: [GC (Allocation Failure) [PSYoungGen: 470464K->126496K(519168K)] 845915K->620699K(1917440K), 0.0547734 secs] [Times: user=0.32 sys=0.00, real=0.05 secs] 
4544.294: [GC (Allocation Failure) [PSYoungGen: 477728K->122432K(527360K)] 971931K->732880K(1925632K), 0.0628232 secs] [Times: user=0.37 sys=0.00, real=0.06 secs] 
4545.705: [GC (Allocation Failure) [PSYoungGen: 488000K->133920K(526336K)] 1098448K->865840K(1924608K), 0.0556152 secs] [Times: user=0.33 sys=0.00, real=0.05 secs] 
4547.076: [GC (Allocation Failure) [PSYoungGen: 499488K->5664K(505344K)] 1231408K->737648K(1903616K), 0.0027454 secs] [Times: user=0.01 sys=0.00, real=0.00 secs] 
4549.065: [GC (Allocation Failure) [PSYoungGen: 350240K->136384K(481280K)] 1082224K->872549K(1879552K), 0.0286605 secs] [Times: user=0.16 sys=0.00, real=0.03 secs] 
4550.859: [GC (Allocation Failure) [PSYoungGen: 480960K->112992K(525312K)] 1217125K->976189K(1923584K), 0.0657152 secs] [Times: user=0.40 sys=0.00, real=0.07 secs] 
4552.219: [GC (Allocation Failure) [PSYoungGen: 458592K->135168K(519168K)] 1321789K->1109546K(1917440K), 0.0538825 secs] [Times: user=0.31 sys=0.00, real=0.06 secs] 
4553.634: [GC (Allocation Failure) [PSYoungGen: 480768K->113344K(519680K)] 1455146K->1212826K(1917952K), 0.0649982 secs] [Times: user=0.39 sys=0.01, real=0.06 secs] 
4554.790: [GC (Allocation Failure) [PSYoungGen: 463552K->136000K(520192K)] 1563034K->1347929K(1918464K), 0.0549624 secs] [Times: user=0.32 sys=0.00, real=0.06 secs] 
4556.362: [GC (Allocation Failure) [PSYoungGen: 486208K->113536K(521728K)] 1698137K->1452161K(1920000K), 0.0657355 secs] [Times: user=0.39 sys=0.00, real=0.06 secs] 
4556.428: [Full GC (Ergonomics) [PSYoungGen: 113536K->0K(521728K)] [ParOldGen: 1338625K->19169K(1398272K)] 1452161K->19169K(1920000K), [Metaspace: 60471K->60471K(1105920K)], 0.0304574 secs] [Times: user=0.08 sys=0.01, real=0.03 secs] 
4557.613: [GC (Allocation Failure) [PSYoungGen: 356864K->140736K(524288K)] 376033K->159905K(1922560K), 0.0278657 secs] [Times: user=0.16 sys=0.00, real=0.02 secs] 
4559.055: [GC (Allocation Failure) [PSYoungGen: 497600K->113472K(526848K)] 516769K->263777K(1925120K), 0.0738180 secs] [Times: user=0.44 sys=0.00, real=0.07 secs] 
4560.320: [GC (Allocation Failure) [PSYoungGen: 473920K->147808K(508416K)] 624225K->409070K(1906688K), 0.0542652 secs] [Times: user=0.32 sys=0.00, real=0.06 secs] 
4562.145: [GC (Allocation Failure) [PSYoungGen: 508256K->110016K(528896K)] 769518K->510074K(1927168K), 0.0958329 secs] [Times: user=0.57 sys=0.01, real=0.09 secs] 
4563.009: [GC (Allocation Failure) [PSYoungGen: 466368K->147328K(503808K)] 866426K->654227K(1902080K), 0.0537725 secs] [Times: user=0.32 sys=0.00, real=0.06 secs] 
4565.018: [GC (Allocation Failure) [PSYoungGen: 503680K->110208K(526848K)] 1010579K->755375K(1925120K), 0.1240032 secs] [Times: user=0.73 sys=0.01, real=0.13 secs] 
4566.245: [GC (Allocation Failure) [PSYoungGen: 462464K->145760K(498176K)] 1107631K->898272K(1896448K), 0.0534839 secs] [Times: user=0.32 sys=0.00, real=0.05 secs] 
4567.789: [GC (Allocation Failure) [PSYoungGen: 498016K->109312K(525824K)] 1250528K->998420K(1924096K), 0.0669220 secs] [Times: user=0.40 sys=0.00, real=0.07 secs] 
4568.435: [GC (Allocation Failure) [PSYoungGen: 459520K->148544K(499200K)] 1348628K->1143431K(1897472K), 0.0533977 secs] [Times: user=0.32 sys=0.00, real=0.05 secs] 
4570.388: [GC (GCLocker Initiated GC) [PSYoungGen: 498752K->103360K(522752K)] 1493642K->1238099K(1921024K), 0.0907186 secs] [Times: user=0.54 sys=0.00, real=0.09 secs] 
4571.313: [GC (Allocation Failure) [PSYoungGen: 448448K->152896K(498176K)] 1583225K->1386674K(1896448K), 0.0519008 secs] [Times: user=0.30 sys=0.00, real=0.05 secs] 
4571.364: [Full GC (Ergonomics) [PSYoungGen: 152896K->0K(498176K)] [ParOldGen: 1233778K->184442K(1398272K)] 1386674K->184442K(1896448K), [Metaspace: 60471K->60471K(1105920K)], 0.4335713 secs] [Times: user=2.01 sys=0.00, real=0.43 secs] 
4573.675: [GC (Allocation Failure) [PSYoungGen: 345088K->104608K(518656K)] 529530K->289050K(1916928K), 0.0714205 secs] [Times: user=0.42 sys=0.01, real=0.07 secs] 
4575.120: [GC (GCLocker Initiated GC) [PSYoungGen: 441504K->137504K(474624K)] 625947K->422832K(1872896K), 0.0503992 secs] [Times: user=0.30 sys=0.01, real=0.05 secs] 
4576.605: [GC (Allocation Failure) [PSYoungGen: 474400K->104416K(517632K)] 759731K->517883K(1915904K), 0.0687551 secs] [Times: user=0.40 sys=0.00, real=0.07 secs] 
4577.847: [GC (Allocation Failure) [PSYoungGen: 442848K->137792K(516096K)] 856315K->652316K(1914368K), 0.0514383 secs] [Times: user=0.30 sys=0.00, real=0.05 secs] 
4579.202: [GC (Allocation Failure) [PSYoungGen: 476224K->105664K(518656K)] 990748K->748336K(1916928K), 0.0646894 secs] [Times: user=0.38 sys=0.00, real=0.06 secs] 
4580.728: [GC (Allocation Failure) [PSYoungGen: 449216K->138976K(519168K)] 1091888K->885617K(1917440K), 0.0525446 secs] [Times: user=0.31 sys=0.00, real=0.05 secs] 
4582.603: [GC (Allocation Failure) [PSYoungGen: 482528K->108576K(519680K)] 1229169K->985105K(1917952K), 0.0901214 secs] [Times: user=0.54 sys=0.01, real=0.09 secs] 
4584.046: [GC (Allocation Failure) [PSYoungGen: 455712K->140512K(521216K)] 1332241K->1124029K(1919488K), 0.0540334 secs] [Times: user=0.32 sys=0.00, real=0.05 secs] 
4585.856: [GC (Allocation Failure) [PSYoungGen: 487648K->108096K(521728K)] 1471165K->1223477K(1920000K), 0.0660531 secs] [Times: user=0.39 sys=0.00, real=0.07 secs] 
4587.158: [GC (Allocation Failure) [PSYoungGen: 457792K->140000K(522752K)] 1573173K->1361466K(1921024K), 0.0539585 secs] [Times: user=0.32 sys=0.00, real=0.06 secs] 
4588.559: [GC (Allocation Failure) [PSYoungGen: 489696K->110912K(522240K)] 1711162K->1462830K(1920512K), 0.0655479 secs] [Times: user=0.39 sys=0.00, real=0.07 secs] 
4588.624: [Full GC (Ergonomics) [PSYoungGen: 110912K->0K(522240K)] [ParOldGen: 1351918K->24260K(1398272K)] 1462830K->24260K(1920512K), [Metaspace: 60471K->60471K(1105920K)], 0.0389665 secs] [Times: user=0.10 sys=0.01, real=0.04 secs] 
4589.897: [GC (Allocation Failure) [PSYoungGen: 351232K->150144K(501760K)] 375492K->174404K(1900032K), 0.0289409 secs] [Times: user=0.17 sys=0.00, real=0.03 secs] 
4591.469: [GC (Allocation Failure) [PSYoungGen: 501376K->111232K(524288K)] 525636K->268508K(1922560K), 0.0650338 secs] [Times: user=0.39 sys=0.00, real=0.07 secs] 
4592.695: [GC (Allocation Failure) [PSYoungGen: 458880K->140736K(522240K)] 616156K->407305K(1920512K), 0.0532370 secs] [Times: user=0.31 sys=0.00, real=0.05 secs] 
4594.015: [GC (Allocation Failure) [PSYoungGen: 488384K->108064K(521216K)] 754953K->506385K(1919488K), 0.0642090 secs] [Times: user=0.38 sys=0.01, real=0.06 secs] 
4594.760: [GC (Allocation Failure) [PSYoungGen: 456736K->141824K(522240K)] 855057K->646102K(1920512K), 0.0529114 secs] [Times: user=0.31 sys=0.00, real=0.06 secs] 
4596.461: [GC (Allocation Failure) [PSYoungGen: 490496K->108416K(522752K)] 994774K->744974K(1921024K), 0.1074741 secs] [Times: user=0.64 sys=0.00, real=0.11 secs] 
4598.060: [GC (Allocation Failure) [PSYoungGen: 458624K->142176K(523264K)] 1095182K->885119K(1921536K), 0.0530742 secs] [Times: user=0.31 sys=0.00, real=0.06 secs] 
4599.715: [GC (Allocation Failure) [PSYoungGen: 492384K->108960K(523776K)] 1235327K->984791K(1922048K), 0.1075221 secs] [Times: user=0.64 sys=0.00, real=0.11 secs] 
4600.518: [GC (GCLocker Initiated GC) [PSYoungGen: 459680K->141568K(523776K)] 1335514K->1124499K(1922048K), 0.0532624 secs] [Times: user=0.32 sys=0.00, real=0.06 secs] 
4602.106: [GC (Allocation Failure) [PSYoungGen: 492288K->108096K(524288K)] 1475220K->1223364K(1922560K), 0.0833412 secs] [Times: user=0.50 sys=0.00, real=0.08 secs] 
4603.173: [GC (Allocation Failure) [PSYoungGen: 459328K->143008K(494592K)] 1574596K->1363416K(1892864K), 0.0528407 secs] [Times: user=0.31 sys=0.00, real=0.05 secs] 
4605.345: [GC (Allocation Failure) [PSYoungGen: 494240K->107456K(525824K)] 1714648K->1461377K(1924096K), 0.1570123 secs] [Times: user=0.93 sys=0.00, real=0.16 secs] 
4605.502: [Full GC (Ergonomics) [PSYoungGen: 107456K->0K(525824K)] [ParOldGen: 1353920K->28752K(1398272K)] 1461377K->28752K(1924096K), [Metaspace: 60471K->60471K(1105920K)], 0.0773241 secs] [Times: user=0.27 sys=0.00, real=0.07 secs] 
4607.815: [GC (Allocation Failure) [PSYoungGen: 350720K->143392K(494592K)] 379472K->172144K(1892864K), 0.0284090 secs] [Times: user=0.17 sys=0.00, real=0.03 secs] 
4609.319: [GC (Allocation Failure) [PSYoungGen: 494112K->108128K(525312K)] 522864K->271184K(1923584K), 0.0834371 secs] [Times: user=0.50 sys=0.00, real=0.09 secs] 
4610.617: [GC (Allocation Failure) [PSYoungGen: 457824K->142944K(523264K)] 620880K->411077K(1921536K), 0.0527508 secs] [Times: user=0.31 sys=0.00, real=0.05 secs] 
4612.197: [GC (Allocation Failure) [PSYoungGen: 492640K->108288K(523264K)] 760773K->509857K(1921536K), 0.0648275 secs] [Times: user=0.39 sys=0.00, real=0.07 secs] 
4613.114: [GC (GCLocker Initiated GC) [PSYoungGen: 457984K->143584K(493568K)] 859553K->651837K(1891840K), 0.0532839 secs] [Times: user=0.31 sys=0.00, real=0.05 secs] 
4614.573: [GC (Allocation Failure) [PSYoungGen: 493280K->106944K(524800K)] 1001535K->749591K(1923072K), 0.0918600 secs] [Times: user=0.54 sys=0.00, real=0.09 secs] 
4616.233: [GC (Allocation Failure) [PSYoungGen: 455616K->144224K(493056K)] 1098263K->890976K(1891328K), 0.0520792 secs] [Times: user=0.31 sys=0.00, real=0.05 secs] 
4617.564: [GC (GCLocker Initiated GC) [PSYoungGen: 492896K->106176K(523776K)] 1239648K->988160K(1922048K), 0.0691312 secs] [Times: user=0.41 sys=0.00, real=0.07 secs] 
4618.698: [GC (Allocation Failure) [PSYoungGen: 453312K->150272K(497664K)] 1335335K->1135243K(1895936K), 0.0528859 secs] [Times: user=0.31 sys=0.00, real=0.06 secs] 
4620.203: [GC (Allocation Failure) [PSYoungGen: 497408K->107968K(521216K)] 1482379K->1225912K(1919488K), 0.0659510 secs] [Times: user=0.39 sys=0.00, real=0.06 secs] 
4621.758: [GC (Allocation Failure) [PSYoungGen: 449472K->138048K(479744K)] 1567416K->1361376K(1878016K), 0.0531386 secs] [Times: user=0.31 sys=0.00, real=0.06 secs] 
4623.378: [GC (GCLocker Initiated GC) [PSYoungGen: 479552K->107456K(520704K)] 1702880K->1459440K(1918976K), 0.0960931 secs] [Times: user=0.56 sys=0.00, real=0.10 secs] 
4623.474: [Full GC (Ergonomics) [PSYoungGen: 107456K->0K(520704K)] [ParOldGen: 1351984K->24277K(1398272K)] 1459440K->24277K(1918976K), [Metaspace: 60472K->60472K(1105920K)], 0.0487965 secs] [Times: user=0.15 sys=0.00, real=0.05 secs] 
4624.712: [GC (Allocation Failure) [PSYoungGen: 343552K->140608K(518656K)] 367867K->164923K(1916928K), 0.0282281 secs] [Times: user=0.16 sys=0.00, real=0.02 secs] 
4626.068: [GC (Allocation Failure) [PSYoungGen: 484160K->107584K(521728K)] 508475K->263547K(1920000K), 0.0659717 secs] [Times: user=0.39 sys=0.00, real=0.07 secs] 
4627.099: [GC (Allocation Failure) [PSYoungGen: 455232K->139616K(522240K)] 611195K->400864K(1920512K), 0.0521493 secs] [Times: user=0.30 sys=0.00, real=0.05 secs] 
4628.516: [GC (Allocation Failure) [PSYoungGen: 487264K->110176K(520704K)] 748512K->501600K(1918976K), 0.0645641 secs] [Times: user=0.38 sys=0.00, real=0.06 secs] 
4629.806: [GC (Allocation Failure) [PSYoungGen: 459360K->139872K(522240K)] 850784K->640113K(1920512K), 0.0537045 secs] [Times: user=0.32 sys=0.00, real=0.05 secs] 
4631.964: [GC (Allocation Failure) [PSYoungGen: 489056K->110336K(522240K)] 989297K->741421K(1920512K), 0.0674984 secs] [Times: user=0.40 sys=0.00, real=0.06 secs] 
4632.992: [GC (Allocation Failure) [PSYoungGen: 462592K->143840K(523776K)] 1093677K->883602K(1922048K), 0.0547432 secs] [Times: user=0.32 sys=0.00, real=0.05 secs] 
4634.394: [GC (Allocation Failure) [PSYoungGen: 496096K->109920K(525312K)] 1235858K->984690K(1923584K), 0.0811816 secs] [Times: user=0.48 sys=0.00, real=0.08 secs] 
4635.661: [GC (GCLocker Initiated GC) [PSYoungGen: 462688K->140544K(524800K)] 1337460K->1122913K(1923072K), 0.0543287 secs] [Times: user=0.32 sys=0.00, real=0.06 secs] 
4637.241: [GC (Allocation Failure) [PSYoungGen: 493312K->111136K(523264K)] 1475683K->1224447K(1921536K), 0.0958102 secs] [Times: user=0.57 sys=0.00, real=0.10 secs] 
4639.057: [GC (Allocation Failure) [PSYoungGen: 464416K->144128K(524288K)] 1577727K->1367123K(1922560K), 0.0548549 secs] [Times: user=0.33 sys=0.00, real=0.06 secs] 
4641.897: [GC (Allocation Failure) [PSYoungGen: 497408K->106080K(526336K)] 1720403K->1463867K(1924608K), 0.0758193 secs] [Times: user=0.45 sys=0.00, real=0.08 secs] 
4641.973: [Full GC (Ergonomics) [PSYoungGen: 106080K->0K(526336K)] [ParOldGen: 1357787K->29718K(1398272K)] 1463867K->29718K(1924608K), [Metaspace: 60472K->60472K(1105920K)], 0.0493090 secs] [Times: user=0.16 sys=0.00, real=0.05 secs] 
4643.123: [GC (Allocation Failure) [PSYoungGen: 352768K->142816K(495616K)] 382486K->172535K(1893888K), 0.0283589 secs] [Times: user=0.16 sys=0.00, real=0.02 secs] 
4644.570: [GC (Allocation Failure) [PSYoungGen: 495584K->110112K(526336K)] 525303K->272787K(1924608K), 0.0821107 secs] [Times: user=0.49 sys=0.01, real=0.09 secs] 
4645.253: [GC (Allocation Failure) [PSYoungGen: 461856K->145312K(497152K)] 624531K->415211K(1895424K), 0.0532619 secs] [Times: user=0.31 sys=0.00, real=0.05 secs] 
4647.303: [GC (Allocation Failure) [PSYoungGen: 497056K->107296K(524800K)] 766955K->513087K(1923072K), 0.1678052 secs] [Times: user=1.00 sys=0.00, real=0.16 secs] 
4648.454: [GC (Allocation Failure) [PSYoungGen: 456480K->145888K(495104K)] 862271K->656979K(1893376K), 0.0531591 secs] [Times: user=0.31 sys=0.00, real=0.05 secs] 
4650.129: [GC (Allocation Failure) [PSYoungGen: 495072K->104352K(523264K)] 1006163K->752687K(1921536K), 0.1185653 secs] [Times: user=0.70 sys=0.00, real=0.12 secs] 
4651.240: [GC (Allocation Failure) [PSYoungGen: 450976K->150560K(497664K)] 1099311K->900132K(1895936K), 0.0521533 secs] [Times: user=0.30 sys=0.00, real=0.06 secs] 
4652.687: [GC (Allocation Failure) [PSYoungGen: 497184K->107488K(520704K)] 1246756K->990188K(1918976K), 0.0714049 secs] [Times: user=0.42 sys=0.01, real=0.07 secs] 
4653.691: [GC (Allocation Failure) [PSYoungGen: 447968K->141728K(518656K)] 1330668K->1129963K(1916928K), 0.0533609 secs] [Times: user=0.31 sys=0.01, real=0.06 secs] 
4656.705: [GC (Allocation Failure) [PSYoungGen: 482208K->103584K(518656K)] 1470443K->1224955K(1916928K), 0.0722979 secs] [Times: user=0.43 sys=0.00, real=0.07 secs] 
4658.581: [GC (Allocation Failure) [PSYoungGen: 445088K->136544K(519168K)] 1566459K->1359144K(1917440K), 0.0516143 secs] [Times: user=0.30 sys=0.00, real=0.06 secs] 
4659.950: [GC (Allocation Failure) [PSYoungGen: 478048K->108128K(517120K)] 1700648K->1457752K(1915392K), 0.0638023 secs] [Times: user=0.38 sys=0.00, real=0.07 secs] 
4660.013: [Full GC (Ergonomics) [PSYoungGen: 108128K->0K(517120K)] [ParOldGen: 1349624K->22036K(1398272K)] 1457752K->22036K(1915392K), [Metaspace: 60473K->60473K(1105920K)], 0.0328692 secs] [Times: user=0.10 sys=0.00, real=0.03 secs] 
4661.021: [GC (Allocation Failure) [PSYoungGen: 344064K->137760K(519168K)] 366100K->159796K(1917440K), 0.0277895 secs] [Times: user=0.16 sys=0.00, real=0.03 secs] 
4662.448: [GC (Allocation Failure) [PSYoungGen: 481824K->111296K(518656K)] 503860K->261573K(1916928K), 0.0682054 secs] [Times: user=0.40 sys=0.00, real=0.07 secs] 
4664.352: [GC (Allocation Failure) [PSYoungGen: 459968K->137088K(521216K)] 610245K->396965K(1919488K), 0.0535493 secs] [Times: user=0.31 sys=0.01, real=0.05 secs] 
4665.795: [GC (Allocation Failure) [PSYoungGen: 485760K->112672K(521216K)] 745637K->500213K(1919488K), 0.0686863 secs] [Times: user=0.41 sys=0.00, real=0.07 secs] 
4666.737: [GC (Allocation Failure) [PSYoungGen: 466464K->143744K(523776K)] 854005K->642374K(1922048K), 0.0540219 secs] [Times: user=0.32 sys=0.00, real=0.05 secs] 
4668.367: [GC (GCLocker Initiated GC) [PSYoungGen: 497536K->111072K(526848K)] 996167K->744431K(1925120K), 0.0650915 secs] [Times: user=0.39 sys=0.01, real=0.07 secs] 
4669.700: [GC (Allocation Failure) [PSYoungGen: 466912K->141600K(526336K)] 1100274K->883831K(1924608K), 0.0533865 secs] [Times: user=0.32 sys=0.00, real=0.06 secs] 
4671.161: [GC (Allocation Failure) [PSYoungGen: 497440K->114016K(525824K)] 1239671K->988039K(1924096K), 0.0702933 secs] [Times: user=0.41 sys=0.00, real=0.08 secs] 
4672.015: [GC (Allocation Failure) [PSYoungGen: 470368K->147168K(503808K)] 1344391K->1132915K(1902080K), 0.0558929 secs] [Times: user=0.32 sys=0.00, real=0.05 secs] 
4674.766: [GC (GCLocker Initiated GC) [PSYoungGen: 503520K->107808K(526848K)] 1489267K->1231595K(1925120K), 0.0919271 secs] [Times: user=0.54 sys=0.00, real=0.09 secs] 
4675.554: [GC (Allocation Failure) [PSYoungGen: 461088K->146400K(499712K)] 1584914K->1374883K(1897984K), 0.0539440 secs] [Times: user=0.32 sys=0.01, real=0.05 secs] 
4677.036: [GC (Allocation Failure) [PSYoungGen: 498618K->108032K(524800K)] 1727101K->1473715K(1923072K), 0.0677774 secs] [Times: user=0.40 sys=0.01, real=0.07 secs] 
4677.104: [Full GC (Ergonomics) [PSYoungGen: 108032K->0K(524800K)] [ParOldGen: 1365683K->41068K(1398272K)] 1473715K->41068K(1923072K), [Metaspace: 60473K->60473K(1105920K)], 0.0773341 secs] [Times: user=0.29 sys=0.00, real=0.08 secs] 
4678.016: [GC (Allocation Failure) [PSYoungGen: 349696K->145088K(495104K)] 390764K->186156K(1893376K), 0.0286313 secs] [Times: user=0.16 sys=0.01, real=0.03 secs] 
4679.874: [GC (Allocation Failure) [PSYoungGen: 494784K->107168K(523776K)] 535852K->283881K(1922048K), 0.0867475 secs] [Times: user=0.52 sys=0.00, real=0.08 secs] 
4680.725: [GC (GCLocker Initiated GC) [PSYoungGen: 454816K->145952K(494080K)] 631529K->427203K(1892352K), 0.0525196 secs] [Times: user=0.31 sys=0.00, real=0.05 secs] 
4682.401: [GC (Allocation Failure) [PSYoungGen: 493600K->105856K(522752K)] 774854K->524614K(1921024K), 0.0781220 secs] [Times: user=0.47 sys=0.00, real=0.08 secs] 
4683.662: [GC (Allocation Failure) [PSYoungGen: 450944K->144576K(489984K)] 869702K->664955K(1888256K), 0.0513175 secs] [Times: user=0.30 sys=0.00, real=0.05 secs] 
4685.457: [GC (Allocation Failure) [PSYoungGen: 489664K->105440K(521728K)] 1010043K->761371K(1920000K), 0.1171272 secs] [Times: user=0.69 sys=0.00, real=0.12 secs] 
4686.406: [GC (Allocation Failure) [PSYoungGen: 448992K->141152K(520704K)] 1104923K->899455K(1918976K), 0.0513129 secs] [Times: user=0.30 sys=0.00, real=0.05 secs] 
4688.172: [GC (GCLocker Initiated GC) [PSYoungGen: 484704K->106592K(519168K)] 1243007K->996215K(1917440K), 0.0681731 secs] [Times: user=0.41 sys=0.00, real=0.06 secs] 
4689.367: [GC (GCLocker Initiated GC) [PSYoungGen: 450656K->140864K(520192K)] 1340281K->1134314K(1918464K), 0.0521245 secs] [Times: user=0.31 sys=0.00, real=0.05 secs] 
4690.891: [GC (Allocation Failure) [PSYoungGen: 484928K->107424K(519680K)] 1478449K->1232409K(1917952K), 0.0881529 secs] [Times: user=0.52 sys=0.00, real=0.09 secs] 
4692.220: [GC (Allocation Failure) [PSYoungGen: 453024K->140928K(520704K)] 1578009K->1370178K(1918976K), 0.0526651 secs] [Times: user=0.31 sys=0.00, real=0.06 secs] 
4693.695: [GC (GCLocker Initiated GC) [PSYoungGen: 486528K->105440K(521728K)] 1715780K->1466416K(1920000K), 0.0691681 secs] [Times: user=0.41 sys=0.00, real=0.07 secs] 
4693.764: [Full GC (Ergonomics) [PSYoungGen: 105440K->0K(521728K)] [ParOldGen: 1360976K->30913K(1398272K)] 1466416K->30913K(1920000K), [Metaspace: 60473K->60473K(1105920K)], 0.0533383 secs] [Times: user=0.19 sys=0.00, real=0.05 secs] 
4694.663: [GC (Allocation Failure) [PSYoungGen: 347648K->143264K(522240K)] 378632K->174248K(1920512K), 0.0288524 secs] [Times: user=0.17 sys=0.00, real=0.03 secs] 
4696.246: [GC (Allocation Failure) [PSYoungGen: 490912K->108160K(522240K)] 521896K->273072K(1920512K), 0.0697533 secs] [Times: user=0.41 sys=0.00, real=0.07 secs] 
4697.869: [GC (GCLocker Initiated GC) [PSYoungGen: 455808K->142112K(522240K)] 620722K->413002K(1920512K), 0.0524937 secs] [Times: user=0.31 sys=0.00, real=0.06 secs] 
4699.478: [GC (Allocation Failure) [PSYoungGen: 489760K->109440K(521728K)] 760720K->513432K(1920000K), 0.0788768 secs] [Times: user=0.46 sys=0.01, real=0.08 secs] 
4700.908: [GC (Allocation Failure) [PSYoungGen: 457600K->141184K(522240K)] 861592K->651533K(1920512K), 0.0529933 secs] [Times: user=0.31 sys=0.00, real=0.06 secs] 
4702.461: [GC (Allocation Failure) [PSYoungGen: 489344K->107488K(522240K)] 999693K->749657K(1920512K), 0.1075030 secs] [Times: user=0.63 sys=0.01, real=0.11 secs] 
4703.875: [GC (Allocation Failure) [PSYoungGen: 456672K->144736K(522752K)] 1098841K->891494K(1921024K), 0.0526595 secs] [Times: user=0.31 sys=0.00, real=0.05 secs] 
4706.808: [GC (Allocation Failure) [PSYoungGen: 493920K->106144K(523776K)] 1240678K->988730K(1922048K), 0.1147676 secs] [Times: user=0.68 sys=0.00, real=0.12 secs] 
4708.334: [GC (Allocation Failure) [PSYoungGen: 454304K->143328K(491520K)] 1336890K->1129055K(1889792K), 0.0526959 secs] [Times: user=0.31 sys=0.00, real=0.05 secs] 
4709.663: [GC (Allocation Failure) [PSYoungGen: 491488K->107104K(523776K)] 1477215K->1226659K(1922048K), 0.0662074 secs] [Times: user=0.39 sys=0.01, real=0.06 secs] 
4710.433: [GC (Allocation Failure) [PSYoungGen: 454240K->143328K(490496K)] 1573795K->1367336K(1888768K), 0.0529287 secs] [Times: user=0.31 sys=0.00, real=0.05 secs] 
4712.103: [GC (Allocation Failure) [PSYoungGen: 490464K->108320K(523776K)] 1714472K->1466248K(1922048K), 0.0772506 secs] [Times: user=0.46 sys=0.00, real=0.07 secs] 
4712.180: [Full GC (Ergonomics) [PSYoungGen: 108320K->0K(523776K)] [ParOldGen: 1357928K->32104K(1398272K)] 1466248K->32104K(1922048K), [Metaspace: 60473K->60473K(1105920K)], 0.0527926 secs] [Times: user=0.18 sys=0.00, real=0.06 secs] 
4713.831: [GC (Allocation Failure) [PSYoungGen: 346624K->141792K(521728K)] 378728K->173896K(1920000K), 0.0285093 secs] [Times: user=0.16 sys=0.00, real=0.03 secs] 
4716.126: [GC (Allocation Failure) [PSYoungGen: 488416K->107936K(521216K)] 520520K->272808K(1919488K), 0.0651117 secs] [Times: user=0.38 sys=0.00, real=0.06 secs] 
4716.980: [GC (Allocation Failure) [PSYoungGen: 455072K->144320K(521728K)] 619944K->413181K(1920000K), 0.0525835 secs] [Times: user=0.31 sys=0.00, real=0.06 secs] 
4718.592: [GC (Allocation Failure) [PSYoungGen: 491456K->103808K(522752K)] 760317K->508053K(1921024K), 0.1042171 secs] [Times: user=0.62 sys=0.01, real=0.10 secs] 
4719.388: [GC (Allocation Failure) [PSYoungGen: 449920K->140480K(521728K)] 854165K->646218K(1920000K), 0.0518037 secs] [Times: user=0.31 sys=0.00, real=0.05 secs] 
4720.846: [GC (Allocation Failure) [PSYoungGen: 486592K->109728K(519168K)] 992330K->746458K(1917440K), 0.0759204 secs] [Times: user=0.45 sys=0.00, real=0.08 secs] 
4722.369: [GC (Allocation Failure) [PSYoungGen: 456352K->139808K(520704K)] 1093082K->884947K(1918976K), 0.0538351 secs] [Times: user=0.32 sys=0.00, real=0.06 secs] 
4724.792: [GC (Allocation Failure) [PSYoungGen: 486432K->107488K(521728K)] 1231571K->983075K(1920000K), 0.0668427 secs] [Times: user=0.40 sys=0.00, real=0.06 secs] 
4725.698: [GC (Allocation Failure) [PSYoungGen: 457184K->142464K(522752K)] 1332771K->1123400K(1921024K), 0.0536206 secs] [Times: user=0.32 sys=0.00, real=0.06 secs] 
4727.254: [GC (Allocation Failure) [PSYoungGen: 492160K->108416K(523776K)] 1473096K->1222184K(1922048K), 0.0795895 secs] [Times: user=0.48 sys=0.00, real=0.08 secs] 
4728.776: [GC (Allocation Failure) [PSYoungGen: 459136K->140448K(523776K)] 1572904K->1360505K(1922048K), 0.0535316 secs] [Times: user=0.31 sys=0.00, real=0.05 secs] 
4730.515: [GC (GCLocker Initiated GC) [PSYoungGen: 491168K->110944K(522240K)] 1711226K->1462106K(1920512K), 0.1037136 secs] [Times: user=0.61 sys=0.01, real=0.10 secs] 
4730.619: [Full GC (Ergonomics) [PSYoungGen: 110944K->0K(522240K)] [ParOldGen: 1351162K->27602K(1398272K)] 1462106K->27602K(1920512K), [Metaspace: 60473K->60473K(1105920K)], 0.0639190 secs] [Times: user=0.22 sys=0.00, real=0.07 secs] 
4731.868: [GC (Allocation Failure) [PSYoungGen: 351232K->143200K(523264K)] 378837K->170805K(1921536K), 0.0287273 secs] [Times: user=0.17 sys=0.00, real=0.03 secs] 
4733.286: [GC (GCLocker Initiated GC) [PSYoungGen: 494432K->108832K(524800K)] 522037K->270269K(1923072K), 0.0937729 secs] [Times: user=0.55 sys=0.00, real=0.09 secs] 
4734.530: [GC (Allocation Failure) [PSYoungGen: 460576K->143520K(524288K)] 622016K->410601K(1922560K), 0.0524217 secs] [Times: user=0.30 sys=0.00, real=0.06 secs] 
4735.974: [GC (Allocation Failure) [PSYoungGen: 495264K->109792K(524288K)] 762345K->511021K(1922560K), 0.0709792 secs] [Times: user=0.42 sys=0.01, real=0.07 secs] 
4736.865: [GC (Allocation Failure) [PSYoungGen: 461536K->146400K(498176K)] 862765K->654978K(1896448K), 0.0548014 secs] [Times: user=0.32 sys=0.00, real=0.05 secs] 
4738.716: [GC (Allocation Failure) [PSYoungGen: 498144K->108928K(524800K)] 1006722K->755054K(1923072K), 0.1122656 secs] [Times: user=0.67 sys=0.00, real=0.11 secs] 
4739.815: [GC (Allocation Failure) [PSYoungGen: 457600K->145568K(494592K)] 1103726K->899035K(1892864K), 0.0547345 secs] [Times: user=0.32 sys=0.00, real=0.05 secs] 
4742.240: [GC (GCLocker Initiated GC) [PSYoungGen: 494240K->104576K(523264K)] 1247707K->995179K(1921536K), 0.0868207 secs] [Times: user=0.52 sys=0.00, real=0.09 secs] 
4743.156: [GC (Allocation Failure) [PSYoungGen: 451200K->143712K(490496K)] 1341806K->1135227K(1888768K), 0.0522435 secs] [Times: user=0.30 sys=0.00, real=0.05 secs] 
4744.893: [GC (Allocation Failure) [PSYoungGen: 490336K->107136K(522752K)] 1481851K->1233011K(1921024K), 0.0809338 secs] [Times: user=0.48 sys=0.00, real=0.08 secs] 
4746.682: [GC (Allocation Failure) [PSYoungGen: 452224K->148384K(493568K)] 1578099K->1378360K(1891840K), 0.0529121 secs] [Times: user=0.31 sys=0.00, real=0.05 secs] 
4746.735: [Full GC (Ergonomics) [PSYoungGen: 148384K->0K(493568K)] [ParOldGen: 1229976K->172668K(1398272K)] 1378360K->172668K(1891840K), [Metaspace: 60473K->60473K(1105920K)], 0.4093124 secs] [Times: user=1.90 sys=0.00, real=0.41 secs] 
4748.929: [GC (Allocation Failure) [PSYoungGen: 345088K->107616K(521216K)] 517756K->280284K(1919488K), 0.0706688 secs] [Times: user=0.42 sys=0.01, real=0.07 secs] 
4750.326: [GC (Allocation Failure) [PSYoungGen: 449120K->139424K(519168K)] 621788K->416724K(1917440K), 0.0532437 secs] [Times: user=0.32 sys=0.00, real=0.05 secs] 
4751.850: [GC (GCLocker Initiated GC) [PSYoungGen: 480928K->105760K(519680K)] 758235K->513187K(1917952K), 0.0652268 secs] [Times: user=0.39 sys=0.00, real=0.07 secs] 
4753.074: [GC (Allocation Failure) [PSYoungGen: 448800K->138368K(519168K)] 856230K->649365K(1917440K), 0.0525672 secs] [Times: user=0.31 sys=0.00, real=0.05 secs] 
4754.504: [GC (Allocation Failure) [PSYoungGen: 481408K->108736K(519168K)] 992405K->748653K(1917440K), 0.0645252 secs] [Times: user=0.38 sys=0.01, real=0.06 secs] 
4755.943: [GC (Allocation Failure) [PSYoungGen: 455360K->140384K(520704K)] 1095277K->887050K(1918976K), 0.0531368 secs] [Times: user=0.31 sys=0.00, real=0.05 secs] 
4757.440: [GC (Allocation Failure) [PSYoungGen: 487008K->109952K(521728K)] 1233674K->987642K(1920000K), 0.0672775 secs] [Times: user=0.40 sys=0.00, real=0.07 secs] 
4758.510: [GC (Allocation Failure) [PSYoungGen: 459648K->143008K(522752K)] 1337338K->1127967K(1921024K), 0.0551289 secs] [Times: user=0.31 sys=0.00, real=0.06 secs] 
4759.897: [GC (GCLocker Initiated GC) [PSYoungGen: 492704K->107744K(523776K)] 1477663K->1226579K(1922048K), 0.0673175 secs] [Times: user=0.40 sys=0.00, real=0.07 secs] 
4761.396: [GC (Allocation Failure) [PSYoungGen: 458464K->148704K(499712K)] 1577338K->1373185K(1897984K), 0.0542322 secs] [Times: user=0.32 sys=0.00, real=0.05 secs] 
4762.948: [GC (Allocation Failure) [PSYoungGen: 499424K->110752K(523776K)] 1723905K->1466161K(1922048K), 0.1125901 secs] [Times: user=0.67 sys=0.00, real=0.11 secs] 
4763.061: [Full GC (Ergonomics) [PSYoungGen: 110752K->0K(523776K)] [ParOldGen: 1355409K->26664K(1398272K)] 1466161K->26664K(1922048K), [Metaspace: 60475K->60475K(1105920K)], 0.0599778 secs] [Times: user=0.19 sys=0.00, real=0.06 secs] 
4765.195: [GC (Allocation Failure) [PSYoungGen: 346112K->138464K(521216K)] 372776K->165128K(1919488K), 0.0280339 secs] [Times: user=0.16 sys=0.00, real=0.03 secs] 
4766.728: [GC (Allocation Failure) [PSYoungGen: 484576K->110336K(521728K)] 511240K->265948K(1920000K), 0.0674586 secs] [Times: user=0.40 sys=0.00, real=0.07 secs] 
4767.996: [GC (Allocation Failure) [PSYoungGen: 458496K->139552K(521216K)] 614108K->402657K(1919488K), 0.0525569 secs] [Times: user=0.31 sys=0.00, real=0.05 secs] 
4769.384: [GC (GCLocker Initiated GC) [PSYoungGen: 487712K->110464K(522240K)] 750817K->503785K(1920512K), 0.0648013 secs] [Times: user=0.38 sys=0.00, real=0.06 secs] 
4770.494: [GC (Allocation Failure) [PSYoungGen: 462720K->143232K(523776K)] 856044K->644913K(1922048K), 0.0533017 secs] [Times: user=0.32 sys=0.00, real=0.05 secs] 
4772.085: [GC (Allocation Failure) [PSYoungGen: 495488K->109504K(525824K)] 997169K->744913K(1924096K), 0.0715984 secs] [Times: user=0.42 sys=0.00, real=0.07 secs] 
4773.408: [GC (Allocation Failure) [PSYoungGen: 462784K->145152K(498688K)] 1098193K->888415K(1896960K), 0.0534976 secs] [Times: user=0.32 sys=0.00, real=0.05 secs] 
4775.083: [GC (Allocation Failure) [PSYoungGen: 498432K->108224K(525824K)] 1241695K->987959K(1924096K), 0.1214070 secs] [Times: user=0.72 sys=0.00, real=0.12 secs] 
4776.582: [GC (Allocation Failure) [PSYoungGen: 459456K->140128K(524288K)] 1339191K->1125184K(1922560K), 0.0521180 secs] [Times: user=0.31 sys=0.00, real=0.05 secs] 
4778.053: [GC (Allocation Failure) [PSYoungGen: 491360K->110816K(522752K)] 1476416K->1226656K(1921024K), 0.0697327 secs] [Times: user=0.41 sys=0.00, real=0.07 secs] 
4779.087: [GC (Allocation Failure) [PSYoungGen: 462560K->144736K(523776K)] 1578400K->1369189K(1922048K), 0.0556338 secs] [Times: user=0.32 sys=0.00, real=0.06 secs] 
4780.688: [GC (Allocation Failure) [PSYoungGen: 496480K->110880K(524800K)] 1720933K->1470725K(1923072K), 0.0972690 secs] [Times: user=0.57 sys=0.01, real=0.10 secs] 
4780.786: [Full GC (Ergonomics) [PSYoungGen: 110880K->0K(524800K)] [ParOldGen: 1359844K->35062K(1398272K)] 1470725K->35062K(1923072K), [Metaspace: 60475K->60475K(1105920K)], 0.0690340 secs] [Times: user=0.26 sys=0.00, real=0.07 secs] 
4781.964: [GC (Allocation Failure) [PSYoungGen: 351744K->144928K(497152K)] 386806K->179990K(1895424K), 0.0290705 secs] [Times: user=0.16 sys=0.00, real=0.03 secs] 
4783.740: [GC (GCLocker Initiated GC) [PSYoungGen: 496672K->105696K(524800K)] 531735K->276479K(1923072K), 0.1278435 secs] [Times: user=0.76 sys=0.01, real=0.13 secs] 
4784.568: [GC (Allocation Failure) [PSYoungGen: 455392K->143680K(493568K)] 626178K->417711K(1891840K), 0.0516577 secs] [Times: user=0.30 sys=0.01, real=0.05 secs] 
4786.213: [GC (Allocation Failure) [PSYoungGen: 493376K->108576K(524800K)] 767407K->517027K(1923072K), 0.0698887 secs] [Times: user=0.41 sys=0.00, real=0.07 secs] 
4787.106: [GC (Allocation Failure) [PSYoungGen: 457248K->145344K(494080K)] 865699K->659735K(1892352K), 0.0530333 secs] [Times: user=0.31 sys=0.00, real=0.05 secs] 
4789.470: [GC (Allocation Failure) [PSYoungGen: 494016K->105984K(523264K)] 1008407K->756776K(1921536K), 0.1440417 secs] [Times: user=0.85 sys=0.00, real=0.15 secs] 
4790.750: [GC (Allocation Failure) [PSYoungGen: 452608K->142784K(489472K)] 1103400K->896860K(1887744K), 0.0528413 secs] [Times: user=0.31 sys=0.00, real=0.06 secs] 
4792.267: [GC (GCLocker Initiated GC) [PSYoungGen: 489408K->105664K(523264K)] 1243484K->993325K(1921536K), 0.0767392 secs] [Times: user=0.45 sys=0.00, real=0.08 secs] 
4793.200: [GC (Allocation Failure) [PSYoungGen: 451776K->142752K(521728K)] 1339439K->1133340K(1920000K), 0.0528725 secs] [Times: user=0.31 sys=0.00, real=0.06 secs] 
4795.140: [GC (Allocation Failure) [PSYoungGen: 488864K->105312K(521728K)] 1479452K->1229468K(1920000K), 0.1725770 secs] [Times: user=1.02 sys=0.00, real=0.18 secs] 
4796.776: [GC (Allocation Failure) [PSYoungGen: 451424K->140736K(521728K)] 1575580K->1367249K(1920000K), 0.0525797 secs] [Times: user=0.31 sys=0.00, real=0.05 secs] 
4798.670: [GC (Allocation Failure) [PSYoungGen: 486848K->107584K(521216K)] 1713361K->1465465K(1919488K), 0.1656528 secs] [Times: user=0.98 sys=0.01, real=0.17 secs] 
4798.836: [Full GC (Ergonomics) [PSYoungGen: 107584K->0K(521216K)] [ParOldGen: 1357881K->32095K(1398272K)] 1465465K->32095K(1919488K), [Metaspace: 60475K->60475K(1105920K)], 0.0874152 secs] [Times: user=0.32 sys=0.00, real=0.09 secs] 
4799.934: [GC (Allocation Failure) [PSYoungGen: 346624K->143392K(521728K)] 378719K->175487K(1920000K), 0.0287385 secs] [Times: user=0.17 sys=0.00, real=0.03 secs] 
4801.658: [GC (Allocation Failure) [PSYoungGen: 490016K->105376K(522240K)] 522111K->271451K(1920512K), 0.1017448 secs] [Times: user=0.61 sys=0.01, real=0.10 secs] 
4803.001: [GC (Allocation Failure) [PSYoungGen: 451488K->139904K(521728K)] 617563K->408512K(1920000K), 0.0512242 secs] [Times: user=0.30 sys=0.00, real=0.05 secs] 
4804.719: [GC (Allocation Failure) [PSYoungGen: 486016K->110112K(518656K)] 754624K->509128K(1916928K), 0.0907139 secs] [Times: user=0.54 sys=0.00, real=0.09 secs] 
4807.056: [GC (Allocation Failure) [PSYoungGen: 457248K->140512K(520704K)] 856264K->647213K(1918976K), 0.0531737 secs] [Times: user=0.31 sys=0.00, real=0.05 secs] 
4808.633: [GC (Allocation Failure) [PSYoungGen: 487648K->108544K(522752K)] 994349K->746717K(1921024K), 0.0746586 secs] [Times: user=0.45 sys=0.00, real=0.07 secs] 
4809.808: [GC (Allocation Failure) [PSYoungGen: 458752K->141088K(523264K)] 1096925K->885154K(1921536K), 0.0525140 secs] [Times: user=0.30 sys=0.01, real=0.05 secs] 
4811.262: [GC (Allocation Failure) [PSYoungGen: 491296K->110528K(522240K)] 1235362K->986250K(1920512K), 0.0722544 secs] [Times: user=0.43 sys=0.00, real=0.07 secs] 
4812.201: [GC (Allocation Failure) [PSYoungGen: 461760K->144608K(523264K)] 1337482K->1128619K(1921536K), 0.0538283 secs] [Times: user=0.32 sys=0.00, real=0.06 secs] 
4814.073: [GC (Allocation Failure) [PSYoungGen: 495840K->107264K(524800K)] 1479851K->1226579K(1923072K), 0.1452756 secs] [Times: user=0.87 sys=0.00, real=0.14 secs] 
4815.618: [GC (Allocation Failure) [PSYoungGen: 457984K->144096K(495104K)] 1577299K->1367727K(1893376K), 0.0525833 secs] [Times: user=0.31 sys=0.00, real=0.05 secs] 
4817.121: [GC (GCLocker Initiated GC) [PSYoungGen: 494816K->108544K(524800K)] 1718448K->1466904K(1923072K), 0.0764213 secs] [Times: user=0.45 sys=0.00, real=0.07 secs] 
4817.198: [Full GC (Ergonomics) [PSYoungGen: 108544K->0K(524800K)] [ParOldGen: 1358360K->33649K(1398272K)] 1466904K->33649K(1923072K), [Metaspace: 60475K->60475K(1105920K)], 0.0598721 secs] [Times: user=0.21 sys=0.00, real=0.06 secs] 
4818.394: [GC (Allocation Failure) [PSYoungGen: 349184K->152160K(501760K)] 382872K->185848K(1900032K), 0.0291751 secs] [Times: user=0.17 sys=0.00, real=0.03 secs] 
4820.220: [GC (GCLocker Initiated GC) [PSYoungGen: 501344K->106048K(521216K)] 535032K->274364K(1919488K), 0.1501765 secs] [Times: user=0.90 sys=0.00, real=0.15 secs] 
4821.602: [GC (Allocation Failure) [PSYoungGen: 448064K->141120K(519680K)] 616383K->412500K(1917952K), 0.0517412 secs] [Times: user=0.30 sys=0.00, real=0.05 secs] 
4823.107: [GC (Allocation Failure) [PSYoungGen: 483136K->106912K(519168K)] 754516K->509952K(1917440K), 0.0749740 secs] [Times: user=0.45 sys=0.00, real=0.08 secs] 
4824.805: [GC (Allocation Failure) [PSYoungGen: 449952K->138816K(519680K)] 852992K->646077K(1917952K), 0.0523232 secs] [Times: user=0.31 sys=0.00, real=0.05 secs] 
4826.128: [GC (Allocation Failure) [PSYoungGen: 481856K->106272K(519168K)] 989117K->742829K(1917440K), 0.0645891 secs] [Times: user=0.38 sys=0.00, real=0.07 secs] 
4827.730: [GC (Allocation Failure) [PSYoungGen: 451872K->137888K(520704K)] 1088429K->878266K(1918976K), 0.0521320 secs] [Times: user=0.31 sys=0.00, real=0.06 secs] 
4829.322: [GC (Allocation Failure) [PSYoungGen: 483488K->111456K(518656K)] 1223866K->980082K(1916928K), 0.0998075 secs] [Times: user=0.59 sys=0.00, real=0.10 secs] 
4831.120: [GC (Allocation Failure) [PSYoungGen: 460128K->138048K(521216K)] 1328754K->1116447K(1919488K), 0.0535051 secs] [Times: user=0.31 sys=0.00, real=0.06 secs] 
4833.075: [GC (Allocation Failure) [PSYoungGen: 486720K->111904K(522240K)] 1465119K->1218907K(1920512K), 0.0650838 secs] [Times: user=0.39 sys=0.01, real=0.06 secs] 
4834.313: [GC (Allocation Failure) [PSYoungGen: 465696K->139232K(524288K)] 1572699K->1356383K(1922560K), 0.0537209 secs] [Times: user=0.32 sys=0.00, real=0.05 secs] 
4835.972: [GC (Allocation Failure) [PSYoungGen: 493024K->112960K(524288K)] 1710175K->1459299K(1922560K), 0.0998993 secs] [Times: user=0.59 sys=0.00, real=0.10 secs] 
4836.072: [Full GC (Ergonomics) [PSYoungGen: 112960K->0K(524288K)] [ParOldGen: 1346339K->24813K(1398272K)] 1459299K->24813K(1922560K), [Metaspace: 60475K->60475K(1105920K)], 0.0516268 secs] [Times: user=0.16 sys=0.00, real=0.05 secs] 
4838.071: [GC (Allocation Failure) [PSYoungGen: 356864K->143136K(525824K)] 381677K->167949K(1924096K), 0.0287953 secs] [Times: user=0.16 sys=0.00, real=0.03 secs] 
4839.685: [GC (Allocation Failure) [PSYoungGen: 500000K->113152K(527872K)] 524813K->271630K(1926144K), 0.1258498 secs] [Times: user=0.75 sys=0.01, real=0.12 secs] 
4841.226: [GC (Allocation Failure) [PSYoungGen: 471040K->147168K(505344K)] 629518K->416202K(1903616K), 0.0543083 secs] [Times: user=0.32 sys=0.00, real=0.05 secs] 
4842.868: [GC (Allocation Failure) [PSYoungGen: 505056K->107584K(526848K)] 774090K->514490K(1925120K), 0.0965477 secs] [Times: user=0.57 sys=0.00, real=0.10 secs] 
4844.201: [GC (Allocation Failure) [PSYoungGen: 461376K->154400K(508416K)] 868282K->665819K(1906688K), 0.0534912 secs] [Times: user=0.31 sys=0.00, real=0.06 secs] 
4846.254: [GC (GCLocker Initiated GC) [PSYoungGen: 508192K->108288K(522240K)] 1019611K->757091K(1920512K), 0.1192119 secs] [Times: user=0.71 sys=0.00, real=0.12 secs] 
4847.079: [GC (Allocation Failure) [PSYoungGen: 452352K->142144K(520704K)] 1101226K->897294K(1918976K), 0.0534690 secs] [Times: user=0.32 sys=0.01, real=0.06 secs] 
4849.812: [GC (GCLocker Initiated GC) [PSYoungGen: 486208K->103488K(521728K)] 1241358K->992062K(1920000K), 0.1171871 secs] [Times: user=0.70 sys=0.01, real=0.11 secs] 
4851.015: [GC (Allocation Failure) [PSYoungGen: 448064K->140800K(521216K)] 1336708K->1130041K(1919488K), 0.0522265 secs] [Times: user=0.30 sys=0.00, real=0.05 secs] 
4852.572: [GC (Allocation Failure) [PSYoungGen: 485376K->107552K(519680K)] 1474617K->1227893K(1917952K), 0.0983329 secs] [Times: user=0.58 sys=0.01, real=0.09 secs] 
4853.836: [GC (Allocation Failure) [PSYoungGen: 452640K->139520K(520704K)] 1572981K->1364514K(1918976K), 0.0538103 secs] [Times: user=0.32 sys=0.00, real=0.05 secs] 
4855.478: [GC (Allocation Failure) [PSYoungGen: 484608K->109952K(519168K)] 1709602K->1464506K(1917440K), 0.1323420 secs] [Times: user=0.79 sys=0.00, real=0.13 secs] 
4855.610: [Full GC (Ergonomics) [PSYoungGen: 109952K->0K(519168K)] [ParOldGen: 1354554K->30462K(1398272K)] 1464506K->30462K(1917440K), [Metaspace: 60475K->60475K(1105920K)], 0.0825206 secs] [Times: user=0.31 sys=0.00, real=0.09 secs] 
4856.621: [GC (Allocation Failure) [PSYoungGen: 347648K->143424K(521216K)] 378110K->173886K(1919488K), 0.0289179 secs] [Times: user=0.16 sys=0.00, real=0.03 secs] 
4858.065: [GC (Allocation Failure) [PSYoungGen: 491072K->108896K(523776K)] 521534K->273279K(1922048K), 0.0650529 secs] [Times: user=0.38 sys=0.00, real=0.06 secs] 
4859.401: [GC (Allocation Failure) [PSYoungGen: 458080K->142528K(523264K)] 622463K->412659K(1921536K), 0.0527301 secs] [Times: user=0.31 sys=0.00, real=0.05 secs] 
4860.937: [GC (Allocation Failure) [PSYoungGen: 491712K->106528K(523264K)] 761843K->509707K(1921536K), 0.0863041 secs] [Times: user=0.51 sys=0.00, real=0.09 secs] 
4862.450: [GC (Allocation Failure) [PSYoungGen: 455712K->142432K(523264K)] 858891K->648896K(1921536K), 0.0521105 secs] [Times: user=0.31 sys=0.00, real=0.06 secs] 
4863.985: [GC (GCLocker Initiated GC) [PSYoungGen: 491616K->110208K(522240K)] 998081K->749329K(1920512K), 0.0832254 secs] [Times: user=0.49 sys=0.00, real=0.08 secs] 
4865.137: [GC (Allocation Failure) [PSYoungGen: 459392K->143776K(522752K)] 1098516K->890892K(1921024K), 0.0539341 secs] [Times: user=0.32 sys=0.00, real=0.05 secs] 
4866.578: [GC (Allocation Failure) [PSYoungGen: 492960K->108160K(523776K)] 1240076K->989848K(1922048K), 0.0949820 secs] [Times: user=0.57 sys=0.00, real=0.10 secs] 
4868.044: [GC (Allocation Failure) [PSYoungGen: 457344K->141760K(523264K)] 1339032K->1128541K(1921536K), 0.0529159 secs] [Times: user=0.31 sys=0.00, real=0.05 secs] 
4869.470: [GC (GCLocker Initiated GC) [PSYoungGen: 490944K->107904K(522240K)] 1477727K->1226971K(1920512K), 0.0653397 secs] [Times: user=0.38 sys=0.00, real=0.07 secs] 
4870.888: [GC (Allocation Failure) [PSYoungGen: 457088K->142336K(522752K)] 1576158K->1366999K(1921024K), 0.0531337 secs] [Times: user=0.31 sys=0.00, real=0.05 secs] 
4873.926: [GC (GCLocker Initiated GC) [PSYoungGen: 491520K->105920K(524288K)] 1716183K->1463823K(1922560K), 0.1461709 secs] [Times: user=0.87 sys=0.01, real=0.15 secs] 
4874.073: [Full GC (Ergonomics) [PSYoungGen: 105920K->0K(524288K)] [ParOldGen: 1357903K->29861K(1398272K)] 1463823K->29861K(1922560K), [Metaspace: 60475K->60475K(1105920K)], 0.0782455 secs] [Times: user=0.27 sys=0.00, real=0.07 secs] 
4875.949: [GC (Allocation Failure) [PSYoungGen: 349696K->141440K(523776K)] 379628K->171372K(1922048K), 0.0285902 secs] [Times: user=0.17 sys=0.01, real=0.03 secs] 
4877.931: [GC (Allocation Failure) [PSYoungGen: 491136K->107808K(522752K)] 521068K->269636K(1921024K), 0.1645444 secs] [Times: user=0.98 sys=0.01, real=0.16 secs] 
4880.115: [GC (Allocation Failure) [PSYoungGen: 457504K->141344K(523264K)] 619332K->408993K(1921536K), 0.0523290 secs] [Times: user=0.30 sys=0.00, real=0.05 secs] 
4882.617: [GC (Allocation Failure) [PSYoungGen: 491040K->107008K(523776K)] 758689K->506985K(1922048K), 0.1235014 secs] [Times: user=0.73 sys=0.00, real=0.12 secs] 
4884.430: [GC (Allocation Failure) [PSYoungGen: 457216K->140704K(523776K)] 857193K->644998K(1922048K), 0.0522640 secs] [Times: user=0.30 sys=0.00, real=0.06 secs] 
4885.826: [GC (Allocation Failure) [PSYoungGen: 490912K->110720K(521216K)] 995206K->746222K(1919488K), 0.0657886 secs] [Times: user=0.39 sys=0.00, real=0.07 secs] 
4886.644: [GC (Allocation Failure) [PSYoungGen: 461440K->143392K(522752K)] 1096942K->887179K(1921024K), 0.0536151 secs] [Times: user=0.31 sys=0.00, real=0.05 secs] 
4888.309: [GC (Allocation Failure) [PSYoungGen: 494112K->109504K(524800K)] 1237899K->987219K(1923072K), 0.1127023 secs] [Times: user=0.68 sys=0.00, real=0.12 secs] 
4889.673: [GC (Allocation Failure) [PSYoungGen: 461248K->144544K(496640K)] 1338963K->1129196K(1894912K), 0.0543099 secs] [Times: user=0.33 sys=0.00, real=0.05 secs] 
4891.345: [GC (Allocation Failure) [PSYoungGen: 496288K->107040K(525312K)] 1480940K->1226916K(1923584K), 0.1149151 secs] [Times: user=0.68 sys=0.01, real=0.11 secs] 
4892.901: [GC (GCLocker Initiated GC) [PSYoungGen: 457248K->143456K(494080K)] 1577124K->1367113K(1892352K), 0.0530755 secs] [Times: user=0.31 sys=0.00, real=0.05 secs] 
4894.469: [GC (Allocation Failure) [PSYoungGen: 493664K->106752K(524800K)] 1717323K->1464547K(1923072K), 0.1014607 secs] [Times: user=0.60 sys=0.00, real=0.10 secs] 
4894.571: [Full GC (Ergonomics) [PSYoungGen: 106752K->0K(524800K)] [ParOldGen: 1357795K->30712K(1398272K)] 1464547K->30712K(1923072K), [Metaspace: 60475K->60475K(1105920K)], 0.0579305 secs] [Times: user=0.21 sys=0.00, real=0.06 secs] 
4895.562: [GC (Allocation Failure) [PSYoungGen: 349184K->143520K(493056K)] 379896K->174232K(1891328K), 0.0287548 secs] [Times: user=0.17 sys=0.00, real=0.02 secs] 
4897.510: [GC (Allocation Failure) [PSYoungGen: 492704K->108288K(524288K)] 523416K->273124K(1922560K), 0.1472302 secs] [Times: user=0.87 sys=0.01, real=0.15 secs] 
4899.092: [GC (Allocation Failure) [PSYoungGen: 456448K->142944K(522752K)] 621284K->413433K(1921024K), 0.0525260 secs] [Times: user=0.31 sys=0.00, real=0.05 secs] 
4900.483: [GC (Allocation Failure) [PSYoungGen: 491104K->109312K(521728K)] 761593K->513497K(1920000K), 0.0701928 secs] [Times: user=0.41 sys=0.00, real=0.07 secs] 
4901.985: [GC (Allocation Failure) [PSYoungGen: 457472K->141472K(522240K)] 861657K->652142K(1920512K), 0.0535322 secs] [Times: user=0.31 sys=0.00, real=0.05 secs] 
4903.633: [GC (Allocation Failure) [PSYoungGen: 489632K->108128K(522240K)] 1000302K->750794K(1920512K), 0.1405136 secs] [Times: user=0.84 sys=0.00, real=0.14 secs] 
4905.349: [GC (Allocation Failure) [PSYoungGen: 457312K->143072K(522752K)] 1099978K->891259K(1921024K), 0.0529398 secs] [Times: user=0.31 sys=0.00, real=0.06 secs] 
4907.132: [GC (Allocation Failure) [PSYoungGen: 492256K->107360K(523776K)] 1240443K->989659K(1922048K), 0.1272371 secs] [Times: user=0.75 sys=0.01, real=0.12 secs] 
4908.914: [GC (Allocation Failure) [PSYoungGen: 456544K->141856K(523264K)] 1338843K->1128571K(1921536K), 0.0527293 secs] [Times: user=0.31 sys=0.00, real=0.05 secs] 
4910.488: [GC (GCLocker Initiated GC) [PSYoungGen: 491040K->109248K(522240K)] 1477755K->1228156K(1920512K), 0.0820628 secs] [Times: user=0.49 sys=0.00, real=0.08 secs] 
4911.819: [GC (Allocation Failure) [PSYoungGen: 458432K->142464K(522752K)] 1577342K->1367519K(1921024K), 0.0534108 secs] [Times: user=0.31 sys=0.00, real=0.06 secs] 
4913.307: [GC (GCLocker Initiated GC) [PSYoungGen: 491648K->108896K(523776K)] 1716705K->1466990K(1922048K), 0.0658599 secs] [Times: user=0.39 sys=0.00, real=0.07 secs] 
4913.373: [Full GC (Ergonomics) [PSYoungGen: 108896K->0K(523776K)] [ParOldGen: 1358093K->32302K(1398272K)] 1466990K->32302K(1922048K), [Metaspace: 60475K->60475K(1105920K)], 0.0605596 secs] [Times: user=0.22 sys=0.00, real=0.06 secs] 
4914.724: [GC (Allocation Failure) [PSYoungGen: 350208K->144224K(494592K)] 382548K->176564K(1892864K), 0.0289151 secs] [Times: user=0.16 sys=0.00, real=0.03 secs] 
4916.484: [GC (Allocation Failure) [PSYoungGen: 494432K->109056K(524800K)] 526772K->276264K(1923072K), 0.0940578 secs] [Times: user=0.56 sys=0.01, real=0.09 secs] 
4918.091: [GC (Allocation Failure) [PSYoungGen: 458240K->143840K(493056K)] 625448K->416877K(1891328K), 0.0525713 secs] [Times: user=0.31 sys=0.00, real=0.06 secs] 
4919.525: [GC (Allocation Failure) [PSYoungGen: 493024K->107200K(524288K)] 766061K->514725K(1922560K), 0.0642152 secs] [Times: user=0.38 sys=0.00, real=0.06 secs] 
4921.056: [GC (Allocation Failure) [PSYoungGen: 455360K->141408K(522752K)] 862885K->653162K(1921024K), 0.0521943 secs] [Times: user=0.31 sys=0.00, real=0.05 secs] 
4922.550: [GC (GCLocker Initiated GC) [PSYoungGen: 489568K->108544K(521216K)] 1001323K->752655K(1919488K), 0.0760932 secs] [Times: user=0.43 sys=0.00, real=0.08 secs] 
4923.501: [GC (Allocation Failure) [PSYoungGen: 457216K->144480K(522240K)] 1101330K->894351K(1920512K), 0.0533304 secs] [Times: user=0.32 sys=0.00, real=0.05 secs] 
4925.969: [GC (GCLocker Initiated GC) [PSYoungGen: 493152K->107008K(523776K)] 1243026K->991966K(1922048K), 0.1467404 secs] [Times: user=0.87 sys=0.00, real=0.15 secs] 
4927.629: [GC (Allocation Failure) [PSYoungGen: 455168K->142080K(522752K)] 1340129K->1130662K(1921024K), 0.0530827 secs] [Times: user=0.31 sys=0.00, real=0.06 secs] 
4929.259: [GC (Allocation Failure) [PSYoungGen: 490240K->106784K(522752K)] 1478822K->1228414K(1921024K), 0.1167683 secs] [Times: user=0.70 sys=0.00, real=0.12 secs] 
4930.748: [GC (Allocation Failure) [PSYoungGen: 454944K->141760K(522752K)] 1576574K->1367450K(1921024K), 0.0531191 secs] [Times: user=0.31 sys=0.00, real=0.05 secs] 
4932.583: [GC (GCLocker Initiated GC) [PSYoungGen: 489920K->109088K(521728K)] 1715611K->1467111K(1920000K), 0.1319372 secs] [Times: user=0.78 sys=0.00, real=0.13 secs] 
4932.715: [Full GC (Ergonomics) [PSYoungGen: 109088K->0K(521728K)] [ParOldGen: 1358023K->34136K(1398272K)] 1467111K->34136K(1920000K), [Metaspace: 60477K->60477K(1105920K)], 0.0887179 secs] [Times: user=0.33 sys=0.01, real=0.09 secs] 
4934.292: [GC (Allocation Failure) [PSYoungGen: 348160K->143008K(522240K)] 382299K->177147K(1920512K), 0.0287946 secs] [Times: user=0.16 sys=0.01, real=0.02 secs] 
4935.776: [GC (GCLocker Initiated GC) [PSYoungGen: 491168K->104928K(523776K)] 525307K->273211K(1922048K), 0.0857115 secs] [Times: user=0.51 sys=0.00, real=0.09 secs] 
4937.015: [GC (Allocation Failure) [PSYoungGen: 453600K->150592K(499712K)] 621922K->420975K(1897984K), 0.0515731 secs] [Times: user=0.30 sys=0.00, real=0.05 secs] 
4938.797: [GC (Allocation Failure) [PSYoungGen: 499264K->107872K(521728K)] 769647K->510995K(1920000K), 0.0982363 secs] [Times: user=0.58 sys=0.01, real=0.10 secs] 
4940.177: [GC (Allocation Failure) [PSYoungGen: 450400K->149408K(492032K)] 853523K->657207K(1890304K), 0.0529776 secs] [Times: user=0.31 sys=0.00, real=0.05 secs] 
4941.728: [GC (Allocation Failure) [PSYoungGen: 491936K->107808K(519680K)] 999735K->747479K(1917952K), 0.0653625 secs] [Times: user=0.39 sys=0.00, real=0.07 secs] 
4942.755: [GC (Allocation Failure) [PSYoungGen: 446240K->138752K(477696K)] 1085911K->883912K(1875968K), 0.0530957 secs] [Times: user=0.31 sys=0.00, real=0.05 secs] 
4945.093: [GC (Allocation Failure) [PSYoungGen: 477184K->103616K(518144K)] 1222344K->978424K(1916416K), 0.0803146 secs] [Times: user=0.48 sys=0.00, real=0.08 secs] 
4946.540: [GC (Allocation Failure) [PSYoungGen: 443072K->135264K(517120K)] 1317880K->1111805K(1915392K), 0.0526810 secs] [Times: user=0.30 sys=0.01, real=0.06 secs] 
4947.940: [GC (Allocation Failure) [PSYoungGen: 474720K->110496K(518656K)] 1451261K->1213129K(1916928K), 0.0706869 secs] [Times: user=0.42 sys=0.00, real=0.07 secs] 
4950.506: [GC (Allocation Failure) [PSYoungGen: 455584K->132896K(518656K)] 1558217K->1344198K(1916928K), 0.0536508 secs] [Times: user=0.31 sys=0.00, real=0.05 secs] 
4951.937: [GC (Allocation Failure) [PSYoungGen: 477984K->116288K(520704K)] 1689286K->1450938K(1918976K), 0.0652793 secs] [Times: user=0.39 sys=0.00, real=0.07 secs] 
4952.002: [Full GC (Ergonomics) [PSYoungGen: 116288K->0K(520704K)] [ParOldGen: 1334650K->18009K(1398272K)] 1450938K->18009K(1918976K), [Metaspace: 60557K->60557K(1105920K)], 0.0281486 secs] [Times: user=0.07 sys=0.00, real=0.02 secs] 
4952.959: [GC (Allocation Failure) [PSYoungGen: 353280K->135264K(522240K)] 371289K->153273K(1920512K), 0.0270332 secs] [Times: user=0.15 sys=0.00, real=0.03 secs] 
4954.402: [GC (Allocation Failure) [PSYoungGen: 488544K->115040K(524288K)] 506553K->258613K(1922560K), 0.0641943 secs] [Times: user=0.38 sys=0.01, real=0.06 secs] 
4956.262: [GC (Allocation Failure) [PSYoungGen: 476512K->140672K(527360K)] 620085K->397818K(1925632K), 0.0541216 secs] [Times: user=0.32 sys=0.00, real=0.05 secs] 
4957.691: [GC (Allocation Failure) [PSYoungGen: 502144K->116640K(529920K)] 759290K->504802K(1928192K), 0.0653754 secs] [Times: user=0.38 sys=0.00, real=0.06 secs] 
4959.500: [GC (Allocation Failure) [PSYoungGen: 481696K->148128K(513536K)] 869858K->651334K(1911808K), 0.0560767 secs] [Times: user=0.33 sys=0.00, real=0.06 secs] 
4961.064: [GC (Allocation Failure) [PSYoungGen: 513184K->114976K(530944K)] 1016390K->757499K(1929216K), 0.0733245 secs] [Times: user=0.43 sys=0.00, real=0.07 secs] 
4962.560: [GC (Allocation Failure) [PSYoungGen: 475936K->157280K(518656K)] 1118459K->911111K(1916928K), 0.0547933 secs] [Times: user=0.33 sys=0.01, real=0.06 secs] 
4964.675: [GC (Allocation Failure) [PSYoungGen: 518240K->108160K(524800K)] 1272071K->1002167K(1923072K), 0.1180350 secs] [Times: user=0.69 sys=0.01, real=0.12 secs] 
4965.738: [GC (Allocation Failure) [PSYoungGen: 457856K->147072K(497152K)] 1351863K->1145324K(1895424K), 0.0530790 secs] [Times: user=0.31 sys=0.00, real=0.05 secs] 
4967.963: [GC (GCLocker Initiated GC) [PSYoungGen: 496768K->106880K(523264K)] 1495020K->1243104K(1921536K), 0.1229815 secs] [Times: user=0.72 sys=0.01, real=0.12 secs] 
4969.383: [GC (Allocation Failure) [PSYoungGen: 453504K->152096K(499200K)] 1589767K->1391196K(1897472K), 0.0531049 secs] [Times: user=0.31 sys=0.00, real=0.05 secs] 
4969.436: [Full GC (Ergonomics) [PSYoungGen: 152096K->0K(499200K)] [ParOldGen: 1239100K->186942K(1398272K)] 1391196K->186942K(1897472K), [Metaspace: 60557K->60557K(1105920K)], 0.4520122 secs] [Times: user=2.11 sys=0.00, real=0.45 secs] 
4971.230: [GC (Allocation Failure) [PSYoungGen: 346624K->105504K(519680K)] 533566K->292446K(1917952K), 0.0618412 secs] [Times: user=0.36 sys=0.00, real=0.07 secs] 
4972.629: [GC (Allocation Failure) [PSYoungGen: 444960K->141664K(518656K)] 631902K->429875K(1916928K), 0.0510608 secs] [Times: user=0.30 sys=0.00, real=0.05 secs] 
4974.651: [GC (Allocation Failure) [PSYoungGen: 481120K->103040K(518144K)] 769331K->523939K(1916416K), 0.1568914 secs] [Times: user=0.93 sys=0.00, real=0.16 secs] 
4976.268: [GC (Allocation Failure) [PSYoungGen: 443008K->139424K(518656K)] 863907K->660415K(1916928K), 0.0503330 secs] [Times: user=0.29 sys=0.00, real=0.05 secs] 
4977.765: [GC (Allocation Failure) [PSYoungGen: 479392K->104768K(517120K)] 1000383K->756199K(1915392K), 0.0640456 secs] [Times: user=0.38 sys=0.00, real=0.06 secs] 
4979.203: [GC (Allocation Failure) [PSYoungGen: 446272K->138240K(518656K)] 1097703K->891508K(1916928K), 0.0520064 secs] [Times: user=0.30 sys=0.00, real=0.05 secs] 
4980.652: [GC (Allocation Failure) [PSYoungGen: 479744K->106848K(517632K)] 1233012K->988944K(1915904K), 0.0675986 secs] [Times: user=0.41 sys=0.00, real=0.06 secs] 
4982.124: [GC (Allocation Failure) [PSYoungGen: 451424K->138304K(519680K)] 1333520K->1124993K(1917952K), 0.0527284 secs] [Times: user=0.31 sys=0.00, real=0.05 secs] 
4983.574: [GC (Allocation Failure) [PSYoungGen: 482880K->109568K(519680K)] 1469569K->1225177K(1917952K), 0.0797623 secs] [Times: user=0.48 sys=0.00, real=0.08 secs] 
4984.742: [GC (Allocation Failure) [PSYoungGen: 458240K->142816K(521728K)] 1573849K->1366442K(1920000K), 0.0545475 secs] [Times: user=0.32 sys=0.00, real=0.05 secs] 
4986.365: [GC (GCLocker Initiated GC) [PSYoungGen: 491488K->106400K(524288K)] 1715115K->1464067K(1922560K), 0.0681675 secs] [Times: user=0.40 sys=0.01, real=0.07 secs] 
4986.433: [Full GC (Ergonomics) [PSYoungGen: 106400K->0K(524288K)] [ParOldGen: 1357667K->25104K(1398272K)] 1464067K->25104K(1922560K), [Metaspace: 60561K->60561K(1105920K)], 0.0393576 secs] [Times: user=0.11 sys=0.00, real=0.04 secs] 
4987.966: [GC (Allocation Failure) [PSYoungGen: 350208K->143104K(493568K)] 375314K->168210K(1891840K), 0.0288049 secs] [Times: user=0.17 sys=0.00, real=0.03 secs] 
4989.407: [GC (Allocation Failure) [PSYoungGen: 493312K->108640K(525312K)] 518418K->267727K(1923584K), 0.0752713 secs] [Times: user=0.45 sys=0.00, real=0.08 secs] 
4991.024: [GC (Allocation Failure) [PSYoungGen: 458336K->141600K(523264K)] 617423K->407215K(1921536K), 0.0522532 secs] [Times: user=0.31 sys=0.00, real=0.05 secs] 
4992.935: [GC (Allocation Failure) [PSYoungGen: 491296K->109824K(522752K)] 756911K->507891K(1921024K), 0.1104099 secs] [Times: user=0.66 sys=0.00, real=0.11 secs] 
4994.388: [GC (Allocation Failure) [PSYoungGen: 460032K->143392K(523264K)] 858099K->649248K(1921536K), 0.0531309 secs] [Times: user=0.31 sys=0.00, real=0.05 secs] 
4995.808: [GC (Allocation Failure) [PSYoungGen: 493600K->108992K(524288K)] 999456K->749316K(1922560K), 0.0765652 secs] [Times: user=0.45 sys=0.00, real=0.08 secs] 
4997.844: [GC (Allocation Failure) [PSYoungGen: 459200K->139584K(523776K)] 1099524K->885817K(1922048K), 0.0524504 secs] [Times: user=0.31 sys=0.00, real=0.05 secs] 
4999.416: [GC (GCLocker Initiated GC) [PSYoungGen: 489792K->109408K(521728K)] 1236026K->985778K(1920000K), 0.0933891 secs] [Times: user=0.55 sys=0.00, real=0.09 secs] 
5000.877: [GC (Allocation Failure) [PSYoungGen: 460640K->143104K(523264K)] 1337013K->1126570K(1921536K), 0.0541675 secs] [Times: user=0.32 sys=0.00, real=0.06 secs] 
5002.453: [GC (Allocation Failure) [PSYoungGen: 494336K->109088K(525312K)] 1477802K->1226250K(1923584K), 0.0703111 secs] [Times: user=0.42 sys=0.00, real=0.07 secs] 
5003.517: [GC (GCLocker Initiated GC) [PSYoungGen: 461344K->146656K(499200K)] 1578506K->1370243K(1897472K), 0.0552260 secs] [Times: user=0.33 sys=0.00, real=0.06 secs] 
5005.108: [GC (Allocation Failure) [PSYoungGen: 498912K->105952K(524288K)] 1722503K->1467379K(1922560K), 0.0782343 secs] [Times: user=0.46 sys=0.00, real=0.08 secs] 
5005.186: [Full GC (Ergonomics) [PSYoungGen: 105952K->0K(524288K)] [ParOldGen: 1361426K->32850K(1398272K)] 1467379K->32850K(1922560K), [Metaspace: 60561K->60561K(1105920K)], 0.0575854 secs] [Times: user=0.20 sys=0.00, real=0.06 secs] 
5006.604: [GC (Allocation Failure) [PSYoungGen: 348672K->142656K(491520K)] 381522K->175507K(1889792K), 0.0288995 secs] [Times: user=0.17 sys=0.00, real=0.03 secs] 
5008.255: [GC (Allocation Failure) [PSYoungGen: 491328K->108224K(524288K)] 524179K->274427K(1922560K), 0.1413779 secs] [Times: user=0.84 sys=0.00, real=0.14 secs] 
5010.408: [GC (Allocation Failure) [PSYoungGen: 456384K->140960K(522752K)] 622587K->412559K(1921024K), 0.0517545 secs] [Times: user=0.31 sys=0.00, real=0.05 secs] 
5011.931: [GC (GCLocker Initiated GC) [PSYoungGen: 489120K->110880K(520192K)] 760719K->514012K(1918464K), 0.0816780 secs] [Times: user=0.49 sys=0.01, real=0.09 secs] 
5013.682: [GC (Allocation Failure) [PSYoungGen: 459552K->141024K(521728K)] 862686K->651899K(1920000K), 0.0533417 secs] [Times: user=0.31 sys=0.00, real=0.05 secs] 
5015.239: [GC (Allocation Failure) [PSYoungGen: 489696K->109280K(523264K)] 1000571K->751407K(1921536K), 0.0976734 secs] [Times: user=0.58 sys=0.00, real=0.10 secs] 
5016.784: [GC (Allocation Failure) [PSYoungGen: 460512K->143200K(523776K)] 1102639K->891964K(1922048K), 0.0534860 secs] [Times: user=0.32 sys=0.00, real=0.05 secs] 
5018.663: [GC (Allocation Failure) [PSYoungGen: 494432K->110304K(524288K)] 1243196K->992532K(1922560K), 0.0965078 secs] [Times: user=0.58 sys=0.00, real=0.09 secs] 
5019.622: [GC (Allocation Failure) [PSYoungGen: 462048K->145344K(497152K)] 1344276K->1135517K(1895424K), 0.0542684 secs] [Times: user=0.32 sys=0.00, real=0.05 secs] 
5021.765: [GC (Allocation Failure) [PSYoungGen: 497088K->108032K(525312K)] 1487261K->1234685K(1923584K), 0.1016074 secs] [Times: user=0.60 sys=0.00, real=0.10 secs] 
5022.646: [GC (GCLocker Initiated GC) [PSYoungGen: 457728K->144512K(494592K)] 1584381K->1376306K(1892864K), 0.0532756 secs] [Times: user=0.31 sys=0.01, real=0.05 secs] 
5022.699: [Full GC (Ergonomics) [PSYoungGen: 144512K->0K(494592K)] [ParOldGen: 1231794K->179856K(1398272K)] 1376306K->179856K(1892864K), [Metaspace: 60563K->60563K(1105920K)], 0.4313955 secs] [Times: user=2.01 sys=0.00, real=0.43 secs] 
5024.888: [GC (Allocation Failure) [PSYoungGen: 349696K->106144K(524288K)] 529554K->286002K(1922560K), 0.0655040 secs] [Times: user=0.38 sys=0.00, real=0.07 secs] 
5026.534: [GC (Allocation Failure) [PSYoungGen: 454304K->143392K(492032K)] 634162K->426669K(1890304K), 0.0529267 secs] [Times: user=0.31 sys=0.00, real=0.05 secs] 
5029.292: [GC (Allocation Failure) [PSYoungGen: 491552K->106720K(523776K)] 774829K->524373K(1922048K), 0.0888458 secs] [Times: user=0.53 sys=0.01, real=0.08 secs] 
5030.151: [GC (Allocation Failure) [PSYoungGen: 453856K->144192K(491520K)] 871509K->665086K(1889792K), 0.0526192 secs] [Times: user=0.31 sys=0.00, real=0.06 secs] 
5031.516: [GC (Allocation Failure) [PSYoungGen: 491328K->108064K(523264K)] 1012222K->764106K(1921536K), 0.0648682 secs] [Times: user=0.38 sys=0.00, real=0.07 secs] 
5032.520: [GC (Allocation Failure) [PSYoungGen: 454176K->143424K(521728K)] 1110218K->904431K(1920000K), 0.0526691 secs] [Times: user=0.31 sys=0.00, real=0.06 secs] 
5034.108: [GC (Allocation Failure) [PSYoungGen: 489536K->104992K(522240K)] 1250543K->1000059K(1920512K), 0.1050281 secs] [Times: user=0.63 sys=0.00, real=0.11 secs] 
5035.553: [GC (Allocation Failure) [PSYoungGen: 450592K->144032K(489984K)] 1345659K->1140904K(1888256K), 0.0518878 secs] [Times: user=0.31 sys=0.00, real=0.05 secs] 
5037.084: [GC (Allocation Failure) [PSYoungGen: 489632K->106656K(522752K)] 1486504K->1238640K(1921024K), 0.0763116 secs] [Times: user=0.45 sys=0.00, real=0.07 secs] 
5038.561: [GC (Allocation Failure) [PSYoungGen: 451232K->141440K(520704K)] 1583216K->1377457K(1918976K), 0.0529177 secs] [Times: user=0.32 sys=0.00, real=0.06 secs] 
5038.614: [Full GC (Ergonomics) [PSYoungGen: 141440K->0K(520704K)] [ParOldGen: 1236017K->175671K(1398272K)] 1377457K->175671K(1918976K), [Metaspace: 60563K->60563K(1105920K)], 0.4221699 secs] [Times: user=1.96 sys=0.00, real=0.42 secs] 
5040.261: [GC (Allocation Failure) [PSYoungGen: 344576K->105984K(520704K)] 520247K->281655K(1918976K), 0.0350239 secs] [Times: user=0.20 sys=0.00, real=0.04 secs] 
5041.644: [GC (Allocation Failure) [PSYoungGen: 451584K->139392K(521216K)] 627255K->418136K(1919488K), 0.0520606 secs] [Times: user=0.31 sys=0.00, real=0.05 secs] 
5043.179: [GC (Allocation Failure) [PSYoungGen: 484992K->109856K(519680K)] 763736K->517820K(1917952K), 0.0936859 secs] [Times: user=0.56 sys=0.00, real=0.10 secs] 
5044.419: [GC (Allocation Failure) [PSYoungGen: 456992K->143680K(521216K)] 864956K->658780K(1919488K), 0.0534353 secs] [Times: user=0.31 sys=0.00, real=0.06 secs] 
5046.528: [GC (Allocation Failure) [PSYoungGen: 490816K->107200K(523264K)] 1005916K->756600K(1921536K), 0.1423729 secs] [Times: user=0.84 sys=0.00, real=0.14 secs] 
5048.100: [GC (Allocation Failure) [PSYoungGen: 455360K->143648K(492032K)] 1104760K->896901K(1890304K), 0.0525062 secs] [Times: user=0.31 sys=0.00, real=0.06 secs] 
5049.924: [GC (Allocation Failure) [PSYoungGen: 491808K->105216K(523776K)] 1245061K->992869K(1922048K), 0.1415349 secs] [Times: user=0.84 sys=0.01, real=0.14 secs] 
5051.592: [GC (Allocation Failure) [PSYoungGen: 452352K->140960K(522240K)] 1340005K->1130618K(1920512K), 0.0522421 secs] [Times: user=0.31 sys=0.01, real=0.05 secs] 
5053.285: [GC (Allocation Failure) [PSYoungGen: 488096K->108832K(520704K)] 1477754K->1229706K(1918976K), 0.0910849 secs] [Times: user=0.54 sys=0.00, real=0.09 secs] 
5054.933: [GC (Allocation Failure) [PSYoungGen: 456480K->139904K(521728K)] 1577354K->1367807K(1920000K), 0.0536412 secs] [Times: user=0.31 sys=0.00, real=0.05 secs] 
5057.406: [GC (GCLocker Initiated GC) [PSYoungGen: 487552K->105792K(522752K)] 1715456K->1464432K(1921024K), 0.0650359 secs] [Times: user=0.39 sys=0.00, real=0.06 secs] 
5057.471: [Full GC (Ergonomics) [PSYoungGen: 105792K->0K(522752K)] [ParOldGen: 1358640K->24680K(1398272K)] 1464432K->24680K(1921024K), [Metaspace: 60564K->60564K(1105920K)], 0.0372422 secs] [Times: user=0.10 sys=0.00, real=0.04 secs] 
5058.498: [GC (Allocation Failure) [PSYoungGen: 349696K->140320K(523264K)] 374379K->165003K(1921536K), 0.0281915 secs] [Times: user=0.16 sys=0.00, real=0.03 secs] 
5059.923: [GC (Allocation Failure) [PSYoungGen: 490016K->111712K(521216K)] 514699K->267095K(1919488K), 0.0703568 secs] [Times: user=0.41 sys=0.00, real=0.07 secs] 
5061.556: [GC (Allocation Failure) [PSYoungGen: 462432K->140544K(522752K)] 617815K->405268K(1921024K), 0.0534627 secs] [Times: user=0.32 sys=0.00, real=0.05 secs] 
5063.006: [GC (Allocation Failure) [PSYoungGen: 491264K->112096K(523264K)] 755988K->508012K(1921536K), 0.0661385 secs] [Times: user=0.39 sys=0.00, real=0.07 secs] 
5064.111: [GC (Allocation Failure) [PSYoungGen: 465376K->143968K(524288K)] 861292K->649841K(1922560K), 0.0540068 secs] [Times: user=0.32 sys=0.00, real=0.06 secs] 
5065.936: [GC (Allocation Failure) [PSYoungGen: 497248K->109568K(525824K)] 1003121K->750233K(1924096K), 0.0993717 secs] [Times: user=0.58 sys=0.01, real=0.10 secs] 
5067.745: [GC (Allocation Failure) [PSYoungGen: 463360K->145184K(499200K)] 1104025K->892294K(1897472K), 0.0537969 secs] [Times: user=0.32 sys=0.00, real=0.05 secs] 
5069.518: [GC (Allocation Failure) [PSYoungGen: 498976K->109056K(525824K)] 1246086K->992350K(1924096K), 0.0986455 secs] [Times: user=0.59 sys=0.00, real=0.10 secs] 
5070.767: [GC (Allocation Failure) [PSYoungGen: 460288K->144832K(496128K)] 1343582K->1134539K(1894400K), 0.0540470 secs] [Times: user=0.32 sys=0.00, real=0.05 secs] 
5072.850: [GC (Allocation Failure) [PSYoungGen: 496064K->108544K(525312K)] 1485771K->1233791K(1923584K), 0.1044132 secs] [Times: user=0.62 sys=0.01, real=0.11 secs] 
5073.962: [GC (Allocation Failure) [PSYoungGen: 458240K->143232K(523264K)] 1583487K->1373656K(1921536K), 0.0531045 secs] [Times: user=0.32 sys=0.00, real=0.05 secs] 
5074.015: [Full GC (Ergonomics) [PSYoungGen: 143232K->0K(523264K)] [ParOldGen: 1230424K->178983K(1398272K)] 1373656K->178983K(1921536K), [Metaspace: 60564K->60564K(1105920K)], 0.4224374 secs] [Times: user=1.96 sys=0.00, real=0.42 secs] 
5076.382: [GC (Allocation Failure) [PSYoungGen: 349696K->107488K(523776K)] 528679K->286471K(1922048K), 0.0853627 secs] [Times: user=0.43 sys=0.01, real=0.08 secs] 
5078.003: [GC (Allocation Failure) [PSYoungGen: 456672K->150752K(500224K)] 635655K->434218K(1898496K), 0.0529042 secs] [Times: user=0.31 sys=0.00, real=0.05 secs] 
5079.841: [GC (GCLocker Initiated GC) [PSYoungGen: 499936K->107488K(521728K)] 783402K->524082K(1920000K), 0.1148923 secs] [Times: user=0.68 sys=0.00, real=0.11 secs] 
5081.516: [GC (Allocation Failure) [PSYoungGen: 450528K->139904K(520192K)] 867193K->661250K(1918464K), 0.0523310 secs] [Times: user=0.31 sys=0.00, real=0.05 secs] 
5083.296: [GC (Allocation Failure) [PSYoungGen: 482944K->103936K(520704K)] 1004290K->755922K(1918976K), 0.1305237 secs] [Times: user=0.78 sys=0.01, real=0.13 secs] 
5084.650: [GC (Allocation Failure) [PSYoungGen: 448000K->141472K(520192K)] 1099986K->894471K(1918464K), 0.0518976 secs] [Times: user=0.31 sys=0.00, real=0.06 secs] 
5086.654: [GC (Allocation Failure) [PSYoungGen: 485536K->106976K(520704K)] 1238535K->992363K(1918976K), 0.1500857 secs] [Times: user=0.81 sys=0.01, real=0.15 secs] 
5088.423: [GC (Allocation Failure) [PSYoungGen: 452576K->139520K(521216K)] 1337963K->1129508K(1919488K), 0.0532635 secs] [Times: user=0.32 sys=0.00, real=0.05 secs] 
5089.908: [GC (Allocation Failure) [PSYoungGen: 485120K->109632K(518656K)] 1475108K->1229828K(1916928K), 0.0827732 secs] [Times: user=0.49 sys=0.00, real=0.08 secs] 
5091.354: [GC (Allocation Failure) [PSYoungGen: 456768K->139552K(520704K)] 1576964K->1366760K(1918976K), 0.0542340 secs] [Times: user=0.31 sys=0.01, real=0.05 secs] 
5092.766: [GC (Allocation Failure) [PSYoungGen: 486688K->107904K(522240K)] 1713896K->1465232K(1920512K), 0.0726886 secs] [Times: user=0.43 sys=0.00, real=0.07 secs] 
5092.839: [Full GC (Ergonomics) [PSYoungGen: 107904K->0K(522240K)] [ParOldGen: 1357328K->26085K(1398272K)] 1465232K->26085K(1920512K), [Metaspace: 60564K->60564K(1105920K)], 0.0456598 secs] [Times: user=0.14 sys=0.00, real=0.05 secs] 
5094.223: [GC (Allocation Failure) [PSYoungGen: 350720K->142016K(523264K)] 376805K->168101K(1921536K), 0.0286683 secs] [Times: user=0.16 sys=0.00, real=0.03 secs] 
5095.631: [GC (Allocation Failure) [PSYoungGen: 492736K->111552K(523264K)] 518821K->270237K(1921536K), 0.0749458 secs] [Times: user=0.45 sys=0.00, real=0.07 secs] 
5096.695: [GC (Allocation Failure) [PSYoungGen: 463296K->145024K(523776K)] 621981K->413518K(1922048K), 0.0538902 secs] [Times: user=0.32 sys=0.00, real=0.05 secs] 
5098.883: [GC (GCLocker Initiated GC) [PSYoungGen: 496768K->107488K(525312K)] 765262K->512374K(1923584K), 0.0725665 secs] [Times: user=0.43 sys=0.00, real=0.07 secs] 
5100.303: [GC (Allocation Failure) [PSYoungGen: 457696K->143520K(494080K)] 862585K->652454K(1892352K), 0.0524799 secs] [Times: user=0.31 sys=0.00, real=0.05 secs] 
5102.268: [GC (Allocation Failure) [PSYoungGen: 493728K->107936K(525312K)] 1002662K->751282K(1923584K), 0.1281509 secs] [Times: user=0.76 sys=0.01, real=0.13 secs] 
5104.163: [GC (Allocation Failure) [PSYoungGen: 457632K->150656K(500736K)] 1100978K->899183K(1899008K), 0.0530376 secs] [Times: user=0.31 sys=0.00, real=0.05 secs] 
5106.063: [GC (Allocation Failure) [PSYoungGen: 500352K->109888K(522240K)] 1248879K->991503K(1920512K), 0.1064534 secs] [Times: user=0.63 sys=0.00, real=0.10 secs] 
5108.034: [GC (Allocation Failure) [PSYoungGen: 453440K->139776K(520192K)] 1335055K->1128348K(1918464K), 0.0531681 secs] [Times: user=0.32 sys=0.00, real=0.05 secs] 
5109.548: [GC (GCLocker Initiated GC) [PSYoungGen: 483328K->105344K(520704K)] 1471900K->1224300K(1918976K), 0.0647361 secs] [Times: user=0.38 sys=0.00, real=0.07 secs] 
5111.593: [GC (Allocation Failure) [PSYoungGen: 450432K->147488K(520192K)] 1569427K->1369160K(1918464K), 0.0523443 secs] [Times: user=0.31 sys=0.01, real=0.05 secs] 
5112.948: [GC (Allocation Failure) [PSYoungGen: 492576K->109184K(521728K)] 1714248K->1460828K(1920000K), 0.0651385 secs] [Times: user=0.38 sys=0.01, real=0.07 secs] 
5113.013: [Full GC (Ergonomics) [PSYoungGen: 109184K->0K(521728K)] [ParOldGen: 1351644K->28794K(1398272K)] 1460828K->28794K(1920000K), [Metaspace: 60564K->60564K(1105920K)], 0.0553246 secs] [Times: user=0.19 sys=0.00, real=0.05 secs] 
5114.288: [GC (Allocation Failure) [PSYoungGen: 343552K->139776K(520192K)] 372346K->168570K(1918464K), 0.0276508 secs] [Times: user=0.15 sys=0.00, real=0.03 secs] 
5116.446: [GC (Allocation Failure) [PSYoungGen: 483328K->106560K(520704K)] 512122K->265970K(1918976K), 0.0814932 secs] [Times: user=0.48 sys=0.00, real=0.08 secs] 
5117.546: [GC (Allocation Failure) [PSYoungGen: 452160K->140736K(520704K)] 611570K->404598K(1918976K), 0.0720361 secs] [Times: user=0.43 sys=0.00, real=0.07 secs] 
5118.918: [GC (Allocation Failure) [PSYoungGen: 486336K->108128K(520704K)] 750198K->503267K(1918976K), 0.0645597 secs] [Times: user=0.39 sys=0.00, real=0.07 secs] 
5120.043: [GC (Allocation Failure) [PSYoungGen: 455776K->141856K(521728K)] 850915K->642791K(1920000K), 0.0522895 secs] [Times: user=0.31 sys=0.00, real=0.05 secs] 
5121.690: [GC (Allocation Failure) [PSYoungGen: 489504K->108448K(523264K)] 990439K->742175K(1921536K), 0.1349495 secs] [Times: user=0.80 sys=0.00, real=0.14 secs] 
5124.165: [GC (Allocation Failure) [PSYoungGen: 457632K->139904K(523264K)] 1091359K->879468K(1921536K), 0.0530856 secs] [Times: user=0.31 sys=0.01, real=0.05 secs] 
5125.586: [GC (Allocation Failure) [PSYoungGen: 489088K->109184K(521216K)] 1228652K->979740K(1919488K), 0.0775938 secs] [Times: user=0.46 sys=0.00, real=0.08 secs] 
5127.739: [GC (Allocation Failure) [PSYoungGen: 459392K->138624K(522752K)] 1329948K->1116009K(1921024K), 0.0533235 secs] [Times: user=0.32 sys=0.00, real=0.06 secs] 
5129.100: [GC (Allocation Failure) [PSYoungGen: 488832K->111840K(522752K)] 1466217K->1218449K(1921024K), 0.0660678 secs] [Times: user=0.39 sys=0.01, real=0.07 secs] 
5130.968: [GC (Allocation Failure) [PSYoungGen: 465120K->141568K(524288K)] 1571729K->1358070K(1922560K), 0.0556716 secs] [Times: user=0.32 sys=0.00, real=0.06 secs] 
5133.070: [GC (Allocation Failure) [PSYoungGen: 494848K->109600K(525312K)] 1711350K->1458886K(1923584K), 0.0768561 secs] [Times: user=0.45 sys=0.01, real=0.08 secs] 
5133.147: [Full GC (Ergonomics) [PSYoungGen: 109600K->0K(525312K)] [ParOldGen: 1349286K->26225K(1398272K)] 1458886K->26225K(1923584K), [Metaspace: 60602K->60602K(1105920K)], 0.0424767 secs] [Times: user=0.13 sys=0.00, real=0.04 secs] 
5134.778: [GC (Allocation Failure) [PSYoungGen: 355328K->142688K(525824K)] 381553K->168913K(1924096K), 0.0284436 secs] [Times: user=0.17 sys=0.00, real=0.03 secs] 
5136.390: [GC (Allocation Failure) [PSYoungGen: 498016K->110080K(526336K)] 524241K->269773K(1924608K), 0.1052422 secs] [Times: user=0.62 sys=0.00, real=0.11 secs] 
5137.810: [GC (Allocation Failure) [PSYoungGen: 464896K->143904K(499200K)] 624589K->411450K(1897472K), 0.0529413 secs] [Times: user=0.31 sys=0.00, real=0.06 secs] 
5139.783: [GC (Allocation Failure) [PSYoungGen: 498720K->110272K(527360K)] 766266K->512810K(1925632K), 0.1310561 secs] [Times: user=0.78 sys=0.00, real=0.13 secs] 
5141.863: [GC (Allocation Failure) [PSYoungGen: 464064K->144128K(498176K)] 866602K->654191K(1896448K), 0.0534073 secs] [Times: user=0.31 sys=0.00, real=0.05 secs] 
5143.411: [GC (Allocation Failure) [PSYoungGen: 497920K->110208K(526848K)] 1007983K->755063K(1925120K), 0.0699217 secs] [Times: user=0.41 sys=0.00, real=0.07 secs] 
5145.302: [GC (Allocation Failure) [PSYoungGen: 462976K->143328K(524800K)] 1107831K->895235K(1923072K), 0.0539195 secs] [Times: user=0.31 sys=0.00, real=0.05 secs] 
5147.118: [GC (Allocation Failure) [PSYoungGen: 496096K->109408K(525312K)] 1248003K->995347K(1923584K), 0.1354519 secs] [Times: user=0.81 sys=0.01, real=0.14 secs] 
5148.502: [GC (GCLocker Initiated GC) [PSYoungGen: 461664K->143488K(496128K)] 1347603K->1136612K(1894400K), 0.0550584 secs] [Times: user=0.32 sys=0.00, real=0.05 secs] 
5150.327: [GC (Allocation Failure) [PSYoungGen: 495744K->109280K(525824K)] 1488907K->1236931K(1924096K), 0.1315415 secs] [Times: user=0.78 sys=0.00, real=0.13 secs] 
5152.099: [GC (Allocation Failure) [PSYoungGen: 460512K->145152K(496640K)] 1588163K->1378392K(1894912K), 0.0533506 secs] [Times: user=0.31 sys=0.00, real=0.06 secs] 
5152.152: [Full GC (Ergonomics) [PSYoungGen: 145152K->0K(496640K)] [ParOldGen: 1233240K->183071K(1398272K)] 1378392K->183071K(1894912K), [Metaspace: 60602K->60602K(1105920K)], 0.4314864 secs] [Times: user=2.01 sys=0.00, real=0.43 secs] 
5154.193: [GC (Allocation Failure) [PSYoungGen: 351232K->107488K(524800K)] 534303K->290559K(1923072K), 0.0784331 secs] [Times: user=0.46 sys=0.00, real=0.08 secs] 
5155.674: [GC (GCLocker Initiated GC) [PSYoungGen: 456672K->143424K(493056K)] 639743K->430028K(1891328K), 0.0527118 secs] [Times: user=0.31 sys=0.00, real=0.05 secs] 
5158.074: [GC (Allocation Failure) [PSYoungGen: 492608K->111744K(525312K)] 779219K->532635K(1923584K), 0.1268268 secs] [Times: user=0.75 sys=0.00, real=0.12 secs] 
5159.365: [GC (GCLocker Initiated GC) [PSYoungGen: 460928K->144672K(522752K)] 881820K->671288K(1921024K), 0.0510199 secs] [Times: user=0.30 sys=0.00, real=0.05 secs] 
5161.125: [GC (GCLocker Initiated GC) [PSYoungGen: 493856K->107104K(523776K)] 1020474K->769098K(1922048K), 0.1133076 secs] [Times: user=0.67 sys=0.00, real=0.11 secs] 
5163.303: [GC (Allocation Failure) [PSYoungGen: 455264K->141760K(522752K)] 1117261K->907218K(1921024K), 0.0522672 secs] [Times: user=0.30 sys=0.01, real=0.05 secs] 
5165.034: [GC (Allocation Failure) [PSYoungGen: 489920K->107488K(522240K)] 1255378K->1005666K(1920512K), 0.1344709 secs] [Times: user=0.80 sys=0.00, real=0.13 secs] 
5166.434: [GC (Allocation Failure) [PSYoungGen: 456160K->143584K(522752K)] 1354338K->1146626K(1921024K), 0.0531024 secs] [Times: user=0.32 sys=0.00, real=0.05 secs] 
5168.287: [GC (Allocation Failure) [PSYoungGen: 492256K->107392K(523264K)] 1495298K->1244658K(1921536K), 0.0998048 secs] [Times: user=0.59 sys=0.00, real=0.10 secs] 
5169.678: [GC (Allocation Failure) [PSYoungGen: 455552K->144224K(492544K)] 1592818K->1385687K(1890816K), 0.0530084 secs] [Times: user=0.31 sys=0.00, real=0.06 secs] 
5169.731: [Full GC (Ergonomics) [PSYoungGen: 144224K->0K(492544K)] [ParOldGen: 1241463K->179904K(1398272K)] 1385687K->179904K(1890816K), [Metaspace: 60604K->60604K(1105920K)], 0.4296600 secs] [Times: user=2.00 sys=0.00, real=0.42 secs] 
5171.466: [GC (Allocation Failure) [PSYoungGen: 348160K->106720K(523776K)] 528064K->286624K(1922048K), 0.0339774 secs] [Times: user=0.20 sys=0.00, real=0.03 secs] 
5172.570: [GC (Allocation Failure) [PSYoungGen: 453856K->144064K(491520K)] 633760K->427824K(1889792K), 0.0522474 secs] [Times: user=0.31 sys=0.00, real=0.06 secs] 
5174.051: [GC (Allocation Failure) [PSYoungGen: 491200K->106816K(523264K)] 774960K->525709K(1921536K), 0.0882247 secs] [Times: user=0.53 sys=0.00, real=0.09 secs] 
5175.385: [GC (Allocation Failure) [PSYoungGen: 452928K->141920K(521728K)] 871821K->664237K(1920000K), 0.0522550 secs] [Times: user=0.31 sys=0.00, real=0.05 secs] 
5177.111: [GC (Allocation Failure) [PSYoungGen: 488032K->108128K(520704K)] 1010349K->762949K(1918976K), 0.1176102 secs] [Times: user=0.69 sys=0.01, real=0.11 secs] 
5177.999: [GC (GCLocker Initiated GC) [PSYoungGen: 454240K->142720K(521216K)] 1109062K->902714K(1919488K), 0.0532487 secs] [Times: user=0.31 sys=0.00, real=0.06 secs] 
5179.745: [GC (GCLocker Initiated GC) [PSYoungGen: 488832K->105312K(522240K)] 1248830K->998662K(1920512K), 0.1005904 secs] [Times: user=0.59 sys=0.00, real=0.10 secs] 
5181.133: [GC (Allocation Failure) [PSYoungGen: 452448K->151200K(498688K)] 1345869K->1146676K(1896960K), 0.0535477 secs] [Times: user=0.32 sys=0.00, real=0.05 secs] 
5182.784: [GC (Allocation Failure) [PSYoungGen: 498336K->106880K(520704K)] 1493812K->1235980K(1918976K), 0.1080598 secs] [Times: user=0.64 sys=0.00, real=0.11 secs] 
5184.661: [GC (Allocation Failure) [PSYoungGen: 447360K->137312K(478208K)] 1576460K->1370729K(1876480K), 0.0530448 secs] [Times: user=0.32 sys=0.00, real=0.06 secs] 
5184.714: [Full GC (Ergonomics) [PSYoungGen: 137312K->0K(478208K)] [ParOldGen: 1233417K->169507K(1398272K)] 1370729K->169507K(1876480K), [Metaspace: 60604K->60604K(1105920K)], 0.4074201 secs] [Times: user=1.90 sys=0.00, real=0.41 secs] 
5186.342: [GC (Allocation Failure) [PSYoungGen: 340480K->106752K(520192K)] 509987K->276259K(1918464K), 0.0359401 secs] [Times: user=0.21 sys=0.00, real=0.03 secs] 
5188.163: [GC (Allocation Failure) [PSYoungGen: 449280K->136064K(518144K)] 618787K->409871K(1916416K), 0.0525669 secs] [Times: user=0.31 sys=0.00, real=0.05 secs] 
5189.504: [GC (Allocation Failure) [PSYoungGen: 478592K->109600K(520704K)] 752399K->509664K(1918976K), 0.0637826 secs] [Times: user=0.38 sys=0.00, real=0.06 secs] 
5191.539: [GC (Allocation Failure) [PSYoungGen: 457760K->138080K(520704K)] 857824K->645460K(1918976K), 0.0532534 secs] [Times: user=0.31 sys=0.01, real=0.06 secs] 
5192.899: [GC (Allocation Failure) [PSYoungGen: 486240K->112960K(521728K)] 993620K->748916K(1920000K), 0.0651679 secs] [Times: user=0.39 sys=0.01, real=0.07 secs] 
5194.578: [GC (Allocation Failure) [PSYoungGen: 466240K->142016K(523776K)] 1102196K->888705K(1922048K), 0.0543571 secs] [Times: user=0.32 sys=0.00, real=0.06 secs] 
5196.008: [GC (Allocation Failure) [PSYoungGen: 495296K->111232K(526336K)] 1241985K->990553K(1924608K), 0.0657317 secs] [Times: user=0.39 sys=0.00, real=0.07 secs] 
5197.010: [GC (Allocation Failure) [PSYoungGen: 467072K->145600K(501760K)] 1346393K->1133862K(1900032K), 0.0544293 secs] [Times: user=0.33 sys=0.00, real=0.06 secs] 
5198.504: [GC (Allocation Failure) [PSYoungGen: 501440K->110816K(527360K)] 1489702K->1235262K(1925632K), 0.0847899 secs] [Times: user=0.51 sys=0.00, real=0.08 secs] 
5199.939: [GC (Allocation Failure) [PSYoungGen: 464608K->145664K(499712K)] 1589054K->1378099K(1897984K), 0.0551881 secs] [Times: user=0.32 sys=0.00, real=0.06 secs] 
5201.894: [GC (Allocation Failure) [PSYoungGen: 499456K->109952K(525824K)] 1731891K->1478811K(1924096K), 0.1133447 secs] [Times: user=0.67 sys=0.00, real=0.11 secs] 
5202.008: [Full GC (Ergonomics) [PSYoungGen: 109952K->0K(525824K)] [ParOldGen: 1368859K->39856K(1398272K)] 1478811K->39856K(1924096K), [Metaspace: 60604K->60604K(1105920K)], 0.0896010 secs] [Times: user=0.37 sys=0.00, real=0.09 secs] 
5203.956: [GC (Allocation Failure) [PSYoungGen: 351232K->143008K(524288K)] 391088K->182864K(1922560K), 0.0283753 secs] [Times: user=0.16 sys=0.00, real=0.03 secs] 
5205.582: [GC (Allocation Failure) [PSYoungGen: 494240K->109312K(524288K)] 534096K->282840K(1922560K), 0.0824991 secs] [Times: user=0.49 sys=0.00, real=0.08 secs] 
5207.201: [GC (Allocation Failure) [PSYoungGen: 460544K->142720K(524288K)] 634072K->422413K(1922560K), 0.0529199 secs] [Times: user=0.31 sys=0.00, real=0.06 secs] 
5208.998: [GC (Allocation Failure) [PSYoungGen: 493952K->108128K(524288K)] 773645K->521077K(1922560K), 0.1323510 secs] [Times: user=0.79 sys=0.01, real=0.13 secs] 
5210.639: [GC (Allocation Failure) [PSYoungGen: 459360K->144832K(496128K)] 872309K->663034K(1894400K), 0.0525554 secs] [Times: user=0.31 sys=0.00, real=0.06 secs] 
5212.318: [GC (GCLocker Initiated GC) [PSYoungGen: 496064K->108448K(524800K)] 1014266K->762102K(1923072K), 0.0728522 secs] [Times: user=0.43 sys=0.00, real=0.07 secs] 
5213.091: [GC (Allocation Failure) [PSYoungGen: 457632K->146848K(496128K)] 1111289K->904750K(1894400K), 0.0526532 secs] [Times: user=0.31 sys=0.00, real=0.06 secs] 
5215.012: [GC (Allocation Failure) [PSYoungGen: 496032K->105792K(523264K)] 1253934K->1001278K(1921536K), 0.1054474 secs] [Times: user=0.62 sys=0.00, real=0.10 secs] 
5215.817: [GC (Allocation Failure) [PSYoungGen: 451904K->145376K(491520K)] 1347390K->1142703K(1889792K), 0.0517644 secs] [Times: user=0.31 sys=0.00, real=0.05 secs] 
5217.443: [GC (Allocation Failure) [PSYoungGen: 491488K->105824K(522240K)] 1488815K->1239255K(1920512K), 0.0771875 secs] [Times: user=0.46 sys=0.00, real=0.07 secs] 
5218.795: [GC (Allocation Failure) [PSYoungGen: 449888K->144288K(488448K)] 1583319K->1379636K(1886720K), 0.0521211 secs] [Times: user=0.31 sys=0.00, real=0.05 secs] 
5218.847: [Full GC (Ergonomics) [PSYoungGen: 144288K->0K(488448K)] [ParOldGen: 1235348K->183706K(1398272K)] 1379636K->183706K(1886720K), [Metaspace: 60604K->60604K(1105920K)], 0.4376957 secs] [Times: user=2.02 sys=0.00, real=0.44 secs] 
5221.333: [GC (Allocation Failure) [PSYoungGen: 344064K->104416K(521216K)] 527770K->288122K(1919488K), 0.1005894 secs] [Times: user=0.60 sys=0.00, real=0.10 secs] 
5222.910: [GC (Allocation Failure) [PSYoungGen: 446944K->139904K(520192K)] 630650K->425187K(1918464K), 0.0514170 secs] [Times: user=0.30 sys=0.00, real=0.06 secs] 
5224.446: [GC (Allocation Failure) [PSYoungGen: 482432K->104928K(519168K)] 767715K->521203K(1917440K), 0.1031582 secs] [Times: user=0.61 sys=0.00, real=0.10 secs] 
5225.890: [GC (Allocation Failure) [PSYoungGen: 448480K->141312K(519680K)] 864755K->659907K(1917952K), 0.0520323 secs] [Times: user=0.31 sys=0.00, real=0.06 secs] 
5227.525: [GC (Allocation Failure) [PSYoungGen: 484864K->105120K(521216K)] 1003459K->755835K(1919488K), 0.0902532 secs] [Times: user=0.54 sys=0.00, real=0.09 secs] 
5229.467: [GC (Allocation Failure) [PSYoungGen: 450208K->141504K(521216K)] 1100923K->894352K(1919488K), 0.0519933 secs] [Times: user=0.31 sys=0.00, real=0.05 secs] 
5230.881: [GC (Allocation Failure) [PSYoungGen: 486592K->106432K(520704K)] 1239440K->991368K(1918976K), 0.0645643 secs] [Times: user=0.38 sys=0.00, real=0.06 secs] 
5232.208: [GC (GCLocker Initiated GC) [PSYoungGen: 452032K->137504K(521216K)] 1336969K->1126429K(1919488K), 0.0524165 secs] [Times: user=0.31 sys=0.00, real=0.05 secs] 
5233.544: [GC (Allocation Failure) [PSYoungGen: 483104K->109472K(519168K)] 1472100K->1226336K(1917440K), 0.0640730 secs] [Times: user=0.38 sys=0.00, real=0.06 secs] 
5235.461: [GC (Allocation Failure) [PSYoungGen: 457632K->139360K(521216K)] 1574496K->1363725K(1919488K), 0.0539551 secs] [Times: user=0.31 sys=0.00, real=0.06 secs] 
5236.801: [GC (Allocation Failure) [PSYoungGen: 487520K->110592K(521728K)] 1711885K->1464825K(1920000K), 0.0666445 secs] [Times: user=0.39 sys=0.01, real=0.07 secs] 
5236.868: [Full GC (Ergonomics) [PSYoungGen: 110592K->0K(521728K)] [ParOldGen: 1354233K->24940K(1398272K)] 1464825K->24940K(1920000K), [Metaspace: 60604K->60604K(1105920K)], 0.0402332 secs] [Times: user=0.12 sys=0.00, real=0.04 secs] 
5238.550: [GC (GCLocker Initiated GC) [PSYoungGen: 351744K->140608K(523264K)] 376684K->165548K(1921536K), 0.0282543 secs] [Times: user=0.16 sys=0.00, real=0.03 secs] 
5240.027: [GC (Allocation Failure) [PSYoungGen: 492352K->110784K(524800K)] 517331K->266903K(1923072K), 0.0802768 secs] [Times: user=0.47 sys=0.00, real=0.08 secs] 
5241.799: [GC (Allocation Failure) [PSYoungGen: 465088K->141856K(525312K)] 621207K->406483K(1923584K), 0.0533503 secs] [Times: user=0.31 sys=0.00, real=0.06 secs] 
5243.188: [GC (Allocation Failure) [PSYoungGen: 496160K->112384K(525312K)] 760787K->509464K(1923584K), 0.0649038 secs] [Times: user=0.39 sys=0.00, real=0.07 secs] 
5244.620: [GC (Allocation Failure) [PSYoungGen: 467712K->146400K(501760K)] 864792K->653216K(1900032K), 0.0540654 secs] [Times: user=0.32 sys=0.00, real=0.06 secs] 
5245.948: [GC (Allocation Failure) [PSYoungGen: 501728K->112096K(527360K)] 1008544K->756008K(1925632K), 0.0647285 secs] [Times: user=0.38 sys=0.00, real=0.07 secs] 
5247.069: [GC (Allocation Failure) [PSYoungGen: 465376K->146208K(499712K)] 1109288K->899729K(1897984K), 0.0542478 secs] [Times: user=0.32 sys=0.00, real=0.06 secs] 
5249.192: [GC (Allocation Failure) [PSYoungGen: 499488K->105248K(524800K)] 1253009K->995941K(1923072K), 0.0894472 secs] [Times: user=0.53 sys=0.01, real=0.09 secs] 
5250.660: [GC (Allocation Failure) [PSYoungGen: 454944K->152960K(502784K)] 1345637K->1145348K(1901056K), 0.0532242 secs] [Times: user=0.31 sys=0.00, real=0.06 secs] 
5252.263: [GC (Allocation Failure) [PSYoungGen: 502656K->108576K(521216K)] 1495044K->1236504K(1919488K), 0.1284628 secs] [Times: user=0.76 sys=0.00, real=0.12 secs] 
5253.961: [GC (Allocation Failure) [PSYoungGen: 450592K->141248K(519680K)] 1578520K->1373729K(1917952K), 0.0531496 secs] [Times: user=0.31 sys=0.00, real=0.06 secs] 
5254.014: [Full GC (Ergonomics) [PSYoungGen: 141248K->0K(519680K)] [ParOldGen: 1232481K->178878K(1398272K)] 1373729K->178878K(1917952K), [Metaspace: 60604K->60604K(1105920K)], 0.4246718 secs] [Times: user=1.98 sys=0.00, real=0.42 secs] 
5255.962: [GC (Allocation Failure) [PSYoungGen: 342016K->103808K(520192K)] 520894K->282686K(1918464K), 0.0537654 secs] [Times: user=0.32 sys=0.00, real=0.05 secs] 
5258.274: [GC (Allocation Failure) [PSYoungGen: 446848K->140736K(520192K)] 625726K->419739K(1918464K), 0.0516177 secs] [Times: user=0.31 sys=0.00, real=0.05 secs] 
5259.730: [GC (Allocation Failure) [PSYoungGen: 483776K->107232K(518144K)] 762779K->517635K(1916416K), 0.0818520 secs] [Times: user=0.48 sys=0.01, real=0.09 secs] 
5261.551: [GC (Allocation Failure) [PSYoungGen: 451296K->140096K(519680K)] 861699K->655236K(1917952K), 0.0525646 secs] [Times: user=0.31 sys=0.00, real=0.05 secs] 
5263.026: [GC (Allocation Failure) [PSYoungGen: 484160K->108128K(520192K)] 999300K->754292K(1918464K), 0.0647709 secs] [Times: user=0.38 sys=0.00, real=0.06 secs] 
5263.994: [GC (Allocation Failure) [PSYoungGen: 454752K->142208K(521216K)] 1100916K->893953K(1919488K), 0.0529090 secs] [Times: user=0.31 sys=0.00, real=0.05 secs] 
5265.436: [GC (Allocation Failure) [PSYoungGen: 488832K->107936K(521728K)] 1240577K->992553K(1920000K), 0.0644750 secs] [Times: user=0.38 sys=0.00, real=0.06 secs] 
5266.628: [GC (Allocation Failure) [PSYoungGen: 456096K->142400K(522240K)] 1340713K->1132198K(1920512K), 0.0533772 secs] [Times: user=0.32 sys=0.00, real=0.06 secs] 
5267.995: [GC (Allocation Failure) [PSYoungGen: 490560K->108608K(522752K)] 1480358K->1231326K(1921024K), 0.0659192 secs] [Times: user=0.39 sys=0.00, real=0.06 secs] 
5269.665: [GC (Allocation Failure) [PSYoungGen: 457280K->142848K(522752K)] 1579998K->1371947K(1921024K), 0.0542025 secs] [Times: user=0.32 sys=0.00, real=0.05 secs] 
5271.281: [GC (Allocation Failure) [PSYoungGen: 491520K->107456K(522752K)] 1720619K->1470467K(1921024K), 0.1033883 secs] [Times: user=0.61 sys=0.01, real=0.11 secs] 
5271.385: [Full GC (Ergonomics) [PSYoungGen: 107456K->0K(522752K)] [ParOldGen: 1363011K->31376K(1398272K)] 1470467K->31376K(1921024K), [Metaspace: 60604K->60604K(1105920K)], 0.0670144 secs] [Times: user=0.22 sys=0.00, real=0.07 secs] 
5272.818: [GC (Allocation Failure) [PSYoungGen: 348672K->143712K(522752K)] 380048K->175088K(1921024K), 0.0289228 secs] [Times: user=0.17 sys=0.00, real=0.03 secs] 
5274.131: [GC (GCLocker Initiated GC) [PSYoungGen: 492384K->106464K(523264K)] 523760K->272164K(1921536K), 0.0688865 secs] [Times: user=0.41 sys=0.00, real=0.07 secs] 
5275.798: [GC (Allocation Failure) [PSYoungGen: 454624K->140544K(522752K)] 620395K->410040K(1921024K), 0.0514862 secs] [Times: user=0.30 sys=0.01, real=0.05 secs] 
5277.123: [GC (Allocation Failure) [PSYoungGen: 488704K->109728K(521216K)] 758200K->510308K(1919488K), 0.0652483 secs] [Times: user=0.39 sys=0.00, real=0.06 secs] 
5279.288: [GC (Allocation Failure) [PSYoungGen: 458400K->141312K(522240K)] 858980K->649137K(1920512K), 0.0533991 secs] [Times: user=0.31 sys=0.00, real=0.06 secs] 
5280.610: [GC (Allocation Failure) [PSYoungGen: 489984K->109472K(522752K)] 997809K->749301K(1921024K), 0.0649445 secs] [Times: user=0.39 sys=0.00, real=0.07 secs] 
5281.502: [GC (Allocation Failure) [PSYoungGen: 459680K->144128K(523264K)] 1099509K->890786K(1921536K), 0.0539764 secs] [Times: user=0.32 sys=0.00, real=0.05 secs] 
5283.087: [GC (Allocation Failure) [PSYoungGen: 494336K->108000K(523776K)] 1240994K->989394K(1922048K), 0.1000635 secs] [Times: user=0.60 sys=0.00, real=0.10 secs] 
5284.064: [GC (Allocation Failure) [PSYoungGen: 457696K->144832K(494592K)] 1339090K->1131431K(1892864K), 0.0535389 secs] [Times: user=0.32 sys=0.00, real=0.05 secs] 
5286.009: [GC (Allocation Failure) [PSYoungGen: 494528K->106656K(524288K)] 1481127K->1228719K(1922560K), 0.1582232 secs] [Times: user=0.94 sys=0.01, real=0.16 secs] 
5287.896: [GC (Allocation Failure) [PSYoungGen: 454816K->143008K(491520K)] 1576879K->1368899K(1889792K), 0.0534104 secs] [Times: user=0.31 sys=0.00, real=0.05 secs] 
5289.381: [GC (Allocation Failure) [PSYoungGen: 491168K->108160K(524288K)] 1717059K->1467699K(1922560K), 0.0940288 secs] [Times: user=0.55 sys=0.01, real=0.10 secs] 
5289.475: [Full GC (Ergonomics) [PSYoungGen: 108160K->0K(524288K)] [ParOldGen: 1359539K->34490K(1398272K)] 1467699K->34490K(1922560K), [Metaspace: 60609K->60609K(1105920K)], 0.0628192 secs] [Times: user=0.23 sys=0.00, real=0.06 secs] 
5291.751: [GC (Allocation Failure) [PSYoungGen: 347648K->139584K(522240K)] 382138K->174074K(1920512K), 0.0283630 secs] [Times: user=0.17 sys=0.00, real=0.03 secs] 
5293.042: [GC (Allocation Failure) [PSYoungGen: 487232K->109792K(521728K)] 521722K->273986K(1920000K), 0.0635262 secs] [Times: user=0.37 sys=0.00, real=0.06 secs] 
5295.319: [GC (Allocation Failure) [PSYoungGen: 458976K->141408K(522240K)] 623170K->412271K(1920512K), 0.0525846 secs] [Times: user=0.31 sys=0.01, real=0.06 secs] 
5296.696: [GC (Allocation Failure) [PSYoungGen: 490592K->108992K(523264K)] 761455K->511999K(1921536K), 0.0633423 secs] [Times: user=0.37 sys=0.00, real=0.06 secs] 
5297.606: [GC (GCLocker Initiated GC) [PSYoungGen: 460224K->144736K(523776K)] 863231K->654924K(1922048K), 0.0535161 secs] [Times: user=0.32 sys=0.00, real=0.05 secs] 
5299.722: [GC (Allocation Failure) [PSYoungGen: 495968K->107264K(524800K)] 1006159K->753479K(1923072K), 0.1693363 secs] [Times: user=1.01 sys=0.00, real=0.17 secs] 
5301.723: [GC (Allocation Failure) [PSYoungGen: 457472K->143840K(494080K)] 1103687K->893628K(1892352K), 0.0526188 secs] [Times: user=0.31 sys=0.00, real=0.05 secs] 
5303.230: [GC (GCLocker Initiated GC) [PSYoungGen: 494048K->107040K(524288K)] 1243836K->991728K(1922560K), 0.0970071 secs] [Times: user=0.57 sys=0.01, real=0.10 secs] 
5305.185: [GC (Allocation Failure) [PSYoungGen: 455200K->143168K(522752K)] 1339891K->1131831K(1921024K), 0.0521624 secs] [Times: user=0.31 sys=0.00, real=0.05 secs] 
5306.500: [GC (Allocation Failure) [PSYoungGen: 491328K->108480K(522752K)] 1479991K->1230911K(1921024K), 0.0649552 secs] [Times: user=0.38 sys=0.00, real=0.07 secs] 
5308.033: [GC (Allocation Failure) [PSYoungGen: 456640K->140736K(522752K)] 1579071K->1368796K(1921024K), 0.0536371 secs] [Times: user=0.32 sys=0.00, real=0.05 secs] 
5309.471: [GC (Allocation Failure) [PSYoungGen: 488896K->110848K(520192K)] 1716956K->1469668K(1918464K), 0.0673427 secs] [Times: user=0.40 sys=0.00, real=0.07 secs] 
5309.538: [Full GC (Ergonomics) [PSYoungGen: 110848K->0K(520192K)] [ParOldGen: 1358820K->35441K(1398272K)] 1469668K->35441K(1918464K), [Metaspace: 60609K->60609K(1105920K)], 0.0673456 secs] [Times: user=0.25 sys=0.00, real=0.07 secs] 
5311.242: [GC (GCLocker Initiated GC) [PSYoungGen: 348672K->138752K(521728K)] 384113K->174193K(1920000K), 0.0280626 secs] [Times: user=0.16 sys=0.00, real=0.02 secs] 
5312.637: [GC (GCLocker Initiated GC) [PSYoungGen: 487424K->109216K(522240K)] 522868K->273636K(1920512K), 0.0848283 secs] [Times: user=0.50 sys=0.00, real=0.09 secs] 
5313.769: [GC (Allocation Failure) [PSYoungGen: 461472K->153664K(506368K)] 625962K->424824K(1904640K), 0.0530623 secs] [Times: user=0.31 sys=0.00, real=0.06 secs] 
5315.382: [GC (Allocation Failure) [PSYoungGen: 505920K->109280K(523264K)] 777080K->516604K(1921536K), 0.0857186 secs] [Times: user=0.50 sys=0.01, real=0.08 secs] 
5316.869: [GC (Allocation Failure) [PSYoungGen: 454880K->144416K(521216K)] 862204K->657521K(1919488K), 0.0524776 secs] [Times: user=0.31 sys=0.00, real=0.06 secs] 
5318.479: [GC (GCLocker Initiated GC) [PSYoungGen: 490016K->105216K(522240K)] 1003123K->753643K(1920512K), 0.0923105 secs] [Times: user=0.55 sys=0.00, real=0.10 secs] 
5320.038: [GC (Allocation Failure) [PSYoungGen: 449792K->143072K(487936K)] 1098222K->893927K(1886208K), 0.0516395 secs] [Times: user=0.30 sys=0.00, real=0.05 secs] 
5321.876: [GC (Allocation Failure) [PSYoungGen: 487648K->106240K(522240K)] 1238503K->991591K(1920512K), 0.0915885 secs] [Times: user=0.54 sys=0.00, real=0.09 secs] 
5324.254: [GC (Allocation Failure) [PSYoungGen: 450304K->139392K(520704K)] 1335655K->1128043K(1918976K), 0.0520728 secs] [Times: user=0.30 sys=0.00, real=0.05 secs] 
5325.571: [GC (Allocation Failure) [PSYoungGen: 483456K->106752K(520704K)] 1472107K->1225451K(1918976K), 0.0649020 secs] [Times: user=0.39 sys=0.00, real=0.07 secs] 
5327.037: [GC (Allocation Failure) [PSYoungGen: 452352K->141216K(520704K)] 1571051K->1363752K(1918976K), 0.0525028 secs] [Times: user=0.31 sys=0.00, real=0.05 secs] 
5328.538: [GC (Allocation Failure) [PSYoungGen: 486816K->108128K(520704K)] 1709352K->1462624K(1918976K), 0.0723208 secs] [Times: user=0.42 sys=0.00, real=0.07 secs] 
5328.610: [Full GC (Ergonomics) [PSYoungGen: 108128K->0K(520704K)] [ParOldGen: 1354496K->29049K(1398272K)] 1462624K->29049K(1918976K), [Metaspace: 60609K->60609K(1105920K)], 0.0508109 secs] [Times: user=0.17 sys=0.00, real=0.05 secs] 
5330.135: [GC (Allocation Failure) [PSYoungGen: 347648K->141056K(521728K)] 376697K->170105K(1920000K), 0.0277618 secs] [Times: user=0.16 sys=0.00, real=0.03 secs] 
5331.676: [GC (Allocation Failure) [PSYoungGen: 488704K->109984K(522240K)] 517753K->270713K(1920512K), 0.0722789 secs] [Times: user=0.42 sys=0.00, real=0.07 secs] 
5334.528: [GC (Allocation Failure) [PSYoungGen: 459168K->137312K(522752K)] 619897K->405222K(1921024K), 0.0527334 secs] [Times: user=0.31 sys=0.00, real=0.05 secs] 
5335.861: [GC (Allocation Failure) [PSYoungGen: 486496K->109312K(522240K)] 754406K->504694K(1920512K), 0.0637424 secs] [Times: user=0.38 sys=0.00, real=0.07 secs] 
5337.507: [GC (Allocation Failure) [PSYoungGen: 461568K->141504K(523776K)] 856950K->643882K(1922048K), 0.0534690 secs] [Times: user=0.31 sys=0.00, real=0.05 secs] 
5338.920: [GC (Allocation Failure) [PSYoungGen: 493760K->112320K(523776K)] 996138K->746722K(1922048K), 0.0652286 secs] [Times: user=0.39 sys=0.00, real=0.07 secs] 
5339.996: [GC (Allocation Failure) [PSYoungGen: 466624K->145888K(524800K)] 1101026K->890663K(1923072K), 0.0536607 secs] [Times: user=0.32 sys=0.01, real=0.05 secs] 
5341.460: [GC (Allocation Failure) [PSYoungGen: 500192K->108864K(526336K)] 1244967K->990679K(1924608K), 0.0773173 secs] [Times: user=0.45 sys=0.01, real=0.08 secs] 
5343.091: [GC (Allocation Failure) [PSYoungGen: 461632K->145120K(498176K)] 1343447K->1133000K(1896448K), 0.0529259 secs] [Times: user=0.31 sys=0.00, real=0.05 secs] 
5344.693: [GC (Allocation Failure) [PSYoungGen: 497888K->107872K(525312K)] 1485768K->1231952K(1923584K), 0.0741418 secs] [Times: user=0.44 sys=0.00, real=0.07 secs] 
5345.969: [GC (Allocation Failure) [PSYoungGen: 458080K->143712K(494080K)] 1582160K->1373477K(1892352K), 0.0536523 secs] [Times: user=0.32 sys=0.00, real=0.06 secs] 
5347.633: [GC (Allocation Failure) [PSYoungGen: 493920K->109664K(525312K)] 1723685K->1473973K(1923584K), 0.0940994 secs] [Times: user=0.55 sys=0.00, real=0.09 secs] 
5347.727: [Full GC (Ergonomics) [PSYoungGen: 109664K->0K(525312K)] [ParOldGen: 1364309K->41041K(1398272K)] 1473973K->41041K(1923584K), [Metaspace: 60609K->60609K(1105920K)], 0.0797117 secs] [Times: user=0.31 sys=0.01, real=0.08 secs] 
5349.194: [GC (Allocation Failure) [PSYoungGen: 349696K->142432K(523264K)] 390737K->183473K(1921536K), 0.0280864 secs] [Times: user=0.16 sys=0.00, real=0.03 secs] 
5350.607: [GC (Allocation Failure) [PSYoungGen: 492128K->109184K(523776K)] 533169K->283393K(1922048K), 0.0642695 secs] [Times: user=0.38 sys=0.00, real=0.07 secs] 
5352.049: [GC (Allocation Failure) [PSYoungGen: 459392K->143456K(494080K)] 633601K->422654K(1892352K), 0.0522434 secs] [Times: user=0.31 sys=0.00, real=0.05 secs] 
5353.573: [GC (Allocation Failure) [PSYoungGen: 493664K->109408K(525312K)] 772862K->522334K(1923584K), 0.0801475 secs] [Times: user=0.47 sys=0.00, real=0.08 secs] 
5355.196: [GC (Allocation Failure) [PSYoungGen: 459104K->146272K(496128K)] 872030K->664042K(1894400K), 0.0529617 secs] [Times: user=0.31 sys=0.00, real=0.05 secs] 
5356.765: [GC (Allocation Failure) [PSYoungGen: 495968K->106080K(523776K)] 1013738K->760739K(1922048K), 0.0773558 secs] [Times: user=0.46 sys=0.00, real=0.08 secs] 
5357.609: [GC (Allocation Failure) [PSYoungGen: 453216K->145824K(493056K)] 1107875K->902575K(1891328K), 0.0516310 secs] [Times: user=0.30 sys=0.00, real=0.05 secs] 
5359.227: [GC (GCLocker Initiated GC) [PSYoungGen: 492960K->105664K(522240K)] 1249711K->998900K(1920512K), 0.1070576 secs] [Times: user=0.64 sys=0.00, real=0.11 secs] 
5360.938: [GC (Allocation Failure) [PSYoungGen: 449728K->142176K(520704K)] 1342966K->1136507K(1918976K), 0.0515276 secs] [Times: user=0.30 sys=0.00, real=0.05 secs] 
5362.591: [GC (Allocation Failure) [PSYoungGen: 486240K->106016K(520192K)] 1480571K->1233355K(1918464K), 0.1130209 secs] [Times: user=0.67 sys=0.00, real=0.12 secs] 
5364.516: [GC (GCLocker Initiated GC) [PSYoungGen: 450592K->140224K(520704K)] 1577932K->1370345K(1918976K), 0.0518903 secs] [Times: user=0.30 sys=0.00, real=0.05 secs] 
5364.567: [Full GC (Ergonomics) [PSYoungGen: 140224K->0K(520704K)] [ParOldGen: 1230121K->175306K(1398272K)] 1370345K->175306K(1918976K), [Metaspace: 60612K->60612K(1105920K)], 0.4122432 secs] [Times: user=1.91 sys=0.00, real=0.41 secs] 
5366.197: [GC (Allocation Failure) [PSYoungGen: 344576K->104640K(521216K)] 519883K->279947K(1919488K), 0.0343601 secs] [Times: user=0.20 sys=0.00, real=0.03 secs] 
5367.853: [GC (Allocation Failure) [PSYoungGen: 450752K->141792K(521728K)] 626059K->418696K(1920000K), 0.0523415 secs] [Times: user=0.31 sys=0.00, real=0.05 secs] 
5369.183: [GC (Allocation Failure) [PSYoungGen: 487904K->106784K(520704K)] 764808K->516352K(1918976K), 0.0650256 secs] [Times: user=0.39 sys=0.00, real=0.06 secs] 
5370.160: [GC (Allocation Failure) [PSYoungGen: 452896K->142528K(521216K)] 862464K->656733K(1919488K), 0.0541470 secs] [Times: user=0.32 sys=0.00, real=0.06 secs] 
5371.524: [GC (Allocation Failure) [PSYoungGen: 488640K->107872K(521216K)] 1002845K->755261K(1919488K), 0.0651188 secs] [Times: user=0.39 sys=0.00, real=0.06 secs] 
5373.626: [GC (Allocation Failure) [PSYoungGen: 455008K->141728K(521728K)] 1102397K->893866K(1920000K), 0.0533971 secs] [Times: user=0.32 sys=0.00, real=0.05 secs] 
5374.972: [GC (GCLocker Initiated GC) [PSYoungGen: 488864K->106368K(522752K)] 1241002K->990882K(1921024K), 0.0650182 secs] [Times: user=0.39 sys=0.00, real=0.06 secs] 
5376.750: [GC (Allocation Failure) [PSYoungGen: 454528K->139936K(522752K)] 1339113K->1128350K(1921024K), 0.0532466 secs] [Times: user=0.32 sys=0.00, real=0.06 secs] 
5378.075: [GC (GCLocker Initiated GC) [PSYoungGen: 488096K->109984K(520192K)] 1476510K->1228982K(1918464K), 0.0659956 secs] [Times: user=0.39 sys=0.00, real=0.06 secs] 
5379.209: [GC (Allocation Failure) [PSYoungGen: 458656K->141952K(521728K)] 1577661K->1368716K(1920000K), 0.0549197 secs] [Times: user=0.32 sys=0.00, real=0.06 secs] 
5380.535: [GC (Allocation Failure) [PSYoungGen: 490624K->110272K(522752K)] 1717388K->1469672K(1921024K), 0.0669950 secs] [Times: user=0.40 sys=0.00, real=0.07 secs] 
5380.602: [Full GC (Ergonomics) [PSYoungGen: 110272K->0K(522752K)] [ParOldGen: 1359400K->30436K(1398272K)] 1469672K->30436K(1921024K), [Metaspace: 60612K->59705K(1105920K)], 0.0576792 secs] [Times: user=0.18 sys=0.00, real=0.05 secs] 
5382.119: [GC (Allocation Failure) [PSYoungGen: 350720K->142944K(523264K)] 381156K->173380K(1921536K), 0.0292410 secs] [Times: user=0.17 sys=0.00, real=0.03 secs] 
5383.419: [GC (Allocation Failure) [PSYoungGen: 493664K->110240K(524288K)] 524100K->274248K(1922560K), 0.0645746 secs] [Times: user=0.38 sys=0.00, real=0.07 secs] 
5384.853: [GC (Allocation Failure) [PSYoungGen: 461984K->144256K(496128K)] 625992K->414549K(1894400K), 0.0529881 secs] [Times: user=0.31 sys=0.00, real=0.05 secs] 
5386.467: [GC (Allocation Failure) [PSYoungGen: 496000K->108224K(525312K)] 766293K->513533K(1923584K), 0.0820127 secs] [Times: user=0.48 sys=0.00, real=0.08 secs] 
5389.252: [GC (Allocation Failure) [PSYoungGen: 458432K->141600K(523776K)] 863741K->652194K(1922048K), 0.0523785 secs] [Times: user=0.31 sys=0.00, real=0.05 secs] 
5390.663: [GC (Allocation Failure) [PSYoungGen: 491808K->108096K(523264K)] 1002402K->751002K(1921536K), 0.0673464 secs] [Times: user=0.40 sys=0.00, real=0.06 secs] 
5392.566: [GC (Allocation Failure) [PSYoungGen: 458816K->142016K(523776K)] 1101722K->890175K(1922048K), 0.0524698 secs] [Times: user=0.31 sys=0.00, real=0.05 secs] 
5393.945: [GC (Allocation Failure) [PSYoungGen: 492736K->108448K(524288K)] 1240895K->989199K(1922560K), 0.0834619 secs] [Times: user=0.49 sys=0.00, real=0.08 secs] 
5395.929: [GC (Allocation Failure) [PSYoungGen: 459680K->143936K(495616K)] 1340431K->1130164K(1893888K), 0.0530635 secs] [Times: user=0.32 sys=0.01, real=0.06 secs] 
5397.404: [GC (Allocation Failure) [PSYoungGen: 495168K->108064K(525312K)] 1481396K->1229228K(1923584K), 0.0660367 secs] [Times: user=0.38 sys=0.00, real=0.06 secs] 
5398.928: [GC (Allocation Failure) [PSYoungGen: 458272K->143328K(493568K)] 1579436K->1369108K(1891840K), 0.0532225 secs] [Times: user=0.32 sys=0.00, real=0.06 secs] 
5400.249: [GC (GCLocker Initiated GC) [PSYoungGen: 493536K->109408K(525312K)] 1719316K->1468884K(1923584K), 0.0674918 secs] [Times: user=0.40 sys=0.00, real=0.07 secs] 
5400.317: [Full GC (Ergonomics) [PSYoungGen: 109408K->0K(525312K)] [ParOldGen: 1359476K->35217K(1398272K)] 1468884K->35217K(1923584K), [Metaspace: 59705K->59705K(1105920K)], 0.0660394 secs] [Times: user=0.24 sys=0.01, real=0.07 secs] 
5401.603: [GC (Allocation Failure) [PSYoungGen: 349696K->141184K(523264K)] 384983K->176471K(1921536K), 0.0284516 secs] [Times: user=0.16 sys=0.01, real=0.03 secs] 
5403.060: [GC (GCLocker Initiated GC) [PSYoungGen: 490880K->111008K(521728K)] 526168K->277581K(1920000K), 0.0905153 secs] [Times: user=0.54 sys=0.00, real=0.09 secs] 
5404.680: [GC (Allocation Failure) [PSYoungGen: 461216K->144352K(522752K)] 627858K->419031K(1921024K), 0.0530222 secs] [Times: user=0.31 sys=0.00, real=0.06 secs] 
5406.330: [GC (Allocation Failure) [PSYoungGen: 494560K->107648K(524800K)] 769239K->517887K(1923072K), 0.0874133 secs] [Times: user=0.52 sys=0.00, real=0.09 secs] 
5408.679: [GC (Allocation Failure) [PSYoungGen: 457856K->141632K(523776K)] 868095K->656676K(1922048K), 0.0526035 secs] [Times: user=0.31 sys=0.00, real=0.05 secs] 
5410.509: [GC (Allocation Failure) [PSYoungGen: 491840K->105632K(523776K)] 1006884K->753292K(1922048K), 0.1129354 secs] [Times: user=0.66 sys=0.00, real=0.12 secs] 
5411.792: [GC (Allocation Failure) [PSYoungGen: 455840K->144000K(494592K)] 1103500K->894465K(1892864K), 0.0519765 secs] [Times: user=0.31 sys=0.00, real=0.05 secs] 
5413.409: [GC (Allocation Failure) [PSYoungGen: 494208K->107232K(524800K)] 1244673K->992481K(1923072K), 0.1184177 secs] [Times: user=0.71 sys=0.00, real=0.12 secs] 
5415.241: [GC (Allocation Failure) [PSYoungGen: 455904K->142976K(522752K)] 1341153K->1132493K(1921024K), 0.0527301 secs] [Times: user=0.31 sys=0.00, real=0.06 secs] 
5416.541: [GC (Allocation Failure) [PSYoungGen: 491648K->106304K(523264K)] 1481165K->1229737K(1921536K), 0.0777562 secs] [Times: user=0.47 sys=0.00, real=0.07 secs] 
5418.242: [GC (Allocation Failure) [PSYoungGen: 454464K->141536K(522752K)] 1577897K->1368278K(1921024K), 0.0522078 secs] [Times: user=0.31 sys=0.00, real=0.05 secs] 
5419.574: [GC (Allocation Failure) [PSYoungGen: 489696K->109280K(521728K)] 1716438K->1468378K(1920000K), 0.0650954 secs] [Times: user=0.38 sys=0.00, real=0.06 secs] 
5419.639: [Full GC (Ergonomics) [PSYoungGen: 109280K->0K(521728K)] [ParOldGen: 1359098K->35481K(1398272K)] 1468378K->35481K(1920000K), [Metaspace: 59707K->59707K(1105920K)], 0.0654664 secs] [Times: user=0.24 sys=0.00, real=0.07 secs] 
5421.059: [GC (Allocation Failure) [PSYoungGen: 348160K->142912K(522240K)] 383641K->178393K(1920512K), 0.0286864 secs] [Times: user=0.17 sys=0.00, real=0.03 secs] 
5422.903: [GC (Allocation Failure) [PSYoungGen: 491072K->106656K(523264K)] 526553K->276177K(1921536K), 0.1565563 secs] [Times: user=0.93 sys=0.01, real=0.15 secs] 
5424.875: [GC (GCLocker Initiated GC) [PSYoungGen: 455840K->140704K(523264K)] 625361K->413830K(1921536K), 0.0523753 secs] [Times: user=0.31 sys=0.01, real=0.05 secs] 
5426.274: [GC (Allocation Failure) [PSYoungGen: 489888K->109088K(521728K)] 763018K->513570K(1920000K), 0.0641724 secs] [Times: user=0.38 sys=0.00, real=0.06 secs] 
5427.784: [GC (Allocation Failure) [PSYoungGen: 458784K->143520K(522752K)] 863266K->653607K(1921024K), 0.0528186 secs] [Times: user=0.31 sys=0.00, real=0.05 secs] 
5429.408: [GC (Allocation Failure) [PSYoungGen: 493216K->108800K(523776K)] 1003303K->752959K(1922048K), 0.1049395 secs] [Times: user=0.62 sys=0.00, real=0.11 secs] 
5431.822: [GC (Allocation Failure) [PSYoungGen: 458496K->139904K(523264K)] 1102655K->890124K(1921536K), 0.0528807 secs] [Times: user=0.31 sys=0.00, real=0.05 secs] 
5433.179: [GC (Allocation Failure) [PSYoungGen: 489600K->109728K(522240K)] 1239820K->989912K(1920512K), 0.0630982 secs] [Times: user=0.38 sys=0.00, real=0.07 secs] 
5435.490: [GC (Allocation Failure) [PSYoungGen: 460448K->140320K(523264K)] 1340632K->1127260K(1921536K), 0.0541443 secs] [Times: user=0.32 sys=0.00, real=0.06 secs] 
5436.822: [GC (Allocation Failure) [PSYoungGen: 491040K->111552K(522240K)] 1477980K->1229348K(1920512K), 0.0652987 secs] [Times: user=0.39 sys=0.00, real=0.06 secs] 
5438.549: [GC (Allocation Failure) [PSYoungGen: 464320K->143168K(523776K)] 1582116K->1369385K(1922048K), 0.0547180 secs] [Times: user=0.33 sys=0.00, real=0.06 secs] 
5439.901: [GC (GCLocker Initiated GC) [PSYoungGen: 495936K->109728K(525824K)] 1722154K->1469290K(1924096K), 0.0661120 secs] [Times: user=0.38 sys=0.01, real=0.07 secs] 
5439.967: [Full GC (Ergonomics) [PSYoungGen: 109728K->0K(525824K)] [ParOldGen: 1359562K->36270K(1398272K)] 1469290K->36270K(1924096K), [Metaspace: 59707K->59707K(1105920K)], 0.0669916 secs] [Times: user=0.24 sys=0.00, real=0.07 secs] 
5441.372: [GC (Allocation Failure) [PSYoungGen: 353792K->146304K(500224K)] 390133K->182645K(1898496K), 0.0291614 secs] [Times: user=0.17 sys=0.00, real=0.02 secs] 
5442.712: [GC (Allocation Failure) [PSYoungGen: 500096K->110624K(525824K)] 536437K->283917K(1924096K), 0.0649610 secs] [Times: user=0.39 sys=0.00, real=0.06 secs] 
5443.738: [GC (Allocation Failure) [PSYoungGen: 461344K->146720K(497664K)] 634637K->426594K(1895936K), 0.0530402 secs] [Times: user=0.31 sys=0.01, real=0.06 secs] 
5445.531: [GC (Allocation Failure) [PSYoungGen: 497440K->107040K(524288K)] 777314K->524378K(1922560K), 0.1580070 secs] [Times: user=0.94 sys=0.00, real=0.16 secs] 
5446.939: [GC (Allocation Failure) [PSYoungGen: 455200K->145536K(494080K)] 872538K->666306K(1892352K), 0.0521523 secs] [Times: user=0.31 sys=0.00, real=0.05 secs] 
5449.016: [GC (GCLocker Initiated GC) [PSYoungGen: 493696K->103648K(522752K)] 1014467K->761283K(1921024K), 0.1554047 secs] [Times: user=0.91 sys=0.01, real=0.16 secs] 
5451.365: [GC (Allocation Failure) [PSYoungGen: 449248K->141728K(487424K)] 1106890K->898438K(1885696K), 0.0504990 secs] [Times: user=0.29 sys=0.00, real=0.05 secs] 
5453.012: [GC (Allocation Failure) [PSYoungGen: 487328K->105440K(522752K)] 1244038K->994574K(1921024K), 0.1436535 secs] [Times: user=0.85 sys=0.00, real=0.14 secs] 
5455.092: [GC (Allocation Failure) [PSYoungGen: 450528K->140096K(521216K)] 1339662K->1131811K(1919488K), 0.0529266 secs] [Times: user=0.31 sys=0.00, real=0.05 secs] 
5456.533: [GC (GCLocker Initiated GC) [PSYoungGen: 485184K->106944K(520704K)] 1476899K->1229487K(1918976K), 0.0678462 secs] [Times: user=0.40 sys=0.01, real=0.06 secs] 
5457.407: [GC (Allocation Failure) [PSYoungGen: 453056K->142912K(521216K)] 1575638K->1369501K(1919488K), 0.0539262 secs] [Times: user=0.31 sys=0.00, real=0.05 secs] 
5458.722: [GC (Allocation Failure) [PSYoungGen: 489024K->107200K(522240K)] 1715613K->1467549K(1920512K), 0.0655851 secs] [Times: user=0.39 sys=0.00, real=0.06 secs] 
5458.788: [Full GC (Ergonomics) [PSYoungGen: 107200K->0K(522240K)] [ParOldGen: 1360349K->33641K(1398272K)] 1467549K->33641K(1920512K), [Metaspace: 59707K->59707K(1105920K)], 0.0668309 secs] [Times: user=0.24 sys=0.00, real=0.07 secs] 
5459.940: [GC (Allocation Failure) [PSYoungGen: 347136K->142880K(522240K)] 380777K->176521K(1920512K), 0.0286805 secs] [Times: user=0.17 sys=0.00, real=0.03 secs] 
5461.235: [GC (GCLocker Initiated GC) [PSYoungGen: 490016K->107424K(522240K)] 523657K->274621K(1920512K), 0.0636770 secs] [Times: user=0.38 sys=0.00, real=0.06 secs] 
5463.087: [GC (Allocation Failure) [PSYoungGen: 454560K->141120K(522240K)] 621760K->413029K(1920512K), 0.0522064 secs] [Times: user=0.30 sys=0.01, real=0.05 secs] 
5464.543: [GC (Allocation Failure) [PSYoungGen: 488256K->107872K(520704K)] 760165K->511573K(1918976K), 0.0836989 secs] [Times: user=0.50 sys=0.00, real=0.08 secs] 
5466.213: [GC (Allocation Failure) [PSYoungGen: 455520K->142624K(521728K)] 859221K->651258K(1920000K), 0.0531131 secs] [Times: user=0.31 sys=0.00, real=0.05 secs] 
5467.534: [GC (Allocation Failure) [PSYoungGen: 490272K->108064K(522752K)] 998906K->749898K(1921024K), 0.0644616 secs] [Times: user=0.38 sys=0.00, real=0.06 secs] 
5469.407: [GC (Allocation Failure) [PSYoungGen: 456736K->140992K(522752K)] 1098570K->887967K(1921024K), 0.0523183 secs] [Times: user=0.31 sys=0.00, real=0.05 secs] 
5470.774: [GC (Allocation Failure) [PSYoungGen: 489664K->108416K(522240K)] 1236641K->986949K(1920512K), 0.0803190 secs] [Times: user=0.48 sys=0.00, real=0.08 secs] 
5472.658: [GC (Allocation Failure) [PSYoungGen: 457600K->141568K(522752K)] 1336133K->1126280K(1921024K), 0.0532175 secs] [Times: user=0.31 sys=0.00, real=0.05 secs] 
5474.031: [GC (Allocation Failure) [PSYoungGen: 490752K->108448K(522752K)] 1475464K->1225364K(1921024K), 0.0652062 secs] [Times: user=0.38 sys=0.00, real=0.07 secs] 
5475.527: [GC (Allocation Failure) [PSYoungGen: 458656K->142976K(523264K)] 1575572K->1365713K(1921536K), 0.0538916 secs] [Times: user=0.31 sys=0.00, real=0.06 secs] 
5476.859: [GC (GCLocker Initiated GC) [PSYoungGen: 493184K->107840K(524288K)] 1715921K->1464637K(1922560K), 0.0670161 secs] [Times: user=0.40 sys=0.00, real=0.07 secs] 
5476.926: [Full GC (Ergonomics) [PSYoungGen: 107840K->0K(524288K)] [ParOldGen: 1356797K->31273K(1398272K)] 1464637K->31273K(1922560K), [Metaspace: 59707K->59707K(1105920K)], 0.0547501 secs] [Times: user=0.19 sys=0.00, real=0.05 secs] 
5478.327: [GC (Allocation Failure) [PSYoungGen: 350208K->152192K(502784K)] 381484K->183468K(1901056K), 0.0292473 secs] [Times: user=0.17 sys=0.00, real=0.03 secs] 
5479.657: [GC (Allocation Failure) [PSYoungGen: 502400K->109120K(522240K)] 533676K->275060K(1920512K), 0.0648508 secs] [Times: user=0.38 sys=0.00, real=0.07 secs] 
5481.807: [GC (Allocation Failure) [PSYoungGen: 452672K->139072K(520192K)] 618612K->411009K(1918464K), 0.0522315 secs] [Times: user=0.30 sys=0.00, real=0.05 secs] 
5483.143: [GC (Allocation Failure) [PSYoungGen: 482624K->108416K(520192K)] 754561K->510073K(1918464K), 0.0638787 secs] [Times: user=0.38 sys=0.00, real=0.06 secs] 
5484.607: [GC (Allocation Failure) [PSYoungGen: 454016K->139392K(520192K)] 855673K->646605K(1918464K), 0.0524485 secs] [Times: user=0.31 sys=0.00, real=0.05 secs] 
5485.964: [GC (GCLocker Initiated GC) [PSYoungGen: 484992K->108576K(521728K)] 992206K->745862K(1920000K), 0.0680778 secs] [Times: user=0.40 sys=0.00, real=0.07 secs] 
5487.877: [GC (Allocation Failure) [PSYoungGen: 457760K->139808K(522752K)] 1095116K->883907K(1921024K), 0.0534508 secs] [Times: user=0.31 sys=0.00, real=0.05 secs] 
5489.494: [GC (Allocation Failure) [PSYoungGen: 488992K->111840K(521728K)] 1233091K->986451K(1920000K), 0.0661938 secs] [Times: user=0.39 sys=0.00, real=0.06 secs] 
5492.530: [GC (Allocation Failure) [PSYoungGen: 463072K->137952K(523264K)] 1337683K->1122120K(1921536K), 0.0542572 secs] [Times: user=0.31 sys=0.00, real=0.06 secs] 
5493.888: [GC (Allocation Failure) [PSYoungGen: 489184K->110784K(522752K)] 1473352K->1223616K(1921024K), 0.0663949 secs] [Times: user=0.40 sys=0.00, real=0.07 secs] 
5496.344: [GC (Allocation Failure) [PSYoungGen: 465600K->142944K(524800K)] 1578432K->1364493K(1923072K), 0.0560001 secs] [Times: user=0.33 sys=0.00, real=0.05 secs] 
5497.994: [GC (Allocation Failure) [PSYoungGen: 497760K->110624K(526848K)] 1719309K->1466093K(1925120K), 0.1048507 secs] [Times: user=0.62 sys=0.01, real=0.10 secs] 
5498.099: [Full GC (Ergonomics) [PSYoungGen: 110624K->0K(526848K)] [ParOldGen: 1355469K->31447K(1398272K)] 1466093K->31447K(1925120K), [Metaspace: 59707K->59707K(1105920K)], 0.0745631 secs] [Times: user=0.27 sys=0.00, real=0.08 secs] 
5500.088: [GC (Allocation Failure) [PSYoungGen: 355840K->144928K(501248K)] 387287K->176375K(1899520K), 0.0289170 secs] [Times: user=0.17 sys=0.00, real=0.03 secs] 
5501.381: [GC (GCLocker Initiated GC) [PSYoungGen: 500768K->110976K(527360K)] 532216K->277576K(1925632K), 0.0635560 secs] [Times: user=0.37 sys=0.00, real=0.07 secs] 
5502.732: [GC (Allocation Failure) [PSYoungGen: 464768K->144992K(499200K)] 631406K->419411K(1897472K), 0.0535029 secs] [Times: user=0.32 sys=0.00, real=0.05 secs] 
5504.235: [GC (Allocation Failure) [PSYoungGen: 498784K->111136K(526848K)] 773203K->521187K(1925120K), 0.0934017 secs] [Times: user=0.55 sys=0.00, real=0.09 secs] 
5505.151: [GC (Allocation Failure) [PSYoungGen: 463904K->148928K(501760K)] 873955K->666208K(1900032K), 0.0531661 secs] [Times: user=0.31 sys=0.00, real=0.05 secs] 
5506.898: [GC (Allocation Failure) [PSYoungGen: 501696K->105248K(523776K)] 1018976K->762596K(1922048K), 0.1185807 secs] [Times: user=0.70 sys=0.01, real=0.12 secs] 
5508.866: [GC (Allocation Failure) [PSYoungGen: 452896K->143680K(491520K)] 1110244K->901633K(1889792K), 0.0513321 secs] [Times: user=0.30 sys=0.00, real=0.05 secs] 
5510.269: [GC (Allocation Failure) [PSYoungGen: 491328K->106368K(523264K)] 1249281K->998801K(1921536K), 0.0655670 secs] [Times: user=0.39 sys=0.00, real=0.07 secs] 
5511.714: [GC (Allocation Failure) [PSYoungGen: 452480K->141824K(521728K)] 1344913K->1136874K(1920000K), 0.0522684 secs] [Times: user=0.31 sys=0.00, real=0.05 secs] 
5513.727: [GC (Allocation Failure) [PSYoungGen: 487936K->107552K(521216K)] 1482986K->1234902K(1919488K), 0.1068540 secs] [Times: user=0.63 sys=0.01, real=0.11 secs] 
5515.141: [GC (Allocation Failure) [PSYoungGen: 454176K->141248K(521728K)] 1581526K->1373283K(1920000K), 0.0541548 secs] [Times: user=0.32 sys=0.01, real=0.06 secs] 
5515.195: [Full GC (Ergonomics) [PSYoungGen: 141248K->0K(521728K)] [ParOldGen: 1232035K->178003K(1398272K)] 1373283K->178003K(1920000K), [Metaspace: 59707K->59707K(1105920K)], 0.4285716 secs] [Times: user=2.01 sys=0.00, real=0.43 secs] 
5517.280: [GC (Allocation Failure) [PSYoungGen: 346624K->105888K(521728K)] 524627K->283891K(1920000K), 0.0522744 secs] [Times: user=0.30 sys=0.00, real=0.06 secs] 
5518.770: [GC (Allocation Failure) [PSYoungGen: 453536K->143200K(522240K)] 631539K->423824K(1920512K), 0.0521116 secs] [Times: user=0.30 sys=0.00, real=0.06 secs] 
5520.063: [GC (Allocation Failure) [PSYoungGen: 490848K->106048K(522752K)] 771472K->520624K(1921024K), 0.0632382 secs] [Times: user=0.37 sys=0.00, real=0.06 secs] 
5522.061: [GC (Allocation Failure) [PSYoungGen: 453184K->141728K(522240K)] 867760K->659076K(1920512K), 0.0525091 secs] [Times: user=0.31 sys=0.00, real=0.06 secs] 
5523.424: [GC (Allocation Failure) [PSYoungGen: 488864K->110304K(520192K)] 1006212K->759689K(1918464K), 0.0640366 secs] [Times: user=0.38 sys=0.00, real=0.06 secs] 
5525.437: [GC (Allocation Failure) [PSYoungGen: 457440K->139744K(521216K)] 1106825K->896581K(1919488K), 0.0533878 secs] [Times: user=0.31 sys=0.00, real=0.05 secs] 
5526.753: [GC (GCLocker Initiated GC) [PSYoungGen: 486880K->110080K(521216K)] 1243717K->996906K(1919488K), 0.0647677 secs] [Times: user=0.38 sys=0.00, real=0.06 secs] 
5528.046: [GC (Allocation Failure) [PSYoungGen: 460288K->141568K(522752K)] 1347184K->1135597K(1921024K), 0.0543374 secs] [Times: user=0.32 sys=0.00, real=0.05 secs] 
5529.518: [GC (Allocation Failure) [PSYoungGen: 491776K->111776K(523776K)] 1485805K->1237593K(1922048K), 0.0952308 secs] [Times: user=0.57 sys=0.00, real=0.10 secs] 
5530.414: [GC (Allocation Failure) [PSYoungGen: 464032K->147104K(499712K)] 1589849K->1381846K(1897984K), 0.0555626 secs] [Times: user=0.33 sys=0.00, real=0.05 secs] 
5532.505: [GC (Allocation Failure) [PSYoungGen: 499360K->107840K(524800K)] 1734102K->1480878K(1923072K), 0.1671351 secs] [Times: user=0.96 sys=0.03, real=0.17 secs] 
5532.672: [Full GC (Ergonomics) [PSYoungGen: 107840K->0K(524800K)] [ParOldGen: 1373038K->43228K(1398272K)] 1480878K->43228K(1923072K), [Metaspace: 59709K->59689K(1105920K)], 0.1314495 secs] [Times: user=0.52 sys=0.00, real=0.13 secs] 
5534.632: [GC (Allocation Failure) [PSYoungGen: 349184K->144032K(493568K)] 392412K->187260K(1891840K), 0.0293826 secs] [Times: user=0.17 sys=0.00, real=0.02 secs] 
5535.992: [GC (Allocation Failure) [PSYoungGen: 493216K->106912K(524288K)] 536444K->284988K(1922560K), 0.0749221 secs] [Times: user=0.44 sys=0.00, real=0.07 secs] 
5536.963: [GC (Allocation Failure) [PSYoungGen: 455072K->145376K(493568K)] 633148K->426105K(1891840K), 0.0516337 secs] [Times: user=0.30 sys=0.00, real=0.05 secs] 
5538.416: [GC (Allocation Failure) [PSYoungGen: 493536K->105792K(523264K)] 774265K->522921K(1921536K), 0.0782409 secs] [Times: user=0.46 sys=0.00, real=0.08 secs] 
5539.667: [GC (GCLocker Initiated GC) [PSYoungGen: 451904K->143296K(489472K)] 869034K->662551K(1887744K), 0.0520420 secs] [Times: user=0.30 sys=0.00, real=0.05 secs] 
5541.101: [GC (Allocation Failure) [PSYoungGen: 489408K->106528K(522752K)] 1008665K->759921K(1921024K), 0.0781220 secs] [Times: user=0.46 sys=0.00, real=0.08 secs] 
5542.824: [GC (Allocation Failure) [PSYoungGen: 451616K->140224K(521216K)] 1105009K->898141K(1919488K), 0.0501963 secs] [Times: user=0.30 sys=0.00, real=0.05 secs] 
5544.126: [GC (GCLocker Initiated GC) [PSYoungGen: 485312K->107296K(519680K)] 1243229K->996049K(1917952K), 0.0641639 secs] [Times: user=0.38 sys=0.00, real=0.06 secs] 
5545.595: [GC (Allocation Failure) [PSYoungGen: 453408K->140992K(520704K)] 1342164K->1134193K(1918976K), 0.0530018 secs] [Times: user=0.31 sys=0.00, real=0.05 secs] 
5546.907: [GC (GCLocker Initiated GC) [PSYoungGen: 487104K->106496K(521728K)] 1480305K->1231245K(1920000K), 0.0650323 secs] [Times: user=0.39 sys=0.00, real=0.07 secs] 
5547.842: [GC (GCLocker Initiated GC) [PSYoungGen: 454656K->144960K(493568K)] 1579410K->1373463K(1891840K), 0.0538633 secs] [Times: user=0.32 sys=0.00, real=0.05 secs] 
5549.377: [GC (Allocation Failure) [PSYoungGen: 493120K->105888K(523264K)] 1721629K->1470221K(1921536K), 0.0746730 secs] [Times: user=0.44 sys=0.01, real=0.08 secs] 
5549.451: [Full GC (Ergonomics) [PSYoungGen: 105888K->0K(523264K)] [ParOldGen: 1364333K->33465K(1398272K)] 1470221K->33465K(1921536K), [Metaspace: 59689K->59689K(1105920K)], 0.1059902 secs] [Times: user=0.45 sys=0.00, real=0.10 secs] 
5550.839: [GC (Allocation Failure) [PSYoungGen: 346112K->142048K(521728K)] 379577K->175513K(1920000K), 0.0286632 secs] [Times: user=0.16 sys=0.00, real=0.03 secs] 
5552.190: [GC (Allocation Failure) [PSYoungGen: 488160K->107264K(520704K)] 521625K->273661K(1918976K), 0.0636323 secs] [Times: user=0.38 sys=0.01, real=0.07 secs] 
5554.430: [GC (Allocation Failure) [PSYoungGen: 453376K->141504K(521216K)] 619773K->412322K(1919488K), 0.0520508 secs] [Times: user=0.31 sys=0.00, real=0.06 secs] 
5555.747: [GC (Allocation Failure) [PSYoungGen: 487616K->107264K(521216K)] 758434K->510642K(1919488K), 0.0645878 secs] [Times: user=0.38 sys=0.00, real=0.07 secs] 
5557.934: [GC (Allocation Failure) [PSYoungGen: 454400K->148576K(496128K)] 857778K->656391K(1894400K), 0.0530537 secs] [Times: user=0.31 sys=0.00, real=0.05 secs] 
5559.263: [GC (Allocation Failure) [PSYoungGen: 495712K->108032K(522240K)] 1003527K->746799K(1920512K), 0.0638192 secs] [Times: user=0.38 sys=0.00, real=0.06 secs] 
5560.614: [GC (Allocation Failure) [PSYoungGen: 451584K->140704K(520192K)] 1090351K->884676K(1918464K), 0.0531315 secs] [Times: user=0.31 sys=0.00, real=0.05 secs] 
5561.940: [GC (Allocation Failure) [PSYoungGen: 484256K->108640K(519680K)] 1228228K->983748K(1917952K), 0.0659038 secs] [Times: user=0.39 sys=0.00, real=0.07 secs] 
5564.028: [GC (Allocation Failure) [PSYoungGen: 453728K->146592K(520192K)] 1328836K->1128179K(1918464K), 0.0538088 secs] [Times: user=0.31 sys=0.00, real=0.06 secs] 
5565.349: [GC (Allocation Failure) [PSYoungGen: 491680K->107552K(522240K)] 1473267K->1218067K(1920512K), 0.0655204 secs] [Times: user=0.38 sys=0.01, real=0.07 secs] 
5566.408: [GC (Allocation Failure) [PSYoungGen: 451616K->139232K(520704K)] 1562131K->1355352K(1918976K), 0.0538714 secs] [Times: user=0.31 sys=0.00, real=0.06 secs] 
5567.825: [GC (Allocation Failure) [PSYoungGen: 483284K->108608K(519680K)] 1699404K->1454712K(1917952K), 0.0707990 secs] [Times: user=0.42 sys=0.00, real=0.07 secs] 
5567.896: [Full GC (Ergonomics) [PSYoungGen: 108608K->0K(519680K)] [ParOldGen: 1346104K->21370K(1398272K)] 1454712K->21370K(1917952K), [Metaspace: 59689K->59689K(1105920K)], 0.0373380 secs] [Times: user=0.11 sys=0.00, real=0.04 secs] 
5569.132: [GC (Allocation Failure) [PSYoungGen: 345600K->137792K(520192K)] 366970K->159162K(1918464K), 0.0273041 secs] [Times: user=0.15 sys=0.00, real=0.02 secs] 
5570.755: [GC (Allocation Failure) [PSYoungGen: 483392K->109792K(520192K)] 504762K->259610K(1918464K), 0.0638910 secs] [Times: user=0.38 sys=0.00, real=0.06 secs] 
5572.552: [GC (Allocation Failure) [PSYoungGen: 459488K->139616K(522240K)] 609306K->397343K(1920512K), 0.0524215 secs] [Times: user=0.31 sys=0.00, real=0.05 secs] 
5573.925: [GC (Allocation Failure) [PSYoungGen: 489312K->111168K(522240K)] 747039K->499095K(1920512K), 0.0641772 secs] [Times: user=0.38 sys=0.00, real=0.06 secs] 
5575.666: [GC (Allocation Failure) [PSYoungGen: 463936K->139456K(523776K)] 851863K->636716K(1922048K), 0.0536705 secs] [Times: user=0.32 sys=0.00, real=0.05 secs] 
5577.010: [GC (Allocation Failure) [PSYoungGen: 492224K->112512K(523776K)] 989484K->739852K(1922048K), 0.0657238 secs] [Times: user=0.39 sys=0.00, real=0.07 secs] 
5578.593: [GC (GCLocker Initiated GC) [PSYoungGen: 468352K->144480K(525312K)] 1095692K->881849K(1923584K), 0.0539933 secs] [Times: user=0.32 sys=0.00, real=0.05 secs] 
5579.921: [GC (Allocation Failure) [PSYoungGen: 500320K->111232K(527360K)] 1237692K->983805K(1925632K), 0.0656467 secs] [Times: user=0.39 sys=0.00, real=0.07 secs] 
5581.575: [GC (Allocation Failure) [PSYoungGen: 467072K->145120K(501248K)] 1339645K->1126977K(1899520K), 0.0531059 secs] [Times: user=0.32 sys=0.00, real=0.05 secs] 
5582.900: [GC (Allocation Failure) [PSYoungGen: 500960K->110976K(527360K)] 1482817K->1228545K(1925632K), 0.0654901 secs] [Times: user=0.39 sys=0.00, real=0.07 secs] 
5584.030: [GC (Allocation Failure) [PSYoungGen: 464768K->147328K(501248K)] 1582337K->1372958K(1899520K), 0.0546723 secs] [Times: user=0.32 sys=0.00, real=0.06 secs] 
5585.814: [GC (Allocation Failure) [PSYoungGen: 501120K->109408K(525312K)] 1726750K->1473486K(1923584K), 0.0956915 secs] [Times: user=0.57 sys=0.00, real=0.09 secs] 
5585.909: [Full GC (Ergonomics) [PSYoungGen: 109408K->0K(525312K)] [ParOldGen: 1364078K->40655K(1398272K)] 1473486K->40655K(1923584K), [Metaspace: 59689K->59689K(1105920K)], 0.0892469 secs] [Times: user=0.34 sys=0.00, real=0.09 secs] 
5588.191: [GC (Allocation Failure) [PSYoungGen: 350208K->143904K(494592K)] 390863K->184560K(1892864K), 0.0294655 secs] [Times: user=0.17 sys=0.00, real=0.03 secs] 
5589.531: [GC (Allocation Failure) [PSYoungGen: 494112K->107360K(524800K)] 534768K->282632K(1923072K), 0.0637744 secs] [Times: user=0.38 sys=0.00, real=0.06 secs] 
5591.540: [GC (Allocation Failure) [PSYoungGen: 456544K->142752K(523264K)] 631816K->421476K(1921536K), 0.0519049 secs] [Times: user=0.30 sys=0.00, real=0.06 secs] 
5593.236: [GC (Allocation Failure) [PSYoungGen: 491936K->109440K(523264K)] 770660K->521196K(1921536K), 0.1011873 secs] [Times: user=0.60 sys=0.00, real=0.10 secs] 
5594.444: [GC (GCLocker Initiated GC) [PSYoungGen: 458624K->145184K(494592K)] 870381K->662122K(1892864K), 0.0528601 secs] [Times: user=0.31 sys=0.00, real=0.05 secs] 
5595.839: [GC (Allocation Failure) [PSYoungGen: 494368K->105888K(523776K)] 1011308K->758596K(1922048K), 0.0777371 secs] [Times: user=0.47 sys=0.00, real=0.08 secs] 
5597.675: [GC (Allocation Failure) [PSYoungGen: 453536K->143296K(491008K)] 1106244K->898465K(1889280K), 0.0516471 secs] [Times: user=0.30 sys=0.00, real=0.05 secs] 
5599.121: [GC (Allocation Failure) [PSYoungGen: 490944K->106976K(523776K)] 1246113K->996225K(1922048K), 0.0826209 secs] [Times: user=0.49 sys=0.01, real=0.09 secs] 
5600.703: [GC (Allocation Failure) [PSYoungGen: 454112K->141120K(522240K)] 1343361K->1134349K(1920512K), 0.0527028 secs] [Times: user=0.31 sys=0.00, real=0.05 secs] 
5602.129: [GC (Allocation Failure) [PSYoungGen: 488256K->109088K(520704K)] 1481485K->1234281K(1918976K), 0.0750780 secs] [Times: user=0.44 sys=0.00, real=0.08 secs] 
5604.111: [GC (Allocation Failure) [PSYoungGen: 456736K->141280K(521728K)] 1581929K->1372790K(1920000K), 0.0538419 secs] [Times: user=0.31 sys=0.00, real=0.05 secs] 
5604.165: [Full GC (Ergonomics) [PSYoungGen: 141280K->0K(521728K)] [ParOldGen: 1231510K->176229K(1398272K)] 1372790K->176229K(1920000K), [Metaspace: 59689K->59689K(1105920K)], 0.4203840 secs] [Times: user=1.96 sys=0.00, real=0.42 secs] 
5605.808: [GC (Allocation Failure) [PSYoungGen: 347648K->107392K(523264K)] 523877K->283621K(1921536K), 0.0341998 secs] [Times: user=0.20 sys=0.00, real=0.04 secs] 
5607.980: [GC (Allocation Failure) [PSYoungGen: 456576K->141600K(523264K)] 632805K->422354K(1921536K), 0.0528878 secs] [Times: user=0.32 sys=0.00, real=0.06 secs] 
5609.366: [GC (Allocation Failure) [PSYoungGen: 490784K->108096K(522752K)] 771538K->521146K(1921024K), 0.0670838 secs] [Times: user=0.37 sys=0.00, real=0.07 secs] 
5610.781: [GC (Allocation Failure) [PSYoungGen: 457792K->143840K(523264K)] 870842K->662419K(1921536K), 0.0529519 secs] [Times: user=0.31 sys=0.00, real=0.06 secs] 
5612.098: [GC (GCLocker Initiated GC) [PSYoungGen: 493536K->109152K(523264K)] 1012115K->762355K(1921536K), 0.0665993 secs] [Times: user=0.39 sys=0.01, real=0.07 secs] 
5613.384: [GC (Allocation Failure) [PSYoungGen: 458848K->152480K(502272K)] 1112054K->911731K(1900544K), 0.0547988 secs] [Times: user=0.33 sys=0.00, real=0.05 secs] 
5614.723: [GC (Allocation Failure) [PSYoungGen: 502176K->107360K(521216K)] 1261427K->1001883K(1919488K), 0.0672994 secs] [Times: user=0.39 sys=0.01, real=0.06 secs] 
5616.497: [GC (Allocation Failure) [PSYoungGen: 449376K->137952K(480256K)] 1343899K->1136720K(1878528K), 0.0528086 secs] [Times: user=0.31 sys=0.00, real=0.05 secs] 
5617.893: [GC (Allocation Failure) [PSYoungGen: 479968K->107104K(521216K)] 1478736K->1233896K(1919488K), 0.0642566 secs] [Times: user=0.38 sys=0.00, real=0.06 secs] 
5619.248: [GC (Allocation Failure) [PSYoungGen: 451168K->141440K(519168K)] 1577960K->1372661K(1917440K), 0.0548868 secs] [Times: user=0.32 sys=0.00, real=0.06 secs] 
5620.571: [GC (Allocation Failure) [PSYoungGen: 485504K->106592K(521216K)] 1716725K->1469933K(1919488K), 0.0653309 secs] [Times: user=0.39 sys=0.00, real=0.07 secs] 
5620.636: [Full GC (Ergonomics) [PSYoungGen: 106592K->0K(521216K)] [ParOldGen: 1363340K->31307K(1398272K)] 1469933K->31307K(1919488K), [Metaspace: 59689K->59689K(1105920K)], 0.0587874 secs] [Times: user=0.21 sys=0.00, real=0.06 secs] 
5622.235: [GC (GCLocker Initiated GC) [PSYoungGen: 347136K->141664K(521728K)] 378444K->172972K(1920000K), 0.0283931 secs] [Times: user=0.16 sys=0.00, real=0.03 secs] 
5623.604: [GC (Allocation Failure) [PSYoungGen: 488800K->106816K(522752K)] 520146K->270674K(1921024K), 0.0634323 secs] [Times: user=0.38 sys=0.00, real=0.06 secs] 
5625.211: [GC (Allocation Failure) [PSYoungGen: 454976K->141120K(522752K)] 618834K->409031K(1921024K), 0.0517384 secs] [Times: user=0.30 sys=0.00, real=0.06 secs] 
5626.535: [GC (Allocation Failure) [PSYoungGen: 489280K->111584K(520192K)] 757191K->510871K(1918464K), 0.0642260 secs] [Times: user=0.38 sys=0.00, real=0.06 secs] 
5628.290: [GC (Allocation Failure) [PSYoungGen: 460256K->141792K(521728K)] 859543K->649747K(1920000K), 0.0536542 secs] [Times: user=0.31 sys=0.00, real=0.06 secs] 
5629.604: [GC (Allocation Failure) [PSYoungGen: 490464K->108320K(524288K)] 998419K->748635K(1922560K), 0.0643239 secs] [Times: user=0.38 sys=0.00, real=0.06 secs] 
5631.738: [GC (Allocation Failure) [PSYoungGen: 459552K->141280K(524288K)] 1099867K->887176K(1922560K), 0.0524351 secs] [Times: user=0.31 sys=0.00, real=0.05 secs] 
5633.074: [GC (Allocation Failure) [PSYoungGen: 492512K->109728K(523264K)] 1238408K->987744K(1921536K), 0.0641785 secs] [Times: user=0.37 sys=0.01, real=0.06 secs] 
5634.592: [GC (Allocation Failure) [PSYoungGen: 460960K->143328K(523776K)] 1338976K->1128217K(1922048K), 0.0534256 secs] [Times: user=0.31 sys=0.00, real=0.05 secs] 
5635.923: [GC (Allocation Failure) [PSYoungGen: 494560K->111648K(523264K)] 1479449K->1230137K(1921536K), 0.0649274 secs] [Times: user=0.39 sys=0.00, real=0.06 secs] 
5636.733: [GC (Allocation Failure) [PSYoungGen: 463392K->146912K(498688K)] 1581881K->1374310K(1896960K), 0.0544989 secs] [Times: user=0.32 sys=0.00, real=0.05 secs] 
5638.121: [GC (Allocation Failure) [PSYoungGen: 498656K->107040K(524800K)] 1726054K->1472442K(1923072K), 0.1016297 secs] [Times: user=0.61 sys=0.00, real=0.11 secs] 
5638.223: [Full GC (Ergonomics) [PSYoungGen: 107040K->0K(524800K)] [ParOldGen: 1365402K->38577K(1398272K)] 1472442K->38577K(1923072K), [Metaspace: 59691K->59691K(1105920K)], 0.0841255 secs] [Times: user=0.34 sys=0.00, real=0.08 secs] 
5640.733: [GC (Allocation Failure) [PSYoungGen: 349184K->141056K(523264K)] 387761K->179633K(1921536K), 0.0280244 secs] [Times: user=0.16 sys=0.00, real=0.02 secs] 
5642.179: [GC (Allocation Failure) [PSYoungGen: 490240K->108384K(522752K)] 528817K->278673K(1921024K), 0.0772477 secs] [Times: user=0.45 sys=0.01, real=0.08 secs] 
5644.425: [GC (Allocation Failure) [PSYoungGen: 458080K->141440K(523264K)] 628369K->417230K(1921536K), 0.0521938 secs] [Times: user=0.30 sys=0.00, real=0.05 secs] 
5645.777: [GC (Allocation Failure) [PSYoungGen: 491136K->110208K(522752K)] 766926K->518134K(1921024K), 0.0639866 secs] [Times: user=0.38 sys=0.00, real=0.06 secs] 
5647.934: [GC (Allocation Failure) [PSYoungGen: 460416K->139776K(523264K)] 868342K->655442K(1921536K), 0.0528676 secs] [Times: user=0.31 sys=0.00, real=0.05 secs] 
5649.251: [GC (GCLocker Initiated GC) [PSYoungGen: 489984K->108800K(523264K)] 1005650K->754862K(1921536K), 0.0637668 secs] [Times: user=0.38 sys=0.00, real=0.06 secs] 
5651.295: [GC (Allocation Failure) [PSYoungGen: 461056K->150656K(503296K)] 1107121K->902921K(1901568K), 0.0537010 secs] [Times: user=0.31 sys=0.00, real=0.05 secs] 
5652.689: [GC (Allocation Failure) [PSYoungGen: 502912K->109216K(523776K)] 1255177K->994977K(1922048K), 0.0686803 secs] [Times: user=0.41 sys=0.00, real=0.07 secs] 
5654.193: [GC (Allocation Failure) [PSYoungGen: 456352K->140448K(522240K)] 1342113K->1132205K(1920512K), 0.0533011 secs] [Times: user=0.31 sys=0.00, real=0.05 secs] 
5655.512: [GC (GCLocker Initiated GC) [PSYoungGen: 487584K->108608K(521728K)] 1479341K->1230902K(1920000K), 0.0656950 secs] [Times: user=0.39 sys=0.00, real=0.06 secs] 
5657.160: [GC (Allocation Failure) [PSYoungGen: 456768K->141632K(522240K)] 1579065K->1369873K(1920512K), 0.0547846 secs] [Times: user=0.32 sys=0.00, real=0.06 secs] 
5658.506: [GC (Allocation Failure) [PSYoungGen: 489792K->107744K(522752K)] 1718033K->1468217K(1921024K), 0.0667159 secs] [Times: user=0.40 sys=0.00, real=0.07 secs] 
5658.573: [Full GC (Ergonomics) [PSYoungGen: 107744K->0K(522752K)] [ParOldGen: 1360473K->34297K(1398272K)] 1468217K->34297K(1921024K), [Metaspace: 59691K->59691K(1105920K)], 0.0657168 secs] [Times: user=0.24 sys=0.00, real=0.06 secs] 
5659.887: [GC (Allocation Failure) [PSYoungGen: 349696K->141088K(523264K)] 383993K->175385K(1921536K), 0.0282782 secs] [Times: user=0.17 sys=0.00, real=0.03 secs] 
5661.284: [GC (Allocation Failure) [PSYoungGen: 490784K->109760K(522240K)] 525081K->275257K(1920512K), 0.0673203 secs] [Times: user=0.40 sys=0.00, real=0.07 secs] 
5662.874: [GC (Allocation Failure) [PSYoungGen: 460480K->142816K(523264K)] 625977K->414862K(1921536K), 0.0528712 secs] [Times: user=0.31 sys=0.00, real=0.05 secs] 
5664.188: [GC (Allocation Failure) [PSYoungGen: 493536K->108480K(524800K)] 765582K->514158K(1923072K), 0.0649398 secs] [Times: user=0.38 sys=0.00, real=0.07 secs] 
5665.616: [GC (Allocation Failure) [PSYoungGen: 459712K->142848K(524288K)] 865390K->654007K(1922560K), 0.0529326 secs] [Times: user=0.31 sys=0.00, real=0.05 secs] 
5666.988: [GC (GCLocker Initiated GC) [PSYoungGen: 494080K->109824K(524288K)] 1005239K->754687K(1922560K), 0.0648710 secs] [Times: user=0.38 sys=0.00, real=0.07 secs] 
5668.873: [GC (Allocation Failure) [PSYoungGen: 461056K->141376K(524288K)] 1105954K->893143K(1922560K), 0.0538318 secs] [Times: user=0.31 sys=0.00, real=0.05 secs] 
5670.230: [GC (Allocation Failure) [PSYoungGen: 492608K->110336K(522752K)] 1244375K->993847K(1921024K), 0.0648049 secs] [Times: user=0.39 sys=0.00, real=0.07 secs] 
5671.839: [GC (Allocation Failure) [PSYoungGen: 462080K->143200K(523776K)] 1345591K->1134251K(1922048K), 0.0546655 secs] [Times: user=0.32 sys=0.00, real=0.06 secs] 
5673.172: [GC (Allocation Failure) [PSYoungGen: 494944K->109952K(525312K)] 1485995K->1234896K(1923584K), 0.0657855 secs] [Times: user=0.39 sys=0.01, real=0.06 secs] 
5674.282: [GC (Allocation Failure) [PSYoungGen: 462208K->144224K(496640K)] 1587152K->1375596K(1894912K), 0.0550549 secs] [Times: user=0.32 sys=0.00, real=0.05 secs] 
5675.803: [GC (Allocation Failure) [PSYoungGen: 496480K->111360K(526336K)] 1727852K->1477744K(1924608K), 0.0988174 secs] [Times: user=0.58 sys=0.00, real=0.10 secs] 
5675.902: [Full GC (Ergonomics) [PSYoungGen: 111360K->0K(526336K)] [ParOldGen: 1366384K->45068K(1398272K)] 1477744K->45068K(1924608K), [Metaspace: 59691K->59691K(1105920K)], 0.0973388 secs] [Times: user=0.40 sys=0.00, real=0.09 secs] 
5677.322: [GC (Allocation Failure) [PSYoungGen: 351744K->145760K(497664K)] 396812K->190828K(1895936K), 0.0294411 secs] [Times: user=0.17 sys=0.00, real=0.03 secs] 
5678.894: [GC (Allocation Failure) [PSYoungGen: 497504K->107648K(524800K)] 542572K->289344K(1923072K), 0.0665293 secs] [Times: user=0.39 sys=0.00, real=0.06 secs] 
5680.417: [GC (Allocation Failure) [PSYoungGen: 456832K->154848K(504320K)] 638528K->439349K(1902592K), 0.0521875 secs] [Times: user=0.31 sys=0.00, real=0.05 secs] 
5681.966: [GC (Allocation Failure) [PSYoungGen: 504032K->104544K(519680K)] 788533K->526529K(1917952K), 0.0833878 secs] [Times: user=0.50 sys=0.00, real=0.08 secs] 
5683.346: [GC (Allocation Failure) [PSYoungGen: 444000K->142496K(518656K)] 865985K->664498K(1916928K), 0.0506266 secs] [Times: user=0.30 sys=0.00, real=0.05 secs] 
5684.644: [GC (GCLocker Initiated GC) [PSYoungGen: 481952K->102624K(518144K)] 1003954K->758002K(1916416K), 0.0645477 secs] [Times: user=0.38 sys=0.00, real=0.06 secs] 
5686.150: [GC (Allocation Failure) [PSYoungGen: 442592K->138912K(518656K)] 1097973K->893202K(1916928K), 0.0508492 secs] [Times: user=0.30 sys=0.00, real=0.05 secs] 
5687.448: [GC (GCLocker Initiated GC) [PSYoungGen: 478880K->105120K(517120K)] 1233170K->988506K(1915392K), 0.0637395 secs] [Times: user=0.38 sys=0.01, real=0.07 secs] 
5688.746: [GC (Allocation Failure) [PSYoungGen: 446624K->140352K(518656K)] 1330081K->1125606K(1916928K), 0.0524553 secs] [Times: user=0.30 sys=0.01, real=0.05 secs] 
5690.053: [GC (GCLocker Initiated GC) [PSYoungGen: 481856K->106976K(518144K)] 1467110K->1223330K(1916416K), 0.0658020 secs] [Times: user=0.39 sys=0.00, real=0.06 secs] 
5691.158: [GC (Allocation Failure) [PSYoungGen: 451040K->139840K(519680K)] 1567464K->1361237K(1917952K), 0.0540657 secs] [Times: user=0.32 sys=0.00, real=0.06 secs] 
5692.513: [GC (Allocation Failure) [PSYoungGen: 483904K->106144K(520192K)] 1705301K->1458117K(1918464K), 0.0663011 secs] [Times: user=0.39 sys=0.01, real=0.06 secs] 
5692.579: [Full GC (Ergonomics) [PSYoungGen: 106144K->0K(520192K)] [ParOldGen: 1351973K->24901K(1398272K)] 1458117K->24901K(1918464K), [Metaspace: 59691K->59691K(1105920K)], 0.0378876 secs] [Times: user=0.11 sys=0.00, real=0.04 secs] 
5694.815: [GC (Allocation Failure) [PSYoungGen: 346624K->137984K(521216K)] 371525K->162885K(1919488K), 0.0278745 secs] [Times: user=0.16 sys=0.00, real=0.03 secs] 
5696.120: [GC (Allocation Failure) [PSYoungGen: 484608K->110016K(519680K)] 509509K->263373K(1917952K), 0.0655017 secs] [Times: user=0.39 sys=0.00, real=0.07 secs] 
5697.434: [GC (Allocation Failure) [PSYoungGen: 459200K->139808K(521728K)] 612557K->401286K(1920000K), 0.0534377 secs] [Times: user=0.32 sys=0.00, real=0.05 secs] 
5698.880: [GC (GCLocker Initiated GC) [PSYoungGen: 488992K->110912K(523264K)] 750470K->502926K(1921536K), 0.0725505 secs] [Times: user=0.43 sys=0.01, real=0.08 secs] 
5699.714: [GC (Allocation Failure) [PSYoungGen: 463680K->143328K(524288K)] 855732K->644073K(1922560K), 0.0535174 secs] [Times: user=0.32 sys=0.00, real=0.05 secs] 
5701.075: [GC (Allocation Failure) [PSYoungGen: 496096K->108960K(525824K)] 996841K->743553K(1924096K), 0.0652775 secs] [Times: user=0.39 sys=0.00, real=0.06 secs] 
5703.526: [GC (Allocation Failure) [PSYoungGen: 462240K->149600K(503296K)] 1096833K->890838K(1901568K), 0.0536836 secs] [Times: user=0.31 sys=0.00, real=0.05 secs] 
5704.892: [GC (Allocation Failure) [PSYoungGen: 502880K->110752K(524800K)] 1244118K->983882K(1923072K), 0.0649758 secs] [Times: user=0.39 sys=0.01, real=0.06 secs] 
5706.645: [GC (Allocation Failure) [PSYoungGen: 458912K->139552K(522240K)] 1332042K->1121271K(1920512K), 0.0535133 secs] [Times: user=0.32 sys=0.00, real=0.05 secs] 
5708.034: [GC (GCLocker Initiated GC) [PSYoungGen: 487712K->107104K(523264K)] 1469431K->1218975K(1921536K), 0.0649548 secs] [Times: user=0.38 sys=0.00, real=0.06 secs] 
5709.619: [GC (Allocation Failure) [PSYoungGen: 456800K->148640K(498688K)] 1568710K->1365125K(1896960K), 0.0533433 secs] [Times: user=0.32 sys=0.00, real=0.06 secs] 
5710.953: [GC (GCLocker Initiated GC) [PSYoungGen: 498336K->112512K(524288K)] 1714821K->1459705K(1922560K), 0.0655672 secs] [Times: user=0.38 sys=0.01, real=0.06 secs] 
5711.019: [Full GC (Ergonomics) [PSYoungGen: 112512K->0K(524288K)] [ParOldGen: 1347193K->27010K(1398272K)] 1459705K->27010K(1922560K), [Metaspace: 59691K->59691K(1105920K)], 0.0473550 secs] [Times: user=0.15 sys=0.00, real=0.05 secs] 
5712.463: [GC (Allocation Failure) [PSYoungGen: 347136K->137312K(484864K)] 374149K->164325K(1883136K), 0.0277560 secs] [Times: user=0.17 sys=0.00, real=0.02 secs] 
5713.825: [GC (GCLocker Initiated GC) [PSYoungGen: 484448K->111136K(523264K)] 511461K->265757K(1921536K), 0.0642390 secs] [Times: user=0.38 sys=0.00, real=0.06 secs] 
5714.881: [GC (Allocation Failure) [PSYoungGen: 460320K->140640K(521216K)] 614944K->404221K(1919488K), 0.0535578 secs] [Times: user=0.31 sys=0.01, real=0.06 secs] 
5716.218: [GC (GCLocker Initiated GC) [PSYoungGen: 489824K->109792K(524800K)] 753405K->504277K(1923072K), 0.0646924 secs] [Times: user=0.38 sys=0.00, real=0.07 secs] 
5717.722: [GC (Allocation Failure) [PSYoungGen: 463584K->143744K(525312K)] 858072K->645621K(1923584K), 0.0536169 secs] [Times: user=0.32 sys=0.00, real=0.05 secs] 
5719.045: [GC (Allocation Failure) [PSYoungGen: 497536K->110464K(525824K)] 999413K->746701K(1924096K), 0.0655375 secs] [Times: user=0.39 sys=0.00, real=0.06 secs] 
5720.087: [GC (Allocation Failure) [PSYoungGen: 463744K->145280K(498688K)] 1099981K->889290K(1896960K), 0.0536406 secs] [Times: user=0.31 sys=0.01, real=0.05 secs] 
5721.412: [GC (Allocation Failure) [PSYoungGen: 498560K->109824K(525824K)] 1242570K->989570K(1924096K), 0.0653602 secs] [Times: user=0.38 sys=0.00, real=0.06 secs] 
5723.028: [GC (Allocation Failure) [PSYoungGen: 461056K->146336K(497664K)] 1340802K->1132814K(1895936K), 0.0539721 secs] [Times: user=0.31 sys=0.00, real=0.06 secs] 
5724.510: [GC (Allocation Failure) [PSYoungGen: 497568K->107360K(524288K)] 1484046K->1231198K(1922560K), 0.0891831 secs] [Times: user=0.53 sys=0.00, real=0.09 secs] 
5725.853: [GC (Allocation Failure) [PSYoungGen: 455520K->143040K(522752K)] 1579358K->1371419K(1921024K), 0.0535137 secs] [Times: user=0.32 sys=0.00, real=0.05 secs] 
5727.167: [GC (Allocation Failure) [PSYoungGen: 491200K->109312K(522752K)] 1719579K->1471391K(1921024K), 0.0659914 secs] [Times: user=0.39 sys=0.00, real=0.07 secs] 
5727.233: [Full GC (Ergonomics) [PSYoungGen: 109312K->0K(522752K)] [ParOldGen: 1362079K->39290K(1398272K)] 1471391K->39290K(1921024K), [Metaspace: 59691K->59691K(1105920K)], 0.0765591 secs] [Times: user=0.29 sys=0.01, real=0.07 secs] 
5728.744: [GC (Allocation Failure) [PSYoungGen: 348160K->149600K(498176K)] 387450K->188890K(1896448K), 0.0282716 secs] [Times: user=0.16 sys=0.01, real=0.03 secs] 
5730.063: [GC (Allocation Failure) [PSYoungGen: 497760K->108128K(522240K)] 537053K->279453K(1920512K), 0.0636434 secs] [Times: user=0.38 sys=0.01, real=0.06 secs] 
5731.175: [GC (Allocation Failure) [PSYoungGen: 452192K->141920K(520704K)] 623517K->418609K(1918976K), 0.0520793 secs] [Times: user=0.31 sys=0.00, real=0.05 secs] 
5732.522: [GC (Allocation Failure) [PSYoungGen: 485984K->104416K(521216K)] 762676K->513892K(1919488K), 0.0640208 secs] [Times: user=0.38 sys=0.00, real=0.06 secs] 
5734.585: [GC (Allocation Failure) [PSYoungGen: 448992K->138720K(521216K)] 858468K->649704K(1919488K), 0.0509529 secs] [Times: user=0.30 sys=0.00, real=0.05 secs] 
5735.923: [GC (Allocation Failure) [PSYoungGen: 483296K->108288K(518144K)] 994280K->748132K(1916416K), 0.0636043 secs] [Times: user=0.38 sys=0.00, real=0.06 secs] 
5737.165: [GC (Allocation Failure) [PSYoungGen: 453888K->141600K(520192K)] 1093732K->886929K(1918464K), 0.0527251 secs] [Times: user=0.31 sys=0.00, real=0.05 secs] 
5738.475: [GC (Allocation Failure) [PSYoungGen: 487200K->105504K(523264K)] 1232529K->983185K(1921536K), 0.0644472 secs] [Times: user=0.38 sys=0.00, real=0.06 secs] 
5740.371: [GC (Allocation Failure) [PSYoungGen: 454176K->139392K(523264K)] 1331857K->1120198K(1921536K), 0.0525535 secs] [Times: user=0.31 sys=0.00, real=0.05 secs] 
5741.743: [GC (Allocation Failure) [PSYoungGen: 488064K->110720K(519680K)] 1468870K->1221366K(1917952K), 0.0658715 secs] [Times: user=0.39 sys=0.00, real=0.06 secs] 
5742.971: [GC (Allocation Failure) [PSYoungGen: 459904K->140320K(521728K)] 1570550K->1359387K(1920000K), 0.0547740 secs] [Times: user=0.32 sys=0.00, real=0.05 secs] 
5744.319: [GC (GCLocker Initiated GC) [PSYoungGen: 489504K->110176K(522752K)] 1708572K->1460028K(1921024K), 0.0674226 secs] [Times: user=0.40 sys=0.00, real=0.07 secs] 
5744.387: [Full GC (Ergonomics) [PSYoungGen: 110176K->0K(522752K)] [ParOldGen: 1349852K->27562K(1398272K)] 1460028K->27562K(1921024K), [Metaspace: 59691K->59691K(1105920K)], 0.0466815 secs] [Times: user=0.14 sys=0.00, real=0.05 secs] 
5745.553: [GC (Allocation Failure) [PSYoungGen: 352256K->144992K(523776K)] 379820K->172556K(1922048K), 0.0288590 secs] [Times: user=0.17 sys=0.01, real=0.03 secs] 
5746.895: [GC (Allocation Failure) [PSYoungGen: 497248K->108128K(525824K)] 524812K->271652K(1924096K), 0.0646871 secs] [Times: user=0.39 sys=0.00, real=0.06 secs] 
5748.565: [GC (Allocation Failure) [PSYoungGen: 459360K->143680K(495104K)] 622884K->412625K(1893376K), 0.0521906 secs] [Times: user=0.31 sys=0.00, real=0.05 secs] 
5749.893: [GC (Allocation Failure) [PSYoungGen: 494912K->108768K(525312K)] 763857K->512337K(1923584K), 0.0644113 secs] [Times: user=0.39 sys=0.00, real=0.06 secs] 
5750.986: [GC (Allocation Failure) [PSYoungGen: 458976K->151616K(502272K)] 862545K->661590K(1900544K), 0.0534601 secs] [Times: user=0.32 sys=0.00, real=0.05 secs] 
5752.313: [GC (Allocation Failure) [PSYoungGen: 501824K->108608K(522240K)] 1011798K->753038K(1920512K), 0.0649466 secs] [Times: user=0.39 sys=0.00, real=0.06 secs] 
5753.444: [GC (Allocation Failure) [PSYoungGen: 452160K->142752K(520192K)] 1096590K->893301K(1918464K), 0.0535868 secs] [Times: user=0.32 sys=0.00, real=0.05 secs] 
5754.918: [GC (Allocation Failure) [PSYoungGen: 486304K->105440K(521216K)] 1236853K->989893K(1919488K), 0.0972135 secs] [Times: user=0.58 sys=0.00, real=0.10 secs] 
5756.478: [GC (Allocation Failure) [PSYoungGen: 450016K->139424K(521216K)] 1334469K->1126818K(1919488K), 0.0524253 secs] [Times: user=0.31 sys=0.00, real=0.05 secs] 
5757.828: [GC (Allocation Failure) [PSYoungGen: 484000K->106496K(519168K)] 1471394K->1223926K(1917440K), 0.0643848 secs] [Times: user=0.38 sys=0.00, real=0.07 secs] 
5758.939: [GC (Allocation Failure) [PSYoungGen: 452096K->141632K(520704K)] 1569526K->1363235K(1918976K), 0.0535394 secs] [Times: user=0.31 sys=0.00, real=0.06 secs] 
5760.385: [GC (Allocation Failure) [PSYoungGen: 487232K->108480K(521216K)] 1708835K->1462579K(1919488K), 0.0659336 secs] [Times: user=0.39 sys=0.01, real=0.06 secs] 
5760.451: [Full GC (Ergonomics) [PSYoungGen: 108480K->0K(521216K)] [ParOldGen: 1354099K->29977K(1398272K)] 1462579K->29977K(1919488K), [Metaspace: 59692K->59692K(1105920K)], 0.0520580 secs] [Times: user=0.17 sys=0.00, real=0.06 secs] 
5762.531: [GC (Allocation Failure) [PSYoungGen: 347136K->138624K(521728K)] 377113K->168601K(1920000K), 0.0278161 secs] [Times: user=0.16 sys=0.00, real=0.03 secs] 
5763.856: [GC (Allocation Failure) [PSYoungGen: 485760K->109184K(520192K)] 515737K->268401K(1918464K), 0.0649757 secs] [Times: user=0.39 sys=0.00, real=0.06 secs] 
5765.395: [GC (Allocation Failure) [PSYoungGen: 458880K->141408K(522240K)] 618097K->407278K(1920512K), 0.0525131 secs] [Times: user=0.31 sys=0.00, real=0.05 secs] 
5766.709: [GC (GCLocker Initiated GC) [PSYoungGen: 491104K->109824K(523776K)] 756974K->507782K(1922048K), 0.0664095 secs] [Times: user=0.39 sys=0.00, real=0.07 secs] 
5768.203: [GC (Allocation Failure) [PSYoungGen: 462080K->143680K(524288K)] 860041K->648782K(1922560K), 0.0538057 secs] [Times: user=0.32 sys=0.00, real=0.05 secs] 
5769.638: [GC (Allocation Failure) [PSYoungGen: 495936K->110784K(524800K)] 1001038K->750082K(1923072K), 0.0653095 secs] [Times: user=0.39 sys=0.00, real=0.07 secs] 
5771.460: [GC (Allocation Failure) [PSYoungGen: 462528K->141216K(524288K)] 1101826K->888566K(1922560K), 0.0538335 secs] [Times: user=0.32 sys=0.00, real=0.06 secs] 
5772.831: [GC (Allocation Failure) [PSYoungGen: 492960K->110720K(523264K)] 1240310K->989906K(1921536K), 0.0649137 secs] [Times: user=0.39 sys=0.00, real=0.07 secs] 
5773.904: [GC (Allocation Failure) [PSYoungGen: 463488K->144768K(524288K)] 1342674K->1132499K(1922560K), 0.0545443 secs] [Times: user=0.32 sys=0.00, real=0.05 secs] 
5775.243: [GC (GCLocker Initiated GC) [PSYoungGen: 497536K->109632K(525312K)] 1485267K->1233140K(1923584K), 0.0657742 secs] [Times: user=0.39 sys=0.00, real=0.06 secs] 
5776.589: [GC (Allocation Failure) [PSYoungGen: 461376K->144480K(496640K)] 1584955K->1374847K(1894912K), 0.0536728 secs] [Times: user=0.32 sys=0.00, real=0.06 secs] 
5777.896: [GC (Allocation Failure) [PSYoungGen: 496224K->111424K(525824K)] 1726591K->1477199K(1924096K), 0.0647767 secs] [Times: user=0.39 sys=0.00, real=0.06 secs] 
5777.961: [Full GC (Ergonomics) [PSYoungGen: 111424K->0K(525824K)] [ParOldGen: 1365775K->41222K(1398272K)] 1477199K->41222K(1924096K), [Metaspace: 59692K->59692K(1105920K)], 0.0767923 secs] [Times: user=0.29 sys=0.00, real=0.08 secs] 
5779.202: [GC (Allocation Failure) [PSYoungGen: 350720K->144800K(495616K)] 391942K->186023K(1893888K), 0.0292536 secs] [Times: user=0.17 sys=0.00, real=0.03 secs] 
5780.481: [GC (Allocation Failure) [PSYoungGen: 495520K->108320K(524800K)] 536743K->285359K(1923072K), 0.0642666 secs] [Times: user=0.38 sys=0.00, real=0.07 secs] 
5781.773: [GC (GCLocker Initiated GC) [PSYoungGen: 457504K->145152K(494592K)] 634543K->427373K(1892864K), 0.0522283 secs] [Times: user=0.30 sys=0.01, real=0.05 secs] 
5783.642: [GC (Allocation Failure) [PSYoungGen: 494336K->107680K(524288K)] 776561K->526369K(1922560K), 0.1005311 secs] [Times: user=0.59 sys=0.00, real=0.10 secs] 
5786.016: [GC (Allocation Failure) [PSYoungGen: 455840K->140640K(522752K)] 874529K->663422K(1921024K), 0.0522759 secs] [Times: user=0.30 sys=0.01, real=0.05 secs] 
5787.355: [GC (GCLocker Initiated GC) [PSYoungGen: 488800K->105568K(522240K)] 1011583K->760059K(1920512K), 0.0643073 secs] [Times: user=0.38 sys=0.00, real=0.06 secs] 
5788.418: [GC (Allocation Failure) [PSYoungGen: 454240K->142688K(522752K)] 1108734K->899587K(1921024K), 0.0523357 secs] [Times: user=0.31 sys=0.00, real=0.05 secs] 
5789.733: [GC (Allocation Failure) [PSYoungGen: 491360K->109056K(522752K)] 1248259K->999035K(1921024K), 0.0658275 secs] [Times: user=0.39 sys=0.01, real=0.06 secs] 
5790.646: [GC (Allocation Failure) [PSYoungGen: 457728K->146208K(495104K)] 1347707K->1141592K(1893376K), 0.0535697 secs] [Times: user=0.32 sys=0.00, real=0.05 secs] 
5791.915: [GC (Allocation Failure) [PSYoungGen: 494880K->106624K(523264K)] 1490264K->1239464K(1921536K), 0.0657284 secs] [Times: user=0.38 sys=0.01, real=0.06 secs] 
5794.555: [GC (Allocation Failure) [PSYoungGen: 452736K->145312K(491520K)] 1585576K->1379733K(1889792K), 0.0534890 secs] [Times: user=0.31 sys=0.00, real=0.05 secs] 
5794.609: [Full GC (Ergonomics) [PSYoungGen: 145312K->0K(491520K)] [ParOldGen: 1234421K->182244K(1398272K)] 1379733K->182244K(1889792K), [Metaspace: 59692K->59692K(1105920K)], 0.4367849 secs] [Times: user=2.04 sys=0.00, real=0.44 secs] 
5796.249: [GC (Allocation Failure) [PSYoungGen: 346112K->107328K(522752K)] 528356K->289572K(1921024K), 0.0371391 secs] [Times: user=0.22 sys=0.00, real=0.04 secs] 
5798.181: [GC (Allocation Failure) [PSYoungGen: 451904K->141312K(520704K)] 634148K->425128K(1918976K), 0.0512429 secs] [Times: user=0.30 sys=0.00, real=0.06 secs] 
5799.486: [GC (Allocation Failure) [PSYoungGen: 485888K->105568K(520704K)] 769704K->521640K(1918976K), 0.0636134 secs] [Times: user=0.38 sys=0.00, real=0.06 secs] 
5801.095: [GC (Allocation Failure) [PSYoungGen: 451168K->140480K(521216K)] 867240K->659405K(1919488K), 0.0520645 secs] [Times: user=0.31 sys=0.00, real=0.05 secs] 
5802.441: [GC (Allocation Failure) [PSYoungGen: 486080K->106464K(521216K)] 1005005K->756505K(1919488K), 0.0643878 secs] [Times: user=0.38 sys=0.00, real=0.07 secs] 
5804.358: [GC (Allocation Failure) [PSYoungGen: 453088K->140160K(521728K)] 1103129K->893806K(1920000K), 0.0523520 secs] [Times: user=0.31 sys=0.00, real=0.05 secs] 
5805.666: [GC (GCLocker Initiated GC) [PSYoungGen: 486784K->107872K(521216K)] 1240430K->992526K(1919488K), 0.0658496 secs] [Times: user=0.39 sys=0.00, real=0.07 secs] 
5807.120: [GC (Allocation Failure) [PSYoungGen: 456032K->141312K(522240K)] 1340757K->1131070K(1920512K), 0.0534059 secs] [Times: user=0.31 sys=0.00, real=0.06 secs] 
5808.488: [GC (Allocation Failure) [PSYoungGen: 489472K->107712K(522752K)] 1479230K->1229334K(1921024K), 0.0663710 secs] [Times: user=0.39 sys=0.01, real=0.07 secs] 
5810.303: [GC (Allocation Failure) [PSYoungGen: 457408K->141664K(523264K)] 1579030K->1368219K(1921536K), 0.0536577 secs] [Times: user=0.31 sys=0.00, real=0.05 secs] 
5811.658: [GC (GCLocker Initiated GC) [PSYoungGen: 491360K->108608K(522752K)] 1717916K->1467512K(1921024K), 0.0775818 secs] [Times: user=0.46 sys=0.00, real=0.08 secs] 
5811.736: [Full GC (Ergonomics) [PSYoungGen: 108608K->0K(522752K)] [ParOldGen: 1358904K->30215K(1398272K)] 1467512K->30215K(1921024K), [Metaspace: 59692K->59692K(1105920K)], 0.0537493 secs] [Times: user=0.18 sys=0.00, real=0.05 secs] 
5813.417: [GC (Allocation Failure) [PSYoungGen: 350208K->141792K(523264K)] 380494K->172078K(1921536K), 0.0285093 secs] [Times: user=0.16 sys=0.00, real=0.03 secs] 
5814.715: [GC (GCLocker Initiated GC) [PSYoungGen: 492000K->110848K(523264K)] 522286K->273598K(1921536K), 0.0652551 secs] [Times: user=0.38 sys=0.01, real=0.06 secs] 
5816.516: [GC (Allocation Failure) [PSYoungGen: 462080K->141056K(523776K)] 624833K->411797K(1922048K), 0.0531744 secs] [Times: user=0.32 sys=0.00, real=0.05 secs] 
5817.908: [GC (Allocation Failure) [PSYoungGen: 492288K->112704K(522752K)] 763029K->514829K(1921024K), 0.0664720 secs] [Times: user=0.39 sys=0.01, real=0.07 secs] 
5818.895: [GC (Allocation Failure) [PSYoungGen: 464960K->143872K(523776K)] 867085K->655706K(1922048K), 0.0553938 secs] [Times: user=0.33 sys=0.00, real=0.05 secs] 
5820.269: [GC (Allocation Failure) [PSYoungGen: 496128K->110752K(525824K)] 1007962K->756738K(1924096K), 0.0652012 secs] [Times: user=0.38 sys=0.01, real=0.07 secs] 
5821.410: [GC (Allocation Failure) [PSYoungGen: 464032K->144064K(497664K)] 1110018K->897787K(1895936K), 0.0542023 secs] [Times: user=0.32 sys=0.00, real=0.06 secs] 
5823.080: [GC (Allocation Failure) [PSYoungGen: 497344K->109952K(526336K)] 1251067K->998363K(1924608K), 0.1256109 secs] [Times: user=0.74 sys=0.00, real=0.13 secs] 
5824.635: [GC (Allocation Failure) [PSYoungGen: 462208K->145664K(498176K)] 1350619K->1139812K(1896448K), 0.0545806 secs] [Times: user=0.32 sys=0.00, real=0.05 secs] 
5825.936: [GC (GCLocker Initiated GC) [PSYoungGen: 497920K->109504K(525312K)] 1492068K->1240288K(1923584K), 0.0659772 secs] [Times: user=0.39 sys=0.01, real=0.07 secs] 
5827.261: [GC (Allocation Failure) [PSYoungGen: 459712K->146656K(497152K)] 1590499K->1382616K(1895424K), 0.0537008 secs] [Times: user=0.32 sys=0.00, real=0.06 secs] 
5827.315: [Full GC (Ergonomics) [PSYoungGen: 146656K->0K(497152K)] [ParOldGen: 1235960K->187433K(1398272K)] 1382616K->187433K(1895424K), [Metaspace: 59692K->59692K(1105920K)], 0.4574671 secs] [Times: user=2.12 sys=0.00, real=0.46 secs] 
5829.173: [GC (Allocation Failure) [PSYoungGen: 350208K->103840K(523264K)] 537641K->291273K(1921536K), 0.0548568 secs] [Times: user=0.32 sys=0.00, real=0.05 secs] 
5830.524: [GC (Allocation Failure) [PSYoungGen: 450464K->144000K(491008K)] 637897K->430258K(1889280K), 0.0502037 secs] [Times: user=0.30 sys=0.00, real=0.05 secs] 
5831.910: [GC (Allocation Failure) [PSYoungGen: 490624K->105728K(522752K)] 776882K->526438K(1921024K), 0.0643979 secs] [Times: user=0.38 sys=0.00, real=0.07 secs] 
5833.223: [GC (Allocation Failure) [PSYoungGen: 450816K->144224K(489472K)] 871526K->666762K(1887744K), 0.0519766 secs] [Times: user=0.31 sys=0.00, real=0.05 secs] 
5834.517: [GC (GCLocker Initiated GC) [PSYoungGen: 489312K->104768K(521728K)] 1011851K->762547K(1920000K), 0.0654307 secs] [Times: user=0.38 sys=0.01, real=0.07 secs] 
5835.537: [GC (Allocation Failure) [PSYoungGen: 448320K->140352K(520704K)] 1106137K->899798K(1918976K), 0.0517880 secs] [Times: user=0.30 sys=0.00, real=0.05 secs] 
5836.921: [GC (Allocation Failure) [PSYoungGen: 483904K->107424K(518144K)] 1243350K->997598K(1916416K), 0.0633438 secs] [Times: user=0.38 sys=0.00, real=0.06 secs] 
5837.885: [GC (Allocation Failure) [PSYoungGen: 451488K->143040K(519680K)] 1341662K->1138465K(1917952K), 0.0527033 secs] [Times: user=0.31 sys=0.00, real=0.05 secs] 
5839.254: [GC (Allocation Failure) [PSYoungGen: 487104K->107616K(521216K)] 1482529K->1237226K(1919488K), 0.0649199 secs] [Times: user=0.38 sys=0.00, real=0.06 secs] 
5840.419: [GC (Allocation Failure) [PSYoungGen: 453216K->141504K(521216K)] 1582826K->1375689K(1919488K), 0.0530912 secs] [Times: user=0.31 sys=0.00, real=0.06 secs] 
5840.472: [Full GC (Ergonomics) [PSYoungGen: 141504K->0K(521216K)] [ParOldGen: 1234185K->175335K(1398272K)] 1375689K->175335K(1919488K), [Metaspace: 59692K->59692K(1105920K)], 0.4185756 secs] [Times: user=1.94 sys=0.00, real=0.41 secs] 
5842.150: [GC (Allocation Failure) [PSYoungGen: 345600K->105600K(521216K)] 520935K->280935K(1919488K), 0.0344138 secs] [Times: user=0.21 sys=0.00, real=0.04 secs] 
5843.705: [GC (Allocation Failure) [PSYoungGen: 452224K->139488K(521728K)] 627559K->417723K(1920000K), 0.0526808 secs] [Times: user=0.31 sys=0.00, real=0.05 secs] 
5845.012: [GC (Allocation Failure) [PSYoungGen: 486112K->109408K(520192K)] 764347K->517163K(1918464K), 0.0662672 secs] [Times: user=0.38 sys=0.00, real=0.06 secs] 
5846.673: [GC (Allocation Failure) [PSYoungGen: 457568K->140000K(521728K)] 865323K->654288K(1920000K), 0.0529023 secs] [Times: user=0.31 sys=0.00, real=0.05 secs] 
5848.044: [GC (Allocation Failure) [PSYoungGen: 488160K->110016K(522240K)] 1002448K->754472K(1920512K), 0.0643805 secs] [Times: user=0.38 sys=0.00, real=0.06 secs] 
5849.753: [GC (Allocation Failure) [PSYoungGen: 460736K->142688K(523264K)] 1105192K->894261K(1921536K), 0.0538117 secs] [Times: user=0.32 sys=0.00, real=0.05 secs] 
5851.101: [GC (Allocation Failure) [PSYoungGen: 493408K->110464K(523264K)] 1244981K->994789K(1921536K), 0.0652092 secs] [Times: user=0.38 sys=0.00, real=0.07 secs] 
5852.582: [GC (Allocation Failure) [PSYoungGen: 462208K->142624K(523776K)] 1346533K->1134658K(1922048K), 0.0536560 secs] [Times: user=0.32 sys=0.00, real=0.05 secs] 
5853.898: [GC (GCLocker Initiated GC) [PSYoungGen: 494368K->109952K(524800K)] 1486402K->1235446K(1923072K), 0.0662205 secs] [Times: user=0.39 sys=0.01, real=0.07 secs] 
5854.756: [GC (Allocation Failure) [PSYoungGen: 462720K->145632K(498688K)] 1588217K->1378166K(1896960K), 0.0546551 secs] [Times: user=0.33 sys=0.00, real=0.05 secs] 
5856.075: [GC (Allocation Failure) [PSYoungGen: 498400K->109088K(525312K)] 1730934K->1478006K(1923584K), 0.0668825 secs] [Times: user=0.39 sys=0.00, real=0.07 secs] 
5856.142: [Full GC (Ergonomics) [PSYoungGen: 109088K->0K(525312K)] [ParOldGen: 1368918K->39529K(1398272K)] 1478006K->39529K(1923584K), [Metaspace: 59692K->59692K(1105920K)], 0.0773754 secs] [Times: user=0.30 sys=0.01, real=0.07 secs] 
5857.747: [GC (Allocation Failure) [PSYoungGen: 350208K->142848K(523776K)] 389737K->182377K(1922048K), 0.0284218 secs] [Times: user=0.17 sys=0.00, real=0.03 secs] 
5859.086: [GC (Allocation Failure) [PSYoungGen: 493056K->109344K(523776K)] 532585K->282225K(1922048K), 0.0637797 secs] [Times: user=0.38 sys=0.00, real=0.06 secs] 
5860.072: [GC (Allocation Failure) [PSYoungGen: 459552K->143136K(523776K)] 632433K->422406K(1922048K), 0.0527265 secs] [Times: user=0.31 sys=0.01, real=0.05 secs] 
5861.428: [GC (Allocation Failure) [PSYoungGen: 493344K->109568K(523776K)] 772614K->522498K(1922048K), 0.1053112 secs] [Times: user=0.63 sys=0.00, real=0.11 secs] 
5862.753: [GC (Allocation Failure) [PSYoungGen: 459776K->144768K(495104K)] 872706K->663166K(1893376K), 0.0534720 secs] [Times: user=0.30 sys=0.01, real=0.05 secs] 
5864.065: [GC (Allocation Failure) [PSYoungGen: 494976K->109088K(524800K)] 1013374K->762399K(1923072K), 0.0650492 secs] [Times: user=0.39 sys=0.00, real=0.06 secs] 
5865.375: [GC (Allocation Failure) [PSYoungGen: 458272K->154560K(503808K)] 1111583K->912942K(1902080K), 0.0543807 secs] [Times: user=0.32 sys=0.00, real=0.05 secs] 
5866.681: [GC (Allocation Failure) [PSYoungGen: 503744K->108096K(520704K)] 1262126K->1003594K(1918976K), 0.0660470 secs] [Times: user=0.39 sys=0.00, real=0.07 secs] 
5867.403: [GC (Allocation Failure) [PSYoungGen: 448576K->142464K(518656K)] 1344074K->1142689K(1916928K), 0.0536862 secs] [Times: user=0.32 sys=0.00, real=0.05 secs] 
5868.873: [GC (GCLocker Initiated GC) [PSYoungGen: 482944K->103328K(519680K)] 1483169K->1237101K(1917952K), 0.0652357 secs] [Times: user=0.39 sys=0.00, real=0.06 secs] 
5870.664: [GC (Allocation Failure) [PSYoungGen: 444832K->141248K(519680K)] 1578608K->1374556K(1917952K), 0.0523447 secs] [Times: user=0.31 sys=0.00, real=0.05 secs] 
5870.717: [Full GC (Ergonomics) [PSYoungGen: 141248K->0K(519680K)] [ParOldGen: 1233308K->177448K(1398272K)] 1374556K->177448K(1917952K), [Metaspace: 59692K->59692K(1105920K)], 0.4247039 secs] [Times: user=1.97 sys=0.00, real=0.43 secs] 
5872.372: [GC (Allocation Failure) [PSYoungGen: 341504K->101536K(520192K)] 518952K->278984K(1918464K), 0.0354194 secs] [Times: user=0.21 sys=0.00, real=0.03 secs] 
5874.253: [GC (Allocation Failure) [PSYoungGen: 443552K->146816K(488960K)] 621000K->422685K(1887232K), 0.0515652 secs] [Times: user=0.30 sys=0.00, real=0.05 secs] 
5875.553: [GC (Allocation Failure) [PSYoungGen: 488832K->108256K(520192K)] 764701K->513345K(1918464K), 0.0641786 secs] [Times: user=0.38 sys=0.00, real=0.06 secs] 
5877.515: [GC (Allocation Failure) [PSYoungGen: 447712K->136352K(476160K)] 852801K->646950K(1874432K), 0.0531449 secs] [Times: user=0.31 sys=0.00, real=0.05 secs] 
5878.832: [GC (Allocation Failure) [PSYoungGen: 475808K->106816K(519168K)] 986406K->744262K(1917440K), 0.0649263 secs] [Times: user=0.38 sys=0.00, real=0.06 secs] 
5880.585: [GC (Allocation Failure) [PSYoungGen: 448320K->134592K(517120K)] 1085766K->876790K(1915392K), 0.0527389 secs] [Times: user=0.31 sys=0.00, real=0.05 secs] 
5881.921: [GC (Allocation Failure) [PSYoungGen: 476096K->112000K(520192K)] 1218294K->979414K(1918464K), 0.0652478 secs] [Times: user=0.39 sys=0.00, real=0.07 secs] 
5883.457: [GC (Allocation Failure) [PSYoungGen: 460672K->134240K(520192K)] 1328086K->1112203K(1918464K), 0.0547257 secs] [Times: user=0.33 sys=0.00, real=0.06 secs] 
5884.888: [GC (Allocation Failure) [PSYoungGen: 482912K->116320K(521728K)] 1460875K->1218463K(1920000K), 0.0659579 secs] [Times: user=0.39 sys=0.00, real=0.07 secs] 
5885.946: [GC (Allocation Failure) [PSYoungGen: 472672K->141120K(524288K)] 1574815K->1357852K(1922560K), 0.0574621 secs] [Times: user=0.33 sys=0.00, real=0.06 secs] 
5887.290: [GC (GCLocker Initiated GC) [PSYoungGen: 497472K->112128K(528384K)] 1714205K->1460429K(1926656K), 0.0673089 secs] [Times: user=0.39 sys=0.01, real=0.07 secs] 
5887.357: [Full GC (Ergonomics) [PSYoungGen: 112128K->0K(528384K)] [ParOldGen: 1348301K->21834K(1398272K)] 1460429K->21834K(1926656K), [Metaspace: 59692K->59692K(1105920K)], 0.0343440 secs] [Times: user=0.10 sys=0.00, real=0.04 secs] 
5889.136: [GC (Allocation Failure) [PSYoungGen: 361472K->151808K(513536K)] 383313K->173649K(1911808K), 0.0284692 secs] [Times: user=0.17 sys=0.00, real=0.03 secs] 
5890.536: [GC (Allocation Failure) [PSYoungGen: 513280K->113472K(527872K)] 535121K->269517K(1926144K), 0.0652700 secs] [Times: user=0.39 sys=0.00, real=0.07 secs] 
5891.864: [GC (Allocation Failure) [PSYoungGen: 467776K->145408K(500224K)] 623821K->412054K(1898496K), 0.0540864 secs] [Times: user=0.31 sys=0.00, real=0.05 secs] 
5893.192: [GC (Allocation Failure) [PSYoungGen: 499712K->110560K(526848K)] 766358K->513122K(1925120K), 0.0650070 secs] [Times: user=0.38 sys=0.00, real=0.06 secs] 
5894.775: [GC (Allocation Failure) [PSYoungGen: 463328K->144608K(497664K)] 865890K->654719K(1895936K), 0.0529169 secs] [Times: user=0.32 sys=0.01, real=0.05 secs] 
5896.111: [GC (Allocation Failure) [PSYoungGen: 497376K->106880K(525312K)] 1007487K->752615K(1923584K), 0.0644626 secs] [Times: user=0.39 sys=0.00, real=0.07 secs] 
5897.141: [GC (Allocation Failure) [PSYoungGen: 457600K->144512K(495616K)] 1103335K->894332K(1893888K), 0.0531308 secs] [Times: user=0.31 sys=0.00, real=0.06 secs] 
5898.482: [GC (Allocation Failure) [PSYoungGen: 495232K->108224K(524800K)] 1245052K->993436K(1923072K), 0.0668825 secs] [Times: user=0.40 sys=0.01, real=0.06 secs] 
5899.528: [GC (Allocation Failure) [PSYoungGen: 457408K->143936K(493568K)] 1342620K->1134697K(1891840K), 0.0531495 secs] [Times: user=0.31 sys=0.00, real=0.06 secs] 
5900.833: [GC (Allocation Failure) [PSYoungGen: 492579K->108160K(524288K)] 1483340K->1233681K(1922560K), 0.0648470 secs] [Times: user=0.39 sys=0.00, real=0.06 secs] 
5902.846: [GC (Allocation Failure) [PSYoungGen: 456320K->141184K(522752K)] 1581841K->1371686K(1921024K), 0.0532396 secs] [Times: user=0.31 sys=0.01, real=0.05 secs] 
5902.899: [Full GC (Ergonomics) [PSYoungGen: 141184K->0K(522752K)] [ParOldGen: 1230501K->176953K(1398272K)] 1371686K->176953K(1921024K), [Metaspace: 59692K->59692K(1105920K)], 0.4183063 secs] [Times: user=1.93 sys=0.00, real=0.42 secs] 
5904.537: [GC (Allocation Failure) [PSYoungGen: 348160K->107456K(522240K)] 525113K->284409K(1920512K), 0.0342452 secs] [Times: user=0.19 sys=0.00, real=0.03 secs] 
5905.780: [GC (Allocation Failure) [PSYoungGen: 456128K->143456K(522752K)] 633081K->425154K(1921024K), 0.0532889 secs] [Times: user=0.30 sys=0.01, real=0.06 secs] 
5907.125: [GC (Allocation Failure) [PSYoungGen: 492128K->107392K(523264K)] 773826K->523354K(1921536K), 0.0642523 secs] [Times: user=0.39 sys=0.00, real=0.06 secs] 
5908.570: [GC (Allocation Failure) [PSYoungGen: 455552K->141472K(522752K)] 871514K->662047K(1921024K), 0.0523698 secs] [Times: user=0.31 sys=0.00, real=0.06 secs] 
5909.890: [GC (GCLocker Initiated GC) [PSYoungGen: 489632K->108800K(521216K)] 1010209K->761105K(1919488K), 0.0643204 secs] [Times: user=0.38 sys=0.00, real=0.07 secs] 
5910.892: [GC (Allocation Failure) [PSYoungGen: 457472K->153664K(502784K)] 1109780K->912461K(1901056K), 0.0542660 secs] [Times: user=0.32 sys=0.00, real=0.05 secs] 
5912.321: [GC (Allocation Failure) [PSYoungGen: 502336K->107232K(521216K)] 1261133K->1002565K(1919488K), 0.0861653 secs] [Times: user=0.52 sys=0.00, real=0.08 secs] 
5913.658: [GC (Allocation Failure) [PSYoungGen: 448736K->141664K(519168K)] 1344069K->1140950K(1917440K), 0.0534827 secs] [Times: user=0.31 sys=0.00, real=0.06 secs] 
5914.959: [GC (Allocation Failure) [PSYoungGen: 483168K->104704K(519168K)] 1482454K->1236866K(1917440K), 0.0643726 secs] [Times: user=0.39 sys=0.00, real=0.07 secs] 
5917.323: [GC (Allocation Failure) [PSYoungGen: 447232K->137888K(519680K)] 1579394K->1372151K(1917952K), 0.0523065 secs] [Times: user=0.30 sys=0.00, real=0.05 secs] 
5917.376: [Full GC (Ergonomics) [PSYoungGen: 137888K->0K(519680K)] [ParOldGen: 1234263K->170060K(1398272K)] 1372151K->170060K(1917952K), [Metaspace: 59692K->59692K(1105920K)], 0.4077530 secs] [Times: user=1.90 sys=0.00, real=0.41 secs] 
5918.976: [GC (Allocation Failure) [PSYoungGen: 342528K->106080K(518656K)] 512588K->276140K(1916928K), 0.0356726 secs] [Times: user=0.21 sys=0.00, real=0.04 secs] 
5920.455: [GC (Allocation Failure) [PSYoungGen: 451168K->141664K(520192K)] 621228K->414080K(1918464K), 0.0524861 secs] [Times: user=0.31 sys=0.00, real=0.05 secs] 
5921.771: [GC (Allocation Failure) [PSYoungGen: 486752K->106560K(522240K)] 759168K->511740K(1920512K), 0.0808123 secs] [Times: user=0.48 sys=0.01, real=0.09 secs] 
5923.880: [GC (Allocation Failure) [PSYoungGen: 453696K->138656K(522240K)] 858876K->647844K(1920512K), 0.0530341 secs] [Times: user=0.30 sys=0.00, real=0.06 secs] 
5925.294: [GC (Allocation Failure) [PSYoungGen: 485792K->108736K(519680K)] 994980K->747036K(1917952K), 0.0656614 secs] [Times: user=0.39 sys=0.00, real=0.06 secs] 
5926.660: [GC (Allocation Failure) [PSYoungGen: 457408K->138944K(521728K)] 1095708K->883800K(1920000K), 0.0532426 secs] [Times: user=0.31 sys=0.00, real=0.06 secs] 
5928.000: [GC (Allocation Failure) [PSYoungGen: 487616K->111072K(521728K)] 1232472K->985280K(1920000K), 0.0653977 secs] [Times: user=0.39 sys=0.00, real=0.07 secs] 
5929.282: [GC (Allocation Failure) [PSYoungGen: 462816K->142432K(523264K)] 1337024K->1125693K(1921536K), 0.0551269 secs] [Times: user=0.33 sys=0.00, real=0.05 secs] 
5930.596: [GC (Allocation Failure) [PSYoungGen: 494176K->110336K(525312K)] 1477437K->1226777K(1923584K), 0.0667580 secs] [Times: user=0.40 sys=0.00, real=0.07 secs] 
5931.892: [GC (Allocation Failure) [PSYoungGen: 464128K->142336K(525312K)] 1580569K->1367006K(1923584K), 0.0553087 secs] [Times: user=0.32 sys=0.00, real=0.05 secs] 
5933.244: [GC (GCLocker Initiated GC) [PSYoungGen: 496128K->110336K(525312K)] 1720798K->1467666K(1923584K), 0.0677468 secs] [Times: user=0.40 sys=0.00, real=0.07 secs] 
5933.312: [Full GC (Ergonomics) [PSYoungGen: 110336K->0K(525312K)] [ParOldGen: 1357330K->29015K(1398272K)] 1467666K->29015K(1923584K), [Metaspace: 59692K->59692K(1105920K)], 0.0584505 secs] [Times: user=0.18 sys=0.01, real=0.05 secs] 
5934.288: [GC (Allocation Failure) [PSYoungGen: 353792K->145536K(499712K)] 382810K->174554K(1897984K), 0.0292473 secs] [Times: user=0.16 sys=0.00, real=0.03 secs] 
5935.607: [GC (Allocation Failure) [PSYoungGen: 499328K->109920K(526336K)] 528346K->275418K(1924608K), 0.0911676 secs] [Times: user=0.52 sys=0.00, real=0.09 secs] 
5936.907: [GC (Allocation Failure) [PSYoungGen: 461664K->144192K(496128K)] 627162K->417087K(1894400K), 0.0527679 secs] [Times: user=0.31 sys=0.00, real=0.05 secs] 
5938.341: [GC (Allocation Failure) [PSYoungGen: 495936K->109248K(525824K)] 768831K->517271K(1924096K), 0.0934161 secs] [Times: user=0.55 sys=0.00, real=0.09 secs] 
5939.632: [GC (Allocation Failure) [PSYoungGen: 459968K->144224K(495104K)] 867991K->658732K(1893376K), 0.0537982 secs] [Times: user=0.32 sys=0.00, real=0.05 secs] 
5941.098: [GC (GCLocker Initiated GC) [PSYoungGen: 494944K->106496K(524800K)] 1009454K->755998K(1923072K), 0.0739939 secs] [Times: user=0.44 sys=0.00, real=0.08 secs] 
5942.254: [GC (Allocation Failure) [PSYoungGen: 455680K->142208K(523264K)] 1105221K->895441K(1921536K), 0.0532143 secs] [Times: user=0.31 sys=0.00, real=0.05 secs] 
5943.615: [GC (Allocation Failure) [PSYoungGen: 491392K->110880K(522240K)] 1244625K->997041K(1920512K), 0.0660852 secs] [Times: user=0.39 sys=0.00, real=0.06 secs] 
5945.148: [GC (Allocation Failure) [PSYoungGen: 460064K->142464K(522752K)] 1346225K->1135614K(1921024K), 0.0551102 secs] [Times: user=0.32 sys=0.00, real=0.06 secs] 
5946.831: [GC (Allocation Failure) [PSYoungGen: 491648K->108704K(523776K)] 1484798K->1234562K(1922048K), 0.0938207 secs] [Times: user=0.56 sys=0.00, real=0.09 secs] 
5948.418: [GC (Allocation Failure) [PSYoungGen: 458912K->151008K(501248K)] 1584770K->1382263K(1899520K), 0.0545249 secs] [Times: user=0.32 sys=0.00, real=0.06 secs] 
5949.721: [GC (Allocation Failure) [PSYoungGen: 501216K->108672K(522752K)] 1732471K->1473651K(1921024K), 0.0660120 secs] [Times: user=0.39 sys=0.00, real=0.07 secs] 
5949.787: [Full GC (Ergonomics) [PSYoungGen: 108672K->0K(522752K)] [ParOldGen: 1364979K->40886K(1398272K)] 1473651K->40886K(1921024K), [Metaspace: 59692K->59692K(1105920K)], 0.0768159 secs] [Times: user=0.29 sys=0.00, real=0.08 secs] 
5950.923: [GC (Allocation Failure) [PSYoungGen: 344576K->141728K(520704K)] 385462K->182614K(1918976K), 0.0289904 secs] [Times: user=0.17 sys=0.00, real=0.03 secs] 
5952.207: [GC (GCLocker Initiated GC) [PSYoungGen: 486304K->106144K(520704K)] 527190K->279458K(1918976K), 0.0644044 secs] [Times: user=0.37 sys=0.00, real=0.06 secs] 
5953.330: [GC (Allocation Failure) [PSYoungGen: 451744K->141024K(521216K)] 625063K->417500K(1919488K), 0.0516939 secs] [Times: user=0.31 sys=0.00, real=0.06 secs] 
5954.721: [GC (GCLocker Initiated GC) [PSYoungGen: 486624K->105792K(521216K)] 763100K->514328K(1919488K), 0.0626534 secs] [Times: user=0.37 sys=0.00, real=0.07 secs] 
5956.109: [GC (Allocation Failure) [PSYoungGen: 452416K->140864K(521728K)] 860955K->652375K(1920000K), 0.0516740 secs] [Times: user=0.30 sys=0.00, real=0.05 secs] 
5957.440: [GC (Allocation Failure) [PSYoungGen: 487488K->107648K(521728K)] 998999K->750735K(1920000K), 0.0639231 secs] [Times: user=0.38 sys=0.01, real=0.07 secs] 
5958.449: [GC (Allocation Failure) [PSYoungGen: 455296K->143936K(522240K)] 1098383K->891660K(1920512K), 0.0531348 secs] [Times: user=0.31 sys=0.00, real=0.06 secs] 
5959.761: [GC (Allocation Failure) [PSYoungGen: 491584K->108832K(522240K)] 1239308K->991052K(1920512K), 0.0660731 secs] [Times: user=0.39 sys=0.01, real=0.06 secs] 
5961.113: [GC (Allocation Failure) [PSYoungGen: 456480K->141248K(522240K)] 1338700K->1129601K(1920512K), 0.0529755 secs] [Times: user=0.31 sys=0.00, real=0.05 secs] 
5962.426: [GC (Allocation Failure) [PSYoungGen: 488896K->108320K(522240K)] 1477249K->1228741K(1920512K), 0.0664008 secs] [Times: user=0.39 sys=0.00, real=0.07 secs] 
5963.751: [GC (Allocation Failure) [PSYoungGen: 456992K->141664K(522752K)] 1577413K->1367498K(1921024K), 0.0529619 secs] [Times: user=0.31 sys=0.00, real=0.06 secs] 
5965.059: [GC (GCLocker Initiated GC) [PSYoungGen: 490336K->108000K(522240K)] 1716170K->1466138K(1920512K), 0.0655959 secs] [Times: user=0.38 sys=0.00, real=0.07 secs] 
5965.124: [Full GC (Ergonomics) [PSYoungGen: 108000K->0K(522240K)] [ParOldGen: 1358138K->31784K(1398272K)] 1466138K->31784K(1920512K), [Metaspace: 59692K->59692K(1105920K)], 0.0606513 secs] [Times: user=0.22 sys=0.00, real=0.06 secs] 
5965.993: [GC (Allocation Failure) [PSYoungGen: 349184K->145728K(495104K)] 381007K->177551K(1893376K), 0.0292998 secs] [Times: user=0.17 sys=0.00, real=0.03 secs] 
5967.275: [GC (Allocation Failure) [PSYoungGen: 494912K->106528K(523776K)] 526735K->275119K(1922048K), 0.0635352 secs] [Times: user=0.38 sys=0.00, real=0.06 secs] 
5968.797: [GC (Allocation Failure) [PSYoungGen: 453664K->144224K(491520K)] 622255K->416612K(1889792K), 0.0520745 secs] [Times: user=0.31 sys=0.00, real=0.05 secs] 
5970.194: [GC (Allocation Failure) [PSYoungGen: 491360K->105760K(523264K)] 763748K->513380K(1921536K), 0.0646083 secs] [Times: user=0.39 sys=0.01, real=0.06 secs] 
5971.920: [GC (GCLocker Initiated GC) [PSYoungGen: 451872K->140384K(521728K)] 859495K->650860K(1920000K), 0.0525127 secs] [Times: user=0.31 sys=0.00, real=0.06 secs] 
5973.327: [GC (Allocation Failure) [PSYoungGen: 486496K->107008K(520192K)] 997038K->748766K(1918464K), 0.0639524 secs] [Times: user=0.38 sys=0.00, real=0.07 secs] 
5974.289: [GC (Allocation Failure) [PSYoungGen: 453632K->142560K(521216K)] 1095390K->888851K(1919488K), 0.0530104 secs] [Times: user=0.31 sys=0.00, real=0.06 secs] 
5975.595: [GC (GCLocker Initiated GC) [PSYoungGen: 489184K->105792K(522752K)] 1235475K->985343K(1921024K), 0.0650910 secs] [Times: user=0.38 sys=0.00, real=0.06 secs] 
5977.341: [GC (Allocation Failure) [PSYoungGen: 452928K->140416K(522240K)] 1332482K->1122975K(1920512K), 0.0528166 secs] [Times: user=0.31 sys=0.01, real=0.06 secs] 
5978.669: [GC (Allocation Failure) [PSYoungGen: 487552K->108352K(520704K)] 1470111K->1221903K(1918976K), 0.0657868 secs] [Times: user=0.40 sys=0.00, real=0.07 secs] 
5979.915: [GC (Allocation Failure) [PSYoungGen: 456000K->140032K(521728K)] 1569551K->1359779K(1920000K), 0.0549488 secs] [Times: user=0.32 sys=0.01, real=0.05 secs] 
5981.274: [GC (Allocation Failure) [PSYoungGen: 487680K->109248K(520704K)] 1707430K->1459094K(1918976K), 0.0664277 secs] [Times: user=0.40 sys=0.00, real=0.06 secs] 
5981.341: [Full GC (Ergonomics) [PSYoungGen: 109248K->0K(520704K)] [ParOldGen: 1349846K->27364K(1398272K)] 1459094K->27364K(1918976K), [Metaspace: 59692K->59692K(1105920K)], 0.0477628 secs] [Times: user=0.15 sys=0.00, real=0.05 secs] 
5982.839: [GC (Allocation Failure) [PSYoungGen: 349696K->141792K(522240K)] 377060K->169157K(1920512K), 0.0282834 secs] [Times: user=0.17 sys=0.00, real=0.03 secs] 
5984.132: [GC (Allocation Failure) [PSYoungGen: 491488K->107776K(524288K)] 518853K->267613K(1922560K), 0.0641318 secs] [Times: user=0.38 sys=0.00, real=0.06 secs] 
5985.698: [GC (GCLocker Initiated GC) [PSYoungGen: 459520K->139712K(524288K)] 619357K->405049K(1922560K), 0.0523092 secs] [Times: user=0.30 sys=0.01, real=0.05 secs] 
5987.019: [GC (Allocation Failure) [PSYoungGen: 491456K->111552K(522240K)] 757820K->508276K(1920512K), 0.0662023 secs] [Times: user=0.39 sys=0.00, real=0.07 secs] 
5988.752: [GC (Allocation Failure) [PSYoungGen: 464320K->142432K(523776K)] 861044K->648792K(1922048K), 0.0533134 secs] [Times: user=0.31 sys=0.00, real=0.05 secs] 
5990.081: [GC (Allocation Failure) [PSYoungGen: 495200K->111424K(525312K)] 1001560K->750776K(1923584K), 0.0731555 secs] [Times: user=0.44 sys=0.00, real=0.08 secs] 
5991.210: [GC (Allocation Failure) [PSYoungGen: 465728K->144320K(525312K)] 1105080K->892309K(1923584K), 0.0549088 secs] [Times: user=0.31 sys=0.01, real=0.06 secs] 
5992.569: [GC (Allocation Failure) [PSYoungGen: 498624K->109920K(526336K)] 1246613K->992613K(1924608K), 0.0678293 secs] [Times: user=0.40 sys=0.01, real=0.07 secs] 
5994.231: [GC (GCLocker Initiated GC) [PSYoungGen: 463200K->141024K(525312K)] 1345893K->1130586K(1923584K), 0.0551216 secs] [Times: user=0.32 sys=0.00, real=0.06 secs] 
5995.560: [GC (Allocation Failure) [PSYoungGen: 494304K->111552K(523776K)] 1483869K->1232741K(1922048K), 0.0650216 secs] [Times: user=0.39 sys=0.00, real=0.07 secs] 
5996.763: [GC (Allocation Failure) [PSYoungGen: 465344K->152832K(506880K)] 1586533K->1382674K(1905152K), 0.0554730 secs] [Times: user=0.33 sys=0.01, real=0.05 secs] 
5998.162: [GC (Allocation Failure) [PSYoungGen: 506624K->110432K(523776K)] 1736466K->1475162K(1922048K), 0.0654102 secs] [Times: user=0.39 sys=0.00, real=0.06 secs] 
5998.227: [Full GC (Ergonomics) [PSYoungGen: 110432K->0K(523776K)] [ParOldGen: 1364730K->42439K(1398272K)] 1475162K->42439K(1922048K), [Metaspace: 59692K->59692K(1105920K)], 0.0832574 secs] [Times: user=0.32 sys=0.00, real=0.08 secs] 
5999.684: [GC (Allocation Failure) [PSYoungGen: 347136K->143776K(522240K)] 389575K->186215K(1920512K), 0.0291958 secs] [Times: user=0.17 sys=0.00, real=0.03 secs] 
6001.008: [GC (Allocation Failure) [PSYoungGen: 490912K->109376K(522240K)] 533351K->286135K(1920512K), 0.0639257 secs] [Times: user=0.38 sys=0.00, real=0.07 secs] 
6002.384: [GC (Allocation Failure) [PSYoungGen: 456512K->142304K(522240K)] 633271K->422380K(1920512K), 0.0519213 secs] [Times: user=0.31 sys=0.00, real=0.05 secs] 
6003.676: [GC (Allocation Failure) [PSYoungGen: 489440K->108768K(521728K)] 769516K->522260K(1920000K), 0.0645603 secs] [Times: user=0.38 sys=0.00, real=0.06 secs] 
6004.625: [GC (Allocation Failure) [PSYoungGen: 456416K->143232K(522240K)] 869908K->661537K(1920512K), 0.0525368 secs] [Times: user=0.31 sys=0.00, real=0.05 secs] 
6006.169: [GC (Allocation Failure) [PSYoungGen: 490880K->107488K(522752K)] 1009185K->759357K(1921024K), 0.0644851 secs] [Times: user=0.38 sys=0.00, real=0.07 secs] 
6007.101: [GC (Allocation Failure) [PSYoungGen: 455648K->144640K(493056K)] 1107517K->900786K(1891328K), 0.0523468 secs] [Times: user=0.31 sys=0.00, real=0.06 secs] 
6008.467: [GC (Allocation Failure) [PSYoungGen: 492800K->108480K(523776K)] 1248946K->1000034K(1922048K), 0.0897187 secs] [Times: user=0.53 sys=0.01, real=0.09 secs] 
6010.495: [GC (Allocation Failure) [PSYoungGen: 455616K->140800K(522240K)] 1347170K->1137023K(1920512K), 0.0523237 secs] [Times: user=0.30 sys=0.01, real=0.05 secs] 
6011.796: [GC (GCLocker Initiated GC) [PSYoungGen: 487936K->109024K(521728K)] 1484159K->1236683K(1920000K), 0.0647179 secs] [Times: user=0.38 sys=0.01, real=0.06 secs] 
6013.361: [GC (Allocation Failure) [PSYoungGen: 457184K->142496K(522240K)] 1584914K->1375766K(1920512K), 0.0532427 secs] [Times: user=0.31 sys=0.00, real=0.05 secs] 
6013.415: [Full GC (Ergonomics) [PSYoungGen: 142496K->0K(522240K)] [ParOldGen: 1233270K->178538K(1398272K)] 1375766K->178538K(1920512K), [Metaspace: 59692K->59692K(1105920K)], 0.4229094 secs] [Times: user=1.97 sys=0.00, real=0.42 secs] 
6015.036: [GC (GCLocker Initiated GC) [PSYoungGen: 348160K->108832K(523264K)] 526700K->287372K(1921536K), 0.0346771 secs] [Times: user=0.20 sys=0.00, real=0.03 secs] 
6016.078: [GC (Allocation Failure) [PSYoungGen: 458016K->140768K(523264K)] 636627K->425227K(1921536K), 0.0536392 secs] [Times: user=0.31 sys=0.01, real=0.06 secs] 
6017.433: [GC (GCLocker Initiated GC) [PSYoungGen: 489952K->111136K(521216K)] 774411K->526619K(1919488K), 0.0641925 secs] [Times: user=0.38 sys=0.00, real=0.06 secs] 
6018.429: [GC (Allocation Failure) [PSYoungGen: 461344K->153792K(504320K)] 876866K->676841K(1902592K), 0.0540232 secs] [Times: user=0.32 sys=0.01, real=0.06 secs] 
6019.780: [GC (Allocation Failure) [PSYoungGen: 504000K->107968K(522240K)] 1027049K->767418K(1920512K), 0.0680280 secs] [Times: user=0.40 sys=0.00, real=0.07 secs] 
6021.474: [GC (Allocation Failure) [PSYoungGen: 451520K->141312K(520192K)] 1110970K->904886K(1918464K), 0.0522419 secs] [Times: user=0.31 sys=0.00, real=0.05 secs] 
6022.810: [GC (Allocation Failure) [PSYoungGen: 484864K->105504K(520192K)] 1248438K->1001398K(1918464K), 0.0642265 secs] [Times: user=0.38 sys=0.00, real=0.07 secs] 
6024.476: [GC (Allocation Failure) [PSYoungGen: 450080K->139584K(520704K)] 1345974K->1138251K(1918976K), 0.0519026 secs] [Times: user=0.31 sys=0.00, real=0.05 secs] 
6025.775: [GC (Allocation Failure) [PSYoungGen: 484160K->106208K(520192K)] 1482827K->1235295K(1918464K), 0.0635651 secs] [Times: user=0.38 sys=0.00, real=0.06 secs] 
6026.715: [GC (Allocation Failure) [PSYoungGen: 452320K->141216K(521216K)] 1581407K->1373924K(1919488K), 0.0533268 secs] [Times: user=0.31 sys=0.00, real=0.05 secs] 
6028.060: [GC (GCLocker Initiated GC) [PSYoungGen: 487328K->107168K(521728K)] 1720036K->1471596K(1920000K), 0.0678385 secs] [Times: user=0.40 sys=0.00, real=0.07 secs] 
6028.127: [Full GC (Ergonomics) [PSYoungGen: 107168K->0K(521728K)] [ParOldGen: 1364428K->31734K(1398272K)] 1471596K->31734K(1920000K), [Metaspace: 59693K->59693K(1105920K)], 0.0658121 secs] [Times: user=0.23 sys=0.01, real=0.07 secs] 
6029.149: [GC (Allocation Failure) [PSYoungGen: 347648K->144736K(492544K)] 379385K->176473K(1890816K), 0.0291560 secs] [Times: user=0.17 sys=0.00, real=0.03 secs] 
6030.438: [GC (Allocation Failure) [PSYoungGen: 492384K->105856K(523264K)] 524121K->273237K(1921536K), 0.0651077 secs] [Times: user=0.39 sys=0.01, real=0.07 secs] 
6032.084: [GC (Allocation Failure) [PSYoungGen: 451968K->141888K(521728K)] 619349K->412018K(1920000K), 0.0516188 secs] [Times: user=0.31 sys=0.00, real=0.05 secs] 
6033.387: [GC (Allocation Failure) [PSYoungGen: 488000K->107200K(521216K)] 758130K->510174K(1919488K), 0.0638519 secs] [Times: user=0.38 sys=0.00, real=0.06 secs] 
6035.287: [GC (Allocation Failure) [PSYoungGen: 453824K->141568K(521728K)] 856798K->648955K(1920000K), 0.0529811 secs] [Times: user=0.31 sys=0.00, real=0.05 secs] 
6036.596: [GC (GCLocker Initiated GC) [PSYoungGen: 488192K->106848K(521728K)] 995579K->746883K(1920000K), 0.0653195 secs] [Times: user=0.39 sys=0.01, real=0.06 secs] 
6038.229: [GC (Allocation Failure) [PSYoungGen: 454496K->140576K(522240K)] 1094602K->884759K(1920512K), 0.0524615 secs] [Times: user=0.31 sys=0.00, real=0.06 secs] 
6039.544: [GC (GCLocker Initiated GC) [PSYoungGen: 488224K->108192K(521216K)] 1232407K->983847K(1919488K), 0.0645858 secs] [Times: user=0.38 sys=0.00, real=0.06 secs] 
6041.158: [GC (Allocation Failure) [PSYoungGen: 456864K->139968K(522240K)] 1332522K->1121487K(1920512K), 0.0532275 secs] [Times: user=0.31 sys=0.00, real=0.06 secs] 
6042.471: [GC (Allocation Failure) [PSYoungGen: 488640K->111392K(521216K)] 1470159K->1223327K(1919488K), 0.0654670 secs] [Times: user=0.39 sys=0.00, real=0.06 secs] 
6043.775: [GC (Allocation Failure) [PSYoungGen: 462112K->140768K(522752K)] 1574047K->1361259K(1921024K), 0.0548814 secs] [Times: user=0.33 sys=0.00, real=0.05 secs] 
6045.092: [GC (Allocation Failure) [PSYoungGen: 491488K->110432K(524288K)] 1711979K->1461688K(1922560K), 0.0664964 secs] [Times: user=0.40 sys=0.00, real=0.06 secs] 
6045.159: [Full GC (Ergonomics) [PSYoungGen: 110432K->0K(524288K)] [ParOldGen: 1351255K->29673K(1398272K)] 1461688K->29673K(1922560K), [Metaspace: 59693K->59693K(1105920K)], 0.0545148 secs] [Times: user=0.18 sys=0.00, real=0.06 secs] 
6046.434: [GC (Allocation Failure) [PSYoungGen: 353280K->143296K(524800K)] 382953K->172969K(1923072K), 0.0285176 secs] [Times: user=0.17 sys=0.00, real=0.03 secs] 
6047.772: [GC (Allocation Failure) [PSYoungGen: 496576K->108992K(525824K)] 526252K->272656K(1924096K), 0.0654763 secs] [Times: user=0.39 sys=0.01, real=0.06 secs] 
6049.226: [GC (Allocation Failure) [PSYoungGen: 462272K->143872K(497664K)] 625936K->413639K(1895936K), 0.0527626 secs] [Times: user=0.31 sys=0.01, real=0.05 secs] 
6050.643: [GC (Allocation Failure) [PSYoungGen: 497152K->111488K(526848K)] 766919K->515487K(1925120K), 0.0641555 secs] [Times: user=0.38 sys=0.00, real=0.06 secs] 
6051.793: [GC (GCLocker Initiated GC) [PSYoungGen: 463744K->144544K(524288K)] 867744K->657301K(1922560K), 0.0541541 secs] [Times: user=0.32 sys=0.01, real=0.05 secs] 
6053.509: [GC (Allocation Failure) [PSYoungGen: 496800K->108480K(525312K)] 1009559K->756323K(1923584K), 0.0830242 secs] [Times: user=0.50 sys=0.00, real=0.09 secs] 
6054.562: [GC (Allocation Failure) [PSYoungGen: 459712K->145312K(496640K)] 1107555K->898656K(1894912K), 0.0527675 secs] [Times: user=0.31 sys=0.01, real=0.05 secs] 
6055.861: [GC (Allocation Failure) [PSYoungGen: 496544K->107936K(524800K)] 1249888K->997360K(1923072K), 0.0650508 secs] [Times: user=0.38 sys=0.01, real=0.07 secs] 
6057.126: [GC (Allocation Failure) [PSYoungGen: 457120K->145536K(495104K)] 1346544K->1138765K(1893376K), 0.0529380 secs] [Times: user=0.31 sys=0.00, real=0.05 secs] 
6058.432: [GC (Allocation Failure) [PSYoungGen: 494720K->108288K(523776K)] 1487949K->1237977K(1922048K), 0.0658369 secs] [Times: user=0.39 sys=0.00, real=0.06 secs] 
6059.972: [GC (Allocation Failure) [PSYoungGen: 455424K->150400K(497664K)] 1585113K->1384542K(1895936K), 0.0532588 secs] [Times: user=0.31 sys=0.00, real=0.05 secs] 
6060.025: [Full GC (Ergonomics) [PSYoungGen: 150400K->0K(497664K)] [ParOldGen: 1234142K->180697K(1398272K)] 1384542K->180697K(1895936K), [Metaspace: 59693K->59693K(1105920K)], 0.4250199 secs] [Times: user=1.97 sys=0.00, real=0.42 secs] 
6061.659: [GC (Allocation Failure) [PSYoungGen: 347136K->107296K(521216K)] 527833K->287993K(1919488K), 0.0341980 secs] [Times: user=0.20 sys=0.00, real=0.04 secs] 
6063.369: [GC (Allocation Failure) [PSYoungGen: 448800K->139456K(519168K)] 629497K->423418K(1917440K), 0.0522214 secs] [Times: user=0.31 sys=0.00, real=0.05 secs] 
6064.694: [GC (Allocation Failure) [PSYoungGen: 480960K->105056K(520192K)] 764922K->519390K(1918464K), 0.0628419 secs] [Times: user=0.38 sys=0.00, real=0.06 secs] 
6065.938: [GC (GCLocker Initiated GC) [PSYoungGen: 447584K->140672K(519168K)] 861918K->657415K(1917440K), 0.0517223 secs] [Times: user=0.30 sys=0.00, real=0.05 secs] 
6067.325: [GC (GCLocker Initiated GC) [PSYoungGen: 483200K->104832K(519680K)] 999945K->752769K(1917952K), 0.0640499 secs] [Times: user=0.37 sys=0.00, real=0.06 secs] 
6068.616: [GC (Allocation Failure) [PSYoungGen: 449920K->141472K(520704K)] 1097860K->891225K(1918976K), 0.0518949 secs] [Times: user=0.30 sys=0.01, real=0.05 secs] 
6070.035: [GC (Allocation Failure) [PSYoungGen: 486560K->107616K(520704K)] 1236313K->989605K(1918976K), 0.0689433 secs] [Times: user=0.41 sys=0.00, real=0.07 secs] 
6071.444: [GC (Allocation Failure) [PSYoungGen: 453728K->140288K(521216K)] 1335717K->1127502K(1919488K), 0.0530118 secs] [Times: user=0.31 sys=0.01, real=0.05 secs] 
6072.793: [GC (GCLocker Initiated GC) [PSYoungGen: 486400K->108160K(520704K)] 1473615K->1226615K(1918976K), 0.0653764 secs] [Times: user=0.38 sys=0.01, real=0.06 secs] 
6074.658: [GC (Allocation Failure) [PSYoungGen: 455808K->138880K(521728K)] 1574332K->1363241K(1920000K), 0.0530736 secs] [Times: user=0.31 sys=0.00, real=0.05 secs] 
6075.970: [GC (Allocation Failure) [PSYoungGen: 486528K->109536K(521216K)] 1710889K->1463505K(1919488K), 0.0653605 secs] [Times: user=0.39 sys=0.00, real=0.07 secs] 
6076.035: [Full GC (Ergonomics) [PSYoungGen: 109536K->0K(521216K)] [ParOldGen: 1353969K->25074K(1398272K)] 1463505K->25074K(1919488K), [Metaspace: 59693K->59693K(1105920K)], 0.0421794 secs] [Times: user=0.12 sys=0.00, real=0.04 secs] 
6077.331: [GC (Allocation Failure) [PSYoungGen: 350208K->139968K(522752K)] 375282K->165042K(1921024K), 0.0281888 secs] [Times: user=0.16 sys=0.00, real=0.03 secs] 
6078.702: [GC (Allocation Failure) [PSYoungGen: 490176K->109280K(523264K)] 515250K->264871K(1921536K), 0.0643831 secs] [Times: user=0.38 sys=0.01, real=0.06 secs] 
6080.701: [GC (Allocation Failure) [PSYoungGen: 462048K->139520K(524288K)] 617639K->402123K(1922560K), 0.0528377 secs] [Times: user=0.31 sys=0.00, real=0.06 secs] 
6082.104: [GC (Allocation Failure) [PSYoungGen: 492288K->110944K(524288K)] 754891K->503467K(1922560K), 0.0770388 secs] [Times: user=0.45 sys=0.00, real=0.07 secs] 
6082.846: [GC (Allocation Failure) [PSYoungGen: 465760K->144512K(525312K)] 858283K->645752K(1923584K), 0.0535512 secs] [Times: user=0.31 sys=0.00, real=0.05 secs] 
6084.173: [GC (Allocation Failure) [PSYoungGen: 499328K->110656K(526336K)] 1000568K->747040K(1924608K), 0.0656644 secs] [Times: user=0.39 sys=0.00, real=0.06 secs] 
6085.235: [GC (Allocation Failure) [PSYoungGen: 465472K->147328K(502272K)] 1101856K->891861K(1900544K), 0.0545983 secs] [Times: user=0.32 sys=0.00, real=0.05 secs] 
6086.549: [GC (Allocation Failure) [PSYoungGen: 502144K->108960K(525824K)] 1246677K->991941K(1924096K), 0.0659033 secs] [Times: user=0.39 sys=0.00, real=0.07 secs] 
6088.270: [GC (Allocation Failure) [PSYoungGen: 459680K->143424K(523776K)] 1342661K->1132386K(1922048K), 0.0533003 secs] [Times: user=0.31 sys=0.00, real=0.06 secs] 
6089.608: [GC (Allocation Failure) [PSYoungGen: 494144K->105696K(524800K)] 1483106K->1228970K(1923072K), 0.0658973 secs] [Times: user=0.39 sys=0.00, real=0.07 secs] 
6090.727: [GC (Allocation Failure) [PSYoungGen: 455392K->143744K(493568K)] 1578666K->1369991K(1891840K), 0.0528539 secs] [Times: user=0.31 sys=0.00, real=0.05 secs] 
6092.029: [GC (GCLocker Initiated GC) [PSYoungGen: 493440K->108736K(524800K)] 1719687K->1469751K(1923072K), 0.0651039 secs] [Times: user=0.39 sys=0.00, real=0.07 secs] 
6092.094: [Full GC (Ergonomics) [PSYoungGen: 108736K->0K(524800K)] [ParOldGen: 1361015K->38209K(1398272K)] 1469751K->38209K(1923072K), [Metaspace: 59693K->59693K(1105920K)], 0.0735841 secs] [Times: user=0.27 sys=0.01, real=0.07 secs] 
6093.362: [GC (Allocation Failure) [PSYoungGen: 348672K->143584K(522752K)] 386884K->181796K(1921024K), 0.0285630 secs] [Times: user=0.16 sys=0.00, real=0.02 secs] 
6094.652: [GC (Allocation Failure) [PSYoungGen: 492256K->109024K(523264K)] 530468K->281628K(1921536K), 0.0644698 secs] [Times: user=0.38 sys=0.00, real=0.06 secs] 
6095.742: [GC (Allocation Failure) [PSYoungGen: 457184K->143648K(522752K)] 629788K->422241K(1921024K), 0.0522859 secs] [Times: user=0.30 sys=0.00, real=0.05 secs] 
6097.080: [GC (Allocation Failure) [PSYoungGen: 491808K->106976K(522752K)] 770401K->520229K(1921024K), 0.0645791 secs] [Times: user=0.38 sys=0.00, real=0.07 secs] 
6097.987: [GC (Allocation Failure) [PSYoungGen: 455136K->143808K(492032K)] 868389K->660953K(1890304K), 0.0520227 secs] [Times: user=0.31 sys=0.01, real=0.05 secs] 
6099.281: [GC (Allocation Failure) [PSYoungGen: 491968K->106496K(523776K)] 1009113K->758450K(1922048K), 0.0645268 secs] [Times: user=0.38 sys=0.01, real=0.06 secs] 
6100.049: [GC (Allocation Failure) [PSYoungGen: 453632K->144096K(491520K)] 1105586K->899606K(1889792K), 0.0524208 secs] [Times: user=0.31 sys=0.00, real=0.05 secs] 
6101.398: [GC (Allocation Failure) [PSYoungGen: 491232K->108224K(523264K)] 1246742K->998522K(1921536K), 0.0644819 secs] [Times: user=0.38 sys=0.00, real=0.07 secs] 
6102.837: [GC (Allocation Failure) [PSYoungGen: 453824K->142496K(521216K)] 1344122K->1137303K(1919488K), 0.0522485 secs] [Times: user=0.31 sys=0.00, real=0.05 secs] 
6104.144: [GC (Allocation Failure) [PSYoungGen: 488096K->107520K(520704K)] 1482903K->1235083K(1918976K), 0.0643936 secs] [Times: user=0.38 sys=0.00, real=0.06 secs] 
6105.864: [GC (Allocation Failure) [PSYoungGen: 453632K->140128K(521216K)] 1581195K->1372528K(1919488K), 0.0524504 secs] [Times: user=0.31 sys=0.00, real=0.05 secs] 
6105.916: [Full GC (Ergonomics) [PSYoungGen: 140128K->0K(521216K)] [ParOldGen: 1232400K->176505K(1398272K)] 1372528K->176505K(1919488K), [Metaspace: 59693K->59693K(1105920K)], 0.4174563 secs] [Times: user=1.94 sys=0.00, real=0.42 secs] 
6107.529: [GC (Allocation Failure) [PSYoungGen: 346112K->107392K(520704K)] 522617K->283897K(1918976K), 0.0346683 secs] [Times: user=0.21 sys=0.00, real=0.04 secs] 
6108.650: [GC (Allocation Failure) [PSYoungGen: 455040K->150240K(498176K)] 631545K->431142K(1896448K), 0.0529827 secs] [Times: user=0.31 sys=0.00, real=0.06 secs] 
6110.080: [GC (GCLocker Initiated GC) [PSYoungGen: 497888K->108096K(522240K)] 778790K->521454K(1920512K), 0.0676244 secs] [Times: user=0.40 sys=0.00, real=0.07 secs] 
6111.246: [GC (Allocation Failure) [PSYoungGen: 451648K->142112K(520192K)] 865009K->660190K(1918464K), 0.0533131 secs] [Times: user=0.31 sys=0.00, real=0.05 secs] 
6112.600: [GC (Allocation Failure) [PSYoungGen: 485664K->104256K(520704K)] 1003742K->755414K(1918976K), 0.0652302 secs] [Times: user=0.39 sys=0.00, real=0.07 secs] 
6113.554: [GC (Allocation Failure) [PSYoungGen: 448320K->141600K(520704K)] 1099478K->894130K(1918976K), 0.0522956 secs] [Times: user=0.30 sys=0.00, real=0.05 secs] 
6114.908: [GC (Allocation Failure) [PSYoungGen: 485664K->106592K(520192K)] 1238194K->991534K(1918464K), 0.0659475 secs] [Times: user=0.40 sys=0.00, real=0.07 secs] 
6115.841: [GC (Allocation Failure) [PSYoungGen: 451168K->142656K(520704K)] 1336110K->1131699K(1918976K), 0.0533860 secs] [Times: user=0.32 sys=0.00, real=0.06 secs] 
6117.178: [GC (Allocation Failure) [PSYoungGen: 487232K->106208K(521216K)] 1476275K->1228987K(1919488K), 0.0656041 secs] [Times: user=0.39 sys=0.00, real=0.07 secs] 
6118.828: [GC (Allocation Failure) [PSYoungGen: 451296K->149472K(494592K)] 1574075K->1375904K(1892864K), 0.0538908 secs] [Times: user=0.32 sys=0.00, real=0.06 secs] 
6120.254: [GC (Allocation Failure) [PSYoungGen: 494560K->105440K(520192K)] 1720992K->1464092K(1918464K), 0.0661731 secs] [Times: user=0.40 sys=0.00, real=0.06 secs] 
6120.320: [Full GC (Ergonomics) [PSYoungGen: 105440K->0K(520192K)] [ParOldGen: 1358652K->24889K(1398272K)] 1464092K->24889K(1918464K), [Metaspace: 59693K->59693K(1105920K)], 0.0402767 secs] [Times: user=0.12 sys=0.00, real=0.04 secs] 
6121.434: [GC (Allocation Failure) [PSYoungGen: 339968K->137888K(478208K)] 364857K->162778K(1876480K), 0.0275123 secs] [Times: user=0.16 sys=0.00, real=0.03 secs] 
6122.737: [GC (Allocation Failure) [PSYoungGen: 477856K->107520K(520192K)] 502746K->261014K(1918464K), 0.0637203 secs] [Times: user=0.37 sys=0.00, real=0.06 secs] 
6124.440: [GC (Allocation Failure) [PSYoungGen: 449536K->135936K(518144K)] 603030K->395114K(1916416K), 0.0519597 secs] [Times: user=0.30 sys=0.00, real=0.06 secs] 
6125.766: [GC (Allocation Failure) [PSYoungGen: 477952K->110624K(520192K)] 737130K->496722K(1918464K), 0.0640748 secs] [Times: user=0.38 sys=0.00, real=0.06 secs] 
6127.338: [GC (Allocation Failure) [PSYoungGen: 457760K->132960K(519680K)] 843858K->628143K(1917952K), 0.0523011 secs] [Times: user=0.31 sys=0.00, real=0.05 secs] 
6128.681: [GC (Allocation Failure) [PSYoungGen: 480096K->116928K(522240K)] 975279K->735551K(1920512K), 0.0644072 secs] [Times: user=0.38 sys=0.01, real=0.07 secs] 
6130.160: [GC (Allocation Failure) [PSYoungGen: 472256K->136480K(523264K)] 1090879K->870968K(1921536K), 0.0550121 secs] [Times: user=0.32 sys=0.00, real=0.06 secs] 
6132.068: [GC (Allocation Failure) [PSYoungGen: 491808K->115680K(525312K)] 1226296K->977264K(1923584K), 0.0650749 secs] [Times: user=0.38 sys=0.00, real=0.07 secs] 
6132.941: [GC (Allocation Failure) [PSYoungGen: 478176K->143584K(527872K)] 1339760K->1119077K(1926144K), 0.0561471 secs] [Times: user=0.33 sys=0.00, real=0.06 secs] 
6134.292: [GC (Allocation Failure) [PSYoungGen: 506080K->116000K(530944K)] 1481573K->1224961K(1929216K), 0.0674874 secs] [Times: user=0.40 sys=0.00, real=0.06 secs] 
6135.298: [GC (Allocation Failure) [PSYoungGen: 480544K->157888K(522752K)] 1589505K->1380230K(1921024K), 0.0576597 secs] [Times: user=0.34 sys=0.00, real=0.06 secs] 
6136.622: [GC (Allocation Failure) [PSYoungGen: 522432K->113728K(526848K)] 1744774K->1476278K(1925120K), 0.0699271 secs] [Times: user=0.42 sys=0.00, real=0.07 secs] 
6136.692: [Full GC (Ergonomics) [PSYoungGen: 113728K->0K(526848K)] [ParOldGen: 1362550K->42215K(1398272K)] 1476278K->42215K(1925120K), [Metaspace: 59693K->59693K(1105920K)], 0.0794557 secs] [Times: user=0.30 sys=0.00, real=0.07 secs] 
6137.727: [GC (Allocation Failure) [PSYoungGen: 352768K->147712K(500736K)] 394983K->189927K(1899008K), 0.0299399 secs] [Times: user=0.17 sys=0.00, real=0.03 secs] 
6139.097: [GC (GCLocker Initiated GC) [PSYoungGen: 500480K->105760K(524288K)] 542695K->286439K(1922560K), 0.0648029 secs] [Times: user=0.39 sys=0.00, real=0.07 secs] 
6140.805: [GC (Allocation Failure) [PSYoungGen: 454944K->145568K(495104K)] 635626K->427831K(1893376K), 0.0511940 secs] [Times: user=0.30 sys=0.00, real=0.05 secs] 
6142.184: [GC (Allocation Failure) [PSYoungGen: 494752K->106816K(523264K)] 777015K->525751K(1921536K), 0.0639715 secs] [Times: user=0.38 sys=0.00, real=0.06 secs] 
6143.135: [GC (Allocation Failure) [PSYoungGen: 453440K->146240K(493056K)] 872375K->666316K(1891328K), 0.0519651 secs] [Times: user=0.31 sys=0.00, real=0.05 secs] 
6144.436: [GC (Allocation Failure) [PSYoungGen: 492864K->104192K(521728K)] 1012940K->761692K(1920000K), 0.0678070 secs] [Times: user=0.40 sys=0.00, real=0.07 secs] 
6145.056: [GC (Allocation Failure) [PSYoungGen: 447744K->145312K(488960K)] 1105244K->902569K(1887232K), 0.0513033 secs] [Times: user=0.30 sys=0.00, real=0.05 secs] 
6146.438: [GC (GCLocker Initiated GC) [PSYoungGen: 488864K->101344K(520192K)] 1246121K->994577K(1918464K), 0.0661193 secs] [Times: user=0.39 sys=0.01, real=0.07 secs] 
6147.218: [GC (Allocation Failure) [PSYoungGen: 442336K->150592K(492032K)] 1335608K->1141832K(1890304K), 0.0524575 secs] [Times: user=0.31 sys=0.00, real=0.05 secs] 
Heap
 PSYoungGen      total 492032K, used 452942K [0x00000000d5580000, 0x0000000100000000, 0x0000000100000000)
  eden space 340992K