5.482: [GC (Allocation Failure) [PSYoungGen: 128000K->12509K(148992K)] 128000K->12597K(488960K), 0.0211507 secs] [Times: user=0.03 sys=0.00, real=0.02 secs] 
5.894: [GC (Metadata GC Threshold) [PSYoungGen: 48904K->6069K(148992K)] 48992K->6166K(488960K), 0.0048731 secs] [Times: user=0.03 sys=0.00, real=0.01 secs] 
5.899: [Full GC (Metadata GC Threshold) [PSYoungGen: 6069K->0K(148992K)] [ParOldGen: 96K->5931K(180224K)] 6166K->5931K(329216K), [Metaspace: 20462K->20462K(1067008K)], 0.0217134 secs] [Times: user=0.07 sys=0.01, real=0.02 secs] 
7.183: [GC (Allocation Failure) [PSYoungGen: 128000K->9863K(148992K)] 133931K->15803K(329216K), 0.0039158 secs] [Times: user=0.01 sys=0.00, real=0.00 secs] 
7.780: [GC (Metadata GC Threshold) [PSYoungGen: 38229K->4684K(148992K)] 44169K->10632K(329216K), 0.0036755 secs] [Times: user=0.02 sys=0.00, real=0.00 secs] 
7.784: [Full GC (Metadata GC Threshold) [PSYoungGen: 4684K->0K(148992K)] [ParOldGen: 5947K->8891K(293376K)] 10632K->8891K(442368K), [Metaspace: 33745K->33745K(1081344K)], 0.0296805 secs] [Times: user=0.09 sys=0.00, real=0.03 secs] 
9.155: [GC (Allocation Failure) [PSYoungGen: 128000K->12946K(148992K)] 136891K->21845K(442368K), 0.0047720 secs] [Times: user=0.02 sys=0.00, real=0.01 secs] 
10.137: [GC (Allocation Failure) [PSYoungGen: 140946K->12622K(187392K)] 149845K->54298K(480768K), 0.0094536 secs] [Times: user=0.04 sys=0.00, real=0.01 secs] 
10.710: [GC (Allocation Failure) [PSYoungGen: 174292K->4816K(188416K)] 215968K->112035K(481792K), 0.0095890 secs] [Times: user=0.05 sys=0.01, real=0.01 secs] 
11.343: [GC (Allocation Failure) [PSYoungGen: 161740K->4791K(270336K)] 268960K->177547K(563712K), 0.0116226 secs] [Times: user=0.06 sys=0.01, real=0.01 secs] 
12.332: [GC (Allocation Failure) [PSYoungGen: 258231K->5105K(270336K)] 430987K->276172K(563712K), 0.0103095 secs] [Times: user=0.06 sys=0.00, real=0.01 secs] 
12.342: [Full GC (Ergonomics) [PSYoungGen: 5105K->0K(270336K)] [ParOldGen: 271067K->209220K(668160K)] 276172K->209220K(938496K), [Metaspace: 52692K->52692K(1097728K)], 0.0526066 secs] [Times: user=0.22 sys=0.01, real=0.05 secs] 
13.349: [GC (Allocation Failure) [PSYoungGen: 253440K->10301K(335872K)] 462660K->227721K(1004032K), 0.0038720 secs] [Times: user=0.01 sys=0.01, real=0.00 secs] 
15.571: [GC (Allocation Failure) [PSYoungGen: 335421K->1837K(345088K)] 552841K->219265K(1013248K), 0.0019970 secs] [Times: user=0.01 sys=0.00, real=0.00 secs] 
17.637: [GC (Allocation Failure) [PSYoungGen: 330029K->16880K(412672K)] 547457K->251991K(1080832K), 0.0088561 secs] [Times: user=0.05 sys=0.00, real=0.01 secs] 
19.645: [GC (Allocation Failure) [PSYoungGen: 412656K->2326K(421888K)] 647767K->237437K(1090048K), 0.0023470 secs] [Times: user=0.01 sys=0.00, real=0.00 secs] 
21.987: [GC (Allocation Failure) [PSYoungGen: 398102K->2141K(476672K)] 633213K->237253K(1144832K), 0.0021812 secs] [Times: user=0.00 sys=0.00, real=0.01 secs] 
25.328: [GC (Allocation Failure) [PSYoungGen: 464989K->973K(488448K)] 700101K->236084K(1156608K), 0.0037874 secs] [Times: user=0.01 sys=0.01, real=0.01 secs] 
27.981: [GC (Allocation Failure) [PSYoungGen: 463821K->2221K(537088K)] 698932K->237340K(1205248K), 0.0031622 secs] [Times: user=0.01 sys=0.01, real=0.00 secs] 
31.778: [GC (Allocation Failure) [PSYoungGen: 523949K->2221K(546304K)] 759068K->237348K(1214464K), 0.0047453 secs] [Times: user=0.02 sys=0.00, real=0.01 secs] 
35.822: [GC (Allocation Failure) [PSYoungGen: 523949K->18605K(581632K)] 759076K->253740K(1249792K), 0.0068217 secs] [Times: user=0.03 sys=0.01, real=0.01 secs] 
40.446: [GC (Allocation Failure) [PSYoungGen: 576685K->2189K(584704K)] 811820K->237324K(1252864K), 0.0052907 secs] [Times: user=0.02 sys=0.00, real=0.01 secs] 
44.416: [GC (Allocation Failure) [PSYoungGen: 560269K->2221K(608768K)] 795404K->237364K(1276928K), 0.0036872 secs] [Times: user=0.01 sys=0.00, real=0.01 secs] 
48.603: [GC (Allocation Failure) [PSYoungGen: 591533K->2221K(613888K)] 826676K->237364K(1282048K), 0.0027627 secs] [Times: user=0.01 sys=0.00, real=0.00 secs] 
51.094: [GC (Allocation Failure) [PSYoungGen: 591533K->2189K(638464K)] 826676K->237340K(1306624K), 0.0029729 secs] [Times: user=0.00 sys=0.00, real=0.00 secs] 
55.103: [GC (Allocation Failure) [PSYoungGen: 619149K->2157K(640000K)] 854300K->237316K(1308160K), 0.0030944 secs] [Times: user=0.01 sys=0.00, real=0.00 secs] 
59.782: [GC (Allocation Failure) [PSYoungGen: 619117K->2282K(600576K)] 854276K->237450K(1268736K), 0.0033581 secs] [Times: user=0.02 sys=0.00, real=0.00 secs] 
61.879: [GC (Allocation Failure) [PSYoungGen: 600298K->2058K(582144K)] 835466K->237552K(1250304K), 0.0027076 secs] [Times: user=0.01 sys=0.00, real=0.00 secs] 
65.091: [GC (Allocation Failure) [PSYoungGen: 581642K->1981K(564224K)] 817136K->237515K(1232384K), 0.0018558 secs] [Times: user=0.00 sys=0.00, real=0.00 secs] 
69.254: [GC (Allocation Failure) [PSYoungGen: 564157K->1965K(547328K)] 799691K->237587K(1215488K), 0.0019805 secs] [Times: user=0.01 sys=0.00, real=0.00 secs] 
72.167: [GC (Allocation Failure) [PSYoungGen: 547245K->1693K(531456K)] 782867K->237528K(1199616K), 0.0022214 secs] [Times: user=0.01 sys=0.00, real=0.01 secs] 
74.097: [GC (Allocation Failure) [PSYoungGen: 531101K->1741K(516096K)] 766936K->237600K(1184256K), 0.0022809 secs] [Times: user=0.00 sys=0.00, real=0.01 secs] 
76.277: [GC (Allocation Failure) [PSYoungGen: 515789K->1709K(501248K)] 751648K->237616K(1169408K), 0.0025855 secs] [Times: user=0.01 sys=0.00, real=0.01 secs] 
80.158: [GC (Allocation Failure) [PSYoungGen: 500909K->1632K(486912K)] 736816K->237578K(1155072K), 0.0041192 secs] [Times: user=0.02 sys=0.00, real=0.01 secs] 
82.551: [GC (Allocation Failure) [PSYoungGen: 486496K->1680K(473600K)] 722442K->237658K(1141760K), 0.0030926 secs] [Times: user=0.01 sys=0.00, real=0.00 secs] 
84.835: [GC (Allocation Failure) [PSYoungGen: 473232K->1648K(460800K)] 709210K->237666K(1128960K), 0.0052707 secs] [Times: user=0.02 sys=0.01, real=0.01 secs] 
86.526: [GC (Allocation Failure) [PSYoungGen: 460400K->9888K(456704K)] 696418K->245955K(1124864K), 0.0025334 secs] [Times: user=0.01 sys=0.00, real=0.00 secs] 
89.596: [GC (Allocation Failure) [PSYoungGen: 456352K->1648K(436736K)] 692419K->237723K(1104896K), 0.0019063 secs] [Times: user=0.00 sys=0.00, real=0.00 secs] 
92.375: [GC (Allocation Failure) [PSYoungGen: 436336K->1613K(424960K)] 672411K->237696K(1093120K), 0.0016675 secs] [Times: user=0.01 sys=0.00, real=0.00 secs] 
95.496: [GC (Allocation Failure) [PSYoungGen: 424525K->1632K(413696K)] 660608K->237746K(1081856K), 0.0030390 secs] [Times: user=0.01 sys=0.00, real=0.01 secs] 
97.120: [GC (Allocation Failure) [PSYoungGen: 413280K->9888K(411136K)] 649394K->254219K(1079296K), 0.0029071 secs] [Times: user=0.01 sys=0.00, real=0.00 secs] 
98.334: [GC (Allocation Failure) [PSYoungGen: 410754K->1712K(392704K)] 655085K->246091K(1060864K), 0.0018527 secs] [Times: user=0.01 sys=0.00, real=0.00 secs] 
102.310: [GC (Allocation Failure) [PSYoungGen: 392368K->1581K(382976K)] 636747K->245968K(1051136K), 0.0020505 secs] [Times: user=0.01 sys=0.00, real=0.00 secs] 
103.844: [GC (Allocation Failure) [PSYoungGen: 382509K->1632K(373760K)] 626896K->246066K(1041920K), 0.0022712 secs] [Times: user=0.01 sys=0.00, real=0.00 secs] 
104.872: [GC (Allocation Failure) [PSYoungGen: 373344K->1632K(364544K)] 617778K->246083K(1032704K), 0.0016788 secs] [Times: user=0.00 sys=0.00, real=0.00 secs] 
108.685: [GC (Allocation Failure) [PSYoungGen: 364128K->1552K(355840K)] 608579K->246027K(1024000K), 0.0015051 secs] [Times: user=0.01 sys=0.00, real=0.00 secs] 
111.123: [GC (Allocation Failure) [PSYoungGen: 355344K->1632K(347648K)] 599819K->246114K(1015808K), 0.0034420 secs] [Times: user=0.01 sys=0.00, real=0.00 secs] 
112.592: [GC (Allocation Failure) [PSYoungGen: 347232K->1629K(339456K)] 591714K->246152K(1007616K), 0.0017387 secs] [Times: user=0.00 sys=0.00, real=0.00 secs] 
115.047: [GC (Allocation Failure) [PSYoungGen: 339037K->1488K(331264K)] 583560K->246011K(999424K), 0.0019880 secs] [Times: user=0.00 sys=0.01, real=0.01 secs] 
115.911: [GC (Allocation Failure) [PSYoungGen: 331216K->9696K(331776K)] 575739K->254379K(999936K), 0.0020380 secs] [Times: user=0.01 sys=0.00, real=0.00 secs] 
117.091: [GC (Allocation Failure) [PSYoungGen: 331744K->1536K(316928K)] 576427K->246243K(985088K), 0.0015732 secs] [Times: user=0.00 sys=0.00, real=0.00 secs] 
118.830: [GC (Allocation Failure) [PSYoungGen: 316416K->1725K(309760K)] 561123K->246432K(977920K), 0.0024000 secs] [Times: user=0.01 sys=0.00, real=0.00 secs] 
121.286: [GC (Allocation Failure) [PSYoungGen: 309437K->1712K(303104K)] 554144K->246459K(971264K), 0.0017841 secs] [Times: user=0.00 sys=0.00, real=0.00 secs] 
123.921: [GC (Allocation Failure) [PSYoungGen: 302768K->1677K(296448K)] 547515K->246440K(964608K), 0.0028235 secs] [Times: user=0.01 sys=0.00, real=0.00 secs] 
126.326: [GC (Allocation Failure) [PSYoungGen: 296077K->1744K(290304K)] 540840K->246515K(958464K), 0.0018098 secs] [Times: user=0.00 sys=0.00, real=0.00 secs] 
127.394: [GC (Allocation Failure) [PSYoungGen: 290000K->1693K(284160K)] 534771K->246472K(952320K), 0.0023652 secs] [Times: user=0.00 sys=0.00, real=0.00 secs] 
128.174: [GC (GCLocker Initiated GC) [PSYoungGen: 283805K->1754K(278528K)] 528584K->246541K(946688K), 0.0018511 secs] [Times: user=0.00 sys=0.00, real=0.00 secs] 
131.264: [GC (Allocation Failure) [PSYoungGen: 278234K->1613K(272896K)] 523024K->246419K(941056K), 0.0029140 secs] [Times: user=0.01 sys=0.00, real=0.00 secs] 
132.566: [GC (Allocation Failure) [PSYoungGen: 272461K->1840K(267264K)] 517267K->246646K(935424K), 0.0017067 secs] [Times: user=0.01 sys=0.00, real=0.00 secs] 
133.754: [GC (Allocation Failure) [PSYoungGen: 267056K->1616K(262144K)] 511862K->246430K(930304K), 0.0034836 secs] [Times: user=0.01 sys=0.00, real=0.00 secs] 
134.631: [GC (Allocation Failure) [PSYoungGen: 261712K->1741K(257024K)] 506526K->246563K(925184K), 0.0018046 secs] [Times: user=0.01 sys=0.00, real=0.00 secs] 
136.901: [GC (Allocation Failure) [PSYoungGen: 256717K->1693K(251904K)] 501539K->246515K(920064K), 0.0025547 secs] [Times: user=0.01 sys=0.00, real=0.00 secs] 
137.708: [GC (Allocation Failure) [PSYoungGen: 251549K->1741K(247296K)] 496371K->246563K(915456K), 0.0016623 secs] [Times: user=0.00 sys=0.00, real=0.01 secs] 
140.339: [GC (Allocation Failure) [PSYoungGen: 246989K->1741K(242688K)] 491811K->262955K(910848K), 0.0060902 secs] [Times: user=0.02 sys=0.00, real=0.00 secs] 
142.768: [GC (Allocation Failure) [PSYoungGen: 242381K->1613K(238080K)] 503595K->262955K(906240K), 0.0020235 secs] [Times: user=0.01 sys=0.00, real=0.01 secs] 
143.406: [GC (Allocation Failure) [PSYoungGen: 237645K->5600K(237056K)] 498987K->267114K(905216K), 0.0027094 secs] [Times: user=0.01 sys=0.00, real=0.01 secs] 
146.248: [GC (Allocation Failure) [PSYoungGen: 237024K->1408K(228864K)] 498538K->262930K(897024K), 0.0043024 secs] [Times: user=0.01 sys=0.00, real=0.01 secs] 
147.290: [GC (Allocation Failure) [PSYoungGen: 228736K->1600K(225280K)] 490258K->263123K(893440K), 0.0018834 secs] [Times: user=0.00 sys=0.00, real=0.00 secs] 
151.189: [GC (Allocation Failure) [PSYoungGen: 224832K->1597K(221184K)] 486355K->263128K(889344K), 0.0031828 secs] [Times: user=0.01 sys=0.00, real=0.00 secs] 
153.215: [GC (Allocation Failure) [PSYoungGen: 220733K->1706K(217088K)] 482264K->263237K(885248K), 0.0016627 secs] [Times: user=0.01 sys=0.00, real=0.00 secs] 
154.185: [GC (Allocation Failure) [PSYoungGen: 216746K->5629K(217088K)] 478277K->271559K(885248K), 0.0032140 secs] [Times: user=0.02 sys=0.00, real=0.00 secs] 
158.376: [GC (Allocation Failure) [PSYoungGen: 217085K->1437K(209408K)] 483015K->267423K(877568K), 0.0032687 secs] [Times: user=0.01 sys=0.00, real=0.01 secs] 
159.630: [GC (Allocation Failure) [PSYoungGen: 209309K->1661K(206336K)] 475295K->267655K(874496K), 0.0018904 secs] [Times: user=0.01 sys=0.00, real=0.00 secs] 
160.752: [GC (Allocation Failure) [PSYoungGen: 205949K->1725K(202752K)] 471943K->267719K(870912K), 0.0021922 secs] [Times: user=0.01 sys=0.00, real=0.00 secs] 
161.552: [GC (Allocation Failure) [PSYoungGen: 202429K->1709K(199680K)] 468423K->267711K(867840K), 0.0015592 secs] [Times: user=0.00 sys=0.00, real=0.00 secs] 
161.900: [GC (Allocation Failure) [PSYoungGen: 199341K->1885K(196608K)] 465343K->267887K(864768K), 0.0018972 secs] [Times: user=0.01 sys=0.00, real=0.00 secs] 
162.851: [GC (Allocation Failure) [PSYoungGen: 196445K->1664K(193536K)] 462447K->267682K(861696K), 0.0021174 secs] [Times: user=0.00 sys=0.00, real=0.00 secs] 
163.598: [GC (Allocation Failure) [PSYoungGen: 193152K->1757K(190464K)] 459170K->267775K(858624K), 0.0015731 secs] [Times: user=0.01 sys=0.00, real=0.01 secs] 
164.395: [GC (Allocation Failure) [PSYoungGen: 190173K->3901K(189440K)] 456191K->269927K(857600K), 0.0033546 secs] [Times: user=0.01 sys=0.00, real=0.00 secs] 
167.440: [GC (Allocation Failure) [PSYoungGen: 189245K->1661K(184320K)] 455271K->267695K(852480K), 0.0034233 secs] [Times: user=0.01 sys=0.00, real=0.00 secs] 
168.737: [GC (Allocation Failure) [PSYoungGen: 183933K->1677K(181760K)] 449967K->267837K(849920K), 0.0016883 secs] [Times: user=0.00 sys=0.00, real=0.00 secs] 
169.462: [GC (Allocation Failure) [PSYoungGen: 181389K->2720K(180224K)] 447549K->268888K(848384K), 0.0025020 secs] [Times: user=0.01 sys=0.00, real=0.00 secs] 
171.180: [GC (Allocation Failure) [PSYoungGen: 179872K->1565K(176640K)] 446040K->267770K(844800K), 0.0019484 secs] [Times: user=0.01 sys=0.00, real=0.00 secs] 
172.212: [GC (Allocation Failure) [PSYoungGen: 176157K->1616K(174080K)] 442362K->267845K(842240K), 0.0016147 secs] [Times: user=0.00 sys=0.00, real=0.00 secs] 
172.516: [GC (Allocation Failure) [PSYoungGen: 173648K->1712K(171520K)] 439877K->267949K(839680K), 0.0018268 secs] [Times: user=0.00 sys=0.00, real=0.00 secs] 
173.557: [GC (Allocation Failure) [PSYoungGen: 171184K->1453K(168448K)] 437421K->267810K(836608K), 0.0029579 secs] [Times: user=0.01 sys=0.00, real=0.01 secs] 
175.521: [GC (Allocation Failure) [PSYoungGen: 168365K->1517K(165888K)] 434722K->267874K(834048K), 0.0022228 secs] [Times: user=0.00 sys=0.00, real=0.00 secs] 
175.882: [GC (Allocation Failure) [PSYoungGen: 165869K->1584K(164352K)] 432226K->267986K(832512K), 0.0018829 secs] [Times: user=0.01 sys=0.00, real=0.00 secs] 
176.822: [GC (Allocation Failure) [PSYoungGen: 163888K->1424K(161792K)] 430290K->267842K(829952K), 0.0031694 secs] [Times: user=0.02 sys=0.00, real=0.00 secs] 
179.066: [GC (Allocation Failure) [PSYoungGen: 161680K->1408K(159744K)] 428098K->267826K(827904K), 0.0033041 secs] [Times: user=0.01 sys=0.00, real=0.01 secs] 
179.710: [GC (Allocation Failure) [PSYoungGen: 159616K->1536K(158208K)] 426034K->267954K(826368K), 0.0018226 secs] [Times: user=0.01 sys=0.00, real=0.00 secs] 
180.562: [GC (Allocation Failure) [PSYoungGen: 157696K->1504K(155648K)] 424114K->276130K(823808K), 0.0030159 secs] [Times: user=0.01 sys=0.00, real=0.00 secs] 
182.335: [GC (Allocation Failure) [PSYoungGen: 155616K->1408K(153600K)] 430242K->276034K(821760K), 0.0034880 secs] [Times: user=0.01 sys=0.00, real=0.01 secs] 
184.256: [GC (Allocation Failure) [PSYoungGen: 153472K->1472K(151552K)] 428098K->276098K(819712K), 0.0021521 secs] [Times: user=0.01 sys=0.00, real=0.00 secs] 
184.536: [GC (Allocation Failure) [PSYoungGen: 151488K->1597K(150016K)] 426114K->276223K(818176K), 0.0018458 secs] [Times: user=0.01 sys=0.00, real=0.00 secs] 
185.557: [GC (Allocation Failure) [PSYoungGen: 149565K->1424K(147456K)] 424191K->276058K(815616K), 0.0026451 secs] [Times: user=0.01 sys=0.00, real=0.01 secs] 
186.678: [GC (Allocation Failure) [PSYoungGen: 147344K->1408K(145408K)] 421978K->276050K(813568K), 0.0021912 secs] [Times: user=0.00 sys=0.00, real=0.01 secs] 
187.293: [GC (Allocation Failure) [PSYoungGen: 145280K->1504K(143872K)] 419922K->276154K(812032K), 0.0015705 secs] [Times: user=0.00 sys=0.00, real=0.00 secs] 
187.541: [GC (Allocation Failure) [PSYoungGen: 143840K->1568K(142848K)] 418490K->276218K(811008K), 0.0017500 secs] [Times: user=0.00 sys=0.00, real=0.00 secs] 
189.228: [GC (Allocation Failure) [PSYoungGen: 142368K->1472K(140800K)] 417018K->276130K(808960K), 0.0028397 secs] [Times: user=0.01 sys=0.00, real=0.01 secs] 
190.384: [GC (Allocation Failure) [PSYoungGen: 140736K->1440K(139264K)] 415394K->276114K(807424K), 0.0024726 secs] [Times: user=0.01 sys=0.00, real=0.00 secs] 
190.936: [GC (Allocation Failure) [PSYoungGen: 139168K->1600K(138240K)] 413842K->276274K(806400K), 0.0017869 secs] [Times: user=0.00 sys=0.00, real=0.00 secs] 
191.250: [GC (Allocation Failure) [PSYoungGen: 137792K->288K(135168K)] 412466K->274962K(803328K), 0.0020986 secs] [Times: user=0.01 sys=0.00, real=0.00 secs] 
192.709: [GC (Allocation Failure) [PSYoungGen: 134944K->1376K(136192K)] 409618K->276050K(804352K), 0.0030950 secs] [Times: user=0.01 sys=0.00, real=0.00 secs] 
194.277: [GC (Allocation Failure) [PSYoungGen: 134496K->1408K(133120K)] 409170K->276090K(801280K), 0.0028058 secs] [Times: user=0.01 sys=0.01, real=0.01 secs] 
195.246: [GC (Allocation Failure) [PSYoungGen: 132992K->1568K(132096K)] 407674K->276250K(800256K), 0.0017598 secs] [Times: user=0.01 sys=0.00, real=0.00 secs] 
195.519: [GC (Allocation Failure) [PSYoungGen: 131616K->1597K(130560K)] 406298K->276287K(798720K), 0.0019289 secs] [Times: user=0.01 sys=0.00, real=0.00 secs] 
196.642: [GC (Allocation Failure) [PSYoungGen: 130109K->1472K(128512K)] 404799K->276170K(796672K), 0.0023406 secs] [Times: user=0.01 sys=0.00, real=0.00 secs] 
197.931: [GC (Allocation Failure) [PSYoungGen: 128448K->1408K(126976K)] 403146K->276114K(795136K), 0.0031289 secs] [Times: user=0.01 sys=0.00, real=0.00 secs] 
198.934: [GC (Allocation Failure) [PSYoungGen: 126848K->1472K(125440K)] 401554K->276178K(793600K), 0.0015894 secs] [Times: user=0.01 sys=0.00, real=0.00 secs] 
199.195: [GC (Allocation Failure) [PSYoungGen: 125376K->1584K(124416K)] 400082K->276290K(792576K), 0.0020412 secs] [Times: user=0.01 sys=0.00, real=0.00 secs] 
200.163: [GC (Allocation Failure) [PSYoungGen: 123952K->1440K(122880K)] 398658K->276146K(791040K), 0.0029286 secs] [Times: user=0.01 sys=0.00, real=0.00 secs] 
201.625: [GC (Allocation Failure) [PSYoungGen: 122784K->1392K(121856K)] 397490K->276106K(790016K), 0.0027936 secs] [Times: user=0.01 sys=0.00, real=0.00 secs] 
202.558: [GC (Allocation Failure) [PSYoungGen: 121712K->1437K(120832K)] 396426K->276151K(788992K), 0.0023186 secs] [Times: user=0.01 sys=0.00, real=0.01 secs] 
202.867: [GC (Allocation Failure) [PSYoungGen: 120733K->1533K(119808K)] 395447K->276271K(787968K), 0.0017165 secs] [Times: user=0.01 sys=0.00, real=0.00 secs] 
203.434: [GC (Allocation Failure) [PSYoungGen: 119805K->2000K(119296K)] 394543K->277250K(787456K), 0.0020534 secs] [Times: user=0.01 sys=0.00, real=0.00 secs] 
204.631: [GC (Allocation Failure) [PSYoungGen: 119248K->416K(116736K)] 394498K->276690K(784896K), 0.0034160 secs] [Times: user=0.01 sys=0.00, real=0.00 secs] 
205.913: [GC (Allocation Failure) [PSYoungGen: 116640K->352K(117760K)] 392914K->276626K(785920K), 0.0031010 secs] [Times: user=0.01 sys=0.00, real=0.00 secs] 
206.714: [GC (Allocation Failure) [PSYoungGen: 115552K->1501K(115712K)] 391826K->277775K(783872K), 0.0015781 secs] [Times: user=0.00 sys=0.00, real=0.00 secs] 
206.914: [GC (Allocation Failure) [PSYoungGen: 115677K->1565K(115200K)] 391951K->277839K(783360K), 0.0015492 secs] [Times: user=0.01 sys=0.00, real=0.00 secs] 
207.973: [GC (Allocation Failure) [PSYoungGen: 114717K->1472K(113664K)] 390991K->277746K(781824K), 0.0034347 secs] [Times: user=0.01 sys=0.00, real=0.00 secs] 
209.763: [GC (Allocation Failure) [PSYoungGen: 113600K->1376K(112640K)] 389874K->277650K(780800K), 0.0038321 secs] [Times: user=0.01 sys=0.00, real=0.00 secs] 
211.359: [GC (Allocation Failure) [PSYoungGen: 112480K->1376K(111616K)] 388754K->277674K(779776K), 0.0044779 secs] [Times: user=0.01 sys=0.00, real=0.00 secs] 
211.813: [GC (Allocation Failure) [PSYoungGen: 111456K->1501K(110592K)] 387754K->277799K(778752K), 0.0016080 secs] [Times: user=0.01 sys=0.01, real=0.00 secs] 
212.004: [GC (Allocation Failure) [PSYoungGen: 110557K->1565K(110080K)] 386855K->277887K(778240K), 0.0015167 secs] [Times: user=0.01 sys=0.00, real=0.00 secs] 
212.655: [GC (Allocation Failure) [PSYoungGen: 109597K->1440K(108544K)] 385919K->277762K(776704K), 0.0037669 secs] [Times: user=0.01 sys=0.00, real=0.01 secs] 
213.688: [GC (Allocation Failure) [PSYoungGen: 108448K->1392K(107520K)] 384770K->277714K(775680K), 0.0030635 secs] [Times: user=0.01 sys=0.00, real=0.01 secs] 
214.792: [GC (Allocation Failure) [PSYoungGen: 107376K->1408K(106496K)] 383698K->277730K(774656K), 0.0028757 secs] [Times: user=0.01 sys=0.00, real=0.00 secs] 
215.286: [GC (Allocation Failure) [PSYoungGen: 106368K->1453K(105472K)] 382690K->277775K(773632K), 0.0015041 secs] [Times: user=0.01 sys=0.00, real=0.00 secs] 
215.501: [GC (Allocation Failure) [PSYoungGen: 105389K->1584K(104960K)] 381711K->277906K(773120K), 0.0018853 secs] [Times: user=0.01 sys=0.00, real=0.00 secs] 
215.992: [GC (Allocation Failure) [PSYoungGen: 104496K->416K(102400K)] 380818K->277762K(770560K), 0.0025263 secs] [Times: user=0.01 sys=0.00, real=0.00 secs] 
216.862: [GC (Allocation Failure) [PSYoungGen: 102304K->352K(101376K)] 379650K->277698K(769536K), 0.0017900 secs] [Times: user=0.00 sys=0.00, real=0.00 secs] 
217.779: [GC (Allocation Failure) [PSYoungGen: 101216K->320K(100352K)] 378562K->277666K(768512K), 0.0029800 secs] [Times: user=0.01 sys=0.00, real=0.00 secs] 
218.462: [GC (Allocation Failure) [PSYoungGen: 100160K->1488K(101376K)] 377506K->278834K(769536K), 0.0018450 secs] [Times: user=0.00 sys=0.00, real=0.00 secs] 
218.639: [GC (Allocation Failure) [PSYoungGen: 100304K->1533K(99328K)] 377650K->278879K(767488K), 0.0017296 secs] [Times: user=0.01 sys=0.00, real=0.00 secs] 
218.812: [GC (Allocation Failure) [PSYoungGen: 99325K->1552K(98816K)] 376671K->278906K(766976K), 0.0016389 secs] [Times: user=0.01 sys=0.00, real=0.00 secs] 
219.535: [GC (Allocation Failure) [PSYoungGen: 98320K->1424K(97792K)] 375674K->278794K(765952K), 0.0022307 secs] [Times: user=0.01 sys=0.00, real=0.00 secs] 
220.242: [GC (Allocation Failure) [PSYoungGen: 97680K->1376K(97280K)] 375050K->278746K(765440K), 0.0025286 secs] [Times: user=0.01 sys=0.00, real=0.00 secs] 
221.253: [GC (Allocation Failure) [PSYoungGen: 97120K->1376K(96768K)] 374490K->278746K(764928K), 0.0027429 secs] [Times: user=0.01 sys=0.00, real=0.00 secs] 
221.784: [GC (Allocation Failure) [PSYoungGen: 96608K->1501K(96256K)] 373978K->278871K(764416K), 0.0018319 secs] [Times: user=0.01 sys=0.00, real=0.00 secs] 
221.952: [GC (Allocation Failure) [PSYoungGen: 96221K->1520K(95744K)] 373591K->278890K(763904K), 0.0016177 secs] [Times: user=0.01 sys=0.00, real=0.00 secs] 
222.384: [GC (Allocation Failure) [PSYoungGen: 95728K->1504K(95232K)] 373098K->282978K(763392K), 0.0020370 secs] [Times: user=0.00 sys=0.00, real=0.00 secs] 
223.356: [GC (Allocation Failure) [PSYoungGen: 95200K->1408K(94720K)] 376674K->282882K(762880K), 0.0028360 secs] [Times: user=0.01 sys=0.00, real=0.01 secs] 
223.821: [GC (Allocation Failure) [PSYoungGen: 94592K->1408K(94208K)] 376066K->282890K(762368K), 0.0019047 secs] [Times: user=0.01 sys=0.00, real=0.00 secs] 
224.356: [GC (Allocation Failure) [PSYoungGen: 94080K->1469K(93696K)] 375562K->282951K(761856K), 0.0019894 secs] [Times: user=0.01 sys=0.00, real=0.00 secs] 
224.526: [GC (Allocation Failure) [PSYoungGen: 93629K->1501K(93184K)] 375111K->282991K(761344K), 0.0015836 secs] [Times: user=0.01 sys=0.00, real=0.00 secs] 
224.716: [GC (Allocation Failure) [PSYoungGen: 93149K->1517K(92672K)] 374639K->283007K(760832K), 0.0017995 secs] [Times: user=0.01 sys=0.00, real=0.00 secs] 
225.817: [GC (Allocation Failure) [PSYoungGen: 92653K->1424K(92160K)] 374143K->282914K(760320K), 0.0040971 secs] [Times: user=0.01 sys=0.00, real=0.01 secs] 
227.402: [GC (Allocation Failure) [PSYoungGen: 92048K->1408K(91648K)] 373538K->282898K(759808K), 0.0029252 secs] [Times: user=0.01 sys=0.00, real=0.00 secs] 
228.551: [GC (Allocation Failure) [PSYoungGen: 91520K->1408K(91136K)] 373010K->282922K(759296K), 0.0027581 secs] [Times: user=0.01 sys=0.00, real=0.00 secs] 
229.326: [GC (Allocation Failure) [PSYoungGen: 91008K->1421K(90624K)] 372522K->282935K(758784K), 0.0022229 secs] [Times: user=0.01 sys=0.00, real=0.00 secs] 
229.567: [GC (Allocation Failure) [PSYoungGen: 90509K->1549K(90624K)] 372023K->283079K(758784K), 0.0022088 secs] [Times: user=0.01 sys=0.00, real=0.01 secs] 
229.735: [GC (Allocation Failure) [PSYoungGen: 90125K->477K(88576K)] 371655K->283031K(756736K), 0.0016202 secs] [Times: user=0.01 sys=0.00, real=0.00 secs] 
230.197: [GC (Allocation Failure) [PSYoungGen: 88541K->1440K(89600K)] 371095K->283994K(757760K), 0.0033710 secs] [Times: user=0.01 sys=0.00, real=0.01 secs] 
230.940: [GC (Allocation Failure) [PSYoungGen: 88992K->1376K(88576K)] 371546K->283938K(756736K), 0.0032053 secs] [Times: user=0.01 sys=0.00, real=0.00 secs] 
231.329: [GC (Allocation Failure) [PSYoungGen: 88416K->1408K(88064K)] 370978K->283970K(756224K), 0.0021060 secs] [Times: user=0.01 sys=0.00, real=0.00 secs] 
231.724: [GC (Allocation Failure) [PSYoungGen: 87936K->1456K(87552K)] 370498K->284026K(755712K), 0.0021452 secs] [Times: user=0.01 sys=0.00, real=0.00 secs] 
231.889: [GC (Allocation Failure) [PSYoungGen: 87472K->1469K(87040K)] 370042K->284047K(755200K), 0.0016044 secs] [Times: user=0.01 sys=0.00, real=0.00 secs] 
232.064: [GC (Allocation Failure) [PSYoungGen: 86973K->1533K(86528K)] 369551K->284111K(754688K), 0.0017218 secs] [Times: user=0.00 sys=0.00, real=0.00 secs] 
232.515: [GC (Allocation Failure) [PSYoungGen: 86525K->1984K(86528K)] 369103K->284570K(754688K), 0.0019531 secs] [Times: user=0.01 sys=0.00, real=0.00 secs] 
233.279: [GC (Allocation Failure) [PSYoungGen: 86464K->336K(84480K)] 369050K->283946K(752640K), 0.0028624 secs] [Times: user=0.01 sys=0.00, real=0.00 secs] 
234.101: [GC (Allocation Failure) [PSYoungGen: 84304K->352K(86016K)] 367914K->283962K(754176K), 0.0022642 secs] [Times: user=0.01 sys=0.00, real=0.00 secs] 
234.904: [GC (Allocation Failure) [PSYoungGen: 83808K->320K(83456K)] 367418K->283930K(751616K), 0.0024963 secs] [Times: user=0.01 sys=0.00, real=0.00 secs] 
235.665: [GC (Allocation Failure) [PSYoungGen: 83264K->1469K(84992K)] 366874K->285079K(753152K), 0.0020589 secs] [Times: user=0.01 sys=0.00, real=0.00 secs] 
235.813: [GC (Allocation Failure) [PSYoungGen: 83897K->1456K(83456K)] 367507K->285066K(751616K), 0.0015430 secs] [Times: user=0.01 sys=0.00, real=0.00 secs] 
235.956: [GC (Allocation Failure) [PSYoungGen: 83376K->1501K(82944K)] 366986K->285143K(751104K), 0.0016235 secs] [Times: user=0.01 sys=0.00, real=0.00 secs] 
236.726: [GC (Allocation Failure) [PSYoungGen: 82909K->1440K(82432K)] 366551K->285082K(750592K), 0.0021037 secs] [Times: user=0.01 sys=0.00, real=0.00 secs] 
237.062: [GC (Allocation Failure) [PSYoungGen: 82336K->1424K(81920K)] 365978K->285066K(750080K), 0.0020460 secs] [Times: user=0.01 sys=0.00, real=0.00 secs] 
237.587: [GC (Allocation Failure) [PSYoungGen: 81808K->1376K(81408K)] 365450K->285018K(749568K), 0.0020740 secs] [Times: user=0.00 sys=0.00, real=0.00 secs] 
238.263: [GC (Allocation Failure) [PSYoungGen: 81219K->1424K(80896K)] 364862K->285074K(749056K), 0.0089489 secs] [Times: user=0.04 sys=0.00, real=0.01 secs] 
238.536: [GC (Allocation Failure) [PSYoungGen: 80784K->1485K(80384K)] 364434K->285135K(748544K), 0.0019927 secs] [Times: user=0.00 sys=0.00, real=0.00 secs] 
238.678: [GC (Allocation Failure) [PSYoungGen: 80333K->1440K(79872K)] 363983K->285090K(748032K), 0.0015956 secs] [Times: user=0.01 sys=0.00, real=0.01 secs] 
238.817: [GC (Allocation Failure) [PSYoungGen: 79776K->1533K(87040K)] 363426K->285183K(755200K), 0.0015239 secs] [Times: user=0.00 sys=0.00, real=0.01 secs] 
239.431: [GC (Allocation Failure) [PSYoungGen: 87037K->1408K(86528K)] 370687K->285066K(754688K), 0.0022716 secs] [Times: user=0.00 sys=0.00, real=0.00 secs] 
239.775: [GC (Allocation Failure) [PSYoungGen: 86400K->1408K(86016K)] 370058K->285074K(754176K), 0.0020339 secs] [Times: user=0.01 sys=0.00, real=0.00 secs] 
240.125: [GC (Allocation Failure) [PSYoungGen: 85888K->1344K(85504K)] 369554K->285010K(753664K), 0.0020432 secs] [Times: user=0.01 sys=0.00, real=0.00 secs] 
240.465: [GC (Allocation Failure) [PSYoungGen: 85312K->1501K(84992K)] 368978K->285167K(753152K), 0.0014022 secs] [Times: user=0.01 sys=0.00, real=0.00 secs] 
240.612: [GC (Allocation Failure) [PSYoungGen: 84957K->1533K(84480K)] 368623K->285199K(752640K), 0.0015579 secs] [Times: user=0.01 sys=0.00, real=0.00 secs] 
240.758: [GC (Allocation Failure) [PSYoungGen: 84477K->1456K(83968K)] 368143K->285122K(752128K), 0.0014713 secs] [Times: user=0.01 sys=0.00, real=0.01 secs] 
242.007: [GC (Allocation Failure) [PSYoungGen: 83888K->1472K(83456K)] 367554K->285138K(751616K), 0.0042011 secs] [Times: user=0.02 sys=0.00, real=0.01 secs] 
242.970: [GC (Allocation Failure) [PSYoungGen: 83392K->1408K(82944K)] 367058K->285074K(751104K), 0.0022962 secs] [Times: user=0.01 sys=0.00, real=0.00 secs] 
243.493: [GC (Allocation Failure) [PSYoungGen: 82816K->1408K(82432K)] 366482K->285082K(750592K), 0.0020867 secs] [Times: user=0.00 sys=0.00, real=0.00 secs] 
243.859: [GC (Allocation Failure) [PSYoungGen: 82304K->1408K(81920K)] 365978K->285082K(750080K), 0.0018168 secs] [Times: user=0.01 sys=0.00, real=0.00 secs] 
244.049: [GC (Allocation Failure) [PSYoungGen: 81792K->1520K(81408K)] 365466K->285194K(749568K), 0.0017077 secs] [Times: user=0.01 sys=0.00, real=0.01 secs] 
244.192: [GC (Allocation Failure) [PSYoungGen: 81392K->1469K(80896K)] 365066K->285151K(749056K), 0.0016069 secs] [Times: user=0.01 sys=0.00, real=0.00 secs] 
244.335: [GC (Allocation Failure) [PSYoungGen: 80829K->1533K(80384K)] 364511K->285215K(748544K), 0.0015576 secs] [Times: user=0.01 sys=0.00, real=0.00 secs] 
245.116: [GC (Allocation Failure) [PSYoungGen: 80381K->1408K(79872K)] 364063K->285114K(748032K), 0.0022329 secs] [Times: user=0.01 sys=0.00, real=0.00 secs] 
245.841: [GC (Allocation Failure) [PSYoungGen: 79744K->1376K(79360K)] 363450K->285082K(747520K), 0.0023827 secs] [Times: user=0.00 sys=0.00, real=0.00 secs] 
246.562: [GC (Allocation Failure) [PSYoungGen: 79200K->1376K(78848K)] 362906K->285106K(747008K), 0.0023952 secs] [Times: user=0.01 sys=0.01, real=0.00 secs] 
247.226: [GC (Allocation Failure) [PSYoungGen: 78688K->1437K(78336K)] 362418K->285167K(746496K), 0.0019941 secs] [Times: user=0.01 sys=0.00, real=0.00 secs] 
247.386: [GC (Allocation Failure) [PSYoungGen: 78237K->1533K(77824K)] 361967K->285263K(745984K), 0.0014667 secs] [Times: user=0.00 sys=0.00, real=0.00 secs] 
247.521: [GC (Allocation Failure) [PSYoungGen: 77821K->1469K(77312K)] 361551K->285199K(745472K), 0.0015429 secs] [Times: user=0.01 sys=0.00, real=0.00 secs] 
247.653: [GC (Allocation Failure) [PSYoungGen: 77245K->1488K(76800K)] 360975K->285218K(744960K), 0.0014027 secs] [Times: user=0.01 sys=0.00, real=0.00 secs] 
248.380: [GC (Allocation Failure) [PSYoungGen: 76752K->1456K(76288K)] 360482K->285186K(744448K), 0.0023643 secs] [Times: user=0.01 sys=0.00, real=0.00 secs] 
248.691: [GC (Allocation Failure) [PSYoungGen: 76208K->1376K(75776K)] 359938K->285114K(743936K), 0.0018249 secs] [Times: user=0.01 sys=0.00, real=0.00 secs] 
248.999: [GC (Allocation Failure) [PSYoungGen: 75616K->1408K(75264K)] 359354K->285146K(743424K), 0.0021902 secs] [Times: user=0.01 sys=0.00, real=0.00 secs] 
249.307: [GC (Allocation Failure) [PSYoungGen: 75136K->1408K(74752K)] 358874K->285146K(742912K), 0.0018556 secs] [Times: user=0.01 sys=0.00, real=0.01 secs] 
249.698: [GC (Allocation Failure) [PSYoungGen: 74624K->1472K(74240K)] 358362K->285210K(742400K), 0.0018300 secs] [Times: user=0.01 sys=0.00, real=0.01 secs] 
249.829: [GC (Allocation Failure) [PSYoungGen: 74176K->1501K(73728K)] 357914K->285239K(741888K), 0.0014458 secs] [Times: user=0.01 sys=0.00, real=0.00 secs] 
249.975: [GC (Allocation Failure) [PSYoungGen: 73693K->1533K(80896K)] 357431K->285271K(749056K), 0.0019715 secs] [Times: user=0.01 sys=0.00, real=0.00 secs] 
250.578: [GC (Allocation Failure) [PSYoungGen: 80893K->1440K(80384K)] 364631K->285186K(748544K), 0.0027006 secs] [Times: user=0.01 sys=0.00, real=0.01 secs] 
251.228: [GC (Allocation Failure) [PSYoungGen: 80288K->1440K(79872K)] 364034K->285202K(748032K), 0.0020175 secs] [Times: user=0.01 sys=0.00, real=0.01 secs] 
251.628: [GC (Allocation Failure) [PSYoungGen: 79776K->1376K(79360K)] 363538K->285138K(747520K), 0.0020325 secs] [Times: user=0.01 sys=0.00, real=0.01 secs] 
252.731: [GC (Allocation Failure) [PSYoungGen: 79200K->1440K(78848K)] 362962K->285210K(747008K), 0.0020990 secs] [Times: user=0.00 sys=0.00, real=0.00 secs] 
253.563: [GC (Allocation Failure) [PSYoungGen: 78752K->1469K(78336K)] 362522K->285255K(746496K), 0.0014826 secs] [Times: user=0.01 sys=0.00, real=0.00 secs] 
253.718: [GC (Allocation Failure) [PSYoungGen: 78269K->1501K(77824K)] 362055K->285287K(745984K), 0.0019394 secs] [Times: user=0.01 sys=0.00, real=0.01 secs] 
253.892: [GC (Allocation Failure) [PSYoungGen: 77789K->1472K(77312K)] 361575K->285258K(745472K), 0.0015664 secs] [Times: user=0.00 sys=0.00, real=0.00 secs] 
255.171: [GC (Allocation Failure) [PSYoungGen: 77248K->1440K(76800K)] 361034K->285226K(744960K), 0.0027452 secs] [Times: user=0.01 sys=0.00, real=0.00 secs] 
255.529: [GC (Allocation Failure) [PSYoungGen: 76704K->1392K(76288K)] 360490K->285186K(744448K), 0.0019085 secs] [Times: user=0.01 sys=0.00, real=0.01 secs] 
255.888: [GC (Allocation Failure) [PSYoungGen: 76144K->1440K(75776K)] 359938K->285266K(743936K), 0.0022646 secs] [Times: user=0.01 sys=0.00, real=0.01 secs] 
256.426: [GC (Allocation Failure) [PSYoungGen: 75680K->1376K(75264K)] 359506K->285210K(743424K), 0.0019964 secs] [Times: user=0.01 sys=0.00, real=0.00 secs] 
256.738: [GC (Allocation Failure) [PSYoungGen: 75104K->1504K(74752K)] 358938K->285338K(742912K), 0.0014412 secs] [Times: user=0.01 sys=0.00, real=0.01 secs] 
256.887: [GC (Allocation Failure) [PSYoungGen: 74720K->1533K(74240K)] 358554K->285367K(742400K), 0.0018212 secs] [Times: user=0.01 sys=0.00, real=0.01 secs] 
257.041: [GC (Allocation Failure) [PSYoungGen: 74237K->1504K(73728K)] 358071K->285338K(741888K), 0.0015455 secs] [Times: user=0.01 sys=0.00, real=0.00 secs] 
257.892: [GC (Allocation Failure) [PSYoungGen: 73696K->944K(72704K)] 357530K->285802K(740864K), 0.0031532 secs] [Times: user=0.01 sys=0.00, real=0.00 secs] 
259.151: [GC (Allocation Failure) [PSYoungGen: 72624K->320K(71680K)] 357482K->285186K(739840K), 0.0038017 secs] [Times: user=0.02 sys=0.00, real=0.00 secs] 
260.077: [GC (Allocation Failure) [PSYoungGen: 71488K->352K(71168K)] 356354K->285218K(739328K), 0.0033945 secs] [Times: user=0.01 sys=0.00, real=0.01 secs] 
260.842: [GC (Allocation Failure) [PSYoungGen: 71008K->352K(72192K)] 355874K->285218K(740352K), 0.0022970 secs] [Times: user=0.01 sys=0.00, real=0.00 secs] 
261.562: [GC (Allocation Failure) [PSYoungGen: 70496K->1485K(71168K)] 355362K->286351K(739328K), 0.0025624 secs] [Times: user=0.01 sys=0.00, real=0.00 secs] 
261.738: [GC (Allocation Failure) [PSYoungGen: 71117K->1501K(70656K)] 355983K->286367K(738816K), 0.0015867 secs] [Times: user=0.01 sys=0.00, real=0.01 secs] 
261.860: [GC (Allocation Failure) [PSYoungGen: 70621K->1501K(70144K)] 355487K->286367K(738304K), 0.0015858 secs] [Times: user=0.01 sys=0.00, real=0.00 secs] 
261.980: [GC (Allocation Failure) [PSYoungGen: 70078K->1488K(69632K)] 354944K->286354K(737792K), 0.0015196 secs] [Times: user=0.01 sys=0.00, real=0.00 secs] 
262.198: [GC (Allocation Failure) [PSYoungGen: 69584K->1440K(69120K)] 354450K->286314K(737280K), 0.0018875 secs] [Times: user=0.01 sys=0.00, real=0.01 secs] 
262.479: [GC (Allocation Failure) [PSYoungGen: 69024K->1440K(68608K)] 353898K->286314K(736768K), 0.0017764 secs] [Times: user=0.00 sys=0.00, real=0.00 secs] 
262.757: [GC (Allocation Failure) [PSYoungGen: 68512K->1408K(68096K)] 353386K->286282K(736256K), 0.0017814 secs] [Times: user=0.00 sys=0.00, real=0.01 secs] 
263.033: [GC (Allocation Failure) [PSYoungGen: 67968K->1376K(68096K)] 352842K->286250K(736256K), 0.0017814 secs] [Times: user=0.01 sys=0.00, real=0.00 secs] 
263.341: [GC (Allocation Failure) [PSYoungGen: 67936K->1533K(68096K)] 352810K->286407K(736256K), 0.0014108 secs] [Times: user=0.01 sys=0.00, real=0.00 secs] 
263.458: [GC (Allocation Failure) [PSYoungGen: 68093K->1488K(68096K)] 352967K->286362K(736256K), 0.0015453 secs] [Times: user=0.01 sys=0.00, real=0.01 secs] 
263.592: [GC (Allocation Failure) [PSYoungGen: 68033K->1533K(74752K)] 352908K->286431K(742912K), 0.0020435 secs] [Times: user=0.01 sys=0.00, real=0.00 secs] 
263.762: [GC (Allocation Failure) [PSYoungGen: 74749K->1517K(82432K)] 359647K->286447K(750592K), 0.0022619 secs] [Times: user=0.01 sys=0.00, real=0.00 secs] 
264.889: [GC (Allocation Failure) [PSYoungGen: 82413K->1456K(90112K)] 367343K->286386K(758272K), 0.0040011 secs] [Times: user=0.02 sys=0.00, real=0.00 secs] 
265.905: [GC (Allocation Failure) [PSYoungGen: 90032K->1344K(89600K)] 374962K->286274K(757760K), 0.0029255 secs] [Times: user=0.01 sys=0.00, real=0.00 secs] 
266.701: [GC (Allocation Failure) [PSYoungGen: 89408K->1408K(89088K)] 374338K->286338K(757248K), 0.0024043 secs] [Times: user=0.01 sys=0.00, real=0.00 secs] 
267.569: [GC (Allocation Failure) [PSYoungGen: 88960K->1421K(88576K)] 373890K->286351K(756736K), 0.0023113 secs] [Times: user=0.01 sys=0.00, real=0.00 secs] 
267.762: [GC (Allocation Failure) [PSYoungGen: 88461K->1533K(88064K)] 373391K->286463K(756224K), 0.0014575 secs] [Times: user=0.00 sys=0.00, real=0.00 secs] 
267.914: [GC (Allocation Failure) [PSYoungGen: 88061K->1469K(87552K)] 372991K->286399K(755712K), 0.0015619 secs] [Times: user=0.00 sys=0.00, real=0.00 secs] 
268.233: [GC (Allocation Failure) [PSYoungGen: 87485K->1472K(87040K)] 372415K->286402K(755200K), 0.0018067 secs] [Times: user=0.00 sys=0.01, real=0.00 secs] 
268.589: [GC (Allocation Failure) [PSYoungGen: 86976K->1440K(86528K)] 371906K->286370K(754688K), 0.0021293 secs] [Times: user=0.01 sys=0.00, real=0.00 secs] 
269.054: [GC (Allocation Failure) [PSYoungGen: 86432K->1440K(86016K)] 371362K->286370K(754176K), 0.0031105 secs] [Times: user=0.01 sys=0.00, real=0.00 secs] 
269.987: [GC (Allocation Failure) [PSYoungGen: 85920K->1408K(85504K)] 370850K->286338K(753664K), 0.0021898 secs] [Times: user=0.01 sys=0.00, real=0.01 secs] 
270.290: [GC (Allocation Failure) [PSYoungGen: 85376K->1520K(84992K)] 370306K->286450K(753152K), 0.0018006 secs] [Times: user=0.00 sys=0.00, real=0.00 secs] 
270.443: [GC (Allocation Failure) [PSYoungGen: 84976K->1469K(84480K)] 369906K->286399K(752640K), 0.0016062 secs] [Times: user=0.01 sys=0.00, real=0.00 secs] 
270.591: [GC (Allocation Failure) [PSYoungGen: 84413K->1533K(83968K)] 369343K->286463K(752128K), 0.0014757 secs] [Times: user=0.01 sys=0.00, real=0.00 secs] 
271.050: [GC (Allocation Failure) [PSYoungGen: 83965K->1472K(83456K)] 368895K->286402K(751616K), 0.0021571 secs] [Times: user=0.01 sys=0.00, real=0.00 secs] 
271.390: [GC (Allocation Failure) [PSYoungGen: 83392K->1376K(82944K)] 368322K->286306K(751104K), 0.0018103 secs] [Times: user=0.00 sys=0.00, real=0.00 secs] 
271.774: [GC (Allocation Failure) [PSYoungGen: 82784K->1376K(82432K)] 367714K->286306K(750592K), 0.0022052 secs] [Times: user=0.01 sys=0.00, real=0.00 secs] 
272.206: [GC (Allocation Failure) [PSYoungGen: 82272K->1488K(81920K)] 367202K->286418K(750080K), 0.0019002 secs] [Times: user=0.01 sys=0.00, real=0.00 secs] 
272.399: [GC (Allocation Failure) [PSYoungGen: 81872K->1533K(81408K)] 366802K->286463K(749568K), 0.0018912 secs] [Times: user=0.01 sys=0.00, real=0.00 secs] 
272.561: [GC (Allocation Failure) [PSYoungGen: 81405K->1504K(80896K)] 366335K->286434K(749056K), 0.0014119 secs] [Times: user=0.00 sys=0.00, real=0.00 secs] 
273.287: [GC (Allocation Failure) [PSYoungGen: 80864K->1440K(80384K)] 365794K->288426K(748544K), 0.0023892 secs] [Times: user=0.01 sys=0.00, real=0.01 secs] 
273.987: [GC (Allocation Failure) [PSYoungGen: 80288K->1376K(79872K)] 367274K->288362K(748032K), 0.0023360 secs] [Times: user=0.00 sys=0.00, real=0.01 secs] 
274.688: [GC (Allocation Failure) [PSYoungGen: 79712K->1408K(79360K)] 366698K->288402K(747520K), 0.0028191 secs] [Times: user=0.01 sys=0.00, real=0.01 secs] 
275.755: [GC (Allocation Failure) [PSYoungGen: 79232K->1408K(78848K)] 366226K->288402K(747008K), 0.0025656 secs] [Times: user=0.01 sys=0.00, real=0.00 secs] 
276.306: [GC (Allocation Failure) [PSYoungGen: 78720K->1501K(78336K)] 365714K->288519K(746496K), 0.0021268 secs] [Times: user=0.01 sys=0.00, real=0.00 secs] 
276.453: [GC (Allocation Failure) [PSYoungGen: 78301K->1501K(77824K)] 365319K->288519K(745984K), 0.0015047 secs] [Times: user=0.00 sys=0.00, real=0.00 secs] 
276.586: [GC (Allocation Failure) [PSYoungGen: 77789K->1488K(77312K)] 364807K->288514K(745472K), 0.0016056 secs] [Times: user=0.00 sys=0.00, real=0.00 secs] 
277.225: [GC (Allocation Failure) [PSYoungGen: 77264K->1456K(76800K)] 364290K->288482K(744960K), 0.0024625 secs] [Times: user=0.01 sys=0.00, real=0.00 secs] 
278.052: [GC (Allocation Failure) [PSYoungGen: 76720K->1376K(76288K)] 363746K->288402K(744448K), 0.0031837 secs] [Times: user=0.02 sys=0.00, real=0.00 secs] 
278.819: [GC (Allocation Failure) [PSYoungGen: 76128K->1408K(75776K)] 363154K->288434K(743936K), 0.0024473 secs] [Times: user=0.01 sys=0.00, real=0.00 secs] 
279.657: [GC (Allocation Failure) [PSYoungGen: 75648K->1344K(75264K)] 362674K->288370K(743424K), 0.0040319 secs] [Times: user=0.01 sys=0.00, real=0.01 secs] 
280.315: [GC (Allocation Failure) [PSYoungGen: 75047K->1469K(74752K)] 362074K->288495K(742912K), 0.0020415 secs] [Times: user=0.01 sys=0.00, real=0.00 secs] 
280.482: [GC (Allocation Failure) [PSYoungGen: 74685K->1533K(74240K)] 361711K->288559K(742400K), 0.0015737 secs] [Times: user=0.00 sys=0.00, real=0.00 secs] 
280.611: [GC (Allocation Failure) [PSYoungGen: 74237K->1501K(73728K)] 361263K->288527K(741888K), 0.0014325 secs] [Times: user=0.00 sys=0.00, real=0.00 secs] 
280.738: [GC (Allocation Failure) [PSYoungGen: 73693K->1536K(73728K)] 360719K->288562K(741888K), 0.0016561 secs] [Times: user=0.00 sys=0.00, real=0.01 secs] 
282.090: [GC (Allocation Failure) [PSYoungGen: 73216K->384K(71680K)] 360242K->288442K(739840K), 0.0019923 secs] [Times: user=0.01 sys=0.00, real=0.00 secs] 
282.465: [GC (Allocation Failure) [PSYoungGen: 71552K->384K(72704K)] 359610K->288450K(740864K), 0.0019046 secs] [Times: user=0.00 sys=0.00, real=0.00 secs] 
282.768: [GC (Allocation Failure) [PSYoungGen: 71040K->368K(70656K)] 359106K->288434K(738816K), 0.0019868 secs] [Times: user=0.01 sys=0.00, real=0.01 secs] 
283.128: [GC (Allocation Failure) [PSYoungGen: 70512K->384K(70144K)] 358578K->288450K(738304K), 0.0017244 secs] [Times: user=0.01 sys=0.00, real=0.01 secs] 
283.411: [GC (Allocation Failure) [PSYoungGen: 70016K->1424K(70656K)] 358082K->289498K(738816K), 0.0018119 secs] [Times: user=0.01 sys=0.00, real=0.00 secs] 
283.534: [GC (Allocation Failure) [PSYoungGen: 70544K->1501K(70144K)] 358618K->289575K(738304K), 0.0015527 secs] [Times: user=0.00 sys=0.00, real=0.00 secs] 
283.673: [GC (Allocation Failure) [PSYoungGen: 70084K->1456K(76800K)] 358159K->289530K(744960K), 0.0020861 secs] [Times: user=0.01 sys=0.00, real=0.00 secs] 
284.162: [GC (Allocation Failure) [PSYoungGen: 76720K->1440K(76288K)] 364794K->289522K(744448K), 0.0031366 secs] [Times: user=0.01 sys=0.00, real=0.00 secs] 
284.864: [GC (Allocation Failure) [PSYoungGen: 76192K->1344K(75776K)] 364274K->289426K(743936K), 0.0023451 secs] [Times: user=0.01 sys=0.00, real=0.00 secs] 
285.536: [GC (Allocation Failure) [PSYoungGen: 75584K->1408K(75264K)] 363666K->289514K(743424K), 0.0025149 secs] [Times: user=0.01 sys=0.00, real=0.00 secs] 
286.130: [GC (Allocation Failure) [PSYoungGen: 75136K->1360K(74752K)] 363242K->289466K(742912K), 0.0026735 secs] [Times: user=0.01 sys=0.00, real=0.00 secs] 
286.740: [GC (Allocation Failure) [PSYoungGen: 74576K->1469K(74240K)] 362682K->289575K(742400K), 0.0019326 secs] [Times: user=0.01 sys=0.00, real=0.00 secs] 
286.889: [GC (Allocation Failure) [PSYoungGen: 74173K->1456K(73728K)] 362279K->289562K(741888K), 0.0014070 secs] [Times: user=0.00 sys=0.00, real=0.00 secs] 
287.015: [GC (Allocation Failure) [PSYoungGen: 73648K->1472K(73216K)] 361754K->289578K(741376K), 0.0015888 secs] [Times: user=0.01 sys=0.00, real=0.00 secs] 
287.159: [GC (Allocation Failure) [PSYoungGen: 73152K->1488K(79872K)] 361258K->289594K(748032K), 0.0017659 secs] [Times: user=0.01 sys=0.00, real=0.01 secs] 
288.216: [GC (Allocation Failure) [PSYoungGen: 79824K->1440K(79360K)] 367930K->289554K(747520K), 0.0030112 secs] [Times: user=0.01 sys=0.00, real=0.00 secs] 
288.855: [GC (Allocation Failure) [PSYoungGen: 79264K->1408K(78848K)] 367378K->289522K(747008K), 0.0038369 secs] [Times: user=0.02 sys=0.00, real=0.00 secs] 
289.672: [GC (Allocation Failure) [PSYoungGen: 78720K->1440K(78336K)] 366834K->289554K(746496K), 0.0023287 secs] [Times: user=0.01 sys=0.00, real=0.00 secs] 
290.145: [GC (Allocation Failure) [PSYoungGen: 78240K->1437K(77824K)] 366354K->289551K(745984K), 0.0021474 secs] [Times: user=0.01 sys=0.00, real=0.00 secs] 
290.292: [GC (Allocation Failure) [PSYoungGen: 77725K->1456K(77312K)] 365839K->289578K(745472K), 0.0016493 secs] [Times: user=0.00 sys=0.00, real=0.00 secs] 
290.424: [GC (Allocation Failure) [PSYoungGen: 77232K->1488K(76800K)] 365354K->289610K(744960K), 0.0015050 secs] [Times: user=0.01 sys=0.00, real=0.00 secs] 
290.555: [GC (Allocation Failure) [PSYoungGen: 76752K->1533K(83968K)] 364874K->289655K(752128K), 0.0015920 secs] [Times: user=0.01 sys=0.00, real=0.00 secs] 
291.501: [GC (Allocation Failure) [PSYoungGen: 83965K->1440K(83456K)] 372087K->289578K(751616K), 0.0022529 secs] [Times: user=0.01 sys=0.00, real=0.00 secs] 
292.067: [GC (Allocation Failure) [PSYoungGen: 83360K->1408K(82944K)] 371498K->289546K(751104K), 0.0040558 secs] [Times: user=0.02 sys=0.00, real=0.01 secs] 
292.924: [GC (Allocation Failure) [PSYoungGen: 82816K->1376K(82432K)] 370954K->289514K(750592K), 0.0027110 secs] [Times: user=0.01 sys=0.00, real=0.00 secs] 
293.744: [GC (Allocation Failure) [PSYoungGen: 82272K->1472K(81920K)] 370410K->289610K(750080K), 0.0024455 secs] [Times: user=0.01 sys=0.00, real=0.00 secs] 
293.919: [GC (Allocation Failure) [PSYoungGen: 81856K->1501K(81408K)] 369994K->289639K(749568K), 0.0015714 secs] [Times: user=0.01 sys=0.00, real=0.00 secs] 
294.082: [GC (Allocation Failure) [PSYoungGen: 81373K->1488K(80896K)] 369511K->289626K(749056K), 0.0018843 secs] [Times: user=0.01 sys=0.00, real=0.00 secs] 
294.674: [GC (Allocation Failure) [PSYoungGen: 80848K->1472K(80384K)] 368986K->289618K(748544K), 0.0035311 secs] [Times: user=0.01 sys=0.00, real=0.00 secs] 
295.428: [GC (Allocation Failure) [PSYoungGen: 80320K->1408K(79872K)] 368466K->289554K(748032K), 0.0023505 secs] [Times: user=0.01 sys=0.00, real=0.01 secs] 
296.299: [GC (Allocation Failure) [PSYoungGen: 79744K->1344K(79360K)] 367890K->289490K(747520K), 0.0020968 secs] [Times: user=0.01 sys=0.00, real=0.00 secs] 
297.544: [GC (Allocation Failure) [PSYoungGen: 79168K->1376K(78848K)] 367314K->289546K(747008K), 0.0026214 secs] [Times: user=0.01 sys=0.00, real=0.00 secs] 
298.226: [GC (Allocation Failure) [PSYoungGen: 78688K->1472K(78336K)] 366858K->289642K(746496K), 0.0018974 secs] [Times: user=0.01 sys=0.00, real=0.00 secs] 
298.411: [GC (Allocation Failure) [PSYoungGen: 78272K->1488K(77824K)] 366442K->289658K(745984K), 0.0020190 secs] [Times: user=0.01 sys=0.00, real=0.00 secs] 
298.576: [GC (Allocation Failure) [PSYoungGen: 77776K->1456K(77312K)] 365946K->289626K(745472K), 0.0017529 secs] [Times: user=0.01 sys=0.00, real=0.00 secs] 
299.258: [GC (Allocation Failure) [PSYoungGen: 77232K->1440K(76800K)] 365402K->289618K(744960K), 0.0039893 secs] [Times: user=0.02 sys=0.00, real=0.01 secs] 
299.895: [GC (Allocation Failure) [PSYoungGen: 76704K->1344K(76288K)] 364882K->289522K(744448K), 0.0026741 secs] [Times: user=0.01 sys=0.00, real=0.00 secs] 
300.835: [GC (Allocation Failure) [PSYoungGen: 76096K->1376K(75776K)] 364274K->289554K(743936K), 0.0022706 secs] [Times: user=0.01 sys=0.00, real=0.00 secs] 
302.263: [GC (Allocation Failure) [PSYoungGen: 75616K->1376K(75264K)] 363794K->289554K(743424K), 0.0027189 secs] [Times: user=0.01 sys=0.00, real=0.00 secs] 
302.896: [GC (Allocation Failure) [PSYoungGen: 75104K->1456K(74752K)] 363282K->289634K(742912K), 0.0019797 secs] [Times: user=0.01 sys=0.00, real=0.00 secs] 
303.073: [GC (Allocation Failure) [PSYoungGen: 74655K->1472K(74240K)] 362834K->289650K(742400K), 0.0019383 secs] [Times: user=0.01 sys=0.00, real=0.00 secs] 
303.240: [GC (Allocation Failure) [PSYoungGen: 74176K->1456K(73728K)] 362354K->289634K(741888K), 0.0016791 secs] [Times: user=0.00 sys=0.00, real=0.00 secs] 
303.365: [GC (Allocation Failure) [PSYoungGen: 73648K->1488K(73216K)] 361826K->289666K(741376K), 0.0015114 secs] [Times: user=0.01 sys=0.00, real=0.00 secs] 
303.969: [GC (Allocation Failure) [PSYoungGen: 73168K->1408K(72704K)] 361346K->289610K(740864K), 0.0020893 secs] [Times: user=0.01 sys=0.00, real=0.00 secs] 
304.262: [GC (Allocation Failure) [PSYoungGen: 72576K->1408K(72192K)] 360778K->289610K(740352K), 0.0019878 secs] [Times: user=0.00 sys=0.00, real=0.00 secs] 
304.868: [GC (Allocation Failure) [PSYoungGen: 72064K->1408K(71680K)] 360266K->289610K(739840K), 0.0020138 secs] [Times: user=0.01 sys=0.00, real=0.01 secs] 
305.768: [GC (Allocation Failure) [PSYoungGen: 71390K->320K(70144K)] 359592K->288522K(738304K), 0.0028212 secs] [Times: user=0.01 sys=0.00, real=0.01 secs] 
305.960: [GC (Allocation Failure) [PSYoungGen: 69952K->1533K(71168K)] 358154K->289743K(739328K), 0.0016870 secs] [Times: user=0.01 sys=0.00, real=0.00 secs] 
306.083: [GC (Allocation Failure) [PSYoungGen: 70653K->1501K(70144K)] 358863K->289711K(738304K), 0.0015565 secs] [Times: user=0.01 sys=0.00, real=0.00 secs] 
306.202: [GC (Allocation Failure) [PSYoungGen: 70095K->1488K(76800K)] 358306K->289698K(744960K), 0.0015959 secs] [Times: user=0.01 sys=0.00, real=0.00 secs] 
306.526: [GC (Allocation Failure) [PSYoungGen: 76752K->1472K(76288K)] 364962K->289722K(744448K), 0.0020838 secs] [Times: user=0.01 sys=0.01, real=0.00 secs] 
307.030: [GC (Allocation Failure) [PSYoungGen: 76224K->1376K(75776K)] 364474K->289626K(743936K), 0.0020388 secs] [Times: user=0.01 sys=0.00, real=0.00 secs] 
307.768: [GC (Allocation Failure) [PSYoungGen: 75616K->1440K(75264K)] 363866K->289690K(743424K), 0.0019718 secs] [Times: user=0.01 sys=0.00, real=0.01 secs] 
308.562: [GC (Allocation Failure) [PSYoungGen: 75168K->1376K(74752K)] 363418K->289626K(742912K), 0.0025082 secs] [Times: user=0.01 sys=0.00, real=0.00 secs] 
309.222: [GC (Allocation Failure) [PSYoungGen: 74592K->1501K(74240K)] 362842K->289751K(742400K), 0.0020895 secs] [Times: user=0.01 sys=0.00, real=0.00 secs] 
309.370: [GC (Allocation Failure) [PSYoungGen: 74205K->1520K(73728K)] 362455K->289770K(741888K), 0.0017933 secs] [Times: user=0.01 sys=0.00, real=0.00 secs] 
309.496: [GC (Allocation Failure) [PSYoungGen: 73712K->1440K(73216K)] 361962K->289690K(741376K), 0.0016018 secs] [Times: user=0.01 sys=0.00, real=0.00 secs] 
309.640: [GC (Allocation Failure) [PSYoungGen: 73120K->1472K(80384K)] 361370K->289722K(748544K), 0.0018893 secs] [Times: user=0.00 sys=0.00, real=0.00 secs] 
310.078: [GC (Allocation Failure) [PSYoungGen: 80320K->1408K(79872K)] 368570K->289658K(748032K), 0.0018280 secs] [Times: user=0.01 sys=0.00, real=0.01 secs] 
310.768: [GC (Allocation Failure) [PSYoungGen: 79744K->1376K(79360K)] 367994K->289626K(747520K), 0.0075218 secs] [Times: user=0.03 sys=0.00, real=0.01 secs] 
311.911: [GC (Allocation Failure) [PSYoungGen: 79200K->1392K(78848K)] 367450K->289642K(747008K), 0.0026080 secs] [Times: user=0.01 sys=0.00, real=0.00 secs] 
312.792: [GC (Allocation Failure) [PSYoungGen: 78704K->1437K(78336K)] 366954K->289687K(746496K), 0.0020396 secs] [Times: user=0.01 sys=0.00, real=0.00 secs] 
312.957: [GC (Allocation Failure) [PSYoungGen: 78237K->1453K(77824K)] 366487K->289703K(745984K), 0.0016211 secs] [Times: user=0.01 sys=0.01, real=0.01 secs] 
313.114: [GC (Allocation Failure) [PSYoungGen: 77741K->1517K(77312K)] 365991K->289767K(745472K), 0.0020906 secs] [Times: user=0.01 sys=0.00, real=0.00 secs] 
313.277: [GC (Allocation Failure) [PSYoungGen: 77293K->1456K(76800K)] 365543K->289706K(744960K), 0.0014494 secs] [Times: user=0.01 sys=0.00, real=0.00 secs] 
315.005: [GC (Allocation Failure) [PSYoungGen: 76720K->1440K(76288K)] 364970K->289698K(744448K), 0.0029750 secs] [Times: user=0.01 sys=0.00, real=0.00 secs] 
316.267: [GC (Allocation Failure) [PSYoungGen: 76192K->1376K(75776K)] 364450K->289634K(743936K), 0.0024937 secs] [Times: user=0.01 sys=0.00, real=0.01 secs] 
317.776: [GC (Allocation Failure) [PSYoungGen: 75616K->1344K(75264K)] 363874K->289610K(743424K), 0.0042537 secs] [Times: user=0.01 sys=0.00, real=0.01 secs] 
318.538: [GC (Allocation Failure) [PSYoungGen: 75072K->1437K(74752K)] 363338K->289703K(742912K), 0.0020704 secs] [Times: user=0.01 sys=0.00, real=0.01 secs] 
318.688: [GC (Allocation Failure) [PSYoungGen: 74653K->1456K(74240K)] 362919K->289730K(742400K), 0.0015483 secs] [Times: user=0.01 sys=0.00, real=0.01 secs] 
318.816: [GC (Allocation Failure) [PSYoungGen: 74160K->1533K(73728K)] 362434K->289807K(741888K), 0.0014785 secs] [Times: user=0.01 sys=0.00, real=0.00 secs] 
318.962: [GC (Allocation Failure) [PSYoungGen: 73725K->1488K(73216K)] 361999K->289762K(741376K), 0.0018488 secs] [Times: user=0.00 sys=0.00, real=0.00 secs] 
320.213: [GC (Allocation Failure) [PSYoungGen: 73168K->1440K(72704K)] 361442K->289714K(740864K), 0.0027273 secs] [Times: user=0.01 sys=0.00, real=0.00 secs] 
320.857: [GC (Allocation Failure) [PSYoungGen: 72608K->1376K(72192K)] 360882K->289650K(740352K), 0.0026097 secs] [Times: user=0.00 sys=0.00, real=0.01 secs] 
321.536: [GC (Allocation Failure) [PSYoungGen: 72032K->1376K(71680K)] 360306K->289650K(739840K), 0.0020185 secs] [Times: user=0.01 sys=0.00, real=0.00 secs] 
322.193: [GC (Allocation Failure) [PSYoungGen: 71520K->1440K(71168K)] 359794K->289714K(739328K), 0.0032099 secs] [Times: user=0.01 sys=0.00, real=0.00 secs] 
322.615: [GC (Allocation Failure) [PSYoungGen: 71072K->1488K(70656K)] 359346K->289762K(738816K), 0.0014650 secs] [Times: user=0.01 sys=0.00, real=0.00 secs] 
322.738: [GC (Allocation Failure) [PSYoungGen: 70608K->1469K(70144K)] 358882K->289743K(738304K), 0.0016349 secs] [Times: user=0.01 sys=0.00, real=0.01 secs] 
322.859: [GC (Allocation Failure) [PSYoungGen: 70074K->1469K(69632K)] 358349K->289743K(737792K), 0.0014502 secs] [Times: user=0.00 sys=0.00, real=0.00 secs] 
322.981: [GC (Allocation Failure) [PSYoungGen: 69565K->1533K(76288K)] 357839K->289807K(744448K), 0.0015421 secs] [Times: user=0.00 sys=0.00, real=0.00 secs] 
323.829: [GC (Allocation Failure) [PSYoungGen: 76285K->1440K(75776K)] 364559K->289714K(743936K), 0.0022067 secs] [Times: user=0.01 sys=0.00, real=0.00 secs] 
324.491: [GC (Allocation Failure) [PSYoungGen: 75680K->1408K(75264K)] 363954K->289682K(743424K), 0.0025421 secs] [Times: user=0.01 sys=0.00, real=0.00 secs] 
325.101: [GC (Allocation Failure) [PSYoungGen: 75136K->1344K(74752K)] 363410K->289618K(742912K), 0.0023584 secs] [Times: user=0.01 sys=0.00, real=0.00 secs] 
325.514: [GC (Allocation Failure) [PSYoungGen: 74560K->1469K(74240K)] 362834K->289743K(742400K), 0.0026068 secs] [Times: user=0.01 sys=0.00, real=0.00 secs] 
325.673: [GC (Allocation Failure) [PSYoungGen: 74173K->1488K(73728K)] 362447K->289786K(741888K), 0.0014540 secs] [Times: user=0.01 sys=0.00, real=0.00 secs] 
325.800: [GC (Allocation Failure) [PSYoungGen: 73680K->1488K(73216K)] 361978K->289786K(741376K), 0.0015825 secs] [Times: user=0.01 sys=0.00, real=0.00 secs] 
325.924: [GC (Allocation Failure) [PSYoungGen: 73168K->1501K(80384K)] 361466K->289799K(748544K), 0.0016443 secs] [Times: user=0.00 sys=0.00, real=0.00 secs] 
326.391: [GC (Allocation Failure) [PSYoungGen: 80349K->1456K(79872K)] 368647K->289754K(748032K), 0.0021285 secs] [Times: user=0.00 sys=0.01, real=0.00 secs] 
326.750: [GC (Allocation Failure) [PSYoungGen: 79792K->1376K(79360K)] 368090K->289674K(747520K), 0.0019789 secs] [Times: user=0.01 sys=0.00, real=0.00 secs] 
327.173: [GC (Allocation Failure) [PSYoungGen: 79200K->1408K(78848K)] 367498K->289706K(747008K), 0.0020120 secs] [Times: user=0.01 sys=0.00, real=0.00 secs] 
327.566: [GC (Allocation Failure) [PSYoungGen: 78492K->256K(77312K)] 366790K->288554K(745472K), 0.0021290 secs] [Times: user=0.00 sys=0.01, real=0.00 secs] 
327.732: [GC (Allocation Failure) [PSYoungGen: 77056K->1488K(78336K)] 365354K->289786K(746496K), 0.0014734 secs] [Times: user=0.01 sys=0.00, real=0.00 secs] 
327.868: [GC (Allocation Failure) [PSYoungGen: 77776K->1485K(77312K)] 366074K->289783K(745472K), 0.0016131 secs] [Times: user=0.00 sys=0.00, real=0.01 secs] 
328.002: [GC (Allocation Failure) [PSYoungGen: 77261K->1533K(76800K)] 365559K->289831K(744960K), 0.0015488 secs] [Times: user=0.00 sys=0.00, real=0.00 secs] 
329.147: [GC (Allocation Failure) [PSYoungGen: 76797K->1456K(76288K)] 365095K->289754K(744448K), 0.0034131 secs] [Times: user=0.01 sys=0.00, real=0.01 secs] 
330.503: [GC (Allocation Failure) [PSYoungGen: 76208K->1344K(75776K)] 364506K->289650K(743936K), 0.0048883 secs] [Times: user=0.02 sys=0.00, real=0.00 secs] 
331.440: [GC (Allocation Failure) [PSYoungGen: 75584K->1408K(75264K)] 363890K->289714K(743424K), 0.0024367 secs] [Times: user=0.01 sys=0.00, real=0.00 secs] 
332.097: [GC (Allocation Failure) [PSYoungGen: 75136K->1440K(74752K)] 363442K->289746K(742912K), 0.0019763 secs] [Times: user=0.01 sys=0.00, real=0.01 secs] 
332.367: [GC (Allocation Failure) [PSYoungGen: 74656K->1501K(74240K)] 362962K->289807K(742400K), 0.0014516 secs] [Times: user=0.01 sys=0.00, real=0.01 secs] 
332.495: [GC (Allocation Failure) [PSYoungGen: 74205K->1501K(73728K)] 362511K->289807K(741888K), 0.0015708 secs] [Times: user=0.01 sys=0.00, real=0.00 secs] 
332.621: [GC (Allocation Failure) [PSYoungGen: 73693K->1469K(73216K)] 361999K->289775K(741376K), 0.0014891 secs] [Times: user=0.00 sys=0.00, real=0.00 secs] 
333.976: [GC (Allocation Failure) [PSYoungGen: 73149K->1472K(72704K)] 361455K->289786K(740864K), 0.0045964 secs] [Times: user=0.02 sys=0.00, real=0.01 secs] 
335.187: [GC (Allocation Failure) [PSYoungGen: 72640K->1408K(72192K)] 360954K->289722K(740352K), 0.0039084 secs] [Times: user=0.01 sys=0.01, real=0.01 secs] 
336.190: [GC (Allocation Failure) [PSYoungGen: 72064K->1408K(71680K)] 360378K->289722K(739840K), 0.0033366 secs] [Times: user=0.02 sys=0.00, real=0.00 secs] 
336.949: [GC (Allocation Failure) [PSYoungGen: 71552K->1376K(71168K)] 359866K->289690K(739328K), 0.0025462 secs] [Times: user=0.01 sys=0.00, real=0.01 secs] 
337.674: [GC (Allocation Failure) [PSYoungGen: 71008K->1453K(70656K)] 359322K->289767K(738816K), 0.0021800 secs] [Times: user=0.01 sys=0.00, real=0.00 secs] 
337.835: [GC (Allocation Failure) [PSYoungGen: 70573K->1469K(70144K)] 358887K->289783K(738304K), 0.0014656 secs] [Times: user=0.00 sys=0.00, real=0.00 secs] 
337.956: [GC (Allocation Failure) [PSYoungGen: 70077K->1520K(69632K)] 358391K->289834K(737792K), 0.0015010 secs] [Times: user=0.01 sys=0.00, real=0.00 secs] 
338.094: [GC (Allocation Failure) [PSYoungGen: 69616K->1456K(69120K)] 357930K->289770K(737280K), 0.0017736 secs] [Times: user=0.01 sys=0.00, real=0.00 secs] 
338.659: [GC (Allocation Failure) [PSYoungGen: 69040K->1440K(68608K)] 357354K->289762K(736768K), 0.0029476 secs] [Times: user=0.01 sys=0.00, real=0.00 secs] 
339.330: [GC (Allocation Failure) [PSYoungGen: 68512K->1408K(68096K)] 356834K->289730K(736256K), 0.0021451 secs] [Times: user=0.01 sys=0.00, real=0.00 secs] 
340.082: [GC (Allocation Failure) [PSYoungGen: 67968K->1408K(68096K)] 356290K->289730K(736256K), 0.0024868 secs] [Times: user=0.01 sys=0.00, real=0.00 secs] 
340.786: [GC (Allocation Failure) [PSYoungGen: 67968K->1440K(68096K)] 356290K->289762K(736256K), 0.0080210 secs] [Times: user=0.03 sys=0.00, real=0.01 secs] 
341.439: [GC (Allocation Failure) [PSYoungGen: 68000K->1488K(68096K)] 356322K->289810K(736256K), 0.0023562 secs] [Times: user=0.01 sys=0.00, real=0.00 secs] 
341.585: [GC (Allocation Failure) [PSYoungGen: 68048K->1456K(68096K)] 356370K->289778K(736256K), 0.0017602 secs] [Times: user=0.00 sys=0.01, real=0.00 secs] 
341.701: [GC (Allocation Failure) [PSYoungGen: 68016K->1533K(74752K)] 356338K->289855K(742912K), 0.0017244 secs] [Times: user=0.01 sys=0.00, real=0.00 secs] 
341.830: [GC (Allocation Failure) [PSYoungGen: 74749K->1504K(82432K)] 363071K->289842K(750592K), 0.0014785 secs] [Times: user=0.01 sys=0.00, real=0.00 secs] 
342.474: [GC (Allocation Failure) [PSYoungGen: 82400K->1456K(81920K)] 370738K->289794K(750080K), 0.0019768 secs] [Times: user=0.01 sys=0.00, real=0.00 secs] 
342.858: [GC (Allocation Failure) [PSYoungGen: 81840K->1376K(81408K)] 370178K->289714K(749568K), 0.0025703 secs] [Times: user=0.01 sys=0.00, real=0.01 secs] 
343.391: [GC (Allocation Failure) [PSYoungGen: 81248K->1408K(80896K)] 369586K->289746K(749056K), 0.0033670 secs] [Times: user=0.01 sys=0.00, real=0.00 secs] 
344.077: [GC (Allocation Failure) [PSYoungGen: 80768K->1485K(80384K)] 369106K->289831K(748544K), 0.0023737 secs] [Times: user=0.01 sys=0.00, real=0.01 secs] 
344.252: [GC (Allocation Failure) [PSYoungGen: 80333K->1456K(79872K)] 368679K->289802K(748032K), 0.0015491 secs] [Times: user=0.01 sys=0.00, real=0.00 secs] 
344.389: [GC (Allocation Failure) [PSYoungGen: 79792K->1488K(79360K)] 368138K->289834K(747520K), 0.0014696 secs] [Times: user=0.01 sys=0.00, real=0.00 secs] 
344.525: [GC (Allocation Failure) [PSYoungGen: 79312K->1456K(78848K)] 367658K->289802K(747008K), 0.0015191 secs] [Times: user=0.01 sys=0.00, real=0.00 secs] 
345.357: [GC (Allocation Failure) [PSYoungGen: 78768K->1440K(78336K)] 367114K->289818K(746496K), 0.0024471 secs] [Times: user=0.01 sys=0.00, real=0.01 secs] 
345.742: [GC (Allocation Failure) [PSYoungGen: 78240K->1408K(77824K)] 366618K->289786K(745984K), 0.0021177 secs] [Times: user=0.00 sys=0.00, real=0.00 secs] 
346.235: [GC (Allocation Failure) [PSYoungGen: 77696K->1440K(77312K)] 366074K->289818K(745472K), 0.0020936 secs] [Times: user=0.00 sys=0.00, real=0.00 secs] 
347.001: [GC (Allocation Failure) [PSYoungGen: 77216K->1469K(76800K)] 365594K->289847K(744960K), 0.0021666 secs] [Times: user=0.01 sys=0.00, real=0.00 secs] 
347.141: [GC (Allocation Failure) [PSYoungGen: 76733K->1501K(76288K)] 365111K->289879K(744448K), 0.0014359 secs] [Times: user=0.00 sys=0.00, real=0.00 secs] 
347.273: [GC (Allocation Failure) [PSYoungGen: 76253K->1488K(75776K)] 364631K->289866K(743936K), 0.0015714 secs] [Times: user=0.00 sys=0.00, real=0.00 secs] 
347.425: [GC (Allocation Failure) [PSYoungGen: 75728K->1488K(75264K)] 364106K->289866K(743424K), 0.0017507 secs] [Times: user=0.01 sys=0.00, real=0.00 secs] 
349.082: [GC (Allocation Failure) [PSYoungGen: 75216K->1424K(74752K)] 363594K->289802K(742912K), 0.0041861 secs] [Times: user=0.01 sys=0.00, real=0.00 secs] 
350.014: [GC (Allocation Failure) [PSYoungGen: 74640K->1376K(74240K)] 363018K->289762K(742400K), 0.0027526 secs] [Times: user=0.00 sys=0.00, real=0.00 secs] 
350.814: [GC (Allocation Failure) [PSYoungGen: 74080K->1408K(73728K)] 362466K->289794K(741888K), 0.0028406 secs] [Times: user=0.01 sys=0.00, real=0.00 secs] 
351.718: [GC (Allocation Failure) [PSYoungGen: 73600K->1440K(73216K)] 361986K->289826K(741376K), 0.0029682 secs] [Times: user=0.02 sys=0.00, real=0.01 secs] 
352.189: [GC (Allocation Failure) [PSYoungGen: 73120K->1472K(72704K)] 361506K->289874K(740864K), 0.0020976 secs] [Times: user=0.00 sys=0.00, real=0.01 secs] 
352.358: [GC (Allocation Failure) [PSYoungGen: 72640K->1520K(72192K)] 361042K->289954K(740352K), 0.0018937 secs] [Times: user=0.01 sys=0.00, real=0.01 secs] 
352.512: [GC (Allocation Failure) [PSYoungGen: 72176K->1456K(71680K)] 360610K->289890K(739840K), 0.0018289 secs] [Times: user=0.00 sys=0.00, real=0.00 secs] 
352.932: [GC (Allocation Failure) [PSYoungGen: 71600K->928K(70656K)] 360034K->290394K(738816K), 0.0021494 secs] [Times: user=0.01 sys=0.00, real=0.00 secs] 
354.285: [GC (Allocation Failure) [PSYoungGen: 70560K->352K(69632K)] 360026K->289818K(737792K), 0.0027240 secs] [Times: user=0.01 sys=0.00, real=0.00 secs] 
354.862: [GC (Allocation Failure) [PSYoungGen: 69472K->352K(69120K)] 358938K->289818K(737280K), 0.0022103 secs] [Times: user=0.01 sys=0.00, real=0.00 secs] 
355.442: [GC (Allocation Failure) [PSYoungGen: 68960K->352K(70144K)] 358426K->289818K(738304K), 0.0021613 secs] [Times: user=0.01 sys=0.00, real=0.00 secs] 
356.269: [GC (Allocation Failure) [PSYoungGen: 68448K->1453K(69120K)] 357914K->290919K(737280K), 0.0031102 secs] [Times: user=0.02 sys=0.00, real=0.00 secs] 
356.470: [GC (Allocation Failure) [PSYoungGen: 69037K->1456K(68608K)] 358503K->290922K(736768K), 0.0017699 secs] [Times: user=0.01 sys=0.00, real=0.00 secs] 
356.588: [GC (Allocation Failure) [PSYoungGen: 68528K->1488K(68096K)] 357994K->290954K(736256K), 0.0014399 secs] [Times: user=0.01 sys=0.00, real=0.01 secs] 
356.705: [GC (Allocation Failure) [PSYoungGen: 68048K->1456K(68096K)] 357514K->290922K(736256K), 0.0014849 secs] [Times: user=0.00 sys=0.00, real=0.00 secs] 
356.942: [GC (Allocation Failure) [PSYoungGen: 68016K->1472K(68096K)] 357482K->290962K(736256K), 0.0020050 secs] [Times: user=0.01 sys=0.00, real=0.00 secs] 
357.267: [GC (Allocation Failure) [PSYoungGen: 68032K->1424K(68096K)] 357522K->290914K(736256K), 0.0019289 secs] [Times: user=0.01 sys=0.00, real=0.01 secs] 
358.000: [GC (Allocation Failure) [PSYoungGen: 67984K->1408K(68096K)] 357474K->290898K(736256K), 0.0018791 secs] [Times: user=0.01 sys=0.00, real=0.00 secs] 
358.653: [GC (Allocation Failure) [PSYoungGen: 67968K->1344K(68096K)] 357458K->290834K(736256K), 0.0025414 secs] [Times: user=0.01 sys=0.00, real=0.00 secs] 
359.358: [GC (Allocation Failure) [PSYoungGen: 67904K->1408K(68096K)] 357394K->290906K(736256K), 0.0022732 secs] [Times: user=0.01 sys=0.00, real=0.01 secs] 
359.559: [GC (Allocation Failure) [PSYoungGen: 67968K->1456K(68096K)] 357466K->290954K(736256K), 0.0014857 secs] [Times: user=0.01 sys=0.00, real=0.00 secs] 
359.676: [GC (Allocation Failure) [PSYoungGen: 68016K->1456K(68096K)] 357514K->290954K(736256K), 0.0014553 secs] [Times: user=0.01 sys=0.00, real=0.00 secs] 
359.792: [GC (Allocation Failure) [PSYoungGen: 68016K->1504K(68096K)] 357514K->291018K(736256K), 0.0016006 secs] [Times: user=0.00 sys=0.00, real=0.00 secs] 
359.960: [GC (Allocation Failure) [PSYoungGen: 68064K->1504K(74752K)] 357578K->291432K(742912K), 0.0017298 secs] [Times: user=0.00 sys=0.00, real=0.00 secs] 
360.568: [GC (Allocation Failure) [PSYoungGen: 74720K->1280K(74240K)] 364648K->291208K(742400K), 0.0029580 secs] [Times: user=0.01 sys=0.00, real=0.01 secs] 
361.350: [GC (Allocation Failure) [PSYoungGen: 73984K->1280K(73728K)] 363912K->291208K(741888K), 0.0019151 secs] [Times: user=0.00 sys=0.01, real=0.00 secs] 
362.083: [GC (Allocation Failure) [PSYoungGen: 73472K->1328K(73216K)] 363400K->291256K(741376K), 0.0027725 secs] [Times: user=0.01 sys=0.00, real=0.00 secs] 
363.148: [GC (Allocation Failure) [PSYoungGen: 73008K->1405K(72704K)] 362936K->291333K(740864K), 0.0027583 secs] [Times: user=0.01 sys=0.00, real=0.01 secs] 
363.345: [GC (Allocation Failure) [PSYoungGen: 72573K->1437K(72192K)] 362501K->291366K(740352K), 0.0017744 secs] [Times: user=0.01 sys=0.00, real=0.00 secs] 
363.470: [GC (Allocation Failure) [PSYoungGen: 72093K->1437K(71680K)] 362022K->291365K(739840K), 0.0016474 secs] [Times: user=0.01 sys=0.00, real=0.00 secs] 
363.592: [GC (Allocation Failure) [PSYoungGen: 71581K->1421K(71168K)] 361509K->291358K(739328K), 0.0016676 secs] [Times: user=0.00 sys=0.00, real=0.00 secs] 
364.520: [GC (Allocation Failure) [PSYoungGen: 71053K->1504K(70656K)] 360990K->291472K(738816K), 0.0018839 secs] [Times: user=0.01 sys=0.00, real=0.00 secs] 
365.069: [GC (Allocation Failure) [PSYoungGen: 70624K->1501K(70144K)] 360592K->291493K(738304K), 0.0022698 secs] [Times: user=0.01 sys=0.00, real=0.00 secs] 
365.789: [GC (Allocation Failure) [PSYoungGen: 70109K->1469K(69632K)] 360101K->291461K(737792K), 0.0021305 secs] [Times: user=0.01 sys=0.00, real=0.01 secs] 
366.576: [GC (Allocation Failure) [PSYoungGen: 69565K->1469K(69120K)] 359557K->291461K(737280K), 0.0030132 secs] [Times: user=0.01 sys=0.00, real=0.00 secs] 
367.215: [GC (Allocation Failure) [PSYoungGen: 69053K->1514K(68608K)] 359045K->291595K(736768K), 0.0019378 secs] [Times: user=0.01 sys=0.00, real=0.00 secs] 
367.356: [GC (Allocation Failure) [PSYoungGen: 68586K->1658K(68608K)] 358667K->291739K(736768K), 0.0016104 secs] [Times: user=0.01 sys=0.00, real=0.00 secs] 
367.472: [GC (Allocation Failure) [PSYoungGen: 68218K->573K(67584K)] 358299K->291678K(735744K), 0.0016097 secs] [Times: user=0.01 sys=0.00, real=0.00 secs] 
367.588: [GC (Allocation Failure) [PSYoungGen: 67109K->525K(74240K)] 358214K->291734K(742400K), 0.0014742 secs] [Times: user=0.00 sys=0.00, real=0.01 secs] 
368.423: [GC (Allocation Failure) [PSYoungGen: 73741K->1520K(74240K)] 364950K->292728K(742400K), 0.0027112 secs] [Times: user=0.01 sys=0.00, real=0.00 secs] 
369.684: [GC (Allocation Failure) [PSYoungGen: 74224K->1472K(73728K)] 365432K->292680K(741888K), 0.0034933 secs] [Times: user=0.02 sys=0.00, real=0.00 secs] 
370.708: [GC (Allocation Failure) [PSYoungGen: 73664K->1472K(73216K)] 364872K->292680K(741376K), 0.0029200 secs] [Times: user=0.02 sys=0.00, real=0.01 secs] 
371.922: [GC (Allocation Failure) [PSYoungGen: 73152K->1520K(72704K)] 364360K->292774K(740864K), 0.0042337 secs] [Times: user=0.01 sys=0.00, real=0.00 secs] 
372.614: [GC (Allocation Failure) [PSYoungGen: 72688K->1533K(72192K)] 363942K->292811K(740352K), 0.0019085 secs] [Times: user=0.00 sys=0.00, real=0.00 secs] 
372.802: [GC (Allocation Failure) [PSYoungGen: 72189K->1581K(72192K)] 363467K->292859K(740352K), 0.0021733 secs] [Times: user=0.01 sys=0.00, real=0.00 secs] 
372.988: [GC (Allocation Failure) [PSYoungGen: 71725K->541K(70656K)] 363003K->292843K(738816K), 0.0020329 secs] [Times: user=0.01 sys=0.00, real=0.01 secs] 
373.471: [GC (Allocation Failure) [PSYoungGen: 70173K->1712K(71168K)] 362475K->294102K(739328K), 0.0020445 secs] [Times: user=0.00 sys=0.00, real=0.00 secs] 
374.316: [GC (Allocation Failure) [PSYoungGen: 70832K->1376K(70144K)] 363222K->293766K(738304K), 0.0025812 secs] [Times: user=0.01 sys=0.00, real=0.00 secs] 
375.506: [GC (Allocation Failure) [PSYoungGen: 69984K->1440K(69632K)] 362374K->293830K(737792K), 0.0042676 secs] [Times: user=0.02 sys=0.00, real=0.01 secs] 
376.667: [GC (Allocation Failure) [PSYoungGen: 69536K->1376K(69120K)] 361926K->293766K(737280K), 0.0033398 secs] [Times: user=0.01 sys=0.00, real=0.01 secs] 
377.701: [GC (Allocation Failure) [PSYoungGen: 68960K->1344K(68608K)] 361350K->293742K(736768K), 0.0031553 secs] [Times: user=0.01 sys=0.00, real=0.00 secs] 
378.138: [GC (Allocation Failure) [PSYoungGen: 68416K->1469K(68096K)] 360814K->293867K(736256K), 0.0021711 secs] [Times: user=0.00 sys=0.01, real=0.01 secs] 
378.270: [GC (Allocation Failure) [PSYoungGen: 68029K->1469K(68096K)] 360427K->293867K(736256K), 0.0015547 secs] [Times: user=0.00 sys=0.00, real=0.00 secs] 
378.402: [GC (Allocation Failure) [PSYoungGen: 68029K->1469K(68096K)] 360427K->293867K(736256K), 0.0020122 secs] [Times: user=0.00 sys=0.00, real=0.00 secs] 
378.597: [GC (Allocation Failure) [PSYoungGen: 68029K->1760K(68608K)] 360427K->294174K(736768K), 0.0020298 secs] [Times: user=0.01 sys=0.00, real=0.00 secs] 
378.950: [GC (Allocation Failure) [PSYoungGen: 68320K->384K(67072K)] 360734K->293830K(735232K), 0.0023665 secs] [Times: user=0.01 sys=0.00, real=0.00 secs] 
379.224: [GC (Allocation Failure) [PSYoungGen: 66944K->352K(69120K)] 360390K->293798K(737280K), 0.0018447 secs] [Times: user=0.00 sys=0.00, real=0.00 secs] 
379.501: [GC (Allocation Failure) [PSYoungGen: 66912K->352K(67072K)] 360358K->293798K(735232K), 0.0020324 secs] [Times: user=0.01 sys=0.00, real=0.00 secs] 
379.777: [GC (Allocation Failure) [PSYoungGen: 66912K->352K(69120K)] 360358K->293806K(737280K), 0.0019360 secs] [Times: user=0.01 sys=0.00, real=0.01 secs] 
380.056: [GC (Allocation Failure) [PSYoungGen: 66912K->1501K(68096K)] 360366K->294955K(736256K), 0.0015915 secs] [Times: user=0.00 sys=0.00, real=0.00 secs] 
380.172: [GC (Allocation Failure) [PSYoungGen: 68061K->1533K(68096K)] 361515K->294987K(736256K), 0.0017588 secs] [Times: user=0.01 sys=0.00, real=0.00 secs] 
380.308: [GC (Allocation Failure) [PSYoungGen: 68093K->1533K(74752K)] 361547K->295011K(742912K), 0.0021003 secs] [Times: user=0.01 sys=0.00, real=0.01 secs] 
380.623: [GC (Allocation Failure) [PSYoungGen: 74749K->1696K(82432K)] 368227K->295174K(750592K), 0.0020243 secs] [Times: user=0.00 sys=0.00, real=0.00 secs] 
381.576: [GC (Allocation Failure) [PSYoungGen: 82080K->1408K(81408K)] 375558K->294886K(749568K), 0.0041151 secs] [Times: user=0.02 sys=0.00, real=0.01 secs] 
382.356: [GC (Allocation Failure) [PSYoungGen: 81280K->1344K(80896K)] 374758K->294822K(749056K), 0.0022549 secs] [Times: user=0.01 sys=0.00, real=0.00 secs] 
383.339: [GC (Allocation Failure) [PSYoungGen: 80704K->1408K(80384K)] 374182K->294886K(748544K), 0.0022762 secs] [Times: user=0.01 sys=0.00, real=0.00 secs] 
383.925: [GC (Allocation Failure) [PSYoungGen: 80256K->1456K(79872K)] 373734K->294934K(748032K), 0.0024620 secs] [Times: user=0.01 sys=0.00, real=0.00 secs] 
384.105: [GC (Allocation Failure) [PSYoungGen: 79792K->1424K(79360K)] 373270K->294902K(747520K), 0.0016956 secs] [Times: user=0.01 sys=0.00, real=0.00 secs] 
384.242: [GC (Allocation Failure) [PSYoungGen: 79248K->1456K(78848K)] 372726K->294934K(747008K), 0.0016443 secs] [Times: user=0.00 sys=0.00, real=0.00 secs] 
384.586: [GC (Allocation Failure) [PSYoungGen: 78768K->1440K(78336K)] 372246K->294918K(746496K), 0.0027318 secs] [Times: user=0.01 sys=0.00, real=0.01 secs] 
385.479: [GC (Allocation Failure) [PSYoungGen: 78240K->1408K(77824K)] 371718K->294910K(745984K), 0.0018277 secs] [Times: user=0.01 sys=0.01, real=0.00 secs] 
386.413: [GC (Allocation Failure) [PSYoungGen: 77696K->1360K(77312K)] 371198K->294862K(745472K), 0.0023010 secs] [Times: user=0.01 sys=0.00, real=0.00 secs] 
387.369: [GC (Allocation Failure) [PSYoungGen: 77136K->1376K(76800K)] 370638K->294878K(744960K), 0.0027597 secs] [Times: user=0.01 sys=0.00, real=0.00 secs] 
387.939: [GC (Allocation Failure) [PSYoungGen: 76640K->1392K(76288K)] 370142K->294894K(744448K), 0.0017203 secs] [Times: user=0.00 sys=0.00, real=0.00 secs] 
388.086: [GC (Allocation Failure) [PSYoungGen: 76144K->1485K(75776K)] 369646K->294987K(743936K), 0.0015952 secs] [Times: user=0.01 sys=0.00, real=0.00 secs] 
388.217: [GC (Allocation Failure) [PSYoungGen: 75725K->1488K(75264K)] 369227K->294990K(743424K), 0.0015150 secs] [Times: user=0.01 sys=0.00, real=0.00 secs] 
388.467: [GC (Allocation Failure) [PSYoungGen: 75216K->1952K(75264K)] 368718K->295462K(743424K), 0.0021300 secs] [Times: user=0.01 sys=0.00, real=0.01 secs] 
389.082: [GC (Allocation Failure) [PSYoungGen: 75168K->384K(73216K)] 368678K->294926K(741376K), 0.0022802 secs] [Times: user=0.01 sys=0.00, real=0.00 secs] 
389.374: [GC (Allocation Failure) [PSYoungGen: 73088K->288K(74752K)] 367630K->294830K(742912K), 0.0018899 secs] [Times: user=0.00 sys=0.00, real=0.00 secs] 
389.674: [GC (Allocation Failure) [PSYoungGen: 72480K->352K(72192K)] 367022K->294894K(740352K), 0.0028740 secs] [Times: user=0.01 sys=0.00, real=0.00 secs] 
389.998: [GC (Allocation Failure) [PSYoungGen: 72032K->1469K(73728K)] 366574K->296019K(741888K), 0.0018625 secs] [Times: user=0.01 sys=0.00, real=0.01 secs] 
390.132: [GC (Allocation Failure) [PSYoungGen: 72636K->1488K(72192K)] 367186K->296038K(740352K), 0.0015938 secs] [Times: user=0.01 sys=0.00, real=0.00 secs] 
390.258: [GC (Allocation Failure) [PSYoungGen: 72144K->1504K(71680K)] 366694K->296054K(739840K), 0.0015366 secs] [Times: user=0.01 sys=0.00, real=0.01 secs] 
390.380: [GC (Allocation Failure) [PSYoungGen: 71648K->1488K(78848K)] 366198K->296038K(747008K), 0.0014952 secs] [Times: user=0.00 sys=0.00, real=0.00 secs] 
391.380: [GC (Allocation Failure) [PSYoungGen: 78800K->1424K(78336K)] 373350K->295974K(746496K), 0.0034348 secs] [Times: user=0.01 sys=0.00, real=0.00 secs] 
392.760: [GC (Allocation Failure) [PSYoungGen: 78224K->1376K(77824K)] 372774K->295926K(745984K), 0.0033472 secs] [Times: user=0.01 sys=0.00, real=0.00 secs] 
393.674: [GC (Allocation Failure) [PSYoungGen: 77664K->1408K(77312K)] 372214K->295958K(745472K), 0.0027950 secs] [Times: user=0.01 sys=0.00, real=0.00 secs] 
394.932: [GC (Allocation Failure) [PSYoungGen: 77184K->1408K(76800K)] 371734K->295958K(744960K), 0.0033533 secs] [Times: user=0.02 sys=0.00, real=0.00 secs] 
395.263: [GC (Allocation Failure) [PSYoungGen: 76672K->1456K(76288K)] 371222K->296014K(744448K), 0.0020166 secs] [Times: user=0.00 sys=0.00, real=0.00 secs] 
395.396: [GC (Allocation Failure) [PSYoungGen: 76208K->1485K(75776K)] 370766K->296043K(743936K), 0.0018219 secs] [Times: user=0.00 sys=0.00, real=0.00 secs] 
395.527: [GC (Allocation Failure) [PSYoungGen: 75725K->1472K(75264K)] 370283K->296030K(743424K), 0.0018556 secs] [Times: user=0.01 sys=0.00, real=0.01 secs] 
396.184: [GC (Allocation Failure) [PSYoungGen: 75200K->1424K(74752K)] 369758K->295990K(742912K), 0.0032662 secs] [Times: user=0.01 sys=0.01, real=0.00 secs] 
397.217: [GC (Allocation Failure) [PSYoungGen: 74640K->1376K(74240K)] 369206K->295958K(742400K), 0.0029815 secs] [Times: user=0.01 sys=0.00, real=0.01 secs] 
398.085: [GC (Allocation Failure) [PSYoungGen: 74080K->1344K(73728K)] 368662K->295926K(741888K), 0.0020510 secs] [Times: user=0.01 sys=0.00, real=0.00 secs] 
399.402: [GC (Allocation Failure) [PSYoungGen: 73536K->1376K(73216K)] 368118K->295958K(741376K), 0.0023191 secs] [Times: user=0.01 sys=0.00, real=0.00 secs] 
401.048: [GC (Allocation Failure) [PSYoungGen: 73056K->1453K(72704K)] 367638K->296043K(740864K), 0.0020584 secs] [Times: user=0.00 sys=0.00, real=0.01 secs] 
401.206: [GC (Allocation Failure) [PSYoungGen: 72621K->1488K(72192K)] 367211K->296078K(740352K), 0.0015903 secs] [Times: user=0.00 sys=0.00, real=0.00 secs] 
401.330: [GC (Allocation Failure) [PSYoungGen: 72144K->1488K(71680K)] 366734K->296078K(739840K), 0.0015114 secs] [Times: user=0.00 sys=0.00, real=0.00 secs] 
401.452: [GC (Allocation Failure) [PSYoungGen: 71632K->1472K(71168K)] 366222K->296062K(739328K), 0.0015796 secs] [Times: user=0.00 sys=0.00, real=0.00 secs] 
402.340: [GC (Allocation Failure) [PSYoungGen: 71104K->1440K(70656K)] 365694K->296038K(738816K), 0.0018737 secs] [Times: user=0.01 sys=0.00, real=0.00 secs] 
402.859: [GC (Allocation Failure) [PSYoungGen: 70560K->1408K(70144K)] 365158K->296006K(738304K), 0.0021453 secs] [Times: user=0.01 sys=0.00, real=0.00 secs] 
403.335: [GC (Allocation Failure) [PSYoungGen: 70016K->1376K(69632K)] 364614K->295974K(737792K), 0.0020310 secs] [Times: user=0.01 sys=0.00, real=0.00 secs] 
404.067: [GC (Allocation Failure) [PSYoungGen: 69472K->1376K(69120K)] 364070K->295974K(737280K), 0.0022598 secs] [Times: user=0.01 sys=0.00, real=0.01 secs] 
404.435: [GC (Allocation Failure) [PSYoungGen: 68960K->1501K(68608K)] 363558K->296115K(736768K), 0.0014495 secs] [Times: user=0.01 sys=0.00, real=0.00 secs] 
404.552: [GC (Allocation Failure) [PSYoungGen: 68573K->1456K(68096K)] 363187K->296070K(736256K), 0.0018331 secs] [Times: user=0.00 sys=0.00, real=0.00 secs] 
404.669: [GC (Allocation Failure) [PSYoungGen: 68016K->1440K(68096K)] 362630K->296054K(736256K), 0.0014995 secs] [Times: user=0.01 sys=0.00, real=0.00 secs] 
404.785: [GC (Allocation Failure) [PSYoungGen: 68000K->1501K(74752K)] 362614K->296139K(742912K), 0.0015355 secs] [Times: user=0.00 sys=0.00, real=0.00 secs] 
406.062: [GC (Allocation Failure) [PSYoungGen: 74717K->1440K(74240K)] 369355K->296078K(742400K), 0.0031859 secs] [Times: user=0.02 sys=0.00, real=0.00 secs] 
406.811: [GC (Allocation Failure) [PSYoungGen: 74144K->1312K(73728K)] 368782K->295950K(741888K), 0.0032472 secs] [Times: user=0.02 sys=0.00, real=0.00 secs] 
407.784: [GC (Allocation Failure) [PSYoungGen: 73504K->1376K(73216K)] 368142K->296030K(741376K), 0.0022592 secs] [Times: user=0.01 sys=0.00, real=0.00 secs] 
408.583: [GC (Allocation Failure) [PSYoungGen: 73056K->1469K(72704K)] 367710K->296123K(740864K), 0.0022296 secs] [Times: user=0.01 sys=0.00, real=0.00 secs] 
408.752: [GC (Allocation Failure) [PSYoungGen: 72637K->1472K(72192K)] 367291K->296126K(740352K), 0.0014970 secs] [Times: user=0.00 sys=0.00, real=0.00 secs] 
408.893: [GC (Allocation Failure) [PSYoungGen: 72128K->1456K(71680K)] 366782K->296110K(739840K), 0.0019062 secs] [Times: user=0.01 sys=0.00, real=0.00 secs] 
409.054: [GC (Allocation Failure) [PSYoungGen: 71600K->1501K(71168K)] 366254K->296155K(739328K), 0.0015553 secs] [Times: user=0.01 sys=0.00, real=0.00 secs] 
409.326: [GC (Allocation Failure) [PSYoungGen: 71133K->1472K(70656K)] 365787K->296142K(738816K), 0.0022792 secs] [Times: user=0.01 sys=0.00, real=0.00 secs] 
409.639: [GC (Allocation Failure) [PSYoungGen: 70592K->1376K(70144K)] 365262K->296046K(738304K), 0.0019491 secs] [Times: user=0.00 sys=0.00, real=0.01 secs] 
409.925: [GC (Allocation Failure) [PSYoungGen: 69984K->1408K(69632K)] 364654K->296078K(737792K), 0.0025037 secs] [Times: user=0.01 sys=0.00, real=0.00 secs] 
410.210: [GC (Allocation Failure) [PSYoungGen: 69504K->1376K(69120K)] 364174K->296046K(737280K), 0.0017338 secs] [Times: user=0.01 sys=0.00, real=0.00 secs] 
410.720: [GC (Allocation Failure) [PSYoungGen: 68960K->1469K(68608K)] 363630K->296139K(736768K), 0.0019063 secs] [Times: user=0.00 sys=0.00, real=0.00 secs] 
410.871: [GC (Allocation Failure) [PSYoungGen: 68541K->1488K(68096K)] 363211K->296158K(736256K), 0.0018724 secs] [Times: user=0.00 sys=0.00, real=0.00 secs] 
411.026: [GC (Allocation Failure) [PSYoungGen: 68021K->1472K(68096K)] 362691K->296142K(736256K), 0.0015977 secs] [Times: user=0.01 sys=0.00, real=0.00 secs] 
411.142: [GC (Allocation Failure) [PSYoungGen: 68032K->1488K(74752K)] 362702K->296158K(742912K), 0.0015240 secs] [Times: user=0.01 sys=0.00, real=0.00 secs] 
411.480: [GC (Allocation Failure) [PSYoungGen: 74704K->1440K(81920K)] 369374K->296110K(750080K), 0.0028830 secs] [Times: user=0.01 sys=0.00, real=0.00 secs] 
411.815: [GC (Allocation Failure) [PSYoungGen: 81824K->1376K(81408K)] 376494K->296046K(749568K), 0.0020093 secs] [Times: user=0.00 sys=0.00, real=0.00 secs] 
412.214: [GC (Allocation Failure) [PSYoungGen: 81248K->1344K(80896K)] 375918K->296014K(749056K), 0.0030419 secs] [Times: user=0.02 sys=0.00, real=0.00 secs] 
412.730: [GC (Allocation Failure) [PSYoungGen: 80704K->1376K(80384K)] 375374K->296046K(748544K), 0.0021879 secs] [Times: user=0.01 sys=0.00, real=0.00 secs] 
413.019: [GC (Allocation Failure) [PSYoungGen: 80224K->1456K(79872K)] 374894K->296158K(748032K), 0.0015583 secs] [Times: user=0.00 sys=0.00, real=0.00 secs] 
413.156: [GC (Allocation Failure) [PSYoungGen: 79792K->1485K(79360K)] 374494K->296187K(747520K), 0.0017712 secs] [Times: user=0.01 sys=0.00, real=0.00 secs] 
413.293: [GC (Allocation Failure) [PSYoungGen: 79309K->1424K(78848K)] 374011K->296126K(747008K), 0.0016354 secs] [Times: user=0.01 sys=0.00, real=0.00 secs] 
414.383: [GC (Allocation Failure) [PSYoungGen: 78736K->1424K(78336K)] 373438K->296142K(746496K), 0.0031341 secs] [Times: user=0.01 sys=0.00, real=0.00 secs] 
415.600: [GC (Allocation Failure) [PSYoungGen: 78224K->1408K(77824K)] 372942K->296126K(745984K), 0.0040728 secs] [Times: user=0.02 sys=0.00, real=0.00 secs] 
416.888: [GC (Allocation Failure) [PSYoungGen: 77696K->1392K(77312K)] 372414K->296110K(745472K), 0.0040130 secs] [Times: user=0.02 sys=0.00, real=0.01 secs] 
417.920: [GC (Allocation Failure) [PSYoungGen: 77168K->1360K(76800K)] 371886K->296078K(744960K), 0.0028332 secs] [Times: user=0.01 sys=0.00, real=0.00 secs] 
418.137: [GC (Allocation Failure) [PSYoungGen: 76624K->1453K(76288K)] 371342K->296171K(744448K), 0.0015089 secs] [Times: user=0.00 sys=0.00, real=0.00 secs] 
418.268: [GC (Allocation Failure) [PSYoungGen: 76205K->1485K(75776K)] 370923K->296203K(743936K), 0.0016262 secs] [Times: user=0.00 sys=0.00, real=0.01 secs] 
418.400: [GC (Allocation Failure) [PSYoungGen: 75725K->1501K(75264K)] 370443K->296219K(743424K), 0.0014725 secs] [Times: user=0.01 sys=0.00, real=0.00 secs] 
418.931: [GC (Allocation Failure) [PSYoungGen: 75229K->1408K(74752K)] 369947K->296134K(742912K), 0.0023665 secs] [Times: user=0.00 sys=0.00, real=0.00 secs] 
419.667: [GC (Allocation Failure) [PSYoungGen: 74624K->1424K(74240K)] 369350K->296150K(742400K), 0.0022324 secs] [Times: user=0.01 sys=0.00, real=0.01 secs] 
420.356: [GC (Allocation Failure) [PSYoungGen: 74128K->1376K(73728K)] 368854K->296102K(741888K), 0.0019904 secs] [Times: user=0.01 sys=0.00, real=0.00 secs] 
420.656: [GC (Allocation Failure) [PSYoungGen: 73568K->1376K(73216K)] 368294K->296102K(741376K), 0.0019905 secs] [Times: user=0.01 sys=0.01, real=0.00 secs] 
420.872: [GC (Allocation Failure) [PSYoungGen: 73056K->1533K(72704K)] 367782K->296259K(740864K), 0.0015959 secs] [Times: user=0.00 sys=0.00, real=0.00 secs] 
420.998: [GC (Allocation Failure) [PSYoungGen: 72701K->1456K(72192K)] 367427K->296182K(740352K), 0.0014152 secs] [Times: user=0.01 sys=0.00, real=0.01 secs] 
421.122: [GC (Allocation Failure) [PSYoungGen: 72112K->1440K(71680K)] 366838K->296166K(739840K), 0.0014972 secs] [Times: user=0.01 sys=0.00, real=0.00 secs] 
421.245: [GC (Allocation Failure) [PSYoungGen: 71584K->192K(77824K)] 366310K->294918K(745984K), 0.0016207 secs] [Times: user=0.01 sys=0.00, real=0.00 secs] 
421.598: [GC (Allocation Failure) [PSYoungGen: 77504K->1408K(78848K)] 372230K->296134K(747008K), 0.0018119 secs] [Times: user=0.01 sys=0.00, real=0.01 secs] 
421.917: [GC (Allocation Failure) [PSYoungGen: 78208K->1344K(77824K)] 372934K->296070K(745984K), 0.0019700 secs] [Times: user=0.01 sys=0.00, real=0.01 secs] 
422.234: [GC (Allocation Failure) [PSYoungGen: 77632K->1344K(77312K)] 372358K->296070K(745472K), 0.0018898 secs] [Times: user=0.00 sys=0.00, real=0.00 secs] 
423.717: [GC (Allocation Failure) [PSYoungGen: 77120K->1421K(76800K)] 371846K->296147K(744960K), 0.0024046 secs] [Times: user=0.01 sys=0.00, real=0.01 secs] 
423.904: [GC (Allocation Failure) [PSYoungGen: 76685K->1488K(76288K)] 371411K->296214K(744448K), 0.0015744 secs] [Times: user=0.01 sys=0.00, real=0.00 secs] 
424.037: [GC (Allocation Failure) [PSYoungGen: 76240K->1533K(75776K)] 370966K->296259K(743936K), 0.0014939 secs] [Times: user=0.00 sys=0.00, real=0.00 secs] 
424.170: [GC (Allocation Failure) [PSYoungGen: 75773K->1504K(75264K)] 370499K->296230K(743424K), 0.0015421 secs] [Times: user=0.00 sys=0.00, real=0.00 secs] 
424.474: [GC (Allocation Failure) [PSYoungGen: 75232K->1440K(74752K)] 369958K->296206K(742912K), 0.0019239 secs] [Times: user=0.01 sys=0.00, real=0.00 secs] 
424.778: [GC (Allocation Failure) [PSYoungGen: 74656K->1376K(74240K)] 369422K->296142K(742400K), 0.0019596 secs] [Times: user=0.00 sys=0.00, real=0.01 secs] 
425.080: [GC (Allocation Failure) [PSYoungGen: 74080K->1376K(73728K)] 368846K->296142K(741888K), 0.0018319 secs] [Times: user=0.00 sys=0.00, real=0.00 secs] 
425.436: [GC (Allocation Failure) [PSYoungGen: 73568K->1437K(73216K)] 368334K->296203K(741376K), 0.0019476 secs] [Times: user=0.01 sys=0.00, real=0.00 secs] 
425.576: [GC (Allocation Failure) [PSYoungGen: 73117K->1488K(72704K)] 367883K->296254K(740864K), 0.0014353 secs] [Times: user=0.00 sys=0.00, real=0.00 secs] 
425.721: [GC (Allocation Failure) [PSYoungGen: 72656K->1488K(72192K)] 367422K->296254K(740352K), 0.0019269 secs] [Times: user=0.01 sys=0.00, real=0.00 secs] 
425.881: [GC (Allocation Failure) [PSYoungGen: 72144K->1456K(79360K)] 366910K->296222K(747520K), 0.0021776 secs] [Times: user=0.01 sys=0.00, real=0.00 secs] 
426.723: [GC (Allocation Failure) [PSYoungGen: 79280K->1472K(78848K)] 374046K->296238K(747008K), 0.0037881 secs] [Times: user=0.01 sys=0.00, real=0.00 secs] 
427.812: [GC (Allocation Failure) [PSYoungGen: 78784K->1376K(78336K)] 373550K->296142K(746496K), 0.0038930 secs] [Times: user=0.01 sys=0.00, real=0.00 secs] 
428.919: [GC (Allocation Failure) [PSYoungGen: 78176K->1408K(77824K)] 372942K->296174K(745984K), 0.0040337 secs] [Times: user=0.02 sys=0.00, real=0.00 secs] 
429.493: [GC (Allocation Failure) [PSYoungGen: 77696K->1440K(77312K)] 372462K->296206K(745472K), 0.0021259 secs] [Times: user=0.01 sys=0.00, real=0.00 secs] 
429.734: [GC (Allocation Failure) [PSYoungGen: 77216K->1517K(76800K)] 371982K->296283K(744960K), 0.0016752 secs] [Times: user=0.01 sys=0.00, real=0.00 secs] 
429.865: [GC (Allocation Failure) [PSYoungGen: 76781K->1485K(76288K)] 371547K->296251K(744448K), 0.0014809 secs] [Times: user=0.01 sys=0.00, real=0.00 secs] 
429.996: [GC (Allocation Failure) [PSYoungGen: 76237K->1424K(75776K)] 371003K->296190K(743936K), 0.0015442 secs] [Times: user=0.01 sys=0.00, real=0.00 secs] 
430.979: [GC (Allocation Failure) [PSYoungGen: 75664K->1424K(75264K)] 370430K->296190K(743424K), 0.0038519 secs] [Times: user=0.01 sys=0.00, real=0.00 secs] 
431.728: [GC (Allocation Failure) [PSYoungGen: 75152K->1408K(74752K)] 369918K->296174K(742912K), 0.0026839 secs] [Times: user=0.01 sys=0.00, real=0.01 secs] 
432.350: [GC (Allocation Failure) [PSYoungGen: 74624K->1408K(74240K)] 369390K->296174K(742400K), 0.0026194 secs] [Times: user=0.01 sys=0.00, real=0.00 secs] 
432.907: [GC (Allocation Failure) [PSYoungGen: 74112K->1344K(73728K)] 368878K->296110K(741888K), 0.0037489 secs] [Times: user=0.02 sys=0.00, real=0.01 secs] 
433.276: [GC (Allocation Failure) [PSYoungGen: 73536K->1533K(73216K)] 368302K->296299K(741376K), 0.0018534 secs] [Times: user=0.00 sys=0.00, real=0.00 secs] 
433.405: [GC (Allocation Failure) [PSYoungGen: 73213K->1501K(72704K)] 367979K->296267K(740864K), 0.0015760 secs] [Times: user=0.00 sys=0.00, real=0.00 secs] 
433.530: [GC (Allocation Failure) [PSYoungGen: 72669K->1501K(72192K)] 367435K->296267K(740352K), 0.0015230 secs] [Times: user=0.01 sys=0.00, real=0.00 secs] 
433.655: [GC (Allocation Failure) [PSYoungGen: 72157K->1456K(79360K)] 366923K->296222K(747520K), 0.0015432 secs] [Times: user=0.00 sys=0.00, real=0.00 secs] 
434.283: [GC (Allocation Failure) [PSYoungGen: 79280K->1440K(78848K)] 374046K->296230K(747008K), 0.0016614 secs] [Times: user=0.01 sys=0.00, real=0.00 secs] 
434.701: [GC (Allocation Failure) [PSYoungGen: 78752K->1392K(78336K)] 373542K->296182K(746496K), 0.0015705 secs] [Times: user=0.00 sys=0.01, real=0.00 secs] 
435.023: [GC (Allocation Failure) [PSYoungGen: 78192K->1360K(77824K)] 372982K->296174K(745984K), 0.0025932 secs] [Times: user=0.01 sys=0.00, real=0.00 secs] 
435.500: [GC (Allocation Failure) [PSYoungGen: 77648K->1421K(77312K)] 372462K->296235K(745472K), 0.0024259 secs] [Times: user=0.01 sys=0.00, real=0.00 secs] 
435.679: [GC (Allocation Failure) [PSYoungGen: 77197K->1504K(76800K)] 372011K->296318K(744960K), 0.0013995 secs] [Times: user=0.00 sys=0.00, real=0.01 secs] 
435.811: [GC (Allocation Failure) [PSYoungGen: 76768K->1533K(76288K)] 371582K->296347K(744448K), 0.0015655 secs] [Times: user=0.01 sys=0.00, real=0.00 secs] 
435.944: [GC (Allocation Failure) [PSYoungGen: 76285K->1488K(75776K)] 371099K->296302K(743936K), 0.0014364 secs] [Times: user=0.00 sys=0.00, real=0.00 secs] 
437.352: [GC (Allocation Failure) [PSYoungGen: 75728K->1408K(75264K)] 370542K->296230K(743424K), 0.0040383 secs] [Times: user=0.01 sys=0.00, real=0.00 secs] 
438.300: [GC (Allocation Failure) [PSYoungGen: 75136K->1360K(74752K)] 369958K->296182K(742912K), 0.0031163 secs] [Times: user=0.01 sys=0.00, real=0.00 secs] 
439.187: [GC (Allocation Failure) [PSYoungGen: 74576K->1376K(74240K)] 369398K->296206K(742400K), 0.0046810 secs] [Times: user=0.02 sys=0.00, real=0.01 secs] 
440.068: [GC (Allocation Failure) [PSYoungGen: 74080K->288K(72704K)] 368910K->295118K(740864K), 0.0032060 secs] [Times: user=0.02 sys=0.00, real=0.01 secs] 
440.277: [GC (Allocation Failure) [PSYoungGen: 72480K->1488K(73728K)] 367310K->296318K(741888K), 0.0014464 secs] [Times: user=0.00 sys=0.00, real=0.00 secs] 
440.404: [GC (Allocation Failure) [PSYoungGen: 73168K->1504K(72704K)] 367998K->296334K(740864K), 0.0014950 secs] [Times: user=0.01 sys=0.00, real=0.00 secs] 
440.529: [GC (Allocation Failure) [PSYoungGen: 72672K->1424K(72192K)] 367502K->296254K(740352K), 0.0015876 secs] [Times: user=0.01 sys=0.00, real=0.00 secs] 
441.173: [GC (Allocation Failure) [PSYoungGen: 72080K->1472K(71680K)] 366910K->296310K(739840K), 0.0020786 secs] [Times: user=0.01 sys=0.00, real=0.00 secs] 
441.869: [GC (Allocation Failure) [PSYoungGen: 71616K->1376K(71168K)] 366454K->296214K(739328K), 0.0025409 secs] [Times: user=0.01 sys=0.00, real=0.00 secs] 
442.687: [GC (Allocation Failure) [PSYoungGen: 71008K->1424K(70656K)] 365846K->296262K(738816K), 0.0022430 secs] [Times: user=0.01 sys=0.00, real=0.01 secs] 
443.637: [GC (Allocation Failure) [PSYoungGen: 70544K->1376K(70144K)] 365382K->296214K(738304K), 0.0037333 secs] [Times: user=0.01 sys=0.00, real=0.01 secs] 
444.141: [GC (Allocation Failure) [PSYoungGen: 69984K->1437K(69632K)] 364822K->296275K(737792K), 0.0021276 secs] [Times: user=0.01 sys=0.00, real=0.00 secs] 
444.297: [GC (Allocation Failure) [PSYoungGen: 69533K->1501K(69120K)] 364371K->296339K(737280K), 0.0014291 secs] [Times: user=0.00 sys=0.00, real=0.00 secs] 
444.416: [GC (Allocation Failure) [PSYoungGen: 69085K->1501K(68608K)] 363923K->296339K(736768K), 0.0014585 secs] [Times: user=0.00 sys=0.00, real=0.00 secs] 
444.533: [GC (Allocation Failure) [PSYoungGen: 68573K->1501K(68096K)] 363411K->296339K(736256K), 0.0015959 secs] [Times: user=0.01 sys=0.00, real=0.00 secs] 
444.825: [GC (Allocation Failure) [PSYoungGen: 68061K->1440K(68096K)] 362899K->296286K(736256K), 0.0017890 secs] [Times: user=0.01 sys=0.00, real=0.00 secs] 
445.344: [GC (Allocation Failure) [PSYoungGen: 68000K->1408K(68096K)] 362846K->296254K(736256K), 0.0021082 secs] [Times: user=0.01 sys=0.00, real=0.00 secs] 
445.966: [GC (Allocation Failure) [PSYoungGen: 67968K->1440K(68096K)] 362814K->296318K(736256K), 0.0018502 secs] [Times: user=0.00 sys=0.00, real=0.00 secs] 
446.649: [GC (Allocation Failure) [PSYoungGen: 68000K->1376K(68608K)] 362878K->296254K(736768K), 0.0020348 secs] [Times: user=0.01 sys=0.00, real=0.01 secs] 
447.269: [GC (Allocation Failure) [PSYoungGen: 67936K->1421K(68608K)] 362814K->296299K(736768K), 0.0023471 secs] [Times: user=0.01 sys=0.00, real=0.00 secs] 
447.427: [GC (Allocation Failure) [PSYoungGen: 67981K->1469K(68608K)] 362859K->296347K(736768K), 0.0014484 secs] [Times: user=0.01 sys=0.00, real=0.00 secs] 
447.543: [GC (Allocation Failure) [PSYoungGen: 68029K->1456K(68608K)] 362907K->296334K(736768K), 0.0014029 secs] [Times: user=0.00 sys=0.00, real=0.00 secs] 
447.660: [GC (Allocation Failure) [PSYoungGen: 68016K->1472K(68608K)] 362894K->296366K(736768K), 0.0015377 secs] [Times: user=0.01 sys=0.00, real=0.00 secs] 
448.132: [GC (Allocation Failure) [PSYoungGen: 68032K->1472K(68608K)] 362926K->296366K(736768K), 0.0019229 secs] [Times: user=0.01 sys=0.00, real=0.00 secs] 
448.444: [GC (Allocation Failure) [PSYoungGen: 68032K->1376K(68608K)] 362926K->296270K(736768K), 0.0019347 secs] [Times: user=0.01 sys=0.00, real=0.00 secs] 
448.734: [GC (Allocation Failure) [PSYoungGen: 67936K->1376K(68608K)] 362830K->296270K(736768K), 0.0020751 secs] [Times: user=0.01 sys=0.00, real=0.00 secs] 
449.038: [GC (Allocation Failure) [PSYoungGen: 67936K->1376K(68608K)] 362830K->296270K(736768K), 0.0020107 secs] [Times: user=0.01 sys=0.00, real=0.01 secs] 
449.345: [GC (Allocation Failure) [PSYoungGen: 67936K->1469K(68608K)] 362830K->296363K(736768K), 0.0018249 secs] [Times: user=0.01 sys=0.00, real=0.00 secs] 
449.469: [GC (Allocation Failure) [PSYoungGen: 68029K->1469K(68608K)] 362923K->296363K(736768K), 0.0014528 secs] [Times: user=0.01 sys=0.00, real=0.00 secs] 
449.585: [GC (Allocation Failure) [PSYoungGen: 68029K->1469K(68608K)] 362923K->296363K(736768K), 0.0014414 secs] [Times: user=0.00 sys=0.00, real=0.00 secs] 
449.701: [GC (Allocation Failure) [PSYoungGen: 68029K->1472K(68608K)] 362923K->296398K(736768K), 0.0015834 secs] [Times: user=0.01 sys=0.00, real=0.00 secs] 
450.284: [GC (Allocation Failure) [PSYoungGen: 68032K->1472K(68096K)] 362958K->296398K(736256K), 0.0036085 secs] [Times: user=0.01 sys=0.00, real=0.00 secs] 
450.962: [GC (Allocation Failure) [PSYoungGen: 68032K->1376K(68096K)] 362958K->296302K(736256K), 0.0030358 secs] [Times: user=0.02 sys=0.00, real=0.00 secs] 
452.037: [GC (Allocation Failure) [PSYoungGen: 67936K->1392K(68096K)] 362862K->296318K(736256K), 0.0033557 secs] [Times: user=0.02 sys=0.00, real=0.01 secs] 
452.675: [GC (Allocation Failure) [PSYoungGen: 67952K->1376K(68096K)] 362878K->296302K(736256K), 0.0025561 secs] [Times: user=0.00 sys=0.00, real=0.00 secs] 
453.296: [GC (Allocation Failure) [PSYoungGen: 67936K->1469K(68096K)] 362862K->296395K(736256K), 0.0023161 secs] [Times: user=0.01 sys=0.00, real=0.00 secs] 
453.451: [GC (Allocation Failure) [PSYoungGen: 68029K->1501K(68096K)] 362955K->296427K(736256K), 0.0018606 secs] [Times: user=0.01 sys=0.00, real=0.00 secs] 
453.572: [GC (Allocation Failure) [PSYoungGen: 68061K->1504K(68096K)] 362987K->296430K(736256K), 0.0014286 secs] [Times: user=0.00 sys=0.00, real=0.00 secs] 
453.692: [GC (Allocation Failure) [PSYoungGen: 68064K->1440K(68096K)] 362990K->296374K(736256K), 0.0015120 secs] [Times: user=0.01 sys=0.00, real=0.00 secs] 
453.925: [GC (Allocation Failure) [PSYoungGen: 68000K->1472K(68096K)] 362934K->296406K(736256K), 0.0018614 secs] [Times: user=0.01 sys=0.00, real=0.00 secs] 
454.353: [GC (Allocation Failure) [PSYoungGen: 68032K->1408K(68096K)] 362966K->296366K(736256K), 0.0020300 secs] [Times: user=0.01 sys=0.00, real=0.00 secs] 
454.834: [GC (Allocation Failure) [PSYoungGen: 67968K->1408K(68096K)] 362926K->296366K(736256K), 0.0020277 secs] [Times: user=0.00 sys=0.00, real=0.00 secs] 
455.343: [GC (Allocation Failure) [PSYoungGen: 67968K->1408K(68096K)] 362926K->296366K(736256K), 0.0021458 secs] [Times: user=0.01 sys=0.00, real=0.00 secs] 
455.951: [GC (Allocation Failure) [PSYoungGen: 67968K->1408K(68096K)] 362926K->296366K(736256K), 0.0022040 secs] [Times: user=0.01 sys=0.00, real=0.00 secs] 
456.147: [GC (Allocation Failure) [PSYoungGen: 67968K->1469K(68608K)] 362926K->296427K(736768K), 0.0013976 secs] [Times: user=0.01 sys=0.00, real=0.00 secs] 
456.263: [GC (Allocation Failure) [PSYoungGen: 68029K->1501K(68608K)] 362987K->296459K(736768K), 0.0014241 secs] [Times: user=0.00 sys=0.00, real=0.00 secs] 
456.380: [GC (Allocation Failure) [PSYoungGen: 68061K->1488K(68608K)] 363019K->296470K(736768K), 0.0015555 secs] [Times: user=0.01 sys=0.00, real=0.00 secs] 
456.499: [GC (Allocation Failure) [PSYoungGen: 68048K->1472K(68608K)] 363030K->296454K(736768K), 0.0016161 secs] [Times: user=0.01 sys=0.00, real=0.00 secs] 
457.344: [GC (Allocation Failure) [PSYoungGen: 68032K->1408K(68608K)] 363014K->296390K(736768K), 0.0020356 secs] [Times: user=0.00 sys=0.01, real=0.00 secs] 
458.452: [GC (Allocation Failure) [PSYoungGen: 67968K->1344K(68608K)] 362950K->296326K(736768K), 0.0038202 secs] [Times: user=0.01 sys=0.00, real=0.00 secs] 
459.309: [GC (Allocation Failure) [PSYoungGen: 67904K->1408K(68608K)] 362886K->296390K(736768K), 0.0039021 secs] [Times: user=0.02 sys=0.01, real=0.00 secs] 
460.072: [GC (Allocation Failure) [PSYoungGen: 67968K->1408K(68608K)] 362950K->296390K(736768K), 0.0030545 secs] [Times: user=0.02 sys=0.00, real=0.00 secs] 
460.460: [GC (Allocation Failure) [PSYoungGen: 67968K->1501K(68608K)] 362950K->296483K(736768K), 0.0021118 secs] [Times: user=0.01 sys=0.00, real=0.00 secs] 
460.585: [GC (Allocation Failure) [PSYoungGen: 68061K->1501K(68608K)] 363043K->296483K(736768K), 0.0014253 secs] [Times: user=0.00 sys=0.00, real=0.00 secs] 
460.719: [GC (Allocation Failure) [PSYoungGen: 68061K->1456K(68608K)] 363043K->296462K(736768K), 0.0017913 secs] [Times: user=0.01 sys=0.00, real=0.00 secs] 
460.866: [GC (Allocation Failure) [PSYoungGen: 68016K->1472K(68608K)] 363022K->296478K(736768K), 0.0015072 secs] [Times: user=0.01 sys=0.00, real=0.00 secs] 
461.214: [GC (Allocation Failure) [PSYoungGen: 68032K->1408K(68608K)] 363038K->296422K(736768K), 0.0019064 secs] [Times: user=0.01 sys=0.00, real=0.00 secs] 
461.812: [GC (Allocation Failure) [PSYoungGen: 67968K->1408K(68608K)] 362982K->296422K(736768K), 0.0021088 secs] [Times: user=0.01 sys=0.00, real=0.00 secs] 
462.391: [GC (Allocation Failure) [PSYoungGen: 67968K->1408K(68608K)] 362982K->296422K(736768K), 0.0020664 secs] [Times: user=0.01 sys=0.00, real=0.00 secs] 
463.012: [GC (Allocation Failure) [PSYoungGen: 67968K->1408K(68608K)] 362982K->296422K(736768K), 0.0019999 secs] [Times: user=0.01 sys=0.00, real=0.00 secs] 
463.362: [GC (Allocation Failure) [PSYoungGen: 67968K->1453K(68608K)] 362982K->296467K(736768K), 0.0014487 secs] [Times: user=0.01 sys=0.00, real=0.00 secs] 
463.479: [GC (Allocation Failure) [PSYoungGen: 68013K->1469K(68608K)] 363027K->296483K(736768K), 0.0014671 secs] [Times: user=0.00 sys=0.00, real=0.00 secs] 
463.613: [GC (Allocation Failure) [PSYoungGen: 68029K->1504K(68608K)] 363043K->296534K(736768K), 0.0017814 secs] [Times: user=0.01 sys=0.00, real=0.00 secs] 
463.767: [GC (Allocation Failure) [PSYoungGen: 68064K->1405K(68608K)] 363094K->296435K(736768K), 0.0021035 secs] [Times: user=0.00 sys=0.00, real=0.01 secs] 
464.864: [GC (Allocation Failure) [PSYoungGen: 67965K->1392K(68608K)] 362995K->296422K(736768K), 0.0021162 secs] [Times: user=0.01 sys=0.00, real=0.00 secs] 
465.191: [GC (Allocation Failure) [PSYoungGen: 67952K->1376K(68608K)] 362982K->296430K(736768K), 0.0020005 secs] [Times: user=0.00 sys=0.00, real=0.00 secs] 
465.467: [GC (Allocation Failure) [PSYoungGen: 67936K->1376K(68608K)] 362990K->296430K(736768K), 0.0019572 secs] [Times: user=0.01 sys=0.00, real=0.01 secs] 
465.758: [GC (Allocation Failure) [PSYoungGen: 67936K->1408K(68096K)] 362990K->296462K(736256K), 0.0021261 secs] [Times: user=0.00 sys=0.00, real=0.01 secs] 
466.015: [GC (Allocation Failure) [PSYoungGen: 67952K->1485K(68096K)] 363006K->296539K(736256K), 0.0014281 secs] [Times: user=0.01 sys=0.00, real=0.00 secs] 
466.132: [GC (Allocation Failure) [PSYoungGen: 68045K->1533K(68608K)] 363099K->296587K(736768K), 0.0014586 secs] [Times: user=0.01 sys=0.00, real=0.00 secs] 
466.248: [GC (Allocation Failure) [PSYoungGen: 68093K->1437K(68608K)] 363147K->296491K(736768K), 0.0017003 secs] [Times: user=0.00 sys=0.00, real=0.01 secs] 
466.365: [GC (Allocation Failure) [PSYoungGen: 67997K->1501K(75264K)] 363051K->296579K(743424K), 0.0015582 secs] [Times: user=0.01 sys=0.00, real=0.00 secs] 
466.679: [GC (Allocation Failure) [PSYoungGen: 74717K->1408K(75264K)] 369795K->296486K(743424K), 0.0019451 secs] [Times: user=0.01 sys=0.00, real=0.00 secs] 
467.273: [GC (Allocation Failure) [PSYoungGen: 74624K->1376K(74240K)] 369702K->296454K(742400K), 0.0022206 secs] [Times: user=0.01 sys=0.00, real=0.00 secs] 
468.066: [GC (Allocation Failure) [PSYoungGen: 74080K->1408K(73728K)] 369158K->296486K(741888K), 0.0037710 secs] [Times: user=0.01 sys=0.01, real=0.01 secs] 
469.070: [GC (Allocation Failure) [PSYoungGen: 73600K->1376K(73216K)] 368678K->296454K(741376K), 0.0027479 secs] [Times: user=0.01 sys=0.00, real=0.00 secs] 
469.410: [GC (Allocation Failure) [PSYoungGen: 73056K->1520K(72704K)] 368134K->296598K(740864K), 0.0020242 secs] [Times: user=0.01 sys=0.00, real=0.00 secs] 
469.542: [GC (Allocation Failure) [PSYoungGen: 72688K->1472K(72192K)] 367766K->296550K(740352K), 0.0015125 secs] [Times: user=0.00 sys=0.00, real=0.00 secs] 
469.666: [GC (Allocation Failure) [PSYoungGen: 72128K->1565K(72192K)] 367206K->296643K(740352K), 0.0016668 secs] [Times: user=0.00 sys=0.00, real=0.00 secs] 
470.087: [GC (Allocation Failure) [PSYoungGen: 71709K->448K(70144K)] 366787K->296558K(738304K), 0.0024480 secs] [Times: user=0.01 sys=0.00, real=0.01 secs] 
470.860: [GC (Allocation Failure) [PSYoungGen: 70080K->368K(71168K)] 366190K->296478K(739328K), 0.0031802 secs] [Times: user=0.01 sys=0.00, real=0.00 secs] 
471.421: [GC (Allocation Failure) [PSYoungGen: 69488K->384K(69120K)] 365598K->296494K(737280K), 0.0034258 secs] [Times: user=0.02 sys=0.00, real=0.00 secs] 
472.075: [GC (Allocation Failure) [PSYoungGen: 68992K->352K(70144K)] 365102K->296462K(738304K), 0.0025221 secs] [Times: user=0.01 sys=0.00, real=0.00 secs] 
472.820: [GC (Allocation Failure) [PSYoungGen: 68417K->1421K(69120K)] 364527K->297531K(737280K), 0.0025856 secs] [Times: user=0.01 sys=0.01, real=0.00 secs] 
473.004: [GC (Allocation Failure) [PSYoungGen: 69005K->1504K(68608K)] 365115K->297614K(736768K), 0.0015173 secs] [Times: user=0.00 sys=0.00, real=0.00 secs] 
473.122: [GC (Allocation Failure) [PSYoungGen: 68576K->1440K(68096K)] 364686K->297550K(736256K), 0.0018533 secs] [Times: user=0.00 sys=0.00, real=0.00 secs] 
473.239: [GC (Allocation Failure) [PSYoungGen: 68000K->1488K(68096K)] 364110K->297598K(736256K), 0.0015675 secs] [Times: user=0.00 sys=0.00, real=0.01 secs] 
473.443: [GC (Allocation Failure) [PSYoungGen: 68048K->1440K(68096K)] 364158K->297558K(736256K), 0.0016917 secs] [Times: user=0.01 sys=0.00, real=0.00 secs] 
473.803: [GC (Allocation Failure) [PSYoungGen: 68000K->1376K(68096K)] 364118K->297494K(736256K), 0.0019834 secs] [Times: user=0.01 sys=0.00, real=0.00 secs] 
474.087: [GC (Allocation Failure) [PSYoungGen: 67936K->1376K(68096K)] 364054K->297494K(736256K), 0.0017425 secs] [Times: user=0.01 sys=0.00, real=0.01 secs] 
474.397: [GC (Allocation Failure) [PSYoungGen: 67936K->1408K(68096K)] 364054K->297550K(736256K), 0.0018782 secs] [Times: user=0.01 sys=0.00, real=0.01 secs] 
474.691: [GC (Allocation Failure) [PSYoungGen: 67968K->1440K(68096K)] 364110K->297582K(736256K), 0.0020358 secs] [Times: user=0.01 sys=0.00, real=0.00 secs] 
474.825: [GC (Allocation Failure) [PSYoungGen: 68000K->1456K(68608K)] 364142K->297598K(736768K), 0.0014455 secs] [Times: user=0.01 sys=0.00, real=0.00 secs] 
474.941: [GC (Allocation Failure) [PSYoungGen: 68016K->1501K(68608K)] 364158K->297643K(736768K), 0.0014172 secs] [Times: user=0.01 sys=0.00, real=0.00 secs] 
475.057: [GC (Allocation Failure) [PSYoungGen: 68061K->1456K(68608K)] 364203K->297614K(736768K), 0.0017131 secs] [Times: user=0.00 sys=0.00, real=0.01 secs] 
475.224: [GC (Allocation Failure) [PSYoungGen: 68016K->1504K(75264K)] 364174K->298686K(743424K), 0.0018096 secs] [Times: user=0.01 sys=0.00, real=0.00 secs] 
475.587: [GC (Allocation Failure) [PSYoungGen: 74720K->352K(74752K)] 371902K->297534K(742912K), 0.0016724 secs] [Times: user=0.01 sys=0.00, real=0.00 secs] 
475.888: [GC (Allocation Failure) [PSYoungGen: 73056K->352K(74240K)] 370238K->297534K(742400K), 0.0018213 secs] [Times: user=0.01 sys=0.00, real=0.01 secs] 
476.249: [GC (Allocation Failure) [PSYoungGen: 72544K->352K(72192K)] 369726K->297534K(740352K), 0.0018404 secs] [Times: user=0.01 sys=0.00, real=0.00 secs] 
476.558: [GC (Allocation Failure) [PSYoungGen: 72032K->1469K(73216K)] 369214K->298651K(741376K), 0.0020769 secs] [Times: user=0.01 sys=0.00, real=0.01 secs] 
476.698: [GC (Allocation Failure) [PSYoungGen: 72637K->1456K(72192K)] 369819K->298638K(740352K), 0.0015443 secs] [Times: user=0.00 sys=0.00, real=0.01 secs] 
476.842: [GC (Allocation Failure) [PSYoungGen: 72112K->1456K(72192K)] 369294K->298638K(740352K), 0.0018631 secs] [Times: user=0.01 sys=0.00, real=0.00 secs] 
477.003: [GC (Allocation Failure) [PSYoungGen: 71600K->1488K(72704K)] 368782K->298686K(740864K), 0.0019658 secs] [Times: user=0.00 sys=0.00, real=0.00 secs] 
478.190: [GC (Allocation Failure) [PSYoungGen: 71632K->1472K(71168K)] 368830K->298670K(739328K), 0.0047734 secs] [Times: user=0.02 sys=0.00, real=0.00 secs] 
479.116: [GC (Allocation Failure) [PSYoungGen: 71104K->1360K(70656K)] 368302K->298558K(738816K), 0.0040819 secs] [Times: user=0.02 sys=0.00, real=0.01 secs] 
479.799: [GC (Allocation Failure) [PSYoungGen: 70480K->1440K(70144K)] 367678K->298638K(738304K), 0.0033486 secs] [Times: user=0.01 sys=0.00, real=0.00 secs] 
480.354: [GC (Allocation Failure) [PSYoungGen: 70048K->1408K(69632K)] 367246K->298606K(737792K), 0.0031645 secs] [Times: user=0.02 sys=0.01, real=0.00 secs] 
480.786: [GC (Allocation Failure) [PSYoungGen: 69504K->1501K(69120K)] 366702K->298699K(737280K), 0.0021953 secs] [Times: user=0.01 sys=0.00, real=0.00 secs] 
480.930: [GC (Allocation Failure) [PSYoungGen: 69079K->1488K(68608K)] 366277K->298686K(736768K), 0.0014712 secs] [Times: user=0.00 sys=0.00, real=0.00 secs] 
481.048: [GC (Allocation Failure) [PSYoungGen: 68560K->1533K(68096K)] 365758K->298731K(736256K), 0.0015158 secs] [Times: user=0.00 sys=0.00, real=0.01 secs] 
481.165: [GC (Allocation Failure) [PSYoungGen: 68093K->1424K(68096K)] 365291K->298638K(736256K), 0.0015385 secs] [Times: user=0.00 sys=0.00, real=0.00 secs] 
481.980: [GC (Allocation Failure) [PSYoungGen: 67984K->1472K(68096K)] 365198K->298686K(736256K), 0.0024877 secs] [Times: user=0.01 sys=0.00, real=0.00 secs] 
482.733: [GC (Allocation Failure) [PSYoungGen: 68032K->1376K(68096K)] 365246K->298590K(736256K), 0.0033391 secs] [Times: user=0.02 sys=0.00, real=0.00 secs] 
483.617: [GC (Allocation Failure) [PSYoungGen: 67936K->1376K(68096K)] 365150K->298590K(736256K), 0.0021278 secs] [Times: user=0.00 sys=0.00, real=0.01 secs] 
484.974: [GC (Allocation Failure) [PSYoungGen: 67936K->1408K(68096K)] 365150K->298622K(736256K), 0.0033393 secs] [Times: user=0.01 sys=0.00, real=0.00 secs] 
485.921: [GC (Allocation Failure) [PSYoungGen: 67968K->1440K(68096K)] 365182K->298654K(736256K), 0.0022581 secs] [Times: user=0.01 sys=0.00, real=0.00 secs] 
486.105: [GC (Allocation Failure) [PSYoungGen: 68000K->1488K(68096K)] 365214K->298702K(736256K), 0.0022603 secs] [Times: user=0.01 sys=0.00, real=0.00 secs] 
486.284: [GC (Allocation Failure) [PSYoungGen: 68048K->1520K(68608K)] 365262K->298734K(736768K), 0.0020721 secs] [Times: user=0.01 sys=0.00, real=0.00 secs] 
486.435: [GC (Allocation Failure) [PSYoungGen: 68080K->1488K(68608K)] 365294K->298718K(736768K), 0.0017598 secs] [Times: user=0.01 sys=0.00, real=0.00 secs] 
486.962: [GC (Allocation Failure) [PSYoungGen: 68048K->1392K(68608K)] 365278K->298646K(736768K), 0.0032743 secs] [Times: user=0.02 sys=0.00, real=0.00 secs] 
487.244: [GC (Allocation Failure) [PSYoungGen: 67952K->1376K(68608K)] 365206K->298630K(736768K), 0.0020066 secs] [Times: user=0.01 sys=0.00, real=0.00 secs] 
487.573: [GC (Allocation Failure) [PSYoungGen: 67936K->1344K(68608K)] 365190K->298598K(736768K), 0.0020201 secs] [Times: user=0.01 sys=0.00, real=0.00 secs] 
487.878: [GC (Allocation Failure) [PSYoungGen: 67904K->1440K(68608K)] 365158K->298694K(736768K), 0.0019922 secs] [Times: user=0.01 sys=0.00, real=0.01 secs] 
488.242: [GC (Allocation Failure) [PSYoungGen: 67988K->1440K(68608K)] 365242K->298694K(736768K), 0.0020940 secs] [Times: user=0.00 sys=0.00, real=0.00 secs] 
488.380: [GC (Allocation Failure) [PSYoungGen: 68000K->1469K(68608K)] 365254K->298723K(736768K), 0.0015245 secs] [Times: user=0.00 sys=0.00, real=0.00 secs] 
488.498: [GC (Allocation Failure) [PSYoungGen: 68029K->1501K(68608K)] 365283K->298755K(736768K), 0.0014313 secs] [Times: user=0.00 sys=0.00, real=0.01 secs] 
488.616: [GC (Allocation Failure) [PSYoungGen: 68061K->1488K(68608K)] 365315K->298758K(736768K), 0.0015746 secs] [Times: user=0.01 sys=0.00, real=0.00 secs] 
488.906: [GC (Allocation Failure) [PSYoungGen: 68048K->1472K(68096K)] 365318K->298742K(736256K), 0.0018132 secs] [Times: user=0.01 sys=0.01, real=0.00 secs] 
489.459: [GC (Allocation Failure) [PSYoungGen: 68032K->1376K(68096K)] 365302K->298646K(736256K), 0.0021164 secs] [Times: user=0.00 sys=0.00, real=0.00 secs] 
489.990: [GC (Allocation Failure) [PSYoungGen: 67936K->1408K(68096K)] 365206K->298686K(736256K), 0.0019569 secs] [Times: user=0.01 sys=0.00, real=0.00 secs] 
490.503: [GC (Allocation Failure) [PSYoungGen: 67968K->1408K(68096K)] 365246K->298686K(736256K), 0.0022246 secs] [Times: user=0.01 sys=0.00, real=0.00 secs] 
490.797: [GC (Allocation Failure) [PSYoungGen: 67968K->1469K(68096K)] 365246K->298747K(736256K), 0.0022741 secs] [Times: user=0.00 sys=0.00, real=0.01 secs] 
490.943: [GC (Allocation Failure) [PSYoungGen: 68024K->1533K(68096K)] 365302K->298811K(736256K), 0.0017460 secs] [Times: user=0.01 sys=0.00, real=0.00 secs] 
491.059: [GC (Allocation Failure) [PSYoungGen: 68093K->1440K(68096K)] 365371K->298718K(736256K), 0.0014918 secs] [Times: user=0.01 sys=0.00, real=0.00 secs] 
491.176: [GC (Allocation Failure) [PSYoungGen: 68000K->1485K(71680K)] 365278K->298779K(739840K), 0.0015044 secs] [Times: user=0.00 sys=0.00, real=0.00 secs] 
491.383: [GC (Allocation Failure) [PSYoungGen: 71117K->1408K(75264K)] 368411K->298710K(743424K), 0.0018852 secs] [Times: user=0.01 sys=0.00, real=0.00 secs] 
491.693: [GC (Allocation Failure) [PSYoungGen: 74624K->1440K(74240K)] 371926K->298742K(742400K), 0.0018045 secs] [Times: user=0.01 sys=0.00, real=0.00 secs] 
491.995: [GC (Allocation Failure) [PSYoungGen: 74144K->1376K(73728K)] 371446K->298678K(741888K), 0.0017829 secs] [Times: user=0.01 sys=0.00, real=0.00 secs] 
492.294: [GC (Allocation Failure) [PSYoungGen: 73568K->1376K(73216K)] 370870K->298686K(741376K), 0.0019882 secs] [Times: user=0.01 sys=0.00, real=0.00 secs] 
492.544: [GC (Allocation Failure) [PSYoungGen: 73056K->1472K(72704K)] 370366K->298782K(740864K), 0.0015478 secs] [Times: user=0.00 sys=0.00, real=0.00 secs] 
492.670: [GC (Allocation Failure) [PSYoungGen: 72640K->1469K(72192K)] 369950K->298779K(740352K), 0.0014796 secs] [Times: user=0.00 sys=0.00, real=0.00 secs] 
492.794: [GC (Allocation Failure) [PSYoungGen: 72125K->1453K(71680K)] 369435K->298763K(739840K), 0.0014750 secs] [Times: user=0.00 sys=0.00, real=0.00 secs] 
492.916: [GC (Allocation Failure) [PSYoungGen: 71597K->1501K(72192K)] 368907K->298835K(740352K), 0.0016465 secs] [Times: user=0.00 sys=0.00, real=0.00 secs] 
494.050: [GC (Allocation Failure) [PSYoungGen: 71645K->1472K(71168K)] 368979K->298814K(739328K), 0.0025035 secs] [Times: user=0.01 sys=0.00, real=0.00 secs] 
495.024: [GC (Allocation Failure) [PSYoungGen: 71104K->1360K(70656K)] 368446K->298702K(738816K), 0.0036764 secs] [Times: user=0.02 sys=0.01, real=0.00 secs] 
495.939: [GC (Allocation Failure) [PSYoungGen: 70480K->1424K(70144K)] 367822K->298766K(738304K), 0.0030154 secs] [Times: user=0.02 sys=0.00, real=0.00 secs] 
497.021: [GC (Allocation Failure) [PSYoungGen: 70032K->1408K(69632K)] 367374K->298750K(737792K), 0.0046486 secs] [Times: user=0.01 sys=0.00, real=0.00 secs] 
497.419: [GC (Allocation Failure) [PSYoungGen: 69504K->1517K(69120K)] 366846K->298859K(737280K), 0.0020582 secs] [Times: user=0.01 sys=0.00, real=0.00 secs] 
497.553: [GC (Allocation Failure) [PSYoungGen: 69101K->1456K(68608K)] 366443K->298798K(736768K), 0.0015706 secs] [Times: user=0.01 sys=0.00, real=0.00 secs] 
497.671: [GC (Allocation Failure) [PSYoungGen: 68528K->1469K(68096K)] 365870K->298811K(736256K), 0.0014317 secs] [Times: user=0.01 sys=0.00, real=0.00 secs] 
497.787: [GC (Allocation Failure) [PSYoungGen: 68029K->1469K(68096K)] 365371K->298827K(736256K), 0.0015419 secs] [Times: user=0.00 sys=0.00, real=0.01 secs] 
499.014: [GC (Allocation Failure) [PSYoungGen: 68029K->1440K(68096K)] 365387K->298798K(736256K), 0.0030241 secs] [Times: user=0.02 sys=0.00, real=0.00 secs] 
499.696: [GC (Allocation Failure) [PSYoungGen: 68000K->1408K(68096K)] 365358K->298766K(736256K), 0.0023899 secs] [Times: user=0.01 sys=0.00, real=0.00 secs] 
500.445: [GC (Allocation Failure) [PSYoungGen: 67968K->1440K(68096K)] 365326K->298798K(736256K), 0.0020138 secs] [Times: user=0.01 sys=0.00, real=0.00 secs] 
501.600: [GC (Allocation Failure) [PSYoungGen: 68000K->1440K(68096K)] 365358K->298798K(736256K), 0.0033877 secs] [Times: user=0.02 sys=0.00, real=0.00 secs] 
502.402: [GC (Allocation Failure) [PSYoungGen: 68000K->1485K(68096K)] 365358K->298843K(736256K), 0.0020318 secs] [Times: user=0.01 sys=0.00, real=0.00 secs] 
502.546: [GC (Allocation Failure) [PSYoungGen: 68045K->1440K(68096K)] 365403K->298798K(736256K), 0.0015687 secs] [Times: user=0.01 sys=0.00, real=0.00 secs] 
502.662: [GC (Allocation Failure) [PSYoungGen: 68000K->1440K(68096K)] 365358K->298798K(736256K), 0.0015033 secs] [Times: user=0.01 sys=0.00, real=0.00 secs] 
502.778: [GC (Allocation Failure) [PSYoungGen: 68000K->1501K(68096K)] 365358K->298875K(736256K), 0.0015698 secs] [Times: user=0.00 sys=0.00, real=0.01 secs] 
504.297: [GC (Allocation Failure) [PSYoungGen: 68061K->400K(67072K)] 365435K->298798K(735232K), 0.0031426 secs] [Times: user=0.01 sys=0.00, real=0.01 secs] 
504.915: [GC (Allocation Failure) [PSYoungGen: 66960K->352K(68608K)] 365358K->298750K(736768K), 0.0020660 secs] [Times: user=0.01 sys=0.00, real=0.00 secs] 
505.500: [GC (Allocation Failure) [PSYoungGen: 66912K->352K(67072K)] 365310K->298750K(735232K), 0.0022692 secs] [Times: user=0.01 sys=0.00, real=0.00 secs] 
506.182: [GC (Allocation Failure) [PSYoungGen: 66912K->352K(68608K)] 365310K->298750K(736768K), 0.0021556 secs] [Times: user=0.01 sys=0.01, real=0.00 secs] 
506.574: [GC (Allocation Failure) [PSYoungGen: 66912K->1533K(68608K)] 365310K->299931K(736768K), 0.0014737 secs] [Times: user=0.01 sys=0.00, real=0.00 secs] 
506.690: [GC (Allocation Failure) [PSYoungGen: 68093K->1536K(69120K)] 366491K->299934K(737280K), 0.0015009 secs] [Times: user=0.01 sys=0.00, real=0.00 secs] 
506.806: [GC (Allocation Failure) [PSYoungGen: 68096K->1472K(69120K)] 366494K->299870K(737280K), 0.0014827 secs] [Times: user=0.00 sys=0.00, real=0.00 secs] 
506.923: [GC (Allocation Failure) [PSYoungGen: 68032K->1488K(69120K)] 366430K->299926K(737280K), 0.0015186 secs] [Times: user=0.01 sys=0.00, real=0.00 secs] 
507.479: [GC (Allocation Failure) [PSYoungGen: 68048K->1392K(68096K)] 366486K->299830K(736256K), 0.0022207 secs] [Times: user=0.00 sys=0.01, real=0.00 secs] 
508.344: [GC (Allocation Failure) [PSYoungGen: 67952K->1376K(68096K)] 366390K->299814K(736256K), 0.0025547 secs] [Times: user=0.01 sys=0.00, real=0.00 secs] 
508.870: [GC (Allocation Failure) [PSYoungGen: 67936K->1440K(68096K)] 366374K->299878K(736256K), 0.0023260 secs] [Times: user=0.01 sys=0.00, real=0.00 secs] 
509.782: [GC (Allocation Failure) [PSYoungGen: 68000K->1424K(68096K)] 366438K->299862K(736256K), 0.0024096 secs] [Times: user=0.01 sys=0.00, real=0.00 secs] 
510.452: [GC (Allocation Failure) [PSYoungGen: 67984K->1453K(68096K)] 366422K->299891K(736256K), 0.0024354 secs] [Times: user=0.00 sys=0.00, real=0.00 secs] 
510.617: [GC (Allocation Failure) [PSYoungGen: 68013K->1472K(68096K)] 366451K->299910K(736256K), 0.0014870 secs] [Times: user=0.01 sys=0.00, real=0.00 secs] 
510.733: [GC (Allocation Failure) [PSYoungGen: 68032K->1488K(68096K)] 366470K->299926K(736256K), 0.0014307 secs] [Times: user=0.01 sys=0.00, real=0.00 secs] 
510.868: [GC (Allocation Failure) [PSYoungGen: 68048K->1456K(68096K)] 366486K->299918K(736256K), 0.0019352 secs] [Times: user=0.01 sys=0.00, real=0.01 secs] 
511.132: [GC (Allocation Failure) [PSYoungGen: 68016K->1440K(68096K)] 366478K->299902K(736256K), 0.0018453 secs] [Times: user=0.01 sys=0.00, real=0.00 secs] 
511.409: [GC (Allocation Failure) [PSYoungGen: 68000K->1408K(68096K)] 366462K->299870K(736256K), 0.0021483 secs] [Times: user=0.00 sys=0.00, real=0.00 secs] 
511.686: [GC (Allocation Failure) [PSYoungGen: 67968K->1344K(68608K)] 366430K->299806K(736768K), 0.0020916 secs] [Times: user=0.00 sys=0.00, real=0.00 secs] 
511.963: [GC (Allocation Failure) [PSYoungGen: 67904K->1408K(68608K)] 366366K->299870K(736768K), 0.0026942 secs] [Times: user=0.01 sys=0.00, real=0.00 secs] 
512.267: [GC (Allocation Failure) [PSYoungGen: 67947K->1485K(68608K)] 366409K->299947K(736768K), 0.0025010 secs] [Times: user=0.01 sys=0.00, real=0.01 secs] 
512.456: [GC (Allocation Failure) [PSYoungGen: 68045K->1456K(68608K)] 366507K->299918K(736768K), 0.0015554 secs] [Times: user=0.01 sys=0.00, real=0.00 secs] 
512.571: [GC (Allocation Failure) [PSYoungGen: 68016K->1501K(68608K)] 366478K->299963K(736768K), 0.0015911 secs] [Times: user=0.00 sys=0.00, real=0.00 secs] 
512.688: [GC (Allocation Failure) [PSYoungGen: 68061K->1501K(68608K)] 366523K->299987K(736768K), 0.0014333 secs] [Times: user=0.01 sys=0.00, real=0.01 secs] 
513.183: [GC (Allocation Failure) [PSYoungGen: 68061K->1472K(75264K)] 366547K->299966K(743424K), 0.0042318 secs] [Times: user=0.01 sys=0.00, real=0.00 secs] 
513.884: [GC (Allocation Failure) [PSYoungGen: 74688K->1408K(74240K)] 373182K->299926K(742400K), 0.0031340 secs] [Times: user=0.01 sys=0.00, real=0.00 secs] 
514.505: [GC (Allocation Failure) [PSYoungGen: 74112K->1408K(73728K)] 372630K->299926K(741888K), 0.0031172 secs] [Times: user=0.02 sys=0.00, real=0.00 secs] 
514.861: [GC (Allocation Failure) [PSYoungGen: 73600K->1408K(73216K)] 372118K->299934K(741376K), 0.0020647 secs] [Times: user=0.01 sys=0.00, real=0.00 secs] 
515.135: [GC (Allocation Failure) [PSYoungGen: 73088K->1453K(72704K)] 371614K->299979K(740864K), 0.0014833 secs] [Times: user=0.00 sys=0.00, real=0.00 secs] 
515.263: [GC (Allocation Failure) [PSYoungGen: 72621K->1504K(72192K)] 371147K->300030K(740352K), 0.0014805 secs] [Times: user=0.00 sys=0.00, real=0.00 secs] 
515.389: [GC (Allocation Failure) [PSYoungGen: 72160K->1488K(71680K)] 370686K->300014K(739840K), 0.0017587 secs] [Times: user=0.00 sys=0.00, real=0.01 secs] 
515.511: [GC (Allocation Failure) [PSYoungGen: 71632K->1488K(72192K)] 370158K->300030K(740352K), 0.0014774 secs] [Times: user=0.00 sys=0.00, real=0.00 secs] 
516.460: [GC (Allocation Failure) [PSYoungGen: 71632K->1440K(71168K)] 370174K->299982K(739328K), 0.0027335 secs] [Times: user=0.01 sys=0.00, real=0.00 secs] 
517.248: [GC (Allocation Failure) [PSYoungGen: 71072K->1408K(70656K)] 369614K->299950K(738816K), 0.0024269 secs] [Times: user=0.01 sys=0.00, real=0.01 secs] 
518.257: [GC (Allocation Failure) [PSYoungGen: 70528K->1344K(70144K)] 369070K->299886K(738304K), 0.0031154 secs] [Times: user=0.02 sys=0.00, real=0.01 secs] 
519.288: [GC (Allocation Failure) [PSYoungGen: 69952K->1408K(69632K)] 368494K->299950K(737792K), 0.0035513 secs] [Times: user=0.01 sys=0.00, real=0.01 secs] 
519.766: [GC (Allocation Failure) [PSYoungGen: 69504K->1517K(69120K)] 368046K->300083K(737280K), 0.0017498 secs] [Times: user=0.01 sys=0.00, real=0.00 secs] 
519.937: [GC (Allocation Failure) [PSYoungGen: 69101K->1440K(68608K)] 367667K->300006K(736768K), 0.0021062 secs] [Times: user=0.01 sys=0.01, real=0.01 secs] 
520.093: [GC (Allocation Failure) [PSYoungGen: 68512K->1504K(68096K)] 367078K->300070K(736256K), 0.0016567 secs] [Times: user=0.01 sys=0.00, real=0.00 secs] 
520.212: [GC (Allocation Failure) [PSYoungGen: 68050K->1501K(68096K)] 366616K->300083K(736256K), 0.0015497 secs] [Times: user=0.01 sys=0.00, real=0.00 secs] 
520.997: [GC (Allocation Failure) [PSYoungGen: 68061K->1440K(68096K)] 366643K->300022K(736256K), 0.0025969 secs] [Times: user=0.01 sys=0.00, real=0.01 secs] 
521.565: [GC (Allocation Failure) [PSYoungGen: 68000K->1408K(68096K)] 366582K->299990K(736256K), 0.0022687 secs] [Times: user=0.01 sys=0.00, real=0.00 secs] 
522.060: [GC (Allocation Failure) [PSYoungGen: 67968K->1376K(68096K)] 366550K->299958K(736256K), 0.0017918 secs] [Times: user=0.01 sys=0.00, real=0.00 secs] 
522.816: [GC (Allocation Failure) [PSYoungGen: 67936K->1392K(68096K)] 366518K->299974K(736256K), 0.0025208 secs] [Times: user=0.01 sys=0.00, real=0.00 secs] 
523.213: [GC (Allocation Failure) [PSYoungGen: 67930K->1517K(68096K)] 366512K->300099K(736256K), 0.0020016 secs] [Times: user=0.01 sys=0.01, real=0.00 secs] 
523.360: [GC (Allocation Failure) [PSYoungGen: 68077K->1488K(68096K)] 366659K->300070K(736256K), 0.0015192 secs] [Times: user=0.00 sys=0.01, real=0.00 secs] 
523.476: [GC (Allocation Failure) [PSYoungGen: 68048K->1485K(68096K)] 366630K->300067K(736256K), 0.0013946 secs] [Times: user=0.01 sys=0.00, real=0.00 secs] 
523.592: [GC (Allocation Failure) [PSYoungGen: 68045K->1453K(68096K)] 366627K->300051K(736256K), 0.0014969 secs] [Times: user=0.01 sys=0.00, real=0.00 secs] 
524.566: [GC (Allocation Failure) [PSYoungGen: 68013K->1440K(68096K)] 366611K->300038K(736256K), 0.0038631 secs] [Times: user=0.01 sys=0.00, real=0.01 secs] 
525.481: [GC (Allocation Failure) [PSYoungGen: 68000K->1376K(68096K)] 366598K->299974K(736256K), 0.0040214 secs] [Times: user=0.01 sys=0.00, real=0.00 secs] 
526.424: [GC (Allocation Failure) [PSYoungGen: 67936K->1440K(68096K)] 366534K->300062K(736256K), 0.0038498 secs] [Times: user=0.01 sys=0.00, real=0.00 secs] 
526.934: [GC (Allocation Failure) [PSYoungGen: 68000K->1408K(68096K)] 366622K->300030K(736256K), 0.0020511 secs] [Times: user=0.00 sys=0.01, real=0.00 secs] 
527.185: [GC (Allocation Failure) [PSYoungGen: 67968K->1472K(68096K)] 366590K->300094K(736256K), 0.0013238 secs] [Times: user=0.00 sys=0.00, real=0.00 secs] 
527.302: [GC (Allocation Failure) [PSYoungGen: 68032K->1469K(68608K)] 366654K->300091K(736768K), 0.0014415 secs] [Times: user=0.01 sys=0.00, real=0.00 secs] 
527.418: [GC (Allocation Failure) [PSYoungGen: 68029K->1456K(68608K)] 366651K->300078K(736768K), 0.0015181 secs] [Times: user=0.00 sys=0.00, real=0.01 secs] 
527.534: [GC (Allocation Failure) [PSYoungGen: 68016K->1469K(68608K)] 366638K->300115K(736768K), 0.0015949 secs] [Times: user=0.01 sys=0.00, real=0.00 secs] 
528.158: [GC (Allocation Failure) [PSYoungGen: 68029K->1440K(68096K)] 366675K->300086K(736256K), 0.0021110 secs] [Times: user=0.01 sys=0.00, real=0.01 secs] 
528.743: [GC (Allocation Failure) [PSYoungGen: 68000K->1408K(68096K)] 366646K->300054K(736256K), 0.0034039 secs] [Times: user=0.02 sys=0.00, real=0.00 secs] 
529.011: [GC (Allocation Failure) [PSYoungGen: 67968K->1376K(68096K)] 366614K->300022K(736256K), 0.0017847 secs] [Times: user=0.00 sys=0.00, real=0.00 secs] 
529.287: [GC (Allocation Failure) [PSYoungGen: 67936K->1440K(68096K)] 366582K->300086K(736256K), 0.0019456 secs] [Times: user=0.01 sys=0.00, real=0.01 secs] 
529.520: [GC (Allocation Failure) [PSYoungGen: 68000K->1485K(68096K)] 366646K->300131K(736256K), 0.0014179 secs] [Times: user=0.00 sys=0.00, real=0.00 secs] 
529.637: [GC (Allocation Failure) [PSYoungGen: 68045K->1565K(68608K)] 366691K->300211K(736768K), 0.0016074 secs] [Times: user=0.00 sys=0.00, real=0.01 secs] 
529.754: [GC (Allocation Failure) [PSYoungGen: 68125K->461K(71680K)] 366771K->300131K(739840K), 0.0016028 secs] [Times: user=0.01 sys=0.00, real=0.00 secs] 
529.877: [GC (Allocation Failure) [PSYoungGen: 71117K->464K(72704K)] 370787K->300150K(740864K), 0.0015247 secs] [Times: user=0.00 sys=0.00, real=0.01 secs] 
530.349: [GC (Allocation Failure) [PSYoungGen: 71120K->1424K(71680K)] 370806K->301110K(739840K), 0.0016336 secs] [Times: user=0.01 sys=0.00, real=0.00 secs] 
530.971: [GC (Allocation Failure) [PSYoungGen: 71568K->1360K(71168K)] 371254K->301046K(739328K), 0.0017850 secs] [Times: user=0.00 sys=0.00, real=0.00 secs] 
531.540: [GC (Allocation Failure) [PSYoungGen: 70992K->1376K(70656K)] 370678K->301062K(738816K), 0.0038821 secs] [Times: user=0.01 sys=0.00, real=0.00 secs] 
532.148: [GC (Allocation Failure) [PSYoungGen: 70496K->1344K(70144K)] 370182K->301030K(738304K), 0.0026957 secs] [Times: user=0.01 sys=0.00, real=0.01 secs] 
532.457: [GC (Allocation Failure) [PSYoungGen: 69934K->1488K(69632K)] 369620K->301174K(737792K), 0.0018999 secs] [Times: user=0.01 sys=0.00, real=0.01 secs] 
532.586: [GC (Allocation Failure) [PSYoungGen: 69584K->1533K(69120K)] 369270K->301219K(737280K), 0.0015322 secs] [Times: user=0.00 sys=0.00, real=0.00 secs] 
532.705: [GC (Allocation Failure) [PSYoungGen: 69117K->1533K(68608K)] 368803K->301219K(736768K), 0.0015426 secs] [Times: user=0.00 sys=0.00, real=0.00 secs] 
532.823: [GC (Allocation Failure) [PSYoungGen: 68596K->1456K(76288K)] 368282K->301158K(744448K), 0.0014401 secs] [Times: user=0.01 sys=0.00, real=0.00 secs] 
533.610: [GC (Allocation Failure) [PSYoungGen: 75696K->1440K(75264K)] 375398K->301158K(743424K), 0.0024048 secs] [Times: user=0.01 sys=0.00, real=0.00 secs] 
534.461: [GC (Allocation Failure) [PSYoungGen: 75168K->1376K(74752K)] 374886K->301094K(742912K), 0.0027814 secs] [Times: user=0.01 sys=0.00, real=0.00 secs] 
535.104: [GC (Allocation Failure) [PSYoungGen: 74592K->1376K(74240K)] 374310K->301094K(742400K), 0.0027820 secs] [Times: user=0.01 sys=0.00, real=0.00 secs] 
535.848: [GC (Allocation Failure) [PSYoungGen: 74080K->1520K(73728K)] 373798K->301238K(741888K), 0.0023265 secs] [Times: user=0.00 sys=0.00, real=0.01 secs] 
536.044: [GC (Allocation Failure) [PSYoungGen: 73712K->1456K(73216K)] 373430K->301174K(741376K), 0.0017731 secs] [Times: user=0.00 sys=0.00, real=0.00 secs] 
536.190: [GC (Allocation Failure) [PSYoungGen: 73136K->1520K(72704K)] 372854K->301238K(740864K), 0.0018283 secs] [Times: user=0.00 sys=0.00, real=0.00 secs] 
536.345: [GC (Allocation Failure) [PSYoungGen: 72688K->1424K(72192K)] 372406K->301142K(740352K), 0.0015621 secs] [Times: user=0.01 sys=0.00, real=0.00 secs] 
536.981: [GC (Allocation Failure) [PSYoungGen: 72080K->1440K(71680K)] 371798K->301166K(739840K), 0.0034010 secs] [Times: user=0.01 sys=0.00, real=0.00 secs] 
537.745: [GC (Allocation Failure) [PSYoungGen: 71584K->1376K(71168K)] 371310K->301102K(739328K), 0.0034911 secs] [Times: user=0.01 sys=0.00, real=0.00 secs] 
538.414: [GC (Allocation Failure) [PSYoungGen: 71008K->1408K(70656K)] 370734K->301134K(738816K), 0.0032035 secs] [Times: user=0.01 sys=0.00, real=0.00 secs] 
538.919: [GC (Allocation Failure) [PSYoungGen: 70528K->1408K(70144K)] 370254K->301134K(738304K), 0.0027072 secs] [Times: user=0.01 sys=0.00, real=0.00 secs] 
539.924: [GC (Allocation Failure) [PSYoungGen: 69989K->1453K(69632K)] 369715K->301179K(737792K), 0.0023016 secs] [Times: user=0.01 sys=0.00, real=0.00 secs] 
540.087: [GC (Allocation Failure) [PSYoungGen: 69549K->1456K(69120K)] 369275K->301182K(737280K), 0.0015537 secs] [Times: user=0.01 sys=0.00, real=0.00 secs] 
540.206: [GC (Allocation Failure) [PSYoungGen: 69040K->1488K(68608K)] 368766K->301214K(736768K), 0.0014616 secs] [Times: user=0.00 sys=0.00, real=0.00 secs] 
540.323: [GC (Allocation Failure) [PSYoungGen: 68556K->1488K(68096K)] 368282K->301214K(736256K), 0.0017651 secs] [Times: user=0.01 sys=0.00, real=0.00 secs] 
540.979: [GC (Allocation Failure) [PSYoungGen: 68048K->1440K(68608K)] 367774K->301166K(736768K), 0.0018719 secs] [Times: user=0.01 sys=0.00, real=0.00 secs] 
541.699: [GC (Allocation Failure) [PSYoungGen: 68000K->1376K(68608K)] 367726K->301102K(736768K), 0.0024810 secs] [Times: user=0.01 sys=0.00, real=0.01 secs] 
542.403: [GC (Allocation Failure) [PSYoungGen: 67936K->1360K(68608K)] 367662K->301086K(736768K), 0.0024118 secs] [Times: user=0.01 sys=0.00, real=0.00 secs] 
543.025: [GC (Allocation Failure) [PSYoungGen: 67920K->1408K(68608K)] 367646K->301134K(736768K), 0.0020116 secs] [Times: user=0.01 sys=0.00, real=0.00 secs] 
543.714: [GC (Allocation Failure) [PSYoungGen: 67968K->1421K(68608K)] 367694K->301147K(736768K), 0.0022194 secs] [Times: user=0.01 sys=0.00, real=0.00 secs] 
543.878: [GC (Allocation Failure) [PSYoungGen: 67981K->1456K(68608K)] 367707K->301182K(736768K), 0.0015179 secs] [Times: user=0.01 sys=0.00, real=0.01 secs] 
543.996: [GC (Allocation Failure) [PSYoungGen: 68016K->1485K(68608K)] 367742K->301211K(736768K), 0.0014903 secs] [Times: user=0.01 sys=0.00, real=0.00 secs] 
544.113: [GC (Allocation Failure) [PSYoungGen: 68045K->1488K(68608K)] 367771K->301230K(736768K), 0.0015298 secs] [Times: user=0.01 sys=0.00, real=0.00 secs] 
544.612: [GC (Allocation Failure) [PSYoungGen: 68048K->1472K(68608K)] 367790K->301222K(736768K), 0.0027706 secs] [Times: user=0.01 sys=0.00, real=0.00 secs] 
545.472: [GC (Allocation Failure) [PSYoungGen: 68032K->1392K(68608K)] 367782K->301142K(736768K), 0.0028905 secs] [Times: user=0.02 sys=0.00, real=0.00 secs] 
546.183: [GC (Allocation Failure) [PSYoungGen: 67952K->1376K(68608K)] 367702K->301150K(736768K), 0.0020094 secs] [Times: user=0.01 sys=0.00, real=0.00 secs] 
547.277: [GC (Allocation Failure) [PSYoungGen: 67936K->1376K(68608K)] 367710K->301150K(736768K), 0.0030806 secs] [Times: user=0.01 sys=0.00, real=0.01 secs] 
548.232: [GC (Allocation Failure) [PSYoungGen: 67936K->1456K(68608K)] 367710K->301230K(736768K), 0.0021872 secs] [Times: user=0.01 sys=0.00, real=0.00 secs] 
548.397: [GC (Allocation Failure) [PSYoungGen: 68016K->1456K(68608K)] 367790K->301230K(736768K), 0.0014624 secs] [Times: user=0.01 sys=0.00, real=0.00 secs] 
548.513: [GC (Allocation Failure) [PSYoungGen: 68016K->1456K(68608K)] 367790K->301230K(736768K), 0.0014579 secs] [Times: user=0.00 sys=0.00, real=0.00 secs] 
548.630: [GC (Allocation Failure) [PSYoungGen: 68016K->1456K(68608K)] 367790K->301246K(736768K), 0.0014588 secs] [Times: user=0.01 sys=0.00, real=0.00 secs] 
549.419: [GC (Allocation Failure) [PSYoungGen: 68016K->1424K(68608K)] 367806K->301214K(736768K), 0.0022689 secs] [Times: user=0.01 sys=0.00, real=0.00 secs] 
549.934: [GC (Allocation Failure) [PSYoungGen: 67984K->1408K(68608K)] 367774K->301198K(736768K), 0.0019682 secs] [Times: user=0.00 sys=0.00, real=0.00 secs] 
550.241: [GC (Allocation Failure) [PSYoungGen: 67968K->1408K(68096K)] 367758K->301198K(736256K), 0.0020008 secs] [Times: user=0.01 sys=0.00, real=0.00 secs] 
550.580: [GC (Allocation Failure) [PSYoungGen: 67968K->1376K(68096K)] 367758K->301166K(736256K), 0.0023873 secs] [Times: user=0.01 sys=0.00, real=0.00 secs] 
550.932: [GC (Allocation Failure) [PSYoungGen: 67936K->1469K(68096K)] 367726K->301259K(736256K), 0.0022388 secs] [Times: user=0.01 sys=0.00, real=0.00 secs] 
551.129: [GC (Allocation Failure) [PSYoungGen: 68029K->1501K(67584K)] 367819K->301291K(735744K), 0.0019523 secs] [Times: user=0.01 sys=0.00, real=0.00 secs] 
551.251: [GC (Allocation Failure) [PSYoungGen: 67549K->1472K(68096K)] 367339K->301262K(736256K), 0.0015545 secs] [Times: user=0.01 sys=0.00, real=0.00 secs] 
551.367: [GC (Allocation Failure) [PSYoungGen: 67520K->1488K(68096K)] 367310K->301294K(736256K), 0.0015484 secs] [Times: user=0.01 sys=0.00, real=0.00 secs] 
551.605: [GC (Allocation Failure) [PSYoungGen: 67536K->1472K(68096K)] 367342K->301278K(736256K), 0.0020369 secs] [Times: user=0.00 sys=0.00, real=0.00 secs] 
551.894: [GC (Allocation Failure) [PSYoungGen: 67520K->1344K(68096K)] 367326K->301150K(736256K), 0.0018754 secs] [Times: user=0.01 sys=0.00, real=0.00 secs] 
552.168: [GC (Allocation Failure) [PSYoungGen: 67392K->1408K(68096K)] 367198K->301214K(736256K), 0.0017431 secs] [Times: user=0.01 sys=0.00, real=0.01 secs] 
552.469: [GC (Allocation Failure) [PSYoungGen: 67456K->1344K(68096K)] 367262K->301150K(736256K), 0.0018227 secs] [Times: user=0.01 sys=0.00, real=0.00 secs] 
552.744: [GC (Allocation Failure) [PSYoungGen: 67392K->1376K(68096K)] 367198K->301182K(736256K), 0.0023257 secs] [Times: user=0.01 sys=0.00, real=0.00 secs] 
553.017: [GC (Allocation Failure) [PSYoungGen: 67424K->1504K(68096K)] 367230K->301310K(736256K), 0.0018200 secs] [Times: user=0.01 sys=0.00, real=0.01 secs] 
553.193: [GC (Allocation Failure) [PSYoungGen: 67552K->1501K(68096K)] 367358K->301331K(736256K), 0.0020658 secs] [Times: user=0.00 sys=0.00, real=0.00 secs] 
553.326: [GC (Allocation Failure) [PSYoungGen: 67549K->1488K(68096K)] 367379K->301334K(736256K), 0.0014644 secs] [Times: user=0.00 sys=0.00, real=0.00 secs] 
553.445: [GC (Allocation Failure) [PSYoungGen: 67385K->224K(68096K)] 367231K->300070K(736256K), 0.0014893 secs] [Times: user=0.01 sys=0.00, real=0.00 secs] 
554.429: [GC (Allocation Failure) [PSYoungGen: 66272K->1344K(67584K)] 366118K->301190K(735744K), 0.0022074 secs] [Times: user=0.01 sys=0.01, real=0.00 secs] 
555.265: [GC (Allocation Failure) [PSYoungGen: 67392K->1392K(67584K)] 367238K->301238K(735744K), 0.0021614 secs] [Times: user=0.00 sys=0.00, real=0.00 secs] 
556.357: [GC (Allocation Failure) [PSYoungGen: 67440K->1376K(67584K)] 367286K->301222K(735744K), 0.0027886 secs] [Times: user=0.01 sys=0.00, real=0.01 secs] 
556.748: [GC (Allocation Failure) [PSYoungGen: 67424K->1440K(67584K)] 367270K->301286K(735744K), 0.0020820 secs] [Times: user=0.01 sys=0.00, real=0.01 secs] 
556.936: [GC (Allocation Failure) [PSYoungGen: 67488K->1504K(67584K)] 367334K->301374K(735744K), 0.0014874 secs] [Times: user=0.01 sys=0.00, real=0.00 secs] 
557.052: [GC (Allocation Failure) [PSYoungGen: 67552K->1520K(67584K)] 367422K->301406K(735744K), 0.0015302 secs] [Times: user=0.00 sys=0.00, real=0.00 secs] 
557.168: [GC (Allocation Failure) [PSYoungGen: 67568K->1485K(67584K)] 367454K->301371K(735744K), 0.0014652 secs] [Times: user=0.01 sys=0.00, real=0.01 secs] 
557.285: [GC (Allocation Failure) [PSYoungGen: 67533K->1504K(71168K)] 367419K->301390K(739328K), 0.0016022 secs] [Times: user=0.00 sys=0.00, real=0.00 secs] 
557.877: [GC (Allocation Failure) [PSYoungGen: 70624K->1440K(70144K)] 370510K->301326K(738304K), 0.0032745 secs] [Times: user=0.01 sys=0.00, real=0.01 secs] 
558.441: [GC (Allocation Failure) [PSYoungGen: 70048K->1408K(69632K)] 369934K->301294K(737792K), 0.0029953 secs] [Times: user=0.01 sys=0.00, real=0.00 secs] 
559.006: [GC (Allocation Failure) [PSYoungGen: 69504K->1408K(69120K)] 369390K->301302K(737280K), 0.0030168 secs] [Times: user=0.01 sys=0.00, real=0.01 secs] 
559.301: [GC (Allocation Failure) [PSYoungGen: 68992K->1408K(68608K)] 368886K->301302K(736768K), 0.0020196 secs] [Times: user=0.01 sys=0.00, real=0.00 secs] 
559.498: [GC (Allocation Failure) [PSYoungGen: 68480K->1517K(68096K)] 368374K->301435K(736256K), 0.0014272 secs] [Times: user=0.00 sys=0.00, real=0.01 secs] 
559.615: [GC (Allocation Failure) [PSYoungGen: 68077K->1469K(68096K)] 367995K->301411K(736256K), 0.0015046 secs] [Times: user=0.01 sys=0.00, real=0.00 secs] 
559.731: [GC (Allocation Failure) [PSYoungGen: 68029K->1456K(71168K)] 367971K->301398K(739328K), 0.0016907 secs] [Times: user=0.00 sys=0.00, real=0.00 secs] 
559.854: [GC (Allocation Failure) [PSYoungGen: 71088K->1488K(71680K)] 371030K->301438K(739840K), 0.0020074 secs] [Times: user=0.01 sys=0.00, real=0.00 secs] 
560.936: [GC (Allocation Failure) [PSYoungGen: 71120K->1392K(70656K)] 371070K->301342K(738816K), 0.0020475 secs] [Times: user=0.01 sys=0.00, real=0.00 secs] 
561.258: [GC (Allocation Failure) [PSYoungGen: 70512K->1408K(70144K)] 370462K->301358K(738304K), 0.0021158 secs] [Times: user=0.00 sys=0.00, real=0.01 secs] 
562.251: [GC (Allocation Failure) [PSYoungGen: 70016K->1440K(69632K)] 369966K->301390K(737792K), 0.0031287 secs] [Times: user=0.01 sys=0.00, real=0.00 secs] 
563.416: [GC (Allocation Failure) [PSYoungGen: 69536K->1376K(69120K)] 369486K->301326K(737280K), 0.0033394 secs] [Times: user=0.01 sys=0.00, real=0.01 secs] 
564.332: [GC (Allocation Failure) [PSYoungGen: 68960K->1520K(68608K)] 368910K->301470K(736768K), 0.0020597 secs] [Times: user=0.01 sys=0.00, real=0.00 secs] 
564.505: [GC (Allocation Failure) [PSYoungGen: 68592K->1488K(68096K)] 368542K->301438K(736256K), 0.0020699 secs] [Times: user=0.01 sys=0.00, real=0.00 secs] 
564.656: [GC (Allocation Failure) [PSYoungGen: 68048K->1485K(68096K)] 367998K->301435K(736256K), 0.0015048 secs] [Times: user=0.01 sys=0.00, real=0.00 secs] 
564.772: [GC (Allocation Failure) [PSYoungGen: 68045K->1533K(68096K)] 367995K->301499K(736256K), 0.0017773 secs] [Times: user=0.00 sys=0.00, real=0.00 secs] 
566.051: [GC (Allocation Failure) [PSYoungGen: 68093K->1424K(68096K)] 368059K->301390K(736256K), 0.0026811 secs] [Times: user=0.01 sys=0.00, real=0.00 secs] 
566.310: [GC (Allocation Failure) [PSYoungGen: 67984K->1344K(68096K)] 367950K->301334K(736256K), 0.0019385 secs] [Times: user=0.01 sys=0.00, real=0.00 secs] 
566.586: [GC (Allocation Failure) [PSYoungGen: 67904K->1408K(68096K)] 367894K->301398K(736256K), 0.0016496 secs] [Times: user=0.00 sys=0.00, real=0.00 secs] 
566.862: [GC (Allocation Failure) [PSYoungGen: 67968K->1424K(68096K)] 367958K->301414K(736256K), 0.0019188 secs] [Times: user=0.01 sys=0.00, real=0.00 secs] 
567.036: [GC (Allocation Failure) [PSYoungGen: 67984K->1533K(68096K)] 367974K->301523K(736256K), 0.0015328 secs] [Times: user=0.00 sys=0.00, real=0.00 secs] 
567.154: [GC (Allocation Failure) [PSYoungGen: 68093K->1488K(68096K)] 368083K->301478K(736256K), 0.0015895 secs] [Times: user=0.01 sys=0.00, real=0.00 secs] 
567.272: [GC (Allocation Failure) [PSYoungGen: 68048K->1472K(71680K)] 368038K->301462K(739840K), 0.0014960 secs] [Times: user=0.01 sys=0.00, real=0.00 secs] 
567.396: [GC (Allocation Failure) [PSYoungGen: 71616K->1456K(72192K)] 371606K->301462K(740352K), 0.0015200 secs] [Times: user=0.01 sys=0.00, real=0.00 secs] 
567.780: [GC (Allocation Failure) [PSYoungGen: 71600K->1456K(71168K)] 371606K->301462K(739328K), 0.0020162 secs] [Times: user=0.01 sys=0.00, real=0.00 secs] 
568.069: [GC (Allocation Failure) [PSYoungGen: 71088K->1408K(70656K)] 371094K->301414K(738816K), 0.0020904 secs] [Times: user=0.01 sys=0.00, real=0.00 secs] 
568.356: [GC (Allocation Failure) [PSYoungGen: 70528K->1408K(70144K)] 370534K->301414K(738304K), 0.0019220 secs] [Times: user=0.01 sys=0.00, real=0.00 secs] 
568.640: [GC (Allocation Failure) [PSYoungGen: 70016K->1376K(69632K)] 370022K->301390K(737792K), 0.0019845 secs] [Times: user=0.00 sys=0.00, real=0.00 secs] 
568.865: [GC (Allocation Failure) [PSYoungGen: 69472K->1424K(69120K)] 369486K->301438K(737280K), 0.0014369 secs] [Times: user=0.01 sys=0.00, real=0.00 secs] 
568.984: [GC (Allocation Failure) [PSYoungGen: 69008K->1456K(68608K)] 369022K->301470K(736768K), 0.0015616 secs] [Times: user=0.00 sys=0.00, real=0.00 secs] 
569.101: [GC (Allocation Failure) [PSYoungGen: 68506K->1533K(75264K)] 368520K->301547K(743424K), 0.0014409 secs] [Times: user=0.01 sys=0.00, real=0.00 secs] 
569.644: [GC (Allocation Failure) [PSYoungGen: 75261K->1936K(75264K)] 375275K->301950K(743424K), 0.0025375 secs] [Times: user=0.01 sys=0.00, real=0.00 secs] 
570.964: [GC (Allocation Failure) [PSYoungGen: 75152K->1440K(74240K)] 375166K->301454K(742400K), 0.0027627 secs] [Times: user=0.01 sys=0.00, real=0.00 secs] 
571.943: [GC (Allocation Failure) [PSYoungGen: 74144K->1440K(73728K)] 374158K->301454K(741888K), 0.0023782 secs] [Times: user=0.00 sys=0.00, real=0.00 secs] 
572.746: [GC (Allocation Failure) [PSYoungGen: 73632K->1376K(73216K)] 373646K->301390K(741376K), 0.0018493 secs] [Times: user=0.01 sys=0.00, real=0.00 secs] 
573.458: [GC (Allocation Failure) [PSYoungGen: 73056K->1469K(72704K)] 373070K->301483K(740864K), 0.0021026 secs] [Times: user=0.01 sys=0.00, real=0.01 secs] 
573.613: [GC (Allocation Failure) [PSYoungGen: 72637K->1456K(72192K)] 372651K->301470K(740352K), 0.0015122 secs] [Times: user=0.00 sys=0.00, real=0.00 secs] 
573.737: [GC (Allocation Failure) [PSYoungGen: 72112K->1456K(71680K)] 372126K->301470K(739840K), 0.0016086 secs] [Times: user=0.01 sys=0.00, real=0.00 secs] 
573.859: [GC (Allocation Failure) [PSYoungGen: 71600K->1469K(71168K)] 371614K->301483K(739328K), 0.0015134 secs] [Times: user=0.01 sys=0.00, real=0.00 secs] 
574.190: [GC (Allocation Failure) [PSYoungGen: 71101K->1472K(70656K)] 371115K->301502K(738816K), 0.0021290 secs] [Times: user=0.01 sys=0.00, real=0.00 secs] 
574.483: [GC (Allocation Failure) [PSYoungGen: 70592K->1392K(70144K)] 370622K->301422K(738304K), 0.0018703 secs] [Times: user=0.00 sys=0.00, real=0.00 secs] 
574.771: [GC (Allocation Failure) [PSYoungGen: 70000K->1344K(69632K)] 370030K->301374K(737792K), 0.0021237 secs] [Times: user=0.01 sys=0.00, real=0.00 secs] 
575.054: [GC (Allocation Failure) [PSYoungGen: 69440K->1408K(69120K)] 369470K->301462K(737280K), 0.0019257 secs] [Times: user=0.01 sys=0.00, real=0.00 secs] 
575.344: [GC (Allocation Failure) [PSYoungGen: 68992K->1440K(68608K)] 369046K->301494K(736768K), 0.0019754 secs] [Times: user=0.01 sys=0.00, real=0.00 secs] 
575.463: [GC (Allocation Failure) [PSYoungGen: 68501K->1456K(68096K)] 368555K->301510K(736256K), 0.0014833 secs] [Times: user=0.00 sys=0.00, real=0.00 secs] 
575.580: [GC (Allocation Failure) [PSYoungGen: 68016K->1440K(68096K)] 368070K->301494K(736256K), 0.0014402 secs] [Times: user=0.01 sys=0.00, real=0.00 secs] 
575.714: [GC (Allocation Failure) [PSYoungGen: 68000K->1456K(68608K)] 368054K->301534K(736768K), 0.0018388 secs] [Times: user=0.01 sys=0.00, real=0.00 secs] 
577.127: [GC (Allocation Failure) [PSYoungGen: 68016K->1424K(68608K)] 368094K->301502K(736768K), 0.0041351 secs] [Times: user=0.02 sys=0.00, real=0.01 secs] 
578.246: [GC (Allocation Failure) [PSYoungGen: 67984K->1408K(68608K)] 368062K->301486K(736768K), 0.0028383 secs] [Times: user=0.01 sys=0.00, real=0.01 secs] 
578.744: [GC (Allocation Failure) [PSYoungGen: 67968K->1392K(68608K)] 368046K->301470K(736768K), 0.0022402 secs] [Times: user=0.01 sys=0.00, real=0.00 secs] 
579.016: [GC (Allocation Failure) [PSYoungGen: 67952K->1408K(68608K)] 368030K->301486K(736768K), 0.0018610 secs] [Times: user=0.01 sys=0.00, real=0.00 secs] 
579.380: [GC (Allocation Failure) [PSYoungGen: 67968K->1533K(68608K)] 368046K->301611K(736768K), 0.0018583 secs] [Times: user=0.01 sys=0.00, real=0.00 secs] 
579.500: [GC (Allocation Failure) [PSYoungGen: 68093K->1488K(68608K)] 368171K->301566K(736768K), 0.0015205 secs] [Times: user=0.01 sys=0.00, real=0.00 secs] 
579.616: [GC (Allocation Failure) [PSYoungGen: 68048K->1440K(68608K)] 368126K->301518K(736768K), 0.0014123 secs] [Times: user=0.01 sys=0.00, real=0.00 secs] 
579.732: [GC (Allocation Failure) [PSYoungGen: 68000K->1456K(68608K)] 368078K->301550K(736768K), 0.0014297 secs] [Times: user=0.01 sys=0.00, real=0.00 secs] 
580.756: [GC (Allocation Failure) [PSYoungGen: 68016K->1472K(68608K)] 368110K->301566K(736768K), 0.0024783 secs] [Times: user=0.00 sys=0.00, real=0.00 secs] 
581.541: [GC (Allocation Failure) [PSYoungGen: 68032K->1360K(68608K)] 368126K->301454K(736768K), 0.0027163 secs] [Times: user=0.01 sys=0.00, real=0.00 secs] 
582.885: [GC (Allocation Failure) [PSYoungGen: 67920K->1408K(68608K)] 368014K->301502K(736768K), 0.0034381 secs] [Times: user=0.01 sys=0.00, real=0.01 secs] 
583.835: [GC (Allocation Failure) [PSYoungGen: 67968K->1376K(68608K)] 368062K->301470K(736768K), 0.0039529 secs] [Times: user=0.02 sys=0.00, real=0.01 secs] 
584.754: [GC (Allocation Failure) [PSYoungGen: 67936K->1453K(68608K)] 368030K->301547K(736768K), 0.0024383 secs] [Times: user=0.01 sys=0.00, real=0.00 secs] 
584.938: [GC (Allocation Failure) [PSYoungGen: 68013K->1456K(68608K)] 368107K->301550K(736768K), 0.0017046 secs] [Times: user=0.00 sys=0.00, real=0.01 secs] 
585.072: [GC (Allocation Failure) [PSYoungGen: 68008K->1549K(68608K)] 368102K->301643K(736768K), 0.0018139 secs] [Times: user=0.01 sys=0.00, real=0.00 secs] 
585.220: [GC (Allocation Failure) [PSYoungGen: 68109K->1488K(68608K)] 368203K->301598K(736768K), 0.0018591 secs] [Times: user=0.01 sys=0.00, real=0.00 secs] 
586.213: [GC (Allocation Failure) [PSYoungGen: 68048K->1424K(68608K)] 368158K->301534K(736768K), 0.0033193 secs] [Times: user=0.01 sys=0.00, real=0.00 secs] 
586.817: [GC (Allocation Failure) [PSYoungGen: 67984K->1408K(68608K)] 368094K->301542K(736768K), 0.0030825 secs] [Times: user=0.01 sys=0.00, real=0.01 secs] 
587.419: [GC (Allocation Failure) [PSYoungGen: 67968K->1376K(68608K)] 368102K->301510K(736768K), 0.0022693 secs] [Times: user=0.00 sys=0.00, real=0.00 secs] 
587.863: [GC (Allocation Failure) [PSYoungGen: 67936K->1440K(68608K)] 368070K->301574K(736768K), 0.0037493 secs] [Times: user=0.01 sys=0.00, real=0.00 secs] 
588.613: [GC (Allocation Failure) [PSYoungGen: 68000K->1485K(68608K)] 368134K->301619K(736768K), 0.0026026 secs] [Times: user=0.01 sys=0.00, real=0.00 secs] 
588.798: [GC (Allocation Failure) [PSYoungGen: 68015K->1488K(68608K)] 368149K->301622K(736768K), 0.0016708 secs] [Times: user=0.01 sys=0.00, real=0.01 secs] 
588.933: [GC (Allocation Failure) [PSYoungGen: 68048K->1501K(68608K)] 368182K->301635K(736768K), 0.0018629 secs] [Times: user=0.00 sys=0.00, real=0.00 secs] 
589.088: [GC (Allocation Failure) [PSYoungGen: 68061K->1533K(68608K)] 368195K->301675K(736768K), 0.0017735 secs] [Times: user=0.01 sys=0.00, real=0.01 secs] 
589.807: [GC (Allocation Failure) [PSYoungGen: 68093K->1504K(68608K)] 368235K->301646K(736768K), 0.0029935 secs] [Times: user=0.01 sys=0.00, real=0.01 secs] 
590.357: [GC (Allocation Failure) [PSYoungGen: 68064K->1408K(68608K)] 368206K->301550K(736768K), 0.0019209 secs] [Times: user=0.01 sys=0.00, real=0.01 secs] 
590.752: [GC (Allocation Failure) [PSYoungGen: 67968K->1408K(68608K)] 368110K->301550K(736768K), 0.0019647 secs] [Times: user=0.01 sys=0.00, real=0.00 secs] 
591.099: [GC (Allocation Failure) [PSYoungGen: 67968K->1376K(68608K)] 368110K->301518K(736768K), 0.0019484 secs] [Times: user=0.01 sys=0.00, real=0.00 secs] 
591.634: [GC (Allocation Failure) [PSYoungGen: 67936K->1440K(68608K)] 368078K->301582K(736768K), 0.0019157 secs] [Times: user=0.01 sys=0.00, real=0.00 secs] 
591.826: [GC (Allocation Failure) [PSYoungGen: 68000K->1501K(68608K)] 368142K->301643K(736768K), 0.0021457 secs] [Times: user=0.01 sys=0.00, real=0.00 secs] 
591.976: [GC (Allocation Failure) [PSYoungGen: 68061K->1488K(68608K)] 368203K->301630K(736768K), 0.0017195 secs] [Times: user=0.01 sys=0.00, real=0.00 secs] 
592.093: [GC (Allocation Failure) [PSYoungGen: 68048K->1488K(68608K)] 368190K->301646K(736768K), 0.0014652 secs] [Times: user=0.01 sys=0.01, real=0.00 secs] 
592.458: [GC (Allocation Failure) [PSYoungGen: 68048K->1440K(68608K)] 368206K->301606K(736768K), 0.0020878 secs] [Times: user=0.00 sys=0.00, real=0.01 secs] 
593.245: [GC (Allocation Failure) [PSYoungGen: 68000K->1376K(68608K)] 368166K->301542K(736768K), 0.0031653 secs] [Times: user=0.02 sys=0.01, real=0.00 secs] 
594.196: [GC (Allocation Failure) [PSYoungGen: 67936K->1376K(68608K)] 368102K->301542K(736768K), 0.0036413 secs] [Times: user=0.02 sys=0.00, real=0.01 secs] 
595.200: [GC (Allocation Failure) [PSYoungGen: 67936K->1440K(68608K)] 368102K->301606K(736768K), 0.0033503 secs] [Times: user=0.01 sys=0.00, real=0.00 secs] 
596.100: [GC (Allocation Failure) [PSYoungGen: 68000K->1376K(68608K)] 368166K->301566K(736768K), 0.0036901 secs] [Times: user=0.02 sys=0.00, real=0.00 secs] 
596.677: [GC (Allocation Failure) [PSYoungGen: 67936K->1549K(68608K)] 368126K->301739K(736768K), 0.0019032 secs] [Times: user=0.01 sys=0.00, real=0.01 secs] 
596.838: [GC (Allocation Failure) [PSYoungGen: 68109K->1504K(68608K)] 368299K->301694K(736768K), 0.0017282 secs] [Times: user=0.01 sys=0.00, real=0.01 secs] 
597.009: [GC (Allocation Failure) [PSYoungGen: 68064K->1520K(68608K)] 368254K->301726K(736768K), 0.0019991 secs] [Times: user=0.01 sys=0.00, real=0.00 secs] 
597.203: [GC (Allocation Failure) [PSYoungGen: 68080K->1456K(68608K)] 368286K->301662K(736768K), 0.0019259 secs] [Times: user=0.01 sys=0.00, real=0.00 secs] 
597.988: [GC (Allocation Failure) [PSYoungGen: 68016K->1408K(68608K)] 368222K->301614K(736768K), 0.0020782 secs] [Times: user=0.00 sys=0.01, real=0.01 secs] 
598.530: [GC (Allocation Failure) [PSYoungGen: 67968K->1392K(68608K)] 368174K->301598K(736768K), 0.0025958 secs] [Times: user=0.01 sys=0.00, real=0.00 secs] 
599.047: [GC (Allocation Failure) [PSYoungGen: 67952K->1376K(68608K)] 368158K->301582K(736768K), 0.0026408 secs] [Times: user=0.01 sys=0.00, real=0.01 secs] 
599.411: [GC (Allocation Failure) [PSYoungGen: 67936K->1376K(68608K)] 368142K->301582K(736768K), 0.0019363 secs] [Times: user=0.01 sys=0.00, real=0.00 secs] 
599.658: [GC (Allocation Failure) [PSYoungGen: 67936K->1488K(68608K)] 368142K->301694K(736768K), 0.0014285 secs] [Times: user=0.00 sys=0.00, real=0.01 secs] 
599.774: [GC (Allocation Failure) [PSYoungGen: 68048K->1520K(68608K)] 368254K->301726K(736768K), 0.0014693 secs] [Times: user=0.01 sys=0.00, real=0.00 secs] 
599.891: [GC (Allocation Failure) [PSYoungGen: 68080K->1472K(68608K)] 368286K->301686K(736768K), 0.0014910 secs] [Times: user=0.00 sys=0.00, real=0.00 secs] 
600.007: [GC (Allocation Failure) [PSYoungGen: 68032K->1488K(68608K)] 368246K->301702K(736768K), 0.0015053 secs] [Times: user=0.01 sys=0.00, real=0.01 secs] 
600.742: [GC (Allocation Failure) [PSYoungGen: 68048K->1440K(68096K)] 368262K->301654K(736256K), 0.0023031 secs] [Times: user=0.01 sys=0.00, real=0.00 secs] 
601.317: [GC (Allocation Failure) [PSYoungGen: 68000K->1408K(68096K)] 368214K->301622K(736256K), 0.0041184 secs] [Times: user=0.01 sys=0.00, real=0.01 secs] 
601.912: [GC (Allocation Failure) [PSYoungGen: 67968K->1408K(68096K)] 368182K->301622K(736256K), 0.0025087 secs] [Times: user=0.00 sys=0.00, real=0.00 secs] 
602.252: [GC (Allocation Failure) [PSYoungGen: 67968K->1376K(68096K)] 368182K->301590K(736256K), 0.0020830 secs] [Times: user=0.01 sys=0.00, real=0.00 secs] 
602.481: [GC (Allocation Failure) [PSYoungGen: 67936K->1517K(68096K)] 368150K->301731K(736256K), 0.0014348 secs] [Times: user=0.00 sys=0.00, real=0.00 secs] 
602.597: [GC (Allocation Failure) [PSYoungGen: 68077K->1517K(68096K)] 368291K->301731K(736256K), 0.0017012 secs] [Times: user=0.00 sys=0.00, real=0.01 secs] 
602.714: [GC (Allocation Failure) [PSYoungGen: 68077K->1504K(68096K)] 368291K->301750K(736256K), 0.0014511 secs] [Times: user=0.01 sys=0.00, real=0.00 secs] 
602.848: [GC (Allocation Failure) [PSYoungGen: 68064K->1533K(71680K)] 368310K->301787K(739840K), 0.0018279 secs] [Times: user=0.01 sys=0.00, real=0.01 secs] 
603.866: [GC (Allocation Failure) [PSYoungGen: 71165K->1392K(70656K)] 371419K->301662K(738816K), 0.0027181 secs] [Times: user=0.02 sys=0.00, real=0.00 secs] 
604.544: [GC (Allocation Failure) [PSYoungGen: 70512K->1376K(70144K)] 370782K->301646K(738304K), 0.0025669 secs] [Times: user=0.01 sys=0.00, real=0.00 secs] 
605.559: [GC (Allocation Failure) [PSYoungGen: 69984K->1376K(69632K)] 370254K->301646K(737792K), 0.0039057 secs] [Times: user=0.01 sys=0.00, real=0.00 secs] 
606.687: [GC (Allocation Failure) [PSYoungGen: 69472K->1408K(69120K)] 369742K->301678K(737280K), 0.0041933 secs] [Times: user=0.02 sys=0.00, real=0.01 secs] 
607.240: [GC (Allocation Failure) [PSYoungGen: 68992K->1501K(68608K)] 369262K->301771K(736768K), 0.0020636 secs] [Times: user=0.00 sys=0.00, real=0.00 secs] 
607.414: [GC (Allocation Failure) [PSYoungGen: 68573K->1501K(68096K)] 368843K->301771K(736256K), 0.0021029 secs] [Times: user=0.01 sys=0.00, real=0.00 secs] 
607.563: [GC (Allocation Failure) [PSYoungGen: 68061K->1437K(68096K)] 368331K->301707K(736256K), 0.0015160 secs] [Times: user=0.00 sys=0.00, real=0.00 secs] 
607.696: [GC (Allocation Failure) [PSYoungGen: 67997K->1456K(68096K)] 368267K->301742K(736256K), 0.0018950 secs] [Times: user=0.00 sys=0.00, real=0.00 secs] 
608.878: [GC (Allocation Failure) [PSYoungGen: 68016K->1472K(68096K)] 368302K->301766K(736256K), 0.0025327 secs] [Times: user=0.01 sys=0.00, real=0.01 secs] 
609.404: [GC (Allocation Failure) [PSYoungGen: 68032K->1408K(68096K)] 368326K->301702K(736256K), 0.0022254 secs] [Times: user=0.00 sys=0.00, real=0.00 secs] 
610.186: [GC (Allocation Failure) [PSYoungGen: 67968K->1408K(68096K)] 368262K->301702K(736256K), 0.0022789 secs] [Times: user=0.00 sys=0.00, real=0.00 secs] 
611.019: [GC (Allocation Failure) [PSYoungGen: 67968K->1408K(68096K)] 368262K->301702K(736256K), 0.0039817 secs] [Times: user=0.01 sys=0.01, real=0.00 secs] 
611.570: [GC (Allocation Failure) [PSYoungGen: 67968K->1485K(68096K)] 368262K->301779K(736256K), 0.0019891 secs] [Times: user=0.01 sys=0.00, real=0.00 secs] 
611.719: [GC (Allocation Failure) [PSYoungGen: 68045K->1488K(68608K)] 368339K->301782K(736768K), 0.0014043 secs] [Times: user=0.00 sys=0.00, real=0.00 secs] 
611.835: [GC (Allocation Failure) [PSYoungGen: 68025K->1504K(68608K)] 368319K->301798K(736768K), 0.0013588 secs] [Times: user=0.01 sys=0.00, real=0.00 secs] 
611.951: [GC (Allocation Failure) [PSYoungGen: 68064K->1453K(68608K)] 368358K->301763K(736768K), 0.0014552 secs] [Times: user=0.01 sys=0.00, real=0.00 secs] 
612.604: [GC (Allocation Failure) [PSYoungGen: 68013K->1472K(68608K)] 368323K->301782K(736768K), 0.0020621 secs] [Times: user=0.01 sys=0.00, real=0.00 secs] 
613.094: [GC (Allocation Failure) [PSYoungGen: 68032K->1408K(68608K)] 368342K->301718K(736768K), 0.0018599 secs] [Times: user=0.01 sys=0.00, real=0.00 secs] 
613.631: [GC (Allocation Failure) [PSYoungGen: 67968K->1376K(68608K)] 368278K->301686K(736768K), 0.0019746 secs] [Times: user=0.01 sys=0.00, real=0.00 secs] 
614.173: [GC (Allocation Failure) [PSYoungGen: 67936K->1376K(68608K)] 368246K->301694K(736768K), 0.0018625 secs] [Times: user=0.01 sys=0.00, real=0.00 secs] 
614.709: [GC (Allocation Failure) [PSYoungGen: 67936K->1501K(68608K)] 368254K->301819K(736768K), 0.0020897 secs] [Times: user=0.01 sys=0.00, real=0.00 secs] 
614.850: [GC (Allocation Failure) [PSYoungGen: 68061K->1520K(68608K)] 368379K->301838K(736768K), 0.0015129 secs] [Times: user=0.00 sys=0.00, real=0.00 secs] 
614.966: [GC (Allocation Failure) [PSYoungGen: 68080K->1520K(68608K)] 368398K->301838K(736768K), 0.0016975 secs] [Times: user=0.01 sys=0.00, real=0.00 secs] 
615.083: [GC (Allocation Failure) [PSYoungGen: 68080K->1520K(68608K)] 368398K->301870K(736768K), 0.0016469 secs] [Times: user=0.00 sys=0.01, real=0.00 secs] 
615.391: [GC (Allocation Failure) [PSYoungGen: 68080K->1408K(68096K)] 368430K->301766K(736256K), 0.0020591 secs] [Times: user=0.01 sys=0.00, real=0.00 secs] 
615.952: [GC (Allocation Failure) [PSYoungGen: 67968K->1408K(68096K)] 368326K->301766K(736256K), 0.0025260 secs] [Times: user=0.00 sys=0.00, real=0.00 secs] 
616.495: [GC (Allocation Failure) [PSYoungGen: 67968K->1408K(68096K)] 368326K->301766K(736256K), 0.0020476 secs] [Times: user=0.01 sys=0.00, real=0.00 secs] 
617.525: [GC (Allocation Failure) [PSYoungGen: 67968K->1376K(68096K)] 368326K->301734K(736256K), 0.0031672 secs] [Times: user=0.01 sys=0.00, real=0.00 secs] 
618.118: [GC (Allocation Failure) [PSYoungGen: 67936K->1469K(68096K)] 368294K->301827K(736256K), 0.0020490 secs] [Times: user=0.01 sys=0.00, real=0.01 secs] 
618.274: [GC (Allocation Failure) [PSYoungGen: 68029K->1501K(72704K)] 368387K->301859K(740864K), 0.0035031 secs] [Times: user=0.02 sys=0.00, real=0.00 secs] 
618.420: [GC (Allocation Failure) [PSYoungGen: 72157K->1517K(75264K)] 372515K->301875K(743424K), 0.0017852 secs] [Times: user=0.01 sys=0.00, real=0.00 secs] 
618.594: [GC (Allocation Failure) [PSYoungGen: 74733K->1501K(75264K)] 375091K->301883K(743424K), 0.0019038 secs] [Times: user=0.00 sys=0.00, real=0.00 secs] 
619.476: [GC (Allocation Failure) [PSYoungGen: 74717K->1440K(74240K)] 375099K->301822K(742400K), 0.0036616 secs] [Times: user=0.01 sys=0.00, real=0.01 secs] 
620.010: [GC (Allocation Failure) [PSYoungGen: 74144K->1376K(73728K)] 374526K->301758K(741888K), 0.0024100 secs] [Times: user=0.00 sys=0.00, real=0.00 secs] 
620.637: [GC (Allocation Failure) [PSYoungGen: 73568K->1376K(73216K)] 373950K->301758K(741376K), 0.0030451 secs] [Times: user=0.01 sys=0.00, real=0.01 secs] 
621.493: [GC (Allocation Failure) [PSYoungGen: 73056K->1392K(72704K)] 373438K->301774K(740864K), 0.0040336 secs] [Times: user=0.01 sys=0.00, real=0.00 secs] 
621.892: [GC (Allocation Failure) [PSYoungGen: 72560K->1469K(72192K)] 372942K->301851K(740352K), 0.0019265 secs] [Times: user=0.01 sys=0.00, real=0.00 secs] 
622.063: [GC (Allocation Failure) [PSYoungGen: 72125K->1488K(71680K)] 372507K->301870K(739840K), 0.0019797 secs] [Times: user=0.01 sys=0.00, real=0.00 secs] 
622.218: [GC (Allocation Failure) [PSYoungGen: 71619K->1533K(71168K)] 372001K->301915K(739328K), 0.0015347 secs] [Times: user=0.01 sys=0.00, real=0.01 secs] 
622.599: [GC (Allocation Failure) [PSYoungGen: 71165K->1392K(70656K)] 371547K->301774K(738816K), 0.0019885 secs] [Times: user=0.01 sys=0.00, real=0.00 secs] 
623.815: [GC (Allocation Failure) [PSYoungGen: 70512K->1376K(70144K)] 370894K->301758K(738304K), 0.0039573 secs] [Times: user=0.01 sys=0.00, real=0.01 secs] 
624.482: [GC (Allocation Failure) [PSYoungGen: 69984K->1344K(69632K)] 370366K->301726K(737792K), 0.0024328 secs] [Times: user=0.01 sys=0.00, real=0.00 secs] 
624.970: [GC (Allocation Failure) [PSYoungGen: 69440K->1376K(69120K)] 369822K->301758K(737280K), 0.0019852 secs] [Times: user=0.01 sys=0.00, real=0.00 secs] 
625.330: [GC (Allocation Failure) [PSYoungGen: 68960K->1469K(68608K)] 369342K->301851K(736768K), 0.0022295 secs] [Times: user=0.01 sys=0.00, real=0.00 secs] 
625.511: [GC (Allocation Failure) [PSYoungGen: 68541K->1533K(68096K)] 368923K->301915K(736256K), 0.0019798 secs] [Times: user=0.01 sys=0.00, real=0.00 secs] 
625.667: [GC (Allocation Failure) [PSYoungGen: 68093K->1501K(68096K)] 368475K->301883K(736256K), 0.0017879 secs] [Times: user=0.01 sys=0.00, real=0.00 secs] 
625.783: [GC (Allocation Failure) [PSYoungGen: 68061K->1488K(68096K)] 368443K->301870K(736256K), 0.0014643 secs] [Times: user=0.01 sys=0.00, real=0.00 secs] 
626.030: [GC (Allocation Failure) [PSYoungGen: 68048K->1472K(68096K)] 368430K->301878K(736256K), 0.0020570 secs] [Times: user=0.01 sys=0.00, real=0.00 secs] 
626.307: [GC (Allocation Failure) [PSYoungGen: 68032K->1376K(68096K)] 368438K->301782K(736256K), 0.0019565 secs] [Times: user=0.01 sys=0.00, real=0.01 secs] 
626.584: [GC (Allocation Failure) [PSYoungGen: 67936K->1408K(68096K)] 368342K->301814K(736256K), 0.0019834 secs] [Times: user=0.01 sys=0.00, real=0.00 secs] 
626.860: [GC (Allocation Failure) [PSYoungGen: 67968K->1376K(68096K)] 368374K->301782K(736256K), 0.0019455 secs] [Times: user=0.01 sys=0.01, real=0.00 secs] 
627.332: [GC (Allocation Failure) [PSYoungGen: 67936K->1376K(68096K)] 368342K->301782K(736256K), 0.0023192 secs] [Times: user=0.01 sys=0.00, real=0.00 secs] 
627.593: [GC (Allocation Failure) [PSYoungGen: 67936K->1501K(68096K)] 368342K->301907K(736256K), 0.0017487 secs] [Times: user=0.01 sys=0.00, real=0.00 secs] 
627.710: [GC (Allocation Failure) [PSYoungGen: 68061K->1488K(68096K)] 368467K->301894K(736256K), 0.0015612 secs] [Times: user=0.00 sys=0.00, real=0.00 secs] 
627.826: [GC (Allocation Failure) [PSYoungGen: 68048K->1440K(68096K)] 368454K->301862K(736256K), 0.0015116 secs] [Times: user=0.01 sys=0.00, real=0.00 secs] 
628.005: [GC (Allocation Failure) [PSYoungGen: 68000K->1520K(71168K)] 368422K->301942K(739328K), 0.0019552 secs] [Times: user=0.01 sys=0.00, real=0.00 secs] 
628.827: [GC (Allocation Failure) [PSYoungGen: 70640K->1376K(70144K)] 371062K->301798K(738304K), 0.0027678 secs] [Times: user=0.01 sys=0.00, real=0.01 secs] 
629.490: [GC (Allocation Failure) [PSYoungGen: 69984K->1408K(69632K)] 370406K->301830K(737792K), 0.0020385 secs] [Times: user=0.01 sys=0.00, real=0.00 secs] 
630.010: [GC (Allocation Failure) [PSYoungGen: 69504K->1408K(69120K)] 369926K->301830K(737280K), 0.0019755 secs] [Times: user=0.00 sys=0.00, real=0.00 secs] 
630.753: [GC (Allocation Failure) [PSYoungGen: 68992K->1408K(68608K)] 369414K->301830K(736768K), 0.0019292 secs] [Times: user=0.01 sys=0.00, real=0.00 secs] 
630.960: [GC (Allocation Failure) [PSYoungGen: 68480K->1456K(68096K)] 368902K->301878K(736256K), 0.0016177 secs] [Times: user=0.01 sys=0.00, real=0.00 secs] 
631.076: [GC (Allocation Failure) [PSYoungGen: 68016K->1424K(68096K)] 368438K->301846K(736256K), 0.0015758 secs] [Times: user=0.01 sys=0.00, real=0.00 secs] 
631.210: [GC (Allocation Failure) [PSYoungGen: 67984K->1456K(68096K)] 368406K->301894K(736256K), 0.0017922 secs] [Times: user=0.01 sys=0.00, real=0.00 secs] 
631.763: [GC (Allocation Failure) [PSYoungGen: 68016K->1632K(68608K)] 368454K->302078K(736768K), 0.0024560 secs] [Times: user=0.01 sys=0.00, real=0.00 secs] 
632.390: [GC (Allocation Failure) [PSYoungGen: 68192K->352K(67072K)] 368638K->301830K(735232K), 0.0020437 secs] [Times: user=0.01 sys=0.00, real=0.00 secs] 
633.016: [GC (Allocation Failure) [PSYoungGen: 66912K->352K(68608K)] 368390K->301830K(736768K), 0.0020203 secs] [Times: user=0.01 sys=0.00, real=0.00 secs] 
633.575: [GC (Allocation Failure) [PSYoungGen: 66912K->352K(67072K)] 368390K->301830K(735232K), 0.0020813 secs] [Times: user=0.00 sys=0.00, real=0.00 secs] 
634.138: [GC (Allocation Failure) [PSYoungGen: 66912K->368K(68608K)] 368390K->301846K(736768K), 0.0018743 secs] [Times: user=0.01 sys=0.00, real=0.01 secs] 
634.593: [GC (Allocation Failure) [PSYoungGen: 66928K->1440K(68096K)] 368406K->302918K(736256K), 0.0018767 secs] [Times: user=0.01 sys=0.00, real=0.00 secs] 
634.745: [GC (Allocation Failure) [PSYoungGen: 67488K->1520K(68608K)] 368966K->302998K(736768K), 0.0017912 secs] [Times: user=0.01 sys=0.00, real=0.00 secs] 
634.890: [GC (Allocation Failure) [PSYoungGen: 67568K->1488K(68608K)] 369046K->302982K(736768K), 0.0015294 secs] [Times: user=0.00 sys=0.00, real=0.00 secs] 
635.008: [GC (Allocation Failure) [PSYoungGen: 67536K->1453K(68608K)] 369030K->302971K(736768K), 0.0015843 secs] [Times: user=0.00 sys=0.00, real=0.01 secs] 
635.473: [GC (Allocation Failure) [PSYoungGen: 67501K->1408K(68608K)] 369019K->302926K(736768K), 0.0017553 secs] [Times: user=0.01 sys=0.00, real=0.00 secs] 
635.957: [GC (Allocation Failure) [PSYoungGen: 67456K->1376K(68608K)] 368974K->302894K(736768K), 0.0021477 secs] [Times: user=0.01 sys=0.00, real=0.01 secs] 
636.593: [GC (Allocation Failure) [PSYoungGen: 67424K->1376K(68608K)] 368942K->302894K(736768K), 0.0023819 secs] [Times: user=0.01 sys=0.00, real=0.00 secs] 
637.156: [GC (Allocation Failure) [PSYoungGen: 67424K->1408K(67584K)] 368942K->302926K(735744K), 0.0024216 secs] [Times: user=0.01 sys=0.00, real=0.01 secs] 
637.455: [GC (Allocation Failure) [PSYoungGen: 67456K->1456K(68096K)] 368974K->302974K(736256K), 0.0014809 secs] [Times: user=0.01 sys=0.00, real=0.00 secs] 
637.571: [GC (Allocation Failure) [PSYoungGen: 67504K->1488K(68096K)] 369022K->303006K(736256K), 0.0014511 secs] [Times: user=0.00 sys=0.00, real=0.00 secs] 
637.687: [GC (Allocation Failure) [PSYoungGen: 67536K->1456K(68096K)] 369054K->302990K(736256K), 0.0014265 secs] [Times: user=0.01 sys=0.00, real=0.00 secs] 
637.802: [GC (Allocation Failure) [PSYoungGen: 67504K->1472K(68096K)] 369038K->303006K(736256K), 0.0014480 secs] [Times: user=0.00 sys=0.00, real=0.00 secs] 
638.939: [GC (Allocation Failure) [PSYoungGen: 67520K->1408K(68096K)] 369054K->302942K(736256K), 0.0032326 secs] [Times: user=0.01 sys=0.00, real=0.00 secs] 
639.750: [GC (Allocation Failure) [PSYoungGen: 67456K->1408K(68096K)] 368990K->302942K(736256K), 0.0030833 secs] [Times: user=0.01 sys=0.00, real=0.00 secs] 
640.666: [GC (Allocation Failure) [PSYoungGen: 67456K->1376K(68096K)] 368990K->302910K(736256K), 0.0024531 secs] [Times: user=0.01 sys=0.00, real=0.01 secs] 
641.511: [GC (Allocation Failure) [PSYoungGen: 67424K->1376K(68096K)] 368958K->302910K(736256K), 0.0030368 secs] [Times: user=0.02 sys=0.00, real=0.00 secs] 
642.221: [GC (Allocation Failure) [PSYoungGen: 67424K->1485K(68096K)] 368958K->303019K(736256K), 0.0024220 secs] [Times: user=0.01 sys=0.00, real=0.00 secs] 
642.381: [GC (Allocation Failure) [PSYoungGen: 67533K->1456K(68096K)] 369067K->302990K(736256K), 0.0014514 secs] [Times: user=0.01 sys=0.00, real=0.00 secs] 
642.498: [GC (Allocation Failure) [PSYoungGen: 67504K->1456K(68096K)] 369038K->302990K(736256K), 0.0015494 secs] [Times: user=0.01 sys=0.00, real=0.01 secs] 
642.615: [GC (Allocation Failure) [PSYoungGen: 67504K->1456K(68096K)] 369038K->303006K(736256K), 0.0014134 secs] [Times: user=0.01 sys=0.00, real=0.00 secs] 
643.461: [GC (Allocation Failure) [PSYoungGen: 67504K->1472K(68096K)] 369054K->303022K(736256K), 0.0024298 secs] [Times: user=0.01 sys=0.00, real=0.00 secs] 
643.995: [GC (Allocation Failure) [PSYoungGen: 67520K->1408K(68096K)] 369070K->302958K(736256K), 0.0021326 secs] [Times: user=0.01 sys=0.00, real=0.00 secs] 
644.738: [GC (Allocation Failure) [PSYoungGen: 67456K->1408K(68096K)] 369006K->302958K(736256K), 0.0019493 secs] [Times: user=0.01 sys=0.00, real=0.01 secs] 
645.902: [GC (Allocation Failure) [PSYoungGen: 67456K->1408K(68096K)] 369006K->302958K(736256K), 0.0029606 secs] [Times: user=0.01 sys=0.00, real=0.00 secs] 
646.790: [GC (Allocation Failure) [PSYoungGen: 67456K->1453K(68096K)] 369006K->303003K(736256K), 0.0022371 secs] [Times: user=0.01 sys=0.00, real=0.00 secs] 
646.955: [GC (Allocation Failure) [PSYoungGen: 67501K->1453K(68096K)] 369051K->303003K(736256K), 0.0015108 secs] [Times: user=0.01 sys=0.00, real=0.00 secs] 
647.071: [GC (Allocation Failure) [PSYoungGen: 67501K->1488K(68096K)] 369051K->303038K(736256K), 0.0015267 secs] [Times: user=0.00 sys=0.00, real=0.00 secs] 
647.187: [GC (Allocation Failure) [PSYoungGen: 67536K->1501K(68096K)] 369086K->303079K(736256K), 0.0015624 secs] [Times: user=0.01 sys=0.00, real=0.00 secs] 
647.611: [GC (Allocation Failure) [PSYoungGen: 67549K->1472K(68096K)] 369127K->303050K(736256K), 0.0021023 secs] [Times: user=0.00 sys=0.00, real=0.00 secs] 
648.142: [GC (Allocation Failure) [PSYoungGen: 67520K->1408K(68096K)] 369098K->302986K(736256K), 0.0020979 secs] [Times: user=0.01 sys=0.00, real=0.00 secs] 
648.692: [GC (Allocation Failure) [PSYoungGen: 67456K->1376K(68096K)] 369034K->302954K(736256K), 0.0019956 secs] [Times: user=0.00 sys=0.00, real=0.00 secs] 
649.240: [GC (Allocation Failure) [PSYoungGen: 67424K->1344K(68096K)] 369002K->302922K(736256K), 0.0032823 secs] [Times: user=0.01 sys=0.00, real=0.00 secs] 
649.860: [GC (Allocation Failure) [PSYoungGen: 67392K->1488K(68096K)] 368970K->303066K(736256K), 0.0024296 secs] [Times: user=0.01 sys=0.01, real=0.00 secs] 
650.030: [GC (Allocation Failure) [PSYoungGen: 67536K->1456K(68096K)] 369114K->303034K(736256K), 0.0017530 secs] [Times: user=0.00 sys=0.00, real=0.00 secs] 
650.148: [GC (Allocation Failure) [PSYoungGen: 67504K->1488K(68096K)] 369082K->303066K(736256K), 0.0014711 secs] [Times: user=0.01 sys=0.00, real=0.01 secs] 
650.266: [GC (Allocation Failure) [PSYoungGen: 67536K->1456K(68096K)] 369114K->303050K(736256K), 0.0015190 secs] [Times: user=0.00 sys=0.00, real=0.00 secs] 
651.059: [GC (Allocation Failure) [PSYoungGen: 67504K->1472K(68096K)] 369098K->303066K(736256K), 0.0028145 secs] [Times: user=0.01 sys=0.00, real=0.00 secs] 
651.558: [GC (Allocation Failure) [PSYoungGen: 67520K->1408K(68096K)] 369114K->303002K(736256K), 0.0020754 secs] [Times: user=0.01 sys=0.00, real=0.01 secs] 
652.149: [GC (Allocation Failure) [PSYoungGen: 67456K->1408K(68096K)] 369050K->303002K(736256K), 0.0019644 secs] [Times: user=0.00 sys=0.00, real=0.00 secs] 
652.714: [GC (Allocation Failure) [PSYoungGen: 67456K->1344K(68096K)] 369050K->302938K(736256K), 0.0024539 secs] [Times: user=0.01 sys=0.00, real=0.00 secs] 
653.541: [GC (Allocation Failure) [PSYoungGen: 67284K->288K(68096K)] 368879K->301882K(736256K), 0.0033339 secs] [Times: user=0.01 sys=0.00, real=0.00 secs] 
653.741: [GC (Allocation Failure) [PSYoungGen: 66336K->1504K(68096K)] 367930K->303098K(736256K), 0.0018623 secs] [Times: user=0.01 sys=0.00, real=0.00 secs] 
653.893: [GC (Allocation Failure) [PSYoungGen: 67552K->1485K(68096K)] 369146K->303079K(736256K), 0.0016660 secs] [Times: user=0.01 sys=0.00, real=0.00 secs] 
654.045: [GC (Allocation Failure) [PSYoungGen: 67533K->1456K(68096K)] 369127K->303066K(736256K), 0.0014722 secs] [Times: user=0.01 sys=0.00, real=0.00 secs] 
654.217: [GC (Allocation Failure) [PSYoungGen: 67504K->1968K(68096K)] 369114K->303578K(736256K), 0.0017489 secs] [Times: user=0.01 sys=0.00, real=0.01 secs] 
654.920: [GC (Allocation Failure) [PSYoungGen: 68016K->1408K(68096K)] 369626K->303050K(736256K), 0.0018677 secs] [Times: user=0.00 sys=0.00, real=0.00 secs] 
655.884: [GC (Allocation Failure) [PSYoungGen: 67456K->1408K(68096K)] 369098K->303050K(736256K), 0.0027067 secs] [Times: user=0.01 sys=0.00, real=0.00 secs] 
656.719: [GC (Allocation Failure) [PSYoungGen: 67456K->1408K(68096K)] 369098K->303050K(736256K), 0.0031404 secs] [Times: user=0.01 sys=0.00, real=0.00 secs] 
657.802: [GC (Allocation Failure) [PSYoungGen: 67456K->1408K(68096K)] 369098K->303050K(736256K), 0.0032909 secs] [Times: user=0.01 sys=0.00, real=0.00 secs] 
658.181: [GC (Allocation Failure) [PSYoungGen: 67456K->1469K(68096K)] 369098K->303111K(736256K), 0.0018204 secs] [Times: user=0.01 sys=0.00, real=0.00 secs] 
658.310: [GC (Allocation Failure) [PSYoungGen: 67517K->1501K(68096K)] 369159K->303143K(736256K), 0.0014780 secs] [Times: user=0.01 sys=0.00, real=0.00 secs] 
658.426: [GC (Allocation Failure) [PSYoungGen: 67549K->1456K(68096K)] 369191K->303114K(736256K), 0.0014573 secs] [Times: user=0.00 sys=0.00, real=0.00 secs] 
658.542: [GC (Allocation Failure) [PSYoungGen: 67504K->1488K(68096K)] 369162K->303146K(736256K), 0.0015817 secs] [Times: user=0.01 sys=0.00, real=0.00 secs] 
659.521: [GC (Allocation Failure) [PSYoungGen: 67536K->1472K(68096K)] 369194K->303130K(736256K), 0.0019831 secs] [Times: user=0.01 sys=0.00, real=0.00 secs] 
659.884: [GC (Allocation Failure) [PSYoungGen: 67520K->1376K(68096K)] 369178K->303034K(736256K), 0.0022165 secs] [Times: user=0.01 sys=0.00, real=0.00 secs] 
660.164: [GC (Allocation Failure) [PSYoungGen: 67424K->1376K(68096K)] 369082K->303034K(736256K), 0.0020242 secs] [Times: user=0.00 sys=0.00, real=0.00 secs] 
660.540: [GC (Allocation Failure) [PSYoungGen: 67424K->1376K(68096K)] 369082K->303034K(736256K), 0.0025662 secs] [Times: user=0.01 sys=0.00, real=0.00 secs] 
660.923: [GC (Allocation Failure) [PSYoungGen: 67424K->1437K(68096K)] 369082K->303095K(736256K), 0.0019813 secs] [Times: user=0.01 sys=0.00, real=0.00 secs] 
661.047: [GC (Allocation Failure) [PSYoungGen: 67485K->1488K(68096K)] 369143K->303146K(736256K), 0.0014635 secs] [Times: user=0.01 sys=0.00, real=0.00 secs] 
661.162: [GC (Allocation Failure) [PSYoungGen: 67536K->1488K(68096K)] 369194K->303162K(736256K), 0.0015216 secs] [Times: user=0.00 sys=0.00, real=0.00 secs] 
661.278: [GC (Allocation Failure) [PSYoungGen: 67536K->1488K(68096K)] 369210K->303162K(736256K), 0.0014707 secs] [Times: user=0.01 sys=0.00, real=0.01 secs] 
662.153: [GC (Allocation Failure) [PSYoungGen: 67536K->1392K(68096K)] 369210K->303066K(736256K), 0.0032914 secs] [Times: user=0.01 sys=0.00, real=0.00 secs] 
662.839: [GC (Allocation Failure) [PSYoungGen: 67440K->1408K(68096K)] 369114K->303082K(736256K), 0.0025983 secs] [Times: user=0.01 sys=0.00, real=0.00 secs] 
663.436: [GC (Allocation Failure) [PSYoungGen: 67456K->1408K(68096K)] 369130K->303090K(736256K), 0.0032080 secs] [Times: user=0.01 sys=0.00, real=0.01 secs] 
664.126: [GC (Allocation Failure) [PSYoungGen: 67456K->1408K(68096K)] 369138K->303090K(736256K), 0.0025229 secs] [Times: user=0.01 sys=0.00, real=0.00 secs] 
664.730: [GC (Allocation Failure) [PSYoungGen: 67456K->1453K(68096K)] 369138K->303135K(736256K), 0.0022205 secs] [Times: user=0.01 sys=0.00, real=0.00 secs] 
664.922: [GC (Allocation Failure) [PSYoungGen: 67501K->1533K(68096K)] 369183K->303215K(736256K), 0.0021400 secs] [Times: user=0.00 sys=0.00, real=0.00 secs] 
665.065: [GC (Allocation Failure) [PSYoungGen: 67581K->1453K(68096K)] 369263K->303135K(736256K), 0.0017393 secs] [Times: user=0.00 sys=0.00, real=0.00 secs] 
665.182: [GC (Allocation Failure) [PSYoungGen: 67501K->1488K(68096K)] 369183K->303194K(736256K), 0.0015052 secs] [Times: user=0.01 sys=0.00, real=0.00 secs] 
665.639: [GC (Allocation Failure) [PSYoungGen: 67536K->1392K(68096K)] 369242K->303098K(736256K), 0.0031916 secs] [Times: user=0.01 sys=0.00, real=0.00 secs] 
666.254: [GC (Allocation Failure) [PSYoungGen: 67440K->1376K(68096K)] 369146K->303082K(736256K), 0.0023970 secs] [Times: user=0.01 sys=0.00, real=0.00 secs] 
666.905: [GC (Allocation Failure) [PSYoungGen: 67424K->1376K(68096K)] 369130K->303082K(736256K), 0.0031587 secs] [Times: user=0.02 sys=0.00, real=0.00 secs] 
667.458: [GC (Allocation Failure) [PSYoungGen: 67424K->1408K(68096K)] 369130K->303114K(736256K), 0.0031219 secs] [Times: user=0.01 sys=0.00, real=0.01 secs] 
667.947: [GC (Allocation Failure) [PSYoungGen: 67456K->1453K(68096K)] 369162K->303159K(736256K), 0.0021325 secs] [Times: user=0.01 sys=0.00, real=0.01 secs] 
668.105: [GC (Allocation Failure) [PSYoungGen: 67501K->1488K(68096K)] 369207K->303194K(736256K), 0.0014233 secs] [Times: user=0.00 sys=0.00, real=0.00 secs] 
668.221: [GC (Allocation Failure) [PSYoungGen: 67536K->1472K(68096K)] 369242K->303178K(736256K), 0.0014616 secs] [Times: user=0.01 sys=0.00, real=0.00 secs] 
668.355: [GC (Allocation Failure) [PSYoungGen: 67520K->1440K(68096K)] 369226K->303162K(736256K), 0.0017899 secs] [Times: user=0.01 sys=0.00, real=0.00 secs] 
668.686: [GC (Allocation Failure) [PSYoungGen: 67488K->1456K(68096K)] 369210K->303178K(736256K), 0.0018563 secs] [Times: user=0.01 sys=0.00, real=0.00 secs] 
669.219: [GC (Allocation Failure) [PSYoungGen: 67504K->1376K(68096K)] 369226K->303098K(736256K), 0.0017971 secs] [Times: user=0.01 sys=0.00, real=0.01 secs] 
669.810: [GC (Allocation Failure) [PSYoungGen: 67424K->1408K(68096K)] 369146K->303130K(736256K), 0.0031325 secs] [Times: user=0.01 sys=0.00, real=0.00 secs] 
670.333: [GC (Allocation Failure) [PSYoungGen: 67456K->1392K(68096K)] 369178K->303114K(736256K), 0.0027774 secs] [Times: user=0.01 sys=0.00, real=0.00 secs] 
670.922: [GC (Allocation Failure) [PSYoungGen: 67440K->1453K(68096K)] 369162K->303175K(736256K), 0.0022200 secs] [Times: user=0.01 sys=0.00, real=0.00 secs] 
671.124: [GC (Allocation Failure) [PSYoungGen: 67501K->1504K(68096K)] 369223K->303226K(736256K), 0.0020750 secs] [Times: user=0.01 sys=0.00, real=0.00 secs] 
671.253: [GC (Allocation Failure) [PSYoungGen: 67552K->1501K(68096K)] 369274K->303223K(736256K), 0.0015652 secs] [Times: user=0.01 sys=0.00, real=0.00 secs] 
671.385: [GC (Allocation Failure) [PSYoungGen: 67549K->1456K(68096K)] 369271K->303194K(736256K), 0.0020380 secs] [Times: user=0.01 sys=0.00, real=0.00 secs] 
671.832: [GC (Allocation Failure) [PSYoungGen: 67504K->1440K(68096K)] 369242K->303178K(736256K), 0.0019825 secs] [Times: user=0.01 sys=0.00, real=0.00 secs] 
672.401: [GC (Allocation Failure) [PSYoungGen: 67488K->1376K(68096K)] 369226K->303114K(736256K), 0.0020768 secs] [Times: user=0.00 sys=0.00, real=0.00 secs] 
672.954: [GC (Allocation Failure) [PSYoungGen: 67424K->1376K(68096K)] 369162K->303114K(736256K), 0.0031237 secs] [Times: user=0.02 sys=0.00, real=0.00 secs] 
673.546: [GC (Allocation Failure) [PSYoungGen: 67424K->1440K(68096K)] 369162K->303178K(736256K), 0.0026232 secs] [Times: user=0.01 sys=0.00, real=0.01 secs] 
673.969: [GC (Allocation Failure) [PSYoungGen: 67488K->1453K(68096K)] 369226K->303191K(736256K), 0.0019528 secs] [Times: user=0.00 sys=0.00, real=0.00 secs] 
674.104: [GC (Allocation Failure) [PSYoungGen: 67501K->1456K(67584K)] 369239K->303194K(735744K), 0.0017628 secs] [Times: user=0.00 sys=0.00, real=0.00 secs] 
674.220: [GC (Allocation Failure) [PSYoungGen: 67504K->1501K(67584K)] 369242K->303239K(735744K), 0.0015329 secs] [Times: user=0.01 sys=0.01, real=0.00 secs] 
674.336: [GC (Allocation Failure) [PSYoungGen: 67549K->1456K(68096K)] 369287K->303218K(736256K), 0.0014702 secs] [Times: user=0.00 sys=0.00, real=0.00 secs] 
674.622: [GC (Allocation Failure) [PSYoungGen: 67005K->2000K(68096K)] 368767K->303770K(736256K), 0.0022108 secs] [Times: user=0.01 sys=0.00, real=0.00 secs] 
675.255: [GC (Allocation Failure) [PSYoungGen: 68048K->1408K(68096K)] 369818K->303178K(736256K), 0.0024313 secs] [Times: user=0.01 sys=0.00, real=0.00 secs] 
676.042: [GC (Allocation Failure) [PSYoungGen: 67456K->1376K(68096K)] 369226K->303146K(736256K), 0.0029189 secs] [Times: user=0.01 sys=0.01, real=0.00 secs] 
676.770: [GC (Allocation Failure) [PSYoungGen: 67424K->1344K(68096K)] 369194K->303122K(736256K), 0.0037245 secs] [Times: user=0.02 sys=0.00, real=0.00 secs] 
677.544: [GC (Allocation Failure) [PSYoungGen: 67392K->1344K(68096K)] 369170K->303122K(736256K), 0.0039303 secs] [Times: user=0.01 sys=0.00, real=0.00 secs] 
677.998: [GC (Allocation Failure) [PSYoungGen: 67392K->1501K(68096K)] 369170K->303279K(736256K), 0.0021482 secs] [Times: user=0.00 sys=0.00, real=0.01 secs] 
678.135: [GC (Allocation Failure) [PSYoungGen: 67549K->1533K(68096K)] 369327K->303311K(736256K), 0.0014699 secs] [Times: user=0.01 sys=0.00, real=0.00 secs] 
678.251: [GC (Allocation Failure) [PSYoungGen: 67581K->1504K(68096K)] 369359K->303298K(736256K), 0.0015059 secs] [Times: user=0.01 sys=0.00, real=0.00 secs] 
678.386: [GC (Allocation Failure) [PSYoungGen: 67552K->1488K(68096K)] 369346K->303282K(736256K), 0.0021000 secs] [Times: user=0.01 sys=0.00, real=0.00 secs] 
680.361: [GC (Allocation Failure) [PSYoungGen: 67536K->1440K(67584K)] 369330K->303242K(735744K), 0.0041737 secs] [Times: user=0.02 sys=0.01, real=0.00 secs] 
681.164: [GC (Allocation Failure) [PSYoungGen: 67488K->1408K(67584K)] 369290K->303210K(735744K), 0.0026475 secs] [Times: user=0.01 sys=0.00, real=0.00 secs] 
681.863: [GC (Allocation Failure) [PSYoungGen: 67456K->1376K(67584K)] 369258K->303178K(735744K), 0.0019094 secs] [Times: user=0.01 sys=0.00, real=0.00 secs] 
682.737: [GC (Allocation Failure) [PSYoungGen: 67424K->1376K(67584K)] 369226K->303178K(735744K), 0.0023111 secs] [Times: user=0.01 sys=0.00, real=0.01 secs] 
683.320: [GC (Allocation Failure) [PSYoungGen: 67424K->1488K(67584K)] 369226K->303290K(735744K), 0.0014943 secs] [Times: user=0.00 sys=0.00, real=0.00 secs] 
683.436: [GC (Allocation Failure) [PSYoungGen: 67536K->1501K(67584K)] 369338K->303303K(735744K), 0.0016199 secs] [Times: user=0.00 sys=0.00, real=0.00 secs] 
683.552: [GC (Allocation Failure) [PSYoungGen: 67549K->1472K(67584K)] 369351K->303290K(735744K), 0.0015060 secs] [Times: user=0.01 sys=0.00, real=0.00 secs] 
683.668: [GC (Allocation Failure) [PSYoungGen: 67520K->1517K(71168K)] 369338K->303335K(739328K), 0.0017440 secs] [Times: user=0.01 sys=0.00, real=0.01 secs] 
684.852: [GC (Allocation Failure) [PSYoungGen: 70637K->1440K(70144K)] 372455K->303258K(738304K), 0.0025479 secs] [Times: user=0.01 sys=0.00, real=0.00 secs] 
685.442: [GC (Allocation Failure) [PSYoungGen: 70048K->1376K(69632K)] 371866K->303194K(737792K), 0.0020810 secs] [Times: user=0.01 sys=0.00, real=0.00 secs] 
686.051: [GC (Allocation Failure) [PSYoungGen: 69472K->1408K(69120K)] 371290K->303226K(737280K), 0.0019749 secs] [Times: user=0.01 sys=0.00, real=0.00 secs] 
686.612: [GC (Allocation Failure) [PSYoungGen: 68992K->1440K(68608K)] 370810K->303258K(736768K), 0.0020205 secs] [Times: user=0.01 sys=0.00, real=0.00 secs] 
687.073: [GC (Allocation Failure) [PSYoungGen: 68512K->1485K(68096K)] 370330K->303303K(736256K), 0.0019684 secs] [Times: user=0.01 sys=0.00, real=0.00 secs] 
687.200: [GC (Allocation Failure) [PSYoungGen: 68045K->1488K(68096K)] 369863K->303306K(736256K), 0.0015749 secs] [Times: user=0.01 sys=0.00, real=0.00 secs] 
687.316: [GC (Allocation Failure) [PSYoungGen: 68048K->1501K(68096K)] 369866K->303319K(736256K), 0.0015190 secs] [Times: user=0.00 sys=0.00, real=0.00 secs] 
687.432: [GC (Allocation Failure) [PSYoungGen: 68061K->1501K(68096K)] 369879K->303351K(736256K), 0.0016260 secs] [Times: user=0.01 sys=0.00, real=0.00 secs] 
688.170: [GC (Allocation Failure) [PSYoungGen: 68061K->1440K(68096K)] 369911K->303290K(736256K), 0.0021005 secs] [Times: user=0.01 sys=0.00, real=0.00 secs] 
688.800: [GC (Allocation Failure) [PSYoungGen: 68000K->1376K(68096K)] 369850K->303226K(736256K), 0.0021011 secs] [Times: user=0.00 sys=0.00, real=0.00 secs] 
689.537: [GC (Allocation Failure) [PSYoungGen: 67936K->1376K(68096K)] 369786K->303226K(736256K), 0.0024588 secs] [Times: user=0.01 sys=0.00, real=0.01 secs] 
690.285: [GC (Allocation Failure) [PSYoungGen: 67936K->1440K(68096K)] 369786K->303290K(736256K), 0.0027237 secs] [Times: user=0.01 sys=0.00, real=0.00 secs] 
690.865: [GC (Allocation Failure) [PSYoungGen: 68000K->1472K(68608K)] 369850K->303322K(736768K), 0.0020801 secs] [Times: user=0.01 sys=0.00, real=0.00 secs] 
691.015: [GC (Allocation Failure) [PSYoungGen: 68032K->1456K(68608K)] 369882K->303306K(736768K), 0.0015162 secs] [Times: user=0.01 sys=0.00, real=0.00 secs] 
691.131: [GC (Allocation Failure) [PSYoungGen: 68016K->1437K(68608K)] 369866K->303287K(736768K), 0.0016651 secs] [Times: user=0.00 sys=0.00, real=0.00 secs] 
691.250: [GC (Allocation Failure) [PSYoungGen: 67997K->1456K(68608K)] 369847K->303322K(736768K), 0.0015626 secs] [Times: user=0.01 sys=0.00, real=0.00 secs] 
692.821: [GC (Allocation Failure) [PSYoungGen: 68016K->1440K(68608K)] 369882K->303314K(736768K), 0.0022192 secs] [Times: user=0.00 sys=0.01, real=0.00 secs] 
693.245: [GC (Allocation Failure) [PSYoungGen: 68000K->1376K(68608K)] 369874K->303250K(736768K), 0.0020109 secs] [Times: user=0.01 sys=0.00, real=0.00 secs] 
693.521: [GC (Allocation Failure) [PSYoungGen: 67936K->1376K(68608K)] 369810K->303250K(736768K), 0.0018536 secs] [Times: user=0.00 sys=0.00, real=0.00 secs] 
693.798: [GC (Allocation Failure) [PSYoungGen: 67936K->1440K(68096K)] 369810K->303314K(736256K), 0.0020463 secs] [Times: user=0.01 sys=0.00, real=0.01 secs] 
694.116: [GC (Allocation Failure) [PSYoungGen: 68000K->1501K(67584K)] 369874K->303383K(735744K), 0.0018641 secs] [Times: user=0.01 sys=0.00, real=0.00 secs] 
694.272: [GC (Allocation Failure) [PSYoungGen: 67549K->1456K(68096K)] 369431K->303338K(736256K), 0.0019122 secs] [Times: user=0.01 sys=0.00, real=0.00 secs] 
694.416: [GC (Allocation Failure) [PSYoungGen: 67504K->1488K(68096K)] 369386K->303370K(736256K), 0.0015098 secs] [Times: user=0.01 sys=0.00, real=0.00 secs] 
694.532: [GC (Allocation Failure) [PSYoungGen: 67536K->1472K(68096K)] 369418K->303362K(736256K), 0.0014685 secs] [Times: user=0.01 sys=0.00, real=0.00 secs] 
695.294: [GC (Allocation Failure) [PSYoungGen: 67520K->1392K(68096K)] 369410K->303306K(736256K), 0.0031256 secs] [Times: user=0.01 sys=0.00, real=0.00 secs] 
696.236: [GC (Allocation Failure) [PSYoungGen: 67440K->1440K(68096K)] 369354K->303354K(736256K), 0.0038900 secs] [Times: user=0.01 sys=0.00, real=0.01 secs] 
697.146: [GC (Allocation Failure) [PSYoungGen: 67488K->1408K(67584K)] 369402K->303322K(735744K), 0.0027234 secs] [Times: user=0.01 sys=0.00, real=0.00 secs] 
697.982: [GC (Allocation Failure) [PSYoungGen: 67456K->1392K(67584K)] 369370K->303306K(735744K), 0.0026672 secs] [Times: user=0.01 sys=0.00, real=0.00 secs] 
698.662: [GC (Allocation Failure) [PSYoungGen: 67440K->429K(67072K)] 369354K->303367K(735232K), 0.0024599 secs] [Times: user=0.00 sys=0.00, real=0.00 secs] 
698.832: [GC (Allocation Failure) [PSYoungGen: 66477K->496K(68096K)] 369415K->303434K(736256K), 0.0014642 secs] [Times: user=0.01 sys=0.00, real=0.00 secs] 
698.948: [GC (Allocation Failure) [PSYoungGen: 66544K->509K(68096K)] 369482K->303447K(736256K), 0.0014804 secs] [Times: user=0.00 sys=0.00, real=0.01 secs] 
699.063: [GC (Allocation Failure) [PSYoungGen: 66557K->480K(68096K)] 369495K->303434K(736256K), 0.0017130 secs] [Times: user=0.01 sys=0.00, real=0.00 secs] 
699.672: [GC (Allocation Failure) [PSYoungGen: 66528K->1440K(68096K)] 369482K->304394K(736256K), 0.0022427 secs] [Times: user=0.00 sys=0.00, real=0.00 secs] 
700.430: [GC (Allocation Failure) [PSYoungGen: 67488K->1344K(68096K)] 370442K->304298K(736256K), 0.0025190 secs] [Times: user=0.01 sys=0.00, real=0.00 secs] 
701.653: [GC (Allocation Failure) [PSYoungGen: 67392K->1392K(68096K)] 370346K->304346K(736256K), 0.0036418 secs] [Times: user=0.01 sys=0.00, real=0.00 secs] 
702.641: [GC (Allocation Failure) [PSYoungGen: 67440K->1424K(68096K)] 370394K->304394K(736256K), 0.0036219 secs] [Times: user=0.01 sys=0.00, real=0.00 secs] 
703.563: [GC (Allocation Failure) [PSYoungGen: 67472K->1456K(68096K)] 370442K->304426K(736256K), 0.0025390 secs] [Times: user=0.01 sys=0.00, real=0.00 secs] 
703.742: [GC (Allocation Failure) [PSYoungGen: 67504K->1456K(68096K)] 370474K->304426K(736256K), 0.0015230 secs] [Times: user=0.01 sys=0.00, real=0.00 secs] 
703.876: [GC (Allocation Failure) [PSYoungGen: 67504K->1456K(68096K)] 370474K->304426K(736256K), 0.0017877 secs] [Times: user=0.01 sys=0.00, real=0.00 secs] 
704.032: [GC (Allocation Failure) [PSYoungGen: 67504K->1504K(68096K)] 370474K->304482K(736256K), 0.0015510 secs] [Times: user=0.00 sys=0.00, real=0.00 secs] 
705.671: [GC (Allocation Failure) [PSYoungGen: 67552K->1440K(68096K)] 370530K->304418K(736256K), 0.0041992 secs] [Times: user=0.02 sys=0.00, real=0.00 secs] 
706.779: [GC (Allocation Failure) [PSYoungGen: 67488K->1344K(68096K)] 370466K->304322K(736256K), 0.0036883 secs] [Times: user=0.01 sys=0.00, real=0.00 secs] 
707.513: [GC (Allocation Failure) [PSYoungGen: 67392K->1376K(68096K)] 370370K->304354K(736256K), 0.0026546 secs] [Times: user=0.01 sys=0.00, real=0.00 secs] 
707.882: [GC (Allocation Failure) [PSYoungGen: 67424K->1376K(68096K)] 370402K->304378K(736256K), 0.0019918 secs] [Times: user=0.00 sys=0.00, real=0.00 secs] 
708.485: [GC (Allocation Failure) [PSYoungGen: 67424K->1344K(68096K)] 370426K->304346K(736256K), 0.0019569 secs] [Times: user=0.01 sys=0.00, real=0.00 secs] 
708.713: [GC (Allocation Failure) [PSYoungGen: 67392K->1501K(68096K)] 370394K->304511K(736256K), 0.0014354 secs] [Times: user=0.01 sys=0.00, real=0.00 secs] 
708.829: [GC (Allocation Failure) [PSYoungGen: 67549K->1501K(68096K)] 370559K->304511K(736256K), 0.0014727 secs] [Times: user=0.01 sys=0.00, real=0.00 secs] 
708.962: [GC (Allocation Failure) [PSYoungGen: 67549K->1437K(68096K)] 370559K->304455K(736256K), 0.0017891 secs] [Times: user=0.01 sys=0.00, real=0.00 secs] 
709.120: [GC (Allocation Failure) [PSYoungGen: 67485K->256K(68096K)] 370503K->303274K(736256K), 0.0018086 secs] [Times: user=0.00 sys=0.00, real=0.00 secs] 
709.836: [GC (Allocation Failure) [PSYoungGen: 66304K->1344K(68096K)] 369322K->304362K(736256K), 0.0027554 secs] [Times: user=0.01 sys=0.01, real=0.00 secs] 
710.438: [GC (Allocation Failure) [PSYoungGen: 67392K->1376K(68096K)] 370410K->304394K(736256K), 0.0024030 secs] [Times: user=0.01 sys=0.00, real=0.01 secs] 
711.001: [GC (Allocation Failure) [PSYoungGen: 67424K->1376K(68096K)] 370442K->304394K(736256K), 0.0019048 secs] [Times: user=0.00 sys=0.00, real=0.00 secs] 
711.518: [GC (Allocation Failure) [PSYoungGen: 67424K->1408K(68096K)] 370442K->304426K(736256K), 0.0019236 secs] [Times: user=0.00 sys=0.00, real=0.01 secs] 
711.812: [GC (Allocation Failure) [PSYoungGen: 67456K->1424K(68096K)] 370474K->304442K(736256K), 0.0014440 secs] [Times: user=0.00 sys=0.00, real=0.00 secs] 
711.929: [GC (Allocation Failure) [PSYoungGen: 67472K->1456K(68096K)] 370490K->304474K(736256K), 0.0015791 secs] [Times: user=0.01 sys=0.00, real=0.00 secs] 
712.047: [GC (Allocation Failure) [PSYoungGen: 67504K->1488K(68096K)] 370522K->304522K(736256K), 0.0014785 secs] [Times: user=0.01 sys=0.00, real=0.00 secs] 
712.164: [GC (Allocation Failure) [PSYoungGen: 67536K->1488K(68096K)] 370570K->304522K(736256K), 0.0014861 secs] [Times: user=0.00 sys=0.00, real=0.00 secs] 
714.160: [GC (Allocation Failure) [PSYoungGen: 67536K->1440K(68096K)] 370570K->304474K(736256K), 0.0032910 secs] [Times: user=0.02 sys=0.00, real=0.00 secs] 
715.100: [GC (Allocation Failure) [PSYoungGen: 67488K->1408K(68096K)] 370522K->304442K(736256K), 0.0026329 secs] [Times: user=0.01 sys=0.00, real=0.00 secs] 
715.806: [GC (Allocation Failure) [PSYoungGen: 67456K->1376K(68096K)] 370490K->304410K(736256K), 0.0030941 secs] [Times: user=0.01 sys=0.00, real=0.01 secs] 
716.512: [GC (Allocation Failure) [PSYoungGen: 67424K->1344K(68096K)] 370458K->304402K(736256K), 0.0027504 secs] [Times: user=0.02 sys=0.00, real=0.00 secs] 
717.038: [GC (Allocation Failure) [PSYoungGen: 67392K->1517K(68096K)] 370450K->304575K(736256K), 0.0020401 secs] [Times: user=0.00 sys=0.00, real=0.01 secs] 
717.210: [GC (Allocation Failure) [PSYoungGen: 67565K->1504K(68096K)] 370623K->304562K(736256K), 0.0018469 secs] [Times: user=0.01 sys=0.00, real=0.00 secs] 
717.362: [GC (Allocation Failure) [PSYoungGen: 67531K->1469K(68096K)] 370589K->304535K(736256K), 0.0017464 secs] [Times: user=0.01 sys=0.00, real=0.00 secs] 
717.478: [GC (Allocation Failure) [PSYoungGen: 67517K->1469K(68096K)] 370583K->304543K(736256K), 0.0014891 secs] [Times: user=0.00 sys=0.00, real=0.01 secs] 
718.000: [GC (Allocation Failure) [PSYoungGen: 67517K->1408K(68096K)] 370591K->304482K(736256K), 0.0032305 secs] [Times: user=0.02 sys=0.00, real=0.00 secs] 
718.587: [GC (Allocation Failure) [PSYoungGen: 67456K->1376K(68096K)] 370530K->304450K(736256K), 0.0025619 secs] [Times: user=0.01 sys=0.00, real=0.01 secs] 
719.193: [GC (Allocation Failure) [PSYoungGen: 67424K->1360K(68096K)] 370498K->304434K(736256K), 0.0022289 secs] [Times: user=0.01 sys=0.00, real=0.00 secs] 
719.838: [GC (Allocation Failure) [PSYoungGen: 67408K->1408K(68096K)] 370482K->304482K(736256K), 0.0024548 secs] [Times: user=0.00 sys=0.00, real=0.01 secs] 
720.516: [GC (Allocation Failure) [PSYoungGen: 67456K->1453K(68096K)] 370530K->304527K(736256K), 0.0023096 secs] [Times: user=0.01 sys=0.00, real=0.00 secs] 
720.710: [GC (Allocation Failure) [PSYoungGen: 67501K->1488K(68096K)] 370575K->304562K(736256K), 0.0020579 secs] [Times: user=0.01 sys=0.00, real=0.00 secs] 
720.916: [GC (Allocation Failure) [PSYoungGen: 67536K->1453K(68096K)] 370610K->304527K(736256K), 0.0020225 secs] [Times: user=0.00 sys=0.00, real=0.00 secs] 
721.061: [GC (Allocation Failure) [PSYoungGen: 67501K->1456K(68096K)] 370575K->304546K(736256K), 0.0015222 secs] [Times: user=0.01 sys=0.00, real=0.00 secs] 
722.011: [GC (Allocation Failure) [PSYoungGen: 67504K->1424K(68096K)] 370594K->304514K(736256K), 0.0038693 secs] [Times: user=0.01 sys=0.00, real=0.00 secs] 
722.632: [GC (Allocation Failure) [PSYoungGen: 67472K->1392K(68096K)] 370562K->304482K(736256K), 0.0025807 secs] [Times: user=0.01 sys=0.00, real=0.00 secs] 
723.050: [GC (Allocation Failure) [PSYoungGen: 67440K->1376K(68096K)] 370530K->304466K(736256K), 0.0019096 secs] [Times: user=0.00 sys=0.00, real=0.00 secs] 
723.324: [GC (Allocation Failure) [PSYoungGen: 67424K->1408K(68096K)] 370514K->304498K(736256K), 0.0019064 secs] [Times: user=0.01 sys=0.00, real=0.00 secs] 
723.920: [GC (Allocation Failure) [PSYoungGen: 67456K->1405K(68096K)] 370546K->304495K(736256K), 0.0019775 secs] [Times: user=0.01 sys=0.00, real=0.00 secs] 
724.066: [GC (Allocation Failure) [PSYoungGen: 67453K->1456K(68096K)] 370543K->304546K(736256K), 0.0016561 secs] [Times: user=0.00 sys=0.00, real=0.00 secs] 
724.199: [GC (Allocation Failure) [PSYoungGen: 67504K->1501K(68096K)] 370594K->304591K(736256K), 0.0017753 secs] [Times: user=0.01 sys=0.00, real=0.00 secs] 
724.345: [GC (Allocation Failure) [PSYoungGen: 67549K->1520K(68096K)] 370639K->304626K(736256K), 0.0021416 secs] [Times: user=0.01 sys=0.00, real=0.00 secs] 
724.992: [GC (Allocation Failure) [PSYoungGen: 67568K->1424K(68096K)] 370674K->304530K(736256K), 0.0038146 secs] [Times: user=0.01 sys=0.00, real=0.00 secs] 
725.824: [GC (Allocation Failure) [PSYoungGen: 67472K->1376K(68096K)] 370578K->304514K(736256K), 0.0032304 secs] [Times: user=0.01 sys=0.00, real=0.00 secs] 
726.935: [GC (Allocation Failure) [PSYoungGen: 67424K->1376K(68096K)] 370562K->304514K(736256K), 0.0027723 secs] [Times: user=0.02 sys=0.00, real=0.00 secs] 
728.057: [GC (Allocation Failure) [PSYoungGen: 67424K->1408K(68096K)] 370562K->304554K(736256K), 0.0039961 secs] [Times: user=0.01 sys=0.00, real=0.01 secs] 
729.197: [GC (Allocation Failure) [PSYoungGen: 67456K->1424K(68096K)] 370602K->304570K(736256K), 0.0029131 secs] [Times: user=0.01 sys=0.00, real=0.01 secs] 
729.399: [GC (Allocation Failure) [PSYoungGen: 67472K->1472K(68096K)] 370618K->304618K(736256K), 0.0016823 secs] [Times: user=0.01 sys=0.00, real=0.00 secs] 
729.554: [GC (Allocation Failure) [PSYoungGen: 67520K->1472K(68096K)] 370666K->304618K(736256K), 0.0018548 secs] [Times: user=0.01 sys=0.00, real=0.00 secs] 
729.698: [GC (Allocation Failure) [PSYoungGen: 67520K->1456K(68096K)] 370666K->304618K(736256K), 0.0014858 secs] [Times: user=0.00 sys=0.00, real=0.01 secs] 
730.205: [GC (Allocation Failure) [PSYoungGen: 67504K->1472K(68096K)] 370666K->304634K(736256K), 0.0023939 secs] [Times: user=0.00 sys=0.00, real=0.00 secs] 
730.797: [GC (Allocation Failure) [PSYoungGen: 67520K->1392K(68096K)] 370682K->304554K(736256K), 0.0025032 secs] [Times: user=0.01 sys=0.00, real=0.01 secs] 
731.107: [GC (Allocation Failure) [PSYoungGen: 67440K->1392K(68096K)] 370602K->304554K(736256K), 0.0016821 secs] [Times: user=0.01 sys=0.00, real=0.00 secs] 
731.648: [GC (Allocation Failure) [PSYoungGen: 67440K->1408K(68096K)] 370602K->304570K(736256K), 0.0020851 secs] [Times: user=0.01 sys=0.00, real=0.01 secs] 
732.228: [GC (Allocation Failure) [PSYoungGen: 67456K->1440K(67584K)] 370618K->304602K(735744K), 0.0025952 secs] [Times: user=0.01 sys=0.00, real=0.01 secs] 
732.434: [GC (Allocation Failure) [PSYoungGen: 67488K->1469K(67072K)] 370650K->304631K(735232K), 0.0014120 secs] [Times: user=0.01 sys=0.00, real=0.00 secs] 
732.551: [GC (Allocation Failure) [PSYoungGen: 67005K->1469K(67584K)] 370167K->304631K(735744K), 0.0016214 secs] [Times: user=0.01 sys=0.00, real=0.00 secs] 
732.668: [GC (Allocation Failure) [PSYoungGen: 67005K->1533K(67584K)] 370167K->304719K(735744K), 0.0016318 secs] [Times: user=0.01 sys=0.00, real=0.01 secs] 
732.797: [GC (Allocation Failure) [PSYoungGen: 67069K->368K(67584K)] 370255K->303554K(735744K), 0.0019117 secs] [Times: user=0.00 sys=0.00, real=0.01 secs] 
733.897: [GC (Allocation Failure) [PSYoungGen: 65904K->1440K(67072K)] 369090K->304626K(735232K), 0.0034898 secs] [Times: user=0.02 sys=0.00, real=0.01 secs] 
734.664: [GC (Allocation Failure) [PSYoungGen: 66976K->1392K(67072K)] 370162K->304586K(735232K), 0.0023915 secs] [Times: user=0.00 sys=0.00, real=0.00 secs] 
735.272: [GC (Allocation Failure) [PSYoungGen: 66928K->1440K(67072K)] 370122K->304666K(735232K), 0.0019709 secs] [Times: user=0.01 sys=0.00, real=0.00 secs] 
735.871: [GC (Allocation Failure) [PSYoungGen: 66976K->1360K(67072K)] 370202K->304586K(735232K), 0.0032775 secs] [Times: user=0.01 sys=0.00, real=0.00 secs] 
736.186: [GC (Allocation Failure) [PSYoungGen: 66896K->1456K(67072K)] 370122K->304682K(735232K), 0.0019153 secs] [Times: user=0.01 sys=0.00, real=0.00 secs] 
736.335: [GC (Allocation Failure) [PSYoungGen: 66992K->1520K(67072K)] 370218K->304746K(735232K), 0.0020287 secs] [Times: user=0.01 sys=0.00, real=0.00 secs] 
736.479: [GC (Allocation Failure) [PSYoungGen: 67056K->1501K(67072K)] 370282K->304735K(735232K), 0.0014730 secs] [Times: user=0.01 sys=0.00, real=0.00 secs] 
736.593: [GC (Allocation Failure) [PSYoungGen: 67012K->1485K(67072K)] 370246K->304719K(735232K), 0.0015527 secs] [Times: user=0.01 sys=0.00, real=0.00 secs] 
737.437: [GC (Allocation Failure) [PSYoungGen: 67021K->1472K(67072K)] 370255K->304706K(735232K), 0.0032292 secs] [Times: user=0.02 sys=0.00, real=0.01 secs] 
738.105: [GC (Allocation Failure) [PSYoungGen: 67008K->1408K(67072K)] 370242K->304642K(735232K), 0.0031057 secs] [Times: user=0.01 sys=0.00, real=0.00 secs] 
738.890: [GC (Allocation Failure) [PSYoungGen: 66944K->1392K(67072K)] 370178K->304626K(735232K), 0.0033163 secs] [Times: user=0.02 sys=0.00, real=0.00 secs] 
739.794: [GC (Allocation Failure) [PSYoungGen: 66928K->1408K(67072K)] 370162K->304642K(735232K), 0.0033830 secs] [Times: user=0.01 sys=0.00, real=0.00 secs] 
740.385: [GC (Allocation Failure) [PSYoungGen: 66944K->1453K(67072K)] 370178K->304687K(735232K), 0.0020698 secs] [Times: user=0.00 sys=0.00, real=0.00 secs] 
740.535: [GC (Allocation Failure) [PSYoungGen: 66989K->1501K(67072K)] 370223K->304735K(735232K), 0.0015474 secs] [Times: user=0.01 sys=0.00, real=0.00 secs] 
740.652: [GC (Allocation Failure) [PSYoungGen: 67037K->1504K(67584K)] 370271K->304738K(735744K), 0.0014354 secs] [Times: user=0.00 sys=0.00, real=0.00 secs] 
740.769: [GC (Allocation Failure) [PSYoungGen: 67040K->1501K(67584K)] 370274K->304751K(735744K), 0.0014930 secs] [Times: user=0.00 sys=0.00, real=0.00 secs] 
741.351: [GC (Allocation Failure) [PSYoungGen: 67037K->1440K(67584K)] 370287K->304698K(735744K), 0.0018741 secs] [Times: user=0.01 sys=0.00, real=0.00 secs] 
741.913: [GC (Allocation Failure) [PSYoungGen: 66976K->1376K(67584K)] 370234K->304634K(735744K), 0.0018814 secs] [Times: user=0.01 sys=0.00, real=0.00 secs] 
742.185: [GC (Allocation Failure) [PSYoungGen: 66912K->1344K(67584K)] 370170K->304602K(735744K), 0.0019929 secs] [Times: user=0.01 sys=0.00, real=0.00 secs] 
742.458: [GC (Allocation Failure) [PSYoungGen: 66880K->1408K(67584K)] 370138K->304666K(735744K), 0.0016825 secs] [Times: user=0.00 sys=0.00, real=0.01 secs] 
742.718: [GC (Allocation Failure) [PSYoungGen: 66944K->1440K(67584K)] 370202K->304698K(735744K), 0.0017263 secs] [Times: user=0.01 sys=0.00, real=0.01 secs] 
742.838: [GC (Allocation Failure) [PSYoungGen: 66976K->1501K(67584K)] 370234K->304759K(735744K), 0.0014430 secs] [Times: user=0.01 sys=0.00, real=0.01 secs] 
742.955: [GC (Allocation Failure) [PSYoungGen: 67037K->1488K(67584K)] 370295K->304746K(735744K), 0.0014854 secs] [Times: user=0.00 sys=0.00, real=0.00 secs] 
743.071: [GC (Allocation Failure) [PSYoungGen: 66998K->1469K(67584K)] 370256K->304743K(735744K), 0.0014923 secs] [Times: user=0.01 sys=0.00, real=0.00 secs] 
744.245: [GC (Allocation Failure) [PSYoungGen: 67005K->1424K(67072K)] 370279K->304698K(735232K), 0.0041908 secs] [Times: user=0.01 sys=0.00, real=0.01 secs] 
744.804: [GC (Allocation Failure) [PSYoungGen: 66960K->1424K(67072K)] 370234K->304730K(735232K), 0.0028622 secs] [Times: user=0.00 sys=0.00, real=0.00 secs] 
745.768: [GC (Allocation Failure) [PSYoungGen: 66960K->1392K(67072K)] 370266K->304698K(735232K), 0.0038796 secs] [Times: user=0.01 sys=0.00, real=0.01 secs] 
746.714: [GC (Allocation Failure) [PSYoungGen: 66928K->1376K(67072K)] 370234K->304682K(735232K), 0.0041561 secs] [Times: user=0.01 sys=0.00, real=0.00 secs] 
747.638: [GC (Allocation Failure) [PSYoungGen: 66912K->1485K(67072K)] 370218K->304791K(735232K), 0.0024127 secs] [Times: user=0.01 sys=0.00, real=0.01 secs] 
747.819: [GC (Allocation Failure) [PSYoungGen: 67021K->1469K(67072K)] 370327K->304775K(735232K), 0.0016039 secs] [Times: user=0.00 sys=0.00, real=0.00 secs] 
747.936: [GC (Allocation Failure) [PSYoungGen: 67005K->1485K(67072K)] 370311K->304791K(735232K), 0.0014725 secs] [Times: user=0.00 sys=0.00, real=0.00 secs] 
748.070: [GC (Allocation Failure) [PSYoungGen: 67021K->1501K(67072K)] 370327K->304831K(735232K), 0.0019088 secs] [Times: user=0.00 sys=0.01, real=0.00 secs] 
748.343: [GC (Allocation Failure) [PSYoungGen: 67037K->1472K(67072K)] 370367K->305834K(735232K), 0.0022259 secs] [Times: user=0.01 sys=0.01, real=0.00 secs] 
748.715: [GC (Allocation Failure) [PSYoungGen: 67008K->1408K(67072K)] 371370K->305770K(735232K), 0.0020915 secs] [Times: user=0.01 sys=0.00, real=0.00 secs] 
749.312: [GC (Allocation Failure) [PSYoungGen: 66944K->1376K(67072K)] 371306K->305738K(735232K), 0.0020768 secs] [Times: user=0.01 sys=0.00, real=0.00 secs] 
750.016: [GC (Allocation Failure) [PSYoungGen: 66912K->1408K(67072K)] 371274K->305770K(735232K), 0.0027630 secs] [Times: user=0.01 sys=0.00, real=0.00 secs] 
750.815: [GC (Allocation Failure) [PSYoungGen: 66944K->1408K(67072K)] 371306K->305770K(735232K), 0.0032528 secs] [Times: user=0.01 sys=0.00, real=0.00 secs] 
751.277: [GC (Allocation Failure) [PSYoungGen: 66944K->1437K(67584K)] 371306K->305799K(735744K), 0.0020323 secs] [Times: user=0.01 sys=0.00, real=0.01 secs] 
751.401: [GC (Allocation Failure) [PSYoungGen: 66973K->1488K(67584K)] 371335K->305850K(735744K), 0.0015258 secs] [Times: user=0.01 sys=0.00, real=0.00 secs] 
751.519: [GC (Allocation Failure) [PSYoungGen: 67024K->1469K(67584K)] 371386K->305855K(735744K), 0.0026050 secs] [Times: user=0.01 sys=0.00, real=0.00 secs] 
751.663: [GC (Allocation Failure) [PSYoungGen: 66997K->1533K(74752K)] 371383K->305919K(742912K), 0.0020459 secs] [Times: user=0.01 sys=0.00, real=0.00 secs] 
752.228: [GC (Allocation Failure) [PSYoungGen: 74237K->1408K(73728K)] 378623K->305794K(741888K), 0.0020423 secs] [Times: user=0.00 sys=0.00, real=0.01 secs] 
752.528: [GC (Allocation Failure) [PSYoungGen: 73600K->1344K(73216K)] 377986K->305730K(741376K), 0.0020304 secs] [Times: user=0.01 sys=0.00, real=0.01 secs] 
752.924: [GC (Allocation Failure) [PSYoungGen: 73024K->1376K(72704K)] 377410K->305762K(740864K), 0.0021177 secs] [Times: user=0.01 sys=0.00, real=0.00 secs] 
753.508: [GC (Allocation Failure) [PSYoungGen: 72544K->1424K(72192K)] 376930K->305810K(740352K), 0.0024280 secs] [Times: user=0.01 sys=0.00, real=0.01 secs] 
753.683: [GC (Allocation Failure) [PSYoungGen: 72080K->1485K(71680K)] 376466K->305871K(739840K), 0.0015879 secs] [Times: user=0.01 sys=0.00, real=0.00 secs] 
753.805: [GC (Allocation Failure) [PSYoungGen: 71629K->1533K(71168K)] 376015K->305919K(739328K), 0.0016075 secs] [Times: user=0.01 sys=0.00, real=0.00 secs] 
753.927: [GC (Allocation Failure) [PSYoungGen: 71165K->1456K(71680K)] 375551K->305866K(739840K), 0.0018019 secs] [Times: user=0.01 sys=0.00, real=0.01 secs] 
754.218: [GC (Allocation Failure) [PSYoungGen: 71088K->1408K(70656K)] 375498K->305850K(738816K), 0.0019002 secs] [Times: user=0.00 sys=0.00, real=0.01 secs] 
754.505: [GC (Allocation Failure) [PSYoungGen: 70528K->1376K(70144K)] 374970K->305818K(738304K), 0.0020482 secs] [Times: user=0.01 sys=0.00, real=0.00 secs] 
754.791: [GC (Allocation Failure) [PSYoungGen: 69984K->1376K(69632K)] 374426K->305818K(737792K), 0.0027016 secs] [Times: user=0.01 sys=0.00, real=0.00 secs] 
755.075: [GC (Allocation Failure) [PSYoungGen: 69472K->1408K(69120K)] 373914K->305850K(737280K), 0.0025749 secs] [Times: user=0.01 sys=0.00, real=0.00 secs] 
755.396: [GC (Allocation Failure) [PSYoungGen: 68992K->1517K(68608K)] 373434K->305959K(736768K), 0.0017222 secs] [Times: user=0.00 sys=0.00, real=0.00 secs] 
755.524: [GC (Allocation Failure) [PSYoungGen: 68589K->1504K(68096K)] 373031K->305946K(736256K), 0.0015417 secs] [Times: user=0.01 sys=0.00, real=0.00 secs] 
755.657: [GC (Allocation Failure) [PSYoungGen: 68064K->1456K(74752K)] 372506K->305898K(742912K), 0.0017968 secs] [Times: user=0.01 sys=0.00, real=0.01 secs] 
755.817: [GC (Allocation Failure) [PSYoungGen: 74672K->1453K(75264K)] 379114K->305895K(743424K), 0.0017165 secs] [Times: user=0.01 sys=0.00, real=0.01 secs] 
756.262: [GC (Allocation Failure) [PSYoungGen: 74669K->1472K(74240K)] 379111K->305914K(742400K), 0.0024394 secs] [Times: user=0.01 sys=0.00, real=0.00 secs] 
756.565: [GC (Allocation Failure) [PSYoungGen: 74176K->1376K(73728K)] 378618K->305818K(741888K), 0.0022674 secs] [Times: user=0.01 sys=0.00, real=0.00 secs] 
757.082: [GC (Allocation Failure) [PSYoungGen: 73568K->1376K(73216K)] 378010K->305818K(741376K), 0.0020235 secs] [Times: user=0.01 sys=0.00, real=0.00 secs] 
757.745: [GC (Allocation Failure) [PSYoungGen: 73056K->1376K(72704K)] 377498K->305818K(740864K), 0.0024088 secs] [Times: user=0.01 sys=0.00, real=0.00 secs] 
758.153: [GC (Allocation Failure) [PSYoungGen: 72544K->1472K(72192K)] 376986K->305914K(740352K), 0.0015230 secs] [Times: user=0.00 sys=0.00, real=0.00 secs] 
758.277: [GC (Allocation Failure) [PSYoungGen: 72128K->1469K(71680K)] 376570K->305911K(739840K), 0.0015701 secs] [Times: user=0.01 sys=0.00, real=0.01 secs] 
758.400: [GC (Allocation Failure) [PSYoungGen: 71613K->1456K(71168K)] 376055K->305898K(739328K), 0.0014673 secs] [Times: user=0.00 sys=0.00, real=0.00 secs] 
758.523: [GC (Allocation Failure) [PSYoungGen: 71088K->1485K(70656K)] 375530K->305959K(738816K), 0.0017372 secs] [Times: user=0.01 sys=0.00, real=0.00 secs] 
760.464: [GC (Allocation Failure) [PSYoungGen: 70605K->1424K(70144K)] 375079K->305898K(738304K), 0.0034122 secs] [Times: user=0.01 sys=0.00, real=0.00 secs] 
761.322: [GC (Allocation Failure) [PSYoungGen: 70032K->1392K(69632K)] 374506K->305866K(737792K), 0.0040545 secs] [Times: user=0.02 sys=0.00, real=0.00 secs] 
762.075: [GC (Allocation Failure) [PSYoungGen: 69488K->1408K(69120K)] 373962K->305882K(737280K), 0.0026092 secs] [Times: user=0.01 sys=0.00, real=0.00 secs] 
762.338: [GC (Allocation Failure) [PSYoungGen: 68992K->1408K(68608K)] 373466K->305882K(736768K), 0.0018773 secs] [Times: user=0.01 sys=0.00, real=0.01 secs] 
762.531: [GC (Allocation Failure) [PSYoungGen: 68480K->1488K(68096K)] 372954K->305962K(736256K), 0.0014117 secs] [Times: user=0.01 sys=0.00, real=0.00 secs] 
762.649: [GC (Allocation Failure) [PSYoungGen: 68048K->1488K(68096K)] 372522K->305962K(736256K), 0.0014427 secs] [Times: user=0.00 sys=0.00, real=0.00 secs] 
762.765: [GC (Allocation Failure) [PSYoungGen: 68048K->1501K(68096K)] 372522K->305975K(736256K), 0.0014469 secs] [Times: user=0.00 sys=0.00, real=0.00 secs] 
762.884: [GC (Allocation Failure) [PSYoungGen: 68061K->1501K(75264K)] 372535K->305991K(743424K), 0.0014646 secs] [Times: user=0.00 sys=0.01, real=0.00 secs] 
763.622: [GC (Allocation Failure) [PSYoungGen: 74717K->1408K(74240K)] 379207K->305898K(742400K), 0.0022484 secs] [Times: user=0.01 sys=0.00, real=0.00 secs] 
764.333: [GC (Allocation Failure) [PSYoungGen: 74112K->1392K(73728K)] 378602K->305882K(741888K), 0.0024970 secs] [Times: user=0.00 sys=0.00, real=0.00 secs] 
764.992: [GC (Allocation Failure) [PSYoungGen: 73584K->1440K(73216K)] 378074K->305930K(741376K), 0.0021991 secs] [Times: user=0.01 sys=0.00, real=0.00 secs] 
765.539: [GC (Allocation Failure) [PSYoungGen: 73120K->1469K(72704K)] 377610K->305967K(740864K), 0.0020210 secs] [Times: user=0.01 sys=0.00, real=0.00 secs] 
765.692: [GC (Allocation Failure) [PSYoungGen: 72637K->1456K(72192K)] 377135K->305954K(740352K), 0.0014947 secs] [Times: user=0.00 sys=0.00, real=0.00 secs] 
765.816: [GC (Allocation Failure) [PSYoungGen: 72112K->1440K(71680K)] 376610K->305938K(739840K), 0.0014820 secs] [Times: user=0.01 sys=0.00, real=0.00 secs] 
765.937: [GC (Allocation Failure) [PSYoungGen: 71584K->1533K(71168K)] 376082K->306031K(739328K), 0.0015298 secs] [Times: user=0.01 sys=0.00, real=0.01 secs] 
766.410: [GC (Allocation Failure) [PSYoungGen: 71165K->1456K(70656K)] 375663K->305986K(738816K), 0.0021536 secs] [Times: user=0.01 sys=0.00, real=0.00 secs] 
766.706: [GC (Allocation Failure) [PSYoungGen: 70576K->1376K(70144K)] 375106K->305906K(738304K), 0.0019990 secs] [Times: user=0.01 sys=0.00, real=0.00 secs] 
767.051: [GC (Allocation Failure) [PSYoungGen: 69984K->1408K(69632K)] 374514K->305938K(737792K), 0.0020574 secs] [Times: user=0.01 sys=0.00, real=0.00 secs] 
767.604: [GC (Allocation Failure) [PSYoungGen: 69504K->1408K(69120K)] 374034K->305938K(737280K), 0.0019856 secs] [Times: user=0.01 sys=0.00, real=0.00 secs] 
768.008: [GC (Allocation Failure) [PSYoungGen: 68992K->1501K(68608K)] 373522K->306031K(736768K), 0.0021453 secs] [Times: user=0.01 sys=0.00, real=0.01 secs] 
768.131: [GC (Allocation Failure) [PSYoungGen: 68573K->1472K(68096K)] 373103K->306002K(736256K), 0.0016137 secs] [Times: user=0.01 sys=0.00, real=0.00 secs] 
768.265: [GC (Allocation Failure) [PSYoungGen: 68018K->1488K(68608K)] 372548K->306018K(736768K), 0.0017320 secs] [Times: user=0.01 sys=0.00, real=0.00 secs] 
768.412: [GC (Allocation Failure) [PSYoungGen: 68048K->1488K(68608K)] 372578K->306018K(736768K), 0.0017801 secs] [Times: user=0.01 sys=0.00, real=0.00 secs] 
768.846: [GC (Allocation Failure) [PSYoungGen: 68048K->1392K(68608K)] 372578K->305930K(736768K), 0.0022465 secs] [Times: user=0.01 sys=0.00, real=0.00 secs] 
769.480: [GC (Allocation Failure) [PSYoungGen: 67952K->1392K(68608K)] 372490K->305930K(736768K), 0.0029640 secs] [Times: user=0.01 sys=0.00, real=0.00 secs] 
770.037: [GC (Allocation Failure) [PSYoungGen: 67952K->1408K(68608K)] 372490K->305946K(736768K), 0.0027490 secs] [Times: user=0.01 sys=0.00, real=0.01 secs] 
770.681: [GC (Allocation Failure) [PSYoungGen: 67968K->1440K(68608K)] 372506K->305986K(736768K), 0.0019879 secs] [Times: user=0.01 sys=0.00, real=0.00 secs] 
771.219: [GC (Allocation Failure) [PSYoungGen: 68000K->1437K(68096K)] 372546K->305983K(736256K), 0.0019211 secs] [Times: user=0.00 sys=0.00, real=0.00 secs] 
771.356: [GC (Allocation Failure) [PSYoungGen: 67997K->1488K(67584K)] 372543K->306034K(735744K), 0.0014709 secs] [Times: user=0.01 sys=0.00, real=0.00 secs] 
771.472: [GC (Allocation Failure) [PSYoungGen: 67536K->1504K(68096K)] 372082K->306050K(736256K), 0.0014853 secs] [Times: user=0.01 sys=0.00, real=0.00 secs] 
771.588: [GC (Allocation Failure) [PSYoungGen: 67552K->1424K(68096K)] 372098K->305986K(736256K), 0.0014541 secs] [Times: user=0.00 sys=0.00, real=0.01 secs] 
772.124: [GC (Allocation Failure) [PSYoungGen: 67472K->1472K(68096K)] 372034K->306034K(736256K), 0.0019948 secs] [Times: user=0.01 sys=0.00, real=0.00 secs] 
772.705: [GC (Allocation Failure) [PSYoungGen: 67520K->1344K(68096K)] 372082K->305906K(736256K), 0.0017185 secs] [Times: user=0.01 sys=0.00, real=0.00 secs] 
773.304: [GC (Allocation Failure) [PSYoungGen: 67392K->1440K(68096K)] 371954K->306002K(736256K), 0.0021661 secs] [Times: user=0.01 sys=0.00, real=0.00 secs] 
773.969: [GC (Allocation Failure) [PSYoungGen: 67488K->1376K(68096K)] 372050K->305938K(736256K), 0.0030737 secs] [Times: user=0.02 sys=0.00, real=0.00 secs] 
774.503: [GC (Allocation Failure) [PSYoungGen: 67424K->1469K(68096K)] 371986K->306031K(736256K), 0.0020418 secs] [Times: user=0.01 sys=0.00, real=0.00 secs] 
774.653: [GC (Allocation Failure) [PSYoungGen: 67517K->1456K(68096K)] 372079K->306018K(736256K), 0.0014850 secs] [Times: user=0.01 sys=0.00, real=0.00 secs] 
774.785: [GC (Allocation Failure) [PSYoungGen: 67474K->1488K(68096K)] 372036K->306050K(736256K), 0.0017591 secs] [Times: user=0.00 sys=0.00, real=0.00 secs] 
774.934: [GC (Allocation Failure) [PSYoungGen: 67536K->1456K(68096K)] 372098K->306050K(736256K), 0.0018972 secs] [Times: user=0.01 sys=0.00, real=0.00 secs] 
775.216: [GC (Allocation Failure) [PSYoungGen: 67504K->1456K(68096K)] 372098K->306050K(736256K), 0.0022118 secs] [Times: user=0.01 sys=0.00, real=0.00 secs] 
775.601: [GC (Allocation Failure) [PSYoungGen: 67504K->1440K(67584K)] 372098K->306034K(735744K), 0.0019013 secs] [Times: user=0.01 sys=0.00, real=0.00 secs] 
775.990: [GC (Allocation Failure) [PSYoungGen: 67488K->1376K(67584K)] 372082K->305970K(735744K), 0.0019421 secs] [Times: user=0.01 sys=0.00, real=0.00 secs] 
776.518: [GC (Allocation Failure) [PSYoungGen: 67424K->384K(67072K)] 372018K->306002K(735232K), 0.0019788 secs] [Times: user=0.01 sys=0.00, real=0.01 secs] 
777.057: [GC (Allocation Failure) [PSYoungGen: 66432K->320K(68096K)] 372050K->305938K(736256K), 0.0021234 secs] [Times: user=0.00 sys=0.00, real=0.01 secs] 
777.272: [GC (Allocation Failure) [PSYoungGen: 66368K->1469K(68096K)] 371986K->307087K(736256K), 0.0014685 secs] [Times: user=0.01 sys=0.00, real=0.00 secs] 
777.388: [GC (Allocation Failure) [PSYoungGen: 67511K->1469K(68096K)] 373130K->307087K(736256K), 0.0014784 secs] [Times: user=0.00 sys=0.00, real=0.01 secs] 
777.504: [GC (Allocation Failure) [PSYoungGen: 67517K->1456K(68096K)] 373135K->307090K(736256K), 0.0014699 secs] [Times: user=0.00 sys=0.00, real=0.00 secs] 
777.621: [GC (Allocation Failure) [PSYoungGen: 67504K->1440K(68096K)] 373138K->307074K(736256K), 0.0015595 secs] [Times: user=0.01 sys=0.00, real=0.00 secs] 
778.477: [GC (Allocation Failure) [PSYoungGen: 67488K->1376K(67584K)] 373122K->307010K(735744K), 0.0027178 secs] [Times: user=0.01 sys=0.00, real=0.01 secs] 
779.082: [GC (Allocation Failure) [PSYoungGen: 67424K->1408K(67584K)] 373058K->307042K(735744K), 0.0029223 secs] [Times: user=0.01 sys=0.00, real=0.00 secs] 
779.617: [GC (Allocation Failure) [PSYoungGen: 67456K->1344K(67584K)] 373090K->306978K(735744K), 0.0020056 secs] [Times: user=0.01 sys=0.00, real=0.00 secs] 
779.907: [GC (Allocation Failure) [PSYoungGen: 67392K->1440K(67584K)] 373026K->307074K(735744K), 0.0020232 secs] [Times: user=0.00 sys=0.00, real=0.00 secs] 
780.271: [GC (Allocation Failure) [PSYoungGen: 67488K->1440K(67584K)] 373122K->307074K(735744K), 0.0014284 secs] [Times: user=0.01 sys=0.00, real=0.00 secs] 
780.386: [GC (Allocation Failure) [PSYoungGen: 67488K->1536K(68096K)] 373122K->307170K(736256K), 0.0017488 secs] [Times: user=0.01 sys=0.00, real=0.00 secs] 
780.503: [GC (Allocation Failure) [PSYoungGen: 67584K->480K(66560K)] 373218K->307146K(734720K), 0.0015716 secs] [Times: user=0.01 sys=0.00, real=0.00 secs] 
780.619: [GC (Allocation Failure) [PSYoungGen: 66528K->464K(70656K)] 373194K->307130K(738816K), 0.0015516 secs] [Times: user=0.00 sys=0.00, real=0.00 secs] 
781.693: [GC (Allocation Failure) [PSYoungGen: 69072K->1440K(69632K)] 375738K->308106K(737792K), 0.0029236 secs] [Times: user=0.01 sys=0.00, real=0.00 secs] 
782.551: [GC (Allocation Failure) [PSYoungGen: 69536K->1440K(69120K)] 376202K->308106K(737280K), 0.0028467 secs] [Times: user=0.01 sys=0.00, real=0.00 secs] 
783.256: [GC (Allocation Failure) [PSYoungGen: 69024K->1376K(68608K)] 375690K->308042K(736768K), 0.0025973 secs] [Times: user=0.01 sys=0.00, real=0.00 secs] 
784.034: [GC (Allocation Failure) [PSYoungGen: 68448K->1376K(68096K)] 375114K->308042K(736256K), 0.0022988 secs] [Times: user=0.01 sys=0.00, real=0.00 secs] 
784.355: [GC (Allocation Failure) [PSYoungGen: 67936K->1533K(68096K)] 374602K->308199K(736256K), 0.0016169 secs] [Times: user=0.01 sys=0.00, real=0.00 secs] 
784.471: [GC (Allocation Failure) [PSYoungGen: 68093K->1488K(68096K)] 374759K->308154K(736256K), 0.0017789 secs] [Times: user=0.01 sys=0.00, real=0.00 secs] 
784.588: [GC (Allocation Failure) [PSYoungGen: 68048K->1504K(68096K)] 374714K->308178K(736256K), 0.0014668 secs] [Times: user=0.01 sys=0.00, real=0.01 secs] 
784.704: [GC (Allocation Failure) [PSYoungGen: 68064K->1453K(71168K)] 374738K->308127K(739328K), 0.0017043 secs] [Times: user=0.01 sys=0.00, real=0.00 secs] 
785.169: [GC (Allocation Failure) [PSYoungGen: 70573K->1440K(70144K)] 377247K->308146K(738304K), 0.0020841 secs] [Times: user=0.00 sys=0.00, real=0.00 secs] 
785.718: [GC (Allocation Failure) [PSYoungGen: 70048K->1376K(69632K)] 376754K->308082K(737792K), 0.0028036 secs] [Times: user=0.01 sys=0.00, real=0.01 secs] 
786.284: [GC (Allocation Failure) [PSYoungGen: 69472K->1408K(69120K)] 376178K->308114K(737280K), 0.0025452 secs] [Times: user=0.01 sys=0.00, real=0.00 secs] 
786.846: [GC (Allocation Failure) [PSYoungGen: 68992K->1344K(68608K)] 375698K->308050K(736768K), 0.0028049 secs] [Times: user=0.01 sys=0.00, real=0.01 secs] 
787.530: [GC (Allocation Failure) [PSYoungGen: 68416K->1501K(68096K)] 375122K->308207K(736256K), 0.0019089 secs] [Times: user=0.01 sys=0.00, real=0.00 secs] 
787.670: [GC (Allocation Failure) [PSYoungGen: 68061K->1533K(68096K)] 374767K->308239K(736256K), 0.0017006 secs] [Times: user=0.00 sys=0.00, real=0.00 secs] 
787.786: [GC (Allocation Failure) [PSYoungGen: 68093K->1453K(68096K)] 374799K->308159K(736256K), 0.0015011 secs] [Times: user=0.01 sys=0.00, real=0.00 secs] 
787.903: [GC (Allocation Failure) [PSYoungGen: 68013K->1456K(68096K)] 374719K->308178K(736256K), 0.0015080 secs] [Times: user=0.01 sys=0.00, real=0.00 secs] 
788.580: [GC (Allocation Failure) [PSYoungGen: 68016K->1408K(68096K)] 374738K->308130K(736256K), 0.0022002 secs] [Times: user=0.01 sys=0.00, real=0.00 secs] 
789.175: [GC (Allocation Failure) [PSYoungGen: 67968K->1344K(68096K)] 374690K->308066K(736256K), 0.0021468 secs] [Times: user=0.01 sys=0.00, real=0.00 secs] 
789.468: [GC (Allocation Failure) [PSYoungGen: 67904K->1344K(68096K)] 374626K->308066K(736256K), 0.0018795 secs] [Times: user=0.00 sys=0.00, real=0.01 secs] 
790.004: [GC (Allocation Failure) [PSYoungGen: 67904K->1440K(68096K)] 374626K->308162K(736256K), 0.0021862 secs] [Times: user=0.01 sys=0.00, real=0.00 secs] 
790.502: [GC (Allocation Failure) [PSYoungGen: 68000K->1440K(68096K)] 374722K->308162K(736256K), 0.0018733 secs] [Times: user=0.01 sys=0.00, real=0.00 secs] 
790.621: [GC (Allocation Failure) [PSYoungGen: 68000K->1501K(68608K)] 374722K->308223K(736768K), 0.0014957 secs] [Times: user=0.00 sys=0.00, real=0.00 secs] 
790.737: [GC (Allocation Failure) [PSYoungGen: 68061K->1533K(68608K)] 374783K->308255K(736768K), 0.0014636 secs] [Times: user=0.00 sys=0.00, real=0.01 secs] 
790.871: [GC (Allocation Failure) [PSYoungGen: 68093K->1456K(68608K)] 374815K->308194K(736768K), 0.0018722 secs] [Times: user=0.00 sys=0.00, real=0.00 secs] 
792.147: [GC (Allocation Failure) [PSYoungGen: 68016K->1424K(68096K)] 374754K->308162K(736256K), 0.0042202 secs] [Times: user=0.02 sys=0.00, real=0.01 secs] 
793.076: [GC (Allocation Failure) [PSYoungGen: 67984K->1376K(68096K)] 374722K->308114K(736256K), 0.0034452 secs] [Times: user=0.02 sys=0.00, real=0.01 secs] 
793.897: [GC (Allocation Failure) [PSYoungGen: 67936K->1392K(68096K)] 374674K->308130K(736256K), 0.0038907 secs] [Times: user=0.02 sys=0.00, real=0.01 secs] 
794.775: [GC (Allocation Failure) [PSYoungGen: 67952K->1440K(68096K)] 374690K->308178K(736256K), 0.0040459 secs] [Times: user=0.02 sys=0.00, real=0.01 secs] 
795.394: [GC (Allocation Failure) [PSYoungGen: 68000K->1488K(68096K)] 374738K->308226K(736256K), 0.0023548 secs] [Times: user=0.00 sys=0.00, real=0.00 secs] 
795.591: [GC (Allocation Failure) [PSYoungGen: 68048K->1485K(68096K)] 374786K->308223K(736256K), 0.0022924 secs] [Times: user=0.01 sys=0.00, real=0.00 secs] 
795.767: [GC (Allocation Failure) [PSYoungGen: 68045K->1440K(68096K)] 374783K->308178K(736256K), 0.0021284 secs] [Times: user=0.01 sys=0.00, real=0.01 secs] 
795.922: [GC (Allocation Failure) [PSYoungGen: 68000K->1501K(68096K)] 374738K->308263K(736256K), 0.0015946 secs] [Times: user=0.01 sys=0.00, real=0.00 secs] 
796.245: [GC (Allocation Failure) [PSYoungGen: 68061K->1424K(68096K)] 374823K->308202K(736256K), 0.0026892 secs] [Times: user=0.01 sys=0.00, real=0.00 secs] 
796.520: [GC (Allocation Failure) [PSYoungGen: 67984K->1376K(68096K)] 374762K->308154K(736256K), 0.0021226 secs] [Times: user=0.01 sys=0.00, real=0.00 secs] 
796.797: [GC (Allocation Failure) [PSYoungGen: 67936K->1440K(68096K)] 374714K->308218K(736256K), 0.0019345 secs] [Times: user=0.01 sys=0.00, real=0.01 secs] 
797.199: [GC (Allocation Failure) [PSYoungGen: 68000K->1376K(68096K)] 374778K->308154K(736256K), 0.0019924 secs] [Times: user=0.01 sys=0.00, real=0.00 secs] 
797.498: [GC (Allocation Failure) [PSYoungGen: 67936K->1437K(68096K)] 374714K->308215K(736256K), 0.0018814 secs] [Times: user=0.01 sys=0.00, real=0.01 secs] 
797.623: [GC (Allocation Failure) [PSYoungGen: 67973K->1472K(68608K)] 374751K->308250K(736768K), 0.0014627 secs] [Times: user=0.01 sys=0.00, real=0.00 secs] 
797.740: [GC (Allocation Failure) [PSYoungGen: 68032K->1469K(68608K)] 374810K->308247K(736768K), 0.0015011 secs] [Times: user=0.01 sys=0.00, real=0.00 secs] 
797.856: [GC (Allocation Failure) [PSYoungGen: 68029K->1488K(68608K)] 374807K->308282K(736768K), 0.0014867 secs] [Times: user=0.01 sys=0.00, real=0.00 secs] 
799.122: [GC (Allocation Failure) [PSYoungGen: 68048K->1456K(68096K)] 374842K->308250K(736256K), 0.0043086 secs] [Times: user=0.01 sys=0.00, real=0.00 secs] 
799.888: [GC (Allocation Failure) [PSYoungGen: 68016K->1360K(68096K)] 374810K->308154K(736256K), 0.0027659 secs] [Times: user=0.01 sys=0.00, real=0.01 secs] 
800.458: [GC (Allocation Failure) [PSYoungGen: 67920K->1376K(68096K)] 374714K->308170K(736256K), 0.0023825 secs] [Times: user=0.01 sys=0.00, real=0.01 secs] 
800.734: [GC (Allocation Failure) [PSYoungGen: 67936K->1408K(68096K)] 374730K->308202K(736256K), 0.0020163 secs] [Times: user=0.01 sys=0.00, real=0.00 secs] 
801.054: [GC (Allocation Failure) [PSYoungGen: 67965K->1437K(68096K)] 374759K->308231K(736256K), 0.0018389 secs] [Times: user=0.01 sys=0.00, real=0.00 secs] 
801.175: [GC (Allocation Failure) [PSYoungGen: 67997K->1485K(68096K)] 374791K->308279K(736256K), 0.0015735 secs] [Times: user=0.01 sys=0.00, real=0.00 secs] 
801.291: [GC (Allocation Failure) [PSYoungGen: 68025K->1501K(68096K)] 374819K->308295K(736256K), 0.0014467 secs] [Times: user=0.00 sys=0.00, real=0.00 secs] 
801.408: [GC (Allocation Failure) [PSYoungGen: 68061K->1485K(71680K)] 374855K->308295K(739840K), 0.0015251 secs] [Times: user=0.01 sys=0.00, real=0.01 secs] 
802.759: [GC (Allocation Failure) [PSYoungGen: 71117K->1408K(70656K)] 377927K->308218K(738816K), 0.0063763 secs] [Times: user=0.02 sys=0.00, real=0.01 secs] 
803.934: [GC (Allocation Failure) [PSYoungGen: 70528K->1376K(70144K)] 377338K->308186K(738304K), 0.0021679 secs] [Times: user=0.01 sys=0.00, real=0.00 secs] 
804.684: [GC (Allocation Failure) [PSYoungGen: 69984K->1408K(69632K)] 376794K->308218K(737792K), 0.0019137 secs] [Times: user=0.01 sys=0.00, real=0.00 secs] 
805.695: [GC (Allocation Failure) [PSYoungGen: 69504K->1408K(69120K)] 376314K->308218K(737280K), 0.0025961 secs] [Times: user=0.01 sys=0.00, real=0.00 secs] 
806.009: [GC (Allocation Failure) [PSYoungGen: 68992K->1501K(68608K)] 375802K->308311K(736768K), 0.0019259 secs] [Times: user=0.01 sys=0.00, real=0.01 secs] 
806.133: [GC (Allocation Failure) [PSYoungGen: 68573K->1469K(68096K)] 375383K->308279K(736256K), 0.0016102 secs] [Times: user=0.01 sys=0.00, real=0.00 secs] 
806.249: [GC (Allocation Failure) [PSYoungGen: 68029K->1469K(68096K)] 374839K->308279K(736256K), 0.0018218 secs] [Times: user=0.00 sys=0.00, real=0.00 secs] 
806.382: [GC (Allocation Failure) [PSYoungGen: 68029K->1456K(71680K)] 374839K->308290K(739840K), 0.0018370 secs] [Times: user=0.01 sys=0.00, real=0.00 secs] 
806.919: [GC (Allocation Failure) [PSYoungGen: 71088K->1440K(70656K)] 377922K->308274K(738816K), 0.0023737 secs] [Times: user=0.01 sys=0.00, real=0.01 secs] 
807.616: [GC (Allocation Failure) [PSYoungGen: 70560K->1376K(70144K)] 377394K->308210K(738304K), 0.0020851 secs] [Times: user=0.00 sys=0.00, real=0.00 secs] 
808.347: [GC (Allocation Failure) [PSYoungGen: 69984K->1376K(69632K)] 376818K->308210K(737792K), 0.0020403 secs] [Times: user=0.01 sys=0.00, real=0.01 secs] 
809.119: [GC (Allocation Failure) [PSYoungGen: 69472K->1408K(69120K)] 376306K->308242K(737280K), 0.0028481 secs] [Times: user=0.01 sys=0.00, real=0.00 secs] 
809.747: [GC (Allocation Failure) [PSYoungGen: 68992K->1533K(68608K)] 375826K->308367K(736768K), 0.0019694 secs] [Times: user=0.01 sys=0.00, real=0.01 secs] 
809.907: [GC (Allocation Failure) [PSYoungGen: 68605K->1453K(68096K)] 375439K->308287K(736256K), 0.0021171 secs] [Times: user=0.01 sys=0.00, real=0.01 secs] 
810.084: [GC (Allocation Failure) [PSYoungGen: 68013K->1485K(68096K)] 374847K->308319K(736256K), 0.0021443 secs] [Times: user=0.00 sys=0.00, real=0.00 secs] 
810.235: [GC (Allocation Failure) [PSYoungGen: 68045K->1453K(68096K)] 374879K->308311K(736256K), 0.0015996 secs] [Times: user=0.01 sys=0.00, real=0.00 secs] 
811.000: [GC (Allocation Failure) [PSYoungGen: 68013K->1488K(68096K)] 374871K->308346K(736256K), 0.0029034 secs] [Times: user=0.01 sys=0.00, real=0.00 secs] 
811.683: [GC (Allocation Failure) [PSYoungGen: 68048K->1376K(68096K)] 374906K->308234K(736256K), 0.0021031 secs] [Times: user=0.01 sys=0.00, real=0.00 secs] 
812.294: [GC (Allocation Failure) [PSYoungGen: 67936K->1376K(68096K)] 374794K->308234K(736256K), 0.0021982 secs] [Times: user=0.01 sys=0.00, real=0.00 secs] 
812.673: [GC (Allocation Failure) [PSYoungGen: 67936K->1376K(68096K)] 374794K->308234K(736256K), 0.0019202 secs] [Times: user=0.01 sys=0.00, real=0.00 secs] 
813.071: [GC (Allocation Failure) [PSYoungGen: 67936K->1437K(68096K)] 374794K->308295K(736256K), 0.0018151 secs] [Times: user=0.00 sys=0.00, real=0.00 secs] 
813.195: [GC (Allocation Failure) [PSYoungGen: 67997K->1533K(68608K)] 374855K->308391K(736768K), 0.0016621 secs] [Times: user=0.00 sys=0.00, real=0.00 secs] 
813.311: [GC (Allocation Failure) [PSYoungGen: 68068K->1488K(68608K)] 374926K->308346K(736768K), 0.0015550 secs] [Times: user=0.01 sys=0.00, real=0.00 secs] 
813.430: [GC (Allocation Failure) [PSYoungGen: 68048K->1501K(68608K)] 374906K->308367K(736768K), 0.0014389 secs] [Times: user=0.01 sys=0.00, real=0.00 secs] 
813.893: [GC (Allocation Failure) [PSYoungGen: 68061K->1472K(68608K)] 374927K->308338K(736768K), 0.0016877 secs] [Times: user=0.00 sys=0.00, real=0.00 secs] 
814.452: [GC (Allocation Failure) [PSYoungGen: 68032K->1376K(68608K)] 374898K->308242K(736768K), 0.0019006 secs] [Times: user=0.01 sys=0.00, real=0.00 secs] 
815.075: [GC (Allocation Failure) [PSYoungGen: 67936K->1408K(68608K)] 374802K->308298K(736768K), 0.0021463 secs] [Times: user=0.00 sys=0.00, real=0.00 secs] 
815.468: [GC (Allocation Failure) [PSYoungGen: 67968K->1376K(68608K)] 374858K->308266K(736768K), 0.0017196 secs] [Times: user=0.01 sys=0.00, real=0.01 secs] 
815.847: [GC (Allocation Failure) [PSYoungGen: 67936K->1501K(68608K)] 374826K->308391K(736768K), 0.0020286 secs] [Times: user=0.01 sys=0.00, real=0.01 secs] 
815.975: [GC (Allocation Failure) [PSYoungGen: 68061K->1536K(68608K)] 374951K->308426K(736768K), 0.0016380 secs] [Times: user=0.01 sys=0.00, real=0.00 secs] 
816.092: [GC (Allocation Failure) [PSYoungGen: 68096K->1501K(68608K)] 374986K->308391K(736768K), 0.0014782 secs] [Times: user=0.00 sys=0.00, real=0.00 secs] 
816.208: [GC (Allocation Failure) [PSYoungGen: 68061K->1472K(68608K)] 374951K->308370K(736768K), 0.0015939 secs] [Times: user=0.01 sys=0.01, real=0.01 secs] 
816.468: [GC (Allocation Failure) [PSYoungGen: 68032K->1440K(68096K)] 374930K->308338K(736256K), 0.0019483 secs] [Times: user=0.01 sys=0.00, real=0.01 secs] 
816.745: [GC (Allocation Failure) [PSYoungGen: 68000K->1408K(68096K)] 374898K->308306K(736256K), 0.0020606 secs] [Times: user=0.01 sys=0.00, real=0.00 secs] 
817.120: [GC (Allocation Failure) [PSYoungGen: 67968K->1408K(68096K)] 374866K->308306K(736256K), 0.0020133 secs] [Times: user=0.01 sys=0.00, real=0.00 secs] 
817.468: [GC (Allocation Failure) [PSYoungGen: 67968K->1408K(68096K)] 374866K->308306K(736256K), 0.0019646 secs] [Times: user=0.00 sys=0.00, real=0.01 secs] 
817.826: [GC (Allocation Failure) [PSYoungGen: 67968K->1405K(68096K)] 374866K->308303K(736256K), 0.0020475 secs] [Times: user=0.01 sys=0.00, real=0.00 secs] 
817.961: [GC (Allocation Failure) [PSYoungGen: 67965K->1501K(68096K)] 374863K->308399K(736256K), 0.0016340 secs] [Times: user=0.00 sys=0.00, real=0.00 secs] 
818.077: [GC (Allocation Failure) [PSYoungGen: 68061K->1488K(68096K)] 374959K->308386K(736256K), 0.0014750 secs] [Times: user=0.01 sys=0.00, real=0.01 secs] 
818.193: [GC (Allocation Failure) [PSYoungGen: 68048K->1440K(71680K)] 374946K->308354K(739840K), 0.0015481 secs] [Times: user=0.01 sys=0.00, real=0.00 secs] 
819.062: [GC (Allocation Failure) [PSYoungGen: 71072K->1440K(70656K)] 377986K->308354K(738816K), 0.0041864 secs] [Times: user=0.01 sys=0.00, real=0.00 secs] 
820.534: [GC (Allocation Failure) [PSYoungGen: 70560K->1424K(70144K)] 377474K->308338K(738304K), 0.0021890 secs] [Times: user=0.00 sys=0.00, real=0.00 secs] 
821.799: [GC (Allocation Failure) [PSYoungGen: 70032K->1408K(69632K)] 376946K->308322K(737792K), 0.0022542 secs] [Times: user=0.01 sys=0.00, real=0.00 secs] 
823.021: [GC (Allocation Failure) [PSYoungGen: 69504K->1504K(69120K)] 376418K->308418K(737280K), 0.0023403 secs] [Times: user=0.01 sys=0.00, real=0.00 secs] 
823.152: [GC (Allocation Failure) [PSYoungGen: 69088K->1520K(68608K)] 376002K->308434K(736768K), 0.0019454 secs] [Times: user=0.01 sys=0.00, real=0.00 secs] 
823.282: [GC (Allocation Failure) [PSYoungGen: 68592K->1485K(72704K)] 375506K->308399K(740864K), 0.0037099 secs] [Times: user=0.00 sys=0.00, real=0.00 secs] 
823.432: [GC (Allocation Failure) [PSYoungGen: 72141K->1472K(76800K)] 379055K->308394K(744960K), 0.0024961 secs] [Times: user=0.01 sys=0.00, real=0.00 secs] 
823.867: [GC (Allocation Failure) [PSYoungGen: 76224K->1408K(76800K)] 383146K->308338K(744960K), 0.0024430 secs] [Times: user=0.01 sys=0.00, real=0.01 secs] 
824.925: [GC (Allocation Failure) [PSYoungGen: 76160K->1376K(75776K)] 383090K->308306K(743936K), 0.0033827 secs] [Times: user=0.01 sys=0.00, real=0.00 secs] 
825.943: [GC (Allocation Failure) [PSYoungGen: 75616K->1392K(75264K)] 382546K->308322K(743424K), 0.0035360 secs] [Times: user=0.01 sys=0.01, real=0.00 secs] 
827.067: [GC (Allocation Failure) [PSYoungGen: 75120K->1376K(74752K)] 382050K->308306K(742912K), 0.0033360 secs] [Times: user=0.01 sys=0.00, real=0.01 secs] 
827.311: [GC (Allocation Failure) [PSYoungGen: 74592K->1501K(74240K)] 381522K->308431K(742400K), 0.0017857 secs] [Times: user=0.00 sys=0.00, real=0.00 secs] 
827.439: [GC (Allocation Failure) [PSYoungGen: 74205K->1453K(73728K)] 381135K->308383K(741888K), 0.0014701 secs] [Times: user=0.00 sys=0.00, real=0.00 secs] 
827.565: [GC (Allocation Failure) [PSYoungGen: 73645K->1456K(73216K)] 380575K->308386K(741376K), 0.0015528 secs] [Times: user=0.01 sys=0.00, real=0.00 secs] 
828.571: [GC (Allocation Failure) [PSYoungGen: 73136K->1392K(72704K)] 380066K->308322K(740864K), 0.0027448 secs] [Times: user=0.01 sys=0.00, real=0.00 secs] 
829.504: [GC (Allocation Failure) [PSYoungGen: 72560K->1360K(72192K)] 379490K->308298K(740352K), 0.0034225 secs] [Times: user=0.01 sys=0.00, real=0.00 secs] 
830.733: [GC (Allocation Failure) [PSYoungGen: 72016K->1360K(71680K)] 378954K->308298K(739840K), 0.0031648 secs] [Times: user=0.02 sys=0.00, real=0.00 secs] 
831.721: [GC (Allocation Failure) [PSYoungGen: 71504K->1376K(71168K)] 378442K->308314K(739328K), 0.0036062 secs] [Times: user=0.02 sys=0.00, real=0.00 secs] 
832.380: [GC (Allocation Failure) [PSYoungGen: 71008K->1501K(70656K)] 377946K->308439K(738816K), 0.0018494 secs] [Times: user=0.01 sys=0.00, real=0.00 secs] 
832.564: [GC (Allocation Failure) [PSYoungGen: 70621K->1456K(70144K)] 377559K->308394K(738304K), 0.0018971 secs] [Times: user=0.00 sys=0.00, real=0.00 secs] 
832.710: [GC (Allocation Failure) [PSYoungGen: 70038K->1533K(69632K)] 376976K->308471K(737792K), 0.0014832 secs] [Times: user=0.00 sys=0.00, real=0.00 secs] 
832.832: [GC (Allocation Failure) [PSYoungGen: 69629K->1469K(69120K)] 376567K->308407K(737280K), 0.0015528 secs] [Times: user=0.00 sys=0.00, real=0.00 secs] 
833.573: [GC (Allocation Failure) [PSYoungGen: 69053K->1376K(68608K)] 375991K->308330K(736768K), 0.0037883 secs] [Times: user=0.01 sys=0.00, real=0.00 secs] 
834.178: [GC (Allocation Failure) [PSYoungGen: 68448K->1408K(68096K)] 375402K->308362K(736256K), 0.0028264 secs] [Times: user=0.01 sys=0.00, real=0.01 secs] 
834.733: [GC (Allocation Failure) [PSYoungGen: 67968K->1440K(68096K)] 374922K->308394K(736256K), 0.0025657 secs] [Times: user=0.01 sys=0.00, real=0.00 secs] 
835.278: [GC (Allocation Failure) [PSYoungGen: 68000K->1408K(68096K)] 374954K->308362K(736256K), 0.0028758 secs] [Times: user=0.01 sys=0.00, real=0.01 secs] 
835.568: [GC (Allocation Failure) [PSYoungGen: 67968K->1456K(68096K)] 374922K->308410K(736256K), 0.0017559 secs] [Times: user=0.01 sys=0.00, real=0.01 secs] 
835.685: [GC (Allocation Failure) [PSYoungGen: 68016K->1488K(68096K)] 374970K->308442K(736256K), 0.0014856 secs] [Times: user=0.01 sys=0.00, real=0.00 secs] 
835.819: [GC (Allocation Failure) [PSYoungGen: 68048K->1501K(68096K)] 375002K->308455K(736256K), 0.0017638 secs] [Times: user=0.01 sys=0.00, real=0.00 secs] 
835.974: [GC (Allocation Failure) [PSYoungGen: 68061K->1501K(74240K)] 375015K->308463K(742400K), 0.0021177 secs] [Times: user=0.01 sys=0.00, real=0.00 secs] 
837.125: [GC (Allocation Failure) [PSYoungGen: 73693K->1424K(73216K)] 380655K->308402K(741376K), 0.0038986 secs] [Times: user=0.01 sys=0.00, real=0.00 secs] 
837.982: [GC (Allocation Failure) [PSYoungGen: 73104K->1408K(72704K)] 380082K->308386K(740864K), 0.0027825 secs] [Times: user=0.01 sys=0.00, real=0.00 secs] 
838.867: [GC (Allocation Failure) [PSYoungGen: 72576K->1408K(72192K)] 379554K->308386K(740352K), 0.0027475 secs] [Times: user=0.01 sys=0.00, real=0.01 secs] 
839.879: [GC (Allocation Failure) [PSYoungGen: 72064K->1376K(71680K)] 379042K->308354K(739840K), 0.0031098 secs] [Times: user=0.01 sys=0.00, real=0.00 secs] 
840.440: [GC (Allocation Failure) [PSYoungGen: 71520K->1488K(71168K)] 378498K->308466K(739328K), 0.0018534 secs] [Times: user=0.01 sys=0.00, real=0.00 secs] 
840.582: [GC (Allocation Failure) [PSYoungGen: 71120K->1488K(70656K)] 378098K->308466K(738816K), 0.0015191 secs] [Times: user=0.00 sys=0.00, real=0.00 secs] 
840.704: [GC (Allocation Failure) [PSYoungGen: 70608K->1501K(70144K)] 377586K->308479K(738304K), 0.0014468 secs] [Times: user=0.01 sys=0.00, real=0.00 secs] 
840.823: [GC (Allocation Failure) [PSYoungGen: 70088K->1504K(69632K)] 377066K->308490K(737792K), 0.0015829 secs] [Times: user=0.01 sys=0.00, real=0.00 secs] 
842.558: [GC (Allocation Failure) [PSYoungGen: 69600K->1408K(69120K)] 376586K->308394K(737280K), 0.0039089 secs] [Times: user=0.01 sys=0.00, real=0.01 secs] 
843.265: [GC (Allocation Failure) [PSYoungGen: 68992K->1408K(68608K)] 375978K->308394K(736768K), 0.0031514 secs] [Times: user=0.02 sys=0.00, real=0.00 secs] 
844.194: [GC (Allocation Failure) [PSYoungGen: 68480K->1408K(68096K)] 375466K->308394K(736256K), 0.0023332 secs] [Times: user=0.01 sys=0.00, real=0.00 secs] 
845.056: [GC (Allocation Failure) [PSYoungGen: 67968K->1376K(68096K)] 374954K->308362K(736256K), 0.0029200 secs] [Times: user=0.01 sys=0.00, real=0.01 secs] 
845.368: [GC (Allocation Failure) [PSYoungGen: 67936K->1501K(68096K)] 374922K->308487K(736256K), 0.0017147 secs] [Times: user=0.01 sys=0.00, real=0.01 secs] 
845.485: [GC (Allocation Failure) [PSYoungGen: 68061K->1501K(68608K)] 375047K->308487K(736768K), 0.0014527 secs] [Times: user=0.00 sys=0.00, real=0.00 secs] 
845.601: [GC (Allocation Failure) [PSYoungGen: 68061K->1469K(68608K)] 375047K->308455K(736768K), 0.0014504 secs] [Times: user=0.01 sys=0.00, real=0.00 secs] 
845.736: [GC (Allocation Failure) [PSYoungGen: 68029K->1472K(68608K)] 375015K->308466K(736768K), 0.0017869 secs] [Times: user=0.01 sys=0.00, real=0.00 secs] 
846.195: [GC (Allocation Failure) [PSYoungGen: 68032K->1440K(68608K)] 375026K->308434K(736768K), 0.0017566 secs] [Times: user=0.00 sys=0.00, real=0.00 secs] 
846.749: [GC (Allocation Failure) [PSYoungGen: 68000K->1440K(68608K)] 374994K->308466K(736768K), 0.0022650 secs] [Times: user=0.01 sys=0.01, real=0.00 secs] 
847.296: [GC (Allocation Failure) [PSYoungGen: 68000K->1344K(68608K)] 375026K->308370K(736768K), 0.0023939 secs] [Times: user=0.01 sys=0.00, real=0.01 secs] 
848.136: [GC (Allocation Failure) [PSYoungGen: 67904K->1376K(68608K)] 374930K->308402K(736768K), 0.0032472 secs] [Times: user=0.01 sys=0.00, real=0.01 secs] 
848.362: [GC (Allocation Failure) [PSYoungGen: 67936K->1469K(68608K)] 374962K->308495K(736768K), 0.0015605 secs] [Times: user=0.01 sys=0.00, real=0.00 secs] 
848.477: [GC (Allocation Failure) [PSYoungGen: 68029K->1501K(68608K)] 375055K->308527K(736768K), 0.0015047 secs] [Times: user=0.00 sys=0.00, real=0.01 secs] 
848.594: [GC (Allocation Failure) [PSYoungGen: 68061K->1440K(68608K)] 375087K->308466K(736768K), 0.0015237 secs] [Times: user=0.01 sys=0.00, real=0.00 secs] 
848.711: [GC (Allocation Failure) [PSYoungGen: 68000K->1469K(68608K)] 375026K->308519K(736768K), 0.0015507 secs] [Times: user=0.00 sys=0.00, real=0.00 secs] 
848.961: [GC (Allocation Failure) [PSYoungGen: 68029K->1408K(68096K)] 375079K->308458K(736256K), 0.0019043 secs] [Times: user=0.00 sys=0.00, real=0.00 secs] 
849.355: [GC (Allocation Failure) [PSYoungGen: 67968K->1376K(68096K)] 375018K->308426K(736256K), 0.0019182 secs] [Times: user=0.01 sys=0.00, real=0.00 secs] 
849.854: [GC (Allocation Failure) [PSYoungGen: 67936K->1408K(68096K)] 374986K->308458K(736256K), 0.0037419 secs] [Times: user=0.01 sys=0.01, real=0.00 secs] 
850.366: [GC (Allocation Failure) [PSYoungGen: 67968K->1408K(68096K)] 375018K->308458K(736256K), 0.0032236 secs] [Times: user=0.01 sys=0.00, real=0.01 secs] 
850.726: [GC (Allocation Failure) [PSYoungGen: 67968K->1469K(68096K)] 375018K->308519K(736256K), 0.0021104 secs] [Times: user=0.01 sys=0.00, real=0.00 secs] 
850.860: [GC (Allocation Failure) [PSYoungGen: 68029K->1485K(68096K)] 375079K->308535K(736256K), 0.0015990 secs] [Times: user=0.00 sys=0.00, real=0.00 secs] 
850.977: [GC (Allocation Failure) [PSYoungGen: 68045K->1485K(68096K)] 375095K->308535K(736256K), 0.0015178 secs] [Times: user=0.01 sys=0.00, real=0.01 secs] 
851.094: [GC (Allocation Failure) [PSYoungGen: 68045K->1501K(71680K)] 375095K->308567K(739840K), 0.0015362 secs] [Times: user=0.01 sys=0.00, real=0.00 secs] 
851.358: [GC (Allocation Failure) [PSYoungGen: 71133K->1440K(70656K)] 378199K->308506K(738816K), 0.0021454 secs] [Times: user=0.01 sys=0.00, real=0.01 secs] 
851.947: [GC (Allocation Failure) [PSYoungGen: 70560K->1408K(70144K)] 377626K->308482K(738304K), 0.0019995 secs] [Times: user=0.01 sys=0.00, real=0.00 secs] 
853.100: [GC (Allocation Failure) [PSYoungGen: 70016K->1408K(69632K)] 377090K->308482K(737792K), 0.0022418 secs] [Times: user=0.01 sys=0.00, real=0.00 secs] 
854.286: [GC (Allocation Failure) [PSYoungGen: 69504K->1408K(69120K)] 376578K->308490K(737280K), 0.0027220 secs] [Times: user=0.01 sys=0.00, real=0.00 secs] 
855.205: [GC (Allocation Failure) [PSYoungGen: 68992K->1533K(68608K)] 376074K->308615K(736768K), 0.0021806 secs] [Times: user=0.01 sys=0.00, real=0.00 secs] 
855.366: [GC (Allocation Failure) [PSYoungGen: 68605K->1440K(68096K)] 375687K->308522K(736256K), 0.0016300 secs] [Times: user=0.01 sys=0.00, real=0.00 secs] 
855.482: [GC (Allocation Failure) [PSYoungGen: 68000K->1469K(68096K)] 375082K->308575K(736256K), 0.0014778 secs] [Times: user=0.01 sys=0.00, real=0.00 secs] 
855.597: [GC (Allocation Failure) [PSYoungGen: 68029K->1533K(68096K)] 375135K->308655K(736256K), 0.0017189 secs] [Times: user=0.00 sys=0.00, real=0.01 secs] 
855.841: [GC (Allocation Failure) [PSYoungGen: 68093K->1440K(68096K)] 375215K->308570K(736256K), 0.0018357 secs] [Times: user=0.01 sys=0.00, real=0.00 secs] 
856.118: [GC (Allocation Failure) [PSYoungGen: 68000K->1408K(68096K)] 375130K->308538K(736256K), 0.0018512 secs] [Times: user=0.01 sys=0.00, real=0.01 secs] 
856.501: [GC (Allocation Failure) [PSYoungGen: 67968K->1440K(68096K)] 375098K->308570K(736256K), 0.0016421 secs] [Times: user=0.01 sys=0.00, real=0.00 secs] 
857.001: [GC (Allocation Failure) [PSYoungGen: 68000K->1328K(68096K)] 375130K->308458K(736256K), 0.0021588 secs] [Times: user=0.01 sys=0.00, real=0.00 secs] 
857.378: [GC (Allocation Failure) [PSYoungGen: 67888K->1424K(68096K)] 375018K->308554K(736256K), 0.0020392 secs] [Times: user=0.01 sys=0.00, real=0.01 secs] 
857.510: [GC (Allocation Failure) [PSYoungGen: 67984K->1501K(68608K)] 375114K->308631K(736768K), 0.0016012 secs] [Times: user=0.00 sys=0.00, real=0.00 secs] 
857.627: [GC (Allocation Failure) [PSYoungGen: 68032K->1488K(68608K)] 375162K->308618K(736768K), 0.0017306 secs] [Times: user=0.00 sys=0.00, real=0.01 secs] 
857.745: [GC (Allocation Failure) [PSYoungGen: 68048K->1469K(68608K)] 375178K->308615K(736768K), 0.0014942 secs] [Times: user=0.00 sys=0.00, real=0.00 secs] 
858.928: [GC (Allocation Failure) [PSYoungGen: 68029K->1424K(68096K)] 375175K->308570K(736256K), 0.0042493 secs] [Times: user=0.02 sys=0.00, real=0.01 secs] 
859.717: [GC (Allocation Failure) [PSYoungGen: 67984K->1376K(68096K)] 375130K->308522K(736256K), 0.0043077 secs] [Times: user=0.02 sys=0.00, real=0.01 secs] 
860.440: [GC (Allocation Failure) [PSYoungGen: 67936K->1408K(68096K)] 375082K->308554K(736256K), 0.0026496 secs] [Times: user=0.01 sys=0.00, real=0.00 secs] 
861.260: [GC (Allocation Failure) [PSYoungGen: 67968K->1344K(68096K)] 375114K->308490K(736256K), 0.0027670 secs] [Times: user=0.01 sys=0.00, real=0.00 secs] 
861.995: [GC (Allocation Failure) [PSYoungGen: 67904K->1469K(68096K)] 375050K->308615K(736256K), 0.0032814 secs] [Times: user=0.02 sys=0.00, real=0.00 secs] 
862.179: [GC (Allocation Failure) [PSYoungGen: 68029K->1565K(68608K)] 375175K->308711K(736768K), 0.0015707 secs] [Times: user=0.00 sys=0.00, real=0.00 secs] 
862.295: [GC (Allocation Failure) [PSYoungGen: 68100K->493K(67072K)] 375246K->308663K(735232K), 0.0015482 secs] [Times: user=0.00 sys=0.00, real=0.00 secs] 
862.412: [GC (Allocation Failure) [PSYoungGen: 67053K->493K(68608K)] 375223K->308679K(736768K), 0.0014115 secs] [Times: user=0.01 sys=0.00, real=0.00 secs] 
862.716: [GC (Allocation Failure) [PSYoungGen: 67053K->1472K(68096K)] 375239K->309658K(736256K), 0.0019298 secs] [Times: user=0.00 sys=0.00, real=0.00 secs] 
862.996: [GC (Allocation Failure) [PSYoungGen: 68032K->1344K(68096K)] 376218K->309530K(736256K), 0.0016236 secs] [Times: user=0.00 sys=0.00, real=0.00 secs] 
863.272: [GC (Allocation Failure) [PSYoungGen: 67904K->1440K(68096K)] 376090K->309626K(736256K), 0.0015841 secs] [Times: user=0.00 sys=0.00, real=0.00 secs] 
863.548: [GC (Allocation Failure) [PSYoungGen: 68000K->1408K(68096K)] 376186K->309594K(736256K), 0.0016412 secs] [Times: user=0.01 sys=0.00, real=0.01 secs] 
863.859: [GC (Allocation Failure) [PSYoungGen: 67968K->1488K(68096K)] 376154K->309674K(736256K), 0.0028980 secs] [Times: user=0.01 sys=0.00, real=0.00 secs] 
864.051: [GC (Allocation Failure) [PSYoungGen: 68048K->1469K(68608K)] 376234K->309655K(736768K), 0.0015367 secs] [Times: user=0.01 sys=0.00, real=0.00 secs] 
864.167: [GC (Allocation Failure) [PSYoungGen: 68029K->1488K(68608K)] 376215K->309674K(736768K), 0.0016612 secs] [Times: user=0.00 sys=0.00, real=0.01 secs] 
864.303: [GC (Allocation Failure) [PSYoungGen: 68048K->1488K(68608K)] 376234K->309698K(736768K), 0.0041048 secs] [Times: user=0.01 sys=0.00, real=0.00 secs] 
864.538: [GC (Allocation Failure) [PSYoungGen: 68048K->1472K(75776K)] 376258K->309682K(743936K), 0.0030662 secs] [Times: user=0.02 sys=0.01, real=0.01 secs] 
864.868: [GC (Allocation Failure) [PSYoungGen: 75712K->1376K(76288K)] 383922K->309586K(744448K), 0.0022514 secs] [Times: user=0.00 sys=0.00, real=0.01 secs] 
865.183: [GC (Allocation Failure) [PSYoungGen: 75616K->1376K(83456K)] 383826K->309586K(751616K), 0.0020816 secs] [Times: user=0.01 sys=0.00, real=0.00 secs] 
865.574: [GC (Allocation Failure) [PSYoungGen: 83296K->1408K(82944K)] 391506K->309618K(751104K), 0.0022036 secs] [Times: user=0.00 sys=0.01, real=0.00 secs] 
865.905: [GC (Allocation Failure) [PSYoungGen: 82816K->1437K(82432K)] 391026K->309647K(750592K), 0.0014313 secs] [Times: user=0.00 sys=0.00, real=0.00 secs] 
866.047: [GC (Allocation Failure) [PSYoungGen: 82333K->1501K(81920K)] 390543K->309711K(750080K), 0.0014790 secs] [Times: user=0.01 sys=0.00, real=0.00 secs] 
866.210: [GC (Allocation Failure) [PSYoungGen: 81885K->1488K(81408K)] 390095K->309698K(749568K), 0.0019260 secs] [Times: user=0.01 sys=0.00, real=0.00 secs] 
866.695: [GC (Allocation Failure) [PSYoungGen: 81360K->1472K(80896K)] 389570K->309682K(749056K), 0.0019524 secs] [Times: user=0.01 sys=0.00, real=0.00 secs] 
867.521: [GC (Allocation Failure) [PSYoungGen: 80832K->1424K(80384K)] 389042K->309634K(748544K), 0.0021122 secs] [Times: user=0.01 sys=0.00, real=0.00 secs] 
868.190: [GC (Allocation Failure) [PSYoungGen: 80272K->1376K(79872K)] 388482K->309586K(748032K), 0.0022623 secs] [Times: user=0.01 sys=0.00, real=0.00 secs] 
868.987: [GC (Allocation Failure) [PSYoungGen: 79712K->1392K(79360K)] 387922K->309602K(747520K), 0.0020853 secs] [Times: user=0.01 sys=0.00, real=0.01 secs] 
869.326: [GC (Allocation Failure) [PSYoungGen: 79216K->1456K(78848K)] 387426K->309666K(747008K), 0.0015298 secs] [Times: user=0.01 sys=0.00, real=0.00 secs] 
869.462: [GC (Allocation Failure) [PSYoungGen: 78768K->1469K(78336K)] 386978K->309679K(746496K), 0.0015243 secs] [Times: user=0.00 sys=0.01, real=0.00 secs] 
869.595: [GC (Allocation Failure) [PSYoungGen: 78269K->1485K(77824K)] 386479K->309695K(745984K), 0.0015595 secs] [Times: user=0.01 sys=0.00, real=0.00 secs] 
869.859: [GC (Allocation Failure) [PSYoungGen: 77773K->1440K(77312K)] 385983K->309650K(745472K), 0.0019663 secs] [Times: user=0.01 sys=0.00, real=0.00 secs] 
870.244: [GC (Allocation Failure) [PSYoungGen: 77216K->1408K(76800K)] 385426K->309618K(744960K), 0.0017250 secs] [Times: user=0.01 sys=0.00, real=0.00 secs] 
870.556: [GC (Allocation Failure) [PSYoungGen: 76672K->1408K(76288K)] 384882K->309618K(744448K), 0.0019310 secs] [Times: user=0.01 sys=0.00, real=0.00 secs] 
870.906: [GC (Allocation Failure) [PSYoungGen: 76160K->1408K(75776K)] 384370K->309618K(743936K), 0.0020966 secs] [Times: user=0.00 sys=0.00, real=0.00 secs] 
871.153: [GC (Allocation Failure) [PSYoungGen: 75648K->1469K(75264K)] 383858K->309679K(743424K), 0.0015104 secs] [Times: user=0.00 sys=0.00, real=0.00 secs] 
871.282: [GC (Allocation Failure) [PSYoungGen: 75197K->1488K(74752K)] 383407K->309698K(742912K), 0.0014890 secs] [Times: user=0.00 sys=0.00, real=0.00 secs] 
871.409: [GC (Allocation Failure) [PSYoungGen: 74704K->1533K(74240K)] 382914K->309743K(742400K), 0.0016976 secs] [Times: user=0.01 sys=0.00, real=0.00 secs] 
871.633: [GC (Allocation Failure) [PSYoungGen: 74237K->1504K(73728K)] 382447K->309714K(741888K), 0.0019482 secs] [Times: user=0.01 sys=0.00, real=0.00 secs] 
871.965: [GC (Allocation Failure) [PSYoungGen: 73696K->1376K(73216K)] 381906K->309586K(741376K), 0.0020294 secs] [Times: user=0.01 sys=0.00, real=0.00 secs] 
872.263: [GC (Allocation Failure) [PSYoungGen: 73056K->1392K(72704K)] 381266K->309602K(740864K), 0.0020217 secs] [Times: user=0.01 sys=0.00, real=0.00 secs] 
872.601: [GC (Allocation Failure) [PSYoungGen: 72560K->1408K(72192K)] 380770K->309618K(740352K), 0.0020356 secs] [Times: user=0.01 sys=0.00, real=0.00 secs] 
872.903: [GC (Allocation Failure) [PSYoungGen: 72064K->1469K(71680K)] 380274K->309703K(739840K), 0.0019030 secs] [Times: user=0.01 sys=0.00, real=0.00 secs] 
873.027: [GC (Allocation Failure) [PSYoungGen: 71613K->1472K(71168K)] 379847K->309706K(739328K), 0.0015055 secs] [Times: user=0.01 sys=0.00, real=0.00 secs] 
873.149: [GC (Allocation Failure) [PSYoungGen: 71104K->1501K(70656K)] 379338K->309735K(738816K), 0.0018587 secs] [Times: user=0.01 sys=0.00, real=0.00 secs] 
873.291: [GC (Allocation Failure) [PSYoungGen: 70621K->1456K(71168K)] 378855K->309690K(739328K), 0.0018480 secs] [Times: user=0.01 sys=0.00, real=0.00 secs] 
873.969: [GC (Allocation Failure) [PSYoungGen: 70576K->1376K(70144K)] 378810K->309610K(738304K), 0.0022209 secs] [Times: user=0.01 sys=0.00, real=0.01 secs] 
874.363: [GC (Allocation Failure) [PSYoungGen: 69984K->1408K(69632K)] 378218K->309642K(737792K), 0.0020308 secs] [Times: user=0.01 sys=0.00, real=0.00 secs] 
874.646: [GC (Allocation Failure) [PSYoungGen: 69504K->1376K(69120K)] 377738K->309610K(737280K), 0.0020896 secs] [Times: user=0.01 sys=0.00, real=0.00 secs] 
874.984: [GC (Allocation Failure) [PSYoungGen: 68960K->1408K(68608K)] 377194K->309642K(736768K), 0.0021998 secs] [Times: user=0.01 sys=0.00, real=0.00 secs] 
875.266: [GC (Allocation Failure) [PSYoungGen: 68480K->1469K(68096K)] 376714K->309703K(736256K), 0.0018864 secs] [Times: user=0.00 sys=0.00, real=0.00 secs] 
875.383: [GC (Allocation Failure) [PSYoungGen: 68029K->1501K(68608K)] 376263K->309735K(736768K), 0.0014885 secs] [Times: user=0.01 sys=0.00, real=0.00 secs] 
875.499: [GC (Allocation Failure) [PSYoungGen: 68061K->1437K(68608K)] 376295K->309671K(736768K), 0.0014251 secs] [Times: user=0.00 sys=0.00, real=0.00 secs] 
875.634: [GC (Allocation Failure) [PSYoungGen: 67997K->1456K(68608K)] 376231K->309706K(736768K), 0.0018632 secs] [Times: user=0.01 sys=0.00, real=0.00 secs] 
875.925: [GC (Allocation Failure) [PSYoungGen: 68016K->1392K(68608K)] 376266K->309642K(736768K), 0.0020607 secs] [Times: user=0.01 sys=0.00, real=0.00 secs] 
876.597: [GC (Allocation Failure) [PSYoungGen: 67952K->1440K(68608K)] 376202K->309690K(736768K), 0.0026762 secs] [Times: user=0.02 sys=0.00, real=0.01 secs] 
877.250: [GC (Allocation Failure) [PSYoungGen: 68000K->1344K(68608K)] 376250K->309594K(736768K), 0.0030204 secs] [Times: user=0.02 sys=0.00, real=0.00 secs] 
877.801: [GC (Allocation Failure) [PSYoungGen: 67904K->1408K(68608K)] 376154K->309658K(736768K), 0.0027043 secs] [Times: user=0.01 sys=0.00, real=0.00 secs] 
878.290: [GC (Allocation Failure) [PSYoungGen: 67968K->1501K(68608K)] 376218K->309751K(736768K), 0.0019753 secs] [Times: user=0.01 sys=0.00, real=0.00 secs] 
878.438: [GC (Allocation Failure) [PSYoungGen: 68061K->1533K(68608K)] 376311K->309783K(736768K), 0.0014615 secs] [Times: user=0.01 sys=0.00, real=0.01 secs] 
878.554: [GC (Allocation Failure) [PSYoungGen: 68093K->1501K(68608K)] 376343K->309751K(736768K), 0.0016493 secs] [Times: user=0.01 sys=0.00, real=0.00 secs] 
878.671: [GC (Allocation Failure) [PSYoungGen: 68061K->1440K(68608K)] 376311K->309698K(736768K), 0.0014530 secs] [Times: user=0.00 sys=0.00, real=0.00 secs] 
879.176: [GC (Allocation Failure) [PSYoungGen: 68000K->1472K(68608K)] 376258K->309730K(736768K), 0.0018810 secs] [Times: user=0.01 sys=0.00, real=0.00 secs] 
879.754: [GC (Allocation Failure) [PSYoungGen: 68032K->1408K(68608K)] 376290K->309666K(736768K), 0.0022977 secs] [Times: user=0.01 sys=0.00, real=0.00 secs] 
880.353: [GC (Allocation Failure) [PSYoungGen: 67968K->1408K(68608K)] 376226K->309666K(736768K), 0.0022713 secs] [Times: user=0.01 sys=0.00, real=0.00 secs] 
880.713: [GC (Allocation Failure) [PSYoungGen: 67968K->1408K(68608K)] 376226K->309666K(736768K), 0.0019982 secs] [Times: user=0.00 sys=0.00, real=0.00 secs] 
881.022: [GC (Allocation Failure) [PSYoungGen: 67968K->1520K(68608K)] 376226K->309778K(736768K), 0.0016860 secs] [Times: user=0.01 sys=0.00, real=0.00 secs] 
881.151: [GC (Allocation Failure) [PSYoungGen: 68080K->1469K(68608K)] 376338K->309727K(736768K), 0.0014700 secs] [Times: user=0.01 sys=0.00, real=0.00 secs] 
881.267: [GC (Allocation Failure) [PSYoungGen: 68029K->1501K(68608K)] 376287K->309759K(736768K), 0.0014612 secs] [Times: user=0.01 sys=0.00, real=0.00 secs] 
881.383: [GC (Allocation Failure) [PSYoungGen: 68061K->1472K(68608K)] 376319K->309746K(736768K), 0.0015553 secs] [Times: user=0.00 sys=0.00, real=0.00 secs] 
881.716: [GC (Allocation Failure) [PSYoungGen: 68032K->1472K(68608K)] 376306K->309746K(736768K), 0.0018543 secs] [Times: user=0.01 sys=0.00, real=0.00 secs] 
881.992: [GC (Allocation Failure) [PSYoungGen: 68032K->1408K(68608K)] 376306K->309682K(736768K), 0.0018044 secs] [Times: user=0.00 sys=0.00, real=0.00 secs] 
882.269: [GC (Allocation Failure) [PSYoungGen: 67968K->1440K(68608K)] 376242K->309714K(736768K), 0.0018923 secs] [Times: user=0.01 sys=0.00, real=0.00 secs] 
882.545: [GC (Allocation Failure) [PSYoungGen: 68000K->1376K(68608K)] 376274K->309650K(736768K), 0.0018486 secs] [Times: user=0.00 sys=0.00, real=0.00 secs] 
882.833: [GC (Allocation Failure) [PSYoungGen: 67936K->1437K(68608K)] 376210K->309711K(736768K), 0.0019813 secs] [Times: user=0.01 sys=0.00, real=0.00 secs] 
882.965: [GC (Allocation Failure) [PSYoungGen: 67985K->1472K(68608K)] 376259K->309746K(736768K), 0.0014933 secs] [Times: user=0.00 sys=0.00, real=0.00 secs] 
883.082: [GC (Allocation Failure) [PSYoungGen: 68032K->1456K(68608K)] 376306K->309762K(736768K), 0.0014869 secs] [Times: user=0.01 sys=0.00, real=0.00 secs] 
883.198: [GC (Allocation Failure) [PSYoungGen: 68016K->1501K(68608K)] 376322K->309823K(736768K), 0.0015006 secs] [Times: user=0.00 sys=0.00, real=0.01 secs] 
883.380: [GC (Allocation Failure) [PSYoungGen: 68061K->1408K(68608K)] 376383K->309738K(736768K), 0.0018004 secs] [Times: user=0.01 sys=0.00, real=0.00 secs] 
883.656: [GC (Allocation Failure) [PSYoungGen: 67968K->1408K(68096K)] 376298K->309738K(736256K), 0.0017081 secs] [Times: user=0.00 sys=0.00, real=0.00 secs] 
883.933: [GC (Allocation Failure) [PSYoungGen: 67968K->1408K(68096K)] 376298K->309738K(736256K), 0.0020946 secs] [Times: user=0.01 sys=0.00, real=0.00 secs] 
884.384: [GC (Allocation Failure) [PSYoungGen: 67968K->1360K(68096K)] 376298K->309690K(736256K), 0.0016435 secs] [Times: user=0.01 sys=0.00, real=0.00 secs] 
884.951: [GC (Allocation Failure) [PSYoungGen: 67899K->1501K(68096K)] 376229K->309831K(736256K), 0.0018399 secs] [Times: user=0.01 sys=0.00, real=0.00 secs] 
885.128: [GC (Allocation Failure) [PSYoungGen: 68061K->1504K(68096K)] 376391K->309834K(736256K), 0.0020743 secs] [Times: user=0.00 sys=0.00, real=0.01 secs] 
885.275: [GC (Allocation Failure) [PSYoungGen: 68055K->1485K(68096K)] 376386K->309815K(736256K), 0.0015223 secs] [Times: user=0.01 sys=0.00, real=0.00 secs] 
885.392: [GC (Allocation Failure) [PSYoungGen: 68045K->1501K(68096K)] 376375K->309847K(736256K), 0.0014315 secs] [Times: user=0.00 sys=0.00, real=0.00 secs] 
886.232: [GC (Allocation Failure) [PSYoungGen: 68061K->1984K(68608K)] 376407K->310842K(736768K), 0.0044144 secs] [Times: user=0.01 sys=0.00, real=0.00 secs] 
889.289: [GC (Allocation Failure) [PSYoungGen: 68544K->384K(67072K)] 377402K->310266K(735232K), 0.0039165 secs] [Times: user=0.01 sys=0.01, real=0.00 secs] 
889.753: [GC (Allocation Failure) [PSYoungGen: 66944K->352K(67072K)] 376826K->310234K(735232K), 0.0019650 secs] [Times: user=0.00 sys=0.00, real=0.00 secs] 
890.194: [GC (Allocation Failure) [PSYoungGen: 66912K->320K(68608K)] 376794K->310202K(736768K), 0.0020418 secs] [Times: user=0.01 sys=0.00, real=0.00 secs] 
890.639: [GC (Allocation Failure) [PSYoungGen: 66880K->368K(69120K)] 376762K->310250K(737280K), 0.0018655 secs] [Times: user=0.00 sys=0.00, real=0.00 secs] 
890.936: [GC (Allocation Failure) [PSYoungGen: 66928K->1501K(69120K)] 376810K->311383K(737280K), 0.0014837 secs] [Times: user=0.01 sys=0.00, real=0.00 secs] 
891.069: [GC (Allocation Failure) [PSYoungGen: 68061K->1501K(69120K)] 377943K->311383K(737280K), 0.0019531 secs] [Times: user=0.01 sys=0.00, real=0.00 secs] 
891.220: [GC (Allocation Failure) [PSYoungGen: 68061K->1501K(69120K)] 377943K->311399K(737280K), 0.0019672 secs] [Times: user=0.01 sys=0.00, real=0.00 secs] 
891.339: [GC (Allocation Failure) [PSYoungGen: 68061K->1469K(69120K)] 377959K->311367K(737280K), 0.0015253 secs] [Times: user=0.00 sys=0.00, real=0.00 secs] 
891.949: [GC (Allocation Failure) [PSYoungGen: 68029K->1408K(68096K)] 377927K->311314K(736256K), 0.0026873 secs] [Times: user=0.01 sys=0.00, real=0.01 secs] 
892.218: [GC (Allocation Failure) [PSYoungGen: 67968K->1376K(68096K)] 377874K->311282K(736256K), 0.0021821 secs] [Times: user=0.00 sys=0.00, real=0.01 secs] 
892.494: [GC (Allocation Failure) [PSYoungGen: 67936K->1344K(68096K)] 377842K->311250K(736256K), 0.0020898 secs] [Times: user=0.01 sys=0.00, real=0.00 secs] 
892.934: [GC (Allocation Failure) [PSYoungGen: 67904K->1376K(68096K)] 377810K->311282K(736256K), 0.0022569 secs] [Times: user=0.01 sys=0.00, real=0.00 secs] 
893.191: [GC (Allocation Failure) [PSYoungGen: 67936K->1469K(68096K)] 377842K->311375K(736256K), 0.0016266 secs] [Times: user=0.01 sys=0.00, real=0.00 secs] 
893.308: [GC (Allocation Failure) [PSYoungGen: 68029K->1533K(68096K)] 377935K->311439K(736256K), 0.0017730 secs] [Times: user=0.00 sys=0.00, real=0.01 secs] 
893.424: [GC (Allocation Failure) [PSYoungGen: 68093K->1456K(70144K)] 377999K->311386K(738304K), 0.0016194 secs] [Times: user=0.01 sys=0.00, real=0.00 secs] 
893.544: [GC (Allocation Failure) [PSYoungGen: 70064K->1453K(70656K)] 379994K->311415K(738816K), 0.0014914 secs] [Times: user=0.01 sys=0.00, real=0.00 secs] 
894.511: [GC (Allocation Failure) [PSYoungGen: 70061K->1440K(69632K)] 380023K->311402K(737792K), 0.0026117 secs] [Times: user=0.01 sys=0.00, real=0.00 secs] 
895.502: [GC (Allocation Failure) [PSYoungGen: 69536K->1408K(69120K)] 379498K->311370K(737280K), 0.0033793 secs] [Times: user=0.01 sys=0.00, real=0.00 secs] 
896.203: [GC (Allocation Failure) [PSYoungGen: 68992K->1408K(68608K)] 378954K->311370K(736768K), 0.0029807 secs] [Times: user=0.01 sys=0.00, real=0.00 secs] 
896.770: [GC (Allocation Failure) [PSYoungGen: 68480K->1376K(68096K)] 378442K->311338K(736256K), 0.0028284 secs] [Times: user=0.01 sys=0.00, real=0.00 secs] 
897.031: [GC (Allocation Failure) [PSYoungGen: 67936K->1453K(68096K)] 377898K->311415K(736256K), 0.0016380 secs] [Times: user=0.01 sys=0.00, real=0.00 secs] 
897.148: [GC (Allocation Failure) [PSYoungGen: 68013K->1533K(68096K)] 377975K->311495K(736256K), 0.0017024 secs] [Times: user=0.00 sys=0.00, real=0.01 secs] 
897.264: [GC (Allocation Failure) [PSYoungGen: 68093K->1456K(68096K)] 378055K->311418K(736256K), 0.0015912 secs] [Times: user=0.01 sys=0.00, real=0.00 secs] 
897.380: [GC (Allocation Failure) [PSYoungGen: 68016K->1504K(74240K)] 377978K->311482K(742400K), 0.0014596 secs] [Times: user=0.00 sys=0.00, real=0.00 secs] 
898.244: [GC (Allocation Failure) [PSYoungGen: 73696K->1408K(73216K)] 383674K->311394K(741376K), 0.0028352 secs] [Times: user=0.01 sys=0.00, real=0.00 secs] 
898.882: [GC (Allocation Failure) [PSYoungGen: 73088K->1408K(72704K)] 383074K->311394K(740864K), 0.0029700 secs] [Times: user=0.01 sys=0.01, real=0.00 secs] 
899.522: [GC (Allocation Failure) [PSYoungGen: 72576K->1408K(72192K)] 382562K->311394K(740352K), 0.0026930 secs] [Times: user=0.01 sys=0.00, real=0.00 secs] 
900.033: [GC (Allocation Failure) [PSYoungGen: 72064K->1408K(71680K)] 382050K->311394K(739840K), 0.0022456 secs] [Times: user=0.01 sys=0.00, real=0.00 secs] 
900.272: [GC (Allocation Failure) [PSYoungGen: 71552K->1504K(71168K)] 381538K->311514K(739328K), 0.0021361 secs] [Times: user=0.01 sys=0.00, real=0.00 secs] 
900.465: [GC (Allocation Failure) [PSYoungGen: 71136K->1504K(70656K)] 381146K->311514K(738816K), 0.0026392 secs] [Times: user=0.01 sys=0.00, real=0.00 secs] 
900.620: [GC (Allocation Failure) [PSYoungGen: 70624K->1501K(70144K)] 380634K->311511K(738304K), 0.0015159 secs] [Times: user=0.01 sys=0.00, real=0.00 secs] 
900.832: [GC (Allocation Failure) [PSYoungGen: 70109K->1440K(69632K)] 380119K->311450K(737792K), 0.0021161 secs] [Times: user=0.01 sys=0.00, real=0.00 secs] 
901.154: [GC (Allocation Failure) [PSYoungGen: 69536K->1440K(69120K)] 379546K->311450K(737280K), 0.0019551 secs] [Times: user=0.01 sys=0.00, real=0.00 secs] 
901.435: [GC (Allocation Failure) [PSYoungGen: 69024K->1408K(68608K)] 379034K->311418K(736768K), 0.0021394 secs] [Times: user=0.00 sys=0.01, real=0.00 secs] 
901.742: [GC (Allocation Failure) [PSYoungGen: 68480K->1376K(68096K)] 378490K->311386K(736256K), 0.0019034 secs] [Times: user=0.01 sys=0.00, real=0.00 secs] 
902.060: [GC (Allocation Failure) [PSYoungGen: 67936K->1472K(68096K)] 377946K->311482K(736256K), 0.0020851 secs] [Times: user=0.01 sys=0.00, real=0.00 secs] 
902.191: [GC (Allocation Failure) [PSYoungGen: 68032K->1469K(68096K)] 378042K->311479K(736256K), 0.0015785 secs] [Times: user=0.00 sys=0.00, real=0.00 secs] 
902.308: [GC (Allocation Failure) [PSYoungGen: 68029K->1472K(68608K)] 378039K->311482K(736768K), 0.0014560 secs] [Times: user=0.01 sys=0.00, real=0.01 secs] 
902.424: [GC (Allocation Failure) [PSYoungGen: 68032K->1469K(68608K)] 378042K->311479K(736768K), 0.0014692 secs] [Times: user=0.00 sys=0.00, real=0.00 secs] 
902.657: [GC (Allocation Failure) [PSYoungGen: 68029K->1488K(68608K)] 378039K->311506K(736768K), 0.0019448 secs] [Times: user=0.01 sys=0.00, real=0.01 secs] 
903.384: [GC (Allocation Failure) [PSYoungGen: 68048K->1408K(68608K)] 378066K->311450K(736768K), 0.0017461 secs] [Times: user=0.00 sys=0.00, real=0.00 secs] 
903.909: [GC (Allocation Failure) [PSYoungGen: 67968K->1376K(68608K)] 378010K->311418K(736768K), 0.0018992 secs] [Times: user=0.01 sys=0.00, real=0.00 secs] 
904.186: [GC (Allocation Failure) [PSYoungGen: 67936K->1440K(68608K)] 377978K->311482K(736768K), 0.0019300 secs] [Times: user=0.01 sys=0.00, real=0.00 secs] 
904.497: [GC (Allocation Failure) [PSYoungGen: 68000K->1344K(68608K)] 378042K->311386K(736768K), 0.0031406 secs] [Times: user=0.02 sys=0.00, real=0.01 secs] 
904.677: [GC (Allocation Failure) [PSYoungGen: 67904K->1501K(68608K)] 377946K->311543K(736768K), 0.0014568 secs] [Times: user=0.00 sys=0.00, real=0.00 secs] 
904.793: [GC (Allocation Failure) [PSYoungGen: 68061K->1533K(68608K)] 378103K->311575K(736768K), 0.0015308 secs] [Times: user=0.01 sys=0.00, real=0.00 secs] 
904.925: [GC (Allocation Failure) [PSYoungGen: 68093K->1408K(68608K)] 378135K->311458K(736768K), 0.0018494 secs] [Times: user=0.01 sys=0.00, real=0.00 secs] 
905.076: [GC (Allocation Failure) [PSYoungGen: 67968K->1440K(68608K)] 378018K->311498K(736768K), 0.0019473 secs] [Times: user=0.01 sys=0.00, real=0.00 secs] 
906.030: [GC (Allocation Failure) [PSYoungGen: 68000K->1408K(68096K)] 378058K->311466K(736256K), 0.0034571 secs] [Times: user=0.02 sys=0.01, real=0.00 secs] 
906.737: [GC (Allocation Failure) [PSYoungGen: 67968K->1376K(68096K)] 378026K->311434K(736256K), 0.0028726 secs] [Times: user=0.01 sys=0.00, real=0.01 secs] 
907.539: [GC (Allocation Failure) [PSYoungGen: 67936K->1424K(68096K)] 377994K->311482K(736256K), 0.0034330 secs] [Times: user=0.02 sys=0.00, real=0.00 secs] 
908.437: [GC (Allocation Failure) [PSYoungGen: 67984K->1408K(68096K)] 378042K->311466K(736256K), 0.0025147 secs] [Times: user=0.01 sys=0.01, real=0.01 secs] 
908.802: [GC (Allocation Failure) [PSYoungGen: 67968K->1440K(68096K)] 378026K->311498K(736256K), 0.0016837 secs] [Times: user=0.00 sys=0.00, real=0.00 secs] 
908.920: [GC (Allocation Failure) [PSYoungGen: 68000K->1469K(68096K)] 378058K->311527K(736256K), 0.0016235 secs] [Times: user=0.01 sys=0.01, real=0.00 secs] 
909.038: [GC (Allocation Failure) [PSYoungGen: 68029K->1469K(68096K)] 378087K->311543K(736256K), 0.0014836 secs] [Times: user=0.00 sys=0.00, real=0.01 secs] 
909.172: [GC (Allocation Failure) [PSYoungGen: 68029K->1501K(68096K)] 378103K->311575K(736256K), 0.0016845 secs] [Times: user=0.01 sys=0.01, real=0.00 secs] 
910.032: [GC (Allocation Failure) [PSYoungGen: 68061K->1440K(68096K)] 378135K->311514K(736256K), 0.0019715 secs] [Times: user=0.00 sys=0.00, real=0.00 secs] 
910.556: [GC (Allocation Failure) [PSYoungGen: 68000K->1376K(68096K)] 378074K->311450K(736256K), 0.0019957 secs] [Times: user=0.01 sys=0.00, real=0.00 secs] 
911.188: [GC (Allocation Failure) [PSYoungGen: 67936K->1376K(68096K)] 378010K->311450K(736256K), 0.0023397 secs] [Times: user=0.01 sys=0.00, real=0.01 secs] 
912.039: [GC (Allocation Failure) [PSYoungGen: 67936K->1376K(68096K)] 378010K->311450K(736256K), 0.0034019 secs] [Times: user=0.01 sys=0.01, real=0.00 secs] 
912.514: [GC (Allocation Failure) [PSYoungGen: 67936K->1485K(68096K)] 378010K->311559K(736256K), 0.0018510 secs] [Times: user=0.01 sys=0.00, real=0.00 secs] 
912.653: [GC (Allocation Failure) [PSYoungGen: 68045K->1501K(68096K)] 378119K->311575K(736256K), 0.0016647 secs] [Times: user=0.00 sys=0.00, real=0.00 secs] 
912.770: [GC (Allocation Failure) [PSYoungGen: 68061K->1536K(68608K)] 378135K->311634K(736768K), 0.0014713 secs] [Times: user=0.01 sys=0.00, real=0.00 secs] 
912.886: [GC (Allocation Failure) [PSYoungGen: 68096K->1501K(68608K)] 378194K->311599K(736768K), 0.0014487 secs] [Times: user=0.00 sys=0.00, real=0.00 secs] 
913.321: [GC (Allocation Failure) [PSYoungGen: 68061K->1440K(68608K)] 378159K->311546K(736768K), 0.0019593 secs] [Times: user=0.01 sys=0.00, real=0.00 secs] 
913.598: [GC (Allocation Failure) [PSYoungGen: 68000K->1408K(68608K)] 378106K->311514K(736768K), 0.0019888 secs] [Times: user=0.01 sys=0.00, real=0.01 secs] 
913.874: [GC (Allocation Failure) [PSYoungGen: 67968K->1376K(68608K)] 378074K->311482K(736768K), 0.0020029 secs] [Times: user=0.01 sys=0.00, real=0.00 secs] 
914.375: [GC (Allocation Failure) [PSYoungGen: 67936K->1424K(68608K)] 378042K->311546K(736768K), 0.0026243 secs] [Times: user=0.01 sys=0.00, real=0.00 secs] 
914.750: [GC (Allocation Failure) [PSYoungGen: 67968K->1469K(68608K)] 378090K->311591K(736768K), 0.0018784 secs] [Times: user=0.01 sys=0.00, real=0.00 secs] 
914.878: [GC (Allocation Failure) [PSYoungGen: 68029K->1472K(68608K)] 378151K->311594K(736768K), 0.0014952 secs] [Times: user=0.01 sys=0.00, real=0.01 secs] 
914.996: [GC (Allocation Failure) [PSYoungGen: 68032K->1440K(68608K)] 378154K->311562K(736768K), 0.0034938 secs] [Times: user=0.01 sys=0.00, real=0.01 secs] 
915.114: [GC (Allocation Failure) [PSYoungGen: 68000K->1504K(68608K)] 378122K->311634K(736768K), 0.0014730 secs] [Times: user=0.01 sys=0.00, real=0.00 secs] 
915.836: [GC (Allocation Failure) [PSYoungGen: 68064K->1408K(75264K)] 378194K->311546K(743424K), 0.0025291 secs] [Times: user=0.00 sys=0.00, real=0.00 secs] 
916.835: [GC (Allocation Failure) [PSYoungGen: 75136K->1440K(74752K)] 385274K->311586K(742912K), 0.0038828 secs] [Times: user=0.01 sys=0.00, real=0.01 secs] 
917.517: [GC (Allocation Failure) [PSYoungGen: 74656K->1408K(74240K)] 384802K->311554K(742400K), 0.0025153 secs] [Times: user=0.01 sys=0.01, real=0.01 secs] 
918.134: [GC (Allocation Failure) [PSYoungGen: 74112K->1392K(73728K)] 384258K->311538K(741888K), 0.0023538 secs] [Times: user=0.01 sys=0.00, real=0.00 secs] 
918.487: [GC (Allocation Failure) [PSYoungGen: 73584K->1533K(73216K)] 383730K->311679K(741376K), 0.0016432 secs] [Times: user=0.00 sys=0.00, real=0.00 secs] 
918.612: [GC (Allocation Failure) [PSYoungGen: 73213K->1472K(72704K)] 383359K->311618K(740864K), 0.0015584 secs] [Times: user=0.01 sys=0.01, real=0.00 secs] 
918.737: [GC (Allocation Failure) [PSYoungGen: 72640K->1520K(72192K)] 382786K->311666K(740352K), 0.0017681 secs] [Times: user=0.00 sys=0.00, real=0.01 secs] 
918.910: [GC (Allocation Failure) [PSYoungGen: 72176K->1424K(71680K)] 382322K->311578K(739840K), 0.0017825 secs] [Times: user=0.01 sys=0.00, real=0.00 secs] 
919.291: [GC (Allocation Failure) [PSYoungGen: 71568K->1408K(71168K)] 381722K->311562K(739328K), 0.0018462 secs] [Times: user=0.01 sys=0.00, real=0.00 secs] 
919.949: [GC (Allocation Failure) [PSYoungGen: 71040K->1408K(70656K)] 381194K->311562K(738816K), 0.0020041 secs] [Times: user=0.00 sys=0.00, real=0.00 secs] 
920.664: [GC (Allocation Failure) [PSYoungGen: 70528K->1440K(70144K)] 380682K->311594K(738304K), 0.0033179 secs] [Times: user=0.02 sys=0.00, real=0.00 secs] 
921.409: [GC (Allocation Failure) [PSYoungGen: 70048K->1389K(69632K)] 380202K->311543K(737792K), 0.0030400 secs] [Times: user=0.02 sys=0.00, real=0.00 secs] 
921.619: [GC (Allocation Failure) [PSYoungGen: 69485K->1485K(69120K)] 379639K->311639K(737280K), 0.0020746 secs] [Times: user=0.00 sys=0.00, real=0.00 secs] 
921.741: [GC (Allocation Failure) [PSYoungGen: 69069K->1488K(68608K)] 379223K->311642K(736768K), 0.0015189 secs] [Times: user=0.01 sys=0.00, real=0.00 secs] 
921.858: [GC (Allocation Failure) [PSYoungGen: 68560K->1456K(68096K)] 378714K->311610K(736256K), 0.0014634 secs] [Times: user=0.01 sys=0.00, real=0.01 secs] 
922.525: [GC (Allocation Failure) [PSYoungGen: 68016K->1424K(68608K)] 378170K->311594K(736768K), 0.0033410 secs] [Times: user=0.01 sys=0.00, real=0.01 secs] 
923.747: [GC (Allocation Failure) [PSYoungGen: 67984K->1408K(68608K)] 378154K->311578K(736768K), 0.0038752 secs] [Times: user=0.02 sys=0.00, real=0.01 secs] 
924.230: [GC (Allocation Failure) [PSYoungGen: 67968K->1408K(68608K)] 378138K->311578K(736768K), 0.0022780 secs] [Times: user=0.01 sys=0.00, real=0.00 secs] 
924.903: [GC (Allocation Failure) [PSYoungGen: 67968K->1408K(68096K)] 378138K->311578K(736256K), 0.0021097 secs] [Times: user=0.00 sys=0.00, real=0.00 secs] 
925.768: [GC (Allocation Failure) [PSYoungGen: 67968K->1437K(68096K)] 378138K->311607K(736256K), 0.0033647 secs] [Times: user=0.01 sys=0.00, real=0.01 secs] 
925.956: [GC (Allocation Failure) [PSYoungGen: 67997K->477K(67584K)] 378167K->311671K(735744K), 0.0014491 secs] [Times: user=0.01 sys=0.00, real=0.00 secs] 
926.073: [GC (Allocation Failure) [PSYoungGen: 67037K->493K(68608K)] 378231K->311711K(736768K), 0.0014020 secs] [Times: user=0.01 sys=0.00, real=0.00 secs] 
926.207: [GC (Allocation Failure) [PSYoungGen: 67053K->512K(68608K)] 378271K->311738K(736768K), 0.0017567 secs] [Times: user=0.01 sys=0.00, real=0.00 secs] 
926.463: [GC (Allocation Failure) [PSYoungGen: 67072K->2016K(68608K)] 378298K->313754K(736768K), 0.0021665 secs] [Times: user=0.00 sys=0.00, real=0.00 secs] 
927.540: [GC (Allocation Failure) [PSYoungGen: 68576K->1408K(69120K)] 380314K->313146K(737280K), 0.0025090 secs] [Times: user=0.01 sys=0.01, real=0.00 secs] 
928.546: [GC (Allocation Failure) [PSYoungGen: 67968K->1408K(68096K)] 379706K->313146K(736256K), 0.0032346 secs] [Times: user=0.01 sys=0.00, real=0.01 secs] 
929.012: [GC (Allocation Failure) [PSYoungGen: 67968K->1440K(68608K)] 379706K->313178K(736768K), 0.0021857 secs] [Times: user=0.01 sys=0.00, real=0.00 secs] 
929.286: [GC (Allocation Failure) [PSYoungGen: 68000K->1424K(68608K)] 379738K->313162K(736768K), 0.0022183 secs] [Times: user=0.01 sys=0.00, real=0.00 secs] 
929.506: [GC (Allocation Failure) [PSYoungGen: 67984K->1485K(68608K)] 379722K->313223K(736768K), 0.0018993 secs] [Times: user=0.01 sys=0.00, real=0.00 secs] 
929.624: [GC (Allocation Failure) [PSYoungGen: 68045K->1456K(68608K)] 379783K->313194K(736768K), 0.0014673 secs] [Times: user=0.00 sys=0.00, real=0.00 secs] 
929.740: [GC (Allocation Failure) [PSYoungGen: 68016K->1501K(68608K)] 379754K->313263K(736768K), 0.0014743 secs] [Times: user=0.01 sys=0.00, real=0.00 secs] 
929.856: [GC (Allocation Failure) [PSYoungGen: 68061K->1488K(68608K)] 379823K->313250K(736768K), 0.0015271 secs] [Times: user=0.01 sys=0.00, real=0.00 secs] 
930.143: [GC (Allocation Failure) [PSYoungGen: 68048K->1392K(68096K)] 379810K->313154K(736256K), 0.0015049 secs] [Times: user=0.00 sys=0.00, real=0.00 secs] 
930.419: [GC (Allocation Failure) [PSYoungGen: 67952K->1360K(68096K)] 379714K->313122K(736256K), 0.0022048 secs] [Times: user=0.01 sys=0.00, real=0.00 secs] 
930.696: [GC (Allocation Failure) [PSYoungGen: 67920K->1376K(68096K)] 379682K->313138K(736256K), 0.0024043 secs] [Times: user=0.01 sys=0.00, real=0.00 secs] 
930.973: [GC (Allocation Failure) [PSYoungGen: 67936K->1376K(68096K)] 379698K->313138K(736256K), 0.0030205 secs] [Times: user=0.01 sys=0.00, real=0.00 secs] 
931.303: [GC (Allocation Failure) [PSYoungGen: 67936K->1485K(68096K)] 379698K->313247K(736256K), 0.0017108 secs] [Times: user=0.01 sys=0.00, real=0.00 secs] 
931.460: [GC (Allocation Failure) [PSYoungGen: 68045K->1501K(68096K)] 379807K->313263K(736256K), 0.0019813 secs] [Times: user=0.01 sys=0.00, real=0.00 secs] 
931.605: [GC (Allocation Failure) [PSYoungGen: 68061K->1520K(68096K)] 379823K->313298K(736256K), 0.0014542 secs] [Times: user=0.01 sys=0.00, real=0.00 secs] 
931.721: [GC (Allocation Failure) [PSYoungGen: 68080K->1501K(71680K)] 379858K->313279K(739840K), 0.0015234 secs] [Times: user=0.00 sys=0.00, real=0.00 secs] 
932.755: [GC (Allocation Failure) [PSYoungGen: 71133K->1488K(70656K)] 382911K->313266K(738816K), 0.0034217 secs] [Times: user=0.01 sys=0.00, real=0.00 secs] 
933.866: [GC (Allocation Failure) [PSYoungGen: 70608K->1408K(70144K)] 382386K->313218K(738304K), 0.0025946 secs] [Times: user=0.01 sys=0.00, real=0.01 secs] 
934.583: [GC (Allocation Failure) [PSYoungGen: 70016K->1408K(69632K)] 381826K->313218K(737792K), 0.0024912 secs] [Times: user=0.01 sys=0.00, real=0.00 secs] 
935.270: [GC (Allocation Failure) [PSYoungGen: 69504K->1408K(69120K)] 381314K->313218K(737280K), 0.0025351 secs] [Times: user=0.01 sys=0.00, real=0.00 secs] 
935.776: [GC (Allocation Failure) [PSYoungGen: 68992K->1456K(68608K)] 380802K->313266K(736768K), 0.0016914 secs] [Times: user=0.01 sys=0.00, real=0.00 secs] 
935.904: [GC (Allocation Failure) [PSYoungGen: 68524K->1453K(68096K)] 380334K->313263K(736256K), 0.0016130 secs] [Times: user=0.00 sys=0.00, real=0.00 secs] 
936.040: [GC (Allocation Failure) [PSYoungGen: 68013K->1472K(71680K)] 379823K->313282K(739840K), 0.0052938 secs] [Times: user=0.02 sys=0.00, real=0.00 secs] 
936.235: [GC (Allocation Failure) [PSYoungGen: 71616K->1485K(72192K)] 383426K->313311K(740352K), 0.0021570 secs] [Times: user=0.01 sys=0.00, real=0.00 secs] 
937.523: [GC (Allocation Failure) [PSYoungGen: 71629K->1376K(79360K)] 383455K->313210K(747520K), 0.0045528 secs] [Times: user=0.02 sys=0.00, real=0.00 secs] 
937.926: [GC (Allocation Failure) [PSYoungGen: 79200K->1408K(78848K)] 391034K->313250K(747008K), 0.0021287 secs] [Times: user=0.00 sys=0.00, real=0.00 secs] 
938.808: [GC (Allocation Failure) [PSYoungGen: 78720K->1408K(78336K)] 390562K->313250K(746496K), 0.0029042 secs] [Times: user=0.01 sys=0.00, real=0.01 secs] 
939.602: [GC (Allocation Failure) [PSYoungGen: 78208K->1421K(77824K)] 390050K->313263K(745984K), 0.0029307 secs] [Times: user=0.01 sys=0.00, real=0.00 secs] 
939.851: [GC (Allocation Failure) [PSYoungGen: 77709K->1565K(77824K)] 389551K->313407K(745984K), 0.0017912 secs] [Times: user=0.01 sys=0.00, real=0.00 secs] 
939.995: [GC (Allocation Failure) [PSYoungGen: 77341K->1440K(76800K)] 389183K->313282K(744960K), 0.0017680 secs] [Times: user=0.01 sys=0.00, real=0.00 secs] 
940.126: [GC (Allocation Failure) [PSYoungGen: 76704K->1456K(76288K)] 388546K->313298K(744448K), 0.0015613 secs] [Times: user=0.01 sys=0.00, real=0.00 secs] 
940.543: [GC (Allocation Failure) [PSYoungGen: 76208K->1440K(75776K)] 388050K->313282K(743936K), 0.0023772 secs] [Times: user=0.00 sys=0.00, real=0.00 secs] 
941.122: [GC (Allocation Failure) [PSYoungGen: 75680K->1376K(75264K)] 387522K->313218K(743424K), 0.0021186 secs] [Times: user=0.00 sys=0.00, real=0.00 secs] 
941.726: [GC (Allocation Failure) [PSYoungGen: 75104K->1408K(74752K)] 386946K->313250K(742912K), 0.0025801 secs] [Times: user=0.01 sys=0.00, real=0.01 secs] 
942.538: [GC (Allocation Failure) [PSYoungGen: 74624K->1469K(74240K)] 386466K->313311K(742400K), 0.0022105 secs] [Times: user=0.01 sys=0.00, real=0.01 secs] 
942.712: [GC (Allocation Failure) [PSYoungGen: 74173K->1501K(73728K)] 386015K->313343K(741888K), 0.0015962 secs] [Times: user=0.01 sys=0.00, real=0.00 secs] 
942.859: [GC (Allocation Failure) [PSYoungGen: 73693K->1469K(73216K)] 385535K->313311K(741376K), 0.0018086 secs] [Times: user=0.01 sys=0.00, real=0.01 secs] 
943.021: [GC (Allocation Failure) [PSYoungGen: 73149K->1501K(72704K)] 384991K->313343K(740864K), 0.0016593 secs] [Times: user=0.00 sys=0.00, real=0.00 secs] 
943.280: [GC (Allocation Failure) [PSYoungGen: 72669K->1440K(72192K)] 384511K->313282K(740352K), 0.0022497 secs] [Times: user=0.01 sys=0.00, real=0.00 secs] 
943.574: [GC (Allocation Failure) [PSYoungGen: 72096K->1440K(71680K)] 383938K->313290K(739840K), 0.0020774 secs] [Times: user=0.01 sys=0.00, real=0.00 secs] 
943.865: [GC (Allocation Failure) [PSYoungGen: 71584K->1408K(71168K)] 383434K->313258K(739328K), 0.0020312 secs] [Times: user=0.01 sys=0.00, real=0.00 secs] 
944.155: [GC (Allocation Failure) [PSYoungGen: 71040K->1408K(70656K)] 382890K->313274K(738816K), 0.0019984 secs] [Times: user=0.01 sys=0.00, real=0.00 secs] 
944.397: [GC (Allocation Failure) [PSYoungGen: 70528K->1504K(70144K)] 382394K->313370K(738304K), 0.0014149 secs] [Times: user=0.00 sys=0.00, real=0.00 secs] 
944.516: [GC (Allocation Failure) [PSYoungGen: 70112K->1504K(69632K)] 381978K->313370K(737792K), 0.0015814 secs] [Times: user=0.01 sys=0.00, real=0.00 secs] 
944.636: [GC (Allocation Failure) [PSYoungGen: 69600K->1488K(69120K)] 381466K->313354K(737280K), 0.0014675 secs] [Times: user=0.01 sys=0.00, real=0.00 secs] 
944.755: [GC (Allocation Failure) [PSYoungGen: 69072K->1424K(70144K)] 380938K->313290K(738304K), 0.0015297 secs] [Times: user=0.01 sys=0.00, real=0.00 secs] 
945.058: [GC (Allocation Failure) [PSYoungGen: 69520K->1440K(69120K)] 381386K->313314K(737280K), 0.0019769 secs] [Times: user=0.01 sys=0.00, real=0.01 secs] 
945.376: [GC (Allocation Failure) [PSYoungGen: 69024K->1408K(68608K)] 380898K->313282K(736768K), 0.0020113 secs] [Times: user=0.01 sys=0.00, real=0.00 secs] 
945.654: [GC (Allocation Failure) [PSYoungGen: 68480K->1392K(68096K)] 380354K->313266K(736256K), 0.0015995 secs] [Times: user=0.01 sys=0.00, real=0.00 secs] 
945.954: [GC (Allocation Failure) [PSYoungGen: 67952K->1408K(68096K)] 379826K->313290K(736256K), 0.0020126 secs] [Times: user=0.01 sys=0.00, real=0.00 secs] 
946.330: [GC (Allocation Failure) [PSYoungGen: 67968K->1501K(68096K)] 379850K->313383K(736256K), 0.0014121 secs] [Times: user=0.00 sys=0.00, real=0.00 secs] 
946.449: [GC (Allocation Failure) [PSYoungGen: 68061K->1472K(68096K)] 379943K->313354K(736256K), 0.0015501 secs] [Times: user=0.00 sys=0.00, real=0.00 secs] 
946.566: [GC (Allocation Failure) [PSYoungGen: 68015K->1453K(68096K)] 379897K->313335K(736256K), 0.0014653 secs] [Times: user=0.00 sys=0.00, real=0.00 secs] 
946.684: [GC (Allocation Failure) [PSYoungGen: 68013K->1488K(73216K)] 379895K->313386K(741376K), 0.0014848 secs] [Times: user=0.01 sys=0.00, real=0.00 secs] 
947.136: [GC (Allocation Failure) [PSYoungGen: 72656K->1408K(72192K)] 384554K->313306K(740352K), 0.0016177 secs] [Times: user=0.01 sys=0.00, real=0.00 secs] 
947.703: [GC (Allocation Failure) [PSYoungGen: 72064K->1424K(71680K)] 383962K->313322K(739840K), 0.0017927 secs] [Times: user=0.01 sys=0.00, real=0.00 secs] 
948.212: [GC (Allocation Failure) [PSYoungGen: 71568K->1408K(71168K)] 383466K->313306K(739328K), 0.0033879 secs] [Times: user=0.01 sys=0.00, real=0.00 secs] 
948.765: [GC (Allocation Failure) [PSYoungGen: 71040K->1408K(70656K)] 382938K->313306K(738816K), 0.0027370 secs] [Times: user=0.01 sys=0.00, real=0.00 secs] 
949.156: [GC (Allocation Failure) [PSYoungGen: 70528K->1485K(70144K)] 382426K->313383K(738304K), 0.0023790 secs] [Times: user=0.01 sys=0.00, real=0.00 secs] 
949.322: [GC (Allocation Failure) [PSYoungGen: 70093K->1456K(69632K)] 381991K->313354K(737792K), 0.0017786 secs] [Times: user=0.01 sys=0.00, real=0.00 secs] 
949.441: [GC (Allocation Failure) [PSYoungGen: 69552K->1504K(69120K)] 381450K->313402K(737280K), 0.0014732 secs] [Times: user=0.00 sys=0.00, real=0.00 secs] 
949.560: [GC (Allocation Failure) [PSYoungGen: 69088K->1456K(68608K)] 380986K->313370K(736768K), 0.0014926 secs] [Times: user=0.00 sys=0.00, real=0.00 secs] 
949.842: [GC (Allocation Failure) [PSYoungGen: 68528K->1408K(68096K)] 380442K->313322K(736256K), 0.0027652 secs] [Times: user=0.01 sys=0.00, real=0.00 secs] 
950.112: [GC (Allocation Failure) [PSYoungGen: 67968K->1376K(68096K)] 379882K->313290K(736256K), 0.0021280 secs] [Times: user=0.01 sys=0.00, real=0.00 secs] 
950.388: [GC (Allocation Failure) [PSYoungGen: 67936K->1376K(68096K)] 379850K->313290K(736256K), 0.0019034 secs] [Times: user=0.01 sys=0.00, real=0.01 secs] 
950.664: [GC (Allocation Failure) [PSYoungGen: 67936K->1376K(68096K)] 379850K->313298K(736256K), 0.0019477 secs] [Times: user=0.01 sys=0.00, real=0.00 secs] 
950.873: [GC (Allocation Failure) [PSYoungGen: 67936K->1469K(68096K)] 379858K->313391K(736256K), 0.0014208 secs] [Times: user=0.00 sys=0.00, real=0.00 secs] 
950.989: [GC (Allocation Failure) [PSYoungGen: 68029K->1488K(68608K)] 379951K->313410K(736768K), 0.0015139 secs] [Times: user=0.01 sys=0.00, real=0.00 secs] 
951.105: [GC (Allocation Failure) [PSYoungGen: 68048K->1501K(68608K)] 379970K->313423K(736768K), 0.0016397 secs] [Times: user=0.00 sys=0.00, real=0.00 secs] 
951.222: [GC (Allocation Failure) [PSYoungGen: 68061K->1469K(68608K)] 379983K->313415K(736768K), 0.0015181 secs] [Times: user=0.01 sys=0.00, real=0.00 secs] 
952.431: [GC (Allocation Failure) [PSYoungGen: 68029K->1392K(68096K)] 379975K->313338K(736256K), 0.0042146 secs] [Times: user=0.02 sys=0.00, real=0.00 secs] 
953.494: [GC (Allocation Failure) [PSYoungGen: 67952K->1360K(68096K)] 379898K->313306K(736256K), 0.0033525 secs] [Times: user=0.01 sys=0.00, real=0.00 secs] 
954.297: [GC (Allocation Failure) [PSYoungGen: 67920K->1408K(68096K)] 379866K->313378K(736256K), 0.0026882 secs] [Times: user=0.01 sys=0.00, real=0.01 secs] 
954.876: [GC (Allocation Failure) [PSYoungGen: 67968K->1360K(68096K)] 379938K->313330K(736256K), 0.0027192 secs] [Times: user=0.01 sys=0.00, real=0.00 secs] 
955.400: [GC (Allocation Failure) [PSYoungGen: 67920K->1533K(68096K)] 379890K->313503K(736256K), 0.0019820 secs] [Times: user=0.00 sys=0.00, real=0.00 secs] 
955.524: [GC (Allocation Failure) [PSYoungGen: 68093K->1501K(68096K)] 380063K->313471K(736256K), 0.0016231 secs] [Times: user=0.00 sys=0.00, real=0.00 secs] 
955.641: [GC (Allocation Failure) [PSYoungGen: 68061K->1501K(68096K)] 380031K->313471K(736256K), 0.0015075 secs] [Times: user=0.00 sys=0.00, real=0.00 secs] 
955.757: [GC (Allocation Failure) [PSYoungGen: 68061K->1533K(72192K)] 380031K->313511K(740352K), 0.0017379 secs] [Times: user=0.01 sys=0.00, real=0.01 secs] 
956.226: [GC (Allocation Failure) [PSYoungGen: 71677K->1440K(71168K)] 383655K->313418K(739328K), 0.0024318 secs] [Times: user=0.01 sys=0.00, real=0.01 secs] 
956.841: [GC (Allocation Failure) [PSYoungGen: 71072K->1408K(70656K)] 383050K->313386K(738816K), 0.0023853 secs] [Times: user=0.01 sys=0.00, real=0.00 secs] 
957.680: [GC (Allocation Failure) [PSYoungGen: 70528K->1376K(70144K)] 382506K->313354K(738304K), 0.0020896 secs] [Times: user=0.01 sys=0.00, real=0.00 secs] 
958.987: [GC (Allocation Failure) [PSYoungGen: 69984K->1408K(69632K)] 381962K->313386K(737792K), 0.0034991 secs] [Times: user=0.01 sys=0.00, real=0.01 secs] 
959.632: [GC (Allocation Failure) [PSYoungGen: 69504K->1440K(69120K)] 381482K->313418K(737280K), 0.0020242 secs] [Times: user=0.01 sys=0.00, real=0.00 secs] 
959.821: [GC (Allocation Failure) [PSYoungGen: 69024K->1456K(68608K)] 381002K->313434K(736768K), 0.0020368 secs] [Times: user=0.01 sys=0.00, real=0.00 secs] 
959.967: [GC (Allocation Failure) [PSYoungGen: 68528K->1472K(68096K)] 380506K->313450K(736256K), 0.0015105 secs] [Times: user=0.00 sys=0.00, real=0.00 secs] 
960.083: [GC (Allocation Failure) [PSYoungGen: 68032K->1488K(68096K)] 380010K->313482K(736256K), 0.0017490 secs] [Times: user=0.01 sys=0.00, real=0.00 secs] 
960.985: [GC (Allocation Failure) [PSYoungGen: 68048K->1456K(68096K)] 380042K->313450K(736256K), 0.0038739 secs] [Times: user=0.02 sys=0.00, real=0.01 secs] 
961.866: [GC (Allocation Failure) [PSYoungGen: 68016K->1440K(68096K)] 380010K->313434K(736256K), 0.0020435 secs] [Times: user=0.01 sys=0.00, real=0.00 secs] 
962.203: [GC (Allocation Failure) [PSYoungGen: 68000K->1408K(68096K)] 379994K->313402K(736256K), 0.0019203 secs] [Times: user=0.01 sys=0.00, real=0.00 secs] 
962.847: [GC (Allocation Failure) [PSYoungGen: 67968K->1408K(68096K)] 379962K->313402K(736256K), 0.0028834 secs] [Times: user=0.01 sys=0.00, real=0.01 secs] 
963.246: [GC (Allocation Failure) [PSYoungGen: 67968K->1456K(68096K)] 379962K->313450K(736256K), 0.0018089 secs] [Times: user=0.01 sys=0.00, real=0.00 secs] 
963.419: [GC (Allocation Failure) [PSYoungGen: 68016K->1501K(68608K)] 380010K->313495K(736768K), 0.0021026 secs] [Times: user=0.01 sys=0.00, real=0.00 secs] 
963.577: [GC (Allocation Failure) [PSYoungGen: 68061K->1472K(68608K)] 380055K->313466K(736768K), 0.0017458 secs] [Times: user=0.00 sys=0.00, real=0.01 secs] 
963.694: [GC (Allocation Failure) [PSYoungGen: 68032K->1520K(68608K)] 380026K->313530K(736768K), 0.0014905 secs] [Times: user=0.01 sys=0.00, real=0.00 secs] 
964.656: [GC (Allocation Failure) [PSYoungGen: 68080K->1440K(68608K)] 380090K->313450K(736768K), 0.0039872 secs] [Times: user=0.02 sys=0.00, real=0.01 secs] 
965.309: [GC (Allocation Failure) [PSYoungGen: 68000K->1408K(68608K)] 380010K->313418K(736768K), 0.0026048 secs] [Times: user=0.01 sys=0.00, real=0.00 secs] 
965.889: [GC (Allocation Failure) [PSYoungGen: 67968K->1408K(68608K)] 379978K->313442K(736768K), 0.0020266 secs] [Times: user=0.01 sys=0.00, real=0.00 secs] 
966.450: [GC (Allocation Failure) [PSYoungGen: 67968K->1376K(68608K)] 380002K->313410K(736768K), 0.0027132 secs] [Times: user=0.01 sys=0.00, real=0.00 secs] 
967.468: [GC (Allocation Failure) [PSYoungGen: 67936K->1517K(68608K)] 379970K->313551K(736768K), 0.0024736 secs] [Times: user=0.01 sys=0.00, real=0.01 secs] 
967.645: [GC (Allocation Failure) [PSYoungGen: 68063K->1469K(68608K)] 380097K->313503K(736768K), 0.0015188 secs] [Times: user=0.00 sys=0.00, real=0.00 secs] 
967.761: [GC (Allocation Failure) [PSYoungGen: 68029K->1456K(68608K)] 380063K->313490K(736768K), 0.0016545 secs] [Times: user=0.00 sys=0.00, real=0.00 secs] 
967.878: [GC (Allocation Failure) [PSYoungGen: 68016K->1472K(68608K)] 380050K->313522K(736768K), 0.0014820 secs] [Times: user=0.00 sys=0.00, real=0.01 secs] 
968.452: [GC (Allocation Failure) [PSYoungGen: 68032K->1472K(68608K)] 380082K->313522K(736768K), 0.0022584 secs] [Times: user=0.00 sys=0.00, real=0.00 secs] 
969.772: [GC (Allocation Failure) [PSYoungGen: 68032K->1344K(68608K)] 380082K->313394K(736768K), 0.0030330 secs] [Times: user=0.02 sys=0.00, real=0.00 secs] 
970.905: [GC (Allocation Failure) [PSYoungGen: 67904K->1408K(68608K)] 379954K->313458K(736768K), 0.0024586 secs] [Times: user=0.01 sys=0.00, real=0.00 secs] 
971.581: [GC (Allocation Failure) [PSYoungGen: 67968K->1408K(68608K)] 380018K->313458K(736768K), 0.0018508 secs] [Times: user=0.01 sys=0.00, real=0.00 secs] 
972.569: [GC (Allocation Failure) [PSYoungGen: 67968K->1437K(68608K)] 380018K->313487K(736768K), 0.0021252 secs] [Times: user=0.01 sys=0.00, real=0.01 secs] 
972.709: [GC (Allocation Failure) [PSYoungGen: 67997K->1424K(68096K)] 380047K->313474K(736256K), 0.0015814 secs] [Times: user=0.01 sys=0.00, real=0.00 secs] 
972.843: [GC (Allocation Failure) [PSYoungGen: 67984K->1533K(67584K)] 380034K->313583K(735744K), 0.0018231 secs] [Times: user=0.01 sys=0.00, real=0.00 secs] 
972.995: [GC (Allocation Failure) [PSYoungGen: 67581K->1501K(68096K)] 379631K->313567K(736256K), 0.0019487 secs] [Times: user=0.01 sys=0.00, real=0.00 secs] 
973.353: [GC (Allocation Failure) [PSYoungGen: 67549K->1424K(68096K)] 379615K->313490K(736256K), 0.0027867 secs] [Times: user=0.02 sys=0.00, real=0.00 secs] 
974.052: [GC (Allocation Failure) [PSYoungGen: 67472K->1408K(68096K)] 379538K->313474K(736256K), 0.0027895 secs] [Times: user=0.01 sys=0.00, real=0.00 secs] 
974.988: [GC (Allocation Failure) [PSYoungGen: 67456K->1408K(68096K)] 379522K->313474K(736256K), 0.0019573 secs] [Times: user=0.01 sys=0.00, real=0.01 secs] 
975.708: [GC (Allocation Failure) [PSYoungGen: 67456K->1376K(68096K)] 379522K->313450K(736256K), 0.0025225 secs] [Times: user=0.01 sys=0.00, real=0.01 secs] 
976.472: [GC (Allocation Failure) [PSYoungGen: 67424K->1424K(68096K)] 379498K->313498K(736256K), 0.0020871 secs] [Times: user=0.01 sys=0.00, real=0.00 secs] 
976.611: [GC (Allocation Failure) [PSYoungGen: 67472K->1472K(68096K)] 379546K->313546K(736256K), 0.0015224 secs] [Times: user=0.01 sys=0.00, real=0.00 secs] 
976.746: [GC (Allocation Failure) [PSYoungGen: 67520K->1533K(68096K)] 379594K->313607K(736256K), 0.0017812 secs] [Times: user=0.01 sys=0.00, real=0.00 secs] 
976.895: [GC (Allocation Failure) [PSYoungGen: 67581K->1488K(68096K)] 379655K->313586K(736256K), 0.0016960 secs] [Times: user=0.01 sys=0.00, real=0.00 secs] 
977.168: [GC (Allocation Failure) [PSYoungGen: 67536K->1440K(68096K)] 379634K->313570K(736256K), 0.0019951 secs] [Times: user=0.01 sys=0.00, real=0.01 secs] 
978.562: [GC (Allocation Failure) [PSYoungGen: 67488K->1408K(68096K)] 379618K->313538K(736256K), 0.0031885 secs] [Times: user=0.01 sys=0.00, real=0.00 secs] 
979.804: [GC (Allocation Failure) [PSYoungGen: 67456K->1408K(68096K)] 379586K->313538K(736256K), 0.0031376 secs] [Times: user=0.02 sys=0.00, real=0.00 secs] 
980.828: [GC (Allocation Failure) [PSYoungGen: 67456K->1408K(68096K)] 379586K->313538K(736256K), 0.0033830 secs] [Times: user=0.02 sys=0.00, real=0.01 secs] 
981.683: [GC (Allocation Failure) [PSYoungGen: 67456K->1408K(68096K)] 379586K->313538K(736256K), 0.0027882 secs] [Times: user=0.01 sys=0.00, real=0.00 secs] 
981.893: [GC (Allocation Failure) [PSYoungGen: 67456K->1456K(68096K)] 379586K->313586K(736256K), 0.0015438 secs] [Times: user=0.01 sys=0.00, real=0.00 secs] 
982.009: [GC (Allocation Failure) [PSYoungGen: 67504K->1472K(68096K)] 379634K->313602K(736256K), 0.0015828 secs] [Times: user=0.00 sys=0.00, real=0.01 secs] 
982.141: [GC (Allocation Failure) [PSYoungGen: 67520K->1517K(68096K)] 379650K->313663K(736256K), 0.0020393 secs] [Times: user=0.01 sys=0.00, real=0.00 secs] 
982.411: [GC (Allocation Failure) [PSYoungGen: 67565K->1584K(68096K)] 379711K->313730K(736256K), 0.0017881 secs] [Times: user=0.01 sys=0.00, real=0.00 secs] 
983.244: [GC (Allocation Failure) [PSYoungGen: 67632K->1408K(68096K)] 379778K->313554K(736256K), 0.0027902 secs] [Times: user=0.01 sys=0.00, real=0.00 secs] 
984.195: [GC (Allocation Failure) [PSYoungGen: 67456K->1408K(68096K)] 379602K->313554K(736256K), 0.0026421 secs] [Times: user=0.02 sys=0.00, real=0.00 secs] 
984.807: [GC (Allocation Failure) [PSYoungGen: 67456K->1376K(68096K)] 379602K->313522K(736256K), 0.0024662 secs] [Times: user=0.01 sys=0.00, real=0.01 secs] 
985.528: [GC (Allocation Failure) [PSYoungGen: 67424K->1408K(68096K)] 379570K->313554K(736256K), 0.0023823 secs] [Times: user=0.01 sys=0.00, real=0.01 secs] 
986.090: [GC (Allocation Failure) [PSYoungGen: 67456K->1488K(68096K)] 379602K->313634K(736256K), 0.0019867 secs] [Times: user=0.01 sys=0.00, real=0.00 secs] 
986.249: [GC (Allocation Failure) [PSYoungGen: 67536K->1488K(68096K)] 379682K->313634K(736256K), 0.0019185 secs] [Times: user=0.01 sys=0.00, real=0.00 secs] 
986.401: [GC (Allocation Failure) [PSYoungGen: 67510K->1453K(68096K)] 379656K->313615K(736256K), 0.0017837 secs] [Times: user=0.00 sys=0.00, real=0.00 secs] 
986.517: [GC (Allocation Failure) [PSYoungGen: 67501K->1469K(68096K)] 379663K->313631K(736256K), 0.0015020 secs] [Times: user=0.01 sys=0.00, real=0.00 secs] 
987.655: [GC (Allocation Failure) [PSYoungGen: 67517K->1440K(68096K)] 379679K->313626K(736256K), 0.0032049 secs] [Times: user=0.01 sys=0.00, real=0.00 secs] 
988.420: [GC (Allocation Failure) [PSYoungGen: 67488K->1408K(68096K)] 379674K->313594K(736256K), 0.0032544 secs] [Times: user=0.02 sys=0.00, real=0.00 secs] 
989.178: [GC (Allocation Failure) [PSYoungGen: 67456K->1408K(68096K)] 379642K->313594K(736256K), 0.0039179 secs] [Times: user=0.02 sys=0.00, real=0.01 secs] 
990.227: [GC (Allocation Failure) [PSYoungGen: 67456K->1376K(68096K)] 379642K->313562K(736256K), 0.0034209 secs] [Times: user=0.01 sys=0.00, real=0.01 secs] 
990.844: [GC (Allocation Failure) [PSYoungGen: 67424K->1469K(68096K)] 379610K->313655K(736256K), 0.0021170 secs] [Times: user=0.00 sys=0.00, real=0.00 secs] 
990.994: [GC (Allocation Failure) [PSYoungGen: 67517K->1472K(68096K)] 379703K->313658K(736256K), 0.0015401 secs] [Times: user=0.00 sys=0.00, real=0.00 secs] 
991.110: [GC (Allocation Failure) [PSYoungGen: 67491K->1501K(68096K)] 379678K->313703K(736256K), 0.0015106 secs] [Times: user=0.01 sys=0.00, real=0.00 secs] 
991.226: [GC (Allocation Failure) [PSYoungGen: 67522K->1469K(68096K)] 379725K->313671K(736256K), 0.0015204 secs] [Times: user=0.01 sys=0.00, real=0.00 secs] 
991.940: [GC (Allocation Failure) [PSYoungGen: 67517K->1376K(68096K)] 379719K->313578K(736256K), 0.0020811 secs] [Times: user=0.01 sys=0.00, real=0.00 secs] 
992.214: [GC (Allocation Failure) [PSYoungGen: 67424K->1408K(68096K)] 379626K->313610K(736256K), 0.0019741 secs] [Times: user=0.00 sys=0.00, real=0.00 secs] 
992.489: [GC (Allocation Failure) [PSYoungGen: 67456K->1376K(68096K)] 379658K->313578K(736256K), 0.0019036 secs] [Times: user=0.00 sys=0.00, real=0.00 secs] 
992.927: [GC (Allocation Failure) [PSYoungGen: 67424K->1376K(68096K)] 379626K->313578K(736256K), 0.0019841 secs] [Times: user=0.01 sys=0.00, real=0.01 secs] 
993.205: [GC (Allocation Failure) [PSYoungGen: 67424K->1469K(68096K)] 379626K->313671K(736256K), 0.0014467 secs] [Times: user=0.01 sys=0.00, real=0.00 secs] 
993.322: [GC (Allocation Failure) [PSYoungGen: 67517K->1501K(68096K)] 379719K->313703K(736256K), 0.0014894 secs] [Times: user=0.01 sys=0.00, real=0.00 secs] 
993.439: [GC (Allocation Failure) [PSYoungGen: 67549K->1469K(68096K)] 379751K->313671K(736256K), 0.0014937 secs] [Times: user=0.01 sys=0.00, real=0.00 secs] 
993.557: [GC (Allocation Failure) [PSYoungGen: 67517K->1488K(68096K)] 379719K->313706K(736256K), 0.0015168 secs] [Times: user=0.00 sys=0.00, real=0.00 secs] 
994.358: [GC (Allocation Failure) [PSYoungGen: 67536K->1408K(68096K)] 379754K->313626K(736256K), 0.0024275 secs] [Times: user=0.01 sys=0.00, real=0.01 secs] 
995.093: [GC (Allocation Failure) [PSYoungGen: 67456K->1408K(68096K)] 379674K->313650K(736256K), 0.0026260 secs] [Times: user=0.01 sys=0.00, real=0.00 secs] 
995.734: [GC (Allocation Failure) [PSYoungGen: 67456K->1376K(68096K)] 379698K->313618K(736256K), 0.0037646 secs] [Times: user=0.02 sys=0.00, real=0.00 secs] 
996.292: [GC (Allocation Failure) [PSYoungGen: 67424K->1344K(68096K)] 379666K->313594K(736256K), 0.0032273 secs] [Times: user=0.02 sys=0.00, real=0.00 secs] 
996.959: [GC (Allocation Failure) [PSYoungGen: 67392K->1421K(68096K)] 379642K->313671K(736256K), 0.0024730 secs] [Times: user=0.01 sys=0.00, real=0.00 secs] 
997.140: [GC (Allocation Failure) [PSYoungGen: 67469K->1501K(68096K)] 379719K->313751K(736256K), 0.0015430 secs] [Times: user=0.00 sys=0.00, real=0.00 secs] 
997.256: [GC (Allocation Failure) [PSYoungGen: 67549K->1440K(68096K)] 379799K->313690K(736256K), 0.0015216 secs] [Times: user=0.01 sys=0.00, real=0.00 secs] 
997.372: [GC (Allocation Failure) [PSYoungGen: 67488K->1504K(68096K)] 379738K->313770K(736256K), 0.0015145 secs] [Times: user=0.00 sys=0.00, real=0.00 secs] 
997.914: [GC (Allocation Failure) [PSYoungGen: 67552K->1408K(68096K)] 379818K->313674K(736256K), 0.0020980 secs] [Times: user=0.01 sys=0.00, real=0.00 secs] 
998.421: [GC (Allocation Failure) [PSYoungGen: 67456K->1440K(68096K)] 379722K->313706K(736256K), 0.0019484 secs] [Times: user=0.01 sys=0.00, real=0.00 secs] 
999.014: [GC (Allocation Failure) [PSYoungGen: 67488K->1408K(68096K)] 379754K->313674K(736256K), 0.0024730 secs] [Times: user=0.01 sys=0.00, real=0.00 secs] 
999.651: [GC (Allocation Failure) [PSYoungGen: 67456K->1376K(68096K)] 379722K->313642K(736256K), 0.0039512 secs] [Times: user=0.01 sys=0.00, real=0.00 secs] 
1000.561: [GC (Allocation Failure) [PSYoungGen: 67424K->1456K(68096K)] 379690K->313722K(736256K), 0.0029693 secs] [Times: user=0.01 sys=0.00, real=0.00 secs] 
1000.762: [GC (Allocation Failure) [PSYoungGen: 67504K->1488K(68096K)] 379770K->313754K(736256K), 0.0020420 secs] [Times: user=0.00 sys=0.00, real=0.00 secs] 
1000.916: [GC (Allocation Failure) [PSYoungGen: 67536K->1472K(68096K)] 379802K->313738K(736256K), 0.0018890 secs] [Times: user=0.00 sys=0.00, real=0.00 secs] 
1001.065: [GC (Allocation Failure) [PSYoungGen: 67520K->1456K(68096K)] 379786K->313738K(736256K), 0.0015181 secs] [Times: user=0.01 sys=0.00, real=0.00 secs] 
1001.274: [GC (Allocation Failure) [PSYoungGen: 67504K->1472K(68096K)] 379786K->313754K(736256K), 0.0018399 secs] [Times: user=0.01 sys=0.00, real=0.00 secs] 
1001.745: [GC (Allocation Failure) [PSYoungGen: 67520K->1344K(68096K)] 379802K->313626K(736256K), 0.0038779 secs] [Times: user=0.01 sys=0.00, real=0.00 secs] 
1002.429: [GC (Allocation Failure) [PSYoungGen: 67392K->1408K(68096K)] 379674K->313690K(736256K), 0.0026681 secs] [Times: user=0.02 sys=0.00, real=0.00 secs] 
1003.161: [GC (Allocation Failure) [PSYoungGen: 67456K->1408K(68096K)] 379738K->313690K(736256K), 0.0023904 secs] [Times: user=0.01 sys=0.00, real=0.00 secs] 
1003.936: [GC (Allocation Failure) [PSYoungGen: 67456K->1376K(68096K)] 379738K->313658K(736256K), 0.0037496 secs] [Times: user=0.01 sys=0.00, real=0.01 secs] 
1004.269: [GC (Allocation Failure) [PSYoungGen: 67424K->1488K(68096K)] 379706K->313770K(736256K), 0.0019705 secs] [Times: user=0.01 sys=0.00, real=0.00 secs] 
1004.396: [GC (Allocation Failure) [PSYoungGen: 67536K->1472K(68096K)] 379818K->313754K(736256K), 0.0015150 secs] [Times: user=0.01 sys=0.00, real=0.00 secs] 
1004.511: [GC (Allocation Failure) [PSYoungGen: 67520K->1488K(68096K)] 379802K->313786K(736256K), 0.0017791 secs] [Times: user=0.00 sys=0.00, real=0.00 secs] 
1004.766: [GC (Allocation Failure) [PSYoungGen: 67536K->1584K(68096K)] 379834K->313882K(736256K), 0.0021143 secs] [Times: user=0.00 sys=0.00, real=0.00 secs] 
1005.663: [GC (Allocation Failure) [PSYoungGen: 67632K->1344K(68096K)] 379930K->313666K(736256K), 0.0033566 secs] [Times: user=0.02 sys=0.00, real=0.00 secs] 
1006.458: [GC (Allocation Failure) [PSYoungGen: 67392K->1408K(68096K)] 379714K->313730K(736256K), 0.0032451 secs] [Times: user=0.01 sys=0.00, real=0.01 secs] 
1007.258: [GC (Allocation Failure) [PSYoungGen: 67456K->1376K(68096K)] 379778K->313698K(736256K), 0.0033418 secs] [Times: user=0.01 sys=0.00, real=0.01 secs] 
1008.161: [GC (Allocation Failure) [PSYoungGen: 67424K->1360K(68096K)] 379746K->313682K(736256K), 0.0041464 secs] [Times: user=0.01 sys=0.00, real=0.00 secs] 
1008.549: [GC (Allocation Failure) [PSYoungGen: 67408K->1504K(68096K)] 379730K->313826K(736256K), 0.0018378 secs] [Times: user=0.01 sys=0.00, real=0.00 secs] 
1008.683: [GC (Allocation Failure) [PSYoungGen: 67552K->1533K(68096K)] 379874K->313855K(736256K), 0.0016468 secs] [Times: user=0.00 sys=0.00, real=0.00 secs] 
1008.801: [GC (Allocation Failure) [PSYoungGen: 67581K->1485K(68096K)] 379903K->313823K(736256K), 0.0015171 secs] [Times: user=0.01 sys=0.00, real=0.00 secs] 
1008.918: [GC (Allocation Failure) [PSYoungGen: 67533K->1456K(68096K)] 379871K->313794K(736256K), 0.0015311 secs] [Times: user=0.01 sys=0.00, real=0.01 secs] 
1009.693: [GC (Allocation Failure) [PSYoungGen: 67504K->1440K(68096K)] 379842K->313778K(736256K), 0.0027785 secs] [Times: user=0.01 sys=0.00, real=0.00 secs] 
1010.368: [GC (Allocation Failure) [PSYoungGen: 67488K->1392K(68096K)] 379826K->313730K(736256K), 0.0030733 secs] [Times: user=0.01 sys=0.00, real=0.01 secs] 
1011.127: [GC (Allocation Failure) [PSYoungGen: 67440K->1408K(68096K)] 379778K->313746K(736256K), 0.0030167 secs] [Times: user=0.02 sys=0.00, real=0.01 secs] 
1011.654: [GC (Allocation Failure) [PSYoungGen: 67456K->1440K(68096K)] 379794K->313778K(736256K), 0.0026423 secs] [Times: user=0.01 sys=0.00, real=0.00 secs] 
1012.106: [GC (Allocation Failure) [PSYoungGen: 67488K->1469K(68096K)] 379826K->313807K(736256K), 0.0021618 secs] [Times: user=0.01 sys=0.00, real=0.00 secs] 
1012.283: [GC (Allocation Failure) [PSYoungGen: 67517K->1501K(68096K)] 379855K->313839K(736256K), 0.0019053 secs] [Times: user=0.01 sys=0.00, real=0.00 secs] 
1012.438: [GC (Allocation Failure) [PSYoungGen: 67523K->1501K(68096K)] 379861K->313855K(736256K), 0.0015130 secs] [Times: user=0.00 sys=0.00, real=0.01 secs] 
1012.571: [GC (Allocation Failure) [PSYoungGen: 67549K->1456K(68096K)] 379903K->313810K(736256K), 0.0020488 secs] [Times: user=0.01 sys=0.00, real=0.00 secs] 
1013.140: [GC (Allocation Failure) [PSYoungGen: 67504K->1440K(68096K)] 379858K->313794K(736256K), 0.0023012 secs] [Times: user=0.01 sys=0.00, real=0.00 secs] 
1013.517: [GC (Allocation Failure) [PSYoungGen: 67488K->1408K(68096K)] 379842K->313762K(736256K), 0.0017747 secs] [Times: user=0.01 sys=0.00, real=0.00 secs] 
1013.818: [GC (Allocation Failure) [PSYoungGen: 67456K->1408K(68096K)] 379810K->313762K(736256K), 0.0024979 secs] [Times: user=0.01 sys=0.00, real=0.01 secs] 
1014.270: [GC (Allocation Failure) [PSYoungGen: 67456K->1408K(68096K)] 379810K->313762K(736256K), 0.0020272 secs] [Times: user=0.01 sys=0.00, real=0.00 secs] 
1014.659: [GC (Allocation Failure) [PSYoungGen: 67456K->1533K(68096K)] 379810K->313911K(736256K), 0.0014547 secs] [Times: user=0.00 sys=0.00, real=0.00 secs] 
1014.791: [GC (Allocation Failure) [PSYoungGen: 67581K->1517K(68096K)] 379959K->313895K(736256K), 0.0019074 secs] [Times: user=0.01 sys=0.00, real=0.00 secs] 
1014.950: [GC (Allocation Failure) [PSYoungGen: 67565K->1533K(68096K)] 379943K->313911K(736256K), 0.0017191 secs] [Times: user=0.00 sys=0.00, real=0.00 secs] 
1015.067: [GC (Allocation Failure) [PSYoungGen: 67581K->1501K(68096K)] 379959K->313895K(736256K), 0.0015366 secs] [Times: user=0.01 sys=0.00, real=0.00 secs] 
1015.505: [GC (Allocation Failure) [PSYoungGen: 67549K->1440K(67584K)] 379943K->313834K(735744K), 0.0030830 secs] [Times: user=0.01 sys=0.00, real=0.00 secs] 
1015.841: [GC (Allocation Failure) [PSYoungGen: 67488K->1408K(67584K)] 379882K->313802K(735744K), 0.0021852 secs] [Times: user=0.00 sys=0.00, real=0.00 secs] 
1016.146: [GC (Allocation Failure) [PSYoungGen: 67456K->1408K(67584K)] 379850K->313802K(735744K), 0.0019017 secs] [Times: user=0.01 sys=0.00, real=0.00 secs] 
1016.465: [GC (Allocation Failure) [PSYoungGen: 67456K->1376K(67584K)] 379850K->313770K(735744K), 0.0020705 secs] [Times: user=0.01 sys=0.00, real=0.00 secs] 
1016.802: [GC (Allocation Failure) [PSYoungGen: 67424K->1469K(67584K)] 379818K->313863K(735744K), 0.0018708 secs] [Times: user=0.01 sys=0.00, real=0.00 secs] 
1016.921: [GC (Allocation Failure) [PSYoungGen: 67517K->1472K(67584K)] 379911K->313866K(735744K), 0.0016239 secs] [Times: user=0.00 sys=0.00, real=0.00 secs] 
1017.054: [GC (Allocation Failure) [PSYoungGen: 67520K->1485K(67584K)] 379914K->313879K(735744K), 0.0018371 secs] [Times: user=0.01 sys=0.00, real=0.00 secs] 
1017.200: [GC (Allocation Failure) [PSYoungGen: 67533K->1456K(71168K)] 379927K->313866K(739328K), 0.0017912 secs] [Times: user=0.01 sys=0.00, real=0.00 secs] 
1017.542: [GC (Allocation Failure) [PSYoungGen: 70576K->1456K(70144K)] 382986K->313866K(738304K), 0.0021537 secs] [Times: user=0.01 sys=0.00, real=0.00 secs] 
1017.827: [GC (Allocation Failure) [PSYoungGen: 70064K->1408K(69632K)] 382474K->313818K(737792K), 0.0020076 secs] [Times: user=0.01 sys=0.01, real=0.01 secs] 
1018.144: [GC (Allocation Failure) [PSYoungGen: 69504K->1408K(69120K)] 381914K->313818K(737280K), 0.0019206 secs] [Times: user=0.01 sys=0.00, real=0.00 secs] 
1018.440: [GC (Allocation Failure) [PSYoungGen: 68992K->1376K(68608K)] 381402K->313794K(736768K), 0.0020437 secs] [Times: user=0.00 sys=0.00, real=0.00 secs] 
1018.716: [GC (Allocation Failure) [PSYoungGen: 68448K->1488K(68096K)] 380866K->313906K(736256K), 0.0018298 secs] [Times: user=0.01 sys=0.00, real=0.00 secs] 
1018.893: [GC (Allocation Failure) [PSYoungGen: 68048K->1533K(68096K)] 380466K->313951K(736256K), 0.0019713 secs] [Times: user=0.01 sys=0.00, real=0.00 secs] 
1019.027: [GC (Allocation Failure) [PSYoungGen: 68093K->1472K(68096K)] 380511K->313890K(736256K), 0.0015232 secs] [Times: user=0.01 sys=0.01, real=0.00 secs] 
1019.143: [GC (Allocation Failure) [PSYoungGen: 68032K->1501K(71168K)] 380450K->313943K(739328K), 0.0015676 secs] [Times: user=0.01 sys=0.00, real=0.00 secs] 
1019.972: [GC (Allocation Failure) [PSYoungGen: 70621K->1440K(70144K)] 383063K->313882K(738304K), 0.0040610 secs] [Times: user=0.02 sys=0.00, real=0.00 secs] 
1020.843: [GC (Allocation Failure) [PSYoungGen: 70048K->1344K(69632K)] 382490K->313786K(737792K), 0.0027090 secs] [Times: user=0.01 sys=0.00, real=0.00 secs] 
1021.428: [GC (Allocation Failure) [PSYoungGen: 69440K->1408K(69120K)] 381882K->313850K(737280K), 0.0028229 secs] [Times: user=0.01 sys=0.00, real=0.01 secs] 
1021.926: [GC (Allocation Failure) [PSYoungGen: 68992K->1408K(68608K)] 381434K->313850K(736768K), 0.0027666 secs] [Times: user=0.01 sys=0.00, real=0.01 secs] 
1022.227: [GC (Allocation Failure) [PSYoungGen: 68480K->1485K(68096K)] 380922K->313927K(736256K), 0.0016903 secs] [Times: user=0.01 sys=0.00, real=0.00 secs] 
1022.350: [GC (Allocation Failure) [PSYoungGen: 68045K->1533K(68096K)] 380487K->313975K(736256K), 0.0015777 secs] [Times: user=0.01 sys=0.00, real=0.00 secs] 
1022.467: [GC (Allocation Failure) [PSYoungGen: 68075K->1501K(68096K)] 380517K->313943K(736256K), 0.0014902 secs] [Times: user=0.01 sys=0.00, real=0.01 secs] 
1022.585: [GC (Allocation Failure) [PSYoungGen: 68061K->1488K(68096K)] 380503K->313946K(736256K), 0.0015224 secs] [Times: user=0.01 sys=0.00, real=0.00 secs] 
1023.379: [GC (Allocation Failure) [PSYoungGen: 68048K->1424K(68096K)] 380506K->313882K(736256K), 0.0039763 secs] [Times: user=0.02 sys=0.00, real=0.00 secs] 
1024.398: [GC (Allocation Failure) [PSYoungGen: 67984K->1408K(68096K)] 380442K->313866K(736256K), 0.0029708 secs] [Times: user=0.01 sys=0.00, real=0.01 secs] 
1025.009: [GC (Allocation Failure) [PSYoungGen: 67968K->1408K(68096K)] 380426K->313866K(736256K), 0.0027607 secs] [Times: user=0.02 sys=0.00, real=0.00 secs] 
1025.656: [GC (Allocation Failure) [PSYoungGen: 67968K->1424K(68096K)] 380426K->313898K(736256K), 0.0025513 secs] [Times: user=0.01 sys=0.00, real=0.01 secs] 
1026.290: [GC (Allocation Failure) [PSYoungGen: 67984K->1453K(68096K)] 380458K->313927K(736256K), 0.0021879 secs] [Times: user=0.01 sys=0.00, real=0.00 secs] 
1026.456: [GC (Allocation Failure) [PSYoungGen: 68013K->1501K(68608K)] 380487K->313975K(736768K), 0.0015127 secs] [Times: user=0.01 sys=0.00, real=0.00 secs] 
1026.573: [GC (Allocation Failure) [PSYoungGen: 68061K->1501K(68608K)] 380535K->313975K(736768K), 0.0014848 secs] [Times: user=0.01 sys=0.00, real=0.00 secs] 
1026.689: [GC (Allocation Failure) [PSYoungGen: 68061K->1456K(68608K)] 380535K->313946K(736768K), 0.0014856 secs] [Times: user=0.01 sys=0.00, real=0.01 secs] 
1027.217: [GC (Allocation Failure) [PSYoungGen: 68016K->1440K(68608K)] 380506K->313930K(736768K), 0.0021394 secs] [Times: user=0.01 sys=0.00, real=0.01 secs] 
1027.886: [GC (Allocation Failure) [PSYoungGen: 68000K->1408K(68608K)] 380490K->313898K(736768K), 0.0020870 secs] [Times: user=0.01 sys=0.00, real=0.00 secs] 
1028.510: [GC (Allocation Failure) [PSYoungGen: 67968K->1392K(68608K)] 380458K->313882K(736768K), 0.0019873 secs] [Times: user=0.01 sys=0.00, real=0.00 secs] 
1029.115: [GC (Allocation Failure) [PSYoungGen: 67952K->1408K(68608K)] 380442K->313906K(736768K), 0.0022817 secs] [Times: user=0.01 sys=0.00, real=0.00 secs] 
1029.779: [GC (Allocation Failure) [PSYoungGen: 67967K->1488K(68608K)] 380465K->313986K(736768K), 0.0024369 secs] [Times: user=0.01 sys=0.00, real=0.00 secs] 
1029.987: [GC (Allocation Failure) [PSYoungGen: 68048K->1504K(68608K)] 380546K->314002K(736768K), 0.0020841 secs] [Times: user=0.01 sys=0.00, real=0.01 secs] 
1030.129: [GC (Allocation Failure) [PSYoungGen: 68064K->1488K(68608K)] 380562K->313986K(736768K), 0.0015274 secs] [Times: user=0.01 sys=0.00, real=0.00 secs] 
1030.244: [GC (Allocation Failure) [PSYoungGen: 68048K->1469K(68608K)] 380546K->313983K(736768K), 0.0015048 secs] [Times: user=0.01 sys=0.00, real=0.00 secs] 
1030.596: [GC (Allocation Failure) [PSYoungGen: 68029K->1440K(68608K)] 380543K->313954K(736768K), 0.0021690 secs] [Times: user=0.01 sys=0.00, real=0.00 secs] 
1031.148: [GC (Allocation Failure) [PSYoungGen: 68000K->1408K(68608K)] 380514K->313922K(736768K), 0.0021064 secs] [Times: user=0.00 sys=0.00, real=0.01 secs] 
1031.510: [GC (Allocation Failure) [PSYoungGen: 67968K->1440K(68608K)] 380482K->313954K(736768K), 0.0019865 secs] [Times: user=0.00 sys=0.00, real=0.00 secs] 
1032.123: [GC (Allocation Failure) [PSYoungGen: 68000K->1376K(68608K)] 380514K->313890K(736768K), 0.0021566 secs] [Times: user=0.00 sys=0.00, real=0.00 secs] 
1032.746: [GC (Allocation Failure) [PSYoungGen: 67936K->1392K(68608K)] 380450K->313906K(736768K), 0.0022242 secs] [Times: user=0.01 sys=0.00, real=0.00 secs] 
1032.964: [GC (Allocation Failure) [PSYoungGen: 67952K->1469K(68608K)] 380466K->313983K(736768K), 0.0014344 secs] [Times: user=0.01 sys=0.00, real=0.00 secs] 
1033.080: [GC (Allocation Failure) [PSYoungGen: 68029K->1469K(68608K)] 380543K->313983K(736768K), 0.0014016 secs] [Times: user=0.01 sys=0.00, real=0.00 secs] 
1033.195: [GC (Allocation Failure) [PSYoungGen: 68029K->1533K(68608K)] 380543K->314063K(736768K), 0.0014811 secs] [Times: user=0.01 sys=0.00, real=0.00 secs] 
1033.801: [GC (Allocation Failure) [PSYoungGen: 68093K->1760K(68608K)] 380623K->314290K(736768K), 0.0026502 secs] [Times: user=0.01 sys=0.00, real=0.00 secs] 
1034.906: [GC (Allocation Failure) [PSYoungGen: 68320K->1408K(68608K)] 380850K->313938K(736768K), 0.0031087 secs] [Times: user=0.02 sys=0.00, real=0.01 secs] 
1035.743: [GC (Allocation Failure) [PSYoungGen: 67968K->1440K(68608K)] 380498K->314010K(736768K), 0.0031493 secs] [Times: user=0.01 sys=0.00, real=0.00 secs] 
1036.608: [GC (Allocation Failure) [PSYoungGen: 68000K->1376K(68608K)] 380570K->313946K(736768K), 0.0023339 secs] [Times: user=0.01 sys=0.00, real=0.01 secs] 
1037.332: [GC (Allocation Failure) [PSYoungGen: 67936K->1408K(68608K)] 380506K->313978K(736768K), 0.0023667 secs] [Times: user=0.01 sys=0.00, real=0.00 secs] 
1037.601: [GC (Allocation Failure) [PSYoungGen: 67968K->1533K(68608K)] 380538K->314103K(736768K), 0.0014757 secs] [Times: user=0.00 sys=0.00, real=0.00 secs] 
1037.734: [GC (Allocation Failure) [PSYoungGen: 68093K->1501K(68608K)] 380663K->314071K(736768K), 0.0018086 secs] [Times: user=0.01 sys=0.00, real=0.00 secs] 
1037.880: [GC (Allocation Failure) [PSYoungGen: 68061K->1488K(68608K)] 380631K->314074K(736768K), 0.0016768 secs] [Times: user=0.01 sys=0.00, real=0.00 secs] 
1037.999: [GC (Allocation Failure) [PSYoungGen: 68048K->1501K(68608K)] 380634K->314087K(736768K), 0.0014975 secs] [Times: user=0.00 sys=0.00, real=0.00 secs] 
1038.871: [GC (Allocation Failure) [PSYoungGen: 68061K->1440K(68608K)] 380647K->314026K(736768K), 0.0028032 secs] [Times: user=0.01 sys=0.00, real=0.00 secs] 
1039.198: [GC (Allocation Failure) [PSYoungGen: 68000K->1376K(68608K)] 380586K->313962K(736768K), 0.0020232 secs] [Times: user=0.01 sys=0.00, real=0.01 secs] 
1039.490: [GC (Allocation Failure) [PSYoungGen: 67936K->1440K(68608K)] 380522K->314026K(736768K), 0.0018510 secs] [Times: user=0.01 sys=0.00, real=0.00 secs] 
1039.954: [GC (Allocation Failure) [PSYoungGen: 68000K->1408K(68608K)] 380586K->313994K(736768K), 0.0026471 secs] [Times: user=0.01 sys=0.00, real=0.00 secs] 
1040.375: [GC (Allocation Failure) [PSYoungGen: 67968K->1440K(68608K)] 380554K->314026K(736768K), 0.0019878 secs] [Times: user=0.00 sys=0.00, real=0.00 secs] 
1040.496: [GC (Allocation Failure) [PSYoungGen: 68000K->1440K(68608K)] 380586K->314026K(736768K), 0.0015232 secs] [Times: user=0.00 sys=0.00, real=0.00 secs] 
1040.612: [GC (Allocation Failure) [PSYoungGen: 68000K->1501K(68608K)] 380586K->314103K(736768K), 0.0014415 secs] [Times: user=0.01 sys=0.00, real=0.00 secs] 
1040.746: [GC (Allocation Failure) [PSYoungGen: 68061K->1485K(68608K)] 380663K->314087K(736768K), 0.0018764 secs] [Times: user=0.01 sys=0.00, real=0.00 secs] 
1041.679: [GC (Allocation Failure) [PSYoungGen: 68045K->1440K(68608K)] 380647K->314042K(736768K), 0.0031346 secs] [Times: user=0.01 sys=0.00, real=0.00 secs] 
1042.648: [GC (Allocation Failure) [PSYoungGen: 68000K->1408K(68608K)] 380602K->314010K(736768K), 0.0028002 secs] [Times: user=0.01 sys=0.00, real=0.01 secs] 
1043.372: [GC (Allocation Failure) [PSYoungGen: 67968K->1440K(68608K)] 380570K->314042K(736768K), 0.0026636 secs] [Times: user=0.01 sys=0.00, real=0.00 secs] 
1044.075: [GC (Allocation Failure) [PSYoungGen: 68000K->1376K(68608K)] 380602K->313978K(736768K), 0.0027813 secs] [Times: user=0.01 sys=0.00, real=0.00 secs] 
1044.499: [GC (Allocation Failure) [PSYoungGen: 67936K->1453K(68608K)] 380538K->314055K(736768K), 0.0020753 secs] [Times: user=0.01 sys=0.00, real=0.00 secs] 
1044.632: [GC (Allocation Failure) [PSYoungGen: 68013K->1533K(68608K)] 380615K->314135K(736768K), 0.0015406 secs] [Times: user=0.01 sys=0.00, real=0.00 secs] 
1044.750: [GC (Allocation Failure) [PSYoungGen: 68072K->1488K(68608K)] 380675K->314090K(736768K), 0.0014742 secs] [Times: user=0.01 sys=0.00, real=0.00 secs] 
1044.868: [GC (Allocation Failure) [PSYoungGen: 68048K->1472K(68608K)] 380650K->314106K(736768K), 0.0015046 secs] [Times: user=0.01 sys=0.00, real=0.01 secs] 
1045.600: [GC (Allocation Failure) [PSYoungGen: 68032K->1472K(68608K)] 380666K->314106K(736768K), 0.0018395 secs] [Times: user=0.01 sys=0.00, real=0.00 secs] 
1045.961: [GC (Allocation Failure) [PSYoungGen: 68032K->1376K(68608K)] 380666K->314010K(736768K), 0.0019075 secs] [Times: user=0.01 sys=0.00, real=0.00 secs] 
1046.250: [GC (Allocation Failure) [PSYoungGen: 67936K->1408K(68608K)] 380570K->314042K(736768K), 0.0019353 secs] [Times: user=0.01 sys=0.00, real=0.00 secs] 
1046.526: [GC (Allocation Failure) [PSYoungGen: 67968K->1424K(68608K)] 380602K->314058K(736768K), 0.0019563 secs] [Times: user=0.00 sys=0.00, real=0.00 secs] 
1046.925: [GC (Allocation Failure) [PSYoungGen: 67984K->1520K(68608K)] 380618K->314154K(736768K), 0.0017573 secs] [Times: user=0.01 sys=0.00, real=0.00 secs] 
1047.048: [GC (Allocation Failure) [PSYoungGen: 68080K->1533K(68608K)] 380714K->314167K(736768K), 0.0015081 secs] [Times: user=0.01 sys=0.00, real=0.01 secs] 
1047.164: [GC (Allocation Failure) [PSYoungGen: 68093K->1536K(68608K)] 380727K->314170K(736768K), 0.0014776 secs] [Times: user=0.01 sys=0.00, real=0.00 secs] 
1047.280: [GC (Allocation Failure) [PSYoungGen: 68096K->1456K(68608K)] 380730K->314106K(736768K), 0.0014782 secs] [Times: user=0.01 sys=0.00, real=0.00 secs] 
1047.920: [GC (Allocation Failure) [PSYoungGen: 68016K->1440K(68608K)] 380666K->314090K(736768K), 0.0020443 secs] [Times: user=0.00 sys=0.00, real=0.00 secs] 
1048.538: [GC (Allocation Failure) [PSYoungGen: 68000K->1392K(68608K)] 380650K->314042K(736768K), 0.0027548 secs] [Times: user=0.01 sys=0.00, real=0.01 secs] 
1048.997: [GC (Allocation Failure) [PSYoungGen: 67952K->1376K(68608K)] 380602K->314026K(736768K), 0.0019234 secs] [Times: user=0.01 sys=0.00, real=0.01 secs] 
1049.385: [GC (Allocation Failure) [PSYoungGen: 67936K->1376K(68608K)] 380586K->314026K(736768K), 0.0022628 secs] [Times: user=0.00 sys=0.00, real=0.00 secs] 
1049.666: [GC (Allocation Failure) [PSYoungGen: 67936K->1453K(68608K)] 380586K->314103K(736768K), 0.0019354 secs] [Times: user=0.01 sys=0.00, real=0.00 secs] 
1049.791: [GC (Allocation Failure) [PSYoungGen: 68013K->1504K(68608K)] 380663K->314154K(736768K), 0.0014369 secs] [Times: user=0.01 sys=0.00, real=0.00 secs] 
1049.908: [GC (Allocation Failure) [PSYoungGen: 68064K->1469K(68608K)] 380714K->314119K(736768K), 0.0015283 secs] [Times: user=0.00 sys=0.00, real=0.01 secs] 
1050.027: [GC (Allocation Failure) [PSYoungGen: 68029K->1501K(68608K)] 380679K->314167K(736768K), 0.0015205 secs] [Times: user=0.01 sys=0.00, real=0.01 secs] 
1050.899: [GC (Allocation Failure) [PSYoungGen: 68061K->1408K(68608K)] 380727K->314074K(736768K), 0.0023403 secs] [Times: user=0.01 sys=0.00, real=0.00 secs] 
1051.756: [GC (Allocation Failure) [PSYoungGen: 67968K->1392K(68608K)] 380634K->314058K(736768K), 0.0034606 secs] [Times: user=0.01 sys=0.00, real=0.01 secs] 
1052.765: [GC (Allocation Failure) [PSYoungGen: 67952K->1376K(68608K)] 380618K->314042K(736768K), 0.0032503 secs] [Times: user=0.01 sys=0.00, real=0.01 secs] 
1053.698: [GC (Allocation Failure) [PSYoungGen: 67936K->1408K(68608K)] 380602K->314074K(736768K), 0.0034219 secs] [Times: user=0.01 sys=0.00, real=0.01 secs] 
1054.326: [GC (Allocation Failure) [PSYoungGen: 67968K->1453K(68608K)] 380634K->314119K(736768K), 0.0022562 secs] [Times: user=0.01 sys=0.00, real=0.00 secs] 
1054.485: [GC (Allocation Failure) [PSYoungGen: 68013K->1504K(68608K)] 380679K->314170K(736768K), 0.0015022 secs] [Times: user=0.00 sys=0.00, real=0.00 secs] 
1054.601: [GC (Allocation Failure) [PSYoungGen: 68041K->1504K(68608K)] 380708K->314170K(736768K), 0.0015127 secs] [Times: user=0.00 sys=0.00, real=0.00 secs] 
1054.735: [GC (Allocation Failure) [PSYoungGen: 68064K->1501K(68608K)] 380730K->314183K(736768K), 0.0018158 secs] [Times: user=0.01 sys=0.00, real=0.00 secs] 
1055.494: [GC (Allocation Failure) [PSYoungGen: 68061K->1456K(68608K)] 380743K->314138K(736768K), 0.0021678 secs] [Times: user=0.01 sys=0.00, real=0.00 secs] 
1056.466: [GC (Allocation Failure) [PSYoungGen: 68016K->1408K(68608K)] 380698K->314114K(736768K), 0.0023348 secs] [Times: user=0.01 sys=0.00, real=0.00 secs] 
1057.156: [GC (Allocation Failure) [PSYoungGen: 67968K->1408K(68608K)] 380674K->314114K(736768K), 0.0027169 secs] [Times: user=0.01 sys=0.00, real=0.01 secs] 
1058.434: [GC (Allocation Failure) [PSYoungGen: 67968K->1408K(68608K)] 380674K->314114K(736768K), 0.0033207 secs] [Times: user=0.01 sys=0.00, real=0.00 secs] 
1059.783: [GC (Allocation Failure) [PSYoungGen: 67968K->1472K(68608K)] 380674K->314178K(736768K), 0.0039250 secs] [Times: user=0.01 sys=0.00, real=0.00 secs] 
1060.004: [GC (Allocation Failure) [PSYoungGen: 68032K->1520K(68608K)] 380738K->314226K(736768K), 0.0020232 secs] [Times: user=0.01 sys=0.00, real=0.00 secs] 
1060.127: [GC (Allocation Failure) [PSYoungGen: 68080K->1501K(68608K)] 380786K->314207K(736768K), 0.0015081 secs] [Times: user=0.00 sys=0.00, real=0.01 secs] 
1060.244: [GC (Allocation Failure) [PSYoungGen: 68061K->1456K(68608K)] 380767K->314178K(736768K), 0.0014832 secs] [Times: user=0.01 sys=0.00, real=0.00 secs] 
1060.552: [GC (Allocation Failure) [PSYoungGen: 68016K->1440K(68608K)] 380738K->314162K(736768K), 0.0023954 secs] [Times: user=0.01 sys=0.00, real=0.00 secs] 
1061.096: [GC (Allocation Failure) [PSYoungGen: 68000K->1392K(68608K)] 380722K->314114K(736768K), 0.0019900 secs] [Times: user=0.01 sys=0.00, real=0.00 secs] 
1061.608: [GC (Allocation Failure) [PSYoungGen: 67952K->1408K(68608K)] 380674K->314130K(736768K), 0.0022290 secs] [Times: user=0.01 sys=0.00, real=0.01 secs] 
1062.098: [GC (Allocation Failure) [PSYoungGen: 67968K->1408K(68608K)] 380690K->314130K(736768K), 0.0031730 secs] [Times: user=0.01 sys=0.00, real=0.01 secs] 
1062.765: [GC (Allocation Failure) [PSYoungGen: 67968K->1453K(68608K)] 380690K->314175K(736768K), 0.0022080 secs] [Times: user=0.01 sys=0.00, real=0.00 secs] 
1062.944: [GC (Allocation Failure) [PSYoungGen: 68013K->1536K(68608K)] 380735K->314258K(736768K), 0.0015279 secs] [Times: user=0.01 sys=0.00, real=0.00 secs] 
1063.060: [GC (Allocation Failure) [PSYoungGen: 68096K->1440K(68608K)] 380818K->314162K(736768K), 0.0015189 secs] [Times: user=0.01 sys=0.00, real=0.00 secs] 
1063.194: [GC (Allocation Failure) [PSYoungGen: 68000K->1501K(68608K)] 380722K->314239K(736768K), 0.0020570 secs] [Times: user=0.01 sys=0.00, real=0.00 secs] 
1064.070: [GC (Allocation Failure) [PSYoungGen: 68061K->1952K(68608K)] 380799K->314690K(736768K), 0.0037813 secs] [Times: user=0.01 sys=0.00, real=0.00 secs] 
1064.824: [GC (Allocation Failure) [PSYoungGen: 68512K->1408K(68608K)] 381250K->314146K(736768K), 0.0023064 secs] [Times: user=0.01 sys=0.00, real=0.00 secs] 
1065.568: [GC (Allocation Failure) [PSYoungGen: 67968K->1344K(68608K)] 380706K->314082K(736768K), 0.0030309 secs] [Times: user=0.01 sys=0.00, real=0.01 secs] 
1066.322: [GC (Allocation Failure) [PSYoungGen: 67904K->1344K(68608K)] 380642K->314106K(736768K), 0.0039551 secs] [Times: user=0.01 sys=0.00, real=0.00 secs] 
1067.187: [GC (Allocation Failure) [PSYoungGen: 67904K->1376K(68608K)] 380666K->314138K(736768K), 0.0041986 secs] [Times: user=0.02 sys=0.00, real=0.01 secs] 
1067.500: [GC (Allocation Failure) [PSYoungGen: 67936K->1472K(68608K)] 380698K->314234K(736768K), 0.0019162 secs] [Times: user=0.01 sys=0.00, real=0.00 secs] 
1067.631: [GC (Allocation Failure) [PSYoungGen: 68032K->1501K(68608K)] 380794K->314263K(736768K), 0.0014517 secs] [Times: user=0.01 sys=0.00, real=0.00 secs] 
1067.747: [GC (Allocation Failure) [PSYoungGen: 68061K->1472K(68608K)] 380823K->314250K(736768K), 0.0014644 secs] [Times: user=0.00 sys=0.00, real=0.00 secs] 
1067.865: [GC (Allocation Failure) [PSYoungGen: 67699K->224K(68608K)] 380477K->313002K(736768K), 0.0013187 secs] [Times: user=0.01 sys=0.00, real=0.00 secs] 
1068.464: [GC (Allocation Failure) [PSYoungGen: 66784K->1344K(68608K)] 379562K->314122K(736768K), 0.0019663 secs] [Times: user=0.01 sys=0.00, real=0.00 secs] 
1068.741: [GC (Allocation Failure) [PSYoungGen: 67904K->1408K(68608K)] 380682K->314186K(736768K), 0.0018728 secs] [Times: user=0.01 sys=0.00, real=0.00 secs] 
1069.017: [GC (Allocation Failure) [PSYoungGen: 67968K->1408K(68608K)] 380746K->314186K(736768K), 0.0019290 secs] [Times: user=0.01 sys=0.00, real=0.01 secs] 
1069.294: [GC (Allocation Failure) [PSYoungGen: 67968K->1344K(68608K)] 380746K->314122K(736768K), 0.0027578 secs] [Times: user=0.01 sys=0.00, real=0.00 secs] 
1069.537: [GC (Allocation Failure) [PSYoungGen: 67904K->1488K(68608K)] 380682K->314266K(736768K), 0.0014957 secs] [Times: user=0.01 sys=0.00, real=0.00 secs] 
1069.653: [GC (Allocation Failure) [PSYoungGen: 68048K->1456K(68608K)] 380826K->314234K(736768K), 0.0014904 secs] [Times: user=0.01 sys=0.00, real=0.00 secs] 
1069.770: [GC (Allocation Failure) [PSYoungGen: 68016K->1469K(68608K)] 380794K->314263K(736768K), 0.0014941 secs] [Times: user=0.01 sys=0.00, real=0.00 secs] 
1069.886: [GC (Allocation Failure) [PSYoungGen: 68029K->1469K(68608K)] 380823K->314263K(736768K), 0.0015343 secs] [Times: user=0.00 sys=0.00, real=0.00 secs] 
1070.269: [GC (Allocation Failure) [PSYoungGen: 68029K->1376K(68096K)] 380823K->314170K(736256K), 0.0019730 secs] [Times: user=0.00 sys=0.01, real=0.00 secs] 
1070.546: [GC (Allocation Failure) [PSYoungGen: 67936K->1344K(68096K)] 380730K->314138K(736256K), 0.0020251 secs] [Times: user=0.01 sys=0.00, real=0.00 secs] 
1070.878: [GC (Allocation Failure) [PSYoungGen: 67904K->1408K(68096K)] 380698K->314202K(736256K), 0.0019306 secs] [Times: user=0.01 sys=0.00, real=0.01 secs] 
1071.480: [GC (Allocation Failure) [PSYoungGen: 67968K->1440K(68096K)] 380762K->314234K(736256K), 0.0026022 secs] [Times: user=0.01 sys=0.00, real=0.00 secs] 
1071.887: [GC (Allocation Failure) [PSYoungGen: 68000K->1421K(68096K)] 380794K->314215K(736256K), 0.0019436 secs] [Times: user=0.01 sys=0.00, real=0.01 secs] 
1072.010: [GC (Allocation Failure) [PSYoungGen: 67981K->1485K(68096K)] 380775K->314279K(736256K), 0.0015756 secs] [Times: user=0.00 sys=0.00, real=0.00 secs] 
1072.126: [GC (Allocation Failure) [PSYoungGen: 68045K->1488K(68096K)] 380839K->314290K(736256K), 0.0015276 secs] [Times: user=0.01 sys=0.00, real=0.00 secs] 
1072.242: [GC (Allocation Failure) [PSYoungGen: 68048K->1533K(72192K)] 380850K->314359K(740352K), 0.0016561 secs] [Times: user=0.00 sys=0.00, real=0.00 secs] 
1072.617: [GC (Allocation Failure) [PSYoungGen: 71677K->1472K(71168K)] 384503K->314322K(739328K), 0.0020615 secs] [Times: user=0.01 sys=0.00, real=0.01 secs] 
1072.940: [GC (Allocation Failure) [PSYoungGen: 71104K->1376K(70656K)] 383954K->314226K(738816K), 0.0018835 secs] [Times: user=0.00 sys=0.00, real=0.00 secs] 
1073.259: [GC (Allocation Failure) [PSYoungGen: 70496K->1376K(70144K)] 383346K->314226K(738304K), 0.0021192 secs] [Times: user=0.01 sys=0.00, real=0.00 secs] 
1073.594: [GC (Allocation Failure) [PSYoungGen: 69984K->1344K(69632K)] 382834K->314194K(737792K), 0.0021315 secs] [Times: user=0.01 sys=0.00, real=0.00 secs] 
1073.815: [GC (Allocation Failure) [PSYoungGen: 69440K->1501K(69120K)] 382290K->314351K(737280K), 0.0014475 secs] [Times: user=0.01 sys=0.00, real=0.00 secs] 
1073.934: [GC (Allocation Failure) [PSYoungGen: 69085K->1472K(68608K)] 381935K->314322K(736768K), 0.0016316 secs] [Times: user=0.01 sys=0.00, real=0.00 secs] 
1074.052: [GC (Allocation Failure) [PSYoungGen: 68535K->1504K(68096K)] 381385K->314378K(736256K), 0.0014853 secs] [Times: user=0.01 sys=0.00, real=0.00 secs] 
1074.169: [GC (Allocation Failure) [PSYoungGen: 68064K->1501K(71680K)] 380938K->314391K(739840K), 0.0015338 secs] [Times: user=0.01 sys=0.00, real=0.00 secs] 
1075.005: [GC (Allocation Failure) [PSYoungGen: 71133K->1440K(70656K)] 384023K->314330K(738816K), 0.0023219 secs] [Times: user=0.01 sys=0.00, real=0.00 secs] 
1075.599: [GC (Allocation Failure) [PSYoungGen: 70560K->1376K(70144K)] 383450K->314266K(738304K), 0.0029796 secs] [Times: user=0.01 sys=0.00, real=0.00 secs] 
1075.917: [GC (Allocation Failure) [PSYoungGen: 69984K->1440K(69632K)] 382874K->314330K(737792K), 0.0019014 secs] [Times: user=0.01 sys=0.00, real=0.01 secs] 
1076.441: [GC (Allocation Failure) [PSYoungGen: 69536K->1440K(69120K)] 382426K->314330K(737280K), 0.0020186 secs] [Times: user=0.01 sys=0.00, real=0.00 secs] 
1076.642: [GC (Allocation Failure) [PSYoungGen: 69024K->1501K(68608K)] 381914K->314391K(736768K), 0.0015255 secs] [Times: user=0.01 sys=0.00, real=0.00 secs] 
1076.760: [GC (Allocation Failure) [PSYoungGen: 68573K->1501K(68096K)] 381463K->314391K(736256K), 0.0015771 secs] [Times: user=0.01 sys=0.00, real=0.00 secs] 
1076.895: [GC (Allocation Failure) [PSYoungGen: 68061K->1504K(68096K)] 380951K->314394K(736256K), 0.0017945 secs] [Times: user=0.01 sys=0.00, real=0.00 secs] 
1077.041: [GC (Allocation Failure) [PSYoungGen: 68064K->1501K(71680K)] 380954K->314407K(739840K), 0.0019422 secs] [Times: user=0.01 sys=0.00, real=0.00 secs] 
1077.816: [GC (Allocation Failure) [PSYoungGen: 71133K->1408K(70656K)] 384039K->314314K(738816K), 0.0025764 secs] [Times: user=0.00 sys=0.00, real=0.00 secs] 
1078.262: [GC (Allocation Failure) [PSYoungGen: 70528K->1408K(70144K)] 383434K->314314K(738304K), 0.0021146 secs] [Times: user=0.01 sys=0.00, real=0.00 secs] 
1078.660: [GC (Allocation Failure) [PSYoungGen: 70016K->1408K(69632K)] 382922K->314314K(737792K), 0.0020161 secs] [Times: user=0.01 sys=0.00, real=0.00 secs] 
1079.137: [GC (Allocation Failure) [PSYoungGen: 69504K->1408K(69120K)] 382410K->314314K(737280K), 0.0020676 secs] [Times: user=0.00 sys=0.00, real=0.01 secs] 
1079.470: [GC (Allocation Failure) [PSYoungGen: 68992K->1501K(68608K)] 381898K->314407K(736768K), 0.0014876 secs] [Times: user=0.01 sys=0.00, real=0.00 secs] 
1079.593: [GC (Allocation Failure) [PSYoungGen: 68573K->1533K(68096K)] 381479K->314439K(736256K), 0.0016558 secs] [Times: user=0.01 sys=0.00, real=0.00 secs] 
1079.713: [GC (Allocation Failure) [PSYoungGen: 68093K->1456K(68096K)] 380999K->314362K(736256K), 0.0014726 secs] [Times: user=0.00 sys=0.00, real=0.00 secs] 
1079.829: [GC (Allocation Failure) [PSYoungGen: 68016K->160K(67072K)] 380922K->313082K(735232K), 0.0015226 secs] [Times: user=0.01 sys=0.00, real=0.00 secs] 
1080.744: [GC (Allocation Failure) [PSYoungGen: 66720K->1408K(68096K)] 379642K->314338K(736256K), 0.0026601 secs] [Times: user=0.01 sys=0.00, real=0.00 secs] 
1081.020: [GC (Allocation Failure) [PSYoungGen: 67968K->1440K(68096K)] 380898K->314370K(736256K), 0.0019151 secs] [Times: user=0.00 sys=0.00, real=0.00 secs] 
1081.329: [GC (Allocation Failure) [PSYoungGen: 68000K->1408K(68096K)] 380930K->314338K(736256K), 0.0045136 secs] [Times: user=0.02 sys=0.00, real=0.00 secs] 
1082.101: [GC (Allocation Failure) [PSYoungGen: 67968K->1344K(68096K)] 380898K->314274K(736256K), 0.0021179 secs] [Times: user=0.01 sys=0.01, real=0.00 secs] 
1082.543: [GC (Allocation Failure) [PSYoungGen: 67904K->1552K(68608K)] 380834K->314482K(736768K), 0.0021544 secs] [Times: user=0.00 sys=0.00, real=0.00 secs] 
1082.662: [GC (Allocation Failure) [PSYoungGen: 68112K->1456K(68608K)] 381042K->314386K(736768K), 0.0015199 secs] [Times: user=0.01 sys=0.00, real=0.00 secs] 
1082.779: [GC (Allocation Failure) [PSYoungGen: 68016K->1469K(68608K)] 380946K->314399K(736768K), 0.0014875 secs] [Times: user=0.00 sys=0.00, real=0.00 secs] 
1082.896: [GC (Allocation Failure) [PSYoungGen: 68029K->1501K(68608K)] 380959K->314439K(736768K), 0.0015704 secs] [Times: user=0.01 sys=0.00, real=0.00 secs] 
1085.306: [GC (Allocation Failure) [PSYoungGen: 68061K->1392K(68096K)] 380999K->314330K(736256K), 0.0034690 secs] [Times: user=0.01 sys=0.00, real=0.01 secs] 
1086.387: [GC (Allocation Failure) [PSYoungGen: 67952K->1376K(68096K)] 380890K->314330K(736256K), 0.0035676 secs] [Times: user=0.01 sys=0.00, real=0.01 secs] 
1087.384: [GC (Allocation Failure) [PSYoungGen: 67936K->1408K(68096K)] 380890K->314362K(736256K), 0.0032014 secs] [Times: user=0.02 sys=0.00, real=0.00 secs] 
1088.292: [GC (Allocation Failure) [PSYoungGen: 67968K->1408K(68096K)] 380922K->314362K(736256K), 0.0034223 secs] [Times: user=0.01 sys=0.00, real=0.00 secs] 
1088.972: [GC (Allocation Failure) [PSYoungGen: 67968K->1485K(68096K)] 380922K->314439K(736256K), 0.0022102 secs] [Times: user=0.01 sys=0.00, real=0.00 secs] 
1089.149: [GC (Allocation Failure) [PSYoungGen: 68045K->1533K(68096K)] 380999K->314487K(736256K), 0.0023286 secs] [Times: user=0.00 sys=0.00, real=0.00 secs] 
1089.303: [GC (Allocation Failure) [PSYoungGen: 68093K->1469K(68096K)] 381047K->314423K(736256K), 0.0015233 secs] [Times: user=0.01 sys=0.00, real=0.00 secs] 
1089.419: [GC (Allocation Failure) [PSYoungGen: 68029K->1501K(68096K)] 380983K->314471K(736256K), 0.0016090 secs] [Times: user=0.01 sys=0.00, real=0.00 secs] 
1090.077: [GC (Allocation Failure) [PSYoungGen: 68061K->1408K(68096K)] 381031K->314378K(736256K), 0.0024743 secs] [Times: user=0.01 sys=0.00, real=0.01 secs] 
1090.634: [GC (Allocation Failure) [PSYoungGen: 67968K->1376K(68096K)] 380938K->314346K(736256K), 0.0021404 secs] [Times: user=0.01 sys=0.00, real=0.00 secs] 
1091.215: [GC (Allocation Failure) [PSYoungGen: 67936K->1408K(68096K)] 380906K->314378K(736256K), 0.0019556 secs] [Times: user=0.00 sys=0.00, real=0.00 secs] 
1091.895: [GC (Allocation Failure) [PSYoungGen: 67968K->1408K(68096K)] 380938K->314378K(736256K), 0.0028077 secs] [Times: user=0.01 sys=0.00, real=0.00 secs] 
1092.360: [GC (Allocation Failure) [PSYoungGen: 67951K->1501K(68096K)] 380921K->314471K(736256K), 0.0018931 secs] [Times: user=0.01 sys=0.00, real=0.00 secs] 
1092.547: [GC (Allocation Failure) [PSYoungGen: 68061K->1456K(68608K)] 381031K->314426K(736768K), 0.0021998 secs] [Times: user=0.01 sys=0.00, real=0.01 secs] 
1092.744: [GC (Allocation Failure) [PSYoungGen: 68016K->1456K(68608K)] 380986K->314426K(736768K), 0.0023138 secs] [Times: user=0.00 sys=0.00, real=0.00 secs] 
1092.940: [GC (Allocation Failure) [PSYoungGen: 68016K->1485K(68608K)] 380986K->314471K(736768K), 0.0020851 secs] [Times: user=0.01 sys=0.00, real=0.00 secs] 
1093.564: [GC (Allocation Failure) [PSYoungGen: 68045K->1440K(68608K)] 381031K->314426K(736768K), 0.0026746 secs] [Times: user=0.01 sys=0.00, real=0.00 secs] 
1094.013: [GC (Allocation Failure) [PSYoungGen: 68000K->1376K(68608K)] 380986K->314370K(736768K), 0.0023212 secs] [Times: user=0.01 sys=0.00, real=0.00 secs] 
1094.627: [GC (Allocation Failure) [PSYoungGen: 67936K->1408K(68608K)] 380930K->314402K(736768K), 0.0022512 secs] [Times: user=0.01 sys=0.00, real=0.01 secs] 
1095.126: [GC (Allocation Failure) [PSYoungGen: 67968K->1376K(68608K)] 380962K->314394K(736768K), 0.0022438 secs] [Times: user=0.01 sys=0.00, real=0.00 secs] 
1095.727: [GC (Allocation Failure) [PSYoungGen: 67936K->1485K(68608K)] 380954K->314503K(736768K), 0.0023125 secs] [Times: user=0.01 sys=0.00, real=0.01 secs] 
1095.877: [GC (Allocation Failure) [PSYoungGen: 68045K->1472K(68608K)] 381063K->314498K(736768K), 0.0015326 secs] [Times: user=0.01 sys=0.00, real=0.00 secs] 
1095.994: [GC (Allocation Failure) [PSYoungGen: 68032K->1501K(68608K)] 381058K->314527K(736768K), 0.0015114 secs] [Times: user=0.00 sys=0.00, real=0.00 secs] 
1096.110: [GC (Allocation Failure) [PSYoungGen: 68061K->1456K(68608K)] 381087K->314506K(736768K), 0.0016498 secs] [Times: user=0.01 sys=0.00, real=0.00 secs] 
1096.622: [GC (Allocation Failure) [PSYoungGen: 68016K->1424K(68608K)] 381066K->314474K(736768K), 0.0025277 secs] [Times: user=0.01 sys=0.00, real=0.00 secs] 
1096.977: [GC (Allocation Failure) [PSYoungGen: 67984K->1408K(68608K)] 381034K->314458K(736768K), 0.0020680 secs] [Times: user=0.01 sys=0.00, real=0.00 secs] 
1097.253: [GC (Allocation Failure) [PSYoungGen: 67968K->1440K(68608K)] 381018K->314490K(736768K), 0.0019574 secs] [Times: user=0.01 sys=0.00, real=0.00 secs] 
1097.530: [GC (Allocation Failure) [PSYoungGen: 68000K->1408K(68608K)] 381050K->314458K(736768K), 0.0019209 secs] [Times: user=0.00 sys=0.00, real=0.00 secs] 
1097.832: [GC (Allocation Failure) [PSYoungGen: 67953K->1456K(68608K)] 381004K->314506K(736768K), 0.0018568 secs] [Times: user=0.01 sys=0.00, real=0.00 secs] 
1097.954: [GC (Allocation Failure) [PSYoungGen: 68016K->1504K(68608K)] 381066K->314554K(736768K), 0.0014636 secs] [Times: user=0.01 sys=0.00, real=0.00 secs] 
1098.070: [GC (Allocation Failure) [PSYoungGen: 68040K->1456K(68608K)] 381090K->314506K(736768K), 0.0014607 secs] [Times: user=0.01 sys=0.00, real=0.00 secs] 
1098.186: [GC (Allocation Failure) [PSYoungGen: 67994K->1501K(68608K)] 381044K->314567K(736768K), 0.0014910 secs] [Times: user=0.01 sys=0.00, real=0.00 secs] 
1098.483: [GC (Allocation Failure) [PSYoungGen: 68061K->1472K(68096K)] 381127K->314538K(736256K), 0.0019418 secs] [Times: user=0.00 sys=0.00, real=0.00 secs] 
1098.760: [GC (Allocation Failure) [PSYoungGen: 68032K->1408K(68096K)] 381098K->314474K(736256K), 0.0021036 secs] [Times: user=0.01 sys=0.00, real=0.00 secs] 
1099.037: [GC (Allocation Failure) [PSYoungGen: 67968K->1440K(68096K)] 381034K->314506K(736256K), 0.0017925 secs] [Times: user=0.01 sys=0.00, real=0.00 secs] 
1099.313: [GC (Allocation Failure) [PSYoungGen: 68000K->1408K(68096K)] 381066K->314474K(736256K), 0.0018247 secs] [Times: user=0.01 sys=0.00, real=0.00 secs] 
1099.773: [GC (Allocation Failure) [PSYoungGen: 67968K->1437K(68096K)] 381034K->314503K(736256K), 0.0018963 secs] [Times: user=0.01 sys=0.00, real=0.00 secs] 
1099.901: [GC (Allocation Failure) [PSYoungGen: 67997K->1501K(68096K)] 381063K->314567K(736256K), 0.0016103 secs] [Times: user=0.00 sys=0.00, real=0.00 secs] 
1100.020: [GC (Allocation Failure) [PSYoungGen: 68061K->509K(67072K)] 381127K->314599K(735232K), 0.0015231 secs] [Times: user=0.00 sys=0.00, real=0.00 secs] 
1100.167: [GC (Allocation Failure) [PSYoungGen: 67069K->544K(71680K)] 381159K->314642K(739840K), 0.0019694 secs] [Times: user=0.01 sys=0.00, real=0.01 secs] 
1100.526: [GC (Allocation Failure) [PSYoungGen: 70176K->1440K(70656K)] 384274K->315538K(738816K), 0.0026658 secs] [Times: user=0.01 sys=0.00, real=0.01 secs] 
1100.944: [GC (Allocation Failure) [PSYoungGen: 70560K->1408K(70144K)] 384658K->315506K(738304K), 0.0021271 secs] [Times: user=0.01 sys=0.00, real=0.00 secs] 
1101.229: [GC (Allocation Failure) [PSYoungGen: 70016K->1408K(69632K)] 384114K->315506K(737792K), 0.0019271 secs] [Times: user=0.01 sys=0.00, real=0.00 secs] 
1101.771: [GC (Allocation Failure) [PSYoungGen: 69504K->1408K(69120K)] 383602K->315506K(737280K), 0.0027485 secs] [Times: user=0.01 sys=0.00, real=0.00 secs] 
1102.322: [GC (Allocation Failure) [PSYoungGen: 68992K->1408K(68608K)] 383090K->315506K(736768K), 0.0020617 secs] [Times: user=0.01 sys=0.01, real=0.00 secs] 
1102.469: [GC (Allocation Failure) [PSYoungGen: 68480K->1501K(68096K)] 382578K->315599K(736256K), 0.0015762 secs] [Times: user=0.01 sys=0.00, real=0.00 secs] 
1102.585: [GC (Allocation Failure) [PSYoungGen: 68061K->1488K(68096K)] 382159K->315586K(736256K), 0.0015691 secs] [Times: user=0.01 sys=0.00, real=0.00 secs] 
1102.701: [GC (Allocation Failure) [PSYoungGen: 68048K->1504K(71680K)] 382146K->315618K(739840K), 0.0015620 secs] [Times: user=0.01 sys=0.00, real=0.00 secs] 
1103.129: [GC (Allocation Failure) [PSYoungGen: 71136K->1472K(70656K)] 385250K->315610K(738816K), 0.0021664 secs] [Times: user=0.01 sys=0.01, real=0.00 secs] 
1103.798: [GC (Allocation Failure) [PSYoungGen: 70592K->1376K(70144K)] 384730K->315514K(738304K), 0.0024230 secs] [Times: user=0.01 sys=0.00, real=0.01 secs] 
1104.888: [GC (Allocation Failure) [PSYoungGen: 69984K->1408K(69632K)] 384122K->315546K(737792K), 0.0028119 secs] [Times: user=0.01 sys=0.00, real=0.01 secs] 
1106.196: [GC (Allocation Failure) [PSYoungGen: 69504K->1376K(69120K)] 383642K->315514K(737280K), 0.0039410 secs] [Times: user=0.02 sys=0.00, real=0.01 secs] 
1107.422: [GC (Allocation Failure) [PSYoungGen: 68960K->1485K(68608K)] 383098K->315623K(736768K), 0.0026307 secs] [Times: user=0.00 sys=0.00, real=0.00 secs] 
1107.595: [GC (Allocation Failure) [PSYoungGen: 68557K->1453K(68096K)] 382695K->315591K(736256K), 0.0015911 secs] [Times: user=0.01 sys=0.00, real=0.00 secs] 
1107.730: [GC (Allocation Failure) [PSYoungGen: 68013K->1472K(68096K)] 382151K->315610K(736256K), 0.0018117 secs] [Times: user=0.01 sys=0.00, real=0.00 secs] 
1107.876: [GC (Allocation Failure) [PSYoungGen: 68032K->1456K(68096K)] 382170K->315610K(736256K), 0.0019774 secs] [Times: user=0.01 sys=0.00, real=0.00 secs] 
1108.838: [GC (Allocation Failure) [PSYoungGen: 68016K->1456K(68096K)] 382170K->315618K(736256K), 0.0028200 secs] [Times: user=0.02 sys=0.00, real=0.01 secs] 
1109.479: [GC (Allocation Failure) [PSYoungGen: 68016K->1376K(68096K)] 382178K->315538K(736256K), 0.0023606 secs] [Times: user=0.01 sys=0.00, real=0.00 secs] 
1110.100: [GC (Allocation Failure) [PSYoungGen: 67936K->1408K(68096K)] 382098K->315570K(736256K), 0.0023782 secs] [Times: user=0.01 sys=0.00, real=0.00 secs] 
1110.737: [GC (Allocation Failure) [PSYoungGen: 67968K->1440K(68096K)] 382130K->315602K(736256K), 0.0028772 secs] [Times: user=0.01 sys=0.00, real=0.01 secs] 
1111.240: [GC (Allocation Failure) [PSYoungGen: 68000K->1405K(68096K)] 382162K->315567K(736256K), 0.0023241 secs] [Times: user=0.00 sys=0.00, real=0.00 secs] 
1111.393: [GC (Allocation Failure) [PSYoungGen: 67965K->1472K(68608K)] 382127K->315634K(736768K), 0.0015132 secs] [Times: user=0.01 sys=0.00, real=0.00 secs] 
1111.527: [GC (Allocation Failure) [PSYoungGen: 68032K->1456K(68608K)] 382194K->315618K(736768K), 0.0020308 secs] [Times: user=0.01 sys=0.00, real=0.01 secs] 
1111.674: [GC (Allocation Failure) [PSYoungGen: 68016K->1469K(68608K)] 382178K->315647K(736768K), 0.0019204 secs] [Times: user=0.01 sys=0.00, real=0.00 secs] 
1112.095: [GC (Allocation Failure) [PSYoungGen: 68029K->1472K(68608K)] 382207K->315650K(736768K), 0.0021407 secs] [Times: user=0.01 sys=0.00, real=0.00 secs] 
1112.790: [GC (Allocation Failure) [PSYoungGen: 68032K->1360K(68608K)] 382210K->315538K(736768K), 0.0026000 secs] [Times: user=0.01 sys=0.00, real=0.00 secs] 
1113.341: [GC (Allocation Failure) [PSYoungGen: 67920K->1360K(68608K)] 382098K->315538K(736768K), 0.0026379 secs] [Times: user=0.01 sys=0.00, real=0.00 secs] 
1113.963: [GC (Allocation Failure) [PSYoungGen: 67920K->1376K(68608K)] 382098K->315554K(736768K), 0.0039505 secs] [Times: user=0.01 sys=0.00, real=0.00 secs] 
1114.688: [GC (Allocation Failure) [PSYoungGen: 67936K->1421K(68608K)] 382114K->315599K(736768K), 0.0029173 secs] [Times: user=0.01 sys=0.00, real=0.01 secs] 
1114.919: [GC (Allocation Failure) [PSYoungGen: 67981K->1517K(68608K)] 382159K->315695K(736768K), 0.0021541 secs] [Times: user=0.01 sys=0.00, real=0.00 secs] 
1115.056: [GC (Allocation Failure) [PSYoungGen: 68070K->1469K(68608K)] 382248K->315647K(736768K), 0.0015106 secs] [Times: user=0.01 sys=0.00, real=0.00 secs] 
1115.173: [GC (Allocation Failure) [PSYoungGen: 68029K->1504K(68608K)] 382207K->315706K(736768K), 0.0015269 secs] [Times: user=0.00 sys=0.00, real=0.00 secs] 
1115.440: [GC (Allocation Failure) [PSYoungGen: 68064K->1472K(68608K)] 382266K->315674K(736768K), 0.0019875 secs] [Times: user=0.01 sys=0.00, real=0.00 secs] 
1115.760: [GC (Allocation Failure) [PSYoungGen: 68032K->1376K(68608K)] 382234K->315578K(736768K), 0.0019340 secs] [Times: user=0.00 sys=0.00, real=0.00 secs] 
1116.337: [GC (Allocation Failure) [PSYoungGen: 67936K->1440K(68608K)] 382138K->315642K(736768K), 0.0019299 secs] [Times: user=0.00 sys=0.00, real=0.01 secs] 
1117.021: [GC (Allocation Failure) [PSYoungGen: 68000K->1440K(68608K)] 382202K->315642K(736768K), 0.0039303 secs] [Times: user=0.02 sys=0.00, real=0.00 secs] 
1117.713: [GC (Allocation Failure) [PSYoungGen: 68000K->256K(68608K)] 382202K->314458K(736768K), 0.0030315 secs] [Times: user=0.01 sys=0.00, real=0.00 secs] 
1117.915: [GC (Allocation Failure) [PSYoungGen: 66789K->1456K(68608K)] 380991K->315658K(736768K), 0.0019206 secs] [Times: user=0.01 sys=0.00, real=0.00 secs] 
1118.036: [GC (Allocation Failure) [PSYoungGen: 68016K->1472K(68608K)] 382218K->315674K(736768K), 0.0014242 secs] [Times: user=0.00 sys=0.00, real=0.00 secs] 
1118.153: [GC (Allocation Failure) [PSYoungGen: 68032K->1469K(68608K)] 382234K->315687K(736768K), 0.0015732 secs] [Times: user=0.01 sys=0.00, real=0.00 secs] 
1118.454: [GC (Allocation Failure) [PSYoungGen: 68029K->1984K(68608K)] 382247K->316722K(736768K), 0.0020630 secs] [Times: user=0.00 sys=0.00, real=0.00 secs] 
1119.495: [GC (Allocation Failure) [PSYoungGen: 68544K->1408K(68608K)] 383282K->316146K(736768K), 0.0018383 secs] [Times: user=0.01 sys=0.00, real=0.00 secs] 
1119.772: [GC (Allocation Failure) [PSYoungGen: 67968K->1408K(68608K)] 382706K->316146K(736768K), 0.0019316 secs] [Times: user=0.01 sys=0.00, real=0.00 secs] 
1120.309: [GC (Allocation Failure) [PSYoungGen: 67968K->1408K(68608K)] 382706K->316146K(736768K), 0.0022249 secs] [Times: user=0.01 sys=0.00, real=0.00 secs] 
1120.931: [GC (Allocation Failure) [PSYoungGen: 67968K->1408K(68608K)] 382706K->316146K(736768K), 0.0021875 secs] [Times: user=0.01 sys=0.00, real=0.00 secs] 
1121.229: [GC (Allocation Failure) [PSYoungGen: 67968K->1501K(68608K)] 382706K->316239K(736768K), 0.0014968 secs] [Times: user=0.00 sys=0.01, real=0.01 secs] 
1121.361: [GC (Allocation Failure) [PSYoungGen: 68061K->1533K(68608K)] 382799K->316271K(736768K), 0.0018123 secs] [Times: user=0.01 sys=0.00, real=0.00 secs] 
1121.508: [GC (Allocation Failure) [PSYoungGen: 68093K->1533K(68608K)] 382831K->316303K(736768K), 0.0018701 secs] [Times: user=0.01 sys=0.00, real=0.01 secs] 
1121.664: [GC (Allocation Failure) [PSYoungGen: 68093K->1552K(68608K)] 382863K->316322K(736768K), 0.0019494 secs] [Times: user=0.01 sys=0.00, real=0.00 secs] 
1123.969: [GC (Allocation Failure) [PSYoungGen: 68112K->1408K(68608K)] 382882K->316186K(736768K), 0.0039516 secs] [Times: user=0.01 sys=0.00, real=0.01 secs] 
1124.726: [GC (Allocation Failure) [PSYoungGen: 67968K->1408K(68608K)] 382746K->316186K(736768K), 0.0028144 secs] [Times: user=0.02 sys=0.00, real=0.01 secs] 
1125.175: [GC (Allocation Failure) [PSYoungGen: 67968K->1344K(68608K)] 382746K->316122K(736768K), 0.0019836 secs] [Times: user=0.01 sys=0.00, real=0.00 secs] 
1125.705: [GC (Allocation Failure) [PSYoungGen: 67904K->1408K(68608K)] 382682K->316186K(736768K), 0.0020622 secs] [Times: user=0.01 sys=0.00, real=0.00 secs] 
1126.354: [GC (Allocation Failure) [PSYoungGen: 67968K->1517K(68608K)] 382746K->316295K(736768K), 0.0017557 secs] [Times: user=0.01 sys=0.00, real=0.00 secs] 
1126.513: [GC (Allocation Failure) [PSYoungGen: 68077K->1533K(68608K)] 382855K->316311K(736768K), 0.0019221 secs] [Times: user=0.01 sys=0.00, real=0.00 secs] 
1126.660: [GC (Allocation Failure) [PSYoungGen: 68093K->1469K(68608K)] 382871K->316271K(736768K), 0.0015232 secs] [Times: user=0.01 sys=0.00, real=0.00 secs] 
1126.777: [GC (Allocation Failure) [PSYoungGen: 68029K->1501K(68608K)] 382831K->316327K(736768K), 0.0015310 secs] [Times: user=0.01 sys=0.00, real=0.00 secs] 
1127.558: [GC (Allocation Failure) [PSYoungGen: 68061K->1472K(68608K)] 382887K->316306K(736768K), 0.0026602 secs] [Times: user=0.02 sys=0.00, real=0.01 secs] 
1128.140: [GC (Allocation Failure) [PSYoungGen: 68032K->1408K(68608K)] 382866K->316242K(736768K), 0.0022618 secs] [Times: user=0.01 sys=0.00, real=0.00 secs] 
1128.753: [GC (Allocation Failure) [PSYoungGen: 67968K->1408K(68608K)] 382802K->316242K(736768K), 0.0031398 secs] [Times: user=0.01 sys=0.00, real=0.00 secs] 
1129.466: [GC (Allocation Failure) [PSYoungGen: 67968K->1408K(68608K)] 382802K->316242K(736768K), 0.0026005 secs] [Times: user=0.01 sys=0.00, real=0.00 secs] 
1129.830: [GC (Allocation Failure) [PSYoungGen: 67968K->1472K(68608K)] 382802K->316306K(736768K), 0.0020068 secs] [Times: user=0.00 sys=0.00, real=0.00 secs] 
1129.957: [GC (Allocation Failure) [PSYoungGen: 68032K->1533K(68608K)] 382866K->316367K(736768K), 0.0016701 secs] [Times: user=0.01 sys=0.00, real=0.01 secs] 
1130.073: [GC (Allocation Failure) [PSYoungGen: 68093K->1533K(68608K)] 382927K->316367K(736768K), 0.0015580 secs] [Times: user=0.01 sys=0.00, real=0.00 secs] 
1130.206: [GC (Allocation Failure) [PSYoungGen: 68093K->1488K(68608K)] 382927K->316354K(736768K), 0.0018653 secs] [Times: user=0.00 sys=0.00, real=0.00 secs] 
1131.082: [GC (Allocation Failure) [PSYoungGen: 68048K->1424K(68608K)] 382914K->316290K(736768K), 0.0025133 secs] [Times: user=0.01 sys=0.00, real=0.00 secs] 
1131.956: [GC (Allocation Failure) [PSYoungGen: 67984K->1376K(68608K)] 382850K->316242K(736768K), 0.0036740 secs] [Times: user=0.01 sys=0.00, real=0.01 secs] 
1132.605: [GC (Allocation Failure) [PSYoungGen: 67936K->1408K(68608K)] 382802K->316274K(736768K), 0.0026170 secs] [Times: user=0.01 sys=0.00, real=0.00 secs] 
1132.980: [GC (Allocation Failure) [PSYoungGen: 67968K->1408K(68608K)] 382834K->316274K(736768K), 0.0018302 secs] [Times: user=0.01 sys=0.00, real=0.00 secs] 
1133.253: [GC (Allocation Failure) [PSYoungGen: 67968K->1421K(68608K)] 382834K->316287K(736768K), 0.0015640 secs] [Times: user=0.01 sys=0.00, real=0.00 secs] 
1133.369: [GC (Allocation Failure) [PSYoungGen: 67981K->1424K(68608K)] 382847K->316290K(736768K), 0.0014729 secs] [Times: user=0.01 sys=0.00, real=0.00 secs] 
1133.485: [GC (Allocation Failure) [PSYoungGen: 67984K->1456K(68608K)] 382850K->316322K(736768K), 0.0014920 secs] [Times: user=0.00 sys=0.00, real=0.00 secs] 
1133.602: [GC (Allocation Failure) [PSYoungGen: 68016K->1488K(68608K)] 382882K->316378K(736768K), 0.0015119 secs] [Times: user=0.01 sys=0.00, real=0.00 secs] 
1134.186: [GC (Allocation Failure) [PSYoungGen: 68048K->1424K(68608K)] 382938K->316314K(736768K), 0.0024803 secs] [Times: user=0.01 sys=0.00, real=0.00 secs] 
1134.785: [GC (Allocation Failure) [PSYoungGen: 67984K->1408K(68608K)] 382874K->316322K(736768K), 0.0023787 secs] [Times: user=0.01 sys=0.00, real=0.00 secs] 
1135.376: [GC (Allocation Failure) [PSYoungGen: 67968K->1424K(68608K)] 382882K->316338K(736768K), 0.0030462 secs] [Times: user=0.01 sys=0.00, real=0.01 secs] 
1135.799: [GC (Allocation Failure) [PSYoungGen: 67984K->1344K(68608K)] 382898K->316258K(736768K), 0.0017504 secs] [Times: user=0.01 sys=0.00, real=0.00 secs] 
1136.155: [GC (Allocation Failure) [PSYoungGen: 67904K->1469K(68608K)] 382818K->316383K(736768K), 0.0018540 secs] [Times: user=0.01 sys=0.00, real=0.00 secs] 
1136.276: [GC (Allocation Failure) [PSYoungGen: 68029K->1469K(68608K)] 382943K->316383K(736768K), 0.0015076 secs] [Times: user=0.01 sys=0.00, real=0.00 secs] 
1136.392: [GC (Allocation Failure) [PSYoungGen: 68004K->1472K(68608K)] 382918K->316386K(736768K), 0.0015711 secs] [Times: user=0.01 sys=0.00, real=0.00 secs] 
1136.508: [GC (Allocation Failure) [PSYoungGen: 68032K->1472K(68608K)] 382946K->316394K(736768K), 0.0015033 secs] [Times: user=0.00 sys=0.00, real=0.01 secs] 
1137.169: [GC (Allocation Failure) [PSYoungGen: 68032K->1472K(68608K)] 382954K->316394K(736768K), 0.0024557 secs] [Times: user=0.01 sys=0.00, real=0.00 secs] 
1137.765: [GC (Allocation Failure) [PSYoungGen: 68032K->1376K(68608K)] 382954K->316298K(736768K), 0.0037563 secs] [Times: user=0.02 sys=0.00, real=0.00 secs] 
1138.312: [GC (Allocation Failure) [PSYoungGen: 67936K->1376K(68608K)] 382858K->316298K(736768K), 0.0031244 secs] [Times: user=0.01 sys=0.00, real=0.00 secs] 
1138.645: [GC (Allocation Failure) [PSYoungGen: 67936K->1408K(68608K)] 382858K->316338K(736768K), 0.0018931 secs] [Times: user=0.01 sys=0.00, real=0.00 secs] 
1139.283: [GC (Allocation Failure) [PSYoungGen: 67968K->1453K(68608K)] 382898K->316383K(736768K), 0.0018604 secs] [Times: user=0.01 sys=0.00, real=0.00 secs] 
1139.459: [GC (Allocation Failure) [PSYoungGen: 68013K->1517K(68608K)] 382943K->316447K(736768K), 0.0018800 secs] [Times: user=0.00 sys=0.00, real=0.00 secs] 
1139.610: [GC (Allocation Failure) [PSYoungGen: 68077K->1533K(68608K)] 383007K->316463K(736768K), 0.0015285 secs] [Times: user=0.00 sys=0.00, real=0.00 secs] 
1139.726: [GC (Allocation Failure) [PSYoungGen: 68093K->1501K(68608K)] 383023K->316447K(736768K), 0.0015029 secs] [Times: user=0.01 sys=0.00, real=0.00 secs] 
1140.216: [GC (Allocation Failure) [PSYoungGen: 68061K->1408K(68608K)] 383007K->316362K(736768K), 0.0037660 secs] [Times: user=0.01 sys=0.00, real=0.01 secs] 
1141.056: [GC (Allocation Failure) [PSYoungGen: 67968K->1376K(68608K)] 382922K->316330K(736768K), 0.0048920 secs] [Times: user=0.02 sys=0.00, real=0.01 secs] 
1141.926: [GC (Allocation Failure) [PSYoungGen: 67936K->1360K(68608K)] 382890K->316314K(736768K), 0.0038180 secs] [Times: user=0.02 sys=0.00, real=0.01 secs] 
1142.657: [GC (Allocation Failure) [PSYoungGen: 67920K->1408K(68608K)] 382874K->316362K(736768K), 0.0026087 secs] [Times: user=0.01 sys=0.00, real=0.01 secs] 
1143.377: [GC (Allocation Failure) [PSYoungGen: 67968K->1437K(68608K)] 382922K->316391K(736768K), 0.0021148 secs] [Times: user=0.01 sys=0.00, real=0.01 secs] 
1143.516: [GC (Allocation Failure) [PSYoungGen: 67997K->1469K(68608K)] 382951K->316423K(736768K), 0.0015108 secs] [Times: user=0.00 sys=0.00, real=0.00 secs] 
1143.632: [GC (Allocation Failure) [PSYoungGen: 68029K->1501K(68608K)] 382983K->316455K(736768K), 0.0015096 secs] [Times: user=0.00 sys=0.00, real=0.00 secs] 
1143.748: [GC (Allocation Failure) [PSYoungGen: 68061K->1469K(68608K)] 383015K->316439K(736768K), 0.0015126 secs] [Times: user=0.01 sys=0.00, real=0.01 secs] 
1144.467: [GC (Allocation Failure) [PSYoungGen: 68029K->1456K(68608K)] 382999K->316426K(736768K), 0.0027352 secs] [Times: user=0.01 sys=0.00, real=0.01 secs] 
1145.202: [GC (Allocation Failure) [PSYoungGen: 68016K->1408K(68608K)] 382986K->316378K(736768K), 0.0024249 secs] [Times: user=0.01 sys=0.00, real=0.00 secs] 
1145.881: [GC (Allocation Failure) [PSYoungGen: 67968K->1408K(68608K)] 382938K->316394K(736768K), 0.0021519 secs] [Times: user=0.01 sys=0.00, real=0.00 secs] 
1146.721: [GC (Allocation Failure) [PSYoungGen: 67968K->1408K(68608K)] 382954K->316394K(736768K), 0.0022916 secs] [Times: user=0.01 sys=0.00, real=0.00 secs] 
1147.647: [GC (Allocation Failure) [PSYoungGen: 67968K->1453K(68608K)] 382954K->316447K(736768K), 0.0027765 secs] [Times: user=0.01 sys=0.00, real=0.01 secs] 
1147.865: [GC (Allocation Failure) [PSYoungGen: 68013K->1424K(68096K)] 383007K->316418K(736256K), 0.0019495 secs] [Times: user=0.01 sys=0.00, real=0.00 secs] 
1147.993: [GC (Allocation Failure) [PSYoungGen: 67984K->1469K(68096K)] 382978K->316463K(736256K), 0.0015121 secs] [Times: user=0.01 sys=0.00, real=0.00 secs] 
1148.110: [GC (Allocation Failure) [PSYoungGen: 68029K->1440K(68096K)] 383023K->316442K(736256K), 0.0015846 secs] [Times: user=0.01 sys=0.00, real=0.00 secs] 
1148.468: [GC (Allocation Failure) [PSYoungGen: 68000K->1424K(68096K)] 383002K->316426K(736256K), 0.0021635 secs] [Times: user=0.00 sys=0.00, real=0.01 secs] 
1149.215: [GC (Allocation Failure) [PSYoungGen: 67984K->336K(67584K)] 382986K->316362K(735744K), 0.0025552 secs] [Times: user=0.01 sys=0.00, real=0.00 secs] 
1149.869: [GC (Allocation Failure) [PSYoungGen: 66896K->320K(68608K)] 382922K->316346K(736768K), 0.0023365 secs] [Times: user=0.01 sys=0.00, real=0.00 secs] 
1150.557: [GC (Allocation Failure) [PSYoungGen: 66880K->368K(68608K)] 382906K->316394K(736768K), 0.0022139 secs] [Times: user=0.01 sys=0.00, real=0.01 secs] 
1151.376: [GC (Allocation Failure) [PSYoungGen: 66928K->352K(68608K)] 382954K->316378K(736768K), 0.0025518 secs] [Times: user=0.01 sys=0.00, real=0.00 secs] 
1151.599: [GC (Allocation Failure) [PSYoungGen: 66912K->1440K(68608K)] 382938K->317466K(736768K), 0.0016614 secs] [Times: user=0.00 sys=0.00, real=0.00 secs] 
1151.715: [GC (Allocation Failure) [PSYoungGen: 68000K->1440K(68608K)] 384026K->317466K(736768K), 0.0015051 secs] [Times: user=0.01 sys=0.00, real=0.00 secs] 
1151.831: [GC (Allocation Failure) [PSYoungGen: 68000K->1485K(69120K)] 384026K->317527K(737280K), 0.0015278 secs] [Times: user=0.00 sys=0.00, real=0.00 secs] 
1152.153: [GC (Allocation Failure) [PSYoungGen: 68045K->1568K(69120K)] 384087K->317610K(737280K), 0.0018387 secs] [Times: user=0.01 sys=0.00, real=0.00 secs] 
1152.619: [GC (Allocation Failure) [PSYoungGen: 68128K->1440K(69120K)] 384170K->317482K(737280K), 0.0019495 secs] [Times: user=0.01 sys=0.00, real=0.00 secs] 
1152.896: [GC (Allocation Failure) [PSYoungGen: 68000K->1376K(69120K)] 384042K->317418K(737280K), 0.0019438 secs] [Times: user=0.01 sys=0.00, real=0.00 secs] 
1153.173: [GC (Allocation Failure) [PSYoungGen: 67936K->1376K(69120K)] 383978K->317434K(737280K), 0.0020378 secs] [Times: user=0.01 sys=0.00, real=0.00 secs] 
1153.739: [GC (Allocation Failure) [PSYoungGen: 67936K->1408K(68096K)] 383994K->317466K(736256K), 0.0020580 secs] [Times: user=0.00 sys=0.00, real=0.00 secs] 
1154.177: [GC (Allocation Failure) [PSYoungGen: 67968K->1501K(68608K)] 384026K->317559K(736768K), 0.0015277 secs] [Times: user=0.00 sys=0.00, real=0.00 secs] 
1154.293: [GC (Allocation Failure) [PSYoungGen: 68061K->1533K(68608K)] 384119K->317591K(736768K), 0.0015204 secs] [Times: user=0.00 sys=0.00, real=0.00 secs] 
1154.411: [GC (Allocation Failure) [PSYoungGen: 68093K->1488K(69120K)] 384151K->317562K(737280K), 0.0015296 secs] [Times: user=0.01 sys=0.00, real=0.00 secs] 
1154.528: [GC (Allocation Failure) [PSYoungGen: 68048K->1504K(68096K)] 384122K->317610K(736256K), 0.0015166 secs] [Times: user=0.00 sys=0.00, real=0.01 secs] 
1155.372: [GC (Allocation Failure) [PSYoungGen: 68064K->1408K(68608K)] 384170K->317514K(736768K), 0.0021169 secs] [Times: user=0.01 sys=0.00, real=0.00 secs] 
1156.023: [GC (Allocation Failure) [PSYoungGen: 67968K->1440K(68608K)] 384074K->317546K(736768K), 0.0022225 secs] [Times: user=0.01 sys=0.00, real=0.00 secs] 
1156.446: [GC (Allocation Failure) [PSYoungGen: 68000K->1376K(68608K)] 384106K->317482K(736768K), 0.0019595 secs] [Times: user=0.01 sys=0.00, real=0.00 secs] 
1156.746: [GC (Allocation Failure) [PSYoungGen: 67936K->1408K(68608K)] 384042K->317514K(736768K), 0.0019105 secs] [Times: user=0.00 sys=0.00, real=0.00 secs] 
1157.021: [GC (Allocation Failure) [PSYoungGen: 67968K->1440K(68608K)] 384074K->317546K(736768K), 0.0014383 secs] [Times: user=0.01 sys=0.00, real=0.00 secs] 
1157.137: [GC (Allocation Failure) [PSYoungGen: 68000K->1504K(68608K)] 384106K->317610K(736768K), 0.0014210 secs] [Times: user=0.00 sys=0.00, real=0.00 secs] 
1157.253: [GC (Allocation Failure) [PSYoungGen: 68064K->1501K(68608K)] 384170K->317623K(736768K), 0.0014664 secs] [Times: user=0.01 sys=0.00, real=0.00 secs] 
1157.369: [GC (Allocation Failure) [PSYoungGen: 68061K->1472K(68608K)] 384183K->317594K(736768K), 0.0016421 secs] [Times: user=0.00 sys=0.00, real=0.01 secs] 
1157.972: [GC (Allocation Failure) [PSYoungGen: 68032K->1408K(68096K)] 384154K->317538K(736256K), 0.0019583 secs] [Times: user=0.01 sys=0.00, real=0.00 secs] 
1158.557: [GC (Allocation Failure) [PSYoungGen: 67968K->1408K(68096K)] 384098K->317538K(736256K), 0.0032525 secs] [Times: user=0.01 sys=0.00, real=0.01 secs] 
1159.054: [GC (Allocation Failure) [PSYoungGen: 67968K->1440K(68096K)] 384098K->317570K(736256K), 0.0022539 secs] [Times: user=0.01 sys=0.00, real=0.00 secs] 
1159.805: [GC (Allocation Failure) [PSYoungGen: 68000K->1392K(68096K)] 384130K->317522K(736256K), 0.0032597 secs] [Times: user=0.01 sys=0.00, real=0.01 secs] 
1160.310: [GC (Allocation Failure) [PSYoungGen: 67952K->1488K(68096K)] 384082K->317618K(736256K), 0.0022033 secs] [Times: user=0.00 sys=0.00, real=0.00 secs] 
1160.451: [GC (Allocation Failure) [PSYoungGen: 68048K->1485K(68096K)] 384178K->317615K(736256K), 0.0015929 secs] [Times: user=0.01 sys=0.00, real=0.00 secs] 
1160.567: [GC (Allocation Failure) [PSYoungGen: 68045K->1501K(68096K)] 384175K->317631K(736256K), 0.0014557 secs] [Times: user=0.01 sys=0.00, real=0.00 secs] 
1160.684: [GC (Allocation Failure) [PSYoungGen: 68061K->1501K(71680K)] 384191K->317655K(739840K), 0.0017879 secs] [Times: user=0.00 sys=0.00, real=0.00 secs] 
1161.046: [GC (Allocation Failure) [PSYoungGen: 71133K->1472K(70656K)] 387287K->317626K(738816K), 0.0021143 secs] [Times: user=0.01 sys=0.00, real=0.00 secs] 
1161.333: [GC (Allocation Failure) [PSYoungGen: 70592K->1408K(70144K)] 386746K->317562K(738304K), 0.0020812 secs] [Times: user=0.00 sys=0.00, real=0.00 secs] 
1161.618: [GC (Allocation Failure) [PSYoungGen: 70016K->1408K(69632K)] 386170K->317562K(737792K), 0.0019250 secs] [Times: user=0.01 sys=0.00, real=0.01 secs] 
1162.035: [GC (Allocation Failure) [PSYoungGen: 69504K->1344K(69120K)] 385658K->317498K(737280K), 0.0021654 secs] [Times: user=0.01 sys=0.00, real=0.00 secs] 
1162.296: [GC (Allocation Failure) [PSYoungGen: 68928K->1469K(68608K)] 385082K->317623K(736768K), 0.0015871 secs] [Times: user=0.00 sys=0.00, real=0.00 secs] 
1162.414: [GC (Allocation Failure) [PSYoungGen: 68541K->1501K(68096K)] 384695K->317655K(736256K), 0.0016076 secs] [Times: user=0.00 sys=0.00, real=0.00 secs] 
1162.529: [GC (Allocation Failure) [PSYoungGen: 68061K->1488K(68096K)] 384215K->317642K(736256K), 0.0014798 secs] [Times: user=0.01 sys=0.00, real=0.00 secs] 
1162.646: [GC (Allocation Failure) [PSYoungGen: 68048K->1469K(71680K)] 384202K->317647K(739840K), 0.0014685 secs] [Times: user=0.01 sys=0.00, real=0.00 secs] 
1162.982: [GC (Allocation Failure) [PSYoungGen: 71101K->1408K(70656K)] 387279K->317586K(738816K), 0.0018023 secs] [Times: user=0.01 sys=0.00, real=0.00 secs] 
1163.269: [GC (Allocation Failure) [PSYoungGen: 70528K->1408K(70144K)] 386706K->317618K(738304K), 0.0017429 secs] [Times: user=0.01 sys=0.00, real=0.00 secs] 
1163.636: [GC (Allocation Failure) [PSYoungGen: 70016K->1408K(69632K)] 386226K->317618K(737792K), 0.0017330 secs] [Times: user=0.01 sys=0.00, real=0.00 secs] 
1164.042: [GC (Allocation Failure) [PSYoungGen: 69504K->1376K(69120K)] 385714K->317594K(737280K), 0.0019446 secs] [Times: user=0.01 sys=0.00, real=0.00 secs] 
1164.295: [GC (Allocation Failure) [PSYoungGen: 68960K->1501K(68608K)] 385178K->317719K(736768K), 0.0015608 secs] [Times: user=0.01 sys=0.00, real=0.00 secs] 
1164.413: [GC (Allocation Failure) [PSYoungGen: 68545K->1520K(68096K)] 384763K->317738K(736256K), 0.0015854 secs] [Times: user=0.01 sys=0.00, real=0.00 secs] 
1164.531: [GC (Allocation Failure) [PSYoungGen: 68080K->1504K(68096K)] 384298K->317746K(736256K), 0.0014934 secs] [Times: user=0.01 sys=0.00, real=0.00 secs] 
1164.648: [GC (Allocation Failure) [PSYoungGen: 68064K->1488K(71680K)] 384306K->317746K(739840K), 0.0015333 secs] [Times: user=0.01 sys=0.00, real=0.01 secs] 
1166.079: [GC (Allocation Failure) [PSYoungGen: 71120K->1408K(70656K)] 387378K->317666K(738816K), 0.0035788 secs] [Times: user=0.01 sys=0.00, real=0.00 secs] 
1167.202: [GC (Allocation Failure) [PSYoungGen: 70528K->1408K(70144K)] 386786K->317666K(738304K), 0.0034656 secs] [Times: user=0.02 sys=0.00, real=0.00 secs] 
1168.086: [GC (Allocation Failure) [PSYoungGen: 70016K->1360K(69632K)] 386274K->317618K(737792K), 0.0034202 secs] [Times: user=0.01 sys=0.00, real=0.01 secs] 
1168.693: [GC (Allocation Failure) [PSYoungGen: 69456K->1408K(69120K)] 385714K->317666K(737280K), 0.0033382 secs] [Times: user=0.01 sys=0.00, real=0.00 secs] 
1169.156: [GC (Allocation Failure) [PSYoungGen: 68992K->1533K(68608K)] 385250K->317791K(736768K), 0.0018143 secs] [Times: user=0.01 sys=0.00, real=0.00 secs] 
1169.289: [GC (Allocation Failure) [PSYoungGen: 68585K->1501K(68096K)] 384843K->317759K(736256K), 0.0016116 secs] [Times: user=0.00 sys=0.01, real=0.00 secs] 
1169.405: [GC (Allocation Failure) [PSYoungGen: 68061K->1501K(68096K)] 384319K->317759K(736256K), 0.0016392 secs] [Times: user=0.01 sys=0.00, real=0.00 secs] 
1169.521: [GC (Allocation Failure) [PSYoungGen: 68061K->1472K(68096K)] 384319K->317746K(736256K), 0.0015746 secs] [Times: user=0.01 sys=0.00, real=0.00 secs] 
1170.868: [GC (Allocation Failure) [PSYoungGen: 68032K->1440K(68096K)] 384306K->317714K(736256K), 0.0034069 secs] [Times: user=0.01 sys=0.00, real=0.01 secs] 
1171.672: [GC (Allocation Failure) [PSYoungGen: 68000K->1408K(68096K)] 384274K->317682K(736256K), 0.0029777 secs] [Times: user=0.01 sys=0.00, real=0.00 secs] 
1171.940: [GC (Allocation Failure) [PSYoungGen: 67968K->1408K(68096K)] 384242K->317682K(736256K), 0.0018443 secs] [Times: user=0.01 sys=0.00, real=0.00 secs] 
1172.445: [GC (Allocation Failure) [PSYoungGen: 67968K->1440K(68096K)] 384242K->317714K(736256K), 0.0021576 secs] [Times: user=0.01 sys=0.00, real=0.00 secs] 
1172.972: [GC (Allocation Failure) [PSYoungGen: 68000K->1469K(68096K)] 384274K->317743K(736256K), 0.0020791 secs] [Times: user=0.01 sys=0.00, real=0.00 secs] 
1173.143: [GC (Allocation Failure) [PSYoungGen: 68029K->1520K(68608K)] 384303K->317794K(736768K), 0.0019558 secs] [Times: user=0.01 sys=0.00, real=0.00 secs] 
1173.290: [GC (Allocation Failure) [PSYoungGen: 68080K->1533K(68608K)] 384354K->317807K(736768K), 0.0015141 secs] [Times: user=0.01 sys=0.00, real=0.00 secs] 
1173.406: [GC (Allocation Failure) [PSYoungGen: 68093K->1469K(68608K)] 384367K->317759K(736768K), 0.0015207 secs] [Times: user=0.01 sys=0.00, real=0.00 secs] 
1174.157: [GC (Allocation Failure) [PSYoungGen: 68029K->1440K(68608K)] 384319K->317730K(736768K), 0.0033676 secs] [Times: user=0.02 sys=0.00, real=0.01 secs] 
1174.458: [GC (Allocation Failure) [PSYoungGen: 68000K->1376K(68608K)] 384290K->317666K(736768K), 0.0019450 secs] [Times: user=0.01 sys=0.00, real=0.01 secs] 
1174.734: [GC (Allocation Failure) [PSYoungGen: 67936K->1408K(68608K)] 384226K->317722K(736768K), 0.0018697 secs] [Times: user=0.00 sys=0.00, real=0.00 secs] 
1175.010: [GC (Allocation Failure) [PSYoungGen: 67968K->1408K(68608K)] 384282K->317722K(736768K), 0.0017248 secs] [Times: user=0.00 sys=0.00, real=0.00 secs] 
1175.282: [GC (Allocation Failure) [PSYoungGen: 67968K->1424K(68608K)] 384282K->317738K(736768K), 0.0015258 secs] [Times: user=0.01 sys=0.00, real=0.00 secs] 
1175.415: [GC (Allocation Failure) [PSYoungGen: 67984K->1488K(68608K)] 384298K->317802K(736768K), 0.0017975 secs] [Times: user=0.01 sys=0.00, real=0.00 secs] 
1175.566: [GC (Allocation Failure) [PSYoungGen: 68048K->1501K(68608K)] 384362K->317815K(736768K), 0.0022067 secs] [Times: user=0.01 sys=0.00, real=0.00 secs] 
1175.719: [GC (Allocation Failure) [PSYoungGen: 68061K->1485K(68608K)] 384375K->317815K(736768K), 0.0024838 secs] [Times: user=0.01 sys=0.00, real=0.00 secs] 
1177.449: [GC (Allocation Failure) [PSYoungGen: 68045K->1440K(68096K)] 384375K->317770K(736256K), 0.0034566 secs] [Times: user=0.01 sys=0.00, real=0.00 secs] 
1178.543: [GC (Allocation Failure) [PSYoungGen: 68000K->1344K(68096K)] 384330K->317674K(736256K), 0.0034291 secs] [Times: user=0.01 sys=0.00, real=0.00 secs] 
1179.272: [GC (Allocation Failure) [PSYoungGen: 67904K->1376K(68096K)] 384234K->317706K(736256K), 0.0027106 secs] [Times: user=0.01 sys=0.00, real=0.00 secs] 
1180.047: [GC (Allocation Failure) [PSYoungGen: 67936K->1376K(68096K)] 384266K->317706K(736256K), 0.0026560 secs] [Times: user=0.01 sys=0.00, real=0.01 secs] 
1180.607: [GC (Allocation Failure) [PSYoungGen: 67936K->1437K(68096K)] 384266K->317767K(736256K), 0.0021367 secs] [Times: user=0.01 sys=0.00, real=0.01 secs] 
1180.742: [GC (Allocation Failure) [PSYoungGen: 67997K->1501K(68096K)] 384327K->317831K(736256K), 0.0016288 secs] [Times: user=0.00 sys=0.00, real=0.00 secs] 
1180.858: [GC (Allocation Failure) [PSYoungGen: 68061K->1469K(68096K)] 384391K->317799K(736256K), 0.0015268 secs] [Times: user=0.01 sys=0.00, real=0.01 secs] 
1180.975: [GC (Allocation Failure) [PSYoungGen: 68029K->1517K(68096K)] 384359K->317863K(736256K), 0.0017284 secs] [Times: user=0.01 sys=0.00, real=0.00 secs] 
1181.376: [GC (Allocation Failure) [PSYoungGen: 68077K->1440K(68096K)] 384423K->317786K(736256K), 0.0020590 secs] [Times: user=0.00 sys=0.00, real=0.00 secs] 
1182.065: [GC (Allocation Failure) [PSYoungGen: 68000K->1344K(68096K)] 384346K->317690K(736256K), 0.0081242 secs] [Times: user=0.02 sys=0.00, real=0.01 secs] 
1182.347: [GC (Allocation Failure) [PSYoungGen: 67904K->1408K(68096K)] 384250K->317754K(736256K), 0.0019225 secs] [Times: user=0.01 sys=0.00, real=0.01 secs] 
1182.784: [GC (Allocation Failure) [PSYoungGen: 67968K->1376K(68096K)] 384314K->317722K(736256K), 0.0022698 secs] [Times: user=0.01 sys=0.00, real=0.00 secs] 
1183.381: [GC (Allocation Failure) [PSYoungGen: 67936K->1421K(68096K)] 384282K->317767K(736256K), 0.0020775 secs] [Times: user=0.01 sys=0.00, real=0.00 secs] 
1183.580: [GC (Allocation Failure) [PSYoungGen: 67981K->1488K(68096K)] 384327K->317834K(736256K), 0.0021806 secs] [Times: user=0.01 sys=0.00, real=0.00 secs] 
1183.725: [GC (Allocation Failure) [PSYoungGen: 68048K->1501K(68608K)] 384394K->317847K(736768K), 0.0015007 secs] [Times: user=0.00 sys=0.01, real=0.00 secs] 
1183.840: [GC (Allocation Failure) [PSYoungGen: 68061K->1469K(68608K)] 384407K->317831K(736768K), 0.0015146 secs] [Times: user=0.01 sys=0.00, real=0.00 secs] 
1184.482: [GC (Allocation Failure) [PSYoungGen: 68029K->1408K(68608K)] 384391K->317770K(736768K), 0.0033438 secs] [Times: user=0.01 sys=0.00, real=0.00 secs] 
1185.396: [GC (Allocation Failure) [PSYoungGen: 67968K->1408K(68608K)] 384330K->317794K(736768K), 0.0039423 secs] [Times: user=0.01 sys=0.00, real=0.01 secs] 
1186.070: [GC (Allocation Failure) [PSYoungGen: 67968K->1408K(68608K)] 384354K->317794K(736768K), 0.0027814 secs] [Times: user=0.01 sys=0.00, real=0.00 secs] 
1187.028: [GC (Allocation Failure) [PSYoungGen: 67968K->1408K(68608K)] 384354K->317794K(736768K), 0.0041265 secs] [Times: user=0.01 sys=0.00, real=0.01 secs] 
1188.084: [GC (Allocation Failure) [PSYoungGen: 67968K->1469K(68608K)] 384354K->317855K(736768K), 0.0029581 secs] [Times: user=0.01 sys=0.00, real=0.00 secs] 
1188.318: [GC (Allocation Failure) [PSYoungGen: 68029K->1533K(68608K)] 384415K->317919K(736768K), 0.0018604 secs] [Times: user=0.00 sys=0.00, real=0.01 secs] 
1188.449: [GC (Allocation Failure) [PSYoungGen: 68093K->1472K(68608K)] 384479K->317858K(736768K), 0.0018225 secs] [Times: user=0.00 sys=0.00, real=0.00 secs] 
1188.565: [GC (Allocation Failure) [PSYoungGen: 68032K->1501K(68608K)] 384418K->317903K(736768K), 0.0017954 secs] [Times: user=0.01 sys=0.00, real=0.00 secs] 
1189.257: [GC (Allocation Failure) [PSYoungGen: 68061K->1472K(68608K)] 384463K->317874K(736768K), 0.0042213 secs] [Times: user=0.01 sys=0.00, real=0.01 secs] 
1190.046: [GC (Allocation Failure) [PSYoungGen: 68032K->1376K(68608K)] 384434K->317778K(736768K), 0.0026021 secs] [Times: user=0.01 sys=0.00, real=0.00 secs] 
1190.411: [GC (Allocation Failure) [PSYoungGen: 67936K->1408K(68608K)] 384338K->317810K(736768K), 0.0018977 secs] [Times: user=0.01 sys=0.00, real=0.00 secs] 
1190.878: [GC (Allocation Failure) [PSYoungGen: 67968K->1344K(68608K)] 384370K->317746K(736768K), 0.0021777 secs] [Times: user=0.01 sys=0.00, real=0.01 secs] 
1191.337: [GC (Allocation Failure) [PSYoungGen: 67904K->1405K(68608K)] 384306K->317807K(736768K), 0.0016938 secs] [Times: user=0.01 sys=0.00, real=0.00 secs] 
1191.468: [GC (Allocation Failure) [PSYoungGen: 67965K->1501K(68608K)] 384367K->317903K(736768K), 0.0014771 secs] [Times: user=0.01 sys=0.00, real=0.01 secs] 
1191.585: [GC (Allocation Failure) [PSYoungGen: 68056K->1504K(68608K)] 384458K->317906K(736768K), 0.0014857 secs] [Times: user=0.01 sys=0.00, real=0.00 secs] 
1191.701: [GC (Allocation Failure) [PSYoungGen: 68064K->1501K(68608K)] 384466K->317927K(736768K), 0.0016722 secs] [Times: user=0.01 sys=0.00, real=0.00 secs] 
1192.246: [GC (Allocation Failure) [PSYoungGen: 68061K->1440K(68096K)] 384487K->317866K(736256K), 0.0021484 secs] [Times: user=0.00 sys=0.00, real=0.00 secs] 
1193.532: [GC (Allocation Failure) [PSYoungGen: 68000K->1408K(68096K)] 384426K->317834K(736256K), 0.0034294 secs] [Times: user=0.02 sys=0.00, real=0.00 secs] 
1194.578: [GC (Allocation Failure) [PSYoungGen: 67968K->1408K(68096K)] 384394K->317834K(736256K), 0.0030820 secs] [Times: user=0.01 sys=0.00, real=0.01 secs] 
1195.321: [GC (Allocation Failure) [PSYoungGen: 67968K->1440K(68096K)] 384394K->317866K(736256K), 0.0023820 secs] [Times: user=0.01 sys=0.00, real=0.00 secs] 
1195.926: [GC (Allocation Failure) [PSYoungGen: 68000K->1408K(68096K)] 384426K->317834K(736256K), 0.0023893 secs] [Times: user=0.01 sys=0.00, real=0.00 secs] 
1196.103: [GC (Allocation Failure) [PSYoungGen: 67968K->1453K(68096K)] 384394K->317879K(736256K), 0.0015956 secs] [Times: user=0.01 sys=0.00, real=0.00 secs] 
1196.220: [GC (Allocation Failure) [PSYoungGen: 68013K->1456K(68096K)] 384439K->317882K(736256K), 0.0014578 secs] [Times: user=0.00 sys=0.00, real=0.00 secs] 
1196.338: [GC (Allocation Failure) [PSYoungGen: 68016K->1517K(68096K)] 384442K->317967K(736256K), 0.0015375 secs] [Times: user=0.01 sys=0.00, real=0.01 secs] 
1197.532: [GC (Allocation Failure) [PSYoungGen: 68077K->1504K(68096K)] 384527K->317994K(736256K), 0.0028602 secs] [Times: user=0.01 sys=0.00, real=0.00 secs] 
1198.414: [GC (Allocation Failure) [PSYoungGen: 68064K->1376K(68096K)] 384554K->317866K(736256K), 0.0025762 secs] [Times: user=0.01 sys=0.00, real=0.00 secs] 
1198.986: [GC (Allocation Failure) [PSYoungGen: 67936K->1408K(68096K)] 384426K->317898K(736256K), 0.0020236 secs] [Times: user=0.01 sys=0.00, real=0.00 secs] 
1199.262: [GC (Allocation Failure) [PSYoungGen: 67968K->1392K(68096K)] 384458K->317882K(736256K), 0.0020387 secs] [Times: user=0.01 sys=0.00, real=0.00 secs] 
1199.750: [GC (Allocation Failure) [PSYoungGen: 67952K->1328K(68096K)] 384442K->317818K(736256K), 0.0029720 secs] [Times: user=0.01 sys=0.00, real=0.00 secs] 
1200.154: [GC (Allocation Failure) [PSYoungGen: 67888K->1520K(68608K)] 384378K->318010K(736768K), 0.0019481 secs] [Times: user=0.01 sys=0.00, real=0.00 secs] 
1200.293: [GC (Allocation Failure) [PSYoungGen: 68080K->1533K(68608K)] 384570K->318023K(736768K), 0.0015710 secs] [Times: user=0.00 sys=0.00, real=0.00 secs] 
1200.409: [GC (Allocation Failure) [PSYoungGen: 68093K->1584K(68608K)] 384583K->318090K(736768K), 0.0015156 secs] [Times: user=0.01 sys=0.00, real=0.00 secs] 
1200.526: [GC (Allocation Failure) [PSYoungGen: 68144K->1552K(68608K)] 384650K->318058K(736768K), 0.0015732 secs] [Times: user=0.01 sys=0.01, real=0.00 secs] 
1201.498: [GC (Allocation Failure) [PSYoungGen: 68112K->1472K(68608K)] 384618K->317978K(736768K), 0.0020809 secs] [Times: user=0.01 sys=0.00, real=0.01 secs] 
1201.775: [GC (Allocation Failure) [PSYoungGen: 68032K->1472K(68608K)] 384538K->317978K(736768K), 0.0018333 secs] [Times: user=0.01 sys=0.00, real=0.00 secs] 
1202.150: [GC (Allocation Failure) [PSYoungGen: 68032K->1440K(68608K)] 384538K->317946K(736768K), 0.0017710 secs] [Times: user=0.00 sys=0.00, real=0.00 secs] 
1202.630: [GC (Allocation Failure) [PSYoungGen: 68000K->1456K(68608K)] 384506K->317962K(736768K), 0.0019351 secs] [Times: user=0.00 sys=0.00, real=0.00 secs] 
1202.979: [GC (Allocation Failure) [PSYoungGen: 68016K->1549K(68608K)] 384522K->318055K(736768K), 0.0021534 secs] [Times: user=0.01 sys=0.00, real=0.00 secs] 
1203.132: [GC (Allocation Failure) [PSYoungGen: 68109K->1552K(68608K)] 384615K->318058K(736768K), 0.0014864 secs] [Times: user=0.01 sys=0.00, real=0.00 secs] 
1203.248: [GC (Allocation Failure) [PSYoungGen: 68112K->1536K(68608K)] 384618K->318114K(736768K), 0.0014704 secs] [Times: user=0.01 sys=0.00, real=0.01 secs] 
1203.364: [GC (Allocation Failure) [PSYoungGen: 68096K->1504K(68608K)] 384674K->318082K(736768K), 0.0014229 secs] [Times: user=0.00 sys=0.00, real=0.00 secs] 
1204.061: [GC (Allocation Failure) [PSYoungGen: 68064K->1440K(68608K)] 384642K->318042K(736768K), 0.0030449 secs] [Times: user=0.01 sys=0.00, real=0.00 secs] 
1204.390: [GC (Allocation Failure) [PSYoungGen: 68000K->1376K(68608K)] 384602K->317978K(736768K), 0.0020051 secs] [Times: user=0.01 sys=0.00, real=0.00 secs] 
1204.666: [GC (Allocation Failure) [PSYoungGen: 67936K->1376K(68608K)] 384538K->317978K(736768K), 0.0019700 secs] [Times: user=0.01 sys=0.00, real=0.00 secs] 
1204.942: [GC (Allocation Failure) [PSYoungGen: 67936K->1376K(68608K)] 384538K->317978K(736768K), 0.0018401 secs] [Times: user=0.01 sys=0.00, real=0.00 secs] 
1205.205: [GC (Allocation Failure) [PSYoungGen: 67936K->1469K(68608K)] 384538K->318071K(736768K), 0.0014513 secs] [Times: user=0.00 sys=0.00, real=0.00 secs] 
1205.321: [GC (Allocation Failure) [PSYoungGen: 68029K->1501K(68608K)] 384631K->318103K(736768K), 0.0014911 secs] [Times: user=0.01 sys=0.00, real=0.00 secs] 
1205.437: [GC (Allocation Failure) [PSYoungGen: 68036K->1488K(68608K)] 384638K->318090K(736768K), 0.0015024 secs] [Times: user=0.01 sys=0.00, real=0.01 secs] 
1205.554: [GC (Allocation Failure) [PSYoungGen: 68048K->1440K(68608K)] 384650K->318066K(736768K), 0.0015161 secs] [Times: user=0.01 sys=0.00, real=0.00 secs] 
1205.878: [GC (Allocation Failure) [PSYoungGen: 68000K->1440K(68608K)] 384626K->318066K(736768K), 0.0018323 secs] [Times: user=0.01 sys=0.00, real=0.01 secs] 
1206.212: [GC (Allocation Failure) [PSYoungGen: 68000K->1440K(68608K)] 384626K->318066K(736768K), 0.0020527 secs] [Times: user=0.01 sys=0.00, real=0.00 secs] 
1206.488: [GC (Allocation Failure) [PSYoungGen: 68000K->1408K(68608K)] 384626K->318034K(736768K), 0.0019369 secs] [Times: user=0.01 sys=0.00, real=0.01 secs] 
1206.888: [GC (Allocation Failure) [PSYoungGen: 67968K->1440K(68608K)] 384594K->318066K(736768K), 0.0027688 secs] [Times: user=0.01 sys=0.00, real=0.01 secs] 
1207.439: [GC (Allocation Failure) [PSYoungGen: 68000K->1453K(68608K)] 384626K->318079K(736768K), 0.0027586 secs] [Times: user=0.01 sys=0.00, real=0.00 secs] 
1207.611: [GC (Allocation Failure) [PSYoungGen: 68013K->1469K(68608K)] 384639K->318095K(736768K), 0.0015185 secs] [Times: user=0.00 sys=0.00, real=0.00 secs] 
1207.727: [GC (Allocation Failure) [PSYoungGen: 68029K->1469K(68608K)] 384655K->318095K(736768K), 0.0015101 secs] [Times: user=0.01 sys=0.00, real=0.01 secs] 
1207.843: [GC (Allocation Failure) [PSYoungGen: 68029K->1501K(68608K)] 384655K->318143K(736768K), 0.0018197 secs] [Times: user=0.00 sys=0.00, real=0.00 secs] 
1208.184: [GC (Allocation Failure) [PSYoungGen: 68061K->1472K(68608K)] 384703K->318114K(736768K), 0.0021075 secs] [Times: user=0.01 sys=0.00, real=0.00 secs] 
1208.488: [GC (Allocation Failure) [PSYoungGen: 68032K->1408K(68608K)] 384674K->318050K(736768K), 0.0018229 secs] [Times: user=0.01 sys=0.00, real=0.01 secs] 
1208.781: [GC (Allocation Failure) [PSYoungGen: 67968K->1376K(68608K)] 384610K->318018K(736768K), 0.0018053 secs] [Times: user=0.01 sys=0.00, real=0.00 secs] 
1209.057: [GC (Allocation Failure) [PSYoungGen: 67936K->1424K(68608K)] 384578K->318066K(736768K), 0.0020441 secs] [Times: user=0.01 sys=0.00, real=0.01 secs] 
1209.340: [GC (Allocation Failure) [PSYoungGen: 67984K->1437K(68608K)] 384626K->318079K(736768K), 0.0020594 secs] [Times: user=0.01 sys=0.00, real=0.00 secs] 
1209.460: [GC (Allocation Failure) [PSYoungGen: 67997K->1520K(68608K)] 384639K->318162K(736768K), 0.0014865 secs] [Times: user=0.00 sys=0.00, real=0.00 secs] 
1209.576: [GC (Allocation Failure) [PSYoungGen: 68050K->1501K(68608K)] 384692K->318143K(736768K), 0.0016758 secs] [Times: user=0.01 sys=0.00, real=0.00 secs] 
1209.693: [GC (Allocation Failure) [PSYoungGen: 68061K->1469K(75264K)] 384703K->318119K(743424K), 0.0016670 secs] [Times: user=0.00 sys=0.00, real=0.00 secs] 
1210.070: [GC (Allocation Failure) [PSYoungGen: 74685K->1440K(74240K)] 391335K->318090K(742400K), 0.0019093 secs] [Times: user=0.01 sys=0.00, real=0.00 secs] 
1210.372: [GC (Allocation Failure) [PSYoungGen: 74144K->1408K(73728K)] 390794K->318058K(741888K), 0.0019867 secs] [Times: user=0.00 sys=0.00, real=0.00 secs] 
1210.671: [GC (Allocation Failure) [PSYoungGen: 73600K->1344K(73216K)] 390250K->317994K(741376K), 0.0020098 secs] [Times: user=0.01 sys=0.00, real=0.00 secs] 
1210.969: [GC (Allocation Failure) [PSYoungGen: 73024K->1328K(72704K)] 389674K->317986K(740864K), 0.0023417 secs] [Times: user=0.01 sys=0.01, real=0.00 secs] 
1211.292: [GC (Allocation Failure) [PSYoungGen: 72496K->1520K(72192K)] 389154K->318178K(740352K), 0.0020974 secs] [Times: user=0.01 sys=0.00, real=0.00 secs] 
1211.447: [GC (Allocation Failure) [PSYoungGen: 72176K->1504K(71680K)] 388834K->318162K(739840K), 0.0015243 secs] [Times: user=0.00 sys=0.00, real=0.00 secs] 
1211.569: [GC (Allocation Failure) [PSYoungGen: 71648K->1520K(71168K)] 388306K->318178K(739328K), 0.0015762 secs] [Times: user=0.01 sys=0.00, real=0.00 secs] 
1211.691: [GC (Allocation Failure) [PSYoungGen: 71152K->1504K(71680K)] 387810K->318178K(739840K), 0.0016824 secs] [Times: user=0.01 sys=0.00, real=0.00 secs] 
1212.188: [GC (Allocation Failure) [PSYoungGen: 71136K->1440K(70656K)] 387810K->318122K(738816K), 0.0019469 secs] [Times: user=0.01 sys=0.00, real=0.01 secs] 
1212.541: [GC (Allocation Failure) [PSYoungGen: 70560K->1408K(70144K)] 387242K->318114K(738304K), 0.0019851 secs] [Times: user=0.01 sys=0.00, real=0.00 secs] 
1212.826: [GC (Allocation Failure) [PSYoungGen: 70016K->1376K(69632K)] 386722K->318082K(737792K), 0.0016757 secs] [Times: user=0.00 sys=0.00, real=0.00 secs] 
1213.135: [GC (Allocation Failure) [PSYoungGen: 69472K->1440K(69120K)] 386178K->318154K(737280K), 0.0019025 secs] [Times: user=0.00 sys=0.00, real=0.00 secs] 
1213.387: [GC (Allocation Failure) [PSYoungGen: 69024K->1469K(68608K)] 385738K->318183K(736768K), 0.0016655 secs] [Times: user=0.01 sys=0.00, real=0.01 secs] 
1213.505: [GC (Allocation Failure) [PSYoungGen: 68541K->1456K(68096K)] 385255K->318170K(736256K), 0.0015578 secs] [Times: user=0.00 sys=0.00, real=0.00 secs] 
1213.621: [GC (Allocation Failure) [PSYoungGen: 68016K->1501K(68608K)] 384730K->318215K(736768K), 0.0016578 secs] [Times: user=0.01 sys=0.00, real=0.00 secs] 
1213.776: [GC (Allocation Failure) [PSYoungGen: 68061K->1552K(68608K)] 384775K->318266K(736768K), 0.0017108 secs] [Times: user=0.01 sys=0.00, real=0.00 secs] 
1214.193: [GC (Allocation Failure) [PSYoungGen: 68112K->1408K(68608K)] 384826K->318122K(736768K), 0.0019430 secs] [Times: user=0.01 sys=0.00, real=0.00 secs] 
1214.669: [GC (Allocation Failure) [PSYoungGen: 67968K->1376K(68608K)] 384682K->318090K(736768K), 0.0018709 secs] [Times: user=0.01 sys=0.00, real=0.00 secs] 
1215.152: [GC (Allocation Failure) [PSYoungGen: 67936K->1376K(68608K)] 384650K->318090K(736768K), 0.0031978 secs] [Times: user=0.01 sys=0.00, real=0.00 secs] 
1215.654: [GC (Allocation Failure) [PSYoungGen: 67936K->1440K(68608K)] 384650K->318154K(736768K), 0.0024690 secs] [Times: user=0.01 sys=0.00, real=0.00 secs] 
1215.934: [GC (Allocation Failure) [PSYoungGen: 68000K->1469K(68608K)] 384714K->318183K(736768K), 0.0015832 secs] [Times: user=0.01 sys=0.00, real=0.00 secs] 
1216.051: [GC (Allocation Failure) [PSYoungGen: 68029K->1501K(68608K)] 384743K->318215K(736768K), 0.0014811 secs] [Times: user=0.01 sys=0.00, real=0.00 secs] 
1216.167: [GC (Allocation Failure) [PSYoungGen: 68061K->1504K(68608K)] 384775K->318218K(736768K), 0.0014382 secs] [Times: user=0.01 sys=0.00, real=0.00 secs] 
1216.283: [GC (Allocation Failure) [PSYoungGen: 68064K->1501K(68608K)] 384778K->318231K(736768K), 0.0014762 secs] [Times: user=0.01 sys=0.00, real=0.00 secs] 
1217.492: [GC (Allocation Failure) [PSYoungGen: 68061K->1408K(68608K)] 384791K->318138K(736768K), 0.0033319 secs] [Times: user=0.01 sys=0.00, real=0.00 secs] 
1218.262: [GC (Allocation Failure) [PSYoungGen: 67968K->1328K(68608K)] 384698K->318058K(736768K), 0.0027439 secs] [Times: user=0.01 sys=0.00, real=0.00 secs] 
1218.922: [GC (Allocation Failure) [PSYoungGen: 67888K->1440K(68608K)] 384618K->318170K(736768K), 0.0033714 secs] [Times: user=0.01 sys=0.00, real=0.00 secs] 
1219.705: [GC (Allocation Failure) [PSYoungGen: 68000K->1392K(68608K)] 384730K->318122K(736768K), 0.0024599 secs] [Times: user=0.01 sys=0.00, real=0.00 secs] 
1220.353: [GC (Allocation Failure) [PSYoungGen: 67952K->1501K(68608K)] 384682K->318231K(736768K), 0.0021920 secs] [Times: user=0.00 sys=0.00, real=0.00 secs] 
1220.486: [GC (Allocation Failure) [PSYoungGen: 68061K->1469K(68608K)] 384791K->318199K(736768K), 0.0015366 secs] [Times: user=0.00 sys=0.00, real=0.00 secs] 
1220.602: [GC (Allocation Failure) [PSYoungGen: 68029K->1533K(68608K)] 384759K->318287K(736768K), 0.0015149 secs] [Times: user=0.01 sys=0.00, real=0.00 secs] 
1220.734: [GC (Allocation Failure) [PSYoungGen: 68093K->1469K(68608K)] 384847K->318223K(736768K), 0.0018659 secs] [Times: user=0.01 sys=0.00, real=0.00 secs] 
1222.815: [GC (Allocation Failure) [PSYoungGen: 68029K->1408K(68608K)] 384783K->318162K(736768K), 0.0032641 secs] [Times: user=0.02 sys=0.00, real=0.00 secs] 
1223.396: [GC (Allocation Failure) [PSYoungGen: 67968K->1376K(68608K)] 384722K->318130K(736768K), 0.0023322 secs] [Times: user=0.01 sys=0.00, real=0.00 secs] 
1223.947: [GC (Allocation Failure) [PSYoungGen: 67936K->1376K(68608K)] 384690K->318130K(736768K), 0.0026410 secs] [Times: user=0.01 sys=0.01, real=0.01 secs] 
1224.214: [GC (Allocation Failure) [PSYoungGen: 67936K->1376K(68608K)] 384690K->318130K(736768K), 0.0020193 secs] [Times: user=0.00 sys=0.00, real=0.00 secs] 
1224.421: [GC (Allocation Failure) [PSYoungGen: 67936K->1469K(68608K)] 384690K->318223K(736768K), 0.0014335 secs] [Times: user=0.01 sys=0.00, real=0.00 secs] 
1224.538: [GC (Allocation Failure) [PSYoungGen: 68029K->1488K(68608K)] 384783K->318242K(736768K), 0.0014895 secs] [Times: user=0.01 sys=0.00, real=0.01 secs] 
1224.654: [GC (Allocation Failure) [PSYoungGen: 68035K->1440K(68608K)] 384789K->318194K(736768K), 0.0014868 secs] [Times: user=0.01 sys=0.00, real=0.00 secs] 
1224.771: [GC (Allocation Failure) [PSYoungGen: 68000K->1469K(68608K)] 384754K->318239K(736768K), 0.0016892 secs] [Times: user=0.00 sys=0.00, real=0.00 secs] 
1226.486: [GC (Allocation Failure) [PSYoungGen: 68029K->1408K(68608K)] 384799K->318178K(736768K), 0.0029534 secs] [Times: user=0.01 sys=0.00, real=0.01 secs] 
1227.447: [GC (Allocation Failure) [PSYoungGen: 67968K->1408K(68608K)] 384738K->318202K(736768K), 0.0024340 secs] [Times: user=0.01 sys=0.00, real=0.01 secs] 
1227.755: [GC (Allocation Failure) [PSYoungGen: 67968K->1344K(68608K)] 384762K->318138K(736768K), 0.0019021 secs] [Times: user=0.01 sys=0.00, real=0.00 secs] 
1228.065: [GC (Allocation Failure) [PSYoungGen: 67904K->1408K(68608K)] 384698K->318202K(736768K), 0.0019582 secs] [Times: user=0.00 sys=0.00, real=0.00 secs] 
1228.315: [GC (Allocation Failure) [PSYoungGen: 67968K->1501K(68608K)] 384762K->318295K(736768K), 0.0015177 secs] [Times: user=0.00 sys=0.00, real=0.00 secs] 
1228.431: [GC (Allocation Failure) [PSYoungGen: 68061K->1456K(68608K)] 384855K->318250K(736768K), 0.0014729 secs] [Times: user=0.01 sys=0.00, real=0.00 secs] 
1228.548: [GC (Allocation Failure) [PSYoungGen: 68014K->1440K(68608K)] 384808K->318234K(736768K), 0.0014267 secs] [Times: user=0.01 sys=0.00, real=0.01 secs] 
1228.664: [GC (Allocation Failure) [PSYoungGen: 68000K->1456K(68608K)] 384794K->318266K(736768K), 0.0015167 secs] [Times: user=0.01 sys=0.00, real=0.00 secs] 
1229.305: [GC (Allocation Failure) [PSYoungGen: 68016K->1456K(68608K)] 384826K->318266K(736768K), 0.0021290 secs] [Times: user=0.01 sys=0.00, real=0.00 secs] 
1229.665: [GC (Allocation Failure) [PSYoungGen: 68016K->1424K(68096K)] 384826K->318234K(736256K), 0.0020695 secs] [Times: user=0.01 sys=0.01, real=0.00 secs] 
1229.941: [GC (Allocation Failure) [PSYoungGen: 67984K->1408K(68096K)] 384794K->318218K(736256K), 0.0020388 secs] [Times: user=0.01 sys=0.00, real=0.00 secs] 
1230.217: [GC (Allocation Failure) [PSYoungGen: 67968K->352K(67584K)] 384778K->318186K(735744K), 0.0018980 secs] [Times: user=0.01 sys=0.00, real=0.01 secs] 
1230.476: [GC (Allocation Failure) [PSYoungGen: 66912K->1485K(68608K)] 384746K->319319K(736768K), 0.0014834 secs] [Times: user=0.00 sys=0.00, real=0.00 secs] 
1230.592: [GC (Allocation Failure) [PSYoungGen: 68045K->1485K(68608K)] 385879K->319319K(736768K), 0.0016358 secs] [Times: user=0.00 sys=0.00, real=0.00 secs] 
1230.709: [GC (Allocation Failure) [PSYoungGen: 68044K->1533K(68608K)] 385878K->319367K(736768K), 0.0014662 secs] [Times: user=0.01 sys=0.00, real=0.00 secs] 
1230.826: [GC (Allocation Failure) [PSYoungGen: 68093K->1488K(68608K)] 385927K->319338K(736768K), 0.0015108 secs] [Times: user=0.01 sys=0.00, real=0.00 secs] 
1231.091: [GC (Allocation Failure) [PSYoungGen: 68048K->1472K(68608K)] 385898K->319322K(736768K), 0.0019002 secs] [Times: user=0.01 sys=0.00, real=0.00 secs] 
1231.546: [GC (Allocation Failure) [PSYoungGen: 68032K->1440K(68608K)] 385882K->319290K(736768K), 0.0019177 secs] [Times: user=0.00 sys=0.00, real=0.00 secs] 
1232.292: [GC (Allocation Failure) [PSYoungGen: 68000K->1392K(68608K)] 385850K->319242K(736768K), 0.0024895 secs] [Times: user=0.01 sys=0.00, real=0.00 secs] 
1233.114: [GC (Allocation Failure) [PSYoungGen: 67952K->1408K(68608K)] 385802K->319258K(736768K), 0.0023000 secs] [Times: user=0.01 sys=0.00, real=0.00 secs] 
1233.814: [GC (Allocation Failure) [PSYoungGen: 67968K->1453K(68608K)] 385818K->319303K(736768K), 0.0019971 secs] [Times: user=0.01 sys=0.00, real=0.00 secs] 
1233.960: [GC (Allocation Failure) [PSYoungGen: 68013K->1533K(68608K)] 385863K->319383K(736768K), 0.0018386 secs] [Times: user=0.01 sys=0.00, real=0.00 secs] 
1234.077: [GC (Allocation Failure) [PSYoungGen: 68091K->1536K(68608K)] 385941K->319402K(736768K), 0.0015350 secs] [Times: user=0.01 sys=0.00, real=0.01 secs] 
1234.211: [GC (Allocation Failure) [PSYoungGen: 68096K->1533K(68608K)] 385962K->319439K(736768K), 0.0019092 secs] [Times: user=0.00 sys=0.00, real=0.00 secs] 
1234.440: [GC (Allocation Failure) [PSYoungGen: 68093K->1440K(68608K)] 385999K->319346K(736768K), 0.0020285 secs] [Times: user=0.01 sys=0.00, real=0.00 secs] 
1234.717: [GC (Allocation Failure) [PSYoungGen: 68000K->1408K(68608K)] 385906K->319314K(736768K), 0.0019142 secs] [Times: user=0.01 sys=0.00, real=0.01 secs] 
1234.994: [GC (Allocation Failure) [PSYoungGen: 67968K->1440K(68608K)] 385874K->319346K(736768K), 0.0018940 secs] [Times: user=0.01 sys=0.00, real=0.00 secs] 
1235.271: [GC (Allocation Failure) [PSYoungGen: 68000K->1408K(68608K)] 385906K->319314K(736768K), 0.0018442 secs] [Times: user=0.00 sys=0.00, real=0.00 secs] 
1236.554: [GC (Allocation Failure) [PSYoungGen: 67968K->1421K(68608K)] 385874K->319327K(736768K), 0.0030056 secs] [Times: user=0.01 sys=0.00, real=0.00 secs] 
1236.750: [GC (Allocation Failure) [PSYoungGen: 67981K->1501K(68608K)] 385887K->319407K(736768K), 0.0017361 secs] [Times: user=0.00 sys=0.00, real=0.00 secs] 
1236.885: [GC (Allocation Failure) [PSYoungGen: 68061K->1485K(68608K)] 385967K->319391K(736768K), 0.0019070 secs] [Times: user=0.01 sys=0.00, real=0.00 secs] 
1237.032: [GC (Allocation Failure) [PSYoungGen: 68045K->1485K(68608K)] 385951K->319407K(736768K), 0.0018182 secs] [Times: user=0.01 sys=0.00, real=0.00 secs] 
1237.274: [GC (Allocation Failure) [PSYoungGen: 68045K->1440K(68608K)] 385967K->319362K(736768K), 0.0019394 secs] [Times: user=0.01 sys=0.00, real=0.00 secs] 
1237.856: [GC (Allocation Failure) [PSYoungGen: 68000K->1440K(68608K)] 385922K->319362K(736768K), 0.0021774 secs] [Times: user=0.01 sys=0.00, real=0.00 secs] 
1238.521: [GC (Allocation Failure) [PSYoungGen: 68000K->1376K(68608K)] 385922K->319298K(736768K), 0.0021267 secs] [Times: user=0.01 sys=0.00, real=0.00 secs] 
1239.661: [GC (Allocation Failure) [PSYoungGen: 67936K->1408K(68608K)] 385858K->319330K(736768K), 0.0037746 secs] [Times: user=0.02 sys=0.01, real=0.00 secs] 
1240.754: [GC (Allocation Failure) [PSYoungGen: 67968K->1389K(68608K)] 385890K->319311K(736768K), 0.0036413 secs] [Times: user=0.01 sys=0.00, real=0.00 secs] 
1240.980: [GC (Allocation Failure) [PSYoungGen: 67949K->1488K(68608K)] 385871K->319410K(736768K), 0.0019910 secs] [Times: user=0.01 sys=0.00, real=0.00 secs] 
1241.105: [GC (Allocation Failure) [PSYoungGen: 68047K->1504K(68608K)] 385969K->319426K(736768K), 0.0017869 secs] [Times: user=0.01 sys=0.00, real=0.00 secs] 
1241.222: [GC (Allocation Failure) [PSYoungGen: 68064K->1488K(68608K)] 385986K->319426K(736768K), 0.0014949 secs] [Times: user=0.01 sys=0.00, real=0.00 secs] 
1241.460: [GC (Allocation Failure) [PSYoungGen: 68048K->1952K(68608K)] 385986K->320402K(736768K), 0.0021625 secs] [Times: user=0.01 sys=0.00, real=0.00 secs] 
1242.273: [GC (Allocation Failure) [PSYoungGen: 68512K->1408K(68608K)] 386962K->319858K(736768K), 0.0029896 secs] [Times: user=0.01 sys=0.00, real=0.00 secs] 
1242.540: [GC (Allocation Failure) [PSYoungGen: 67968K->1408K(68608K)] 386418K->319858K(736768K), 0.0023744 secs] [Times: user=0.01 sys=0.00, real=0.00 secs] 
1242.911: [GC (Allocation Failure) [PSYoungGen: 67968K->1408K(68608K)] 386418K->319858K(736768K), 0.0020041 secs] [Times: user=0.01 sys=0.00, real=0.00 secs] 
1243.484: [GC (Allocation Failure) [PSYoungGen: 67968K->1376K(68608K)] 386418K->319826K(736768K), 0.0018774 secs] [Times: user=0.01 sys=0.00, real=0.00 secs] 
1243.723: [GC (Allocation Failure) [PSYoungGen: 67936K->1501K(68608K)] 386386K->319951K(736768K), 0.0015388 secs] [Times: user=0.01 sys=0.00, real=0.00 secs] 
1243.839: [GC (Allocation Failure) [PSYoungGen: 68061K->1437K(68608K)] 386511K->319887K(736768K), 0.0014902 secs] [Times: user=0.00 sys=0.00, real=0.00 secs] 
1243.955: [GC (Allocation Failure) [PSYoungGen: 67997K->1533K(68608K)] 386447K->319991K(736768K), 0.0016748 secs] [Times: user=0.01 sys=0.00, real=0.00 secs] 
1244.074: [GC (Allocation Failure) [PSYoungGen: 68093K->224K(68608K)] 386551K->318682K(736768K), 0.0017593 secs] [Times: user=0.01 sys=0.00, real=0.00 secs] 
1244.638: [GC (Allocation Failure) [PSYoungGen: 66784K->1376K(68096K)] 385242K->319834K(736256K), 0.0019146 secs] [Times: user=0.01 sys=0.00, real=0.01 secs] 
1244.915: [GC (Allocation Failure) [PSYoungGen: 67936K->1408K(68096K)] 386394K->319898K(736256K), 0.0021043 secs] [Times: user=0.01 sys=0.00, real=0.00 secs] 
1245.350: [GC (Allocation Failure) [PSYoungGen: 67968K->1440K(68096K)] 386458K->319930K(736256K), 0.0019033 secs] [Times: user=0.01 sys=0.00, real=0.00 secs] 
1245.918: [GC (Allocation Failure) [PSYoungGen: 68000K->1360K(68096K)] 386490K->319850K(736256K), 0.0022436 secs] [Times: user=0.01 sys=0.00, real=0.01 secs] 
1246.253: [GC (Allocation Failure) [PSYoungGen: 67919K->1472K(68096K)] 386409K->319962K(736256K), 0.0018673 secs] [Times: user=0.00 sys=0.00, real=0.00 secs] 
1246.374: [GC (Allocation Failure) [PSYoungGen: 68032K->1453K(68096K)] 386522K->319943K(736256K), 0.0016278 secs] [Times: user=0.01 sys=0.00, real=0.00 secs] 
1246.490: [GC (Allocation Failure) [PSYoungGen: 68013K->1488K(68096K)] 386503K->319986K(736256K), 0.0014878 secs] [Times: user=0.01 sys=0.00, real=0.00 secs] 
1246.625: [GC (Allocation Failure) [PSYoungGen: 68048K->1501K(72192K)] 386546K->319999K(740352K), 0.0018255 secs] [Times: user=0.01 sys=0.00, real=0.00 secs] 
1247.600: [GC (Allocation Failure) [PSYoungGen: 71645K->1408K(71168K)] 390143K->319906K(739328K), 0.0024901 secs] [Times: user=0.01 sys=0.00, real=0.00 secs] 
1248.331: [GC (Allocation Failure) [PSYoungGen: 71040K->1344K(70656K)] 389538K->319842K(738816K), 0.0029703 secs] [Times: user=0.01 sys=0.00, real=0.00 secs] 
1249.225: [GC (Allocation Failure) [PSYoungGen: 70464K->1408K(70144K)] 388962K->319906K(738304K), 0.0030396 secs] [Times: user=0.01 sys=0.00, real=0.00 secs] 
1249.828: [GC (Allocation Failure) [PSYoungGen: 70016K->1408K(69632K)] 388514K->319906K(737792K), 0.0027335 secs] [Times: user=0.01 sys=0.00, real=0.01 secs] 
1250.310: [GC (Allocation Failure) [PSYoungGen: 69504K->1469K(69120K)] 388002K->319967K(737280K), 0.0019295 secs] [Times: user=0.01 sys=0.00, real=0.00 secs] 
1250.469: [GC (Allocation Failure) [PSYoungGen: 69053K->1501K(68608K)] 387551K->319999K(736768K), 0.0019699 secs] [Times: user=0.01 sys=0.00, real=0.00 secs] 
1250.612: [GC (Allocation Failure) [PSYoungGen: 68573K->1533K(68096K)] 387071K->320039K(736256K), 0.0015235 secs] [Times: user=0.01 sys=0.00, real=0.00 secs] 
1250.729: [GC (Allocation Failure) [PSYoungGen: 68093K->1472K(68096K)] 386599K->319986K(736256K), 0.0015947 secs] [Times: user=0.01 sys=0.00, real=0.00 secs] 
1253.107: [GC (Allocation Failure) [PSYoungGen: 68032K->1408K(68096K)] 386546K->319922K(736256K), 0.0032571 secs] [Times: user=0.01 sys=0.00, real=0.01 secs] 
1254.235: [GC (Allocation Failure) [PSYoungGen: 67968K->1440K(68096K)] 386482K->319954K(736256K), 0.0029957 secs] [Times: user=0.02 sys=0.00, real=0.00 secs] 
1254.892: [GC (Allocation Failure) [PSYoungGen: 68000K->1408K(68096K)] 386514K->319922K(736256K), 0.0024793 secs] [Times: user=0.01 sys=0.00, real=0.00 secs] 
1255.941: [GC (Allocation Failure) [PSYoungGen: 67968K->1408K(68096K)] 386482K->319922K(736256K), 0.0023370 secs] [Times: user=0.01 sys=0.00, real=0.00 secs] 
1256.301: [GC (Allocation Failure) [PSYoungGen: 67968K->1469K(68096K)] 386482K->319983K(736256K), 0.0019203 secs] [Times: user=0.01 sys=0.00, real=0.00 secs] 
1256.457: [GC (Allocation Failure) [PSYoungGen: 68029K->1517K(68608K)] 386543K->320031K(736768K), 0.0019205 secs] [Times: user=0.01 sys=0.00, real=0.01 secs] 
1256.597: [GC (Allocation Failure) [PSYoungGen: 68077K->1472K(68608K)] 386591K->319986K(736768K), 0.0015277 secs] [Times: user=0.01 sys=0.00, real=0.00 secs] 
1256.713: [GC (Allocation Failure) [PSYoungGen: 68032K->1440K(68608K)] 386546K->319962K(736768K), 0.0015460 secs] [Times: user=0.01 sys=0.00, real=0.00 secs] 
1257.584: [GC (Allocation Failure) [PSYoungGen: 68000K->1472K(68608K)] 386522K->319994K(736768K), 0.0028709 secs] [Times: user=0.01 sys=0.00, real=0.00 secs] 
1258.618: [GC (Allocation Failure) [PSYoungGen: 68032K->1376K(68608K)] 386554K->319914K(736768K), 0.0026812 secs] [Times: user=0.01 sys=0.00, real=0.01 secs] 
1259.784: [GC (Allocation Failure) [PSYoungGen: 67936K->1408K(68608K)] 386474K->319954K(736768K), 0.0031432 secs] [Times: user=0.01 sys=0.00, real=0.00 secs] 
1260.655: [GC (Allocation Failure) [PSYoungGen: 67968K->1408K(68608K)] 386514K->319954K(736768K), 0.0031630 secs] [Times: user=0.01 sys=0.00, real=0.00 secs] 
1261.206: [GC (Allocation Failure) [PSYoungGen: 67968K->1520K(68608K)] 386514K->320066K(736768K), 0.0020516 secs] [Times: user=0.01 sys=0.00, real=0.00 secs] 
1261.348: [GC (Allocation Failure) [PSYoungGen: 68080K->1501K(68608K)] 386626K->320047K(736768K), 0.0016004 secs] [Times: user=0.01 sys=0.00, real=0.01 secs] 
1261.465: [GC (Allocation Failure) [PSYoungGen: 68061K->1456K(68608K)] 386607K->320002K(736768K), 0.0014852 secs] [Times: user=0.01 sys=0.00, real=0.00 secs] 
1261.581: [GC (Allocation Failure) [PSYoungGen: 68016K->1536K(68608K)] 386562K->320106K(736768K), 0.0015529 secs] [Times: user=0.00 sys=0.00, real=0.00 secs] 
1262.147: [GC (Allocation Failure) [PSYoungGen: 68096K->1472K(68608K)] 386666K->320042K(736768K), 0.0022030 secs] [Times: user=0.01 sys=0.00, real=0.01 secs] 
1262.814: [GC (Allocation Failure) [PSYoungGen: 68032K->1408K(68608K)] 386602K->319978K(736768K), 0.0023566 secs] [Times: user=0.01 sys=0.00, real=0.00 secs] 
1263.276: [GC (Allocation Failure) [PSYoungGen: 67968K->1408K(68608K)] 386538K->319978K(736768K), 0.0033337 secs] [Times: user=0.01 sys=0.00, real=0.01 secs] 
1263.831: [GC (Allocation Failure) [PSYoungGen: 67968K->1440K(68608K)] 386538K->320010K(736768K), 0.0022410 secs] [Times: user=0.01 sys=0.00, real=0.00 secs] 
1264.276: [GC (Allocation Failure) [PSYoungGen: 67982K->1421K(68608K)] 386552K->319991K(736768K), 0.0021061 secs] [Times: user=0.01 sys=0.00, real=0.00 secs] 
1264.408: [GC (Allocation Failure) [PSYoungGen: 67981K->1504K(68608K)] 386551K->320074K(736768K), 0.0014762 secs] [Times: user=0.01 sys=0.00, real=0.01 secs] 
1264.525: [GC (Allocation Failure) [PSYoungGen: 68064K->1488K(68608K)] 386634K->320058K(736768K), 0.0016823 secs] [Times: user=0.01 sys=0.00, real=0.00 secs] 
1264.642: [GC (Allocation Failure) [PSYoungGen: 68048K->1456K(68608K)] 386618K->320042K(736768K), 0.0015357 secs] [Times: user=0.01 sys=0.00, real=0.00 secs] 
1265.228: [GC (Allocation Failure) [PSYoungGen: 68016K->1440K(68096K)] 386602K->320026K(736256K), 0.0020792 secs] [Times: user=0.01 sys=0.00, real=0.01 secs] 
1265.800: [GC (Allocation Failure) [PSYoungGen: 68000K->1376K(68096K)] 386586K->319986K(736256K), 0.0042821 secs] [Times: user=0.01 sys=0.01, real=0.00 secs] 
1266.351: [GC (Allocation Failure) [PSYoungGen: 67936K->1376K(68096K)] 386546K->319986K(736256K), 0.0033024 secs] [Times: user=0.02 sys=0.00, real=0.00 secs] 
1266.726: [GC (Allocation Failure) [PSYoungGen: 67936K->1376K(68096K)] 386546K->319986K(736256K), 0.0023506 secs] [Times: user=0.01 sys=0.00, real=0.00 secs] 
1266.960: [GC (Allocation Failure) [PSYoungGen: 67936K->1469K(68096K)] 386546K->320079K(736256K), 0.0014369 secs] [Times: user=0.01 sys=0.00, real=0.00 secs] 
1267.076: [GC (Allocation Failure) [PSYoungGen: 68029K->1485K(68096K)] 386639K->320095K(736256K), 0.0015511 secs] [Times: user=0.01 sys=0.00, real=0.00 secs] 
1267.193: [GC (Allocation Failure) [PSYoungGen: 68016K->1533K(68096K)] 386626K->320143K(736256K), 0.0015011 secs] [Times: user=0.00 sys=0.00, real=0.00 secs] 
1267.310: [GC (Allocation Failure) [PSYoungGen: 68093K->1469K(71680K)] 386703K->320087K(739840K), 0.0014974 secs] [Times: user=0.01 sys=0.00, real=0.00 secs] 
1268.011: [GC (Allocation Failure) [PSYoungGen: 71101K->1408K(70656K)] 389719K->320026K(738816K), 0.0024936 secs] [Times: user=0.00 sys=0.00, real=0.00 secs] 
1268.652: [GC (Allocation Failure) [PSYoungGen: 70528K->1408K(70144K)] 389146K->320026K(738304K), 0.0022796 secs] [Times: user=0.01 sys=0.00, real=0.00 secs] 
1269.441: [GC (Allocation Failure) [PSYoungGen: 70016K->1408K(69632K)] 388634K->320026K(737792K), 0.0027247 secs] [Times: user=0.01 sys=0.00, real=0.00 secs] 
1270.178: [GC (Allocation Failure) [PSYoungGen: 69504K->1360K(69120K)] 388122K->319986K(737280K), 0.0033851 secs] [Times: user=0.01 sys=0.00, real=0.01 secs] 
1270.913: [GC (Allocation Failure) [PSYoungGen: 68944K->1488K(68608K)] 387570K->320114K(736768K), 0.0020432 secs] [Times: user=0.01 sys=0.00, real=0.00 secs] 
1271.096: [GC (Allocation Failure) [PSYoungGen: 68560K->1485K(68096K)] 387186K->320111K(736256K), 0.0022696 secs] [Times: user=0.01 sys=0.01, real=0.00 secs] 
1271.250: [GC (Allocation Failure) [PSYoungGen: 68045K->1533K(68096K)] 386671K->320159K(736256K), 0.0015170 secs] [Times: user=0.00 sys=0.00, real=0.00 secs] 
1271.367: [GC (Allocation Failure) [PSYoungGen: 68093K->1469K(68096K)] 386719K->320103K(736256K), 0.0016456 secs] [Times: user=0.00 sys=0.00, real=0.00 secs] 
1272.319: [GC (Allocation Failure) [PSYoungGen: 68029K->1440K(68096K)] 386663K->320074K(736256K), 0.0035920 secs] [Times: user=0.02 sys=0.01, real=0.00 secs] 
1273.474: [GC (Allocation Failure) [PSYoungGen: 68000K->1376K(68096K)] 386634K->320010K(736256K), 0.0039729 secs] [Times: user=0.01 sys=0.00, real=0.00 secs] 
1274.046: [GC (Allocation Failure) [PSYoungGen: 67936K->1408K(68096K)] 386570K->320042K(736256K), 0.0027557 secs] [Times: user=0.01 sys=0.00, real=0.01 secs] 
1274.354: [GC (Allocation Failure) [PSYoungGen: 67968K->1376K(68096K)] 386602K->320010K(736256K), 0.0020145 secs] [Times: user=0.01 sys=0.00, real=0.00 secs] 
1274.611: [GC (Allocation Failure) [PSYoungGen: 67936K->1469K(68096K)] 386570K->320103K(736256K), 0.0014137 secs] [Times: user=0.01 sys=0.00, real=0.00 secs] 
1274.729: [GC (Allocation Failure) [PSYoungGen: 68029K->1469K(68608K)] 386663K->320103K(736768K), 0.0015288 secs] [Times: user=0.00 sys=0.00, real=0.00 secs] 
1274.848: [GC (Allocation Failure) [PSYoungGen: 68029K->1504K(68608K)] 386663K->320138K(736768K), 0.0014480 secs] [Times: user=0.01 sys=0.00, real=0.01 secs] 
1274.966: [GC (Allocation Failure) [PSYoungGen: 68064K->1440K(68608K)] 386698K->320082K(736768K), 0.0016108 secs] [Times: user=0.01 sys=0.00, real=0.00 secs] 
1275.193: [GC (Allocation Failure) [PSYoungGen: 68000K->1408K(68096K)] 386642K->320074K(736256K), 0.0015664 secs] [Times: user=0.00 sys=0.00, real=0.00 secs] 
1275.508: [GC (Allocation Failure) [PSYoungGen: 67968K->1376K(68096K)] 386634K->320042K(736256K), 0.0016433 secs] [Times: user=0.00 sys=0.00, real=0.01 secs] 
1275.783: [GC (Allocation Failure) [PSYoungGen: 67936K->1408K(68096K)] 386602K->320074K(736256K), 0.0014547 secs] [Times: user=0.00 sys=0.00, real=0.00 secs] 
1276.117: [GC (Allocation Failure) [PSYoungGen: 67968K->1376K(68096K)] 386634K->320042K(736256K), 0.0018834 secs] [Times: user=0.01 sys=0.00, real=0.01 secs] 
1276.407: [GC (Allocation Failure) [PSYoungGen: 67936K->1469K(68096K)] 386602K->320135K(736256K), 0.0016093 secs] [Times: user=0.00 sys=0.00, real=0.01 secs] 
1276.525: [GC (Allocation Failure) [PSYoungGen: 68029K->1453K(68096K)] 386695K->320119K(736256K), 0.0016118 secs] [Times: user=0.00 sys=0.00, real=0.00 secs] 
1276.641: [GC (Allocation Failure) [PSYoungGen: 68013K->1488K(68096K)] 386679K->320154K(736256K), 0.0014594 secs] [Times: user=0.01 sys=0.00, real=0.00 secs] 
1276.775: [GC (Allocation Failure) [PSYoungGen: 68048K->1501K(71680K)] 386714K->320175K(739840K), 0.0019166 secs] [Times: user=0.01 sys=0.00, real=0.00 secs] 
1277.203: [GC (Allocation Failure) [PSYoungGen: 71133K->1472K(70656K)] 389807K->320146K(738816K), 0.0020823 secs] [Times: user=0.01 sys=0.00, real=0.00 secs] 
1277.796: [GC (Allocation Failure) [PSYoungGen: 70592K->1408K(70144K)] 389266K->320082K(738304K), 0.0022373 secs] [Times: user=0.01 sys=0.00, real=0.00 secs] 
1278.374: [GC (Allocation Failure) [PSYoungGen: 70016K->1376K(69632K)] 388690K->320050K(737792K), 0.0029440 secs] [Times: user=0.01 sys=0.00, real=0.00 secs] 
1279.221: [GC (Allocation Failure) [PSYoungGen: 69472K->1376K(69120K)] 388146K->320050K(737280K), 0.0042113 secs] [Times: user=0.02 sys=0.00, real=0.00 secs] 
1280.014: [GC (Allocation Failure) [PSYoungGen: 68960K->1533K(68608K)] 387634K->320207K(736768K), 0.0029605 secs] [Times: user=0.01 sys=0.00, real=0.00 secs] 
1280.211: [GC (Allocation Failure) [PSYoungGen: 68605K->1504K(68096K)] 387279K->320178K(736256K), 0.0018110 secs] [Times: user=0.00 sys=0.00, real=0.00 secs] 
1280.327: [GC (Allocation Failure) [PSYoungGen: 68064K->1456K(68096K)] 386738K->320130K(736256K), 0.0015811 secs] [Times: user=0.00 sys=0.00, real=0.01 secs] 
1280.443: [GC (Allocation Failure) [PSYoungGen: 68016K->1501K(68096K)] 386690K->320191K(736256K), 0.0015873 secs] [Times: user=0.01 sys=0.00, real=0.00 secs] 
1280.775: [GC (Allocation Failure) [PSYoungGen: 68061K->1440K(68096K)] 386751K->320130K(736256K), 0.0021169 secs] [Times: user=0.01 sys=0.00, real=0.00 secs] 
1281.061: [GC (Allocation Failure) [PSYoungGen: 68000K->1408K(68096K)] 386690K->320098K(736256K), 0.0023090 secs] [Times: user=0.01 sys=0.00, real=0.00 secs] 
1281.338: [GC (Allocation Failure) [PSYoungGen: 67968K->1344K(68096K)] 386658K->320034K(736256K), 0.0022987 secs] [Times: user=0.01 sys=0.01, real=0.01 secs] 
1281.639: [GC (Allocation Failure) [PSYoungGen: 67904K->1376K(68096K)] 386594K->320066K(736256K), 0.0029403 secs] [Times: user=0.01 sys=0.00, real=0.00 secs] 
1281.921: [GC (Allocation Failure) [PSYoungGen: 67936K->1469K(68096K)] 386626K->320159K(736256K), 0.0018871 secs] [Times: user=0.01 sys=0.00, real=0.00 secs] 
1282.051: [GC (Allocation Failure) [PSYoungGen: 68029K->1504K(68096K)] 386719K->320194K(736256K), 0.0014546 secs] [Times: user=0.00 sys=0.00, real=0.00 secs] 
1282.167: [GC (Allocation Failure) [PSYoungGen: 68064K->1501K(68608K)] 386754K->320191K(736768K), 0.0014456 secs] [Times: user=0.01 sys=0.00, real=0.00 secs] 
1282.283: [GC (Allocation Failure) [PSYoungGen: 68061K->1501K(68608K)] 386751K->320207K(736768K), 0.0017102 secs] [Times: user=0.01 sys=0.00, real=0.00 secs] 
1282.620: [GC (Allocation Failure) [PSYoungGen: 68061K->1472K(68096K)] 386767K->320178K(736256K), 0.0018740 secs] [Times: user=0.01 sys=0.00, real=0.00 secs] 
1283.414: [GC (Allocation Failure) [PSYoungGen: 68032K->1392K(68096K)] 386738K->320098K(736256K), 0.0022370 secs] [Times: user=0.01 sys=0.00, real=0.00 secs] 
1283.739: [GC (Allocation Failure) [PSYoungGen: 67952K->1376K(68096K)] 386658K->320106K(736256K), 0.0028097 secs] [Times: user=0.01 sys=0.00, real=0.00 secs] 
1284.017: [GC (Allocation Failure) [PSYoungGen: 67936K->1376K(68096K)] 386666K->320106K(736256K), 0.0022473 secs] [Times: user=0.01 sys=0.00, real=0.01 secs] 
1284.523: [GC (Allocation Failure) [PSYoungGen: 67936K->1469K(68096K)] 386666K->320199K(736256K), 0.0040549 secs] [Times: user=0.02 sys=0.00, real=0.00 secs] 
1284.757: [GC (Allocation Failure) [PSYoungGen: 68029K->1504K(68096K)] 386759K->320234K(736256K), 0.0019725 secs] [Times: user=0.01 sys=0.00, real=0.01 secs] 
1284.884: [GC (Allocation Failure) [PSYoungGen: 68064K->1501K(68096K)] 386794K->320231K(736256K), 0.0017001 secs] [Times: user=0.00 sys=0.00, real=0.00 secs] 
1285.004: [GC (Allocation Failure) [PSYoungGen: 68061K->1501K(72192K)] 386791K->320247K(740352K), 0.0016911 secs] [Times: user=0.01 sys=0.00, real=0.00 secs] 
1285.274: [GC (Allocation Failure) [PSYoungGen: 71645K->1472K(71168K)] 390391K->320218K(739328K), 0.0021795 secs] [Times: user=0.00 sys=0.00, real=0.00 secs] 
1286.271: [GC (Allocation Failure) [PSYoungGen: 71104K->1376K(70656K)] 389850K->320122K(738816K), 0.0042938 secs] [Times: user=0.01 sys=0.01, real=0.00 secs] 
1287.085: [GC (Allocation Failure) [PSYoungGen: 70496K->1376K(70144K)] 389242K->320122K(738304K), 0.0029820 secs] [Times: user=0.01 sys=0.00, real=0.00 secs] 
1287.569: [GC (Allocation Failure) [PSYoungGen: 69984K->1424K(69632K)] 388730K->320170K(737792K), 0.0024246 secs] [Times: user=0.01 sys=0.00, real=0.01 secs] 
1287.841: [GC (Allocation Failure) [PSYoungGen: 69520K->1405K(69120K)] 388266K->320151K(737280K), 0.0020186 secs] [Times: user=0.01 sys=0.00, real=0.00 secs] 
1287.974: [GC (Allocation Failure) [PSYoungGen: 68989K->1456K(68608K)] 387735K->320202K(736768K), 0.0015275 secs] [Times: user=0.01 sys=0.00, real=0.00 secs] 
1288.091: [GC (Allocation Failure) [PSYoungGen: 68528K->1488K(68096K)] 387274K->320234K(736256K), 0.0015079 secs] [Times: user=0.00 sys=0.00, real=0.00 secs] 
1288.207: [GC (Allocation Failure) [PSYoungGen: 68048K->1472K(72192K)] 386794K->320234K(740352K), 0.0015150 secs] [Times: user=0.01 sys=0.00, real=0.01 secs] 
1288.399: [GC (Allocation Failure) [PSYoungGen: 71616K->1472K(75264K)] 390378K->320234K(743424K), 0.0019051 secs] [Times: user=0.00 sys=0.00, real=0.01 secs] 
1288.702: [GC (Allocation Failure) [PSYoungGen: 74688K->1424K(74240K)] 393450K->320186K(742400K), 0.0018297 secs] [Times: user=0.01 sys=0.00, real=0.00 secs] 
1289.004: [GC (Allocation Failure) [PSYoungGen: 74128K->1408K(73728K)] 392890K->320170K(741888K), 0.0019626 secs] [Times: user=0.01 sys=0.00, real=0.00 secs] 
1289.304: [GC (Allocation Failure) [PSYoungGen: 73600K->1408K(73216K)] 392362K->320170K(741376K), 0.0018471 secs] [Times: user=0.00 sys=0.00, real=0.00 secs] 
1289.862: [GC (Allocation Failure) [PSYoungGen: 73088K->1488K(72704K)] 391850K->320250K(740864K), 0.0022023 secs] [Times: user=0.01 sys=0.00, real=0.00 secs] 
1290.023: [GC (Allocation Failure) [PSYoungGen: 72656K->1488K(72192K)] 391418K->320250K(740352K), 0.0015443 secs] [Times: user=0.00 sys=0.00, real=0.00 secs] 
1290.166: [GC (Allocation Failure) [PSYoungGen: 72144K->1488K(71680K)] 390906K->320250K(739840K), 0.0019150 secs] [Times: user=0.00 sys=0.00, real=0.00 secs] 
1290.315: [GC (Allocation Failure) [PSYoungGen: 71632K->1469K(71168K)] 390394K->320247K(739328K), 0.0016032 secs] [Times: user=0.00 sys=0.00, real=0.00 secs] 
1290.596: [GC (Allocation Failure) [PSYoungGen: 71101K->1408K(70656K)] 389879K->320186K(738816K), 0.0021061 secs] [Times: user=0.00 sys=0.00, real=0.00 secs] 
1290.887: [GC (Allocation Failure) [PSYoungGen: 70528K->1440K(70144K)] 389306K->320218K(738304K), 0.0018919 secs] [Times: user=0.00 sys=0.00, real=0.01 secs] 
1291.172: [GC (Allocation Failure) [PSYoungGen: 70048K->1408K(69632K)] 388826K->320186K(737792K), 0.0022001 secs] [Times: user=0.00 sys=0.00, real=0.00 secs] 
1291.454: [GC (Allocation Failure) [PSYoungGen: 69504K->1408K(69120K)] 388282K->320186K(737280K), 0.0017651 secs] [Times: user=0.00 sys=0.00, real=0.00 secs] 
1291.655: [GC (Allocation Failure) [PSYoungGen: 68992K->1488K(68608K)] 387770K->320266K(736768K), 0.0014961 secs] [Times: user=0.00 sys=0.00, real=0.00 secs] 
1291.773: [GC (Allocation Failure) [PSYoungGen: 68543K->1488K(68096K)] 387322K->320266K(736256K), 0.0015115 secs] [Times: user=0.01 sys=0.00, real=0.00 secs] 
1291.890: [GC (Allocation Failure) [PSYoungGen: 68048K->1504K(68608K)] 386826K->320282K(736768K), 0.0014828 secs] [Times: user=0.01 sys=0.00, real=0.00 secs] 
1292.005: [GC (Allocation Failure) [PSYoungGen: 68064K->1501K(68608K)] 386842K->320295K(736768K), 0.0016917 secs] [Times: user=0.01 sys=0.00, real=0.00 secs] 
1292.731: [GC (Allocation Failure) [PSYoungGen: 68061K->1440K(68096K)] 386855K->320258K(736256K), 0.0022117 secs] [Times: user=0.01 sys=0.00, real=0.00 secs] 
1293.708: [GC (Allocation Failure) [PSYoungGen: 68000K->1424K(68096K)] 386818K->320242K(736256K), 0.0027013 secs] [Times: user=0.01 sys=0.00, real=0.01 secs] 
1294.648: [GC (Allocation Failure) [PSYoungGen: 67984K->1408K(68096K)] 386802K->320226K(736256K), 0.0022868 secs] [Times: user=0.01 sys=0.00, real=0.01 secs] 
1295.022: [GC (Allocation Failure) [PSYoungGen: 67968K->1376K(68096K)] 386786K->320194K(736256K), 0.0020173 secs] [Times: user=0.01 sys=0.00, real=0.00 secs] 
1295.240: [GC (Allocation Failure) [PSYoungGen: 67936K->1501K(68096K)] 386754K->320319K(736256K), 0.0014678 secs] [Times: user=0.01 sys=0.00, real=0.00 secs] 
1295.357: [GC (Allocation Failure) [PSYoungGen: 68061K->1469K(68096K)] 386879K->320287K(736256K), 0.0016219 secs] [Times: user=0.01 sys=0.00, real=0.01 secs] 
1295.475: [GC (Allocation Failure) [PSYoungGen: 68029K->1469K(68096K)] 386847K->320287K(736256K), 0.0014822 secs] [Times: user=0.01 sys=0.00, real=0.00 secs] 
1295.591: [GC (Allocation Failure) [PSYoungGen: 68029K->1485K(72192K)] 386847K->320319K(740352K), 0.0016838 secs] [Times: user=0.01 sys=0.00, real=0.00 secs] 
1296.142: [GC (Allocation Failure) [PSYoungGen: 71629K->1456K(71168K)] 390463K->320290K(739328K), 0.0019689 secs] [Times: user=0.01 sys=0.00, real=0.00 secs] 
1296.832: [GC (Allocation Failure) [PSYoungGen: 71088K->1376K(70656K)] 389922K->320210K(738816K), 0.0029788 secs] [Times: user=0.01 sys=0.01, real=0.00 secs] 
1297.393: [GC (Allocation Failure) [PSYoungGen: 70496K->1344K(70144K)] 389330K->320178K(738304K), 0.0022182 secs] [Times: user=0.01 sys=0.00, real=0.00 secs] 
1297.778: [GC (Allocation Failure) [PSYoungGen: 69952K->1440K(69632K)] 388786K->320274K(737792K), 0.0020743 secs] [Times: user=0.01 sys=0.00, real=0.01 secs] 
1298.056: [GC (Allocation Failure) [PSYoungGen: 69536K->1504K(69120K)] 388370K->320338K(737280K), 0.0016378 secs] [Times: user=0.00 sys=0.00, real=0.00 secs] 
1298.175: [GC (Allocation Failure) [PSYoungGen: 69088K->1469K(68608K)] 387922K->320303K(736768K), 0.0015923 secs] [Times: user=0.00 sys=0.00, real=0.00 secs] 
1298.293: [GC (Allocation Failure) [PSYoungGen: 68541K->1472K(68096K)] 387375K->320306K(736256K), 0.0014902 secs] [Times: user=0.01 sys=0.00, real=0.00 secs] 
1298.409: [GC (Allocation Failure) [PSYoungGen: 68032K->1501K(71680K)] 386866K->320351K(739840K), 0.0016771 secs] [Times: user=0.00 sys=0.00, real=0.00 secs] 
1299.018: [GC (Allocation Failure) [PSYoungGen: 71133K->1440K(70656K)] 389983K->320290K(738816K), 0.0020051 secs] [Times: user=0.00 sys=0.00, real=0.01 secs] 
1299.595: [GC (Allocation Failure) [PSYoungGen: 70560K->1440K(70144K)] 389410K->320290K(738304K), 0.0020584 secs] [Times: user=0.01 sys=0.00, real=0.00 secs] 
1300.282: [GC (Allocation Failure) [PSYoungGen: 70048K->1408K(69632K)] 388898K->320258K(737792K), 0.0020205 secs] [Times: user=0.01 sys=0.00, real=0.00 secs] 
1300.886: [GC (Allocation Failure) [PSYoungGen: 69504K->1408K(69120K)] 388354K->320258K(737280K), 0.0024197 secs] [Times: user=0.01 sys=0.00, real=0.00 secs] 
1301.204: [GC (Allocation Failure) [PSYoungGen: 68992K->1453K(68608K)] 387842K->320303K(736768K), 0.0014649 secs] [Times: user=0.01 sys=0.00, real=0.00 secs] 
1301.322: [GC (Allocation Failure) [PSYoungGen: 68525K->1469K(68096K)] 387375K->320319K(736256K), 0.0018348 secs] [Times: user=0.01 sys=0.00, real=0.00 secs] 
1301.438: [GC (Allocation Failure) [PSYoungGen: 68029K->1533K(68096K)] 386879K->320383K(736256K), 0.0014856 secs] [Times: user=0.00 sys=0.00, real=0.01 secs] 
1301.554: [GC (Allocation Failure) [PSYoungGen: 68093K->1488K(71680K)] 386943K->320346K(739840K), 0.0015347 secs] [Times: user=0.01 sys=0.00, real=0.00 secs] 
1302.507: [GC (Allocation Failure) [PSYoungGen: 71120K->1424K(70656K)] 389978K->320282K(738816K), 0.0030290 secs] [Times: user=0.02 sys=0.00, real=0.01 secs] 
1303.471: [GC (Allocation Failure) [PSYoungGen: 70544K->1408K(70144K)] 389402K->320266K(738304K), 0.0030512 secs] [Times: user=0.01 sys=0.00, real=0.00 secs] 
1304.353: [GC (Allocation Failure) [PSYoungGen: 70016K->1408K(69632K)] 388874K->320266K(737792K), 0.0027908 secs] [Times: user=0.02 sys=0.00, real=0.00 secs] 
1304.998: [GC (Allocation Failure) [PSYoungGen: 69504K->1344K(69120K)] 388362K->320202K(737280K), 0.0061624 secs] [Times: user=0.03 sys=0.00, real=0.01 secs] 
1305.316: [GC (Allocation Failure) [PSYoungGen: 68928K->1504K(68608K)] 387786K->320362K(736768K), 0.0019699 secs] [Times: user=0.01 sys=0.00, real=0.00 secs] 
1305.444: [GC (Allocation Failure) [PSYoungGen: 68576K->1469K(68096K)] 387434K->320327K(736256K), 0.0016592 secs] [Times: user=0.01 sys=0.00, real=0.00 secs] 
1305.579: [GC (Allocation Failure) [PSYoungGen: 68029K->1488K(68096K)] 386887K->320346K(736256K), 0.0017850 secs] [Times: user=0.01 sys=0.00, real=0.00 secs] 
1305.723: [GC (Allocation Failure) [PSYoungGen: 68048K->1501K(68096K)] 386906K->320383K(736256K), 0.0016196 secs] [Times: user=0.00 sys=0.00, real=0.00 secs] 
1306.864: [GC (Allocation Failure) [PSYoungGen: 68061K->1408K(68096K)] 386943K->320290K(736256K), 0.0027285 secs] [Times: user=0.01 sys=0.00, real=0.00 secs] 
1307.551: [GC (Allocation Failure) [PSYoungGen: 67968K->1376K(68096K)] 386850K->320258K(736256K), 0.0028569 secs] [Times: user=0.01 sys=0.00, real=0.00 secs] 
1308.147: [GC (Allocation Failure) [PSYoungGen: 67936K->1408K(68096K)] 386818K->320290K(736256K), 0.0022875 secs] [Times: user=0.00 sys=0.00, real=0.01 secs] 
1308.914: [GC (Allocation Failure) [PSYoungGen: 67968K->1376K(68096K)] 386850K->320258K(736256K), 0.0044108 secs] [Times: user=0.01 sys=0.00, real=0.01 secs] 
1309.543: [GC (Allocation Failure) [PSYoungGen: 67936K->1488K(68096K)] 386818K->320370K(736256K), 0.0019216 secs] [Times: user=0.00 sys=0.00, real=0.00 secs] 
1309.679: [GC (Allocation Failure) [PSYoungGen: 68048K->1472K(68608K)] 386930K->320354K(736768K), 0.0015423 secs] [Times: user=0.00 sys=0.00, real=0.00 secs] 
1309.796: [GC (Allocation Failure) [PSYoungGen: 68032K->1469K(68608K)] 386914K->320351K(736768K), 0.0014599 secs] [Times: user=0.01 sys=0.00, real=0.00 secs] 
1309.912: [GC (Allocation Failure) [PSYoungGen: 68029K->1501K(68608K)] 386911K->320399K(736768K), 0.0015013 secs] [Times: user=0.01 sys=0.00, real=0.00 secs] 
1311.360: [GC (Allocation Failure) [PSYoungGen: 68061K->1440K(68608K)] 386959K->320338K(736768K), 0.0038610 secs] [Times: user=0.02 sys=0.00, real=0.00 secs] 
1312.453: [GC (Allocation Failure) [PSYoungGen: 68000K->1440K(68608K)] 386898K->320338K(736768K), 0.0025405 secs] [Times: user=0.01 sys=0.00, real=0.00 secs] 
1312.733: [GC (Allocation Failure) [PSYoungGen: 68000K->1376K(68608K)] 386898K->320274K(736768K), 0.0018324 secs] [Times: user=0.01 sys=0.00, real=0.00 secs] 
1313.047: [GC (Allocation Failure) [PSYoungGen: 67936K->1424K(68608K)] 386834K->320322K(736768K), 0.0018960 secs] [Times: user=0.01 sys=0.00, real=0.01 secs] 
1313.291: [GC (Allocation Failure) [PSYoungGen: 67965K->1437K(68608K)] 386863K->320335K(736768K), 0.0014424 secs] [Times: user=0.01 sys=0.00, real=0.00 secs] 
1313.408: [GC (Allocation Failure) [PSYoungGen: 67997K->1472K(68608K)] 386895K->320370K(736768K), 0.0014678 secs] [Times: user=0.00 sys=0.00, real=0.01 secs] 
1313.524: [GC (Allocation Failure) [PSYoungGen: 68032K->1520K(68608K)] 386930K->320418K(736768K), 0.0014818 secs] [Times: user=0.01 sys=0.00, real=0.00 secs] 
1313.640: [GC (Allocation Failure) [PSYoungGen: 68080K->1469K(68608K)] 386978K->320383K(736768K), 0.0014187 secs] [Times: user=0.00 sys=0.00, real=0.00 secs] 
1314.104: [GC (Allocation Failure) [PSYoungGen: 68029K->1488K(68608K)] 386943K->320410K(736768K), 0.0022169 secs] [Times: user=0.01 sys=0.00, real=0.00 secs] 
1314.707: [GC (Allocation Failure) [PSYoungGen: 68048K->1408K(68608K)] 386970K->320330K(736768K), 0.0029103 secs] [Times: user=0.01 sys=0.00, real=0.01 secs] 
1315.163: [GC (Allocation Failure) [PSYoungGen: 67968K->1440K(68608K)] 386890K->320378K(736768K), 0.0021322 secs] [Times: user=0.01 sys=0.00, real=0.00 secs] 
1315.520: [GC (Allocation Failure) [PSYoungGen: 68000K->1440K(68608K)] 386938K->320378K(736768K), 0.0020316 secs] [Times: user=0.01 sys=0.00, real=0.00 secs] 
1315.765: [GC (Allocation Failure) [PSYoungGen: 68000K->1421K(68096K)] 386938K->320359K(736256K), 0.0019037 secs] [Times: user=0.01 sys=0.00, real=0.00 secs] 
1315.949: [GC (Allocation Failure) [PSYoungGen: 67981K->1533K(68096K)] 386919K->320471K(736256K), 0.0017879 secs] [Times: user=0.01 sys=0.00, real=0.00 secs] 
1316.078: [GC (Allocation Failure) [PSYoungGen: 68067K->1504K(68608K)] 387006K->320442K(736768K), 0.0016566 secs] [Times: user=0.01 sys=0.00, real=0.01 secs] 
1316.196: [GC (Allocation Failure) [PSYoungGen: 68064K->1456K(68608K)] 387002K->320410K(736768K), 0.0015227 secs] [Times: user=0.01 sys=0.00, real=0.00 secs] 
1316.628: [GC (Allocation Failure) [PSYoungGen: 68016K->1440K(68608K)] 386970K->320394K(736768K), 0.0027258 secs] [Times: user=0.01 sys=0.00, real=0.01 secs] 
1316.904: [GC (Allocation Failure) [PSYoungGen: 68000K->1440K(68608K)] 386954K->320394K(736768K), 0.0019456 secs] [Times: user=0.01 sys=0.00, real=0.00 secs] 
1317.230: [GC (Allocation Failure) [PSYoungGen: 68000K->1376K(68608K)] 386954K->320330K(736768K), 0.0020252 secs] [Times: user=0.01 sys=0.00, real=0.00 secs] 
1317.531: [GC (Allocation Failure) [PSYoungGen: 67936K->1408K(68608K)] 386890K->320362K(736768K), 0.0020128 secs] [Times: user=0.01 sys=0.00, real=0.00 secs] 
1317.849: [GC (Allocation Failure) [PSYoungGen: 67946K->1453K(68608K)] 386900K->320407K(736768K), 0.0022574 secs] [Times: user=0.01 sys=0.01, real=0.00 secs] 
1318.049: [GC (Allocation Failure) [PSYoungGen: 68013K->1501K(68608K)] 386967K->320455K(736768K), 0.0019302 secs] [Times: user=0.00 sys=0.00, real=0.00 secs] 
1318.171: [GC (Allocation Failure) [PSYoungGen: 68036K->1504K(68608K)] 386990K->320458K(736768K), 0.0015480 secs] [Times: user=0.00 sys=0.00, real=0.00 secs] 
1318.288: [GC (Allocation Failure) [PSYoungGen: 68064K->1469K(68608K)] 387018K->320447K(736768K), 0.0016180 secs] [Times: user=0.01 sys=0.00, real=0.01 secs] 
1319.024: [GC (Allocation Failure) [PSYoungGen: 68029K->1424K(68096K)] 387007K->320402K(736256K), 0.0039004 secs] [Times: user=0.02 sys=0.01, real=0.00 secs] 
1319.716: [GC (Allocation Failure) [PSYoungGen: 67984K->1408K(68096K)] 386962K->320386K(736256K), 0.0022087 secs] [Times: user=0.01 sys=0.00, real=0.00 secs] 
1320.142: [GC (Allocation Failure) [PSYoungGen: 67968K->1376K(68096K)] 386946K->320354K(736256K), 0.0019000 secs] [Times: user=0.00 sys=0.00, real=0.00 secs] 
1320.662: [GC (Allocation Failure) [PSYoungGen: 67936K->1344K(68096K)] 386914K->320322K(736256K), 0.0021050 secs] [Times: user=0.00 sys=0.00, real=0.00 secs] 
1321.170: [GC (Allocation Failure) [PSYoungGen: 67904K->1504K(68096K)] 386882K->320482K(736256K), 0.0018182 secs] [Times: user=0.01 sys=0.00, real=0.00 secs] 
1321.305: [GC (Allocation Failure) [PSYoungGen: 68064K->1469K(68096K)] 387042K->320447K(736256K), 0.0015410 secs] [Times: user=0.01 sys=0.00, real=0.00 secs] 
1321.422: [GC (Allocation Failure) [PSYoungGen: 68029K->1504K(68096K)] 387007K->320482K(736256K), 0.0015470 secs] [Times: user=0.01 sys=0.00, real=0.00 secs] 
1321.556: [GC (Allocation Failure) [PSYoungGen: 68064K->1517K(68096K)] 387042K->320511K(736256K), 0.0019330 secs] [Times: user=0.01 sys=0.00, real=0.00 secs] 
1322.232: [GC (Allocation Failure) [PSYoungGen: 68077K->1408K(68096K)] 387071K->320402K(736256K), 0.0034001 secs] [Times: user=0.01 sys=0.00, real=0.00 secs] 
1322.613: [GC (Allocation Failure) [PSYoungGen: 67968K->1376K(68096K)] 386962K->320370K(736256K), 0.0021638 secs] [Times: user=0.01 sys=0.00, real=0.00 secs] 
1323.331: [GC (Allocation Failure) [PSYoungGen: 67936K->1440K(68096K)] 386930K->320434K(736256K), 0.0021793 secs] [Times: user=0.01 sys=0.00, real=0.00 secs] 
1324.103: [GC (Allocation Failure) [PSYoungGen: 68000K->1408K(68096K)] 386994K->320402K(736256K), 0.0022408 secs] [Times: user=0.01 sys=0.00, real=0.00 secs] 
1324.969: [GC (Allocation Failure) [PSYoungGen: 67968K->1421K(68096K)] 386962K->320415K(736256K), 0.0022326 secs] [Times: user=0.01 sys=0.00, real=0.00 secs] 
1325.173: [GC (Allocation Failure) [PSYoungGen: 67981K->1456K(68608K)] 386975K->320450K(736768K), 0.0021044 secs] [Times: user=0.00 sys=0.00, real=0.00 secs] 
1325.320: [GC (Allocation Failure) [PSYoungGen: 68016K->1501K(68608K)] 387010K->320495K(736768K), 0.0018531 secs] [Times: user=0.00 sys=0.00, real=0.00 secs] 
1325.453: [GC (Allocation Failure) [PSYoungGen: 68061K->1485K(68608K)] 387055K->320511K(736768K), 0.0018696 secs] [Times: user=0.00 sys=0.00, real=0.00 secs] 
1325.728: [GC (Allocation Failure) [PSYoungGen: 68045K->1440K(68608K)] 387071K->320466K(736768K), 0.0021838 secs] [Times: user=0.01 sys=0.00, real=0.01 secs] 
1326.033: [GC (Allocation Failure) [PSYoungGen: 68000K->1376K(68608K)] 387026K->320402K(736768K), 0.0019680 secs] [Times: user=0.01 sys=0.00, real=0.00 secs] 
1326.363: [GC (Allocation Failure) [PSYoungGen: 67936K->1408K(68608K)] 386962K->320434K(736768K), 0.0020103 secs] [Times: user=0.00 sys=0.00, real=0.00 secs] 
1326.685: [GC (Allocation Failure) [PSYoungGen: 67968K->1440K(68608K)] 386994K->320466K(736768K), 0.0019042 secs] [Times: user=0.01 sys=0.00, real=0.00 secs] 
1326.971: [GC (Allocation Failure) [PSYoungGen: 68000K->1376K(68608K)] 387026K->320402K(736768K), 0.0019106 secs] [Times: user=0.00 sys=0.00, real=0.00 secs] 
1327.303: [GC (Allocation Failure) [PSYoungGen: 67936K->1440K(68096K)] 386962K->320466K(736256K), 0.0015254 secs] [Times: user=0.01 sys=0.00, real=0.00 secs] 
1327.419: [GC (Allocation Failure) [PSYoungGen: 68000K->1504K(67584K)] 387026K->320554K(735744K), 0.0014945 secs] [Times: user=0.00 sys=0.00, real=0.00 secs] 
1327.536: [GC (Allocation Failure) [PSYoungGen: 67552K->1469K(68096K)] 386602K->320535K(736256K), 0.0014632 secs] [Times: user=0.00 sys=0.00, real=0.00 secs] 
1327.750: [GC (Allocation Failure) [PSYoungGen: 67517K->1488K(68096K)] 386583K->320562K(736256K), 0.0019322 secs] [Times: user=0.01 sys=0.00, real=0.00 secs] 
1328.333: [GC (Allocation Failure) [PSYoungGen: 67536K->1344K(68096K)] 386610K->320418K(736256K), 0.0018267 secs] [Times: user=0.01 sys=0.00, real=0.00 secs] 
1328.966: [GC (Allocation Failure) [PSYoungGen: 67392K->1376K(68096K)] 386466K->320450K(736256K), 0.0022582 secs] [Times: user=0.01 sys=0.00, real=0.00 secs] 
1329.626: [GC (Allocation Failure) [PSYoungGen: 67424K->1408K(68096K)] 386498K->320482K(736256K), 0.0022975 secs] [Times: user=0.01 sys=0.00, real=0.00 secs] 
1330.270: [GC (Allocation Failure) [PSYoungGen: 67456K->1440K(68096K)] 386530K->320514K(736256K), 0.0019451 secs] [Times: user=0.01 sys=0.00, real=0.00 secs] 
1330.608: [GC (Allocation Failure) [PSYoungGen: 67488K->1440K(68096K)] 386562K->320514K(736256K), 0.0015228 secs] [Times: user=0.00 sys=0.00, real=0.01 secs] 
1330.724: [GC (Allocation Failure) [PSYoungGen: 67488K->1533K(68096K)] 386562K->320607K(736256K), 0.0015155 secs] [Times: user=0.01 sys=0.00, real=0.00 secs] 
1330.859: [GC (Allocation Failure) [PSYoungGen: 67581K->1456K(68096K)] 386655K->320538K(736256K), 0.0017959 secs] [Times: user=0.01 sys=0.00, real=0.00 secs] 
1331.010: [GC (Allocation Failure) [PSYoungGen: 67504K->1501K(68096K)] 386586K->320583K(736256K), 0.0017209 secs] [Times: user=0.00 sys=0.00, real=0.00 secs] 
1331.413: [GC (Allocation Failure) [PSYoungGen: 67549K->1392K(68096K)] 386631K->320482K(736256K), 0.0021891 secs] [Times: user=0.00 sys=0.00, real=0.00 secs] 
1331.918: [GC (Allocation Failure) [PSYoungGen: 67440K->1376K(68096K)] 386530K->320466K(736256K), 0.0020629 secs] [Times: user=0.01 sys=0.00, real=0.01 secs] 
1332.478: [GC (Allocation Failure) [PSYoungGen: 67424K->1408K(68096K)] 386514K->320498K(736256K), 0.0020206 secs] [Times: user=0.01 sys=0.00, real=0.01 secs] 
1332.974: [GC (Allocation Failure) [PSYoungGen: 67456K->1376K(68096K)] 386546K->320474K(736256K), 0.0019773 secs] [Times: user=0.01 sys=0.00, real=0.00 secs] 
1333.306: [GC (Allocation Failure) [PSYoungGen: 67424K->1501K(68096K)] 386522K->320599K(736256K), 0.0020937 secs] [Times: user=0.00 sys=0.00, real=0.00 secs] 
1333.487: [GC (Allocation Failure) [PSYoungGen: 67549K->1533K(68096K)] 386647K->320631K(736256K), 0.0021284 secs] [Times: user=0.01 sys=0.00, real=0.01 secs] 
1333.643: [GC (Allocation Failure) [PSYoungGen: 67581K->1533K(68096K)] 386679K->320647K(736256K), 0.0018793 secs] [Times: user=0.01 sys=0.00, real=0.00 secs] 
1333.791: [GC (Allocation Failure) [PSYoungGen: 67581K->1501K(68096K)] 386695K->320615K(736256K), 0.0017117 secs] [Times: user=0.01 sys=0.00, real=0.00 secs] 
1334.167: [GC (Allocation Failure) [PSYoungGen: 67549K->1392K(68096K)] 386663K->320530K(736256K), 0.0035749 secs] [Times: user=0.01 sys=0.00, real=0.01 secs] 
1334.680: [GC (Allocation Failure) [PSYoungGen: 67440K->1408K(68096K)] 386578K->320554K(736256K), 0.0026694 secs] [Times: user=0.01 sys=0.00, real=0.00 secs] 
1335.206: [GC (Allocation Failure) [PSYoungGen: 67456K->1440K(68096K)] 386602K->320586K(736256K), 0.0024014 secs] [Times: user=0.01 sys=0.00, real=0.00 secs] 
1335.773: [GC (Allocation Failure) [PSYoungGen: 67488K->1376K(68096K)] 386634K->320522K(736256K), 0.0026985 secs] [Times: user=0.01 sys=0.00, real=0.00 secs] 
1336.207: [GC (Allocation Failure) [PSYoungGen: 67424K->1488K(68096K)] 386570K->320634K(736256K), 0.0020105 secs] [Times: user=0.01 sys=0.00, real=0.01 secs] 
1336.366: [GC (Allocation Failure) [PSYoungGen: 67536K->1485K(68096K)] 386682K->320631K(736256K), 0.0019790 secs] [Times: user=0.01 sys=0.00, real=0.00 secs] 
1336.522: [GC (Allocation Failure) [PSYoungGen: 67533K->1440K(68096K)] 386679K->320586K(736256K), 0.0014678 secs] [Times: user=0.01 sys=0.00, real=0.00 secs] 
1336.637: [GC (Allocation Failure) [PSYoungGen: 67488K->1501K(68096K)] 386634K->320663K(736256K), 0.0015668 secs] [Times: user=0.00 sys=0.00, real=0.01 secs] 
1337.303: [GC (Allocation Failure) [PSYoungGen: 67549K->1472K(68096K)] 386711K->320634K(736256K), 0.0039604 secs] [Times: user=0.02 sys=0.00, real=0.00 secs] 
1338.049: [GC (Allocation Failure) [PSYoungGen: 67520K->1408K(68096K)] 386682K->320570K(736256K), 0.0031303 secs] [Times: user=0.02 sys=0.00, real=0.00 secs] 
1339.719: [GC (Allocation Failure) [PSYoungGen: 67456K->1376K(68096K)] 386618K->320538K(736256K), 0.0032394 secs] [Times: user=0.01 sys=0.00, real=0.00 secs] 
1340.753: [GC (Allocation Failure) [PSYoungGen: 67424K->1344K(68096K)] 386586K->320506K(736256K), 0.0032756 secs] [Times: user=0.01 sys=0.00, real=0.00 secs] 
1341.622: [GC (Allocation Failure) [PSYoungGen: 67392K->1421K(68096K)] 386554K->320583K(736256K), 0.0025063 secs] [Times: user=0.01 sys=0.01, real=0.00 secs] 
1341.782: [GC (Allocation Failure) [PSYoungGen: 67469K->1437K(68096K)] 386631K->320599K(736256K), 0.0015416 secs] [Times: user=0.01 sys=0.00, real=0.00 secs] 
1341.898: [GC (Allocation Failure) [PSYoungGen: 67485K->1501K(68096K)] 386647K->320663K(736256K), 0.0015329 secs] [Times: user=0.01 sys=0.00, real=0.01 secs] 
1342.014: [GC (Allocation Failure) [PSYoungGen: 67549K->1472K(68096K)] 386711K->320650K(736256K), 0.0015327 secs] [Times: user=0.01 sys=0.00, real=0.00 secs] 
1342.300: [GC (Allocation Failure) [PSYoungGen: 67520K->1440K(68096K)] 386698K->320618K(736256K), 0.0017933 secs] [Times: user=0.01 sys=0.00, real=0.00 secs] 
1342.991: [GC (Allocation Failure) [PSYoungGen: 67488K->1376K(68096K)] 386666K->320554K(736256K), 0.0021190 secs] [Times: user=0.01 sys=0.01, real=0.00 secs] 
1343.526: [GC (Allocation Failure) [PSYoungGen: 67424K->1440K(68096K)] 386602K->320618K(736256K), 0.0022492 secs] [Times: user=0.00 sys=0.01, real=0.00 secs] 
1344.126: [GC (Allocation Failure) [PSYoungGen: 67488K->1408K(68096K)] 386666K->320586K(736256K), 0.0021992 secs] [Times: user=0.01 sys=0.00, real=0.01 secs] 
1345.070: [GC (Allocation Failure) [PSYoungGen: 67456K->1421K(67584K)] 386634K->320599K(735744K), 0.0032020 secs] [Times: user=0.01 sys=0.00, real=0.00 secs] 
1345.302: [GC (Allocation Failure) [PSYoungGen: 67469K->1501K(67072K)] 386647K->320679K(735232K), 0.0018801 secs] [Times: user=0.01 sys=0.00, real=0.00 secs] 
1345.432: [GC (Allocation Failure) [PSYoungGen: 67037K->1488K(67584K)] 386215K->320666K(735744K), 0.0015757 secs] [Times: user=0.01 sys=0.00, real=0.00 secs] 
1345.549: [GC (Allocation Failure) [PSYoungGen: 67024K->1469K(67584K)] 386202K->320663K(735744K), 0.0017525 secs] [Times: user=0.01 sys=0.00, real=0.01 secs] 
1346.297: [GC (Allocation Failure) [PSYoungGen: 67005K->1440K(67584K)] 386199K->320642K(735744K), 0.0044890 secs] [Times: user=0.01 sys=0.00, real=0.01 secs] 
1347.578: [GC (Allocation Failure) [PSYoungGen: 66976K->1392K(67584K)] 386178K->320618K(735744K), 0.0030640 secs] [Times: user=0.01 sys=0.00, real=0.01 secs] 
1348.461: [GC (Allocation Failure) [PSYoungGen: 66928K->1344K(67584K)] 386154K->320570K(735744K), 0.0040775 secs] [Times: user=0.02 sys=0.00, real=0.00 secs] 
1349.054: [GC (Allocation Failure) [PSYoungGen: 66880K->1408K(67584K)] 386106K->320634K(735744K), 0.0030863 secs] [Times: user=0.01 sys=0.00, real=0.00 secs] 
1349.827: [GC (Allocation Failure) [PSYoungGen: 66944K->1408K(67072K)] 386170K->320634K(735232K), 0.0033990 secs] [Times: user=0.01 sys=0.00, real=0.01 secs] 
1350.124: [GC (Allocation Failure) [PSYoungGen: 66944K->1520K(66560K)] 386170K->320746K(734720K), 0.0018517 secs] [Times: user=0.01 sys=0.00, real=0.00 secs] 
1350.250: [GC (Allocation Failure) [PSYoungGen: 66544K->1504K(67072K)] 385770K->320730K(735232K), 0.0014103 secs] [Times: user=0.00 sys=0.00, real=0.00 secs] 
1350.364: [GC (Allocation Failure) [PSYoungGen: 66528K->1501K(67072K)] 385754K->320743K(735232K), 0.0014540 secs] [Times: user=0.00 sys=0.00, real=0.00 secs] 
1350.477: [GC (Allocation Failure) [PSYoungGen: 66525K->1456K(67072K)] 385767K->320698K(735232K), 0.0014565 secs] [Times: user=0.00 sys=0.00, real=0.00 secs] 
1351.244: [GC (Allocation Failure) [PSYoungGen: 66480K->1472K(67072K)] 385722K->320714K(735232K), 0.0019623 secs] [Times: user=0.01 sys=0.00, real=0.00 secs] 
1351.540: [GC (Allocation Failure) [PSYoungGen: 66496K->1408K(67072K)] 385738K->320650K(735232K), 0.0019190 secs] [Times: user=0.01 sys=0.00, real=0.00 secs] 
1351.843: [GC (Allocation Failure) [PSYoungGen: 66432K->1408K(67072K)] 385674K->320650K(735232K), 0.0019488 secs] [Times: user=0.01 sys=0.00, real=0.00 secs] 
1352.123: [GC (Allocation Failure) [PSYoungGen: 66432K->1440K(67072K)] 385674K->320682K(735232K), 0.0018023 secs] [Times: user=0.01 sys=0.00, real=0.00 secs] 
1352.406: [GC (Allocation Failure) [PSYoungGen: 66447K->1488K(67072K)] 385689K->320730K(735232K), 0.0021029 secs] [Times: user=0.01 sys=0.00, real=0.00 secs] 
1352.578: [GC (Allocation Failure) [PSYoungGen: 66512K->1501K(67072K)] 385754K->320743K(735232K), 0.0015084 secs] [Times: user=0.00 sys=0.00, real=0.01 secs] 
1352.691: [GC (Allocation Failure) [PSYoungGen: 66525K->1456K(67072K)] 385767K->320714K(735232K), 0.0015085 secs] [Times: user=0.01 sys=0.00, real=0.00 secs] 
1352.821: [GC (Allocation Failure) [PSYoungGen: 66480K->1501K(67072K)] 385738K->320759K(735232K), 0.0018741 secs] [Times: user=0.01 sys=0.00, real=0.00 secs] 
1353.324: [GC (Allocation Failure) [PSYoungGen: 66525K->1440K(66560K)] 385783K->320698K(734720K), 0.0032277 secs] [Times: user=0.01 sys=0.00, real=0.00 secs] 
1353.957: [GC (Allocation Failure) [PSYoungGen: 66464K->1408K(66560K)] 385722K->320690K(734720K), 0.0026492 secs] [Times: user=0.01 sys=0.00, real=0.01 secs] 
1354.718: [GC (Allocation Failure) [PSYoungGen: 66432K->1408K(66560K)] 385714K->320690K(734720K), 0.0031583 secs] [Times: user=0.01 sys=0.00, real=0.01 secs] 
1355.429: [GC (Allocation Failure) [PSYoungGen: 66432K->1376K(66560K)] 385714K->320658K(734720K), 0.0044659 secs] [Times: user=0.01 sys=0.00, real=0.00 secs] 
1355.953: [GC (Allocation Failure) [PSYoungGen: 66400K->1389K(66560K)] 385682K->320671K(734720K), 0.0021367 secs] [Times: user=0.01 sys=0.00, real=0.00 secs] 
1356.106: [GC (Allocation Failure) [PSYoungGen: 66413K->1501K(66560K)] 385695K->320783K(734720K), 0.0016035 secs] [Times: user=0.01 sys=0.00, real=0.00 secs] 
1356.221: [GC (Allocation Failure) [PSYoungGen: 66525K->1501K(66560K)] 385807K->320783K(734720K), 0.0015377 secs] [Times: user=0.00 sys=0.00, real=0.00 secs] 
1356.341: [GC (Allocation Failure) [PSYoungGen: 66525K->1533K(66560K)] 385807K->320823K(734720K), 0.0016965 secs] [Times: user=0.01 sys=0.00, real=0.00 secs] 
1357.090: [GC (Allocation Failure) [PSYoungGen: 66557K->1472K(66560K)] 385847K->320762K(734720K), 0.0030473 secs] [Times: user=0.01 sys=0.00, real=0.00 secs] 
1357.964: [GC (Allocation Failure) [PSYoungGen: 66496K->1376K(66560K)] 385786K->320666K(734720K), 0.0033014 secs] [Times: user=0.01 sys=0.00, real=0.00 secs] 
1359.206: [GC (Allocation Failure) [PSYoungGen: 66400K->1344K(66560K)] 385690K->320634K(734720K), 0.0033949 secs] [Times: user=0.01 sys=0.00, real=0.01 secs] 
1360.092: [GC (Allocation Failure) [PSYoungGen: 66368K->1376K(66560K)] 385658K->320666K(734720K), 0.0035836 secs] [Times: user=0.01 sys=0.00, real=0.00 secs] 
1361.316: [GC (Allocation Failure) [PSYoungGen: 66400K->1376K(66560K)] 385690K->320666K(734720K), 0.0027614 secs] [Times: user=0.01 sys=0.00, real=0.01 secs] 
1361.535: [GC (Allocation Failure) [PSYoungGen: 66377K->1501K(67072K)] 385667K->320791K(735232K), 0.0015800 secs] [Times: user=0.01 sys=0.00, real=0.00 secs] 
1361.648: [GC (Allocation Failure) [PSYoungGen: 66525K->1472K(67072K)] 385815K->320762K(735232K), 0.0016333 secs] [Times: user=0.01 sys=0.00, real=0.01 secs] 
1361.779: [GC (Allocation Failure) [PSYoungGen: 66496K->1453K(67072K)] 385786K->320759K(735232K), 0.0018172 secs] [Times: user=0.01 sys=0.00, real=0.01 secs] 
1361.923: [GC (Allocation Failure) [PSYoungGen: 66477K->1453K(67072K)] 385783K->320759K(735232K), 0.0020707 secs] [Times: user=0.01 sys=0.00, real=0.00 secs] 
1362.554: [GC (Allocation Failure) [PSYoungGen: 66477K->1392K(67072K)] 385783K->320698K(735232K), 0.0021114 secs] [Times: user=0.01 sys=0.00, real=0.00 secs] 
1363.152: [GC (Allocation Failure) [PSYoungGen: 66416K->1408K(67072K)] 385722K->320714K(735232K), 0.0022126 secs] [Times: user=0.01 sys=0.00, real=0.00 secs] 
1363.786: [GC (Allocation Failure) [PSYoungGen: 66432K->1408K(67072K)] 385738K->320714K(735232K), 0.0022202 secs] [Times: user=0.01 sys=0.00, real=0.00 secs] 
1364.409: [GC (Allocation Failure) [PSYoungGen: 66432K->1376K(67072K)] 385738K->320682K(735232K), 0.0024503 secs] [Times: user=0.01 sys=0.00, real=0.01 secs] 
1364.951: [GC (Allocation Failure) [PSYoungGen: 66400K->1472K(67072K)] 385706K->320778K(735232K), 0.0021733 secs] [Times: user=0.01 sys=0.00, real=0.00 secs] 
1365.076: [GC (Allocation Failure) [PSYoungGen: 66496K->1501K(67072K)] 385802K->320807K(735232K), 0.0017069 secs] [Times: user=0.01 sys=0.00, real=0.00 secs] 
1365.192: [GC (Allocation Failure) [PSYoungGen: 66525K->1488K(67072K)] 385831K->320810K(735232K), 0.0014591 secs] [Times: user=0.01 sys=0.00, real=0.00 secs] 
1365.307: [GC (Allocation Failure) [PSYoungGen: 66512K->1533K(67072K)] 385834K->320855K(735232K), 0.0015590 secs] [Times: user=0.00 sys=0.00, real=0.01 secs] 
1366.188: [GC (Allocation Failure) [PSYoungGen: 66557K->1440K(67072K)] 385879K->320786K(735232K), 0.0025218 secs] [Times: user=0.01 sys=0.00, real=0.01 secs] 
1366.936: [GC (Allocation Failure) [PSYoungGen: 66464K->1408K(67072K)] 385810K->320754K(735232K), 0.0026781 secs] [Times: user=0.01 sys=0.00, real=0.01 secs] 
1367.677: [GC (Allocation Failure) [PSYoungGen: 66432K->1408K(67072K)] 385778K->320754K(735232K), 0.0026438 secs] [Times: user=0.02 sys=0.00, real=0.01 secs] 
1368.664: [GC (Allocation Failure) [PSYoungGen: 66432K->1376K(67072K)] 385778K->320722K(735232K), 0.0039205 secs] [Times: user=0.01 sys=0.00, real=0.00 secs] 
1369.538: [GC (Allocation Failure) [PSYoungGen: 66400K->1437K(67072K)] 385746K->320783K(735232K), 0.0022164 secs] [Times: user=0.01 sys=0.00, real=0.01 secs] 
1369.698: [GC (Allocation Failure) [PSYoungGen: 66461K->1469K(67072K)] 385807K->320815K(735232K), 0.0014923 secs] [Times: user=0.00 sys=0.00, real=0.01 secs] 
1369.811: [GC (Allocation Failure) [PSYoungGen: 66493K->1501K(67072K)] 385839K->320847K(735232K), 0.0015153 secs] [Times: user=0.00 sys=0.00, real=0.00 secs] 
1369.925: [GC (Allocation Failure) [PSYoungGen: 66525K->1504K(67072K)] 385871K->320866K(735232K), 0.0014898 secs] [Times: user=0.01 sys=0.00, real=0.00 secs] 
1370.186: [GC (Allocation Failure) [PSYoungGen: 66528K->1440K(67072K)] 385890K->320802K(735232K), 0.0017225 secs] [Times: user=0.01 sys=0.00, real=0.00 secs] 
1370.456: [GC (Allocation Failure) [PSYoungGen: 66464K->1408K(67072K)] 385826K->320770K(735232K), 0.0017092 secs] [Times: user=0.01 sys=0.00, real=0.00 secs] 
1370.726: [GC (Allocation Failure) [PSYoungGen: 66432K->1376K(67072K)] 385794K->320738K(735232K), 0.0017150 secs] [Times: user=0.01 sys=0.00, real=0.00 secs] 
1370.996: [GC (Allocation Failure) [PSYoungGen: 66400K->1408K(67072K)] 385762K->320770K(735232K), 0.0017620 secs] [Times: user=0.01 sys=0.00, real=0.00 secs] 
1371.274: [GC (Allocation Failure) [PSYoungGen: 66432K->1472K(67072K)] 385794K->320834K(735232K), 0.0017170 secs] [Times: user=0.01 sys=0.00, real=0.00 secs] 
1371.392: [GC (Allocation Failure) [PSYoungGen: 66496K->1469K(67072K)] 385858K->320831K(735232K), 0.0014922 secs] [Times: user=0.00 sys=0.00, real=0.00 secs] 
1371.506: [GC (Allocation Failure) [PSYoungGen: 66493K->1520K(67072K)] 385855K->320882K(735232K), 0.0015177 secs] [Times: user=0.01 sys=0.00, real=0.00 secs] 
1371.619: [GC (Allocation Failure) [PSYoungGen: 66544K->1469K(67072K)] 385906K->320847K(735232K), 0.0015099 secs] [Times: user=0.01 sys=0.00, real=0.00 secs] 
1371.732: [GC (Allocation Failure) [PSYoungGen: 66493K->1456K(67072K)] 385871K->320834K(735232K), 0.0020027 secs] [Times: user=0.01 sys=0.00, real=0.00 secs] 
1372.028: [GC (Allocation Failure) [PSYoungGen: 66480K->1344K(73728K)] 385858K->320746K(741888K), 0.0018275 secs] [Times: user=0.01 sys=0.00, real=0.01 secs] 
1372.328: [GC (Allocation Failure) [PSYoungGen: 73536K->1344K(73216K)] 392938K->320746K(741376K), 0.0018685 secs] [Times: user=0.00 sys=0.00, real=0.01 secs] 
1372.632: [GC (Allocation Failure) [PSYoungGen: 73024K->1376K(72704K)] 392426K->320778K(740864K), 0.0027421 secs] [Times: user=0.01 sys=0.00, real=0.00 secs] 
1372.953: [GC (Allocation Failure) [PSYoungGen: 72544K->1424K(72192K)] 391946K->320826K(740352K), 0.0024650 secs] [Times: user=0.01 sys=0.00, real=0.00 secs] 
1373.117: [GC (Allocation Failure) [PSYoungGen: 72058K->1568K(72192K)] 391460K->320970K(740352K), 0.0015174 secs] [Times: user=0.00 sys=0.00, real=0.00 secs] 
1373.239: [GC (Allocation Failure) [PSYoungGen: 71712K->1488K(71168K)] 391114K->320890K(739328K), 0.0016442 secs] [Times: user=0.01 sys=0.00, real=0.00 secs] 
1373.361: [GC (Allocation Failure) [PSYoungGen: 71120K->1533K(71680K)] 390522K->320943K(739840K), 0.0015129 secs] [Times: user=0.00 sys=0.00, real=0.00 secs] 
1373.964: [GC (Allocation Failure) [PSYoungGen: 71677K->1472K(71168K)] 391087K->320882K(739328K), 0.0029677 secs] [Times: user=0.02 sys=0.00, real=0.00 secs] 
1375.127: [GC (Allocation Failure) [PSYoungGen: 71104K->1408K(70656K)] 390514K->320818K(738816K), 0.0029051 secs] [Times: user=0.01 sys=0.00, real=0.01 secs] 
1375.897: [GC (Allocation Failure) [PSYoungGen: 70528K->1376K(70144K)] 389938K->320786K(738304K), 0.0021110 secs] [Times: user=0.00 sys=0.01, real=0.01 secs] 
1376.984: [GC (Allocation Failure) [PSYoungGen: 69984K->1408K(69632K)] 389394K->320818K(737792K), 0.0038632 secs] [Times: user=0.01 sys=0.00, real=0.00 secs] 
1377.755: [GC (Allocation Failure) [PSYoungGen: 69504K->1453K(69120K)] 388914K->320863K(737280K), 0.0026181 secs] [Times: user=0.01 sys=0.00, real=0.00 secs] 
1377.981: [GC (Allocation Failure) [PSYoungGen: 69037K->1472K(68608K)] 388447K->320882K(736768K), 0.0020004 secs] [Times: user=0.01 sys=0.00, real=0.00 secs] 
1378.158: [GC (Allocation Failure) [PSYoungGen: 68544K->1520K(68096K)] 387954K->320930K(736256K), 0.0020216 secs] [Times: user=0.00 sys=0.00, real=0.01 secs] 
1378.311: [GC (Allocation Failure) [PSYoungGen: 68080K->1469K(68608K)] 387490K->320895K(736768K), 0.0015391 secs] [Times: user=0.00 sys=0.00, real=0.00 secs] 
1378.549: [GC (Allocation Failure) [PSYoungGen: 68029K->1408K(68608K)] 387455K->320834K(736768K), 0.0021355 secs] [Times: user=0.01 sys=0.00, real=0.00 secs] 
1378.826: [GC (Allocation Failure) [PSYoungGen: 67968K->1376K(68608K)] 387394K->320802K(736768K), 0.0018486 secs] [Times: user=0.00 sys=0.00, real=0.00 secs] 
1379.310: [GC (Allocation Failure) [PSYoungGen: 67936K->1408K(68608K)] 387362K->320834K(736768K), 0.0018836 secs] [Times: user=0.01 sys=0.00, real=0.00 secs] 
1379.926: [GC (Allocation Failure) [PSYoungGen: 67968K->1408K(68608K)] 387394K->320834K(736768K), 0.0032620 secs] [Times: user=0.02 sys=0.00, real=0.01 secs] 
1380.418: [GC (Allocation Failure) [PSYoungGen: 67968K->1453K(68608K)] 387394K->320879K(736768K), 0.0025109 secs] [Times: user=0.01 sys=0.00, real=0.01 secs] 
1380.621: [GC (Allocation Failure) [PSYoungGen: 68013K->1485K(68608K)] 387439K->320911K(736768K), 0.0021786 secs] [Times: user=0.01 sys=0.00, real=0.00 secs] 
1380.758: [GC (Allocation Failure) [PSYoungGen: 68045K->1536K(68608K)] 387471K->320962K(736768K), 0.0014864 secs] [Times: user=0.00 sys=0.00, real=0.01 secs] 
1380.874: [GC (Allocation Failure) [PSYoungGen: 68096K->1472K(68608K)] 387522K->320914K(736768K), 0.0014768 secs] [Times: user=0.01 sys=0.00, real=0.00 secs] 
1381.272: [GC (Allocation Failure) [PSYoungGen: 68032K->1440K(68608K)] 387474K->320882K(736768K), 0.0025367 secs] [Times: user=0.01 sys=0.00, real=0.00 secs] 
1381.871: [GC (Allocation Failure) [PSYoungGen: 68000K->1408K(68608K)] 387442K->320850K(736768K), 0.0032123 secs] [Times: user=0.01 sys=0.00, real=0.00 secs] 
1382.484: [GC (Allocation Failure) [PSYoungGen: 67968K->1408K(68608K)] 387410K->320850K(736768K), 0.0027386 secs] [Times: user=0.01 sys=0.00, real=0.00 secs] 
1383.071: [GC (Allocation Failure) [PSYoungGen: 67968K->1440K(68608K)] 387410K->320882K(736768K), 0.0026752 secs] [Times: user=0.01 sys=0.00, real=0.00 secs] 
1383.589: [GC (Allocation Failure) [PSYoungGen: 68000K->1472K(68608K)] 387442K->320914K(736768K), 0.0018937 secs] [Times: user=0.01 sys=0.00, real=0.00 secs] 
1383.718: [GC (Allocation Failure) [PSYoungGen: 68032K->1469K(68608K)] 387474K->320911K(736768K), 0.0015186 secs] [Times: user=0.00 sys=0.00, real=0.01 secs] 
1383.835: [GC (Allocation Failure) [PSYoungGen: 68029K->1504K(68608K)] 387471K->320946K(736768K), 0.0014535 secs] [Times: user=0.01 sys=0.00, real=0.00 secs] 
1383.955: [GC (Allocation Failure) [PSYoungGen: 68064K->1472K(68608K)] 387506K->320938K(736768K), 0.0017519 secs] [Times: user=0.01 sys=0.00, real=0.00 secs] 
1384.326: [GC (Allocation Failure) [PSYoungGen: 68032K->1440K(68608K)] 387498K->320922K(736768K), 0.0025507 secs] [Times: user=0.01 sys=0.00, real=0.01 secs] 
1385.373: [GC (Allocation Failure) [PSYoungGen: 68000K->1408K(68608K)] 387482K->320890K(736768K), 0.0027401 secs] [Times: user=0.01 sys=0.00, real=0.00 secs] 
1386.202: [GC (Allocation Failure) [PSYoungGen: 67968K->1408K(68608K)] 387450K->320890K(736768K), 0.0038419 secs] [Times: user=0.01 sys=0.00, real=0.00 secs] 
1386.822: [GC (Allocation Failure) [PSYoungGen: 67968K->1408K(68608K)] 387450K->320890K(736768K), 0.0020588 secs] [Times: user=0.01 sys=0.00, real=0.00 secs] 
1387.496: [GC (Allocation Failure) [PSYoungGen: 67968K->1408K(68096K)] 387450K->320890K(736256K), 0.0023556 secs] [Times: user=0.01 sys=0.00, real=0.00 secs] 
1387.826: [GC (Allocation Failure) [PSYoungGen: 67968K->1533K(67584K)] 387450K->321015K(735744K), 0.0022672 secs] [Times: user=0.01 sys=0.00, real=0.01 secs] 
1387.962: [GC (Allocation Failure) [PSYoungGen: 67581K->1469K(68096K)] 387063K->320951K(736256K), 0.0016019 secs] [Times: user=0.01 sys=0.00, real=0.00 secs] 
1388.079: [GC (Allocation Failure) [PSYoungGen: 67497K->1424K(68096K)] 386979K->320930K(736256K), 0.0015985 secs] [Times: user=0.00 sys=0.00, real=0.01 secs] 
1388.196: [GC (Allocation Failure) [PSYoungGen: 67472K->1472K(68096K)] 386978K->320978K(736256K), 0.0014842 secs] [Times: user=0.01 sys=0.00, real=0.00 secs] 
1389.116: [GC (Allocation Failure) [PSYoungGen: 67520K->1440K(68096K)] 387026K->320946K(736256K), 0.0030382 secs] [Times: user=0.01 sys=0.00, real=0.00 secs] 
1389.451: [GC (Allocation Failure) [PSYoungGen: 67488K->1440K(67584K)] 386994K->320946K(735744K), 0.0021590 secs] [Times: user=0.01 sys=0.00, real=0.00 secs] 
1389.726: [GC (Allocation Failure) [PSYoungGen: 67488K->1408K(67584K)] 386994K->320914K(735744K), 0.0018812 secs] [Times: user=0.00 sys=0.00, real=0.00 secs] 
1390.074: [GC (Allocation Failure) [PSYoungGen: 67456K->1440K(67584K)] 386962K->320946K(735744K), 0.0020866 secs] [Times: user=0.01 sys=0.00, real=0.00 secs] 
1390.349: [GC (Allocation Failure) [PSYoungGen: 67488K->1501K(67072K)] 386994K->321007K(735232K), 0.0014550 secs] [Times: user=0.01 sys=0.00, real=0.00 secs] 
1390.465: [GC (Allocation Failure) [PSYoungGen: 67037K->1504K(67584K)] 386543K->321010K(735744K), 0.0014398 secs] [Times: user=0.01 sys=0.00, real=0.00 secs] 
1390.581: [GC (Allocation Failure) [PSYoungGen: 67040K->1533K(67584K)] 386546K->321055K(735744K), 0.0014665 secs] [Times: user=0.01 sys=0.00, real=0.00 secs] 
1390.697: [GC (Allocation Failure) [PSYoungGen: 67069K->1501K(67584K)] 386591K->321023K(735744K), 0.0015647 secs] [Times: user=0.00 sys=0.00, real=0.00 secs] 
1391.413: [GC (Allocation Failure) [PSYoungGen: 67037K->1408K(67072K)] 386559K->320930K(735232K), 0.0023526 secs] [Times: user=0.01 sys=0.00, real=0.00 secs] 
1391.938: [GC (Allocation Failure) [PSYoungGen: 66944K->1440K(67072K)] 386466K->320962K(735232K), 0.0026652 secs] [Times: user=0.02 sys=0.00, real=0.01 secs] 
1392.564: [GC (Allocation Failure) [PSYoungGen: 66976K->1344K(67072K)] 386498K->320866K(735232K), 0.0021714 secs] [Times: user=0.01 sys=0.00, real=0.00 secs] 
1393.186: [GC (Allocation Failure) [PSYoungGen: 66880K->1408K(67072K)] 386402K->320930K(735232K), 0.0030300 secs] [Times: user=0.01 sys=0.01, real=0.01 secs] 
1393.679: [GC (Allocation Failure) [PSYoungGen: 66944K->1488K(67072K)] 386466K->321010K(735232K), 0.0020060 secs] [Times: user=0.01 sys=0.00, real=0.00 secs] 
1393.824: [GC (Allocation Failure) [PSYoungGen: 67024K->1501K(67072K)] 386546K->321023K(735232K), 0.0016553 secs] [Times: user=0.01 sys=0.00, real=0.00 secs] 
1393.940: [GC (Allocation Failure) [PSYoungGen: 67037K->1504K(67072K)] 386559K->321034K(735232K), 0.0015572 secs] [Times: user=0.01 sys=0.00, real=0.00 secs] 
1394.056: [GC (Allocation Failure) [PSYoungGen: 67040K->1501K(70656K)] 386570K->321055K(738816K), 0.0017438 secs] [Times: user=0.01 sys=0.00, real=0.00 secs] 
1394.584: [GC (Allocation Failure) [PSYoungGen: 70109K->1440K(69632K)] 389663K->320994K(737792K), 0.0021105 secs] [Times: user=0.01 sys=0.00, real=0.00 secs] 
1395.143: [GC (Allocation Failure) [PSYoungGen: 69536K->1408K(69120K)] 389090K->320962K(737280K), 0.0019310 secs] [Times: user=0.01 sys=0.00, real=0.00 secs] 
1395.518: [GC (Allocation Failure) [PSYoungGen: 68992K->1440K(68608K)] 388546K->320994K(736768K), 0.0019754 secs] [Times: user=0.00 sys=0.01, real=0.01 secs] 
1395.912: [GC (Allocation Failure) [PSYoungGen: 68512K->1440K(68096K)] 388066K->320994K(736256K), 0.0021009 secs] [Times: user=0.01 sys=0.00, real=0.00 secs] 
1396.273: [GC (Allocation Failure) [PSYoungGen: 68000K->1501K(68096K)] 387554K->321055K(736256K), 0.0016270 secs] [Times: user=0.00 sys=0.00, real=0.00 secs] 
1396.390: [GC (Allocation Failure) [PSYoungGen: 68061K->1456K(68096K)] 387615K->321010K(736256K), 0.0015156 secs] [Times: user=0.00 sys=0.00, real=0.00 secs] 
1396.507: [GC (Allocation Failure) [PSYoungGen: 68016K->1456K(68096K)] 387570K->321010K(736256K), 0.0015204 secs] [Times: user=0.01 sys=0.01, real=0.00 secs] 
1396.624: [GC (Allocation Failure) [PSYoungGen: 68016K->1501K(70656K)] 387570K->321063K(738816K), 0.0025698 secs] [Times: user=0.01 sys=0.00, real=0.00 secs] 
1396.973: [GC (Allocation Failure) [PSYoungGen: 70109K->1440K(75776K)] 389671K->321002K(743936K), 0.0021122 secs] [Times: user=0.01 sys=0.00, real=0.00 secs] 
1397.280: [GC (Allocation Failure) [PSYoungGen: 75168K->1344K(75776K)] 394730K->320906K(743936K), 0.0025399 secs] [Times: user=0.01 sys=0.00, real=0.00 secs] 
1397.587: [GC (Allocation Failure) [PSYoungGen: 75072K->1392K(74752K)] 394634K->320954K(742912K), 0.0018068 secs] [Times: user=0.01 sys=0.00, real=0.01 secs] 
1397.994: [GC (Allocation Failure) [PSYoungGen: 74608K->1392K(74240K)] 394170K->320954K(742400K), 0.0020216 secs] [Times: user=0.00 sys=0.00, real=0.00 secs] 
1398.379: [GC (Allocation Failure) [PSYoungGen: 74096K->1424K(73728K)] 393658K->320986K(741888K), 0.0014309 secs] [Times: user=0.01 sys=0.00, real=0.00 secs] 
1398.507: [GC (Allocation Failure) [PSYoungGen: 73616K->1472K(73216K)] 393178K->321034K(741376K), 0.0018778 secs] [Times: user=0.01 sys=0.00, real=0.01 secs] 
1398.635: [GC (Allocation Failure) [PSYoungGen: 73152K->1501K(72704K)] 392714K->321063K(740864K), 0.0015908 secs] [Times: user=0.00 sys=0.00, real=0.00 secs] 
1399.160: [GC (Allocation Failure) [PSYoungGen: 72669K->1456K(72192K)] 392231K->321018K(740352K), 0.0027555 secs] [Times: user=0.01 sys=0.00, real=0.00 secs] 
1399.645: [GC (Allocation Failure) [PSYoungGen: 72112K->1408K(71680K)] 391674K->320970K(739840K), 0.0021421 secs] [Times: user=0.01 sys=0.00, real=0.00 secs] 
1400.476: [GC (Allocation Failure) [PSYoungGen: 71552K->1376K(71168K)] 391114K->320938K(739328K), 0.0045460 secs] [Times: user=0.02 sys=0.00, real=0.01 secs] 
1401.576: [GC (Allocation Failure) [PSYoungGen: 71008K->1376K(70656K)] 390570K->320938K(738816K), 0.0041210 secs] [Times: user=0.01 sys=0.00, real=0.01 secs] 
1402.591: [GC (Allocation Failure) [PSYoungGen: 70496K->1453K(70144K)] 390058K->321015K(738304K), 0.0032861 secs] [Times: user=0.01 sys=0.00, real=0.00 secs] 
1402.803: [GC (Allocation Failure) [PSYoungGen: 70061K->1469K(69632K)] 389623K->321031K(737792K), 0.0016685 secs] [Times: user=0.01 sys=0.00, real=0.00 secs] 
1402.925: [GC (Allocation Failure) [PSYoungGen: 69565K->1504K(69120K)] 389127K->321066K(737280K), 0.0015082 secs] [Times: user=0.01 sys=0.00, real=0.00 secs] 
1403.044: [GC (Allocation Failure) [PSYoungGen: 69088K->1488K(68608K)] 388650K->321050K(736768K), 0.0014866 secs] [Times: user=0.01 sys=0.00, real=0.00 secs] 
1404.300: [GC (Allocation Failure) [PSYoungGen: 68560K->1472K(68096K)] 388122K->321034K(736256K), 0.0036692 secs] [Times: user=0.01 sys=0.00, real=0.00 secs] 
1404.702: [GC (Allocation Failure) [PSYoungGen: 68032K->1408K(68096K)] 387594K->320970K(736256K), 0.0020118 secs] [Times: user=0.00 sys=0.00, real=0.00 secs] 
1405.266: [GC (Allocation Failure) [PSYoungGen: 67968K->1408K(68096K)] 387530K->320970K(736256K), 0.0020235 secs] [Times: user=0.00 sys=0.00, real=0.00 secs] 
1405.742: [GC (Allocation Failure) [PSYoungGen: 67968K->1408K(68096K)] 387530K->320970K(736256K), 0.0027536 secs] [Times: user=0.01 sys=0.00, real=0.00 secs] 
1406.636: [GC (Allocation Failure) [PSYoungGen: 67968K->1453K(68096K)] 387530K->321015K(736256K), 0.0032270 secs] [Times: user=0.01 sys=0.00, real=0.01 secs] 
1406.873: [GC (Allocation Failure) [PSYoungGen: 68013K->1501K(68096K)] 387575K->321063K(736256K), 0.0018833 secs] [Times: user=0.01 sys=0.00, real=0.00 secs] 
1407.048: [GC (Allocation Failure) [PSYoungGen: 68061K->1517K(68096K)] 387623K->321103K(736256K), 0.0020693 secs] [Times: user=0.00 sys=0.00, real=0.01 secs] 
1407.206: [GC (Allocation Failure) [PSYoungGen: 68077K->1533K(68096K)] 387663K->321135K(736256K), 0.0015181 secs] [Times: user=0.00 sys=0.00, real=0.00 secs] 
1407.727: [GC (Allocation Failure) [PSYoungGen: 68093K->1472K(68096K)] 387695K->321074K(736256K), 0.0022857 secs] [Times: user=0.01 sys=0.00, real=0.01 secs] 
1408.177: [GC (Allocation Failure) [PSYoungGen: 68032K->1376K(68096K)] 387634K->320978K(736256K), 0.0019490 secs] [Times: user=0.00 sys=0.00, real=0.00 secs] 
1408.453: [GC (Allocation Failure) [PSYoungGen: 67936K->1408K(68096K)] 387538K->321010K(736256K), 0.0018286 secs] [Times: user=0.01 sys=0.00, real=0.00 secs] 
1408.729: [GC (Allocation Failure) [PSYoungGen: 67968K->1408K(68096K)] 387570K->321010K(736256K), 0.0018485 secs] [Times: user=0.00 sys=0.00, real=0.00 secs] 
1409.283: [GC (Allocation Failure) [PSYoungGen: 67792K->256K(67072K)] 387394K->319858K(735232K), 0.0023458 secs] [Times: user=0.01 sys=0.00, real=0.00 secs] 
1409.433: [GC (Allocation Failure) [PSYoungGen: 66816K->1501K(68096K)] 386418K->321103K(736256K), 0.0015408 secs] [Times: user=0.00 sys=0.00, real=0.00 secs] 
1409.550: [GC (Allocation Failure) [PSYoungGen: 68061K->1469K(68096K)] 387663K->321071K(736256K), 0.0016090 secs] [Times: user=0.01 sys=0.00, real=0.00 secs] 
1409.684: [GC (Allocation Failure) [PSYoungGen: 68029K->1488K(68608K)] 387631K->321106K(736768K), 0.0022865 secs] [Times: user=0.01 sys=0.00, real=0.00 secs] 
1410.170: [GC (Allocation Failure) [PSYoungGen: 68048K->1984K(68608K)] 387666K->322114K(736768K), 0.0025257 secs] [Times: user=0.01 sys=0.00, real=0.00 secs] 
1411.330: [GC (Allocation Failure) [PSYoungGen: 68544K->1344K(68608K)] 388674K->321474K(736768K), 0.0034635 secs] [Times: user=0.02 sys=0.00, real=0.00 secs] 
1412.247: [GC (Allocation Failure) [PSYoungGen: 67904K->1376K(68608K)] 388034K->321506K(736768K), 0.0029000 secs] [Times: user=0.01 sys=0.00, real=0.01 secs] 
1413.154: [GC (Allocation Failure) [PSYoungGen: 67936K->1408K(68608K)] 388066K->321538K(736768K), 0.0022925 secs] [Times: user=0.01 sys=0.01, real=0.00 secs] 
1414.043: [GC (Allocation Failure) [PSYoungGen: 67968K->1376K(68608K)] 388098K->321506K(736768K), 0.0027370 secs] [Times: user=0.01 sys=0.00, real=0.00 secs] 
1414.365: [GC (Allocation Failure) [PSYoungGen: 67936K->1469K(68608K)] 388066K->321599K(736768K), 0.0019017 secs] [Times: user=0.01 sys=0.00, real=0.00 secs] 
1414.484: [GC (Allocation Failure) [PSYoungGen: 68029K->1501K(68608K)] 388159K->321631K(736768K), 0.0014959 secs] [Times: user=0.01 sys=0.00, real=0.00 secs] 
1414.601: [GC (Allocation Failure) [PSYoungGen: 68061K->1469K(68608K)] 388191K->321615K(736768K), 0.0016781 secs] [Times: user=0.00 sys=0.00, real=0.00 secs] 
1414.718: [GC (Allocation Failure) [PSYoungGen: 68029K->1469K(68608K)] 388175K->321615K(736768K), 0.0014156 secs] [Times: user=0.00 sys=0.00, real=0.01 secs] 
1415.487: [GC (Allocation Failure) [PSYoungGen: 68029K->1408K(68608K)] 388175K->321554K(736768K), 0.0021854 secs] [Times: user=0.01 sys=0.00, real=0.01 secs] 
1415.951: [GC (Allocation Failure) [PSYoungGen: 67968K->1376K(68608K)] 388114K->321538K(736768K), 0.0019548 secs] [Times: user=0.01 sys=0.00, real=0.00 secs] 
1416.227: [GC (Allocation Failure) [PSYoungGen: 67936K->1408K(68608K)] 388098K->321570K(736768K), 0.0019455 secs] [Times: user=0.01 sys=0.00, real=0.01 secs] 
1416.503: [GC (Allocation Failure) [PSYoungGen: 67968K->1376K(68608K)] 388130K->321538K(736768K), 0.0017381 secs] [Times: user=0.01 sys=0.00, real=0.00 secs] 
1416.740: [GC (Allocation Failure) [PSYoungGen: 67922K->1501K(68608K)] 388085K->321663K(736768K), 0.0014642 secs] [Times: user=0.01 sys=0.00, real=0.00 secs] 
1416.857: [GC (Allocation Failure) [PSYoungGen: 68061K->1456K(68608K)] 388223K->321618K(736768K), 0.0014742 secs] [Times: user=0.01 sys=0.00, real=0.00 secs] 
1416.973: [GC (Allocation Failure) [PSYoungGen: 68016K->1456K(68608K)] 388178K->321634K(736768K), 0.0014429 secs] [Times: user=0.00 sys=0.00, real=0.00 secs] 
1417.089: [GC (Allocation Failure) [PSYoungGen: 68016K->1501K(68608K)] 388194K->321679K(736768K), 0.0015367 secs] [Times: user=0.01 sys=0.00, real=0.00 secs] 
1417.449: [GC (Allocation Failure) [PSYoungGen: 68061K->1376K(68096K)] 388239K->321554K(736256K), 0.0018453 secs] [Times: user=0.00 sys=0.00, real=0.01 secs] 
1417.725: [GC (Allocation Failure) [PSYoungGen: 67936K->1376K(68096K)] 388114K->321554K(736256K), 0.0021129 secs] [Times: user=0.01 sys=0.00, real=0.00 secs] 
1418.002: [GC (Allocation Failure) [PSYoungGen: 67936K->1408K(68096K)] 388114K->321586K(736256K), 0.0020363 secs] [Times: user=0.01 sys=0.00, real=0.00 secs] 
1418.601: [GC (Allocation Failure) [PSYoungGen: 67968K->1408K(68096K)] 388146K->321586K(736256K), 0.0024103 secs] [Times: user=0.01 sys=0.00, real=0.00 secs] 
1418.900: [GC (Allocation Failure) [PSYoungGen: 67968K->1517K(68096K)] 388146K->321695K(736256K), 0.0019137 secs] [Times: user=0.01 sys=0.00, real=0.00 secs] 
1419.020: [GC (Allocation Failure) [PSYoungGen: 68077K->1533K(68096K)] 388255K->321711K(736256K), 0.0016415 secs] [Times: user=0.01 sys=0.00, real=0.00 secs] 
1419.136: [GC (Allocation Failure) [PSYoungGen: 68093K->1456K(68096K)] 388271K->321634K(736256K), 0.0015978 secs] [Times: user=0.01 sys=0.00, real=0.00 secs] 
1419.253: [GC (Allocation Failure) [PSYoungGen: 68016K->1453K(71680K)] 388194K->321647K(739840K), 0.0015616 secs] [Times: user=0.00 sys=0.00, real=0.00 secs] 
1419.770: [GC (Allocation Failure) [PSYoungGen: 71085K->1440K(70656K)] 391279K->321634K(738816K), 0.0021410 secs] [Times: user=0.01 sys=0.00, real=0.00 secs] 
1420.401: [GC (Allocation Failure) [PSYoungGen: 70560K->1408K(70144K)] 390754K->321602K(738304K), 0.0036342 secs] [Times: user=0.01 sys=0.00, real=0.00 secs] 
1420.961: [GC (Allocation Failure) [PSYoungGen: 70016K->1408K(69632K)] 390210K->321602K(737792K), 0.0031958 secs] [Times: user=0.01 sys=0.01, real=0.00 secs] 
1421.554: [GC (Allocation Failure) [PSYoungGen: 69504K->1408K(69120K)] 389698K->321602K(737280K), 0.0028542 secs] [Times: user=0.01 sys=0.00, real=0.00 secs] 
1421.891: [GC (Allocation Failure) [PSYoungGen: 68992K->1437K(68608K)] 389186K->321631K(736768K), 0.0019224 secs] [Times: user=0.01 sys=0.00, real=0.00 secs] 
1422.014: [GC (Allocation Failure) [PSYoungGen: 68478K->1501K(68096K)] 388672K->321695K(736256K), 0.0017163 secs] [Times: user=0.01 sys=0.00, real=0.00 secs] 
1422.131: [GC (Allocation Failure) [PSYoungGen: 68061K->1485K(68096K)] 388255K->321679K(736256K), 0.0015052 secs] [Times: user=0.01 sys=0.00, real=0.00 secs] 
1422.248: [GC (Allocation Failure) [PSYoungGen: 68045K->1488K(72192K)] 388239K->321698K(740352K), 0.0017036 secs] [Times: user=0.01 sys=0.00, real=0.01 secs] 
1422.911: [GC (Allocation Failure) [PSYoungGen: 71632K->1472K(71168K)] 391842K->321682K(739328K), 0.0022275 secs] [Times: user=0.00 sys=0.00, real=0.00 secs] 
1423.892: [GC (Allocation Failure) [PSYoungGen: 71104K->1408K(70656K)] 391314K->321618K(738816K), 0.0040732 secs] [Times: user=0.01 sys=0.00, real=0.00 secs] 
1424.729: [GC (Allocation Failure) [PSYoungGen: 70528K->1376K(70144K)] 390738K->321586K(738304K), 0.0030120 secs] [Times: user=0.02 sys=0.00, real=0.00 secs] 
1425.362: [GC (Allocation Failure) [PSYoungGen: 69984K->1360K(69632K)] 390194K->321602K(737792K), 0.0030497 secs] [Times: user=0.02 sys=0.00, real=0.00 secs] 
1425.752: [GC (Allocation Failure) [PSYoungGen: 69456K->1469K(69120K)] 389698K->321711K(737280K), 0.0021602 secs] [Times: user=0.01 sys=0.00, real=0.00 secs] 
1425.882: [GC (Allocation Failure) [PSYoungGen: 69053K->1504K(68608K)] 389295K->321746K(736768K), 0.0015527 secs] [Times: user=0.00 sys=0.00, real=0.00 secs] 
1426.000: [GC (Allocation Failure) [PSYoungGen: 68576K->1533K(68096K)] 388818K->321775K(736256K), 0.0015188 secs] [Times: user=0.00 sys=0.00, real=0.00 secs] 
1426.118: [GC (Allocation Failure) [PSYoungGen: 68085K->1488K(68096K)] 388327K->321746K(736256K), 0.0015914 secs] [Times: user=0.01 sys=0.00, real=0.01 secs] 
1427.483: [GC (Allocation Failure) [PSYoungGen: 68048K->1392K(68096K)] 388306K->321650K(736256K), 0.0030071 secs] [Times: user=0.01 sys=0.00, real=0.00 secs] 
1428.282: [GC (Allocation Failure) [PSYoungGen: 67952K->1376K(68096K)] 388210K->321634K(736256K), 0.0027424 secs] [Times: user=0.01 sys=0.00, real=0.00 secs] 
1429.325: [GC (Allocation Failure) [PSYoungGen: 67936K->1376K(68096K)] 388194K->321634K(736256K), 0.0031670 secs] [Times: user=0.02 sys=0.00, real=0.00 secs] 
1430.849: [GC (Allocation Failure) [PSYoungGen: 67936K->1408K(68096K)] 388194K->321666K(736256K), 0.0029825 secs] [Times: user=0.01 sys=0.00, real=0.01 secs] 
1431.450: [GC (Allocation Failure) [PSYoungGen: 67968K->1488K(68096K)] 388226K->321746K(736256K), 0.0020740 secs] [Times: user=0.01 sys=0.00, real=0.00 secs] 
1431.621: [GC (Allocation Failure) [PSYoungGen: 68048K->1533K(68096K)] 388306K->321791K(736256K), 0.0020945 secs] [Times: user=0.01 sys=0.00, real=0.00 secs] 
1431.775: [GC (Allocation Failure) [PSYoungGen: 68093K->1472K(68608K)] 388351K->321730K(736768K), 0.0014647 secs] [Times: user=0.01 sys=0.00, real=0.00 secs] 
1431.909: [GC (Allocation Failure) [PSYoungGen: 68032K->1501K(68608K)] 388290K->321775K(736768K), 0.0018101 secs] [Times: user=0.01 sys=0.00, real=0.01 secs] 
1432.344: [GC (Allocation Failure) [PSYoungGen: 68061K->1440K(68608K)] 388335K->321714K(736768K), 0.0023613 secs] [Times: user=0.01 sys=0.00, real=0.00 secs] 
1432.617: [GC (Allocation Failure) [PSYoungGen: 68000K->1376K(68608K)] 388274K->321650K(736768K), 0.0018076 secs] [Times: user=0.01 sys=0.00, real=0.01 secs] 
1432.894: [GC (Allocation Failure) [PSYoungGen: 67936K->1440K(68608K)] 388210K->321714K(736768K), 0.0018876 secs] [Times: user=0.01 sys=0.00, real=0.00 secs] 
1433.171: [GC (Allocation Failure) [PSYoungGen: 68000K->1344K(68608K)] 388274K->321618K(736768K), 0.0018836 secs] [Times: user=0.01 sys=0.00, real=0.00 secs] 
1433.454: [GC (Allocation Failure) [PSYoungGen: 67904K->1501K(68608K)] 388178K->321775K(736768K), 0.0013874 secs] [Times: user=0.01 sys=0.00, real=0.00 secs] 
1433.571: [GC (Allocation Failure) [PSYoungGen: 68061K->1520K(68608K)] 388335K->321794K(736768K), 0.0014190 secs] [Times: user=0.00 sys=0.00, real=0.00 secs] 
1433.687: [GC (Allocation Failure) [PSYoungGen: 68048K->1501K(68608K)] 388323K->321775K(736768K), 0.0015243 secs] [Times: user=0.01 sys=0.00, real=0.00 secs] 
1433.804: [GC (Allocation Failure) [PSYoungGen: 68061K->1501K(68608K)] 388335K->321791K(736768K), 0.0014815 secs] [Times: user=0.00 sys=0.00, real=0.00 secs] 
1434.427: [GC (Allocation Failure) [PSYoungGen: 68061K->1392K(68096K)] 388351K->321682K(736256K), 0.0021132 secs] [Times: user=0.01 sys=0.00, real=0.01 secs] 
1434.968: [GC (Allocation Failure) [PSYoungGen: 67952K->1344K(68096K)] 388242K->321642K(736256K), 0.0023835 secs] [Times: user=0.00 sys=0.00, real=0.01 secs] 
1435.591: [GC (Allocation Failure) [PSYoungGen: 67904K->1440K(68096K)] 388202K->321738K(736256K), 0.0033140 secs] [Times: user=0.01 sys=0.00, real=0.00 secs] 
1436.089: [GC (Allocation Failure) [PSYoungGen: 68000K->1392K(68096K)] 388298K->321690K(736256K), 0.0027294 secs] [Times: user=0.01 sys=0.00, real=0.01 secs] 
1436.571: [GC (Allocation Failure) [PSYoungGen: 67952K->1469K(68096K)] 388250K->321767K(736256K), 0.0019718 secs] [Times: user=0.01 sys=0.00, real=0.00 secs] 
1436.706: [GC (Allocation Failure) [PSYoungGen: 68020K->1501K(68096K)] 388318K->321799K(736256K), 0.0016817 secs] [Times: user=0.01 sys=0.00, real=0.00 secs] 
1436.842: [GC (Allocation Failure) [PSYoungGen: 68061K->1472K(68096K)] 388359K->321770K(736256K), 0.0018766 secs] [Times: user=0.01 sys=0.00, real=0.00 secs] 
1437.009: [GC (Allocation Failure) [PSYoungGen: 68032K->1469K(68096K)] 388330K->321799K(736256K), 0.0018466 secs] [Times: user=0.01 sys=0.00, real=0.00 secs] 
1437.953: [GC (Allocation Failure) [PSYoungGen: 68029K->1456K(68096K)] 388359K->321786K(736256K), 0.0041949 secs] [Times: user=0.02 sys=0.00, real=0.00 secs] 
1438.792: [GC (Allocation Failure) [PSYoungGen: 68016K->1408K(68096K)] 388346K->321738K(736256K), 0.0030601 secs] [Times: user=0.01 sys=0.00, real=0.00 secs] 
1439.689: [GC (Allocation Failure) [PSYoungGen: 67968K->1376K(68096K)] 388298K->321706K(736256K), 0.0029983 secs] [Times: user=0.01 sys=0.00, real=0.00 secs] 
1440.418: [GC (Allocation Failure) [PSYoungGen: 67936K->1376K(68096K)] 388266K->321714K(736256K), 0.0035297 secs] [Times: user=0.01 sys=0.00, real=0.01 secs] 
1440.941: [GC (Allocation Failure) [PSYoungGen: 67936K->1453K(68096K)] 388274K->321791K(736256K), 0.0019819 secs] [Times: user=0.01 sys=0.00, real=0.00 secs] 
1441.086: [GC (Allocation Failure) [PSYoungGen: 68013K->1501K(68608K)] 388351K->321839K(736768K), 0.0014818 secs] [Times: user=0.01 sys=0.00, real=0.00 secs] 
1441.202: [GC (Allocation Failure) [PSYoungGen: 68061K->1485K(68608K)] 388399K->321823K(736768K), 0.0015279 secs] [Times: user=0.01 sys=0.00, real=0.00 secs] 
1441.319: [GC (Allocation Failure) [PSYoungGen: 68045K->1501K(68608K)] 388383K->321855K(736768K), 0.0014926 secs] [Times: user=0.01 sys=0.00, real=0.00 secs] 
1441.708: [GC (Allocation Failure) [PSYoungGen: 68061K->1472K(68608K)] 388415K->321826K(736768K), 0.0020680 secs] [Times: user=0.01 sys=0.00, real=0.01 secs] 
1441.985: [GC (Allocation Failure) [PSYoungGen: 68032K->1408K(68608K)] 388386K->321762K(736768K), 0.0021090 secs] [Times: user=0.01 sys=0.00, real=0.00 secs] 
1442.343: [GC (Allocation Failure) [PSYoungGen: 67968K->1376K(68608K)] 388322K->321730K(736768K), 0.0020088 secs] [Times: user=0.01 sys=0.00, real=0.00 secs] 
1442.866: [GC (Allocation Failure) [PSYoungGen: 67936K->1408K(68608K)] 388290K->321762K(736768K), 0.0024532 secs] [Times: user=0.01 sys=0.00, real=0.00 secs] 
1443.352: [GC (Allocation Failure) [PSYoungGen: 67968K->1453K(68608K)] 388322K->321807K(736768K), 0.0024746 secs] [Times: user=0.01 sys=0.00, real=0.00 secs] 
1443.548: [GC (Allocation Failure) [PSYoungGen: 68013K->1501K(68608K)] 388367K->321855K(736768K), 0.0019742 secs] [Times: user=0.00 sys=0.00, real=0.01 secs] 
1443.671: [GC (Allocation Failure) [PSYoungGen: 68043K->1501K(68608K)] 388397K->321855K(736768K), 0.0015375 secs] [Times: user=0.01 sys=0.00, real=0.00 secs] 
1443.788: [GC (Allocation Failure) [PSYoungGen: 68061K->1501K(68608K)] 388415K->321871K(736768K), 0.0018352 secs] [Times: user=0.00 sys=0.00, real=0.01 secs] 
1444.335: [GC (Allocation Failure) [PSYoungGen: 68061K->1392K(68096K)] 388431K->321786K(736256K), 0.0042158 secs] [Times: user=0.02 sys=0.00, real=0.01 secs] 
1445.235: [GC (Allocation Failure) [PSYoungGen: 67952K->1376K(68096K)] 388346K->321770K(736256K), 0.0031513 secs] [Times: user=0.01 sys=0.01, real=0.00 secs] 
1445.804: [GC (Allocation Failure) [PSYoungGen: 67936K->1376K(68096K)] 388330K->321770K(736256K), 0.0025389 secs] [Times: user=0.01 sys=0.00, real=0.00 secs] 
1446.423: [GC (Allocation Failure) [PSYoungGen: 67936K->1408K(68096K)] 388330K->321802K(736256K), 0.0022753 secs] [Times: user=0.00 sys=0.00, real=0.00 secs] 
1447.033: [GC (Allocation Failure) [PSYoungGen: 67968K->1392K(68096K)] 388362K->321786K(736256K), 0.0019662 secs] [Times: user=0.01 sys=0.00, real=0.00 secs] 
1447.181: [GC (Allocation Failure) [PSYoungGen: 67952K->1453K(68096K)] 388346K->321847K(736256K), 0.0015168 secs] [Times: user=0.00 sys=0.00, real=0.00 secs] 
1447.299: [GC (Allocation Failure) [PSYoungGen: 68013K->1453K(68096K)] 388407K->321847K(736256K), 0.0015819 secs] [Times: user=0.00 sys=0.00, real=0.00 secs] 
1447.418: [GC (Allocation Failure) [PSYoungGen: 68013K->1469K(68096K)] 388407K->321879K(736256K), 0.0015316 secs] [Times: user=0.00 sys=0.00, real=0.01 secs] 
1447.704: [GC (Allocation Failure) [PSYoungGen: 68029K->1440K(68096K)] 388439K->321850K(736256K), 0.0022468 secs] [Times: user=0.01 sys=0.01, real=0.00 secs] 
1448.323: [GC (Allocation Failure) [PSYoungGen: 68000K->1376K(68096K)] 388410K->321786K(736256K), 0.0022139 secs] [Times: user=0.01 sys=0.00, real=0.00 secs] 
1448.856: [GC (Allocation Failure) [PSYoungGen: 67936K->1344K(68096K)] 388346K->321754K(736256K), 0.0022439 secs] [Times: user=0.01 sys=0.00, real=0.01 secs] 
1449.134: [GC (Allocation Failure) [PSYoungGen: 67904K->1376K(68096K)] 388314K->321786K(736256K), 0.0021534 secs] [Times: user=0.01 sys=0.00, real=0.00 secs] 
1449.627: [GC (Allocation Failure) [PSYoungGen: 67936K->1389K(68096K)] 388346K->321799K(736256K), 0.0019863 secs] [Times: user=0.01 sys=0.00, real=0.01 secs] 
1449.756: [GC (Allocation Failure) [PSYoungGen: 67949K->1488K(68096K)] 388359K->321898K(736256K), 0.0014949 secs] [Times: user=0.01 sys=0.00, real=0.00 secs] 
1449.872: [GC (Allocation Failure) [PSYoungGen: 68046K->1504K(68096K)] 388457K->321938K(736256K), 0.0014907 secs] [Times: user=0.00 sys=0.00, real=0.00 secs] 
1449.990: [GC (Allocation Failure) [PSYoungGen: 68064K->1533K(68608K)] 388498K->321991K(736768K), 0.0015230 secs] [Times: user=0.01 sys=0.00, real=0.00 secs] 
1450.316: [GC (Allocation Failure) [PSYoungGen: 68093K->1952K(68608K)] 388551K->322922K(736768K), 0.0021436 secs] [Times: user=0.01 sys=0.00, real=0.00 secs] 
1451.123: [GC (Allocation Failure) [PSYoungGen: 68512K->1376K(68608K)] 389482K->322346K(736768K), 0.0023651 secs] [Times: user=0.01 sys=0.00, real=0.00 secs] 
1451.927: [GC (Allocation Failure) [PSYoungGen: 67936K->1376K(68608K)] 388906K->322346K(736768K), 0.0026530 secs] [Times: user=0.01 sys=0.00, real=0.01 secs] 
1452.488: [GC (Allocation Failure) [PSYoungGen: 67936K->1344K(68608K)] 388906K->322314K(736768K), 0.0022231 secs] [Times: user=0.01 sys=0.00, real=0.01 secs] 
1453.053: [GC (Allocation Failure) [PSYoungGen: 67904K->1376K(68608K)] 388874K->322354K(736768K), 0.0022286 secs] [Times: user=0.01 sys=0.00, real=0.00 secs] 
1453.328: [GC (Allocation Failure) [PSYoungGen: 67936K->1469K(68608K)] 388914K->322447K(736768K), 0.0015420 secs] [Times: user=0.01 sys=0.00, real=0.01 secs] 
1453.445: [GC (Allocation Failure) [PSYoungGen: 68029K->1501K(68608K)] 389007K->322479K(736768K), 0.0014072 secs] [Times: user=0.01 sys=0.00, real=0.00 secs] 
1453.562: [GC (Allocation Failure) [PSYoungGen: 68061K->1533K(68608K)] 389039K->322527K(736768K), 0.0016518 secs] [Times: user=0.01 sys=0.00, real=0.00 secs] 
1453.681: [GC (Allocation Failure) [PSYoungGen: 68093K->256K(68608K)] 389087K->321250K(736768K), 0.0015199 secs] [Times: user=0.01 sys=0.00, real=0.00 secs] 
1454.638: [GC (Allocation Failure) [PSYoungGen: 66816K->1440K(68608K)] 387810K->322450K(736768K), 0.0019760 secs] [Times: user=0.01 sys=0.00, real=0.01 secs] 
1455.428: [GC (Allocation Failure) [PSYoungGen: 68000K->1408K(68608K)] 389010K->322418K(736768K), 0.0020354 secs] [Times: user=0.01 sys=0.00, real=0.01 secs] 
1456.044: [GC (Allocation Failure) [PSYoungGen: 67968K->1424K(68608K)] 388978K->322442K(736768K), 0.0021263 secs] [Times: user=0.01 sys=0.00, real=0.00 secs] 
1456.684: [GC (Allocation Failure) [PSYoungGen: 67984K->1408K(68608K)] 389002K->322426K(736768K), 0.0024064 secs] [Times: user=0.01 sys=0.00, real=0.00 secs] 
1457.000: [GC (Allocation Failure) [PSYoungGen: 67968K->1501K(68608K)] 388986K->322519K(736768K), 0.0014923 secs] [Times: user=0.01 sys=0.00, real=0.00 secs] 
1457.117: [GC (Allocation Failure) [PSYoungGen: 68061K->1472K(68608K)] 389079K->322490K(736768K), 0.0015529 secs] [Times: user=0.01 sys=0.00, real=0.01 secs] 
1457.252: [GC (Allocation Failure) [PSYoungGen: 68032K->1501K(68608K)] 389050K->322559K(736768K), 0.0018392 secs] [Times: user=0.01 sys=0.00, real=0.00 secs] 
1457.398: [GC (Allocation Failure) [PSYoungGen: 68061K->1453K(68608K)] 389119K->322511K(736768K), 0.0015224 secs] [Times: user=0.00 sys=0.00, real=0.01 secs] 
1458.218: [GC (Allocation Failure) [PSYoungGen: 68013K->1424K(68608K)] 389071K->322482K(736768K), 0.0028165 secs] [Times: user=0.01 sys=0.00, real=0.01 secs] 
1458.932: [GC (Allocation Failure) [PSYoungGen: 67984K->1408K(68608K)] 389042K->322466K(736768K), 0.0021846 secs] [Times: user=0.01 sys=0.00, real=0.00 secs] 
1459.424: [GC (Allocation Failure) [PSYoungGen: 67968K->1440K(68608K)] 389026K->322498K(736768K), 0.0021273 secs] [Times: user=0.01 sys=0.00, real=0.00 secs] 
1459.908: [GC (Allocation Failure) [PSYoungGen: 68000K->1408K(68608K)] 389058K->322466K(736768K), 0.0020183 secs] [Times: user=0.01 sys=0.00, real=0.01 secs] 
1460.396: [GC (Allocation Failure) [PSYoungGen: 67968K->1485K(68608K)] 389026K->322543K(736768K), 0.0017470 secs] [Times: user=0.00 sys=0.00, real=0.00 secs] 
1460.522: [GC (Allocation Failure) [PSYoungGen: 68045K->1504K(68608K)] 389103K->322562K(736768K), 0.0018161 secs] [Times: user=0.01 sys=0.00, real=0.00 secs] 
1460.639: [GC (Allocation Failure) [PSYoungGen: 68064K->1453K(68608K)] 389122K->322519K(736768K), 0.0015240 secs] [Times: user=0.00 sys=0.00, real=0.00 secs] 
1460.756: [GC (Allocation Failure) [PSYoungGen: 68013K->1533K(68608K)] 389079K->322615K(736768K), 0.0015051 secs] [Times: user=0.01 sys=0.00, real=0.00 secs] 
1461.325: [GC (Allocation Failure) [PSYoungGen: 68093K->1472K(68608K)] 389175K->322554K(736768K), 0.0021828 secs] [Times: user=0.01 sys=0.00, real=0.00 secs] 
1461.783: [GC (Allocation Failure) [PSYoungGen: 68032K->1376K(68608K)] 389114K->322458K(736768K), 0.0017625 secs] [Times: user=0.01 sys=0.00, real=0.00 secs] 
1462.060: [GC (Allocation Failure) [PSYoungGen: 67936K->1344K(68608K)] 389018K->322426K(736768K), 0.0019871 secs] [Times: user=0.01 sys=0.00, real=0.00 secs] 
1462.438: [GC (Allocation Failure) [PSYoungGen: 67904K->1376K(68608K)] 388986K->322458K(736768K), 0.0017898 secs] [Times: user=0.01 sys=0.00, real=0.01 secs] 
1462.704: [GC (Allocation Failure) [PSYoungGen: 67936K->1501K(68608K)] 389018K->322583K(736768K), 0.0014411 secs] [Times: user=0.00 sys=0.00, real=0.00 secs] 
1462.823: [GC (Allocation Failure) [PSYoungGen: 68061K->1437K(68608K)] 389143K->322519K(736768K), 0.0014825 secs] [Times: user=0.01 sys=0.00, real=0.00 secs] 
1462.941: [GC (Allocation Failure) [PSYoungGen: 67997K->1469K(68608K)] 389079K->322551K(736768K), 0.0015137 secs] [Times: user=0.00 sys=0.00, real=0.00 secs] 
1463.058: [GC (Allocation Failure) [PSYoungGen: 68029K->1501K(68608K)] 389111K->322591K(736768K), 0.0015487 secs] [Times: user=0.01 sys=0.00, real=0.01 secs] 
1464.276: [GC (Allocation Failure) [PSYoungGen: 68061K->1440K(68608K)] 389151K->322562K(736768K), 0.0039864 secs] [Times: user=0.01 sys=0.00, real=0.01 secs] 
1465.227: [GC (Allocation Failure) [PSYoungGen: 68000K->1408K(68608K)] 389122K->322530K(736768K), 0.0038740 secs] [Times: user=0.02 sys=0.00, real=0.01 secs] 
1465.977: [GC (Allocation Failure) [PSYoungGen: 67968K->1376K(68608K)] 389090K->322498K(736768K), 0.0025478 secs] [Times: user=0.01 sys=0.00, real=0.01 secs] 
1466.572: [GC (Allocation Failure) [PSYoungGen: 67936K->1408K(68608K)] 389058K->322530K(736768K), 0.0019644 secs] [Times: user=0.00 sys=0.00, real=0.00 secs] 
1467.196: [GC (Allocation Failure) [PSYoungGen: 67968K->1488K(68608K)] 389090K->322610K(736768K), 0.0020242 secs] [Times: user=0.01 sys=0.00, real=0.00 secs] 
1467.342: [GC (Allocation Failure) [PSYoungGen: 68048K->1501K(68608K)] 389170K->322623K(736768K), 0.0015200 secs] [Times: user=0.00 sys=0.00, real=0.00 secs] 
1467.477: [GC (Allocation Failure) [PSYoungGen: 68033K->1533K(68608K)] 389155K->322655K(736768K), 0.0018374 secs] [Times: user=0.01 sys=0.00, real=0.01 secs] 
1467.623: [GC (Allocation Failure) [PSYoungGen: 68093K->1501K(68608K)] 389215K->322639K(736768K), 0.0015557 secs] [Times: user=0.01 sys=0.00, real=0.00 secs] 
1468.322: [GC (Allocation Failure) [PSYoungGen: 68061K->1440K(68608K)] 389199K->322578K(736768K), 0.0027839 secs] [Times: user=0.01 sys=0.00, real=0.00 secs] 
1469.257: [GC (Allocation Failure) [PSYoungGen: 68000K->1376K(68608K)] 389138K->322514K(736768K), 0.0030564 secs] [Times: user=0.01 sys=0.00, real=0.01 secs] 
1469.914: [GC (Allocation Failure) [PSYoungGen: 67936K->1408K(68608K)] 389074K->322546K(736768K), 0.0033726 secs] [Times: user=0.02 sys=0.00, real=0.00 secs] 
1470.278: [GC (Allocation Failure) [PSYoungGen: 67968K->1440K(68608K)] 389106K->322578K(736768K), 0.0017699 secs] [Times: user=0.00 sys=0.00, real=0.01 secs] 
1470.694: [GC (Allocation Failure) [PSYoungGen: 68000K->1437K(68608K)] 389138K->322575K(736768K), 0.0019281 secs] [Times: user=0.00 sys=0.00, real=0.00 secs] 
1470.820: [GC (Allocation Failure) [PSYoungGen: 67997K->1501K(68608K)] 389135K->322639K(736768K), 0.0015083 secs] [Times: user=0.01 sys=0.00, real=0.00 secs] 
1470.938: [GC (Allocation Failure) [PSYoungGen: 68061K->1456K(68608K)] 389199K->322594K(736768K), 0.0015022 secs] [Times: user=0.01 sys=0.00, real=0.01 secs] 
1471.055: [GC (Allocation Failure) [PSYoungGen: 68016K->1469K(68608K)] 389154K->322623K(736768K), 0.0016271 secs] [Times: user=0.00 sys=0.00, real=0.00 secs] 
1471.414: [GC (Allocation Failure) [PSYoungGen: 68029K->1440K(68608K)] 389183K->322594K(736768K), 0.0019923 secs] [Times: user=0.01 sys=0.00, real=0.00 secs] 
1471.691: [GC (Allocation Failure) [PSYoungGen: 68000K->1408K(68608K)] 389154K->322562K(736768K), 0.0019000 secs] [Times: user=0.01 sys=0.00, real=0.00 secs] 
1471.968: [GC (Allocation Failure) [PSYoungGen: 67968K->1408K(68608K)] 389122K->322562K(736768K), 0.0020298 secs] [Times: user=0.01 sys=0.00, real=0.01 secs] 
1472.332: [GC (Allocation Failure) [PSYoungGen: 67968K->1440K(68096K)] 389122K->322594K(736256K), 0.0025425 secs] [Times: user=0.01 sys=0.00, real=0.00 secs] 
1472.653: [GC (Allocation Failure) [PSYoungGen: 68000K->1456K(68096K)] 389154K->322610K(736256K), 0.0019752 secs] [Times: user=0.01 sys=0.00, real=0.00 secs] 
1472.780: [GC (Allocation Failure) [PSYoungGen: 68016K->544K(67584K)] 389170K->322722K(735744K), 0.0016840 secs] [Times: user=0.01 sys=0.00, real=0.00 secs] 
1472.897: [GC (Allocation Failure) [PSYoungGen: 67089K->464K(68608K)] 389267K->322642K(736768K), 0.0014395 secs] [Times: user=0.01 sys=0.00, real=0.00 secs] 
1473.014: [GC (Allocation Failure) [PSYoungGen: 67024K->480K(68608K)] 389202K->322666K(736768K), 0.0014155 secs] [Times: user=0.00 sys=0.00, real=0.00 secs] 
1473.922: [GC (Allocation Failure) [PSYoungGen: 67040K->1472K(68608K)] 389226K->323674K(736768K), 0.0032180 secs] [Times: user=0.01 sys=0.00, real=0.00 secs] 
1474.534: [GC (Allocation Failure) [PSYoungGen: 68032K->1408K(68608K)] 390234K->323610K(736768K), 0.0027434 secs] [Times: user=0.01 sys=0.00, real=0.00 secs] 
1475.311: [GC (Allocation Failure) [PSYoungGen: 67968K->1376K(68608K)] 390170K->323578K(736768K), 0.0026195 secs] [Times: user=0.02 sys=0.00, real=0.00 secs] 
1476.516: [GC (Allocation Failure) [PSYoungGen: 67936K->1376K(68608K)] 390138K->323578K(736768K), 0.0038709 secs] [Times: user=0.02 sys=0.00, real=0.01 secs] 
1477.707: [GC (Allocation Failure) [PSYoungGen: 67936K->1456K(68608K)] 390138K->323658K(736768K), 0.0032785 secs] [Times: user=0.01 sys=0.00, real=0.01 secs] 
1477.915: [GC (Allocation Failure) [PSYoungGen: 68016K->1456K(68608K)] 390218K->323658K(736768K), 0.0019440 secs] [Times: user=0.00 sys=0.00, real=0.00 secs] 
1478.036: [GC (Allocation Failure) [PSYoungGen: 68016K->1469K(68608K)] 390218K->323671K(736768K), 0.0016569 secs] [Times: user=0.01 sys=0.00, real=0.00 secs] 
1478.155: [GC (Allocation Failure) [PSYoungGen: 68029K->1488K(68608K)] 390231K->323714K(736768K), 0.0015037 secs] [Times: user=0.00 sys=0.00, real=0.00 secs] 
1479.116: [GC (Allocation Failure) [PSYoungGen: 68048K->1472K(68608K)] 390274K->323698K(736768K), 0.0028151 secs] [Times: user=0.01 sys=0.01, real=0.00 secs] 
1479.809: [GC (Allocation Failure) [PSYoungGen: 68032K->1408K(68608K)] 390258K->323634K(736768K), 0.0027047 secs] [Times: user=0.01 sys=0.00, real=0.00 secs] 
1480.477: [GC (Allocation Failure) [PSYoungGen: 67968K->1376K(68608K)] 390194K->323602K(736768K), 0.0025054 secs] [Times: user=0.01 sys=0.00, real=0.01 secs] 
1481.197: [GC (Allocation Failure) [PSYoungGen: 67936K->1376K(68608K)] 390162K->323602K(736768K), 0.0040364 secs] [Times: user=0.01 sys=0.01, real=0.01 secs] 
1481.976: [GC (Allocation Failure) [PSYoungGen: 67936K->1376K(68608K)] 390162K->323602K(736768K), 0.0039842 secs] [Times: user=0.02 sys=0.00, real=0.01 secs] 
1482.250: [GC (Allocation Failure) [PSYoungGen: 67936K->1488K(68608K)] 390162K->323714K(736768K), 0.0020018 secs] [Times: user=0.01 sys=0.00, real=0.00 secs] 
1482.378: [GC (Allocation Failure) [PSYoungGen: 68048K->1504K(68608K)] 390274K->323730K(736768K), 0.0014717 secs] [Times: user=0.01 sys=0.00, real=0.01 secs] 
1482.494: [GC (Allocation Failure) [PSYoungGen: 68064K->1456K(68608K)] 390290K->323714K(736768K), 0.0015112 secs] [Times: user=0.00 sys=0.00, real=0.00 secs] 
1482.950: [GC (Allocation Failure) [PSYoungGen: 68016K->1728K(68608K)] 390274K->323986K(736768K), 0.0025875 secs] [Times: user=0.01 sys=0.00, real=0.00 secs] 
1484.243: [GC (Allocation Failure) [PSYoungGen: 68288K->1344K(68608K)] 390546K->323602K(736768K), 0.0031363 secs] [Times: user=0.01 sys=0.00, real=0.00 secs] 
1485.283: [GC (Allocation Failure) [PSYoungGen: 67904K->1344K(68608K)] 390162K->323602K(736768K), 0.0032674 secs] [Times: user=0.01 sys=0.00, real=0.00 secs] 
1486.330: [GC (Allocation Failure) [PSYoungGen: 67904K->1376K(68608K)] 390162K->323634K(736768K), 0.0034569 secs] [Times: user=0.01 sys=0.00, real=0.00 secs] 
1487.056: [GC (Allocation Failure) [PSYoungGen: 67936K->1408K(68608K)] 390194K->323666K(736768K), 0.0035824 secs] [Times: user=0.01 sys=0.01, real=0.01 secs] 
1487.410: [GC (Allocation Failure) [PSYoungGen: 67968K->1472K(68608K)] 390226K->323730K(736768K), 0.0018012 secs] [Times: user=0.01 sys=0.00, real=0.00 secs] 
1487.544: [GC (Allocation Failure) [PSYoungGen: 68032K->1501K(68608K)] 390290K->323759K(736768K), 0.0014763 secs] [Times: user=0.00 sys=0.00, real=0.00 secs] 
1487.660: [GC (Allocation Failure) [PSYoungGen: 68061K->1488K(68608K)] 390319K->323786K(736768K), 0.0015605 secs] [Times: user=0.01 sys=0.00, real=0.00 secs] 
1487.777: [GC (Allocation Failure) [PSYoungGen: 68048K->1504K(68608K)] 390346K->323802K(736768K), 0.0014682 secs] [Times: user=0.01 sys=0.00, real=0.00 secs] 
1489.521: [GC (Allocation Failure) [PSYoungGen: 68064K->1408K(68608K)] 390362K->323706K(736768K), 0.0038784 secs] [Times: user=0.01 sys=0.00, real=0.00 secs] 
1490.002: [GC (Allocation Failure) [PSYoungGen: 67968K->1440K(68608K)] 390266K->323738K(736768K), 0.0019779 secs] [Times: user=0.01 sys=0.00, real=0.00 secs] 
1490.278: [GC (Allocation Failure) [PSYoungGen: 68000K->1376K(68608K)] 390298K->323674K(736768K), 0.0019820 secs] [Times: user=0.01 sys=0.00, real=0.01 secs] 
1490.778: [GC (Allocation Failure) [PSYoungGen: 67936K->1408K(68608K)] 390234K->323706K(736768K), 0.0021889 secs] [Times: user=0.01 sys=0.00, real=0.01 secs] 
1491.234: [GC (Allocation Failure) [PSYoungGen: 67968K->1501K(68608K)] 390266K->323799K(736768K), 0.0019734 secs] [Times: user=0.01 sys=0.00, real=0.00 secs] 
1491.360: [GC (Allocation Failure) [PSYoungGen: 68061K->1472K(68608K)] 390359K->323770K(736768K), 0.0015157 secs] [Times: user=0.00 sys=0.00, real=0.00 secs] 
1491.477: [GC (Allocation Failure) [PSYoungGen: 68032K->1472K(68608K)] 390330K->323778K(736768K), 0.0015400 secs] [Times: user=0.01 sys=0.00, real=0.00 secs] 
1491.594: [GC (Allocation Failure) [PSYoungGen: 68032K->1469K(68608K)] 390338K->323775K(736768K), 0.0015399 secs] [Times: user=0.01 sys=0.00, real=0.00 secs] 
1492.498: [GC (Allocation Failure) [PSYoungGen: 68029K->1440K(68608K)] 390335K->323746K(736768K), 0.0031227 secs] [Times: user=0.02 sys=0.00, real=0.01 secs] 
1493.129: [GC (Allocation Failure) [PSYoungGen: 68000K->1312K(68608K)] 390306K->323618K(736768K), 0.0028742 secs] [Times: user=0.01 sys=0.00, real=0.00 secs] 
1493.772: [GC (Allocation Failure) [PSYoungGen: 67872K->1408K(68608K)] 390178K->323714K(736768K), 0.0030934 secs] [Times: user=0.01 sys=0.00, real=0.00 secs] 
1494.305: [GC (Allocation Failure) [PSYoungGen: 67968K->1408K(68608K)] 390274K->323714K(736768K), 0.0028588 secs] [Times: user=0.01 sys=0.00, real=0.00 secs] 
1494.770: [GC (Allocation Failure) [PSYoungGen: 67968K->1469K(68608K)] 390274K->323775K(736768K), 0.0021811 secs] [Times: user=0.01 sys=0.00, real=0.00 secs] 
1494.911: [GC (Allocation Failure) [PSYoungGen: 68029K->1504K(68608K)] 390335K->323810K(736768K), 0.0014644 secs] [Times: user=0.01 sys=0.00, real=0.00 secs] 
1495.028: [GC (Allocation Failure) [PSYoungGen: 68055K->1456K(68608K)] 390361K->323762K(736768K), 0.0014419 secs] [Times: user=0.01 sys=0.00, real=0.01 secs] 
1495.144: [GC (Allocation Failure) [PSYoungGen: 68016K->1501K(68608K)] 390322K->323839K(736768K), 0.0015806 secs] [Times: user=0.01 sys=0.00, real=0.00 secs] 
1496.248: [GC (Allocation Failure) [PSYoungGen: 68061K->1440K(68608K)] 390399K->323778K(736768K), 0.0027464 secs] [Times: user=0.01 sys=0.00, real=0.01 secs] 
1497.473: [GC (Allocation Failure) [PSYoungGen: 68000K->1376K(68608K)] 390338K->323714K(736768K), 0.0027230 secs] [Times: user=0.01 sys=0.00, real=0.00 secs] 
1497.739: [GC (Allocation Failure) [PSYoungGen: 67936K->1344K(68608K)] 390274K->323682K(736768K), 0.0023169 secs] [Times: user=0.01 sys=0.01, real=0.00 secs] 
1498.261: [GC (Allocation Failure) [PSYoungGen: 67904K->1408K(68608K)] 390242K->323746K(736768K), 0.0018607 secs] [Times: user=0.01 sys=0.00, real=0.00 secs] 
1498.645: [GC (Allocation Failure) [PSYoungGen: 67968K->1501K(68608K)] 390306K->323839K(736768K), 0.0021657 secs] [Times: user=0.01 sys=0.00, real=0.00 secs] 
1498.769: [GC (Allocation Failure) [PSYoungGen: 68059K->1520K(68608K)] 390398K->323858K(736768K), 0.0014506 secs] [Times: user=0.00 sys=0.00, real=0.00 secs] 
1498.886: [GC (Allocation Failure) [PSYoungGen: 68080K->1469K(68608K)] 390418K->323807K(736768K), 0.0014920 secs] [Times: user=0.01 sys=0.00, real=0.00 secs] 
1499.003: [GC (Allocation Failure) [PSYoungGen: 68029K->1501K(68608K)] 390367K->323855K(736768K), 0.0015105 secs] [Times: user=0.00 sys=0.00, real=0.00 secs] 
1500.259: [GC (Allocation Failure) [PSYoungGen: 68061K->1440K(68608K)] 390415K->323794K(736768K), 0.0031104 secs] [Times: user=0.02 sys=0.00, real=0.00 secs] 
1500.869: [GC (Allocation Failure) [PSYoungGen: 68000K->1344K(68608K)] 390354K->323698K(736768K), 0.0037958 secs] [Times: user=0.01 sys=0.00, real=0.00 secs] 
1501.388: [GC (Allocation Failure) [PSYoungGen: 67904K->1408K(68608K)] 390258K->323762K(736768K), 0.0024521 secs] [Times: user=0.01 sys=0.00, real=0.01 secs] 
1502.011: [GC (Allocation Failure) [PSYoungGen: 67968K->1408K(68608K)] 390322K->323762K(736768K), 0.0024014 secs] [Times: user=0.01 sys=0.00, real=0.00 secs] 
1502.428: [GC (Allocation Failure) [PSYoungGen: 67968K->1437K(68608K)] 390322K->323791K(736768K), 0.0019413 secs] [Times: user=0.01 sys=0.00, real=0.01 secs] 
1502.563: [GC (Allocation Failure) [PSYoungGen: 67997K->1501K(68608K)] 390351K->323855K(736768K), 0.0014752 secs] [Times: user=0.01 sys=0.00, real=0.00 secs] 
1502.680: [GC (Allocation Failure) [PSYoungGen: 68037K->1488K(68608K)] 390391K->323842K(736768K), 0.0015107 secs] [Times: user=0.00 sys=0.00, real=0.00 secs] 
1502.797: [GC (Allocation Failure) [PSYoungGen: 68048K->1501K(68608K)] 390402K->323895K(736768K), 0.0014980 secs] [Times: user=0.01 sys=0.00, real=0.01 secs] 
1503.367: [GC (Allocation Failure) [PSYoungGen: 68061K->1424K(68608K)] 390455K->323818K(736768K), 0.0023583 secs] [Times: user=0.01 sys=0.00, real=0.01 secs] 
1504.193: [GC (Allocation Failure) [PSYoungGen: 67984K->1376K(68608K)] 390378K->323770K(736768K), 0.0028966 secs] [Times: user=0.01 sys=0.01, real=0.00 secs] 
1504.822: [GC (Allocation Failure) [PSYoungGen: 67936K->1392K(68608K)] 390330K->323786K(736768K), 0.0028236 secs] [Times: user=0.01 sys=0.00, real=0.00 secs] 
1505.387: [GC (Allocation Failure) [PSYoungGen: 67952K->1408K(68608K)] 390346K->323826K(736768K), 0.0028456 secs] [Times: user=0.01 sys=0.00, real=0.01 secs] 
1505.942: [GC (Allocation Failure) [PSYoungGen: 67968K->1421K(68608K)] 390386K->323839K(736768K), 0.0025182 secs] [Times: user=0.01 sys=0.00, real=0.00 secs] 
1506.103: [GC (Allocation Failure) [PSYoungGen: 67981K->1488K(68608K)] 390399K->323906K(736768K), 0.0014929 secs] [Times: user=0.01 sys=0.00, real=0.00 secs] 
1506.220: [GC (Allocation Failure) [PSYoungGen: 68028K->1488K(68608K)] 390446K->323906K(736768K), 0.0014752 secs] [Times: user=0.01 sys=0.00, real=0.00 secs] 
1506.337: [GC (Allocation Failure) [PSYoungGen: 68048K->1504K(68608K)] 390466K->323938K(736768K), 0.0014800 secs] [Times: user=0.01 sys=0.00, real=0.00 secs] 
1506.706: [GC (Allocation Failure) [PSYoungGen: 68064K->1440K(68608K)] 390498K->323874K(736768K), 0.0019571 secs] [Times: user=0.01 sys=0.00, real=0.00 secs] 
1507.273: [GC (Allocation Failure) [PSYoungGen: 68000K->1408K(68608K)] 390434K->323842K(736768K), 0.0021512 secs] [Times: user=0.00 sys=0.00, real=0.00 secs] 
1507.812: [GC (Allocation Failure) [PSYoungGen: 67968K->1440K(68608K)] 390402K->323874K(736768K), 0.0021688 secs] [Times: user=0.01 sys=0.00, real=0.00 secs] 
1508.405: [GC (Allocation Failure) [PSYoungGen: 68000K->1408K(68608K)] 390434K->323842K(736768K), 0.0021159 secs] [Times: user=0.01 sys=0.00, real=0.00 secs] 
1509.046: [GC (Allocation Failure) [PSYoungGen: 67968K->1456K(68608K)] 390402K->323890K(736768K), 0.0034771 secs] [Times: user=0.02 sys=0.00, real=0.01 secs] 
1509.254: [GC (Allocation Failure) [PSYoungGen: 68016K->1501K(68608K)] 390450K->323935K(736768K), 0.0021026 secs] [Times: user=0.01 sys=0.00, real=0.00 secs] 
1509.376: [GC (Allocation Failure) [PSYoungGen: 68061K->1501K(68608K)] 390495K->323935K(736768K), 0.0014939 secs] [Times: user=0.00 sys=0.01, real=0.00 secs] 
1509.492: [GC (Allocation Failure) [PSYoungGen: 68061K->1469K(68608K)] 390495K->323919K(736768K), 0.0014841 secs] [Times: user=0.01 sys=0.00, real=0.00 secs] 
1509.869: [GC (Allocation Failure) [PSYoungGen: 68029K->1472K(68608K)] 390479K->323922K(736768K), 0.0024892 secs] [Times: user=0.01 sys=0.00, real=0.00 secs] 
1510.770: [GC (Allocation Failure) [PSYoungGen: 68032K->1376K(68608K)] 390482K->323826K(736768K), 0.0037260 secs] [Times: user=0.02 sys=0.00, real=0.00 secs] 
1511.744: [GC (Allocation Failure) [PSYoungGen: 67936K->1376K(68608K)] 390386K->323826K(736768K), 0.0040890 secs] [Times: user=0.02 sys=0.00, real=0.00 secs] 
1512.873: [GC (Allocation Failure) [PSYoungGen: 67936K->1376K(68608K)] 390386K->323826K(736768K), 0.0038669 secs] [Times: user=0.01 sys=0.00, real=0.00 secs] 
1513.990: [GC (Allocation Failure) [PSYoungGen: 67936K->1421K(68608K)] 390386K->323871K(736768K), 0.0030667 secs] [Times: user=0.01 sys=0.01, real=0.00 secs] 
1514.187: [GC (Allocation Failure) [PSYoungGen: 67981K->1501K(68608K)] 390431K->323951K(736768K), 0.0018830 secs] [Times: user=0.01 sys=0.00, real=0.01 secs] 
1514.305: [GC (Allocation Failure) [PSYoungGen: 68061K->1469K(68608K)] 390511K->323919K(736768K), 0.0014914 secs] [Times: user=0.01 sys=0.00, real=0.00 secs] 
1514.426: [GC (Allocation Failure) [PSYoungGen: 68029K->1533K(68608K)] 390479K->323999K(736768K), 0.0014819 secs] [Times: user=0.01 sys=0.00, real=0.00 secs] 
1514.678: [GC (Allocation Failure) [PSYoungGen: 68093K->1984K(68608K)] 390559K->324962K(736768K), 0.0021127 secs] [Times: user=0.01 sys=0.00, real=0.01 secs] 
1515.006: [GC (Allocation Failure) [PSYoungGen: 68544K->1360K(68608K)] 391522K->324338K(736768K), 0.0019916 secs] [Times: user=0.01 sys=0.00, real=0.00 secs] 
1515.283: [GC (Allocation Failure) [PSYoungGen: 67920K->1408K(68608K)] 390898K->324386K(736768K), 0.0020106 secs] [Times: user=0.01 sys=0.00, real=0.00 secs] 
1515.926: [GC (Allocation Failure) [PSYoungGen: 67968K->1376K(68608K)] 390946K->324378K(736768K), 0.0021318 secs] [Times: user=0.01 sys=0.00, real=0.00 secs] 
1516.645: [GC (Allocation Failure) [PSYoungGen: 67936K->1376K(68608K)] 390938K->324378K(736768K), 0.0040428 secs] [Times: user=0.01 sys=0.00, real=0.01 secs] 
1517.047: [GC (Allocation Failure) [PSYoungGen: 67936K->1533K(68608K)] 390938K->324535K(736768K), 0.0019301 secs] [Times: user=0.00 sys=0.00, real=0.01 secs] 
1517.204: [GC (Allocation Failure) [PSYoungGen: 68093K->1485K(68608K)] 391095K->324487K(736768K), 0.0018505 secs] [Times: user=0.01 sys=0.00, real=0.00 secs] 
1517.350: [GC (Allocation Failure) [PSYoungGen: 68045K->1501K(68608K)] 391047K->324519K(736768K), 0.0016580 secs] [Times: user=0.01 sys=0.00, real=0.00 secs] 
1517.469: [GC (Allocation Failure) [PSYoungGen: 68061K->256K(68608K)] 391079K->323274K(736768K), 0.0015208 secs] [Times: user=0.00 sys=0.00, real=0.01 secs] 
1517.946: [GC (Allocation Failure) [PSYoungGen: 66816K->1376K(68608K)] 389834K->324394K(736768K), 0.0019218 secs] [Times: user=0.01 sys=0.00, real=0.00 secs] 
1518.406: [GC (Allocation Failure) [PSYoungGen: 67936K->1376K(68608K)] 390954K->324394K(736768K), 0.0019449 secs] [Times: user=0.00 sys=0.00, real=0.00 secs] 
1519.169: [GC (Allocation Failure) [PSYoungGen: 67936K->1408K(68608K)] 390954K->324426K(736768K), 0.0039360 secs] [Times: user=0.02 sys=0.00, real=0.00 secs] 
1519.983: [GC (Allocation Failure) [PSYoungGen: 67968K->1376K(68608K)] 390986K->324394K(736768K), 0.0040187 secs] [Times: user=0.02 sys=0.00, real=0.00 secs] 
1520.380: [GC (Allocation Failure) [PSYoungGen: 67905K->1488K(68608K)] 390924K->324506K(736768K), 0.0022005 secs] [Times: user=0.01 sys=0.00, real=0.00 secs] 
1520.558: [GC (Allocation Failure) [PSYoungGen: 68048K->1533K(68608K)] 391066K->324551K(736768K), 0.0054983 secs] [Times: user=0.02 sys=0.00, real=0.01 secs] 
1520.719: [GC (Allocation Failure) [PSYoungGen: 68093K->1488K(68608K)] 391111K->324514K(736768K), 0.0014989 secs] [Times: user=0.01 sys=0.00, real=0.00 secs] 
1520.853: [GC (Allocation Failure) [PSYoungGen: 68048K->1501K(75776K)] 391074K->324527K(743936K), 0.0018949 secs] [Times: user=0.01 sys=0.00, real=0.00 secs] 
1522.381: [GC (Allocation Failure) [PSYoungGen: 75229K->1440K(74752K)] 398255K->324466K(742912K), 0.0023954 secs] [Times: user=0.01 sys=0.00, real=0.00 secs] 
1523.035: [GC (Allocation Failure) [PSYoungGen: 74656K->1376K(74240K)] 397682K->324402K(742400K), 0.0022662 secs] [Times: user=0.00 sys=0.00, real=0.00 secs] 
1523.679: [GC (Allocation Failure) [PSYoungGen: 74080K->1408K(73728K)] 397106K->324434K(741888K), 0.0022152 secs] [Times: user=0.00 sys=0.00, real=0.00 secs] 
1524.291: [GC (Allocation Failure) [PSYoungGen: 73600K->1389K(73216K)] 396626K->324415K(741376K), 0.0020704 secs] [Times: user=0.01 sys=0.00, real=0.00 secs] 
1524.448: [GC (Allocation Failure) [PSYoungGen: 73069K->1437K(72704K)] 396095K->324463K(740864K), 0.0016429 secs] [Times: user=0.00 sys=0.00, real=0.01 secs] 
1524.574: [GC (Allocation Failure) [PSYoungGen: 72605K->1565K(72704K)] 395631K->324591K(740864K), 0.0015281 secs] [Times: user=0.01 sys=0.00, real=0.00 secs] 
1524.699: [GC (Allocation Failure) [PSYoungGen: 72221K->1469K(73216K)] 395247K->324511K(741376K), 0.0033039 secs] [Times: user=0.01 sys=0.00, real=0.01 secs] 
1525.160: [GC (Allocation Failure) [PSYoungGen: 72637K->1472K(80896K)] 395679K->324514K(749056K), 0.0020362 secs] [Times: user=0.01 sys=0.00, real=0.00 secs] 
1525.896: [GC (Allocation Failure) [PSYoungGen: 80320K->1408K(79872K)] 403362K->324474K(748032K), 0.0020860 secs] [Times: user=0.01 sys=0.00, real=0.00 secs] 
1526.850: [GC (Allocation Failure) [PSYoungGen: 79744K->1344K(79360K)] 402810K->324410K(747520K), 0.0028052 secs] [Times: user=0.01 sys=0.00, real=0.00 secs] 
1527.717: [GC (Allocation Failure) [PSYoungGen: 79168K->1376K(78848K)] 402234K->324442K(747008K), 0.0042174 secs] [Times: user=0.01 sys=0.00, real=0.01 secs] 
1528.186: [GC (Allocation Failure) [PSYoungGen: 78688K->1504K(78336K)] 401754K->324570K(746496K), 0.0020007 secs] [Times: user=0.01 sys=0.00, real=0.00 secs] 
1528.376: [GC (Allocation Failure) [PSYoungGen: 78304K->1533K(77824K)] 401370K->324599K(745984K), 0.0021154 secs] [Times: user=0.01 sys=0.00, real=0.00 secs] 
1528.541: [GC (Allocation Failure) [PSYoungGen: 77821K->1440K(77312K)] 400887K->324506K(745472K), 0.0016563 secs] [Times: user=0.01 sys=0.00, real=0.00 secs] 
1529.005: [GC (Allocation Failure) [PSYoungGen: 77216K->1440K(76800K)] 400282K->324506K(744960K), 0.0025896 secs] [Times: user=0.01 sys=0.00, real=0.00 secs] 
1529.911: [GC (Allocation Failure) [PSYoungGen: 76704K->1408K(76288K)] 399770K->324482K(744448K), 0.0021232 secs] [Times: user=0.01 sys=0.00, real=0.00 secs] 
1530.527: [GC (Allocation Failure) [PSYoungGen: 76160K->1360K(75776K)] 399234K->324434K(743936K), 0.0037007 secs] [Times: user=0.01 sys=0.00, real=0.01 secs] 
1531.134: [GC (Allocation Failure) [PSYoungGen: 75600K->1408K(75264K)] 398674K->324482K(743424K), 0.0020012 secs] [Times: user=0.01 sys=0.00, real=0.00 secs] 
1531.470: [GC (Allocation Failure) [PSYoungGen: 75136K->1488K(74752K)] 398210K->324562K(742912K), 0.0014939 secs] [Times: user=0.01 sys=0.00, real=0.00 secs] 
1531.597: [GC (Allocation Failure) [PSYoungGen: 74690K->1501K(74240K)] 397765K->324575K(742400K), 0.0018738 secs] [Times: user=0.00 sys=0.00, real=0.01 secs] 
1531.726: [GC (Allocation Failure) [PSYoungGen: 74205K->1456K(73728K)] 397279K->324530K(741888K), 0.0015584 secs] [Times: user=0.01 sys=0.00, real=0.00 secs] 
1533.507: [GC (Allocation Failure) [PSYoungGen: 73648K->1984K(73728K)] 396722K->325058K(741888K), 0.0037172 secs] [Times: user=0.02 sys=0.00, real=0.01 secs] 
1534.573: [GC (Allocation Failure) [PSYoungGen: 73664K->1360K(72704K)] 396738K->324434K(740864K), 0.0021375 secs] [Times: user=0.01 sys=0.00, real=0.00 secs] 
1535.460: [GC (Allocation Failure) [PSYoungGen: 72528K->1408K(72192K)] 395602K->324482K(740352K), 0.0027956 secs] [Times: user=0.01 sys=0.00, real=0.00 secs] 
1536.367: [GC (Allocation Failure) [PSYoungGen: 72064K->1408K(71680K)] 395138K->324482K(739840K), 0.0029837 secs] [Times: user=0.01 sys=0.00, real=0.01 secs] 
1537.362: [GC (Allocation Failure) [PSYoungGen: 71552K->1389K(71168K)] 394626K->324463K(739328K), 0.0022660 secs] [Times: user=0.01 sys=0.00, real=0.00 secs] 
1537.529: [GC (Allocation Failure) [PSYoungGen: 71021K->1469K(70656K)] 394095K->324543K(738816K), 0.0016304 secs] [Times: user=0.00 sys=0.00, real=0.00 secs] 
1537.652: [GC (Allocation Failure) [PSYoungGen: 70589K->1469K(70144K)] 393663K->324543K(738304K), 0.0017946 secs] [Times: user=0.00 sys=0.00, real=0.00 secs] 
1537.774: [GC (Allocation Failure) [PSYoungGen: 70058K->1469K(69632K)] 393133K->324543K(737792K), 0.0016103 secs] [Times: user=0.00 sys=0.00, real=0.00 secs] 
1538.341: [GC (Allocation Failure) [PSYoungGen: 69565K->1440K(69120K)] 392639K->324530K(737280K), 0.0023840 secs] [Times: user=0.01 sys=0.00, real=0.00 secs] 
1538.899: [GC (Allocation Failure) [PSYoungGen: 69024K->1408K(68608K)] 392114K->324498K(736768K), 0.0021853 secs] [Times: user=0.01 sys=0.00, real=0.00 secs] 
1539.368: [GC (Allocation Failure) [PSYoungGen: 68480K->1344K(68096K)] 391570K->324434K(736256K), 0.0021047 secs] [Times: user=0.01 sys=0.00, real=0.01 secs] 
1540.126: [GC (Allocation Failure) [PSYoungGen: 67904K->1408K(68096K)] 390994K->324498K(736256K), 0.0022764 secs] [Times: user=0.01 sys=0.00, real=0.00 secs] 
1540.959: [GC (Allocation Failure) [PSYoungGen: 67968K->1453K(68608K)] 391058K->324543K(736768K), 0.0032188 secs] [Times: user=0.01 sys=0.00, real=0.00 secs] 
1541.171: [GC (Allocation Failure) [PSYoungGen: 68013K->1488K(68608K)] 391103K->324578K(736768K), 0.0019471 secs] [Times: user=0.01 sys=0.00, real=0.00 secs] 
1541.294: [GC (Allocation Failure) [PSYoungGen: 68030K->1501K(68608K)] 391120K->324591K(736768K), 0.0015143 secs] [Times: user=0.01 sys=0.00, real=0.00 secs] 
1541.412: [GC (Allocation Failure) [PSYoungGen: 68061K->1469K(68608K)] 391151K->324575K(736768K), 0.0015450 secs] [Times: user=0.01 sys=0.00, real=0.00 secs] 
1542.289: [GC (Allocation Failure) [PSYoungGen: 68029K->1472K(68608K)] 391135K->324586K(736768K), 0.0022747 secs] [Times: user=0.01 sys=0.00, real=0.00 secs] 
1542.626: [GC (Allocation Failure) [PSYoungGen: 68032K->1408K(68608K)] 391146K->324522K(736768K), 0.0020820 secs] [Times: user=0.01 sys=0.00, real=0.00 secs] 
1542.903: [GC (Allocation Failure) [PSYoungGen: 67968K->1408K(68608K)] 391082K->324522K(736768K), 0.0019697 secs] [Times: user=0.01 sys=0.00, real=0.00 secs] 
1543.289: [GC (Allocation Failure) [PSYoungGen: 67968K->1376K(68608K)] 391082K->324490K(736768K), 0.0022545 secs] [Times: user=0.01 sys=0.00, real=0.00 secs] 
1543.708: [GC (Allocation Failure) [PSYoungGen: 67936K->1469K(68608K)] 391050K->324583K(736768K), 0.0020799 secs] [Times: user=0.01 sys=0.00, real=0.01 secs] 
1543.843: [GC (Allocation Failure) [PSYoungGen: 68029K->1488K(68608K)] 391143K->324602K(736768K), 0.0014772 secs] [Times: user=0.00 sys=0.00, real=0.00 secs] 
1543.960: [GC (Allocation Failure) [PSYoungGen: 68048K->1488K(68608K)] 391162K->324602K(736768K), 0.0014914 secs] [Times: user=0.00 sys=0.01, real=0.00 secs] 
1544.076: [GC (Allocation Failure) [PSYoungGen: 68048K->1456K(68608K)] 391162K->324578K(736768K), 0.0014650 secs] [Times: user=0.01 sys=0.00, real=0.00 secs] 
1544.372: [GC (Allocation Failure) [PSYoungGen: 68016K->1440K(68608K)] 391138K->324586K(736768K), 0.0020431 secs] [Times: user=0.01 sys=0.00, real=0.00 secs] 
1545.038: [GC (Allocation Failure) [PSYoungGen: 68000K->1376K(68608K)] 391146K->324522K(736768K), 0.0027225 secs] [Times: user=0.01 sys=0.00, real=0.01 secs] 
1545.775: [GC (Allocation Failure) [PSYoungGen: 67936K->1408K(68608K)] 391082K->324554K(736768K), 0.0032245 secs] [Times: user=0.01 sys=0.00, real=0.00 secs] 
1546.724: [GC (Allocation Failure) [PSYoungGen: 67968K->1344K(68608K)] 391114K->324498K(736768K), 0.0037672 secs] [Times: user=0.02 sys=0.00, real=0.00 secs] 
1547.482: [GC (Allocation Failure) [PSYoungGen: 67904K->1376K(68608K)] 391058K->324530K(736768K), 0.0041372 secs] [Times: user=0.02 sys=0.00, real=0.00 secs] 
1547.715: [GC (Allocation Failure) [PSYoungGen: 67936K->1469K(68608K)] 391090K->324623K(736768K), 0.0019282 secs] [Times: user=0.00 sys=0.00, real=0.00 secs] 
1547.836: [GC (Allocation Failure) [PSYoungGen: 68026K->1472K(68608K)] 391181K->324626K(736768K), 0.0015539 secs] [Times: user=0.00 sys=0.00, real=0.00 secs] 
1547.953: [GC (Allocation Failure) [PSYoungGen: 68032K->1501K(68608K)] 391186K->324687K(736768K), 0.0015024 secs] [Times: user=0.00 sys=0.00, real=0.00 secs] 
1548.174: [GC (Allocation Failure) [PSYoungGen: 68061K->1984K(68608K)] 391247K->325682K(736768K), 0.0021300 secs] [Times: user=0.01 sys=0.00, real=0.00 secs] 
1548.477: [GC (Allocation Failure) [PSYoungGen: 68544K->1376K(68608K)] 392242K->325074K(736768K), 0.0018746 secs] [Times: user=0.01 sys=0.00, real=0.01 secs] 
1548.865: [GC (Allocation Failure) [PSYoungGen: 67936K->1408K(68608K)] 391634K->325106K(736768K), 0.0021470 secs] [Times: user=0.01 sys=0.00, real=0.00 secs] 
1549.141: [GC (Allocation Failure) [PSYoungGen: 67968K->1376K(68608K)] 391666K->325074K(736768K), 0.0020468 secs] [Times: user=0.01 sys=0.00, real=0.00 secs] 
1549.530: [GC (Allocation Failure) [PSYoungGen: 67936K->1408K(68608K)] 391634K->325106K(736768K), 0.0019635 secs] [Times: user=0.00 sys=0.00, real=0.00 secs] 
1549.848: [GC (Allocation Failure) [PSYoungGen: 67968K->1533K(68608K)] 391666K->325231K(736768K), 0.0015289 secs] [Times: user=0.01 sys=0.00, real=0.01 secs] 
1549.966: [GC (Allocation Failure) [PSYoungGen: 68093K->1469K(68608K)] 391791K->325167K(736768K), 0.0015553 secs] [Times: user=0.00 sys=0.00, real=0.00 secs] 
1550.083: [GC (Allocation Failure) [PSYoungGen: 68006K->1504K(68608K)] 391704K->325210K(736768K), 0.0015399 secs] [Times: user=0.00 sys=0.00, real=0.00 secs] 
1550.218: [GC (Allocation Failure) [PSYoungGen: 68064K->1469K(68608K)] 391770K->325175K(736768K), 0.0018550 secs] [Times: user=0.01 sys=0.00, real=0.01 secs] 
1551.599: [GC (Allocation Failure) [PSYoungGen: 68029K->1440K(68608K)] 391735K->325146K(736768K), 0.0029455 secs] [Times: user=0.01 sys=0.00, real=0.00 secs] 
1552.314: [GC (Allocation Failure) [PSYoungGen: 68000K->1408K(68608K)] 391706K->325114K(736768K), 0.0033121 secs] [Times: user=0.01 sys=0.00, real=0.00 secs] 
1553.300: [GC (Allocation Failure) [PSYoungGen: 67968K->1440K(68608K)] 391674K->325146K(736768K), 0.0027617 secs] [Times: user=0.02 sys=0.00, real=0.00 secs] 
1554.479: [GC (Allocation Failure) [PSYoungGen: 68000K->1408K(68608K)] 391706K->325114K(736768K), 0.0041389 secs] [Times: user=0.02 sys=0.00, real=0.00 secs] 
1555.397: [GC (Allocation Failure) [PSYoungGen: 67947K->1549K(68608K)] 391654K->325255K(736768K), 0.0020343 secs] [Times: user=0.01 sys=0.00, real=0.01 secs] 
1555.575: [GC (Allocation Failure) [PSYoungGen: 68109K->1501K(68608K)] 391815K->325207K(736768K), 0.0021648 secs] [Times: user=0.01 sys=0.00, real=0.00 secs] 
1555.747: [GC (Allocation Failure) [PSYoungGen: 68061K->1504K(68608K)] 391767K->325226K(736768K), 0.0019515 secs] [Times: user=0.01 sys=0.00, real=0.01 secs] 
1555.939: [GC (Allocation Failure) [PSYoungGen: 68064K->1424K(68608K)] 391786K->325146K(736768K), 0.0022079 secs] [Times: user=0.01 sys=0.00, real=0.00 secs] 
1556.547: [GC (Allocation Failure) [PSYoungGen: 67984K->1408K(68608K)] 391706K->325170K(736768K), 0.0023573 secs] [Times: user=0.01 sys=0.00, real=0.01 secs] 
1557.121: [GC (Allocation Failure) [PSYoungGen: 67968K->1424K(68608K)] 391730K->325186K(736768K), 0.0022125 secs] [Times: user=0.01 sys=0.00, real=0.00 secs] 
1557.635: [GC (Allocation Failure) [PSYoungGen: 67984K->1440K(68608K)] 391746K->325202K(736768K), 0.0019677 secs] [Times: user=0.01 sys=0.00, real=0.00 secs] 
1558.168: [GC (Allocation Failure) [PSYoungGen: 68000K->1408K(68608K)] 391762K->325170K(736768K), 0.0019957 secs] [Times: user=0.01 sys=0.00, real=0.01 secs] 
1558.566: [GC (Allocation Failure) [PSYoungGen: 67968K->1453K(68608K)] 391730K->325215K(736768K), 0.0025564 secs] [Times: user=0.01 sys=0.00, real=0.00 secs] 
1558.770: [GC (Allocation Failure) [PSYoungGen: 68013K->1520K(68608K)] 391775K->325282K(736768K), 0.0021330 secs] [Times: user=0.01 sys=0.00, real=0.00 secs] 
1558.965: [GC (Allocation Failure) [PSYoungGen: 68059K->1453K(68608K)] 391821K->325215K(736768K), 0.0022045 secs] [Times: user=0.01 sys=0.00, real=0.00 secs] 
1559.116: [GC (Allocation Failure) [PSYoungGen: 68013K->1501K(68608K)] 391775K->325279K(736768K), 0.0017921 secs] [Times: user=0.01 sys=0.00, real=0.00 secs] 
1559.544: [GC (Allocation Failure) [PSYoungGen: 68061K->1392K(68608K)] 391839K->325178K(736768K), 0.0031118 secs] [Times: user=0.01 sys=0.00, real=0.00 secs] 
1560.148: [GC (Allocation Failure) [PSYoungGen: 67952K->1408K(68608K)] 391738K->325194K(736768K), 0.0027527 secs] [Times: user=0.01 sys=0.00, real=0.01 secs] 
1560.876: [GC (Allocation Failure) [PSYoungGen: 67968K->1408K(68608K)] 391754K->325194K(736768K), 0.0026573 secs] [Times: user=0.02 sys=0.00, real=0.01 secs] 
1561.555: [GC (Allocation Failure) [PSYoungGen: 67968K->1376K(68608K)] 391754K->325162K(736768K), 0.0060977 secs] [Times: user=0.03 sys=0.00, real=0.01 secs] 
1562.089: [GC (Allocation Failure) [PSYoungGen: 67936K->1517K(68608K)] 391722K->325303K(736768K), 0.0018904 secs] [Times: user=0.01 sys=0.00, real=0.00 secs] 
1562.230: [GC (Allocation Failure) [PSYoungGen: 68077K->1488K(68608K)] 391863K->325274K(736768K), 0.0015233 secs] [Times: user=0.01 sys=0.00, real=0.00 secs] 
1562.346: [GC (Allocation Failure) [PSYoungGen: 68048K->1501K(68608K)] 391834K->325287K(736768K), 0.0014981 secs] [Times: user=0.01 sys=0.00, real=0.00 secs] 
1562.464: [GC (Allocation Failure) [PSYoungGen: 68061K->1440K(68608K)] 391847K->325234K(736768K), 0.0014898 secs] [Times: user=0.01 sys=0.00, real=0.00 secs] 
1563.093: [GC (Allocation Failure) [PSYoungGen: 68000K->1408K(68608K)] 391794K->325202K(736768K), 0.0020776 secs] [Times: user=0.01 sys=0.00, real=0.00 secs] 
1563.622: [GC (Allocation Failure) [PSYoungGen: 67968K->1376K(68608K)] 391762K->325170K(736768K), 0.0019365 secs] [Times: user=0.00 sys=0.00, real=0.00 secs] 
1563.899: [GC (Allocation Failure) [PSYoungGen: 67936K->1376K(68608K)] 391730K->325170K(736768K), 0.0017753 secs] [Times: user=0.01 sys=0.00, real=0.00 secs] 
1564.359: [GC (Allocation Failure) [PSYoungGen: 67936K->1376K(68608K)] 391730K->325170K(736768K), 0.0018449 secs] [Times: user=0.01 sys=0.00, real=0.00 secs] 
1564.958: [GC (Allocation Failure) [PSYoungGen: 67936K->1424K(68608K)] 391730K->325242K(736768K), 0.0020388 secs] [Times: user=0.00 sys=0.00, real=0.01 secs] 
1565.089: [GC (Allocation Failure) [PSYoungGen: 67984K->1501K(68608K)] 391802K->325319K(736768K), 0.0015515 secs] [Times: user=0.01 sys=0.00, real=0.00 secs] 
1565.206: [GC (Allocation Failure) [PSYoungGen: 68061K->1472K(68608K)] 391879K->325290K(736768K), 0.0015108 secs] [Times: user=0.01 sys=0.00, real=0.00 secs] 
1565.323: [GC (Allocation Failure) [PSYoungGen: 68032K->1456K(68608K)] 391850K->325298K(736768K), 0.0014591 secs] [Times: user=0.01 sys=0.00, real=0.00 secs] 
1565.630: [GC (Allocation Failure) [PSYoungGen: 68016K->1408K(68608K)] 391858K->325250K(736768K), 0.0020843 secs] [Times: user=0.01 sys=0.00, real=0.00 secs] 
1565.961: [GC (Allocation Failure) [PSYoungGen: 67968K->1376K(68608K)] 391810K->325218K(736768K), 0.0020159 secs] [Times: user=0.00 sys=0.00, real=0.00 secs] 
1566.544: [GC (Allocation Failure) [PSYoungGen: 67936K->1376K(68608K)] 391778K->325218K(736768K), 0.0037627 secs] [Times: user=0.01 sys=0.00, real=0.00 secs] 
1567.113: [GC (Allocation Failure) [PSYoungGen: 67936K->1408K(68608K)] 391778K->325250K(736768K), 0.0022475 secs] [Times: user=0.01 sys=0.00, real=0.00 secs] 
1567.860: [GC (Allocation Failure) [PSYoungGen: 67968K->1421K(68096K)] 391810K->325263K(736256K), 0.0026062 secs] [Times: user=0.01 sys=0.00, real=0.00 secs] 
1568.022: [GC (Allocation Failure) [PSYoungGen: 67981K->1472K(67584K)] 391823K->325314K(735744K), 0.0015349 secs] [Times: user=0.01 sys=0.00, real=0.00 secs] 
1568.157: [GC (Allocation Failure) [PSYoungGen: 67520K->1488K(68096K)] 391362K->325330K(736256K), 0.0018197 secs] [Times: user=0.01 sys=0.00, real=0.00 secs] 
1568.307: [GC (Allocation Failure) [PSYoungGen: 67536K->1501K(68096K)] 391378K->325351K(736256K), 0.0015581 secs] [Times: user=0.01 sys=0.00, real=0.00 secs] 
1569.167: [GC (Allocation Failure) [PSYoungGen: 67549K->1472K(68096K)] 391399K->325322K(736256K), 0.0025150 secs] [Times: user=0.01 sys=0.00, real=0.01 secs] 
1569.442: [GC (Allocation Failure) [PSYoungGen: 67520K->1440K(68096K)] 391370K->325290K(736256K), 0.0019207 secs] [Times: user=0.01 sys=0.00, real=0.00 secs] 
1569.804: [GC (Allocation Failure) [PSYoungGen: 67488K->1408K(68096K)] 391338K->325258K(736256K), 0.0019529 secs] [Times: user=0.01 sys=0.00, real=0.00 secs] 
1570.521: [GC (Allocation Failure) [PSYoungGen: 67456K->1376K(68096K)] 391306K->325226K(736256K), 0.0041857 secs] [Times: user=0.01 sys=0.00, real=0.00 secs] 
1571.108: [GC (Allocation Failure) [PSYoungGen: 67424K->1421K(68096K)] 391274K->325271K(736256K), 0.0024052 secs] [Times: user=0.01 sys=0.00, real=0.01 secs] 
1571.275: [GC (Allocation Failure) [PSYoungGen: 67469K->1469K(68096K)] 391319K->325319K(736256K), 0.0015560 secs] [Times: user=0.01 sys=0.00, real=0.00 secs] 
1571.391: [GC (Allocation Failure) [PSYoungGen: 67488K->1424K(67584K)] 391338K->325274K(735744K), 0.0016296 secs] [Times: user=0.01 sys=0.00, real=0.00 secs] 
1571.508: [GC (Allocation Failure) [PSYoungGen: 67472K->1472K(67072K)] 391322K->325330K(735232K), 0.0015496 secs] [Times: user=0.00 sys=0.00, real=0.01 secs] 
1571.820: [GC (Allocation Failure) [PSYoungGen: 67008K->1472K(67584K)] 390866K->325338K(735744K), 0.0018346 secs] [Times: user=0.01 sys=0.00, real=0.00 secs] 
1572.477: [GC (Allocation Failure) [PSYoungGen: 67008K->1408K(67072K)] 390874K->325274K(735232K), 0.0031939 secs] [Times: user=0.01 sys=0.00, real=0.01 secs] 
1573.096: [GC (Allocation Failure) [PSYoungGen: 66944K->1376K(67072K)] 390810K->325242K(735232K), 0.0030961 secs] [Times: user=0.01 sys=0.00, real=0.01 secs] 
1573.661: [GC (Allocation Failure) [PSYoungGen: 66912K->1408K(67072K)] 390778K->325282K(735232K), 0.0024609 secs] [Times: user=0.01 sys=0.00, real=0.00 secs] 
1574.257: [GC (Allocation Failure) [PSYoungGen: 66944K->1408K(67072K)] 390818K->325282K(735232K), 0.0026246 secs] [Times: user=0.00 sys=0.00, real=0.01 secs] 
1574.560: [GC (Allocation Failure) [PSYoungGen: 66944K->509K(66560K)] 390818K->325407K(734720K), 0.0019357 secs] [Times: user=0.01 sys=0.00, real=0.00 secs] 
1574.715: [GC (Allocation Failure) [PSYoungGen: 66045K->496K(67584K)] 390943K->325394K(735744K), 0.0020576 secs] [Times: user=0.01 sys=0.00, real=0.00 secs] 
1574.861: [GC (Allocation Failure) [PSYoungGen: 66032K->448K(67584K)] 390930K->325370K(735744K), 0.0018507 secs] [Times: user=0.01 sys=0.00, real=0.00 secs] 
1575.014: [GC (Allocation Failure) [PSYoungGen: 65984K->192K(67584K)] 390906K->325122K(735744K), 0.0015784 secs] [Times: user=0.01 sys=0.00, real=0.00 secs] 
1575.823: [GC (Allocation Failure) [PSYoungGen: 65728K->1440K(67584K)] 390658K->326370K(735744K), 0.0024863 secs] [Times: user=0.01 sys=0.00, real=0.00 secs] 
1576.141: [GC (Allocation Failure) [PSYoungGen: 66976K->1376K(67584K)] 391906K->326306K(735744K), 0.0018421 secs] [Times: user=0.01 sys=0.00, real=0.00 secs] 
1576.677: [GC (Allocation Failure) [PSYoungGen: 66912K->1376K(67584K)] 391842K->326306K(735744K), 0.0020143 secs] [Times: user=0.01 sys=0.00, real=0.01 secs] 
1577.266: [GC (Allocation Failure) [PSYoungGen: 66912K->1408K(67584K)] 391842K->326338K(735744K), 0.0021423 secs] [Times: user=0.01 sys=0.00, real=0.00 secs] 
1577.568: [GC (Allocation Failure) [PSYoungGen: 66944K->1501K(67072K)] 391874K->326431K(735232K), 0.0015461 secs] [Times: user=0.01 sys=0.00, real=0.01 secs] 
1577.681: [GC (Allocation Failure) [PSYoungGen: 66525K->1536K(67584K)] 391455K->326466K(735744K), 0.0015055 secs] [Times: user=0.01 sys=0.00, real=0.00 secs] 
1577.795: [GC (Allocation Failure) [PSYoungGen: 66560K->1456K(67584K)] 391490K->326402K(735744K), 0.0015238 secs] [Times: user=0.01 sys=0.00, real=0.00 secs] 
1577.909: [GC (Allocation Failure) [PSYoungGen: 66480K->1501K(67584K)] 391426K->326447K(735744K), 0.0014758 secs] [Times: user=0.00 sys=0.00, real=0.00 secs] 
1578.983: [GC (Allocation Failure) [PSYoungGen: 66525K->1440K(67584K)] 391471K->326386K(735744K), 0.0022665 secs] [Times: user=0.01 sys=0.00, real=0.00 secs] 
1579.493: [GC (Allocation Failure) [PSYoungGen: 66464K->1376K(66560K)] 391410K->326322K(734720K), 0.0020191 secs] [Times: user=0.01 sys=0.00, real=0.00 secs] 
1579.764: [GC (Allocation Failure) [PSYoungGen: 66400K->1440K(67072K)] 391346K->326386K(735232K), 0.0018911 secs] [Times: user=0.01 sys=0.00, real=0.00 secs] 
1580.034: [GC (Allocation Failure) [PSYoungGen: 66464K->1440K(67072K)] 391410K->326386K(735232K), 0.0018715 secs] [Times: user=0.00 sys=0.00, real=0.00 secs] 
1580.312: [GC (Allocation Failure) [PSYoungGen: 66464K->1469K(67072K)] 391410K->326415K(735232K), 0.0015033 secs] [Times: user=0.01 sys=0.00, real=0.00 secs] 
1580.426: [GC (Allocation Failure) [PSYoungGen: 66493K->1533K(67072K)] 391439K->326479K(735232K), 0.0014624 secs] [Times: user=0.00 sys=0.00, real=0.00 secs] 
1580.540: [GC (Allocation Failure) [PSYoungGen: 66557K->1456K(67072K)] 391503K->326402K(735232K), 0.0014255 secs] [Times: user=0.01 sys=0.00, real=0.00 secs] 
1580.654: [GC (Allocation Failure) [PSYoungGen: 66480K->1501K(67072K)] 391426K->326463K(735232K), 0.0015573 secs] [Times: user=0.01 sys=0.00, real=0.00 secs] 
1581.401: [GC (Allocation Failure) [PSYoungGen: 66525K->1472K(66560K)] 391487K->326434K(734720K), 0.0026537 secs] [Times: user=0.01 sys=0.00, real=0.00 secs] 
1582.034: [GC (Allocation Failure) [PSYoungGen: 66496K->1376K(66560K)] 391458K->326338K(734720K), 0.0027874 secs] [Times: user=0.01 sys=0.00, real=0.00 secs] 
1582.852: [GC (Allocation Failure) [PSYoungGen: 66400K->1408K(66560K)] 391362K->326370K(734720K), 0.0022348 secs] [Times: user=0.01 sys=0.00, real=0.00 secs] 
1583.721: [GC (Allocation Failure) [PSYoungGen: 66432K->1376K(66560K)] 391394K->326338K(734720K), 0.0034440 secs] [Times: user=0.01 sys=0.00, real=0.00 secs] 
1584.794: [GC (Allocation Failure) [PSYoungGen: 66400K->1501K(66560K)] 391362K->326463K(734720K), 0.0023243 secs] [Times: user=0.01 sys=0.00, real=0.00 secs] 
1584.990: [GC (Allocation Failure) [PSYoungGen: 66525K->1517K(66560K)] 391487K->326479K(734720K), 0.0020793 secs] [Times: user=0.01 sys=0.00, real=0.00 secs] 
1585.115: [GC (Allocation Failure) [PSYoungGen: 66541K->1501K(66560K)] 391503K->326463K(734720K), 0.0017828 secs] [Times: user=0.00 sys=0.00, real=0.00 secs] 
1585.246: [GC (Allocation Failure) [PSYoungGen: 66525K->1504K(66560K)] 391487K->326490K(734720K), 0.0019311 secs] [Times: user=0.01 sys=0.00, real=0.00 secs] 
1585.626: [GC (Allocation Failure) [PSYoungGen: 66528K->1472K(66560K)] 391514K->327482K(734720K), 0.0019547 secs] [Times: user=0.01 sys=0.00, real=0.00 secs] 
1586.374: [GC (Allocation Failure) [PSYoungGen: 66496K->1344K(66560K)] 392506K->327354K(734720K), 0.0029458 secs] [Times: user=0.01 sys=0.00, real=0.00 secs] 
1587.015: [GC (Allocation Failure) [PSYoungGen: 66368K->1408K(66560K)] 392378K->327418K(734720K), 0.0027379 secs] [Times: user=0.01 sys=0.00, real=0.00 secs] 
1587.714: [GC (Allocation Failure) [PSYoungGen: 66432K->1376K(66560K)] 392442K->327386K(734720K), 0.0026191 secs] [Times: user=0.01 sys=0.00, real=0.00 secs] 
1588.635: [GC (Allocation Failure) [PSYoungGen: 66400K->1408K(66560K)] 392410K->327418K(734720K), 0.0030903 secs] [Times: user=0.01 sys=0.00, real=0.00 secs] 
1589.025: [GC (Allocation Failure) [PSYoungGen: 66432K->1488K(67072K)] 392442K->327498K(735232K), 0.0018748 secs] [Times: user=0.00 sys=0.00, real=0.00 secs] 
1589.194: [GC (Allocation Failure) [PSYoungGen: 66512K->1488K(67072K)] 392522K->327498K(735232K), 0.0022950 secs] [Times: user=0.01 sys=0.00, real=0.00 secs] 
1589.348: [GC (Allocation Failure) [PSYoungGen: 66512K->1472K(67072K)] 392522K->327498K(735232K), 0.0015373 secs] [Times: user=0.01 sys=0.00, real=0.01 secs] 
1589.462: [GC (Allocation Failure) [PSYoungGen: 66496K->1501K(67072K)] 392522K->327527K(735232K), 0.0015315 secs] [Times: user=0.00 sys=0.00, real=0.00 secs] 
1591.577: [GC (Allocation Failure) [PSYoungGen: 66525K->1440K(67072K)] 392551K->327466K(735232K), 0.0027129 secs] [Times: user=0.01 sys=0.00, real=0.01 secs] 
1592.162: [GC (Allocation Failure) [PSYoungGen: 66464K->1376K(67072K)] 392490K->327402K(735232K), 0.0024340 secs] [Times: user=0.01 sys=0.00, real=0.00 secs] 
1592.936: [GC (Allocation Failure) [PSYoungGen: 66400K->1376K(67072K)] 392426K->327402K(735232K), 0.0024189 secs] [Times: user=0.01 sys=0.00, real=0.00 secs] 
1593.822: [GC (Allocation Failure) [PSYoungGen: 66400K->1376K(67072K)] 392426K->327402K(735232K), 0.0033001 secs] [Times: user=0.01 sys=0.01, real=0.00 secs] 
1594.511: [GC (Allocation Failure) [PSYoungGen: 66400K->1453K(67072K)] 392426K->327479K(735232K), 0.0021736 secs] [Times: user=0.01 sys=0.00, real=0.00 secs] 
1594.665: [GC (Allocation Failure) [PSYoungGen: 66477K->1424K(67072K)] 392503K->327450K(735232K), 0.0015603 secs] [Times: user=0.01 sys=0.00, real=0.00 secs] 
1594.779: [GC (Allocation Failure) [PSYoungGen: 66448K->1533K(67072K)] 392474K->327583K(735232K), 0.0017865 secs] [Times: user=0.00 sys=0.00, real=0.00 secs] 
1594.894: [GC (Allocation Failure) [PSYoungGen: 66557K->1501K(67072K)] 392607K->327551K(735232K), 0.0015537 secs] [Times: user=0.01 sys=0.00, real=0.00 secs] 
1595.406: [GC (Allocation Failure) [PSYoungGen: 66525K->1424K(67072K)] 392575K->327474K(735232K), 0.0025054 secs] [Times: user=0.01 sys=0.00, real=0.00 secs] 
1596.400: [GC (Allocation Failure) [PSYoungGen: 66448K->1408K(67072K)] 392498K->327458K(735232K), 0.0032089 secs] [Times: user=0.01 sys=0.00, real=0.00 secs] 
1597.230: [GC (Allocation Failure) [PSYoungGen: 66432K->1408K(67072K)] 392482K->327490K(735232K), 0.0031701 secs] [Times: user=0.01 sys=0.00, real=0.00 secs] 
1598.012: [GC (Allocation Failure) [PSYoungGen: 66432K->1408K(67072K)] 392514K->327490K(735232K), 0.0039541 secs] [Times: user=0.01 sys=0.00, real=0.00 secs] 
1599.013: [GC (Allocation Failure) [PSYoungGen: 66432K->1408K(67072K)] 392514K->327490K(735232K), 0.0030075 secs] [Times: user=0.02 sys=0.00, real=0.00 secs] 
1599.215: [GC (Allocation Failure) [PSYoungGen: 66432K->1453K(67072K)] 392514K->327535K(735232K), 0.0019516 secs] [Times: user=0.01 sys=0.00, real=0.00 secs] 
1599.333: [GC (Allocation Failure) [PSYoungGen: 66477K->1501K(67072K)] 392559K->327583K(735232K), 0.0017353 secs] [Times: user=0.01 sys=0.00, real=0.00 secs] 
1599.447: [GC (Allocation Failure) [PSYoungGen: 66525K->1488K(67072K)] 392607K->327594K(735232K), 0.0015005 secs] [Times: user=0.01 sys=0.00, real=0.00 secs] 
1599.727: [GC (Allocation Failure) [PSYoungGen: 66512K->1472K(67072K)] 392618K->327578K(735232K), 0.0020743 secs] [Times: user=0.01 sys=0.00, real=0.01 secs] 
1600.071: [GC (Allocation Failure) [PSYoungGen: 66496K->1408K(67072K)] 392602K->327514K(735232K), 0.0020041 secs] [Times: user=0.01 sys=0.00, real=0.00 secs] 
1600.341: [GC (Allocation Failure) [PSYoungGen: 66432K->1392K(67072K)] 392538K->327498K(735232K), 0.0018966 secs] [Times: user=0.01 sys=0.00, real=0.00 secs] 
1600.611: [GC (Allocation Failure) [PSYoungGen: 66416K->1376K(67072K)] 392522K->327482K(735232K), 0.0019583 secs] [Times: user=0.01 sys=0.00, real=0.00 secs] 
1600.955: [GC (Allocation Failure) [PSYoungGen: 66400K->1376K(67072K)] 392506K->327482K(735232K), 0.0018449 secs] [Times: user=0.01 sys=0.00, real=0.00 secs] 
1601.230: [GC (Allocation Failure) [PSYoungGen: 66400K->1501K(67072K)] 392506K->327607K(735232K), 0.0014898 secs] [Times: user=0.01 sys=0.00, real=0.00 secs] 
1601.344: [GC (Allocation Failure) [PSYoungGen: 66525K->1565K(67072K)] 392631K->327671K(735232K), 0.0015235 secs] [Times: user=0.00 sys=0.00, real=0.00 secs] 
1601.458: [GC (Allocation Failure) [PSYoungGen: 66589K->1504K(67072K)] 392695K->327618K(735232K), 0.0014776 secs] [Times: user=0.01 sys=0.00, real=0.01 secs] 
1601.571: [GC (Allocation Failure) [PSYoungGen: 66528K->1456K(67072K)] 392642K->327570K(735232K), 0.0015513 secs] [Times: user=0.01 sys=0.00, real=0.00 secs] 
1601.912: [GC (Allocation Failure) [PSYoungGen: 66480K->1424K(66560K)] 392594K->327538K(734720K), 0.0018946 secs] [Times: user=0.01 sys=0.00, real=0.00 secs] 
1602.182: [GC (Allocation Failure) [PSYoungGen: 66448K->1408K(66560K)] 392562K->327522K(734720K), 0.0017618 secs] [Times: user=0.01 sys=0.00, real=0.00 secs] 
1602.452: [GC (Allocation Failure) [PSYoungGen: 66432K->1392K(66560K)] 392546K->327538K(734720K), 0.0018552 secs] [Times: user=0.01 sys=0.00, real=0.00 secs] 
1602.722: [GC (Allocation Failure) [PSYoungGen: 66416K->1376K(66560K)] 392562K->327522K(734720K), 0.0020286 secs] [Times: user=0.01 sys=0.00, real=0.00 secs] 
1602.981: [GC (Allocation Failure) [PSYoungGen: 66400K->1453K(66560K)] 392546K->327599K(734720K), 0.0014671 secs] [Times: user=0.01 sys=0.00, real=0.00 secs] 
1603.095: [GC (Allocation Failure) [PSYoungGen: 66477K->1533K(66560K)] 392623K->327679K(734720K), 0.0015599 secs] [Times: user=0.00 sys=0.00, real=0.00 secs] 
1603.209: [GC (Allocation Failure) [PSYoungGen: 66557K->1501K(66560K)] 392703K->327655K(734720K), 0.0015335 secs] [Times: user=0.01 sys=0.00, real=0.00 secs] 
1603.339: [GC (Allocation Failure) [PSYoungGen: 66525K->1533K(70656K)] 392679K->327687K(738816K), 0.0017515 secs] [Times: user=0.01 sys=0.00, real=0.00 secs] 
1604.274: [GC (Allocation Failure) [PSYoungGen: 70141K->1440K(69632K)] 396295K->327594K(737792K), 0.0028022 secs] [Times: user=0.01 sys=0.00, real=0.00 secs] 
1605.095: [GC (Allocation Failure) [PSYoungGen: 69536K->1408K(69120K)] 395690K->327562K(737280K), 0.0027697 secs] [Times: user=0.01 sys=0.00, real=0.00 secs] 
1605.954: [GC (Allocation Failure) [PSYoungGen: 68992K->1392K(68608K)] 395146K->327546K(736768K), 0.0030788 secs] [Times: user=0.01 sys=0.00, real=0.00 secs] 
1606.689: [GC (Allocation Failure) [PSYoungGen: 68464K->1408K(68096K)] 394618K->327562K(736256K), 0.0028548 secs] [Times: user=0.01 sys=0.01, real=0.01 secs] 
1607.191: [GC (Allocation Failure) [PSYoungGen: 67968K->1453K(68096K)] 394122K->327607K(736256K), 0.0018661 secs] [Times: user=0.01 sys=0.00, real=0.00 secs] 
1607.325: [GC (Allocation Failure) [PSYoungGen: 68013K->1536K(68608K)] 394167K->327690K(736768K), 0.0015835 secs] [Times: user=0.01 sys=0.00, real=0.00 secs] 
1607.441: [GC (Allocation Failure) [PSYoungGen: 68096K->493K(67072K)] 394250K->327671K(735232K), 0.0015513 secs] [Times: user=0.00 sys=0.00, real=0.00 secs] 
1607.559: [GC (Allocation Failure) [PSYoungGen: 67053K->429K(68608K)] 394231K->327615K(736768K), 0.0014176 secs] [Times: user=0.00 sys=0.00, real=0.00 secs] 
1607.981: [GC (Allocation Failure) [PSYoungGen: 66989K->1424K(68096K)] 394175K->328610K(736256K), 0.0024263 secs] [Times: user=0.01 sys=0.00, real=0.00 secs] 
1608.495: [GC (Allocation Failure) [PSYoungGen: 67984K->1392K(68096K)] 395170K->328578K(736256K), 0.0023906 secs] [Times: user=0.01 sys=0.00, real=0.00 secs] 
1609.047: [GC (Allocation Failure) [PSYoungGen: 67952K->1408K(68096K)] 395138K->328594K(736256K), 0.0020022 secs] [Times: user=0.01 sys=0.00, real=0.00 secs] 
1609.619: [GC (Allocation Failure) [PSYoungGen: 67968K->1408K(68608K)] 395154K->328594K(736768K), 0.0020775 secs] [Times: user=0.01 sys=0.00, real=0.00 secs] 
1610.215: [GC (Allocation Failure) [PSYoungGen: 67968K->1469K(68608K)] 395154K->328655K(736768K), 0.0020821 secs] [Times: user=0.01 sys=0.00, real=0.00 secs] 
1610.347: [GC (Allocation Failure) [PSYoungGen: 68029K->1501K(68608K)] 395215K->328687K(736768K), 0.0016547 secs] [Times: user=0.01 sys=0.00, real=0.01 secs] 
1610.464: [GC (Allocation Failure) [PSYoungGen: 68036K->1501K(68608K)] 395223K->328687K(736768K), 0.0015057 secs] [Times: user=0.00 sys=0.00, real=0.00 secs] 
1610.582: [GC (Allocation Failure) [PSYoungGen: 68061K->1424K(68608K)] 395247K->328626K(736768K), 0.0015464 secs] [Times: user=0.01 sys=0.00, real=0.00 secs] 
1611.089: [GC (Allocation Failure) [PSYoungGen: 67984K->1472K(68608K)] 395186K->328674K(736768K), 0.0021839 secs] [Times: user=0.00 sys=0.00, real=0.00 secs] 
1612.014: [GC (Allocation Failure) [PSYoungGen: 68032K->1440K(68608K)] 395234K->328642K(736768K), 0.0020834 secs] [Times: user=0.01 sys=0.00, real=0.00 secs] 
1612.989: [GC (Allocation Failure) [PSYoungGen: 68000K->1408K(68608K)] 395202K->328610K(736768K), 0.0040069 secs] [Times: user=0.01 sys=0.01, real=0.00 secs] 
1613.794: [GC (Allocation Failure) [PSYoungGen: 67968K->1376K(68608K)] 395170K->328578K(736768K), 0.0032861 secs] [Times: user=0.01 sys=0.00, real=0.00 secs] 
1614.425: [GC (Allocation Failure) [PSYoungGen: 67936K->1421K(68608K)] 395138K->328623K(736768K), 0.0022753 secs] [Times: user=0.01 sys=0.00, real=0.00 secs] 
1614.628: [GC (Allocation Failure) [PSYoungGen: 67981K->1488K(68608K)] 395183K->328690K(736768K), 0.0024445 secs] [Times: user=0.01 sys=0.00, real=0.01 secs] 
1614.778: [GC (Allocation Failure) [PSYoungGen: 68048K->1469K(68608K)] 395250K->328671K(736768K), 0.0015153 secs] [Times: user=0.00 sys=0.00, real=0.01 secs] 
1614.894: [GC (Allocation Failure) [PSYoungGen: 68029K->1472K(68608K)] 395231K->328690K(736768K), 0.0015500 secs] [Times: user=0.00 sys=0.00, real=0.00 secs] 
1615.191: [GC (Allocation Failure) [PSYoungGen: 68032K->1424K(68608K)] 395250K->328642K(736768K), 0.0024051 secs] [Times: user=0.01 sys=0.00, real=0.00 secs] 
1615.857: [GC (Allocation Failure) [PSYoungGen: 67984K->1408K(68608K)] 395202K->328642K(736768K), 0.0022270 secs] [Times: user=0.01 sys=0.00, real=0.01 secs] 
1616.410: [GC (Allocation Failure) [PSYoungGen: 67968K->1408K(68608K)] 395202K->328642K(736768K), 0.0017886 secs] [Times: user=0.01 sys=0.00, real=0.00 secs] 
1616.967: [GC (Allocation Failure) [PSYoungGen: 67968K->1344K(68608K)] 395202K->328578K(736768K), 0.0019962 secs] [Times: user=0.01 sys=0.00, real=0.01 secs] 
1617.389: [GC (Allocation Failure) [PSYoungGen: 67904K->1392K(68608K)] 395138K->328626K(736768K), 0.0024331 secs] [Times: user=0.02 sys=0.00, real=0.00 secs] 
1617.576: [GC (Allocation Failure) [PSYoungGen: 67952K->1501K(68608K)] 395186K->328735K(736768K), 0.0015238 secs] [Times: user=0.01 sys=0.00, real=0.00 secs] 
1617.693: [GC (Allocation Failure) [PSYoungGen: 68061K->1501K(68608K)] 395295K->328735K(736768K), 0.0015267 secs] [Times: user=0.01 sys=0.00, real=0.00 secs] 
1617.810: [GC (Allocation Failure) [PSYoungGen: 68061K->1440K(68608K)] 395295K->328682K(736768K), 0.0015407 secs] [Times: user=0.01 sys=0.00, real=0.00 secs] 
1618.104: [GC (Allocation Failure) [PSYoungGen: 68000K->1376K(68608K)] 395242K->328618K(736768K), 0.0018315 secs] [Times: user=0.01 sys=0.00, real=0.00 secs] 
1618.844: [GC (Allocation Failure) [PSYoungGen: 67936K->1376K(68608K)] 395178K->328618K(736768K), 0.0033520 secs] [Times: user=0.02 sys=0.00, real=0.00 secs] 
1619.577: [GC (Allocation Failure) [PSYoungGen: 67936K->1376K(68608K)] 395178K->328618K(736768K), 0.0033835 secs] [Times: user=0.01 sys=0.00, real=0.01 secs] 
1620.364: [GC (Allocation Failure) [PSYoungGen: 67936K->1376K(68608K)] 395178K->328618K(736768K), 0.0032606 secs] [Times: user=0.01 sys=0.01, real=0.00 secs] 
1621.338: [GC (Allocation Failure) [PSYoungGen: 67936K->1408K(68608K)] 395178K->328650K(736768K), 0.0033453 secs] [Times: user=0.02 sys=0.00, real=0.01 secs] 
1621.617: [GC (Allocation Failure) [PSYoungGen: 67962K->1485K(68608K)] 395205K->328727K(736768K), 0.0019911 secs] [Times: user=0.00 sys=0.00, real=0.00 secs] 
1621.743: [GC (Allocation Failure) [PSYoungGen: 68045K->1469K(68608K)] 395287K->328711K(736768K), 0.0016254 secs] [Times: user=0.01 sys=0.00, real=0.00 secs] 
1621.859: [GC (Allocation Failure) [PSYoungGen: 68029K->1501K(68608K)] 395271K->328759K(736768K), 0.0015540 secs] [Times: user=0.01 sys=0.00, real=0.00 secs] 
1622.165: [GC (Allocation Failure) [PSYoungGen: 68061K->1696K(68608K)] 395319K->328954K(736768K), 0.0020377 secs] [Times: user=0.01 sys=0.00, real=0.00 secs] 
1623.295: [GC (Allocation Failure) [PSYoungGen: 68256K->1424K(68608K)] 395514K->328682K(736768K), 0.0022899 secs] [Times: user=0.00 sys=0.00, real=0.00 secs] 
1624.121: [GC (Allocation Failure) [PSYoungGen: 67984K->1376K(68608K)] 395242K->328634K(736768K), 0.0019752 secs] [Times: user=0.01 sys=0.00, real=0.00 secs] 
1624.919: [GC (Allocation Failure) [PSYoungGen: 67936K->1344K(68608K)] 395194K->328602K(736768K), 0.0019294 secs] [Times: user=0.01 sys=0.01, real=0.00 secs] 
1625.548: [GC (Allocation Failure) [PSYoungGen: 67904K->1376K(68608K)] 395162K->328634K(736768K), 0.0020127 secs] [Times: user=0.01 sys=0.00, real=0.01 secs] 
1625.942: [GC (Allocation Failure) [PSYoungGen: 67936K->1504K(68608K)] 395194K->328762K(736768K), 0.0015044 secs] [Times: user=0.00 sys=0.00, real=0.00 secs] 
1626.076: [GC (Allocation Failure) [PSYoungGen: 68064K->1456K(68608K)] 395322K->328714K(736768K), 0.0018423 secs] [Times: user=0.01 sys=0.00, real=0.00 secs] 
1626.223: [GC (Allocation Failure) [PSYoungGen: 68016K->1469K(68608K)] 395274K->328743K(736768K), 0.0018273 secs] [Times: user=0.00 sys=0.00, real=0.00 secs] 
1626.377: [GC (Allocation Failure) [PSYoungGen: 68029K->1504K(68608K)] 395303K->328810K(736768K), 0.0015213 secs] [Times: user=0.01 sys=0.00, real=0.00 secs] 
1628.256: [GC (Allocation Failure) [PSYoungGen: 68064K->1392K(68608K)] 395370K->328698K(736768K), 0.0032560 secs] [Times: user=0.02 sys=0.00, real=0.01 secs] 
1629.346: [GC (Allocation Failure) [PSYoungGen: 67952K->1376K(68608K)] 395258K->328682K(736768K), 0.0026065 secs] [Times: user=0.01 sys=0.00, real=0.01 secs] 
1629.890: [GC (Allocation Failure) [PSYoungGen: 67936K->1376K(68608K)] 395242K->328682K(736768K), 0.0022883 secs] [Times: user=0.01 sys=0.00, real=0.00 secs] 
1630.498: [GC (Allocation Failure) [PSYoungGen: 67936K->1376K(68608K)] 395242K->328682K(736768K), 0.0020979 secs] [Times: user=0.01 sys=0.00, real=0.01 secs] 
1630.854: [GC (Allocation Failure) [PSYoungGen: 67936K->1520K(68608K)] 395242K->328826K(736768K), 0.0019406 secs] [Times: user=0.01 sys=0.00, real=0.00 secs] 
1630.975: [GC (Allocation Failure) [PSYoungGen: 68080K->1501K(68608K)] 395386K->328807K(736768K), 0.0016745 secs] [Times: user=0.00 sys=0.00, real=0.00 secs] 
1631.091: [GC (Allocation Failure) [PSYoungGen: 68061K->1501K(68608K)] 395367K->328815K(736768K), 0.0017458 secs] [Times: user=0.01 sys=0.00, real=0.00 secs] 
1631.209: [GC (Allocation Failure) [PSYoungGen: 68061K->1501K(68608K)] 395375K->328823K(736768K), 0.0015148 secs] [Times: user=0.00 sys=0.00, real=0.01 secs] 
1631.536: [GC (Allocation Failure) [PSYoungGen: 68061K->1440K(68608K)] 395383K->328762K(736768K), 0.0018532 secs] [Times: user=0.01 sys=0.00, real=0.00 secs] 
1632.234: [GC (Allocation Failure) [PSYoungGen: 68000K->1360K(68608K)] 395322K->328682K(736768K), 0.0022196 secs] [Times: user=0.01 sys=0.00, real=0.00 secs] 
1632.895: [GC (Allocation Failure) [PSYoungGen: 67920K->1344K(68608K)] 395242K->328666K(736768K), 0.0020972 secs] [Times: user=0.01 sys=0.00, real=0.00 secs] 
1633.629: [GC (Allocation Failure) [PSYoungGen: 67904K->1408K(68608K)] 395226K->328730K(736768K), 0.0022651 secs] [Times: user=0.01 sys=0.00, real=0.00 secs] 
1634.273: [GC (Allocation Failure) [PSYoungGen: 67968K->1440K(68608K)] 395290K->328762K(736768K), 0.0018958 secs] [Times: user=0.01 sys=0.00, real=0.00 secs] 
1634.448: [GC (Allocation Failure) [PSYoungGen: 68000K->1517K(68608K)] 395322K->328839K(736768K), 0.0019128 secs] [Times: user=0.00 sys=0.00, real=0.01 secs] 
1634.602: [GC (Allocation Failure) [PSYoungGen: 68077K->1501K(68608K)] 395399K->328823K(736768K), 0.0018032 secs] [Times: user=0.00 sys=0.00, real=0.00 secs] 
1634.719: [GC (Allocation Failure) [PSYoungGen: 68061K->1469K(68608K)] 395383K->328807K(736768K), 0.0015297 secs] [Times: user=0.01 sys=0.00, real=0.00 secs] 
1635.585: [GC (Allocation Failure) [PSYoungGen: 68029K->1408K(68608K)] 395367K->328778K(736768K), 0.0038015 secs] [Times: user=0.02 sys=0.00, real=0.01 secs] 
1636.320: [GC (Allocation Failure) [PSYoungGen: 67968K->1408K(68608K)] 395338K->328778K(736768K), 0.0022328 secs] [Times: user=0.01 sys=0.00, real=0.00 secs] 
1637.164: [GC (Allocation Failure) [PSYoungGen: 67968K->1408K(68608K)] 395338K->328778K(736768K), 0.0023106 secs] [Times: user=0.01 sys=0.00, real=0.00 secs] 
1637.881: [GC (Allocation Failure) [PSYoungGen: 67968K->1408K(68608K)] 395338K->328778K(736768K), 0.0024062 secs] [Times: user=0.01 sys=0.00, real=0.00 secs] 
1638.314: [GC (Allocation Failure) [PSYoungGen: 67968K->1453K(68608K)] 395338K->328823K(736768K), 0.0018704 secs] [Times: user=0.01 sys=0.00, real=0.00 secs] 
1638.453: [GC (Allocation Failure) [PSYoungGen: 68013K->1520K(68608K)] 395383K->328890K(736768K), 0.0016876 secs] [Times: user=0.00 sys=0.00, real=0.00 secs] 
1638.571: [GC (Allocation Failure) [PSYoungGen: 68054K->1488K(68608K)] 395425K->328858K(736768K), 0.0016198 secs] [Times: user=0.00 sys=0.00, real=0.00 secs] 
1638.690: [GC (Allocation Failure) [PSYoungGen: 68048K->1501K(68608K)] 395418K->328887K(736768K), 0.0015088 secs] [Times: user=0.00 sys=0.00, real=0.00 secs] 
1639.312: [GC (Allocation Failure) [PSYoungGen: 68061K->1472K(68608K)] 395447K->328858K(736768K), 0.0019795 secs] [Times: user=0.01 sys=0.00, real=0.00 secs] 
1639.934: [GC (Allocation Failure) [PSYoungGen: 68032K->1376K(68608K)] 395418K->328762K(736768K), 0.0032054 secs] [Times: user=0.02 sys=0.00, real=0.00 secs] 
1640.746: [GC (Allocation Failure) [PSYoungGen: 67936K->1392K(68608K)] 395322K->328778K(736768K), 0.0042803 secs] [Times: user=0.02 sys=0.00, real=0.01 secs] 
1641.645: [GC (Allocation Failure) [PSYoungGen: 67952K->1376K(68608K)] 395338K->328762K(736768K), 0.0026821 secs] [Times: user=0.01 sys=0.00, real=0.00 secs] 
1642.293: [GC (Allocation Failure) [PSYoungGen: 67936K->1437K(68608K)] 395322K->328823K(736768K), 0.0020893 secs] [Times: user=0.01 sys=0.00, real=0.00 secs] 
1642.449: [GC (Allocation Failure) [PSYoungGen: 67997K->1469K(68608K)] 395383K->328855K(736768K), 0.0017270 secs] [Times: user=0.00 sys=0.00, real=0.00 secs] 
1642.566: [GC (Allocation Failure) [PSYoungGen: 68003K->1501K(68608K)] 395389K->328887K(736768K), 0.0015058 secs] [Times: user=0.01 sys=0.00, real=0.00 secs] 
1642.683: [GC (Allocation Failure) [PSYoungGen: 68061K->1501K(68608K)] 395447K->328903K(736768K), 0.0014981 secs] [Times: user=0.01 sys=0.00, real=0.00 secs] 
1643.498: [GC (Allocation Failure) [PSYoungGen: 68061K->1392K(68608K)] 395463K->328794K(736768K), 0.0038891 secs] [Times: user=0.01 sys=0.00, real=0.01 secs] 
1644.456: [GC (Allocation Failure) [PSYoungGen: 67952K->1408K(68608K)] 395354K->328810K(736768K), 0.0022388 secs] [Times: user=0.01 sys=0.00, real=0.01 secs] 
1645.410: [GC (Allocation Failure) [PSYoungGen: 67968K->1440K(68608K)] 395370K->328842K(736768K), 0.0024059 secs] [Times: user=0.01 sys=0.00, real=0.00 secs] 
1646.393: [GC (Allocation Failure) [PSYoungGen: 68000K->1408K(68608K)] 395402K->328810K(736768K), 0.0030752 secs] [Times: user=0.01 sys=0.00, real=0.00 secs] 
1647.187: [GC (Allocation Failure) [PSYoungGen: 67968K->1453K(68608K)] 395370K->328855K(736768K), 0.0025255 secs] [Times: user=0.01 sys=0.00, real=0.01 secs] 
1647.346: [GC (Allocation Failure) [PSYoungGen: 68013K->1469K(68608K)] 395415K->328871K(736768K), 0.0015466 secs] [Times: user=0.01 sys=0.00, real=0.00 secs] 
1647.462: [GC (Allocation Failure) [PSYoungGen: 68008K->1501K(68608K)] 395411K->328935K(736768K), 0.0017862 secs] [Times: user=0.01 sys=0.00, real=0.00 secs] 
1647.581: [GC (Allocation Failure) [PSYoungGen: 68061K->1469K(68608K)] 395495K->328919K(736768K), 0.0014966 secs] [Times: user=0.00 sys=0.00, real=0.00 secs] 
1647.791: [GC (Allocation Failure) [PSYoungGen: 68029K->1472K(68608K)] 395479K->328922K(736768K), 0.0017798 secs] [Times: user=0.00 sys=0.00, real=0.00 secs] 
1648.067: [GC (Allocation Failure) [PSYoungGen: 68032K->1344K(68608K)] 395482K->328794K(736768K), 0.0017656 secs] [Times: user=0.00 sys=0.00, real=0.01 secs] 
1648.381: [GC (Allocation Failure) [PSYoungGen: 67904K->1376K(68608K)] 395354K->328826K(736768K), 0.0017676 secs] [Times: user=0.01 sys=0.00, real=0.00 secs] 
1648.657: [GC (Allocation Failure) [PSYoungGen: 67936K->1376K(68608K)] 395386K->328826K(736768K), 0.0016331 secs] [Times: user=0.01 sys=0.00, real=0.00 secs] 
1648.927: [GC (Allocation Failure) [PSYoungGen: 67936K->1440K(68608K)] 395386K->328890K(736768K), 0.0017403 secs] [Times: user=0.01 sys=0.00, real=0.01 secs] 
1649.063: [GC (Allocation Failure) [PSYoungGen: 68000K->1485K(68608K)] 395450K->328935K(736768K), 0.0018572 secs] [Times: user=0.00 sys=0.00, real=0.00 secs] 
1649.218: [GC (Allocation Failure) [PSYoungGen: 68045K->1517K(68608K)] 395495K->328967K(736768K), 0.0016593 secs] [Times: user=0.01 sys=0.00, real=0.01 secs] 
1649.376: [GC (Allocation Failure) [PSYoungGen: 68077K->1440K(68608K)] 395527K->328898K(736768K), 0.0019055 secs] [Times: user=0.00 sys=0.00, real=0.00 secs] 
1649.838: [GC (Allocation Failure) [PSYoungGen: 68000K->1408K(68608K)] 395458K->328866K(736768K), 0.0034961 secs] [Times: user=0.02 sys=0.00, real=0.01 secs] 
1650.492: [GC (Allocation Failure) [PSYoungGen: 67968K->1440K(68608K)] 395426K->328898K(736768K), 0.0027075 secs] [Times: user=0.01 sys=0.00, real=0.00 secs] 
1650.815: [GC (Allocation Failure) [PSYoungGen: 68000K->1408K(68608K)] 395458K->328866K(736768K), 0.0021184 secs] [Times: user=0.01 sys=0.00, real=0.00 secs] 
1651.092: [GC (Allocation Failure) [PSYoungGen: 67968K->1408K(68096K)] 395426K->328866K(736256K), 0.0020905 secs] [Times: user=0.01 sys=0.00, real=0.00 secs] 
1651.467: [GC (Allocation Failure) [PSYoungGen: 67968K->1389K(68096K)] 395426K->328847K(736256K), 0.0020552 secs] [Times: user=0.01 sys=0.00, real=0.01 secs] 
1651.625: [GC (Allocation Failure) [PSYoungGen: 67949K->509K(67584K)] 395407K->328991K(735744K), 0.0018527 secs] [Times: user=0.01 sys=0.00, real=0.00 secs] 
1651.782: [GC (Allocation Failure) [PSYoungGen: 67067K->464K(68608K)] 395550K->328946K(736768K), 0.0014718 secs] [Times: user=0.00 sys=0.00, real=0.00 secs] 
1651.899: [GC (Allocation Failure) [PSYoungGen: 67024K->544K(68608K)] 395506K->329034K(736768K), 0.0014862 secs] [Times: user=0.01 sys=0.00, real=0.00 secs] 
1652.340: [GC (Allocation Failure) [PSYoungGen: 67104K->1984K(68608K)] 395594K->330986K(736768K), 0.0020492 secs] [Times: user=0.01 sys=0.00, real=0.00 secs] 
1653.426: [GC (Allocation Failure) [PSYoungGen: 68544K->1408K(69120K)] 397546K->330410K(737280K), 0.0027811 secs] [Times: user=0.01 sys=0.00, real=0.01 secs] 
1653.998: [GC (Allocation Failure) [PSYoungGen: 67968K->1344K(68096K)] 396970K->330370K(736256K), 0.0025726 secs] [Times: user=0.01 sys=0.00, real=0.01 secs] 
1654.625: [GC (Allocation Failure) [PSYoungGen: 67904K->1408K(68608K)] 396930K->330434K(736768K), 0.0028290 secs] [Times: user=0.01 sys=0.00, real=0.00 secs] 
1655.271: [GC (Allocation Failure) [PSYoungGen: 67968K->1376K(68608K)] 396994K->330402K(736768K), 0.0027256 secs] [Times: user=0.01 sys=0.00, real=0.00 secs] 
1655.503: [GC (Allocation Failure) [PSYoungGen: 67936K->1565K(68608K)] 396962K->330591K(736768K), 0.0015151 secs] [Times: user=0.01 sys=0.01, real=0.00 secs] 
1655.621: [GC (Allocation Failure) [PSYoungGen: 68125K->1501K(68608K)] 397151K->330527K(736768K), 0.0015032 secs] [Times: user=0.00 sys=0.00, real=0.00 secs] 
1655.738: [GC (Allocation Failure) [PSYoungGen: 68061K->1472K(68608K)] 397087K->330514K(736768K), 0.0015690 secs] [Times: user=0.00 sys=0.00, real=0.01 secs] 
1655.856: [GC (Allocation Failure) [PSYoungGen: 67738K->256K(68608K)] 396780K->329298K(736768K), 0.0014364 secs] [Times: user=0.01 sys=0.00, real=0.00 secs] 
1656.581: [GC (Allocation Failure) [PSYoungGen: 66816K->1408K(69120K)] 395858K->330450K(737280K), 0.0018174 secs] [Times: user=0.01 sys=0.00, real=0.00 secs] 
1657.157: [GC (Allocation Failure) [PSYoungGen: 67968K->1376K(68096K)] 397010K->330418K(736256K), 0.0024518 secs] [Times: user=0.02 sys=0.00, real=0.01 secs] 
1657.526: [GC (Allocation Failure) [PSYoungGen: 67936K->1344K(68608K)] 396978K->330386K(736768K), 0.0019823 secs] [Times: user=0.01 sys=0.00, real=0.00 secs] 
1657.803: [GC (Allocation Failure) [PSYoungGen: 67904K->1408K(68608K)] 396946K->330450K(736768K), 0.0019564 secs] [Times: user=0.01 sys=0.00, real=0.00 secs] 
1657.990: [GC (Allocation Failure) [PSYoungGen: 67968K->1501K(68608K)] 397010K->330543K(736768K), 0.0014645 secs] [Times: user=0.01 sys=0.00, real=0.00 secs] 
1658.106: [GC (Allocation Failure) [PSYoungGen: 68061K->1501K(68608K)] 397103K->330543K(736768K), 0.0015168 secs] [Times: user=0.01 sys=0.00, real=0.00 secs] 
1658.224: [GC (Allocation Failure) [PSYoungGen: 68061K->1456K(68608K)] 397103K->330506K(736768K), 0.0015155 secs] [Times: user=0.01 sys=0.00, real=0.00 secs] 
1658.341: [GC (Allocation Failure) [PSYoungGen: 68016K->1469K(68608K)] 397066K->330519K(736768K), 0.0014906 secs] [Times: user=0.00 sys=0.00, real=0.00 secs] 
1658.627: [GC (Allocation Failure) [PSYoungGen: 68029K->1408K(68096K)] 397079K->330458K(736256K), 0.0016166 secs] [Times: user=0.00 sys=0.00, real=0.00 secs] 
1658.963: [GC (Allocation Failure) [PSYoungGen: 67968K->1360K(68096K)] 397018K->330410K(736256K), 0.0020916 secs] [Times: user=0.01 sys=0.00, real=0.00 secs] 
1659.444: [GC (Allocation Failure) [PSYoungGen: 67920K->1376K(68096K)] 396970K->330426K(736256K), 0.0017928 secs] [Times: user=0.00 sys=0.00, real=0.00 secs] 
1659.958: [GC (Allocation Failure) [PSYoungGen: 67936K->1408K(68096K)] 396986K->330458K(736256K), 0.0019773 secs] [Times: user=0.01 sys=0.00, real=0.01 secs] 
1660.528: [GC (Allocation Failure) [PSYoungGen: 67968K->1472K(68096K)] 397018K->330522K(736256K), 0.0022509 secs] [Times: user=0.00 sys=0.00, real=0.01 secs] 
1660.656: [GC (Allocation Failure) [PSYoungGen: 68032K->1485K(68096K)] 397082K->330535K(736256K), 0.0016343 secs] [Times: user=0.00 sys=0.00, real=0.00 secs] 
1660.773: [GC (Allocation Failure) [PSYoungGen: 68045K->1501K(68096K)] 397095K->330559K(736256K), 0.0015094 secs] [Times: user=0.01 sys=0.00, real=0.00 secs] 
1660.890: [GC (Allocation Failure) [PSYoungGen: 68061K->1453K(71680K)] 397119K->330519K(739840K), 0.0016436 secs] [Times: user=0.01 sys=0.00, real=0.00 secs] 
1663.198: [GC (Allocation Failure) [PSYoungGen: 71085K->1424K(70656K)] 400151K->330490K(738816K), 0.0032168 secs] [Times: user=0.01 sys=0.00, real=0.01 secs] 
1663.902: [GC (Allocation Failure) [PSYoungGen: 70544K->1408K(70144K)] 399610K->330474K(738304K), 0.0023220 secs] [Times: user=0.01 sys=0.00, real=0.00 secs] 
1664.640: [GC (Allocation Failure) [PSYoungGen: 70016K->1392K(69632K)] 399082K->330458K(737792K), 0.0027156 secs] [Times: user=0.01 sys=0.00, real=0.00 secs] 
1665.421: [GC (Allocation Failure) [PSYoungGen: 69488K->1408K(69120K)] 398554K->330474K(737280K), 0.0024425 secs] [Times: user=0.01 sys=0.00, real=0.00 secs] 
1665.809: [GC (Allocation Failure) [PSYoungGen: 68992K->1469K(68608K)] 398058K->330535K(736768K), 0.0016641 secs] [Times: user=0.01 sys=0.00, real=0.01 secs] 
1665.944: [GC (Allocation Failure) [PSYoungGen: 68541K->1472K(68096K)] 397607K->330538K(736256K), 0.0021893 secs] [Times: user=0.00 sys=0.00, real=0.00 secs] 
1666.091: [GC (Allocation Failure) [PSYoungGen: 68032K->1520K(68096K)] 397098K->330610K(736256K), 0.0019883 secs] [Times: user=0.01 sys=0.00, real=0.00 secs] 
1666.212: [GC (Allocation Failure) [PSYoungGen: 68080K->1501K(71680K)] 397170K->330623K(739840K), 0.0015575 secs] [Times: user=0.01 sys=0.00, real=0.00 secs] 
1668.208: [GC (Allocation Failure) [PSYoungGen: 71133K->1440K(70656K)] 400255K->330562K(738816K), 0.0033877 secs] [Times: user=0.01 sys=0.00, real=0.01 secs] 
1669.132: [GC (Allocation Failure) [PSYoungGen: 70560K->1408K(70144K)] 399682K->330530K(738304K), 0.0037161 secs] [Times: user=0.01 sys=0.00, real=0.00 secs] 
1670.009: [GC (Allocation Failure) [PSYoungGen: 70016K->1408K(69632K)] 399138K->330530K(737792K), 0.0026672 secs] [Times: user=0.01 sys=0.00, real=0.00 secs] 
1670.653: [GC (Allocation Failure) [PSYoungGen: 69504K->1408K(69120K)] 398626K->330530K(737280K), 0.0025393 secs] [Times: user=0.01 sys=0.00, real=0.00 secs] 
1670.985: [GC (Allocation Failure) [PSYoungGen: 68992K->1533K(68608K)] 398114K->330655K(736768K), 0.0020056 secs] [Times: user=0.01 sys=0.00, real=0.00 secs] 
1671.110: [GC (Allocation Failure) [PSYoungGen: 68598K->1488K(68096K)] 397721K->330610K(736256K), 0.0015474 secs] [Times: user=0.01 sys=0.00, real=0.00 secs] 
1671.226: [GC (Allocation Failure) [PSYoungGen: 68048K->1485K(68096K)] 397170K->330607K(736256K), 0.0014988 secs] [Times: user=0.01 sys=0.00, real=0.00 secs] 
1671.343: [GC (Allocation Failure) [PSYoungGen: 68045K->1501K(68096K)] 397167K->330639K(736256K), 0.0015583 secs] [Times: user=0.01 sys=0.00, real=0.00 secs] 
1672.531: [GC (Allocation Failure) [PSYoungGen: 68061K->1440K(68096K)] 397199K->330578K(736256K), 0.0029910 secs] [Times: user=0.01 sys=0.00, real=0.00 secs] 
1673.279: [GC (Allocation Failure) [PSYoungGen: 68000K->1376K(68096K)] 397138K->330514K(736256K), 0.0030475 secs] [Times: user=0.01 sys=0.00, real=0.00 secs] 
1674.062: [GC (Allocation Failure) [PSYoungGen: 67936K->1408K(68096K)] 397074K->330546K(736256K), 0.0023680 secs] [Times: user=0.01 sys=0.00, real=0.00 secs] 
1674.833: [GC (Allocation Failure) [PSYoungGen: 67968K->1376K(68096K)] 397106K->330514K(736256K), 0.0029794 secs] [Times: user=0.02 sys=0.00, real=0.00 secs] 
1675.238: [GC (Allocation Failure) [PSYoungGen: 67936K->1485K(68096K)] 397074K->330623K(736256K), 0.0018592 secs] [Times: user=0.01 sys=0.00, real=0.01 secs] 
1675.369: [GC (Allocation Failure) [PSYoungGen: 68045K->1456K(68608K)] 397183K->330594K(736768K), 0.0015151 secs] [Times: user=0.00 sys=0.00, real=0.01 secs] 
1675.486: [GC (Allocation Failure) [PSYoungGen: 68016K->1533K(68608K)] 397154K->330671K(736768K), 0.0015125 secs] [Times: user=0.01 sys=0.00, real=0.00 secs] 
1675.603: [GC (Allocation Failure) [PSYoungGen: 68093K->1501K(68608K)] 397231K->330655K(736768K), 0.0015167 secs] [Times: user=0.00 sys=0.00, real=0.00 secs] 
1676.342: [GC (Allocation Failure) [PSYoungGen: 68061K->1440K(68608K)] 397215K->330626K(736768K), 0.0021734 secs] [Times: user=0.01 sys=0.00, real=0.00 secs] 
1676.906: [GC (Allocation Failure) [PSYoungGen: 68000K->1408K(68608K)] 397186K->330594K(736768K), 0.0025213 secs] [Times: user=0.01 sys=0.00, real=0.00 secs] 
1677.741: [GC (Allocation Failure) [PSYoungGen: 67968K->1408K(68608K)] 397154K->330594K(736768K), 0.0030339 secs] [Times: user=0.02 sys=0.00, real=0.00 secs] 
1678.782: [GC (Allocation Failure) [PSYoungGen: 67968K->1440K(68608K)] 397154K->330626K(736768K), 0.0041529 secs] [Times: user=0.02 sys=0.00, real=0.00 secs] 
1679.578: [GC (Allocation Failure) [PSYoungGen: 68000K->1453K(68608K)] 397186K->330639K(736768K), 0.0021450 secs] [Times: user=0.01 sys=0.00, real=0.01 secs] 
1679.776: [GC (Allocation Failure) [PSYoungGen: 68013K->1488K(68608K)] 397199K->330674K(736768K), 0.0022543 secs] [Times: user=0.00 sys=0.00, real=0.00 secs] 
1679.916: [GC (Allocation Failure) [PSYoungGen: 68048K->1504K(68608K)] 397234K->330690K(736768K), 0.0017790 secs] [Times: user=0.01 sys=0.00, real=0.00 secs] 
1680.035: [GC (Allocation Failure) [PSYoungGen: 68064K->1488K(68608K)] 397250K->330690K(736768K), 0.0017422 secs] [Times: user=0.01 sys=0.00, real=0.00 secs] 
1680.597: [GC (Allocation Failure) [PSYoungGen: 68048K->1424K(68608K)] 397250K->330626K(736768K), 0.0031878 secs] [Times: user=0.01 sys=0.01, real=0.01 secs] 
1681.299: [GC (Allocation Failure) [PSYoungGen: 67984K->1376K(68608K)] 397186K->330578K(736768K), 0.0026658 secs] [Times: user=0.01 sys=0.00, real=0.00 secs] 
1682.131: [GC (Allocation Failure) [PSYoungGen: 67936K->1376K(68608K)] 397138K->330578K(736768K), 0.0041581 secs] [Times: user=0.02 sys=0.00, real=0.00 secs] 
1683.050: [GC (Allocation Failure) [PSYoungGen: 67936K->1360K(68608K)] 397138K->330562K(736768K), 0.0037923 secs] [Times: user=0.01 sys=0.00, real=0.00 secs] 
1683.633: [GC (Allocation Failure) [PSYoungGen: 67920K->1517K(68608K)] 397122K->330719K(736768K), 0.0023160 secs] [Times: user=0.01 sys=0.00, real=0.00 secs] 
1683.788: [GC (Allocation Failure) [PSYoungGen: 68077K->1488K(68608K)] 397279K->330690K(736768K), 0.0014825 secs] [Times: user=0.00 sys=0.00, real=0.01 secs] 
1683.905: [GC (Allocation Failure) [PSYoungGen: 68033K->1456K(68608K)] 397235K->330658K(736768K), 0.0014546 secs] [Times: user=0.01 sys=0.00, real=0.00 secs] 
1684.021: [GC (Allocation Failure) [PSYoungGen: 68016K->1520K(68608K)] 397218K->330738K(736768K), 0.0014870 secs] [Times: user=0.00 sys=0.00, real=0.00 secs] 
1684.505: [GC (Allocation Failure) [PSYoungGen: 68080K->1440K(68608K)] 397298K->330658K(736768K), 0.0026464 secs] [Times: user=0.01 sys=0.00, real=0.00 secs] 
1685.122: [GC (Allocation Failure) [PSYoungGen: 68000K->1376K(68608K)] 397218K->330594K(736768K), 0.0032581 secs] [Times: user=0.01 sys=0.00, real=0.00 secs] 
1685.748: [GC (Allocation Failure) [PSYoungGen: 67936K->1376K(68608K)] 397154K->330618K(736768K), 0.0028033 secs] [Times: user=0.01 sys=0.00, real=0.01 secs] 
1686.183: [GC (Allocation Failure) [PSYoungGen: 67936K->1440K(68608K)] 397178K->330682K(736768K), 0.0021565 secs] [Times: user=0.01 sys=0.00, real=0.00 secs] 
1686.475: [GC (Allocation Failure) [PSYoungGen: 68000K->1437K(68608K)] 397242K->330679K(736768K), 0.0018831 secs] [Times: user=0.01 sys=0.00, real=0.00 secs] 
1686.596: [GC (Allocation Failure) [PSYoungGen: 67997K->1501K(68608K)] 397239K->330743K(736768K), 0.0015016 secs] [Times: user=0.01 sys=0.00, real=0.00 secs] 
1686.712: [GC (Allocation Failure) [PSYoungGen: 68061K->1533K(68608K)] 397303K->330775K(736768K), 0.0015160 secs] [Times: user=0.01 sys=0.00, real=0.00 secs] 
1686.829: [GC (Allocation Failure) [PSYoungGen: 68093K->1504K(68608K)] 397335K->330762K(736768K), 0.0018317 secs] [Times: user=0.01 sys=0.00, real=0.01 secs] 
1687.846: [GC (Allocation Failure) [PSYoungGen: 68064K->1504K(68096K)] 397322K->330762K(736256K), 0.0045037 secs] [Times: user=0.02 sys=0.00, real=0.01 secs] 
1688.560: [GC (Allocation Failure) [PSYoungGen: 68064K->1376K(68096K)] 397322K->330634K(736256K), 0.0027506 secs] [Times: user=0.01 sys=0.00, real=0.00 secs] 
1689.314: [GC (Allocation Failure) [PSYoungGen: 67936K->1376K(68096K)] 397194K->330634K(736256K), 0.0021174 secs] [Times: user=0.01 sys=0.00, real=0.00 secs] 
1689.942: [GC (Allocation Failure) [PSYoungGen: 67936K->1360K(68096K)] 397194K->330618K(736256K), 0.0022242 secs] [Times: user=0.01 sys=0.00, real=0.00 secs] 
1690.930: [GC (Allocation Failure) [PSYoungGen: 67920K->1469K(68096K)] 397178K->330727K(736256K), 0.0025029 secs] [Times: user=0.01 sys=0.00, real=0.00 secs] 
1691.135: [GC (Allocation Failure) [PSYoungGen: 68029K->1501K(68096K)] 397287K->330759K(736256K), 0.0024793 secs] [Times: user=0.01 sys=0.00, real=0.00 secs] 
1691.326: [GC (Allocation Failure) [PSYoungGen: 68061K->1472K(68096K)] 397319K->330730K(736256K), 0.0019742 secs] [Times: user=0.01 sys=0.01, real=0.00 secs] 
1691.468: [GC (Allocation Failure) [PSYoungGen: 68032K->1485K(68096K)] 397290K->330759K(736256K), 0.0018044 secs] [Times: user=0.01 sys=0.00, real=0.01 secs] 
1691.731: [GC (Allocation Failure) [PSYoungGen: 68045K->1440K(68096K)] 397319K->330714K(736256K), 0.0024185 secs] [Times: user=0.01 sys=0.00, real=0.00 secs] 
1692.243: [GC (Allocation Failure) [PSYoungGen: 68000K->1376K(68096K)] 397274K->330650K(736256K), 0.0024977 secs] [Times: user=0.01 sys=0.00, real=0.00 secs] 
1692.786: [GC (Allocation Failure) [PSYoungGen: 67936K->1408K(68096K)] 397210K->330682K(736256K), 0.0023357 secs] [Times: user=0.01 sys=0.00, real=0.01 secs] 
1693.320: [GC (Allocation Failure) [PSYoungGen: 67968K->1376K(68096K)] 397242K->330650K(736256K), 0.0022728 secs] [Times: user=0.01 sys=0.00, real=0.00 secs] 
1693.877: [GC (Allocation Failure) [PSYoungGen: 67936K->1488K(68096K)] 397210K->330762K(736256K), 0.0020851 secs] [Times: user=0.01 sys=0.00, real=0.01 secs] 
1694.075: [GC (GCLocker Initiated GC) [PSYoungGen: 68048K->1456K(68096K)] 397322K->330730K(736256K), 0.0024128 secs] [Times: user=0.01 sys=0.00, real=0.00 secs] 
1694.222: [GC (Allocation Failure) [PSYoungGen: 68016K->1437K(68608K)] 397326K->330746K(736768K), 0.0015637 secs] [Times: user=0.00 sys=0.00, real=0.00 secs] 
1694.338: [GC (Allocation Failure) [PSYoungGen: 67997K->1504K(68608K)] 397306K->330830K(736768K), 0.0015785 secs] [Times: user=0.01 sys=0.00, real=0.01 secs] 
1694.513: [GC (Allocation Failure) [PSYoungGen: 68064K->2016K(68608K)] 397390K->331341K(736768K), 0.0020140 secs] [Times: user=0.01 sys=0.00, real=0.00 secs] 
1694.793: [GC (Allocation Failure) [PSYoungGen: 68576K->1408K(68608K)] 397901K->330757K(736768K), 0.0025343 secs] [Times: user=0.01 sys=0.00, real=0.00 secs] 
1695.067: [GC (Allocation Failure) [PSYoungGen: 67968K->1392K(68608K)] 397317K->330749K(736768K), 0.0020368 secs] [Times: user=0.01 sys=0.00, real=0.01 secs] 
1695.343: [GC (Allocation Failure) [PSYoungGen: 67952K->1472K(68608K)] 397309K->330829K(736768K), 0.0018742 secs] [Times: user=0.01 sys=0.00, real=0.00 secs] 
1695.620: [GC (Allocation Failure) [PSYoungGen: 68032K->1472K(68608K)] 397389K->330829K(736768K), 0.0018560 secs] [Times: user=0.00 sys=0.00, real=0.00 secs] 
1695.785: [GC (Allocation Failure) [PSYoungGen: 68032K->1520K(68608K)] 397389K->330878K(736768K), 0.0015303 secs] [Times: user=0.00 sys=0.01, real=0.00 secs] 
1695.902: [GC (Allocation Failure) [PSYoungGen: 68080K->1520K(68608K)] 397438K->330878K(736768K), 0.0015330 secs] [Times: user=0.01 sys=0.00, real=0.00 secs] 
1696.018: [GC (Allocation Failure) [PSYoungGen: 68080K->1536K(68608K)] 397438K->330902K(736768K), 0.0016302 secs] [Times: user=0.00 sys=0.00, real=0.01 secs] 
1696.210: [GC (Allocation Failure) [PSYoungGen: 68096K->1600K(75776K)] 397462K->330965K(743936K), 0.0043338 secs] [Times: user=0.02 sys=0.00, real=0.00 secs] 
1697.047: [GC (Allocation Failure) [PSYoungGen: 75328K->1440K(75776K)] 404693K->330805K(743936K), 0.0040916 secs] [Times: user=0.01 sys=0.01, real=0.01 secs] 
1697.944: [GC (Allocation Failure) [PSYoungGen: 75168K->1456K(83968K)] 404533K->330829K(752128K), 0.0386709 secs] [Times: user=0.14 sys=0.06, real=0.04 secs] 
1698.982: [GC (Allocation Failure) [PSYoungGen: 83376K->1376K(83968K)] 412749K->330789K(752128K), 0.0026688 secs] [Times: user=0.01 sys=0.00, real=0.00 secs] 
1700.110: [GC (Allocation Failure) [PSYoungGen: 83296K->1565K(93184K)] 412709K->330987K(761344K), 0.0047737 secs] [Times: user=0.01 sys=0.01, real=0.00 secs] 
1700.307: [GC (Allocation Failure) [PSYoungGen: 92681K->1565K(93696K)] 422103K->330987K(761856K), 0.0018206 secs] [Times: user=0.01 sys=0.00, real=0.01 secs] 
1700.468: [GC (Allocation Failure) [PSYoungGen: 93213K->1581K(102912K)] 422635K->331003K(771072K), 0.0051030 secs] [Times: user=0.00 sys=0.02, real=0.01 secs] 
1701.891: [GC (Allocation Failure) [PSYoungGen: 102445K->1472K(102912K)] 431867K->330893K(771072K), 0.0090014 secs] [Times: user=0.03 sys=0.02, real=0.01 secs] 
1703.101: [GC (Allocation Failure) [PSYoungGen: 102336K->1440K(113152K)] 431757K->330861K(781312K), 0.0027910 secs] [Times: user=0.01 sys=0.00, real=0.00 secs] 
1704.229: [GC (Allocation Failure) [PSYoungGen: 113056K->1376K(112128K)] 442477K->330813K(780288K), 0.0033348 secs] [Times: user=0.01 sys=0.00, real=0.00 secs] 
1704.577: [GC (Allocation Failure) [PSYoungGen: 111968K->1517K(111104K)] 441405K->330963K(779264K), 0.0016173 secs] [Times: user=0.01 sys=0.00, real=0.01 secs] 
1704.768: [GC (Allocation Failure) [PSYoungGen: 111085K->1597K(110592K)] 440531K->331043K(778752K), 0.0017420 secs] [Times: user=0.01 sys=0.00, real=0.01 secs] 
1705.836: [GC (Allocation Failure) [PSYoungGen: 110141K->480K(108032K)] 439587K->330949K(776192K), 0.0031505 secs] [Times: user=0.01 sys=0.00, real=0.01 secs] 
1706.854: [GC (Allocation Failure) [PSYoungGen: 108000K->384K(108544K)] 438469K->330853K(776704K), 0.0024817 secs] [Times: user=0.01 sys=0.00, real=0.00 secs] 
1708.506: [GC (Allocation Failure) [PSYoungGen: 106880K->352K(105984K)] 437349K->330821K(774144K), 0.0036500 secs] [Times: user=0.01 sys=0.00, real=0.01 secs] 
1709.155: [GC (Allocation Failure) [PSYoungGen: 105824K->1597K(107008K)] 436293K->332067K(775168K), 0.0017135 secs] [Times: user=0.00 sys=0.01, real=0.00 secs] 
1709.338: [GC (Allocation Failure) [PSYoungGen: 106045K->1597K(105472K)] 436515K->332067K(773632K), 0.0017912 secs] [Times: user=0.01 sys=0.00, real=0.01 secs] 
1710.454: [GC (Allocation Failure) [PSYoungGen: 105021K->1472K(103936K)] 435491K->331941K(772096K), 0.0026005 secs] [Times: user=0.01 sys=0.00, real=0.00 secs] 
1710.875: [GC (Allocation Failure) [PSYoungGen: 103872K->1408K(102912K)] 434341K->331885K(771072K), 0.0020250 secs] [Times: user=0.00 sys=0.00, real=0.00 secs] 
1711.296: [GC (Allocation Failure) [PSYoungGen: 102784K->1408K(101888K)] 433261K->331885K(770048K), 0.0023559 secs] [Times: user=0.01 sys=0.00, real=0.00 secs] 
1711.730: [GC (Allocation Failure) [PSYoungGen: 101760K->1533K(100864K)] 432237K->332011K(769024K), 0.0021707 secs] [Times: user=0.01 sys=0.00, real=0.00 secs] 
1711.966: [GC (Allocation Failure) [PSYoungGen: 100861K->1520K(99840K)] 431339K->331998K(768000K), 0.0022730 secs] [Times: user=0.01 sys=0.00, real=0.00 secs] 
1712.241: [GC (Allocation Failure) [PSYoungGen: 99824K->2528K(99840K)] 430302K->333037K(768000K), 0.0021211 secs] [Times: user=0.01 sys=0.00, real=0.00 secs] 
1713.097: [GC (Allocation Failure) [PSYoungGen: 99808K->1440K(98304K)] 430317K->331949K(766464K), 0.0029643 secs] [Times: user=0.01 sys=0.00, real=0.01 secs] 
1713.861: [GC (Allocation Failure) [PSYoungGen: 98208K->1408K(97792K)] 428717K->331917K(765952K), 0.0031832 secs] [Times: user=0.01 sys=0.00, real=0.00 secs] 
1714.657: [GC (Allocation Failure) [PSYoungGen: 97664K->1504K(97280K)] 428173K->332014K(765440K), 0.0021465 secs] [Times: user=0.01 sys=0.00, real=0.01 secs] 
1714.853: [GC (Allocation Failure) [PSYoungGen: 97248K->1597K(97280K)] 427758K->332107K(765440K), 0.0018010 secs] [Times: user=0.00 sys=0.00, real=0.00 secs] 
1715.021: [GC (Allocation Failure) [PSYoungGen: 96829K->1552K(96768K)] 427339K->332062K(764928K), 0.0017216 secs] [Times: user=0.01 sys=0.00, real=0.00 secs] 
1716.264: [GC (Allocation Failure) [PSYoungGen: 96272K->1472K(95744K)] 426782K->331981K(763904K), 0.0034892 secs] [Times: user=0.01 sys=0.00, real=0.00 secs] 
1717.452: [GC (Allocation Failure) [PSYoungGen: 95680K->1392K(95232K)] 426189K->331901K(763392K), 0.0033110 secs] [Times: user=0.01 sys=0.00, real=0.00 secs] 
1718.399: [GC (Allocation Failure) [PSYoungGen: 95088K->1408K(94720K)] 425597K->331941K(762880K), 0.0028822 secs] [Times: user=0.01 sys=0.00, real=0.00 secs] 
1718.990: [GC (Allocation Failure) [PSYoungGen: 94592K->1517K(94208K)] 425125K->332051K(762368K), 0.0018365 secs] [Times: user=0.01 sys=0.00, real=0.00 secs] 
1719.162: [GC (Allocation Failure) [PSYoungGen: 94189K->1424K(93696K)] 424723K->331958K(761856K), 0.0016781 secs] [Times: user=0.01 sys=0.00, real=0.00 secs] 
1719.324: [GC (Allocation Failure) [PSYoungGen: 93584K->1504K(93184K)] 424118K->332038K(761344K), 0.0017445 secs] [Times: user=0.01 sys=0.00, real=0.00 secs] 
1719.982: [GC (Allocation Failure) [PSYoungGen: 93152K->1440K(92672K)] 423686K->331973K(760832K), 0.0018376 secs] [Times: user=0.01 sys=0.00, real=0.00 secs] 
1720.424: [GC (Allocation Failure) [PSYoungGen: 92576K->1376K(92160K)] 423109K->331909K(760320K), 0.0019407 secs] [Times: user=0.01 sys=0.00, real=0.00 secs] 
1721.005: [GC (Allocation Failure) [PSYoungGen: 92000K->1408K(91648K)] 422533K->331941K(759808K), 0.0018773 secs] [Times: user=0.01 sys=0.00, real=0.00 secs] 
1721.480: [GC (Allocation Failure) [PSYoungGen: 91520K->1533K(91136K)] 422053K->332075K(759296K), 0.0022854 secs] [Times: user=0.01 sys=0.00, real=0.00 secs] 
1721.640: [GC (Allocation Failure) [PSYoungGen: 91133K->1469K(90624K)] 421675K->332011K(758784K), 0.0015354 secs] [Times: user=0.01 sys=0.00, real=0.00 secs] 
1721.822: [GC (Allocation Failure) [PSYoungGen: 90557K->1488K(90112K)] 421099K->332030K(758272K), 0.0020007 secs] [Times: user=0.01 sys=0.00, real=0.00 secs] 
1722.373: [GC (Allocation Failure) [PSYoungGen: 90064K->1376K(89600K)] 420606K->331917K(757760K), 0.0019478 secs] [Times: user=0.01 sys=0.00, real=0.00 secs] 
1722.739: [GC (Allocation Failure) [PSYoungGen: 89440K->1408K(89088K)] 419981K->331949K(757248K), 0.0031143 secs] [Times: user=0.02 sys=0.00, real=0.00 secs] 
1723.305: [GC (Allocation Failure) [PSYoungGen: 88960K->1376K(88576K)] 419501K->331917K(756736K), 0.0024652 secs] [Times: user=0.01 sys=0.00, real=0.00 secs] 
1723.726: [GC (Allocation Failure) [PSYoungGen: 88416K->1424K(88064K)] 418957K->331966K(756224K), 0.0019998 secs] [Times: user=0.01 sys=0.00, real=0.00 secs] 
1723.880: [GC (Allocation Failure) [PSYoungGen: 87952K->1533K(87552K)] 418494K->332107K(755712K), 0.0016218 secs] [Times: user=0.00 sys=0.00, real=0.00 secs] 
1724.032: [GC (Allocation Failure) [PSYoungGen: 87549K->1533K(87040K)] 418123K->332131K(755200K), 0.0017390 secs] [Times: user=0.00 sys=0.00, real=0.00 secs] 
1724.357: [GC (Allocation Failure) [PSYoungGen: 87037K->1472K(86528K)] 417635K->332069K(754688K), 0.0018871 secs] [Times: user=0.01 sys=0.00, real=0.01 secs] 
1724.728: [GC (Allocation Failure) [PSYoungGen: 86464K->1408K(86016K)] 417061K->332005K(754176K), 0.0018868 secs] [Times: user=0.01 sys=0.00, real=0.01 secs] 
1725.145: [GC (Allocation Failure) [PSYoungGen: 85888K->1408K(85504K)] 416485K->332005K(753664K), 0.0018405 secs] [Times: user=0.01 sys=0.00, real=0.00 secs] 
1725.478: [GC (Allocation Failure) [PSYoungGen: 85376K->1440K(84992K)] 415973K->332038K(753152K), 0.0015642 secs] [Times: user=0.00 sys=0.00, real=0.01 secs] 
1725.630: [GC (Allocation Failure) [PSYoungGen: 84896K->1533K(84480K)] 415494K->332131K(752640K), 0.0015706 secs] [Times: user=0.01 sys=0.00, real=0.00 secs] 
1725.780: [GC (Allocation Failure) [PSYoungGen: 84477K->1504K(83968K)] 415075K->332102K(752128K), 0.0017442 secs] [Times: user=0.00 sys=0.00, real=0.00 secs] 
1726.562: [GC (Allocation Failure) [PSYoungGen: 83936K->912K(82944K)] 414534K->332533K(751104K), 0.0051471 secs] [Times: user=0.01 sys=0.00, real=0.00 secs] 
1727.502: [GC (Allocation Failure) [PSYoungGen: 82832K->384K(81920K)] 414453K->332005K(750080K), 0.0022308 secs] [Times: user=0.01 sys=0.00, real=0.00 secs] 
1728.124: [GC (Allocation Failure) [PSYoungGen: 81792K->384K(81408K)] 413413K->332005K(749568K), 0.0036300 secs] [Times: user=0.02 sys=0.00, real=0.00 secs] 
1728.768: [GC (Allocation Failure) [PSYoungGen: 81280K->384K(82432K)] 412901K->332005K(750592K), 0.0029082 secs] [Times: user=0.02 sys=0.00, real=0.01 secs] 
1729.199: [GC (Allocation Failure) [PSYoungGen: 80768K->1517K(81408K)] 412389K->333139K(749568K), 0.0020301 secs] [Times: user=0.01 sys=0.00, real=0.01 secs] 
1729.353: [GC (Allocation Failure) [PSYoungGen: 81389K->1501K(80896K)] 413011K->333123K(749056K), 0.0016097 secs] [Times: user=0.01 sys=0.00, real=0.00 secs] 
1729.493: [GC (Allocation Failure) [PSYoungGen: 80861K->1536K(80896K)] 412483K->333158K(749056K), 0.0016287 secs] [Times: user=0.01 sys=0.00, real=0.00 secs] 
1729.796: [GC (Allocation Failure) [PSYoungGen: 80384K->1440K(79872K)] 412006K->333061K(748032K), 0.0019433 secs] [Times: user=0.00 sys=0.00, real=0.00 secs] 
1730.492: [GC (Allocation Failure) [PSYoungGen: 79776K->1408K(79872K)] 411397K->333029K(748032K), 0.0020547 secs] [Times: user=0.01 sys=0.00, real=0.00 secs] 
1731.168: [GC (Allocation Failure) [PSYoungGen: 79232K->1408K(78848K)] 410853K->333029K(747008K), 0.0021388 secs] [Times: user=0.01 sys=0.00, real=0.01 secs] 
1731.891: [GC (Allocation Failure) [PSYoungGen: 78720K->1408K(78336K)] 410341K->333029K(746496K), 0.0020634 secs] [Times: user=0.00 sys=0.00, real=0.00 secs] 
1732.200: [GC (Allocation Failure) [PSYoungGen: 78208K->1456K(77824K)] 409829K->333078K(745984K), 0.0017214 secs] [Times: user=0.01 sys=0.00, real=0.00 secs] 
1732.335: [GC (Allocation Failure) [PSYoungGen: 77744K->1456K(77312K)] 409366K->333078K(745472K), 0.0014833 secs] [Times: user=0.01 sys=0.00, real=0.00 secs] 
1732.469: [GC (Allocation Failure) [PSYoungGen: 77232K->1533K(76800K)] 408854K->333155K(744960K), 0.0015984 secs] [Times: user=0.01 sys=0.00, real=0.01 secs] 
1732.746: [GC (Allocation Failure) [PSYoungGen: 76797K->1504K(76288K)] 408419K->333125K(744448K), 0.0018877 secs] [Times: user=0.00 sys=0.00, real=0.00 secs] 
1733.454: [GC (Allocation Failure) [PSYoungGen: 76256K->1408K(75776K)] 407877K->333029K(743936K), 0.0025357 secs] [Times: user=0.01 sys=0.01, real=0.00 secs] 
1734.394: [GC (Allocation Failure) [PSYoungGen: 75648K->1408K(75264K)] 407269K->333029K(743424K), 0.0034996 secs] [Times: user=0.01 sys=0.00, real=0.00 secs] 
1735.349: [GC (Allocation Failure) [PSYoungGen: 75136K->1344K(74752K)] 406757K->332965K(742912K), 0.0042351 secs] [Times: user=0.02 sys=0.00, real=0.00 secs] 
1735.918: [GC (Allocation Failure) [PSYoungGen: 74560K->1453K(74240K)] 406181K->333099K(742400K), 0.0021464 secs] [Times: user=0.00 sys=0.00, real=0.01 secs] 
1736.067: [GC (Allocation Failure) [PSYoungGen: 74157K->1472K(73728K)] 405803K->333118K(741888K), 0.0015737 secs] [Times: user=0.00 sys=0.00, real=0.00 secs] 
1736.193: [GC (Allocation Failure) [PSYoungGen: 73664K->1501K(73216K)] 405310K->333147K(741376K), 0.0014792 secs] [Times: user=0.01 sys=0.00, real=0.00 secs] 
1736.318: [GC (Allocation Failure) [PSYoungGen: 73181K->1440K(72704K)] 404827K->333085K(740864K), 0.0016880 secs] [Times: user=0.00 sys=0.00, real=0.01 secs] 
1736.864: [GC (Allocation Failure) [PSYoungGen: 72608K->1376K(72192K)] 404253K->333021K(740352K), 0.0018846 secs] [Times: user=0.01 sys=0.00, real=0.00 secs] 
1737.617: [GC (Allocation Failure) [PSYoungGen: 72032K->1376K(71680K)] 403677K->333021K(739840K), 0.0026894 secs] [Times: user=0.01 sys=0.00, real=0.01 secs] 
1738.273: [GC (Allocation Failure) [PSYoungGen: 71520K->1408K(71168K)] 403165K->333053K(739328K), 0.0022728 secs] [Times: user=0.01 sys=0.00, real=0.00 secs] 
1738.880: [GC (Allocation Failure) [PSYoungGen: 71040K->1456K(70656K)] 402685K->333102K(738816K), 0.0022187 secs] [Times: user=0.01 sys=0.00, real=0.00 secs] 
1739.039: [GC (Allocation Failure) [PSYoungGen: 70568K->1424K(70144K)] 402213K->333070K(738304K), 0.0015147 secs] [Times: user=0.01 sys=0.00, real=0.01 secs] 
1739.159: [GC (Allocation Failure) [PSYoungGen: 70032K->1488K(69632K)] 401678K->333134K(737792K), 0.0015932 secs] [Times: user=0.00 sys=0.00, real=0.00 secs] 
1739.278: [GC (Allocation Failure) [PSYoungGen: 69584K->1488K(69120K)] 401230K->333134K(737280K), 0.0015699 secs] [Times: user=0.00 sys=0.00, real=0.01 secs] 
1740.118: [GC (Allocation Failure) [PSYoungGen: 69072K->1472K(68608K)] 400718K->333117K(736768K), 0.0033976 secs] [Times: user=0.01 sys=0.00, real=0.01 secs] 
1741.193: [GC (Allocation Failure) [PSYoungGen: 68544K->1408K(68096K)] 400189K->333053K(736256K), 0.0040032 secs] [Times: user=0.02 sys=0.00, real=0.00 secs] 
1742.310: [GC (Allocation Failure) [PSYoungGen: 67968K->1408K(68096K)] 399613K->333053K(736256K), 0.0030427 secs] [Times: user=0.01 sys=0.00, real=0.00 secs] 
1743.189: [GC (Allocation Failure) [PSYoungGen: 67968K->1376K(68608K)] 399613K->333021K(736768K), 0.0029796 secs] [Times: user=0.01 sys=0.00, real=0.00 secs] 
1744.202: [GC (Allocation Failure) [PSYoungGen: 67936K->1456K(68608K)] 399581K->333102K(736768K), 0.0038078 secs] [Times: user=0.02 sys=0.00, real=0.00 secs] 
1744.413: [GC (Allocation Failure) [PSYoungGen: 68016K->1485K(68608K)] 399662K->333131K(736768K), 0.0026451 secs] [Times: user=0.01 sys=0.00, real=0.00 secs] 
1744.566: [GC (Allocation Failure) [PSYoungGen: 68045K->1501K(68608K)] 399691K->333147K(736768K), 0.0020248 secs] [Times: user=0.01 sys=0.00, real=0.00 secs] 
1744.712: [GC (Allocation Failure) [PSYoungGen: 68061K->1536K(68608K)] 399707K->333198K(736768K), 0.0015476 secs] [Times: user=0.01 sys=0.00, real=0.00 secs] 
1745.178: [GC (Allocation Failure) [PSYoungGen: 68096K->1920K(68608K)] 399758K->333581K(736768K), 0.0028702 secs] [Times: user=0.01 sys=0.00, real=0.01 secs] 
1745.822: [GC (Allocation Failure) [PSYoungGen: 68480K->1376K(68608K)] 400141K->333037K(736768K), 0.0023784 secs] [Times: user=0.01 sys=0.00, real=0.00 secs] 
1746.715: [GC (Allocation Failure) [PSYoungGen: 67936K->1408K(68608K)] 399597K->333069K(736768K), 0.0028133 secs] [Times: user=0.01 sys=0.00, real=0.00 secs] 
1747.352: [GC (Allocation Failure) [PSYoungGen: 67968K->1376K(68608K)] 399629K->333069K(736768K), 0.0018698 secs] [Times: user=0.00 sys=0.00, real=0.00 secs] 
1748.214: [GC (Allocation Failure) [PSYoungGen: 67936K->1360K(68608K)] 399629K->333053K(736768K), 0.0025543 secs] [Times: user=0.01 sys=0.00, real=0.00 secs] 
1748.773: [GC (Allocation Failure) [PSYoungGen: 67920K->1456K(68608K)] 399613K->333150K(736768K), 0.0019818 secs] [Times: user=0.01 sys=0.00, real=0.00 secs] 
1748.894: [GC (Allocation Failure) [PSYoungGen: 68016K->1424K(68608K)] 399710K->333118K(736768K), 0.0015113 secs] [Times: user=0.01 sys=0.00, real=0.00 secs] 
1749.011: [GC (Allocation Failure) [PSYoungGen: 67984K->1504K(68608K)] 399678K->333214K(736768K), 0.0015549 secs] [Times: user=0.00 sys=0.00, real=0.00 secs] 
1749.129: [GC (Allocation Failure) [PSYoungGen: 68064K->1440K(68608K)] 399774K->333149K(736768K), 0.0016675 secs] [Times: user=0.01 sys=0.01, real=0.01 secs] 
1750.772: [GC (Allocation Failure) [PSYoungGen: 68000K->1408K(68608K)] 399709K->333117K(736768K), 0.0027548 secs] [Times: user=0.01 sys=0.00, real=0.00 secs] 
1751.388: [GC (Allocation Failure) [PSYoungGen: 67968K->1376K(68608K)] 399677K->333085K(736768K), 0.0022391 secs] [Times: user=0.01 sys=0.00, real=0.01 secs] 
1751.971: [GC (Allocation Failure) [PSYoungGen: 67936K->1376K(68608K)] 399645K->333085K(736768K), 0.0020823 secs] [Times: user=0.00 sys=0.00, real=0.00 secs] 
1752.591: [GC (Allocation Failure) [PSYoungGen: 67936K->1408K(68608K)] 399645K->333117K(736768K), 0.0023046 secs] [Times: user=0.01 sys=0.00, real=0.00 secs] 
1752.911: [GC (Allocation Failure) [PSYoungGen: 67968K->1533K(68608K)] 399677K->333243K(736768K), 0.0015188 secs] [Times: user=0.00 sys=0.00, real=0.00 secs] 
1753.028: [GC (Allocation Failure) [PSYoungGen: 68093K->1501K(68608K)] 399803K->333211K(736768K), 0.0015707 secs] [Times: user=0.00 sys=0.00, real=0.01 secs] 
1753.145: [GC (Allocation Failure) [PSYoungGen: 68061K->1456K(68608K)] 399771K->333190K(736768K), 0.0015677 secs] [Times: user=0.01 sys=0.00, real=0.00 secs] 
1753.261: [GC (Allocation Failure) [PSYoungGen: 68016K->1501K(68608K)] 399750K->333235K(736768K), 0.0015457 secs] [Times: user=0.01 sys=0.00, real=0.00 secs] 
1754.621: [GC (Allocation Failure) [PSYoungGen: 68061K->1440K(68608K)] 399795K->333173K(736768K), 0.0033371 secs] [Times: user=0.01 sys=0.00, real=0.00 secs] 
1755.564: [GC (Allocation Failure) [PSYoungGen: 68000K->1376K(68608K)] 399733K->333109K(736768K), 0.0037049 secs] [Times: user=0.01 sys=0.01, real=0.00 secs] 
1756.406: [GC (Allocation Failure) [PSYoungGen: 67936K->1360K(68608K)] 399669K->333093K(736768K), 0.0041893 secs] [Times: user=0.01 sys=0.00, real=0.01 secs] 
1757.097: [GC (Allocation Failure) [PSYoungGen: 67920K->1440K(68608K)] 399653K->333205K(736768K), 0.0031076 secs] [Times: user=0.01 sys=0.00, real=0.01 secs] 
1757.703: [GC (Allocation Failure) [PSYoungGen: 68000K->1501K(68608K)] 399765K->333267K(736768K), 0.0022190 secs] [Times: user=0.00 sys=0.00, real=0.00 secs] 
1757.840: [GC (Allocation Failure) [PSYoungGen: 68061K->1453K(68608K)] 399827K->333219K(736768K), 0.0014980 secs] [Times: user=0.01 sys=0.00, real=0.00 secs] 
1757.957: [GC (Allocation Failure) [PSYoungGen: 68013K->1456K(68608K)] 399779K->333246K(736768K), 0.0015148 secs] [Times: user=0.01 sys=0.00, real=0.01 secs] 
1758.074: [GC (Allocation Failure) [PSYoungGen: 68016K->1501K(68608K)] 399806K->333291K(736768K), 0.0015563 secs] [Times: user=0.00 sys=0.00, real=0.00 secs] 
1758.807: [GC (Allocation Failure) [PSYoungGen: 68061K->1440K(68608K)] 399851K->333229K(736768K), 0.0025959 secs] [Times: user=0.01 sys=0.00, real=0.01 secs] 
1759.156: [GC (Allocation Failure) [PSYoungGen: 68000K->1408K(68608K)] 399789K->333197K(736768K), 0.0020603 secs] [Times: user=0.01 sys=0.00, real=0.00 secs] 
1759.443: [GC (Allocation Failure) [PSYoungGen: 67968K->1408K(68608K)] 399757K->333197K(736768K), 0.0020813 secs] [Times: user=0.00 sys=0.00, real=0.00 secs] 
1759.726: [GC (Allocation Failure) [PSYoungGen: 67968K->1440K(68608K)] 399757K->333229K(736768K), 0.0019129 secs] [Times: user=0.01 sys=0.00, real=0.00 secs] 
1759.988: [GC (Allocation Failure) [PSYoungGen: 68000K->1469K(68608K)] 399789K->333259K(736768K), 0.0014514 secs] [Times: user=0.00 sys=0.00, real=0.01 secs] 
1760.105: [GC (Allocation Failure) [PSYoungGen: 68029K->1501K(68608K)] 399819K->333291K(736768K), 0.0014793 secs] [Times: user=0.01 sys=0.00, real=0.00 secs] 
1760.221: [GC (Allocation Failure) [PSYoungGen: 68061K->1533K(68608K)] 399851K->333323K(736768K), 0.0014927 secs] [Times: user=0.01 sys=0.00, real=0.00 secs] 
1760.338: [GC (Allocation Failure) [PSYoungGen: 68093K->1533K(68608K)] 399883K->333331K(736768K), 0.0015664 secs] [Times: user=0.01 sys=0.00, real=0.01 secs] 
1761.075: [GC (Allocation Failure) [PSYoungGen: 68093K->1440K(68096K)] 399891K->333237K(736256K), 0.0024678 secs] [Times: user=0.00 sys=0.00, real=0.00 secs] 
1761.943: [GC (Allocation Failure) [PSYoungGen: 68000K->1408K(68096K)] 399797K->333205K(736256K), 0.0027008 secs] [Times: user=0.01 sys=0.00, real=0.00 secs] 
1762.601: [GC (Allocation Failure) [PSYoungGen: 67968K->1344K(68096K)] 399765K->333141K(736256K), 0.0026604 secs] [Times: user=0.01 sys=0.00, real=0.00 secs] 
1763.159: [GC (Allocation Failure) [PSYoungGen: 67904K->1376K(68096K)] 399701K->333173K(736256K), 0.0021679 secs] [Times: user=0.01 sys=0.00, real=0.00 secs] 
1763.419: [GC (Allocation Failure) [PSYoungGen: 67936K->1533K(68096K)] 399733K->333331K(736256K), 0.0019632 secs] [Times: user=0.01 sys=0.00, real=0.00 secs] 
1763.540: [GC (Allocation Failure) [PSYoungGen: 68093K->1453K(68096K)] 399891K->333251K(736256K), 0.0016132 secs] [Times: user=0.00 sys=0.00, real=0.00 secs] 
1763.657: [GC (Allocation Failure) [PSYoungGen: 68013K->1488K(68096K)] 399811K->333286K(736256K), 0.0015090 secs] [Times: user=0.01 sys=0.00, real=0.01 secs] 
1763.774: [GC (Allocation Failure) [PSYoungGen: 68048K->1501K(68096K)] 399846K->333331K(736256K), 0.0015343 secs] [Times: user=0.01 sys=0.00, real=0.00 secs] 
1765.093: [GC (Allocation Failure) [PSYoungGen: 68061K->1472K(68096K)] 399891K->333301K(736256K), 0.0034048 secs] [Times: user=0.01 sys=0.00, real=0.00 secs] 
1766.167: [GC (Allocation Failure) [PSYoungGen: 68032K->1344K(68096K)] 399861K->333173K(736256K), 0.0043321 secs] [Times: user=0.02 sys=0.00, real=0.01 secs] 
1767.164: [GC (Allocation Failure) [PSYoungGen: 67904K->1376K(68096K)] 399733K->333205K(736256K), 0.0038678 secs] [Times: user=0.01 sys=0.00, real=0.00 secs] 
1767.966: [GC (Allocation Failure) [PSYoungGen: 67936K->1440K(68096K)] 399765K->333269K(736256K), 0.0024667 secs] [Times: user=0.01 sys=0.00, real=0.01 secs] 
1768.525: [GC (Allocation Failure) [PSYoungGen: 68000K->1485K(68096K)] 399829K->333315K(736256K), 0.0021495 secs] [Times: user=0.01 sys=0.00, real=0.00 secs] 
1768.662: [GC (Allocation Failure) [PSYoungGen: 68045K->1501K(68608K)] 399875K->333339K(736768K), 0.0015411 secs] [Times: user=0.01 sys=0.00, real=0.00 secs] 
1768.797: [GC (Allocation Failure) [PSYoungGen: 68061K->1456K(68608K)] 399899K->333294K(736768K), 0.0019567 secs] [Times: user=0.01 sys=0.00, real=0.01 secs] 
1768.947: [GC (Allocation Failure) [PSYoungGen: 68016K->1501K(68608K)] 399854K->333355K(736768K), 0.0018739 secs] [Times: user=0.01 sys=0.00, real=0.01 secs] 
1769.324: [GC (Allocation Failure) [PSYoungGen: 68061K->1376K(68608K)] 399915K->333229K(736768K), 0.0018710 secs] [Times: user=0.01 sys=0.00, real=0.00 secs] 
1770.107: [GC (Allocation Failure) [PSYoungGen: 67936K->1408K(68608K)] 399789K->333261K(736768K), 0.0040278 secs] [Times: user=0.01 sys=0.00, real=0.01 secs] 
1770.903: [GC (Allocation Failure) [PSYoungGen: 67968K->1408K(68608K)] 399821K->333261K(736768K), 0.0038689 secs] [Times: user=0.01 sys=0.00, real=0.00 secs] 
1771.475: [GC (Allocation Failure) [PSYoungGen: 67968K->1408K(68608K)] 399821K->333261K(736768K), 0.0030886 secs] [Times: user=0.02 sys=0.00, real=0.00 secs] 
1771.993: [GC (Allocation Failure) [PSYoungGen: 67968K->1437K(68608K)] 399821K->333291K(736768K), 0.0022634 secs] [Times: user=0.01 sys=0.00, real=0.00 secs] 
1772.185: [GC (Allocation Failure) [PSYoungGen: 67997K->1437K(68608K)] 399851K->333291K(736768K), 0.0020547 secs] [Times: user=0.01 sys=0.00, real=0.00 secs] 
1772.362: [GC (Allocation Failure) [PSYoungGen: 67997K->1469K(68608K)] 399851K->333323K(736768K), 0.0022107 secs] [Times: user=0.01 sys=0.00, real=0.00 secs] 
1772.555: [GC (Allocation Failure) [PSYoungGen: 68029K->1469K(68608K)] 399883K->333331K(736768K), 0.0022165 secs] [Times: user=0.01 sys=0.00, real=0.00 secs] 
1772.954: [GC (Allocation Failure) [PSYoungGen: 68029K->1440K(68096K)] 399891K->333301K(736256K), 0.0029082 secs] [Times: user=0.01 sys=0.00, real=0.00 secs] 
1773.503: [GC (Allocation Failure) [PSYoungGen: 68000K->1424K(68096K)] 399861K->333285K(736256K), 0.0023014 secs] [Times: user=0.01 sys=0.00, real=0.00 secs] 
1774.034: [GC (Allocation Failure) [PSYoungGen: 67984K->352K(67584K)] 399845K->333237K(735744K), 0.0031163 secs] [Times: user=0.01 sys=0.00, real=0.00 secs] 
1774.345: [GC (Allocation Failure) [PSYoungGen: 66912K->416K(68608K)] 399797K->333301K(736768K), 0.0020622 secs] [Times: user=0.01 sys=0.00, real=0.00 secs] 
1774.764: [GC (Allocation Failure) [PSYoungGen: 66975K->1469K(68608K)] 399861K->334379K(736768K), 0.0022861 secs] [Times: user=0.01 sys=0.00, real=0.00 secs] 
1774.980: [GC (Allocation Failure) [PSYoungGen: 68029K->1485K(68608K)] 400939K->334395K(736768K), 0.0022278 secs] [Times: user=0.01 sys=0.00, real=0.00 secs] 
1775.147: [GC (Allocation Failure) [PSYoungGen: 68030K->1504K(68608K)] 400940K->334414K(736768K), 0.0018816 secs] [Times: user=0.01 sys=0.00, real=0.01 secs] 
1775.302: [GC (Allocation Failure) [PSYoungGen: 68064K->1469K(68608K)] 400974K->334395K(736768K), 0.0015458 secs] [Times: user=0.01 sys=0.00, real=0.00 secs] 
1775.764: [GC (Allocation Failure) [PSYoungGen: 68029K->1440K(68608K)] 400955K->334365K(736768K), 0.0034264 secs] [Times: user=0.01 sys=0.00, real=0.00 secs] 
1777.151: [GC (Allocation Failure) [PSYoungGen: 68000K->1344K(68608K)] 400925K->334269K(736768K), 0.0041053 secs] [Times: user=0.02 sys=0.00, real=0.00 secs] 
1777.569: [GC (Allocation Failure) [PSYoungGen: 67904K->1440K(68608K)] 400829K->334365K(736768K), 0.0019969 secs] [Times: user=0.01 sys=0.00, real=0.00 secs] 
1777.856: [GC (Allocation Failure) [PSYoungGen: 68000K->1376K(68608K)] 400925K->334301K(736768K), 0.0029935 secs] [Times: user=0.01 sys=0.00, real=0.00 secs] 
1778.168: [GC (Allocation Failure) [PSYoungGen: 67764K->256K(68608K)] 400689K->333181K(736768K), 0.0024920 secs] [Times: user=0.01 sys=0.00, real=0.01 secs] 
1778.344: [GC (Allocation Failure) [PSYoungGen: 66816K->1533K(68608K)] 399741K->334459K(736768K), 0.0014566 secs] [Times: user=0.00 sys=0.00, real=0.00 secs] 
1778.478: [GC (Allocation Failure) [PSYoungGen: 68084K->1504K(68608K)] 401010K->334430K(736768K), 0.0019607 secs] [Times: user=0.01 sys=0.00, real=0.01 secs] 
1778.638: [GC (Allocation Failure) [PSYoungGen: 68064K->1472K(68608K)] 400990K->334406K(736768K), 0.0015255 secs] [Times: user=0.01 sys=0.00, real=0.01 secs] 
1778.781: [GC (Allocation Failure) [PSYoungGen: 68032K->2016K(68096K)] 400966K->335469K(736256K), 0.0018068 secs] [Times: user=0.01 sys=0.00, real=0.00 secs] 
1779.057: [GC (Allocation Failure) [PSYoungGen: 68064K->1376K(68608K)] 401517K->334829K(736768K), 0.0020568 secs] [Times: user=0.01 sys=0.00, real=0.01 secs] 
1779.331: [GC (Allocation Failure) [PSYoungGen: 67424K->1408K(67584K)] 400877K->334861K(735744K), 0.0020766 secs] [Times: user=0.01 sys=0.00, real=0.00 secs] 
1779.606: [GC (Allocation Failure) [PSYoungGen: 67456K->1376K(68096K)] 400909K->334829K(736256K), 0.0019780 secs] [Times: user=0.01 sys=0.00, real=0.00 secs] 
1779.882: [GC (Allocation Failure) [PSYoungGen: 67424K->1408K(68096K)] 400877K->334861K(736256K), 0.0029618 secs] [Times: user=0.01 sys=0.00, real=0.00 secs] 
1780.118: [GC (Allocation Failure) [PSYoungGen: 67456K->1456K(68096K)] 400909K->334910K(736256K), 0.0020088 secs] [Times: user=0.00 sys=0.00, real=0.01 secs] 
1780.237: [GC (Allocation Failure) [PSYoungGen: 67504K->1472K(68096K)] 400958K->334926K(736256K), 0.0015459 secs] [Times: user=0.00 sys=0.00, real=0.01 secs] 
1780.371: [GC (Allocation Failure) [PSYoungGen: 67509K->1501K(68096K)] 400963K->334971K(736256K), 0.0020560 secs] [Times: user=0.00 sys=0.00, real=0.00 secs] 
1780.516: [GC (Allocation Failure) [PSYoungGen: 67549K->1469K(75264K)] 401019K->334939K(743424K), 0.0016976 secs] [Times: user=0.00 sys=0.00, real=0.00 secs] 
1782.003: [GC (Allocation Failure) [PSYoungGen: 74685K->1440K(74240K)] 408155K->334909K(742400K), 0.0034356 secs] [Times: user=0.02 sys=0.00, real=0.00 secs] 
1782.833: [GC (Allocation Failure) [PSYoungGen: 74144K->1408K(73728K)] 407613K->334877K(741888K), 0.0025960 secs] [Times: user=0.01 sys=0.00, real=0.00 secs] 
1783.550: [GC (Allocation Failure) [PSYoungGen: 73600K->1440K(73216K)] 407069K->334909K(741376K), 0.0023455 secs] [Times: user=0.01 sys=0.00, real=0.00 secs] 
1784.316: [GC (Allocation Failure) [PSYoungGen: 73120K->1456K(72704K)] 406589K->334926K(740864K), 0.0034502 secs] [Times: user=0.01 sys=0.00, real=0.01 secs] 
1784.531: [GC (Allocation Failure) [PSYoungGen: 72624K->1501K(72192K)] 406094K->334971K(740352K), 0.0016478 secs] [Times: user=0.01 sys=0.00, real=0.00 secs] 
1784.676: [GC (Allocation Failure) [PSYoungGen: 72157K->1437K(71680K)] 405627K->334923K(739840K), 0.0020057 secs] [Times: user=0.01 sys=0.00, real=0.00 secs] 
1784.839: [GC (Allocation Failure) [PSYoungGen: 71581K->1469K(71168K)] 405067K->334979K(739328K), 0.0018764 secs] [Times: user=0.00 sys=0.00, real=0.00 secs] 
1785.982: [GC (Allocation Failure) [PSYoungGen: 71101K->1440K(70656K)] 404611K->334949K(738816K), 0.0044530 secs] [Times: user=0.01 sys=0.00, real=0.00 secs] 
1786.934: [GC (Allocation Failure) [PSYoungGen: 70560K->1344K(70144K)] 404069K->334853K(738304K), 0.0039377 secs] [Times: user=0.02 sys=0.00, real=0.00 secs] 
1787.920: [GC (Allocation Failure) [PSYoungGen: 69952K->1408K(69632K)] 403461K->334917K(737792K), 0.0032036 secs] [Times: user=0.02 sys=0.00, real=0.00 secs] 
1788.716: [GC (Allocation Failure) [PSYoungGen: 69504K->1376K(69120K)] 403013K->334885K(737280K), 0.0033896 secs] [Times: user=0.02 sys=0.01, real=0.01 secs] 
1789.269: [GC (Allocation Failure) [PSYoungGen: 68957K->1469K(68608K)] 402467K->334979K(736768K), 0.0021471 secs] [Times: user=0.01 sys=0.00, real=0.00 secs] 
1789.412: [GC (Allocation Failure) [PSYoungGen: 68541K->1533K(68096K)] 402051K->335043K(736256K), 0.0015533 secs] [Times: user=0.01 sys=0.00, real=0.00 secs] 
1789.529: [GC (Allocation Failure) [PSYoungGen: 68093K->1520K(68608K)] 401603K->335030K(736768K), 0.0019841 secs] [Times: user=0.00 sys=0.00, real=0.00 secs] 
1789.646: [GC (Allocation Failure) [PSYoungGen: 68080K->1488K(68608K)] 401590K->334998K(736768K), 0.0014563 secs] [Times: user=0.01 sys=0.00, real=0.00 secs] 
1790.117: [GC (Allocation Failure) [PSYoungGen: 68048K->1456K(68608K)] 401558K->334973K(736768K), 0.0021661 secs] [Times: user=0.01 sys=0.00, real=0.01 secs] 
1790.540: [GC (Allocation Failure) [PSYoungGen: 68016K->1408K(68608K)] 401533K->334925K(736768K), 0.0019559 secs] [Times: user=0.01 sys=0.00, real=0.00 secs] 
1791.369: [GC (Allocation Failure) [PSYoungGen: 67968K->1440K(68608K)] 401485K->334957K(736768K), 0.0026685 secs] [Times: user=0.01 sys=0.00, real=0.01 secs] 
1792.041: [GC (Allocation Failure) [PSYoungGen: 68000K->1440K(68608K)] 401517K->334957K(736768K), 0.0021755 secs] [Times: user=0.01 sys=0.00, real=0.00 secs] 
1792.796: [GC (Allocation Failure) [PSYoungGen: 68000K->1485K(68608K)] 401517K->335003K(736768K), 0.0022558 secs] [Times: user=0.01 sys=0.01, real=0.00 secs] 
1792.959: [GC (Allocation Failure) [PSYoungGen: 68040K->1533K(68608K)] 401558K->335051K(736768K), 0.0015752 secs] [Times: user=0.01 sys=0.00, real=0.00 secs] 
1793.076: [GC (Allocation Failure) [PSYoungGen: 68093K->1533K(68608K)] 401611K->335051K(736768K), 0.0015294 secs] [Times: user=0.00 sys=0.00, real=0.00 secs] 
1793.211: [GC (Allocation Failure) [PSYoungGen: 68093K->1520K(68608K)] 401611K->335054K(736768K), 0.0019337 secs] [Times: user=0.01 sys=0.00, real=0.00 secs] 
1793.443: [GC (Allocation Failure) [PSYoungGen: 68080K->1456K(68608K)] 401614K->334989K(736768K), 0.0020079 secs] [Times: user=0.01 sys=0.00, real=0.00 secs] 
1793.719: [GC (Allocation Failure) [PSYoungGen: 68016K->1424K(68608K)] 401549K->334957K(736768K), 0.0019990 secs] [Times: user=0.01 sys=0.00, real=0.00 secs] 
1793.996: [GC (Allocation Failure) [PSYoungGen: 67984K->1408K(68608K)] 401517K->334973K(736768K), 0.0019404 secs] [Times: user=0.01 sys=0.00, real=0.00 secs] 
1794.439: [GC (Allocation Failure) [PSYoungGen: 67968K->1408K(68608K)] 401533K->334973K(736768K), 0.0021069 secs] [Times: user=0.01 sys=0.00, real=0.00 secs] 
1795.128: [GC (Allocation Failure) [PSYoungGen: 67968K->1501K(68608K)] 401533K->335067K(736768K), 0.0021540 secs] [Times: user=0.00 sys=0.00, real=0.01 secs] 
1795.292: [GC (Allocation Failure) [PSYoungGen: 68061K->1565K(68608K)] 401627K->335131K(736768K), 0.0018237 secs] [Times: user=0.00 sys=0.00, real=0.00 secs] 
1795.447: [GC (Allocation Failure) [PSYoungGen: 68117K->1565K(68608K)] 401683K->335131K(736768K), 0.0016822 secs] [Times: user=0.01 sys=0.00, real=0.00 secs] 
1795.564: [GC (Allocation Failure) [PSYoungGen: 68125K->1533K(68608K)] 401691K->335139K(736768K), 0.0017920 secs] [Times: user=0.01 sys=0.00, real=0.00 secs] 
1795.852: [GC (Allocation Failure) [PSYoungGen: 68093K->1472K(68096K)] 401699K->335085K(736256K), 0.0024836 secs] [Times: user=0.01 sys=0.00, real=0.00 secs] 
1796.837: [GC (Allocation Failure) [PSYoungGen: 68032K->1376K(68096K)] 401645K->334989K(736256K), 0.0024876 secs] [Times: user=0.01 sys=0.00, real=0.01 secs] 
1797.555: [GC (Allocation Failure) [PSYoungGen: 67936K->1408K(68096K)] 401549K->335021K(736256K), 0.0025999 secs] [Times: user=0.01 sys=0.00, real=0.00 secs] 
1798.321: [GC (Allocation Failure) [PSYoungGen: 67968K->1408K(68096K)] 401581K->335021K(736256K), 0.0029270 secs] [Times: user=0.01 sys=0.00, real=0.00 secs] 
1799.066: [GC (Allocation Failure) [PSYoungGen: 67968K->1408K(68096K)] 401581K->335021K(736256K), 0.0026077 secs] [Times: user=0.01 sys=0.00, real=0.00 secs] 
1799.269: [GC (Allocation Failure) [PSYoungGen: 67968K->1485K(68096K)] 401581K->335099K(736256K), 0.0016362 secs] [Times: user=0.01 sys=0.00, real=0.00 secs] 
1799.386: [GC (Allocation Failure) [PSYoungGen: 68042K->1533K(68096K)] 401656K->335147K(736256K), 0.0016392 secs] [Times: user=0.01 sys=0.00, real=0.00 secs] 
1799.504: [GC (Allocation Failure) [PSYoungGen: 68093K->1485K(68096K)] 401707K->335131K(736256K), 0.0017004 secs] [Times: user=0.01 sys=0.00, real=0.00 secs] 
1799.633: [GC (Allocation Failure) [PSYoungGen: 68045K->672K(70656K)] 401691K->335341K(738816K), 0.0017773 secs] [Times: user=0.01 sys=0.00, real=0.00 secs] 
1800.668: [GC (Allocation Failure) [PSYoungGen: 69792K->352K(69120K)] 404461K->335021K(737280K), 0.0024836 secs] [Times: user=0.01 sys=0.00, real=0.01 secs] 
1801.528: [GC (Allocation Failure) [PSYoungGen: 68960K->384K(69632K)] 403629K->335053K(737792K), 0.0023816 secs] [Times: user=0.01 sys=0.00, real=0.01 secs] 
1802.397: [GC (Allocation Failure) [PSYoungGen: 68480K->384K(68096K)] 403149K->335053K(736256K), 0.0023958 secs] [Times: user=0.01 sys=0.00, real=0.01 secs] 
1803.709: [GC (Allocation Failure) [PSYoungGen: 67968K->384K(69120K)] 402637K->335053K(737280K), 0.0032052 secs] [Times: user=0.01 sys=0.00, real=0.00 secs] 
1803.969: [GC (Allocation Failure) [PSYoungGen: 67456K->1488K(68096K)] 402125K->336158K(736256K), 0.0016461 secs] [Times: user=0.01 sys=0.00, real=0.00 secs] 
1804.104: [GC (Allocation Failure) [PSYoungGen: 68048K->1472K(69120K)] 402718K->336142K(737280K), 0.0018578 secs] [Times: user=0.01 sys=0.00, real=0.00 secs] 
1804.259: [GC (Allocation Failure) [PSYoungGen: 68032K->1456K(69120K)] 402702K->336142K(737280K), 0.0022397 secs] [Times: user=0.01 sys=0.00, real=0.00 secs] 
1804.848: [GC (Allocation Failure) [PSYoungGen: 68016K->1984K(69120K)] 402702K->336669K(737280K), 0.0021249 secs] [Times: user=0.01 sys=0.00, real=0.01 secs] 
1805.568: [GC (Allocation Failure) [PSYoungGen: 68544K->1376K(69120K)] 403229K->336061K(737280K), 0.0028245 secs] [Times: user=0.01 sys=0.00, real=0.01 secs] 
1806.340: [GC (Allocation Failure) [PSYoungGen: 67936K->1408K(69120K)] 402621K->336093K(737280K), 0.0027244 secs] [Times: user=0.01 sys=0.01, real=0.00 secs] 
1807.122: [GC (Allocation Failure) [PSYoungGen: 67968K->1408K(69120K)] 402653K->336117K(737280K), 0.0024956 secs] [Times: user=0.01 sys=0.00, real=0.00 secs] 
1808.063: [GC (Allocation Failure) [PSYoungGen: 67968K->1408K(69120K)] 402677K->336117K(737280K), 0.0023964 secs] [Times: user=0.01 sys=0.00, real=0.00 secs] 
1808.520: [GC (Allocation Failure) [PSYoungGen: 67968K->1472K(69120K)] 402677K->336182K(737280K), 0.0018764 secs] [Times: user=0.01 sys=0.00, real=0.00 secs] 
1808.652: [GC (Allocation Failure) [PSYoungGen: 68032K->1501K(69120K)] 402742K->336211K(737280K), 0.0017492 secs] [Times: user=0.01 sys=0.00, real=0.00 secs] 
1808.770: [GC (Allocation Failure) [PSYoungGen: 68033K->1517K(69120K)] 402743K->336235K(737280K), 0.0017448 secs] [Times: user=0.00 sys=0.00, real=0.00 secs] 
1808.905: [GC (Allocation Failure) [PSYoungGen: 68077K->1533K(69120K)] 402795K->336251K(737280K), 0.0020008 secs] [Times: user=0.01 sys=0.00, real=0.00 secs] 
1809.293: [GC (Allocation Failure) [PSYoungGen: 68093K->1424K(69120K)] 402811K->336141K(737280K), 0.0021931 secs] [Times: user=0.01 sys=0.00, real=0.00 secs] 
1809.839: [GC (Allocation Failure) [PSYoungGen: 67984K->1392K(68096K)] 402701K->336109K(736256K), 0.0023833 secs] [Times: user=0.01 sys=0.00, real=0.00 secs] 
1810.120: [GC (Allocation Failure) [PSYoungGen: 67952K->1408K(68608K)] 402669K->336125K(736768K), 0.0020915 secs] [Times: user=0.01 sys=0.00, real=0.00 secs] 
1810.698: [GC (Allocation Failure) [PSYoungGen: 67968K->1344K(68608K)] 402685K->336061K(736768K), 0.0027815 secs] [Times: user=0.01 sys=0.00, real=0.01 secs] 
1811.265: [GC (Allocation Failure) [PSYoungGen: 67904K->1453K(68608K)] 402621K->336171K(736768K), 0.0018918 secs] [Times: user=0.00 sys=0.00, real=0.00 secs] 
1811.394: [GC (Allocation Failure) [PSYoungGen: 68013K->1501K(68608K)] 402731K->336219K(736768K), 0.0017445 secs] [Times: user=0.00 sys=0.00, real=0.00 secs] 
1811.511: [GC (Allocation Failure) [PSYoungGen: 68061K->1533K(68608K)] 402779K->336267K(736768K), 0.0017455 secs] [Times: user=0.01 sys=0.00, real=0.00 secs] 
1811.628: [GC (Allocation Failure) [PSYoungGen: 68093K->1501K(68608K)] 402827K->336235K(736768K), 0.0016210 secs] [Times: user=0.00 sys=0.00, real=0.01 secs] 
1812.581: [GC (Allocation Failure) [PSYoungGen: 68061K->1376K(68608K)] 402795K->336109K(736768K), 0.0028922 secs] [Times: user=0.01 sys=0.00, real=0.00 secs] 
1813.167: [GC (Allocation Failure) [PSYoungGen: 67936K->1408K(68608K)] 402669K->336141K(736768K), 0.0027639 secs] [Times: user=0.02 sys=0.00, real=0.01 secs] 
1813.765: [GC (Allocation Failure) [PSYoungGen: 67968K->1440K(68608K)] 402701K->336181K(736768K), 0.0027951 secs] [Times: user=0.02 sys=0.00, real=0.00 secs] 
1814.535: [GC (Allocation Failure) [PSYoungGen: 68000K->1376K(68608K)] 402741K->336117K(736768K), 0.0027042 secs] [Times: user=0.01 sys=0.00, real=0.00 secs] 
1814.991: [GC (Allocation Failure) [PSYoungGen: 67936K->1453K(68608K)] 402677K->336219K(736768K), 0.0017862 secs] [Times: user=0.01 sys=0.00, real=0.00 secs] 
1815.118: [GC (Allocation Failure) [PSYoungGen: 68013K->1501K(68608K)] 402779K->336275K(736768K), 0.0016447 secs] [Times: user=0.00 sys=0.00, real=0.01 secs] 
1815.235: [GC (Allocation Failure) [PSYoungGen: 68061K->1501K(68608K)] 402835K->336275K(736768K), 0.0014341 secs] [Times: user=0.00 sys=0.00, real=0.00 secs] 
1815.351: [GC (Allocation Failure) [PSYoungGen: 68061K->1453K(68608K)] 402835K->336243K(736768K), 0.0016675 secs] [Times: user=0.01 sys=0.00, real=0.00 secs] 
1816.432: [GC (Allocation Failure) [PSYoungGen: 68013K->1440K(68608K)] 402803K->336237K(736768K), 0.0043808 secs] [Times: user=0.01 sys=0.00, real=0.00 secs] 
1817.548: [GC (Allocation Failure) [PSYoungGen: 68000K->1376K(68608K)] 402797K->336173K(736768K), 0.0038162 secs] [Times: user=0.01 sys=0.00, real=0.01 secs] 
1818.415: [GC (Allocation Failure) [PSYoungGen: 67936K->1344K(68608K)] 402733K->336141K(736768K), 0.0043416 secs] [Times: user=0.02 sys=0.00, real=0.01 secs] 
1819.050: [GC (Allocation Failure) [PSYoungGen: 67904K->1408K(68608K)] 402701K->336205K(736768K), 0.0032318 secs] [Times: user=0.02 sys=0.00, real=0.00 secs] 
1819.519: [GC (Allocation Failure) [PSYoungGen: 67968K->1469K(68608K)] 402765K->336267K(736768K), 0.0020994 secs] [Times: user=0.01 sys=0.00, real=0.00 secs] 
1819.664: [GC (Allocation Failure) [PSYoungGen: 68029K->1501K(68608K)] 402827K->336299K(736768K), 0.0017544 secs] [Times: user=0.01 sys=0.00, real=0.00 secs] 
1819.781: [GC (Allocation Failure) [PSYoungGen: 68061K->1485K(68608K)] 402859K->336283K(736768K), 0.0016371 secs] [Times: user=0.01 sys=0.00, real=0.00 secs] 
1819.898: [GC (Allocation Failure) [PSYoungGen: 68045K->1485K(68608K)] 402843K->336299K(736768K), 0.0016234 secs] [Times: user=0.00 sys=0.00, real=0.01 secs] 
1820.253: [GC (Allocation Failure) [PSYoungGen: 68045K->1440K(68608K)] 402859K->336253K(736768K), 0.0034579 secs] [Times: user=0.01 sys=0.00, real=0.00 secs] 
1820.527: [GC (Allocation Failure) [PSYoungGen: 68000K->1376K(68096K)] 402813K->336189K(736256K), 0.0020326 secs] [Times: user=0.00 sys=0.00, real=0.01 secs] 
1820.804: [GC (Allocation Failure) [PSYoungGen: 67936K->1376K(68096K)] 402749K->336189K(736256K), 0.0021704 secs] [Times: user=0.00 sys=0.00, real=0.00 secs] 
1821.111: [GC (Allocation Failure) [PSYoungGen: 67936K->1408K(68096K)] 402749K->336221K(736256K), 0.0019232 secs] [Times: user=0.01 sys=0.01, real=0.00 secs] 
1821.412: [GC (Allocation Failure) [PSYoungGen: 67968K->1453K(68096K)] 402781K->336267K(736256K), 0.0029103 secs] [Times: user=0.01 sys=0.00, real=0.00 secs] 
1821.607: [GC (Allocation Failure) [PSYoungGen: 68013K->1456K(68096K)] 402827K->336270K(736256K), 0.0017663 secs] [Times: user=0.00 sys=0.00, real=0.01 secs] 
1821.724: [GC (Allocation Failure) [PSYoungGen: 68016K->1501K(68096K)] 402830K->336315K(736256K), 0.0015738 secs] [Times: user=0.00 sys=0.00, real=0.00 secs] 
1821.841: [GC (Allocation Failure) [PSYoungGen: 68061K->1453K(71680K)] 402875K->336291K(739840K), 0.0016471 secs] [Times: user=0.01 sys=0.00, real=0.00 secs] 
1822.754: [GC (Allocation Failure) [PSYoungGen: 71597K->1456K(71168K)] 406435K->336293K(739328K), 0.0036394 secs] [Times: user=0.02 sys=0.00, real=0.00 secs] 
1823.064: [GC (Allocation Failure) [PSYoungGen: 71088K->1376K(70656K)] 405925K->336213K(738816K), 0.0021040 secs] [Times: user=0.01 sys=0.00, real=0.00 secs] 
1823.352: [GC (Allocation Failure) [PSYoungGen: 70496K->1408K(70144K)] 405333K->336277K(738304K), 0.0020205 secs] [Times: user=0.01 sys=0.00, real=0.00 secs] 
1823.673: [GC (Allocation Failure) [PSYoungGen: 70016K->1408K(69632K)] 404885K->336277K(737792K), 0.0020719 secs] [Times: user=0.01 sys=0.00, real=0.00 secs] 
1823.900: [GC (Allocation Failure) [PSYoungGen: 69504K->1437K(69120K)] 404373K->336307K(737280K), 0.0016171 secs] [Times: user=0.01 sys=0.00, real=0.00 secs] 
1824.020: [GC (Allocation Failure) [PSYoungGen: 69021K->1485K(68608K)] 403891K->336355K(736768K), 0.0017393 secs] [Times: user=0.00 sys=0.00, real=0.00 secs] 
1824.139: [GC (Allocation Failure) [PSYoungGen: 68557K->1437K(69120K)] 403427K->336307K(737280K), 0.0020732 secs] [Times: user=0.00 sys=0.00, real=0.00 secs] 
1824.258: [GC (Allocation Failure) [PSYoungGen: 68503K->1501K(76288K)] 403373K->336379K(744448K), 0.0017332 secs] [Times: user=0.01 sys=0.00, real=0.01 secs] 
1824.585: [GC (Allocation Failure) [PSYoungGen: 75741K->1440K(76288K)] 410619K->336317K(744448K), 0.0021492 secs] [Times: user=0.01 sys=0.00, real=0.00 secs] 
1824.955: [GC (Allocation Failure) [PSYoungGen: 75680K->1376K(75264K)] 410557K->336253K(743424K), 0.0023291 secs] [Times: user=0.00 sys=0.00, real=0.00 secs] 
1825.283: [GC (Allocation Failure) [PSYoungGen: 75104K->1408K(74752K)] 409981K->336285K(742912K), 0.0025426 secs] [Times: user=0.01 sys=0.00, real=0.00 secs] 
1825.587: [GC (Allocation Failure) [PSYoungGen: 74624K->1424K(74240K)] 409501K->336301K(742400K), 0.0020397 secs] [Times: user=0.01 sys=0.00, real=0.00 secs] 
1826.212: [GC (Allocation Failure) [PSYoungGen: 74128K->1485K(73728K)] 409005K->336363K(741888K), 0.0018549 secs] [Times: user=0.01 sys=0.00, real=0.00 secs] 
1826.338: [GC (Allocation Failure) [PSYoungGen: 73677K->477K(72192K)] 408555K->336379K(740352K), 0.0017383 secs] [Times: user=0.01 sys=0.00, real=0.01 secs] 
1826.466: [GC (Allocation Failure) [PSYoungGen: 72157K->432K(73216K)] 408059K->336334K(741376K), 0.0015548 secs] [Times: user=0.01 sys=0.00, real=0.00 secs] 
1827.072: [GC (Allocation Failure) [PSYoungGen: 71600K->1472K(72192K)] 407502K->337373K(740352K), 0.0023992 secs] [Times: user=0.01 sys=0.00, real=0.00 secs] 
1828.618: [GC (Allocation Failure) [PSYoungGen: 72128K->1424K(71680K)] 408029K->337325K(739840K), 0.0042814 secs] [Times: user=0.02 sys=0.00, real=0.01 secs] 
1829.699: [GC (Allocation Failure) [PSYoungGen: 71568K->1376K(71168K)] 407469K->337277K(739328K), 0.0019888 secs] [Times: user=0.01 sys=0.00, real=0.00 secs] 
1830.055: [GC (Allocation Failure) [PSYoungGen: 71008K->1376K(70656K)] 406909K->337277K(738816K), 0.0021902 secs] [Times: user=0.01 sys=0.00, real=0.00 secs] 
1830.529: [GC (Allocation Failure) [PSYoungGen: 70496K->1504K(70144K)] 406397K->337406K(738304K), 0.0022121 secs] [Times: user=0.01 sys=0.00, real=0.01 secs] 
1830.726: [GC (Allocation Failure) [PSYoungGen: 70112K->1501K(69632K)] 406014K->337403K(737792K), 0.0023408 secs] [Times: user=0.01 sys=0.00, real=0.00 secs] 
1830.879: [GC (Allocation Failure) [PSYoungGen: 69597K->1485K(69120K)] 405499K->337387K(737280K), 0.0015908 secs] [Times: user=0.01 sys=0.00, real=0.00 secs] 
1830.999: [GC (Allocation Failure) [PSYoungGen: 69069K->1533K(68608K)] 404971K->337435K(736768K), 0.0018895 secs] [Times: user=0.01 sys=0.00, real=0.01 secs] 
1831.652: [GC (Allocation Failure) [PSYoungGen: 68605K->1472K(68096K)] 404507K->337373K(736256K), 0.0048685 secs] [Times: user=0.02 sys=0.00, real=0.00 secs] 
1832.508: [GC (Allocation Failure) [PSYoungGen: 68032K->1408K(68096K)] 403933K->337309K(736256K), 0.0034367 secs] [Times: user=0.01 sys=0.00, real=0.01 secs] 
1833.343: [GC (Allocation Failure) [PSYoungGen: 67968K->1408K(68096K)] 403869K->337309K(736256K), 0.0026864 secs] [Times: user=0.01 sys=0.00, real=0.00 secs] 
1834.200: [GC (Allocation Failure) [PSYoungGen: 67968K->1440K(68096K)] 403869K->337341K(736256K), 0.0030581 secs] [Times: user=0.01 sys=0.00, real=0.00 secs] 
1834.763: [GC (Allocation Failure) [PSYoungGen: 68000K->1469K(68096K)] 403901K->337371K(736256K), 0.0028310 secs] [Times: user=0.01 sys=0.00, real=0.00 secs] 
1834.933: [GC (Allocation Failure) [PSYoungGen: 68029K->1533K(68096K)] 403931K->337435K(736256K), 0.0018054 secs] [Times: user=0.00 sys=0.00, real=0.00 secs] 
1835.052: [GC (Allocation Failure) [PSYoungGen: 68093K->1533K(68096K)] 403995K->337435K(736256K), 0.0016822 secs] [Times: user=0.01 sys=0.00, real=0.00 secs] 
1835.171: [GC (Allocation Failure) [PSYoungGen: 68093K->1469K(68096K)] 403995K->337379K(736256K), 0.0017814 secs] [Times: user=0.00 sys=0.00, real=0.00 secs] 
1835.504: [GC (Allocation Failure) [PSYoungGen: 68029K->1456K(68096K)] 403939K->337365K(736256K), 0.0021298 secs] [Times: user=0.00 sys=0.00, real=0.00 secs] 
1836.026: [GC (Allocation Failure) [PSYoungGen: 68016K->1408K(68096K)] 403925K->337341K(736256K), 0.0021406 secs] [Times: user=0.01 sys=0.00, real=0.00 secs] 
1836.679: [GC (Allocation Failure) [PSYoungGen: 67968K->1408K(68096K)] 403901K->337341K(736256K), 0.0027743 secs] [Times: user=0.01 sys=0.00, real=0.00 secs] 
1837.426: [GC (Allocation Failure) [PSYoungGen: 67968K->1408K(68096K)] 403901K->337341K(736256K), 0.0030572 secs] [Times: user=0.01 sys=0.00, real=0.01 secs] 
1838.493: [GC (Allocation Failure) [PSYoungGen: 67968K->1469K(68096K)] 403901K->337403K(736256K), 0.0029220 secs] [Times: user=0.01 sys=0.00, real=0.00 secs] 
1838.717: [GC (Allocation Failure) [PSYoungGen: 68029K->1488K(68096K)] 403963K->337422K(736256K), 0.0021448 secs] [Times: user=0.01 sys=0.00, real=0.01 secs] 
1838.843: [GC (Allocation Failure) [PSYoungGen: 68048K->1501K(68096K)] 403982K->337435K(736256K), 0.0017564 secs] [Times: user=0.01 sys=0.00, real=0.00 secs] 
1838.960: [GC (Allocation Failure) [PSYoungGen: 68061K->1501K(68096K)] 403995K->337451K(736256K), 0.0017833 secs] [Times: user=0.00 sys=0.00, real=0.00 secs] 
1839.431: [GC (Allocation Failure) [PSYoungGen: 68061K->1472K(68096K)] 404011K->337421K(736256K), 0.0022045 secs] [Times: user=0.01 sys=0.00, real=0.00 secs] 
1840.184: [GC (Allocation Failure) [PSYoungGen: 68032K->1408K(68608K)] 403981K->337357K(736768K), 0.0024816 secs] [Times: user=0.01 sys=0.00, real=0.00 secs] 
1841.054: [GC (Allocation Failure) [PSYoungGen: 67968K->1376K(68608K)] 403917K->337325K(736768K), 0.0026547 secs] [Times: user=0.01 sys=0.00, real=0.00 secs] 
1841.861: [GC (Allocation Failure) [PSYoungGen: 67936K->1440K(68608K)] 403885K->337389K(736768K), 0.0032385 secs] [Times: user=0.01 sys=0.00, real=0.00 secs] 
1842.648: [GC (Allocation Failure) [PSYoungGen: 68000K->1408K(68608K)] 403949K->337357K(736768K), 0.0038227 secs] [Times: user=0.01 sys=0.00, real=0.01 secs] 
1843.074: [GC (Allocation Failure) [PSYoungGen: 67968K->1424K(68608K)] 403917K->337374K(736768K), 0.0019188 secs] [Times: user=0.01 sys=0.00, real=0.00 secs] 
1843.235: [GC (Allocation Failure) [PSYoungGen: 67984K->1469K(68608K)] 403934K->337419K(736768K), 0.0019748 secs] [Times: user=0.00 sys=0.00, real=0.00 secs] 
1843.386: [GC (Allocation Failure) [PSYoungGen: 68029K->1501K(68608K)] 403979K->337467K(736768K), 0.0016643 secs] [Times: user=0.01 sys=0.00, real=0.00 secs] 
1843.612: [GC (Allocation Failure) [PSYoungGen: 68061K->1760K(68608K)] 404027K->337725K(736768K), 0.0023165 secs] [Times: user=0.01 sys=0.00, real=0.00 secs] 
1843.901: [GC (Allocation Failure) [PSYoungGen: 68320K->1408K(68608K)] 404285K->337373K(736768K), 0.0021021 secs] [Times: user=0.01 sys=0.00, real=0.00 secs] 
1844.560: [GC (Allocation Failure) [PSYoungGen: 67968K->1408K(68608K)] 403933K->337373K(736768K), 0.0020378 secs] [Times: user=0.00 sys=0.00, real=0.00 secs] 
1845.279: [GC (Allocation Failure) [PSYoungGen: 67968K->1408K(68608K)] 403933K->337373K(736768K), 0.0021648 secs] [Times: user=0.01 sys=0.00, real=0.00 secs] 
1846.002: [GC (Allocation Failure) [PSYoungGen: 67968K->1408K(68608K)] 403933K->337397K(736768K), 0.0021617 secs] [Times: user=0.01 sys=0.00, real=0.00 secs] 
1846.257: [GC (Allocation Failure) [PSYoungGen: 67968K->1469K(68608K)] 403957K->337459K(736768K), 0.0016100 secs] [Times: user=0.01 sys=0.00, real=0.01 secs] 
1846.374: [GC (Allocation Failure) [PSYoungGen: 68029K->1501K(68608K)] 404019K->337491K(736768K), 0.0016466 secs] [Times: user=0.01 sys=0.00, real=0.00 secs] 
1846.491: [GC (Allocation Failure) [PSYoungGen: 68032K->1453K(68608K)] 404022K->337459K(736768K), 0.0016481 secs] [Times: user=0.00 sys=0.00, real=0.00 secs] 
1846.607: [GC (Allocation Failure) [PSYoungGen: 68013K->1469K(68608K)] 404019K->337475K(736768K), 0.0016665 secs] [Times: user=0.01 sys=0.00, real=0.01 secs] 
1847.758: [GC (Allocation Failure) [PSYoungGen: 68029K->1408K(68608K)] 404035K->337413K(736768K), 0.0020482 secs] [Times: user=0.01 sys=0.00, real=0.01 secs] 
1848.035: [GC (Allocation Failure) [PSYoungGen: 67968K->1344K(68608K)] 403973K->337349K(736768K), 0.0020209 secs] [Times: user=0.00 sys=0.00, real=0.00 secs] 
1848.569: [GC (Allocation Failure) [PSYoungGen: 67904K->1408K(68608K)] 403909K->337413K(736768K), 0.0019586 secs] [Times: user=0.00 sys=0.00, real=0.00 secs] 
1849.182: [GC (Allocation Failure) [PSYoungGen: 67968K->1408K(68608K)] 403973K->337413K(736768K), 0.0020418 secs] [Times: user=0.01 sys=0.00, real=0.00 secs] 
1849.614: [GC (Allocation Failure) [PSYoungGen: 67951K->1501K(68608K)] 403957K->337507K(736768K), 0.0017251 secs] [Times: user=0.01 sys=0.00, real=0.00 secs] 
1849.748: [GC (Allocation Failure) [PSYoungGen: 68061K->1501K(68608K)] 404067K->337507K(736768K), 0.0018321 secs] [Times: user=0.01 sys=0.00, real=0.01 secs] 
1849.893: [GC (Allocation Failure) [PSYoungGen: 68061K->1501K(68608K)] 404067K->337515K(736768K), 0.0015501 secs] [Times: user=0.01 sys=0.00, real=0.00 secs] 
1850.010: [GC (Allocation Failure) [PSYoungGen: 68061K->1501K(68608K)] 404075K->337515K(736768K), 0.0017885 secs] [Times: user=0.01 sys=0.00, real=0.00 secs] 
1850.382: [GC (Allocation Failure) [PSYoungGen: 68061K->1376K(68608K)] 404075K->337389K(736768K), 0.0022014 secs] [Times: user=0.01 sys=0.00, real=0.00 secs] 
1850.659: [GC (Allocation Failure) [PSYoungGen: 67936K->1408K(68608K)] 403949K->337421K(736768K), 0.0018431 secs] [Times: user=0.01 sys=0.00, real=0.00 secs] 
1850.936: [GC (Allocation Failure) [PSYoungGen: 67968K->1424K(68608K)] 403981K->337437K(736768K), 0.0020685 secs] [Times: user=0.01 sys=0.00, real=0.00 secs] 
1851.329: [GC (Allocation Failure) [PSYoungGen: 67984K->1376K(68608K)] 403997K->337397K(736768K), 0.0020817 secs] [Times: user=0.00 sys=0.00, real=0.00 secs] 
1851.592: [GC (Allocation Failure) [PSYoungGen: 67936K->1440K(68608K)] 403957K->337462K(736768K), 0.0015847 secs] [Times: user=0.00 sys=0.00, real=0.00 secs] 
1851.708: [GC (Allocation Failure) [PSYoungGen: 68000K->1485K(68608K)] 404022K->337507K(736768K), 0.0016474 secs] [Times: user=0.01 sys=0.00, real=0.01 secs] 
1851.825: [GC (Allocation Failure) [PSYoungGen: 68045K->1485K(68608K)] 404067K->337507K(736768K), 0.0015401 secs] [Times: user=0.01 sys=0.00, real=0.00 secs] 
1851.942: [GC (Allocation Failure) [PSYoungGen: 68045K->1501K(68608K)] 404067K->337531K(736768K), 0.0016392 secs] [Times: user=0.00 sys=0.00, real=0.00 secs] 
1853.971: [GC (Allocation Failure) [PSYoungGen: 68061K->1408K(68608K)] 404091K->337437K(736768K), 0.0041798 secs] [Times: user=0.02 sys=0.00, real=0.00 secs] 
1854.674: [GC (Allocation Failure) [PSYoungGen: 67968K->1408K(68608K)] 403997K->337437K(736768K), 0.0027887 secs] [Times: user=0.01 sys=0.00, real=0.00 secs] 
1855.531: [GC (Allocation Failure) [PSYoungGen: 67968K->1408K(68608K)] 403997K->337461K(736768K), 0.0028568 secs] [Times: user=0.01 sys=0.00, real=0.00 secs] 
1856.024: [GC (Allocation Failure) [PSYoungGen: 67968K->1376K(68608K)] 404021K->337429K(736768K), 0.0040954 secs] [Times: user=0.01 sys=0.00, real=0.00 secs] 
1856.526: [GC (Allocation Failure) [PSYoungGen: 67936K->1501K(68608K)] 403989K->337555K(736768K), 0.0018518 secs] [Times: user=0.01 sys=0.01, real=0.00 secs] 
1856.691: [GC (Allocation Failure) [PSYoungGen: 68061K->1488K(68608K)] 404115K->337542K(736768K), 0.0018257 secs] [Times: user=0.01 sys=0.00, real=0.00 secs] 
1856.843: [GC (Allocation Failure) [PSYoungGen: 68048K->1533K(68608K)] 404102K->337587K(736768K), 0.0017430 secs] [Times: user=0.01 sys=0.00, real=0.00 secs] 
1856.960: [GC (Allocation Failure) [PSYoungGen: 68093K->1533K(68608K)] 404147K->337595K(736768K), 0.0017825 secs] [Times: user=0.00 sys=0.00, real=0.00 secs] 
1857.999: [GC (Allocation Failure) [PSYoungGen: 68093K->1424K(68608K)] 404155K->337485K(736768K), 0.0042751 secs] [Times: user=0.01 sys=0.00, real=0.00 secs] 
1858.718: [GC (Allocation Failure) [PSYoungGen: 67984K->1376K(68608K)] 404045K->337437K(736768K), 0.0033349 secs] [Times: user=0.01 sys=0.00, real=0.01 secs] 
1859.316: [GC (Allocation Failure) [PSYoungGen: 67936K->1376K(68608K)] 403997K->337437K(736768K), 0.0023421 secs] [Times: user=0.01 sys=0.00, real=0.00 secs] 
1859.882: [GC (Allocation Failure) [PSYoungGen: 67936K->1408K(68608K)] 403997K->337469K(736768K), 0.0024539 secs] [Times: user=0.01 sys=0.00, real=0.00 secs] 
1860.860: [GC (Allocation Failure) [PSYoungGen: 67968K->1517K(68608K)] 404029K->337579K(736768K), 0.0026316 secs] [Times: user=0.01 sys=0.00, real=0.00 secs] 
1861.031: [GC (Allocation Failure) [PSYoungGen: 68077K->1533K(68608K)] 404139K->337595K(736768K), 0.0015709 secs] [Times: user=0.01 sys=0.00, real=0.00 secs] 
1861.166: [GC (Allocation Failure) [PSYoungGen: 68089K->1485K(68608K)] 404151K->337547K(736768K), 0.0018537 secs] [Times: user=0.01 sys=0.00, real=0.00 secs] 
1861.314: [GC (Allocation Failure) [PSYoungGen: 68045K->1533K(68608K)] 404107K->337603K(736768K), 0.0017731 secs] [Times: user=0.00 sys=0.00, real=0.00 secs] 
1862.608: [GC (Allocation Failure) [PSYoungGen: 68093K->1440K(68608K)] 404163K->337509K(736768K), 0.0034403 secs] [Times: user=0.01 sys=0.00, real=0.01 secs] 
1863.665: [GC (Allocation Failure) [PSYoungGen: 68000K->1408K(68608K)] 404069K->337477K(736768K), 0.0033447 secs] [Times: user=0.01 sys=0.00, real=0.00 secs] 
1864.307: [GC (Allocation Failure) [PSYoungGen: 67968K->1408K(68608K)] 404037K->337477K(736768K), 0.0027877 secs] [Times: user=0.01 sys=0.00, real=0.01 secs] 
1864.973: [GC (Allocation Failure) [PSYoungGen: 67968K->1408K(68608K)] 404037K->337477K(736768K), 0.0021616 secs] [Times: user=0.01 sys=0.00, real=0.00 secs] 
1865.502: [GC (Allocation Failure) [PSYoungGen: 67968K->1469K(68608K)] 404037K->337539K(736768K), 0.0021277 secs] [Times: user=0.01 sys=0.00, real=0.00 secs] 
1865.638: [GC (Allocation Failure) [PSYoungGen: 68029K->1453K(68608K)] 404099K->337523K(736768K), 0.0015848 secs] [Times: user=0.01 sys=0.00, real=0.01 secs] 
1865.755: [GC (Allocation Failure) [PSYoungGen: 68013K->1485K(68608K)] 404083K->337555K(736768K), 0.0015378 secs] [Times: user=0.01 sys=0.00, real=0.00 secs] 
1865.871: [GC (Allocation Failure) [PSYoungGen: 68045K->1453K(68608K)] 404115K->337539K(736768K), 0.0015667 secs] [Times: user=0.01 sys=0.00, real=0.00 secs] 
1866.921: [GC (Allocation Failure) [PSYoungGen: 68013K->1472K(68608K)] 404099K->337581K(736768K), 0.0042797 secs] [Times: user=0.01 sys=0.00, real=0.00 secs] 
1867.681: [GC (Allocation Failure) [PSYoungGen: 68032K->1376K(68608K)] 404141K->337485K(736768K), 0.0036431 secs] [Times: user=0.01 sys=0.00, real=0.00 secs] 
1868.446: [GC (Allocation Failure) [PSYoungGen: 67936K->1376K(68608K)] 404045K->337485K(736768K), 0.0041484 secs] [Times: user=0.02 sys=0.00, real=0.01 secs] 
1869.462: [GC (Allocation Failure) [PSYoungGen: 67936K->1376K(68608K)] 404045K->337485K(736768K), 0.0035520 secs] [Times: user=0.02 sys=0.00, real=0.00 secs] 
1870.663: [GC (Allocation Failure) [PSYoungGen: 67936K->1437K(68608K)] 404045K->337547K(736768K), 0.0034210 secs] [Times: user=0.01 sys=0.00, real=0.00 secs] 
1870.864: [GC (Allocation Failure) [PSYoungGen: 67997K->1469K(68608K)] 404107K->337579K(736768K), 0.0019286 secs] [Times: user=0.01 sys=0.00, real=0.00 secs] 
1871.012: [GC (Allocation Failure) [PSYoungGen: 68029K->1488K(68608K)] 404139K->337598K(736768K), 0.0019601 secs] [Times: user=0.01 sys=0.00, real=0.00 secs] 
1871.178: [GC (Allocation Failure) [PSYoungGen: 68048K->1520K(68608K)] 404158K->337646K(736768K), 0.0021282 secs] [Times: user=0.01 sys=0.00, real=0.01 secs] 
1871.594: [GC (Allocation Failure) [PSYoungGen: 68080K->1440K(68608K)] 404206K->337565K(736768K), 0.0028089 secs] [Times: user=0.02 sys=0.00, real=0.00 secs] 
1871.912: [GC (Allocation Failure) [PSYoungGen: 68000K->1408K(68608K)] 404125K->337533K(736768K), 0.0021057 secs] [Times: user=0.01 sys=0.00, real=0.00 secs] 
1872.189: [GC (Allocation Failure) [PSYoungGen: 67968K->1376K(68608K)] 404093K->337501K(736768K), 0.0021033 secs] [Times: user=0.00 sys=0.00, real=0.00 secs] 
1872.695: [GC (Allocation Failure) [PSYoungGen: 67936K->1456K(68608K)] 404061K->337581K(736768K), 0.0019231 secs] [Times: user=0.00 sys=0.00, real=0.00 secs] 
1873.704: [GC (Allocation Failure) [PSYoungGen: 68016K->1469K(68608K)] 404141K->337595K(736768K), 0.0023046 secs] [Times: user=0.01 sys=0.00, real=0.00 secs] 
1873.883: [GC (Allocation Failure) [PSYoungGen: 68029K->1453K(68608K)] 404155K->337579K(736768K), 0.0016319 secs] [Times: user=0.00 sys=0.00, real=0.00 secs] 
1874.001: [GC (Allocation Failure) [PSYoungGen: 68013K->1501K(68608K)] 404139K->337627K(736768K), 0.0017433 secs] [Times: user=0.01 sys=0.00, real=0.00 secs] 
1874.134: [GC (Allocation Failure) [PSYoungGen: 68061K->1485K(68608K)] 404187K->337627K(736768K), 0.0019936 secs] [Times: user=0.00 sys=0.00, real=0.00 secs] 
1874.451: [GC (Allocation Failure) [PSYoungGen: 68045K->1984K(68608K)] 404187K->338637K(736768K), 0.0023313 secs] [Times: user=0.01 sys=0.01, real=0.00 secs] 
1875.239: [GC (Allocation Failure) [PSYoungGen: 68544K->1408K(68608K)] 405197K->338061K(736768K), 0.0033608 secs] [Times: user=0.01 sys=0.00, real=0.01 secs] 
1875.810: [GC (Allocation Failure) [PSYoungGen: 67968K->1408K(68608K)] 404621K->338085K(736768K), 0.0025391 secs] [Times: user=0.01 sys=0.00, real=0.00 secs] 
1876.177: [GC (Allocation Failure) [PSYoungGen: 67968K->1360K(68608K)] 404645K->338037K(736768K), 0.0020755 secs] [Times: user=0.01 sys=0.01, real=0.01 secs] 
1876.504: [GC (Allocation Failure) [PSYoungGen: 67920K->1392K(68608K)] 404597K->338069K(736768K), 0.0019979 secs] [Times: user=0.01 sys=0.00, real=0.00 secs] 
1876.673: [GC (Allocation Failure) [PSYoungGen: 67952K->1501K(68608K)] 404629K->338179K(736768K), 0.0016423 secs] [Times: user=0.01 sys=0.00, real=0.00 secs] 
1876.791: [GC (Allocation Failure) [PSYoungGen: 68060K->1533K(68608K)] 404738K->338211K(736768K), 0.0017423 secs] [Times: user=0.00 sys=0.00, real=0.00 secs] 
1876.910: [GC (Allocation Failure) [PSYoungGen: 68093K->1453K(68608K)] 404771K->338147K(736768K), 0.0015651 secs] [Times: user=0.00 sys=0.00, real=0.00 secs] 
1877.027: [GC (Allocation Failure) [PSYoungGen: 67711K->224K(68608K)] 404405K->336917K(736768K), 0.0015029 secs] [Times: user=0.01 sys=0.00, real=0.00 secs] 
1877.347: [GC (Allocation Failure) [PSYoungGen: 66784K->1376K(68096K)] 403477K->338069K(736256K), 0.0018365 secs] [Times: user=0.01 sys=0.00, real=0.00 secs] 
1877.675: [GC (Allocation Failure) [PSYoungGen: 67936K->1440K(68096K)] 404629K->338133K(736256K), 0.0019251 secs] [Times: user=0.01 sys=0.00, real=0.00 secs] 
1877.952: [GC (Allocation Failure) [PSYoungGen: 68000K->1408K(68096K)] 404693K->338101K(736256K), 0.0019518 secs] [Times: user=0.01 sys=0.00, real=0.00 secs] 
1878.360: [GC (Allocation Failure) [PSYoungGen: 67968K->1408K(68096K)] 404661K->338101K(736256K), 0.0021624 secs] [Times: user=0.01 sys=0.00, real=0.00 secs] 
1878.671: [GC (Allocation Failure) [PSYoungGen: 67946K->1533K(68096K)] 404640K->338227K(736256K), 0.0017979 secs] [Times: user=0.01 sys=0.00, real=0.00 secs] 
1878.788: [GC (Allocation Failure) [PSYoungGen: 68093K->1501K(68096K)] 404787K->338195K(736256K), 0.0016562 secs] [Times: user=0.00 sys=0.01, real=0.01 secs] 
1878.905: [GC (Allocation Failure) [PSYoungGen: 68061K->1485K(68096K)] 404755K->338187K(736256K), 0.0015025 secs] [Times: user=0.01 sys=0.00, real=0.00 secs] 
1879.022: [GC (Allocation Failure) [PSYoungGen: 68045K->1501K(72192K)] 404747K->338203K(740352K), 0.0017727 secs] [Times: user=0.00 sys=0.00, real=0.00 secs] 
1880.461: [GC (Allocation Failure) [PSYoungGen: 71645K->1408K(71168K)] 408347K->338109K(739328K), 0.0041189 secs] [Times: user=0.02 sys=0.00, real=0.00 secs] 
1881.518: [GC (Allocation Failure) [PSYoungGen: 71040K->1408K(70656K)] 407741K->338109K(738816K), 0.0044993 secs] [Times: user=0.01 sys=0.00, real=0.01 secs] 
1882.542: [GC (Allocation Failure) [PSYoungGen: 70528K->1376K(70144K)] 407229K->338077K(738304K), 0.0038461 secs] [Times: user=0.01 sys=0.00, real=0.00 secs] 
1883.144: [GC (Allocation Failure) [PSYoungGen: 69984K->1376K(69632K)] 406685K->338077K(737792K), 0.0029140 secs] [Times: user=0.01 sys=0.00, real=0.00 secs] 
1883.506: [GC (Allocation Failure) [PSYoungGen: 69472K->1533K(69120K)] 406173K->338235K(737280K), 0.0019262 secs] [Times: user=0.01 sys=0.00, real=0.00 secs] 
1883.627: [GC (Allocation Failure) [PSYoungGen: 69117K->1533K(68608K)] 405819K->338235K(736768K), 0.0018906 secs] [Times: user=0.01 sys=0.00, real=0.01 secs] 
1883.745: [GC (Allocation Failure) [PSYoungGen: 68576K->1501K(68096K)] 405278K->338211K(736256K), 0.0016349 secs] [Times: user=0.00 sys=0.00, real=0.00 secs] 
1883.863: [GC (Allocation Failure) [PSYoungGen: 68061K->336K(72192K)] 404771K->337053K(740352K), 0.0017137 secs] [Times: user=0.01 sys=0.00, real=0.00 secs] 
1884.555: [GC (Allocation Failure) [PSYoungGen: 70480K->1424K(71168K)] 407197K->338141K(739328K), 0.0023937 secs] [Times: user=0.01 sys=0.00, real=0.00 secs] 
1885.183: [GC (Allocation Failure) [PSYoungGen: 71056K->1408K(70656K)] 407773K->338125K(738816K), 0.0027066 secs] [Times: user=0.01 sys=0.00, real=0.00 secs] 
1885.757: [GC (Allocation Failure) [PSYoungGen: 70528K->1408K(70144K)] 407245K->338125K(738304K), 0.0025529 secs] [Times: user=0.01 sys=0.00, real=0.01 secs] 
1886.381: [GC (Allocation Failure) [PSYoungGen: 70016K->1408K(69632K)] 406733K->338149K(737792K), 0.0022516 secs] [Times: user=0.01 sys=0.00, real=0.00 secs] 
1886.548: [GC (Allocation Failure) [PSYoungGen: 69504K->1501K(69120K)] 406245K->338243K(737280K), 0.0015808 secs] [Times: user=0.01 sys=0.00, real=0.01 secs] 
1886.686: [GC (Allocation Failure) [PSYoungGen: 69085K->1488K(68608K)] 405827K->338230K(736768K), 0.0020565 secs] [Times: user=0.01 sys=0.00, real=0.00 secs] 
1886.838: [GC (Allocation Failure) [PSYoungGen: 68560K->1533K(68096K)] 405302K->338275K(736256K), 0.0017218 secs] [Times: user=0.01 sys=0.00, real=0.01 secs] 
1887.220: [GC (Allocation Failure) [PSYoungGen: 68093K->2016K(68608K)] 404835K->339269K(736768K), 0.0025925 secs] [Times: user=0.01 sys=0.00, real=0.00 secs] 
1888.618: [GC (Allocation Failure) [PSYoungGen: 68576K->320K(67072K)] 405829K->338597K(735232K), 0.0039019 secs] [Times: user=0.01 sys=0.00, real=0.01 secs] 
1889.226: [GC (Allocation Failure) [PSYoungGen: 66880K->352K(69120K)] 405157K->338629K(737280K), 0.0028946 secs] [Times: user=0.01 sys=0.00, real=0.01 secs] 
1889.984: [GC (Allocation Failure) [PSYoungGen: 66912K->352K(68096K)] 405189K->338629K(736256K), 0.0028629 secs] [Times: user=0.01 sys=0.00, real=0.00 secs] 
1890.535: [GC (Allocation Failure) [PSYoungGen: 66912K->384K(69120K)] 405189K->338661K(737280K), 0.0027549 secs] [Times: user=0.02 sys=0.00, real=0.00 secs] 
1890.953: [GC (Allocation Failure) [PSYoungGen: 66944K->1456K(69120K)] 405221K->339734K(737280K), 0.0022117 secs] [Times: user=0.01 sys=0.00, real=0.00 secs] 
1891.075: [GC (Allocation Failure) [PSYoungGen: 68016K->1501K(69120K)] 406294K->339779K(737280K), 0.0017219 secs] [Times: user=0.00 sys=0.00, real=0.00 secs] 
1891.191: [GC (Allocation Failure) [PSYoungGen: 68061K->1533K(69120K)] 406339K->339811K(737280K), 0.0017293 secs] [Times: user=0.01 sys=0.00, real=0.00 secs] 
1891.325: [GC (Allocation Failure) [PSYoungGen: 68093K->1501K(69120K)] 406371K->339787K(737280K), 0.0020090 secs] [Times: user=0.01 sys=0.00, real=0.00 secs] 
1891.863: [GC (Allocation Failure) [PSYoungGen: 68061K->1440K(68096K)] 406347K->339725K(736256K), 0.0022184 secs] [Times: user=0.01 sys=0.00, real=0.00 secs] 
1892.201: [GC (Allocation Failure) [PSYoungGen: 68000K->1408K(68096K)] 406285K->339693K(736256K), 0.0021655 secs] [Times: user=0.01 sys=0.00, real=0.00 secs] 
1892.842: [GC (Allocation Failure) [PSYoungGen: 67968K->1376K(68096K)] 406253K->339661K(736256K), 0.0024888 secs] [Times: user=0.01 sys=0.00, real=0.00 secs] 
1893.503: [GC (Allocation Failure) [PSYoungGen: 67936K->1360K(68096K)] 406221K->339645K(736256K), 0.0026170 secs] [Times: user=0.01 sys=0.01, real=0.00 secs] 
1893.953: [GC (Allocation Failure) [PSYoungGen: 67920K->1504K(68096K)] 406205K->339790K(736256K), 0.0017111 secs] [Times: user=0.01 sys=0.00, real=0.00 secs] 
1894.069: [GC (Allocation Failure) [PSYoungGen: 68064K->1453K(68096K)] 406350K->339739K(736256K), 0.0018045 secs] [Times: user=0.01 sys=0.00, real=0.00 secs] 
1894.187: [GC (Allocation Failure) [PSYoungGen: 68013K->1501K(68096K)] 406299K->339803K(736256K), 0.0017858 secs] [Times: user=0.01 sys=0.00, real=0.00 secs] 
1894.304: [GC (Allocation Failure) [PSYoungGen: 68061K->1501K(69120K)] 406363K->339803K(737280K), 0.0017445 secs] [Times: user=0.01 sys=0.00, real=0.00 secs] 
1894.967: [GC (Allocation Failure) [PSYoungGen: 68061K->1376K(68096K)] 406363K->339709K(736256K), 0.0028717 secs] [Times: user=0.01 sys=0.00, real=0.01 secs] 
1895.479: [GC (Allocation Failure) [PSYoungGen: 67936K->1408K(68096K)] 406269K->339741K(736256K), 0.0022358 secs] [Times: user=0.01 sys=0.00, real=0.01 secs] 
1895.755: [GC (Allocation Failure) [PSYoungGen: 67968K->1408K(68096K)] 406301K->339741K(736256K), 0.0020735 secs] [Times: user=0.01 sys=0.00, real=0.00 secs] 
1896.157: [GC (Allocation Failure) [PSYoungGen: 67968K->1408K(68096K)] 406301K->339741K(736256K), 0.0022950 secs] [Times: user=0.01 sys=0.00, real=0.01 secs] 
1896.426: [GC (Allocation Failure) [PSYoungGen: 67968K->1501K(68096K)] 406301K->339835K(736256K), 0.0016014 secs] [Times: user=0.01 sys=0.00, real=0.00 secs] 
1896.542: [GC (Allocation Failure) [PSYoungGen: 68061K->1533K(68096K)] 406395K->339867K(736256K), 0.0016704 secs] [Times: user=0.00 sys=0.00, real=0.00 secs] 
1896.661: [GC (Allocation Failure) [PSYoungGen: 68093K->1533K(72704K)] 406427K->339867K(740864K), 0.0017438 secs] [Times: user=0.00 sys=0.00, real=0.00 secs] 
1896.808: [GC (Allocation Failure) [PSYoungGen: 72701K->1501K(73216K)] 411035K->339851K(741376K), 0.0019109 secs] [Times: user=0.01 sys=0.00, real=0.01 secs] 
1898.047: [GC (Allocation Failure) [PSYoungGen: 72669K->1440K(72192K)] 411019K->339789K(740352K), 0.0045516 secs] [Times: user=0.02 sys=0.00, real=0.01 secs] 
1898.707: [GC (Allocation Failure) [PSYoungGen: 72096K->1376K(71680K)] 410445K->339733K(739840K), 0.0049094 secs] [Times: user=0.02 sys=0.01, real=0.01 secs] 
1899.624: [GC (Allocation Failure) [PSYoungGen: 71520K->1440K(71168K)] 409877K->339797K(739328K), 0.0027774 secs] [Times: user=0.01 sys=0.00, real=0.00 secs] 
1900.448: [GC (Allocation Failure) [PSYoungGen: 71072K->1360K(70656K)] 409429K->339717K(738816K), 0.0028105 secs] [Times: user=0.01 sys=0.01, real=0.01 secs] 
1900.752: [GC (Allocation Failure) [PSYoungGen: 70480K->1469K(70144K)] 408837K->339827K(738304K), 0.0018013 secs] [Times: user=0.01 sys=0.00, real=0.00 secs] 
1900.899: [GC (Allocation Failure) [PSYoungGen: 70056K->1517K(69632K)] 408414K->339875K(737792K), 0.0021365 secs] [Times: user=0.01 sys=0.01, real=0.00 secs] 
1901.061: [GC (Allocation Failure) [PSYoungGen: 69613K->1533K(69120K)] 407971K->339891K(737280K), 0.0017942 secs] [Times: user=0.00 sys=0.00, real=0.00 secs] 
1901.284: [GC (Allocation Failure) [PSYoungGen: 69117K->1728K(69120K)] 407475K->340085K(737280K), 0.0021883 secs] [Times: user=0.00 sys=0.00, real=0.00 secs] 
1901.584: [GC (Allocation Failure) [PSYoungGen: 68800K->384K(67072K)] 407157K->339765K(735232K), 0.0020068 secs] [Times: user=0.01 sys=0.00, real=0.00 secs] 
1901.860: [GC (Allocation Failure) [PSYoungGen: 66944K->368K(67072K)] 406325K->339749K(735232K), 0.0020131 secs] [Times: user=0.01 sys=0.00, real=0.00 secs] 
1902.137: [GC (Allocation Failure) [PSYoungGen: 66928K->352K(67072K)] 406309K->339733K(735232K), 0.0021349 secs] [Times: user=0.01 sys=0.00, real=0.01 secs] 
1902.414: [GC (Allocation Failure) [PSYoungGen: 66912K->352K(69120K)] 406293K->339733K(737280K), 0.0019401 secs] [Times: user=0.01 sys=0.00, real=0.00 secs] 
1902.703: [GC (Allocation Failure) [PSYoungGen: 66912K->1437K(68096K)] 406293K->340819K(736256K), 0.0022336 secs] [Times: user=0.01 sys=0.00, real=0.00 secs] 
1902.854: [GC (Allocation Failure) [PSYoungGen: 67997K->1533K(68096K)] 407379K->340915K(736256K), 0.0017640 secs] [Times: user=0.00 sys=0.00, real=0.00 secs] 
1902.972: [GC (Allocation Failure) [PSYoungGen: 68093K->1533K(68096K)] 407475K->340915K(736256K), 0.0017006 secs] [Times: user=0.00 sys=0.00, real=0.00 secs] 
1903.090: [GC (Allocation Failure) [PSYoungGen: 68093K->1501K(70144K)] 407475K->340899K(738304K), 0.0018056 secs] [Times: user=0.00 sys=0.00, real=0.00 secs] 
1903.459: [GC (Allocation Failure) [PSYoungGen: 69085K->1440K(76288K)] 408483K->340861K(744448K), 0.0026714 secs] [Times: user=0.01 sys=0.01, real=0.01 secs] 
1903.760: [GC (Allocation Failure) [PSYoungGen: 75168K->1408K(74752K)] 414589K->340829K(742912K), 0.0020039 secs] [Times: user=0.01 sys=0.00, real=0.00 secs] 
1904.065: [GC (Allocation Failure) [PSYoungGen: 74624K->1376K(74752K)] 414045K->340797K(742912K), 0.0019902 secs] [Times: user=0.01 sys=0.00, real=0.00 secs] 
1904.405: [GC (Allocation Failure) [PSYoungGen: 74080K->1405K(73728K)] 413501K->340827K(741888K), 0.0020984 secs] [Times: user=0.01 sys=0.00, real=0.00 secs] 
1904.541: [GC (Allocation Failure) [PSYoungGen: 73597K->1453K(73728K)] 413019K->340875K(741888K), 0.0017088 secs] [Times: user=0.01 sys=0.00, real=0.00 secs] 
1904.666: [GC (Allocation Failure) [PSYoungGen: 73133K->1485K(72704K)] 412555K->340907K(740864K), 0.0016223 secs] [Times: user=0.01 sys=0.00, real=0.00 secs] 
1904.791: [GC (Allocation Failure) [PSYoungGen: 72653K->1485K(73728K)] 412075K->340923K(741888K), 0.0015600 secs] [Times: user=0.00 sys=0.00, real=0.00 secs] 
1906.277: [GC (Allocation Failure) [PSYoungGen: 72653K->1472K(72192K)] 412091K->340909K(740352K), 0.0044813 secs] [Times: user=0.02 sys=0.00, real=0.01 secs] 
1907.550: [GC (Allocation Failure) [PSYoungGen: 72128K->1408K(71680K)] 411565K->340845K(739840K), 0.0040781 secs] [Times: user=0.02 sys=0.00, real=0.00 secs] 
1908.236: [GC (Allocation Failure) [PSYoungGen: 71552K->1408K(71168K)] 410989K->340845K(739328K), 0.0026546 secs] [Times: user=0.01 sys=0.00, real=0.01 secs] 
1908.950: [GC (Allocation Failure) [PSYoungGen: 71040K->1440K(70656K)] 410477K->340877K(738816K), 0.0035245 secs] [Times: user=0.01 sys=0.00, real=0.00 secs] 
1909.371: [GC (Allocation Failure) [PSYoungGen: 70560K->1469K(70144K)] 409997K->340907K(738304K), 0.0022723 secs] [Times: user=0.00 sys=0.00, real=0.00 secs] 
1909.515: [GC (Allocation Failure) [PSYoungGen: 70077K->1533K(69632K)] 409515K->340971K(737792K), 0.0018743 secs] [Times: user=0.01 sys=0.00, real=0.00 secs] 
1909.635: [GC (Allocation Failure) [PSYoungGen: 69629K->1488K(69120K)] 409067K->340926K(737280K), 0.0016127 secs] [Times: user=0.01 sys=0.00, real=0.00 secs] 
1909.755: [GC (Allocation Failure) [PSYoungGen: 69072K->1517K(68608K)] 408510K->340955K(736768K), 0.0016516 secs] [Times: user=0.00 sys=0.00, real=0.00 secs] 
1910.759: [GC (Allocation Failure) [PSYoungGen: 68589K->1472K(68096K)] 408027K->340909K(736256K), 0.0026261 secs] [Times: user=0.01 sys=0.00, real=0.01 secs] 
1911.652: [GC (Allocation Failure) [PSYoungGen: 68032K->1408K(68608K)] 407469K->340845K(736768K), 0.0026952 secs] [Times: user=0.01 sys=0.00, real=0.00 secs] 
1912.114: [GC (Allocation Failure) [PSYoungGen: 67968K->1376K(68608K)] 407405K->340813K(736768K), 0.0037539 secs] [Times: user=0.02 sys=0.00, real=0.00 secs] 
1912.462: [GC (Allocation Failure) [PSYoungGen: 67936K->1408K(68608K)] 407373K->340853K(736768K), 0.0016910 secs] [Times: user=0.01 sys=0.00, real=0.00 secs] 
1912.766: [GC (Allocation Failure) [PSYoungGen: 67968K->1533K(68608K)] 407413K->340979K(736768K), 0.0025404 secs] [Times: user=0.01 sys=0.00, real=0.01 secs] 
1912.963: [GC (Allocation Failure) [PSYoungGen: 68093K->1533K(68608K)] 407539K->340979K(736768K), 0.0017646 secs] [Times: user=0.01 sys=0.00, real=0.00 secs] 
1913.081: [GC (Allocation Failure) [PSYoungGen: 68093K->1536K(68608K)] 407539K->340982K(736768K), 0.0017634 secs] [Times: user=0.01 sys=0.00, real=0.00 secs] 
1913.198: [GC (Allocation Failure) [PSYoungGen: 68096K->1533K(68608K)] 407542K->340995K(736768K), 0.0017636 secs] [Times: user=0.01 sys=0.00, real=0.01 secs] 
1915.015: [GC (Allocation Failure) [PSYoungGen: 68093K->1456K(68608K)] 407555K->340918K(736768K), 0.0045256 secs] [Times: user=0.01 sys=0.00, real=0.01 secs] 
1916.265: [GC (Allocation Failure) [PSYoungGen: 68016K->1440K(68608K)] 407478K->340901K(736768K), 0.0038398 secs] [Times: user=0.01 sys=0.00, real=0.01 secs] 
1916.922: [GC (Allocation Failure) [PSYoungGen: 68000K->1392K(68608K)] 407461K->340878K(736768K), 0.0027856 secs] [Times: user=0.01 sys=0.00, real=0.00 secs] 
1917.819: [GC (Allocation Failure) [PSYoungGen: 67952K->1408K(68608K)] 407438K->340893K(736768K), 0.0027488 secs] [Times: user=0.01 sys=0.00, real=0.00 secs] 
1918.922: [GC (Allocation Failure) [PSYoungGen: 67953K->1469K(68608K)] 407439K->340955K(736768K), 0.0026964 secs] [Times: user=0.01 sys=0.00, real=0.00 secs] 
1919.145: [GC (Allocation Failure) [PSYoungGen: 68029K->1501K(68608K)] 407515K->340987K(736768K), 0.0020156 secs] [Times: user=0.01 sys=0.00, real=0.00 secs] 
1919.280: [GC (Allocation Failure) [PSYoungGen: 68030K->1501K(68608K)] 407516K->340987K(736768K), 0.0015494 secs] [Times: user=0.01 sys=0.00, real=0.00 secs] 
1919.417: [GC (Allocation Failure) [PSYoungGen: 68061K->1501K(68608K)] 407547K->341003K(736768K), 0.0019451 secs] [Times: user=0.00 sys=0.00, real=0.00 secs] 
1920.247: [GC (Allocation Failure) [PSYoungGen: 68061K->1392K(68608K)] 407563K->340894K(736768K), 0.0051066 secs] [Times: user=0.02 sys=0.00, real=0.01 secs] 
1921.004: [GC (Allocation Failure) [PSYoungGen: 67952K->1344K(68608K)] 407454K->340845K(736768K), 0.0032470 secs] [Times: user=0.01 sys=0.00, real=0.00 secs] 
1921.800: [GC (Allocation Failure) [PSYoungGen: 67904K->1408K(68608K)] 407405K->340909K(736768K), 0.0024445 secs] [Times: user=0.01 sys=0.00, real=0.00 secs] 
1922.411: [GC (Allocation Failure) [PSYoungGen: 67968K->1376K(68608K)] 407469K->340877K(736768K), 0.0025392 secs] [Times: user=0.01 sys=0.00, real=0.00 secs] 
1922.929: [GC (Allocation Failure) [PSYoungGen: 67936K->1437K(68608K)] 407437K->340939K(736768K), 0.0020674 secs] [Times: user=0.01 sys=0.00, real=0.00 secs] 
1923.079: [GC (Allocation Failure) [PSYoungGen: 67997K->1485K(68608K)] 407499K->340987K(736768K), 0.0014956 secs] [Times: user=0.01 sys=0.00, real=0.00 secs] 
1923.198: [GC (Allocation Failure) [PSYoungGen: 68045K->1533K(68608K)] 407547K->341035K(736768K), 0.0015655 secs] [Times: user=0.00 sys=0.00, real=0.01 secs] 
1923.315: [GC (Allocation Failure) [PSYoungGen: 68093K->1456K(68608K)] 407595K->340982K(736768K), 0.0015784 secs] [Times: user=0.01 sys=0.00, real=0.00 secs] 
1923.681: [GC (Allocation Failure) [PSYoungGen: 68016K->1472K(68608K)] 407542K->340997K(736768K), 0.0019790 secs] [Times: user=0.01 sys=0.00, real=0.00 secs] 
1924.287: [GC (Allocation Failure) [PSYoungGen: 68032K->1376K(68608K)] 407557K->340901K(736768K), 0.0033414 secs] [Times: user=0.02 sys=0.00, real=0.01 secs] 
1924.649: [GC (Allocation Failure) [PSYoungGen: 67936K->1408K(68608K)] 407461K->340933K(736768K), 0.0021822 secs] [Times: user=0.01 sys=0.00, real=0.00 secs] 
1925.110: [GC (Allocation Failure) [PSYoungGen: 67968K->1408K(68608K)] 407493K->340949K(736768K), 0.0027365 secs] [Times: user=0.01 sys=0.00, real=0.00 secs] 
1926.216: [GC (Allocation Failure) [PSYoungGen: 67961K->1469K(68608K)] 407503K->341011K(736768K), 0.0031392 secs] [Times: user=0.01 sys=0.00, real=0.01 secs] 
1926.411: [GC (Allocation Failure) [PSYoungGen: 68029K->1501K(68608K)] 407571K->341043K(736768K), 0.0016279 secs] [Times: user=0.01 sys=0.00, real=0.00 secs] 
1926.527: [GC (Allocation Failure) [PSYoungGen: 68040K->1504K(68608K)] 407582K->341046K(736768K), 0.0017430 secs] [Times: user=0.01 sys=0.00, real=0.01 secs] 
1926.645: [GC (Allocation Failure) [PSYoungGen: 68064K->1501K(68608K)] 407606K->341059K(736768K), 0.0018109 secs] [Times: user=0.01 sys=0.00, real=0.00 secs] 
1927.204: [GC (Allocation Failure) [PSYoungGen: 68061K->1488K(68608K)] 407619K->341046K(736768K), 0.0022275 secs] [Times: user=0.01 sys=0.00, real=0.00 secs] 
1928.142: [GC (Allocation Failure) [PSYoungGen: 68048K->1392K(68608K)] 407606K->340950K(736768K), 0.0021338 secs] [Times: user=0.01 sys=0.00, real=0.00 secs] 
1929.002: [GC (Allocation Failure) [PSYoungGen: 67952K->1440K(68608K)] 407510K->341005K(736768K), 0.0033070 secs] [Times: user=0.01 sys=0.00, real=0.00 secs] 
1929.756: [GC (Allocation Failure) [PSYoungGen: 68000K->1392K(68608K)] 407565K->340958K(736768K), 0.0032810 secs] [Times: user=0.01 sys=0.00, real=0.01 secs] 
1930.382: [GC (Allocation Failure) [PSYoungGen: 67952K->1376K(68608K)] 407518K->340941K(736768K), 0.0023951 secs] [Times: user=0.01 sys=0.00, real=0.00 secs] 
1930.641: [GC (Allocation Failure) [PSYoungGen: 67936K->1533K(68608K)] 407501K->341099K(736768K), 0.0015287 secs] [Times: user=0.01 sys=0.00, real=0.00 secs] 
1930.761: [GC (Allocation Failure) [PSYoungGen: 68090K->1469K(68608K)] 407656K->341035K(736768K), 0.0014669 secs] [Times: user=0.00 sys=0.00, real=0.00 secs] 
1930.878: [GC (Allocation Failure) [PSYoungGen: 68029K->1440K(68608K)] 407595K->341022K(736768K), 0.0015622 secs] [Times: user=0.00 sys=0.00, real=0.01 secs] 
1931.135: [GC (Allocation Failure) [PSYoungGen: 68000K->1984K(68608K)] 407582K->341566K(736768K), 0.0020430 secs] [Times: user=0.01 sys=0.00, real=0.00 secs] 
1931.684: [GC (Allocation Failure) [PSYoungGen: 68544K->1408K(68608K)] 408126K->340989K(736768K), 0.0020433 secs] [Times: user=0.01 sys=0.00, real=0.00 secs] 
1932.320: [GC (Allocation Failure) [PSYoungGen: 67968K->1376K(68608K)] 407549K->340957K(736768K), 0.0020006 secs] [Times: user=0.01 sys=0.00, real=0.00 secs] 
1933.007: [GC (Allocation Failure) [PSYoungGen: 67936K->1408K(68608K)] 407517K->340989K(736768K), 0.0022326 secs] [Times: user=0.01 sys=0.00, real=0.01 secs] 
1933.703: [GC (Allocation Failure) [PSYoungGen: 67968K->1408K(68608K)] 407549K->340989K(736768K), 0.0027430 secs] [Times: user=0.01 sys=0.00, real=0.00 secs] 
1934.749: [GC (Allocation Failure) [PSYoungGen: 67968K->1501K(68608K)] 407549K->341083K(736768K), 0.0020418 secs] [Times: user=0.01 sys=0.00, real=0.00 secs] 
1934.877: [GC (Allocation Failure) [PSYoungGen: 68061K->1533K(68608K)] 407643K->341115K(736768K), 0.0015614 secs] [Times: user=0.01 sys=0.00, real=0.00 secs] 
1935.011: [GC (Allocation Failure) [PSYoungGen: 68093K->1501K(68608K)] 407675K->341099K(736768K), 0.0019359 secs] [Times: user=0.01 sys=0.00, real=0.00 secs] 
1935.160: [GC (Allocation Failure) [PSYoungGen: 68061K->1501K(68608K)] 407659K->341099K(736768K), 0.0017447 secs] [Times: user=0.00 sys=0.00, real=0.00 secs] 
1935.959: [GC (Allocation Failure) [PSYoungGen: 68061K->1440K(68608K)] 407659K->341069K(736768K), 0.0026058 secs] [Times: user=0.01 sys=0.00, real=0.00 secs] 
1936.507: [GC (Allocation Failure) [PSYoungGen: 68000K->1344K(68608K)] 407629K->340981K(736768K), 0.0023070 secs] [Times: user=0.01 sys=0.00, real=0.01 secs] 
1937.252: [GC (Allocation Failure) [PSYoungGen: 67904K->1376K(68608K)] 407541K->341013K(736768K), 0.0022758 secs] [Times: user=0.01 sys=0.00, real=0.00 secs] 
1937.904: [GC (Allocation Failure) [PSYoungGen: 67936K->1440K(68608K)] 407573K->341077K(736768K), 0.0024664 secs] [Times: user=0.01 sys=0.01, real=0.00 secs] 
1939.008: [GC (Allocation Failure) [PSYoungGen: 68000K->1501K(68608K)] 407637K->341139K(736768K), 0.0022148 secs] [Times: user=0.01 sys=0.00, real=0.01 secs] 
1939.149: [GC (Allocation Failure) [PSYoungGen: 68061K->1533K(68608K)] 407699K->341171K(736768K), 0.0017446 secs] [Times: user=0.01 sys=0.00, real=0.00 secs] 
1939.267: [GC (Allocation Failure) [PSYoungGen: 68093K->1501K(68608K)] 407731K->341155K(736768K), 0.0017515 secs] [Times: user=0.01 sys=0.01, real=0.01 secs] 
1939.384: [GC (Allocation Failure) [PSYoungGen: 68061K->1469K(68608K)] 407715K->341123K(736768K), 0.0017514 secs] [Times: user=0.01 sys=0.00, real=0.00 secs] 
1940.131: [GC (Allocation Failure) [PSYoungGen: 68029K->1408K(68096K)] 407683K->341061K(736256K), 0.0021596 secs] [Times: user=0.01 sys=0.00, real=0.00 secs] 
1940.750: [GC (Allocation Failure) [PSYoungGen: 67968K->1408K(68096K)] 407621K->341061K(736256K), 0.0028839 secs] [Times: user=0.01 sys=0.00, real=0.00 secs] 
1941.373: [GC (Allocation Failure) [PSYoungGen: 67968K->1408K(68096K)] 407621K->341061K(736256K), 0.0029723 secs] [Times: user=0.01 sys=0.00, real=0.00 secs] 
1942.029: [GC (Allocation Failure) [PSYoungGen: 67968K->1408K(68096K)] 407621K->341061K(736256K), 0.0028832 secs] [Times: user=0.01 sys=0.00, real=0.01 secs] 
1942.552: [GC (Allocation Failure) [PSYoungGen: 67968K->1485K(68096K)] 407621K->341139K(736256K), 0.0021294 secs] [Times: user=0.01 sys=0.00, real=0.00 secs] 
1942.725: [GC (Allocation Failure) [PSYoungGen: 68045K->1533K(68096K)] 407699K->341187K(736256K), 0.0022553 secs] [Times: user=0.01 sys=0.00, real=0.00 secs] 
1942.896: [GC (Allocation Failure) [PSYoungGen: 68093K->1501K(68096K)] 407747K->341155K(736256K), 0.0021132 secs] [Times: user=0.00 sys=0.00, real=0.00 secs] 
1943.059: [GC (Allocation Failure) [PSYoungGen: 68061K->1456K(71680K)] 407715K->341134K(739840K), 0.0027380 secs] [Times: user=0.01 sys=0.00, real=0.01 secs] 
1943.460: [GC (Allocation Failure) [PSYoungGen: 71088K->1408K(70656K)] 410766K->341085K(738816K), 0.0023946 secs] [Times: user=0.00 sys=0.00, real=0.00 secs] 
1944.014: [GC (Allocation Failure) [PSYoungGen: 70528K->1440K(70144K)] 410205K->341117K(738304K), 0.0019395 secs] [Times: user=0.01 sys=0.00, real=0.00 secs] 
1944.589: [GC (Allocation Failure) [PSYoungGen: 70048K->1440K(69632K)] 409725K->341117K(737792K), 0.0021541 secs] [Times: user=0.01 sys=0.00, real=0.00 secs] 
1945.410: [GC (Allocation Failure) [PSYoungGen: 69536K->1408K(69120K)] 409213K->341101K(737280K), 0.0029971 secs] [Times: user=0.02 sys=0.00, real=0.00 secs] 
1946.109: [GC (Allocation Failure) [PSYoungGen: 68992K->1501K(68608K)] 408685K->341195K(736768K), 0.0023578 secs] [Times: user=0.01 sys=0.00, real=0.00 secs] 
1946.260: [GC (Allocation Failure) [PSYoungGen: 68573K->1501K(68096K)] 408267K->341195K(736256K), 0.0018757 secs] [Times: user=0.01 sys=0.00, real=0.00 secs] 
1946.379: [GC (Allocation Failure) [PSYoungGen: 68061K->1533K(68096K)] 407755K->341227K(736256K), 0.0017498 secs] [Times: user=0.01 sys=0.00, real=0.00 secs] 
1946.495: [GC (Allocation Failure) [PSYoungGen: 68093K->1533K(72192K)] 407787K->341243K(740352K), 0.0018093 secs] [Times: user=0.01 sys=0.00, real=0.00 secs] 
1947.516: [GC (Allocation Failure) [PSYoungGen: 71677K->1440K(71168K)] 411387K->341149K(739328K), 0.0024639 secs] [Times: user=0.01 sys=0.00, real=0.00 secs] 
1948.342: [GC (Allocation Failure) [PSYoungGen: 71072K->1440K(70656K)] 410781K->341149K(738816K), 0.0024301 secs] [Times: user=0.01 sys=0.00, real=0.00 secs] 
1948.973: [GC (Allocation Failure) [PSYoungGen: 70560K->1424K(70144K)] 410269K->341134K(738304K), 0.0020539 secs] [Times: user=0.01 sys=0.00, real=0.00 secs] 
1949.258: [GC (Allocation Failure) [PSYoungGen: 70032K->1408K(69632K)] 409742K->341117K(737792K), 0.0021782 secs] [Times: user=0.00 sys=0.00, real=0.01 secs] 
1949.534: [GC (Allocation Failure) [PSYoungGen: 69504K->1501K(69120K)] 409213K->341211K(737280K), 0.0016023 secs] [Times: user=0.00 sys=0.00, real=0.00 secs] 
1949.654: [GC (Allocation Failure) [PSYoungGen: 69085K->1485K(68608K)] 408795K->341195K(736768K), 0.0016259 secs] [Times: user=0.00 sys=0.00, real=0.00 secs] 
1949.772: [GC (Allocation Failure) [PSYoungGen: 68541K->1501K(68096K)] 408251K->341211K(736256K), 0.0016389 secs] [Times: user=0.00 sys=0.00, real=0.00 secs] 
1949.889: [GC (Allocation Failure) [PSYoungGen: 68061K->1501K(71680K)] 407771K->341227K(739840K), 0.0016761 secs] [Times: user=0.01 sys=0.00, real=0.00 secs] 
1950.657: [GC (Allocation Failure) [PSYoungGen: 71133K->1408K(70656K)] 410859K->341133K(738816K), 0.0024993 secs] [Times: user=0.01 sys=0.00, real=0.01 secs] 
1951.300: [GC (Allocation Failure) [PSYoungGen: 70528K->1408K(70144K)] 410253K->341133K(738304K), 0.0029082 secs] [Times: user=0.01 sys=0.01, real=0.00 secs] 
1951.685: [GC (Allocation Failure) [PSYoungGen: 70016K->1408K(69632K)] 409741K->341133K(737792K), 0.0020383 secs] [Times: user=0.00 sys=0.00, real=0.00 secs] 
1952.008: [GC (Allocation Failure) [PSYoungGen: 69504K->1440K(69120K)] 409229K->341165K(737280K), 0.0021714 secs] [Times: user=0.01 sys=0.00, real=0.01 secs] 
1952.205: [GC (Allocation Failure) [PSYoungGen: 69024K->1453K(68608K)] 408749K->341179K(736768K), 0.0016263 secs] [Times: user=0.01 sys=0.00, real=0.00 secs] 
1952.324: [GC (Allocation Failure) [PSYoungGen: 68525K->1485K(68096K)] 408251K->341211K(736256K), 0.0016864 secs] [Times: user=0.01 sys=0.00, real=0.00 secs] 
1952.440: [GC (Allocation Failure) [PSYoungGen: 68045K->1501K(72192K)] 407771K->341227K(740352K), 0.0016815 secs] [Times: user=0.00 sys=0.00, real=0.00 secs] 
1952.565: [GC (Allocation Failure) [PSYoungGen: 72157K->1501K(72704K)] 411883K->341243K(740864K), 0.0016842 secs] [Times: user=0.00 sys=0.00, real=0.00 secs] 
1953.418: [GC (Allocation Failure) [PSYoungGen: 72157K->1440K(71680K)] 411899K->341181K(739840K), 0.0021599 secs] [Times: user=0.01 sys=0.00, real=0.01 secs] 
1955.158: [GC (Allocation Failure) [PSYoungGen: 71584K->1440K(71168K)] 411325K->341197K(739328K), 0.0126206 secs] [Times: user=0.01 sys=0.05, real=0.02 secs] 
1956.298: [GC (Allocation Failure) [PSYoungGen: 71072K->1440K(70656K)] 410829K->341197K(738816K), 0.0034406 secs] [Times: user=0.01 sys=0.00, real=0.01 secs] 
1957.376: [GC (Allocation Failure) [PSYoungGen: 70560K->1376K(70144K)] 410317K->341133K(738304K), 0.0033070 secs] [Times: user=0.02 sys=0.00, real=0.01 secs] 
1957.593: [GC (Allocation Failure) [PSYoungGen: 69984K->1488K(69632K)] 409741K->341246K(737792K), 0.0015631 secs] [Times: user=0.01 sys=0.00, real=0.00 secs] 
1957.712: [GC (Allocation Failure) [PSYoungGen: 69584K->1501K(69120K)] 409342K->341259K(737280K), 0.0015913 secs] [Times: user=0.00 sys=0.00, real=0.00 secs] 
1957.831: [GC (Allocation Failure) [PSYoungGen: 69085K->1501K(68608K)] 408843K->341259K(736768K), 0.0017549 secs] [Times: user=0.00 sys=0.00, real=0.00 secs] 
1958.201: [GC (Allocation Failure) [PSYoungGen: 68573K->1408K(68096K)] 408331K->341165K(736256K), 0.0021329 secs] [Times: user=0.01 sys=0.00, real=0.00 secs] 
1958.798: [GC (Allocation Failure) [PSYoungGen: 67968K->1408K(68096K)] 407725K->341165K(736256K), 0.0020364 secs] [Times: user=0.01 sys=0.00, real=0.01 secs] 
1959.487: [GC (Allocation Failure) [PSYoungGen: 67968K->1408K(68096K)] 407725K->341165K(736256K), 0.0029230 secs] [Times: user=0.01 sys=0.00, real=0.01 secs] 
1960.121: [GC (Allocation Failure) [PSYoungGen: 67968K->1408K(68096K)] 407725K->341165K(736256K), 0.0028681 secs] [Times: user=0.01 sys=0.00, real=0.00 secs] 
1960.724: [GC (Allocation Failure) [PSYoungGen: 67968K->1408K(68096K)] 407725K->341165K(736256K), 0.0027903 secs] [Times: user=0.01 sys=0.01, real=0.00 secs] 
1960.948: [GC (Allocation Failure) [PSYoungGen: 67968K->1485K(68096K)] 407725K->341243K(736256K), 0.0016627 secs] [Times: user=0.00 sys=0.00, real=0.01 secs] 
1961.064: [GC (Allocation Failure) [PSYoungGen: 68045K->1453K(68096K)] 407803K->341211K(736256K), 0.0016338 secs] [Times: user=0.01 sys=0.00, real=0.00 secs] 
1961.181: [GC (Allocation Failure) [PSYoungGen: 68013K->1501K(68096K)] 407771K->341259K(736256K), 0.0016346 secs] [Times: user=0.01 sys=0.00, real=0.00 secs] 
1961.344: [GC (Allocation Failure) [PSYoungGen: 68061K->1536K(68608K)] 407819K->341294K(736768K), 0.0018863 secs] [Times: user=0.01 sys=0.00, real=0.00 secs] 
1962.169: [GC (Allocation Failure) [PSYoungGen: 68096K->384K(67072K)] 407854K->341165K(735232K), 0.0021592 secs] [Times: user=0.01 sys=0.00, real=0.01 secs] 
1963.142: [GC (Allocation Failure) [PSYoungGen: 66944K->384K(68608K)] 407725K->341165K(736768K), 0.0032184 secs] [Times: user=0.01 sys=0.00, real=0.00 secs] 
1964.034: [GC (Allocation Failure) [PSYoungGen: 66944K->384K(67072K)] 407725K->341165K(735232K), 0.0030921 secs] [Times: user=0.01 sys=0.00, real=0.00 secs] 
1964.893: [GC (Allocation Failure) [PSYoungGen: 66944K->352K(68608K)] 407725K->341133K(736768K), 0.0021284 secs] [Times: user=0.01 sys=0.00, real=0.00 secs] 
1965.457: [GC (Allocation Failure) [PSYoungGen: 66912K->1456K(68608K)] 407693K->342238K(736768K), 0.0019880 secs] [Times: user=0.01 sys=0.00, real=0.01 secs] 
1965.577: [GC (Allocation Failure) [PSYoungGen: 68016K->1504K(69120K)] 408798K->342286K(737280K), 0.0017306 secs] [Times: user=0.00 sys=0.00, real=0.00 secs] 
1965.693: [GC (Allocation Failure) [PSYoungGen: 68064K->1533K(69120K)] 408846K->342331K(737280K), 0.0017586 secs] [Times: user=0.00 sys=0.00, real=0.00 secs] 
1965.827: [GC (Allocation Failure) [PSYoungGen: 68093K->1488K(69120K)] 408891K->342310K(737280K), 0.0020450 secs] [Times: user=0.01 sys=0.00, real=0.01 secs] 
1966.748: [GC (Allocation Failure) [PSYoungGen: 68048K->1376K(68096K)] 408870K->342198K(736256K), 0.0044285 secs] [Times: user=0.02 sys=0.00, real=0.01 secs] 
1967.530: [GC (Allocation Failure) [PSYoungGen: 67936K->1328K(68096K)] 408758K->342150K(736256K), 0.0035570 secs] [Times: user=0.02 sys=0.00, real=0.00 secs] 
1968.125: [GC (Allocation Failure) [PSYoungGen: 67888K->1376K(68096K)] 408710K->342198K(736256K), 0.0021390 secs] [Times: user=0.01 sys=0.00, real=0.00 secs] 
1968.684: [GC (Allocation Failure) [PSYoungGen: 67936K->1376K(68096K)] 408758K->342198K(736256K), 0.0023402 secs] [Times: user=0.01 sys=0.00, real=0.00 secs] 
1969.043: [GC (Allocation Failure) [PSYoungGen: 67936K->1501K(68096K)] 408758K->342323K(736256K), 0.0016569 secs] [Times: user=0.01 sys=0.00, real=0.00 secs] 
1969.162: [GC (Allocation Failure) [PSYoungGen: 68061K->1533K(68096K)] 408883K->342355K(736256K), 0.0018706 secs] [Times: user=0.00 sys=0.00, real=0.00 secs] 
1969.281: [GC (Allocation Failure) [PSYoungGen: 68093K->1517K(68096K)] 408915K->342355K(736256K), 0.0016153 secs] [Times: user=0.01 sys=0.00, real=0.00 secs] 
1969.399: [GC (Allocation Failure) [PSYoungGen: 68077K->1501K(71680K)] 408915K->342339K(739840K), 0.0015967 secs] [Times: user=0.01 sys=0.00, real=0.00 secs] 
1970.002: [GC (Allocation Failure) [PSYoungGen: 71133K->1440K(70656K)] 411971K->342278K(738816K), 0.0021223 secs] [Times: user=0.01 sys=0.00, real=0.00 secs] 
1970.324: [GC (Allocation Failure) [PSYoungGen: 70560K->1408K(70144K)] 411398K->342246K(738304K), 0.0021402 secs] [Times: user=0.01 sys=0.00, real=0.00 secs] 
1970.670: [GC (Allocation Failure) [PSYoungGen: 70016K->1456K(69632K)] 410854K->342294K(737792K), 0.0023967 secs] [Times: user=0.01 sys=0.00, real=0.00 secs] 
1971.091: [GC (Allocation Failure) [PSYoungGen: 69552K->1440K(69120K)] 410390K->342278K(737280K), 0.0023627 secs] [Times: user=0.00 sys=0.00, real=0.00 secs] 
1971.394: [GC (Allocation Failure) [PSYoungGen: 69024K->1501K(68608K)] 409862K->342339K(736768K), 0.0017623 secs] [Times: user=0.01 sys=0.00, real=0.00 secs] 
1971.514: [GC (Allocation Failure) [PSYoungGen: 68573K->1501K(72704K)] 409411K->342339K(740864K), 0.0032151 secs] [Times: user=0.02 sys=0.00, real=0.00 secs] 
1971.646: [GC (Allocation Failure) [PSYoungGen: 72157K->1501K(76800K)] 412995K->342355K(744960K), 0.0015844 secs] [Times: user=0.00 sys=0.00, real=0.00 secs] 
1972.475: [GC (Allocation Failure) [PSYoungGen: 76253K->1728K(76288K)] 417107K->342582K(744448K), 0.0023596 secs] [Times: user=0.01 sys=0.00, real=0.00 secs] 
1973.474: [GC (Allocation Failure) [PSYoungGen: 75968K->1376K(75264K)] 416822K->342246K(743424K), 0.0027551 secs] [Times: user=0.01 sys=0.00, real=0.00 secs] 
1974.084: [GC (Allocation Failure) [PSYoungGen: 75104K->1344K(74752K)] 415974K->342214K(742912K), 0.0024686 secs] [Times: user=0.01 sys=0.00, real=0.00 secs] 
1974.854: [GC (Allocation Failure) [PSYoungGen: 74560K->1408K(74240K)] 415430K->342278K(742400K), 0.0035008 secs] [Times: user=0.01 sys=0.00, real=0.00 secs] 
1975.470: [GC (Allocation Failure) [PSYoungGen: 74112K->1469K(73728K)] 414982K->342339K(741888K), 0.0020901 secs] [Times: user=0.00 sys=0.00, real=0.00 secs] 
1975.616: [GC (Allocation Failure) [PSYoungGen: 73661K->1440K(73216K)] 414531K->342310K(741376K), 0.0016313 secs] [Times: user=0.01 sys=0.00, real=0.00 secs] 
1975.742: [GC (Allocation Failure) [PSYoungGen: 73120K->1533K(72704K)] 413990K->342403K(740864K), 0.0015970 secs] [Times: user=0.01 sys=0.00, real=0.00 secs] 
1975.867: [GC (Allocation Failure) [PSYoungGen: 72701K->1485K(72192K)] 413571K->342355K(740352K), 0.0015181 secs] [Times: user=0.01 sys=0.00, real=0.01 secs] 
1976.910: [GC (Allocation Failure) [PSYoungGen: 72141K->1408K(71680K)] 413011K->342278K(739840K), 0.0045945 secs] [Times: user=0.02 sys=0.00, real=0.00 secs] 
1977.999: [GC (Allocation Failure) [PSYoungGen: 71552K->1440K(71168K)] 412422K->342310K(739328K), 0.0041733 secs] [Times: user=0.02 sys=0.00, real=0.00 secs] 
1978.915: [GC (Allocation Failure) [PSYoungGen: 71072K->1424K(70656K)] 411942K->342302K(738816K), 0.0041994 secs] [Times: user=0.02 sys=0.00, real=0.01 secs] 
1980.164: [GC (Allocation Failure) [PSYoungGen: 70544K->1440K(70144K)] 411422K->342318K(738304K), 0.0040823 secs] [Times: user=0.01 sys=0.00, real=0.00 secs] 
1980.846: [GC (Allocation Failure) [PSYoungGen: 70048K->1501K(69632K)] 410926K->342379K(737792K), 0.0023733 secs] [Times: user=0.01 sys=0.00, real=0.00 secs] 
1980.999: [GC (Allocation Failure) [PSYoungGen: 69597K->1533K(69120K)] 410475K->342411K(737280K), 0.0017904 secs] [Times: user=0.01 sys=0.00, real=0.00 secs] 
1981.119: [GC (Allocation Failure) [PSYoungGen: 69117K->1533K(68608K)] 409995K->342411K(736768K), 0.0018738 secs] [Times: user=0.01 sys=0.00, real=0.01 secs] 
1981.237: [GC (Allocation Failure) [PSYoungGen: 68605K->1501K(69120K)] 409483K->342395K(737280K), 0.0017883 secs] [Times: user=0.01 sys=0.00, real=0.00 secs] 
1982.048: [GC (Allocation Failure) [PSYoungGen: 69085K->1440K(68608K)] 409979K->342334K(736768K), 0.0023004 secs] [Times: user=0.01 sys=0.00, real=0.01 secs] 
1982.837: [GC (Allocation Failure) [PSYoungGen: 68512K->1408K(68096K)] 409406K->342302K(736256K), 0.0034480 secs] [Times: user=0.01 sys=0.00, real=0.01 secs] 
1983.477: [GC (Allocation Failure) [PSYoungGen: 67968K->1376K(68608K)] 408862K->342270K(736768K), 0.0027615 secs] [Times: user=0.01 sys=0.00, real=0.01 secs] 
1984.029: [GC (Allocation Failure) [PSYoungGen: 67936K->1408K(68608K)] 408830K->342302K(736768K), 0.0027809 secs] [Times: user=0.02 sys=0.00, real=0.00 secs] 
1984.361: [GC (Allocation Failure) [PSYoungGen: 67968K->1453K(68608K)] 408862K->342347K(736768K), 0.0015720 secs] [Times: user=0.01 sys=0.00, real=0.00 secs] 
1984.478: [GC (Allocation Failure) [PSYoungGen: 68013K->1533K(68608K)] 408907K->342427K(736768K), 0.0016828 secs] [Times: user=0.00 sys=0.00, real=0.01 secs] 
1984.597: [GC (Allocation Failure) [PSYoungGen: 68093K->1501K(68608K)] 408987K->342395K(736768K), 0.0015130 secs] [Times: user=0.01 sys=0.01, real=0.00 secs] 
1984.713: [GC (Allocation Failure) [PSYoungGen: 68061K->1453K(68608K)] 408955K->342363K(736768K), 0.0015754 secs] [Times: user=0.00 sys=0.00, real=0.00 secs] 
1985.211: [GC (Allocation Failure) [PSYoungGen: 68013K->1440K(68608K)] 408923K->342350K(736768K), 0.0021553 secs] [Times: user=0.01 sys=0.00, real=0.00 secs] 
1985.728: [GC (Allocation Failure) [PSYoungGen: 68000K->1408K(68608K)] 408910K->342350K(736768K), 0.0028342 secs] [Times: user=0.01 sys=0.00, real=0.01 secs] 
1986.317: [GC (Allocation Failure) [PSYoungGen: 67968K->1408K(68608K)] 408910K->342350K(736768K), 0.0027979 secs] [Times: user=0.01 sys=0.01, real=0.01 secs] 
1986.925: [GC (Allocation Failure) [PSYoungGen: 67968K->1408K(68608K)] 408910K->342350K(736768K), 0.0022433 secs] [Times: user=0.00 sys=0.00, real=0.00 secs] 
1987.425: [GC (Allocation Failure) [PSYoungGen: 67968K->1501K(68608K)] 408910K->342443K(736768K), 0.0020613 secs] [Times: user=0.00 sys=0.00, real=0.00 secs] 
1987.548: [GC (Allocation Failure) [PSYoungGen: 68061K->1533K(68608K)] 409003K->342475K(736768K), 0.0016627 secs] [Times: user=0.00 sys=0.00, real=0.01 secs] 
1987.665: [GC (Allocation Failure) [PSYoungGen: 68093K->1533K(68608K)] 409035K->342475K(736768K), 0.0016691 secs] [Times: user=0.00 sys=0.00, real=0.00 secs] 
1987.782: [GC (Allocation Failure) [PSYoungGen: 68093K->1485K(68608K)] 409035K->342443K(736768K), 0.0016640 secs] [Times: user=0.01 sys=0.00, real=0.00 secs] 
1988.209: [GC (Allocation Failure) [PSYoungGen: 68045K->1472K(68608K)] 409003K->342430K(736768K), 0.0020361 secs] [Times: user=0.01 sys=0.00, real=0.00 secs] 
1988.851: [GC (Allocation Failure) [PSYoungGen: 68032K->1376K(68608K)] 408990K->342334K(736768K), 0.0034432 secs] [Times: user=0.02 sys=0.00, real=0.00 secs] 
1989.726: [GC (Allocation Failure) [PSYoungGen: 67936K->1408K(68608K)] 408894K->342366K(736768K), 0.0022624 secs] [Times: user=0.01 sys=0.00, real=0.00 secs] 
1990.742: [GC (Allocation Failure) [PSYoungGen: 67968K->1408K(68608K)] 408926K->342366K(736768K), 0.0027262 secs] [Times: user=0.01 sys=0.00, real=0.00 secs] 
1992.577: [GC (Allocation Failure) [PSYoungGen: 67968K->1501K(68608K)] 408926K->342459K(736768K), 0.0026227 secs] [Times: user=0.01 sys=0.00, real=0.01 secs] 
1992.749: [GC (Allocation Failure) [PSYoungGen: 68061K->1501K(68608K)] 409019K->342459K(736768K), 0.0015807 secs] [Times: user=0.01 sys=0.00, real=0.00 secs] 
1992.867: [GC (Allocation Failure) [PSYoungGen: 68061K->1533K(68608K)] 409019K->342491K(736768K), 0.0015914 secs] [Times: user=0.00 sys=0.00, real=0.01 secs] 
1992.983: [GC (Allocation Failure) [PSYoungGen: 68093K->1533K(68608K)] 409051K->342507K(736768K), 0.0017496 secs] [Times: user=0.01 sys=0.00, real=0.00 secs] 
1993.744: [GC (Allocation Failure) [PSYoungGen: 68093K->1488K(68608K)] 409067K->342462K(736768K), 0.0024243 secs] [Times: user=0.01 sys=0.00, real=0.00 secs] 
1994.344: [GC (Allocation Failure) [PSYoungGen: 68048K->1408K(68608K)] 409022K->342382K(736768K), 0.0020631 secs] [Times: user=0.01 sys=0.00, real=0.00 secs] 
1994.864: [GC (Allocation Failure) [PSYoungGen: 67968K->1376K(68608K)] 408942K->342350K(736768K), 0.0021446 secs] [Times: user=0.01 sys=0.00, real=0.00 secs] 
1995.812: [GC (Allocation Failure) [PSYoungGen: 67936K->1440K(68608K)] 408910K->342414K(736768K), 0.0028732 secs] [Times: user=0.01 sys=0.00, real=0.00 secs] 
1996.353: [GC (Allocation Failure) [PSYoungGen: 68000K->1437K(68608K)] 408974K->342411K(736768K), 0.0023351 secs] [Times: user=0.01 sys=0.00, real=0.00 secs] 
1996.545: [GC (Allocation Failure) [PSYoungGen: 67997K->1536K(68608K)] 408971K->342510K(736768K), 0.0021788 secs] [Times: user=0.01 sys=0.00, real=0.00 secs] 
1996.695: [GC (Allocation Failure) [PSYoungGen: 68096K->1533K(68608K)] 409070K->342507K(736768K), 0.0017619 secs] [Times: user=0.01 sys=0.00, real=0.00 secs] 
1996.811: [GC (Allocation Failure) [PSYoungGen: 68093K->1517K(68608K)] 409067K->342507K(736768K), 0.0017833 secs] [Times: user=0.01 sys=0.00, real=0.00 secs] 
1997.233: [GC (Allocation Failure) [PSYoungGen: 68077K->1440K(68608K)] 409067K->342446K(736768K), 0.0031961 secs] [Times: user=0.01 sys=0.00, real=0.00 secs] 
1997.828: [GC (Allocation Failure) [PSYoungGen: 68000K->1424K(68608K)] 409006K->342430K(736768K), 0.0025319 secs] [Times: user=0.00 sys=0.00, real=0.01 secs] 
1998.353: [GC (Allocation Failure) [PSYoungGen: 67984K->1408K(68608K)] 408990K->342414K(736768K), 0.0024999 secs] [Times: user=0.01 sys=0.00, real=0.00 secs] 
1999.022: [GC (Allocation Failure) [PSYoungGen: 67968K->1440K(68608K)] 408974K->342446K(736768K), 0.0022849 secs] [Times: user=0.01 sys=0.00, real=0.00 secs] 
2001.372: [GC (Allocation Failure) [PSYoungGen: 67983K->1501K(68608K)] 408989K->342507K(736768K), 0.0031435 secs] [Times: user=0.02 sys=0.00, real=0.00 secs] 
2001.603: [GC (Allocation Failure) [PSYoungGen: 68061K->1456K(68608K)] 409067K->342462K(736768K), 0.0020235 secs] [Times: user=0.01 sys=0.00, real=0.00 secs] 
2001.732: [GC (Allocation Failure) [PSYoungGen: 68016K->1504K(68608K)] 409022K->342510K(736768K), 0.0017515 secs] [Times: user=0.01 sys=0.00, real=0.00 secs] 
2001.866: [GC (Allocation Failure) [PSYoungGen: 68064K->1456K(68608K)] 409070K->342478K(736768K), 0.0019786 secs] [Times: user=0.00 sys=0.00, real=0.00 secs] 
2002.178: [GC (Allocation Failure) [PSYoungGen: 68016K->1440K(68608K)] 409038K->342462K(736768K), 0.0027147 secs] [Times: user=0.01 sys=0.00, real=0.01 secs] 
2002.458: [GC (Allocation Failure) [PSYoungGen: 68000K->1376K(68608K)] 409022K->342398K(736768K), 0.0020001 secs] [Times: user=0.00 sys=0.00, real=0.01 secs] 
2002.876: [GC (Allocation Failure) [PSYoungGen: 67936K->1408K(68608K)] 408958K->342430K(736768K), 0.0019629 secs] [Times: user=0.01 sys=0.00, real=0.00 secs] 
2003.510: [GC (Allocation Failure) [PSYoungGen: 67968K->1408K(68608K)] 408990K->342430K(736768K), 0.0023493 secs] [Times: user=0.01 sys=0.00, real=0.00 secs] 
2004.346: [GC (Allocation Failure) [PSYoungGen: 67797K->272K(68608K)] 408819K->341294K(736768K), 0.0024127 secs] [Times: user=0.01 sys=0.00, real=0.00 secs] 
2004.522: [GC (Allocation Failure) [PSYoungGen: 66803K->1501K(68608K)] 407825K->342523K(736768K), 0.0016448 secs] [Times: user=0.00 sys=0.00, real=0.00 secs] 
2004.639: [GC (Allocation Failure) [PSYoungGen: 68061K->1501K(68608K)] 409083K->342523K(736768K), 0.0017829 secs] [Times: user=0.01 sys=0.00, real=0.00 secs] 
2004.757: [GC (Allocation Failure) [PSYoungGen: 68061K->1504K(68608K)] 409083K->342542K(736768K), 0.0017619 secs] [Times: user=0.01 sys=0.00, real=0.00 secs] 
2005.462: [GC (Allocation Failure) [PSYoungGen: 68064K->1984K(68608K)] 409102K->343534K(736768K), 0.0029240 secs] [Times: user=0.01 sys=0.00, real=0.00 secs] 
2006.041: [GC (Allocation Failure) [PSYoungGen: 68544K->1376K(68608K)] 410094K->342926K(736768K), 0.0024439 secs] [Times: user=0.01 sys=0.00, real=0.00 secs] 
2006.647: [GC (Allocation Failure) [PSYoungGen: 67936K->1408K(68608K)] 409486K->342974K(736768K), 0.0023923 secs] [Times: user=0.01 sys=0.00, real=0.01 secs] 
2007.186: [GC (Allocation Failure) [PSYoungGen: 67968K->1408K(68608K)] 409534K->342982K(736768K), 0.0019805 secs] [Times: user=0.00 sys=0.00, real=0.00 secs] 
2007.871: [GC (Allocation Failure) [PSYoungGen: 67968K->1408K(68608K)] 409542K->342982K(736768K), 0.0028252 secs] [Times: user=0.01 sys=0.00, real=0.00 secs] 
2008.165: [GC (Allocation Failure) [PSYoungGen: 67968K->1533K(68608K)] 409542K->343107K(736768K), 0.0017500 secs] [Times: user=0.00 sys=0.00, real=0.00 secs] 
2008.282: [GC (Allocation Failure) [PSYoungGen: 68093K->1469K(68608K)] 409667K->343043K(736768K), 0.0017354 secs] [Times: user=0.00 sys=0.00, real=0.00 secs] 
2008.417: [GC (Allocation Failure) [PSYoungGen: 68029K->1456K(68608K)] 409603K->343046K(736768K), 0.0018641 secs] [Times: user=0.01 sys=0.00, real=0.01 secs] 
2008.569: [GC (Allocation Failure) [PSYoungGen: 68016K->1453K(68608K)] 409606K->343043K(736768K), 0.0017376 secs] [Times: user=0.01 sys=0.00, real=0.00 secs] 
2009.240: [GC (Allocation Failure) [PSYoungGen: 68013K->1392K(68608K)] 409603K->342982K(736768K), 0.0021753 secs] [Times: user=0.01 sys=0.01, real=0.00 secs] 
2009.529: [GC (Allocation Failure) [PSYoungGen: 67952K->1408K(68608K)] 409542K->342998K(736768K), 0.0019351 secs] [Times: user=0.01 sys=0.00, real=0.00 secs] 
2009.806: [GC (Allocation Failure) [PSYoungGen: 67968K->1408K(68608K)] 409558K->342998K(736768K), 0.0019215 secs] [Times: user=0.01 sys=0.00, real=0.00 secs] 
2010.083: [GC (Allocation Failure) [PSYoungGen: 67968K->1408K(68608K)] 409558K->342998K(736768K), 0.0019159 secs] [Times: user=0.01 sys=0.00, real=0.00 secs] 
2010.295: [GC (Allocation Failure) [PSYoungGen: 67946K->1533K(68608K)] 409536K->343123K(736768K), 0.0016113 secs] [Times: user=0.00 sys=0.00, real=0.00 secs] 
2010.413: [GC (Allocation Failure) [PSYoungGen: 68093K->1533K(68608K)] 409683K->343123K(736768K), 0.0016996 secs] [Times: user=0.01 sys=0.00, real=0.00 secs] 
2010.532: [GC (Allocation Failure) [PSYoungGen: 68093K->1485K(68608K)] 409683K->343091K(736768K), 0.0017027 secs] [Times: user=0.01 sys=0.00, real=0.00 secs] 
2010.650: [GC (Allocation Failure) [PSYoungGen: 68045K->1501K(68608K)] 409651K->343107K(736768K), 0.0015254 secs] [Times: user=0.00 sys=0.00, real=0.00 secs] 
2011.267: [GC (Allocation Failure) [PSYoungGen: 68061K->1408K(68096K)] 409667K->343014K(736256K), 0.0019523 secs] [Times: user=0.01 sys=0.00, real=0.01 secs] 
2011.838: [GC (Allocation Failure) [PSYoungGen: 67968K->1392K(68096K)] 409574K->342998K(736256K), 0.0040923 secs] [Times: user=0.01 sys=0.00, real=0.01 secs] 
2012.341: [GC (Allocation Failure) [PSYoungGen: 67952K->1440K(68096K)] 409558K->343046K(736256K), 0.0021970 secs] [Times: user=0.00 sys=0.00, real=0.00 secs] 
2012.618: [GC (Allocation Failure) [PSYoungGen: 68000K->1408K(68096K)] 409606K->343014K(736256K), 0.0018769 secs] [Times: user=0.01 sys=0.00, real=0.01 secs] 
2012.934: [GC (Allocation Failure) [PSYoungGen: 67968K->1437K(68096K)] 409574K->343043K(736256K), 0.0016657 secs] [Times: user=0.01 sys=0.00, real=0.00 secs] 
2013.051: [GC (Allocation Failure) [PSYoungGen: 67997K->1485K(68096K)] 409603K->343091K(736256K), 0.0015793 secs] [Times: user=0.01 sys=0.00, real=0.00 secs] 
2013.167: [GC (Allocation Failure) [PSYoungGen: 68027K->1485K(68096K)] 409633K->343091K(736256K), 0.0016477 secs] [Times: user=0.01 sys=0.00, real=0.01 secs] 
2013.285: [GC (Allocation Failure) [PSYoungGen: 68045K->1472K(72192K)] 409651K->343110K(740352K), 0.0017557 secs] [Times: user=0.00 sys=0.00, real=0.00 secs] 
2013.944: [GC (Allocation Failure) [PSYoungGen: 71616K->1472K(71168K)] 413254K->343110K(739328K), 0.0019582 secs] [Times: user=0.01 sys=0.00, real=0.00 secs] 
2014.525: [GC (Allocation Failure) [PSYoungGen: 71104K->1440K(70656K)] 412742K->343078K(738816K), 0.0023520 secs] [Times: user=0.01 sys=0.00, real=0.00 secs] 
2015.101: [GC (Allocation Failure) [PSYoungGen: 70560K->1376K(70144K)] 412198K->343014K(738304K), 0.0020631 secs] [Times: user=0.01 sys=0.00, real=0.00 secs] 
2015.631: [GC (Allocation Failure) [PSYoungGen: 69984K->1376K(69632K)] 411622K->343014K(737792K), 0.0021296 secs] [Times: user=0.01 sys=0.00, real=0.00 secs] 
2015.884: [GC (Allocation Failure) [PSYoungGen: 69472K->1469K(69120K)] 411110K->343107K(737280K), 0.0016918 secs] [Times: user=0.01 sys=0.00, real=0.00 secs] 
2016.005: [GC (Allocation Failure) [PSYoungGen: 69053K->1453K(68608K)] 410691K->343091K(736768K), 0.0017325 secs] [Times: user=0.01 sys=0.00, real=0.00 secs] 
2016.123: [GC (Allocation Failure) [PSYoungGen: 68513K->1533K(68096K)] 410151K->343171K(736256K), 0.0015097 secs] [Times: user=0.00 sys=0.00, real=0.00 secs] 
2016.240: [GC (Allocation Failure) [PSYoungGen: 68093K->1437K(72192K)] 409731K->343083K(740352K), 0.0016722 secs] [Times: user=0.01 sys=0.00, real=0.00 secs] 
2016.937: [GC (Allocation Failure) [PSYoungGen: 71581K->1440K(71168K)] 413227K->343086K(739328K), 0.0018338 secs] [Times: user=0.01 sys=0.00, real=0.01 secs] 
2017.549: [GC (Allocation Failure) [PSYoungGen: 71072K->1440K(70656K)] 412718K->343086K(738816K), 0.0020226 secs] [Times: user=0.01 sys=0.00, real=0.00 secs] 
2018.133: [GC (Allocation Failure) [PSYoungGen: 70560K->1440K(70144K)] 412206K->343086K(738304K), 0.0019815 secs] [Times: user=0.01 sys=0.00, real=0.00 secs] 
2018.762: [GC (Allocation Failure) [PSYoungGen: 70048K->1408K(69632K)] 411694K->343054K(737792K), 0.0020723 secs] [Times: user=0.01 sys=0.00, real=0.00 secs] 
2019.000: [GC (Allocation Failure) [PSYoungGen: 69504K->1453K(69120K)] 411150K->343099K(737280K), 0.0015176 secs] [Times: user=0.01 sys=0.00, real=0.00 secs] 
2019.119: [GC (Allocation Failure) [PSYoungGen: 69037K->1456K(68608K)] 410683K->343102K(736768K), 0.0016943 secs] [Times: user=0.01 sys=0.00, real=0.00 secs] 
2019.238: [GC (Allocation Failure) [PSYoungGen: 68528K->477K(67072K)] 410174K->343147K(735232K), 0.0017887 secs] [Times: user=0.01 sys=0.00, real=0.01 secs] 
2019.355: [GC (Allocation Failure) [PSYoungGen: 67037K->461K(71680K)] 409707K->343139K(739840K), 0.0015306 secs] [Times: user=0.01 sys=0.00, real=0.00 secs] 
2020.342: [GC (Allocation Failure) [PSYoungGen: 70093K->1440K(70656K)] 412771K->344118K(738816K), 0.0020975 secs] [Times: user=0.01 sys=0.00, real=0.00 secs] 
2021.287: [GC (Allocation Failure) [PSYoungGen: 70560K->1376K(70144K)] 413238K->344054K(738304K), 0.0037862 secs] [Times: user=0.02 sys=0.00, real=0.01 secs] 
2022.099: [GC (Allocation Failure) [PSYoungGen: 69984K->1376K(69632K)] 412662K->344054K(737792K), 0.0027868 secs] [Times: user=0.01 sys=0.00, real=0.00 secs] 
2023.249: [GC (Allocation Failure) [PSYoungGen: 69472K->1408K(69120K)] 412150K->344086K(737280K), 0.0043251 secs] [Times: user=0.01 sys=0.01, real=0.00 secs] 
2023.740: [GC (Allocation Failure) [PSYoungGen: 68992K->1453K(68608K)] 411670K->344131K(736768K), 0.0022051 secs] [Times: user=0.01 sys=0.00, real=0.00 secs] 
2023.873: [GC (Allocation Failure) [PSYoungGen: 68525K->1533K(68096K)] 411203K->344211K(736256K), 0.0018851 secs] [Times: user=0.01 sys=0.00, real=0.00 secs] 
2023.990: [GC (Allocation Failure) [PSYoungGen: 68093K->1469K(68096K)] 410771K->344147K(736256K), 0.0016029 secs] [Times: user=0.01 sys=0.00, real=0.00 secs] 
2024.126: [GC (Allocation Failure) [PSYoungGen: 68029K->1408K(68096K)] 410707K->344086K(736256K), 0.0018021 secs] [Times: user=0.01 sys=0.00, real=0.00 secs] 
2025.761: [GC (Allocation Failure) [PSYoungGen: 67968K->1376K(68096K)] 410646K->344054K(736256K), 0.0029694 secs] [Times: user=0.01 sys=0.00, real=0.00 secs] 
2026.341: [GC (Allocation Failure) [PSYoungGen: 67936K->1440K(68096K)] 410614K->344118K(736256K), 0.0025099 secs] [Times: user=0.01 sys=0.00, real=0.00 secs] 
2026.930: [GC (Allocation Failure) [PSYoungGen: 68000K->1408K(68096K)] 410678K->344118K(736256K), 0.0024859 secs] [Times: user=0.01 sys=0.00, real=0.00 secs] 
2027.571: [GC (Allocation Failure) [PSYoungGen: 67968K->1376K(68096K)] 410678K->344086K(736256K), 0.0024522 secs] [Times: user=0.01 sys=0.00, real=0.00 secs] 
2027.827: [GC (Allocation Failure) [PSYoungGen: 67936K->1504K(68096K)] 410646K->344238K(736256K), 0.0015223 secs] [Times: user=0.01 sys=0.00, real=0.01 secs] 
2027.944: [GC (Allocation Failure) [PSYoungGen: 68064K->1485K(68608K)] 410798K->344219K(736768K), 0.0015529 secs] [Times: user=0.01 sys=0.00, real=0.00 secs] 
2028.061: [GC (Allocation Failure) [PSYoungGen: 68045K->1469K(68608K)] 410779K->344203K(736768K), 0.0036282 secs] [Times: user=0.01 sys=0.00, real=0.00 secs] 
2028.180: [GC (Allocation Failure) [PSYoungGen: 68029K->1533K(68608K)] 410763K->344291K(736768K), 0.0016276 secs] [Times: user=0.01 sys=0.00, real=0.00 secs] 
2029.319: [GC (Allocation Failure) [PSYoungGen: 68093K->1408K(75264K)] 410851K->344166K(743424K), 0.0024205 secs] [Times: user=0.01 sys=0.00, real=0.00 secs] 
2029.628: [GC (Allocation Failure) [PSYoungGen: 75136K->1408K(74752K)] 417894K->344166K(742912K), 0.0021323 secs] [Times: user=0.01 sys=0.01, real=0.01 secs] 
2030.016: [GC (Allocation Failure) [PSYoungGen: 74624K->1376K(74240K)] 417382K->344134K(742400K), 0.0017761 secs] [Times: user=0.01 sys=0.01, real=0.00 secs] 
2030.405: [GC (Allocation Failure) [PSYoungGen: 73851K->288K(72704K)] 416609K->343046K(740864K), 0.0020382 secs] [Times: user=0.01 sys=0.00, real=0.00 secs] 
2030.542: [GC (Allocation Failure) [PSYoungGen: 72480K->1533K(73216K)] 415238K->344291K(741376K), 0.0018735 secs] [Times: user=0.01 sys=0.00, real=0.00 secs] 
2030.667: [GC (Allocation Failure) [PSYoungGen: 73213K->1501K(73728K)] 415971K->344259K(741888K), 0.0016900 secs] [Times: user=0.01 sys=0.00, real=0.01 secs] 
2030.794: [GC (Allocation Failure) [PSYoungGen: 73181K->1501K(80896K)] 415939K->344267K(749056K), 0.0015763 secs] [Times: user=0.01 sys=0.00, real=0.00 secs] 
2031.111: [GC (Allocation Failure) [PSYoungGen: 80349K->1424K(79872K)] 423115K->344198K(748032K), 0.0017813 secs] [Times: user=0.01 sys=0.00, real=0.00 secs] 
2031.507: [GC (Allocation Failure) [PSYoungGen: 79760K->1408K(79360K)] 422534K->344182K(747520K), 0.0019549 secs] [Times: user=0.01 sys=0.00, real=0.01 secs] 
2031.830: [GC (Allocation Failure) [PSYoungGen: 79232K->1408K(78848K)] 422006K->344182K(747008K), 0.0019645 secs] [Times: user=0.01 sys=0.00, real=0.00 secs] 
2032.244: [GC (Allocation Failure) [PSYoungGen: 78720K->1376K(78336K)] 421494K->344150K(746496K), 0.0021525 secs] [Times: user=0.01 sys=0.00, real=0.00 secs] 
2032.582: [GC (Allocation Failure) [PSYoungGen: 78176K->1533K(77824K)] 420950K->344307K(745984K), 0.0018259 secs] [Times: user=0.00 sys=0.00, real=0.00 secs] 
2032.717: [GC (Allocation Failure) [PSYoungGen: 77821K->1501K(77312K)] 420595K->344275K(745472K), 0.0017812 secs] [Times: user=0.01 sys=0.00, real=0.01 secs] 
2032.852: [GC (Allocation Failure) [PSYoungGen: 77277K->1533K(76800K)] 420051K->344307K(744960K), 0.0018022 secs] [Times: user=0.01 sys=0.00, real=0.00 secs] 
2033.411: [GC (Allocation Failure) [PSYoungGen: 76797K->1456K(76288K)] 419571K->344230K(744448K), 0.0030846 secs] [Times: user=0.01 sys=0.00, real=0.00 secs] 
2034.081: [GC (Allocation Failure) [PSYoungGen: 76208K->1376K(75776K)] 418982K->344182K(743936K), 0.0030317 secs] [Times: user=0.01 sys=0.00, real=0.00 secs] 
2034.763: [GC (Allocation Failure) [PSYoungGen: 75616K->1408K(75264K)] 418422K->344214K(743424K), 0.0026346 secs] [Times: user=0.00 sys=0.00, real=0.00 secs] 
2035.216: [GC (Allocation Failure) [PSYoungGen: 75136K->1376K(74752K)] 417942K->344182K(742912K), 0.0020265 secs] [Times: user=0.00 sys=0.00, real=0.00 secs] 
2035.435: [GC (Allocation Failure) [PSYoungGen: 74592K->1453K(74240K)] 417398K->344259K(742400K), 0.0017679 secs] [Times: user=0.01 sys=0.00, real=0.00 secs] 
2035.564: [GC (Allocation Failure) [PSYoungGen: 74157K->1533K(73728K)] 416963K->344339K(741888K), 0.0017301 secs] [Times: user=0.01 sys=0.00, real=0.00 secs] 
2035.692: [GC (Allocation Failure) [PSYoungGen: 73725K->1453K(73216K)] 416531K->344259K(741376K), 0.0016174 secs] [Times: user=0.01 sys=0.00, real=0.00 secs] 
2035.861: [GC (Allocation Failure) [PSYoungGen: 72717K->1936K(73216K)] 415523K->344742K(741376K), 0.0018972 secs] [Times: user=0.01 sys=0.00, real=0.00 secs] 
2036.937: [GC (Allocation Failure) [PSYoungGen: 73104K->1392K(72192K)] 415910K->344198K(740352K), 0.0034551 secs] [Times: user=0.01 sys=0.00, real=0.01 secs] 
2037.929: [GC (Allocation Failure) [PSYoungGen: 72048K->1376K(71680K)] 414854K->344182K(739840K), 0.0025475 secs] [Times: user=0.01 sys=0.00, real=0.00 secs] 
2038.886: [GC (Allocation Failure) [PSYoungGen: 71520K->1344K(71168K)] 414326K->344150K(739328K), 0.0021187 secs] [Times: user=0.00 sys=0.01, real=0.00 secs] 
2039.849: [GC (Allocation Failure) [PSYoungGen: 70976K->1533K(70656K)] 413782K->344339K(738816K), 0.0025100 secs] [Times: user=0.01 sys=0.00, real=0.00 secs] 
2040.021: [GC (Allocation Failure) [PSYoungGen: 70653K->1533K(70144K)] 413459K->344339K(738304K), 0.0017559 secs] [Times: user=0.00 sys=0.00, real=0.00 secs] 
2040.142: [GC (Allocation Failure) [PSYoungGen: 70125K->1453K(69632K)] 412931K->344259K(737792K), 0.0015935 secs] [Times: user=0.01 sys=0.00, real=0.00 secs] 
2040.262: [GC (Allocation Failure) [PSYoungGen: 69549K->1485K(69120K)] 412355K->344291K(737280K), 0.0015492 secs] [Times: user=0.01 sys=0.00, real=0.00 secs] 
2040.616: [GC (Allocation Failure) [PSYoungGen: 69069K->1456K(68608K)] 411875K->344262K(736768K), 0.0023347 secs] [Times: user=0.01 sys=0.00, real=0.00 secs] 
2041.246: [GC (Allocation Failure) [PSYoungGen: 68528K->1392K(68096K)] 411334K->344198K(736256K), 0.0039169 secs] [Times: user=0.01 sys=0.00, real=0.01 secs] 
2041.830: [GC (Allocation Failure) [PSYoungGen: 67952K->1360K(68096K)] 410758K->344166K(736256K), 0.0026708 secs] [Times: user=0.01 sys=0.00, real=0.00 secs] 
2042.404: [GC (Allocation Failure) [PSYoungGen: 67920K->1376K(68608K)] 410726K->344182K(736768K), 0.0030651 secs] [Times: user=0.01 sys=0.00, real=0.00 secs] 
2043.144: [GC (Allocation Failure) [PSYoungGen: 67936K->1501K(68608K)] 410742K->344307K(736768K), 0.0025988 secs] [Times: user=0.01 sys=0.00, real=0.00 secs] 
2043.324: [GC (Allocation Failure) [PSYoungGen: 68061K->1565K(68608K)] 410867K->344371K(736768K), 0.0014793 secs] [Times: user=0.00 sys=0.00, real=0.00 secs] 
2043.445: [GC (Allocation Failure) [PSYoungGen: 68125K->1501K(68608K)] 410931K->344307K(736768K), 0.0015225 secs] [Times: user=0.00 sys=0.01, real=0.00 secs] 
2043.564: [GC (Allocation Failure) [PSYoungGen: 68061K->1485K(68608K)] 410867K->344307K(736768K), 0.0015517 secs] [Times: user=0.01 sys=0.00, real=0.00 secs] 
2043.866: [GC (Allocation Failure) [PSYoungGen: 68045K->1472K(68608K)] 410867K->344294K(736768K), 0.0019274 secs] [Times: user=0.01 sys=0.00, real=0.00 secs] 
2044.158: [GC (Allocation Failure) [PSYoungGen: 68032K->1376K(68608K)] 410854K->344198K(736768K), 0.0021659 secs] [Times: user=0.01 sys=0.00, real=0.01 secs] 
2044.435: [GC (Allocation Failure) [PSYoungGen: 67936K->1376K(68608K)] 410758K->344230K(736768K), 0.0019520 secs] [Times: user=0.01 sys=0.00, real=0.00 secs] 
2044.712: [GC (Allocation Failure) [PSYoungGen: 67936K->1376K(68608K)] 410790K->344230K(736768K), 0.0020882 secs] [Times: user=0.01 sys=0.00, real=0.00 secs] 
2045.007: [GC (Allocation Failure) [PSYoungGen: 67936K->1437K(68608K)] 410790K->344291K(736768K), 0.0017818 secs] [Times: user=0.01 sys=0.00, real=0.01 secs] 
2045.136: [GC (Allocation Failure) [PSYoungGen: 67997K->1485K(68608K)] 410851K->344339K(736768K), 0.0015380 secs] [Times: user=0.01 sys=0.00, real=0.00 secs] 
2045.254: [GC (Allocation Failure) [PSYoungGen: 68043K->1501K(68608K)] 410897K->344355K(736768K), 0.0016493 secs] [Times: user=0.00 sys=0.00, real=0.00 secs] 
2045.370: [GC (Allocation Failure) [PSYoungGen: 68061K->1485K(68608K)] 410915K->344355K(736768K), 0.0015370 secs] [Times: user=0.01 sys=0.00, real=0.00 secs] 
2045.538: [GC (Allocation Failure) [PSYoungGen: 68045K->1952K(68608K)] 410915K->344822K(736768K), 0.0018913 secs] [Times: user=0.00 sys=0.00, real=0.01 secs] 
2046.070: [GC (Allocation Failure) [PSYoungGen: 68512K->1408K(68096K)] 411382K->344278K(736256K), 0.0016010 secs] [Times: user=0.01 sys=0.00, real=0.00 secs] 
2046.658: [GC (Allocation Failure) [PSYoungGen: 67968K->1408K(68096K)] 410838K->344278K(736256K), 0.0016885 secs] [Times: user=0.01 sys=0.00, real=0.01 secs] 
2047.138: [GC (Allocation Failure) [PSYoungGen: 67968K->1408K(68096K)] 410838K->344278K(736256K), 0.0019740 secs] [Times: user=0.00 sys=0.00, real=0.01 secs] 
2047.647: [GC (Allocation Failure) [PSYoungGen: 67968K->1376K(68096K)] 410838K->344246K(736256K), 0.0024880 secs] [Times: user=0.01 sys=0.00, real=0.01 secs] 
2048.202: [GC (Allocation Failure) [PSYoungGen: 67936K->1533K(68096K)] 410806K->344427K(736256K), 0.0021262 secs] [Times: user=0.00 sys=0.00, real=0.00 secs] 
2048.332: [GC (Allocation Failure) [PSYoungGen: 68093K->1501K(68096K)] 410987K->344411K(736256K), 0.0016676 secs] [Times: user=0.00 sys=0.00, real=0.00 secs] 
2048.448: [GC (Allocation Failure) [PSYoungGen: 68061K->1501K(68096K)] 410971K->344411K(736256K), 0.0017320 secs] [Times: user=0.01 sys=0.00, real=0.01 secs] 
2048.565: [GC (Allocation Failure) [PSYoungGen: 68061K->1501K(72192K)] 410971K->344411K(740352K), 0.0017896 secs] [Times: user=0.01 sys=0.00, real=0.00 secs] 
2049.496: [GC (Allocation Failure) [PSYoungGen: 71645K->1424K(71168K)] 414555K->344334K(739328K), 0.0043918 secs] [Times: user=0.01 sys=0.00, real=0.01 secs] 
2050.303: [GC (Allocation Failure) [PSYoungGen: 71056K->1408K(70656K)] 413966K->344318K(738816K), 0.0035923 secs] [Times: user=0.01 sys=0.00, real=0.00 secs] 
2050.694: [GC (Allocation Failure) [PSYoungGen: 70528K->1376K(70144K)] 413438K->344286K(738304K), 0.0021156 secs] [Times: user=0.01 sys=0.00, real=0.00 secs] 
2051.330: [GC (Allocation Failure) [PSYoungGen: 69984K->1408K(69632K)] 412894K->344318K(737792K), 0.0020898 secs] [Times: user=0.01 sys=0.00, real=0.00 secs] 
2051.558: [GC (Allocation Failure) [PSYoungGen: 69504K->1453K(69120K)] 412414K->344363K(737280K), 0.0017110 secs] [Times: user=0.01 sys=0.00, real=0.01 secs] 
2051.677: [GC (Allocation Failure) [PSYoungGen: 69037K->1501K(68608K)] 411947K->344411K(736768K), 0.0016049 secs] [Times: user=0.00 sys=0.00, real=0.01 secs] 
2051.795: [GC (Allocation Failure) [PSYoungGen: 68573K->1533K(68096K)] 411483K->344459K(736256K), 0.0017823 secs] [Times: user=0.01 sys=0.00, real=0.00 secs] 
2051.982: [GC (Allocation Failure) [PSYoungGen: 68093K->1744K(68608K)] 411019K->344670K(736768K), 0.0020169 secs] [Times: user=0.00 sys=0.00, real=0.00 secs] 
2052.789: [GC (Allocation Failure) [PSYoungGen: 68304K->384K(67072K)] 411230K->344334K(735232K), 0.0018110 secs] [Times: user=0.00 sys=0.00, real=0.00 secs] 
2053.439: [GC (Allocation Failure) [PSYoungGen: 66944K->352K(68608K)] 410894K->344302K(736768K), 0.0019181 secs] [Times: user=0.00 sys=0.00, real=0.00 secs] 
2053.733: [GC (Allocation Failure) [PSYoungGen: 66912K->384K(67584K)] 410862K->344342K(735744K), 0.0020725 secs] [Times: user=0.01 sys=0.00, real=0.00 secs] 
2054.220: [GC (Allocation Failure) [PSYoungGen: 66944K->352K(69120K)] 410902K->344310K(737280K), 0.0019992 secs] [Times: user=0.01 sys=0.00, real=0.00 secs] 
2054.434: [GC (Allocation Failure) [PSYoungGen: 66912K->1517K(69120K)] 410870K->345475K(737280K), 0.0014982 secs] [Times: user=0.01 sys=0.00, real=0.00 secs] 
2054.550: [GC (Allocation Failure) [PSYoungGen: 68077K->1440K(69120K)] 412035K->345398K(737280K), 0.0016306 secs] [Times: user=0.01 sys=0.00, real=0.00 secs] 
2054.667: [GC (Allocation Failure) [PSYoungGen: 68000K->1485K(69120K)] 411958K->345443K(737280K), 0.0015647 secs] [Times: user=0.00 sys=0.00, real=0.00 secs] 
2054.784: [GC (Allocation Failure) [PSYoungGen: 68045K->1485K(69120K)] 412003K->345467K(737280K), 0.0014930 secs] [Times: user=0.00 sys=0.00, real=0.00 secs] 
2055.733: [GC (Allocation Failure) [PSYoungGen: 68045K->1424K(68096K)] 412027K->345406K(736256K), 0.0023872 secs] [Times: user=0.01 sys=0.00, real=0.00 secs] 
2056.669: [GC (Allocation Failure) [PSYoungGen: 67984K->1376K(68096K)] 411966K->345358K(736256K), 0.0023240 secs] [Times: user=0.01 sys=0.00, real=0.00 secs] 
2057.305: [GC (Allocation Failure) [PSYoungGen: 67936K->1376K(68096K)] 411918K->345358K(736256K), 0.0025965 secs] [Times: user=0.01 sys=0.00, real=0.00 secs] 
2057.875: [GC (Allocation Failure) [PSYoungGen: 67936K->1408K(68096K)] 411918K->345390K(736256K), 0.0025638 secs] [Times: user=0.01 sys=0.00, real=0.00 secs] 
2058.184: [GC (Allocation Failure) [PSYoungGen: 67968K->1485K(68096K)] 411950K->345467K(736256K), 0.0020125 secs] [Times: user=0.00 sys=0.00, real=0.00 secs] 
2058.302: [GC (Allocation Failure) [PSYoungGen: 68045K->1533K(68096K)] 412027K->345515K(736256K), 0.0017397 secs] [Times: user=0.01 sys=0.00, real=0.00 secs] 
2058.418: [GC (Allocation Failure) [PSYoungGen: 68093K->1501K(68608K)] 412075K->345499K(736768K), 0.0017679 secs] [Times: user=0.01 sys=0.00, real=0.01 secs] 
2058.535: [GC (Allocation Failure) [PSYoungGen: 68061K->1453K(69120K)] 412059K->345451K(737280K), 0.0015623 secs] [Times: user=0.00 sys=0.00, real=0.00 secs] 
2059.227: [GC (Allocation Failure) [PSYoungGen: 68013K->1456K(68096K)] 412011K->345454K(736256K), 0.0017465 secs] [Times: user=0.01 sys=0.00, real=0.01 secs] 
2059.784: [GC (Allocation Failure) [PSYoungGen: 68016K->1408K(68096K)] 412014K->345406K(736256K), 0.0018997 secs] [Times: user=0.01 sys=0.00, real=0.00 secs] 
2060.352: [GC (Allocation Failure) [PSYoungGen: 67968K->1408K(68096K)] 411966K->345406K(736256K), 0.0019305 secs] [Times: user=0.01 sys=0.00, real=0.00 secs] 
2060.768: [GC (Allocation Failure) [PSYoungGen: 67968K->1408K(68096K)] 411966K->345406K(736256K), 0.0020959 secs] [Times: user=0.01 sys=0.00, real=0.01 secs] 
2060.977: [GC (Allocation Failure) [PSYoungGen: 67968K->1533K(68096K)] 411966K->345531K(736256K), 0.0016372 secs] [Times: user=0.01 sys=0.00, real=0.00 secs] 
2061.094: [GC (Allocation Failure) [PSYoungGen: 68093K->1488K(68096K)] 412091K->345486K(736256K), 0.0016531 secs] [Times: user=0.01 sys=0.00, real=0.00 secs] 
2061.211: [GC (Allocation Failure) [PSYoungGen: 68048K->1437K(68096K)] 412046K->345435K(736256K), 0.0016044 secs] [Times: user=0.00 sys=0.00, real=0.00 secs] 
2061.330: [GC (Allocation Failure) [PSYoungGen: 67997K->1501K(72192K)] 411995K->345523K(740352K), 0.0029917 secs] [Times: user=0.01 sys=0.00, real=0.00 secs] 
2061.942: [GC (Allocation Failure) [PSYoungGen: 71645K->1408K(76288K)] 415667K->345430K(744448K), 0.0019260 secs] [Times: user=0.01 sys=0.00, real=0.00 secs] 
2062.610: [GC (Allocation Failure) [PSYoungGen: 75648K->1408K(75264K)] 419670K->345430K(743424K), 0.0034960 secs] [Times: user=0.01 sys=0.00, real=0.00 secs] 
2063.379: [GC (Allocation Failure) [PSYoungGen: 75136K->1408K(74752K)] 419158K->345430K(742912K), 0.0042395 secs] [Times: user=0.01 sys=0.00, real=0.00 secs] 
2064.196: [GC (Allocation Failure) [PSYoungGen: 74624K->1376K(74240K)] 418646K->345398K(742400K), 0.0043555 secs] [Times: user=0.02 sys=0.00, real=0.01 secs] 
2064.545: [GC (Allocation Failure) [PSYoungGen: 74080K->1456K(73728K)] 418102K->345478K(741888K), 0.0020509 secs] [Times: user=0.01 sys=0.01, real=0.00 secs] 
2064.684: [GC (Allocation Failure) [PSYoungGen: 73648K->1501K(73216K)] 417670K->345523K(741376K), 0.0016876 secs] [Times: user=0.01 sys=0.00, real=0.00 secs] 
2064.810: [GC (Allocation Failure) [PSYoungGen: 73181K->1485K(72704K)] 417203K->345507K(740864K), 0.0015805 secs] [Times: user=0.00 sys=0.00, real=0.00 secs] 
2065.337: [GC (Allocation Failure) [PSYoungGen: 72653K->1424K(72192K)] 416675K->345478K(740352K), 0.0019341 secs] [Times: user=0.01 sys=0.00, real=0.01 secs] 
2066.038: [GC (Allocation Failure) [PSYoungGen: 72080K->1440K(71680K)] 416134K->345494K(739840K), 0.0029154 secs] [Times: user=0.01 sys=0.00, real=0.01 secs] 
2066.909: [GC (Allocation Failure) [PSYoungGen: 71584K->1376K(71168K)] 415638K->345430K(739328K), 0.0027455 secs] [Times: user=0.01 sys=0.00, real=0.00 secs] 
2067.863: [GC (Allocation Failure) [PSYoungGen: 71008K->1424K(70656K)] 415062K->345478K(738816K), 0.0029813 secs] [Times: user=0.01 sys=0.00, real=0.00 secs] 
2068.398: [GC (Allocation Failure) [PSYoungGen: 70544K->1469K(70144K)] 414598K->345523K(738304K), 0.0032653 secs] [Times: user=0.02 sys=0.00, real=0.01 secs] 
2068.595: [GC (Allocation Failure) [PSYoungGen: 70077K->1533K(69632K)] 414131K->345587K(737792K), 0.0017311 secs] [Times: user=0.01 sys=0.00, real=0.00 secs] 
2068.714: [GC (Allocation Failure) [PSYoungGen: 69629K->1501K(69120K)] 413683K->345555K(737280K), 0.0016946 secs] [Times: user=0.00 sys=0.00, real=0.00 secs] 
2068.853: [GC (Allocation Failure) [PSYoungGen: 69085K->1501K(68608K)] 413139K->345555K(736768K), 0.0020758 secs] [Times: user=0.01 sys=0.00, real=0.00 secs] 
2069.436: [GC (Allocation Failure) [PSYoungGen: 68573K->1472K(68096K)] 412627K->345526K(736256K), 0.0043427 secs] [Times: user=0.02 sys=0.01, real=0.01 secs] 
2070.132: [GC (Allocation Failure) [PSYoungGen: 68032K->1408K(68608K)] 412086K->345462K(736768K), 0.0031557 secs] [Times: user=0.02 sys=0.00, real=0.00 secs] 
2070.487: [GC (Allocation Failure) [PSYoungGen: 67968K->1408K(68608K)] 412022K->345462K(736768K), 0.0020289 secs] [Times: user=0.00 sys=0.00, real=0.01 secs] 
2070.764: [GC (Allocation Failure) [PSYoungGen: 67968K->1424K(68608K)] 412022K->345478K(736768K), 0.0018405 secs] [Times: user=0.01 sys=0.00, real=0.00 secs] 
2071.034: [GC (Allocation Failure) [PSYoungGen: 67984K->1437K(68608K)] 412038K->345491K(736768K), 0.0019066 secs] [Times: user=0.01 sys=0.00, real=0.00 secs] 
2071.155: [GC (Allocation Failure) [PSYoungGen: 67997K->1485K(68608K)] 412051K->345539K(736768K), 0.0015288 secs] [Times: user=0.01 sys=0.00, real=0.00 secs] 
2071.272: [GC (Allocation Failure) [PSYoungGen: 68030K->1485K(68608K)] 412085K->345539K(736768K), 0.0015259 secs] [Times: user=0.01 sys=0.00, real=0.00 secs] 
2071.389: [GC (Allocation Failure) [PSYoungGen: 68045K->1485K(68608K)] 412099K->345555K(736768K), 0.0015827 secs] [Times: user=0.01 sys=0.00, real=0.00 secs] 
2071.584: [GC (Allocation Failure) [PSYoungGen: 68045K->1456K(68608K)] 412115K->345526K(736768K), 0.0018952 secs] [Times: user=0.01 sys=0.00, real=0.00 secs] 
2071.861: [GC (Allocation Failure) [PSYoungGen: 68016K->1392K(68096K)] 412086K->345462K(736256K), 0.0018889 secs] [Times: user=0.00 sys=0.00, real=0.00 secs] 
2072.137: [GC (Allocation Failure) [PSYoungGen: 67952K->1424K(68096K)] 412022K->345494K(736256K), 0.0018321 secs] [Times: user=0.00 sys=0.00, real=0.01 secs] 
2072.414: [GC (Allocation Failure) [PSYoungGen: 67984K->1376K(68096K)] 412054K->345446K(736256K), 0.0021038 secs] [Times: user=0.01 sys=0.01, real=0.00 secs] 
2072.702: [GC (Allocation Failure) [PSYoungGen: 67936K->1469K(68096K)] 412006K->345539K(736256K), 0.0020552 secs] [Times: user=0.00 sys=0.00, real=0.00 secs] 
2072.887: [GC (Allocation Failure) [PSYoungGen: 68029K->1533K(68096K)] 412099K->345627K(736256K), 0.0020798 secs] [Times: user=0.01 sys=0.00, real=0.01 secs] 
2073.064: [GC (Allocation Failure) [PSYoungGen: 68093K->1485K(68096K)] 412187K->345579K(736256K), 0.0023448 secs] [Times: user=0.01 sys=0.01, real=0.00 secs] 
2073.225: [GC (Allocation Failure) [PSYoungGen: 68045K->1485K(68096K)] 412139K->345595K(736256K), 0.0017567 secs] [Times: user=0.00 sys=0.01, real=0.00 secs] 
2073.531: [GC (Allocation Failure) [PSYoungGen: 68045K->1488K(68096K)] 412155K->345598K(736256K), 0.0018718 secs] [Times: user=0.01 sys=0.00, real=0.00 secs] 
2073.984: [GC (Allocation Failure) [PSYoungGen: 68048K->1424K(68096K)] 412158K->345534K(736256K), 0.0019776 secs] [Times: user=0.00 sys=0.00, real=0.00 secs] 
2074.261: [GC (Allocation Failure) [PSYoungGen: 67984K->1376K(68096K)] 412094K->345486K(736256K), 0.0020662 secs] [Times: user=0.01 sys=0.00, real=0.00 secs] 
2074.887: [GC (Allocation Failure) [PSYoungGen: 67936K->1376K(68096K)] 412046K->345486K(736256K), 0.0025692 secs] [Times: user=0.01 sys=0.00, real=0.01 secs] 
2075.476: [GC (Allocation Failure) [PSYoungGen: 67784K->288K(67072K)] 411894K->344398K(735232K), 0.0042535 secs] [Times: user=0.02 sys=0.01, real=0.01 secs] 
2075.687: [GC (Allocation Failure) [PSYoungGen: 66848K->1456K(68608K)] 410958K->345566K(736768K), 0.0018062 secs] [Times: user=0.01 sys=0.00, real=0.01 secs] 
2075.809: [GC (Allocation Failure) [PSYoungGen: 67986K->1533K(68608K)] 412096K->345643K(736768K), 0.0014840 secs] [Times: user=0.01 sys=0.00, real=0.00 secs] 
2075.926: [GC (Allocation Failure) [PSYoungGen: 68093K->1485K(68608K)] 412203K->345611K(736768K), 0.0015329 secs] [Times: user=0.00 sys=0.00, real=0.00 secs] 
2076.126: [GC (Allocation Failure) [PSYoungGen: 68045K->1984K(68608K)] 412171K->346622K(736768K), 0.0019642 secs] [Times: user=0.01 sys=0.00, real=0.00 secs] 
2076.485: [GC (Allocation Failure) [PSYoungGen: 68544K->1408K(68608K)] 413182K->346046K(736768K), 0.0021358 secs] [Times: user=0.00 sys=0.00, real=0.00 secs] 
2076.762: [GC (Allocation Failure) [PSYoungGen: 67968K->1376K(68608K)] 412606K->346014K(736768K), 0.0020556 secs] [Times: user=0.01 sys=0.00, real=0.00 secs] 
2077.213: [GC (Allocation Failure) [PSYoungGen: 67936K->1408K(68608K)] 412574K->346046K(736768K), 0.0021475 secs] [Times: user=0.01 sys=0.00, real=0.00 secs] 
2077.868: [GC (Allocation Failure) [PSYoungGen: 67968K->1376K(68608K)] 412606K->346014K(736768K), 0.0025380 secs] [Times: user=0.01 sys=0.00, real=0.01 secs] 
2078.112: [GC (Allocation Failure) [PSYoungGen: 67936K->1533K(68608K)] 412574K->346171K(736768K), 0.0017819 secs] [Times: user=0.01 sys=0.00, real=0.00 secs] 
2078.231: [GC (Allocation Failure) [PSYoungGen: 68093K->1469K(68608K)] 412731K->346107K(736768K), 0.0015516 secs] [Times: user=0.01 sys=0.00, real=0.00 secs] 
2078.349: [GC (Allocation Failure) [PSYoungGen: 68029K->1533K(68608K)] 412667K->346195K(736768K), 0.0016386 secs] [Times: user=0.01 sys=0.00, real=0.00 secs] 
2078.467: [GC (Allocation Failure) [PSYoungGen: 68093K->1453K(68608K)] 412755K->346115K(736768K), 0.0015745 secs] [Times: user=0.01 sys=0.00, real=0.00 secs] 
2079.689: [GC (Allocation Failure) [PSYoungGen: 68013K->1440K(68096K)] 412675K->346102K(736256K), 0.0032908 secs] [Times: user=0.02 sys=0.00, real=0.00 secs] 
2080.202: [GC (Allocation Failure) [PSYoungGen: 68000K->1408K(68096K)] 412662K->346070K(736256K), 0.0024829 secs] [Times: user=0.01 sys=0.00, real=0.00 secs] 
2080.477: [GC (Allocation Failure) [PSYoungGen: 67968K->1376K(68096K)] 412630K->346038K(736256K), 0.0020750 secs] [Times: user=0.01 sys=0.00, real=0.01 secs] 
2080.754: [GC (Allocation Failure) [PSYoungGen: 67936K->1408K(68096K)] 412598K->346070K(736256K), 0.0020557 secs] [Times: user=0.01 sys=0.00, real=0.00 secs] 
2080.945: [GC (Allocation Failure) [PSYoungGen: 67968K->1469K(68096K)] 412630K->346131K(736256K), 0.0016646 secs] [Times: user=0.01 sys=0.00, real=0.00 secs] 
2081.062: [GC (Allocation Failure) [PSYoungGen: 68029K->1453K(68096K)] 412691K->346115K(736256K), 0.0015568 secs] [Times: user=0.00 sys=0.00, real=0.00 secs] 
2081.179: [GC (Allocation Failure) [PSYoungGen: 68013K->1453K(68096K)] 412675K->346131K(736256K), 0.0015313 secs] [Times: user=0.01 sys=0.00, real=0.00 secs] 
2081.295: [GC (Allocation Failure) [PSYoungGen: 68013K->1485K(72192K)] 412691K->346163K(740352K), 0.0016675 secs] [Times: user=0.01 sys=0.00, real=0.00 secs] 
2082.355: [GC (Allocation Failure) [PSYoungGen: 71629K->1440K(71168K)] 416307K->346118K(739328K), 0.0030380 secs] [Times: user=0.01 sys=0.00, real=0.00 secs] 
2083.042: [GC (Allocation Failure) [PSYoungGen: 71072K->1440K(70656K)] 415750K->346118K(738816K), 0.0023684 secs] [Times: user=0.01 sys=0.00, real=0.00 secs] 
2083.783: [GC (Allocation Failure) [PSYoungGen: 70560K->1408K(70144K)] 415238K->346086K(738304K), 0.0027585 secs] [Times: user=0.01 sys=0.00, real=0.00 secs] 
2084.598: [GC (Allocation Failure) [PSYoungGen: 70016K->1408K(69632K)] 414694K->346086K(737792K), 0.0030466 secs] [Times: user=0.02 sys=0.00, real=0.01 secs] 
2084.957: [GC (Allocation Failure) [PSYoungGen: 69504K->1472K(69120K)] 414182K->346150K(737280K), 0.0018496 secs] [Times: user=0.01 sys=0.01, real=0.01 secs] 
2085.086: [GC (Allocation Failure) [PSYoungGen: 69056K->1501K(68608K)] 413734K->346179K(736768K), 0.0017087 secs] [Times: user=0.01 sys=0.00, real=0.00 secs] 
2085.205: [GC (Allocation Failure) [PSYoungGen: 68570K->1485K(68096K)] 413248K->346163K(736256K), 0.0014972 secs] [Times: user=0.01 sys=0.00, real=0.00 secs] 
2085.322: [GC (Allocation Failure) [PSYoungGen: 68045K->1501K(68096K)] 412723K->346211K(736256K), 0.0016028 secs] [Times: user=0.00 sys=0.00, real=0.00 secs] 
2085.631: [GC (Allocation Failure) [PSYoungGen: 68061K->1408K(68096K)] 412771K->346118K(736256K), 0.0019324 secs] [Times: user=0.01 sys=0.00, real=0.00 secs] 
2085.926: [GC (Allocation Failure) [PSYoungGen: 67968K->1440K(68096K)] 412678K->346150K(736256K), 0.0019908 secs] [Times: user=0.01 sys=0.00, real=0.00 secs] 
2086.382: [GC (Allocation Failure) [PSYoungGen: 68000K->1424K(68096K)] 412710K->346134K(736256K), 0.0017206 secs] [Times: user=0.01 sys=0.00, real=0.00 secs] 
2087.194: [GC (Allocation Failure) [PSYoungGen: 67984K->1376K(68096K)] 412694K->346086K(736256K), 0.0024149 secs] [Times: user=0.01 sys=0.00, real=0.00 secs] 
2087.572: [GC (Allocation Failure) [PSYoungGen: 67936K->1453K(68096K)] 412646K->346163K(736256K), 0.0018300 secs] [Times: user=0.00 sys=0.00, real=0.00 secs] 
2087.700: [GC (Allocation Failure) [PSYoungGen: 68013K->1453K(68096K)] 412723K->346163K(736256K), 0.0017233 secs] [Times: user=0.00 sys=0.00, real=0.00 secs] 
2087.816: [GC (Allocation Failure) [PSYoungGen: 68013K->1456K(68608K)] 412723K->346166K(736768K), 0.0017711 secs] [Times: user=0.00 sys=0.00, real=0.00 secs] 
2087.950: [GC (Allocation Failure) [PSYoungGen: 68016K->1456K(68608K)] 412726K->346190K(736768K), 0.0018306 secs] [Times: user=0.00 sys=0.00, real=0.00 secs] 
2088.713: [GC (Allocation Failure) [PSYoungGen: 68016K->1456K(74752K)] 412750K->346190K(742912K), 0.0071174 secs] [Times: user=0.02 sys=0.02, real=0.01 secs] 
2089.370: [GC (Allocation Failure) [PSYoungGen: 74672K->1440K(74240K)] 419406K->346174K(742400K), 0.0027926 secs] [Times: user=0.01 sys=0.00, real=0.00 secs] 
2090.075: [GC (Allocation Failure) [PSYoungGen: 74144K->352K(72704K)] 418878K->346110K(740864K), 0.0028338 secs] [Times: user=0.01 sys=0.00, real=0.00 secs] 
2090.865: [GC (Allocation Failure) [PSYoungGen: 72544K->384K(72192K)] 418302K->346142K(740352K), 0.0028953 secs] [Times: user=0.01 sys=0.00, real=0.00 secs] 
2091.148: [GC (Allocation Failure) [PSYoungGen: 72064K->1501K(72704K)] 417822K->347259K(740864K), 0.0019474 secs] [Times: user=0.01 sys=0.00, real=0.01 secs] 
2091.275: [GC (Allocation Failure) [PSYoungGen: 72669K->1533K(72192K)] 418427K->347291K(740352K), 0.0016805 secs] [Times: user=0.01 sys=0.00, real=0.00 secs] 
2091.400: [GC (Allocation Failure) [PSYoungGen: 72189K->1485K(71680K)] 417947K->347243K(739840K), 0.0017467 secs] [Times: user=0.00 sys=0.00, real=0.00 secs] 
2091.805: [GC (Allocation Failure) [PSYoungGen: 71629K->1440K(71168K)] 417387K->347206K(739328K), 0.0021782 secs] [Times: user=0.01 sys=0.00, real=0.00 secs] 
2092.116: [GC (Allocation Failure) [PSYoungGen: 71072K->1408K(70656K)] 416838K->347174K(738816K), 0.0022202 secs] [Times: user=0.01 sys=0.00, real=0.00 secs] 
2092.479: [GC (Allocation Failure) [PSYoungGen: 70528K->1408K(70144K)] 416294K->347174K(738304K), 0.0022332 secs] [Times: user=0.01 sys=0.00, real=0.00 secs] 
2092.764: [GC (Allocation Failure) [PSYoungGen: 70016K->1440K(69632K)] 415782K->347206K(737792K), 0.0020495 secs] [Times: user=0.01 sys=0.00, real=0.00 secs] 
2093.078: [GC (Allocation Failure) [PSYoungGen: 69536K->1392K(69120K)] 415302K->347158K(737280K), 0.0019303 secs] [Times: user=0.01 sys=0.00, real=0.01 secs] 
2093.203: [GC (Allocation Failure) [PSYoungGen: 68976K->1501K(68608K)] 414742K->347267K(736768K), 0.0016705 secs] [Times: user=0.00 sys=0.00, real=0.00 secs] 
2093.321: [GC (Allocation Failure) [PSYoungGen: 68573K->1485K(68096K)] 414339K->347251K(736256K), 0.0015941 secs] [Times: user=0.00 sys=0.00, real=0.00 secs] 
2093.437: [GC (Allocation Failure) [PSYoungGen: 68045K->1453K(68608K)] 413811K->347219K(736768K), 0.0015560 secs] [Times: user=0.01 sys=0.00, real=0.01 secs] 
2093.681: [GC (Allocation Failure) [PSYoungGen: 68013K->1472K(68608K)] 413779K->347270K(736768K), 0.0019304 secs] [Times: user=0.01 sys=0.00, real=0.00 secs] 
2094.093: [GC (Allocation Failure) [PSYoungGen: 68032K->1376K(68608K)] 413830K->347174K(736768K), 0.0020858 secs] [Times: user=0.01 sys=0.00, real=0.00 secs] 
2094.652: [GC (Allocation Failure) [PSYoungGen: 67936K->1344K(68608K)] 413734K->347142K(736768K), 0.0036063 secs] [Times: user=0.02 sys=0.00, real=0.00 secs] 
2095.252: [GC (Allocation Failure) [PSYoungGen: 67904K->1376K(68608K)] 413702K->347174K(736768K), 0.0025161 secs] [Times: user=0.01 sys=0.00, real=0.00 secs] 
2095.817: [GC (Allocation Failure) [PSYoungGen: 67931K->1501K(68608K)] 413729K->347299K(736768K), 0.0025956 secs] [Times: user=0.01 sys=0.00, real=0.01 secs] 
2096.032: [GC (Allocation Failure) [PSYoungGen: 68061K->1485K(68608K)] 413859K->347283K(736768K), 0.0019322 secs] [Times: user=0.01 sys=0.00, real=0.00 secs] 
2096.197: [GC (Allocation Failure) [PSYoungGen: 68045K->1565K(68608K)] 413843K->347363K(736768K), 0.0020318 secs] [Times: user=0.01 sys=0.00, real=0.01 secs] 
2096.317: [GC (Allocation Failure) [PSYoungGen: 68125K->1485K(68608K)] 413923K->347307K(736768K), 0.0015753 secs] [Times: user=0.01 sys=0.00, real=0.01 secs] 
2096.495: [GC (Allocation Failure) [PSYoungGen: 68045K->1472K(68608K)] 413867K->347294K(736768K), 0.0018173 secs] [Times: user=0.01 sys=0.00, real=0.00 secs] 
2096.822: [GC (Allocation Failure) [PSYoungGen: 68032K->1360K(68608K)] 413854K->347182K(736768K), 0.0019318 secs] [Times: user=0.01 sys=0.00, real=0.00 secs] 
2097.273: [GC (Allocation Failure) [PSYoungGen: 67920K->1440K(68608K)] 413742K->347262K(736768K), 0.0017732 secs] [Times: user=0.01 sys=0.00, real=0.00 secs] 
2097.828: [GC (Allocation Failure) [PSYoungGen: 68000K->1440K(68608K)] 413822K->347262K(736768K), 0.0025602 secs] [Times: user=0.01 sys=0.01, real=0.01 secs] 
2098.388: [GC (Allocation Failure) [PSYoungGen: 68000K->1408K(68608K)] 413822K->347230K(736768K), 0.0024970 secs] [Times: user=0.01 sys=0.00, real=0.01 secs] 
2098.715: [GC (Allocation Failure) [PSYoungGen: 67944K->1472K(68608K)] 413767K->347294K(736768K), 0.0019385 secs] [Times: user=0.01 sys=0.00, real=0.00 secs] 
2098.849: [GC (Allocation Failure) [PSYoungGen: 68032K->1488K(68608K)] 413854K->347310K(736768K), 0.0016617 secs] [Times: user=0.01 sys=0.00, real=0.00 secs] 
2098.967: [GC (Allocation Failure) [PSYoungGen: 68048K->1501K(68608K)] 413870K->347331K(736768K), 0.0016119 secs] [Times: user=0.01 sys=0.00, real=0.00 secs] 
2099.139: [GC (Allocation Failure) [PSYoungGen: 68061K->1984K(68608K)] 413891K->347814K(736768K), 0.0019403 secs] [Times: user=0.01 sys=0.00, real=0.00 secs] 
2099.419: [GC (Allocation Failure) [PSYoungGen: 68544K->1376K(68608K)] 414374K->347206K(736768K), 0.0022664 secs] [Times: user=0.01 sys=0.00, real=0.00 secs] 
2099.693: [GC (Allocation Failure) [PSYoungGen: 67936K->1408K(68608K)] 413766K->347238K(736768K), 0.0020025 secs] [Times: user=0.01 sys=0.00, real=0.00 secs] 
2099.969: [GC (Allocation Failure) [PSYoungGen: 67968K->1408K(68608K)] 413798K->347238K(736768K), 0.0020726 secs] [Times: user=0.01 sys=0.00, real=0.00 secs] 
2100.246: [GC (Allocation Failure) [PSYoungGen: 67968K->1440K(68608K)] 413798K->347270K(736768K), 0.0019714 secs] [Times: user=0.01 sys=0.00, real=0.00 secs] 
2100.448: [GC (Allocation Failure) [PSYoungGen: 68000K->1488K(68608K)] 413830K->347318K(736768K), 0.0018829 secs] [Times: user=0.01 sys=0.00, real=0.01 secs] 
2100.623: [GC (Allocation Failure) [PSYoungGen: 68048K->1485K(68608K)] 413878K->347315K(736768K), 0.0022672 secs] [Times: user=0.01 sys=0.00, real=0.00 secs] 
2100.783: [GC (Allocation Failure) [PSYoungGen: 68045K->1501K(68608K)] 413875K->347347K(736768K), 0.0017308 secs] [Times: user=0.01 sys=0.00, real=0.00 secs] 
2100.901: [GC (Allocation Failure) [PSYoungGen: 68061K->1501K(68608K)] 413907K->347347K(736768K), 0.0017513 secs] [Times: user=0.01 sys=0.00, real=0.00 secs] 
2101.946: [GC (Allocation Failure) [PSYoungGen: 68061K->1408K(68096K)] 413907K->347254K(736256K), 0.0031975 secs] [Times: user=0.01 sys=0.00, real=0.01 secs] 
2102.762: [GC (Allocation Failure) [PSYoungGen: 67968K->1408K(68096K)] 413814K->347254K(736256K), 0.0035093 secs] [Times: user=0.01 sys=0.00, real=0.00 secs] 
2103.379: [GC (Allocation Failure) [PSYoungGen: 67968K->1440K(68096K)] 413814K->347286K(736256K), 0.0021816 secs] [Times: user=0.01 sys=0.01, real=0.00 secs] 
2103.903: [GC (Allocation Failure) [PSYoungGen: 68000K->1408K(68096K)] 413846K->347278K(736256K), 0.0021985 secs] [Times: user=0.01 sys=0.00, real=0.00 secs] 
2104.323: [GC (Allocation Failure) [PSYoungGen: 67968K->1533K(68096K)] 413838K->347403K(736256K), 0.0016247 secs] [Times: user=0.00 sys=0.01, real=0.00 secs] 
2104.441: [GC (Allocation Failure) [PSYoungGen: 68093K->1501K(68096K)] 413963K->347371K(736256K), 0.0016883 secs] [Times: user=0.01 sys=0.00, real=0.00 secs] 
2104.559: [GC (Allocation Failure) [PSYoungGen: 68061K->1485K(68096K)] 413931K->347371K(736256K), 0.0016968 secs] [Times: user=0.01 sys=0.00, real=0.00 secs] 
2104.678: [GC (Allocation Failure) [PSYoungGen: 68045K->1485K(72192K)] 413931K->347371K(740352K), 0.0017787 secs] [Times: user=0.00 sys=0.00, real=0.01 secs] 
2106.070: [GC (Allocation Failure) [PSYoungGen: 71629K->1408K(71168K)] 417515K->347294K(739328K), 0.0049032 secs] [Times: user=0.02 sys=0.00, real=0.00 secs] 
2107.406: [GC (Allocation Failure) [PSYoungGen: 71040K->1408K(70656K)] 416926K->347294K(738816K), 0.0044782 secs] [Times: user=0.01 sys=0.00, real=0.01 secs] 
2108.088: [GC (Allocation Failure) [PSYoungGen: 70528K->1440K(70144K)] 416414K->347326K(738304K), 0.0026657 secs] [Times: user=0.01 sys=0.00, real=0.01 secs] 
2108.769: [GC (Allocation Failure) [PSYoungGen: 70048K->1376K(69632K)] 415934K->347262K(737792K), 0.0024145 secs] [Times: user=0.00 sys=0.00, real=0.00 secs] 
2109.068: [GC (Allocation Failure) [PSYoungGen: 69472K->1485K(69120K)] 415358K->347371K(737280K), 0.0015969 secs] [Times: user=0.01 sys=0.00, real=0.01 secs] 
2109.187: [GC (Allocation Failure) [PSYoungGen: 69069K->1453K(68608K)] 414955K->347339K(736768K), 0.0016580 secs] [Times: user=0.00 sys=0.00, real=0.01 secs] 
2109.305: [GC (Allocation Failure) [PSYoungGen: 68524K->1485K(68096K)] 414410K->347371K(736256K), 0.0015241 secs] [Times: user=0.01 sys=0.00, real=0.00 secs] 
2109.422: [GC (Allocation Failure) [PSYoungGen: 68045K->1453K(68096K)] 413931K->347363K(736256K), 0.0016212 secs] [Times: user=0.00 sys=0.01, real=0.00 secs] 
2110.915: [GC (Allocation Failure) [PSYoungGen: 68013K->1408K(68096K)] 413923K->347318K(736256K), 0.0039661 secs] [Times: user=0.01 sys=0.00, real=0.00 secs] 
2111.575: [GC (Allocation Failure) [PSYoungGen: 67968K->1408K(68096K)] 413878K->347318K(736256K), 0.0029452 secs] [Times: user=0.02 sys=0.00, real=0.00 secs] 
2112.531: [GC (Allocation Failure) [PSYoungGen: 67968K->1440K(68096K)] 413878K->347350K(736256K), 0.0028962 secs] [Times: user=0.01 sys=0.00, real=0.00 secs] 
2113.236: [GC (Allocation Failure) [PSYoungGen: 68000K->1408K(68096K)] 413910K->347318K(736256K), 0.0044328 secs] [Times: user=0.01 sys=0.00, real=0.01 secs] 
2113.592: [GC (Allocation Failure) [PSYoungGen: 67968K->1501K(68096K)] 413878K->347411K(736256K), 0.0020371 secs] [Times: user=0.01 sys=0.00, real=0.00 secs] 
2113.726: [GC (Allocation Failure) [PSYoungGen: 68061K->1453K(68096K)] 413971K->347363K(736256K), 0.0015465 secs] [Times: user=0.01 sys=0.00, real=0.00 secs] 
2113.843: [GC (Allocation Failure) [PSYoungGen: 68013K->1485K(68608K)] 413923K->347395K(736768K), 0.0014740 secs] [Times: user=0.00 sys=0.00, real=0.00 secs] 
2113.960: [GC (Allocation Failure) [PSYoungGen: 68045K->1453K(68608K)] 413955K->347387K(736768K), 0.0014894 secs] [Times: user=0.00 sys=0.00, real=0.00 secs] 
2114.758: [GC (Allocation Failure) [PSYoungGen: 68013K->1440K(68608K)] 413947K->347374K(736768K), 0.0042489 secs] [Times: user=0.02 sys=0.00, real=0.01 secs] 
2115.136: [GC (Allocation Failure) [PSYoungGen: 68000K->1408K(68096K)] 413934K->347342K(736256K), 0.0020308 secs] [Times: user=0.01 sys=0.00, real=0.00 secs] 
2115.413: [GC (Allocation Failure) [PSYoungGen: 67968K->1408K(68096K)] 413902K->347358K(736256K), 0.0020473 secs] [Times: user=0.00 sys=0.00, real=0.00 secs] 
2115.689: [GC (Allocation Failure) [PSYoungGen: 67968K->1440K(68096K)] 413918K->347390K(736256K), 0.0020725 secs] [Times: user=0.01 sys=0.00, real=0.00 secs] 
2115.902: [GC (Allocation Failure) [PSYoungGen: 68000K->1485K(68096K)] 413950K->347435K(736256K), 0.0016714 secs] [Times: user=0.00 sys=0.00, real=0.00 secs] 
2116.018: [GC (Allocation Failure) [PSYoungGen: 68045K->1453K(68096K)] 413995K->347403K(736256K), 0.0015507 secs] [Times: user=0.00 sys=0.00, real=0.01 secs] 
2116.135: [GC (Allocation Failure) [PSYoungGen: 68013K->1533K(67584K)] 413963K->347483K(735744K), 0.0016523 secs] [Times: user=0.01 sys=0.00, real=0.00 secs] 
2116.252: [GC (Allocation Failure) [PSYoungGen: 67581K->1517K(68096K)] 413531K->347483K(736256K), 0.0016331 secs] [Times: user=0.01 sys=0.00, real=0.00 secs] 
2116.513: [GC (Allocation Failure) [PSYoungGen: 67565K->1376K(74240K)] 413531K->347342K(742400K), 0.0018005 secs] [Times: user=0.00 sys=0.00, real=0.00 secs] 
2116.830: [GC (Allocation Failure) [PSYoungGen: 74080K->1376K(73728K)] 420046K->347342K(741888K), 0.0018283 secs] [Times: user=0.01 sys=0.00, real=0.00 secs] 
2117.138: [GC (Allocation Failure) [PSYoungGen: 73568K->1408K(73216K)] 419534K->347374K(741376K), 0.0016749 secs] [Times: user=0.01 sys=0.00, real=0.01 secs] 
2117.442: [GC (Allocation Failure) [PSYoungGen: 73088K->1424K(72704K)] 419054K->347390K(740864K), 0.0020330 secs] [Times: user=0.01 sys=0.00, real=0.00 secs] 
2117.629: [GC (Allocation Failure) [PSYoungGen: 72592K->1453K(72192K)] 418558K->347419K(740352K), 0.0016716 secs] [Times: user=0.00 sys=0.00, real=0.00 secs] 
2117.755: [GC (Allocation Failure) [PSYoungGen: 72109K->1469K(71680K)] 418075K->347435K(739840K), 0.0016192 secs] [Times: user=0.00 sys=0.00, real=0.00 secs] 
2117.880: [GC (Allocation Failure) [PSYoungGen: 71613K->1533K(72192K)] 417579K->347499K(740352K), 0.0016998 secs] [Times: user=0.01 sys=0.00, real=0.00 secs] 
2118.292: [GC (Allocation Failure) [PSYoungGen: 71677K->1984K(71680K)] 417643K->347950K(739840K), 0.0023448 secs] [Times: user=0.01 sys=0.00, real=0.00 secs] 
2118.618: [GC (Allocation Failure) [PSYoungGen: 71616K->1392K(70656K)] 417582K->347358K(738816K), 0.0019810 secs] [Times: user=0.01 sys=0.00, real=0.01 secs] 
2118.905: [GC (Allocation Failure) [PSYoungGen: 70512K->1408K(70144K)] 416478K->347374K(738304K), 0.0022359 secs] [Times: user=0.01 sys=0.00, real=0.00 secs] 
2119.190: [GC (Allocation Failure) [PSYoungGen: 70016K->1408K(69632K)] 415982K->347374K(737792K), 0.0020228 secs] [Times: user=0.01 sys=0.00, real=0.00 secs] 
2119.491: [GC (Allocation Failure) [PSYoungGen: 69504K->1469K(69120K)] 415470K->347435K(737280K), 0.0019481 secs] [Times: user=0.01 sys=0.01, real=0.00 secs] 
2119.628: [GC (Allocation Failure) [PSYoungGen: 69053K->1485K(68608K)] 415019K->347451K(736768K), 0.0015979 secs] [Times: user=0.01 sys=0.00, real=0.01 secs] 
2119.765: [GC (Allocation Failure) [PSYoungGen: 68557K->1488K(68096K)] 414523K->347454K(736256K), 0.0020043 secs] [Times: user=0.00 sys=0.00, real=0.00 secs] 
2119.920: [GC (Allocation Failure) [PSYoungGen: 68048K->1488K(68608K)] 414014K->347454K(736768K), 0.0020627 secs] [Times: user=0.00 sys=0.00, real=0.00 secs] 
2120.125: [GC (Allocation Failure) [PSYoungGen: 68560K->1440K(69120K)] 414526K->347414K(737280K), 0.0019461 secs] [Times: user=0.00 sys=0.00, real=0.00 secs] 
2120.419: [GC (Allocation Failure) [PSYoungGen: 68512K->1376K(68096K)] 414486K->347350K(736256K), 0.0021469 secs] [Times: user=0.00 sys=0.00, real=0.00 secs] 
2120.716: [GC (Allocation Failure) [PSYoungGen: 67936K->1408K(68096K)] 413910K->347382K(736256K), 0.0022467 secs] [Times: user=0.01 sys=0.00, real=0.00 secs] 
2121.072: [GC (Allocation Failure) [PSYoungGen: 67968K->1408K(68096K)] 413942K->347382K(736256K), 0.0020169 secs] [Times: user=0.01 sys=0.00, real=0.00 secs] 
2121.458: [GC (Allocation Failure) [PSYoungGen: 67968K->1408K(68096K)] 413942K->347382K(736256K), 0.0021033 secs] [Times: user=0.01 sys=0.00, real=0.01 secs] 
2121.679: [GC (Allocation Failure) [PSYoungGen: 67968K->1469K(68096K)] 413942K->347443K(736256K), 0.0017666 secs] [Times: user=0.01 sys=0.00, real=0.00 secs] 
2121.796: [GC (Allocation Failure) [PSYoungGen: 68003K->1533K(68096K)] 413977K->347507K(736256K), 0.0016752 secs] [Times: user=0.00 sys=0.00, real=0.00 secs] 
2121.931: [GC (Allocation Failure) [PSYoungGen: 68093K->1424K(72704K)] 414067K->347414K(740864K), 0.0018555 secs] [Times: user=0.01 sys=0.00, real=0.00 secs] 
2122.366: [GC (Allocation Failure) [PSYoungGen: 72592K->1472K(72192K)] 418582K->347462K(740352K), 0.0030510 secs] [Times: user=0.01 sys=0.00, real=0.01 secs] 
2123.473: [GC (Allocation Failure) [PSYoungGen: 72128K->1408K(71680K)] 418118K->347422K(739840K), 0.0034627 secs] [Times: user=0.01 sys=0.00, real=0.00 secs] 
2124.385: [GC (Allocation Failure) [PSYoungGen: 71552K->1408K(71168K)] 417566K->347422K(739328K), 0.0025974 secs] [Times: user=0.01 sys=0.00, real=0.00 secs] 
2125.241: [GC (Allocation Failure) [PSYoungGen: 71040K->1408K(70656K)] 417054K->347422K(738816K), 0.0025095 secs] [Times: user=0.00 sys=0.00, real=0.00 secs] 
2125.940: [GC (Allocation Failure) [PSYoungGen: 70528K->1453K(70144K)] 416542K->347467K(738304K), 0.0026960 secs] [Times: user=0.01 sys=0.01, real=0.00 secs] 
2126.115: [GC (Allocation Failure) [PSYoungGen: 70061K->1533K(69632K)] 416075K->347547K(737792K), 0.0016903 secs] [Times: user=0.01 sys=0.00, real=0.00 secs] 
2126.235: [GC (Allocation Failure) [PSYoungGen: 69629K->1501K(69120K)] 415643K->347515K(737280K), 0.0015375 secs] [Times: user=0.00 sys=0.00, real=0.00 secs] 
2126.354: [GC (Allocation Failure) [PSYoungGen: 69085K->1485K(68608K)] 415099K->347515K(736768K), 0.0016963 secs] [Times: user=0.01 sys=0.00, real=0.00 secs] 
2126.958: [GC (Allocation Failure) [PSYoungGen: 68557K->1456K(68096K)] 414587K->347486K(736256K), 0.0023556 secs] [Times: user=0.01 sys=0.00, real=0.01 secs] 
2128.119: [GC (Allocation Failure) [PSYoungGen: 68016K->1408K(68608K)] 414046K->347438K(736768K), 0.0032884 secs] [Times: user=0.01 sys=0.00, real=0.00 secs] 
2129.037: [GC (Allocation Failure) [PSYoungGen: 67968K->1408K(68608K)] 413998K->347438K(736768K), 0.0033357 secs] [Times: user=0.01 sys=0.00, real=0.01 secs] 
2129.874: [GC (Allocation Failure) [PSYoungGen: 67968K->1376K(68608K)] 413998K->347406K(736768K), 0.0033289 secs] [Times: user=0.01 sys=0.00, real=0.00 secs] 
2130.970: [GC (Allocation Failure) [PSYoungGen: 67909K->1469K(68608K)] 413939K->347499K(736768K), 0.0041470 secs] [Times: user=0.02 sys=0.00, real=0.00 secs] 
2131.188: [GC (Allocation Failure) [PSYoungGen: 68029K->1485K(68608K)] 414059K->347515K(736768K), 0.0019564 secs] [Times: user=0.01 sys=0.00, real=0.01 secs] 
2131.312: [GC (Allocation Failure) [PSYoungGen: 68045K->1469K(68608K)] 414075K->347499K(736768K), 0.0015684 secs] [Times: user=0.01 sys=0.00, real=0.00 secs] 
2131.430: [GC (Allocation Failure) [PSYoungGen: 68029K->1533K(68608K)] 414059K->347579K(736768K), 0.0017929 secs] [Times: user=0.00 sys=0.00, real=0.00 secs] 
2131.683: [GC (Allocation Failure) [PSYoungGen: 68093K->1472K(68608K)] 414139K->347518K(736768K), 0.0019673 secs] [Times: user=0.00 sys=0.00, real=0.00 secs] 
2132.331: [GC (Allocation Failure) [PSYoungGen: 68032K->1424K(68608K)] 414078K->347470K(736768K), 0.0018755 secs] [Times: user=0.01 sys=0.00, real=0.00 secs] 
2132.782: [GC (Allocation Failure) [PSYoungGen: 67984K->1392K(68608K)] 414030K->347438K(736768K), 0.0020833 secs] [Times: user=0.01 sys=0.00, real=0.00 secs] 
2133.095: [GC (Allocation Failure) [PSYoungGen: 67952K->1408K(68608K)] 413998K->347454K(736768K), 0.0021549 secs] [Times: user=0.01 sys=0.00, real=0.00 secs] 
2133.401: [GC (Allocation Failure) [PSYoungGen: 67968K->1376K(68608K)] 414014K->347422K(736768K), 0.0020451 secs] [Times: user=0.01 sys=0.00, real=0.00 secs] 
2133.604: [GC (Allocation Failure) [PSYoungGen: 67936K->1501K(68608K)] 413982K->347547K(736768K), 0.0016748 secs] [Times: user=0.01 sys=0.00, real=0.00 secs] 
2133.720: [GC (Allocation Failure) [PSYoungGen: 68061K->1501K(68608K)] 414107K->347547K(736768K), 0.0016248 secs] [Times: user=0.00 sys=0.00, real=0.00 secs] 
2133.837: [GC (Allocation Failure) [PSYoungGen: 68061K->1485K(68608K)] 414107K->347547K(736768K), 0.0017232 secs] [Times: user=0.00 sys=0.00, real=0.01 secs] 
2134.017: [GC (Allocation Failure) [PSYoungGen: 68045K->1696K(68608K)] 414107K->347758K(736768K), 0.0020361 secs] [Times: user=0.01 sys=0.00, real=0.01 secs] 
2134.339: [GC (Allocation Failure) [PSYoungGen: 68256K->1440K(68096K)] 414318K->347518K(736256K), 0.0019066 secs] [Times: user=0.00 sys=0.00, real=0.01 secs] 
2134.616: [GC (Allocation Failure) [PSYoungGen: 68000K->1424K(68096K)] 414078K->347502K(736256K), 0.0020855 secs] [Times: user=0.01 sys=0.01, real=0.00 secs] 
2134.893: [GC (Allocation Failure) [PSYoungGen: 67984K->1440K(68096K)] 414062K->347518K(736256K), 0.0020214 secs] [Times: user=0.00 sys=0.00, real=0.00 secs] 
2135.169: [GC (Allocation Failure) [PSYoungGen: 68000K->1376K(68096K)] 414078K->347454K(736256K), 0.0020942 secs] [Times: user=0.01 sys=0.00, real=0.00 secs] 
2135.333: [GC (Allocation Failure) [PSYoungGen: 67936K->1504K(68096K)] 414014K->347606K(736256K), 0.0017684 secs] [Times: user=0.01 sys=0.00, real=0.00 secs] 
2135.468: [GC (Allocation Failure) [PSYoungGen: 68064K->1485K(73216K)] 414166K->347603K(741376K), 0.0019660 secs] [Times: user=0.01 sys=0.00, real=0.01 secs] 
2135.639: [GC (Allocation Failure) [PSYoungGen: 72653K->1565K(75264K)] 418771K->347683K(743424K), 0.0022140 secs] [Times: user=0.00 sys=0.00, real=0.00 secs] 
2135.873: [GC (Allocation Failure) [PSYoungGen: 74781K->1984K(75264K)] 420899K->348102K(743424K), 0.0018608 secs] [Times: user=0.00 sys=0.00, real=0.00 secs] 
2136.177: [GC (Allocation Failure) [PSYoungGen: 75200K->1408K(74240K)] 421318K->347526K(742400K), 0.0019775 secs] [Times: user=0.01 sys=0.00, real=0.01 secs] 
2136.479: [GC (Allocation Failure) [PSYoungGen: 74112K->1376K(73728K)] 420230K->347494K(741888K), 0.0023917 secs] [Times: user=0.00 sys=0.00, real=0.00 secs] 
2136.780: [GC (Allocation Failure) [PSYoungGen: 73568K->1408K(73216K)] 419686K->347526K(741376K), 0.0019099 secs] [Times: user=0.01 sys=0.00, real=0.00 secs] 
2137.230: [GC (Allocation Failure) [PSYoungGen: 73088K->1472K(72704K)] 419206K->347590K(740864K), 0.0020885 secs] [Times: user=0.01 sys=0.00, real=0.00 secs] 
2137.361: [GC (Allocation Failure) [PSYoungGen: 72619K->1501K(72192K)] 418737K->347619K(740352K), 0.0015356 secs] [Times: user=0.01 sys=0.00, real=0.00 secs] 
2137.486: [GC (Allocation Failure) [PSYoungGen: 72157K->1469K(71680K)] 418275K->347587K(739840K), 0.0018453 secs] [Times: user=0.01 sys=0.00, real=0.00 secs] 
2137.609: [GC (Allocation Failure) [PSYoungGen: 71613K->1501K(79360K)] 417731K->347635K(747520K), 0.0018679 secs] [Times: user=0.01 sys=0.00, real=0.00 secs] 
2138.406: [GC (Allocation Failure) [PSYoungGen: 79325K->1440K(78848K)] 425459K->347574K(747008K), 0.0020858 secs] [Times: user=0.01 sys=0.00, real=0.00 secs] 
2139.079: [GC (Allocation Failure) [PSYoungGen: 78752K->1376K(78336K)] 424886K->347510K(746496K), 0.0035076 secs] [Times: user=0.02 sys=0.00, real=0.00 secs] 
2139.757: [GC (Allocation Failure) [PSYoungGen: 78176K->1392K(77824K)] 424310K->347526K(745984K), 0.0028875 secs] [Times: user=0.01 sys=0.00, real=0.01 secs] 
2140.554: [GC (Allocation Failure) [PSYoungGen: 77680K->1376K(77312K)] 423814K->347510K(745472K), 0.0030701 secs] [Times: user=0.01 sys=0.01, real=0.00 secs] 
2140.913: [GC (Allocation Failure) [PSYoungGen: 77152K->1485K(76800K)] 423286K->347619K(744960K), 0.0019418 secs] [Times: user=0.01 sys=0.00, real=0.00 secs] 
2141.065: [GC (Allocation Failure) [PSYoungGen: 76749K->1456K(76288K)] 422883K->347590K(744448K), 0.0017650 secs] [Times: user=0.01 sys=0.00, real=0.00 secs] 
2141.227: [GC (Allocation Failure) [PSYoungGen: 76208K->1501K(75776K)] 422342K->347635K(743936K), 0.0018389 secs] [Times: user=0.01 sys=0.00, real=0.00 secs] 
2142.520: [GC (Allocation Failure) [PSYoungGen: 75741K->1472K(75264K)] 421875K->347606K(743424K), 0.0036779 secs] [Times: user=0.01 sys=0.00, real=0.00 secs] 
2143.473: [GC (Allocation Failure) [PSYoungGen: 75200K->1376K(74752K)] 421334K->347510K(742912K), 0.0032399 secs] [Times: user=0.02 sys=0.00, real=0.00 secs] 
2144.435: [GC (Allocation Failure) [PSYoungGen: 74592K->1344K(74240K)] 420726K->347478K(742400K), 0.0044399 secs] [Times: user=0.01 sys=0.01, real=0.01 secs] 
2145.326: [GC (Allocation Failure) [PSYoungGen: 74048K->1376K(73728K)] 420182K->347510K(741888K), 0.0033657 secs] [Times: user=0.01 sys=0.00, real=0.01 secs] 
2145.878: [GC (Allocation Failure) [PSYoungGen: 73568K->1456K(73216K)] 419702K->347590K(741376K), 0.0021522 secs] [Times: user=0.00 sys=0.00, real=0.01 secs] 
2146.014: [GC (Allocation Failure) [PSYoungGen: 73136K->1469K(72704K)] 419270K->347603K(740864K), 0.0015645 secs] [Times: user=0.00 sys=0.00, real=0.00 secs] 
2146.159: [GC (Allocation Failure) [PSYoungGen: 72637K->1501K(72192K)] 418771K->347635K(740352K), 0.0019474 secs] [Times: user=0.01 sys=0.00, real=0.00 secs] 
2146.429: [GC (Allocation Failure) [PSYoungGen: 72157K->2000K(72192K)] 418291K->348134K(740352K), 0.0020526 secs] [Times: user=0.01 sys=0.00, real=0.00 secs] 
2148.599: [GC (Allocation Failure) [PSYoungGen: 72144K->1408K(71168K)] 418278K->347542K(739328K), 0.0041159 secs] [Times: user=0.02 sys=0.00, real=0.00 secs] 
2149.476: [GC (Allocation Failure) [PSYoungGen: 71040K->1408K(70656K)] 417174K->347550K(738816K), 0.0034794 secs] [Times: user=0.02 sys=0.00, real=0.01 secs] 
2150.295: [GC (Allocation Failure) [PSYoungGen: 70528K->1408K(70144K)] 416670K->347550K(738304K), 0.0028369 secs] [Times: user=0.01 sys=0.00, real=0.00 secs] 
2151.329: [GC (Allocation Failure) [PSYoungGen: 70016K->1437K(69632K)] 416158K->347579K(737792K), 0.0032529 secs] [Times: user=0.01 sys=0.00, real=0.00 secs] 
2151.573: [GC (Allocation Failure) [PSYoungGen: 69533K->1501K(69120K)] 415675K->347643K(737280K), 0.0022057 secs] [Times: user=0.01 sys=0.00, real=0.00 secs] 
2151.710: [GC (Allocation Failure) [PSYoungGen: 69085K->1504K(68608K)] 415227K->347646K(736768K), 0.0018238 secs] [Times: user=0.01 sys=0.00, real=0.00 secs] 
2151.830: [GC (Allocation Failure) [PSYoungGen: 68576K->1501K(68096K)] 414718K->347643K(736256K), 0.0015466 secs] [Times: user=0.01 sys=0.00, real=0.00 secs] 
2152.247: [GC (Allocation Failure) [PSYoungGen: 68061K->1440K(68096K)] 414203K->347582K(736256K), 0.0030595 secs] [Times: user=0.01 sys=0.00, real=0.01 secs] 
2153.024: [GC (Allocation Failure) [PSYoungGen: 68000K->1408K(68608K)] 414142K->347550K(736768K), 0.0027260 secs] [Times: user=0.02 sys=0.00, real=0.00 secs] 
2153.908: [GC (Allocation Failure) [PSYoungGen: 67968K->1408K(68608K)] 414110K->347550K(736768K), 0.0027427 secs] [Times: user=0.02 sys=0.00, real=0.01 secs] 
2154.772: [GC (Allocation Failure) [PSYoungGen: 67968K->1376K(68608K)] 414110K->347518K(736768K), 0.0039373 secs] [Times: user=0.01 sys=0.00, real=0.00 secs] 
2155.395: [GC (Allocation Failure) [PSYoungGen: 67936K->1408K(68608K)] 414078K->347550K(736768K), 0.0028938 secs] [Times: user=0.01 sys=0.00, real=0.00 secs] 
2155.630: [GC (Allocation Failure) [PSYoungGen: 67968K->1453K(68608K)] 414110K->347595K(736768K), 0.0017908 secs] [Times: user=0.01 sys=0.00, real=0.00 secs] 
2155.766: [GC (Allocation Failure) [PSYoungGen: 68013K->1504K(68608K)] 414155K->347646K(736768K), 0.0016888 secs] [Times: user=0.01 sys=0.00, real=0.00 secs] 
2155.922: [GC (Allocation Failure) [PSYoungGen: 68064K->1501K(68608K)] 414206K->347651K(736768K), 0.0017125 secs] [Times: user=0.01 sys=0.00, real=0.00 secs] 
2156.170: [GC (Allocation Failure) [PSYoungGen: 68061K->1696K(68608K)] 414211K->347846K(736768K), 0.0018927 secs] [Times: user=0.01 sys=0.00, real=0.00 secs] 
2156.548: [GC (Allocation Failure) [PSYoungGen: 68256K->1440K(68608K)] 414406K->347622K(736768K), 0.0020644 secs] [Times: user=0.00 sys=0.00, real=0.01 secs] 
2156.828: [GC (Allocation Failure) [PSYoungGen: 68000K->1408K(68608K)] 414182K->347590K(736768K), 0.0019207 secs] [Times: user=0.01 sys=0.00, real=0.01 secs] 
2157.111: [GC (Allocation Failure) [PSYoungGen: 67968K->1424K(68608K)] 414150K->347606K(736768K), 0.0020505 secs] [Times: user=0.01 sys=0.00, real=0.00 secs] 
2157.437: [GC (Allocation Failure) [PSYoungGen: 67984K->1408K(68608K)] 414166K->347590K(736768K), 0.0020657 secs] [Times: user=0.01 sys=0.00, real=0.01 secs] 
2157.706: [GC (Allocation Failure) [PSYoungGen: 67968K->1453K(68608K)] 414150K->347635K(736768K), 0.0016908 secs] [Times: user=0.01 sys=0.00, real=0.00 secs] 
2157.823: [GC (Allocation Failure) [PSYoungGen: 68013K->1501K(68608K)] 414195K->347683K(736768K), 0.0017606 secs] [Times: user=0.00 sys=0.00, real=0.00 secs] 
2157.940: [GC (Allocation Failure) [PSYoungGen: 68061K->1501K(68608K)] 414243K->347699K(736768K), 0.0016970 secs] [Times: user=0.01 sys=0.00, real=0.00 secs] 
2158.057: [GC (Allocation Failure) [PSYoungGen: 68061K->1453K(68608K)] 414259K->347651K(736768K), 0.0015576 secs] [Times: user=0.01 sys=0.00, real=0.00 secs] 
2158.992: [GC (Allocation Failure) [PSYoungGen: 68013K->1440K(68096K)] 414211K->347638K(736256K), 0.0027994 secs] [Times: user=0.01 sys=0.00, real=0.00 secs] 
2159.985: [GC (Allocation Failure) [PSYoungGen: 68000K->1376K(68096K)] 414198K->347574K(736256K), 0.0035379 secs] [Times: user=0.02 sys=0.00, real=0.01 secs] 
2161.275: [GC (Allocation Failure) [PSYoungGen: 67936K->1408K(68096K)] 414134K->347606K(736256K), 0.0033817 secs] [Times: user=0.02 sys=0.00, real=0.01 secs] 
2162.601: [GC (Allocation Failure) [PSYoungGen: 67968K->1376K(68096K)] 414166K->347574K(736256K), 0.0046208 secs] [Times: user=0.02 sys=0.00, real=0.00 secs] 
2163.090: [GC (Allocation Failure) [PSYoungGen: 67936K->1485K(68096K)] 414134K->347683K(736256K), 0.0018568 secs] [Times: user=0.01 sys=0.00, real=0.00 secs] 
2163.224: [GC (Allocation Failure) [PSYoungGen: 68045K->1485K(68096K)] 414243K->347683K(736256K), 0.0016213 secs] [Times: user=0.01 sys=0.00, real=0.00 secs] 
2163.357: [GC (Allocation Failure) [PSYoungGen: 68045K->1488K(68096K)] 414243K->347702K(736256K), 0.0016140 secs] [Times: user=0.01 sys=0.00, real=0.01 secs] 
2163.504: [GC (Allocation Failure) [PSYoungGen: 68048K->1453K(68096K)] 414262K->347667K(736256K), 0.0021313 secs] [Times: user=0.01 sys=0.00, real=0.00 secs] 
2164.372: [GC (Allocation Failure) [PSYoungGen: 68013K->1408K(68096K)] 414227K->347622K(736256K), 0.0020736 secs] [Times: user=0.01 sys=0.00, real=0.00 secs] 
2164.782: [GC (Allocation Failure) [PSYoungGen: 67968K->1408K(68096K)] 414182K->347622K(736256K), 0.0022140 secs] [Times: user=0.01 sys=0.00, real=0.00 secs] 
2165.467: [GC (Allocation Failure) [PSYoungGen: 67968K->1440K(68096K)] 414182K->347654K(736256K), 0.0022344 secs] [Times: user=0.01 sys=0.00, real=0.01 secs] 
2166.121: [GC (Allocation Failure) [PSYoungGen: 68000K->1408K(68096K)] 414214K->347622K(736256K), 0.0023992 secs] [Times: user=0.00 sys=0.00, real=0.00 secs] 
2166.484: [GC (Allocation Failure) [PSYoungGen: 67968K->1456K(68096K)] 414182K->347670K(736256K), 0.0019922 secs] [Times: user=0.01 sys=0.00, real=0.00 secs] 
2166.608: [GC (Allocation Failure) [PSYoungGen: 68016K->1501K(68096K)] 414230K->347715K(736256K), 0.0016297 secs] [Times: user=0.01 sys=0.00, real=0.01 secs] 
2166.728: [GC (Allocation Failure) [PSYoungGen: 68061K->1440K(68608K)] 414275K->347654K(736768K), 0.0015099 secs] [Times: user=0.00 sys=0.00, real=0.01 secs] 
2166.845: [GC (Allocation Failure) [PSYoungGen: 68000K->1501K(68608K)] 414214K->347747K(736768K), 0.0018490 secs] [Times: user=0.01 sys=0.00, real=0.00 secs] 
2167.804: [GC (Allocation Failure) [PSYoungGen: 68061K->1440K(68096K)] 414307K->347686K(736256K), 0.0041076 secs] [Times: user=0.01 sys=0.00, real=0.00 secs] 
2168.739: [GC (Allocation Failure) [PSYoungGen: 68000K->1408K(68096K)] 414246K->347654K(736256K), 0.0042668 secs] [Times: user=0.02 sys=0.00, real=0.00 secs] 
2169.506: [GC (Allocation Failure) [PSYoungGen: 67968K->1408K(68096K)] 414214K->347654K(736256K), 0.0043469 secs] [Times: user=0.01 sys=0.00, real=0.01 secs] 
2170.276: [GC (Allocation Failure) [PSYoungGen: 67968K->1312K(68096K)] 414214K->347558K(736256K), 0.0033226 secs] [Times: user=0.02 sys=0.01, real=0.01 secs] 
2170.889: [GC (Allocation Failure) [PSYoungGen: 67872K->1485K(68096K)] 414118K->347731K(736256K), 0.0022308 secs] [Times: user=0.01 sys=0.00, real=0.00 secs] 
2171.080: [GC (Allocation Failure) [PSYoungGen: 68014K->1485K(68096K)] 414260K->347731K(736256K), 0.0025839 secs] [Times: user=0.01 sys=0.00, real=0.00 secs] 
2171.225: [GC (Allocation Failure) [PSYoungGen: 68045K->1472K(68096K)] 414291K->347718K(736256K), 0.0016683 secs] [Times: user=0.01 sys=0.00, real=0.00 secs] 
2171.342: [GC (Allocation Failure) [PSYoungGen: 68032K->1501K(68096K)] 414278K->347755K(736256K), 0.0017525 secs] [Times: user=0.01 sys=0.00, real=0.00 secs] 
2171.888: [GC (Allocation Failure) [PSYoungGen: 68061K->1440K(68096K)] 414315K->347694K(736256K), 0.0032712 secs] [Times: user=0.02 sys=0.00, real=0.01 secs] 
2172.448: [GC (Allocation Failure) [PSYoungGen: 68000K->1408K(68096K)] 414254K->347662K(736256K), 0.0030142 secs] [Times: user=0.01 sys=0.00, real=0.01 secs] 
2172.949: [GC (Allocation Failure) [PSYoungGen: 67968K->1408K(68096K)] 414222K->347662K(736256K), 0.0034415 secs] [Times: user=0.02 sys=0.00, real=0.00 secs] 
2173.488: [GC (Allocation Failure) [PSYoungGen: 67968K->1376K(68096K)] 414222K->347630K(736256K), 0.0033427 secs] [Times: user=0.01 sys=0.01, real=0.01 secs] 
2173.785: [GC (Allocation Failure) [PSYoungGen: 67936K->1469K(68096K)] 414190K->347723K(736256K), 0.0019435 secs] [Times: user=0.01 sys=0.00, real=0.00 secs] 
2173.906: [GC (Allocation Failure) [PSYoungGen: 68029K->1456K(68608K)] 414283K->347710K(736768K), 0.0014858 secs] [Times: user=0.01 sys=0.00, real=0.00 secs] 
2174.023: [GC (Allocation Failure) [PSYoungGen: 68016K->1533K(68608K)] 414270K->347787K(736768K), 0.0016356 secs] [Times: user=0.01 sys=0.00, real=0.00 secs] 
2174.140: [GC (Allocation Failure) [PSYoungGen: 68093K->1453K(68608K)] 414347K->347731K(736768K), 0.0015908 secs] [Times: user=0.01 sys=0.00, real=0.00 secs] 
2174.488: [GC (Allocation Failure) [PSYoungGen: 68013K->1440K(68096K)] 414291K->347750K(736256K), 0.0017796 secs] [Times: user=0.01 sys=0.00, real=0.01 secs] 
2174.779: [GC (Allocation Failure) [PSYoungGen: 68000K->1376K(75264K)] 414310K->347710K(743424K), 0.0038370 secs] [Times: user=0.01 sys=0.00, real=0.00 secs] 
2175.087: [GC (Allocation Failure) [PSYoungGen: 74592K->1376K(74240K)] 420926K->347710K(742400K), 0.0024549 secs] [Times: user=0.01 sys=0.00, real=0.01 secs] 
2175.406: [GC (Allocation Failure) [PSYoungGen: 74080K->1408K(73728K)] 420414K->347742K(741888K), 0.0024326 secs] [Times: user=0.01 sys=0.00, real=0.01 secs] 
2175.648: [GC (Allocation Failure) [PSYoungGen: 73600K->1453K(73216K)] 419934K->347787K(741376K), 0.0016332 secs] [Times: user=0.01 sys=0.00, real=0.01 secs] 
2175.774: [GC (Allocation Failure) [PSYoungGen: 73126K->1453K(72704K)] 419460K->347787K(740864K), 0.0016569 secs] [Times: user=0.00 sys=0.00, real=0.00 secs] 
2175.900: [GC (Allocation Failure) [PSYoungGen: 72621K->1485K(73216K)] 418955K->347819K(741376K), 0.0015471 secs] [Times: user=0.01 sys=0.00, real=0.00 secs] 
2176.026: [GC (Allocation Failure) [PSYoungGen: 72653K->1453K(73216K)] 418987K->347803K(741376K), 0.0016015 secs] [Times: user=0.01 sys=0.00, real=0.00 secs] 
2177.180: [GC (Allocation Failure) [PSYoungGen: 72621K->1376K(72192K)] 418971K->347726K(740352K), 0.0034608 secs] [Times: user=0.01 sys=0.00, real=0.00 secs] 
2177.910: [GC (Allocation Failure) [PSYoungGen: 72032K->1408K(71680K)] 418382K->347758K(739840K), 0.0029071 secs] [Times: user=0.02 sys=0.00, real=0.00 secs] 
2178.703: [GC (Allocation Failure) [PSYoungGen: 71552K->1408K(71168K)] 417902K->347758K(739328K), 0.0039665 secs] [Times: user=0.01 sys=0.00, real=0.00 secs] 
2179.341: [GC (Allocation Failure) [PSYoungGen: 71040K->1376K(70656K)] 417390K->347726K(738816K), 0.0029881 secs] [Times: user=0.02 sys=0.00, real=0.00 secs] 
2179.652: [GC (Allocation Failure) [PSYoungGen: 70496K->496K(69120K)] 416846K->347870K(737280K), 0.0017774 secs] [Times: user=0.01 sys=0.00, real=0.00 secs] 
2179.773: [GC (Allocation Failure) [PSYoungGen: 69087K->445K(70144K)] 416461K->347819K(738304K), 0.0015325 secs] [Times: user=0.01 sys=0.00, real=0.00 secs] 
2179.911: [GC (Allocation Failure) [PSYoungGen: 68541K->461K(68096K)] 415915K->347835K(736256K), 0.0020006 secs] [Times: user=0.00 sys=0.00, real=0.00 secs] 
2180.194: [GC (Allocation Failure) [PSYoungGen: 68045K->1472K(69120K)] 415419K->348846K(737280K), 0.0023395 secs] [Times: user=0.01 sys=0.00, real=0.00 secs] 
2180.927: [GC (Allocation Failure) [PSYoungGen: 68544K->1376K(68096K)] 415918K->348750K(736256K), 0.0030849 secs] [Times: user=0.01 sys=0.00, real=0.01 secs] 
2181.553: [GC (Allocation Failure) [PSYoungGen: 67936K->1408K(68096K)] 415310K->348782K(736256K), 0.0030658 secs] [Times: user=0.01 sys=0.00, real=0.00 secs] 
2181.853: [GC (Allocation Failure) [PSYoungGen: 67968K->1408K(68096K)] 415342K->348782K(736256K), 0.0020615 secs] [Times: user=0.01 sys=0.00, real=0.00 secs] 
2182.237: [GC (Allocation Failure) [PSYoungGen: 67968K->1408K(68096K)] 415342K->348790K(736256K), 0.0021246 secs] [Times: user=0.00 sys=0.00, real=0.01 secs] 
2182.388: [GC (Allocation Failure) [PSYoungGen: 67968K->1485K(68096K)] 415350K->348867K(736256K), 0.0015479 secs] [Times: user=0.01 sys=0.00, real=0.01 secs] 
2182.504: [GC (Allocation Failure) [PSYoungGen: 68045K->1469K(68096K)] 415427K->348851K(736256K), 0.0016442 secs] [Times: user=0.00 sys=0.00, real=0.00 secs] 
2182.622: [GC (Allocation Failure) [PSYoungGen: 68029K->1453K(73216K)] 415411K->348835K(741376K), 0.0016680 secs] [Times: user=0.01 sys=0.00, real=0.00 secs] 
2182.932: [GC (Allocation Failure) [PSYoungGen: 73133K->1984K(73216K)] 420515K->349878K(741376K), 0.0022802 secs] [Times: user=0.01 sys=0.00, real=0.00 secs] 
2183.753: [GC (Allocation Failure) [PSYoungGen: 73152K->1392K(72192K)] 421046K->349286K(740352K), 0.0023809 secs] [Times: user=0.01 sys=0.00, real=0.00 secs] 
2185.325: [GC (Allocation Failure) [PSYoungGen: 72048K->1408K(71680K)] 419942K->349326K(739840K), 0.0038284 secs] [Times: user=0.01 sys=0.00, real=0.01 secs] 
2186.775: [GC (Allocation Failure) [PSYoungGen: 71552K->1408K(71168K)] 419470K->349326K(739328K), 0.0026680 secs] [Times: user=0.01 sys=0.00, real=0.00 secs] 
2187.790: [GC (Allocation Failure) [PSYoungGen: 71040K->1501K(70656K)] 418958K->349419K(738816K), 0.0024716 secs] [Times: user=0.01 sys=0.00, real=0.00 secs] 
2187.962: [GC (Allocation Failure) [PSYoungGen: 70621K->1517K(70144K)] 418539K->349435K(738304K), 0.0015282 secs] [Times: user=0.01 sys=0.00, real=0.00 secs] 
2188.083: [GC (Allocation Failure) [PSYoungGen: 70125K->1437K(71168K)] 418043K->349355K(739328K), 0.0041692 secs] [Times: user=0.02 sys=0.00, real=0.00 secs] 
2188.207: [GC (Allocation Failure) [PSYoungGen: 70557K->1501K(78336K)] 418475K->349435K(746496K), 0.0017197 secs] [Times: user=0.00 sys=0.00, real=0.01 secs] 
2189.161: [GC (Allocation Failure) [PSYoungGen: 77789K->1472K(78336K)] 425723K->349406K(746496K), 0.0029553 secs] [Times: user=0.02 sys=0.00, real=0.00 secs] 
2189.686: [GC (Allocation Failure) [PSYoungGen: 77760K->1376K(77312K)] 425694K->349310K(745472K), 0.0021674 secs] [Times: user=0.00 sys=0.01, real=0.00 secs] 
2190.313: [GC (Allocation Failure) [PSYoungGen: 77152K->1440K(76800K)] 425086K->349374K(744960K), 0.0067002 secs] [Times: user=0.03 sys=0.00, real=0.01 secs] 
2190.943: [GC (Allocation Failure) [PSYoungGen: 76704K->1440K(76288K)] 424638K->349374K(744448K), 0.0033231 secs] [Times: user=0.02 sys=0.00, real=0.00 secs] 
2191.292: [GC (Allocation Failure) [PSYoungGen: 76192K->1488K(75776K)] 424126K->349422K(743936K), 0.0020098 secs] [Times: user=0.01 sys=0.00, real=0.00 secs] 
2191.434: [GC (Allocation Failure) [PSYoungGen: 75728K->1501K(75264K)] 423662K->349435K(743424K), 0.0016708 secs] [Times: user=0.01 sys=0.00, real=0.00 secs] 
2191.563: [GC (Allocation Failure) [PSYoungGen: 75229K->1501K(74752K)] 423163K->349435K(742912K), 0.0016882 secs] [Times: user=0.00 sys=0.00, real=0.00 secs] 
2191.756: [GC (Allocation Failure) [PSYoungGen: 74717K->1472K(74240K)] 422651K->349406K(742400K), 0.0017904 secs] [Times: user=0.01 sys=0.00, real=0.00 secs] 
2192.058: [GC (Allocation Failure) [PSYoungGen: 74176K->1376K(73728K)] 422110K->349310K(741888K), 0.0017886 secs] [Times: user=0.00 sys=0.00, real=0.01 secs] 
2192.358: [GC (Allocation Failure) [PSYoungGen: 73568K->1408K(73216K)] 421502K->349342K(741376K), 0.0017791 secs] [Times: user=0.00 sys=0.00, real=0.01 secs] 
2192.655: [GC (Allocation Failure) [PSYoungGen: 73088K->1440K(72704K)] 421022K->349374K(740864K), 0.0017914 secs] [Times: user=0.00 sys=0.00, real=0.00 secs] 
2192.929: [GC (Allocation Failure) [PSYoungGen: 72608K->1485K(72192K)] 420542K->349419K(740352K), 0.0015405 secs] [Times: user=0.00 sys=0.00, real=0.00 secs] 
2193.055: [GC (Allocation Failure) [PSYoungGen: 72132K->1565K(72192K)] 420066K->349499K(740352K), 0.0017473 secs] [Times: user=0.01 sys=0.00, real=0.00 secs] 
2193.178: [GC (Allocation Failure) [PSYoungGen: 71709K->461K(78848K)] 419643K->349419K(747008K), 0.0025305 secs] [Times: user=0.01 sys=0.00, real=0.01 secs] 
2193.339: [GC (Allocation Failure) [PSYoungGen: 78285K->461K(79872K)] 427243K->349419K(748032K), 0.0019345 secs] [Times: user=0.01 sys=0.00, real=0.00 secs] 
2194.828: [GC (Allocation Failure) [PSYoungGen: 78285K->1456K(78848K)] 427243K->350438K(747008K), 0.0041300 secs] [Times: user=0.02 sys=0.00, real=0.01 secs] 
2195.655: [GC (Allocation Failure) [PSYoungGen: 78768K->1424K(78336K)] 427750K->350406K(746496K), 0.0071121 secs] [Times: user=0.01 sys=0.03, real=0.01 secs] 
2196.378: [GC (Allocation Failure) [PSYoungGen: 78224K->1376K(77824K)] 427206K->350358K(745984K), 0.0028556 secs] [Times: user=0.01 sys=0.00, real=0.01 secs] 
2197.677: [GC (Allocation Failure) [PSYoungGen: 77664K->1469K(77312K)] 426646K->350451K(745472K), 0.0026570 secs] [Times: user=0.01 sys=0.00, real=0.01 secs] 
2197.908: [GC (Allocation Failure) [PSYoungGen: 77245K->1501K(76800K)] 426227K->350483K(744960K), 0.0020556 secs] [Times: user=0.01 sys=0.00, real=0.01 secs] 
2198.058: [GC (Allocation Failure) [PSYoungGen: 76765K->1485K(76288K)] 425747K->350467K(744448K), 0.0017083 secs] [Times: user=0.00 sys=0.00, real=0.01 secs] 
2198.189: [GC (Allocation Failure) [PSYoungGen: 76237K->1533K(75776K)] 425219K->350515K(743936K), 0.0017765 secs] [Times: user=0.00 sys=0.00, real=0.00 secs] 
2199.232: [GC (Allocation Failure) [PSYoungGen: 75773K->1440K(75264K)] 424755K->350422K(743424K), 0.0036597 secs] [Times: user=0.01 sys=0.01, real=0.00 secs] 
2200.296: [GC (Allocation Failure) [PSYoungGen: 75168K->1440K(74752K)] 424150K->350422K(742912K), 0.0033615 secs] [Times: user=0.02 sys=0.00, real=0.01 secs] 
2201.033: [GC (Allocation Failure) [PSYoungGen: 74656K->1408K(74240K)] 423638K->350390K(742400K), 0.0026083 secs] [Times: user=0.01 sys=0.00, real=0.00 secs] 
2201.721: [GC (Allocation Failure) [PSYoungGen: 74112K->1376K(73728K)] 423094K->350358K(741888K), 0.0026335 secs] [Times: user=0.01 sys=0.00, real=0.00 secs] 
2202.212: [GC (Allocation Failure) [PSYoungGen: 73568K->1456K(73216K)] 422550K->350438K(741376K), 0.0021229 secs] [Times: user=0.01 sys=0.00, real=0.00 secs] 
2202.344: [GC (Allocation Failure) [PSYoungGen: 73136K->1533K(72704K)] 422118K->350515K(740864K), 0.0015748 secs] [Times: user=0.00 sys=0.00, real=0.00 secs] 
2202.469: [GC (Allocation Failure) [PSYoungGen: 72701K->1485K(72192K)] 421683K->350467K(740352K), 0.0018529 secs] [Times: user=0.01 sys=0.00, real=0.00 secs] 
2203.674: [GC (Allocation Failure) [PSYoungGen: 72141K->1472K(71680K)] 421123K->350454K(739840K), 0.0037647 secs] [Times: user=0.01 sys=0.00, real=0.00 secs] 
2204.796: [GC (Allocation Failure) [PSYoungGen: 71616K->1376K(71168K)] 420598K->350358K(739328K), 0.0035987 secs] [Times: user=0.01 sys=0.00, real=0.01 secs] 
2205.587: [GC (Allocation Failure) [PSYoungGen: 71008K->1408K(70656K)] 419990K->350390K(738816K), 0.0033095 secs] [Times: user=0.01 sys=0.00, real=0.01 secs] 
2206.375: [GC (Allocation Failure) [PSYoungGen: 70528K->1408K(70144K)] 419510K->350390K(738304K), 0.0029220 secs] [Times: user=0.01 sys=0.00, real=0.00 secs] 
2207.193: [GC (Allocation Failure) [PSYoungGen: 70016K->1437K(69632K)] 418998K->350419K(737792K), 0.0021013 secs] [Times: user=0.01 sys=0.00, real=0.00 secs] 
2207.343: [GC (Allocation Failure) [PSYoungGen: 69533K->1453K(69120K)] 418515K->350435K(737280K), 0.0017445 secs] [Times: user=0.01 sys=0.00, real=0.00 secs] 
2207.462: [GC (Allocation Failure) [PSYoungGen: 69037K->1501K(68608K)] 418019K->350483K(736768K), 0.0015295 secs] [Times: user=0.00 sys=0.00, real=0.00 secs] 
2207.585: [GC (Allocation Failure) [PSYoungGen: 68573K->1501K(68096K)] 417555K->350483K(736256K), 0.0018113 secs] [Times: user=0.01 sys=0.00, real=0.00 secs] 
2207.802: [GC (Allocation Failure) [PSYoungGen: 68061K->1456K(68096K)] 417043K->350470K(736256K), 0.0018355 secs] [Times: user=0.00 sys=0.00, real=0.00 secs] 
2208.160: [GC (Allocation Failure) [PSYoungGen: 68016K->1440K(68096K)] 417030K->350454K(736256K), 0.0019740 secs] [Times: user=0.01 sys=0.00, real=0.00 secs] 
2208.746: [GC (Allocation Failure) [PSYoungGen: 68000K->1376K(68096K)] 417014K->350390K(736256K), 0.0041277 secs] [Times: user=0.01 sys=0.00, real=0.01 secs] 
2209.315: [GC (Allocation Failure) [PSYoungGen: 67936K->1408K(68096K)] 416950K->350422K(736256K), 0.0024135 secs] [Times: user=0.01 sys=0.00, real=0.00 secs] 
2209.838: [GC (Allocation Failure) [PSYoungGen: 67968K->1469K(68096K)] 416982K->350483K(736256K), 0.0023684 secs] [Times: user=0.01 sys=0.00, real=0.01 secs] 
2210.001: [GC (Allocation Failure) [PSYoungGen: 68029K->1469K(68096K)] 417043K->350483K(736256K), 0.0025601 secs] [Times: user=0.01 sys=0.00, real=0.00 secs] 
2210.119: [GC (Allocation Failure) [PSYoungGen: 68029K->1501K(68096K)] 417043K->350515K(736256K), 0.0016713 secs] [Times: user=0.01 sys=0.00, real=0.00 secs] 
2210.236: [GC (Allocation Failure) [PSYoungGen: 68061K->1533K(73728K)] 417075K->350555K(741888K), 0.0016606 secs] [Times: user=0.01 sys=0.00, real=0.00 secs] 
2210.738: [GC (Allocation Failure) [PSYoungGen: 73213K->1472K(72704K)] 422235K->350494K(740864K), 0.0019707 secs] [Times: user=0.00 sys=0.00, real=0.01 secs] 
2211.433: [GC (Allocation Failure) [PSYoungGen: 72640K->1408K(72192K)] 421662K->350430K(740352K), 0.0024997 secs] [Times: user=0.01 sys=0.00, real=0.00 secs] 
2212.075: [GC (Allocation Failure) [PSYoungGen: 72064K->1408K(71680K)] 421086K->350430K(739840K), 0.0024361 secs] [Times: user=0.01 sys=0.00, real=0.00 secs] 
2212.688: [GC (Allocation Failure) [PSYoungGen: 71552K->1408K(71168K)] 420574K->350430K(739328K), 0.0029587 secs] [Times: user=0.01 sys=0.00, real=0.01 secs] 
2213.606: [GC (Allocation Failure) [PSYoungGen: 71026K->1469K(70656K)] 420048K->350491K(738816K), 0.0026517 secs] [Times: user=0.01 sys=0.00, real=0.00 secs] 
2213.780: [GC (Allocation Failure) [PSYoungGen: 70589K->1485K(70144K)] 419611K->350507K(738304K), 0.0017468 secs] [Times: user=0.00 sys=0.00, real=0.00 secs] 
2213.921: [GC (Allocation Failure) [PSYoungGen: 70076K->1456K(69632K)] 419098K->350478K(737792K), 0.0018296 secs] [Times: user=0.01 sys=0.00, real=0.00 secs] 
2214.083: [GC (Allocation Failure) [PSYoungGen: 69552K->1517K(69120K)] 418574K->350555K(737280K), 0.0018411 secs] [Times: user=0.00 sys=0.00, real=0.00 secs] 
2214.366: [GC (Allocation Failure) [PSYoungGen: 69101K->1408K(68608K)] 418139K->350446K(736768K), 0.0022165 secs] [Times: user=0.01 sys=0.00, real=0.00 secs] 
2214.645: [GC (Allocation Failure) [PSYoungGen: 68480K->1440K(68096K)] 417518K->350502K(736256K), 0.0021800 secs] [Times: user=0.01 sys=0.00, real=0.00 secs] 
2214.922: [GC (Allocation Failure) [PSYoungGen: 68000K->1408K(68096K)] 417062K->350470K(736256K), 0.0019372 secs] [Times: user=0.01 sys=0.00, real=0.00 secs] 
2215.199: [GC (Allocation Failure) [PSYoungGen: 67968K->1408K(68096K)] 417030K->350470K(736256K), 0.0020112 secs] [Times: user=0.00 sys=0.00, real=0.00 secs] 
2215.448: [GC (Allocation Failure) [PSYoungGen: 67968K->1533K(68096K)] 417030K->350595K(736256K), 0.0016339 secs] [Times: user=0.01 sys=0.00, real=0.01 secs] 
2215.566: [GC (Allocation Failure) [PSYoungGen: 68093K->1485K(68096K)] 417155K->350547K(736256K), 0.0016011 secs] [Times: user=0.01 sys=0.00, real=0.00 secs] 
2215.683: [GC (Allocation Failure) [PSYoungGen: 68045K->1533K(68608K)] 417107K->350595K(736768K), 0.0018091 secs] [Times: user=0.00 sys=0.00, real=0.00 secs] 
2215.799: [GC (Allocation Failure) [PSYoungGen: 68093K->1485K(68608K)] 417155K->350563K(736768K), 0.0015445 secs] [Times: user=0.01 sys=0.00, real=0.00 secs] 
2216.112: [GC (Allocation Failure) [PSYoungGen: 68045K->1376K(74752K)] 417123K->350454K(742912K), 0.0021919 secs] [Times: user=0.01 sys=0.00, real=0.00 secs] 
2216.417: [GC (Allocation Failure) [PSYoungGen: 74592K->1376K(74240K)] 423670K->350454K(742400K), 0.0021857 secs] [Times: user=0.01 sys=0.00, real=0.01 secs] 
2216.719: [GC (Allocation Failure) [PSYoungGen: 74080K->1376K(73728K)] 423158K->350454K(741888K), 0.0022056 secs] [Times: user=0.01 sys=0.00, real=0.00 secs] 
2217.019: [GC (Allocation Failure) [PSYoungGen: 73568K->1408K(73216K)] 422646K->350486K(741376K), 0.0021571 secs] [Times: user=0.01 sys=0.00, real=0.00 secs] 
2217.253: [GC (Allocation Failure) [PSYoungGen: 73088K->1485K(72704K)] 422166K->350563K(740864K), 0.0016692 secs] [Times: user=0.01 sys=0.00, real=0.00 secs] 
2217.379: [GC (Allocation Failure) [PSYoungGen: 72653K->1485K(72192K)] 421731K->350563K(740352K), 0.0017224 secs] [Times: user=0.01 sys=0.00, real=0.01 secs] 
2217.503: [GC (Allocation Failure) [PSYoungGen: 72141K->1517K(72704K)] 421219K->350595K(740864K), 0.0017468 secs] [Times: user=0.01 sys=0.00, real=0.00 secs] 
2217.628: [GC (Allocation Failure) [PSYoungGen: 72173K->1453K(72704K)] 421251K->350555K(740864K), 0.0015558 secs] [Times: user=0.01 sys=0.00, real=0.01 secs] 
2219.145: [GC (Allocation Failure) [PSYoungGen: 72109K->1456K(71680K)] 421211K->350558K(739840K), 0.0037779 secs] [Times: user=0.01 sys=0.00, real=0.01 secs] 
2220.016: [GC (Allocation Failure) [PSYoungGen: 71600K->1376K(71168K)] 420702K->350478K(739328K), 0.0030815 secs] [Times: user=0.01 sys=0.00, real=0.01 secs] 
2220.472: [GC (Allocation Failure) [PSYoungGen: 71008K->1408K(70656K)] 420110K->350510K(738816K), 0.0026264 secs] [Times: user=0.01 sys=0.00, real=0.00 secs] 
2221.036: [GC (Allocation Failure) [PSYoungGen: 70528K->1376K(70144K)] 419630K->350478K(738304K), 0.0029612 secs] [Times: user=0.01 sys=0.00, real=0.01 secs] 
2221.384: [GC (Allocation Failure) [PSYoungGen: 69984K->1485K(69632K)] 419086K->350587K(737792K), 0.0017770 secs] [Times: user=0.00 sys=0.00, real=0.00 secs] 
2221.544: [GC (Allocation Failure) [PSYoungGen: 69581K->1536K(69632K)] 418683K->350638K(737792K), 0.0021205 secs] [Times: user=0.01 sys=0.00, real=0.00 secs] 
2221.694: [GC (Allocation Failure) [PSYoungGen: 69120K->541K(68096K)] 418222K->350667K(736256K), 0.0015704 secs] [Times: user=0.00 sys=0.00, real=0.00 secs] 
2222.188: [GC (Allocation Failure) [PSYoungGen: 67613K->2016K(68608K)] 417739K->352654K(736768K), 0.0027725 secs] [Times: user=0.01 sys=0.00, real=0.01 secs] 
2222.865: [GC (Allocation Failure) [PSYoungGen: 68576K->1376K(68096K)] 419214K->352014K(736256K), 0.0027048 secs] [Times: user=0.01 sys=0.00, real=0.00 secs] 
2223.455: [GC (Allocation Failure) [PSYoungGen: 67936K->1376K(68096K)] 418574K->352014K(736256K), 0.0026591 secs] [Times: user=0.02 sys=0.00, real=0.00 secs] 
2223.951: [GC (Allocation Failure) [PSYoungGen: 67936K->1376K(68096K)] 418574K->352014K(736256K), 0.0021603 secs] [Times: user=0.01 sys=0.00, real=0.00 secs] 
2224.293: [GC (Allocation Failure) [PSYoungGen: 67936K->1376K(68096K)] 418574K->352014K(736256K), 0.0022535 secs] [Times: user=0.01 sys=0.00, real=0.00 secs] 
2224.446: [GC (Allocation Failure) [PSYoungGen: 67936K->1533K(68096K)] 418574K->352171K(736256K), 0.0017166 secs] [Times: user=0.01 sys=0.01, real=0.00 secs] 
2224.566: [GC (Allocation Failure) [PSYoungGen: 68093K->1504K(68096K)] 418731K->352142K(736256K), 0.0017296 secs] [Times: user=0.00 sys=0.01, real=0.00 secs] 
2224.685: [GC (Allocation Failure) [PSYoungGen: 68064K->1504K(73216K)] 418702K->352142K(741376K), 0.0017191 secs] [Times: user=0.01 sys=0.00, real=0.00 secs] 
2224.981: [GC (Allocation Failure) [PSYoungGen: 73184K->2016K(73216K)] 423822K->353190K(741376K), 0.0021874 secs] [Times: user=0.01 sys=0.00, real=0.00 secs] 
2226.291: [GC (Allocation Failure) [PSYoungGen: 73184K->1408K(72192K)] 424358K->352582K(740352K), 0.0027558 secs] [Times: user=0.01 sys=0.00, real=0.00 secs] 
2226.873: [GC (Allocation Failure) [PSYoungGen: 72064K->1392K(71680K)] 423238K->352566K(739840K), 0.0027320 secs] [Times: user=0.01 sys=0.00, real=0.00 secs] 
2227.398: [GC (Allocation Failure) [PSYoungGen: 71536K->1408K(71168K)] 422710K->352582K(739328K), 0.0022335 secs] [Times: user=0.01 sys=0.00, real=0.01 secs] 
2227.755: [GC (Allocation Failure) [PSYoungGen: 71040K->1469K(70656K)] 422214K->352643K(738816K), 0.0018974 secs] [Times: user=0.00 sys=0.00, real=0.00 secs] 
2227.925: [GC (Allocation Failure) [PSYoungGen: 70589K->1453K(70144K)] 421763K->352627K(738304K), 0.0019067 secs] [Times: user=0.01 sys=0.00, real=0.00 secs] 
2228.068: [GC (Allocation Failure) [PSYoungGen: 70061K->1517K(69632K)] 421235K->352691K(737792K), 0.0015500 secs] [Times: user=0.01 sys=0.00, real=0.01 secs] 
2228.207: [GC (Allocation Failure) [PSYoungGen: 69613K->1456K(69120K)] 420787K->352646K(737280K), 0.0016562 secs] [Times: user=0.00 sys=0.00, real=0.00 secs] 
2228.514: [GC (Allocation Failure) [PSYoungGen: 69040K->1440K(68608K)] 420230K->352630K(736768K), 0.0023774 secs] [Times: user=0.01 sys=0.00, real=0.00 secs] 
2228.793: [GC (Allocation Failure) [PSYoungGen: 68512K->1408K(68096K)] 419702K->352598K(736256K), 0.0021403 secs] [Times: user=0.01 sys=0.00, real=0.00 secs] 
2229.070: [GC (Allocation Failure) [PSYoungGen: 67968K->1408K(68096K)] 419158K->352598K(736256K), 0.0020690 secs] [Times: user=0.00 sys=0.00, real=0.00 secs] 
2229.347: [GC (Allocation Failure) [PSYoungGen: 67968K->1408K(68608K)] 419158K->352598K(736768K), 0.0020400 secs] [Times: user=0.01 sys=0.00, real=0.01 secs] 
2229.700: [GC (Allocation Failure) [PSYoungGen: 67968K->1469K(68608K)] 419158K->352659K(736768K), 0.0019496 secs] [Times: user=0.01 sys=0.00, real=0.00 secs] 
2229.839: [GC (Allocation Failure) [PSYoungGen: 68029K->1533K(68608K)] 419219K->352723K(736768K), 0.0016830 secs] [Times: user=0.00 sys=0.00, real=0.00 secs] 
2229.957: [GC (Allocation Failure) [PSYoungGen: 68093K->1501K(68608K)] 419283K->352691K(736768K), 0.0017030 secs] [Times: user=0.00 sys=0.00, real=0.01 secs] 
2230.093: [GC (Allocation Failure) [PSYoungGen: 68061K->1533K(68608K)] 419251K->352731K(736768K), 0.0016959 secs] [Times: user=0.00 sys=0.00, real=0.00 secs] 
2232.237: [GC (Allocation Failure) [PSYoungGen: 68093K->1472K(68608K)] 419291K->352678K(736768K), 0.0042323 secs] [Times: user=0.02 sys=0.00, real=0.01 secs] 
2233.025: [GC (Allocation Failure) [PSYoungGen: 68032K->1376K(68608K)] 419238K->352582K(736768K), 0.0022625 secs] [Times: user=0.01 sys=0.00, real=0.00 secs] 
2233.756: [GC (Allocation Failure) [PSYoungGen: 67936K->1408K(68608K)] 419142K->352614K(736768K), 0.0019348 secs] [Times: user=0.01 sys=0.00, real=0.00 secs] 
2234.460: [GC (Allocation Failure) [PSYoungGen: 67968K->1408K(68608K)] 419174K->352614K(736768K), 0.0023064 secs] [Times: user=0.01 sys=0.00, real=0.00 secs] 
2235.400: [GC (Allocation Failure) [PSYoungGen: 67968K->1405K(68608K)] 419174K->352611K(736768K), 0.0038604 secs] [Times: user=0.01 sys=0.00, real=0.00 secs] 
2235.612: [GC (Allocation Failure) [PSYoungGen: 67965K->1533K(68608K)] 419171K->352739K(736768K), 0.0017969 secs] [Times: user=0.01 sys=0.00, real=0.00 secs] 
2235.763: [GC (Allocation Failure) [PSYoungGen: 68093K->1456K(68608K)] 419299K->352662K(736768K), 0.0019138 secs] [Times: user=0.01 sys=0.00, real=0.00 secs] 
2235.925: [GC (Allocation Failure) [PSYoungGen: 68016K->1472K(68608K)] 419222K->352694K(736768K), 0.0020062 secs] [Times: user=0.01 sys=0.00, real=0.00 secs] 
2236.574: [GC (Allocation Failure) [PSYoungGen: 68032K->1984K(68608K)] 419254K->353742K(736768K), 0.0023085 secs] [Times: user=0.01 sys=0.00, real=0.00 secs] 
2237.520: [GC (Allocation Failure) [PSYoungGen: 68544K->1408K(68608K)] 420302K->353166K(736768K), 0.0032434 secs] [Times: user=0.01 sys=0.00, real=0.00 secs] 
2238.407: [GC (Allocation Failure) [PSYoungGen: 67968K->1392K(68608K)] 419726K->353150K(736768K), 0.0027533 secs] [Times: user=0.01 sys=0.00, real=0.01 secs] 
2239.060: [GC (Allocation Failure) [PSYoungGen: 67952K->1408K(68608K)] 419710K->353166K(736768K), 0.0024075 secs] [Times: user=0.01 sys=0.00, real=0.00 secs] 
2239.689: [GC (Allocation Failure) [PSYoungGen: 67968K->1360K(68608K)] 419726K->353118K(736768K), 0.0019837 secs] [Times: user=0.01 sys=0.00, real=0.00 secs] 
2239.926: [GC (Allocation Failure) [PSYoungGen: 67920K->1501K(68608K)] 419678K->353259K(736768K), 0.0016744 secs] [Times: user=0.01 sys=0.00, real=0.00 secs] 
2240.044: [GC (Allocation Failure) [PSYoungGen: 68061K->1453K(68608K)] 419819K->353211K(736768K), 0.0015091 secs] [Times: user=0.01 sys=0.00, real=0.00 secs] 
2240.161: [GC (Allocation Failure) [PSYoungGen: 68013K->1533K(68608K)] 419771K->353315K(736768K), 0.0015437 secs] [Times: user=0.00 sys=0.00, real=0.00 secs] 
2240.278: [GC (Allocation Failure) [PSYoungGen: 68093K->224K(68608K)] 419875K->352006K(736768K), 0.0015083 secs] [Times: user=0.01 sys=0.00, real=0.01 secs] 
2241.027: [GC (Allocation Failure) [PSYoungGen: 66784K->1408K(68608K)] 418566K->353190K(736768K), 0.0023092 secs] [Times: user=0.01 sys=0.00, real=0.01 secs] 
2241.660: [GC (Allocation Failure) [PSYoungGen: 67968K->1376K(68608K)] 419750K->353158K(736768K), 0.0027484 secs] [Times: user=0.01 sys=0.00, real=0.00 secs] 
2242.300: [GC (Allocation Failure) [PSYoungGen: 67936K->1408K(68608K)] 419718K->353190K(736768K), 0.0025205 secs] [Times: user=0.01 sys=0.00, real=0.00 secs] 
2242.863: [GC (Allocation Failure) [PSYoungGen: 67968K->1440K(68608K)] 419750K->353222K(736768K), 0.0021662 secs] [Times: user=0.00 sys=0.00, real=0.00 secs] 
2243.164: [GC (Allocation Failure) [PSYoungGen: 67999K->1501K(68608K)] 419781K->353283K(736768K), 0.0015196 secs] [Times: user=0.01 sys=0.00, real=0.00 secs] 
2243.282: [GC (Allocation Failure) [PSYoungGen: 68061K->1533K(68608K)] 419843K->353315K(736768K), 0.0016386 secs] [Times: user=0.01 sys=0.00, real=0.00 secs] 
2243.398: [GC (Allocation Failure) [PSYoungGen: 68093K->1533K(68608K)] 419875K->353323K(736768K), 0.0015813 secs] [Times: user=0.00 sys=0.00, real=0.01 secs] 
2243.515: [GC (Allocation Failure) [PSYoungGen: 68093K->1501K(68608K)] 419883K->353291K(736768K), 0.0016203 secs] [Times: user=0.01 sys=0.00, real=0.00 secs] 
2244.905: [GC (Allocation Failure) [PSYoungGen: 68061K->1440K(68096K)] 419851K->353230K(736256K), 0.0040744 secs] [Times: user=0.02 sys=0.00, real=0.01 secs] 
2245.788: [GC (Allocation Failure) [PSYoungGen: 68000K->1392K(68096K)] 419790K->353198K(736256K), 0.0044608 secs] [Times: user=0.02 sys=0.01, real=0.01 secs] 
2246.655: [GC (Allocation Failure) [PSYoungGen: 67952K->1408K(68096K)] 419758K->353214K(736256K), 0.0034382 secs] [Times: user=0.02 sys=0.00, real=0.00 secs] 
2247.348: [GC (Allocation Failure) [PSYoungGen: 67968K->1376K(68096K)] 419774K->353182K(736256K), 0.0036679 secs] [Times: user=0.02 sys=0.00, real=0.01 secs] 
2247.917: [GC (Allocation Failure) [PSYoungGen: 67936K->1533K(68096K)] 419742K->353339K(736256K), 0.0022152 secs] [Times: user=0.01 sys=0.00, real=0.01 secs] 
2248.056: [GC (Allocation Failure) [PSYoungGen: 68093K->1485K(68096K)] 419899K->353291K(736256K), 0.0016923 secs] [Times: user=0.01 sys=0.00, real=0.00 secs] 
2248.172: [GC (Allocation Failure) [PSYoungGen: 68045K->1517K(68096K)] 419851K->353323K(736256K), 0.0017689 secs] [Times: user=0.01 sys=0.00, real=0.00 secs] 
2248.290: [GC (Allocation Failure) [PSYoungGen: 68077K->1485K(71680K)] 419883K->353307K(739840K), 0.0018036 secs] [Times: user=0.01 sys=0.00, real=0.00 secs] 
2249.488: [GC (Allocation Failure) [PSYoungGen: 71117K->1488K(75776K)] 422939K->353310K(743936K), 0.0105155 secs] [Times: user=0.02 sys=0.04, real=0.01 secs] 
2250.306: [GC (Allocation Failure) [PSYoungGen: 75216K->1408K(74752K)] 427038K->353230K(742912K), 0.0036687 secs] [Times: user=0.02 sys=0.00, real=0.01 secs] 
2251.088: [GC (Allocation Failure) [PSYoungGen: 74624K->1408K(74240K)] 426446K->353230K(742400K), 0.0032998 secs] [Times: user=0.01 sys=0.00, real=0.01 secs] 
2251.722: [GC (Allocation Failure) [PSYoungGen: 74112K->1376K(73728K)] 425934K->353198K(741888K), 0.0034236 secs] [Times: user=0.01 sys=0.00, real=0.00 secs] 
2252.034: [GC (Allocation Failure) [PSYoungGen: 73568K->1533K(73216K)] 425390K->353355K(741376K), 0.0017776 secs] [Times: user=0.01 sys=0.00, real=0.00 secs] 
2252.159: [GC (Allocation Failure) [PSYoungGen: 73213K->1501K(72704K)] 425035K->353323K(740864K), 0.0016902 secs] [Times: user=0.01 sys=0.00, real=0.00 secs] 
2252.285: [GC (Allocation Failure) [PSYoungGen: 72669K->1501K(72192K)] 424491K->353323K(740352K), 0.0017392 secs] [Times: user=0.01 sys=0.00, real=0.00 secs] 
2253.420: [GC (Allocation Failure) [PSYoungGen: 72157K->1472K(71680K)] 423979K->353294K(739840K), 0.0025430 secs] [Times: user=0.01 sys=0.00, real=0.00 secs] 
2254.040: [GC (Allocation Failure) [PSYoungGen: 71616K->1376K(71168K)] 423438K->353198K(739328K), 0.0024477 secs] [Times: user=0.01 sys=0.00, real=0.00 secs] 
2254.641: [GC (Allocation Failure) [PSYoungGen: 71008K->1440K(70656K)] 422830K->353262K(738816K), 0.0034912 secs] [Times: user=0.02 sys=0.00, real=0.00 secs] 
2255.032: [GC (Allocation Failure) [PSYoungGen: 70560K->1408K(70144K)] 422382K->353230K(738304K), 0.0020519 secs] [Times: user=0.01 sys=0.00, real=0.00 secs] 
2255.416: [GC (Allocation Failure) [PSYoungGen: 70016K->1469K(69632K)] 421838K->353291K(737792K), 0.0022400 secs] [Times: user=0.01 sys=0.00, real=0.00 secs] 
2255.547: [GC (Allocation Failure) [PSYoungGen: 69565K->1533K(69120K)] 421387K->353355K(737280K), 0.0017087 secs] [Times: user=0.01 sys=0.00, real=0.00 secs] 
2255.668: [GC (Allocation Failure) [PSYoungGen: 69117K->1469K(68608K)] 420939K->353291K(736768K), 0.0018146 secs] [Times: user=0.01 sys=0.00, real=0.01 secs] 
2255.787: [GC (Allocation Failure) [PSYoungGen: 68541K->1520K(69120K)] 420363K->353342K(737280K), 0.0016274 secs] [Times: user=0.00 sys=0.00, real=0.01 secs] 
2256.091: [GC (Allocation Failure) [PSYoungGen: 68592K->1408K(68096K)] 420414K->353262K(736256K), 0.0018313 secs] [Times: user=0.00 sys=0.00, real=0.00 secs] 
2256.455: [GC (Allocation Failure) [PSYoungGen: 67968K->1408K(68608K)] 419822K->353262K(736768K), 0.0020845 secs] [Times: user=0.01 sys=0.00, real=0.00 secs] 
2256.732: [GC (Allocation Failure) [PSYoungGen: 67968K->1376K(68608K)] 419822K->353230K(736768K), 0.0021072 secs] [Times: user=0.01 sys=0.00, real=0.00 secs] 
2257.585: [GC (Allocation Failure) [PSYoungGen: 67936K->1408K(68608K)] 419790K->353262K(736768K), 0.0036075 secs] [Times: user=0.01 sys=0.00, real=0.00 secs] 
2258.534: [GC (Allocation Failure) [PSYoungGen: 67968K->1437K(68608K)] 419822K->353291K(736768K), 0.0026308 secs] [Times: user=0.01 sys=0.00, real=0.00 secs] 
2258.760: [GC (Allocation Failure) [PSYoungGen: 67997K->1504K(68608K)] 419851K->353358K(736768K), 0.0028026 secs] [Times: user=0.01 sys=0.00, real=0.00 secs] 
2258.900: [GC (Allocation Failure) [PSYoungGen: 68064K->1488K(68608K)] 419918K->353342K(736768K), 0.0016314 secs] [Times: user=0.01 sys=0.00, real=0.00 secs] 
2259.036: [GC (Allocation Failure) [PSYoungGen: 68048K->1488K(68608K)] 419902K->353358K(736768K), 0.0019361 secs] [Times: user=0.01 sys=0.00, real=0.00 secs] 
2259.537: [GC (Allocation Failure) [PSYoungGen: 68048K->1440K(68608K)] 419918K->353310K(736768K), 0.0036052 secs] [Times: user=0.01 sys=0.00, real=0.01 secs] 
2260.280: [GC (Allocation Failure) [PSYoungGen: 68000K->1376K(68608K)] 419870K->353246K(736768K), 0.0026910 secs] [Times: user=0.01 sys=0.00, real=0.00 secs] 
2260.947: [GC (Allocation Failure) [PSYoungGen: 67936K->1408K(68608K)] 419806K->353278K(736768K), 0.0023767 secs] [Times: user=0.01 sys=0.00, real=0.01 secs] 
2261.602: [GC (Allocation Failure) [PSYoungGen: 67968K->1376K(68608K)] 419838K->353246K(736768K), 0.0042384 secs] [Times: user=0.01 sys=0.00, real=0.00 secs] 
2262.243: [GC (Allocation Failure) [PSYoungGen: 67936K->1424K(68608K)] 419806K->353294K(736768K), 0.0031039 secs] [Times: user=0.02 sys=0.00, real=0.00 secs] 
2262.434: [GC (Allocation Failure) [PSYoungGen: 67984K->1488K(68608K)] 419854K->353358K(736768K), 0.0016137 secs] [Times: user=0.01 sys=0.00, real=0.00 secs] 
2262.550: [GC (Allocation Failure) [PSYoungGen: 68039K->1485K(68608K)] 419910K->353355K(736768K), 0.0015357 secs] [Times: user=0.01 sys=0.00, real=0.00 secs] 
2262.668: [GC (Allocation Failure) [PSYoungGen: 68045K->1517K(68608K)] 419915K->353403K(736768K), 0.0015411 secs] [Times: user=0.01 sys=0.00, real=0.01 secs] 
2262.912: [GC (Allocation Failure) [PSYoungGen: 68077K->1456K(68608K)] 419963K->353342K(736768K), 0.0022220 secs] [Times: user=0.01 sys=0.00, real=0.00 secs] 
2263.189: [GC (Allocation Failure) [PSYoungGen: 68016K->1408K(68608K)] 419902K->353294K(736768K), 0.0020917 secs] [Times: user=0.00 sys=0.00, real=0.00 secs] 
2263.467: [GC (Allocation Failure) [PSYoungGen: 67968K->1408K(68608K)] 419854K->353294K(736768K), 0.0019468 secs] [Times: user=0.01 sys=0.00, real=0.00 secs] 
2263.745: [GC (Allocation Failure) [PSYoungGen: 67968K->1408K(68608K)] 419854K->353294K(736768K), 0.0030708 secs] [Times: user=0.01 sys=0.01, real=0.00 secs] 
2264.064: [GC (Allocation Failure) [PSYoungGen: 67968K->1392K(68608K)] 419854K->353294K(736768K), 0.0025922 secs] [Times: user=0.01 sys=0.00, real=0.00 secs] 
2264.231: [GC (Allocation Failure) [PSYoungGen: 67932K->1533K(68608K)] 419835K->353435K(736768K), 0.0015316 secs] [Times: user=0.01 sys=0.00, real=0.00 secs] 
2264.348: [GC (Allocation Failure) [PSYoungGen: 68093K->1501K(68608K)] 419995K->353403K(736768K), 0.0015329 secs] [Times: user=0.00 sys=0.00, real=0.01 secs] 
2264.465: [GC (Allocation Failure) [PSYoungGen: 68061K->1485K(68608K)] 419963K->353411K(736768K), 0.0015574 secs] [Times: user=0.01 sys=0.00, real=0.00 secs] 
2264.753: [GC (Allocation Failure) [PSYoungGen: 68045K->1968K(68608K)] 419971K->353894K(736768K), 0.0018590 secs] [Times: user=0.01 sys=0.01, real=0.00 secs] 
2265.494: [GC (Allocation Failure) [PSYoungGen: 68528K->1376K(68608K)] 420454K->353302K(736768K), 0.0019363 secs] [Times: user=0.01 sys=0.00, real=0.00 secs] 
2266.225: [GC (Allocation Failure) [PSYoungGen: 67936K->1408K(68608K)] 419862K->353334K(736768K), 0.0023950 secs] [Times: user=0.01 sys=0.00, real=0.00 secs] 
2267.178: [GC (Allocation Failure) [PSYoungGen: 67968K->1408K(68608K)] 419894K->353334K(736768K), 0.0028654 secs] [Times: user=0.01 sys=0.00, real=0.01 secs] 
2268.372: [GC (Allocation Failure) [PSYoungGen: 67968K->1408K(68608K)] 419894K->353334K(736768K), 0.0039640 secs] [Times: user=0.02 sys=0.00, real=0.00 secs] 
2268.901: [GC (Allocation Failure) [PSYoungGen: 67968K->1533K(68608K)] 419894K->353459K(736768K), 0.0021946 secs] [Times: user=0.01 sys=0.00, real=0.00 secs] 
2269.069: [GC (Allocation Failure) [PSYoungGen: 68093K->1501K(68608K)] 420019K->353427K(736768K), 0.0017007 secs] [Times: user=0.01 sys=0.01, real=0.01 secs] 
2269.222: [GC (Allocation Failure) [PSYoungGen: 68061K->1456K(68608K)] 419987K->353398K(736768K), 0.0017701 secs] [Times: user=0.01 sys=0.00, real=0.00 secs] 
2269.340: [GC (Allocation Failure) [PSYoungGen: 68016K->1456K(68608K)] 419958K->353398K(736768K), 0.0017257 secs] [Times: user=0.01 sys=0.00, real=0.00 secs] 
2269.805: [GC (Allocation Failure) [PSYoungGen: 68016K->1408K(68608K)] 419958K->353350K(736768K), 0.0020915 secs] [Times: user=0.00 sys=0.00, real=0.00 secs] 
2270.082: [GC (Allocation Failure) [PSYoungGen: 67968K->1408K(68608K)] 419910K->353350K(736768K), 0.0021307 secs] [Times: user=0.01 sys=0.00, real=0.00 secs] 
2270.359: [GC (Allocation Failure) [PSYoungGen: 67968K->1408K(68608K)] 419910K->353350K(736768K), 0.0021054 secs] [Times: user=0.00 sys=0.00, real=0.00 secs] 
2270.635: [GC (Allocation Failure) [PSYoungGen: 67968K->1408K(68608K)] 419910K->353350K(736768K), 0.0021792 secs] [Times: user=0.01 sys=0.00, real=0.00 secs] 
2270.920: [GC (Allocation Failure) [PSYoungGen: 67968K->1501K(68608K)] 419910K->353443K(736768K), 0.0021089 secs] [Times: user=0.01 sys=0.00, real=0.00 secs] 
2271.121: [GC (Allocation Failure) [PSYoungGen: 68061K->1485K(68608K)] 420003K->353427K(736768K), 0.0020744 secs] [Times: user=0.00 sys=0.00, real=0.00 secs] 
2271.259: [GC (Allocation Failure) [PSYoungGen: 68045K->1533K(68608K)] 419987K->353483K(736768K), 0.0018608 secs] [Times: user=0.01 sys=0.00, real=0.00 secs] 
2271.396: [GC (Allocation Failure) [PSYoungGen: 68093K->1488K(68608K)] 420043K->353438K(736768K), 0.0019775 secs] [Times: user=0.01 sys=0.00, real=0.00 secs] 
2272.416: [GC (Allocation Failure) [PSYoungGen: 68048K->1472K(68096K)] 419998K->353422K(736256K), 0.0030275 secs] [Times: user=0.01 sys=0.01, real=0.01 secs] 
2273.336: [GC (Allocation Failure) [PSYoungGen: 68032K->1440K(68096K)] 419982K->353390K(736256K), 0.0033682 secs] [Times: user=0.01 sys=0.00, real=0.01 secs] 
2273.641: [GC (Allocation Failure) [PSYoungGen: 68000K->1408K(68096K)] 419950K->353358K(736256K), 0.0021404 secs] [Times: user=0.01 sys=0.00, real=0.00 secs] 
2274.021: [GC (Allocation Failure) [PSYoungGen: 67968K->1440K(68096K)] 419918K->353406K(736256K), 0.0022759 secs] [Times: user=0.01 sys=0.00, real=0.00 secs] 
2274.555: [GC (Allocation Failure) [PSYoungGen: 68000K->1501K(68096K)] 419966K->353467K(736256K), 0.0021203 secs] [Times: user=0.01 sys=0.00, real=0.00 secs] 
2274.727: [GC (Allocation Failure) [PSYoungGen: 68061K->1533K(68096K)] 420027K->353499K(736256K), 0.0022753 secs] [Times: user=0.01 sys=0.00, real=0.01 secs] 
2274.873: [GC (Allocation Failure) [PSYoungGen: 68093K->1469K(68096K)] 420059K->353435K(736256K), 0.0017569 secs] [Times: user=0.01 sys=0.00, real=0.00 secs] 
2274.990: [GC (Allocation Failure) [PSYoungGen: 68029K->1533K(72192K)] 419995K->353515K(740352K), 0.0018257 secs] [Times: user=0.00 sys=0.00, real=0.00 secs] 
2276.401: [GC (Allocation Failure) [PSYoungGen: 71677K->1456K(71168K)] 423659K->353438K(739328K), 0.0035372 secs] [Times: user=0.01 sys=0.00, real=0.00 secs] 
2276.816: [GC (Allocation Failure) [PSYoungGen: 71088K->1440K(70656K)] 423070K->353422K(738816K), 0.0021741 secs] [Times: user=0.01 sys=0.00, real=0.00 secs] 
2277.119: [GC (Allocation Failure) [PSYoungGen: 70560K->1408K(70144K)] 422542K->353390K(738304K), 0.0020421 secs] [Times: user=0.01 sys=0.00, real=0.01 secs] 
2277.416: [GC (Allocation Failure) [PSYoungGen: 70016K->1408K(69632K)] 421998K->353390K(737792K), 0.0019814 secs] [Times: user=0.01 sys=0.00, real=0.00 secs] 
2277.670: [GC (Allocation Failure) [PSYoungGen: 69504K->1485K(69120K)] 421486K->353467K(737280K), 0.0016582 secs] [Times: user=0.01 sys=0.00, real=0.00 secs] 
2277.809: [GC (Allocation Failure) [PSYoungGen: 69069K->1456K(68608K)] 421051K->353438K(736768K), 0.0019754 secs] [Times: user=0.00 sys=0.00, real=0.01 secs] 
2277.962: [GC (Allocation Failure) [PSYoungGen: 68528K->1533K(68096K)] 420510K->353515K(736256K), 0.0017922 secs] [Times: user=0.01 sys=0.00, real=0.00 secs] 
2278.081: [GC (Allocation Failure) [PSYoungGen: 68070K->1533K(72192K)] 420052K->353523K(740352K), 0.0017898 secs] [Times: user=0.01 sys=0.00, real=0.00 secs] 
2278.465: [GC (Allocation Failure) [PSYoungGen: 71677K->1472K(71168K)] 423667K->353462K(739328K), 0.0020413 secs] [Times: user=0.00 sys=0.00, real=0.00 secs] 
2278.754: [GC (Allocation Failure) [PSYoungGen: 71104K->1408K(70656K)] 423094K->353398K(738816K), 0.0022598 secs] [Times: user=0.01 sys=0.00, real=0.00 secs] 
2279.041: [GC (Allocation Failure) [PSYoungGen: 70528K->1376K(70144K)] 422518K->353366K(738304K), 0.0018997 secs] [Times: user=0.01 sys=0.00, real=0.00 secs] 
2279.326: [GC (Allocation Failure) [PSYoungGen: 69984K->1344K(69632K)] 421974K->353334K(737792K), 0.0030899 secs] [Times: user=0.01 sys=0.00, real=0.01 secs] 
2279.577: [GC (Allocation Failure) [PSYoungGen: 69440K->1453K(69120K)] 421430K->353443K(737280K), 0.0016983 secs] [Times: user=0.01 sys=0.00, real=0.01 secs] 
2279.697: [GC (Allocation Failure) [PSYoungGen: 69037K->1456K(73216K)] 421027K->353446K(741376K), 0.0022784 secs] [Times: user=0.00 sys=0.00, real=0.01 secs] 
2279.824: [GC (Allocation Failure) [PSYoungGen: 72624K->1501K(76800K)] 424614K->353491K(744960K), 0.0016023 secs] [Times: user=0.01 sys=0.00, real=0.00 secs] 
2280.098: [GC (Allocation Failure) [PSYoungGen: 76253K->1440K(76800K)] 428243K->353430K(744960K), 0.0019999 secs] [Times: user=0.01 sys=0.00, real=0.01 secs] 
2280.465: [GC (Allocation Failure) [PSYoungGen: 76192K->1408K(75776K)] 428182K->353398K(743936K), 0.0020937 secs] [Times: user=0.01 sys=0.00, real=0.00 secs] 
2280.982: [GC (Allocation Failure) [PSYoungGen: 75648K->1408K(75264K)] 427638K->353398K(743424K), 0.0023202 secs] [Times: user=0.01 sys=0.00, real=0.00 secs] 
2281.519: [GC (Allocation Failure) [PSYoungGen: 75136K->1408K(74752K)] 427126K->353398K(742912K), 0.0023555 secs] [Times: user=0.01 sys=0.00, real=0.01 secs] 
2282.118: [GC (Allocation Failure) [PSYoungGen: 74624K->1469K(74240K)] 426614K->353459K(742400K), 0.0020398 secs] [Times: user=0.00 sys=0.00, real=0.01 secs] 
2282.310: [GC (Allocation Failure) [PSYoungGen: 74173K->1533K(73728K)] 426163K->353523K(741888K), 0.0020079 secs] [Times: user=0.00 sys=0.00, real=0.00 secs] 
2282.467: [GC (Allocation Failure) [PSYoungGen: 73725K->1485K(73216K)] 425715K->353475K(741376K), 0.0016039 secs] [Times: user=0.01 sys=0.00, real=0.01 secs] 
2282.593: [GC (Allocation Failure) [PSYoungGen: 73165K->1469K(72704K)] 425155K->353459K(740864K), 0.0017825 secs] [Times: user=0.01 sys=0.00, real=0.00 secs] 
2283.525: [GC (Allocation Failure) [PSYoungGen: 72637K->1472K(72192K)] 424627K->353470K(740352K), 0.0034966 secs] [Times: user=0.01 sys=0.00, real=0.00 secs] 
2284.187: [GC (Allocation Failure) [PSYoungGen: 72128K->1408K(71680K)] 424126K->353430K(739840K), 0.0032809 secs] [Times: user=0.01 sys=0.00, real=0.01 secs] 
2284.909: [GC (Allocation Failure) [PSYoungGen: 71552K->1408K(71168K)] 423574K->353430K(739328K), 0.0028301 secs] [Times: user=0.01 sys=0.00, real=0.00 secs] 
2285.864: [GC (Allocation Failure) [PSYoungGen: 71040K->1408K(70656K)] 423062K->353430K(738816K), 0.0027722 secs] [Times: user=0.02 sys=0.00, real=0.00 secs] 
2286.215: [GC (Allocation Failure) [PSYoungGen: 70528K->1533K(70144K)] 422550K->353555K(738304K), 0.0018127 secs] [Times: user=0.00 sys=0.00, real=0.00 secs] 
2286.378: [GC (Allocation Failure) [PSYoungGen: 70141K->1501K(69632K)] 422163K->353523K(737792K), 0.0018498 secs] [Times: user=0.01 sys=0.00, real=0.01 secs] 
2286.508: [GC (Allocation Failure) [PSYoungGen: 69597K->1501K(69120K)] 421619K->353523K(737280K), 0.0017170 secs] [Times: user=0.01 sys=0.00, real=0.01 secs] 
2286.629: [GC (Allocation Failure) [PSYoungGen: 69085K->1501K(68608K)] 421107K->353531K(736768K), 0.0017245 secs] [Times: user=0.01 sys=0.00, real=0.00 secs] 
2287.285: [GC (Allocation Failure) [PSYoungGen: 68573K->1440K(68096K)] 420603K->353470K(736256K), 0.0030426 secs] [Times: user=0.02 sys=0.00, real=0.00 secs] 
2287.896: [GC (Allocation Failure) [PSYoungGen: 68000K->1408K(68096K)] 420030K->353438K(736256K), 0.0022869 secs] [Times: user=0.01 sys=0.00, real=0.00 secs] 
2288.540: [GC (Allocation Failure) [PSYoungGen: 67968K->1440K(68096K)] 419998K->353470K(736256K), 0.0026378 secs] [Times: user=0.01 sys=0.00, real=0.00 secs] 
2289.632: [GC (Allocation Failure) [PSYoungGen: 68000K->1424K(68096K)] 420030K->353454K(736256K), 0.0028097 secs] [Times: user=0.01 sys=0.00, real=0.00 secs] 
2290.136: [GC (Allocation Failure) [PSYoungGen: 67960K->1469K(68096K)] 419990K->353499K(736256K), 0.0021422 secs] [Times: user=0.01 sys=0.00, real=0.00 secs] 
2290.263: [GC (Allocation Failure) [PSYoungGen: 68029K->1453K(68096K)] 420059K->353483K(736256K), 0.0017141 secs] [Times: user=0.00 sys=0.00, real=0.00 secs] 
2290.379: [GC (Allocation Failure) [PSYoungGen: 68013K->1469K(68096K)] 420043K->353499K(736256K), 0.0016746 secs] [Times: user=0.01 sys=0.00, real=0.00 secs] 
2290.497: [GC (Allocation Failure) [PSYoungGen: 68029K->1501K(68096K)] 420059K->353547K(736256K), 0.0015569 secs] [Times: user=0.01 sys=0.00, real=0.00 secs] 
2291.450: [GC (Allocation Failure) [PSYoungGen: 68061K->1440K(68096K)] 420107K->353486K(736256K), 0.0027529 secs] [Times: user=0.01 sys=0.00, real=0.00 secs] 
2292.530: [GC (Allocation Failure) [PSYoungGen: 68000K->1408K(68096K)] 420046K->353454K(736256K), 0.0022335 secs] [Times: user=0.01 sys=0.00, real=0.00 secs] 
2293.253: [GC (Allocation Failure) [PSYoungGen: 67968K->1408K(68096K)] 420014K->353454K(736256K), 0.0021970 secs] [Times: user=0.01 sys=0.00, real=0.00 secs] 
2293.975: [GC (Allocation Failure) [PSYoungGen: 67968K->1424K(68096K)] 420014K->353470K(736256K), 0.0021201 secs] [Times: user=0.00 sys=0.00, real=0.00 secs] 
2294.373: [GC (Allocation Failure) [PSYoungGen: 67984K->1456K(68096K)] 420030K->353502K(736256K), 0.0017700 secs] [Times: user=0.00 sys=0.00, real=0.00 secs] 
2294.491: [GC (Allocation Failure) [PSYoungGen: 68016K->1456K(68096K)] 420062K->353502K(736256K), 0.0015911 secs] [Times: user=0.01 sys=0.00, real=0.00 secs] 
2294.608: [GC (Allocation Failure) [PSYoungGen: 68016K->1504K(68096K)] 420062K->353550K(736256K), 0.0016039 secs] [Times: user=0.00 sys=0.00, real=0.01 secs] 
2294.726: [GC (Allocation Failure) [PSYoungGen: 68064K->509K(67072K)] 420110K->353603K(735232K), 0.0015356 secs] [Times: user=0.01 sys=0.00, real=0.00 secs] 
2295.063: [GC (Allocation Failure) [PSYoungGen: 67069K->1440K(68608K)] 420163K->354534K(736768K), 0.0019774 secs] [Times: user=0.01 sys=0.00, real=0.00 secs] 
2295.340: [GC (Allocation Failure) [PSYoungGen: 68000K->1440K(68608K)] 421094K->354534K(736768K), 0.0019168 secs] [Times: user=0.01 sys=0.00, real=0.00 secs] 
2295.616: [GC (Allocation Failure) [PSYoungGen: 68000K->1376K(68608K)] 421094K->354502K(736768K), 0.0020509 secs] [Times: user=0.01 sys=0.00, real=0.00 secs] 
2295.893: [GC (Allocation Failure) [PSYoungGen: 67936K->1440K(68608K)] 421062K->354566K(736768K), 0.0019902 secs] [Times: user=0.01 sys=0.00, real=0.00 secs] 
2296.364: [GC (Allocation Failure) [PSYoungGen: 68000K->1501K(68608K)] 421126K->354627K(736768K), 0.0019667 secs] [Times: user=0.01 sys=0.00, real=0.00 secs] 
2296.483: [GC (Allocation Failure) [PSYoungGen: 68061K->1533K(68608K)] 421187K->354659K(736768K), 0.0015820 secs] [Times: user=0.01 sys=0.00, real=0.00 secs] 
2296.600: [GC (Allocation Failure) [PSYoungGen: 68093K->1501K(68608K)] 421219K->354627K(736768K), 0.0018294 secs] [Times: user=0.00 sys=0.00, real=0.00 secs] 
2296.717: [GC (Allocation Failure) [PSYoungGen: 68061K->1485K(75264K)] 421187K->354627K(743424K), 0.0015764 secs] [Times: user=0.00 sys=0.00, real=0.01 secs] 
2297.230: [GC (Allocation Failure) [PSYoungGen: 74701K->1488K(74240K)] 427843K->354630K(742400K), 0.0021690 secs] [Times: user=0.01 sys=0.00, real=0.00 secs] 
2297.817: [GC (Allocation Failure) [PSYoungGen: 74192K->1408K(73728K)] 427334K->354550K(741888K), 0.0045274 secs] [Times: user=0.02 sys=0.01, real=0.01 secs] 
2298.620: [GC (Allocation Failure) [PSYoungGen: 73600K->1440K(73216K)] 426742K->354582K(741376K), 0.0036353 secs] [Times: user=0.02 sys=0.00, real=0.00 secs] 
2299.345: [GC (Allocation Failure) [PSYoungGen: 73120K->1376K(72704K)] 426262K->354518K(740864K), 0.0029381 secs] [Times: user=0.01 sys=0.00, real=0.00 secs] 
2299.623: [GC (Allocation Failure) [PSYoungGen: 72544K->1456K(72192K)] 425686K->354598K(740352K), 0.0015851 secs] [Times: user=0.01 sys=0.00, real=0.00 secs] 
2299.747: [GC (Allocation Failure) [PSYoungGen: 72112K->1501K(71680K)] 425254K->354643K(739840K), 0.0017746 secs] [Times: user=0.00 sys=0.00, real=0.00 secs] 
2299.877: [GC (Allocation Failure) [PSYoungGen: 71645K->1520K(71168K)] 424787K->354662K(739328K), 0.0016562 secs] [Times: user=0.00 sys=0.00, real=0.00 secs] 
2300.066: [GC (Allocation Failure) [PSYoungGen: 71152K->1952K(71168K)] 424294K->355094K(739328K), 0.0016547 secs] [Times: user=0.01 sys=0.00, real=0.00 secs] 
2300.679: [GC (Allocation Failure) [PSYoungGen: 71072K->1376K(70144K)] 424214K->354518K(738304K), 0.0041944 secs] [Times: user=0.02 sys=0.00, real=0.00 secs] 
2301.293: [GC (Allocation Failure) [PSYoungGen: 69984K->1344K(69632K)] 423126K->354486K(737792K), 0.0029378 secs] [Times: user=0.02 sys=0.01, real=0.00 secs] 
2301.825: [GC (Allocation Failure) [PSYoungGen: 69440K->1408K(69120K)] 422582K->354550K(737280K), 0.0031671 secs] [Times: user=0.01 sys=0.00, real=0.00 secs] 
2302.410: [GC (Allocation Failure) [PSYoungGen: 68992K->1408K(68608K)] 422134K->354550K(736768K), 0.0027525 secs] [Times: user=0.01 sys=0.00, real=0.00 secs] 
2302.716: [GC (Allocation Failure) [PSYoungGen: 68480K->1504K(68096K)] 421622K->354646K(736256K), 0.0020734 secs] [Times: user=0.01 sys=0.00, real=0.00 secs] 
2302.856: [GC (Allocation Failure) [PSYoungGen: 68064K->1485K(68096K)] 421206K->354627K(736256K), 0.0015614 secs] [Times: user=0.00 sys=0.00, real=0.00 secs] 
2302.991: [GC (Allocation Failure) [PSYoungGen: 68045K->1565K(68608K)] 421187K->354707K(736768K), 0.0018871 secs] [Times: user=0.01 sys=0.00, real=0.00 secs] 
2303.265: [GC (Allocation Failure) [PSYoungGen: 68125K->1952K(68608K)] 421267K->355094K(736768K), 0.0017998 secs] [Times: user=0.01 sys=0.00, real=0.00 secs] 
2304.025: [GC (Allocation Failure) [PSYoungGen: 68512K->1408K(68608K)] 421654K->354550K(736768K), 0.0035696 secs] [Times: user=0.01 sys=0.00, real=0.00 secs] 
2304.902: [GC (Allocation Failure) [PSYoungGen: 67968K->1408K(68608K)] 421110K->354574K(736768K), 0.0033947 secs] [Times: user=0.01 sys=0.00, real=0.00 secs] 
2305.948: [GC (Allocation Failure) [PSYoungGen: 67968K->1376K(68608K)] 421134K->354550K(736768K), 0.0034602 secs] [Times: user=0.01 sys=0.00, real=0.01 secs] 
2306.819: [GC (Allocation Failure) [PSYoungGen: 67936K->1408K(68608K)] 421110K->354582K(736768K), 0.0035444 secs] [Times: user=0.01 sys=0.00, real=0.00 secs] 
2307.560: [GC (Allocation Failure) [PSYoungGen: 67968K->1533K(68608K)] 421142K->354707K(736768K), 0.0019574 secs] [Times: user=0.01 sys=0.00, real=0.00 secs] 
2307.692: [GC (Allocation Failure) [PSYoungGen: 68093K->1469K(68608K)] 421267K->354643K(736768K), 0.0016708 secs] [Times: user=0.01 sys=0.00, real=0.00 secs] 
2307.811: [GC (Allocation Failure) [PSYoungGen: 68029K->1501K(68608K)] 421203K->354691K(736768K), 0.0016997 secs] [Times: user=0.01 sys=0.00, real=0.00 secs] 
2307.931: [GC (Allocation Failure) [PSYoungGen: 68061K->1453K(68608K)] 421251K->354643K(736768K), 0.0016846 secs] [Times: user=0.01 sys=0.00, real=0.00 secs] 
2308.947: [GC (Allocation Failure) [PSYoungGen: 68013K->1440K(68608K)] 421203K->354630K(736768K), 0.0027350 secs] [Times: user=0.01 sys=0.00, real=0.01 secs] 
2309.786: [GC (Allocation Failure) [PSYoungGen: 68000K->1392K(68608K)] 421190K->354582K(736768K), 0.0033510 secs] [Times: user=0.02 sys=0.00, real=0.01 secs] 
2310.517: [GC (Allocation Failure) [PSYoungGen: 67952K->1440K(68608K)] 421142K->354630K(736768K), 0.0033265 secs] [Times: user=0.02 sys=0.00, real=0.01 secs] 
2311.071: [GC (Allocation Failure) [PSYoungGen: 68000K->1440K(68608K)] 421190K->354630K(736768K), 0.0023152 secs] [Times: user=0.00 sys=0.00, real=0.00 secs] 
2311.824: [GC (Allocation Failure) [PSYoungGen: 68000K->1533K(68608K)] 421190K->354723K(736768K), 0.0020100 secs] [Times: user=0.01 sys=0.00, real=0.00 secs] 
2311.998: [GC (Allocation Failure) [PSYoungGen: 68093K->1504K(68608K)] 421283K->354694K(736768K), 0.0020025 secs] [Times: user=0.00 sys=0.00, real=0.01 secs] 
2312.150: [GC (Allocation Failure) [PSYoungGen: 68064K->1501K(68608K)] 421254K->354699K(736768K), 0.0016288 secs] [Times: user=0.01 sys=0.01, real=0.00 secs] 
2312.267: [GC (Allocation Failure) [PSYoungGen: 68061K->1453K(68608K)] 421259K->354651K(736768K), 0.0015930 secs] [Times: user=0.01 sys=0.00, real=0.01 secs] 
2313.160: [GC (Allocation Failure) [PSYoungGen: 68013K->1408K(68608K)] 421211K->354606K(736768K), 0.0044028 secs] [Times: user=0.01 sys=0.00, real=0.00 secs] 
2314.350: [GC (Allocation Failure) [PSYoungGen: 67968K->1376K(68608K)] 421166K->354574K(736768K), 0.0041509 secs] [Times: user=0.01 sys=0.00, real=0.00 secs] 
2315.210: [GC (Allocation Failure) [PSYoungGen: 67936K->1440K(68608K)] 421134K->354638K(736768K), 0.0032160 secs] [Times: user=0.01 sys=0.00, real=0.00 secs] 
2315.978: [GC (Allocation Failure) [PSYoungGen: 68000K->1376K(68608K)] 421198K->354574K(736768K), 0.0023417 secs] [Times: user=0.01 sys=0.00, real=0.01 secs] 
2316.495: [GC (Allocation Failure) [PSYoungGen: 67936K->1453K(68608K)] 421134K->354651K(736768K), 0.0017491 secs] [Times: user=0.00 sys=0.00, real=0.00 secs] 
2316.622: [GC (Allocation Failure) [PSYoungGen: 68013K->1469K(68608K)] 421211K->354667K(736768K), 0.0015435 secs] [Times: user=0.01 sys=0.00, real=0.00 secs] 
2316.739: [GC (Allocation Failure) [PSYoungGen: 68029K->1453K(68608K)] 421227K->354651K(736768K), 0.0015956 secs] [Times: user=0.01 sys=0.00, real=0.01 secs] 
2316.855: [GC (Allocation Failure) [PSYoungGen: 68013K->1533K(68608K)] 421211K->354755K(736768K), 0.0018412 secs] [Times: user=0.00 sys=0.00, real=0.00 secs] 
2317.889: [GC (Allocation Failure) [PSYoungGen: 68093K->1440K(68608K)] 421315K->354662K(736768K), 0.0042338 secs] [Times: user=0.01 sys=0.00, real=0.00 secs] 
2318.830: [GC (Allocation Failure) [PSYoungGen: 68000K->1376K(68608K)] 421222K->354598K(736768K), 0.0028283 secs] [Times: user=0.01 sys=0.00, real=0.00 secs] 
2319.575: [GC (Allocation Failure) [PSYoungGen: 67936K->1440K(68608K)] 421158K->354662K(736768K), 0.0021925 secs] [Times: user=0.01 sys=0.00, real=0.00 secs] 
2321.002: [GC (Allocation Failure) [PSYoungGen: 68000K->1376K(68608K)] 421222K->354598K(736768K), 0.0039410 secs] [Times: user=0.02 sys=0.00, real=0.00 secs] 
2322.024: [GC (Allocation Failure) [PSYoungGen: 67936K->1520K(68608K)] 421158K->354742K(736768K), 0.0024270 secs] [Times: user=0.01 sys=0.00, real=0.00 secs] 
2322.185: [GC (Allocation Failure) [PSYoungGen: 68080K->1453K(68608K)] 421302K->354675K(736768K), 0.0017511 secs] [Times: user=0.01 sys=0.00, real=0.00 secs] 
2322.320: [GC (Allocation Failure) [PSYoungGen: 68013K->1469K(68608K)] 421235K->354691K(736768K), 0.0017689 secs] [Times: user=0.00 sys=0.00, real=0.00 secs] 
2322.471: [GC (Allocation Failure) [PSYoungGen: 68029K->1488K(68608K)] 421251K->354726K(736768K), 0.0017626 secs] [Times: user=0.01 sys=0.00, real=0.00 secs] 
2323.273: [GC (Allocation Failure) [PSYoungGen: 68048K->1472K(68608K)] 421286K->354710K(736768K), 0.0022996 secs] [Times: user=0.01 sys=0.00, real=0.00 secs] 
2323.551: [GC (Allocation Failure) [PSYoungGen: 68032K->1376K(68608K)] 421270K->354614K(736768K), 0.0021361 secs] [Times: user=0.01 sys=0.01, real=0.00 secs] 
2324.127: [GC (Allocation Failure) [PSYoungGen: 67936K->1408K(68608K)] 421174K->354646K(736768K), 0.0023167 secs] [Times: user=0.01 sys=0.00, real=0.01 secs] 
2324.806: [GC (Allocation Failure) [PSYoungGen: 67968K->1408K(68608K)] 421206K->354646K(736768K), 0.0029232 secs] [Times: user=0.01 sys=0.00, real=0.01 secs] 
2325.456: [GC (Allocation Failure) [PSYoungGen: 67968K->1469K(68608K)] 421206K->354707K(736768K), 0.0021213 secs] [Times: user=0.00 sys=0.00, real=0.00 secs] 
2325.603: [GC (Allocation Failure) [PSYoungGen: 68029K->1501K(68608K)] 421267K->354739K(736768K), 0.0015821 secs] [Times: user=0.01 sys=0.00, real=0.00 secs] 
2325.720: [GC (Allocation Failure) [PSYoungGen: 68061K->1485K(68608K)] 421299K->354723K(736768K), 0.0017577 secs] [Times: user=0.00 sys=0.00, real=0.00 secs] 
2325.837: [GC (Allocation Failure) [PSYoungGen: 68045K->1469K(68608K)] 421283K->354723K(736768K), 0.0016013 secs] [Times: user=0.00 sys=0.00, real=0.00 secs] 
2326.600: [GC (Allocation Failure) [PSYoungGen: 68029K->1440K(68608K)] 421283K->354718K(736768K), 0.0023477 secs] [Times: user=0.01 sys=0.00, real=0.00 secs] 
2327.245: [GC (Allocation Failure) [PSYoungGen: 68000K->1408K(68608K)] 421278K->354686K(736768K), 0.0027061 secs] [Times: user=0.01 sys=0.00, real=0.00 secs] 
2327.623: [GC (Allocation Failure) [PSYoungGen: 67968K->1408K(68608K)] 421246K->354686K(736768K), 0.0020772 secs] [Times: user=0.01 sys=0.00, real=0.00 secs] 
2328.143: [GC (Allocation Failure) [PSYoungGen: 67968K->1376K(68608K)] 421246K->354654K(736768K), 0.0022122 secs] [Times: user=0.01 sys=0.00, real=0.00 secs] 
2328.613: [GC (Allocation Failure) [PSYoungGen: 67936K->1424K(68608K)] 421214K->354702K(736768K), 0.0021942 secs] [Times: user=0.01 sys=0.00, real=0.00 secs] 
2328.783: [GC (Allocation Failure) [PSYoungGen: 67984K->1565K(68608K)] 421262K->354843K(736768K), 0.0021018 secs] [Times: user=0.01 sys=0.00, real=0.00 secs] 
2328.933: [GC (Allocation Failure) [PSYoungGen: 68124K->1469K(68608K)] 421402K->354747K(736768K), 0.0018175 secs] [Times: user=0.01 sys=0.00, real=0.00 secs] 
2329.052: [GC (Allocation Failure) [PSYoungGen: 68029K->1501K(68608K)] 421307K->354795K(736768K), 0.0015049 secs] [Times: user=0.01 sys=0.00, real=0.00 secs] 
2329.531: [GC (Allocation Failure) [PSYoungGen: 68061K->1472K(68608K)] 421355K->354766K(736768K), 0.0035693 secs] [Times: user=0.01 sys=0.00, real=0.00 secs] 
2330.233: [GC (Allocation Failure) [PSYoungGen: 68032K->1376K(68608K)] 421326K->354670K(736768K), 0.0031772 secs] [Times: user=0.02 sys=0.00, real=0.00 secs] 
2331.162: [GC (Allocation Failure) [PSYoungGen: 67936K->1408K(68608K)] 421230K->354702K(736768K), 0.0028795 secs] [Times: user=0.01 sys=0.00, real=0.00 secs] 
2331.907: [GC (Allocation Failure) [PSYoungGen: 67968K->1408K(68608K)] 421262K->354702K(736768K), 0.0032270 secs] [Times: user=0.02 sys=0.00, real=0.01 secs] 
2332.652: [GC (Allocation Failure) [PSYoungGen: 67968K->1501K(68608K)] 421262K->354795K(736768K), 0.0026469 secs] [Times: user=0.01 sys=0.00, real=0.00 secs] 
2332.838: [GC (Allocation Failure) [PSYoungGen: 68061K->1501K(68608K)] 421355K->354795K(736768K), 0.0015498 secs] [Times: user=0.01 sys=0.00, real=0.01 secs] 
2332.972: [GC (Allocation Failure) [PSYoungGen: 68061K->1488K(68608K)] 421355K->354782K(736768K), 0.0017013 secs] [Times: user=0.01 sys=0.00, real=0.00 secs] 
2333.122: [GC (Allocation Failure) [PSYoungGen: 68048K->1520K(68608K)] 421342K->354830K(736768K), 0.0018421 secs] [Times: user=0.01 sys=0.00, real=0.00 secs] 
2333.541: [GC (Allocation Failure) [PSYoungGen: 68080K->1472K(68608K)] 421390K->354782K(736768K), 0.0030904 secs] [Times: user=0.01 sys=0.00, real=0.00 secs] 
2334.039: [GC (Allocation Failure) [PSYoungGen: 68032K->1376K(68608K)] 421342K->354686K(736768K), 0.0022647 secs] [Times: user=0.01 sys=0.00, real=0.00 secs] 
2334.316: [GC (Allocation Failure) [PSYoungGen: 67936K->1408K(68608K)] 421246K->354718K(736768K), 0.0021193 secs] [Times: user=0.01 sys=0.00, real=0.00 secs] 
2334.660: [GC (Allocation Failure) [PSYoungGen: 67968K->1376K(68608K)] 421278K->354686K(736768K), 0.0021235 secs] [Times: user=0.01 sys=0.00, real=0.00 secs] 
2335.236: [GC (Allocation Failure) [PSYoungGen: 67936K->1501K(68608K)] 421246K->354835K(736768K), 0.0025416 secs] [Times: user=0.01 sys=0.00, real=0.00 secs] 
2335.447: [GC (Allocation Failure) [PSYoungGen: 68061K->1533K(68608K)] 421395K->354867K(736768K), 0.0020225 secs] [Times: user=0.01 sys=0.00, real=0.01 secs] 
2335.617: [GC (Allocation Failure) [PSYoungGen: 68093K->1469K(68608K)] 421427K->354803K(736768K), 0.0019229 secs] [Times: user=0.01 sys=0.00, real=0.01 secs] 
2335.769: [GC (Allocation Failure) [PSYoungGen: 68029K->1485K(68608K)] 421363K->354835K(736768K), 0.0017587 secs] [Times: user=0.00 sys=0.00, real=0.00 secs] 
2336.063: [GC (Allocation Failure) [PSYoungGen: 68045K->1472K(68608K)] 421395K->354822K(736768K), 0.0019559 secs] [Times: user=0.01 sys=0.00, real=0.00 secs] 
2336.660: [GC (Allocation Failure) [PSYoungGen: 68032K->1408K(68608K)] 421382K->354758K(736768K), 0.0028855 secs] [Times: user=0.02 sys=0.00, real=0.00 secs] 
2336.929: [GC (Allocation Failure) [PSYoungGen: 67968K->1440K(68608K)] 421318K->354790K(736768K), 0.0021053 secs] [Times: user=0.01 sys=0.00, real=0.01 secs] 
2337.260: [GC (Allocation Failure) [PSYoungGen: 68000K->1408K(68608K)] 421350K->354758K(736768K), 0.0020063 secs] [Times: user=0.01 sys=0.00, real=0.00 secs] 
2337.875: [GC (Allocation Failure) [PSYoungGen: 67968K->1376K(68608K)] 421318K->354726K(736768K), 0.0024772 secs] [Times: user=0.01 sys=0.00, real=0.00 secs] 
2338.150: [GC (Allocation Failure) [PSYoungGen: 67936K->1421K(68608K)] 421286K->354771K(736768K), 0.0018383 secs] [Times: user=0.01 sys=0.00, real=0.00 secs] 
2338.268: [GC (Allocation Failure) [PSYoungGen: 67981K->1453K(68608K)] 421331K->354803K(736768K), 0.0015551 secs] [Times: user=0.00 sys=0.00, real=0.01 secs] 
2338.386: [GC (Allocation Failure) [PSYoungGen: 68013K->1533K(68608K)] 421363K->354899K(736768K), 0.0016544 secs] [Times: user=0.01 sys=0.00, real=0.00 secs] 
2338.633: [GC (Allocation Failure) [PSYoungGen: 68093K->1504K(68608K)] 421459K->354870K(736768K), 0.0021117 secs] [Times: user=0.00 sys=0.00, real=0.00 secs] 
2339.745: [GC (Allocation Failure) [PSYoungGen: 68064K->1408K(68608K)] 421430K->354774K(736768K), 0.0027344 secs] [Times: user=0.01 sys=0.00, real=0.00 secs] 
2340.917: [GC (Allocation Failure) [PSYoungGen: 67968K->1408K(68608K)] 421334K->354774K(736768K), 0.0038512 secs] [Times: user=0.02 sys=0.00, real=0.01 secs] 
2341.629: [GC (Allocation Failure) [PSYoungGen: 67968K->1440K(68608K)] 421334K->354806K(736768K), 0.0027101 secs] [Times: user=0.01 sys=0.00, real=0.00 secs] 
2342.425: [GC (Allocation Failure) [PSYoungGen: 68000K->1408K(68608K)] 421366K->354774K(736768K), 0.0035326 secs] [Times: user=0.01 sys=0.00, real=0.01 secs] 
2343.266: [GC (Allocation Failure) [PSYoungGen: 67968K->1501K(68608K)] 421334K->354867K(736768K), 0.0020275 secs] [Times: user=0.01 sys=0.00, real=0.00 secs] 
2343.442: [GC (Allocation Failure) [PSYoungGen: 68061K->1565K(68608K)] 421427K->354931K(736768K), 0.0019357 secs] [Times: user=0.00 sys=0.00, real=0.00 secs] 
2343.614: [GC (Allocation Failure) [PSYoungGen: 68125K->1501K(68608K)] 421491K->354875K(736768K), 0.0019627 secs] [Times: user=0.01 sys=0.00, real=0.00 secs] 
2343.775: [GC (Allocation Failure) [PSYoungGen: 68061K->1533K(68608K)] 421435K->354907K(736768K), 0.0015910 secs] [Times: user=0.00 sys=0.00, real=0.00 secs] 
2344.397: [GC (Allocation Failure) [PSYoungGen: 68093K->1440K(68608K)] 421467K->354814K(736768K), 0.0032923 secs] [Times: user=0.01 sys=0.00, real=0.01 secs] 
2344.983: [GC (Allocation Failure) [PSYoungGen: 68000K->1408K(68608K)] 421374K->354782K(736768K), 0.0029382 secs] [Times: user=0.01 sys=0.01, real=0.00 secs] 
2345.813: [GC (Allocation Failure) [PSYoungGen: 67968K->1440K(68608K)] 421342K->354814K(736768K), 0.0023405 secs] [Times: user=0.01 sys=0.00, real=0.00 secs] 
2346.558: [GC (Allocation Failure) [PSYoungGen: 68000K->1376K(68608K)] 421374K->354750K(736768K), 0.0025431 secs] [Times: user=0.01 sys=0.01, real=0.01 secs] 
2346.968: [GC (Allocation Failure) [PSYoungGen: 67936K->1437K(68608K)] 421310K->354811K(736768K), 0.0020061 secs] [Times: user=0.01 sys=0.00, real=0.01 secs] 
2347.110: [GC (Allocation Failure) [PSYoungGen: 67997K->1501K(68608K)] 421371K->354875K(736768K), 0.0016233 secs] [Times: user=0.01 sys=0.00, real=0.00 secs] 
2347.227: [GC (Allocation Failure) [PSYoungGen: 68061K->1536K(68608K)] 421435K->354942K(736768K), 0.0016569 secs] [Times: user=0.01 sys=0.00, real=0.01 secs] 
2347.344: [GC (Allocation Failure) [PSYoungGen: 68096K->1501K(68608K)] 421502K->354907K(736768K), 0.0015781 secs] [Times: user=0.01 sys=0.00, real=0.00 secs] 
2348.002: [GC (Allocation Failure) [PSYoungGen: 68061K->1392K(68608K)] 421467K->354798K(736768K), 0.0033064 secs] [Times: user=0.01 sys=0.00, real=0.00 secs] 
2348.731: [GC (Allocation Failure) [PSYoungGen: 67952K->1408K(68608K)] 421358K->354814K(736768K), 0.0040523 secs] [Times: user=0.01 sys=0.01, real=0.00 secs] 
2349.374: [GC (Allocation Failure) [PSYoungGen: 67968K->1408K(68608K)] 421374K->354814K(736768K), 0.0022044 secs] [Times: user=0.01 sys=0.00, real=0.00 secs] 
2350.119: [GC (Allocation Failure) [PSYoungGen: 67968K->1344K(68608K)] 421374K->354750K(736768K), 0.0043201 secs] [Times: user=0.02 sys=0.00, real=0.01 secs] 
2350.653: [GC (Allocation Failure) [PSYoungGen: 67904K->1533K(68608K)] 421310K->354939K(736768K), 0.0020472 secs] [Times: user=0.01 sys=0.00, real=0.00 secs] 
2350.828: [GC (Allocation Failure) [PSYoungGen: 68093K->1533K(68608K)] 421499K->354939K(736768K), 0.0020508 secs] [Times: user=0.00 sys=0.00, real=0.01 secs] 
2351.017: [GC (Allocation Failure) [PSYoungGen: 68093K->1453K(68608K)] 421499K->354859K(736768K), 0.0033041 secs] [Times: user=0.01 sys=0.00, real=0.01 secs] 
2351.231: [GC (Allocation Failure) [PSYoungGen: 68013K->1469K(68608K)] 421419K->354883K(736768K), 0.0019610 secs] [Times: user=0.01 sys=0.00, real=0.00 secs] 
2352.446: [GC (Allocation Failure) [PSYoungGen: 68029K->1456K(68608K)] 421443K->354870K(736768K), 0.0037047 secs] [Times: user=0.01 sys=0.00, real=0.01 secs] 
2353.373: [GC (Allocation Failure) [PSYoungGen: 68016K->1408K(68608K)] 421430K->354822K(736768K), 0.0032721 secs] [Times: user=0.02 sys=0.00, real=0.00 secs] 
2354.062: [GC (Allocation Failure) [PSYoungGen: 67968K->1376K(68608K)] 421382K->354790K(736768K), 0.0035823 secs] [Times: user=0.02 sys=0.00, real=0.00 secs] 
2354.627: [GC (Allocation Failure) [PSYoungGen: 67936K->1440K(68608K)] 421350K->354854K(736768K), 0.0024441 secs] [Times: user=0.01 sys=0.00, real=0.01 secs] 
2355.145: [GC (Allocation Failure) [PSYoungGen: 68000K->1469K(68608K)] 421414K->354883K(736768K), 0.0020321 secs] [Times: user=0.01 sys=0.00, real=0.00 secs] 
2355.307: [GC (Allocation Failure) [PSYoungGen: 68029K->1504K(68608K)] 421443K->354918K(736768K), 0.0018785 secs] [Times: user=0.00 sys=0.00, real=0.00 secs] 
2355.464: [GC (Allocation Failure) [PSYoungGen: 68064K->1533K(68608K)] 421478K->354947K(736768K), 0.0018460 secs] [Times: user=0.01 sys=0.00, real=0.00 secs] 
2355.621: [GC (Allocation Failure) [PSYoungGen: 68093K->1533K(68608K)] 421507K->354963K(736768K), 0.0017698 secs] [Times: user=0.01 sys=0.00, real=0.00 secs] 
2356.254: [GC (Allocation Failure) [PSYoungGen: 68093K->1440K(68608K)] 421523K->354894K(736768K), 0.0044378 secs] [Times: user=0.02 sys=0.00, real=0.00 secs] 
2356.804: [GC (Allocation Failure) [PSYoungGen: 68000K->1440K(68608K)] 421454K->354894K(736768K), 0.0025479 secs] [Times: user=0.01 sys=0.00, real=0.00 secs] 
2357.078: [GC (Allocation Failure) [PSYoungGen: 68000K->1392K(68608K)] 421454K->354846K(736768K), 0.0020124 secs] [Times: user=0.01 sys=0.00, real=0.01 secs] 
2357.470: [GC (Allocation Failure) [PSYoungGen: 67952K->1376K(68608K)] 421406K->354830K(736768K), 0.0020659 secs] [Times: user=0.01 sys=0.00, real=0.00 secs] 
2357.899: [GC (Allocation Failure) [PSYoungGen: 67936K->1424K(68608K)] 421390K->354878K(736768K), 0.0021725 secs] [Times: user=0.01 sys=0.00, real=0.00 secs] 
2358.091: [GC (Allocation Failure) [PSYoungGen: 67984K->1456K(68608K)] 421438K->354910K(736768K), 0.0020931 secs] [Times: user=0.01 sys=0.00, real=0.00 secs] 
2358.259: [GC (Allocation Failure) [PSYoungGen: 68016K->1549K(68608K)] 421470K->355003K(736768K), 0.0024480 secs] [Times: user=0.01 sys=0.00, real=0.00 secs] 
2358.452: [GC (Allocation Failure) [PSYoungGen: 68109K->1552K(68608K)] 421563K->355014K(736768K), 0.0020397 secs] [Times: user=0.00 sys=0.00, real=0.00 secs] 
2358.797: [GC (Allocation Failure) [PSYoungGen: 68112K->1440K(68608K)] 421574K->354902K(736768K), 0.0023999 secs] [Times: user=0.01 sys=0.00, real=0.01 secs] 
2359.131: [GC (Allocation Failure) [PSYoungGen: 68000K->1376K(68608K)] 421462K->354838K(736768K), 0.0022635 secs] [Times: user=0.01 sys=0.00, real=0.00 secs] 
2359.452: [GC (Allocation Failure) [PSYoungGen: 67936K->1392K(68608K)] 421398K->354854K(736768K), 0.0020591 secs] [Times: user=0.01 sys=0.00, real=0.00 secs] 
2359.729: [GC (Allocation Failure) [PSYoungGen: 67952K->1440K(68608K)] 421414K->354902K(736768K), 0.0020204 secs] [Times: user=0.01 sys=0.00, real=0.00 secs] 
2360.084: [GC (Allocation Failure) [PSYoungGen: 68000K->1469K(68608K)] 421462K->354931K(736768K), 0.0020338 secs] [Times: user=0.01 sys=0.00, real=0.00 secs] 
2360.208: [GC (Allocation Failure) [PSYoungGen: 68029K->1501K(68608K)] 421491K->354963K(736768K), 0.0015879 secs] [Times: user=0.00 sys=0.00, real=0.01 secs] 
2360.326: [GC (Allocation Failure) [PSYoungGen: 68061K->1565K(68608K)] 421523K->355027K(736768K), 0.0015917 secs] [Times: user=0.01 sys=0.00, real=0.00 secs] 
2360.443: [GC (Allocation Failure) [PSYoungGen: 68125K->1469K(68608K)] 421587K->354955K(736768K), 0.0018226 secs] [Times: user=0.00 sys=0.00, real=0.00 secs] 
2361.380: [GC (Allocation Failure) [PSYoungGen: 68029K->1376K(68096K)] 421515K->354862K(736256K), 0.0028018 secs] [Times: user=0.01 sys=0.00, real=0.00 secs] 
2362.377: [GC (Allocation Failure) [PSYoungGen: 67936K->1408K(68096K)] 421422K->354894K(736256K), 0.0026320 secs] [Times: user=0.01 sys=0.00, real=0.01 secs] 
2362.931: [GC (Allocation Failure) [PSYoungGen: 67968K->1344K(68096K)] 421454K->354830K(736256K), 0.0025758 secs] [Times: user=0.01 sys=0.00, real=0.00 secs] 
2363.514: [GC (Allocation Failure) [PSYoungGen: 67904K->1440K(68096K)] 421390K->354926K(736256K), 0.0030536 secs] [Times: user=0.01 sys=0.00, real=0.00 secs] 
2363.937: [GC (Allocation Failure) [PSYoungGen: 68000K->1437K(68096K)] 421486K->354923K(736256K), 0.0022462 secs] [Times: user=0.01 sys=0.00, real=0.01 secs] 
2364.076: [GC (Allocation Failure) [PSYoungGen: 67997K->1485K(68096K)] 421483K->354971K(736256K), 0.0015767 secs] [Times: user=0.00 sys=0.00, real=0.00 secs] 
2364.193: [GC (Allocation Failure) [PSYoungGen: 68036K->1504K(68096K)] 421522K->354990K(736256K), 0.0017736 secs] [Times: user=0.00 sys=0.00, real=0.00 secs] 
2364.311: [GC (Allocation Failure) [PSYoungGen: 68064K->1533K(72192K)] 421550K->355051K(740352K), 0.0018235 secs] [Times: user=0.01 sys=0.00, real=0.00 secs] 
2365.512: [GC (Allocation Failure) [PSYoungGen: 71677K->1440K(71168K)] 425195K->354958K(739328K), 0.0030771 secs] [Times: user=0.01 sys=0.00, real=0.00 secs] 
2366.121: [GC (Allocation Failure) [PSYoungGen: 71072K->1408K(70656K)] 424590K->354926K(738816K), 0.0021214 secs] [Times: user=0.01 sys=0.00, real=0.00 secs] 
2366.451: [GC (Allocation Failure) [PSYoungGen: 70528K->1408K(70144K)] 424046K->354926K(738304K), 0.0020879 secs] [Times: user=0.01 sys=0.00, real=0.00 secs] 
2367.080: [GC (Allocation Failure) [PSYoungGen: 70016K->1408K(69632K)] 423534K->354926K(737792K), 0.0021369 secs] [Times: user=0.00 sys=0.00, real=0.00 secs] 
2367.699: [GC (Allocation Failure) [PSYoungGen: 69504K->1389K(69120K)] 423022K->354907K(737280K), 0.0025113 secs] [Times: user=0.01 sys=0.01, real=0.00 secs] 
2367.864: [GC (Allocation Failure) [PSYoungGen: 68973K->1485K(68608K)] 422491K->355003K(736768K), 0.0018943 secs] [Times: user=0.01 sys=0.00, real=0.00 secs] 
2367.983: [GC (Allocation Failure) [PSYoungGen: 68557K->1533K(68096K)] 422075K->355051K(736256K), 0.0016398 secs] [Times: user=0.01 sys=0.00, real=0.00 secs] 
2368.100: [GC (Allocation Failure) [PSYoungGen: 68065K->1501K(72192K)] 421583K->355027K(740352K), 0.0030837 secs] [Times: user=0.01 sys=0.00, real=0.00 secs] 
2368.532: [GC (Allocation Failure) [PSYoungGen: 71645K->1408K(76288K)] 425171K->354934K(744448K), 0.0022407 secs] [Times: user=0.01 sys=0.00, real=0.00 secs] 
2368.899: [GC (Allocation Failure) [PSYoungGen: 75648K->1408K(75264K)] 429174K->354934K(743424K), 0.0022292 secs] [Times: user=0.00 sys=0.00, real=0.00 secs] 
2369.501: [GC (Allocation Failure) [PSYoungGen: 75136K->1376K(74752K)] 428662K->354902K(742912K), 0.0060198 secs] [Times: user=0.02 sys=0.00, real=0.00 secs] 
2370.257: [GC (Allocation Failure) [PSYoungGen: 74592K->1408K(74240K)] 428118K->354934K(742400K), 0.0022459 secs] [Times: user=0.01 sys=0.00, real=0.01 secs] 
2370.732: [GC (Allocation Failure) [PSYoungGen: 74112K->1520K(73728K)] 427638K->355046K(741888K), 0.0021630 secs] [Times: user=0.01 sys=0.00, real=0.00 secs] 
2370.871: [GC (Allocation Failure) [PSYoungGen: 73712K->1453K(73216K)] 427238K->354979K(741376K), 0.0018822 secs] [Times: user=0.01 sys=0.00, real=0.00 secs] 
2370.997: [GC (Allocation Failure) [PSYoungGen: 73133K->1533K(72704K)] 426659K->355059K(740864K), 0.0016050 secs] [Times: user=0.01 sys=0.00, real=0.01 secs] 
2371.123: [GC (Allocation Failure) [PSYoungGen: 72701K->1501K(73216K)] 426227K->355035K(741376K), 0.0018555 secs] [Times: user=0.01 sys=0.00, real=0.00 secs] 
2371.511: [GC (Allocation Failure) [PSYoungGen: 72669K->1408K(72192K)] 426203K->354942K(740352K), 0.0023104 secs] [Times: user=0.01 sys=0.00, real=0.00 secs] 
2371.805: [GC (Allocation Failure) [PSYoungGen: 72064K->1408K(71680K)] 425598K->354942K(739840K), 0.0020871 secs] [Times: user=0.01 sys=0.00, real=0.00 secs] 
2372.204: [GC (Allocation Failure) [PSYoungGen: 71552K->1376K(71168K)] 425086K->354910K(739328K), 0.0022836 secs] [Times: user=0.01 sys=0.00, real=0.00 secs] 
2372.746: [GC (Allocation Failure) [PSYoungGen: 71008K->1344K(70656K)] 424542K->354878K(738816K), 0.0020596 secs] [Times: user=0.01 sys=0.00, real=0.00 secs] 
2373.027: [GC (Allocation Failure) [PSYoungGen: 70464K->1485K(70144K)] 423998K->355019K(738304K), 0.0017178 secs] [Times: user=0.01 sys=0.00, real=0.01 secs] 
2373.148: [GC (Allocation Failure) [PSYoungGen: 70093K->1501K(69632K)] 423627K->355035K(737792K), 0.0018483 secs] [Times: user=0.01 sys=0.00, real=0.01 secs] 
2373.268: [GC (Allocation Failure) [PSYoungGen: 69597K->1469K(76800K)] 423131K->355003K(744960K), 0.0017909 secs] [Times: user=0.01 sys=0.00, real=0.01 secs] 
2374.403: [GC (Allocation Failure) [PSYoungGen: 76733K->1440K(76288K)] 430267K->354974K(744448K), 0.0024062 secs] [Times: user=0.01 sys=0.00, real=0.00 secs] 
2375.202: [GC (Allocation Failure) [PSYoungGen: 76192K->1408K(75776K)] 429726K->354966K(743936K), 0.0032912 secs] [Times: user=0.02 sys=0.00, real=0.00 secs] 
2375.934: [GC (Allocation Failure) [PSYoungGen: 75648K->1408K(75264K)] 429206K->354966K(743424K), 0.0025463 secs] [Times: user=0.01 sys=0.00, real=0.00 secs] 
2376.600: [GC (Allocation Failure) [PSYoungGen: 75136K->1408K(74752K)] 428694K->354966K(742912K), 0.0026465 secs] [Times: user=0.01 sys=0.01, real=0.00 secs] 
2377.160: [GC (Allocation Failure) [PSYoungGen: 74624K->1501K(74240K)] 428182K->355059K(742400K), 0.0022344 secs] [Times: user=0.01 sys=0.00, real=0.00 secs] 
2377.303: [GC (Allocation Failure) [PSYoungGen: 74205K->1501K(73728K)] 427763K->355059K(741888K), 0.0017937 secs] [Times: user=0.00 sys=0.00, real=0.00 secs] 
2377.430: [GC (Allocation Failure) [PSYoungGen: 73693K->1469K(73216K)] 427251K->355027K(741376K), 0.0017045 secs] [Times: user=0.01 sys=0.00, real=0.00 secs] 
2377.556: [GC (Allocation Failure) [PSYoungGen: 73149K->1485K(72704K)] 426707K->355043K(740864K), 0.0016227 secs] [Times: user=0.01 sys=0.00, real=0.00 secs] 
2377.940: [GC (Allocation Failure) [PSYoungGen: 72653K->1376K(72192K)] 426211K->354934K(740352K), 0.0021394 secs] [Times: user=0.01 sys=0.00, real=0.00 secs] 
2378.234: [GC (Allocation Failure) [PSYoungGen: 72032K->1408K(71680K)] 425590K->354966K(739840K), 0.0022484 secs] [Times: user=0.00 sys=0.00, real=0.00 secs] 
2378.646: [GC (Allocation Failure) [PSYoungGen: 71552K->1376K(71168K)] 425110K->354934K(739328K), 0.0023401 secs] [Times: user=0.01 sys=0.00, real=0.00 secs] 
2379.394: [GC (Allocation Failure) [PSYoungGen: 71008K->1440K(70656K)] 424566K->354998K(738816K), 0.0027985 secs] [Times: user=0.01 sys=0.00, real=0.00 secs] 
2379.664: [GC (Allocation Failure) [PSYoungGen: 70560K->1501K(70144K)] 424118K->355059K(738304K), 0.0016161 secs] [Times: user=0.00 sys=0.00, real=0.00 secs] 
2379.784: [GC (Allocation Failure) [PSYoungGen: 70109K->1533K(69632K)] 423667K->355091K(737792K), 0.0016155 secs] [Times: user=0.00 sys=0.00, real=0.00 secs] 
2379.904: [GC (Allocation Failure) [PSYoungGen: 69629K->1565K(69632K)] 423187K->355123K(737792K), 0.0016013 secs] [Times: user=0.00 sys=0.00, real=0.00 secs] 
2380.157: [GC (Allocation Failure) [PSYoungGen: 69149K->1472K(68608K)] 422707K->356070K(736768K), 0.0022484 secs] [Times: user=0.01 sys=0.00, real=0.01 secs] 
2380.778: [GC (Allocation Failure) [PSYoungGen: 68544K->1440K(68096K)] 423142K->356038K(736256K), 0.0023992 secs] [Times: user=0.01 sys=0.01, real=0.01 secs] 
2381.116: [GC (Allocation Failure) [PSYoungGen: 68000K->1440K(68096K)] 422598K->356038K(736256K), 0.0022926 secs] [Times: user=0.01 sys=0.00, real=0.00 secs] 
2381.692: [GC (Allocation Failure) [PSYoungGen: 68000K->1408K(68608K)] 422598K->356006K(736768K), 0.0020941 secs] [Times: user=0.01 sys=0.00, real=0.00 secs] 
2382.350: [GC (Allocation Failure) [PSYoungGen: 67968K->1408K(68608K)] 422566K->356006K(736768K), 0.0031927 secs] [Times: user=0.01 sys=0.00, real=0.00 secs] 
2382.646: [GC (Allocation Failure) [PSYoungGen: 67966K->1437K(68608K)] 422564K->356035K(736768K), 0.0018064 secs] [Times: user=0.01 sys=0.00, real=0.00 secs] 
2382.770: [GC (Allocation Failure) [PSYoungGen: 67997K->1485K(68608K)] 422595K->356083K(736768K), 0.0016947 secs] [Times: user=0.00 sys=0.00, real=0.00 secs] 
2382.887: [GC (Allocation Failure) [PSYoungGen: 68045K->1488K(68608K)] 422643K->356086K(736768K), 0.0015786 secs] [Times: user=0.01 sys=0.00, real=0.00 secs] 
2383.163: [GC (Allocation Failure) [PSYoungGen: 68048K->1504K(68608K)] 422646K->356110K(736768K), 0.0023556 secs] [Times: user=0.01 sys=0.00, real=0.00 secs] 
2384.211: [GC (Allocation Failure) [PSYoungGen: 68064K->1376K(68608K)] 422670K->355982K(736768K), 0.0032236 secs] [Times: user=0.02 sys=0.00, real=0.00 secs] 
2384.822: [GC (Allocation Failure) [PSYoungGen: 67936K->1376K(68608K)] 422542K->356006K(736768K), 0.0028867 secs] [Times: user=0.01 sys=0.00, real=0.00 secs] 
2385.368: [GC (Allocation Failure) [PSYoungGen: 67936K->1408K(68608K)] 422566K->356038K(736768K), 0.0028507 secs] [Times: user=0.01 sys=0.00, real=0.01 secs] 
2385.829: [GC (Allocation Failure) [PSYoungGen: 67968K->1408K(68608K)] 422598K->356038K(736768K), 0.0020330 secs] [Times: user=0.01 sys=0.00, real=0.00 secs] 
2386.071: [GC (Allocation Failure) [PSYoungGen: 67968K->1533K(68608K)] 422598K->356163K(736768K), 0.0015927 secs] [Times: user=0.00 sys=0.00, real=0.00 secs] 
2386.187: [GC (Allocation Failure) [PSYoungGen: 68093K->1501K(68608K)] 422723K->356131K(736768K), 0.0015248 secs] [Times: user=0.01 sys=0.00, real=0.01 secs] 
2386.304: [GC (Allocation Failure) [PSYoungGen: 68061K->1501K(68608K)] 422691K->356147K(736768K), 0.0015405 secs] [Times: user=0.01 sys=0.00, real=0.00 secs] 
2386.421: [GC (Allocation Failure) [PSYoungGen: 68061K->1485K(68608K)] 422707K->356131K(736768K), 0.0015849 secs] [Times: user=0.00 sys=0.00, real=0.00 secs] 
2386.793: [GC (Allocation Failure) [PSYoungGen: 68045K->1472K(68608K)] 422691K->356118K(736768K), 0.0020893 secs] [Times: user=0.01 sys=0.00, real=0.00 secs] 
2387.321: [GC (Allocation Failure) [PSYoungGen: 68032K->1376K(68608K)] 422678K->356022K(736768K), 0.0019131 secs] [Times: user=0.01 sys=0.00, real=0.00 secs] 
2387.862: [GC (Allocation Failure) [PSYoungGen: 67936K->1376K(68608K)] 422582K->356022K(736768K), 0.0020521 secs] [Times: user=0.01 sys=0.00, real=0.00 secs] 
2388.447: [GC (Allocation Failure) [PSYoungGen: 67936K->1440K(68608K)] 422582K->356086K(736768K), 0.0031410 secs] [Times: user=0.01 sys=0.00, real=0.01 secs] 
2388.967: [GC (Allocation Failure) [PSYoungGen: 67991K->1517K(68608K)] 422638K->356163K(736768K), 0.0021733 secs] [Times: user=0.01 sys=0.00, real=0.01 secs] 
2389.110: [GC (Allocation Failure) [PSYoungGen: 68077K->1501K(68608K)] 422723K->356147K(736768K), 0.0017606 secs] [Times: user=0.00 sys=0.00, real=0.00 secs] 
2389.226: [GC (Allocation Failure) [PSYoungGen: 68061K->1472K(68608K)] 422707K->356134K(736768K), 0.0017572 secs] [Times: user=0.01 sys=0.00, real=0.00 secs] 
2389.344: [GC (Allocation Failure) [PSYoungGen: 68032K->1469K(68608K)] 422694K->356131K(736768K), 0.0015311 secs] [Times: user=0.00 sys=0.00, real=0.00 secs] 
2390.601: [GC (Allocation Failure) [PSYoungGen: 68029K->1408K(68608K)] 422691K->356070K(736768K), 0.0029814 secs] [Times: user=0.01 sys=0.00, real=0.00 secs] 
2391.508: [GC (Allocation Failure) [PSYoungGen: 67968K->1376K(68608K)] 422630K->356038K(736768K), 0.0039071 secs] [Times: user=0.01 sys=0.00, real=0.01 secs] 
2392.222: [GC (Allocation Failure) [PSYoungGen: 67936K->1344K(68608K)] 422598K->356006K(736768K), 0.0036093 secs] [Times: user=0.02 sys=0.00, real=0.00 secs] 
2392.493: [GC (Allocation Failure) [PSYoungGen: 67904K->1376K(68608K)] 422566K->356038K(736768K), 0.0028509 secs] [Times: user=0.01 sys=0.00, real=0.00 secs] 
2392.733: [GC (Allocation Failure) [PSYoungGen: 67936K->1501K(68608K)] 422598K->356163K(736768K), 0.0015268 secs] [Times: user=0.00 sys=0.00, real=0.00 secs] 
2392.850: [GC (Allocation Failure) [PSYoungGen: 68061K->1533K(68608K)] 422723K->356195K(736768K), 0.0015740 secs] [Times: user=0.01 sys=0.00, real=0.00 secs] 
2392.967: [GC (Allocation Failure) [PSYoungGen: 68093K->1501K(68608K)] 422755K->356163K(736768K), 0.0015454 secs] [Times: user=0.00 sys=0.00, real=0.00 secs] 
2393.084: [GC (Allocation Failure) [PSYoungGen: 68061K->1453K(68608K)] 422723K->356131K(736768K), 0.0015547 secs] [Times: user=0.01 sys=0.00, real=0.00 secs] 
2393.406: [GC (Allocation Failure) [PSYoungGen: 68013K->1472K(68608K)] 422691K->356150K(736768K), 0.0020675 secs] [Times: user=0.00 sys=0.00, real=0.00 secs] 
2393.683: [GC (Allocation Failure) [PSYoungGen: 68032K->1376K(68608K)] 422710K->356054K(736768K), 0.0018446 secs] [Times: user=0.01 sys=0.00, real=0.00 secs] 
2394.084: [GC (Allocation Failure) [PSYoungGen: 67936K->1376K(68608K)] 422614K->356054K(736768K), 0.0021274 secs] [Times: user=0.01 sys=0.00, real=0.00 secs] 
2394.416: [GC (Allocation Failure) [PSYoungGen: 67936K->1408K(68608K)] 422614K->356110K(736768K), 0.0021492 secs] [Times: user=0.01 sys=0.00, real=0.00 secs] 
2394.673: [GC (Allocation Failure) [PSYoungGen: 67968K->1533K(68608K)] 422670K->356235K(736768K), 0.0016319 secs] [Times: user=0.01 sys=0.00, real=0.00 secs] 
2394.790: [GC (Allocation Failure) [PSYoungGen: 68084K->1453K(68608K)] 422786K->356155K(736768K), 0.0016439 secs] [Times: user=0.01 sys=0.00, real=0.00 secs] 
2394.907: [GC (Allocation Failure) [PSYoungGen: 68013K->1472K(68608K)] 422715K->356174K(736768K), 0.0016249 secs] [Times: user=0.01 sys=0.00, real=0.01 secs] 
2395.044: [GC (Allocation Failure) [PSYoungGen: 68032K->1501K(75264K)] 422734K->356219K(743424K), 0.0020495 secs] [Times: user=0.01 sys=0.00, real=0.00 secs] 
2395.862: [GC (Allocation Failure) [PSYoungGen: 74717K->1424K(74240K)] 429435K->356142K(742400K), 0.0020747 secs] [Times: user=0.01 sys=0.00, real=0.00 secs] 
2396.245: [GC (Allocation Failure) [PSYoungGen: 74128K->1376K(73728K)] 428846K->356094K(741888K), 0.0019957 secs] [Times: user=0.01 sys=0.00, real=0.00 secs] 
2396.570: [GC (Allocation Failure) [PSYoungGen: 73568K->1408K(73216K)] 428286K->356126K(741376K), 0.0022070 secs] [Times: user=0.01 sys=0.00, real=0.00 secs] 
2396.868: [GC (Allocation Failure) [PSYoungGen: 73088K->1376K(72704K)] 427806K->356094K(740864K), 0.0021605 secs] [Times: user=0.01 sys=0.00, real=0.01 secs] 
2397.146: [GC (Allocation Failure) [PSYoungGen: 72544K->1485K(72192K)] 427262K->356203K(740352K), 0.0018412 secs] [Times: user=0.00 sys=0.00, real=0.00 secs] 
2397.272: [GC (Allocation Failure) [PSYoungGen: 72141K->1485K(71680K)] 426859K->356203K(739840K), 0.0018296 secs] [Times: user=0.01 sys=0.00, real=0.00 secs] 
2397.396: [GC (Allocation Failure) [PSYoungGen: 71621K->1453K(72192K)] 426339K->356171K(740352K), 0.0018523 secs] [Times: user=0.01 sys=0.00, real=0.00 secs] 
2397.796: [GC (Allocation Failure) [PSYoungGen: 71597K->1696K(71680K)] 426315K->356414K(739840K), 0.0021760 secs] [Times: user=0.01 sys=0.01, real=0.00 secs] 
2399.029: [GC (Allocation Failure) [PSYoungGen: 71328K->1376K(70656K)] 426046K->356094K(738816K), 0.0028347 secs] [Times: user=0.01 sys=0.00, real=0.00 secs] 
2399.960: [GC (Allocation Failure) [PSYoungGen: 70496K->352K(69120K)] 425214K->356094K(737280K), 0.0030004 secs] [Times: user=0.01 sys=0.00, real=0.00 secs] 
2400.891: [GC (Allocation Failure) [PSYoungGen: 68960K->352K(70144K)] 424702K->356094K(738304K), 0.0036191 secs] [Times: user=0.02 sys=0.00, real=0.00 secs] 
2401.723: [GC (Allocation Failure) [PSYoungGen: 68448K->352K(68096K)] 424190K->356094K(736256K), 0.0028329 secs] [Times: user=0.01 sys=0.00, real=0.00 secs] 
2401.914: [GC (Allocation Failure) [PSYoungGen: 67936K->1501K(68608K)] 423678K->357243K(736768K), 0.0015940 secs] [Times: user=0.01 sys=0.00, real=0.00 secs] 
2402.033: [GC (Allocation Failure) [PSYoungGen: 68573K->1533K(68096K)] 424315K->357275K(736256K), 0.0018244 secs] [Times: user=0.01 sys=0.00, real=0.00 secs] 
2402.150: [GC (Allocation Failure) [PSYoungGen: 68093K->1485K(68096K)] 423835K->357227K(736256K), 0.0018278 secs] [Times: user=0.01 sys=0.00, real=0.00 secs] 
2402.476: [GC (Allocation Failure) [PSYoungGen: 68045K->1984K(68608K)] 423787K->357726K(736768K), 0.0021716 secs] [Times: user=0.01 sys=0.00, real=0.00 secs] 
2403.168: [GC (Allocation Failure) [PSYoungGen: 68544K->1456K(68096K)] 424286K->357198K(736256K), 0.0027555 secs] [Times: user=0.01 sys=0.00, real=0.01 secs] 
2403.851: [GC (Allocation Failure) [PSYoungGen: 68016K->1408K(68096K)] 423758K->357150K(736256K), 0.0022691 secs] [Times: user=0.01 sys=0.01, real=0.00 secs] 
2404.419: [GC (Allocation Failure) [PSYoungGen: 67968K->1376K(68096K)] 423710K->357118K(736256K), 0.0021885 secs] [Times: user=0.01 sys=0.00, real=0.00 secs] 
2405.134: [GC (Allocation Failure) [PSYoungGen: 67936K->1376K(68096K)] 423678K->357118K(736256K), 0.0027062 secs] [Times: user=0.01 sys=0.00, real=0.00 secs] 
2405.521: [GC (Allocation Failure) [PSYoungGen: 67936K->1501K(68096K)] 423678K->357243K(736256K), 0.0018809 secs] [Times: user=0.01 sys=0.00, real=0.00 secs] 
2405.683: [GC (Allocation Failure) [PSYoungGen: 68061K->1533K(68608K)] 423803K->357275K(736768K), 0.0020685 secs] [Times: user=0.01 sys=0.00, real=0.00 secs] 
2405.828: [GC (Allocation Failure) [PSYoungGen: 68093K->1485K(68608K)] 423835K->357243K(736768K), 0.0015671 secs] [Times: user=0.00 sys=0.00, real=0.01 secs] 
2405.948: [GC (Allocation Failure) [PSYoungGen: 68045K->224K(68096K)] 423803K->356006K(736256K), 0.0015964 secs] [Times: user=0.00 sys=0.01, real=0.01 secs] 
2406.361: [GC (Allocation Failure) [PSYoungGen: 66272K->1408K(68608K)] 422054K->357190K(736768K), 0.0021607 secs] [Times: user=0.01 sys=0.00, real=0.00 secs] 
2406.635: [GC (Allocation Failure) [PSYoungGen: 67456K->1376K(68608K)] 423238K->357158K(736768K), 0.0022671 secs] [Times: user=0.00 sys=0.00, real=0.00 secs] 
2406.949: [GC (Allocation Failure) [PSYoungGen: 67424K->1408K(67584K)] 423206K->357190K(735744K), 0.0021659 secs] [Times: user=0.01 sys=0.00, real=0.00 secs] 
2407.278: [GC (Allocation Failure) [PSYoungGen: 67456K->1376K(68096K)] 423238K->357158K(736256K), 0.0021514 secs] [Times: user=0.01 sys=0.00, real=0.01 secs] 
2407.733: [GC (Allocation Failure) [PSYoungGen: 67424K->1488K(68096K)] 423206K->357270K(736256K), 0.0020540 secs] [Times: user=0.00 sys=0.00, real=0.00 secs] 
2407.854: [GC (Allocation Failure) [PSYoungGen: 67536K->1533K(68096K)] 423318K->357315K(736256K), 0.0015805 secs] [Times: user=0.01 sys=0.00, real=0.00 secs] 
2407.972: [GC (Allocation Failure) [PSYoungGen: 67581K->1485K(68096K)] 423363K->357275K(736256K), 0.0015336 secs] [Times: user=0.00 sys=0.00, real=0.00 secs] 
2408.088: [GC (Allocation Failure) [PSYoungGen: 67533K->1453K(68096K)] 423323K->357243K(736256K), 0.0015944 secs] [Times: user=0.00 sys=0.00, real=0.01 secs] 
2409.518: [GC (Allocation Failure) [PSYoungGen: 67501K->1456K(68096K)] 423291K->357246K(736256K), 0.0025100 secs] [Times: user=0.01 sys=0.00, real=0.01 secs] 
2410.131: [GC (Allocation Failure) [PSYoungGen: 67504K->1440K(68096K)] 423294K->357230K(736256K), 0.0024245 secs] [Times: user=0.01 sys=0.00, real=0.00 secs] 
2411.058: [GC (Allocation Failure) [PSYoungGen: 67488K->1408K(68096K)] 423278K->357198K(736256K), 0.0039009 secs] [Times: user=0.02 sys=0.00, real=0.01 secs] 
2411.856: [GC (Allocation Failure) [PSYoungGen: 67456K->1408K(68096K)] 423246K->357198K(736256K), 0.0035687 secs] [Times: user=0.01 sys=0.00, real=0.01 secs] 
2412.960: [GC (Allocation Failure) [PSYoungGen: 67456K->1504K(68096K)] 423246K->357294K(736256K), 0.0022246 secs] [Times: user=0.01 sys=0.00, real=0.00 secs] 
2413.106: [GC (Allocation Failure) [PSYoungGen: 67552K->1517K(68096K)] 423342K->357307K(736256K), 0.0016000 secs] [Times: user=0.01 sys=0.00, real=0.00 secs] 
2413.223: [GC (Allocation Failure) [PSYoungGen: 67565K->1485K(68096K)] 423355K->357283K(736256K), 0.0015684 secs] [Times: user=0.01 sys=0.00, real=0.00 secs] 
2413.340: [GC (Allocation Failure) [PSYoungGen: 67533K->1501K(68096K)] 423331K->357307K(736256K), 0.0015834 secs] [Times: user=0.00 sys=0.00, real=0.00 secs] 
2414.243: [GC (Allocation Failure) [PSYoungGen: 67549K->1472K(68096K)] 423355K->357278K(736256K), 0.0036360 secs] [Times: user=0.01 sys=0.00, real=0.00 secs] 
2415.297: [GC (Allocation Failure) [PSYoungGen: 67520K->1408K(68096K)] 423326K->357214K(736256K), 0.0020764 secs] [Times: user=0.01 sys=0.00, real=0.01 secs] 
2415.870: [GC (Allocation Failure) [PSYoungGen: 67456K->1440K(68096K)] 423262K->357254K(736256K), 0.0022734 secs] [Times: user=0.01 sys=0.00, real=0.00 secs] 
2416.476: [GC (Allocation Failure) [PSYoungGen: 67488K->1376K(68096K)] 423302K->357190K(736256K), 0.0022785 secs] [Times: user=0.01 sys=0.00, real=0.00 secs] 
2417.371: [GC (Allocation Failure) [PSYoungGen: 67424K->1469K(68096K)] 423238K->357283K(736256K), 0.0021342 secs] [Times: user=0.01 sys=0.00, real=0.00 secs] 
2417.560: [GC (Allocation Failure) [PSYoungGen: 67517K->1549K(68096K)] 423331K->357363K(736256K), 0.0020786 secs] [Times: user=0.01 sys=0.00, real=0.00 secs] 
2417.711: [GC (Allocation Failure) [PSYoungGen: 67597K->1469K(68096K)] 423411K->357283K(736256K), 0.0015949 secs] [Times: user=0.00 sys=0.00, real=0.00 secs] 
2417.828: [GC (Allocation Failure) [PSYoungGen: 67517K->1533K(68096K)] 423331K->357379K(736256K), 0.0016114 secs] [Times: user=0.01 sys=0.00, real=0.01 secs] 
2418.935: [GC (Allocation Failure) [PSYoungGen: 67581K->1456K(68096K)] 423427K->357302K(736256K), 0.0044877 secs] [Times: user=0.01 sys=0.00, real=0.01 secs] 
2419.593: [GC (Allocation Failure) [PSYoungGen: 67504K->1440K(68096K)] 423350K->357286K(736256K), 0.0021951 secs] [Times: user=0.01 sys=0.01, real=0.00 secs] 
2420.174: [GC (Allocation Failure) [PSYoungGen: 67488K->1408K(68096K)] 423334K->357254K(736256K), 0.0023415 secs] [Times: user=0.01 sys=0.00, real=0.00 secs] 
2420.800: [GC (Allocation Failure) [PSYoungGen: 67456K->1408K(68096K)] 423302K->357254K(736256K), 0.0027875 secs] [Times: user=0.02 sys=0.00, real=0.00 secs] 
2421.339: [GC (Allocation Failure) [PSYoungGen: 67425K->1469K(68096K)] 423271K->357315K(736256K), 0.0022062 secs] [Times: user=0.01 sys=0.00, real=0.00 secs] 
2421.533: [GC (Allocation Failure) [PSYoungGen: 67517K->1533K(68096K)] 423363K->357379K(736256K), 0.0024536 secs] [Times: user=0.01 sys=0.00, real=0.00 secs] 
2421.682: [GC (Allocation Failure) [PSYoungGen: 67581K->1453K(68096K)] 423427K->357299K(736256K), 0.0015491 secs] [Times: user=0.01 sys=0.01, real=0.00 secs] 
2421.799: [GC (Allocation Failure) [PSYoungGen: 67501K->1533K(68096K)] 423347K->357395K(736256K), 0.0015664 secs] [Times: user=0.01 sys=0.00, real=0.00 secs] 
2422.177: [GC (Allocation Failure) [PSYoungGen: 67581K->1472K(68096K)] 423443K->357334K(736256K), 0.0026941 secs] [Times: user=0.02 sys=0.00, real=0.01 secs] 
2423.022: [GC (Allocation Failure) [PSYoungGen: 67520K->1408K(68096K)] 423382K->357270K(736256K), 0.0036010 secs] [Times: user=0.01 sys=0.00, real=0.00 secs] 
2423.813: [GC (Allocation Failure) [PSYoungGen: 67456K->1376K(68096K)] 423318K->357238K(736256K), 0.0033518 secs] [Times: user=0.01 sys=0.00, real=0.00 secs] 
2424.561: [GC (Allocation Failure) [PSYoungGen: 67424K->1376K(68096K)] 423286K->357238K(736256K), 0.0033005 secs] [Times: user=0.01 sys=0.00, real=0.00 secs] 
2425.393: [GC (Allocation Failure) [PSYoungGen: 67424K->1456K(68096K)] 423286K->357318K(736256K), 0.0032738 secs] [Times: user=0.01 sys=0.00, real=0.00 secs] 
2425.589: [GC (Allocation Failure) [PSYoungGen: 67504K->1520K(68096K)] 423366K->357382K(736256K), 0.0018079 secs] [Times: user=0.01 sys=0.00, real=0.00 secs] 
2425.706: [GC (Allocation Failure) [PSYoungGen: 67568K->1472K(68096K)] 423430K->357334K(736256K), 0.0015386 secs] [Times: user=0.01 sys=0.00, real=0.00 secs] 
2425.823: [GC (Allocation Failure) [PSYoungGen: 67520K->1453K(68096K)] 423382K->357347K(736256K), 0.0017707 secs] [Times: user=0.00 sys=0.01, real=0.00 secs] 
2426.156: [GC (Allocation Failure) [PSYoungGen: 67501K->1472K(68096K)] 423395K->357366K(736256K), 0.0020393 secs] [Times: user=0.00 sys=0.00, real=0.00 secs] 
2426.691: [GC (Allocation Failure) [PSYoungGen: 67520K->1408K(68096K)] 423414K->357302K(736256K), 0.0018589 secs] [Times: user=0.01 sys=0.00, real=0.00 secs] 
2427.232: [GC (Allocation Failure) [PSYoungGen: 67456K->1392K(68096K)] 423350K->357286K(736256K), 0.0021901 secs] [Times: user=0.01 sys=0.00, real=0.00 secs] 
2427.780: [GC (Allocation Failure) [PSYoungGen: 67440K->1408K(68096K)] 423334K->357302K(736256K), 0.0025490 secs] [Times: user=0.01 sys=0.00, real=0.00 secs] 
2428.146: [GC (Allocation Failure) [PSYoungGen: 67456K->1376K(68096K)] 423350K->357270K(736256K), 0.0021548 secs] [Times: user=0.01 sys=0.01, real=0.00 secs] 
2428.354: [GC (Allocation Failure) [PSYoungGen: 67424K->1501K(68096K)] 423318K->357395K(736256K), 0.0015812 secs] [Times: user=0.01 sys=0.00, real=0.00 secs] 
2428.471: [GC (Allocation Failure) [PSYoungGen: 67549K->1501K(68096K)] 423443K->357395K(736256K), 0.0015546 secs] [Times: user=0.00 sys=0.00, real=0.00 secs] 
2428.587: [GC (Allocation Failure) [PSYoungGen: 67549K->1501K(68096K)] 423443K->357411K(736256K), 0.0015476 secs] [Times: user=0.01 sys=0.00, real=0.01 secs] 
2428.705: [GC (Allocation Failure) [PSYoungGen: 67427K->256K(68096K)] 423337K->356174K(736256K), 0.0016205 secs] [Times: user=0.01 sys=0.00, real=0.00 secs] 
2429.088: [GC (Allocation Failure) [PSYoungGen: 66304K->1440K(67584K)] 422222K->357358K(735744K), 0.0021158 secs] [Times: user=0.01 sys=0.00, real=0.01 secs] 
2429.701: [GC (Allocation Failure) [PSYoungGen: 67488K->1408K(67584K)] 423406K->357326K(735744K), 0.0021213 secs] [Times: user=0.01 sys=0.00, real=0.00 secs] 
2430.538: [GC (Allocation Failure) [PSYoungGen: 67456K->1469K(67584K)] 423374K->357387K(735744K), 0.0026858 secs] [Times: user=0.01 sys=0.01, real=0.01 secs] 
2430.666: [GC (Allocation Failure) [PSYoungGen: 67517K->1533K(67584K)] 423435K->357451K(735744K), 0.0020067 secs] [Times: user=0.01 sys=0.01, real=0.00 secs] 
2430.751: [GC (Allocation Failure) [PSYoungGen: 67581K->1504K(72704K)] 423499K->357446K(740864K), 0.0016475 secs] [Times: user=0.01 sys=0.00, real=0.00 secs] 
2430.837: [GC (Allocation Failure) [PSYoungGen: 72672K->1517K(73216K)] 428614K->357467K(741376K), 0.0016780 secs] [Times: user=0.01 sys=0.00, real=0.00 secs] 
2431.901: [GC (Allocation Failure) [PSYoungGen: 72685K->1408K(80384K)] 428635K->357358K(748544K), 0.0028184 secs] [Times: user=0.01 sys=0.00, real=0.00 secs] 
2432.230: [GC (Allocation Failure) [PSYoungGen: 80256K->1408K(79872K)] 436206K->357358K(748032K), 0.0019294 secs] [Times: user=0.01 sys=0.00, real=0.00 secs] 
2432.554: [GC (Allocation Failure) [PSYoungGen: 79744K->1344K(79360K)] 435694K->357294K(747520K), 0.0021420 secs] [Times: user=0.01 sys=0.00, real=0.00 secs] 
2432.878: [GC (Allocation Failure) [PSYoungGen: 79168K->1376K(78848K)] 435118K->357326K(747008K), 0.0020151 secs] [Times: user=0.01 sys=0.00, real=0.01 secs] 
2433.076: [GC (Allocation Failure) [PSYoungGen: 78688K->1501K(78336K)] 434638K->357451K(746496K), 0.0016616 secs] [Times: user=0.00 sys=0.00, real=0.00 secs] 
2433.215: [GC (Allocation Failure) [PSYoungGen: 78301K->1456K(77824K)] 434251K->357406K(745984K), 0.0016438 secs] [Times: user=0.00 sys=0.00, real=0.00 secs] 
2433.349: [GC (Allocation Failure) [PSYoungGen: 77744K->1485K(77312K)] 433694K->357435K(745472K), 0.0016221 secs] [Times: user=0.01 sys=0.00, real=0.00 secs] 
2433.611: [GC (Allocation Failure) [PSYoungGen: 77261K->1440K(76800K)] 433211K->357390K(744960K), 0.0020344 secs] [Times: user=0.00 sys=0.00, real=0.00 secs] 
2433.941: [GC (Allocation Failure) [PSYoungGen: 76704K->1440K(76288K)] 432654K->357422K(744448K), 0.0019195 secs] [Times: user=0.01 sys=0.00, real=0.00 secs] 
2434.294: [GC (Allocation Failure) [PSYoungGen: 76192K->1376K(75776K)] 432174K->357366K(743936K), 0.0019054 secs] [Times: user=0.01 sys=0.00, real=0.00 secs] 
2434.602: [GC (Allocation Failure) [PSYoungGen: 75616K->1408K(75264K)] 431606K->357398K(743424K), 0.0020918 secs] [Times: user=0.01 sys=0.00, real=0.00 secs] 
2434.822: [GC (Allocation Failure) [PSYoungGen: 75136K->1469K(74752K)] 431126K->357459K(742912K), 0.0018561 secs] [Times: user=0.01 sys=0.00, real=0.00 secs] 
2434.950: [GC (Allocation Failure) [PSYoungGen: 74685K->1533K(74240K)] 430675K->357523K(742400K), 0.0017095 secs] [Times: user=0.00 sys=0.00, real=0.00 secs] 
2435.079: [GC (Allocation Failure) [PSYoungGen: 74237K->1469K(73728K)] 430227K->357459K(741888K), 0.0017149 secs] [Times: user=0.01 sys=0.00, real=0.00 secs] 
2435.243: [GC (Allocation Failure) [PSYoungGen: 73661K->1920K(73728K)] 429651K->358422K(741888K), 0.0017581 secs] [Times: user=0.01 sys=0.00, real=0.00 secs] 
2435.562: [GC (Allocation Failure) [PSYoungGen: 73600K->1360K(72704K)] 430102K->357862K(740864K), 0.0019672 secs] [Times: user=0.01 sys=0.00, real=0.00 secs] 
2435.857: [GC (Allocation Failure) [PSYoungGen: 72528K->1360K(72192K)] 429030K->357862K(740352K), 0.0017483 secs] [Times: user=0.01 sys=0.00, real=0.01 secs] 
2436.207: [GC (Allocation Failure) [PSYoungGen: 72016K->1376K(71680K)] 428518K->357878K(739840K), 0.0023053 secs] [Times: user=0.01 sys=0.00, real=0.01 secs] 
2436.507: [GC (Allocation Failure) [PSYoungGen: 71520K->1453K(71168K)] 428022K->357955K(739328K), 0.0019985 secs] [Times: user=0.00 sys=0.00, real=0.01 secs] 
2436.641: [GC (Allocation Failure) [PSYoungGen: 71085K->1501K(70656K)] 427587K->358003K(738816K), 0.0016078 secs] [Times: user=0.00 sys=0.00, real=0.00 secs] 
2436.764: [GC (Allocation Failure) [PSYoungGen: 70621K->1485K(70144K)] 427123K->357987K(738304K), 0.0015475 secs] [Times: user=0.01 sys=0.00, real=0.00 secs] 
2436.884: [GC (Allocation Failure) [PSYoungGen: 70090K->1469K(71168K)] 426592K->357971K(739328K), 0.0017643 secs] [Times: user=0.01 sys=0.00, real=0.00 secs] 
2437.428: [GC (Allocation Failure) [PSYoungGen: 70589K->1440K(70144K)] 427091K->357942K(738304K), 0.0020874 secs] [Times: user=0.01 sys=0.00, real=0.01 secs] 
2438.028: [GC (Allocation Failure) [PSYoungGen: 70048K->1408K(69632K)] 426550K->357910K(737792K), 0.0022311 secs] [Times: user=0.01 sys=0.00, real=0.01 secs] 
2438.311: [GC (Allocation Failure) [PSYoungGen: 69504K->1408K(69120K)] 426006K->357910K(737280K), 0.0020900 secs] [Times: user=0.01 sys=0.00, real=0.00 secs] 
2438.592: [GC (Allocation Failure) [PSYoungGen: 68992K->1408K(68608K)] 425494K->357910K(736768K), 0.0021314 secs] [Times: user=0.00 sys=0.00, real=0.00 secs] 
2438.849: [GC (Allocation Failure) [PSYoungGen: 68480K->1533K(68096K)] 424982K->358035K(736256K), 0.0017678 secs] [Times: user=0.01 sys=0.00, real=0.00 secs] 
2438.968: [GC (Allocation Failure) [PSYoungGen: 68093K->1517K(68096K)] 424595K->358019K(736256K), 0.0017057 secs] [Times: user=0.01 sys=0.01, real=0.01 secs] 
2439.086: [GC (Allocation Failure) [PSYoungGen: 68077K->1453K(74240K)] 424579K->357955K(742400K), 0.0016375 secs] [Times: user=0.01 sys=0.00, real=0.00 secs] 
2439.214: [GC (Allocation Failure) [PSYoungGen: 74157K->1469K(74752K)] 430659K->357979K(742912K), 0.0016952 secs] [Times: user=0.01 sys=0.00, real=0.00 secs] 
2440.093: [GC (Allocation Failure) [PSYoungGen: 74173K->1472K(73728K)] 430683K->357982K(741888K), 0.0029900 secs] [Times: user=0.01 sys=0.00, real=0.00 secs] 
2441.058: [GC (Allocation Failure) [PSYoungGen: 73664K->1408K(73216K)] 430174K->357918K(741376K), 0.0036495 secs] [Times: user=0.01 sys=0.00, real=0.01 secs] 
2441.705: [GC (Allocation Failure) [PSYoungGen: 73088K->1376K(72704K)] 429598K->357886K(740864K), 0.0028989 secs] [Times: user=0.01 sys=0.00, real=0.00 secs] 
2442.331: [GC (Allocation Failure) [PSYoungGen: 72544K->1440K(72192K)] 429054K->357950K(740352K), 0.0031920 secs] [Times: user=0.01 sys=0.00, real=0.00 secs] 
2442.654: [GC (Allocation Failure) [PSYoungGen: 72096K->1533K(71680K)] 428606K->358043K(739840K), 0.0017923 secs] [Times: user=0.01 sys=0.00, real=0.00 secs] 
2442.788: [GC (Allocation Failure) [PSYoungGen: 71677K->1485K(71168K)] 428187K->357995K(739328K), 0.0015830 secs] [Times: user=0.00 sys=0.00, real=0.01 secs] 
2442.912: [GC (Allocation Failure) [PSYoungGen: 71117K->1453K(70656K)] 427627K->357963K(738816K), 0.0015580 secs] [Times: user=0.01 sys=0.00, real=0.00 secs] 
2443.036: [GC (Allocation Failure) [PSYoungGen: 70573K->1485K(70144K)] 427083K->358019K(738304K), 0.0016159 secs] [Times: user=0.01 sys=0.00, real=0.00 secs] 
2443.418: [GC (Allocation Failure) [PSYoungGen: 70093K->1408K(69632K)] 426627K->357942K(737792K), 0.0020754 secs] [Times: user=0.01 sys=0.00, real=0.01 secs] 
2443.706: [GC (Allocation Failure) [PSYoungGen: 69504K->1440K(69120K)] 426038K->357974K(737280K), 0.0021332 secs] [Times: user=0.01 sys=0.00, real=0.00 secs] 
2444.223: [GC (Allocation Failure) [PSYoungGen: 69024K->1440K(68608K)] 425558K->357974K(736768K), 0.0019282 secs] [Times: user=0.01 sys=0.00, real=0.00 secs] 
2444.787: [GC (Allocation Failure) [PSYoungGen: 68512K->1408K(68096K)] 425046K->357974K(736256K), 0.0027822 secs] [Times: user=0.01 sys=0.00, real=0.01 secs] 
2445.149: [GC (Allocation Failure) [PSYoungGen: 67968K->1488K(68096K)] 424534K->358054K(736256K), 0.0018064 secs] [Times: user=0.01 sys=0.00, real=0.01 secs] 
2445.283: [GC (Allocation Failure) [PSYoungGen: 68048K->1501K(68096K)] 424614K->358067K(736256K), 0.0018133 secs] [Times: user=0.00 sys=0.00, real=0.00 secs] 
2445.440: [GC (Allocation Failure) [PSYoungGen: 68061K->1501K(68096K)] 424627K->358067K(736256K), 0.0016987 secs] [Times: user=0.01 sys=0.00, real=0.00 secs] 
2445.557: [GC (Allocation Failure) [PSYoungGen: 68061K->1456K(74752K)] 424627K->358046K(742912K), 0.0018009 secs] [Times: user=0.01 sys=0.00, real=0.01 secs] 
2446.344: [GC (Allocation Failure) [PSYoungGen: 74160K->1440K(73728K)] 430750K->358030K(741888K), 0.0029574 secs] [Times: user=0.01 sys=0.00, real=0.00 secs] 
2447.055: [GC (Allocation Failure) [PSYoungGen: 73632K->1376K(73216K)] 430222K->357966K(741376K), 0.0032123 secs] [Times: user=0.01 sys=0.00, real=0.00 secs] 
2447.820: [GC (Allocation Failure) [PSYoungGen: 73056K->1408K(72704K)] 429646K->357998K(740864K), 0.0042002 secs] [Times: user=0.01 sys=0.00, real=0.00 secs] 
2448.847: [GC (Allocation Failure) [PSYoungGen: 72576K->1376K(72192K)] 429166K->357966K(740352K), 0.0044645 secs] [Times: user=0.01 sys=0.01, real=0.01 secs] 
2449.154: [GC (Allocation Failure) [PSYoungGen: 72032K->1472K(71680K)] 428622K->358062K(739840K), 0.0019351 secs] [Times: user=0.01 sys=0.00, real=0.00 secs] 
2449.287: [GC (Allocation Failure) [PSYoungGen: 71616K->1501K(71168K)] 428206K->358091K(739328K), 0.0016421 secs] [Times: user=0.01 sys=0.00, real=0.01 secs] 
2449.428: [GC (Allocation Failure) [PSYoungGen: 71133K->1533K(70656K)] 427723K->358123K(738816K), 0.0016799 secs] [Times: user=0.01 sys=0.00, real=0.01 secs] 
2449.671: [GC (Allocation Failure) [PSYoungGen: 70653K->1472K(70144K)] 427243K->358062K(738304K), 0.0023570 secs] [Times: user=0.01 sys=0.00, real=0.00 secs] 
2449.957: [GC (Allocation Failure) [PSYoungGen: 70080K->1440K(69632K)] 426670K->358030K(737792K), 0.0021128 secs] [Times: user=0.01 sys=0.00, real=0.01 secs] 
2450.252: [GC (Allocation Failure) [PSYoungGen: 69536K->1344K(69120K)] 426126K->357934K(737280K), 0.0022494 secs] [Times: user=0.01 sys=0.00, real=0.00 secs] 
2450.679: [GC (Allocation Failure) [PSYoungGen: 68928K->1440K(68608K)] 425518K->358030K(736768K), 0.0027652 secs] [Times: user=0.02 sys=0.00, real=0.01 secs] 
2451.158: [GC (Allocation Failure) [PSYoungGen: 68512K->1469K(68096K)] 425102K->358059K(736256K), 0.0022936 secs] [Times: user=0.00 sys=0.00, real=0.01 secs] 
2451.304: [GC (Allocation Failure) [PSYoungGen: 68029K->1472K(68096K)] 424619K->358062K(736256K), 0.0016767 secs] [Times: user=0.00 sys=0.00, real=0.00 secs] 
2451.420: [GC (Allocation Failure) [PSYoungGen: 68032K->1501K(68608K)] 424622K->358091K(736768K), 0.0016904 secs] [Times: user=0.00 sys=0.00, real=0.00 secs] 
2451.537: [GC (Allocation Failure) [PSYoungGen: 68061K->1485K(68608K)] 424651K->358075K(736768K), 0.0015887 secs] [Times: user=0.01 sys=0.00, real=0.01 secs] 
2452.097: [GC (Allocation Failure) [PSYoungGen: 68045K->1456K(68608K)] 424635K->358046K(736768K), 0.0025905 secs] [Times: user=0.01 sys=0.00, real=0.01 secs] 
2452.411: [GC (Allocation Failure) [PSYoungGen: 68016K->1440K(68608K)] 424606K->358030K(736768K), 0.0020612 secs] [Times: user=0.01 sys=0.00, real=0.00 secs] 
2452.742: [GC (Allocation Failure) [PSYoungGen: 68000K->1440K(68608K)] 424590K->358030K(736768K), 0.0020501 secs] [Times: user=0.01 sys=0.00, real=0.00 secs] 
2453.025: [GC (Allocation Failure) [PSYoungGen: 68000K->1408K(68608K)] 424590K->358014K(736768K), 0.0020736 secs] [Times: user=0.01 sys=0.00, real=0.00 secs] 
2453.401: [GC (Allocation Failure) [PSYoungGen: 67962K->1440K(68096K)] 424569K->358046K(736256K), 0.0035015 secs] [Times: user=0.02 sys=0.00, real=0.00 secs] 
2453.647: [GC (Allocation Failure) [PSYoungGen: 68000K->1533K(67584K)] 424606K->358139K(735744K), 0.0020614 secs] [Times: user=0.01 sys=0.00, real=0.01 secs] 
2453.783: [GC (Allocation Failure) [PSYoungGen: 67581K->1533K(68096K)] 424187K->358139K(736256K), 0.0015527 secs] [Times: user=0.01 sys=0.00, real=0.00 secs] 
2453.901: [GC (Allocation Failure) [PSYoungGen: 67581K->1501K(68096K)] 424187K->358123K(736256K), 0.0015509 secs] [Times: user=0.00 sys=0.00, real=0.00 secs] 
2454.125: [GC (Allocation Failure) [PSYoungGen: 67549K->1984K(68096K)] 424171K->358606K(736256K), 0.0019577 secs] [Times: user=0.01 sys=0.00, real=0.00 secs] 
2454.608: [GC (Allocation Failure) [PSYoungGen: 68032K->1408K(68096K)] 424654K->358030K(736256K), 0.0022325 secs] [Times: user=0.01 sys=0.00, real=0.01 secs] 
2454.884: [GC (Allocation Failure) [PSYoungGen: 67456K->1408K(68096K)] 424078K->358030K(736256K), 0.0021871 secs] [Times: user=0.01 sys=0.00, real=0.00 secs] 
2455.159: [GC (Allocation Failure) [PSYoungGen: 67456K->1408K(68096K)] 424078K->358030K(736256K), 0.0021321 secs] [Times: user=0.01 sys=0.00, real=0.00 secs] 
2455.433: [GC (Allocation Failure) [PSYoungGen: 67456K->1376K(68096K)] 424078K->357998K(736256K), 0.0018803 secs] [Times: user=0.01 sys=0.00, real=0.00 secs] 
2455.605: [GC (Allocation Failure) [PSYoungGen: 67424K->1501K(68096K)] 424046K->358123K(736256K), 0.0015820 secs] [Times: user=0.01 sys=0.00, real=0.00 secs] 
2455.722: [GC (Allocation Failure) [PSYoungGen: 67549K->1485K(68096K)] 424171K->358107K(736256K), 0.0015982 secs] [Times: user=0.00 sys=0.00, real=0.00 secs] 
2455.838: [GC (Allocation Failure) [PSYoungGen: 67533K->1533K(68096K)] 424155K->358171K(736256K), 0.0016456 secs] [Times: user=0.01 sys=0.00, real=0.01 secs] 
2455.955: [GC (Allocation Failure) [PSYoungGen: 67581K->1504K(68096K)] 424219K->358142K(736256K), 0.0015581 secs] [Times: user=0.00 sys=0.00, real=0.00 secs] 
2456.984: [GC (Allocation Failure) [PSYoungGen: 67552K->1456K(74240K)] 424190K->358094K(742400K), 0.0068473 secs] [Times: user=0.01 sys=0.03, real=0.01 secs] 
2457.828: [GC (Allocation Failure) [PSYoungGen: 74160K->1408K(73728K)] 430798K->358046K(741888K), 0.0027031 secs] [Times: user=0.01 sys=0.00, real=0.01 secs] 
2458.582: [GC (Allocation Failure) [PSYoungGen: 73600K->1344K(73216K)] 430238K->357982K(741376K), 0.0034433 secs] [Times: user=0.01 sys=0.00, real=0.00 secs] 
2459.317: [GC (Allocation Failure) [PSYoungGen: 73024K->1408K(72704K)] 429662K->358046K(740864K), 0.0029064 secs] [Times: user=0.02 sys=0.00, real=0.01 secs] 
2459.598: [GC (Allocation Failure) [PSYoungGen: 72576K->1469K(72192K)] 429214K->358107K(740352K), 0.0017241 secs] [Times: user=0.01 sys=0.00, real=0.01 secs] 
2459.722: [GC (Allocation Failure) [PSYoungGen: 72125K->1533K(71680K)] 428763K->358171K(739840K), 0.0015966 secs] [Times: user=0.00 sys=0.00, real=0.00 secs] 
2459.846: [GC (Allocation Failure) [PSYoungGen: 71677K->1453K(71168K)] 428315K->358107K(739328K), 0.0018628 secs] [Times: user=0.00 sys=0.00, real=0.00 secs] 
2460.185: [GC (Allocation Failure) [PSYoungGen: 71085K->1456K(70656K)] 427739K->358110K(738816K), 0.0020612 secs] [Times: user=0.01 sys=0.00, real=0.00 secs] 
2460.865: [GC (Allocation Failure) [PSYoungGen: 70576K->1376K(70144K)] 427230K->358030K(738304K), 0.0026199 secs] [Times: user=0.01 sys=0.00, real=0.00 secs] 
2461.402: [GC (Allocation Failure) [PSYoungGen: 69984K->1376K(69632K)] 426638K->358030K(737792K), 0.0039845 secs] [Times: user=0.02 sys=0.00, real=0.00 secs] 
2462.240: [GC (Allocation Failure) [PSYoungGen: 69472K->1376K(69120K)] 426126K->358030K(737280K), 0.0044112 secs] [Times: user=0.01 sys=0.00, real=0.00 secs] 
2463.014: [GC (Allocation Failure) [PSYoungGen: 68960K->1469K(68608K)] 425614K->358123K(736768K), 0.0027635 secs] [Times: user=0.01 sys=0.01, real=0.00 secs] 
2463.190: [GC (Allocation Failure) [PSYoungGen: 68541K->1453K(68096K)] 425195K->358107K(736256K), 0.0017464 secs] [Times: user=0.01 sys=0.00, real=0.00 secs] 
2463.309: [GC (Allocation Failure) [PSYoungGen: 68013K->1533K(68608K)] 424667K->358187K(736768K), 0.0016749 secs] [Times: user=0.00 sys=0.00, real=0.00 secs] 
2463.427: [GC (Allocation Failure) [PSYoungGen: 68093K->1533K(68608K)] 424747K->358187K(736768K), 0.0015621 secs] [Times: user=0.00 sys=0.00, real=0.01 secs] 
2463.716: [GC (Allocation Failure) [PSYoungGen: 68093K->1472K(68608K)] 424747K->358126K(736768K), 0.0019330 secs] [Times: user=0.01 sys=0.00, real=0.00 secs] 
2463.992: [GC (Allocation Failure) [PSYoungGen: 68032K->1440K(68608K)] 424686K->358094K(736768K), 0.0019405 secs] [Times: user=0.00 sys=0.00, real=0.00 secs] 
2464.569: [GC (Allocation Failure) [PSYoungGen: 68000K->1408K(68608K)] 424654K->358062K(736768K), 0.0040493 secs] [Times: user=0.02 sys=0.00, real=0.00 secs] 
2465.098: [GC (Allocation Failure) [PSYoungGen: 67968K->1376K(68608K)] 424622K->358054K(736768K), 0.0028994 secs] [Times: user=0.01 sys=0.00, real=0.01 secs] 
2465.699: [GC (Allocation Failure) [PSYoungGen: 67920K->1440K(68608K)] 424598K->358118K(736768K), 0.0042057 secs] [Times: user=0.02 sys=0.00, real=0.00 secs] 
2465.923: [GC (Allocation Failure) [PSYoungGen: 68000K->1488K(68608K)] 424678K->358166K(736768K), 0.0019303 secs] [Times: user=0.01 sys=0.00, real=0.00 secs] 
2466.083: [GC (Allocation Failure) [PSYoungGen: 68048K->1536K(68608K)] 424726K->358214K(736768K), 0.0019263 secs] [Times: user=0.01 sys=0.00, real=0.00 secs] 
2466.229: [GC (Allocation Failure) [PSYoungGen: 68096K->1485K(68608K)] 424774K->358179K(736768K), 0.0015222 secs] [Times: user=0.00 sys=0.00, real=0.00 secs] 
2466.723: [GC (Allocation Failure) [PSYoungGen: 68045K->1472K(68608K)] 424739K->358166K(736768K), 0.0030463 secs] [Times: user=0.01 sys=0.01, real=0.00 secs] 
2467.938: [GC (Allocation Failure) [PSYoungGen: 68032K->1408K(68608K)] 424726K->358102K(736768K), 0.0042809 secs] [Times: user=0.02 sys=0.00, real=0.01 secs] 
2468.901: [GC (Allocation Failure) [PSYoungGen: 67968K->1408K(68608K)] 424662K->358102K(736768K), 0.0076676 secs] [Times: user=0.03 sys=0.00, real=0.00 secs] 
2469.701: [GC (Allocation Failure) [PSYoungGen: 67968K->1440K(68608K)] 424662K->358134K(736768K), 0.0042112 secs] [Times: user=0.02 sys=0.00, real=0.00 secs] 
2470.602: [GC (Allocation Failure) [PSYoungGen: 68000K->1376K(68608K)] 424694K->358070K(736768K), 0.0040670 secs] [Times: user=0.01 sys=0.00, real=0.00 secs] 
2470.859: [GC (Allocation Failure) [PSYoungGen: 67936K->1520K(68608K)] 424630K->358214K(736768K), 0.0019507 secs] [Times: user=0.01 sys=0.00, real=0.00 secs] 
2470.985: [GC (Allocation Failure) [PSYoungGen: 68077K->1453K(68608K)] 424771K->358147K(736768K), 0.0017123 secs] [Times: user=0.00 sys=0.00, real=0.00 secs] 
2471.102: [GC (Allocation Failure) [PSYoungGen: 68013K->1456K(68608K)] 424707K->358166K(736768K), 0.0016423 secs] [Times: user=0.01 sys=0.00, real=0.00 secs] 
2471.391: [GC (Allocation Failure) [PSYoungGen: 68016K->1984K(68608K)] 424726K->358694K(736768K), 0.0024006 secs] [Times: user=0.01 sys=0.00, real=0.00 secs] 
2472.435: [GC (Allocation Failure) [PSYoungGen: 68544K->1376K(68608K)] 425254K->358086K(736768K), 0.0032101 secs] [Times: user=0.02 sys=0.00, real=0.00 secs] 
2473.251: [GC (Allocation Failure) [PSYoungGen: 67936K->1408K(68608K)] 424646K->358118K(736768K), 0.0034074 secs] [Times: user=0.01 sys=0.00, real=0.00 secs] 
2474.197: [GC (Allocation Failure) [PSYoungGen: 67968K->1408K(68608K)] 424678K->358118K(736768K), 0.0035007 secs] [Times: user=0.01 sys=0.00, real=0.01 secs] 
2475.240: [GC (Allocation Failure) [PSYoungGen: 67968K->1376K(68608K)] 424678K->358086K(736768K), 0.0042326 secs] [Times: user=0.02 sys=0.00, real=0.00 secs] 
2475.654: [GC (Allocation Failure) [PSYoungGen: 67936K->1421K(68608K)] 424646K->358131K(736768K), 0.0018908 secs] [Times: user=0.01 sys=0.00, real=0.00 secs] 
2475.787: [GC (Allocation Failure) [PSYoungGen: 67981K->1469K(68608K)] 424691K->358179K(736768K), 0.0015629 secs] [Times: user=0.01 sys=0.00, real=0.00 secs] 
2475.922: [GC (Allocation Failure) [PSYoungGen: 68029K->1504K(68608K)] 424739K->358222K(736768K), 0.0017935 secs] [Times: user=0.00 sys=0.00, real=0.00 secs] 
2476.078: [GC (Allocation Failure) [PSYoungGen: 68064K->1472K(68608K)] 424782K->358190K(736768K), 0.0020409 secs] [Times: user=0.01 sys=0.00, real=0.01 secs] 
2476.739: [GC (Allocation Failure) [PSYoungGen: 68032K->1440K(68608K)] 424750K->358190K(736768K), 0.0020184 secs] [Times: user=0.01 sys=0.00, real=0.00 secs] 
2477.016: [GC (Allocation Failure) [PSYoungGen: 68000K->1424K(68608K)] 424750K->358174K(736768K), 0.0018806 secs] [Times: user=0.01 sys=0.00, real=0.00 secs] 
2477.404: [GC (Allocation Failure) [PSYoungGen: 67984K->1408K(68608K)] 424734K->358158K(736768K), 0.0020167 secs] [Times: user=0.01 sys=0.00, real=0.00 secs] 
2477.869: [GC (Allocation Failure) [PSYoungGen: 67968K->1376K(68608K)] 424718K->358126K(736768K), 0.0025225 secs] [Times: user=0.01 sys=0.00, real=0.00 secs] 
2478.135: [GC (Allocation Failure) [PSYoungGen: 67936K->1501K(68608K)] 424686K->358251K(736768K), 0.0016228 secs] [Times: user=0.01 sys=0.00, real=0.00 secs] 
2478.251: [GC (Allocation Failure) [PSYoungGen: 68061K->1453K(68608K)] 424811K->358203K(736768K), 0.0016672 secs] [Times: user=0.01 sys=0.00, real=0.00 secs] 
2478.368: [GC (Allocation Failure) [PSYoungGen: 68013K->1453K(68608K)] 424763K->358219K(736768K), 0.0015471 secs] [Times: user=0.01 sys=0.00, real=0.01 secs] 
2478.485: [GC (Allocation Failure) [PSYoungGen: 68013K->1485K(68608K)] 424779K->358251K(736768K), 0.0016717 secs] [Times: user=0.00 sys=0.01, real=0.00 secs] 
2479.565: [GC (Allocation Failure) [PSYoungGen: 68045K->1440K(68096K)] 424811K->358206K(736256K), 0.0042297 secs] [Times: user=0.02 sys=0.00, real=0.01 secs] 
2480.314: [GC (Allocation Failure) [PSYoungGen: 68000K->1440K(68096K)] 424766K->358206K(736256K), 0.0033551 secs] [Times: user=0.02 sys=0.00, real=0.00 secs] 
2481.206: [GC (Allocation Failure) [PSYoungGen: 68000K->1440K(68096K)] 424766K->358206K(736256K), 0.0034197 secs] [Times: user=0.02 sys=0.00, real=0.01 secs] 
2482.007: [GC (Allocation Failure) [PSYoungGen: 68000K->1408K(68096K)] 424766K->358174K(736256K), 0.0035572 secs] [Times: user=0.02 sys=0.00, real=0.01 secs] 
2482.643: [GC (Allocation Failure) [PSYoungGen: 67968K->1389K(68096K)] 424734K->358155K(736256K), 0.0020960 secs] [Times: user=0.00 sys=0.00, real=0.00 secs] 
2482.786: [GC (Allocation Failure) [PSYoungGen: 67949K->1517K(68096K)] 424715K->358283K(736256K), 0.0015992 secs] [Times: user=0.00 sys=0.00, real=0.00 secs] 
2482.904: [GC (Allocation Failure) [PSYoungGen: 68077K->1520K(68096K)] 424843K->358286K(736256K), 0.0016087 secs] [Times: user=0.01 sys=0.00, real=0.00 secs] 
2483.021: [GC (Allocation Failure) [PSYoungGen: 68080K->1501K(68096K)] 424846K->358275K(736256K), 0.0017794 secs] [Times: user=0.01 sys=0.00, real=0.00 secs] 
2483.464: [GC (Allocation Failure) [PSYoungGen: 68061K->1472K(68096K)] 424835K->358246K(736256K), 0.0019643 secs] [Times: user=0.01 sys=0.00, real=0.00 secs] 
2483.741: [GC (Allocation Failure) [PSYoungGen: 68032K->1376K(68096K)] 424806K->358150K(736256K), 0.0020200 secs] [Times: user=0.00 sys=0.00, real=0.00 secs] 
2484.026: [GC (Allocation Failure) [PSYoungGen: 67936K->1376K(68096K)] 424710K->358150K(736256K), 0.0018954 secs] [Times: user=0.01 sys=0.00, real=0.00 secs] 
2484.303: [GC (Allocation Failure) [PSYoungGen: 67936K->1376K(68096K)] 424710K->358150K(736256K), 0.0023787 secs] [Times: user=0.01 sys=0.00, real=0.00 secs] 
2484.519: [GC (Allocation Failure) [PSYoungGen: 67936K->1485K(68096K)] 424710K->358259K(736256K), 0.0015264 secs] [Times: user=0.01 sys=0.00, real=0.00 secs] 
2484.635: [GC (Allocation Failure) [PSYoungGen: 68045K->1485K(68096K)] 424819K->358259K(736256K), 0.0017283 secs] [Times: user=0.00 sys=0.00, real=0.00 secs] 
2484.754: [GC (Allocation Failure) [PSYoungGen: 68045K->1488K(68608K)] 424819K->358262K(736768K), 0.0016337 secs] [Times: user=0.01 sys=0.00, real=0.00 secs] 
2484.873: [GC (Allocation Failure) [PSYoungGen: 68048K->1501K(68608K)] 424822K->358307K(736768K), 0.0015682 secs] [Times: user=0.01 sys=0.00, real=0.00 secs] 
2485.109: [GC (Allocation Failure) [PSYoungGen: 68061K->1440K(74752K)] 424867K->358246K(742912K), 0.0018508 secs] [Times: user=0.01 sys=0.00, real=0.00 secs] 
2485.413: [GC (Allocation Failure) [PSYoungGen: 74656K->1424K(74240K)] 431462K->358230K(742400K), 0.0018850 secs] [Times: user=0.00 sys=0.00, real=0.00 secs] 
2485.715: [GC (Allocation Failure) [PSYoungGen: 74128K->1376K(73728K)] 430934K->358182K(741888K), 0.0027249 secs] [Times: user=0.01 sys=0.00, real=0.00 secs] 
2486.147: [GC (Allocation Failure) [PSYoungGen: 73568K->1376K(73216K)] 430374K->358182K(741376K), 0.0028211 secs] [Times: user=0.01 sys=0.00, real=0.01 secs] 
2486.512: [GC (Allocation Failure) [PSYoungGen: 73056K->1533K(72704K)] 429862K->358339K(740864K), 0.0021133 secs] [Times: user=0.01 sys=0.00, real=0.00 secs] 
2486.661: [GC (Allocation Failure) [PSYoungGen: 72701K->1517K(72192K)] 429507K->358323K(740352K), 0.0016189 secs] [Times: user=0.01 sys=0.00, real=0.00 secs] 
2486.805: [GC (Allocation Failure) [PSYoungGen: 72173K->1501K(71680K)] 428979K->358307K(739840K), 0.0017627 secs] [Times: user=0.01 sys=0.00, real=0.00 secs] 
2487.200: [GC (Allocation Failure) [PSYoungGen: 71645K->1632K(71680K)] 428451K->358438K(739840K), 0.0019084 secs] [Times: user=0.01 sys=0.00, real=0.00 secs] 
2487.541: [GC (Allocation Failure) [PSYoungGen: 71264K->1408K(70656K)] 428070K->358214K(738816K), 0.0024061 secs] [Times: user=0.01 sys=0.00, real=0.00 secs] 
2487.823: [GC (Allocation Failure) [PSYoungGen: 70528K->1408K(70144K)] 427334K->358214K(738304K), 0.0021332 secs] [Times: user=0.01 sys=0.00, real=0.00 secs] 
2488.349: [GC (Allocation Failure) [PSYoungGen: 70016K->1376K(69632K)] 426822K->358182K(737792K), 0.0021497 secs] [Times: user=0.01 sys=0.00, real=0.00 secs] 
2488.872: [GC (Allocation Failure) [PSYoungGen: 69472K->1408K(69120K)] 426278K->358214K(737280K), 0.0035738 secs] [Times: user=0.01 sys=0.00, real=0.00 secs] 
2489.140: [GC (Allocation Failure) [PSYoungGen: 68992K->1504K(68608K)] 425798K->358334K(736768K), 0.0018189 secs] [Times: user=0.00 sys=0.00, real=0.00 secs] 
2489.262: [GC (Allocation Failure) [PSYoungGen: 68576K->1453K(68096K)] 425406K->358283K(736256K), 0.0016169 secs] [Times: user=0.00 sys=0.00, real=0.00 secs] 
2489.378: [GC (Allocation Failure) [PSYoungGen: 68013K->1533K(68096K)] 424843K->358363K(736256K), 0.0015174 secs] [Times: user=0.00 sys=0.00, real=0.01 secs] 
2489.663: [GC (Allocation Failure) [PSYoungGen: 68093K->1968K(68608K)] 424923K->359310K(736768K), 0.0022660 secs] [Times: user=0.00 sys=0.00, real=0.00 secs] 
2490.278: [GC (Allocation Failure) [PSYoungGen: 68528K->1392K(68608K)] 425870K->358734K(736768K), 0.0020719 secs] [Times: user=0.01 sys=0.00, real=0.01 secs] 
2490.752: [GC (Allocation Failure) [PSYoungGen: 67952K->1408K(68608K)] 425294K->358750K(736768K), 0.0035559 secs] [Times: user=0.01 sys=0.00, real=0.00 secs] 
2491.256: [GC (Allocation Failure) [PSYoungGen: 67968K->1424K(68608K)] 425310K->358766K(736768K), 0.0030600 secs] [Times: user=0.01 sys=0.00, real=0.01 secs] 
2491.729: [GC (Allocation Failure) [PSYoungGen: 67984K->1424K(68608K)] 425326K->358766K(736768K), 0.0028312 secs] [Times: user=0.01 sys=0.00, real=0.00 secs] 
2492.033: [GC (Allocation Failure) [PSYoungGen: 67984K->1549K(68608K)] 425326K->358891K(736768K), 0.0017454 secs] [Times: user=0.00 sys=0.00, real=0.00 secs] 
2492.154: [GC (Allocation Failure) [PSYoungGen: 68109K->1501K(68608K)] 425451K->358843K(736768K), 0.0015543 secs] [Times: user=0.00 sys=0.00, real=0.00 secs] 
2492.271: [GC (Allocation Failure) [PSYoungGen: 68061K->1517K(68608K)] 425403K->358875K(736768K), 0.0016067 secs] [Times: user=0.01 sys=0.00, real=0.00 secs] 
2492.388: [GC (Allocation Failure) [PSYoungGen: 68077K->1549K(68608K)] 425435K->358907K(736768K), 0.0017607 secs] [Times: user=0.01 sys=0.00, real=0.01 secs] 
2492.687: [GC (Allocation Failure) [PSYoungGen: 68109K->1456K(68096K)] 425467K->358814K(736256K), 0.0018032 secs] [Times: user=0.00 sys=0.00, real=0.01 secs] 
2493.071: [GC (Allocation Failure) [PSYoungGen: 68016K->1392K(68096K)] 425374K->358750K(736256K), 0.0019276 secs] [Times: user=0.00 sys=0.00, real=0.00 secs] 
2493.639: [GC (Allocation Failure) [PSYoungGen: 67952K->1408K(68096K)] 425310K->358790K(736256K), 0.0018004 secs] [Times: user=0.00 sys=0.01, real=0.00 secs] 
2494.161: [GC (Allocation Failure) [PSYoungGen: 67968K->1424K(68096K)] 425350K->358806K(736256K), 0.0020723 secs] [Times: user=0.01 sys=0.00, real=0.00 secs] 
2494.400: [GC (Allocation Failure) [PSYoungGen: 67984K->1533K(68096K)] 425366K->358939K(736256K), 0.0017248 secs] [Times: user=0.01 sys=0.00, real=0.00 secs] 
2494.520: [GC (Allocation Failure) [PSYoungGen: 68093K->1485K(73216K)] 425499K->358923K(741376K), 0.0068054 secs] [Times: user=0.03 sys=0.00, real=0.00 secs] 
2494.656: [GC (Allocation Failure) [PSYoungGen: 72653K->1533K(77312K)] 430091K->358971K(745472K), 0.0015684 secs] [Times: user=0.00 sys=0.00, real=0.00 secs] 
2494.851: [GC (Allocation Failure) [PSYoungGen: 76797K->1728K(77312K)] 434235K->359166K(745472K), 0.0019469 secs] [Times: user=0.01 sys=0.00, real=0.00 secs] 
2495.790: [GC (Allocation Failure) [PSYoungGen: 76992K->1408K(85504K)] 434430K->358846K(753664K), 0.0020876 secs] [Times: user=0.01 sys=0.00, real=0.00 secs] 
2496.867: [GC (Allocation Failure) [PSYoungGen: 85376K->1408K(84992K)] 442814K->358846K(753152K), 0.0021936 secs] [Times: user=0.01 sys=0.00, real=0.01 secs] 
2497.584: [GC (Allocation Failure) [PSYoungGen: 84864K->1408K(84480K)] 442302K->358846K(752640K), 0.0027640 secs] [Times: user=0.01 sys=0.00, real=0.00 secs] 
2498.029: [GC (Allocation Failure) [PSYoungGen: 84352K->1501K(83968K)] 441790K->358939K(752128K), 0.0017489 secs] [Times: user=0.01 sys=0.00, real=0.00 secs] 
2498.176: [GC (Allocation Failure) [PSYoungGen: 83933K->1501K(83456K)] 441371K->358939K(751616K), 0.0017126 secs] [Times: user=0.00 sys=0.00, real=0.00 secs] 
2498.320: [GC (Allocation Failure) [PSYoungGen: 83421K->1533K(82944K)] 440859K->358971K(751104K), 0.0016200 secs] [Times: user=0.00 sys=0.00, real=0.00 secs] 
2498.876: [GC (Allocation Failure) [PSYoungGen: 82941K->1472K(82432K)] 440379K->358910K(750592K), 0.0020756 secs] [Times: user=0.00 sys=0.00, real=0.00 secs] 
2499.628: [GC (Allocation Failure) [PSYoungGen: 82368K->1376K(81920K)] 439806K->358814K(750080K), 0.0022012 secs] [Times: user=0.01 sys=0.00, real=0.01 secs] 
2500.508: [GC (Allocation Failure) [PSYoungGen: 81760K->1408K(81408K)] 439198K->358846K(749568K), 0.0029908 secs] [Times: user=0.02 sys=0.00, real=0.01 secs] 
2501.532: [GC (Allocation Failure) [PSYoungGen: 81280K->1408K(80896K)] 438718K->358846K(749056K), 0.0029203 secs] [Times: user=0.01 sys=0.00, real=0.00 secs] 
2501.800: [GC (Allocation Failure) [PSYoungGen: 80768K->1517K(80384K)] 438206K->358955K(748544K), 0.0016270 secs] [Times: user=0.01 sys=0.00, real=0.00 secs] 
2501.939: [GC (Allocation Failure) [PSYoungGen: 80365K->1485K(79872K)] 437803K->358923K(748032K), 0.0016229 secs] [Times: user=0.00 sys=0.00, real=0.00 secs] 
2502.076: [GC (Allocation Failure) [PSYoungGen: 79821K->1485K(79360K)] 437259K->358923K(747520K), 0.0016374 secs] [Times: user=0.00 sys=0.00, real=0.00 secs] 
2502.669: [GC (Allocation Failure) [PSYoungGen: 79309K->1440K(78848K)] 436747K->358878K(747008K), 0.0019065 secs] [Times: user=0.00 sys=0.00, real=0.00 secs] 
2503.395: [GC (Allocation Failure) [PSYoungGen: 78752K->1440K(78336K)] 436190K->358886K(746496K), 0.0022518 secs] [Times: user=0.01 sys=0.00, real=0.00 secs] 
2503.818: [GC (Allocation Failure) [PSYoungGen: 78240K->1376K(77824K)] 435686K->358822K(745984K), 0.0021298 secs] [Times: user=0.01 sys=0.00, real=0.01 secs] 
2504.177: [GC (Allocation Failure) [PSYoungGen: 77505K->288K(77312K)] 434951K->357734K(745472K), 0.0022445 secs] [Times: user=0.01 sys=0.00, real=0.01 secs] 
2504.330: [GC (Allocation Failure) [PSYoungGen: 76064K->1485K(76800K)] 433510K->358931K(744960K), 0.0017234 secs] [Times: user=0.01 sys=0.00, real=0.00 secs] 
2504.463: [GC (Allocation Failure) [PSYoungGen: 76749K->1517K(76288K)] 434195K->358963K(744448K), 0.0016376 secs] [Times: user=0.00 sys=0.00, real=0.00 secs] 
2504.594: [GC (Allocation Failure) [PSYoungGen: 76269K->1485K(75776K)] 433715K->358931K(743936K), 0.0016167 secs] [Times: user=0.01 sys=0.00, real=0.00 secs] 
2505.018: [GC (Allocation Failure) [PSYoungGen: 75725K->1440K(75264K)] 433171K->358886K(743424K), 0.0018485 secs] [Times: user=0.01 sys=0.00, real=0.01 secs] 
2505.867: [GC (Allocation Failure) [PSYoungGen: 75168K->1376K(74752K)] 432614K->358846K(742912K), 0.0018350 secs] [Times: user=0.00 sys=0.01, real=0.00 secs] 
2506.660: [GC (Allocation Failure) [PSYoungGen: 74592K->1376K(74240K)] 432062K->358846K(742400K), 0.0027063 secs] [Times: user=0.01 sys=0.00, real=0.00 secs] 
2507.339: [GC (Allocation Failure) [PSYoungGen: 74080K->1376K(73728K)] 431550K->358846K(741888K), 0.0026567 secs] [Times: user=0.01 sys=0.00, real=0.01 secs] 
2507.697: [GC (Allocation Failure) [PSYoungGen: 73542K->1456K(73216K)] 431012K->358926K(741376K), 0.0018887 secs] [Times: user=0.00 sys=0.00, real=0.01 secs] 
2507.826: [GC (Allocation Failure) [PSYoungGen: 73136K->1501K(72704K)] 430606K->358971K(740864K), 0.0017516 secs] [Times: user=0.01 sys=0.00, real=0.00 secs] 
2507.952: [GC (Allocation Failure) [PSYoungGen: 72669K->1453K(72192K)] 430139K->358923K(740352K), 0.0016314 secs] [Times: user=0.00 sys=0.00, real=0.00 secs] 
2508.141: [GC (Allocation Failure) [PSYoungGen: 72109K->1728K(72192K)] 429579K->359198K(740352K), 0.0019366 secs] [Times: user=0.00 sys=0.00, real=0.00 secs] 
2508.481: [GC (Allocation Failure) [PSYoungGen: 71872K->1408K(71168K)] 429342K->358878K(739328K), 0.0020619 secs] [Times: user=0.01 sys=0.00, real=0.00 secs] 
2508.770: [GC (Allocation Failure) [PSYoungGen: 71040K->1376K(70656K)] 428510K->358846K(738816K), 0.0022778 secs] [Times: user=0.01 sys=0.00, real=0.00 secs] 
2509.087: [GC (Allocation Failure) [PSYoungGen: 70496K->1408K(70144K)] 427966K->358878K(738304K), 0.0020703 secs] [Times: user=0.01 sys=0.00, real=0.01 secs] 
2509.471: [GC (Allocation Failure) [PSYoungGen: 70016K->1424K(69632K)] 427486K->358894K(737792K), 0.0022974 secs] [Times: user=0.01 sys=0.00, real=0.00 secs] 
2509.622: [GC (Allocation Failure) [PSYoungGen: 69520K->1453K(69120K)] 426990K->358923K(737280K), 0.0015559 secs] [Times: user=0.00 sys=0.00, real=0.00 secs] 
2509.761: [GC (Allocation Failure) [PSYoungGen: 69037K->1565K(69120K)] 426507K->359035K(737280K), 0.0021008 secs] [Times: user=0.00 sys=0.00, real=0.00 secs] 
2509.914: [GC (Allocation Failure) [PSYoungGen: 68637K->493K(69120K)] 426107K->358987K(737280K), 0.0019455 secs] [Times: user=0.00 sys=0.00, real=0.00 secs] 
2510.520: [GC (Allocation Failure) [PSYoungGen: 68589K->1472K(69120K)] 427083K->359966K(737280K), 0.0046335 secs] [Times: user=0.02 sys=0.00, real=0.00 secs] 
2511.257: [GC (Allocation Failure) [PSYoungGen: 69056K->1408K(68608K)] 427550K->359902K(736768K), 0.0033412 secs] [Times: user=0.01 sys=0.00, real=0.01 secs] 
2511.807: [GC (Allocation Failure) [PSYoungGen: 68480K->1344K(68096K)] 426974K->359838K(736256K), 0.0029447 secs] [Times: user=0.01 sys=0.00, real=0.01 secs] 
2512.085: [GC (Allocation Failure) [PSYoungGen: 67904K->1408K(68608K)] 426398K->359902K(736768K), 0.0021435 secs] [Times: user=0.01 sys=0.00, real=0.00 secs] 
2512.369: [GC (Allocation Failure) [PSYoungGen: 67968K->1405K(68608K)] 426462K->359899K(736768K), 0.0019729 secs] [Times: user=0.00 sys=0.00, real=0.00 secs] 
2512.498: [GC (Allocation Failure) [PSYoungGen: 67965K->1501K(68608K)] 426459K->359995K(736768K), 0.0016470 secs] [Times: user=0.01 sys=0.00, real=0.01 secs] 
2512.615: [GC (Allocation Failure) [PSYoungGen: 68061K->1533K(68608K)] 426555K->360027K(736768K), 0.0015190 secs] [Times: user=0.01 sys=0.00, real=0.00 secs] 
2512.732: [GC (Allocation Failure) [PSYoungGen: 68093K->1456K(68608K)] 426587K->359966K(736768K), 0.0015654 secs] [Times: user=0.01 sys=0.00, real=0.00 secs] 
2512.889: [GC (Allocation Failure) [PSYoungGen: 68016K->1952K(68608K)] 426526K->360462K(736768K), 0.0017781 secs] [Times: user=0.01 sys=0.00, real=0.00 secs] 
2513.165: [GC (Allocation Failure) [PSYoungGen: 68512K->1392K(74752K)] 427022K->359926K(742912K), 0.0024114 secs] [Times: user=0.01 sys=0.00, real=0.00 secs] 
2513.469: [GC (Allocation Failure) [PSYoungGen: 74608K->1440K(74240K)] 433142K->359974K(742400K), 0.0017078 secs] [Times: user=0.01 sys=0.00, real=0.00 secs] 
2513.771: [GC (Allocation Failure) [PSYoungGen: 74144K->1408K(73728K)] 432678K->359942K(741888K), 0.0017157 secs] [Times: user=0.01 sys=0.00, real=0.00 secs] 
2514.135: [GC (Allocation Failure) [PSYoungGen: 73600K->1453K(73216K)] 432134K->359987K(741376K), 0.0032117 secs] [Times: user=0.01 sys=0.00, real=0.00 secs] 
2514.350: [GC (Allocation Failure) [PSYoungGen: 73133K->1485K(72704K)] 431667K->360019K(740864K), 0.0018552 secs] [Times: user=0.01 sys=0.00, real=0.00 secs] 
2514.496: [GC (Allocation Failure) [PSYoungGen: 72653K->1520K(73216K)] 431187K->360054K(741376K), 0.0026500 secs] [Times: user=0.01 sys=0.00, real=0.01 secs] 
2514.655: [GC (Allocation Failure) [PSYoungGen: 72688K->1472K(80896K)] 431222K->360022K(749056K), 0.0026861 secs] [Times: user=0.01 sys=0.00, real=0.00 secs] 
2515.056: [GC (Allocation Failure) [PSYoungGen: 80320K->1392K(80896K)] 438870K->359942K(749056K), 0.0038793 secs] [Times: user=0.01 sys=0.00, real=0.01 secs] 
2515.439: [GC (Allocation Failure) [PSYoungGen: 80240K->1376K(88576K)] 438790K->359926K(756736K), 0.0024456 secs] [Times: user=0.01 sys=0.00, real=0.00 secs] 
2515.934: [GC (Allocation Failure) [PSYoungGen: 88416K->1376K(88064K)] 446966K->359926K(756224K), 0.0028563 secs] [Times: user=0.02 sys=0.00, real=0.00 secs] 
2516.642: [GC (Allocation Failure) [PSYoungGen: 87904K->1469K(87552K)] 446454K->360019K(755712K), 0.0022072 secs] [Times: user=0.01 sys=0.00, real=0.00 secs] 
2516.822: [GC (Allocation Failure) [PSYoungGen: 87485K->1517K(87040K)] 446035K->360067K(755200K), 0.0017210 secs] [Times: user=0.01 sys=0.00, real=0.00 secs] 
2516.971: [GC (Allocation Failure) [PSYoungGen: 87021K->1517K(86528K)] 445571K->360067K(754688K), 0.0016124 secs] [Times: user=0.01 sys=0.00, real=0.00 secs] 
2517.252: [GC (Allocation Failure) [PSYoungGen: 86509K->1488K(86016K)] 445059K->360038K(754176K), 0.0018340 secs] [Times: user=0.01 sys=0.00, real=0.00 secs] 
2517.821: [GC (Allocation Failure) [PSYoungGen: 85968K->1408K(85504K)] 444518K->359958K(753664K), 0.0019133 secs] [Times: user=0.01 sys=0.00, real=0.00 secs] 
2518.191: [GC (Allocation Failure) [PSYoungGen: 85376K->1376K(84992K)] 443926K->359926K(753152K), 0.0024806 secs] [Times: user=0.01 sys=0.00, real=0.00 secs] 
2518.769: [GC (Allocation Failure) [PSYoungGen: 84832K->1408K(84480K)] 443382K->359958K(752640K), 0.0029237 secs] [Times: user=0.01 sys=0.00, real=0.00 secs] 
2519.064: [GC (Allocation Failure) [PSYoungGen: 84352K->1469K(83968K)] 442902K->360019K(752128K), 0.0017863 secs] [Times: user=0.01 sys=0.00, real=0.00 secs] 
2519.209: [GC (Allocation Failure) [PSYoungGen: 83901K->1456K(83456K)] 442451K->360006K(751616K), 0.0017033 secs] [Times: user=0.00 sys=0.00, real=0.00 secs] 
2519.353: [GC (Allocation Failure) [PSYoungGen: 83376K->1533K(82944K)] 441926K->360083K(751104K), 0.0017236 secs] [Times: user=0.00 sys=0.00, real=0.00 secs] 
2519.831: [GC (Allocation Failure) [PSYoungGen: 82941K->1440K(82432K)] 441491K->359990K(750592K), 0.0019053 secs] [Times: user=0.00 sys=0.01, real=0.00 secs] 
2520.487: [GC (Allocation Failure) [PSYoungGen: 82336K->1376K(81920K)] 440886K->359926K(750080K), 0.0019596 secs] [Times: user=0.01 sys=0.00, real=0.00 secs] 
2521.240: [GC (Allocation Failure) [PSYoungGen: 81760K->1424K(81408K)] 440310K->360006K(749568K), 0.0029204 secs] [Times: user=0.01 sys=0.00, real=0.00 secs] 
2521.840: [GC (Allocation Failure) [PSYoungGen: 81296K->1485K(80896K)] 439878K->360067K(749056K), 0.0060910 secs] [Times: user=0.03 sys=0.00, real=0.00 secs] 
2522.012: [GC (Allocation Failure) [PSYoungGen: 80845K->1485K(80384K)] 439427K->360067K(748544K), 0.0017250 secs] [Times: user=0.01 sys=0.00, real=0.00 secs] 
2522.152: [GC (Allocation Failure) [PSYoungGen: 80333K->1517K(79872K)] 438915K->360099K(748032K), 0.0017492 secs] [Times: user=0.01 sys=0.00, real=0.00 secs] 
2522.290: [GC (Allocation Failure) [PSYoungGen: 79853K->1533K(79360K)] 438435K->360115K(747520K), 0.0017133 secs] [Times: user=0.01 sys=0.00, real=0.00 secs] 
2524.098: [GC (Allocation Failure) [PSYoungGen: 79357K->1440K(78848K)] 437939K->360022K(747008K), 0.0041578 secs] [Times: user=0.02 sys=0.00, real=0.01 secs] 
2524.783: [GC (Allocation Failure) [PSYoungGen: 78752K->1424K(78336K)] 437334K->360006K(746496K), 0.0021425 secs] [Times: user=0.01 sys=0.00, real=0.00 secs] 
2525.137: [GC (Allocation Failure) [PSYoungGen: 78224K->1408K(77824K)] 436806K->359990K(745984K), 0.0021982 secs] [Times: user=0.01 sys=0.00, real=0.01 secs] 
2525.593: [GC (Allocation Failure) [PSYoungGen: 77696K->1453K(77312K)] 436278K->360035K(745472K), 0.0018044 secs] [Times: user=0.01 sys=0.00, real=0.00 secs] 
2525.727: [GC (Allocation Failure) [PSYoungGen: 77229K->1517K(76800K)] 435811K->360123K(744960K), 0.0016694 secs] [Times: user=0.01 sys=0.00, real=0.00 secs] 
2525.858: [GC (Allocation Failure) [PSYoungGen: 76781K->1533K(76288K)] 435387K->360139K(744448K), 0.0022777 secs] [Times: user=0.01 sys=0.00, real=0.01 secs] 
2525.991: [GC (Allocation Failure) [PSYoungGen: 76285K->1501K(76800K)] 434891K->360107K(744960K), 0.0016913 secs] [Times: user=0.00 sys=0.00, real=0.00 secs] 
2526.704: [GC (Allocation Failure) [PSYoungGen: 76253K->1408K(75776K)] 434859K->360014K(743936K), 0.0020043 secs] [Times: user=0.00 sys=0.00, real=0.00 secs] 
2527.520: [GC (Allocation Failure) [PSYoungGen: 75648K->1344K(75264K)] 434254K->359950K(743424K), 0.0044987 secs] [Times: user=0.02 sys=0.00, real=0.00 secs] 
2528.206: [GC (Allocation Failure) [PSYoungGen: 75072K->1424K(74752K)] 433678K->360030K(742912K), 0.0032037 secs] [Times: user=0.02 sys=0.00, real=0.01 secs] 
2528.977: [GC (Allocation Failure) [PSYoungGen: 74640K->1504K(74240K)] 433246K->360110K(742400K), 0.0033382 secs] [Times: user=0.01 sys=0.00, real=0.01 secs] 
2529.194: [GC (Allocation Failure) [PSYoungGen: 74203K->1469K(73728K)] 432810K->360075K(741888K), 0.0018318 secs] [Times: user=0.01 sys=0.00, real=0.00 secs] 
2529.321: [GC (Allocation Failure) [PSYoungGen: 73661K->1485K(73216K)] 432267K->360091K(741376K), 0.0017683 secs] [Times: user=0.01 sys=0.00, real=0.00 secs] 
2529.448: [GC (Allocation Failure) [PSYoungGen: 73165K->1488K(72704K)] 431771K->360094K(740864K), 0.0015665 secs] [Times: user=0.00 sys=0.00, real=0.01 secs] 
2529.839: [GC (Allocation Failure) [PSYoungGen: 72656K->1488K(72192K)] 431262K->360094K(740352K), 0.0021568 secs] [Times: user=0.01 sys=0.00, real=0.00 secs] 
2530.551: [GC (Allocation Failure) [PSYoungGen: 72144K->1440K(71680K)] 430750K->360054K(739840K), 0.0030417 secs] [Times: user=0.01 sys=0.00, real=0.00 secs] 
2531.095: [GC (Allocation Failure) [PSYoungGen: 71584K->1408K(71168K)] 430198K->360022K(739328K), 0.0030408 secs] [Times: user=0.01 sys=0.00, real=0.00 secs] 
2531.660: [GC (Allocation Failure) [PSYoungGen: 71040K->1376K(70656K)] 429654K->359990K(738816K), 0.0027097 secs] [Times: user=0.01 sys=0.00, real=0.00 secs] 
2532.124: [GC (Allocation Failure) [PSYoungGen: 70496K->1501K(70144K)] 429110K->360115K(738304K), 0.0021437 secs] [Times: user=0.01 sys=0.00, real=0.00 secs] 
2532.265: [GC (Allocation Failure) [PSYoungGen: 70109K->1533K(69632K)] 428723K->360147K(737792K), 0.0017166 secs] [Times: user=0.01 sys=0.00, real=0.00 secs] 
2532.387: [GC (Allocation Failure) [PSYoungGen: 69629K->1469K(69120K)] 428243K->360083K(737280K), 0.0016097 secs] [Times: user=0.01 sys=0.00, real=0.00 secs] 
2532.508: [GC (Allocation Failure) [PSYoungGen: 69053K->1485K(68608K)] 427667K->360099K(736768K), 0.0015438 secs] [Times: user=0.01 sys=0.00, real=0.01 secs] 
2532.777: [GC (Allocation Failure) [PSYoungGen: 68557K->1408K(68096K)] 427171K->360022K(736256K), 0.0019527 secs] [Times: user=0.01 sys=0.00, real=0.01 secs] 
2533.220: [GC (Allocation Failure) [PSYoungGen: 67968K->1376K(68096K)] 426582K->359998K(736256K), 0.0043340 secs] [Times: user=0.02 sys=0.00, real=0.00 secs] 
2533.767: [GC (Allocation Failure) [PSYoungGen: 67936K->1376K(68096K)] 426558K->359998K(736256K), 0.0035579 secs] [Times: user=0.02 sys=0.00, real=0.01 secs] 
2534.390: [GC (Allocation Failure) [PSYoungGen: 67936K->1408K(68096K)] 426558K->360046K(736256K), 0.0035431 secs] [Times: user=0.01 sys=0.00, real=0.00 secs] 
2534.877: [GC (Allocation Failure) [PSYoungGen: 67968K->1533K(68096K)] 426606K->360171K(736256K), 0.0024143 secs] [Times: user=0.01 sys=0.00, real=0.01 secs] 
2535.031: [GC (Allocation Failure) [PSYoungGen: 68093K->1501K(68096K)] 426731K->360139K(736256K), 0.0016726 secs] [Times: user=0.00 sys=0.00, real=0.00 secs] 
2535.148: [GC (Allocation Failure) [PSYoungGen: 68035K->1453K(68096K)] 426673K->360091K(736256K), 0.0016276 secs] [Times: user=0.01 sys=0.00, real=0.01 secs] 
2535.264: [GC (Allocation Failure) [PSYoungGen: 68013K->1485K(72704K)] 426651K->360139K(740864K), 0.0015634 secs] [Times: user=0.00 sys=0.00, real=0.00 secs] 
2535.529: [GC (Allocation Failure) [PSYoungGen: 72653K->1408K(72192K)] 431307K->360062K(740352K), 0.0016441 secs] [Times: user=0.01 sys=0.00, real=0.00 secs] 
2535.822: [GC (Allocation Failure) [PSYoungGen: 72064K->1408K(71680K)] 430718K->360062K(739840K), 0.0017129 secs] [Times: user=0.00 sys=0.00, real=0.00 secs] 
2536.206: [GC (Allocation Failure) [PSYoungGen: 71552K->1424K(71168K)] 430206K->360078K(739328K), 0.0019711 secs] [Times: user=0.01 sys=0.00, real=0.00 secs] 
2536.999: [GC (Allocation Failure) [PSYoungGen: 71056K->1376K(70656K)] 429710K->360030K(738816K), 0.0028617 secs] [Times: user=0.01 sys=0.00, real=0.00 secs] 
2537.380: [GC (Allocation Failure) [PSYoungGen: 70496K->1469K(70144K)] 429150K->360123K(738304K), 0.0017570 secs] [Times: user=0.01 sys=0.00, real=0.00 secs] 
2537.510: [GC (Allocation Failure) [PSYoungGen: 70062K->1517K(69632K)] 428716K->360171K(737792K), 0.0016881 secs] [Times: user=0.00 sys=0.00, real=0.00 secs] 
2537.632: [GC (Allocation Failure) [PSYoungGen: 69613K->1488K(69120K)] 428267K->360142K(737280K), 0.0016324 secs] [Times: user=0.01 sys=0.00, real=0.00 secs] 
2537.751: [GC (Allocation Failure) [PSYoungGen: 69072K->1485K(69632K)] 427726K->360155K(737792K), 0.0016703 secs] [Times: user=0.01 sys=0.00, real=0.00 secs] 
2538.279: [GC (Allocation Failure) [PSYoungGen: 69069K->1456K(68608K)] 427739K->360126K(736768K), 0.0019611 secs] [Times: user=0.01 sys=0.01, real=0.00 secs] 
2538.974: [GC (Allocation Failure) [PSYoungGen: 68528K->1376K(68096K)] 427198K->360054K(736256K), 0.0026879 secs] [Times: user=0.01 sys=0.00, real=0.00 secs] 
2539.609: [GC (Allocation Failure) [PSYoungGen: 67936K->1376K(68608K)] 426614K->360054K(736768K), 0.0025679 secs] [Times: user=0.01 sys=0.00, real=0.00 secs] 
2540.193: [GC (Allocation Failure) [PSYoungGen: 67936K->1408K(68608K)] 426614K->360086K(736768K), 0.0025986 secs] [Times: user=0.01 sys=0.00, real=0.00 secs] 
2540.598: [GC (Allocation Failure) [PSYoungGen: 67968K->1533K(68608K)] 426646K->360211K(736768K), 0.0020504 secs] [Times: user=0.01 sys=0.00, real=0.01 secs] 
2540.737: [GC (Allocation Failure) [PSYoungGen: 68093K->1485K(68608K)] 426771K->360163K(736768K), 0.0016490 secs] [Times: user=0.00 sys=0.00, real=0.00 secs] 
2540.855: [GC (Allocation Failure) [PSYoungGen: 68045K->1565K(68608K)] 426723K->360243K(736768K), 0.0015388 secs] [Times: user=0.00 sys=0.00, real=0.00 secs] 
2540.990: [GC (Allocation Failure) [PSYoungGen: 68125K->1501K(68608K)] 426803K->360187K(736768K), 0.0019347 secs] [Times: user=0.01 sys=0.00, real=0.00 secs] 
2541.745: [GC (Allocation Failure) [PSYoungGen: 68061K->1456K(68608K)] 426747K->360142K(736768K), 0.0029501 secs] [Times: user=0.02 sys=0.00, real=0.00 secs] 
2542.631: [GC (Allocation Failure) [PSYoungGen: 68016K->1408K(68608K)] 426702K->360094K(736768K), 0.0028438 secs] [Times: user=0.01 sys=0.00, real=0.00 secs] 
2543.217: [GC (Allocation Failure) [PSYoungGen: 67968K->1408K(68608K)] 426654K->360094K(736768K), 0.0025151 secs] [Times: user=0.01 sys=0.00, real=0.01 secs] 
2543.693: [GC (Allocation Failure) [PSYoungGen: 67968K->1424K(68608K)] 426654K->360110K(736768K), 0.0022836 secs] [Times: user=0.01 sys=0.00, real=0.00 secs] 
2544.035: [GC (Allocation Failure) [PSYoungGen: 67984K->1469K(68608K)] 426670K->360155K(736768K), 0.0018658 secs] [Times: user=0.00 sys=0.00, real=0.00 secs] 
2544.157: [GC (Allocation Failure) [PSYoungGen: 68029K->1469K(68608K)] 426715K->360155K(736768K), 0.0016256 secs] [Times: user=0.01 sys=0.00, real=0.00 secs] 
2544.274: [GC (Allocation Failure) [PSYoungGen: 68029K->1485K(68608K)] 426715K->360171K(736768K), 0.0016340 secs] [Times: user=0.00 sys=0.00, real=0.00 secs] 
2544.391: [GC (Allocation Failure) [PSYoungGen: 68045K->1533K(68608K)] 426731K->360235K(736768K), 0.0016756 secs] [Times: user=0.01 sys=0.00, real=0.00 secs] 
2544.835: [GC (Allocation Failure) [PSYoungGen: 68093K->1456K(68608K)] 426795K->360190K(736768K), 0.0017125 secs] [Times: user=0.01 sys=0.00, real=0.00 secs] 
2545.432: [GC (Allocation Failure) [PSYoungGen: 68016K->1424K(68608K)] 426750K->360158K(736768K), 0.0020727 secs] [Times: user=0.00 sys=0.00, real=0.00 secs] 
2545.837: [GC (Allocation Failure) [PSYoungGen: 67984K->1408K(68608K)] 426718K->360142K(736768K), 0.0061085 secs] [Times: user=0.02 sys=0.00, real=0.01 secs] 
2546.118: [GC (Allocation Failure) [PSYoungGen: 67968K->1376K(68608K)] 426702K->360110K(736768K), 0.0020181 secs] [Times: user=0.01 sys=0.00, real=0.01 secs] 
2546.385: [GC (Allocation Failure) [PSYoungGen: 67936K->1437K(68608K)] 426670K->360171K(736768K), 0.0019205 secs] [Times: user=0.01 sys=0.00, real=0.00 secs] 
2546.510: [GC (Allocation Failure) [PSYoungGen: 67997K->1501K(68608K)] 426731K->360235K(736768K), 0.0015791 secs] [Times: user=0.01 sys=0.01, real=0.00 secs] 
2546.627: [GC (Allocation Failure) [PSYoungGen: 68061K->1485K(68608K)] 426795K->360219K(736768K), 0.0015617 secs] [Times: user=0.01 sys=0.00, real=0.00 secs] 
2546.743: [GC (Allocation Failure) [PSYoungGen: 68045K->1533K(75776K)] 426779K->360283K(743936K), 0.0015384 secs] [Times: user=0.00 sys=0.00, real=0.00 secs] 
2547.087: [GC (Allocation Failure) [PSYoungGen: 75261K->1408K(74752K)] 434011K->360158K(742912K), 0.0018434 secs] [Times: user=0.01 sys=0.00, real=0.01 secs] 
2547.774: [GC (Allocation Failure) [PSYoungGen: 74624K->1408K(74240K)] 433374K->360158K(742400K), 0.0019858 secs] [Times: user=0.01 sys=0.00, real=0.00 secs] 
2548.411: [GC (Allocation Failure) [PSYoungGen: 74112K->1456K(73728K)] 432862K->360206K(741888K), 0.0018570 secs] [Times: user=0.01 sys=0.00, real=0.00 secs] 
2549.028: [GC (Allocation Failure) [PSYoungGen: 73648K->1376K(73216K)] 432398K->360126K(741376K), 0.0021288 secs] [Times: user=0.00 sys=0.00, real=0.01 secs] 
2549.363: [GC (Allocation Failure) [PSYoungGen: 73056K->1453K(72704K)] 431806K->360203K(740864K), 0.0018370 secs] [Times: user=0.01 sys=0.00, real=0.00 secs] 
2549.488: [GC (Allocation Failure) [PSYoungGen: 72621K->1501K(72192K)] 431371K->360251K(740352K), 0.0018772 secs] [Times: user=0.00 sys=0.00, real=0.01 secs] 
2549.633: [GC (Allocation Failure) [PSYoungGen: 72157K->1565K(72192K)] 430907K->360315K(740352K), 0.0020811 secs] [Times: user=0.01 sys=0.00, real=0.00 secs] 
2549.795: [GC (Allocation Failure) [PSYoungGen: 71709K->1485K(71168K)] 430459K->360251K(739328K), 0.0016532 secs] [Times: user=0.00 sys=0.00, real=0.00 secs] 
2550.420: [GC (Allocation Failure) [PSYoungGen: 71117K->1408K(70656K)] 429883K->360174K(738816K), 0.0027648 secs] [Times: user=0.01 sys=0.00, real=0.00 secs] 
2551.137: [GC (Allocation Failure) [PSYoungGen: 70528K->1376K(70144K)] 429294K->360142K(738304K), 0.0025892 secs] [Times: user=0.01 sys=0.00, real=0.01 secs] 
2551.604: [GC (Allocation Failure) [PSYoungGen: 69984K->1424K(69632K)] 428750K->360190K(737792K), 0.0020579 secs] [Times: user=0.01 sys=0.00, real=0.00 secs] 
2552.143: [GC (Allocation Failure) [PSYoungGen: 69520K->1408K(69120K)] 428286K->360174K(737280K), 0.0022217 secs] [Times: user=0.01 sys=0.00, real=0.00 secs] 
2552.381: [GC (Allocation Failure) [PSYoungGen: 68992K->1469K(68608K)] 427758K->360235K(736768K), 0.0017956 secs] [Times: user=0.00 sys=0.00, real=0.00 secs] 
2552.500: [GC (Allocation Failure) [PSYoungGen: 68541K->1501K(68096K)] 427307K->360267K(736256K), 0.0017159 secs] [Times: user=0.00 sys=0.00, real=0.00 secs] 
2552.617: [GC (Allocation Failure) [PSYoungGen: 68061K->1501K(68096K)] 426827K->360267K(736256K), 0.0015867 secs] [Times: user=0.01 sys=0.00, real=0.00 secs] 
2552.735: [GC (Allocation Failure) [PSYoungGen: 68061K->256K(68608K)] 426827K->359022K(736768K), 0.0014959 secs] [Times: user=0.01 sys=0.00, real=0.00 secs] 
2553.939: [GC (Allocation Failure) [PSYoungGen: 66816K->1408K(68608K)] 425582K->360174K(736768K), 0.0021825 secs] [Times: user=0.01 sys=0.00, real=0.00 secs] 
2554.709: [GC (Allocation Failure) [PSYoungGen: 67968K->1344K(68608K)] 426734K->360110K(736768K), 0.0023381 secs] [Times: user=0.01 sys=0.01, real=0.00 secs] 
2554.986: [GC (Allocation Failure) [PSYoungGen: 67904K->1376K(68608K)] 426670K->360166K(736768K), 0.0021416 secs] [Times: user=0.01 sys=0.00, real=0.00 secs] 
2555.263: [GC (Allocation Failure) [PSYoungGen: 67936K->1392K(68608K)] 426726K->360182K(736768K), 0.0020801 secs] [Times: user=0.01 sys=0.00, real=0.00 secs] 
2555.447: [GC (Allocation Failure) [PSYoungGen: 67952K->1533K(68608K)] 426742K->360323K(736768K), 0.0015889 secs] [Times: user=0.00 sys=0.00, real=0.00 secs] 
2555.563: [GC (Allocation Failure) [PSYoungGen: 68093K->1485K(68608K)] 426883K->360275K(736768K), 0.0015474 secs] [Times: user=0.01 sys=0.00, real=0.00 secs] 
2555.680: [GC (Allocation Failure) [PSYoungGen: 68045K->1501K(68608K)] 426835K->360291K(736768K), 0.0024257 secs] [Times: user=0.00 sys=0.00, real=0.00 secs] 
2555.815: [GC (Allocation Failure) [PSYoungGen: 68061K->1565K(75776K)] 426851K->360363K(743936K), 0.0020829 secs] [Times: user=0.01 sys=0.00, real=0.00 secs] 
2557.328: [GC (Allocation Failure) [PSYoungGen: 75293K->1408K(75776K)] 434091K->360206K(743936K), 0.0042559 secs] [Times: user=0.02 sys=0.00, real=0.01 secs] 
2558.098: [GC (Allocation Failure) [PSYoungGen: 75136K->1376K(74752K)] 433934K->360174K(742912K), 0.0033039 secs] [Times: user=0.01 sys=0.01, real=0.01 secs] 
2558.775: [GC (Allocation Failure) [PSYoungGen: 74592K->1440K(74240K)] 433390K->360246K(742400K), 0.0036488 secs] [Times: user=0.01 sys=0.00, real=0.01 secs] 
2559.572: [GC (Allocation Failure) [PSYoungGen: 74144K->1469K(73728K)] 432950K->360275K(741888K), 0.0031890 secs] [Times: user=0.01 sys=0.00, real=0.00 secs] 
2559.792: [GC (Allocation Failure) [PSYoungGen: 73661K->1533K(73216K)] 432467K->360339K(741376K), 0.0017401 secs] [Times: user=0.01 sys=0.00, real=0.00 secs] 
2559.918: [GC (Allocation Failure) [PSYoungGen: 73213K->1533K(72704K)] 432019K->360371K(740864K), 0.0016792 secs] [Times: user=0.01 sys=0.00, real=0.01 secs] 
2560.044: [GC (Allocation Failure) [PSYoungGen: 72701K->1485K(72192K)] 431539K->360339K(740352K), 0.0016442 secs] [Times: user=0.00 sys=0.01, real=0.00 secs] 
2560.310: [GC (Allocation Failure) [PSYoungGen: 72141K->1440K(71680K)] 430995K->360294K(739840K), 0.0018308 secs] [Times: user=0.01 sys=0.00, real=0.00 secs] 
2560.826: [GC (Allocation Failure) [PSYoungGen: 71584K->1392K(71168K)] 430438K->360246K(739328K), 0.0018890 secs] [Times: user=0.00 sys=0.00, real=0.00 secs] 
2561.545: [GC (Allocation Failure) [PSYoungGen: 71024K->1408K(70656K)] 429878K->360262K(738816K), 0.0022543 secs] [Times: user=0.01 sys=0.00, real=0.00 secs] 
2562.587: [GC (Allocation Failure) [PSYoungGen: 70528K->1408K(70144K)] 429382K->360262K(738304K), 0.0045961 secs] [Times: user=0.02 sys=0.00, real=0.01 secs] 
2563.250: [GC (Allocation Failure) [PSYoungGen: 70016K->1520K(69632K)] 428870K->360374K(737792K), 0.0027727 secs] [Times: user=0.01 sys=0.00, real=0.00 secs] 
2563.473: [GC (Allocation Failure) [PSYoungGen: 69616K->1533K(69120K)] 428470K->360387K(737280K), 0.0022118 secs] [Times: user=0.01 sys=0.00, real=0.00 secs] 
2563.615: [GC (Allocation Failure) [PSYoungGen: 69117K->1501K(68608K)] 427971K->360355K(736768K), 0.0017665 secs] [Times: user=0.00 sys=0.00, real=0.00 secs] 
2563.733: [GC (Allocation Failure) [PSYoungGen: 68572K->1565K(68608K)] 427427K->360419K(736768K), 0.0016189 secs] [Times: user=0.01 sys=0.01, real=0.00 secs] 
2564.030: [GC (Allocation Failure) [PSYoungGen: 68125K->416K(67072K)] 426979K->360294K(735232K), 0.0032484 secs] [Times: user=0.01 sys=0.00, real=0.00 secs] 
2564.310: [GC (Allocation Failure) [PSYoungGen: 66976K->336K(68608K)] 426854K->360214K(736768K), 0.0020115 secs] [Times: user=0.01 sys=0.00, real=0.00 secs] 
2564.587: [GC (Allocation Failure) [PSYoungGen: 66896K->352K(67072K)] 426774K->360262K(735232K), 0.0021628 secs] [Times: user=0.01 sys=0.00, real=0.01 secs] 
2564.864: [GC (Allocation Failure) [PSYoungGen: 66912K->352K(67072K)] 426822K->360270K(735232K), 0.0020519 secs] [Times: user=0.00 sys=0.00, real=0.00 secs] 
2565.131: [GC (Allocation Failure) [PSYoungGen: 66912K->1501K(68096K)] 426830K->361419K(736256K), 0.0017389 secs] [Times: user=0.00 sys=0.00, real=0.00 secs] 
2565.249: [GC (Allocation Failure) [PSYoungGen: 68061K->1453K(68096K)] 427979K->361371K(736256K), 0.0016945 secs] [Times: user=0.00 sys=0.00, real=0.00 secs] 
2565.366: [GC (Allocation Failure) [PSYoungGen: 68013K->1501K(71168K)] 427931K->361419K(739328K), 0.0016968 secs] [Times: user=0.01 sys=0.00, real=0.00 secs] 
2565.487: [GC (Allocation Failure) [PSYoungGen: 70109K->1453K(71168K)] 430027K->361387K(739328K), 0.0015814 secs] [Times: user=0.00 sys=0.00, real=0.00 secs] 
2566.344: [GC (Allocation Failure) [PSYoungGen: 70061K->1424K(78336K)] 429995K->361358K(746496K), 0.0071631 secs] [Times: user=0.03 sys=0.00, real=0.01 secs] 
2566.842: [GC (Allocation Failure) [PSYoungGen: 77200K->1376K(76800K)] 437134K->361310K(744960K), 0.0021912 secs] [Times: user=0.00 sys=0.00, real=0.00 secs] 
2567.595: [GC (Allocation Failure) [PSYoungGen: 76640K->1376K(76800K)] 436574K->361310K(744960K), 0.0036690 secs] [Times: user=0.01 sys=0.00, real=0.01 secs] 
2568.589: [GC (Allocation Failure) [PSYoungGen: 76128K->1344K(75776K)] 436062K->361278K(743936K), 0.0044308 secs] [Times: user=0.02 sys=0.00, real=0.00 secs] 
2569.092: [GC (Allocation Failure) [PSYoungGen: 75584K->1504K(75264K)] 435518K->361446K(743424K), 0.0022838 secs] [Times: user=0.01 sys=0.00, real=0.00 secs] 
2569.274: [GC (Allocation Failure) [PSYoungGen: 75232K->1488K(74752K)] 435174K->361430K(742912K), 0.0019111 secs] [Times: user=0.01 sys=0.00, real=0.00 secs] 
2569.430: [GC (Allocation Failure) [PSYoungGen: 74704K->1565K(74752K)] 434646K->361507K(742912K), 0.0015706 secs] [Times: user=0.01 sys=0.00, real=0.00 secs] 
2570.729: [GC (Allocation Failure) [PSYoungGen: 74269K->1472K(73728K)] 434211K->361414K(741888K), 0.0049338 secs] [Times: user=0.02 sys=0.00, real=0.00 secs] 
2571.466: [GC (Allocation Failure) [PSYoungGen: 73664K->1408K(73216K)] 433606K->361350K(741376K), 0.0028350 secs] [Times: user=0.01 sys=0.00, real=0.01 secs] 
2571.766: [GC (Allocation Failure) [PSYoungGen: 73088K->1376K(72704K)] 433030K->361318K(740864K), 0.0024076 secs] [Times: user=0.01 sys=0.00, real=0.00 secs] 
2572.067: [GC (Allocation Failure) [PSYoungGen: 72544K->1440K(72192K)] 432486K->361382K(740352K), 0.0022351 secs] [Times: user=0.01 sys=0.00, real=0.01 secs] 
2572.342: [GC (Allocation Failure) [PSYoungGen: 72096K->1469K(71680K)] 432038K->361411K(739840K), 0.0018125 secs] [Times: user=0.00 sys=0.00, real=0.00 secs] 
2572.473: [GC (Allocation Failure) [PSYoungGen: 71607K->1453K(71168K)] 431549K->361395K(739328K), 0.0016132 secs] [Times: user=0.01 sys=0.00, real=0.00 secs] 
2572.597: [GC (Allocation Failure) [PSYoungGen: 71085K->1453K(70656K)] 431027K->361395K(738816K), 0.0016993 secs] [Times: user=0.01 sys=0.00, real=0.00 secs] 
2572.721: [GC (Allocation Failure) [PSYoungGen: 70573K->1485K(70144K)] 430515K->361427K(738304K), 0.0015775 secs] [Times: user=0.01 sys=0.00, real=0.00 secs] 
2572.998: [GC (Allocation Failure) [PSYoungGen: 70093K->1472K(69632K)] 430035K->361414K(737792K), 0.0019921 secs] [Times: user=0.01 sys=0.00, real=0.01 secs] 
2573.281: [GC (Allocation Failure) [PSYoungGen: 69568K->1376K(69120K)] 429510K->361318K(737280K), 0.0018223 secs] [Times: user=0.00 sys=0.00, real=0.00 secs] 
2573.598: [GC (Allocation Failure) [PSYoungGen: 68960K->1376K(68608K)] 428902K->361318K(736768K), 0.0023217 secs] [Times: user=0.01 sys=0.00, real=0.01 secs] 
2573.877: [GC (Allocation Failure) [PSYoungGen: 68448K->1376K(68096K)] 428390K->361318K(736256K), 0.0020587 secs] [Times: user=0.01 sys=0.00, real=0.01 secs] 
2574.157: [GC (Allocation Failure) [PSYoungGen: 67936K->1520K(68608K)] 427878K->361486K(736768K), 0.0019960 secs] [Times: user=0.01 sys=0.00, real=0.01 secs] 
2574.278: [GC (Allocation Failure) [PSYoungGen: 68080K->1533K(68608K)] 428046K->361499K(736768K), 0.0016636 secs] [Times: user=0.00 sys=0.00, real=0.01 secs] 
2574.395: [GC (Allocation Failure) [PSYoungGen: 68066K->1517K(68608K)] 428032K->361483K(736768K), 0.0018407 secs] [Times: user=0.01 sys=0.00, real=0.00 secs] 
2574.513: [GC (Allocation Failure) [PSYoungGen: 68077K->1485K(75776K)] 428043K->361467K(743936K), 0.0015709 secs] [Times: user=0.01 sys=0.00, real=0.00 secs] 
2575.014: [GC (Allocation Failure) [PSYoungGen: 75213K->1424K(74752K)] 435195K->361406K(742912K), 0.0018244 secs] [Times: user=0.00 sys=0.01, real=0.00 secs] 
2575.704: [GC (Allocation Failure) [PSYoungGen: 74640K->1392K(74240K)] 434622K->361374K(742400K), 0.0042189 secs] [Times: user=0.02 sys=0.01, real=0.00 secs] 
2576.547: [GC (Allocation Failure) [PSYoungGen: 74096K->1408K(73728K)] 434078K->361390K(741888K), 0.0055073 secs] [Times: user=0.02 sys=0.00, real=0.01 secs] 
2577.171: [GC (Allocation Failure) [PSYoungGen: 73600K->1408K(73216K)] 433582K->361390K(741376K), 0.0029128 secs] [Times: user=0.01 sys=0.00, real=0.00 secs] 
2577.600: [GC (Allocation Failure) [PSYoungGen: 73088K->1469K(72704K)] 433070K->361451K(740864K), 0.0018311 secs] [Times: user=0.01 sys=0.00, real=0.00 secs] 
2577.774: [GC (Allocation Failure) [PSYoungGen: 72637K->1533K(72192K)] 432619K->361515K(740352K), 0.0021157 secs] [Times: user=0.01 sys=0.00, real=0.00 secs] 
2577.932: [GC (Allocation Failure) [PSYoungGen: 72189K->1453K(71680K)] 432171K->361435K(739840K), 0.0018479 secs] [Times: user=0.01 sys=0.00, real=0.00 secs] 
2578.215: [GC (Allocation Failure) [PSYoungGen: 71597K->1632K(71680K)] 431579K->361614K(739840K), 0.0019965 secs] [Times: user=0.01 sys=0.00, real=0.00 secs] 
2579.361: [GC (Allocation Failure) [PSYoungGen: 71264K->1408K(70656K)] 431246K->361390K(738816K), 0.0038514 secs] [Times: user=0.02 sys=0.00, real=0.00 secs] 
2580.567: [GC (Allocation Failure) [PSYoungGen: 70528K->1376K(70144K)] 430510K->361358K(738304K), 0.0042587 secs] [Times: user=0.01 sys=0.01, real=0.01 secs] 
2581.265: [GC (Allocation Failure) [PSYoungGen: 69984K->1360K(69632K)] 429966K->361342K(737792K), 0.0035000 secs] [Times: user=0.01 sys=0.00, real=0.00 secs] 
2581.891: [GC (Allocation Failure) [PSYoungGen: 69456K->1440K(69120K)] 429438K->361422K(737280K), 0.0030852 secs] [Times: user=0.01 sys=0.00, real=0.00 secs] 
2582.112: [GC (Allocation Failure) [PSYoungGen: 69024K->1504K(68608K)] 429006K->361486K(736768K), 0.0016655 secs] [Times: user=0.01 sys=0.00, real=0.00 secs] 
2582.232: [GC (Allocation Failure) [PSYoungGen: 68576K->1533K(68096K)] 428558K->361515K(736256K), 0.0016852 secs] [Times: user=0.01 sys=0.00, real=0.00 secs] 
2582.367: [GC (Allocation Failure) [PSYoungGen: 68093K->1533K(68096K)] 428075K->361515K(736256K), 0.0018042 secs] [Times: user=0.01 sys=0.00, real=0.01 secs] 
2582.794: [GC (Allocation Failure) [PSYoungGen: 68093K->1984K(68608K)] 428075K->362478K(736768K), 0.0036358 secs] [Times: user=0.02 sys=0.00, real=0.00 secs] 
2584.236: [GC (Allocation Failure) [PSYoungGen: 68544K->1408K(68608K)] 429038K->361902K(736768K), 0.0042236 secs] [Times: user=0.02 sys=0.00, real=0.01 secs] 
2584.583: [GC (Allocation Failure) [PSYoungGen: 67968K->1376K(68608K)] 428462K->361870K(736768K), 0.0022728 secs] [Times: user=0.00 sys=0.00, real=0.00 secs] 
2584.992: [GC (Allocation Failure) [PSYoungGen: 67936K->1376K(68608K)] 428430K->361870K(736768K), 0.0020918 secs] [Times: user=0.01 sys=0.00, real=0.00 secs] 
2585.523: [GC (Allocation Failure) [PSYoungGen: 67936K->1376K(68608K)] 428430K->361870K(736768K), 0.0026234 secs] [Times: user=0.01 sys=0.00, real=0.00 secs] 
2585.776: [GC (Allocation Failure) [PSYoungGen: 67936K->1485K(68608K)] 428430K->361979K(736768K), 0.0020557 secs] [Times: user=0.01 sys=0.00, real=0.00 secs] 
2585.899: [GC (Allocation Failure) [PSYoungGen: 68045K->1485K(68608K)] 428539K->361979K(736768K), 0.0016627 secs] [Times: user=0.00 sys=0.00, real=0.00 secs] 
2586.017: [GC (Allocation Failure) [PSYoungGen: 68045K->1533K(68608K)] 428539K->362043K(736768K), 0.0015940 secs] [Times: user=0.01 sys=0.00, real=0.01 secs] 
2586.136: [GC (Allocation Failure) [PSYoungGen: 68093K->1501K(68608K)] 428603K->362035K(736768K), 0.0016985 secs] [Times: user=0.00 sys=0.00, real=0.00 secs] 
2586.750: [GC (Allocation Failure) [PSYoungGen: 68061K->1424K(68608K)] 428595K->361958K(736768K), 0.0026467 secs] [Times: user=0.01 sys=0.00, real=0.00 secs] 
2587.314: [GC (Allocation Failure) [PSYoungGen: 67984K->1392K(68608K)] 428518K->361926K(736768K), 0.0019711 secs] [Times: user=0.01 sys=0.00, real=0.00 secs] 
2588.029: [GC (Allocation Failure) [PSYoungGen: 67952K->1376K(68608K)] 428486K->361910K(736768K), 0.0021893 secs] [Times: user=0.01 sys=0.00, real=0.00 secs] 
2588.773: [GC (Allocation Failure) [PSYoungGen: 67936K->1376K(68608K)] 428470K->361910K(736768K), 0.0021037 secs] [Times: user=0.01 sys=0.00, real=0.00 secs] 
2589.116: [GC (Allocation Failure) [PSYoungGen: 67936K->1469K(68608K)] 428470K->362003K(736768K), 0.0015156 secs] [Times: user=0.01 sys=0.00, real=0.00 secs] 
2589.233: [GC (Allocation Failure) [PSYoungGen: 68029K->1501K(68608K)] 428563K->362035K(736768K), 0.0016601 secs] [Times: user=0.01 sys=0.00, real=0.00 secs] 
2589.349: [GC (Allocation Failure) [PSYoungGen: 68061K->1485K(68608K)] 428595K->362043K(736768K), 0.0016228 secs] [Times: user=0.00 sys=0.00, real=0.00 secs] 
2589.466: [GC (Allocation Failure) [PSYoungGen: 68045K->1469K(68608K)] 428603K->362027K(736768K), 0.0016590 secs] [Times: user=0.00 sys=0.00, real=0.00 secs] 
2590.096: [GC (Allocation Failure) [PSYoungGen: 68029K->1440K(68608K)] 428587K->361998K(736768K), 0.0019700 secs] [Times: user=0.01 sys=0.00, real=0.00 secs] 
2590.665: [GC (Allocation Failure) [PSYoungGen: 68000K->1440K(68608K)] 428558K->361998K(736768K), 0.0026409 secs] [Times: user=0.01 sys=0.00, real=0.00 secs] 
2591.328: [GC (Allocation Failure) [PSYoungGen: 68000K->1376K(68608K)] 428558K->361934K(736768K), 0.0029628 secs] [Times: user=0.01 sys=0.00, real=0.01 secs] 
2592.008: [GC (Allocation Failure) [PSYoungGen: 67936K->1408K(68608K)] 428494K->361966K(736768K), 0.0034112 secs] [Times: user=0.01 sys=0.01, real=0.01 secs] 
2592.377: [GC (Allocation Failure) [PSYoungGen: 67968K->1437K(68608K)] 428526K->361995K(736768K), 0.0018447 secs] [Times: user=0.01 sys=0.00, real=0.01 secs] 
2592.509: [GC (Allocation Failure) [PSYoungGen: 67997K->1533K(68608K)] 428555K->362091K(736768K), 0.0015458 secs] [Times: user=0.01 sys=0.00, real=0.01 secs] 
2592.626: [GC (Allocation Failure) [PSYoungGen: 68093K->1533K(68608K)] 428651K->362091K(736768K), 0.0015351 secs] [Times: user=0.01 sys=0.00, real=0.00 secs] 
2592.743: [GC (Allocation Failure) [PSYoungGen: 68093K->1488K(68608K)] 428651K->362070K(736768K), 0.0015930 secs] [Times: user=0.01 sys=0.00, real=0.00 secs] 
2593.007: [GC (Allocation Failure) [PSYoungGen: 68048K->1472K(68608K)] 428630K->362054K(736768K), 0.0017607 secs] [Times: user=0.01 sys=0.00, real=0.01 secs] 
2593.426: [GC (Allocation Failure) [PSYoungGen: 68032K->1440K(68608K)] 428614K->362022K(736768K), 0.0020238 secs] [Times: user=0.01 sys=0.00, real=0.00 secs] 
2593.955: [GC (Allocation Failure) [PSYoungGen: 68000K->1392K(68608K)] 428582K->361990K(736768K), 0.0028762 secs] [Times: user=0.01 sys=0.00, real=0.00 secs] 
2594.447: [GC (Allocation Failure) [PSYoungGen: 67952K->1408K(68608K)] 428550K->362006K(736768K), 0.0025085 secs] [Times: user=0.01 sys=0.00, real=0.01 secs] 
2594.854: [GC (Allocation Failure) [PSYoungGen: 67968K->1552K(68608K)] 428566K->362150K(736768K), 0.0019347 secs] [Times: user=0.01 sys=0.00, real=0.00 secs] 
2594.986: [GC (Allocation Failure) [PSYoungGen: 68112K->1469K(68608K)] 428710K->362067K(736768K), 0.0015528 secs] [Times: user=0.01 sys=0.00, real=0.00 secs] 
2595.103: [GC (Allocation Failure) [PSYoungGen: 68029K->1453K(68608K)] 428627K->362051K(736768K), 0.0016402 secs] [Times: user=0.01 sys=0.00, real=0.00 secs] 
2595.220: [GC (Allocation Failure) [PSYoungGen: 68013K->1485K(68608K)] 428611K->362107K(736768K), 0.0015787 secs] [Times: user=0.01 sys=0.00, real=0.00 secs] 
2596.157: [GC (Allocation Failure) [PSYoungGen: 68045K->1424K(68608K)] 428667K->362046K(736768K), 0.0030303 secs] [Times: user=0.01 sys=0.00, real=0.01 secs] 
2597.154: [GC (Allocation Failure) [PSYoungGen: 67984K->1376K(68608K)] 428606K->361998K(736768K), 0.0027084 secs] [Times: user=0.01 sys=0.00, real=0.00 secs] 
2597.959: [GC (Allocation Failure) [PSYoungGen: 67936K->1376K(68608K)] 428558K->361998K(736768K), 0.0034831 secs] [Times: user=0.01 sys=0.00, real=0.00 secs] 
2598.817: [GC (Allocation Failure) [PSYoungGen: 67936K->1408K(68608K)] 428558K->362030K(736768K), 0.0035644 secs] [Times: user=0.01 sys=0.00, real=0.01 secs] 
2599.840: [GC (Allocation Failure) [PSYoungGen: 67968K->1453K(68608K)] 428590K->362075K(736768K), 0.0029256 secs] [Times: user=0.01 sys=0.00, real=0.00 secs] 
2600.012: [GC (Allocation Failure) [PSYoungGen: 68013K->1501K(68608K)] 428635K->362123K(736768K), 0.0015929 secs] [Times: user=0.01 sys=0.00, real=0.00 secs] 
2600.128: [GC (Allocation Failure) [PSYoungGen: 68033K->1533K(68608K)] 428655K->362155K(736768K), 0.0016017 secs] [Times: user=0.01 sys=0.00, real=0.01 secs] 
2600.263: [GC (Allocation Failure) [PSYoungGen: 68093K->1456K(68608K)] 428715K->362094K(736768K), 0.0017307 secs] [Times: user=0.01 sys=0.00, real=0.00 secs] 
2600.517: [GC (Allocation Failure) [PSYoungGen: 68016K->1440K(68608K)] 428654K->362078K(736768K), 0.0021650 secs] [Times: user=0.01 sys=0.00, real=0.01 secs] 
2600.794: [GC (Allocation Failure) [PSYoungGen: 68000K->1440K(68608K)] 428638K->362078K(736768K), 0.0020855 secs] [Times: user=0.01 sys=0.00, real=0.00 secs] 
2601.071: [GC (Allocation Failure) [PSYoungGen: 68000K->1408K(68608K)] 428638K->362046K(736768K), 0.0020188 secs] [Times: user=0.01 sys=0.00, real=0.00 secs] 
2601.468: [GC (Allocation Failure) [PSYoungGen: 67968K->1392K(68608K)] 428606K->362030K(736768K), 0.0022256 secs] [Times: user=0.01 sys=0.00, real=0.01 secs] 
2602.039: [GC (Allocation Failure) [PSYoungGen: 67952K->1469K(68608K)] 428590K->362107K(736768K), 0.0020847 secs] [Times: user=0.01 sys=0.00, real=0.00 secs] 
2602.184: [GC (Allocation Failure) [PSYoungGen: 68029K->1533K(68608K)] 428667K->362171K(736768K), 0.0016308 secs] [Times: user=0.01 sys=0.00, real=0.00 secs] 
2602.301: [GC (Allocation Failure) [PSYoungGen: 68077K->1504K(68608K)] 428715K->362142K(736768K), 0.0016204 secs] [Times: user=0.00 sys=0.00, real=0.00 secs] 
2602.437: [GC (Allocation Failure) [PSYoungGen: 68064K->1456K(68608K)] 428702K->362110K(736768K), 0.0017370 secs] [Times: user=0.01 sys=0.00, real=0.01 secs] 
2603.993: [GC (Allocation Failure) [PSYoungGen: 68016K->1440K(68608K)] 428670K->362094K(736768K), 0.0045678 secs] [Times: user=0.02 sys=0.00, real=0.00 secs] 
2605.182: [GC (Allocation Failure) [PSYoungGen: 68000K->1376K(68608K)] 428654K->362030K(736768K), 0.0031689 secs] [Times: user=0.01 sys=0.00, real=0.00 secs] 
2605.689: [GC (Allocation Failure) [PSYoungGen: 67936K->1408K(68608K)] 428590K->362094K(736768K), 0.0023958 secs] [Times: user=0.01 sys=0.00, real=0.00 secs] 
2606.098: [GC (Allocation Failure) [PSYoungGen: 67968K->1360K(68608K)] 428654K->362046K(736768K), 0.0021023 secs] [Times: user=0.01 sys=0.00, real=0.01 secs] 
2606.644: [GC (Allocation Failure) [PSYoungGen: 67920K->1501K(68608K)] 428606K->362187K(736768K), 0.0019828 secs] [Times: user=0.01 sys=0.00, real=0.00 secs] 
2606.775: [GC (Allocation Failure) [PSYoungGen: 68061K->1501K(68608K)] 428747K->362187K(736768K), 0.0016546 secs] [Times: user=0.00 sys=0.00, real=0.00 secs] 
2606.894: [GC (Allocation Failure) [PSYoungGen: 68061K->1453K(68608K)] 428747K->362139K(736768K), 0.0015723 secs] [Times: user=0.01 sys=0.01, real=0.00 secs] 
2607.012: [GC (Allocation Failure) [PSYoungGen: 68013K->1501K(68608K)] 428699K->362195K(736768K), 0.0016733 secs] [Times: user=0.00 sys=0.00, real=0.00 secs] 
2607.264: [GC (Allocation Failure) [PSYoungGen: 68061K->1504K(68608K)] 428755K->362198K(736768K), 0.0019912 secs] [Times: user=0.01 sys=0.00, real=0.00 secs] 
2607.595: [GC (Allocation Failure) [PSYoungGen: 68064K->1376K(68608K)] 428758K->362070K(736768K), 0.0020143 secs] [Times: user=0.01 sys=0.00, real=0.00 secs] 
2607.885: [GC (Allocation Failure) [PSYoungGen: 67936K->1408K(68608K)] 428630K->362102K(736768K), 0.0019118 secs] [Times: user=0.00 sys=0.00, real=0.00 secs] 
2608.214: [GC (Allocation Failure) [PSYoungGen: 67968K->1376K(68608K)] 428662K->362070K(736768K), 0.0019831 secs] [Times: user=0.01 sys=0.00, real=0.00 secs] 
2608.534: [GC (Allocation Failure) [PSYoungGen: 67936K->1437K(68608K)] 428630K->362131K(736768K), 0.0021856 secs] [Times: user=0.00 sys=0.00, real=0.00 secs] 
2608.668: [GC (Allocation Failure) [PSYoungGen: 67997K->1501K(68608K)] 428691K->362195K(736768K), 0.0015514 secs] [Times: user=0.00 sys=0.00, real=0.01 secs] 
2608.785: [GC (Allocation Failure) [PSYoungGen: 68061K->1485K(68608K)] 428755K->362179K(736768K), 0.0018028 secs] [Times: user=0.01 sys=0.00, real=0.00 secs] 
2608.902: [GC (Allocation Failure) [PSYoungGen: 68045K->1485K(75264K)] 428739K->362203K(743424K), 0.0015815 secs] [Times: user=0.01 sys=0.00, real=0.00 secs] 
2609.118: [GC (Allocation Failure) [PSYoungGen: 74701K->1472K(75264K)] 435419K->362190K(743424K), 0.0020127 secs] [Times: user=0.00 sys=0.00, real=0.01 secs] 
2609.668: [GC (Allocation Failure) [PSYoungGen: 74688K->1408K(74240K)] 435406K->362126K(742400K), 0.0019941 secs] [Times: user=0.01 sys=0.00, real=0.01 secs] 
2610.315: [GC (Allocation Failure) [PSYoungGen: 74112K->1408K(73728K)] 434830K->362126K(741888K), 0.0028878 secs] [Times: user=0.01 sys=0.00, real=0.00 secs] 
2610.985: [GC (Allocation Failure) [PSYoungGen: 73600K->1408K(73216K)] 434318K->362126K(741376K), 0.0028121 secs] [Times: user=0.01 sys=0.00, real=0.00 secs] 
2611.579: [GC (Allocation Failure) [PSYoungGen: 73088K->1469K(72704K)] 433806K->362187K(740864K), 0.0022623 secs] [Times: user=0.01 sys=0.00, real=0.00 secs] 
2611.734: [GC (Allocation Failure) [PSYoungGen: 72637K->1485K(72192K)] 433355K->362203K(740352K), 0.0017339 secs] [Times: user=0.01 sys=0.00, real=0.00 secs] 
2611.861: [GC (Allocation Failure) [PSYoungGen: 72141K->1501K(71680K)] 432859K->362219K(739840K), 0.0016484 secs] [Times: user=0.00 sys=0.00, real=0.00 secs] 
2611.986: [GC (Allocation Failure) [PSYoungGen: 71645K->1485K(71168K)] 432363K->362219K(739328K), 0.0015206 secs] [Times: user=0.01 sys=0.00, real=0.00 secs] 
2613.269: [GC (Allocation Failure) [PSYoungGen: 71117K->1472K(70656K)] 431851K->362206K(738816K), 0.0041775 secs] [Times: user=0.02 sys=0.00, real=0.00 secs] 
2614.326: [GC (Allocation Failure) [PSYoungGen: 70592K->1344K(70144K)] 431326K->362078K(738304K), 0.0040712 secs] [Times: user=0.01 sys=0.00, real=0.01 secs] 
2614.905: [GC (Allocation Failure) [PSYoungGen: 69952K->1408K(69632K)] 430686K->362142K(737792K), 0.0022731 secs] [Times: user=0.01 sys=0.00, real=0.00 secs] 
2615.933: [GC (Allocation Failure) [PSYoungGen: 69504K->1408K(69120K)] 430238K->362142K(737280K), 0.0023911 secs] [Times: user=0.01 sys=0.00, real=0.00 secs] 
2616.863: [GC (Allocation Failure) [PSYoungGen: 68992K->1488K(68608K)] 429726K->362246K(736768K), 0.0024030 secs] [Times: user=0.01 sys=0.00, real=0.00 secs] 
2617.058: [GC (Allocation Failure) [PSYoungGen: 68560K->1472K(68096K)] 429318K->362230K(736256K), 0.0022396 secs] [Times: user=0.01 sys=0.00, real=0.01 secs] 
2617.204: [GC (Allocation Failure) [PSYoungGen: 68032K->1504K(68096K)] 428790K->362262K(736256K), 0.0019007 secs] [Times: user=0.01 sys=0.00, real=0.00 secs] 
2617.340: [GC (Allocation Failure) [PSYoungGen: 68064K->1488K(68096K)] 428822K->362262K(736256K), 0.0019352 secs] [Times: user=0.01 sys=0.00, real=0.00 secs] 
2617.669: [GC (Allocation Failure) [PSYoungGen: 68048K->1408K(68096K)] 428822K->362182K(736256K), 0.0031904 secs] [Times: user=0.01 sys=0.01, real=0.01 secs] 
2618.123: [GC (Allocation Failure) [PSYoungGen: 67968K->1408K(68096K)] 428742K->362182K(736256K), 0.0025729 secs] [Times: user=0.01 sys=0.00, real=0.00 secs] 
2618.667: [GC (Allocation Failure) [PSYoungGen: 67968K->1376K(68096K)] 428742K->362150K(736256K), 0.0027927 secs] [Times: user=0.01 sys=0.00, real=0.01 secs] 
2619.304: [GC (Allocation Failure) [PSYoungGen: 67936K->1344K(68096K)] 428710K->362118K(736256K), 0.0037274 secs] [Times: user=0.01 sys=0.00, real=0.00 secs] 
2619.751: [GC (Allocation Failure) [PSYoungGen: 67904K->1517K(68096K)] 428678K->362291K(736256K), 0.0020185 secs] [Times: user=0.01 sys=0.00, real=0.00 secs] 
2619.892: [GC (Allocation Failure) [PSYoungGen: 68077K->1501K(68096K)] 428851K->362275K(736256K), 0.0016575 secs] [Times: user=0.01 sys=0.00, real=0.00 secs] 
2620.010: [GC (Allocation Failure) [PSYoungGen: 68061K->1485K(68096K)] 428835K->362259K(736256K), 0.0017459 secs] [Times: user=0.01 sys=0.00, real=0.00 secs] 
2620.128: [GC (Allocation Failure) [PSYoungGen: 68045K->1533K(71168K)] 428819K->362339K(739328K), 0.0021688 secs] [Times: user=0.01 sys=0.00, real=0.01 secs] 
2621.751: [GC (Allocation Failure) [PSYoungGen: 71165K->1472K(70656K)] 431971K->362278K(738816K), 0.0041920 secs] [Times: user=0.02 sys=0.00, real=0.00 secs] 
2622.323: [GC (Allocation Failure) [PSYoungGen: 70592K->1408K(70144K)] 431398K->362214K(738304K), 0.0029707 secs] [Times: user=0.02 sys=0.00, real=0.00 secs] 
2622.852: [GC (Allocation Failure) [PSYoungGen: 70016K->1408K(69632K)] 430822K->362214K(737792K), 0.0021860 secs] [Times: user=0.00 sys=0.00, real=0.00 secs] 
2623.349: [GC (Allocation Failure) [PSYoungGen: 69504K->1408K(69120K)] 430310K->362214K(737280K), 0.0035330 secs] [Times: user=0.02 sys=0.00, real=0.00 secs] 
2623.740: [GC (Allocation Failure) [PSYoungGen: 68992K->1520K(68608K)] 429798K->362326K(736768K), 0.0021823 secs] [Times: user=0.01 sys=0.00, real=0.00 secs] 
2623.873: [GC (Allocation Failure) [PSYoungGen: 68592K->1469K(68096K)] 429398K->362275K(736256K), 0.0017758 secs] [Times: user=0.01 sys=0.00, real=0.00 secs] 
2623.992: [GC (Allocation Failure) [PSYoungGen: 68029K->1485K(68608K)] 428835K->362291K(736768K), 0.0016106 secs] [Times: user=0.01 sys=0.00, real=0.00 secs] 
2624.108: [GC (Allocation Failure) [PSYoungGen: 68045K->1533K(68608K)] 428851K->362347K(736768K), 0.0016987 secs] [Times: user=0.00 sys=0.00, real=0.01 secs] 
2624.439: [GC (Allocation Failure) [PSYoungGen: 68093K->1472K(68608K)] 428907K->362286K(736768K), 0.0021276 secs] [Times: user=0.01 sys=0.00, real=0.00 secs] 
2624.716: [GC (Allocation Failure) [PSYoungGen: 68032K->1440K(68608K)] 428846K->362286K(736768K), 0.0018902 secs] [Times: user=0.01 sys=0.00, real=0.00 secs] 
2625.050: [GC (Allocation Failure) [PSYoungGen: 68000K->1376K(68608K)] 428846K->362222K(736768K), 0.0019903 secs] [Times: user=0.01 sys=0.00, real=0.00 secs] 
2625.465: [GC (Allocation Failure) [PSYoungGen: 67936K->1408K(68608K)] 428782K->362254K(736768K), 0.0022431 secs] [Times: user=0.01 sys=0.00, real=0.00 secs] 
2625.844: [GC (Allocation Failure) [PSYoungGen: 67968K->1488K(68608K)] 428814K->362334K(736768K), 0.0019897 secs] [Times: user=0.01 sys=0.00, real=0.00 secs] 
2625.963: [GC (Allocation Failure) [PSYoungGen: 68048K->1501K(68608K)] 428894K->362347K(736768K), 0.0016604 secs] [Times: user=0.01 sys=0.00, real=0.00 secs] 
2626.080: [GC (Allocation Failure) [PSYoungGen: 68061K->1565K(68608K)] 428907K->362411K(736768K), 0.0016915 secs] [Times: user=0.00 sys=0.00, real=0.00 secs] 
2626.197: [GC (Allocation Failure) [PSYoungGen: 68125K->1533K(75264K)] 428971K->362395K(743424K), 0.0015671 secs] [Times: user=0.01 sys=0.00, real=0.00 secs] 
2628.406: [GC (Allocation Failure) [PSYoungGen: 74749K->1456K(74240K)] 435611K->362318K(742400K), 0.0049429 secs] [Times: user=0.02 sys=0.00, real=0.01 secs] 
2629.409: [GC (Allocation Failure) [PSYoungGen: 74160K->1376K(73728K)] 435022K->362238K(741888K), 0.0043513 secs] [Times: user=0.02 sys=0.00, real=0.00 secs] 
2630.153: [GC (Allocation Failure) [PSYoungGen: 73568K->1408K(73216K)] 434430K->362270K(741376K), 0.0033527 secs] [Times: user=0.02 sys=0.00, real=0.00 secs] 
2630.901: [GC (Allocation Failure) [PSYoungGen: 73088K->1392K(72704K)] 433950K->362254K(740864K), 0.0028515 secs] [Times: user=0.02 sys=0.00, real=0.00 secs] 
2631.376: [GC (Allocation Failure) [PSYoungGen: 72560K->1533K(72192K)] 433422K->362395K(740352K), 0.0022233 secs] [Times: user=0.01 sys=0.00, real=0.00 secs] 
2631.574: [GC (Allocation Failure) [PSYoungGen: 72189K->1469K(71680K)] 433051K->362331K(739840K), 0.0024550 secs] [Times: user=0.00 sys=0.00, real=0.00 secs] 
2631.728: [GC (Allocation Failure) [PSYoungGen: 71613K->1533K(71168K)] 432475K->362395K(739328K), 0.0018807 secs] [Times: user=0.00 sys=0.00, real=0.01 secs] 
2631.853: [GC (Allocation Failure) [PSYoungGen: 71165K->1533K(70656K)] 432027K->362411K(738816K), 0.0018171 secs] [Times: user=0.01 sys=0.00, real=0.00 secs] 
2632.333: [GC (Allocation Failure) [PSYoungGen: 70653K->1472K(70144K)] 431531K->362350K(738304K), 0.0023664 secs] [Times: user=0.01 sys=0.00, real=0.00 secs] 
2632.623: [GC (Allocation Failure) [PSYoungGen: 70080K->1440K(69632K)] 430958K->362318K(737792K), 0.0022177 secs] [Times: user=0.01 sys=0.00, real=0.00 secs] 
2633.213: [GC (Allocation Failure) [PSYoungGen: 69536K->1376K(69120K)] 430414K->362254K(737280K), 0.0035280 secs] [Times: user=0.02 sys=0.00, real=0.00 secs] 
2633.750: [GC (Allocation Failure) [PSYoungGen: 68960K->1408K(68608K)] 429838K->362286K(736768K), 0.0029817 secs] [Times: user=0.01 sys=0.00, real=0.00 secs] 
2633.993: [GC (Allocation Failure) [PSYoungGen: 68480K->1501K(68096K)] 429358K->362379K(736256K), 0.0018190 secs] [Times: user=0.01 sys=0.00, real=0.00 secs] 
2634.111: [GC (Allocation Failure) [PSYoungGen: 68061K->1533K(68608K)] 428939K->362411K(736768K), 0.0015717 secs] [Times: user=0.01 sys=0.00, real=0.00 secs] 
2634.227: [GC (Allocation Failure) [PSYoungGen: 68093K->1501K(68608K)] 428971K->362379K(736768K), 0.0016447 secs] [Times: user=0.00 sys=0.01, real=0.01 secs] 
2634.345: [GC (Allocation Failure) [PSYoungGen: 68061K->1453K(68608K)] 428939K->362347K(736768K), 0.0015920 secs] [Times: user=0.01 sys=0.00, real=0.00 secs] 
2634.933: [GC (Allocation Failure) [PSYoungGen: 68013K->1472K(68608K)] 428907K->362382K(736768K), 0.0022445 secs] [Times: user=0.01 sys=0.00, real=0.00 secs] 
2635.214: [GC (Allocation Failure) [PSYoungGen: 68032K->1408K(68608K)] 428942K->362318K(736768K), 0.0033160 secs] [Times: user=0.01 sys=0.00, real=0.00 secs] 
2635.522: [GC (Allocation Failure) [PSYoungGen: 67968K->1440K(68608K)] 428878K->362350K(736768K), 0.0028000 secs] [Times: user=0.01 sys=0.00, real=0.00 secs] 
2636.073: [GC (Allocation Failure) [PSYoungGen: 68000K->1408K(68608K)] 428910K->362318K(736768K), 0.0029422 secs] [Times: user=0.02 sys=0.00, real=0.00 secs] 
2636.370: [GC (Allocation Failure) [PSYoungGen: 67968K->1501K(68608K)] 428878K->362411K(736768K), 0.0017217 secs] [Times: user=0.01 sys=0.00, real=0.00 secs] 
2636.498: [GC (Allocation Failure) [PSYoungGen: 68061K->1533K(68608K)] 428971K->362443K(736768K), 0.0016461 secs] [Times: user=0.01 sys=0.00, real=0.01 secs] 
2636.616: [GC (Allocation Failure) [PSYoungGen: 68093K->1453K(68608K)] 429003K->362363K(736768K), 0.0016674 secs] [Times: user=0.00 sys=0.00, real=0.00 secs] 
2636.750: [GC (Allocation Failure) [PSYoungGen: 68013K->1453K(75264K)] 428923K->362379K(743424K), 0.0019990 secs] [Times: user=0.01 sys=0.00, real=0.00 secs] 
2637.393: [GC (Allocation Failure) [PSYoungGen: 74669K->1408K(74240K)] 435595K->362334K(742400K), 0.0022802 secs] [Times: user=0.01 sys=0.00, real=0.00 secs] 
2637.826: [GC (Allocation Failure) [PSYoungGen: 74112K->1376K(73728K)] 435038K->362302K(741888K), 0.0021454 secs] [Times: user=0.01 sys=0.00, real=0.00 secs] 
2638.177: [GC (Allocation Failure) [PSYoungGen: 73568K->1376K(73216K)] 434494K->362302K(741376K), 0.0020720 secs] [Times: user=0.00 sys=0.00, real=0.01 secs] 
2638.664: [GC (Allocation Failure) [PSYoungGen: 73056K->1469K(72704K)] 433982K->362395K(740864K), 0.0019663 secs] [Times: user=0.01 sys=0.00, real=0.00 secs] 
2638.864: [GC (Allocation Failure) [PSYoungGen: 72634K->1552K(72704K)] 433560K->362478K(740864K), 0.0025244 secs] [Times: user=0.01 sys=0.00, real=0.00 secs] 
2639.015: [GC (Allocation Failure) [PSYoungGen: 72208K->1453K(71680K)] 433134K->362379K(739840K), 0.0016818 secs] [Times: user=0.00 sys=0.00, real=0.00 secs] 
2639.158: [GC (Allocation Failure) [PSYoungGen: 71597K->1565K(71680K)] 432523K->362491K(739840K), 0.0019740 secs] [Times: user=0.01 sys=0.01, real=0.01 secs] 
2639.582: [GC (Allocation Failure) [PSYoungGen: 71197K->448K(69632K)] 432123K->362398K(737792K), 0.0037351 secs] [Times: user=0.01 sys=0.00, real=0.00 secs] 
2640.249: [GC (Allocation Failure) [PSYoungGen: 69568K->352K(70656K)] 431518K->362302K(738816K), 0.0027641 secs] [Times: user=0.01 sys=0.00, real=0.01 secs] 
2640.532: [GC (Allocation Failure) [PSYoungGen: 68960K->352K(69120K)] 430910K->362302K(737280K), 0.0022703 secs] [Times: user=0.01 sys=0.00, real=0.00 secs] 
2641.017: [GC (Allocation Failure) [PSYoungGen: 68448K->352K(69632K)] 430398K->362302K(737792K), 0.0022076 secs] [Times: user=0.01 sys=0.00, real=0.01 secs] 
2641.531: [GC (Allocation Failure) [PSYoungGen: 67936K->1469K(69120K)] 429886K->363419K(737280K), 0.0026798 secs] [Times: user=0.01 sys=0.00, real=0.00 secs] 
2641.719: [GC (Allocation Failure) [PSYoungGen: 68541K->1453K(68096K)] 430491K->363403K(736256K), 0.0027060 secs] [Times: user=0.01 sys=0.00, real=0.00 secs] 
2641.839: [GC (Allocation Failure) [PSYoungGen: 68013K->1453K(69120K)] 429963K->363403K(737280K), 0.0015633 secs] [Times: user=0.00 sys=0.00, real=0.01 secs] 
2641.956: [GC (Allocation Failure) [PSYoungGen: 68013K->1533K(69120K)] 429963K->363483K(737280K), 0.0016828 secs] [Times: user=0.01 sys=0.00, real=0.00 secs] 
2642.716: [GC (Allocation Failure) [PSYoungGen: 68093K->1408K(68096K)] 430043K->363358K(736256K), 0.0041656 secs] [Times: user=0.02 sys=0.00, real=0.01 secs] 
2643.977: [GC (Allocation Failure) [PSYoungGen: 67968K->1408K(68096K)] 429918K->363358K(736256K), 0.0044432 secs] [Times: user=0.02 sys=0.00, real=0.01 secs] 
2645.103: [GC (Allocation Failure) [PSYoungGen: 67968K->1408K(68096K)] 429918K->363358K(736256K), 0.0049322 secs] [Times: user=0.02 sys=0.00, real=0.00 secs] 
2645.749: [GC (Allocation Failure) [PSYoungGen: 67968K->1440K(68096K)] 429918K->363414K(736256K), 0.0026127 secs] [Times: user=0.01 sys=0.00, real=0.00 secs] 
2646.298: [GC (Allocation Failure) [PSYoungGen: 68000K->1437K(68096K)] 429974K->363411K(736256K), 0.0023340 secs] [Times: user=0.01 sys=0.00, real=0.01 secs] 
2646.444: [GC (Allocation Failure) [PSYoungGen: 67997K->1469K(68096K)] 429971K->363443K(736256K), 0.0016260 secs] [Times: user=0.01 sys=0.00, real=0.00 secs] 
2646.560: [GC (Allocation Failure) [PSYoungGen: 68029K->1501K(68096K)] 430003K->363475K(736256K), 0.0016311 secs] [Times: user=0.00 sys=0.00, real=0.00 secs] 
2646.677: [GC (Allocation Failure) [PSYoungGen: 68061K->1453K(68096K)] 430035K->363451K(736256K), 0.0016407 secs] [Times: user=0.01 sys=0.00, real=0.00 secs] 
2647.100: [GC (Allocation Failure) [PSYoungGen: 68013K->1440K(68096K)] 430011K->363446K(736256K), 0.0020050 secs] [Times: user=0.01 sys=0.00, real=0.00 secs] 
2648.173: [GC (Allocation Failure) [PSYoungGen: 68000K->1408K(68096K)] 430006K->363414K(736256K), 0.0044706 secs] [Times: user=0.02 sys=0.00, real=0.00 secs] 
2648.827: [GC (Allocation Failure) [PSYoungGen: 67968K->1408K(68096K)] 429974K->363414K(736256K), 0.0033422 secs] [Times: user=0.02 sys=0.00, real=0.01 secs] 
2649.262: [GC (Allocation Failure) [PSYoungGen: 67968K->1408K(68608K)] 429974K->363414K(736768K), 0.0020402 secs] [Times: user=0.01 sys=0.00, real=0.00 secs] 
2649.676: [GC (Allocation Failure) [PSYoungGen: 67968K->1437K(68608K)] 429974K->363443K(736768K), 0.0019685 secs] [Times: user=0.01 sys=0.00, real=0.00 secs] 
2649.822: [GC (Allocation Failure) [PSYoungGen: 67997K->1501K(68608K)] 430003K->363507K(736768K), 0.0018285 secs] [Times: user=0.00 sys=0.01, real=0.00 secs] 
2649.938: [GC (Allocation Failure) [PSYoungGen: 68055K->1517K(68608K)] 430061K->363523K(736768K), 0.0017735 secs] [Times: user=0.01 sys=0.00, real=0.01 secs] 
2650.057: [GC (Allocation Failure) [PSYoungGen: 68077K->1533K(68608K)] 430083K->363555K(736768K), 0.0017883 secs] [Times: user=0.01 sys=0.00, real=0.00 secs] 
2650.391: [GC (Allocation Failure) [PSYoungGen: 68093K->1920K(68608K)] 430115K->363950K(736768K), 0.0023995 secs] [Times: user=0.01 sys=0.00, real=0.00 secs] 
2652.116: [GC (Allocation Failure) [PSYoungGen: 68480K->1376K(68608K)] 430510K->363406K(736768K), 0.0045588 secs] [Times: user=0.02 sys=0.00, real=0.01 secs] 
2653.180: [GC (Allocation Failure) [PSYoungGen: 67936K->1376K(68096K)] 429966K->363406K(736256K), 0.0042942 secs] [Times: user=0.01 sys=0.00, real=0.00 secs] 
2653.880: [GC (Allocation Failure) [PSYoungGen: 67936K->1376K(68096K)] 429966K->363406K(736256K), 0.0036521 secs] [Times: user=0.01 sys=0.01, real=0.00 secs] 
2654.458: [GC (Allocation Failure) [PSYoungGen: 67936K->1392K(68096K)] 429966K->363422K(736256K), 0.0032683 secs] [Times: user=0.02 sys=0.00, real=0.01 secs] 
2654.735: [GC (Allocation Failure) [PSYoungGen: 67952K->1485K(68096K)] 429982K->363515K(736256K), 0.0021222 secs] [Times: user=0.00 sys=0.00, real=0.00 secs] 
2654.856: [GC (Allocation Failure) [PSYoungGen: 68045K->1485K(68096K)] 430075K->363515K(736256K), 0.0017459 secs] [Times: user=0.00 sys=0.00, real=0.00 secs] 
2654.974: [GC (Allocation Failure) [PSYoungGen: 68045K->1453K(68096K)] 430075K->363499K(736256K), 0.0017943 secs] [Times: user=0.01 sys=0.00, real=0.00 secs] 
2655.093: [GC (Allocation Failure) [PSYoungGen: 68013K->288K(70656K)] 430059K->362342K(738816K), 0.0016124 secs] [Times: user=0.00 sys=0.00, real=0.00 secs] 
2655.719: [GC (Allocation Failure) [PSYoungGen: 69408K->1376K(70144K)] 431462K->363462K(738304K), 0.0017945 secs] [Times: user=0.01 sys=0.00, real=0.00 secs] 
2656.347: [GC (Allocation Failure) [PSYoungGen: 69984K->1408K(69632K)] 432070K->363502K(737792K), 0.0024269 secs] [Times: user=0.01 sys=0.00, real=0.01 secs] 
2656.922: [GC (Allocation Failure) [PSYoungGen: 69504K->1408K(69120K)] 431598K->363510K(737280K), 0.0023259 secs] [Times: user=0.01 sys=0.00, real=0.00 secs] 
2657.423: [GC (Allocation Failure) [PSYoungGen: 68992K->1424K(68608K)] 431094K->363526K(736768K), 0.0022313 secs] [Times: user=0.01 sys=0.00, real=0.00 secs] 
2657.583: [GC (Allocation Failure) [PSYoungGen: 68496K->1453K(68096K)] 430598K->363555K(736256K), 0.0017419 secs] [Times: user=0.01 sys=0.00, real=0.00 secs] 
2657.700: [GC (Allocation Failure) [PSYoungGen: 68013K->1501K(68608K)] 430115K->363603K(736768K), 0.0017648 secs] [Times: user=0.01 sys=0.00, real=0.00 secs] 
2657.817: [GC (Allocation Failure) [PSYoungGen: 68043K->1485K(68608K)] 430145K->363603K(736768K), 0.0017090 secs] [Times: user=0.01 sys=0.00, real=0.01 secs] 
2657.936: [GC (Allocation Failure) [PSYoungGen: 68045K->160K(75776K)] 430163K->362278K(743936K), 0.0015611 secs] [Times: user=0.01 sys=0.00, real=0.00 secs] 
2659.446: [GC (Allocation Failure) [PSYoungGen: 73888K->1440K(74752K)] 436006K->363558K(742912K), 0.0023029 secs] [Times: user=0.01 sys=0.00, real=0.00 secs] 
2660.298: [GC (Allocation Failure) [PSYoungGen: 74656K->1456K(74240K)] 436774K->363574K(742400K), 0.0024990 secs] [Times: user=0.01 sys=0.00, real=0.01 secs] 
2661.350: [GC (Allocation Failure) [PSYoungGen: 74160K->1376K(73728K)] 436278K->363494K(741888K), 0.0025265 secs] [Times: user=0.01 sys=0.00, real=0.00 secs] 
2662.293: [GC (Allocation Failure) [PSYoungGen: 73568K->1424K(73216K)] 435686K->363542K(741376K), 0.0035099 secs] [Times: user=0.02 sys=0.00, real=0.00 secs] 
2662.511: [GC (Allocation Failure) [PSYoungGen: 73098K->1501K(72704K)] 435217K->363619K(740864K), 0.0017677 secs] [Times: user=0.01 sys=0.00, real=0.00 secs] 
2662.660: [GC (Allocation Failure) [PSYoungGen: 72669K->1488K(72192K)] 434787K->363606K(740352K), 0.0020795 secs] [Times: user=0.01 sys=0.00, real=0.00 secs] 
2662.828: [GC (Allocation Failure) [PSYoungGen: 72144K->1485K(71680K)] 434262K->363611K(739840K), 0.0017194 secs] [Times: user=0.00 sys=0.00, real=0.01 secs] 
2663.418: [GC (Allocation Failure) [PSYoungGen: 71629K->1472K(71168K)] 433755K->363598K(739328K), 0.0024144 secs] [Times: user=0.01 sys=0.00, real=0.01 secs] 
2664.448: [GC (Allocation Failure) [PSYoungGen: 71104K->1408K(70656K)] 433230K->363534K(738816K), 0.0025558 secs] [Times: user=0.00 sys=0.01, real=0.01 secs] 
2665.216: [GC (Allocation Failure) [PSYoungGen: 70528K->1440K(70144K)] 432654K->363566K(738304K), 0.0042231 secs] [Times: user=0.02 sys=0.00, real=0.01 secs] 
2665.786: [GC (Allocation Failure) [PSYoungGen: 70048K->1408K(69632K)] 432174K->363534K(737792K), 0.0028950 secs] [Times: user=0.01 sys=0.00, real=0.01 secs] 
2666.305: [GC (Allocation Failure) [PSYoungGen: 69504K->1469K(69120K)] 431630K->363595K(737280K), 0.0022589 secs] [Times: user=0.01 sys=0.00, real=0.00 secs] 
2666.451: [GC (Allocation Failure) [PSYoungGen: 69053K->1485K(68608K)] 431179K->363611K(736768K), 0.0017355 secs] [Times: user=0.01 sys=0.00, real=0.00 secs] 
2666.569: [GC (Allocation Failure) [PSYoungGen: 68541K->1501K(68096K)] 430667K->363627K(736256K), 0.0017573 secs] [Times: user=0.01 sys=0.00, real=0.00 secs] 
2666.687: [GC (Allocation Failure) [PSYoungGen: 68061K->1485K(68608K)] 430187K->363611K(736768K), 0.0016775 secs] [Times: user=0.00 sys=0.00, real=0.00 secs] 
2667.076: [GC (Allocation Failure) [PSYoungGen: 68045K->1488K(68608K)] 430171K->363646K(736768K), 0.0020732 secs] [Times: user=0.01 sys=0.00, real=0.00 secs] 
2667.392: [GC (Allocation Failure) [PSYoungGen: 68048K->1408K(68608K)] 430206K->363566K(736768K), 0.0020666 secs] [Times: user=0.01 sys=0.00, real=0.00 secs] 
2667.707: [GC (Allocation Failure) [PSYoungGen: 67968K->1408K(68608K)] 430126K->363566K(736768K), 0.0035092 secs] [Times: user=0.01 sys=0.00, real=0.01 secs] 
2668.332: [GC (Allocation Failure) [PSYoungGen: 67968K->1408K(68608K)] 430126K->363566K(736768K), 0.0029895 secs] [Times: user=0.01 sys=0.01, real=0.00 secs] 
2668.777: [GC (Allocation Failure) [PSYoungGen: 67968K->1485K(68608K)] 430126K->363643K(736768K), 0.0020552 secs] [Times: user=0.01 sys=0.00, real=0.01 secs] 
2668.925: [GC (Allocation Failure) [PSYoungGen: 68045K->1536K(68608K)] 430203K->363694K(736768K), 0.0014899 secs] [Times: user=0.00 sys=0.00, real=0.00 secs] 
2669.045: [GC (Allocation Failure) [PSYoungGen: 68067K->1533K(68608K)] 430225K->363691K(736768K), 0.0017075 secs] [Times: user=0.00 sys=0.00, real=0.00 secs] 
2669.164: [GC (Allocation Failure) [PSYoungGen: 68093K->1501K(68608K)] 430251K->363683K(736768K), 0.0016631 secs] [Times: user=0.01 sys=0.00, real=0.00 secs] 
2669.454: [GC (Allocation Failure) [PSYoungGen: 68061K->1376K(68096K)] 430243K->363558K(736256K), 0.0019580 secs] [Times: user=0.01 sys=0.00, real=0.00 secs] 
2669.733: [GC (Allocation Failure) [PSYoungGen: 67936K->1376K(68096K)] 430118K->363558K(736256K), 0.0019302 secs] [Times: user=0.00 sys=0.00, real=0.00 secs] 
2670.117: [GC (Allocation Failure) [PSYoungGen: 67936K->1408K(68096K)] 430118K->363590K(736256K), 0.0017038 secs] [Times: user=0.01 sys=0.00, real=0.01 secs] 
2670.668: [GC (Allocation Failure) [PSYoungGen: 67968K->1376K(68096K)] 430150K->363558K(736256K), 0.0025218 secs] [Times: user=0.02 sys=0.00, real=0.01 secs] 
2671.287: [GC (Allocation Failure) [PSYoungGen: 67936K->1456K(68096K)] 430118K->363638K(736256K), 0.0030141 secs] [Times: user=0.02 sys=0.00, real=0.01 secs] 
2671.475: [GC (Allocation Failure) [PSYoungGen: 68016K->1533K(68096K)] 430198K->363715K(736256K), 0.0016566 secs] [Times: user=0.01 sys=0.00, real=0.00 secs] 
2671.592: [GC (Allocation Failure) [PSYoungGen: 68093K->1469K(68096K)] 430275K->363651K(736256K), 0.0020741 secs] [Times: user=0.00 sys=0.00, real=0.00 secs] 
2671.709: [GC (Allocation Failure) [PSYoungGen: 68029K->1469K(72192K)] 430211K->363667K(740352K), 0.0017675 secs] [Times: user=0.00 sys=0.00, real=0.00 secs] 
2672.122: [GC (Allocation Failure) [PSYoungGen: 71613K->1504K(75776K)] 433811K->363702K(743936K), 0.0128502 secs] [Times: user=0.02 sys=0.04, real=0.01 secs] 
2672.855: [GC (Allocation Failure) [PSYoungGen: 75232K->1408K(75776K)] 437430K->363606K(743936K), 0.0026868 secs] [Times: user=0.01 sys=0.01, real=0.00 secs] 
2673.576: [GC (Allocation Failure) [PSYoungGen: 75136K->1376K(82944K)] 437334K->363598K(751104K), 0.0028736 secs] [Times: user=0.01 sys=0.00, real=0.01 secs] 
2674.776: [GC (Allocation Failure) [PSYoungGen: 82784K->1392K(82432K)] 445006K->363614K(750592K), 0.0033975 secs] [Times: user=0.01 sys=0.00, real=0.01 secs] 
2675.330: [GC (Allocation Failure) [PSYoungGen: 82288K->1485K(81920K)] 444510K->363707K(750080K), 0.0018194 secs] [Times: user=0.01 sys=0.00, real=0.00 secs] 
2675.476: [GC (Allocation Failure) [PSYoungGen: 81869K->1533K(81408K)] 444091K->363755K(749568K), 0.0018119 secs] [Times: user=0.01 sys=0.00, real=0.00 secs] 
2675.617: [GC (Allocation Failure) [PSYoungGen: 81405K->1488K(80896K)] 443627K->363710K(749056K), 0.0018937 secs] [Times: user=0.01 sys=0.00, real=0.01 secs] 
2676.065: [GC (Allocation Failure) [PSYoungGen: 80848K->1440K(80384K)] 443070K->363662K(748544K), 0.0022198 secs] [Times: user=0.01 sys=0.00, real=0.00 secs] 
2676.408: [GC (Allocation Failure) [PSYoungGen: 80288K->1376K(79872K)] 442510K->363598K(748032K), 0.0022604 secs] [Times: user=0.01 sys=0.00, real=0.01 secs] 
2676.734: [GC (Allocation Failure) [PSYoungGen: 79712K->1408K(79360K)] 441934K->363630K(747520K), 0.0022360 secs] [Times: user=0.01 sys=0.00, real=0.00 secs] 
2677.112: [GC (Allocation Failure) [PSYoungGen: 79232K->1376K(78848K)] 441454K->363598K(747008K), 0.0021731 secs] [Times: user=0.01 sys=0.00, real=0.00 secs] 
2677.378: [GC (Allocation Failure) [PSYoungGen: 78688K->1549K(78848K)] 440910K->363771K(747008K), 0.0018118 secs] [Times: user=0.01 sys=0.00, real=0.01 secs] 
2677.513: [GC (Allocation Failure) [PSYoungGen: 78349K->1453K(77824K)] 440571K->363675K(745984K), 0.0015945 secs] [Times: user=0.01 sys=0.00, real=0.00 secs] 
2677.648: [GC (Allocation Failure) [PSYoungGen: 77741K->1485K(77312K)] 439963K->363707K(745472K), 0.0017989 secs] [Times: user=0.01 sys=0.00, real=0.01 secs] 
2678.039: [GC (Allocation Failure) [PSYoungGen: 77261K->1472K(76800K)] 439483K->363694K(744960K), 0.0021885 secs] [Times: user=0.01 sys=0.00, real=0.00 secs] 
2678.377: [GC (Allocation Failure) [PSYoungGen: 76736K->1376K(76288K)] 438958K->363598K(744448K), 0.0023098 secs] [Times: user=0.01 sys=0.00, real=0.01 secs] 
2678.687: [GC (Allocation Failure) [PSYoungGen: 76128K->1408K(75776K)] 438350K->363630K(743936K), 0.0020622 secs] [Times: user=0.01 sys=0.00, real=0.01 secs] 
2678.996: [GC (Allocation Failure) [PSYoungGen: 75648K->1376K(76800K)] 437870K->363598K(744960K), 0.0071612 secs] [Times: user=0.04 sys=0.00, real=0.01 secs] 
2679.194: [GC (Allocation Failure) [PSYoungGen: 76128K->1485K(84480K)] 438350K->363707K(752640K), 0.0016856 secs] [Times: user=0.00 sys=0.00, real=0.00 secs] 
2679.339: [GC (Allocation Failure) [PSYoungGen: 83917K->1565K(84480K)] 446139K->363787K(752640K), 0.0016308 secs] [Times: user=0.00 sys=0.01, real=0.00 secs] 
2679.485: [GC (Allocation Failure) [PSYoungGen: 83997K->1517K(93184K)] 446219K->363739K(761344K), 0.0016189 secs] [Times: user=0.01 sys=0.00, real=0.00 secs] 
2680.825: [GC (Allocation Failure) [PSYoungGen: 92653K->1472K(92160K)] 454875K->363694K(760320K), 0.0045899 secs] [Times: user=0.02 sys=0.01, real=0.01 secs] 
2681.745: [GC (Allocation Failure) [PSYoungGen: 92096K->1408K(91648K)] 454318K->363630K(759808K), 0.0033630 secs] [Times: user=0.01 sys=0.00, real=0.01 secs] 
2682.397: [GC (Allocation Failure) [PSYoungGen: 91520K->1408K(91136K)] 453742K->363630K(759296K), 0.0024484 secs] [Times: user=0.01 sys=0.00, real=0.01 secs] 
2683.208: [GC (Allocation Failure) [PSYoungGen: 91008K->1501K(90624K)] 453230K->363723K(758784K), 0.0024440 secs] [Times: user=0.01 sys=0.00, real=0.01 secs] 
2683.389: [GC (Allocation Failure) [PSYoungGen: 90589K->1453K(90112K)] 452811K->363675K(758272K), 0.0017405 secs] [Times: user=0.01 sys=0.00, real=0.01 secs] 
2683.545: [GC (Allocation Failure) [PSYoungGen: 90029K->1485K(89600K)] 452251K->363707K(757760K), 0.0018107 secs] [Times: user=0.00 sys=0.00, real=0.00 secs] 
2684.918: [GC (Allocation Failure) [PSYoungGen: 89549K->1472K(89088K)] 451771K->363694K(757248K), 0.0043825 secs] [Times: user=0.02 sys=0.00, real=0.01 secs] 
2686.291: [GC (Allocation Failure) [PSYoungGen: 89024K->1408K(88576K)] 451246K->363630K(756736K), 0.0043346 secs] [Times: user=0.02 sys=0.00, real=0.00 secs] 
2687.567: [GC (Allocation Failure) [PSYoungGen: 88448K->1408K(88064K)] 450670K->363630K(756224K), 0.0045934 secs] [Times: user=0.01 sys=0.00, real=0.01 secs] 
2688.401: [GC (Allocation Failure) [PSYoungGen: 87936K->1469K(87552K)] 450158K->363691K(755712K), 0.0023723 secs] [Times: user=0.01 sys=0.00, real=0.00 secs] 
2688.643: [GC (Allocation Failure) [PSYoungGen: 87485K->1520K(87040K)] 449707K->363750K(755200K), 0.0023605 secs] [Times: user=0.01 sys=0.00, real=0.00 secs] 
2688.802: [GC (Allocation Failure) [PSYoungGen: 87024K->1533K(86528K)] 449254K->363763K(754688K), 0.0018697 secs] [Times: user=0.01 sys=0.00, real=0.00 secs] 
2689.165: [GC (Allocation Failure) [PSYoungGen: 86525K->1440K(86016K)] 448755K->363670K(754176K), 0.0031719 secs] [Times: user=0.02 sys=0.00, real=0.00 secs] 
2690.123: [GC (Allocation Failure) [PSYoungGen: 85920K->1408K(85504K)] 448150K->363638K(753664K), 0.0049306 secs] [Times: user=0.02 sys=0.00, real=0.00 secs] 
2691.178: [GC (Allocation Failure) [PSYoungGen: 85376K->1408K(84992K)] 447606K->363638K(753152K), 0.0043465 secs] [Times: user=0.02 sys=0.00, real=0.01 secs] 
2691.980: [GC (Allocation Failure) [PSYoungGen: 84864K->1376K(84480K)] 447094K->363606K(752640K), 0.0043141 secs] [Times: user=0.02 sys=0.00, real=0.00 secs] 
2692.288: [GC (Allocation Failure) [PSYoungGen: 84320K->1504K(83968K)] 446550K->363734K(752128K), 0.0018610 secs] [Times: user=0.01 sys=0.00, real=0.01 secs] 
2692.432: [GC (Allocation Failure) [PSYoungGen: 83936K->1469K(83456K)] 446166K->363699K(751616K), 0.0017716 secs] [Times: user=0.01 sys=0.00, real=0.00 secs] 
2692.576: [GC (Allocation Failure) [PSYoungGen: 83389K->1469K(82944K)] 445619K->363699K(751104K), 0.0016760 secs] [Times: user=0.01 sys=0.00, real=0.00 secs] 
2693.537: [GC (Allocation Failure) [PSYoungGen: 82877K->1456K(82432K)] 445107K->363686K(750592K), 0.0025495 secs] [Times: user=0.01 sys=0.00, real=0.01 secs] 
2694.196: [GC (Allocation Failure) [PSYoungGen: 82352K->1408K(81920K)] 444582K->363638K(750080K), 0.0035235 secs] [Times: user=0.02 sys=0.00, real=0.01 secs] 
2694.940: [GC (Allocation Failure) [PSYoungGen: 81792K->1408K(81408K)] 444022K->363638K(749568K), 0.0042723 secs] [Times: user=0.02 sys=0.00, real=0.00 secs] 
2695.621: [GC (Allocation Failure) [PSYoungGen: 81280K->1469K(80896K)] 443510K->363699K(749056K), 0.0025382 secs] [Times: user=0.01 sys=0.00, real=0.00 secs] 
2695.868: [GC (Allocation Failure) [PSYoungGen: 80829K->1565K(80896K)] 443059K->363795K(749056K), 0.0018714 secs] [Times: user=0.01 sys=0.00, real=0.01 secs] 
2696.060: [GC (Allocation Failure) [PSYoungGen: 80413K->1520K(79872K)] 442643K->363750K(748032K), 0.0020424 secs] [Times: user=0.01 sys=0.00, real=0.00 secs] 
2696.283: [GC (Allocation Failure) [PSYoungGen: 79856K->928K(78848K)] 442086K->364206K(747008K), 0.0019851 secs] [Times: user=0.01 sys=0.00, real=0.00 secs] 
2696.931: [GC (Allocation Failure) [PSYoungGen: 78752K->320K(77824K)] 442030K->363598K(745984K), 0.0032848 secs] [Times: user=0.01 sys=0.00, real=0.00 secs] 
2697.294: [GC (Allocation Failure) [PSYoungGen: 77632K->320K(78336K)] 440910K->363598K(746496K), 0.0022181 secs] [Times: user=0.00 sys=0.00, real=0.00 secs] 
2697.618: [GC (Allocation Failure) [PSYoungGen: 77120K->352K(76800K)] 440398K->363630K(744960K), 0.0020783 secs] [Times: user=0.00 sys=0.00, real=0.01 secs] 
2697.953: [GC (Allocation Failure) [PSYoungGen: 76640K->1533K(77824K)] 439918K->364811K(745984K), 0.0016609 secs] [Times: user=0.01 sys=0.00, real=0.00 secs] 
2698.087: [GC (Allocation Failure) [PSYoungGen: 77309K->1485K(76800K)] 440587K->364763K(744960K), 0.0017853 secs] [Times: user=0.01 sys=0.00, real=0.01 secs] 
2698.241: [GC (Allocation Failure) [PSYoungGen: 76749K->1533K(76800K)] 440027K->364811K(744960K), 0.0018744 secs] [Times: user=0.01 sys=0.00, real=0.00 secs] 
2698.431: [GC (Allocation Failure) [PSYoungGen: 75999K->256K(74752K)] 439277K->363534K(742912K), 0.0025577 secs] [Times: user=0.01 sys=0.00, real=0.00 secs] 
2698.968: [GC (Allocation Failure) [PSYoungGen: 74496K->1440K(75776K)] 437774K->364718K(743936K), 0.0021793 secs] [Times: user=0.01 sys=0.00, real=0.01 secs] 
2699.393: [GC (Allocation Failure) [PSYoungGen: 75168K->1376K(74752K)] 438446K->364654K(742912K), 0.0019436 secs] [Times: user=0.01 sys=0.00, real=0.00 secs] 
2700.062: [GC (Allocation Failure) [PSYoungGen: 74592K->1408K(74752K)] 437870K->364686K(742912K), 0.0041911 secs] [Times: user=0.02 sys=0.00, real=0.00 secs] 
2700.930: [GC (Allocation Failure) [PSYoungGen: 74112K->1501K(73728K)] 437390K->364779K(741888K), 0.0027942 secs] [Times: user=0.01 sys=0.00, real=0.00 secs] 
2701.173: [GC (Allocation Failure) [PSYoungGen: 73693K->1520K(73728K)] 436971K->364798K(741888K), 0.0020095 secs] [Times: user=0.01 sys=0.00, real=0.00 secs] 
2701.315: [GC (Allocation Failure) [PSYoungGen: 73200K->1533K(72704K)] 436478K->364811K(740864K), 0.0018551 secs] [Times: user=0.01 sys=0.00, real=0.00 secs] 
2701.460: [GC (Allocation Failure) [PSYoungGen: 72701K->1501K(72704K)] 435979K->364779K(740864K), 0.0017986 secs] [Times: user=0.01 sys=0.00, real=0.00 secs] 
2702.466: [GC (Allocation Failure) [PSYoungGen: 72157K->1408K(71680K)] 435435K->364686K(739840K), 0.0035148 secs] [Times: user=0.01 sys=0.00, real=0.01 secs] 
2702.747: [GC (Allocation Failure) [PSYoungGen: 71552K->1408K(71680K)] 434830K->364686K(739840K), 0.0020295 secs] [Times: user=0.01 sys=0.00, real=0.01 secs] 
2703.038: [GC (Allocation Failure) [PSYoungGen: 71040K->1408K(70656K)] 434318K->364686K(738816K), 0.0021047 secs] [Times: user=0.01 sys=0.00, real=0.01 secs] 
2703.574: [GC (Allocation Failure) [PSYoungGen: 70528K->1408K(70144K)] 433806K->364686K(738304K), 0.0019130 secs] [Times: user=0.01 sys=0.00, real=0.00 secs] 
2703.973: [GC (Allocation Failure) [PSYoungGen: 70016K->1501K(69632K)] 433294K->364779K(737792K), 0.0025597 secs] [Times: user=0.01 sys=0.00, real=0.00 secs] 
2704.190: [GC (Allocation Failure) [PSYoungGen: 69582K->1488K(69120K)] 432861K->364766K(737280K), 0.0021259 secs] [Times: user=0.01 sys=0.00, real=0.00 secs] 
2704.373: [GC (Allocation Failure) [PSYoungGen: 69072K->1456K(68608K)] 432350K->364734K(736768K), 0.0020734 secs] [Times: user=0.01 sys=0.01, real=0.00 secs] 
2704.526: [GC (Allocation Failure) [PSYoungGen: 68525K->1533K(68096K)] 431804K->364819K(736256K), 0.0018429 secs] [Times: user=0.01 sys=0.00, real=0.00 secs] 
2704.918: [GC (Allocation Failure) [PSYoungGen: 68093K->1440K(68608K)] 431379K->364758K(736768K), 0.0027752 secs] [Times: user=0.01 sys=0.00, real=0.01 secs] 
2705.183: [GC (Allocation Failure) [PSYoungGen: 68000K->1408K(68608K)] 431318K->364726K(736768K), 0.0020508 secs] [Times: user=0.01 sys=0.01, real=0.00 secs] 
2705.460: [GC (Allocation Failure) [PSYoungGen: 67968K->1408K(68608K)] 431286K->364726K(736768K), 0.0020152 secs] [Times: user=0.01 sys=0.00, real=0.00 secs] 
2705.999: [GC (Allocation Failure) [PSYoungGen: 67968K->1440K(68608K)] 431286K->364758K(736768K), 0.0027210 secs] [Times: user=0.01 sys=0.00, real=0.00 secs] 
2706.288: [GC (Allocation Failure) [PSYoungGen: 68000K->1437K(68608K)] 431318K->364755K(736768K), 0.0018701 secs] [Times: user=0.00 sys=0.00, real=0.01 secs] 
2706.405: [GC (Allocation Failure) [PSYoungGen: 67997K->1533K(68608K)] 431315K->364851K(736768K), 0.0017172 secs] [Times: user=0.01 sys=0.00, real=0.00 secs] 
2706.523: [GC (Allocation Failure) [PSYoungGen: 68093K->1504K(68608K)] 431411K->364822K(736768K), 0.0017084 secs] [Times: user=0.00 sys=0.00, real=0.00 secs] 
2706.641: [GC (Allocation Failure) [PSYoungGen: 68064K->1456K(75264K)] 431382K->364798K(743424K), 0.0015649 secs] [Times: user=0.00 sys=0.00, real=0.00 secs] 
2707.468: [GC (Allocation Failure) [PSYoungGen: 74672K->1424K(74240K)] 438014K->364766K(742400K), 0.0024716 secs] [Times: user=0.01 sys=0.00, real=0.01 secs] 
2708.266: [GC (Allocation Failure) [PSYoungGen: 74128K->1408K(73728K)] 437470K->364750K(741888K), 0.0024053 secs] [Times: user=0.01 sys=0.00, real=0.00 secs] 
2708.697: [GC (Allocation Failure) [PSYoungGen: 73600K->1376K(73216K)] 436942K->364718K(741376K), 0.0022061 secs] [Times: user=0.01 sys=0.00, real=0.01 secs] 
2709.059: [GC (Allocation Failure) [PSYoungGen: 73056K->1408K(72704K)] 436398K->364750K(740864K), 0.0019814 secs] [Times: user=0.00 sys=0.00, real=0.00 secs] 
2709.730: [GC (Allocation Failure) [PSYoungGen: 72576K->1485K(72192K)] 435918K->364827K(740352K), 0.0018528 secs] [Times: user=0.01 sys=0.00, real=0.00 secs] 
2709.861: [GC (Allocation Failure) [PSYoungGen: 72141K->1565K(72192K)] 435483K->364907K(740352K), 0.0015590 secs] [Times: user=0.00 sys=0.00, real=0.00 secs] 
2710.005: [GC (Allocation Failure) [PSYoungGen: 71709K->1501K(71168K)] 435051K->364843K(739328K), 0.0020616 secs] [Times: user=0.01 sys=0.00, real=0.00 secs] 
2710.237: [GC (Allocation Failure) [PSYoungGen: 71133K->1504K(70656K)] 434475K->365352K(738816K), 0.0019493 secs] [Times: user=0.00 sys=0.00, real=0.00 secs] 
2710.922: [GC (Allocation Failure) [PSYoungGen: 70624K->1280K(70144K)] 434472K->365128K(738304K), 0.0022388 secs] [Times: user=0.01 sys=0.00, real=0.00 secs] 
2711.641: [GC (Allocation Failure) [PSYoungGen: 69888K->1280K(69632K)] 433736K->365128K(737792K), 0.0022089 secs] [Times: user=0.01 sys=0.00, real=0.00 secs] 
2712.067: [GC (Allocation Failure) [PSYoungGen: 69376K->1280K(69120K)] 433224K->365128K(737280K), 0.0023551 secs] [Times: user=0.01 sys=0.00, real=0.01 secs] 
2712.348: [GC (Allocation Failure) [PSYoungGen: 68864K->1280K(68608K)] 432712K->365128K(736768K), 0.0019959 secs] [Times: user=0.01 sys=0.00, real=0.01 secs] 
2712.524: [GC (Allocation Failure) [PSYoungGen: 68352K->1472K(68096K)] 432200K->365320K(736256K), 0.0016784 secs] [Times: user=0.00 sys=0.00, real=0.00 secs] 
2712.642: [GC (Allocation Failure) [PSYoungGen: 68032K->1501K(68096K)] 431880K->365349K(736256K), 0.0016719 secs] [Times: user=0.01 sys=0.00, real=0.00 secs] 
2712.759: [GC (Allocation Failure) [PSYoungGen: 68061K->1469K(68608K)] 431909K->365317K(736768K), 0.0017238 secs] [Times: user=0.01 sys=0.00, real=0.00 secs] 
2712.940: [GC (Allocation Failure) [PSYoungGen: 68029K->2016K(75264K)] 431877K->365919K(743424K), 0.0019795 secs] [Times: user=0.00 sys=0.00, real=0.00 secs] 
2713.244: [GC (Allocation Failure) [PSYoungGen: 75232K->1504K(74240K)] 439135K->365423K(742400K), 0.0020346 secs] [Times: user=0.01 sys=0.00, real=0.00 secs] 
2713.546: [GC (Allocation Failure) [PSYoungGen: 74208K->1488K(73728K)] 438127K->365407K(741888K), 0.0020944 secs] [Times: user=0.01 sys=0.00, real=0.00 secs] 
2713.846: [GC (Allocation Failure) [PSYoungGen: 73680K->1504K(73216K)] 437599K->365423K(741376K), 0.0020741 secs] [Times: user=0.01 sys=0.00, real=0.00 secs] 
2714.237: [GC (Allocation Failure) [PSYoungGen: 73184K->1584K(73216K)] 437103K->365504K(741376K), 0.0019801 secs] [Times: user=0.01 sys=0.00, real=0.01 secs] 
2714.372: [GC (Allocation Failure) [PSYoungGen: 72752K->1645K(72704K)] 436672K->365565K(740864K), 0.0017456 secs] [Times: user=0.00 sys=0.00, real=0.00 secs] 
2714.497: [GC (Allocation Failure) [PSYoungGen: 72301K->573K(72704K)] 436221K->365517K(740864K), 0.0018931 secs] [Times: user=0.01 sys=0.00, real=0.01 secs] 
2714.623: [GC (Allocation Failure) [PSYoungGen: 72253K->512K(73728K)] 437197K->365587K(741888K), 0.0017356 secs] [Times: user=0.01 sys=0.00, real=0.00 secs] 
2714.871: [GC (Allocation Failure) [PSYoungGen: 72192K->1536K(73216K)] 437267K->366610K(741376K), 0.0018497 secs] [Times: user=0.01 sys=0.00, real=0.00 secs] 
2715.171: [GC (Allocation Failure) [PSYoungGen: 72704K->1440K(72192K)] 437778K->366514K(740352K), 0.0019203 secs] [Times: user=0.01 sys=0.00, real=0.00 secs] 
2715.465: [GC (Allocation Failure) [PSYoungGen: 72096K->1408K(71680K)] 437170K->366482K(739840K), 0.0018284 secs] [Times: user=0.01 sys=0.00, real=0.00 secs] 
2715.769: [GC (Allocation Failure) [PSYoungGen: 71552K->1408K(71168K)] 436626K->366482K(739328K), 0.0017852 secs] [Times: user=0.00 sys=0.00, real=0.00 secs] 
2716.048: [GC (Allocation Failure) [PSYoungGen: 71040K->1488K(70656K)] 436114K->366563K(738816K), 0.0016243 secs] [Times: user=0.00 sys=0.00, real=0.01 secs] 
2716.173: [GC (Allocation Failure) [PSYoungGen: 70608K->1565K(70656K)] 435683K->366640K(738816K), 0.0018043 secs] [Times: user=0.00 sys=0.00, real=0.00 secs] 
2716.296: [GC (Allocation Failure) [PSYoungGen: 70173K->461K(68608K)] 435248K->366560K(736768K), 0.0016255 secs] [Times: user=0.01 sys=0.00, real=0.00 secs] 
2716.418: [GC (Allocation Failure) [PSYoungGen: 68557K->528K(76800K)] 434656K->366691K(744960K), 0.0017361 secs] [Times: user=0.01 sys=0.00, real=0.01 secs] 
2717.181: [GC (Allocation Failure) [PSYoungGen: 74768K->1440K(75264K)] 440931K->367603K(743424K), 0.0019393 secs] [Times: user=0.01 sys=0.00, real=0.00 secs] 
2717.654: [GC (Allocation Failure) [PSYoungGen: 75168K->1376K(74752K)] 441331K->367539K(742912K), 0.0021396 secs] [Times: user=0.00 sys=0.00, real=0.00 secs] 
2717.958: [GC (Allocation Failure) [PSYoungGen: 74592K->1408K(74240K)] 440755K->367571K(742400K), 0.0020626 secs] [Times: user=0.01 sys=0.00, real=0.01 secs] 
2718.278: [GC (Allocation Failure) [PSYoungGen: 74112K->1456K(73728K)] 440275K->367619K(741888K), 0.0020124 secs] [Times: user=0.00 sys=0.00, real=0.01 secs] 
2718.455: [GC (Allocation Failure) [PSYoungGen: 73648K->1501K(73216K)] 439811K->367664K(741376K), 0.0022577 secs] [Times: user=0.01 sys=0.00, real=0.00 secs] 
2718.616: [GC (Allocation Failure) [PSYoungGen: 73181K->1453K(72704K)] 439344K->367616K(740864K), 0.0017357 secs] [Times: user=0.00 sys=0.00, real=0.00 secs] 
2718.741: [GC (Allocation Failure) [PSYoungGen: 72621K->1533K(73216K)] 438784K->367696K(741376K), 0.0018673 secs] [Times: user=0.01 sys=0.00, real=0.00 secs] 
2718.963: [GC (Allocation Failure) [PSYoungGen: 73213K->1424K(73728K)] 439376K->367587K(741888K), 0.0022977 secs] [Times: user=0.01 sys=0.00, real=0.00 secs] 
2719.271: [GC (Allocation Failure) [PSYoungGen: 73104K->1424K(72704K)] 439267K->367587K(740864K), 0.0021501 secs] [Times: user=0.01 sys=0.00, real=0.00 secs] 
2719.795: [GC (Allocation Failure) [PSYoungGen: 72592K->1424K(72192K)] 438755K->367587K(740352K), 0.0021748 secs] [Times: user=0.01 sys=0.00, real=0.00 secs] 
2720.354: [GC (Allocation Failure) [PSYoungGen: 72080K->1408K(71680K)] 438243K->367571K(739840K), 0.0020612 secs] [Times: user=0.01 sys=0.00, real=0.00 secs] 
2720.874: [GC (Allocation Failure) [PSYoungGen: 71552K->1533K(71168K)] 437715K->367696K(739328K), 0.0019508 secs] [Times: user=0.01 sys=0.00, real=0.00 secs] 
2721.008: [GC (Allocation Failure) [PSYoungGen: 71165K->1533K(70656K)] 437328K->367696K(738816K), 0.0018539 secs] [Times: user=0.01 sys=0.00, real=0.01 secs] 
2721.151: [GC (Allocation Failure) [PSYoungGen: 70653K->1517K(70144K)] 436816K->367680K(738304K), 0.0020356 secs] [Times: user=0.00 sys=0.00, real=0.00 secs] 
2721.302: [GC (Allocation Failure) [PSYoungGen: 70125K->1517K(77312K)] 436288K->367680K(745472K), 0.0019330 secs] [Times: user=0.01 sys=0.00, real=0.00 secs] 
2721.705: [GC (Allocation Failure) [PSYoungGen: 77293K->1472K(76800K)] 443456K->367643K(744960K), 0.0019610 secs] [Times: user=0.01 sys=0.00, real=0.00 secs] 
2722.614: [GC (Allocation Failure) [PSYoungGen: 76736K->1408K(76288K)] 442907K->367579K(744448K), 0.0044825 secs] [Times: user=0.02 sys=0.00, real=0.01 secs] 
2723.581: [GC (Allocation Failure) [PSYoungGen: 76160K->1408K(75776K)] 442331K->367579K(743936K), 0.0045567 secs] [Times: user=0.01 sys=0.00, real=0.00 secs] 
2724.571: [GC (Allocation Failure) [PSYoungGen: 75648K->1421K(75264K)] 441819K->367592K(743424K), 0.0042507 secs] [Times: user=0.02 sys=0.00, real=0.00 secs] 
2724.817: [GC (Allocation Failure) [PSYoungGen: 75149K->1488K(74752K)] 441320K->367659K(742912K), 0.0018513 secs] [Times: user=0.01 sys=0.00, real=0.01 secs] 
2724.950: [GC (Allocation Failure) [PSYoungGen: 74704K->1565K(74752K)] 440875K->367736K(742912K), 0.0015717 secs] [Times: user=0.01 sys=0.00, real=0.00 secs] 
2725.079: [GC (Allocation Failure) [PSYoungGen: 74269K->1501K(73728K)] 440440K->367696K(741888K), 0.0016435 secs] [Times: user=0.01 sys=0.00, real=0.00 secs] 
2725.308: [GC (Allocation Failure) [PSYoungGen: 73693K->1440K(73216K)] 439888K->367635K(741376K), 0.0018739 secs] [Times: user=0.01 sys=0.00, real=0.01 secs] 
2725.605: [GC (Allocation Failure) [PSYoungGen: 73120K->1408K(72704K)] 439315K->367603K(740864K), 0.0021161 secs] [Times: user=0.01 sys=0.00, real=0.00 secs] 
2725.901: [GC (Allocation Failure) [PSYoungGen: 72576K->1408K(72192K)] 438771K->367603K(740352K), 0.0018388 secs] [Times: user=0.01 sys=0.00, real=0.00 secs] 
2726.194: [GC (Allocation Failure) [PSYoungGen: 72064K->1456K(71680K)] 438259K->367651K(739840K), 0.0018075 secs] [Times: user=0.01 sys=0.00, real=0.00 secs] 
2726.430: [GC (Allocation Failure) [PSYoungGen: 71600K->1533K(71168K)] 437795K->367728K(739328K), 0.0017064 secs] [Times: user=0.01 sys=0.00, real=0.00 secs] 
2726.554: [GC (Allocation Failure) [PSYoungGen: 71165K->1533K(70656K)] 437360K->367728K(738816K), 0.0016499 secs] [Times: user=0.00 sys=0.00, real=0.00 secs] 
2726.679: [GC (Allocation Failure) [PSYoungGen: 70653K->1453K(70144K)] 436848K->367648K(738304K), 0.0015916 secs] [Times: user=0.00 sys=0.01, real=0.00 secs] 
2726.799: [GC (Allocation Failure) [PSYoungGen: 70061K->1501K(71168K)] 436256K->367696K(739328K), 0.0017429 secs] [Times: user=0.00 sys=0.00, real=0.00 secs] 
2727.100: [GC (Allocation Failure) [PSYoungGen: 70621K->1424K(70144K)] 436816K->367635K(738304K), 0.0018971 secs] [Times: user=0.01 sys=0.00, real=0.00 secs] 
2727.582: [GC (Allocation Failure) [PSYoungGen: 70032K->1424K(69632K)] 436243K->367635K(737792K), 0.0021113 secs] [Times: user=0.01 sys=0.00, real=0.00 secs] 
2728.072: [GC (Allocation Failure) [PSYoungGen: 69520K->1376K(69120K)] 435731K->367587K(737280K), 0.0018557 secs] [Times: user=0.01 sys=0.00, real=0.00 secs] 
2728.561: [GC (Allocation Failure) [PSYoungGen: 68960K->1408K(68608K)] 435171K->367619K(736768K), 0.0020940 secs] [Times: user=0.01 sys=0.01, real=0.00 secs] 
2728.852: [GC (Allocation Failure) [PSYoungGen: 68480K->1501K(68096K)] 434691K->367712K(736256K), 0.0018020 secs] [Times: user=0.01 sys=0.00, real=0.00 secs] 
2728.987: [GC (Allocation Failure) [PSYoungGen: 68061K->1501K(68096K)] 434272K->367712K(736256K), 0.0020828 secs] [Times: user=0.00 sys=0.00, real=0.01 secs] 
2729.139: [GC (Allocation Failure) [PSYoungGen: 68061K->1485K(68096K)] 434272K->367696K(736256K), 0.0020644 secs] [Times: user=0.01 sys=0.00, real=0.00 secs] 
2729.300: [GC (Allocation Failure) [PSYoungGen: 68045K->1517K(68096K)] 434256K->367744K(736256K), 0.0018478 secs] [Times: user=0.01 sys=0.00, real=0.00 secs] 
2729.761: [GC (Allocation Failure) [PSYoungGen: 68077K->1472K(68096K)] 434304K->367699K(736256K), 0.0025716 secs] [Times: user=0.01 sys=0.00, real=0.00 secs] 
2730.344: [GC (Allocation Failure) [PSYoungGen: 68032K->1376K(68096K)] 434259K->367603K(736256K), 0.0023322 secs] [Times: user=0.01 sys=0.00, real=0.00 secs] 
2730.918: [GC (Allocation Failure) [PSYoungGen: 67936K->1376K(68096K)] 434163K->367603K(736256K), 0.0022501 secs] [Times: user=0.01 sys=0.00, real=0.01 secs] 
2731.434: [GC (Allocation Failure) [PSYoungGen: 67936K->1408K(68096K)] 434163K->367635K(736256K), 0.0022917 secs] [Times: user=0.00 sys=0.00, real=0.00 secs] 
2731.681: [GC (Allocation Failure) [PSYoungGen: 67953K->1504K(68096K)] 434180K->367747K(736256K), 0.0019698 secs] [Times: user=0.00 sys=0.00, real=0.00 secs] 
2731.802: [GC (Allocation Failure) [PSYoungGen: 68064K->1488K(68096K)] 434307K->367731K(736256K), 0.0019212 secs] [Times: user=0.00 sys=0.00, real=0.00 secs] 
2731.921: [GC (Allocation Failure) [PSYoungGen: 68048K->1456K(68096K)] 434291K->367699K(736256K), 0.0015249 secs] [Times: user=0.01 sys=0.00, real=0.00 secs] 
2732.055: [GC (Allocation Failure) [PSYoungGen: 68016K->1533K(70144K)] 434259K->367792K(738304K), 0.0017565 secs] [Times: user=0.01 sys=0.00, real=0.00 secs] 
2732.678: [GC (Allocation Failure) [PSYoungGen: 69629K->1440K(69120K)] 435888K->367699K(737280K), 0.0020414 secs] [Times: user=0.01 sys=0.00, real=0.01 secs] 
2733.301: [GC (Allocation Failure) [PSYoungGen: 69024K->1408K(68608K)] 435283K->367667K(736768K), 0.0024772 secs] [Times: user=0.01 sys=0.00, real=0.00 secs] 
2733.766: [GC (Allocation Failure) [PSYoungGen: 68480K->1408K(68096K)] 434739K->367667K(736256K), 0.0021529 secs] [Times: user=0.00 sys=0.00, real=0.00 secs] 
2734.042: [GC (Allocation Failure) [PSYoungGen: 67968K->1376K(68096K)] 434227K->367651K(736256K), 0.0020053 secs] [Times: user=0.01 sys=0.00, real=0.00 secs] 
2734.315: [GC (Allocation Failure) [PSYoungGen: 67910K->1517K(68096K)] 434185K->367792K(736256K), 0.0016736 secs] [Times: user=0.01 sys=0.00, real=0.00 secs] 
2734.432: [GC (Allocation Failure) [PSYoungGen: 68077K->1488K(68096K)] 434352K->367763K(736256K), 0.0017630 secs] [Times: user=0.00 sys=0.00, real=0.00 secs] 
2734.548: [GC (Allocation Failure) [PSYoungGen: 68048K->1453K(68096K)] 434323K->367728K(736256K), 0.0015586 secs] [Times: user=0.00 sys=0.00, real=0.01 secs] 
2734.683: [GC (Allocation Failure) [PSYoungGen: 68013K->1485K(72192K)] 434288K->367784K(740352K), 0.0019782 secs] [Times: user=0.00 sys=0.00, real=0.00 secs] 
2735.237: [GC (Allocation Failure) [PSYoungGen: 71629K->1440K(71168K)] 437928K->367739K(739328K), 0.0025731 secs] [Times: user=0.01 sys=0.00, real=0.01 secs] 
2735.934: [GC (Allocation Failure) [PSYoungGen: 71072K->1408K(70656K)] 437371K->367707K(738816K), 0.0025836 secs] [Times: user=0.01 sys=0.00, real=0.00 secs] 
2736.561: [GC (Allocation Failure) [PSYoungGen: 70528K->1408K(70144K)] 436827K->367707K(738304K), 0.0020340 secs] [Times: user=0.01 sys=0.00, real=0.00 secs] 
2737.082: [GC (Allocation Failure) [PSYoungGen: 70016K->1376K(69632K)] 436315K->367675K(737792K), 0.0022397 secs] [Times: user=0.01 sys=0.00, real=0.00 secs] 
2737.314: [GC (Allocation Failure) [PSYoungGen: 69472K->1501K(69120K)] 435771K->367800K(737280K), 0.0016606 secs] [Times: user=0.01 sys=0.00, real=0.00 secs] 
2737.435: [GC (Allocation Failure) [PSYoungGen: 69053K->1533K(68608K)] 435352K->367832K(736768K), 0.0017524 secs] [Times: user=0.01 sys=0.00, real=0.00 secs] 
2737.553: [GC (Allocation Failure) [PSYoungGen: 68605K->1485K(68096K)] 434904K->367784K(736256K), 0.0017001 secs] [Times: user=0.00 sys=0.00, real=0.00 secs] 
2737.670: [GC (Allocation Failure) [PSYoungGen: 68045K->1565K(72192K)] 434344K->367880K(740352K), 0.0015598 secs] [Times: user=0.01 sys=0.00, real=0.00 secs] 
2739.051: [GC (Allocation Failure) [PSYoungGen: 71709K->1440K(71168K)] 438024K->367755K(739328K), 0.0035452 secs] [Times: user=0.02 sys=0.00, real=0.00 secs] 
2740.061: [GC (Allocation Failure) [PSYoungGen: 71072K->1408K(70656K)] 437387K->367723K(738816K), 0.0030866 secs] [Times: user=0.01 sys=0.00, real=0.00 secs] 
2741.321: [GC (Allocation Failure) [PSYoungGen: 70528K->1408K(70144K)] 436843K->367723K(738304K), 0.0027280 secs] [Times: user=0.02 sys=0.00, real=0.00 secs] 
2741.901: [GC (Allocation Failure) [PSYoungGen: 70016K->1440K(69632K)] 436331K->367755K(737792K), 0.0025866 secs] [Times: user=0.01 sys=0.00, real=0.00 secs] 
2742.237: [GC (Allocation Failure) [PSYoungGen: 69536K->1501K(69120K)] 435851K->367816K(737280K), 0.0020765 secs] [Times: user=0.01 sys=0.00, real=0.01 secs] 
2742.362: [GC (Allocation Failure) [PSYoungGen: 69085K->1456K(68608K)] 435400K->367771K(736768K), 0.0018109 secs] [Times: user=0.00 sys=0.00, real=0.00 secs] 
2742.482: [GC (Allocation Failure) [PSYoungGen: 68528K->1533K(68096K)] 434843K->367872K(736256K), 0.0016703 secs] [Times: user=0.00 sys=0.00, real=0.00 secs] 
2742.599: [GC (Allocation Failure) [PSYoungGen: 68071K->1565K(72192K)] 434410K->367920K(740352K), 0.0016002 secs] [Times: user=0.01 sys=0.00, real=0.00 secs] 
2743.001: [GC (Allocation Failure) [PSYoungGen: 71709K->1440K(71168K)] 438064K->367795K(739328K), 0.0021672 secs] [Times: user=0.01 sys=0.00, real=0.00 secs] 
2743.610: [GC (Allocation Failure) [PSYoungGen: 71072K->1408K(70656K)] 437427K->367763K(738816K), 0.0021733 secs] [Times: user=0.01 sys=0.00, real=0.00 secs] 
2744.290: [GC (Allocation Failure) [PSYoungGen: 70528K->1408K(70144K)] 436883K->367763K(738304K), 0.0024604 secs] [Times: user=0.01 sys=0.00, real=0.00 secs] 
2744.968: [GC (Allocation Failure) [PSYoungGen: 70016K->1376K(69632K)] 436371K->367731K(737792K), 0.0021368 secs] [Times: user=0.00 sys=0.01, real=0.01 secs] 
2745.314: [GC (Allocation Failure) [PSYoungGen: 69472K->1453K(69120K)] 435827K->367808K(737280K), 0.0017765 secs] [Times: user=0.01 sys=0.00, real=0.00 secs] 
2745.434: [GC (Allocation Failure) [PSYoungGen: 69037K->1453K(68608K)] 435392K->367808K(736768K), 0.0016617 secs] [Times: user=0.01 sys=0.00, real=0.00 secs] 
2745.552: [GC (Allocation Failure) [PSYoungGen: 68525K->1533K(68096K)] 434880K->367888K(736256K), 0.0016892 secs] [Times: user=0.01 sys=0.00, real=0.00 secs] 
2745.670: [GC (Allocation Failure) [PSYoungGen: 68093K->1501K(71680K)] 434448K->367872K(739840K), 0.0016045 secs] [Times: user=0.01 sys=0.00, real=0.00 secs] 
2746.679: [GC (Allocation Failure) [PSYoungGen: 71133K->1440K(70656K)] 437504K->367811K(738816K), 0.0035359 secs] [Times: user=0.01 sys=0.01, real=0.00 secs] 
2747.599: [GC (Allocation Failure) [PSYoungGen: 70560K->1376K(70144K)] 436931K->367747K(738304K), 0.0037736 secs] [Times: user=0.01 sys=0.00, real=0.01 secs] 
2748.305: [GC (Allocation Failure) [PSYoungGen: 69984K->1376K(69632K)] 436355K->367747K(737792K), 0.0023714 secs] [Times: user=0.00 sys=0.00, real=0.00 secs] 
2748.869: [GC (Allocation Failure) [PSYoungGen: 69472K->1440K(69120K)] 435843K->367811K(737280K), 0.0023958 secs] [Times: user=0.01 sys=0.00, real=0.00 secs] 
2749.231: [GC (Allocation Failure) [PSYoungGen: 69024K->1517K(68608K)] 435395K->367888K(736768K), 0.0016971 secs] [Times: user=0.00 sys=0.00, real=0.00 secs] 
2749.350: [GC (Allocation Failure) [PSYoungGen: 68589K->1472K(68096K)] 434960K->367843K(736256K), 0.0022056 secs] [Times: user=0.01 sys=0.00, real=0.00 secs] 
2749.468: [GC (Allocation Failure) [PSYoungGen: 68032K->1533K(68096K)] 434403K->367904K(736256K), 0.0015933 secs] [Times: user=0.01 sys=0.00, real=0.01 secs] 
2749.586: [GC (Allocation Failure) [PSYoungGen: 68093K->1501K(71680K)] 434464K->367880K(739840K), 0.0018926 secs] [Times: user=0.01 sys=0.00, real=0.00 secs] 
2749.964: [GC (Allocation Failure) [PSYoungGen: 71133K->1440K(70656K)] 437512K->367819K(738816K), 0.0020120 secs] [Times: user=0.01 sys=0.00, real=0.00 secs] 
2750.252: [GC (Allocation Failure) [PSYoungGen: 70560K->1408K(70144K)] 436939K->367787K(738304K), 0.0020473 secs] [Times: user=0.01 sys=0.00, real=0.00 secs] 
2750.537: [GC (Allocation Failure) [PSYoungGen: 70016K->1408K(69632K)] 436395K->367787K(737792K), 0.0019383 secs] [Times: user=0.01 sys=0.00, real=0.01 secs] 
2750.826: [GC (Allocation Failure) [PSYoungGen: 69504K->1344K(69120K)] 435883K->367723K(737280K), 0.0028472 secs] [Times: user=0.01 sys=0.00, real=0.01 secs] 
2751.158: [GC (Allocation Failure) [PSYoungGen: 68928K->1501K(68608K)] 435307K->367880K(736768K), 0.0018142 secs] [Times: user=0.00 sys=0.00, real=0.01 secs] 
2751.294: [GC (Allocation Failure) [PSYoungGen: 68573K->1517K(68096K)] 434952K->367896K(736256K), 0.0018656 secs] [Times: user=0.01 sys=0.00, real=0.00 secs] 
2751.439: [GC (Allocation Failure) [PSYoungGen: 68077K->1533K(72192K)] 434456K->367912K(740352K), 0.0022623 secs] [Times: user=0.01 sys=0.00, real=0.00 secs] 
2751.728: [GC (Allocation Failure) [PSYoungGen: 72189K->1984K(72192K)] 438568K->368875K(740352K), 0.0020561 secs] [Times: user=0.01 sys=0.00, real=0.01 secs] 
2753.488: [GC (Allocation Failure) [PSYoungGen: 72128K->1408K(71168K)] 439019K->368299K(739328K), 0.0030079 secs] [Times: user=0.01 sys=0.00, real=0.01 secs] 
2754.249: [GC (Allocation Failure) [PSYoungGen: 71040K->1408K(70656K)] 437931K->368299K(738816K), 0.0022647 secs] [Times: user=0.01 sys=0.00, real=0.01 secs] 
2755.494: [GC (Allocation Failure) [PSYoungGen: 70528K->1344K(70144K)] 437419K->368259K(738304K), 0.0029325 secs] [Times: user=0.01 sys=0.00, real=0.00 secs] 
2756.569: [GC (Allocation Failure) [PSYoungGen: 69952K->1408K(69632K)] 436867K->368323K(737792K), 0.0045728 secs] [Times: user=0.02 sys=0.00, real=0.00 secs] 
2756.791: [GC (Allocation Failure) [PSYoungGen: 69504K->1485K(69120K)] 436419K->368400K(737280K), 0.0018059 secs] [Times: user=0.01 sys=0.00, real=0.00 secs] 
2756.916: [GC (Allocation Failure) [PSYoungGen: 69069K->1485K(68608K)] 435984K->368400K(736768K), 0.0016406 secs] [Times: user=0.00 sys=0.00, real=0.00 secs] 
2757.034: [GC (Allocation Failure) [PSYoungGen: 68557K->1501K(68096K)] 435472K->368416K(736256K), 0.0017300 secs] [Times: user=0.01 sys=0.00, real=0.00 secs] 
2757.306: [GC (Allocation Failure) [PSYoungGen: 68061K->1440K(68096K)] 434976K->368355K(736256K), 0.0022761 secs] [Times: user=0.01 sys=0.00, real=0.00 secs] 
2757.594: [GC (Allocation Failure) [PSYoungGen: 68000K->1376K(68608K)] 434915K->368291K(736768K), 0.0020809 secs] [Times: user=0.01 sys=0.00, real=0.00 secs] 
2757.919: [GC (Allocation Failure) [PSYoungGen: 67936K->1376K(68608K)] 434851K->368291K(736768K), 0.0019954 secs] [Times: user=0.01 sys=0.00, real=0.00 secs] 
2758.196: [GC (Allocation Failure) [PSYoungGen: 67936K->1408K(68608K)] 434851K->368323K(736768K), 0.0020452 secs] [Times: user=0.01 sys=0.00, real=0.00 secs] 
2758.580: [GC (Allocation Failure) [PSYoungGen: 67968K->1392K(68608K)] 434883K->368307K(736768K), 0.0021691 secs] [Times: user=0.01 sys=0.00, real=0.00 secs] 
2758.743: [GC (Allocation Failure) [PSYoungGen: 67933K->1501K(68608K)] 434848K->368416K(736768K), 0.0016023 secs] [Times: user=0.00 sys=0.00, real=0.00 secs] 
2758.862: [GC (Allocation Failure) [PSYoungGen: 68061K->1453K(68608K)] 434976K->368368K(736768K), 0.0016344 secs] [Times: user=0.01 sys=0.00, real=0.00 secs] 
2758.998: [GC (Allocation Failure) [PSYoungGen: 68013K->1488K(68608K)] 434928K->368427K(736768K), 0.0018320 secs] [Times: user=0.01 sys=0.00, real=0.01 secs] 
2759.365: [GC (Allocation Failure) [PSYoungGen: 68048K->1968K(68608K)] 434987K->368907K(736768K), 0.0029955 secs] [Times: user=0.02 sys=0.00, real=0.00 secs] 
2760.352: [GC (Allocation Failure) [PSYoungGen: 68528K->1408K(68608K)] 435467K->368347K(736768K), 0.0040541 secs] [Times: user=0.01 sys=0.00, real=0.00 secs] 
2761.406: [GC (Allocation Failure) [PSYoungGen: 67968K->1408K(68608K)] 434907K->368347K(736768K), 0.0036667 secs] [Times: user=0.02 sys=0.00, real=0.01 secs] 
2762.409: [GC (Allocation Failure) [PSYoungGen: 67968K->1392K(68608K)] 434907K->368331K(736768K), 0.0040342 secs] [Times: user=0.01 sys=0.00, real=0.00 secs] 
2763.185: [GC (Allocation Failure) [PSYoungGen: 67952K->1376K(68608K)] 434891K->368315K(736768K), 0.0035678 secs] [Times: user=0.01 sys=0.00, real=0.01 secs] 
2763.568: [GC (Allocation Failure) [PSYoungGen: 67936K->1517K(68608K)] 434875K->368456K(736768K), 0.0020912 secs] [Times: user=0.01 sys=0.00, real=0.01 secs] 
2763.723: [GC (Allocation Failure) [PSYoungGen: 68077K->1517K(68608K)] 435016K->368456K(736768K), 0.0017373 secs] [Times: user=0.01 sys=0.00, real=0.00 secs] 
2763.868: [GC (Allocation Failure) [PSYoungGen: 68077K->1568K(68608K)] 435016K->368523K(736768K), 0.0016315 secs] [Times: user=0.00 sys=0.00, real=0.01 secs] 
2764.011: [GC (Allocation Failure) [PSYoungGen: 68128K->1485K(68608K)] 435083K->368440K(736768K), 0.0017312 secs] [Times: user=0.00 sys=0.00, real=0.00 secs] 
2764.382: [GC (Allocation Failure) [PSYoungGen: 68045K->1440K(68608K)] 435000K->368395K(736768K), 0.0021951 secs] [Times: user=0.01 sys=0.00, real=0.00 secs] 
2764.908: [GC (Allocation Failure) [PSYoungGen: 68000K->1408K(68608K)] 434955K->368363K(736768K), 0.0021668 secs] [Times: user=0.01 sys=0.00, real=0.01 secs] 
2765.496: [GC (Allocation Failure) [PSYoungGen: 67968K->1376K(68608K)] 434923K->368331K(736768K), 0.0027876 secs] [Times: user=0.01 sys=0.00, real=0.00 secs] 
2766.057: [GC (Allocation Failure) [PSYoungGen: 67936K->1408K(68608K)] 434891K->368395K(736768K), 0.0022587 secs] [Times: user=0.01 sys=0.00, real=0.01 secs] 
2766.345: [GC (Allocation Failure) [PSYoungGen: 67968K->1533K(68608K)] 434955K->368520K(736768K), 0.0017968 secs] [Times: user=0.01 sys=0.00, real=0.00 secs] 
2766.462: [GC (Allocation Failure) [PSYoungGen: 68093K->1501K(68608K)] 435080K->368488K(736768K), 0.0015585 secs] [Times: user=0.00 sys=0.00, real=0.00 secs] 
2766.580: [GC (Allocation Failure) [PSYoungGen: 68061K->1453K(68608K)] 435048K->368456K(736768K), 0.0015713 secs] [Times: user=0.00 sys=0.00, real=0.00 secs] 
2766.697: [GC (Allocation Failure) [PSYoungGen: 68013K->1517K(68608K)] 435016K->368520K(736768K), 0.0015894 secs] [Times: user=0.01 sys=0.00, real=0.00 secs] 
2767.599: [GC (Allocation Failure) [PSYoungGen: 68077K->1408K(68096K)] 435080K->368411K(736256K), 0.0025335 secs] [Times: user=0.01 sys=0.00, real=0.00 secs] 
2768.171: [GC (Allocation Failure) [PSYoungGen: 67968K->1408K(68096K)] 434971K->368411K(736256K), 0.0022292 secs] [Times: user=0.01 sys=0.00, real=0.00 secs] 
2769.021: [GC (Allocation Failure) [PSYoungGen: 67968K->1408K(68096K)] 434971K->368411K(736256K), 0.0034199 secs] [Times: user=0.01 sys=0.00, real=0.00 secs] 
2770.010: [GC (Allocation Failure) [PSYoungGen: 67968K->1360K(68096K)] 434971K->368363K(736256K), 0.0036232 secs] [Times: user=0.02 sys=0.00, real=0.00 secs] 
2770.554: [GC (Allocation Failure) [PSYoungGen: 67920K->1437K(68096K)] 434923K->368440K(736256K), 0.0021820 secs] [Times: user=0.01 sys=0.00, real=0.00 secs] 
2770.694: [GC (Allocation Failure) [PSYoungGen: 67997K->1485K(68096K)] 435000K->368488K(736256K), 0.0016399 secs] [Times: user=0.00 sys=0.00, real=0.00 secs] 
2770.811: [GC (Allocation Failure) [PSYoungGen: 68045K->1469K(68096K)] 435048K->368472K(736256K), 0.0021303 secs] [Times: user=0.01 sys=0.00, real=0.00 secs] 
2770.929: [GC (Allocation Failure) [PSYoungGen: 68029K->1437K(71680K)] 435032K->368448K(739840K), 0.0017044 secs] [Times: user=0.01 sys=0.00, real=0.00 secs] 
2771.769: [GC (Allocation Failure) [PSYoungGen: 71069K->1440K(70656K)] 438080K->368451K(738816K), 0.0045371 secs] [Times: user=0.02 sys=0.00, real=0.01 secs] 
2772.463: [GC (Allocation Failure) [PSYoungGen: 70560K->1376K(70144K)] 437571K->368387K(738304K), 0.0033967 secs] [Times: user=0.01 sys=0.00, real=0.00 secs] 
2773.007: [GC (Allocation Failure) [PSYoungGen: 69984K->1440K(69632K)] 436995K->368451K(737792K), 0.0021872 secs] [Times: user=0.01 sys=0.00, real=0.01 secs] 
2773.748: [GC (Allocation Failure) [PSYoungGen: 69536K->1408K(69120K)] 436547K->368419K(737280K), 0.0030511 secs] [Times: user=0.02 sys=0.00, real=0.01 secs] 
2774.329: [GC (Allocation Failure) [PSYoungGen: 68992K->1517K(68608K)] 436003K->368528K(736768K), 0.0020438 secs] [Times: user=0.01 sys=0.00, real=0.00 secs] 
2774.509: [GC (Allocation Failure) [PSYoungGen: 68589K->1549K(68608K)] 435600K->368560K(736768K), 0.0021872 secs] [Times: user=0.00 sys=0.00, real=0.01 secs] 
2774.657: [GC (Allocation Failure) [PSYoungGen: 68109K->429K(67072K)] 435120K->368464K(735232K), 0.0016397 secs] [Times: user=0.01 sys=0.00, real=0.00 secs] 
2774.775: [GC (Allocation Failure) [PSYoungGen: 66989K->429K(68608K)] 435024K->368472K(736768K), 0.0015688 secs] [Times: user=0.00 sys=0.00, real=0.00 secs] 
2775.035: [GC (Allocation Failure) [PSYoungGen: 66989K->1408K(68096K)] 435032K->369451K(736256K), 0.0023850 secs] [Times: user=0.01 sys=0.00, real=0.00 secs] 
2775.312: [GC (Allocation Failure) [PSYoungGen: 67968K->1392K(68096K)] 436011K->369451K(736256K), 0.0022943 secs] [Times: user=0.01 sys=0.00, real=0.00 secs] 
2775.589: [GC (Allocation Failure) [PSYoungGen: 67952K->1376K(68096K)] 436011K->369451K(736256K), 0.0020221 secs] [Times: user=0.01 sys=0.00, real=0.00 secs] 
2775.866: [GC (Allocation Failure) [PSYoungGen: 67936K->1392K(68096K)] 436011K->369467K(736256K), 0.0022311 secs] [Times: user=0.01 sys=0.00, real=0.00 secs] 
2776.076: [GC (Allocation Failure) [PSYoungGen: 67952K->1520K(68096K)] 436027K->369595K(736256K), 0.0016117 secs] [Times: user=0.01 sys=0.00, real=0.00 secs] 
2776.193: [GC (Allocation Failure) [PSYoungGen: 68080K->1501K(68096K)] 436155K->369576K(736256K), 0.0017539 secs] [Times: user=0.01 sys=0.00, real=0.00 secs] 
2776.310: [GC (Allocation Failure) [PSYoungGen: 68061K->1485K(68608K)] 436136K->369560K(736768K), 0.0016614 secs] [Times: user=0.00 sys=0.00, real=0.00 secs] 
2776.427: [GC (Allocation Failure) [PSYoungGen: 68045K->1533K(68608K)] 436120K->369632K(736768K), 0.0015344 secs] [Times: user=0.01 sys=0.00, real=0.01 secs] 
2777.243: [GC (Allocation Failure) [PSYoungGen: 68093K->1440K(68096K)] 436192K->369539K(736256K), 0.0024149 secs] [Times: user=0.00 sys=0.00, real=0.00 secs] 
2778.154: [GC (Allocation Failure) [PSYoungGen: 68000K->1408K(68096K)] 436099K->369507K(736256K), 0.0029040 secs] [Times: user=0.01 sys=0.00, real=0.00 secs] 
2779.447: [GC (Allocation Failure) [PSYoungGen: 67968K->1392K(68096K)] 436067K->369491K(736256K), 0.0030914 secs] [Times: user=0.01 sys=0.00, real=0.01 secs] 
2780.048: [GC (Allocation Failure) [PSYoungGen: 67952K->1408K(68096K)] 436051K->369507K(736256K), 0.0024948 secs] [Times: user=0.01 sys=0.00, real=0.01 secs] 
2780.554: [GC (Allocation Failure) [PSYoungGen: 67968K->1453K(68096K)] 436067K->369552K(736256K), 0.0020034 secs] [Times: user=0.01 sys=0.00, real=0.00 secs] 
2780.687: [GC (Allocation Failure) [PSYoungGen: 68013K->1453K(68096K)] 436112K->369552K(736256K), 0.0015636 secs] [Times: user=0.01 sys=0.00, real=0.01 secs] 
2780.804: [GC (Allocation Failure) [PSYoungGen: 67985K->1533K(68096K)] 436084K->369656K(736256K), 0.0015958 secs] [Times: user=0.01 sys=0.00, real=0.00 secs] 
2780.922: [GC (Allocation Failure) [PSYoungGen: 68093K->1533K(72192K)] 436216K->369680K(740352K), 0.0018110 secs] [Times: user=0.01 sys=0.00, real=0.00 secs] 
2781.479: [GC (Allocation Failure) [PSYoungGen: 71677K->1440K(71168K)] 439824K->369587K(739328K), 0.0023118 secs] [Times: user=0.01 sys=0.00, real=0.00 secs] 
2782.088: [GC (Allocation Failure) [PSYoungGen: 71072K->1376K(70656K)] 439219K->369523K(738816K), 0.0028970 secs] [Times: user=0.01 sys=0.00, real=0.01 secs] 
2783.086: [GC (Allocation Failure) [PSYoungGen: 70496K->1408K(70144K)] 438643K->369555K(738304K), 0.0032719 secs] [Times: user=0.01 sys=0.00, real=0.01 secs] 
2783.854: [GC (Allocation Failure) [PSYoungGen: 70016K->1344K(69632K)] 438163K->369491K(737792K), 0.0028637 secs] [Times: user=0.01 sys=0.00, real=0.00 secs] 
2784.483: [GC (Allocation Failure) [PSYoungGen: 69440K->1469K(69120K)] 437587K->369616K(737280K), 0.0020066 secs] [Times: user=0.01 sys=0.00, real=0.00 secs] 
2784.660: [GC (Allocation Failure) [PSYoungGen: 69053K->1552K(69120K)] 437200K->369699K(737280K), 0.0024931 secs] [Times: user=0.01 sys=0.00, real=0.00 secs] 
2784.813: [GC (Allocation Failure) [PSYoungGen: 68599K->477K(67072K)] 436746K->369648K(735232K), 0.0016450 secs] [Times: user=0.01 sys=0.00, real=0.00 secs] 
2784.948: [GC (Allocation Failure) [PSYoungGen: 67037K->477K(68608K)] 436208K->369656K(736768K), 0.0016569 secs] [Times: user=0.01 sys=0.00, real=0.01 secs] 
2785.520: [GC (Allocation Failure) [PSYoungGen: 67037K->1440K(68096K)] 436216K->370619K(736256K), 0.0046847 secs] [Times: user=0.01 sys=0.00, real=0.00 secs] 
2786.399: [GC (Allocation Failure) [PSYoungGen: 68000K->1408K(68096K)] 437179K->370619K(736256K), 0.0045993 secs] [Times: user=0.02 sys=0.01, real=0.00 secs] 
2787.215: [GC (Allocation Failure) [PSYoungGen: 67968K->1408K(68096K)] 437179K->370619K(736256K), 0.0043699 secs] [Times: user=0.01 sys=0.01, real=0.01 secs] 
2787.912: [GC (Allocation Failure) [PSYoungGen: 67968K->1408K(68096K)] 437179K->370619K(736256K), 0.0043415 secs] [Times: user=0.02 sys=0.01, real=0.00 secs] 
2788.350: [GC (Allocation Failure) [PSYoungGen: 67968K->1517K(68096K)] 437179K->370744K(736256K), 0.0023336 secs] [Times: user=0.01 sys=0.00, real=0.00 secs] 
2788.499: [GC (Allocation Failure) [PSYoungGen: 68064K->1504K(68608K)] 437291K->370731K(736768K), 0.0015209 secs] [Times: user=0.01 sys=0.00, real=0.00 secs] 
2788.633: [GC (Allocation Failure) [PSYoungGen: 68064K->1517K(68608K)] 437291K->370744K(736768K), 0.0021556 secs] [Times: user=0.00 sys=0.00, real=0.00 secs] 
2788.793: [GC (Allocation Failure) [PSYoungGen: 68077K->1533K(68608K)] 437304K->370776K(736768K), 0.0019270 secs] [Times: user=0.01 sys=0.00, real=0.00 secs] 
2789.434: [GC (Allocation Failure) [PSYoungGen: 68093K->1424K(68096K)] 437336K->370667K(736256K), 0.0038202 secs] [Times: user=0.01 sys=0.00, real=0.00 secs] 
2790.093: [GC (Allocation Failure) [PSYoungGen: 67984K->1344K(68096K)] 437227K->370587K(736256K), 0.0030528 secs] [Times: user=0.01 sys=0.00, real=0.00 secs] 
2790.723: [GC (Allocation Failure) [PSYoungGen: 67904K->1408K(68096K)] 437147K->370651K(736256K), 0.0021118 secs] [Times: user=0.01 sys=0.00, real=0.00 secs] 
2791.354: [GC (Allocation Failure) [PSYoungGen: 67968K->1408K(68096K)] 437211K->370651K(736256K), 0.0023686 secs] [Times: user=0.01 sys=0.00, real=0.00 secs] 
2792.195: [GC (Allocation Failure) [PSYoungGen: 67968K->1469K(68096K)] 437211K->370712K(736256K), 0.0023573 secs] [Times: user=0.00 sys=0.00, real=0.00 secs] 
2792.343: [GC (Allocation Failure) [PSYoungGen: 68029K->1501K(68096K)] 437272K->370744K(736256K), 0.0016506 secs] [Times: user=0.01 sys=0.00, real=0.00 secs] 
2792.460: [GC (Allocation Failure) [PSYoungGen: 68061K->1453K(68096K)] 437304K->370696K(736256K), 0.0018230 secs] [Times: user=0.01 sys=0.00, real=0.00 secs] 
2792.577: [GC (Allocation Failure) [PSYoungGen: 68013K->1485K(71680K)] 437256K->370744K(739840K), 0.0037717 secs] [Times: user=0.02 sys=0.00, real=0.01 secs] 
2794.154: [GC (Allocation Failure) [PSYoungGen: 71117K->1408K(76800K)] 440376K->370667K(744960K), 0.0034471 secs] [Times: user=0.02 sys=0.00, real=0.00 secs] 
2794.824: [GC (Allocation Failure) [PSYoungGen: 76160K->1424K(75776K)] 445419K->370683K(743936K), 0.0023125 secs] [Times: user=0.01 sys=0.00, real=0.00 secs] 
2795.376: [GC (Allocation Failure) [PSYoungGen: 75664K->1392K(75264K)] 444923K->370651K(743424K), 0.0024100 secs] [Times: user=0.01 sys=0.00, real=0.00 secs] 
2796.394: [GC (Allocation Failure) [PSYoungGen: 75120K->1408K(74752K)] 444379K->370667K(742912K), 0.0027238 secs] [Times: user=0.01 sys=0.00, real=0.00 secs] 
2796.932: [GC (Allocation Failure) [PSYoungGen: 74624K->1549K(74752K)] 443883K->370808K(742912K), 0.0020253 secs] [Times: user=0.01 sys=0.00, real=0.00 secs] 
2797.072: [GC (Allocation Failure) [PSYoungGen: 74253K->1453K(73728K)] 443512K->370728K(741888K), 0.0017373 secs] [Times: user=0.00 sys=0.00, real=0.00 secs] 
2797.198: [GC (Allocation Failure) [PSYoungGen: 73645K->1453K(73216K)] 442920K->370728K(741376K), 0.0016168 secs] [Times: user=0.01 sys=0.00, real=0.01 secs] 
2798.012: [GC (Allocation Failure) [PSYoungGen: 73133K->1936K(73216K)] 442408K->371211K(741376K), 0.0029292 secs] [Times: user=0.01 sys=0.00, real=0.00 secs] 
2799.342: [GC (Allocation Failure) [PSYoungGen: 73104K->384K(71168K)] 442379K->370683K(739328K), 0.0034197 secs] [Times: user=0.02 sys=0.00, real=0.00 secs] 
2800.610: [GC (Allocation Failure) [PSYoungGen: 71040K->288K(72192K)] 441339K->370587K(740352K), 0.0039809 secs] [Times: user=0.02 sys=0.00, real=0.00 secs] 
2801.797: [GC (Allocation Failure) [PSYoungGen: 70432K->1501K(71680K)] 440731K->371800K(739840K), 0.0027789 secs] [Times: user=0.01 sys=0.00, real=0.01 secs] 
2801.964: [GC (Allocation Failure) [PSYoungGen: 71133K->1504K(70656K)] 441432K->371803K(738816K), 0.0026733 secs] [Times: user=0.01 sys=0.00, real=0.00 secs] 
2802.089: [GC (Allocation Failure) [PSYoungGen: 70624K->1504K(70656K)] 440923K->371803K(738816K), 0.0018053 secs] [Times: user=0.01 sys=0.00, real=0.00 secs] 
2802.174: [GC (Allocation Failure) [PSYoungGen: 70094K->1501K(71168K)] 440393K->371800K(739328K), 0.0016336 secs] [Times: user=0.01 sys=0.00, real=0.00 secs] 
2803.225: [GC (Allocation Failure) [PSYoungGen: 70109K->1440K(79360K)] 440408K->371739K(747520K), 0.0711857 secs] [Times: user=0.00 sys=0.29, real=0.07 secs] 
2804.224: [GC (Allocation Failure) [PSYoungGen: 78240K->1376K(78848K)] 448539K->371675K(747008K), 0.0035554 secs] [Times: user=0.01 sys=0.00, real=0.00 secs] 
2804.832: [GC (Allocation Failure) [PSYoungGen: 78176K->1376K(88064K)] 448475K->371675K(756224K), 0.0038447 secs] [Times: user=0.02 sys=0.00, real=0.00 secs] 
2805.538: [GC (Allocation Failure) [PSYoungGen: 87904K->1469K(88576K)] 458203K->371768K(756736K), 0.0022008 secs] [Times: user=0.01 sys=0.00, real=0.01 secs] 
2805.719: [GC (Allocation Failure) [PSYoungGen: 87997K->1501K(98304K)] 458296K->371808K(766464K), 0.0033941 secs] [Times: user=0.00 sys=0.02, real=0.00 secs] 
2805.891: [GC (Allocation Failure) [PSYoungGen: 97757K->1565K(98304K)] 468064K->371904K(766464K), 0.0018411 secs] [Times: user=0.00 sys=0.00, real=0.00 secs] 
2806.144: [GC (Allocation Failure) [PSYoungGen: 97821K->1408K(108544K)] 468160K->371747K(776704K), 0.0017226 secs] [Times: user=0.00 sys=0.00, real=0.00 secs] 
2806.866: [GC (Allocation Failure) [PSYoungGen: 108416K->1376K(107520K)] 478755K->371715K(775680K), 0.0027307 secs] [Times: user=0.01 sys=0.00, real=0.01 secs] 
2807.724: [GC (Allocation Failure) [PSYoungGen: 107360K->1408K(106496K)] 477699K->371755K(774656K), 0.0022283 secs] [Times: user=0.01 sys=0.00, real=0.00 secs] 
2808.230: [GC (Allocation Failure) [PSYoungGen: 106368K->1533K(105472K)] 476715K->371880K(773632K), 0.0017318 secs] [Times: user=0.01 sys=0.00, real=0.00 secs] 
2808.412: [GC (Allocation Failure) [PSYoungGen: 105469K->1520K(104448K)] 475816K->371875K(772608K), 0.0016892 secs] [Times: user=0.01 sys=0.00, real=0.00 secs] 
2808.681: [GC (Allocation Failure) [PSYoungGen: 104432K->1472K(103424K)] 474787K->371827K(771584K), 0.0019948 secs] [Times: user=0.00 sys=0.00, real=0.00 secs] 
2809.104: [GC (Allocation Failure) [PSYoungGen: 103360K->1376K(102400K)] 473715K->371731K(770560K), 0.0017978 secs] [Times: user=0.01 sys=0.00, real=0.00 secs] 
2809.831: [GC (Allocation Failure) [PSYoungGen: 102240K->1408K(101376K)] 472595K->371763K(769536K), 0.0026761 secs] [Times: user=0.01 sys=0.00, real=0.00 secs] 
2810.503: [GC (Allocation Failure) [PSYoungGen: 101248K->1533K(100352K)] 471603K->371888K(768512K), 0.0023959 secs] [Times: user=0.01 sys=0.00, real=0.00 secs] 
2810.704: [GC (Allocation Failure) [PSYoungGen: 100349K->1517K(99328K)] 470704K->371872K(767488K), 0.0017373 secs] [Times: user=0.00 sys=0.00, real=0.00 secs] 
2810.874: [GC (Allocation Failure) [PSYoungGen: 99309K->1504K(98304K)] 469664K->371899K(766464K), 0.0016357 secs] [Times: user=0.01 sys=0.01, real=0.00 secs] 
2811.577: [GC (Allocation Failure) [PSYoungGen: 98272K->1472K(97792K)] 468667K->371867K(765952K), 0.0037384 secs] [Times: user=0.02 sys=0.00, real=0.01 secs] 
2812.334: [GC (Allocation Failure) [PSYoungGen: 97728K->1344K(97280K)] 468123K->371739K(765440K), 0.0037398 secs] [Times: user=0.01 sys=0.00, real=0.00 secs] 
2813.125: [GC (Allocation Failure) [PSYoungGen: 97088K->1440K(96768K)] 467483K->371835K(764928K), 0.0024091 secs] [Times: user=0.01 sys=0.00, real=0.00 secs] 
2813.481: [GC (Allocation Failure) [PSYoungGen: 96672K->1485K(96256K)] 467067K->371880K(764416K), 0.0016007 secs] [Times: user=0.01 sys=0.00, real=0.00 secs] 
2813.648: [GC (Allocation Failure) [PSYoungGen: 96205K->1517K(95744K)] 466600K->371912K(763904K), 0.0017043 secs] [Times: user=0.01 sys=0.00, real=0.01 secs] 
2813.862: [GC (Allocation Failure) [PSYoungGen: 95725K->976K(94720K)] 466120K->372395K(762880K), 0.0021863 secs] [Times: user=0.01 sys=0.00, real=0.00 secs] 
2814.406: [GC (Allocation Failure) [PSYoungGen: 94672K->384K(93696K)] 466091K->371803K(761856K), 0.0022259 secs] [Times: user=0.01 sys=0.00, real=0.00 secs] 
2815.604: [GC (Allocation Failure) [PSYoungGen: 93568K->384K(93184K)] 464987K->371803K(761344K), 0.0035008 secs] [Times: user=0.01 sys=0.00, real=0.00 secs] 
2816.773: [GC (Allocation Failure) [PSYoungGen: 93024K->1504K(94208K)] 464443K->372923K(762368K), 0.0031968 secs] [Times: user=0.02 sys=0.00, real=0.00 secs] 
2817.016: [GC (Allocation Failure) [PSYoungGen: 93664K->1565K(93696K)] 465083K->373008K(761856K), 0.0016104 secs] [Times: user=0.01 sys=0.00, real=0.00 secs] 
2817.178: [GC (Allocation Failure) [PSYoungGen: 93213K->1549K(93184K)] 464656K->372992K(761344K), 0.0018914 secs] [Times: user=0.01 sys=0.00, real=0.01 secs] 
2817.657: [GC (Allocation Failure) [PSYoungGen: 92685K->1488K(92160K)] 464128K->372931K(760320K), 0.0021555 secs] [Times: user=0.01 sys=0.00, real=0.01 secs] 
2818.532: [GC (Allocation Failure) [PSYoungGen: 92112K->1376K(91648K)] 463555K->372819K(759808K), 0.0033334 secs] [Times: user=0.01 sys=0.00, real=0.00 secs] 
2819.358: [GC (Allocation Failure) [PSYoungGen: 91488K->1376K(91136K)] 462931K->372819K(759296K), 0.0029884 secs] [Times: user=0.01 sys=0.00, real=0.01 secs] 
2820.308: [GC (Allocation Failure) [PSYoungGen: 90971K->1472K(90624K)] 462414K->372915K(758784K), 0.0033853 secs] [Times: user=0.01 sys=0.00, real=0.01 secs] 
2820.597: [GC (Allocation Failure) [PSYoungGen: 90560K->1520K(90112K)] 462003K->372995K(758272K), 0.0020920 secs] [Times: user=0.01 sys=0.00, real=0.01 secs] 
2820.756: [GC (Allocation Failure) [PSYoungGen: 90096K->1517K(89600K)] 461571K->372992K(757760K), 0.0018353 secs] [Times: user=0.01 sys=0.01, real=0.00 secs] 
2821.016: [GC (Allocation Failure) [PSYoungGen: 89581K->1488K(89088K)] 461056K->372963K(757248K), 0.0021532 secs] [Times: user=0.01 sys=0.00, real=0.00 secs] 
2821.381: [GC (Allocation Failure) [PSYoungGen: 89040K->1408K(88576K)] 460515K->372883K(756736K), 0.0023261 secs] [Times: user=0.01 sys=0.00, real=0.00 secs] 
2821.743: [GC (Allocation Failure) [PSYoungGen: 88448K->1440K(88064K)] 459923K->372915K(756224K), 0.0020316 secs] [Times: user=0.01 sys=0.00, real=0.00 secs] 
2822.120: [GC (Allocation Failure) [PSYoungGen: 87808K->288K(86528K)] 459284K->371763K(754688K), 0.0022141 secs] [Times: user=0.01 sys=0.00, real=0.00 secs] 
2822.284: [GC (Allocation Failure) [PSYoungGen: 86304K->1501K(87040K)] 457779K->372976K(755200K), 0.0016805 secs] [Times: user=0.00 sys=0.00, real=0.00 secs] 
2822.433: [GC (Allocation Failure) [PSYoungGen: 87005K->1517K(86528K)] 458480K->372992K(754688K), 0.0017335 secs] [Times: user=0.01 sys=0.00, real=0.00 secs] 
2822.590: [GC (Allocation Failure) [PSYoungGen: 86509K->1504K(86016K)] 457984K->373011K(754176K), 0.0016243 secs] [Times: user=0.01 sys=0.00, real=0.00 secs] 
2823.098: [GC (Allocation Failure) [PSYoungGen: 85984K->1472K(85504K)] 457491K->372979K(753664K), 0.0021036 secs] [Times: user=0.01 sys=0.00, real=0.01 secs] 
2823.751: [GC (Allocation Failure) [PSYoungGen: 85440K->1344K(84992K)] 456947K->372851K(753152K), 0.0018390 secs] [Times: user=0.01 sys=0.00, real=0.00 secs] 
2824.745: [GC (Allocation Failure) [PSYoungGen: 84800K->1408K(84480K)] 456307K->372915K(752640K), 0.0021379 secs] [Times: user=0.01 sys=0.00, real=0.00 secs] 
2825.355: [GC (Allocation Failure) [PSYoungGen: 84352K->1501K(83968K)] 455859K->373008K(752128K), 0.0019757 secs] [Times: user=0.00 sys=0.00, real=0.00 secs] 
2825.523: [GC (Allocation Failure) [PSYoungGen: 83933K->1485K(83456K)] 455440K->373024K(751616K), 0.0016763 secs] [Times: user=0.01 sys=0.00, real=0.00 secs] 
2825.668: [GC (Allocation Failure) [PSYoungGen: 83405K->1453K(82944K)] 454944K->372992K(751104K), 0.0015889 secs] [Times: user=0.01 sys=0.01, real=0.01 secs] 
2826.004: [GC (Allocation Failure) [PSYoungGen: 82861K->1440K(82432K)] 454400K->372979K(750592K), 0.0036626 secs] [Times: user=0.01 sys=0.00, real=0.00 secs] 
2826.782: [GC (Allocation Failure) [PSYoungGen: 82336K->1408K(81920K)] 453875K->372947K(750080K), 0.0026122 secs] [Times: user=0.01 sys=0.00, real=0.00 secs] 
2827.771: [GC (Allocation Failure) [PSYoungGen: 81792K->1408K(81408K)] 453331K->372947K(749568K), 0.0038267 secs] [Times: user=0.02 sys=0.00, real=0.00 secs] 
2828.813: [GC (Allocation Failure) [PSYoungGen: 81280K->1408K(80896K)] 452819K->372947K(749056K), 0.0058145 secs] [Times: user=0.02 sys=0.00, real=0.00 secs] 
2829.109: [GC (Allocation Failure) [PSYoungGen: 80768K->1456K(80384K)] 452307K->372995K(748544K), 0.0019284 secs] [Times: user=0.01 sys=0.00, real=0.00 secs] 
2829.249: [GC (Allocation Failure) [PSYoungGen: 80304K->1453K(79872K)] 451843K->372992K(748032K), 0.0017062 secs] [Times: user=0.01 sys=0.00, real=0.00 secs] 
2829.410: [GC (Allocation Failure) [PSYoungGen: 79789K->1501K(79360K)] 451328K->373040K(747520K), 0.0020903 secs] [Times: user=0.01 sys=0.00, real=0.00 secs] 
2829.943: [GC (Allocation Failure) [PSYoungGen: 79325K->1424K(78848K)] 450864K->372963K(747008K), 0.0025031 secs] [Times: user=0.01 sys=0.00, real=0.00 secs] 
2830.458: [GC (Allocation Failure) [PSYoungGen: 78736K->1408K(78336K)] 450275K->372947K(746496K), 0.0021057 secs] [Times: user=0.01 sys=0.00, real=0.01 secs] 
2831.080: [GC (Allocation Failure) [PSYoungGen: 78208K->1376K(77824K)] 449747K->372915K(745984K), 0.0020514 secs] [Times: user=0.01 sys=0.00, real=0.00 secs] 
2831.928: [GC (Allocation Failure) [PSYoungGen: 77664K->1469K(77312K)] 449203K->373008K(745472K), 0.0024530 secs] [Times: user=0.01 sys=0.00, real=0.01 secs] 
2832.103: [GC (Allocation Failure) [PSYoungGen: 77245K->1533K(76800K)] 448784K->373072K(744960K), 0.0015762 secs] [Times: user=0.01 sys=0.00, real=0.00 secs] 
2832.235: [GC (Allocation Failure) [PSYoungGen: 76797K->1517K(76288K)] 448336K->373056K(744448K), 0.0016798 secs] [Times: user=0.01 sys=0.00, real=0.00 secs] 
2832.367: [GC (Allocation Failure) [PSYoungGen: 76269K->1533K(75776K)] 447808K->373072K(743936K), 0.0015992 secs] [Times: user=0.00 sys=0.01, real=0.00 secs] 
2832.854: [GC (Allocation Failure) [PSYoungGen: 75773K->1440K(75264K)] 447312K->372979K(743424K), 0.0020627 secs] [Times: user=0.01 sys=0.00, real=0.00 secs] 
2833.206: [GC (Allocation Failure) [PSYoungGen: 75168K->1376K(74752K)] 446707K->372915K(742912K), 0.0020352 secs] [Times: user=0.01 sys=0.00, real=0.00 secs] 
2833.546: [GC (Allocation Failure) [PSYoungGen: 74592K->1408K(74240K)] 446131K->372947K(742400K), 0.0019986 secs] [Times: user=0.01 sys=0.00, real=0.00 secs] 
2833.847: [GC (Allocation Failure) [PSYoungGen: 74112K->1440K(73728K)] 445651K->372979K(741888K), 0.0019673 secs] [Times: user=0.01 sys=0.00, real=0.01 secs] 
2834.043: [GC (Allocation Failure) [PSYoungGen: 73632K->1485K(73216K)] 445171K->373056K(741376K), 0.0017637 secs] [Times: user=0.01 sys=0.00, real=0.00 secs] 
2834.169: [GC (Allocation Failure) [PSYoungGen: 73165K->1517K(72704K)] 444736K->373088K(740864K), 0.0015541 secs] [Times: user=0.01 sys=0.00, real=0.00 secs] 
2834.314: [GC (Allocation Failure) [PSYoungGen: 72685K->1456K(72192K)] 444256K->373027K(740352K), 0.0017934 secs] [Times: user=0.01 sys=0.00, real=0.00 secs] 
2834.531: [GC (Allocation Failure) [PSYoungGen: 72112K->1440K(71680K)] 443683K->373011K(739840K), 0.0022353 secs] [Times: user=0.01 sys=0.00, real=0.00 secs] 
2834.939: [GC (Allocation Failure) [PSYoungGen: 71584K->1408K(71168K)] 443155K->372979K(739328K), 0.0021864 secs] [Times: user=0.01 sys=0.00, real=0.00 secs] 
2835.502: [GC (Allocation Failure) [PSYoungGen: 71040K->1376K(70656K)] 442611K->372947K(738816K), 0.0021001 secs] [Times: user=0.00 sys=0.00, real=0.00 secs] 
2836.071: [GC (Allocation Failure) [PSYoungGen: 70496K->1408K(70144K)] 442067K->372979K(738304K), 0.0021553 secs] [Times: user=0.01 sys=0.00, real=0.00 secs] 
2836.629: [GC (Allocation Failure) [PSYoungGen: 70016K->1437K(69632K)] 441587K->373008K(737792K), 0.0021984 secs] [Times: user=0.01 sys=0.00, real=0.00 secs] 
2836.767: [GC (Allocation Failure) [PSYoungGen: 69533K->1485K(69120K)] 441104K->373056K(737280K), 0.0016661 secs] [Times: user=0.01 sys=0.00, real=0.01 secs] 
2836.888: [GC (Allocation Failure) [PSYoungGen: 69069K->1485K(68608K)] 440640K->373056K(736768K), 0.0015696 secs] [Times: user=0.01 sys=0.00, real=0.01 secs] 
2837.007: [GC (Allocation Failure) [PSYoungGen: 68557K->1453K(72192K)] 440128K->373024K(740352K), 0.0017877 secs] [Times: user=0.01 sys=0.00, real=0.01 secs] 
2837.344: [GC (Allocation Failure) [PSYoungGen: 71597K->1456K(71168K)] 443168K->373027K(739328K), 0.0020764 secs] [Times: user=0.01 sys=0.00, real=0.00 secs] 
2838.253: [GC (Allocation Failure) [PSYoungGen: 71088K->1376K(70656K)] 442659K->372947K(738816K), 0.0031591 secs] [Times: user=0.01 sys=0.00, real=0.00 secs] 
2839.006: [GC (Allocation Failure) [PSYoungGen: 70496K->1440K(70144K)] 442067K->373011K(738304K), 0.0040602 secs] [Times: user=0.02 sys=0.00, real=0.01 secs] 
2839.703: [GC (Allocation Failure) [PSYoungGen: 70048K->1440K(69632K)] 441619K->373011K(737792K), 0.0036404 secs] [Times: user=0.02 sys=0.00, real=0.00 secs] 
2840.789: [GC (Allocation Failure) [PSYoungGen: 69536K->1469K(69120K)] 441107K->373040K(737280K), 0.0028851 secs] [Times: user=0.01 sys=0.00, real=0.01 secs] 
2840.979: [GC (Allocation Failure) [PSYoungGen: 69053K->1504K(68608K)] 440624K->373075K(736768K), 0.0019026 secs] [Times: user=0.01 sys=0.00, real=0.00 secs] 
2841.098: [GC (Allocation Failure) [PSYoungGen: 68576K->509K(67072K)] 440147K->373104K(735232K), 0.0018497 secs] [Times: user=0.01 sys=0.00, real=0.01 secs] 
2841.215: [GC (Allocation Failure) [PSYoungGen: 67069K->429K(72704K)] 439664K->373040K(740864K), 0.0016319 secs] [Times: user=0.01 sys=0.00, real=0.00 secs] 
2841.608: [GC (Allocation Failure) [PSYoungGen: 71085K->1456K(71680K)] 443696K->374067K(739840K), 0.0020248 secs] [Times: user=0.01 sys=0.00, real=0.01 secs] 
2841.940: [GC (Allocation Failure) [PSYoungGen: 71600K->1408K(71168K)] 444211K->374019K(739328K), 0.0021336 secs] [Times: user=0.01 sys=0.00, real=0.00 secs] 
2842.237: [GC (Allocation Failure) [PSYoungGen: 71040K->1376K(70656K)] 443651K->373987K(738816K), 0.0020572 secs] [Times: user=0.00 sys=0.00, real=0.01 secs] 
2842.525: [GC (Allocation Failure) [PSYoungGen: 70496K->1440K(70144K)] 443107K->374051K(738304K), 0.0021602 secs] [Times: user=0.01 sys=0.00, real=0.00 secs] 
2842.784: [GC (Allocation Failure) [PSYoungGen: 70034K->1421K(69632K)] 442645K->374032K(737792K), 0.0016505 secs] [Times: user=0.01 sys=0.00, real=0.00 secs] 
2842.905: [GC (Allocation Failure) [PSYoungGen: 69517K->1485K(69120K)] 442128K->374096K(737280K), 0.0017771 secs] [Times: user=0.00 sys=0.00, real=0.00 secs] 
2843.028: [GC (Allocation Failure) [PSYoungGen: 69069K->1533K(71680K)] 441680K->374144K(739840K), 0.0111405 secs] [Times: user=0.06 sys=0.01, real=0.02 secs] 
2843.164: [GC (Allocation Failure) [PSYoungGen: 71677K->1536K(72192K)] 444288K->374163K(740352K), 0.0017400 secs] [Times: user=0.01 sys=0.00, real=0.00 secs] 
2844.199: [GC (Allocation Failure) [PSYoungGen: 71680K->1408K(81408K)] 444307K->374059K(749568K), 0.0046638 secs] [Times: user=0.02 sys=0.00, real=0.01 secs] 
2846.013: [GC (Allocation Failure) [PSYoungGen: 81280K->1376K(81920K)] 453931K->374027K(750080K), 0.0043315 secs] [Times: user=0.02 sys=0.00, real=0.00 secs] 
2847.070: [GC (Allocation Failure) [PSYoungGen: 81248K->1376K(90624K)] 453899K->374027K(758784K), 0.0028513 secs] [Times: user=0.01 sys=0.00, real=0.00 secs] 
2847.927: [GC (Allocation Failure) [PSYoungGen: 90464K->1501K(90112K)] 463115K->374160K(758272K), 0.0027165 secs] [Times: user=0.01 sys=0.00, real=0.01 secs] 
2848.144: [GC (Allocation Failure) [PSYoungGen: 90077K->1565K(90112K)] 462736K->374224K(758272K), 0.0018296 secs] [Times: user=0.01 sys=0.00, real=0.00 secs] 
2848.299: [GC (Allocation Failure) [PSYoungGen: 89629K->1565K(90624K)] 462288K->374224K(758784K), 0.0019093 secs] [Times: user=0.01 sys=0.00, real=0.00 secs] 
2848.544: [GC (Allocation Failure) [PSYoungGen: 90141K->1440K(89600K)] 462800K->374099K(757760K), 0.0021270 secs] [Times: user=0.01 sys=0.00, real=0.00 secs] 
2848.941: [GC (Allocation Failure) [PSYoungGen: 89504K->1408K(89088K)] 462163K->374067K(757248K), 0.0033145 secs] [Times: user=0.02 sys=0.01, real=0.00 secs] 
2849.666: [GC (Allocation Failure) [PSYoungGen: 88960K->1376K(88576K)] 461619K->374035K(756736K), 0.0021941 secs] [Times: user=0.01 sys=0.00, real=0.00 secs] 
2850.404: [GC (Allocation Failure) [PSYoungGen: 88416K->1408K(88064K)] 461075K->374067K(756224K), 0.0109737 secs] [Times: user=0.05 sys=0.02, real=0.01 secs] 
2850.772: [GC (Allocation Failure) [PSYoungGen: 87936K->1533K(87552K)] 460595K->374192K(755712K), 0.0017509 secs] [Times: user=0.00 sys=0.00, real=0.00 secs] 
2850.925: [GC (Allocation Failure) [PSYoungGen: 87549K->1533K(87040K)] 460208K->374192K(755200K), 0.0018098 secs] [Times: user=0.01 sys=0.00, real=0.00 secs] 
2851.075: [GC (Allocation Failure) [PSYoungGen: 87037K->1533K(86528K)] 459696K->374192K(754688K), 0.0017546 secs] [Times: user=0.00 sys=0.00, real=0.00 secs] 
2851.448: [GC (Allocation Failure) [PSYoungGen: 86525K->1440K(86016K)] 459184K->374099K(754176K), 0.0019380 secs] [Times: user=0.01 sys=0.00, real=0.01 secs] 
2851.799: [GC (Allocation Failure) [PSYoungGen: 85920K->1408K(85504K)] 458579K->374067K(753664K), 0.0018694 secs] [Times: user=0.01 sys=0.00, real=0.00 secs] 
2852.147: [GC (Allocation Failure) [PSYoungGen: 85376K->1440K(84992K)] 458035K->374107K(753152K), 0.0020024 secs] [Times: user=0.00 sys=0.00, real=0.01 secs] 
2852.392: [GC (Allocation Failure) [PSYoungGen: 84896K->1453K(84480K)] 457563K->374120K(752640K), 0.0016197 secs] [Times: user=0.01 sys=0.00, real=0.00 secs] 
2852.566: [GC (Allocation Failure) [PSYoungGen: 84397K->1488K(83968K)] 457064K->374155K(752128K), 0.0020262 secs] [Times: user=0.01 sys=0.00, real=0.00 secs] 
2852.740: [GC (Allocation Failure) [PSYoungGen: 83920K->1533K(83456K)] 456587K->374200K(751616K), 0.0018356 secs] [Times: user=0.00 sys=0.00, real=0.00 secs] 
2853.565: [GC (Allocation Failure) [PSYoungGen: 83453K->1488K(82944K)] 456120K->374155K(751104K), 0.0038551 secs] [Times: user=0.02 sys=0.00, real=0.01 secs] 
2854.561: [GC (Allocation Failure) [PSYoungGen: 82896K->1376K(82432K)] 455563K->374043K(750592K), 0.0040183 secs] [Times: user=0.01 sys=0.00, real=0.00 secs] 
2855.482: [GC (Allocation Failure) [PSYoungGen: 82272K->1344K(81920K)] 454939K->374011K(750080K), 0.0030472 secs] [Times: user=0.01 sys=0.00, real=0.00 secs] 
2856.327: [GC (Allocation Failure) [PSYoungGen: 81728K->1437K(81408K)] 454395K->374120K(749568K), 0.0041150 secs] [Times: user=0.01 sys=0.00, real=0.01 secs] 
2856.601: [GC (Allocation Failure) [PSYoungGen: 81309K->1501K(80896K)] 453992K->374184K(749056K), 0.0022601 secs] [Times: user=0.01 sys=0.00, real=0.00 secs] 
2856.744: [GC (Allocation Failure) [PSYoungGen: 80861K->1533K(80384K)] 453544K->374216K(748544K), 0.0016403 secs] [Times: user=0.01 sys=0.00, real=0.00 secs] 
2856.883: [GC (Allocation Failure) [PSYoungGen: 80381K->1485K(79872K)] 453064K->374168K(748032K), 0.0019098 secs] [Times: user=0.01 sys=0.00, real=0.00 secs] 
2857.644: [GC (Allocation Failure) [PSYoungGen: 79821K->1424K(79360K)] 452504K->374107K(747520K), 0.0036913 secs] [Times: user=0.02 sys=0.00, real=0.00 secs] 
2858.801: [GC (Allocation Failure) [PSYoungGen: 79248K->1376K(78848K)] 451931K->374059K(747008K), 0.0033690 secs] [Times: user=0.01 sys=0.00, real=0.00 secs] 
2859.549: [GC (Allocation Failure) [PSYoungGen: 78688K->1376K(78336K)] 451371K->374059K(746496K), 0.0040486 secs] [Times: user=0.02 sys=0.00, real=0.00 secs] 
2860.385: [GC (Allocation Failure) [PSYoungGen: 78176K->1453K(77824K)] 450859K->374136K(745984K), 0.0030174 secs] [Times: user=0.01 sys=0.00, real=0.00 secs] 
2860.571: [GC (Allocation Failure) [PSYoungGen: 77741K->1517K(77312K)] 450424K->374200K(745472K), 0.0017607 secs] [Times: user=0.01 sys=0.00, real=0.00 secs] 
2860.706: [GC (Allocation Failure) [PSYoungGen: 77293K->1504K(76800K)] 449976K->374187K(744960K), 0.0016654 secs] [Times: user=0.01 sys=0.00, real=0.00 secs] 
2860.838: [GC (Allocation Failure) [PSYoungGen: 76768K->1533K(76288K)] 449451K->374216K(744448K), 0.0018104 secs] [Times: user=0.01 sys=0.00, real=0.01 secs] 
2862.020: [GC (Allocation Failure) [PSYoungGen: 76285K->1408K(75776K)] 448968K->374091K(743936K), 0.0036170 secs] [Times: user=0.01 sys=0.00, real=0.00 secs] 
2862.925: [GC (Allocation Failure) [PSYoungGen: 75648K->1376K(75264K)] 448331K->374059K(743424K), 0.0045323 secs] [Times: user=0.02 sys=0.00, real=0.01 secs] 
2863.791: [GC (Allocation Failure) [PSYoungGen: 75104K->1408K(74752K)] 447787K->374091K(742912K), 0.0043617 secs] [Times: user=0.01 sys=0.00, real=0.00 secs] 
2864.496: [GC (Allocation Failure) [PSYoungGen: 74624K->1408K(74240K)] 447307K->374091K(742400K), 0.0028802 secs] [Times: user=0.01 sys=0.00, real=0.00 secs] 
2864.754: [GC (Allocation Failure) [PSYoungGen: 74112K->1485K(73728K)] 446795K->374168K(741888K), 0.0016126 secs] [Times: user=0.01 sys=0.00, real=0.00 secs] 
2864.882: [GC (Allocation Failure) [PSYoungGen: 73677K->1469K(73216K)] 446360K->374152K(741376K), 0.0017160 secs] [Times: user=0.01 sys=0.00, real=0.00 secs] 
2865.008: [GC (Allocation Failure) [PSYoungGen: 73149K->1453K(72704K)] 445832K->374136K(740864K), 0.0018125 secs] [Times: user=0.01 sys=0.00, real=0.01 secs] 
2865.368: [GC (Allocation Failure) [PSYoungGen: 72621K->1440K(72192K)] 445304K->374123K(740352K), 0.0018358 secs] [Times: user=0.01 sys=0.00, real=0.01 secs] 
2865.966: [GC (Allocation Failure) [PSYoungGen: 72096K->1360K(71680K)] 444779K->374043K(739840K), 0.0021271 secs] [Times: user=0.01 sys=0.00, real=0.00 secs] 
2866.589: [GC (Allocation Failure) [PSYoungGen: 71504K->1344K(71168K)] 444187K->374043K(739328K), 0.0019718 secs] [Times: user=0.01 sys=0.00, real=0.00 secs] 
2867.129: [GC (Allocation Failure) [PSYoungGen: 70976K->1344K(70656K)] 443675K->374043K(738816K), 0.0023302 secs] [Times: user=0.01 sys=0.00, real=0.00 secs] 
2867.816: [GC (Allocation Failure) [PSYoungGen: 70464K->1456K(70144K)] 443163K->374155K(738304K), 0.0021269 secs] [Times: user=0.01 sys=0.00, real=0.00 secs] 
2867.946: [GC (Allocation Failure) [PSYoungGen: 70064K->1485K(69632K)] 442763K->374184K(737792K), 0.0017267 secs] [Times: user=0.00 sys=0.00, real=0.00 secs] 
2868.065: [GC (Allocation Failure) [PSYoungGen: 69581K->1517K(69120K)] 442280K->374216K(737280K), 0.0016242 secs] [Times: user=0.00 sys=0.00, real=0.00 secs] 
2868.186: [GC (Allocation Failure) [PSYoungGen: 69101K->1501K(68608K)] 441800K->374200K(736768K), 0.0016957 secs] [Times: user=0.01 sys=0.01, real=0.00 secs] 
2869.367: [GC (Allocation Failure) [PSYoungGen: 68573K->1472K(68096K)] 441272K->374171K(736256K), 0.0025602 secs] [Times: user=0.01 sys=0.00, real=0.01 secs] 
2869.643: [GC (Allocation Failure) [PSYoungGen: 68032K->1440K(68096K)] 440731K->374139K(736256K), 0.0022997 secs] [Times: user=0.01 sys=0.00, real=0.00 secs] 
2870.015: [GC (Allocation Failure) [PSYoungGen: 68000K->1408K(68096K)] 440699K->374107K(736256K), 0.0021178 secs] [Times: user=0.01 sys=0.00, real=0.00 secs] 
2870.318: [GC (Allocation Failure) [PSYoungGen: 67968K->1376K(68096K)] 440667K->374075K(736256K), 0.0023498 secs] [Times: user=0.00 sys=0.00, real=0.01 secs] 
2870.605: [GC (Allocation Failure) [PSYoungGen: 67922K->1453K(68096K)] 440621K->374152K(736256K), 0.0019377 secs] [Times: user=0.01 sys=0.00, real=0.00 secs] 
2870.767: [GC (Allocation Failure) [PSYoungGen: 68013K->1517K(68096K)] 440712K->374216K(736256K), 0.0022029 secs] [Times: user=0.01 sys=0.00, real=0.01 secs] 
2870.917: [GC (Allocation Failure) [PSYoungGen: 68065K->1501K(68096K)] 440764K->374200K(736256K), 0.0015914 secs] [Times: user=0.00 sys=0.00, real=0.00 secs] 
2871.034: [GC (Allocation Failure) [PSYoungGen: 68061K->1517K(74240K)] 440760K->374232K(742400K), 0.0018095 secs] [Times: user=0.01 sys=0.00, real=0.00 secs] 
2871.820: [GC (Allocation Failure) [PSYoungGen: 73709K->1440K(73216K)] 446424K->374155K(741376K), 0.0039791 secs] [Times: user=0.02 sys=0.00, real=0.00 secs] 
2872.940: [GC (Allocation Failure) [PSYoungGen: 73120K->1408K(72704K)] 445835K->374123K(740864K), 0.0043295 secs] [Times: user=0.02 sys=0.00, real=0.00 secs] 
2874.027: [GC (Allocation Failure) [PSYoungGen: 72576K->1408K(72192K)] 445291K->374123K(740352K), 0.0036946 secs] [Times: user=0.01 sys=0.00, real=0.01 secs] 
2874.589: [GC (Allocation Failure) [PSYoungGen: 72064K->1344K(71680K)] 444779K->374059K(739840K), 0.0033213 secs] [Times: user=0.02 sys=0.00, real=0.00 secs] 
2875.107: [GC (Allocation Failure) [PSYoungGen: 71488K->1501K(71168K)] 444203K->374216K(739328K), 0.0019573 secs] [Times: user=0.00 sys=0.00, real=0.00 secs] 
2875.241: [GC (Allocation Failure) [PSYoungGen: 71133K->1533K(70656K)] 443848K->374248K(738816K), 0.0016929 secs] [Times: user=0.00 sys=0.00, real=0.00 secs] 
2875.365: [GC (Allocation Failure) [PSYoungGen: 70653K->1485K(70144K)] 443368K->374200K(738304K), 0.0016956 secs] [Times: user=0.00 sys=0.00, real=0.00 secs] 
2875.485: [GC (Allocation Failure) [PSYoungGen: 70093K->1453K(72192K)] 442808K->374184K(740352K), 0.0017027 secs] [Times: user=0.00 sys=0.00, real=0.00 secs] 
2876.160: [GC (Allocation Failure) [PSYoungGen: 71597K->1424K(71168K)] 444328K->374155K(739328K), 0.0021723 secs] [Times: user=0.01 sys=0.00, real=0.00 secs] 
2876.829: [GC (Allocation Failure) [PSYoungGen: 71056K->1376K(70656K)] 443787K->374107K(738816K), 0.0036128 secs] [Times: user=0.02 sys=0.00, real=0.00 secs] 
2877.443: [GC (Allocation Failure) [PSYoungGen: 70496K->1408K(70144K)] 443227K->374139K(738304K), 0.0039068 secs] [Times: user=0.02 sys=0.00, real=0.00 secs] 
2878.036: [GC (Allocation Failure) [PSYoungGen: 70016K->1408K(69632K)] 442747K->374139K(737792K), 0.0031504 secs] [Times: user=0.01 sys=0.00, real=0.01 secs] 
2878.530: [GC (Allocation Failure) [PSYoungGen: 69504K->1533K(69120K)] 442235K->374264K(737280K), 0.0017313 secs] [Times: user=0.01 sys=0.00, real=0.00 secs] 
2878.650: [GC (Allocation Failure) [PSYoungGen: 69105K->1517K(68608K)] 441836K->374248K(736768K), 0.0017825 secs] [Times: user=0.01 sys=0.00, real=0.00 secs] 
2878.769: [GC (Allocation Failure) [PSYoungGen: 68589K->1533K(68096K)] 441320K->374264K(736256K), 0.0016215 secs] [Times: user=0.01 sys=0.00, real=0.00 secs] 
2878.886: [GC (Allocation Failure) [PSYoungGen: 68093K->1517K(74240K)] 440824K->374272K(742400K), 0.0018329 secs] [Times: user=0.00 sys=0.00, real=0.00 secs] 
2879.742: [GC (Allocation Failure) [PSYoungGen: 73709K->1408K(73216K)] 446464K->374163K(741376K), 0.0043756 secs] [Times: user=0.02 sys=0.00, real=0.00 secs] 
2880.652: [GC (Allocation Failure) [PSYoungGen: 73088K->1408K(72704K)] 445843K->374163K(740864K), 0.0033828 secs] [Times: user=0.01 sys=0.00, real=0.00 secs] 
2881.141: [GC (Allocation Failure) [PSYoungGen: 72576K->1344K(72192K)] 445331K->374099K(740352K), 0.0023342 secs] [Times: user=0.01 sys=0.00, real=0.00 secs] 
2881.435: [GC (Allocation Failure) [PSYoungGen: 72000K->1440K(71680K)] 444755K->374195K(739840K), 0.0022926 secs] [Times: user=0.01 sys=0.00, real=0.00 secs] 
2881.582: [GC (Allocation Failure) [PSYoungGen: 71584K->1501K(73216K)] 444339K->374256K(741376K), 0.0028863 secs] [Times: user=0.00 sys=0.00, real=0.00 secs] 
2881.709: [GC (Allocation Failure) [PSYoungGen: 73181K->1533K(73728K)] 445936K->374288K(741888K), 0.0016499 secs] [Times: user=0.01 sys=0.00, real=0.00 secs] 
2881.835: [GC (Allocation Failure) [PSYoungGen: 73213K->1485K(81408K)] 445968K->374240K(749568K), 0.0017424 secs] [Times: user=0.01 sys=0.00, real=0.00 secs] 
2882.058: [GC (Allocation Failure) [PSYoungGen: 80845K->1440K(81408K)] 453600K->374203K(749568K), 0.0016823 secs] [Times: user=0.01 sys=0.00, real=0.01 secs] 
2882.387: [GC (Allocation Failure) [PSYoungGen: 80800K->1376K(80384K)] 453563K->374139K(748544K), 0.0020305 secs] [Times: user=0.01 sys=0.00, real=0.01 secs] 
2882.715: [GC (Allocation Failure) [PSYoungGen: 80224K->1376K(79872K)] 452987K->374139K(748032K), 0.0024038 secs] [Times: user=0.01 sys=0.00, real=0.00 secs] 
2883.057: [GC (Allocation Failure) [PSYoungGen: 79712K->1344K(79360K)] 452475K->374107K(747520K), 0.0027133 secs] [Times: user=0.01 sys=0.00, real=0.01 secs] 
2883.283: [GC (Allocation Failure) [PSYoungGen: 79168K->1565K(79360K)] 451931K->374328K(747520K), 0.0020180 secs] [Times: user=0.01 sys=0.00, real=0.00 secs] 
2883.420: [GC (Allocation Failure) [PSYoungGen: 78877K->461K(77312K)] 451640K->374272K(745472K), 0.0016732 secs] [Times: user=0.00 sys=0.00, real=0.00 secs] 
2883.554: [GC (Allocation Failure) [PSYoungGen: 77261K->429K(86528K)] 451072K->374240K(754688K), 0.0017144 secs] [Times: user=0.01 sys=0.00, real=0.00 secs] 
2883.817: [GC (Allocation Failure) [PSYoungGen: 84909K->1440K(86528K)] 458720K->375251K(754688K), 0.0028658 secs] [Times: user=0.01 sys=0.00, real=0.01 secs] 
2884.234: [GC (Allocation Failure) [PSYoungGen: 85920K->1344K(85504K)] 459731K->375155K(753664K), 0.0020421 secs] [Times: user=0.01 sys=0.00, real=0.00 secs] 
2884.583: [GC (Allocation Failure) [PSYoungGen: 85312K->1408K(84992K)] 459123K->375219K(753152K), 0.0018882 secs] [Times: user=0.01 sys=0.00, real=0.00 secs] 
2884.919: [GC (Allocation Failure) [PSYoungGen: 84864K->1501K(84480K)] 458675K->375312K(752640K), 0.0017335 secs] [Times: user=0.01 sys=0.00, real=0.01 secs] 
2885.066: [GC (Allocation Failure) [PSYoungGen: 84445K->1533K(83968K)] 458256K->375344K(752128K), 0.0016561 secs] [Times: user=0.01 sys=0.00, real=0.00 secs] 
2885.210: [GC (Allocation Failure) [PSYoungGen: 83965K->1485K(83456K)] 457776K->375296K(751616K), 0.0016826 secs] [Times: user=0.01 sys=0.00, real=0.00 secs] 
2885.415: [GC (Allocation Failure) [PSYoungGen: 83405K->1712K(83456K)] 457216K->375523K(751616K), 0.0021259 secs] [Times: user=0.00 sys=0.00, real=0.00 secs] 
2886.231: [GC (Allocation Failure) [PSYoungGen: 83120K->1376K(82432K)] 456931K->375187K(750592K), 0.0018225 secs] [Times: user=0.01 sys=0.00, real=0.00 secs] 
2886.878: [GC (Allocation Failure) [PSYoungGen: 82272K->1392K(81920K)] 456083K->375203K(750080K), 0.0020062 secs] [Times: user=0.01 sys=0.00, real=0.01 secs] 
2887.213: [GC (Allocation Failure) [PSYoungGen: 81776K->1376K(81408K)] 455587K->375187K(749568K), 0.0020326 secs] [Times: user=0.01 sys=0.00, real=0.00 secs] 
2887.471: [GC (Allocation Failure) [PSYoungGen: 81248K->1453K(80896K)] 455059K->375264K(749056K), 0.0016545 secs] [Times: user=0.00 sys=0.00, real=0.00 secs] 
2887.611: [GC (Allocation Failure) [PSYoungGen: 80813K->1485K(80384K)] 454624K->375296K(748544K), 0.0017817 secs] [Times: user=0.00 sys=0.00, real=0.00 secs] 
2887.751: [GC (Allocation Failure) [PSYoungGen: 80333K->1453K(79872K)] 454144K->375264K(748032K), 0.0016878 secs] [Times: user=0.01 sys=0.00, real=0.00 secs] 
2888.204: [GC (Allocation Failure) [PSYoungGen: 79789K->1488K(79360K)] 453600K->375299K(747520K), 0.0020203 secs] [Times: user=0.01 sys=0.00, real=0.00 secs] 
2888.770: [GC (Allocation Failure) [PSYoungGen: 79312K->1392K(78848K)] 453123K->375203K(747008K), 0.0020445 secs] [Times: user=0.01 sys=0.00, real=0.00 secs] 
2889.128: [GC (Allocation Failure) [PSYoungGen: 78704K->1376K(78336K)] 452515K->375187K(746496K), 0.0022965 secs] [Times: user=0.01 sys=0.00, real=0.01 secs] 
2889.771: [GC (Allocation Failure) [PSYoungGen: 78176K->1408K(77824K)] 451987K->375219K(745984K), 0.0022937 secs] [Times: user=0.01 sys=0.00, real=0.00 secs] 
2890.177: [GC (Allocation Failure) [PSYoungGen: 77696K->1517K(77312K)] 451507K->375328K(745472K), 0.0018463 secs] [Times: user=0.00 sys=0.00, real=0.01 secs] 
2890.311: [GC (Allocation Failure) [PSYoungGen: 77293K->1533K(76800K)] 451104K->375344K(744960K), 0.0016920 secs] [Times: user=0.01 sys=0.00, real=0.00 secs] 
2890.466: [GC (Allocation Failure) [PSYoungGen: 76797K->1488K(76288K)] 450608K->375299K(744448K), 0.0018593 secs] [Times: user=0.01 sys=0.00, real=0.00 secs] 
2891.490: [GC (Allocation Failure) [PSYoungGen: 76240K->1440K(75776K)] 450051K->375251K(743936K), 0.0046034 secs] [Times: user=0.02 sys=0.00, real=0.00 secs] 
2892.667: [GC (Allocation Failure) [PSYoungGen: 75680K->1376K(75264K)] 449491K->375187K(743424K), 0.0037276 secs] [Times: user=0.01 sys=0.00, real=0.01 secs] 
2893.051: [GC (Allocation Failure) [PSYoungGen: 75104K->1424K(74752K)] 448915K->375235K(742912K), 0.0021907 secs] [Times: user=0.01 sys=0.00, real=0.00 secs] 
2893.393: [GC (Allocation Failure) [PSYoungGen: 74640K->1408K(74240K)] 448451K->375219K(742400K), 0.0023447 secs] [Times: user=0.01 sys=0.00, real=0.00 secs] 
2893.676: [GC (Allocation Failure) [PSYoungGen: 74112K->1517K(73728K)] 447923K->375336K(741888K), 0.0015492 secs] [Times: user=0.01 sys=0.00, real=0.00 secs] 
2893.802: [GC (Allocation Failure) [PSYoungGen: 73709K->1533K(73216K)] 447528K->375352K(741376K), 0.0019437 secs] [Times: user=0.00 sys=0.00, real=0.00 secs] 
2893.956: [GC (Allocation Failure) [PSYoungGen: 73213K->1501K(72704K)] 447032K->375320K(740864K), 0.0019349 secs] [Times: user=0.00 sys=0.01, real=0.00 secs] 
2894.138: [GC (Allocation Failure) [PSYoungGen: 72669K->1520K(72192K)] 446488K->375339K(740352K), 0.0022402 secs] [Times: user=0.01 sys=0.00, real=0.01 secs] 
2896.311: [GC (Allocation Failure) [PSYoungGen: 72176K->1376K(71680K)] 445995K->375195K(739840K), 0.0044091 secs] [Times: user=0.01 sys=0.01, real=0.00 secs] 
2896.728: [GC (Allocation Failure) [PSYoungGen: 71520K->1408K(71168K)] 445339K->375243K(739328K), 0.0025691 secs] [Times: user=0.01 sys=0.00, real=0.01 secs] 
2897.018: [GC (Allocation Failure) [PSYoungGen: 71040K->1440K(70656K)] 444875K->375283K(738816K), 0.0021788 secs] [Times: user=0.01 sys=0.00, real=0.01 secs] 
2897.380: [GC (Allocation Failure) [PSYoungGen: 70560K->1376K(70144K)] 444403K->375227K(738304K), 0.0021669 secs] [Times: user=0.01 sys=0.00, real=0.00 secs] 
2897.691: [GC (Allocation Failure) [PSYoungGen: 69984K->1488K(69632K)] 443835K->375339K(737792K), 0.0023315 secs] [Times: user=0.01 sys=0.00, real=0.00 secs] 
2897.858: [GC (Allocation Failure) [PSYoungGen: 69584K->1533K(69120K)] 443435K->375384K(737280K), 0.0018011 secs] [Times: user=0.00 sys=0.00, real=0.01 secs] 
2897.997: [GC (Allocation Failure) [PSYoungGen: 69117K->1488K(68608K)] 442968K->375339K(736768K), 0.0020486 secs] [Times: user=0.01 sys=0.00, real=0.01 secs] 
2898.155: [GC (Allocation Failure) [PSYoungGen: 68560K->1533K(68096K)] 442411K->375400K(736256K), 0.0018030 secs] [Times: user=0.01 sys=0.00, real=0.00 secs] 
2898.849: [GC (Allocation Failure) [PSYoungGen: 68093K->1440K(68096K)] 441960K->375307K(736256K), 0.0033774 secs] [Times: user=0.01 sys=0.00, real=0.00 secs] 
2899.233: [GC (Allocation Failure) [PSYoungGen: 68000K->1408K(68608K)] 441867K->375275K(736768K), 0.0021023 secs] [Times: user=0.01 sys=0.00, real=0.00 secs] 
2899.510: [GC (Allocation Failure) [PSYoungGen: 67968K->1408K(68608K)] 441835K->375275K(736768K), 0.0020857 secs] [Times: user=0.01 sys=0.00, real=0.00 secs] 
2900.275: [GC (Allocation Failure) [PSYoungGen: 67968K->1424K(68608K)] 441835K->375307K(736768K), 0.0028802 secs] [Times: user=0.01 sys=0.00, real=0.00 secs] 
2900.678: [GC (Allocation Failure) [PSYoungGen: 67954K->1520K(68608K)] 441837K->375403K(736768K), 0.0019903 secs] [Times: user=0.01 sys=0.00, real=0.01 secs] 
2900.851: [GC (Allocation Failure) [PSYoungGen: 68080K->1453K(68608K)] 441963K->375336K(736768K), 0.0027574 secs] [Times: user=0.01 sys=0.00, real=0.00 secs] 
2901.020: [GC (Allocation Failure) [PSYoungGen: 68013K->1488K(68608K)] 441896K->375371K(736768K), 0.0023230 secs] [Times: user=0.01 sys=0.00, real=0.00 secs] 
2901.178: [GC (Allocation Failure) [PSYoungGen: 68048K->1533K(68608K)] 441931K->375432K(736768K), 0.0017142 secs] [Times: user=0.01 sys=0.00, real=0.01 secs] 
2901.472: [GC (Allocation Failure) [PSYoungGen: 68093K->1424K(68096K)] 441992K->375323K(736256K), 0.0020677 secs] [Times: user=0.01 sys=0.00, real=0.00 secs] 
2901.749: [GC (Allocation Failure) [PSYoungGen: 67984K->1408K(68096K)] 441883K->375307K(736256K), 0.0022164 secs] [Times: user=0.00 sys=0.00, real=0.01 secs] 
2902.025: [GC (Allocation Failure) [PSYoungGen: 67968K->1408K(68096K)] 441867K->375307K(736256K), 0.0020856 secs] [Times: user=0.01 sys=0.00, real=0.00 secs] 
2902.302: [GC (Allocation Failure) [PSYoungGen: 67968K->1392K(68096K)] 441867K->375299K(736256K), 0.0022080 secs] [Times: user=0.01 sys=0.00, real=0.00 secs] 
2902.507: [GC (Allocation Failure) [PSYoungGen: 67952K->1453K(68096K)] 441859K->375360K(736256K), 0.0017344 secs] [Times: user=0.01 sys=0.00, real=0.01 secs] 
2902.624: [GC (Allocation Failure) [PSYoungGen: 68013K->1533K(68096K)] 441920K->375440K(736256K), 0.0016365 secs] [Times: user=0.01 sys=0.00, real=0.00 secs] 
2902.741: [GC (Allocation Failure) [PSYoungGen: 68093K->1485K(71680K)] 442000K->375392K(739840K), 0.0017363 secs] [Times: user=0.01 sys=0.00, real=0.00 secs] 
2902.865: [GC (Allocation Failure) [PSYoungGen: 71629K->1485K(72192K)] 445536K->375416K(740352K), 0.0017349 secs] [Times: user=0.00 sys=0.00, real=0.00 secs] 
2903.302: [GC (Allocation Failure) [PSYoungGen: 71629K->1440K(71168K)] 445560K->375371K(739328K), 0.0019919 secs] [Times: user=0.01 sys=0.00, real=0.00 secs] 
2903.878: [GC (Allocation Failure) [PSYoungGen: 71072K->1408K(70656K)] 445003K->375339K(738816K), 0.0034286 secs] [Times: user=0.01 sys=0.00, real=0.01 secs] 
2904.459: [GC (Allocation Failure) [PSYoungGen: 70528K->1376K(70144K)] 444459K->375307K(738304K), 0.0027680 secs] [Times: user=0.01 sys=0.00, real=0.00 secs] 
2905.091: [GC (Allocation Failure) [PSYoungGen: 69984K->1376K(69632K)] 443915K->375307K(737792K), 0.0026222 secs] [Times: user=0.01 sys=0.00, real=0.00 secs] 
2905.469: [GC (Allocation Failure) [PSYoungGen: 69472K->1485K(69120K)] 443403K->375416K(737280K), 0.0025425 secs] [Times: user=0.01 sys=0.00, real=0.00 secs] 
2905.629: [GC (Allocation Failure) [PSYoungGen: 69069K->1501K(68608K)] 443000K->375432K(736768K), 0.0016681 secs] [Times: user=0.01 sys=0.00, real=0.00 secs] 
2905.747: [GC (Allocation Failure) [PSYoungGen: 68573K->1517K(68096K)] 442504K->375448K(736256K), 0.0017347 secs] [Times: user=0.01 sys=0.00, real=0.01 secs] 
2905.864: [GC (Allocation Failure) [PSYoungGen: 68065K->1549K(75264K)] 441997K->375488K(743424K), 0.0016937 secs] [Times: user=0.01 sys=0.00, real=0.00 secs] 
2906.464: [GC (Allocation Failure) [PSYoungGen: 74765K->384K(73216K)] 448704K->375347K(741376K), 0.0034423 secs] [Times: user=0.02 sys=0.00, real=0.00 secs] 
2907.031: [GC (Allocation Failure) [PSYoungGen: 73088K->352K(74240K)] 448051K->375315K(742400K), 0.0026033 secs] [Times: user=0.01 sys=0.00, real=0.00 secs] 
2907.329: [GC (Allocation Failure) [PSYoungGen: 72544K->352K(72704K)] 447507K->375315K(740864K), 0.0020625 secs] [Times: user=0.01 sys=0.00, real=0.00 secs] 
2907.737: [GC (Allocation Failure) [PSYoungGen: 72032K->1488K(72704K)] 446995K->376451K(740864K), 0.0029809 secs] [Times: user=0.01 sys=0.00, real=0.01 secs] 
2907.929: [GC (Allocation Failure) [PSYoungGen: 72656K->1485K(72704K)] 447619K->376448K(740864K), 0.0017308 secs] [Times: user=0.01 sys=0.00, real=0.01 secs] 
2908.054: [GC (Allocation Failure) [PSYoungGen: 72141K->1501K(71680K)] 447104K->376464K(739840K), 0.0016443 secs] [Times: user=0.01 sys=0.00, real=0.00 secs] 
2908.176: [GC (Allocation Failure) [PSYoungGen: 71645K->1501K(72704K)] 446608K->376464K(740864K), 0.0018583 secs] [Times: user=0.01 sys=0.00, real=0.00 secs] 
2908.747: [GC (Allocation Failure) [PSYoungGen: 71645K->1472K(71168K)] 446608K->376435K(739328K), 0.0019480 secs] [Times: user=0.00 sys=0.00, real=0.01 secs] 
2909.866: [GC (Allocation Failure) [PSYoungGen: 71104K->1408K(70656K)] 446067K->376371K(738816K), 0.0024704 secs] [Times: user=0.01 sys=0.00, real=0.01 secs] 
2910.472: [GC (Allocation Failure) [PSYoungGen: 70528K->1440K(70144K)] 445491K->376403K(738304K), 0.0022970 secs] [Times: user=0.01 sys=0.00, real=0.00 secs] 
2911.090: [GC (Allocation Failure) [PSYoungGen: 70048K->1408K(69632K)] 445011K->376371K(737792K), 0.0023392 secs] [Times: user=0.01 sys=0.00, real=0.00 secs] 
2911.553: [GC (Allocation Failure) [PSYoungGen: 69504K->1501K(69120K)] 444467K->376464K(737280K), 0.0020753 secs] [Times: user=0.01 sys=0.00, real=0.00 secs] 
2911.689: [GC (Allocation Failure) [PSYoungGen: 69085K->1453K(68608K)] 444048K->376416K(736768K), 0.0016785 secs] [Times: user=0.00 sys=0.00, real=0.01 secs] 
2911.807: [GC (Allocation Failure) [PSYoungGen: 68525K->1533K(68096K)] 443488K->376496K(736256K), 0.0019294 secs] [Times: user=0.01 sys=0.00, real=0.01 secs] 
2911.925: [GC (Allocation Failure) [PSYoungGen: 68093K->1485K(68608K)] 443056K->376448K(736768K), 0.0017596 secs] [Times: user=0.01 sys=0.00, real=0.00 secs] 
2912.319: [GC (Allocation Failure) [PSYoungGen: 68557K->1472K(68096K)] 443520K->376435K(736256K), 0.0024194 secs] [Times: user=0.01 sys=0.00, real=0.00 secs] 
2912.877: [GC (Allocation Failure) [PSYoungGen: 68032K->1408K(68608K)] 442995K->376371K(736768K), 0.0030111 secs] [Times: user=0.01 sys=0.01, real=0.01 secs] 
2913.474: [GC (Allocation Failure) [PSYoungGen: 67968K->1408K(68608K)] 442931K->376371K(736768K), 0.0033720 secs] [Times: user=0.01 sys=0.00, real=0.00 secs] 
2913.877: [GC (Allocation Failure) [PSYoungGen: 67968K->1408K(68608K)] 442931K->376371K(736768K), 0.0020947 secs] [Times: user=0.01 sys=0.00, real=0.01 secs] 
2914.241: [GC (Allocation Failure) [PSYoungGen: 67968K->1437K(68608K)] 442931K->376400K(736768K), 0.0018401 secs] [Times: user=0.01 sys=0.00, real=0.00 secs] 
2914.371: [GC (Allocation Failure) [PSYoungGen: 67997K->1501K(68608K)] 442960K->376464K(736768K), 0.0016800 secs] [Times: user=0.01 sys=0.00, real=0.00 secs] 
2914.488: [GC (Allocation Failure) [PSYoungGen: 68061K->1453K(68608K)] 443024K->376416K(736768K), 0.0016869 secs] [Times: user=0.00 sys=0.00, real=0.01 secs] 
2914.605: [GC (Allocation Failure) [PSYoungGen: 68013K->1456K(68608K)] 442976K->376443K(736768K), 0.0017053 secs] [Times: user=0.01 sys=0.00, real=0.00 secs] 
2914.835: [GC (Allocation Failure) [PSYoungGen: 68016K->1408K(68608K)] 443003K->376395K(736768K), 0.0018918 secs] [Times: user=0.01 sys=0.00, real=0.00 secs] 
2915.220: [GC (Allocation Failure) [PSYoungGen: 67968K->1408K(68096K)] 442955K->376395K(736256K), 0.0022248 secs] [Times: user=0.01 sys=0.00, real=0.00 secs] 
2915.496: [GC (Allocation Failure) [PSYoungGen: 67968K->1376K(68096K)] 442955K->376363K(736256K), 0.0028774 secs] [Times: user=0.01 sys=0.01, real=0.01 secs] 
2915.774: [GC (Allocation Failure) [PSYoungGen: 67936K->1408K(68096K)] 442923K->376395K(736256K), 0.0020546 secs] [Times: user=0.01 sys=0.00, real=0.00 secs] 
2916.063: [GC (Allocation Failure) [PSYoungGen: 67952K->1421K(68096K)] 442939K->376408K(736256K), 0.0020585 secs] [Times: user=0.01 sys=0.00, real=0.00 secs] 
2916.184: [GC (Allocation Failure) [PSYoungGen: 67981K->1517K(68096K)] 442968K->376504K(736256K), 0.0017615 secs] [Times: user=0.01 sys=0.00, real=0.00 secs] 
2916.301: [GC (Allocation Failure) [PSYoungGen: 68052K->1517K(72704K)] 443039K->376504K(740864K), 0.0015809 secs] [Times: user=0.01 sys=0.00, real=0.00 secs] 
2916.425: [GC (Allocation Failure) [PSYoungGen: 72173K->1501K(75776K)] 447160K->376512K(743936K), 0.0016039 secs] [Times: user=0.01 sys=0.00, real=0.00 secs] 
2917.474: [GC (Allocation Failure) [PSYoungGen: 75229K->1424K(74752K)] 450240K->376435K(742912K), 0.0040972 secs] [Times: user=0.02 sys=0.00, real=0.00 secs] 
2918.078: [GC (Allocation Failure) [PSYoungGen: 74640K->1392K(74240K)] 449651K->376403K(742400K), 0.0034225 secs] [Times: user=0.02 sys=0.00, real=0.01 secs] 
2918.697: [GC (Allocation Failure) [PSYoungGen: 74096K->1408K(73728K)] 449107K->376419K(741888K), 0.0036635 secs] [Times: user=0.01 sys=0.00, real=0.01 secs] 
2919.296: [GC (Allocation Failure) [PSYoungGen: 73600K->1376K(73216K)] 448611K->376387K(741376K), 0.0029457 secs] [Times: user=0.01 sys=0.00, real=0.01 secs] 
2919.576: [GC (Allocation Failure) [PSYoungGen: 73056K->1520K(72704K)] 448067K->376531K(740864K), 0.0018027 secs] [Times: user=0.00 sys=0.00, real=0.00 secs] 
2919.702: [GC (Allocation Failure) [PSYoungGen: 72688K->1517K(72192K)] 447699K->376528K(740352K), 0.0016493 secs] [Times: user=0.01 sys=0.00, real=0.00 secs] 
2919.827: [GC (Allocation Failure) [PSYoungGen: 72173K->1485K(71680K)] 447184K->376496K(739840K), 0.0016015 secs] [Times: user=0.00 sys=0.00, real=0.01 secs] 
2919.950: [GC (Allocation Failure) [PSYoungGen: 71629K->1485K(72192K)] 446640K->376512K(740352K), 0.0017659 secs] [Times: user=0.00 sys=0.00, real=0.00 secs] 
2921.050: [GC (Allocation Failure) [PSYoungGen: 71629K->1472K(71168K)] 446656K->376499K(739328K), 0.0029599 secs] [Times: user=0.01 sys=0.00, real=0.00 secs] 
2921.383: [GC (Allocation Failure) [PSYoungGen: 71104K->1408K(70656K)] 446131K->376435K(738816K), 0.0021009 secs] [Times: user=0.01 sys=0.00, real=0.00 secs] 
2921.778: [GC (Allocation Failure) [PSYoungGen: 70528K->1408K(70144K)] 445555K->376435K(738304K), 0.0021717 secs] [Times: user=0.00 sys=0.00, real=0.01 secs] 
2922.289: [GC (Allocation Failure) [PSYoungGen: 70016K->1376K(69632K)] 445043K->376403K(737792K), 0.0022751 secs] [Times: user=0.01 sys=0.00, real=0.01 secs] 
2922.559: [GC (Allocation Failure) [PSYoungGen: 69472K->1517K(69120K)] 444499K->376544K(737280K), 0.0017688 secs] [Times: user=0.01 sys=0.00, real=0.00 secs] 
2922.679: [GC (Allocation Failure) [PSYoungGen: 69101K->1520K(68608K)] 444128K->376547K(736768K), 0.0016340 secs] [Times: user=0.01 sys=0.00, real=0.00 secs] 
2922.797: [GC (Allocation Failure) [PSYoungGen: 68567K->1517K(69120K)] 443594K->376544K(737280K), 0.0022102 secs] [Times: user=0.01 sys=0.00, real=0.01 secs] 
2922.915: [GC (Allocation Failure) [PSYoungGen: 68589K->1485K(76288K)] 443616K->376536K(744448K), 0.0016023 secs] [Times: user=0.01 sys=0.00, real=0.00 secs] 
2923.588: [GC (Allocation Failure) [PSYoungGen: 75725K->1472K(75264K)] 450776K->376523K(743424K), 0.0018608 secs] [Times: user=0.00 sys=0.00, real=0.01 secs] 
2924.237: [GC (Allocation Failure) [PSYoungGen: 75200K->1408K(74752K)] 450251K->376483K(742912K), 0.0030561 secs] [Times: user=0.01 sys=0.00, real=0.01 secs] 
2924.866: [GC (Allocation Failure) [PSYoungGen: 74624K->1376K(74240K)] 449699K->376451K(742400K), 0.0030168 secs] [Times: user=0.02 sys=0.00, real=0.01 secs] 
2925.560: [GC (Allocation Failure) [PSYoungGen: 74080K->1456K(73728K)] 449155K->376531K(741888K), 0.0036466 secs] [Times: user=0.02 sys=0.01, real=0.00 secs] 
2925.777: [GC (Allocation Failure) [PSYoungGen: 73648K->1533K(73216K)] 448723K->376608K(741376K), 0.0015330 secs] [Times: user=0.00 sys=0.00, real=0.00 secs] 
2925.907: [GC (Allocation Failure) [PSYoungGen: 73213K->1501K(72704K)] 448288K->376576K(740864K), 0.0017270 secs] [Times: user=0.01 sys=0.00, real=0.01 secs] 
2926.034: [GC (Allocation Failure) [PSYoungGen: 72669K->1485K(72192K)] 447744K->376560K(740352K), 0.0017923 secs] [Times: user=0.00 sys=0.00, real=0.00 secs] 
2926.337: [GC (Allocation Failure) [PSYoungGen: 72141K->1408K(71680K)] 447216K->376499K(739840K), 0.0019829 secs] [Times: user=0.01 sys=0.00, real=0.01 secs] 
2926.668: [GC (Allocation Failure) [PSYoungGen: 71552K->1360K(71168K)] 446643K->376451K(739328K), 0.0019087 secs] [Times: user=0.01 sys=0.00, real=0.01 secs] 
2926.958: [GC (Allocation Failure) [PSYoungGen: 70992K->1376K(70656K)] 446083K->376467K(738816K), 0.0028365 secs] [Times: user=0.01 sys=0.00, real=0.01 secs] 
2927.247: [GC (Allocation Failure) [PSYoungGen: 70496K->1376K(70144K)] 445587K->376467K(738304K), 0.0023923 secs] [Times: user=0.01 sys=0.00, real=0.01 secs] 
2927.497: [GC (Allocation Failure) [PSYoungGen: 69984K->1533K(69632K)] 445075K->376624K(737792K), 0.0017123 secs] [Times: user=0.00 sys=0.01, real=0.01 secs] 
2927.617: [GC (Allocation Failure) [PSYoungGen: 69629K->1501K(69120K)] 444720K->376592K(737280K), 0.0016456 secs] [Times: user=0.01 sys=0.00, real=0.00 secs] 
2927.737: [GC (Allocation Failure) [PSYoungGen: 69085K->1501K(69632K)] 444176K->376592K(737792K), 0.0017597 secs] [Times: user=0.01 sys=0.00, real=0.01 secs] 
2927.857: [GC (Allocation Failure) [PSYoungGen: 69085K->1485K(69632K)] 444176K->376576K(737792K), 0.0017361 secs] [Times: user=0.01 sys=0.00, real=0.01 secs] 
2928.322: [GC (Allocation Failure) [PSYoungGen: 69069K->1424K(68608K)] 444160K->376515K(736768K), 0.0020245 secs] [Times: user=0.01 sys=0.00, real=0.00 secs] 
2928.918: [GC (Allocation Failure) [PSYoungGen: 68496K->1408K(68096K)] 443587K->376499K(736256K), 0.0031100 secs] [Times: user=0.01 sys=0.00, real=0.01 secs] 
2929.475: [GC (Allocation Failure) [PSYoungGen: 67968K->1408K(68096K)] 443059K->376499K(736256K), 0.0033068 secs] [Times: user=0.02 sys=0.00, real=0.00 secs] 
2930.140: [GC (Allocation Failure) [PSYoungGen: 67968K->1440K(68096K)] 443059K->376531K(736256K), 0.0099521 secs] [Times: user=0.02 sys=0.03, real=0.01 secs] 
2930.830: [GC (Allocation Failure) [PSYoungGen: 68000K->1517K(68096K)] 443091K->376608K(736256K), 0.0024325 secs] [Times: user=0.00 sys=0.00, real=0.00 secs] 
2931.024: [GC (Allocation Failure) [PSYoungGen: 68069K->1533K(68096K)] 443160K->376624K(736256K), 0.0024466 secs] [Times: user=0.01 sys=0.00, real=0.00 secs] 
2931.175: [GC (Allocation Failure) [PSYoungGen: 68093K->1517K(68096K)] 443184K->376608K(736256K), 0.0016062 secs] [Times: user=0.00 sys=0.00, real=0.00 secs] 
2931.293: [GC (Allocation Failure) [PSYoungGen: 68077K->1533K(73728K)] 443168K->376640K(741888K), 0.0031718 secs] [Times: user=0.01 sys=0.00, real=0.00 secs] 
2932.575: [GC (Allocation Failure) [PSYoungGen: 73213K->1424K(76288K)] 448320K->376531K(744448K), 0.0046102 secs] [Times: user=0.02 sys=0.00, real=0.01 secs] 
2933.707: [GC (Allocation Failure) [PSYoungGen: 75664K->1344K(75264K)] 450771K->376451K(743424K), 0.0035482 secs] [Times: user=0.01 sys=0.00, real=0.01 secs] 
2934.259: [GC (Allocation Failure) [PSYoungGen: 75072K->1408K(74752K)] 450179K->376515K(742912K), 0.0027095 secs] [Times: user=0.01 sys=0.00, real=0.00 secs] 
2934.632: [GC (Allocation Failure) [PSYoungGen: 74624K->1344K(74240K)] 449731K->376451K(742400K), 0.0022516 secs] [Times: user=0.01 sys=0.00, real=0.00 secs] 
2934.841: [GC (Allocation Failure) [PSYoungGen: 74048K->1469K(73728K)] 449155K->376576K(741888K), 0.0016645 secs] [Times: user=0.01 sys=0.00, real=0.00 secs] 
2934.968: [GC (Allocation Failure) [PSYoungGen: 73661K->1501K(73216K)] 448768K->376608K(741376K), 0.0017247 secs] [Times: user=0.01 sys=0.00, real=0.01 secs] 
2935.094: [GC (Allocation Failure) [PSYoungGen: 73181K->1501K(72704K)] 448288K->376608K(740864K), 0.0016811 secs] [Times: user=0.01 sys=0.00, real=0.00 secs] 
2935.318: [GC (Allocation Failure) [PSYoungGen: 72669K->1456K(72192K)] 447776K->376563K(740352K), 0.0019805 secs] [Times: user=0.01 sys=0.00, real=0.01 secs] 
2935.963: [GC (Allocation Failure) [PSYoungGen: 72112K->1376K(71680K)] 447219K->376515K(739840K), 0.0023624 secs] [Times: user=0.01 sys=0.00, real=0.00 secs] 
2936.604: [GC (Allocation Failure) [PSYoungGen: 71520K->1408K(71168K)] 446659K->376547K(739328K), 0.0035379 secs] [Times: user=0.01 sys=0.00, real=0.00 secs] 
2937.231: [GC (Allocation Failure) [PSYoungGen: 71040K->1344K(70656K)] 446179K->376483K(738816K), 0.0029088 secs] [Times: user=0.01 sys=0.00, real=0.00 secs] 
2937.750: [GC (Allocation Failure) [PSYoungGen: 70464K->1469K(70144K)] 445603K->376608K(738304K), 0.0025046 secs] [Times: user=0.01 sys=0.00, real=0.00 secs] 
2937.921: [GC (Allocation Failure) [PSYoungGen: 70077K->1533K(69632K)] 445216K->376672K(737792K), 0.0016299 secs] [Times: user=0.01 sys=0.00, real=0.00 secs] 
2938.041: [GC (Allocation Failure) [PSYoungGen: 69629K->1453K(69120K)] 444768K->376592K(737280K), 0.0018059 secs] [Times: user=0.00 sys=0.00, real=0.00 secs] 
2938.161: [GC (Allocation Failure) [PSYoungGen: 69037K->1453K(69632K)] 444176K->376592K(737792K), 0.0017287 secs] [Times: user=0.00 sys=0.00, real=0.00 secs] 
2939.144: [GC (Allocation Failure) [PSYoungGen: 69037K->1440K(68608K)] 444176K->376579K(736768K), 0.0031822 secs] [Times: user=0.02 sys=0.00, real=0.00 secs] 
2940.217: [GC (Allocation Failure) [PSYoungGen: 68512K->1408K(68096K)] 443651K->376547K(736256K), 0.0045355 secs] [Times: user=0.02 sys=0.00, real=0.01 secs] 
2940.949: [GC (Allocation Failure) [PSYoungGen: 67968K->1376K(68608K)] 443107K->376515K(736768K), 0.0037102 secs] [Times: user=0.01 sys=0.00, real=0.00 secs] 
2941.491: [GC (Allocation Failure) [PSYoungGen: 67936K->1376K(68608K)] 443075K->376515K(736768K), 0.0034607 secs] [Times: user=0.02 sys=0.00, real=0.00 secs] 
2942.179: [GC (Allocation Failure) [PSYoungGen: 67936K->1437K(68608K)] 443075K->376576K(736768K), 0.0041901 secs] [Times: user=0.01 sys=0.00, real=0.00 secs] 
2942.392: [GC (Allocation Failure) [PSYoungGen: 67997K->1517K(68608K)] 443136K->376656K(736768K), 0.0017559 secs] [Times: user=0.01 sys=0.00, real=0.00 secs] 
2942.515: [GC (Allocation Failure) [PSYoungGen: 68077K->1533K(68608K)] 443216K->376672K(736768K), 0.0016991 secs] [Times: user=0.01 sys=0.00, real=0.00 secs] 
2942.634: [GC (Allocation Failure) [PSYoungGen: 68093K->1453K(68608K)] 443232K->376608K(736768K), 0.0015701 secs] [Times: user=0.01 sys=0.00, real=0.00 secs] 
2942.827: [GC (Allocation Failure) [PSYoungGen: 68013K->1472K(68608K)] 443168K->376627K(736768K), 0.0020095 secs] [Times: user=0.00 sys=0.00, real=0.01 secs] 
2943.146: [GC (Allocation Failure) [PSYoungGen: 68032K->1376K(68608K)] 443187K->376531K(736768K), 0.0023740 secs] [Times: user=0.01 sys=0.00, real=0.01 secs] 
2943.424: [GC (Allocation Failure) [PSYoungGen: 67936K->1392K(68608K)] 443091K->376547K(736768K), 0.0020761 secs] [Times: user=0.00 sys=0.00, real=0.00 secs] 
2943.700: [GC (Allocation Failure) [PSYoungGen: 67952K->1408K(68608K)] 443107K->376563K(736768K), 0.0019929 secs] [Times: user=0.01 sys=0.00, real=0.00 secs] 
2944.078: [GC (Allocation Failure) [PSYoungGen: 67968K->1453K(68608K)] 443123K->376608K(736768K), 0.0019547 secs] [Times: user=0.00 sys=0.00, real=0.01 secs] 
2944.223: [GC (Allocation Failure) [PSYoungGen: 68013K->1533K(68608K)] 443168K->376688K(736768K), 0.0017907 secs] [Times: user=0.00 sys=0.00, real=0.00 secs] 
2944.341: [GC (Allocation Failure) [PSYoungGen: 68093K->1517K(68608K)] 443248K->376672K(736768K), 0.0015991 secs] [Times: user=0.01 sys=0.00, real=0.00 secs] 
2944.458: [GC (Allocation Failure) [PSYoungGen: 68077K->1501K(68608K)] 443232K->376688K(736768K), 0.0017009 secs] [Times: user=0.01 sys=0.00, real=0.01 secs] 
2944.676: [GC (Allocation Failure) [PSYoungGen: 68061K->1984K(68608K)] 443248K->377683K(736768K), 0.0018933 secs] [Times: user=0.01 sys=0.00, real=0.00 secs] 
2945.327: [GC (Allocation Failure) [PSYoungGen: 68544K->1408K(68096K)] 444243K->377107K(736256K), 0.0043653 secs] [Times: user=0.02 sys=0.00, real=0.01 secs] 
2945.895: [GC (Allocation Failure) [PSYoungGen: 67968K->1440K(68096K)] 443667K->377139K(736256K), 0.0034384 secs] [Times: user=0.02 sys=0.01, real=0.00 secs] 
2946.487: [GC (Allocation Failure) [PSYoungGen: 68000K->1408K(68096K)] 443699K->377107K(736256K), 0.0029707 secs] [Times: user=0.01 sys=0.01, real=0.01 secs] 
2947.005: [GC (Allocation Failure) [PSYoungGen: 67968K->1408K(68096K)] 443667K->377107K(736256K), 0.0029692 secs] [Times: user=0.02 sys=0.00, real=0.00 secs] 
2947.228: [GC (Allocation Failure) [PSYoungGen: 67968K->1485K(68096K)] 443667K->377184K(736256K), 0.0016429 secs] [Times: user=0.00 sys=0.00, real=0.01 secs] 
2947.361: [GC (Allocation Failure) [PSYoungGen: 68045K->1517K(68096K)] 443744K->377216K(736256K), 0.0020277 secs] [Times: user=0.01 sys=0.00, real=0.00 secs] 
2947.509: [GC (Allocation Failure) [PSYoungGen: 68077K->1533K(68096K)] 443776K->377264K(736256K), 0.0019049 secs] [Times: user=0.01 sys=0.00, real=0.00 secs] 
2947.667: [GC (Allocation Failure) [PSYoungGen: 68093K->160K(72192K)] 443824K->375891K(740352K), 0.0016856 secs] [Times: user=0.01 sys=0.00, real=0.00 secs] 
2948.299: [GC (Allocation Failure) [PSYoungGen: 70304K->1392K(71168K)] 446035K->377123K(739328K), 0.0025191 secs] [Times: user=0.01 sys=0.00, real=0.00 secs] 
2948.931: [GC (Allocation Failure) [PSYoungGen: 71024K->1408K(70656K)] 446755K->377139K(738816K), 0.0030796 secs] [Times: user=0.01 sys=0.00, real=0.00 secs] 
2949.464: [GC (Allocation Failure) [PSYoungGen: 70528K->1344K(70144K)] 446259K->377075K(738304K), 0.0027389 secs] [Times: user=0.01 sys=0.00, real=0.00 secs] 
2950.059: [GC (Allocation Failure) [PSYoungGen: 69952K->1408K(69632K)] 445683K->377139K(737792K), 0.0028003 secs] [Times: user=0.01 sys=0.00, real=0.00 secs] 
2950.288: [GC (Allocation Failure) [PSYoungGen: 69504K->1533K(69120K)] 445235K->377264K(737280K), 0.0017422 secs] [Times: user=0.00 sys=0.00, real=0.01 secs] 
2950.409: [GC (Allocation Failure) [PSYoungGen: 69117K->1453K(68608K)] 444848K->377184K(736768K), 0.0017130 secs] [Times: user=0.00 sys=0.00, real=0.01 secs] 
2950.527: [GC (Allocation Failure) [PSYoungGen: 68525K->1453K(68096K)] 444256K->377192K(736256K), 0.0017176 secs] [Times: user=0.01 sys=0.00, real=0.01 secs] 
2950.684: [GC (Allocation Failure) [PSYoungGen: 68013K->1952K(71680K)] 443752K->378203K(739840K), 0.0020242 secs] [Times: user=0.01 sys=0.00, real=0.00 secs] 
2951.355: [GC (Allocation Failure) [PSYoungGen: 71584K->1344K(70656K)] 447835K->377595K(738816K), 0.0044546 secs] [Times: user=0.01 sys=0.00, real=0.01 secs] 
2952.158: [GC (Allocation Failure) [PSYoungGen: 70464K->1344K(70144K)] 446715K->377595K(738304K), 0.0044646 secs] [Times: user=0.02 sys=0.00, real=0.01 secs] 
2953.078: [GC (Allocation Failure) [PSYoungGen: 69952K->1376K(69632K)] 446203K->377627K(737792K), 0.0034904 secs] [Times: user=0.02 sys=0.00, real=0.01 secs] 
2954.380: [GC (Allocation Failure) [PSYoungGen: 69472K->1440K(69120K)] 445723K->377691K(737280K), 0.0036428 secs] [Times: user=0.01 sys=0.00, real=0.00 secs] 
2954.586: [GC (Allocation Failure) [PSYoungGen: 69024K->1488K(68608K)] 445275K->377739K(736768K), 0.0020409 secs] [Times: user=0.01 sys=0.00, real=0.00 secs] 
2954.743: [GC (Allocation Failure) [PSYoungGen: 68560K->1456K(68096K)] 444811K->377707K(736256K), 0.0021032 secs] [Times: user=0.01 sys=0.00, real=0.00 secs] 
2954.897: [GC (Allocation Failure) [PSYoungGen: 68016K->1501K(68096K)] 444267K->377752K(736256K), 0.0015924 secs] [Times: user=0.01 sys=0.00, real=0.00 secs] 
2955.222: [GC (Allocation Failure) [PSYoungGen: 68061K->1456K(68096K)] 444312K->377707K(736256K), 0.0022880 secs] [Times: user=0.01 sys=0.00, real=0.00 secs] 
2955.774: [GC (Allocation Failure) [PSYoungGen: 68016K->1392K(68096K)] 444267K->377667K(736256K), 0.0035079 secs] [Times: user=0.01 sys=0.00, real=0.00 secs] 
2956.572: [GC (Allocation Failure) [PSYoungGen: 67952K->1376K(68096K)] 444227K->377651K(736256K), 0.0046555 secs] [Times: user=0.02 sys=0.00, real=0.00 secs] 
2957.412: [GC (Allocation Failure) [PSYoungGen: 67936K->1408K(68096K)] 444211K->377683K(736256K), 0.0034577 secs] [Times: user=0.01 sys=0.00, real=0.00 secs] 
2958.207: [GC (Allocation Failure) [PSYoungGen: 67968K->1376K(68096K)] 444243K->377651K(736256K), 0.0045967 secs] [Times: user=0.01 sys=0.01, real=0.01 secs] 
2958.449: [GC (Allocation Failure) [PSYoungGen: 67936K->1453K(68096K)] 444211K->377728K(736256K), 0.0018299 secs] [Times: user=0.00 sys=0.00, real=0.00 secs] 
2958.568: [GC (Allocation Failure) [PSYoungGen: 68013K->1453K(68096K)] 444288K->377728K(736256K), 0.0016827 secs] [Times: user=0.01 sys=0.00, real=0.01 secs] 
2958.687: [GC (Allocation Failure) [PSYoungGen: 68013K->1485K(68608K)] 444288K->377776K(736768K), 0.0016352 secs] [Times: user=0.01 sys=0.00, real=0.00 secs] 
2958.909: [GC (Allocation Failure) [PSYoungGen: 68045K->1456K(68608K)] 444336K->377747K(736768K), 0.0017932 secs] [Times: user=0.01 sys=0.00, real=0.00 secs] 
2959.868: [GC (Allocation Failure) [PSYoungGen: 68016K->1408K(68608K)] 444307K->377699K(736768K), 0.0028803 secs] [Times: user=0.01 sys=0.00, real=0.01 secs] 
2960.446: [GC (Allocation Failure) [PSYoungGen: 67968K->1408K(68608K)] 444259K->377699K(736768K), 0.0029016 secs] [Times: user=0.01 sys=0.00, real=0.00 secs] 
2961.113: [GC (Allocation Failure) [PSYoungGen: 67968K->1408K(68608K)] 444259K->377699K(736768K), 0.0026733 secs] [Times: user=0.01 sys=0.00, real=0.00 secs] 
2961.865: [GC (Allocation Failure) [PSYoungGen: 67968K->1408K(68608K)] 444259K->377699K(736768K), 0.0028892 secs] [Times: user=0.01 sys=0.00, real=0.00 secs] 
2962.302: [GC (Allocation Failure) [PSYoungGen: 67968K->1488K(68608K)] 444259K->377779K(736768K), 0.0018821 secs] [Times: user=0.00 sys=0.00, real=0.00 secs] 
2962.427: [GC (Allocation Failure) [PSYoungGen: 68048K->1501K(68608K)] 444339K->377792K(736768K), 0.0017990 secs] [Times: user=0.01 sys=0.00, real=0.00 secs] 
2962.544: [GC (Allocation Failure) [PSYoungGen: 68061K->1453K(68608K)] 444352K->377760K(736768K), 0.0018403 secs] [Times: user=0.00 sys=0.00, real=0.00 secs] 
2962.662: [GC (Allocation Failure) [PSYoungGen: 68013K->1501K(68608K)] 444320K->377808K(736768K), 0.0016508 secs] [Times: user=0.00 sys=0.00, real=0.00 secs] 
2963.223: [GC (Allocation Failure) [PSYoungGen: 68061K->1472K(68096K)] 444368K->377779K(736256K), 0.0019694 secs] [Times: user=0.01 sys=0.00, real=0.00 secs] 
2963.874: [GC (Allocation Failure) [PSYoungGen: 68032K->1408K(68096K)] 444339K->377715K(736256K), 0.0022920 secs] [Times: user=0.01 sys=0.00, real=0.00 secs] 
2964.543: [GC (Allocation Failure) [PSYoungGen: 67968K->1408K(68096K)] 444275K->377715K(736256K), 0.0024275 secs] [Times: user=0.01 sys=0.00, real=0.00 secs] 
2965.707: [GC (Allocation Failure) [PSYoungGen: 67968K->1408K(68096K)] 444275K->377715K(736256K), 0.0036988 secs] [Times: user=0.02 sys=0.01, real=0.01 secs] 
2966.108: [GC (Allocation Failure) [PSYoungGen: 67968K->1469K(68096K)] 444275K->377776K(736256K), 0.0018577 secs] [Times: user=0.01 sys=0.00, real=0.01 secs] 
2966.269: [GC (Allocation Failure) [PSYoungGen: 68029K->1517K(68096K)] 444336K->377848K(736256K), 0.0020972 secs] [Times: user=0.01 sys=0.00, real=0.00 secs] 
2966.430: [GC (Allocation Failure) [PSYoungGen: 68077K->1501K(68096K)] 444408K->377848K(736256K), 0.0018086 secs] [Times: user=0.01 sys=0.00, real=0.00 secs] 
2966.547: [GC (Allocation Failure) [PSYoungGen: 68061K->1485K(68096K)] 444408K->377832K(736256K), 0.0018088 secs] [Times: user=0.01 sys=0.00, real=0.00 secs] 
2967.978: [GC (Allocation Failure) [PSYoungGen: 68045K->1424K(68096K)] 444392K->377771K(736256K), 0.0042417 secs] [Times: user=0.01 sys=0.00, real=0.01 secs] 
2968.762: [GC (Allocation Failure) [PSYoungGen: 67984K->1408K(68096K)] 444331K->377755K(736256K), 0.0033105 secs] [Times: user=0.01 sys=0.00, real=0.00 secs] 
2969.604: [GC (Allocation Failure) [PSYoungGen: 67968K->1376K(68096K)] 444315K->377723K(736256K), 0.0026860 secs] [Times: user=0.01 sys=0.00, real=0.00 secs] 
2970.360: [GC (Allocation Failure) [PSYoungGen: 67936K->1408K(68096K)] 444283K->377755K(736256K), 0.0044235 secs] [Times: user=0.02 sys=0.00, real=0.00 secs] 
2970.819: [GC (Allocation Failure) [PSYoungGen: 67942K->1501K(68096K)] 444289K->377848K(736256K), 0.0019476 secs] [Times: user=0.01 sys=0.00, real=0.00 secs] 
2970.957: [GC (Allocation Failure) [PSYoungGen: 68061K->1485K(68096K)] 444408K->377832K(736256K), 0.0017559 secs] [Times: user=0.01 sys=0.00, real=0.01 secs] 
2971.074: [GC (Allocation Failure) [PSYoungGen: 68045K->1469K(68608K)] 444392K->377816K(736768K), 0.0016416 secs] [Times: user=0.01 sys=0.00, real=0.00 secs] 
2971.191: [GC (Allocation Failure) [PSYoungGen: 68029K->1533K(68608K)] 444376K->377896K(736768K), 0.0016433 secs] [Times: user=0.01 sys=0.00, real=0.00 secs] 
2971.675: [GC (Allocation Failure) [PSYoungGen: 68093K->1456K(68096K)] 444456K->377819K(736256K), 0.0018974 secs] [Times: user=0.01 sys=0.00, real=0.00 secs] 
2972.346: [GC (Allocation Failure) [PSYoungGen: 68016K->1408K(68096K)] 444379K->377771K(736256K), 0.0031689 secs] [Times: user=0.01 sys=0.00, real=0.01 secs] 
2972.951: [GC (Allocation Failure) [PSYoungGen: 67968K->1408K(68096K)] 444331K->377771K(736256K), 0.0027722 secs] [Times: user=0.01 sys=0.01, real=0.00 secs] 
2973.554: [GC (Allocation Failure) [PSYoungGen: 67968K->1408K(68096K)] 444331K->377771K(736256K), 0.0030921 secs] [Times: user=0.01 sys=0.00, real=0.00 secs] 
2974.058: [GC (Allocation Failure) [PSYoungGen: 67968K->1501K(68096K)] 444331K->377864K(736256K), 0.0023402 secs] [Times: user=0.01 sys=0.00, real=0.01 secs] 
2974.198: [GC (Allocation Failure) [PSYoungGen: 68061K->1533K(68096K)] 444424K->377896K(736256K), 0.0016791 secs] [Times: user=0.00 sys=0.00, real=0.01 secs] 
2974.317: [GC (Allocation Failure) [PSYoungGen: 68093K->1501K(68096K)] 444456K->377864K(736256K), 0.0017772 secs] [Times: user=0.01 sys=0.00, real=0.01 secs] 
2974.436: [GC (Allocation Failure) [PSYoungGen: 68061K->1453K(71680K)] 444424K->377832K(739840K), 0.0016318 secs] [Times: user=0.01 sys=0.00, real=0.00 secs] 
2974.671: [GC (Allocation Failure) [PSYoungGen: 71085K->1440K(70656K)] 447464K->377835K(738816K), 0.0017553 secs] [Times: user=0.01 sys=0.00, real=0.00 secs] 
2975.233: [GC (Allocation Failure) [PSYoungGen: 70560K->1408K(70144K)] 446955K->377803K(738304K), 0.0026411 secs] [Times: user=0.01 sys=0.00, real=0.00 secs] 
2975.823: [GC (Allocation Failure) [PSYoungGen: 70016K->1408K(69632K)] 446411K->377803K(737792K), 0.0027549 secs] [Times: user=0.01 sys=0.00, real=0.00 secs] 
2976.428: [GC (Allocation Failure) [PSYoungGen: 69504K->1440K(69120K)] 445899K->377835K(737280K), 0.0032286 secs] [Times: user=0.01 sys=0.01, real=0.01 secs] 
2976.865: [GC (Allocation Failure) [PSYoungGen: 69024K->1501K(68608K)] 445419K->377896K(736768K), 0.0022355 secs] [Times: user=0.01 sys=0.00, real=0.00 secs] 
2977.020: [GC (Allocation Failure) [PSYoungGen: 68573K->1517K(68096K)] 444968K->377912K(736256K), 0.0020797 secs] [Times: user=0.01 sys=0.00, real=0.00 secs] 
2977.141: [GC (Allocation Failure) [PSYoungGen: 68077K->1453K(68096K)] 444472K->377848K(736256K), 0.0016926 secs] [Times: user=0.01 sys=0.00, real=0.00 secs] 
2977.259: [GC (Allocation Failure) [PSYoungGen: 68013K->1501K(71680K)] 444408K->377920K(739840K), 0.0018038 secs] [Times: user=0.01 sys=0.00, real=0.00 secs] 
2977.838: [GC (Allocation Failure) [PSYoungGen: 71133K->1440K(70656K)] 447552K->377859K(738816K), 0.0022027 secs] [Times: user=0.01 sys=0.00, real=0.01 secs] 
2978.915: [GC (Allocation Failure) [PSYoungGen: 70560K->1408K(70144K)] 446979K->377827K(738304K), 0.0044848 secs] [Times: user=0.01 sys=0.00, real=0.01 secs] 
2979.722: [GC (Allocation Failure) [PSYoungGen: 70016K->1408K(69632K)] 446435K->377827K(737792K), 0.0035273 secs] [Times: user=0.01 sys=0.00, real=0.00 secs] 
2980.562: [GC (Allocation Failure) [PSYoungGen: 69504K->1408K(69120K)] 445923K->377827K(737280K), 0.0030434 secs] [Times: user=0.02 sys=0.00, real=0.00 secs] 
2980.991: [GC (Allocation Failure) [PSYoungGen: 68992K->1517K(68608K)] 445411K->377936K(736768K), 0.0019931 secs] [Times: user=0.01 sys=0.00, real=0.00 secs] 
2981.167: [GC (Allocation Failure) [PSYoungGen: 68589K->1472K(68096K)] 445008K->377891K(736256K), 0.0021590 secs] [Times: user=0.01 sys=0.00, real=0.01 secs] 
2981.315: [GC (Allocation Failure) [PSYoungGen: 68032K->1533K(68096K)] 444451K->377952K(736256K), 0.0016287 secs] [Times: user=0.01 sys=0.00, real=0.00 secs] 
2981.432: [GC (Allocation Failure) [PSYoungGen: 68093K->1533K(68096K)] 444512K->377968K(736256K), 0.0019342 secs] [Times: user=0.00 sys=0.00, real=0.00 secs] 
2982.113: [GC (Allocation Failure) [PSYoungGen: 68093K->1408K(68096K)] 444528K->377843K(736256K), 0.0031198 secs] [Times: user=0.01 sys=0.00, real=0.00 secs] 
2983.045: [GC (Allocation Failure) [PSYoungGen: 67968K->1376K(68096K)] 444403K->377811K(736256K), 0.0036714 secs] [Times: user=0.01 sys=0.00, real=0.01 secs] 
2984.026: [GC (Allocation Failure) [PSYoungGen: 67936K->1408K(68096K)] 444371K->377843K(736256K), 0.0033521 secs] [Times: user=0.01 sys=0.00, real=0.01 secs] 
2984.908: [GC (Allocation Failure) [PSYoungGen: 67968K->1408K(68096K)] 444403K->377851K(736256K), 0.0044737 secs] [Times: user=0.02 sys=0.00, real=0.01 secs] 
2985.572: [GC (Allocation Failure) [PSYoungGen: 67968K->1517K(68096K)] 444411K->377960K(736256K), 0.0029346 secs] [Times: user=0.01 sys=0.00, real=0.00 secs] 
2985.748: [GC (Allocation Failure) [PSYoungGen: 68077K->1485K(68096K)] 444520K->377928K(736256K), 0.0017790 secs] [Times: user=0.01 sys=0.00, real=0.01 secs] 
2985.882: [GC (Allocation Failure) [PSYoungGen: 68015K->1517K(68608K)] 444458K->377960K(736768K), 0.0016652 secs] [Times: user=0.01 sys=0.00, real=0.00 secs] 
2986.042: [GC (Allocation Failure) [PSYoungGen: 68077K->1488K(68608K)] 444520K->377955K(736768K), 0.0021299 secs] [Times: user=0.01 sys=0.00, real=0.00 secs] 
2986.839: [GC (Allocation Failure) [PSYoungGen: 68048K->1392K(68608K)] 444515K->377883K(736768K), 0.0032677 secs] [Times: user=0.01 sys=0.00, real=0.00 secs] 
2988.120: [GC (Allocation Failure) [PSYoungGen: 67952K->1440K(68608K)] 444443K->377931K(736768K), 0.0044128 secs] [Times: user=0.02 sys=0.00, real=0.00 secs] 
2989.455: [GC (Allocation Failure) [PSYoungGen: 68000K->1392K(68608K)] 444491K->377883K(736768K), 0.0043557 secs] [Times: user=0.02 sys=0.00, real=0.01 secs] 
2990.532: [GC (Allocation Failure) [PSYoungGen: 67952K->1408K(68608K)] 444443K->377899K(736768K), 0.0031865 secs] [Times: user=0.02 sys=0.00, real=0.00 secs] 
2991.145: [GC (Allocation Failure) [PSYoungGen: 67968K->1437K(68608K)] 444459K->377928K(736768K), 0.0028907 secs] [Times: user=0.01 sys=0.00, real=0.00 secs] 
2991.324: [GC (Allocation Failure) [PSYoungGen: 67997K->1517K(68608K)] 444488K->378008K(736768K), 0.0016199 secs] [Times: user=0.00 sys=0.01, real=0.00 secs] 
2991.442: [GC (Allocation Failure) [PSYoungGen: 68052K->1517K(68608K)] 444544K->378008K(736768K), 0.0015798 secs] [Times: user=0.01 sys=0.00, real=0.00 secs] 
2991.560: [GC (Allocation Failure) [PSYoungGen: 68077K->1453K(68608K)] 444568K->377968K(736768K), 0.0017249 secs] [Times: user=0.01 sys=0.00, real=0.00 secs] 
2991.971: [GC (Allocation Failure) [PSYoungGen: 68013K->1456K(68608K)] 444528K->377971K(736768K), 0.0018068 secs] [Times: user=0.01 sys=0.00, real=0.00 secs] 
2992.816: [GC (Allocation Failure) [PSYoungGen: 68016K->1408K(68608K)] 444531K->377923K(736768K), 0.0042588 secs] [Times: user=0.02 sys=0.01, real=0.01 secs] 
2993.312: [GC (Allocation Failure) [PSYoungGen: 67968K->1440K(68608K)] 444483K->377955K(736768K), 0.0023957 secs] [Times: user=0.01 sys=0.00, real=0.00 secs] 
2994.119: [GC (Allocation Failure) [PSYoungGen: 68000K->1376K(68608K)] 444515K->377891K(736768K), 0.0024469 secs] [Times: user=0.01 sys=0.00, real=0.00 secs] 
2995.064: [GC (Allocation Failure) [PSYoungGen: 67936K->1469K(68608K)] 444451K->377984K(736768K), 0.0033356 secs] [Times: user=0.01 sys=0.00, real=0.00 secs] 
2995.264: [GC (Allocation Failure) [PSYoungGen: 68029K->1485K(68608K)] 444544K->378000K(736768K), 0.0018492 secs] [Times: user=0.00 sys=0.00, real=0.00 secs] 
2995.383: [GC (Allocation Failure) [PSYoungGen: 68045K->1485K(68608K)] 444560K->378000K(736768K), 0.0016399 secs] [Times: user=0.01 sys=0.00, real=0.00 secs] 
2995.518: [GC (Allocation Failure) [PSYoungGen: 68045K->1456K(68608K)] 444560K->377987K(736768K), 0.0018621 secs] [Times: user=0.01 sys=0.01, real=0.01 secs] 
2995.758: [GC (Allocation Failure) [PSYoungGen: 68016K->1424K(68608K)] 444547K->377955K(736768K), 0.0023025 secs] [Times: user=0.01 sys=0.00, real=0.01 secs] 
2996.053: [GC (Allocation Failure) [PSYoungGen: 67984K->1408K(68608K)] 444515K->377971K(736768K), 0.0021581 secs] [Times: user=0.01 sys=0.00, real=0.00 secs] 
2996.412: [GC (Allocation Failure) [PSYoungGen: 67968K->1408K(68608K)] 444531K->377971K(736768K), 0.0019042 secs] [Times: user=0.01 sys=0.00, real=0.00 secs] 
2996.826: [GC (Allocation Failure) [PSYoungGen: 67968K->1376K(68608K)] 444531K->377939K(736768K), 0.0020811 secs] [Times: user=0.01 sys=0.00, real=0.00 secs] 
2997.440: [GC (Allocation Failure) [PSYoungGen: 67936K->1408K(68608K)] 444499K->377971K(736768K), 0.0027993 secs] [Times: user=0.01 sys=0.00, real=0.00 secs] 
2997.665: [GC (Allocation Failure) [PSYoungGen: 67968K->1488K(68608K)] 444531K->378051K(736768K), 0.0021774 secs] [Times: user=0.01 sys=0.00, real=0.00 secs] 
2997.796: [GC (Allocation Failure) [PSYoungGen: 68048K->1549K(68608K)] 444611K->378112K(736768K), 0.0017998 secs] [Times: user=0.01 sys=0.00, real=0.00 secs] 
2997.930: [GC (Allocation Failure) [PSYoungGen: 68109K->1488K(68608K)] 444672K->378067K(736768K), 0.0023193 secs] [Times: user=0.01 sys=0.00, real=0.00 secs] 
2998.129: [GC (Allocation Failure) [PSYoungGen: 68048K->1952K(75776K)] 444627K->379043K(743936K), 0.0019959 secs] [Times: user=0.00 sys=0.00, real=0.00 secs] 
2998.437: [GC (Allocation Failure) [PSYoungGen: 75680K->1408K(74752K)] 452771K->378499K(742912K), 0.0022315 secs] [Times: user=0.01 sys=0.00, real=0.01 secs] 
2998.858: [GC (Allocation Failure) [PSYoungGen: 74624K->1376K(74240K)] 451715K->378467K(742400K), 0.0019162 secs] [Times: user=0.00 sys=0.00, real=0.01 secs] 
2999.475: [GC (Allocation Failure) [PSYoungGen: 74080K->1408K(73728K)] 451171K->378499K(741888K), 0.0026560 secs] [Times: user=0.01 sys=0.00, real=0.00 secs] 
3000.141: [GC (Allocation Failure) [PSYoungGen: 73600K->1437K(73216K)] 450691K->378528K(741376K), 0.0028685 secs] [Times: user=0.02 sys=0.00, real=0.00 secs] 
3000.319: [GC (GCLocker Initiated GC) [PSYoungGen: 73117K->1501K(72704K)] 450208K->378592K(740864K), 0.0017723 secs] [Times: user=0.01 sys=0.00, real=0.00 secs] 
3000.445: [GC (Allocation Failure) [PSYoungGen: 72669K->1389K(72192K)] 449827K->378547K(740352K), 0.0017643 secs] [Times: user=0.00 sys=0.00, real=0.00 secs] 
3000.570: [GC (Allocation Failure) [PSYoungGen: 72045K->1453K(71680K)] 449203K->378635K(739840K), 0.0017707 secs] [Times: user=0.00 sys=0.00, real=0.00 secs] 
3001.319: [GC (Allocation Failure) [PSYoungGen: 71597K->1424K(71168K)] 448779K->378606K(739328K), 0.0031179 secs] [Times: user=0.01 sys=0.00, real=0.00 secs] 
3002.082: [GC (Allocation Failure) [PSYoungGen: 71056K->1376K(70656K)] 448238K->378558K(738816K), 0.0043009 secs] [Times: user=0.02 sys=0.00, real=0.00 secs] 
3002.656: [GC (Allocation Failure) [PSYoungGen: 70496K->1408K(70144K)] 447678K->378590K(738304K), 0.0035851 secs] [Times: user=0.01 sys=0.00, real=0.01 secs] 
3003.296: [GC (Allocation Failure) [PSYoungGen: 70016K->1408K(69632K)] 447198K->378590K(737792K), 0.0036294 secs] [Times: user=0.01 sys=0.00, real=0.01 secs] 
3003.742: [GC (Allocation Failure) [PSYoungGen: 69504K->1469K(69120K)] 446686K->378651K(737280K), 0.0023088 secs] [Times: user=0.01 sys=0.00, real=0.00 secs] 
3003.889: [GC (Allocation Failure) [PSYoungGen: 69053K->1488K(68608K)] 446235K->378670K(736768K), 0.0017487 secs] [Times: user=0.01 sys=0.00, real=0.00 secs] 
3004.008: [GC (Allocation Failure) [PSYoungGen: 68560K->1453K(68096K)] 445742K->378635K(736256K), 0.0017744 secs] [Times: user=0.01 sys=0.00, real=0.01 secs] 
3004.127: [GC (Allocation Failure) [PSYoungGen: 68013K->1488K(68608K)] 445195K->378686K(736768K), 0.0016182 secs] [Times: user=0.00 sys=0.00, real=0.00 secs] 
3005.332: [GC (Allocation Failure) [PSYoungGen: 68048K->1456K(68096K)] 445246K->378654K(736256K), 0.0029354 secs] [Times: user=0.01 sys=0.00, real=0.00 secs] 
3005.608: [GC (Allocation Failure) [PSYoungGen: 68016K->1408K(68096K)] 445214K->378630K(736256K), 0.0022051 secs] [Times: user=0.01 sys=0.00, real=0.01 secs] 
3005.885: [GC (Allocation Failure) [PSYoungGen: 67968K->1440K(68096K)] 445190K->378662K(736256K), 0.0021166 secs] [Times: user=0.00 sys=0.00, real=0.00 secs] 
3006.162: [GC (Allocation Failure) [PSYoungGen: 68000K->1408K(68096K)] 445222K->378638K(736256K), 0.0021308 secs] [Times: user=0.01 sys=0.00, real=0.00 secs] 
3006.413: [GC (Allocation Failure) [PSYoungGen: 67968K->1533K(68096K)] 445198K->378763K(736256K), 0.0015894 secs] [Times: user=0.01 sys=0.00, real=0.00 secs] 
3006.530: [GC (Allocation Failure) [PSYoungGen: 68093K->1549K(68608K)] 445323K->378787K(736768K), 0.0017025 secs] [Times: user=0.00 sys=0.00, real=0.00 secs] 
3006.648: [GC (Allocation Failure) [PSYoungGen: 68109K->509K(71680K)] 445347K->378779K(739840K), 0.0015918 secs] [Times: user=0.01 sys=0.00, real=0.01 secs] 
3006.772: [GC (Allocation Failure) [PSYoungGen: 71165K->429K(72704K)] 449435K->378715K(740864K), 0.0015965 secs] [Times: user=0.00 sys=0.00, real=0.00 secs] 
3007.032: [GC (Allocation Failure) [PSYoungGen: 71085K->1440K(71680K)] 449371K->379726K(739840K), 0.0020395 secs] [Times: user=0.01 sys=0.00, real=0.00 secs] 
3007.323: [GC (Allocation Failure) [PSYoungGen: 71584K->1408K(71168K)] 449870K->379694K(739328K), 0.0019785 secs] [Times: user=0.00 sys=0.00, real=0.00 secs] 
3007.612: [GC (Allocation Failure) [PSYoungGen: 71040K->1376K(70656K)] 449326K->379662K(738816K), 0.0018591 secs] [Times: user=0.01 sys=0.00, real=0.00 secs] 
3007.911: [GC (Allocation Failure) [PSYoungGen: 70496K->1376K(70144K)] 448782K->379662K(738304K), 0.0021342 secs] [Times: user=0.01 sys=0.00, real=0.00 secs] 
3008.118: [GC (Allocation Failure) [PSYoungGen: 69984K->1485K(69632K)] 448270K->379771K(737792K), 0.0015304 secs] [Times: user=0.00 sys=0.00, real=0.01 secs] 
3008.255: [GC (Allocation Failure) [PSYoungGen: 69581K->1469K(69120K)] 447867K->379755K(737280K), 0.0020561 secs] [Times: user=0.01 sys=0.00, real=0.00 secs] 
3008.407: [GC (Allocation Failure) [PSYoungGen: 69053K->1520K(76288K)] 447339K->379806K(744448K), 0.0020633 secs] [Times: user=0.00 sys=0.00, real=0.01 secs] 
3008.577: [GC (Allocation Failure) [PSYoungGen: 76272K->1488K(76800K)] 454558K->379790K(744960K), 0.0017791 secs] [Times: user=0.01 sys=0.00, real=0.00 secs] 
3008.904: [GC (Allocation Failure) [PSYoungGen: 76240K->1456K(75776K)] 454542K->379758K(743936K), 0.0021871 secs] [Times: user=0.01 sys=0.00, real=0.00 secs] 
3009.213: [GC (Allocation Failure) [PSYoungGen: 75696K->1440K(75264K)] 453998K->379742K(743424K), 0.0022623 secs] [Times: user=0.01 sys=0.00, real=0.00 secs] 
3009.521: [GC (Allocation Failure) [PSYoungGen: 75168K->1360K(74752K)] 453470K->379662K(742912K), 0.0021142 secs] [Times: user=0.01 sys=0.00, real=0.00 secs] 
3009.932: [GC (Allocation Failure) [PSYoungGen: 74576K->1437K(74240K)] 452878K->379739K(742400K), 0.0022933 secs] [Times: user=0.01 sys=0.00, real=0.00 secs] 
3010.078: [GC (Allocation Failure) [PSYoungGen: 74141K->1485K(73728K)] 452443K->379787K(741888K), 0.0015879 secs] [Times: user=0.00 sys=0.00, real=0.01 secs] 
3010.208: [GC (Allocation Failure) [PSYoungGen: 73677K->1504K(73216K)] 451979K->379806K(741376K), 0.0017337 secs] [Times: user=0.01 sys=0.00, real=0.01 secs] 
3010.335: [GC (Allocation Failure) [PSYoungGen: 73154K->1501K(80384K)] 451457K->379803K(748544K), 0.0017086 secs] [Times: user=0.00 sys=0.00, real=0.00 secs] 
3010.940: [GC (Allocation Failure) [PSYoungGen: 80349K->1440K(79872K)] 458651K->379742K(748032K), 0.0018089 secs] [Times: user=0.00 sys=0.00, real=0.00 secs] 
3011.863: [GC (Allocation Failure) [PSYoungGen: 79776K->1408K(79360K)] 458078K->379718K(747520K), 0.0018083 secs] [Times: user=0.01 sys=0.00, real=0.00 secs] 
3012.822: [GC (Allocation Failure) [PSYoungGen: 79232K->1376K(78848K)] 457542K->379686K(747008K), 0.0020633 secs] [Times: user=0.01 sys=0.00, real=0.00 secs] 
3013.434: [GC (Allocation Failure) [PSYoungGen: 78688K->1392K(78336K)] 456998K->379702K(746496K), 0.0019578 secs] [Times: user=0.01 sys=0.00, real=0.00 secs] 
3013.913: [GC (Allocation Failure) [PSYoungGen: 78192K->1456K(77824K)] 456502K->379766K(745984K), 0.0019045 secs] [Times: user=0.01 sys=0.00, real=0.00 secs] 
3014.048: [GC (Allocation Failure) [PSYoungGen: 77744K->1501K(77312K)] 456054K->379811K(745472K), 0.0018206 secs] [Times: user=0.01 sys=0.00, real=0.01 secs] 
3014.181: [GC (Allocation Failure) [PSYoungGen: 77277K->1520K(76800K)] 455587K->379830K(744960K), 0.0019369 secs] [Times: user=0.01 sys=0.00, real=0.00 secs] 
3014.761: [GC (Allocation Failure) [PSYoungGen: 76784K->1456K(76288K)] 455094K->379766K(744448K), 0.0016925 secs] [Times: user=0.00 sys=0.00, real=0.00 secs] 
3015.650: [GC (Allocation Failure) [PSYoungGen: 76208K->1344K(75776K)] 454518K->379678K(743936K), 0.0019692 secs] [Times: user=0.01 sys=0.00, real=0.00 secs] 
3016.253: [GC (Allocation Failure) [PSYoungGen: 75584K->1392K(75264K)] 453918K->379734K(743424K), 0.0018624 secs] [Times: user=0.01 sys=0.00, real=0.00 secs] 
3016.726: [GC (Allocation Failure) [PSYoungGen: 75120K->1376K(74752K)] 453462K->379718K(742912K), 0.0019655 secs] [Times: user=0.01 sys=0.00, real=0.00 secs] 
3016.918: [GC (Allocation Failure) [PSYoungGen: 74592K->1453K(74240K)] 452934K->379803K(742400K), 0.0016860 secs] [Times: user=0.00 sys=0.00, real=0.01 secs] 
3017.047: [GC (Allocation Failure) [PSYoungGen: 74157K->1501K(73728K)] 452507K->379851K(741888K), 0.0018509 secs] [Times: user=0.01 sys=0.00, real=0.00 secs] 
3017.174: [GC (Allocation Failure) [PSYoungGen: 73693K->1485K(73216K)] 452043K->379835K(741376K), 0.0016005 secs] [Times: user=0.01 sys=0.00, real=0.00 secs] 
3017.357: [GC (Allocation Failure) [PSYoungGen: 73165K->1504K(72704K)] 451515K->379854K(740864K), 0.0019761 secs] [Times: user=0.01 sys=0.00, real=0.01 secs] 
3017.652: [GC (Allocation Failure) [PSYoungGen: 72672K->1376K(72192K)] 451022K->379726K(740352K), 0.0018794 secs] [Times: user=0.00 sys=0.00, real=0.00 secs] 
3017.945: [GC (Allocation Failure) [PSYoungGen: 72032K->1408K(71680K)] 450382K->379758K(739840K), 0.0021241 secs] [Times: user=0.01 sys=0.00, real=0.00 secs] 
3018.236: [GC (Allocation Failure) [PSYoungGen: 71552K->1376K(71168K)] 449902K->379726K(739328K), 0.0019792 secs] [Times: user=0.00 sys=0.00, real=0.00 secs] 
3018.507: [GC (Allocation Failure) [PSYoungGen: 71008K->1501K(70656K)] 449358K->379851K(738816K), 0.0017230 secs] [Times: user=0.00 sys=0.00, real=0.00 secs] 
3018.631: [GC (Allocation Failure) [PSYoungGen: 70621K->1520K(70144K)] 448971K->379878K(738304K), 0.0015922 secs] [Times: user=0.00 sys=0.00, real=0.00 secs] 
3018.751: [GC (Allocation Failure) [PSYoungGen: 70115K->1485K(69632K)] 448474K->379843K(737792K), 0.0016017 secs] [Times: user=0.00 sys=0.00, real=0.00 secs] 
3018.889: [GC (Allocation Failure) [PSYoungGen: 69581K->1501K(70144K)] 447939K->379859K(738304K), 0.0020073 secs] [Times: user=0.01 sys=0.00, real=0.00 secs] 
3019.155: [GC (Allocation Failure) [PSYoungGen: 70109K->1440K(70656K)] 448467K->379798K(738816K), 0.0021946 secs] [Times: user=0.01 sys=0.00, real=0.00 secs] 
3019.441: [GC (Allocation Failure) [PSYoungGen: 70048K->1376K(69632K)] 448406K->379734K(737792K), 0.0020833 secs] [Times: user=0.01 sys=0.00, real=0.00 secs] 
3019.724: [GC (Allocation Failure) [PSYoungGen: 69472K->1424K(69120K)] 447830K->379782K(737280K), 0.0022904 secs] [Times: user=0.01 sys=0.00, real=0.00 secs] 
3020.223: [GC (Allocation Failure) [PSYoungGen: 69008K->1376K(68608K)] 447366K->379734K(736768K), 0.0020224 secs] [Times: user=0.01 sys=0.00, real=0.00 secs] 
3020.666: [GC (Allocation Failure) [PSYoungGen: 68448K->1504K(68096K)] 446806K->379862K(736256K), 0.0023581 secs] [Times: user=0.01 sys=0.00, real=0.00 secs] 
3020.801: [GC (Allocation Failure) [PSYoungGen: 68064K->1453K(68096K)] 446422K->379811K(736256K), 0.0015769 secs] [Times: user=0.01 sys=0.00, real=0.00 secs] 
3020.919: [GC (Allocation Failure) [PSYoungGen: 68013K->1533K(68096K)] 446371K->379891K(736256K), 0.0018920 secs] [Times: user=0.01 sys=0.00, real=0.00 secs] 
3021.037: [GC (Allocation Failure) [PSYoungGen: 68093K->1533K(74240K)] 446451K->379923K(742400K), 0.0015602 secs] [Times: user=0.00 sys=0.00, real=0.00 secs] 
3021.476: [GC (Allocation Failure) [PSYoungGen: 74237K->1440K(73728K)] 452627K->379830K(741888K), 0.0019096 secs] [Times: user=0.01 sys=0.00, real=0.00 secs] 
3022.089: [GC (Allocation Failure) [PSYoungGen: 73632K->1344K(73216K)] 452022K->379734K(741376K), 0.0019201 secs] [Times: user=0.01 sys=0.00, real=0.00 secs] 
3022.702: [GC (Allocation Failure) [PSYoungGen: 73024K->1376K(72704K)] 451414K->379766K(740864K), 0.0022935 secs] [Times: user=0.01 sys=0.00, real=0.00 secs] 
3023.397: [GC (Allocation Failure) [PSYoungGen: 72544K->1392K(72192K)] 450934K->379782K(740352K), 0.0021415 secs] [Times: user=0.01 sys=0.00, real=0.01 secs] 
3023.830: [GC (Allocation Failure) [PSYoungGen: 72048K->1533K(71680K)] 450438K->379955K(739840K), 0.0016829 secs] [Times: user=0.00 sys=0.00, real=0.00 secs] 
3023.954: [GC (Allocation Failure) [PSYoungGen: 71677K->1485K(71168K)] 450099K->379907K(739328K), 0.0017229 secs] [Times: user=0.01 sys=0.00, real=0.00 secs] 
3024.079: [GC (Allocation Failure) [PSYoungGen: 71117K->1565K(71168K)] 449539K->379987K(739328K), 0.0017151 secs] [Times: user=0.01 sys=0.00, real=0.01 secs] 
3024.201: [GC (Allocation Failure) [PSYoungGen: 70685K->1485K(71168K)] 449107K->379923K(739328K), 0.0017989 secs] [Times: user=0.00 sys=0.00, real=0.00 secs] 
3025.030: [GC (Allocation Failure) [PSYoungGen: 71117K->1440K(70656K)] 449555K->379878K(738816K), 0.0018445 secs] [Times: user=0.01 sys=0.00, real=0.00 secs] 
3026.274: [GC (Allocation Failure) [PSYoungGen: 70560K->1408K(70144K)] 448998K->379846K(738304K), 0.0021367 secs] [Times: user=0.00 sys=0.00, real=0.00 secs] 
3027.334: [GC (Allocation Failure) [PSYoungGen: 70016K->1392K(69632K)] 448454K->379830K(737792K), 0.0023025 secs] [Times: user=0.01 sys=0.00, real=0.00 secs] 
3028.090: [GC (Allocation Failure) [PSYoungGen: 69488K->1408K(69120K)] 447926K->379846K(737280K), 0.0023803 secs] [Times: user=0.01 sys=0.00, real=0.00 secs] 
3028.437: [GC (Allocation Failure) [PSYoungGen: 68992K->1485K(68608K)] 447430K->379923K(736768K), 0.0027999 secs] [Times: user=0.01 sys=0.00, real=0.01 secs] 
3028.653: [GC (Allocation Failure) [PSYoungGen: 68557K->1533K(68096K)] 446995K->379971K(736256K), 0.0023640 secs] [Times: user=0.01 sys=0.00, real=0.00 secs] 
3028.786: [GC (Allocation Failure) [PSYoungGen: 68093K->1485K(68608K)] 446531K->379923K(736768K), 0.0021889 secs] [Times: user=0.01 sys=0.00, real=0.00 secs] 
3028.903: [GC (Allocation Failure) [PSYoungGen: 68045K->1485K(68608K)] 446483K->379939K(736768K), 0.0019036 secs] [Times: user=0.01 sys=0.00, real=0.00 secs] 
3030.267: [GC (Allocation Failure) [PSYoungGen: 68045K->1440K(68608K)] 446499K->379894K(736768K), 0.0042257 secs] [Times: user=0.01 sys=0.00, real=0.01 secs] 
3031.205: [GC (Allocation Failure) [PSYoungGen: 68000K->1376K(68608K)] 446454K->379830K(736768K), 0.0029896 secs] [Times: user=0.01 sys=0.00, real=0.00 secs] 
3032.136: [GC (Allocation Failure) [PSYoungGen: 67936K->1408K(68608K)] 446390K->379862K(736768K), 0.0030749 secs] [Times: user=0.02 sys=0.00, real=0.01 secs] 
3032.919: [GC (Allocation Failure) [PSYoungGen: 67968K->1376K(68608K)] 446422K->379830K(736768K), 0.0032623 secs] [Times: user=0.01 sys=0.00, real=0.00 secs] 
3033.482: [GC (Allocation Failure) [PSYoungGen: 67936K->1421K(68608K)] 446390K->379875K(736768K), 0.0020510 secs] [Times: user=0.01 sys=0.00, real=0.00 secs] 
3033.619: [GC (Allocation Failure) [PSYoungGen: 67981K->1533K(68608K)] 446435K->379987K(736768K), 0.0018253 secs] [Times: user=0.01 sys=0.00, real=0.00 secs] 
3033.736: [GC (Allocation Failure) [PSYoungGen: 68064K->1501K(68608K)] 446518K->379955K(736768K), 0.0017248 secs] [Times: user=0.00 sys=0.00, real=0.00 secs] 
3033.854: [GC (Allocation Failure) [PSYoungGen: 68061K->1533K(68608K)] 446515K->380011K(736768K), 0.0018419 secs] [Times: user=0.00 sys=0.00, real=0.00 secs] 
3034.397: [GC (Allocation Failure) [PSYoungGen: 68093K->1456K(68608K)] 446571K->379934K(736768K), 0.0019011 secs] [Times: user=0.01 sys=0.00, real=0.01 secs] 
3034.997: [GC (Allocation Failure) [PSYoungGen: 68016K->1376K(68608K)] 446494K->379854K(736768K), 0.0037324 secs] [Times: user=0.02 sys=0.00, real=0.01 secs] 
3035.661: [GC (Allocation Failure) [PSYoungGen: 67936K->1376K(68608K)] 446414K->379854K(736768K), 0.0036873 secs] [Times: user=0.02 sys=0.00, real=0.00 secs] 
3035.948: [GC (Allocation Failure) [PSYoungGen: 67936K->1424K(68608K)] 446414K->379902K(736768K), 0.0021229 secs] [Times: user=0.01 sys=0.00, real=0.01 secs] 
3036.177: [GC (Allocation Failure) [PSYoungGen: 67958K->1485K(68608K)] 446437K->379995K(736768K), 0.0016249 secs] [Times: user=0.01 sys=0.00, real=0.01 secs] 
3036.313: [GC (Allocation Failure) [PSYoungGen: 68045K->1533K(68608K)] 446555K->380043K(736768K), 0.0017136 secs] [Times: user=0.01 sys=0.00, real=0.00 secs] 
3036.461: [GC (Allocation Failure) [PSYoungGen: 68093K->1488K(68608K)] 446603K->379998K(736768K), 0.0018471 secs] [Times: user=0.01 sys=0.00, real=0.00 secs] 
3036.611: [GC (Allocation Failure) [PSYoungGen: 68048K->1533K(68608K)] 446558K->380059K(736768K), 0.0018688 secs] [Times: user=0.01 sys=0.00, real=0.00 secs] 
3037.040: [GC (Allocation Failure) [PSYoungGen: 68093K->1408K(68608K)] 446619K->379934K(736768K), 0.0025107 secs] [Times: user=0.01 sys=0.00, real=0.00 secs] 
3037.616: [GC (Allocation Failure) [PSYoungGen: 67968K->1408K(68608K)] 446494K->379934K(736768K), 0.0022262 secs] [Times: user=0.01 sys=0.00, real=0.01 secs] 
3038.134: [GC (Allocation Failure) [PSYoungGen: 67968K->1360K(68608K)] 446494K->379886K(736768K), 0.0021825 secs] [Times: user=0.01 sys=0.00, real=0.00 secs] 
3038.411: [GC (Allocation Failure) [PSYoungGen: 67920K->1408K(68608K)] 446446K->379942K(736768K), 0.0021131 secs] [Times: user=0.00 sys=0.00, real=0.00 secs] 
3038.817: [GC (Allocation Failure) [PSYoungGen: 67968K->1501K(68608K)] 446502K->380035K(736768K), 0.0018099 secs] [Times: user=0.01 sys=0.00, real=0.00 secs] 
3038.943: [GC (Allocation Failure) [PSYoungGen: 68061K->1453K(68608K)] 446595K->379987K(736768K), 0.0018364 secs] [Times: user=0.00 sys=0.00, real=0.00 secs] 
3039.060: [GC (Allocation Failure) [PSYoungGen: 68013K->1565K(68608K)] 446547K->380099K(736768K), 0.0016500 secs] [Times: user=0.00 sys=0.00, real=0.00 secs] 
3039.177: [GC (Allocation Failure) [PSYoungGen: 68125K->1488K(68608K)] 446659K->380038K(736768K), 0.0018753 secs] [Times: user=0.01 sys=0.00, real=0.01 secs] 
3039.935: [GC (Allocation Failure) [PSYoungGen: 68048K->1472K(68608K)] 446598K->380022K(736768K), 0.0026386 secs] [Times: user=0.02 sys=0.00, real=0.00 secs] 
3040.545: [GC (Allocation Failure) [PSYoungGen: 68032K->1376K(68608K)] 446582K->379926K(736768K), 0.0023464 secs] [Times: user=0.01 sys=0.00, real=0.00 secs] 
3041.214: [GC (Allocation Failure) [PSYoungGen: 67936K->1408K(68608K)] 446486K->379958K(736768K), 0.0034838 secs] [Times: user=0.01 sys=0.00, real=0.00 secs] 
3041.675: [GC (Allocation Failure) [PSYoungGen: 67968K->1376K(68608K)] 446518K->379926K(736768K), 0.0021220 secs] [Times: user=0.01 sys=0.00, real=0.00 secs] 
3042.079: [GC (Allocation Failure) [PSYoungGen: 67931K->1453K(68608K)] 446481K->380003K(736768K), 0.0019816 secs] [Times: user=0.01 sys=0.00, real=0.00 secs] 
3042.200: [GC (Allocation Failure) [PSYoungGen: 68013K->1485K(68608K)] 446563K->380035K(736768K), 0.0016278 secs] [Times: user=0.01 sys=0.00, real=0.00 secs] 
3042.317: [GC (Allocation Failure) [PSYoungGen: 68027K->1565K(68608K)] 446578K->380115K(736768K), 0.0016765 secs] [Times: user=0.01 sys=0.00, real=0.00 secs] 
3042.435: [GC (Allocation Failure) [PSYoungGen: 68125K->1456K(68608K)] 446675K->380030K(736768K), 0.0015974 secs] [Times: user=0.01 sys=0.00, real=0.00 secs] 
3042.827: [GC (Allocation Failure) [PSYoungGen: 68016K->1456K(68608K)] 446590K->380030K(736768K), 0.0021122 secs] [Times: user=0.01 sys=0.00, real=0.01 secs] 
3043.495: [GC (Allocation Failure) [PSYoungGen: 68016K->1408K(68608K)] 446590K->379982K(736768K), 0.0019567 secs] [Times: user=0.00 sys=0.00, real=0.00 secs] 
3044.070: [GC (Allocation Failure) [PSYoungGen: 67968K->1408K(68608K)] 446542K->379982K(736768K), 0.0022106 secs] [Times: user=0.01 sys=0.00, real=0.00 secs] 
3044.347: [GC (Allocation Failure) [PSYoungGen: 67968K->1376K(68608K)] 446542K->379990K(736768K), 0.0022381 secs] [Times: user=0.01 sys=0.00, real=0.01 secs] 
3044.634: [GC (Allocation Failure) [PSYoungGen: 67936K->1472K(68608K)] 446550K->380086K(736768K), 0.0020730 secs] [Times: user=0.01 sys=0.00, real=0.00 secs] 
3044.761: [GC (Allocation Failure) [PSYoungGen: 68032K->1485K(68608K)] 446646K->380099K(736768K), 0.0017093 secs] [Times: user=0.01 sys=0.00, real=0.00 secs] 
3044.878: [GC (Allocation Failure) [PSYoungGen: 68045K->1485K(68608K)] 446659K->380099K(736768K), 0.0017633 secs] [Times: user=0.00 sys=0.00, real=0.01 secs] 
3044.996: [GC (Allocation Failure) [PSYoungGen: 68045K->1533K(75264K)] 446659K->380163K(743424K), 0.0018247 secs] [Times: user=0.01 sys=0.00, real=0.00 secs] 
3045.322: [GC (Allocation Failure) [PSYoungGen: 74749K->1440K(75264K)] 453379K->380070K(743424K), 0.0019111 secs] [Times: user=0.01 sys=0.00, real=0.00 secs] 
3045.919: [GC (Allocation Failure) [PSYoungGen: 74656K->1408K(74240K)] 453286K->380038K(742400K), 0.0022725 secs] [Times: user=0.01 sys=0.00, real=0.00 secs] 
3046.512: [GC (Allocation Failure) [PSYoungGen: 74112K->1408K(73728K)] 452742K->380038K(741888K), 0.0024778 secs] [Times: user=0.00 sys=0.00, real=0.00 secs] 
3047.132: [GC (Allocation Failure) [PSYoungGen: 73600K->1376K(73216K)] 452230K->380006K(741376K), 0.0024360 secs] [Times: user=0.01 sys=0.00, real=0.00 secs] 
3047.394: [GC (Allocation Failure) [PSYoungGen: 73056K->1469K(72704K)] 451686K->380099K(740864K), 0.0017865 secs] [Times: user=0.01 sys=0.00, real=0.00 secs] 
3047.520: [GC (Allocation Failure) [PSYoungGen: 72637K->1485K(72192K)] 451267K->380115K(740352K), 0.0016976 secs] [Times: user=0.01 sys=0.00, real=0.00 secs] 
3047.645: [GC (Allocation Failure) [PSYoungGen: 72141K->1517K(71680K)] 450771K->380147K(739840K), 0.0016829 secs] [Times: user=0.01 sys=0.00, real=0.00 secs] 
3047.768: [GC (Allocation Failure) [PSYoungGen: 71661K->1488K(78848K)] 450291K->380134K(747008K), 0.0015859 secs] [Times: user=0.00 sys=0.00, real=0.01 secs] 
3048.316: [GC (Allocation Failure) [PSYoungGen: 78800K->1440K(78336K)] 457446K->380086K(746496K), 0.0018252 secs] [Times: user=0.00 sys=0.00, real=0.00 secs] 
3048.957: [GC (Allocation Failure) [PSYoungGen: 78240K->1424K(77824K)] 456886K->380078K(745984K), 0.0019328 secs] [Times: user=0.01 sys=0.00, real=0.01 secs] 
3049.580: [GC (Allocation Failure) [PSYoungGen: 77712K->1376K(77312K)] 456366K->380030K(745472K), 0.0021123 secs] [Times: user=0.01 sys=0.00, real=0.00 secs] 
3050.040: [GC (Allocation Failure) [PSYoungGen: 77152K->1501K(76800K)] 455806K->380155K(744960K), 0.0022801 secs] [Times: user=0.01 sys=0.00, real=0.00 secs] 
3050.187: [GC (Allocation Failure) [PSYoungGen: 76765K->1488K(76288K)] 455419K->380142K(744448K), 0.0018061 secs] [Times: user=0.01 sys=0.00, real=0.00 secs] 
3050.320: [GC (Allocation Failure) [PSYoungGen: 76240K->1453K(75776K)] 454894K->380107K(743936K), 0.0016219 secs] [Times: user=0.01 sys=0.00, real=0.00 secs] 
3050.452: [GC (Allocation Failure) [PSYoungGen: 75693K->1501K(75264K)] 454347K->380155K(743424K), 0.0016656 secs] [Times: user=0.00 sys=0.00, real=0.00 secs] 
3051.026: [GC (Allocation Failure) [PSYoungGen: 75229K->1376K(74752K)] 453883K->380030K(742912K), 0.0022866 secs] [Times: user=0.01 sys=0.00, real=0.01 secs] 
3051.336: [GC (Allocation Failure) [PSYoungGen: 74592K->1408K(74240K)] 453246K->380062K(742400K), 0.0022103 secs] [Times: user=0.01 sys=0.00, real=0.00 secs] 
3051.922: [GC (Allocation Failure) [PSYoungGen: 74112K->1408K(73728K)] 452766K->380062K(741888K), 0.0024714 secs] [Times: user=0.01 sys=0.00, real=0.00 secs] 
3052.504: [GC (Allocation Failure) [PSYoungGen: 73600K->1408K(73216K)] 452254K->380062K(741376K), 0.0023855 secs] [Times: user=0.01 sys=0.00, real=0.00 secs] 
3052.831: [GC (Allocation Failure) [PSYoungGen: 73088K->1501K(72704K)] 451742K->380155K(740864K), 0.0017534 secs] [Times: user=0.01 sys=0.00, real=0.00 secs] 
3052.957: [GC (Allocation Failure) [PSYoungGen: 72669K->1485K(72192K)] 451323K->380139K(740352K), 0.0018081 secs] [Times: user=0.01 sys=0.00, real=0.01 secs] 
3053.082: [GC (Allocation Failure) [PSYoungGen: 72141K->1456K(71680K)] 450795K->380110K(739840K), 0.0016463 secs] [Times: user=0.01 sys=0.00, real=0.00 secs] 
3053.289: [GC (Allocation Failure) [PSYoungGen: 71600K->1504K(71168K)] 450254K->380158K(739328K), 0.0021595 secs] [Times: user=0.01 sys=0.01, real=0.00 secs] 
3054.043: [GC (Allocation Failure) [PSYoungGen: 71136K->1440K(70656K)] 449790K->380094K(738816K), 0.0030509 secs] [Times: user=0.01 sys=0.00, real=0.00 secs] 
3054.682: [GC (Allocation Failure) [PSYoungGen: 70560K->1440K(70144K)] 449214K->380126K(738304K), 0.0030156 secs] [Times: user=0.01 sys=0.00, real=0.00 secs] 
3055.214: [GC (Allocation Failure) [PSYoungGen: 70048K->1376K(69632K)] 448734K->380062K(737792K), 0.0027315 secs] [Times: user=0.01 sys=0.00, real=0.00 secs] 
3055.832: [GC (Allocation Failure) [PSYoungGen: 69472K->1469K(69120K)] 448158K->380155K(737280K), 0.0024388 secs] [Times: user=0.01 sys=0.00, real=0.00 secs] 
3055.983: [GC (Allocation Failure) [PSYoungGen: 69053K->1501K(68608K)] 447739K->380187K(736768K), 0.0017906 secs] [Times: user=0.01 sys=0.00, real=0.00 secs] 
3056.119: [GC (Allocation Failure) [PSYoungGen: 68573K->1520K(68096K)] 447259K->380206K(736256K), 0.0019382 secs] [Times: user=0.01 sys=0.00, real=0.00 secs] 
3056.267: [GC (Allocation Failure) [PSYoungGen: 68080K->1456K(68608K)] 446766K->380142K(736768K), 0.0018391 secs] [Times: user=0.00 sys=0.00, real=0.00 secs] 
3056.567: [GC (Allocation Failure) [PSYoungGen: 68016K->1472K(68608K)] 446702K->380158K(736768K), 0.0021259 secs] [Times: user=0.01 sys=0.00, real=0.01 secs] 
3057.348: [GC (Allocation Failure) [PSYoungGen: 68032K->1408K(68608K)] 446718K->380094K(736768K), 0.0030140 secs] [Times: user=0.01 sys=0.00, real=0.01 secs] 
3058.238: [GC (Allocation Failure) [PSYoungGen: 67968K->1360K(68608K)] 446654K->380046K(736768K), 0.0033650 secs] [Times: user=0.02 sys=0.00, real=0.01 secs] 
3059.090: [GC (Allocation Failure) [PSYoungGen: 67920K->1408K(68608K)] 446606K->380094K(736768K), 0.0041232 secs] [Times: user=0.01 sys=0.01, real=0.00 secs] 
3060.062: [GC (Allocation Failure) [PSYoungGen: 67968K->1376K(68608K)] 446654K->380062K(736768K), 0.0041295 secs] [Times: user=0.02 sys=0.00, real=0.00 secs] 
3060.310: [GC (Allocation Failure) [PSYoungGen: 67936K->1469K(68608K)] 446622K->380155K(736768K), 0.0018334 secs] [Times: user=0.00 sys=0.00, real=0.00 secs] 
3060.433: [GC (Allocation Failure) [PSYoungGen: 68029K->1501K(68608K)] 446715K->380187K(736768K), 0.0017169 secs] [Times: user=0.00 sys=0.00, real=0.00 secs] 
3060.551: [GC (Allocation Failure) [PSYoungGen: 68061K->1533K(68608K)] 446747K->380227K(736768K), 0.0016860 secs] [Times: user=0.00 sys=0.00, real=0.00 secs] 
3060.762: [GC (Allocation Failure) [PSYoungGen: 68093K->1984K(68608K)] 446787K->380678K(736768K), 0.0020753 secs] [Times: user=0.01 sys=0.00, real=0.00 secs] 
3061.755: [GC (Allocation Failure) [PSYoungGen: 68544K->1408K(68608K)] 447238K->380102K(736768K), 0.0033840 secs] [Times: user=0.02 sys=0.00, real=0.01 secs] 
3062.812: [GC (Allocation Failure) [PSYoungGen: 67968K->1376K(68608K)] 446662K->380070K(736768K), 0.0034331 secs] [Times: user=0.01 sys=0.00, real=0.00 secs] 
3063.593: [GC (Allocation Failure) [PSYoungGen: 67936K->1408K(68608K)] 446630K->380102K(736768K), 0.0034418 secs] [Times: user=0.01 sys=0.00, real=0.00 secs] 
3064.426: [GC (Allocation Failure) [PSYoungGen: 67968K->1408K(68608K)] 446662K->380102K(736768K), 0.0031673 secs] [Times: user=0.01 sys=0.00, real=0.01 secs] 
3064.720: [GC (Allocation Failure) [PSYoungGen: 67968K->1488K(68608K)] 446662K->380182K(736768K), 0.0017885 secs] [Times: user=0.01 sys=0.00, real=0.00 secs] 
3064.845: [GC (Allocation Failure) [PSYoungGen: 68048K->1453K(68608K)] 446742K->380147K(736768K), 0.0015857 secs] [Times: user=0.00 sys=0.00, real=0.00 secs] 
3064.963: [GC (Allocation Failure) [PSYoungGen: 68013K->1456K(68608K)] 446707K->380166K(736768K), 0.0016885 secs] [Times: user=0.01 sys=0.00, real=0.00 secs] 
3065.080: [GC (Allocation Failure) [PSYoungGen: 68016K->1485K(68608K)] 446726K->380195K(736768K), 0.0016123 secs] [Times: user=0.01 sys=0.00, real=0.00 secs] 
3065.471: [GC (Allocation Failure) [PSYoungGen: 68045K->1440K(68096K)] 446755K->380150K(736256K), 0.0019674 secs] [Times: user=0.00 sys=0.00, real=0.00 secs] 
3065.927: [GC (Allocation Failure) [PSYoungGen: 68000K->1408K(68096K)] 446710K->380142K(736256K), 0.0021937 secs] [Times: user=0.01 sys=0.00, real=0.01 secs] 
3066.453: [GC (Allocation Failure) [PSYoungGen: 67968K->1376K(68096K)] 446702K->380110K(736256K), 0.0034617 secs] [Times: user=0.02 sys=0.00, real=0.00 secs] 
3066.979: [GC (Allocation Failure) [PSYoungGen: 67936K->1376K(68096K)] 446670K->380110K(736256K), 0.0034758 secs] [Times: user=0.01 sys=0.00, real=0.00 secs] 
3067.321: [GC (Allocation Failure) [PSYoungGen: 67936K->1501K(68096K)] 446670K->380235K(736256K), 0.0020836 secs] [Times: user=0.01 sys=0.00, real=0.00 secs] 
3067.446: [GC (Allocation Failure) [PSYoungGen: 68061K->1453K(68096K)] 446795K->380187K(736256K), 0.0017687 secs] [Times: user=0.01 sys=0.00, real=0.00 secs] 
3067.564: [GC (Allocation Failure) [PSYoungGen: 68013K->1453K(68096K)] 446747K->380203K(736256K), 0.0016367 secs] [Times: user=0.01 sys=0.00, real=0.00 secs] 
3067.683: [GC (Allocation Failure) [PSYoungGen: 68013K->1485K(71680K)] 446763K->380235K(739840K), 0.0018049 secs] [Times: user=0.01 sys=0.00, real=0.00 secs] 
3068.049: [GC (Allocation Failure) [PSYoungGen: 71117K->1440K(70656K)] 449867K->380190K(738816K), 0.0020136 secs] [Times: user=0.01 sys=0.00, real=0.01 secs] 
3068.336: [GC (Allocation Failure) [PSYoungGen: 70560K->1376K(70144K)] 449310K->380126K(738304K), 0.0020736 secs] [Times: user=0.01 sys=0.00, real=0.00 secs] 
3068.624: [GC (Allocation Failure) [PSYoungGen: 69984K->1408K(69632K)] 448734K->380158K(737792K), 0.0018541 secs] [Times: user=0.00 sys=0.00, real=0.00 secs] 
3068.949: [GC (Allocation Failure) [PSYoungGen: 69504K->1408K(69120K)] 448254K->380158K(737280K), 0.0021195 secs] [Times: user=0.01 sys=0.00, real=0.00 secs] 
3069.211: [GC (Allocation Failure) [PSYoungGen: 68992K->1485K(68608K)] 447742K->380235K(736768K), 0.0024220 secs] [Times: user=0.01 sys=0.00, real=0.00 secs] 
3069.378: [GC (Allocation Failure) [PSYoungGen: 68549K->1533K(68096K)] 447299K->380283K(736256K), 0.0018625 secs] [Times: user=0.00 sys=0.00, real=0.01 secs] 
3069.499: [GC (Allocation Failure) [PSYoungGen: 68093K->1453K(72192K)] 446843K->380203K(740352K), 0.0018228 secs] [Times: user=0.01 sys=0.00, real=0.00 secs] 
3069.623: [GC (Allocation Failure) [PSYoungGen: 72109K->1456K(72704K)] 450859K->380222K(740864K), 0.0016496 secs] [Times: user=0.00 sys=0.00, real=0.00 secs] 
3071.011: [GC (Allocation Failure) [PSYoungGen: 72112K->1408K(71680K)] 450878K->380174K(739840K), 0.0047296 secs] [Times: user=0.02 sys=0.00, real=0.00 secs] 
3071.886: [GC (Allocation Failure) [PSYoungGen: 71552K->1408K(71168K)] 450318K->380174K(739328K), 0.0043946 secs] [Times: user=0.01 sys=0.00, real=0.01 secs] 
3072.673: [GC (Allocation Failure) [PSYoungGen: 71040K->1408K(70656K)] 449806K->380174K(738816K), 0.0041152 secs] [Times: user=0.01 sys=0.01, real=0.00 secs] 
3073.484: [GC (Allocation Failure) [PSYoungGen: 70528K->1344K(70144K)] 449294K->380110K(738304K), 0.0045954 secs] [Times: user=0.01 sys=0.00, real=0.00 secs] 
3073.832: [GC (Allocation Failure) [PSYoungGen: 69925K->1533K(69632K)] 448691K->380299K(737792K), 0.0020655 secs] [Times: user=0.01 sys=0.00, real=0.00 secs] 
3073.964: [GC (Allocation Failure) [PSYoungGen: 69629K->1501K(69120K)] 448395K->380267K(737280K), 0.0016569 secs] [Times: user=0.00 sys=0.00, real=0.00 secs] 
3074.102: [GC (Allocation Failure) [PSYoungGen: 69085K->1456K(68608K)] 447851K->380222K(736768K), 0.0017667 secs] [Times: user=0.01 sys=0.00, real=0.00 secs] 
3074.370: [GC (Allocation Failure) [PSYoungGen: 68528K->1984K(68608K)] 447294K->381262K(736768K), 0.0021892 secs] [Times: user=0.01 sys=0.00, real=0.00 secs] 
3075.348: [GC (Allocation Failure) [PSYoungGen: 68544K->384K(67072K)] 447822K->380686K(735232K), 0.0036429 secs] [Times: user=0.01 sys=0.00, real=0.01 secs] 
3076.026: [GC (Allocation Failure) [PSYoungGen: 66944K->336K(67072K)] 447246K->380670K(735232K), 0.0030162 secs] [Times: user=0.01 sys=0.00, real=0.01 secs] 
3076.711: [GC (Allocation Failure) [PSYoungGen: 66896K->352K(67072K)] 447230K->380686K(735232K), 0.0032734 secs] [Times: user=0.01 sys=0.01, real=0.00 secs] 
3077.251: [GC (Allocation Failure) [PSYoungGen: 66912K->384K(69120K)] 447246K->380718K(737280K), 0.0033345 secs] [Times: user=0.02 sys=0.00, real=0.00 secs] 
3077.516: [GC (Allocation Failure) [PSYoungGen: 66944K->1517K(68096K)] 447278K->381851K(736256K), 0.0023180 secs] [Times: user=0.01 sys=0.00, real=0.00 secs] 
3077.662: [GC (Allocation Failure) [PSYoungGen: 68077K->1533K(68096K)] 448411K->381867K(736256K), 0.0018033 secs] [Times: user=0.01 sys=0.00, real=0.00 secs] 
3077.779: [GC (Allocation Failure) [PSYoungGen: 68093K->1533K(68096K)] 448427K->381867K(736256K), 0.0017634 secs] [Times: user=0.00 sys=0.00, real=0.00 secs] 
3077.897: [GC (Allocation Failure) [PSYoungGen: 68093K->1453K(69632K)] 448427K->381803K(737792K), 0.0017241 secs] [Times: user=0.00 sys=0.00, real=0.00 secs] 
3078.371: [GC (Allocation Failure) [PSYoungGen: 68525K->1424K(68096K)] 448875K->381774K(736256K), 0.0022398 secs] [Times: user=0.01 sys=0.00, real=0.00 secs] 
3078.665: [GC (Allocation Failure) [PSYoungGen: 67984K->1376K(68096K)] 448334K->381726K(736256K), 0.0021931 secs] [Times: user=0.01 sys=0.00, real=0.00 secs] 
3079.066: [GC (Allocation Failure) [PSYoungGen: 67936K->1440K(68096K)] 448286K->381790K(736256K), 0.0022179 secs] [Times: user=0.00 sys=0.00, real=0.00 secs] 
3079.466: [GC (Allocation Failure) [PSYoungGen: 68000K->1408K(68096K)] 448350K->381758K(736256K), 0.0030799 secs] [Times: user=0.01 sys=0.00, real=0.01 secs] 
3079.719: [GC (Allocation Failure) [PSYoungGen: 67960K->1533K(68096K)] 448311K->381883K(736256K), 0.0020354 secs] [Times: user=0.01 sys=0.00, real=0.00 secs] 
3079.840: [GC (Allocation Failure) [PSYoungGen: 68093K->1485K(68096K)] 448443K->381835K(736256K), 0.0018206 secs] [Times: user=0.01 sys=0.00, real=0.00 secs] 
3079.958: [GC (Allocation Failure) [PSYoungGen: 68045K->1485K(70144K)] 448395K->381859K(738304K), 0.0015955 secs] [Times: user=0.01 sys=0.00, real=0.01 secs] 
3080.096: [GC (Allocation Failure) [PSYoungGen: 69069K->1488K(70144K)] 449443K->381862K(738304K), 0.0017979 secs] [Times: user=0.00 sys=0.00, real=0.00 secs] 
3081.174: [GC (Allocation Failure) [PSYoungGen: 69072K->1376K(68608K)] 449446K->381750K(736768K), 0.0029939 secs] [Times: user=0.01 sys=0.00, real=0.00 secs] 
3081.757: [GC (Allocation Failure) [PSYoungGen: 68448K->1376K(68096K)] 448822K->381750K(736256K), 0.0029514 secs] [Times: user=0.01 sys=0.00, real=0.01 secs] 
3082.397: [GC (Allocation Failure) [PSYoungGen: 67936K->1408K(68096K)] 448310K->381782K(736256K), 0.0041456 secs] [Times: user=0.02 sys=0.00, real=0.01 secs] 
3082.971: [GC (Allocation Failure) [PSYoungGen: 67968K->1408K(68096K)] 448342K->381782K(736256K), 0.0027435 secs] [Times: user=0.01 sys=0.00, real=0.00 secs] 
3083.259: [GC (Allocation Failure) [PSYoungGen: 67968K->1501K(68096K)] 448342K->381875K(736256K), 0.0027048 secs] [Times: user=0.01 sys=0.00, real=0.00 secs] 
3083.421: [GC (Allocation Failure) [PSYoungGen: 68061K->1485K(68096K)] 448435K->381859K(736256K), 0.0018708 secs] [Times: user=0.01 sys=0.00, real=0.00 secs] 
3083.540: [GC (Allocation Failure) [PSYoungGen: 68045K->1485K(68096K)] 448419K->381859K(736256K), 0.0017049 secs] [Times: user=0.01 sys=0.00, real=0.00 secs] 
3083.659: [GC (Allocation Failure) [PSYoungGen: 68045K->1469K(73216K)] 448419K->381859K(741376K), 0.0017562 secs] [Times: user=0.01 sys=0.00, real=0.00 secs] 
3084.458: [GC (Allocation Failure) [PSYoungGen: 72637K->1408K(72192K)] 453027K->381822K(740352K), 0.0044227 secs] [Times: user=0.02 sys=0.00, real=0.01 secs] 
3085.371: [GC (Allocation Failure) [PSYoungGen: 72064K->1376K(71680K)] 452478K->381790K(739840K), 0.0044708 secs] [Times: user=0.02 sys=0.00, real=0.00 secs] 
3085.963: [GC (Allocation Failure) [PSYoungGen: 71520K->1376K(71168K)] 451934K->381790K(739328K), 0.0023254 secs] [Times: user=0.01 sys=0.01, real=0.00 secs] 
3086.321: [GC (Allocation Failure) [PSYoungGen: 71008K->1344K(70656K)] 451422K->381766K(738816K), 0.0023158 secs] [Times: user=0.01 sys=0.00, real=0.00 secs] 
3086.534: [GC (Allocation Failure) [PSYoungGen: 70464K->1501K(70144K)] 450886K->381923K(738304K), 0.0016366 secs] [Times: user=0.01 sys=0.00, real=0.00 secs] 
3086.654: [GC (Allocation Failure) [PSYoungGen: 70109K->1549K(70144K)] 450531K->381971K(738304K), 0.0017896 secs] [Times: user=0.01 sys=0.00, real=0.00 secs] 
3086.774: [GC (Allocation Failure) [PSYoungGen: 69645K->496K(72192K)] 450067K->381942K(740352K), 0.0018189 secs] [Times: user=0.01 sys=0.00, real=0.00 secs] 
3087.022: [GC (Allocation Failure) [PSYoungGen: 71664K->1968K(72704K)] 453110K->383934K(740864K), 0.0019063 secs] [Times: user=0.01 sys=0.00, real=0.00 secs] 
3087.706: [GC (Allocation Failure) [PSYoungGen: 72624K->1344K(71680K)] 454590K->383310K(739840K), 0.0019230 secs] [Times: user=0.00 sys=0.00, real=0.00 secs] 
3088.340: [GC (Allocation Failure) [PSYoungGen: 71488K->1344K(71168K)] 453454K->383310K(739328K), 0.0023240 secs] [Times: user=0.01 sys=0.00, real=0.00 secs] 
3088.648: [GC (Allocation Failure) [PSYoungGen: 70976K->1408K(70656K)] 452942K->383374K(738816K), 0.0021874 secs] [Times: user=0.01 sys=0.01, real=0.01 secs] 
3089.003: [GC (Allocation Failure) [PSYoungGen: 70528K->1437K(70144K)] 452494K->383403K(738304K), 0.0021051 secs] [Times: user=0.01 sys=0.00, real=0.00 secs] 
3089.138: [GC (Allocation Failure) [PSYoungGen: 70045K->1488K(69632K)] 452011K->383454K(737792K), 0.0015932 secs] [Times: user=0.01 sys=0.00, real=0.01 secs] 
3089.259: [GC (Allocation Failure) [PSYoungGen: 69584K->1517K(69120K)] 451550K->383483K(737280K), 0.0017498 secs] [Times: user=0.00 sys=0.00, real=0.00 secs] 
3089.379: [GC (Allocation Failure) [PSYoungGen: 69101K->1517K(69632K)] 451067K->383483K(737792K), 0.0017001 secs] [Times: user=0.00 sys=0.00, real=0.00 secs] 
3090.203: [GC (Allocation Failure) [PSYoungGen: 69613K->1472K(69120K)] 451579K->383438K(737280K), 0.0037772 secs] [Times: user=0.01 sys=0.00, real=0.00 secs] 
3091.194: [GC (Allocation Failure) [PSYoungGen: 69056K->1344K(68608K)] 451022K->383310K(736768K), 0.0034123 secs] [Times: user=0.01 sys=0.00, real=0.00 secs] 
3092.059: [GC (Allocation Failure) [PSYoungGen: 68416K->1376K(68096K)] 450382K->383342K(736256K), 0.0035468 secs] [Times: user=0.02 sys=0.00, real=0.00 secs] 
3092.880: [GC (Allocation Failure) [PSYoungGen: 67936K->1408K(68608K)] 449902K->383374K(736768K), 0.0034503 secs] [Times: user=0.01 sys=0.00, real=0.00 secs] 
3093.599: [GC (Allocation Failure) [PSYoungGen: 67951K->1472K(68608K)] 449917K->383438K(736768K), 0.0026767 secs] [Times: user=0.01 sys=0.00, real=0.00 secs] 
3093.771: [GC (Allocation Failure) [PSYoungGen: 68032K->1533K(68608K)] 449998K->383499K(736768K), 0.0019169 secs] [Times: user=0.00 sys=0.00, real=0.00 secs] 
3093.889: [GC (Allocation Failure) [PSYoungGen: 68084K->1488K(68608K)] 450050K->383454K(736768K), 0.0015665 secs] [Times: user=0.01 sys=0.00, real=0.00 secs] 
3094.007: [GC (Allocation Failure) [PSYoungGen: 68048K->1485K(68608K)] 450014K->383467K(736768K), 0.0018041 secs] [Times: user=0.00 sys=0.00, real=0.01 secs] 
3094.624: [GC (Allocation Failure) [PSYoungGen: 68045K->1472K(68608K)] 450027K->383454K(736768K), 0.0023225 secs] [Times: user=0.01 sys=0.00, real=0.00 secs] 
3095.829: [GC (Allocation Failure) [PSYoungGen: 68032K->1376K(68608K)] 450014K->383358K(736768K), 0.0030407 secs] [Times: user=0.01 sys=0.00, real=0.01 secs] 
3096.789: [GC (Allocation Failure) [PSYoungGen: 67936K->1376K(68608K)] 449918K->383374K(736768K), 0.0036922 secs] [Times: user=0.01 sys=0.00, real=0.00 secs] 
3097.704: [GC (Allocation Failure) [PSYoungGen: 67936K->1440K(68608K)] 449934K->383438K(736768K), 0.0033673 secs] [Times: user=0.01 sys=0.00, real=0.00 secs] 
3098.220: [GC (Allocation Failure) [PSYoungGen: 68000K->1344K(68608K)] 449998K->383342K(736768K), 0.0029953 secs] [Times: user=0.01 sys=0.00, real=0.00 secs] 
3098.412: [GC (Allocation Failure) [PSYoungGen: 67904K->1517K(68608K)] 449902K->383515K(736768K), 0.0017018 secs] [Times: user=0.01 sys=0.00, real=0.00 secs] 
3098.530: [GC (Allocation Failure) [PSYoungGen: 68077K->1472K(68608K)] 450075K->383470K(736768K), 0.0022436 secs] [Times: user=0.00 sys=0.00, real=0.00 secs] 
3098.649: [GC (Allocation Failure) [PSYoungGen: 68032K->1485K(68608K)] 450030K->383499K(736768K), 0.0015852 secs] [Times: user=0.00 sys=0.00, real=0.00 secs] 
3098.937: [GC (Allocation Failure) [PSYoungGen: 68045K->1568K(68608K)] 450059K->383582K(736768K), 0.0024128 secs] [Times: user=0.01 sys=0.00, real=0.01 secs] 
3099.782: [GC (Allocation Failure) [PSYoungGen: 68128K->1376K(68608K)] 450142K->383390K(736768K), 0.0023588 secs] [Times: user=0.01 sys=0.00, real=0.00 secs] 
3100.472: [GC (Allocation Failure) [PSYoungGen: 67936K->1424K(68608K)] 449950K->383438K(736768K), 0.0026378 secs] [Times: user=0.01 sys=0.00, real=0.00 secs] 
3101.261: [GC (Allocation Failure) [PSYoungGen: 67984K->1440K(68608K)] 449998K->383454K(736768K), 0.0027779 secs] [Times: user=0.01 sys=0.00, real=0.00 secs] 
3102.031: [GC (Allocation Failure) [PSYoungGen: 68000K->1408K(68608K)] 450014K->383422K(736768K), 0.0030613 secs] [Times: user=0.01 sys=0.00, real=0.00 secs] 
3102.366: [GC (Allocation Failure) [PSYoungGen: 67968K->1456K(68608K)] 449982K->383470K(736768K), 0.0022305 secs] [Times: user=0.01 sys=0.00, real=0.01 secs] 
3102.485: [GC (Allocation Failure) [PSYoungGen: 68016K->1453K(68608K)] 450030K->383467K(736768K), 0.0017540 secs] [Times: user=0.01 sys=0.00, real=0.00 secs] 
3102.602: [GC (Allocation Failure) [PSYoungGen: 68013K->1456K(68608K)] 450027K->383502K(736768K), 0.0017111 secs] [Times: user=0.00 sys=0.00, real=0.00 secs] 
3102.719: [GC (Allocation Failure) [PSYoungGen: 68016K->1488K(68608K)] 450062K->383534K(736768K), 0.0017244 secs] [Times: user=0.01 sys=0.00, real=0.00 secs] 
3103.127: [GC (Allocation Failure) [PSYoungGen: 68048K->1408K(68096K)] 450094K->383454K(736256K), 0.0021179 secs] [Times: user=0.01 sys=0.00, real=0.01 secs] 
3103.404: [GC (Allocation Failure) [PSYoungGen: 67968K->1376K(68096K)] 450014K->383422K(736256K), 0.0022739 secs] [Times: user=0.00 sys=0.00, real=0.00 secs] 
3103.681: [GC (Allocation Failure) [PSYoungGen: 67936K->1360K(68096K)] 449982K->383406K(736256K), 0.0019261 secs] [Times: user=0.01 sys=0.00, real=0.00 secs] 
3104.012: [GC (Allocation Failure) [PSYoungGen: 67920K->1408K(68096K)] 449966K->383454K(736256K), 0.0023631 secs] [Times: user=0.01 sys=0.00, real=0.00 secs] 
3104.305: [GC (Allocation Failure) [PSYoungGen: 67968K->1485K(68096K)] 450014K->383531K(736256K), 0.0018547 secs] [Times: user=0.01 sys=0.00, real=0.00 secs] 
3104.441: [GC (Allocation Failure) [PSYoungGen: 68015K->1517K(68096K)] 450061K->383587K(736256K), 0.0020511 secs] [Times: user=0.01 sys=0.00, real=0.00 secs] 
3104.589: [GC (Allocation Failure) [PSYoungGen: 68077K->1533K(68096K)] 450147K->383619K(736256K), 0.0016308 secs] [Times: user=0.00 sys=0.00, real=0.00 secs] 
3104.724: [GC (Allocation Failure) [PSYoungGen: 68093K->1549K(72192K)] 450179K->383635K(740352K), 0.0018915 secs] [Times: user=0.01 sys=0.00, real=0.00 secs] 
3105.416: [GC (Allocation Failure) [PSYoungGen: 71693K->1440K(71168K)] 453779K->383526K(739328K), 0.0021522 secs] [Times: user=0.01 sys=0.00, real=0.00 secs] 
3105.729: [GC (Allocation Failure) [PSYoungGen: 71072K->1408K(70656K)] 453158K->383494K(738816K), 0.0022081 secs] [Times: user=0.01 sys=0.01, real=0.01 secs] 
3106.060: [GC (Allocation Failure) [PSYoungGen: 70528K->1408K(70144K)] 452614K->383494K(738304K), 0.0022231 secs] [Times: user=0.00 sys=0.00, real=0.00 secs] 
3106.345: [GC (Allocation Failure) [PSYoungGen: 70016K->1376K(69632K)] 452102K->383462K(737792K), 0.0021914 secs] [Times: user=0.01 sys=0.00, real=0.00 secs] 
3106.603: [GC (Allocation Failure) [PSYoungGen: 69472K->1533K(69120K)] 451558K->383643K(737280K), 0.0018135 secs] [Times: user=0.00 sys=0.00, real=0.00 secs] 
3106.723: [GC (Allocation Failure) [PSYoungGen: 69117K->1533K(68608K)] 451227K->383643K(736768K), 0.0017957 secs] [Times: user=0.01 sys=0.00, real=0.00 secs] 
3106.859: [GC (Allocation Failure) [PSYoungGen: 68605K->1533K(72192K)] 450715K->383643K(740352K), 0.0018208 secs] [Times: user=0.00 sys=0.00, real=0.00 secs] 
3107.025: [GC (Allocation Failure) [PSYoungGen: 72113K->320K(70656K)] 454223K->382430K(738816K), 0.0016806 secs] [Times: user=0.01 sys=0.00, real=0.00 secs] 
3108.191: [GC (Allocation Failure) [PSYoungGen: 70464K->1376K(71168K)] 452574K->383486K(739328K), 0.0025898 secs] [Times: user=0.01 sys=0.00, real=0.00 secs] 
3108.500: [GC (Allocation Failure) [PSYoungGen: 71008K->1344K(70656K)] 453118K->383454K(738816K), 0.0022975 secs] [Times: user=0.01 sys=0.00, real=0.00 secs] 
3109.153: [GC (Allocation Failure) [PSYoungGen: 70464K->1376K(70144K)] 452574K->383486K(738304K), 0.0023210 secs] [Times: user=0.01 sys=0.00, real=0.00 secs] 
3109.895: [GC (Allocation Failure) [PSYoungGen: 69984K->1408K(69632K)] 452094K->383518K(737792K), 0.0030092 secs] [Times: user=0.01 sys=0.00, real=0.00 secs] 
3110.143: [GC (Allocation Failure) [PSYoungGen: 69504K->1488K(69120K)] 451614K->383598K(737280K), 0.0021663 secs] [Times: user=0.01 sys=0.00, real=0.00 secs] 
3110.268: [GC (Allocation Failure) [PSYoungGen: 69072K->1533K(68608K)] 451182K->383643K(736768K), 0.0017907 secs] [Times: user=0.01 sys=0.00, real=0.01 secs] 
3110.407: [GC (Allocation Failure) [PSYoungGen: 68574K->1520K(68096K)] 450685K->383630K(736256K), 0.0017449 secs] [Times: user=0.01 sys=0.00, real=0.01 secs] 
3110.962: [GC (Allocation Failure) [PSYoungGen: 68080K->1952K(68608K)] 450190K->384070K(736768K), 0.0043320 secs] [Times: user=0.02 sys=0.00, real=0.00 secs] 
3112.145: [GC (Allocation Failure) [PSYoungGen: 68512K->1376K(68608K)] 450630K->383494K(736768K), 0.0041072 secs] [Times: user=0.02 sys=0.00, real=0.01 secs] 
3112.974: [GC (Allocation Failure) [PSYoungGen: 67936K->1376K(68608K)] 450054K->383494K(736768K), 0.0030529 secs] [Times: user=0.01 sys=0.00, real=0.00 secs] 
3113.609: [GC (Allocation Failure) [PSYoungGen: 67936K->1408K(68608K)] 450054K->383526K(736768K), 0.0026270 secs] [Times: user=0.02 sys=0.00, real=0.01 secs] 
3113.943: [GC (Allocation Failure) [PSYoungGen: 67968K->1376K(68608K)] 450086K->383494K(736768K), 0.0021833 secs] [Times: user=0.01 sys=0.00, real=0.00 secs] 
3114.196: [GC (Allocation Failure) [PSYoungGen: 67936K->1517K(68608K)] 450054K->383635K(736768K), 0.0015892 secs] [Times: user=0.01 sys=0.00, real=0.00 secs] 
3114.313: [GC (Allocation Failure) [PSYoungGen: 68077K->1488K(68608K)] 450195K->383606K(736768K), 0.0016987 secs] [Times: user=0.01 sys=0.00, real=0.00 secs] 
3114.449: [GC (Allocation Failure) [PSYoungGen: 68048K->1533K(68608K)] 450166K->383667K(736768K), 0.0017068 secs] [Times: user=0.01 sys=0.00, real=0.00 secs] 
3114.602: [GC (Allocation Failure) [PSYoungGen: 68093K->160K(68608K)] 450227K->382302K(736768K), 0.0018329 secs] [Times: user=0.01 sys=0.00, real=0.00 secs] 
3115.453: [GC (Allocation Failure) [PSYoungGen: 66720K->1376K(68608K)] 448862K->383518K(736768K), 0.0027378 secs] [Times: user=0.01 sys=0.00, real=0.00 secs] 
3116.151: [GC (Allocation Failure) [PSYoungGen: 67936K->1376K(68608K)] 450078K->383542K(736768K), 0.0024353 secs] [Times: user=0.01 sys=0.00, real=0.00 secs] 
3116.532: [GC (Allocation Failure) [PSYoungGen: 67936K->1408K(68608K)] 450102K->383574K(736768K), 0.0025920 secs] [Times: user=0.01 sys=0.01, real=0.00 secs] 
3116.854: [GC (Allocation Failure) [PSYoungGen: 67968K->1376K(68608K)] 450134K->383542K(736768K), 0.0021017 secs] [Times: user=0.01 sys=0.00, real=0.00 secs] 
3117.140: [GC (Allocation Failure) [PSYoungGen: 67934K->1520K(68608K)] 450100K->383686K(736768K), 0.0019156 secs] [Times: user=0.01 sys=0.00, real=0.00 secs] 
3117.274: [GC (Allocation Failure) [PSYoungGen: 68080K->1485K(68608K)] 450246K->383651K(736768K), 0.0030015 secs] [Times: user=0.01 sys=0.00, real=0.00 secs] 
3117.422: [GC (Allocation Failure) [PSYoungGen: 68045K->1549K(75776K)] 450211K->383723K(743936K), 0.0020966 secs] [Times: user=0.01 sys=0.00, real=0.00 secs] 
3117.592: [GC (Allocation Failure) [PSYoungGen: 75277K->1533K(75776K)] 457451K->383707K(743936K), 0.0017214 secs] [Times: user=0.01 sys=0.00, real=0.00 secs] 
3118.442: [GC (Allocation Failure) [PSYoungGen: 75261K->1408K(74752K)] 457435K->383582K(742912K), 0.0030585 secs] [Times: user=0.01 sys=0.00, real=0.00 secs] 
3119.514: [GC (Allocation Failure) [PSYoungGen: 74624K->1376K(74240K)] 456798K->383550K(742400K), 0.0043745 secs] [Times: user=0.02 sys=0.00, real=0.00 secs] 
3120.182: [GC (Allocation Failure) [PSYoungGen: 74080K->1408K(73728K)] 456254K->383582K(741888K), 0.0021853 secs] [Times: user=0.01 sys=0.00, real=0.00 secs] 
3120.908: [GC (Allocation Failure) [PSYoungGen: 73600K->1408K(73216K)] 455774K->383582K(741376K), 0.0021708 secs] [Times: user=0.01 sys=0.00, real=0.01 secs] 
3121.100: [GC (Allocation Failure) [PSYoungGen: 73079K->1517K(72704K)] 455254K->383723K(740864K), 0.0024086 secs] [Times: user=0.01 sys=0.00, real=0.00 secs] 
3121.262: [GC (Allocation Failure) [PSYoungGen: 72685K->1488K(72192K)] 454891K->383694K(740352K), 0.0017236 secs] [Times: user=0.00 sys=0.00, real=0.00 secs] 
3121.405: [GC (Allocation Failure) [PSYoungGen: 72144K->1520K(71680K)] 454350K->383750K(739840K), 0.0017694 secs] [Times: user=0.00 sys=0.00, real=0.00 secs] 
3122.465: [GC (Allocation Failure) [PSYoungGen: 71664K->1456K(71168K)] 453894K->383686K(739328K), 0.0048652 secs] [Times: user=0.02 sys=0.00, real=0.01 secs] 
3123.345: [GC (Allocation Failure) [PSYoungGen: 71088K->1376K(70656K)] 453318K->383606K(738816K), 0.0034768 secs] [Times: user=0.01 sys=0.00, real=0.01 secs] 
3123.802: [GC (Allocation Failure) [PSYoungGen: 70496K->1376K(70144K)] 452726K->383606K(738304K), 0.0023033 secs] [Times: user=0.00 sys=0.00, real=0.00 secs] 
3124.643: [GC (Allocation Failure) [PSYoungGen: 69984K->1344K(69632K)] 452214K->383574K(737792K), 0.0027216 secs] [Times: user=0.01 sys=0.00, real=0.00 secs] 
3125.170: [GC (Allocation Failure) [PSYoungGen: 69440K->1469K(69120K)] 451670K->383699K(737280K), 0.0021037 secs] [Times: user=0.01 sys=0.01, real=0.00 secs] 
3125.306: [GC (Allocation Failure) [PSYoungGen: 69053K->1456K(68608K)] 451283K->383686K(736768K), 0.0015838 secs] [Times: user=0.01 sys=0.00, real=0.00 secs] 
3125.425: [GC (Allocation Failure) [PSYoungGen: 68528K->1549K(68608K)] 450758K->383779K(736768K), 0.0018775 secs] [Times: user=0.01 sys=0.00, real=0.00 secs] 
3125.543: [GC (Allocation Failure) [PSYoungGen: 68109K->496K(67072K)] 450339K->383750K(735232K), 0.0016096 secs] [Times: user=0.01 sys=0.00, real=0.00 secs] 
3126.560: [GC (Allocation Failure) [PSYoungGen: 67056K->1440K(68608K)] 450310K->384694K(736768K), 0.0040753 secs] [Times: user=0.02 sys=0.00, real=0.00 secs] 
3127.688: [GC (Allocation Failure) [PSYoungGen: 68000K->1328K(68096K)] 451254K->384614K(736256K), 0.0045723 secs] [Times: user=0.02 sys=0.00, real=0.01 secs] 
3128.400: [GC (Allocation Failure) [PSYoungGen: 67888K->1408K(68096K)] 451174K->384694K(736256K), 0.0034166 secs] [Times: user=0.02 sys=0.00, real=0.00 secs] 
3129.045: [GC (Allocation Failure) [PSYoungGen: 67968K->1376K(68096K)] 451254K->384662K(736256K), 0.0028510 secs] [Times: user=0.01 sys=0.00, real=0.00 secs] 
3130.062: [GC (Allocation Failure) [PSYoungGen: 67936K->1453K(68096K)] 451222K->384739K(736256K), 0.0024115 secs] [Times: user=0.01 sys=0.00, real=0.00 secs] 
3130.214: [GC (Allocation Failure) [PSYoungGen: 68013K->1517K(68096K)] 451299K->384803K(736256K), 0.0018639 secs] [Times: user=0.00 sys=0.00, real=0.00 secs] 
3130.332: [GC (Allocation Failure) [PSYoungGen: 68077K->1533K(68096K)] 451363K->384819K(736256K), 0.0018812 secs] [Times: user=0.01 sys=0.00, real=0.00 secs] 
3130.466: [GC (Allocation Failure) [PSYoungGen: 68093K->1520K(71680K)] 451379K->384862K(739840K), 0.0022417 secs] [Times: user=0.01 sys=0.00, real=0.00 secs] 
3132.044: [GC (Allocation Failure) [PSYoungGen: 71664K->1440K(71168K)] 455006K->384782K(739328K), 0.0034769 secs] [Times: user=0.02 sys=0.00, real=0.00 secs] 
3132.985: [GC (Allocation Failure) [PSYoungGen: 71072K->1392K(70656K)] 454414K->384734K(738816K), 0.0027510 secs] [Times: user=0.01 sys=0.00, real=0.00 secs] 
3134.219: [GC (Allocation Failure) [PSYoungGen: 70512K->1408K(70144K)] 453854K->384750K(738304K), 0.0034660 secs] [Times: user=0.02 sys=0.00, real=0.00 secs] 
3135.300: [GC (Allocation Failure) [PSYoungGen: 70016K->1376K(69632K)] 453358K->384718K(737792K), 0.0033938 secs] [Times: user=0.01 sys=0.00, real=0.00 secs] 
3136.059: [GC (Allocation Failure) [PSYoungGen: 69472K->1469K(69120K)] 452814K->384811K(737280K), 0.0025982 secs] [Times: user=0.01 sys=0.00, real=0.00 secs] 
3136.224: [GC (Allocation Failure) [PSYoungGen: 69053K->1517K(68608K)] 452395K->384859K(736768K), 0.0019164 secs] [Times: user=0.01 sys=0.00, real=0.00 secs] 
3136.343: [GC (Allocation Failure) [PSYoungGen: 68589K->1501K(68096K)] 451931K->384843K(736256K), 0.0017610 secs] [Times: user=0.01 sys=0.00, real=0.00 secs] 
3136.460: [GC (Allocation Failure) [PSYoungGen: 68061K->1485K(68608K)] 451403K->384843K(736768K), 0.0015946 secs] [Times: user=0.01 sys=0.00, real=0.00 secs] 
3138.614: [GC (Allocation Failure) [PSYoungGen: 68045K->1440K(68608K)] 451403K->384806K(736768K), 0.0038974 secs] [Times: user=0.02 sys=0.00, real=0.00 secs] 
3139.165: [GC (Allocation Failure) [PSYoungGen: 68000K->1408K(68608K)] 451366K->384774K(736768K), 0.0022899 secs] [Times: user=0.01 sys=0.00, real=0.00 secs] 
3139.744: [GC (Allocation Failure) [PSYoungGen: 67968K->1424K(68608K)] 451334K->384798K(736768K), 0.0020623 secs] [Times: user=0.01 sys=0.00, real=0.00 secs] 
3140.787: [GC (Allocation Failure) [PSYoungGen: 67984K->1408K(68608K)] 451358K->384790K(736768K), 0.0033922 secs] [Times: user=0.01 sys=0.00, real=0.01 secs] 
3141.638: [GC (Allocation Failure) [PSYoungGen: 67968K->1469K(68608K)] 451350K->384851K(736768K), 0.0029267 secs] [Times: user=0.01 sys=0.00, real=0.01 secs] 
3141.811: [GC (Allocation Failure) [PSYoungGen: 68029K->1533K(68608K)] 451411K->384915K(736768K), 0.0017308 secs] [Times: user=0.01 sys=0.00, real=0.00 secs] 
3141.928: [GC (Allocation Failure) [PSYoungGen: 68077K->1488K(68608K)] 451459K->384870K(736768K), 0.0015638 secs] [Times: user=0.01 sys=0.00, real=0.01 secs] 
3142.064: [GC (Allocation Failure) [PSYoungGen: 68048K->1501K(68608K)] 451430K->384891K(736768K), 0.0019520 secs] [Times: user=0.01 sys=0.00, real=0.00 secs] 
3142.381: [GC (Allocation Failure) [PSYoungGen: 68061K->1440K(68608K)] 451451K->384830K(736768K), 0.0020613 secs] [Times: user=0.01 sys=0.00, real=0.00 secs] 
3142.658: [GC (Allocation Failure) [PSYoungGen: 68000K->1408K(68608K)] 451390K->384798K(736768K), 0.0020651 secs] [Times: user=0.00 sys=0.01, real=0.01 secs] 
3143.289: [GC (Allocation Failure) [PSYoungGen: 67968K->1440K(68608K)] 451358K->384830K(736768K), 0.0029048 secs] [Times: user=0.01 sys=0.00, real=0.00 secs] 
3144.114: [GC (Allocation Failure) [PSYoungGen: 68000K->1408K(68608K)] 451390K->384798K(736768K), 0.0032105 secs] [Times: user=0.01 sys=0.00, real=0.00 secs] 
3144.845: [GC (Allocation Failure) [PSYoungGen: 67968K->1469K(68608K)] 451358K->384859K(736768K), 0.0028762 secs] [Times: user=0.01 sys=0.00, real=0.00 secs] 
3145.015: [GC (Allocation Failure) [PSYoungGen: 68029K->1517K(68608K)] 451419K->384907K(736768K), 0.0016684 secs] [Times: user=0.00 sys=0.00, real=0.00 secs] 
3145.133: [GC (Allocation Failure) [PSYoungGen: 68077K->1565K(68608K)] 451467K->384955K(736768K), 0.0018193 secs] [Times: user=0.01 sys=0.00, real=0.00 secs] 
3145.250: [GC (Allocation Failure) [PSYoungGen: 68125K->1485K(68608K)] 451515K->384899K(736768K), 0.0017392 secs] [Times: user=0.01 sys=0.00, real=0.00 secs] 
3145.722: [GC (Allocation Failure) [PSYoungGen: 68045K->1440K(68608K)] 451459K->384870K(736768K), 0.0022956 secs] [Times: user=0.01 sys=0.00, real=0.00 secs] 
3146.409: [GC (Allocation Failure) [PSYoungGen: 68000K->1360K(68608K)] 451430K->384790K(736768K), 0.0034954 secs] [Times: user=0.02 sys=0.00, real=0.01 secs] 
3147.179: [GC (Allocation Failure) [PSYoungGen: 67920K->1408K(68608K)] 451350K->384838K(736768K), 0.0027246 secs] [Times: user=0.01 sys=0.00, real=0.00 secs] 
3147.944: [GC (Allocation Failure) [PSYoungGen: 67968K->1424K(68608K)] 451398K->384854K(736768K), 0.0027954 secs] [Times: user=0.01 sys=0.00, real=0.00 secs] 
3148.944: [GC (Allocation Failure) [PSYoungGen: 67984K->1469K(68608K)] 451414K->384899K(736768K), 0.0032931 secs] [Times: user=0.02 sys=0.00, real=0.00 secs] 
3149.144: [GC (Allocation Failure) [PSYoungGen: 68029K->1533K(68608K)] 451459K->384963K(736768K), 0.0020494 secs] [Times: user=0.01 sys=0.00, real=0.00 secs] 
3149.263: [GC (Allocation Failure) [PSYoungGen: 68093K->1485K(68608K)] 451523K->384915K(736768K), 0.0017318 secs] [Times: user=0.01 sys=0.00, real=0.00 secs] 
3149.398: [GC (Allocation Failure) [PSYoungGen: 68045K->1533K(68608K)] 451475K->384979K(736768K), 0.0017988 secs] [Times: user=0.01 sys=0.00, real=0.01 secs] 
3149.839: [GC (Allocation Failure) [PSYoungGen: 68093K->1440K(68608K)] 451539K->384886K(736768K), 0.0025673 secs] [Times: user=0.01 sys=0.00, real=0.01 secs] 
3150.703: [GC (Allocation Failure) [PSYoungGen: 68000K->1376K(68608K)] 451446K->384822K(736768K), 0.0021773 secs] [Times: user=0.01 sys=0.00, real=0.00 secs] 
3150.980: [GC (Allocation Failure) [PSYoungGen: 67936K->1344K(68608K)] 451382K->384790K(736768K), 0.0020134 secs] [Times: user=0.00 sys=0.00, real=0.00 secs] 
3151.326: [GC (Allocation Failure) [PSYoungGen: 67904K->1376K(68608K)] 451350K->384822K(736768K), 0.0020236 secs] [Times: user=0.01 sys=0.00, real=0.00 secs] 
3151.826: [GC (Allocation Failure) [PSYoungGen: 67769K->288K(68608K)] 451215K->383734K(736768K), 0.0021995 secs] [Times: user=0.01 sys=0.00, real=0.00 secs] 
3151.969: [GC (Allocation Failure) [PSYoungGen: 66848K->1501K(68608K)] 450294K->384947K(736768K), 0.0017038 secs] [Times: user=0.01 sys=0.00, real=0.00 secs] 
3152.103: [GC (Allocation Failure) [PSYoungGen: 68054K->1520K(68608K)] 451500K->384966K(736768K), 0.0019807 secs] [Times: user=0.01 sys=0.00, real=0.00 secs] 
3152.259: [GC (Allocation Failure) [PSYoungGen: 68080K->1533K(68608K)] 451526K->384987K(736768K), 0.0021906 secs] [Times: user=0.00 sys=0.00, real=0.00 secs] 
3152.555: [GC (Allocation Failure) [PSYoungGen: 68093K->1984K(68608K)] 451547K->385950K(736768K), 0.0022584 secs] [Times: user=0.01 sys=0.00, real=0.00 secs] 
3152.984: [GC (Allocation Failure) [PSYoungGen: 68544K->1408K(68608K)] 452510K->385374K(736768K), 0.0020939 secs] [Times: user=0.01 sys=0.00, real=0.00 secs] 
3153.261: [GC (Allocation Failure) [PSYoungGen: 67968K->1408K(68608K)] 451934K->385374K(736768K), 0.0020125 secs] [Times: user=0.01 sys=0.00, real=0.00 secs] 
3153.657: [GC (Allocation Failure) [PSYoungGen: 67968K->1408K(68608K)] 451934K->385390K(736768K), 0.0022514 secs] [Times: user=0.01 sys=0.00, real=0.01 secs] 
3153.971: [GC (Allocation Failure) [PSYoungGen: 67968K->1344K(68608K)] 451950K->385326K(736768K), 0.0021292 secs] [Times: user=0.01 sys=0.00, real=0.00 secs] 
3154.153: [GC (Allocation Failure) [PSYoungGen: 67904K->1517K(68608K)] 451886K->385499K(736768K), 0.0017120 secs] [Times: user=0.01 sys=0.00, real=0.00 secs] 
3154.270: [GC (Allocation Failure) [PSYoungGen: 68067K->1485K(68608K)] 452049K->385467K(736768K), 0.0017290 secs] [Times: user=0.01 sys=0.00, real=0.00 secs] 
3154.387: [GC (Allocation Failure) [PSYoungGen: 68045K->1517K(68608K)] 452027K->385523K(736768K), 0.0016781 secs] [Times: user=0.00 sys=0.00, real=0.01 secs] 
3154.504: [GC (Allocation Failure) [PSYoungGen: 68077K->1488K(68608K)] 452083K->385494K(736768K), 0.0015902 secs] [Times: user=0.00 sys=0.00, real=0.00 secs] 
3155.132: [GC (Allocation Failure) [PSYoungGen: 68048K->1408K(68096K)] 452054K->385414K(736256K), 0.0022635 secs] [Times: user=0.01 sys=0.00, real=0.00 secs] 
3155.699: [GC (Allocation Failure) [PSYoungGen: 67968K->1440K(68096K)] 451974K->385446K(736256K), 0.0024719 secs] [Times: user=0.01 sys=0.00, real=0.01 secs] 
3156.360: [GC (Allocation Failure) [PSYoungGen: 68000K->1408K(68096K)] 452006K->385414K(736256K), 0.0022102 secs] [Times: user=0.01 sys=0.00, real=0.00 secs] 
3156.860: [GC (Allocation Failure) [PSYoungGen: 67968K->1392K(68096K)] 451974K->385398K(736256K), 0.0020385 secs] [Times: user=0.01 sys=0.00, real=0.00 secs] 
3157.104: [GC (Allocation Failure) [PSYoungGen: 67952K->1485K(68096K)] 451958K->385491K(736256K), 0.0017060 secs] [Times: user=0.01 sys=0.00, real=0.00 secs] 
3157.221: [GC (Allocation Failure) [PSYoungGen: 68045K->1517K(68096K)] 452051K->385523K(736256K), 0.0018384 secs] [Times: user=0.00 sys=0.00, real=0.00 secs] 
3157.338: [GC (Allocation Failure) [PSYoungGen: 68077K->1485K(68096K)] 452083K->385507K(736256K), 0.0015989 secs] [Times: user=0.01 sys=0.00, real=0.01 secs] 
3157.455: [GC (Allocation Failure) [PSYoungGen: 68045K->1485K(72192K)] 452067K->385507K(740352K), 0.0017737 secs] [Times: user=0.01 sys=0.01, real=0.00 secs] 
3158.231: [GC (Allocation Failure) [PSYoungGen: 71629K->1408K(71168K)] 455651K->385430K(739328K), 0.0024841 secs] [Times: user=0.01 sys=0.00, real=0.00 secs] 
3159.460: [GC (Allocation Failure) [PSYoungGen: 71040K->1408K(70656K)] 455062K->385430K(738816K), 0.0044986 secs] [Times: user=0.02 sys=0.00, real=0.00 secs] 
3160.597: [GC (Allocation Failure) [PSYoungGen: 70528K->1408K(70144K)] 454550K->385430K(738304K), 0.0041793 secs] [Times: user=0.02 sys=0.00, real=0.01 secs] 
3161.435: [GC (Allocation Failure) [PSYoungGen: 70016K->1424K(69632K)] 454038K->385446K(737792K), 0.0035086 secs] [Times: user=0.02 sys=0.00, real=0.00 secs] 
3161.790: [GC (Allocation Failure) [PSYoungGen: 69520K->1517K(69120K)] 453542K->385539K(737280K), 0.0019150 secs] [Times: user=0.01 sys=0.00, real=0.00 secs] 
3161.940: [GC (Allocation Failure) [PSYoungGen: 69101K->1533K(68608K)] 453123K->385555K(736768K), 0.0019941 secs] [Times: user=0.01 sys=0.00, real=0.00 secs] 
3162.099: [GC (Allocation Failure) [PSYoungGen: 68605K->1453K(68096K)] 452627K->385475K(736256K), 0.0016666 secs] [Times: user=0.00 sys=0.00, real=0.00 secs] 
3162.217: [GC (Allocation Failure) [PSYoungGen: 68013K->1488K(68096K)] 452035K->385534K(736256K), 0.0018139 secs] [Times: user=0.01 sys=0.00, real=0.00 secs] 
3163.522: [GC (Allocation Failure) [PSYoungGen: 68048K->1408K(68096K)] 452094K->385454K(736256K), 0.0024319 secs] [Times: user=0.01 sys=0.00, real=0.00 secs] 
3163.844: [GC (Allocation Failure) [PSYoungGen: 67968K->1424K(68096K)] 452014K->385470K(736256K), 0.0021799 secs] [Times: user=0.01 sys=0.00, real=0.00 secs] 
3164.185: [GC (Allocation Failure) [PSYoungGen: 67984K->1392K(68096K)] 452030K->385438K(736256K), 0.0022114 secs] [Times: user=0.01 sys=0.00, real=0.00 secs] 
3164.496: [GC (Allocation Failure) [PSYoungGen: 67952K->1408K(68096K)] 451998K->385454K(736256K), 0.0021194 secs] [Times: user=0.01 sys=0.00, real=0.00 secs] 
3164.715: [GC (Allocation Failure) [PSYoungGen: 67968K->1488K(68096K)] 452014K->385534K(736256K), 0.0015985 secs] [Times: user=0.01 sys=0.00, real=0.00 secs] 
3164.832: [GC (Allocation Failure) [PSYoungGen: 68048K->1517K(68096K)] 452094K->385563K(736256K), 0.0016178 secs] [Times: user=0.01 sys=0.00, real=0.00 secs] 
3164.967: [GC (Allocation Failure) [PSYoungGen: 68077K->1520K(68608K)] 452123K->385566K(736768K), 0.0017620 secs] [Times: user=0.00 sys=0.00, real=0.01 secs] 
3165.090: [GC (Allocation Failure) [PSYoungGen: 68080K->1517K(68608K)] 452126K->385587K(736768K), 0.0016832 secs] [Times: user=0.01 sys=0.00, real=0.00 secs] 
3165.861: [GC (Allocation Failure) [PSYoungGen: 68077K->1440K(68096K)] 452147K->385526K(736256K), 0.0020686 secs] [Times: user=0.01 sys=0.00, real=0.00 secs] 
3166.983: [GC (Allocation Failure) [PSYoungGen: 68000K->1408K(68096K)] 452086K->385494K(736256K), 0.0029088 secs] [Times: user=0.01 sys=0.00, real=0.00 secs] 
3167.854: [GC (Allocation Failure) [PSYoungGen: 67968K->1344K(68096K)] 452054K->385430K(736256K), 0.0027505 secs] [Times: user=0.01 sys=0.00, real=0.00 secs] 
3168.886: [GC (Allocation Failure) [PSYoungGen: 67904K->1408K(68096K)] 451990K->385494K(736256K), 0.0033533 secs] [Times: user=0.01 sys=0.00, real=0.01 secs] 
3169.799: [GC (Allocation Failure) [PSYoungGen: 67968K->1533K(68096K)] 452054K->385619K(736256K), 0.0024216 secs] [Times: user=0.01 sys=0.00, real=0.00 secs] 
3169.988: [GC (Allocation Failure) [PSYoungGen: 68093K->1517K(68096K)] 452179K->385603K(736256K), 0.0026428 secs] [Times: user=0.01 sys=0.00, real=0.01 secs] 
3170.139: [GC (Allocation Failure) [PSYoungGen: 68077K->1517K(68096K)] 452163K->385603K(736256K), 0.0018508 secs] [Times: user=0.01 sys=0.00, real=0.00 secs] 
3170.256: [GC (Allocation Failure) [PSYoungGen: 68077K->1485K(72192K)] 452163K->385603K(740352K), 0.0018683 secs] [Times: user=0.01 sys=0.00, real=0.00 secs] 
3170.814: [GC (Allocation Failure) [PSYoungGen: 71629K->1440K(71168K)] 455747K->385558K(739328K), 0.0036762 secs] [Times: user=0.02 sys=0.00, real=0.00 secs] 
3171.418: [GC (Allocation Failure) [PSYoungGen: 71072K->1408K(70656K)] 455190K->385526K(738816K), 0.0023072 secs] [Times: user=0.01 sys=0.00, real=0.01 secs] 
3172.106: [GC (Allocation Failure) [PSYoungGen: 70528K->1408K(70144K)] 454646K->385526K(738304K), 0.0022136 secs] [Times: user=0.01 sys=0.01, real=0.01 secs] 
3172.817: [GC (Allocation Failure) [PSYoungGen: 70016K->1376K(69632K)] 454134K->385494K(737792K), 0.0036836 secs] [Times: user=0.01 sys=0.00, real=0.01 secs] 
3173.141: [GC (Allocation Failure) [PSYoungGen: 69472K->1517K(69120K)] 453590K->385635K(737280K), 0.0019569 secs] [Times: user=0.01 sys=0.00, real=0.00 secs] 
3173.275: [GC (Allocation Failure) [PSYoungGen: 69101K->1533K(68608K)] 453219K->385651K(736768K), 0.0018085 secs] [Times: user=0.01 sys=0.00, real=0.00 secs] 
3173.393: [GC (Allocation Failure) [PSYoungGen: 68592K->1485K(68096K)] 452710K->385603K(736256K), 0.0017107 secs] [Times: user=0.01 sys=0.00, real=0.00 secs] 
3173.511: [GC (Allocation Failure) [PSYoungGen: 68045K->1501K(71680K)] 452163K->385627K(739840K), 0.0017552 secs] [Times: user=0.01 sys=0.00, real=0.00 secs] 
3174.314: [GC (Allocation Failure) [PSYoungGen: 71133K->1440K(70656K)] 455259K->385566K(738816K), 0.0022880 secs] [Times: user=0.01 sys=0.00, real=0.00 secs] 
3174.917: [GC (Allocation Failure) [PSYoungGen: 70560K->1376K(70144K)] 454686K->385502K(738304K), 0.0025238 secs] [Times: user=0.01 sys=0.00, real=0.01 secs] 
3175.485: [GC (Allocation Failure) [PSYoungGen: 69984K->1376K(69632K)] 454110K->385526K(737792K), 0.0040469 secs] [Times: user=0.02 sys=0.00, real=0.01 secs] 
3176.176: [GC (Allocation Failure) [PSYoungGen: 69472K->1408K(69120K)] 453622K->385558K(737280K), 0.0036070 secs] [Times: user=0.01 sys=0.00, real=0.01 secs] 
3176.453: [GC (Allocation Failure) [PSYoungGen: 68992K->1453K(68608K)] 453142K->385603K(736768K), 0.0016653 secs] [Times: user=0.00 sys=0.00, real=0.00 secs] 
3176.591: [GC (Allocation Failure) [PSYoungGen: 68525K->1488K(68096K)] 452675K->385638K(736256K), 0.0020799 secs] [Times: user=0.01 sys=0.00, real=0.00 secs] 
3176.739: [GC (Allocation Failure) [PSYoungGen: 68048K->1501K(68096K)] 452198K->385651K(736256K), 0.0018492 secs] [Times: user=0.00 sys=0.00, real=0.00 secs] 
3176.899: [GC (Allocation Failure) [PSYoungGen: 68061K->1501K(68096K)] 452211K->385667K(736256K), 0.0018577 secs] [Times: user=0.00 sys=0.00, real=0.00 secs] 
3178.230: [GC (Allocation Failure) [PSYoungGen: 68061K->1408K(68096K)] 452227K->385574K(736256K), 0.0040730 secs] [Times: user=0.01 sys=0.00, real=0.00 secs] 
3179.134: [GC (Allocation Failure) [PSYoungGen: 67968K->1376K(68096K)] 452134K->385542K(736256K), 0.0048334 secs] [Times: user=0.01 sys=0.00, real=0.01 secs] 
3180.295: [GC (Allocation Failure) [PSYoungGen: 67936K->1408K(68096K)] 452102K->385574K(736256K), 0.0031454 secs] [Times: user=0.01 sys=0.00, real=0.00 secs] 
3180.917: [GC (Allocation Failure) [PSYoungGen: 67968K->1440K(68096K)] 452134K->385606K(736256K), 0.0027571 secs] [Times: user=0.01 sys=0.00, real=0.01 secs] 
3181.241: [GC (Allocation Failure) [PSYoungGen: 68000K->1517K(68096K)] 452166K->385683K(736256K), 0.0018022 secs] [Times: user=0.01 sys=0.00, real=0.00 secs] 
3181.361: [GC (Allocation Failure) [PSYoungGen: 68077K->1533K(68096K)] 452243K->385699K(736256K), 0.0018076 secs] [Times: user=0.01 sys=0.00, real=0.00 secs] 
3181.478: [GC (Allocation Failure) [PSYoungGen: 68093K->1501K(68608K)] 452259K->385667K(736768K), 0.0018489 secs] [Times: user=0.01 sys=0.00, real=0.01 secs] 
3181.615: [GC (Allocation Failure) [PSYoungGen: 68061K->1520K(68608K)] 452227K->385710K(736768K), 0.0019173 secs] [Times: user=0.01 sys=0.00, real=0.00 secs] 
3181.899: [GC (Allocation Failure) [PSYoungGen: 68080K->1424K(68096K)] 452270K->385614K(736256K), 0.0021056 secs] [Times: user=0.01 sys=0.01, real=0.00 secs] 
3182.403: [GC (Allocation Failure) [PSYoungGen: 67984K->1408K(68096K)] 452174K->385598K(736256K), 0.0022590 secs] [Times: user=0.01 sys=0.00, real=0.00 secs] 
3182.945: [GC (Allocation Failure) [PSYoungGen: 67968K->1376K(68096K)] 452158K->385566K(736256K), 0.0021320 secs] [Times: user=0.00 sys=0.00, real=0.00 secs] 
3183.496: [GC (Allocation Failure) [PSYoungGen: 67936K->1408K(68096K)] 452126K->385598K(736256K), 0.0022844 secs] [Times: user=0.01 sys=0.00, real=0.00 secs] 
3183.833: [GC (Allocation Failure) [PSYoungGen: 67948K->1517K(68096K)] 452139K->385707K(736256K), 0.0019538 secs] [Times: user=0.01 sys=0.00, real=0.00 secs] 
3183.951: [GC (Allocation Failure) [PSYoungGen: 68077K->1469K(68096K)] 452267K->385659K(736256K), 0.0016414 secs] [Times: user=0.01 sys=0.00, real=0.00 secs] 
3184.068: [GC (Allocation Failure) [PSYoungGen: 68029K->1485K(68096K)] 452219K->385675K(736256K), 0.0016577 secs] [Times: user=0.00 sys=0.00, real=0.01 secs] 
3184.184: [GC (Allocation Failure) [PSYoungGen: 68045K->1565K(72192K)] 452235K->385787K(740352K), 0.0017367 secs] [Times: user=0.01 sys=0.00, real=0.00 secs] 
3187.032: [GC (Allocation Failure) [PSYoungGen: 71709K->2032K(71680K)] 455931K->386606K(739840K), 0.0064318 secs] [Times: user=0.04 sys=0.00, real=0.01 secs] 
3191.283: [GC (Allocation Failure) [PSYoungGen: 71664K->2032K(71168K)] 456238K->393797K(739328K), 0.0119668 secs] [Times: user=0.06 sys=0.00, real=0.01 secs] 
3203.594: [GC (Allocation Failure) [PSYoungGen: 71152K->3552K(65024K)] 462917K->420653K(733184K), 0.0452358 secs] [Times: user=0.22 sys=0.05, real=0.05 secs] 
3210.822: [GC (Allocation Failure) [PSYoungGen: 64992K->14320K(75776K)] 482093K->454333K(743936K), 0.0408815 secs] [Times: user=0.20 sys=0.03, real=0.04 secs] 
3210.996: [GC (Allocation Failure) [PSYoungGen: 75760K->25584K(75776K)] 515773K->483389K(743936K), 0.0634991 secs] [Times: user=0.14 sys=0.23, real=0.07 secs] 
3211.115: [GC (Allocation Failure) [PSYoungGen: 75760K->36832K(87040K)] 533565K->501885K(755200K), 0.0210513 secs] [Times: user=0.10 sys=0.02, real=0.02 secs] 
3211.190: [GC (Allocation Failure) [PSYoungGen: 87008K->46560K(92672K)] 552061K->525765K(760832K), 0.0270772 secs] [Times: user=0.13 sys=0.02, real=0.02 secs] 
3211.266: [GC (Allocation Failure) [PSYoungGen: 92640K->60384K(106496K)] 571845K->547805K(774656K), 0.0201570 secs] [Times: user=0.11 sys=0.00, real=0.02 secs] 
3211.320: [GC (Allocation Failure) [PSYoungGen: 106464K->74208K(113152K)] 593885K->569929K(781312K), 0.0205894 secs] [Times: user=0.10 sys=0.02, real=0.02 secs] 
3211.359: [GC (Allocation Failure) [PSYoungGen: 113120K->90592K(129536K)] 608841K->587829K(797696K), 0.0215304 secs] [Times: user=0.12 sys=0.00, real=0.03 secs] 
3211.408: [GC (Allocation Failure) [PSYoungGen: 129504K->107488K(134656K)] 626741K->606365K(802816K), 0.0306885 secs] [Times: user=0.12 sys=0.05, real=0.04 secs] 
3212.943: [GC (Allocation Failure) [PSYoungGen: 134624K->78912K(154624K)] 633501K->618285K(822784K), 0.0973663 secs] [Times: user=0.46 sys=0.12, real=0.10 secs] 
3213.552: [GC (Allocation Failure) [PSYoungGen: 106048K->43008K(149504K)] 645421K->630909K(817664K), 0.1029677 secs] [Times: user=0.47 sys=0.15, real=0.10 secs] 
3215.606: [GC (Allocation Failure) [PSYoungGen: 75776K->15320K(157184K)] 663677K->633550K(825344K), 0.1355810 secs] [Times: user=0.72 sys=0.08, real=0.14 secs] 
3215.835: [GC (Allocation Failure) [PSYoungGen: 48088K->128K(161280K)] 666318K->633541K(829440K), 0.0237809 secs] [Times: user=0.10 sys=0.03, real=0.03 secs] 
3215.859: [Full GC (Ergonomics) [PSYoungGen: 128K->0K(161280K)] [ParOldGen: 633413K->253309K(671232K)] 633541K->253309K(832512K), [Metaspace: 60132K->60036K(1105920K)], 0.6180026 secs] [Times: user=2.66 sys=0.01, real=0.61 secs] 
3216.899: [GC (Allocation Failure) [PSYoungGen: 39424K->3696K(161280K)] 292733K->257006K(832512K), 0.0033852 secs] [Times: user=0.02 sys=0.00, real=0.01 secs] 
3217.876: [GC (Allocation Failure) [PSYoungGen: 43120K->14240K(157696K)] 296430K->270102K(828928K), 0.0065045 secs] [Times: user=0.03 sys=0.01, real=0.01 secs] 
3217.945: [GC (Allocation Failure) [PSYoungGen: 61856K->22176K(162304K)] 317718K->289978K(833536K), 0.0144906 secs] [Times: user=0.08 sys=0.00, real=0.02 secs] 
3220.011: [GC (Allocation Failure) [PSYoungGen: 69792K->21504K(154112K)] 337594K->309266K(825344K), 0.0364547 secs] [Times: user=0.21 sys=0.00, real=0.03 secs] 
3220.143: [GC (Allocation Failure) [PSYoungGen: 78336K->27104K(159744K)] 366098K->336210K(830976K), 0.0271089 secs] [Times: user=0.15 sys=0.00, real=0.03 secs] 
3220.225: [GC (Allocation Failure) [PSYoungGen: 83936K->30496K(153088K)] 393042K->366570K(824320K), 0.0263431 secs] [Times: user=0.14 sys=0.01, real=0.03 secs] 
3220.306: [GC (GCLocker Initiated GC) [PSYoungGen: 99104K->32704K(158720K)] 435178K->399146K(829952K), 0.0211069 secs] [Times: user=0.12 sys=0.00, real=0.02 secs] 
3220.377: [GC (Allocation Failure) [PSYoungGen: 101312K->33184K(158208K)] 467806K->432382K(829440K), 0.0895150 secs] [Times: user=0.53 sys=0.00, real=0.09 secs] 
3220.513: [GC (Allocation Failure) [PSYoungGen: 115616K->47200K(162816K)] 514814K->479566K(834048K), 0.0297463 secs] [Times: user=0.17 sys=0.00, real=0.03 secs] 
3221.875: [GC (Allocation Failure) [PSYoungGen: 124720K->32064K(171520K)] 557087K->544302K(842752K), 0.0238697 secs] [Times: user=0.14 sys=0.00, real=0.03 secs] 
3222.151: [GC (Allocation Failure) [PSYoungGen: 131392K->4992K(176128K)] 643630K->545202K(847360K), 0.0390804 secs] [Times: user=0.23 sys=0.00, real=0.04 secs] 
3223.003: [GC (Allocation Failure) [PSYoungGen: 104320K->39328K(193536K)] 644530K->582251K(864768K), 0.0218806 secs] [Times: user=0.13 sys=0.00, real=0.02 secs] 
3223.815: [GC (Allocation Failure) [PSYoungGen: 153577K->54752K(194560K)] 696501K->634431K(865792K), 0.0396724 secs] [Times: user=0.22 sys=0.00, real=0.04 secs] 
3223.988: [GC (Allocation Failure) [PSYoungGen: 173536K->60288K(216064K)] 753215K->690459K(887296K), 0.0581660 secs] [Times: user=0.25 sys=0.10, real=0.06 secs] 
3224.046: [Full GC (Ergonomics) [PSYoungGen: 60288K->0K(216064K)] [ParOldGen: 630171K->165598K(626176K)] 690459K->165598K(842240K), [Metaspace: 60055K->60055K(1105920K)], 0.4041916 secs] [Times: user=1.89 sys=0.00, real=0.41 secs] 
3224.916: [GC (Allocation Failure) [PSYoungGen: 136192K->72800K(221696K)] 301790K->238398K(847872K), 0.0738943 secs] [Times: user=0.43 sys=0.00, real=0.08 secs] 
3229.164: [GC (Allocation Failure) [PSYoungGen: 208992K->28128K(246272K)] 374590K->266542K(872448K), 0.0406579 secs] [Times: user=0.23 sys=0.01, real=0.04 secs] 
3231.894: [GC (Allocation Failure) [PSYoungGen: 188384K->54160K(250880K)] 426798K->319846K(877056K), 0.0613190 secs] [Times: user=0.36 sys=0.00, real=0.06 secs] 
3232.104: [GC (Allocation Failure) [PSYoungGen: 214416K->79680K(268800K)] 480102K->394323K(894976K), 0.0353679 secs] [Times: user=0.18 sys=0.04, real=0.04 secs] 
3236.554: [GC (Allocation Failure) [PSYoungGen: 257344K->91552K(278528K)] 571987K->477587K(904704K), 0.0844684 secs] [Times: user=0.50 sys=0.00, real=0.09 secs] 
3241.219: [GC (Allocation Failure) [PSYoungGen: 269216K->34400K(310272K)] 655251K->511963K(936448K), 0.0432871 secs] [Times: user=0.26 sys=0.00, real=0.04 secs] 
3242.445: [GC (Allocation Failure) [PSYoungGen: 234775K->88224K(315392K)] 712338K->598827K(941568K), 0.0431955 secs] [Times: user=0.25 sys=0.00, real=0.04 secs] 
3242.711: [GC (Allocation Failure) [PSYoungGen: 288320K->95776K(346624K)] 798924K->689128K(972800K), 0.0657908 secs] [Times: user=0.27 sys=0.11, real=0.06 secs] 
3242.776: [Full GC (Ergonomics) [PSYoungGen: 95776K->0K(346624K)] [ParOldGen: 593351K->200395K(725504K)] 689128K->200395K(1072128K), [Metaspace: 60060K->60060K(1105920K)], 0.4696975 secs] [Times: user=2.12 sys=0.00, real=0.47 secs] 
3244.716: [GC (Allocation Failure) [PSYoungGen: 228864K->68880K(356352K)] 429259K->269276K(1081856K), 0.0276237 secs] [Times: user=0.16 sys=0.00, real=0.03 secs] 
3247.377: [GC (Allocation Failure) [PSYoungGen: 297744K->97216K(384000K)] 498140K->365336K(1109504K), 0.0606283 secs] [Times: user=0.28 sys=0.08, real=0.06 secs] 
3247.964: [GC (Allocation Failure) [PSYoungGen: 355776K->131616K(391680K)] 623896K->487352K(1117184K), 0.1072274 secs] [Times: user=0.63 sys=0.00, real=0.11 secs] 
3251.144: [GC (Allocation Failure) [PSYoungGen: 390176K->71072K(436736K)] 745912K->558380K(1162240K), 0.1242786 secs] [Times: user=0.68 sys=0.06, real=0.12 secs] 
3251.532: [GC (Allocation Failure) [PSYoungGen: 371104K->144864K(444928K)] 858412K->748073K(1170432K), 0.0571168 secs] [Times: user=0.33 sys=0.00, real=0.06 secs] 
3251.589: [Full GC (Ergonomics) [PSYoungGen: 144864K->0K(444928K)] [ParOldGen: 603209K->210406K(812544K)] 748073K->210406K(1257472K), [Metaspace: 60064K->60064K(1105920K)], 0.4730873 secs] [Times: user=2.19 sys=0.00, real=0.47 secs] 
3254.011: [GC (Allocation Failure) [PSYoungGen: 300032K->88512K(502272K)] 510438K->298918K(1314816K), 0.1875606 secs] [Times: user=1.07 sys=0.04, real=0.19 secs] 
3257.211: [GC (Allocation Failure) [PSYoungGen: 382400K->137632K(490496K)] 592806K->433279K(1303040K), 0.1349288 secs] [Times: user=0.80 sys=0.00, real=0.13 secs] 
3263.193: [GC (Allocation Failure) [PSYoungGen: 431520K->94576K(488448K)] 727167K->519592K(1300992K), 0.1205177 secs] [Times: user=0.70 sys=0.01, real=0.12 secs] 
3265.222: [GC (Allocation Failure) [PSYoungGen: 392560K->134560K(491520K)] 817576K->651164K(1304064K), 0.0475782 secs] [Times: user=0.28 sys=0.00, real=0.05 secs] 
3266.794: [GC (Allocation Failure) [PSYoungGen: 432544K->101936K(493568K)] 949148K->742873K(1306112K), 0.0675392 secs] [Times: user=0.39 sys=0.01, real=0.07 secs] 
3266.862: [Full GC (Ergonomics) [PSYoungGen: 101936K->0K(493568K)] [ParOldGen: 640936K->28052K(694784K)] 742873K->28052K(1188352K), [Metaspace: 60070K->60070K(1105920K)], 0.0434291 secs] [Times: user=0.14 sys=0.00, real=0.04 secs] 
3267.752: [GC (Allocation Failure) [PSYoungGen: 306176K->138112K(496640K)] 334228K->166164K(1191424K), 0.0279562 secs] [Times: user=0.16 sys=0.01, real=0.03 secs] 
3269.854: [GC (Allocation Failure) [PSYoungGen: 444288K->108464K(500224K)] 472340K->265049K(1195008K), 0.0634299 secs] [Times: user=0.38 sys=0.00, real=0.06 secs] 
3271.654: [GC (Allocation Failure) [PSYoungGen: 420272K->138272K(501248K)] 576857K->402305K(1196032K), 0.0779539 secs] [Times: user=0.47 sys=0.00, real=0.08 secs] 
3277.681: [GC (Allocation Failure) [PSYoungGen: 450080K->106352K(496640K)] 714113K->500210K(1191424K), 0.0644619 secs] [Times: user=0.38 sys=0.01, real=0.06 secs] 
3280.485: [GC (Allocation Failure) [PSYoungGen: 421744K->135456K(500736K)] 815602K->633774K(1195520K), 0.0583321 secs] [Times: user=0.34 sys=0.00, real=0.06 secs] 
3280.543: [Full GC (Ergonomics) [PSYoungGen: 135456K->0K(500736K)] [ParOldGen: 498318K->154166K(887808K)] 633774K->154166K(1388544K), [Metaspace: 60082K->60082K(1105920K)], 0.3410531 secs] [Times: user=1.57 sys=0.00, real=0.34 secs] 
3281.975: [GC (Allocation Failure) [PSYoungGen: 315392K->114560K(505344K)] 469558K->268726K(1393152K), 0.0589343 secs] [Times: user=0.27 sys=0.05, real=0.06 secs] 
3284.286: [GC (Allocation Failure) [PSYoungGen: 439680K->140672K(507904K)] 593846K->408383K(1395712K), 0.0581200 secs] [Times: user=0.34 sys=0.00, real=0.06 secs] 
3286.313: [GC (Allocation Failure) [PSYoungGen: 465792K->114848K(506880K)] 733503K->513411K(1394688K), 0.0688772 secs] [Times: user=0.40 sys=0.00, real=0.07 secs] 
3287.254: [GC (Allocation Failure) [PSYoungGen: 444064K->151104K(509440K)] 842627K->662755K(1397248K), 0.0833096 secs] [Times: user=0.50 sys=0.00, real=0.08 secs] 
3295.677: [GC (Allocation Failure) [PSYoungGen: 480320K->106432K(513024K)] 991971K->760571K(1400832K), 0.0736861 secs] [Times: user=0.42 sys=0.02, real=0.08 secs] 
3296.902: [GC (Allocation Failure) [PSYoungGen: 435136K->151968K(480768K)] 1089275K->909799K(1368576K), 0.0674014 secs] [Times: user=0.34 sys=0.06, real=0.07 secs] 
3296.969: [Full GC (Ergonomics) [PSYoungGen: 151968K->0K(480768K)] [ParOldGen: 757831K->183214K(972800K)] 909799K->183214K(1453568K), [Metaspace: 60089K->60089K(1105920K)], 0.4191091 secs] [Times: user=1.94 sys=0.00, real=0.41 secs] 
3298.890: [GC (Allocation Failure) [PSYoungGen: 328704K->111888K(515584K)] 511918K->295103K(1488384K), 0.0524903 secs] [Times: user=0.31 sys=0.00, real=0.05 secs] 
3299.838: [GC (Allocation Failure) [PSYoungGen: 438544K->152640K(479744K)] 621759K->444803K(1452544K), 0.1238601 secs] [Times: user=0.74 sys=0.00, real=0.13 secs] 
3302.750: [GC (Allocation Failure) [PSYoungGen: 479296K->109584K(514048K)] 771459K->545468K(1486848K), 0.1492562 secs] [Times: user=0.88 sys=0.01, real=0.15 secs] 
3303.219: [GC (Allocation Failure) [PSYoungGen: 434192K->184800K(509440K)] 870076K->728908K(1482240K), 0.0557515 secs] [Times: user=0.33 sys=0.00, real=0.05 secs] 
3305.092: [GC (Allocation Failure) [PSYoungGen: 509408K->101216K(422400K)] 1053516K->797052K(1395200K), 0.0961094 secs] [Times: user=0.58 sys=0.00, real=0.09 secs] 
3305.343: [GC (Allocation Failure) [PSYoungGen: 334176K->114912K(465920K)] 1030012K->906393K(1438720K), 0.0588706 secs] [Times: user=0.29 sys=0.07, real=0.06 secs] 
3305.402: [Full GC (Ergonomics) [PSYoungGen: 114912K->0K(465920K)] [ParOldGen: 791481K->180857K(995840K)] 906393K->180857K(1461760K), [Metaspace: 60113K->60113K(1105920K)], 0.4144810 secs] [Times: user=1.89 sys=0.00, real=0.41 secs] 
3308.808: [GC (Allocation Failure) [PSYoungGen: 232960K->84256K(460800K)] 413817K->265113K(1456640K), 0.0337630 secs] [Times: user=0.20 sys=0.00, real=0.04 secs] 
3311.215: [GC (Allocation Failure) [PSYoungGen: 319264K->86880K(464384K)] 500121K->351529K(1460224K), 0.0679791 secs] [Times: user=0.40 sys=0.00, real=0.07 secs] 
3311.443: [GC (Allocation Failure) [PSYoungGen: 321888K->115552K(450560K)] 586537K->461338K(1446400K), 0.0490548 secs] [Times: user=0.29 sys=0.00, real=0.05 secs] 
3313.330: [GC (Allocation Failure) [PSYoungGen: 358752K->63664K(460288K)] 704538K->524891K(1456128K), 0.0686635 secs] [Times: user=0.41 sys=0.00, real=0.07 secs] 
3313.808: [GC (Allocation Failure) [PSYoungGen: 306864K->113344K(463872K)] 768091K->636431K(1459712K), 0.0456462 secs] [Times: user=0.27 sys=0.00, real=0.05 secs] 
3316.139: [GC (Allocation Failure) [PSYoungGen: 377536K->115552K(472576K)] 900623K->743591K(1468416K), 0.0594301 secs] [Times: user=0.35 sys=0.00, real=0.06 secs] 
3318.018: [GC (GCLocker Initiated GC) [PSYoungGen: 379744K->85584K(484864K)] 1007784K->828449K(1480704K), 0.0839343 secs] [Times: user=0.49 sys=0.00, real=0.09 secs] 
3318.299: [GC (Allocation Failure) [PSYoungGen: 376912K->142688K(487424K)] 1119778K->965154K(1483264K), 0.0701296 secs] [Times: user=0.33 sys=0.07, real=0.07 secs] 
3318.369: [Full GC (Ergonomics) [PSYoungGen: 142688K->0K(487424K)] [ParOldGen: 822466K->239150K(1050624K)] 965154K->239150K(1538048K), [Metaspace: 60125K->60125K(1105920K)], 0.5506442 secs] [Times: user=2.57 sys=0.00, real=0.55 secs] 
3321.665: [GC (Allocation Failure) [PSYoungGen: 291328K->81904K(500736K)] 530478K->321055K(1551360K), 0.0558843 secs] [Times: user=0.32 sys=0.00, real=0.06 secs] 
3323.882: [GC (Allocation Failure) [PSYoungGen: 385520K->144896K(449024K)] 624671K->460167K(1499648K), 0.1387891 secs] [Times: user=0.83 sys=0.00, real=0.14 secs] 
3328.164: [GC (Allocation Failure) [PSYoungGen: 448512K->86528K(502272K)] 763783K->546751K(1552896K), 0.1525331 secs] [Times: user=0.91 sys=0.00, real=0.15 secs] 
3328.552: [GC (Allocation Failure) [PSYoungGen: 388608K->147472K(450048K)] 848831K->688409K(1500672K), 0.0529195 secs] [Times: user=0.31 sys=0.00, real=0.05 secs] 
3331.723: [GC (Allocation Failure) [PSYoungGen: 449552K->86672K(501248K)] 990489K->774953K(1551872K), 0.1344006 secs] [Times: user=0.80 sys=0.00, real=0.13 secs] 
3332.947: [GC (Allocation Failure) [PSYoungGen: 386704K->143616K(497664K)] 1074985K->914865K(1548288K), 0.0486369 secs] [Times: user=0.29 sys=0.00, real=0.05 secs] 
3334.482: [GC (Allocation Failure) [PSYoungGen: 443648K->99184K(493568K)] 1214897K->1005594K(1544192K), 0.0882752 secs] [Times: user=0.47 sys=0.06, real=0.09 secs] 
3334.570: [Full GC (Ergonomics) [PSYoungGen: 99184K->0K(493568K)] [ParOldGen: 906409K->52056K(913920K)] 1005594K->52056K(1407488K), [Metaspace: 60136K->60136K(1105920K)], 0.0998470 secs] [Times: user=0.40 sys=0.01, real=0.10 secs] 
3335.261: [GC (GCLocker Initiated GC) [PSYoungGen: 301056K->139472K(496128K)] 353113K->191529K(1410048K), 0.0282158 secs] [Times: user=0.17 sys=0.01, real=0.03 secs] 
3338.446: [GC (Allocation Failure) [PSYoungGen: 440528K->98560K(495616K)] 492588K->280623K(1409536K), 0.1151235 secs] [Times: user=0.69 sys=0.00, real=0.12 secs] 
3339.930: [GC (Allocation Failure) [PSYoungGen: 406272K->152416K(499200K)] 588335K->431080K(1413120K), 0.0498778 secs] [Times: user=0.29 sys=0.00, real=0.05 secs] 
3342.329: [GC (Allocation Failure) [PSYoungGen: 460128K->101216K(502784K)] 738792K->515460K(1416704K), 0.1255443 secs] [Times: user=0.75 sys=0.01, real=0.12 secs] 
3344.422: [GC (Allocation Failure) [PSYoungGen: 409440K->139056K(501248K)] 823684K->651805K(1415168K), 0.0507281 secs] [Times: user=0.30 sys=0.00, real=0.05 secs] 
3346.125: [GC (Allocation Failure) [PSYoungGen: 447280K->104256K(496640K)] 960029K->746605K(1410560K), 0.0683792 secs] [Times: user=0.40 sys=0.01, real=0.07 secs] 
3349.953: [GC (Allocation Failure) [PSYoungGen: 416576K->139424K(500736K)] 1058925K->884138K(1414656K), 0.0518248 secs] [Times: user=0.31 sys=0.00, real=0.05 secs] 
3350.005: [Full GC (Ergonomics) [PSYoungGen: 139424K->0K(500736K)] [ParOldGen: 744714K->165087K(1079808K)] 884138K->165087K(1580544K), [Metaspace: 60138K->60138K(1105920K)], 0.3678257 secs] [Times: user=1.70 sys=0.00, real=0.37 secs] 
3351.527: [GC (Allocation Failure) [PSYoungGen: 312320K->108385K(501248K)] 477407K->273473K(1581056K), 0.0424740 secs] [Times: user=0.25 sys=0.00, real=0.05 secs] 
3353.537: [GC (Allocation Failure) [PSYoungGen: 429409K->144288K(505344K)] 594497K->416367K(1585152K), 0.0545446 secs] [Times: user=0.32 sys=0.00, real=0.06 secs] 
3355.661: [GC (Allocation Failure) [PSYoungGen: 465312K->107424K(509440K)] 737391K->514887K(1589248K), 0.1591283 secs] [Times: user=0.93 sys=0.02, real=0.16 secs] 
3357.643: [GC (Allocation Failure) [PSYoungGen: 434592K->149536K(510464K)] 842055K->661684K(1590272K), 0.0534668 secs] [Times: user=0.32 sys=0.00, real=0.05 secs] 
3360.074: [GC (Allocation Failure) [PSYoungGen: 476704K->111488K(510976K)] 988852K->764092K(1590784K), 0.1794087 secs] [Times: user=1.08 sys=0.00, real=0.18 secs] 
3362.720: [GC (Allocation Failure) [PSYoungGen: 439168K->152704K(480768K)] 1091772K->913889K(1560576K), 0.0544307 secs] [Times: user=0.33 sys=0.00, real=0.05 secs] 
3366.139: [GC (Allocation Failure) [PSYoungGen: 480384K->107168K(513536K)] 1241569K->1012029K(1593344K), 0.0715645 secs] [Times: user=0.42 sys=0.00, real=0.07 secs] 
3366.211: [Full GC (Ergonomics) [PSYoungGen: 107168K->0K(513536K)] [ParOldGen: 904861K->49239K(1028608K)] 1012029K->49239K(1542144K), [Metaspace: 60146K->60146K(1105920K)], 0.0904642 secs] [Times: user=0.37 sys=0.00, real=0.09 secs] 
3367.318: [GC (Allocation Failure) [PSYoungGen: 325120K->150672K(476160K)] 374359K->199912K(1504768K), 0.0301272 secs] [Times: user=0.18 sys=0.00, real=0.03 secs] 
3370.349: [GC (Allocation Failure) [PSYoungGen: 475792K->111136K(513536K)] 525032K->301180K(1542144K), 0.1195467 secs] [Times: user=0.70 sys=0.01, real=0.12 secs] 
3370.843: [GC (Allocation Failure) [PSYoungGen: 420988K->145631K(509440K)] 611032K->442969K(1538048K), 0.0519457 secs] [Times: user=0.31 sys=0.00, real=0.05 secs] 
3373.820: [GC (Allocation Failure) [PSYoungGen: 469727K->109456K(509440K)] 767065K->543562K(1538048K), 0.1600402 secs] [Times: user=0.94 sys=0.01, real=0.16 secs] 
3374.877: [GC (Allocation Failure) [PSYoungGen: 435600K->153712K(480256K)] 869706K->691807K(1508864K), 0.1102176 secs] [Times: user=0.65 sys=0.01, real=0.11 secs] 
3378.680: [GC (Allocation Failure) [PSYoungGen: 475914K->94096K(510464K)] 1014008K->785619K(1539072K), 0.1624044 secs] [Times: user=0.97 sys=0.00, real=0.16 secs] 
3379.223: [GC (Allocation Failure) [PSYoungGen: 415632K->152128K(474112K)] 1107155K->933879K(1502720K), 0.0548564 secs] [Times: user=0.33 sys=0.00, real=0.05 secs] 
3382.616: [GC (Allocation Failure) [PSYoungGen: 473664K->96384K(507904K)] 1255415K->1029631K(1536512K), 0.1696524 secs] [Times: user=0.95 sys=0.06, real=0.17 secs] 
3382.786: [Full GC (Ergonomics) [PSYoungGen: 96384K->0K(507904K)] [ParOldGen: 933247K->71243K(1092096K)] 1029631K->71243K(1600000K), [Metaspace: 60152K->60152K(1105920K)], 0.1803591 secs] [Times: user=0.85 sys=0.00, real=0.18 secs] 
3383.162: [GC (Allocation Failure) [PSYoungGen: 315392K->170496K(486400K)] 386635K->241739K(1578496K), 0.0353939 secs] [Times: user=0.21 sys=0.00, real=0.03 secs] 
3387.986: [GC (Allocation Failure) [PSYoungGen: 485888K->91168K(498176K)] 557131K->316431K(1590272K), 0.1732126 secs] [Times: user=0.96 sys=0.00, real=0.18 secs] 
3388.390: [GC (Allocation Failure) [PSYoungGen: 387616K->144752K(497152K)] 612879K->455556K(1589248K), 0.0527244 secs] [Times: user=0.31 sys=0.00, real=0.05 secs] 
3392.660: [GC (Allocation Failure) [PSYoungGen: 441200K->83456K(497152K)] 752004K->538688K(1589248K), 0.1641671 secs] [Times: user=0.98 sys=0.00, real=0.16 secs] 
3393.792: [GC (Allocation Failure) [PSYoungGen: 379904K->139248K(435712K)] 835136K->674509K(1527808K), 0.0481753 secs] [Times: user=0.28 sys=0.00, real=0.05 secs] 
3396.275: [GC (Allocation Failure) [PSYoungGen: 435696K->96784K(499712K)] 970957K->762421K(1591808K), 0.1145624 secs] [Times: user=0.68 sys=0.00, real=0.12 secs] 
3397.412: [GC (Allocation Failure) [PSYoungGen: 397328K->139424K(496640K)] 1062965K->899449K(1588736K), 0.0498513 secs] [Times: user=0.29 sys=0.00, real=0.05 secs] 
3399.752: [GC (Allocation Failure) [PSYoungGen: 439968K->100000K(499200K)] 1199993K->990433K(1591296K), 0.0638698 secs] [Times: user=0.38 sys=0.00, real=0.06 secs] 
3399.816: [Full GC (Ergonomics) [PSYoungGen: 100000K->0K(499200K)] [ParOldGen: 890433K->30016K(1082880K)] 990433K->30016K(1582080K), [Metaspace: 60163K->60163K(1105920K)], 0.0504331 secs] [Times: user=0.17 sys=0.00, real=0.05 secs] 
3402.186: [GC (Allocation Failure) [PSYoungGen: 307200K->136944K(499200K)] 337216K->166961K(1582080K), 0.0282540 secs] [Times: user=0.17 sys=0.00, real=0.03 secs] 
3403.387: [GC (Allocation Failure) [PSYoungGen: 444144K->106832K(499712K)] 474161K->264385K(1582592K), 0.0627885 secs] [Times: user=0.37 sys=0.00, real=0.07 secs] 
3405.037: [GC (Allocation Failure) [PSYoungGen: 422736K->141696K(502784K)] 580289K->404637K(1585664K), 0.0527094 secs] [Times: user=0.31 sys=0.00, real=0.06 secs] 
3406.607: [GC (Allocation Failure) [PSYoungGen: 457600K->110096K(504832K)] 720541K->505037K(1587712K), 0.0649435 secs] [Times: user=0.39 sys=0.01, real=0.07 secs] 
3409.258: [GC (Allocation Failure) [PSYoungGen: 434192K->144960K(507904K)] 829133K->647977K(1590784K), 0.0532121 secs] [Times: user=0.32 sys=0.00, real=0.06 secs] 
3411.563: [GC (GCLocker Initiated GC) [PSYoungGen: 469056K->111632K(509952K)] 972074K->750275K(1592832K), 0.0706455 secs] [Times: user=0.42 sys=0.00, real=0.07 secs] 
3415.086: [GC (Allocation Failure) [PSYoungGen: 440848K->147888K(511488K)] 1079494K->895738K(1594368K), 0.0547107 secs] [Times: user=0.33 sys=0.00, real=0.06 secs] 
3418.009: [GC (Allocation Failure) [PSYoungGen: 477104K->110080K(513536K)] 1224954K->996234K(1596416K), 0.1683517 secs] [Times: user=1.00 sys=0.00, real=0.16 secs] 
3419.667: [GC (Allocation Failure) [PSYoungGen: 441344K->155040K(486400K)] 1327498K->1148387K(1569280K), 0.0573149 secs] [Times: user=0.32 sys=0.01, real=0.06 secs] 
3419.724: [Full GC (Ergonomics) [PSYoungGen: 155040K->0K(486400K)] [ParOldGen: 993347K->192333K(1279488K)] 1148387K->192333K(1765888K), [Metaspace: 60203K->60203K(1105920K)], 0.4232221 secs] [Times: user=1.92 sys=0.00, real=0.42 secs] 
3423.320: [GC (Allocation Failure) [PSYoungGen: 331264K->111680K(514560K)] 523597K->304013K(1794048K), 0.0963292 secs] [Times: user=0.57 sys=0.00, real=0.09 secs] 
3424.522: [GC (Allocation Failure) [PSYoungGen: 432270K->147824K(510976K)] 624603K->447963K(1790464K), 0.0527446 secs] [Times: user=0.31 sys=0.00, real=0.05 secs] 
3427.909: [GC (Allocation Failure) [PSYoungGen: 474480K->107552K(512000K)] 774619K->546486K(1791488K), 0.1672066 secs] [Times: user=1.00 sys=0.00, real=0.17 secs] 
3428.668: [GC (Allocation Failure) [PSYoungGen: 435232K->156032K(483840K)] 874166K->698587K(1763328K), 0.0526903 secs] [Times: user=0.31 sys=0.01, real=0.06 secs] 
3432.684: [GC (Allocation Failure) [PSYoungGen: 483712K->96832K(509952K)] 1026267K->794827K(1789440K), 0.1729108 secs] [Times: user=1.03 sys=0.00, real=0.17 secs] 
3433.107: [GC (Allocation Failure) [PSYoungGen: 417344K->154720K(475648K)] 1115339K->943644K(1755136K), 0.0567727 secs] [Times: user=0.34 sys=0.00, real=0.06 secs] 
3438.870: [GC (Allocation Failure) [PSYoungGen: 475232K->89888K(505344K)] 1264156K->1032812K(1784832K), 0.1687386 secs] [Times: user=1.01 sys=0.00, real=0.17 secs] 
3439.322: [GC (Allocation Failure) [PSYoungGen: 401696K->151888K(463872K)] 1344620K->1178810K(1743360K), 0.0810118 secs] [Times: user=0.37 sys=0.11, real=0.08 secs] 
3442.669: [GC (Allocation Failure) [PSYoungGen: 463696K->91120K(502784K)] 1490618K->1269797K(1782272K), 0.1915222 secs] [Times: user=0.87 sys=0.27, real=0.19 secs] 
3442.860: [Full GC (Ergonomics) [PSYoungGen: 91120K->0K(502784K)] [ParOldGen: 1178677K->67920K(1197056K)] 1269797K->67920K(1699840K), [Metaspace: 60204K->60204K(1105920K)], 0.1699829 secs] [Times: user=0.77 sys=0.00, real=0.17 secs] 
3444.242: [GC (Allocation Failure) [PSYoungGen: 291481K->138080K(444416K)] 359402K->206000K(1641472K), 0.1030053 secs] [Times: user=0.61 sys=0.00, real=0.10 secs] 
3447.795: [GC (Allocation Failure) [PSYoungGen: 444256K->97568K(502272K)] 512176K->295169K(1699328K), 0.1399791 secs] [Times: user=0.83 sys=0.00, real=0.14 secs] 
3448.848: [GC (Allocation Failure) [PSYoungGen: 405792K->147424K(500224K)] 603393K->438657K(1697280K), 0.0487395 secs] [Times: user=0.28 sys=0.01, real=0.05 secs] 
3451.845: [GC (Allocation Failure) [PSYoungGen: 455648K->97888K(504832K)] 746881K->527782K(1701888K), 0.1695867 secs] [Times: user=1.01 sys=0.00, real=0.17 secs] 
3453.389: [GC (Allocation Failure) [PSYoungGen: 410720K->149280K(462336K)] 840614K->673022K(1659392K), 0.0495732 secs] [Times: user=0.30 sys=0.00, real=0.05 secs] 
3455.879: [GC (Allocation Failure) [PSYoungGen: 462112K->102160K(506880K)] 985854K->766271K(1703936K), 0.1726053 secs] [Times: user=1.03 sys=0.00, real=0.17 secs] 
3458.160: [GC (Allocation Failure) [PSYoungGen: 413968K->145984K(503808K)] 1078079K->908383K(1700864K), 0.0504473 secs] [Times: user=0.30 sys=0.00, real=0.05 secs] 
3459.817: [GC (Allocation Failure) [PSYoungGen: 457792K->104480K(502272K)] 1220191K->1003527K(1699328K), 0.1401694 secs] [Times: user=0.83 sys=0.01, real=0.14 secs] 
3462.394: [GC (Allocation Failure) [PSYoungGen: 417824K->144096K(503808K)] 1316871K->1144500K(1700864K), 0.0522468 secs] [Times: user=0.31 sys=0.00, real=0.05 secs] 
3464.373: [GC (Allocation Failure) [PSYoungGen: 457440K->104928K(503296K)] 1457844K->1240156K(1700352K), 0.1650313 secs] [Times: user=0.98 sys=0.00, real=0.16 secs] 
3464.538: [Full GC (Ergonomics) [PSYoungGen: 104928K->0K(503296K)] [ParOldGen: 1135228K->41645K(1190912K)] 1240156K->41645K(1694208K), [Metaspace: 60205K->60205K(1105920K)], 0.1095533 secs] [Times: user=0.44 sys=0.00, real=0.11 secs] 
3465.872: [GC (Allocation Failure) [PSYoungGen: 316928K->147856K(505344K)] 358573K->189502K(1696256K), 0.0289704 secs] [Times: user=0.17 sys=0.00, real=0.03 secs] 
3468.678: [GC (Allocation Failure) [PSYoungGen: 464784K->103232K(507904K)] 506430K->283442K(1698816K), 0.1616843 secs] [Times: user=0.96 sys=0.00, real=0.17 secs] 
3470.565: [GC (Allocation Failure) [PSYoungGen: 422720K->145888K(507904K)] 602930K->426927K(1698816K), 0.0509894 secs] [Times: user=0.30 sys=0.00, real=0.05 secs] 
3472.886: [GC (Allocation Failure) [PSYoungGen: 465376K->107552K(505856K)] 746415K->525471K(1696768K), 0.1554205 secs] [Times: user=0.92 sys=0.01, real=0.16 secs] 
3474.676: [GC (Allocation Failure) [PSYoungGen: 428064K->148080K(507392K)] 845983K->669673K(1698304K), 0.0519825 secs] [Times: user=0.31 sys=0.00, real=0.05 secs] 
3477.364: [GC (Allocation Failure) [PSYoungGen: 468592K->108256K(508416K)] 990185K->768192K(1699328K), 0.1466460 secs] [Times: user=0.87 sys=0.00, real=0.15 secs] 
3479.173: [GC (Allocation Failure) [PSYoungGen: 430816K->150592K(508928K)] 1090752K->914945K(1699840K), 0.0530579 secs] [Times: user=0.32 sys=0.00, real=0.05 secs] 
3484.129: [GC (Allocation Failure) [PSYoungGen: 473152K->104736K(509952K)] 1237505K->1010953K(1700864K), 0.1691388 secs] [Times: user=1.01 sys=0.00, real=0.16 secs] 
3485.240: [GC (Allocation Failure) [PSYoungGen: 424668K->151200K(473088K)] 1330885K->1158150K(1664000K), 0.0530846 secs] [Times: user=0.31 sys=0.00, real=0.05 secs] 
3485.294: [Full GC (Ergonomics) [PSYoungGen: 151200K->0K(473088K)] [ParOldGen: 1006950K->200390K(1391104K)] 1158150K->200390K(1864192K), [Metaspace: 60205K->60205K(1105920K)], 0.4638956 secs] [Times: user=2.15 sys=0.00, real=0.46 secs] 
3487.630: [GC (Allocation Failure) [PSYoungGen: 321536K->106592K(510976K)] 521926K->306982K(1902080K), 0.0758005 secs] [Times: user=0.45 sys=0.00, real=0.07 secs] 
3488.911: [GC (Allocation Failure) [PSYoungGen: 415322K->144480K(507904K)] 615712K->447218K(1899008K), 0.0497705 secs] [Times: user=0.29 sys=0.00, real=0.05 secs] 
3493.498: [GC (Allocation Failure) [PSYoungGen: 464480K->99232K(509440K)] 767218K->537650K(1900544K), 0.1600673 secs] [Times: user=0.96 sys=0.00, real=0.16 secs] 
3494.416: [GC (Allocation Failure) [PSYoungGen: 417487K->151904K(473600K)] 855906K->685707K(1864704K), 0.0496787 secs] [Times: user=0.29 sys=0.00, real=0.05 secs] 
3498.652: [GC (Allocation Failure) [PSYoungGen: 473440K->103360K(509952K)] 1007243K->780331K(1901056K), 0.1677336 secs] [Times: user=1.00 sys=0.00, real=0.17 secs] 
3499.389: [GC (Allocation Failure) [PSYoungGen: 421682K->148304K(507392K)] 1098654K->924733K(1898496K), 0.0505940 secs] [Times: user=0.30 sys=0.01, real=0.05 secs] 
3502.109: [GC (Allocation Failure) [PSYoungGen: 466768K->105952K(506368K)] 1243197K->1021512K(1897472K), 0.1446086 secs] [Times: user=0.86 sys=0.00, real=0.14 secs] 
3503.115: [GC (Allocation Failure) [PSYoungGen: 414003K->144512K(506880K)] 1329563K->1162569K(1897984K), 0.0515098 secs] [Times: user=0.30 sys=0.01, real=0.05 secs] 
3507.151: [GC (Allocation Failure) [PSYoungGen: 462976K->104512K(506368K)] 1481033K->1258469K(1897472K), 0.1784140 secs] [Times: user=1.07 sys=0.00, real=0.18 secs] 
3508.259: [GC (Allocation Failure) [PSYoungGen: 419988K->146752K(507904K)] 1573946K->1401542K(1899008K), 0.0578572 secs] [Times: user=0.30 sys=0.04, real=0.06 secs] 
3508.317: [Full GC (Ergonomics) [PSYoungGen: 146752K->0K(507904K)] [ParOldGen: 1254790K->200544K(1398272K)] 1401542K->200544K(1906176K), [Metaspace: 60208K->60208K(1105920K)], 0.4480792 secs] [Times: user=2.06 sys=0.00, real=0.45 secs] 
3510.362: [GC (Allocation Failure) [PSYoungGen: 321024K->106464K(508928K)] 521568K->307008K(1907200K), 0.0915877 secs] [Times: user=0.54 sys=0.00, real=0.09 secs] 
3511.675: [GC (Allocation Failure) [PSYoungGen: 420352K->145408K(509440K)] 620896K->447969K(1907712K), 0.1493677 secs] [Times: user=0.84 sys=0.00, real=0.15 secs] 
3517.016: [GC (Allocation Failure) [PSYoungGen: 468480K->102848K(509952K)] 771041K->541753K(1908224K), 0.1607501 secs] [Times: user=0.96 sys=0.00, real=0.16 secs] 
3518.087: [GC (Allocation Failure) [PSYoungGen: 414762K->147872K(510464K)] 853667K->685602K(1908736K), 0.0502341 secs] [Times: user=0.30 sys=0.00, real=0.05 secs] 
3522.161: [GC (Allocation Failure) [PSYoungGen: 472480K->104672K(510464K)] 1010210K->781722K(1908736K), 0.1517995 secs] [Times: user=0.86 sys=0.00, real=0.15 secs] 
3522.907: [GC (Allocation Failure) [PSYoungGen: 419047K->146848K(510464K)] 1096097K->924611K(1908736K), 0.0505471 secs] [Times: user=0.30 sys=0.00, real=0.05 secs] 
3525.838: [GC (Allocation Failure) [PSYoungGen: 471456K->104160K(510976K)] 1249219K->1019859K(1909248K), 0.1734555 secs] [Times: user=1.02 sys=0.01, real=0.18 secs] 
3526.874: [GC (Allocation Failure) [PSYoungGen: 419110K->146880K(510976K)] 1334809K->1163324K(1909248K), 0.0512872 secs] [Times: user=0.30 sys=0.00, real=0.05 secs] 
3530.853: [GC (Allocation Failure) [PSYoungGen: 472000K->103904K(510976K)] 1488444K->1258420K(1909248K), 0.1552659 secs] [Times: user=0.92 sys=0.01, real=0.15 secs] 
3532.257: [GC (Allocation Failure) [PSYoungGen: 420718K->147264K(510976K)] 1575235K->1401929K(1909248K), 0.0523818 secs] [Times: user=0.29 sys=0.00, real=0.06 secs] 
3532.309: [Full GC (Ergonomics) [PSYoungGen: 147264K->0K(510976K)] [ParOldGen: 1254665K->200055K(1398272K)] 1401929K->200055K(1909248K), [Metaspace: 60220K->60220K(1105920K)], 0.4611596 secs] [Times: user=2.08 sys=0.00, real=0.46 secs] 
3534.364: [GC (Allocation Failure) [PSYoungGen: 325120K->107040K(509952K)] 525175K->307095K(1908224K), 0.0991273 secs] [Times: user=0.58 sys=0.00, real=0.10 secs] 
3535.318: [GC (Allocation Failure) [PSYoungGen: 425389K->145440K(510464K)] 625444K->448280K(1908736K), 0.0494764 secs] [Times: user=0.29 sys=0.00, real=0.05 secs] 
3538.678: [GC (Allocation Failure) [PSYoungGen: 470560K->109024K(508928K)] 773400K->547444K(1907200K), 0.1622103 secs] [Times: user=0.96 sys=0.00, real=0.17 secs] 
3539.301: [GC (Allocation Failure) [PSYoungGen: 435680K->153984K(480768K)] 874100K->697635K(1879040K), 0.0527736 secs] [Times: user=0.32 sys=0.00, real=0.05 secs] 
3544.428: [GC (Allocation Failure) [PSYoungGen: 480640K->96832K(510976K)] 1024291K->793723K(1909248K), 0.1586691 secs] [Times: user=0.94 sys=0.00, real=0.16 secs] 
3544.952: [GC (Allocation Failure) [PSYoungGen: 418880K->156912K(479232K)] 1115771K->944439K(1877504K), 0.0559882 secs] [Times: user=0.33 sys=0.00, real=0.05 secs] 
3547.832: [GC (GCLocker Initiated GC) [PSYoungGen: 478960K->95728K(506368K)] 1266487K->1039903K(1904640K), 0.1459993 secs] [Times: user=0.86 sys=0.00, real=0.14 secs] 
3549.640: [GC (Allocation Failure) [PSYoungGen: 408560K->149088K(462336K)] 1352787K->1182609K(1860608K), 0.1528713 secs] [Times: user=0.90 sys=0.00, real=0.15 secs] 
3554.665: [GC (Allocation Failure) [PSYoungGen: 461920K->91008K(504832K)] 1495441K->1273097K(1903104K), 0.1675015 secs] [Times: user=1.00 sys=0.00, real=0.17 secs] 
3555.083: [GC (Allocation Failure) [PSYoungGen: 400768K->150080K(460288K)] 1582857K->1417057K(1858560K), 0.0554560 secs] [Times: user=0.32 sys=0.02, real=0.05 secs] 
3555.138: [Full GC (Ergonomics) [PSYoungGen: 150080K->0K(460288K)] [ParOldGen: 1266977K->212263K(1398272K)] 1417057K->212263K(1858560K), [Metaspace: 60226K->60226K(1105920K)], 0.5105255 secs] [Times: user=2.36 sys=0.00, real=0.51 secs] 
3557.791: [GC (Allocation Failure) [PSYoungGen: 309760K->94992K(503808K)] 522023K->307256K(1902080K), 0.1431224 secs] [Times: user=0.84 sys=0.00, real=0.14 secs] 
3558.206: [GC (Allocation Failure) [PSYoungGen: 401680K->146800K(501760K)] 613944K->447745K(1900032K), 0.0526987 secs] [Times: user=0.31 sys=0.00, real=0.06 secs] 
3561.623: [GC (Allocation Failure) [PSYoungGen: 453488K->90368K(502784K)] 754433K->536985K(1901056K), 0.1462293 secs] [Times: user=0.87 sys=0.00, real=0.15 secs] 
3563.823: [GC (Allocation Failure) [PSYoungGen: 396221K->141344K(502272K)] 842838K->674261K(1900544K), 0.1327620 secs] [Times: user=0.79 sys=0.00, real=0.13 secs] 
3568.077: [GC (Allocation Failure) [PSYoungGen: 448032K->98496K(497664K)] 980949K->764197K(1895936K), 0.1605365 secs] [Times: user=0.96 sys=0.00, real=0.16 secs] 
3569.227: [GC (Allocation Failure) [PSYoungGen: 406208K->155184K(500224K)] 1071909K->915315K(1898496K), 0.0499713 secs] [Times: user=0.30 sys=0.00, real=0.05 secs] 
3574.121: [GC (Allocation Failure) [PSYoungGen: 461478K->95712K(503296K)] 1221609K->994350K(1901568K), 0.1599610 secs] [Times: user=0.94 sys=0.00, real=0.16 secs] 
3576.268: [GC (Allocation Failure) [PSYoungGen: 400864K->150032K(455680K)] 1299502K->1141504K(1853952K), 0.0494888 secs] [Times: user=0.29 sys=0.00, real=0.05 secs] 
3577.663: [GC (Allocation Failure) [PSYoungGen: 455184K->101456K(503296K)] 1446656K->1225804K(1901568K), 0.0676713 secs] [Times: user=0.40 sys=0.00, real=0.07 secs] 
3580.363: [GC (Allocation Failure) [PSYoungGen: 406096K->140160K(444928K)] 1530444K->1363144K(1843200K), 0.0511272 secs] [Times: user=0.30 sys=0.00, real=0.05 secs] 
3580.414: [Full GC (Ergonomics) [PSYoungGen: 140160K->0K(444928K)] [ParOldGen: 1222984K->169732K(1398272K)] 1363144K->169732K(1843200K), [Metaspace: 60229K->60229K(1105920K)], 0.3931748 secs] [Times: user=1.81 sys=0.00, real=0.39 secs] 
3581.912: [GC (Allocation Failure) [PSYoungGen: 304640K->103456K(502784K)] 474372K->273188K(1901056K), 0.0449591 secs] [Times: user=0.27 sys=0.00, real=0.04 secs] 
3585.721: [GC (Allocation Failure) [PSYoungGen: 411680K->136800K(499200K)] 581412K->408010K(1897472K), 0.0542145 secs] [Times: user=0.32 sys=0.00, real=0.05 secs] 
3586.866: [GC (Allocation Failure) [PSYoungGen: 445024K->107264K(503808K)] 716234K->506002K(1902080K), 0.0640506 secs] [Times: user=0.38 sys=0.01, real=0.07 secs] 
3591.054: [GC (Allocation Failure) [PSYoungGen: 424704K->139232K(503296K)] 823442K->643395K(1901568K), 0.0569271 secs] [Times: user=0.34 sys=0.00, real=0.06 secs] 
3592.856: [GC (Allocation Failure) [PSYoungGen: 456672K->111072K(505344K)] 960835K->745139K(1903616K), 0.0649766 secs] [Times: user=0.39 sys=0.00, real=0.07 secs] 
3594.994: [GC (GCLocker Initiated GC) [PSYoungGen: 438240K->145136K(508928K)] 1072307K->888940K(1907200K), 0.0545600 secs] [Times: user=0.31 sys=0.00, real=0.05 secs] 
3596.461: [GC (Allocation Failure) [PSYoungGen: 472304K->113200K(511488K)] 1216111K->993091K(1909760K), 0.0735178 secs] [Times: user=0.43 sys=0.01, real=0.07 secs] 
3599.538: [GC (Allocation Failure) [PSYoungGen: 446000K->151680K(513024K)] 1325891K->1142175K(1911296K), 0.0549945 secs] [Times: user=0.32 sys=0.00, real=0.06 secs] 
3602.128: [GC (Allocation Failure) [PSYoungGen: 484480K->109032K(515584K)] 1474975K->1241816K(1913856K), 0.1682081 secs] [Times: user=1.00 sys=0.00, real=0.17 secs] 
3603.967: [GC (Allocation Failure) [PSYoungGen: 440296K->154544K(485888K)] 1573080K->1393269K(1884160K), 0.0552475 secs] [Times: user=0.33 sys=0.00, real=0.06 secs] 
3604.022: [Full GC (Ergonomics) [PSYoungGen: 154544K->0K(485888K)] [ParOldGen: 1238724K->190982K(1398272K)] 1393269K->190982K(1884160K), [Metaspace: 60354K->60354K(1105920K)], 0.4556912 secs] [Times: user=2.06 sys=0.00, real=0.45 secs] 
3607.658: [GC (Allocation Failure) [PSYoungGen: 331264K->107520K(514048K)] 522246K->298502K(1912320K), 0.0949114 secs] [Times: user=0.57 sys=0.00, real=0.10 secs] 
3608.892: [GC (Allocation Failure) [PSYoungGen: 427944K->150480K(477184K)] 618926K->444739K(1875456K), 0.0514664 secs] [Times: user=0.31 sys=0.00, real=0.05 secs] 
3612.514: [GC (Allocation Failure) [PSYoungGen: 477136K->105696K(513024K)] 771395K->541991K(1911296K), 0.1763947 secs] [Times: user=1.05 sys=0.00, real=0.18 secs] 
3613.737: [GC (Allocation Failure) [PSYoungGen: 415544K->145920K(510464K)] 851839K->683912K(1908736K), 0.0505220 secs] [Times: user=0.29 sys=0.00, real=0.05 secs] 
3616.864: [GC (Allocation Failure) [PSYoungGen: 470528K->107072K(510464K)] 1008520K->781952K(1908736K), 0.1678729 secs] [Times: user=1.00 sys=0.00, real=0.17 secs] 
3617.600: [GC (Allocation Failure) [PSYoungGen: 432704K->155680K(481792K)] 1107584K->934049K(1880064K), 0.0529288 secs] [Times: user=0.31 sys=0.00, real=0.05 secs] 
3620.288: [GC (Allocation Failure) [PSYoungGen: 481312K->99072K(509440K)] 1259681K->1032689K(1907712K), 0.1700514 secs] [Times: user=1.01 sys=0.00, real=0.17 secs] 
3620.782: [GC (Allocation Failure) [PSYoungGen: 418048K->153872K(473088K)] 1351665K->1180454K(1871360K), 0.0577404 secs] [Times: user=0.34 sys=0.00, real=0.06 secs] 
3626.470: [GC (Allocation Failure) [PSYoungGen: 472848K->92000K(505856K)] 1499430K->1272114K(1904128K), 0.1671738 secs] [Times: user=0.99 sys=0.00, real=0.16 secs] 
3626.884: [GC (Allocation Failure) [PSYoungGen: 404832K->149792K(462848K)] 1584946K->1415846K(1861120K), 0.0555420 secs] [Times: user=0.33 sys=0.00, real=0.06 secs] 
3626.940: [Full GC (Ergonomics) [PSYoungGen: 149792K->0K(462848K)] [ParOldGen: 1266054K->213359K(1398272K)] 1415846K->213359K(1861120K), [Metaspace: 60369K->60369K(1105920K)], 0.4841712 secs] [Times: user=2.26 sys=0.00, real=0.48 secs] 
3630.787: [GC (Allocation Failure) [PSYoungGen: 312832K->93360K(504320K)] 526191K->306719K(1902592K), 0.1409721 secs] [Times: user=0.84 sys=0.00, real=0.14 secs] 
3631.244: [GC (Allocation Failure) [PSYoungGen: 402096K->149792K(458752K)] 615455K->450351K(1857024K), 0.0535900 secs] [Times: user=0.32 sys=0.00, real=0.05 secs] 
3636.061: [GC (Allocation Failure) [PSYoungGen: 458528K->89408K(502784K)] 759087K->539439K(1901056K), 0.1574696 secs] [Times: user=0.93 sys=0.00, real=0.15 secs] 
3637.583: [GC (Allocation Failure) [PSYoungGen: 386394K->140640K(446464K)] 836425K->675330K(1844736K), 0.0490032 secs] [Times: user=0.29 sys=0.00, real=0.05 secs] 
3641.049: [GC (Allocation Failure) [PSYoungGen: 446304K->96976K(503808K)] 980994K->763603K(1902080K), 0.1626959 secs] [Times: user=0.96 sys=0.01, real=0.16 secs] 
3642.826: [GC (Allocation Failure) [PSYoungGen: 405200K->147136K(501248K)] 1071827K->906327K(1899520K), 0.0482739 secs] [Times: user=0.28 sys=0.00, real=0.05 secs] 
3645.733: [GC (Allocation Failure) [PSYoungGen: 455360K->97536K(503296K)] 1214551K->995119K(1901568K), 0.1524612 secs] [Times: user=0.91 sys=0.00, real=0.15 secs] 
3647.829: [GC (Allocation Failure) [PSYoungGen: 407808K->143360K(503296K)] 1305391K->1135052K(1901568K), 0.0493524 secs] [Times: user=0.29 sys=0.00, real=0.04 secs] 
3649.980: [GC (Allocation Failure) [PSYoungGen: 453632K->102976K(499712K)] 1445324K->1228796K(1897984K), 0.0726922 secs] [Times: user=0.43 sys=0.00, real=0.07 secs] 
3652.748: [GC (Allocation Failure) [PSYoungGen: 414784K->141664K(502272K)] 1540604K->1367948K(1900544K), 0.0522350 secs] [Times: user=0.31 sys=0.00, real=0.06 secs] 
3652.800: [Full GC (Ergonomics) [PSYoungGen: 141664K->0K(502272K)] [ParOldGen: 1226284K->175105K(1398272K)] 1367948K->175105K(1900544K), [Metaspace: 60378K->60378K(1105920K)], 0.4022817 secs] [Times: user=1.84 sys=0.00, real=0.40 secs] 
3654.251: [GC (Allocation Failure) [PSYoungGen: 311808K->106368K(501760K)] 486913K->281473K(1900032K), 0.0344428 secs] [Times: user=0.19 sys=0.00, real=0.03 secs] 
3656.765: [GC (Allocation Failure) [PSYoungGen: 423808K->150688K(504832K)] 598913K->429722K(1903104K), 0.0535786 secs] [Times: user=0.31 sys=0.01, real=0.05 secs] 
3658.795: [GC (Allocation Failure) [PSYoungGen: 468128K->109792K(507392K)] 747162K->521666K(1905664K), 0.0725446 secs] [Times: user=0.42 sys=0.00, real=0.07 secs] 
3660.758: [GC (Allocation Failure) [PSYoungGen: 429792K->147264K(507392K)] 841666K->666591K(1905664K), 0.0534661 secs] [Times: user=0.31 sys=0.00, real=0.06 secs] 
3663.864: [GC (Allocation Failure) [PSYoungGen: 467264K->103440K(508928K)] 986591K->761307K(1907200K), 0.1148700 secs] [Times: user=0.68 sys=0.00, real=0.12 secs] 
3667.216: [GC (Allocation Failure) [PSYoungGen: 424976K->149248K(471040K)] 1082843K->906864K(1869312K), 0.0516104 secs] [Times: user=0.30 sys=0.00, real=0.05 secs] 
3669.788: [GC (Allocation Failure) [PSYoungGen: 470784K->104480K(511488K)] 1228400K->1002264K(1909760K), 0.1454087 secs] [Times: user=0.87 sys=0.00, real=0.15 secs] 
3671.484: [GC (Allocation Failure) [PSYoungGen: 425504K->149680K(471040K)] 1323288K->1149285K(1869312K), 0.0533459 secs] [Times: user=0.32 sys=0.00, real=0.05 secs] 
3674.643: [GC (Allocation Failure) [PSYoungGen: 470704K->102512K(510464K)] 1470309K->1243037K(1908736K), 0.1620149 secs] [Times: user=0.96 sys=0.01, real=0.16 secs] 
3676.164: [GC (Allocation Failure) [PSYoungGen: 422000K->149824K(469504K)] 1562525K->1389425K(1867776K), 0.0520732 secs] [Times: user=0.31 sys=0.00, real=0.05 secs] 
3676.216: [Full GC (Ergonomics) [PSYoungGen: 149824K->0K(469504K)] [ParOldGen: 1239601K->188093K(1398272K)] 1389425K->188093K(1867776K), [Metaspace: 60381K->60381K(1105920K)], 0.4368028 secs] [Times: user=1.91 sys=0.00, real=0.44 secs] 
3678.988: [GC (Allocation Failure) [PSYoungGen: 319488K->104976K(509952K)] 507581K->293078K(1908224K), 0.0930080 secs] [Times: user=0.55 sys=0.00, real=0.10 secs] 
3680.273: [GC (Allocation Failure) [PSYoungGen: 423440K->149808K(468480K)] 611542K->438995K(1866752K), 0.0519226 secs] [Times: user=0.31 sys=0.00, real=0.05 secs] 
3682.906: [GC (Allocation Failure) [PSYoungGen: 468272K->105408K(509952K)] 757459K->535398K(1908224K), 0.1699963 secs] [Times: user=1.01 sys=0.00, real=0.17 secs] 
3684.788: [GC (GCLocker Initiated GC) [PSYoungGen: 423360K->148368K(506880K)] 853350K->680032K(1905152K), 0.0515831 secs] [Times: user=0.31 sys=0.00, real=0.06 secs] 
3688.172: [GC (Allocation Failure) [PSYoungGen: 466320K->102976K(507392K)] 997987K->774206K(1905664K), 0.1654465 secs] [Times: user=0.99 sys=0.00, real=0.16 secs] 
3689.500: [GC (Allocation Failure) [PSYoungGen: 421440K->151936K(470528K)] 1092670K->921811K(1868800K), 0.0515026 secs] [Times: user=0.30 sys=0.00, real=0.05 secs] 
3693.162: [GC (Allocation Failure) [PSYoungGen: 470400K->101504K(508416K)] 1240275K->1014547K(1906688K), 0.1619027 secs] [Times: user=0.96 sys=0.01, real=0.16 secs] 
3694.338: [GC (Allocation Failure) [PSYoungGen: 417408K->149504K(465920K)] 1330451K->1159996K(1864192K), 0.0506280 secs] [Times: user=0.30 sys=0.00, real=0.05 secs] 
3697.542: [GC (Allocation Failure) [PSYoungGen: 465408K->101744K(507904K)] 1475900K->1252713K(1906176K), 0.1707528 secs] [Times: user=1.02 sys=0.00, real=0.17 secs] 
3699.078: [GC (Allocation Failure) [PSYoungGen: 416624K->148224K(505856K)] 1567593K->1397221K(1904128K), 0.0513491 secs] [Times: user=0.30 sys=0.00, real=0.06 secs] 
3699.130: [Full GC (Ergonomics) [PSYoungGen: 148224K->0K(505856K)] [ParOldGen: 1248997K->195692K(1398272K)] 1397221K->195692K(1904128K), [Metaspace: 60394K->60394K(1105920K)], 0.4553936 secs] [Times: user=2.11 sys=0.00, real=0.45 secs] 
3704.024: [GC (Allocation Failure) [PSYoungGen: 314880K->99008K(506368K)] 510572K->294700K(1904640K), 0.0979017 secs] [Times: user=0.57 sys=0.00, real=0.10 secs] 
3705.565: [GC (Allocation Failure) [PSYoungGen: 413376K->150096K(464896K)] 609068K->440698K(1863168K), 0.0488330 secs] [Times: user=0.29 sys=0.00, real=0.05 secs] 
3707.647: [GC (GCLocker Initiated GC) [PSYoungGen: 464464K->103376K(507392K)] 755066K->535546K(1905664K), 0.1693211 secs] [Times: user=1.00 sys=0.01, real=0.17 secs] 
3708.934: [GC (Allocation Failure) [PSYoungGen: 416720K->148144K(504832K)] 848893K->679929K(1903104K), 0.0532494 secs] [Times: user=0.32 sys=0.00, real=0.05 secs] 
3712.297: [GC (Allocation Failure) [PSYoungGen: 461488K->101680K(504320K)] 993273K->772889K(1902592K), 0.1515783 secs] [Times: user=0.90 sys=0.01, real=0.16 secs] 
3713.432: [GC (Allocation Failure) [PSYoungGen: 415536K->147456K(504832K)] 1086745K->916589K(1903104K), 0.0513051 secs] [Times: user=0.30 sys=0.00, real=0.05 secs] 
3715.770: [GC (Allocation Failure) [PSYoungGen: 461312K->105056K(503808K)] 1230445K->1012638K(1902080K), 0.1194696 secs] [Times: user=0.71 sys=0.01, real=0.12 secs] 
3717.154: [GC (Allocation Failure) [PSYoungGen: 419936K->148256K(504832K)] 1327518K->1157106K(1903104K), 0.0523202 secs] [Times: user=0.31 sys=0.00, real=0.05 secs] 
3721.339: [GC (Allocation Failure) [PSYoungGen: 463136K->99440K(506880K)] 1471986K->1247763K(1905152K), 0.1744665 secs] [Times: user=1.04 sys=0.00, real=0.17 secs] 
3722.787: [GC (Allocation Failure) [PSYoungGen: 415344K->149520K(465920K)] 1563667K->1393372K(1864192K), 0.0510336 secs] [Times: user=0.30 sys=0.01, real=0.05 secs] 
3722.838: [Full GC (Ergonomics) [PSYoungGen: 149520K->0K(465920K)] [ParOldGen: 1243851K->192565K(1398272K)] 1393372K->192565K(1864192K), [Metaspace: 60395K->60395K(1105920K)], 0.4521474 secs] [Times: user=2.09 sys=0.00, real=0.46 secs] 
3726.157: [GC (Allocation Failure) [PSYoungGen: 315904K->102944K(508416K)] 508469K->295509K(1906688K), 0.1013271 secs] [Times: user=0.60 sys=0.00, real=0.10 secs] 
3728.259: [GC (Allocation Failure) [PSYoungGen: 418336K->146176K(505856K)] 610901K->437738K(1904128K), 0.0501259 secs] [Times: user=0.30 sys=0.00, real=0.05 secs] 
3730.666: [GC (Allocation Failure) [PSYoungGen: 461568K->105184K(504832K)] 753130K->534014K(1903104K), 0.1274377 secs] [Times: user=0.76 sys=0.00, real=0.13 secs] 
3731.969: [GC (Allocation Failure) [PSYoungGen: 421600K->148064K(505856K)] 850430K->678699K(1904128K), 0.0518492 secs] [Times: user=0.31 sys=0.00, real=0.05 secs] 
3734.644: [GC (Allocation Failure) [PSYoungGen: 464480K->102768K(506368K)] 995115K->772459K(1904640K), 0.1703919 secs] [Times: user=1.00 sys=0.01, real=0.17 secs] 
3736.673: [GC (Allocation Failure) [PSYoungGen: 420720K->148096K(506880K)] 1090411K->916423K(1905152K), 0.0507740 secs] [Times: user=0.30 sys=0.00, real=0.05 secs] 
3738.502: [GC (Allocation Failure) [PSYoungGen: 466048K->106624K(506368K)] 1234375K->1013376K(1904640K), 0.1696031 secs] [Times: user=1.00 sys=0.01, real=0.17 secs] 
3740.493: [GC (Allocation Failure) [PSYoungGen: 425088K->157120K(475648K)] 1331840K->1166215K(1873920K), 0.0527668 secs] [Times: user=0.31 sys=0.00, real=0.05 secs] 
3744.572: [GC (Allocation Failure) [PSYoungGen: 475584K->99744K(506368K)] 1484679K->1248775K(1904640K), 0.1642016 secs] [Times: user=0.98 sys=0.00, real=0.16 secs] 
3745.888: [GC (Allocation Failure) [PSYoungGen: 412064K->148464K(504832K)] 1561095K->1393452K(1903104K), 0.0505829 secs] [Times: user=0.30 sys=0.00, real=0.06 secs] 
3745.939: [Full GC (Ergonomics) [PSYoungGen: 148464K->0K(504832K)] [ParOldGen: 1244988K->191632K(1398272K)] 1393452K->191632K(1903104K), [Metaspace: 60396K->60396K(1105920K)], 0.4298181 secs] [Times: user=1.97 sys=0.00, real=0.43 secs] 
3749.931: [GC (Allocation Failure) [PSYoungGen: 312320K->100080K(503808K)] 503952K->291712K(1902080K), 0.0976375 secs] [Times: user=0.57 sys=0.00, real=0.09 secs] 
3751.861: [GC (Allocation Failure) [PSYoungGen: 412400K->147296K(504320K)] 604032K->434863K(1902592K), 0.0494088 secs] [Times: user=0.29 sys=0.01, real=0.05 secs] 
3754.177: [GC (Allocation Failure) [PSYoungGen: 459616K->101776K(503808K)] 747183K->527692K(1902080K), 0.1746816 secs] [Times: user=1.04 sys=0.00, real=0.18 secs] 
3756.341: [GC (Allocation Failure) [PSYoungGen: 414608K->147744K(504320K)] 840524K->671248K(1902592K), 0.0505140 secs] [Times: user=0.30 sys=0.00, real=0.05 secs] 
3759.528: [GC (Allocation Failure) [PSYoungGen: 459104K->102448K(504320K)] 982608K->764713K(1902592K), 0.1774370 secs] [Times: user=1.05 sys=0.00, real=0.18 secs] 
3762.246: [GC (Allocation Failure) [PSYoungGen: 416304K->142976K(504832K)] 1078569K->904725K(1903104K), 0.0513956 secs] [Times: user=0.31 sys=0.00, real=0.05 secs] 
3764.493: [GC (Allocation Failure) [PSYoungGen: 456832K->101856K(503808K)] 1218581K->997441K(1902080K), 0.1640703 secs] [Times: user=0.98 sys=0.01, real=0.16 secs] 
3766.367: [GC (Allocation Failure) [PSYoungGen: 418784K->145712K(505856K)] 1314369K->1140342K(1904128K), 0.0522277 secs] [Times: user=0.31 sys=0.00, real=0.06 secs] 
3768.754: [GC (Allocation Failure) [PSYoungGen: 462640K->106640K(505344K)] 1457270K->1237070K(1903616K), 0.0675067 secs] [Times: user=0.36 sys=0.00, real=0.07 secs] 
3770.264: [GC (Allocation Failure) [PSYoungGen: 426128K->148960K(506880K)] 1556558K->1383846K(1905152K), 0.0542795 secs] [Times: user=0.32 sys=0.00, real=0.05 secs] 
3770.318: [Full GC (Ergonomics) [PSYoungGen: 148960K->0K(506880K)] [ParOldGen: 1234886K->182964K(1398272K)] 1383846K->182964K(1905152K), [Metaspace: 60397K->60397K(1105920K)], 0.4191008 secs] [Times: user=1.92 sys=0.01, real=0.42 secs] 
3773.680: [GC (Allocation Failure) [PSYoungGen: 319488K->102720K(508928K)] 502452K->285684K(1907200K), 0.0444231 secs] [Times: user=0.27 sys=0.00, real=0.04 secs] 
3775.164: [GC (Allocation Failure) [PSYoungGen: 423232K->147200K(508416K)] 606196K->430417K(1906688K), 0.0515712 secs] [Times: user=0.30 sys=0.00, real=0.05 secs] 
3777.524: [GC (Allocation Failure) [PSYoungGen: 467712K->108000K(506880K)] 750929K->528633K(1905152K), 0.1797446 secs] [Times: user=1.07 sys=0.00, real=0.18 secs] 
3779.946: [GC (Allocation Failure) [PSYoungGen: 429024K->150480K(507904K)] 849657K->675406K(1906176K), 0.0529886 secs] [Times: user=0.32 sys=0.00, real=0.06 secs] 
3783.198: [GC (Allocation Failure) [PSYoungGen: 471504K->101344K(509952K)] 996430K->767754K(1908224K), 0.1615966 secs] [Times: user=0.96 sys=0.00, real=0.17 secs] 
3784.351: [GC (Allocation Failure) [PSYoungGen: 421344K->153344K(473600K)] 1087754K->917123K(1871872K), 0.0511714 secs] [Times: user=0.31 sys=0.00, real=0.05 secs] 
3787.775: [GC (Allocation Failure) [PSYoungGen: 473344K->103488K(508416K)] 1237123K->1011807K(1906688K), 0.1653334 secs] [Times: user=0.98 sys=0.01, real=0.17 secs] 
3789.374: [GC (Allocation Failure) [PSYoungGen: 419392K->150912K(466944K)] 1327711K->1158552K(1865216K), 0.0507588 secs] [Times: user=0.30 sys=0.00, real=0.05 secs] 
3792.644: [GC (Allocation Failure) [PSYoungGen: 466816K->101248K(507392K)] 1474456K->1250988K(1905664K), 0.1614435 secs] [Times: user=0.96 sys=0.00, real=0.16 secs] 
3793.534: [GC (Allocation Failure) [PSYoungGen: 415104K->150336K(464384K)] 1564844K->1397541K(1862656K), 0.0509212 secs] [Times: user=0.30 sys=0.00, real=0.05 secs] 
3793.585: [Full GC (Ergonomics) [PSYoungGen: 150336K->0K(464384K)] [ParOldGen: 1247205K->197067K(1398272K)] 1397541K->197067K(1862656K), [Metaspace: 60397K->60397K(1105920K)], 0.4642898 secs] [Times: user=2.14 sys=0.00, real=0.47 secs] 
3796.972: [GC (Allocation Failure) [PSYoungGen: 313856K->101056K(506880K)] 510923K->298123K(1905152K), 0.0948891 secs] [Times: user=0.56 sys=0.00, real=0.09 secs] 
3798.130: [GC (Allocation Failure) [PSYoungGen: 413888K->145312K(504832K)] 610955K->439808K(1903104K), 0.0491190 secs] [Times: user=0.29 sys=0.00, real=0.05 secs] 
3800.507: [GC (Allocation Failure) [PSYoungGen: 458144K->103408K(502784K)] 752640K->533805K(1901056K), 0.1682267 secs] [Times: user=0.99 sys=0.01, real=0.17 secs] 
3801.611: [GC (Allocation Failure) [PSYoungGen: 417264K->148736K(504320K)] 847661K->678801K(1902592K), 0.0508429 secs] [Times: user=0.30 sys=0.00, real=0.05 secs] 
3806.127: [GC (Allocation Failure) [PSYoungGen: 462592K->101808K(506368K)] 992657K->771626K(1904640K), 0.1681531 secs] [Times: user=1.00 sys=0.00, real=0.17 secs] 
3808.548: [GC (Allocation Failure) [PSYoungGen: 417712K->149168K(465408K)] 1087530K->916083K(1863680K), 0.0507570 secs] [Times: user=0.30 sys=0.00, real=0.06 secs] 
3811.033: [GC (Allocation Failure) [PSYoungGen: 465072K->102656K(508416K)] 1231987K->1009694K(1906688K), 0.1667418 secs] [Times: user=0.99 sys=0.00, real=0.17 secs] 
3814.119: [GC (Allocation Failure) [PSYoungGen: 418048K->147040K(505856K)] 1325086K->1152243K(1904128K), 0.0511765 secs] [Times: user=0.30 sys=0.00, real=0.05 secs] 
3816.727: [GC (Allocation Failure) [PSYoungGen: 462432K->103904K(504320K)] 1467635K->1246875K(1902592K), 0.1709648 secs] [Times: user=1.01 sys=0.01, real=0.17 secs] 
3818.724: [GC (Allocation Failure) [PSYoungGen: 419808K->146944K(505344K)] 1562779K->1390240K(1903616K), 0.0522867 secs] [Times: user=0.31 sys=0.00, real=0.05 secs] 
3818.776: [Full GC (Ergonomics) [PSYoungGen: 146944K->0K(505344K)] [ParOldGen: 1243296K->189406K(1398272K)] 1390240K->189406K(1903616K), [Metaspace: 60415K->60415K(1105920K)], 0.4390224 secs] [Times: user=2.02 sys=0.00, real=0.44 secs] 
3822.467: [GC (Allocation Failure) [PSYoungGen: 315904K->99808K(507392K)] 505310K->289215K(1905664K), 0.0981872 secs] [Times: user=0.58 sys=0.00, real=0.10 secs] 
3824.701: [GC (Allocation Failure) [PSYoungGen: 417760K->148880K(466944K)] 607167K->433916K(1865216K), 0.0500564 secs] [Times: user=0.30 sys=0.00, real=0.05 secs] 
3827.951: [GC (Allocation Failure) [PSYoungGen: 466832K->102976K(508928K)] 751868K->528031K(1907200K), 0.1533120 secs] [Times: user=0.91 sys=0.00, real=0.15 secs] 
3830.560: [GC (Allocation Failure) [PSYoungGen: 419904K->147376K(506880K)] 844959K->671517K(1905152K), 0.0512277 secs] [Times: user=0.30 sys=0.00, real=0.05 secs] 
3832.421: [GC (Allocation Failure) [PSYoungGen: 464304K->104928K(504832K)] 988445K->767508K(1903104K), 0.1414840 secs] [Times: user=0.84 sys=0.00, real=0.14 secs] 
3833.515: [GC (Allocation Failure) [PSYoungGen: 421856K->148000K(505856K)] 1084436K->911809K(1904128K), 0.0520118 secs] [Times: user=0.30 sys=0.00, real=0.05 secs] 
3837.310: [GC (Allocation Failure) [PSYoungGen: 464928K->103872K(507392K)] 1228737K->1005897K(1905664K), 0.1456215 secs] [Times: user=0.86 sys=0.00, real=0.14 secs] 
3839.601: [GC (Allocation Failure) [PSYoungGen: 422336K->150528K(469504K)] 1324361K->1152246K(1867776K), 0.0521230 secs] [Times: user=0.30 sys=0.00, real=0.05 secs] 
3842.678: [GC (Allocation Failure) [PSYoungGen: 468992K->99600K(508928K)] 1470710K->1243067K(1907200K), 0.1531361 secs] [Times: user=0.91 sys=0.00, real=0.16 secs] 
3843.652: [GC (Allocation Failure) [PSYoungGen: 416528K->150560K(467968K)] 1559995K->1389850K(1866240K), 0.0509919 secs] [Times: user=0.30 sys=0.00, real=0.05 secs] 
3843.703: [Full GC (Ergonomics) [PSYoungGen: 150560K->0K(467968K)] [ParOldGen: 1239290K->189598K(1398272K)] 1389850K->189598K(1866240K), [Metaspace: 60418K->60418K(1105920K)], 0.4345778 secs] [Times: user=1.99 sys=0.00, real=0.43 secs] 
3848.105: [GC (Allocation Failure) [PSYoungGen: 316928K->104448K(508416K)] 506526K->294046K(1906688K), 0.0920170 secs] [Times: user=0.54 sys=0.00, real=0.09 secs] 
3850.096: [GC (Allocation Failure) [PSYoungGen: 419328K->148704K(505344K)] 608926K->438899K(1903616K), 0.0514069 secs] [Times: user=0.31 sys=0.00, real=0.05 secs] 
3853.950: [GC (Allocation Failure) [PSYoungGen: 463584K->100672K(506368K)] 753779K->530811K(1904640K), 0.1562954 secs] [Times: user=0.93 sys=0.00, real=0.15 secs] 
3856.563: [GC (Allocation Failure) [PSYoungGen: 415552K->147968K(505856K)] 845691K->674632K(1904128K), 0.0504140 secs] [Times: user=0.30 sys=0.00, real=0.05 secs] 
3859.248: [GC (Allocation Failure) [PSYoungGen: 462848K->104048K(503808K)] 989512K->769729K(1902080K), 0.1671708 secs] [Times: user=1.00 sys=0.00, real=0.17 secs] 
3860.520: [GC (Allocation Failure) [PSYoungGen: 418928K->149152K(504832K)] 1084609K->915345K(1903104K), 0.0525545 secs] [Times: user=0.31 sys=0.00, real=0.05 secs] 
3863.210: [GC (Allocation Failure) [PSYoungGen: 464032K->102368K(506880K)] 1230225K->1008901K(1905152K), 0.1471379 secs] [Times: user=0.88 sys=0.00, real=0.14 secs] 
3865.384: [GC (Allocation Failure) [PSYoungGen: 418272K->148736K(464896K)] 1324805K->1153474K(1863168K), 0.0512976 secs] [Times: user=0.30 sys=0.01, real=0.05 secs] 
3868.352: [GC (Allocation Failure) [PSYoungGen: 464640K->104016K(508928K)] 1469378K->1248479K(1907200K), 0.1673306 secs] [Times: user=1.00 sys=0.00, real=0.17 secs] 
3869.537: [GC (Allocation Failure) [PSYoungGen: 419920K->147840K(505856K)] 1564383K->1392403K(1904128K), 0.0528037 secs] [Times: user=0.32 sys=0.00, real=0.06 secs] 
3869.590: [Full GC (Ergonomics) [PSYoungGen: 147840K->0K(505856K)] [ParOldGen: 1244563K->189902K(1398272K)] 1392403K->189902K(1904128K), [Metaspace: 60431K->60431K(1105920K)], 0.4439046 secs] [Times: user=2.06 sys=0.00, real=0.44 secs] 
3873.123: [GC (Allocation Failure) [PSYoungGen: 315904K->104832K(505856K)] 505806K->294734K(1904128K), 0.0850581 secs] [Times: user=0.50 sys=0.01, real=0.08 secs] 
3874.062: [GC (Allocation Failure) [PSYoungGen: 421760K->148576K(506368K)] 611662K->439795K(1904640K), 0.0514917 secs] [Times: user=0.30 sys=0.00, real=0.05 secs] 
3877.136: [GC (Allocation Failure) [PSYoungGen: 465504K->103376K(506880K)] 756723K->534080K(1905152K), 0.1618496 secs] [Times: user=0.96 sys=0.00, real=0.16 secs] 
3878.110: [GC (Allocation Failure) [PSYoungGen: 420816K->149376K(506880K)] 851520K->679564K(1905152K), 0.0519774 secs] [Times: user=0.30 sys=0.00, real=0.05 secs] 
3880.948: [GC (Allocation Failure) [PSYoungGen: 466816K->104416K(506880K)] 997004K->774920K(1905152K), 0.1550806 secs] [Times: user=0.91 sys=0.01, real=0.16 secs] 
3882.369: [GC (Allocation Failure) [PSYoungGen: 421856K->150160K(467968K)] 1092360K->920714K(1866240K), 0.0510137 secs] [Times: user=0.30 sys=0.00, real=0.05 secs] 
3884.802: [GC (Allocation Failure) [PSYoungGen: 467600K->104768K(508928K)] 1238154K->1016269K(1907200K), 0.1619804 secs] [Times: user=0.96 sys=0.00, real=0.16 secs] 
3886.087: [GC (Allocation Failure) [PSYoungGen: 421184K->148624K(506368K)] 1332685K->1160783K(1904640K), 0.0513988 secs] [Times: user=0.31 sys=0.00, real=0.05 secs] 
3888.434: [GC (Allocation Failure) [PSYoungGen: 465040K->105984K(505856K)] 1477199K->1257390K(1904128K), 0.1527824 secs] [Times: user=0.91 sys=0.01, real=0.15 secs] 
3889.346: [GC (Allocation Failure) [PSYoungGen: 421027K->146080K(506368K)] 1572434K->1399563K(1904640K), 0.0513457 secs] [Times: user=0.31 sys=0.00, real=0.05 secs] 
3889.397: [Full GC (Ergonomics) [PSYoungGen: 146080K->0K(506368K)] [ParOldGen: 1253483K->198307K(1398272K)] 1399563K->198307K(1904640K), [Metaspace: 60431K->60431K(1105920K)], 0.4689036 secs] [Times: user=2.17 sys=0.00, real=0.47 secs] 
3893.390: [GC (Allocation Failure) [PSYoungGen: 316928K->103712K(506368K)] 515235K->302019K(1904640K), 0.0535423 secs] [Times: user=0.31 sys=0.00, real=0.05 secs] 
3894.077: [GC (Allocation Failure) [PSYoungGen: 418731K->147632K(507392K)] 617038K->446049K(1905664K), 0.0496077 secs] [Times: user=0.30 sys=0.00, real=0.05 secs] 
3898.915: [GC (Allocation Failure) [PSYoungGen: 466608K->101152K(508416K)] 765025K->537928K(1906688K), 0.1711092 secs] [Times: user=1.02 sys=0.01, real=0.17 secs] 
3900.512: [GC (Allocation Failure) [PSYoungGen: 421152K->151040K(471552K)] 857928K->684629K(1869824K), 0.0504018 secs] [Times: user=0.30 sys=0.00, real=0.05 secs] 
3903.691: [GC (Allocation Failure) [PSYoungGen: 471040K->103280K(509440K)] 1004629K->778822K(1907712K), 0.1468352 secs] [Times: user=0.87 sys=0.00, real=0.14 secs] 
3904.717: [GC (Allocation Failure) [PSYoungGen: 418157K->148560K(506880K)] 1093698K->922994K(1905152K), 0.0500920 secs] [Times: user=0.30 sys=0.00, real=0.05 secs] 
3908.800: [GC (Allocation Failure) [PSYoungGen: 466000K->102528K(506880K)] 1240434K->1016562K(1905152K), 0.1610469 secs] [Times: user=0.95 sys=0.00, real=0.16 secs] 
3910.296: [GC (Allocation Failure) [PSYoungGen: 416760K->148144K(506880K)] 1330794K->1160823K(1905152K), 0.0510715 secs] [Times: user=0.30 sys=0.00, real=0.05 secs] 
3912.911: [GC (Allocation Failure) [PSYoungGen: 465584K->103520K(506880K)] 1478263K->1255839K(1905152K), 0.1677340 secs] [Times: user=1.00 sys=0.00, real=0.16 secs] 
3913.953: [GC (Allocation Failure) [PSYoungGen: 416730K->148064K(506880K)] 1569049K->1399943K(1905152K), 0.0516256 secs] [Times: user=0.31 sys=0.00, real=0.05 secs] 
3914.005: [Full GC (Ergonomics) [PSYoungGen: 148064K->0K(506880K)] [ParOldGen: 1251879K->198200K(1398272K)] 1399943K->198200K(1905152K), [Metaspace: 60431K->60431K(1105920K)], 0.4725899 secs] [Times: user=2.20 sys=0.00, real=0.47 secs] 
3918.030: [GC (Allocation Failure) [PSYoungGen: 317440K->100832K(507392K)] 515640K->299032K(1905664K), 0.0878432 secs] [Times: user=0.52 sys=0.00, real=0.08 secs] 
3919.793: [GC (Allocation Failure) [PSYoungGen: 418784K->150080K(468480K)] 616984K->445233K(1866752K), 0.0489206 secs] [Times: user=0.29 sys=0.00, real=0.05 secs] 
3922.992: [GC (GCLocker Initiated GC) [PSYoungGen: 468032K->99488K(507904K)] 763185K->535953K(1906176K), 0.1651487 secs] [Times: user=0.98 sys=0.00, real=0.16 secs] 
3924.289: [GC (Allocation Failure) [PSYoungGen: 414880K->147456K(506368K)] 851397K->679598K(1904640K), 0.0495293 secs] [Times: user=0.29 sys=0.00, real=0.04 secs] 
3927.905: [GC (Allocation Failure) [PSYoungGen: 462848K->104096K(504320K)] 994990K->774134K(1902592K), 0.1707136 secs] [Times: user=1.01 sys=0.00, real=0.17 secs] 
3929.053: [GC (Allocation Failure) [PSYoungGen: 419488K->148800K(505344K)] 1089526K->918871K(1903616K), 0.0516037 secs] [Times: user=0.30 sys=0.00, real=0.05 secs] 
3930.936: [GC (Allocation Failure) [PSYoungGen: 464192K->105600K(505344K)] 1234263K->1015559K(1903616K), 0.1093293 secs] [Times: user=0.65 sys=0.00, real=0.11 secs] 
3931.808: [GC (Allocation Failure) [PSYoungGen: 422016K->148304K(505856K)] 1331975K->1160608K(1904128K), 0.0764295 secs] [Times: user=0.45 sys=0.00, real=0.08 secs] 
3935.577: [GC (Allocation Failure) [PSYoungGen: 464720K->101792K(506880K)] 1477024K->1253671K(1905152K), 0.1502760 secs] [Times: user=0.89 sys=0.00, real=0.15 secs] 
3936.753: [GC (Allocation Failure) [PSYoungGen: 419232K->148096K(506880K)] 1571111K->1397980K(1905152K), 0.0508836 secs] [Times: user=0.30 sys=0.00, real=0.05 secs] 
3936.804: [Full GC (Ergonomics) [PSYoungGen: 148096K->0K(506880K)] [ParOldGen: 1249884K->196682K(1398272K)] 1397980K->196682K(1905152K), [Metaspace: 60431K->60431K(1105920K)], 0.4666008 secs] [Times: user=2.16 sys=0.00, real=0.47 secs] 
3939.806: [GC (Allocation Failure) [PSYoungGen: 317440K->106448K(505856K)] 514122K->303131K(1904128K), 0.0989931 secs] [Times: user=0.58 sys=0.00, real=0.10 secs] 
3940.675: [GC (Allocation Failure) [PSYoungGen: 423888K->147056K(506368K)] 620571K->446273K(1904640K), 0.0505256 secs] [Times: user=0.30 sys=0.01, real=0.05 secs] 
3944.173: [GC (Allocation Failure) [PSYoungGen: 464496K->105648K(505856K)] 763713K->542217K(1904128K), 0.1637207 secs] [Times: user=0.97 sys=0.01, real=0.16 secs] 
3945.243: [GC (Allocation Failure) [PSYoungGen: 421197K->145792K(506880K)] 857766K->683953K(1905152K), 0.0509111 secs] [Times: user=0.31 sys=0.00, real=0.05 secs] 
3948.612: [GC (Allocation Failure) [PSYoungGen: 464768K->101840K(508416K)] 1002929K->776846K(1906688K), 0.1350525 secs] [Times: user=0.80 sys=0.00, real=0.13 secs] 
3950.075: [GC (Allocation Failure) [PSYoungGen: 417789K->150128K(472064K)] 1092794K->922512K(1870336K), 0.0504933 secs] [Times: user=0.29 sys=0.00, real=0.05 secs] 
3953.943: [GC (Allocation Failure) [PSYoungGen: 471664K->103680K(510464K)] 1244048K->1017307K(1908736K), 0.1632158 secs] [Times: user=0.98 sys=0.00, real=0.16 secs] 
3956.140: [GC (Allocation Failure) [PSYoungGen: 417725K->148432K(507904K)] 1331353K->1161177K(1906176K), 0.0521604 secs] [Times: user=0.31 sys=0.00, real=0.05 secs] 
3958.437: [GC (Allocation Failure) [PSYoungGen: 467920K->106400K(506880K)] 1480665K->1258344K(1905152K), 0.1632593 secs] [Times: user=0.97 sys=0.00, real=0.17 secs] 
3960.049: [GC (Allocation Failure) [PSYoungGen: 422330K->145616K(507392K)] 1574274K->1399933K(1905664K), 0.0532038 secs] [Times: user=0.32 sys=0.00, real=0.05 secs] 
3960.102: [Full GC (Ergonomics) [PSYoungGen: 145616K->0K(507392K)] [ParOldGen: 1254316K->198609K(1398272K)] 1399933K->198609K(1905664K), [Metaspace: 60431K->60431K(1105920K)], 0.4603299 secs] [Times: user=2.13 sys=0.00, real=0.46 secs] 
3962.277: [GC (Allocation Failure) [PSYoungGen: 319488K->108032K(506368K)] 518097K->306641K(1904640K), 0.1012535 secs] [Times: user=0.60 sys=0.01, real=0.11 secs] 
3964.011: [GC (Allocation Failure) [PSYoungGen: 417908K->143952K(507904K)] 616518K->446447K(1906176K), 0.0503897 secs] [Times: user=0.30 sys=0.00, real=0.05 secs] 
3967.778: [GC (Allocation Failure) [PSYoungGen: 465488K->105376K(508416K)] 767983K->542442K(1906688K), 0.1607863 secs] [Times: user=0.95 sys=0.00, real=0.17 secs] 
3969.627: [GC (Allocation Failure) [PSYoungGen: 419689K->145888K(509952K)] 856755K->684335K(1908224K), 0.0501168 secs] [Times: user=0.30 sys=0.00, real=0.05 secs] 
3973.414: [GC (Allocation Failure) [PSYoungGen: 471007K->104304K(512000K)] 1009455K->779504K(1910272K), 0.1507710 secs] [Times: user=0.90 sys=0.00, real=0.15 secs] 
3975.057: [GC (Allocation Failure) [PSYoungGen: 420527K->147648K(512000K)] 1095726K->922604K(1910272K), 0.0506119 secs] [Times: user=0.30 sys=0.00, real=0.05 secs] 
3979.068: [GC (Allocation Failure) [PSYoungGen: 474816K->104912K(512000K)] 1249772K->1018793K(1910272K), 0.1652828 secs] [Times: user=0.98 sys=0.01, real=0.17 secs] 
3980.545: [GC (Allocation Failure) [PSYoungGen: 416224K->146688K(512000K)] 1330105K->1161125K(1910272K), 0.0505994 secs] [Times: user=0.30 sys=0.00, real=0.05 secs] 
3983.769: [GC (Allocation Failure) [PSYoungGen: 473856K->103248K(512000K)] 1488293K->1255694K(1910272K), 0.1682271 secs] [Times: user=1.00 sys=0.00, real=0.17 secs] 
3985.360: [GC (Allocation Failure) [PSYoungGen: 415119K->148416K(475648K)] 1567564K->1400350K(1873920K), 0.0506840 secs] [Times: user=0.30 sys=0.00, real=0.05 secs] 
3985.411: [Full GC (Ergonomics) [PSYoungGen: 148416K->0K(475648K)] [ParOldGen: 1251934K->198416K(1398272K)] 1400350K->198416K(1873920K), [Metaspace: 60431K->60431K(1105920K)], 0.4568124 secs] [Times: user=2.10 sys=0.00, real=0.45 secs] 
3988.578: [GC (Allocation Failure) [PSYoungGen: 327168K->108944K(514048K)] 525584K->307361K(1912320K), 0.0779666 secs] [Times: user=0.46 sys=0.00, real=0.08 secs] 
3989.527: [GC (Allocation Failure) [PSYoungGen: 435088K->155408K(481792K)] 633505K->458741K(1880064K), 0.0523558 secs] [Times: user=0.31 sys=0.00, real=0.06 secs] 
3992.974: [GC (Allocation Failure) [PSYoungGen: 481552K->95248K(509440K)] 784885K->553494K(1907712K), 0.1543146 secs] [Times: user=0.92 sys=0.00, real=0.15 secs] 
3993.431: [GC (Allocation Failure) [PSYoungGen: 414736K->155520K(475136K)] 872982K->703106K(1873408K), 0.0544081 secs] [Times: user=0.32 sys=0.00, real=0.05 secs] 
3996.495: [GC (Allocation Failure) [PSYoungGen: 475008K->94272K(505344K)] 1022594K->797150K(1903616K), 0.1443533 secs] [Times: user=0.86 sys=0.00, real=0.15 secs] 
3997.264: [GC (Allocation Failure) [PSYoungGen: 405056K->151328K(462336K)] 1107934K->942175K(1860608K), 0.0542138 secs] [Times: user=0.32 sys=0.00, real=0.05 secs] 
4001.615: [GC (Allocation Failure) [PSYoungGen: 462112K->90144K(502784K)] 1252959K->1032003K(1901056K), 0.1638308 secs] [Times: user=0.98 sys=0.00, real=0.17 secs] 
4002.145: [GC (Allocation Failure) [PSYoungGen: 396320K->164768K(471040K)] 1338179K->1191050K(1869312K), 0.0556526 secs] [Times: user=0.33 sys=0.00, real=0.06 secs] 
4005.771: [GC (Allocation Failure) [PSYoungGen: 470944K->89696K(496128K)] 1497226K->1263618K(1894400K), 0.1542229 secs] [Times: user=0.92 sys=0.00, real=0.15 secs] 
4007.071: [GC (Allocation Failure) [PSYoungGen: 382048K->138944K(431616K)] 1555970K->1398579K(1829888K), 0.0508339 secs] [Times: user=0.31 sys=0.00, real=0.05 secs] 
4007.121: [Full GC (Ergonomics) [PSYoungGen: 138944K->0K(431616K)] [ParOldGen: 1259635K->196481K(1398272K)] 1398579K->196481K(1829888K), [Metaspace: 60435K->60435K(1105920K)], 0.4592563 secs] [Times: user=2.13 sys=0.00, real=0.46 secs] 
4010.197: [GC (Allocation Failure) [PSYoungGen: 292352K->92320K(495104K)] 488833K->288801K(1893376K), 0.0980937 secs] [Times: user=0.57 sys=0.00, real=0.10 secs] 
4012.382: [GC (Allocation Failure) [PSYoungGen: 386720K->137408K(493056K)] 583201K->421574K(1891328K), 0.0460216 secs] [Times: user=0.27 sys=0.00, real=0.04 secs] 
4013.760: [GC (Allocation Failure) [PSYoungGen: 431808K->98912K(497152K)] 715974K->511130K(1895424K), 0.0630383 secs] [Times: user=0.38 sys=0.00, real=0.06 secs] 
4016.558: [GC (Allocation Failure) [PSYoungGen: 401504K->137648K(496128K)] 813722K->646752K(1894400K), 0.0532626 secs] [Times: user=0.32 sys=0.01, real=0.06 secs] 
4017.841: [GC (Allocation Failure) [PSYoungGen: 440240K->105408K(499200K)] 949344K->742859K(1897472K), 0.0643792 secs] [Times: user=0.38 sys=0.00, real=0.06 secs] 
4020.949: [GC (Allocation Failure) [PSYoungGen: 418240K->137952K(501248K)] 1055691K->879200K(1899520K), 0.0573757 secs] [Times: user=0.34 sys=0.00, real=0.05 secs] 
4022.213: [GC (Allocation Failure) [PSYoungGen: 450784K->110784K(501760K)] 1192032K->980504K(1900032K), 0.0645109 secs] [Times: user=0.38 sys=0.00, real=0.06 secs] 
4025.670: [GC (Allocation Failure) [PSYoungGen: 433344K->142656K(506368K)] 1303064K->1121917K(1904640K), 0.0600649 secs] [Times: user=0.35 sys=0.00, real=0.06 secs] 
4027.027: [GC (Allocation Failure) [PSYoungGen: 465216K->112416K(508416K)] 1444477K->1224813K(1906688K), 0.0783606 secs] [Times: user=0.46 sys=0.00, real=0.08 secs] 
4030.365: [GC (Allocation Failure) [PSYoungGen: 442144K->148048K(510976K)] 1554541K->1370682K(1909248K), 0.0561405 secs] [Times: user=0.33 sys=0.00, real=0.06 secs] 
4031.725: [GC (Allocation Failure) [PSYoungGen: 477776K->114624K(512000K)] 1700410K->1476106K(1910272K), 0.0887569 secs] [Times: user=0.44 sys=0.08, real=0.09 secs] 
4031.814: [Full GC (Ergonomics) [PSYoungGen: 114624K->0K(512000K)] [ParOldGen: 1361481K->38236K(1398272K)] 1476106K->38236K(1910272K), [Metaspace: 60438K->60438K(1105920K)], 0.0711252 secs] [Times: user=0.27 sys=0.00, real=0.07 secs] 
4035.714: [GC (Allocation Failure) [PSYoungGen: 332800K->150864K(513024K)] 371036K->189101K(1911296K), 0.0296440 secs] [Times: user=0.17 sys=0.00, real=0.03 secs] 
4038.543: [GC (Allocation Failure) [PSYoungGen: 483664K->110304K(515584K)] 521901K->290620K(1913856K), 0.1732226 secs] [Times: user=1.04 sys=0.00, real=0.17 secs] 
4041.547: [GC (Allocation Failure) [PSYoungGen: 440100K->153936K(486400K)] 620417K->440118K(1884672K), 0.0533600 secs] [Times: user=0.32 sys=0.00, real=0.06 secs] 
4044.553: [GC (Allocation Failure) [PSYoungGen: 486224K->110144K(515072K)] 772406K->541165K(1913344K), 0.1802740 secs] [Times: user=1.07 sys=0.01, real=0.18 secs] 
4045.345: [GC (Allocation Failure) [PSYoungGen: 438336K->156640K(484864K)] 869357K->694234K(1883136K), 0.0532916 secs] [Times: user=0.31 sys=0.00, real=0.05 secs] 
4050.297: [GC (Allocation Failure) [PSYoungGen: 484832K->98096K(509952K)] 1022426K->791983K(1908224K), 0.1646505 secs] [Times: user=0.98 sys=0.00, real=0.17 secs] 
4050.821: [GC (Allocation Failure) [PSYoungGen: 418608K->156272K(477184K)] 1112495K->942044K(1875456K), 0.0565888 secs] [Times: user=0.34 sys=0.00, real=0.05 secs] 
4055.980: [GC (Allocation Failure) [PSYoungGen: 476784K->91248K(505344K)] 1262556K->1033100K(1903616K), 0.1524477 secs] [Times: user=0.91 sys=0.00, real=0.15 secs] 
4056.377: [GC (Allocation Failure) [PSYoungGen: 403056K->150720K(462848K)] 1344908K->1177980K(1861120K), 0.0550470 secs] [Times: user=0.32 sys=0.00, real=0.06 secs] 
4060.314: [GC (Allocation Failure) [PSYoungGen: 462528K->91200K(503296K)] 1489788K->1268588K(1901568K), 0.1649050 secs] [Times: user=0.98 sys=0.00, real=0.17 secs] 
4060.742: [GC (Allocation Failure) [PSYoungGen: 398400K->148304K(455680K)] 1575788K->1411162K(1853952K), 0.0537058 secs] [Times: user=0.31 sys=0.00, real=0.05 secs] 
4060.796: [Full GC (Ergonomics) [PSYoungGen: 148304K->0K(455680K)] [ParOldGen: 1262857K->214678K(1398272K)] 1411162K->214678K(1853952K), [Metaspace: 60438K->60438K(1105920K)], 0.4913791 secs] [Times: user=2.27 sys=0.00, real=0.49 secs] 
4065.383: [GC (Allocation Failure) [PSYoungGen: 307200K->94400K(502784K)] 521878K->309078K(1901056K), 0.1510004 secs] [Times: user=0.90 sys=0.00, real=0.15 secs] 
4066.375: [GC (Allocation Failure) [PSYoungGen: 399552K->146816K(501248K)] 614230K->445898K(1899520K), 0.0520288 secs] [Times: user=0.31 sys=0.00, real=0.05 secs] 
4069.489: [GC (Allocation Failure) [PSYoungGen: 451968K->90048K(501760K)] 751050K->535326K(1900032K), 0.1647935 secs] [Times: user=0.99 sys=0.00, real=0.16 secs] 
4070.866: [GC (Allocation Failure) [PSYoungGen: 395712K->142624K(501760K)] 840990K->674295K(1900032K), 0.0493408 secs] [Times: user=0.29 sys=0.01, real=0.05 secs] 
4073.582: [GC (Allocation Failure) [PSYoungGen: 448288K->100320K(497152K)] 979959K->765743K(1895424K), 0.1683842 secs] [Times: user=1.00 sys=0.01, real=0.17 secs] 
4075.080: [GC (Allocation Failure) [PSYoungGen: 406496K->159664K(465920K)] 1071919K->921820K(1864192K), 0.0508321 secs] [Times: user=0.30 sys=0.00, real=0.05 secs] 
4077.254: [GC (Allocation Failure) [PSYoungGen: 465840K->99584K(501760K)] 1227996K->996172K(1900032K), 0.1527027 secs] [Times: user=0.91 sys=0.00, real=0.15 secs] 
4079.284: [GC (Allocation Failure) [PSYoungGen: 401152K->143392K(498688K)] 1297740K->1134980K(1896960K), 0.0514346 secs] [Times: user=0.30 sys=0.00, real=0.05 secs] 
4081.128: [GC (Allocation Failure) [PSYoungGen: 444960K->97712K(499200K)] 1436548K->1223817K(1897472K), 0.0948191 secs] [Times: user=0.57 sys=0.00, real=0.10 secs] 
4083.849: [GC (Allocation Failure) [PSYoungGen: 401840K->137920K(498688K)] 1527945K->1359129K(1896960K), 0.0523131 secs] [Times: user=0.31 sys=0.00, real=0.05 secs] 
4083.901: [Full GC (Ergonomics) [PSYoungGen: 137920K->0K(498688K)] [ParOldGen: 1221209K->166042K(1398272K)] 1359129K->166042K(1896960K), [Metaspace: 60438K->60438K(1105920K)], 0.3845067 secs] [Times: user=1.77 sys=0.00, real=0.38 secs] 
4085.340: [GC (Allocation Failure) [PSYoungGen: 304128K->104656K(497664K)] 470170K->270699K(1895936K), 0.0371106 secs] [Times: user=0.22 sys=0.00, real=0.03 secs] 
4088.536: [GC (Allocation Failure) [PSYoungGen: 415440K->139904K(500224K)] 581483K->408882K(1898496K), 0.0560463 secs] [Times: user=0.33 sys=0.00, real=0.06 secs] 
4089.775: [GC (Allocation Failure) [PSYoungGen: 450688K->108400K(502272K)] 719666K->507635K(1900544K), 0.0644797 secs] [Times: user=0.38 sys=0.00, real=0.07 secs] 
4093.707: [GC (Allocation Failure) [PSYoungGen: 428400K->140512K(505856K)] 827635K->646527K(1904128K), 0.0581709 secs] [Times: user=0.34 sys=0.00, real=0.06 secs] 
4094.937: [GC (Allocation Failure) [PSYoungGen: 460512K->110976K(505856K)] 966527K->747919K(1904128K), 0.0649437 secs] [Times: user=0.38 sys=0.01, real=0.07 secs] 
4098.290: [GC (Allocation Failure) [PSYoungGen: 438144K->145792K(509440K)] 1075087K->891891K(1907712K), 0.0548426 secs] [Times: user=0.33 sys=0.00, real=0.05 secs] 
4099.456: [GC (Allocation Failure) [PSYoungGen: 472960K->115632K(509952K)] 1219059K->997812K(1908224K), 0.0665146 secs] [Times: user=0.40 sys=0.01, real=0.07 secs] 
4102.480: [GC (Allocation Failure) [PSYoungGen: 447408K->151008K(512000K)] 1329588K->1146312K(1910272K), 0.0561377 secs] [Times: user=0.34 sys=0.00, real=0.05 secs] 
4104.738: [GC (Allocation Failure) [PSYoungGen: 482784K->112576K(515072K)] 1478088K->1249300K(1913344K), 0.1268992 secs] [Times: user=0.76 sys=0.00, real=0.13 secs] 
4106.288: [GC (Allocation Failure) [PSYoungGen: 445376K->154736K(487936K)] 1582100K->1399802K(1886208K), 0.0548249 secs] [Times: user=0.33 sys=0.00, real=0.06 secs] 
4106.343: [Full GC (Ergonomics) [PSYoungGen: 154736K->0K(487936K)] [ParOldGen: 1245065K->197577K(1398272K)] 1399802K->197577K(1886208K), [Metaspace: 60438K->60438K(1105920K)], 0.4580796 secs] [Times: user=2.12 sys=0.00, real=0.46 secs] 
4110.041: [GC (Allocation Failure) [PSYoungGen: 332800K->110912K(515072K)] 530377K->308489K(1913344K), 0.0935138 secs] [Times: user=0.55 sys=0.00, real=0.09 secs] 
4110.798: [GC (Allocation Failure) [PSYoungGen: 439104K->155936K(484352K)] 636681K->460618K(1882624K), 0.0529485 secs] [Times: user=0.31 sys=0.00, real=0.06 secs] 
4114.973: [GC (Allocation Failure) [PSYoungGen: 484128K->97600K(510464K)] 788810K->557954K(1908736K), 0.1668043 secs] [Times: user=0.99 sys=0.00, real=0.17 secs] 
4115.581: [GC (Allocation Failure) [PSYoungGen: 419136K->153760K(475648K)] 879490K->705671K(1873920K), 0.0555387 secs] [Times: user=0.33 sys=0.00, real=0.05 secs] 
4120.249: [GC (Allocation Failure) [PSYoungGen: 475296K->100384K(507904K)] 1027207K->805103K(1906176K), 0.1678587 secs] [Times: user=1.00 sys=0.00, real=0.16 secs] 
4122.535: [GC (GCLocker Initiated GC) [PSYoungGen: 415776K->151600K(467456K)] 1120495K->946144K(1865728K), 0.1370597 secs] [Times: user=0.81 sys=0.01, real=0.14 secs] 
4126.712: [GC (Allocation Failure) [PSYoungGen: 466992K->93712K(505344K)] 1261571K->1039627K(1903616K), 0.1783420 secs] [Times: user=1.06 sys=0.00, real=0.18 secs] 
4127.131: [GC (Allocation Failure) [PSYoungGen: 405008K->152016K(463360K)] 1350923K->1185628K(1861632K), 0.0565199 secs] [Times: user=0.34 sys=0.00, real=0.05 secs] 
4130.853: [GC (Allocation Failure) [PSYoungGen: 463312K->89200K(502784K)] 1496924K->1274652K(1901056K), 0.1668390 secs] [Times: user=0.99 sys=0.00, real=0.17 secs] 
4131.412: [GC (Allocation Failure) [PSYoungGen: 395376K->147184K(453632K)] 1580828K->1415538K(1851904K), 0.0528420 secs] [Times: user=0.31 sys=0.01, real=0.05 secs] 
4131.465: [Full GC (Ergonomics) [PSYoungGen: 147184K->0K(453632K)] [ParOldGen: 1268353K->212944K(1398272K)] 1415538K->212944K(1851904K), [Metaspace: 60449K->60449K(1105920K)], 0.4894982 secs] [Times: user=2.27 sys=0.00, real=0.49 secs] 
4135.375: [GC (Allocation Failure) [PSYoungGen: 303691K->88848K(501760K)] 516635K->301792K(1900032K), 0.1407935 secs] [Times: user=0.84 sys=0.00, real=0.14 secs] 
4136.270: [GC (Allocation Failure) [PSYoungGen: 382843K->138160K(442368K)] 595787K->435977K(1840640K), 0.0474766 secs] [Times: user=0.29 sys=0.00, real=0.04 secs] 
4139.101: [GC (Allocation Failure) [PSYoungGen: 442288K->99008K(501760K)] 740105K->526429K(1900032K), 0.1674289 secs] [Times: user=0.99 sys=0.00, real=0.16 secs] 
4140.620: [GC (Allocation Failure) [PSYoungGen: 405696K->144272K(499200K)] 833117K->666674K(1897472K), 0.0489839 secs] [Times: user=0.29 sys=0.01, real=0.05 secs] 
4142.632: [GC (Allocation Failure) [PSYoungGen: 450960K->100496K(502784K)] 973362K->757950K(1901056K), 0.1639669 secs] [Times: user=0.98 sys=0.00, real=0.16 secs] 
4144.486: [GC (Allocation Failure) [PSYoungGen: 413328K->146944K(503808K)] 1070782K->900554K(1902080K), 0.0501725 secs] [Times: user=0.30 sys=0.00, real=0.05 secs] 
4147.433: [GC (Allocation Failure) [PSYoungGen: 459776K->104736K(502272K)] 1213386K->995714K(1900544K), 0.1650420 secs] [Times: user=0.99 sys=0.00, real=0.16 secs] 
4149.673: [GC (Allocation Failure) [PSYoungGen: 419104K->145312K(503808K)] 1310082K->1137055K(1902080K), 0.0515496 secs] [Times: user=0.30 sys=0.00, real=0.05 secs] 
4151.733: [GC (Allocation Failure) [PSYoungGen: 458952K->105360K(504320K)] 1450696K->1232712K(1902592K), 0.0737539 secs] [Times: user=0.44 sys=0.00, real=0.07 secs] 
4155.082: [GC (Allocation Failure) [PSYoungGen: 423312K->144672K(505856K)] 1550664K->1374764K(1904128K), 0.0534864 secs] [Times: user=0.31 sys=0.00, real=0.05 secs] 
4155.135: [Full GC (Ergonomics) [PSYoungGen: 144672K->0K(505856K)] [ParOldGen: 1230092K->182004K(1398272K)] 1374764K->182004K(1904128K), [Metaspace: 60449K->60449K(1105920K)], 0.4243715 secs] [Times: user=1.97 sys=0.00, real=0.43 secs] 
4157.615: [GC (Allocation Failure) [PSYoungGen: 317861K->105808K(505856K)] 499866K->287813K(1904128K), 0.1082704 secs] [Times: user=0.64 sys=0.00, real=0.11 secs] 
4159.678: [GC (Allocation Failure) [PSYoungGen: 426832K->148128K(507392K)] 608837K->432929K(1905664K), 0.0526398 secs] [Times: user=0.31 sys=0.00, real=0.06 secs] 
4162.389: [GC (Allocation Failure) [PSYoungGen: 469152K->105888K(509440K)] 753953K->529929K(1907712K), 0.1772842 secs] [Times: user=1.06 sys=0.00, real=0.17 secs] 
4165.043: [GC (Allocation Failure) [PSYoungGen: 428960K->146816K(509440K)] 853001K->673278K(1907712K), 0.0521491 secs] [Times: user=0.31 sys=0.00, real=0.05 secs] 
4168.773: [GC (Allocation Failure) [PSYoungGen: 469888K->108480K(507904K)] 996350K->772138K(1906176K), 0.0933300 secs] [Times: user=0.55 sys=0.00, real=0.09 secs] 
4170.945: [GC (GCLocker Initiated GC) [PSYoungGen: 432064K->150048K(508928K)] 1095723K->918364K(1907200K), 0.0529212 secs] [Times: user=0.31 sys=0.00, real=0.05 secs] 
4173.470: [GC (Allocation Failure) [PSYoungGen: 473632K->107440K(510464K)] 1241951K->1016416K(1908736K), 0.1265159 secs] [Times: user=0.74 sys=0.01, real=0.12 secs] 
4175.422: [GC (Allocation Failure) [PSYoungGen: 427523K->147264K(509952K)] 1336499K->1159584K(1908224K), 0.1469579 secs] [Times: user=0.88 sys=0.00, real=0.15 secs] 
4179.511: [GC (Allocation Failure) [PSYoungGen: 471360K->104256K(510464K)] 1483680K->1254980K(1908736K), 0.1676249 secs] [Times: user=1.00 sys=0.00, real=0.16 secs] 
4180.564: [GC (Allocation Failure) [PSYoungGen: 416555K->147408K(510464K)] 1567279K->1398617K(1908736K), 0.0508140 secs] [Times: user=0.30 sys=0.00, real=0.05 secs] 
4180.614: [Full GC (Ergonomics) [PSYoungGen: 147408K->0K(510464K)] [ParOldGen: 1251209K->197439K(1398272K)] 1398617K->197439K(1908736K), [Metaspace: 60449K->60449K(1105920K)], 0.4568086 secs] [Times: user=2.11 sys=0.00, real=0.46 secs] 
4183.156: [GC (Allocation Failure) [PSYoungGen: 324608K->111328K(508416K)] 522047K->308767K(1906688K), 0.1033080 secs] [Times: user=0.61 sys=0.00, real=0.11 secs] 
4183.757: [GC (Allocation Failure) [PSYoungGen: 435936K->153408K(509440K)] 633375K->458344K(1907712K), 0.0523816 secs] [Times: user=0.31 sys=0.00, real=0.06 secs] 
4187.788: [GC (Allocation Failure) [PSYoungGen: 478016K->97792K(510464K)] 782952K->555552K(1908736K), 0.1660796 secs] [Times: user=0.99 sys=0.00, real=0.17 secs] 
4188.440: [GC (Allocation Failure) [PSYoungGen: 418816K->152288K(473600K)] 876576K->702445K(1871872K), 0.0737786 secs] [Times: user=0.43 sys=0.00, real=0.07 secs] 
4192.311: [GC (Allocation Failure) [PSYoungGen: 473312K->94176K(507392K)] 1023469K->796045K(1905664K), 0.1539016 secs] [Times: user=0.92 sys=0.00, real=0.15 secs] 
4192.828: [GC (Allocation Failure) [PSYoungGen: 409568K->153728K(469504K)] 1111437K->943754K(1867776K), 0.0546599 secs] [Times: user=0.32 sys=0.00, real=0.06 secs] 
4197.793: [GC (Allocation Failure) [PSYoungGen: 469120K->91264K(503808K)] 1259146K->1034562K(1902080K), 0.1648583 secs] [Times: user=0.98 sys=0.00, real=0.16 secs] 
4198.217: [GC (Allocation Failure) [PSYoungGen: 399488K->147360K(455680K)] 1342786K->1176221K(1853952K), 0.0542399 secs] [Times: user=0.32 sys=0.00, real=0.06 secs] 
4201.991: [GC (Allocation Failure) [PSYoungGen: 455584K->92096K(503296K)] 1484445K->1267309K(1901568K), 0.1644901 secs] [Times: user=0.98 sys=0.00, real=0.16 secs] 
4202.539: [GC (Allocation Failure) [PSYoungGen: 398784K->147584K(454656K)] 1573997K->1409246K(1852928K), 0.0543559 secs] [Times: user=0.32 sys=0.00, real=0.05 secs] 
4202.593: [Full GC (Ergonomics) [PSYoungGen: 147584K->0K(454656K)] [ParOldGen: 1261662K->207865K(1398272K)] 1409246K->207865K(1852928K), [Metaspace: 60452K->60452K(1105920K)], 0.4735983 secs] [Times: user=2.20 sys=0.00, real=0.47 secs] 
4206.037: [GC (Allocation Failure) [PSYoungGen: 306688K->89696K(502784K)] 514553K->297561K(1901056K), 0.1863066 secs] [Times: user=1.11 sys=0.00, real=0.19 secs] 
4207.277: [GC (Allocation Failure) [PSYoungGen: 392146K->142208K(501760K)] 600011K->435763K(1900032K), 0.0757215 secs] [Times: user=0.45 sys=0.00, real=0.08 secs] 
4210.051: [GC (Allocation Failure) [PSYoungGen: 447872K->98272K(498688K)] 741427K->525659K(1896960K), 0.1518366 secs] [Times: user=0.90 sys=0.00, real=0.15 secs] 
4211.189: [GC (Allocation Failure) [PSYoungGen: 404960K->145328K(500224K)] 832347K->667512K(1898496K), 0.0480348 secs] [Times: user=0.29 sys=0.00, real=0.04 secs] 
4213.534: [GC (Allocation Failure) [PSYoungGen: 452016K->101184K(500736K)] 974200K->759796K(1899008K), 0.1168056 secs] [Times: user=0.70 sys=0.00, real=0.12 secs] 
4215.053: [GC (Allocation Failure) [PSYoungGen: 411456K->145376K(502272K)] 1070068K->902029K(1900544K), 0.0509487 secs] [Times: user=0.30 sys=0.00, real=0.05 secs] 
4217.583: [GC (Allocation Failure) [PSYoungGen: 455648K->102944K(502272K)] 1212301K->996169K(1900544K), 0.0999484 secs] [Times: user=0.59 sys=0.00, real=0.10 secs] 
4219.017: [GC (Allocation Failure) [PSYoungGen: 416288K->147424K(503808K)] 1309513K->1139602K(1902080K), 0.0511238 secs] [Times: user=0.30 sys=0.00, real=0.05 secs] 
4221.377: [GC (Allocation Failure) [PSYoungGen: 460768K->103296K(503808K)] 1452946K->1234070K(1902080K), 0.0982658 secs] [Times: user=0.59 sys=0.00, real=0.10 secs] 
4223.362: [GC (Allocation Failure) [PSYoungGen: 418688K->146240K(504832K)] 1549462K->1376122K(1903104K), 0.0512289 secs] [Times: user=0.30 sys=0.00, real=0.05 secs] 
4223.413: [Full GC (Ergonomics) [PSYoungGen: 146240K->0K(504832K)] [ParOldGen: 1229882K->183247K(1398272K)] 1376122K->183247K(1903104K), [Metaspace: 60455K->60455K(1105920K)], 0.4277774 secs] [Times: user=1.99 sys=0.00, real=0.43 secs] 
4226.017: [GC (Allocation Failure) [PSYoungGen: 315392K->104736K(504832K)] 498639K->287983K(1903104K), 0.0355360 secs] [Times: user=0.21 sys=0.00, real=0.04 secs] 
4229.112: [GC (Allocation Failure) [PSYoungGen: 422176K->144320K(505856K)] 605423K->428736K(1904128K), 0.0512028 secs] [Times: user=0.30 sys=0.00, real=0.05 secs] 
4231.108: [GC (Allocation Failure) [PSYoungGen: 461760K->107728K(504832K)] 746176K->527041K(1903104K), 0.0915050 secs] [Times: user=0.55 sys=0.00, real=0.10 secs] 
4233.010: [GC (Allocation Failure) [PSYoungGen: 428240K->147008K(506880K)] 847553K->669949K(1905152K), 0.0528118 secs] [Times: user=0.31 sys=0.00, real=0.05 secs] 
4236.066: [GC (Allocation Failure) [PSYoungGen: 467520K->108512K(507904K)] 990461K->768605K(1906176K), 0.1282488 secs] [Times: user=0.76 sys=0.00, real=0.13 secs] 
4237.564: [GC (Allocation Failure) [PSYoungGen: 432096K->153328K(477184K)] 1092189K->918014K(1875456K), 0.0534823 secs] [Times: user=0.32 sys=0.00, real=0.05 secs] 
4241.637: [GC (Allocation Failure) [PSYoungGen: 476912K->104720K(510976K)] 1241598K->1013854K(1909248K), 0.1759430 secs] [Times: user=1.05 sys=0.00, real=0.18 secs] 
4242.705: [GC (Allocation Failure) [PSYoungGen: 420709K->149824K(470528K)] 1329843K->1159755K(1868800K), 0.0518702 secs] [Times: user=0.31 sys=0.00, real=0.05 secs] 
4246.428: [GC (Allocation Failure) [PSYoungGen: 470336K->101744K(509952K)] 1480267K->1252955K(1908224K), 0.1579581 secs] [Times: user=0.95 sys=0.00, real=0.16 secs] 
4247.584: [GC (Allocation Failure) [PSYoungGen: 415111K->149264K(468480K)] 1566322K->1398156K(1866752K), 0.0505915 secs] [Times: user=0.30 sys=0.01, real=0.05 secs] 
4247.635: [Full GC (Ergonomics) [PSYoungGen: 149264K->0K(468480K)] [ParOldGen: 1248891K->196872K(1398272K)] 1398156K->196872K(1866752K), [Metaspace: 60456K->60456K(1105920K)], 0.4550404 secs] [Times: user=2.11 sys=0.00, real=0.46 secs] 
4251.627: [GC (Allocation Failure) [PSYoungGen: 318976K->102880K(509952K)] 515848K->299752K(1908224K), 0.0790347 secs] [Times: user=0.40 sys=0.01, real=0.08 secs] 
4252.952: [GC (Allocation Failure) [PSYoungGen: 415087K->148288K(507392K)] 611960K->443965K(1905664K), 0.0496428 secs] [Times: user=0.30 sys=0.00, real=0.05 secs] 
4255.894: [GC (Allocation Failure) [PSYoungGen: 466752K->102848K(507392K)] 762429K->538257K(1905664K), 0.1746334 secs] [Times: user=1.04 sys=0.00, real=0.18 secs] 
4257.951: [GC (Allocation Failure) [PSYoungGen: 420732K->148320K(507392K)] 856142K->682230K(1905664K), 0.0502164 secs] [Times: user=0.30 sys=0.01, real=0.05 secs] 
4261.539: [GC (Allocation Failure) [PSYoungGen: 466784K->102320K(507904K)] 1000694K->775679K(1906176K), 0.1619891 secs] [Times: user=0.96 sys=0.01, real=0.16 secs] 
4262.516: [GC (Allocation Failure) [PSYoungGen: 414332K->148608K(466944K)] 1087691K->920167K(1865216K), 0.0506349 secs] [Times: user=0.30 sys=0.00, real=0.05 secs] 
4265.627: [GC (Allocation Failure) [PSYoungGen: 466560K->102560K(509440K)] 1238119K->1013931K(1907712K), 0.1587331 secs] [Times: user=0.94 sys=0.00, real=0.16 secs] 
4267.722: [GC (Allocation Failure) [PSYoungGen: 420000K->147920K(506880K)] 1331371K->1157769K(1905152K), 0.0502960 secs] [Times: user=0.29 sys=0.00, real=0.05 secs] 
4270.591: [GC (Allocation Failure) [PSYoungGen: 465360K->102752K(507392K)] 1475209K->1251160K(1905664K), 0.1757059 secs] [Times: user=1.05 sys=0.00, real=0.17 secs] 
4272.257: [GC (Allocation Failure) [PSYoungGen: 418221K->149168K(467456K)] 1566630K->1396565K(1865728K), 0.0514974 secs] [Times: user=0.31 sys=0.00, real=0.05 secs] 
4272.308: [Full GC (Ergonomics) [PSYoungGen: 149168K->0K(467456K)] [ParOldGen: 1247397K->196875K(1398272K)] 1396565K->196875K(1865728K), [Metaspace: 60456K->60456K(1105920K)], 0.4653217 secs] [Times: user=2.16 sys=0.00, real=0.47 secs] 
4275.847: [GC (Allocation Failure) [PSYoungGen: 317952K->102912K(509440K)] 514827K->299787K(1907712K), 0.0980494 secs] [Times: user=0.57 sys=0.01, real=0.10 secs] 
4276.944: [GC (Allocation Failure) [PSYoungGen: 415435K->148576K(506880K)] 612311K->444188K(1905152K), 0.0499265 secs] [Times: user=0.29 sys=0.00, real=0.05 secs] 
4280.581: [GC (Allocation Failure) [PSYoungGen: 466016K->102560K(506880K)] 761628K->537952K(1905152K), 0.1693537 secs] [Times: user=1.01 sys=0.01, real=0.17 secs] 
4281.873: [GC (Allocation Failure) [PSYoungGen: 418401K->148560K(506880K)] 853794K->682482K(1905152K), 0.0499801 secs] [Times: user=0.30 sys=0.00, real=0.05 secs] 
4285.345: [GC (Allocation Failure) [PSYoungGen: 466000K->103568K(506880K)] 999922K->777154K(1905152K), 0.1694238 secs] [Times: user=1.01 sys=0.00, real=0.17 secs] 
4286.866: [GC (Allocation Failure) [PSYoungGen: 416319K->147040K(506880K)] 1089905K->920158K(1905152K), 0.0501150 secs] [Times: user=0.30 sys=0.00, real=0.05 secs] 
4291.442: [GC (Allocation Failure) [PSYoungGen: 464480K->102400K(506368K)] 1237598K->1013894K(1904640K), 0.1711499 secs] [Times: user=1.02 sys=0.00, real=0.17 secs] 
4292.547: [GC (Allocation Failure) [PSYoungGen: 418147K->148544K(506880K)] 1329642K->1158495K(1905152K), 0.0507845 secs] [Times: user=0.29 sys=0.01, real=0.05 secs] 
4295.577: [GC (Allocation Failure) [PSYoungGen: 466496K->103168K(507392K)] 1476447K->1252963K(1905664K), 0.1536569 secs] [Times: user=0.92 sys=0.01, real=0.16 secs] 
4297.450: [GC (Allocation Failure) [PSYoungGen: 414896K->148096K(507392K)] 1564692K->1396712K(1905664K), 0.0501063 secs] [Times: user=0.29 sys=0.00, real=0.05 secs] 
4297.500: [Full GC (Ergonomics) [PSYoungGen: 148096K->0K(507392K)] [ParOldGen: 1248616K->197299K(1398272K)] 1396712K->197299K(1905664K), [Metaspace: 60456K->60456K(1105920K)], 0.4686174 secs] [Times: user=2.17 sys=0.00, real=0.47 secs] 
4300.606: [GC (Allocation Failure) [PSYoungGen: 318464K->103760K(507392K)] 515763K->301060K(1905664K), 0.0990290 secs] [Times: user=0.58 sys=0.00, real=0.10 secs] 
4302.024: [GC (Allocation Failure) [PSYoungGen: 414460K->147008K(507392K)] 611760K->444192K(1905664K), 0.0498824 secs] [Times: user=0.29 sys=0.00, real=0.05 secs] 
4305.873: [GC (GCLocker Initiated GC) [PSYoungGen: 465472K->102928K(506880K)] 762657K->538426K(1905152K), 0.1523132 secs] [Times: user=0.91 sys=0.00, real=0.15 secs] 
4307.515: [GC (Allocation Failure) [PSYoungGen: 421904K->143312K(507392K)] 873788K->693581K(1905664K), 0.2099026 secs] [Times: user=1.26 sys=0.00, real=0.21 secs] 
4311.364: [GC (Allocation Failure) [PSYoungGen: 462288K->93200K(509952K)] 1012557K->786545K(1908224K), 0.4279204 secs] [Times: user=2.57 sys=0.00, real=0.43 secs] 
4312.210: [GC (Allocation Failure) [PSYoungGen: 414736K->153408K(475136K)] 1108081K->936281K(1873408K), 0.0540964 secs] [Times: user=0.32 sys=0.00, real=0.05 secs] 
4316.577: [GC (Allocation Failure) [PSYoungGen: 474944K->94624K(506880K)] 1257817K->1030561K(1905152K), 0.1528019 secs] [Times: user=0.91 sys=0.00, real=0.16 secs] 
4317.456: [GC (Allocation Failure) [PSYoungGen: 408480K->151904K(465920K)] 1344417K->1176626K(1864192K), 0.0559332 secs] [Times: user=0.33 sys=0.00, real=0.06 secs] 
4321.347: [GC (Allocation Failure) [PSYoungGen: 465760K->92016K(504320K)] 1490482K->1268239K(1902592K), 0.1469925 secs] [Times: user=0.88 sys=0.00, real=0.15 secs] 
4322.046: [GC (Allocation Failure) [PSYoungGen: 400752K->150752K(459776K)] 1576975K->1413179K(1858048K), 0.0542674 secs] [Times: user=0.33 sys=0.00, real=0.06 secs] 
4322.101: [Full GC (Ergonomics) [PSYoungGen: 150752K->0K(459776K)] [ParOldGen: 1262427K->211848K(1398272K)] 1413179K->211848K(1858048K), [Metaspace: 60458K->60458K(1105920K)], 0.4757030 secs] [Times: user=2.20 sys=0.00, real=0.47 secs] 
4326.471: [GC (Allocation Failure) [PSYoungGen: 308736K->88416K(502272K)] 520584K->300264K(1900544K), 0.1537334 secs] [Times: user=0.91 sys=0.01, real=0.15 secs] 
4327.707: [GC (Allocation Failure) [PSYoungGen: 387112K->139072K(443904K)] 598961K->435429K(1842176K), 0.0488455 secs] [Times: user=0.29 sys=0.00, real=0.05 secs] 
4330.920: [GC (GCLocker Initiated GC) [PSYoungGen: 443712K->96432K(502784K)] 740069K->523206K(1901056K), 0.1252753 secs] [Times: user=0.74 sys=0.00, real=0.12 secs] 
4332.151: [GC (Allocation Failure) [PSYoungGen: 403632K->143072K(500224K)] 830461K->662365K(1898496K), 0.0484370 secs] [Times: user=0.28 sys=0.00, real=0.05 secs] 
4336.111: [GC (Allocation Failure) [PSYoungGen: 450272K->99376K(501248K)] 969565K->752294K(1899520K), 0.1159234 secs] [Times: user=0.69 sys=0.00, real=0.11 secs] 
4340.485: [GC (Allocation Failure) [PSYoungGen: 411184K->148528K(502784K)] 1064102K->897915K(1901056K), 0.0512899 secs] [Times: user=0.30 sys=0.01, real=0.05 secs] 
4341.827: [GC (Allocation Failure) [PSYoungGen: 460336K->105216K(503296K)] 1209723K->985282K(1901568K), 0.0631369 secs] [Times: user=0.38 sys=0.00, real=0.07 secs] 
4344.874: [GC (Allocation Failure) [PSYoungGen: 418560K->144576K(503808K)] 1298626K->1127047K(1902080K), 0.0518995 secs] [Times: user=0.30 sys=0.00, real=0.05 secs] 
4349.169: [GC (Allocation Failure) [PSYoungGen: 457920K->101504K(503808K)] 1440391K->1219371K(1902080K), 0.0651409 secs] [Times: user=0.39 sys=0.00, real=0.06 secs] 
4350.472: [GC (Allocation Failure) [PSYoungGen: 417920K->144560K(505344K)] 1535787K->1362409K(1903616K), 0.0518373 secs] [Times: user=0.31 sys=0.00, real=0.05 secs] 
4353.335: [GC (Allocation Failure) [PSYoungGen: 460976K->104976K(504832K)] 1678825K->1458065K(1903104K), 0.0657691 secs] [Times: user=0.40 sys=0.00, real=0.07 secs] 
4353.401: [Full GC (Ergonomics) [PSYoungGen: 104976K->0K(504832K)] [ParOldGen: 1353088K->28372K(1398272K)] 1458065K->28372K(1903104K), [Metaspace: 60458K->60458K(1105920K)], 0.0482554 secs] [Times: user=0.15 sys=0.00, real=0.05 secs] 
4354.985: [GC (Allocation Failure) [PSYoungGen: 318976K->145952K(506368K)] 347348K->174324K(1904640K), 0.0298865 secs] [Times: user=0.17 sys=0.00, real=0.03 secs] 
4358.645: [GC (GCLocker Initiated GC) [PSYoungGen: 464928K->106640K(506880K)] 493302K->271647K(1905152K), 0.0644225 secs] [Times: user=0.38 sys=0.00, real=0.07 secs] 
4361.578: [GC (Allocation Failure) [PSYoungGen: 428176K->146752K(507904K)] 593234K->416374K(1906176K), 0.0528007 secs] [Times: user=0.31 sys=0.00, real=0.06 secs] 
4363.380: [GC (Allocation Failure) [PSYoungGen: 468288K->108192K(507904K)] 737910K->515426K(1906176K), 0.0775605 secs] [Times: user=0.46 sys=0.01, real=0.07 secs] 
4365.592: [GC (Allocation Failure) [PSYoungGen: 431776K->146624K(508928K)] 839010K->659175K(1907200K), 0.0529088 secs] [Times: user=0.32 sys=0.00, real=0.05 secs] 
4368.069: [GC (Allocation Failure) [PSYoungGen: 470208K->111520K(507904K)] 982759K->761031K(1906176K), 0.0694357 secs] [Times: user=0.41 sys=0.00, real=0.06 secs] 
4369.137: [GC (Allocation Failure) [PSYoungGen: 437152K->153216K(509440K)] 1086663K->910404K(1907712K), 0.0544913 secs] [Times: user=0.32 sys=0.00, real=0.06 secs] 
4373.016: [GC (Allocation Failure) [PSYoungGen: 478848K->109248K(512000K)] 1236036K->1010636K(1910272K), 0.1576320 secs] [Times: user=0.94 sys=0.01, real=0.16 secs] 
4374.498: [GC (Allocation Failure) [PSYoungGen: 424403K->147456K(509952K)] 1325792K->1154073K(1908224K), 0.0539875 secs] [Times: user=0.32 sys=0.00, real=0.06 secs] 
4377.598: [GC (Allocation Failure) [PSYoungGen: 471552K->106016K(509952K)] 1478169K->1250745K(1908224K), 0.1636408 secs] [Times: user=0.96 sys=0.01, real=0.17 secs] 
4378.883: [GC (Allocation Failure) [PSYoungGen: 415093K->145696K(510464K)] 1559823K->1392286K(1908736K), 0.0526190 secs] [Times: user=0.32 sys=0.00, real=0.05 secs] 
4378.936: [Full GC (Ergonomics) [PSYoungGen: 145696K->0K(510464K)] [ParOldGen: 1246590K->196918K(1398272K)] 1392286K->196918K(1908736K), [Metaspace: 60459K->60459K(1105920K)], 0.4633470 secs] [Times: user=2.14 sys=0.00, real=0.47 secs] 
4382.656: [GC (Allocation Failure) [PSYoungGen: 325120K->106592K(510976K)] 522038K->303510K(1909248K), 0.0946794 secs] [Times: user=0.56 sys=0.00, real=0.10 secs] 
4384.506: [GC (Allocation Failure) [PSYoungGen: 417916K->144624K(511488K)] 614834K->444247K(1909760K), 0.0500358 secs] [Times: user=0.30 sys=0.00, real=0.05 secs] 
4389.955: [GC (Allocation Failure) [PSYoungGen: 471280K->104160K(510976K)] 770903K->539587K(1909248K), 0.1523388 secs] [Times: user=0.91 sys=0.01, real=0.15 secs] 
4390.939: [GC (Allocation Failure) [PSYoungGen: 432352K->156048K(484352K)] 867779K->691347K(1882624K), 0.0512377 secs] [Times: user=0.30 sys=0.00, real=0.06 secs] 
4394.830: [GC (Allocation Failure) [PSYoungGen: 484240K->100192K(510464K)] 1019539K->790914K(1908736K), 0.1489595 secs] [Times: user=0.88 sys=0.00, real=0.15 secs] 
4396.790: [GC (Allocation Failure) [PSYoungGen: 421216K->154688K(476160K)] 1111938K->939575K(1874432K), 0.0571857 secs] [Times: user=0.34 sys=0.00, real=0.05 secs] 
4401.411: [GC (Allocation Failure) [PSYoungGen: 475712K->95168K(506880K)] 1260599K->1034519K(1905152K), 0.1662914 secs] [Times: user=0.99 sys=0.00, real=0.16 secs] 
4402.327: [GC (Allocation Failure) [PSYoungGen: 409024K->150752K(464896K)] 1348375K->1179380K(1863168K), 0.0978314 secs] [Times: user=0.58 sys=0.00, real=0.10 secs] 
4408.680: [GC (Allocation Failure) [PSYoungGen: 464608K->90368K(504320K)] 1493236K->1269564K(1902592K), 0.1615890 secs] [Times: user=0.96 sys=0.00, real=0.16 secs] 
4409.818: [GC (Allocation Failure) [PSYoungGen: 399616K->149632K(459264K)] 1578812K->1413661K(1857536K), 0.0534135 secs] [Times: user=0.31 sys=0.00, real=0.06 secs] 
4409.872: [Full GC (Ergonomics) [PSYoungGen: 149632K->0K(459264K)] [ParOldGen: 1264029K->212473K(1398272K)] 1413661K->212473K(1857536K), [Metaspace: 60462K->60462K(1105920K)], 0.4905153 secs] [Times: user=2.29 sys=0.00, real=0.49 secs] 
4414.172: [GC (Allocation Failure) [PSYoungGen: 308859K->89712K(502784K)] 521332K->302186K(1901056K), 0.1583847 secs] [Times: user=0.95 sys=0.00, real=0.16 secs] 
4415.025: [GC (Allocation Failure) [PSYoungGen: 382444K->138032K(443904K)] 594917K->436154K(1842176K), 0.0473527 secs] [Times: user=0.28 sys=0.00, real=0.05 secs] 
4417.889: [GC (Allocation Failure) [PSYoungGen: 443696K->97504K(502784K)] 741818K->525246K(1901056K), 0.1621169 secs] [Times: user=0.96 sys=0.01, real=0.16 secs] 
4419.877: [GC (Allocation Failure) [PSYoungGen: 405728K->146480K(500224K)] 833470K->667279K(1898496K), 0.0482793 secs] [Times: user=0.29 sys=0.00, real=0.05 secs] 
4421.367: [GC (Allocation Failure) [PSYoungGen: 454704K->100928K(502784K)] 975503K->759375K(1901056K), 0.0929437 secs] [Times: user=0.55 sys=0.00, real=0.10 secs] 
4424.157: [GC (GCLocker Initiated GC) [PSYoungGen: 413760K->146816K(503808K)] 1072207K->902136K(1902080K), 0.0497398 secs] [Times: user=0.29 sys=0.00, real=0.05 secs] 
4426.597: [GC (Allocation Failure) [PSYoungGen: 459648K->103392K(503296K)] 1214971K->996451K(1901568K), 0.1527407 secs] [Times: user=0.91 sys=0.00, real=0.16 secs] 
4429.585: [GC (Allocation Failure) [PSYoungGen: 417760K->144544K(504320K)] 1310819K->1137504K(1902592K), 0.0507730 secs] [Times: user=0.30 sys=0.00, real=0.05 secs] 
4430.866: [GC (Allocation Failure) [PSYoungGen: 458912K->105952K(503296K)] 1451872K->1234540K(1901568K), 0.0684209 secs] [Times: user=0.41 sys=0.00, real=0.07 secs] 
4433.751: [GC (Allocation Failure) [PSYoungGen: 423392K->145936K(505344K)] 1551980K->1377046K(1903616K), 0.0539055 secs] [Times: user=0.31 sys=0.01, real=0.05 secs] 
4433.805: [Full GC (Ergonomics) [PSYoungGen: 145936K->0K(505344K)] [ParOldGen: 1231109K->184120K(1398272K)] 1377046K->184120K(1903616K), [Metaspace: 60471K->60471K(1105920K)], 0.4275923 secs] [Times: user=1.96 sys=0.01, real=0.43 secs] 
4435.593: [GC (Allocation Failure) [PSYoungGen: 317440K->106816K(506368K)] 501560K->290936K(1904640K), 0.0366605 secs] [Times: user=0.21 sys=0.00, real=0.04 secs] 
4438.336: [GC (Allocation Failure) [PSYoungGen: 427328K->147616K(507392K)] 611448K->435585K(1905664K), 0.0528210 secs] [Times: user=0.31 sys=0.00, real=0.05 secs] 
4441.338: [GC (Allocation Failure) [PSYoungGen: 468128K->104192K(509440K)] 756097K->530453K(1907712K), 0.1220626 secs] [Times: user=0.72 sys=0.00, real=0.13 secs] 
4443.004: [GC (Allocation Failure) [PSYoungGen: 426752K->152256K(475136K)] 853013K->678250K(1873408K), 0.0516035 secs] [Times: user=0.30 sys=0.00, real=0.05 secs] 
4444.991: [GC (Allocation Failure) [PSYoungGen: 474816K->106848K(510976K)] 1000810K->775718K(1909248K), 0.1608640 secs] [Times: user=0.95 sys=0.00, real=0.16 secs] 
4447.685: [GC (Allocation Failure) [PSYoungGen: 426848K->159056K(479232K)] 1095718K->930563K(1877504K), 0.0528923 secs] [Times: user=0.32 sys=0.00, real=0.05 secs] 
4450.270: [GC (Allocation Failure) [PSYoungGen: 479056K->105184K(507392K)] 1250563K->1018659K(1905664K), 0.1575327 secs] [Times: user=0.94 sys=0.00, real=0.15 secs] 
4450.773: [GC (Allocation Failure) [PSYoungGen: 414490K->146336K(504320K)] 1327965K->1161271K(1902592K), 0.0506346 secs] [Times: user=0.30 sys=0.00, real=0.05 secs] 
4455.807: [GC (Allocation Failure) [PSYoungGen: 459168K->97216K(505856K)] 1474103K->1249643K(1904128K), 0.1546349 secs] [Times: user=0.92 sys=0.00, real=0.16 secs] 
4458.314: [GC (Allocation Failure) [PSYoungGen: 411584K->150208K(464896K)] 1564011K->1395067K(1863168K), 0.0493633 secs] [Times: user=0.29 sys=0.00, real=0.05 secs] 
4458.363: [Full GC (Ergonomics) [PSYoungGen: 150208K->0K(464896K)] [ParOldGen: 1244859K->192573K(1398272K)] 1395067K->192573K(1863168K), [Metaspace: 60492K->60492K(1105920K)], 0.4405622 secs] [Times: user=2.02 sys=0.00, real=0.44 secs] 
4461.374: [GC (Allocation Failure) [PSYoungGen: 314368K->102352K(506880K)] 506941K->294926K(1905152K), 0.0871618 secs] [Times: user=0.52 sys=0.00, real=0.09 secs] 
4463.780: [GC (Allocation Failure) [PSYoungGen: 414672K->147296K(504320K)] 607246K->438443K(1902592K), 0.0501258 secs] [Times: user=0.30 sys=0.00, real=0.05 secs] 
4465.908: [GC (Allocation Failure) [PSYoungGen: 459616K->101280K(504320K)] 750763K->531235K(1902592K), 0.0993623 secs] [Times: user=0.59 sys=0.00, real=0.10 secs] 
4467.427: [GC (Allocation Failure) [PSYoungGen: 414624K->145472K(504832K)] 844579K->673176K(1903104K), 0.0497948 secs] [Times: user=0.30 sys=0.00, real=0.05 secs] 
4469.231: [GC (Allocation Failure) [PSYoungGen: 458816K->104528K(502272K)] 986520K->768433K(1900544K), 0.1625199 secs] [Times: user=0.96 sys=0.01, real=0.16 secs] 
4471.922: [GC (GCLocker Initiated GC) [PSYoungGen: 419408K->146640K(504320K)] 1083313K->910902K(1902592K), 0.0516829 secs] [Times: user=0.31 sys=0.00, real=0.05 secs] 
4474.365: [GC (Allocation Failure) [PSYoungGen: 461520K->102672K(506368K)] 1225784K->1004488K(1904640K), 0.0745625 secs] [Times: user=0.44 sys=0.00, real=0.08 secs] 
4476.396: [GC (Allocation Failure) [PSYoungGen: 420624K->149696K(506880K)] 1322440K->1150976K(1905152K), 0.0515277 secs] [Times: user=0.30 sys=0.00, real=0.05 secs] 
4479.102: [GC (GCLocker Initiated GC) [PSYoungGen: 467648K->105856K(506880K)] 1468928K->1248328K(1905152K), 0.1717328 secs] [Times: user=1.02 sys=0.00, real=0.17 secs] 
4480.713: [GC (Allocation Failure) [PSYoungGen: 423808K->150272K(506880K)] 1566332K->1394712K(1905152K), 0.0522295 secs] [Times: user=0.31 sys=0.00, real=0.05 secs] 
4480.765: [Full GC (Ergonomics) [PSYoungGen: 150272K->0K(506880K)] [ParOldGen: 1244440K->193095K(1398272K)] 1394712K->193095K(1905152K), [Metaspace: 60492K->60492K(1105920K)], 0.4496521 secs] [Times: user=2.09 sys=0.00, real=0.45 secs] 
4483.070: [GC (Allocation Failure) [PSYoungGen: 317952K->105600K(507392K)] 511047K->298695K(1905664K), 0.1048639 secs] [Times: user=0.60 sys=0.00, real=0.10 secs] 
4484.559: [GC (Allocation Failure) [PSYoungGen: 423040K->147312K(506880K)] 616135K->442028K(1905152K), 0.0510455 secs] [Times: user=0.30 sys=0.01, real=0.06 secs] 
4487.700: [GC (Allocation Failure) [PSYoungGen: 464752K->106432K(505856K)] 759468K->538856K(1904128K), 0.1714144 secs] [Times: user=1.03 sys=0.00, real=0.17 secs] 
4490.264: [GC (Allocation Failure) [PSYoungGen: 424896K->147008K(506880K)] 857320K->681880K(1905152K), 0.0524942 secs] [Times: user=0.31 sys=0.00, real=0.05 secs] 
4492.360: [GC (Allocation Failure) [PSYoungGen: 465472K->107904K(506880K)] 1000344K->780832K(1905152K), 0.1600139 secs] [Times: user=0.95 sys=0.01, real=0.16 secs] 
4493.427: [GC (Allocation Failure) [PSYoungGen: 426965K->145424K(507904K)] 1099894K->922310K(1906176K), 0.0521140 secs] [Times: user=0.31 sys=0.00, real=0.06 secs] 
4498.084: [GC (Allocation Failure) [PSYoungGen: 465936K->104896K(508416K)] 1242822K->1017921K(1906688K), 0.1726997 secs] [Times: user=1.01 sys=0.00, real=0.17 secs] 
4498.984: [GC (Allocation Failure) [PSYoungGen: 414113K->146064K(509440K)] 1327139K->1160227K(1907712K), 0.0512297 secs] [Times: user=0.30 sys=0.00, real=0.05 secs] 
4502.944: [GC (Allocation Failure) [PSYoungGen: 469136K->105840K(508928K)] 1483299K->1256907K(1907200K), 0.1708450 secs] [Times: user=1.02 sys=0.00, real=0.17 secs] 
4503.756: [GC (Allocation Failure) [PSYoungGen: 430448K->185328K(509952K)] 1581515K->1439386K(1908224K), 0.0537905 secs] [Times: user=0.32 sys=0.00, real=0.06 secs] 
4503.809: [Full GC (Ergonomics) [PSYoungGen: 185328K->0K(509952K)] [ParOldGen: 1254057K->206006K(1398272K)] 1439386K->206006K(1908224K), [Metaspace: 60499K->60499K(1105920K)], 0.4671568 secs] [Times: user=2.17 sys=0.00, real=0.46 secs] 
4507.870: [GC (Allocation Failure) [PSYoungGen: 324608K->96160K(421888K)] 530614K->302166K(1820160K), 0.1716792 secs] [Times: user=1.02 sys=0.00, real=0.17 secs] 
4508.644: [GC (Allocation Failure) [PSYoungGen: 329120K->109872K(465920K)] 535126K->408296K(1864192K), 0.0486949 secs] [Times: user=0.29 sys=0.00, real=0.05 secs] 
4511.461: [GC (Allocation Failure) [PSYoungGen: 342832K->93824K(459264K)] 641256K->493071K(1857536K), 0.0549750 secs] [Times: user=0.33 sys=0.00, real=0.05 secs] 
4512.851: [GC (Allocation Failure) [PSYoungGen: 327296K->78208K(462848K)] 726543K->571319K(1861120K), 0.1020117 secs] [Times: user=0.60 sys=0.01, real=0.10 secs] 
4513.142: [GC (Allocation Failure) [PSYoungGen: 310331K->110880K(452096K)] 803442K->676140K(1850368K), 0.0446520 secs] [Times: user=0.26 sys=0.00, real=0.04 secs] 
4515.517: [GC (Allocation Failure) [PSYoungGen: 352032K->73280K(461312K)] 917292K->740144K(1859584K), 0.0523964 secs] [Times: user=0.31 sys=0.00, real=0.06 secs] 
4517.647: [GC (Allocation Failure) [PSYoungGen: 314432K->107872K(461312K)] 981296K->845948K(1859584K), 0.0593932 secs] [Times: user=0.36 sys=0.00, real=0.06 secs] 
4518.474: [GC (Allocation Failure) [PSYoungGen: 367456K->129824K(470528K)] 1105532K->966121K(1868800K), 0.1678874 secs] [Times: user=1.00 sys=0.00, real=0.17 secs] 
4521.390: [GC (Allocation Failure) [PSYoungGen: 389408K->68896K(482304K)] 1225705K->1034481K(1880576K), 0.1312730 secs] [Times: user=0.78 sys=0.00, real=0.13 secs] 
4521.740: [GC (Allocation Failure) [PSYoungGen: 350496K->136720K(487424K)] 1316081K->1165366K(1885696K), 0.0499638 secs] [Times: user=0.29 sys=0.00, real=0.05 secs] 
4524.274: [GC (Allocation Failure) [PSYoungGen: 418320K->81328K(486400K)] 1446966K->1246198K(1884672K), 0.1567934 secs] [Times: user=0.93 sys=0.01, real=0.16 secs] 
4526.110: [GC (Allocation Failure) [PSYoungGen: 369072K->135392K(489984K)] 1533942K->1377330K(1888256K), 0.0465218 secs] [Times: user=0.27 sys=0.00, real=0.04 secs] 
4526.156: [Full GC (Ergonomics) [PSYoungGen: 135392K->0K(489984K)] [ParOldGen: 1241938K->183257K(1398272K)] 1377330K->183257K(1888256K), [Metaspace: 60501K->60501K(1105920K)], 0.4299319 secs] [Times: user=2.00 sys=0.00, real=0.43 secs] 
4527.622: [GC (Allocation Failure) [PSYoungGen: 287744K->94000K(485888K)] 471001K->277258K(1884160K), 0.0319700 secs] [Times: user=0.19 sys=0.00, real=0.03 secs] 
4532.269: [GC (Allocation Failure) [PSYoungGen: 388912K->133024K(491520K)] 572170K->407766K(1889792K), 0.0533045 secs] [Times: user=0.31 sys=0.00, real=0.05 secs] 
4533.535: [GC (Allocation Failure) [PSYoungGen: 427936K->104352K(488960K)] 702678K->502675K(1887232K), 0.0621823 secs] [Times: user=0.37 sys=0.00, real=0.06 secs] 
4536.237: [GC (GCLocker Initiated GC) [PSYoungGen: 411040K->129312K(496128K)] 809363K->631172K(1894400K), 0.0666877 secs] [Times: user=0.39 sys=0.00, real=0.07 secs] 
4538.164: [GC (Allocation Failure) [PSYoungGen: 436000K->117728K(494592K)] 937861K->739477K(1892864K), 0.0635354 secs] [Times: user=0.38 sys=0.01, real=0.06 secs] 
4540.240: [GC (Allocation Failure) [PSYoungGen: 439264K->132000K(502784K)] 1061013K->871493K(1901056K), 0.0692949 secs] [Times: user=0.41 sys=0.00, real=0.07 secs] 
4543.060: [GC (Allocation Failure) [PSYoungGen: 453536K->2048K(491520K)] 1193029K->741581K(1889792K), 0.0023491 secs] [Times: user=0.01 sys=0.00, real=0.00 secs] 
4546.757: [GC (Allocation Failure) [PSYoungGen: 312832K->127456K(504832K)] 1052365K->867570K(1903104K), 0.0371653 secs] [Times: user=0.21 sys=0.00, real=0.04 secs] 
4547.916: [GC (Allocation Failure) [PSYoungGen: 438240K->120288K(496128K)] 1178354K->977942K(1894400K), 0.0630939 secs] [Times: user=0.38 sys=0.00, real=0.07 secs] 
4551.423: [GC (Allocation Failure) [PSYoungGen: 431584K->125376K(500736K)] 1289238K->1102906K(1899008K), 0.0751232 secs] [Times: user=0.44 sys=0.01, real=0.07 secs] 
4553.217: [GC (Allocation Failure) [PSYoungGen: 436672K->123104K(501248K)] 1414202K->1215217K(1899520K), 0.0630890 secs] [Times: user=0.37 sys=0.00, real=0.07 secs] 
4555.419: [GC (Allocation Failure) [PSYoungGen: 445152K->128064K(506368K)] 1537265K->1343121K(1904640K), 0.0780847 secs] [Times: user=0.46 sys=0.00, real=0.08 secs] 
4555.497: [Full GC (Ergonomics) [PSYoungGen: 128064K->0K(506368K)] [ParOldGen: 1215057K->143639K(1398272K)] 1343121K->143639K(1904640K), [Metaspace: 60501K->60501K(1105920K)], 0.3065995 secs] [Times: user=1.37 sys=0.00, real=0.31 secs] 
4558.220: [GC (Allocation Failure) [PSYoungGen: 322048K->120992K(505344K)] 465687K->264631K(1903616K), 0.0420682 secs] [Times: user=0.25 sys=0.00, real=0.04 secs] 
4561.766: [GC (Allocation Failure) [PSYoungGen: 452256K->137568K(510464K)] 595895K->401492K(1908736K), 0.0700775 secs] [Times: user=0.42 sys=0.00, real=0.07 secs] 
4563.141: [GC (Allocation Failure) [PSYoungGen: 468832K->7568K(494080K)] 732756K->271713K(1892352K), 0.0028574 secs] [Times: user=0.02 sys=0.00, real=0.00 secs] 
4565.739: [GC (Allocation Failure) [PSYoungGen: 320400K->139824K(453120K)] 584545K->409669K(1851392K), 0.0374592 secs] [Times: user=0.22 sys=0.00, real=0.03 secs] 
4567.457: [GC (Allocation Failure) [PSYoungGen: 452656K->107856K(510464K)] 722501K->508125K(1908736K), 0.0653302 secs] [Times: user=0.39 sys=0.00, real=0.07 secs] 
4570.099: [GC (Allocation Failure) [PSYoungGen: 421200K->139104K(501760K)] 821469K->645218K(1900032K), 0.0553914 secs] [Times: user=0.33 sys=0.00, real=0.05 secs] 
4571.661: [GC (Allocation Failure) [PSYoungGen: 452448K->109952K(500224K)] 958562K->745250K(1898496K), 0.0645555 secs] [Times: user=0.38 sys=0.00, real=0.06 secs] 
4575.063: [GC (Allocation Failure) [PSYoungGen: 428416K->141344K(502784K)] 1063714K->885030K(1901056K), 0.0601377 secs] [Times: user=0.35 sys=0.00, real=0.06 secs] 
4576.249: [GC (Allocation Failure) [PSYoungGen: 459808K->111760K(504832K)] 1203494K->987375K(1903104K), 0.0653647 secs] [Times: user=0.39 sys=0.00, real=0.06 secs] 
4578.905: [GC (Allocation Failure) [PSYoungGen: 438416K->146832K(507904K)] 1314031K->1132388K(1906176K), 0.0558512 secs] [Times: user=0.33 sys=0.00, real=0.06 secs] 
4580.262: [GC (Allocation Failure) [PSYoungGen: 473488K->112912K(510464K)] 1459044K->1235908K(1908736K), 0.0663439 secs] [Times: user=0.39 sys=0.00, real=0.07 secs] 
4583.105: [GC (Allocation Failure) [PSYoungGen: 444176K->151712K(511488K)] 1567172K->1385200K(1909760K), 0.0551617 secs] [Times: user=0.32 sys=0.00, real=0.06 secs] 
4583.160: [Full GC (Ergonomics) [PSYoungGen: 151712K->0K(511488K)] [ParOldGen: 1233488K->182429K(1398272K)] 1385200K->182429K(1909760K), [Metaspace: 60501K->60501K(1105920K)], 0.4279713 secs] [Times: user=1.98 sys=0.00, real=0.42 secs] 
4585.568: [GC (Allocation Failure) [PSYoungGen: 331264K->112353K(513536K)] 513693K->294782K(1911808K), 0.0862500 secs] [Times: user=0.51 sys=0.00, real=0.09 secs] 
4587.051: [GC (Allocation Failure) [PSYoungGen: 441295K->154528K(484864K)] 623725K->445178K(1883136K), 0.0545887 secs] [Times: user=0.33 sys=0.00, real=0.05 secs] 
4591.937: [GC (Allocation Failure) [PSYoungGen: 484768K->107456K(514048K)] 775418K->543294K(1912320K), 0.1655765 secs] [Times: user=0.99 sys=0.00, real=0.17 secs] 
4593.504: [GC (Allocation Failure) [PSYoungGen: 418029K->144000K(510464K)] 853867K->683031K(1908736K), 0.0506002 secs] [Times: user=0.30 sys=0.00, real=0.05 secs] 
4596.396: [GC (Allocation Failure) [PSYoungGen: 469632K->108448K(508928K)] 1008663K->782687K(1907200K), 0.1607913 secs] [Times: user=0.95 sys=0.00, real=0.16 secs] 
4598.450: [GC (Allocation Failure) [PSYoungGen: 436128K->153344K(510464K)] 1110367K->931780K(1908736K), 0.0526412 secs] [Times: user=0.31 sys=0.00, real=0.05 secs] 
4602.339: [GC (Allocation Failure) [PSYoungGen: 481024K->97232K(512000K)] 1259460K->1028377K(1910272K), 0.1627046 secs] [Times: user=0.96 sys=0.00, real=0.16 secs] 
4603.135: [GC (Allocation Failure) [PSYoungGen: 420816K->155776K(479744K)] 1351961K->1178373K(1878016K), 0.0565080 secs] [Times: user=0.33 sys=0.00, real=0.06 secs] 
4607.961: [GC (Allocation Failure) [PSYoungGen: 479360K->93264K(507392K)] 1501957K->1271422K(1905664K), 0.1633502 secs] [Times: user=0.97 sys=0.00, real=0.16 secs] 
4608.569: [GC (Allocation Failure) [PSYoungGen: 407632K->152512K(466944K)] 1585790K->1417894K(1865216K), 0.0543171 secs] [Times: user=0.32 sys=0.01, real=0.06 secs] 
4608.623: [Full GC (Ergonomics) [PSYoungGen: 152512K->0K(466944K)] [ParOldGen: 1265382K->217346K(1398272K)] 1417894K->217346K(1865216K), [Metaspace: 60501K->60501K(1105920K)], 0.4926841 secs] [Times: user=2.27 sys=0.00, real=0.49 secs] 
4613.382: [GC (Allocation Failure) [PSYoungGen: 314368K->92128K(504320K)] 531714K->309474K(1902592K), 0.1507196 secs] [Times: user=0.90 sys=0.01, real=0.15 secs] 
4613.880: [GC (Allocation Failure) [PSYoungGen: 400352K->148816K(457216K)] 617698K->451876K(1855488K), 0.0536523 secs] [Times: user=0.31 sys=0.00, real=0.05 secs] 
4617.386: [GC (Allocation Failure) [PSYoungGen: 457040K->88096K(502784K)] 760100K->539643K(1901056K), 0.1565647 secs] [Times: user=0.93 sys=0.00, real=0.16 secs] 
4618.268: [GC (Allocation Failure) [PSYoungGen: 381223K->139360K(445440K)] 832771K->674964K(1843712K), 0.0490180 secs] [Times: user=0.29 sys=0.00, real=0.05 secs] 
4620.630: [GC (Allocation Failure) [PSYoungGen: 445024K->100352K(504832K)] 980628K->766628K(1903104K), 0.1740793 secs] [Times: user=1.04 sys=0.00, real=0.17 secs] 
4622.936: [GC (Allocation Failure) [PSYoungGen: 409600K->143776K(501248K)] 1075876K->906087K(1899520K), 0.0491496 secs] [Times: user=0.29 sys=0.00, real=0.05 secs] 
4624.837: [GC (Allocation Failure) [PSYoungGen: 453024K->103104K(501760K)] 1215335K->999787K(1900032K), 0.0688975 secs] [Times: user=0.41 sys=0.00, real=0.07 secs] 
4627.532: [GC (Allocation Failure) [PSYoungGen: 416448K->144704K(503296K)] 1313131K->1141040K(1901568K), 0.0512601 secs] [Times: user=0.30 sys=0.00, real=0.05 secs] 
4629.492: [GC (GCLocker Initiated GC) [PSYoungGen: 458048K->104864K(502784K)] 1454385K->1236309K(1901056K), 0.0745732 secs] [Times: user=0.45 sys=0.00, real=0.07 secs] 
4631.020: [GC (Allocation Failure) [PSYoungGen: 421792K->146752K(504832K)] 1553239K->1379495K(1903104K), 0.0519518 secs] [Times: user=0.31 sys=0.00, real=0.05 secs] 
4631.072: [Full GC (Ergonomics) [PSYoungGen: 146752K->0K(504832K)] [ParOldGen: 1232743K->185889K(1398272K)] 1379495K->185889K(1903104K), [Metaspace: 60501K->60501K(1105920K)], 0.4253990 secs] [Times: user=1.96 sys=0.00, real=0.42 secs] 
4634.026: [GC (Allocation Failure) [PSYoungGen: 316928K->105088K(506880K)] 502817K->290977K(1905152K), 0.0324227 secs] [Times: user=0.19 sys=0.00, real=0.03 secs] 
4636.629: [GC (Allocation Failure) [PSYoungGen: 425088K->149792K(507392K)] 610977K->437126K(1905664K), 0.0520886 secs] [Times: user=0.31 sys=0.00, real=0.05 secs] 
4639.055: [GC (Allocation Failure) [PSYoungGen: 469792K->105600K(508416K)] 757126K->533558K(1906688K), 0.1657100 secs] [Times: user=0.99 sys=0.00, real=0.17 secs] 
4641.220: [GC (Allocation Failure) [PSYoungGen: 425600K->150000K(470016K)] 853558K->679427K(1868288K), 0.0522862 secs] [Times: user=0.31 sys=0.00, real=0.05 secs] 
4644.180: [GC (Allocation Failure) [PSYoungGen: 470000K->105568K(510464K)] 999427K->775795K(1908736K), 0.1844373 secs] [Times: user=1.10 sys=0.00, real=0.18 secs] 
4645.764: [GC (GCLocker Initiated GC) [PSYoungGen: 424544K->148736K(507392K)] 1094771K->920448K(1905664K), 0.0510852 secs] [Times: user=0.31 sys=0.00, real=0.05 secs] 
4647.259: [GC (Allocation Failure) [PSYoungGen: 467712K->107232K(506880K)] 1239426K->1018462K(1905152K), 0.0857198 secs] [Times: user=0.51 sys=0.00, real=0.08 secs] 
4648.545: [GC (Allocation Failure) [PSYoungGen: 419124K->146080K(507392K)] 1330355K->1160503K(1905664K), 0.0515806 secs] [Times: user=0.30 sys=0.00, real=0.05 secs] 
4653.616: [GC (Allocation Failure) [PSYoungGen: 465568K->102432K(508416K)] 1479991K->1253679K(1906688K), 0.1620083 secs] [Times: user=0.97 sys=0.01, real=0.16 secs] 
4654.810: [GC (Allocation Failure) [PSYoungGen: 421948K->149280K(471040K)] 1573195K->1398863K(1869312K), 0.0499724 secs] [Times: user=0.30 sys=0.00, real=0.05 secs] 
4654.860: [Full GC (Ergonomics) [PSYoungGen: 149280K->0K(471040K)] [ParOldGen: 1249583K->197283K(1398272K)] 1398863K->197283K(1869312K), [Metaspace: 60501K->60501K(1105920K)], 0.4667174 secs] [Times: user=2.17 sys=0.01, real=0.46 secs] 
4659.539: [GC (Allocation Failure) [PSYoungGen: 321536K->103280K(510976K)] 518819K->300564K(1909248K), 0.0929683 secs] [Times: user=0.54 sys=0.00, real=0.10 secs] 
4661.930: [GC (Allocation Failure) [PSYoungGen: 413993K->148000K(508416K)] 611277K->444320K(1906688K), 0.0491377 secs] [Times: user=0.29 sys=0.00, real=0.05 secs] 
4664.652: [GC (Allocation Failure) [PSYoungGen: 468512K->102240K(508928K)] 764832K->537744K(1907200K), 0.1640237 secs] [Times: user=0.98 sys=0.01, real=0.16 secs] 
4666.368: [GC (Allocation Failure) [PSYoungGen: 419283K->148704K(468992K)] 854788K->682545K(1867264K), 0.0501090 secs] [Times: user=0.30 sys=0.00, real=0.05 secs] 
4670.011: [GC (Allocation Failure) [PSYoungGen: 468704K->102496K(510464K)] 1002545K->776505K(1908736K), 0.1651253 secs] [Times: user=0.98 sys=0.00, real=0.16 secs] 
4671.476: [GC (Allocation Failure) [PSYoungGen: 414539K->149072K(468992K)] 1088549K->921101K(1867264K), 0.0501422 secs] [Times: user=0.30 sys=0.00, real=0.05 secs] 
4675.865: [GC (Allocation Failure) [PSYoungGen: 468560K->101824K(509440K)] 1240589K->1014436K(1907712K), 0.1594814 secs] [Times: user=0.95 sys=0.01, real=0.16 secs] 
4678.863: [GC (Allocation Failure) [PSYoungGen: 419776K->147728K(507392K)] 1332388K->1158002K(1905664K), 0.0502831 secs] [Times: user=0.30 sys=0.00, real=0.05 secs] 
4682.173: [GC (Allocation Failure) [PSYoungGen: 465680K->101504K(507392K)] 1475954K->1250597K(1905664K), 0.1547166 secs] [Times: user=0.92 sys=0.00, real=0.15 secs] 
4683.827: [GC (Allocation Failure) [PSYoungGen: 418835K->151072K(469504K)] 1567929K->1397518K(1867776K), 0.0507581 secs] [Times: user=0.30 sys=0.00, real=0.05 secs] 
4683.878: [Full GC (Ergonomics) [PSYoungGen: 151072K->0K(469504K)] [ParOldGen: 1246446K->196877K(1398272K)] 1397518K->196877K(1867776K), [Metaspace: 60501K->60501K(1105920K)], 0.4584823 secs] [Times: user=2.12 sys=0.00, real=0.46 secs] 
4686.830: [GC (Allocation Failure) [PSYoungGen: 317952K->104000K(508928K)] 514829K->300877K(1907200K), 0.1045791 secs] [Times: user=0.62 sys=0.00, real=0.10 secs] 
4688.346: [GC (Allocation Failure) [PSYoungGen: 419693K->147680K(506368K)] 616571K->444442K(1904640K), 0.0501271 secs] [Times: user=0.30 sys=0.00, real=0.05 secs] 
4691.264: [GC (Allocation Failure) [PSYoungGen: 464096K->102816K(505856K)] 760858K->538542K(1904128K), 0.1374819 secs] [Times: user=0.82 sys=0.00, real=0.14 secs] 
4692.945: [GC (Allocation Failure) [PSYoungGen: 417828K->148256K(506368K)] 853555K->682739K(1904640K), 0.0504417 secs] [Times: user=0.30 sys=0.00, real=0.05 secs] 
4696.145: [GC (Allocation Failure) [PSYoungGen: 465184K->103376K(506880K)] 999667K->777440K(1905152K), 0.1560163 secs] [Times: user=0.92 sys=0.00, real=0.16 secs] 
4698.031: [GC (Allocation Failure) [PSYoungGen: 420816K->148224K(506880K)] 1094880K->921372K(1905152K), 0.0510657 secs] [Times: user=0.31 sys=0.00, real=0.05 secs] 
4701.423: [GC (Allocation Failure) [PSYoungGen: 465664K->100656K(507392K)] 1238812K->1013141K(1905664K), 0.1610194 secs] [Times: user=0.96 sys=0.01, real=0.16 secs] 
4703.326: [GC (Allocation Failure) [PSYoungGen: 417584K->148896K(465920K)] 1330069K->1157509K(1864192K), 0.0505710 secs] [Times: user=0.30 sys=0.00, real=0.05 secs] 
4706.654: [GC (Allocation Failure) [PSYoungGen: 465824K->104544K(509440K)] 1474437K->1252989K(1907712K), 0.1661648 secs] [Times: user=0.98 sys=0.01, real=0.17 secs] 
4708.073: [GC (Allocation Failure) [PSYoungGen: 421472K->149008K(506368K)] 1569917K->1398163K(1904640K), 0.0514066 secs] [Times: user=0.31 sys=0.00, real=0.05 secs] 
4708.125: [Full GC (Ergonomics) [PSYoungGen: 149008K->0K(506368K)] [ParOldGen: 1249154K->196950K(1398272K)] 1398163K->196950K(1904640K), [Metaspace: 60501K->60501K(1105920K)], 0.4611602 secs] [Times: user=2.13 sys=0.00, real=0.46 secs] 
4711.425: [GC (Allocation Failure) [PSYoungGen: 316928K->102528K(507392K)] 513878K->299478K(1905664K), 0.0986440 secs] [Times: user=0.59 sys=0.00, real=0.10 secs] 
4713.127: [GC (Allocation Failure) [PSYoungGen: 419456K->147504K(506880K)] 616406K->443064K(1905152K), 0.0493864 secs] [Times: user=0.29 sys=0.00, real=0.05 secs] 
4716.553: [GC (Allocation Failure) [PSYoungGen: 464432K->103712K(505856K)] 759992K->537587K(1904128K), 0.1657607 secs] [Times: user=0.98 sys=0.01, real=0.16 secs] 
4718.406: [GC (Allocation Failure) [PSYoungGen: 420449K->148736K(506368K)] 854325K->681928K(1904640K), 0.0500664 secs] [Times: user=0.29 sys=0.00, real=0.05 secs] 
4721.399: [GC (Allocation Failure) [PSYoungGen: 465664K->102816K(506880K)] 998856K->775936K(1905152K), 0.1594716 secs] [Times: user=0.95 sys=0.01, real=0.15 secs] 
4724.052: [GC (Allocation Failure) [PSYoungGen: 420256K->148832K(506880K)] 1093376K->919841K(1905152K), 0.0503194 secs] [Times: user=0.29 sys=0.00, real=0.05 secs] 
4726.947: [GC (Allocation Failure) [PSYoungGen: 466272K->101936K(507392K)] 1237281K->1012806K(1905664K), 0.1826244 secs] [Times: user=1.09 sys=0.01, real=0.19 secs] 
4729.244: [GC (Allocation Failure) [PSYoungGen: 418864K->150176K(467456K)] 1329734K->1158070K(1865728K), 0.0511407 secs] [Times: user=0.29 sys=0.01, real=0.05 secs] 
4732.015: [GC (Allocation Failure) [PSYoungGen: 467104K->102144K(508416K)] 1474998K->1251466K(1906688K), 0.1667256 secs] [Times: user=0.99 sys=0.00, real=0.17 secs] 
4733.132: [GC (Allocation Failure) [PSYoungGen: 413967K->148128K(506368K)] 1563289K->1396247K(1904640K), 0.0714047 secs] [Times: user=0.42 sys=0.00, real=0.07 secs] 
4733.203: [Full GC (Ergonomics) [PSYoungGen: 148128K->0K(506368K)] [ParOldGen: 1248119K->196740K(1398272K)] 1396247K->196740K(1904640K), [Metaspace: 60501K->60501K(1105920K)], 0.4753765 secs] [Times: user=2.21 sys=0.00, real=0.47 secs] 
4736.911: [GC (Allocation Failure) [PSYoungGen: 315904K->100032K(506368K)] 512644K->296772K(1904640K), 0.0872623 secs] [Times: user=0.51 sys=0.00, real=0.08 secs] 
4739.422: [GC (Allocation Failure) [PSYoungGen: 415936K->146480K(506368K)] 612676K->439077K(1904640K), 0.0486219 secs] [Times: user=0.28 sys=0.00, real=0.05 secs] 
4743.699: [GC (Allocation Failure) [PSYoungGen: 462384K->100448K(505856K)] 754981K->530821K(1904128K), 0.1728745 secs] [Times: user=1.03 sys=0.00, real=0.17 secs] 
4746.460: [GC (Allocation Failure) [PSYoungGen: 416864K->144416K(506368K)] 847237K->671393K(1904640K), 0.0492371 secs] [Times: user=0.28 sys=0.01, real=0.05 secs] 
4748.373: [GC (Allocation Failure) [PSYoungGen: 460832K->106848K(503808K)] 987809K->768789K(1902080K), 0.1339069 secs] [Times: user=0.80 sys=0.00, real=0.13 secs] 
4750.671: [GC (Allocation Failure) [PSYoungGen: 424800K->146960K(505856K)] 1086741K->911915K(1904128K), 0.0520358 secs] [Times: user=0.31 sys=0.00, real=0.05 secs] 
4752.255: [GC (Allocation Failure) [PSYoungGen: 464912K->109488K(505856K)] 1229867K->1011787K(1904128K), 0.1347411 secs] [Times: user=0.80 sys=0.00, real=0.14 secs] 
4752.828: [GC (Allocation Failure) [PSYoungGen: 429713K->149984K(507392K)] 1332012K->1158515K(1905664K), 0.0532847 secs] [Times: user=0.31 sys=0.00, real=0.06 secs] 
4755.814: [GC (Allocation Failure) [PSYoungGen: 471008K->104960K(509952K)] 1479539K->1254879K(1908224K), 0.1756580 secs] [Times: user=1.04 sys=0.00, real=0.18 secs] 
4757.470: [GC (Allocation Failure) [PSYoungGen: 419163K->146320K(508928K)] 1569083K->1396929K(1907200K), 0.0500294 secs] [Times: user=0.29 sys=0.00, real=0.05 secs] 
4757.520: [Full GC (Ergonomics) [PSYoungGen: 146320K->0K(508928K)] [ParOldGen: 1250608K->197022K(1398272K)] 1396929K->197022K(1907200K), [Metaspace: 60502K->60502K(1105920K)], 0.4575717 secs] [Times: user=2.12 sys=0.00, real=0.45 secs] 
4760.953: [GC (GCLocker Initiated GC) [PSYoungGen: 321536K->104688K(507904K)] 518558K->301711K(1906176K), 0.0872882 secs] [Times: user=0.50 sys=0.00, real=0.09 secs] 
4761.836: [GC (Allocation Failure) [PSYoungGen: 427248K->143552K(508928K)] 640658K->458025K(1907200K), 0.2509490 secs] [Times: user=1.50 sys=0.01, real=0.25 secs] 
4766.489: [GC (Allocation Failure) [PSYoungGen: 466112K->93056K(512000K)] 780585K->551049K(1910272K), 0.4412077 secs] [Times: user=2.65 sys=0.00, real=0.44 secs] 
4767.723: [GC (Allocation Failure) [PSYoungGen: 417664K->154464K(479232K)] 875657K->699570K(1877504K), 0.0534711 secs] [Times: user=0.31 sys=0.00, real=0.05 secs] 
4771.523: [GC (Allocation Failure) [PSYoungGen: 479072K->97536K(508416K)] 1024178K->796290K(1906688K), 0.1717030 secs] [Times: user=1.03 sys=0.00, real=0.17 secs] 
4772.006: [GC (Allocation Failure) [PSYoungGen: 413952K->152592K(469504K)] 1112706K->942723K(1867776K), 0.0559597 secs] [Times: user=0.33 sys=0.00, real=0.06 secs] 
4776.929: [GC (Allocation Failure) [PSYoungGen: 469008K->93920K(505344K)] 1259139K->1036138K(1903616K), 0.1665054 secs] [Times: user=0.99 sys=0.00, real=0.16 secs] 
4777.420: [GC (Allocation Failure) [PSYoungGen: 404704K->148672K(459776K)] 1346922K->1178739K(1858048K), 0.0550686 secs] [Times: user=0.33 sys=0.00, real=0.05 secs] 
4779.808: [GC (Allocation Failure) [PSYoungGen: 459456K->94368K(504832K)] 1489523K->1272155K(1903104K), 0.1785701 secs] [Times: user=1.06 sys=0.00, real=0.18 secs] 
4781.165: [GC (Allocation Failure) [PSYoungGen: 403616K->148608K(458240K)] 1581403K->1414788K(1856512K), 0.0553633 secs] [Times: user=0.33 sys=0.00, real=0.06 secs] 
4781.220: [Full GC (Ergonomics) [PSYoungGen: 148608K->0K(458240K)] [ParOldGen: 1266180K->213733K(1398272K)] 1414788K->213733K(1856512K), [Metaspace: 60502K->60502K(1105920K)], 0.4778005 secs] [Times: user=2.21 sys=0.00, real=0.47 secs] 
4784.808: [GC (Allocation Failure) [PSYoungGen: 309248K->89888K(503296K)] 522981K->303622K(1901568K), 0.1722966 secs] [Times: user=1.02 sys=0.01, real=0.18 secs] 
4786.030: [GC (Allocation Failure) [PSYoungGen: 384610K->138352K(445440K)] 598344K->435852K(1843712K), 0.0484646 secs] [Times: user=0.29 sys=0.00, real=0.04 secs] 
4788.397: [GC (Allocation Failure) [PSYoungGen: 445040K->100304K(504832K)] 742540K->526916K(1903104K), 0.0696971 secs] [Times: user=0.41 sys=0.00, real=0.07 secs] 
4789.763: [GC (Allocation Failure) [PSYoungGen: 410576K->144336K(501248K)] 837188K->667321K(1899520K), 0.0487252 secs] [Times: user=0.29 sys=0.00, real=0.05 secs] 
4791.813: [GC (Allocation Failure) [PSYoungGen: 454608K->102240K(502784K)] 977593K->760176K(1901056K), 0.0837898 secs] [Times: user=0.50 sys=0.00, real=0.08 secs] 
4793.377: [GC (GCLocker Initiated GC) [PSYoungGen: 417120K->147232K(504320K)] 1075057K->903974K(1902592K), 0.0511814 secs] [Times: user=0.30 sys=0.00, real=0.05 secs] 
4796.181: [GC (Allocation Failure) [PSYoungGen: 462112K->105472K(504320K)] 1218856K->1000620K(1902592K), 0.1731624 secs] [Times: user=1.03 sys=0.00, real=0.17 secs] 
4799.117: [GC (Allocation Failure) [PSYoungGen: 422400K->143328K(505344K)] 1317548K->1140409K(1903616K), 0.0515292 secs] [Times: user=0.30 sys=0.01, real=0.05 secs] 
4800.568: [GC (Allocation Failure) [PSYoungGen: 460256K->109296K(503808K)] 1457337K->1240446K(1902080K), 0.0999070 secs] [Times: user=0.60 sys=0.00, real=0.10 secs] 
4802.264: [GC (Allocation Failure) [PSYoungGen: 429808K->149216K(506368K)] 1560958K->1386406K(1904640K), 0.0540774 secs] [Times: user=0.32 sys=0.00, real=0.05 secs] 
4802.318: [Full GC (Ergonomics) [PSYoungGen: 149216K->0K(506368K)] [ParOldGen: 1237190K->195547K(1398272K)] 1386406K->195547K(1904640K), [Metaspace: 60503K->60503K(1105920K)], 0.4626251 secs] [Times: user=2.15 sys=0.00, real=0.47 secs] 
4805.710: [GC (Allocation Failure) [PSYoungGen: 320512K->102768K(510464K)] 516059K->298316K(1908736K), 0.0965396 secs] [Times: user=0.57 sys=0.00, real=0.09 secs] 
4806.982: [GC (Allocation Failure) [PSYoungGen: 425328K->150240K(473088K)] 620876K->444792K(1871360K), 0.0495817 secs] [Times: user=0.29 sys=0.00, real=0.05 secs] 
4809.993: [GC (Allocation Failure) [PSYoungGen: 472800K->106800K(511488K)] 767352K->542833K(1909760K), 0.1643146 secs] [Times: user=0.98 sys=0.00, real=0.16 secs] 
4811.143: [GC (Allocation Failure) [PSYoungGen: 419149K->144576K(508416K)] 855181K->683229K(1906688K), 0.0509517 secs] [Times: user=0.30 sys=0.00, real=0.05 secs] 
4814.736: [GC (Allocation Failure) [PSYoungGen: 465600K->104992K(508416K)] 1004253K->779141K(1906688K), 0.1743168 secs] [Times: user=1.03 sys=0.00, real=0.18 secs] 
4816.026: [GC (Allocation Failure) [PSYoungGen: 417385K->146320K(508928K)] 1091535K->921739K(1907200K), 0.0508532 secs] [Times: user=0.30 sys=0.00, real=0.05 secs] 
4818.558: [GC (Allocation Failure) [PSYoungGen: 469392K->108272K(508928K)] 1244811K->1020715K(1907200K), 0.1519127 secs] [Times: user=0.91 sys=0.00, real=0.16 secs] 
4820.342: [GC (Allocation Failure) [PSYoungGen: 423084K->143488K(509952K)] 1335527K->1160231K(1908224K), 0.0518161 secs] [Times: user=0.31 sys=0.00, real=0.05 secs] 
4825.812: [GC (Allocation Failure) [PSYoungGen: 468608K->104544K(510976K)] 1485351K->1255595K(1909248K), 0.1339330 secs] [Times: user=0.79 sys=0.01, real=0.13 secs] 
4827.179: [GC (Allocation Failure) [PSYoungGen: 432736K->171712K(500224K)] 1583787K->1423024K(1898496K), 0.0534046 secs] [Times: user=0.32 sys=0.00, real=0.05 secs] 
4827.233: [Full GC (Ergonomics) [PSYoungGen: 171712K->0K(500224K)] [ParOldGen: 1251312K->205897K(1398272K)] 1423024K->205897K(1898496K), [Metaspace: 60503K->60503K(1105920K)], 0.4596234 secs] [Times: user=2.04 sys=0.00, real=0.46 secs] 
4830.248: [GC (Allocation Failure) [PSYoungGen: 328192K->107824K(506368K)] 534089K->313722K(1904640K), 0.1735681 secs] [Times: user=1.04 sys=0.00, real=0.18 secs] 
4831.323: [GC (Allocation Failure) [PSYoungGen: 418608K->150864K(503296K)] 624506K->450066K(1901568K), 0.0548790 secs] [Times: user=0.33 sys=0.00, real=0.05 secs] 
4835.820: [GC (Allocation Failure) [PSYoungGen: 461648K->88000K(503296K)] 760850K->537770K(1901568K), 0.1706567 secs] [Times: user=1.01 sys=0.00, real=0.17 secs] 
4836.403: [GC (Allocation Failure) [PSYoungGen: 385602K->141776K(503808K)] 835372K->675643K(1902080K), 0.0495249 secs] [Times: user=0.29 sys=0.00, real=0.05 secs] 
4838.970: [GC (Allocation Failure) [PSYoungGen: 450512K->100256K(498688K)] 984379K->767135K(1896960K), 0.1528404 secs] [Times: user=0.90 sys=0.00, real=0.15 secs] 
4841.232: [GC (Allocation Failure) [PSYoungGen: 409504K->143568K(501248K)] 1076383K->906676K(1899520K), 0.0506682 secs] [Times: user=0.30 sys=0.00, real=0.05 secs] 
4842.610: [GC (Allocation Failure) [PSYoungGen: 452816K->104448K(501248K)] 1215924K->1002144K(1899520K), 0.0854071 secs] [Times: user=0.51 sys=0.00, real=0.08 secs] 
4845.034: [GC (Allocation Failure) [PSYoungGen: 418816K->145568K(503808K)] 1316512K->1144248K(1902080K), 0.0519529 secs] [Times: user=0.31 sys=0.00, real=0.05 secs] 
4848.334: [GC (GCLocker Initiated GC) [PSYoungGen: 459936K->103584K(505856K)] 1458616K->1239141K(1904128K), 0.1671206 secs] [Times: user=1.00 sys=0.00, real=0.17 secs] 
4851.152: [GC (Allocation Failure) [PSYoungGen: 422048K->147264K(506880K)] 1557660K->1382409K(1905152K), 0.0532223 secs] [Times: user=0.32 sys=0.00, real=0.05 secs] 
4851.205: [Full GC (Ergonomics) [PSYoungGen: 147264K->0K(506880K)] [ParOldGen: 1235145K->188554K(1398272K)] 1382409K->188554K(1905152K), [Metaspace: 60503K->60503K(1105920K)], 0.4427826 secs] [Times: user=2.05 sys=0.00, real=0.44 secs] 
4853.460: [GC (Allocation Failure) [PSYoungGen: 318464K->105472K(507392K)] 507018K->294026K(1905664K), 0.0860175 secs] [Times: user=0.50 sys=0.00, real=0.08 secs] 
4855.841: [GC (Allocation Failure) [PSYoungGen: 425472K->149408K(507904K)] 614026K->439335K(1906176K), 0.0513878 secs] [Times: user=0.30 sys=0.00, real=0.05 secs] 
4858.334: [GC (Allocation Failure) [PSYoungGen: 469408K->105696K(507904K)] 759335K->536071K(1906176K), 0.1644965 secs] [Times: user=0.98 sys=0.00, real=0.17 secs] 
4859.674: [GC (Allocation Failure) [PSYoungGen: 425696K->150032K(507904K)] 856071K->682055K(1906176K), 0.0521434 secs] [Times: user=0.30 sys=0.01, real=0.05 secs] 
4862.731: [GC (Allocation Failure) [PSYoungGen: 470032K->105408K(508416K)] 1002055K->778486K(1906688K), 0.1558512 secs] [Times: user=0.92 sys=0.01, real=0.15 secs] 
4863.774: [GC (Allocation Failure) [PSYoungGen: 416561K->147328K(507904K)] 1089640K->921761K(1906176K), 0.0516922 secs] [Times: user=0.30 sys=0.00, real=0.05 secs] 
4867.355: [GC (Allocation Failure) [PSYoungGen: 466816K->105344K(507392K)] 1241249K->1018345K(1905664K), 0.1742404 secs] [Times: user=1.04 sys=0.00, real=0.18 secs] 
4868.124: [GC (Allocation Failure) [PSYoungGen: 417420K->146272K(507904K)] 1330421K->1160750K(1906176K), 0.0511542 secs] [Times: user=0.30 sys=0.00, real=0.05 secs] 
4870.311: [GC (Allocation Failure) [PSYoungGen: 466272K->106464K(507392K)] 1480750K->1258198K(1905664K), 0.1665981 secs] [Times: user=0.98 sys=0.00, real=0.16 secs] 
4871.366: [GC (Allocation Failure) [PSYoungGen: 416738K->145184K(508416K)] 1568473K->1399271K(1906688K), 0.0512109 secs] [Times: user=0.30 sys=0.00, real=0.05 secs] 
4871.418: [Full GC (Ergonomics) [PSYoungGen: 145184K->0K(508416K)] [ParOldGen: 1254087K->197887K(1398272K)] 1399271K->197887K(1906688K), [Metaspace: 60503K->60503K(1105920K)], 0.4674581 secs] [Times: user=2.18 sys=0.00, real=0.47 secs] 
4875.386: [GC (Allocation Failure) [PSYoungGen: 321536K->104832K(508928K)] 519423K->302720K(1907200K), 0.0770157 secs] [Times: user=0.45 sys=0.01, real=0.08 secs] 
4876.808: [GC (Allocation Failure) [PSYoungGen: 417514K->146944K(509952K)] 615402K->445672K(1908224K), 0.0494227 secs] [Times: user=0.29 sys=0.00, real=0.05 secs] 
4881.233: [GC (Allocation Failure) [PSYoungGen: 471040K->107296K(509952K)] 769768K->543612K(1908224K), 0.1542600 secs] [Times: user=0.92 sys=0.00, real=0.15 secs] 
4882.773: [GC (Allocation Failure) [PSYoungGen: 432416K->153344K(478720K)] 868732K->692485K(1876992K), 0.0998628 secs] [Times: user=0.59 sys=0.00, real=0.10 secs] 
4885.933: [GC (Allocation Failure) [PSYoungGen: 474960K->96832K(509952K)] 1014101K->788585K(1908224K), 0.1543890 secs] [Times: user=0.92 sys=0.00, real=0.15 secs] 
4887.025: [GC (Allocation Failure) [PSYoungGen: 417344K->151776K(472576K)] 1109097K->935869K(1870848K), 0.0564246 secs] [Times: user=0.34 sys=0.00, real=0.06 secs] 
4890.741: [GC (Allocation Failure) [PSYoungGen: 472288K->93440K(507392K)] 1256381K->1029057K(1905664K), 0.1490582 secs] [Times: user=0.89 sys=0.00, real=0.15 secs] 
4891.617: [GC (Allocation Failure) [PSYoungGen: 408320K->152320K(467456K)] 1343937K->1174973K(1865728K), 0.0556373 secs] [Times: user=0.33 sys=0.00, real=0.06 secs] 
4894.447: [GC (Allocation Failure) [PSYoungGen: 467200K->95776K(504832K)] 1489853K->1270477K(1903104K), 0.1832541 secs] [Times: user=1.09 sys=0.00, real=0.19 secs] 
4895.153: [GC (Allocation Failure) [PSYoungGen: 405024K->148704K(458240K)] 1579725K->1413317K(1856512K), 0.0557426 secs] [Times: user=0.33 sys=0.01, real=0.06 secs] 
4895.209: [Full GC (Ergonomics) [PSYoungGen: 148704K->0K(458240K)] [ParOldGen: 1264613K->211188K(1398272K)] 1413317K->211188K(1856512K), [Metaspace: 60503K->60503K(1105920K)], 0.4799960 secs] [Times: user=2.23 sys=0.00, real=0.48 secs] 
4898.351: [GC (Allocation Failure) [PSYoungGen: 308319K->91408K(503808K)] 519508K->302597K(1902080K), 0.1533933 secs] [Times: user=0.91 sys=0.01, real=0.15 secs] 
4899.461: [GC (Allocation Failure) [PSYoungGen: 399120K->146912K(454656K)] 610309K->445453K(1852928K), 0.0534473 secs] [Times: user=0.32 sys=0.00, real=0.05 secs] 
4902.540: [GC (Allocation Failure) [PSYoungGen: 454624K->89344K(503296K)] 753165K->534633K(1901568K), 0.1593244 secs] [Times: user=0.95 sys=0.00, real=0.16 secs] 
4903.700: [GC (Allocation Failure) [PSYoungGen: 396032K->144032K(502272K)] 841321K->674758K(1900544K), 0.0494790 secs] [Times: user=0.29 sys=0.00, real=0.05 secs] 
4905.666: [GC (Allocation Failure) [PSYoungGen: 450720K->99936K(498176K)] 981446K->765670K(1896448K), 0.1675017 secs] [Times: user=1.00 sys=0.00, real=0.17 secs] 
4907.433: [GC (Allocation Failure) [PSYoungGen: 406624K->144448K(500224K)] 1072358K->906371K(1898496K), 0.0497382 secs] [Times: user=0.30 sys=0.00, real=0.05 secs] 
4909.250: [GC (GCLocker Initiated GC) [PSYoungGen: 451136K->99888K(501248K)] 1213059K->997132K(1899520K), 0.0674952 secs] [Times: user=0.38 sys=0.00, real=0.06 secs] 
4911.009: [GC (Allocation Failure) [PSYoungGen: 410672K->145600K(502784K)] 1307967K->1139187K(1901056K), 0.0514237 secs] [Times: user=0.31 sys=0.00, real=0.05 secs] 
4914.297: [GC (Allocation Failure) [PSYoungGen: 456384K->102800K(502272K)] 1449971K->1232988K(1900544K), 0.0658936 secs] [Times: user=0.39 sys=0.00, real=0.07 secs] 
4915.594: [GC (Allocation Failure) [PSYoungGen: 416144K->144640K(503808K)] 1546332K->1375580K(1902080K), 0.0533345 secs] [Times: user=0.31 sys=0.01, real=0.05 secs] 
4915.647: [Full GC (Ergonomics) [PSYoungGen: 144640K->0K(503808K)] [ParOldGen: 1230940K->182137K(1398272K)] 1375580K->182137K(1902080K), [Metaspace: 60503K->60503K(1105920K)], 0.4210238 secs] [Times: user=1.94 sys=0.00, real=0.42 secs] 
4917.132: [GC (Allocation Failure) [PSYoungGen: 312181K->105952K(502784K)] 494319K->288089K(1901056K), 0.0333642 secs] [Times: user=0.19 sys=0.00, real=0.03 secs] 
4919.949: [GC (Allocation Failure) [PSYoungGen: 422368K->143808K(504832K)] 604505K->429162K(1903104K), 0.0526582 secs] [Times: user=0.31 sys=0.00, real=0.05 secs] 
4921.439: [GC (Allocation Failure) [PSYoungGen: 459216K->106432K(505344K)] 744571K->526618K(1903616K), 0.0643387 secs] [Times: user=0.38 sys=0.00, real=0.06 secs] 
4924.029: [GC (Allocation Failure) [PSYoungGen: 427456K->146352K(507392K)] 847642K->670296K(1905664K), 0.0522916 secs] [Times: user=0.31 sys=0.00, real=0.05 secs] 
4925.262: [GC (Allocation Failure) [PSYoungGen: 467376K->110016K(506880K)] 991320K->771371K(1905152K), 0.0652797 secs] [Times: user=0.39 sys=0.00, real=0.06 secs] 
4928.362: [GC (Allocation Failure) [PSYoungGen: 433600K->148832K(508416K)] 1094955K->916544K(1906688K), 0.0528083 secs] [Times: user=0.31 sys=0.00, real=0.05 secs] 
4930.990: [GC (Allocation Failure) [PSYoungGen: 472416K->107216K(511488K)] 1240128K->1014677K(1909760K), 0.1692188 secs] [Times: user=1.01 sys=0.01, real=0.17 secs] 
4933.128: [GC (Allocation Failure) [PSYoungGen: 428453K->150576K(476672K)] 1335913K->1161102K(1874944K), 0.0531181 secs] [Times: user=0.32 sys=0.00, real=0.06 secs] 
4935.828: [GC (Allocation Failure) [PSYoungGen: 476208K->107968K(513024K)] 1486734K->1260513K(1911296K), 0.1701117 secs] [Times: user=1.00 sys=0.01, real=0.17 secs] 
4937.287: [GC (Allocation Failure) [PSYoungGen: 417898K->143360K(509952K)] 1570443K->1400162K(1908224K), 0.0510432 secs] [Times: user=0.30 sys=0.00, real=0.05 secs] 
4937.338: [Full GC (Ergonomics) [PSYoungGen: 143360K->0K(509952K)] [ParOldGen: 1256802K->197753K(1398272K)] 1400162K->197753K(1908224K), [Metaspace: 60508K->60508K(1105920K)], 0.4640062 secs] [Times: user=2.14 sys=0.00, real=0.47 secs] 
4940.030: [GC (Allocation Failure) [PSYoungGen: 324096K->107040K(508928K)] 521849K->304793K(1907200K), 0.0974252 secs] [Times: user=0.57 sys=0.00, real=0.09 secs] 
4941.645: [GC (Allocation Failure) [PSYoungGen: 433184K->183792K(509952K)] 630937K->503229K(1908224K), 0.0569963 secs] [Times: user=0.33 sys=0.00, real=0.06 secs] 
4944.038: [GC (Allocation Failure) [PSYoungGen: 509936K->102528K(421888K)] 829373K->555673K(1820160K), 0.1534292 secs] [Times: user=0.92 sys=0.00, real=0.16 secs] 
4944.797: [GC (Allocation Failure) [PSYoungGen: 335488K->112688K(465920K)] 788633K->662702K(1864192K), 0.0508230 secs] [Times: user=0.30 sys=0.00, real=0.05 secs] 
4946.411: [GC (Allocation Failure) [PSYoungGen: 345648K->86784K(465920K)] 895662K->740485K(1864192K), 0.0547970 secs] [Times: user=0.33 sys=0.00, real=0.05 secs] 
4947.711: [GC (Allocation Failure) [PSYoungGen: 319744K->87872K(321024K)] 973445K->828137K(1719296K), 0.0709374 secs] [Times: user=0.42 sys=0.00, real=0.07 secs] 
4947.994: [GC (Allocation Failure) [PSYoungGen: 320832K->113040K(472576K)] 1061097K->935723K(1870848K), 0.0536641 secs] [Times: user=0.31 sys=0.00, real=0.05 secs] 
4949.224: [GC (Allocation Failure) [PSYoungGen: 354192K->64160K(464384K)] 1176875K->999214K(1862656K), 0.0532928 secs] [Times: user=0.31 sys=0.00, real=0.05 secs] 
4951.750: [GC (Allocation Failure) [PSYoungGen: 305312K->110048K(465920K)] 1240366K->1106603K(1864192K), 0.0582267 secs] [Times: user=0.34 sys=0.01, real=0.05 secs] 
4952.847: [GC (Allocation Failure) [PSYoungGen: 361952K->120064K(466944K)] 1358507K->1217275K(1865216K), 0.0593432 secs] [Times: user=0.35 sys=0.00, real=0.06 secs] 
4956.754: [GC (Allocation Failure) [PSYoungGen: 371968K->69616K(476672K)] 1469179K->1286716K(1874944K), 0.1225212 secs] [Times: user=0.73 sys=0.00, real=0.12 secs] 
4957.122: [GC (Allocation Failure) [PSYoungGen: 339952K->130976K(476160K)] 1557052K->1411800K(1874432K), 0.0464640 secs] [Times: user=0.27 sys=0.00, real=0.04 secs] 
4957.168: [Full GC (Ergonomics) [PSYoungGen: 130976K->0K(476160K)] [ParOldGen: 1280824K->209094K(1398272K)] 1411800K->209094K(1874432K), [Metaspace: 60529K->60529K(1105920K)], 0.4675056 secs] [Times: user=2.14 sys=0.00, real=0.47 secs] 
4960.647: [GC (Allocation Failure) [PSYoungGen: 270336K->72800K(491008K)] 479430K->281894K(1889280K), 0.0624886 secs] [Times: user=0.37 sys=0.00, real=0.07 secs] 
4962.867: [GC (Allocation Failure) [PSYoungGen: 361056K->132304K(489472K)] 570150K->410620K(1887744K), 0.0430143 secs] [Times: user=0.25 sys=0.00, real=0.05 secs] 
4964.816: [GC (Allocation Failure) [PSYoungGen: 420560K->97696K(487936K)] 698876K->498951K(1886208K), 0.0609017 secs] [Times: user=0.37 sys=0.00, real=0.06 secs] 
4966.124: [GC (Allocation Failure) [PSYoungGen: 395168K->130320K(491520K)] 796423K->627721K(1889792K), 0.0610782 secs] [Times: user=0.36 sys=0.00, real=0.06 secs] 
4970.028: [GC (Allocation Failure) [PSYoungGen: 427792K->113376K(487424K)] 925193K->730464K(1885696K), 0.0620540 secs] [Times: user=0.37 sys=0.01, real=0.07 secs] 
4973.975: [GC (Allocation Failure) [PSYoungGen: 425184K->124160K(496640K)] 1042272K->854440K(1894912K), 0.0752732 secs] [Times: user=0.44 sys=0.00, real=0.08 secs] 
4975.221: [GC (Allocation Failure) [PSYoungGen: 435968K->123776K(504832K)] 1166248K->968045K(1903104K), 0.0629161 secs] [Times: user=0.38 sys=0.00, real=0.06 secs] 
4979.304: [GC (Allocation Failure) [PSYoungGen: 456064K->130096K(510976K)] 1300333K->1098022K(1909248K), 0.0761944 secs] [Times: user=0.45 sys=0.01, real=0.08 secs] 
4981.492: [GC (Allocation Failure) [PSYoungGen: 462384K->2560K(494592K)] 1430310K->970550K(1892864K), 0.0024198 secs] [Times: user=0.01 sys=0.00, real=0.00 secs] 
4983.735: [GC (Allocation Failure) [PSYoungGen: 319488K->145552K(462848K)] 1287478K->1114730K(1861120K), 0.0370090 secs] [Times: user=0.21 sys=0.00, real=0.04 secs] 
4984.888: [GC (Allocation Failure) [PSYoungGen: 462480K->113216K(508928K)] 1431658K->1210410K(1907200K), 0.0646099 secs] [Times: user=0.39 sys=0.00, real=0.07 secs] 
4987.959: [GC (Allocation Failure) [PSYoungGen: 425024K->136352K(501760K)] 1522218K->1345174K(1900032K), 0.0625678 secs] [Times: user=0.37 sys=0.00, real=0.06 secs] 
4988.021: [Full GC (Ergonomics) [PSYoungGen: 136352K->0K(501760K)] [ParOldGen: 1208822K->153734K(1398272K)] 1345174K->153734K(1900032K), [Metaspace: 60531K->60531K(1105920K)], 0.3543641 secs] [Times: user=1.62 sys=0.00, real=0.35 secs] 
4989.467: [GC (Allocation Failure) [PSYoungGen: 311808K->112288K(499200K)] 465542K->266022K(1897472K), 0.0394911 secs] [Times: user=0.24 sys=0.00, real=0.04 secs] 
4991.224: [GC (GCLocker Initiated GC) [PSYoungGen: 429728K->138928K(501248K)] 583463K->404197K(1899520K), 0.0575701 secs] [Times: user=0.34 sys=0.00, real=0.06 secs] 
4994.249: [GC (Allocation Failure) [PSYoungGen: 456368K->111072K(505344K)] 721641K->506240K(1903616K), 0.0640699 secs] [Times: user=0.38 sys=0.00, real=0.07 secs] 
4996.851: [GC (Allocation Failure) [PSYoungGen: 439776K->144480K(508928K)] 834944K->649541K(1907200K), 0.0545309 secs] [Times: user=0.33 sys=0.00, real=0.05 secs] 
4998.857: [GC (Allocation Failure) [PSYoungGen: 473184K->114448K(510976K)] 978245K->754654K(1909248K), 0.0663784 secs] [Times: user=0.40 sys=0.00, real=0.07 secs] 
5001.700: [GC (Allocation Failure) [PSYoungGen: 448272K->151504K(512512K)] 1088478K->903890K(1910784K), 0.0570504 secs] [Times: user=0.33 sys=0.00, real=0.05 secs] 
5004.435: [GC (Allocation Failure) [PSYoungGen: 485328K->111216K(515584K)] 1237714K->1005935K(1913856K), 0.0688083 secs] [Times: user=0.41 sys=0.00, real=0.07 secs] 
5006.426: [GC (Allocation Failure) [PSYoungGen: 445040K->156544K(490496K)] 1339759K->1158939K(1888768K), 0.0571920 secs] [Times: user=0.34 sys=0.00, real=0.06 secs] 
5008.795: [GC (Allocation Failure) [PSYoungGen: 490368K->112000K(515584K)] 1492763K->1262355K(1913856K), 0.1711355 secs] [Times: user=1.02 sys=0.00, real=0.17 secs] 
5009.697: [GC (Allocation Failure) [PSYoungGen: 439680K->155680K(483840K)] 1590035K->1414571K(1882112K), 0.0552849 secs] [Times: user=0.33 sys=0.00, real=0.06 secs] 
5009.752: [Full GC (Ergonomics) [PSYoungGen: 155680K->0K(483840K)] [ParOldGen: 1258891K->212119K(1398272K)] 1414571K->212119K(1882112K), [Metaspace: 60531K->60531K(1105920K)], 0.4850370 secs] [Times: user=2.25 sys=0.00, real=0.48 secs] 
5014.314: [GC (Allocation Failure) [PSYoungGen: 327680K->97232K(510976K)] 539799K->309352K(1909248K), 0.1687285 secs] [Times: user=1.01 sys=0.00, real=0.17 secs] 
5014.792: [GC (Allocation Failure) [PSYoungGen: 418768K->154960K(476672K)] 630888K->458366K(1874944K), 0.0563322 secs] [Times: user=0.33 sys=0.00, real=0.05 secs] 
5018.776: [GC (Allocation Failure) [PSYoungGen: 476496K->96624K(506880K)] 779902K->554246K(1905152K), 0.1651177 secs] [Times: user=0.98 sys=0.00, real=0.17 secs] 
5019.178: [GC (Allocation Failure) [PSYoungGen: 409968K->152928K(466432K)] 867590K->701194K(1864704K), 0.0559886 secs] [Times: user=0.34 sys=0.01, real=0.06 secs] 
5023.790: [GC (Allocation Failure) [PSYoungGen: 466272K->89632K(503808K)] 1014538K->790530K(1902080K), 0.1662410 secs] [Times: user=0.99 sys=0.00, real=0.16 secs] 
5024.208: [GC (Allocation Failure) [PSYoungGen: 397344K->149152K(457216K)] 1098242K->933619K(1855488K), 0.0546075 secs] [Times: user=0.32 sys=0.00, real=0.06 secs] 
5027.556: [GC (Allocation Failure) [PSYoungGen: 456864K->89936K(502272K)] 1241331K->1023088K(1900544K), 0.1602746 secs] [Times: user=0.95 sys=0.00, real=0.16 secs] 
5028.057: [GC (Allocation Failure) [PSYoungGen: 394576K->146304K(451072K)] 1327728K->1163644K(1849344K), 0.0538589 secs] [Times: user=0.30 sys=0.02, real=0.06 secs] 
5031.164: [GC (Allocation Failure) [PSYoungGen: 450944K->91616K(502272K)] 1468284K->1254116K(1900544K), 0.1708510 secs] [Times: user=1.01 sys=0.00, real=0.17 secs] 
5032.050: [GC (Allocation Failure) [PSYoungGen: 384186K->139200K(443392K)] 1546686K->1389309K(1841664K), 0.0509797 secs] [Times: user=0.30 sys=0.00, real=0.05 secs] 
5032.101: [Full GC (Ergonomics) [PSYoungGen: 139200K->0K(443392K)] [ParOldGen: 1250109K->197217K(1398272K)] 1389309K->197217K(1841664K), [Metaspace: 60534K->59632K(1105920K)], 0.4788453 secs] [Times: user=2.17 sys=0.00, real=0.48 secs] 
5034.458: [GC (Allocation Failure) [PSYoungGen: 304128K->98432K(502784K)] 501345K->295649K(1901056K), 0.0997674 secs] [Times: user=0.59 sys=0.00, real=0.10 secs] 
5036.775: [GC (Allocation Failure) [PSYoungGen: 405632K->140992K(499712K)] 602849K->432590K(1897984K), 0.0480730 secs] [Times: user=0.28 sys=0.00, real=0.05 secs] 
5038.271: [GC (Allocation Failure) [PSYoungGen: 448192K->104144K(500736K)] 739790K->527983K(1899008K), 0.0728308 secs] [Times: user=0.43 sys=0.00, real=0.07 secs] 
5040.910: [GC (Allocation Failure) [PSYoungGen: 417488K->145072K(502272K)] 841327K->667587K(1900544K), 0.0511217 secs] [Times: user=0.30 sys=0.00, real=0.05 secs] 
5042.118: [GC (Allocation Failure) [PSYoungGen: 458416K->105712K(504320K)] 980931K->764123K(1902592K), 0.0649484 secs] [Times: user=0.38 sys=0.01, real=0.07 secs] 
5044.110: [GC (Allocation Failure) [PSYoungGen: 424176K->153712K(505856K)] 1082587K->914104K(1904128K), 0.0520112 secs] [Times: user=0.31 sys=0.00, real=0.05 secs] 
5045.950: [GC (Allocation Failure) [PSYoungGen: 472176K->106208K(507392K)] 1232568K->1002656K(1905664K), 0.0641600 secs] [Times: user=0.38 sys=0.00, real=0.06 secs] 
5050.251: [GC (Allocation Failure) [PSYoungGen: 423136K->144512K(505856K)] 1319584K->1143284K(1904128K), 0.0528291 secs] [Times: user=0.31 sys=0.00, real=0.05 secs] 
5052.669: [GC (Allocation Failure) [PSYoungGen: 461440K->106144K(505344K)] 1460212K->1240436K(1903616K), 0.0757503 secs] [Times: user=0.45 sys=0.00, real=0.07 secs] 
5054.609: [GC (Allocation Failure) [PSYoungGen: 425632K->148960K(506880K)] 1559924K->1386069K(1905152K), 0.0540307 secs] [Times: user=0.32 sys=0.00, real=0.05 secs] 
5054.663: [Full GC (Ergonomics) [PSYoungGen: 148960K->0K(506880K)] [ParOldGen: 1237109K->186639K(1398272K)] 1386069K->186639K(1905152K), [Metaspace: 59645K->59645K(1105920K)], 0.4400407 secs] [Times: user=2.04 sys=0.00, real=0.44 secs] 
5056.807: [GC (Allocation Failure) [PSYoungGen: 319488K->107072K(507392K)] 506127K->293711K(1905664K), 0.0371715 secs] [Times: user=0.22 sys=0.00, real=0.04 secs] 
5058.859: [GC (Allocation Failure) [PSYoungGen: 428096K->150000K(507904K)] 614735K->439263K(1906176K), 0.0519962 secs] [Times: user=0.30 sys=0.00, real=0.05 secs] 
5063.365: [GC (Allocation Failure) [PSYoungGen: 471024K->106656K(508928K)] 760287K->536395K(1907200K), 0.1645900 secs] [Times: user=0.88 sys=0.00, real=0.17 secs] 
5065.188: [GC (Allocation Failure) [PSYoungGen: 427680K->147776K(508416K)] 857419K->680824K(1906688K), 0.0515735 secs] [Times: user=0.31 sys=0.00, real=0.06 secs] 
5067.623: [GC (GCLocker Initiated GC) [PSYoungGen: 468800K->105808K(507904K)] 1001848K->777673K(1906176K), 0.1471144 secs] [Times: user=0.87 sys=0.00, real=0.15 secs] 
5068.873: [GC (Allocation Failure) [PSYoungGen: 427344K->143424K(508416K)] 1115595K->933629K(1906688K), 0.2608352 secs] [Times: user=1.55 sys=0.00, real=0.26 secs] 
5072.979: [GC (Allocation Failure) [PSYoungGen: 464960K->95392K(510976K)] 1255165K->1029317K(1909248K), 0.4472387 secs] [Times: user=2.67 sys=0.01, real=0.44 secs] 
5074.013: [GC (Allocation Failure) [PSYoungGen: 419488K->156384K(480768K)] 1353413K->1179766K(1879040K), 0.0562013 secs] [Times: user=0.34 sys=0.00, real=0.06 secs] 
5077.881: [GC (Allocation Failure) [PSYoungGen: 480480K->97568K(507392K)] 1503862K->1276574K(1905664K), 0.1745502 secs] [Times: user=1.03 sys=0.00, real=0.17 secs] 
5078.384: [GC (Allocation Failure) [PSYoungGen: 411936K->153472K(467968K)] 1590942K->1424163K(1866240K), 0.0569465 secs] [Times: user=0.34 sys=0.00, real=0.06 secs] 
5078.441: [Full GC (Ergonomics) [PSYoungGen: 153472K->0K(467968K)] [ParOldGen: 1270691K->220889K(1398272K)] 1424163K->220889K(1866240K), [Metaspace: 59645K->59645K(1105920K)], 0.5399608 secs] [Times: user=2.53 sys=0.00, real=0.54 secs] 
5081.978: [GC (Allocation Failure) [PSYoungGen: 314368K->91520K(504320K)] 535257K->312409K(1902592K), 0.1032238 secs] [Times: user=0.61 sys=0.00, real=0.11 secs] 
5082.372: [GC (Allocation Failure) [PSYoungGen: 400256K->150528K(459776K)] 621145K->456850K(1858048K), 0.0538805 secs] [Times: user=0.32 sys=0.00, real=0.05 secs] 
5085.931: [GC (Allocation Failure) [PSYoungGen: 459264K->89744K(502272K)] 765586K->546215K(1900544K), 0.1641934 secs] [Times: user=0.97 sys=0.00, real=0.16 secs] 
5086.898: [GC (Allocation Failure) [PSYoungGen: 394384K->164800K(469504K)] 850855K->704955K(1867776K), 0.0542816 secs] [Times: user=0.32 sys=0.00, real=0.06 secs] 
5090.357: [GC (Allocation Failure) [PSYoungGen: 469440K->87824K(495104K)] 1009595K->776124K(1893376K), 0.1721518 secs] [Times: user=1.02 sys=0.00, real=0.18 secs] 
5091.418: [GC (Allocation Failure) [PSYoungGen: 378128K->137056K(427520K)] 1066428K->909296K(1825792K), 0.0479571 secs] [Times: user=0.29 sys=0.00, real=0.05 secs] 
5093.982: [GC (Allocation Failure) [PSYoungGen: 427360K->93744K(494080K)] 1199600K->993873K(1892352K), 0.0618937 secs] [Times: user=0.35 sys=0.00, real=0.06 secs] 
5095.393: [GC (Allocation Failure) [PSYoungGen: 386608K->136432K(491520K)] 1286737K->1126877K(1889792K), 0.0478183 secs] [Times: user=0.28 sys=0.00, real=0.05 secs] 
5097.507: [GC (Allocation Failure) [PSYoungGen: 429296K->97472K(497152K)] 1419741K->1214817K(1895424K), 0.0626492 secs] [Times: user=0.37 sys=0.00, real=0.07 secs] 
5099.352: [GC (Allocation Failure) [PSYoungGen: 399552K->143776K(495616K)] 1516897K->1356814K(1893888K), 0.0548124 secs] [Times: user=0.33 sys=0.00, real=0.05 secs] 
5101.407: [GC (Allocation Failure) [PSYoungGen: 445856K->108256K(496640K)] 1658894K->1447534K(1894912K), 0.0681768 secs] [Times: user=0.40 sys=0.00, real=0.07 secs] 
5101.476: [Full GC (Ergonomics) [PSYoungGen: 108256K->0K(496640K)] [ParOldGen: 1339278K->16169K(1398272K)] 1447534K->16169K(1894912K), [Metaspace: 59646K->59642K(1105920K)], 0.0301900 secs] [Times: user=0.07 sys=0.01, real=0.03 secs] 
5103.426: [GC (Allocation Failure) [PSYoungGen: 310272K->132480K(500224K)] 326441K->148649K(1898496K), 0.0355862 secs] [Times: user=0.21 sys=0.00, real=0.04 secs] 
5104.590: [GC (Allocation Failure) [PSYoungGen: 442752K->1920K(483840K)] 458921K->18230K(1882112K), 0.0013719 secs] [Times: user=0.00 sys=0.00, real=0.00 secs] 
5107.338: [GC (Allocation Failure) [PSYoungGen: 298368K->122656K(497664K)] 314678K->139666K(1895936K), 0.0360007 secs] [Times: user=0.20 sys=0.00, real=0.04 secs] 
5108.965: [GC (Allocation Failure) [PSYoungGen: 419104K->124800K(486400K)] 436114K->254702K(1884672K), 0.0620102 secs] [Times: user=0.37 sys=0.00, real=0.06 secs] 
5111.493: [GC (Allocation Failure) [PSYoungGen: 425344K->105856K(494080K)] 555246K->360602K(1892352K), 0.0866525 secs] [Times: user=0.51 sys=0.00, real=0.09 secs] 
5113.526: [GC (Allocation Failure) [PSYoungGen: 406400K->143200K(501760K)] 661146K->492511K(1900032K), 0.0606894 secs] [Times: user=0.36 sys=0.00, real=0.06 secs] 
5115.768: [GC (Allocation Failure) [PSYoungGen: 458592K->99584K(505856K)] 807903K->592123K(1904128K), 0.0941098 secs] [Times: user=0.56 sys=0.00, real=0.10 secs] 
5117.527: [GC (Allocation Failure) [PSYoungGen: 414976K->149760K(500736K)] 907515K->730096K(1899008K), 0.0608984 secs] [Times: user=0.36 sys=0.01, real=0.06 secs] 
5120.621: [GC (GCLocker Initiated GC) [PSYoungGen: 464640K->99824K(506880K)] 1044976K->829973K(1905152K), 0.0986681 secs] [Times: user=0.58 sys=0.00, real=0.10 secs] 
5121.827: [GC (Allocation Failure) [PSYoungGen: 414704K->149440K(500224K)] 1144855K->967893K(1898496K), 0.0608934 secs] [Times: user=0.36 sys=0.00, real=0.06 secs] 
5123.093: [GC (Allocation Failure) [PSYoungGen: 462272K->104480K(505856K)] 1280725K->1072409K(1904128K), 0.0898458 secs] [Times: user=0.53 sys=0.00, real=0.09 secs] 
5125.064: [GC (Allocation Failure) [PSYoungGen: 417312K->143872K(503808K)] 1385241K->1205574K(1902080K), 0.0618436 secs] [Times: user=0.37 sys=0.00, real=0.06 secs] 
5127.308: [GC (Allocation Failure) [PSYoungGen: 459776K->102544K(506368K)] 1521478K->1307755K(1904640K), 0.1005741 secs] [Times: user=0.59 sys=0.00, real=0.10 secs] 
5127.409: [Full GC (Ergonomics) [PSYoungGen: 102544K->0K(506368K)] [ParOldGen: 1205210K->116221K(1398272K)] 1307755K->116221K(1904640K), [Metaspace: 59642K->59642K(1105920K)], 0.2719522 secs] [Times: user=1.25 sys=0.01, real=0.27 secs] 
5129.019: [GC (Allocation Failure) [PSYoungGen: 315904K->145504K(503296K)] 432125K->261725K(1901568K), 0.0525442 secs] [Times: user=0.31 sys=0.00, real=0.05 secs] 
5132.050: [GC (Allocation Failure) [PSYoungGen: 462432K->104320K(506880K)] 578653K->366197K(1905152K), 0.1092358 secs] [Times: user=0.65 sys=0.00, real=0.11 secs] 
5133.227: [GC (Allocation Failure) [PSYoungGen: 421248K->145088K(505344K)] 683125K->500698K(1903616K), 0.0625010 secs] [Times: user=0.35 sys=0.02, real=0.07 secs] 
5137.228: [GC (Allocation Failure) [PSYoungGen: 464576K->108992K(508416K)] 820186K->608378K(1906688K), 0.0899846 secs] [Times: user=0.53 sys=0.00, real=0.09 secs] 
5139.155: [GC (Allocation Failure) [PSYoungGen: 428480K->139616K(507904K)] 927866K->737382K(1906176K), 0.0616473 secs] [Times: user=0.37 sys=0.00, real=0.06 secs] 
5142.056: [GC (Allocation Failure) [PSYoungGen: 463200K->113968K(508416K)] 1060966K->851331K(1906688K), 0.0880902 secs] [Times: user=0.52 sys=0.00, real=0.09 secs] 
5143.342: [GC (Allocation Failure) [PSYoungGen: 437552K->134592K(510976K)] 1174915K->975183K(1909248K), 0.0621037 secs] [Times: user=0.37 sys=0.01, real=0.06 secs] 
5146.419: [GC (Allocation Failure) [PSYoungGen: 465344K->126384K(509952K)] 1305935K->1101232K(1908224K), 0.0727430 secs] [Times: user=0.43 sys=0.00, real=0.07 secs] 
5148.130: [GC (Allocation Failure) [PSYoungGen: 457136K->2544K(492544K)] 1431984K->977424K(1890816K), 0.0037566 secs] [Times: user=0.02 sys=0.00, real=0.00 secs] 
5151.208: [GC (Allocation Failure) [PSYoungGen: 320496K->134048K(452096K)] 1295376K->1109940K(1850368K), 0.0375180 secs] [Times: user=0.22 sys=0.00, real=0.04 secs] 
5152.371: [GC (Allocation Failure) [PSYoungGen: 452000K->115568K(515072K)] 1427892K->1216193K(1913344K), 0.0645552 secs] [Times: user=0.39 sys=0.00, real=0.06 secs] 
5155.635: [GC (Allocation Failure) [PSYoungGen: 439664K->138688K(507904K)] 1540289K->1353077K(1906176K), 0.0642804 secs] [Times: user=0.38 sys=0.00, real=0.07 secs] 
5155.700: [Full GC (Ergonomics) [PSYoungGen: 138688K->0K(507904K)] [ParOldGen: 1214389K->153278K(1398272K)] 1353077K->153278K(1906176K), [Metaspace: 59681K->59681K(1105920K)], 0.3377710 secs] [Times: user=1.40 sys=0.00, real=0.33 secs] 
5158.702: [GC (Allocation Failure) [PSYoungGen: 324096K->112560K(507904K)] 477374K->265839K(1906176K), 0.0402217 secs] [Times: user=0.24 sys=0.00, real=0.04 secs] 
5160.259: [GC (Allocation Failure) [PSYoungGen: 441776K->146048K(508928K)] 595055K->410630K(1907200K), 0.0586997 secs] [Times: user=0.35 sys=0.00, real=0.06 secs] 
5163.514: [GC (Allocation Failure) [PSYoungGen: 475264K->113328K(513536K)] 739846K->514259K(1911808K), 0.0800564 secs] [Times: user=0.47 sys=0.00, real=0.08 secs] 
5166.098: [GC (Allocation Failure) [PSYoungGen: 448176K->151552K(486912K)] 849107K->663311K(1885184K), 0.0552680 secs] [Times: user=0.33 sys=0.00, real=0.06 secs] 
5168.330: [GC (Allocation Failure) [PSYoungGen: 486400K->116352K(519168K)] 998159K->769911K(1917440K), 0.0665140 secs] [Times: user=0.39 sys=0.00, real=0.06 secs] 
5171.423: [GC (Allocation Failure) [PSYoungGen: 450176K->153232K(487424K)] 1103735K->919453K(1885696K), 0.0558421 secs] [Times: user=0.33 sys=0.00, real=0.06 secs] 
5175.192: [GC (Allocation Failure) [PSYoungGen: 487056K->111792K(517120K)] 1253277K->1022321K(1915392K), 0.1560969 secs] [Times: user=0.92 sys=0.01, real=0.15 secs] 
5175.879: [GC (Allocation Failure) [PSYoungGen: 443056K->156384K(487936K)] 1353585K->1174573K(1886208K), 0.0549061 secs] [Times: user=0.33 sys=0.00, real=0.05 secs] 
5180.465: [GC (Allocation Failure) [PSYoungGen: 487648K->99376K(512000K)] 1505837K->1273446K(1910272K), 0.1622663 secs] [Times: user=0.96 sys=0.00, real=0.16 secs] 
5180.917: [GC (Allocation Failure) [PSYoungGen: 422960K->156928K(480768K)] 1597030K->1424570K(1879040K), 0.0572135 secs] [Times: user=0.34 sys=0.00, real=0.06 secs] 
5180.974: [Full GC (Ergonomics) [PSYoungGen: 156928K->0K(480768K)] [ParOldGen: 1267642K->222431K(1398272K)] 1424570K->222431K(1879040K), [Metaspace: 59681K->59681K(1105920K)], 0.5229922 secs] [Times: user=2.45 sys=0.00, real=0.52 secs] 
5184.698: [GC (Allocation Failure) [PSYoungGen: 323584K->100656K(508416K)] 546015K->323088K(1906688K), 0.1051144 secs] [Times: user=0.62 sys=0.00, real=0.11 secs] 
5185.060: [GC (Allocation Failure) [PSYoungGen: 416560K->153312K(469504K)] 638992K->465864K(1867776K), 0.0557920 secs] [Times: user=0.33 sys=0.01, real=0.05 secs] 
5189.512: [GC (Allocation Failure) [PSYoungGen: 469216K->92224K(504832K)] 781768K->557808K(1903104K), 0.1417189 secs] [Times: user=0.84 sys=0.00, real=0.14 secs] 
5189.883: [GC (Allocation Failure) [PSYoungGen: 402496K->150592K(461312K)] 868080K->702413K(1859584K), 0.0553197 secs] [Times: user=0.33 sys=0.00, real=0.05 secs] 
5194.161: [GC (Allocation Failure) [PSYoungGen: 460864K->88896K(502784K)] 1012685K->790841K(1901056K), 0.1575031 secs] [Times: user=0.93 sys=0.00, real=0.16 secs] 
5194.552: [GC (Allocation Failure) [PSYoungGen: 394560K->149280K(455168K)] 1096505K->934182K(1853440K), 0.0542550 secs] [Times: user=0.33 sys=0.00, real=0.05 secs] 
5197.867: [GC (Allocation Failure) [PSYoungGen: 454944K->87936K(501248K)] 1239846K->1021806K(1899520K), 0.1345605 secs] [Times: user=0.80 sys=0.00, real=0.14 secs] 
5198.454: [GC (Allocation Failure) [PSYoungGen: 390528K->147296K(450048K)] 1324398K->1162955K(1848320K), 0.0529314 secs] [Times: user=0.31 sys=0.00, real=0.05 secs] 
5201.034: [GC (Allocation Failure) [PSYoungGen: 449888K->88160K(500736K)] 1465547K->1250523K(1899008K), 0.1741204 secs] [Times: user=1.04 sys=0.00, real=0.17 secs] 
5202.558: [GC (Allocation Failure) [PSYoungGen: 386314K->142128K(499200K)] 1548677K->1388501K(1897472K), 0.0495927 secs] [Times: user=0.30 sys=0.00, real=0.05 secs] 
5202.608: [Full GC (Ergonomics) [PSYoungGen: 142128K->0K(499200K)] [ParOldGen: 1246372K->196064K(1398272K)] 1388501K->196064K(1897472K), [Metaspace: 59681K->59681K(1105920K)], 0.4572775 secs] [Times: user=2.12 sys=0.00, real=0.46 secs] 
5204.634: [GC (Allocation Failure) [PSYoungGen: 301056K->98576K(494592K)] 497120K->294641K(1892864K), 0.0608910 secs] [Times: user=0.35 sys=0.00, real=0.06 secs] 
5206.608: [GC (Allocation Failure) [PSYoungGen: 400656K->140400K(497152K)] 596721K->431178K(1895424K), 0.0475699 secs] [Times: user=0.28 sys=0.00, real=0.05 secs] 
5207.824: [GC (Allocation Failure) [PSYoungGen: 442480K->101440K(496640K)] 733258K->523257K(1894912K), 0.0623786 secs] [Times: user=0.37 sys=0.00, real=0.06 secs] 
5211.425: [GC (Allocation Failure) [PSYoungGen: 410176K->137216K(500224K)] 831993K->658166K(1898496K), 0.0506400 secs] [Times: user=0.30 sys=0.00, real=0.05 secs] 
5213.048: [GC (Allocation Failure) [PSYoungGen: 445952K->103856K(499200K)] 966902K->752683K(1897472K), 0.0730171 secs] [Times: user=0.44 sys=0.00, real=0.08 secs] 
5214.872: [GC (Allocation Failure) [PSYoungGen: 420784K->147104K(503808K)] 1069611K->897423K(1902080K), 0.0529900 secs] [Times: user=0.31 sys=0.00, real=0.05 secs] 
5216.728: [GC (Allocation Failure) [PSYoungGen: 464032K->105104K(507904K)] 1214351K->993364K(1906176K), 0.1008605 secs] [Times: user=0.60 sys=0.00, real=0.10 secs] 
5218.702: [GC (Allocation Failure) [PSYoungGen: 427152K->156512K(478720K)] 1315412K->1147780K(1876992K), 0.0543788 secs] [Times: user=0.32 sys=0.00, real=0.05 secs] 
5220.704: [GC (Allocation Failure) [PSYoungGen: 476532K->108912K(509952K)] 1467800K->1239457K(1908224K), 0.0658522 secs] [Times: user=0.39 sys=0.00, real=0.07 secs] 
5223.146: [GC (Allocation Failure) [PSYoungGen: 425840K->145104K(505856K)] 1556385K->1382317K(1904128K), 0.0547327 secs] [Times: user=0.32 sys=0.00, real=0.06 secs] 
5223.201: [Full GC (Ergonomics) [PSYoungGen: 145104K->0K(505856K)] [ParOldGen: 1237213K->181432K(1398272K)] 1382317K->181432K(1904128K), [Metaspace: 59681K->59681K(1105920K)], 0.4258854 secs] [Times: user=1.98 sys=0.00, real=0.42 secs] 
5225.149: [GC (Allocation Failure) [PSYoungGen: 316928K->108672K(505344K)] 498360K->290104K(1903616K), 0.0335314 secs] [Times: user=0.20 sys=0.00, real=0.04 secs] 
5227.791: [GC (Allocation Failure) [PSYoungGen: 428160K->146160K(506368K)] 609592K->430333K(1904640K), 0.0525134 secs] [Times: user=0.31 sys=0.00, real=0.05 secs] 
5229.716: [GC (Allocation Failure) [PSYoungGen: 465648K->108800K(506880K)] 749821K->529964K(1905152K), 0.0791137 secs] [Times: user=0.47 sys=0.00, real=0.08 secs] 
5232.442: [GC (Allocation Failure) [PSYoungGen: 431872K->159232K(482816K)] 853036K->685569K(1881088K), 0.0535875 secs] [Times: user=0.32 sys=0.00, real=0.05 secs] 
5234.809: [GC (Allocation Failure) [PSYoungGen: 482304K->105376K(508928K)] 1008641K->773769K(1907200K), 0.1054278 secs] [Times: user=0.63 sys=0.01, real=0.10 secs] 
5237.499: [GC (Allocation Failure) [PSYoungGen: 421792K->147840K(506368K)] 1090185K->917678K(1904640K), 0.0515356 secs] [Times: user=0.30 sys=0.00, real=0.05 secs] 
5239.580: [GC (Allocation Failure) [PSYoungGen: 464256K->103200K(506368K)] 1234094K->1011734K(1904640K), 0.0913152 secs] [Times: user=0.55 sys=0.00, real=0.09 secs] 
5241.969: [GC (Allocation Failure) [PSYoungGen: 420640K->148832K(506880K)] 1329174K->1157503K(1905152K), 0.0510435 secs] [Times: user=0.31 sys=0.00, real=0.05 secs] 
5244.951: [GC (Allocation Failure) [PSYoungGen: 466272K->102064K(507392K)] 1474943K->1250888K(1905664K), 0.0801218 secs] [Times: user=0.47 sys=0.00, real=0.08 secs] 
5246.967: [GC (Allocation Failure) [PSYoungGen: 420016K->148800K(466944K)] 1568840K->1396240K(1865216K), 0.0512063 secs] [Times: user=0.30 sys=0.00, real=0.05 secs] 
5247.018: [Full GC (Ergonomics) [PSYoungGen: 148800K->0K(466944K)] [ParOldGen: 1247440K->193295K(1398272K)] 1396240K->193295K(1865216K), [Metaspace: 59681K->59681K(1105920K)], 0.4646988 secs] [Times: user=2.15 sys=0.00, real=0.47 secs] 
5248.899: [GC (Allocation Failure) [PSYoungGen: 317952K->102976K(508928K)] 511247K->296271K(1907200K), 0.0423863 secs] [Times: user=0.25 sys=0.01, real=0.04 secs] 
5251.475: [GC (Allocation Failure) [PSYoungGen: 419904K->149664K(466944K)] 613199K->441492K(1865216K), 0.0501519 secs] [Times: user=0.30 sys=0.00, real=0.05 secs] 
5253.580: [GC (Allocation Failure) [PSYoungGen: 466592K->104640K(508928K)] 758420K->537288K(1907200K), 0.1068910 secs] [Times: user=0.64 sys=0.00, real=0.10 secs] 
5255.171: [GC (GCLocker Initiated GC) [PSYoungGen: 421056K->148048K(506368K)] 853704K->681250K(1904640K), 0.1323207 secs] [Times: user=0.78 sys=0.00, real=0.13 secs] 
5257.751: [GC (Allocation Failure) [PSYoungGen: 464464K->104960K(505856K)] 997686K->777373K(1904128K), 0.0803146 secs] [Times: user=0.48 sys=0.00, real=0.08 secs] 
5258.511: [GC (Allocation Failure) [PSYoungGen: 416752K->146800K(506368K)] 1089165K->920006K(1904640K), 0.0521678 secs] [Times: user=0.29 sys=0.00, real=0.05 secs] 
5260.938: [GC (Allocation Failure) [PSYoungGen: 463728K->102624K(506880K)] 1236934K->1013522K(1905152K), 0.1735761 secs] [Times: user=1.03 sys=0.00, real=0.18 secs] 
5262.349: [GC (Allocation Failure) [PSYoungGen: 418935K->148320K(507392K)] 1329833K->1158062K(1905664K), 0.0505857 secs] [Times: user=0.30 sys=0.00, real=0.05 secs] 
5266.757: [GC (Allocation Failure) [PSYoungGen: 466784K->101824K(507904K)] 1476526K->1251215K(1906176K), 0.1229448 secs] [Times: user=0.72 sys=0.00, real=0.13 secs] 
5268.570: [GC (Allocation Failure) [PSYoungGen: 420800K->148032K(467456K)] 1570191K->1395719K(1865728K), 0.0710304 secs] [Times: user=0.41 sys=0.00, real=0.07 secs] 
5268.641: [Full GC (Ergonomics) [PSYoungGen: 148032K->0K(467456K)] [ParOldGen: 1247687K->195578K(1398272K)] 1395719K->195578K(1865728K), [Metaspace: 59681K->59681K(1105920K)], 0.4640544 secs] [Times: user=2.08 sys=0.00, real=0.46 secs] 
5271.100: [GC (Allocation Failure) [PSYoungGen: 318976K->100640K(509440K)] 514554K->296218K(1907712K), 0.0554891 secs] [Times: user=0.33 sys=0.00, real=0.05 secs] 
5273.042: [GC (Allocation Failure) [PSYoungGen: 418592K->150336K(468480K)] 614170K->442419K(1866752K), 0.0492600 secs] [Times: user=0.29 sys=0.00, real=0.05 secs] 
5275.285: [GC (GCLocker Initiated GC) [PSYoungGen: 468288K->105776K(509440K)] 760371K->539484K(1907712K), 0.1316583 secs] [Times: user=0.78 sys=0.01, real=0.13 secs] 
5276.841: [GC (Allocation Failure) [PSYoungGen: 422704K->138064K(455168K)] 872798K->690203K(1853440K), 0.2640539 secs] [Times: user=1.58 sys=0.00, real=0.26 secs] 
5281.003: [GC (Allocation Failure) [PSYoungGen: 454992K->90240K(504832K)] 1007131K->780170K(1903104K), 0.4359812 secs] [Times: user=2.60 sys=0.01, real=0.44 secs] 
5283.841: [GC (Allocation Failure) [PSYoungGen: 404237K->144624K(504832K)] 1094168K->920040K(1903104K), 0.0492018 secs] [Times: user=0.29 sys=0.00, real=0.05 secs] 
5287.445: [GC (Allocation Failure) [PSYoungGen: 461552K->101568K(507392K)] 1236968K->1012599K(1905664K), 0.1099604 secs] [Times: user=0.65 sys=0.00, real=0.11 secs] 
5289.330: [GC (Allocation Failure) [PSYoungGen: 423104K->149008K(508416K)] 1334135K->1158141K(1906688K), 0.0507993 secs] [Times: user=0.30 sys=0.00, real=0.05 secs] 
5292.881: [GC (Allocation Failure) [PSYoungGen: 470544K->102640K(509440K)] 1479677K->1252109K(1907712K), 0.1639759 secs] [Times: user=0.97 sys=0.01, real=0.16 secs] 
5295.373: [GC (Allocation Failure) [PSYoungGen: 423152K->149440K(470016K)] 1572621K->1397173K(1868288K), 0.0521438 secs] [Times: user=0.31 sys=0.00, real=0.05 secs] 
5295.425: [Full GC (Ergonomics) [PSYoungGen: 149440K->0K(470016K)] [ParOldGen: 1247733K->196715K(1398272K)] 1397173K->196715K(1868288K), [Metaspace: 59681K->59681K(1105920K)], 0.4569184 secs] [Times: user=2.11 sys=0.00, real=0.46 secs] 
5298.628: [GC (Allocation Failure) [PSYoungGen: 320512K->105040K(510976K)] 517227K->301756K(1909248K), 0.0970393 secs] [Times: user=0.58 sys=0.00, real=0.10 secs] 
5299.653: [GC (Allocation Failure) [PSYoungGen: 410082K->145696K(507904K)] 606797K->443512K(1906176K), 0.0496041 secs] [Times: user=0.30 sys=0.00, real=0.05 secs] 
5302.349: [GC (Allocation Failure) [PSYoungGen: 465696K->104512K(506880K)] 763512K->539552K(1905152K), 0.1562554 secs] [Times: user=0.92 sys=0.00, real=0.16 secs] 
5302.962: [GC (Allocation Failure) [PSYoungGen: 409491K->145696K(507904K)] 844532K->681637K(1906176K), 0.0505102 secs] [Times: user=0.30 sys=0.00, real=0.05 secs] 
5305.433: [GC (Allocation Failure) [PSYoungGen: 466720K->103792K(508928K)] 1002661K->776766K(1907200K), 0.1647931 secs] [Times: user=0.98 sys=0.00, real=0.16 secs] 
5306.912: [GC (Allocation Failure) [PSYoungGen: 425776K->147872K(509440K)] 1098749K->920358K(1907712K), 0.0505261 secs] [Times: user=0.30 sys=0.01, real=0.05 secs] 
5309.581: [GC (Allocation Failure) [PSYoungGen: 470944K->109312K(508928K)] 1243430K->1021010K(1907200K), 0.1760202 secs] [Times: user=1.03 sys=0.00, real=0.17 secs] 
5311.462: [GC (Allocation Failure) [PSYoungGen: 417415K->141824K(509440K)] 1329114K->1159007K(1907712K), 0.0513736 secs] [Times: user=0.30 sys=0.00, real=0.05 secs] 
5313.607: [GC (Allocation Failure) [PSYoungGen: 465408K->109408K(506880K)] 1482591K->1259343K(1905152K), 0.1450703 secs] [Times: user=0.86 sys=0.01, real=0.15 secs] 
5314.414: [GC (Allocation Failure) [PSYoungGen: 436576K->152800K(509952K)] 1586511K->1407948K(1908224K), 0.0535500 secs] [Times: user=0.32 sys=0.00, real=0.05 secs] 
5314.468: [Full GC (Ergonomics) [PSYoungGen: 152800K->0K(509952K)] [ParOldGen: 1255148K->207194K(1398272K)] 1407948K->207194K(1908224K), [Metaspace: 59681K->59681K(1105920K)], 0.4753192 secs] [Times: user=2.20 sys=0.00, real=0.48 secs] 
5318.498: [GC (Allocation Failure) [PSYoungGen: 327168K->98288K(512512K)] 534362K->305483K(1910784K), 0.1731231 secs] [Times: user=1.03 sys=0.00, real=0.18 secs] 
5319.641: [GC (Allocation Failure) [PSYoungGen: 423408K->155200K(480768K)] 630603K->454655K(1879040K), 0.0618423 secs] [Times: user=0.37 sys=0.00, real=0.06 secs] 
5324.253: [GC (Allocation Failure) [PSYoungGen: 480320K->98016K(508416K)] 779775K->552143K(1906688K), 0.1649579 secs] [Times: user=0.98 sys=0.00, real=0.16 secs] 
5325.328: [GC (Allocation Failure) [PSYoungGen: 414944K->154400K(471552K)] 869071K->699610K(1869824K), 0.0552104 secs] [Times: user=0.32 sys=0.00, real=0.06 secs] 
5328.032: [GC (Allocation Failure) [PSYoungGen: 471328K->95744K(505344K)] 1016538K->795294K(1903616K), 0.1364457 secs] [Times: user=0.81 sys=0.01, real=0.13 secs] 
5329.964: [GC (Allocation Failure) [PSYoungGen: 406016K->145776K(503808K)] 1105566K->935596K(1902080K), 0.1011121 secs] [Times: user=0.61 sys=0.00, real=0.10 secs] 
5333.467: [GC (Allocation Failure) [PSYoungGen: 456048K->88400K(504832K)] 1245868K->1023980K(1903104K), 0.1674021 secs] [Times: user=1.00 sys=0.00, real=0.17 secs] 
5334.224: [GC (Allocation Failure) [PSYoungGen: 398672K->150896K(461312K)] 1334252K->1168577K(1859584K), 0.0523164 secs] [Times: user=0.31 sys=0.00, real=0.05 secs] 
5337.643: [GC (Allocation Failure) [PSYoungGen: 461168K->91008K(502784K)] 1478849K->1259324K(1901056K), 0.1712215 secs] [Times: user=1.02 sys=0.00, real=0.17 secs] 
5338.650: [GC (Allocation Failure) [PSYoungGen: 396160K->180736K(486400K)] 1564476K->1433861K(1884672K), 0.0540166 secs] [Times: user=0.32 sys=0.01, real=0.05 secs] 
5338.704: [Full GC (Ergonomics) [PSYoungGen: 180736K->0K(486400K)] [ParOldGen: 1253125K->206818K(1398272K)] 1433861K->206818K(1884672K), [Metaspace: 59681K->59681K(1105920K)], 0.4810601 secs] [Times: user=2.23 sys=0.00, real=0.48 secs] 
5341.564: [GC (Allocation Failure) [PSYoungGen: 305152K->89792K(489984K)] 511970K->296610K(1888256K), 0.1514539 secs] [Times: user=0.90 sys=0.00, real=0.15 secs] 
5344.347: [GC (Allocation Failure) [PSYoungGen: 369344K->131264K(411136K)] 576162K->423411K(1809408K), 0.0467618 secs] [Times: user=0.28 sys=0.00, real=0.05 secs] 
5345.489: [GC (Allocation Failure) [PSYoungGen: 410816K->91008K(484864K)] 702963K->505579K(1883136K), 0.0597448 secs] [Times: user=0.36 sys=0.00, real=0.06 secs] 
5348.225: [GC (Allocation Failure) [PSYoungGen: 372608K->127712K(482816K)] 787179K->630680K(1881088K), 0.0531284 secs] [Times: user=0.31 sys=0.01, real=0.05 secs] 
5349.858: [GC (Allocation Failure) [PSYoungGen: 409312K->108064K(492544K)] 912280K->729292K(1890816K), 0.0631057 secs] [Times: user=0.37 sys=0.00, real=0.07 secs] 
5351.809: [GC (Allocation Failure) [PSYoungGen: 407584K->116768K(489984K)] 1028812K->845884K(1888256K), 0.0758946 secs] [Times: user=0.44 sys=0.01, real=0.07 secs] 
5354.811: [GC (Allocation Failure) [PSYoungGen: 416288K->131904K(501760K)] 1145404K->966873K(1900032K), 0.0622776 secs] [Times: user=0.37 sys=0.00, real=0.06 secs] 
5356.841: [GC (Allocation Failure) [PSYoungGen: 449344K->109296K(499712K)] 1284313K->1075930K(1897984K), 0.0875266 secs] [Times: user=0.52 sys=0.00, real=0.08 secs] 
5359.748: [GC (Allocation Failure) [PSYoungGen: 426736K->140000K(508928K)] 1393370K->1204906K(1907200K), 0.0620195 secs] [Times: user=0.37 sys=0.00, real=0.07 secs] 
5362.123: [GC (Allocation Failure) [PSYoungGen: 470752K->116064K(510464K)] 1535658K->1320282K(1908736K), 0.0866522 secs] [Times: user=0.51 sys=0.00, real=0.09 secs] 
5364.311: [GC (Allocation Failure) [PSYoungGen: 446816K->132128K(517632K)] 1651034K->1441991K(1915904K), 0.0622889 secs] [Times: user=0.37 sys=0.00, real=0.06 secs] 
5364.373: [Full GC (Ergonomics) [PSYoungGen: 132128K->0K(517632K)] [ParOldGen: 1309863K->250901K(1398272K)] 1441991K->250901K(1915904K), [Metaspace: 59683K->59683K(1105920K)], 0.5295846 secs] [Times: user=2.31 sys=0.00, real=0.53 secs] 
5367.566: [GC (Allocation Failure) [PSYoungGen: 342528K->133328K(516096K)] 593429K->384230K(1914368K), 0.0385330 secs] [Times: user=0.22 sys=0.00, real=0.04 secs] 
5369.474: [GC (GCLocker Initiated GC) [PSYoungGen: 475856K->9008K(497664K)] 726758K->259978K(1895936K), 0.0034151 secs] [Times: user=0.01 sys=0.00, real=0.00 secs] 
5372.103: [GC (Allocation Failure) [PSYoungGen: 334128K->146880K(472064K)] 585149K->404897K(1870336K), 0.0326881 secs] [Times: user=0.20 sys=0.00, real=0.03 secs] 
5374.674: [GC (Allocation Failure) [PSYoungGen: 472000K->109760K(513024K)] 730017K->505421K(1911296K), 0.0662071 secs] [Times: user=0.40 sys=0.00, real=0.07 secs] 
5376.135: [GC (Allocation Failure) [PSYoungGen: 430272K->149280K(506368K)] 825933K->652490K(1904640K), 0.0542696 secs] [Times: user=0.32 sys=0.00, real=0.06 secs] 
5378.234: [GC (Allocation Failure) [PSYoungGen: 469792K->107456K(507392K)] 973002K->750858K(1905664K), 0.0664058 secs] [Times: user=0.39 sys=0.00, real=0.07 secs] 
5380.576: [GC (Allocation Failure) [PSYoungGen: 428992K->146016K(507392K)] 1072394K->894367K(1905664K), 0.0529076 secs] [Times: user=0.31 sys=0.00, real=0.06 secs] 
5382.678: [GC (Allocation Failure) [PSYoungGen: 467552K->110080K(506880K)] 1215903K->995051K(1905152K), 0.0672580 secs] [Times: user=0.40 sys=0.00, real=0.07 secs] 
5384.367: [GC (Allocation Failure) [PSYoungGen: 433152K->151040K(507904K)] 1318123K->1142608K(1906176K), 0.0548078 secs] [Times: user=0.32 sys=0.00, real=0.06 secs] 
5385.643: [GC (Allocation Failure) [PSYoungGen: 474112K->107520K(509952K)] 1465680K->1241392K(1908224K), 0.0925002 secs] [Times: user=0.55 sys=0.01, real=0.09 secs] 
5388.574: [GC (Allocation Failure) [PSYoungGen: 430592K->150400K(508928K)] 1564464K->1387869K(1907200K), 0.0547176 secs] [Times: user=0.32 sys=0.00, real=0.05 secs] 
5388.629: [Full GC (Ergonomics) [PSYoungGen: 150400K->0K(508928K)] [ParOldGen: 1237469K->196383K(1398272K)] 1387869K->196383K(1907200K), [Metaspace: 59683K->59683K(1105920K)], 0.4675662 secs] [Times: user=2.16 sys=0.00, real=0.46 secs] 
5391.590: [GC (Allocation Failure) [PSYoungGen: 323072K->107344K(509440K)] 519455K->303728K(1907712K), 0.1037004 secs] [Times: user=0.61 sys=0.01, real=0.10 secs] 
5392.277: [GC (Allocation Failure) [PSYoungGen: 416220K->144304K(508928K)] 612604K->443772K(1907200K), 0.0505704 secs] [Times: user=0.29 sys=0.01, real=0.05 secs] 
5393.910: [GC (Allocation Failure) [PSYoungGen: 466864K->110016K(506880K)] 766332K->544624K(1905152K), 0.1743497 secs] [Times: user=1.03 sys=0.01, real=0.17 secs] 
5394.673: [GC (Allocation Failure) [PSYoungGen: 434624K->169152K(494080K)] 869232K->709145K(1892352K), 0.0536408 secs] [Times: user=0.32 sys=0.00, real=0.05 secs] 
5399.541: [GC (Allocation Failure) [PSYoungGen: 493760K->100768K(505856K)] 1033753K->792269K(1904128K), 0.1743985 secs] [Times: user=1.04 sys=0.00, real=0.17 secs] 
5400.346: [GC (Allocation Failure) [PSYoungGen: 411552K->148896K(503808K)] 1103053K->931122K(1902080K), 0.0557355 secs] [Times: user=0.33 sys=0.00, real=0.06 secs] 
5402.621: [GC (Allocation Failure) [PSYoungGen: 457261K->93344K(504832K)] 1239488K->1023715K(1903104K), 0.0709876 secs] [Times: user=0.42 sys=0.00, real=0.07 secs] 
5403.833: [GC (Allocation Failure) [PSYoungGen: 391557K->138560K(448512K)] 1321928K->1158779K(1846784K), 0.0652461 secs] [Times: user=0.39 sys=0.00, real=0.06 secs] 
5406.478: [GC (Allocation Failure) [PSYoungGen: 448320K->101728K(504832K)] 1468539K->1251547K(1903104K), 0.0954026 secs] [Times: user=0.57 sys=0.00, real=0.10 secs] 
5408.043: [GC (Allocation Failure) [PSYoungGen: 414048K->145488K(502272K)] 1563867K->1393533K(1900544K), 0.0516411 secs] [Times: user=0.30 sys=0.00, real=0.05 secs] 
5408.094: [Full GC (Ergonomics) [PSYoungGen: 145488K->0K(502272K)] [ParOldGen: 1248044K->192383K(1398272K)] 1393533K->192383K(1900544K), [Metaspace: 59683K->59683K(1105920K)], 0.4535097 secs] [Times: user=2.10 sys=0.00, real=0.45 secs] 
5411.387: [GC (Allocation Failure) [PSYoungGen: 312320K->100560K(505344K)] 504703K->292944K(1903616K), 0.0966333 secs] [Times: user=0.57 sys=0.01, real=0.10 secs] 
5413.288: [GC (Allocation Failure) [PSYoungGen: 418000K->148784K(506368K)] 610384K->437749K(1904640K), 0.0496594 secs] [Times: user=0.29 sys=0.00, real=0.05 secs] 
5414.568: [GC (Allocation Failure) [PSYoungGen: 466224K->107104K(505856K)] 755189K->536036K(1904128K), 0.0693737 secs] [Times: user=0.41 sys=0.00, real=0.07 secs] 
5416.804: [GC (Allocation Failure) [PSYoungGen: 425056K->147984K(506368K)] 853988K->680870K(1904640K), 0.1278926 secs] [Times: user=0.76 sys=0.00, real=0.13 secs] 
5419.366: [GC (Allocation Failure) [PSYoungGen: 465936K->103504K(507904K)] 998822K->775950K(1906176K), 0.1719233 secs] [Times: user=1.02 sys=0.00, real=0.17 secs] 
5421.647: [GC (Allocation Failure) [PSYoungGen: 422992K->146944K(507904K)] 1095438K->918690K(1906176K), 0.0516424 secs] [Times: user=0.30 sys=0.00, real=0.06 secs] 
5423.645: [GC (Allocation Failure) [PSYoungGen: 466432K->107744K(506368K)] 1238178K->1017162K(1904640K), 0.1209989 secs] [Times: user=0.72 sys=0.00, real=0.12 secs] 
5424.829: [GC (Allocation Failure) [PSYoungGen: 421728K->145712K(507392K)] 1331146K->1158415K(1905664K), 0.0521628 secs] [Times: user=0.31 sys=0.01, real=0.06 secs] 
5426.977: [GC (Allocation Failure) [PSYoungGen: 465712K->107968K(506880K)] 1478415K->1257095K(1905152K), 0.1513627 secs] [Times: user=0.90 sys=0.00, real=0.15 secs] 
5427.847: [GC (Allocation Failure) [PSYoungGen: 430528K->152528K(508416K)] 1579655K->1405844K(1906688K), 0.0538610 secs] [Times: user=0.31 sys=0.00, real=0.06 secs] 
5427.901: [Full GC (Ergonomics) [PSYoungGen: 152528K->0K(508416K)] [ParOldGen: 1253315K->205872K(1398272K)] 1405844K->205872K(1906688K), [Metaspace: 59683K->59683K(1105920K)], 0.4609044 secs] [Times: user=2.13 sys=0.00, real=0.46 secs] 
5432.044: [GC (Allocation Failure) [PSYoungGen: 322560K->94880K(509440K)] 528432K->300752K(1907712K), 0.1751417 secs] [Times: user=1.05 sys=0.00, real=0.18 secs] 
5433.727: [GC (Allocation Failure) [PSYoungGen: 414368K->149696K(469504K)] 620240K->446217K(1867776K), 0.0539945 secs] [Times: user=0.32 sys=0.00, real=0.06 secs] 
5436.123: [GC (Allocation Failure) [PSYoungGen: 469184K->101088K(508928K)] 765705K->546717K(1907200K), 0.1594120 secs] [Times: user=0.95 sys=0.01, real=0.16 secs] 
5437.754: [GC (Allocation Failure) [PSYoungGen: 417504K->151808K(468480K)] 863133K->688086K(1866752K), 0.0703380 secs] [Times: user=0.41 sys=0.01, real=0.07 secs] 
5442.050: [GC (Allocation Failure) [PSYoungGen: 468224K->90192K(505344K)] 1004502K->778091K(1903616K), 0.1656540 secs] [Times: user=0.98 sys=0.00, real=0.16 secs] 
5443.448: [GC (Allocation Failure) [PSYoungGen: 401488K->148384K(459776K)] 1089387K->922409K(1858048K), 0.0532490 secs] [Times: user=0.31 sys=0.00, real=0.06 secs] 
5446.374: [GC (Allocation Failure) [PSYoungGen: 459680K->93552K(504832K)] 1233705K->1015686K(1903104K), 0.1652752 secs] [Times: user=0.98 sys=0.00, real=0.17 secs] 
5447.320: [GC (Allocation Failure) [PSYoungGen: 387794K->139840K(449536K)] 1309928K->1151073K(1847808K), 0.0503076 secs] [Times: user=0.30 sys=0.00, real=0.05 secs] 
5448.962: [GC (Allocation Failure) [PSYoungGen: 449088K->102272K(505856K)] 1460321K->1244633K(1904128K), 0.1175814 secs] [Times: user=0.69 sys=0.01, real=0.12 secs] 
5450.584: [GC (Allocation Failure) [PSYoungGen: 414592K->146976K(502784K)] 1556953K->1387686K(1901056K), 0.0511591 secs] [Times: user=0.30 sys=0.00, real=0.05 secs] 
5450.635: [Full GC (Ergonomics) [PSYoungGen: 146976K->0K(502784K)] [ParOldGen: 1240710K->193977K(1398272K)] 1387686K->193977K(1901056K), [Metaspace: 59683K->59663K(1105920K)], 0.4613337 secs] [Times: user=2.11 sys=0.00, real=0.46 secs] 
5452.967: [GC (GCLocker Initiated GC) [PSYoungGen: 312320K->101360K(505344K)] 506298K->295339K(1903616K), 0.0814132 secs] [Times: user=0.48 sys=0.00, real=0.08 secs] 
5454.821: [GC (Allocation Failure) [PSYoungGen: 417264K->148256K(505856K)] 611293K->439317K(1904128K), 0.0491070 secs] [Times: user=0.29 sys=0.00, real=0.05 secs] 
5457.500: [GC (Allocation Failure) [PSYoungGen: 464160K->103008K(505856K)] 755221K->533461K(1904128K), 0.0769337 secs] [Times: user=0.46 sys=0.00, real=0.07 secs] 
5460.382: [GC (Allocation Failure) [PSYoungGen: 418912K->148832K(505856K)] 849365K->678386K(1904128K), 0.0510174 secs] [Times: user=0.30 sys=0.00, real=0.05 secs] 
5461.917: [GC (Allocation Failure) [PSYoungGen: 464736K->106864K(504320K)] 994290K->775999K(1902592K), 0.0986297 secs] [Times: user=0.58 sys=0.00, real=0.10 secs] 
5463.731: [GC (Allocation Failure) [PSYoungGen: 423280K->148512K(505344K)] 1092415K->920643K(1903616K), 0.0519554 secs] [Times: user=0.30 sys=0.00, real=0.05 secs] 
5467.021: [GC (Allocation Failure) [PSYoungGen: 464928K->99408K(507904K)] 1237059K->1010884K(1906176K), 0.1531717 secs] [Times: user=0.91 sys=0.01, real=0.15 secs] 
5468.287: [GC (Allocation Failure) [PSYoungGen: 416336K->150048K(467456K)] 1327812K->1157456K(1865728K), 0.0528865 secs] [Times: user=0.31 sys=0.00, real=0.06 secs] 
5470.925: [GC (Allocation Failure) [PSYoungGen: 466976K->102976K(508416K)] 1474384K->1252016K(1906688K), 0.1392512 secs] [Times: user=0.83 sys=0.00, real=0.14 secs] 
5473.638: [GC (Allocation Failure) [PSYoungGen: 418368K->145760K(505856K)] 1567408K->1393741K(1904128K), 0.0515610 secs] [Times: user=0.30 sys=0.00, real=0.06 secs] 
5473.690: [Full GC (Ergonomics) [PSYoungGen: 145760K->0K(505856K)] [ParOldGen: 1247981K->191877K(1398272K)] 1393741K->191877K(1904128K), [Metaspace: 59663K->59663K(1105920K)], 0.4441637 secs] [Times: user=1.96 sys=0.00, real=0.44 secs] 
5476.122: [GC (Allocation Failure) [PSYoungGen: 315392K->101984K(504832K)] 507269K->293861K(1903104K), 0.0311010 secs] [Times: user=0.19 sys=0.00, real=0.03 secs] 
5478.037: [GC (Allocation Failure) [PSYoungGen: 418400K->148960K(505856K)] 610277K->439234K(1904128K), 0.0499645 secs] [Times: user=0.30 sys=0.01, real=0.05 secs] 
5480.751: [GC (Allocation Failure) [PSYoungGen: 465376K->103648K(506880K)] 755650K->533966K(1905152K), 0.0989010 secs] [Times: user=0.59 sys=0.01, real=0.10 secs] 
5483.545: [GC (Allocation Failure) [PSYoungGen: 421088K->148416K(506880K)] 851406K->678299K(1905152K), 0.0507510 secs] [Times: user=0.30 sys=0.00, real=0.05 secs] 
5485.811: [GC (GCLocker Initiated GC) [PSYoungGen: 465856K->104528K(505856K)] 995739K->774032K(1904128K), 0.1648618 secs] [Times: user=0.98 sys=0.00, real=0.16 secs] 
5488.462: [GC (Allocation Failure) [PSYoungGen: 421968K->147552K(506368K)] 1091523K->917487K(1904640K), 0.0504511 secs] [Times: user=0.30 sys=0.00, real=0.05 secs] 
5490.464: [GC (Allocation Failure) [PSYoungGen: 464992K->102880K(507392K)] 1234927K->1011540K(1905664K), 0.0971635 secs] [Times: user=0.58 sys=0.00, real=0.10 secs] 
5491.825: [GC (Allocation Failure) [PSYoungGen: 421344K->147776K(507392K)] 1330004K->1156324K(1905664K), 0.0625235 secs] [Times: user=0.36 sys=0.01, real=0.06 secs] 
5494.984: [GC (Allocation Failure) [PSYoungGen: 466240K->104704K(506880K)] 1474788K->1252668K(1905152K), 0.1413738 secs] [Times: user=0.84 sys=0.01, real=0.14 secs] 
5496.780: [GC (Allocation Failure) [PSYoungGen: 419989K->147040K(507392K)] 1567954K->1396089K(1905664K), 0.0834679 secs] [Times: user=0.49 sys=0.00, real=0.08 secs] 
5496.864: [Full GC (Ergonomics) [PSYoungGen: 147040K->0K(507392K)] [ParOldGen: 1249049K->195670K(1398272K)] 1396089K->195670K(1905664K), [Metaspace: 59663K->59663K(1105920K)], 0.4819933 secs] [Times: user=2.25 sys=0.01, real=0.48 secs] 
5499.955: [GC (Allocation Failure) [PSYoungGen: 318976K->102752K(507392K)] 514646K->298422K(1905664K), 0.1017052 secs] [Times: user=0.60 sys=0.00, real=0.10 secs] 
5502.089: [GC (Allocation Failure) [PSYoungGen: 422752K->148848K(507904K)] 618422K->442875K(1906176K), 0.0495073 secs] [Times: user=0.30 sys=0.00, real=0.05 secs] 
5505.230: [GC (Allocation Failure) [PSYoungGen: 468848K->103680K(508416K)] 762875K->537431K(1906688K), 0.0664981 secs] [Times: user=0.39 sys=0.00, real=0.06 secs] 
5507.449: [GC (Allocation Failure) [PSYoungGen: 419656K->147104K(507904K)] 853407K->680688K(1906176K), 0.0501137 secs] [Times: user=0.30 sys=0.00, real=0.05 secs] 
5510.286: [GC (Allocation Failure) [PSYoungGen: 466592K->104224K(507392K)] 1000176K->776260K(1905664K), 0.0899808 secs] [Times: user=0.53 sys=0.00, real=0.09 secs] 
5510.851: [GC (Allocation Failure) [PSYoungGen: 418891K->146448K(507904K)] 1090927K->919465K(1906176K), 0.0551696 secs] [Times: user=0.32 sys=0.00, real=0.05 secs] 
5513.963: [GC (Allocation Failure) [PSYoungGen: 466448K->101952K(507904K)] 1239465K->1012409K(1906176K), 0.1461558 secs] [Times: user=0.87 sys=0.00, real=0.15 secs] 
5515.927: [GC (Allocation Failure) [PSYoungGen: 422976K->149200K(508416K)] 1333433K->1157962K(1906688K), 0.0512887 secs] [Times: user=0.30 sys=0.00, real=0.05 secs] 
5518.900: [GC (Allocation Failure) [PSYoungGen: 470224K->105728K(508928K)] 1478986K->1254617K(1907200K), 0.1314884 secs] [Times: user=0.78 sys=0.01, real=0.13 secs] 
5520.849: [GC (Allocation Failure) [PSYoungGen: 422991K->145968K(508416K)] 1571881K->1396519K(1906688K), 0.0526321 secs] [Times: user=0.30 sys=0.00, real=0.05 secs] 
5520.902: [Full GC (Ergonomics) [PSYoungGen: 145968K->0K(508416K)] [ParOldGen: 1250550K->196006K(1398272K)] 1396519K->196006K(1906688K), [Metaspace: 59663K->59663K(1105920K)], 0.4621165 secs] [Times: user=2.14 sys=0.01, real=0.46 secs] 
5523.410: [GC (Allocation Failure) [PSYoungGen: 320512K->109856K(505344K)] 516518K->305862K(1903616K), 0.0975143 secs] [Times: user=0.57 sys=0.00, real=0.09 secs] 
5524.045: [GC (Allocation Failure) [PSYoungGen: 431392K->153632K(507392K)] 627398K->453419K(1905664K), 0.0520083 secs] [Times: user=0.31 sys=0.01, real=0.05 secs] 
5528.052: [GC (Allocation Failure) [PSYoungGen: 475168K->92224K(508416K)] 774955K->545263K(1906688K), 0.1640133 secs] [Times: user=0.98 sys=0.00, real=0.16 secs] 
5529.172: [GC (Allocation Failure) [PSYoungGen: 410176K->150624K(468992K)] 863215K->691840K(1867264K), 0.0544419 secs] [Times: user=0.33 sys=0.00, real=0.05 secs] 
5532.355: [GC (Allocation Failure) [PSYoungGen: 468576K->93088K(506368K)] 1009792K->784328K(1904640K), 0.1725974 secs] [Times: user=1.02 sys=0.00, real=0.17 secs] 
5533.768: [GC (Allocation Failure) [PSYoungGen: 392045K->141232K(505344K)] 1083286K->921214K(1903616K), 0.0500667 secs] [Times: user=0.29 sys=0.01, real=0.05 secs] 
5535.551: [GC (Allocation Failure) [PSYoungGen: 454064K->102240K(501248K)] 1234046K->1014689K(1899520K), 0.1516515 secs] [Times: user=0.89 sys=0.01, real=0.15 secs] 
5537.363: [GC (Allocation Failure) [PSYoungGen: 416096K->147440K(503296K)] 1328545K->1157871K(1901568K), 0.0506220 secs] [Times: user=0.30 sys=0.00, real=0.05 secs] 
5539.854: [GC (Allocation Failure) [PSYoungGen: 461296K->101360K(506880K)] 1471727K->1250587K(1905152K), 0.1090925 secs] [Times: user=0.64 sys=0.00, real=0.11 secs] 
5542.488: [GC (Allocation Failure) [PSYoungGen: 418800K->147904K(506880K)] 1568027K->1394567K(1905152K), 0.0522559 secs] [Times: user=0.31 sys=0.00, real=0.06 secs] 
5542.540: [Full GC (Ergonomics) [PSYoungGen: 147904K->0K(506880K)] [ParOldGen: 1246663K->192637K(1398272K)] 1394567K->192637K(1905152K), [Metaspace: 59663K->59663K(1105920K)], 0.4519474 secs] [Times: user=2.08 sys=0.00, real=0.45 secs] 
5545.279: [GC (Allocation Failure) [PSYoungGen: 317440K->105968K(505856K)] 510077K->298606K(1904128K), 0.1018675 secs] [Times: user=0.60 sys=0.00, real=0.10 secs] 
5546.221: [GC (Allocation Failure) [PSYoungGen: 421614K->148608K(506368K)] 614252K->443327K(1904640K), 0.0512830 secs] [Times: user=0.30 sys=0.00, real=0.05 secs] 
5548.490: [GC (Allocation Failure) [PSYoungGen: 466048K->105472K(506368K)] 760767K->539483K(1904640K), 0.1785943 secs] [Times: user=1.07 sys=0.00, real=0.18 secs] 
5550.804: [GC (Allocation Failure) [PSYoungGen: 418838K->145696K(506880K)] 852849K->681672K(1905152K), 0.1136380 secs] [Times: user=0.68 sys=0.00, real=0.11 secs] 
5553.831: [GC (Allocation Failure) [PSYoungGen: 464160K->105904K(506880K)] 1000136K->778548K(1905152K), 0.1548072 secs] [Times: user=0.92 sys=0.00, real=0.15 secs] 
5555.210: [GC (Allocation Failure) [PSYoungGen: 417995K->145600K(507904K)] 1090639K->920163K(1906176K), 0.0507056 secs] [Times: user=0.30 sys=0.00, real=0.05 secs] 
5558.618: [GC (GCLocker Initiated GC) [PSYoungGen: 466112K->103408K(507904K)] 1240676K->1014765K(1906176K), 0.1516273 secs] [Times: user=0.90 sys=0.00, real=0.16 secs] 
5560.010: [GC (Allocation Failure) [PSYoungGen: 425968K->139392K(508928K)] 1353710K->1166606K(1907200K), 0.2202135 secs] [Times: user=1.30 sys=0.02, real=0.22 secs] 
5562.990: [GC (Allocation Failure) [PSYoungGen: 459223K->97072K(509952K)] 1486437K->1263307K(1908224K), 0.4404105 secs] [Times: user=2.64 sys=0.00, real=0.44 secs] 
5565.548: [GC (Allocation Failure) [PSYoungGen: 423728K->151872K(478720K)] 1589963K->1410755K(1876992K), 0.1140698 secs] [Times: user=0.68 sys=0.00, real=0.12 secs] 
5565.662: [Full GC (Ergonomics) [PSYoungGen: 151872K->0K(478720K)] [ParOldGen: 1258883K->209156K(1398272K)] 1410755K->209156K(1876992K), [Metaspace: 59663K->59663K(1105920K)], 0.5324198 secs] [Times: user=2.45 sys=0.00, real=0.53 secs] 
5569.582: [GC (Allocation Failure) [PSYoungGen: 326656K->97952K(510976K)] 535812K->307108K(1909248K), 0.1546368 secs] [Times: user=0.93 sys=0.00, real=0.15 secs] 
5570.254: [GC (Allocation Failure) [PSYoungGen: 419488K->153904K(475648K)] 628644K->455242K(1873920K), 0.0545328 secs] [Times: user=0.33 sys=0.00, real=0.06 secs] 
5573.906: [GC (Allocation Failure) [PSYoungGen: 475440K->95520K(507392K)] 776778K->550137K(1905664K), 0.1682357 secs] [Times: user=1.00 sys=0.00, real=0.17 secs] 
5574.346: [GC (Allocation Failure) [PSYoungGen: 409888K->153120K(467968K)] 864505K->696897K(1866240K), 0.0552331 secs] [Times: user=0.33 sys=0.00, real=0.06 secs] 
5576.508: [GC (GCLocker Initiated GC) [PSYoungGen: 467488K->95184K(504832K)] 1011265K->791690K(1903104K), 0.1661706 secs] [Times: user=0.99 sys=0.00, real=0.17 secs] 
5576.914: [GC (Allocation Failure) [PSYoungGen: 404432K->165440K(475136K)] 1100957K->950581K(1873408K), 0.0563701 secs] [Times: user=0.33 sys=0.00, real=0.06 secs] 
5582.302: [GC (Allocation Failure) [PSYoungGen: 474688K->87920K(497152K)] 1259829K->1021314K(1895424K), 0.1461620 secs] [Times: user=0.86 sys=0.00, real=0.14 secs] 
5583.161: [GC (Allocation Failure) [PSYoungGen: 368272K->135552K(430080K)] 1301665K->1150329K(1828352K), 0.0479338 secs] [Times: user=0.28 sys=0.00, real=0.05 secs] 
5584.878: [GC (Allocation Failure) [PSYoungGen: 429952K->93904K(495616K)] 1444729K->1235601K(1893888K), 0.0800522 secs] [Times: user=0.48 sys=0.00, real=0.08 secs] 
5587.733: [GC (Allocation Failure) [PSYoungGen: 390864K->137008K(493056K)] 1532561K->1369086K(1891328K), 0.0483840 secs] [Times: user=0.28 sys=0.00, real=0.05 secs] 
5587.781: [Full GC (Ergonomics) [PSYoungGen: 137008K->0K(493056K)] [ParOldGen: 1232077K->176082K(1398272K)] 1369086K->176082K(1891328K), [Metaspace: 59663K->59663K(1105920K)], 0.4124479 secs] [Times: user=1.91 sys=0.00, real=0.41 secs] 
5590.156: [GC (Allocation Failure) [PSYoungGen: 296960K->98160K(499712K)] 473042K->274243K(1897984K), 0.0358450 secs] [Times: user=0.20 sys=0.01, real=0.04 secs] 
5593.554: [GC (Allocation Failure) [PSYoungGen: 405360K->138944K(498688K)] 581443K->410591K(1896960K), 0.0539148 secs] [Times: user=0.32 sys=0.00, real=0.05 secs] 
5595.301: [GC (Allocation Failure) [PSYoungGen: 446144K->104368K(500224K)] 717791K->505648K(1898496K), 0.0630543 secs] [Times: user=0.37 sys=0.00, real=0.06 secs] 
5596.735: [GC (Allocation Failure) [PSYoungGen: 420272K->143984K(503296K)] 821552K->648097K(1901568K), 0.0525327 secs] [Times: user=0.30 sys=0.00, real=0.05 secs] 
5598.495: [GC (Allocation Failure) [PSYoungGen: 459888K->107248K(506368K)] 964001K->746257K(1904640K), 0.0651613 secs] [Times: user=0.38 sys=0.01, real=0.07 secs] 
5601.208: [GC (Allocation Failure) [PSYoungGen: 429296K->145264K(507904K)] 1068305K->889726K(1906176K), 0.0536881 secs] [Times: user=0.32 sys=0.00, real=0.06 secs] 
5602.659: [GC (Allocation Failure) [PSYoungGen: 467312K->110240K(506880K)] 1211774K->990525K(1905152K), 0.0671358 secs] [Times: user=0.40 sys=0.00, real=0.06 secs] 
5604.922: [GC (Allocation Failure) [PSYoungGen: 435360K->149280K(508928K)] 1315645K->1137926K(1907200K), 0.0545619 secs] [Times: user=0.32 sys=0.00, real=0.05 secs] 
5606.965: [GC (Allocation Failure) [PSYoungGen: 474400K->110432K(510976K)] 1463046K->1239318K(1909248K), 0.0993576 secs] [Times: user=0.56 sys=0.00, real=0.10 secs] 
5608.794: [GC (Allocation Failure) [PSYoungGen: 437600K->150640K(510976K)] 1566486K->1387083K(1909248K), 0.0557241 secs] [Times: user=0.32 sys=0.00, real=0.06 secs] 
5608.849: [Full GC (Ergonomics) [PSYoungGen: 150640K->0K(510976K)] [ParOldGen: 1236442K->184429K(1398272K)] 1387083K->184429K(1909248K), [Metaspace: 59711K->59711K(1105920K)], 0.4391342 secs] [Times: user=2.03 sys=0.00, real=0.43 secs] 
5610.902: [GC (GCLocker Initiated GC) [PSYoungGen: 327168K->108544K(512000K)] 511597K->292973K(1910272K), 0.0464002 secs] [Times: user=0.27 sys=0.00, real=0.05 secs] 
5612.603: [GC (Allocation Failure) [PSYoungGen: 434688K->153696K(480256K)] 619120K->443077K(1878528K), 0.0534203 secs] [Times: user=0.32 sys=0.00, real=0.05 secs] 
5614.937: [GC (Allocation Failure) [PSYoungGen: 479840K->109008K(512512K)] 769221K->542941K(1910784K), 0.1672414 secs] [Times: user=1.00 sys=0.00, real=0.17 secs] 
5616.390: [GC (Allocation Failure) [PSYoungGen: 415922K->142688K(509440K)] 849855K->681893K(1907712K), 0.0514340 secs] [Times: user=0.30 sys=0.00, real=0.05 secs] 
5618.405: [GC (Allocation Failure) [PSYoungGen: 465760K->107168K(509952K)] 1004965K->780114K(1908224K), 0.1256492 secs] [Times: user=0.75 sys=0.01, real=0.13 secs] 
5620.078: [GC (Allocation Failure) [PSYoungGen: 417960K->144000K(509952K)] 1090906K->920030K(1908224K), 0.0753875 secs] [Times: user=0.45 sys=0.00, real=0.08 secs] 
5623.383: [GC (Allocation Failure) [PSYoungGen: 469632K->105536K(511488K)] 1245662K->1016686K(1909760K), 0.1690332 secs] [Times: user=1.01 sys=0.00, real=0.17 secs] 
5624.809: [GC (Allocation Failure) [PSYoungGen: 434752K->155616K(484864K)] 1345902K->1168499K(1883136K), 0.0797732 secs] [Times: user=0.47 sys=0.00, real=0.08 secs] 
5628.149: [GC (Allocation Failure) [PSYoungGen: 484832K->95360K(510464K)] 1497715K->1263707K(1908736K), 0.1815371 secs] [Times: user=1.09 sys=0.00, real=0.18 secs] 
5631.218: [GC (Allocation Failure) [PSYoungGen: 416896K->149920K(471552K)] 1585243K->1408648K(1869824K), 0.0546694 secs] [Times: user=0.32 sys=0.01, real=0.06 secs] 
5631.272: [Full GC (Ergonomics) [PSYoungGen: 149920K->0K(471552K)] [ParOldGen: 1258728K->206916K(1398272K)] 1408648K->206916K(1869824K), [Metaspace: 59726K->59726K(1105920K)], 0.4665215 secs] [Times: user=2.16 sys=0.00, real=0.47 secs] 
5634.760: [GC (Allocation Failure) [PSYoungGen: 321536K->96432K(508928K)] 528452K->303349K(1907200K), 0.1585560 secs] [Times: user=0.94 sys=0.00, real=0.16 secs] 
5635.937: [GC (Allocation Failure) [PSYoungGen: 413872K->151104K(468992K)] 620789K->448425K(1867264K), 0.0541346 secs] [Times: user=0.32 sys=0.00, real=0.06 secs] 
5638.637: [GC (Allocation Failure) [PSYoungGen: 468544K->97664K(506880K)] 765865K->545317K(1905152K), 0.1632113 secs] [Times: user=0.97 sys=0.00, real=0.17 secs] 
5639.323: [GC (Allocation Failure) [PSYoungGen: 411008K->152864K(466432K)] 858661K->692282K(1864704K), 0.0560644 secs] [Times: user=0.33 sys=0.00, real=0.06 secs] 
5642.151: [GC (Allocation Failure) [PSYoungGen: 466208K->91072K(503808K)] 1005626K->783210K(1902080K), 0.1656228 secs] [Times: user=0.99 sys=0.00, real=0.16 secs] 
5643.013: [GC (Allocation Failure) [PSYoungGen: 399296K->146752K(455168K)] 1091434K->923889K(1853440K), 0.0525863 secs] [Times: user=0.31 sys=0.00, real=0.05 secs] 
5646.125: [GC (Allocation Failure) [PSYoungGen: 454976K->92736K(503808K)] 1232113K->1015585K(1902080K), 0.1660774 secs] [Times: user=0.99 sys=0.00, real=0.17 secs] 
5647.128: [GC (Allocation Failure) [PSYoungGen: 395294K->140496K(448000K)] 1318144K->1151529K(1846272K), 0.0496712 secs] [Times: user=0.29 sys=0.01, real=0.05 secs] 
5649.516: [GC (Allocation Failure) [PSYoungGen: 447696K->102304K(504832K)] 1458729K->1244649K(1903104K), 0.0885706 secs] [Times: user=0.52 sys=0.01, real=0.09 secs] 
5650.936: [GC (Allocation Failure) [PSYoungGen: 412576K->143536K(501760K)] 1554921K->1384506K(1900032K), 0.0499447 secs] [Times: user=0.29 sys=0.00, real=0.05 secs] 
5650.986: [Full GC (Ergonomics) [PSYoungGen: 143536K->0K(501760K)] [ParOldGen: 1240969K->190602K(1398272K)] 1384506K->190602K(1900032K), [Metaspace: 59726K->59726K(1105920K)], 0.4425144 secs] [Times: user=2.03 sys=0.00, real=0.45 secs] 
5652.599: [GC (Allocation Failure) [PSYoungGen: 310272K->106640K(501248K)] 500874K->297242K(1899520K), 0.0318911 secs] [Times: user=0.18 sys=0.00, real=0.03 secs] 
5654.781: [GC (GCLocker Initiated GC) [PSYoungGen: 421520K->146528K(503296K)] 612122K->437999K(1901568K), 0.0504858 secs] [Times: user=0.30 sys=0.00, real=0.05 secs] 
5656.153: [GC (Allocation Failure) [PSYoungGen: 461408K->105376K(505856K)] 752881K->533997K(1904128K), 0.0872655 secs] [Times: user=0.52 sys=0.01, real=0.09 secs] 
5658.724: [GC (Allocation Failure) [PSYoungGen: 424864K->146304K(506880K)] 853485K->677081K(1905152K), 0.0520371 secs] [Times: user=0.31 sys=0.00, real=0.05 secs] 
5660.441: [GC (Allocation Failure) [PSYoungGen: 465792K->107968K(506880K)] 996569K->775170K(1905152K), 0.0691190 secs] [Times: user=0.41 sys=0.00, real=0.07 secs] 
5662.888: [GC (Allocation Failure) [PSYoungGen: 429504K->147392K(507904K)] 1096706K->918934K(1906176K), 0.0695244 secs] [Times: user=0.41 sys=0.01, real=0.07 secs] 
5665.317: [GC (Allocation Failure) [PSYoungGen: 468928K->104768K(509952K)] 1240470K->1014690K(1908224K), 0.0995465 secs] [Times: user=0.58 sys=0.01, real=0.10 secs] 
5668.325: [GC (Allocation Failure) [PSYoungGen: 428314K->147504K(509952K)] 1338237K->1158456K(1908224K), 0.0513966 secs] [Times: user=0.30 sys=0.00, real=0.05 secs] 
5671.010: [GC (Allocation Failure) [PSYoungGen: 471088K->105280K(508928K)] 1482040K->1255019K(1907200K), 0.1575787 secs] [Times: user=0.94 sys=0.00, real=0.15 secs] 
5672.336: [GC (Allocation Failure) [PSYoungGen: 422281K->146096K(509440K)] 1572020K->1397129K(1907712K), 0.0514388 secs] [Times: user=0.30 sys=0.00, real=0.05 secs] 
5672.387: [Full GC (Ergonomics) [PSYoungGen: 146096K->0K(509440K)] [ParOldGen: 1251032K->196018K(1398272K)] 1397129K->196018K(1907712K), [Metaspace: 59726K->59726K(1105920K)], 0.4505952 secs] [Times: user=2.06 sys=0.00, real=0.45 secs] 
5675.154: [GC (Allocation Failure) [PSYoungGen: 323584K->106304K(509952K)] 519602K->302322K(1908224K), 0.1027342 secs] [Times: user=0.60 sys=0.00, real=0.10 secs] 
5676.689: [GC (Allocation Failure) [PSYoungGen: 417360K->144848K(510464K)] 613378K->442868K(1908736K), 0.0502964 secs] [Times: user=0.29 sys=0.00, real=0.05 secs] 
5679.079: [GC (Allocation Failure) [PSYoungGen: 469968K->106496K(509952K)] 767988K->540459K(1908224K), 0.1492769 secs] [Times: user=0.75 sys=0.00, real=0.14 secs] 
5681.004: [GC (Allocation Failure) [PSYoungGen: 420925K->145440K(510976K)] 854888K->681324K(1909248K), 0.0508014 secs] [Times: user=0.30 sys=0.00, real=0.05 secs] 
5683.504: [GC (Allocation Failure) [PSYoungGen: 472096K->109024K(510976K)] 1007980K->781516K(1909248K), 0.1493935 secs] [Times: user=0.87 sys=0.02, real=0.15 secs] 
5685.632: [GC (Allocation Failure) [PSYoungGen: 437728K->183280K(512000K)] 1110220K->962921K(1910272K), 0.0546819 secs] [Times: user=0.32 sys=0.00, real=0.05 secs] 
5688.888: [GC (Allocation Failure) [PSYoungGen: 511984K->96350K(419840K)] 1291625K->1025744K(1818112K), 0.1555515 secs] [Times: user=0.92 sys=0.01, real=0.16 secs] 
5689.775: [GC (Allocation Failure) [PSYoungGen: 329310K->112304K(465920K)] 1258704K->1132362K(1864192K), 0.0474282 secs] [Times: user=0.28 sys=0.00, real=0.05 secs] 
5692.945: [GC (Allocation Failure) [PSYoungGen: 345264K->91488K(458752K)] 1365322K->1214874K(1857024K), 0.0559756 secs] [Times: user=0.33 sys=0.00, real=0.06 secs] 
5694.998: [GC (Allocation Failure) [PSYoungGen: 326496K->78720K(463360K)] 1449882K->1293194K(1861632K), 0.0989910 secs] [Times: user=0.58 sys=0.00, real=0.10 secs] 
5695.283: [GC (Allocation Failure) [PSYoungGen: 307685K->109680K(454144K)] 1522159K->1397371K(1852416K), 0.0452414 secs] [Times: user=0.27 sys=0.01, real=0.04 secs] 
5695.328: [Full GC (Ergonomics) [PSYoungGen: 109680K->0K(454144K)] [ParOldGen: 1287691K->196062K(1398272K)] 1397371K->196062K(1852416K), [Metaspace: 59726K->59726K(1105920K)], 0.4499713 secs] [Times: user=2.04 sys=0.00, real=0.45 secs] 
5696.978: [GC (Allocation Failure) [PSYoungGen: 243200K->76000K(462848K)] 439262K->272062K(1861120K), 0.0285560 secs] [Times: user=0.17 sys=0.00, real=0.03 secs] 
5699.248: [GC (Allocation Failure) [PSYoungGen: 319200K->106960K(462336K)] 515262K->377163K(1860608K), 0.0597860 secs] [Times: user=0.35 sys=0.00, real=0.06 secs] 
5699.543: [GC (Allocation Failure) [PSYoungGen: 368080K->131968K(471552K)] 638283K->499407K(1869824K), 0.0584671 secs] [Times: user=0.34 sys=0.00, real=0.06 secs] 
5703.315: [GC (Allocation Failure) [PSYoungGen: 393088K->67168K(484352K)] 760527K->566191K(1882624K), 0.1381142 secs] [Times: user=0.83 sys=0.00, real=0.14 secs] 
5703.672: [GC (Allocation Failure) [PSYoungGen: 349280K->136736K(488448K)] 848303K->696844K(1886720K), 0.0474830 secs] [Times: user=0.29 sys=0.00, real=0.05 secs] 
5706.075: [GC (Allocation Failure) [PSYoungGen: 418848K->80768K(485888K)] 978956K->776956K(1884160K), 0.0871080 secs] [Times: user=0.51 sys=0.00, real=0.09 secs] 
5707.111: [GC (Allocation Failure) [PSYoungGen: 367488K->135424K(489472K)] 1063676K->909013K(1887744K), 0.0461451 secs] [Times: user=0.28 sys=0.00, real=0.04 secs] 
5708.985: [GC (Allocation Failure) [PSYoungGen: 422144K->92000K(485376K)] 1195733K->992273K(1883648K), 0.0627988 secs] [Times: user=0.37 sys=0.00, real=0.06 secs] 
5712.452: [GC (Allocation Failure) [PSYoungGen: 385888K->135456K(491008K)] 1286161K->1124781K(1889280K), 0.0524311 secs] [Times: user=0.31 sys=0.00, real=0.05 secs] 
5713.887: [GC (Allocation Failure) [PSYoungGen: 429344K->102864K(488960K)] 1418669K->1218210K(1887232K), 0.0646423 secs] [Times: user=0.38 sys=0.00, real=0.07 secs] 
5716.053: [GC (Allocation Failure) [PSYoungGen: 406992K->130896K(495104K)] 1522338K->1347879K(1893376K), 0.0684897 secs] [Times: user=0.40 sys=0.01, real=0.07 secs] 
5718.581: [GC (Allocation Failure) [PSYoungGen: 435024K->115936K(492544K)] 1652007K->1453978K(1890816K), 0.0657902 secs] [Times: user=0.39 sys=0.00, real=0.06 secs] 
5718.647: [Full GC (Ergonomics) [PSYoungGen: 115936K->0K(492544K)] [ParOldGen: 1338042K->250656K(1398272K)] 1453978K->250656K(1890816K), [Metaspace: 59726K->59726K(1105920K)], 0.5237167 secs] [Times: user=2.29 sys=0.00, real=0.53 secs] 
5722.348: [GC (Allocation Failure) [PSYoungGen: 317952K->125120K(500736K)] 568608K->375776K(1899008K), 0.0340253 secs] [Times: user=0.20 sys=0.00, real=0.04 secs] 
5724.852: [GC (Allocation Failure) [PSYoungGen: 443072K->123744K(505856K)] 693728K->488881K(1904128K), 0.0620246 secs] [Times: user=0.37 sys=0.00, real=0.06 secs] 
5726.642: [GC (Allocation Failure) [PSYoungGen: 460128K->136352K(512512K)] 825265K->624893K(1910784K), 0.0703799 secs] [Times: user=0.42 sys=0.00, real=0.07 secs] 
5728.287: [GC (Allocation Failure) [PSYoungGen: 472736K->9120K(496128K)] 961277K->497693K(1894400K), 0.0029807 secs] [Times: user=0.02 sys=0.00, real=0.01 secs] 
5730.864: [GC (Allocation Failure) [PSYoungGen: 328096K->141935K(461312K)] 816669K->637609K(1859584K), 0.0321539 secs] [Times: user=0.19 sys=0.00, real=0.03 secs] 
5732.747: [GC (Allocation Failure) [PSYoungGen: 460911K->110080K(512512K)] 956585K->738498K(1910784K), 0.0752494 secs] [Times: user=0.45 sys=0.00, real=0.08 secs] 
5735.283: [GC (Allocation Failure) [PSYoungGen: 428032K->143936K(504320K)] 1056450K->880155K(1902592K), 0.0554790 secs] [Times: user=0.33 sys=0.00, real=0.06 secs] 
5736.434: [GC (Allocation Failure) [PSYoungGen: 461888K->109856K(503808K)] 1198107K->980395K(1902080K), 0.0659091 secs] [Times: user=0.39 sys=0.00, real=0.07 secs] 
5739.695: [GC (Allocation Failure) [PSYoungGen: 431392K->145056K(505856K)] 1301931K->1122828K(1904128K), 0.0538713 secs] [Times: user=0.32 sys=0.00, real=0.06 secs] 
5741.458: [GC (Allocation Failure) [PSYoungGen: 466592K->108640K(507392K)] 1444364K->1222164K(1905664K), 0.0734122 secs] [Times: user=0.44 sys=0.00, real=0.08 secs] 
5743.702: [GC (Allocation Failure) [PSYoungGen: 434784K->149248K(508928K)] 1548308K->1368952K(1907200K), 0.0537963 secs] [Times: user=0.32 sys=0.00, real=0.05 secs] 
5743.756: [Full GC (Ergonomics) [PSYoungGen: 149248K->0K(508928K)] [ParOldGen: 1219704K->178237K(1398272K)] 1368952K->178237K(1907200K), [Metaspace: 59726K->59726K(1105920K)], 0.4033208 secs] [Times: user=1.84 sys=0.00, real=0.41 secs] 
5745.297: [GC (GCLocker Initiated GC) [PSYoungGen: 326144K->111329K(510976K)] 504381K->289567K(1909248K), 0.0348046 secs] [Times: user=0.21 sys=0.00, real=0.04 secs] 
5747.891: [GC (Allocation Failure) [PSYoungGen: 438497K->150016K(510464K)] 616737K->436118K(1908736K), 0.0545989 secs] [Times: user=0.32 sys=0.00, real=0.05 secs] 
5749.766: [GC (Allocation Failure) [PSYoungGen: 477184K->112064K(510464K)] 763286K->538422K(1908736K), 0.1225368 secs] [Times: user=0.73 sys=0.00, real=0.13 secs] 
5750.633: [GC (Allocation Failure) [PSYoungGen: 424997K->147280K(510464K)] 851355K->681775K(1908736K), 0.0531085 secs] [Times: user=0.32 sys=0.00, real=0.05 secs] 
5753.083: [GC (Allocation Failure) [PSYoungGen: 474448K->106480K(512000K)] 1008943K->779339K(1910272K), 0.1592703 secs] [Times: user=0.95 sys=0.01, real=0.16 secs] 
5754.610: [GC (Allocation Failure) [PSYoungGen: 435184K->183264K(512000K)] 1108043K->980627K(1910272K), 0.0583982 secs] [Times: user=0.35 sys=0.00, real=0.06 secs] 
5758.017: [GC (Allocation Failure) [PSYoungGen: 511968K->102368K(419840K)] 1309331K->1033392K(1818112K), 0.1535988 secs] [Times: user=0.92 sys=0.00, real=0.16 secs] 
5758.589: [GC (Allocation Failure) [PSYoungGen: 335328K->113216K(465920K)] 1266352K->1137068K(1864192K), 0.0521872 secs] [Times: user=0.31 sys=0.00, real=0.06 secs] 
5759.705: [GC (Allocation Failure) [PSYoungGen: 346176K->88128K(465920K)] 1370028K->1216236K(1864192K), 0.0562311 secs] [Times: user=0.33 sys=0.00, real=0.06 secs] 
5761.804: [GC (Allocation Failure) [PSYoungGen: 321088K->86400K(319488K)] 1449196K->1302393K(1717760K), 0.0872308 secs] [Times: user=0.42 sys=0.00, real=0.09 secs] 
5761.891: [Full GC (Ergonomics) [PSYoungGen: 86400K->0K(319488K)] [ParOldGen: 1215993K->101099K(1398272K)] 1302393K->101099K(1717760K), [Metaspace: 59726K->59726K(1105920K)], 0.2501452 secs] [Times: user=1.15 sys=0.00, real=0.25 secs] 
5762.284: [GC (Allocation Failure) [PSYoungGen: 232960K->114656K(472064K)] 334059K->215755K(1870336K), 0.0261705 secs] [Times: user=0.15 sys=0.00, real=0.03 secs] 
5763.412: [GC (Allocation Failure) [PSYoungGen: 356320K->66288K(463360K)] 457419K->282013K(1861632K), 0.0526183 secs] [Times: user=0.31 sys=0.00, real=0.05 secs] 
5764.616: [GC (Allocation Failure) [PSYoungGen: 307952K->107968K(468992K)] 523677K->387673K(1867264K), 0.0563310 secs] [Times: user=0.34 sys=0.00, real=0.06 secs] 
5766.843: [GC (Allocation Failure) [PSYoungGen: 362944K->119872K(468480K)] 642649K->497373K(1866752K), 0.0583529 secs] [Times: user=0.35 sys=0.00, real=0.06 secs] 
5767.983: [GC (Allocation Failure) [PSYoungGen: 374848K->78240K(478208K)] 752349K->575653K(1876480K), 0.1027569 secs] [Times: user=0.61 sys=0.00, real=0.10 secs] 
5768.282: [GC (Allocation Failure) [PSYoungGen: 351648K->132192K(476160K)] 849061K->701570K(1874432K), 0.0495185 secs] [Times: user=0.29 sys=0.00, real=0.05 secs] 
5770.251: [GC (Allocation Failure) [PSYoungGen: 405600K->76000K(494080K)] 974978K->776846K(1892352K), 0.1013398 secs] [Times: user=0.59 sys=0.01, real=0.10 secs] 
5772.349: [GC (Allocation Failure) [PSYoungGen: 369376K->134592K(492032K)] 1070222K->907683K(1890304K), 0.0444028 secs] [Times: user=0.26 sys=0.00, real=0.05 secs] 
5774.104: [GC (Allocation Failure) [PSYoungGen: 427968K->97648K(491008K)] 1201059K->996200K(1889280K), 0.0604161 secs] [Times: user=0.36 sys=0.00, real=0.06 secs] 
5775.396: [GC (Allocation Failure) [PSYoungGen: 399216K->147440K(494592K)] 1297768K->1141376K(1892864K), 0.0495326 secs] [Times: user=0.29 sys=0.00, real=0.05 secs] 
5777.590: [GC (Allocation Failure) [PSYoungGen: 449008K->101376K(498688K)] 1442944K->1225312K(1896960K), 0.0724210 secs] [Times: user=0.43 sys=0.00, real=0.07 secs] 
5779.666: [GC (Allocation Failure) [PSYoungGen: 409088K->138432K(499712K)] 1533024K->1362036K(1897984K), 0.0575097 secs] [Times: user=0.34 sys=0.00, real=0.06 secs] 
5781.384: [GC (Allocation Failure) [PSYoungGen: 446144K->104896K(497152K)] 1669748K->1457609K(1895424K), 0.0656200 secs] [Times: user=0.39 sys=0.00, real=0.07 secs] 
5781.449: [Full GC (Ergonomics) [PSYoungGen: 104896K->0K(497152K)] [ParOldGen: 1352712K->21244K(1398272K)] 1457609K->21244K(1895424K), [Metaspace: 59726K->59726K(1105920K)], 0.0310962 secs] [Times: user=0.08 sys=0.00, real=0.03 secs] 
5783.569: [GC (Allocation Failure) [PSYoungGen: 313344K->140336K(501248K)] 334588K->161581K(1899520K), 0.0333244 secs] [Times: user=0.20 sys=0.00, real=0.03 secs] 
5784.772: [GC (GCLocker Initiated GC) [PSYoungGen: 453680K->108048K(501760K)] 474925K->260498K(1900032K), 0.0640332 secs] [Times: user=0.38 sys=0.00, real=0.06 secs] 
5787.968: [GC (Allocation Failure) [PSYoungGen: 429072K->142640K(505344K)] 581525K->401362K(1903616K), 0.0580356 secs] [Times: user=0.34 sys=0.00, real=0.06 secs] 
5789.171: [GC (Allocation Failure) [PSYoungGen: 463664K->111264K(506880K)] 722386K->502929K(1905152K), 0.0682130 secs] [Times: user=0.41 sys=0.00, real=0.07 secs] 
5791.834: [GC (Allocation Failure) [PSYoungGen: 438944K->148912K(509440K)] 830609K->649934K(1907712K), 0.0547669 secs] [Times: user=0.32 sys=0.01, real=0.06 secs] 
5793.091: [GC (Allocation Failure) [PSYoungGen: 476592K->111136K(512512K)] 977614K->751858K(1910784K), 0.0691570 secs] [Times: user=0.42 sys=0.00, real=0.07 secs] 
5796.709: [GC (Allocation Failure) [PSYoungGen: 441888K->149536K(512512K)] 1082610K->898590K(1910784K), 0.0538277 secs] [Times: user=0.32 sys=0.00, real=0.05 secs] 
5798.417: [GC (Allocation Failure) [PSYoungGen: 480288K->113888K(512512K)] 1229342K->1003523K(1910784K), 0.1267550 secs] [Times: user=0.75 sys=0.00, real=0.13 secs] 
5800.811: [GC (Allocation Failure) [PSYoungGen: 444640K->151456K(482304K)] 1334275K->1151387K(1880576K), 0.0786754 secs] [Times: user=0.46 sys=0.00, real=0.08 secs] 
5804.332: [GC (Allocation Failure) [PSYoungGen: 482208K->109440K(515584K)] 1482139K->1252419K(1913856K), 0.1697971 secs] [Times: user=1.00 sys=0.01, real=0.17 secs] 
5805.274: [GC (Allocation Failure) [PSYoungGen: 438144K->153664K(482816K)] 1581123K->1402084K(1881088K), 0.0542241 secs] [Times: user=0.32 sys=0.00, real=0.05 secs] 
5805.328: [Full GC (Ergonomics) [PSYoungGen: 153664K->0K(482816K)] [ParOldGen: 1248420K->206579K(1398272K)] 1402084K->206579K(1881088K), [Metaspace: 59726K->59726K(1105920K)], 0.4636102 secs] [Times: user=2.14 sys=0.00, real=0.47 secs] 
5808.366: [GC (GCLocker Initiated GC) [PSYoungGen: 328704K->99344K(512000K)] 535283K->305923K(1910272K), 0.1489836 secs] [Times: user=0.88 sys=0.00, real=0.15 secs] 
5809.348: [GC (Allocation Failure) [PSYoungGen: 422928K->156272K(480256K)] 629510K->455679K(1878528K), 0.0559081 secs] [Times: user=0.33 sys=0.00, real=0.06 secs] 
5812.553: [GC (Allocation Failure) [PSYoungGen: 479856K->95616K(507392K)] 779263K->550659K(1905664K), 0.1674574 secs] [Times: user=0.98 sys=0.01, real=0.17 secs] 
5813.045: [GC (Allocation Failure) [PSYoungGen: 410496K->153584K(468480K)] 865539K->697636K(1866752K), 0.0566796 secs] [Times: user=0.33 sys=0.00, real=0.06 secs] 
5818.394: [GC (Allocation Failure) [PSYoungGen: 468464K->87520K(503296K)] 1012516K->784940K(1901568K), 0.1653379 secs] [Times: user=0.99 sys=0.00, real=0.17 secs] 
5819.317: [GC (Allocation Failure) [PSYoungGen: 395232K->147904K(455680K)] 1092652K->926796K(1853952K), 0.0535920 secs] [Times: user=0.31 sys=0.01, real=0.06 secs] 
5822.278: [GC (Allocation Failure) [PSYoungGen: 455616K->91360K(502784K)] 1234508K->1017804K(1901056K), 0.1726502 secs] [Times: user=1.02 sys=0.00, real=0.18 secs] 
5824.225: [GC (Allocation Failure) [PSYoungGen: 389700K->138272K(443904K)] 1316145K->1150065K(1842176K), 0.0506628 secs] [Times: user=0.29 sys=0.00, real=0.05 secs] 
5825.425: [GC (Allocation Failure) [PSYoungGen: 443424K->100928K(502784K)] 1455217K->1242105K(1901056K), 0.0637105 secs] [Times: user=0.37 sys=0.00, real=0.06 secs] 
5828.243: [GC (Allocation Failure) [PSYoungGen: 409152K->142960K(499712K)] 1550329K->1381391K(1897984K), 0.0512184 secs] [Times: user=0.30 sys=0.00, real=0.05 secs] 
5828.295: [Full GC (Ergonomics) [PSYoungGen: 142960K->0K(499712K)] [ParOldGen: 1238430K->189218K(1398272K)] 1381391K->189218K(1897984K), [Metaspace: 59726K->59726K(1105920K)], 0.4372809 secs] [Times: user=2.02 sys=0.00, real=0.44 secs] 
5830.174: [GC (Allocation Failure) [PSYoungGen: 308224K->99264K(504320K)] 497442K->288482K(1902592K), 0.0421460 secs] [Times: user=0.24 sys=0.00, real=0.04 secs] 
5832.864: [GC (Allocation Failure) [PSYoungGen: 414144K->145904K(504832K)] 603362K->430192K(1903104K), 0.0491084 secs] [Times: user=0.29 sys=0.00, real=0.05 secs] 
5834.674: [GC (Allocation Failure) [PSYoungGen: 460784K->106720K(503808K)] 745072K->527655K(1902080K), 0.0908498 secs] [Times: user=0.53 sys=0.00, real=0.09 secs] 
5837.434: [GC (Allocation Failure) [PSYoungGen: 423648K->145072K(505344K)] 844583K->669116K(1903616K), 0.0524043 secs] [Times: user=0.31 sys=0.00, real=0.05 secs] 
5838.640: [GC (Allocation Failure) [PSYoungGen: 462000K->106752K(504832K)] 986044K->766780K(1903104K), 0.0772318 secs] [Times: user=0.46 sys=0.00, real=0.07 secs] 
5841.296: [GC (Allocation Failure) [PSYoungGen: 427264K->147712K(506880K)] 1087292K->911173K(1905152K), 0.0541900 secs] [Times: user=0.32 sys=0.00, real=0.06 secs] 
5843.931: [GC (Allocation Failure) [PSYoungGen: 468224K->107024K(509440K)] 1231685K->1009781K(1907712K), 0.0763730 secs] [Times: user=0.44 sys=0.01, real=0.07 secs] 
5848.060: [GC (Allocation Failure) [PSYoungGen: 430096K->149952K(473088K)] 1332853K->1155489K(1871360K), 0.0539185 secs] [Times: user=0.32 sys=0.00, real=0.05 secs] 
5850.903: [GC (Allocation Failure) [PSYoungGen: 473024K->107120K(512512K)] 1478561K->1253646K(1910784K), 0.1744646 secs] [Times: user=1.03 sys=0.01, real=0.17 secs] 
5853.683: [GC (Allocation Failure) [PSYoungGen: 427626K->147632K(508928K)] 1574152K->1396915K(1907200K), 0.0534104 secs] [Times: user=0.31 sys=0.00, real=0.05 secs] 
5853.737: [Full GC (Ergonomics) [PSYoungGen: 147632K->0K(508928K)] [ParOldGen: 1249282K->195963K(1398272K)] 1396915K->195963K(1907200K), [Metaspace: 59726K->59726K(1105920K)], 0.4513258 secs] [Times: user=1.99 sys=0.00, real=0.45 secs] 
5856.653: [GC (Allocation Failure) [PSYoungGen: 322560K->105936K(509952K)] 518523K->301899K(1908224K), 0.1025580 secs] [Times: user=0.60 sys=0.00, real=0.10 secs] 
5858.153: [GC (Allocation Failure) [PSYoungGen: 417371K->145280K(509952K)] 613334K->443095K(1908224K), 0.0497683 secs] [Times: user=0.29 sys=0.01, real=0.05 secs] 
5860.468: [GC (Allocation Failure) [PSYoungGen: 468864K->108048K(507904K)] 766679K->542384K(1906176K), 0.1747866 secs] [Times: user=1.03 sys=0.01, real=0.18 secs] 
5861.633: [GC (Allocation Failure) [PSYoungGen: 432656K->152928K(509440K)] 866992K->691380K(1907712K), 0.0524725 secs] [Times: user=0.32 sys=0.00, real=0.05 secs] 
5863.712: [GC (Allocation Failure) [PSYoungGen: 477536K->98752K(510976K)] 1015988K->789472K(1909248K), 0.1554001 secs] [Times: user=0.91 sys=0.01, real=0.15 secs] 
5865.115: [GC (Allocation Failure) [PSYoungGen: 420288K->187888K(509440K)] 1111008K->971474K(1907712K), 0.0575934 secs] [Times: user=0.34 sys=0.00, real=0.06 secs] 
5868.959: [GC (Allocation Failure) [PSYoungGen: 509424K->92032K(422400K)] 1293010K->1030525K(1820672K), 0.1750396 secs] [Times: user=1.04 sys=0.00, real=0.17 secs] 
5869.640: [GC (Allocation Failure) [PSYoungGen: 324992K->111808K(465920K)] 1263485K->1136516K(1864192K), 0.0551514 secs] [Times: user=0.31 sys=0.01, real=0.05 secs] 
5871.902: [GC (Allocation Failure) [PSYoungGen: 344768K->87552K(460288K)] 1369476K->1214580K(1858560K), 0.0568322 secs] [Times: user=0.34 sys=0.00, real=0.06 secs] 
5874.091: [GC (Allocation Failure) [PSYoungGen: 322048K->88032K(463872K)] 1449076K->1302689K(1862144K), 0.0834904 secs] [Times: user=0.50 sys=0.00, real=0.08 secs] 
5874.343: [GC (Allocation Failure) [PSYoungGen: 322528K->114048K(452608K)] 1537185K->1411177K(1850880K), 0.0507247 secs] [Times: user=0.31 sys=0.00, real=0.05 secs] 
5874.393: [Full GC (Ergonomics) [PSYoungGen: 114048K->0K(452608K)] [ParOldGen: 1297129K->209818K(1398272K)] 1411177K->209818K(1850880K), [Metaspace: 59726K->59726K(1105920K)], 0.4848566 secs] [Times: user=2.18 sys=0.00, real=0.48 secs] 
5876.060: [GC (Allocation Failure) [PSYoungGen: 243200K->62832K(461312K)] 453018K->272651K(1859584K), 0.0674506 secs] [Times: user=0.40 sys=0.00, real=0.06 secs] 
5878.642: [GC (Allocation Failure) [PSYoungGen: 306032K->116688K(461824K)] 515851K->386609K(1860096K), 0.0621875 secs] [Times: user=0.37 sys=0.00, real=0.06 secs] 
5879.743: [GC (Allocation Failure) [PSYoungGen: 378832K->122272K(471040K)] 648753K->491092K(1869312K), 0.0585469 secs] [Times: user=0.35 sys=0.00, real=0.06 secs] 
5882.053: [GC (Allocation Failure) [PSYoungGen: 384416K->77392K(484864K)] 753236K->568525K(1883136K), 0.1153063 secs] [Times: user=0.68 sys=0.01, real=0.11 secs] 
5882.383: [GC (Allocation Failure) [PSYoungGen: 365648K->139264K(488448K)] 856781K->701525K(1886720K), 0.0507760 secs] [Times: user=0.30 sys=0.00, real=0.05 secs] 
5884.370: [GC (Allocation Failure) [PSYoungGen: 427520K->82672K(494080K)] 989781K->783566K(1892352K), 0.1597041 secs] [Times: user=0.95 sys=0.00, real=0.16 secs] 
5885.031: [GC (Allocation Failure) [PSYoungGen: 365334K->134640K(496128K)] 1066228K->911914K(1894400K), 0.0471497 secs] [Times: user=0.28 sys=0.00, real=0.04 secs] 
5887.061: [GC (Allocation Failure) [PSYoungGen: 432624K->96832K(489984K)] 1209898K->999734K(1888256K), 0.0881849 secs] [Times: user=0.52 sys=0.00, real=0.09 secs] 
5889.170: [GC (Allocation Failure) [PSYoungGen: 399936K->142160K(495616K)] 1302838K->1138227K(1893888K), 0.0496199 secs] [Times: user=0.29 sys=0.00, real=0.05 secs] 
5891.421: [GC (Allocation Failure) [PSYoungGen: 445264K->98576K(499200K)] 1441331K->1227987K(1897472K), 0.0829842 secs] [Times: user=0.49 sys=0.00, real=0.08 secs] 
5893.478: [GC (Allocation Failure) [PSYoungGen: 409360K->140672K(501248K)] 1538771K->1366079K(1899520K), 0.0508420 secs] [Times: user=0.30 sys=0.00, real=0.05 secs] 
5893.529: [Full GC (Ergonomics) [PSYoungGen: 140672K->0K(501248K)] [ParOldGen: 1225407K->174091K(1398272K)] 1366079K->174091K(1899520K), [Metaspace: 59727K->59727K(1105920K)], 0.4010692 secs] [Times: user=1.84 sys=0.00, real=0.41 secs] 
5895.770: [GC (Allocation Failure) [PSYoungGen: 310784K->105680K(499200K)] 484875K->279772K(1897472K), 0.0361498 secs] [Times: user=0.21 sys=0.00, real=0.03 secs] 
5897.089: [GC (Allocation Failure) [PSYoungGen: 421584K->143776K(502784K)] 595676K->421360K(1901056K), 0.0529631 secs] [Times: user=0.31 sys=0.00, real=0.05 secs] 
5899.870: [GC (Allocation Failure) [PSYoungGen: 459680K->106800K(505344K)] 737264K->518832K(1903616K), 0.0749746 secs] [Times: user=0.45 sys=0.00, real=0.07 secs] 
5901.957: [GC (Allocation Failure) [PSYoungGen: 428336K->146976K(506880K)] 840368K->663372K(1905152K), 0.0536056 secs] [Times: user=0.31 sys=0.00, real=0.06 secs] 
5904.097: [GC (Allocation Failure) [PSYoungGen: 468512K->107456K(508416K)] 984908K->761329K(1906688K), 0.0650444 secs] [Times: user=0.38 sys=0.01, real=0.07 secs] 
5905.229: [GC (Allocation Failure) [PSYoungGen: 431552K->151168K(508928K)] 1085425K->910273K(1907200K), 0.0537358 secs] [Times: user=0.32 sys=0.00, real=0.05 secs] 
5907.506: [GC (Allocation Failure) [PSYoungGen: 475264K->108064K(509952K)] 1234369K->1009353K(1908224K), 0.0771846 secs] [Times: user=0.45 sys=0.00, real=0.08 secs] 
5909.075: [GC (Allocation Failure) [PSYoungGen: 431136K->149504K(508928K)] 1332425K->1155674K(1907200K), 0.0536014 secs] [Times: user=0.32 sys=0.00, real=0.05 secs] 
5911.098: [GC (Allocation Failure) [PSYoungGen: 472576K->108160K(508928K)] 1478746K->1254958K(1907200K), 0.1172682 secs] [Times: user=0.70 sys=0.00, real=0.12 secs] 
5914.228: [GC (Allocation Failure) [PSYoungGen: 429552K->147664K(508928K)] 1576351K->1398980K(1907200K), 0.0527380 secs] [Times: user=0.31 sys=0.00, real=0.06 secs] 
5914.281: [Full GC (Ergonomics) [PSYoungGen: 147664K->0K(508928K)] [ParOldGen: 1251315K->196442K(1398272K)] 1398980K->196442K(1907200K), [Metaspace: 59727K->59727K(1105920K)], 0.4676359 secs] [Times: user=2.17 sys=0.00, real=0.46 secs] 
5916.723: [GC (Allocation Failure) [PSYoungGen: 323072K->107600K(508928K)] 519514K->304043K(1907200K), 0.0994234 secs] [Times: user=0.58 sys=0.01, real=0.10 secs] 
5918.450: [GC (Allocation Failure) [PSYoungGen: 421885K->144096K(509440K)] 618328K->443899K(1907712K), 0.0503196 secs] [Times: user=0.29 sys=0.00, real=0.05 secs] 
5920.804: [GC (Allocation Failure) [PSYoungGen: 468192K->110576K(507904K)] 767995K->545536K(1906176K), 0.1667219 secs] [Times: user=0.99 sys=0.00, real=0.17 secs] 
5922.631: [GC (Allocation Failure) [PSYoungGen: 437232K->151664K(509952K)] 872192K->692825K(1908224K), 0.0523532 secs] [Times: user=0.30 sys=0.01, real=0.05 secs] 
5924.720: [GC (Allocation Failure) [PSYoungGen: 478320K->100192K(512512K)] 1019481K->792156K(1910784K), 0.1744956 secs] [Times: user=1.04 sys=0.00, real=0.17 secs] 
5925.744: [GC (Allocation Failure) [PSYoungGen: 424800K->155360K(480256K)] 1116764K->941013K(1878528K), 0.0569546 secs] [Times: user=0.34 sys=0.00, real=0.06 secs] 
5929.252: [GC (Allocation Failure) [PSYoungGen: 479968K->100432K(509440K)] 1265621K->1040422K(1907712K), 0.1688099 secs] [Times: user=1.01 sys=0.00, real=0.17 secs] 
5930.549: [GC (Allocation Failure) [PSYoungGen: 418384K->148192K(466432K)] 1358374K->1182566K(1864704K), 0.1116483 secs] [Times: user=0.66 sys=0.01, real=0.11 secs] 
5934.638: [GC (Allocation Failure) [PSYoungGen: 466144K->94240K(507904K)] 1500518K->1276286K(1906176K), 0.1604662 secs] [Times: user=0.96 sys=0.00, real=0.16 secs] 
5935.426: [GC (Allocation Failure) [PSYoungGen: 410144K->153296K(469504K)] 1592190K->1422631K(1867776K), 0.0937043 secs] [Times: user=0.56 sys=0.00, real=0.10 secs] 
5935.519: [Full GC (Ergonomics) [PSYoungGen: 153296K->0K(469504K)] [ParOldGen: 1269334K->221718K(1398272K)] 1422631K->221718K(1867776K), [Metaspace: 59727K->59727K(1105920K)], 0.5318535 secs] [Times: user=2.50 sys=0.00, real=0.53 secs] 
5939.803: [GC (Allocation Failure) [PSYoungGen: 315904K->90096K(504320K)] 537622K->311815K(1902592K), 0.1155444 secs] [Times: user=0.69 sys=0.01, real=0.11 secs] 
5940.748: [GC (Allocation Failure) [PSYoungGen: 399344K->148032K(457728K)] 621063K->453323K(1856000K), 0.0540557 secs] [Times: user=0.31 sys=0.01, real=0.06 secs] 
5944.301: [GC (Allocation Failure) [PSYoungGen: 457280K->90624K(503296K)] 762571K->542939K(1901568K), 0.1587503 secs] [Times: user=0.94 sys=0.00, real=0.16 secs] 
5944.957: [GC (Allocation Failure) [PSYoungGen: 397312K->147104K(454144K)] 849627K->684424K(1852416K), 0.0528944 secs] [Times: user=0.31 sys=0.00, real=0.06 secs] 
5947.578: [GC (Allocation Failure) [PSYoungGen: 453792K->90976K(502784K)] 991112K->774504K(1901056K), 0.1581787 secs] [Times: user=0.94 sys=0.01, real=0.16 secs] 
5948.591: [GC (Allocation Failure) [PSYoungGen: 390235K->141056K(501248K)] 1073763K->911701K(1899520K), 0.0501129 secs] [Times: user=0.30 sys=0.00, real=0.05 secs] 
5950.713: [GC (Allocation Failure) [PSYoungGen: 446208K->99360K(497152K)] 1216853K->1002373K(1895424K), 0.1418998 secs] [Times: user=0.85 sys=0.00, real=0.14 secs] 
5952.754: [GC (Allocation Failure) [PSYoungGen: 406048K->141790K(499200K)] 1309061K->1140209K(1897472K), 0.0491505 secs] [Times: user=0.29 sys=0.00, real=0.05 secs] 
5954.322: [GC (Allocation Failure) [PSYoungGen: 448478K->102112K(500224K)] 1446897K->1232938K(1898496K), 0.0949295 secs] [Times: user=0.57 sys=0.00, real=0.09 secs] 
5956.233: [GC (Allocation Failure) [PSYoungGen: 414944K->147920K(502784K)] 1545770K->1376992K(1901056K), 0.0517843 secs] [Times: user=0.30 sys=0.00, real=0.05 secs] 
5956.285: [Full GC (Ergonomics) [PSYoungGen: 147920K->0K(502784K)] [ParOldGen: 1229071K->185312K(1398272K)] 1376992K->185312K(1901056K), [Metaspace: 59727K->59727K(1105920K)], 0.4331582 secs] [Times: user=1.99 sys=0.00, real=0.43 secs] 
5958.723: [GC (Allocation Failure) [PSYoungGen: 312832K->101200K(505856K)] 498144K->286512K(1904128K), 0.0323458 secs] [Times: user=0.18 sys=0.00, real=0.03 secs] 
5961.415: [GC (Allocation Failure) [PSYoungGen: 417104K->145232K(505856K)] 602416K->428913K(1904128K), 0.0507877 secs] [Times: user=0.30 sys=0.00, real=0.05 secs] 
5962.581: [GC (Allocation Failure) [PSYoungGen: 461136K->107136K(502784K)] 744817K->526756K(1901056K), 0.0650819 secs] [Times: user=0.39 sys=0.00, real=0.06 secs] 
5965.092: [GC (Allocation Failure) [PSYoungGen: 424064K->145936K(504832K)] 843684K->669034K(1903104K), 0.0527628 secs] [Times: user=0.30 sys=0.01, real=0.05 secs] 
5966.477: [GC (Allocation Failure) [PSYoungGen: 462864K->107456K(505856K)] 985962K->767217K(1904128K), 0.0917748 secs] [Times: user=0.55 sys=0.01, real=0.10 secs] 
5968.435: [GC (Allocation Failure) [PSYoungGen: 428480K->148192K(507392K)] 1088241K->911702K(1905664K), 0.0531327 secs] [Times: user=0.32 sys=0.00, real=0.05 secs] 
5970.438: [GC (Allocation Failure) [PSYoungGen: 469216K->110144K(508416K)] 1232726K->1012150K(1906688K), 0.0660412 secs] [Times: user=0.39 sys=0.00, real=0.07 secs] 
5974.252: [GC (Allocation Failure) [PSYoungGen: 433216K->145072K(508928K)] 1335222K->1153572K(1907200K), 0.0537668 secs] [Times: user=0.32 sys=0.01, real=0.05 secs] 
5976.291: [GC (Allocation Failure) [PSYoungGen: 468144K->108816K(508416K)] 1476644K->1253248K(1906688K), 0.1026655 secs] [Times: user=0.61 sys=0.00, real=0.10 secs] 
5978.212: [GC (Allocation Failure) [PSYoungGen: 428393K->148368K(509952K)] 1572825K->1397613K(1908224K), 0.0536541 secs] [Times: user=0.31 sys=0.00, real=0.05 secs] 
5978.265: [Full GC (Ergonomics) [PSYoungGen: 148368K->0K(509952K)] [ParOldGen: 1249244K->196099K(1398272K)] 1397613K->196099K(1908224K), [Metaspace: 59727K->59727K(1105920K)], 0.4547923 secs] [Times: user=2.10 sys=0.00, real=0.46 secs] 
5980.713: [GC (Allocation Failure) [PSYoungGen: 325632K->108128K(511488K)] 521731K->304227K(1909760K), 0.1031949 secs] [Times: user=0.61 sys=0.00, real=0.10 secs] 
5982.290: [GC (Allocation Failure) [PSYoungGen: 435296K->169824K(497152K)] 631395K->469799K(1895424K), 0.0520462 secs] [Times: user=0.30 sys=0.00, real=0.05 secs] 
5984.641: [GC (Allocation Failure) [PSYoungGen: 496992K->98160K(505344K)] 796967K->550860K(1903616K), 0.1728915 secs] [Times: user=1.03 sys=0.00, real=0.17 secs] 
5985.620: [GC (GCLocker Initiated GC) [PSYoungGen: 408432K->149616K(460288K)] 861132K->694111K(1858560K), 0.0540693 secs] [Times: user=0.32 sys=0.00, real=0.05 secs] 
5987.823: [GC (Allocation Failure) [PSYoungGen: 459888K->92320K(503808K)] 1008535K->789726K(1902080K), 0.1753815 secs] [Times: user=1.03 sys=0.00, real=0.17 secs] 
5988.910: [GC (Allocation Failure) [PSYoungGen: 400544K->146944K(455680K)] 1097950K->935071K(1853952K), 0.0657632 secs] [Times: user=0.39 sys=0.00, real=0.06 secs] 
5993.286: [GC (Allocation Failure) [PSYoungGen: 455168K->88256K(502784K)] 1243295K->1022635K(1901056K), 0.1598771 secs] [Times: user=0.94 sys=0.01, real=0.16 secs] 
5995.175: [GC (GCLocker Initiated GC) [PSYoungGen: 394944K->142736K(502784K)] 1329323K->1161005K(1901056K), 0.0491210 secs] [Times: user=0.29 sys=0.00, real=0.05 secs] 
5997.107: [GC (Allocation Failure) [PSYoungGen: 449424K->100640K(496640K)] 1467713K->1252372K(1894912K), 0.0813248 secs] [Times: user=0.48 sys=0.00, real=0.08 secs] 
5999.929: [GC (Allocation Failure) [PSYoungGen: 407328K->142240K(499712K)] 1559060K->1390169K(1897984K), 0.0493156 secs] [Times: user=0.29 sys=0.00, real=0.05 secs] 
5999.978: [Full GC (Ergonomics) [PSYoungGen: 142240K->0K(499712K)] [ParOldGen: 1247929K->185095K(1398272K)] 1390169K->185095K(1897984K), [Metaspace: 59727K->59727K(1105920K)], 0.4241591 secs] [Times: user=1.94 sys=0.00, real=0.43 secs] 
6001.447: [GC (Allocation Failure) [PSYoungGen: 306688K->103344K(499200K)] 491783K->288440K(1897472K), 0.0325801 secs] [Times: user=0.19 sys=0.00, real=0.04 secs] 
6002.972: [GC (Allocation Failure) [PSYoungGen: 415664K->143632K(502272K)] 600760K->428505K(1900544K), 0.0504818 secs] [Times: user=0.30 sys=0.00, real=0.05 secs] 
6006.058: [GC (Allocation Failure) [PSYoungGen: 455952K->104896K(503808K)] 740825K->523368K(1902080K), 0.0635324 secs] [Times: user=0.37 sys=0.01, real=0.07 secs] 
6007.903: [GC (GCLocker Initiated GC) [PSYoungGen: 422848K->146544K(505856K)] 841320K->667140K(1904128K), 0.1112660 secs] [Times: user=0.65 sys=0.00, real=0.11 secs] 
6011.519: [GC (Allocation Failure) [PSYoungGen: 464496K->104992K(507392K)] 985144K->763163K(1905664K), 0.0774297 secs] [Times: user=0.46 sys=0.00, real=0.07 secs] 
6014.102: [GC (Allocation Failure) [PSYoungGen: 425504K->146144K(507904K)] 1083675K->907144K(1906176K), 0.0573280 secs] [Times: user=0.34 sys=0.00, real=0.06 secs] 
6016.263: [GC (Allocation Failure) [PSYoungGen: 466656K->105872K(507392K)] 1227656K->1004589K(1905664K), 0.0771684 secs] [Times: user=0.46 sys=0.01, real=0.08 secs] 
6017.587: [GC (Allocation Failure) [PSYoungGen: 427920K->150400K(508416K)] 1326637K->1151365K(1906688K), 0.0536134 secs] [Times: user=0.32 sys=0.00, real=0.06 secs] 
6020.360: [GC (Allocation Failure) [PSYoungGen: 472448K->107008K(509440K)] 1473413K->1248717K(1907712K), 0.0667273 secs] [Times: user=0.39 sys=0.01, real=0.06 secs] 
6021.780: [GC (Allocation Failure) [PSYoungGen: 429056K->150064K(508928K)] 1570765K->1395042K(1907200K), 0.0529588 secs] [Times: user=0.31 sys=0.00, real=0.05 secs] 
6021.833: [Full GC (Ergonomics) [PSYoungGen: 150064K->0K(508928K)] [ParOldGen: 1244977K->191843K(1398272K)] 1395042K->191843K(1907200K), [Metaspace: 59730K->59730K(1105920K)], 0.4590009 secs] [Times: user=2.13 sys=0.00, real=0.46 secs] 
6024.120: [GC (Allocation Failure) [PSYoungGen: 322048K->108384K(508928K)] 513891K->300227K(1907200K), 0.0936142 secs] [Times: user=0.55 sys=0.01, real=0.09 secs] 
6025.366: [GC (Allocation Failure) [PSYoungGen: 419620K->147360K(508928K)] 611464K->443768K(1907200K), 0.0511917 secs] [Times: user=0.30 sys=0.00, real=0.05 secs] 
6027.747: [GC (Allocation Failure) [PSYoungGen: 469408K->107392K(508928K)] 765816K->542400K(1907200K), 0.1772127 secs] [Times: user=1.06 sys=0.00, real=0.18 secs] 
6030.267: [GC (Allocation Failure) [PSYoungGen: 423644K->143376K(509440K)] 858653K->682190K(1907712K), 0.0512338 secs] [Times: user=0.30 sys=0.00, real=0.05 secs] 
6032.687: [GC (Allocation Failure) [PSYoungGen: 466448K->107424K(507904K)] 1005262K->780677K(1906176K), 0.1790592 secs] [Times: user=1.06 sys=0.00, real=0.18 secs] 
6034.344: [GC (Allocation Failure) [PSYoungGen: 425977K->145072K(509952K)] 1099231K->921431K(1908224K), 0.0510741 secs] [Times: user=0.30 sys=0.00, real=0.05 secs] 
6036.799: [GC (Allocation Failure) [PSYoungGen: 470704K->112272K(508928K)] 1247063K->1024463K(1907200K), 0.1616747 secs] [Times: user=0.96 sys=0.00, real=0.16 secs] 
6038.088: [GC (Allocation Failure) [PSYoungGen: 440976K->155392K(510976K)] 1353167K->1176283K(1909248K), 0.0550386 secs] [Times: user=0.33 sys=0.00, real=0.06 secs] 
6041.988: [GC (Allocation Failure) [PSYoungGen: 484096K->99456K(512000K)] 1504987K->1275451K(1910272K), 0.1719110 secs] [Times: user=1.02 sys=0.00, real=0.18 secs] 
6042.716: [GC (Allocation Failure) [PSYoungGen: 423552K->156128K(480256K)] 1599547K->1425840K(1878528K), 0.0584102 secs] [Times: user=0.34 sys=0.00, real=0.06 secs] 
6042.774: [Full GC (Ergonomics) [PSYoungGen: 156128K->0K(480256K)] [ParOldGen: 1269712K->223812K(1398272K)] 1425840K->223812K(1878528K), [Metaspace: 59730K->59730K(1105920K)], 0.5176593 secs] [Times: user=2.40 sys=0.00, real=0.52 secs] 
6047.210: [GC (Allocation Failure) [PSYoungGen: 324096K->93136K(506880K)] 547908K->316949K(1905152K), 0.1066534 secs] [Times: user=0.63 sys=0.00, real=0.10 secs] 
6047.736: [GC (Allocation Failure) [PSYoungGen: 408016K->153728K(468992K)] 631829K->464506K(1867264K), 0.0800631 secs] [Times: user=0.47 sys=0.00, real=0.08 secs] 
6053.264: [GC (Allocation Failure) [PSYoungGen: 468608K->85376K(502272K)] 779386K->549802K(1900544K), 0.1575623 secs] [Times: user=0.94 sys=0.00, real=0.16 secs] 
6054.244: [GC (Allocation Failure) [PSYoungGen: 392064K->147136K(454144K)] 856490K->690517K(1852416K), 0.0529325 secs] [Times: user=0.31 sys=0.00, real=0.05 secs] 
6057.710: [GC (Allocation Failure) [PSYoungGen: 453824K->88896K(502272K)] 997205K->778989K(1900544K), 0.1642493 secs] [Times: user=0.98 sys=0.00, real=0.16 secs] 
6058.283: [GC (Allocation Failure) [PSYoungGen: 393536K->148352K(453120K)] 1083629K->921234K(1851392K), 0.0529916 secs] [Times: user=0.31 sys=0.00, real=0.05 secs] 
6060.509: [GC (Allocation Failure) [PSYoungGen: 452992K->88256K(500736K)] 1225874K->1009002K(1899008K), 0.1284226 secs] [Times: user=0.76 sys=0.01, real=0.12 secs] 
6062.595: [GC (Allocation Failure) [PSYoungGen: 389824K->142128K(499712K)] 1310570K->1146498K(1897984K), 0.0486282 secs] [Times: user=0.29 sys=0.00, real=0.05 secs] 
6063.797: [GC (Allocation Failure) [PSYoungGen: 443696K->100304K(494592K)] 1448066K->1237738K(1892864K), 0.0655292 secs] [Times: user=0.39 sys=0.00, real=0.07 secs] 
6065.567: [GC (Allocation Failure) [PSYoungGen: 402896K->139136K(497152K)] 1540330K->1373102K(1895424K), 0.0509265 secs] [Times: user=0.30 sys=0.00, real=0.05 secs] 
6065.618: [Full GC (Ergonomics) [PSYoungGen: 139136K->0K(497152K)] [ParOldGen: 1233966K->180499K(1398272K)] 1373102K->180499K(1895424K), [Metaspace: 59730K->59730K(1105920K)], 0.4314343 secs] [Times: user=1.99 sys=0.00, real=0.44 secs] 
6067.454: [GC (Allocation Failure) [PSYoungGen: 302592K->103408K(495616K)] 483091K->283907K(1893888K), 0.0447345 secs] [Times: user=0.27 sys=0.00, real=0.05 secs] 
6069.037: [GC (GCLocker Initiated GC) [PSYoungGen: 413680K->141728K(500224K)] 594181K->422129K(1898496K), 0.0518231 secs] [Times: user=0.30 sys=0.00, real=0.05 secs] 
6070.364: [GC (GCLocker Initiated GC) [PSYoungGen: 452000K->105968K(501760K)] 732403K->518380K(1900032K), 0.0703196 secs] [Times: user=0.41 sys=0.00, real=0.07 secs] 
6071.765: [GC (Allocation Failure) [PSYoungGen: 423920K->147552K(504832K)] 836350K->664010K(1903104K), 0.0534643 secs] [Times: user=0.31 sys=0.00, real=0.05 secs] 
6073.929: [GC (Allocation Failure) [PSYoungGen: 465504K->107536K(507904K)] 981962K->762899K(1906176K), 0.0660444 secs] [Times: user=0.39 sys=0.00, real=0.06 secs] 
6076.068: [GC (Allocation Failure) [PSYoungGen: 429584K->155392K(477696K)] 1084947K->915789K(1875968K), 0.0538189 secs] [Times: user=0.31 sys=0.00, real=0.06 secs] 
6077.238: [GC (Allocation Failure) [PSYoungGen: 477440K->110080K(510464K)] 1237837K->1008533K(1908736K), 0.0923314 secs] [Times: user=0.55 sys=0.00, real=0.10 secs] 
6079.379: [GC (Allocation Failure) [PSYoungGen: 428544K->147376K(506880K)] 1326997K->1152039K(1905152K), 0.0544029 secs] [Times: user=0.31 sys=0.01, real=0.05 secs] 
6081.211: [GC (Allocation Failure) [PSYoungGen: 465840K->107776K(506368K)] 1470503K->1250738K(1904640K), 0.0660421 secs] [Times: user=0.39 sys=0.01, real=0.06 secs] 
6082.777: [GC (Allocation Failure) [PSYoungGen: 427776K->146752K(507392K)] 1570738K->1393963K(1905664K), 0.0530559 secs] [Times: user=0.31 sys=0.00, real=0.06 secs] 
6082.830: [Full GC (Ergonomics) [PSYoungGen: 146752K->0K(507392K)] [ParOldGen: 1247211K->191335K(1398272K)] 1393963K->191335K(1905664K), [Metaspace: 59730K->59730K(1105920K)], 0.4455743 secs] [Times: user=2.06 sys=0.00, real=0.44 secs] 
6084.954: [GC (Allocation Failure) [PSYoungGen: 320000K->110096K(506368K)] 511335K->301431K(1904640K), 0.0416116 secs] [Times: user=0.24 sys=0.00, real=0.04 secs] 
6086.668: [GC (Allocation Failure) [PSYoungGen: 422697K->145424K(507904K)] 614032K->443548K(1906176K), 0.0522367 secs] [Times: user=0.31 sys=0.00, real=0.06 secs] 
6091.036: [GC (Allocation Failure) [PSYoungGen: 467472K->101376K(511488K)] 765596K->536092K(1909760K), 0.1450751 secs] [Times: user=0.78 sys=0.00, real=0.15 secs] 
6092.642: [GC (Allocation Failure) [PSYoungGen: 426958K->150400K(476160K)] 861674K->682112K(1874432K), 0.0496079 secs] [Times: user=0.30 sys=0.00, real=0.05 secs] 
6094.645: [GC (Allocation Failure) [PSYoungGen: 476032K->110352K(513024K)] 1007744K->783321K(1911296K), 0.1050388 secs] [Times: user=0.62 sys=0.00, real=0.11 secs] 
6096.106: [GC (Allocation Failure) [PSYoungGen: 418884K->141920K(509952K)] 1091853K->920877K(1908224K), 0.0517532 secs] [Times: user=0.31 sys=0.00, real=0.05 secs] 
6098.789: [GC (Allocation Failure) [PSYoungGen: 466016K->107328K(510464K)] 1244973K->1018809K(1908736K), 0.1256221 secs] [Times: user=0.74 sys=0.00, real=0.12 secs] 
6100.673: [GC (GCLocker Initiated GC) [PSYoungGen: 433984K->152144K(509952K)] 1345466K->1166988K(1908224K), 0.0742832 secs] [Times: user=0.44 sys=0.00, real=0.07 secs] 
6103.047: [GC (Allocation Failure) [PSYoungGen: 478800K->99136K(512512K)] 1493647K->1265598K(1910784K), 0.1693137 secs] [Times: user=1.01 sys=0.00, real=0.17 secs] 
6103.690: [GC (GCLocker Initiated GC) [PSYoungGen: 424256K->153568K(478720K)] 1590720K->1413157K(1876992K), 0.0569662 secs] [Times: user=0.32 sys=0.02, real=0.05 secs] 
6103.747: [Full GC (Ergonomics) [PSYoungGen: 153568K->0K(478720K)] [ParOldGen: 1259589K->211691K(1398272K)] 1413157K->211691K(1876992K), [Metaspace: 59730K->59730K(1105920K)], 0.4881965 secs] [Times: user=2.25 sys=0.00, real=0.49 secs] 
6107.278: [GC (Allocation Failure) [PSYoungGen: 325120K->100064K(509440K)] 536812K->311757K(1907712K), 0.1614937 secs] [Times: user=0.96 sys=0.00, real=0.17 secs] 
6107.910: [GC (Allocation Failure) [PSYoungGen: 418528K->154432K(473088K)] 630221K->460337K(1871360K), 0.0555747 secs] [Times: user=0.33 sys=0.00, real=0.05 secs] 
6110.561: [GC (Allocation Failure) [PSYoungGen: 472896K->96080K(506368K)] 778801K->556018K(1904640K), 0.1604877 secs] [Times: user=0.96 sys=0.00, real=0.16 secs] 
6110.960: [GC (Allocation Failure) [PSYoungGen: 408400K->152432K(464896K)] 868338K->702491K(1863168K), 0.0562749 secs] [Times: user=0.33 sys=0.00, real=0.05 secs] 
6114.928: [GC (Allocation Failure) [PSYoungGen: 464752K->89504K(503296K)] 1014811K->791606K(1901568K), 0.1774765 secs] [Times: user=1.06 sys=0.00, real=0.18 secs] 
6115.357: [GC (Allocation Failure) [PSYoungGen: 396704K->147520K(455168K)] 1098806K->933423K(1853440K), 0.0535555 secs] [Times: user=0.32 sys=0.00, real=0.06 secs] 
6118.287: [GC (Allocation Failure) [PSYoungGen: 454720K->89888K(502272K)] 1240623K->1022583K(1900544K), 0.1642411 secs] [Times: user=0.97 sys=0.00, real=0.17 secs] 
6119.069: [GC (Allocation Failure) [PSYoungGen: 394528K->146272K(451072K)] 1327223K->1162656K(1849344K), 0.0546399 secs] [Times: user=0.32 sys=0.00, real=0.05 secs] 
6123.040: [GC (Allocation Failure) [PSYoungGen: 450912K->89424K(502272K)] 1467296K->1251385K(1900544K), 0.1572407 secs] [Times: user=0.94 sys=0.00, real=0.15 secs] 
6124.666: [GC (Allocation Failure) [PSYoungGen: 393552K->141744K(500736K)] 1555513K->1389197K(1899008K), 0.0500783 secs] [Times: user=0.30 sys=0.00, real=0.05 secs] 
6124.716: [Full GC (Ergonomics) [PSYoungGen: 141744K->0K(500736K)] [ParOldGen: 1247453K->195767K(1398272K)] 1389197K->195767K(1899008K), [Metaspace: 59730K->59730K(1105920K)], 0.4623611 secs] [Times: user=2.14 sys=0.00, real=0.46 secs] 
6126.211: [GC (Allocation Failure) [PSYoungGen: 304128K->100128K(497664K)] 499895K->295895K(1895936K), 0.0308000 secs] [Times: user=0.18 sys=0.00, real=0.03 secs] 
6129.448: [GC (Allocation Failure) [PSYoungGen: 405792K->141744K(499200K)] 601559K->433629K(1897472K), 0.0485007 secs] [Times: user=0.29 sys=0.00, real=0.05 secs] 
6130.592: [GC (Allocation Failure) [PSYoungGen: 447408K->105088K(497664K)] 739293K->529624K(1895936K), 0.0713914 secs] [Times: user=0.42 sys=0.00, real=0.07 secs] 
6133.090: [GC (Allocation Failure) [PSYoungGen: 416384K->144752K(501248K)] 840920K->666137K(1899520K), 0.0502513 secs] [Times: user=0.29 sys=0.01, real=0.05 secs] 
6134.314: [GC (Allocation Failure) [PSYoungGen: 456048K->105312K(503296K)] 977433K->762397K(1901568K), 0.0648233 secs] [Times: user=0.39 sys=0.00, real=0.07 secs] 
6137.563: [GC (GCLocker Initiated GC) [PSYoungGen: 422752K->144368K(505344K)] 1079838K->903992K(1903616K), 0.0524091 secs] [Times: user=0.30 sys=0.01, real=0.05 secs] 
6138.748: [GC (Allocation Failure) [PSYoungGen: 461808K->105680K(505856K)] 1221433K->1000669K(1904128K), 0.0659336 secs] [Times: user=0.38 sys=0.01, real=0.07 secs] 
6140.863: [GC (GCLocker Initiated GC) [PSYoungGen: 426704K->146720K(507392K)] 1321694K->1144822K(1905664K), 0.0530107 secs] [Times: user=0.31 sys=0.00, real=0.05 secs] 
6143.186: [GC (Allocation Failure) [PSYoungGen: 467744K->110416K(506880K)] 1465849K->1246034K(1905152K), 0.0681535 secs] [Times: user=0.40 sys=0.00, real=0.07 secs] 
6144.781: [GC (Allocation Failure) [PSYoungGen: 434000K->151104K(508416K)] 1569618K->1393806K(1906688K), 0.0563759 secs] [Times: user=0.34 sys=0.00, real=0.05 secs] 
6144.837: [Full GC (Ergonomics) [PSYoungGen: 151104K->0K(508416K)] [ParOldGen: 1242702K->192131K(1398272K)] 1393806K->192131K(1906688K), [Metaspace: 59734K->59734K(1105920K)], 0.4565392 secs] [Times: user=2.10 sys=0.00, real=0.46 secs] 
6147.523: [GC (Allocation Failure) [PSYoungGen: 323584K->107696K(510464K)] 515715K->299827K(1908736K), 0.0436121 secs] [Times: user=0.25 sys=0.01, real=0.04 secs] 
6148.590: [GC (Allocation Failure) [PSYoungGen: 420452K->146784K(509440K)] 612583K->443108K(1907712K), 0.0516895 secs] [Times: user=0.30 sys=0.01, real=0.05 secs] 
6151.276: [GC (Allocation Failure) [PSYoungGen: 470368K->106080K(509440K)] 766692K->540428K(1907712K), 0.1100127 secs] [Times: user=0.65 sys=0.01, real=0.11 secs] 
6152.846: [GC (Allocation Failure) [PSYoungGen: 430688K->169968K(494592K)] 865036K->706208K(1892864K), 0.0526560 secs] [Times: user=0.31 sys=0.01, real=0.06 secs] 
6155.438: [GC (Allocation Failure) [PSYoungGen: 492927K->96592K(503808K)] 1029167K->785816K(1902080K), 0.1622051 secs] [Times: user=0.96 sys=0.01, real=0.17 secs] 
6156.425: [GC (Allocation Failure) [PSYoungGen: 389095K->138528K(446464K)] 1078319K->920412K(1844736K), 0.0505262 secs] [Times: user=0.30 sys=0.00, real=0.05 secs] 
6157.594: [GC (Allocation Failure) [PSYoungGen: 446240K->101184K(502784K)] 1228124K->1012833K(1901056K), 0.0627452 secs] [Times: user=0.37 sys=0.00, real=0.06 secs] 
6159.602: [GC (Allocation Failure) [PSYoungGen: 410944K->144192K(500736K)] 1322593K->1153621K(1899008K), 0.0508705 secs] [Times: user=0.30 sys=0.00, real=0.05 secs] 
6162.690: [GC (Allocation Failure) [PSYoungGen: 453952K->99264K(505344K)] 1463381K->1244069K(1903616K), 0.0646165 secs] [Times: user=0.38 sys=0.01, real=0.06 secs] 
6165.597: [GC (Allocation Failure) [PSYoungGen: 415680K->146912K(505856K)] 1560485K->1387226K(1904128K), 0.0510114 secs] [Times: user=0.30 sys=0.00, real=0.05 secs] 
6165.649: [Full GC (Ergonomics) [PSYoungGen: 146912K->0K(505856K)] [ParOldGen: 1240314K->186013K(1398272K)] 1387226K->186013K(1904128K), [Metaspace: 59740K->59740K(1105920K)], 0.4310086 secs] [Times: user=1.99 sys=0.00, real=0.44 secs] 
6167.199: [GC (Allocation Failure) [PSYoungGen: 316416K->106784K(505344K)] 502429K->292797K(1903616K), 0.0475052 secs] [Times: user=0.28 sys=0.00, real=0.05 secs] 
6170.451: [GC (Allocation Failure) [PSYoungGen: 424736K->143808K(506368K)] 610749K->433066K(1904640K), 0.0519413 secs] [Times: user=0.30 sys=0.00, real=0.05 secs] 
6173.003: [GC (Allocation Failure) [PSYoungGen: 461760K->105168K(505344K)] 751018K->529103K(1903616K), 0.0636559 secs] [Times: user=0.37 sys=0.01, real=0.06 secs] 
6174.755: [GC (Allocation Failure) [PSYoungGen: 426192K->150272K(507392K)] 850127K->675891K(1905664K), 0.0523952 secs] [Times: user=0.31 sys=0.00, real=0.05 secs] 
6176.758: [GC (Allocation Failure) [PSYoungGen: 471296K->107024K(509440K)] 996915K->774060K(1907712K), 0.0973586 secs] [Times: user=0.57 sys=0.00, real=0.10 secs] 
6177.547: [GC (Allocation Failure) [PSYoungGen: 428357K->151392K(473600K)] 1095392K->921256K(1871872K), 0.0521126 secs] [Times: user=0.30 sys=0.00, real=0.06 secs] 
6179.683: [GC (Allocation Failure) [PSYoungGen: 473440K->106752K(510976K)] 1243304K->1019056K(1909248K), 0.1017580 secs] [Times: user=0.60 sys=0.00, real=0.10 secs] 
6181.084: [GC (Allocation Failure) [PSYoungGen: 418314K->144224K(508416K)] 1330619K->1159453K(1906688K), 0.0514788 secs] [Times: user=0.31 sys=0.00, real=0.05 secs] 
6182.600: [GC (Allocation Failure) [PSYoungGen: 464736K->105600K(508928K)] 1479965K->1256057K(1907200K), 0.0911737 secs] [Times: user=0.54 sys=0.00, real=0.09 secs] 
6184.178: [GC (Allocation Failure) [PSYoungGen: 414078K->145616K(508928K)] 1564536K->1397310K(1907200K), 0.0514819 secs] [Times: user=0.30 sys=0.00, real=0.06 secs] 
6184.229: [Full GC (Ergonomics) [PSYoungGen: 145616K->0K(508928K)] [ParOldGen: 1251694K->195728K(1398272K)] 1397310K->195728K(1907200K), [Metaspace: 59746K->59746K(1105920K)], 0.4626579 secs] [Times: user=2.15 sys=0.00, real=0.46 secs] 
6186.514: [GC (Allocation Failure) [PSYoungGen: 322560K->107072K(508928K)] 518288K->302800K(1907200K), 0.0803565 secs] [Times: user=0.47 sys=0.00, real=0.08 secs] 
6188.664: [GC (Allocation Failure) [PSYoungGen: 417958K->144976K(509952K)] 613687K->443640K(1908224K), 0.0500674 secs] [Times: user=0.30 sys=0.00, real=0.05 secs] 
6190.505: [GC (Allocation Failure) [PSYoungGen: 469584K->111296K(508416K)] 768248K->545247K(1906688K), 0.0984041 secs] [Times: user=0.58 sys=0.00, real=0.10 secs] 
6191.230: [GC (Allocation Failure) [PSYoungGen: 438464K->152640K(510464K)] 872415K->693916K(1908736K), 0.0537695 secs] [Times: user=0.32 sys=0.00, real=0.05 secs] 
6194.466: [GC (Allocation Failure) [PSYoungGen: 479808K->98928K(512512K)] 1021084K->791781K(1910784K), 0.1154550 secs] [Times: user=0.69 sys=0.00, real=0.12 secs] 
6194.917: [GC (Allocation Failure) [PSYoungGen: 424048K->157520K(482816K)] 1116901K->943172K(1881088K), 0.0572300 secs] [Times: user=0.34 sys=0.00, real=0.06 secs] 
6199.940: [GC (Allocation Failure) [PSYoungGen: 482640K->95664K(507392K)] 1268292K->1038124K(1905664K), 0.1534932 secs] [Times: user=0.91 sys=0.00, real=0.15 secs] 
6200.733: [GC (Allocation Failure) [PSYoungGen: 410544K->151648K(466944K)] 1353004K->1183712K(1865216K), 0.0907108 secs] [Times: user=0.54 sys=0.01, real=0.09 secs] 
6204.364: [GC (Allocation Failure) [PSYoungGen: 466528K->93696K(504832K)] 1498592K->1276632K(1903104K), 0.1579811 secs] [Times: user=0.94 sys=0.00, real=0.16 secs] 
6205.223: [GC (Allocation Failure) [PSYoungGen: 403968K->148096K(458752K)] 1586904K->1418889K(1857024K), 0.1313728 secs] [Times: user=0.78 sys=0.00, real=0.13 secs] 
6205.355: [Full GC (Ergonomics) [PSYoungGen: 148096K->0K(458752K)] [ParOldGen: 1270793K->217167K(1398272K)] 1418889K->217167K(1857024K), [Metaspace: 59746K->59746K(1105920K)], 0.5399615 secs] [Times: user=2.56 sys=0.00, real=0.54 secs] 
6207.820: [GC (Allocation Failure) [PSYoungGen: 310272K->92512K(504320K)] 527439K->309679K(1902592K), 0.1340613 secs] [Times: user=0.80 sys=0.00, real=0.13 secs] 
6209.060: [GC (Allocation Failure) [PSYoungGen: 401248K->147520K(456704K)] 618415K->451004K(1854976K), 0.0534195 secs] [Times: user=0.32 sys=0.00, real=0.05 secs] 
6212.270: [GC (Allocation Failure) [PSYoungGen: 452478K->88240K(502784K)] 755963K->538917K(1901056K), 0.1643609 secs] [Times: user=0.98 sys=0.00, real=0.16 secs] 
6212.944: [GC (Allocation Failure) [PSYoungGen: 382173K->138320K(444928K)] 832850K->673054K(1843200K), 0.0489194 secs] [Times: user=0.29 sys=0.00, real=0.05 secs] 
6214.094: [GC (Allocation Failure) [PSYoungGen: 444496K->102560K(504320K)] 979230K->766921K(1902592K), 0.0874970 secs] [Times: user=0.51 sys=0.00, real=0.09 secs] 
6217.541: [GC (Allocation Failure) [PSYoungGen: 412320K->140512K(500736K)] 1076681K->903878K(1899008K), 0.0497300 secs] [Times: user=0.29 sys=0.00, real=0.05 secs] 
6218.980: [GC (Allocation Failure) [PSYoungGen: 450272K->103488K(504832K)] 1213638K->998030K(1903104K), 0.0816352 secs] [Times: user=0.48 sys=0.01, real=0.08 secs] 
6221.274: [GC (Allocation Failure) [PSYoungGen: 419904K->154512K(504320K)] 1314446K->1149020K(1902592K), 0.0520591 secs] [Times: user=0.31 sys=0.00, real=0.05 secs] 
6222.721: [GC (Allocation Failure) [PSYoungGen: 470928K->105824K(507392K)] 1465436K->1236935K(1905664K), 0.0690372 secs] [Times: user=0.40 sys=0.00, real=0.07 secs] 
6225.178: [GC (Allocation Failure) [PSYoungGen: 421216K->148128K(505344K)] 1552327K->1381588K(1903616K), 0.0523062 secs] [Times: user=0.31 sys=0.00, real=0.06 secs] 
6225.230: [Full GC (Ergonomics) [PSYoungGen: 148128K->0K(505344K)] [ParOldGen: 1233460K->189993K(1398272K)] 1381588K->189993K(1903616K), [Metaspace: 59746K->59746K(1105920K)], 0.4477491 secs] [Times: user=2.08 sys=0.00, real=0.44 secs] 
6226.727: [GC (Allocation Failure) [PSYoungGen: 315392K->104289K(505344K)] 505385K->294283K(1903616K), 0.0463458 secs] [Times: user=0.27 sys=0.00, real=0.05 secs] 
6229.627: [GC (Allocation Failure) [PSYoungGen: 420705K->148064K(505856K)] 610699K->438423K(1904128K), 0.0506624 secs] [Times: user=0.30 sys=0.00, real=0.05 secs] 
6230.827: [GC (Allocation Failure) [PSYoungGen: 464480K->106960K(504832K)] 754839K->536564K(1903104K), 0.0656787 secs] [Times: user=0.39 sys=0.00, real=0.07 secs] 
6232.879: [GC (Allocation Failure) [PSYoungGen: 424400K->147616K(505856K)] 854004K->680652K(1904128K), 0.0521663 secs] [Times: user=0.31 sys=0.00, real=0.05 secs] 
6236.228: [GC (Allocation Failure) [PSYoungGen: 465056K->103392K(507904K)] 998092K->774852K(1906176K), 0.1449738 secs] [Times: user=0.87 sys=0.00, real=0.15 secs] 
6237.819: [GC (Allocation Failure) [PSYoungGen: 422880K->150016K(470016K)] 1094340K->920893K(1868288K), 0.0512342 secs] [Times: user=0.30 sys=0.00, real=0.05 secs] 
6240.525: [GC (Allocation Failure) [PSYoungGen: 469504K->106048K(510464K)] 1240381K->1017413K(1908736K), 0.1718505 secs] [Times: user=1.02 sys=0.00, real=0.17 secs] 
6242.526: [GC (Allocation Failure) [PSYoungGen: 425024K->145984K(507392K)] 1336389K->1159406K(1905664K), 0.0516161 secs] [Times: user=0.31 sys=0.00, real=0.05 secs] 
6244.368: [GC (Allocation Failure) [PSYoungGen: 464960K->107744K(505856K)] 1478382K->1258026K(1904128K), 0.0940596 secs] [Times: user=0.55 sys=0.00, real=0.10 secs] 
6246.566: [GC (Allocation Failure) [PSYoungGen: 419502K->144688K(507392K)] 1569785K->1398127K(1905664K), 0.0516193 secs] [Times: user=0.30 sys=0.00, real=0.05 secs] 
6246.618: [Full GC (Ergonomics) [PSYoungGen: 144688K->0K(507392K)] [ParOldGen: 1253439K->196334K(1398272K)] 1398127K->196334K(1905664K), [Metaspace: 59746K->59746K(1105920K)], 0.4749987 secs] [Times: user=2.21 sys=0.00, real=0.48 secs] 
6248.843: [GC (Allocation Failure) [PSYoungGen: 320512K->108368K(507392K)] 516846K->304703K(1905664K), 0.0713871 secs] [Times: user=0.42 sys=0.01, real=0.07 secs] 
6249.552: [GC (Allocation Failure) [PSYoungGen: 431952K->151280K(508928K)] 628287K->452280K(1907200K), 0.0514186 secs] [Times: user=0.30 sys=0.00, real=0.05 secs] 
6252.639: [GC (Allocation Failure) [PSYoungGen: 474864K->96560K(510976K)] 775864K->547856K(1909248K), 0.1493038 secs] [Times: user=0.88 sys=0.00, real=0.15 secs] 
6254.754: [GC (Allocation Failure) [PSYoungGen: 418608K->151776K(474112K)] 869904K->695080K(1872384K), 0.0554689 secs] [Times: user=0.33 sys=0.00, real=0.06 secs] 
6257.554: [GC (Allocation Failure) [PSYoungGen: 473824K->97552K(508416K)] 1017128K->792105K(1906688K), 0.1536020 secs] [Times: user=0.91 sys=0.01, real=0.15 secs] 
6258.432: [GC (Allocation Failure) [PSYoungGen: 413968K->151056K(467968K)] 1108521K->937038K(1866240K), 0.0571221 secs] [Times: user=0.34 sys=0.00, real=0.06 secs] 
6261.111: [GC (Allocation Failure) [PSYoungGen: 467472K->96144K(506368K)] 1253454K->1032518K(1904640K), 0.1783708 secs] [Times: user=1.05 sys=0.00, real=0.18 secs] 
6261.818: [GC (Allocation Failure) [PSYoungGen: 408464K->150784K(463360K)] 1344838K->1177030K(1861632K), 0.0838792 secs] [Times: user=0.50 sys=0.00, real=0.09 secs] 
6265.240: [GC (Allocation Failure) [PSYoungGen: 463104K->90608K(504320K)] 1489350K->1267431K(1902592K), 0.1622253 secs] [Times: user=0.96 sys=0.01, real=0.16 secs] 
6266.087: [GC (Allocation Failure) [PSYoungGen: 399344K->149632K(458752K)] 1576167K->1411025K(1857024K), 0.0525675 secs] [Times: user=0.31 sys=0.00, real=0.06 secs] 
6266.140: [Full GC (Ergonomics) [PSYoungGen: 149632K->0K(458752K)] [ParOldGen: 1261393K->209842K(1398272K)] 1411025K->209842K(1857024K), [Metaspace: 59746K->59746K(1105920K)], 0.4771514 secs] [Times: user=2.20 sys=0.01, real=0.47 secs] 
6268.694: [GC (Allocation Failure) [PSYoungGen: 308736K->91328K(502784K)] 518578K->301170K(1901056K), 0.1590770 secs] [Times: user=0.95 sys=0.00, real=0.16 secs] 
6269.477: [GC (Allocation Failure) [PSYoungGen: 381560K->138464K(443904K)] 591403K->435323K(1842176K), 0.0482186 secs] [Times: user=0.29 sys=0.00, real=0.05 secs] 
6272.018: [GC (Allocation Failure) [PSYoungGen: 443616K->98368K(502272K)] 740475K->525115K(1900544K), 0.0747781 secs] [Times: user=0.44 sys=0.00, real=0.08 secs] 
6274.227: [GC (Allocation Failure) [PSYoungGen: 406080K->141632K(499712K)] 832827K->663136K(1897984K), 0.0480103 secs] [Times: user=0.29 sys=0.00, real=0.05 secs] 
6275.689: [GC (Allocation Failure) [PSYoungGen: 449344K->103456K(501760K)] 970848K->756972K(1900032K), 0.0694372 secs] [Times: user=0.40 sys=0.00, real=0.07 secs] 
6277.487: [GC (Allocation Failure) [PSYoungGen: 417824K->145104K(503296K)] 1071340K->898673K(1901568K), 0.0505491 secs] [Times: user=0.30 sys=0.00, real=0.05 secs] 
6280.151: [GC (Allocation Failure) [PSYoungGen: 459472K->105184K(504832K)] 1213041K->994328K(1903104K), 0.0639688 secs] [Times: user=0.38 sys=0.00, real=0.06 secs] 
6282.808: [GC (Allocation Failure) [PSYoungGen: 424160K->145808K(506368K)] 1313304K->1136822K(1904640K), 0.0526870 secs] [Times: user=0.31 sys=0.00, real=0.06 secs] 
6285.016: [GC (Allocation Failure) [PSYoungGen: 464784K->106944K(506880K)] 1455798K->1234781K(1905152K), 0.1245525 secs] [Times: user=0.73 sys=0.01, real=0.13 secs] 
6286.475: [GC (Allocation Failure) [PSYoungGen: 428480K->151072K(507904K)] 1556317K->1382048K(1906176K), 0.0532246 secs] [Times: user=0.31 sys=0.00, real=0.05 secs] 
6286.528: [Full GC (Ergonomics) [PSYoungGen: 151072K->0K(507904K)] [ParOldGen: 1230976K->189347K(1398272K)] 1382048K->189347K(1906176K), [Metaspace: 59746K->59746K(1105920K)], 0.4462940 secs] [Times: user=2.06 sys=0.00, real=0.45 secs] 
6288.352: [GC (Allocation Failure) [PSYoungGen: 321536K->111408K(508416K)] 510883K->300755K(1906688K), 0.0328775 secs] [Times: user=0.19 sys=0.00, real=0.03 secs] 
6289.898: [GC (Allocation Failure) [PSYoungGen: 433456K->149072K(508416K)] 622803K->444293K(1906688K), 0.0528471 secs] [Times: user=0.31 sys=0.00, real=0.06 secs] 
6292.151: [GC (Allocation Failure) [PSYoungGen: 471120K->107040K(509440K)] 766341K->541876K(1907712K), 0.0655426 secs] [Times: user=0.39 sys=0.00, real=0.06 secs] 
6293.183: [GC (Allocation Failure) [PSYoungGen: 430112K->153472K(476672K)] 864948K->691853K(1874944K), 0.0529039 secs] [Times: user=0.31 sys=0.00, real=0.05 secs] 
6295.803: [GC (Allocation Failure) [PSYoungGen: 475107K->95728K(508928K)] 1013488K->786938K(1907200K), 0.1503722 secs] [Times: user=0.88 sys=0.00, real=0.15 secs] 
6297.073: [GC (Allocation Failure) [PSYoungGen: 413680K->150336K(468480K)] 1104890K->933318K(1866752K), 0.0551066 secs] [Times: user=0.33 sys=0.00, real=0.05 secs] 
6300.602: [GC (Allocation Failure) [PSYoungGen: 467070K->92496K(506368K)] 1250052K->1025367K(1904640K), 0.1709342 secs] [Times: user=1.02 sys=0.00, real=0.17 secs] 
6301.884: [GC (Allocation Failure) [PSYoungGen: 405840K->147280K(460800K)] 1338711K->1168784K(1859072K), 0.0545111 secs] [Times: user=0.33 sys=0.00, real=0.06 secs] 
6304.599: [GC (Allocation Failure) [PSYoungGen: 460624K->94224K(505856K)] 1482128K->1262608K(1904128K), 0.1720268 secs] [Times: user=1.01 sys=0.01, real=0.17 secs] 
6305.873: [GC (Allocation Failure) [PSYoungGen: 394198K->140064K(451584K)] 1562581K->1398800K(1849856K), 0.0503244 secs] [Times: user=0.29 sys=0.00, real=0.05 secs] 
6305.923: [Full GC (Ergonomics) [PSYoungGen: 140064K->0K(451584K)] [ParOldGen: 1258736K->196602K(1398272K)] 1398800K->196602K(1849856K), [Metaspace: 59746K->59746K(1105920K)], 0.4634885 secs] [Times: user=2.15 sys=0.00, real=0.46 secs] 
6307.614: [GC (Allocation Failure) [PSYoungGen: 311296K->105888K(507392K)] 507898K->302490K(1905664K), 0.0351437 secs] [Times: user=0.20 sys=0.00, real=0.04 secs] 
6309.265: [GC (Allocation Failure) [PSYoungGen: 420768K->146336K(503808K)] 617370K->444686K(1902080K), 0.0497375 secs] [Times: user=0.29 sys=0.00, real=0.05 secs] 
6311.239: [GC (Allocation Failure) [PSYoungGen: 461216K->104608K(505856K)] 759566K->539867K(1904128K), 0.0644925 secs] [Times: user=0.38 sys=0.00, real=0.06 secs] 
6312.306: [GC (Allocation Failure) [PSYoungGen: 421649K->146432K(506880K)] 856908K->682791K(1905152K), 0.0498603 secs] [Times: user=0.30 sys=0.00, real=0.05 secs] 
6314.923: [GC (Allocation Failure) [PSYoungGen: 465408K->105472K(506880K)] 1001767K->779143K(1905152K), 0.0942659 secs] [Times: user=0.56 sys=0.00, real=0.09 secs] 
6316.627: [GC (Allocation Failure) [PSYoungGen: 423652K->146352K(507904K)] 1097324K->921517K(1906176K), 0.0508661 secs] [Times: user=0.30 sys=0.00, real=0.05 secs] 
6318.618: [GC (Allocation Failure) [PSYoungGen: 467376K->108208K(507904K)] 1242541K->1020161K(1906176K), 0.1613358 secs] [Times: user=0.96 sys=0.00, real=0.17 secs] 
6319.485: [GC (Allocation Failure) [PSYoungGen: 415521K->143232K(508928K)] 1327474K->1159797K(1907200K), 0.0523103 secs] [Times: user=0.31 sys=0.00, real=0.05 secs] 
6321.968: [GC (Allocation Failure) [PSYoungGen: 466304K->106240K(507904K)] 1482869K->1256813K(1906176K), 0.0745564 secs] [Times: user=0.44 sys=0.00, real=0.08 secs] 
6324.746: [GC (Allocation Failure) [PSYoungGen: 419351K->145568K(509952K)] 1569925K->1398086K(1908224K), 0.0515547 secs] [Times: user=0.30 sys=0.00, real=0.05 secs] 
6324.797: [Full GC (Ergonomics) [PSYoungGen: 145568K->0K(509952K)] [ParOldGen: 1252518K->196633K(1398272K)] 1398086K->196633K(1908224K), [Metaspace: 59746K->59746K(1105920K)], 0.4680883 secs] [Times: user=2.17 sys=0.00, real=0.47 secs] 
6327.043: [GC (Allocation Failure) [PSYoungGen: 326144K->110512K(510976K)] 522777K->307145K(1909248K), 0.0860526 secs] [Times: user=0.42 sys=0.00, real=0.09 secs] 
6328.332: [GC (Allocation Failure) [PSYoungGen: 439728K->154336K(483840K)] 636361K->457050K(1882112K), 0.0745687 secs] [Times: user=0.44 sys=0.00, real=0.07 secs] 
6331.623: [GC (Allocation Failure) [PSYoungGen: 483552K->101344K(512512K)] 786266K->557522K(1910784K), 0.1722485 secs] [Times: user=1.03 sys=0.00, real=0.17 secs] 
6332.463: [GC (Allocation Failure) [PSYoungGen: 425952K->170464K(495104K)] 882130K->721950K(1893376K), 0.0593041 secs] [Times: user=0.36 sys=0.00, real=0.06 secs] 
6335.789: [GC (Allocation Failure) [PSYoungGen: 495072K->99440K(503296K)] 1046558K->803919K(1901568K), 0.1566697 secs] [Times: user=0.94 sys=0.00, real=0.15 secs] 
6336.175: [GC (Allocation Failure) [PSYoungGen: 405616K->148192K(501760K)] 1110095K->945747K(1900032K), 0.0564053 secs] [Times: user=0.34 sys=0.00, real=0.06 secs] 
6337.925: [GC (Allocation Failure) [PSYoungGen: 454368K->92224K(502784K)] 1251923K->1037507K(1901056K), 0.1116565 secs] [Times: user=0.66 sys=0.00, real=0.11 secs] 
6338.242: [GC (Allocation Failure) [PSYoungGen: 398400K->163616K(470016K)] 1343683K->1195104K(1868288K), 0.0551460 secs] [Times: user=0.32 sys=0.01, real=0.05 secs] 
6342.361: [GC (Allocation Failure) [PSYoungGen: 469792K->97296K(497664K)] 1501280K->1275189K(1895936K), 0.1700019 secs] [Times: user=1.01 sys=0.00, real=0.17 secs] 
6343.904: [GC (Allocation Failure) [PSYoungGen: 385627K->136752K(431616K)] 1563520K->1397818K(1829888K), 0.0493807 secs] [Times: user=0.29 sys=0.01, real=0.05 secs] 
6343.953: [Full GC (Ergonomics) [PSYoungGen: 136752K->0K(431616K)] [ParOldGen: 1261065K->196738K(1398272K)] 1397818K->196738K(1829888K), [Metaspace: 59746K->59746K(1105920K)], 0.4647730 secs] [Times: user=2.15 sys=0.00, real=0.46 secs] 
6345.438: [GC (Allocation Failure) [PSYoungGen: 294400K->94688K(493568K)] 491138K->291426K(1891840K), 0.0301045 secs] [Times: user=0.18 sys=0.00, real=0.03 secs] 
6347.797: [GC (Allocation Failure) [PSYoungGen: 390624K->138528K(492032K)] 587362K->425855K(1890304K), 0.0466831 secs] [Times: user=0.27 sys=0.00, real=0.05 secs] 
6348.903: [GC (Allocation Failure) [PSYoungGen: 434464K->98400K(500224K)] 721791K->514807K(1898496K), 0.0663703 secs] [Times: user=0.39 sys=0.00, real=0.07 secs] 
6351.988: [GC (Allocation Failure) [PSYoungGen: 406112K->139936K(499712K)] 822519K->651756K(1897984K), 0.0503427 secs] [Times: user=0.30 sys=0.00, real=0.05 secs] 
6353.663: [GC (Allocation Failure) [PSYoungGen: 447648K->105312K(500736K)] 959468K->747480K(1899008K), 0.0640345 secs] [Times: user=0.38 sys=0.00, real=0.06 secs] 
6356.523: [GC (Allocation Failure) [PSYoungGen: 420704K->149328K(503296K)] 1062872K->895205K(1901568K), 0.0551198 secs] [Times: user=0.32 sys=0.00, real=0.05 secs] 
6358.553: [GC (GCLocker Initiated GC) [PSYoungGen: 464720K->104160K(507904K)] 1210598K->981870K(1906176K), 0.0682286 secs] [Times: user=0.41 sys=0.00, real=0.07 secs] 
6360.959: [GC (Allocation Failure) [PSYoungGen: 423136K->143488K(507392K)] 1300849K->1123558K(1905664K), 0.0556610 secs] [Times: user=0.33 sys=0.00, real=0.05 secs] 
6362.154: [GC (Allocation Failure) [PSYoungGen: 462464K->112816K(503296K)] 1442534K->1226678K(1901568K), 0.0699608 secs] [Times: user=0.42 sys=0.00, real=0.07 secs] 
6365.022: [GC (Allocation Failure) [PSYoungGen: 433840K->141760K(506368K)] 1547702K->1366738K(1904640K), 0.0577418 secs] [Times: user=0.34 sys=0.00, real=0.06 secs] 
6365.080: [Full GC (Ergonomics) [PSYoungGen: 141760K->0K(506368K)] [ParOldGen: 1224978K->167177K(1398272K)] 1366738K->167177K(1904640K), [Metaspace: 59746K->59746K(1105920K)], 0.3803346 secs] [Times: user=1.73 sys=0.00, real=0.38 secs] 
6367.058: [GC (Allocation Failure) [PSYoungGen: 321024K->110240K(506880K)] 488201K->277417K(1905152K), 0.0383039 secs] [Times: user=0.22 sys=0.00, real=0.04 secs] 
6368.758: [GC (Allocation Failure) [PSYoungGen: 437920K->149856K(509952K)] 605097K->424034K(1908224K), 0.0624556 secs] [Times: user=0.37 sys=0.00, real=0.07 secs] 
6370.474: [GC (Allocation Failure) [PSYoungGen: 477536K->111872K(513536K)] 751714K->527423K(1911808K), 0.0656788 secs] [Times: user=0.39 sys=0.00, real=0.07 secs] 
6372.975: [GC (Allocation Failure) [PSYoungGen: 442112K->154304K(484864K)] 857663K->678127K(1883136K), 0.0544649 secs] [Times: user=0.32 sys=0.00, real=0.06 secs] 
6374.903: [GC (Allocation Failure) [PSYoungGen: 484544K->110496K(514048K)] 1008367K->779919K(1912320K), 0.0913368 secs] [Times: user=0.54 sys=0.00, real=0.09 secs] 
6377.535: [GC (Allocation Failure) [PSYoungGen: 426496K->145824K(510976K)] 1095920K->921892K(1909248K), 0.0530564 secs] [Times: user=0.31 sys=0.00, real=0.05 secs] 
6379.462: [GC (Allocation Failure) [PSYoungGen: 471968K->109184K(510464K)] 1248036K->1021964K(1908736K), 0.1720125 secs] [Times: user=1.02 sys=0.01, real=0.17 secs] 
6380.868: [GC (Allocation Failure) [PSYoungGen: 436864K->152704K(480768K)] 1349644K->1170756K(1879040K), 0.0539193 secs] [Times: user=0.32 sys=0.00, real=0.06 secs] 
6384.757: [GC (Allocation Failure) [PSYoungGen: 480384K->100384K(512000K)] 1498436K->1270212K(1910272K), 0.1656141 secs] [Times: user=0.99 sys=0.00, real=0.17 secs] 
6385.727: [GC (Allocation Failure) [PSYoungGen: 424480K->156192K(480768K)] 1594308K->1420348K(1879040K), 0.0568448 secs] [Times: user=0.33 sys=0.00, real=0.06 secs] 
6385.784: [Full GC (Ergonomics) [PSYoungGen: 156192K->0K(480768K)] [ParOldGen: 1264156K->217986K(1398272K)] 1420348K->217986K(1879040K), [Metaspace: 59746K->59746K(1105920K)], 0.5074166 secs] [Times: user=2.37 sys=0.00, real=0.51 secs] 
6390.295: [GC (Allocation Failure) [PSYoungGen: 324096K->95408K(507392K)] 542082K->313395K(1905664K), 0.1418450 secs] [Times: user=0.84 sys=0.00, real=0.14 secs] 
6390.730: [GC (Allocation Failure) [PSYoungGen: 410800K->153904K(469504K)] 628787K->461173K(1867776K), 0.0551847 secs] [Times: user=0.33 sys=0.00, real=0.05 secs] 
6394.522: [GC (Allocation Failure) [PSYoungGen: 469296K->92848K(504320K)] 776565K->553745K(1902592K), 0.1572378 secs] [Times: user=0.93 sys=0.00, real=0.16 secs] 
6395.189: [GC (Allocation Failure) [PSYoungGen: 402096K->149792K(459264K)] 862993K->696983K(1857536K), 0.0863788 secs] [Times: user=0.51 sys=0.00, real=0.08 secs] 
6399.428: [GC (Allocation Failure) [PSYoungGen: 459040K->88400K(502272K)] 1006231K->785032K(1900544K), 0.1638095 secs] [Times: user=0.98 sys=0.00, real=0.17 secs] 
6400.696: [GC (Allocation Failure) [PSYoungGen: 394064K->148336K(454144K)] 1090696K->926810K(1852416K), 0.0540884 secs] [Times: user=0.32 sys=0.00, real=0.06 secs] 
6403.164: [GC (Allocation Failure) [PSYoungGen: 450610K->90384K(501760K)] 1229083K->1016730K(1900032K), 0.1562984 secs] [Times: user=0.92 sys=0.01, real=0.16 secs] 
6405.000: [GC (Allocation Failure) [PSYoungGen: 390595K->138208K(441344K)] 1316940K->1150918K(1839616K), 0.1074168 secs] [Times: user=0.64 sys=0.00, real=0.10 secs] 
6407.118: [GC (Allocation Failure) [PSYoungGen: 441312K->96816K(501248K)] 1454022K->1239143K(1899520K), 0.1490595 secs] [Times: user=0.89 sys=0.00, real=0.15 secs] 
6409.947: [GC (Allocation Failure) [PSYoungGen: 402480K->143312K(498688K)] 1544807K->1378123K(1896960K), 0.0490926 secs] [Times: user=0.29 sys=0.00, real=0.05 secs] 
6409.996: [Full GC (Ergonomics) [PSYoungGen: 143312K->0K(498688K)] [ParOldGen: 1234811K->185145K(1398272K)] 1378123K->185145K(1896960K), [Metaspace: 59746K->59746K(1105920K)], 0.4351792 secs] [Times: user=2.00 sys=0.01, real=0.44 secs] 
6411.453: [GC (Allocation Failure) [PSYoungGen: 305664K->102448K(500224K)] 490809K->287594K(1898496K), 0.0323867 secs] [Times: user=0.19 sys=0.00, real=0.03 secs] 
6414.837: [GC (Allocation Failure) [PSYoungGen: 414256K->141600K(502272K)] 599402K->425406K(1900544K), 0.0507578 secs] [Times: user=0.30 sys=0.00, real=0.05 secs] 
6415.979: [GC (Allocation Failure) [PSYoungGen: 453408K->105024K(501248K)] 737214K->520882K(1899520K), 0.0636337 secs] [Times: user=0.38 sys=0.00, real=0.06 secs] 
6418.161: [GC (Allocation Failure) [PSYoungGen: 421952K->146304K(504320K)] 837810K->664615K(1902592K), 0.0523251 secs] [Times: user=0.31 sys=0.00, real=0.05 secs] 
6419.289: [GC (Allocation Failure) [PSYoungGen: 463232K->108896K(506880K)] 981543K->764519K(1905152K), 0.0653565 secs] [Times: user=0.38 sys=0.00, real=0.06 secs] 
6422.928: [GC (Allocation Failure) [PSYoungGen: 430432K->146608K(507904K)] 1086055K->907444K(1906176K), 0.0531059 secs] [Times: user=0.32 sys=0.00, real=0.06 secs] 
6424.104: [GC (Allocation Failure) [PSYoungGen: 468144K->107424K(507904K)] 1228980K->1005844K(1906176K), 0.0770470 secs] [Times: user=0.46 sys=0.00, real=0.08 secs] 
6427.620: [GC (Allocation Failure) [PSYoungGen: 431008K->152032K(508928K)] 1329428K->1153536K(1907200K), 0.0530379 secs] [Times: user=0.31 sys=0.00, real=0.05 secs] 
6428.749: [GC (Allocation Failure) [PSYoungGen: 475616K->108128K(509952K)] 1477120K->1252816K(1908224K), 0.0661028 secs] [Times: user=0.39 sys=0.00, real=0.06 secs] 
6431.119: [GC (Allocation Failure) [PSYoungGen: 428187K->148304K(508928K)] 1572876K->1397562K(1907200K), 0.0522273 secs] [Times: user=0.31 sys=0.00, real=0.05 secs] 
6431.172: [Full GC (Ergonomics) [PSYoungGen: 148304K->0K(508928K)] [ParOldGen: 1249257K->196585K(1398272K)] 1397562K->196585K(1907200K), [Metaspace: 59746K->59746K(1105920K)], 0.4619706 secs] [Times: user=2.12 sys=0.00, real=0.46 secs] 
6432.936: [GC (Allocation Failure) [PSYoungGen: 322560K->110160K(508416K)] 519145K->306746K(1906688K), 0.0457559 secs] [Times: user=0.27 sys=0.00, real=0.05 secs] 
6434.191: [GC (Allocation Failure) [PSYoungGen: 433232K->151952K(508928K)] 629818K->454395K(1907200K), 0.0519699 secs] [Times: user=0.31 sys=0.00, real=0.05 secs] 
6437.254: [GC (Allocation Failure) [PSYoungGen: 475024K->96496K(509952K)] 777467K->550395K(1908224K), 0.0932357 secs] [Times: user=0.55 sys=0.00, real=0.09 secs] 
6437.949: [GC (Allocation Failure) [PSYoungGen: 416496K->153328K(473600K)] 870395K->697504K(1871872K), 0.0553013 secs] [Times: user=0.33 sys=0.00, real=0.05 secs] 
6440.770: [GC (Allocation Failure) [PSYoungGen: 473328K->98512K(507392K)] 1017504K->795192K(1905664K), 0.1663692 secs] [Times: user=0.99 sys=0.00, real=0.16 secs] 
6441.377: [GC (Allocation Failure) [PSYoungGen: 412880K->152512K(466944K)] 1109560K->942034K(1865216K), 0.0553053 secs] [Times: user=0.33 sys=0.00, real=0.06 secs] 
6446.049: [GC (Allocation Failure) [PSYoungGen: 466880K->89984K(504320K)] 1256402K->1032014K(1902592K), 0.1672984 secs] [Times: user=0.99 sys=0.01, real=0.16 secs] 
6446.826: [GC (Allocation Failure) [PSYoungGen: 399232K->150752K(460288K)] 1341262K->1176695K(1858560K), 0.0526425 secs] [Times: user=0.32 sys=0.00, real=0.06 secs] 
6450.622: [GC (Allocation Failure) [PSYoungGen: 459193K->87312K(501760K)] 1485137K->1263748K(1900032K), 0.1710715 secs] [Times: user=1.03 sys=0.00, real=0.17 secs] 
6451.319: [GC (Allocation Failure) [PSYoungGen: 382691K->138144K(442368K)] 1559127K->1398132K(1840640K), 0.0500024 secs] [Times: user=0.30 sys=0.00, real=0.05 secs] 
6451.369: [Full GC (Ergonomics) [PSYoungGen: 138144K->0K(442368K)] [ParOldGen: 1259988K->195752K(1398272K)] 1398132K->195752K(1840640K), [Metaspace: 59746K->59746K(1105920K)], 0.4606851 secs] [Times: user=2.13 sys=0.00, real=0.47 secs] 
6455.909: [GC (Allocation Failure) [PSYoungGen: 304128K->93728K(501760K)] 499880K->289480K(1900032K), 0.0619412 secs] [Times: user=0.36 sys=0.00, real=0.07 secs] 
6457.803: [GC (Allocation Failure) [PSYoungGen: 399904K->142560K(499712K)] 595656K->427949K(1897984K), 0.0467585 secs] [Times: user=0.27 sys=0.00, real=0.05 secs] 
6458.994: [GC (Allocation Failure) [PSYoungGen: 448736K->105280K(498176K)] 734125K->523405K(1896448K), 0.0785771 secs] [Times: user=0.47 sys=0.00, real=0.08 secs] 
6460.027: [GC (Allocation Failure) [PSYoungGen: 416064K->142704K(501248K)] 834189K->663782K(1899520K), 0.0523446 secs] [Times: user=0.31 sys=0.00, real=0.06 secs] 
6462.161: [GC (Allocation Failure) [PSYoungGen: 453488K->103712K(502272K)] 974566K->758134K(1900544K), 0.0659182 secs] [Times: user=0.39 sys=0.01, real=0.06 secs] 
6463.812: [GC (Allocation Failure) [PSYoungGen: 420640K->146208K(504832K)] 1075062K->901827K(1903104K), 0.0530473 secs] [Times: user=0.31 sys=0.00, real=0.05 secs] 
6465.351: [GC (Allocation Failure) [PSYoungGen: 461814K->108656K(505344K)] 1217433K->1001487K(1903616K), 0.0652170 secs] [Times: user=0.38 sys=0.00, real=0.06 secs] 
6467.533: [GC (Allocation Failure) [PSYoungGen: 429168K->146480K(506880K)] 1321999K->1145460K(1905152K), 0.1006925 secs] [Times: user=0.60 sys=0.00, real=0.10 secs] 
6469.726: [GC (Allocation Failure) [PSYoungGen: 466992K->107600K(507904K)] 1465972K->1243724K(1906176K), 0.0663028 secs] [Times: user=0.40 sys=0.00, real=0.07 secs] 
6471.260: [GC (Allocation Failure) [PSYoungGen: 431184K->152672K(476672K)] 1567308K->1392732K(1874944K), 0.0544584 secs] [Times: user=0.32 sys=0.00, real=0.05 secs] 
6471.314: [Full GC (Ergonomics) [PSYoungGen: 152672K->0K(476672K)] [ParOldGen: 1240060K->191501K(1398272K)] 1392732K->191501K(1874944K), [Metaspace: 59746K->59746K(1105920K)], 0.4424839 secs] [Times: user=2.04 sys=0.00, real=0.44 secs] 
6473.237: [GC (Allocation Failure) [PSYoungGen: 323584K->107888K(512000K)] 515085K->299390K(1910272K), 0.0320707 secs] [Times: user=0.19 sys=0.00, real=0.04 secs] 
6475.988: [GC (Allocation Failure) [PSYoungGen: 429424K->148528K(508416K)] 620926K->444186K(1906688K), 0.0513940 secs] [Times: user=0.31 sys=0.00, real=0.06 secs] 
6479.080: [GC (Allocation Failure) [PSYoungGen: 470064K->103584K(509952K)] 765722K->538626K(1908224K), 0.1492757 secs] [Times: user=0.89 sys=0.00, real=0.15 secs] 
6481.202: [GC (Allocation Failure) [PSYoungGen: 418458K->147552K(509440K)] 853500K->682183K(1907712K), 0.1247719 secs] [Times: user=0.69 sys=0.00, real=0.12 secs] 
6484.290: [GC (Allocation Failure) [PSYoungGen: 469600K->105824K(508416K)] 1004231K->779327K(1906688K), 0.1659315 secs] [Times: user=0.99 sys=0.00, real=0.16 secs] 
6485.963: [GC (Allocation Failure) [PSYoungGen: 419754K->145296K(508928K)] 1093258K->920620K(1907200K), 0.0512200 secs] [Times: user=0.30 sys=0.00, real=0.05 secs] 
6487.825: [GC (Allocation Failure) [PSYoungGen: 467344K->106752K(508416K)] 1242668K->1018188K(1906688K), 0.0764518 secs] [Times: user=0.45 sys=0.00, real=0.08 secs] 
6490.254: [GC (Allocation Failure) [PSYoungGen: 421460K->145264K(509440K)] 1332896K->1159097K(1907712K), 0.0510518 secs] [Times: user=0.30 sys=0.01, real=0.05 secs] 
6491.759: [GC (Allocation Failure) [PSYoungGen: 468848K->110449K(507392K)] 1482681K->1260441K(1905664K), 0.0943062 secs] [Times: user=0.56 sys=0.01, real=0.09 secs] 
6492.837: [GC (Allocation Failure) [PSYoungGen: 436081K->182800K(508928K)] 1586073K->1438866K(1907200K), 0.0545753 secs] [Times: user=0.32 sys=0.00, real=0.06 secs] 
6492.892: [Full GC (Ergonomics) [PSYoungGen: 182800K->0K(508928K)] [ParOldGen: 1256065K->204808K(1398272K)] 1438866K->204808K(1907200K), [Metaspace: 59746K->59746K(1105920K)], 0.4707365 secs] [Times: user=2.18 sys=0.00, real=0.47 secs] 
6497.811: [GC (Allocation Failure) [PSYoungGen: 325632K->95584K(491520K)] 530440K->300392K(1889792K), 0.1464827 secs] [Times: user=0.87 sys=0.00, real=0.14 secs] 
6498.962: [GC (Allocation Failure) [PSYoungGen: 391559K->140016K(500224K)] 596368K->435874K(1898496K), 0.0494673 secs] [Times: user=0.30 sys=0.00, real=0.05 secs] 
6500.480: [GC (Allocation Failure) [PSYoungGen: 441584K->100448K(493568K)] 737442K->527497K(1891840K), 0.1352467 secs] [Times: user=0.80 sys=0.01, real=0.13 secs] 
6502.875: [GC (Allocation Failure) [PSYoungGen: 404576K->139840K(498176K)] 831625K->663450K(1896448K), 0.0486741 secs] [Times: user=0.29 sys=0.00, real=0.05 secs] 
6504.770: [GC (Allocation Failure) [PSYoungGen: 443968K->100576K(499200K)] 967578K->754678K(1897472K), 0.0623303 secs] [Times: user=0.37 sys=0.00, real=0.06 secs] 
6507.001: [GC (Allocation Failure) [PSYoungGen: 412896K->140688K(502784K)] 1066998K->892628K(1901056K), 0.0504295 secs] [Times: user=0.30 sys=0.00, real=0.05 secs] 
6509.035: [GC (Allocation Failure) [PSYoungGen: 453008K->105904K(501760K)] 1204948K->988988K(1900032K), 0.0841832 secs] [Times: user=0.50 sys=0.00, real=0.09 secs] 
6510.853: [GC (Allocation Failure) [PSYoungGen: 424368K->146912K(505344K)] 1307452K->1133388K(1903616K), 0.0535786 secs] [Times: user=0.32 sys=0.00, real=0.05 secs] 
6512.359: [GC (Allocation Failure) [PSYoungGen: 465376K->108368K(507392K)] 1451852K->1232749K(1905664K), 0.0660407 secs] [Times: user=0.40 sys=0.00, real=0.06 secs] 
6514.066: [GC (GCLocker Initiated GC) [PSYoungGen: 430928K->146336K(508416K)] 1555309K->1376153K(1906688K), 0.0535819 secs] [Times: user=0.31 sys=0.00, real=0.06 secs] 
6514.119: [Full GC (Ergonomics) [PSYoungGen: 146336K->0K(508416K)] [ParOldGen: 1229817K->183358K(1398272K)] 1376153K->183358K(1906688K), [Metaspace: 59746K->59746K(1105920K)], 0.4340418 secs] [Times: user=2.01 sys=0.00, real=0.43 secs] 
6515.895: [GC (GCLocker Initiated GC) [PSYoungGen: 322560K->111184K(507904K)] 505921K->294546K(1906176K), 0.0488733 secs] [Times: user=0.29 sys=0.00, real=0.05 secs] 
6517.847: [GC (Allocation Failure) [PSYoungGen: 436304K->146720K(509440K)] 619671K->437923K(1907712K), 0.0641701 secs] [Times: user=0.38 sys=0.01, real=0.07 secs] 
6520.904: [GC (Allocation Failure) [PSYoungGen: 471840K->108320K(511488K)] 763043K->537391K(1909760K), 0.1126646 secs] [Times: user=0.66 sys=0.00, real=0.11 secs] 
6523.728: [GC (Allocation Failure) [PSYoungGen: 435110K->149696K(512000K)] 864181K->683344K(1910272K), 0.0522360 secs] [Times: user=0.31 sys=0.00, real=0.06 secs] 
6526.374: [GC (Allocation Failure) [PSYoungGen: 477888K->107712K(513024K)] 1011536K->782480K(1911296K), 0.1022876 secs] [Times: user=0.61 sys=0.00, real=0.10 secs] 
6527.479: [GC (Allocation Failure) [PSYoungGen: 434880K->154576K(481792K)] 1109648K->933208K(1880064K), 0.0522631 secs] [Times: user=0.31 sys=0.00, real=0.06 secs] 
6530.441: [GC (Allocation Failure) [PSYoungGen: 481744K->99488K(510464K)] 1260376K->1032016K(1908736K), 0.1714871 secs] [Times: user=1.02 sys=0.00, real=0.17 secs] 
6531.523: [GC (Allocation Failure) [PSYoungGen: 420512K->154192K(475648K)] 1353040K->1180053K(1873920K), 0.0571337 secs] [Times: user=0.34 sys=0.00, real=0.06 secs] 
6534.824: [GC (Allocation Failure) [PSYoungGen: 475216K->96848K(507392K)] 1501077K->1276265K(1905664K), 0.1701541 secs] [Times: user=1.01 sys=0.00, real=0.17 secs] 
6535.267: [GC (Allocation Failure) [PSYoungGen: 411728K->152032K(466944K)] 1591145K->1422214K(1865216K), 0.0564638 secs] [Times: user=0.33 sys=0.00, real=0.06 secs] 
6535.324: [Full GC (Ergonomics) [PSYoungGen: 152032K->0K(466944K)] [ParOldGen: 1270182K->219626K(1398272K)] 1422214K->219626K(1865216K), [Metaspace: 59746K->59746K(1105920K)], 0.4959521 secs] [Times: user=2.30 sys=0.00, real=0.50 secs] 
6539.226: [GC (Allocation Failure) [PSYoungGen: 314880K->92800K(504832K)] 534506K->312426K(1903104K), 0.1205972 secs] [Times: user=0.71 sys=0.00, real=0.12 secs] 
6539.964: [GC (Allocation Failure) [PSYoungGen: 402560K->147904K(457728K)] 622186K->454380K(1856000K), 0.0533402 secs] [Times: user=0.32 sys=0.00, real=0.05 secs] 
6542.745: [GC (Allocation Failure) [PSYoungGen: 457664K->90112K(503808K)] 764140K->543444K(1902080K), 0.0877124 secs] [Times: user=0.52 sys=0.01, real=0.09 secs] 
6543.869: [GC (Allocation Failure) [PSYoungGen: 397824K->148592K(456704K)] 851156K->685981K(1854976K), 0.0535095 secs] [Times: user=0.32 sys=0.00, real=0.05 secs] 
6546.762: [GC (Allocation Failure) [PSYoungGen: 456304K->87936K(502272K)] 993693K->773525K(1900544K), 0.1474594 secs] [Times: user=0.88 sys=0.01, real=0.15 secs] 
6548.324: [GC (Allocation Failure) [PSYoungGen: 392261K->142304K(501248K)] 1077850K->911826K(1899520K), 0.0487936 secs] [Times: user=0.29 sys=0.00, real=0.05 secs] 
6550.486: [GC (Allocation Failure) [PSYoungGen: 446944K->98864K(498176K)] 1216466K->1001914K(1896448K), 0.0627724 secs] [Times: user=0.37 sys=0.00, real=0.06 secs] 
6553.913: [GC (Allocation Failure) [PSYoungGen: 404528K->139712K(499712K)] 1307578K->1138086K(1897984K), 0.0485887 secs] [Times: user=0.28 sys=0.00, real=0.05 secs] 
6555.536: [GC (Allocation Failure) [PSYoungGen: 445376K->98624K(498176K)] 1443750K->1227738K(1896448K), 0.1210771 secs] [Times: user=0.72 sys=0.00, real=0.12 secs] 
6557.654: [GC (Allocation Failure) [PSYoungGen: 409920K->145056K(501760K)] 1539034K->1370103K(1900032K), 0.0502486 secs] [Times: user=0.30 sys=0.00, real=0.05 secs] 
6557.705: [Full GC (Ergonomics) [PSYoungGen: 145056K->0K(501760K)] [ParOldGen: 1225047K->177843K(1398272K)] 1370103K->177843K(1900032K), [Metaspace: 59746K->59746K(1105920K)], 0.4098505 secs] [Times: user=1.88 sys=0.01, real=0.41 secs] 
6559.171: [GC (Allocation Failure) [PSYoungGen: 311296K->106144K(502272K)] 489139K->283987K(1900544K), 0.0336143 secs] [Times: user=0.20 sys=0.00, real=0.03 secs] 
6561.436: [GC (Allocation Failure) [PSYoungGen: 422048K->151504K(504320K)] 599891K->433121K(1902592K), 0.0527647 secs] [Times: user=0.31 sys=0.00, real=0.06 secs] 
6563.238: [GC (Allocation Failure) [PSYoungGen: 467408K->109104K(506368K)] 749025K->524669K(1904640K), 0.0680711 secs] [Times: user=0.40 sys=0.00, real=0.07 secs] 
6565.585: [GC (Allocation Failure) [PSYoungGen: 426032K->143744K(505856K)] 841597K->665857K(1904128K), 0.0528265 secs] [Times: user=0.31 sys=0.00, real=0.05 secs] 
6566.731: [GC (Allocation Failure) [PSYoungGen: 460672K->106656K(503808K)] 982785K->763145K(1902080K), 0.0646380 secs] [Times: user=0.38 sys=0.01, real=0.06 secs] 
6569.525: [GC (Allocation Failure) [PSYoungGen: 426656K->155904K(506368K)] 1083145K->916210K(1904640K), 0.0540248 secs] [Times: user=0.32 sys=0.00, real=0.06 secs] 
6571.990: [GC (Allocation Failure) [PSYoungGen: 475904K->105072K(509440K)] 1236210K->1003831K(1907712K), 0.0652785 secs] [Times: user=0.39 sys=0.00, real=0.06 secs] 
6574.511: [GC (Allocation Failure) [PSYoungGen: 422000K->147552K(506368K)] 1320759K->1147931K(1904640K), 0.0531666 secs] [Times: user=0.31 sys=0.00, real=0.05 secs] 
6576.056: [GC (Allocation Failure) [PSYoungGen: 464480K->106304K(505344K)] 1464859K->1244931K(1903616K), 0.0667800 secs] [Times: user=0.39 sys=0.00, real=0.07 secs] 
6578.296: [GC (Allocation Failure) [PSYoungGen: 424256K->147392K(506368K)] 1562883K->1388847K(1904640K), 0.0528175 secs] [Times: user=0.31 sys=0.00, real=0.05 secs] 
6578.348: [Full GC (Ergonomics) [PSYoungGen: 147392K->0K(506368K)] [ParOldGen: 1241455K->186741K(1398272K)] 1388847K->186741K(1904640K), [Metaspace: 59746K->59746K(1105920K)], 0.4344092 secs] [Times: user=2.01 sys=0.00, real=0.44 secs] 
6580.123: [GC (GCLocker Initiated GC) [PSYoungGen: 317952K->106864K(507392K)] 504694K->293607K(1905664K), 0.0612409 secs] [Times: user=0.36 sys=0.00, real=0.06 secs] 
6581.615: [GC (Allocation Failure) [PSYoungGen: 426864K->149552K(507904K)] 613610K->439187K(1906176K), 0.0522254 secs] [Times: user=0.31 sys=0.00, real=0.05 secs] 
6584.667: [GC (Allocation Failure) [PSYoungGen: 469552K->104640K(508416K)] 759187K->534639K(1906688K), 0.1574172 secs] [Times: user=0.92 sys=0.01, real=0.16 secs] 
6586.475: [GC (Allocation Failure) [PSYoungGen: 425152K->150176K(471040K)] 855151K->680184K(1869312K), 0.0511759 secs] [Times: user=0.30 sys=0.01, real=0.05 secs] 
6588.542: [GC (Allocation Failure) [PSYoungGen: 470688K->106816K(510464K)] 1000696K->777404K(1908736K), 0.1071026 secs] [Times: user=0.64 sys=0.00, real=0.11 secs] 
6590.252: [GC (Allocation Failure) [PSYoungGen: 426091K->148368K(507904K)] 1096679K->921881K(1906176K), 0.0514977 secs] [Times: user=0.30 sys=0.00, real=0.05 secs] 
6592.685: [GC (Allocation Failure) [PSYoungGen: 467856K->107600K(507392K)] 1241369K->1020029K(1905664K), 0.1306213 secs] [Times: user=0.78 sys=0.00, real=0.13 secs] 
6594.105: [GC (Allocation Failure) [PSYoungGen: 412975K->143824K(507904K)] 1325404K->1159834K(1906176K), 0.0513585 secs] [Times: user=0.30 sys=0.00, real=0.05 secs] 
6596.739: [GC (Allocation Failure) [PSYoungGen: 463824K->105264K(506368K)] 1479834K->1255754K(1904640K), 0.1407797 secs] [Times: user=0.83 sys=0.01, real=0.14 secs] 
6598.462: [GC (Allocation Failure) [PSYoungGen: 422086K->146896K(508416K)] 1572576K->1398391K(1906688K), 0.0515421 secs] [Times: user=0.29 sys=0.02, real=0.05 secs] 
6598.514: [Full GC (Ergonomics) [PSYoungGen: 146896K->0K(508416K)] [ParOldGen: 1251494K->196821K(1398272K)] 1398391K->196821K(1906688K), [Metaspace: 59746K->59746K(1105920K)], 0.4629238 secs] [Times: user=2.14 sys=0.00, real=0.46 secs] 
6600.942: [GC (Allocation Failure) [PSYoungGen: 322560K->108640K(509952K)] 519381K->305461K(1908224K), 0.0997957 secs] [Times: user=0.59 sys=0.00, real=0.10 secs] 
6602.732: [GC (Allocation Failure) [PSYoungGen: 433760K->152128K(477696K)] 630581K->453568K(1875968K), 0.0510922 secs] [Times: user=0.30 sys=0.00, real=0.05 secs] 
6605.165: [GC (Allocation Failure) [PSYoungGen: 477248K->100384K(510976K)] 778688K->553296K(1909248K), 0.1059601 secs] [Times: user=0.62 sys=0.00, real=0.11 secs] 
6605.801: [GC (Allocation Failure) [PSYoungGen: 422432K->153792K(476160K)] 875344K->700729K(1874432K), 0.0554947 secs] [Times: user=0.33 sys=0.00, real=0.05 secs] 
6609.588: [GC (Allocation Failure) [PSYoungGen: 475840K->98144K(507904K)] 1022777K->797769K(1906176K), 0.1677095 secs] [Times: user=1.00 sys=0.00, real=0.17 secs] 
6610.011: [GC (Allocation Failure) [PSYoungGen: 414048K->183936K(500224K)] 1113673K->975362K(1898496K), 0.0569262 secs] [Times: user=0.33 sys=0.00, real=0.05 secs] 
6614.222: [GC (Allocation Failure) [PSYoungGen: 499840K->93344K(487936K)] 1291266K->1035018K(1886208K), 0.1590972 secs] [Times: user=0.94 sys=0.00, real=0.16 secs] 
6614.957: [GC (Allocation Failure) [PSYoungGen: 382624K->141248K(494080K)] 1324298K->1169999K(1892352K), 0.0518683 secs] [Times: user=0.31 sys=0.00, real=0.06 secs] 
6617.399: [GC (Allocation Failure) [PSYoungGen: 430528K->82528K(492544K)] 1459279K->1252135K(1890816K), 0.0661462 secs] [Times: user=0.39 sys=0.00, real=0.06 secs] 
6619.942: [GC (Allocation Failure) [PSYoungGen: 374368K->137088K(494592K)] 1543975K->1385111K(1892864K), 0.0473789 secs] [Times: user=0.27 sys=0.00, real=0.05 secs] 
6619.989: [Full GC (Ergonomics) [PSYoungGen: 137088K->0K(494592K)] [ParOldGen: 1248023K->183035K(1398272K)] 1385111K->183035K(1892864K), [Metaspace: 59746K->59746K(1105920K)], 0.4279463 secs] [Times: user=1.99 sys=0.00, real=0.42 secs] 
6622.627: [GC (Allocation Failure) [PSYoungGen: 291840K->94032K(493056K)] 474875K->277068K(1891328K), 0.0335046 secs] [Times: user=0.20 sys=0.00, real=0.04 secs] 
6623.792: [GC (Allocation Failure) [PSYoungGen: 390480K->137792K(494080K)] 573516K->412413K(1892352K), 0.0527755 secs] [Times: user=0.31 sys=0.00, real=0.05 secs] 
6625.594: [GC (Allocation Failure) [PSYoungGen: 434240K->100464K(494592K)] 708861K->504445K(1892864K), 0.0669669 secs] [Times: user=0.39 sys=0.00, real=0.07 secs] 
6628.577: [GC (Allocation Failure) [PSYoungGen: 405616K->132656K(497664K)] 809597K->635505K(1895936K), 0.0646386 secs] [Times: user=0.38 sys=0.00, real=0.07 secs] 
6630.884: [GC (Allocation Failure) [PSYoungGen: 437808K->114496K(494592K)] 940657K->740433K(1892864K), 0.0635518 secs] [Times: user=0.38 sys=0.00, real=0.06 secs] 
6633.180: [GC (Allocation Failure) [PSYoungGen: 430912K->130464K(500736K)] 1056849K->870485K(1899008K), 0.0679759 secs] [Times: user=0.40 sys=0.01, real=0.06 secs] 
6635.085: [GC (Allocation Failure) [PSYoungGen: 446880K->416K(487936K)] 1186901K->740533K(1886208K), 0.0022362 secs] [Times: user=0.01 sys=0.00, real=0.00 secs] 
6637.820: [GC (Allocation Failure) [PSYoungGen: 307104K->124448K(502784K)] 1047221K->864598K(1901056K), 0.0370337 secs] [Times: user=0.21 sys=0.01, real=0.03 secs] 
6639.421: [GC (Allocation Failure) [PSYoungGen: 431136K->124192K(492544K)] 1171286K->977998K(1890816K), 0.0629408 secs] [Times: user=0.38 sys=0.00, real=0.06 secs] 
6641.994: [GC (Allocation Failure) [PSYoungGen: 433952K->119584K(499200K)] 1287758K->1097190K(1897472K), 0.0788242 secs] [Times: user=0.47 sys=0.00, real=0.08 secs] 
6643.521: [GC (Allocation Failure) [PSYoungGen: 429344K->129088K(504832K)] 1406950K->1215599K(1903104K), 0.0624807 secs] [Times: user=0.37 sys=0.00, real=0.06 secs] 
6645.805: [GC (Allocation Failure) [PSYoungGen: 454208K->122048K(507904K)] 1540719K->1337391K(1906176K), 0.0690672 secs] [Times: user=0.41 sys=0.00, real=0.07 secs] 
6645.874: [Full GC (Ergonomics) [PSYoungGen: 122048K->0K(507904K)] [ParOldGen: 1215343K->136130K(1398272K)] 1337391K->136130K(1906176K), [Metaspace: 59746K->59746K(1105920K)], 0.3073645 secs] [Times: user=1.39 sys=0.01, real=0.31 secs] 
6648.910: [GC (Allocation Failure) [PSYoungGen: 325120K->125776K(512000K)] 461250K->261907K(1910272K), 0.0433751 secs] [Times: user=0.26 sys=0.00, real=0.04 secs] 
6650.764: [GC (Allocation Failure) [PSYoungGen: 463184K->134048K(513536K)] 599315K->396107K(1911808K), 0.0731050 secs] [Times: user=0.43 sys=0.00, real=0.07 secs] 
6652.683: [GC (Allocation Failure) [PSYoungGen: 471456K->5664K(495616K)] 733515K->267815K(1893888K), 0.0025684 secs] [Times: user=0.01 sys=0.00, real=0.00 secs] 
6655.125: [GC (Allocation Failure) [PSYoungGen: 324640K->140384K(459776K)] 586791K->406875K(1858048K), 0.0356542 secs] [Times: user=0.20 sys=0.00, real=0.04 secs] 
6657.433: [GC (Allocation Failure) [PSYoungGen: 459360K->112080K(512512K)] 725851K->509212K(1910784K), 0.0687826 secs] [Times: user=0.40 sys=0.00, real=0.07 secs] 
6660.199: [GC (Allocation Failure) [PSYoungGen: 430544K->140992K(504832K)] 827676K->648540K(1903104K), 0.0564899 secs] [Times: user=0.34 sys=0.00, real=0.05 secs] 
6661.767: [GC (Allocation Failure) [PSYoungGen: 459456K->111296K(502272K)] 967004K->750412K(1900544K), 0.0656326 secs] [Times: user=0.38 sys=0.01, real=0.07 secs] 
6663.028: [GC (Allocation Failure) [PSYoungGen: 433856K->145408K(505344K)] 1072972K->894309K(1903616K), 0.0547316 secs] [Times: user=0.33 sys=0.01, real=0.06 secs] 
6666.254: [GC (Allocation Failure) [PSYoungGen: 467968K->108576K(509440K)] 1216869K->993537K(1907712K), 0.0654902 secs] [Times: user=0.39 sys=0.00, real=0.07 secs] 
6668.465: [GC (Allocation Failure) [PSYoungGen: 437280K->149248K(510464K)] 1322241K->1140490K(1908736K), 0.0540309 secs] [Times: user=0.31 sys=0.00, real=0.05 secs] 
6670.561: [GC (Allocation Failure) [PSYoungGen: 477952K->111040K(511488K)] 1469194K->1242274K(1909760K), 0.0676580 secs] [Times: user=0.39 sys=0.01, real=0.07 secs] 
6672.904: [GC (Allocation Failure) [PSYoungGen: 439744K->153504K(482304K)] 1570978K->1392983K(1880576K), 0.0554547 secs] [Times: user=0.33 sys=0.00, real=0.06 secs] 
6672.959: [Full GC (Ergonomics) [PSYoungGen: 153504K->0K(482304K)] [ParOldGen: 1239479K->189504K(1398272K)] 1392983K->189504K(1880576K), [Metaspace: 59746K->59746K(1105920K)], 0.4485094 secs] [Times: user=2.06 sys=0.00, real=0.44 secs] 
6674.902: [GC (Allocation Failure) [PSYoungGen: 328704K->111472K(515072K)] 518208K->300977K(1913344K), 0.0438105 secs] [Times: user=0.26 sys=0.00, real=0.04 secs] 
6676.772: [GC (Allocation Failure) [PSYoungGen: 426399K->146224K(509952K)] 615903K->443438K(1908224K), 0.0528678 secs] [Times: user=0.31 sys=0.00, real=0.05 secs] 
6679.514: [GC (Allocation Failure) [PSYoungGen: 472368K->106432K(512000K)] 769582K->541017K(1910272K), 0.1017564 secs] [Times: user=0.61 sys=0.01, real=0.10 secs] 
6681.348: [GC (Allocation Failure) [PSYoungGen: 423776K->145376K(512000K)] 858361K->682590K(1910272K), 0.0510442 secs] [Times: user=0.30 sys=0.00, real=0.06 secs] 
6683.424: [GC (Allocation Failure) [PSYoungGen: 473568K->110672K(509440K)] 1010782K->783711K(1907712K), 0.1124773 secs] [Times: user=0.67 sys=0.01, real=0.11 secs] 
6684.724: [GC (Allocation Failure) [PSYoungGen: 439376K->153664K(510976K)] 1112415K->932955K(1909248K), 0.0570253 secs] [Times: user=0.34 sys=0.00, real=0.06 secs] 
6687.316: [GC (Allocation Failure) [PSYoungGen: 482368K->101280K(513024K)] 1261659K->1034039K(1911296K), 0.1646631 secs] [Times: user=0.98 sys=0.00, real=0.17 secs] 
6688.111: [GC (Allocation Failure) [PSYoungGen: 426400K->155472K(480768K)] 1359159K->1183244K(1879040K), 0.0574997 secs] [Times: user=0.33 sys=0.01, real=0.05 secs] 
6692.099: [GC (Allocation Failure) [PSYoungGen: 480592K->98208K(508928K)] 1508364K->1280408K(1907200K), 0.1614390 secs] [Times: user=0.96 sys=0.00, real=0.16 secs] 
6693.092: [GC (Allocation Failure) [PSYoungGen: 415648K->153088K(471040K)] 1597848K->1427037K(1869312K), 0.0938054 secs] [Times: user=0.55 sys=0.00, real=0.09 secs] 
6693.186: [Full GC (Ergonomics) [PSYoungGen: 153088K->0K(471040K)] [ParOldGen: 1273948K->225354K(1398272K)] 1427037K->225354K(1869312K), [Metaspace: 59747K->59747K(1105920K)], 0.5479837 secs] [Times: user=2.59 sys=0.00, real=0.55 secs] 
6697.444: [GC (Allocation Failure) [PSYoungGen: 317440K->91104K(505344K)] 542794K->316458K(1903616K), 0.0874021 secs] [Times: user=0.52 sys=0.00, real=0.09 secs] 
6697.828: [GC (Allocation Failure) [PSYoungGen: 402400K->151808K(463360K)] 627754K->462283K(1861632K), 0.0547649 secs] [Times: user=0.33 sys=0.00, real=0.06 secs] 
6702.138: [GC (Allocation Failure) [PSYoungGen: 463104K->89408K(502784K)] 773579K->551467K(1901056K), 0.1401677 secs] [Times: user=0.84 sys=0.00, real=0.14 secs] 
6702.627: [GC (Allocation Failure) [PSYoungGen: 395072K->165024K(471040K)] 857131K->710051K(1869312K), 0.0549027 secs] [Times: user=0.32 sys=0.00, real=0.06 secs] 
6705.561: [GC (Allocation Failure) [PSYoungGen: 470688K->88992K(495616K)] 1015715K->782339K(1893888K), 0.1697625 secs] [Times: user=1.01 sys=0.00, real=0.17 secs] 
6707.103: [GC (Allocation Failure) [PSYoungGen: 368052K->134720K(425984K)] 1061400K->910104K(1824256K), 0.0473122 secs] [Times: user=0.28 sys=0.00, real=0.05 secs] 
6709.437: [GC (Allocation Failure) [PSYoungGen: 425536K->92240K(492544K)] 1200920K->993717K(1890816K), 0.0606008 secs] [Times: user=0.35 sys=0.01, real=0.06 secs] 
6712.093: [GC (Allocation Failure) [PSYoungGen: 385104K->133856K(490496K)] 1286581K->1124253K(1888768K), 0.0467225 secs] [Times: user=0.28 sys=0.00, real=0.05 secs] 
6713.418: [GC (Allocation Failure) [PSYoungGen: 426720K->99264K(498176K)] 1417117K->1214673K(1896448K), 0.0619194 secs] [Times: user=0.36 sys=0.01, real=0.07 secs] 
6715.932: [GC (Allocation Failure) [PSYoungGen: 403904K->137216K(496128K)] 1519313K->1350292K(1894400K), 0.0551554 secs] [Times: user=0.32 sys=0.01, real=0.05 secs] 
6715.987: [Full GC (Ergonomics) [PSYoungGen: 137216K->0K(496128K)] [ParOldGen: 1213076K->159848K(1398272K)] 1350292K->159848K(1894400K), [Metaspace: 59747K->59747K(1105920K)], 0.3613217 secs] [Times: user=1.65 sys=0.00, real=0.36 secs] 
6718.116: [GC (Allocation Failure) [PSYoungGen: 304640K->106496K(502272K)] 464488K->266344K(1900544K), 0.0388487 secs] [Times: user=0.23 sys=0.00, real=0.04 secs] 
6720.931: [GC (Allocation Failure) [PSYoungGen: 423424K->138176K(503296K)] 583272K->402900K(1901568K), 0.0634206 secs] [Times: user=0.37 sys=0.00, real=0.06 secs] 
6722.102: [GC (Allocation Failure) [PSYoungGen: 455104K->114016K(502272K)] 719828K->507169K(1900544K), 0.0645935 secs] [Times: user=0.38 sys=0.01, real=0.06 secs] 
6723.813: [GC (Allocation Failure) [PSYoungGen: 440160K->144784K(507392K)] 833313K->650458K(1905664K), 0.0591369 secs] [Times: user=0.35 sys=0.00, real=0.06 secs] 
6725.436: [GC (Allocation Failure) [PSYoungGen: 470928K->113776K(511488K)] 976602K->754402K(1909760K), 0.0663202 secs] [Times: user=0.39 sys=0.00, real=0.07 secs] 
6727.218: [GC (Allocation Failure) [PSYoungGen: 447088K->150656K(513024K)] 1087714K->902714K(1911296K), 0.0559962 secs] [Times: user=0.32 sys=0.02, real=0.06 secs] 
6729.148: [GC (Allocation Failure) [PSYoungGen: 483968K->115776K(515072K)] 1236026K->1009018K(1913344K), 0.0845600 secs] [Times: user=0.50 sys=0.00, real=0.09 secs] 
6730.301: [GC (Allocation Failure) [PSYoungGen: 445348K->155504K(489984K)] 1338591K->1160800K(1888256K), 0.0557331 secs] [Times: user=0.33 sys=0.00, real=0.05 secs] 
6733.183: [GC (Allocation Failure) [PSYoungGen: 489840K->110960K(515584K)] 1495136K->1262784K(1913856K), 0.1632151 secs] [Times: user=0.97 sys=0.00, real=0.16 secs] 
6734.802: [GC (Allocation Failure) [PSYoungGen: 440176K->152800K(482304K)] 1592000K->1411464K(1880576K), 0.0533333 secs] [Times: user=0.32 sys=0.00, real=0.05 secs] 
6734.855: [Full GC (Ergonomics) [PSYoungGen: 152800K->0K(482304K)] [ParOldGen: 1258664K->208173K(1398272K)] 1411464K->208173K(1880576K), [Metaspace: 59747K->59747K(1105920K)], 0.4651559 secs] [Times: user=2.15 sys=0.00, real=0.47 secs] 
6738.312: [GC (Allocation Failure) [PSYoungGen: 329216K->100656K(512512K)] 537389K->308830K(1910784K), 0.1603027 secs] [Times: user=0.96 sys=0.00, real=0.16 secs] 
6738.799: [GC (Allocation Failure) [PSYoungGen: 425776K->158656K(483840K)] 633950K->461575K(1882112K), 0.0563566 secs] [Times: user=0.33 sys=0.00, real=0.05 secs] 
6741.469: [GC (Allocation Failure) [PSYoungGen: 483776K->96160K(507392K)] 786695K->557447K(1905664K), 0.1285237 secs] [Times: user=0.76 sys=0.01, real=0.12 secs] 
6741.856: [GC (Allocation Failure) [PSYoungGen: 411040K->169856K(484864K)] 872327K->721314K(1883136K), 0.0573384 secs] [Times: user=0.34 sys=0.00, real=0.06 secs] 
6745.259: [GC (Allocation Failure) [PSYoungGen: 484736K->92384K(498176K)] 1036194K->797090K(1896448K), 0.1611390 secs] [Times: user=0.96 sys=0.00, real=0.16 secs] 
6745.656: [GC (Allocation Failure) [PSYoungGen: 389344K->145120K(442368K)] 1094050K->936129K(1840640K), 0.0543244 secs] [Times: user=0.33 sys=0.00, real=0.06 secs] 
6749.226: [GC (Allocation Failure) [PSYoungGen: 442080K->83488K(496640K)] 1233089K->1019337K(1894912K), 0.1402625 secs] [Times: user=0.84 sys=0.00, real=0.14 secs] 
6750.233: [GC (Allocation Failure) [PSYoungGen: 365836K->137936K(434688K)] 1301686K->1151125K(1832960K), 0.0474643 secs] [Times: user=0.28 sys=0.00, real=0.05 secs] 
6751.522: [GC (Allocation Failure) [PSYoungGen: 434384K->94208K(498176K)] 1447573K->1236817K(1896448K), 0.0618008 secs] [Times: user=0.36 sys=0.00, real=0.06 secs] 
6753.920: [GC (Allocation Failure) [PSYoungGen: 394240K->139872K(496128K)] 1536849K->1372850K(1894400K), 0.0480539 secs] [Times: user=0.29 sys=0.00, real=0.04 secs] 
6753.968: [Full GC (Ergonomics) [PSYoungGen: 139872K->0K(496128K)] [ParOldGen: 1232978K->179521K(1398272K)] 1372850K->179521K(1894400K), [Metaspace: 59747K->59747K(1105920K)], 0.4144887 secs] [Times: user=1.90 sys=0.01, real=0.42 secs] 
6755.422: [GC (Allocation Failure) [PSYoungGen: 300032K->99713K(499200K)] 479553K->279235K(1897472K), 0.0327671 secs] [Times: user=0.19 sys=0.01, real=0.03 secs] 
6758.504: [GC (Allocation Failure) [PSYoungGen: 406913K->141120K(499712K)] 586435K->417723K(1897984K), 0.0516314 secs] [Times: user=0.31 sys=0.00, real=0.05 secs] 
6759.653: [GC (Allocation Failure) [PSYoungGen: 448320K->103904K(499200K)] 724923K->512379K(1897472K), 0.0638448 secs] [Times: user=0.38 sys=0.00, real=0.06 secs] 
6761.751: [GC (Allocation Failure) [PSYoungGen: 417760K->140576K(502784K)] 826235K->651296K(1901056K), 0.0736254 secs] [Times: user=0.43 sys=0.01, real=0.07 secs] 
6763.750: [GC (Allocation Failure) [PSYoungGen: 454432K->108672K(502272K)] 965152K->751320K(1900544K), 0.0645633 secs] [Times: user=0.38 sys=0.00, real=0.06 secs] 
6767.113: [GC (Allocation Failure) [PSYoungGen: 429184K->141104K(505856K)] 1071832K->890582K(1904128K), 0.0534500 secs] [Times: user=0.32 sys=0.00, real=0.05 secs] 
6768.289: [GC (Allocation Failure) [PSYoungGen: 461616K->110432K(506880K)] 1211094K->991549K(1905152K), 0.0656953 secs] [Times: user=0.39 sys=0.00, real=0.06 secs] 
6770.656: [GC (Allocation Failure) [PSYoungGen: 438112K->149792K(509952K)] 1319229K->1138922K(1908224K), 0.0549187 secs] [Times: user=0.32 sys=0.00, real=0.06 secs] 
6772.522: [GC (Allocation Failure) [PSYoungGen: 477472K->112512K(512512K)] 1466602K->1241578K(1910784K), 0.0727348 secs] [Times: user=0.44 sys=0.00, real=0.07 secs] 
6775.735: [GC (Allocation Failure) [PSYoungGen: 442752K->149936K(512512K)] 1571818K->1387839K(1910784K), 0.0546945 secs] [Times: user=0.32 sys=0.00, real=0.06 secs] 
6775.790: [Full GC (Ergonomics) [PSYoungGen: 149936K->0K(512512K)] [ParOldGen: 1237903K->186305K(1398272K)] 1387839K->186305K(1910784K), [Metaspace: 59747K->59747K(1105920K)], 0.4437327 secs] [Times: user=2.07 sys=0.00, real=0.44 secs] 
6777.518: [GC (Allocation Failure) [PSYoungGen: 330240K->113616K(512512K)] 516545K->299921K(1910784K), 0.0477700 secs] [Times: user=0.28 sys=0.00, real=0.05 secs] 
6779.629: [GC (Allocation Failure) [PSYoungGen: 436075K->147552K(512512K)] 622380K->443877K(1910784K), 0.0538065 secs] [Times: user=0.32 sys=0.00, real=0.05 secs] 
6782.695: [GC (GCLocker Initiated GC) [PSYoungGen: 477792K->108160K(514560K)] 774118K->542842K(1912832K), 0.1247510 secs] [Times: user=0.74 sys=0.01, real=0.13 secs] 
6783.223: [GC (Allocation Failure) [PSYoungGen: 439424K->157664K(488960K)] 874158K->696614K(1887232K), 0.0529304 secs] [Times: user=0.32 sys=0.00, real=0.05 secs] 
6786.342: [GC (Allocation Failure) [PSYoungGen: 488928K->101440K(511488K)] 1027878K->797583K(1909760K), 0.1737075 secs] [Times: user=1.03 sys=0.00, real=0.17 secs] 
6786.887: [GC (Allocation Failure) [PSYoungGen: 424000K->156064K(478720K)] 1120143K->947055K(1876992K), 0.0576393 secs] [Times: user=0.34 sys=0.01, real=0.06 secs] 
6788.960: [GC (Allocation Failure) [PSYoungGen: 478624K->101440K(507904K)] 1269615K->1048063K(1906176K), 0.1164836 secs] [Times: user=0.69 sys=0.00, real=0.11 secs] 
6790.543: [GC (Allocation Failure) [PSYoungGen: 416832K->148720K(506368K)] 1363455K->1190857K(1904640K), 0.1361355 secs] [Times: user=0.81 sys=0.00, real=0.14 secs] 
6792.643: [GC (Allocation Failure) [PSYoungGen: 464112K->94320K(506880K)] 1506249K->1284941K(1905152K), 0.1485884 secs] [Times: user=0.88 sys=0.00, real=0.15 secs] 
6793.679: [GC (Allocation Failure) [PSYoungGen: 408688K->150160K(464896K)] 1599309K->1428520K(1863168K), 0.1557119 secs] [Times: user=0.92 sys=0.00, real=0.16 secs] 
6793.834: [Full GC (Ergonomics) [PSYoungGen: 150160K->0K(464896K)] [ParOldGen: 1278359K->227927K(1398272K)] 1428520K->227927K(1863168K), [Metaspace: 59747K->59747K(1105920K)], 0.5783621 secs] [Times: user=2.76 sys=0.00, real=0.58 secs] 
6796.342: [GC (Allocation Failure) [PSYoungGen: 314368K->94224K(505344K)] 542295K->322151K(1903616K), 0.0752215 secs] [Times: user=0.44 sys=0.00, real=0.07 secs] 
6797.850: [GC (Allocation Failure) [PSYoungGen: 405008K->147632K(458752K)] 632935K->463696K(1857024K), 0.1506117 secs] [Times: user=0.90 sys=0.00, real=0.15 secs] 
6801.055: [GC (Allocation Failure) [PSYoungGen: 458416K->91488K(504320K)] 774480K->554447K(1902592K), 0.1689006 secs] [Times: user=1.00 sys=0.00, real=0.17 secs] 
6801.474: [GC (Allocation Failure) [PSYoungGen: 400224K->148480K(457728K)] 863183K->696036K(1856000K), 0.0552053 secs] [Times: user=0.33 sys=0.00, real=0.06 secs] 
6805.684: [GC (Allocation Failure) [PSYoungGen: 457216K->89760K(503296K)] 1004772K->785312K(1901568K), 0.1549917 secs] [Times: user=0.92 sys=0.00, real=0.16 secs] 
6806.680: [GC (Allocation Failure) [PSYoungGen: 396448K->148896K(455680K)] 1092000K->927729K(1853952K), 0.0533338 secs] [Times: user=0.32 sys=0.00, real=0.05 secs] 
6810.865: [GC (GCLocker Initiated GC) [PSYoungGen: 455584K->86944K(501248K)] 1234417K->1014405K(1899520K), 0.1588283 secs] [Times: user=0.83 sys=0.00, real=0.16 secs] 
6812.459: [GC (Allocation Failure) [PSYoungGen: 389536K->133312K(436224K)] 1333384K->1159693K(1834496K), 0.2262745 secs] [Times: user=1.36 sys=0.00, real=0.22 secs] 
6815.234: [GC (Allocation Failure) [PSYoungGen: 435904K->89904K(499200K)] 1462285K->1249122K(1897472K), 0.3363928 secs] [Times: user=2.01 sys=0.00, real=0.34 secs] 
6816.095: [GC (Allocation Failure) [PSYoungGen: 394071K->143424K(497152K)] 1553288K->1388570K(1895424K), 0.0495174 secs] [Times: user=0.29 sys=0.00, real=0.05 secs] 
6816.145: [Full GC (Ergonomics) [PSYoungGen: 143424K->0K(497152K)] [ParOldGen: 1245146K->196218K(1398272K)] 1388570K->196218K(1895424K), [Metaspace: 59747K->59747K(1105920K)], 0.4548535 secs] [Times: user=2.10 sys=0.00, real=0.46 secs] 
6818.576: [GC (Allocation Failure) [PSYoungGen: 304640K->97536K(501248K)] 500858K->293754K(1899520K), 0.0319668 secs] [Times: user=0.18 sys=0.00, real=0.03 secs] 
6820.253: [GC (Allocation Failure) [PSYoungGen: 409344K->145728K(502784K)] 605562K->435719K(1901056K), 0.0478894 secs] [Times: user=0.28 sys=0.00, real=0.05 secs] 
6821.759: [GC (Allocation Failure) [PSYoungGen: 457536K->104128K(501760K)] 747527K->530815K(1900032K), 0.0637803 secs] [Times: user=0.38 sys=0.00, real=0.06 secs] 
6822.754: [GC (Allocation Failure) [PSYoungGen: 417984K->147744K(503296K)] 844671K->674844K(1901568K), 0.0514245 secs] [Times: user=0.30 sys=0.01, real=0.05 secs] 
6824.884: [GC (Allocation Failure) [PSYoungGen: 461600K->101152K(505856K)] 988700K->766644K(1904128K), 0.0686082 secs] [Times: user=0.40 sys=0.01, real=0.07 secs] 
6826.871: [GC (GCLocker Initiated GC) [PSYoungGen: 417568K->147392K(505856K)] 1083060K->910377K(1904128K), 0.0502510 secs] [Times: user=0.29 sys=0.00, real=0.05 secs] 
6828.107: [GC (Allocation Failure) [PSYoungGen: 463808K->105568K(505344K)] 1226796K->1007012K(1903616K), 0.0648615 secs] [Times: user=0.38 sys=0.00, real=0.07 secs] 
6831.035: [GC (Allocation Failure) [PSYoungGen: 422496K->146016K(505856K)] 1323940K->1149761K(1904128K), 0.0521618 secs] [Times: user=0.31 sys=0.00, real=0.05 secs] 
6832.177: [GC (Allocation Failure) [PSYoungGen: 462944K->107920K(504832K)] 1466689K->1248489K(1903104K), 0.0642697 secs] [Times: user=0.38 sys=0.00, real=0.07 secs] 
6834.602: [GC (Allocation Failure) [PSYoungGen: 426896K->148992K(506368K)] 1567465K->1393616K(1904640K), 0.0521653 secs] [Times: user=0.31 sys=0.00, real=0.05 secs] 
6834.654: [Full GC (Ergonomics) [PSYoungGen: 148992K->0K(506368K)] [ParOldGen: 1244624K->193192K(1398272K)] 1393616K->193192K(1904640K), [Metaspace: 59747K->59747K(1105920K)], 0.4450858 secs] [Times: user=2.05 sys=0.00, real=0.45 secs] 
6837.609: [GC (Allocation Failure) [PSYoungGen: 318976K->105024K(508416K)] 512168K->298216K(1906688K), 0.0815996 secs] [Times: user=0.48 sys=0.01, real=0.08 secs] 
6840.154: [GC (Allocation Failure) [PSYoungGen: 426048K->148480K(508416K)] 619240K->442794K(1906688K), 0.0502048 secs] [Times: user=0.29 sys=0.00, real=0.05 secs] 
6842.650: [GC (Allocation Failure) [PSYoungGen: 469504K->107840K(507392K)] 763818K->541622K(1905664K), 0.1456727 secs] [Times: user=0.86 sys=0.00, real=0.14 secs] 
6844.551: [GC (Allocation Failure) [PSYoungGen: 421259K->144080K(507904K)] 855042K->681702K(1906176K), 0.0513619 secs] [Times: user=0.31 sys=0.00, real=0.05 secs] 
6847.326: [GC (Allocation Failure) [PSYoungGen: 465104K->107712K(507392K)] 1002726K->780725K(1905664K), 0.1385200 secs] [Times: user=0.82 sys=0.00, real=0.14 secs] 
6848.132: [GC (Allocation Failure) [PSYoungGen: 431296K->184640K(508416K)] 1104309K->961706K(1906688K), 0.0540313 secs] [Times: user=0.32 sys=0.00, real=0.05 secs] 
6850.733: [GC (Allocation Failure) [PSYoungGen: 508224K->99216K(489984K)] 1285290K->1027571K(1888256K), 0.1581766 secs] [Times: user=0.94 sys=0.00, real=0.16 secs] 
6851.787: [GC (Allocation Failure) [PSYoungGen: 387255K->137696K(499200K)] 1315609K->1159039K(1897472K), 0.0515268 secs] [Times: user=0.28 sys=0.00, real=0.05 secs] 
6854.302: [GC (Allocation Failure) [PSYoungGen: 437216K->97680K(492544K)] 1458559K->1247616K(1890816K), 0.0730292 secs] [Times: user=0.43 sys=0.00, real=0.07 secs] 
6856.153: [GC (Allocation Failure) [PSYoungGen: 400784K->139344K(497664K)] 1550720K->1383127K(1895936K), 0.0492085 secs] [Times: user=0.29 sys=0.00, real=0.05 secs] 
6856.202: [Full GC (Ergonomics) [PSYoungGen: 139344K->0K(497664K)] [ParOldGen: 1243782K->182033K(1398272K)] 1383127K->182033K(1895936K), [Metaspace: 59748K->59748K(1105920K)], 0.4137196 secs] [Times: user=1.89 sys=0.00, real=0.41 secs] 
6857.664: [GC (Allocation Failure) [PSYoungGen: 303104K->102720K(497664K)] 485137K->284753K(1895936K), 0.0331690 secs] [Times: user=0.20 sys=0.00, real=0.03 secs] 
6859.240: [GC (Allocation Failure) [PSYoungGen: 414016K->143712K(501760K)] 596049K->425874K(1900032K), 0.0515302 secs] [Times: user=0.30 sys=0.00, real=0.05 secs] 
6861.644: [GC (Allocation Failure) [PSYoungGen: 455008K->102864K(503808K)] 737170K->519619K(1902080K), 0.0654315 secs] [Times: user=0.38 sys=0.00, real=0.07 secs] 
6862.926: [GC (Allocation Failure) [PSYoungGen: 420304K->146208K(505856K)] 837059K->663375K(1904128K), 0.0527216 secs] [Times: user=0.31 sys=0.00, real=0.05 secs] 
6865.589: [GC (Allocation Failure) [PSYoungGen: 463648K->106048K(506368K)] 980815K->759863K(1904640K), 0.0641192 secs] [Times: user=0.38 sys=0.00, real=0.06 secs] 
6866.801: [GC (Allocation Failure) [PSYoungGen: 426048K->146144K(507392K)] 1079863K->903548K(1905664K), 0.0529933 secs] [Times: user=0.32 sys=0.00, real=0.05 secs] 
6869.811: [GC (Allocation Failure) [PSYoungGen: 466144K->107488K(507392K)] 1223548K->1001412K(1905664K), 0.0884594 secs] [Times: user=0.52 sys=0.01, real=0.09 secs] 
6873.048: [GC (Allocation Failure) [PSYoungGen: 429536K->146240K(508416K)] 1323460K->1144705K(1906688K), 0.0532906 secs] [Times: user=0.32 sys=0.00, real=0.06 secs] 
6874.408: [GC (Allocation Failure) [PSYoungGen: 468288K->107952K(508928K)] 1466753K->1243566K(1907200K), 0.0767340 secs] [Times: user=0.46 sys=0.01, real=0.08 secs] 
6876.519: [GC (Allocation Failure) [PSYoungGen: 432560K->150976K(509952K)] 1568174K->1391086K(1908224K), 0.1213819 secs] [Times: user=0.72 sys=0.00, real=0.12 secs] 
6876.641: [Full GC (Ergonomics) [PSYoungGen: 150976K->0K(509952K)] [ParOldGen: 1240110K->190242K(1398272K)] 1391086K->190242K(1908224K), [Metaspace: 59748K->59748K(1105920K)], 0.4722263 secs] [Times: user=2.22 sys=0.00, real=0.47 secs] 
6879.171: [GC (Allocation Failure) [PSYoungGen: 324608K->109648K(510464K)] 514850K->299891K(1908736K), 0.0830183 secs] [Times: user=0.49 sys=0.00, real=0.08 secs] 
6881.692: [GC (Allocation Failure) [PSYoungGen: 433744K->147504K(509952K)] 623987K->443851K(1908224K), 0.0521388 secs] [Times: user=0.31 sys=0.00, real=0.05 secs] 
6883.798: [GC (Allocation Failure) [PSYoungGen: 471600K->107328K(509952K)] 767947K->542278K(1908224K), 0.1613704 secs] [Times: user=0.96 sys=0.00, real=0.17 secs] 
6885.584: [GC (Allocation Failure) [PSYoungGen: 418180K->144336K(510464K)] 853131K->682224K(1908736K), 0.0505466 secs] [Times: user=0.30 sys=0.00, real=0.05 secs] 
6887.254: [GC (Allocation Failure) [PSYoungGen: 469456K->109088K(509440K)] 1007344K->782447K(1907712K), 0.0963580 secs] [Times: user=0.57 sys=0.00, real=0.10 secs] 
6888.507: [GC (Allocation Failure) [PSYoungGen: 436256K->155168K(482816K)] 1109615K->933416K(1881088K), 0.0526757 secs] [Times: user=0.31 sys=0.00, real=0.06 secs] 
6891.857: [GC (Allocation Failure) [PSYoungGen: 482336K->97056K(510976K)] 1260584K->1029848K(1909248K), 0.1629280 secs] [Times: user=0.97 sys=0.00, real=0.17 secs] 
6892.720: [GC (Allocation Failure) [PSYoungGen: 419104K->154464K(476672K)] 1351896K->1178245K(1874944K), 0.0561990 secs] [Times: user=0.33 sys=0.00, real=0.05 secs] 
6895.504: [GC (Allocation Failure) [PSYoungGen: 476512K->99744K(507904K)] 1500293K->1277389K(1906176K), 0.1732240 secs] [Times: user=1.04 sys=0.00, real=0.17 secs] 
6895.938: [GC (Allocation Failure) [PSYoungGen: 415136K->152704K(468480K)] 1592781K->1423742K(1866752K), 0.0578816 secs] [Times: user=0.34 sys=0.00, real=0.06 secs] 
6895.995: [Full GC (Ergonomics) [PSYoungGen: 152704K->0K(468480K)] [ParOldGen: 1271038K->221627K(1398272K)] 1423742K->221627K(1866752K), [Metaspace: 59748K->59748K(1105920K)], 0.5128058 secs] [Times: user=2.39 sys=0.00, real=0.51 secs] 
6899.664: [GC (Allocation Failure) [PSYoungGen: 315392K->92304K(504832K)] 537019K->313931K(1903104K), 0.1135298 secs] [Times: user=0.67 sys=0.00, real=0.11 secs] 
6900.320: [GC (Allocation Failure) [PSYoungGen: 402576K->149760K(460288K)] 624203K->457484K(1858560K), 0.0844719 secs] [Times: user=0.50 sys=0.01, real=0.08 secs] 
6904.213: [GC (Allocation Failure) [PSYoungGen: 460032K->87072K(502272K)] 767756K->544420K(1900544K), 0.1746810 secs] [Times: user=1.04 sys=0.00, real=0.17 secs] 
6904.722: [GC (Allocation Failure) [PSYoungGen: 392736K->149120K(455168K)] 850084K->687353K(1853440K), 0.0522250 secs] [Times: user=0.31 sys=0.00, real=0.05 secs] 
6907.935: [GC (Allocation Failure) [PSYoungGen: 454784K->89984K(501248K)] 993017K->776977K(1899520K), 0.1619023 secs] [Times: user=0.97 sys=0.00, real=0.16 secs] 
6908.581: [GC (Allocation Failure) [PSYoungGen: 381512K->138128K(440832K)] 1068505K->911442K(1839104K), 0.0678601 secs] [Times: user=0.40 sys=0.00, real=0.07 secs] 
6910.547: [GC (Allocation Failure) [PSYoungGen: 440720K->100384K(502272K)] 1214034K->1003390K(1900544K), 0.1328703 secs] [Times: user=0.80 sys=0.00, real=0.14 secs] 
6912.658: [GC (Allocation Failure) [PSYoungGen: 406560K->142304K(498688K)] 1309566K->1141562K(1896960K), 0.0491832 secs] [Times: user=0.29 sys=0.01, real=0.05 secs] 
6913.781: [GC (Allocation Failure) [PSYoungGen: 448480K->102976K(501760K)] 1447738K->1235226K(1900032K), 0.0652341 secs] [Times: user=0.37 sys=0.00, real=0.06 secs] 
6915.917: [GC (Allocation Failure) [PSYoungGen: 415808K->144992K(502784K)] 1548058K->1376719K(1901056K), 0.0507754 secs] [Times: user=0.30 sys=0.00, real=0.05 secs] 
6915.968: [Full GC (Ergonomics) [PSYoungGen: 144992K->0K(502784K)] [ParOldGen: 1231727K->183987K(1398272K)] 1376719K->183987K(1901056K), [Metaspace: 59748K->59748K(1105920K)], 0.4243748 secs] [Times: user=1.95 sys=0.00, real=0.43 secs] 
6917.714: [GC (Allocation Failure) [PSYoungGen: 312832K->104768K(504320K)] 496819K->288755K(1902592K), 0.0329599 secs] [Times: user=0.19 sys=0.00, real=0.03 secs] 
6919.706: [GC (Allocation Failure) [PSYoungGen: 422208K->145248K(505856K)] 606195K->430528K(1904128K), 0.0513205 secs] [Times: user=0.30 sys=0.00, real=0.05 secs] 
6922.020: [GC (Allocation Failure) [PSYoungGen: 462688K->107232K(504320K)] 747968K->528016K(1902592K), 0.0637149 secs] [Times: user=0.37 sys=0.00, real=0.06 secs] 
6923.732: [GC (Allocation Failure) [PSYoungGen: 427232K->146816K(506368K)] 848016K->671697K(1904640K), 0.0553444 secs] [Times: user=0.33 sys=0.00, real=0.05 secs] 
6926.258: [GC (Allocation Failure) [PSYoungGen: 466816K->107280K(508928K)] 991697K->770030K(1907200K), 0.0654137 secs] [Times: user=0.39 sys=0.00, real=0.07 secs] 
6928.624: [GC (Allocation Failure) [PSYoungGen: 430864K->157984K(481792K)] 1093614K->924528K(1880064K), 0.0526989 secs] [Times: user=0.31 sys=0.00, real=0.05 secs] 
6930.597: [GC (Allocation Failure) [PSYoungGen: 481568K->109408K(509952K)] 1248112K->1016568K(1908224K), 0.0982499 secs] [Times: user=0.59 sys=0.00, real=0.10 secs] 
6931.827: [GC (Allocation Failure) [PSYoungGen: 426848K->146736K(506368K)] 1334008K->1159466K(1904640K), 0.0531393 secs] [Times: user=0.31 sys=0.00, real=0.06 secs] 
6934.308: [GC (Allocation Failure) [PSYoungGen: 464176K->106368K(506880K)] 1476906K->1256685K(1905152K), 0.1198671 secs] [Times: user=0.65 sys=0.01, real=0.12 secs] 
6935.765: [GC (Allocation Failure) [PSYoungGen: 425856K->145232K(507392K)] 1576173K->1398250K(1905664K), 0.1360673 secs] [Times: user=0.80 sys=0.01, real=0.14 secs] 
6935.901: [Full GC (Ergonomics) [PSYoungGen: 145232K->0K(507392K)] [ParOldGen: 1253018K->196198K(1398272K)] 1398250K->196198K(1905664K), [Metaspace: 59748K->59748K(1105920K)], 0.5220567 secs] [Times: user=2.48 sys=0.01, real=0.52 secs] 
6938.715: [GC (Allocation Failure) [PSYoungGen: 319488K->107264K(506880K)] 515686K->303462K(1905152K), 0.0457606 secs] [Times: user=0.26 sys=0.01, real=0.05 secs] 
6941.508: [GC (Allocation Failure) [PSYoungGen: 420152K->143520K(508416K)] 616350K->443231K(1906688K), 0.0504940 secs] [Times: user=0.30 sys=0.00, real=0.06 secs] 
6943.702: [GC (Allocation Failure) [PSYoungGen: 465568K->107200K(507904K)] 765279K->541551K(1906176K), 0.1685758 secs] [Times: user=0.99 sys=0.01, real=0.17 secs] 
6944.972: [GC (Allocation Failure) [PSYoungGen: 418103K->143984K(509952K)] 852455K->681909K(1908224K), 0.0540431 secs] [Times: user=0.26 sys=0.01, real=0.05 secs] 
6948.535: [GC (Allocation Failure) [PSYoungGen: 469616K->108960K(510464K)] 1007541K->782200K(1908736K), 0.1513908 secs] [Times: user=0.90 sys=0.00, real=0.15 secs] 
6950.034: [GC (Allocation Failure) [PSYoungGen: 438176K->154320K(483840K)] 1111416K->931922K(1882112K), 0.0829790 secs] [Times: user=0.49 sys=0.00, real=0.08 secs] 
6953.170: [GC (Allocation Failure) [PSYoungGen: 483536K->102688K(513024K)] 1261138K->1034013K(1911296K), 0.1829003 secs] [Times: user=1.09 sys=0.00, real=0.18 secs] 
6955.039: [GC (Allocation Failure) [PSYoungGen: 427808K->153632K(479232K)] 1359133K->1181690K(1877504K), 0.1383758 secs] [Times: user=0.82 sys=0.00, real=0.13 secs] 
6959.357: [GC (Allocation Failure) [PSYoungGen: 478752K->96160K(508928K)] 1506810K->1277438K(1907200K), 0.1646578 secs] [Times: user=0.98 sys=0.00, real=0.17 secs] 
6959.782: [GC (Allocation Failure) [PSYoungGen: 414624K->153552K(472064K)] 1595902K->1424784K(1870336K), 0.0565088 secs] [Times: user=0.33 sys=0.00, real=0.05 secs] 
6959.838: [Full GC (Ergonomics) [PSYoungGen: 153552K->0K(472064K)] [ParOldGen: 1271231K->222954K(1398272K)] 1424784K->222954K(1870336K), [Metaspace: 59748K->59748K(1105920K)], 0.4901952 secs] [Times: user=2.23 sys=0.00, real=0.49 secs] 
6963.661: [GC (Allocation Failure) [PSYoungGen: 318464K->92912K(505856K)] 541418K->315867K(1904128K), 0.1113763 secs] [Times: user=0.66 sys=0.01, real=0.11 secs] 
6964.055: [GC (Allocation Failure) [PSYoungGen: 404720K->168048K(480256K)] 627675K->477460K(1878528K), 0.0559713 secs] [Times: user=0.33 sys=0.01, real=0.06 secs] 
6966.456: [GC (Allocation Failure) [PSYoungGen: 479856K->93808K(497664K)] 789268K->554548K(1895936K), 0.1640091 secs] [Times: user=0.97 sys=0.00, real=0.17 secs] 
6966.841: [GC (Allocation Failure) [PSYoungGen: 388720K->141232K(436224K)] 849460K->689753K(1834496K), 0.0536241 secs] [Times: user=0.31 sys=0.00, real=0.05 secs] 
6969.255: [GC (Allocation Failure) [PSYoungGen: 436144K->88672K(495616K)] 984665K->777428K(1893888K), 0.1300325 secs] [Times: user=0.77 sys=0.00, real=0.13 secs] 
6970.283: [GC (Allocation Failure) [PSYoungGen: 377961K->138304K(494592K)] 1066718K->911933K(1892864K), 0.0495370 secs] [Times: user=0.29 sys=0.00, real=0.05 secs] 
6971.384: [GC (Allocation Failure) [PSYoungGen: 434240K->97952K(497664K)] 1207869K->1001189K(1895936K), 0.0628667 secs] [Times: user=0.37 sys=0.00, real=0.06 secs] 
6974.626: [GC (Allocation Failure) [PSYoungGen: 401056K->137696K(497152K)] 1304293K->1135110K(1895424K), 0.0492149 secs] [Times: user=0.29 sys=0.00, real=0.05 secs] 
6975.823: [GC (Allocation Failure) [PSYoungGen: 440800K->101104K(499200K)] 1438214K->1226947K(1897472K), 0.0671975 secs] [Times: user=0.37 sys=0.00, real=0.07 secs] 
6978.620: [GC (Allocation Failure) [PSYoungGen: 412912K->144736K(501248K)] 1538755K->1369071K(1899520K), 0.0519882 secs] [Times: user=0.31 sys=0.00, real=0.05 secs] 
6978.672: [Full GC (Ergonomics) [PSYoungGen: 144736K->0K(501248K)] [ParOldGen: 1224335K->176156K(1398272K)] 1369071K->176156K(1899520K), [Metaspace: 59748K->59748K(1105920K)], 0.4135365 secs] [Times: user=1.92 sys=0.00, real=0.41 secs] 
6980.841: [GC (Allocation Failure) [PSYoungGen: 311808K->105456K(504320K)] 487964K->281613K(1902592K), 0.0347529 secs] [Times: user=0.21 sys=0.00, real=0.03 secs] 
6984.416: [GC (Allocation Failure) [PSYoungGen: 423408K->143840K(505856K)] 599565K->423146K(1904128K), 0.0530392 secs] [Times: user=0.32 sys=0.00, real=0.06 secs] 
6985.924: [GC (Allocation Failure) [PSYoungGen: 461792K->107456K(505344K)] 741098K->521562K(1903616K), 0.0645663 secs] [Times: user=0.39 sys=0.00, real=0.06 secs] 
6988.166: [GC (Allocation Failure) [PSYoungGen: 428992K->147296K(507392K)] 843098K->666555K(1905664K), 0.0533548 secs] [Times: user=0.32 sys=0.00, real=0.06 secs] 
6989.332: [GC (Allocation Failure) [PSYoungGen: 468832K->109920K(508416K)] 988091K->767623K(1906688K), 0.0648442 secs] [Times: user=0.39 sys=0.00, real=0.06 secs] 
6991.895: [GC (Allocation Failure) [PSYoungGen: 434528K->149792K(509440K)] 1092231K->913872K(1907712K), 0.0529174 secs] [Times: user=0.32 sys=0.00, real=0.05 secs] 
6993.933: [GC (Allocation Failure) [PSYoungGen: 474400K->110144K(510464K)] 1238480K->1014752K(1908736K), 0.1439539 secs] [Times: user=0.86 sys=0.00, real=0.14 secs] 
6995.990: [GC (Allocation Failure) [PSYoungGen: 434826K->148304K(510464K)] 1339434K->1159262K(1908736K), 0.0535666 secs] [Times: user=0.32 sys=0.00, real=0.05 secs] 
6997.867: [GC (Allocation Failure) [PSYoungGen: 473936K->112032K(509952K)] 1484894K->1262017K(1908224K), 0.1479265 secs] [Times: user=0.88 sys=0.00, real=0.15 secs] 
6998.798: [GC (Allocation Failure) [PSYoungGen: 438176K->153552K(479744K)] 1588161K->1410819K(1878016K), 0.0538003 secs] [Times: user=0.32 sys=0.00, real=0.06 secs] 
6998.852: [Full GC (Ergonomics) [PSYoungGen: 153552K->0K(479744K)] [ParOldGen: 1257266K->209413K(1398272K)] 1410819K->209413K(1878016K), [Metaspace: 59748K->59748K(1105920K)], 0.4782349 secs] [Times: user=2.22 sys=0.00, real=0.48 secs] 
7002.933: [GC (Allocation Failure) [PSYoungGen: 326144K->97680K(510976K)] 535557K->307094K(1909248K), 0.1530935 secs] [Times: user=0.91 sys=0.00, real=0.15 secs] 
7004.035: [GC (Allocation Failure) [PSYoungGen: 419728K->152736K(475136K)] 629142K->453946K(1873408K), 0.1354318 secs] [Times: user=0.80 sys=0.01, real=0.14 secs] 
7008.246: [GC (Allocation Failure) [PSYoungGen: 474784K->97776K(508416K)] 775994K->551435K(1906688K), 0.1573754 secs] [Times: user=0.93 sys=0.00, real=0.16 secs] 
7009.184: [GC (Allocation Failure) [PSYoungGen: 414192K->153920K(470528K)] 867851K->694751K(1868800K), 0.0545826 secs] [Times: user=0.32 sys=0.00, real=0.05 secs] 
7013.237: [GC (Allocation Failure) [PSYoungGen: 470336K->92560K(504832K)] 1011167K->787088K(1903104K), 0.1725141 secs] [Times: user=1.03 sys=0.00, real=0.18 secs] 
7014.261: [GC (Allocation Failure) [PSYoungGen: 402320K->150336K(460288K)] 1096848K->930656K(1858560K), 0.0543896 secs] [Times: user=0.32 sys=0.00, real=0.05 secs] 
7016.442: [GC (Allocation Failure) [PSYoungGen: 460096K->94208K(503296K)] 1240416K->1024424K(1901568K), 0.1689878 secs] [Times: user=1.01 sys=0.00, real=0.17 secs] 
7017.834: [GC (Allocation Failure) [PSYoungGen: 400896K->146832K(502272K)] 1331112K->1164662K(1900544K), 0.1231343 secs] [Times: user=0.73 sys=0.01, real=0.12 secs] 
7021.934: [GC (Allocation Failure) [PSYoungGen: 453520K->88816K(502784K)] 1471350K->1253162K(1901056K), 0.1731440 secs] [Times: user=1.03 sys=0.01, real=0.17 secs] 
7023.432: [GC (Allocation Failure) [PSYoungGen: 388176K->140160K(446464K)] 1552521K->1388922K(1844736K), 0.0503733 secs] [Times: user=0.30 sys=0.00, real=0.05 secs] 
7023.482: [Full GC (Ergonomics) [PSYoungGen: 140160K->0K(446464K)] [ParOldGen: 1248762K->195921K(1398272K)] 1388922K->195921K(1844736K), [Metaspace: 59748K->59748K(1105920K)], 0.4689013 secs] [Times: user=2.18 sys=0.00, real=0.47 secs] 
7025.001: [GC (Allocation Failure) [PSYoungGen: 306176K->101824K(505344K)] 502097K->297745K(1903616K), 0.0310615 secs] [Times: user=0.18 sys=0.00, real=0.03 secs] 
7026.619: [GC (Allocation Failure) [PSYoungGen: 411584K->144912K(501760K)] 607505K->438822K(1900032K), 0.0489830 secs] [Times: user=0.29 sys=0.00, real=0.04 secs] 
7029.167: [GC (Allocation Failure) [PSYoungGen: 454672K->101952K(502784K)] 748582K->531674K(1901056K), 0.0745010 secs] [Times: user=0.44 sys=0.00, real=0.08 secs] 
7031.997: [GC (Allocation Failure) [PSYoungGen: 415296K->142912K(503808K)] 845018K->670831K(1902080K), 0.0507685 secs] [Times: user=0.29 sys=0.01, real=0.05 secs] 
7033.457: [GC (Allocation Failure) [PSYoungGen: 456256K->104480K(502272K)] 984175K->766223K(1900544K), 0.0677717 secs] [Times: user=0.41 sys=0.00, real=0.07 secs] 
7034.874: [GC (Allocation Failure) [PSYoungGen: 421408K->146144K(504832K)] 1083151K->908387K(1903104K), 0.0520908 secs] [Times: user=0.30 sys=0.00, real=0.05 secs] 
7037.564: [GC (Allocation Failure) [PSYoungGen: 463072K->107584K(506368K)] 1225315K->1006816K(1904640K), 0.0673482 secs] [Times: user=0.37 sys=0.00, real=0.07 secs] 
7039.660: [GC (Allocation Failure) [PSYoungGen: 428096K->148672K(507392K)] 1327328K->1151812K(1905664K), 0.0539458 secs] [Times: user=0.32 sys=0.00, real=0.05 secs] 
7041.461: [GC (Allocation Failure) [PSYoungGen: 469184K->106000K(508928K)] 1472324K->1248637K(1907200K), 0.0780992 secs] [Times: user=0.46 sys=0.01, real=0.08 secs] 
7043.718: [GC (Allocation Failure) [PSYoungGen: 428048K->149536K(508928K)] 1570685K->1394049K(1907200K), 0.0534249 secs] [Times: user=0.32 sys=0.00, real=0.06 secs] 
7043.771: [Full GC (Ergonomics) [PSYoungGen: 149536K->0K(508928K)] [ParOldGen: 1244513K->194194K(1398272K)] 1394049K->194194K(1907200K), [Metaspace: 59748K->59748K(1105920K)], 0.4570201 secs] [Times: user=2.12 sys=0.00, real=0.45 secs] 
7045.275: [GC (Allocation Failure) [PSYoungGen: 322048K->109040K(507904K)] 516242K->303234K(1906176K), 0.0319854 secs] [Times: user=0.19 sys=0.01, real=0.03 secs] 
7046.823: [GC (Allocation Failure) [PSYoungGen: 420596K->143760K(508416K)] 614790K->443264K(1906688K), 0.0508009 secs] [Times: user=0.30 sys=0.00, real=0.05 secs] 
7050.549: [GC (Allocation Failure) [PSYoungGen: 465808K->106256K(508416K)] 765312K->540296K(1906688K), 0.1426507 secs] [Times: user=0.85 sys=0.01, real=0.14 secs] 
7052.285: [GC (Allocation Failure) [PSYoungGen: 421461K->145520K(509952K)] 855501K->681237K(1908224K), 0.0515936 secs] [Times: user=0.30 sys=0.00, real=0.05 secs] 
7055.619: [GC (GCLocker Initiated GC) [PSYoungGen: 470640K->104976K(510976K)] 1006358K->777334K(1909248K), 0.1504937 secs] [Times: user=0.89 sys=0.01, real=0.15 secs] 
7057.551: [GC (Allocation Failure) [PSYoungGen: 432144K->155168K(482816K)] 1104520K->927976K(1881088K), 0.0518315 secs] [Times: user=0.30 sys=0.01, real=0.05 secs] 
7060.433: [GC (Allocation Failure) [PSYoungGen: 482336K->99488K(510464K)] 1255144K->1026896K(1908736K), 0.1769398 secs] [Times: user=1.05 sys=0.01, real=0.18 secs] 
7061.218: [GC (Allocation Failure) [PSYoungGen: 420000K->155424K(476160K)] 1347408K->1176249K(1874432K), 0.0558411 secs] [Times: user=0.33 sys=0.00, real=0.06 secs] 
7065.311: [GC (Allocation Failure) [PSYoungGen: 475936K->88928K(505344K)] 1496761K->1264821K(1903616K), 0.1813001 secs] [Times: user=1.08 sys=0.00, real=0.18 secs] 
7066.697: [GC (Allocation Failure) [PSYoungGen: 400736K->150304K(462336K)] 1576629K->1408874K(1860608K), 0.0531370 secs] [Times: user=0.31 sys=0.00, real=0.06 secs] 
7066.750: [Full GC (Ergonomics) [PSYoungGen: 150304K->0K(462336K)] [ParOldGen: 1258570K->208366K(1398272K)] 1408874K->208366K(1860608K), [Metaspace: 59748K->59748K(1105920K)], 0.4742642 secs] [Times: user=2.19 sys=0.00, real=0.47 secs] 
7069.660: [GC (Allocation Failure) [PSYoungGen: 311808K->91104K(503296K)] 520174K->299470K(1901568K), 0.1544333 secs] [Times: user=0.92 sys=0.00, real=0.15 secs] 
7070.988: [GC (Allocation Failure) [PSYoungGen: 393493K->139888K(447488K)] 601859K->435584K(1845760K), 0.0487751 secs] [Times: user=0.28 sys=0.00, real=0.05 secs] 
7072.098: [GC (Allocation Failure) [PSYoungGen: 447088K->102096K(504832K)] 742784K->528324K(1903104K), 0.0622168 secs] [Times: user=0.37 sys=0.00, real=0.07 secs] 
7074.181: [GC (Allocation Failure) [PSYoungGen: 412368K->144384K(501760K)] 838596K->668992K(1900032K), 0.0489044 secs] [Times: user=0.29 sys=0.00, real=0.05 secs] 
7076.911: [GC (Allocation Failure) [PSYoungGen: 454656K->102080K(503296K)] 979264K->761984K(1901568K), 0.0630554 secs] [Times: user=0.38 sys=0.01, real=0.06 secs] 
7078.807: [GC (Allocation Failure) [PSYoungGen: 416960K->146496K(504320K)] 1076864K->904853K(1902592K), 0.0510746 secs] [Times: user=0.31 sys=0.00, real=0.05 secs] 
7081.226: [GC (Allocation Failure) [PSYoungGen: 461376K->103760K(505856K)] 1219733K->999618K(1904128K), 0.0645392 secs] [Times: user=0.37 sys=0.01, real=0.07 secs] 
7082.685: [GC (Allocation Failure) [PSYoungGen: 421200K->146144K(506368K)] 1317058K->1142070K(1904640K), 0.0515440 secs] [Times: user=0.31 sys=0.00, real=0.05 secs] 
7084.960: [GC (Allocation Failure) [PSYoungGen: 463584K->108032K(504832K)] 1459510K->1240310K(1903104K), 0.0836758 secs] [Times: user=0.50 sys=0.00, real=0.08 secs] 
7086.870: [GC (Allocation Failure) [PSYoungGen: 427008K->147104K(506368K)] 1559286K->1383738K(1904640K), 0.0531197 secs] [Times: user=0.31 sys=0.00, real=0.05 secs] 
7086.923: [Full GC (Ergonomics) [PSYoungGen: 147104K->0K(506368K)] [ParOldGen: 1236634K->191272K(1398272K)] 1383738K->191272K(1904640K), [Metaspace: 59748K->59748K(1105920K)], 0.4446274 secs] [Times: user=2.06 sys=0.00, real=0.44 secs] 
7089.846: [GC (Allocation Failure) [PSYoungGen: 318976K->105280K(508416K)] 510248K->296552K(1906688K), 0.0319623 secs] [Times: user=0.19 sys=0.01, real=0.03 secs] 
7091.347: [GC (Allocation Failure) [PSYoungGen: 427328K->149936K(508928K)] 618600K->442671K(1907200K), 0.0512996 secs] [Times: user=0.31 sys=0.00, real=0.06 secs] 
7093.614: [GC (Allocation Failure) [PSYoungGen: 471984K->109248K(508928K)] 764719K->542442K(1907200K), 0.0743695 secs] [Times: user=0.44 sys=0.00, real=0.07 secs] 
7094.950: [GC (Allocation Failure) [PSYoungGen: 419174K->143472K(508928K)] 852369K->681820K(1907200K), 0.0522202 secs] [Times: user=0.31 sys=0.00, real=0.05 secs] 
7096.970: [GC (Allocation Failure) [PSYoungGen: 465520K->108160K(506368K)] 1003868K->781107K(1904640K), 0.0653776 secs] [Times: user=0.39 sys=0.00, real=0.06 secs] 
7097.994: [GC (Allocation Failure) [PSYoungGen: 432768K->153024K(508928K)] 1105715K->930344K(1907200K), 0.0523394 secs] [Times: user=0.31 sys=0.00, real=0.05 secs] 
7100.311: [GC (Allocation Failure) [PSYoungGen: 477632K->97248K(510976K)] 1254952K->1026840K(1909248K), 0.1535530 secs] [Times: user=0.89 sys=0.02, real=0.15 secs] 
7101.417: [GC (Allocation Failure) [PSYoungGen: 419296K->154816K(477184K)] 1348888K->1175845K(1875456K), 0.0561016 secs] [Times: user=0.33 sys=0.00, real=0.06 secs] 
7104.720: [GC (Allocation Failure) [PSYoungGen: 476864K->95056K(506880K)] 1497893K->1270702K(1905152K), 0.1758893 secs] [Times: user=1.05 sys=0.00, real=0.17 secs] 
7105.757: [GC (Allocation Failure) [PSYoungGen: 408912K->152224K(466432K)] 1584558K->1416386K(1864704K), 0.0560872 secs] [Times: user=0.33 sys=0.00, real=0.06 secs] 
7105.813: [Full GC (Ergonomics) [PSYoungGen: 152224K->0K(466432K)] [ParOldGen: 1264162K->215442K(1398272K)] 1416386K->215442K(1864704K), [Metaspace: 59748K->59748K(1105920K)], 0.4991591 secs] [Times: user=2.33 sys=0.00, real=0.50 secs] 
7109.599: [GC (Allocation Failure) [PSYoungGen: 313856K->91984K(504320K)] 529298K->307427K(1902592K), 0.1451146 secs] [Times: user=0.85 sys=0.00, real=0.14 secs] 
7110.437: [GC (Allocation Failure) [PSYoungGen: 400720K->149824K(458752K)] 616163K->450847K(1857024K), 0.0536631 secs] [Times: user=0.32 sys=0.00, real=0.06 secs] 
7112.743: [GC (Allocation Failure) [PSYoungGen: 458560K->90320K(502784K)] 759583K->540943K(1901056K), 0.1484563 secs] [Times: user=0.88 sys=0.01, real=0.15 secs] 
7113.908: [GC (Allocation Failure) [PSYoungGen: 395984K->147072K(453120K)] 846607K->681896K(1851392K), 0.0528521 secs] [Times: user=0.31 sys=0.00, real=0.06 secs] 
7116.174: [GC (GCLocker Initiated GC) [PSYoungGen: 452736K->91712K(502272K)] 987560K->773056K(1900544K), 0.1703116 secs] [Times: user=1.02 sys=0.00, real=0.17 secs] 
7117.540: [GC (Allocation Failure) [PSYoungGen: 395840K->133888K(438272K)] 1093570K->919527K(1836544K), 0.2407267 secs] [Times: user=1.44 sys=0.00, real=0.24 secs] 
7119.857: [GC (Allocation Failure) [PSYoungGen: 438016K->90496K(499200K)] 1223655K->1009647K(1897472K), 0.3652716 secs] [Times: user=2.10 sys=0.01, real=0.37 secs] 
7121.582: [GC (Allocation Failure) [PSYoungGen: 396160K->142976K(497664K)] 1315311K->1149015K(1895936K), 0.0495491 secs] [Times: user=0.29 sys=0.00, real=0.05 secs] 
7122.929: [GC (Allocation Failure) [PSYoungGen: 448640K->103088K(500224K)] 1454679K->1243400K(1898496K), 0.0637766 secs] [Times: user=0.38 sys=0.00, real=0.06 secs] 
7124.620: [GC (Allocation Failure) [PSYoungGen: 416432K->154128K(502784K)] 1556744K->1393869K(1901056K), 0.0525217 secs] [Times: user=0.30 sys=0.01, real=0.05 secs] 
7124.672: [Full GC (Ergonomics) [PSYoungGen: 154128K->0K(502784K)] [ParOldGen: 1239740K->193128K(1398272K)] 1393869K->193128K(1901056K), [Metaspace: 59748K->59748K(1105920K)], 0.4552021 secs] [Times: user=2.10 sys=0.00, real=0.45 secs] 
7127.217: [GC (Allocation Failure) [PSYoungGen: 313344K->103280K(505856K)] 506472K->296409K(1904128K), 0.0399974 secs] [Times: user=0.24 sys=0.00, real=0.04 secs] 
7128.934: [GC (Allocation Failure) [PSYoungGen: 415600K->143872K(503808K)] 608729K->436493K(1902080K), 0.0499021 secs] [Times: user=0.29 sys=0.00, real=0.05 secs] 
7131.465: [GC (Allocation Failure) [PSYoungGen: 456192K->105184K(500736K)] 748813K->531937K(1899008K), 0.0805193 secs] [Times: user=0.48 sys=0.00, real=0.08 secs] 
7132.875: [GC (Allocation Failure) [PSYoungGen: 419552K->144224K(503296K)] 846305K->672446K(1901568K), 0.0512986 secs] [Times: user=0.30 sys=0.00, real=0.05 secs] 
7135.554: [GC (Allocation Failure) [PSYoungGen: 458592K->107024K(504320K)] 986814K->769591K(1902592K), 0.0733158 secs] [Times: user=0.43 sys=0.00, real=0.07 secs] 
7136.873: [GC (Allocation Failure) [PSYoungGen: 426512K->155328K(506368K)] 1089079K->920995K(1904640K), 0.0533918 secs] [Times: user=0.31 sys=0.00, real=0.05 secs] 
7139.224: [GC (Allocation Failure) [PSYoungGen: 474816K->109600K(508416K)] 1240483K->1012859K(1906688K), 0.0662819 secs] [Times: user=0.39 sys=0.00, real=0.07 secs] 
7141.446: [GC (Allocation Failure) [PSYoungGen: 427040K->145472K(506368K)] 1330299K->1154640K(1904640K), 0.0524839 secs] [Times: user=0.31 sys=0.00, real=0.05 secs] 
7142.638: [GC (Allocation Failure) [PSYoungGen: 462912K->108240K(504832K)] 1472080K->1253736K(1903104K), 0.0655255 secs] [Times: user=0.39 sys=0.01, real=0.07 secs] 
7144.790: [GC (Allocation Failure) [PSYoungGen: 428240K->146432K(506880K)] 1573736K->1396396K(1905152K), 0.0536351 secs] [Times: user=0.32 sys=0.00, real=0.05 secs] 
7144.844: [Full GC (Ergonomics) [PSYoungGen: 146432K->0K(506880K)] [ParOldGen: 1249964K->195877K(1398272K)] 1396396K->195877K(1905152K), [Metaspace: 59748K->59748K(1105920K)], 0.4641591 secs] [Times: user=2.16 sys=0.00, real=0.46 secs] 
7146.517: [GC (Allocation Failure) [PSYoungGen: 320000K->109392K(506880K)] 515877K->305270K(1905152K), 0.0320353 secs] [Times: user=0.19 sys=0.00, real=0.04 secs] 
7148.368: [GC (Allocation Failure) [PSYoungGen: 432464K->150688K(508416K)] 628342K->452498K(1906688K), 0.0751944 secs] [Times: user=0.44 sys=0.00, real=0.08 secs] 
7151.100: [GC (Allocation Failure) [PSYoungGen: 472461K->96512K(510464K)] 774272K->548295K(1908736K), 0.1237384 secs] [Times: user=0.70 sys=0.00, real=0.12 secs] 
7152.081: [GC (Allocation Failure) [PSYoungGen: 418048K->150496K(472064K)] 869831K->694735K(1870336K), 0.0574624 secs] [Times: user=0.34 sys=0.01, real=0.05 secs] 
7156.935: [GC (Allocation Failure) [PSYoungGen: 469835K->92992K(507904K)] 1014075K->786940K(1906176K), 0.1761641 secs] [Times: user=1.04 sys=0.01, real=0.18 secs] 
7158.436: [GC (Allocation Failure) [PSYoungGen: 409408K->149392K(465920K)] 1103356K->932445K(1864192K), 0.0547881 secs] [Times: user=0.32 sys=0.00, real=0.06 secs] 
7162.194: [GC (Allocation Failure) [PSYoungGen: 465808K->92432K(506368K)] 1248861K->1024205K(1904640K), 0.1648035 secs] [Times: user=0.98 sys=0.01, real=0.16 secs] 
7163.508: [GC (Allocation Failure) [PSYoungGen: 405264K->192480K(505344K)] 1337037K->1217826K(1903616K), 0.0563014 secs] [Times: user=0.33 sys=0.01, real=0.06 secs] 
7165.965: [GC (Allocation Failure) [PSYoungGen: 505312K->94496K(426496K)] 1530658K->1262466K(1824768K), 0.1564557 secs] [Times: user=0.93 sys=0.01, real=0.16 secs] 
7166.694: [GC (Allocation Failure) [PSYoungGen: 327456K->110592K(465920K)] 1495426K->1368874K(1864192K), 0.0534929 secs] [Times: user=0.32 sys=0.00, real=0.05 secs] 
7166.747: [Full GC (Ergonomics) [PSYoungGen: 110592K->0K(465920K)] [ParOldGen: 1258282K->166404K(1398272K)] 1368874K->166404K(1864192K), [Metaspace: 59748K->59748K(1105920K)], 0.3949296 secs] [Times: user=1.82 sys=0.00, real=0.40 secs] 
7168.113: [GC (Allocation Failure) [PSYoungGen: 232960K->94784K(464896K)] 399364K->261188K(1863168K), 0.0359502 secs] [Times: user=0.21 sys=0.00, real=0.04 secs] 
7169.818: [GC (Allocation Failure) [PSYoungGen: 327744K->81216K(314368K)] 494148K->342528K(1712640K), 0.0920281 secs] [Times: user=0.55 sys=0.00, real=0.10 secs] 
7170.666: [GC (Allocation Failure) [PSYoungGen: 307501K->108208K(472064K)] 568814K->444594K(1870336K), 0.1328433 secs] [Times: user=0.78 sys=0.00, real=0.13 secs] 
7173.070: [GC (Allocation Failure) [PSYoungGen: 350384K->73776K(464384K)] 686770K->509154K(1862656K), 0.0518498 secs] [Times: user=0.31 sys=0.00, real=0.05 secs] 
7174.790: [GC (Allocation Failure) [PSYoungGen: 315952K->107696K(467968K)] 751330K->615111K(1866240K), 0.0588261 secs] [Times: user=0.35 sys=0.00, real=0.05 secs] 
7175.979: [GC (Allocation Failure) [PSYoungGen: 363184K->129056K(466944K)] 870599K->734198K(1865216K), 0.1081252 secs] [Times: user=0.64 sys=0.00, real=0.10 secs] 
7178.613: [GC (Allocation Failure) [PSYoungGen: 384544K->66400K(481792K)] 989686K->800526K(1880064K), 0.1390354 secs] [Times: user=0.83 sys=0.00, real=0.14 secs] 
7179.008: [GC (Allocation Failure) [PSYoungGen: 333832K->126800K(481792K)] 1067959K->921208K(1880064K), 0.0434182 secs] [Times: user=0.25 sys=0.00, real=0.05 secs] 
7180.950: [GC (Allocation Failure) [PSYoungGen: 401744K->89456K(486912K)] 1196152K->1001544K(1885184K), 0.0579541 secs] [Times: user=0.35 sys=0.00, real=0.05 secs] 
7181.712: [GC (Allocation Failure) [PSYoungGen: 378736K->133472K(487424K)] 1290824K->1132596K(1885696K), 0.0511768 secs] [Times: user=0.30 sys=0.00, real=0.05 secs] 
7183.650: [GC (Allocation Failure) [PSYoungGen: 422752K->97424K(489472K)] 1421876K->1220385K(1887744K), 0.0646198 secs] [Times: user=0.39 sys=0.01, real=0.06 secs] 
7185.620: [GC (Allocation Failure) [PSYoungGen: 400528K->135104K(495104K)] 1523489K->1353957K(1893376K), 0.0577408 secs] [Times: user=0.33 sys=0.01, real=0.05 secs] 
7187.335: [GC (Allocation Failure) [PSYoungGen: 438208K->110528K(493056K)] 1657061K->1454717K(1891328K), 0.0656872 secs] [Times: user=0.38 sys=0.01, real=0.07 secs] 
7187.401: [Full GC (Ergonomics) [PSYoungGen: 110528K->0K(493056K)] [ParOldGen: 1344189K->15803K(1398272K)] 1454717K->15803K(1891328K), [Metaspace: 59748K->59748K(1105920K)], 0.0277644 secs] [Times: user=0.07 sys=0.00, real=0.03 secs] 
7189.003: [GC (Allocation Failure) [PSYoungGen: 314368K->134656K(499712K)] 330171K->150459K(1897984K), 0.0366620 secs] [Times: user=0.21 sys=0.00, real=0.04 secs] 
7190.332: [GC (Allocation Failure) [PSYoungGen: 449024K->2416K(488448K)] 464827K->18324K(1886720K), 0.0017010 secs] [Times: user=0.01 sys=0.00, real=0.00 secs] 
7193.416: [GC (Allocation Failure) [PSYoungGen: 305008K->127168K(500736K)] 320916K->144152K(1899008K), 0.0351664 secs] [Times: user=0.21 sys=0.00, real=0.04 secs] 
7194.991: [GC (Allocation Failure) [PSYoungGen: 429760K->120256K(491520K)] 446744K->254724K(1889792K), 0.0624925 secs] [Times: user=0.37 sys=0.00, real=0.06 secs] 
7197.548: [GC (Allocation Failure) [PSYoungGen: 423872K->117056K(496640K)] 558340K->371244K(1894912K), 0.0788620 secs] [Times: user=0.47 sys=0.01, real=0.08 secs] 
7198.697: [GC (Allocation Failure) [PSYoungGen: 420672K->131072K(505344K)] 674860K->491785K(1903616K), 0.0619271 secs] [Times: user=0.37 sys=0.00, real=0.07 secs] 
7200.966: [GC (Allocation Failure) [PSYoungGen: 448512K->115152K(432640K)] 809225K->606786K(1830912K), 0.0821519 secs] [Times: user=0.48 sys=0.00, real=0.08 secs] 
7202.524: [GC (Allocation Failure) [PSYoungGen: 432592K->133312K(503296K)] 924226K->729136K(1901568K), 0.0615325 secs] [Times: user=0.37 sys=0.00, real=0.06 secs] 
7205.512: [GC (Allocation Failure) [PSYoungGen: 454848K->118160K(504320K)] 1050672K->847289K(1902592K), 0.0806795 secs] [Times: user=0.47 sys=0.00, real=0.08 secs] 
7206.775: [GC (Allocation Failure) [PSYoungGen: 439696K->130272K(512512K)] 1168825K->966969K(1910784K), 0.0622238 secs] [Times: user=0.37 sys=0.00, real=0.06 secs] 
7209.355: [GC (Allocation Failure) [PSYoungGen: 465120K->130992K(512000K)] 1301817K->1097818K(1910272K), 0.0732801 secs] [Times: user=0.43 sys=0.00, real=0.08 secs] 
7210.550: [GC (Allocation Failure) [PSYoungGen: 465840K->4944K(495616K)] 1432666K->971838K(1893888K), 0.0026969 secs] [Times: user=0.01 sys=0.00, real=0.00 secs] 
7214.026: [GC (Allocation Failure) [PSYoungGen: 323920K->139760K(458752K)] 1290814K->1109947K(1857024K), 0.0349269 secs] [Times: user=0.20 sys=0.00, real=0.04 secs] 
7215.259: [GC (Allocation Failure) [PSYoungGen: 458736K->110944K(513024K)] 1428923K->1211390K(1911296K), 0.0659212 secs] [Times: user=0.39 sys=0.00, real=0.06 secs] 
7218.362: [GC (Allocation Failure) [PSYoungGen: 429920K->141408K(504832K)] 1530366K->1350827K(1903104K), 0.0611556 secs] [Times: user=0.36 sys=0.00, real=0.06 secs] 
7218.423: [Full GC (Ergonomics) [PSYoungGen: 141408K->0K(504832K)] [ParOldGen: 1209419K->159729K(1398272K)] 1350827K->159729K(1903104K), [Metaspace: 59748K->59748K(1105920K)], 0.3640468 secs] [Times: user=1.67 sys=0.00, real=0.36 secs] 
7219.876: [GC (Allocation Failure) [PSYoungGen: 318976K->111888K(502272K)] 478705K->271617K(1900544K), 0.0394960 secs] [Times: user=0.23 sys=0.00, real=0.04 secs] 
7222.165: [GC (Allocation Failure) [PSYoungGen: 434448K->144352K(505344K)] 594177K->413870K(1903616K), 0.0570345 secs] [Times: user=0.34 sys=0.00, real=0.06 secs] 
7224.019: [GC (Allocation Failure) [PSYoungGen: 466912K->110128K(508416K)] 736430K->514439K(1906688K), 0.0658067 secs] [Times: user=0.39 sys=0.00, real=0.06 secs] 
7226.170: [GC (Allocation Failure) [PSYoungGen: 438832K->149440K(509952K)] 843143K->662023K(1908224K), 0.0542777 secs] [Times: user=0.32 sys=0.00, real=0.05 secs] 
7227.606: [GC (Allocation Failure) [PSYoungGen: 478144K->114528K(511488K)] 990727K->767663K(1909760K), 0.0662111 secs] [Times: user=0.39 sys=0.00, real=0.07 secs] 
7230.694: [GC (Allocation Failure) [PSYoungGen: 444768K->151344K(511488K)] 1097903K->915317K(1909760K), 0.0560050 secs] [Times: user=0.32 sys=0.00, real=0.06 secs] 
7232.178: [GC (Allocation Failure) [PSYoungGen: 481584K->113344K(512512K)] 1245557K->1019456K(1910784K), 0.0661233 secs] [Times: user=0.39 sys=0.00, real=0.07 secs] 
7235.083: [GC (Allocation Failure) [PSYoungGen: 430658K->145248K(511488K)] 1336770K->1161261K(1909760K), 0.0546789 secs] [Times: user=0.32 sys=0.00, real=0.05 secs] 
7236.946: [GC (Allocation Failure) [PSYoungGen: 474464K->108704K(512000K)] 1490477K->1260925K(1910272K), 0.1009447 secs] [Times: user=0.60 sys=0.00, real=0.10 secs] 
7238.755: [GC (Allocation Failure) [PSYoungGen: 440480K->172976K(504832K)] 1592701K->1429654K(1903104K), 0.0542804 secs] [Times: user=0.32 sys=0.00, real=0.06 secs] 
7238.809: [Full GC (Ergonomics) [PSYoungGen: 172976K->0K(504832K)] [ParOldGen: 1256677K->209983K(1398272K)] 1429654K->209983K(1903104K), [Metaspace: 59748K->59748K(1105920K)], 0.4772214 secs] [Times: user=2.19 sys=0.00, real=0.47 secs] 
7241.981: [GC (Allocation Failure) [PSYoungGen: 331776K->100672K(506880K)] 541759K->310655K(1905152K), 0.1628830 secs] [Times: user=0.97 sys=0.00, real=0.16 secs] 
7242.503: [GC (Allocation Failure) [PSYoungGen: 413504K->152576K(465920K)] 623487K->456739K(1864192K), 0.0558555 secs] [Times: user=0.32 sys=0.00, real=0.06 secs] 
7245.058: [GC (Allocation Failure) [PSYoungGen: 465408K->93376K(504320K)] 769571K->549928K(1902592K), 0.1599822 secs] [Times: user=0.95 sys=0.00, real=0.16 secs] 
7246.011: [GC (Allocation Failure) [PSYoungGen: 402112K->147696K(456704K)] 858664K->691401K(1854976K), 0.0537247 secs] [Times: user=0.31 sys=0.00, real=0.05 secs] 
7248.272: [GC (Allocation Failure) [PSYoungGen: 456432K->94656K(504320K)] 1000137K->785256K(1902592K), 0.1616999 secs] [Times: user=0.96 sys=0.01, real=0.16 secs] 
7249.381: [GC (Allocation Failure) [PSYoungGen: 402368K->148416K(456192K)] 1092968K->927597K(1854464K), 0.0551750 secs] [Times: user=0.32 sys=0.01, real=0.05 secs] 
7252.355: [GC (Allocation Failure) [PSYoungGen: 456128K->90272K(502784K)] 1235309K->1017625K(1901056K), 0.1622022 secs] [Times: user=0.96 sys=0.01, real=0.16 secs] 
7253.963: [GC (Allocation Failure) [PSYoungGen: 387821K->138672K(444416K)] 1315175K->1152095K(1842688K), 0.0507152 secs] [Times: user=0.30 sys=0.00, real=0.05 secs] 
7255.710: [GC (Allocation Failure) [PSYoungGen: 444336K->100288K(503296K)] 1457759K->1243650K(1901568K), 0.1177004 secs] [Times: user=0.70 sys=0.01, real=0.11 secs] 
7257.544: [GC (Allocation Failure) [PSYoungGen: 409024K->145664K(500224K)] 1552386K->1385243K(1898496K), 0.0517537 secs] [Times: user=0.30 sys=0.00, real=0.05 secs] 
7257.596: [Full GC (Ergonomics) [PSYoungGen: 145664K->0K(500224K)] [ParOldGen: 1239579K->191084K(1398272K)] 1385243K->191084K(1898496K), [Metaspace: 59748K->59748K(1105920K)], 0.4460674 secs] [Times: user=2.06 sys=0.00, real=0.45 secs] 
7259.528: [GC (Allocation Failure) [PSYoungGen: 308736K->99168K(504320K)] 499820K->290252K(1902592K), 0.0556230 secs] [Times: user=0.32 sys=0.01, real=0.06 secs] 
7261.850: [GC (Allocation Failure) [PSYoungGen: 413024K->147424K(504832K)] 604108K->433810K(1903104K), 0.0491020 secs] [Times: user=0.29 sys=0.00, real=0.05 secs] 
7263.172: [GC (Allocation Failure) [PSYoungGen: 461280K->104048K(503296K)] 747666K->528715K(1901568K), 0.0651676 secs] [Times: user=0.39 sys=0.00, real=0.06 secs] 
7265.270: [GC (Allocation Failure) [PSYoungGen: 418407K->146688K(504320K)] 843073K->671795K(1902592K), 0.0525484 secs] [Times: user=0.31 sys=0.00, real=0.05 secs] 
7267.529: [GC (Allocation Failure) [PSYoungGen: 461056K->104496K(504320K)] 986163K->766784K(1902592K), 0.0647370 secs] [Times: user=0.39 sys=0.00, real=0.07 secs] 
7269.225: [GC (GCLocker Initiated GC) [PSYoungGen: 420912K->144576K(505344K)] 1083200K->908264K(1903616K), 0.1158862 secs] [Times: user=0.68 sys=0.01, real=0.12 secs] 
7272.522: [GC (Allocation Failure) [PSYoungGen: 460992K->103712K(505344K)] 1224732K->1003460K(1903616K), 0.0657630 secs] [Times: user=0.38 sys=0.00, real=0.06 secs] 
7274.711: [GC (Allocation Failure) [PSYoungGen: 423200K->147216K(506880K)] 1322948K->1149273K(1905152K), 0.0516958 secs] [Times: user=0.29 sys=0.01, real=0.05 secs] 
7277.232: [GC (Allocation Failure) [PSYoungGen: 466704K->107648K(507392K)] 1468761K->1247929K(1905664K), 0.0938549 secs] [Times: user=0.56 sys=0.00, real=0.09 secs] 
7279.473: [GC (Allocation Failure) [PSYoungGen: 428672K->147376K(507904K)] 1568953K->1391150K(1906176K), 0.0534729 secs] [Times: user=0.32 sys=0.00, real=0.05 secs] 
7279.526: [Full GC (Ergonomics) [PSYoungGen: 147376K->0K(507904K)] [ParOldGen: 1243774K->186764K(1398272K)] 1391150K->186764K(1906176K), [Metaspace: 59748K->59748K(1105920K)], 0.4368650 secs] [Times: user=2.02 sys=0.00, real=0.44 secs] 
7282.839: [GC (Allocation Failure) [PSYoungGen: 321024K->105504K(508416K)] 507788K->292268K(1906688K), 0.0474577 secs] [Times: user=0.28 sys=0.00, real=0.04 secs] 
7284.397: [GC (Allocation Failure) [PSYoungGen: 428064K->149056K(508928K)] 614828K->437797K(1907200K), 0.0522160 secs] [Times: user=0.31 sys=0.00, real=0.06 secs] 
7287.747: [GC (Allocation Failure) [PSYoungGen: 471616K->107936K(509440K)] 760357K->536565K(1907712K), 0.1582892 secs] [Times: user=0.94 sys=0.00, real=0.16 secs] 
7290.130: [GC (Allocation Failure) [PSYoungGen: 431008K->149776K(509440K)] 859637K->681827K(1907712K), 0.0520956 secs] [Times: user=0.30 sys=0.00, real=0.05 secs] 
7292.974: [GC (Allocation Failure) [PSYoungGen: 472848K->106992K(509952K)] 1004899K->780119K(1908224K), 0.1359983 secs] [Times: user=0.81 sys=0.00, real=0.14 secs] 
7294.410: [GC (Allocation Failure) [PSYoungGen: 417441K->144384K(509440K)] 1090568K->920139K(1907712K), 0.0511835 secs] [Times: user=0.30 sys=0.00, real=0.05 secs] 
7297.005: [GC (Allocation Failure) [PSYoungGen: 466944K->106016K(507904K)] 1242699K->1017251K(1906176K), 0.1211650 secs] [Times: user=0.71 sys=0.00, real=0.12 secs] 
7298.964: [GC (Allocation Failure) [PSYoungGen: 419760K->146064K(509440K)] 1330995K->1158832K(1907712K), 0.0509866 secs] [Times: user=0.30 sys=0.00, real=0.05 secs] 
7300.289: [GC (GCLocker Initiated GC) [PSYoungGen: 470160K->106448K(509952K)] 1482930K->1255998K(1908224K), 0.0690454 secs] [Times: user=0.41 sys=0.00, real=0.06 secs] 
7300.800: [GC (Allocation Failure) [PSYoungGen: 433104K->144480K(510976K)] 1599088K->1413366K(1909248K), 0.2318565 secs] [Times: user=1.39 sys=0.01, real=0.23 secs] 
7301.032: [Full GC (Ergonomics) [PSYoungGen: 144480K->0K(510976K)] [ParOldGen: 1268886K->212801K(1398272K)] 1413366K->212801K(1909248K), [Metaspace: 59748K->59748K(1105920K)], 0.4192650 secs] [Times: user=1.81 sys=0.00, real=0.42 secs] 
Heap
 PSYoungGen      total 510976K, used 186848K [0x00000000d5580000, 0x0000000100000000, 0x0000000100000000)
  eden space 326656K, 57% used [0x00000000d5580000,0x00000000e0bf8370,0x00000000e9480000)
  fr