5.640: [GC (Allocation Failure) [PSYoungGen: 128000K->12477K(148992K)] 128000K->12565K(488960K), 0.0198111 secs] [Times: user=0.02 sys=0.00, real=0.02 secs] 
6.089: [GC (Metadata GC Threshold) [PSYoungGen: 48873K->6063K(148992K)] 48961K->6159K(488960K), 0.0051562 secs] [Times: user=0.02 sys=0.01, real=0.01 secs] 
6.094: [Full GC (Metadata GC Threshold) [PSYoungGen: 6063K->0K(148992K)] [ParOldGen: 96K->5939K(181760K)] 6159K->5939K(330752K), [Metaspace: 20459K->20459K(1067008K)], 0.0225143 secs] [Times: user=0.07 sys=0.01, real=0.02 secs] 
7.306: [GC (Allocation Failure) [PSYoungGen: 128000K->9899K(148992K)] 133939K->15846K(330752K), 0.0032337 secs] [Times: user=0.01 sys=0.00, real=0.01 secs] 
8.000: [GC (Metadata GC Threshold) [PSYoungGen: 39528K->4652K(148992K)] 45475K->10608K(330752K), 0.0029015 secs] [Times: user=0.01 sys=0.00, real=0.00 secs] 
8.003: [Full GC (Metadata GC Threshold) [PSYoungGen: 4652K->0K(148992K)] [ParOldGen: 5955K->8877K(294400K)] 10608K->8877K(443392K), [Metaspace: 33733K->33733K(1079296K)], 0.0238504 secs] [Times: user=0.07 sys=0.00, real=0.02 secs] 
9.426: [GC (Allocation Failure) [PSYoungGen: 128000K->13161K(148992K)] 136877K->22047K(443392K), 0.0045980 secs] [Times: user=0.01 sys=0.00, real=0.01 secs] 
11.689: [GC (Allocation Failure) [PSYoungGen: 141161K->14020K(188416K)] 150047K->55681K(482816K), 0.0159800 secs] [Times: user=0.08 sys=0.01, real=0.01 secs] 
12.829: [GC (Allocation Failure) [PSYoungGen: 169406K->4615K(189952K)] 211067K->111821K(484352K), 0.0141773 secs] [Times: user=0.07 sys=0.02, real=0.01 secs] 
14.462: [GC (Allocation Failure) [PSYoungGen: 162932K->4599K(269312K)] 270138K->177349K(563712K), 0.0185112 secs] [Times: user=0.09 sys=0.02, real=0.02 secs] 
18.052: [GC (Allocation Failure) [PSYoungGen: 255991K->13894K(269312K)] 428741K->194844K(563712K), 0.0046347 secs] [Times: user=0.02 sys=0.00, real=0.00 secs] 
19.582: [GC (Allocation Failure) [PSYoungGen: 265286K->5209K(336896K)] 446236K->284471K(631296K), 0.0153919 secs] [Times: user=0.07 sys=0.01, real=0.01 secs] 
19.597: [Full GC (Ergonomics) [PSYoungGen: 5209K->0K(336896K)] [ParOldGen: 279261K->209273K(673792K)] 284471K->209273K(1010688K), [Metaspace: 52989K->52989K(1097728K)], 0.0961787 secs] [Times: user=0.41 sys=0.01, real=0.10 secs] 
23.609: [GC (Allocation Failure) [PSYoungGen: 317952K->1469K(336896K)] 527225K->210751K(1010688K), 0.0032265 secs] [Times: user=0.01 sys=0.00, real=0.00 secs] 
26.432: [GC (Allocation Failure) [PSYoungGen: 319421K->1845K(394752K)] 528703K->211135K(1068544K), 0.0029807 secs] [Times: user=0.01 sys=0.00, real=0.00 secs] 
30.853: [GC (Allocation Failure) [PSYoungGen: 387893K->18077K(404992K)] 597183K->227375K(1078784K), 0.0035746 secs] [Times: user=0.01 sys=0.00, real=0.00 secs] 
37.883: [GC (Allocation Failure) [PSYoungGen: 404125K->18061K(464896K)] 613423K->243751K(1138688K), 0.0052707 secs] [Times: user=0.03 sys=0.00, real=0.00 secs] 
41.202: [GC (Allocation Failure) [PSYoungGen: 464525K->1709K(473088K)] 690215K->227399K(1146880K), 0.0018962 secs] [Times: user=0.01 sys=0.00, real=0.00 secs] 
47.085: [GC (Allocation Failure) [PSYoungGen: 450733K->1725K(439296K)] 676423K->227415K(1113088K), 0.0031449 secs] [Times: user=0.01 sys=0.01, real=0.00 secs] 
50.514: [GC (Allocation Failure) [PSYoungGen: 438973K->1565K(428032K)] 664663K->227263K(1101824K), 0.0015395 secs] [Times: user=0.01 sys=0.00, real=0.00 secs] 
53.188: [GC (Allocation Failure) [PSYoungGen: 427549K->1709K(416768K)] 653247K->227415K(1090560K), 0.0023994 secs] [Times: user=0.01 sys=0.00, real=0.01 secs] 
57.781: [GC (Allocation Failure) [PSYoungGen: 416429K->1693K(406016K)] 642135K->227399K(1079808K), 0.0024589 secs] [Times: user=0.01 sys=0.00, real=0.00 secs] 
64.493: [GC (Allocation Failure) [PSYoungGen: 405661K->18109K(412160K)] 631367K->243823K(1085952K), 0.0066752 secs] [Times: user=0.02 sys=0.01, real=0.01 secs] 
69.656: [GC (Allocation Failure) [PSYoungGen: 411837K->1725K(386048K)] 637551K->227447K(1059840K), 0.0027127 secs] [Times: user=0.01 sys=0.00, real=0.01 secs] 
72.520: [GC (Allocation Failure) [PSYoungGen: 385725K->1693K(376832K)] 611447K->227423K(1050624K), 0.0024880 secs] [Times: user=0.00 sys=0.00, real=0.00 secs] 
75.581: [GC (Allocation Failure) [PSYoungGen: 376477K->9917K(375808K)] 602207K->235655K(1049600K), 0.0019272 secs] [Times: user=0.01 sys=0.00, real=0.00 secs] 
79.617: [GC (Allocation Failure) [PSYoungGen: 375485K->1693K(358912K)] 601223K->227431K(1032704K), 0.0022909 secs] [Times: user=0.01 sys=0.00, real=0.01 secs] 
84.386: [GC (Allocation Failure) [PSYoungGen: 358557K->1725K(350720K)] 584295K->227471K(1024512K), 0.0031511 secs] [Times: user=0.01 sys=0.00, real=0.01 secs] 
87.367: [GC (Allocation Failure) [PSYoungGen: 350397K->1680K(342528K)] 576143K->227503K(1016320K), 0.0020593 secs] [Times: user=0.00 sys=0.00, real=0.01 secs] 
91.956: [GC (Allocation Failure) [PSYoungGen: 342160K->1520K(334336K)] 567983K->227535K(1008128K), 0.0031004 secs] [Times: user=0.01 sys=0.00, real=0.01 secs] 
97.458: [GC (Allocation Failure) [PSYoungGen: 334320K->5600K(330752K)] 560335K->231695K(1004544K), 0.0018496 secs] [Times: user=0.01 sys=0.00, real=0.01 secs] 
101.647: [GC (Allocation Failure) [PSYoungGen: 330720K->9664K(327680K)] 556815K->235791K(1001472K), 0.0022818 secs] [Times: user=0.00 sys=0.00, real=0.01 secs] 
106.700: [GC (Allocation Failure) [PSYoungGen: 327616K->17856K(328704K)] 553743K->244023K(1002496K), 0.0056282 secs] [Times: user=0.02 sys=0.00, real=0.00 secs] 
111.930: [GC (Allocation Failure) [PSYoungGen: 328640K->17872K(322048K)] 554807K->244079K(995840K), 0.0061795 secs] [Times: user=0.03 sys=0.00, real=0.00 secs] 
116.563: [GC (Allocation Failure) [PSYoungGen: 322000K->1504K(299008K)] 548207K->227743K(972800K), 0.0025938 secs] [Times: user=0.01 sys=0.00, real=0.00 secs] 
118.930: [GC (Allocation Failure) [PSYoungGen: 298976K->1504K(292864K)] 525215K->227775K(966656K), 0.0019578 secs] [Times: user=0.01 sys=0.00, real=0.00 secs] 
121.238: [GC (Allocation Failure) [PSYoungGen: 292832K->17856K(303104K)] 519103K->244175K(976896K), 0.0028616 secs] [Times: user=0.01 sys=0.00, real=0.01 secs] 
123.552: [GC (Allocation Failure) [PSYoungGen: 303040K->17856K(296960K)] 529359K->244231K(970752K), 0.0023037 secs] [Times: user=0.01 sys=0.00, real=0.00 secs] 
126.647: [GC (Allocation Failure) [PSYoungGen: 296896K->9632K(283136K)] 523271K->244231K(956928K), 0.0042093 secs] [Times: user=0.02 sys=0.00, real=0.01 secs] 
129.373: [GC (Allocation Failure) [PSYoungGen: 283040K->1456K(269312K)] 517639K->236071K(943104K), 0.0021984 secs] [Times: user=0.00 sys=0.00, real=0.00 secs] 
131.536: [GC (Allocation Failure) [PSYoungGen: 269232K->9680K(272384K)] 503847K->244319K(946176K), 0.0021796 secs] [Times: user=0.01 sys=0.00, real=0.00 secs] 
133.816: [GC (Allocation Failure) [PSYoungGen: 272336K->5584K(263168K)] 506975K->240231K(936960K), 0.0028850 secs] [Times: user=0.01 sys=0.00, real=0.01 secs] 
135.851: [GC (Allocation Failure) [PSYoungGen: 263120K->1440K(265728K)] 497767K->236103K(939520K), 0.0027946 secs] [Times: user=0.01 sys=0.00, real=0.00 secs] 
138.789: [GC (Allocation Failure) [PSYoungGen: 253856K->1472K(249344K)] 488519K->236167K(923136K), 0.0020378 secs] [Times: user=0.00 sys=0.00, real=0.01 secs] 
141.040: [GC (Allocation Failure) [PSYoungGen: 249280K->1472K(260096K)] 483975K->236183K(933888K), 0.0019868 secs] [Times: user=0.01 sys=0.00, real=0.00 secs] 
142.904: [GC (Allocation Failure) [PSYoungGen: 244672K->1440K(240128K)] 479383K->236183K(913920K), 0.0020340 secs] [Times: user=0.01 sys=0.00, real=0.00 secs] 
145.734: [GC (Allocation Failure) [PSYoungGen: 240032K->1440K(249344K)] 474775K->236183K(923136K), 0.0020759 secs] [Times: user=0.01 sys=0.00, real=0.00 secs] 
147.688: [GC (Allocation Failure) [PSYoungGen: 235424K->9664K(239616K)] 470167K->244431K(913408K), 0.0044665 secs] [Times: user=0.02 sys=0.00, real=0.01 secs] 
149.401: [GC (Allocation Failure) [PSYoungGen: 239552K->1440K(241152K)] 474319K->236207K(914944K), 0.0021116 secs] [Times: user=0.01 sys=0.00, real=0.00 secs] 
151.053: [GC (Allocation Failure) [PSYoungGen: 227232K->1472K(223232K)] 461999K->236255K(897024K), 0.0019110 secs] [Times: user=0.01 sys=0.00, real=0.00 secs] 
153.765: [GC (Allocation Failure) [PSYoungGen: 223168K->1488K(231424K)] 457951K->236287K(905216K), 0.0032840 secs] [Times: user=0.01 sys=0.00, real=0.00 secs] 
156.523: [GC (Allocation Failure) [PSYoungGen: 219088K->1392K(215552K)] 453887K->236199K(889344K), 0.0020314 secs] [Times: user=0.01 sys=0.00, real=0.00 secs] 
158.971: [GC (Allocation Failure) [PSYoungGen: 215408K->1984K(222208K)] 450215K->236815K(896000K), 0.0039710 secs] [Times: user=0.02 sys=0.00, real=0.00 secs] 
162.083: [GC (Allocation Failure) [PSYoungGen: 212416K->1408K(208384K)] 447247K->236271K(882176K), 0.0030090 secs] [Times: user=0.01 sys=0.00, real=0.00 secs] 
165.651: [GC (Allocation Failure) [PSYoungGen: 208256K->1408K(213504K)] 443119K->236303K(887296K), 0.0030572 secs] [Times: user=0.01 sys=0.00, real=0.00 secs] 
168.641: [GC (Allocation Failure) [PSYoungGen: 204672K->9632K(209920K)] 439567K->244551K(883712K), 0.0016346 secs] [Times: user=0.01 sys=0.00, real=0.00 secs] 
170.685: [GC (Allocation Failure) [PSYoungGen: 209824K->1408K(208384K)] 444743K->236335K(882176K), 0.0037845 secs] [Times: user=0.01 sys=0.01, real=0.00 secs] 
173.971: [GC (Allocation Failure) [PSYoungGen: 198528K->1472K(195584K)] 433455K->236399K(869376K), 0.0024222 secs] [Times: user=0.01 sys=0.00, real=0.00 secs] 
177.873: [GC (Allocation Failure) [PSYoungGen: 195520K->9632K(204800K)] 430447K->244591K(878592K), 0.0023875 secs] [Times: user=0.01 sys=0.00, real=0.00 secs] 
178.734: [GC (Allocation Failure) [PSYoungGen: 200608K->1440K(189440K)] 435567K->236399K(863232K), 0.0020518 secs] [Times: user=0.01 sys=0.00, real=0.00 secs] 
181.062: [GC (Allocation Failure) [PSYoungGen: 189344K->1440K(195072K)] 424303K->236423K(868864K), 0.0021256 secs] [Times: user=0.00 sys=0.00, real=0.00 secs] 
182.904: [GC (Allocation Failure) [PSYoungGen: 186272K->9664K(192000K)] 421255K->244655K(865792K), 0.0020569 secs] [Times: user=0.01 sys=0.00, real=0.00 secs] 
184.194: [GC (Allocation Failure) [PSYoungGen: 191936K->1408K(190976K)] 426927K->236407K(864768K), 0.0021973 secs] [Times: user=0.01 sys=0.00, real=0.00 secs] 
185.915: [GC (Allocation Failure) [PSYoungGen: 181120K->1472K(178688K)] 416119K->236471K(852480K), 0.0016966 secs] [Times: user=0.01 sys=0.00, real=0.00 secs] 
187.886: [GC (Allocation Failure) [PSYoungGen: 178624K->1440K(185344K)] 413623K->236463K(859136K), 0.0016266 secs] [Times: user=0.01 sys=0.00, real=0.00 secs] 
189.361: [GC (Allocation Failure) [PSYoungGen: 176032K->1456K(173568K)] 411055K->236495K(847360K), 0.0026038 secs] [Times: user=0.01 sys=0.00, real=0.00 secs] 
192.125: [GC (Allocation Failure) [PSYoungGen: 173488K->9648K(182272K)] 408527K->244703K(856064K), 0.0036612 secs] [Times: user=0.01 sys=0.00, real=0.01 secs] 
193.144: [GC (Allocation Failure) [PSYoungGen: 179120K->1456K(168448K)] 414175K->236511K(842240K), 0.0020469 secs] [Times: user=0.00 sys=0.01, real=0.00 secs] 
195.551: [GC (Allocation Failure) [PSYoungGen: 168368K->1472K(174592K)] 403423K->236527K(848384K), 0.0026328 secs] [Times: user=0.01 sys=0.00, real=0.00 secs] 
197.352: [GC (Allocation Failure) [PSYoungGen: 165824K->1440K(163840K)] 400879K->236503K(837632K), 0.0027014 secs] [Times: user=0.01 sys=0.00, real=0.00 secs] 
198.966: [GC (Allocation Failure) [PSYoungGen: 163744K->1440K(169984K)] 398807K->236519K(843776K), 0.0020380 secs] [Times: user=0.00 sys=0.00, real=0.00 secs] 
200.831: [GC (Allocation Failure) [PSYoungGen: 161696K->2528K(160768K)] 396775K->237607K(834560K), 0.0031605 secs] [Times: user=0.01 sys=0.00, real=0.00 secs] 
202.622: [GC (Allocation Failure) [PSYoungGen: 160736K->1440K(164352K)] 395815K->236519K(838144K), 0.0025026 secs] [Times: user=0.01 sys=0.00, real=0.00 secs] 
204.475: [GC (Allocation Failure) [PSYoungGen: 157600K->9632K(163840K)] 392679K->244711K(837632K), 0.0019147 secs] [Times: user=0.00 sys=0.00, real=0.00 secs] 
205.397: [GC (Allocation Failure) [PSYoungGen: 163744K->1440K(161280K)] 398823K->236519K(835072K), 0.0026464 secs] [Times: user=0.01 sys=0.00, real=0.01 secs] 
206.960: [GC (Allocation Failure) [PSYoungGen: 153504K->9664K(159744K)] 388583K->244743K(833536K), 0.0018132 secs] [Times: user=0.00 sys=0.00, real=0.00 secs] 
207.870: [GC (Allocation Failure) [PSYoungGen: 159680K->1360K(158208K)] 394759K->236463K(832000K), 0.0028733 secs] [Times: user=0.01 sys=0.00, real=0.00 secs] 
209.880: [GC (Allocation Failure) [PSYoungGen: 149328K->9632K(155648K)] 384431K->244743K(829440K), 0.0018153 secs] [Times: user=0.01 sys=0.00, real=0.00 secs] 
211.549: [GC (Allocation Failure) [PSYoungGen: 155552K->1408K(156160K)] 390663K->236527K(829952K), 0.0038903 secs] [Times: user=0.01 sys=0.00, real=0.01 secs] 
213.888: [GC (Allocation Failure) [PSYoungGen: 145792K->9632K(152576K)] 380911K->244751K(826368K), 0.0018218 secs] [Times: user=0.00 sys=0.00, real=0.01 secs] 
215.545: [GC (Allocation Failure) [PSYoungGen: 152480K->1408K(153600K)] 387599K->236527K(827392K), 0.0039511 secs] [Times: user=0.01 sys=0.00, real=0.01 secs] 
217.391: [GC (Allocation Failure) [PSYoungGen: 142720K->9632K(149504K)] 377839K->244775K(823296K), 0.0018541 secs] [Times: user=0.00 sys=0.00, real=0.00 secs] 
217.970: [GC (Allocation Failure) [PSYoungGen: 149408K->1344K(151040K)] 384551K->236487K(824832K), 0.0017200 secs] [Times: user=0.01 sys=0.00, real=0.00 secs] 
219.558: [GC (Allocation Failure) [PSYoungGen: 139584K->9664K(146432K)] 374727K->244807K(820224K), 0.0020263 secs] [Times: user=0.01 sys=0.00, real=0.01 secs] 
220.741: [GC (Allocation Failure) [PSYoungGen: 146368K->1376K(148480K)] 381511K->236519K(822272K), 0.0027259 secs] [Times: user=0.01 sys=0.00, real=0.00 secs] 
222.810: [GC (Allocation Failure) [PSYoungGen: 136544K->5536K(139264K)] 371687K->240679K(813056K), 0.0022168 secs] [Times: user=0.01 sys=0.00, real=0.00 secs] 
224.111: [GC (Allocation Failure) [PSYoungGen: 139168K->1376K(144384K)] 374311K->236527K(818176K), 0.0031323 secs] [Times: user=0.01 sys=0.00, real=0.00 secs] 
226.954: [GC (Allocation Failure) [PSYoungGen: 133472K->1696K(132608K)] 368623K->236855K(806400K), 0.0019398 secs] [Times: user=0.01 sys=0.00, real=0.00 secs] 
228.695: [GC (Allocation Failure) [PSYoungGen: 132256K->1376K(140288K)] 367415K->236535K(814080K), 0.0026293 secs] [Times: user=0.01 sys=0.00, real=0.00 secs] 
230.208: [GC (Allocation Failure) [PSYoungGen: 130400K->1392K(129024K)] 365559K->236551K(802816K), 0.0082211 secs] [Times: user=0.04 sys=0.00, real=0.01 secs] 
232.060: [GC (Allocation Failure) [PSYoungGen: 128880K->1440K(136192K)] 364039K->236599K(809984K), 0.0019299 secs] [Times: user=0.01 sys=0.00, real=0.00 secs] 
232.675: [GC (Allocation Failure) [PSYoungGen: 127392K->1408K(125952K)] 362551K->236567K(799744K), 0.0021828 secs] [Times: user=0.01 sys=0.00, real=0.00 secs] 
234.124: [GC (Allocation Failure) [PSYoungGen: 125824K->9664K(134656K)] 360983K->244831K(808448K), 0.0019898 secs] [Times: user=0.01 sys=0.00, real=0.00 secs] 
235.154: [GC (Allocation Failure) [PSYoungGen: 132544K->1376K(123392K)] 367711K->236543K(797184K), 0.0026190 secs] [Times: user=0.01 sys=0.00, real=0.00 secs] 
236.891: [GC (Allocation Failure) [PSYoungGen: 122880K->3440K(130560K)] 358047K->238615K(804352K), 0.0019485 secs] [Times: user=0.00 sys=0.00, real=0.00 secs] 
237.893: [GC (Allocation Failure) [PSYoungGen: 124272K->1424K(121344K)] 359447K->236599K(795136K), 0.0037636 secs] [Times: user=0.01 sys=0.00, real=0.00 secs] 
238.485: [GC (Allocation Failure) [PSYoungGen: 121232K->1440K(129024K)] 356407K->236615K(802816K), 0.0019523 secs] [Times: user=0.01 sys=0.01, real=0.00 secs] 
240.459: [GC (Allocation Failure) [PSYoungGen: 120224K->1440K(119296K)] 355399K->236623K(793088K), 0.0023869 secs] [Times: user=0.01 sys=0.00, real=0.00 secs] 
241.886: [GC (Allocation Failure) [PSYoungGen: 119200K->1408K(125440K)] 354383K->236591K(799232K), 0.0028572 secs] [Times: user=0.01 sys=0.00, real=0.01 secs] 
244.937: [GC (Allocation Failure) [PSYoungGen: 118144K->5536K(121344K)] 353327K->240719K(795136K), 0.0032866 secs] [Times: user=0.02 sys=0.00, real=0.01 secs] 
246.264: [GC (Allocation Failure) [PSYoungGen: 121248K->1376K(123904K)] 356431K->236567K(797696K), 0.0025664 secs] [Times: user=0.00 sys=0.00, real=0.00 secs] 
247.391: [GC (Allocation Failure) [PSYoungGen: 116064K->1408K(115200K)] 351255K->236599K(788992K), 0.0025964 secs] [Times: user=0.01 sys=0.00, real=0.00 secs] 
248.791: [GC (Allocation Failure) [PSYoungGen: 115072K->1408K(120320K)] 350263K->236607K(794112K), 0.0016539 secs] [Times: user=0.01 sys=0.00, real=0.00 secs] 
249.260: [GC (Allocation Failure) [PSYoungGen: 114048K->1408K(113152K)] 349247K->236607K(786944K), 0.0014862 secs] [Times: user=0.00 sys=0.00, real=0.00 secs] 
250.545: [GC (Allocation Failure) [PSYoungGen: 113024K->5536K(119296K)] 348223K->240735K(793088K), 0.0021039 secs] [Times: user=0.01 sys=0.00, real=0.00 secs] 
251.459: [GC (Allocation Failure) [PSYoungGen: 116128K->1408K(111104K)] 351327K->236607K(784896K), 0.0022425 secs] [Times: user=0.01 sys=0.00, real=0.00 secs] 
252.228: [GC (Allocation Failure) [PSYoungGen: 110976K->1440K(116224K)] 346175K->236639K(790016K), 0.0024853 secs] [Times: user=0.01 sys=0.00, real=0.01 secs] 
253.765: [GC (Allocation Failure) [PSYoungGen: 109984K->5568K(113152K)] 345183K->244871K(786944K), 0.0017994 secs] [Times: user=0.01 sys=0.00, real=0.00 secs] 
254.417: [GC (Allocation Failure) [PSYoungGen: 113088K->1376K(113664K)] 352391K->240679K(787456K), 0.0020247 secs] [Times: user=0.01 sys=0.00, real=0.01 secs] 
255.291: [GC (Allocation Failure) [PSYoungGen: 107872K->1408K(107008K)] 347175K->240711K(780800K), 0.0022700 secs] [Times: user=0.01 sys=0.00, real=0.00 secs] 
257.294: [GC (Allocation Failure) [PSYoungGen: 106880K->1456K(111616K)] 346183K->240759K(785408K), 0.0020466 secs] [Times: user=0.01 sys=0.00, real=0.00 secs] 
258.779: [GC (Allocation Failure) [PSYoungGen: 105904K->1392K(104960K)] 345207K->240695K(778752K), 0.0039886 secs] [Times: user=0.01 sys=0.00, real=0.01 secs] 
260.775: [GC (Allocation Failure) [PSYoungGen: 104816K->2400K(108032K)] 344119K->241719K(781824K), 0.0018954 secs] [Times: user=0.01 sys=0.00, real=0.00 secs] 
261.193: [GC (Allocation Failure) [PSYoungGen: 104800K->1360K(102912K)] 344119K->240679K(776704K), 0.0018495 secs] [Times: user=0.01 sys=0.00, real=0.00 secs] 
261.614: [GC (Allocation Failure) [PSYoungGen: 102736K->1408K(105984K)] 342055K->240735K(779776K), 0.0017633 secs] [Times: user=0.01 sys=0.00, real=0.00 secs] 
262.724: [GC (Allocation Failure) [PSYoungGen: 101760K->5568K(104960K)] 341087K->244903K(778752K), 0.0019111 secs] [Times: user=0.00 sys=0.00, real=0.00 secs] 
263.136: [GC (Allocation Failure) [PSYoungGen: 104896K->1376K(104448K)] 344231K->240719K(778240K), 0.0018104 secs] [Times: user=0.00 sys=0.00, real=0.00 secs] 
263.545: [GC (Allocation Failure) [PSYoungGen: 99680K->1440K(99328K)] 339023K->240799K(773120K), 0.0017758 secs] [Times: user=0.01 sys=0.00, real=0.00 secs] 
264.757: [GC (Allocation Failure) [PSYoungGen: 99232K->1440K(103424K)] 338591K->240807K(777216K), 0.0017839 secs] [Times: user=0.01 sys=0.00, real=0.01 secs] 
265.591: [GC (Allocation Failure) [PSYoungGen: 98720K->1344K(98304K)] 338087K->240711K(772096K), 0.0026990 secs] [Times: user=0.01 sys=0.00, real=0.00 secs] 
266.427: [GC (Allocation Failure) [PSYoungGen: 98112K->1408K(101888K)] 337479K->240775K(775680K), 0.0019160 secs] [Times: user=0.00 sys=0.00, real=0.01 secs] 
268.067: [GC (Allocation Failure) [PSYoungGen: 97664K->1472K(97280K)] 337031K->240839K(771072K), 0.0018744 secs] [Times: user=0.01 sys=0.00, real=0.01 secs] 
268.518: [GC (Allocation Failure) [PSYoungGen: 97216K->1376K(100352K)] 336583K->240759K(774144K), 0.0019786 secs] [Times: user=0.01 sys=0.00, real=0.01 secs] 
268.931: [GC (Allocation Failure) [PSYoungGen: 96608K->1408K(96256K)] 335991K->240799K(770048K), 0.0018323 secs] [Times: user=0.01 sys=0.00, real=0.00 secs] 
270.224: [GC (Allocation Failure) [PSYoungGen: 96128K->1456K(98816K)] 335519K->240847K(772608K), 0.0019554 secs] [Times: user=0.00 sys=0.00, real=0.00 secs] 
271.164: [GC (Allocation Failure) [PSYoungGen: 95664K->1376K(95232K)] 335055K->240775K(769024K), 0.0027041 secs] [Times: user=0.01 sys=0.00, real=0.00 secs] 
272.442: [GC (Allocation Failure) [PSYoungGen: 95072K->1376K(97280K)] 334471K->240775K(771072K), 0.0037646 secs] [Times: user=0.02 sys=0.00, real=0.00 secs] 
273.915: [GC (Allocation Failure) [PSYoungGen: 94560K->1440K(94208K)] 333959K->240839K(768000K), 0.0015943 secs] [Times: user=0.00 sys=0.00, real=0.00 secs] 
274.384: [GC (Allocation Failure) [PSYoungGen: 94112K->1376K(95232K)] 333511K->240775K(769024K), 0.0018741 secs] [Times: user=0.00 sys=0.00, real=0.00 secs] 
274.789: [GC (Allocation Failure) [PSYoungGen: 93536K->1408K(93184K)] 332935K->240807K(766976K), 0.0021387 secs] [Times: user=0.01 sys=0.00, real=0.00 secs] 
276.347: [GC (Allocation Failure) [PSYoungGen: 93056K->3488K(95232K)] 332455K->244943K(769024K), 0.0021533 secs] [Times: user=0.01 sys=0.00, real=0.01 secs] 
277.228: [GC (Allocation Failure) [PSYoungGen: 94624K->1376K(92160K)] 336079K->242831K(765952K), 0.0029389 secs] [Times: user=0.01 sys=0.00, real=0.01 secs] 
277.802: [GC (Allocation Failure) [PSYoungGen: 92000K->1376K(93696K)] 333455K->242831K(767488K), 0.0019649 secs] [Times: user=0.01 sys=0.00, real=0.00 secs] 
279.141: [GC (Allocation Failure) [PSYoungGen: 91488K->2448K(92160K)] 332943K->243919K(765952K), 0.0018730 secs] [Times: user=0.01 sys=0.00, real=0.00 secs] 
279.553: [GC (Allocation Failure) [PSYoungGen: 92048K->1376K(92672K)] 333519K->242847K(766464K), 0.0019204 secs] [Times: user=0.01 sys=0.00, real=0.00 secs] 
279.957: [GC (Allocation Failure) [PSYoungGen: 90464K->1376K(90112K)] 331935K->242847K(763904K), 0.0028083 secs] [Times: user=0.01 sys=0.00, real=0.01 secs] 
280.920: [GC (Allocation Failure) [PSYoungGen: 89952K->1405K(90624K)] 331423K->242876K(764416K), 0.0016090 secs] [Times: user=0.01 sys=0.00, real=0.00 secs] 
281.958: [GC (Allocation Failure) [PSYoungGen: 89469K->1408K(89088K)] 330940K->242887K(762880K), 0.0019714 secs] [Times: user=0.01 sys=0.00, real=0.01 secs] 
282.355: [GC (Allocation Failure) [PSYoungGen: 88960K->1440K(90112K)] 330439K->242919K(763904K), 0.0019899 secs] [Times: user=0.00 sys=0.00, real=0.00 secs] 
282.917: [GC (Allocation Failure) [PSYoungGen: 88480K->1440K(88064K)] 329959K->242919K(761856K), 0.0020706 secs] [Times: user=0.01 sys=0.00, real=0.01 secs] 
284.232: [GC (Allocation Failure) [PSYoungGen: 87968K->1376K(88064K)] 329447K->242855K(761856K), 0.0032452 secs] [Times: user=0.01 sys=0.00, real=0.00 secs] 
284.728: [GC (Allocation Failure) [PSYoungGen: 87392K->1408K(87040K)] 328871K->242887K(760832K), 0.0019964 secs] [Times: user=0.01 sys=0.00, real=0.01 secs] 
285.472: [GC (Allocation Failure) [PSYoungGen: 86912K->1440K(87552K)] 328391K->242927K(761344K), 0.0019392 secs] [Times: user=0.00 sys=0.00, real=0.00 secs] 
286.842: [GC (Allocation Failure) [PSYoungGen: 86432K->1408K(86016K)] 327919K->242895K(759808K), 0.0020484 secs] [Times: user=0.00 sys=0.00, real=0.00 secs] 
287.236: [GC (Allocation Failure) [PSYoungGen: 85888K->1408K(86528K)] 327375K->242895K(760320K), 0.0019068 secs] [Times: user=0.01 sys=0.00, real=0.00 secs] 
288.104: [GC (Allocation Failure) [PSYoungGen: 85376K->1408K(84992K)] 326863K->242903K(758784K), 0.0039360 secs] [Times: user=0.01 sys=0.00, real=0.00 secs] 
289.820: [GC (Allocation Failure) [PSYoungGen: 84864K->160K(85504K)] 326359K->241663K(759296K), 0.0014275 secs] [Times: user=0.00 sys=0.00, real=0.00 secs] 
290.875: [GC (Allocation Failure) [PSYoungGen: 83104K->1408K(83968K)] 324607K->242911K(757760K), 0.0021671 secs] [Times: user=0.01 sys=0.00, real=0.00 secs] 
291.273: [GC (Allocation Failure) [PSYoungGen: 83840K->1376K(83968K)] 325343K->242879K(757760K), 0.0018134 secs] [Times: user=0.01 sys=0.00, real=0.00 secs] 
292.027: [GC (Allocation Failure) [PSYoungGen: 83296K->1408K(82944K)] 324799K->242911K(756736K), 0.0019658 secs] [Times: user=0.00 sys=0.00, real=0.01 secs] 
294.005: [GC (Allocation Failure) [PSYoungGen: 82816K->1456K(82944K)] 324319K->242959K(756736K), 0.0038292 secs] [Times: user=0.02 sys=0.01, real=0.01 secs] 
294.803: [GC (Allocation Failure) [PSYoungGen: 82352K->1408K(81920K)] 323855K->242911K(755712K), 0.0020456 secs] [Times: user=0.01 sys=0.00, real=0.00 secs] 
295.185: [GC (Allocation Failure) [PSYoungGen: 81792K->1408K(81920K)] 323295K->242919K(755712K), 0.0023811 secs] [Times: user=0.01 sys=0.00, real=0.00 secs] 
295.654: [GC (Allocation Failure) [PSYoungGen: 81223K->288K(79872K)] 322734K->241799K(753664K), 0.0019994 secs] [Times: user=0.00 sys=0.00, real=0.00 secs] 
297.628: [GC (Allocation Failure) [PSYoungGen: 79648K->1408K(80896K)] 321159K->242919K(754688K), 0.0022084 secs] [Times: user=0.01 sys=0.00, real=0.01 secs] 
297.944: [GC (Allocation Failure) [PSYoungGen: 80256K->1408K(79872K)] 321767K->242927K(753664K), 0.0018574 secs] [Times: user=0.00 sys=0.00, real=0.00 secs] 
298.326: [GC (Allocation Failure) [PSYoungGen: 79744K->1344K(79872K)] 321263K->242863K(753664K), 0.0018307 secs] [Times: user=0.01 sys=0.00, real=0.00 secs] 
299.735: [GC (Allocation Failure) [PSYoungGen: 79168K->2464K(79872K)] 320687K->247055K(753664K), 0.0021225 secs] [Times: user=0.01 sys=0.00, real=0.00 secs] 
300.069: [GC (Allocation Failure) [PSYoungGen: 79776K->384K(78336K)] 324367K->244975K(752128K), 0.0022374 secs] [Times: user=0.01 sys=0.00, real=0.01 secs] 
300.389: [GC (Allocation Failure) [PSYoungGen: 77184K->352K(76800K)] 321775K->244951K(750592K), 0.0021093 secs] [Times: user=0.01 sys=0.00, real=0.01 secs] 
300.872: [GC (Allocation Failure) [PSYoungGen: 76640K->384K(77824K)] 321239K->244983K(751616K), 0.0024228 secs] [Times: user=0.01 sys=0.00, real=0.00 secs] 
302.441: [GC (Allocation Failure) [PSYoungGen: 76160K->1472K(76800K)] 320759K->246071K(750592K), 0.0024949 secs] [Times: user=0.01 sys=0.01, real=0.00 secs] 
303.223: [GC (Allocation Failure) [PSYoungGen: 76736K->1408K(76800K)] 321335K->246007K(750592K), 0.0025115 secs] [Times: user=0.01 sys=0.00, real=0.00 secs] 
303.952: [GC (Allocation Failure) [PSYoungGen: 76160K->1344K(75776K)] 320759K->245943K(749568K), 0.0026275 secs] [Times: user=0.01 sys=0.01, real=0.00 secs] 
304.596: [GC (Allocation Failure) [PSYoungGen: 75584K->1408K(75776K)] 320183K->246007K(749568K), 0.0025436 secs] [Times: user=0.01 sys=0.00, real=0.00 secs] 
305.831: [GC (Allocation Failure) [PSYoungGen: 75136K->1408K(74752K)] 319735K->246015K(748544K), 0.0017839 secs] [Times: user=0.00 sys=0.00, real=0.00 secs] 
306.135: [GC (Allocation Failure) [PSYoungGen: 74624K->1376K(74752K)] 319231K->245983K(748544K), 0.0019504 secs] [Times: user=0.01 sys=0.00, real=0.00 secs] 
306.573: [GC (Allocation Failure) [PSYoungGen: 74080K->1376K(73728K)] 318687K->245983K(747520K), 0.0019091 secs] [Times: user=0.01 sys=0.00, real=0.00 secs] 
307.141: [GC (Allocation Failure) [PSYoungGen: 73568K->1392K(73728K)] 318175K->245999K(747520K), 0.0018983 secs] [Times: user=0.01 sys=0.00, real=0.00 secs] 
308.701: [GC (Allocation Failure) [PSYoungGen: 73072K->1440K(72704K)] 317679K->246055K(746496K), 0.0033373 secs] [Times: user=0.01 sys=0.00, real=0.00 secs] 
309.335: [GC (Allocation Failure) [PSYoungGen: 72608K->1424K(72704K)] 317223K->246039K(746496K), 0.0025288 secs] [Times: user=0.01 sys=0.00, real=0.00 secs] 
310.167: [GC (Allocation Failure) [PSYoungGen: 72080K->1408K(71680K)] 316695K->246023K(745472K), 0.0023984 secs] [Times: user=0.00 sys=0.01, real=0.01 secs] 
311.052: [GC (Allocation Failure) [PSYoungGen: 71552K->1408K(71168K)] 316167K->246031K(744960K), 0.0029244 secs] [Times: user=0.01 sys=0.00, real=0.00 secs] 
313.515: [GC (Allocation Failure) [PSYoungGen: 71040K->1408K(70656K)] 315663K->246031K(744448K), 0.0060274 secs] [Times: user=0.02 sys=0.00, real=0.01 secs] 
314.613: [GC (Allocation Failure) [PSYoungGen: 70528K->1392K(70144K)] 315151K->246015K(743936K), 0.0036403 secs] [Times: user=0.01 sys=0.00, real=0.00 secs] 
315.906: [GC (Allocation Failure) [PSYoungGen: 70000K->1408K(69632K)] 314623K->246031K(743424K), 0.0036388 secs] [Times: user=0.01 sys=0.00, real=0.01 secs] 
316.756: [GC (Allocation Failure) [PSYoungGen: 69504K->1376K(69120K)] 314127K->245999K(742912K), 0.0025116 secs] [Times: user=0.01 sys=0.00, real=0.00 secs] 
318.168: [GC (Allocation Failure) [PSYoungGen: 68960K->1440K(68608K)] 313583K->246063K(742400K), 0.0017793 secs] [Times: user=0.01 sys=0.00, real=0.01 secs] 
318.995: [GC (Allocation Failure) [PSYoungGen: 68512K->1376K(69120K)] 313135K->246007K(742912K), 0.0036591 secs] [Times: user=0.01 sys=0.00, real=0.00 secs] 
319.874: [GC (Allocation Failure) [PSYoungGen: 68448K->1376K(69120K)] 313079K->246007K(742912K), 0.0027438 secs] [Times: user=0.01 sys=0.00, real=0.00 secs] 
320.492: [GC (Allocation Failure) [PSYoungGen: 68448K->1376K(69120K)] 313079K->246007K(742912K), 0.0024306 secs] [Times: user=0.01 sys=0.00, real=0.00 secs] 
321.823: [GC (Allocation Failure) [PSYoungGen: 68448K->1488K(69120K)] 313079K->250215K(742912K), 0.0017515 secs] [Times: user=0.01 sys=0.00, real=0.00 secs] 
322.389: [GC (Allocation Failure) [PSYoungGen: 68560K->1408K(69120K)] 317287K->250135K(742912K), 0.0016984 secs] [Times: user=0.00 sys=0.00, real=0.00 secs] 
322.905: [GC (Allocation Failure) [PSYoungGen: 68480K->1376K(69120K)] 317207K->250103K(742912K), 0.0017725 secs] [Times: user=0.01 sys=0.00, real=0.00 secs] 
323.463: [GC (Allocation Failure) [PSYoungGen: 68448K->1408K(69120K)] 317175K->250135K(742912K), 0.0020613 secs] [Times: user=0.00 sys=0.00, real=0.00 secs] 
324.744: [GC (Allocation Failure) [PSYoungGen: 68480K->1376K(69120K)] 317207K->251135K(742912K), 0.0017330 secs] [Times: user=0.01 sys=0.00, real=0.00 secs] 
325.391: [GC (Allocation Failure) [PSYoungGen: 68448K->448K(69120K)] 318207K->250207K(742912K), 0.0017200 secs] [Times: user=0.01 sys=0.00, real=0.00 secs] 
326.120: [GC (Allocation Failure) [PSYoungGen: 67520K->384K(69120K)] 317279K->250143K(742912K), 0.0027503 secs] [Times: user=0.01 sys=0.00, real=0.00 secs] 
326.628: [GC (Allocation Failure) [PSYoungGen: 67456K->384K(69120K)] 317215K->250143K(742912K), 0.0028605 secs] [Times: user=0.01 sys=0.00, real=0.01 secs] 
327.157: [GC (Allocation Failure) [PSYoungGen: 67456K->384K(69120K)] 317215K->250151K(742912K), 0.0024015 secs] [Times: user=0.01 sys=0.00, real=0.01 secs] 
328.184: [GC (Allocation Failure) [PSYoungGen: 67456K->1440K(69120K)] 317223K->251207K(742912K), 0.0015537 secs] [Times: user=0.01 sys=0.00, real=0.00 secs] 
328.462: [GC (Allocation Failure) [PSYoungGen: 68512K->1408K(69120K)] 318279K->251175K(742912K), 0.0016446 secs] [Times: user=0.01 sys=0.00, real=0.00 secs] 
328.745: [GC (Allocation Failure) [PSYoungGen: 68480K->1408K(69632K)] 318247K->251175K(743424K), 0.0020434 secs] [Times: user=0.01 sys=0.00, real=0.00 secs] 
329.103: [GC (Allocation Failure) [PSYoungGen: 68480K->1440K(69632K)] 318247K->251207K(743424K), 0.0024098 secs] [Times: user=0.01 sys=0.00, real=0.00 secs] 
330.764: [GC (Allocation Failure) [PSYoungGen: 68512K->1440K(69632K)] 318279K->251215K(743424K), 0.0021684 secs] [Times: user=0.01 sys=0.00, real=0.00 secs] 
331.069: [GC (Allocation Failure) [PSYoungGen: 68512K->1376K(69632K)] 318287K->251151K(743424K), 0.0018553 secs] [Times: user=0.00 sys=0.00, real=0.01 secs] 
331.347: [GC (Allocation Failure) [PSYoungGen: 68448K->1408K(69632K)] 318223K->251183K(743424K), 0.0017516 secs] [Times: user=0.01 sys=0.00, real=0.01 secs] 
331.674: [GC (Allocation Failure) [PSYoungGen: 68480K->1408K(68608K)] 318255K->251191K(742400K), 0.0016023 secs] [Times: user=0.01 sys=0.00, real=0.00 secs] 
332.685: [GC (Allocation Failure) [PSYoungGen: 68480K->1440K(69120K)] 318263K->251223K(742912K), 0.0016153 secs] [Times: user=0.01 sys=0.00, real=0.00 secs] 
332.999: [GC (Allocation Failure) [PSYoungGen: 68512K->1376K(69120K)] 318295K->251159K(742912K), 0.0017507 secs] [Times: user=0.01 sys=0.01, real=0.00 secs] 
333.320: [GC (Allocation Failure) [PSYoungGen: 68448K->1408K(69120K)] 318231K->251223K(742912K), 0.0019132 secs] [Times: user=0.01 sys=0.00, real=0.00 secs] 
333.628: [GC (Allocation Failure) [PSYoungGen: 68480K->1376K(69120K)] 318295K->251191K(742912K), 0.0018954 secs] [Times: user=0.01 sys=0.00, real=0.01 secs] 
334.643: [GC (Allocation Failure) [PSYoungGen: 68448K->1424K(69120K)] 318263K->251239K(742912K), 0.0014971 secs] [Times: user=0.01 sys=0.00, real=0.00 secs] 
334.969: [GC (Allocation Failure) [PSYoungGen: 68496K->1344K(69120K)] 318311K->251159K(742912K), 0.0015178 secs] [Times: user=0.01 sys=0.00, real=0.01 secs] 
335.246: [GC (Allocation Failure) [PSYoungGen: 68416K->1376K(69120K)] 318231K->251191K(742912K), 0.0016184 secs] [Times: user=0.00 sys=0.00, real=0.00 secs] 
335.545: [GC (Allocation Failure) [PSYoungGen: 68448K->1408K(69120K)] 318263K->251231K(742912K), 0.0016637 secs] [Times: user=0.00 sys=0.00, real=0.00 secs] 
336.551: [GC (Allocation Failure) [PSYoungGen: 68211K->1952K(69120K)] 318035K->251775K(742912K), 0.0016591 secs] [Times: user=0.00 sys=0.00, real=0.00 secs] 
336.882: [GC (Allocation Failure) [PSYoungGen: 69024K->1376K(69120K)] 318847K->251199K(742912K), 0.0016603 secs] [Times: user=0.01 sys=0.01, real=0.00 secs] 
337.236: [GC (Allocation Failure) [PSYoungGen: 68448K->1376K(69120K)] 318271K->251199K(742912K), 0.0018734 secs] [Times: user=0.00 sys=0.00, real=0.00 secs] 
337.784: [GC (Allocation Failure) [PSYoungGen: 68448K->1408K(69120K)] 318271K->251247K(742912K), 0.0019136 secs] [Times: user=0.01 sys=0.00, real=0.00 secs] 
338.270: [GC (Allocation Failure) [PSYoungGen: 68480K->1408K(69120K)] 318319K->251247K(742912K), 0.0020303 secs] [Times: user=0.01 sys=0.00, real=0.00 secs] 
339.732: [GC (Allocation Failure) [PSYoungGen: 68480K->1408K(69120K)] 318319K->251255K(742912K), 0.0028280 secs] [Times: user=0.01 sys=0.00, real=0.00 secs] 
340.284: [GC (Allocation Failure) [PSYoungGen: 68480K->1376K(69120K)] 318327K->251223K(742912K), 0.0024302 secs] [Times: user=0.01 sys=0.00, real=0.00 secs] 
340.559: [GC (Allocation Failure) [PSYoungGen: 68448K->1408K(69120K)] 318295K->251255K(742912K), 0.0016629 secs] [Times: user=0.01 sys=0.00, real=0.01 secs] 
340.837: [GC (Allocation Failure) [PSYoungGen: 68480K->1408K(69120K)] 318327K->251255K(742912K), 0.0017268 secs] [Times: user=0.01 sys=0.00, real=0.00 secs] 
342.060: [GC (Allocation Failure) [PSYoungGen: 68480K->1408K(69120K)] 318327K->251255K(742912K), 0.0018544 secs] [Times: user=0.01 sys=0.00, real=0.00 secs] 
342.654: [GC (Allocation Failure) [PSYoungGen: 68480K->1376K(69120K)] 318327K->251223K(742912K), 0.0021527 secs] [Times: user=0.00 sys=0.00, real=0.00 secs] 
342.933: [GC (Allocation Failure) [PSYoungGen: 68448K->1376K(69120K)] 318295K->251247K(742912K), 0.0017514 secs] [Times: user=0.01 sys=0.00, real=0.00 secs] 
343.241: [GC (Allocation Failure) [PSYoungGen: 68448K->1408K(69120K)] 318319K->251279K(742912K), 0.0016953 secs] [Times: user=0.01 sys=0.00, real=0.00 secs] 
344.524: [GC (Allocation Failure) [PSYoungGen: 68480K->1408K(69120K)] 318351K->251279K(742912K), 0.0016719 secs] [Times: user=0.01 sys=0.00, real=0.00 secs] 
345.147: [GC (Allocation Failure) [PSYoungGen: 68480K->1408K(69120K)] 318351K->251279K(742912K), 0.0025038 secs] [Times: user=0.01 sys=0.00, real=0.01 secs] 
345.507: [GC (Allocation Failure) [PSYoungGen: 68480K->1376K(69120K)] 318351K->251263K(742912K), 0.0020408 secs] [Times: user=0.01 sys=0.00, real=0.00 secs] 
345.792: [GC (Allocation Failure) [PSYoungGen: 68448K->1376K(69120K)] 318335K->251263K(742912K), 0.0018750 secs] [Times: user=0.01 sys=0.00, real=0.00 secs] 
346.846: [GC (Allocation Failure) [PSYoungGen: 68448K->1440K(69120K)] 318335K->253375K(742912K), 0.0017325 secs] [Times: user=0.01 sys=0.00, real=0.00 secs] 
347.596: [GC (Allocation Failure) [PSYoungGen: 68512K->1376K(68608K)] 320447K->253311K(742400K), 0.0021181 secs] [Times: user=0.01 sys=0.00, real=0.00 secs] 
348.148: [GC (Allocation Failure) [PSYoungGen: 68448K->1376K(68608K)] 320383K->253311K(742400K), 0.0022627 secs] [Times: user=0.01 sys=0.00, real=0.01 secs] 
348.536: [GC (Allocation Failure) [PSYoungGen: 68448K->384K(68096K)] 320383K->253367K(741888K), 0.0019002 secs] [Times: user=0.01 sys=0.00, real=0.00 secs] 
348.815: [GC (Allocation Failure) [PSYoungGen: 67456K->384K(69120K)] 320439K->253367K(742912K), 0.0017062 secs] [Times: user=0.01 sys=0.00, real=0.00 secs] 
349.804: [GC (Allocation Failure) [PSYoungGen: 67456K->1408K(69120K)] 320439K->254399K(742912K), 0.0018456 secs] [Times: user=0.01 sys=0.00, real=0.00 secs] 
350.315: [GC (Allocation Failure) [PSYoungGen: 68480K->1408K(69120K)] 321471K->254399K(742912K), 0.0016294 secs] [Times: user=0.01 sys=0.00, real=0.00 secs] 
350.860: [GC (Allocation Failure) [PSYoungGen: 68480K->1408K(69120K)] 321471K->254407K(742912K), 0.0025655 secs] [Times: user=0.01 sys=0.00, real=0.00 secs] 
351.435: [GC (Allocation Failure) [PSYoungGen: 68480K->1408K(69120K)] 321479K->254407K(742912K), 0.0021045 secs] [Times: user=0.01 sys=0.00, real=0.00 secs] 
352.798: [GC (Allocation Failure) [PSYoungGen: 68480K->1472K(69120K)] 321479K->254471K(742912K), 0.0027913 secs] [Times: user=0.01 sys=0.00, real=0.01 secs] 
353.509: [GC (Allocation Failure) [PSYoungGen: 68544K->1440K(69120K)] 321543K->254439K(742912K), 0.0028149 secs] [Times: user=0.01 sys=0.00, real=0.00 secs] 
354.003: [GC (Allocation Failure) [PSYoungGen: 68512K->1440K(69120K)] 321511K->254447K(742912K), 0.0025153 secs] [Times: user=0.01 sys=0.00, real=0.00 secs] 
354.575: [GC (Allocation Failure) [PSYoungGen: 68512K->1440K(69120K)] 321519K->254447K(742912K), 0.0023435 secs] [Times: user=0.01 sys=0.00, real=0.00 secs] 
356.453: [GC (Allocation Failure) [PSYoungGen: 68512K->1472K(69120K)] 321519K->254479K(742912K), 0.0025454 secs] [Times: user=0.01 sys=0.00, real=0.00 secs] 
357.050: [GC (Allocation Failure) [PSYoungGen: 68544K->1408K(69120K)] 321551K->254415K(742912K), 0.0023825 secs] [Times: user=0.01 sys=0.00, real=0.00 secs] 
357.659: [GC (Allocation Failure) [PSYoungGen: 68480K->1408K(69120K)] 321487K->254415K(742912K), 0.0024875 secs] [Times: user=0.01 sys=0.00, real=0.00 secs] 
358.178: [GC (Allocation Failure) [PSYoungGen: 68480K->1424K(69120K)] 321487K->254439K(742912K), 0.0020700 secs] [Times: user=0.00 sys=0.00, real=0.01 secs] 
359.392: [GC (Allocation Failure) [PSYoungGen: 68496K->1472K(69120K)] 321511K->254495K(742912K), 0.0015540 secs] [Times: user=0.01 sys=0.00, real=0.00 secs] 
359.675: [GC (Allocation Failure) [PSYoungGen: 68544K->1408K(69120K)] 321567K->254431K(742912K), 0.0014940 secs] [Times: user=0.00 sys=0.00, real=0.00 secs] 
360.035: [GC (Allocation Failure) [PSYoungGen: 68480K->1408K(69120K)] 321503K->254431K(742912K), 0.0016397 secs] [Times: user=0.00 sys=0.00, real=0.00 secs] 
360.499: [GC (Allocation Failure) [PSYoungGen: 68480K->1440K(69120K)] 321503K->254471K(742912K), 0.0018065 secs] [Times: user=0.01 sys=0.00, real=0.00 secs] 
361.801: [GC (Allocation Failure) [PSYoungGen: 68512K->1952K(69120K)] 321543K->255503K(742912K), 0.0017857 secs] [Times: user=0.01 sys=0.00, real=0.00 secs] 
362.246: [GC (Allocation Failure) [PSYoungGen: 69024K->1440K(69120K)] 322575K->254991K(742912K), 0.0016619 secs] [Times: user=0.01 sys=0.00, real=0.00 secs] 
362.543: [GC (Allocation Failure) [PSYoungGen: 68512K->1376K(69120K)] 322063K->254927K(742912K), 0.0016920 secs] [Times: user=0.01 sys=0.00, real=0.00 secs] 
362.917: [GC (Allocation Failure) [PSYoungGen: 68448K->1376K(69120K)] 321999K->254943K(742912K), 0.0015999 secs] [Times: user=0.00 sys=0.00, real=0.00 secs] 
363.440: [GC (Allocation Failure) [PSYoungGen: 68448K->1376K(69120K)] 322015K->254943K(742912K), 0.0016620 secs] [Times: user=0.01 sys=0.00, real=0.00 secs] 
364.866: [GC (Allocation Failure) [PSYoungGen: 68448K->1376K(69120K)] 322015K->254951K(742912K), 0.0028338 secs] [Times: user=0.01 sys=0.01, real=0.00 secs] 
365.407: [GC (Allocation Failure) [PSYoungGen: 68448K->1376K(69120K)] 322023K->254951K(742912K), 0.0023373 secs] [Times: user=0.01 sys=0.00, real=0.01 secs] 
366.155: [GC (Allocation Failure) [PSYoungGen: 68448K->1360K(69120K)] 322023K->254951K(742912K), 0.0071277 secs] [Times: user=0.03 sys=0.00, real=0.01 secs] 
366.826: [GC (Allocation Failure) [PSYoungGen: 68432K->1408K(69120K)] 322023K->254999K(742912K), 0.0030303 secs] [Times: user=0.01 sys=0.00, real=0.01 secs] 
368.057: [GC (Allocation Failure) [PSYoungGen: 68480K->1392K(69120K)] 322071K->254983K(742912K), 0.0024450 secs] [Times: user=0.01 sys=0.00, real=0.01 secs] 
368.336: [GC (Allocation Failure) [PSYoungGen: 68464K->1408K(69120K)] 322055K->254999K(742912K), 0.0019611 secs] [Times: user=0.01 sys=0.00, real=0.00 secs] 
368.615: [GC (Allocation Failure) [PSYoungGen: 68480K->1376K(69120K)] 322071K->254991K(742912K), 0.0019989 secs] [Times: user=0.01 sys=0.00, real=0.00 secs] 
368.893: [GC (Allocation Failure) [PSYoungGen: 68448K->1344K(69120K)] 322063K->254959K(742912K), 0.0017342 secs] [Times: user=0.00 sys=0.00, real=0.00 secs] 
369.872: [GC (Allocation Failure) [PSYoungGen: 68416K->1376K(69120K)] 322031K->254999K(742912K), 0.0017382 secs] [Times: user=0.00 sys=0.00, real=0.00 secs] 
370.150: [GC (Allocation Failure) [PSYoungGen: 68448K->1344K(69120K)] 322071K->254967K(742912K), 0.0016131 secs] [Times: user=0.01 sys=0.00, real=0.00 secs] 
370.429: [GC (Allocation Failure) [PSYoungGen: 68416K->1344K(69120K)] 322039K->254975K(742912K), 0.0015300 secs] [Times: user=0.00 sys=0.00, real=0.00 secs] 
370.707: [GC (Allocation Failure) [PSYoungGen: 68416K->1376K(69120K)] 322047K->255007K(742912K), 0.0017077 secs] [Times: user=0.01 sys=0.00, real=0.00 secs] 
371.938: [GC (Allocation Failure) [PSYoungGen: 68448K->1376K(68608K)] 322079K->255007K(742400K), 0.0020003 secs] [Times: user=0.01 sys=0.00, real=0.01 secs] 
372.297: [GC (Allocation Failure) [PSYoungGen: 68448K->1392K(68608K)] 322079K->255023K(742400K), 0.0018557 secs] [Times: user=0.00 sys=0.00, real=0.00 secs] 
372.818: [GC (Allocation Failure) [PSYoungGen: 68464K->1376K(68608K)] 322095K->255007K(742400K), 0.0018872 secs] [Times: user=0.01 sys=0.00, real=0.01 secs] 
373.470: [GC (Allocation Failure) [PSYoungGen: 68448K->1408K(68608K)] 322079K->255063K(742400K), 0.0021789 secs] [Times: user=0.01 sys=0.00, real=0.00 secs] 
374.998: [GC (Allocation Failure) [PSYoungGen: 68480K->640K(68608K)] 322135K->255319K(742400K), 0.0016614 secs] [Times: user=0.01 sys=0.00, real=0.01 secs] 
375.978: [GC (Allocation Failure) [PSYoungGen: 67712K->352K(69120K)] 322391K->255031K(742912K), 0.0021004 secs] [Times: user=0.00 sys=0.00, real=0.01 secs] 
376.838: [GC (Allocation Failure) [PSYoungGen: 67424K->352K(69120K)] 322103K->255031K(742912K), 0.0023860 secs] [Times: user=0.01 sys=0.00, real=0.01 secs] 
377.564: [GC (Allocation Failure) [PSYoungGen: 67424K->320K(69120K)] 322103K->255007K(742912K), 0.0027210 secs] [Times: user=0.01 sys=0.00, real=0.00 secs] 
378.390: [GC (Allocation Failure) [PSYoungGen: 67392K->352K(69120K)] 322079K->255047K(742912K), 0.0028850 secs] [Times: user=0.01 sys=0.00, real=0.00 secs] 
379.524: [GC (Allocation Failure) [PSYoungGen: 67424K->1408K(69120K)] 322119K->256103K(742912K), 0.0015689 secs] [Times: user=0.01 sys=0.00, real=0.00 secs] 
380.076: [GC (Allocation Failure) [PSYoungGen: 68480K->1376K(69120K)] 323175K->256071K(742912K), 0.0021547 secs] [Times: user=0.01 sys=0.00, real=0.00 secs] 
380.603: [GC (Allocation Failure) [PSYoungGen: 68448K->1376K(68608K)] 323143K->256087K(742400K), 0.0025337 secs] [Times: user=0.01 sys=0.00, real=0.00 secs] 
381.243: [GC (Allocation Failure) [PSYoungGen: 67936K->1360K(69120K)] 322647K->256071K(742912K), 0.0025637 secs] [Times: user=0.01 sys=0.00, real=0.00 secs] 
382.609: [GC (Allocation Failure) [PSYoungGen: 67920K->1408K(69120K)] 322631K->256119K(742912K), 0.0015189 secs] [Times: user=0.00 sys=0.00, real=0.00 secs] 
383.159: [GC (Allocation Failure) [PSYoungGen: 67968K->1344K(69120K)] 322679K->256055K(742912K), 0.0026868 secs] [Times: user=0.01 sys=0.00, real=0.00 secs] 
383.659: [GC (Allocation Failure) [PSYoungGen: 67904K->1344K(68096K)] 322615K->256055K(741888K), 0.0023283 secs] [Times: user=0.01 sys=0.00, real=0.00 secs] 
384.141: [GC (Allocation Failure) [PSYoungGen: 67904K->1344K(68608K)] 322615K->256055K(742400K), 0.0021771 secs] [Times: user=0.01 sys=0.00, real=0.00 secs] 
386.625: [GC (Allocation Failure) [PSYoungGen: 67904K->1376K(68608K)] 322615K->256087K(742400K), 0.0057570 secs] [Times: user=0.02 sys=0.00, real=0.01 secs] 
387.279: [GC (Allocation Failure) [PSYoungGen: 67936K->1376K(68608K)] 322647K->256087K(742400K), 0.0024543 secs] [Times: user=0.01 sys=0.00, real=0.00 secs] 
388.292: [GC (Allocation Failure) [PSYoungGen: 67936K->1328K(68608K)] 322647K->256055K(742400K), 0.0024906 secs] [Times: user=0.01 sys=0.00, real=0.00 secs] 
389.241: [GC (Allocation Failure) [PSYoungGen: 67888K->1376K(68608K)] 322615K->256103K(742400K), 0.0025051 secs] [Times: user=0.01 sys=0.00, real=0.00 secs] 
391.229: [GC (Allocation Failure) [PSYoungGen: 67936K->1392K(68608K)] 322663K->256119K(742400K), 0.0036207 secs] [Times: user=0.02 sys=0.00, real=0.01 secs] 
392.034: [GC (Allocation Failure) [PSYoungGen: 67952K->1408K(68608K)] 322679K->256135K(742400K), 0.0027426 secs] [Times: user=0.01 sys=0.00, real=0.00 secs] 
392.710: [GC (Allocation Failure) [PSYoungGen: 67968K->1408K(68608K)] 322695K->256135K(742400K), 0.0036423 secs] [Times: user=0.01 sys=0.00, real=0.00 secs] 
393.335: [GC (Allocation Failure) [PSYoungGen: 67968K->1344K(68608K)] 322695K->256071K(742400K), 0.0024845 secs] [Times: user=0.01 sys=0.00, real=0.00 secs] 
393.907: [GC (Allocation Failure) [PSYoungGen: 67904K->1328K(68608K)] 322631K->256055K(742400K), 0.0024918 secs] [Times: user=0.01 sys=0.00, real=0.01 secs] 
395.318: [GC (Allocation Failure) [PSYoungGen: 67888K->1376K(68608K)] 322615K->256111K(742400K), 0.0025701 secs] [Times: user=0.01 sys=0.00, real=0.01 secs] 
395.750: [GC (Allocation Failure) [PSYoungGen: 67936K->1376K(68608K)] 322671K->256111K(742400K), 0.0019465 secs] [Times: user=0.01 sys=0.00, real=0.00 secs] 
396.065: [GC (Allocation Failure) [PSYoungGen: 67936K->1376K(68608K)] 322671K->256111K(742400K), 0.0019650 secs] [Times: user=0.00 sys=0.00, real=0.00 secs] 
396.369: [GC (Allocation Failure) [PSYoungGen: 67936K->1312K(68608K)] 322671K->256047K(742400K), 0.0017887 secs] [Times: user=0.00 sys=0.00, real=0.00 secs] 
398.707: [GC (Allocation Failure) [PSYoungGen: 67872K->1376K(68608K)] 322607K->256111K(742400K), 0.0035404 secs] [Times: user=0.01 sys=0.00, real=0.01 secs] 
399.610: [GC (Allocation Failure) [PSYoungGen: 67936K->1376K(68608K)] 322671K->256119K(742400K), 0.0035765 secs] [Times: user=0.01 sys=0.00, real=0.00 secs] 
400.278: [GC (Allocation Failure) [PSYoungGen: 67936K->1344K(68608K)] 322679K->256103K(742400K), 0.0027880 secs] [Times: user=0.01 sys=0.00, real=0.01 secs] 
400.784: [GC (Allocation Failure) [PSYoungGen: 67904K->1408K(68608K)] 322663K->256167K(742400K), 0.0025670 secs] [Times: user=0.01 sys=0.00, real=0.00 secs] 
401.985: [GC (Allocation Failure) [PSYoungGen: 67968K->1440K(68608K)] 322727K->256199K(742400K), 0.0016225 secs] [Times: user=0.01 sys=0.00, real=0.00 secs] 
402.658: [GC (Allocation Failure) [PSYoungGen: 68000K->1408K(68608K)] 322759K->256167K(742400K), 0.0063897 secs] [Times: user=0.03 sys=0.00, real=0.01 secs] 
403.314: [GC (Allocation Failure) [PSYoungGen: 67968K->1376K(68608K)] 322727K->256135K(742400K), 0.0024387 secs] [Times: user=0.01 sys=0.01, real=0.00 secs] 
403.727: [GC (Allocation Failure) [PSYoungGen: 67936K->1376K(68608K)] 322695K->256135K(742400K), 0.0021305 secs] [Times: user=0.00 sys=0.00, real=0.01 secs] 
405.285: [GC (Allocation Failure) [PSYoungGen: 67936K->1408K(68608K)] 322695K->256175K(742400K), 0.0027790 secs] [Times: user=0.01 sys=0.00, real=0.00 secs] 
406.445: [GC (Allocation Failure) [PSYoungGen: 67968K->1424K(68608K)] 322735K->256191K(742400K), 0.0029646 secs] [Times: user=0.01 sys=0.00, real=0.00 secs] 
406.933: [GC (Allocation Failure) [PSYoungGen: 67984K->1408K(68608K)] 322751K->256183K(742400K), 0.0027243 secs] [Times: user=0.01 sys=0.00, real=0.00 secs] 
407.466: [GC (Allocation Failure) [PSYoungGen: 67968K->1376K(68608K)] 322743K->256159K(742400K), 0.0021426 secs] [Times: user=0.01 sys=0.00, real=0.00 secs] 
408.083: [GC (Allocation Failure) [PSYoungGen: 67936K->1344K(68608K)] 322719K->256127K(742400K), 0.0030605 secs] [Times: user=0.01 sys=0.00, real=0.00 secs] 
409.809: [GC (Allocation Failure) [PSYoungGen: 67904K->1408K(68608K)] 322687K->256191K(742400K), 0.0024314 secs] [Times: user=0.01 sys=0.00, real=0.00 secs] 
410.084: [GC (Allocation Failure) [PSYoungGen: 67968K->1408K(68096K)] 322751K->256191K(741888K), 0.0020017 secs] [Times: user=0.01 sys=0.00, real=0.00 secs] 
410.441: [GC (Allocation Failure) [PSYoungGen: 67968K->1408K(68096K)] 322751K->256191K(741888K), 0.0017143 secs] [Times: user=0.00 sys=0.00, real=0.00 secs] 
411.024: [GC (Allocation Failure) [PSYoungGen: 67968K->1344K(68096K)] 322751K->256127K(741888K), 0.0027655 secs] [Times: user=0.02 sys=0.00, real=0.00 secs] 
412.607: [GC (Allocation Failure) [PSYoungGen: 67904K->1440K(68096K)] 322687K->256231K(741888K), 0.0019648 secs] [Times: user=0.01 sys=0.00, real=0.01 secs] 
412.941: [GC (Allocation Failure) [PSYoungGen: 68000K->1408K(68096K)] 322791K->256199K(741888K), 0.0019857 secs] [Times: user=0.01 sys=0.00, real=0.00 secs] 
413.218: [GC (Allocation Failure) [PSYoungGen: 67968K->1376K(68096K)] 322759K->256175K(741888K), 0.0020429 secs] [Times: user=0.01 sys=0.00, real=0.01 secs] 
413.518: [GC (Allocation Failure) [PSYoungGen: 67936K->1408K(68096K)] 322735K->256207K(741888K), 0.0017529 secs] [Times: user=0.01 sys=0.00, real=0.01 secs] 
414.558: [GC (Allocation Failure) [PSYoungGen: 67968K->1440K(68096K)] 322767K->256247K(741888K), 0.0016171 secs] [Times: user=0.01 sys=0.00, real=0.01 secs] 
414.834: [GC (Allocation Failure) [PSYoungGen: 68000K->1344K(68096K)] 322807K->256167K(741888K), 0.0018122 secs] [Times: user=0.01 sys=0.00, real=0.00 secs] 
415.120: [GC (Allocation Failure) [PSYoungGen: 67904K->1408K(68096K)] 322727K->256239K(741888K), 0.0017532 secs] [Times: user=0.00 sys=0.00, real=0.00 secs] 
415.411: [GC (Allocation Failure) [PSYoungGen: 67968K->1408K(68096K)] 322799K->256239K(741888K), 0.0016979 secs] [Times: user=0.01 sys=0.01, real=0.00 secs] 
416.520: [GC (Allocation Failure) [PSYoungGen: 67968K->1408K(68096K)] 322799K->256247K(741888K), 0.0016518 secs] [Times: user=0.00 sys=0.00, real=0.00 secs] 
417.104: [GC (Allocation Failure) [PSYoungGen: 67968K->1328K(68096K)] 322807K->256167K(741888K), 0.0018759 secs] [Times: user=0.00 sys=0.00, real=0.00 secs] 
417.598: [GC (Allocation Failure) [PSYoungGen: 67888K->1344K(68096K)] 322727K->256183K(741888K), 0.0018833 secs] [Times: user=0.00 sys=0.00, real=0.01 secs] 
418.178: [GC (Allocation Failure) [PSYoungGen: 67904K->1376K(68096K)] 322743K->256247K(741888K), 0.0018868 secs] [Times: user=0.01 sys=0.00, real=0.01 secs] 
418.765: [GC (Allocation Failure) [PSYoungGen: 67936K->1408K(68096K)] 322807K->256279K(741888K), 0.0018098 secs] [Times: user=0.01 sys=0.00, real=0.00 secs] 
421.648: [GC (Allocation Failure) [PSYoungGen: 67968K->1440K(68096K)] 322839K->256311K(741888K), 0.0034449 secs] [Times: user=0.01 sys=0.00, real=0.01 secs] 
422.191: [GC (Allocation Failure) [PSYoungGen: 68000K->1408K(68096K)] 322871K->256279K(741888K), 0.0023818 secs] [Times: user=0.01 sys=0.00, real=0.00 secs] 
422.858: [GC (Allocation Failure) [PSYoungGen: 67968K->1408K(68096K)] 322839K->256287K(741888K), 0.0023291 secs] [Times: user=0.01 sys=0.00, real=0.01 secs] 
423.658: [GC (Allocation Failure) [PSYoungGen: 67968K->1376K(68096K)] 322847K->256255K(741888K), 0.0023856 secs] [Times: user=0.00 sys=0.00, real=0.01 secs] 
425.033: [GC (Allocation Failure) [PSYoungGen: 67936K->1408K(68096K)] 322815K->256295K(741888K), 0.0016339 secs] [Times: user=0.01 sys=0.00, real=0.00 secs] 
425.310: [GC (Allocation Failure) [PSYoungGen: 67968K->1376K(68096K)] 322855K->256263K(741888K), 0.0016685 secs] [Times: user=0.01 sys=0.00, real=0.00 secs] 
425.607: [GC (Allocation Failure) [PSYoungGen: 67936K->1408K(68096K)] 322823K->256311K(741888K), 0.0016684 secs] [Times: user=0.01 sys=0.00, real=0.00 secs] 
426.013: [GC (Allocation Failure) [PSYoungGen: 67968K->1408K(68096K)] 322871K->256311K(741888K), 0.0017708 secs] [Times: user=0.01 sys=0.00, real=0.00 secs] 
427.220: [GC (Allocation Failure) [PSYoungGen: 67968K->1472K(68096K)] 322871K->256383K(741888K), 0.0015553 secs] [Times: user=0.00 sys=0.00, real=0.00 secs] 
427.784: [GC (Allocation Failure) [PSYoungGen: 68032K->1440K(68096K)] 322943K->256351K(741888K), 0.0020939 secs] [Times: user=0.01 sys=0.00, real=0.00 secs] 
428.222: [GC (Allocation Failure) [PSYoungGen: 68000K->1408K(68096K)] 322911K->256327K(741888K), 0.0025341 secs] [Times: user=0.01 sys=0.00, real=0.00 secs] 
428.668: [GC (Allocation Failure) [PSYoungGen: 67968K->1472K(68096K)] 322887K->256391K(741888K), 0.0023721 secs] [Times: user=0.01 sys=0.00, real=0.01 secs] 
429.899: [GC (Allocation Failure) [PSYoungGen: 68032K->1440K(68096K)] 322951K->256367K(741888K), 0.0017494 secs] [Times: user=0.01 sys=0.00, real=0.01 secs] 
430.657: [GC (Allocation Failure) [PSYoungGen: 68000K->1440K(68096K)] 322927K->256367K(741888K), 0.0018484 secs] [Times: user=0.01 sys=0.00, real=0.00 secs] 
431.255: [GC (Allocation Failure) [PSYoungGen: 68000K->1440K(68096K)] 322927K->256367K(741888K), 0.0021156 secs] [Times: user=0.01 sys=0.00, real=0.00 secs] 
431.821: [GC (Allocation Failure) [PSYoungGen: 68000K->1408K(68096K)] 322927K->256335K(741888K), 0.0031944 secs] [Times: user=0.01 sys=0.00, real=0.00 secs] 
432.452: [GC (Allocation Failure) [PSYoungGen: 67963K->272K(68096K)] 322890K->255199K(741888K), 0.0023462 secs] [Times: user=0.01 sys=0.00, real=0.00 secs] 
433.470: [GC (Allocation Failure) [PSYoungGen: 66832K->1440K(68608K)] 321759K->256367K(742400K), 0.0016079 secs] [Times: user=0.01 sys=0.00, real=0.00 secs] 
433.743: [GC (Allocation Failure) [PSYoungGen: 68000K->1440K(68608K)] 322927K->256367K(742400K), 0.0016175 secs] [Times: user=0.00 sys=0.00, real=0.00 secs] 
434.051: [GC (Allocation Failure) [PSYoungGen: 68000K->1408K(68608K)] 322927K->256359K(742400K), 0.0015765 secs] [Times: user=0.01 sys=0.00, real=0.00 secs] 
434.388: [GC (Allocation Failure) [PSYoungGen: 67968K->1440K(68608K)] 322919K->256391K(742400K), 0.0017107 secs] [Times: user=0.01 sys=0.00, real=0.01 secs] 
435.546: [GC (Allocation Failure) [PSYoungGen: 68000K->1440K(68608K)] 322951K->256391K(742400K), 0.0016371 secs] [Times: user=0.01 sys=0.00, real=0.00 secs] 
436.147: [GC (Allocation Failure) [PSYoungGen: 68000K->1408K(68608K)] 322951K->256359K(742400K), 0.0028010 secs] [Times: user=0.01 sys=0.00, real=0.01 secs] 
436.704: [GC (Allocation Failure) [PSYoungGen: 67968K->1376K(68608K)] 322919K->256335K(742400K), 0.0023381 secs] [Times: user=0.01 sys=0.00, real=0.00 secs] 
437.375: [GC (Allocation Failure) [PSYoungGen: 67936K->1376K(68608K)] 322895K->256335K(742400K), 0.0021353 secs] [Times: user=0.01 sys=0.00, real=0.00 secs] 
439.046: [GC (Allocation Failure) [PSYoungGen: 67936K->1408K(68608K)] 322895K->256367K(742400K), 0.0024447 secs] [Times: user=0.01 sys=0.00, real=0.00 secs] 
439.322: [GC (Allocation Failure) [PSYoungGen: 67968K->1376K(68608K)] 322927K->256335K(742400K), 0.0018710 secs] [Times: user=0.01 sys=0.00, real=0.00 secs] 
439.599: [GC (Allocation Failure) [PSYoungGen: 67936K->1376K(68608K)] 322895K->256343K(742400K), 0.0017951 secs] [Times: user=0.01 sys=0.00, real=0.01 secs] 
439.954: [GC (Allocation Failure) [PSYoungGen: 67936K->1376K(68608K)] 322903K->256343K(742400K), 0.0018836 secs] [Times: user=0.01 sys=0.00, real=0.00 secs] 
440.904: [GC (Allocation Failure) [PSYoungGen: 67936K->1408K(68608K)] 322903K->256375K(742400K), 0.0015479 secs] [Times: user=0.00 sys=0.00, real=0.00 secs] 
441.181: [GC (Allocation Failure) [PSYoungGen: 67968K->1408K(68608K)] 322935K->256375K(742400K), 0.0014686 secs] [Times: user=0.01 sys=0.00, real=0.00 secs] 
441.457: [GC (Allocation Failure) [PSYoungGen: 67968K->1344K(68608K)] 322935K->256311K(742400K), 0.0014795 secs] [Times: user=0.00 sys=0.00, real=0.00 secs] 
441.754: [GC (Allocation Failure) [PSYoungGen: 67904K->1376K(68096K)] 322871K->256351K(741888K), 0.0016608 secs] [Times: user=0.00 sys=0.00, real=0.00 secs] 
442.900: [GC (Allocation Failure) [PSYoungGen: 67936K->352K(67584K)] 322911K->255351K(741376K), 0.0013011 secs] [Times: user=0.01 sys=0.00, real=0.00 secs] 
443.435: [GC (Allocation Failure) [PSYoungGen: 66400K->1408K(68096K)] 321399K->256407K(741888K), 0.0018378 secs] [Times: user=0.01 sys=0.00, real=0.00 secs] 
443.708: [GC (Allocation Failure) [PSYoungGen: 67456K->1408K(68096K)] 322455K->256415K(741888K), 0.0016184 secs] [Times: user=0.00 sys=0.00, real=0.01 secs] 
443.983: [GC (Allocation Failure) [PSYoungGen: 67456K->1376K(68096K)] 322463K->256383K(741888K), 0.0016132 secs] [Times: user=0.01 sys=0.00, real=0.00 secs] 
444.257: [GC (Allocation Failure) [PSYoungGen: 67424K->1376K(68096K)] 322431K->256383K(741888K), 0.0015742 secs] [Times: user=0.00 sys=0.00, real=0.00 secs] 
445.402: [GC (Allocation Failure) [PSYoungGen: 67424K->1408K(68096K)] 322431K->256415K(741888K), 0.0017471 secs] [Times: user=0.01 sys=0.01, real=0.00 secs] 
445.973: [GC (Allocation Failure) [PSYoungGen: 67456K->1376K(68096K)] 322463K->256383K(741888K), 0.0019546 secs] [Times: user=0.01 sys=0.00, real=0.00 secs] 
446.520: [GC (Allocation Failure) [PSYoungGen: 67424K->1376K(68096K)] 322431K->256383K(741888K), 0.0023751 secs] [Times: user=0.01 sys=0.00, real=0.00 secs] 
446.810: [GC (Allocation Failure) [PSYoungGen: 67424K->1376K(68096K)] 322431K->256383K(741888K), 0.0017819 secs] [Times: user=0.01 sys=0.00, real=0.00 secs] 
448.289: [GC (Allocation Failure) [PSYoungGen: 67424K->1440K(68096K)] 322431K->256447K(741888K), 0.0027023 secs] [Times: user=0.01 sys=0.00, real=0.00 secs] 
448.986: [GC (Allocation Failure) [PSYoungGen: 67488K->1376K(68096K)] 322495K->256383K(741888K), 0.0021479 secs] [Times: user=0.01 sys=0.00, real=0.00 secs] 
449.269: [GC (Allocation Failure) [PSYoungGen: 67424K->1376K(68096K)] 322431K->256383K(741888K), 0.0017620 secs] [Times: user=0.01 sys=0.00, real=0.00 secs] 
449.564: [GC (Allocation Failure) [PSYoungGen: 67424K->1376K(68096K)] 322431K->256383K(741888K), 0.0019919 secs] [Times: user=0.01 sys=0.00, real=0.00 secs] 
450.575: [GC (Allocation Failure) [PSYoungGen: 67424K->1376K(68096K)] 322431K->256383K(741888K), 0.0016776 secs] [Times: user=0.01 sys=0.00, real=0.00 secs] 
451.088: [GC (Allocation Failure) [PSYoungGen: 67424K->1376K(68096K)] 322431K->256383K(741888K), 0.0019926 secs] [Times: user=0.01 sys=0.00, real=0.01 secs] 
451.658: [GC (Allocation Failure) [PSYoungGen: 67424K->1360K(67584K)] 322431K->256367K(741376K), 0.0022285 secs] [Times: user=0.01 sys=0.00, real=0.01 secs] 
452.292: [GC (Allocation Failure) [PSYoungGen: 67408K->1408K(67584K)] 322415K->256431K(741376K), 0.0030683 secs] [Times: user=0.02 sys=0.00, real=0.00 secs] 
452.980: [GC (Allocation Failure) [PSYoungGen: 67456K->1376K(67584K)] 322479K->256415K(741376K), 0.0023496 secs] [Times: user=0.01 sys=0.00, real=0.00 secs] 
454.635: [GC (Allocation Failure) [PSYoungGen: 67424K->1408K(67584K)] 322463K->256455K(741376K), 0.0019223 secs] [Times: user=0.00 sys=0.00, real=0.00 secs] 
455.461: [GC (Allocation Failure) [PSYoungGen: 67456K->1408K(67584K)] 322503K->256455K(741376K), 0.0021265 secs] [Times: user=0.01 sys=0.00, real=0.00 secs] 
456.406: [GC (Allocation Failure) [PSYoungGen: 67456K->1408K(67584K)] 322503K->256455K(741376K), 0.0024526 secs] [Times: user=0.01 sys=0.00, real=0.00 secs] 
457.517: [GC (Allocation Failure) [PSYoungGen: 67456K->1408K(67584K)] 322503K->256455K(741376K), 0.0027245 secs] [Times: user=0.01 sys=0.00, real=0.01 secs] 
459.415: [GC (Allocation Failure) [PSYoungGen: 67456K->1408K(67584K)] 322503K->256455K(741376K), 0.0021102 secs] [Times: user=0.01 sys=0.00, real=0.00 secs] 
460.555: [GC (Allocation Failure) [PSYoungGen: 67456K->1408K(67584K)] 322503K->256455K(741376K), 0.0021510 secs] [Times: user=0.01 sys=0.00, real=0.00 secs] 
461.803: [GC (Allocation Failure) [PSYoungGen: 67456K->1408K(67584K)] 322503K->256455K(741376K), 0.0031542 secs] [Times: user=0.02 sys=0.00, real=0.00 secs] 
462.630: [GC (Allocation Failure) [PSYoungGen: 67456K->1360K(67584K)] 322503K->256407K(741376K), 0.0025288 secs] [Times: user=0.01 sys=0.00, real=0.00 secs] 
464.060: [GC (Allocation Failure) [PSYoungGen: 67408K->1440K(67584K)] 322455K->256487K(741376K), 0.0016848 secs] [Times: user=0.00 sys=0.00, real=0.00 secs] 
464.335: [GC (Allocation Failure) [PSYoungGen: 67488K->1408K(67584K)] 322535K->256455K(741376K), 0.0016537 secs] [Times: user=0.01 sys=0.00, real=0.00 secs] 
464.737: [GC (Allocation Failure) [PSYoungGen: 67456K->1376K(67584K)] 322503K->256423K(741376K), 0.0015903 secs] [Times: user=0.00 sys=0.00, real=0.01 secs] 
465.284: [GC (Allocation Failure) [PSYoungGen: 67424K->1376K(67584K)] 322471K->256423K(741376K), 0.0016362 secs] [Times: user=0.00 sys=0.00, real=0.00 secs] 
467.103: [GC (Allocation Failure) [PSYoungGen: 67424K->1504K(67584K)] 322471K->256574K(741376K), 0.0023587 secs] [Times: user=0.01 sys=0.00, real=0.00 secs] 
467.746: [GC (Allocation Failure) [PSYoungGen: 67552K->1376K(67584K)] 322622K->256446K(741376K), 0.0026568 secs] [Times: user=0.00 sys=0.00, real=0.01 secs] 
468.272: [GC (Allocation Failure) [PSYoungGen: 67424K->1392K(67584K)] 322494K->256462K(741376K), 0.0024746 secs] [Times: user=0.01 sys=0.00, real=0.00 secs] 
469.145: [GC (Allocation Failure) [PSYoungGen: 67440K->1376K(67584K)] 322510K->256462K(741376K), 0.0024865 secs] [Times: user=0.01 sys=0.00, real=0.00 secs] 
469.971: [GC (Allocation Failure) [PSYoungGen: 67424K->1344K(67584K)] 322510K->256430K(741376K), 0.0035877 secs] [Times: user=0.02 sys=0.00, real=0.00 secs] 
471.535: [GC (Allocation Failure) [PSYoungGen: 67392K->1504K(67584K)] 322478K->256610K(741376K), 0.0032314 secs] [Times: user=0.02 sys=0.00, real=0.00 secs] 
472.484: [GC (Allocation Failure) [PSYoungGen: 67552K->1440K(68096K)] 322658K->256554K(741888K), 0.0028107 secs] [Times: user=0.01 sys=0.00, real=0.00 secs] 
473.404: [GC (Allocation Failure) [PSYoungGen: 67488K->1440K(68096K)] 322602K->256554K(741888K), 0.0041673 secs] [Times: user=0.02 sys=0.00, real=0.00 secs] 
474.180: [GC (Allocation Failure) [PSYoungGen: 67488K->1440K(67584K)] 322602K->256554K(741376K), 0.0027309 secs] [Times: user=0.01 sys=0.00, real=0.00 secs] 
475.460: [GC (Allocation Failure) [PSYoungGen: 67488K->1472K(67584K)] 322602K->256586K(741376K), 0.0017715 secs] [Times: user=0.01 sys=0.00, real=0.00 secs] 
475.734: [GC (Allocation Failure) [PSYoungGen: 67520K->1424K(67584K)] 322634K->256538K(741376K), 0.0016212 secs] [Times: user=0.00 sys=0.00, real=0.00 secs] 
476.009: [GC (Allocation Failure) [PSYoungGen: 67472K->1440K(67584K)] 322586K->256562K(741376K), 0.0017118 secs] [Times: user=0.01 sys=0.00, real=0.01 secs] 
476.283: [GC (Allocation Failure) [PSYoungGen: 67488K->416K(67072K)] 322610K->256562K(740864K), 0.0018436 secs] [Times: user=0.01 sys=0.00, real=0.00 secs] 
478.216: [GC (Allocation Failure) [PSYoungGen: 66464K->1504K(68096K)] 322610K->257650K(741888K), 0.0024618 secs] [Times: user=0.01 sys=0.00, real=0.00 secs] 
480.111: [GC (Allocation Failure) [PSYoungGen: 67552K->1440K(68096K)] 323698K->257586K(741888K), 0.0036575 secs] [Times: user=0.02 sys=0.00, real=0.00 secs] 
481.321: [GC (Allocation Failure) [PSYoungGen: 67488K->1376K(68096K)] 323634K->257586K(741888K), 0.0036050 secs] [Times: user=0.01 sys=0.01, real=0.00 secs] 
482.301: [GC (Allocation Failure) [PSYoungGen: 67424K->1408K(68096K)] 323634K->257618K(741888K), 0.0028036 secs] [Times: user=0.01 sys=0.00, real=0.00 secs] 
482.880: [GC (Allocation Failure) [PSYoungGen: 67456K->1408K(68096K)] 323666K->257618K(741888K), 0.0022815 secs] [Times: user=0.01 sys=0.00, real=0.00 secs] 
484.168: [GC (Allocation Failure) [PSYoungGen: 67456K->1408K(68096K)] 323666K->257618K(741888K), 0.0027718 secs] [Times: user=0.01 sys=0.00, real=0.01 secs] 
484.730: [GC (Allocation Failure) [PSYoungGen: 67456K->1344K(68096K)] 323666K->257554K(741888K), 0.0032123 secs] [Times: user=0.01 sys=0.00, real=0.00 secs] 
485.262: [GC (Allocation Failure) [PSYoungGen: 67392K->1376K(68096K)] 323602K->257594K(741888K), 0.0027801 secs] [Times: user=0.01 sys=0.00, real=0.00 secs] 
485.900: [GC (Allocation Failure) [PSYoungGen: 67424K->1408K(68096K)] 323642K->257626K(741888K), 0.0024608 secs] [Times: user=0.01 sys=0.00, real=0.00 secs] 
487.314: [GC (Allocation Failure) [PSYoungGen: 67456K->1440K(68096K)] 323674K->257658K(741888K), 0.0021531 secs] [Times: user=0.01 sys=0.00, real=0.00 secs] 
488.197: [GC (Allocation Failure) [PSYoungGen: 67488K->1392K(68096K)] 323706K->257634K(741888K), 0.0026435 secs] [Times: user=0.01 sys=0.00, real=0.01 secs] 
489.021: [GC (Allocation Failure) [PSYoungGen: 67440K->1344K(68096K)] 323682K->257586K(741888K), 0.0029279 secs] [Times: user=0.01 sys=0.00, real=0.00 secs] 
489.700: [GC (Allocation Failure) [PSYoungGen: 67392K->1360K(68096K)] 323634K->257602K(741888K), 0.0022550 secs] [Times: user=0.01 sys=0.00, real=0.00 secs] 
491.341: [GC (Allocation Failure) [PSYoungGen: 67408K->1440K(68096K)] 323650K->257682K(741888K), 0.0020030 secs] [Times: user=0.01 sys=0.00, real=0.00 secs] 
492.182: [GC (Allocation Failure) [PSYoungGen: 67488K->1376K(68096K)] 323730K->257618K(741888K), 0.0020854 secs] [Times: user=0.00 sys=0.00, real=0.00 secs] 
492.807: [GC (Allocation Failure) [PSYoungGen: 67424K->1376K(67584K)] 323666K->257618K(741376K), 0.0022834 secs] [Times: user=0.01 sys=0.00, real=0.01 secs] 
493.326: [GC (Allocation Failure) [PSYoungGen: 67424K->1376K(67584K)] 323666K->257618K(741376K), 0.0020614 secs] [Times: user=0.01 sys=0.00, real=0.00 secs] 
494.651: [GC (Allocation Failure) [PSYoungGen: 66958K->928K(67072K)] 323200K->258194K(740864K), 0.0018734 secs] [Times: user=0.01 sys=0.00, real=0.00 secs] 
495.609: [GC (Allocation Failure) [PSYoungGen: 66976K->352K(68096K)] 324242K->257618K(741888K), 0.0025427 secs] [Times: user=0.01 sys=0.00, real=0.01 secs] 
496.379: [GC (Allocation Failure) [PSYoungGen: 66400K->288K(68096K)] 323666K->257554K(741888K), 0.0023888 secs] [Times: user=0.01 sys=0.01, real=0.00 secs] 
496.657: [GC (Allocation Failure) [PSYoungGen: 66336K->384K(68096K)] 323602K->257658K(741888K), 0.0019191 secs] [Times: user=0.00 sys=0.00, real=0.00 secs] 
496.938: [GC (Allocation Failure) [PSYoungGen: 66432K->416K(68096K)] 323706K->257690K(741888K), 0.0017707 secs] [Times: user=0.01 sys=0.00, real=0.01 secs] 
498.203: [GC (Allocation Failure) [PSYoungGen: 66464K->1456K(68096K)] 323738K->258730K(741888K), 0.0018999 secs] [Times: user=0.01 sys=0.00, real=0.00 secs] 
498.767: [GC (Allocation Failure) [PSYoungGen: 67504K->1392K(68096K)] 324778K->258666K(741888K), 0.0034479 secs] [Times: user=0.02 sys=0.00, real=0.01 secs] 
499.194: [GC (Allocation Failure) [PSYoungGen: 67440K->1424K(68096K)] 324714K->258706K(741888K), 0.0020422 secs] [Times: user=0.01 sys=0.00, real=0.00 secs] 
499.473: [GC (Allocation Failure) [PSYoungGen: 67472K->1456K(68608K)] 324754K->258738K(742400K), 0.0018557 secs] [Times: user=0.00 sys=0.00, real=0.00 secs] 
500.634: [GC (Allocation Failure) [PSYoungGen: 67504K->1424K(68608K)] 324786K->258722K(742400K), 0.0016244 secs] [Times: user=0.00 sys=0.00, real=0.00 secs] 
501.185: [GC (Allocation Failure) [PSYoungGen: 67472K->1424K(68608K)] 324770K->258722K(742400K), 0.0019105 secs] [Times: user=0.00 sys=0.00, real=0.00 secs] 
501.670: [GC (Allocation Failure) [PSYoungGen: 67472K->1456K(68608K)] 324770K->258762K(742400K), 0.0021621 secs] [Times: user=0.01 sys=0.00, real=0.00 secs] 
501.989: [GC (Allocation Failure) [PSYoungGen: 67504K->1424K(68608K)] 324810K->258730K(742400K), 0.0017814 secs] [Times: user=0.01 sys=0.00, real=0.01 secs] 
503.080: [GC (Allocation Failure) [PSYoungGen: 67472K->1392K(68608K)] 324778K->258698K(742400K), 0.0018083 secs] [Times: user=0.01 sys=0.00, real=0.00 secs] 
503.558: [GC (Allocation Failure) [PSYoungGen: 67440K->1424K(67584K)] 324746K->258730K(741376K), 0.0023036 secs] [Times: user=0.01 sys=0.00, real=0.01 secs] 
504.122: [GC (Allocation Failure) [PSYoungGen: 67472K->1424K(68096K)] 324778K->258738K(741888K), 0.0020727 secs] [Times: user=0.01 sys=0.00, real=0.00 secs] 
504.680: [GC (Allocation Failure) [PSYoungGen: 67472K->1392K(68096K)] 324786K->258706K(741888K), 0.0030443 secs] [Times: user=0.01 sys=0.00, real=0.00 secs] 
505.446: [GC (Allocation Failure) [PSYoungGen: 67440K->1389K(68096K)] 324754K->258703K(741888K), 0.0021108 secs] [Times: user=0.01 sys=0.00, real=0.00 secs] 
506.751: [GC (Allocation Failure) [PSYoungGen: 67437K->1392K(68096K)] 324751K->258706K(741888K), 0.0022723 secs] [Times: user=0.01 sys=0.00, real=0.00 secs] 
507.264: [GC (Allocation Failure) [PSYoungGen: 67440K->1424K(68096K)] 324754K->258738K(741888K), 0.0020474 secs] [Times: user=0.01 sys=0.00, real=0.00 secs] 
507.631: [GC (Allocation Failure) [PSYoungGen: 67472K->1424K(68096K)] 324786K->258770K(741888K), 0.0018422 secs] [Times: user=0.01 sys=0.00, real=0.00 secs] 
508.242: [GC (Allocation Failure) [PSYoungGen: 67472K->1408K(68096K)] 324818K->258754K(741888K), 0.0020260 secs] [Times: user=0.01 sys=0.00, real=0.00 secs] 
509.987: [GC (Allocation Failure) [PSYoungGen: 67456K->1408K(68096K)] 324802K->258754K(741888K), 0.0027439 secs] [Times: user=0.01 sys=0.01, real=0.01 secs] 
511.024: [GC (Allocation Failure) [PSYoungGen: 67456K->1344K(68096K)] 324802K->258690K(741888K), 0.0025086 secs] [Times: user=0.01 sys=0.00, real=0.00 secs] 
511.584: [GC (Allocation Failure) [PSYoungGen: 67392K->1408K(68096K)] 324738K->258754K(741888K), 0.0024290 secs] [Times: user=0.00 sys=0.00, real=0.00 secs] 
512.536: [GC (Allocation Failure) [PSYoungGen: 67456K->1360K(68096K)] 324802K->258706K(741888K), 0.0023330 secs] [Times: user=0.01 sys=0.00, real=0.00 secs] 
514.380: [GC (Allocation Failure) [PSYoungGen: 67408K->1376K(68096K)] 324754K->258730K(741888K), 0.0020156 secs] [Times: user=0.00 sys=0.00, real=0.00 secs] 
514.673: [GC (Allocation Failure) [PSYoungGen: 67424K->1376K(68096K)] 324778K->258730K(741888K), 0.0018470 secs] [Times: user=0.01 sys=0.00, real=0.00 secs] 
514.947: [GC (Allocation Failure) [PSYoungGen: 67424K->1376K(68096K)] 324778K->258730K(741888K), 0.0018701 secs] [Times: user=0.01 sys=0.00, real=0.01 secs] 
515.244: [GC (Allocation Failure) [PSYoungGen: 67424K->1408K(68096K)] 324778K->258762K(741888K), 0.0017836 secs] [Times: user=0.01 sys=0.00, real=0.00 secs] 
516.700: [GC (Allocation Failure) [PSYoungGen: 67456K->1376K(68096K)] 324810K->258738K(741888K), 0.0036543 secs] [Times: user=0.01 sys=0.01, real=0.00 secs] 
518.501: [GC (Allocation Failure) [PSYoungGen: 67424K->1376K(68096K)] 324786K->258738K(741888K), 0.0036212 secs] [Times: user=0.01 sys=0.00, real=0.00 secs] 
519.092: [GC (Allocation Failure) [PSYoungGen: 67424K->1408K(68096K)] 324786K->258770K(741888K), 0.0027397 secs] [Times: user=0.01 sys=0.00, real=0.00 secs] 
519.830: [GC (Allocation Failure) [PSYoungGen: 67456K->1376K(68096K)] 324818K->258738K(741888K), 0.0024916 secs] [Times: user=0.01 sys=0.00, real=0.00 secs] 
520.432: [GC (Allocation Failure) [PSYoungGen: 67424K->1408K(68096K)] 324786K->258770K(741888K), 0.0023976 secs] [Times: user=0.01 sys=0.00, real=0.00 secs] 
522.480: [GC (Allocation Failure) [PSYoungGen: 67456K->1440K(68096K)] 324818K->258810K(741888K), 0.0035756 secs] [Times: user=0.01 sys=0.00, real=0.00 secs] 
523.364: [GC (Allocation Failure) [PSYoungGen: 67488K->1376K(68096K)] 324858K->258746K(741888K), 0.0021742 secs] [Times: user=0.01 sys=0.00, real=0.00 secs] 
523.972: [GC (Allocation Failure) [PSYoungGen: 67424K->1376K(67584K)] 324794K->258754K(741376K), 0.0021228 secs] [Times: user=0.01 sys=0.00, real=0.00 secs] 
524.597: [GC (Allocation Failure) [PSYoungGen: 67424K->1344K(67584K)] 324802K->258722K(741376K), 0.0025389 secs] [Times: user=0.01 sys=0.00, real=0.01 secs] 
525.975: [GC (Allocation Failure) [PSYoungGen: 67392K->1472K(67584K)] 324770K->258850K(741376K), 0.0029735 secs] [Times: user=0.01 sys=0.00, real=0.00 secs] 
526.251: [GC (Allocation Failure) [PSYoungGen: 67520K->1376K(67584K)] 324898K->258754K(741376K), 0.0018775 secs] [Times: user=0.00 sys=0.00, real=0.00 secs] 
526.599: [GC (Allocation Failure) [PSYoungGen: 67424K->1408K(67584K)] 324802K->258794K(741376K), 0.0017648 secs] [Times: user=0.01 sys=0.00, real=0.00 secs] 
527.175: [GC (Allocation Failure) [PSYoungGen: 67456K->1376K(67584K)] 324842K->258762K(741376K), 0.0018639 secs] [Times: user=0.01 sys=0.00, real=0.00 secs] 
528.583: [GC (Allocation Failure) [PSYoungGen: 67424K->1440K(67584K)] 324810K->258826K(741376K), 0.0015993 secs] [Times: user=0.01 sys=0.00, real=0.00 secs] 
529.174: [GC (Allocation Failure) [PSYoungGen: 67488K->1408K(67584K)] 324874K->258794K(741376K), 0.0017097 secs] [Times: user=0.01 sys=0.01, real=0.00 secs] 
529.736: [GC (Allocation Failure) [PSYoungGen: 67456K->1376K(67584K)] 324842K->258770K(741376K), 0.0016626 secs] [Times: user=0.01 sys=0.00, real=0.00 secs] 
530.438: [GC (Allocation Failure) [PSYoungGen: 67424K->1376K(67584K)] 324818K->258770K(741376K), 0.0019493 secs] [Times: user=0.01 sys=0.00, real=0.01 secs] 
531.738: [GC (Allocation Failure) [PSYoungGen: 67162K->256K(67584K)] 324556K->257650K(741376K), 0.0014350 secs] [Times: user=0.00 sys=0.00, real=0.01 secs] 
532.893: [GC (Allocation Failure) [PSYoungGen: 66304K->1408K(68096K)] 323698K->258802K(741888K), 0.0027008 secs] [Times: user=0.01 sys=0.00, real=0.00 secs] 
533.649: [GC (Allocation Failure) [PSYoungGen: 67456K->1376K(68096K)] 324850K->258770K(741888K), 0.0033096 secs] [Times: user=0.01 sys=0.00, real=0.01 secs] 
534.721: [GC (Allocation Failure) [PSYoungGen: 67424K->1312K(68096K)] 324818K->258714K(741888K), 0.0035647 secs] [Times: user=0.01 sys=0.00, real=0.00 secs] 
535.727: [GC (Allocation Failure) [PSYoungGen: 67360K->1376K(68096K)] 324762K->258778K(741888K), 0.0032924 secs] [Times: user=0.01 sys=0.00, real=0.01 secs] 
536.841: [GC (Allocation Failure) [PSYoungGen: 67424K->1408K(68096K)] 324826K->258818K(741888K), 0.0015570 secs] [Times: user=0.00 sys=0.00, real=0.00 secs] 
537.148: [GC (Allocation Failure) [PSYoungGen: 67456K->1344K(68096K)] 324866K->258754K(741888K), 0.0017110 secs] [Times: user=0.01 sys=0.00, real=0.01 secs] 
537.612: [GC (Allocation Failure) [PSYoungGen: 67392K->1376K(68096K)] 324802K->258794K(741888K), 0.0016261 secs] [Times: user=0.00 sys=0.00, real=0.00 secs] 
538.100: [GC (Allocation Failure) [PSYoungGen: 67424K->1376K(68096K)] 324842K->258794K(741888K), 0.0020711 secs] [Times: user=0.01 sys=0.00, real=0.00 secs] 
539.222: [GC (Allocation Failure) [PSYoungGen: 67424K->1408K(68096K)] 324842K->258826K(741888K), 0.0015489 secs] [Times: user=0.00 sys=0.00, real=0.00 secs] 
539.495: [GC (Allocation Failure) [PSYoungGen: 67456K->1376K(68096K)] 324874K->258794K(741888K), 0.0014968 secs] [Times: user=0.01 sys=0.00, real=0.00 secs] 
540.235: [GC (Allocation Failure) [PSYoungGen: 67424K->1312K(68096K)] 324842K->258730K(741888K), 0.0037975 secs] [Times: user=0.01 sys=0.00, real=0.01 secs] 
541.298: [GC (Allocation Failure) [PSYoungGen: 67360K->1312K(68096K)] 324778K->258730K(741888K), 0.0035043 secs] [Times: user=0.02 sys=0.00, real=0.01 secs] 
543.151: [GC (Allocation Failure) [PSYoungGen: 67360K->1408K(68096K)] 324778K->258826K(741888K), 0.0017149 secs] [Times: user=0.01 sys=0.00, real=0.00 secs] 
544.111: [GC (Allocation Failure) [PSYoungGen: 67456K->1376K(68096K)] 324874K->258794K(741888K), 0.0026391 secs] [Times: user=0.01 sys=0.00, real=0.00 secs] 
544.381: [GC (Allocation Failure) [PSYoungGen: 67424K->1408K(68096K)] 324842K->258834K(741888K), 0.0021855 secs] [Times: user=0.01 sys=0.00, real=0.00 secs] 
544.809: [GC (Allocation Failure) [PSYoungGen: 67456K->1376K(68096K)] 324882K->258802K(741888K), 0.0019000 secs] [Times: user=0.01 sys=0.00, real=0.00 secs] 
545.609: [GC (Allocation Failure) [PSYoungGen: 67424K->1376K(67584K)] 324850K->258802K(741376K), 0.0020666 secs] [Times: user=0.01 sys=0.00, real=0.01 secs] 
546.701: [GC (Allocation Failure) [PSYoungGen: 67424K->1376K(67584K)] 324850K->258818K(741376K), 0.0017837 secs] [Times: user=0.01 sys=0.00, real=0.00 secs] 
547.050: [GC (Allocation Failure) [PSYoungGen: 67424K->352K(67072K)] 324866K->258818K(740864K), 0.0018472 secs] [Times: user=0.00 sys=0.00, real=0.00 secs] 
547.325: [GC (Allocation Failure) [PSYoungGen: 66400K->352K(68096K)] 324866K->258818K(741888K), 0.0016991 secs] [Times: user=0.01 sys=0.00, real=0.00 secs] 
547.620: [GC (Allocation Failure) [PSYoungGen: 66400K->304K(68096K)] 324866K->258770K(741888K), 0.0016959 secs] [Times: user=0.00 sys=0.00, real=0.00 secs] 
548.630: [GC (Allocation Failure) [PSYoungGen: 66352K->1408K(68096K)] 324818K->259874K(741888K), 0.0016871 secs] [Times: user=0.00 sys=0.00, real=0.00 secs] 
548.904: [GC (Allocation Failure) [PSYoungGen: 67456K->1344K(68096K)] 325922K->259810K(741888K), 0.0015982 secs] [Times: user=0.01 sys=0.00, real=0.00 secs] 
549.177: [GC (Allocation Failure) [PSYoungGen: 67392K->1376K(68096K)] 325858K->259850K(741888K), 0.0015945 secs] [Times: user=0.00 sys=0.00, real=0.01 secs] 
549.451: [GC (Allocation Failure) [PSYoungGen: 67424K->1440K(68096K)] 325898K->259914K(741888K), 0.0015237 secs] [Times: user=0.00 sys=0.00, real=0.00 secs] 
550.817: [GC (Allocation Failure) [PSYoungGen: 67488K->1408K(68096K)] 325962K->259882K(741888K), 0.0022907 secs] [Times: user=0.01 sys=0.00, real=0.01 secs] 
551.689: [GC (Allocation Failure) [PSYoungGen: 67456K->1376K(68096K)] 325930K->259850K(741888K), 0.0028687 secs] [Times: user=0.01 sys=0.00, real=0.00 secs] 
552.348: [GC (Allocation Failure) [PSYoungGen: 67424K->1408K(68096K)] 325898K->259890K(741888K), 0.0017356 secs] [Times: user=0.01 sys=0.00, real=0.01 secs] 
552.724: [GC (Allocation Failure) [PSYoungGen: 67456K->1424K(68096K)] 325938K->259938K(741888K), 0.0017905 secs] [Times: user=0.01 sys=0.00, real=0.00 secs] 
554.222: [GC (Allocation Failure) [PSYoungGen: 67472K->1536K(68096K)] 325986K->260050K(741888K), 0.0017611 secs] [Times: user=0.01 sys=0.00, real=0.00 secs] 
555.444: [GC (Allocation Failure) [PSYoungGen: 67584K->1376K(68096K)] 326098K->259890K(741888K), 0.0026765 secs] [Times: user=0.01 sys=0.00, real=0.00 secs] 
556.583: [GC (Allocation Failure) [PSYoungGen: 67424K->1376K(68096K)] 325938K->259898K(741888K), 0.0025013 secs] [Times: user=0.01 sys=0.00, real=0.00 secs] 
557.468: [GC (Allocation Failure) [PSYoungGen: 67424K->1440K(68096K)] 325946K->259970K(741888K), 0.0028353 secs] [Times: user=0.01 sys=0.00, real=0.01 secs] 
557.797: [GC (Allocation Failure) [PSYoungGen: 67488K->1408K(68096K)] 326018K->259938K(741888K), 0.0019741 secs] [Times: user=0.01 sys=0.00, real=0.01 secs] 
559.045: [GC (Allocation Failure) [PSYoungGen: 67456K->1408K(68096K)] 325986K->259938K(741888K), 0.0017448 secs] [Times: user=0.01 sys=0.00, real=0.00 secs] 
559.601: [GC (Allocation Failure) [PSYoungGen: 67456K->1376K(68096K)] 325986K->259906K(741888K), 0.0016396 secs] [Times: user=0.00 sys=0.00, real=0.00 secs] 
559.994: [GC (Allocation Failure) [PSYoungGen: 67424K->1408K(68096K)] 325954K->259938K(741888K), 0.0022088 secs] [Times: user=0.01 sys=0.00, real=0.00 secs] 
560.352: [GC (Allocation Failure) [PSYoungGen: 67456K->1376K(68096K)] 325986K->259906K(741888K), 0.0020029 secs] [Times: user=0.01 sys=0.00, real=0.00 secs] 
561.514: [GC (Allocation Failure) [PSYoungGen: 67424K->1440K(68096K)] 325954K->259970K(741888K), 0.0036653 secs] [Times: user=0.01 sys=0.00, real=0.00 secs] 
562.032: [GC (Allocation Failure) [PSYoungGen: 67488K->1376K(68096K)] 326018K->259906K(741888K), 0.0024142 secs] [Times: user=0.01 sys=0.00, real=0.00 secs] 
562.588: [GC (Allocation Failure) [PSYoungGen: 67424K->1408K(68096K)] 325954K->259938K(741888K), 0.0024110 secs] [Times: user=0.01 sys=0.00, real=0.01 secs] 
563.127: [GC (Allocation Failure) [PSYoungGen: 67456K->1376K(68096K)] 325986K->259906K(741888K), 0.0022962 secs] [Times: user=0.01 sys=0.00, real=0.01 secs] 
564.400: [GC (Allocation Failure) [PSYoungGen: 67424K->1408K(68096K)] 325954K->259946K(741888K), 0.0015865 secs] [Times: user=0.00 sys=0.00, real=0.00 secs] 
565.258: [GC (Allocation Failure) [PSYoungGen: 67456K->1440K(68096K)] 325994K->259978K(741888K), 0.0030136 secs] [Times: user=0.02 sys=0.00, real=0.01 secs] 
565.871: [GC (Allocation Failure) [PSYoungGen: 67488K->1360K(68096K)] 326026K->259906K(741888K), 0.0030612 secs] [Times: user=0.01 sys=0.00, real=0.00 secs] 
566.451: [GC (Allocation Failure) [PSYoungGen: 67408K->1440K(68096K)] 325954K->259986K(741888K), 0.0025941 secs] [Times: user=0.01 sys=0.00, real=0.00 secs] 
567.019: [GC (Allocation Failure) [PSYoungGen: 67488K->1408K(68096K)] 326034K->259954K(741888K), 0.0021562 secs] [Times: user=0.01 sys=0.00, real=0.00 secs] 
568.291: [GC (Allocation Failure) [PSYoungGen: 67456K->1440K(68096K)] 326002K->259986K(741888K), 0.0021041 secs] [Times: user=0.00 sys=0.00, real=0.00 secs] 
568.887: [GC (Allocation Failure) [PSYoungGen: 67488K->1408K(68096K)] 326034K->259954K(741888K), 0.0020302 secs] [Times: user=0.01 sys=0.00, real=0.01 secs] 
569.744: [GC (Allocation Failure) [PSYoungGen: 67456K->1376K(68096K)] 326002K->259922K(741888K), 0.0023598 secs] [Times: user=0.00 sys=0.00, real=0.00 secs] 
570.620: [GC (Allocation Failure) [PSYoungGen: 67424K->1440K(68096K)] 325970K->259986K(741888K), 0.0031044 secs] [Times: user=0.01 sys=0.00, real=0.00 secs] 
571.898: [GC (Allocation Failure) [PSYoungGen: 67488K->1440K(68096K)] 326034K->259986K(741888K), 0.0016216 secs] [Times: user=0.01 sys=0.00, real=0.01 secs] 
572.172: [GC (Allocation Failure) [PSYoungGen: 67488K->1360K(68096K)] 326034K->259906K(741888K), 0.0017594 secs] [Times: user=0.00 sys=0.00, real=0.00 secs] 
572.447: [GC (Allocation Failure) [PSYoungGen: 67408K->1440K(68096K)] 325954K->259986K(741888K), 0.0017407 secs] [Times: user=0.01 sys=0.00, real=0.00 secs] 
572.721: [GC (Allocation Failure) [PSYoungGen: 67488K->1408K(68096K)] 326034K->259954K(741888K), 0.0016832 secs] [Times: user=0.00 sys=0.01, real=0.00 secs] 
573.769: [GC (Allocation Failure) [PSYoungGen: 67456K->1408K(68096K)] 326002K->259954K(741888K), 0.0015995 secs] [Times: user=0.00 sys=0.00, real=0.01 secs] 
574.043: [GC (Allocation Failure) [PSYoungGen: 67456K->1376K(67584K)] 326002K->259922K(741376K), 0.0015709 secs] [Times: user=0.01 sys=0.00, real=0.00 secs] 
574.317: [GC (Allocation Failure) [PSYoungGen: 67424K->1392K(67584K)] 325970K->259970K(741376K), 0.0017909 secs] [Times: user=0.00 sys=0.00, real=0.00 secs] 
574.590: [GC (Allocation Failure) [PSYoungGen: 67440K->352K(67072K)] 326018K->259954K(740864K), 0.0014507 secs] [Times: user=0.00 sys=0.00, real=0.00 secs] 
575.797: [GC (Allocation Failure) [PSYoungGen: 66400K->1920K(68096K)] 326002K->261522K(741888K), 0.0022344 secs] [Times: user=0.01 sys=0.00, real=0.01 secs] 
577.572: [GC (Allocation Failure) [PSYoungGen: 67968K->1344K(68096K)] 327570K->260946K(741888K), 0.0032098 secs] [Times: user=0.01 sys=0.00, real=0.00 secs] 
577.910: [GC (Allocation Failure) [PSYoungGen: 67392K->1376K(68096K)] 326994K->260978K(741888K), 0.0019085 secs] [Times: user=0.01 sys=0.00, real=0.00 secs] 
578.189: [GC (Allocation Failure) [PSYoungGen: 67424K->1376K(68096K)] 327026K->260978K(741888K), 0.0018489 secs] [Times: user=0.01 sys=0.00, real=0.00 secs] 
578.503: [GC (Allocation Failure) [PSYoungGen: 67424K->1344K(68096K)] 327026K->260946K(741888K), 0.0020230 secs] [Times: user=0.00 sys=0.00, real=0.00 secs] 
580.003: [GC (Allocation Failure) [PSYoungGen: 67392K->1440K(68096K)] 326994K->261050K(741888K), 0.0020847 secs] [Times: user=0.01 sys=0.00, real=0.00 secs] 
580.785: [GC (Allocation Failure) [PSYoungGen: 67488K->1360K(68096K)] 327098K->260970K(741888K), 0.0028006 secs] [Times: user=0.01 sys=0.00, real=0.00 secs] 
581.258: [GC (Allocation Failure) [PSYoungGen: 67408K->1408K(68096K)] 327018K->261018K(741888K), 0.0023543 secs] [Times: user=0.01 sys=0.00, real=0.01 secs] 
581.746: [GC (Allocation Failure) [PSYoungGen: 67456K->1376K(68096K)] 327066K->260986K(741888K), 0.0020822 secs] [Times: user=0.01 sys=0.00, real=0.00 secs] 
582.849: [GC (Allocation Failure) [PSYoungGen: 67424K->1408K(68096K)] 327034K->261018K(741888K), 0.0016460 secs] [Times: user=0.01 sys=0.00, real=0.01 secs] 
583.144: [GC (Allocation Failure) [PSYoungGen: 67456K->1408K(68096K)] 327066K->261018K(741888K), 0.0017091 secs] [Times: user=0.00 sys=0.00, real=0.00 secs] 
583.523: [GC (Allocation Failure) [PSYoungGen: 67456K->1376K(68096K)] 327066K->261002K(741888K), 0.0018047 secs] [Times: user=0.01 sys=0.00, real=0.00 secs] 
583.991: [GC (Allocation Failure) [PSYoungGen: 67424K->1408K(68096K)] 327050K->261034K(741888K), 0.0019638 secs] [Times: user=0.01 sys=0.00, real=0.00 secs] 
585.360: [GC (Allocation Failure) [PSYoungGen: 67456K->1408K(68096K)] 327082K->261034K(741888K), 0.0014962 secs] [Times: user=0.00 sys=0.00, real=0.00 secs] 
586.479: [GC (Allocation Failure) [PSYoungGen: 67456K->1344K(68096K)] 327082K->260970K(741888K), 0.0025244 secs] [Times: user=0.00 sys=0.00, real=0.00 secs] 
587.430: [GC (Allocation Failure) [PSYoungGen: 67392K->1344K(68096K)] 327018K->260970K(741888K), 0.0035909 secs] [Times: user=0.01 sys=0.00, real=0.00 secs] 
588.255: [GC (Allocation Failure) [PSYoungGen: 67392K->1376K(67584K)] 327018K->261002K(741376K), 0.0036328 secs] [Times: user=0.01 sys=0.00, real=0.00 secs] 
589.130: [GC (Allocation Failure) [PSYoungGen: 67415K->256K(67072K)] 327041K->259890K(740864K), 0.0026476 secs] [Times: user=0.00 sys=0.00, real=0.00 secs] 
590.208: [GC (Allocation Failure) [PSYoungGen: 65792K->1440K(67584K)] 325426K->261074K(741376K), 0.0016585 secs] [Times: user=0.01 sys=0.00, real=0.01 secs] 
590.765: [GC (Allocation Failure) [PSYoungGen: 66976K->1376K(67584K)] 326610K->261010K(741376K), 0.0019051 secs] [Times: user=0.00 sys=0.00, real=0.00 secs] 
591.298: [GC (Allocation Failure) [PSYoungGen: 66912K->1408K(67584K)] 326546K->261050K(741376K), 0.0016660 secs] [Times: user=0.00 sys=0.00, real=0.01 secs] 
591.874: [GC (Allocation Failure) [PSYoungGen: 66944K->1408K(67584K)] 326586K->261050K(741376K), 0.0018264 secs] [Times: user=0.01 sys=0.00, real=0.00 secs] 
592.929: [GC (Allocation Failure) [PSYoungGen: 66944K->1472K(67584K)] 326586K->261122K(741376K), 0.0016209 secs] [Times: user=0.00 sys=0.00, real=0.00 secs] 
593.241: [GC (Allocation Failure) [PSYoungGen: 67008K->1312K(67584K)] 326658K->260962K(741376K), 0.0017504 secs] [Times: user=0.01 sys=0.00, real=0.00 secs] 
593.820: [GC (Allocation Failure) [PSYoungGen: 66848K->1408K(67584K)] 326498K->261058K(741376K), 0.0019094 secs] [Times: user=0.01 sys=0.00, real=0.00 secs] 
594.406: [GC (Allocation Failure) [PSYoungGen: 66944K->1376K(67584K)] 326594K->261026K(741376K), 0.0021723 secs] [Times: user=0.01 sys=0.00, real=0.00 secs] 
595.661: [GC (Allocation Failure) [PSYoungGen: 66912K->1440K(67584K)] 326562K->261098K(741376K), 0.0018359 secs] [Times: user=0.01 sys=0.00, real=0.00 secs] 
596.220: [GC (Allocation Failure) [PSYoungGen: 66976K->1376K(67584K)] 326634K->261042K(741376K), 0.0033133 secs] [Times: user=0.01 sys=0.00, real=0.00 secs] 
596.907: [GC (Allocation Failure) [PSYoungGen: 66912K->1376K(67584K)] 326578K->261042K(741376K), 0.0025290 secs] [Times: user=0.01 sys=0.00, real=0.01 secs] 
597.268: [GC (Allocation Failure) [PSYoungGen: 66912K->1392K(67584K)] 326578K->261058K(741376K), 0.0018659 secs] [Times: user=0.01 sys=0.00, real=0.01 secs] 
598.431: [GC (Allocation Failure) [PSYoungGen: 66928K->1520K(67584K)] 326594K->261186K(741376K), 0.0020963 secs] [Times: user=0.01 sys=0.00, real=0.00 secs] 
599.593: [GC (Allocation Failure) [PSYoungGen: 67056K->1376K(67584K)] 326722K->261042K(741376K), 0.0037211 secs] [Times: user=0.01 sys=0.00, real=0.00 secs] 
600.698: [GC (Allocation Failure) [PSYoungGen: 66912K->1376K(67584K)] 326578K->261042K(741376K), 0.0035493 secs] [Times: user=0.01 sys=0.00, real=0.01 secs] 
601.796: [GC (Allocation Failure) [PSYoungGen: 66912K->1376K(67584K)] 326578K->261054K(741376K), 0.0035484 secs] [Times: user=0.01 sys=0.01, real=0.01 secs] 
602.441: [GC (Allocation Failure) [PSYoungGen: 66912K->1440K(67584K)] 326590K->261118K(741376K), 0.0026656 secs] [Times: user=0.01 sys=0.00, real=0.00 secs] 
603.913: [GC (Allocation Failure) [PSYoungGen: 66976K->1408K(67584K)] 326654K->261086K(741376K), 0.0018607 secs] [Times: user=0.00 sys=0.00, real=0.00 secs] 
604.487: [GC (Allocation Failure) [PSYoungGen: 66944K->1376K(67584K)] 326622K->261054K(741376K), 0.0026324 secs] [Times: user=0.01 sys=0.00, real=0.01 secs] 
604.843: [GC (Allocation Failure) [PSYoungGen: 66912K->1344K(67584K)] 326590K->261030K(741376K), 0.0018819 secs] [Times: user=0.00 sys=0.00, real=0.00 secs] 
605.140: [GC (Allocation Failure) [PSYoungGen: 66880K->1408K(67584K)] 326566K->261094K(741376K), 0.0018891 secs] [Times: user=0.01 sys=0.00, real=0.00 secs] 
606.605: [GC (Allocation Failure) [PSYoungGen: 66944K->1408K(67072K)] 326630K->261110K(740864K), 0.0020046 secs] [Times: user=0.01 sys=0.01, real=0.00 secs] 
607.422: [GC (Allocation Failure) [PSYoungGen: 66944K->1408K(67072K)] 326646K->261110K(740864K), 0.0019635 secs] [Times: user=0.01 sys=0.00, real=0.00 secs] 
608.059: [GC (Allocation Failure) [PSYoungGen: 66944K->384K(66560K)] 326646K->261118K(740352K), 0.0020812 secs] [Times: user=0.01 sys=0.00, real=0.00 secs] 
608.373: [GC (Allocation Failure) [PSYoungGen: 65920K->384K(67584K)] 326654K->261118K(741376K), 0.0019031 secs] [Times: user=0.00 sys=0.00, real=0.00 secs] 
609.489: [GC (Allocation Failure) [PSYoungGen: 65920K->1952K(67584K)] 326654K->262686K(741376K), 0.0015447 secs] [Times: user=0.00 sys=0.00, real=0.00 secs] 
609.801: [GC (Allocation Failure) [PSYoungGen: 67488K->1408K(67584K)] 328222K->262142K(741376K), 0.0017218 secs] [Times: user=0.01 sys=0.00, real=0.00 secs] 
610.122: [GC (Allocation Failure) [PSYoungGen: 66944K->1328K(67584K)] 327678K->262062K(741376K), 0.0016002 secs] [Times: user=0.00 sys=0.00, real=0.00 secs] 
610.397: [GC (Allocation Failure) [PSYoungGen: 66864K->1408K(67584K)] 327598K->262142K(741376K), 0.0024219 secs] [Times: user=0.01 sys=0.00, real=0.01 secs] 
610.668: [GC (Allocation Failure) [PSYoungGen: 66944K->1376K(67584K)] 327678K->262110K(741376K), 0.0018699 secs] [Times: user=0.01 sys=0.00, real=0.01 secs] 
611.961: [GC (Allocation Failure) [PSYoungGen: 66912K->1440K(67584K)] 327646K->262174K(741376K), 0.0017894 secs] [Times: user=0.01 sys=0.00, real=0.00 secs] 
612.602: [GC (Allocation Failure) [PSYoungGen: 66976K->1424K(67584K)] 327710K->262158K(741376K), 0.0021444 secs] [Times: user=0.01 sys=0.00, real=0.00 secs] 
612.884: [GC (Allocation Failure) [PSYoungGen: 66960K->1360K(67584K)] 327694K->262110K(741376K), 0.0019287 secs] [Times: user=0.00 sys=0.00, real=0.00 secs] 
613.168: [GC (Allocation Failure) [PSYoungGen: 66896K->1408K(67584K)] 327646K->262158K(741376K), 0.0018006 secs] [Times: user=0.01 sys=0.00, real=0.01 secs] 
614.429: [GC (Allocation Failure) [PSYoungGen: 66944K->1408K(67584K)] 327694K->262158K(741376K), 0.0033954 secs] [Times: user=0.01 sys=0.00, real=0.01 secs] 
614.929: [GC (Allocation Failure) [PSYoungGen: 66944K->1376K(67584K)] 327694K->262126K(741376K), 0.0021717 secs] [Times: user=0.00 sys=0.00, real=0.01 secs] 
615.394: [GC (Allocation Failure) [PSYoungGen: 66912K->1408K(67584K)] 327662K->262166K(741376K), 0.0021089 secs] [Times: user=0.01 sys=0.00, real=0.00 secs] 
616.226: [GC (Allocation Failure) [PSYoungGen: 66944K->1408K(67584K)] 327702K->262174K(741376K), 0.0021987 secs] [Times: user=0.01 sys=0.00, real=0.00 secs] 
617.998: [GC (Allocation Failure) [PSYoungGen: 66944K->1408K(67584K)] 327710K->262174K(741376K), 0.0017376 secs] [Times: user=0.01 sys=0.00, real=0.01 secs] 
618.342: [GC (Allocation Failure) [PSYoungGen: 66944K->1376K(67584K)] 327710K->262142K(741376K), 0.0018701 secs] [Times: user=0.01 sys=0.00, real=0.00 secs] 
618.615: [GC (Allocation Failure) [PSYoungGen: 66912K->1376K(67584K)] 327678K->262150K(741376K), 0.0018095 secs] [Times: user=0.00 sys=0.00, real=0.00 secs] 
619.019: [GC (Allocation Failure) [PSYoungGen: 66912K->1376K(67584K)] 327686K->262150K(741376K), 0.0019213 secs] [Times: user=0.01 sys=0.00, real=0.00 secs] 
619.515: [GC (Allocation Failure) [PSYoungGen: 66912K->1344K(67584K)] 327686K->262118K(741376K), 0.0028478 secs] [Times: user=0.01 sys=0.00, real=0.00 secs] 
621.395: [GC (Allocation Failure) [PSYoungGen: 66880K->1408K(67584K)] 327654K->262190K(741376K), 0.0036852 secs] [Times: user=0.02 sys=0.00, real=0.00 secs] 
621.828: [GC (Allocation Failure) [PSYoungGen: 66944K->1376K(67584K)] 327726K->262166K(741376K), 0.0019021 secs] [Times: user=0.01 sys=0.00, real=0.01 secs] 
622.196: [GC (Allocation Failure) [PSYoungGen: 66912K->1344K(67584K)] 327702K->262134K(741376K), 0.0020760 secs] [Times: user=0.01 sys=0.00, real=0.00 secs] 
622.646: [GC (Allocation Failure) [PSYoungGen: 66880K->1376K(67072K)] 327670K->262166K(740864K), 0.0022514 secs] [Times: user=0.00 sys=0.00, real=0.00 secs] 
624.301: [GC (Allocation Failure) [PSYoungGen: 66912K->1408K(67072K)] 327702K->262198K(740864K), 0.0029420 secs] [Times: user=0.01 sys=0.00, real=0.00 secs] 
625.003: [GC (Allocation Failure) [PSYoungGen: 66944K->1408K(67072K)] 327734K->262198K(740864K), 0.0033048 secs] [Times: user=0.02 sys=0.00, real=0.00 secs] 
625.807: [GC (Allocation Failure) [PSYoungGen: 66944K->1376K(67072K)] 327734K->262174K(740864K), 0.0036344 secs] [Times: user=0.01 sys=0.00, real=0.01 secs] 
626.322: [GC (Allocation Failure) [PSYoungGen: 66912K->1344K(67072K)] 327710K->262142K(740864K), 0.0025117 secs] [Times: user=0.01 sys=0.00, real=0.00 secs] 
627.783: [GC (Allocation Failure) [PSYoungGen: 66880K->1472K(67072K)] 327678K->262270K(740864K), 0.0019946 secs] [Times: user=0.01 sys=0.00, real=0.00 secs] 
628.670: [GC (Allocation Failure) [PSYoungGen: 67008K->1408K(67072K)] 327806K->262206K(740864K), 0.0028241 secs] [Times: user=0.01 sys=0.00, real=0.00 secs] 
629.577: [GC (Allocation Failure) [PSYoungGen: 66944K->1344K(67072K)] 327742K->262142K(740864K), 0.0034123 secs] [Times: user=0.01 sys=0.00, real=0.01 secs] 
630.103: [GC (Allocation Failure) [PSYoungGen: 66880K->1440K(67072K)] 327678K->262238K(740864K), 0.0023678 secs] [Times: user=0.01 sys=0.00, real=0.00 secs] 
630.580: [GC (Allocation Failure) [PSYoungGen: 66976K->1376K(67072K)] 327774K->262174K(740864K), 0.0024915 secs] [Times: user=0.01 sys=0.00, real=0.00 secs] 
631.730: [GC (Allocation Failure) [PSYoungGen: 66912K->1376K(67072K)] 327710K->262174K(740864K), 0.0015637 secs] [Times: user=0.01 sys=0.00, real=0.00 secs] 
632.034: [GC (Allocation Failure) [PSYoungGen: 66912K->1376K(67072K)] 327710K->262174K(740864K), 0.0016786 secs] [Times: user=0.01 sys=0.00, real=0.00 secs] 
632.358: [GC (Allocation Failure) [PSYoungGen: 66912K->1360K(67072K)] 327710K->262166K(740864K), 0.0016782 secs] [Times: user=0.01 sys=0.00, real=0.01 secs] 
632.904: [GC (Allocation Failure) [PSYoungGen: 66896K->1424K(67072K)] 327702K->262230K(740864K), 0.0020814 secs] [Times: user=0.01 sys=0.00, real=0.00 secs] 
634.718: [GC (Allocation Failure) [PSYoungGen: 66960K->1376K(67072K)] 327766K->262190K(740864K), 0.0031023 secs] [Times: user=0.01 sys=0.00, real=0.01 secs] 
635.670: [GC (Allocation Failure) [PSYoungGen: 66912K->1344K(67072K)] 327726K->262158K(740864K), 0.0051563 secs] [Times: user=0.02 sys=0.00, real=0.00 secs] 
636.351: [GC (Allocation Failure) [PSYoungGen: 66880K->1376K(67072K)] 327694K->262206K(740864K), 0.0034684 secs] [Times: user=0.02 sys=0.00, real=0.00 secs] 
637.018: [GC (Allocation Failure) [PSYoungGen: 66912K->1408K(67072K)] 327742K->262238K(740864K), 0.0027454 secs] [Times: user=0.01 sys=0.00, real=0.01 secs] 
638.614: [GC (Allocation Failure) [PSYoungGen: 66944K->1424K(67072K)] 327774K->262262K(740864K), 0.0019803 secs] [Times: user=0.01 sys=0.00, real=0.00 secs] 
639.920: [GC (Allocation Failure) [PSYoungGen: 66960K->1344K(67072K)] 327798K->262182K(740864K), 0.0033773 secs] [Times: user=0.02 sys=0.00, real=0.00 secs] 
640.853: [GC (Allocation Failure) [PSYoungGen: 66880K->1376K(67072K)] 327718K->262230K(740864K), 0.0030121 secs] [Times: user=0.01 sys=0.00, real=0.00 secs] 
641.633: [GC (Allocation Failure) [PSYoungGen: 66912K->1408K(67072K)] 327766K->262262K(740864K), 0.0036586 secs] [Times: user=0.01 sys=0.00, real=0.00 secs] 
642.920: [GC (Allocation Failure) [PSYoungGen: 66944K->224K(67072K)] 327798K->261078K(740864K), 0.0012693 secs] [Times: user=0.01 sys=0.00, real=0.00 secs] 
643.440: [GC (Allocation Failure) [PSYoungGen: 65760K->1376K(67584K)] 326614K->262238K(741376K), 0.0019584 secs] [Times: user=0.00 sys=0.00, real=0.00 secs] 
643.984: [GC (Allocation Failure) [PSYoungGen: 66912K->1408K(67584K)] 327774K->262270K(741376K), 0.0023445 secs] [Times: user=0.00 sys=0.00, real=0.00 secs] 
644.512: [GC (Allocation Failure) [PSYoungGen: 66944K->1408K(67584K)] 327806K->262278K(741376K), 0.0024210 secs] [Times: user=0.01 sys=0.00, real=0.00 secs] 
645.032: [GC (Allocation Failure) [PSYoungGen: 66944K->1376K(67584K)] 327814K->262246K(741376K), 0.0023550 secs] [Times: user=0.01 sys=0.00, real=0.00 secs] 
646.323: [GC (Allocation Failure) [PSYoungGen: 66912K->1408K(67584K)] 327782K->262278K(741376K), 0.0019360 secs] [Times: user=0.01 sys=0.00, real=0.00 secs] 
646.834: [GC (Allocation Failure) [PSYoungGen: 66944K->1376K(67584K)] 327814K->262246K(741376K), 0.0017852 secs] [Times: user=0.01 sys=0.00, real=0.00 secs] 
647.415: [GC (Allocation Failure) [PSYoungGen: 66912K->1408K(67584K)] 327782K->262294K(741376K), 0.0019355 secs] [Times: user=0.01 sys=0.00, real=0.00 secs] 
648.179: [GC (Allocation Failure) [PSYoungGen: 66944K->1408K(67584K)] 327830K->262294K(741376K), 0.0034845 secs] [Times: user=0.01 sys=0.00, real=0.01 secs] 
649.680: [GC (Allocation Failure) [PSYoungGen: 66944K->1376K(67584K)] 327830K->262262K(741376K), 0.0020369 secs] [Times: user=0.01 sys=0.00, real=0.00 secs] 
650.663: [GC (Allocation Failure) [PSYoungGen: 66912K->1376K(67584K)] 327798K->262262K(741376K), 0.0021603 secs] [Times: user=0.01 sys=0.00, real=0.00 secs] 
651.446: [GC (Allocation Failure) [PSYoungGen: 66912K->1392K(67584K)] 327798K->262310K(741376K), 0.0025691 secs] [Times: user=0.01 sys=0.00, real=0.00 secs] 
652.272: [GC (Allocation Failure) [PSYoungGen: 66928K->1344K(67584K)] 327846K->262262K(741376K), 0.0030755 secs] [Times: user=0.01 sys=0.01, real=0.00 secs] 
653.728: [GC (Allocation Failure) [PSYoungGen: 66880K->1696K(67584K)] 327798K->262614K(741376K), 0.0018474 secs] [Times: user=0.01 sys=0.00, real=0.01 secs] 
654.472: [GC (Allocation Failure) [PSYoungGen: 67232K->1408K(67584K)] 328150K->262326K(741376K), 0.0021710 secs] [Times: user=0.00 sys=0.00, real=0.00 secs] 
655.009: [GC (Allocation Failure) [PSYoungGen: 66944K->1376K(67584K)] 327862K->262294K(741376K), 0.0023466 secs] [Times: user=0.01 sys=0.00, real=0.01 secs] 
655.353: [GC (Allocation Failure) [PSYoungGen: 66912K->1392K(67584K)] 327830K->262326K(741376K), 0.0018712 secs] [Times: user=0.01 sys=0.00, real=0.00 secs] 
655.842: [GC (Allocation Failure) [PSYoungGen: 66928K->1376K(67584K)] 327862K->262326K(741376K), 0.0018267 secs] [Times: user=0.01 sys=0.00, real=0.00 secs] 
657.358: [GC (Allocation Failure) [PSYoungGen: 66912K->1376K(67584K)] 327862K->262326K(741376K), 0.0018319 secs] [Times: user=0.01 sys=0.00, real=0.01 secs] 
658.312: [GC (Allocation Failure) [PSYoungGen: 66912K->1408K(67584K)] 327862K->262358K(741376K), 0.0019618 secs] [Times: user=0.01 sys=0.00, real=0.00 secs] 
659.046: [GC (Allocation Failure) [PSYoungGen: 66944K->1376K(67584K)] 327894K->262334K(741376K), 0.0026123 secs] [Times: user=0.01 sys=0.00, real=0.01 secs] 
659.660: [GC (Allocation Failure) [PSYoungGen: 66912K->1440K(67584K)] 327870K->262398K(741376K), 0.0023831 secs] [Times: user=0.01 sys=0.00, real=0.00 secs] 
661.944: [GC (Allocation Failure) [PSYoungGen: 66976K->1472K(67584K)] 327934K->262430K(741376K), 0.0026529 secs] [Times: user=0.01 sys=0.00, real=0.00 secs] 
663.717: [GC (Allocation Failure) [PSYoungGen: 67008K->1424K(67584K)] 327966K->262382K(741376K), 0.0031882 secs] [Times: user=0.01 sys=0.00, real=0.01 secs] 
664.223: [GC (Allocation Failure) [PSYoungGen: 66960K->1424K(67584K)] 327918K->262382K(741376K), 0.0021833 secs] [Times: user=0.01 sys=0.00, real=0.00 secs] 
665.117: [GC (Allocation Failure) [PSYoungGen: 66960K->1408K(67584K)] 327918K->262366K(741376K), 0.0021957 secs] [Times: user=0.01 sys=0.00, real=0.01 secs] 
667.479: [GC (Allocation Failure) [PSYoungGen: 66944K->1984K(67584K)] 327902K->262942K(741376K), 0.0022713 secs] [Times: user=0.01 sys=0.00, real=0.00 secs] 
669.323: [GC (Allocation Failure) [PSYoungGen: 67520K->1440K(67584K)] 328478K->262398K(741376K), 0.0036563 secs] [Times: user=0.01 sys=0.00, real=0.00 secs] 
670.021: [GC (Allocation Failure) [PSYoungGen: 66976K->1392K(67584K)] 327934K->262358K(741376K), 0.0021152 secs] [Times: user=0.01 sys=0.00, real=0.00 secs] 
670.566: [GC (Allocation Failure) [PSYoungGen: 66928K->1440K(67584K)] 327894K->262406K(741376K), 0.0019398 secs] [Times: user=0.01 sys=0.00, real=0.00 secs] 
671.081: [GC (Allocation Failure) [PSYoungGen: 66976K->1408K(67584K)] 327942K->262374K(741376K), 0.0032746 secs] [Times: user=0.01 sys=0.00, real=0.00 secs] 
672.244: [GC (Allocation Failure) [PSYoungGen: 66944K->1440K(67584K)] 327910K->262406K(741376K), 0.0019761 secs] [Times: user=0.01 sys=0.00, real=0.00 secs] 
672.817: [GC (Allocation Failure) [PSYoungGen: 66976K->1392K(67584K)] 327942K->262358K(741376K), 0.0019547 secs] [Times: user=0.01 sys=0.00, real=0.00 secs] 
673.349: [GC (Allocation Failure) [PSYoungGen: 66928K->1376K(67584K)] 327894K->262342K(741376K), 0.0027930 secs] [Times: user=0.01 sys=0.00, real=0.01 secs] 
673.877: [GC (Allocation Failure) [PSYoungGen: 66912K->1408K(67584K)] 327878K->262374K(741376K), 0.0026179 secs] [Times: user=0.01 sys=0.00, real=0.01 secs] 
675.055: [GC (Allocation Failure) [PSYoungGen: 66944K->1424K(67584K)] 327910K->262390K(741376K), 0.0015303 secs] [Times: user=0.01 sys=0.00, real=0.00 secs] 
675.341: [GC (Allocation Failure) [PSYoungGen: 66960K->1360K(67584K)] 327926K->262326K(741376K), 0.0016970 secs] [Times: user=0.01 sys=0.00, real=0.00 secs] 
675.629: [GC (Allocation Failure) [PSYoungGen: 66896K->1392K(67584K)] 327862K->262358K(741376K), 0.0016293 secs] [Times: user=0.01 sys=0.00, real=0.00 secs] 
675.916: [GC (Allocation Failure) [PSYoungGen: 66928K->1408K(67584K)] 327894K->262398K(741376K), 0.0019656 secs] [Times: user=0.01 sys=0.00, real=0.00 secs] 
677.753: [GC (Allocation Failure) [PSYoungGen: 66944K->1376K(67584K)] 327934K->262374K(741376K), 0.0052144 secs] [Times: user=0.02 sys=0.00, real=0.00 secs] 
678.972: [GC (Allocation Failure) [PSYoungGen: 66912K->1376K(67584K)] 327910K->262374K(741376K), 0.0036278 secs] [Times: user=0.01 sys=0.00, real=0.00 secs] 
679.484: [GC (Allocation Failure) [PSYoungGen: 66912K->1376K(67584K)] 327910K->262374K(741376K), 0.0018929 secs] [Times: user=0.00 sys=0.00, real=0.00 secs] 
679.756: [GC (Allocation Failure) [PSYoungGen: 66912K->1408K(67072K)] 327910K->262406K(740864K), 0.0018902 secs] [Times: user=0.00 sys=0.00, real=0.00 secs] 
680.028: [GC (Allocation Failure) [PSYoungGen: 66944K->1376K(67072K)] 327942K->262374K(740864K), 0.0018388 secs] [Times: user=0.01 sys=0.00, real=0.01 secs] 
681.194: [GC (Allocation Failure) [PSYoungGen: 66912K->1408K(67072K)] 327910K->262406K(740864K), 0.0018312 secs] [Times: user=0.00 sys=0.00, real=0.00 secs] 
681.734: [GC (Allocation Failure) [PSYoungGen: 66944K->1408K(67072K)] 327942K->262406K(740864K), 0.0017977 secs] [Times: user=0.01 sys=0.00, real=0.00 secs] 
682.045: [GC (Allocation Failure) [PSYoungGen: 66944K->1376K(67072K)] 327942K->262374K(740864K), 0.0024558 secs] [Times: user=0.00 sys=0.00, real=0.00 secs] 
682.318: [GC (Allocation Failure) [PSYoungGen: 66912K->1376K(67072K)] 327910K->262374K(740864K), 0.0018352 secs] [Times: user=0.01 sys=0.00, real=0.01 secs] 
683.659: [GC (Allocation Failure) [PSYoungGen: 66912K->1408K(67072K)] 327910K->262406K(740864K), 0.0019388 secs] [Times: user=0.00 sys=0.00, real=0.00 secs] 
684.475: [GC (Allocation Failure) [PSYoungGen: 66944K->1344K(67072K)] 327942K->262350K(740864K), 0.0032289 secs] [Times: user=0.01 sys=0.00, real=0.00 secs] 
685.117: [GC (Allocation Failure) [PSYoungGen: 66880K->1440K(67072K)] 327886K->262446K(740864K), 0.0033718 secs] [Times: user=0.02 sys=0.00, real=0.01 secs] 
685.689: [GC (Allocation Failure) [PSYoungGen: 66976K->1472K(67072K)] 327982K->262478K(740864K), 0.0028857 secs] [Times: user=0.01 sys=0.00, real=0.00 secs] 
686.906: [GC (Allocation Failure) [PSYoungGen: 67008K->1472K(67072K)] 328014K->262478K(740864K), 0.0015437 secs] [Times: user=0.01 sys=0.00, real=0.00 secs] 
687.200: [GC (Allocation Failure) [PSYoungGen: 67008K->1440K(67072K)] 328014K->262446K(740864K), 0.0017366 secs] [Times: user=0.01 sys=0.00, real=0.00 secs] 
687.472: [GC (Allocation Failure) [PSYoungGen: 66976K->1408K(67072K)] 327982K->262422K(740864K), 0.0017134 secs] [Times: user=0.01 sys=0.00, real=0.00 secs] 
687.745: [GC (Allocation Failure) [PSYoungGen: 66944K->1408K(67072K)] 327958K->262422K(740864K), 0.0017214 secs] [Times: user=0.01 sys=0.00, real=0.00 secs] 
688.017: [GC (Allocation Failure) [PSYoungGen: 66944K->1376K(67072K)] 327958K->262390K(740864K), 0.0016219 secs] [Times: user=0.01 sys=0.00, real=0.00 secs] 
689.727: [GC (Allocation Failure) [PSYoungGen: 66912K->1472K(67072K)] 327926K->262486K(740864K), 0.0025633 secs] [Times: user=0.01 sys=0.00, real=0.01 secs] 
690.227: [GC (Allocation Failure) [PSYoungGen: 67008K->1472K(67072K)] 328022K->262486K(740864K), 0.0023993 secs] [Times: user=0.01 sys=0.00, real=0.01 secs] 
690.808: [GC (Allocation Failure) [PSYoungGen: 67008K->1408K(67072K)] 328022K->262422K(740864K), 0.0023480 secs] [Times: user=0.01 sys=0.00, real=0.01 secs] 
691.080: [GC (Allocation Failure) [PSYoungGen: 66944K->1408K(67072K)] 327958K->262422K(740864K), 0.0018140 secs] [Times: user=0.01 sys=0.00, real=0.00 secs] 
692.678: [GC (Allocation Failure) [PSYoungGen: 66944K->1472K(67072K)] 327958K->262486K(740864K), 0.0119272 secs] [Times: user=0.06 sys=0.00, real=0.02 secs] 
693.259: [GC (Allocation Failure) [PSYoungGen: 67008K->1440K(67072K)] 328022K->262454K(740864K), 0.0020691 secs] [Times: user=0.01 sys=0.00, real=0.01 secs] 
693.643: [GC (Allocation Failure) [PSYoungGen: 66976K->1440K(67072K)] 327990K->262454K(740864K), 0.0018375 secs] [Times: user=0.01 sys=0.00, real=0.00 secs] 
694.127: [GC (Allocation Failure) [PSYoungGen: 66976K->1344K(67072K)] 327990K->262374K(740864K), 0.0030789 secs] [Times: user=0.01 sys=0.00, real=0.01 secs] 
696.215: [GC (Allocation Failure) [PSYoungGen: 66880K->1440K(67072K)] 327910K->262478K(740864K), 0.0022387 secs] [Times: user=0.00 sys=0.00, real=0.00 secs] 
696.692: [GC (Allocation Failure) [PSYoungGen: 66976K->1408K(67072K)] 328014K->262446K(740864K), 0.0019927 secs] [Times: user=0.01 sys=0.00, real=0.00 secs] 
696.964: [GC (Allocation Failure) [PSYoungGen: 66944K->1376K(67072K)] 327982K->262414K(740864K), 0.0018236 secs] [Times: user=0.01 sys=0.00, real=0.00 secs] 
697.238: [GC (Allocation Failure) [PSYoungGen: 66912K->1424K(67072K)] 327950K->262462K(740864K), 0.0024466 secs] [Times: user=0.01 sys=0.00, real=0.01 secs] 
698.358: [GC (Allocation Failure) [PSYoungGen: 66960K->1504K(66560K)] 327998K->262574K(740352K), 0.0017803 secs] [Times: user=0.00 sys=0.01, real=0.01 secs] 
699.027: [GC (Allocation Failure) [PSYoungGen: 66528K->1408K(66560K)] 327598K->262478K(740352K), 0.0017377 secs] [Times: user=0.01 sys=0.00, real=0.00 secs] 
699.527: [GC (Allocation Failure) [PSYoungGen: 66432K->1376K(66560K)] 327502K->262446K(740352K), 0.0023531 secs] [Times: user=0.01 sys=0.00, real=0.01 secs] 
700.199: [GC (Allocation Failure) [PSYoungGen: 66400K->1424K(66560K)] 327470K->262494K(740352K), 0.0024162 secs] [Times: user=0.01 sys=0.00, real=0.00 secs] 
700.874: [GC (Allocation Failure) [PSYoungGen: 66448K->1440K(66560K)] 327518K->262510K(740352K), 0.0022156 secs] [Times: user=0.01 sys=0.00, real=0.00 secs] 
702.486: [GC (Allocation Failure) [PSYoungGen: 66464K->1504K(66560K)] 327534K->262574K(740352K), 0.0022691 secs] [Times: user=0.00 sys=0.00, real=0.00 secs] 
702.754: [GC (Allocation Failure) [PSYoungGen: 66528K->1472K(67072K)] 327598K->262542K(740864K), 0.0019397 secs] [Times: user=0.00 sys=0.01, real=0.00 secs] 
703.025: [GC (Allocation Failure) [PSYoungGen: 66496K->1440K(66560K)] 327566K->262526K(740352K), 0.0020425 secs] [Times: user=0.01 sys=0.00, real=0.00 secs] 
703.427: [GC (Allocation Failure) [PSYoungGen: 66464K->1440K(66560K)] 327550K->262526K(740352K), 0.0018681 secs] [Times: user=0.01 sys=0.00, real=0.01 secs] 
704.597: [GC (Allocation Failure) [PSYoungGen: 66464K->1504K(66560K)] 327550K->262590K(740352K), 0.0015871 secs] [Times: user=0.00 sys=0.00, real=0.00 secs] 
704.986: [GC (Allocation Failure) [PSYoungGen: 66528K->1472K(67072K)] 327614K->262574K(740864K), 0.0017444 secs] [Times: user=0.01 sys=0.00, real=0.00 secs] 
705.256: [GC (Allocation Failure) [PSYoungGen: 66496K->1440K(66560K)] 327598K->262542K(740352K), 0.0021781 secs] [Times: user=0.01 sys=0.00, real=0.00 secs] 
705.527: [GC (Allocation Failure) [PSYoungGen: 66464K->1440K(66560K)] 327566K->262542K(740352K), 0.0019653 secs] [Times: user=0.00 sys=0.00, real=0.01 secs] 
706.741: [GC (Allocation Failure) [PSYoungGen: 66214K->320K(66560K)] 327316K->261422K(740352K), 0.0014222 secs] [Times: user=0.01 sys=0.00, real=0.00 secs] 
707.277: [GC (Allocation Failure) [PSYoungGen: 65344K->1440K(67072K)] 326446K->262542K(740864K), 0.0017932 secs] [Times: user=0.01 sys=0.00, real=0.01 secs] 
707.548: [GC (Allocation Failure) [PSYoungGen: 66464K->1376K(67072K)] 327566K->262566K(740864K), 0.0018872 secs] [Times: user=0.01 sys=0.00, real=0.01 secs] 
707.818: [GC (Allocation Failure) [PSYoungGen: 66400K->1376K(67072K)] 327590K->262566K(740864K), 0.0017482 secs] [Times: user=0.01 sys=0.00, real=0.01 secs] 
708.365: [GC (Allocation Failure) [PSYoungGen: 66400K->1408K(67072K)] 327590K->262598K(740864K), 0.0021468 secs] [Times: user=0.00 sys=0.00, real=0.00 secs] 
709.503: [GC (Allocation Failure) [PSYoungGen: 66432K->1408K(67072K)] 327622K->262598K(740864K), 0.0017257 secs] [Times: user=0.00 sys=0.00, real=0.00 secs] 
709.773: [GC (Allocation Failure) [PSYoungGen: 66432K->1360K(67072K)] 327622K->262550K(740864K), 0.0017594 secs] [Times: user=0.01 sys=0.00, real=0.00 secs] 
710.067: [GC (Allocation Failure) [PSYoungGen: 66384K->1376K(67072K)] 327574K->262566K(740864K), 0.0017474 secs] [Times: user=0.01 sys=0.00, real=0.01 secs] 
710.337: [GC (Allocation Failure) [PSYoungGen: 66400K->1392K(67072K)] 327590K->262582K(740864K), 0.0019655 secs] [Times: user=0.01 sys=0.00, real=0.01 secs] 
711.690: [GC (Allocation Failure) [PSYoungGen: 66416K->1408K(67072K)] 327606K->262598K(740864K), 0.0015368 secs] [Times: user=0.00 sys=0.00, real=0.00 secs] 
711.959: [GC (Allocation Failure) [PSYoungGen: 66432K->1376K(67072K)] 327622K->262566K(740864K), 0.0017144 secs] [Times: user=0.00 sys=0.00, real=0.00 secs] 
712.341: [GC (Allocation Failure) [PSYoungGen: 66400K->1376K(67072K)] 327590K->262598K(740864K), 0.0017768 secs] [Times: user=0.01 sys=0.00, real=0.00 secs] 
712.913: [GC (Allocation Failure) [PSYoungGen: 66400K->1376K(66560K)] 327622K->262598K(740352K), 0.0026457 secs] [Times: user=0.01 sys=0.00, real=0.00 secs] 
713.453: [GC (Allocation Failure) [PSYoungGen: 66400K->1280K(66560K)] 327622K->262502K(740352K), 0.0021732 secs] [Times: user=0.01 sys=0.00, real=0.00 secs] 
714.435: [GC (Allocation Failure) [PSYoungGen: 66304K->1472K(66560K)] 327526K->262702K(740352K), 0.0017085 secs] [Times: user=0.01 sys=0.00, real=0.00 secs] 
714.783: [GC (Allocation Failure) [PSYoungGen: 66496K->1376K(66560K)] 327726K->262614K(740352K), 0.0016855 secs] [Times: user=0.01 sys=0.00, real=0.00 secs] 
715.053: [GC (Allocation Failure) [PSYoungGen: 66400K->1408K(66560K)] 327638K->262646K(740352K), 0.0016988 secs] [Times: user=0.00 sys=0.00, real=0.00 secs] 
715.334: [GC (Allocation Failure) [PSYoungGen: 66432K->1408K(66560K)] 327670K->262646K(740352K), 0.0016438 secs] [Times: user=0.01 sys=0.00, real=0.00 secs] 
716.381: [GC (Allocation Failure) [PSYoungGen: 66432K->1408K(66560K)] 327670K->262646K(740352K), 0.0017432 secs] [Times: user=0.01 sys=0.00, real=0.00 secs] 
716.676: [GC (Allocation Failure) [PSYoungGen: 66432K->1376K(66560K)] 327670K->262614K(740352K), 0.0016924 secs] [Times: user=0.01 sys=0.00, real=0.00 secs] 
716.954: [GC (Allocation Failure) [PSYoungGen: 66400K->1376K(66560K)] 327638K->262614K(740352K), 0.0017262 secs] [Times: user=0.01 sys=0.00, real=0.00 secs] 
717.382: [GC (Allocation Failure) [PSYoungGen: 66400K->1376K(66560K)] 327638K->262614K(740352K), 0.0018264 secs] [Times: user=0.01 sys=0.00, real=0.00 secs] 
718.985: [GC (Allocation Failure) [PSYoungGen: 66400K->1440K(66560K)] 327638K->262686K(740352K), 0.0019181 secs] [Times: user=0.00 sys=0.00, real=0.00 secs] 
719.566: [GC (Allocation Failure) [PSYoungGen: 66464K->1392K(66560K)] 327710K->262638K(740352K), 0.0023679 secs] [Times: user=0.01 sys=0.00, real=0.00 secs] 
720.095: [GC (Allocation Failure) [PSYoungGen: 66416K->1376K(66560K)] 327662K->262622K(740352K), 0.0024127 secs] [Times: user=0.01 sys=0.00, real=0.00 secs] 
720.583: [GC (Allocation Failure) [PSYoungGen: 66400K->1376K(66560K)] 327646K->262622K(740352K), 0.0028702 secs] [Times: user=0.01 sys=0.00, real=0.00 secs] 
721.087: [GC (Allocation Failure) [PSYoungGen: 66400K->1440K(66560K)] 327646K->262686K(740352K), 0.0023714 secs] [Times: user=0.01 sys=0.00, real=0.01 secs] 
722.229: [GC (Allocation Failure) [PSYoungGen: 66464K->1440K(66560K)] 327710K->262686K(740352K), 0.0015826 secs] [Times: user=0.00 sys=0.00, real=0.00 secs] 
722.862: [GC (Allocation Failure) [PSYoungGen: 66464K->1408K(66560K)] 327710K->262654K(740352K), 0.0018390 secs] [Times: user=0.01 sys=0.00, real=0.00 secs] 
723.442: [GC (Allocation Failure) [PSYoungGen: 66432K->1392K(66560K)] 327678K->262662K(740352K), 0.0031902 secs] [Times: user=0.01 sys=0.00, real=0.00 secs] 
723.986: [GC (Allocation Failure) [PSYoungGen: 66416K->1472K(66560K)] 327686K->262742K(740352K), 0.0028883 secs] [Times: user=0.01 sys=0.00, real=0.00 secs] 
725.380: [GC (Allocation Failure) [PSYoungGen: 66496K->1472K(66560K)] 327766K->262742K(740352K), 0.0019754 secs] [Times: user=0.01 sys=0.00, real=0.00 secs] 
726.639: [GC (Allocation Failure) [PSYoungGen: 66496K->1408K(66560K)] 327766K->262678K(740352K), 0.0035235 secs] [Times: user=0.01 sys=0.00, real=0.01 secs] 
727.497: [GC (Allocation Failure) [PSYoungGen: 66432K->1376K(66560K)] 327702K->262646K(740352K), 0.0031214 secs] [Times: user=0.01 sys=0.00, real=0.01 secs] 
728.352: [GC (Allocation Failure) [PSYoungGen: 66400K->1376K(66560K)] 327670K->262646K(740352K), 0.0031130 secs] [Times: user=0.01 sys=0.01, real=0.00 secs] 
729.810: [GC (Allocation Failure) [PSYoungGen: 66400K->1440K(66560K)] 327670K->262710K(740352K), 0.0016747 secs] [Times: user=0.00 sys=0.00, real=0.00 secs] 
730.572: [GC (Allocation Failure) [PSYoungGen: 66464K->1360K(66560K)] 327734K->262630K(740352K), 0.0034175 secs] [Times: user=0.01 sys=0.00, real=0.00 secs] 
731.387: [GC (Allocation Failure) [PSYoungGen: 66384K->1344K(66560K)] 327654K->262622K(740352K), 0.0028604 secs] [Times: user=0.01 sys=0.00, real=0.01 secs] 
732.287: [GC (Allocation Failure) [PSYoungGen: 66368K->1408K(66560K)] 327646K->262686K(740352K), 0.0036592 secs] [Times: user=0.01 sys=0.00, real=0.01 secs] 
732.941: [GC (Allocation Failure) [PSYoungGen: 66432K->1440K(66560K)] 327710K->262718K(740352K), 0.0026110 secs] [Times: user=0.01 sys=0.00, real=0.00 secs] 
734.276: [GC (Allocation Failure) [PSYoungGen: 66464K->1408K(66560K)] 327742K->262686K(740352K), 0.0020172 secs] [Times: user=0.01 sys=0.00, real=0.00 secs] 
735.032: [GC (Allocation Failure) [PSYoungGen: 66432K->1408K(66560K)] 327710K->262686K(740352K), 0.0030829 secs] [Times: user=0.01 sys=0.00, real=0.00 secs] 
735.803: [GC (Allocation Failure) [PSYoungGen: 66432K->1408K(66560K)] 327710K->262710K(740352K), 0.0038062 secs] [Times: user=0.02 sys=0.00, real=0.00 secs] 
736.527: [GC (Allocation Failure) [PSYoungGen: 66432K->1376K(66560K)] 327734K->262678K(740352K), 0.0035779 secs] [Times: user=0.01 sys=0.00, real=0.01 secs] 
738.035: [GC (Allocation Failure) [PSYoungGen: 66400K->1472K(66560K)] 327702K->262774K(740352K), 0.0015551 secs] [Times: user=0.00 sys=0.00, real=0.00 secs] 
738.480: [GC (Allocation Failure) [PSYoungGen: 66496K->1376K(66560K)] 327798K->262686K(740352K), 0.0018732 secs] [Times: user=0.01 sys=0.00, real=0.00 secs] 
738.801: [GC (Allocation Failure) [PSYoungGen: 66400K->1344K(66560K)] 327710K->262662K(740352K), 0.0022338 secs] [Times: user=0.01 sys=0.00, real=0.00 secs] 
739.420: [GC (Allocation Failure) [PSYoungGen: 66368K->1408K(66560K)] 327686K->262726K(740352K), 0.0021864 secs] [Times: user=0.00 sys=0.00, real=0.00 secs] 
740.723: [GC (Allocation Failure) [PSYoungGen: 66432K->1408K(66560K)] 327750K->262734K(740352K), 0.0017389 secs] [Times: user=0.00 sys=0.00, real=0.00 secs] 
741.107: [GC (Allocation Failure) [PSYoungGen: 66432K->1344K(66560K)] 327758K->262670K(740352K), 0.0017177 secs] [Times: user=0.01 sys=0.00, real=0.00 secs] 
741.393: [GC (Allocation Failure) [PSYoungGen: 66368K->1408K(66560K)] 327694K->262750K(740352K), 0.0015634 secs] [Times: user=0.01 sys=0.00, real=0.00 secs] 
741.666: [GC (Allocation Failure) [PSYoungGen: 66432K->1376K(66560K)] 327774K->262718K(740352K), 0.0028824 secs] [Times: user=0.01 sys=0.00, real=0.00 secs] 
741.939: [GC (Allocation Failure) [PSYoungGen: 66400K->1440K(66560K)] 327742K->262782K(740352K), 0.0019874 secs] [Times: user=0.00 sys=0.00, real=0.00 secs] 
743.202: [GC (Allocation Failure) [PSYoungGen: 66464K->1440K(66560K)] 327806K->262782K(740352K), 0.0018976 secs] [Times: user=0.01 sys=0.00, real=0.00 secs] 
743.770: [GC (Allocation Failure) [PSYoungGen: 66464K->1312K(66560K)] 327806K->262654K(740352K), 0.0032371 secs] [Times: user=0.02 sys=0.00, real=0.00 secs] 
744.315: [GC (Allocation Failure) [PSYoungGen: 66336K->1312K(66560K)] 327678K->262662K(740352K), 0.0025026 secs] [Times: user=0.01 sys=0.00, real=0.00 secs] 
744.817: [GC (Allocation Failure) [PSYoungGen: 66336K->1408K(66560K)] 327686K->262758K(740352K), 0.0021046 secs] [Times: user=0.01 sys=0.01, real=0.01 secs] 
746.179: [GC (Allocation Failure) [PSYoungGen: 66432K->1440K(66560K)] 327782K->262790K(740352K), 0.0019152 secs] [Times: user=0.00 sys=0.00, real=0.00 secs] 
747.102: [GC (Allocation Failure) [PSYoungGen: 66464K->1408K(66560K)] 327814K->262758K(740352K), 0.0031246 secs] [Times: user=0.00 sys=0.00, real=0.00 secs] 
747.886: [GC (Allocation Failure) [PSYoungGen: 66432K->1408K(66560K)] 327782K->262766K(740352K), 0.0037163 secs] [Times: user=0.02 sys=0.01, real=0.01 secs] 
748.824: [GC (Allocation Failure) [PSYoungGen: 66432K->1408K(66560K)] 327790K->262766K(740352K), 0.0033755 secs] [Times: user=0.01 sys=0.00, real=0.00 secs] 
750.209: [GC (Allocation Failure) [PSYoungGen: 66432K->1408K(66560K)] 327790K->262766K(740352K), 0.0017693 secs] [Times: user=0.00 sys=0.00, real=0.01 secs] 
750.752: [GC (Allocation Failure) [PSYoungGen: 66432K->1376K(66560K)] 327790K->262734K(740352K), 0.0020309 secs] [Times: user=0.01 sys=0.00, real=0.00 secs] 
751.295: [GC (Allocation Failure) [PSYoungGen: 66400K->1408K(66560K)] 327758K->262766K(740352K), 0.0018623 secs] [Times: user=0.00 sys=0.00, real=0.00 secs] 
751.566: [GC (Allocation Failure) [PSYoungGen: 66432K->1408K(66560K)] 327790K->262766K(740352K), 0.0018612 secs] [Times: user=0.01 sys=0.00, real=0.00 secs] 
752.071: [GC (Allocation Failure) [PSYoungGen: 66432K->1408K(66560K)] 327790K->262766K(740352K), 0.0018599 secs] [Times: user=0.01 sys=0.00, real=0.00 secs] 
753.544: [GC (Allocation Failure) [PSYoungGen: 66432K->1472K(66560K)] 327790K->262830K(740352K), 0.0021097 secs] [Times: user=0.01 sys=0.00, real=0.00 secs] 
754.140: [GC (Allocation Failure) [PSYoungGen: 66496K->1376K(66560K)] 327854K->262734K(740352K), 0.0033886 secs] [Times: user=0.01 sys=0.00, real=0.00 secs] 
754.710: [GC (Allocation Failure) [PSYoungGen: 66400K->1376K(66560K)] 327758K->262734K(740352K), 0.0029085 secs] [Times: user=0.01 sys=0.00, real=0.00 secs] 
755.241: [GC (Allocation Failure) [PSYoungGen: 66400K->1408K(66560K)] 327758K->262782K(740352K), 0.0019921 secs] [Times: user=0.01 sys=0.00, real=0.00 secs] 
757.607: [GC (Allocation Failure) [PSYoungGen: 66432K->1424K(66560K)] 327806K->262806K(740352K), 0.0021220 secs] [Times: user=0.01 sys=0.01, real=0.00 secs] 
758.613: [GC (Allocation Failure) [PSYoungGen: 66448K->1408K(66560K)] 327830K->262790K(740352K), 0.0029554 secs] [Times: user=0.01 sys=0.00, real=0.00 secs] 
759.205: [GC (Allocation Failure) [PSYoungGen: 66432K->1376K(66560K)] 327814K->262774K(740352K), 0.0025104 secs] [Times: user=0.01 sys=0.00, real=0.00 secs] 
759.752: [GC (Allocation Failure) [PSYoungGen: 66400K->1376K(66560K)] 327798K->262774K(740352K), 0.0020849 secs] [Times: user=0.00 sys=0.00, real=0.00 secs] 
761.021: [GC (Allocation Failure) [PSYoungGen: 66400K->1392K(66560K)] 327798K->262790K(740352K), 0.0017735 secs] [Times: user=0.01 sys=0.00, real=0.00 secs] 
761.299: [GC (Allocation Failure) [PSYoungGen: 66416K->1376K(66560K)] 327814K->262774K(740352K), 0.0018638 secs] [Times: user=0.01 sys=0.00, real=0.00 secs] 
761.694: [GC (Allocation Failure) [PSYoungGen: 66400K->1376K(66560K)] 327798K->262774K(740352K), 0.0019567 secs] [Times: user=0.01 sys=0.00, real=0.00 secs] 
762.150: [GC (Allocation Failure) [PSYoungGen: 66400K->1344K(66560K)] 327798K->262742K(740352K), 0.0018466 secs] [Times: user=0.00 sys=0.00, real=0.00 secs] 
762.663: [GC (Allocation Failure) [PSYoungGen: 66368K->1360K(66560K)] 327766K->262758K(740352K), 0.0019723 secs] [Times: user=0.01 sys=0.00, real=0.00 secs] 
764.227: [GC (Allocation Failure) [PSYoungGen: 66384K->1376K(66560K)] 327782K->262774K(740352K), 0.0020752 secs] [Times: user=0.01 sys=0.00, real=0.01 secs] 
764.844: [GC (Allocation Failure) [PSYoungGen: 66400K->1360K(66560K)] 327798K->262758K(740352K), 0.0025318 secs] [Times: user=0.01 sys=0.00, real=0.00 secs] 
765.382: [GC (Allocation Failure) [PSYoungGen: 66384K->1344K(66560K)] 327782K->262742K(740352K), 0.0029204 secs] [Times: user=0.01 sys=0.00, real=0.00 secs] 
765.939: [GC (Allocation Failure) [PSYoungGen: 66368K->1344K(66560K)] 327766K->262750K(740352K), 0.0029656 secs] [Times: user=0.01 sys=0.01, real=0.01 secs] 
766.957: [GC (Allocation Failure) [PSYoungGen: 66368K->1376K(66560K)] 327774K->262782K(740352K), 0.0017445 secs] [Times: user=0.01 sys=0.00, real=0.00 secs] 
767.245: [GC (Allocation Failure) [PSYoungGen: 66400K->1376K(66560K)] 327806K->262782K(740352K), 0.0016522 secs] [Times: user=0.01 sys=0.00, real=0.00 secs] 
767.716: [GC (Allocation Failure) [PSYoungGen: 66400K->1360K(66560K)] 327806K->262774K(740352K), 0.0030554 secs] [Times: user=0.01 sys=0.00, real=0.00 secs] 
768.222: [GC (Allocation Failure) [PSYoungGen: 66384K->1344K(66560K)] 327798K->262758K(740352K), 0.0025850 secs] [Times: user=0.01 sys=0.00, real=0.00 secs] 
769.697: [GC (Allocation Failure) [PSYoungGen: 66368K->1408K(66560K)] 327782K->262822K(740352K), 0.0019142 secs] [Times: user=0.01 sys=0.00, real=0.01 secs] 
770.225: [GC (Allocation Failure) [PSYoungGen: 66432K->1376K(66560K)] 327846K->262790K(740352K), 0.0018457 secs] [Times: user=0.00 sys=0.00, real=0.00 secs] 
770.496: [GC (Allocation Failure) [PSYoungGen: 66400K->1360K(66560K)] 327814K->262774K(740352K), 0.0018323 secs] [Times: user=0.01 sys=0.00, real=0.00 secs] 
770.887: [GC (Allocation Failure) [PSYoungGen: 66384K->1360K(66560K)] 327798K->262774K(740352K), 0.0017069 secs] [Times: user=0.01 sys=0.00, real=0.00 secs] 
771.844: [GC (Allocation Failure) [PSYoungGen: 66384K->1408K(66560K)] 327798K->262822K(740352K), 0.0025067 secs] [Times: user=0.01 sys=0.00, real=0.00 secs] 
773.022: [GC (Allocation Failure) [PSYoungGen: 66432K->1408K(66560K)] 327846K->262822K(740352K), 0.0016780 secs] [Times: user=0.00 sys=0.00, real=0.00 secs] 
773.476: [GC (Allocation Failure) [PSYoungGen: 66432K->1312K(66560K)] 327846K->262726K(740352K), 0.0020510 secs] [Times: user=0.01 sys=0.00, real=0.00 secs] 
774.129: [GC (Allocation Failure) [PSYoungGen: 66336K->1376K(66560K)] 327750K->262798K(740352K), 0.0034192 secs] [Times: user=0.01 sys=0.00, real=0.01 secs] 
774.766: [GC (Allocation Failure) [PSYoungGen: 66400K->1312K(66560K)] 327822K->262734K(740352K), 0.0029456 secs] [Times: user=0.01 sys=0.00, real=0.01 secs] 
776.753: [GC (Allocation Failure) [PSYoungGen: 66336K->1440K(66560K)] 327758K->262862K(740352K), 0.0034993 secs] [Times: user=0.02 sys=0.00, real=0.00 secs] 
777.386: [GC (Allocation Failure) [PSYoungGen: 66464K->1408K(66560K)] 327886K->262830K(740352K), 0.0023352 secs] [Times: user=0.01 sys=0.00, real=0.00 secs] 
777.960: [GC (Allocation Failure) [PSYoungGen: 66432K->1360K(66560K)] 327854K->262782K(740352K), 0.0025760 secs] [Times: user=0.01 sys=0.00, real=0.00 secs] 
778.487: [GC (Allocation Failure) [PSYoungGen: 66384K->1408K(66560K)] 327806K->262830K(740352K), 0.0020915 secs] [Times: user=0.01 sys=0.00, real=0.01 secs] 
779.647: [GC (Allocation Failure) [PSYoungGen: 66432K->896K(66560K)] 327854K->263350K(740352K), 0.0016852 secs] [Times: user=0.01 sys=0.00, real=0.01 secs] 
779.922: [GC (Allocation Failure) [PSYoungGen: 65920K->432K(67072K)] 328374K->262886K(740864K), 0.0016504 secs] [Times: user=0.01 sys=0.00, real=0.00 secs] 
780.191: [GC (Allocation Failure) [PSYoungGen: 65456K->416K(67072K)] 327910K->262886K(740864K), 0.0015511 secs] [Times: user=0.01 sys=0.00, real=0.00 secs] 
780.462: [GC (Allocation Failure) [PSYoungGen: 65440K->320K(67072K)] 327910K->262790K(740864K), 0.0016557 secs] [Times: user=0.00 sys=0.00, real=0.00 secs] 
780.777: [GC (Allocation Failure) [PSYoungGen: 65344K->352K(67072K)] 327814K->262822K(740864K), 0.0023091 secs] [Times: user=0.00 sys=0.00, real=0.01 secs] 
782.031: [GC (Allocation Failure) [PSYoungGen: 65376K->1472K(67072K)] 327846K->263942K(740864K), 0.0026188 secs] [Times: user=0.01 sys=0.00, real=0.00 secs] 
782.572: [GC (Allocation Failure) [PSYoungGen: 66496K->1376K(67072K)] 328966K->263846K(740864K), 0.0025689 secs] [Times: user=0.01 sys=0.00, real=0.00 secs] 
783.188: [GC (Allocation Failure) [PSYoungGen: 66400K->1408K(67072K)] 328870K->263886K(740864K), 0.0025476 secs] [Times: user=0.01 sys=0.00, real=0.01 secs] 
783.614: [GC (Allocation Failure) [PSYoungGen: 66432K->1376K(67072K)] 328910K->263854K(740864K), 0.0018564 secs] [Times: user=0.00 sys=0.00, real=0.00 secs] 
785.001: [GC (Allocation Failure) [PSYoungGen: 66400K->1440K(66560K)] 328878K->263926K(740352K), 0.0020528 secs] [Times: user=0.01 sys=0.00, real=0.00 secs] 
786.195: [GC (Allocation Failure) [PSYoungGen: 65952K->1408K(67072K)] 328438K->263894K(740864K), 0.0038084 secs] [Times: user=0.02 sys=0.00, real=0.00 secs] 
787.196: [GC (Allocation Failure) [PSYoungGen: 65920K->1312K(66048K)] 328406K->263798K(739840K), 0.0035333 secs] [Times: user=0.01 sys=0.00, real=0.01 secs] 
787.785: [GC (Allocation Failure) [PSYoungGen: 65824K->1392K(66560K)] 328310K->263878K(740352K), 0.0024223 secs] [Times: user=0.01 sys=0.00, real=0.00 secs] 
789.073: [GC (Allocation Failure) [PSYoungGen: 65904K->1664K(66048K)] 328390K->264150K(739840K), 0.0018963 secs] [Times: user=0.00 sys=0.00, real=0.00 secs] 
789.905: [GC (Allocation Failure) [PSYoungGen: 65664K->1408K(66560K)] 328150K->263894K(740352K), 0.0025797 secs] [Times: user=0.01 sys=0.00, real=0.00 secs] 
790.463: [GC (Allocation Failure) [PSYoungGen: 65408K->1376K(65536K)] 327894K->263870K(739328K), 0.0026418 secs] [Times: user=0.01 sys=0.00, real=0.00 secs] 
791.175: [GC (Allocation Failure) [PSYoungGen: 65376K->1376K(66048K)] 327870K->263870K(739840K), 0.0028034 secs] [Times: user=0.01 sys=0.00, real=0.00 secs] 
792.029: [GC (Allocation Failure) [PSYoungGen: 65376K->1408K(66048K)] 327870K->263902K(739840K), 0.0030731 secs] [Times: user=0.02 sys=0.00, real=0.01 secs] 
793.682: [GC (Allocation Failure) [PSYoungGen: 65408K->1408K(66048K)] 327902K->263902K(739840K), 0.0018790 secs] [Times: user=0.01 sys=0.00, real=0.00 secs] 
793.972: [GC (Allocation Failure) [PSYoungGen: 65408K->1344K(66048K)] 327902K->263838K(739840K), 0.0017510 secs] [Times: user=0.01 sys=0.00, real=0.00 secs] 
794.277: [GC (Allocation Failure) [PSYoungGen: 65344K->1376K(66048K)] 327838K->263870K(739840K), 0.0019035 secs] [Times: user=0.01 sys=0.00, real=0.01 secs] 
794.589: [GC (Allocation Failure) [PSYoungGen: 65376K->1408K(66048K)] 327870K->263902K(739840K), 0.0017967 secs] [Times: user=0.01 sys=0.00, real=0.01 secs] 
795.642: [GC (Allocation Failure) [PSYoungGen: 65408K->1440K(66048K)] 327902K->263934K(739840K), 0.0015245 secs] [Times: user=0.01 sys=0.00, real=0.00 secs] 
795.907: [GC (Allocation Failure) [PSYoungGen: 65440K->1344K(66048K)] 327934K->263838K(739840K), 0.0017442 secs] [Times: user=0.01 sys=0.00, real=0.01 secs] 
796.173: [GC (Allocation Failure) [PSYoungGen: 65344K->1376K(66048K)] 327838K->263878K(739840K), 0.0015636 secs] [Times: user=0.00 sys=0.00, real=0.00 secs] 
796.438: [GC (Allocation Failure) [PSYoungGen: 65376K->1376K(66048K)] 327878K->263878K(739840K), 0.0016188 secs] [Times: user=0.01 sys=0.00, real=0.01 secs] 
796.703: [GC (Allocation Failure) [PSYoungGen: 65376K->1408K(66048K)] 327878K->263910K(739840K), 0.0014630 secs] [Times: user=0.01 sys=0.00, real=0.00 secs] 
798.358: [GC (Allocation Failure) [PSYoungGen: 65408K->1408K(66048K)] 327910K->263910K(739840K), 0.0019762 secs] [Times: user=0.01 sys=0.00, real=0.01 secs] 
799.216: [GC (Allocation Failure) [PSYoungGen: 65408K->1376K(66048K)] 327910K->263878K(739840K), 0.0021809 secs] [Times: user=0.00 sys=0.01, real=0.00 secs] 
799.792: [GC (Allocation Failure) [PSYoungGen: 65376K->1408K(66048K)] 327878K->263910K(739840K), 0.0023157 secs] [Times: user=0.00 sys=0.00, real=0.00 secs] 
800.219: [GC (Allocation Failure) [PSYoungGen: 65408K->1408K(66048K)] 327910K->263910K(739840K), 0.0021399 secs] [Times: user=0.01 sys=0.00, real=0.00 secs] 
801.421: [GC (Allocation Failure) [PSYoungGen: 65408K->1408K(66048K)] 327910K->263910K(739840K), 0.0017895 secs] [Times: user=0.01 sys=0.00, real=0.00 secs] 
801.826: [GC (Allocation Failure) [PSYoungGen: 65408K->1408K(66048K)] 327910K->263910K(739840K), 0.0028992 secs] [Times: user=0.01 sys=0.00, real=0.01 secs] 
802.091: [GC (Allocation Failure) [PSYoungGen: 65408K->1408K(66048K)] 327910K->263926K(739840K), 0.0020537 secs] [Times: user=0.01 sys=0.00, real=0.00 secs] 
802.429: [GC (Allocation Failure) [PSYoungGen: 65408K->1376K(66048K)] 327926K->263894K(739840K), 0.0021104 secs] [Times: user=0.01 sys=0.00, real=0.00 secs] 
803.447: [GC (Allocation Failure) [PSYoungGen: 65376K->1344K(66048K)] 327894K->263862K(739840K), 0.0015309 secs] [Times: user=0.01 sys=0.00, real=0.00 secs] 
804.780: [GC (Allocation Failure) [PSYoungGen: 65344K->1408K(66048K)] 327862K->263926K(739840K), 0.0021323 secs] [Times: user=0.01 sys=0.00, real=0.00 secs] 
805.331: [GC (Allocation Failure) [PSYoungGen: 65408K->1408K(66048K)] 327926K->263926K(739840K), 0.0021911 secs] [Times: user=0.01 sys=0.00, real=0.00 secs] 
805.824: [GC (Allocation Failure) [PSYoungGen: 65408K->1376K(65536K)] 327926K->263894K(739328K), 0.0023069 secs] [Times: user=0.01 sys=0.00, real=0.00 secs] 
806.232: [GC (Allocation Failure) [PSYoungGen: 65376K->1376K(65536K)] 327894K->263894K(739328K), 0.0017956 secs] [Times: user=0.01 sys=0.00, real=0.00 secs] 
807.429: [GC (Allocation Failure) [PSYoungGen: 65376K->1408K(65536K)] 327894K->263926K(739328K), 0.0017195 secs] [Times: user=0.00 sys=0.00, real=0.01 secs] 
807.948: [GC (Allocation Failure) [PSYoungGen: 65408K->1376K(65536K)] 327926K->263894K(739328K), 0.0030576 secs] [Times: user=0.01 sys=0.00, real=0.01 secs] 
808.607: [GC (Allocation Failure) [PSYoungGen: 65376K->1344K(65536K)] 327894K->263862K(739328K), 0.0028209 secs] [Times: user=0.01 sys=0.00, real=0.01 secs] 
809.168: [GC (Allocation Failure) [PSYoungGen: 65344K->1392K(65536K)] 327862K->263910K(739328K), 0.0028507 secs] [Times: user=0.01 sys=0.01, real=0.01 secs] 
810.325: [GC (Allocation Failure) [PSYoungGen: 65392K->1440K(65536K)] 327910K->263958K(739328K), 0.0016987 secs] [Times: user=0.01 sys=0.00, real=0.00 secs] 
811.068: [GC (Allocation Failure) [PSYoungGen: 65440K->1408K(65536K)] 327958K->263926K(739328K), 0.0036691 secs] [Times: user=0.01 sys=0.00, real=0.01 secs] 
811.834: [GC (Allocation Failure) [PSYoungGen: 65408K->1344K(65536K)] 327926K->263862K(739328K), 0.0027982 secs] [Times: user=0.01 sys=0.00, real=0.00 secs] 
812.619: [GC (Allocation Failure) [PSYoungGen: 65344K->1344K(65536K)] 327862K->263862K(739328K), 0.0025391 secs] [Times: user=0.01 sys=0.00, real=0.01 secs] 
813.377: [GC (Allocation Failure) [PSYoungGen: 65344K->1344K(65536K)] 327862K->263862K(739328K), 0.0036909 secs] [Times: user=0.01 sys=0.00, real=0.01 secs] 
815.041: [GC (Allocation Failure) [PSYoungGen: 65344K->1408K(65536K)] 327862K->263934K(739328K), 0.0022432 secs] [Times: user=0.01 sys=0.00, real=0.00 secs] 
815.806: [GC (Allocation Failure) [PSYoungGen: 65408K->1376K(65536K)] 327934K->263902K(739328K), 0.0024308 secs] [Times: user=0.01 sys=0.01, real=0.00 secs] 
816.545: [GC (Allocation Failure) [PSYoungGen: 65376K->1344K(65536K)] 327902K->263878K(739328K), 0.0028534 secs] [Times: user=0.01 sys=0.00, real=0.00 secs] 
817.078: [GC (Allocation Failure) [PSYoungGen: 65344K->1408K(65536K)] 327878K->263942K(739328K), 0.0023640 secs] [Times: user=0.01 sys=0.00, real=0.01 secs] 
818.677: [GC (Allocation Failure) [PSYoungGen: 65408K->1408K(65536K)] 327942K->263942K(739328K), 0.0018212 secs] [Times: user=0.01 sys=0.00, real=0.00 secs] 
819.920: [GC (Allocation Failure) [PSYoungGen: 65408K->1344K(65536K)] 327942K->263878K(739328K), 0.0035966 secs] [Times: user=0.01 sys=0.01, real=0.00 secs] 
820.756: [GC (Allocation Failure) [PSYoungGen: 65344K->1344K(65536K)] 327878K->263878K(739328K), 0.0033158 secs] [Times: user=0.01 sys=0.00, real=0.01 secs] 
821.259: [GC (Allocation Failure) [PSYoungGen: 65344K->1376K(65536K)] 327878K->263910K(739328K), 0.0028489 secs] [Times: user=0.01 sys=0.00, real=0.00 secs] 
821.817: [GC (Allocation Failure) [PSYoungGen: 65376K->1408K(65536K)] 327910K->263942K(739328K), 0.0021661 secs] [Times: user=0.01 sys=0.00, real=0.01 secs] 
822.886: [GC (Allocation Failure) [PSYoungGen: 65408K->1440K(65536K)] 327942K->263974K(739328K), 0.0016359 secs] [Times: user=0.01 sys=0.00, real=0.00 secs] 
823.152: [GC (Allocation Failure) [PSYoungGen: 65440K->1376K(65536K)] 327974K->263910K(739328K), 0.0016759 secs] [Times: user=0.00 sys=0.00, real=0.00 secs] 
823.446: [GC (Allocation Failure) [PSYoungGen: 65376K->1408K(65536K)] 327910K->263942K(739328K), 0.0017588 secs] [Times: user=0.00 sys=0.00, real=0.00 secs] 
823.788: [GC (Allocation Failure) [PSYoungGen: 65408K->1408K(65536K)] 327942K->263942K(739328K), 0.0018233 secs] [Times: user=0.01 sys=0.00, real=0.01 secs] 
824.880: [GC (Allocation Failure) [PSYoungGen: 65408K->1408K(65536K)] 327942K->263950K(739328K), 0.0016805 secs] [Times: user=0.01 sys=0.00, real=0.00 secs] 
825.419: [GC (Allocation Failure) [PSYoungGen: 65408K->1440K(65536K)] 327950K->263982K(739328K), 0.0018837 secs] [Times: user=0.01 sys=0.00, real=0.00 secs] 
826.020: [GC (Allocation Failure) [PSYoungGen: 65440K->1408K(65536K)] 327982K->263966K(739328K), 0.0021674 secs] [Times: user=0.01 sys=0.00, real=0.00 secs] 
826.447: [GC (Allocation Failure) [PSYoungGen: 65408K->1440K(65536K)] 327966K->263998K(739328K), 0.0021848 secs] [Times: user=0.01 sys=0.00, real=0.01 secs] 
827.795: [GC (Allocation Failure) [PSYoungGen: 65440K->944K(65536K)] 327998K->264534K(739328K), 0.0021508 secs] [Times: user=0.01 sys=0.00, real=0.00 secs] 
828.843: [GC (Allocation Failure) [PSYoungGen: 64944K->352K(66048K)] 328534K->263942K(739840K), 0.0029197 secs] [Times: user=0.01 sys=0.00, real=0.00 secs] 
829.758: [GC (Allocation Failure) [PSYoungGen: 64352K->320K(66048K)] 327942K->263926K(739840K), 0.0028359 secs] [Times: user=0.01 sys=0.00, real=0.01 secs] 
830.458: [GC (Allocation Failure) [PSYoungGen: 64320K->320K(66048K)] 327926K->263926K(739840K), 0.0028609 secs] [Times: user=0.01 sys=0.00, real=0.01 secs] 
831.129: [GC (Allocation Failure) [PSYoungGen: 64320K->384K(66048K)] 327926K->263990K(739840K), 0.0023456 secs] [Times: user=0.01 sys=0.00, real=0.00 secs] 
832.256: [GC (Allocation Failure) [PSYoungGen: 64384K->1456K(66048K)] 327990K->265070K(739840K), 0.0016592 secs] [Times: user=0.00 sys=0.00, real=0.00 secs] 
832.552: [GC (Allocation Failure) [PSYoungGen: 65456K->1408K(66048K)] 329070K->265022K(739840K), 0.0017887 secs] [Times: user=0.00 sys=0.00, real=0.00 secs] 
832.818: [GC (Allocation Failure) [PSYoungGen: 65408K->1408K(65536K)] 329022K->265022K(739328K), 0.0016565 secs] [Times: user=0.01 sys=0.00, real=0.01 secs] 
833.112: [GC (Allocation Failure) [PSYoungGen: 64896K->1408K(66048K)] 328510K->265022K(739840K), 0.0016655 secs] [Times: user=0.00 sys=0.00, real=0.00 secs] 
834.173: [GC (Allocation Failure) [PSYoungGen: 64896K->1456K(66048K)] 328510K->265070K(739840K), 0.0019571 secs] [Times: user=0.01 sys=0.00, real=0.00 secs] 
834.480: [GC (Allocation Failure) [PSYoungGen: 64944K->1424K(66048K)] 328558K->265054K(739840K), 0.0016274 secs] [Times: user=0.01 sys=0.00, real=0.00 secs] 
834.810: [GC (Allocation Failure) [PSYoungGen: 64912K->1376K(66048K)] 328542K->265014K(739840K), 0.0017064 secs] [Times: user=0.01 sys=0.00, real=0.00 secs] 
835.103: [GC (Allocation Failure) [PSYoungGen: 64864K->1376K(65024K)] 328502K->265014K(738816K), 0.0019143 secs] [Times: user=0.01 sys=0.00, real=0.00 secs] 
835.367: [GC (Allocation Failure) [PSYoungGen: 64864K->1408K(65536K)] 328502K->265046K(739328K), 0.0018401 secs] [Times: user=0.00 sys=0.00, real=0.01 secs] 
836.370: [GC (Allocation Failure) [PSYoungGen: 64896K->1408K(65536K)] 328534K->265054K(739328K), 0.0017603 secs] [Times: user=0.01 sys=0.00, real=0.00 secs] 
836.653: [GC (Allocation Failure) [PSYoungGen: 64896K->1392K(65536K)] 328542K->265054K(739328K), 0.0016593 secs] [Times: user=0.00 sys=0.00, real=0.00 secs] 
836.917: [GC (Allocation Failure) [PSYoungGen: 64880K->1376K(65536K)] 328542K->265038K(739328K), 0.0016631 secs] [Times: user=0.01 sys=0.00, real=0.00 secs] 
837.181: [GC (Allocation Failure) [PSYoungGen: 64864K->1376K(65536K)] 328526K->265038K(739328K), 0.0016983 secs] [Times: user=0.01 sys=0.00, real=0.00 secs] 
839.588: [GC (Allocation Failure) [PSYoungGen: 64864K->1376K(65536K)] 328526K->265046K(739328K), 0.0038129 secs] [Times: user=0.02 sys=0.00, real=0.01 secs] 
840.828: [GC (Allocation Failure) [PSYoungGen: 64864K->1408K(65536K)] 328534K->265078K(739328K), 0.0028931 secs] [Times: user=0.01 sys=0.00, real=0.01 secs] 
841.418: [GC (Allocation Failure) [PSYoungGen: 64896K->1376K(65536K)] 328566K->265054K(739328K), 0.0023842 secs] [Times: user=0.00 sys=0.00, real=0.01 secs] 
842.170: [GC (Allocation Failure) [PSYoungGen: 64864K->1440K(65536K)] 328542K->265118K(739328K), 0.0025551 secs] [Times: user=0.01 sys=0.00, real=0.00 secs] 
842.954: [GC (Allocation Failure) [PSYoungGen: 64928K->1408K(65536K)] 328606K->265086K(739328K), 0.0020917 secs] [Times: user=0.01 sys=0.00, real=0.00 secs] 
846.004: [GC (Allocation Failure) [PSYoungGen: 64896K->1376K(65536K)] 328574K->265054K(739328K), 0.0032938 secs] [Times: user=0.01 sys=0.00, real=0.00 secs] 
846.650: [GC (Allocation Failure) [PSYoungGen: 64864K->1376K(65536K)] 328542K->265062K(739328K), 0.0025806 secs] [Times: user=0.00 sys=0.00, real=0.00 secs] 
847.172: [GC (Allocation Failure) [PSYoungGen: 64864K->1408K(65536K)] 328550K->265094K(739328K), 0.0025366 secs] [Times: user=0.01 sys=0.00, real=0.00 secs] 
847.786: [GC (Allocation Failure) [PSYoungGen: 64896K->1408K(65536K)] 328582K->265094K(739328K), 0.0020186 secs] [Times: user=0.00 sys=0.00, real=0.00 secs] 
848.955: [GC (Allocation Failure) [PSYoungGen: 64896K->1408K(65536K)] 328582K->265102K(739328K), 0.0015274 secs] [Times: user=0.01 sys=0.00, real=0.00 secs] 
849.218: [GC (Allocation Failure) [PSYoungGen: 64896K->1408K(65536K)] 328590K->265102K(739328K), 0.0015383 secs] [Times: user=0.00 sys=0.00, real=0.01 secs] 
849.481: [GC (Allocation Failure) [PSYoungGen: 64896K->1408K(65536K)] 328590K->265118K(739328K), 0.0014077 secs] [Times: user=0.01 sys=0.00, real=0.00 secs] 
849.744: [GC (Allocation Failure) [PSYoungGen: 64896K->1424K(65536K)] 328606K->265134K(739328K), 0.0016568 secs] [Times: user=0.00 sys=0.00, real=0.00 secs] 
850.733: [GC (Allocation Failure) [PSYoungGen: 64912K->1472K(65536K)] 328622K->265182K(739328K), 0.0014249 secs] [Times: user=0.00 sys=0.00, real=0.00 secs] 
851.328: [GC (Allocation Failure) [PSYoungGen: 64960K->1408K(65536K)] 328670K->265118K(739328K), 0.0015258 secs] [Times: user=0.01 sys=0.00, real=0.01 secs] 
851.723: [GC (Allocation Failure) [PSYoungGen: 64896K->1408K(65536K)] 328606K->265126K(739328K), 0.0016911 secs] [Times: user=0.01 sys=0.00, real=0.00 secs] 
851.987: [GC (Allocation Failure) [PSYoungGen: 64896K->1408K(65536K)] 328614K->265126K(739328K), 0.0018055 secs] [Times: user=0.01 sys=0.00, real=0.01 secs] 
852.251: [GC (Allocation Failure) [PSYoungGen: 64896K->1408K(65536K)] 328614K->265126K(739328K), 0.0018729 secs] [Times: user=0.00 sys=0.00, real=0.00 secs] 
853.951: [GC (Allocation Failure) [PSYoungGen: 64896K->1408K(65536K)] 328614K->265134K(739328K), 0.0036103 secs] [Times: user=0.01 sys=0.00, real=0.00 secs] 
854.875: [GC (Allocation Failure) [PSYoungGen: 64896K->1440K(65536K)] 328622K->265166K(739328K), 0.0030852 secs] [Times: user=0.02 sys=0.00, real=0.00 secs] 
855.581: [GC (Allocation Failure) [PSYoungGen: 64928K->1392K(65536K)] 328654K->265134K(739328K), 0.0036739 secs] [Times: user=0.01 sys=0.00, real=0.00 secs] 
856.456: [GC (Allocation Failure) [PSYoungGen: 64880K->1440K(65536K)] 328622K->265182K(739328K), 0.0027867 secs] [Times: user=0.01 sys=0.01, real=0.00 secs] 
858.232: [GC (Allocation Failure) [PSYoungGen: 64928K->1952K(65536K)] 328670K->266214K(739328K), 0.0027969 secs] [Times: user=0.01 sys=0.00, real=0.00 secs] 
858.888: [GC (Allocation Failure) [PSYoungGen: 65440K->1408K(65536K)] 329702K->265678K(739328K), 0.0018831 secs] [Times: user=0.01 sys=0.00, real=0.01 secs] 
859.161: [GC (Allocation Failure) [PSYoungGen: 64896K->1440K(65536K)] 329166K->265726K(739328K), 0.0019082 secs] [Times: user=0.01 sys=0.00, real=0.00 secs] 
859.425: [GC (Allocation Failure) [PSYoungGen: 64928K->1440K(65536K)] 329214K->265726K(739328K), 0.0018079 secs] [Times: user=0.01 sys=0.01, real=0.00 secs] 
859.688: [GC (Allocation Failure) [PSYoungGen: 64928K->1408K(65536K)] 329214K->265694K(739328K), 0.0018141 secs] [Times: user=0.01 sys=0.00, real=0.01 secs] 
861.295: [GC (Allocation Failure) [PSYoungGen: 64896K->1472K(65536K)] 329182K->265758K(739328K), 0.0019128 secs] [Times: user=0.01 sys=0.00, real=0.00 secs] 
862.035: [GC (Allocation Failure) [PSYoungGen: 64960K->1472K(65536K)] 329246K->265758K(739328K), 0.0018895 secs] [Times: user=0.01 sys=0.00, real=0.00 secs] 
862.716: [GC (Allocation Failure) [PSYoungGen: 64960K->1440K(65536K)] 329246K->265726K(739328K), 0.0019830 secs] [Times: user=0.00 sys=0.00, real=0.00 secs] 
863.250: [GC (Allocation Failure) [PSYoungGen: 64928K->1376K(65536K)] 329214K->265662K(739328K), 0.0032610 secs] [Times: user=0.01 sys=0.00, real=0.00 secs] 
864.529: [GC (Allocation Failure) [PSYoungGen: 64864K->1408K(65536K)] 329150K->265694K(739328K), 0.0013800 secs] [Times: user=0.01 sys=0.00, real=0.00 secs] 
864.791: [GC (Allocation Failure) [PSYoungGen: 64896K->1408K(65536K)] 329182K->265694K(739328K), 0.0015965 secs] [Times: user=0.01 sys=0.00, real=0.00 secs] 
865.055: [GC (Allocation Failure) [PSYoungGen: 64896K->1408K(65536K)] 329182K->265710K(739328K), 0.0016877 secs] [Times: user=0.00 sys=0.00, real=0.00 secs] 
865.444: [GC (Allocation Failure) [PSYoungGen: 64896K->1376K(65536K)] 329198K->265678K(739328K), 0.0025438 secs] [Times: user=0.00 sys=0.00, real=0.00 secs] 
865.865: [GC (Allocation Failure) [PSYoungGen: 64864K->1408K(65536K)] 329166K->265710K(739328K), 0.0023869 secs] [Times: user=0.01 sys=0.00, real=0.00 secs] 
867.399: [GC (Allocation Failure) [PSYoungGen: 64896K->1440K(65536K)] 329198K->265742K(739328K), 0.0024267 secs] [Times: user=0.00 sys=0.00, real=0.00 secs] 
868.312: [GC (Allocation Failure) [PSYoungGen: 64928K->1344K(65536K)] 329230K->265654K(739328K), 0.0032015 secs] [Times: user=0.01 sys=0.00, real=0.00 secs] 
869.013: [GC (Allocation Failure) [PSYoungGen: 64832K->1344K(65536K)] 329142K->265654K(739328K), 0.0037195 secs] [Times: user=0.01 sys=0.00, real=0.00 secs] 
869.760: [GC (Allocation Failure) [PSYoungGen: 64832K->1408K(65536K)] 329142K->265718K(739328K), 0.0028376 secs] [Times: user=0.01 sys=0.00, real=0.00 secs] 
871.134: [GC (Allocation Failure) [PSYoungGen: 64896K->1408K(65024K)] 329206K->265718K(738816K), 0.0018227 secs] [Times: user=0.01 sys=0.00, real=0.00 secs] 
871.511: [GC (Allocation Failure) [PSYoungGen: 64896K->1376K(65024K)] 329206K->265686K(738816K), 0.0018313 secs] [Times: user=0.01 sys=0.01, real=0.00 secs] 
871.776: [GC (Allocation Failure) [PSYoungGen: 64864K->1344K(65024K)] 329174K->265654K(738816K), 0.0016301 secs] [Times: user=0.01 sys=0.00, real=0.00 secs] 
872.039: [GC (Allocation Failure) [PSYoungGen: 64832K->1408K(65024K)] 329142K->265718K(738816K), 0.0019435 secs] [Times: user=0.01 sys=0.00, real=0.00 secs] 
872.684: [GC (Allocation Failure) [PSYoungGen: 64896K->1376K(65024K)] 329206K->265686K(738816K), 0.0020319 secs] [Times: user=0.01 sys=0.00, real=0.00 secs] 
874.970: [GC (Allocation Failure) [PSYoungGen: 64864K->1408K(65024K)] 329174K->265726K(738816K), 0.0034743 secs] [Times: user=0.02 sys=0.00, real=0.00 secs] 
876.042: [GC (Allocation Failure) [PSYoungGen: 64896K->1312K(65024K)] 329214K->265638K(738816K), 0.0032343 secs] [Times: user=0.02 sys=0.00, real=0.00 secs] 
876.712: [GC (Allocation Failure) [PSYoungGen: 64800K->1312K(65024K)] 329126K->265638K(738816K), 0.0037416 secs] [Times: user=0.01 sys=0.00, real=0.00 secs] 
877.483: [GC (Allocation Failure) [PSYoungGen: 64800K->1344K(65024K)] 329126K->265670K(738816K), 0.0032234 secs] [Times: user=0.01 sys=0.00, real=0.00 secs] 
878.899: [GC (Allocation Failure) [PSYoungGen: 64832K->1408K(65024K)] 329158K->265734K(738816K), 0.0018170 secs] [Times: user=0.00 sys=0.00, real=0.01 secs] 
879.163: [GC (Allocation Failure) [PSYoungGen: 64896K->1408K(65024K)] 329222K->265734K(738816K), 0.0018921 secs] [Times: user=0.01 sys=0.00, real=0.00 secs] 
879.456: [GC (Allocation Failure) [PSYoungGen: 64896K->1376K(65024K)] 329222K->265702K(738816K), 0.0018730 secs] [Times: user=0.01 sys=0.00, real=0.00 secs] 
879.915: [GC (Allocation Failure) [PSYoungGen: 64864K->1408K(65024K)] 329190K->265734K(738816K), 0.0018663 secs] [Times: user=0.00 sys=0.00, real=0.00 secs] 
881.213: [GC (Allocation Failure) [PSYoungGen: 64896K->320K(64512K)] 329222K->264646K(738304K), 0.0016136 secs] [Times: user=0.01 sys=0.00, real=0.00 secs] 
881.631: [GC (Allocation Failure) [PSYoungGen: 63296K->1440K(65024K)] 327622K->265766K(738816K), 0.0020827 secs] [Times: user=0.01 sys=0.00, real=0.00 secs] 
881.884: [GC (Allocation Failure) [PSYoungGen: 64416K->1408K(65024K)] 328742K->265734K(738816K), 0.0017931 secs] [Times: user=0.01 sys=0.00, real=0.00 secs] 
882.204: [GC (Allocation Failure) [PSYoungGen: 64384K->1344K(65024K)] 328710K->265670K(738816K), 0.0019383 secs] [Times: user=0.01 sys=0.00, real=0.00 secs] 
882.969: [GC (Allocation Failure) [PSYoungGen: 64320K->1344K(65024K)] 328646K->265670K(738816K), 0.0022860 secs] [Times: user=0.01 sys=0.00, real=0.01 secs] 
885.008: [GC (Allocation Failure) [PSYoungGen: 64320K->1408K(65024K)] 328646K->265734K(738816K), 0.0022991 secs] [Times: user=0.01 sys=0.00, real=0.01 secs] 
885.307: [GC (Allocation Failure) [PSYoungGen: 64384K->1408K(65024K)] 328710K->265734K(738816K), 0.0026444 secs] [Times: user=0.01 sys=0.00, real=0.01 secs] 
885.569: [GC (Allocation Failure) [PSYoungGen: 64384K->1376K(65024K)] 328710K->265718K(738816K), 0.0019468 secs] [Times: user=0.01 sys=0.00, real=0.00 secs] 
886.010: [GC (Allocation Failure) [PSYoungGen: 64352K->1408K(65024K)] 328694K->265750K(738816K), 0.0018316 secs] [Times: user=0.01 sys=0.00, real=0.00 secs] 
887.254: [GC (Allocation Failure) [PSYoungGen: 64384K->1472K(65024K)] 328726K->265814K(738816K), 0.0017171 secs] [Times: user=0.00 sys=0.00, real=0.00 secs] 
888.204: [GC (Allocation Failure) [PSYoungGen: 64448K->1344K(65024K)] 328790K->265686K(738816K), 0.0024408 secs] [Times: user=0.01 sys=0.00, real=0.00 secs] 
888.750: [GC (Allocation Failure) [PSYoungGen: 64320K->1344K(65024K)] 328662K->265686K(738816K), 0.0023741 secs] [Times: user=0.01 sys=0.00, real=0.00 secs] 
889.304: [GC (Allocation Failure) [PSYoungGen: 64320K->1408K(65024K)] 328662K->265750K(738816K), 0.0028628 secs] [Times: user=0.01 sys=0.00, real=0.00 secs] 
889.741: [GC (Allocation Failure) [PSYoungGen: 64384K->1408K(65024K)] 328726K->265750K(738816K), 0.0021735 secs] [Times: user=0.01 sys=0.00, real=0.00 secs] 
890.972: [GC (Allocation Failure) [PSYoungGen: 64384K->1408K(65024K)] 328726K->265750K(738816K), 0.0018782 secs] [Times: user=0.01 sys=0.00, real=0.00 secs] 
891.234: [GC (Allocation Failure) [PSYoungGen: 64384K->1376K(65024K)] 328726K->265718K(738816K), 0.0017873 secs] [Times: user=0.01 sys=0.00, real=0.00 secs] 
891.496: [GC (Allocation Failure) [PSYoungGen: 64352K->1376K(65024K)] 328694K->265718K(738816K), 0.0018343 secs] [Times: user=0.01 sys=0.00, real=0.00 secs] 
891.757: [GC (Allocation Failure) [PSYoungGen: 64352K->1376K(64512K)] 328694K->265718K(738304K), 0.0018999 secs] [Times: user=0.01 sys=0.00, real=0.01 secs] 
892.738: [GC (Allocation Failure) [PSYoungGen: 64352K->1504K(64000K)] 328694K->265942K(737792K), 0.0016228 secs] [Times: user=0.00 sys=0.00, real=0.01 secs] 
892.997: [GC (Allocation Failure) [PSYoungGen: 63968K->1296K(64512K)] 328406K->265750K(738304K), 0.0016308 secs] [Times: user=0.01 sys=0.00, real=0.00 secs] 
893.256: [GC (Allocation Failure) [PSYoungGen: 63760K->1312K(64512K)] 328214K->265766K(738304K), 0.0017795 secs] [Times: user=0.01 sys=0.00, real=0.00 secs] 
893.515: [GC (Allocation Failure) [PSYoungGen: 63776K->1280K(64512K)] 328230K->265734K(738304K), 0.0018399 secs] [Times: user=0.01 sys=0.00, real=0.00 secs] 
893.775: [GC (Allocation Failure) [PSYoungGen: 63744K->1328K(64512K)] 328198K->265782K(738304K), 0.0019393 secs] [Times: user=0.01 sys=0.00, real=0.00 secs] 
894.990: [GC (Allocation Failure) [PSYoungGen: 63792K->1440K(64512K)] 328246K->266918K(738304K), 0.0021648 secs] [Times: user=0.01 sys=0.00, real=0.00 secs] 
895.651: [GC (Allocation Failure) [PSYoungGen: 63904K->1408K(64512K)] 329382K->266886K(738304K), 0.0019961 secs] [Times: user=0.01 sys=0.00, real=0.00 secs] 
896.362: [GC (Allocation Failure) [PSYoungGen: 63872K->1360K(64512K)] 329350K->266838K(738304K), 0.0024569 secs] [Times: user=0.01 sys=0.00, real=0.00 secs] 
897.023: [GC (Allocation Failure) [PSYoungGen: 63824K->1408K(64512K)] 329302K->266886K(738304K), 0.0024538 secs] [Times: user=0.00 sys=0.00, real=0.00 secs] 
898.443: [GC (Allocation Failure) [PSYoungGen: 63872K->1472K(64512K)] 329350K->266950K(738304K), 0.0015919 secs] [Times: user=0.01 sys=0.00, real=0.00 secs] 
899.011: [GC (Allocation Failure) [PSYoungGen: 63936K->1376K(64512K)] 329414K->266854K(738304K), 0.0018808 secs] [Times: user=0.01 sys=0.00, real=0.00 secs] 
899.538: [GC (Allocation Failure) [PSYoungGen: 63840K->1408K(64512K)] 329318K->266886K(738304K), 0.0025695 secs] [Times: user=0.01 sys=0.00, real=0.01 secs] 
900.131: [GC (Allocation Failure) [PSYoungGen: 63872K->1376K(64000K)] 329350K->266854K(737792K), 0.0025151 secs] [Times: user=0.01 sys=0.00, real=0.00 secs] 
900.891: [GC (Allocation Failure) [PSYoungGen: 63840K->1408K(64000K)] 329318K->266886K(737792K), 0.0026206 secs] [Times: user=0.01 sys=0.00, real=0.00 secs] 
902.358: [GC (Allocation Failure) [PSYoungGen: 63872K->416K(63488K)] 329350K->266926K(737280K), 0.0018218 secs] [Times: user=0.01 sys=0.00, real=0.01 secs] 
902.760: [GC (Allocation Failure) [PSYoungGen: 62880K->384K(64512K)] 329390K->266926K(738304K), 0.0017949 secs] [Times: user=0.01 sys=0.00, real=0.00 secs] 
903.019: [GC (Allocation Failure) [PSYoungGen: 62848K->352K(64512K)] 329390K->266894K(738304K), 0.0016980 secs] [Times: user=0.01 sys=0.00, real=0.00 secs] 
903.323: [GC (Allocation Failure) [PSYoungGen: 62816K->384K(64512K)] 329358K->266926K(738304K), 0.0018912 secs] [Times: user=0.00 sys=0.00, real=0.00 secs] 
903.667: [GC (Allocation Failure) [PSYoungGen: 62848K->1373K(64512K)] 329390K->267915K(738304K), 0.0018718 secs] [Times: user=0.01 sys=0.00, real=0.01 secs] 
904.871: [GC (Allocation Failure) [PSYoungGen: 63837K->1440K(64512K)] 330379K->267990K(738304K), 0.0016050 secs] [Times: user=0.01 sys=0.00, real=0.00 secs] 
905.427: [GC (Allocation Failure) [PSYoungGen: 63904K->1376K(64512K)] 330454K->267926K(738304K), 0.0016732 secs] [Times: user=0.01 sys=0.00, real=0.00 secs] 
906.026: [GC (Allocation Failure) [PSYoungGen: 63840K->1344K(64512K)] 330390K->267894K(738304K), 0.0019500 secs] [Times: user=0.01 sys=0.00, real=0.00 secs] 
906.296: [GC (Allocation Failure) [PSYoungGen: 63808K->1408K(64512K)] 330358K->267958K(738304K), 0.0018912 secs] [Times: user=0.01 sys=0.00, real=0.00 secs] 
907.367: [GC (Allocation Failure) [PSYoungGen: 63872K->1440K(64512K)] 330422K->267990K(738304K), 0.0015417 secs] [Times: user=0.00 sys=0.00, real=0.00 secs] 
907.960: [GC (Allocation Failure) [PSYoungGen: 63904K->1376K(64512K)] 330454K->267926K(738304K), 0.0017846 secs] [Times: user=0.01 sys=0.01, real=0.00 secs] 
908.808: [GC (Allocation Failure) [PSYoungGen: 63840K->1408K(64512K)] 330390K->267958K(738304K), 0.0019395 secs] [Times: user=0.01 sys=0.00, real=0.01 secs] 
909.335: [GC (Allocation Failure) [PSYoungGen: 63872K->1392K(64512K)] 330422K->267942K(738304K), 0.0020163 secs] [Times: user=0.01 sys=0.00, real=0.00 secs] 
909.997: [GC (Allocation Failure) [PSYoungGen: 63856K->1360K(64512K)] 330406K->267910K(738304K), 0.0020820 secs] [Times: user=0.01 sys=0.00, real=0.01 secs] 
911.318: [GC (Allocation Failure) [PSYoungGen: 63824K->1408K(64512K)] 330374K->267958K(738304K), 0.0016581 secs] [Times: user=0.01 sys=0.00, real=0.01 secs] 
911.911: [GC (Allocation Failure) [PSYoungGen: 63872K->1344K(64512K)] 330422K->267910K(738304K), 0.0028492 secs] [Times: user=0.01 sys=0.00, real=0.00 secs] 
912.163: [GC (Allocation Failure) [PSYoungGen: 63808K->1408K(64512K)] 330374K->267974K(738304K), 0.0018090 secs] [Times: user=0.01 sys=0.00, real=0.00 secs] 
912.422: [GC (Allocation Failure) [PSYoungGen: 63872K->1376K(64512K)] 330438K->267942K(738304K), 0.0018147 secs] [Times: user=0.00 sys=0.00, real=0.00 secs] 
913.358: [GC (Allocation Failure) [PSYoungGen: 63840K->1408K(64512K)] 330406K->267974K(738304K), 0.0016851 secs] [Times: user=0.01 sys=0.00, real=0.01 secs] 
913.617: [GC (Allocation Failure) [PSYoungGen: 63872K->1408K(64512K)] 330438K->267974K(738304K), 0.0015372 secs] [Times: user=0.01 sys=0.00, real=0.00 secs] 
913.876: [GC (Allocation Failure) [PSYoungGen: 63872K->1376K(64512K)] 330438K->267958K(738304K), 0.0016461 secs] [Times: user=0.01 sys=0.00, real=0.00 secs] 
914.134: [GC (Allocation Failure) [PSYoungGen: 63840K->1376K(64512K)] 330422K->267958K(738304K), 0.0016489 secs] [Times: user=0.01 sys=0.00, real=0.00 secs] 
914.393: [GC (Allocation Failure) [PSYoungGen: 63840K->1408K(64512K)] 330422K->267990K(738304K), 0.0016505 secs] [Times: user=0.01 sys=0.00, real=0.00 secs] 
916.202: [GC (Allocation Failure) [PSYoungGen: 63872K->1472K(64512K)] 330454K->268054K(738304K), 0.0025852 secs] [Times: user=0.01 sys=0.00, real=0.00 secs] 
916.962: [GC (Allocation Failure) [PSYoungGen: 63936K->1408K(64512K)] 330518K->267990K(738304K), 0.0022264 secs] [Times: user=0.01 sys=0.00, real=0.00 secs] 
917.537: [GC (Allocation Failure) [PSYoungGen: 63872K->1408K(64512K)] 330454K->267990K(738304K), 0.0021305 secs] [Times: user=0.01 sys=0.00, real=0.01 secs] 
918.173: [GC (Allocation Failure) [PSYoungGen: 63872K->1344K(64512K)] 330454K->267926K(738304K), 0.0025097 secs] [Times: user=0.00 sys=0.00, real=0.00 secs] 
919.621: [GC (Allocation Failure) [PSYoungGen: 63808K->1376K(64512K)] 330390K->267958K(738304K), 0.0018835 secs] [Times: user=0.01 sys=0.00, real=0.00 secs] 
920.047: [GC (Allocation Failure) [PSYoungGen: 63840K->1408K(64512K)] 330422K->267990K(738304K), 0.0018919 secs] [Times: user=0.01 sys=0.00, real=0.00 secs] 
920.326: [GC (Allocation Failure) [PSYoungGen: 63872K->1408K(64512K)] 330454K->267990K(738304K), 0.0017866 secs] [Times: user=0.01 sys=0.00, real=0.00 secs] 
920.863: [GC (Allocation Failure) [PSYoungGen: 63872K->1344K(64512K)] 330454K->267926K(738304K), 0.0020707 secs] [Times: user=0.00 sys=0.00, real=0.00 secs] 
921.592: [GC (Allocation Failure) [PSYoungGen: 63808K->1440K(64512K)] 330390K->268022K(738304K), 0.0022880 secs] [Times: user=0.00 sys=0.01, real=0.00 secs] 
923.124: [GC (Allocation Failure) [PSYoungGen: 63904K->1440K(64512K)] 330486K->268022K(738304K), 0.0017594 secs] [Times: user=0.01 sys=0.00, real=0.00 secs] 
923.867: [GC (Allocation Failure) [PSYoungGen: 63904K->1408K(64512K)] 330486K->267990K(738304K), 0.0019935 secs] [Times: user=0.01 sys=0.00, real=0.00 secs] 
924.307: [GC (Allocation Failure) [PSYoungGen: 63872K->1344K(64512K)] 330454K->267926K(738304K), 0.0020196 secs] [Times: user=0.01 sys=0.00, real=0.00 secs] 
925.136: [GC (Allocation Failure) [PSYoungGen: 63808K->1376K(64512K)] 330390K->267966K(738304K), 0.0023420 secs] [Times: user=0.01 sys=0.01, real=0.00 secs] 
926.999: [GC (Allocation Failure) [PSYoungGen: 63840K->1440K(64512K)] 330430K->268030K(738304K), 0.0029275 secs] [Times: user=0.01 sys=0.00, real=0.00 secs] 
927.877: [GC (Allocation Failure) [PSYoungGen: 63904K->1376K(64512K)] 330494K->267966K(738304K), 0.0028660 secs] [Times: user=0.01 sys=0.00, real=0.01 secs] 
928.752: [GC (Allocation Failure) [PSYoungGen: 63840K->1328K(64512K)] 330430K->267918K(738304K), 0.0028405 secs] [Times: user=0.01 sys=0.00, real=0.00 secs] 
929.595: [GC (Allocation Failure) [PSYoungGen: 63792K->1376K(64000K)] 330382K->267966K(737792K), 0.0030175 secs] [Times: user=0.01 sys=0.00, real=0.00 secs] 
930.276: [GC (Allocation Failure) [PSYoungGen: 63840K->1376K(64000K)] 330430K->267966K(737792K), 0.0028649 secs] [Times: user=0.01 sys=0.00, real=0.01 secs] 
931.701: [GC (Allocation Failure) [PSYoungGen: 63840K->1440K(64000K)] 330430K->268030K(737792K), 0.0019704 secs] [Times: user=0.00 sys=0.00, real=0.00 secs] 
931.960: [GC (Allocation Failure) [PSYoungGen: 63904K->1360K(64000K)] 330494K->267950K(737792K), 0.0019197 secs] [Times: user=0.01 sys=0.00, real=0.00 secs] 
932.221: [GC (Allocation Failure) [PSYoungGen: 63824K->1408K(64000K)] 330414K->267998K(737792K), 0.0018407 secs] [Times: user=0.00 sys=0.00, real=0.00 secs] 
932.613: [GC (Allocation Failure) [PSYoungGen: 63872K->1408K(64000K)] 330462K->267998K(737792K), 0.0018901 secs] [Times: user=0.01 sys=0.00, real=0.00 secs] 
933.736: [GC (Allocation Failure) [PSYoungGen: 63872K->1392K(64000K)] 330462K->267982K(737792K), 0.0014257 secs] [Times: user=0.00 sys=0.00, real=0.00 secs] 
933.995: [GC (Allocation Failure) [PSYoungGen: 63856K->1344K(64000K)] 330446K->267934K(737792K), 0.0014202 secs] [Times: user=0.00 sys=0.00, real=0.00 secs] 
934.253: [GC (Allocation Failure) [PSYoungGen: 63808K->1408K(64000K)] 330398K->268014K(737792K), 0.0014826 secs] [Times: user=0.01 sys=0.00, real=0.00 secs] 
934.609: [GC (Allocation Failure) [PSYoungGen: 63872K->1408K(64000K)] 330478K->268030K(737792K), 0.0017977 secs] [Times: user=0.01 sys=0.00, real=0.01 secs] 
934.868: [GC (Allocation Failure) [PSYoungGen: 63872K->1408K(64000K)] 330494K->268030K(737792K), 0.0017099 secs] [Times: user=0.00 sys=0.00, real=0.01 secs] 
936.205: [GC (Allocation Failure) [PSYoungGen: 63872K->1408K(64000K)] 330494K->268030K(737792K), 0.0017114 secs] [Times: user=0.01 sys=0.00, real=0.00 secs] 
936.915: [GC (Allocation Failure) [PSYoungGen: 63872K->1408K(64000K)] 330494K->268038K(737792K), 0.0020839 secs] [Times: user=0.01 sys=0.00, real=0.00 secs] 
937.610: [GC (Allocation Failure) [PSYoungGen: 63872K->1408K(64000K)] 330502K->268038K(737792K), 0.0027035 secs] [Times: user=0.01 sys=0.00, real=0.00 secs] 
938.312: [GC (Allocation Failure) [PSYoungGen: 63872K->1344K(64000K)] 330502K->267974K(737792K), 0.0031237 secs] [Times: user=0.01 sys=0.00, real=0.00 secs] 
939.829: [GC (Allocation Failure) [PSYoungGen: 63808K->1376K(64000K)] 330438K->268006K(737792K), 0.0017294 secs] [Times: user=0.01 sys=0.00, real=0.00 secs] 
940.619: [GC (Allocation Failure) [PSYoungGen: 63840K->1344K(64000K)] 330470K->267974K(737792K), 0.0017701 secs] [Times: user=0.01 sys=0.00, real=0.00 secs] 
941.455: [GC (Allocation Failure) [PSYoungGen: 63808K->1376K(64000K)] 330438K->268006K(737792K), 0.0018809 secs] [Times: user=0.01 sys=0.00, real=0.00 secs] 
942.060: [GC (Allocation Failure) [PSYoungGen: 63840K->1408K(64000K)] 330470K->268038K(737792K), 0.0020586 secs] [Times: user=0.00 sys=0.00, real=0.00 secs] 
942.779: [GC (Allocation Failure) [PSYoungGen: 63872K->1344K(64000K)] 330502K->267974K(737792K), 0.0021939 secs] [Times: user=0.01 sys=0.00, real=0.00 secs] 
944.122: [GC (Allocation Failure) [PSYoungGen: 63808K->1440K(64000K)] 330438K->268070K(737792K), 0.0016389 secs] [Times: user=0.01 sys=0.00, real=0.00 secs] 
944.616: [GC (Allocation Failure) [PSYoungGen: 63904K->1344K(64000K)] 330534K->267982K(737792K), 0.0017569 secs] [Times: user=0.01 sys=0.00, real=0.00 secs] 
944.911: [GC (Allocation Failure) [PSYoungGen: 63808K->1344K(64000K)] 330446K->267982K(737792K), 0.0019514 secs] [Times: user=0.01 sys=0.00, real=0.00 secs] 
945.171: [GC (Allocation Failure) [PSYoungGen: 63808K->1408K(64000K)] 330446K->268046K(737792K), 0.0018933 secs] [Times: user=0.00 sys=0.00, real=0.00 secs] 
946.166: [GC (Allocation Failure) [PSYoungGen: 63872K->896K(64000K)] 330510K->268558K(737792K), 0.0017495 secs] [Times: user=0.01 sys=0.00, real=0.00 secs] 
946.515: [GC (Allocation Failure) [PSYoungGen: 63360K->320K(64512K)] 331022K->267982K(738304K), 0.0016721 secs] [Times: user=0.01 sys=0.00, real=0.00 secs] 
946.801: [GC (Allocation Failure) [PSYoungGen: 62784K->320K(64512K)] 330446K->267990K(738304K), 0.0019385 secs] [Times: user=0.01 sys=0.00, real=0.00 secs] 
947.140: [GC (Allocation Failure) [PSYoungGen: 62784K->352K(64512K)] 330454K->268022K(738304K), 0.0019108 secs] [Times: user=0.00 sys=0.00, real=0.00 secs] 
947.721: [GC (Allocation Failure) [PSYoungGen: 62816K->352K(64512K)] 330486K->268022K(738304K), 0.0018544 secs] [Times: user=0.01 sys=0.00, real=0.00 secs] 
949.157: [GC (Allocation Failure) [PSYoungGen: 62816K->1440K(64512K)] 330486K->269110K(738304K), 0.0031769 secs] [Times: user=0.01 sys=0.00, real=0.01 secs] 
949.691: [GC (Allocation Failure) [PSYoungGen: 63904K->1344K(64512K)] 331574K->269014K(738304K), 0.0024319 secs] [Times: user=0.01 sys=0.00, real=0.00 secs] 
950.042: [GC (Allocation Failure) [PSYoungGen: 63808K->1376K(64512K)] 331478K->269046K(738304K), 0.0019024 secs] [Times: user=0.01 sys=0.00, real=0.00 secs] 
950.301: [GC (Allocation Failure) [PSYoungGen: 63840K->1392K(64512K)] 331510K->269062K(738304K), 0.0019518 secs] [Times: user=0.01 sys=0.00, real=0.00 secs] 
951.460: [GC (Allocation Failure) [PSYoungGen: 63856K->1952K(64000K)] 331526K->269622K(737792K), 0.0021233 secs] [Times: user=0.01 sys=0.00, real=0.00 secs] 
953.518: [GC (Allocation Failure) [PSYoungGen: 63904K->1312K(64512K)] 331574K->268982K(738304K), 0.0035620 secs] [Times: user=0.01 sys=0.00, real=0.01 secs] 
954.547: [GC (Allocation Failure) [PSYoungGen: 63264K->1344K(64512K)] 330934K->269022K(738304K), 0.0024250 secs] [Times: user=0.00 sys=0.00, real=0.01 secs] 
955.060: [GC (Allocation Failure) [PSYoungGen: 63296K->1344K(64512K)] 330974K->269022K(738304K), 0.0021314 secs] [Times: user=0.01 sys=0.00, real=0.00 secs] 
955.570: [GC (Allocation Failure) [PSYoungGen: 63296K->1440K(64512K)] 330974K->269118K(738304K), 0.0020869 secs] [Times: user=0.01 sys=0.00, real=0.00 secs] 
956.728: [GC (Allocation Failure) [PSYoungGen: 63392K->1440K(64512K)] 331070K->269118K(738304K), 0.0023615 secs] [Times: user=0.01 sys=0.01, real=0.01 secs] 
957.063: [GC (Allocation Failure) [PSYoungGen: 63392K->1344K(63488K)] 331070K->269022K(737280K), 0.0019553 secs] [Times: user=0.00 sys=0.00, real=0.00 secs] 
957.471: [GC (Allocation Failure) [PSYoungGen: 63296K->1376K(64000K)] 330974K->269054K(737792K), 0.0017085 secs] [Times: user=0.00 sys=0.00, real=0.00 secs] 
957.938: [GC (Allocation Failure) [PSYoungGen: 63328K->1376K(64000K)] 331006K->269054K(737792K), 0.0021116 secs] [Times: user=0.01 sys=0.00, real=0.01 secs] 
958.404: [GC (Allocation Failure) [PSYoungGen: 63321K->240K(64000K)] 331000K->267918K(737792K), 0.0019864 secs] [Times: user=0.00 sys=0.00, real=0.00 secs] 
959.672: [GC (Allocation Failure) [PSYoungGen: 62192K->1440K(64512K)] 329870K->269118K(738304K), 0.0018847 secs] [Times: user=0.00 sys=0.00, real=0.00 secs] 
960.183: [GC (Allocation Failure) [PSYoungGen: 63392K->1376K(63488K)] 331070K->269054K(737280K), 0.0121793 secs] [Times: user=0.05 sys=0.00, real=0.01 secs] 
960.682: [GC (Allocation Failure) [PSYoungGen: 63328K->1408K(64000K)] 331006K->269086K(737792K), 0.0029188 secs] [Times: user=0.01 sys=0.00, real=0.00 secs] 
961.083: [GC (Allocation Failure) [PSYoungGen: 63360K->1392K(64000K)] 331038K->269070K(737792K), 0.0019007 secs] [Times: user=0.01 sys=0.00, real=0.00 secs] 
962.222: [GC (Allocation Failure) [PSYoungGen: 63344K->1376K(64000K)] 331022K->269054K(737792K), 0.0017723 secs] [Times: user=0.00 sys=0.00, real=0.00 secs] 
962.748: [GC (Allocation Failure) [PSYoungGen: 63328K->1376K(64000K)] 331006K->269054K(737792K), 0.0017371 secs] [Times: user=0.01 sys=0.00, real=0.01 secs] 
963.324: [GC (Allocation Failure) [PSYoungGen: 63328K->1376K(64000K)] 331006K->269054K(737792K), 0.0021070 secs] [Times: user=0.00 sys=0.00, real=0.00 secs] 
963.968: [GC (Allocation Failure) [PSYoungGen: 63328K->1344K(64000K)] 331006K->269038K(737792K), 0.0025900 secs] [Times: user=0.01 sys=0.00, real=0.01 secs] 
964.393: [GC (Allocation Failure) [PSYoungGen: 63296K->1376K(64000K)] 330990K->269070K(737792K), 0.0022837 secs] [Times: user=0.01 sys=0.00, real=0.00 secs] 
965.816: [GC (Allocation Failure) [PSYoungGen: 63328K->1376K(64000K)] 331022K->269070K(737792K), 0.0018968 secs] [Times: user=0.01 sys=0.00, real=0.00 secs] 
966.380: [GC (Allocation Failure) [PSYoungGen: 63328K->1360K(64000K)] 331022K->269062K(737792K), 0.0025510 secs] [Times: user=0.01 sys=0.00, real=0.00 secs] 
966.631: [GC (Allocation Failure) [PSYoungGen: 63312K->1408K(64000K)] 331014K->269110K(737792K), 0.0019090 secs] [Times: user=0.00 sys=0.00, real=0.00 secs] 
966.895: [GC (Allocation Failure) [PSYoungGen: 63360K->1376K(64000K)] 331062K->269078K(737792K), 0.0018700 secs] [Times: user=0.00 sys=0.01, real=0.00 secs] 
968.161: [GC (Allocation Failure) [PSYoungGen: 63328K->1408K(64000K)] 331030K->269110K(737792K), 0.0019732 secs] [Times: user=0.01 sys=0.00, real=0.00 secs] 
969.057: [GC (Allocation Failure) [PSYoungGen: 63360K->1408K(64000K)] 331062K->269110K(737792K), 0.0022070 secs] [Times: user=0.01 sys=0.00, real=0.01 secs] 
969.933: [GC (Allocation Failure) [PSYoungGen: 63360K->1376K(64000K)] 331062K->269078K(737792K), 0.0021522 secs] [Times: user=0.01 sys=0.00, real=0.00 secs] 
970.573: [GC (Allocation Failure) [PSYoungGen: 63328K->1360K(64000K)] 331030K->269062K(737792K), 0.0021522 secs] [Times: user=0.01 sys=0.00, real=0.00 secs] 
971.109: [GC (Allocation Failure) [PSYoungGen: 63312K->1376K(64000K)] 331014K->269078K(737792K), 0.0025498 secs] [Times: user=0.01 sys=0.00, real=0.01 secs] 
972.800: [GC (Allocation Failure) [PSYoungGen: 63328K->1408K(64000K)] 331030K->269110K(737792K), 0.0022550 secs] [Times: user=0.01 sys=0.00, real=0.00 secs] 
973.431: [GC (Allocation Failure) [PSYoungGen: 63360K->1408K(64000K)] 331062K->269110K(737792K), 0.0021676 secs] [Times: user=0.01 sys=0.00, real=0.00 secs] 
974.048: [GC (Allocation Failure) [PSYoungGen: 63360K->1408K(64000K)] 331062K->269110K(737792K), 0.0026224 secs] [Times: user=0.01 sys=0.00, real=0.01 secs] 
974.503: [GC (Allocation Failure) [PSYoungGen: 63360K->1408K(64000K)] 331062K->269110K(737792K), 0.0021760 secs] [Times: user=0.01 sys=0.00, real=0.00 secs] 
975.762: [GC (Allocation Failure) [PSYoungGen: 63360K->1408K(64000K)] 331062K->269118K(737792K), 0.0017567 secs] [Times: user=0.01 sys=0.00, real=0.00 secs] 
976.281: [GC (Allocation Failure) [PSYoungGen: 63360K->1376K(64000K)] 331070K->269086K(737792K), 0.0016232 secs] [Times: user=0.01 sys=0.00, real=0.00 secs] 
976.883: [GC (Allocation Failure) [PSYoungGen: 63328K->1344K(64000K)] 331038K->269062K(737792K), 0.0017595 secs] [Times: user=0.00 sys=0.00, real=0.00 secs] 
977.702: [GC (Allocation Failure) [PSYoungGen: 63296K->1376K(63488K)] 331014K->269094K(737280K), 0.0020335 secs] [Times: user=0.00 sys=0.00, real=0.00 secs] 
978.351: [GC (Allocation Failure) [PSYoungGen: 63328K->1408K(63488K)] 331046K->269126K(737280K), 0.0020650 secs] [Times: user=0.00 sys=0.00, real=0.00 secs] 
979.809: [GC (Allocation Failure) [PSYoungGen: 63360K->1408K(63488K)] 331078K->269126K(737280K), 0.0020566 secs] [Times: user=0.00 sys=0.00, real=0.01 secs] 
980.533: [GC (Allocation Failure) [PSYoungGen: 63360K->1344K(63488K)] 331078K->269070K(737280K), 0.0036041 secs] [Times: user=0.01 sys=0.00, real=0.00 secs] 
981.229: [GC (Allocation Failure) [PSYoungGen: 63296K->1376K(63488K)] 331022K->269110K(737280K), 0.0041550 secs] [Times: user=0.02 sys=0.00, real=0.01 secs] 
981.761: [GC (Allocation Failure) [PSYoungGen: 63328K->1344K(63488K)] 331062K->269078K(737280K), 0.0028515 secs] [Times: user=0.01 sys=0.00, real=0.00 secs] 
982.974: [GC (Allocation Failure) [PSYoungGen: 63296K->1408K(63488K)] 331030K->269142K(737280K), 0.0014183 secs] [Times: user=0.01 sys=0.00, real=0.00 secs] 
983.666: [GC (Allocation Failure) [PSYoungGen: 63360K->1408K(63488K)] 331094K->269142K(737280K), 0.0016235 secs] [Times: user=0.01 sys=0.00, real=0.00 secs] 
984.302: [GC (Allocation Failure) [PSYoungGen: 63360K->1376K(63488K)] 331094K->269110K(737280K), 0.0019641 secs] [Times: user=0.01 sys=0.00, real=0.00 secs] 
984.908: [GC (Allocation Failure) [PSYoungGen: 63328K->1408K(63488K)] 331062K->269142K(737280K), 0.0020196 secs] [Times: user=0.01 sys=0.00, real=0.01 secs] 
985.452: [GC (Allocation Failure) [PSYoungGen: 63360K->1408K(63488K)] 331094K->269150K(737280K), 0.0021717 secs] [Times: user=0.00 sys=0.00, real=0.00 secs] 
986.730: [GC (Allocation Failure) [PSYoungGen: 63360K->1376K(63488K)] 331102K->269118K(737280K), 0.0019150 secs] [Times: user=0.01 sys=0.00, real=0.00 secs] 
987.077: [GC (Allocation Failure) [PSYoungGen: 63328K->1376K(63488K)] 331070K->269118K(737280K), 0.0018895 secs] [Times: user=0.01 sys=0.00, real=0.01 secs] 
987.336: [GC (Allocation Failure) [PSYoungGen: 63328K->1408K(63488K)] 331070K->269150K(737280K), 0.0018106 secs] [Times: user=0.01 sys=0.00, real=0.00 secs] 
987.640: [GC (Allocation Failure) [PSYoungGen: 63360K->1376K(63488K)] 331102K->269118K(737280K), 0.0018808 secs] [Times: user=0.01 sys=0.00, real=0.00 secs] 
987.897: [GC (Allocation Failure) [PSYoungGen: 63328K->1376K(63488K)] 331070K->269118K(737280K), 0.0019013 secs] [Times: user=0.01 sys=0.00, real=0.01 secs] 
989.160: [GC (Allocation Failure) [PSYoungGen: 63328K->1440K(63488K)] 331070K->269182K(737280K), 0.0029320 secs] [Times: user=0.01 sys=0.00, real=0.00 secs] 
989.672: [GC (Allocation Failure) [PSYoungGen: 63392K->1344K(63488K)] 331134K->269086K(737280K), 0.0028536 secs] [Times: user=0.01 sys=0.00, real=0.00 secs] 
990.043: [GC (Allocation Failure) [PSYoungGen: 63296K->1344K(63488K)] 331038K->269086K(737280K), 0.0020253 secs] [Times: user=0.01 sys=0.00, real=0.00 secs] 
990.365: [GC (Allocation Failure) [PSYoungGen: 63296K->1424K(63488K)] 331038K->269166K(737280K), 0.0019098 secs] [Times: user=0.01 sys=0.00, real=0.00 secs] 
991.642: [GC (Allocation Failure) [PSYoungGen: 63376K->1440K(63488K)] 331118K->269182K(737280K), 0.0018948 secs] [Times: user=0.01 sys=0.00, real=0.00 secs] 
992.696: [GC (Allocation Failure) [PSYoungGen: 63392K->1440K(63488K)] 331134K->269182K(737280K), 0.0029378 secs] [Times: user=0.01 sys=0.00, real=0.00 secs] 
993.217: [GC (Allocation Failure) [PSYoungGen: 63392K->1440K(63488K)] 331134K->269182K(737280K), 0.0024025 secs] [Times: user=0.01 sys=0.00, real=0.01 secs] 
993.764: [GC (Allocation Failure) [PSYoungGen: 63392K->1344K(63488K)] 331134K->269094K(737280K), 0.0022165 secs] [Times: user=0.01 sys=0.00, real=0.00 secs] 
994.335: [GC (Allocation Failure) [PSYoungGen: 63296K->1408K(63488K)] 331046K->269158K(737280K), 0.0021935 secs] [Times: user=0.00 sys=0.00, real=0.00 secs] 
995.521: [GC (Allocation Failure) [PSYoungGen: 63360K->1424K(63488K)] 331110K->269174K(737280K), 0.0016896 secs] [Times: user=0.01 sys=0.00, real=0.00 secs] 
995.853: [GC (Allocation Failure) [PSYoungGen: 63376K->1408K(63488K)] 331126K->269166K(737280K), 0.0016340 secs] [Times: user=0.00 sys=0.00, real=0.00 secs] 
996.122: [GC (Allocation Failure) [PSYoungGen: 63360K->1376K(63488K)] 331118K->269134K(737280K), 0.0020806 secs] [Times: user=0.01 sys=0.00, real=0.00 secs] 
996.402: [GC (Allocation Failure) [PSYoungGen: 63328K->1408K(63488K)] 331086K->269166K(737280K), 0.0020426 secs] [Times: user=0.00 sys=0.00, real=0.00 secs] 
997.591: [GC (Allocation Failure) [PSYoungGen: 63360K->1376K(63488K)] 331118K->269134K(737280K), 0.0015765 secs] [Times: user=0.01 sys=0.00, real=0.00 secs] 
997.848: [GC (Allocation Failure) [PSYoungGen: 63328K->1376K(63488K)] 331086K->269134K(737280K), 0.0015603 secs] [Times: user=0.01 sys=0.00, real=0.01 secs] 
998.104: [GC (Allocation Failure) [PSYoungGen: 63328K->1360K(63488K)] 331086K->269118K(737280K), 0.0017245 secs] [Times: user=0.01 sys=0.00, real=0.00 secs] 
998.363: [GC (Allocation Failure) [PSYoungGen: 63312K->1408K(63488K)] 331070K->269166K(737280K), 0.0021148 secs] [Times: user=0.01 sys=0.00, real=0.00 secs] 
998.637: [GC (Allocation Failure) [PSYoungGen: 63360K->1376K(63488K)] 331118K->269134K(737280K), 0.0026032 secs] [Times: user=0.01 sys=0.00, real=0.01 secs] 
999.608: [GC (Allocation Failure) [PSYoungGen: 63328K->1392K(63488K)] 331086K->269150K(737280K), 0.0017289 secs] [Times: user=0.00 sys=0.00, real=0.01 secs] 
999.866: [GC (Allocation Failure) [PSYoungGen: 63344K->1376K(63488K)] 331102K->269134K(737280K), 0.0017431 secs] [Times: user=0.00 sys=0.00, real=0.00 secs] 
1000.123: [GC (Allocation Failure) [PSYoungGen: 63328K->1376K(63488K)] 331086K->269134K(737280K), 0.0017645 secs] [Times: user=0.01 sys=0.00, real=0.00 secs] 
1000.380: [GC (Allocation Failure) [PSYoungGen: 63328K->1376K(63488K)] 331086K->269134K(737280K), 0.0018853 secs] [Times: user=0.00 sys=0.00, real=0.00 secs] 
1001.408: [GC (Allocation Failure) [PSYoungGen: 63328K->896K(63488K)] 331086K->269710K(737280K), 0.0017223 secs] [Times: user=0.00 sys=0.00, real=0.01 secs] 
1001.666: [GC (Allocation Failure) [PSYoungGen: 62848K->336K(62976K)] 331662K->269150K(736768K), 0.0016641 secs] [Times: user=0.01 sys=0.00, real=0.00 secs] 
1001.921: [GC (Allocation Failure) [PSYoungGen: 61776K->288K(63488K)] 330590K->269102K(737280K), 0.0016009 secs] [Times: user=0.01 sys=0.00, real=0.00 secs] 
1002.176: [GC (Allocation Failure) [PSYoungGen: 61728K->320K(63488K)] 330542K->269134K(737280K), 0.0016992 secs] [Times: user=0.01 sys=0.00, real=0.00 secs] 
1002.431: [GC (Allocation Failure) [PSYoungGen: 61760K->368K(63488K)] 330574K->269182K(737280K), 0.0016546 secs] [Times: user=0.01 sys=0.00, real=0.00 secs] 
1004.750: [GC (Allocation Failure) [PSYoungGen: 61808K->1376K(63488K)] 330622K->270190K(737280K), 0.0036253 secs] [Times: user=0.01 sys=0.00, real=0.00 secs] 
1005.558: [GC (Allocation Failure) [PSYoungGen: 62816K->1344K(63488K)] 331630K->270158K(737280K), 0.0036728 secs] [Times: user=0.01 sys=0.00, real=0.01 secs] 
1005.959: [GC (Allocation Failure) [PSYoungGen: 62784K->1376K(63488K)] 331598K->270190K(737280K), 0.0018478 secs] [Times: user=0.01 sys=0.00, real=0.00 secs] 
1006.214: [GC (Allocation Failure) [PSYoungGen: 62816K->1376K(63488K)] 331630K->270190K(737280K), 0.0016954 secs] [Times: user=0.01 sys=0.00, real=0.00 secs] 
1006.469: [GC (Allocation Failure) [PSYoungGen: 62816K->1376K(63488K)] 331630K->270190K(737280K), 0.0017616 secs] [Times: user=0.01 sys=0.00, real=0.00 secs] 
1007.442: [GC (Allocation Failure) [PSYoungGen: 62816K->1424K(63488K)] 331630K->270238K(737280K), 0.0017098 secs] [Times: user=0.00 sys=0.00, real=0.00 secs] 
1007.697: [GC (Allocation Failure) [PSYoungGen: 62864K->1376K(63488K)] 331678K->270190K(737280K), 0.0017088 secs] [Times: user=0.01 sys=0.00, real=0.01 secs] 
1007.952: [GC (Allocation Failure) [PSYoungGen: 62816K->1392K(63488K)] 331630K->270206K(737280K), 0.0019985 secs] [Times: user=0.01 sys=0.00, real=0.00 secs] 
1008.207: [GC (Allocation Failure) [PSYoungGen: 62832K->1376K(63488K)] 331646K->270190K(737280K), 0.0017519 secs] [Times: user=0.00 sys=0.00, real=0.01 secs] 
1009.207: [GC (Allocation Failure) [PSYoungGen: 62816K->1440K(63488K)] 331630K->270254K(737280K), 0.0016101 secs] [Times: user=0.00 sys=0.00, real=0.00 secs] 
1009.462: [GC (Allocation Failure) [PSYoungGen: 62880K->1408K(63488K)] 331694K->270222K(737280K), 0.0016286 secs] [Times: user=0.01 sys=0.00, real=0.00 secs] 
1009.813: [GC (Allocation Failure) [PSYoungGen: 62848K->1376K(63488K)] 331662K->270190K(737280K), 0.0018493 secs] [Times: user=0.01 sys=0.00, real=0.00 secs] 
1010.069: [GC (Allocation Failure) [PSYoungGen: 62816K->1408K(63488K)] 331630K->270222K(737280K), 0.0018097 secs] [Times: user=0.01 sys=0.00, real=0.01 secs] 
1010.354: [GC (Allocation Failure) [PSYoungGen: 62848K->1376K(63488K)] 331662K->270190K(737280K), 0.0019252 secs] [Times: user=0.01 sys=0.00, real=0.00 secs] 
1011.335: [GC (Allocation Failure) [PSYoungGen: 62816K->1440K(63488K)] 331630K->270254K(737280K), 0.0018038 secs] [Times: user=0.01 sys=0.00, real=0.00 secs] 
1011.590: [GC (Allocation Failure) [PSYoungGen: 62880K->1408K(63488K)] 331694K->270254K(737280K), 0.0017628 secs] [Times: user=0.00 sys=0.00, real=0.00 secs] 
1011.845: [GC (Allocation Failure) [PSYoungGen: 62848K->1408K(63488K)] 331694K->270254K(737280K), 0.0016750 secs] [Times: user=0.00 sys=0.00, real=0.00 secs] 
1012.101: [GC (Allocation Failure) [PSYoungGen: 62848K->1376K(63488K)] 331694K->270222K(737280K), 0.0017277 secs] [Times: user=0.01 sys=0.00, real=0.00 secs] 
1013.059: [GC (Allocation Failure) [PSYoungGen: 62816K->1360K(63488K)] 331662K->270206K(737280K), 0.0017700 secs] [Times: user=0.00 sys=0.00, real=0.01 secs] 
1013.326: [GC (Allocation Failure) [PSYoungGen: 62800K->1376K(63488K)] 331646K->270222K(737280K), 0.0016883 secs] [Times: user=0.00 sys=0.00, real=0.00 secs] 
1013.581: [GC (Allocation Failure) [PSYoungGen: 62816K->1376K(63488K)] 331662K->270230K(737280K), 0.0015471 secs] [Times: user=0.01 sys=0.00, real=0.00 secs] 
1013.835: [GC (Allocation Failure) [PSYoungGen: 62816K->1408K(63488K)] 331670K->270262K(737280K), 0.0016027 secs] [Times: user=0.00 sys=0.00, real=0.00 secs] 
1014.090: [GC (Allocation Failure) [PSYoungGen: 62848K->1408K(63488K)] 331702K->270262K(737280K), 0.0015037 secs] [Times: user=0.01 sys=0.00, real=0.00 secs] 
1015.020: [GC (Allocation Failure) [PSYoungGen: 62848K->1408K(63488K)] 331702K->270262K(737280K), 0.0017470 secs] [Times: user=0.01 sys=0.00, real=0.00 secs] 
1015.275: [GC (Allocation Failure) [PSYoungGen: 62848K->1376K(63488K)] 331702K->270230K(737280K), 0.0016780 secs] [Times: user=0.00 sys=0.00, real=0.00 secs] 
1015.530: [GC (Allocation Failure) [PSYoungGen: 62816K->1376K(63488K)] 331670K->270230K(737280K), 0.0015525 secs] [Times: user=0.01 sys=0.00, real=0.00 secs] 
1015.785: [GC (Allocation Failure) [PSYoungGen: 62816K->1376K(63488K)] 331670K->270230K(737280K), 0.0015901 secs] [Times: user=0.00 sys=0.00, real=0.00 secs] 
1016.688: [GC (Allocation Failure) [PSYoungGen: 62816K->304K(63488K)] 331670K->269158K(737280K), 0.0015312 secs] [Times: user=0.01 sys=0.00, real=0.01 secs] 
1017.921: [GC (Allocation Failure) [PSYoungGen: 61744K->1408K(63488K)] 330598K->270262K(737280K), 0.0029372 secs] [Times: user=0.02 sys=0.00, real=0.00 secs] 
1018.541: [GC (Allocation Failure) [PSYoungGen: 62848K->1328K(63488K)] 331702K->270182K(737280K), 0.0030745 secs] [Times: user=0.01 sys=0.00, real=0.00 secs] 
1019.183: [GC (Allocation Failure) [PSYoungGen: 62768K->1312K(63488K)] 331622K->270166K(737280K), 0.0031145 secs] [Times: user=0.01 sys=0.00, real=0.00 secs] 
1019.797: [GC (Allocation Failure) [PSYoungGen: 62752K->1408K(63488K)] 331606K->270262K(737280K), 0.0032439 secs] [Times: user=0.01 sys=0.00, real=0.01 secs] 
1021.083: [GC (Allocation Failure) [PSYoungGen: 62848K->1440K(63488K)] 331702K->270294K(737280K), 0.0015760 secs] [Times: user=0.01 sys=0.00, real=0.00 secs] 
1021.338: [GC (Allocation Failure) [PSYoungGen: 62880K->1376K(63488K)] 331734K->270230K(737280K), 0.0015564 secs] [Times: user=0.01 sys=0.00, real=0.01 secs] 
1021.593: [GC (Allocation Failure) [PSYoungGen: 62816K->1408K(63488K)] 331670K->270262K(737280K), 0.0015953 secs] [Times: user=0.01 sys=0.00, real=0.00 secs] 
1021.848: [GC (Allocation Failure) [PSYoungGen: 62848K->1376K(63488K)] 331702K->270230K(737280K), 0.0015998 secs] [Times: user=0.00 sys=0.00, real=0.01 secs] 
1022.102: [GC (Allocation Failure) [PSYoungGen: 62816K->1408K(63488K)] 331670K->270278K(737280K), 0.0015618 secs] [Times: user=0.00 sys=0.00, real=0.00 secs] 
1024.574: [GC (Allocation Failure) [PSYoungGen: 62848K->1376K(63488K)] 331718K->270246K(737280K), 0.0036451 secs] [Times: user=0.01 sys=0.00, real=0.00 secs] 
1025.792: [GC (Allocation Failure) [PSYoungGen: 62816K->1344K(63488K)] 331686K->270214K(737280K), 0.0036318 secs] [Times: user=0.01 sys=0.00, real=0.00 secs] 
1026.499: [GC (Allocation Failure) [PSYoungGen: 62784K->1376K(63488K)] 331654K->270246K(737280K), 0.0027664 secs] [Times: user=0.01 sys=0.00, real=0.00 secs] 
1027.419: [GC (Allocation Failure) [PSYoungGen: 62816K->1376K(63488K)] 331686K->270246K(737280K), 0.0032470 secs] [Times: user=0.01 sys=0.00, real=0.00 secs] 
1029.300: [GC (Allocation Failure) [PSYoungGen: 62816K->1440K(63488K)] 331686K->270310K(737280K), 0.0017662 secs] [Times: user=0.00 sys=0.00, real=0.00 secs] 
1030.509: [GC (Allocation Failure) [PSYoungGen: 62880K->1376K(63488K)] 331750K->270246K(737280K), 0.0038893 secs] [Times: user=0.02 sys=0.00, real=0.01 secs] 
1031.292: [GC (Allocation Failure) [PSYoungGen: 62816K->1312K(63488K)] 331686K->270182K(737280K), 0.0030368 secs] [Times: user=0.01 sys=0.00, real=0.00 secs] 
1031.960: [GC (Allocation Failure) [PSYoungGen: 62752K->1312K(63488K)] 331622K->270182K(737280K), 0.0027209 secs] [Times: user=0.01 sys=0.00, real=0.00 secs] 
1032.454: [GC (Allocation Failure) [PSYoungGen: 62752K->1408K(63488K)] 331622K->270278K(737280K), 0.0031092 secs] [Times: user=0.01 sys=0.00, real=0.00 secs] 
1033.842: [GC (Allocation Failure) [PSYoungGen: 62848K->1408K(63488K)] 331718K->270278K(737280K), 0.0016100 secs] [Times: user=0.00 sys=0.00, real=0.00 secs] 
1034.125: [GC (Allocation Failure) [PSYoungGen: 62848K->1408K(63488K)] 331718K->270278K(737280K), 0.0016750 secs] [Times: user=0.01 sys=0.00, real=0.00 secs] 
1034.380: [GC (Allocation Failure) [PSYoungGen: 62848K->1376K(63488K)] 331718K->270246K(737280K), 0.0017330 secs] [Times: user=0.01 sys=0.00, real=0.00 secs] 
1034.636: [GC (Allocation Failure) [PSYoungGen: 62816K->1408K(62976K)] 331686K->270278K(736768K), 0.0017974 secs] [Times: user=0.00 sys=0.00, real=0.00 secs] 
1035.086: [GC (Allocation Failure) [PSYoungGen: 62848K->1405K(62976K)] 331718K->270275K(736768K), 0.0014292 secs] [Times: user=0.01 sys=0.00, real=0.00 secs] 
1037.686: [GC (Allocation Failure) [PSYoungGen: 62845K->1376K(62976K)] 331715K->270254K(736768K), 0.0037067 secs] [Times: user=0.01 sys=0.00, real=0.01 secs] 
1038.656: [GC (Allocation Failure) [PSYoungGen: 62816K->1376K(62976K)] 331694K->270262K(736768K), 0.0035539 secs] [Times: user=0.01 sys=0.00, real=0.01 secs] 
1039.409: [GC (Allocation Failure) [PSYoungGen: 62816K->1344K(62976K)] 331702K->270230K(736768K), 0.0037593 secs] [Times: user=0.02 sys=0.01, real=0.00 secs] 
1040.105: [GC (Allocation Failure) [PSYoungGen: 62784K->1328K(62976K)] 331670K->270214K(736768K), 0.0028761 secs] [Times: user=0.00 sys=0.00, real=0.00 secs] 
1041.667: [GC (Allocation Failure) [PSYoungGen: 62768K->1472K(62976K)] 331654K->270366K(736768K), 0.0022456 secs] [Times: user=0.01 sys=0.00, real=0.01 secs] 
1042.370: [GC (Allocation Failure) [PSYoungGen: 62912K->1376K(62976K)] 331806K->270270K(736768K), 0.0030689 secs] [Times: user=0.01 sys=0.00, real=0.00 secs] 
1043.082: [GC (Allocation Failure) [PSYoungGen: 62816K->1376K(62976K)] 331710K->270270K(736768K), 0.0027878 secs] [Times: user=0.01 sys=0.00, real=0.00 secs] 
1043.596: [GC (Allocation Failure) [PSYoungGen: 62816K->1376K(62976K)] 331710K->270270K(736768K), 0.0021303 secs] [Times: user=0.00 sys=0.00, real=0.00 secs] 
1044.135: [GC (Allocation Failure) [PSYoungGen: 62816K->1376K(62976K)] 331710K->270270K(736768K), 0.0025737 secs] [Times: user=0.01 sys=0.00, real=0.00 secs] 
1045.570: [GC (Allocation Failure) [PSYoungGen: 62816K->1440K(62976K)] 331710K->270334K(736768K), 0.0022313 secs] [Times: user=0.01 sys=0.00, real=0.00 secs] 
1046.398: [GC (Allocation Failure) [PSYoungGen: 62880K->1344K(62976K)] 331774K->270246K(736768K), 0.0035600 secs] [Times: user=0.02 sys=0.00, real=0.01 secs] 
1047.149: [GC (Allocation Failure) [PSYoungGen: 62784K->1376K(62976K)] 331686K->270278K(736768K), 0.0037008 secs] [Times: user=0.01 sys=0.00, real=0.00 secs] 
1047.749: [GC (Allocation Failure) [PSYoungGen: 62816K->1344K(62976K)] 331718K->270246K(736768K), 0.0030380 secs] [Times: user=0.01 sys=0.00, real=0.00 secs] 
1049.069: [GC (Allocation Failure) [PSYoungGen: 62784K->1392K(62976K)] 331686K->270302K(736768K), 0.0014971 secs] [Times: user=0.01 sys=0.00, real=0.01 secs] 
1049.522: [GC (Allocation Failure) [PSYoungGen: 62832K->1376K(62976K)] 331742K->270294K(736768K), 0.0016595 secs] [Times: user=0.01 sys=0.00, real=0.00 secs] 
1049.778: [GC (Allocation Failure) [PSYoungGen: 62816K->1344K(62976K)] 331734K->270270K(736768K), 0.0027227 secs] [Times: user=0.01 sys=0.00, real=0.01 secs] 
1050.098: [GC (Allocation Failure) [PSYoungGen: 62784K->1312K(62976K)] 331710K->270238K(736768K), 0.0030522 secs] [Times: user=0.01 sys=0.00, real=0.01 secs] 
1050.642: [GC (Allocation Failure) [PSYoungGen: 62752K->1408K(62976K)] 331678K->270334K(736768K), 0.0021505 secs] [Times: user=0.01 sys=0.00, real=0.00 secs] 
1051.740: [GC (Allocation Failure) [PSYoungGen: 62848K->1440K(62976K)] 331774K->270366K(736768K), 0.0016273 secs] [Times: user=0.01 sys=0.00, real=0.00 secs] 
1051.995: [GC (Allocation Failure) [PSYoungGen: 62880K->1408K(62976K)] 331806K->270342K(736768K), 0.0017689 secs] [Times: user=0.01 sys=0.00, real=0.00 secs] 
1052.250: [GC (Allocation Failure) [PSYoungGen: 62848K->1408K(62976K)] 331782K->270342K(736768K), 0.0015507 secs] [Times: user=0.00 sys=0.00, real=0.00 secs] 
1052.505: [GC (Allocation Failure) [PSYoungGen: 62848K->1408K(62976K)] 331782K->270342K(736768K), 0.0015948 secs] [Times: user=0.00 sys=0.00, real=0.00 secs] 
1053.423: [GC (Allocation Failure) [PSYoungGen: 62848K->192K(62976K)] 331782K->269126K(736768K), 0.0013282 secs] [Times: user=0.00 sys=0.00, real=0.00 secs] 
1053.944: [GC (Allocation Failure) [PSYoungGen: 61632K->1376K(63488K)] 330566K->270326K(737280K), 0.0018623 secs] [Times: user=0.01 sys=0.00, real=0.00 secs] 
1054.457: [GC (Allocation Failure) [PSYoungGen: 62816K->1376K(63488K)] 331766K->270334K(737280K), 0.0019662 secs] [Times: user=0.01 sys=0.00, real=0.00 secs] 
1054.809: [GC (Allocation Failure) [PSYoungGen: 62816K->1376K(63488K)] 331774K->270334K(737280K), 0.0018366 secs] [Times: user=0.01 sys=0.00, real=0.00 secs] 
1055.065: [GC (Allocation Failure) [PSYoungGen: 62816K->1376K(63488K)] 331774K->270334K(737280K), 0.0018738 secs] [Times: user=0.00 sys=0.00, real=0.00 secs] 
1057.080: [GC (Allocation Failure) [PSYoungGen: 62816K->1408K(63488K)] 331774K->270366K(737280K), 0.0036029 secs] [Times: user=0.01 sys=0.00, real=0.00 secs] 
1058.831: [GC (Allocation Failure) [PSYoungGen: 62848K->1392K(63488K)] 331806K->270366K(737280K), 0.0035920 secs] [Times: user=0.02 sys=0.00, real=0.00 secs] 
1059.524: [GC (Allocation Failure) [PSYoungGen: 62832K->1408K(63488K)] 331806K->270382K(737280K), 0.0029091 secs] [Times: user=0.01 sys=0.00, real=0.00 secs] 
1060.049: [GC (Allocation Failure) [PSYoungGen: 62848K->1376K(63488K)] 331822K->270350K(737280K), 0.0026535 secs] [Times: user=0.01 sys=0.00, real=0.01 secs] 
1060.583: [GC (Allocation Failure) [PSYoungGen: 62816K->1440K(63488K)] 331790K->270414K(737280K), 0.0025762 secs] [Times: user=0.01 sys=0.00, real=0.00 secs] 
1061.937: [GC (Allocation Failure) [PSYoungGen: 62880K->1440K(63488K)] 331854K->270414K(737280K), 0.0021082 secs] [Times: user=0.01 sys=0.00, real=0.00 secs] 
1062.489: [GC (Allocation Failure) [PSYoungGen: 62880K->1376K(63488K)] 331854K->270366K(737280K), 0.0019044 secs] [Times: user=0.01 sys=0.00, real=0.01 secs] 
1063.036: [GC (Allocation Failure) [PSYoungGen: 62816K->1376K(63488K)] 331806K->270366K(737280K), 0.0019079 secs] [Times: user=0.01 sys=0.00, real=0.00 secs] 
1063.322: [GC (Allocation Failure) [PSYoungGen: 62816K->1376K(63488K)] 331806K->270366K(737280K), 0.0017965 secs] [Times: user=0.01 sys=0.00, real=0.00 secs] 
1064.356: [GC (Allocation Failure) [PSYoungGen: 62816K->1392K(63488K)] 331806K->270382K(737280K), 0.0016931 secs] [Times: user=0.01 sys=0.00, real=0.00 secs] 
1064.913: [GC (Allocation Failure) [PSYoungGen: 62832K->1392K(63488K)] 331822K->270382K(737280K), 0.0020283 secs] [Times: user=0.01 sys=0.00, real=0.00 secs] 
1065.392: [GC (Allocation Failure) [PSYoungGen: 62832K->1376K(63488K)] 331822K->270390K(737280K), 0.0018866 secs] [Times: user=0.01 sys=0.00, real=0.00 secs] 
1066.042: [GC (Allocation Failure) [PSYoungGen: 62816K->1376K(62976K)] 331830K->270390K(736768K), 0.0021793 secs] [Times: user=0.01 sys=0.00, real=0.00 secs] 
1066.709: [GC (Allocation Failure) [PSYoungGen: 62816K->1376K(62976K)] 331830K->270390K(736768K), 0.0021657 secs] [Times: user=0.01 sys=0.00, real=0.00 secs] 
1068.182: [GC (Allocation Failure) [PSYoungGen: 62816K->384K(62464K)] 331830K->270422K(736256K), 0.0017043 secs] [Times: user=0.01 sys=0.00, real=0.00 secs] 
1068.508: [GC (Allocation Failure) [PSYoungGen: 61824K->336K(63488K)] 331862K->270374K(737280K), 0.0018449 secs] [Times: user=0.00 sys=0.00, real=0.01 secs] 
1068.764: [GC (Allocation Failure) [PSYoungGen: 61776K->288K(63488K)] 331814K->270326K(737280K), 0.0015937 secs] [Times: user=0.00 sys=0.00, real=0.00 secs] 
1069.019: [GC (Allocation Failure) [PSYoungGen: 61728K->320K(63488K)] 331766K->270358K(737280K), 0.0018235 secs] [Times: user=0.01 sys=0.00, real=0.01 secs] 
1069.931: [GC (Allocation Failure) [PSYoungGen: 61622K->256K(63488K)] 331660K->270294K(737280K), 0.0015225 secs] [Times: user=0.00 sys=0.00, real=0.00 secs] 
1071.455: [GC (Allocation Failure) [PSYoungGen: 61696K->1344K(63488K)] 331734K->271382K(737280K), 0.0028551 secs] [Times: user=0.01 sys=0.00, real=0.00 secs] 
1071.995: [GC (Allocation Failure) [PSYoungGen: 62784K->1344K(62976K)] 332822K->271382K(736768K), 0.0026653 secs] [Times: user=0.01 sys=0.00, real=0.00 secs] 
1072.328: [GC (Allocation Failure) [PSYoungGen: 62272K->1376K(63488K)] 332310K->271414K(737280K), 0.0018360 secs] [Times: user=0.01 sys=0.00, real=0.01 secs] 
1072.835: [GC (Allocation Failure) [PSYoungGen: 62304K->1312K(63488K)] 332342K->271350K(737280K), 0.0024349 secs] [Times: user=0.01 sys=0.00, real=0.00 secs] 
1074.452: [GC (Allocation Failure) [PSYoungGen: 62240K->1440K(63488K)] 332278K->271478K(737280K), 0.0022711 secs] [Times: user=0.01 sys=0.00, real=0.00 secs] 
1075.449: [GC (Allocation Failure) [PSYoungGen: 62368K->1392K(63488K)] 332406K->271446K(737280K), 0.0028885 secs] [Times: user=0.01 sys=0.01, real=0.01 secs] 
1075.909: [GC (Allocation Failure) [PSYoungGen: 62320K->1408K(63488K)] 332374K->271462K(737280K), 0.0020684 secs] [Times: user=0.01 sys=0.00, real=0.00 secs] 
1076.328: [GC (Allocation Failure) [PSYoungGen: 62336K->1376K(63488K)] 332390K->271430K(737280K), 0.0019134 secs] [Times: user=0.01 sys=0.00, real=0.01 secs] 
1076.805: [GC (Allocation Failure) [PSYoungGen: 62304K->1376K(63488K)] 332358K->271430K(737280K), 0.0020259 secs] [Times: user=0.01 sys=0.00, real=0.00 secs] 
1077.987: [GC (Allocation Failure) [PSYoungGen: 62304K->1408K(63488K)] 332358K->271462K(737280K), 0.0018422 secs] [Times: user=0.00 sys=0.00, real=0.00 secs] 
1078.240: [GC (Allocation Failure) [PSYoungGen: 62336K->1408K(62464K)] 332390K->271462K(736256K), 0.0017905 secs] [Times: user=0.00 sys=0.00, real=0.00 secs] 
1078.499: [GC (Allocation Failure) [PSYoungGen: 62336K->1376K(62976K)] 332390K->271430K(736768K), 0.0018560 secs] [Times: user=0.01 sys=0.00, real=0.00 secs] 
1078.803: [GC (Allocation Failure) [PSYoungGen: 62304K->1408K(62976K)] 332358K->271462K(736768K), 0.0018540 secs] [Times: user=0.00 sys=0.00, real=0.00 secs] 
1079.916: [GC (Allocation Failure) [PSYoungGen: 62336K->1888K(62464K)] 332390K->271942K(736256K), 0.0016847 secs] [Times: user=0.01 sys=0.00, real=0.00 secs] 
1080.441: [GC (Allocation Failure) [PSYoungGen: 62304K->1344K(62976K)] 332358K->271398K(736768K), 0.0017308 secs] [Times: user=0.00 sys=0.00, real=0.00 secs] 
1080.975: [GC (Allocation Failure) [PSYoungGen: 61760K->1376K(61952K)] 331814K->271430K(735744K), 0.0019906 secs] [Times: user=0.01 sys=0.00, real=0.00 secs] 
1081.226: [GC (Allocation Failure) [PSYoungGen: 61792K->1408K(62464K)] 331846K->271462K(736256K), 0.0019397 secs] [Times: user=0.01 sys=0.00, real=0.00 secs] 
1081.513: [GC (Allocation Failure) [PSYoungGen: 61824K->1376K(62464K)] 331878K->271430K(736256K), 0.0018507 secs] [Times: user=0.00 sys=0.00, real=0.00 secs] 
1082.687: [GC (Allocation Failure) [PSYoungGen: 61792K->1408K(62464K)] 331846K->271462K(736256K), 0.0016521 secs] [Times: user=0.01 sys=0.00, real=0.01 secs] 
1083.206: [GC (Allocation Failure) [PSYoungGen: 61824K->1376K(62464K)] 331878K->271454K(736256K), 0.0032166 secs] [Times: user=0.01 sys=0.00, real=0.01 secs] 
1083.690: [GC (Allocation Failure) [PSYoungGen: 61792K->1376K(62464K)] 331870K->271454K(736256K), 0.0022693 secs] [Times: user=0.01 sys=0.00, real=0.00 secs] 
1084.224: [GC (Allocation Failure) [PSYoungGen: 61792K->1408K(62464K)] 331870K->271486K(736256K), 0.0022664 secs] [Times: user=0.01 sys=0.00, real=0.00 secs] 
1084.825: [GC (Allocation Failure) [PSYoungGen: 61824K->1344K(62464K)] 331902K->271422K(736256K), 0.0022068 secs] [Times: user=0.01 sys=0.00, real=0.00 secs] 
1086.285: [GC (Allocation Failure) [PSYoungGen: 61760K->1392K(62464K)] 331838K->271470K(736256K), 0.0019021 secs] [Times: user=0.01 sys=0.00, real=0.00 secs] 
1086.983: [GC (Allocation Failure) [PSYoungGen: 61808K->1344K(62464K)] 331886K->271422K(736256K), 0.0025415 secs] [Times: user=0.01 sys=0.00, real=0.00 secs] 
1087.758: [GC (Allocation Failure) [PSYoungGen: 61760K->1408K(62464K)] 331838K->271486K(736256K), 0.0023664 secs] [Times: user=0.01 sys=0.00, real=0.01 secs] 
1088.313: [GC (Allocation Failure) [PSYoungGen: 61824K->1408K(62464K)] 331902K->271486K(736256K), 0.0020447 secs] [Times: user=0.01 sys=0.00, real=0.00 secs] 
1089.605: [GC (Allocation Failure) [PSYoungGen: 61824K->1632K(62464K)] 331902K->271710K(736256K), 0.0014299 secs] [Times: user=0.01 sys=0.00, real=0.00 secs] 
1089.860: [GC (Allocation Failure) [PSYoungGen: 62048K->1344K(62464K)] 332126K->271422K(736256K), 0.0015432 secs] [Times: user=0.00 sys=0.00, real=0.00 secs] 
1090.110: [GC (Allocation Failure) [PSYoungGen: 61760K->1312K(62464K)] 331838K->271390K(736256K), 0.0016793 secs] [Times: user=0.01 sys=0.00, real=0.00 secs] 
1090.362: [GC (Allocation Failure) [PSYoungGen: 61728K->1376K(62464K)] 331806K->271454K(736256K), 0.0021369 secs] [Times: user=0.01 sys=0.00, real=0.00 secs] 
1090.613: [GC (Allocation Failure) [PSYoungGen: 61792K->1376K(62464K)] 331870K->271454K(736256K), 0.0018872 secs] [Times: user=0.00 sys=0.00, real=0.00 secs] 
1091.652: [GC (Allocation Failure) [PSYoungGen: 61792K->1408K(62464K)] 331870K->271486K(736256K), 0.0016050 secs] [Times: user=0.01 sys=0.00, real=0.00 secs] 
1091.903: [GC (Allocation Failure) [PSYoungGen: 61824K->1376K(62464K)] 331902K->271454K(736256K), 0.0016788 secs] [Times: user=0.01 sys=0.00, real=0.00 secs] 
1092.153: [GC (Allocation Failure) [PSYoungGen: 61792K->1376K(62464K)] 331870K->271454K(736256K), 0.0016441 secs] [Times: user=0.01 sys=0.00, real=0.00 secs] 
1092.404: [GC (Allocation Failure) [PSYoungGen: 61792K->1376K(62464K)] 331870K->271470K(736256K), 0.0016675 secs] [Times: user=0.00 sys=0.00, real=0.00 secs] 
1092.655: [GC (Allocation Failure) [PSYoungGen: 61792K->1376K(62464K)] 331886K->271470K(736256K), 0.0015932 secs] [Times: user=0.01 sys=0.00, real=0.00 secs] 
1095.104: [GC (Allocation Failure) [PSYoungGen: 61792K->1440K(62464K)] 331886K->271534K(736256K), 0.0026690 secs] [Times: user=0.01 sys=0.00, real=0.00 secs] 
1095.769: [GC (Allocation Failure) [PSYoungGen: 61856K->1440K(62464K)] 331950K->271534K(736256K), 0.0024671 secs] [Times: user=0.00 sys=0.01, real=0.00 secs] 
1096.505: [GC (Allocation Failure) [PSYoungGen: 61856K->1408K(62464K)] 331950K->271502K(736256K), 0.0026893 secs] [Times: user=0.01 sys=0.00, real=0.00 secs] 
1097.252: [GC (Allocation Failure) [PSYoungGen: 61824K->1408K(61952K)] 331918K->271510K(735744K), 0.0026045 secs] [Times: user=0.01 sys=0.00, real=0.00 secs] 
1098.566: [GC (Allocation Failure) [PSYoungGen: 61824K->1504K(61440K)] 331926K->271802K(735232K), 0.0016883 secs] [Times: user=0.01 sys=0.00, real=0.00 secs] 
1099.647: [GC (Allocation Failure) [PSYoungGen: 61408K->1280K(61952K)] 331706K->271586K(735744K), 0.0058247 secs] [Times: user=0.02 sys=0.00, real=0.01 secs] 
1100.511: [GC (Allocation Failure) [PSYoungGen: 61184K->1280K(61952K)] 331490K->271586K(735744K), 0.0033761 secs] [Times: user=0.01 sys=0.00, real=0.00 secs] 
1101.130: [GC (Allocation Failure) [PSYoungGen: 61184K->1312K(61952K)] 331490K->271618K(735744K), 0.0024821 secs] [Times: user=0.01 sys=0.00, real=0.00 secs] 
1101.624: [GC (Allocation Failure) [PSYoungGen: 61216K->1312K(61952K)] 331522K->271618K(735744K), 0.0022635 secs] [Times: user=0.01 sys=0.00, real=0.00 secs] 
1102.955: [GC (Allocation Failure) [PSYoungGen: 61216K->1600K(61952K)] 331522K->271906K(735744K), 0.0028592 secs] [Times: user=0.01 sys=0.00, real=0.00 secs] 
1103.741: [GC (Allocation Failure) [PSYoungGen: 61504K->1504K(61952K)] 331810K->271810K(735744K), 0.0032541 secs] [Times: user=0.01 sys=0.01, real=0.00 secs] 
1104.496: [GC (Allocation Failure) [PSYoungGen: 61408K->1520K(61952K)] 331714K->271826K(735744K), 0.0023775 secs] [Times: user=0.01 sys=0.00, real=0.00 secs] 
1105.220: [GC (Allocation Failure) [PSYoungGen: 61424K->1536K(61952K)] 331730K->271842K(735744K), 0.0023779 secs] [Times: user=0.01 sys=0.00, real=0.00 secs] 
1106.144: [GC (Allocation Failure) [PSYoungGen: 61440K->1504K(61952K)] 331746K->271810K(735744K), 0.0027783 secs] [Times: user=0.01 sys=0.00, real=0.00 secs] 
1107.552: [GC (Allocation Failure) [PSYoungGen: 61408K->1536K(61952K)] 331714K->271842K(735744K), 0.0018797 secs] [Times: user=0.00 sys=0.00, real=0.00 secs] 
1108.159: [GC (Allocation Failure) [PSYoungGen: 61440K->1504K(61952K)] 331746K->271818K(735744K), 0.0032966 secs] [Times: user=0.01 sys=0.01, real=0.00 secs] 
1108.655: [GC (Allocation Failure) [PSYoungGen: 61408K->1536K(61952K)] 331722K->271850K(735744K), 0.0022309 secs] [Times: user=0.01 sys=0.00, real=0.00 secs] 
1109.085: [GC (Allocation Failure) [PSYoungGen: 61440K->1520K(61952K)] 331754K->271834K(735744K), 0.0024706 secs] [Times: user=0.01 sys=0.00, real=0.00 secs] 
1109.352: [GC (Allocation Failure) [PSYoungGen: 61424K->1488K(61952K)] 331738K->271802K(735744K), 0.0020962 secs] [Times: user=0.01 sys=0.00, real=0.00 secs] 
1111.249: [GC (Allocation Failure) [PSYoungGen: 61392K->1408K(61952K)] 331706K->271874K(735744K), 0.0029335 secs] [Times: user=0.01 sys=0.00, real=0.00 secs] 
1111.555: [GC (Allocation Failure) [PSYoungGen: 61312K->1344K(61952K)] 331778K->271810K(735744K), 0.0019858 secs] [Times: user=0.01 sys=0.00, real=0.00 secs] 
1111.946: [GC (Allocation Failure) [PSYoungGen: 61248K->1408K(61952K)] 331714K->271874K(735744K), 0.0018176 secs] [Times: user=0.01 sys=0.00, real=0.00 secs] 
1112.534: [GC (Allocation Failure) [PSYoungGen: 61312K->1392K(61952K)] 331778K->271858K(735744K), 0.0019444 secs] [Times: user=0.01 sys=0.00, real=0.00 secs] 
1113.838: [GC (Allocation Failure) [PSYoungGen: 61296K->1408K(61952K)] 331762K->271874K(735744K), 0.0017390 secs] [Times: user=0.01 sys=0.00, real=0.01 secs] 
1114.095: [GC (Allocation Failure) [PSYoungGen: 61312K->1376K(61952K)] 331778K->271850K(735744K), 0.0022044 secs] [Times: user=0.01 sys=0.00, real=0.00 secs] 
1114.338: [GC (Allocation Failure) [PSYoungGen: 61280K->1376K(61952K)] 331754K->271858K(735744K), 0.0018534 secs] [Times: user=0.01 sys=0.00, real=0.01 secs] 
1114.586: [GC (Allocation Failure) [PSYoungGen: 61280K->1376K(61952K)] 331762K->271858K(735744K), 0.0018460 secs] [Times: user=0.01 sys=0.00, real=0.00 secs] 
1114.844: [GC (Allocation Failure) [PSYoungGen: 61280K->1376K(61952K)] 331762K->271858K(735744K), 0.0018105 secs] [Times: user=0.00 sys=0.00, real=0.00 secs] 
1116.011: [GC (Allocation Failure) [PSYoungGen: 61280K->1408K(61952K)] 331762K->271890K(735744K), 0.0019377 secs] [Times: user=0.00 sys=0.00, real=0.00 secs] 
1116.862: [GC (Allocation Failure) [PSYoungGen: 61312K->1376K(61952K)] 331794K->271858K(735744K), 0.0022971 secs] [Times: user=0.01 sys=0.00, real=0.00 secs] 
1117.721: [GC (Allocation Failure) [PSYoungGen: 61280K->1344K(61952K)] 331762K->271826K(735744K), 0.0024618 secs] [Times: user=0.01 sys=0.00, real=0.00 secs] 
1118.592: [GC (Allocation Failure) [PSYoungGen: 61248K->1344K(61952K)] 331730K->271826K(735744K), 0.0030121 secs] [Times: user=0.01 sys=0.00, real=0.00 secs] 
1119.347: [GC (Allocation Failure) [PSYoungGen: 61248K->1408K(61952K)] 331730K->271890K(735744K), 0.0022260 secs] [Times: user=0.01 sys=0.00, real=0.01 secs] 
1120.795: [GC (Allocation Failure) [PSYoungGen: 61312K->1424K(61952K)] 331794K->271906K(735744K), 0.0021216 secs] [Times: user=0.01 sys=0.00, real=0.00 secs] 
1121.447: [GC (Allocation Failure) [PSYoungGen: 61328K->1392K(61440K)] 331810K->271882K(735232K), 0.0020900 secs] [Times: user=0.01 sys=0.00, real=0.00 secs] 
1122.228: [GC (Allocation Failure) [PSYoungGen: 61296K->1344K(61440K)] 331786K->271834K(735232K), 0.0037782 secs] [Times: user=0.01 sys=0.00, real=0.01 secs] 
1122.917: [GC (Allocation Failure) [PSYoungGen: 61248K->352K(60928K)] 331738K->271866K(734720K), 0.0036410 secs] [Times: user=0.01 sys=0.00, real=0.01 secs] 
1124.254: [GC (Allocation Failure) [PSYoungGen: 60256K->1664K(61952K)] 331770K->273178K(735744K), 0.0017260 secs] [Times: user=0.01 sys=0.00, real=0.00 secs] 
1124.536: [GC (Allocation Failure) [PSYoungGen: 61568K->1392K(61952K)] 333082K->272914K(735744K), 0.0016940 secs] [Times: user=0.01 sys=0.00, real=0.00 secs] 
1125.036: [GC (Allocation Failure) [PSYoungGen: 61296K->1376K(61952K)] 332818K->272898K(735744K), 0.0025380 secs] [Times: user=0.01 sys=0.00, real=0.00 secs] 
1125.886: [GC (Allocation Failure) [PSYoungGen: 61280K->1344K(61952K)] 332802K->272866K(735744K), 0.0034517 secs] [Times: user=0.01 sys=0.01, real=0.01 secs] 
1126.633: [GC (Allocation Failure) [PSYoungGen: 61248K->1312K(61952K)] 332770K->272834K(735744K), 0.0031451 secs] [Times: user=0.01 sys=0.00, real=0.00 secs] 
1128.253: [GC (Allocation Failure) [PSYoungGen: 61216K->1408K(61952K)] 332738K->272930K(735744K), 0.0020734 secs] [Times: user=0.01 sys=0.00, real=0.00 secs] 
1128.853: [GC (Allocation Failure) [PSYoungGen: 61312K->1408K(61952K)] 332834K->272930K(735744K), 0.0021891 secs] [Times: user=0.01 sys=0.00, real=0.00 secs] 
1129.404: [GC (Allocation Failure) [PSYoungGen: 61312K->1376K(61952K)] 332834K->272898K(735744K), 0.0024248 secs] [Times: user=0.01 sys=0.00, real=0.00 secs] 
1130.052: [GC (Allocation Failure) [PSYoungGen: 61280K->1376K(61952K)] 332802K->272898K(735744K), 0.0026191 secs] [Times: user=0.01 sys=0.00, real=0.00 secs] 
1130.601: [GC (Allocation Failure) [PSYoungGen: 61280K->1344K(61952K)] 332802K->272866K(735744K), 0.0024445 secs] [Times: user=0.01 sys=0.00, real=0.00 secs] 
1132.090: [GC (Allocation Failure) [PSYoungGen: 61248K->1440K(61952K)] 332770K->272962K(735744K), 0.0025162 secs] [Times: user=0.01 sys=0.00, real=0.00 secs] 
1132.691: [GC (Allocation Failure) [PSYoungGen: 61344K->1360K(61952K)] 332866K->272882K(735744K), 0.0029357 secs] [Times: user=0.01 sys=0.00, real=0.00 secs] 
1133.214: [GC (Allocation Failure) [PSYoungGen: 61264K->1360K(61952K)] 332786K->272882K(735744K), 0.0024176 secs] [Times: user=0.01 sys=0.00, real=0.00 secs] 
1133.667: [GC (Allocation Failure) [PSYoungGen: 61264K->1392K(61952K)] 332786K->272914K(735744K), 0.0022352 secs] [Times: user=0.01 sys=0.00, real=0.01 secs] 
1134.151: [GC (Allocation Failure) [PSYoungGen: 61296K->1344K(61440K)] 332818K->272866K(735232K), 0.0019916 secs] [Times: user=0.01 sys=0.00, real=0.00 secs] 
1135.297: [GC (Allocation Failure) [PSYoungGen: 61248K->1408K(61440K)] 332770K->272938K(735232K), 0.0016245 secs] [Times: user=0.00 sys=0.00, real=0.00 secs] 
1135.546: [GC (Allocation Failure) [PSYoungGen: 61312K->1376K(61440K)] 332842K->272906K(735232K), 0.0017002 secs] [Times: user=0.01 sys=0.00, real=0.00 secs] 
1135.863: [GC (Allocation Failure) [PSYoungGen: 61280K->1376K(61440K)] 332810K->272906K(735232K), 0.0017066 secs] [Times: user=0.00 sys=0.00, real=0.00 secs] 
1136.876: [GC (Allocation Failure) [PSYoungGen: 61280K->1440K(61440K)] 332810K->272970K(735232K), 0.0020505 secs] [Times: user=0.01 sys=0.00, real=0.00 secs] 
1137.740: [GC (Allocation Failure) [PSYoungGen: 61344K->1376K(61440K)] 332874K->272906K(735232K), 0.0028215 secs] [Times: user=0.01 sys=0.00, real=0.00 secs] 
1138.725: [GC (Allocation Failure) [PSYoungGen: 61280K->1328K(61440K)] 332810K->272858K(735232K), 0.0037255 secs] [Times: user=0.01 sys=0.00, real=0.00 secs] 
1139.718: [GC (Allocation Failure) [PSYoungGen: 61232K->1344K(61440K)] 332762K->272874K(735232K), 0.0037394 secs] [Times: user=0.01 sys=0.00, real=0.01 secs] 
1141.361: [GC (Allocation Failure) [PSYoungGen: 61248K->1504K(61440K)] 332778K->273090K(735232K), 0.0016807 secs] [Times: user=0.00 sys=0.00, real=0.00 secs] 
1142.037: [GC (Allocation Failure) [PSYoungGen: 61408K->1312K(61952K)] 332994K->272898K(735744K), 0.0019265 secs] [Times: user=0.01 sys=0.00, real=0.01 secs] 
1142.620: [GC (Allocation Failure) [PSYoungGen: 61216K->1344K(61952K)] 332802K->272930K(735744K), 0.0025178 secs] [Times: user=0.01 sys=0.00, real=0.00 secs] 
1142.890: [GC (Allocation Failure) [PSYoungGen: 61248K->1280K(61952K)] 332834K->272866K(735744K), 0.0019060 secs] [Times: user=0.00 sys=0.00, real=0.00 secs] 
1143.138: [GC (Allocation Failure) [PSYoungGen: 61184K->1296K(61440K)] 332770K->272882K(735232K), 0.0020380 secs] [Times: user=0.01 sys=0.00, real=0.01 secs] 
1144.538: [GC (Allocation Failure) [PSYoungGen: 61200K->1392K(61440K)] 332786K->272978K(735232K), 0.0027007 secs] [Times: user=0.01 sys=0.00, real=0.01 secs] 
1145.030: [GC (Allocation Failure) [PSYoungGen: 61296K->1408K(61440K)] 332882K->272994K(735232K), 0.0022820 secs] [Times: user=0.01 sys=0.00, real=0.00 secs] 
1145.710: [GC (Allocation Failure) [PSYoungGen: 61312K->1408K(61440K)] 332898K->273002K(735232K), 0.0024333 secs] [Times: user=0.01 sys=0.00, real=0.00 secs] 
1146.441: [GC (Allocation Failure) [PSYoungGen: 61312K->1408K(61440K)] 332906K->273002K(735232K), 0.0025991 secs] [Times: user=0.01 sys=0.00, real=0.00 secs] 
1147.287: [GC (Allocation Failure) [PSYoungGen: 61312K->1408K(61440K)] 332906K->273002K(735232K), 0.0030011 secs] [Times: user=0.01 sys=0.00, real=0.01 secs] 
1148.904: [GC (Allocation Failure) [PSYoungGen: 61312K->1456K(61440K)] 332906K->273050K(735232K), 0.0030061 secs] [Times: user=0.01 sys=0.00, real=0.00 secs] 
1149.714: [GC (Allocation Failure) [PSYoungGen: 61360K->1424K(61440K)] 332954K->273018K(735232K), 0.0020155 secs] [Times: user=0.01 sys=0.00, real=0.00 secs] 
1150.295: [GC (Allocation Failure) [PSYoungGen: 61328K->1440K(61440K)] 332922K->273034K(735232K), 0.0019024 secs] [Times: user=0.01 sys=0.00, real=0.00 secs] 
1151.113: [GC (Allocation Failure) [PSYoungGen: 61344K->1408K(61440K)] 332938K->273002K(735232K), 0.0019875 secs] [Times: user=0.00 sys=0.00, real=0.00 secs] 
1152.016: [GC (Allocation Failure) [PSYoungGen: 61312K->1440K(61440K)] 332906K->273034K(735232K), 0.0028353 secs] [Times: user=0.01 sys=0.00, real=0.01 secs] 
1153.065: [GC (Allocation Failure) [PSYoungGen: 61344K->1376K(61440K)] 332938K->273018K(735232K), 0.0016651 secs] [Times: user=0.01 sys=0.00, real=0.00 secs] 
1153.818: [GC (Allocation Failure) [PSYoungGen: 61280K->1344K(61440K)] 332922K->272986K(735232K), 0.0034882 secs] [Times: user=0.01 sys=0.00, real=0.01 secs] 
1154.544: [GC (Allocation Failure) [PSYoungGen: 61248K->1344K(61440K)] 332890K->272986K(735232K), 0.0030168 secs] [Times: user=0.01 sys=0.00, real=0.00 secs] 
1155.245: [GC (Allocation Failure) [PSYoungGen: 61248K->1376K(61440K)] 332890K->273018K(735232K), 0.0036834 secs] [Times: user=0.02 sys=0.00, real=0.01 secs] 
1156.945: [GC (Allocation Failure) [PSYoungGen: 61280K->1440K(61440K)] 332922K->273082K(735232K), 0.0019008 secs] [Times: user=0.01 sys=0.00, real=0.00 secs] 
1157.488: [GC (Allocation Failure) [PSYoungGen: 61344K->1408K(61440K)] 332986K->273058K(735232K), 0.0023572 secs] [Times: user=0.01 sys=0.00, real=0.01 secs] 
1158.069: [GC (Allocation Failure) [PSYoungGen: 61312K->1344K(61440K)] 332962K->272994K(735232K), 0.0024773 secs] [Times: user=0.01 sys=0.00, real=0.01 secs] 
1158.718: [GC (Allocation Failure) [PSYoungGen: 61248K->1344K(61440K)] 332898K->272994K(735232K), 0.0038412 secs] [Times: user=0.01 sys=0.00, real=0.01 secs] 
1159.330: [GC (Allocation Failure) [PSYoungGen: 61248K->1360K(61440K)] 332898K->273010K(735232K), 0.0025837 secs] [Times: user=0.01 sys=0.00, real=0.00 secs] 
1160.472: [GC (Allocation Failure) [PSYoungGen: 61264K->1376K(61440K)] 332914K->273026K(735232K), 0.0016460 secs] [Times: user=0.01 sys=0.00, real=0.00 secs] 
1160.721: [GC (Allocation Failure) [PSYoungGen: 61280K->1408K(61440K)] 332930K->273058K(735232K), 0.0015449 secs] [Times: user=0.00 sys=0.00, real=0.00 secs] 
1160.969: [GC (Allocation Failure) [PSYoungGen: 61312K->1408K(61440K)] 332962K->273058K(735232K), 0.0016446 secs] [Times: user=0.00 sys=0.00, real=0.00 secs] 
1161.217: [GC (Allocation Failure) [PSYoungGen: 61312K->1344K(61440K)] 332962K->272994K(735232K), 0.0017256 secs] [Times: user=0.00 sys=0.00, real=0.01 secs] 
1161.490: [GC (Allocation Failure) [PSYoungGen: 61248K->1376K(61440K)] 332898K->273026K(735232K), 0.0019478 secs] [Times: user=0.01 sys=0.00, real=0.00 secs] 
1162.912: [GC (Allocation Failure) [PSYoungGen: 61280K->1344K(61440K)] 332930K->272994K(735232K), 0.0024720 secs] [Times: user=0.01 sys=0.00, real=0.00 secs] 
1163.331: [GC (Allocation Failure) [PSYoungGen: 61248K->1408K(61440K)] 332898K->273058K(735232K), 0.0024400 secs] [Times: user=0.01 sys=0.00, real=0.00 secs] 
1163.718: [GC (Allocation Failure) [PSYoungGen: 61312K->1440K(61440K)] 332962K->273098K(735232K), 0.0017547 secs] [Times: user=0.01 sys=0.00, real=0.01 secs] 
1164.170: [GC (Allocation Failure) [PSYoungGen: 61344K->1376K(61440K)] 333002K->273034K(735232K), 0.0018566 secs] [Times: user=0.01 sys=0.00, real=0.00 secs] 
1165.356: [GC (Allocation Failure) [PSYoungGen: 61280K->1440K(61440K)] 332938K->273610K(735232K), 0.0015922 secs] [Times: user=0.01 sys=0.00, real=0.00 secs] 
1165.684: [GC (Allocation Failure) [PSYoungGen: 61344K->1408K(61440K)] 333514K->273578K(735232K), 0.0013860 secs] [Times: user=0.01 sys=0.00, real=0.00 secs] 
1165.936: [GC (Allocation Failure) [PSYoungGen: 61312K->1344K(61440K)] 333482K->273514K(735232K), 0.0015452 secs] [Times: user=0.00 sys=0.00, real=0.00 secs] 
1166.411: [GC (Allocation Failure) [PSYoungGen: 61248K->1408K(61440K)] 333418K->273578K(735232K), 0.0022004 secs] [Times: user=0.01 sys=0.00, real=0.00 secs] 
1166.875: [GC (Allocation Failure) [PSYoungGen: 61312K->1344K(61440K)] 333482K->273514K(735232K), 0.0023499 secs] [Times: user=0.01 sys=0.00, real=0.00 secs] 
1168.469: [GC (Allocation Failure) [PSYoungGen: 61248K->1408K(61440K)] 333418K->273578K(735232K), 0.0036811 secs] [Times: user=0.02 sys=0.00, real=0.01 secs] 
1169.382: [GC (Allocation Failure) [PSYoungGen: 61312K->1344K(61440K)] 333482K->273514K(735232K), 0.0037244 secs] [Times: user=0.01 sys=0.00, real=0.00 secs] 
1170.409: [GC (Allocation Failure) [PSYoungGen: 61248K->1376K(61440K)] 333418K->273546K(735232K), 0.0029273 secs] [Times: user=0.01 sys=0.00, real=0.00 secs] 
1170.917: [GC (Allocation Failure) [PSYoungGen: 61280K->1376K(61440K)] 333450K->273546K(735232K), 0.0028353 secs] [Times: user=0.01 sys=0.00, real=0.01 secs] 
1171.448: [GC (Allocation Failure) [PSYoungGen: 61280K->1408K(61440K)] 333450K->273578K(735232K), 0.0029504 secs] [Times: user=0.01 sys=0.00, real=0.01 secs] 
1172.912: [GC (Allocation Failure) [PSYoungGen: 61312K->1440K(61440K)] 333482K->273610K(735232K), 0.0031708 secs] [Times: user=0.01 sys=0.00, real=0.00 secs] 
1173.501: [GC (Allocation Failure) [PSYoungGen: 61344K->1376K(61440K)] 333514K->273546K(735232K), 0.0023671 secs] [Times: user=0.01 sys=0.00, real=0.00 secs] 
1173.958: [GC (Allocation Failure) [PSYoungGen: 61280K->1376K(61440K)] 333450K->273546K(735232K), 0.0022222 secs] [Times: user=0.01 sys=0.00, real=0.01 secs] 
1174.207: [GC (Allocation Failure) [PSYoungGen: 61280K->1408K(61440K)] 333450K->273586K(735232K), 0.0019148 secs] [Times: user=0.01 sys=0.00, real=0.01 secs] 
1174.738: [GC (Allocation Failure) [PSYoungGen: 61312K->1376K(61440K)] 333490K->273554K(735232K), 0.0022790 secs] [Times: user=0.01 sys=0.00, real=0.01 secs] 
1176.007: [GC (Allocation Failure) [PSYoungGen: 61280K->1472K(61440K)] 333458K->273650K(735232K), 0.0019293 secs] [Times: user=0.00 sys=0.00, real=0.01 secs] 
1176.578: [GC (Allocation Failure) [PSYoungGen: 61376K->1328K(61440K)] 333554K->273506K(735232K), 0.0027934 secs] [Times: user=0.01 sys=0.00, real=0.01 secs] 
1177.108: [GC (Allocation Failure) [PSYoungGen: 61232K->1344K(61440K)] 333410K->273522K(735232K), 0.0024809 secs] [Times: user=0.01 sys=0.00, real=0.01 secs] 
1177.363: [GC (Allocation Failure) [PSYoungGen: 61248K->1408K(61440K)] 333426K->273586K(735232K), 0.0023068 secs] [Times: user=0.01 sys=0.00, real=0.00 secs] 
1178.366: [GC (Allocation Failure) [PSYoungGen: 61312K->1392K(61440K)] 333490K->273570K(735232K), 0.0016623 secs] [Times: user=0.01 sys=0.00, real=0.00 secs] 
1178.614: [GC (Allocation Failure) [PSYoungGen: 61296K->1376K(61440K)] 333474K->273578K(735232K), 0.0016860 secs] [Times: user=0.01 sys=0.00, real=0.00 secs] 
1178.862: [GC (Allocation Failure) [PSYoungGen: 61280K->1376K(61440K)] 333482K->273578K(735232K), 0.0016012 secs] [Times: user=0.00 sys=0.00, real=0.00 secs] 
1179.111: [GC (Allocation Failure) [PSYoungGen: 61280K->1408K(61440K)] 333482K->273610K(735232K), 0.0015731 secs] [Times: user=0.00 sys=0.00, real=0.00 secs] 
1179.360: [GC (Allocation Failure) [PSYoungGen: 61312K->1408K(61440K)] 333514K->273610K(735232K), 0.0016822 secs] [Times: user=0.00 sys=0.00, real=0.00 secs] 
1180.374: [GC (Allocation Failure) [PSYoungGen: 61312K->1408K(61440K)] 333514K->273610K(735232K), 0.0015764 secs] [Times: user=0.01 sys=0.00, real=0.00 secs] 
1180.622: [GC (Allocation Failure) [PSYoungGen: 61312K->1392K(61440K)] 333514K->273594K(735232K), 0.0016257 secs] [Times: user=0.00 sys=0.00, real=0.00 secs] 
1180.870: [GC (Allocation Failure) [PSYoungGen: 61296K->1392K(61440K)] 333498K->273594K(735232K), 0.0016055 secs] [Times: user=0.00 sys=0.00, real=0.00 secs] 
1181.119: [GC (Allocation Failure) [PSYoungGen: 61296K->1376K(61440K)] 333498K->273602K(735232K), 0.0015134 secs] [Times: user=0.00 sys=0.00, real=0.01 secs] 
1181.367: [GC (Allocation Failure) [PSYoungGen: 61280K->1376K(61440K)] 333506K->273602K(735232K), 0.0018514 secs] [Times: user=0.01 sys=0.00, real=0.00 secs] 
1183.397: [GC (Allocation Failure) [PSYoungGen: 61280K->1408K(61440K)] 333506K->273634K(735232K), 0.0034363 secs] [Times: user=0.02 sys=0.00, real=0.01 secs] 
1183.928: [GC (Allocation Failure) [PSYoungGen: 61312K->1376K(61440K)] 333538K->273610K(735232K), 0.0025818 secs] [Times: user=0.01 sys=0.01, real=0.01 secs] 
1184.656: [GC (Allocation Failure) [PSYoungGen: 61280K->1344K(61440K)] 333514K->273578K(735232K), 0.0025268 secs] [Times: user=0.01 sys=0.00, real=0.00 secs] 
1185.564: [GC (Allocation Failure) [PSYoungGen: 61248K->1376K(61440K)] 333482K->273610K(735232K), 0.0035329 secs] [Times: user=0.01 sys=0.00, real=0.00 secs] 
1187.618: [GC (Allocation Failure) [PSYoungGen: 61280K->1504K(61440K)] 333514K->273754K(735232K), 0.0019736 secs] [Times: user=0.01 sys=0.00, real=0.01 secs] 
1188.551: [GC (Allocation Failure) [PSYoungGen: 61408K->1376K(61440K)] 333658K->273626K(735232K), 0.0037510 secs] [Times: user=0.01 sys=0.00, real=0.00 secs] 
1188.882: [GC (Allocation Failure) [PSYoungGen: 61280K->1360K(61440K)] 333530K->273610K(735232K), 0.0025592 secs] [Times: user=0.00 sys=0.00, real=0.00 secs] 
1189.395: [GC (Allocation Failure) [PSYoungGen: 61264K->1360K(61440K)] 333514K->273610K(735232K), 0.0021812 secs] [Times: user=0.01 sys=0.00, real=0.00 secs] 
1190.099: [GC (Allocation Failure) [PSYoungGen: 61264K->1392K(61440K)] 333514K->273642K(735232K), 0.0021524 secs] [Times: user=0.00 sys=0.00, real=0.01 secs] 
1191.715: [GC (Allocation Failure) [PSYoungGen: 61296K->1440K(61440K)] 333546K->273690K(735232K), 0.0034003 secs] [Times: user=0.01 sys=0.00, real=0.00 secs] 
1192.205: [GC (Allocation Failure) [PSYoungGen: 61344K->1472K(61440K)] 333594K->273722K(735232K), 0.0026755 secs] [Times: user=0.01 sys=0.00, real=0.00 secs] 
1192.707: [GC (Allocation Failure) [PSYoungGen: 61376K->1408K(61440K)] 333626K->273658K(735232K), 0.0030175 secs] [Times: user=0.01 sys=0.00, real=0.01 secs] 
1193.118: [GC (Allocation Failure) [PSYoungGen: 61312K->1408K(61440K)] 333562K->273658K(735232K), 0.0023203 secs] [Times: user=0.01 sys=0.00, real=0.01 secs] 
1193.541: [GC (Allocation Failure) [PSYoungGen: 61312K->1408K(61440K)] 333562K->273658K(735232K), 0.0022736 secs] [Times: user=0.01 sys=0.00, real=0.00 secs] 
1194.844: [GC (Allocation Failure) [PSYoungGen: 61312K->1440K(61440K)] 333562K->273690K(735232K), 0.0020659 secs] [Times: user=0.01 sys=0.00, real=0.00 secs] 
1195.476: [GC (Allocation Failure) [PSYoungGen: 61344K->1424K(61440K)] 333594K->273674K(735232K), 0.0021684 secs] [Times: user=0.01 sys=0.00, real=0.00 secs] 
1195.739: [GC (Allocation Failure) [PSYoungGen: 61328K->1424K(61440K)] 333578K->273690K(735232K), 0.0019563 secs] [Times: user=0.01 sys=0.00, real=0.01 secs] 
1196.041: [GC (Allocation Failure) [PSYoungGen: 61328K->1440K(61440K)] 333594K->273706K(735232K), 0.0017820 secs] [Times: user=0.01 sys=0.00, real=0.00 secs] 
1196.404: [GC (Allocation Failure) [PSYoungGen: 61344K->1408K(61440K)] 333610K->273674K(735232K), 0.0054631 secs] [Times: user=0.03 sys=0.00, real=0.01 secs] 
1198.250: [GC (Allocation Failure) [PSYoungGen: 61312K->1408K(61440K)] 333578K->273738K(735232K), 0.0021833 secs] [Times: user=0.01 sys=0.00, real=0.00 secs] 
1199.173: [GC (Allocation Failure) [PSYoungGen: 61312K->1408K(61440K)] 333642K->273738K(735232K), 0.0024306 secs] [Times: user=0.01 sys=0.00, real=0.00 secs] 
1199.762: [GC (Allocation Failure) [PSYoungGen: 61312K->1440K(61440K)] 333642K->273770K(735232K), 0.0021976 secs] [Times: user=0.00 sys=0.00, real=0.00 secs] 
1200.235: [GC (Allocation Failure) [PSYoungGen: 61344K->1408K(61440K)] 333674K->273738K(735232K), 0.0022349 secs] [Times: user=0.01 sys=0.00, real=0.00 secs] 
1201.578: [GC (Allocation Failure) [PSYoungGen: 61312K->1392K(61440K)] 333642K->273722K(735232K), 0.0019303 secs] [Times: user=0.01 sys=0.00, real=0.01 secs] 
1202.106: [GC (Allocation Failure) [PSYoungGen: 61296K->1408K(61440K)] 333626K->273738K(735232K), 0.0019484 secs] [Times: user=0.01 sys=0.00, real=0.00 secs] 
1202.746: [GC (Allocation Failure) [PSYoungGen: 61312K->1296K(61440K)] 333642K->273626K(735232K), 0.0020000 secs] [Times: user=0.01 sys=0.00, real=0.00 secs] 
1203.374: [GC (Allocation Failure) [PSYoungGen: 61200K->1344K(61440K)] 333530K->273674K(735232K), 0.0024379 secs] [Times: user=0.01 sys=0.00, real=0.00 secs] 
1203.872: [GC (Allocation Failure) [PSYoungGen: 61248K->1376K(61440K)] 333578K->273706K(735232K), 0.0024292 secs] [Times: user=0.01 sys=0.00, real=0.00 secs] 
1205.600: [GC (Allocation Failure) [PSYoungGen: 61280K->1376K(61440K)] 333610K->273706K(735232K), 0.0035877 secs] [Times: user=0.01 sys=0.00, real=0.00 secs] 
1206.402: [GC (Allocation Failure) [PSYoungGen: 61280K->1376K(61440K)] 333610K->273714K(735232K), 0.0033212 secs] [Times: user=0.01 sys=0.00, real=0.00 secs] 
1207.138: [GC (Allocation Failure) [PSYoungGen: 61280K->1344K(61440K)] 333618K->273682K(735232K), 0.0029493 secs] [Times: user=0.01 sys=0.00, real=0.01 secs] 
1207.848: [GC (Allocation Failure) [PSYoungGen: 61248K->1344K(61440K)] 333586K->273682K(735232K), 0.0033745 secs] [Times: user=0.01 sys=0.00, real=0.01 secs] 
1208.352: [GC (Allocation Failure) [PSYoungGen: 61248K->1376K(61440K)] 333586K->273714K(735232K), 0.0028562 secs] [Times: user=0.01 sys=0.00, real=0.00 secs] 
1210.544: [GC (Allocation Failure) [PSYoungGen: 61280K->1408K(61440K)] 333618K->273746K(735232K), 0.0032690 secs] [Times: user=0.01 sys=0.00, real=0.00 secs] 
1211.490: [GC (Allocation Failure) [PSYoungGen: 61312K->1376K(61440K)] 333650K->273714K(735232K), 0.0027959 secs] [Times: user=0.01 sys=0.00, real=0.00 secs] 
1212.230: [GC (Allocation Failure) [PSYoungGen: 61280K->1312K(61440K)] 333618K->273650K(735232K), 0.0028177 secs] [Times: user=0.01 sys=0.00, real=0.00 secs] 
1212.978: [GC (Allocation Failure) [PSYoungGen: 61216K->1376K(61440K)] 333554K->273714K(735232K), 0.0029343 secs] [Times: user=0.01 sys=0.00, real=0.01 secs] 
1214.448: [GC (Allocation Failure) [PSYoungGen: 61280K->1408K(61440K)] 333618K->273746K(735232K), 0.0014776 secs] [Times: user=0.01 sys=0.00, real=0.01 secs] 
1214.892: [GC (Allocation Failure) [PSYoungGen: 61312K->1408K(61440K)] 333650K->273746K(735232K), 0.0018907 secs] [Times: user=0.01 sys=0.00, real=0.00 secs] 
1215.417: [GC (Allocation Failure) [PSYoungGen: 61312K->1360K(61440K)] 333650K->273698K(735232K), 0.0020232 secs] [Times: user=0.01 sys=0.00, real=0.00 secs] 
1215.870: [GC (Allocation Failure) [PSYoungGen: 61264K->1408K(61440K)] 333602K->273746K(735232K), 0.0021220 secs] [Times: user=0.00 sys=0.00, real=0.00 secs] 
1216.347: [GC (Allocation Failure) [PSYoungGen: 61312K->1408K(61440K)] 333650K->273746K(735232K), 0.0017505 secs] [Times: user=0.00 sys=0.00, real=0.00 secs] 
1217.595: [GC (Allocation Failure) [PSYoungGen: 61312K->1440K(61440K)] 333650K->273794K(735232K), 0.0019525 secs] [Times: user=0.01 sys=0.00, real=0.00 secs] 
1218.281: [GC (Allocation Failure) [PSYoungGen: 61344K->1328K(61440K)] 333698K->273682K(735232K), 0.0025320 secs] [Times: user=0.01 sys=0.00, real=0.00 secs] 
1218.941: [GC (Allocation Failure) [PSYoungGen: 61232K->1312K(61440K)] 333586K->273666K(735232K), 0.0025755 secs] [Times: user=0.01 sys=0.00, real=0.00 secs] 
1219.729: [GC (Allocation Failure) [PSYoungGen: 61216K->1344K(61440K)] 333570K->273698K(735232K), 0.0030144 secs] [Times: user=0.02 sys=0.00, real=0.00 secs] 
1220.538: [GC (Allocation Failure) [PSYoungGen: 61248K->1408K(61440K)] 333602K->273770K(735232K), 0.0037053 secs] [Times: user=0.02 sys=0.00, real=0.01 secs] 
1222.052: [GC (Allocation Failure) [PSYoungGen: 61312K->1408K(61440K)] 333674K->273770K(735232K), 0.0018411 secs] [Times: user=0.01 sys=0.00, real=0.00 secs] 
1222.842: [GC (Allocation Failure) [PSYoungGen: 61312K->1392K(61440K)] 333674K->273770K(735232K), 0.0018002 secs] [Times: user=0.01 sys=0.00, real=0.00 secs] 
1223.613: [GC (Allocation Failure) [PSYoungGen: 61296K->1392K(61440K)] 333674K->273770K(735232K), 0.0020248 secs] [Times: user=0.00 sys=0.00, real=0.00 secs] 
1224.271: [GC (Allocation Failure) [PSYoungGen: 61296K->1376K(61440K)] 333674K->273754K(735232K), 0.0022434 secs] [Times: user=0.01 sys=0.00, real=0.00 secs] 
1224.830: [GC (Allocation Failure) [PSYoungGen: 61280K->1440K(61440K)] 333658K->273818K(735232K), 0.0022520 secs] [Times: user=0.01 sys=0.00, real=0.00 secs] 
1226.093: [GC (Allocation Failure) [PSYoungGen: 61344K->1408K(61440K)] 333722K->273802K(735232K), 0.0019016 secs] [Times: user=0.01 sys=0.00, real=0.00 secs] 
1226.583: [GC (Allocation Failure) [PSYoungGen: 61312K->1376K(61440K)] 333706K->273770K(735232K), 0.0018312 secs] [Times: user=0.01 sys=0.00, real=0.00 secs] 
1227.122: [GC (Allocation Failure) [PSYoungGen: 61280K->1344K(61440K)] 333674K->273738K(735232K), 0.0048010 secs] [Times: user=0.02 sys=0.00, real=0.00 secs] 
1227.621: [GC (Allocation Failure) [PSYoungGen: 61248K->1376K(61440K)] 333642K->273770K(735232K), 0.0019355 secs] [Times: user=0.01 sys=0.00, real=0.00 secs] 
1228.752: [GC (Allocation Failure) [PSYoungGen: 61280K->1440K(61440K)] 333674K->274858K(735232K), 0.0019954 secs] [Times: user=0.01 sys=0.00, real=0.00 secs] 
1229.342: [GC (Allocation Failure) [PSYoungGen: 61344K->1408K(61440K)] 334762K->274826K(735232K), 0.0022443 secs] [Times: user=0.01 sys=0.00, real=0.00 secs] 
1229.883: [GC (Allocation Failure) [PSYoungGen: 61312K->1408K(61440K)] 334730K->274826K(735232K), 0.0020508 secs] [Times: user=0.01 sys=0.00, real=0.00 secs] 
1230.162: [GC (Allocation Failure) [PSYoungGen: 61312K->1408K(61440K)] 334730K->274826K(735232K), 0.0020206 secs] [Times: user=0.01 sys=0.00, real=0.00 secs] 
1230.411: [GC (Allocation Failure) [PSYoungGen: 61312K->1376K(61440K)] 334730K->274794K(735232K), 0.0019185 secs] [Times: user=0.01 sys=0.00, real=0.00 secs] 
1231.350: [GC (Allocation Failure) [PSYoungGen: 61280K->1408K(61440K)] 334698K->274826K(735232K), 0.0015770 secs] [Times: user=0.01 sys=0.00, real=0.00 secs] 
1231.598: [GC (Allocation Failure) [PSYoungGen: 61312K->1408K(61440K)] 334730K->274826K(735232K), 0.0016104 secs] [Times: user=0.01 sys=0.00, real=0.01 secs] 
1231.878: [GC (Allocation Failure) [PSYoungGen: 61312K->1376K(61440K)] 334730K->274794K(735232K), 0.0018266 secs] [Times: user=0.01 sys=0.00, real=0.01 secs] 
1232.127: [GC (Allocation Failure) [PSYoungGen: 61280K->1408K(61440K)] 334698K->274826K(735232K), 0.0016643 secs] [Times: user=0.00 sys=0.00, real=0.00 secs] 
1232.409: [GC (Allocation Failure) [PSYoungGen: 61312K->1376K(61440K)] 334730K->274818K(735232K), 0.0016686 secs] [Times: user=0.00 sys=0.00, real=0.01 secs] 
1234.154: [GC (Allocation Failure) [PSYoungGen: 61280K->1440K(61440K)] 334722K->274890K(735232K), 0.0033729 secs] [Times: user=0.01 sys=0.00, real=0.00 secs] 
1234.668: [GC (Allocation Failure) [PSYoungGen: 61344K->1440K(61440K)] 334794K->274890K(735232K), 0.0024108 secs] [Times: user=0.01 sys=0.00, real=0.01 secs] 
1235.209: [GC (Allocation Failure) [PSYoungGen: 61344K->1376K(61440K)] 334794K->274826K(735232K), 0.0020865 secs] [Times: user=0.01 sys=0.00, real=0.01 secs] 
1235.786: [GC (Allocation Failure) [PSYoungGen: 61280K->1408K(61440K)] 334730K->274858K(735232K), 0.0023797 secs] [Times: user=0.01 sys=0.00, real=0.00 secs] 
1237.144: [GC (Allocation Failure) [PSYoungGen: 61312K->1328K(61440K)] 334762K->274778K(735232K), 0.0014937 secs] [Times: user=0.01 sys=0.00, real=0.00 secs] 
1237.537: [GC (Allocation Failure) [PSYoungGen: 61232K->1376K(61440K)] 334682K->274826K(735232K), 0.0018389 secs] [Times: user=0.01 sys=0.00, real=0.00 secs] 
1237.796: [GC (Allocation Failure) [PSYoungGen: 61280K->1344K(61440K)] 334730K->274794K(735232K), 0.0016717 secs] [Times: user=0.00 sys=0.00, real=0.00 secs] 
1238.063: [GC (Allocation Failure) [PSYoungGen: 61248K->1376K(61440K)] 334698K->274826K(735232K), 0.0016252 secs] [Times: user=0.00 sys=0.00, real=0.00 secs] 
1238.367: [GC (Allocation Failure) [PSYoungGen: 61280K->1376K(61440K)] 334730K->274826K(735232K), 0.0019615 secs] [Times: user=0.01 sys=0.00, real=0.00 secs] 
1239.550: [GC (Allocation Failure) [PSYoungGen: 61280K->1376K(61440K)] 334730K->274826K(735232K), 0.0018150 secs] [Times: user=0.00 sys=0.00, real=0.00 secs] 
1240.112: [GC (Allocation Failure) [PSYoungGen: 61280K->1408K(61440K)] 334730K->274866K(735232K), 0.0034997 secs] [Times: user=0.02 sys=0.00, real=0.00 secs] 
1240.690: [GC (Allocation Failure) [PSYoungGen: 61312K->1376K(61440K)] 334770K->274834K(735232K), 0.0028664 secs] [Times: user=0.02 sys=0.00, real=0.00 secs] 
1241.319: [GC (Allocation Failure) [PSYoungGen: 61280K->1408K(61440K)] 334738K->274866K(735232K), 0.0030743 secs] [Times: user=0.02 sys=0.00, real=0.01 secs] 
1242.107: [GC (Allocation Failure) [PSYoungGen: 61312K->1392K(61440K)] 334770K->274850K(735232K), 0.0036184 secs] [Times: user=0.01 sys=0.00, real=0.01 secs] 
1243.324: [GC (Allocation Failure) [PSYoungGen: 61296K->1440K(61440K)] 334754K->274898K(735232K), 0.0026593 secs] [Times: user=0.01 sys=0.00, real=0.00 secs] 
1243.608: [GC (Allocation Failure) [PSYoungGen: 61344K->1376K(61440K)] 334802K->274858K(735232K), 0.0020059 secs] [Times: user=0.01 sys=0.00, real=0.01 secs] 
1244.209: [GC (Allocation Failure) [PSYoungGen: 61280K->1376K(61440K)] 334762K->274858K(735232K), 0.0023289 secs] [Times: user=0.01 sys=0.00, real=0.00 secs] 
1244.757: [GC (Allocation Failure) [PSYoungGen: 61280K->1344K(61440K)] 334762K->274826K(735232K), 0.0024003 secs] [Times: user=0.01 sys=0.00, real=0.01 secs] 
1245.216: [GC (Allocation Failure) [PSYoungGen: 61248K->1344K(61440K)] 334730K->274826K(735232K), 0.0024648 secs] [Times: user=0.01 sys=0.00, real=0.00 secs] 
1246.450: [GC (Allocation Failure) [PSYoungGen: 61248K->1376K(61440K)] 334730K->274858K(735232K), 0.0017371 secs] [Times: user=0.01 sys=0.00, real=0.00 secs] 
1247.019: [GC (Allocation Failure) [PSYoungGen: 61280K->1376K(61440K)] 334762K->274858K(735232K), 0.0025236 secs] [Times: user=0.01 sys=0.00, real=0.01 secs] 
1247.488: [GC (Allocation Failure) [PSYoungGen: 61280K->1376K(61440K)] 334762K->274858K(735232K), 0.0022500 secs] [Times: user=0.01 sys=0.00, real=0.01 secs] 
1247.994: [GC (Allocation Failure) [PSYoungGen: 61280K->1376K(61440K)] 334762K->274858K(735232K), 0.0032751 secs] [Times: user=0.01 sys=0.00, real=0.00 secs] 
1249.095: [GC (Allocation Failure) [PSYoungGen: 61280K->1408K(61440K)] 334762K->275410K(735232K), 0.0020605 secs] [Times: user=0.00 sys=0.00, real=0.00 secs] 
1249.685: [GC (Allocation Failure) [PSYoungGen: 61312K->1376K(61440K)] 335314K->275378K(735232K), 0.0016459 secs] [Times: user=0.00 sys=0.00, real=0.00 secs] 
1250.203: [GC (Allocation Failure) [PSYoungGen: 61280K->1408K(61440K)] 335282K->275410K(735232K), 0.0022117 secs] [Times: user=0.01 sys=0.00, real=0.00 secs] 
1250.741: [GC (Allocation Failure) [PSYoungGen: 61312K->1344K(61440K)] 335314K->275346K(735232K), 0.0022135 secs] [Times: user=0.01 sys=0.00, real=0.00 secs] 
1251.092: [GC (Allocation Failure) [PSYoungGen: 61248K->1344K(61440K)] 335250K->275346K(735232K), 0.0023481 secs] [Times: user=0.01 sys=0.00, real=0.00 secs] 
1252.057: [GC (Allocation Failure) [PSYoungGen: 61248K->1408K(61440K)] 335250K->275418K(735232K), 0.0017680 secs] [Times: user=0.00 sys=0.00, real=0.01 secs] 
1252.306: [GC (Allocation Failure) [PSYoungGen: 61312K->1376K(61440K)] 335322K->275386K(735232K), 0.0014833 secs] [Times: user=0.00 sys=0.00, real=0.00 secs] 
1252.554: [GC (Allocation Failure) [PSYoungGen: 61280K->1360K(61440K)] 335290K->275370K(735232K), 0.0017254 secs] [Times: user=0.01 sys=0.00, real=0.00 secs] 
1252.802: [GC (Allocation Failure) [PSYoungGen: 61264K->1408K(61440K)] 335274K->275434K(735232K), 0.0016445 secs] [Times: user=0.01 sys=0.00, real=0.00 secs] 
1253.051: [GC (Allocation Failure) [PSYoungGen: 61312K->1376K(61440K)] 335338K->275402K(735232K), 0.0019532 secs] [Times: user=0.01 sys=0.00, real=0.00 secs] 
1255.034: [GC (Allocation Failure) [PSYoungGen: 61280K->1376K(61440K)] 335306K->275410K(735232K), 0.0035989 secs] [Times: user=0.01 sys=0.00, real=0.00 secs] 
1255.607: [GC (Allocation Failure) [PSYoungGen: 61280K->1408K(61440K)] 335314K->275442K(735232K), 0.0020063 secs] [Times: user=0.00 sys=0.00, real=0.00 secs] 
1255.856: [GC (Allocation Failure) [PSYoungGen: 61312K->1376K(61440K)] 335346K->275410K(735232K), 0.0018810 secs] [Times: user=0.01 sys=0.00, real=0.00 secs] 
1256.193: [GC (Allocation Failure) [PSYoungGen: 61280K->1408K(61440K)] 335314K->275442K(735232K), 0.0018002 secs] [Times: user=0.01 sys=0.00, real=0.00 secs] 
1257.381: [GC (Allocation Failure) [PSYoungGen: 61312K->256K(60928K)] 335346K->274290K(734720K), 0.0014180 secs] [Times: user=0.01 sys=0.00, real=0.00 secs] 
1258.048: [GC (Allocation Failure) [PSYoungGen: 59648K->1376K(61440K)] 333682K->275418K(735232K), 0.0019692 secs] [Times: user=0.01 sys=0.00, real=0.01 secs] 
1258.304: [GC (Allocation Failure) [PSYoungGen: 60768K->1440K(61440K)] 334810K->275482K(735232K), 0.0023661 secs] [Times: user=0.01 sys=0.00, real=0.00 secs] 
1258.566: [GC (Allocation Failure) [PSYoungGen: 60832K->1408K(61440K)] 334874K->275450K(735232K), 0.0021792 secs] [Times: user=0.01 sys=0.00, real=0.00 secs] 
1258.854: [GC (Allocation Failure) [PSYoungGen: 60800K->1408K(61440K)] 334842K->275450K(735232K), 0.0019734 secs] [Times: user=0.01 sys=0.00, real=0.00 secs] 
1259.787: [GC (Allocation Failure) [PSYoungGen: 60800K->1376K(61440K)] 334842K->275418K(735232K), 0.0015479 secs] [Times: user=0.01 sys=0.00, real=0.00 secs] 
1260.064: [GC (Allocation Failure) [PSYoungGen: 60768K->1360K(61440K)] 334810K->275410K(735232K), 0.0017854 secs] [Times: user=0.00 sys=0.00, real=0.00 secs] 
1260.316: [GC (Allocation Failure) [PSYoungGen: 60752K->1344K(61440K)] 334802K->275394K(735232K), 0.0023847 secs] [Times: user=0.01 sys=0.00, real=0.00 secs] 
1260.564: [GC (Allocation Failure) [PSYoungGen: 60736K->1344K(61440K)] 334786K->275394K(735232K), 0.0026227 secs] [Times: user=0.01 sys=0.01, real=0.00 secs] 
1260.901: [GC (Allocation Failure) [PSYoungGen: 60736K->1392K(61440K)] 334786K->275442K(735232K), 0.0024856 secs] [Times: user=0.01 sys=0.00, real=0.00 secs] 
1262.202: [GC (Allocation Failure) [PSYoungGen: 60784K->1376K(61440K)] 334834K->275434K(735232K), 0.0033010 secs] [Times: user=0.02 sys=0.00, real=0.00 secs] 
1262.740: [GC (Allocation Failure) [PSYoungGen: 60768K->1408K(61440K)] 334826K->275490K(735232K), 0.0029059 secs] [Times: user=0.01 sys=0.00, real=0.00 secs] 
1263.459: [GC (Allocation Failure) [PSYoungGen: 60800K->1344K(61440K)] 334882K->275426K(735232K), 0.0028780 secs] [Times: user=0.02 sys=0.00, real=0.00 secs] 
1264.124: [GC (Allocation Failure) [PSYoungGen: 60736K->1376K(61440K)] 334818K->275466K(735232K), 0.0025621 secs] [Times: user=0.01 sys=0.00, real=0.00 secs] 
1264.581: [GC (Allocation Failure) [PSYoungGen: 60768K->1408K(61440K)] 334858K->275498K(735232K), 0.0026098 secs] [Times: user=0.01 sys=0.00, real=0.00 secs] 
1265.729: [GC (Allocation Failure) [PSYoungGen: 60800K->1440K(61440K)] 334890K->275530K(735232K), 0.0017709 secs] [Times: user=0.01 sys=0.00, real=0.01 secs] 
1265.975: [GC (Allocation Failure) [PSYoungGen: 60832K->1424K(61440K)] 334922K->275514K(735232K), 0.0016611 secs] [Times: user=0.00 sys=0.00, real=0.00 secs] 
1266.227: [GC (Allocation Failure) [PSYoungGen: 60816K->1376K(61440K)] 334906K->275466K(735232K), 0.0016520 secs] [Times: user=0.00 sys=0.00, real=0.01 secs] 
1266.583: [GC (Allocation Failure) [PSYoungGen: 60768K->1408K(61440K)] 334858K->275498K(735232K), 0.0023409 secs] [Times: user=0.01 sys=0.00, real=0.00 secs] 
1267.709: [GC (Allocation Failure) [PSYoungGen: 60800K->256K(61440K)] 334890K->274346K(735232K), 0.0014320 secs] [Times: user=0.00 sys=0.00, real=0.00 secs] 
1268.518: [GC (Allocation Failure) [PSYoungGen: 59648K->1440K(61440K)] 333738K->275530K(735232K), 0.0036493 secs] [Times: user=0.01 sys=0.01, real=0.01 secs] 
1269.152: [GC (Allocation Failure) [PSYoungGen: 60832K->1376K(61440K)] 334922K->275466K(735232K), 0.0024553 secs] [Times: user=0.01 sys=0.00, real=0.00 secs] 
1269.836: [GC (Allocation Failure) [PSYoungGen: 60768K->1376K(61440K)] 334858K->275466K(735232K), 0.0031338 secs] [Times: user=0.01 sys=0.00, real=0.01 secs] 
1270.520: [GC (Allocation Failure) [PSYoungGen: 60768K->1344K(61440K)] 334858K->275434K(735232K), 0.0026395 secs] [Times: user=0.01 sys=0.00, real=0.00 secs] 
1271.907: [GC (Allocation Failure) [PSYoungGen: 60736K->1440K(61440K)] 334826K->275530K(735232K), 0.0016740 secs] [Times: user=0.00 sys=0.00, real=0.00 secs] 
1272.407: [GC (Allocation Failure) [PSYoungGen: 60832K->1440K(61440K)] 334922K->275562K(735232K), 0.0020567 secs] [Times: user=0.01 sys=0.00, real=0.01 secs] 
1273.127: [GC (Allocation Failure) [PSYoungGen: 60832K->1376K(61440K)] 334954K->275498K(735232K), 0.0024150 secs] [Times: user=0.01 sys=0.00, real=0.01 secs] 
1274.115: [GC (Allocation Failure) [PSYoungGen: 60768K->1376K(61440K)] 334890K->275498K(735232K), 0.0037941 secs] [Times: user=0.01 sys=0.00, real=0.00 secs] 
1274.980: [GC (Allocation Failure) [PSYoungGen: 60768K->1360K(61440K)] 334890K->275498K(735232K), 0.0029626 secs] [Times: user=0.02 sys=0.00, real=0.00 secs] 
1276.117: [GC (Allocation Failure) [PSYoungGen: 60752K->1376K(61440K)] 334890K->275514K(735232K), 0.0018166 secs] [Times: user=0.01 sys=0.00, real=0.01 secs] 
1276.464: [GC (Allocation Failure) [PSYoungGen: 60768K->1344K(61440K)] 334906K->275482K(735232K), 0.0018517 secs] [Times: user=0.01 sys=0.00, real=0.00 secs] 
1276.710: [GC (Allocation Failure) [PSYoungGen: 60736K->1408K(61440K)] 334874K->275546K(735232K), 0.0017867 secs] [Times: user=0.01 sys=0.00, real=0.00 secs] 
1276.957: [GC (Allocation Failure) [PSYoungGen: 60800K->1408K(61440K)] 334938K->275546K(735232K), 0.0018394 secs] [Times: user=0.00 sys=0.00, real=0.00 secs] 
1277.203: [GC (Allocation Failure) [PSYoungGen: 60800K->1408K(61440K)] 334938K->275546K(735232K), 0.0019273 secs] [Times: user=0.01 sys=0.00, real=0.00 secs] 
1278.556: [GC (Allocation Failure) [PSYoungGen: 60800K->1440K(61440K)] 334938K->275578K(735232K), 0.0019402 secs] [Times: user=0.01 sys=0.00, real=0.00 secs] 
1279.263: [GC (Allocation Failure) [PSYoungGen: 60832K->1376K(61440K)] 334970K->275514K(735232K), 0.0021539 secs] [Times: user=0.00 sys=0.00, real=0.00 secs] 
1279.810: [GC (Allocation Failure) [PSYoungGen: 60768K->1344K(61440K)] 334906K->275482K(735232K), 0.0022126 secs] [Times: user=0.01 sys=0.00, real=0.00 secs] 
1280.449: [GC (Allocation Failure) [PSYoungGen: 60736K->1408K(61440K)] 334874K->275546K(735232K), 0.0022303 secs] [Times: user=0.01 sys=0.00, real=0.00 secs] 
1281.269: [GC (Allocation Failure) [PSYoungGen: 60793K->288K(61440K)] 334932K->274426K(735232K), 0.0025673 secs] [Times: user=0.01 sys=0.00, real=0.00 secs] 
1282.657: [GC (Allocation Failure) [PSYoungGen: 59680K->1408K(61440K)] 333818K->275546K(735232K), 0.0035871 secs] [Times: user=0.01 sys=0.00, real=0.01 secs] 
1283.190: [GC (Allocation Failure) [PSYoungGen: 60800K->1376K(61440K)] 334938K->275514K(735232K), 0.0029356 secs] [Times: user=0.01 sys=0.00, real=0.00 secs] 
1283.733: [GC (Allocation Failure) [PSYoungGen: 60768K->1344K(61440K)] 334906K->275482K(735232K), 0.0024374 secs] [Times: user=0.01 sys=0.00, real=0.00 secs] 
1284.331: [GC (Allocation Failure) [PSYoungGen: 60736K->1344K(61440K)] 334874K->275490K(735232K), 0.0025803 secs] [Times: user=0.01 sys=0.00, real=0.00 secs] 
1285.731: [GC (Allocation Failure) [PSYoungGen: 60736K->1440K(61440K)] 334882K->275586K(735232K), 0.0016141 secs] [Times: user=0.00 sys=0.00, real=0.00 secs] 
1286.475: [GC (Allocation Failure) [PSYoungGen: 60832K->1440K(61440K)] 334978K->275586K(735232K), 0.0019222 secs] [Times: user=0.01 sys=0.00, real=0.00 secs] 
1287.061: [GC (Allocation Failure) [PSYoungGen: 60832K->1376K(61440K)] 334978K->275522K(735232K), 0.0021933 secs] [Times: user=0.01 sys=0.00, real=0.00 secs] 
1287.581: [GC (Allocation Failure) [PSYoungGen: 60768K->1376K(61440K)] 334914K->275522K(735232K), 0.0029322 secs] [Times: user=0.01 sys=0.00, real=0.00 secs] 
1288.398: [GC (Allocation Failure) [PSYoungGen: 60768K->1408K(61440K)] 334914K->275554K(735232K), 0.0028291 secs] [Times: user=0.01 sys=0.00, real=0.01 secs] 
1290.042: [GC (Allocation Failure) [PSYoungGen: 60800K->1424K(61440K)] 334946K->275570K(735232K), 0.0018161 secs] [Times: user=0.01 sys=0.00, real=0.00 secs] 
1291.101: [GC (Allocation Failure) [PSYoungGen: 60816K->1376K(61440K)] 334962K->275522K(735232K), 0.0036892 secs] [Times: user=0.02 sys=0.00, real=0.00 secs] 
1291.663: [GC (Allocation Failure) [PSYoungGen: 60768K->1344K(61440K)] 334914K->275490K(735232K), 0.0028995 secs] [Times: user=0.01 sys=0.00, real=0.00 secs] 
1292.109: [GC (Allocation Failure) [PSYoungGen: 60736K->1376K(61440K)] 334882K->275522K(735232K), 0.0030587 secs] [Times: user=0.01 sys=0.00, real=0.01 secs] 
1292.568: [GC (Allocation Failure) [PSYoungGen: 60768K->1344K(61440K)] 334914K->275490K(735232K), 0.0030711 secs] [Times: user=0.01 sys=0.00, real=0.01 secs] 
1293.764: [GC (Allocation Failure) [PSYoungGen: 60736K->1376K(61440K)] 334882K->275522K(735232K), 0.0017819 secs] [Times: user=0.01 sys=0.00, real=0.00 secs] 
1294.098: [GC (Allocation Failure) [PSYoungGen: 60768K->1408K(61440K)] 334914K->275570K(735232K), 0.0018663 secs] [Times: user=0.01 sys=0.00, real=0.01 secs] 
1294.616: [GC (Allocation Failure) [PSYoungGen: 60800K->1408K(61440K)] 334962K->275570K(735232K), 0.0021841 secs] [Times: user=0.01 sys=0.00, real=0.00 secs] 
1295.100: [GC (Allocation Failure) [PSYoungGen: 60800K->1312K(61440K)] 334962K->275482K(735232K), 0.0023770 secs] [Times: user=0.01 sys=0.00, real=0.00 secs] 
1295.698: [GC (Allocation Failure) [PSYoungGen: 60704K->1376K(60928K)] 334874K->275546K(734720K), 0.0020600 secs] [Times: user=0.01 sys=0.00, real=0.01 secs] 
1296.685: [GC (Allocation Failure) [PSYoungGen: 60768K->1376K(60928K)] 334938K->275546K(734720K), 0.0018298 secs] [Times: user=0.00 sys=0.00, real=0.00 secs] 
1297.075: [GC (Allocation Failure) [PSYoungGen: 60768K->1376K(60928K)] 334938K->275546K(734720K), 0.0016858 secs] [Times: user=0.00 sys=0.00, real=0.00 secs] 
1297.525: [GC (Allocation Failure) [PSYoungGen: 60768K->1376K(60928K)] 334938K->275546K(734720K), 0.0018478 secs] [Times: user=0.01 sys=0.00, real=0.00 secs] 
1298.050: [GC (Allocation Failure) [PSYoungGen: 60768K->1360K(60928K)] 334938K->275530K(734720K), 0.0025754 secs] [Times: user=0.01 sys=0.00, real=0.00 secs] 
1299.340: [GC (Allocation Failure) [PSYoungGen: 60752K->1440K(60928K)] 334922K->275610K(734720K), 0.0017945 secs] [Times: user=0.00 sys=0.00, real=0.00 secs] 
1299.593: [GC (Allocation Failure) [PSYoungGen: 60832K->1408K(60928K)] 335002K->275578K(734720K), 0.0023897 secs] [Times: user=0.01 sys=0.00, real=0.00 secs] 
1299.835: [GC (Allocation Failure) [PSYoungGen: 60800K->1392K(60928K)] 334970K->275562K(734720K), 0.0019696 secs] [Times: user=0.00 sys=0.00, real=0.00 secs] 
1300.145: [GC (Allocation Failure) [PSYoungGen: 60784K->1376K(60928K)] 334954K->275546K(734720K), 0.0018097 secs] [Times: user=0.00 sys=0.00, real=0.00 secs] 
1300.563: [GC (Allocation Failure) [PSYoungGen: 60768K->1408K(60928K)] 334938K->275578K(734720K), 0.0022210 secs] [Times: user=0.01 sys=0.00, real=0.00 secs] 
1301.738: [GC (Allocation Failure) [PSYoungGen: 60800K->1408K(60928K)] 334970K->275578K(734720K), 0.0015843 secs] [Times: user=0.01 sys=0.00, real=0.01 secs] 
1302.047: [GC (Allocation Failure) [PSYoungGen: 60800K->1376K(60928K)] 334970K->275570K(734720K), 0.0018333 secs] [Times: user=0.00 sys=0.00, real=0.00 secs] 
1302.314: [GC (Allocation Failure) [PSYoungGen: 60768K->1376K(60928K)] 334962K->275570K(734720K), 0.0017191 secs] [Times: user=0.00 sys=0.00, real=0.00 secs] 
1302.656: [GC (Allocation Failure) [PSYoungGen: 60768K->1408K(60928K)] 334962K->275602K(734720K), 0.0021802 secs] [Times: user=0.01 sys=0.00, real=0.00 secs] 
1303.083: [GC (Allocation Failure) [PSYoungGen: 60800K->1344K(60928K)] 334994K->275538K(734720K), 0.0022771 secs] [Times: user=0.01 sys=0.00, real=0.00 secs] 
1304.298: [GC (Allocation Failure) [PSYoungGen: 60736K->1440K(60928K)] 334930K->275634K(734720K), 0.0016971 secs] [Times: user=0.00 sys=0.00, real=0.01 secs] 
1304.548: [GC (Allocation Failure) [PSYoungGen: 60832K->1408K(60928K)] 335026K->275602K(734720K), 0.0018396 secs] [Times: user=0.01 sys=0.00, real=0.01 secs] 
1304.833: [GC (Allocation Failure) [PSYoungGen: 60800K->1376K(60928K)] 334994K->275570K(734720K), 0.0023202 secs] [Times: user=0.01 sys=0.01, real=0.00 secs] 
1305.184: [GC (Allocation Failure) [PSYoungGen: 60768K->1344K(60928K)] 334962K->275538K(734720K), 0.0028445 secs] [Times: user=0.01 sys=0.00, real=0.00 secs] 
1305.652: [GC (Allocation Failure) [PSYoungGen: 60736K->1408K(60928K)] 334930K->275602K(734720K), 0.0023131 secs] [Times: user=0.00 sys=0.00, real=0.00 secs] 
1307.386: [GC (Allocation Failure) [PSYoungGen: 60800K->1376K(60928K)] 334994K->275570K(734720K), 0.0022263 secs] [Times: user=0.01 sys=0.00, real=0.00 secs] 
1308.147: [GC (Allocation Failure) [PSYoungGen: 60768K->1312K(60928K)] 334962K->275506K(734720K), 0.0023909 secs] [Times: user=0.01 sys=0.00, real=0.01 secs] 
1308.970: [GC (Allocation Failure) [PSYoungGen: 60704K->1344K(60928K)] 334898K->275538K(734720K), 0.0024002 secs] [Times: user=0.01 sys=0.00, real=0.00 secs] 
1309.811: [GC (Allocation Failure) [PSYoungGen: 60736K->1376K(60928K)] 334930K->275570K(734720K), 0.0026001 secs] [Times: user=0.01 sys=0.00, real=0.00 secs] 
1311.333: [GC (Allocation Failure) [PSYoungGen: 60768K->1440K(60928K)] 334962K->276658K(734720K), 0.0018578 secs] [Times: user=0.01 sys=0.00, real=0.00 secs] 
1311.846: [GC (Allocation Failure) [PSYoungGen: 60832K->1440K(60928K)] 336050K->276658K(734720K), 0.0018850 secs] [Times: user=0.00 sys=0.00, real=0.00 secs] 
1312.571: [GC (Allocation Failure) [PSYoungGen: 60832K->1376K(60928K)] 336050K->276594K(734720K), 0.0021456 secs] [Times: user=0.01 sys=0.00, real=0.00 secs] 
1313.215: [GC (Allocation Failure) [PSYoungGen: 60768K->1344K(60928K)] 335986K->276562K(734720K), 0.0036399 secs] [Times: user=0.01 sys=0.00, real=0.00 secs] 
1313.892: [GC (Allocation Failure) [PSYoungGen: 60736K->1344K(60928K)] 335954K->276562K(734720K), 0.0032338 secs] [Times: user=0.01 sys=0.00, real=0.00 secs] 
1315.175: [GC (Allocation Failure) [PSYoungGen: 60736K->1440K(60928K)] 335954K->276658K(734720K), 0.0016634 secs] [Times: user=0.01 sys=0.00, real=0.00 secs] 
1315.521: [GC (Allocation Failure) [PSYoungGen: 60832K->1408K(60928K)] 336050K->276634K(734720K), 0.0018410 secs] [Times: user=0.01 sys=0.00, real=0.00 secs] 
1316.000: [GC (Allocation Failure) [PSYoungGen: 60800K->1376K(60928K)] 336026K->276602K(734720K), 0.0036288 secs] [Times: user=0.02 sys=0.00, real=0.00 secs] 
1316.452: [GC (Allocation Failure) [PSYoungGen: 60768K->1392K(60928K)] 335994K->276618K(734720K), 0.0026797 secs] [Times: user=0.01 sys=0.00, real=0.00 secs] 
1317.048: [GC (Allocation Failure) [PSYoungGen: 60784K->1408K(60928K)] 336010K->276634K(734720K), 0.0025263 secs] [Times: user=0.01 sys=0.00, real=0.01 secs] 
1318.671: [GC (Allocation Failure) [PSYoungGen: 60800K->1440K(60928K)] 336026K->276666K(734720K), 0.0019061 secs] [Times: user=0.00 sys=0.00, real=0.00 secs] 
1319.563: [GC (Allocation Failure) [PSYoungGen: 60832K->1376K(60928K)] 336058K->276602K(734720K), 0.0036585 secs] [Times: user=0.01 sys=0.00, real=0.00 secs] 
1320.240: [GC (Allocation Failure) [PSYoungGen: 60768K->1312K(60928K)] 335994K->276538K(734720K), 0.0037744 secs] [Times: user=0.01 sys=0.00, real=0.00 secs] 
1320.757: [GC (Allocation Failure) [PSYoungGen: 60704K->1344K(60928K)] 335930K->276570K(734720K), 0.0037206 secs] [Times: user=0.01 sys=0.00, real=0.01 secs] 
1321.457: [GC (Allocation Failure) [PSYoungGen: 60736K->1376K(60928K)] 335962K->276602K(734720K), 0.0024205 secs] [Times: user=0.01 sys=0.00, real=0.01 secs] 
1323.456: [GC (Allocation Failure) [PSYoungGen: 60768K->1376K(60928K)] 335994K->276602K(734720K), 0.0026020 secs] [Times: user=0.01 sys=0.00, real=0.00 secs] 
1324.192: [GC (Allocation Failure) [PSYoungGen: 60768K->1296K(60928K)] 335994K->276522K(734720K), 0.0025304 secs] [Times: user=0.01 sys=0.00, real=0.00 secs] 
1324.431: [GC (Allocation Failure) [PSYoungGen: 60688K->1376K(60928K)] 335914K->276602K(734720K), 0.0018577 secs] [Times: user=0.01 sys=0.00, real=0.00 secs] 
1324.731: [GC (Allocation Failure) [PSYoungGen: 60768K->1376K(60928K)] 335994K->276602K(734720K), 0.0019286 secs] [Times: user=0.01 sys=0.00, real=0.00 secs] 
1326.338: [GC (Allocation Failure) [PSYoungGen: 60768K->960K(60928K)] 335994K->277218K(734720K), 0.0029488 secs] [Times: user=0.01 sys=0.00, real=0.01 secs] 
1327.782: [GC (Allocation Failure) [PSYoungGen: 60352K->368K(60928K)] 336610K->276634K(734720K), 0.0032577 secs] [Times: user=0.01 sys=0.00, real=0.00 secs] 
1328.388: [GC (Allocation Failure) [PSYoungGen: 59760K->336K(61440K)] 336026K->276602K(735232K), 0.0023855 secs] [Times: user=0.01 sys=0.00, real=0.01 secs] 
1328.874: [GC (Allocation Failure) [PSYoungGen: 59728K->320K(61440K)] 335994K->276586K(735232K), 0.0025496 secs] [Times: user=0.01 sys=0.00, real=0.00 secs] 
1329.461: [GC (Allocation Failure) [PSYoungGen: 59712K->352K(61440K)] 335978K->276618K(735232K), 0.0030329 secs] [Times: user=0.01 sys=0.00, real=0.00 secs] 
1330.868: [GC (Allocation Failure) [PSYoungGen: 59744K->1392K(61440K)] 336010K->277658K(735232K), 0.0039391 secs] [Times: user=0.01 sys=0.00, real=0.01 secs] 
1331.214: [GC (Allocation Failure) [PSYoungGen: 60784K->1376K(61440K)] 337050K->277642K(735232K), 0.0019720 secs] [Times: user=0.00 sys=0.00, real=0.00 secs] 
1331.462: [GC (Allocation Failure) [PSYoungGen: 60768K->1408K(61440K)] 337034K->277674K(735232K), 0.0017943 secs] [Times: user=0.00 sys=0.00, real=0.00 secs] 
1331.708: [GC (Allocation Failure) [PSYoungGen: 60800K->1376K(61440K)] 337066K->277642K(735232K), 0.0019430 secs] [Times: user=0.01 sys=0.00, real=0.01 secs] 
1331.955: [GC (Allocation Failure) [PSYoungGen: 60768K->1344K(61440K)] 337034K->277610K(735232K), 0.0024422 secs] [Times: user=0.01 sys=0.00, real=0.00 secs] 
1332.944: [GC (Allocation Failure) [PSYoungGen: 60736K->1408K(61440K)] 337002K->277674K(735232K), 0.0025457 secs] [Times: user=0.01 sys=0.00, real=0.00 secs] 
1333.192: [GC (Allocation Failure) [PSYoungGen: 60800K->1376K(61440K)] 337066K->277642K(735232K), 0.0019034 secs] [Times: user=0.01 sys=0.00, real=0.00 secs] 
1333.439: [GC (Allocation Failure) [PSYoungGen: 60768K->1376K(61440K)] 337034K->277650K(735232K), 0.0018630 secs] [Times: user=0.00 sys=0.00, real=0.00 secs] 
1333.686: [GC (Allocation Failure) [PSYoungGen: 60768K->1376K(61440K)] 337042K->277650K(735232K), 0.0017599 secs] [Times: user=0.01 sys=0.00, real=0.00 secs] 
1333.932: [GC (Allocation Failure) [PSYoungGen: 60768K->1376K(61440K)] 337042K->277650K(735232K), 0.0022131 secs] [Times: user=0.01 sys=0.00, real=0.00 secs] 
1335.714: [GC (Allocation Failure) [PSYoungGen: 60768K->1408K(61440K)] 337042K->277682K(735232K), 0.0031937 secs] [Times: user=0.01 sys=0.00, real=0.00 secs] 
1336.318: [GC (Allocation Failure) [PSYoungGen: 60800K->1376K(61440K)] 337074K->277658K(735232K), 0.0024442 secs] [Times: user=0.01 sys=0.00, real=0.01 secs] 
1336.703: [GC (Allocation Failure) [PSYoungGen: 60768K->1392K(61440K)] 337050K->277674K(735232K), 0.0018130 secs] [Times: user=0.01 sys=0.00, real=0.00 secs] 
1336.949: [GC (Allocation Failure) [PSYoungGen: 60784K->1376K(61440K)] 337066K->277666K(735232K), 0.0017748 secs] [Times: user=0.00 sys=0.00, real=0.00 secs] 
1338.266: [GC (Allocation Failure) [PSYoungGen: 60768K->1920K(61440K)] 337058K->278218K(735232K), 0.0019788 secs] [Times: user=0.00 sys=0.00, real=0.00 secs] 
1338.730: [GC (Allocation Failure) [PSYoungGen: 61312K->1408K(60928K)] 337610K->277706K(734720K), 0.0020231 secs] [Times: user=0.01 sys=0.00, real=0.00 secs] 
1339.330: [GC (Allocation Failure) [PSYoungGen: 60800K->1376K(61440K)] 337098K->277674K(735232K), 0.0017620 secs] [Times: user=0.00 sys=0.00, real=0.00 secs] 
1340.030: [GC (Allocation Failure) [PSYoungGen: 60768K->1408K(61440K)] 337066K->277706K(735232K), 0.0017406 secs] [Times: user=0.00 sys=0.00, real=0.00 secs] 
1340.802: [GC (Allocation Failure) [PSYoungGen: 60800K->1376K(61440K)] 337098K->277674K(735232K), 0.0017908 secs] [Times: user=0.01 sys=0.00, real=0.00 secs] 
1342.200: [GC (Allocation Failure) [PSYoungGen: 60768K->1440K(61440K)] 337066K->277738K(735232K), 0.0019956 secs] [Times: user=0.01 sys=0.00, real=0.00 secs] 
1342.887: [GC (Allocation Failure) [PSYoungGen: 60832K->1360K(61440K)] 337130K->277658K(735232K), 0.0022665 secs] [Times: user=0.01 sys=0.00, real=0.01 secs] 
1343.694: [GC (Allocation Failure) [PSYoungGen: 60752K->1376K(61440K)] 337050K->277674K(735232K), 0.0021316 secs] [Times: user=0.01 sys=0.00, real=0.00 secs] 
1344.588: [GC (Allocation Failure) [PSYoungGen: 60768K->1360K(61440K)] 337066K->277658K(735232K), 0.0026049 secs] [Times: user=0.00 sys=0.00, real=0.01 secs] 
1345.256: [GC (Allocation Failure) [PSYoungGen: 60752K->1408K(61440K)] 337050K->277714K(735232K), 0.0027406 secs] [Times: user=0.01 sys=0.00, real=0.00 secs] 
1346.706: [GC (Allocation Failure) [PSYoungGen: 60800K->1472K(61440K)] 337106K->277778K(735232K), 0.0018396 secs] [Times: user=0.01 sys=0.00, real=0.00 secs] 
1347.247: [GC (Allocation Failure) [PSYoungGen: 60864K->1392K(61440K)] 337170K->277698K(735232K), 0.0032292 secs] [Times: user=0.01 sys=0.01, real=0.01 secs] 
1347.524: [GC (Allocation Failure) [PSYoungGen: 60784K->1376K(61440K)] 337090K->277682K(735232K), 0.0021659 secs] [Times: user=0.01 sys=0.00, real=0.00 secs] 
1347.826: [GC (Allocation Failure) [PSYoungGen: 60768K->1408K(61440K)] 337074K->277714K(735232K), 0.0017986 secs] [Times: user=0.01 sys=0.00, real=0.00 secs] 
1348.112: [GC (Allocation Failure) [PSYoungGen: 60800K->1376K(61440K)] 337106K->277682K(735232K), 0.0018580 secs] [Times: user=0.01 sys=0.00, real=0.00 secs] 
1349.441: [GC (Allocation Failure) [PSYoungGen: 60768K->1408K(61440K)] 337074K->277722K(735232K), 0.0017899 secs] [Times: user=0.01 sys=0.00, real=0.00 secs] 
1349.964: [GC (Allocation Failure) [PSYoungGen: 60800K->1408K(61440K)] 337114K->277722K(735232K), 0.0018212 secs] [Times: user=0.01 sys=0.00, real=0.00 secs] 
1350.229: [GC (Allocation Failure) [PSYoungGen: 60800K->1408K(61440K)] 337114K->277722K(735232K), 0.0016919 secs] [Times: user=0.00 sys=0.00, real=0.01 secs] 
1350.531: [GC (Allocation Failure) [PSYoungGen: 60800K->1376K(61440K)] 337114K->277690K(735232K), 0.0017506 secs] [Times: user=0.00 sys=0.00, real=0.00 secs] 
1351.475: [GC (Allocation Failure) [PSYoungGen: 60768K->1696K(61440K)] 337082K->278010K(735232K), 0.0017494 secs] [Times: user=0.00 sys=0.00, real=0.00 secs] 
1351.719: [GC (Allocation Failure) [PSYoungGen: 61088K->1376K(61440K)] 337402K->277690K(735232K), 0.0016845 secs] [Times: user=0.01 sys=0.00, real=0.00 secs] 
1352.002: [GC (Allocation Failure) [PSYoungGen: 60768K->1376K(61440K)] 337082K->277690K(735232K), 0.0017024 secs] [Times: user=0.00 sys=0.00, real=0.00 secs] 
1352.249: [GC (Allocation Failure) [PSYoungGen: 60768K->1344K(61440K)] 337082K->277674K(735232K), 0.0017788 secs] [Times: user=0.00 sys=0.00, real=0.00 secs] 
1352.525: [GC (Allocation Failure) [PSYoungGen: 60736K->1408K(61440K)] 337066K->277738K(735232K), 0.0019043 secs] [Times: user=0.00 sys=0.00, real=0.00 secs] 
1354.354: [GC (Allocation Failure) [PSYoungGen: 60800K->1408K(61440K)] 337130K->277738K(735232K), 0.0035701 secs] [Times: user=0.01 sys=0.00, real=0.00 secs] 
1354.923: [GC (Allocation Failure) [PSYoungGen: 60800K->1376K(61440K)] 337130K->277706K(735232K), 0.0024757 secs] [Times: user=0.01 sys=0.00, real=0.00 secs] 
1355.164: [GC (Allocation Failure) [PSYoungGen: 60768K->1376K(61440K)] 337098K->277706K(735232K), 0.0019658 secs] [Times: user=0.01 sys=0.00, real=0.00 secs] 
1355.410: [GC (Allocation Failure) [PSYoungGen: 60768K->1408K(61440K)] 337098K->277738K(735232K), 0.0017996 secs] [Times: user=0.01 sys=0.00, real=0.00 secs] 
1355.670: [GC (Allocation Failure) [PSYoungGen: 60800K->1376K(60928K)] 337130K->277706K(734720K), 0.0018866 secs] [Times: user=0.01 sys=0.00, real=0.00 secs] 
1357.300: [GC (Allocation Failure) [PSYoungGen: 60768K->1408K(60928K)] 337098K->277738K(734720K), 0.0035006 secs] [Times: user=0.01 sys=0.00, real=0.00 secs] 
1357.925: [GC (Allocation Failure) [PSYoungGen: 60800K->1344K(60928K)] 337130K->277674K(734720K), 0.0024865 secs] [Times: user=0.01 sys=0.00, real=0.00 secs] 
1358.364: [GC (Allocation Failure) [PSYoungGen: 60736K->1312K(60928K)] 337066K->277642K(734720K), 0.0023370 secs] [Times: user=0.01 sys=0.00, real=0.00 secs] 
1359.138: [GC (Allocation Failure) [PSYoungGen: 60704K->1376K(60928K)] 337034K->277706K(734720K), 0.0036929 secs] [Times: user=0.01 sys=0.00, real=0.01 secs] 
1359.785: [GC (Allocation Failure) [PSYoungGen: 60768K->1328K(60928K)] 337098K->277658K(734720K), 0.0032838 secs] [Times: user=0.02 sys=0.00, real=0.00 secs] 
1361.818: [GC (Allocation Failure) [PSYoungGen: 60720K->1408K(60928K)] 337050K->277738K(734720K), 0.0025866 secs] [Times: user=0.01 sys=0.00, real=0.01 secs] 
1362.614: [GC (Allocation Failure) [PSYoungGen: 60800K->1344K(60928K)] 337130K->277674K(734720K), 0.0029994 secs] [Times: user=0.01 sys=0.00, real=0.00 secs] 
1363.316: [GC (Allocation Failure) [PSYoungGen: 60736K->1376K(60928K)] 337066K->277706K(734720K), 0.0025589 secs] [Times: user=0.01 sys=0.00, real=0.01 secs] 
1363.792: [GC (Allocation Failure) [PSYoungGen: 60768K->1376K(60928K)] 337098K->277706K(734720K), 0.0026615 secs] [Times: user=0.01 sys=0.00, real=0.00 secs] 
1365.024: [GC (Allocation Failure) [PSYoungGen: 60768K->1504K(60928K)] 337098K->278032K(734720K), 0.0017311 secs] [Times: user=0.01 sys=0.00, real=0.00 secs] 
1365.874: [GC (Allocation Failure) [PSYoungGen: 60896K->1280K(61440K)] 337424K->277816K(735232K), 0.0037128 secs] [Times: user=0.02 sys=0.00, real=0.00 secs] 
1366.506: [GC (Allocation Failure) [PSYoungGen: 60672K->1344K(61440K)] 337208K->277880K(735232K), 0.0028976 secs] [Times: user=0.01 sys=0.00, real=0.00 secs] 
1367.012: [GC (Allocation Failure) [PSYoungGen: 60736K->1296K(61440K)] 337272K->277832K(735232K), 0.0031333 secs] [Times: user=0.01 sys=0.00, real=0.00 secs] 
1367.646: [GC (Allocation Failure) [PSYoungGen: 60688K->1296K(61440K)] 337224K->277832K(735232K), 0.0023879 secs] [Times: user=0.00 sys=0.00, real=0.00 secs] 
1369.012: [GC (Allocation Failure) [PSYoungGen: 60688K->1568K(61440K)] 337224K->278104K(735232K), 0.0014347 secs] [Times: user=0.01 sys=0.00, real=0.00 secs] 
1369.512: [GC (Allocation Failure) [PSYoungGen: 60960K->1504K(61440K)] 337496K->278048K(735232K), 0.0015710 secs] [Times: user=0.00 sys=0.00, real=0.00 secs] 
1369.764: [GC (Allocation Failure) [PSYoungGen: 60896K->1504K(61440K)] 337440K->278048K(735232K), 0.0022958 secs] [Times: user=0.01 sys=0.00, real=0.00 secs] 
1370.081: [GC (Allocation Failure) [PSYoungGen: 60896K->1504K(61440K)] 337440K->278048K(735232K), 0.0024509 secs] [Times: user=0.01 sys=0.00, real=0.00 secs] 
1370.557: [GC (Allocation Failure) [PSYoungGen: 60896K->1504K(61440K)] 337440K->278048K(735232K), 0.0022613 secs] [Times: user=0.01 sys=0.00, real=0.01 secs] 
1371.905: [GC (Allocation Failure) [PSYoungGen: 60896K->1552K(61440K)] 337440K->278096K(735232K), 0.0023303 secs] [Times: user=0.01 sys=0.00, real=0.00 secs] 
1372.712: [GC (Allocation Failure) [PSYoungGen: 60944K->1536K(61440K)] 337488K->278080K(735232K), 0.0020593 secs] [Times: user=0.01 sys=0.00, real=0.00 secs] 
1373.311: [GC (Allocation Failure) [PSYoungGen: 60928K->1472K(61440K)] 337472K->278016K(735232K), 0.0019391 secs] [Times: user=0.01 sys=0.00, real=0.00 secs] 
1373.699: [GC (Allocation Failure) [PSYoungGen: 60864K->1504K(61440K)] 337408K->278048K(735232K), 0.0018605 secs] [Times: user=0.00 sys=0.00, real=0.00 secs] 
1374.113: [GC (Allocation Failure) [PSYoungGen: 60896K->1536K(61440K)] 337440K->278088K(735232K), 0.0021460 secs] [Times: user=0.01 sys=0.00, real=0.00 secs] 
1377.625: [GC (Allocation Failure) [PSYoungGen: 60928K->1408K(61440K)] 337480K->278118K(735232K), 0.0030897 secs] [Times: user=0.01 sys=0.00, real=0.00 secs] 
1377.883: [GC (Allocation Failure) [PSYoungGen: 60800K->1344K(61440K)] 337510K->278054K(735232K), 0.0018540 secs] [Times: user=0.00 sys=0.00, real=0.00 secs] 
1378.130: [GC (Allocation Failure) [PSYoungGen: 60736K->1440K(61440K)] 337446K->278150K(735232K), 0.0017733 secs] [Times: user=0.00 sys=0.00, real=0.00 secs] 
1378.427: [GC (Allocation Failure) [PSYoungGen: 60832K->1408K(61440K)] 337542K->278118K(735232K), 0.0018961 secs] [Times: user=0.01 sys=0.00, real=0.01 secs] 
1379.665: [GC (Allocation Failure) [PSYoungGen: 60800K->1472K(61440K)] 337510K->278182K(735232K), 0.0014700 secs] [Times: user=0.01 sys=0.00, real=0.00 secs] 
1380.083: [GC (Allocation Failure) [PSYoungGen: 60864K->1376K(61440K)] 337574K->278094K(735232K), 0.0023040 secs] [Times: user=0.01 sys=0.00, real=0.00 secs] 
1380.322: [GC (Allocation Failure) [PSYoungGen: 60768K->1408K(61440K)] 337486K->278126K(735232K), 0.0018802 secs] [Times: user=0.01 sys=0.00, real=0.00 secs] 
1380.570: [GC (Allocation Failure) [PSYoungGen: 60800K->1376K(61440K)] 337518K->278094K(735232K), 0.0017650 secs] [Times: user=0.01 sys=0.00, real=0.00 secs] 
1380.968: [GC (Allocation Failure) [PSYoungGen: 60768K->1408K(61440K)] 337486K->278126K(735232K), 0.0017597 secs] [Times: user=0.01 sys=0.00, real=0.01 secs] 
1382.112: [GC (Allocation Failure) [PSYoungGen: 60800K->1376K(61440K)] 337518K->278094K(735232K), 0.0016121 secs] [Times: user=0.01 sys=0.00, real=0.00 secs] 
1382.458: [GC (Allocation Failure) [PSYoungGen: 60768K->1376K(61440K)] 337486K->278094K(735232K), 0.0016715 secs] [Times: user=0.01 sys=0.00, real=0.01 secs] 
1382.705: [GC (Allocation Failure) [PSYoungGen: 60768K->1376K(61440K)] 337486K->278094K(735232K), 0.0016022 secs] [Times: user=0.01 sys=0.00, real=0.00 secs] 
1382.951: [GC (Allocation Failure) [PSYoungGen: 60768K->1376K(61440K)] 337486K->278094K(735232K), 0.0027570 secs] [Times: user=0.01 sys=0.00, real=0.00 secs] 
1383.253: [GC (Allocation Failure) [PSYoungGen: 60768K->1376K(61440K)] 337486K->278110K(735232K), 0.0028393 secs] [Times: user=0.01 sys=0.00, real=0.00 secs] 
1384.555: [GC (Allocation Failure) [PSYoungGen: 60768K->1424K(61440K)] 337502K->278158K(735232K), 0.0019372 secs] [Times: user=0.01 sys=0.00, real=0.00 secs] 
1384.802: [GC (Allocation Failure) [PSYoungGen: 60816K->1344K(61440K)] 337550K->278094K(735232K), 0.0020221 secs] [Times: user=0.00 sys=0.00, real=0.00 secs] 
1385.050: [GC (Allocation Failure) [PSYoungGen: 60736K->1376K(60928K)] 337486K->278126K(734720K), 0.0019824 secs] [Times: user=0.01 sys=0.00, real=0.00 secs] 
1385.352: [GC (Allocation Failure) [PSYoungGen: 60768K->1296K(60928K)] 337518K->278046K(734720K), 0.0025694 secs] [Times: user=0.01 sys=0.00, real=0.00 secs] 
1385.587: [GC (Allocation Failure) [PSYoungGen: 60688K->384K(60416K)] 337438K->278158K(734208K), 0.0019218 secs] [Times: user=0.01 sys=0.00, real=0.01 secs] 
1386.606: [GC (Allocation Failure) [PSYoungGen: 59776K->1408K(61440K)] 337550K->279182K(735232K), 0.0017148 secs] [Times: user=0.01 sys=0.00, real=0.00 secs] 
1386.904: [GC (Allocation Failure) [PSYoungGen: 60800K->1376K(61440K)] 338574K->279150K(735232K), 0.0019462 secs] [Times: user=0.01 sys=0.00, real=0.00 secs] 
1387.358: [GC (Allocation Failure) [PSYoungGen: 60768K->1376K(61440K)] 338542K->279150K(735232K), 0.0019322 secs] [Times: user=0.01 sys=0.00, real=0.01 secs] 
1387.827: [GC (Allocation Failure) [PSYoungGen: 60768K->1408K(61440K)] 338542K->279182K(735232K), 0.0019516 secs] [Times: user=0.00 sys=0.00, real=0.01 secs] 
1389.028: [GC (Allocation Failure) [PSYoungGen: 60800K->1456K(61440K)] 338574K->279230K(735232K), 0.0017482 secs] [Times: user=0.01 sys=0.00, real=0.01 secs] 
1389.326: [GC (Allocation Failure) [PSYoungGen: 60848K->1328K(61440K)] 338622K->279102K(735232K), 0.0016494 secs] [Times: user=0.00 sys=0.00, real=0.00 secs] 
1389.584: [GC (Allocation Failure) [PSYoungGen: 60720K->1344K(61440K)] 338494K->279118K(735232K), 0.0015736 secs] [Times: user=0.00 sys=0.00, real=0.00 secs] 
1389.830: [GC (Allocation Failure) [PSYoungGen: 60736K->1344K(61440K)] 338510K->279118K(735232K), 0.0016373 secs] [Times: user=0.01 sys=0.00, real=0.00 secs] 
1390.077: [GC (Allocation Failure) [PSYoungGen: 60736K->1376K(61440K)] 338510K->279150K(735232K), 0.0019289 secs] [Times: user=0.01 sys=0.00, real=0.00 secs] 
1391.059: [GC (Allocation Failure) [PSYoungGen: 60768K->1440K(61440K)] 338542K->279214K(735232K), 0.0017239 secs] [Times: user=0.01 sys=0.00, real=0.00 secs] 
1391.348: [GC (Allocation Failure) [PSYoungGen: 60832K->1344K(61440K)] 338606K->279126K(735232K), 0.0018466 secs] [Times: user=0.01 sys=0.00, real=0.01 secs] 
1391.595: [GC (Allocation Failure) [PSYoungGen: 60736K->1408K(61440K)] 338518K->279190K(735232K), 0.0017407 secs] [Times: user=0.01 sys=0.00, real=0.00 secs] 
1391.842: [GC (Allocation Failure) [PSYoungGen: 60800K->1344K(61440K)] 338582K->279126K(735232K), 0.0018265 secs] [Times: user=0.01 sys=0.00, real=0.00 secs] 
1392.225: [GC (Allocation Failure) [PSYoungGen: 60736K->1328K(61440K)] 338518K->279110K(735232K), 0.0022567 secs] [Times: user=0.01 sys=0.00, real=0.00 secs] 
1393.574: [GC (Allocation Failure) [PSYoungGen: 60720K->1376K(60928K)] 338502K->279158K(734720K), 0.0021598 secs] [Times: user=0.01 sys=0.00, real=0.00 secs] 
1394.150: [GC (Allocation Failure) [PSYoungGen: 60768K->1360K(60928K)] 338550K->279142K(734720K), 0.0032125 secs] [Times: user=0.01 sys=0.00, real=0.00 secs] 
1394.866: [GC (Allocation Failure) [PSYoungGen: 60752K->1376K(60928K)] 338534K->279158K(734720K), 0.0030805 secs] [Times: user=0.01 sys=0.00, real=0.01 secs] 
1395.605: [GC (Allocation Failure) [PSYoungGen: 60768K->1344K(60928K)] 338550K->279126K(734720K), 0.0027240 secs] [Times: user=0.01 sys=0.00, real=0.00 secs] 
1396.396: [GC (Allocation Failure) [PSYoungGen: 60736K->1360K(60928K)] 338518K->279142K(734720K), 0.0036960 secs] [Times: user=0.02 sys=0.00, real=0.01 secs] 
1398.002: [GC (Allocation Failure) [PSYoungGen: 60752K->1376K(60928K)] 338534K->279158K(734720K), 0.0024787 secs] [Times: user=0.01 sys=0.00, real=0.00 secs] 
1398.637: [GC (Allocation Failure) [PSYoungGen: 60768K->1344K(60928K)] 338550K->279126K(734720K), 0.0034637 secs] [Times: user=0.02 sys=0.00, real=0.01 secs] 
1399.275: [GC (Allocation Failure) [PSYoungGen: 60736K->1376K(60928K)] 338518K->279158K(734720K), 0.0029199 secs] [Times: user=0.01 sys=0.00, real=0.00 secs] 
1399.773: [GC (Allocation Failure) [PSYoungGen: 60768K->1376K(60928K)] 338550K->279158K(734720K), 0.0025618 secs] [Times: user=0.01 sys=0.00, real=0.00 secs] 
1401.007: [GC (Allocation Failure) [PSYoungGen: 60768K->1408K(60928K)] 338550K->279190K(734720K), 0.0016229 secs] [Times: user=0.01 sys=0.00, real=0.00 secs] 
1401.580: [GC (Allocation Failure) [PSYoungGen: 60800K->1344K(60928K)] 338582K->279126K(734720K), 0.0024135 secs] [Times: user=0.01 sys=0.00, real=0.00 secs] 
1401.823: [GC (Allocation Failure) [PSYoungGen: 60736K->1376K(60928K)] 338518K->279158K(734720K), 0.0019120 secs] [Times: user=0.01 sys=0.00, real=0.00 secs] 
1402.070: [GC (Allocation Failure) [PSYoungGen: 60768K->1376K(60928K)] 338550K->279158K(734720K), 0.0018742 secs] [Times: user=0.01 sys=0.00, real=0.00 secs] 
1402.370: [GC (Allocation Failure) [PSYoungGen: 60768K->1376K(60928K)] 338550K->279158K(734720K), 0.0019645 secs] [Times: user=0.00 sys=0.00, real=0.00 secs] 
1403.661: [GC (Allocation Failure) [PSYoungGen: 60768K->1440K(60928K)] 338550K->279222K(734720K), 0.0020428 secs] [Times: user=0.00 sys=0.00, real=0.00 secs] 
1404.954: [GC (Allocation Failure) [PSYoungGen: 60832K->1376K(60928K)] 338614K->279158K(734720K), 0.0036194 secs] [Times: user=0.02 sys=0.00, real=0.00 secs] 
1405.801: [GC (Allocation Failure) [PSYoungGen: 60768K->1344K(60928K)] 338550K->279134K(734720K), 0.0031328 secs] [Times: user=0.01 sys=0.01, real=0.00 secs] 
1406.335: [GC (Allocation Failure) [PSYoungGen: 60736K->1376K(60928K)] 338526K->279166K(734720K), 0.0029633 secs] [Times: user=0.02 sys=0.00, real=0.00 secs] 
1406.829: [GC (Allocation Failure) [PSYoungGen: 60768K->1408K(60928K)] 338558K->279198K(734720K), 0.0023446 secs] [Times: user=0.01 sys=0.00, real=0.01 secs] 
1408.268: [GC (Allocation Failure) [PSYoungGen: 60800K->1376K(60928K)] 338590K->279166K(734720K), 0.0017714 secs] [Times: user=0.00 sys=0.00, real=0.01 secs] 
1408.914: [GC (Allocation Failure) [PSYoungGen: 60768K->1408K(60928K)] 338558K->279198K(734720K), 0.0017886 secs] [Times: user=0.01 sys=0.00, real=0.00 secs] 
1409.256: [GC (Allocation Failure) [PSYoungGen: 60800K->1392K(60928K)] 338590K->279182K(734720K), 0.0018563 secs] [Times: user=0.00 sys=0.00, real=0.00 secs] 
1409.749: [GC (Allocation Failure) [PSYoungGen: 60784K->1344K(60928K)] 338574K->279134K(734720K), 0.0020661 secs] [Times: user=0.01 sys=0.00, real=0.00 secs] 
1410.259: [GC (Allocation Failure) [PSYoungGen: 60736K->1408K(60928K)] 338526K->279198K(734720K), 0.0020151 secs] [Times: user=0.01 sys=0.00, real=0.00 secs] 
1411.385: [GC (Allocation Failure) [PSYoungGen: 60800K->1440K(60928K)] 338590K->279238K(734720K), 0.0019714 secs] [Times: user=0.01 sys=0.00, real=0.00 secs] 
1411.705: [GC (Allocation Failure) [PSYoungGen: 60832K->1376K(60928K)] 338630K->279174K(734720K), 0.0017451 secs] [Times: user=0.00 sys=0.00, real=0.00 secs] 
1411.957: [GC (Allocation Failure) [PSYoungGen: 60768K->1344K(60928K)] 338566K->279142K(734720K), 0.0019985 secs] [Times: user=0.00 sys=0.00, real=0.01 secs] 
1412.204: [GC (Allocation Failure) [PSYoungGen: 60736K->1376K(60928K)] 338534K->279174K(734720K), 0.0019626 secs] [Times: user=0.01 sys=0.00, real=0.00 secs] 
1413.135: [GC (Allocation Failure) [PSYoungGen: 60639K->224K(60928K)] 338437K->278022K(734720K), 0.0014984 secs] [Times: user=0.01 sys=0.00, real=0.00 secs] 
1413.432: [GC (Allocation Failure) [PSYoungGen: 59616K->1344K(61440K)] 337414K->279150K(735232K), 0.0017405 secs] [Times: user=0.00 sys=0.00, real=0.00 secs] 
1413.696: [GC (Allocation Failure) [PSYoungGen: 60736K->1344K(61440K)] 338542K->279158K(735232K), 0.0016802 secs] [Times: user=0.00 sys=0.00, real=0.00 secs] 
1414.082: [GC (Allocation Failure) [PSYoungGen: 60736K->1376K(61440K)] 338550K->279190K(735232K), 0.0017705 secs] [Times: user=0.01 sys=0.00, real=0.00 secs] 
1414.475: [GC (Allocation Failure) [PSYoungGen: 60768K->1408K(61440K)] 338582K->279222K(735232K), 0.0018173 secs] [Times: user=0.01 sys=0.00, real=0.00 secs] 
1415.696: [GC (Allocation Failure) [PSYoungGen: 60800K->1440K(61440K)] 338614K->279254K(735232K), 0.0018733 secs] [Times: user=0.01 sys=0.00, real=0.00 secs] 
1416.437: [GC (Allocation Failure) [PSYoungGen: 60832K->1424K(61440K)] 338646K->279238K(735232K), 0.0031908 secs] [Times: user=0.01 sys=0.00, real=0.01 secs] 
1416.977: [GC (Allocation Failure) [PSYoungGen: 60816K->1392K(61440K)] 338630K->279206K(735232K), 0.0030551 secs] [Times: user=0.01 sys=0.00, real=0.01 secs] 
1417.753: [GC (Allocation Failure) [PSYoungGen: 60784K->1376K(61440K)] 338598K->279190K(735232K), 0.0027019 secs] [Times: user=0.01 sys=0.00, real=0.00 secs] 
1418.633: [GC (Allocation Failure) [PSYoungGen: 60768K->1376K(61440K)] 338582K->279190K(735232K), 0.0028000 secs] [Times: user=0.01 sys=0.00, real=0.00 secs] 
1419.965: [GC (Allocation Failure) [PSYoungGen: 60768K->1408K(61440K)] 338582K->279222K(735232K), 0.0016291 secs] [Times: user=0.01 sys=0.00, real=0.00 secs] 
1420.212: [GC (Allocation Failure) [PSYoungGen: 60800K->1344K(61440K)] 338614K->279158K(735232K), 0.0015992 secs] [Times: user=0.01 sys=0.00, real=0.00 secs] 
1420.459: [GC (Allocation Failure) [PSYoungGen: 60736K->1344K(61440K)] 338550K->279158K(735232K), 0.0015357 secs] [Times: user=0.01 sys=0.00, real=0.00 secs] 
1420.705: [GC (Allocation Failure) [PSYoungGen: 60736K->1408K(61440K)] 338550K->279222K(735232K), 0.0015884 secs] [Times: user=0.01 sys=0.00, real=0.00 secs] 
1421.005: [GC (Allocation Failure) [PSYoungGen: 60800K->1408K(61440K)] 338614K->279222K(735232K), 0.0017971 secs] [Times: user=0.01 sys=0.00, real=0.00 secs] 
1422.231: [GC (Allocation Failure) [PSYoungGen: 60800K->1440K(61440K)] 338614K->279254K(735232K), 0.0018553 secs] [Times: user=0.00 sys=0.00, real=0.00 secs] 
1422.847: [GC (Allocation Failure) [PSYoungGen: 60832K->1376K(61440K)] 338646K->279206K(735232K), 0.0022055 secs] [Times: user=0.01 sys=0.00, real=0.01 secs] 
1423.583: [GC (Allocation Failure) [PSYoungGen: 60768K->1344K(61440K)] 338598K->279198K(735232K), 0.0034056 secs] [Times: user=0.01 sys=0.00, real=0.00 secs] 
1424.227: [GC (Allocation Failure) [PSYoungGen: 60736K->1408K(61440K)] 338590K->279262K(735232K), 0.0024681 secs] [Times: user=0.01 sys=0.00, real=0.01 secs] 
1424.849: [GC (Allocation Failure) [PSYoungGen: 60780K->288K(61440K)] 338635K->278142K(735232K), 0.0026199 secs] [Times: user=0.01 sys=0.00, real=0.00 secs] 
1425.850: [GC (Allocation Failure) [PSYoungGen: 59680K->1408K(61440K)] 337534K->279262K(735232K), 0.0016465 secs] [Times: user=0.01 sys=0.00, real=0.00 secs] 
1426.149: [GC (Allocation Failure) [PSYoungGen: 60800K->1408K(61440K)] 338654K->279262K(735232K), 0.0016859 secs] [Times: user=0.00 sys=0.00, real=0.01 secs] 
1426.430: [GC (Allocation Failure) [PSYoungGen: 60800K->1392K(61440K)] 338654K->279246K(735232K), 0.0016677 secs] [Times: user=0.01 sys=0.00, real=0.00 secs] 
1426.736: [GC (Allocation Failure) [PSYoungGen: 60784K->1344K(61440K)] 338638K->279198K(735232K), 0.0017076 secs] [Times: user=0.01 sys=0.00, real=0.00 secs] 
1427.767: [GC (Allocation Failure) [PSYoungGen: 60736K->1440K(61440K)] 338590K->279294K(735232K), 0.0017374 secs] [Times: user=0.00 sys=0.00, real=0.00 secs] 
1428.371: [GC (Allocation Failure) [PSYoungGen: 60832K->1392K(61440K)] 338686K->279262K(735232K), 0.0024816 secs] [Times: user=0.01 sys=0.00, real=0.00 secs] 
1428.978: [GC (Allocation Failure) [PSYoungGen: 60784K->1440K(61440K)] 338654K->279310K(735232K), 0.0026009 secs] [Times: user=0.01 sys=0.00, real=0.01 secs] 
1429.449: [GC (Allocation Failure) [PSYoungGen: 60832K->1408K(61440K)] 338702K->279278K(735232K), 0.0020050 secs] [Times: user=0.00 sys=0.00, real=0.00 secs] 
1430.122: [GC (Allocation Failure) [PSYoungGen: 60800K->1408K(61440K)] 338670K->279278K(735232K), 0.0021879 secs] [Times: user=0.01 sys=0.00, real=0.00 secs] 
1431.422: [GC (Allocation Failure) [PSYoungGen: 60800K->1440K(61440K)] 338670K->279310K(735232K), 0.0019807 secs] [Times: user=0.01 sys=0.00, real=0.00 secs] 
1431.694: [GC (Allocation Failure) [PSYoungGen: 60832K->1376K(61440K)] 338702K->279246K(735232K), 0.0019425 secs] [Times: user=0.00 sys=0.00, real=0.00 secs] 
1431.964: [GC (Allocation Failure) [PSYoungGen: 60768K->1344K(61440K)] 338638K->279214K(735232K), 0.0019210 secs] [Times: user=0.01 sys=0.00, real=0.00 secs] 
1432.210: [GC (Allocation Failure) [PSYoungGen: 60736K->1408K(61440K)] 338606K->279278K(735232K), 0.0016723 secs] [Times: user=0.01 sys=0.00, real=0.00 secs] 
1432.457: [GC (Allocation Failure) [PSYoungGen: 60800K->1408K(61440K)] 338670K->279294K(735232K), 0.0017418 secs] [Times: user=0.00 sys=0.00, real=0.00 secs] 
1434.393: [GC (Allocation Failure) [PSYoungGen: 60800K->1440K(61440K)] 338686K->279326K(735232K), 0.0025121 secs] [Times: user=0.01 sys=0.00, real=0.00 secs] 
1434.662: [GC (Allocation Failure) [PSYoungGen: 60832K->1376K(61440K)] 338718K->279262K(735232K), 0.0019394 secs] [Times: user=0.01 sys=0.00, real=0.00 secs] 
1435.258: [GC (Allocation Failure) [PSYoungGen: 60768K->1376K(61440K)] 338654K->279262K(735232K), 0.0015840 secs] [Times: user=0.01 sys=0.00, real=0.01 secs] 
1435.961: [GC (Allocation Failure) [PSYoungGen: 60768K->1408K(61440K)] 338654K->279294K(735232K), 0.0018403 secs] [Times: user=0.01 sys=0.00, real=0.00 secs] 
1436.754: [GC (Allocation Failure) [PSYoungGen: 60800K->1408K(61440K)] 338686K->279294K(735232K), 0.0019520 secs] [Times: user=0.00 sys=0.00, real=0.00 secs] 
1438.140: [GC (Allocation Failure) [PSYoungGen: 60800K->1408K(61440K)] 338686K->279294K(735232K), 0.0020454 secs] [Times: user=0.01 sys=0.00, real=0.00 secs] 
1438.834: [GC (Allocation Failure) [PSYoungGen: 60800K->1344K(60928K)] 338686K->279230K(734720K), 0.0028325 secs] [Times: user=0.01 sys=0.00, real=0.00 secs] 
1439.397: [GC (Allocation Failure) [PSYoungGen: 60736K->1312K(60928K)] 338622K->279198K(734720K), 0.0037990 secs] [Times: user=0.02 sys=0.00, real=0.01 secs] 
1439.966: [GC (Allocation Failure) [PSYoungGen: 60704K->1344K(60928K)] 338590K->279230K(734720K), 0.0029890 secs] [Times: user=0.01 sys=0.00, real=0.01 secs] 
1441.437: [GC (Allocation Failure) [PSYoungGen: 60736K->1440K(60928K)] 338622K->279326K(734720K), 0.0018403 secs] [Times: user=0.01 sys=0.00, real=0.01 secs] 
1442.055: [GC (Allocation Failure) [PSYoungGen: 60832K->1344K(60928K)] 338718K->279230K(734720K), 0.0027424 secs] [Times: user=0.01 sys=0.00, real=0.00 secs] 
1442.551: [GC (Allocation Failure) [PSYoungGen: 60736K->1392K(60928K)] 338622K->279278K(734720K), 0.0039013 secs] [Times: user=0.02 sys=0.00, real=0.00 secs] 
1442.945: [GC (Allocation Failure) [PSYoungGen: 60784K->1360K(60928K)] 338670K->279246K(734720K), 0.0021996 secs] [Times: user=0.01 sys=0.00, real=0.00 secs] 
1443.192: [GC (Allocation Failure) [PSYoungGen: 60752K->1392K(60928K)] 338638K->279278K(734720K), 0.0017223 secs] [Times: user=0.01 sys=0.00, real=0.00 secs] 
1444.303: [GC (Allocation Failure) [PSYoungGen: 60784K->1440K(60928K)] 338670K->279326K(734720K), 0.0021894 secs] [Times: user=0.01 sys=0.00, real=0.00 secs] 
1444.559: [GC (Allocation Failure) [PSYoungGen: 60832K->1392K(60928K)] 338718K->279294K(734720K), 0.0019712 secs] [Times: user=0.01 sys=0.00, real=0.00 secs] 
1444.823: [GC (Allocation Failure) [PSYoungGen: 60784K->1376K(60928K)] 338686K->279278K(734720K), 0.0019472 secs] [Times: user=0.01 sys=0.00, real=0.00 secs] 
1445.152: [GC (Allocation Failure) [PSYoungGen: 60768K->1376K(60928K)] 338670K->279278K(734720K), 0.0020225 secs] [Times: user=0.01 sys=0.00, real=0.00 secs] 
1445.580: [GC (Allocation Failure) [PSYoungGen: 60768K->1440K(60928K)] 338670K->279342K(734720K), 0.0019740 secs] [Times: user=0.01 sys=0.01, real=0.00 secs] 
1446.725: [GC (Allocation Failure) [PSYoungGen: 60832K->1376K(60928K)] 338734K->279278K(734720K), 0.0018124 secs] [Times: user=0.01 sys=0.00, real=0.00 secs] 
1447.097: [GC (Allocation Failure) [PSYoungGen: 60768K->1408K(60928K)] 338670K->279318K(734720K), 0.0017892 secs] [Times: user=0.01 sys=0.00, real=0.01 secs] 
1447.349: [GC (Allocation Failure) [PSYoungGen: 60800K->1344K(60928K)] 338710K->279254K(734720K), 0.0018861 secs] [Times: user=0.00 sys=0.00, real=0.00 secs] 
1447.607: [GC (Allocation Failure) [PSYoungGen: 60736K->1376K(60928K)] 338646K->279286K(734720K), 0.0017963 secs] [Times: user=0.01 sys=0.00, real=0.00 secs] 
1447.853: [GC (Allocation Failure) [PSYoungGen: 60768K->1344K(60928K)] 338678K->279254K(734720K), 0.0018807 secs] [Times: user=0.01 sys=0.00, real=0.00 secs] 
1449.695: [GC (Allocation Failure) [PSYoungGen: 60736K->1376K(60928K)] 338646K->279302K(734720K), 0.0044482 secs] [Times: user=0.02 sys=0.01, real=0.01 secs] 
1450.504: [GC (Allocation Failure) [PSYoungGen: 60768K->1376K(60928K)] 338694K->279302K(734720K), 0.0035897 secs] [Times: user=0.01 sys=0.00, real=0.00 secs] 
1451.090: [GC (Allocation Failure) [PSYoungGen: 60768K->1312K(60928K)] 338694K->279238K(734720K), 0.0028505 secs] [Times: user=0.01 sys=0.00, real=0.00 secs] 
1451.725: [GC (Allocation Failure) [PSYoungGen: 60704K->1376K(60928K)] 338630K->279302K(734720K), 0.0030395 secs] [Times: user=0.02 sys=0.00, real=0.00 secs] 
1453.246: [GC (Allocation Failure) [PSYoungGen: 60768K->1440K(60928K)] 338694K->279366K(734720K), 0.0020187 secs] [Times: user=0.01 sys=0.00, real=0.00 secs] 
1454.039: [GC (Allocation Failure) [PSYoungGen: 60832K->1376K(60928K)] 338758K->279310K(734720K), 0.0019876 secs] [Times: user=0.00 sys=0.00, real=0.01 secs] 
1454.648: [GC (Allocation Failure) [PSYoungGen: 60768K->1376K(60928K)] 338702K->279310K(734720K), 0.0024005 secs] [Times: user=0.00 sys=0.00, real=0.01 secs] 
1455.356: [GC (Allocation Failure) [PSYoungGen: 60768K->1376K(60928K)] 338702K->279310K(734720K), 0.0019810 secs] [Times: user=0.00 sys=0.00, real=0.00 secs] 
1456.146: [GC (Allocation Failure) [PSYoungGen: 60768K->1408K(60928K)] 338702K->279342K(734720K), 0.0024105 secs] [Times: user=0.01 sys=0.00, real=0.00 secs] 
1457.610: [GC (Allocation Failure) [PSYoungGen: 60800K->1376K(60928K)] 338734K->279310K(734720K), 0.0017127 secs] [Times: user=0.01 sys=0.00, real=0.00 secs] 
1457.856: [GC (Allocation Failure) [PSYoungGen: 60768K->1408K(60928K)] 338702K->279358K(734720K), 0.0015325 secs] [Times: user=0.01 sys=0.00, real=0.00 secs] 
1458.103: [GC (Allocation Failure) [PSYoungGen: 60800K->1344K(60928K)] 338750K->279294K(734720K), 0.0015698 secs] [Times: user=0.01 sys=0.00, real=0.00 secs] 
1458.349: [GC (Allocation Failure) [PSYoungGen: 60736K->1408K(60928K)] 338686K->279366K(734720K), 0.0016146 secs] [Times: user=0.01 sys=0.00, real=0.01 secs] 
1458.595: [GC (Allocation Failure) [PSYoungGen: 60800K->1440K(60928K)] 338758K->279398K(734720K), 0.0019234 secs] [Times: user=0.01 sys=0.00, real=0.00 secs] 
1460.433: [GC (Allocation Failure) [PSYoungGen: 60832K->1408K(60928K)] 338790K->279366K(734720K), 0.0021257 secs] [Times: user=0.01 sys=0.00, real=0.00 secs] 
1461.326: [GC (Allocation Failure) [PSYoungGen: 60800K->1296K(60928K)] 338758K->279262K(734720K), 0.0028483 secs] [Times: user=0.01 sys=0.00, real=0.01 secs] 
1462.312: [GC (Allocation Failure) [PSYoungGen: 60688K->1360K(60928K)] 338654K->279326K(734720K), 0.0036321 secs] [Times: user=0.02 sys=0.00, real=0.00 secs] 
1463.314: [GC (Allocation Failure) [PSYoungGen: 60752K->1328K(60928K)] 338718K->279294K(734720K), 0.0035462 secs] [Times: user=0.01 sys=0.00, real=0.00 secs] 
1464.034: [GC (Allocation Failure) [PSYoungGen: 60720K->1344K(60928K)] 338686K->279310K(734720K), 0.0026364 secs] [Times: user=0.01 sys=0.00, real=0.00 secs] 
1465.323: [GC (Allocation Failure) [PSYoungGen: 60736K->1408K(60928K)] 338702K->279382K(734720K), 0.0020058 secs] [Times: user=0.01 sys=0.00, real=0.00 secs] 
1465.833: [GC (Allocation Failure) [PSYoungGen: 60800K->1344K(60928K)] 338774K->279326K(734720K), 0.0025605 secs] [Times: user=0.01 sys=0.00, real=0.00 secs] 
1466.358: [GC (Allocation Failure) [PSYoungGen: 60736K->1344K(60928K)] 338718K->279326K(734720K), 0.0020719 secs] [Times: user=0.01 sys=0.00, real=0.01 secs] 
1466.660: [GC (Allocation Failure) [PSYoungGen: 60736K->1392K(60928K)] 338718K->279374K(734720K), 0.0018463 secs] [Times: user=0.01 sys=0.00, real=0.00 secs] 
1467.858: [GC (Allocation Failure) [PSYoungGen: 60784K->1408K(60928K)] 338766K->279390K(734720K), 0.0021475 secs] [Times: user=0.01 sys=0.00, real=0.01 secs] 
1469.083: [GC (Allocation Failure) [PSYoungGen: 60800K->1376K(60928K)] 338782K->279366K(734720K), 0.0035379 secs] [Times: user=0.01 sys=0.00, real=0.00 secs] 
1470.035: [GC (Allocation Failure) [PSYoungGen: 60768K->1344K(60928K)] 338758K->279334K(734720K), 0.0031985 secs] [Times: user=0.01 sys=0.00, real=0.00 secs] 
1470.525: [GC (Allocation Failure) [PSYoungGen: 60736K->1392K(60928K)] 338726K->279382K(734720K), 0.0025545 secs] [Times: user=0.01 sys=0.00, real=0.00 secs] 
1471.073: [GC (Allocation Failure) [PSYoungGen: 60784K->1408K(60928K)] 338774K->279398K(734720K), 0.0025472 secs] [Times: user=0.01 sys=0.00, real=0.00 secs] 
1472.270: [GC (Allocation Failure) [PSYoungGen: 60800K->1440K(60928K)] 338790K->279430K(734720K), 0.0016380 secs] [Times: user=0.00 sys=0.00, real=0.00 secs] 
1472.516: [GC (Allocation Failure) [PSYoungGen: 60832K->1408K(60928K)] 338822K->279398K(734720K), 0.0017113 secs] [Times: user=0.00 sys=0.00, real=0.00 secs] 
1472.763: [GC (Allocation Failure) [PSYoungGen: 60800K->1376K(60928K)] 338790K->279366K(734720K), 0.0015999 secs] [Times: user=0.01 sys=0.00, real=0.00 secs] 
1473.104: [GC (Allocation Failure) [PSYoungGen: 60768K->1376K(60928K)] 338758K->279366K(734720K), 0.0015586 secs] [Times: user=0.00 sys=0.00, real=0.00 secs] 
1473.552: [GC (Allocation Failure) [PSYoungGen: 60768K->1376K(60928K)] 338758K->279366K(734720K), 0.0018521 secs] [Times: user=0.01 sys=0.00, real=0.00 secs] 
1474.719: [GC (Allocation Failure) [PSYoungGen: 60768K->1408K(60928K)] 338758K->279414K(734720K), 0.0017581 secs] [Times: user=0.01 sys=0.00, real=0.00 secs] 
1474.966: [GC (Allocation Failure) [PSYoungGen: 60800K->1392K(60928K)] 338806K->279398K(734720K), 0.0017854 secs] [Times: user=0.01 sys=0.00, real=0.00 secs] 
1475.213: [GC (Allocation Failure) [PSYoungGen: 60784K->1408K(60928K)] 338790K->279414K(734720K), 0.0016863 secs] [Times: user=0.00 sys=0.00, real=0.00 secs] 
1475.528: [GC (Allocation Failure) [PSYoungGen: 60800K->1408K(60928K)] 338806K->279414K(734720K), 0.0017358 secs] [Times: user=0.00 sys=0.00, real=0.01 secs] 
1475.815: [GC (Allocation Failure) [PSYoungGen: 60800K->1376K(60928K)] 338806K->279382K(734720K), 0.0017891 secs] [Times: user=0.01 sys=0.00, real=0.00 secs] 
1477.271: [GC (Allocation Failure) [PSYoungGen: 60768K->1408K(60928K)] 338774K->279414K(734720K), 0.0016990 secs] [Times: user=0.00 sys=0.00, real=0.00 secs] 
1478.037: [GC (Allocation Failure) [PSYoungGen: 60800K->1376K(60928K)] 338806K->279382K(734720K), 0.0018315 secs] [Times: user=0.01 sys=0.00, real=0.01 secs] 
1478.547: [GC (Allocation Failure) [PSYoungGen: 60768K->1440K(60928K)] 338774K->279446K(734720K), 0.0019030 secs] [Times: user=0.01 sys=0.00, real=0.01 secs] 
1479.163: [GC (Allocation Failure) [PSYoungGen: 60832K->1408K(60928K)] 338838K->279414K(734720K), 0.0021201 secs] [Times: user=0.01 sys=0.00, real=0.00 secs] 
1480.702: [GC (Allocation Failure) [PSYoungGen: 60800K->864K(60928K)] 338806K->279894K(734720K), 0.0035580 secs] [Times: user=0.01 sys=0.00, real=0.00 secs] 
1482.409: [GC (Allocation Failure) [PSYoungGen: 60256K->288K(61440K)] 339286K->279318K(735232K), 0.0035737 secs] [Times: user=0.01 sys=0.00, real=0.00 secs] 
1483.232: [GC (Allocation Failure) [PSYoungGen: 59680K->320K(61440K)] 338710K->279350K(735232K), 0.0023349 secs] [Times: user=0.01 sys=0.00, real=0.00 secs] 
1483.488: [GC (Allocation Failure) [PSYoungGen: 59712K->320K(61440K)] 338742K->279350K(735232K), 0.0016615 secs] [Times: user=0.01 sys=0.00, real=0.01 secs] 
1483.734: [GC (Allocation Failure) [PSYoungGen: 59712K->352K(61440K)] 338742K->279382K(735232K), 0.0018538 secs] [Times: user=0.00 sys=0.00, real=0.00 secs] 
1484.905: [GC (Allocation Failure) [PSYoungGen: 59744K->1424K(61440K)] 338774K->280454K(735232K), 0.0016670 secs] [Times: user=0.01 sys=0.00, real=0.00 secs] 
1485.394: [GC (Allocation Failure) [PSYoungGen: 60816K->1408K(61440K)] 339846K->280446K(735232K), 0.0019051 secs] [Times: user=0.00 sys=0.00, real=0.00 secs] 
1486.148: [GC (Allocation Failure) [PSYoungGen: 60800K->1376K(60928K)] 339838K->280414K(734720K), 0.0025652 secs] [Times: user=0.01 sys=0.01, real=0.01 secs] 
1487.031: [GC (Allocation Failure) [PSYoungGen: 60256K->1344K(60416K)] 339294K->280382K(734208K), 0.0039244 secs] [Times: user=0.01 sys=0.00, real=0.00 secs] 
1487.653: [GC (Allocation Failure) [PSYoungGen: 60224K->1344K(60928K)] 339262K->280382K(734720K), 0.0027013 secs] [Times: user=0.01 sys=0.00, real=0.00 secs] 
1489.656: [GC (Allocation Failure) [PSYoungGen: 60224K->1440K(60928K)] 339262K->280478K(734720K), 0.0025407 secs] [Times: user=0.01 sys=0.00, real=0.00 secs] 
1490.382: [GC (Allocation Failure) [PSYoungGen: 60320K->1408K(61440K)] 339358K->280446K(735232K), 0.0024202 secs] [Times: user=0.01 sys=0.00, real=0.00 secs] 
1490.920: [GC (Allocation Failure) [PSYoungGen: 60288K->1376K(60416K)] 339326K->280414K(734208K), 0.0025807 secs] [Times: user=0.01 sys=0.00, real=0.00 secs] 
1491.428: [GC (Allocation Failure) [PSYoungGen: 60256K->1376K(60928K)] 339294K->280414K(734720K), 0.0025081 secs] [Times: user=0.01 sys=0.00, real=0.01 secs] 
1491.970: [GC (Allocation Failure) [PSYoungGen: 60256K->1408K(60928K)] 339294K->280446K(734720K), 0.0025150 secs] [Times: user=0.01 sys=0.00, real=0.00 secs] 
1494.136: [GC (Allocation Failure) [PSYoungGen: 60288K->1376K(60928K)] 339326K->280422K(734720K), 0.0036738 secs] [Times: user=0.02 sys=0.00, real=0.01 secs] 
1494.630: [GC (Allocation Failure) [PSYoungGen: 60256K->1344K(60928K)] 339302K->280390K(734720K), 0.0022206 secs] [Times: user=0.01 sys=0.00, real=0.00 secs] 
1494.865: [GC (Allocation Failure) [PSYoungGen: 60224K->1408K(60928K)] 339270K->280454K(734720K), 0.0019866 secs] [Times: user=0.01 sys=0.00, real=0.00 secs] 
1495.113: [GC (Allocation Failure) [PSYoungGen: 60288K->1408K(60928K)] 339334K->280454K(734720K), 0.0018924 secs] [Times: user=0.01 sys=0.00, real=0.00 secs] 
1496.007: [GC (Allocation Failure) [PSYoungGen: 60288K->352K(60928K)] 339334K->279406K(734720K), 0.0014721 secs] [Times: user=0.01 sys=0.00, real=0.00 secs] 
1497.296: [GC (Allocation Failure) [PSYoungGen: 59232K->1440K(60928K)] 338286K->280494K(734720K), 0.0032204 secs] [Times: user=0.01 sys=0.00, real=0.00 secs] 
1498.128: [GC (Allocation Failure) [PSYoungGen: 60320K->1312K(60928K)] 339374K->280366K(734720K), 0.0031260 secs] [Times: user=0.01 sys=0.00, real=0.01 secs] 
1498.881: [GC (Allocation Failure) [PSYoungGen: 60192K->1312K(60928K)] 339246K->280366K(734720K), 0.0037180 secs] [Times: user=0.01 sys=0.00, real=0.00 secs] 
1499.573: [GC (Allocation Failure) [PSYoungGen: 60192K->1376K(60928K)] 339246K->280430K(734720K), 0.0024806 secs] [Times: user=0.01 sys=0.00, real=0.00 secs] 
1500.915: [GC (Allocation Failure) [PSYoungGen: 60256K->1392K(60928K)] 339310K->280446K(734720K), 0.0017755 secs] [Times: user=0.01 sys=0.00, real=0.00 secs] 
1501.665: [GC (Allocation Failure) [PSYoungGen: 60272K->1392K(60928K)] 339326K->280446K(734720K), 0.0017634 secs] [Times: user=0.00 sys=0.00, real=0.00 secs] 
1502.438: [GC (Allocation Failure) [PSYoungGen: 60272K->1312K(60928K)] 339326K->280366K(734720K), 0.0032963 secs] [Times: user=0.02 sys=0.00, real=0.01 secs] 
1503.040: [GC (Allocation Failure) [PSYoungGen: 60192K->1296K(60928K)] 339246K->280350K(734720K), 0.0025641 secs] [Times: user=0.01 sys=0.00, real=0.00 secs] 
1503.646: [GC (Allocation Failure) [PSYoungGen: 60176K->1376K(60928K)] 339230K->280430K(734720K), 0.0025747 secs] [Times: user=0.01 sys=0.00, real=0.00 secs] 
1505.018: [GC (Allocation Failure) [PSYoungGen: 60256K->1408K(60928K)] 339310K->280462K(734720K), 0.0026965 secs] [Times: user=0.01 sys=0.00, real=0.01 secs] 
1505.597: [GC (Allocation Failure) [PSYoungGen: 60288K->1376K(60928K)] 339342K->280438K(734720K), 0.0026451 secs] [Times: user=0.01 sys=0.00, real=0.01 secs] 
1506.086: [GC (Allocation Failure) [PSYoungGen: 60256K->1376K(60928K)] 339318K->280438K(734720K), 0.0025587 secs] [Times: user=0.01 sys=0.00, real=0.00 secs] 
1507.490: [GC (Allocation Failure) [PSYoungGen: 60256K->1312K(60928K)] 339318K->280374K(734720K), 0.0025298 secs] [Times: user=0.01 sys=0.00, real=0.00 secs] 
1508.102: [GC (Allocation Failure) [PSYoungGen: 60192K->1296K(60928K)] 339254K->280358K(734720K), 0.0024192 secs] [Times: user=0.01 sys=0.00, real=0.00 secs] 
1509.367: [GC (Allocation Failure) [PSYoungGen: 60176K->1408K(60928K)] 339238K->280470K(734720K), 0.0016533 secs] [Times: user=0.01 sys=0.00, real=0.01 secs] 
1509.920: [GC (Allocation Failure) [PSYoungGen: 60288K->1408K(60928K)] 339350K->280470K(734720K), 0.0019421 secs] [Times: user=0.01 sys=0.00, real=0.00 secs] 
1510.376: [GC (Allocation Failure) [PSYoungGen: 60288K->1344K(60928K)] 339350K->280406K(734720K), 0.0019974 secs] [Times: user=0.01 sys=0.00, real=0.00 secs] 
1510.621: [GC (Allocation Failure) [PSYoungGen: 60224K->1344K(60928K)] 339286K->280406K(734720K), 0.0019498 secs] [Times: user=0.01 sys=0.00, real=0.00 secs] 
1510.865: [GC (Allocation Failure) [PSYoungGen: 60224K->1408K(60928K)] 339286K->280470K(734720K), 0.0018453 secs] [Times: user=0.01 sys=0.00, real=0.00 secs] 
1512.269: [GC (Allocation Failure) [PSYoungGen: 60288K->1408K(60928K)] 339350K->280470K(734720K), 0.0031089 secs] [Times: user=0.01 sys=0.00, real=0.01 secs] 
1513.001: [GC (Allocation Failure) [PSYoungGen: 60288K->1344K(60928K)] 339350K->280406K(734720K), 0.0028562 secs] [Times: user=0.01 sys=0.00, real=0.00 secs] 
1513.764: [GC (Allocation Failure) [PSYoungGen: 60224K->1344K(60928K)] 339286K->280406K(734720K), 0.0023287 secs] [Times: user=0.01 sys=0.00, real=0.00 secs] 
1514.259: [GC (Allocation Failure) [PSYoungGen: 60224K->1376K(60928K)] 339286K->280438K(734720K), 0.0021869 secs] [Times: user=0.00 sys=0.00, real=0.00 secs] 
1515.314: [GC (Allocation Failure) [PSYoungGen: 60256K->288K(60928K)] 339318K->279350K(734720K), 0.0014685 secs] [Times: user=0.01 sys=0.00, real=0.00 secs] 
1515.997: [GC (Allocation Failure) [PSYoungGen: 59168K->1424K(60928K)] 338230K->280494K(734720K), 0.0025871 secs] [Times: user=0.01 sys=0.00, real=0.01 secs] 
1516.498: [GC (Allocation Failure) [PSYoungGen: 60304K->1360K(60928K)] 339374K->280430K(734720K), 0.0024935 secs] [Times: user=0.01 sys=0.00, real=0.01 secs] 
1516.981: [GC (Allocation Failure) [PSYoungGen: 60240K->1344K(60928K)] 339310K->280414K(734720K), 0.0027894 secs] [Times: user=0.01 sys=0.00, real=0.00 secs] 
1517.521: [GC (Allocation Failure) [PSYoungGen: 60224K->1408K(60928K)] 339294K->280478K(734720K), 0.0022924 secs] [Times: user=0.01 sys=0.00, real=0.00 secs] 
1518.633: [GC (Allocation Failure) [PSYoungGen: 60288K->1408K(60928K)] 339358K->280478K(734720K), 0.0020253 secs] [Times: user=0.01 sys=0.00, real=0.00 secs] 
1519.336: [GC (Allocation Failure) [PSYoungGen: 60288K->1344K(60928K)] 339358K->280414K(734720K), 0.0022671 secs] [Times: user=0.01 sys=0.00, real=0.00 secs] 
1520.031: [GC (Allocation Failure) [PSYoungGen: 60224K->1376K(60928K)] 339294K->280446K(734720K), 0.0021724 secs] [Times: user=0.01 sys=0.00, real=0.00 secs] 
1520.317: [GC (Allocation Failure) [PSYoungGen: 60256K->1408K(60928K)] 339326K->280478K(734720K), 0.0018168 secs] [Times: user=0.00 sys=0.00, real=0.00 secs] 
1520.698: [GC (Allocation Failure) [PSYoungGen: 60288K->1408K(60928K)] 339358K->280478K(734720K), 0.0018647 secs] [Times: user=0.01 sys=0.00, real=0.01 secs] 
1522.060: [GC (Allocation Failure) [PSYoungGen: 60288K->1376K(60928K)] 339358K->280446K(734720K), 0.0019132 secs] [Times: user=0.01 sys=0.00, real=0.00 secs] 
1522.306: [GC (Allocation Failure) [PSYoungGen: 60256K->1344K(60928K)] 339326K->280414K(734720K), 0.0019385 secs] [Times: user=0.00 sys=0.00, real=0.00 secs] 
1522.551: [GC (Allocation Failure) [PSYoungGen: 60224K->1360K(60928K)] 339294K->280430K(734720K), 0.0018142 secs] [Times: user=0.00 sys=0.00, real=0.00 secs] 
1522.880: [GC (Allocation Failure) [PSYoungGen: 60240K->1376K(60928K)] 339310K->280478K(734720K), 0.0017771 secs] [Times: user=0.00 sys=0.00, real=0.00 secs] 
1523.124: [GC (Allocation Failure) [PSYoungGen: 60256K->1360K(60928K)] 339358K->280462K(734720K), 0.0017398 secs] [Times: user=0.01 sys=0.00, real=0.00 secs] 
1524.037: [GC (Allocation Failure) [PSYoungGen: 60240K->1344K(60928K)] 339342K->280446K(734720K), 0.0014934 secs] [Times: user=0.01 sys=0.00, real=0.01 secs] 
1524.281: [GC (Allocation Failure) [PSYoungGen: 60224K->1376K(60416K)] 339326K->280478K(734208K), 0.0015694 secs] [Times: user=0.01 sys=0.00, real=0.00 secs] 
1524.525: [GC (Allocation Failure) [PSYoungGen: 60256K->1344K(60416K)] 339358K->280446K(734208K), 0.0014595 secs] [Times: user=0.01 sys=0.00, real=0.00 secs] 
1524.769: [GC (Allocation Failure) [PSYoungGen: 60224K->336K(59904K)] 339326K->280462K(733696K), 0.0015096 secs] [Times: user=0.00 sys=0.00, real=0.01 secs] 
1525.033: [GC (Allocation Failure) [PSYoungGen: 59216K->352K(60928K)] 339342K->280478K(734720K), 0.0014473 secs] [Times: user=0.01 sys=0.00, real=0.00 secs] 
1526.259: [GC (Allocation Failure) [PSYoungGen: 59232K->1376K(60928K)] 339358K->281502K(734720K), 0.0018454 secs] [Times: user=0.01 sys=0.00, real=0.00 secs] 
1526.709: [GC (Allocation Failure) [PSYoungGen: 60256K->1344K(60928K)] 340382K->281478K(734720K), 0.0018999 secs] [Times: user=0.01 sys=0.00, real=0.01 secs] 
1527.227: [GC (Allocation Failure) [PSYoungGen: 60224K->1376K(60928K)] 340358K->281510K(734720K), 0.0017969 secs] [Times: user=0.01 sys=0.00, real=0.01 secs] 
1527.758: [GC (Allocation Failure) [PSYoungGen: 60256K->1376K(60928K)] 340390K->281510K(734720K), 0.0019098 secs] [Times: user=0.01 sys=0.00, real=0.01 secs] 
1528.952: [GC (Allocation Failure) [PSYoungGen: 60256K->1440K(60928K)] 340390K->281574K(734720K), 0.0015440 secs] [Times: user=0.00 sys=0.00, real=0.00 secs] 
1529.536: [GC (Allocation Failure) [PSYoungGen: 60320K->1344K(60928K)] 340454K->281478K(734720K), 0.0018877 secs] [Times: user=0.00 sys=0.00, real=0.00 secs] 
1530.022: [GC (Allocation Failure) [PSYoungGen: 60224K->1408K(60928K)] 340358K->281542K(734720K), 0.0018785 secs] [Times: user=0.01 sys=0.00, real=0.00 secs] 
1530.506: [GC (Allocation Failure) [PSYoungGen: 60288K->1376K(60928K)] 340422K->281510K(734720K), 0.0019093 secs] [Times: user=0.01 sys=0.00, real=0.00 secs] 
1530.993: [GC (Allocation Failure) [PSYoungGen: 60256K->1344K(60928K)] 340390K->281478K(734720K), 0.0018370 secs] [Times: user=0.00 sys=0.00, real=0.00 secs] 
1532.838: [GC (Allocation Failure) [PSYoungGen: 60224K->1440K(60928K)] 340358K->281574K(734720K), 0.0020459 secs] [Times: user=0.01 sys=0.00, real=0.01 secs] 
1533.398: [GC (Allocation Failure) [PSYoungGen: 60320K->1376K(60928K)] 340454K->281534K(734720K), 0.0020900 secs] [Times: user=0.01 sys=0.00, real=0.01 secs] 
1534.042: [GC (Allocation Failure) [PSYoungGen: 60256K->1360K(60928K)] 340414K->281518K(734720K), 0.0019906 secs] [Times: user=0.01 sys=0.00, real=0.00 secs] 
1534.684: [GC (Allocation Failure) [PSYoungGen: 60240K->1408K(60928K)] 340398K->281566K(734720K), 0.0023917 secs] [Times: user=0.01 sys=0.00, real=0.00 secs] 
1535.124: [GC (Allocation Failure) [PSYoungGen: 60288K->1408K(60928K)] 340446K->281566K(734720K), 0.0020379 secs] [Times: user=0.01 sys=0.00, real=0.00 secs] 
1536.448: [GC (Allocation Failure) [PSYoungGen: 60288K->1408K(60928K)] 340446K->281566K(734720K), 0.0017891 secs] [Times: user=0.01 sys=0.00, real=0.01 secs] 
1537.124: [GC (Allocation Failure) [PSYoungGen: 60288K->1376K(60928K)] 340446K->281534K(734720K), 0.0018988 secs] [Times: user=0.01 sys=0.00, real=0.00 secs] 
1537.921: [GC (Allocation Failure) [PSYoungGen: 60256K->1376K(60928K)] 340414K->281534K(734720K), 0.0026969 secs] [Times: user=0.01 sys=0.00, real=0.00 secs] 
1538.655: [GC (Allocation Failure) [PSYoungGen: 60256K->1344K(60928K)] 340414K->281502K(734720K), 0.0021004 secs] [Times: user=0.01 sys=0.00, real=0.00 secs] 
1539.383: [GC (Allocation Failure) [PSYoungGen: 60224K->1376K(60928K)] 340382K->281534K(734720K), 0.0031219 secs] [Times: user=0.02 sys=0.01, real=0.00 secs] 
1540.678: [GC (Allocation Failure) [PSYoungGen: 60256K->1424K(60928K)] 340414K->281582K(734720K), 0.0025934 secs] [Times: user=0.01 sys=0.00, real=0.01 secs] 
1541.221: [GC (Allocation Failure) [PSYoungGen: 60304K->1408K(60928K)] 340462K->281566K(734720K), 0.0018640 secs] [Times: user=0.01 sys=0.00, real=0.00 secs] 
1541.721: [GC (Allocation Failure) [PSYoungGen: 60288K->1344K(60928K)] 340446K->281502K(734720K), 0.0023759 secs] [Times: user=0.01 sys=0.00, real=0.00 secs] 
1542.243: [GC (Allocation Failure) [PSYoungGen: 60224K->1344K(60928K)] 340382K->281502K(734720K), 0.0027349 secs] [Times: user=0.01 sys=0.00, real=0.00 secs] 
1542.640: [GC (Allocation Failure) [PSYoungGen: 60224K->1296K(60928K)] 340382K->281454K(734720K), 0.0026355 secs] [Times: user=0.01 sys=0.00, real=0.00 secs] 
1543.680: [GC (Allocation Failure) [PSYoungGen: 60176K->1376K(60928K)] 340334K->281534K(734720K), 0.0016147 secs] [Times: user=0.01 sys=0.00, real=0.00 secs] 
1543.931: [GC (Allocation Failure) [PSYoungGen: 60256K->1408K(60928K)] 340414K->281566K(734720K), 0.0016539 secs] [Times: user=0.01 sys=0.00, real=0.00 secs] 
1544.244: [GC (Allocation Failure) [PSYoungGen: 60288K->1408K(60928K)] 340446K->281582K(734720K), 0.0018997 secs] [Times: user=0.00 sys=0.00, real=0.00 secs] 
1544.489: [GC (Allocation Failure) [PSYoungGen: 60288K->1344K(60416K)] 340462K->281518K(734208K), 0.0023169 secs] [Times: user=0.01 sys=0.00, real=0.00 secs] 
1545.480: [GC (Allocation Failure) [PSYoungGen: 60224K->1472K(59904K)] 340398K->281646K(733696K), 0.0017298 secs] [Times: user=0.00 sys=0.00, real=0.00 secs] 
1546.171: [GC (Allocation Failure) [PSYoungGen: 59840K->1408K(60416K)] 340014K->281590K(734208K), 0.0017300 secs] [Times: user=0.00 sys=0.01, real=0.00 secs] 
1546.983: [GC (Allocation Failure) [PSYoungGen: 59776K->1312K(60416K)] 339958K->281494K(734208K), 0.0031638 secs] [Times: user=0.01 sys=0.00, real=0.00 secs] 
1547.520: [GC (Allocation Failure) [PSYoungGen: 59680K->1312K(59904K)] 339862K->281494K(733696K), 0.0035971 secs] [Times: user=0.01 sys=0.00, real=0.00 secs] 
1548.171: [GC (Allocation Failure) [PSYoungGen: 59680K->1392K(59904K)] 339862K->281574K(733696K), 0.0025995 secs] [Times: user=0.01 sys=0.00, real=0.00 secs] 
1549.560: [GC (Allocation Failure) [PSYoungGen: 59760K->1376K(59904K)] 339942K->281558K(733696K), 0.0016910 secs] [Times: user=0.01 sys=0.00, real=0.00 secs] 
1550.147: [GC (Allocation Failure) [PSYoungGen: 59744K->1408K(59904K)] 339926K->281590K(733696K), 0.0015948 secs] [Times: user=0.01 sys=0.00, real=0.00 secs] 
1550.655: [GC (Allocation Failure) [PSYoungGen: 59776K->1344K(59904K)] 339958K->281526K(733696K), 0.0025123 secs] [Times: user=0.01 sys=0.00, real=0.00 secs] 
1551.136: [GC (Allocation Failure) [PSYoungGen: 59712K->1376K(59904K)] 339894K->281558K(733696K), 0.0019906 secs] [Times: user=0.01 sys=0.00, real=0.00 secs] 
1551.647: [GC (Allocation Failure) [PSYoungGen: 59744K->1344K(59904K)] 339926K->281526K(733696K), 0.0024386 secs] [Times: user=0.01 sys=0.00, real=0.01 secs] 
1552.817: [GC (Allocation Failure) [PSYoungGen: 59712K->1440K(59904K)] 339894K->281622K(733696K), 0.0016957 secs] [Times: user=0.01 sys=0.00, real=0.00 secs] 
1553.059: [GC (Allocation Failure) [PSYoungGen: 59808K->1344K(59904K)] 339990K->281550K(733696K), 0.0016296 secs] [Times: user=0.01 sys=0.00, real=0.00 secs] 
1553.345: [GC (Allocation Failure) [PSYoungGen: 59712K->1408K(59904K)] 339918K->281614K(733696K), 0.0017361 secs] [Times: user=0.01 sys=0.00, real=0.00 secs] 
1553.694: [GC (Allocation Failure) [PSYoungGen: 59776K->1408K(59904K)] 339982K->281614K(733696K), 0.0016627 secs] [Times: user=0.01 sys=0.00, real=0.00 secs] 
1554.151: [GC (Allocation Failure) [PSYoungGen: 59776K->1376K(59904K)] 339982K->281582K(733696K), 0.0016418 secs] [Times: user=0.00 sys=0.00, real=0.00 secs] 
1555.282: [GC (Allocation Failure) [PSYoungGen: 59744K->1392K(59904K)] 339950K->281598K(733696K), 0.0019176 secs] [Times: user=0.01 sys=0.00, real=0.00 secs] 
1555.534: [GC (Allocation Failure) [PSYoungGen: 59760K->1376K(59904K)] 339966K->281582K(733696K), 0.0019061 secs] [Times: user=0.01 sys=0.00, real=0.00 secs] 
1555.863: [GC (Allocation Failure) [PSYoungGen: 59744K->1376K(59904K)] 339950K->281582K(733696K), 0.0019466 secs] [Times: user=0.01 sys=0.00, real=0.00 secs] 
1556.602: [GC (Allocation Failure) [PSYoungGen: 59744K->1344K(59904K)] 339950K->281550K(733696K), 0.0036159 secs] [Times: user=0.02 sys=0.00, real=0.00 secs] 
1557.272: [GC (Allocation Failure) [PSYoungGen: 59712K->1360K(59904K)] 339918K->281566K(733696K), 0.0032401 secs] [Times: user=0.02 sys=0.01, real=0.00 secs] 
1558.786: [GC (Allocation Failure) [PSYoungGen: 59728K->1408K(59904K)] 339934K->281614K(733696K), 0.0015985 secs] [Times: user=0.00 sys=0.00, real=0.00 secs] 
1559.028: [GC (Allocation Failure) [PSYoungGen: 59776K->1408K(59904K)] 339982K->281614K(733696K), 0.0015841 secs] [Times: user=0.00 sys=0.00, real=0.01 secs] 
1559.315: [GC (Allocation Failure) [PSYoungGen: 59776K->1376K(59904K)] 339982K->281582K(733696K), 0.0015466 secs] [Times: user=0.00 sys=0.00, real=0.00 secs] 
1559.901: [GC (Allocation Failure) [PSYoungGen: 59744K->1440K(59904K)] 339950K->281646K(733696K), 0.0019058 secs] [Times: user=0.01 sys=0.00, real=0.00 secs] 
1560.673: [GC (Allocation Failure) [PSYoungGen: 59808K->1376K(59904K)] 340014K->281582K(733696K), 0.0019594 secs] [Times: user=0.01 sys=0.00, real=0.00 secs] 
1561.781: [GC (Allocation Failure) [PSYoungGen: 59744K->1408K(59904K)] 339950K->281622K(733696K), 0.0016037 secs] [Times: user=0.00 sys=0.00, real=0.00 secs] 
1562.056: [GC (Allocation Failure) [PSYoungGen: 59776K->1376K(59904K)] 339990K->281590K(733696K), 0.0016058 secs] [Times: user=0.00 sys=0.00, real=0.00 secs] 
1562.372: [GC (Allocation Failure) [PSYoungGen: 59744K->1408K(59904K)] 339958K->281622K(733696K), 0.0016681 secs] [Times: user=0.00 sys=0.00, real=0.00 secs] 
1562.621: [GC (Allocation Failure) [PSYoungGen: 59776K->1376K(59904K)] 339990K->281614K(733696K), 0.0024910 secs] [Times: user=0.01 sys=0.00, real=0.00 secs] 
1563.120: [GC (Allocation Failure) [PSYoungGen: 59744K->1405K(59904K)] 339982K->281643K(733696K), 0.0013966 secs] [Times: user=0.01 sys=0.00, real=0.00 secs] 
1564.206: [GC (Allocation Failure) [PSYoungGen: 59773K->1408K(59904K)] 340011K->281646K(733696K), 0.0018286 secs] [Times: user=0.01 sys=0.00, real=0.00 secs] 
1564.728: [GC (Allocation Failure) [PSYoungGen: 59776K->1376K(59904K)] 340014K->281614K(733696K), 0.0029915 secs] [Times: user=0.01 sys=0.00, real=0.01 secs] 
1565.238: [GC (Allocation Failure) [PSYoungGen: 59744K->1344K(59904K)] 339982K->281582K(733696K), 0.0030608 secs] [Times: user=0.01 sys=0.00, real=0.01 secs] 
1565.556: [GC (Allocation Failure) [PSYoungGen: 59712K->1392K(59904K)] 339950K->281630K(733696K), 0.0018888 secs] [Times: user=0.00 sys=0.00, real=0.00 secs] 
1566.592: [GC (Allocation Failure) [PSYoungGen: 59760K->1440K(59904K)] 339998K->282702K(733696K), 0.0016971 secs] [Times: user=0.01 sys=0.00, real=0.00 secs] 
1566.872: [GC (Allocation Failure) [PSYoungGen: 59808K->1344K(59904K)] 341070K->282606K(733696K), 0.0017923 secs] [Times: user=0.01 sys=0.00, real=0.00 secs] 
1567.121: [GC (Allocation Failure) [PSYoungGen: 59712K->1424K(59904K)] 340974K->282686K(733696K), 0.0016959 secs] [Times: user=0.01 sys=0.00, real=0.00 secs] 
1567.363: [GC (Allocation Failure) [PSYoungGen: 59792K->1408K(59904K)] 341054K->282670K(733696K), 0.0017227 secs] [Times: user=0.00 sys=0.00, real=0.00 secs] 
1567.684: [GC (Allocation Failure) [PSYoungGen: 59776K->1408K(59904K)] 341038K->282670K(733696K), 0.0018678 secs] [Times: user=0.01 sys=0.00, real=0.00 secs] 
1568.755: [GC (Allocation Failure) [PSYoungGen: 59776K->1376K(59904K)] 341038K->282638K(733696K), 0.0016435 secs] [Times: user=0.01 sys=0.00, real=0.00 secs] 
1569.239: [GC (Allocation Failure) [PSYoungGen: 59744K->1376K(59904K)] 341006K->282638K(733696K), 0.0016526 secs] [Times: user=0.00 sys=0.00, real=0.01 secs] 
1570.175: [GC (Allocation Failure) [PSYoungGen: 59744K->1344K(59904K)] 341006K->282606K(733696K), 0.0025393 secs] [Times: user=0.01 sys=0.00, real=0.00 secs] 
1571.158: [GC (Allocation Failure) [PSYoungGen: 59712K->1344K(59904K)] 340974K->282606K(733696K), 0.0033879 secs] [Times: user=0.02 sys=0.00, real=0.01 secs] 
1571.945: [GC (Allocation Failure) [PSYoungGen: 59712K->1376K(59904K)] 340974K->282638K(733696K), 0.0025624 secs] [Times: user=0.01 sys=0.00, real=0.00 secs] 
1573.224: [GC (Allocation Failure) [PSYoungGen: 59744K->1440K(59904K)] 341006K->282702K(733696K), 0.0018971 secs] [Times: user=0.01 sys=0.00, real=0.00 secs] 
1573.744: [GC (Allocation Failure) [PSYoungGen: 59808K->1376K(59904K)] 341070K->282646K(733696K), 0.0032494 secs] [Times: user=0.01 sys=0.00, real=0.00 secs] 
1574.321: [GC (Allocation Failure) [PSYoungGen: 59744K->1376K(59904K)] 341014K->282646K(733696K), 0.0025736 secs] [Times: user=0.01 sys=0.00, real=0.00 secs] 
1574.737: [GC (Allocation Failure) [PSYoungGen: 59744K->1376K(59904K)] 341014K->282646K(733696K), 0.0020699 secs] [Times: user=0.01 sys=0.00, real=0.00 secs] 
1574.982: [GC (Allocation Failure) [PSYoungGen: 59744K->1376K(59904K)] 341014K->282646K(733696K), 0.0018716 secs] [Times: user=0.01 sys=0.00, real=0.00 secs] 
1576.444: [GC (Allocation Failure) [PSYoungGen: 59744K->1472K(59904K)] 341014K->282742K(733696K), 0.0022168 secs] [Times: user=0.01 sys=0.00, real=0.00 secs] 
1577.387: [GC (Allocation Failure) [PSYoungGen: 59840K->1328K(59904K)] 341110K->282598K(733696K), 0.0022284 secs] [Times: user=0.01 sys=0.00, real=0.00 secs] 
1577.930: [GC (Allocation Failure) [PSYoungGen: 59696K->1376K(59904K)] 340966K->282646K(733696K), 0.0022383 secs] [Times: user=0.01 sys=0.00, real=0.00 secs] 
1578.315: [GC (Allocation Failure) [PSYoungGen: 59744K->1344K(59904K)] 341014K->282622K(733696K), 0.0019347 secs] [Times: user=0.00 sys=0.00, real=0.00 secs] 
1578.558: [GC (Allocation Failure) [PSYoungGen: 59712K->1376K(59904K)] 340990K->282654K(733696K), 0.0018034 secs] [Times: user=0.01 sys=0.00, real=0.01 secs] 
1579.807: [GC (Allocation Failure) [PSYoungGen: 59744K->1408K(59904K)] 341022K->282694K(733696K), 0.0019053 secs] [Times: user=0.00 sys=0.00, real=0.01 secs] 
1580.342: [GC (Allocation Failure) [PSYoungGen: 59776K->1376K(59904K)] 341062K->282670K(733696K), 0.0018201 secs] [Times: user=0.01 sys=0.00, real=0.00 secs] 
1580.672: [GC (Allocation Failure) [PSYoungGen: 59744K->1376K(59904K)] 341038K->282670K(733696K), 0.0018183 secs] [Times: user=0.01 sys=0.00, real=0.00 secs] 
1580.915: [GC (Allocation Failure) [PSYoungGen: 59744K->1440K(59904K)] 341038K->282734K(733696K), 0.0019096 secs] [Times: user=0.00 sys=0.00, real=0.00 secs] 
1581.218: [GC (Allocation Failure) [PSYoungGen: 59808K->1408K(59904K)] 341102K->282702K(733696K), 0.0018399 secs] [Times: user=0.01 sys=0.00, real=0.01 secs] 
1582.575: [GC (Allocation Failure) [PSYoungGen: 59776K->1408K(59904K)] 341070K->282702K(733696K), 0.0024985 secs] [Times: user=0.01 sys=0.00, real=0.00 secs] 
1583.230: [GC (Allocation Failure) [PSYoungGen: 59776K->1328K(59904K)] 341070K->282638K(733696K), 0.0025730 secs] [Times: user=0.01 sys=0.00, real=0.00 secs] 
1583.822: [GC (Allocation Failure) [PSYoungGen: 59696K->1312K(59904K)] 341006K->282622K(733696K), 0.0023315 secs] [Times: user=0.01 sys=0.00, real=0.00 secs] 
1584.688: [GC (Allocation Failure) [PSYoungGen: 59680K->1376K(59904K)] 340990K->282686K(733696K), 0.0035709 secs] [Times: user=0.01 sys=0.01, real=0.01 secs] 
1586.395: [GC (Allocation Failure) [PSYoungGen: 59744K->1376K(59904K)] 341054K->283198K(733696K), 0.0017864 secs] [Times: user=0.00 sys=0.00, real=0.00 secs] 
1587.085: [GC (Allocation Failure) [PSYoungGen: 59744K->1408K(59904K)] 341566K->283230K(733696K), 0.0019538 secs] [Times: user=0.01 sys=0.00, real=0.00 secs] 
1587.706: [GC (Allocation Failure) [PSYoungGen: 59776K->1376K(59904K)] 341598K->283198K(733696K), 0.0020832 secs] [Times: user=0.01 sys=0.00, real=0.00 secs] 
1588.369: [GC (Allocation Failure) [PSYoungGen: 59744K->1344K(59904K)] 341566K->283166K(733696K), 0.0019695 secs] [Times: user=0.01 sys=0.00, real=0.01 secs] 
1588.967: [GC (Allocation Failure) [PSYoungGen: 59712K->1376K(59904K)] 341534K->283198K(733696K), 0.0020485 secs] [Times: user=0.01 sys=0.00, real=0.01 secs] 
1590.387: [GC (Allocation Failure) [PSYoungGen: 59744K->1440K(59904K)] 341566K->283262K(733696K), 0.0018676 secs] [Times: user=0.01 sys=0.00, real=0.00 secs] 
1591.209: [GC (Allocation Failure) [PSYoungGen: 59808K->1376K(59904K)] 341630K->283198K(733696K), 0.0032224 secs] [Times: user=0.01 sys=0.00, real=0.01 secs] 
1592.038: [GC (Allocation Failure) [PSYoungGen: 59744K->1344K(59904K)] 341566K->283166K(733696K), 0.0025829 secs] [Times: user=0.01 sys=0.00, real=0.01 secs] 
1593.131: [GC (Allocation Failure) [PSYoungGen: 59712K->1376K(59904K)] 341534K->283198K(733696K), 0.0025958 secs] [Times: user=0.00 sys=0.00, real=0.00 secs] 
1593.886: [GC (Allocation Failure) [PSYoungGen: 59744K->1360K(59904K)] 341566K->283182K(733696K), 0.0031549 secs] [Times: user=0.01 sys=0.00, real=0.01 secs] 
1595.186: [GC (Allocation Failure) [PSYoungGen: 59728K->1408K(59904K)] 341550K->283230K(733696K), 0.0015947 secs] [Times: user=0.01 sys=0.00, real=0.00 secs] 
1595.441: [GC (Allocation Failure) [PSYoungGen: 59776K->1360K(59904K)] 341598K->283182K(733696K), 0.0015374 secs] [Times: user=0.01 sys=0.00, real=0.00 secs] 
1595.694: [GC (Allocation Failure) [PSYoungGen: 59728K->1408K(59904K)] 341550K->283230K(733696K), 0.0016988 secs] [Times: user=0.00 sys=0.00, real=0.00 secs] 
1595.943: [GC (Allocation Failure) [PSYoungGen: 59776K->1376K(59904K)] 341598K->283206K(733696K), 0.0015525 secs] [Times: user=0.00 sys=0.00, real=0.00 secs] 
1596.185: [GC (Allocation Failure) [PSYoungGen: 59744K->1376K(59904K)] 341574K->283206K(733696K), 0.0015686 secs] [Times: user=0.01 sys=0.00, real=0.00 secs] 
1597.781: [GC (Allocation Failure) [PSYoungGen: 59744K->1440K(59904K)] 341574K->283270K(733696K), 0.0018443 secs] [Times: user=0.00 sys=0.00, real=0.00 secs] 
1598.583: [GC (Allocation Failure) [PSYoungGen: 59808K->1408K(59904K)] 341638K->283238K(733696K), 0.0026607 secs] [Times: user=0.01 sys=0.00, real=0.00 secs] 
1599.220: [GC (Allocation Failure) [PSYoungGen: 59776K->1344K(59904K)] 341606K->283174K(733696K), 0.0021850 secs] [Times: user=0.01 sys=0.00, real=0.00 secs] 
1599.889: [GC (Allocation Failure) [PSYoungGen: 59712K->1408K(59904K)] 341542K->283238K(733696K), 0.0031347 secs] [Times: user=0.02 sys=0.00, real=0.00 secs] 
1600.351: [GC (Allocation Failure) [PSYoungGen: 59776K->1408K(59904K)] 341606K->283238K(733696K), 0.0030678 secs] [Times: user=0.01 sys=0.00, real=0.00 secs] 
1602.000: [GC (Allocation Failure) [PSYoungGen: 59776K->1376K(59904K)] 341606K->283206K(733696K), 0.0026173 secs] [Times: user=0.01 sys=0.01, real=0.00 secs] 
1602.716: [GC (Allocation Failure) [PSYoungGen: 59744K->1376K(59904K)] 341574K->283206K(733696K), 0.0026948 secs] [Times: user=0.01 sys=0.00, real=0.01 secs] 
1603.450: [GC (Allocation Failure) [PSYoungGen: 59744K->1344K(59904K)] 341574K->283174K(733696K), 0.0030982 secs] [Times: user=0.01 sys=0.00, real=0.00 secs] 
1604.064: [GC (Allocation Failure) [PSYoungGen: 59712K->1360K(59904K)] 341542K->283190K(733696K), 0.0025525 secs] [Times: user=0.01 sys=0.00, real=0.00 secs] 
1604.517: [GC (Allocation Failure) [PSYoungGen: 59728K->1408K(59904K)] 341558K->283254K(733696K), 0.0020028 secs] [Times: user=0.00 sys=0.00, real=0.01 secs] 
1605.815: [GC (Allocation Failure) [PSYoungGen: 59776K->1408K(59904K)] 341622K->283262K(733696K), 0.0023326 secs] [Times: user=0.00 sys=0.00, real=0.00 secs] 
1606.326: [GC (Allocation Failure) [PSYoungGen: 59776K->1376K(59904K)] 341630K->283230K(733696K), 0.0025863 secs] [Times: user=0.01 sys=0.00, real=0.00 secs] 
1606.608: [GC (Allocation Failure) [PSYoungGen: 59744K->1376K(59904K)] 341598K->283230K(733696K), 0.0017919 secs] [Times: user=0.00 sys=0.00, real=0.01 secs] 
1606.850: [GC (Allocation Failure) [PSYoungGen: 59744K->1344K(59904K)] 341598K->283198K(733696K), 0.0017946 secs] [Times: user=0.01 sys=0.00, real=0.00 secs] 
1607.898: [GC (Allocation Failure) [PSYoungGen: 59650K->1520K(59904K)] 341505K->283374K(733696K), 0.0017630 secs] [Times: user=0.01 sys=0.00, real=0.01 secs] 
1608.824: [GC (Allocation Failure) [PSYoungGen: 59888K->1408K(59904K)] 341742K->283262K(733696K), 0.0026290 secs] [Times: user=0.01 sys=0.00, real=0.00 secs] 
1609.344: [GC (Allocation Failure) [PSYoungGen: 59776K->1408K(59904K)] 341630K->283262K(733696K), 0.0024133 secs] [Times: user=0.01 sys=0.00, real=0.00 secs] 
1610.042: [GC (Allocation Failure) [PSYoungGen: 59776K->1408K(59904K)] 341630K->283262K(733696K), 0.0037232 secs] [Times: user=0.02 sys=0.00, real=0.00 secs] 
1610.637: [GC (Allocation Failure) [PSYoungGen: 59776K->1344K(59904K)] 341630K->283198K(733696K), 0.0025139 secs] [Times: user=0.00 sys=0.00, real=0.01 secs] 
1611.815: [GC (Allocation Failure) [PSYoungGen: 59712K->1408K(59904K)] 341566K->283262K(733696K), 0.0015957 secs] [Times: user=0.01 sys=0.00, real=0.00 secs] 
1612.058: [GC (Allocation Failure) [PSYoungGen: 59776K->1376K(59904K)] 341630K->283230K(733696K), 0.0016015 secs] [Times: user=0.00 sys=0.00, real=0.01 secs] 
1612.389: [GC (Allocation Failure) [PSYoungGen: 59744K->1408K(59904K)] 341598K->283262K(733696K), 0.0015060 secs] [Times: user=0.00 sys=0.00, real=0.00 secs] 
1612.873: [GC (Allocation Failure) [PSYoungGen: 59776K->1344K(59904K)] 341630K->283198K(733696K), 0.0019153 secs] [Times: user=0.01 sys=0.00, real=0.00 secs] 
1613.369: [GC (Allocation Failure) [PSYoungGen: 59712K->1376K(59904K)] 341566K->283254K(733696K), 0.0022746 secs] [Times: user=0.01 sys=0.00, real=0.00 secs] 
1614.656: [GC (Allocation Failure) [PSYoungGen: 59744K->1408K(59904K)] 341622K->283286K(733696K), 0.0017635 secs] [Times: user=0.01 sys=0.00, real=0.00 secs] 
1615.195: [GC (Allocation Failure) [PSYoungGen: 59776K->1376K(59904K)] 341654K->283254K(733696K), 0.0020794 secs] [Times: user=0.01 sys=0.00, real=0.00 secs] 
1615.798: [GC (Allocation Failure) [PSYoungGen: 59744K->1344K(59904K)] 341622K->283222K(733696K), 0.0024679 secs] [Times: user=0.01 sys=0.00, real=0.01 secs] 
1616.309: [GC (Allocation Failure) [PSYoungGen: 59712K->1344K(59904K)] 341590K->283222K(733696K), 0.0024243 secs] [Times: user=0.00 sys=0.00, real=0.01 secs] 
1616.781: [GC (Allocation Failure) [PSYoungGen: 59712K->1328K(59904K)] 341590K->283206K(733696K), 0.0019217 secs] [Times: user=0.01 sys=0.00, real=0.00 secs] 
1618.007: [GC (Allocation Failure) [PSYoungGen: 59696K->1376K(59904K)] 341574K->283254K(733696K), 0.0019502 secs] [Times: user=0.01 sys=0.00, real=0.00 secs] 
1618.728: [GC (Allocation Failure) [PSYoungGen: 59744K->1408K(59904K)] 341622K->283286K(733696K), 0.0019229 secs] [Times: user=0.01 sys=0.00, real=0.01 secs] 
1619.402: [GC (Allocation Failure) [PSYoungGen: 59776K->1344K(59904K)] 341654K->283222K(733696K), 0.0019011 secs] [Times: user=0.01 sys=0.00, real=0.00 secs] 
1620.334: [GC (Allocation Failure) [PSYoungGen: 59712K->1376K(59904K)] 341590K->283254K(733696K), 0.0018936 secs] [Times: user=0.01 sys=0.00, real=0.00 secs] 
1620.936: [GC (Allocation Failure) [PSYoungGen: 59744K->1344K(59904K)] 341622K->283222K(733696K), 0.0019106 secs] [Times: user=0.00 sys=0.00, real=0.00 secs] 
1621.870: [GC (Allocation Failure) [PSYoungGen: 59712K->1440K(59904K)] 341590K->283318K(733696K), 0.0016377 secs] [Times: user=0.01 sys=0.00, real=0.00 secs] 
1622.112: [GC (Allocation Failure) [PSYoungGen: 59808K->1376K(59904K)] 341686K->283254K(733696K), 0.0016611 secs] [Times: user=0.01 sys=0.00, real=0.00 secs] 
1622.429: [GC (Allocation Failure) [PSYoungGen: 59744K->1376K(59904K)] 341622K->283254K(733696K), 0.0015563 secs] [Times: user=0.01 sys=0.00, real=0.01 secs] 
1622.933: [GC (Allocation Failure) [PSYoungGen: 59744K->1376K(59904K)] 341622K->283254K(733696K), 0.0016413 secs] [Times: user=0.00 sys=0.00, real=0.00 secs] 
1623.448: [GC (Allocation Failure) [PSYoungGen: 59744K->1376K(59904K)] 341622K->283254K(733696K), 0.0016895 secs] [Times: user=0.01 sys=0.00, real=0.01 secs] 
1624.540: [GC (Allocation Failure) [PSYoungGen: 59744K->1408K(59904K)] 341622K->283302K(733696K), 0.0015957 secs] [Times: user=0.00 sys=0.00, real=0.00 secs] 
1625.019: [GC (Allocation Failure) [PSYoungGen: 59776K->1392K(59904K)] 341670K->283286K(733696K), 0.0025974 secs] [Times: user=0.01 sys=0.00, real=0.01 secs] 
1625.589: [GC (Allocation Failure) [PSYoungGen: 59760K->1312K(59904K)] 341654K->283206K(733696K), 0.0028711 secs] [Times: user=0.01 sys=0.00, real=0.01 secs] 
1626.155: [GC (Allocation Failure) [PSYoungGen: 59680K->1344K(59904K)] 341574K->283238K(733696K), 0.0025932 secs] [Times: user=0.01 sys=0.00, real=0.00 secs] 
1627.436: [GC (Allocation Failure) [PSYoungGen: 59712K->128K(59904K)] 341606K->282022K(733696K), 0.0014709 secs] [Times: user=0.01 sys=0.00, real=0.00 secs] 
1628.200: [GC (Allocation Failure) [PSYoungGen: 58496K->1376K(60416K)] 340390K->283270K(734208K), 0.0034106 secs] [Times: user=0.01 sys=0.00, real=0.00 secs] 
1628.865: [GC (Allocation Failure) [PSYoungGen: 59744K->1312K(60416K)] 341638K->283206K(734208K), 0.0033013 secs] [Times: user=0.01 sys=0.00, real=0.00 secs] 
1629.372: [GC (Allocation Failure) [PSYoungGen: 59680K->1344K(60416K)] 341574K->283238K(734208K), 0.0026008 secs] [Times: user=0.01 sys=0.00, real=0.00 secs] 
1629.970: [GC (Allocation Failure) [PSYoungGen: 59712K->1344K(60416K)] 341606K->283238K(734208K), 0.0025936 secs] [Times: user=0.01 sys=0.01, real=0.00 secs] 
1631.489: [GC (Allocation Failure) [PSYoungGen: 59712K->1920K(60416K)] 341606K->284326K(734208K), 0.0020102 secs] [Times: user=0.01 sys=0.00, real=0.01 secs] 
1632.312: [GC (Allocation Failure) [PSYoungGen: 60288K->1408K(60416K)] 342694K->283830K(734208K), 0.0025995 secs] [Times: user=0.01 sys=0.00, real=0.00 secs] 
1633.194: [GC (Allocation Failure) [PSYoungGen: 59776K->1344K(60416K)] 342198K->283766K(734208K), 0.0036763 secs] [Times: user=0.02 sys=0.00, real=0.00 secs] 
1633.890: [GC (Allocation Failure) [PSYoungGen: 59712K->1376K(60416K)] 342134K->283798K(734208K), 0.0037491 secs] [Times: user=0.01 sys=0.00, real=0.00 secs] 
1634.808: [GC (Allocation Failure) [PSYoungGen: 59744K->1376K(60416K)] 342166K->283798K(734208K), 0.0031434 secs] [Times: user=0.01 sys=0.00, real=0.01 secs] 
1636.482: [GC (Allocation Failure) [PSYoungGen: 59744K->1440K(60416K)] 342166K->283862K(734208K), 0.0018406 secs] [Times: user=0.01 sys=0.00, real=0.00 secs] 
1636.777: [GC (Allocation Failure) [PSYoungGen: 59808K->1344K(60416K)] 342230K->283774K(734208K), 0.0019624 secs] [Times: user=0.01 sys=0.00, real=0.01 secs] 
1637.058: [GC (Allocation Failure) [PSYoungGen: 59712K->1344K(60416K)] 342142K->283774K(734208K), 0.0017887 secs] [Times: user=0.01 sys=0.00, real=0.01 secs] 
1637.430: [GC (Allocation Failure) [PSYoungGen: 59712K->1376K(60416K)] 342142K->283806K(734208K), 0.0019939 secs] [Times: user=0.01 sys=0.00, real=0.00 secs] 
1637.878: [GC (Allocation Failure) [PSYoungGen: 59744K->1408K(60416K)] 342174K->283838K(734208K), 0.0018660 secs] [Times: user=0.01 sys=0.00, real=0.01 secs] 
1639.565: [GC (Allocation Failure) [PSYoungGen: 59776K->1408K(60416K)] 342206K->283838K(734208K), 0.0024247 secs] [Times: user=0.01 sys=0.00, real=0.00 secs] 
1640.072: [GC (Allocation Failure) [PSYoungGen: 59776K->1376K(60416K)] 342206K->283806K(734208K), 0.0033705 secs] [Times: user=0.01 sys=0.00, real=0.00 secs] 
1640.557: [GC (Allocation Failure) [PSYoungGen: 59744K->1344K(60416K)] 342174K->283774K(734208K), 0.0023971 secs] [Times: user=0.01 sys=0.00, real=0.01 secs] 
1641.120: [GC (Allocation Failure) [PSYoungGen: 59712K->1312K(60416K)] 342142K->283742K(734208K), 0.0036801 secs] [Times: user=0.01 sys=0.01, real=0.00 secs] 
1641.591: [GC (Allocation Failure) [PSYoungGen: 59680K->1424K(60416K)] 342110K->283854K(734208K), 0.0020163 secs] [Times: user=0.00 sys=0.00, real=0.00 secs] 
1642.531: [GC (Allocation Failure) [PSYoungGen: 59792K->1440K(60416K)] 342222K->283870K(734208K), 0.0016685 secs] [Times: user=0.00 sys=0.00, real=0.00 secs] 
1643.014: [GC (Allocation Failure) [PSYoungGen: 59808K->1408K(60416K)] 342238K->283838K(734208K), 0.0016044 secs] [Times: user=0.01 sys=0.00, real=0.00 secs] 
1643.491: [GC (Allocation Failure) [PSYoungGen: 59776K->1312K(60416K)] 342206K->283742K(734208K), 0.0025303 secs] [Times: user=0.01 sys=0.00, real=0.00 secs] 
1643.990: [GC (Allocation Failure) [PSYoungGen: 59680K->1344K(60416K)] 342110K->283782K(734208K), 0.0025372 secs] [Times: user=0.01 sys=0.00, real=0.00 secs] 
1644.489: [GC (Allocation Failure) [PSYoungGen: 59712K->1408K(59904K)] 342150K->283846K(733696K), 0.0027668 secs] [Times: user=0.01 sys=0.00, real=0.01 secs] 
1645.505: [GC (Allocation Failure) [PSYoungGen: 59776K->1408K(59904K)] 342214K->283846K(733696K), 0.0016130 secs] [Times: user=0.01 sys=0.00, real=0.00 secs] 
1645.994: [GC (Allocation Failure) [PSYoungGen: 59776K->1376K(59904K)] 342214K->283814K(733696K), 0.0018880 secs] [Times: user=0.01 sys=0.00, real=0.00 secs] 
1646.548: [GC (Allocation Failure) [PSYoungGen: 59744K->1376K(59904K)] 342182K->283814K(733696K), 0.0027859 secs] [Times: user=0.01 sys=0.00, real=0.01 secs] 
1647.055: [GC (Allocation Failure) [PSYoungGen: 59744K->1376K(59904K)] 342182K->283814K(733696K), 0.0025045 secs] [Times: user=0.01 sys=0.00, real=0.00 secs] 
1647.600: [GC (Allocation Failure) [PSYoungGen: 59736K->256K(59392K)] 342174K->282694K(733184K), 0.0020788 secs] [Times: user=0.01 sys=0.00, real=0.00 secs] 
1649.019: [GC (Allocation Failure) [PSYoungGen: 58112K->1440K(59904K)] 340550K->283886K(733696K), 0.0022388 secs] [Times: user=0.01 sys=0.00, real=0.01 secs] 
1649.844: [GC (Allocation Failure) [PSYoungGen: 59296K->1344K(59904K)] 341742K->283790K(733696K), 0.0036341 secs] [Times: user=0.01 sys=0.00, real=0.00 secs] 
1650.537: [GC (Allocation Failure) [PSYoungGen: 59200K->1344K(59904K)] 341646K->283790K(733696K), 0.0032886 secs] [Times: user=0.01 sys=0.00, real=0.01 secs] 
1651.183: [GC (Allocation Failure) [PSYoungGen: 59200K->1408K(59904K)] 341646K->283854K(733696K), 0.0029378 secs] [Times: user=0.01 sys=0.00, real=0.00 secs] 
1652.767: [GC (Allocation Failure) [PSYoungGen: 59264K->1616K(59904K)] 341710K->284062K(733696K), 0.0024967 secs] [Times: user=0.01 sys=0.00, real=0.01 secs] 
1654.029: [GC (Allocation Failure) [PSYoungGen: 59472K->1344K(59904K)] 341918K->283790K(733696K), 0.0028934 secs] [Times: user=0.01 sys=0.00, real=0.01 secs] 
1654.495: [GC (Allocation Failure) [PSYoungGen: 59200K->1344K(59904K)] 341646K->283790K(733696K), 0.0023955 secs] [Times: user=0.01 sys=0.00, real=0.00 secs] 
1655.039: [GC (Allocation Failure) [PSYoungGen: 59200K->1344K(59904K)] 341646K->283790K(733696K), 0.0025334 secs] [Times: user=0.01 sys=0.00, real=0.00 secs] 
1655.547: [GC (Allocation Failure) [PSYoungGen: 59200K->1376K(59904K)] 341646K->283830K(733696K), 0.0025843 secs] [Times: user=0.01 sys=0.00, real=0.01 secs] 
1656.931: [GC (Allocation Failure) [PSYoungGen: 59232K->1392K(59904K)] 341686K->283846K(733696K), 0.0018682 secs] [Times: user=0.01 sys=0.00, real=0.00 secs] 
1657.674: [GC (Allocation Failure) [PSYoungGen: 59248K->1408K(59904K)] 341702K->283862K(733696K), 0.0019099 secs] [Times: user=0.00 sys=0.00, real=0.00 secs] 
1658.375: [GC (Allocation Failure) [PSYoungGen: 59264K->1376K(59904K)] 341718K->283830K(733696K), 0.0021607 secs] [Times: user=0.01 sys=0.00, real=0.00 secs] 
1659.036: [GC (Allocation Failure) [PSYoungGen: 59232K->1376K(59904K)] 341686K->283830K(733696K), 0.0027136 secs] [Times: user=0.01 sys=0.00, real=0.00 secs] 
1659.839: [GC (Allocation Failure) [PSYoungGen: 59232K->1328K(59904K)] 341686K->283782K(733696K), 0.0029170 secs] [Times: user=0.01 sys=0.00, real=0.01 secs] 
1661.152: [GC (Allocation Failure) [PSYoungGen: 59184K->1408K(59904K)] 341638K->283870K(733696K), 0.0016880 secs] [Times: user=0.01 sys=0.00, real=0.00 secs] 
1661.392: [GC (Allocation Failure) [PSYoungGen: 59264K->1344K(59904K)] 341726K->283806K(733696K), 0.0016739 secs] [Times: user=0.01 sys=0.00, real=0.00 secs] 
1661.664: [GC (Allocation Failure) [PSYoungGen: 59200K->1408K(59904K)] 341662K->283870K(733696K), 0.0015735 secs] [Times: user=0.01 sys=0.00, real=0.00 secs] 
1662.097: [GC (Allocation Failure) [PSYoungGen: 59264K->1408K(59904K)] 341726K->283870K(733696K), 0.0018412 secs] [Times: user=0.01 sys=0.00, real=0.01 secs] 
1662.585: [GC (Allocation Failure) [PSYoungGen: 59264K->1408K(59904K)] 341726K->283870K(733696K), 0.0021022 secs] [Times: user=0.01 sys=0.00, real=0.00 secs] 
1663.722: [GC (Allocation Failure) [PSYoungGen: 59264K->1408K(59392K)] 341726K->283870K(733184K), 0.0017483 secs] [Times: user=0.01 sys=0.00, real=0.00 secs] 
1664.192: [GC (Allocation Failure) [PSYoungGen: 59264K->1376K(59392K)] 341726K->283854K(733184K), 0.0020846 secs] [Times: user=0.00 sys=0.00, real=0.00 secs] 
1664.877: [GC (Allocation Failure) [PSYoungGen: 59232K->352K(58880K)] 341710K->283854K(732672K), 0.0022947 secs] [Times: user=0.01 sys=0.00, real=0.01 secs] 
1665.685: [GC (Allocation Failure) [PSYoungGen: 58208K->352K(59904K)] 341710K->283854K(733696K), 0.0019444 secs] [Times: user=0.01 sys=0.00, real=0.00 secs] 
1666.365: [GC (Allocation Failure) [PSYoungGen: 58208K->320K(59904K)] 341710K->283822K(733696K), 0.0020633 secs] [Times: user=0.01 sys=0.00, real=0.00 secs] 
1667.547: [GC (Allocation Failure) [PSYoungGen: 58176K->1408K(59904K)] 341678K->284910K(733696K), 0.0016810 secs] [Times: user=0.01 sys=0.00, real=0.00 secs] 
1667.816: [GC (Allocation Failure) [PSYoungGen: 59264K->1408K(59904K)] 342766K->284910K(733696K), 0.0018157 secs] [Times: user=0.00 sys=0.00, real=0.00 secs] 
1668.075: [GC (Allocation Failure) [PSYoungGen: 59264K->1344K(59904K)] 342766K->284846K(733696K), 0.0016991 secs] [Times: user=0.00 sys=0.00, real=0.00 secs] 
1668.333: [GC (Allocation Failure) [PSYoungGen: 59200K->1344K(59904K)] 342702K->284846K(733696K), 0.0024384 secs] [Times: user=0.01 sys=0.00, real=0.00 secs] 
1668.607: [GC (Allocation Failure) [PSYoungGen: 59200K->1344K(59904K)] 342702K->284846K(733696K), 0.0019515 secs] [Times: user=0.01 sys=0.00, real=0.01 secs] 
1669.609: [GC (Allocation Failure) [PSYoungGen: 59200K->1440K(59904K)] 342702K->284958K(733696K), 0.0015744 secs] [Times: user=0.00 sys=0.00, real=0.00 secs] 
1669.854: [GC (Allocation Failure) [PSYoungGen: 59296K->1344K(59904K)] 342814K->284870K(733696K), 0.0016618 secs] [Times: user=0.01 sys=0.00, real=0.00 secs] 
1670.102: [GC (Allocation Failure) [PSYoungGen: 59200K->1376K(59904K)] 342726K->284902K(733696K), 0.0015932 secs] [Times: user=0.01 sys=0.00, real=0.00 secs] 
1670.473: [GC (Allocation Failure) [PSYoungGen: 59232K->1376K(59904K)] 342758K->284902K(733696K), 0.0016759 secs] [Times: user=0.00 sys=0.00, real=0.00 secs] 
1670.873: [GC (Allocation Failure) [PSYoungGen: 59232K->1376K(59904K)] 342758K->284902K(733696K), 0.0016366 secs] [Times: user=0.00 sys=0.00, real=0.00 secs] 
1671.878: [GC (Allocation Failure) [PSYoungGen: 59232K->1440K(59904K)] 342758K->284990K(733696K), 0.0016269 secs] [Times: user=0.01 sys=0.00, real=0.01 secs] 
1672.118: [GC (Allocation Failure) [PSYoungGen: 59296K->1344K(59904K)] 342846K->284894K(733696K), 0.0016682 secs] [Times: user=0.00 sys=0.00, real=0.01 secs] 
1672.358: [GC (Allocation Failure) [PSYoungGen: 59200K->1376K(59904K)] 342750K->284926K(733696K), 0.0015868 secs] [Times: user=0.01 sys=0.00, real=0.01 secs] 
1672.598: [GC (Allocation Failure) [PSYoungGen: 59232K->1408K(59904K)] 342782K->284958K(733696K), 0.0016645 secs] [Times: user=0.00 sys=0.00, real=0.01 secs] 
1672.838: [GC (Allocation Failure) [PSYoungGen: 59264K->1376K(59904K)] 342814K->284926K(733696K), 0.0016158 secs] [Times: user=0.00 sys=0.00, real=0.01 secs] 
1674.651: [GC (Allocation Failure) [PSYoungGen: 59232K->1472K(59904K)] 342782K->285022K(733696K), 0.0030355 secs] [Times: user=0.01 sys=0.00, real=0.00 secs] 
1675.163: [GC (Allocation Failure) [PSYoungGen: 59328K->1376K(59904K)] 342878K->284926K(733696K), 0.0021907 secs] [Times: user=0.01 sys=0.00, real=0.00 secs] 
1675.743: [GC (Allocation Failure) [PSYoungGen: 59232K->1408K(59904K)] 342782K->284958K(733696K), 0.0024208 secs] [Times: user=0.01 sys=0.00, real=0.00 secs] 
1676.380: [GC (Allocation Failure) [PSYoungGen: 59264K->1408K(59904K)] 342814K->284958K(733696K), 0.0037455 secs] [Times: user=0.01 sys=0.00, real=0.00 secs] 
1677.818: [GC (Allocation Failure) [PSYoungGen: 59264K->1472K(59904K)] 342814K->285022K(733696K), 0.0018753 secs] [Times: user=0.01 sys=0.00, real=0.01 secs] 
1678.569: [GC (Allocation Failure) [PSYoungGen: 59328K->1376K(59904K)] 342878K->284942K(733696K), 0.0027496 secs] [Times: user=0.01 sys=0.00, real=0.00 secs] 
1679.424: [GC (Allocation Failure) [PSYoungGen: 59232K->1376K(59904K)] 342798K->284942K(733696K), 0.0032920 secs] [Times: user=0.01 sys=0.00, real=0.00 secs] 
1680.427: [GC (Allocation Failure) [PSYoungGen: 59232K->1376K(59904K)] 342798K->284942K(733696K), 0.0030905 secs] [Times: user=0.01 sys=0.00, real=0.01 secs] 
1681.600: [GC (Allocation Failure) [PSYoungGen: 59232K->1408K(59904K)] 342798K->284974K(733696K), 0.0026189 secs] [Times: user=0.01 sys=0.00, real=0.00 secs] 
1682.855: [GC (Allocation Failure) [PSYoungGen: 59264K->1952K(59904K)] 342830K->285518K(733696K), 0.0016315 secs] [Times: user=0.00 sys=0.00, real=0.00 secs] 
1683.381: [GC (Allocation Failure) [PSYoungGen: 59808K->1376K(59904K)] 343374K->284966K(733696K), 0.0019052 secs] [Times: user=0.01 sys=0.00, real=0.00 secs] 
1683.800: [GC (Allocation Failure) [PSYoungGen: 59232K->1376K(59904K)] 342822K->284966K(733696K), 0.0026483 secs] [Times: user=0.02 sys=0.00, real=0.00 secs] 
1684.281: [GC (Allocation Failure) [PSYoungGen: 59232K->1344K(59904K)] 342822K->284934K(733696K), 0.0024231 secs] [Times: user=0.01 sys=0.00, real=0.00 secs] 
1684.705: [GC (Allocation Failure) [PSYoungGen: 59200K->1328K(59904K)] 342790K->284918K(733696K), 0.0024442 secs] [Times: user=0.01 sys=0.00, real=0.00 secs] 
1685.950: [GC (Allocation Failure) [PSYoungGen: 59184K->1408K(59904K)] 342774K->284998K(733696K), 0.0016820 secs] [Times: user=0.00 sys=0.00, real=0.00 secs] 
1686.696: [GC (Allocation Failure) [PSYoungGen: 59264K->1408K(59904K)] 342854K->285006K(733696K), 0.0037867 secs] [Times: user=0.01 sys=0.00, real=0.01 secs] 
1687.244: [GC (Allocation Failure) [PSYoungGen: 59264K->1344K(59904K)] 342862K->284942K(733696K), 0.0023955 secs] [Times: user=0.01 sys=0.00, real=0.00 secs] 
1687.696: [GC (Allocation Failure) [PSYoungGen: 59200K->1328K(59904K)] 342798K->284926K(733696K), 0.0025909 secs] [Times: user=0.00 sys=0.00, real=0.00 secs] 
1688.151: [GC (Allocation Failure) [PSYoungGen: 59184K->1376K(59904K)] 342782K->284974K(733696K), 0.0022253 secs] [Times: user=0.01 sys=0.00, real=0.00 secs] 
1690.045: [GC (Allocation Failure) [PSYoungGen: 59232K->1376K(59904K)] 342830K->284974K(733696K), 0.0028715 secs] [Times: user=0.01 sys=0.00, real=0.00 secs] 
1690.580: [GC (Allocation Failure) [PSYoungGen: 59232K->1328K(59904K)] 342830K->284926K(733696K), 0.0025530 secs] [Times: user=0.01 sys=0.00, real=0.00 secs] 
1691.080: [GC (Allocation Failure) [PSYoungGen: 59184K->1344K(59904K)] 342782K->284942K(733696K), 0.0023787 secs] [Times: user=0.00 sys=0.00, real=0.00 secs] 
1691.551: [GC (Allocation Failure) [PSYoungGen: 59200K->1376K(59904K)] 342798K->284974K(733696K), 0.0021579 secs] [Times: user=0.01 sys=0.00, real=0.00 secs] 
1692.027: [GC (Allocation Failure) [PSYoungGen: 59232K->1376K(59392K)] 342830K->284974K(733184K), 0.0020822 secs] [Times: user=0.01 sys=0.00, real=0.01 secs] 
1693.187: [GC (Allocation Failure) [PSYoungGen: 59232K->1408K(59392K)] 342830K->285006K(733184K), 0.0015821 secs] [Times: user=0.01 sys=0.00, real=0.00 secs] 
1693.868: [GC (Allocation Failure) [PSYoungGen: 59264K->1312K(59392K)] 342862K->284910K(733184K), 0.0020961 secs] [Times: user=0.01 sys=0.00, real=0.01 secs] 
1694.590: [GC (Allocation Failure) [PSYoungGen: 59168K->1344K(59392K)] 342766K->284950K(733184K), 0.0021810 secs] [Times: user=0.00 sys=0.00, real=0.00 secs] 
1695.288: [GC (Allocation Failure) [PSYoungGen: 59200K->1376K(59392K)] 342806K->284982K(733184K), 0.0024378 secs] [Times: user=0.01 sys=0.00, real=0.01 secs] 
1696.022: [GC (Allocation Failure) [PSYoungGen: 59232K->1344K(59392K)] 342838K->284950K(733184K), 0.0026113 secs] [Times: user=0.01 sys=0.00, real=0.00 secs] 
1697.260: [GC (Allocation Failure) [PSYoungGen: 59200K->1440K(59392K)] 342806K->285046K(733184K), 0.0017668 secs] [Times: user=0.01 sys=0.00, real=0.00 secs] 
1697.851: [GC (Allocation Failure) [PSYoungGen: 59296K->1440K(59392K)] 342902K->285046K(733184K), 0.0026013 secs] [Times: user=0.01 sys=0.00, real=0.00 secs] 
1698.605: [GC (Allocation Failure) [PSYoungGen: 59296K->1344K(59392K)] 342902K->284950K(733184K), 0.0032448 secs] [Times: user=0.01 sys=0.00, real=0.00 secs] 
1699.298: [GC (Allocation Failure) [PSYoungGen: 59200K->1328K(59392K)] 342806K->284942K(733184K), 0.0030775 secs] [Times: user=0.01 sys=0.00, real=0.01 secs] 
1699.980: [GC (Allocation Failure) [PSYoungGen: 59184K->1408K(59392K)] 342798K->285022K(733184K), 0.0035902 secs] [Times: user=0.02 sys=0.00, real=0.00 secs] 
1701.238: [GC (Allocation Failure) [PSYoungGen: 59264K->1440K(59392K)] 342878K->285062K(733184K), 0.0017608 secs] [Times: user=0.01 sys=0.00, real=0.01 secs] 
1701.725: [GC (Allocation Failure) [PSYoungGen: 59296K->1344K(59392K)] 342918K->284966K(733184K), 0.0024135 secs] [Times: user=0.01 sys=0.01, real=0.00 secs] 
1702.353: [GC (Allocation Failure) [PSYoungGen: 59200K->1344K(59392K)] 342822K->284966K(733184K), 0.0029539 secs] [Times: user=0.01 sys=0.00, real=0.00 secs] 
1702.977: [GC (Allocation Failure) [PSYoungGen: 59200K->1344K(59392K)] 342822K->284966K(733184K), 0.0033017 secs] [Times: user=0.02 sys=0.00, real=0.01 secs] 
1703.760: [GC (Allocation Failure) [PSYoungGen: 59200K->1376K(59392K)] 342822K->284998K(733184K), 0.0033134 secs] [Times: user=0.01 sys=0.00, real=0.00 secs] 
1705.431: [GC (Allocation Failure) [PSYoungGen: 59232K->1408K(59392K)] 342854K->285030K(733184K), 0.0036239 secs] [Times: user=0.01 sys=0.00, real=0.00 secs] 
1706.232: [GC (Allocation Failure) [PSYoungGen: 59264K->1344K(59392K)] 342886K->284974K(733184K), 0.0037808 secs] [Times: user=0.02 sys=0.00, real=0.00 secs] 
1707.185: [GC (Allocation Failure) [PSYoungGen: 59200K->1376K(59392K)] 342830K->285006K(733184K), 0.0038207 secs] [Times: user=0.02 sys=0.00, real=0.00 secs] 
1707.868: [GC (Allocation Failure) [PSYoungGen: 59232K->1408K(59392K)] 342862K->285038K(733184K), 0.0034065 secs] [Times: user=0.01 sys=0.00, real=0.01 secs] 
1708.739: [GC (Allocation Failure) [PSYoungGen: 59255K->256K(59392K)] 342886K->283886K(733184K), 0.0031770 secs] [Times: user=0.01 sys=0.00, real=0.00 secs] 
1709.761: [GC (Allocation Failure) [PSYoungGen: 58112K->1440K(59904K)] 341742K->285070K(733696K), 0.0018168 secs] [Times: user=0.00 sys=0.00, real=0.00 secs] 
1710.001: [GC (Allocation Failure) [PSYoungGen: 59296K->1424K(59904K)] 342926K->285054K(733696K), 0.0015956 secs] [Times: user=0.01 sys=0.00, real=0.00 secs] 
1710.371: [GC (Allocation Failure) [PSYoungGen: 59280K->1440K(59904K)] 342910K->285070K(733696K), 0.0017689 secs] [Times: user=0.01 sys=0.00, real=0.00 secs] 
1710.815: [GC (Allocation Failure) [PSYoungGen: 59296K->1424K(59904K)] 342926K->285054K(733696K), 0.0017093 secs] [Times: user=0.01 sys=0.00, real=0.00 secs] 
1712.005: [GC (Allocation Failure) [PSYoungGen: 59280K->1696K(59904K)] 342910K->285326K(733696K), 0.0016414 secs] [Times: user=0.00 sys=0.00, real=0.00 secs] 
1712.413: [GC (Allocation Failure) [PSYoungGen: 59552K->1344K(59904K)] 343182K->284974K(733696K), 0.0015442 secs] [Times: user=0.01 sys=0.00, real=0.00 secs] 
1713.018: [GC (Allocation Failure) [PSYoungGen: 59200K->1344K(59904K)] 342830K->284974K(733696K), 0.0024662 secs] [Times: user=0.01 sys=0.00, real=0.01 secs] 
1713.622: [GC (Allocation Failure) [PSYoungGen: 59200K->1344K(59904K)] 342830K->284974K(733696K), 0.0025574 secs] [Times: user=0.01 sys=0.00, real=0.00 secs] 
1714.204: [GC (Allocation Failure) [PSYoungGen: 59200K->1344K(59904K)] 342830K->284974K(733696K), 0.0025160 secs] [Times: user=0.01 sys=0.00, real=0.00 secs] 
1715.315: [GC (Allocation Failure) [PSYoungGen: 59200K->1440K(59904K)] 342830K->285086K(733696K), 0.0017916 secs] [Times: user=0.01 sys=0.00, real=0.00 secs] 
1715.600: [GC (Allocation Failure) [PSYoungGen: 59296K->1376K(59904K)] 342942K->285030K(733696K), 0.0017068 secs] [Times: user=0.00 sys=0.00, real=0.00 secs] 
1715.886: [GC (Allocation Failure) [PSYoungGen: 59232K->1376K(59904K)] 342886K->285030K(733696K), 0.0019322 secs] [Times: user=0.00 sys=0.00, real=0.00 secs] 
1716.132: [GC (Allocation Failure) [PSYoungGen: 59232K->1376K(59904K)] 342886K->285030K(733696K), 0.0018584 secs] [Times: user=0.00 sys=0.00, real=0.00 secs] 
1716.384: [GC (Allocation Failure) [PSYoungGen: 59232K->1376K(59904K)] 342886K->285030K(733696K), 0.0016952 secs] [Times: user=0.01 sys=0.00, real=0.00 secs] 
1717.373: [GC (Allocation Failure) [PSYoungGen: 59232K->1440K(59904K)] 342886K->285094K(733696K), 0.0016893 secs] [Times: user=0.00 sys=0.00, real=0.00 secs] 
1717.713: [GC (Allocation Failure) [PSYoungGen: 59296K->1408K(59904K)] 342950K->285062K(733696K), 0.0017998 secs] [Times: user=0.01 sys=0.00, real=0.00 secs] 
1718.001: [GC (Allocation Failure) [PSYoungGen: 59264K->1344K(59904K)] 342918K->284998K(733696K), 0.0018508 secs] [Times: user=0.01 sys=0.00, real=0.00 secs] 
1718.248: [GC (Allocation Failure) [PSYoungGen: 59200K->1376K(59904K)] 342854K->285030K(733696K), 0.0018820 secs] [Times: user=0.01 sys=0.00, real=0.01 secs] 
1718.513: [GC (Allocation Failure) [PSYoungGen: 59232K->1408K(59904K)] 342886K->285062K(733696K), 0.0017748 secs] [Times: user=0.00 sys=0.00, real=0.00 secs] 
1719.464: [GC (Allocation Failure) [PSYoungGen: 59264K->1376K(59392K)] 342918K->285030K(733184K), 0.0018429 secs] [Times: user=0.01 sys=0.00, real=0.00 secs] 
1719.704: [GC (Allocation Failure) [PSYoungGen: 59232K->1408K(59392K)] 342886K->285062K(733184K), 0.0017526 secs] [Times: user=0.01 sys=0.00, real=0.00 secs] 
1719.963: [GC (Allocation Failure) [PSYoungGen: 59264K->1344K(59392K)] 342918K->284998K(733184K), 0.0021605 secs] [Times: user=0.00 sys=0.00, real=0.00 secs] 
1720.204: [GC (Allocation Failure) [PSYoungGen: 59200K->1312K(59392K)] 342854K->284966K(733184K), 0.0019573 secs] [Times: user=0.00 sys=0.00, real=0.00 secs] 
1720.444: [GC (Allocation Failure) [PSYoungGen: 59168K->1408K(59392K)] 342822K->285078K(733184K), 0.0024348 secs] [Times: user=0.01 sys=0.00, real=0.00 secs] 
1721.677: [GC (Allocation Failure) [PSYoungGen: 59264K->1408K(59392K)] 342934K->285078K(733184K), 0.0019904 secs] [Times: user=0.00 sys=0.00, real=0.00 secs] 
1722.237: [GC (Allocation Failure) [PSYoungGen: 59264K->1392K(59392K)] 342934K->285062K(733184K), 0.0036936 secs] [Times: user=0.01 sys=0.00, real=0.01 secs] 
1722.761: [GC (Allocation Failure) [PSYoungGen: 59248K->1344K(59392K)] 342918K->285014K(733184K), 0.0024071 secs] [Times: user=0.01 sys=0.00, real=0.00 secs] 
1723.284: [GC (Allocation Failure) [PSYoungGen: 59200K->1376K(59392K)] 342870K->285046K(733184K), 0.0021371 secs] [Times: user=0.01 sys=0.00, real=0.00 secs] 
1723.727: [GC (Allocation Failure) [PSYoungGen: 59232K->1408K(59392K)] 342902K->285078K(733184K), 0.0023264 secs] [Times: user=0.01 sys=0.00, real=0.01 secs] 
1725.218: [GC (Allocation Failure) [PSYoungGen: 59264K->1408K(59392K)] 342934K->285078K(733184K), 0.0034750 secs] [Times: user=0.01 sys=0.00, real=0.01 secs] 
1726.063: [GC (Allocation Failure) [PSYoungGen: 59264K->1408K(59392K)] 342934K->285078K(733184K), 0.0038452 secs] [Times: user=0.01 sys=0.00, real=0.00 secs] 
1726.750: [GC (Allocation Failure) [PSYoungGen: 59264K->1296K(59392K)] 342934K->284966K(733184K), 0.0025113 secs] [Times: user=0.01 sys=0.00, real=0.00 secs] 
1727.244: [GC (Allocation Failure) [PSYoungGen: 59152K->1344K(59392K)] 342822K->285014K(733184K), 0.0023921 secs] [Times: user=0.00 sys=0.00, real=0.00 secs] 
1727.837: [GC (Allocation Failure) [PSYoungGen: 59200K->1344K(59392K)] 342870K->285014K(733184K), 0.0026469 secs] [Times: user=0.01 sys=0.00, real=0.01 secs] 
1729.830: [GC (Allocation Failure) [PSYoungGen: 59200K->1408K(59392K)] 342870K->285078K(733184K), 0.0036450 secs] [Times: user=0.01 sys=0.00, real=0.00 secs] 
1730.143: [GC (Allocation Failure) [PSYoungGen: 59264K->1344K(59392K)] 342934K->285014K(733184K), 0.0019453 secs] [Times: user=0.00 sys=0.00, real=0.00 secs] 
1730.401: [GC (Allocation Failure) [PSYoungGen: 59200K->1376K(59392K)] 342870K->285046K(733184K), 0.0019108 secs] [Times: user=0.01 sys=0.00, real=0.00 secs] 
1730.688: [GC (Allocation Failure) [PSYoungGen: 59232K->1392K(59392K)] 342902K->285062K(733184K), 0.0017764 secs] [Times: user=0.01 sys=0.00, real=0.01 secs] 
1731.058: [GC (Allocation Failure) [PSYoungGen: 59248K->1408K(59392K)] 342918K->285078K(733184K), 0.0017475 secs] [Times: user=0.00 sys=0.00, real=0.01 secs] 
1732.476: [GC (Allocation Failure) [PSYoungGen: 59264K->1408K(59392K)] 342934K->285078K(733184K), 0.0018799 secs] [Times: user=0.00 sys=0.00, real=0.00 secs] 
1733.125: [GC (Allocation Failure) [PSYoungGen: 59264K->1376K(59392K)] 342934K->285046K(733184K), 0.0022565 secs] [Times: user=0.01 sys=0.00, real=0.00 secs] 
1733.713: [GC (Allocation Failure) [PSYoungGen: 59232K->1376K(59392K)] 342902K->285046K(733184K), 0.0022432 secs] [Times: user=0.01 sys=0.00, real=0.00 secs] 
1734.308: [GC (Allocation Failure) [PSYoungGen: 59232K->1344K(59392K)] 342902K->285014K(733184K), 0.0024500 secs] [Times: user=0.01 sys=0.00, real=0.01 secs] 
1735.714: [GC (Allocation Failure) [PSYoungGen: 59200K->1440K(59392K)] 342870K->285126K(733184K), 0.0017615 secs] [Times: user=0.01 sys=0.00, real=0.00 secs] 
1736.260: [GC (Allocation Failure) [PSYoungGen: 59296K->1408K(59392K)] 342982K->285094K(733184K), 0.0017969 secs] [Times: user=0.01 sys=0.00, real=0.00 secs] 
1736.888: [GC (Allocation Failure) [PSYoungGen: 59264K->1408K(59392K)] 342950K->285094K(733184K), 0.0018422 secs] [Times: user=0.01 sys=0.00, real=0.01 secs] 
1737.479: [GC (Allocation Failure) [PSYoungGen: 59264K->1344K(59392K)] 342950K->285030K(733184K), 0.0017127 secs] [Times: user=0.01 sys=0.00, real=0.01 secs] 
1738.030: [GC (Allocation Failure) [PSYoungGen: 59200K->1408K(59392K)] 342886K->285094K(733184K), 0.0020168 secs] [Times: user=0.01 sys=0.00, real=0.00 secs] 
1739.337: [GC (Allocation Failure) [PSYoungGen: 59264K->1440K(59392K)] 342950K->285638K(733184K), 0.0016323 secs] [Times: user=0.01 sys=0.00, real=0.00 secs] 
1739.840: [GC (Allocation Failure) [PSYoungGen: 59296K->1408K(59392K)] 343494K->285606K(733184K), 0.0018126 secs] [Times: user=0.01 sys=0.00, real=0.00 secs] 
1740.341: [GC (Allocation Failure) [PSYoungGen: 59264K->1312K(59392K)] 343462K->285510K(733184K), 0.0027432 secs] [Times: user=0.01 sys=0.00, real=0.00 secs] 
1740.800: [GC (Allocation Failure) [PSYoungGen: 59168K->1408K(59392K)] 343366K->285606K(733184K), 0.0026699 secs] [Times: user=0.02 sys=0.00, real=0.00 secs] 
1741.044: [GC (Allocation Failure) [PSYoungGen: 59264K->1360K(59392K)] 343462K->285558K(733184K), 0.0018182 secs] [Times: user=0.00 sys=0.01, real=0.00 secs] 
1742.089: [GC (Allocation Failure) [PSYoungGen: 59216K->1440K(59392K)] 343414K->285638K(733184K), 0.0015940 secs] [Times: user=0.00 sys=0.00, real=0.00 secs] 
1742.352: [GC (Allocation Failure) [PSYoungGen: 59296K->1376K(59392K)] 343494K->285582K(733184K), 0.0014989 secs] [Times: user=0.00 sys=0.00, real=0.00 secs] 
1742.592: [GC (Allocation Failure) [PSYoungGen: 59232K->1408K(59392K)] 343438K->285614K(733184K), 0.0015915 secs] [Times: user=0.01 sys=0.00, real=0.00 secs] 
1742.853: [GC (Allocation Failure) [PSYoungGen: 59264K->1344K(59392K)] 343470K->285582K(733184K), 0.0017280 secs] [Times: user=0.01 sys=0.00, real=0.00 secs] 
1743.233: [GC (Allocation Failure) [PSYoungGen: 59200K->1408K(59392K)] 343438K->285646K(733184K), 0.0026281 secs] [Times: user=0.01 sys=0.00, real=0.00 secs] 
1744.411: [GC (Allocation Failure) [PSYoungGen: 59264K->1424K(59392K)] 343502K->285670K(733184K), 0.0016114 secs] [Times: user=0.01 sys=0.00, real=0.00 secs] 
1744.787: [GC (Allocation Failure) [PSYoungGen: 59280K->1360K(59392K)] 343526K->285606K(733184K), 0.0016478 secs] [Times: user=0.01 sys=0.00, real=0.00 secs] 
1745.123: [GC (Allocation Failure) [PSYoungGen: 59216K->1408K(59392K)] 343462K->285654K(733184K), 0.0017193 secs] [Times: user=0.01 sys=0.00, real=0.00 secs] 
1745.477: [GC (Allocation Failure) [PSYoungGen: 59264K->1344K(59392K)] 343510K->285590K(733184K), 0.0023362 secs] [Times: user=0.01 sys=0.00, real=0.01 secs] 
1745.911: [GC (Allocation Failure) [PSYoungGen: 59200K->1376K(59392K)] 343446K->285622K(733184K), 0.0020267 secs] [Times: user=0.01 sys=0.00, real=0.00 secs] 
1747.200: [GC (Allocation Failure) [PSYoungGen: 59232K->1344K(59392K)] 343478K->285590K(733184K), 0.0027836 secs] [Times: user=0.01 sys=0.00, real=0.00 secs] 
1747.801: [GC (Allocation Failure) [PSYoungGen: 59200K->1376K(59392K)] 343446K->285622K(733184K), 0.0022993 secs] [Times: user=0.01 sys=0.00, real=0.00 secs] 
1748.229: [GC (Allocation Failure) [PSYoungGen: 59232K->1408K(59392K)] 343478K->285654K(733184K), 0.0026025 secs] [Times: user=0.01 sys=0.00, real=0.00 secs] 
1748.746: [GC (Allocation Failure) [PSYoungGen: 59264K->1312K(59392K)] 343510K->285558K(733184K), 0.0023787 secs] [Times: user=0.01 sys=0.00, real=0.00 secs] 
1749.238: [GC (Allocation Failure) [PSYoungGen: 59168K->1344K(59392K)] 343414K->285590K(733184K), 0.0032702 secs] [Times: user=0.01 sys=0.00, real=0.01 secs] 
1750.524: [GC (Allocation Failure) [PSYoungGen: 59200K->1376K(59392K)] 343446K->285622K(733184K), 0.0016933 secs] [Times: user=0.00 sys=0.00, real=0.00 secs] 
1750.971: [GC (Allocation Failure) [PSYoungGen: 59232K->1376K(59392K)] 343478K->285622K(733184K), 0.0018327 secs] [Times: user=0.00 sys=0.00, real=0.00 secs] 
1751.211: [GC (Allocation Failure) [PSYoungGen: 59232K->1344K(59392K)] 343478K->285590K(733184K), 0.0022540 secs] [Times: user=0.00 sys=0.00, real=0.00 secs] 
1751.453: [GC (Allocation Failure) [PSYoungGen: 59200K->1376K(59392K)] 343446K->285622K(733184K), 0.0022153 secs] [Times: user=0.01 sys=0.00, real=0.00 secs] 
1751.694: [GC (Allocation Failure) [PSYoungGen: 59232K->1360K(59392K)] 343478K->285606K(733184K), 0.0018538 secs] [Times: user=0.01 sys=0.00, real=0.00 secs] 
1752.627: [GC (Allocation Failure) [PSYoungGen: 59216K->1376K(59392K)] 343462K->285630K(733184K), 0.0014378 secs] [Times: user=0.01 sys=0.00, real=0.00 secs] 
1752.867: [GC (Allocation Failure) [PSYoungGen: 59232K->1344K(59392K)] 343486K->285598K(733184K), 0.0016063 secs] [Times: user=0.01 sys=0.00, real=0.00 secs] 
1753.107: [GC (Allocation Failure) [PSYoungGen: 59200K->1376K(59392K)] 343454K->285630K(733184K), 0.0016052 secs] [Times: user=0.00 sys=0.00, real=0.00 secs] 
1753.351: [GC (Allocation Failure) [PSYoungGen: 59232K->1312K(59392K)] 343486K->285566K(733184K), 0.0027420 secs] [Times: user=0.01 sys=0.00, real=0.00 secs] 
1753.589: [GC (Allocation Failure) [PSYoungGen: 59168K->1408K(59392K)] 343422K->285662K(733184K), 0.0020858 secs] [Times: user=0.01 sys=0.00, real=0.01 secs] 
1755.311: [GC (Allocation Failure) [PSYoungGen: 59264K->1440K(59392K)] 343518K->285694K(733184K), 0.0038269 secs] [Times: user=0.01 sys=0.00, real=0.00 secs] 
1755.876: [GC (Allocation Failure) [PSYoungGen: 59296K->1376K(59392K)] 343550K->285630K(733184K), 0.0029257 secs] [Times: user=0.01 sys=0.00, real=0.01 secs] 
1756.233: [GC (Allocation Failure) [PSYoungGen: 59232K->1344K(59392K)] 343486K->285598K(733184K), 0.0018035 secs] [Times: user=0.00 sys=0.00, real=0.00 secs] 
1756.497: [GC (Allocation Failure) [PSYoungGen: 59200K->1376K(59392K)] 343454K->285630K(733184K), 0.0018409 secs] [Times: user=0.01 sys=0.00, real=0.01 secs] 
1756.815: [GC (Allocation Failure) [PSYoungGen: 59221K->288K(58880K)] 343476K->284542K(732672K), 0.0018715 secs] [Times: user=0.00 sys=0.00, real=0.00 secs] 
1758.054: [GC (Allocation Failure) [PSYoungGen: 57632K->1408K(59392K)] 341886K->285662K(733184K), 0.0016657 secs] [Times: user=0.01 sys=0.00, real=0.00 secs] 
1758.486: [GC (Allocation Failure) [PSYoungGen: 58752K->1312K(59392K)] 343006K->285566K(733184K), 0.0035925 secs] [Times: user=0.01 sys=0.00, real=0.01 secs] 
1758.742: [GC (Allocation Failure) [PSYoungGen: 58656K->1344K(59392K)] 342910K->285598K(733184K), 0.0024245 secs] [Times: user=0.01 sys=0.00, real=0.00 secs] 
1758.977: [GC (Allocation Failure) [PSYoungGen: 58688K->1344K(59392K)] 342942K->285598K(733184K), 0.0019414 secs] [Times: user=0.00 sys=0.00, real=0.00 secs] 
1760.073: [GC (Allocation Failure) [PSYoungGen: 58688K->1504K(59392K)] 342942K->285758K(733184K), 0.0017003 secs] [Times: user=0.01 sys=0.00, real=0.00 secs] 
1760.583: [GC (Allocation Failure) [PSYoungGen: 58848K->1376K(59392K)] 343102K->285638K(733184K), 0.0019937 secs] [Times: user=0.01 sys=0.00, real=0.00 secs] 
1761.060: [GC (Allocation Failure) [PSYoungGen: 58720K->1408K(59392K)] 342982K->285670K(733184K), 0.0019432 secs] [Times: user=0.01 sys=0.00, real=0.00 secs] 
1761.568: [GC (Allocation Failure) [PSYoungGen: 58752K->1344K(59392K)] 343014K->285606K(733184K), 0.0020426 secs] [Times: user=0.01 sys=0.00, real=0.01 secs] 
1762.030: [GC (Allocation Failure) [PSYoungGen: 58688K->1376K(59392K)] 342950K->285638K(733184K), 0.0020240 secs] [Times: user=0.01 sys=0.00, real=0.00 secs] 
1763.190: [GC (Allocation Failure) [PSYoungGen: 58720K->1920K(59392K)] 342982K->286694K(733184K), 0.0017979 secs] [Times: user=0.01 sys=0.00, real=0.00 secs] 
1764.090: [GC (Allocation Failure) [PSYoungGen: 59264K->1376K(59392K)] 344038K->286158K(733184K), 0.0021008 secs] [Times: user=0.01 sys=0.00, real=0.00 secs] 
1764.901: [GC (Allocation Failure) [PSYoungGen: 58720K->1376K(59392K)] 343502K->286158K(733184K), 0.0024025 secs] [Times: user=0.01 sys=0.00, real=0.00 secs] 
1765.639: [GC (Allocation Failure) [PSYoungGen: 58720K->1344K(59392K)] 343502K->286126K(733184K), 0.0024651 secs] [Times: user=0.01 sys=0.00, real=0.00 secs] 
1766.221: [GC (Allocation Failure) [PSYoungGen: 58688K->1408K(59392K)] 343470K->286190K(733184K), 0.0025055 secs] [Times: user=0.01 sys=0.00, real=0.00 secs] 
1767.734: [GC (Allocation Failure) [PSYoungGen: 58752K->1408K(59392K)] 343534K->286190K(733184K), 0.0021207 secs] [Times: user=0.00 sys=0.00, real=0.00 secs] 
1768.076: [GC (Allocation Failure) [PSYoungGen: 58752K->1344K(59392K)] 343534K->286126K(733184K), 0.0019769 secs] [Times: user=0.01 sys=0.00, real=0.00 secs] 
1768.329: [GC (Allocation Failure) [PSYoungGen: 58688K->1408K(59392K)] 343470K->286190K(733184K), 0.0019919 secs] [Times: user=0.00 sys=0.00, real=0.01 secs] 
1768.567: [GC (Allocation Failure) [PSYoungGen: 58752K->1376K(59392K)] 343534K->286158K(733184K), 0.0017404 secs] [Times: user=0.01 sys=0.00, real=0.01 secs] 
1768.805: [GC (Allocation Failure) [PSYoungGen: 58720K->1408K(59392K)] 343502K->286190K(733184K), 0.0018329 secs] [Times: user=0.01 sys=0.00, real=0.00 secs] 
1769.848: [GC (Allocation Failure) [PSYoungGen: 58752K->1376K(59392K)] 343534K->286158K(733184K), 0.0016318 secs] [Times: user=0.01 sys=0.00, real=0.01 secs] 
1770.336: [GC (Allocation Failure) [PSYoungGen: 58720K->1376K(59392K)] 343502K->286158K(733184K), 0.0017905 secs] [Times: user=0.01 sys=0.00, real=0.00 secs] 
1770.711: [GC (Allocation Failure) [PSYoungGen: 58720K->1408K(59392K)] 343502K->286190K(733184K), 0.0038672 secs] [Times: user=0.02 sys=0.00, real=0.00 secs] 
1770.951: [GC (Allocation Failure) [PSYoungGen: 58752K->1408K(58880K)] 343534K->286190K(732672K), 0.0018787 secs] [Times: user=0.01 sys=0.00, real=0.00 secs] 
1771.189: [GC (Allocation Failure) [PSYoungGen: 58752K->1344K(58880K)] 343534K->286126K(732672K), 0.0018749 secs] [Times: user=0.01 sys=0.00, real=0.00 secs] 
1772.391: [GC (Allocation Failure) [PSYoungGen: 58688K->1440K(58880K)] 343470K->286222K(732672K), 0.0021878 secs] [Times: user=0.01 sys=0.00, real=0.00 secs] 
1772.832: [GC (Allocation Failure) [PSYoungGen: 58784K->1344K(58880K)] 343566K->286142K(732672K), 0.0024689 secs] [Times: user=0.01 sys=0.00, real=0.00 secs] 
1773.064: [GC (Allocation Failure) [PSYoungGen: 58688K->1312K(58880K)] 343486K->286110K(732672K), 0.0019338 secs] [Times: user=0.01 sys=0.00, real=0.00 secs] 
1773.302: [GC (Allocation Failure) [PSYoungGen: 58656K->1392K(58880K)] 343454K->286190K(732672K), 0.0019216 secs] [Times: user=0.01 sys=0.00, real=0.00 secs] 
1773.541: [GC (Allocation Failure) [PSYoungGen: 58736K->1408K(58880K)] 343534K->286206K(732672K), 0.0018299 secs] [Times: user=0.00 sys=0.00, real=0.00 secs] 
1774.702: [GC (Allocation Failure) [PSYoungGen: 58752K->1376K(58880K)] 343550K->286182K(732672K), 0.0017317 secs] [Times: user=0.01 sys=0.00, real=0.00 secs] 
1775.234: [GC (Allocation Failure) [PSYoungGen: 58720K->1376K(58880K)] 343526K->286182K(732672K), 0.0018877 secs] [Times: user=0.01 sys=0.00, real=0.00 secs] 
1775.473: [GC (Allocation Failure) [PSYoungGen: 58720K->1408K(58880K)] 343526K->286214K(732672K), 0.0023738 secs] [Times: user=0.01 sys=0.00, real=0.00 secs] 
1775.712: [GC (Allocation Failure) [PSYoungGen: 58752K->1344K(58880K)] 343558K->286150K(732672K), 0.0021569 secs] [Times: user=0.01 sys=0.00, real=0.00 secs] 
1775.953: [GC (Allocation Failure) [PSYoungGen: 58688K->1376K(58880K)] 343494K->286182K(732672K), 0.0019671 secs] [Times: user=0.01 sys=0.00, real=0.00 secs] 
1776.899: [GC (Allocation Failure) [PSYoungGen: 58720K->1440K(58880K)] 343526K->286246K(732672K), 0.0015895 secs] [Times: user=0.01 sys=0.00, real=0.00 secs] 
1777.137: [GC (Allocation Failure) [PSYoungGen: 58784K->1408K(58880K)] 343590K->286214K(732672K), 0.0015603 secs] [Times: user=0.01 sys=0.00, real=0.00 secs] 
1777.375: [GC (Allocation Failure) [PSYoungGen: 58752K->1344K(58880K)] 343558K->286150K(732672K), 0.0019166 secs] [Times: user=0.01 sys=0.00, real=0.00 secs] 
1777.615: [GC (Allocation Failure) [PSYoungGen: 58688K->1408K(58880K)] 343494K->286214K(732672K), 0.0023799 secs] [Times: user=0.01 sys=0.00, real=0.00 secs] 
1778.005: [GC (Allocation Failure) [PSYoungGen: 58752K->1344K(58880K)] 343558K->286150K(732672K), 0.0024751 secs] [Times: user=0.01 sys=0.00, real=0.00 secs] 
1779.033: [GC (Allocation Failure) [PSYoungGen: 58688K->1376K(58880K)] 343494K->286182K(732672K), 0.0016524 secs] [Times: user=0.00 sys=0.00, real=0.00 secs] 
1779.272: [GC (Allocation Failure) [PSYoungGen: 58720K->1408K(58880K)] 343526K->286214K(732672K), 0.0015968 secs] [Times: user=0.01 sys=0.00, real=0.00 secs] 
1779.510: [GC (Allocation Failure) [PSYoungGen: 58752K->1376K(58880K)] 343558K->286182K(732672K), 0.0016391 secs] [Times: user=0.01 sys=0.00, real=0.00 secs] 
1779.748: [GC (Allocation Failure) [PSYoungGen: 58720K->1392K(58880K)] 343526K->286198K(732672K), 0.0015777 secs] [Times: user=0.01 sys=0.00, real=0.01 secs] 
1780.049: [GC (Allocation Failure) [PSYoungGen: 58736K->1392K(58880K)] 343542K->286198K(732672K), 0.0015384 secs] [Times: user=0.01 sys=0.00, real=0.00 secs] 
1782.726: [GC (Allocation Failure) [PSYoungGen: 58736K->1408K(58880K)] 343542K->286230K(732672K), 0.0036964 secs] [Times: user=0.01 sys=0.00, real=0.01 secs] 
1783.244: [GC (Allocation Failure) [PSYoungGen: 58752K->1344K(58880K)] 343574K->286166K(732672K), 0.0025796 secs] [Times: user=0.01 sys=0.01, real=0.00 secs] 
1783.949: [GC (Allocation Failure) [PSYoungGen: 58688K->1376K(58880K)] 343510K->286198K(732672K), 0.0023716 secs] [Times: user=0.01 sys=0.00, real=0.00 secs] 
1784.636: [GC (Allocation Failure) [PSYoungGen: 58720K->1344K(58880K)] 343542K->286166K(732672K), 0.0038866 secs] [Times: user=0.02 sys=0.00, real=0.01 secs] 
1785.332: [GC (Allocation Failure) [PSYoungGen: 58688K->1376K(58880K)] 343510K->286198K(732672K), 0.0036775 secs] [Times: user=0.01 sys=0.00, real=0.00 secs] 
1786.490: [GC (Allocation Failure) [PSYoungGen: 58720K->1408K(58880K)] 343542K->286230K(732672K), 0.0016330 secs] [Times: user=0.00 sys=0.00, real=0.00 secs] 
1786.953: [GC (Allocation Failure) [PSYoungGen: 58752K->1408K(58880K)] 343574K->286230K(732672K), 0.0017225 secs] [Times: user=0.01 sys=0.00, real=0.00 secs] 
1787.466: [GC (Allocation Failure) [PSYoungGen: 58752K->1328K(58880K)] 343574K->286150K(732672K), 0.0017262 secs] [Times: user=0.01 sys=0.00, real=0.00 secs] 
1787.994: [GC (Allocation Failure) [PSYoungGen: 58672K->1376K(58880K)] 343494K->286198K(732672K), 0.0017423 secs] [Times: user=0.01 sys=0.00, real=0.00 secs] 
1788.520: [GC (Allocation Failure) [PSYoungGen: 58720K->1408K(58880K)] 343542K->286230K(732672K), 0.0019387 secs] [Times: user=0.00 sys=0.00, real=0.00 secs] 
1789.500: [GC (Allocation Failure) [PSYoungGen: 58752K->1408K(58880K)] 343574K->286230K(732672K), 0.0016219 secs] [Times: user=0.01 sys=0.00, real=0.00 secs] 
1789.738: [GC (Allocation Failure) [PSYoungGen: 58752K->1376K(58880K)] 343574K->286198K(732672K), 0.0016532 secs] [Times: user=0.00 sys=0.00, real=0.01 secs] 
1790.131: [GC (Allocation Failure) [PSYoungGen: 58720K->1376K(58880K)] 343542K->286198K(732672K), 0.0017629 secs] [Times: user=0.01 sys=0.00, real=0.00 secs] 
1790.552: [GC (Allocation Failure) [PSYoungGen: 58720K->1376K(58880K)] 343542K->286198K(732672K), 0.0018451 secs] [Times: user=0.01 sys=0.00, real=0.00 secs] 
1791.029: [GC (Allocation Failure) [PSYoungGen: 58720K->1344K(58880K)] 343542K->286166K(732672K), 0.0018665 secs] [Times: user=0.01 sys=0.00, real=0.01 secs] 
1792.266: [GC (Allocation Failure) [PSYoungGen: 58688K->1408K(58880K)] 343510K->286230K(732672K), 0.0019984 secs] [Times: user=0.01 sys=0.00, real=0.00 secs] 
1792.709: [GC (Allocation Failure) [PSYoungGen: 58752K->1360K(58880K)] 343574K->286182K(732672K), 0.0028800 secs] [Times: user=0.01 sys=0.00, real=0.01 secs] 
1793.376: [GC (Allocation Failure) [PSYoungGen: 58704K->1360K(58880K)] 343526K->286190K(732672K), 0.0025230 secs] [Times: user=0.01 sys=0.00, real=0.00 secs] 
1794.118: [GC (Allocation Failure) [PSYoungGen: 58704K->1376K(58880K)] 343534K->286206K(732672K), 0.0029171 secs] [Times: user=0.01 sys=0.00, real=0.01 secs] 
1795.051: [GC (Allocation Failure) [PSYoungGen: 58720K->1376K(58880K)] 343550K->286206K(732672K), 0.0025763 secs] [Times: user=0.01 sys=0.01, real=0.00 secs] 
1796.098: [GC (Allocation Failure) [PSYoungGen: 58720K->1376K(58880K)] 343550K->286206K(732672K), 0.0016645 secs] [Times: user=0.01 sys=0.00, real=0.01 secs] 
1796.336: [GC (Allocation Failure) [PSYoungGen: 58720K->1408K(58880K)] 343550K->286238K(732672K), 0.0016618 secs] [Times: user=0.00 sys=0.00, real=0.00 secs] 
1796.575: [GC (Allocation Failure) [PSYoungGen: 58752K->1376K(58880K)] 343582K->286206K(732672K), 0.0023520 secs] [Times: user=0.01 sys=0.00, real=0.00 secs] 
1796.814: [GC (Allocation Failure) [PSYoungGen: 58720K->1376K(58880K)] 343550K->286206K(732672K), 0.0020796 secs] [Times: user=0.01 sys=0.00, real=0.00 secs] 
1797.725: [GC (Allocation Failure) [PSYoungGen: 58623K->192K(58880K)] 343454K->285022K(732672K), 0.0014813 secs] [Times: user=0.00 sys=0.00, real=0.00 secs] 
1798.206: [GC (Allocation Failure) [PSYoungGen: 57536K->1376K(59392K)] 342366K->286206K(733184K), 0.0017555 secs] [Times: user=0.00 sys=0.00, real=0.00 secs] 
1798.683: [GC (Allocation Failure) [PSYoungGen: 58720K->1344K(59392K)] 343550K->286174K(733184K), 0.0025474 secs] [Times: user=0.01 sys=0.00, real=0.00 secs] 
1799.156: [GC (Allocation Failure) [PSYoungGen: 58688K->1344K(59392K)] 343518K->286174K(733184K), 0.0028122 secs] [Times: user=0.01 sys=0.00, real=0.01 secs] 
1799.570: [GC (Allocation Failure) [PSYoungGen: 58688K->1344K(59392K)] 343518K->286174K(733184K), 0.0023055 secs] [Times: user=0.01 sys=0.00, real=0.00 secs] 
1800.873: [GC (Allocation Failure) [PSYoungGen: 58688K->1664K(59392K)] 343518K->286494K(733184K), 0.0019870 secs] [Times: user=0.01 sys=0.00, real=0.00 secs] 
1802.399: [GC (Allocation Failure) [PSYoungGen: 59008K->1312K(59392K)] 343838K->286142K(733184K), 0.0031614 secs] [Times: user=0.01 sys=0.00, real=0.01 secs] 
1803.178: [GC (Allocation Failure) [PSYoungGen: 58656K->1344K(59392K)] 343486K->286174K(733184K), 0.0029142 secs] [Times: user=0.01 sys=0.00, real=0.01 secs] 
1803.656: [GC (Allocation Failure) [PSYoungGen: 58688K->1360K(59392K)] 343518K->286190K(733184K), 0.0035476 secs] [Times: user=0.01 sys=0.00, real=0.01 secs] 
1804.157: [GC (Allocation Failure) [PSYoungGen: 58704K->1376K(59392K)] 343534K->286214K(733184K), 0.0029472 secs] [Times: user=0.01 sys=0.00, real=0.01 secs] 
1805.495: [GC (Allocation Failure) [PSYoungGen: 58720K->1952K(59392K)] 343558K->286790K(733184K), 0.0019772 secs] [Times: user=0.00 sys=0.00, real=0.00 secs] 
1806.579: [GC (Allocation Failure) [PSYoungGen: 59296K->1376K(59392K)] 344134K->286214K(733184K), 0.0029551 secs] [Times: user=0.01 sys=0.00, real=0.00 secs] 
1807.263: [GC (Allocation Failure) [PSYoungGen: 58720K->1344K(59392K)] 343558K->286182K(733184K), 0.0028061 secs] [Times: user=0.01 sys=0.01, real=0.00 secs] 
1807.862: [GC (Allocation Failure) [PSYoungGen: 58688K->1312K(59392K)] 343526K->286150K(733184K), 0.0022037 secs] [Times: user=0.01 sys=0.00, real=0.00 secs] 
1808.335: [GC (Allocation Failure) [PSYoungGen: 58656K->1344K(59392K)] 343494K->286182K(733184K), 0.0020799 secs] [Times: user=0.01 sys=0.00, real=0.00 secs] 
1810.163: [GC (Allocation Failure) [PSYoungGen: 58688K->1408K(59392K)] 343526K->286246K(733184K), 0.0023306 secs] [Times: user=0.01 sys=0.01, real=0.00 secs] 
1811.746: [GC (Allocation Failure) [PSYoungGen: 58752K->1376K(59392K)] 343590K->286214K(733184K), 0.0031289 secs] [Times: user=0.01 sys=0.01, real=0.01 secs] 
1812.260: [GC (Allocation Failure) [PSYoungGen: 58720K->1312K(59392K)] 343558K->286150K(733184K), 0.0029195 secs] [Times: user=0.01 sys=0.00, real=0.00 secs] 
1812.741: [GC (Allocation Failure) [PSYoungGen: 58656K->1344K(59392K)] 343494K->286182K(733184K), 0.0024236 secs] [Times: user=0.01 sys=0.00, real=0.00 secs] 
1813.087: [GC (Allocation Failure) [PSYoungGen: 58688K->1360K(59392K)] 343526K->286198K(733184K), 0.0020123 secs] [Times: user=0.00 sys=0.00, real=0.01 secs] 
1814.888: [GC (Allocation Failure) [PSYoungGen: 58704K->1408K(59392K)] 343542K->286246K(733184K), 0.0035735 secs] [Times: user=0.02 sys=0.00, real=0.01 secs] 
1815.661: [GC (Allocation Failure) [PSYoungGen: 58752K->1360K(59392K)] 343590K->286198K(733184K), 0.0026390 secs] [Times: user=0.01 sys=0.00, real=0.00 secs] 
1816.385: [GC (Allocation Failure) [PSYoungGen: 58704K->1344K(59392K)] 343542K->286182K(733184K), 0.0031208 secs] [Times: user=0.01 sys=0.00, real=0.00 secs] 
1817.346: [GC (Allocation Failure) [PSYoungGen: 58688K->1344K(58880K)] 343526K->286182K(732672K), 0.0035921 secs] [Times: user=0.01 sys=0.00, real=0.01 secs] 
1818.101: [GC (Allocation Failure) [PSYoungGen: 58688K->1376K(58880K)] 343526K->286222K(732672K), 0.0033250 secs] [Times: user=0.01 sys=0.00, real=0.00 secs] 
1819.475: [GC (Allocation Failure) [PSYoungGen: 58720K->416K(58368K)] 343566K->286286K(732160K), 0.0019462 secs] [Times: user=0.01 sys=0.00, real=0.00 secs] 
1819.751: [GC (Allocation Failure) [PSYoungGen: 57760K->288K(59392K)] 343630K->286158K(733184K), 0.0018301 secs] [Times: user=0.01 sys=0.00, real=0.00 secs] 
1819.990: [GC (Allocation Failure) [PSYoungGen: 57632K->320K(59392K)] 343502K->286190K(733184K), 0.0016191 secs] [Times: user=0.01 sys=0.00, real=0.00 secs] 
1820.230: [GC (Allocation Failure) [PSYoungGen: 57664K->304K(59392K)] 343534K->286182K(733184K), 0.0024577 secs] [Times: user=0.01 sys=0.00, real=0.00 secs] 
1820.619: [GC (Allocation Failure) [PSYoungGen: 57648K->352K(59392K)] 343526K->286230K(733184K), 0.0028420 secs] [Times: user=0.01 sys=0.00, real=0.00 secs] 
1821.880: [GC (Allocation Failure) [PSYoungGen: 57696K->1424K(59392K)] 343574K->287310K(733184K), 0.0017085 secs] [Times: user=0.01 sys=0.00, real=0.00 secs] 
1822.395: [GC (Allocation Failure) [PSYoungGen: 58768K->1376K(58880K)] 344654K->287262K(732672K), 0.0022658 secs] [Times: user=0.01 sys=0.00, real=0.00 secs] 
1822.844: [GC (Allocation Failure) [PSYoungGen: 58208K->1344K(59392K)] 344094K->287230K(733184K), 0.0024947 secs] [Times: user=0.01 sys=0.00, real=0.00 secs] 
1823.322: [GC (Allocation Failure) [PSYoungGen: 58176K->1344K(59392K)] 344062K->287230K(733184K), 0.0025344 secs] [Times: user=0.01 sys=0.01, real=0.00 secs] 
1824.038: [GC (Allocation Failure) [PSYoungGen: 58176K->1408K(59392K)] 344062K->287294K(733184K), 0.0023268 secs] [Times: user=0.01 sys=0.00, real=0.01 secs] 
1825.454: [GC (Allocation Failure) [PSYoungGen: 58240K->1408K(59392K)] 344126K->287302K(733184K), 0.0034960 secs] [Times: user=0.02 sys=0.00, real=0.00 secs] 
1826.202: [GC (Allocation Failure) [PSYoungGen: 58240K->1408K(59392K)] 344134K->287302K(733184K), 0.0026292 secs] [Times: user=0.01 sys=0.00, real=0.00 secs] 
1826.882: [GC (Allocation Failure) [PSYoungGen: 58240K->1344K(59392K)] 344134K->287238K(733184K), 0.0025832 secs] [Times: user=0.00 sys=0.00, real=0.00 secs] 
1827.350: [GC (Allocation Failure) [PSYoungGen: 58176K->1344K(58368K)] 344070K->287238K(732160K), 0.0022360 secs] [Times: user=0.01 sys=0.00, real=0.00 secs] 
1828.050: [GC (Allocation Failure) [PSYoungGen: 58176K->1376K(58880K)] 344070K->287270K(732672K), 0.0020173 secs] [Times: user=0.00 sys=0.00, real=0.00 secs] 
1829.272: [GC (Allocation Failure) [PSYoungGen: 58208K->1408K(58880K)] 344102K->287310K(732672K), 0.0021655 secs] [Times: user=0.01 sys=0.00, real=0.00 secs] 
1829.528: [GC (Allocation Failure) [PSYoungGen: 58240K->1376K(58880K)] 344142K->287278K(732672K), 0.0019131 secs] [Times: user=0.01 sys=0.00, real=0.01 secs] 
1829.764: [GC (Allocation Failure) [PSYoungGen: 58208K->1408K(58880K)] 344110K->287310K(732672K), 0.0017667 secs] [Times: user=0.01 sys=0.00, real=0.00 secs] 
1830.055: [GC (Allocation Failure) [PSYoungGen: 58240K->1376K(58880K)] 344142K->287278K(732672K), 0.0017656 secs] [Times: user=0.01 sys=0.00, real=0.00 secs] 
1830.449: [GC (Allocation Failure) [PSYoungGen: 58208K->1344K(58880K)] 344110K->287246K(732672K), 0.0019671 secs] [Times: user=0.00 sys=0.00, real=0.00 secs] 
1831.651: [GC (Allocation Failure) [PSYoungGen: 58176K->1376K(58880K)] 344078K->287278K(732672K), 0.0016527 secs] [Times: user=0.00 sys=0.00, real=0.00 secs] 
1831.930: [GC (Allocation Failure) [PSYoungGen: 58208K->1408K(58880K)] 344110K->287310K(732672K), 0.0015042 secs] [Times: user=0.01 sys=0.00, real=0.00 secs] 
1832.445: [GC (Allocation Failure) [PSYoungGen: 58240K->1344K(58880K)] 344142K->287246K(732672K), 0.0020089 secs] [Times: user=0.01 sys=0.00, real=0.00 secs] 
1833.028: [GC (Allocation Failure) [PSYoungGen: 58176K->1376K(58880K)] 344078K->287278K(732672K), 0.0019469 secs] [Times: user=0.01 sys=0.00, real=0.01 secs] 
1833.662: [GC (Allocation Failure) [PSYoungGen: 58208K->1376K(58880K)] 344110K->287294K(732672K), 0.0024131 secs] [Times: user=0.01 sys=0.00, real=0.00 secs] 
1835.043: [GC (Allocation Failure) [PSYoungGen: 58208K->1376K(58880K)] 344126K->287294K(732672K), 0.0016435 secs] [Times: user=0.01 sys=0.00, real=0.00 secs] 
1835.497: [GC (Allocation Failure) [PSYoungGen: 58208K->1344K(58880K)] 344126K->287262K(732672K), 0.0026247 secs] [Times: user=0.01 sys=0.00, real=0.01 secs] 
1835.727: [GC (Allocation Failure) [PSYoungGen: 58176K->1360K(58880K)] 344094K->287278K(732672K), 0.0020884 secs] [Times: user=0.00 sys=0.00, real=0.01 secs] 
1835.964: [GC (Allocation Failure) [PSYoungGen: 58192K->1376K(58880K)] 344110K->287294K(732672K), 0.0018760 secs] [Times: user=0.01 sys=0.00, real=0.00 secs] 
1836.259: [GC (Allocation Failure) [PSYoungGen: 58208K->1408K(58880K)] 344126K->287326K(732672K), 0.0019076 secs] [Times: user=0.01 sys=0.00, real=0.00 secs] 
1837.417: [GC (Allocation Failure) [PSYoungGen: 58240K->1408K(58880K)] 344158K->287326K(732672K), 0.0025263 secs] [Times: user=0.01 sys=0.00, real=0.01 secs] 
1837.824: [GC (Allocation Failure) [PSYoungGen: 58240K->1408K(58880K)] 344158K->287326K(732672K), 0.0022470 secs] [Times: user=0.01 sys=0.00, real=0.00 secs] 
1838.287: [GC (Allocation Failure) [PSYoungGen: 58240K->1344K(58880K)] 344158K->287262K(732672K), 0.0019521 secs] [Times: user=0.01 sys=0.00, real=0.00 secs] 
1838.760: [GC (Allocation Failure) [PSYoungGen: 58176K->1376K(58880K)] 344094K->287294K(732672K), 0.0020401 secs] [Times: user=0.00 sys=0.00, real=0.00 secs] 
1839.214: [GC (Allocation Failure) [PSYoungGen: 58208K->1376K(58880K)] 344126K->287294K(732672K), 0.0020122 secs] [Times: user=0.00 sys=0.00, real=0.00 secs] 
1840.426: [GC (Allocation Failure) [PSYoungGen: 58208K->1376K(58880K)] 344126K->287302K(732672K), 0.0018270 secs] [Times: user=0.01 sys=0.00, real=0.00 secs] 
1840.736: [GC (Allocation Failure) [PSYoungGen: 58208K->1344K(58880K)] 344134K->287270K(732672K), 0.0020017 secs] [Times: user=0.01 sys=0.00, real=0.00 secs] 
1841.003: [GC (Allocation Failure) [PSYoungGen: 58176K->1392K(58368K)] 344102K->287318K(732160K), 0.0019544 secs] [Times: user=0.01 sys=0.00, real=0.00 secs] 
1841.356: [GC (Allocation Failure) [PSYoungGen: 58224K->1344K(58368K)] 344150K->287270K(732160K), 0.0017918 secs] [Times: user=0.01 sys=0.00, real=0.00 secs] 
1841.798: [GC (Allocation Failure) [PSYoungGen: 58176K->1408K(58368K)] 344102K->287334K(732160K), 0.0018310 secs] [Times: user=0.01 sys=0.00, real=0.01 secs] 
1842.979: [GC (Allocation Failure) [PSYoungGen: 58240K->1408K(58368K)] 344166K->287358K(732160K), 0.0018309 secs] [Times: user=0.01 sys=0.00, real=0.00 secs] 
1843.286: [GC (Allocation Failure) [PSYoungGen: 58240K->1376K(58368K)] 344190K->287326K(732160K), 0.0016755 secs] [Times: user=0.01 sys=0.00, real=0.00 secs] 
1843.717: [GC (Allocation Failure) [PSYoungGen: 58208K->1376K(58368K)] 344158K->287326K(732160K), 0.0026069 secs] [Times: user=0.01 sys=0.00, real=0.01 secs] 
1844.191: [GC (Allocation Failure) [PSYoungGen: 58208K->1376K(58368K)] 344158K->287326K(732160K), 0.0025013 secs] [Times: user=0.00 sys=0.00, real=0.00 secs] 
1844.675: [GC (Allocation Failure) [PSYoungGen: 58208K->1392K(58368K)] 344158K->287342K(732160K), 0.0034823 secs] [Times: user=0.01 sys=0.00, real=0.00 secs] 
1845.993: [GC (Allocation Failure) [PSYoungGen: 58224K->1376K(58368K)] 344174K->287326K(732160K), 0.0016493 secs] [Times: user=0.00 sys=0.00, real=0.00 secs] 
1846.720: [GC (Allocation Failure) [PSYoungGen: 58208K->1344K(58368K)] 344158K->287294K(732160K), 0.0037849 secs] [Times: user=0.01 sys=0.00, real=0.00 secs] 
1847.516: [GC (Allocation Failure) [PSYoungGen: 58176K->1312K(58368K)] 344126K->287262K(732160K), 0.0028739 secs] [Times: user=0.01 sys=0.00, real=0.01 secs] 
1848.093: [GC (Allocation Failure) [PSYoungGen: 58144K->1344K(58368K)] 344094K->287294K(732160K), 0.0021625 secs] [Times: user=0.01 sys=0.00, real=0.00 secs] 
1848.571: [GC (Allocation Failure) [PSYoungGen: 58176K->1344K(58368K)] 344126K->287294K(732160K), 0.0020242 secs] [Times: user=0.01 sys=0.00, real=0.00 secs] 
1850.457: [GC (Allocation Failure) [PSYoungGen: 58176K->1408K(58368K)] 344126K->287358K(732160K), 0.0019440 secs] [Times: user=0.00 sys=0.00, real=0.00 secs] 
1850.946: [GC (Allocation Failure) [PSYoungGen: 58240K->1376K(58368K)] 344190K->287326K(732160K), 0.0021495 secs] [Times: user=0.00 sys=0.00, real=0.00 secs] 
1851.309: [GC (Allocation Failure) [PSYoungGen: 58208K->1376K(58368K)] 344158K->287326K(732160K), 0.0019460 secs] [Times: user=0.00 sys=0.00, real=0.00 secs] 
1851.545: [GC (Allocation Failure) [PSYoungGen: 58208K->1376K(58368K)] 344158K->287326K(732160K), 0.0018025 secs] [Times: user=0.00 sys=0.00, real=0.00 secs] 
1851.783: [GC (Allocation Failure) [PSYoungGen: 58208K->1408K(58368K)] 344158K->287358K(732160K), 0.0018054 secs] [Times: user=0.00 sys=0.00, real=0.00 secs] 
1853.436: [GC (Allocation Failure) [PSYoungGen: 58240K->1376K(58368K)] 344190K->287326K(732160K), 0.0027216 secs] [Times: user=0.01 sys=0.00, real=0.01 secs] 
1854.323: [GC (Allocation Failure) [PSYoungGen: 58208K->1376K(58368K)] 344158K->287326K(732160K), 0.0031844 secs] [Times: user=0.01 sys=0.00, real=0.00 secs] 
1855.081: [GC (Allocation Failure) [PSYoungGen: 58208K->1376K(58368K)] 344158K->287334K(732160K), 0.0028781 secs] [Times: user=0.01 sys=0.00, real=0.00 secs] 
1855.621: [GC (Allocation Failure) [PSYoungGen: 58208K->1344K(58368K)] 344166K->287302K(732160K), 0.0028849 secs] [Times: user=0.01 sys=0.00, real=0.00 secs] 
1855.928: [GC (Allocation Failure) [PSYoungGen: 58176K->1376K(58368K)] 344134K->287334K(732160K), 0.0023929 secs] [Times: user=0.01 sys=0.00, real=0.01 secs] 
1857.863: [GC (Allocation Failure) [PSYoungGen: 58208K->1424K(58368K)] 344166K->287382K(732160K), 0.0034752 secs] [Times: user=0.02 sys=0.00, real=0.00 secs] 
1858.869: [GC (Allocation Failure) [PSYoungGen: 58256K->1408K(58368K)] 344214K->287366K(732160K), 0.0024107 secs] [Times: user=0.00 sys=0.00, real=0.01 secs] 
1859.444: [GC (Allocation Failure) [PSYoungGen: 58240K->1344K(58368K)] 344198K->287302K(732160K), 0.0026003 secs] [Times: user=0.01 sys=0.00, real=0.00 secs] 
1859.861: [GC (Allocation Failure) [PSYoungGen: 58176K->1408K(58368K)] 344134K->287366K(732160K), 0.0022284 secs] [Times: user=0.01 sys=0.00, real=0.00 secs] 
1860.427: [GC (Allocation Failure) [PSYoungGen: 58240K->1376K(58368K)] 344198K->287334K(732160K), 0.0026317 secs] [Times: user=0.00 sys=0.00, real=0.01 secs] 
1861.714: [GC (Allocation Failure) [PSYoungGen: 58208K->1408K(58368K)] 344166K->287366K(732160K), 0.0023712 secs] [Times: user=0.01 sys=0.00, real=0.00 secs] 
1861.957: [GC (Allocation Failure) [PSYoungGen: 58240K->1376K(58368K)] 344198K->287334K(732160K), 0.0018504 secs] [Times: user=0.01 sys=0.00, real=0.00 secs] 
1862.255: [GC (Allocation Failure) [PSYoungGen: 58208K->1376K(58368K)] 344166K->287334K(732160K), 0.0017244 secs] [Times: user=0.01 sys=0.00, real=0.00 secs] 
1862.728: [GC (Allocation Failure) [PSYoungGen: 58208K->1376K(58368K)] 344166K->287334K(732160K), 0.0023353 secs] [Times: user=0.01 sys=0.00, real=0.01 secs] 
1863.257: [GC (Allocation Failure) [PSYoungGen: 58208K->1376K(58368K)] 344166K->287334K(732160K), 0.0021910 secs] [Times: user=0.01 sys=0.00, real=0.00 secs] 
1864.658: [GC (Allocation Failure) [PSYoungGen: 58208K->1408K(58368K)] 344166K->287366K(732160K), 0.0031009 secs] [Times: user=0.01 sys=0.00, real=0.01 secs] 
1865.190: [GC (Allocation Failure) [PSYoungGen: 58240K->1408K(58368K)] 344198K->287382K(732160K), 0.0024373 secs] [Times: user=0.01 sys=0.00, real=0.00 secs] 
1865.728: [GC (Allocation Failure) [PSYoungGen: 58240K->1344K(58368K)] 344214K->287318K(732160K), 0.0026801 secs] [Times: user=0.01 sys=0.00, real=0.01 secs] 
1866.319: [GC (Allocation Failure) [PSYoungGen: 58176K->1360K(58368K)] 344150K->287334K(732160K), 0.0019667 secs] [Times: user=0.01 sys=0.00, real=0.00 secs] 
1866.798: [GC (Allocation Failure) [PSYoungGen: 58192K->1440K(58368K)] 344166K->287414K(732160K), 0.0019726 secs] [Times: user=0.01 sys=0.00, real=0.01 secs] 
1867.794: [GC (Allocation Failure) [PSYoungGen: 58272K->1376K(58368K)] 344246K->287350K(732160K), 0.0016899 secs] [Times: user=0.01 sys=0.00, real=0.00 secs] 
1868.030: [GC (Allocation Failure) [PSYoungGen: 58208K->1360K(58368K)] 344182K->287334K(732160K), 0.0016747 secs] [Times: user=0.01 sys=0.00, real=0.00 secs] 
1868.335: [GC (Allocation Failure) [PSYoungGen: 58192K->1408K(58368K)] 344166K->287382K(732160K), 0.0016346 secs] [Times: user=0.01 sys=0.00, real=0.00 secs] 
1868.820: [GC (Allocation Failure) [PSYoungGen: 58240K->1376K(58368K)] 344214K->287350K(732160K), 0.0017866 secs] [Times: user=0.01 sys=0.00, real=0.00 secs] 
1869.398: [GC (Allocation Failure) [PSYoungGen: 58208K->1408K(58368K)] 344182K->287382K(732160K), 0.0020622 secs] [Times: user=0.00 sys=0.00, real=0.01 secs] 
1871.028: [GC (Allocation Failure) [PSYoungGen: 58240K->1344K(58368K)] 344214K->287318K(732160K), 0.0037179 secs] [Times: user=0.01 sys=0.00, real=0.01 secs] 
1871.698: [GC (Allocation Failure) [PSYoungGen: 58176K->1408K(58368K)] 344150K->287382K(732160K), 0.0028774 secs] [Times: user=0.01 sys=0.00, real=0.01 secs] 
1872.300: [GC (Allocation Failure) [PSYoungGen: 58240K->1344K(58368K)] 344214K->287318K(732160K), 0.0029180 secs] [Times: user=0.01 sys=0.00, real=0.00 secs] 
1872.690: [GC (Allocation Failure) [PSYoungGen: 58176K->1344K(58368K)] 344150K->287318K(732160K), 0.0024956 secs] [Times: user=0.01 sys=0.00, real=0.00 secs] 
1873.147: [GC (Allocation Failure) [PSYoungGen: 58176K->1376K(58368K)] 344150K->287350K(732160K), 0.0020842 secs] [Times: user=0.00 sys=0.00, real=0.01 secs] 
1874.155: [GC (Allocation Failure) [PSYoungGen: 58208K->1408K(58368K)] 344182K->287390K(732160K), 0.0017056 secs] [Times: user=0.01 sys=0.00, real=0.00 secs] 
1874.534: [GC (Allocation Failure) [PSYoungGen: 58240K->1408K(58368K)] 344222K->287390K(732160K), 0.0016324 secs] [Times: user=0.01 sys=0.00, real=0.00 secs] 
1875.010: [GC (Allocation Failure) [PSYoungGen: 58240K->1376K(58368K)] 344222K->287358K(732160K), 0.0023510 secs] [Times: user=0.01 sys=0.00, real=0.00 secs] 
1875.502: [GC (Allocation Failure) [PSYoungGen: 58208K->1408K(58368K)] 344190K->287390K(732160K), 0.0021487 secs] [Times: user=0.00 sys=0.00, real=0.00 secs] 
1876.012: [GC (Allocation Failure) [PSYoungGen: 58229K->288K(58368K)] 344212K->286270K(732160K), 0.0028868 secs] [Times: user=0.01 sys=0.00, real=0.00 secs] 
1877.009: [GC (Allocation Failure) [PSYoungGen: 57120K->1408K(58880K)] 343102K->287390K(732672K), 0.0016902 secs] [Times: user=0.00 sys=0.00, real=0.01 secs] 
1877.458: [GC (Allocation Failure) [PSYoungGen: 58240K->1376K(58880K)] 344222K->287358K(732672K), 0.0017619 secs] [Times: user=0.01 sys=0.00, real=0.01 secs] 
1877.951: [GC (Allocation Failure) [PSYoungGen: 58208K->1312K(58880K)] 344190K->287294K(732672K), 0.0029271 secs] [Times: user=0.01 sys=0.00, real=0.00 secs] 
1878.430: [GC (Allocation Failure) [PSYoungGen: 58144K->1328K(58880K)] 344126K->287310K(732672K), 0.0022299 secs] [Times: user=0.01 sys=0.00, real=0.00 secs] 
1879.724: [GC (Allocation Failure) [PSYoungGen: 58160K->160K(58880K)] 344142K->286142K(732672K), 0.0013726 secs] [Times: user=0.00 sys=0.00, real=0.00 secs] 
1880.259: [GC (Allocation Failure) [PSYoungGen: 56992K->1344K(58880K)] 342974K->287334K(732672K), 0.0017620 secs] [Times: user=0.01 sys=0.00, real=0.00 secs] 
1880.865: [GC (Allocation Failure) [PSYoungGen: 58176K->1312K(58880K)] 344166K->287302K(732672K), 0.0025710 secs] [Times: user=0.01 sys=0.00, real=0.00 secs] 
1881.463: [GC (Allocation Failure) [PSYoungGen: 58144K->1344K(58880K)] 344134K->287334K(732672K), 0.0020993 secs] [Times: user=0.01 sys=0.00, real=0.00 secs] 
1882.225: [GC (Allocation Failure) [PSYoungGen: 58176K->1376K(58880K)] 344166K->287366K(732672K), 0.0025542 secs] [Times: user=0.01 sys=0.00, real=0.00 secs] 
1883.444: [GC (Allocation Failure) [PSYoungGen: 58208K->1408K(58880K)] 344198K->287398K(732672K), 0.0014052 secs] [Times: user=0.00 sys=0.00, real=0.00 secs] 
1883.766: [GC (Allocation Failure) [PSYoungGen: 58240K->1344K(58880K)] 344230K->287342K(732672K), 0.0021243 secs] [Times: user=0.01 sys=0.00, real=0.00 secs] 
1884.164: [GC (Allocation Failure) [PSYoungGen: 58176K->1312K(58880K)] 344174K->287310K(732672K), 0.0026535 secs] [Times: user=0.01 sys=0.00, real=0.00 secs] 
1884.650: [GC (Allocation Failure) [PSYoungGen: 58144K->1344K(58880K)] 344142K->287342K(732672K), 0.0022501 secs] [Times: user=0.00 sys=0.00, real=0.00 secs] 
1885.128: [GC (Allocation Failure) [PSYoungGen: 58176K->1344K(58880K)] 344174K->287342K(732672K), 0.0025264 secs] [Times: user=0.01 sys=0.00, real=0.01 secs] 
1887.006: [GC (Allocation Failure) [PSYoungGen: 58176K->1664K(58880K)] 344174K->287662K(732672K), 0.0021202 secs] [Times: user=0.01 sys=0.00, real=0.00 secs] 
1888.121: [GC (Allocation Failure) [PSYoungGen: 58496K->1344K(58880K)] 344494K->287342K(732672K), 0.0018768 secs] [Times: user=0.01 sys=0.00, real=0.00 secs] 
1888.681: [GC (Allocation Failure) [PSYoungGen: 58176K->1360K(58880K)] 344174K->287358K(732672K), 0.0017266 secs] [Times: user=0.01 sys=0.00, real=0.00 secs] 
1889.210: [GC (Allocation Failure) [PSYoungGen: 58192K->1312K(58880K)] 344190K->287310K(732672K), 0.0027651 secs] [Times: user=0.01 sys=0.00, real=0.00 secs] 
1890.415: [GC (Allocation Failure) [PSYoungGen: 58144K->1376K(58880K)] 344142K->287374K(732672K), 0.0036521 secs] [Times: user=0.01 sys=0.00, real=0.01 secs] 
1890.845: [GC (Allocation Failure) [PSYoungGen: 58208K->1360K(58880K)] 344206K->287358K(732672K), 0.0020736 secs] [Times: user=0.01 sys=0.00, real=0.00 secs] 
1891.357: [GC (Allocation Failure) [PSYoungGen: 58192K->1328K(58880K)] 344190K->287326K(732672K), 0.0034358 secs] [Times: user=0.01 sys=0.00, real=0.01 secs] 
1892.011: [GC (Allocation Failure) [PSYoungGen: 58160K->1376K(58880K)] 344158K->287374K(732672K), 0.0039553 secs] [Times: user=0.02 sys=0.00, real=0.00 secs] 
1892.579: [GC (Allocation Failure) [PSYoungGen: 58208K->1376K(58880K)] 344206K->287374K(732672K), 0.0029426 secs] [Times: user=0.01 sys=0.00, real=0.01 secs] 
1893.858: [GC (Allocation Failure) [PSYoungGen: 58208K->1392K(58880K)] 344206K->287390K(732672K), 0.0018031 secs] [Times: user=0.00 sys=0.00, real=0.01 secs] 
1894.373: [GC (Allocation Failure) [PSYoungGen: 58224K->1344K(58880K)] 344222K->287342K(732672K), 0.0034221 secs] [Times: user=0.02 sys=0.00, real=0.00 secs] 
1894.828: [GC (Allocation Failure) [PSYoungGen: 58176K->1312K(58880K)] 344174K->287318K(732672K), 0.0023950 secs] [Times: user=0.01 sys=0.00, real=0.01 secs] 
1895.345: [GC (Allocation Failure) [PSYoungGen: 58144K->1328K(58368K)] 344150K->287334K(732160K), 0.0046774 secs] [Times: user=0.02 sys=0.00, real=0.01 secs] 
1895.807: [GC (Allocation Failure) [PSYoungGen: 58160K->1344K(58368K)] 344166K->287350K(732160K), 0.0026683 secs] [Times: user=0.01 sys=0.00, real=0.01 secs] 
1897.039: [GC (Allocation Failure) [PSYoungGen: 58176K->384K(57856K)] 344182K->287414K(731648K), 0.0016684 secs] [Times: user=0.01 sys=0.00, real=0.01 secs] 
1897.526: [GC (Allocation Failure) [PSYoungGen: 57216K->352K(58880K)] 344246K->287382K(732672K), 0.0036403 secs] [Times: user=0.01 sys=0.00, real=0.01 secs] 
1898.028: [GC (Allocation Failure) [PSYoungGen: 57184K->320K(58880K)] 344214K->287350K(732672K), 0.0027416 secs] [Times: user=0.01 sys=0.00, real=0.01 secs] 
1898.498: [GC (Allocation Failure) [PSYoungGen: 57152K->320K(58880K)] 344182K->287350K(732672K), 0.0024911 secs] [Times: user=0.01 sys=0.00, real=0.01 secs] 
1898.887: [GC (Allocation Failure) [PSYoungGen: 57152K->320K(58880K)] 344182K->287350K(732672K), 0.0017755 secs] [Times: user=0.00 sys=0.00, real=0.00 secs] 
1899.956: [GC (Allocation Failure) [PSYoungGen: 57152K->1440K(58880K)] 344182K->288470K(732672K), 0.0016713 secs] [Times: user=0.00 sys=0.00, real=0.00 secs] 
1900.209: [GC (Allocation Failure) [PSYoungGen: 58272K->1392K(58368K)] 345302K->288422K(732160K), 0.0019265 secs] [Times: user=0.01 sys=0.00, real=0.00 secs] 
1900.456: [GC (Allocation Failure) [PSYoungGen: 57712K->1408K(58880K)] 344742K->288438K(732672K), 0.0022646 secs] [Times: user=0.00 sys=0.00, real=0.00 secs] 
1900.895: [GC (Allocation Failure) [PSYoungGen: 57728K->1408K(58880K)] 344758K->288438K(732672K), 0.0026775 secs] [Times: user=0.01 sys=0.00, real=0.00 secs] 
1901.462: [GC (Allocation Failure) [PSYoungGen: 57728K->1408K(58880K)] 344758K->288438K(732672K), 0.0020607 secs] [Times: user=0.01 sys=0.00, real=0.00 secs] 
1903.217: [GC (Allocation Failure) [PSYoungGen: 57728K->1408K(58880K)] 344758K->288470K(732672K), 0.0028816 secs] [Times: user=0.01 sys=0.00, real=0.01 secs] 
1904.097: [GC (Allocation Failure) [PSYoungGen: 57728K->1392K(58880K)] 344790K->288462K(732672K), 0.0025244 secs] [Times: user=0.00 sys=0.00, real=0.01 secs] 
1904.915: [GC (Allocation Failure) [PSYoungGen: 57712K->1376K(58880K)] 344782K->288446K(732672K), 0.0019588 secs] [Times: user=0.01 sys=0.00, real=0.00 secs] 
1905.812: [GC (Allocation Failure) [PSYoungGen: 57696K->1344K(58880K)] 344766K->288414K(732672K), 0.0021989 secs] [Times: user=0.00 sys=0.00, real=0.00 secs] 
1906.571: [GC (Allocation Failure) [PSYoungGen: 57664K->1376K(57856K)] 344734K->288446K(731648K), 0.0026757 secs] [Times: user=0.01 sys=0.00, real=0.00 secs] 
1908.236: [GC (Allocation Failure) [PSYoungGen: 57696K->1440K(58368K)] 344766K->288510K(732160K), 0.0021037 secs] [Times: user=0.01 sys=0.00, real=0.00 secs] 
1908.685: [GC (Allocation Failure) [PSYoungGen: 57760K->1376K(58368K)] 344830K->288446K(732160K), 0.0020933 secs] [Times: user=0.01 sys=0.00, real=0.00 secs] 
1909.149: [GC (Allocation Failure) [PSYoungGen: 57696K->1376K(58368K)] 344766K->288446K(732160K), 0.0022531 secs] [Times: user=0.01 sys=0.00, real=0.01 secs] 
1909.621: [GC (Allocation Failure) [PSYoungGen: 57696K->1312K(58368K)] 344766K->288382K(732160K), 0.0027970 secs] [Times: user=0.02 sys=0.00, real=0.00 secs] 
1910.138: [GC (Allocation Failure) [PSYoungGen: 57632K->1360K(58368K)] 344702K->288430K(732160K), 0.0029205 secs] [Times: user=0.01 sys=0.00, real=0.01 secs] 
1911.666: [GC (Allocation Failure) [PSYoungGen: 57680K->1408K(58368K)] 344750K->288478K(732160K), 0.0023603 secs] [Times: user=0.01 sys=0.00, real=0.00 secs] 
1912.282: [GC (Allocation Failure) [PSYoungGen: 57728K->1344K(58368K)] 344798K->288414K(732160K), 0.0024201 secs] [Times: user=0.01 sys=0.00, real=0.00 secs] 
1912.767: [GC (Allocation Failure) [PSYoungGen: 57664K->1312K(58368K)] 344734K->288382K(732160K), 0.0024500 secs] [Times: user=0.01 sys=0.00, real=0.01 secs] 
1913.440: [GC (Allocation Failure) [PSYoungGen: 57632K->1360K(58368K)] 344702K->288430K(732160K), 0.0029547 secs] [Times: user=0.01 sys=0.00, real=0.00 secs] 
1914.431: [GC (Allocation Failure) [PSYoungGen: 57680K->1376K(58368K)] 344750K->288446K(732160K), 0.0034686 secs] [Times: user=0.02 sys=0.00, real=0.00 secs] 
1916.418: [GC (Allocation Failure) [PSYoungGen: 57696K->1376K(58368K)] 344766K->288446K(732160K), 0.0028630 secs] [Times: user=0.01 sys=0.00, real=0.01 secs] 
1916.659: [GC (Allocation Failure) [PSYoungGen: 57696K->1392K(58368K)] 344766K->288470K(732160K), 0.0020515 secs] [Times: user=0.01 sys=0.00, real=0.00 secs] 
1916.894: [GC (Allocation Failure) [PSYoungGen: 57712K->1376K(58368K)] 344790K->288454K(732160K), 0.0019668 secs] [Times: user=0.01 sys=0.00, real=0.00 secs] 
1917.128: [GC (Allocation Failure) [PSYoungGen: 57696K->1344K(58368K)] 344774K->288422K(732160K), 0.0020675 secs] [Times: user=0.00 sys=0.00, real=0.01 secs] 
1917.516: [GC (Allocation Failure) [PSYoungGen: 57664K->1360K(58368K)] 344742K->288438K(732160K), 0.0017541 secs] [Times: user=0.01 sys=0.00, real=0.00 secs] 
1918.773: [GC (Allocation Failure) [PSYoungGen: 57680K->1376K(58368K)] 344758K->288454K(732160K), 0.0016561 secs] [Times: user=0.01 sys=0.00, real=0.00 secs] 
1919.291: [GC (Allocation Failure) [PSYoungGen: 57696K->1376K(58368K)] 344774K->288454K(732160K), 0.0016416 secs] [Times: user=0.01 sys=0.00, real=0.00 secs] 
1919.837: [GC (Allocation Failure) [PSYoungGen: 57696K->1376K(58368K)] 344774K->288454K(732160K), 0.0018341 secs] [Times: user=0.00 sys=0.00, real=0.01 secs] 
1920.527: [GC (Allocation Failure) [PSYoungGen: 57696K->1344K(58368K)] 344774K->288422K(732160K), 0.0018297 secs] [Times: user=0.01 sys=0.00, real=0.01 secs] 
1921.261: [GC (Allocation Failure) [PSYoungGen: 57664K->1408K(58368K)] 344742K->288486K(732160K), 0.0018304 secs] [Times: user=0.00 sys=0.00, real=0.00 secs] 
1922.360: [GC (Allocation Failure) [PSYoungGen: 57728K->1408K(58368K)] 344806K->288486K(732160K), 0.0017021 secs] [Times: user=0.01 sys=0.00, real=0.00 secs] 
1922.607: [GC (Allocation Failure) [PSYoungGen: 57728K->1360K(58368K)] 344806K->288438K(732160K), 0.0016744 secs] [Times: user=0.01 sys=0.00, real=0.00 secs] 
1922.933: [GC (Allocation Failure) [PSYoungGen: 57680K->1376K(57856K)] 344758K->288454K(731648K), 0.0020415 secs] [Times: user=0.00 sys=0.00, real=0.00 secs] 
1923.233: [GC (Allocation Failure) [PSYoungGen: 57696K->1424K(57344K)] 344774K->288502K(731136K), 0.0019407 secs] [Times: user=0.01 sys=0.00, real=0.00 secs] 
1923.548: [GC (Allocation Failure) [PSYoungGen: 57232K->1408K(57344K)] 344310K->288510K(731136K), 0.0020297 secs] [Times: user=0.01 sys=0.00, real=0.01 secs] 
1924.535: [GC (Allocation Failure) [PSYoungGen: 57216K->1392K(57344K)] 344318K->288502K(731136K), 0.0016701 secs] [Times: user=0.01 sys=0.00, real=0.00 secs] 
1924.770: [GC (Allocation Failure) [PSYoungGen: 57200K->1344K(57344K)] 344310K->288454K(731136K), 0.0017401 secs] [Times: user=0.01 sys=0.00, real=0.00 secs] 
1925.042: [GC (Allocation Failure) [PSYoungGen: 57152K->1376K(57344K)] 344262K->288486K(731136K), 0.0018481 secs] [Times: user=0.01 sys=0.00, real=0.00 secs] 
1925.274: [GC (Allocation Failure) [PSYoungGen: 57184K->1408K(57344K)] 344294K->288518K(731136K), 0.0016910 secs] [Times: user=0.00 sys=0.00, real=0.00 secs] 
1925.535: [GC (Allocation Failure) [PSYoungGen: 57216K->1360K(57344K)] 344326K->288470K(731136K), 0.0018330 secs] [Times: user=0.01 sys=0.00, real=0.00 secs] 
1926.481: [GC (Allocation Failure) [PSYoungGen: 57168K->1376K(57344K)] 344278K->288494K(731136K), 0.0015558 secs] [Times: user=0.01 sys=0.00, real=0.00 secs] 
1926.778: [GC (Allocation Failure) [PSYoungGen: 57184K->1424K(57344K)] 344302K->288542K(731136K), 0.0016164 secs] [Times: user=0.01 sys=0.00, real=0.01 secs] 
1927.038: [GC (Allocation Failure) [PSYoungGen: 57232K->1408K(57344K)] 344350K->288526K(731136K), 0.0014513 secs] [Times: user=0.00 sys=0.00, real=0.01 secs] 
1927.431: [GC (Allocation Failure) [PSYoungGen: 57216K->1376K(57344K)] 344334K->288494K(731136K), 0.0016972 secs] [Times: user=0.00 sys=0.00, real=0.00 secs] 
1927.940: [GC (Allocation Failure) [PSYoungGen: 57184K->1344K(57344K)] 344302K->288462K(731136K), 0.0017077 secs] [Times: user=0.01 sys=0.00, real=0.00 secs] 
1929.471: [GC (Allocation Failure) [PSYoungGen: 57152K->1440K(57344K)] 344270K->288558K(731136K), 0.0020436 secs] [Times: user=0.00 sys=0.00, real=0.00 secs] 
1930.346: [GC (Allocation Failure) [PSYoungGen: 57248K->1440K(57344K)] 344366K->288558K(731136K), 0.0033576 secs] [Times: user=0.01 sys=0.00, real=0.01 secs] 
1930.972: [GC (Allocation Failure) [PSYoungGen: 57248K->1376K(57344K)] 344366K->288494K(731136K), 0.0029794 secs] [Times: user=0.01 sys=0.00, real=0.00 secs] 
1931.444: [GC (Allocation Failure) [PSYoungGen: 57184K->1408K(57344K)] 344302K->288526K(731136K), 0.0022318 secs] [Times: user=0.01 sys=0.01, real=0.00 secs] 
1932.070: [GC (Allocation Failure) [PSYoungGen: 57216K->1376K(57344K)] 344334K->288494K(731136K), 0.0034220 secs] [Times: user=0.01 sys=0.00, real=0.00 secs] 
1933.511: [GC (Allocation Failure) [PSYoungGen: 57184K->1408K(57344K)] 344302K->288550K(731136K), 0.0018057 secs] [Times: user=0.01 sys=0.00, real=0.00 secs] 
1934.276: [GC (Allocation Failure) [PSYoungGen: 57216K->1392K(57344K)] 344358K->288542K(731136K), 0.0022786 secs] [Times: user=0.01 sys=0.00, real=0.00 secs] 
1934.877: [GC (Allocation Failure) [PSYoungGen: 57200K->1408K(57344K)] 344350K->288558K(731136K), 0.0025501 secs] [Times: user=0.01 sys=0.00, real=0.01 secs] 
1935.460: [GC (Allocation Failure) [PSYoungGen: 57216K->1408K(57344K)] 344366K->288558K(731136K), 0.0026076 secs] [Times: user=0.01 sys=0.00, real=0.00 secs] 
1936.027: [GC (Allocation Failure) [PSYoungGen: 57216K->1344K(57344K)] 344366K->288494K(731136K), 0.0026005 secs] [Times: user=0.01 sys=0.00, real=0.01 secs] 
1937.370: [GC (Allocation Failure) [PSYoungGen: 57152K->1440K(57344K)] 344302K->288590K(731136K), 0.0015860 secs] [Times: user=0.01 sys=0.00, real=0.00 secs] 
1937.904: [GC (Allocation Failure) [PSYoungGen: 57248K->1424K(57344K)] 344398K->288574K(731136K), 0.0026124 secs] [Times: user=0.01 sys=0.00, real=0.00 secs] 
1938.350: [GC (Allocation Failure) [PSYoungGen: 57232K->1344K(57344K)] 344382K->288494K(731136K), 0.0028644 secs] [Times: user=0.02 sys=0.00, real=0.00 secs] 
1938.798: [GC (Allocation Failure) [PSYoungGen: 57152K->1376K(57344K)] 344302K->288534K(731136K), 0.0025525 secs] [Times: user=0.01 sys=0.00, real=0.01 secs] 
1939.244: [GC (Allocation Failure) [PSYoungGen: 57184K->1440K(57344K)] 344342K->288598K(731136K), 0.0028897 secs] [Times: user=0.02 sys=0.00, real=0.00 secs] 
1940.570: [GC (Allocation Failure) [PSYoungGen: 57248K->1472K(57344K)] 344406K->288638K(731136K), 0.0020022 secs] [Times: user=0.00 sys=0.00, real=0.00 secs] 
1941.067: [GC (Allocation Failure) [PSYoungGen: 57280K->1472K(57344K)] 344446K->288638K(731136K), 0.0019971 secs] [Times: user=0.00 sys=0.01, real=0.01 secs] 
1941.302: [GC (Allocation Failure) [PSYoungGen: 57280K->1408K(57344K)] 344446K->288574K(731136K), 0.0018227 secs] [Times: user=0.00 sys=0.00, real=0.00 secs] 
1941.653: [GC (Allocation Failure) [PSYoungGen: 57216K->1408K(57344K)] 344382K->288574K(731136K), 0.0019165 secs] [Times: user=0.01 sys=0.00, real=0.00 secs] 
1942.151: [GC (Allocation Failure) [PSYoungGen: 57216K->1408K(57344K)] 344382K->288574K(731136K), 0.0020843 secs] [Times: user=0.01 sys=0.00, real=0.00 secs] 
1943.432: [GC (Allocation Failure) [PSYoungGen: 57216K->1456K(57344K)] 344382K->288622K(731136K), 0.0018176 secs] [Times: user=0.01 sys=0.00, real=0.00 secs] 
1943.826: [GC (Allocation Failure) [PSYoungGen: 57264K->1376K(57344K)] 344430K->288558K(731136K), 0.0022981 secs] [Times: user=0.01 sys=0.01, real=0.00 secs] 
1944.056: [GC (Allocation Failure) [PSYoungGen: 57184K->1376K(57344K)] 344366K->288558K(731136K), 0.0017965 secs] [Times: user=0.01 sys=0.00, real=0.00 secs] 
1944.359: [GC (Allocation Failure) [PSYoungGen: 57184K->1392K(57344K)] 344366K->288574K(731136K), 0.0017711 secs] [Times: user=0.00 sys=0.00, real=0.00 secs] 
1944.896: [GC (Allocation Failure) [PSYoungGen: 57200K->1376K(57344K)] 344382K->288558K(731136K), 0.0019685 secs] [Times: user=0.00 sys=0.00, real=0.00 secs] 
1946.407: [GC (Allocation Failure) [PSYoungGen: 57184K->1440K(57344K)] 344366K->288622K(731136K), 0.0017904 secs] [Times: user=0.00 sys=0.00, real=0.00 secs] 
1947.091: [GC (Allocation Failure) [PSYoungGen: 57248K->1408K(57344K)] 344430K->288590K(731136K), 0.0032688 secs] [Times: user=0.02 sys=0.00, real=0.00 secs] 
1947.704: [GC (Allocation Failure) [PSYoungGen: 57216K->1344K(57344K)] 344398K->288526K(731136K), 0.0030359 secs] [Times: user=0.01 sys=0.00, real=0.00 secs] 
1947.971: [GC (Allocation Failure) [PSYoungGen: 57152K->1312K(57344K)] 344334K->288494K(731136K), 0.0019640 secs] [Times: user=0.01 sys=0.00, real=0.00 secs] 
1948.203: [GC (Allocation Failure) [PSYoungGen: 57120K->1344K(57344K)] 344302K->288526K(731136K), 0.0020596 secs] [Times: user=0.01 sys=0.00, real=0.00 secs] 
1949.441: [GC (Allocation Failure) [PSYoungGen: 57152K->1408K(57344K)] 344334K->288590K(731136K), 0.0019922 secs] [Times: user=0.01 sys=0.00, real=0.00 secs] 
1950.590: [GC (Allocation Failure) [PSYoungGen: 57216K->1376K(57344K)] 344398K->288558K(731136K), 0.0037103 secs] [Times: user=0.01 sys=0.00, real=0.00 secs] 
1951.135: [GC (Allocation Failure) [PSYoungGen: 57184K->1376K(57344K)] 344366K->288558K(731136K), 0.0026488 secs] [Times: user=0.01 sys=0.00, real=0.00 secs] 
1951.609: [GC (Allocation Failure) [PSYoungGen: 57184K->1344K(57344K)] 344366K->288526K(731136K), 0.0023993 secs] [Times: user=0.01 sys=0.00, real=0.01 secs] 
1952.059: [GC (Allocation Failure) [PSYoungGen: 57152K->1408K(57344K)] 344334K->288590K(731136K), 0.0025193 secs] [Times: user=0.01 sys=0.00, real=0.00 secs] 
1953.271: [GC (Allocation Failure) [PSYoungGen: 57216K->1440K(57344K)] 344398K->288622K(731136K), 0.0016683 secs] [Times: user=0.01 sys=0.00, real=0.00 secs] 
1953.933: [GC (Allocation Failure) [PSYoungGen: 57248K->1376K(57344K)] 344430K->288566K(731136K), 0.0038032 secs] [Times: user=0.01 sys=0.00, real=0.00 secs] 
1954.388: [GC (Allocation Failure) [PSYoungGen: 57184K->1376K(57344K)] 344374K->288566K(731136K), 0.0025504 secs] [Times: user=0.01 sys=0.00, real=0.01 secs] 
1954.839: [GC (Allocation Failure) [PSYoungGen: 57184K->1376K(57344K)] 344374K->288566K(731136K), 0.0025763 secs] [Times: user=0.01 sys=0.00, real=0.00 secs] 
1955.151: [GC (Allocation Failure) [PSYoungGen: 57184K->1312K(57344K)] 344374K->288502K(731136K), 0.0017805 secs] [Times: user=0.01 sys=0.00, real=0.00 secs] 
1956.102: [GC (Allocation Failure) [PSYoungGen: 57120K->896K(56832K)] 344310K->289110K(730624K), 0.0017845 secs] [Times: user=0.00 sys=0.00, real=0.00 secs] 
1956.333: [GC (Allocation Failure) [PSYoungGen: 56192K->288K(57344K)] 344406K->288502K(731136K), 0.0018867 secs] [Times: user=0.01 sys=0.00, real=0.00 secs] 
1956.563: [GC (Allocation Failure) [PSYoungGen: 55584K->288K(57344K)] 343798K->288502K(731136K), 0.0018842 secs] [Times: user=0.01 sys=0.00, real=0.00 secs] 
1956.793: [GC (Allocation Failure) [PSYoungGen: 55584K->320K(57344K)] 343798K->288534K(731136K), 0.0015622 secs] [Times: user=0.00 sys=0.00, real=0.00 secs] 
1957.022: [GC (Allocation Failure) [PSYoungGen: 55616K->384K(57344K)] 343830K->288598K(731136K), 0.0015816 secs] [Times: user=0.00 sys=0.00, real=0.00 secs] 
1958.049: [GC (Allocation Failure) [PSYoungGen: 55573K->1536K(57344K)] 343787K->289750K(731136K), 0.0018506 secs] [Times: user=0.01 sys=0.00, real=0.01 secs] 
1958.970: [GC (Allocation Failure) [PSYoungGen: 56832K->1328K(57344K)] 345046K->289542K(731136K), 0.0029400 secs] [Times: user=0.01 sys=0.00, real=0.00 secs] 
1959.649: [GC (Allocation Failure) [PSYoungGen: 56624K->1376K(57344K)] 344838K->289590K(731136K), 0.0026281 secs] [Times: user=0.01 sys=0.00, real=0.00 secs] 
1960.169: [GC (Allocation Failure) [PSYoungGen: 56672K->1408K(57856K)] 344886K->289622K(731648K), 0.0026453 secs] [Times: user=0.01 sys=0.00, real=0.01 secs] 
1960.627: [GC (Allocation Failure) [PSYoungGen: 56704K->1376K(57856K)] 344918K->289590K(731648K), 0.0028204 secs] [Times: user=0.01 sys=0.00, real=0.01 secs] 
1961.182: [GC (Allocation Failure) [PSYoungGen: 56672K->1376K(57856K)] 344886K->289590K(731648K), 0.0025159 secs] [Times: user=0.01 sys=0.00, real=0.00 secs] 
1963.200: [GC (Allocation Failure) [PSYoungGen: 56672K->1408K(57856K)] 344886K->289638K(731648K), 0.0032563 secs] [Times: user=0.01 sys=0.00, real=0.00 secs] 
1963.993: [GC (Allocation Failure) [PSYoungGen: 56704K->1344K(56832K)] 344934K->289574K(730624K), 0.0033110 secs] [Times: user=0.01 sys=0.00, real=0.00 secs] 
1964.556: [GC (Allocation Failure) [PSYoungGen: 56640K->1344K(57344K)] 344870K->289574K(731136K), 0.0029293 secs] [Times: user=0.01 sys=0.00, real=0.00 secs] 
1965.034: [GC (Allocation Failure) [PSYoungGen: 56640K->1376K(57344K)] 344870K->289606K(731136K), 0.0032070 secs] [Times: user=0.01 sys=0.00, real=0.00 secs] 
1965.476: [GC (Allocation Failure) [PSYoungGen: 56672K->1408K(57344K)] 344902K->289638K(731136K), 0.0023514 secs] [Times: user=0.01 sys=0.00, real=0.00 secs] 
1966.905: [GC (Allocation Failure) [PSYoungGen: 56704K->1440K(57344K)] 344934K->289670K(731136K), 0.0026132 secs] [Times: user=0.01 sys=0.00, real=0.00 secs] 
1967.618: [GC (Allocation Failure) [PSYoungGen: 56736K->1408K(57344K)] 344966K->289638K(731136K), 0.0037856 secs] [Times: user=0.02 sys=0.00, real=0.01 secs] 
1968.386: [GC (Allocation Failure) [PSYoungGen: 56704K->1344K(57344K)] 344934K->289574K(731136K), 0.0036227 secs] [Times: user=0.02 sys=0.00, real=0.01 secs] 
1969.217: [GC (Allocation Failure) [PSYoungGen: 56640K->1312K(57344K)] 344870K->289542K(731136K), 0.0030052 secs] [Times: user=0.01 sys=0.00, real=0.01 secs] 
1969.704: [GC (Allocation Failure) [PSYoungGen: 56608K->1344K(57344K)] 344838K->289574K(731136K), 0.0025626 secs] [Times: user=0.01 sys=0.00, real=0.00 secs] 
1970.919: [GC (Allocation Failure) [PSYoungGen: 56640K->1408K(57344K)] 344870K->289638K(731136K), 0.0028235 secs] [Times: user=0.01 sys=0.00, real=0.00 secs] 
1971.424: [GC (Allocation Failure) [PSYoungGen: 56704K->1376K(57344K)] 344934K->289606K(731136K), 0.0025758 secs] [Times: user=0.00 sys=0.00, real=0.00 secs] 
1971.772: [GC (Allocation Failure) [PSYoungGen: 56672K->1376K(57344K)] 344902K->289606K(731136K), 0.0018446 secs] [Times: user=0.01 sys=0.00, real=0.00 secs] 
1972.022: [GC (Allocation Failure) [PSYoungGen: 56672K->1344K(57344K)] 344902K->289574K(731136K), 0.0018331 secs] [Times: user=0.01 sys=0.00, real=0.00 secs] 
1972.277: [GC (Allocation Failure) [PSYoungGen: 56640K->1376K(57344K)] 344870K->289606K(731136K), 0.0018444 secs] [Times: user=0.01 sys=0.00, real=0.01 secs] 
1973.483: [GC (Allocation Failure) [PSYoungGen: 56672K->1408K(57344K)] 344902K->289638K(731136K), 0.0018309 secs] [Times: user=0.01 sys=0.00, real=0.00 secs] 
1974.075: [GC (Allocation Failure) [PSYoungGen: 56704K->1376K(57344K)] 344934K->289614K(731136K), 0.0026440 secs] [Times: user=0.01 sys=0.00, real=0.00 secs] 
1974.307: [GC (Allocation Failure) [PSYoungGen: 56672K->1344K(57344K)] 344910K->289582K(731136K), 0.0020477 secs] [Times: user=0.01 sys=0.00, real=0.01 secs] 
1974.532: [GC (Allocation Failure) [PSYoungGen: 56640K->1376K(57344K)] 344878K->289614K(731136K), 0.0018270 secs] [Times: user=0.01 sys=0.00, real=0.00 secs] 
1974.764: [GC (Allocation Failure) [PSYoungGen: 56672K->1408K(57344K)] 344910K->289646K(731136K), 0.0018381 secs] [Times: user=0.01 sys=0.00, real=0.00 secs] 
1976.140: [GC (Allocation Failure) [PSYoungGen: 56704K->1344K(57344K)] 344942K->289582K(731136K), 0.0034271 secs] [Times: user=0.01 sys=0.00, real=0.00 secs] 
1976.736: [GC (Allocation Failure) [PSYoungGen: 56640K->1376K(57344K)] 344878K->289614K(731136K), 0.0040944 secs] [Times: user=0.01 sys=0.01, real=0.01 secs] 
1977.390: [GC (Allocation Failure) [PSYoungGen: 56672K->1376K(57344K)] 344910K->289614K(731136K), 0.0028199 secs] [Times: user=0.01 sys=0.00, real=0.00 secs] 
1978.126: [GC (Allocation Failure) [PSYoungGen: 56672K->1344K(57344K)] 344910K->289582K(731136K), 0.0029931 secs] [Times: user=0.01 sys=0.00, real=0.00 secs] 
1978.862: [GC (Allocation Failure) [PSYoungGen: 56640K->1408K(57344K)] 344878K->289646K(731136K), 0.0025740 secs] [Times: user=0.01 sys=0.00, real=0.00 secs] 
1980.139: [GC (Allocation Failure) [PSYoungGen: 56704K->1376K(56832K)] 344942K->289614K(730624K), 0.0017745 secs] [Times: user=0.00 sys=0.00, real=0.00 secs] 
1980.641: [GC (Allocation Failure) [PSYoungGen: 56672K->1312K(56832K)] 344910K->289550K(730624K), 0.0017097 secs] [Times: user=0.00 sys=0.00, real=0.00 secs] 
1981.129: [GC (Allocation Failure) [PSYoungGen: 56608K->320K(56320K)] 344846K->289582K(730112K), 0.0021239 secs] [Times: user=0.01 sys=0.00, real=0.00 secs] 
1981.451: [GC (Allocation Failure) [PSYoungGen: 55616K->288K(57344K)] 344878K->289550K(731136K), 0.0018748 secs] [Times: user=0.01 sys=0.00, real=0.00 secs] 
1981.681: [GC (Allocation Failure) [PSYoungGen: 55584K->352K(57344K)] 344846K->289614K(731136K), 0.0019345 secs] [Times: user=0.01 sys=0.00, real=0.00 secs] 
1982.941: [GC (Allocation Failure) [PSYoungGen: 55648K->1408K(57344K)] 344910K->290678K(731136K), 0.0023358 secs] [Times: user=0.01 sys=0.00, real=0.00 secs] 
1983.613: [GC (Allocation Failure) [PSYoungGen: 56704K->1376K(57344K)] 345974K->290670K(731136K), 0.0026355 secs] [Times: user=0.01 sys=0.00, real=0.00 secs] 
1983.874: [GC (Allocation Failure) [PSYoungGen: 56672K->1376K(57344K)] 345966K->290678K(731136K), 0.0018016 secs] [Times: user=0.01 sys=0.00, real=0.00 secs] 
1984.132: [GC (Allocation Failure) [PSYoungGen: 56672K->1344K(57344K)] 345974K->290646K(731136K), 0.0022149 secs] [Times: user=0.00 sys=0.00, real=0.00 secs] 
1984.392: [GC (Allocation Failure) [PSYoungGen: 56640K->1408K(57344K)] 345942K->290710K(731136K), 0.0020866 secs] [Times: user=0.01 sys=0.00, real=0.00 secs] 
1985.375: [GC (Allocation Failure) [PSYoungGen: 56704K->1408K(57344K)] 346006K->290710K(731136K), 0.0017220 secs] [Times: user=0.01 sys=0.00, real=0.00 secs] 
1985.605: [GC (Allocation Failure) [PSYoungGen: 56704K->1408K(57344K)] 346006K->290710K(731136K), 0.0016602 secs] [Times: user=0.01 sys=0.00, real=0.00 secs] 
1985.835: [GC (Allocation Failure) [PSYoungGen: 56704K->1344K(57344K)] 346006K->290646K(731136K), 0.0016601 secs] [Times: user=0.01 sys=0.00, real=0.00 secs] 
1986.065: [GC (Allocation Failure) [PSYoungGen: 56640K->1408K(57344K)] 345942K->290710K(731136K), 0.0017431 secs] [Times: user=0.01 sys=0.00, real=0.00 secs] 
1986.294: [GC (Allocation Failure) [PSYoungGen: 56704K->1376K(57344K)] 346006K->290678K(731136K), 0.0017143 secs] [Times: user=0.01 sys=0.00, real=0.00 secs] 
1987.198: [GC (Allocation Failure) [PSYoungGen: 56672K->1696K(57344K)] 345974K->290998K(731136K), 0.0015380 secs] [Times: user=0.01 sys=0.00, real=0.01 secs] 
1987.425: [GC (Allocation Failure) [PSYoungGen: 56992K->1440K(57344K)] 346294K->290742K(731136K), 0.0016055 secs] [Times: user=0.00 sys=0.00, real=0.00 secs] 
1987.654: [GC (Allocation Failure) [PSYoungGen: 56736K->1408K(57344K)] 346038K->290710K(731136K), 0.0014017 secs] [Times: user=0.00 sys=0.00, real=0.00 secs] 
1987.903: [GC (Allocation Failure) [PSYoungGen: 56704K->1376K(57344K)] 346006K->290678K(731136K), 0.0013839 secs] [Times: user=0.01 sys=0.00, real=0.00 secs] 
1988.208: [GC (Allocation Failure) [PSYoungGen: 56672K->1440K(57344K)] 345974K->290742K(731136K), 0.0024228 secs] [Times: user=0.01 sys=0.00, real=0.01 secs] 
1988.473: [GC (Allocation Failure) [PSYoungGen: 56731K->320K(57344K)] 346034K->289622K(731136K), 0.0025338 secs] [Times: user=0.01 sys=0.00, real=0.00 secs] 
1989.806: [GC (Allocation Failure) [PSYoungGen: 55616K->1408K(57344K)] 344918K->290710K(731136K), 0.0020579 secs] [Times: user=0.01 sys=0.00, real=0.00 secs] 
1990.415: [GC (Allocation Failure) [PSYoungGen: 56704K->1360K(57344K)] 346006K->290686K(731136K), 0.0026779 secs] [Times: user=0.01 sys=0.00, real=0.00 secs] 
1990.852: [GC (Allocation Failure) [PSYoungGen: 56656K->1408K(57344K)] 345982K->290734K(731136K), 0.0022096 secs] [Times: user=0.01 sys=0.00, real=0.00 secs] 
1991.232: [GC (Allocation Failure) [PSYoungGen: 56704K->1376K(57344K)] 346030K->290702K(731136K), 0.0021321 secs] [Times: user=0.01 sys=0.00, real=0.00 secs] 
1991.876: [GC (Allocation Failure) [PSYoungGen: 56672K->1376K(57344K)] 345998K->290710K(731136K), 0.0022175 secs] [Times: user=0.01 sys=0.00, real=0.00 secs] 
1993.667: [GC (Allocation Failure) [PSYoungGen: 56672K->1424K(57344K)] 346006K->290758K(731136K), 0.0029785 secs] [Times: user=0.01 sys=0.00, real=0.01 secs] 
1994.084: [GC (Allocation Failure) [PSYoungGen: 56720K->1360K(57344K)] 346054K->290694K(731136K), 0.0022765 secs] [Times: user=0.01 sys=0.01, real=0.00 secs] 
1994.497: [GC (Allocation Failure) [PSYoungGen: 56656K->1376K(57344K)] 345990K->290710K(731136K), 0.0020084 secs] [Times: user=0.01 sys=0.00, real=0.00 secs] 
1994.954: [GC (Allocation Failure) [PSYoungGen: 56672K->1376K(57344K)] 346006K->290710K(731136K), 0.0019113 secs] [Times: user=0.00 sys=0.00, real=0.00 secs] 
1995.675: [GC (Allocation Failure) [PSYoungGen: 56672K->1376K(57344K)] 346006K->290710K(731136K), 0.0025031 secs] [Times: user=0.01 sys=0.00, real=0.00 secs] 
1996.784: [GC (Allocation Failure) [PSYoungGen: 56672K->1392K(57344K)] 346006K->290726K(731136K), 0.0017904 secs] [Times: user=0.00 sys=0.00, real=0.00 secs] 
1997.014: [GC (Allocation Failure) [PSYoungGen: 56688K->1344K(57344K)] 346022K->290678K(731136K), 0.0017304 secs] [Times: user=0.00 sys=0.00, real=0.00 secs] 
1997.244: [GC (Allocation Failure) [PSYoungGen: 56640K->1376K(57344K)] 345974K->290710K(731136K), 0.0017265 secs] [Times: user=0.01 sys=0.00, real=0.00 secs] 
1997.473: [GC (Allocation Failure) [PSYoungGen: 56672K->1360K(57344K)] 346006K->290694K(731136K), 0.0016618 secs] [Times: user=0.01 sys=0.00, real=0.00 secs] 
1997.703: [GC (Allocation Failure) [PSYoungGen: 56656K->1408K(57344K)] 345990K->290742K(731136K), 0.0016561 secs] [Times: user=0.01 sys=0.00, real=0.00 secs] 
1998.808: [GC (Allocation Failure) [PSYoungGen: 56704K->1408K(57344K)] 346038K->290742K(731136K), 0.0017629 secs] [Times: user=0.01 sys=0.00, real=0.01 secs] 
1999.406: [GC (Allocation Failure) [PSYoungGen: 56704K->1376K(57344K)] 346038K->290710K(731136K), 0.0032622 secs] [Times: user=0.01 sys=0.00, real=0.01 secs] 
2000.034: [GC (Allocation Failure) [PSYoungGen: 56672K->1376K(57344K)] 346006K->290710K(731136K), 0.0020628 secs] [Times: user=0.01 sys=0.00, real=0.00 secs] 
2000.661: [GC (Allocation Failure) [PSYoungGen: 56672K->1408K(57344K)] 346006K->290742K(731136K), 0.0018820 secs] [Times: user=0.01 sys=0.00, real=0.00 secs] 
2001.331: [GC (Allocation Failure) [PSYoungGen: 56704K->1376K(57344K)] 346038K->290710K(731136K), 0.0024750 secs] [Times: user=0.01 sys=0.00, real=0.00 secs] 
2002.649: [GC (Allocation Failure) [PSYoungGen: 56672K->1376K(57344K)] 346006K->290710K(731136K), 0.0017987 secs] [Times: user=0.01 sys=0.00, real=0.01 secs] 
2003.256: [GC (Allocation Failure) [PSYoungGen: 56672K->1408K(57344K)] 346006K->290758K(731136K), 0.0022236 secs] [Times: user=0.01 sys=0.00, real=0.00 secs] 
2003.864: [GC (Allocation Failure) [PSYoungGen: 56704K->1344K(56832K)] 346054K->290694K(730624K), 0.0027656 secs] [Times: user=0.01 sys=0.00, real=0.00 secs] 
2004.756: [GC (Allocation Failure) [PSYoungGen: 56640K->1344K(56832K)] 345990K->290694K(730624K), 0.0034382 secs] [Times: user=0.01 sys=0.00, real=0.01 secs] 
2005.669: [GC (Allocation Failure) [PSYoungGen: 56640K->1392K(56832K)] 345990K->290742K(730624K), 0.0036518 secs] [Times: user=0.01 sys=0.00, real=0.00 secs] 
2007.081: [GC (Allocation Failure) [PSYoungGen: 56688K->1408K(56832K)] 346038K->290766K(730624K), 0.0015385 secs] [Times: user=0.01 sys=0.00, real=0.00 secs] 
2007.598: [GC (Allocation Failure) [PSYoungGen: 56704K->1408K(56832K)] 346062K->290766K(730624K), 0.0037033 secs] [Times: user=0.02 sys=0.00, real=0.01 secs] 
2008.035: [GC (Allocation Failure) [PSYoungGen: 56704K->1376K(56832K)] 346062K->290734K(730624K), 0.0032014 secs] [Times: user=0.02 sys=0.00, real=0.00 secs] 
2008.435: [GC (Allocation Failure) [PSYoungGen: 56672K->1328K(56832K)] 346030K->290686K(730624K), 0.0024502 secs] [Times: user=0.01 sys=0.00, real=0.00 secs] 
2008.834: [GC (Allocation Failure) [PSYoungGen: 56624K->1408K(56832K)] 345982K->290766K(730624K), 0.0024987 secs] [Times: user=0.01 sys=0.00, real=0.00 secs] 
2009.917: [GC (Allocation Failure) [PSYoungGen: 56704K->1376K(56832K)] 346062K->290734K(730624K), 0.0016571 secs] [Times: user=0.01 sys=0.00, real=0.01 secs] 
2010.146: [GC (Allocation Failure) [PSYoungGen: 56672K->1376K(56832K)] 346030K->290734K(730624K), 0.0015973 secs] [Times: user=0.01 sys=0.00, real=0.00 secs] 
2010.375: [GC (Allocation Failure) [PSYoungGen: 56672K->1344K(56832K)] 346030K->290702K(730624K), 0.0016411 secs] [Times: user=0.01 sys=0.00, real=0.00 secs] 
2010.604: [GC (Allocation Failure) [PSYoungGen: 56640K->1376K(56832K)] 345998K->290734K(730624K), 0.0016156 secs] [Times: user=0.01 sys=0.00, real=0.00 secs] 
2010.833: [GC (Allocation Failure) [PSYoungGen: 56672K->1344K(56832K)] 346030K->290702K(730624K), 0.0015742 secs] [Times: user=0.01 sys=0.00, real=0.00 secs] 
2011.905: [GC (Allocation Failure) [PSYoungGen: 56640K->1408K(56832K)] 345998K->290766K(730624K), 0.0017272 secs] [Times: user=0.00 sys=0.01, real=0.00 secs] 
2012.479: [GC (Allocation Failure) [PSYoungGen: 56704K->1440K(56832K)] 346062K->290798K(730624K), 0.0021225 secs] [Times: user=0.01 sys=0.00, real=0.00 secs] 
2013.048: [GC (Allocation Failure) [PSYoungGen: 56736K->1312K(56832K)] 346094K->290694K(730624K), 0.0019094 secs] [Times: user=0.00 sys=0.00, real=0.01 secs] 
2013.277: [GC (Allocation Failure) [PSYoungGen: 56608K->1344K(56832K)] 345990K->290726K(730624K), 0.0018020 secs] [Times: user=0.01 sys=0.00, real=0.01 secs] 
2013.547: [GC (Allocation Failure) [PSYoungGen: 56640K->1328K(56832K)] 346022K->290710K(730624K), 0.0019427 secs] [Times: user=0.00 sys=0.00, real=0.01 secs] 
2014.569: [GC (Allocation Failure) [PSYoungGen: 56624K->928K(56832K)] 346006K->291334K(730624K), 0.0018180 secs] [Times: user=0.00 sys=0.00, real=0.01 secs] 
2015.785: [GC (Allocation Failure) [PSYoungGen: 56224K->352K(56320K)] 346630K->290758K(730112K), 0.0037348 secs] [Times: user=0.01 sys=0.00, real=0.01 secs] 
2016.966: [GC (Allocation Failure) [PSYoungGen: 55136K->352K(56832K)] 345542K->290758K(730624K), 0.0035654 secs] [Times: user=0.02 sys=0.00, real=0.01 secs] 
2017.585: [GC (Allocation Failure) [PSYoungGen: 55136K->384K(56832K)] 345542K->290790K(730624K), 0.0037248 secs] [Times: user=0.01 sys=0.00, real=0.00 secs] 
2018.056: [GC (Allocation Failure) [PSYoungGen: 55168K->384K(56832K)] 345574K->290790K(730624K), 0.0024404 secs] [Times: user=0.01 sys=0.00, real=0.00 secs] 
2018.389: [GC (Allocation Failure) [PSYoungGen: 55162K->320K(56832K)] 345569K->290726K(730624K), 0.0022158 secs] [Times: user=0.01 sys=0.00, real=0.00 secs] 
2019.388: [GC (Allocation Failure) [PSYoungGen: 55104K->1440K(56832K)] 345510K->291846K(730624K), 0.0026133 secs] [Times: user=0.01 sys=0.01, real=0.01 secs] 
2019.619: [GC (Allocation Failure) [PSYoungGen: 56224K->1376K(56832K)] 346630K->291782K(730624K), 0.0019892 secs] [Times: user=0.01 sys=0.00, real=0.00 secs] 
2019.847: [GC (Allocation Failure) [PSYoungGen: 56160K->1376K(56832K)] 346566K->291782K(730624K), 0.0019024 secs] [Times: user=0.00 sys=0.00, real=0.01 secs] 
2020.075: [GC (Allocation Failure) [PSYoungGen: 56160K->1344K(57344K)] 346566K->291750K(731136K), 0.0016758 secs] [Times: user=0.00 sys=0.00, real=0.00 secs] 
2020.302: [GC (Allocation Failure) [PSYoungGen: 56128K->1376K(57344K)] 346534K->291782K(731136K), 0.0017343 secs] [Times: user=0.01 sys=0.00, real=0.00 secs] 
2021.903: [GC (Allocation Failure) [PSYoungGen: 56160K->1408K(57344K)] 346566K->291814K(731136K), 0.0033078 secs] [Times: user=0.01 sys=0.00, real=0.00 secs] 
2022.473: [GC (Allocation Failure) [PSYoungGen: 56192K->1360K(57344K)] 346598K->291766K(731136K), 0.0032556 secs] [Times: user=0.01 sys=0.01, real=0.00 secs] 
2023.022: [GC (Allocation Failure) [PSYoungGen: 56144K->1344K(57344K)] 346550K->291750K(731136K), 0.0024477 secs] [Times: user=0.01 sys=0.00, real=0.00 secs] 
2023.688: [GC (Allocation Failure) [PSYoungGen: 56128K->1344K(56320K)] 346534K->291750K(730112K), 0.0032961 secs] [Times: user=0.01 sys=0.00, real=0.01 secs] 
2024.270: [GC (Allocation Failure) [PSYoungGen: 56128K->1376K(56832K)] 346534K->291790K(730624K), 0.0040322 secs] [Times: user=0.01 sys=0.00, real=0.00 secs] 
2025.401: [GC (Allocation Failure) [PSYoungGen: 56160K->1440K(56832K)] 346574K->291854K(730624K), 0.0017462 secs] [Times: user=0.01 sys=0.00, real=0.00 secs] 
2025.629: [GC (Allocation Failure) [PSYoungGen: 56224K->1408K(56832K)] 346638K->291822K(730624K), 0.0017649 secs] [Times: user=0.00 sys=0.00, real=0.01 secs] 
2025.987: [GC (Allocation Failure) [PSYoungGen: 56192K->1360K(56832K)] 346606K->291774K(730624K), 0.0018979 secs] [Times: user=0.01 sys=0.00, real=0.00 secs] 
2026.328: [GC (Allocation Failure) [PSYoungGen: 56144K->1376K(56832K)] 346558K->291790K(730624K), 0.0018058 secs] [Times: user=0.00 sys=0.00, real=0.01 secs] 
2026.784: [GC (Allocation Failure) [PSYoungGen: 56160K->1344K(56832K)] 346574K->291758K(730624K), 0.0017308 secs] [Times: user=0.01 sys=0.00, real=0.00 secs] 
2027.986: [GC (Allocation Failure) [PSYoungGen: 56128K->1408K(56832K)] 346542K->291822K(730624K), 0.0018520 secs] [Times: user=0.01 sys=0.00, real=0.00 secs] 
2028.499: [GC (Allocation Failure) [PSYoungGen: 56192K->1344K(56832K)] 346606K->291758K(730624K), 0.0034637 secs] [Times: user=0.02 sys=0.00, real=0.01 secs] 
2029.018: [GC (Allocation Failure) [PSYoungGen: 56128K->1344K(56832K)] 346542K->291758K(730624K), 0.0028822 secs] [Times: user=0.01 sys=0.00, real=0.01 secs] 
2029.293: [GC (Allocation Failure) [PSYoungGen: 56128K->1360K(56832K)] 346542K->291774K(730624K), 0.0018446 secs] [Times: user=0.01 sys=0.00, real=0.00 secs] 
2029.578: [GC (Allocation Failure) [PSYoungGen: 56144K->1408K(56832K)] 346558K->291822K(730624K), 0.0018010 secs] [Times: user=0.01 sys=0.00, real=0.01 secs] 
2030.820: [GC (Allocation Failure) [PSYoungGen: 56192K->1440K(56832K)] 346606K->291854K(730624K), 0.0018137 secs] [Times: user=0.01 sys=0.00, real=0.00 secs] 
2031.343: [GC (Allocation Failure) [PSYoungGen: 56224K->1344K(56832K)] 346638K->291758K(730624K), 0.0018379 secs] [Times: user=0.01 sys=0.00, real=0.00 secs] 
2031.580: [GC (Allocation Failure) [PSYoungGen: 56128K->1344K(56832K)] 346542K->291758K(730624K), 0.0024180 secs] [Times: user=0.01 sys=0.00, real=0.00 secs] 
2031.816: [GC (Allocation Failure) [PSYoungGen: 56128K->1376K(56832K)] 346542K->291806K(730624K), 0.0025219 secs] [Times: user=0.01 sys=0.00, real=0.00 secs] 
2032.302: [GC (Allocation Failure) [PSYoungGen: 56160K->1376K(56832K)] 346590K->291806K(730624K), 0.0020450 secs] [Times: user=0.01 sys=0.00, real=0.00 secs] 
2033.683: [GC (Allocation Failure) [PSYoungGen: 56160K->1376K(56832K)] 346590K->291806K(730624K), 0.0017022 secs] [Times: user=0.00 sys=0.00, real=0.00 secs] 
2034.447: [GC (Allocation Failure) [PSYoungGen: 56160K->1376K(56832K)] 346590K->291806K(730624K), 0.0024795 secs] [Times: user=0.01 sys=0.00, real=0.01 secs] 
2035.135: [GC (Allocation Failure) [PSYoungGen: 56160K->1344K(56832K)] 346590K->291774K(730624K), 0.0029358 secs] [Times: user=0.01 sys=0.00, real=0.00 secs] 
2035.571: [GC (Allocation Failure) [PSYoungGen: 56128K->1360K(56832K)] 346558K->291790K(730624K), 0.0022404 secs] [Times: user=0.01 sys=0.00, real=0.00 secs] 
2035.799: [GC (Allocation Failure) [PSYoungGen: 56144K->1376K(56832K)] 346574K->291806K(730624K), 0.0019512 secs] [Times: user=0.01 sys=0.00, real=0.00 secs] 
2037.013: [GC (Allocation Failure) [PSYoungGen: 56160K->1568K(56832K)] 346590K->291998K(730624K), 0.0018951 secs] [Times: user=0.01 sys=0.00, real=0.00 secs] 
2037.651: [GC (Allocation Failure) [PSYoungGen: 56352K->1376K(56832K)] 346782K->291806K(730624K), 0.0033912 secs] [Times: user=0.01 sys=0.00, real=0.00 secs] 
2038.393: [GC (Allocation Failure) [PSYoungGen: 56160K->1344K(56832K)] 346590K->291774K(730624K), 0.0029332 secs] [Times: user=0.01 sys=0.00, real=0.00 secs] 
2039.116: [GC (Allocation Failure) [PSYoungGen: 56128K->1344K(56832K)] 346558K->291774K(730624K), 0.0037015 secs] [Times: user=0.02 sys=0.00, real=0.01 secs] 
2039.702: [GC (Allocation Failure) [PSYoungGen: 56128K->1408K(56832K)] 346558K->291838K(730624K), 0.0025194 secs] [Times: user=0.01 sys=0.00, real=0.00 secs] 
2040.077: [GC (Allocation Failure) [PSYoungGen: 56192K->1408K(56832K)] 346622K->291846K(730624K), 0.0027114 secs] [Times: user=0.01 sys=0.00, real=0.01 secs] 
2041.392: [GC (Allocation Failure) [PSYoungGen: 56192K->1408K(56832K)] 346630K->291846K(730624K), 0.0019759 secs] [Times: user=0.01 sys=0.00, real=0.00 secs] 
2041.787: [GC (Allocation Failure) [PSYoungGen: 56192K->1408K(56832K)] 346630K->291846K(730624K), 0.0027298 secs] [Times: user=0.01 sys=0.00, real=0.01 secs] 
2042.263: [GC (Allocation Failure) [PSYoungGen: 56192K->1344K(56320K)] 346630K->291782K(730112K), 0.0028449 secs] [Times: user=0.01 sys=0.00, real=0.00 secs] 
2042.763: [GC (Allocation Failure) [PSYoungGen: 56128K->1344K(56320K)] 346566K->291782K(730112K), 0.0029442 secs] [Times: user=0.01 sys=0.00, real=0.00 secs] 
2043.264: [GC (Allocation Failure) [PSYoungGen: 56128K->1408K(56320K)] 346566K->291870K(730112K), 0.0025681 secs] [Times: user=0.01 sys=0.00, real=0.00 secs] 
2044.359: [GC (Allocation Failure) [PSYoungGen: 56192K->1408K(56320K)] 346654K->291870K(730112K), 0.0025859 secs] [Times: user=0.01 sys=0.00, real=0.00 secs] 
2044.590: [GC (Allocation Failure) [PSYoungGen: 56192K->1408K(56320K)] 346654K->291870K(730112K), 0.0018132 secs] [Times: user=0.00 sys=0.00, real=0.00 secs] 
2044.818: [GC (Allocation Failure) [PSYoungGen: 56192K->1408K(56320K)] 346654K->291870K(730112K), 0.0017571 secs] [Times: user=0.01 sys=0.00, real=0.01 secs] 
2045.046: [GC (Allocation Failure) [PSYoungGen: 56192K->1376K(56320K)] 346654K->291838K(730112K), 0.0018722 secs] [Times: user=0.00 sys=0.00, real=0.00 secs] 
2045.273: [GC (Allocation Failure) [PSYoungGen: 56160K->1408K(56320K)] 346622K->291870K(730112K), 0.0018116 secs] [Times: user=0.00 sys=0.00, real=0.00 secs] 
2046.215: [GC (Allocation Failure) [PSYoungGen: 56192K->1440K(56320K)] 346654K->291902K(730112K), 0.0017696 secs] [Times: user=0.01 sys=0.00, real=0.00 secs] 
2046.443: [GC (Allocation Failure) [PSYoungGen: 56224K->1376K(56320K)] 346686K->291838K(730112K), 0.0017394 secs] [Times: user=0.01 sys=0.00, real=0.00 secs] 
2046.670: [GC (Allocation Failure) [PSYoungGen: 56160K->1344K(56320K)] 346622K->291806K(730112K), 0.0023771 secs] [Times: user=0.01 sys=0.00, real=0.00 secs] 
2046.899: [GC (Allocation Failure) [PSYoungGen: 56128K->1376K(56320K)] 346590K->291838K(730112K), 0.0018065 secs] [Times: user=0.01 sys=0.00, real=0.00 secs] 
2047.127: [GC (Allocation Failure) [PSYoungGen: 56160K->1376K(56320K)] 346622K->291838K(730112K), 0.0016630 secs] [Times: user=0.00 sys=0.00, real=0.00 secs] 
2048.009: [GC (Allocation Failure) [PSYoungGen: 56160K->1408K(56320K)] 346622K->291870K(730112K), 0.0014225 secs] [Times: user=0.01 sys=0.00, real=0.00 secs] 
2048.298: [GC (Allocation Failure) [PSYoungGen: 56192K->1392K(56320K)] 346654K->291854K(730112K), 0.0017621 secs] [Times: user=0.00 sys=0.00, real=0.01 secs] 
2048.526: [GC (Allocation Failure) [PSYoungGen: 56176K->1376K(56320K)] 346638K->291838K(730112K), 0.0016704 secs] [Times: user=0.00 sys=0.01, real=0.00 secs] 
2048.753: [GC (Allocation Failure) [PSYoungGen: 56160K->1408K(56320K)] 346622K->291870K(730112K), 0.0016399 secs] [Times: user=0.01 sys=0.00, real=0.00 secs] 
2049.110: [GC (Allocation Failure) [PSYoungGen: 56192K->1360K(56320K)] 346654K->291822K(730112K), 0.0018079 secs] [Times: user=0.00 sys=0.00, real=0.00 secs] 
2050.268: [GC (Allocation Failure) [PSYoungGen: 56144K->1376K(56320K)] 346606K->291862K(730112K), 0.0018148 secs] [Times: user=0.01 sys=0.00, real=0.01 secs] 
2050.795: [GC (Allocation Failure) [PSYoungGen: 56160K->1376K(56320K)] 346646K->291862K(730112K), 0.0037237 secs] [Times: user=0.01 sys=0.00, real=0.00 secs] 
2051.257: [GC (Allocation Failure) [PSYoungGen: 56160K->1376K(56320K)] 346646K->291862K(730112K), 0.0024681 secs] [Times: user=0.01 sys=0.00, real=0.01 secs] 
2051.476: [GC (Allocation Failure) [PSYoungGen: 56160K->1344K(56320K)] 346646K->291830K(730112K), 0.0017689 secs] [Times: user=0.01 sys=0.00, real=0.00 secs] 
2051.705: [GC (Allocation Failure) [PSYoungGen: 56128K->1344K(56320K)] 346614K->291830K(730112K), 0.0018725 secs] [Times: user=0.01 sys=0.00, real=0.00 secs] 
2052.675: [GC (Allocation Failure) [PSYoungGen: 56128K->864K(56320K)] 346614K->292374K(730112K), 0.0016774 secs] [Times: user=0.01 sys=0.00, real=0.00 secs] 
2053.169: [GC (Allocation Failure) [PSYoungGen: 55648K->352K(56320K)] 347158K->291862K(730112K), 0.0017415 secs] [Times: user=0.01 sys=0.00, real=0.00 secs] 
2053.665: [GC (Allocation Failure) [PSYoungGen: 55136K->304K(56832K)] 346646K->291814K(730624K), 0.0017694 secs] [Times: user=0.00 sys=0.00, real=0.00 secs] 
2053.943: [GC (Allocation Failure) [PSYoungGen: 55088K->352K(56832K)] 346598K->291862K(730624K), 0.0017270 secs] [Times: user=0.00 sys=0.00, real=0.00 secs] 
2054.204: [GC (Allocation Failure) [PSYoungGen: 55136K->336K(56832K)] 346646K->291846K(730624K), 0.0018843 secs] [Times: user=0.01 sys=0.01, real=0.00 secs] 
2055.155: [GC (Allocation Failure) [PSYoungGen: 55120K->224K(56832K)] 346630K->291742K(730624K), 0.0014816 secs] [Times: user=0.01 sys=0.00, real=0.00 secs] 
2055.771: [GC (Allocation Failure) [PSYoungGen: 55008K->1376K(56832K)] 346526K->292894K(730624K), 0.0027086 secs] [Times: user=0.01 sys=0.00, real=0.00 secs] 
2056.275: [GC (Allocation Failure) [PSYoungGen: 56160K->1376K(56832K)] 347678K->292894K(730624K), 0.0037877 secs] [Times: user=0.01 sys=0.00, real=0.00 secs] 
2056.570: [GC (Allocation Failure) [PSYoungGen: 56160K->1408K(57344K)] 347678K->292926K(731136K), 0.0019016 secs] [Times: user=0.01 sys=0.00, real=0.00 secs] 
2056.830: [GC (Allocation Failure) [PSYoungGen: 56192K->1376K(57344K)] 347710K->292902K(731136K), 0.0018070 secs] [Times: user=0.01 sys=0.00, real=0.00 secs] 
2057.066: [GC (Allocation Failure) [PSYoungGen: 56160K->1376K(57344K)] 347686K->292902K(731136K), 0.0018519 secs] [Times: user=0.01 sys=0.00, real=0.00 secs] 
2058.090: [GC (Allocation Failure) [PSYoungGen: 56160K->1408K(57344K)] 347686K->292934K(731136K), 0.0017083 secs] [Times: user=0.01 sys=0.00, real=0.00 secs] 
2058.318: [GC (Allocation Failure) [PSYoungGen: 56192K->1376K(57344K)] 347718K->292902K(731136K), 0.0017057 secs] [Times: user=0.00 sys=0.00, real=0.01 secs] 
2058.572: [GC (Allocation Failure) [PSYoungGen: 56160K->1408K(57344K)] 347686K->292934K(731136K), 0.0017304 secs] [Times: user=0.01 sys=0.00, real=0.00 secs] 
2058.800: [GC (Allocation Failure) [PSYoungGen: 56192K->1376K(57344K)] 347718K->292902K(731136K), 0.0016485 secs] [Times: user=0.00 sys=0.00, real=0.00 secs] 
2059.027: [GC (Allocation Failure) [PSYoungGen: 56160K->1360K(57344K)] 347686K->292886K(731136K), 0.0017673 secs] [Times: user=0.01 sys=0.00, real=0.00 secs] 
2060.623: [GC (Allocation Failure) [PSYoungGen: 56144K->1408K(57344K)] 347670K->292934K(731136K), 0.0026275 secs] [Times: user=0.01 sys=0.00, real=0.00 secs] 
2060.860: [GC (Allocation Failure) [PSYoungGen: 56192K->1376K(56320K)] 347718K->292902K(730112K), 0.0024362 secs] [Times: user=0.01 sys=0.00, real=0.00 secs] 
2061.102: [GC (Allocation Failure) [PSYoungGen: 56160K->1360K(56832K)] 347686K->292910K(730624K), 0.0019556 secs] [Times: user=0.01 sys=0.01, real=0.00 secs] 
2061.499: [GC (Allocation Failure) [PSYoungGen: 56144K->1312K(56832K)] 347694K->292862K(730624K), 0.0017861 secs] [Times: user=0.01 sys=0.00, real=0.00 secs] 
2062.076: [GC (Allocation Failure) [PSYoungGen: 56096K->1408K(56832K)] 347646K->292958K(730624K), 0.0026148 secs] [Times: user=0.01 sys=0.00, real=0.00 secs] 
2063.241: [GC (Allocation Failure) [PSYoungGen: 56192K->1408K(56832K)] 347742K->292958K(730624K), 0.0017958 secs] [Times: user=0.01 sys=0.01, real=0.00 secs] 
2063.476: [GC (Allocation Failure) [PSYoungGen: 56192K->1344K(56832K)] 347742K->292894K(730624K), 0.0016889 secs] [Times: user=0.01 sys=0.00, real=0.00 secs] 
2063.703: [GC (Allocation Failure) [PSYoungGen: 56128K->1376K(56832K)] 347678K->292926K(730624K), 0.0016173 secs] [Times: user=0.00 sys=0.00, real=0.00 secs] 
2063.973: [GC (Allocation Failure) [PSYoungGen: 56160K->1344K(56832K)] 347710K->292894K(730624K), 0.0019009 secs] [Times: user=0.00 sys=0.00, real=0.00 secs] 
2064.201: [GC (Allocation Failure) [PSYoungGen: 56128K->1376K(56832K)] 347678K->292926K(730624K), 0.0019158 secs] [Times: user=0.00 sys=0.00, real=0.00 secs] 
2065.125: [GC (Allocation Failure) [PSYoungGen: 56160K->1440K(56832K)] 347710K->292990K(730624K), 0.0014794 secs] [Times: user=0.00 sys=0.00, real=0.00 secs] 
2065.353: [GC (Allocation Failure) [PSYoungGen: 56224K->1344K(56832K)] 347774K->292894K(730624K), 0.0014469 secs] [Times: user=0.01 sys=0.00, real=0.00 secs] 
2065.746: [GC (Allocation Failure) [PSYoungGen: 56128K->1376K(56832K)] 347678K->292926K(730624K), 0.0016706 secs] [Times: user=0.00 sys=0.00, real=0.00 secs] 
2066.553: [GC (Allocation Failure) [PSYoungGen: 56160K->1408K(56832K)] 347710K->292958K(730624K), 0.0032168 secs] [Times: user=0.01 sys=0.00, real=0.00 secs] 
2067.308: [GC (Allocation Failure) [PSYoungGen: 56192K->1440K(56832K)] 347742K->292990K(730624K), 0.0031639 secs] [Times: user=0.01 sys=0.00, real=0.01 secs] 
2069.240: [GC (Allocation Failure) [PSYoungGen: 56224K->1408K(56832K)] 347774K->292958K(730624K), 0.0023234 secs] [Times: user=0.01 sys=0.00, real=0.00 secs] 
2069.588: [GC (Allocation Failure) [PSYoungGen: 56192K->1376K(56832K)] 347742K->292926K(730624K), 0.0018403 secs] [Times: user=0.01 sys=0.00, real=0.01 secs] 
2069.815: [GC (Allocation Failure) [PSYoungGen: 56160K->1344K(56832K)] 347710K->292894K(730624K), 0.0017360 secs] [Times: user=0.00 sys=0.00, real=0.00 secs] 
2070.045: [GC (Allocation Failure) [PSYoungGen: 56128K->1360K(56832K)] 347678K->292910K(730624K), 0.0018748 secs] [Times: user=0.01 sys=0.00, real=0.00 secs] 
2070.344: [GC (Allocation Failure) [PSYoungGen: 56144K->1376K(56832K)] 347694K->292926K(730624K), 0.0016442 secs] [Times: user=0.01 sys=0.00, real=0.00 secs] 
2071.962: [GC (Allocation Failure) [PSYoungGen: 56160K->1664K(56832K)] 347710K->293214K(730624K), 0.0022983 secs] [Times: user=0.01 sys=0.00, real=0.00 secs] 
2072.995: [GC (Allocation Failure) [PSYoungGen: 56448K->1344K(56832K)] 347998K->292894K(730624K), 0.0028067 secs] [Times: user=0.01 sys=0.00, real=0.00 secs] 
2073.583: [GC (Allocation Failure) [PSYoungGen: 56128K->1312K(56832K)] 347678K->292878K(730624K), 0.0026164 secs] [Times: user=0.01 sys=0.00, real=0.00 secs] 
2074.057: [GC (Allocation Failure) [PSYoungGen: 56096K->1344K(56832K)] 347662K->292910K(730624K), 0.0024881 secs] [Times: user=0.01 sys=0.00, real=0.01 secs] 
2074.578: [GC (Allocation Failure) [PSYoungGen: 56128K->1376K(56832K)] 347694K->292942K(730624K), 0.0024674 secs] [Times: user=0.01 sys=0.00, real=0.01 secs] 
2075.167: [GC (Allocation Failure) [PSYoungGen: 56160K->1376K(56832K)] 347726K->292950K(730624K), 0.0075273 secs] [Times: user=0.03 sys=0.00, real=0.01 secs] 
2076.346: [GC (Allocation Failure) [PSYoungGen: 56160K->1440K(56832K)] 347734K->293022K(730624K), 0.0025926 secs] [Times: user=0.01 sys=0.00, real=0.00 secs] 
2076.783: [GC (Allocation Failure) [PSYoungGen: 56224K->1440K(56832K)] 347806K->293022K(730624K), 0.0024961 secs] [Times: user=0.01 sys=0.00, real=0.00 secs] 
2077.319: [GC (Allocation Failure) [PSYoungGen: 56224K->1408K(56832K)] 347806K->292990K(730624K), 0.0025387 secs] [Times: user=0.01 sys=0.00, real=0.01 secs] 
2077.946: [GC (Allocation Failure) [PSYoungGen: 56192K->1376K(56832K)] 347774K->292958K(730624K), 0.0048298 secs] [Times: user=0.02 sys=0.00, real=0.01 secs] 
2078.584: [GC (Allocation Failure) [PSYoungGen: 56160K->1408K(56832K)] 347742K->292990K(730624K), 0.0024856 secs] [Times: user=0.01 sys=0.00, real=0.00 secs] 
2080.062: [GC (Allocation Failure) [PSYoungGen: 56192K->1408K(56320K)] 347774K->292990K(730112K), 0.0021040 secs] [Times: user=0.00 sys=0.00, real=0.00 secs] 
2080.679: [GC (Allocation Failure) [PSYoungGen: 56192K->1408K(56320K)] 347774K->292990K(730112K), 0.0024491 secs] [Times: user=0.01 sys=0.00, real=0.00 secs] 
2081.133: [GC (Allocation Failure) [PSYoungGen: 56192K->1408K(56320K)] 347774K->292990K(730112K), 0.0022710 secs] [Times: user=0.01 sys=0.00, real=0.00 secs] 
2081.656: [GC (Allocation Failure) [PSYoungGen: 56192K->1344K(56320K)] 347774K->292926K(730112K), 0.0022519 secs] [Times: user=0.01 sys=0.00, real=0.00 secs] 
2082.250: [GC (Allocation Failure) [PSYoungGen: 56128K->1376K(56320K)] 347710K->292958K(730112K), 0.0024525 secs] [Times: user=0.01 sys=0.00, real=0.00 secs] 
2083.446: [GC (Allocation Failure) [PSYoungGen: 56160K->1408K(56320K)] 347742K->292990K(730112K), 0.0016287 secs] [Times: user=0.01 sys=0.01, real=0.00 secs] 
2083.669: [GC (Allocation Failure) [PSYoungGen: 56192K->1376K(56320K)] 347774K->292958K(730112K), 0.0016176 secs] [Times: user=0.01 sys=0.00, real=0.00 secs] 
2083.896: [GC (Allocation Failure) [PSYoungGen: 56160K->1360K(56320K)] 347742K->292950K(730112K), 0.0015911 secs] [Times: user=0.01 sys=0.00, real=0.00 secs] 
2084.123: [GC (Allocation Failure) [PSYoungGen: 56144K->1408K(56320K)] 347734K->292998K(730112K), 0.0015945 secs] [Times: user=0.01 sys=0.00, real=0.00 secs] 
2084.350: [GC (Allocation Failure) [PSYoungGen: 56192K->1408K(56320K)] 347782K->292998K(730112K), 0.0015928 secs] [Times: user=0.01 sys=0.00, real=0.00 secs] 
2085.622: [GC (Allocation Failure) [PSYoungGen: 56192K->1472K(56320K)] 347782K->293070K(730112K), 0.0024976 secs] [Times: user=0.01 sys=0.00, real=0.00 secs] 
2085.993: [GC (Allocation Failure) [PSYoungGen: 56256K->1408K(56320K)] 347854K->293006K(730112K), 0.0020809 secs] [Times: user=0.01 sys=0.00, real=0.00 secs] 
2086.327: [GC (Allocation Failure) [PSYoungGen: 56192K->1376K(56320K)] 347790K->292974K(730112K), 0.0028280 secs] [Times: user=0.01 sys=0.00, real=0.01 secs] 
2086.822: [GC (Allocation Failure) [PSYoungGen: 56160K->1376K(56320K)] 347758K->292974K(730112K), 0.0030288 secs] [Times: user=0.01 sys=0.00, real=0.00 secs] 
2087.297: [GC (Allocation Failure) [PSYoungGen: 56160K->1408K(56320K)] 347758K->293006K(730112K), 0.0025598 secs] [Times: user=0.01 sys=0.00, real=0.01 secs] 
2088.595: [GC (Allocation Failure) [PSYoungGen: 56192K->1440K(56320K)] 347790K->293038K(730112K), 0.0018308 secs] [Times: user=0.01 sys=0.00, real=0.00 secs] 
2088.844: [GC (Allocation Failure) [PSYoungGen: 56224K->1408K(56320K)] 347822K->293006K(730112K), 0.0019585 secs] [Times: user=0.01 sys=0.00, real=0.00 secs] 
2089.072: [GC (Allocation Failure) [PSYoungGen: 56192K->1408K(56320K)] 347790K->293006K(730112K), 0.0019513 secs] [Times: user=0.01 sys=0.01, real=0.00 secs] 
2089.300: [GC (Allocation Failure) [PSYoungGen: 56192K->1392K(56320K)] 347790K->292990K(730112K), 0.0018263 secs] [Times: user=0.00 sys=0.00, real=0.00 secs] 
2089.687: [GC (Allocation Failure) [PSYoungGen: 56176K->1408K(56320K)] 347774K->293006K(730112K), 0.0017758 secs] [Times: user=0.00 sys=0.00, real=0.00 secs] 
2091.023: [GC (Allocation Failure) [PSYoungGen: 56192K->896K(56320K)] 347790K->293518K(730112K), 0.0017393 secs] [Times: user=0.01 sys=0.00, real=0.00 secs] 
2091.263: [GC (Allocation Failure) [PSYoungGen: 55680K->352K(56832K)] 348302K->292982K(730624K), 0.0022022 secs] [Times: user=0.01 sys=0.00, real=0.00 secs] 
2091.490: [GC (Allocation Failure) [PSYoungGen: 55136K->352K(56832K)] 347766K->292990K(730624K), 0.0018834 secs] [Times: user=0.01 sys=0.00, real=0.00 secs] 
2091.721: [GC (Allocation Failure) [PSYoungGen: 55136K->320K(56832K)] 347774K->292958K(730624K), 0.0017787 secs] [Times: user=0.01 sys=0.00, real=0.00 secs] 
2091.951: [GC (Allocation Failure) [PSYoungGen: 55104K->368K(56832K)] 347742K->293006K(730624K), 0.0018969 secs] [Times: user=0.00 sys=0.00, real=0.00 secs] 
2093.072: [GC (Allocation Failure) [PSYoungGen: 55111K->256K(56832K)] 347750K->292894K(730624K), 0.0014877 secs] [Times: user=0.01 sys=0.00, real=0.00 secs] 
2093.626: [GC (Allocation Failure) [PSYoungGen: 55040K->1376K(56832K)] 347678K->294014K(730624K), 0.0033170 secs] [Times: user=0.02 sys=0.00, real=0.01 secs] 
2094.262: [GC (Allocation Failure) [PSYoungGen: 56160K->1376K(56320K)] 348798K->294014K(730112K), 0.0028126 secs] [Times: user=0.01 sys=0.00, real=0.00 secs] 
2094.941: [GC (Allocation Failure) [PSYoungGen: 55648K->1376K(56832K)] 348286K->294014K(730624K), 0.0025524 secs] [Times: user=0.01 sys=0.00, real=0.00 secs] 
2095.608: [GC (Allocation Failure) [PSYoungGen: 55648K->1344K(56832K)] 348286K->293982K(730624K), 0.0037460 secs] [Times: user=0.01 sys=0.00, real=0.01 secs] 
2096.249: [GC (Allocation Failure) [PSYoungGen: 55616K->1376K(56832K)] 348254K->294014K(730624K), 0.0027310 secs] [Times: user=0.01 sys=0.00, real=0.01 secs] 
2097.299: [GC (Allocation Failure) [PSYoungGen: 55648K->1440K(56832K)] 348286K->294078K(730624K), 0.0016453 secs] [Times: user=0.01 sys=0.00, real=0.00 secs] 
2097.563: [GC (Allocation Failure) [PSYoungGen: 55712K->1408K(56832K)] 348350K->294046K(730624K), 0.0016333 secs] [Times: user=0.01 sys=0.00, real=0.00 secs] 
2098.011: [GC (Allocation Failure) [PSYoungGen: 55680K->1392K(56832K)] 348318K->294030K(730624K), 0.0017706 secs] [Times: user=0.01 sys=0.00, real=0.00 secs] 
2098.652: [GC (Allocation Failure) [PSYoungGen: 55664K->1376K(56832K)] 348302K->294014K(730624K), 0.0017753 secs] [Times: user=0.00 sys=0.00, real=0.00 secs] 
2099.267: [GC (Allocation Failure) [PSYoungGen: 55648K->1408K(56832K)] 348286K->294054K(730624K), 0.0018227 secs] [Times: user=0.01 sys=0.00, real=0.00 secs] 
2100.790: [GC (Allocation Failure) [PSYoungGen: 55680K->1472K(56832K)] 348326K->294118K(730624K), 0.0025007 secs] [Times: user=0.01 sys=0.00, real=0.00 secs] 
2101.012: [GC (Allocation Failure) [PSYoungGen: 55744K->1376K(55808K)] 348390K->294022K(729600K), 0.0019621 secs] [Times: user=0.01 sys=0.00, real=0.00 secs] 
2101.263: [GC (Allocation Failure) [PSYoungGen: 55648K->1344K(56320K)] 348294K->293990K(730112K), 0.0019544 secs] [Times: user=0.01 sys=0.00, real=0.00 secs] 
2101.515: [GC (Allocation Failure) [PSYoungGen: 55616K->1408K(56320K)] 348262K->294054K(730112K), 0.0018391 secs] [Times: user=0.01 sys=0.00, real=0.00 secs] 
2101.973: [GC (Allocation Failure) [PSYoungGen: 55680K->1328K(56320K)] 348326K->293982K(730112K), 0.0022321 secs] [Times: user=0.01 sys=0.00, real=0.00 secs] 
2103.163: [GC (Allocation Failure) [PSYoungGen: 55600K->1408K(56320K)] 348254K->294062K(730112K), 0.0046430 secs] [Times: user=0.02 sys=0.00, real=0.00 secs] 
2103.391: [GC (Allocation Failure) [PSYoungGen: 55680K->1376K(56320K)] 348334K->294054K(730112K), 0.0017695 secs] [Times: user=0.01 sys=0.00, real=0.00 secs] 
2103.623: [GC (Allocation Failure) [PSYoungGen: 55648K->1344K(56320K)] 348326K->294022K(730112K), 0.0017165 secs] [Times: user=0.01 sys=0.00, real=0.00 secs] 
2103.848: [GC (Allocation Failure) [PSYoungGen: 55616K->1376K(56320K)] 348294K->294054K(730112K), 0.0017168 secs] [Times: user=0.00 sys=0.00, real=0.01 secs] 
2104.074: [GC (Allocation Failure) [PSYoungGen: 55648K->1376K(56320K)] 348326K->294054K(730112K), 0.0017604 secs] [Times: user=0.01 sys=0.00, real=0.00 secs] 
2105.159: [GC (Allocation Failure) [PSYoungGen: 55648K->1440K(56320K)] 348326K->294118K(730112K), 0.0020244 secs] [Times: user=0.01 sys=0.00, real=0.01 secs] 
2105.820: [GC (Allocation Failure) [PSYoungGen: 55712K->1376K(56320K)] 348390K->294054K(730112K), 0.0025105 secs] [Times: user=0.01 sys=0.00, real=0.00 secs] 
2106.613: [GC (Allocation Failure) [PSYoungGen: 55648K->1376K(56320K)] 348326K->294054K(730112K), 0.0141004 secs] [Times: user=0.06 sys=0.00, real=0.01 secs] 
2107.403: [GC (Allocation Failure) [PSYoungGen: 55648K->1376K(56320K)] 348326K->294054K(730112K), 0.0035129 secs] [Times: user=0.01 sys=0.00, real=0.00 secs] 
2108.149: [GC (Allocation Failure) [PSYoungGen: 55648K->1408K(56320K)] 348326K->294086K(730112K), 0.0037833 secs] [Times: user=0.01 sys=0.00, real=0.00 secs] 
2109.395: [GC (Allocation Failure) [PSYoungGen: 55680K->1405K(56320K)] 348358K->294084K(730112K), 0.0013505 secs] [Times: user=0.01 sys=0.00, real=0.00 secs] 
2110.171: [GC (Allocation Failure) [PSYoungGen: 55677K->1408K(56320K)] 348356K->294086K(730112K), 0.0019626 secs] [Times: user=0.01 sys=0.00, real=0.00 secs] 
2110.629: [GC (Allocation Failure) [PSYoungGen: 55680K->1440K(56320K)] 348358K->294118K(730112K), 0.0028398 secs] [Times: user=0.01 sys=0.00, real=0.01 secs] 
2111.078: [GC (Allocation Failure) [PSYoungGen: 55712K->1376K(56320K)] 348390K->294054K(730112K), 0.0025153 secs] [Times: user=0.01 sys=0.00, real=0.01 secs] 
2111.578: [GC (Allocation Failure) [PSYoungGen: 55648K->1408K(56320K)] 348326K->294086K(730112K), 0.0023428 secs] [Times: user=0.00 sys=0.00, real=0.01 secs] 
2111.924: [GC (Allocation Failure) [PSYoungGen: 55680K->1408K(56320K)] 348358K->294086K(730112K), 0.0020584 secs] [Times: user=0.01 sys=0.00, real=0.00 secs] 
2112.925: [GC (Allocation Failure) [PSYoungGen: 55680K->1440K(56320K)] 348358K->294118K(730112K), 0.0016329 secs] [Times: user=0.01 sys=0.00, real=0.00 secs] 
2113.208: [GC (Allocation Failure) [PSYoungGen: 55712K->1440K(56320K)] 348390K->294118K(730112K), 0.0017857 secs] [Times: user=0.01 sys=0.00, real=0.01 secs] 
2113.482: [GC (Allocation Failure) [PSYoungGen: 55712K->1408K(56320K)] 348390K->294110K(730112K), 0.0017990 secs] [Times: user=0.01 sys=0.00, real=0.00 secs] 
2113.772: [GC (Allocation Failure) [PSYoungGen: 55680K->1344K(56320K)] 348382K->294046K(730112K), 0.0018404 secs] [Times: user=0.01 sys=0.00, real=0.00 secs] 
2113.997: [GC (Allocation Failure) [PSYoungGen: 55616K->1408K(56320K)] 348318K->294118K(730112K), 0.0016894 secs] [Times: user=0.01 sys=0.00, real=0.00 secs] 
2115.927: [GC (Allocation Failure) [PSYoungGen: 55680K->1440K(56320K)] 348390K->294150K(730112K), 0.0037488 secs] [Times: user=0.02 sys=0.00, real=0.01 secs] 
2116.927: [GC (Allocation Failure) [PSYoungGen: 55712K->1376K(56320K)] 348422K->294086K(730112K), 0.0030790 secs] [Times: user=0.01 sys=0.00, real=0.01 secs] 
2117.867: [GC (Allocation Failure) [PSYoungGen: 55648K->1344K(56320K)] 348358K->294054K(730112K), 0.0038443 secs] [Times: user=0.02 sys=0.00, real=0.01 secs] 
2118.623: [GC (Allocation Failure) [PSYoungGen: 55616K->1376K(55808K)] 348326K->294086K(729600K), 0.0032915 secs] [Times: user=0.01 sys=0.00, real=0.00 secs] 
2119.319: [GC (Allocation Failure) [PSYoungGen: 55648K->1376K(55808K)] 348358K->294086K(729600K), 0.0040048 secs] [Times: user=0.02 sys=0.00, real=0.00 secs] 
2121.068: [GC (Allocation Failure) [PSYoungGen: 55648K->416K(55296K)] 348358K->294150K(729088K), 0.0036799 secs] [Times: user=0.02 sys=0.00, real=0.01 secs] 
2121.846: [GC (Allocation Failure) [PSYoungGen: 54688K->352K(56320K)] 348422K->294086K(730112K), 0.0147203 secs] [Times: user=0.07 sys=0.00, real=0.02 secs] 
2122.324: [GC (Allocation Failure) [PSYoungGen: 54624K->320K(56320K)] 348358K->294054K(730112K), 0.0026429 secs] [Times: user=0.01 sys=0.00, real=0.00 secs] 
2122.845: [GC (Allocation Failure) [PSYoungGen: 54592K->288K(56320K)] 348326K->294022K(730112K), 0.0026811 secs] [Times: user=0.01 sys=0.00, real=0.00 secs] 
2123.386: [GC (Allocation Failure) [PSYoungGen: 54560K->352K(56320K)] 348294K->294086K(730112K), 0.0023211 secs] [Times: user=0.01 sys=0.00, real=0.00 secs] 
2124.756: [GC (Allocation Failure) [PSYoungGen: 54624K->1920K(56320K)] 348358K->295654K(730112K), 0.0019807 secs] [Times: user=0.01 sys=0.00, real=0.00 secs] 
2125.395: [GC (Allocation Failure) [PSYoungGen: 56192K->1376K(56832K)] 349926K->295110K(730624K), 0.0021145 secs] [Times: user=0.01 sys=0.00, real=0.00 secs] 
2125.971: [GC (Allocation Failure) [PSYoungGen: 55648K->1408K(56832K)] 349382K->295142K(730624K), 0.0021688 secs] [Times: user=0.01 sys=0.00, real=0.00 secs] 
2126.694: [GC (Allocation Failure) [PSYoungGen: 55680K->1376K(56832K)] 349414K->295118K(730624K), 0.0024637 secs] [Times: user=0.01 sys=0.00, real=0.00 secs] 
2127.444: [GC (Allocation Failure) [PSYoungGen: 55648K->1408K(56832K)] 349390K->295150K(730624K), 0.0025635 secs] [Times: user=0.01 sys=0.00, real=0.00 secs] 
2128.293: [GC (Allocation Failure) [PSYoungGen: 55675K->304K(56832K)] 349418K->294046K(730624K), 0.0031201 secs] [Times: user=0.01 sys=0.00, real=0.00 secs] 
2129.276: [GC (Allocation Failure) [PSYoungGen: 54576K->1440K(56832K)] 348318K->295182K(730624K), 0.0016201 secs] [Times: user=0.01 sys=0.00, real=0.00 secs] 
2129.501: [GC (Allocation Failure) [PSYoungGen: 55712K->1392K(56832K)] 349454K->295134K(730624K), 0.0016516 secs] [Times: user=0.01 sys=0.01, real=0.00 secs] 
2129.736: [GC (Allocation Failure) [PSYoungGen: 55664K->1376K(56832K)] 349406K->295118K(730624K), 0.0016907 secs] [Times: user=0.01 sys=0.00, real=0.00 secs] 
2130.076: [GC (Allocation Failure) [PSYoungGen: 55648K->1376K(56832K)] 349390K->295118K(730624K), 0.0016918 secs] [Times: user=0.01 sys=0.00, real=0.00 secs] 
2130.540: [GC (Allocation Failure) [PSYoungGen: 55648K->1408K(56832K)] 349390K->295150K(730624K), 0.0029494 secs] [Times: user=0.01 sys=0.00, real=0.00 secs] 
2131.902: [GC (Allocation Failure) [PSYoungGen: 55680K->1440K(56832K)] 349422K->295182K(730624K), 0.0019352 secs] [Times: user=0.01 sys=0.00, real=0.00 secs] 
2132.524: [GC (Allocation Failure) [PSYoungGen: 55712K->1408K(56832K)] 349454K->295150K(730624K), 0.0027444 secs] [Times: user=0.01 sys=0.00, real=0.00 secs] 
2132.778: [GC (Allocation Failure) [PSYoungGen: 55680K->1376K(56832K)] 349422K->295118K(730624K), 0.0018286 secs] [Times: user=0.01 sys=0.00, real=0.01 secs] 
2133.057: [GC (Allocation Failure) [PSYoungGen: 55648K->1408K(56832K)] 349390K->295150K(730624K), 0.0018367 secs] [Times: user=0.01 sys=0.00, real=0.00 secs] 
2133.307: [GC (Allocation Failure) [PSYoungGen: 55680K->1376K(55808K)] 349422K->295142K(729600K), 0.0018324 secs] [Times: user=0.01 sys=0.00, real=0.01 secs] 
2135.544: [GC (Allocation Failure) [PSYoungGen: 55648K->1408K(56320K)] 349414K->295174K(730112K), 0.0039034 secs] [Times: user=0.01 sys=0.00, real=0.00 secs] 
2136.539: [GC (Allocation Failure) [PSYoungGen: 55680K->1376K(56320K)] 349446K->295142K(730112K), 0.0033934 secs] [Times: user=0.01 sys=0.00, real=0.01 secs] 
2137.134: [GC (Allocation Failure) [PSYoungGen: 55648K->1376K(56320K)] 349414K->295142K(730112K), 0.0024755 secs] [Times: user=0.01 sys=0.00, real=0.00 secs] 
2137.575: [GC (Allocation Failure) [PSYoungGen: 55648K->1376K(56320K)] 349414K->295142K(730112K), 0.0026517 secs] [Times: user=0.01 sys=0.00, real=0.00 secs] 
2138.129: [GC (Allocation Failure) [PSYoungGen: 55648K->1440K(56320K)] 349414K->295206K(730112K), 0.0022171 secs] [Times: user=0.01 sys=0.00, real=0.01 secs] 
2139.780: [GC (Allocation Failure) [PSYoungGen: 55712K->1440K(56320K)] 349478K->295206K(730112K), 0.0026438 secs] [Times: user=0.01 sys=0.00, real=0.00 secs] 
2140.264: [GC (Allocation Failure) [PSYoungGen: 55712K->1376K(56320K)] 349478K->295142K(730112K), 0.0026735 secs] [Times: user=0.00 sys=0.00, real=0.00 secs] 
2140.756: [GC (Allocation Failure) [PSYoungGen: 55648K->1408K(56320K)] 349414K->295174K(730112K), 0.0021911 secs] [Times: user=0.01 sys=0.00, real=0.00 secs] 
2141.381: [GC (Allocation Failure) [PSYoungGen: 55680K->1344K(56320K)] 349446K->295110K(730112K), 0.0030031 secs] [Times: user=0.01 sys=0.00, real=0.00 secs] 
2141.946: [GC (Allocation Failure) [PSYoungGen: 55616K->1376K(56320K)] 349382K->295142K(730112K), 0.0030115 secs] [Times: user=0.01 sys=0.00, real=0.01 secs] 
2143.201: [GC (Allocation Failure) [PSYoungGen: 55648K->1920K(56320K)] 349414K->295686K(730112K), 0.0017830 secs] [Times: user=0.01 sys=0.00, real=0.00 secs] 
2143.902: [GC (Allocation Failure) [PSYoungGen: 56192K->1408K(56320K)] 349958K->295174K(730112K), 0.0023079 secs] [Times: user=0.01 sys=0.00, real=0.00 secs] 
2144.309: [GC (Allocation Failure) [PSYoungGen: 55680K->1376K(56320K)] 349446K->295142K(730112K), 0.0025060 secs] [Times: user=0.01 sys=0.00, real=0.01 secs] 
2144.565: [GC (Allocation Failure) [PSYoungGen: 55648K->1408K(56320K)] 349414K->295174K(730112K), 0.0019408 secs] [Times: user=0.01 sys=0.00, real=0.00 secs] 
2144.984: [GC (Allocation Failure) [PSYoungGen: 55680K->1344K(56320K)] 349446K->295110K(730112K), 0.0017907 secs] [Times: user=0.01 sys=0.00, real=0.00 secs] 
2145.480: [GC (Allocation Failure) [PSYoungGen: 55616K->1376K(56320K)] 349382K->295150K(730112K), 0.0018776 secs] [Times: user=0.01 sys=0.00, real=0.00 secs] 
2147.647: [GC (Allocation Failure) [PSYoungGen: 55648K->1440K(56320K)] 349422K->295214K(730112K), 0.0038516 secs] [Times: user=0.02 sys=0.00, real=0.01 secs] 
2148.560: [GC (Allocation Failure) [PSYoungGen: 55712K->1376K(56320K)] 349486K->295150K(730112K), 0.0038249 secs] [Times: user=0.02 sys=0.00, real=0.00 secs] 
2149.123: [GC (Allocation Failure) [PSYoungGen: 55648K->1376K(56320K)] 349422K->295150K(730112K), 0.0024642 secs] [Times: user=0.01 sys=0.00, real=0.00 secs] 
2149.381: [GC (Allocation Failure) [PSYoungGen: 55648K->1408K(56320K)] 349422K->295182K(730112K), 0.0018379 secs] [Times: user=0.00 sys=0.00, real=0.00 secs] 
2149.786: [GC (Allocation Failure) [PSYoungGen: 55680K->1408K(56320K)] 349454K->295182K(730112K), 0.0020316 secs] [Times: user=0.01 sys=0.00, real=0.00 secs] 
2151.092: [GC (Allocation Failure) [PSYoungGen: 55680K->1424K(56320K)] 349454K->295198K(730112K), 0.0039240 secs] [Times: user=0.01 sys=0.00, real=0.00 secs] 
2151.736: [GC (Allocation Failure) [PSYoungGen: 55696K->1408K(56320K)] 349470K->295182K(730112K), 0.0029523 secs] [Times: user=0.01 sys=0.00, real=0.01 secs] 
2152.139: [GC (Allocation Failure) [PSYoungGen: 55680K->1408K(56320K)] 349454K->295182K(730112K), 0.0025773 secs] [Times: user=0.01 sys=0.00, real=0.00 secs] 
2152.554: [GC (Allocation Failure) [PSYoungGen: 55680K->1376K(56320K)] 349454K->295150K(730112K), 0.0024835 secs] [Times: user=0.01 sys=0.00, real=0.00 secs] 
2152.991: [GC (Allocation Failure) [PSYoungGen: 55648K->1408K(56320K)] 349422K->295182K(730112K), 0.0023021 secs] [Times: user=0.01 sys=0.00, real=0.00 secs] 
2154.030: [GC (Allocation Failure) [PSYoungGen: 55680K->1440K(56320K)] 349454K->295230K(730112K), 0.0017027 secs] [Times: user=0.01 sys=0.00, real=0.00 secs] 
2154.401: [GC (Allocation Failure) [PSYoungGen: 55712K->1408K(55808K)] 349502K->295198K(729600K), 0.0018390 secs] [Times: user=0.01 sys=0.00, real=0.00 secs] 
2154.887: [GC (Allocation Failure) [PSYoungGen: 55680K->1376K(55808K)] 349470K->295166K(729600K), 0.0020805 secs] [Times: user=0.01 sys=0.00, real=0.01 secs] 
2155.342: [GC (Allocation Failure) [PSYoungGen: 55648K->416K(55296K)] 349438K->295230K(729088K), 0.0021044 secs] [Times: user=0.01 sys=0.00, real=0.00 secs] 
2155.857: [GC (Allocation Failure) [PSYoungGen: 54688K->352K(56320K)] 349502K->295166K(730112K), 0.0034462 secs] [Times: user=0.01 sys=0.00, real=0.01 secs] 
2157.113: [GC (Allocation Failure) [PSYoungGen: 54624K->1408K(56320K)] 349438K->296230K(730112K), 0.0017821 secs] [Times: user=0.00 sys=0.00, real=0.00 secs] 
2157.339: [GC (Allocation Failure) [PSYoungGen: 55680K->1376K(56320K)] 350502K->296198K(730112K), 0.0017763 secs] [Times: user=0.01 sys=0.00, real=0.01 secs] 
2157.564: [GC (Allocation Failure) [PSYoungGen: 55648K->1344K(56320K)] 350470K->296166K(730112K), 0.0016849 secs] [Times: user=0.01 sys=0.00, real=0.00 secs] 
2157.790: [GC (Allocation Failure) [PSYoungGen: 55616K->1376K(56320K)] 350438K->296198K(730112K), 0.0016853 secs] [Times: user=0.00 sys=0.00, real=0.00 secs] 
2158.019: [GC (Allocation Failure) [PSYoungGen: 55648K->1440K(56320K)] 350470K->296262K(730112K), 0.0029266 secs] [Times: user=0.01 sys=0.00, real=0.00 secs] 
2159.091: [GC (Allocation Failure) [PSYoungGen: 55712K->1920K(56320K)] 350534K->296742K(730112K), 0.0019376 secs] [Times: user=0.01 sys=0.00, real=0.00 secs] 
2159.814: [GC (Allocation Failure) [PSYoungGen: 56192K->1376K(56320K)] 351014K->296198K(730112K), 0.0023122 secs] [Times: user=0.01 sys=0.00, real=0.00 secs] 
2160.624: [GC (Allocation Failure) [PSYoungGen: 55648K->1408K(56320K)] 350470K->296230K(730112K), 0.0024080 secs] [Times: user=0.01 sys=0.00, real=0.00 secs] 
2161.565: [GC (Allocation Failure) [PSYoungGen: 55680K->1344K(56320K)] 350502K->296166K(730112K), 0.0037463 secs] [Times: user=0.01 sys=0.00, real=0.00 secs] 
2162.411: [GC (Allocation Failure) [PSYoungGen: 55616K->1376K(56320K)] 350438K->296198K(730112K), 0.0037985 secs] [Times: user=0.01 sys=0.00, real=0.00 secs] 
2163.144: [GC (Allocation Failure) [PSYoungGen: 55648K->1344K(56320K)] 350470K->296190K(730112K), 0.0034804 secs] [Times: user=0.01 sys=0.00, real=0.00 secs] 
2164.863: [GC (Allocation Failure) [PSYoungGen: 55616K->1408K(56320K)] 350462K->296254K(730112K), 0.0022382 secs] [Times: user=0.01 sys=0.00, real=0.00 secs] 
2165.326: [GC (Allocation Failure) [PSYoungGen: 55680K->1408K(56320K)] 350526K->296254K(730112K), 0.0020048 secs] [Times: user=0.01 sys=0.00, real=0.00 secs] 
2165.780: [GC (Allocation Failure) [PSYoungGen: 55680K->1376K(56320K)] 350526K->296222K(730112K), 0.0019963 secs] [Times: user=0.01 sys=0.00, real=0.00 secs] 
2166.448: [GC (Allocation Failure) [PSYoungGen: 55648K->1376K(56320K)] 350494K->296222K(730112K), 0.0031763 secs] [Times: user=0.01 sys=0.01, real=0.01 secs] 
2166.695: [GC (Allocation Failure) [PSYoungGen: 55648K->1408K(56320K)] 350494K->296254K(730112K), 0.0018463 secs] [Times: user=0.01 sys=0.00, real=0.00 secs] 
2167.685: [GC (Allocation Failure) [PSYoungGen: 55680K->1440K(56320K)] 350526K->296286K(730112K), 0.0017872 secs] [Times: user=0.01 sys=0.00, real=0.00 secs] 
2167.911: [GC (Allocation Failure) [PSYoungGen: 55712K->1392K(56320K)] 350558K->296238K(730112K), 0.0019654 secs] [Times: user=0.01 sys=0.00, real=0.00 secs] 
2168.181: [GC (Allocation Failure) [PSYoungGen: 55664K->1408K(56320K)] 350510K->296254K(730112K), 0.0018742 secs] [Times: user=0.01 sys=0.00, real=0.00 secs] 
2168.428: [GC (Allocation Failure) [PSYoungGen: 55680K->1376K(56320K)] 350526K->296222K(730112K), 0.0018149 secs] [Times: user=0.01 sys=0.00, real=0.01 secs] 
2168.700: [GC (Allocation Failure) [PSYoungGen: 55648K->1392K(56320K)] 350494K->296246K(730112K), 0.0019313 secs] [Times: user=0.01 sys=0.00, real=0.00 secs] 
2169.601: [GC (Allocation Failure) [PSYoungGen: 55664K->1376K(56320K)] 350518K->296230K(730112K), 0.0016044 secs] [Times: user=0.01 sys=0.00, real=0.00 secs] 
2169.826: [GC (Allocation Failure) [PSYoungGen: 55648K->1376K(55808K)] 350502K->296230K(729600K), 0.0016222 secs] [Times: user=0.00 sys=0.00, real=0.00 secs] 
2170.071: [GC (Allocation Failure) [PSYoungGen: 55648K->1408K(55808K)] 350502K->296262K(729600K), 0.0017241 secs] [Times: user=0.00 sys=0.00, real=0.00 secs] 
2170.295: [GC (Allocation Failure) [PSYoungGen: 55680K->384K(55296K)] 350534K->296262K(729088K), 0.0016395 secs] [Times: user=0.01 sys=0.00, real=0.00 secs] 
2170.595: [GC (Allocation Failure) [PSYoungGen: 54656K->352K(56320K)] 350534K->296230K(730112K), 0.0016137 secs] [Times: user=0.00 sys=0.00, real=0.00 secs] 
2171.770: [GC (Allocation Failure) [PSYoungGen: 54624K->1408K(56320K)] 350502K->297310K(730112K), 0.0021176 secs] [Times: user=0.00 sys=0.00, real=0.00 secs] 
2172.309: [GC (Allocation Failure) [PSYoungGen: 55680K->1376K(56320K)] 351582K->297278K(730112K), 0.0030293 secs] [Times: user=0.01 sys=0.00, real=0.00 secs] 
2172.799: [GC (Allocation Failure) [PSYoungGen: 55648K->1344K(56320K)] 351550K->297246K(730112K), 0.0024777 secs] [Times: user=0.01 sys=0.00, real=0.00 secs] 
2173.258: [GC (Allocation Failure) [PSYoungGen: 55616K->1408K(56320K)] 351518K->297310K(730112K), 0.0026089 secs] [Times: user=0.01 sys=0.00, real=0.01 secs] 
2173.575: [GC (Allocation Failure) [PSYoungGen: 55680K->1408K(56320K)] 351582K->297310K(730112K), 0.0020961 secs] [Times: user=0.01 sys=0.00, real=0.00 secs] 
2174.735: [GC (Allocation Failure) [PSYoungGen: 55680K->1920K(56320K)] 351582K->297830K(730112K), 0.0015477 secs] [Times: user=0.00 sys=0.00, real=0.00 secs] 
2174.963: [GC (Allocation Failure) [PSYoungGen: 56192K->1392K(56320K)] 352102K->297302K(730112K), 0.0021257 secs] [Times: user=0.01 sys=0.00, real=0.00 secs] 
2175.187: [GC (Allocation Failure) [PSYoungGen: 55664K->1376K(56320K)] 351574K->297286K(730112K), 0.0018529 secs] [Times: user=0.00 sys=0.00, real=0.01 secs] 
2175.413: [GC (Allocation Failure) [PSYoungGen: 55648K->1376K(56320K)] 351558K->297286K(730112K), 0.0017975 secs] [Times: user=0.01 sys=0.00, real=0.00 secs] 
2175.638: [GC (Allocation Failure) [PSYoungGen: 55648K->1344K(56320K)] 351558K->297254K(730112K), 0.0018747 secs] [Times: user=0.00 sys=0.00, real=0.01 secs] 
2175.863: [GC (Allocation Failure) [PSYoungGen: 55616K->1344K(56320K)] 351526K->297262K(730112K), 0.0017866 secs] [Times: user=0.01 sys=0.00, real=0.00 secs] 
2177.387: [GC (Allocation Failure) [PSYoungGen: 55616K->1408K(56320K)] 351534K->297326K(730112K), 0.0031144 secs] [Times: user=0.01 sys=0.00, real=0.01 secs] 
2178.093: [GC (Allocation Failure) [PSYoungGen: 55680K->1376K(56320K)] 351598K->297294K(730112K), 0.0029607 secs] [Times: user=0.01 sys=0.00, real=0.00 secs] 
2178.515: [GC (Allocation Failure) [PSYoungGen: 55648K->1344K(56320K)] 351566K->297262K(730112K), 0.0024382 secs] [Times: user=0.00 sys=0.00, real=0.00 secs] 
2178.947: [GC (Allocation Failure) [PSYoungGen: 55616K->1408K(56320K)] 351534K->297326K(730112K), 0.0024202 secs] [Times: user=0.01 sys=0.00, real=0.01 secs] 
2179.428: [GC (Allocation Failure) [PSYoungGen: 55680K->1344K(56320K)] 351598K->297262K(730112K), 0.0026282 secs] [Times: user=0.01 sys=0.00, real=0.01 secs] 
2180.523: [GC (Allocation Failure) [PSYoungGen: 55616K->1440K(56320K)] 351534K->297358K(730112K), 0.0017332 secs] [Times: user=0.00 sys=0.00, real=0.00 secs] 
2180.749: [GC (Allocation Failure) [PSYoungGen: 55712K->1344K(56320K)] 351630K->297262K(730112K), 0.0016416 secs] [Times: user=0.01 sys=0.00, real=0.01 secs] 
2180.985: [GC (Allocation Failure) [PSYoungGen: 55616K->1392K(56320K)] 351534K->297310K(730112K), 0.0019483 secs] [Times: user=0.01 sys=0.00, real=0.00 secs] 
2181.372: [GC (Allocation Failure) [PSYoungGen: 55664K->1312K(56320K)] 351582K->297230K(730112K), 0.0035502 secs] [Times: user=0.01 sys=0.00, real=0.00 secs] 
2181.784: [GC (Allocation Failure) [PSYoungGen: 55584K->1408K(56320K)] 351502K->297350K(730112K), 0.0023019 secs] [Times: user=0.01 sys=0.00, real=0.00 secs] 
2182.845: [GC (Allocation Failure) [PSYoungGen: 55680K->1408K(56320K)] 351622K->297350K(730112K), 0.0017337 secs] [Times: user=0.00 sys=0.00, real=0.00 secs] 
2183.071: [GC (Allocation Failure) [PSYoungGen: 55680K->1392K(56320K)] 351622K->297334K(730112K), 0.0018452 secs] [Times: user=0.01 sys=0.00, real=0.00 secs] 
2183.337: [GC (Allocation Failure) [PSYoungGen: 55664K->1376K(56320K)] 351606K->297318K(730112K), 0.0016754 secs] [Times: user=0.00 sys=0.00, real=0.00 secs] 
2183.695: [GC (Allocation Failure) [PSYoungGen: 55648K->1408K(56320K)] 351590K->297350K(730112K), 0.0017965 secs] [Times: user=0.00 sys=0.00, real=0.00 secs] 
2184.106: [GC (Allocation Failure) [PSYoungGen: 55680K->1376K(55808K)] 351622K->297318K(729600K), 0.0020759 secs] [Times: user=0.01 sys=0.00, real=0.00 secs] 
2185.348: [GC (Allocation Failure) [PSYoungGen: 55648K->1440K(55808K)] 351590K->297382K(729600K), 0.0019815 secs] [Times: user=0.00 sys=0.00, real=0.01 secs] 
2185.646: [GC (Allocation Failure) [PSYoungGen: 55712K->1424K(55808K)] 351654K->297366K(729600K), 0.0018743 secs] [Times: user=0.01 sys=0.00, real=0.00 secs] 
2185.871: [GC (Allocation Failure) [PSYoungGen: 55696K->1408K(55808K)] 351638K->297350K(729600K), 0.0018030 secs] [Times: user=0.00 sys=0.00, real=0.00 secs] 
2186.157: [GC (Allocation Failure) [PSYoungGen: 55680K->1376K(55808K)] 351622K->297318K(729600K), 0.0029042 secs] [Times: user=0.01 sys=0.00, real=0.01 secs] 
2186.526: [GC (Allocation Failure) [PSYoungGen: 55648K->1376K(55808K)] 351590K->297318K(729600K), 0.0022994 secs] [Times: user=0.01 sys=0.00, real=0.00 secs] 
2187.855: [GC (Allocation Failure) [PSYoungGen: 55648K->928K(55808K)] 351590K->297894K(729600K), 0.0016529 secs] [Times: user=0.01 sys=0.00, real=0.00 secs] 
2188.140: [GC (Allocation Failure) [PSYoungGen: 55200K->320K(56320K)] 352166K->297286K(730112K), 0.0020257 secs] [Times: user=0.01 sys=0.00, real=0.00 secs] 
2188.428: [GC (Allocation Failure) [PSYoungGen: 54592K->320K(56320K)] 351558K->297286K(730112K), 0.0019276 secs] [Times: user=0.00 sys=0.00, real=0.01 secs] 
2188.811: [GC (Allocation Failure) [PSYoungGen: 54592K->320K(56320K)] 351558K->297286K(730112K), 0.0018896 secs] [Times: user=0.01 sys=0.00, real=0.00 secs] 
2189.256: [GC (Allocation Failure) [PSYoungGen: 54592K->320K(56320K)] 351558K->297286K(730112K), 0.0035213 secs] [Times: user=0.02 sys=0.00, real=0.01 secs] 
2189.738: [GC (Allocation Failure) [PSYoungGen: 54592K->384K(56320K)] 351558K->297350K(730112K), 0.0026074 secs] [Times: user=0.01 sys=0.00, real=0.01 secs] 
2190.709: [GC (Allocation Failure) [PSYoungGen: 54656K->1408K(56320K)] 351622K->298374K(730112K), 0.0017065 secs] [Times: user=0.01 sys=0.00, real=0.00 secs] 
2190.935: [GC (Allocation Failure) [PSYoungGen: 55680K->1344K(55808K)] 352646K->298310K(729600K), 0.0017352 secs] [Times: user=0.00 sys=0.00, real=0.00 secs] 
2191.158: [GC (Allocation Failure) [PSYoungGen: 55104K->1376K(56320K)] 352070K->298374K(730112K), 0.0016983 secs] [Times: user=0.01 sys=0.00, real=0.01 secs] 
2191.381: [GC (Allocation Failure) [PSYoungGen: 55136K->1408K(56320K)] 352134K->298406K(730112K), 0.0017662 secs] [Times: user=0.01 sys=0.00, real=0.00 secs] 
2191.604: [GC (Allocation Failure) [PSYoungGen: 55168K->1408K(56320K)] 352166K->298406K(730112K), 0.0016144 secs] [Times: user=0.01 sys=0.00, real=0.00 secs] 
2193.468: [GC (Allocation Failure) [PSYoungGen: 55168K->1376K(56320K)] 352166K->298374K(730112K), 0.0035190 secs] [Times: user=0.02 sys=0.00, real=0.01 secs] 
2194.299: [GC (Allocation Failure) [PSYoungGen: 55136K->1376K(56320K)] 352134K->298374K(730112K), 0.0032524 secs] [Times: user=0.01 sys=0.00, real=0.01 secs] 
2194.746: [GC (Allocation Failure) [PSYoungGen: 55136K->1376K(56320K)] 352134K->298374K(730112K), 0.0026312 secs] [Times: user=0.01 sys=0.00, real=0.00 secs] 
2195.172: [GC (Allocation Failure) [PSYoungGen: 55136K->1408K(56320K)] 352134K->298406K(730112K), 0.0021988 secs] [Times: user=0.01 sys=0.00, real=0.00 secs] 
2195.818: [GC (Allocation Failure) [PSYoungGen: 55168K->1408K(56320K)] 352166K->298406K(730112K), 0.0026294 secs] [Times: user=0.01 sys=0.00, real=0.01 secs] 
2197.313: [GC (Allocation Failure) [PSYoungGen: 55168K->1392K(56320K)] 352166K->298390K(730112K), 0.0017851 secs] [Times: user=0.01 sys=0.00, real=0.00 secs] 
2198.277: [GC (Allocation Failure) [PSYoungGen: 55152K->1408K(55296K)] 352150K->298406K(729088K), 0.0020632 secs] [Times: user=0.01 sys=0.00, real=0.01 secs] 
2198.900: [GC (Allocation Failure) [PSYoungGen: 55168K->1408K(55808K)] 352166K->298406K(729600K), 0.0019680 secs] [Times: user=0.01 sys=0.00, real=0.00 secs] 
2199.379: [GC (Allocation Failure) [PSYoungGen: 55168K->1408K(55808K)] 352166K->298406K(729600K), 0.0021210 secs] [Times: user=0.01 sys=0.00, real=0.00 secs] 
2199.895: [GC (Allocation Failure) [PSYoungGen: 55168K->1376K(55808K)] 352166K->298374K(729600K), 0.0020457 secs] [Times: user=0.01 sys=0.00, real=0.00 secs] 
2201.164: [GC (Allocation Failure) [PSYoungGen: 55136K->1952K(55296K)] 352134K->299462K(729088K), 0.0019522 secs] [Times: user=0.01 sys=0.00, real=0.00 secs] 
2201.759: [GC (Allocation Failure) [PSYoungGen: 55200K->1408K(55808K)] 352710K->298918K(729600K), 0.0019870 secs] [Times: user=0.01 sys=0.00, real=0.00 secs] 
2202.191: [GC (Allocation Failure) [PSYoungGen: 54656K->1376K(54784K)] 352166K->298886K(728576K), 0.0019119 secs] [Times: user=0.01 sys=0.00, real=0.00 secs] 
2202.586: [GC (Allocation Failure) [PSYoungGen: 54624K->1376K(55296K)] 352134K->298886K(729088K), 0.0018722 secs] [Times: user=0.01 sys=0.00, real=0.00 secs] 
2203.241: [GC (Allocation Failure) [PSYoungGen: 54624K->1376K(55296K)] 352134K->298886K(729088K), 0.0022921 secs] [Times: user=0.01 sys=0.00, real=0.00 secs] 
2203.905: [GC (Allocation Failure) [PSYoungGen: 54624K->1376K(55296K)] 352134K->298894K(729088K), 0.0021671 secs] [Times: user=0.01 sys=0.00, real=0.00 secs] 
2205.834: [GC (Allocation Failure) [PSYoungGen: 54624K->1408K(55296K)] 352142K->298934K(729088K), 0.0036865 secs] [Times: user=0.01 sys=0.00, real=0.00 secs] 
2206.455: [GC (Allocation Failure) [PSYoungGen: 54656K->1376K(55296K)] 352182K->298902K(729088K), 0.0026775 secs] [Times: user=0.01 sys=0.00, real=0.00 secs] 
2206.675: [GC (Allocation Failure) [PSYoungGen: 54624K->1408K(55296K)] 352150K->298934K(729088K), 0.0018739 secs] [Times: user=0.01 sys=0.00, real=0.00 secs] 
2206.899: [GC (Allocation Failure) [PSYoungGen: 54656K->1376K(55296K)] 352182K->298902K(729088K), 0.0018584 secs] [Times: user=0.01 sys=0.00, real=0.00 secs] 
2207.120: [GC (Allocation Failure) [PSYoungGen: 54624K->1376K(55296K)] 352150K->298902K(729088K), 0.0019143 secs] [Times: user=0.01 sys=0.00, real=0.00 secs] 
2208.272: [GC (Allocation Failure) [PSYoungGen: 54624K->1376K(55296K)] 352150K->298902K(729088K), 0.0015644 secs] [Times: user=0.01 sys=0.00, real=0.00 secs] 
2208.733: [GC (Allocation Failure) [PSYoungGen: 54624K->1344K(55296K)] 352150K->298870K(729088K), 0.0017800 secs] [Times: user=0.01 sys=0.00, real=0.00 secs] 
2209.079: [GC (Allocation Failure) [PSYoungGen: 54592K->1408K(55296K)] 352118K->298934K(729088K), 0.0018077 secs] [Times: user=0.01 sys=0.00, real=0.00 secs] 
2209.344: [GC (Allocation Failure) [PSYoungGen: 54656K->1408K(55296K)] 352182K->298934K(729088K), 0.0017744 secs] [Times: user=0.01 sys=0.00, real=0.00 secs] 
2209.583: [GC (Allocation Failure) [PSYoungGen: 54656K->1408K(55296K)] 352182K->298950K(729088K), 0.0017516 secs] [Times: user=0.01 sys=0.00, real=0.00 secs] 
2210.632: [GC (Allocation Failure) [PSYoungGen: 54656K->1376K(55296K)] 352198K->298918K(729088K), 0.0018043 secs] [Times: user=0.00 sys=0.00, real=0.00 secs] 
2211.127: [GC (Allocation Failure) [PSYoungGen: 54624K->1408K(55296K)] 352166K->298950K(729088K), 0.0029731 secs] [Times: user=0.01 sys=0.00, real=0.01 secs] 
2211.580: [GC (Allocation Failure) [PSYoungGen: 54656K->1344K(55296K)] 352198K->298886K(729088K), 0.0033282 secs] [Times: user=0.02 sys=0.00, real=0.00 secs] 
2212.047: [GC (Allocation Failure) [PSYoungGen: 54592K->1392K(54784K)] 352134K->298934K(728576K), 0.0031101 secs] [Times: user=0.01 sys=0.00, real=0.01 secs] 
2212.482: [GC (Allocation Failure) [PSYoungGen: 54640K->1440K(54272K)] 352182K->298998K(728064K), 0.0027177 secs] [Times: user=0.01 sys=0.00, real=0.00 secs] 
2212.836: [GC (Allocation Failure) [PSYoungGen: 54176K->1392K(54272K)] 351734K->298950K(728064K), 0.0019752 secs] [Times: user=0.01 sys=0.00, real=0.00 secs] 
2214.176: [GC (Allocation Failure) [PSYoungGen: 54128K->1376K(54272K)] 351686K->298934K(728064K), 0.0017372 secs] [Times: user=0.01 sys=0.00, real=0.00 secs] 
2214.892: [GC (Allocation Failure) [PSYoungGen: 54112K->1408K(54272K)] 351670K->298966K(728064K), 0.0026149 secs] [Times: user=0.01 sys=0.00, real=0.00 secs] 
2215.477: [GC (Allocation Failure) [PSYoungGen: 54144K->1440K(54272K)] 351702K->298998K(728064K), 0.0020201 secs] [Times: user=0.01 sys=0.00, real=0.01 secs] 
2215.962: [GC (Allocation Failure) [PSYoungGen: 54176K->1376K(54272K)] 351734K->298934K(728064K), 0.0022853 secs] [Times: user=0.01 sys=0.00, real=0.00 secs] 
2216.479: [GC (Allocation Failure) [PSYoungGen: 54112K->1344K(54272K)] 351670K->298902K(728064K), 0.0037171 secs] [Times: user=0.02 sys=0.00, real=0.01 secs] 
2217.731: [GC (Allocation Failure) [PSYoungGen: 54080K->1408K(54272K)] 351638K->298966K(728064K), 0.0018041 secs] [Times: user=0.01 sys=0.00, real=0.00 secs] 
2218.047: [GC (Allocation Failure) [PSYoungGen: 54144K->1408K(54272K)] 351702K->298966K(728064K), 0.0017865 secs] [Times: user=0.00 sys=0.00, real=0.00 secs] 
2218.266: [GC (Allocation Failure) [PSYoungGen: 54144K->1376K(54272K)] 351702K->298934K(728064K), 0.0017666 secs] [Times: user=0.01 sys=0.00, real=0.00 secs] 
2218.488: [GC (Allocation Failure) [PSYoungGen: 54112K->1376K(54272K)] 351670K->298934K(728064K), 0.0030846 secs] [Times: user=0.01 sys=0.00, real=0.01 secs] 
2218.706: [GC (Allocation Failure) [PSYoungGen: 54112K->1408K(54272K)] 351670K->298974K(728064K), 0.0022908 secs] [Times: user=0.01 sys=0.00, real=0.00 secs] 
2219.848: [GC (Allocation Failure) [PSYoungGen: 54144K->1440K(54272K)] 351710K->299006K(728064K), 0.0022404 secs] [Times: user=0.01 sys=0.00, real=0.01 secs] 
2220.852: [GC (Allocation Failure) [PSYoungGen: 54176K->1344K(54272K)] 351742K->298910K(728064K), 0.0040166 secs] [Times: user=0.02 sys=0.00, real=0.00 secs] 
2221.601: [GC (Allocation Failure) [PSYoungGen: 54080K->1376K(54272K)] 351646K->298942K(728064K), 0.0035139 secs] [Times: user=0.02 sys=0.00, real=0.00 secs] 
2221.871: [GC (Allocation Failure) [PSYoungGen: 54112K->1376K(54272K)] 351678K->298942K(728064K), 0.0020003 secs] [Times: user=0.01 sys=0.00, real=0.00 secs] 
2222.230: [GC (Allocation Failure) [PSYoungGen: 54112K->1360K(54272K)] 351678K->298926K(728064K), 0.0019950 secs] [Times: user=0.00 sys=0.00, real=0.00 secs] 
2222.658: [GC (Allocation Failure) [PSYoungGen: 54096K->1408K(54272K)] 351662K->298990K(728064K), 0.0024183 secs] [Times: user=0.01 sys=0.00, real=0.01 secs] 
2223.995: [GC (Allocation Failure) [PSYoungGen: 54144K->1408K(54272K)] 351726K->298990K(728064K), 0.0017231 secs] [Times: user=0.01 sys=0.00, real=0.00 secs] 
2224.552: [GC (Allocation Failure) [PSYoungGen: 54144K->1360K(54272K)] 351726K->298942K(728064K), 0.0033639 secs] [Times: user=0.01 sys=0.00, real=0.00 secs] 
2225.008: [GC (Allocation Failure) [PSYoungGen: 54096K->1376K(54272K)] 351678K->298958K(728064K), 0.0027061 secs] [Times: user=0.01 sys=0.00, real=0.01 secs] 
2225.690: [GC (Allocation Failure) [PSYoungGen: 54112K->1344K(54272K)] 351694K->298926K(728064K), 0.0037179 secs] [Times: user=0.01 sys=0.00, real=0.00 secs] 
2226.321: [GC (Allocation Failure) [PSYoungGen: 54080K->1408K(54272K)] 351662K->298990K(728064K), 0.0029036 secs] [Times: user=0.01 sys=0.00, real=0.00 secs] 
2227.587: [GC (Allocation Failure) [PSYoungGen: 54144K->1408K(54272K)] 351726K->298990K(728064K), 0.0016362 secs] [Times: user=0.01 sys=0.00, real=0.00 secs] 
2227.880: [GC (Allocation Failure) [PSYoungGen: 54144K->1408K(54272K)] 351726K->298990K(728064K), 0.0018089 secs] [Times: user=0.01 sys=0.00, real=0.00 secs] 
2228.367: [GC (Allocation Failure) [PSYoungGen: 54144K->1376K(54272K)] 351726K->298958K(728064K), 0.0023785 secs] [Times: user=0.00 sys=0.00, real=0.01 secs] 
2228.807: [GC (Allocation Failure) [PSYoungGen: 54112K->1344K(54272K)] 351694K->298926K(728064K), 0.0029420 secs] [Times: user=0.01 sys=0.00, real=0.01 secs] 
2229.298: [GC (Allocation Failure) [PSYoungGen: 54080K->1376K(54272K)] 351662K->298966K(728064K), 0.0029640 secs] [Times: user=0.01 sys=0.00, real=0.01 secs] 
2230.479: [GC (Allocation Failure) [PSYoungGen: 54112K->896K(54272K)] 351702K->299510K(728064K), 0.0018404 secs] [Times: user=0.01 sys=0.00, real=0.00 secs] 
2230.938: [GC (Allocation Failure) [PSYoungGen: 53632K->368K(54272K)] 352246K->298982K(728064K), 0.0017763 secs] [Times: user=0.01 sys=0.00, real=0.01 secs] 
2231.463: [GC (Allocation Failure) [PSYoungGen: 53104K->320K(54784K)] 351718K->298934K(728576K), 0.0021852 secs] [Times: user=0.01 sys=0.00, real=0.00 secs] 
2231.932: [GC (Allocation Failure) [PSYoungGen: 53056K->320K(54784K)] 351670K->298934K(728576K), 0.0030784 secs] [Times: user=0.02 sys=0.00, real=0.00 secs] 
2232.427: [GC (Allocation Failure) [PSYoungGen: 53056K->320K(54784K)] 351670K->298934K(728576K), 0.0031027 secs] [Times: user=0.02 sys=0.00, real=0.01 secs] 
2232.909: [GC (Allocation Failure) [PSYoungGen: 53056K->352K(54784K)] 351670K->298982K(728576K), 0.0028874 secs] [Times: user=0.01 sys=0.00, real=0.00 secs] 
2234.622: [GC (Allocation Failure) [PSYoungGen: 53088K->1440K(54784K)] 351718K->300070K(728576K), 0.0032796 secs] [Times: user=0.01 sys=0.00, real=0.00 secs] 
2235.654: [GC (Allocation Failure) [PSYoungGen: 54176K->1360K(54784K)] 352806K->299990K(728576K), 0.0034326 secs] [Times: user=0.01 sys=0.00, real=0.00 secs] 
2236.290: [GC (Allocation Failure) [PSYoungGen: 54096K->1392K(55296K)] 352726K->300022K(729088K), 0.0028989 secs] [Times: user=0.01 sys=0.00, real=0.00 secs] 
2236.749: [GC (Allocation Failure) [PSYoungGen: 54128K->1328K(55296K)] 352758K->299958K(729088K), 0.0029343 secs] [Times: user=0.02 sys=0.00, real=0.00 secs] 
2237.298: [GC (Allocation Failure) [PSYoungGen: 54064K->1376K(55296K)] 352694K->300006K(729088K), 0.0022875 secs] [Times: user=0.01 sys=0.00, real=0.01 secs] 
2238.589: [GC (Allocation Failure) [PSYoungGen: 54112K->1440K(55296K)] 352742K->300070K(729088K), 0.0025052 secs] [Times: user=0.01 sys=0.00, real=0.01 secs] 
2239.073: [GC (Allocation Failure) [PSYoungGen: 54176K->1408K(55296K)] 352806K->300038K(729088K), 0.0022081 secs] [Times: user=0.01 sys=0.00, real=0.00 secs] 
2239.531: [GC (Allocation Failure) [PSYoungGen: 54144K->1344K(55296K)] 352774K->299974K(729088K), 0.0020176 secs] [Times: user=0.01 sys=0.00, real=0.00 secs] 
2239.995: [GC (Allocation Failure) [PSYoungGen: 54080K->1312K(54272K)] 352710K->299942K(728064K), 0.0095080 secs] [Times: user=0.05 sys=0.00, real=0.01 secs] 
2240.280: [GC (Allocation Failure) [PSYoungGen: 54048K->1376K(54784K)] 352678K->300006K(728576K), 0.0023611 secs] [Times: user=0.00 sys=0.00, real=0.00 secs] 
2241.272: [GC (Allocation Failure) [PSYoungGen: 54112K->1648K(54272K)] 352742K->300279K(728064K), 0.0017612 secs] [Times: user=0.01 sys=0.00, real=0.00 secs] 
2241.711: [GC (Allocation Failure) [PSYoungGen: 53872K->1408K(54784K)] 352503K->300038K(728576K), 0.0019926 secs] [Times: user=0.01 sys=0.00, real=0.00 secs] 
2242.136: [GC (Allocation Failure) [PSYoungGen: 53632K->1312K(53760K)] 352262K->299942K(727552K), 0.0022273 secs] [Times: user=0.00 sys=0.00, real=0.00 secs] 
2242.565: [GC (Allocation Failure) [PSYoungGen: 53536K->1392K(54272K)] 352166K->300022K(728064K), 0.0019737 secs] [Times: user=0.01 sys=0.00, real=0.00 secs] 
2242.986: [GC (Allocation Failure) [PSYoungGen: 53616K->1408K(54272K)] 352246K->300038K(728064K), 0.0026102 secs] [Times: user=0.01 sys=0.00, real=0.01 secs] 
2243.224: [GC (Allocation Failure) [PSYoungGen: 53632K->1344K(54272K)] 352262K->299990K(728064K), 0.0019459 secs] [Times: user=0.01 sys=0.00, real=0.00 secs] 
2245.367: [GC (Allocation Failure) [PSYoungGen: 53568K->1376K(54272K)] 352214K->300022K(728064K), 0.0039004 secs] [Times: user=0.02 sys=0.00, real=0.01 secs] 
2246.961: [GC (Allocation Failure) [PSYoungGen: 53600K->1376K(54272K)] 352246K->300022K(728064K), 0.0037436 secs] [Times: user=0.01 sys=0.01, real=0.00 secs] 
2247.849: [GC (Allocation Failure) [PSYoungGen: 53600K->1376K(54272K)] 352246K->300022K(728064K), 0.0029696 secs] [Times: user=0.02 sys=0.00, real=0.01 secs] 
2248.278: [GC (Allocation Failure) [PSYoungGen: 53600K->1344K(54272K)] 352246K->299990K(728064K), 0.0020862 secs] [Times: user=0.01 sys=0.00, real=0.01 secs] 
2248.495: [GC (Allocation Failure) [PSYoungGen: 53568K->1408K(54272K)] 352214K->300054K(728064K), 0.0019404 secs] [Times: user=0.01 sys=0.00, real=0.00 secs] 
2249.974: [GC (Allocation Failure) [PSYoungGen: 53632K->1408K(54272K)] 352278K->300054K(728064K), 0.0017243 secs] [Times: user=0.01 sys=0.00, real=0.00 secs] 
2250.227: [GC (Allocation Failure) [PSYoungGen: 53632K->1376K(54272K)] 352278K->300022K(728064K), 0.0016600 secs] [Times: user=0.01 sys=0.00, real=0.00 secs] 
2250.444: [GC (Allocation Failure) [PSYoungGen: 53600K->1408K(54272K)] 352246K->300054K(728064K), 0.0015474 secs] [Times: user=0.01 sys=0.00, real=0.00 secs] 
2250.695: [GC (Allocation Failure) [PSYoungGen: 53632K->1408K(54272K)] 352278K->300054K(728064K), 0.0018190 secs] [Times: user=0.01 sys=0.00, real=0.00 secs] 
2251.075: [GC (Allocation Failure) [PSYoungGen: 53632K->1440K(54272K)] 352278K->300094K(728064K), 0.0025916 secs] [Times: user=0.01 sys=0.00, real=0.00 secs] 
2251.458: [GC (Allocation Failure) [PSYoungGen: 53664K->1408K(54272K)] 352318K->300062K(728064K), 0.0024318 secs] [Times: user=0.01 sys=0.00, real=0.01 secs] 
2252.952: [GC (Allocation Failure) [PSYoungGen: 53632K->1376K(54272K)] 352286K->300030K(728064K), 0.0034107 secs] [Times: user=0.01 sys=0.00, real=0.00 secs] 
2253.499: [GC (Allocation Failure) [PSYoungGen: 53600K->1408K(54272K)] 352254K->300062K(728064K), 0.0026972 secs] [Times: user=0.01 sys=0.00, real=0.00 secs] 
2253.949: [GC (Allocation Failure) [PSYoungGen: 53632K->1376K(54272K)] 352286K->300030K(728064K), 0.0030111 secs] [Times: user=0.01 sys=0.00, real=0.00 secs] 
2254.354: [GC (Allocation Failure) [PSYoungGen: 53600K->1360K(54272K)] 352254K->300014K(728064K), 0.0022667 secs] [Times: user=0.01 sys=0.00, real=0.00 secs] 
2254.833: [GC (Allocation Failure) [PSYoungGen: 53584K->1376K(54272K)] 352238K->300038K(728064K), 0.0023650 secs] [Times: user=0.01 sys=0.00, real=0.00 secs] 
2256.328: [GC (Allocation Failure) [PSYoungGen: 53600K->1376K(54272K)] 352262K->300038K(728064K), 0.0029137 secs] [Times: user=0.02 sys=0.00, real=0.01 secs] 
2256.946: [GC (Allocation Failure) [PSYoungGen: 53600K->1312K(54272K)] 352262K->299974K(728064K), 0.0017948 secs] [Times: user=0.01 sys=0.00, real=0.00 secs] 
2257.192: [GC (Allocation Failure) [PSYoungGen: 53536K->1376K(53760K)] 352198K->300038K(727552K), 0.0019366 secs] [Times: user=0.00 sys=0.00, real=0.00 secs] 
2257.448: [GC (Allocation Failure) [PSYoungGen: 53600K->1344K(53760K)] 352262K->300006K(727552K), 0.0020196 secs] [Times: user=0.01 sys=0.00, real=0.01 secs] 
2258.132: [GC (Allocation Failure) [PSYoungGen: 53568K->352K(53248K)] 352230K->300038K(727040K), 0.0022306 secs] [Times: user=0.01 sys=0.00, real=0.00 secs] 
2259.532: [GC (Allocation Failure) [PSYoungGen: 52576K->1424K(54272K)] 352262K->301111K(728064K), 0.0016818 secs] [Times: user=0.01 sys=0.00, real=0.00 secs] 
2261.694: [GC (Allocation Failure) [PSYoungGen: 53648K->1344K(54272K)] 353335K->301030K(728064K), 0.0039078 secs] [Times: user=0.01 sys=0.00, real=0.00 secs] 
2262.051: [GC (Allocation Failure) [PSYoungGen: 53568K->1376K(54272K)] 353254K->301062K(728064K), 0.0018011 secs] [Times: user=0.01 sys=0.00, real=0.00 secs] 
2262.268: [GC (Allocation Failure) [PSYoungGen: 53600K->1360K(54272K)] 353286K->301047K(728064K), 0.0017504 secs] [Times: user=0.01 sys=0.00, real=0.01 secs] 
2263.533: [GC (Allocation Failure) [PSYoungGen: 53584K->1376K(54272K)] 353271K->301062K(728064K), 0.0036569 secs] [Times: user=0.01 sys=0.00, real=0.00 secs] 
2264.331: [GC (Allocation Failure) [PSYoungGen: 53600K->1344K(54272K)] 353286K->301030K(728064K), 0.0037499 secs] [Times: user=0.02 sys=0.00, real=0.00 secs] 
2264.809: [GC (Allocation Failure) [PSYoungGen: 53568K->1296K(54272K)] 353254K->300983K(728064K), 0.0029469 secs] [Times: user=0.01 sys=0.00, real=0.00 secs] 
2265.271: [GC (Allocation Failure) [PSYoungGen: 53520K->1360K(54272K)] 353207K->301055K(728064K), 0.0024632 secs] [Times: user=0.01 sys=0.00, real=0.00 secs] 
2265.673: [GC (Allocation Failure) [PSYoungGen: 53584K->1344K(54272K)] 353279K->301038K(728064K), 0.0025194 secs] [Times: user=0.01 sys=0.00, real=0.00 secs] 
2266.906: [GC (Allocation Failure) [PSYoungGen: 53568K->1248K(54272K)] 353262K->300943K(728064K), 0.0014544 secs] [Times: user=0.00 sys=0.00, real=0.00 secs] 
2267.167: [GC (Allocation Failure) [PSYoungGen: 53472K->1344K(54272K)] 353167K->301038K(728064K), 0.0016563 secs] [Times: user=0.01 sys=0.00, real=0.01 secs] 
2267.400: [GC (Allocation Failure) [PSYoungGen: 53568K->1392K(54272K)] 353262K->301087K(728064K), 0.0016514 secs] [Times: user=0.00 sys=0.00, real=0.00 secs] 
2267.623: [GC (Allocation Failure) [PSYoungGen: 53616K->1376K(54272K)] 353311K->301070K(728064K), 0.0015636 secs] [Times: user=0.00 sys=0.00, real=0.00 secs] 
2267.855: [GC (Allocation Failure) [PSYoungGen: 53600K->1344K(53760K)] 353294K->301038K(727552K), 0.0016572 secs] [Times: user=0.01 sys=0.01, real=0.00 secs] 
2268.077: [GC (Allocation Failure) [PSYoungGen: 53568K->1408K(53760K)] 353262K->301102K(727552K), 0.0016404 secs] [Times: user=0.00 sys=0.00, real=0.00 secs] 
2269.265: [GC (Allocation Failure) [PSYoungGen: 53632K->1408K(54272K)] 353326K->301102K(728064K), 0.0019270 secs] [Times: user=0.01 sys=0.00, real=0.00 secs] 
2269.698: [GC (Allocation Failure) [PSYoungGen: 53632K->1408K(54272K)] 353326K->301102K(728064K), 0.0019557 secs] [Times: user=0.00 sys=0.00, real=0.01 secs] 
2270.235: [GC (Allocation Failure) [PSYoungGen: 53632K->1376K(54272K)] 353326K->301070K(728064K), 0.0019411 secs] [Times: user=0.00 sys=0.00, real=0.00 secs] 
2270.699: [GC (Allocation Failure) [PSYoungGen: 53600K->1376K(53760K)] 353294K->301070K(727552K), 0.0026028 secs] [Times: user=0.01 sys=0.00, real=0.01 secs] 
2271.066: [GC (Allocation Failure) [PSYoungGen: 53600K->1376K(53760K)] 353294K->301070K(727552K), 0.0021991 secs] [Times: user=0.01 sys=0.01, real=0.00 secs] 
2272.172: [GC (Allocation Failure) [PSYoungGen: 53600K->1408K(53760K)] 353294K->301126K(727552K), 0.0018051 secs] [Times: user=0.01 sys=0.00, real=0.00 secs] 
2272.427: [GC (Allocation Failure) [PSYoungGen: 53632K->1408K(53760K)] 353350K->301126K(727552K), 0.0018222 secs] [Times: user=0.00 sys=0.00, real=0.01 secs] 
2272.692: [GC (Allocation Failure) [PSYoungGen: 53632K->1312K(53760K)] 353350K->301030K(727552K), 0.0017568 secs] [Times: user=0.01 sys=0.00, real=0.00 secs] 
2272.913: [GC (Allocation Failure) [PSYoungGen: 53536K->1376K(53760K)] 353254K->301094K(727552K), 0.0018420 secs] [Times: user=0.00 sys=0.00, real=0.00 secs] 
2273.193: [GC (Allocation Failure) [PSYoungGen: 53600K->1376K(53760K)] 353318K->301094K(727552K), 0.0018875 secs] [Times: user=0.01 sys=0.00, real=0.00 secs] 
2273.410: [GC (Allocation Failure) [PSYoungGen: 53600K->1408K(53760K)] 353318K->301126K(727552K), 0.0018615 secs] [Times: user=0.00 sys=0.00, real=0.00 secs] 
2274.479: [GC (Allocation Failure) [PSYoungGen: 53632K->1408K(53760K)] 353350K->301126K(727552K), 0.0018558 secs] [Times: user=0.01 sys=0.00, real=0.00 secs] 
2274.703: [GC (Allocation Failure) [PSYoungGen: 53632K->1376K(53760K)] 353350K->301094K(727552K), 0.0019114 secs] [Times: user=0.01 sys=0.00, real=0.00 secs] 
2274.938: [GC (Allocation Failure) [PSYoungGen: 53600K->1376K(53760K)] 353318K->301094K(727552K), 0.0017709 secs] [Times: user=0.01 sys=0.00, real=0.01 secs] 
2275.226: [GC (Allocation Failure) [PSYoungGen: 53600K->1376K(53760K)] 353318K->301094K(727552K), 0.0019751 secs] [Times: user=0.00 sys=0.00, real=0.00 secs] 
2275.632: [GC (Allocation Failure) [PSYoungGen: 53600K->1360K(53760K)] 353318K->301079K(727552K), 0.0019660 secs] [Times: user=0.00 sys=0.00, real=0.00 secs] 
2276.940: [GC (Allocation Failure) [PSYoungGen: 53584K->1440K(53760K)] 353303K->301158K(727552K), 0.0019605 secs] [Times: user=0.01 sys=0.00, real=0.00 secs] 
2277.645: [GC (Allocation Failure) [PSYoungGen: 53664K->1344K(53760K)] 353382K->301062K(727552K), 0.0036430 secs] [Times: user=0.01 sys=0.00, real=0.00 secs] 
2278.230: [GC (Allocation Failure) [PSYoungGen: 53568K->1344K(53760K)] 353286K->301062K(727552K), 0.0025790 secs] [Times: user=0.01 sys=0.00, real=0.00 secs] 
2278.675: [GC (Allocation Failure) [PSYoungGen: 53568K->1376K(53760K)] 353286K->301094K(727552K), 0.0029645 secs] [Times: user=0.02 sys=0.00, real=0.00 secs] 
2279.147: [GC (Allocation Failure) [PSYoungGen: 53600K->1376K(53760K)] 353318K->301094K(727552K), 0.0025659 secs] [Times: user=0.01 sys=0.00, real=0.01 secs] 
2280.042: [GC (Allocation Failure) [PSYoungGen: 53600K->128K(53760K)] 353318K->299846K(727552K), 0.0013868 secs] [Times: user=0.01 sys=0.00, real=0.00 secs] 
2280.310: [GC (Allocation Failure) [PSYoungGen: 52352K->1376K(54272K)] 352070K->301094K(728064K), 0.0015977 secs] [Times: user=0.00 sys=0.01, real=0.00 secs] 
2280.575: [GC (Allocation Failure) [PSYoungGen: 53600K->1376K(54272K)] 353318K->301094K(728064K), 0.0016985 secs] [Times: user=0.01 sys=0.00, real=0.00 secs] 
2280.792: [GC (Allocation Failure) [PSYoungGen: 53600K->1408K(54272K)] 353318K->301126K(728064K), 0.0016871 secs] [Times: user=0.01 sys=0.00, real=0.00 secs] 
2281.064: [GC (Allocation Failure) [PSYoungGen: 53632K->1360K(54272K)] 353350K->301079K(728064K), 0.0018126 secs] [Times: user=0.00 sys=0.00, real=0.00 secs] 
2281.283: [GC (Allocation Failure) [PSYoungGen: 53584K->1376K(54272K)] 353303K->301110K(728064K), 0.0018763 secs] [Times: user=0.00 sys=0.00, real=0.00 secs] 
2282.842: [GC (Allocation Failure) [PSYoungGen: 53600K->1408K(54272K)] 353334K->301142K(728064K), 0.0035860 secs] [Times: user=0.02 sys=0.00, real=0.00 secs] 
2283.353: [GC (Allocation Failure) [PSYoungGen: 53632K->1312K(54272K)] 353366K->301046K(728064K), 0.0024629 secs] [Times: user=0.01 sys=0.00, real=0.00 secs] 
2283.863: [GC (Allocation Failure) [PSYoungGen: 53536K->1376K(54272K)] 353270K->301110K(728064K), 0.0026825 secs] [Times: user=0.01 sys=0.00, real=0.00 secs] 
2284.550: [GC (Allocation Failure) [PSYoungGen: 53600K->1408K(54272K)] 353334K->301142K(728064K), 0.0026887 secs] [Times: user=0.01 sys=0.00, real=0.00 secs] 
2285.205: [GC (Allocation Failure) [PSYoungGen: 53632K->1408K(54272K)] 353366K->301142K(728064K), 0.0026841 secs] [Times: user=0.02 sys=0.00, real=0.00 secs] 
2286.591: [GC (Allocation Failure) [PSYoungGen: 53632K->1952K(54272K)] 353366K->301687K(728064K), 0.0017934 secs] [Times: user=0.01 sys=0.00, real=0.00 secs] 
2286.848: [GC (Allocation Failure) [PSYoungGen: 54176K->1376K(54272K)] 353911K->301110K(728064K), 0.0017945 secs] [Times: user=0.00 sys=0.00, real=0.01 secs] 
2287.072: [GC (Allocation Failure) [PSYoungGen: 53600K->1376K(54272K)] 353334K->301110K(728064K), 0.0017634 secs] [Times: user=0.00 sys=0.00, real=0.00 secs] 
2287.347: [GC (Allocation Failure) [PSYoungGen: 53600K->1376K(54272K)] 353334K->301110K(728064K), 0.0018231 secs] [Times: user=0.01 sys=0.00, real=0.00 secs] 
2287.568: [GC (Allocation Failure) [PSYoungGen: 53600K->1376K(54272K)] 353334K->301110K(728064K), 0.0022536 secs] [Times: user=0.00 sys=0.00, real=0.01 secs] 
2287.796: [GC (Allocation Failure) [PSYoungGen: 53600K->1408K(54272K)] 353334K->301142K(728064K), 0.0018819 secs] [Times: user=0.01 sys=0.00, real=0.00 secs] 
2288.811: [GC (Allocation Failure) [PSYoungGen: 53632K->1440K(54272K)] 353366K->301174K(728064K), 0.0017874 secs] [Times: user=0.00 sys=0.00, real=0.00 secs] 
2289.034: [GC (Allocation Failure) [PSYoungGen: 53664K->1376K(54272K)] 353398K->301110K(728064K), 0.0018067 secs] [Times: user=0.01 sys=0.00, real=0.00 secs] 
2289.251: [GC (Allocation Failure) [PSYoungGen: 53600K->1376K(54272K)] 353334K->301110K(728064K), 0.0017990 secs] [Times: user=0.01 sys=0.00, real=0.00 secs] 
2289.558: [GC (Allocation Failure) [PSYoungGen: 53600K->1376K(54272K)] 353334K->301110K(728064K), 0.0029555 secs] [Times: user=0.01 sys=0.00, real=0.01 secs] 
2289.992: [GC (Allocation Failure) [PSYoungGen: 53600K->1408K(54272K)] 353334K->301142K(728064K), 0.0027212 secs] [Times: user=0.01 sys=0.00, real=0.00 secs] 
2291.123: [GC (Allocation Failure) [PSYoungGen: 53632K->1440K(54272K)] 353366K->301174K(728064K), 0.0017215 secs] [Times: user=0.01 sys=0.00, real=0.00 secs] 
2291.339: [GC (Allocation Failure) [PSYoungGen: 53664K->1344K(54272K)] 353398K->301094K(728064K), 0.0041279 secs] [Times: user=0.02 sys=0.00, real=0.00 secs] 
2291.558: [GC (Allocation Failure) [PSYoungGen: 53568K->1376K(54272K)] 353318K->301126K(728064K), 0.0015066 secs] [Times: user=0.01 sys=0.00, real=0.01 secs] 
2291.788: [GC (Allocation Failure) [PSYoungGen: 53600K->1376K(54272K)] 353350K->301126K(728064K), 0.0016727 secs] [Times: user=0.01 sys=0.00, real=0.01 secs] 
2292.114: [GC (Allocation Failure) [PSYoungGen: 53600K->1392K(53760K)] 353350K->301151K(727552K), 0.0017362 secs] [Times: user=0.01 sys=0.00, real=0.00 secs] 
2292.459: [GC (Allocation Failure) [PSYoungGen: 53616K->1408K(53760K)] 353375K->301166K(727552K), 0.0017033 secs] [Times: user=0.00 sys=0.00, real=0.00 secs] 
2294.097: [GC (Allocation Failure) [PSYoungGen: 53632K->1376K(53760K)] 353390K->301134K(727552K), 0.0034595 secs] [Times: user=0.02 sys=0.00, real=0.01 secs] 
2294.777: [GC (Allocation Failure) [PSYoungGen: 53600K->1344K(53760K)] 353358K->301110K(727552K), 0.0028307 secs] [Times: user=0.01 sys=0.00, real=0.01 secs] 
2295.434: [GC (Allocation Failure) [PSYoungGen: 53568K->1376K(53760K)] 353334K->301142K(727552K), 0.0024866 secs] [Times: user=0.01 sys=0.00, real=0.00 secs] 
2295.882: [GC (Allocation Failure) [PSYoungGen: 53600K->1376K(53760K)] 353366K->301142K(727552K), 0.0032592 secs] [Times: user=0.01 sys=0.00, real=0.00 secs] 
2296.587: [GC (Allocation Failure) [PSYoungGen: 53600K->1376K(53760K)] 353366K->301142K(727552K), 0.0038946 secs] [Times: user=0.01 sys=0.00, real=0.01 secs] 
2298.122: [GC (Allocation Failure) [PSYoungGen: 53600K->1440K(53760K)] 353366K->301222K(727552K), 0.0019540 secs] [Times: user=0.01 sys=0.00, real=0.00 secs] 
2298.340: [GC (Allocation Failure) [PSYoungGen: 53664K->1376K(53760K)] 353446K->301158K(727552K), 0.0018689 secs] [Times: user=0.01 sys=0.00, real=0.00 secs] 
2298.557: [GC (Allocation Failure) [PSYoungGen: 53600K->1376K(53760K)] 353382K->301158K(727552K), 0.0018061 secs] [Times: user=0.01 sys=0.00, real=0.00 secs] 
2298.773: [GC (Allocation Failure) [PSYoungGen: 53600K->1360K(53760K)] 353382K->301143K(727552K), 0.0019983 secs] [Times: user=0.01 sys=0.00, real=0.00 secs] 
2298.990: [GC (Allocation Failure) [PSYoungGen: 53584K->1376K(53760K)] 353367K->301158K(727552K), 0.0018908 secs] [Times: user=0.01 sys=0.00, real=0.00 secs] 
2299.936: [GC (Allocation Failure) [PSYoungGen: 53600K->1440K(53760K)] 353382K->302247K(727552K), 0.0017586 secs] [Times: user=0.00 sys=0.00, real=0.00 secs] 
2300.525: [GC (Allocation Failure) [PSYoungGen: 53664K->1408K(53760K)] 354471K->302215K(727552K), 0.0018660 secs] [Times: user=0.01 sys=0.00, real=0.00 secs] 
2301.120: [GC (Allocation Failure) [PSYoungGen: 53632K->1376K(53760K)] 354439K->302183K(727552K), 0.0029249 secs] [Times: user=0.02 sys=0.00, real=0.00 secs] 
2301.584: [GC (Allocation Failure) [PSYoungGen: 53600K->1344K(53760K)] 354407K->302151K(727552K), 0.0028698 secs] [Times: user=0.02 sys=0.00, real=0.00 secs] 
2302.050: [GC (Allocation Failure) [PSYoungGen: 53568K->1376K(53760K)] 354375K->302183K(727552K), 0.0025861 secs] [Times: user=0.01 sys=0.00, real=0.00 secs] 
2302.550: [GC (Allocation Failure) [PSYoungGen: 53600K->1344K(53760K)] 354407K->302167K(727552K), 0.0027376 secs] [Times: user=0.01 sys=0.00, real=0.00 secs] 
2303.664: [GC (Allocation Failure) [PSYoungGen: 53568K->1408K(53760K)] 354391K->302231K(727552K), 0.0022016 secs] [Times: user=0.00 sys=0.00, real=0.00 secs] 
2303.887: [GC (Allocation Failure) [PSYoungGen: 53632K->1392K(53760K)] 354455K->302215K(727552K), 0.0019411 secs] [Times: user=0.01 sys=0.00, real=0.00 secs] 
2304.104: [GC (Allocation Failure) [PSYoungGen: 53616K->1376K(53760K)] 354439K->302199K(727552K), 0.0018654 secs] [Times: user=0.01 sys=0.00, real=0.00 secs] 
2304.320: [GC (Allocation Failure) [PSYoungGen: 53600K->1376K(53760K)] 354423K->302199K(727552K), 0.0018782 secs] [Times: user=0.01 sys=0.00, real=0.00 secs] 
2304.587: [GC (Allocation Failure) [PSYoungGen: 53600K->1312K(53760K)] 354423K->302135K(727552K), 0.0019383 secs] [Times: user=0.01 sys=0.00, real=0.01 secs] 
2305.717: [GC (Allocation Failure) [PSYoungGen: 53536K->1408K(53760K)] 354359K->302231K(727552K), 0.0018504 secs] [Times: user=0.01 sys=0.00, real=0.01 secs] 
2306.510: [GC (Allocation Failure) [PSYoungGen: 53632K->1392K(53760K)] 354455K->302215K(727552K), 0.0020447 secs] [Times: user=0.01 sys=0.00, real=0.00 secs] 
2307.201: [GC (Allocation Failure) [PSYoungGen: 53616K->1376K(53760K)] 354439K->302199K(727552K), 0.0025938 secs] [Times: user=0.01 sys=0.00, real=0.00 secs] 
2307.763: [GC (Allocation Failure) [PSYoungGen: 53600K->1376K(53760K)] 354423K->302199K(727552K), 0.0026970 secs] [Times: user=0.01 sys=0.00, real=0.00 secs] 
2308.416: [GC (Allocation Failure) [PSYoungGen: 53600K->1408K(53760K)] 354423K->302231K(727552K), 0.0029411 secs] [Times: user=0.01 sys=0.00, real=0.00 secs] 
2308.979: [GC (Allocation Failure) [PSYoungGen: 53632K->1408K(53760K)] 354455K->302231K(727552K), 0.0025196 secs] [Times: user=0.01 sys=0.00, real=0.00 secs] 
2310.393: [GC (Allocation Failure) [PSYoungGen: 53632K->1408K(53760K)] 354455K->302231K(727552K), 0.0020238 secs] [Times: user=0.01 sys=0.00, real=0.00 secs] 
2310.909: [GC (Allocation Failure) [PSYoungGen: 53632K->1360K(53760K)] 354455K->302183K(727552K), 0.0023323 secs] [Times: user=0.01 sys=0.00, real=0.01 secs] 
2311.414: [GC (Allocation Failure) [PSYoungGen: 53584K->1376K(53760K)] 354407K->302199K(727552K), 0.0026606 secs] [Times: user=0.01 sys=0.00, real=0.00 secs] 
2311.842: [GC (Allocation Failure) [PSYoungGen: 53600K->1360K(53760K)] 354423K->302183K(727552K), 0.0048849 secs] [Times: user=0.02 sys=0.00, real=0.00 secs] 
2312.221: [GC (Allocation Failure) [PSYoungGen: 53584K->1376K(53760K)] 354407K->302199K(727552K), 0.0025572 secs] [Times: user=0.01 sys=0.00, real=0.00 secs] 
2313.327: [GC (Allocation Failure) [PSYoungGen: 53600K->1408K(53760K)] 354423K->302247K(727552K), 0.0017734 secs] [Times: user=0.01 sys=0.00, real=0.01 secs] 
2313.545: [GC (Allocation Failure) [PSYoungGen: 53632K->1376K(53760K)] 354471K->302215K(727552K), 0.0016529 secs] [Times: user=0.00 sys=0.00, real=0.00 secs] 
2313.761: [GC (Allocation Failure) [PSYoungGen: 53600K->1408K(53760K)] 354439K->302247K(727552K), 0.0019718 secs] [Times: user=0.00 sys=0.00, real=0.00 secs] 
2314.001: [GC (Allocation Failure) [PSYoungGen: 53632K->1376K(53760K)] 354471K->302215K(727552K), 0.0020236 secs] [Times: user=0.01 sys=0.00, real=0.00 secs] 
2314.247: [GC (Allocation Failure) [PSYoungGen: 53600K->1408K(53760K)] 354439K->302247K(727552K), 0.0022278 secs] [Times: user=0.01 sys=0.00, real=0.01 secs] 
2315.221: [GC (Allocation Failure) [PSYoungGen: 53632K->1504K(53760K)] 354471K->302415K(727552K), 0.0018228 secs] [Times: user=0.01 sys=0.00, real=0.00 secs] 
2315.491: [GC (Allocation Failure) [PSYoungGen: 53728K->1344K(53760K)] 354639K->302255K(727552K), 0.0018672 secs] [Times: user=0.01 sys=0.00, real=0.00 secs] 
2315.708: [GC (Allocation Failure) [PSYoungGen: 53568K->1344K(53760K)] 354479K->302255K(727552K), 0.0016651 secs] [Times: user=0.00 sys=0.00, real=0.01 secs] 
2315.936: [GC (Allocation Failure) [PSYoungGen: 53568K->1328K(53760K)] 354479K->302239K(727552K), 0.0017278 secs] [Times: user=0.00 sys=0.00, real=0.00 secs] 
2316.153: [GC (Allocation Failure) [PSYoungGen: 53552K->1328K(53760K)] 354463K->302239K(727552K), 0.0017378 secs] [Times: user=0.01 sys=0.00, real=0.00 secs] 
2316.370: [GC (Allocation Failure) [PSYoungGen: 53552K->1344K(53760K)] 354463K->302255K(727552K), 0.0017164 secs] [Times: user=0.00 sys=0.00, real=0.00 secs] 
2317.307: [GC (Allocation Failure) [PSYoungGen: 53568K->1440K(53760K)] 354479K->302351K(727552K), 0.0016345 secs] [Times: user=0.01 sys=0.00, real=0.01 secs] 
2317.524: [GC (Allocation Failure) [PSYoungGen: 53664K->1408K(53760K)] 354575K->302319K(727552K), 0.0015009 secs] [Times: user=0.01 sys=0.00, real=0.00 secs] 
2317.740: [GC (Allocation Failure) [PSYoungGen: 53632K->1408K(53760K)] 354543K->302319K(727552K), 0.0017339 secs] [Times: user=0.01 sys=0.00, real=0.00 secs] 
2317.959: [GC (Allocation Failure) [PSYoungGen: 53632K->1440K(53760K)] 354543K->302351K(727552K), 0.0027856 secs] [Times: user=0.01 sys=0.00, real=0.00 secs] 
2318.211: [GC (Allocation Failure) [PSYoungGen: 53664K->1376K(53760K)] 354575K->302287K(727552K), 0.0021350 secs] [Times: user=0.01 sys=0.00, real=0.00 secs] 
2319.405: [GC (Allocation Failure) [PSYoungGen: 53600K->1472K(53760K)] 354511K->302383K(727552K), 0.0017603 secs] [Times: user=0.01 sys=0.00, real=0.00 secs] 
2320.075: [GC (Allocation Failure) [PSYoungGen: 53696K->1456K(53760K)] 354607K->302383K(727552K), 0.0036612 secs] [Times: user=0.02 sys=0.00, real=0.00 secs] 
2320.702: [GC (Allocation Failure) [PSYoungGen: 53680K->1440K(53760K)] 354607K->302367K(727552K), 0.0033778 secs] [Times: user=0.01 sys=0.00, real=0.00 secs] 
2321.304: [GC (Allocation Failure) [PSYoungGen: 53664K->1440K(53760K)] 354591K->302367K(727552K), 0.0027969 secs] [Times: user=0.01 sys=0.00, real=0.00 secs] 
2321.728: [GC (Allocation Failure) [PSYoungGen: 53664K->1424K(53760K)] 354591K->302391K(727552K), 0.0028732 secs] [Times: user=0.01 sys=0.00, real=0.01 secs] 
2322.255: [GC (Allocation Failure) [PSYoungGen: 53648K->1376K(53760K)] 354615K->302343K(727552K), 0.0025548 secs] [Times: user=0.01 sys=0.00, real=0.00 secs] 
2324.140: [GC (Allocation Failure) [PSYoungGen: 53600K->1440K(53760K)] 354567K->302407K(727552K), 0.0031440 secs] [Times: user=0.01 sys=0.00, real=0.00 secs] 
2324.939: [GC (Allocation Failure) [PSYoungGen: 53664K->1376K(53760K)] 354631K->302343K(727552K), 0.0027985 secs] [Times: user=0.01 sys=0.00, real=0.00 secs] 
2325.726: [GC (Allocation Failure) [PSYoungGen: 53600K->1408K(53760K)] 354567K->302375K(727552K), 0.0030417 secs] [Times: user=0.01 sys=0.00, real=0.01 secs] 
2326.530: [GC (Allocation Failure) [PSYoungGen: 53632K->1344K(53760K)] 354599K->302311K(727552K), 0.0038817 secs] [Times: user=0.01 sys=0.00, real=0.00 secs] 
2327.201: [GC (Allocation Failure) [PSYoungGen: 53568K->1376K(53760K)] 354535K->302367K(727552K), 0.0032783 secs] [Times: user=0.01 sys=0.00, real=0.00 secs] 
2328.909: [GC (Allocation Failure) [PSYoungGen: 53600K->1408K(53760K)] 354591K->302399K(727552K), 0.0025885 secs] [Times: user=0.01 sys=0.00, real=0.00 secs] 
2329.537: [GC (Allocation Failure) [PSYoungGen: 53632K->1376K(53760K)] 354623K->302367K(727552K), 0.0021178 secs] [Times: user=0.00 sys=0.00, real=0.01 secs] 
2330.047: [GC (Allocation Failure) [PSYoungGen: 53600K->1344K(53760K)] 354591K->302335K(727552K), 0.0018960 secs] [Times: user=0.00 sys=0.00, real=0.00 secs] 
2330.687: [GC (Allocation Failure) [PSYoungGen: 53568K->1344K(53760K)] 354559K->302335K(727552K), 0.0023029 secs] [Times: user=0.01 sys=0.00, real=0.01 secs] 
2331.173: [GC (Allocation Failure) [PSYoungGen: 53568K->1360K(53760K)] 354559K->302351K(727552K), 0.0022347 secs] [Times: user=0.01 sys=0.00, real=0.00 secs] 
2332.522: [GC (Allocation Failure) [PSYoungGen: 53584K->1504K(53760K)] 354575K->302596K(727552K), 0.0018013 secs] [Times: user=0.01 sys=0.00, real=0.00 secs] 
2333.073: [GC (Allocation Failure) [PSYoungGen: 53728K->1312K(54272K)] 354820K->302404K(728064K), 0.0020505 secs] [Times: user=0.01 sys=0.00, real=0.00 secs] 
2333.528: [GC (Allocation Failure) [PSYoungGen: 53536K->1312K(54272K)] 354628K->302404K(728064K), 0.0019699 secs] [Times: user=0.00 sys=0.00, real=0.01 secs] 
2334.038: [GC (Allocation Failure) [PSYoungGen: 53536K->1264K(54272K)] 354628K->302356K(728064K), 0.0027392 secs] [Times: user=0.01 sys=0.00, real=0.01 secs] 
2334.575: [GC (Allocation Failure) [PSYoungGen: 53488K->1280K(54272K)] 354580K->302372K(728064K), 0.0025833 secs] [Times: user=0.02 sys=0.00, real=0.00 secs] 
2335.087: [GC (Allocation Failure) [PSYoungGen: 53504K->1280K(54272K)] 354596K->302380K(728064K), 0.0038363 secs] [Times: user=0.02 sys=0.00, real=0.01 secs] 
2336.229: [GC (Allocation Failure) [PSYoungGen: 53504K->1504K(54272K)] 354604K->302604K(728064K), 0.0023193 secs] [Times: user=0.00 sys=0.00, real=0.00 secs] 
2336.688: [GC (Allocation Failure) [PSYoungGen: 53728K->1456K(54272K)] 354828K->302556K(728064K), 0.0025693 secs] [Times: user=0.01 sys=0.00, real=0.01 secs] 
2337.317: [GC (Allocation Failure) [PSYoungGen: 53680K->1408K(54272K)] 354780K->302508K(728064K), 0.0027462 secs] [Times: user=0.01 sys=0.00, real=0.01 secs] 
2337.928: [GC (Allocation Failure) [PSYoungGen: 53632K->1472K(54272K)] 354732K->302572K(728064K), 0.0028096 secs] [Times: user=0.01 sys=0.00, real=0.01 secs] 
2338.532: [GC (Allocation Failure) [PSYoungGen: 53696K->1424K(54272K)] 354796K->302524K(728064K), 0.0026819 secs] [Times: user=0.01 sys=0.00, real=0.00 secs] 
2339.852: [GC (Allocation Failure) [PSYoungGen: 53648K->1472K(54272K)] 354748K->302572K(728064K), 0.0016518 secs] [Times: user=0.01 sys=0.00, real=0.00 secs] 
2340.069: [GC (Allocation Failure) [PSYoungGen: 53696K->1456K(54272K)] 354796K->302556K(728064K), 0.0015631 secs] [Times: user=0.01 sys=0.00, real=0.00 secs] 
2340.402: [GC (Allocation Failure) [PSYoungGen: 53680K->1408K(54272K)] 354780K->302508K(728064K), 0.0017212 secs] [Times: user=0.01 sys=0.00, real=0.00 secs] 
2340.642: [GC (Allocation Failure) [PSYoungGen: 53632K->1440K(54272K)] 354732K->302540K(728064K), 0.0016422 secs] [Times: user=0.01 sys=0.00, real=0.00 secs] 
2340.858: [GC (Allocation Failure) [PSYoungGen: 53664K->1376K(54272K)] 354764K->302554K(728064K), 0.0017582 secs] [Times: user=0.01 sys=0.00, real=0.01 secs] 
2341.171: [GC (Allocation Failure) [PSYoungGen: 53600K->1408K(54272K)] 354778K->302586K(728064K), 0.0017826 secs] [Times: user=0.01 sys=0.00, real=0.00 secs] 
2342.124: [GC (Allocation Failure) [PSYoungGen: 53632K->1408K(53760K)] 354810K->302586K(727552K), 0.0017230 secs] [Times: user=0.00 sys=0.00, real=0.00 secs] 
2342.341: [GC (Allocation Failure) [PSYoungGen: 53632K->1376K(53760K)] 354810K->302578K(727552K), 0.0017117 secs] [Times: user=0.01 sys=0.00, real=0.00 secs] 
2342.558: [GC (Allocation Failure) [PSYoungGen: 53600K->352K(53248K)] 354802K->302578K(727040K), 0.0041014 secs] [Times: user=0.01 sys=0.00, real=0.01 secs] 
2342.777: [GC (Allocation Failure) [PSYoungGen: 52576K->320K(54272K)] 354802K->302546K(728064K), 0.0029471 secs] [Times: user=0.01 sys=0.00, real=0.01 secs] 
2342.994: [GC (Allocation Failure) [PSYoungGen: 52544K->384K(52736K)] 354770K->302618K(726528K), 0.0016583 secs] [Times: user=0.00 sys=0.00, real=0.00 secs] 
2344.278: [GC (Allocation Failure) [PSYoungGen: 52608K->1440K(54272K)] 354842K->303674K(728064K), 0.0021671 secs] [Times: user=0.01 sys=0.01, real=0.01 secs] 
2344.898: [GC (Allocation Failure) [PSYoungGen: 53664K->1376K(53760K)] 355898K->303610K(727552K), 0.0022326 secs] [Times: user=0.01 sys=0.00, real=0.01 secs] 
2345.404: [GC (Allocation Failure) [PSYoungGen: 53600K->1408K(53760K)] 355834K->303642K(727552K), 0.0021360 secs] [Times: user=0.01 sys=0.00, real=0.00 secs] 
2345.687: [GC (Allocation Failure) [PSYoungGen: 53632K->1376K(53760K)] 355866K->303610K(727552K), 0.0017998 secs] [Times: user=0.01 sys=0.00, real=0.00 secs] 
2345.904: [GC (Allocation Failure) [PSYoungGen: 53600K->1376K(53760K)] 355834K->303610K(727552K), 0.0020059 secs] [Times: user=0.00 sys=0.00, real=0.00 secs] 
2347.089: [GC (Allocation Failure) [PSYoungGen: 53599K->1408K(53760K)] 355833K->303642K(727552K), 0.0015147 secs] [Times: user=0.01 sys=0.00, real=0.00 secs] 
2347.702: [GC (Allocation Failure) [PSYoungGen: 53632K->1376K(53760K)] 355866K->303610K(727552K), 0.0021212 secs] [Times: user=0.01 sys=0.00, real=0.00 secs] 
2347.987: [GC (Allocation Failure) [PSYoungGen: 53600K->1376K(53760K)] 355834K->303610K(727552K), 0.0027497 secs] [Times: user=0.01 sys=0.00, real=0.01 secs] 
2348.204: [GC (Allocation Failure) [PSYoungGen: 53600K->1376K(53760K)] 355834K->303610K(727552K), 0.0019731 secs] [Times: user=0.01 sys=0.00, real=0.00 secs] 
2348.592: [GC (Allocation Failure) [PSYoungGen: 53600K->1344K(53760K)] 355834K->303578K(727552K), 0.0019728 secs] [Times: user=0.00 sys=0.00, real=0.00 secs] 
2349.084: [GC (Allocation Failure) [PSYoungGen: 53568K->1376K(54272K)] 355802K->303610K(728064K), 0.0020158 secs] [Times: user=0.01 sys=0.00, real=0.00 secs] 
2350.302: [GC (Allocation Failure) [PSYoungGen: 53600K->1440K(54272K)] 355834K->303674K(728064K), 0.0017879 secs] [Times: user=0.01 sys=0.00, real=0.00 secs] 
2350.784: [GC (Allocation Failure) [PSYoungGen: 53664K->1344K(54272K)] 355898K->303578K(728064K), 0.0018205 secs] [Times: user=0.00 sys=0.00, real=0.00 secs] 
2351.098: [GC (Allocation Failure) [PSYoungGen: 53568K->1408K(54272K)] 355802K->303642K(728064K), 0.0018186 secs] [Times: user=0.01 sys=0.00, real=0.01 secs] 
2351.378: [GC (Allocation Failure) [PSYoungGen: 53632K->1376K(54272K)] 355866K->303610K(728064K), 0.0018689 secs] [Times: user=0.01 sys=0.00, real=0.01 secs] 
2351.737: [GC (Allocation Failure) [PSYoungGen: 53600K->1392K(54272K)] 355834K->303650K(728064K), 0.0018150 secs] [Times: user=0.00 sys=0.00, real=0.01 secs] 
2352.993: [GC (Allocation Failure) [PSYoungGen: 53616K->1440K(54272K)] 355874K->303698K(728064K), 0.0019309 secs] [Times: user=0.01 sys=0.00, real=0.00 secs] 
2353.706: [GC (Allocation Failure) [PSYoungGen: 53664K->1392K(54272K)] 355922K->303650K(728064K), 0.0017775 secs] [Times: user=0.00 sys=0.00, real=0.00 secs] 
2354.456: [GC (Allocation Failure) [PSYoungGen: 53616K->1408K(54272K)] 355874K->303666K(728064K), 0.0018611 secs] [Times: user=0.01 sys=0.00, real=0.00 secs] 
2354.742: [GC (Allocation Failure) [PSYoungGen: 53632K->1344K(54272K)] 355890K->303602K(728064K), 0.0019832 secs] [Times: user=0.01 sys=0.00, real=0.00 secs] 
2355.046: [GC (Allocation Failure) [PSYoungGen: 53568K->1344K(54272K)] 355826K->303602K(728064K), 0.0018392 secs] [Times: user=0.00 sys=0.00, real=0.00 secs] 
2355.289: [GC (Allocation Failure) [PSYoungGen: 53568K->1376K(54272K)] 355826K->303634K(728064K), 0.0017186 secs] [Times: user=0.01 sys=0.00, real=0.00 secs] 
2356.482: [GC (Allocation Failure) [PSYoungGen: 53600K->1424K(54272K)] 355858K->303682K(728064K), 0.0020191 secs] [Times: user=0.00 sys=0.00, real=0.00 secs] 
2356.941: [GC (Allocation Failure) [PSYoungGen: 53648K->1408K(54272K)] 355906K->303666K(728064K), 0.0019938 secs] [Times: user=0.01 sys=0.00, real=0.00 secs] 
2357.204: [GC (Allocation Failure) [PSYoungGen: 53632K->1344K(54272K)] 355890K->303602K(728064K), 0.0020645 secs] [Times: user=0.01 sys=0.00, real=0.00 secs] 
2357.466: [GC (Allocation Failure) [PSYoungGen: 53568K->1376K(54272K)] 355826K->303634K(728064K), 0.0018063 secs] [Times: user=0.00 sys=0.00, real=0.00 secs] 
2357.682: [GC (Allocation Failure) [PSYoungGen: 53600K->1344K(54272K)] 355858K->303602K(728064K), 0.0017755 secs] [Times: user=0.01 sys=0.00, real=0.00 secs] 
2358.970: [GC (Allocation Failure) [PSYoungGen: 53568K->1440K(54272K)] 355826K->303698K(728064K), 0.0020061 secs] [Times: user=0.01 sys=0.00, real=0.00 secs] 
2359.924: [GC (Allocation Failure) [PSYoungGen: 53664K->1360K(54272K)] 355922K->303618K(728064K), 0.0038270 secs] [Times: user=0.02 sys=0.00, real=0.00 secs] 
2360.494: [GC (Allocation Failure) [PSYoungGen: 53584K->1344K(53760K)] 355842K->303602K(727552K), 0.0033706 secs] [Times: user=0.01 sys=0.00, real=0.00 secs] 
2360.974: [GC (Allocation Failure) [PSYoungGen: 53568K->1408K(53760K)] 355826K->303666K(727552K), 0.0025621 secs] [Times: user=0.01 sys=0.00, real=0.00 secs] 
2361.534: [GC (Allocation Failure) [PSYoungGen: 53632K->368K(53248K)] 355890K->303650K(727040K), 0.0023019 secs] [Times: user=0.01 sys=0.00, real=0.00 secs] 
2361.929: [GC (Allocation Failure) [PSYoungGen: 52592K->320K(54272K)] 355874K->303618K(728064K), 0.0025678 secs] [Times: user=0.01 sys=0.00, real=0.01 secs] 
2363.617: [GC (Allocation Failure) [PSYoungGen: 52544K->1408K(54272K)] 355842K->304706K(728064K), 0.0035643 secs] [Times: user=0.02 sys=0.00, real=0.01 secs] 
2364.447: [GC (Allocation Failure) [PSYoungGen: 53632K->1376K(54272K)] 356930K->304674K(728064K), 0.0026418 secs] [Times: user=0.01 sys=0.01, real=0.01 secs] 
2365.009: [GC (Allocation Failure) [PSYoungGen: 53600K->1376K(54272K)] 356898K->304674K(728064K), 0.0025725 secs] [Times: user=0.01 sys=0.00, real=0.00 secs] 
2365.459: [GC (Allocation Failure) [PSYoungGen: 53600K->1408K(54272K)] 356898K->304706K(728064K), 0.0022973 secs] [Times: user=0.01 sys=0.00, real=0.01 secs] 
2365.676: [GC (Allocation Failure) [PSYoungGen: 53632K->1408K(54272K)] 356930K->304706K(728064K), 0.0018842 secs] [Times: user=0.01 sys=0.00, real=0.00 secs] 
2367.824: [GC (Allocation Failure) [PSYoungGen: 53632K->1408K(54272K)] 356930K->304706K(728064K), 0.0039959 secs] [Times: user=0.02 sys=0.00, real=0.00 secs] 
2368.690: [GC (Allocation Failure) [PSYoungGen: 53632K->1376K(54272K)] 356930K->304674K(728064K), 0.0038288 secs] [Times: user=0.02 sys=0.00, real=0.00 secs] 
2369.180: [GC (Allocation Failure) [PSYoungGen: 53600K->1376K(54272K)] 356898K->304674K(728064K), 0.0040833 secs] [Times: user=0.01 sys=0.00, real=0.00 secs] 
2369.630: [GC (Allocation Failure) [PSYoungGen: 53600K->1376K(54272K)] 356898K->304674K(728064K), 0.0025346 secs] [Times: user=0.01 sys=0.00, real=0.00 secs] 
2369.865: [GC (Allocation Failure) [PSYoungGen: 53600K->1360K(54272K)] 356898K->304658K(728064K), 0.0019187 secs] [Times: user=0.01 sys=0.00, real=0.00 secs] 
2370.947: [GC (Allocation Failure) [PSYoungGen: 53584K->1920K(54272K)] 356882K->305218K(728064K), 0.0017848 secs] [Times: user=0.01 sys=0.00, real=0.01 secs] 
2371.488: [GC (Allocation Failure) [PSYoungGen: 54144K->1376K(54272K)] 357442K->304674K(728064K), 0.0025442 secs] [Times: user=0.01 sys=0.00, real=0.01 secs] 
2372.086: [GC (Allocation Failure) [PSYoungGen: 53600K->1344K(54272K)] 356898K->304642K(728064K), 0.0028369 secs] [Times: user=0.01 sys=0.00, real=0.00 secs] 
2372.676: [GC (Allocation Failure) [PSYoungGen: 53568K->1344K(54272K)] 356866K->304642K(728064K), 0.0030708 secs] [Times: user=0.01 sys=0.00, real=0.01 secs] 
2373.225: [GC (Allocation Failure) [PSYoungGen: 53568K->1328K(54272K)] 356866K->304626K(728064K), 0.0024414 secs] [Times: user=0.01 sys=0.00, real=0.00 secs] 
2373.882: [GC (Allocation Failure) [PSYoungGen: 53552K->1408K(54272K)] 356850K->304714K(728064K), 0.0026332 secs] [Times: user=0.00 sys=0.00, real=0.00 secs] 
2375.906: [GC (Allocation Failure) [PSYoungGen: 53632K->1408K(54272K)] 356938K->304722K(728064K), 0.0033662 secs] [Times: user=0.01 sys=0.00, real=0.01 secs] 
2376.196: [GC (Allocation Failure) [PSYoungGen: 53632K->1408K(54272K)] 356946K->304722K(728064K), 0.0019114 secs] [Times: user=0.00 sys=0.01, real=0.00 secs] 
2376.413: [GC (Allocation Failure) [PSYoungGen: 53632K->1376K(54272K)] 356946K->304690K(728064K), 0.0017583 secs] [Times: user=0.00 sys=0.00, real=0.00 secs] 
2376.629: [GC (Allocation Failure) [PSYoungGen: 53600K->1312K(54272K)] 356914K->304626K(728064K), 0.0019651 secs] [Times: user=0.01 sys=0.00, real=0.00 secs] 
2376.869: [GC (Allocation Failure) [PSYoungGen: 53536K->1376K(54272K)] 356850K->304690K(728064K), 0.0017040 secs] [Times: user=0.01 sys=0.00, real=0.00 secs] 
2377.778: [GC (Allocation Failure) [PSYoungGen: 53600K->1408K(54272K)] 356914K->304722K(728064K), 0.0017399 secs] [Times: user=0.01 sys=0.00, real=0.01 secs] 
2377.994: [GC (Allocation Failure) [PSYoungGen: 53632K->1376K(54272K)] 356946K->304690K(728064K), 0.0017496 secs] [Times: user=0.01 sys=0.00, real=0.00 secs] 
2378.211: [GC (Allocation Failure) [PSYoungGen: 53600K->1408K(54272K)] 356914K->304722K(728064K), 0.0017276 secs] [Times: user=0.00 sys=0.00, real=0.00 secs] 
2378.428: [GC (Allocation Failure) [PSYoungGen: 53632K->1408K(54272K)] 356946K->304722K(728064K), 0.0016872 secs] [Times: user=0.01 sys=0.00, real=0.01 secs] 
2378.644: [GC (Allocation Failure) [PSYoungGen: 53632K->1376K(54272K)] 356946K->304690K(728064K), 0.0017419 secs] [Times: user=0.01 sys=0.00, real=0.00 secs] 
2378.861: [GC (Allocation Failure) [PSYoungGen: 53600K->1392K(53760K)] 356914K->304706K(727552K), 0.0017888 secs] [Times: user=0.01 sys=0.00, real=0.00 secs] 
2380.293: [GC (Allocation Failure) [PSYoungGen: 53616K->1408K(53760K)] 356930K->304722K(727552K), 0.0022298 secs] [Times: user=0.01 sys=0.00, real=0.00 secs] 
2380.850: [GC (Allocation Failure) [PSYoungGen: 53632K->352K(53248K)] 356946K->304690K(727040K), 0.0032958 secs] [Times: user=0.01 sys=0.00, real=0.00 secs] 
2381.325: [GC (Allocation Failure) [PSYoungGen: 52576K->336K(54272K)] 356914K->304674K(728064K), 0.0029318 secs] [Times: user=0.01 sys=0.00, real=0.00 secs] 
2381.913: [GC (Allocation Failure) [PSYoungGen: 52560K->320K(54272K)] 356898K->304674K(728064K), 0.0031093 secs] [Times: user=0.01 sys=0.00, real=0.00 secs] 
2382.557: [GC (Allocation Failure) [PSYoungGen: 52544K->320K(54272K)] 356898K->304674K(728064K), 0.0031108 secs] [Times: user=0.01 sys=0.00, real=0.01 secs] 
2384.268: [GC (Allocation Failure) [PSYoungGen: 52544K->1408K(54272K)] 356898K->305762K(728064K), 0.0039002 secs] [Times: user=0.02 sys=0.00, real=0.01 secs] 
2384.905: [GC (Allocation Failure) [PSYoungGen: 53632K->1376K(54272K)] 357986K->305730K(728064K), 0.0034906 secs] [Times: user=0.01 sys=0.00, real=0.00 secs] 
2385.523: [GC (Allocation Failure) [PSYoungGen: 53600K->1392K(54272K)] 357954K->305746K(728064K), 0.0026525 secs] [Times: user=0.01 sys=0.00, real=0.00 secs] 
2386.209: [GC (Allocation Failure) [PSYoungGen: 53616K->1376K(54272K)] 357970K->305730K(728064K), 0.0027743 secs] [Times: user=0.01 sys=0.00, real=0.01 secs] 
2386.893: [GC (Allocation Failure) [PSYoungGen: 53600K->1360K(54272K)] 357954K->305714K(728064K), 0.0037240 secs] [Times: user=0.02 sys=0.01, real=0.00 secs] 
2388.220: [GC (Allocation Failure) [PSYoungGen: 53584K->1632K(54272K)] 357938K->305986K(728064K), 0.0016852 secs] [Times: user=0.01 sys=0.00, real=0.00 secs] 
2388.700: [GC (Allocation Failure) [PSYoungGen: 53856K->1344K(54784K)] 358210K->305698K(728576K), 0.0030135 secs] [Times: user=0.01 sys=0.00, real=0.00 secs] 
2388.937: [GC (Allocation Failure) [PSYoungGen: 53568K->1408K(54784K)] 357922K->305762K(728576K), 0.0026490 secs] [Times: user=0.01 sys=0.00, real=0.01 secs] 
2389.158: [GC (Allocation Failure) [PSYoungGen: 53632K->1408K(53760K)] 357986K->305762K(727552K), 0.0020041 secs] [Times: user=0.00 sys=0.00, real=0.01 secs] 
2389.375: [GC (Allocation Failure) [PSYoungGen: 53632K->1344K(54272K)] 357986K->305698K(728064K), 0.0017817 secs] [Times: user=0.01 sys=0.00, real=0.00 secs] 
2389.592: [GC (Allocation Failure) [PSYoungGen: 53568K->1376K(54272K)] 357922K->305730K(728064K), 0.0018846 secs] [Times: user=0.01 sys=0.00, real=0.00 secs] 
2390.844: [GC (Allocation Failure) [PSYoungGen: 53600K->1376K(54272K)] 357954K->305730K(728064K), 0.0018467 secs] [Times: user=0.01 sys=0.00, real=0.00 secs] 
2391.352: [GC (Allocation Failure) [PSYoungGen: 53600K->1408K(54272K)] 357954K->305762K(728064K), 0.0017961 secs] [Times: user=0.01 sys=0.00, real=0.00 secs] 
2392.455: [GC (Allocation Failure) [PSYoungGen: 53632K->1344K(54272K)] 357986K->305698K(728064K), 0.0027431 secs] [Times: user=0.01 sys=0.00, real=0.00 secs] 
2393.564: [GC (Allocation Failure) [PSYoungGen: 53568K->1376K(54272K)] 357922K->305730K(728064K), 0.0027441 secs] [Times: user=0.01 sys=0.01, real=0.00 secs] 
2394.552: [GC (Allocation Failure) [PSYoungGen: 53600K->1376K(54272K)] 357954K->305738K(728064K), 0.0028632 secs] [Times: user=0.01 sys=0.00, real=0.00 secs] 
2395.737: [GC (Allocation Failure) [PSYoungGen: 53600K->1472K(54272K)] 357962K->305834K(728064K), 0.0015651 secs] [Times: user=0.01 sys=0.00, real=0.00 secs] 
2396.152: [GC (Allocation Failure) [PSYoungGen: 53696K->1472K(54272K)] 358058K->305834K(728064K), 0.0015929 secs] [Times: user=0.01 sys=0.00, real=0.00 secs] 
2396.652: [GC (Allocation Failure) [PSYoungGen: 53696K->1408K(54272K)] 358058K->305770K(728064K), 0.0019297 secs] [Times: user=0.00 sys=0.00, real=0.00 secs] 
2397.106: [GC (Allocation Failure) [PSYoungGen: 53632K->1408K(54272K)] 357994K->305770K(728064K), 0.0018586 secs] [Times: user=0.00 sys=0.00, real=0.00 secs] 
2397.593: [GC (Allocation Failure) [PSYoungGen: 53632K->1440K(54272K)] 357994K->305802K(728064K), 0.0023377 secs] [Times: user=0.01 sys=0.00, real=0.00 secs] 
2398.111: [GC (Allocation Failure) [PSYoungGen: 53664K->1376K(54272K)] 358026K->305738K(728064K), 0.0021896 secs] [Times: user=0.01 sys=0.00, real=0.00 secs] 
2399.477: [GC (Allocation Failure) [PSYoungGen: 53600K->1408K(54272K)] 357962K->305770K(728064K), 0.0017891 secs] [Times: user=0.01 sys=0.00, real=0.01 secs] 
2399.936: [GC (Allocation Failure) [PSYoungGen: 53632K->1360K(54272K)] 357994K->305722K(728064K), 0.0038338 secs] [Times: user=0.02 sys=0.00, real=0.01 secs] 
2400.501: [GC (Allocation Failure) [PSYoungGen: 53584K->1408K(54272K)] 357946K->305770K(728064K), 0.0030802 secs] [Times: user=0.01 sys=0.00, real=0.00 secs] 
2401.110: [GC (Allocation Failure) [PSYoungGen: 53632K->1376K(54272K)] 357994K->305738K(728064K), 0.0037025 secs] [Times: user=0.02 sys=0.00, real=0.00 secs] 
2401.693: [GC (Allocation Failure) [PSYoungGen: 53600K->1376K(54272K)] 357962K->305738K(728064K), 0.0033067 secs] [Times: user=0.01 sys=0.01, real=0.00 secs] 
2402.910: [GC (Allocation Failure) [PSYoungGen: 53600K->1440K(54272K)] 357962K->305802K(728064K), 0.0017806 secs] [Times: user=0.01 sys=0.01, real=0.00 secs] 
2403.329: [GC (Allocation Failure) [PSYoungGen: 53664K->1376K(54272K)] 358026K->305738K(728064K), 0.0019316 secs] [Times: user=0.01 sys=0.00, real=0.00 secs] 
2403.758: [GC (Allocation Failure) [PSYoungGen: 53600K->1408K(54272K)] 357962K->305770K(728064K), 0.0031634 secs] [Times: user=0.01 sys=0.00, real=0.01 secs] 
2404.245: [GC (Allocation Failure) [PSYoungGen: 53632K->1408K(54272K)] 357994K->305778K(728064K), 0.0025293 secs] [Times: user=0.01 sys=0.00, real=0.00 secs] 
2404.691: [GC (Allocation Failure) [PSYoungGen: 53632K->1344K(54272K)] 358002K->305730K(728064K), 0.0032686 secs] [Times: user=0.01 sys=0.00, real=0.00 secs] 
2406.201: [GC (Allocation Failure) [PSYoungGen: 53568K->1248K(54272K)] 357954K->305634K(728064K), 0.0015917 secs] [Times: user=0.00 sys=0.00, real=0.00 secs] 
2406.971: [GC (Allocation Failure) [PSYoungGen: 53472K->1376K(54272K)] 357858K->305762K(728064K), 0.0024887 secs] [Times: user=0.01 sys=0.00, real=0.00 secs] 
2407.683: [GC (Allocation Failure) [PSYoungGen: 53600K->1312K(53760K)] 357986K->305698K(727552K), 0.0027538 secs] [Times: user=0.01 sys=0.00, real=0.00 secs] 
2408.315: [GC (Allocation Failure) [PSYoungGen: 53536K->1312K(53760K)] 357922K->305698K(727552K), 0.0034912 secs] [Times: user=0.01 sys=0.00, real=0.01 secs] 
2408.546: [GC (Allocation Failure) [PSYoungGen: 53536K->320K(53248K)] 357922K->305730K(727040K), 0.0019215 secs] [Times: user=0.01 sys=0.00, real=0.00 secs] 
2408.763: [GC (Allocation Failure) [PSYoungGen: 52544K->320K(54272K)] 357954K->305730K(728064K), 0.0019173 secs] [Times: user=0.01 sys=0.00, real=0.00 secs] 
2409.833: [GC (Allocation Failure) [PSYoungGen: 52544K->1424K(54272K)] 357954K->306834K(728064K), 0.0015997 secs] [Times: user=0.01 sys=0.00, real=0.00 secs] 
2410.324: [GC (Allocation Failure) [PSYoungGen: 53648K->1344K(54272K)] 359058K->306754K(728064K), 0.0018168 secs] [Times: user=0.01 sys=0.00, real=0.00 secs] 
2410.743: [GC (Allocation Failure) [PSYoungGen: 53568K->1408K(54272K)] 358978K->306818K(728064K), 0.0018204 secs] [Times: user=0.01 sys=0.00, real=0.00 secs] 
2411.163: [GC (Allocation Failure) [PSYoungGen: 53632K->1376K(54272K)] 359042K->306786K(728064K), 0.0018343 secs] [Times: user=0.01 sys=0.00, real=0.00 secs] 
2411.464: [GC (Allocation Failure) [PSYoungGen: 53600K->1408K(54272K)] 359010K->306826K(728064K), 0.0018204 secs] [Times: user=0.01 sys=0.00, real=0.00 secs] 
2412.564: [GC (Allocation Failure) [PSYoungGen: 53632K->1408K(54272K)] 359050K->306826K(728064K), 0.0016305 secs] [Times: user=0.00 sys=0.00, real=0.00 secs] 
2413.187: [GC (Allocation Failure) [PSYoungGen: 53632K->1408K(54272K)] 359050K->306842K(728064K), 0.0025965 secs] [Times: user=0.01 sys=0.00, real=0.01 secs] 
2413.444: [GC (Allocation Failure) [PSYoungGen: 53632K->1344K(54272K)] 359066K->306778K(728064K), 0.0022181 secs] [Times: user=0.01 sys=0.00, real=0.00 secs] 
2413.740: [GC (Allocation Failure) [PSYoungGen: 53568K->1344K(54272K)] 359002K->306778K(728064K), 0.0021307 secs] [Times: user=0.01 sys=0.00, real=0.00 secs] 
2414.044: [GC (Allocation Failure) [PSYoungGen: 53568K->1344K(54272K)] 359002K->306778K(728064K), 0.0020722 secs] [Times: user=0.01 sys=0.00, real=0.00 secs] 
2414.351: [GC (Allocation Failure) [PSYoungGen: 53568K->1376K(54272K)] 359002K->306810K(728064K), 0.0018569 secs] [Times: user=0.00 sys=0.00, real=0.00 secs] 
2415.317: [GC (Allocation Failure) [PSYoungGen: 53600K->1376K(54272K)] 359034K->306818K(728064K), 0.0016885 secs] [Times: user=0.01 sys=0.00, real=0.00 secs] 
2415.533: [GC (Allocation Failure) [PSYoungGen: 53600K->1408K(54272K)] 359042K->306850K(728064K), 0.0016350 secs] [Times: user=0.01 sys=0.00, real=0.00 secs] 
2415.750: [GC (Allocation Failure) [PSYoungGen: 53632K->1344K(54272K)] 359074K->306786K(728064K), 0.0018154 secs] [Times: user=0.01 sys=0.00, real=0.00 secs] 
2415.967: [GC (Allocation Failure) [PSYoungGen: 53568K->1376K(54272K)] 359010K->306818K(728064K), 0.0015305 secs] [Times: user=0.01 sys=0.00, real=0.00 secs] 
2416.184: [GC (Allocation Failure) [PSYoungGen: 53600K->1376K(54272K)] 359042K->306826K(728064K), 0.0015076 secs] [Times: user=0.01 sys=0.00, real=0.00 secs] 
2417.239: [GC (Allocation Failure) [PSYoungGen: 53600K->1408K(54272K)] 359050K->306858K(728064K), 0.0018358 secs] [Times: user=0.01 sys=0.00, real=0.00 secs] 
2417.811: [GC (Allocation Failure) [PSYoungGen: 53632K->1344K(54272K)] 359082K->306794K(728064K), 0.0024025 secs] [Times: user=0.01 sys=0.00, real=0.00 secs] 
2418.492: [GC (Allocation Failure) [PSYoungGen: 53568K->1344K(54272K)] 359018K->306794K(728064K), 0.0028415 secs] [Times: user=0.01 sys=0.00, real=0.00 secs] 
2419.190: [GC (Allocation Failure) [PSYoungGen: 53568K->1344K(54272K)] 359018K->306794K(728064K), 0.0035044 secs] [Times: user=0.02 sys=0.00, real=0.00 secs] 
2419.825: [GC (Allocation Failure) [PSYoungGen: 53568K->1408K(54272K)] 359018K->306866K(728064K), 0.0038248 secs] [Times: user=0.01 sys=0.00, real=0.00 secs] 
2420.952: [GC (Allocation Failure) [PSYoungGen: 53632K->1373K(54272K)] 359090K->306831K(728064K), 0.0013861 secs] [Times: user=0.01 sys=0.00, real=0.00 secs] 
2421.491: [GC (Allocation Failure) [PSYoungGen: 53597K->1408K(54272K)] 359055K->306866K(728064K), 0.0016149 secs] [Times: user=0.01 sys=0.00, real=0.00 secs] 
2421.707: [GC (Allocation Failure) [PSYoungGen: 53632K->1376K(54272K)] 359090K->306858K(728064K), 0.0014000 secs] [Times: user=0.01 sys=0.00, real=0.00 secs] 
2422.092: [GC (Allocation Failure) [PSYoungGen: 53600K->1344K(53760K)] 359082K->306826K(727552K), 0.0028551 secs] [Times: user=0.01 sys=0.00, real=0.00 secs] 
2422.476: [GC (Allocation Failure) [PSYoungGen: 53568K->1344K(53760K)] 359050K->306826K(727552K), 0.0026962 secs] [Times: user=0.01 sys=0.01, real=0.01 secs] 
2422.894: [GC (Allocation Failure) [PSYoungGen: 53568K->384K(53248K)] 359050K->306890K(727040K), 0.0035960 secs] [Times: user=0.01 sys=0.00, real=0.00 secs] 
2424.681: [GC (Allocation Failure) [PSYoungGen: 52608K->1440K(54272K)] 359114K->307946K(728064K), 0.0026046 secs] [Times: user=0.01 sys=0.00, real=0.00 secs] 
2424.911: [GC (Allocation Failure) [PSYoungGen: 53664K->1408K(54272K)] 360170K->307914K(728064K), 0.0022891 secs] [Times: user=0.01 sys=0.00, real=0.00 secs] 
2425.129: [GC (Allocation Failure) [PSYoungGen: 53632K->1376K(54272K)] 360138K->307882K(728064K), 0.0020153 secs] [Times: user=0.01 sys=0.00, real=0.00 secs] 
2425.411: [GC (Allocation Failure) [PSYoungGen: 53600K->1408K(54272K)] 360106K->307914K(728064K), 0.0030277 secs] [Times: user=0.01 sys=0.00, real=0.00 secs] 
2425.893: [GC (Allocation Failure) [PSYoungGen: 53632K->1376K(54272K)] 360138K->307882K(728064K), 0.0025937 secs] [Times: user=0.01 sys=0.00, real=0.00 secs] 
2427.347: [GC (Allocation Failure) [PSYoungGen: 53600K->1920K(54272K)] 360106K->308426K(728064K), 0.0029088 secs] [Times: user=0.01 sys=0.00, real=0.01 secs] 
2427.887: [GC (Allocation Failure) [PSYoungGen: 54144K->1376K(54272K)] 360650K->307882K(728064K), 0.0032357 secs] [Times: user=0.01 sys=0.00, real=0.01 secs] 
2428.390: [GC (Allocation Failure) [PSYoungGen: 53600K->1376K(54272K)] 360106K->307882K(728064K), 0.0028577 secs] [Times: user=0.01 sys=0.00, real=0.00 secs] 
2428.923: [GC (Allocation Failure) [PSYoungGen: 53600K->1344K(54272K)] 360106K->307850K(728064K), 0.0038473 secs] [Times: user=0.01 sys=0.01, real=0.00 secs] 
2429.510: [GC (Allocation Failure) [PSYoungGen: 53568K->1376K(54272K)] 360074K->307882K(728064K), 0.0027185 secs] [Times: user=0.01 sys=0.00, real=0.00 secs] 
2429.918: [GC (Allocation Failure) [PSYoungGen: 53600K->1376K(54272K)] 360106K->307882K(728064K), 0.0029118 secs] [Times: user=0.01 sys=0.00, real=0.01 secs] 
2431.009: [GC (Allocation Failure) [PSYoungGen: 53600K->1424K(54272K)] 360106K->307930K(728064K), 0.0018658 secs] [Times: user=0.01 sys=0.00, real=0.01 secs] 
2431.226: [GC (Allocation Failure) [PSYoungGen: 53648K->1376K(54272K)] 360154K->307882K(728064K), 0.0018887 secs] [Times: user=0.01 sys=0.00, real=0.00 secs] 
2431.485: [GC (Allocation Failure) [PSYoungGen: 53600K->1408K(54272K)] 360106K->307914K(728064K), 0.0019143 secs] [Times: user=0.01 sys=0.00, real=0.00 secs] 
2431.702: [GC (Allocation Failure) [PSYoungGen: 53632K->1376K(54272K)] 360138K->307882K(728064K), 0.0018893 secs] [Times: user=0.01 sys=0.00, real=0.00 secs] 
2431.919: [GC (Allocation Failure) [PSYoungGen: 53600K->1376K(54272K)] 360106K->307898K(728064K), 0.0020660 secs] [Times: user=0.01 sys=0.00, real=0.00 secs] 
2433.361: [GC (Allocation Failure) [PSYoungGen: 53600K->1376K(54272K)] 360122K->307898K(728064K), 0.0026938 secs] [Times: user=0.01 sys=0.00, real=0.00 secs] 
2434.298: [GC (Allocation Failure) [PSYoungGen: 53600K->1344K(54272K)] 360122K->307874K(728064K), 0.0030586 secs] [Times: user=0.01 sys=0.00, real=0.01 secs] 
2434.522: [GC (Allocation Failure) [PSYoungGen: 53568K->1376K(53760K)] 360098K->307906K(727552K), 0.0018957 secs] [Times: user=0.00 sys=0.01, real=0.00 secs] 
2434.739: [GC (Allocation Failure) [PSYoungGen: 53600K->1344K(53760K)] 360130K->307874K(727552K), 0.0019464 secs] [Times: user=0.01 sys=0.00, real=0.00 secs] 
2434.956: [GC (Allocation Failure) [PSYoungGen: 53568K->1408K(53760K)] 360098K->307938K(727552K), 0.0017816 secs] [Times: user=0.01 sys=0.00, real=0.00 secs] 
2435.303: [GC (Allocation Failure) [PSYoungGen: 53627K->288K(53248K)] 360157K->306818K(727040K), 0.0019973 secs] [Times: user=0.01 sys=0.00, real=0.00 secs] 
2436.539: [GC (Allocation Failure) [PSYoungGen: 52000K->1408K(53760K)] 358530K->307938K(727552K), 0.0017092 secs] [Times: user=0.00 sys=0.00, real=0.01 secs] 
2436.760: [GC (Allocation Failure) [PSYoungGen: 53120K->1376K(53760K)] 359650K->307906K(727552K), 0.0016135 secs] [Times: user=0.00 sys=0.00, real=0.00 secs] 
2437.026: [GC (Allocation Failure) [PSYoungGen: 53088K->1376K(53760K)] 359618K->307906K(727552K), 0.0019850 secs] [Times: user=0.01 sys=0.00, real=0.00 secs] 
2437.247: [GC (Allocation Failure) [PSYoungGen: 53088K->1376K(53760K)] 359618K->307906K(727552K), 0.0018866 secs] [Times: user=0.01 sys=0.00, real=0.00 secs] 
2437.491: [GC (Allocation Failure) [PSYoungGen: 53088K->1376K(53760K)] 359618K->307906K(727552K), 0.0019039 secs] [Times: user=0.00 sys=0.00, real=0.00 secs] 
2438.599: [GC (Allocation Failure) [PSYoungGen: 53088K->1408K(53760K)] 359618K->307938K(727552K), 0.0017379 secs] [Times: user=0.01 sys=0.00, real=0.01 secs] 
2438.877: [GC (Allocation Failure) [PSYoungGen: 53120K->1376K(53760K)] 359650K->307906K(727552K), 0.0017778 secs] [Times: user=0.01 sys=0.00, real=0.01 secs] 
2439.097: [GC (Allocation Failure) [PSYoungGen: 53088K->1376K(53760K)] 359618K->307906K(727552K), 0.0027726 secs] [Times: user=0.01 sys=0.00, real=0.01 secs] 
2439.372: [GC (Allocation Failure) [PSYoungGen: 53088K->1408K(53760K)] 359618K->307938K(727552K), 0.0026587 secs] [Times: user=0.01 sys=0.00, real=0.00 secs] 
2439.606: [GC (Allocation Failure) [PSYoungGen: 53120K->1376K(53760K)] 359650K->307906K(727552K), 0.0019459 secs] [Times: user=0.01 sys=0.00, real=0.00 secs] 
2440.560: [GC (Allocation Failure) [PSYoungGen: 53088K->1456K(53760K)] 359618K->308010K(727552K), 0.0014577 secs] [Times: user=0.01 sys=0.00, real=0.00 secs] 
2441.080: [GC (Allocation Failure) [PSYoungGen: 53168K->1376K(53760K)] 359722K->307930K(727552K), 0.0025985 secs] [Times: user=0.00 sys=0.00, real=0.00 secs] 
2441.644: [GC (Allocation Failure) [PSYoungGen: 53088K->1408K(53760K)] 359642K->307962K(727552K), 0.0025702 secs] [Times: user=0.01 sys=0.00, real=0.00 secs] 
2442.218: [GC (Allocation Failure) [PSYoungGen: 53120K->1376K(53760K)] 359674K->307930K(727552K), 0.0030047 secs] [Times: user=0.01 sys=0.00, real=0.01 secs] 
2442.744: [GC (Allocation Failure) [PSYoungGen: 53088K->1376K(53760K)] 359642K->307930K(727552K), 0.0030025 secs] [Times: user=0.01 sys=0.00, real=0.00 secs] 
2443.384: [GC (Allocation Failure) [PSYoungGen: 53088K->1344K(53760K)] 359642K->307898K(727552K), 0.0033040 secs] [Times: user=0.01 sys=0.00, real=0.00 secs] 
2444.499: [GC (Allocation Failure) [PSYoungGen: 53056K->1424K(53760K)] 359610K->307978K(727552K), 0.0016740 secs] [Times: user=0.00 sys=0.00, real=0.01 secs] 
2444.726: [GC (Allocation Failure) [PSYoungGen: 53136K->1376K(53760K)] 359690K->307930K(727552K), 0.0017117 secs] [Times: user=0.00 sys=0.00, real=0.00 secs] 
2444.941: [GC (Allocation Failure) [PSYoungGen: 53088K->1376K(53248K)] 359642K->307930K(727040K), 0.0018278 secs] [Times: user=0.00 sys=0.00, real=0.00 secs] 
2445.156: [GC (Allocation Failure) [PSYoungGen: 53088K->1408K(53248K)] 359642K->307962K(727040K), 0.0017016 secs] [Times: user=0.01 sys=0.00, real=0.00 secs] 
2445.399: [GC (Allocation Failure) [PSYoungGen: 53120K->1408K(53248K)] 359674K->307962K(727040K), 0.0017503 secs] [Times: user=0.01 sys=0.00, real=0.00 secs] 
2447.604: [GC (Allocation Failure) [PSYoungGen: 53120K->1392K(53248K)] 359674K->308202K(727040K), 0.0039175 secs] [Times: user=0.01 sys=0.00, real=0.00 secs] 
2448.173: [GC (Allocation Failure) [PSYoungGen: 53104K->1344K(53248K)] 359914K->308154K(727040K), 0.0022422 secs] [Times: user=0.01 sys=0.00, real=0.00 secs] 
2448.388: [GC (Allocation Failure) [PSYoungGen: 53056K->1312K(53248K)] 359866K->308122K(727040K), 0.0021017 secs] [Times: user=0.01 sys=0.00, real=0.01 secs] 
2448.602: [GC (Allocation Failure) [PSYoungGen: 53024K->1344K(53248K)] 359834K->308154K(727040K), 0.0018630 secs] [Times: user=0.00 sys=0.00, real=0.00 secs] 
2448.817: [GC (Allocation Failure) [PSYoungGen: 53056K->1392K(53248K)] 359866K->308202K(727040K), 0.0018846 secs] [Times: user=0.00 sys=0.00, real=0.00 secs] 
2449.059: [GC (Allocation Failure) [PSYoungGen: 53104K->1344K(53248K)] 359914K->308154K(727040K), 0.0019126 secs] [Times: user=0.01 sys=0.00, real=0.00 secs] 
2450.770: [GC (Allocation Failure) [PSYoungGen: 53056K->1376K(53248K)] 359866K->308186K(727040K), 0.0039086 secs] [Times: user=0.01 sys=0.00, real=0.00 secs] 
2451.301: [GC (Allocation Failure) [PSYoungGen: 53088K->1376K(53248K)] 359898K->308186K(727040K), 0.0030458 secs] [Times: user=0.01 sys=0.01, real=0.00 secs] 
2451.871: [GC (Allocation Failure) [PSYoungGen: 53088K->1344K(53248K)] 359898K->308154K(727040K), 0.0039252 secs] [Times: user=0.02 sys=0.00, real=0.00 secs] 
2452.439: [GC (Allocation Failure) [PSYoungGen: 53056K->1376K(53248K)] 359866K->308186K(727040K), 0.0030442 secs] [Times: user=0.01 sys=0.00, real=0.00 secs] 
2452.871: [GC (Allocation Failure) [PSYoungGen: 53088K->1312K(53248K)] 359898K->308146K(727040K), 0.0022498 secs] [Times: user=0.01 sys=0.00, real=0.00 secs] 
2454.092: [GC (Allocation Failure) [PSYoungGen: 53024K->1408K(53248K)] 359858K->308242K(727040K), 0.0025072 secs] [Times: user=0.01 sys=0.00, real=0.00 secs] 
2455.207: [GC (Allocation Failure) [PSYoungGen: 53120K->1344K(53248K)] 359954K->308178K(727040K), 0.0037660 secs] [Times: user=0.01 sys=0.00, real=0.01 secs] 
2455.758: [GC (Allocation Failure) [PSYoungGen: 53056K->1344K(53248K)] 359890K->308178K(727040K), 0.0022255 secs] [Times: user=0.01 sys=0.00, real=0.01 secs] 
2456.334: [GC (Allocation Failure) [PSYoungGen: 53056K->1376K(53248K)] 359890K->308210K(727040K), 0.0022719 secs] [Times: user=0.01 sys=0.00, real=0.00 secs] 
2456.880: [GC (Allocation Failure) [PSYoungGen: 53088K->1376K(53248K)] 359922K->308210K(727040K), 0.0035700 secs] [Times: user=0.01 sys=0.00, real=0.00 secs] 
2457.277: [GC (Allocation Failure) [PSYoungGen: 53088K->1376K(53248K)] 359922K->308210K(727040K), 0.0024698 secs] [Times: user=0.01 sys=0.00, real=0.01 secs] 
2458.371: [GC (Allocation Failure) [PSYoungGen: 53088K->1440K(53248K)] 359922K->308274K(727040K), 0.0016937 secs] [Times: user=0.00 sys=0.00, real=0.00 secs] 
2458.586: [GC (Allocation Failure) [PSYoungGen: 53152K->1408K(53248K)] 359986K->308242K(727040K), 0.0016733 secs] [Times: user=0.01 sys=0.00, real=0.00 secs] 
2458.801: [GC (Allocation Failure) [PSYoungGen: 53120K->1376K(53248K)] 359954K->308210K(727040K), 0.0026728 secs] [Times: user=0.01 sys=0.00, real=0.00 secs] 
2459.017: [GC (Allocation Failure) [PSYoungGen: 53088K->1376K(53248K)] 359922K->308210K(727040K), 0.0020797 secs] [Times: user=0.01 sys=0.00, real=0.01 secs] 
2459.235: [GC (Allocation Failure) [PSYoungGen: 53088K->1344K(53248K)] 359922K->308178K(727040K), 0.0027425 secs] [Times: user=0.01 sys=0.00, real=0.00 secs] 
2460.232: [GC (Allocation Failure) [PSYoungGen: 53056K->1440K(53248K)] 359890K->308274K(727040K), 0.0017192 secs] [Times: user=0.01 sys=0.00, real=0.00 secs] 
2460.945: [GC (Allocation Failure) [PSYoungGen: 53152K->1344K(53248K)] 359986K->308178K(727040K), 0.0034809 secs] [Times: user=0.01 sys=0.00, real=0.00 secs] 
2461.807: [GC (Allocation Failure) [PSYoungGen: 53056K->1344K(53248K)] 359890K->308178K(727040K), 0.0039712 secs] [Times: user=0.02 sys=0.00, real=0.01 secs] 
2462.646: [GC (Allocation Failure) [PSYoungGen: 53056K->1344K(53248K)] 359890K->308178K(727040K), 0.0038005 secs] [Times: user=0.01 sys=0.00, real=0.01 secs] 
2463.210: [GC (Allocation Failure) [PSYoungGen: 53056K->1344K(53248K)] 359890K->308202K(727040K), 0.0031045 secs] [Times: user=0.01 sys=0.00, real=0.00 secs] 
2463.600: [GC (Allocation Failure) [PSYoungGen: 53056K->1376K(53248K)] 359914K->308234K(727040K), 0.0026063 secs] [Times: user=0.01 sys=0.00, real=0.00 secs] 
2464.612: [GC (Allocation Failure) [PSYoungGen: 53088K->1440K(53248K)] 359946K->308298K(727040K), 0.0016465 secs] [Times: user=0.01 sys=0.00, real=0.00 secs] 
2464.904: [GC (Allocation Failure) [PSYoungGen: 53152K->1376K(53248K)] 360010K->308234K(727040K), 0.0017116 secs] [Times: user=0.00 sys=0.00, real=0.00 secs] 
2465.476: [GC (Allocation Failure) [PSYoungGen: 53088K->1392K(53248K)] 359946K->308250K(727040K), 0.0018336 secs] [Times: user=0.01 sys=0.00, real=0.00 secs] 
2465.964: [GC (Allocation Failure) [PSYoungGen: 53104K->1376K(53248K)] 359962K->308234K(727040K), 0.0038443 secs] [Times: user=0.01 sys=0.00, real=0.00 secs] 
2466.471: [GC (Allocation Failure) [PSYoungGen: 53088K->1376K(53248K)] 359946K->308234K(727040K), 0.0029422 secs] [Times: user=0.01 sys=0.00, real=0.00 secs] 
2467.690: [GC (Allocation Failure) [PSYoungGen: 53088K->1392K(53248K)] 359946K->308250K(727040K), 0.0018030 secs] [Times: user=0.01 sys=0.00, real=0.00 secs] 
2468.214: [GC (Allocation Failure) [PSYoungGen: 53104K->1376K(53248K)] 359962K->308234K(727040K), 0.0019801 secs] [Times: user=0.01 sys=0.00, real=0.00 secs] 
2468.429: [GC (Allocation Failure) [PSYoungGen: 53088K->1376K(53248K)] 359946K->308234K(727040K), 0.0019217 secs] [Times: user=0.00 sys=0.00, real=0.00 secs] 
2468.644: [GC (Allocation Failure) [PSYoungGen: 53088K->1360K(53248K)] 359946K->308218K(727040K), 0.0018184 secs] [Times: user=0.01 sys=0.00, real=0.00 secs] 
2468.859: [GC (Allocation Failure) [PSYoungGen: 53072K->1328K(53248K)] 359930K->308186K(727040K), 0.0018071 secs] [Times: user=0.01 sys=0.00, real=0.01 secs] 
2469.193: [GC (Allocation Failure) [PSYoungGen: 53040K->1408K(53248K)] 359898K->308266K(727040K), 0.0020153 secs] [Times: user=0.01 sys=0.00, real=0.00 secs] 
2470.192: [GC (Allocation Failure) [PSYoungGen: 53120K->1408K(53248K)] 359978K->308266K(727040K), 0.0016013 secs] [Times: user=0.01 sys=0.00, real=0.00 secs] 
2470.407: [GC (Allocation Failure) [PSYoungGen: 53120K->1376K(53248K)] 359978K->308234K(727040K), 0.0016145 secs] [Times: user=0.00 sys=0.00, real=0.00 secs] 
2470.641: [GC (Allocation Failure) [PSYoungGen: 53088K->1392K(53248K)] 359946K->308250K(727040K), 0.0016768 secs] [Times: user=0.01 sys=0.00, real=0.00 secs] 
2470.855: [GC (Allocation Failure) [PSYoungGen: 53104K->1376K(53248K)] 359962K->308234K(727040K), 0.0019125 secs] [Times: user=0.01 sys=0.00, real=0.00 secs] 
2471.119: [GC (Allocation Failure) [PSYoungGen: 53088K->1376K(53248K)] 359946K->308250K(727040K), 0.0020174 secs] [Times: user=0.01 sys=0.00, real=0.01 secs] 
2472.378: [GC (Allocation Failure) [PSYoungGen: 53088K->1376K(53248K)] 359962K->308250K(727040K), 0.0017706 secs] [Times: user=0.01 sys=0.00, real=0.01 secs] 
2473.364: [GC (Allocation Failure) [PSYoungGen: 53088K->1408K(53248K)] 359962K->308282K(727040K), 0.0026091 secs] [Times: user=0.01 sys=0.01, real=0.00 secs] 
2474.107: [GC (Allocation Failure) [PSYoungGen: 53120K->1376K(53248K)] 359994K->308250K(727040K), 0.0037926 secs] [Times: user=0.02 sys=0.00, real=0.01 secs] 
2475.235: [GC (Allocation Failure) [PSYoungGen: 53088K->1312K(53248K)] 359962K->308186K(727040K), 0.0037851 secs] [Times: user=0.02 sys=0.00, real=0.01 secs] 
2476.197: [GC (Allocation Failure) [PSYoungGen: 53024K->1376K(53248K)] 359898K->308250K(727040K), 0.0038002 secs] [Times: user=0.01 sys=0.00, real=0.01 secs] 
2476.867: [GC (Allocation Failure) [PSYoungGen: 53088K->1344K(53248K)] 359962K->308218K(727040K), 0.0038329 secs] [Times: user=0.01 sys=0.00, real=0.01 secs] 
2478.133: [GC (Allocation Failure) [PSYoungGen: 53056K->1376K(53248K)] 359930K->308250K(727040K), 0.0030235 secs] [Times: user=0.01 sys=0.00, real=0.00 secs] 
2478.540: [GC (Allocation Failure) [PSYoungGen: 53088K->1408K(53248K)] 359962K->308282K(727040K), 0.0024328 secs] [Times: user=0.01 sys=0.00, real=0.00 secs] 
2479.024: [GC (Allocation Failure) [PSYoungGen: 53120K->1344K(53248K)] 359994K->308218K(727040K), 0.0020601 secs] [Times: user=0.01 sys=0.00, real=0.00 secs] 
2479.722: [GC (Allocation Failure) [PSYoungGen: 53056K->1376K(53248K)] 359930K->308250K(727040K), 0.0026094 secs] [Times: user=0.02 sys=0.00, real=0.00 secs] 
2480.368: [GC (Allocation Failure) [PSYoungGen: 53088K->1344K(53248K)] 359962K->308226K(727040K), 0.0038694 secs] [Times: user=0.01 sys=0.00, real=0.01 secs] 
2481.878: [GC (Allocation Failure) [PSYoungGen: 53056K->1440K(53248K)] 359938K->308322K(727040K), 0.0018726 secs] [Times: user=0.01 sys=0.00, real=0.01 secs] 
2482.506: [GC (Allocation Failure) [PSYoungGen: 53152K->1408K(53248K)] 360034K->308290K(727040K), 0.0017644 secs] [Times: user=0.01 sys=0.00, real=0.00 secs] 
2482.944: [GC (Allocation Failure) [PSYoungGen: 53120K->1376K(53248K)] 360002K->308258K(727040K), 0.0018138 secs] [Times: user=0.00 sys=0.00, real=0.00 secs] 
2483.487: [GC (Allocation Failure) [PSYoungGen: 53088K->1376K(53248K)] 359970K->308258K(727040K), 0.0020615 secs] [Times: user=0.01 sys=0.00, real=0.01 secs] 
2484.056: [GC (Allocation Failure) [PSYoungGen: 53088K->1408K(53248K)] 359970K->308290K(727040K), 0.0020226 secs] [Times: user=0.01 sys=0.00, real=0.00 secs] 
2485.244: [GC (Allocation Failure) [PSYoungGen: 53117K->96K(52736K)] 359999K->306978K(726528K), 0.0014944 secs] [Times: user=0.00 sys=0.00, real=0.00 secs] 
2485.833: [GC (Allocation Failure) [PSYoungGen: 51296K->1376K(53248K)] 358178K->308266K(727040K), 0.0019665 secs] [Times: user=0.01 sys=0.00, real=0.00 secs] 
2486.104: [GC (Allocation Failure) [PSYoungGen: 52576K->1376K(53248K)] 359466K->308266K(727040K), 0.0021191 secs] [Times: user=0.01 sys=0.00, real=0.00 secs] 
2486.318: [GC (Allocation Failure) [PSYoungGen: 52576K->1408K(53248K)] 359466K->308298K(727040K), 0.0019286 secs] [Times: user=0.01 sys=0.00, real=0.01 secs] 
2486.623: [GC (Allocation Failure) [PSYoungGen: 52608K->1408K(53248K)] 359498K->308298K(727040K), 0.0018217 secs] [Times: user=0.01 sys=0.00, real=0.00 secs] 
2487.004: [GC (Allocation Failure) [PSYoungGen: 52608K->1344K(53248K)] 359498K->308234K(727040K), 0.0032635 secs] [Times: user=0.01 sys=0.00, real=0.00 secs] 
2488.415: [GC (Allocation Failure) [PSYoungGen: 52544K->1408K(53248K)] 359434K->308298K(727040K), 0.0036353 secs] [Times: user=0.01 sys=0.00, real=0.00 secs] 
2488.944: [GC (Allocation Failure) [PSYoungGen: 52608K->1328K(53248K)] 359498K->308218K(727040K), 0.0025568 secs] [Times: user=0.01 sys=0.00, real=0.00 secs] 
2489.155: [GC (Allocation Failure) [PSYoungGen: 52528K->1408K(53248K)] 359418K->308298K(727040K), 0.0019127 secs] [Times: user=0.01 sys=0.00, real=0.00 secs] 
2489.369: [GC (Allocation Failure) [PSYoungGen: 52608K->1376K(53248K)] 359498K->308266K(727040K), 0.0019445 secs] [Times: user=0.01 sys=0.00, real=0.00 secs] 
2489.720: [GC (Allocation Failure) [PSYoungGen: 52576K->1408K(53248K)] 359466K->308298K(727040K), 0.0020354 secs] [Times: user=0.01 sys=0.00, real=0.00 secs] 
2490.169: [GC (Allocation Failure) [PSYoungGen: 52598K->288K(53248K)] 359488K->307178K(727040K), 0.0019836 secs] [Times: user=0.01 sys=0.00, real=0.01 secs] 
2491.232: [GC (Allocation Failure) [PSYoungGen: 51488K->1408K(53248K)] 358378K->308298K(727040K), 0.0020507 secs] [Times: user=0.01 sys=0.00, real=0.00 secs] 
2491.445: [GC (Allocation Failure) [PSYoungGen: 52608K->1344K(53248K)] 359498K->308234K(727040K), 0.0020182 secs] [Times: user=0.01 sys=0.00, real=0.00 secs] 
2491.658: [GC (Allocation Failure) [PSYoungGen: 52544K->1344K(53248K)] 359434K->308250K(727040K), 0.0019975 secs] [Times: user=0.01 sys=0.00, real=0.01 secs] 
2491.870: [GC (Allocation Failure) [PSYoungGen: 52544K->1392K(53248K)] 359450K->308298K(727040K), 0.0047343 secs] [Times: user=0.02 sys=0.00, real=0.00 secs] 
2492.086: [GC (Allocation Failure) [PSYoungGen: 52592K->1376K(59392K)] 359498K->308290K(733184K), 0.0017757 secs] [Times: user=0.00 sys=0.00, real=0.00 secs] 
2493.134: [GC (Allocation Failure) [PSYoungGen: 58720K->1440K(59392K)] 365634K->308354K(733184K), 0.0018269 secs] [Times: user=0.00 sys=0.00, real=0.00 secs] 
2493.379: [GC (Allocation Failure) [PSYoungGen: 58784K->1376K(59392K)] 365698K->308290K(733184K), 0.0018571 secs] [Times: user=0.01 sys=0.00, real=0.00 secs] 
2493.623: [GC (Allocation Failure) [PSYoungGen: 58720K->1376K(59392K)] 365634K->308290K(733184K), 0.0016004 secs] [Times: user=0.01 sys=0.00, real=0.00 secs] 
2493.861: [GC (Allocation Failure) [PSYoungGen: 58720K->1408K(59392K)] 365634K->308322K(733184K), 0.0017847 secs] [Times: user=0.00 sys=0.00, real=0.00 secs] 
2494.191: [GC (Allocation Failure) [PSYoungGen: 58752K->1376K(59392K)] 365666K->308290K(733184K), 0.0017603 secs] [Times: user=0.01 sys=0.00, real=0.00 secs] 
2495.777: [GC (Allocation Failure) [PSYoungGen: 58720K->1472K(59392K)] 365634K->308386K(733184K), 0.0031853 secs] [Times: user=0.01 sys=0.01, real=0.01 secs] 
2496.353: [GC (Allocation Failure) [PSYoungGen: 58816K->1360K(59392K)] 365730K->308274K(733184K), 0.0027265 secs] [Times: user=0.01 sys=0.00, real=0.00 secs] 
2497.001: [GC (Allocation Failure) [PSYoungGen: 58704K->1328K(59392K)] 365618K->308242K(733184K), 0.0032007 secs] [Times: user=0.02 sys=0.00, real=0.00 secs] 
2497.777: [GC (Allocation Failure) [PSYoungGen: 58672K->1376K(59392K)] 365586K->308290K(733184K), 0.0030135 secs] [Times: user=0.01 sys=0.00, real=0.01 secs] 
2498.540: [GC (Allocation Failure) [PSYoungGen: 58720K->1408K(59392K)] 365634K->308322K(733184K), 0.0024362 secs] [Times: user=0.01 sys=0.00, real=0.00 secs] 
2499.810: [GC (Allocation Failure) [PSYoungGen: 58752K->1440K(59392K)] 365666K->308354K(733184K), 0.0016866 secs] [Times: user=0.01 sys=0.00, real=0.00 secs] 
2500.289: [GC (Allocation Failure) [PSYoungGen: 58784K->1376K(59392K)] 365698K->308290K(733184K), 0.0032414 secs] [Times: user=0.01 sys=0.00, real=0.01 secs] 
2500.907: [GC (Allocation Failure) [PSYoungGen: 58720K->1376K(59392K)] 365634K->308290K(733184K), 0.0032828 secs] [Times: user=0.01 sys=0.00, real=0.01 secs] 
2501.516: [GC (Allocation Failure) [PSYoungGen: 58720K->1376K(59392K)] 365634K->308290K(733184K), 0.0028149 secs] [Times: user=0.01 sys=0.01, real=0.00 secs] 
2502.032: [GC (Allocation Failure) [PSYoungGen: 58720K->1344K(59392K)] 365634K->308258K(733184K), 0.0032275 secs] [Times: user=0.01 sys=0.00, real=0.00 secs] 
2503.247: [GC (Allocation Failure) [PSYoungGen: 58688K->1392K(59392K)] 365602K->308306K(733184K), 0.0025210 secs] [Times: user=0.01 sys=0.00, real=0.01 secs] 
2503.496: [GC (Allocation Failure) [PSYoungGen: 58736K->1344K(58880K)] 365650K->308258K(732672K), 0.0021408 secs] [Times: user=0.00 sys=0.00, real=0.00 secs] 
2503.848: [GC (Allocation Failure) [PSYoungGen: 58688K->1376K(58880K)] 365602K->308290K(732672K), 0.0017364 secs] [Times: user=0.01 sys=0.00, real=0.01 secs] 
2504.096: [GC (Allocation Failure) [PSYoungGen: 58720K->1360K(58880K)] 365634K->308290K(732672K), 0.0018544 secs] [Times: user=0.01 sys=0.00, real=0.00 secs] 
2504.336: [GC (Allocation Failure) [PSYoungGen: 58704K->1376K(58880K)] 365634K->308306K(732672K), 0.0017087 secs] [Times: user=0.01 sys=0.00, real=0.00 secs] 
2506.024: [GC (Allocation Failure) [PSYoungGen: 58720K->1376K(58880K)] 365650K->308306K(732672K), 0.0032980 secs] [Times: user=0.01 sys=0.00, real=0.00 secs] 
2506.613: [GC (Allocation Failure) [PSYoungGen: 58720K->1328K(58880K)] 365650K->308258K(732672K), 0.0033535 secs] [Times: user=0.01 sys=0.00, real=0.00 secs] 
2506.877: [GC (Allocation Failure) [PSYoungGen: 58672K->1424K(58880K)] 365602K->308354K(732672K), 0.0025197 secs] [Times: user=0.01 sys=0.00, real=0.01 secs] 
2507.125: [GC (Allocation Failure) [PSYoungGen: 58768K->1376K(58880K)] 365698K->308306K(732672K), 0.0022733 secs] [Times: user=0.01 sys=0.00, real=0.00 secs] 
2507.362: [GC (Allocation Failure) [PSYoungGen: 58720K->1344K(58880K)] 365650K->308274K(732672K), 0.0020154 secs] [Times: user=0.01 sys=0.00, real=0.00 secs] 
2508.288: [GC (Allocation Failure) [PSYoungGen: 58688K->1440K(58880K)] 365618K->308370K(732672K), 0.0016605 secs] [Times: user=0.01 sys=0.00, real=0.01 secs] 
2508.526: [GC (Allocation Failure) [PSYoungGen: 58784K->1408K(58880K)] 365714K->308338K(732672K), 0.0015805 secs] [Times: user=0.01 sys=0.00, real=0.00 secs] 
2508.763: [GC (Allocation Failure) [PSYoungGen: 58752K->1360K(58880K)] 365682K->308290K(732672K), 0.0016602 secs] [Times: user=0.01 sys=0.00, real=0.00 secs] 
2509.001: [GC (Allocation Failure) [PSYoungGen: 58704K->1408K(58880K)] 365634K->308338K(732672K), 0.0016577 secs] [Times: user=0.00 sys=0.00, real=0.00 secs] 
2509.309: [GC (Allocation Failure) [PSYoungGen: 58747K->272K(58368K)] 365678K->307202K(732160K), 0.0019433 secs] [Times: user=0.01 sys=0.00, real=0.00 secs] 
2510.295: [GC (Allocation Failure) [PSYoungGen: 57104K->1376K(58880K)] 364034K->308306K(732672K), 0.0021246 secs] [Times: user=0.01 sys=0.00, real=0.00 secs] 
2510.548: [GC (Allocation Failure) [PSYoungGen: 58208K->1344K(58880K)] 365138K->308274K(732672K), 0.0018526 secs] [Times: user=0.01 sys=0.00, real=0.01 secs] 
2510.784: [GC (Allocation Failure) [PSYoungGen: 58176K->1312K(58880K)] 365106K->308266K(732672K), 0.0019779 secs] [Times: user=0.01 sys=0.00, real=0.00 secs] 
2511.020: [GC (Allocation Failure) [PSYoungGen: 58144K->1376K(58880K)] 365098K->308330K(732672K), 0.0019102 secs] [Times: user=0.01 sys=0.00, real=0.00 secs] 
2511.940: [GC (Allocation Failure) [PSYoungGen: 58173K->192K(58880K)] 365127K->307146K(732672K), 0.0014258 secs] [Times: user=0.01 sys=0.00, real=0.00 secs] 
2512.860: [GC (Allocation Failure) [PSYoungGen: 57024K->1376K(58880K)] 363978K->308338K(732672K), 0.0023072 secs] [Times: user=0.01 sys=0.00, real=0.00 secs] 
2513.734: [GC (Allocation Failure) [PSYoungGen: 58208K->1376K(58880K)] 365170K->308338K(732672K), 0.0031292 secs] [Times: user=0.01 sys=0.00, real=0.00 secs] 
2514.550: [GC (Allocation Failure) [PSYoungGen: 58208K->1376K(58880K)] 365170K->308338K(732672K), 0.0027576 secs] [Times: user=0.01 sys=0.00, real=0.00 secs] 
2515.169: [GC (Allocation Failure) [PSYoungGen: 58208K->1360K(58880K)] 365170K->308322K(732672K), 0.0032487 secs] [Times: user=0.01 sys=0.00, real=0.00 secs] 
2516.414: [GC (Allocation Failure) [PSYoungGen: 58192K->1280K(58880K)] 365154K->308242K(732672K), 0.0013874 secs] [Times: user=0.00 sys=0.00, real=0.00 secs] 
2516.937: [GC (Allocation Failure) [PSYoungGen: 58112K->1408K(58880K)] 365074K->308370K(732672K), 0.0018196 secs] [Times: user=0.00 sys=0.00, real=0.00 secs] 
2517.444: [GC (Allocation Failure) [PSYoungGen: 58240K->1408K(58880K)] 365202K->308370K(732672K), 0.0038172 secs] [Times: user=0.01 sys=0.00, real=0.00 secs] 
2518.205: [GC (Allocation Failure) [PSYoungGen: 58240K->1344K(58880K)] 365202K->308306K(732672K), 0.0033300 secs] [Times: user=0.01 sys=0.00, real=0.00 secs] 
2518.935: [GC (Allocation Failure) [PSYoungGen: 58176K->1344K(58880K)] 365138K->308306K(732672K), 0.0031717 secs] [Times: user=0.02 sys=0.00, real=0.00 secs] 
2520.524: [GC (Allocation Failure) [PSYoungGen: 58176K->1536K(58880K)] 365138K->308498K(732672K), 0.0017607 secs] [Times: user=0.01 sys=0.00, real=0.00 secs] 
2521.287: [GC (Allocation Failure) [PSYoungGen: 58368K->1376K(58880K)] 365330K->308338K(732672K), 0.0025886 secs] [Times: user=0.01 sys=0.00, real=0.01 secs] 
2522.048: [GC (Allocation Failure) [PSYoungGen: 58208K->1408K(58880K)] 365170K->308370K(732672K), 0.0083731 secs] [Times: user=0.04 sys=0.00, real=0.01 secs] 
2522.481: [GC (Allocation Failure) [PSYoungGen: 58240K->1376K(58880K)] 365202K->308338K(732672K), 0.0026969 secs] [Times: user=0.01 sys=0.00, real=0.00 secs] 
2522.918: [GC (Allocation Failure) [PSYoungGen: 58208K->1344K(58880K)] 365170K->308306K(732672K), 0.0026586 secs] [Times: user=0.01 sys=0.00, real=0.01 secs] 
2524.284: [GC (Allocation Failure) [PSYoungGen: 58176K->1968K(58880K)] 365138K->308930K(732672K), 0.0017163 secs] [Times: user=0.01 sys=0.00, real=0.00 secs] 
2524.804: [GC (Allocation Failure) [PSYoungGen: 58800K->1376K(58880K)] 365762K->308346K(732672K), 0.0019579 secs] [Times: user=0.01 sys=0.00, real=0.00 secs] 
2525.253: [GC (Allocation Failure) [PSYoungGen: 58208K->1376K(58880K)] 365178K->308354K(732672K), 0.0022788 secs] [Times: user=0.01 sys=0.00, real=0.00 secs] 
2525.787: [GC (Allocation Failure) [PSYoungGen: 58208K->1408K(58880K)] 365186K->308386K(732672K), 0.0025103 secs] [Times: user=0.01 sys=0.00, real=0.01 secs] 
2526.069: [GC (Allocation Failure) [PSYoungGen: 58240K->1376K(58880K)] 365218K->308354K(732672K), 0.0019789 secs] [Times: user=0.01 sys=0.00, real=0.00 secs] 
2527.204: [GC (Allocation Failure) [PSYoungGen: 58208K->1952K(58880K)] 365186K->308930K(732672K), 0.0021345 secs] [Times: user=0.01 sys=0.00, real=0.00 secs] 
2528.580: [GC (Allocation Failure) [PSYoungGen: 58784K->1344K(58880K)] 365762K->308322K(732672K), 0.0028577 secs] [Times: user=0.01 sys=0.00, real=0.00 secs] 
2529.777: [GC (Allocation Failure) [PSYoungGen: 58176K->1376K(58880K)] 365154K->308354K(732672K), 0.0035706 secs] [Times: user=0.01 sys=0.01, real=0.01 secs] 
2530.036: [GC (Allocation Failure) [PSYoungGen: 58208K->1376K(58880K)] 365186K->308354K(732672K), 0.0018737 secs] [Times: user=0.01 sys=0.00, real=0.00 secs] 
2530.273: [GC (Allocation Failure) [PSYoungGen: 58208K->1376K(58880K)] 365186K->308354K(732672K), 0.0017761 secs] [Times: user=0.01 sys=0.00, real=0.00 secs] 
2531.294: [GC (Allocation Failure) [PSYoungGen: 58208K->1952K(58880K)] 365186K->308930K(732672K), 0.0018977 secs] [Times: user=0.01 sys=0.00, real=0.00 secs] 
2531.910: [GC (Allocation Failure) [PSYoungGen: 58784K->1408K(58880K)] 365762K->308386K(732672K), 0.0019948 secs] [Times: user=0.01 sys=0.00, real=0.00 secs] 
2532.265: [GC (Allocation Failure) [PSYoungGen: 58240K->1408K(58880K)] 365218K->308386K(732672K), 0.0018947 secs] [Times: user=0.01 sys=0.00, real=0.00 secs] 
2532.501: [GC (Allocation Failure) [PSYoungGen: 58240K->1376K(58880K)] 365218K->308354K(732672K), 0.0020120 secs] [Times: user=0.01 sys=0.00, real=0.00 secs] 
2532.738: [GC (Allocation Failure) [PSYoungGen: 58208K->1408K(58880K)] 365186K->308386K(732672K), 0.0019272 secs] [Times: user=0.01 sys=0.00, real=0.01 secs] 
2533.931: [GC (Allocation Failure) [PSYoungGen: 58240K->1408K(58880K)] 365218K->308394K(732672K), 0.0029301 secs] [Times: user=0.01 sys=0.00, real=0.00 secs] 
2534.972: [GC (Allocation Failure) [PSYoungGen: 58240K->1376K(58880K)] 365226K->308362K(732672K), 0.0031188 secs] [Times: user=0.01 sys=0.00, real=0.00 secs] 
2535.441: [GC (Allocation Failure) [PSYoungGen: 58208K->1360K(58880K)] 365194K->308346K(732672K), 0.0030376 secs] [Times: user=0.01 sys=0.00, real=0.00 secs] 
2535.914: [GC (Allocation Failure) [PSYoungGen: 58192K->1328K(58880K)] 365178K->308314K(732672K), 0.0030340 secs] [Times: user=0.01 sys=0.00, real=0.00 secs] 
2536.323: [GC (Allocation Failure) [PSYoungGen: 58160K->1408K(58880K)] 365146K->308394K(732672K), 0.0022734 secs] [Times: user=0.01 sys=0.00, real=0.00 secs] 
2537.467: [GC (Allocation Failure) [PSYoungGen: 58240K->1408K(58880K)] 365226K->308394K(732672K), 0.0018679 secs] [Times: user=0.00 sys=0.00, real=0.00 secs] 
2538.030: [GC (Allocation Failure) [PSYoungGen: 58240K->1376K(58880K)] 365226K->308370K(732672K), 0.0017778 secs] [Times: user=0.01 sys=0.00, real=0.00 secs] 
2538.612: [GC (Allocation Failure) [PSYoungGen: 58208K->1408K(58880K)] 365202K->308410K(732672K), 0.0033751 secs] [Times: user=0.02 sys=0.00, real=0.00 secs] 
2539.183: [GC (Allocation Failure) [PSYoungGen: 58240K->1376K(58880K)] 365242K->308378K(732672K), 0.0025887 secs] [Times: user=0.01 sys=0.00, real=0.00 secs] 
2539.574: [GC (Allocation Failure) [PSYoungGen: 58208K->1344K(58880K)] 365210K->308346K(732672K), 0.0022361 secs] [Times: user=0.01 sys=0.00, real=0.00 secs] 
2541.016: [GC (Allocation Failure) [PSYoungGen: 58176K->1376K(58880K)] 365178K->308378K(732672K), 0.0019098 secs] [Times: user=0.01 sys=0.00, real=0.00 secs] 
2541.957: [GC (Allocation Failure) [PSYoungGen: 58208K->1344K(58880K)] 365210K->308346K(732672K), 0.0038253 secs] [Times: user=0.01 sys=0.00, real=0.01 secs] 
2542.775: [GC (Allocation Failure) [PSYoungGen: 58176K->1376K(58880K)] 365178K->308378K(732672K), 0.0033611 secs] [Times: user=0.01 sys=0.00, real=0.00 secs] 
2543.353: [GC (Allocation Failure) [PSYoungGen: 58208K->1344K(58880K)] 365210K->308346K(732672K), 0.0034561 secs] [Times: user=0.01 sys=0.00, real=0.00 secs] 
2543.887: [GC (Allocation Failure) [PSYoungGen: 58176K->1376K(58880K)] 365178K->308378K(732672K), 0.0028141 secs] [Times: user=0.01 sys=0.00, real=0.01 secs] 
2545.337: [GC (Allocation Failure) [PSYoungGen: 58208K->1408K(58368K)] 365210K->308418K(732160K), 0.0021168 secs] [Times: user=0.01 sys=0.00, real=0.01 secs] 
2545.616: [GC (Allocation Failure) [PSYoungGen: 58240K->1376K(58368K)] 365250K->308386K(732160K), 0.0021127 secs] [Times: user=0.01 sys=0.00, real=0.00 secs] 
2545.852: [GC (Allocation Failure) [PSYoungGen: 58208K->352K(57856K)] 365218K->308386K(731648K), 0.0019664 secs] [Times: user=0.01 sys=0.01, real=0.00 secs] 
2546.089: [GC (Allocation Failure) [PSYoungGen: 57184K->352K(58880K)] 365218K->308386K(732672K), 0.0019890 secs] [Times: user=0.01 sys=0.00, real=0.01 secs] 
2546.325: [GC (Allocation Failure) [PSYoungGen: 57184K->352K(58880K)] 365218K->308386K(732672K), 0.0018924 secs] [Times: user=0.01 sys=0.00, real=0.00 secs] 
2547.458: [GC (Allocation Failure) [PSYoungGen: 57184K->1408K(58880K)] 365218K->309450K(732672K), 0.0022475 secs] [Times: user=0.01 sys=0.00, real=0.01 secs] 
2547.991: [GC (Allocation Failure) [PSYoungGen: 58240K->1408K(58880K)] 366282K->309450K(732672K), 0.0021638 secs] [Times: user=0.01 sys=0.00, real=0.00 secs] 
2548.637: [GC (Allocation Failure) [PSYoungGen: 58240K->1376K(58880K)] 366282K->309418K(732672K), 0.0026484 secs] [Times: user=0.01 sys=0.00, real=0.01 secs] 
2549.284: [GC (Allocation Failure) [PSYoungGen: 58208K->1376K(58880K)] 366250K->309418K(732672K), 0.0025371 secs] [Times: user=0.01 sys=0.00, real=0.00 secs] 
2549.936: [GC (Allocation Failure) [PSYoungGen: 58208K->1408K(58880K)] 366250K->309450K(732672K), 0.0026334 secs] [Times: user=0.01 sys=0.00, real=0.00 secs] 
2551.546: [GC (Allocation Failure) [PSYoungGen: 58240K->1376K(58880K)] 366282K->309418K(732672K), 0.0021383 secs] [Times: user=0.01 sys=0.00, real=0.00 secs] 
2553.076: [GC (Allocation Failure) [PSYoungGen: 58208K->1376K(58880K)] 366250K->309418K(732672K), 0.0028923 secs] [Times: user=0.01 sys=0.00, real=0.01 secs] 
2554.176: [GC (Allocation Failure) [PSYoungGen: 58208K->1376K(58880K)] 366250K->309418K(732672K), 0.0028253 secs] [Times: user=0.01 sys=0.00, real=0.01 secs] 
2554.902: [GC (Allocation Failure) [PSYoungGen: 58208K->1376K(58880K)] 366250K->309418K(732672K), 0.0025108 secs] [Times: user=0.01 sys=0.00, real=0.00 secs] 
2555.383: [GC (Allocation Failure) [PSYoungGen: 58208K->1376K(58880K)] 366250K->309426K(732672K), 0.0025504 secs] [Times: user=0.01 sys=0.00, real=0.00 secs] 
2556.728: [GC (Allocation Failure) [PSYoungGen: 58208K->1408K(58880K)] 366258K->309458K(732672K), 0.0021502 secs] [Times: user=0.01 sys=0.00, real=0.01 secs] 
2557.321: [GC (Allocation Failure) [PSYoungGen: 58240K->1376K(58880K)] 366290K->309426K(732672K), 0.0021119 secs] [Times: user=0.00 sys=0.00, real=0.00 secs] 
2557.814: [GC (Allocation Failure) [PSYoungGen: 58208K->1408K(58880K)] 366258K->309458K(732672K), 0.0022863 secs] [Times: user=0.01 sys=0.00, real=0.00 secs] 
2558.394: [GC (Allocation Failure) [PSYoungGen: 58240K->1408K(58880K)] 366290K->309458K(732672K), 0.0028122 secs] [Times: user=0.01 sys=0.00, real=0.00 secs] 
2558.961: [GC (Allocation Failure) [PSYoungGen: 58240K->1376K(58880K)] 366290K->309426K(732672K), 0.0026624 secs] [Times: user=0.01 sys=0.00, real=0.00 secs] 
2560.142: [GC (Allocation Failure) [PSYoungGen: 58208K->1408K(58880K)] 366258K->309458K(732672K), 0.0018336 secs] [Times: user=0.00 sys=0.00, real=0.00 secs] 
2560.391: [GC (Allocation Failure) [PSYoungGen: 58240K->1376K(58880K)] 366290K->309426K(732672K), 0.0017399 secs] [Times: user=0.01 sys=0.00, real=0.00 secs] 
2560.749: [GC (Allocation Failure) [PSYoungGen: 58208K->1376K(58880K)] 366258K->309426K(732672K), 0.0020835 secs] [Times: user=0.01 sys=0.00, real=0.01 secs] 
2561.219: [GC (Allocation Failure) [PSYoungGen: 58208K->1376K(58880K)] 366258K->309426K(732672K), 0.0030128 secs] [Times: user=0.01 sys=0.00, real=0.01 secs] 
2561.679: [GC (Allocation Failure) [PSYoungGen: 58208K->1376K(58880K)] 366258K->309426K(732672K), 0.0021800 secs] [Times: user=0.01 sys=0.00, real=0.00 secs] 
2562.927: [GC (Allocation Failure) [PSYoungGen: 58208K->1440K(58880K)] 366258K->309490K(732672K), 0.0024473 secs] [Times: user=0.01 sys=0.00, real=0.01 secs] 
2563.407: [GC (Allocation Failure) [PSYoungGen: 58272K->1376K(58880K)] 366322K->309426K(732672K), 0.0029498 secs] [Times: user=0.01 sys=0.00, real=0.01 secs] 
2563.859: [GC (Allocation Failure) [PSYoungGen: 58208K->1408K(58880K)] 366258K->309466K(732672K), 0.0030152 secs] [Times: user=0.01 sys=0.00, real=0.00 secs] 
2564.294: [GC (Allocation Failure) [PSYoungGen: 58240K->1408K(58880K)] 366298K->309466K(732672K), 0.0026355 secs] [Times: user=0.01 sys=0.00, real=0.00 secs] 
2564.682: [GC (Allocation Failure) [PSYoungGen: 58240K->1376K(58880K)] 366298K->309434K(732672K), 0.0023220 secs] [Times: user=0.01 sys=0.00, real=0.00 secs] 
2565.606: [GC (Allocation Failure) [PSYoungGen: 58208K->1408K(58880K)] 366266K->309466K(732672K), 0.0015469 secs] [Times: user=0.00 sys=0.00, real=0.00 secs] 
2565.852: [GC (Allocation Failure) [PSYoungGen: 58240K->1376K(58880K)] 366298K->309434K(732672K), 0.0017215 secs] [Times: user=0.00 sys=0.00, real=0.00 secs] 
2566.087: [GC (Allocation Failure) [PSYoungGen: 58208K->1408K(58880K)] 366266K->309466K(732672K), 0.0017167 secs] [Times: user=0.01 sys=0.00, real=0.01 secs] 
2566.323: [GC (Allocation Failure) [PSYoungGen: 58240K->1440K(58880K)] 366298K->309498K(732672K), 0.0016814 secs] [Times: user=0.01 sys=0.00, real=0.00 secs] 
2566.558: [GC (Allocation Failure) [PSYoungGen: 58272K->1440K(58880K)] 366330K->309498K(732672K), 0.0016746 secs] [Times: user=0.01 sys=0.00, real=0.01 secs] 
2568.469: [GC (Allocation Failure) [PSYoungGen: 58272K->1408K(58880K)] 366330K->309474K(732672K), 0.0025570 secs] [Times: user=0.01 sys=0.00, real=0.00 secs] 
2568.987: [GC (Allocation Failure) [PSYoungGen: 58240K->1344K(58880K)] 366306K->309410K(732672K), 0.0019891 secs] [Times: user=0.00 sys=0.00, real=0.00 secs] 
2569.228: [GC (Allocation Failure) [PSYoungGen: 58176K->1344K(58368K)] 366242K->309410K(732160K), 0.0020494 secs] [Times: user=0.01 sys=0.01, real=0.01 secs] 
2569.465: [GC (Allocation Failure) [PSYoungGen: 58176K->1392K(58368K)] 366242K->309458K(732160K), 0.0020411 secs] [Times: user=0.01 sys=0.00, real=0.00 secs] 
2570.026: [GC (Allocation Failure) [PSYoungGen: 58224K->1376K(58368K)] 366290K->309442K(732160K), 0.0022101 secs] [Times: user=0.01 sys=0.00, real=0.00 secs] 
2571.533: [GC (Allocation Failure) [PSYoungGen: 58208K->1376K(58368K)] 366274K->309442K(732160K), 0.0020218 secs] [Times: user=0.01 sys=0.00, real=0.00 secs] 
2572.508: [GC (Allocation Failure) [PSYoungGen: 58208K->1376K(58368K)] 366274K->309442K(732160K), 0.0025175 secs] [Times: user=0.01 sys=0.00, real=0.01 secs] 
2572.899: [GC (Allocation Failure) [PSYoungGen: 58208K->1408K(58368K)] 366274K->309498K(732160K), 0.0019748 secs] [Times: user=0.01 sys=0.00, real=0.01 secs] 
2573.158: [GC (Allocation Failure) [PSYoungGen: 58240K->1408K(58368K)] 366330K->309498K(732160K), 0.0018645 secs] [Times: user=0.01 sys=0.00, real=0.01 secs] 
2573.590: [GC (Allocation Failure) [PSYoungGen: 58240K->1328K(58368K)] 366330K->309418K(732160K), 0.0021540 secs] [Times: user=0.01 sys=0.00, real=0.00 secs] 
2575.145: [GC (Allocation Failure) [PSYoungGen: 58160K->1440K(58368K)] 366250K->309538K(732160K), 0.0022200 secs] [Times: user=0.01 sys=0.00, real=0.00 secs] 
2576.098: [GC (Allocation Failure) [PSYoungGen: 58272K->1296K(58368K)] 366370K->309402K(732160K), 0.0026092 secs] [Times: user=0.01 sys=0.00, real=0.01 secs] 
2577.077: [GC (Allocation Failure) [PSYoungGen: 58128K->1360K(58368K)] 366234K->309466K(732160K), 0.0033237 secs] [Times: user=0.02 sys=0.00, real=0.01 secs] 
2577.662: [GC (Allocation Failure) [PSYoungGen: 58192K->1408K(58368K)] 366298K->309514K(732160K), 0.0030175 secs] [Times: user=0.02 sys=0.00, real=0.00 secs] 
2578.130: [GC (Allocation Failure) [PSYoungGen: 58240K->1376K(58368K)] 366346K->309482K(732160K), 0.0024871 secs] [Times: user=0.02 sys=0.00, real=0.00 secs] 
2580.332: [GC (Allocation Failure) [PSYoungGen: 58208K->1408K(58368K)] 366314K->309514K(732160K), 0.0040849 secs] [Times: user=0.02 sys=0.00, real=0.00 secs] 
2581.319: [GC (Allocation Failure) [PSYoungGen: 58240K->1408K(58368K)] 366346K->309514K(732160K), 0.0027223 secs] [Times: user=0.01 sys=0.00, real=0.00 secs] 
2581.794: [GC (Allocation Failure) [PSYoungGen: 58240K->1440K(58368K)] 366346K->309546K(732160K), 0.0025119 secs] [Times: user=0.01 sys=0.00, real=0.00 secs] 
2582.534: [GC (Allocation Failure) [PSYoungGen: 58272K->1424K(58368K)] 366378K->309530K(732160K), 0.0032564 secs] [Times: user=0.01 sys=0.00, real=0.00 secs] 
2583.229: [GC (Allocation Failure) [PSYoungGen: 58256K->1408K(58368K)] 366362K->309514K(732160K), 0.0029066 secs] [Times: user=0.02 sys=0.00, real=0.01 secs] 
2584.385: [GC (Allocation Failure) [PSYoungGen: 58240K->1440K(58368K)] 366346K->309546K(732160K), 0.0017092 secs] [Times: user=0.01 sys=0.00, real=0.00 secs] 
2584.620: [GC (Allocation Failure) [PSYoungGen: 58272K->1344K(58368K)] 366378K->309450K(732160K), 0.0017005 secs] [Times: user=0.01 sys=0.00, real=0.00 secs] 
2584.856: [GC (Allocation Failure) [PSYoungGen: 58176K->1376K(58368K)] 366282K->309482K(732160K), 0.0016249 secs] [Times: user=0.00 sys=0.00, real=0.00 secs] 
2585.091: [GC (Allocation Failure) [PSYoungGen: 58208K->1376K(58368K)] 366314K->309482K(732160K), 0.0019573 secs] [Times: user=0.01 sys=0.00, real=0.00 secs] 
2585.329: [GC (Allocation Failure) [PSYoungGen: 58208K->1376K(58368K)] 366314K->309482K(732160K), 0.0024458 secs] [Times: user=0.01 sys=0.00, real=0.00 secs] 
2587.350: [GC (Allocation Failure) [PSYoungGen: 58208K->1408K(58368K)] 366314K->309530K(732160K), 0.0034408 secs] [Times: user=0.02 sys=0.00, real=0.00 secs] 
2587.866: [GC (Allocation Failure) [PSYoungGen: 58240K->1376K(58368K)] 366362K->309498K(732160K), 0.0025471 secs] [Times: user=0.01 sys=0.00, real=0.00 secs] 
2588.164: [GC (Allocation Failure) [PSYoungGen: 58208K->1376K(58368K)] 366330K->309498K(732160K), 0.0020244 secs] [Times: user=0.01 sys=0.00, real=0.00 secs] 
2588.430: [GC (Allocation Failure) [PSYoungGen: 58208K->1392K(58368K)] 366330K->309514K(732160K), 0.0019496 secs] [Times: user=0.01 sys=0.00, real=0.00 secs] 
2588.672: [GC (Allocation Failure) [PSYoungGen: 58224K->1392K(58368K)] 366346K->309514K(732160K), 0.0020021 secs] [Times: user=0.00 sys=0.00, real=0.00 secs] 
2590.255: [GC (Allocation Failure) [PSYoungGen: 58224K->1376K(58368K)] 366346K->309498K(732160K), 0.0039249 secs] [Times: user=0.02 sys=0.00, real=0.00 secs] 
2590.953: [GC (Allocation Failure) [PSYoungGen: 58208K->1408K(58368K)] 366330K->309530K(732160K), 0.0025222 secs] [Times: user=0.01 sys=0.00, real=0.00 secs] 
2591.480: [GC (Allocation Failure) [PSYoungGen: 58240K->1344K(58368K)] 366362K->309466K(732160K), 0.0022074 secs] [Times: user=0.01 sys=0.00, real=0.00 secs] 
2592.037: [GC (Allocation Failure) [PSYoungGen: 58176K->1376K(58368K)] 366298K->309498K(732160K), 0.0021872 secs] [Times: user=0.01 sys=0.00, real=0.00 secs] 
2592.489: [GC (Allocation Failure) [PSYoungGen: 58208K->1376K(58368K)] 366330K->309498K(732160K), 0.0033610 secs] [Times: user=0.01 sys=0.00, real=0.00 secs] 
2593.619: [GC (Allocation Failure) [PSYoungGen: 58208K->1392K(58368K)] 366330K->309538K(732160K), 0.0018768 secs] [Times: user=0.01 sys=0.00, real=0.00 secs] 
2593.885: [GC (Allocation Failure) [PSYoungGen: 58224K->1376K(58368K)] 366370K->309522K(732160K), 0.0018305 secs] [Times: user=0.00 sys=0.01, real=0.00 secs] 
2594.219: [GC (Allocation Failure) [PSYoungGen: 58208K->1344K(58368K)] 366354K->309490K(732160K), 0.0021664 secs] [Times: user=0.01 sys=0.00, real=0.00 secs] 
2594.833: [GC (Allocation Failure) [PSYoungGen: 58176K->1376K(58368K)] 366322K->309522K(732160K), 0.0022871 secs] [Times: user=0.01 sys=0.00, real=0.00 secs] 
2595.568: [GC (Allocation Failure) [PSYoungGen: 58208K->1408K(58368K)] 366354K->309554K(732160K), 0.0033863 secs] [Times: user=0.01 sys=0.01, real=0.01 secs] 
2597.444: [GC (Allocation Failure) [PSYoungGen: 58240K->1440K(58368K)] 366386K->309586K(732160K), 0.0040013 secs] [Times: user=0.02 sys=0.00, real=0.00 secs] 
2598.143: [GC (Allocation Failure) [PSYoungGen: 58272K->1376K(58368K)] 366418K->309522K(732160K), 0.0029942 secs] [Times: user=0.01 sys=0.00, real=0.00 secs] 
2598.712: [GC (Allocation Failure) [PSYoungGen: 58208K->1328K(58368K)] 366354K->309474K(732160K), 0.0027894 secs] [Times: user=0.01 sys=0.00, real=0.00 secs] 
2599.309: [GC (Allocation Failure) [PSYoungGen: 58160K->1344K(58368K)] 366306K->309490K(732160K), 0.0033697 secs] [Times: user=0.01 sys=0.00, real=0.00 secs] 
2599.711: [GC (Allocation Failure) [PSYoungGen: 58176K->1344K(58368K)] 366322K->309490K(732160K), 0.0024657 secs] [Times: user=0.01 sys=0.00, real=0.00 secs] 
2600.988: [GC (Allocation Failure) [PSYoungGen: 58176K->1408K(58368K)] 366322K->309554K(732160K), 0.0019326 secs] [Times: user=0.01 sys=0.00, real=0.01 secs] 
2602.290: [GC (Allocation Failure) [PSYoungGen: 58240K->1344K(58368K)] 366386K->309490K(732160K), 0.0038916 secs] [Times: user=0.02 sys=0.00, real=0.00 secs] 
2602.868: [GC (Allocation Failure) [PSYoungGen: 58176K->1376K(58368K)] 366322K->309522K(732160K), 0.0026282 secs] [Times: user=0.01 sys=0.00, real=0.01 secs] 
2603.571: [GC (Allocation Failure) [PSYoungGen: 58208K->1408K(58368K)] 366354K->309554K(732160K), 0.0026339 secs] [Times: user=0.01 sys=0.00, real=0.00 secs] 
2604.416: [GC (Allocation Failure) [PSYoungGen: 58240K->1344K(58368K)] 366386K->309490K(732160K), 0.0058190 secs] [Times: user=0.02 sys=0.00, real=0.01 secs] 
2606.300: [GC (Allocation Failure) [PSYoungGen: 58176K->1344K(58368K)] 366322K->309490K(732160K), 0.0020986 secs] [Times: user=0.01 sys=0.00, real=0.00 secs] 
2606.688: [GC (Allocation Failure) [PSYoungGen: 58176K->1360K(58368K)] 366322K->309514K(732160K), 0.0019665 secs] [Times: user=0.01 sys=0.00, real=0.01 secs] 
2606.924: [GC (Allocation Failure) [PSYoungGen: 58192K->1376K(58368K)] 366346K->309530K(732160K), 0.0020663 secs] [Times: user=0.00 sys=0.00, real=0.00 secs] 
2607.235: [GC (Allocation Failure) [PSYoungGen: 58208K->1376K(58368K)] 366362K->309530K(732160K), 0.0020317 secs] [Times: user=0.01 sys=0.00, real=0.00 secs] 
2607.957: [GC (Allocation Failure) [PSYoungGen: 58208K->1376K(58368K)] 366362K->309530K(732160K), 0.0034385 secs] [Times: user=0.01 sys=0.00, real=0.01 secs] 
2609.183: [GC (Allocation Failure) [PSYoungGen: 58208K->1440K(58368K)] 366362K->309594K(732160K), 0.0017191 secs] [Times: user=0.00 sys=0.00, real=0.00 secs] 
2609.484: [GC (Allocation Failure) [PSYoungGen: 58272K->1376K(58368K)] 366426K->309530K(732160K), 0.0016729 secs] [Times: user=0.01 sys=0.00, real=0.00 secs] 
2609.954: [GC (Allocation Failure) [PSYoungGen: 58208K->1376K(58368K)] 366362K->309530K(732160K), 0.0018799 secs] [Times: user=0.01 sys=0.00, real=0.00 secs] 
2610.482: [GC (Allocation Failure) [PSYoungGen: 58208K->1344K(58368K)] 366362K->309498K(732160K), 0.0033220 secs] [Times: user=0.01 sys=0.01, real=0.00 secs] 
2611.074: [GC (Allocation Failure) [PSYoungGen: 58176K->1344K(58368K)] 366330K->309498K(732160K), 0.0027103 secs] [Times: user=0.01 sys=0.00, real=0.00 secs] 
2612.125: [GC (Allocation Failure) [PSYoungGen: 58176K->1440K(58368K)] 366330K->309594K(732160K), 0.0016714 secs] [Times: user=0.01 sys=0.00, real=0.00 secs] 
2612.523: [GC (Allocation Failure) [PSYoungGen: 58272K->1360K(58368K)] 366426K->309514K(732160K), 0.0016147 secs] [Times: user=0.01 sys=0.00, real=0.00 secs] 
2613.087: [GC (Allocation Failure) [PSYoungGen: 58192K->1408K(58368K)] 366346K->309562K(732160K), 0.0016936 secs] [Times: user=0.00 sys=0.00, real=0.00 secs] 
2613.651: [GC (Allocation Failure) [PSYoungGen: 58240K->1376K(58368K)] 366394K->309530K(732160K), 0.0018690 secs] [Times: user=0.01 sys=0.00, real=0.00 secs] 
2614.212: [GC (Allocation Failure) [PSYoungGen: 58208K->1408K(58368K)] 366362K->309570K(732160K), 0.0019276 secs] [Times: user=0.01 sys=0.00, real=0.00 secs] 
2615.165: [GC (Allocation Failure) [PSYoungGen: 58240K->1376K(58368K)] 366402K->309538K(732160K), 0.0017163 secs] [Times: user=0.01 sys=0.00, real=0.00 secs] 
2615.400: [GC (Allocation Failure) [PSYoungGen: 58208K->1344K(58368K)] 366370K->309506K(732160K), 0.0016912 secs] [Times: user=0.01 sys=0.00, real=0.00 secs] 
2615.636: [GC (Allocation Failure) [PSYoungGen: 58176K->1376K(58368K)] 366338K->309538K(732160K), 0.0016985 secs] [Times: user=0.01 sys=0.00, real=0.00 secs] 
2615.871: [GC (Allocation Failure) [PSYoungGen: 58208K->1376K(58368K)] 366370K->309538K(732160K), 0.0016558 secs] [Times: user=0.01 sys=0.00, real=0.00 secs] 
2616.107: [GC (Allocation Failure) [PSYoungGen: 58208K->1376K(58368K)] 366370K->309538K(732160K), 0.0016594 secs] [Times: user=0.01 sys=0.00, real=0.00 secs] 
2617.961: [GC (Allocation Failure) [PSYoungGen: 58208K->1440K(58368K)] 366370K->309602K(732160K), 0.0033039 secs] [Times: user=0.01 sys=0.00, real=0.00 secs] 
2618.396: [GC (Allocation Failure) [PSYoungGen: 58272K->1376K(58368K)] 366434K->309538K(732160K), 0.0025227 secs] [Times: user=0.01 sys=0.00, real=0.00 secs] 
2618.797: [GC (Allocation Failure) [PSYoungGen: 58208K->1344K(58368K)] 366370K->309506K(732160K), 0.0020065 secs] [Times: user=0.01 sys=0.00, real=0.00 secs] 
2619.276: [GC (Allocation Failure) [PSYoungGen: 58176K->1376K(58368K)] 366338K->309538K(732160K), 0.0021073 secs] [Times: user=0.01 sys=0.00, real=0.00 secs] 
2619.872: [GC (Allocation Failure) [PSYoungGen: 58208K->1376K(58368K)] 366370K->309538K(732160K), 0.0020589 secs] [Times: user=0.00 sys=0.00, real=0.00 secs] 
2621.040: [GC (Allocation Failure) [PSYoungGen: 58208K->1440K(58368K)] 366370K->309602K(732160K), 0.0020466 secs] [Times: user=0.01 sys=0.00, real=0.00 secs] 
2621.277: [GC (Allocation Failure) [PSYoungGen: 58272K->1408K(58368K)] 366434K->309570K(732160K), 0.0017932 secs] [Times: user=0.01 sys=0.00, real=0.00 secs] 
2621.514: [GC (Allocation Failure) [PSYoungGen: 58240K->1344K(58368K)] 366402K->309506K(732160K), 0.0022257 secs] [Times: user=0.01 sys=0.00, real=0.00 secs] 
2621.752: [GC (Allocation Failure) [PSYoungGen: 58176K->1376K(58368K)] 366338K->309538K(732160K), 0.0025085 secs] [Times: user=0.01 sys=0.00, real=0.00 secs] 
2621.987: [GC (Allocation Failure) [PSYoungGen: 58208K->1360K(58368K)] 366370K->309546K(732160K), 0.0018623 secs] [Times: user=0.01 sys=0.00, real=0.00 secs] 
2622.939: [GC (Allocation Failure) [PSYoungGen: 58192K->1376K(58368K)] 366378K->309562K(732160K), 0.0014564 secs] [Times: user=0.00 sys=0.00, real=0.00 secs] 
2623.174: [GC (Allocation Failure) [PSYoungGen: 58208K->1376K(58368K)] 366394K->309562K(732160K), 0.0015923 secs] [Times: user=0.01 sys=0.00, real=0.00 secs] 
2623.410: [GC (Allocation Failure) [PSYoungGen: 58208K->1376K(58368K)] 366394K->309562K(732160K), 0.0022020 secs] [Times: user=0.01 sys=0.00, real=0.00 secs] 
2623.647: [GC (Allocation Failure) [PSYoungGen: 58208K->1376K(58368K)] 366394K->309562K(732160K), 0.0021686 secs] [Times: user=0.01 sys=0.00, real=0.01 secs] 
2623.884: [GC (Allocation Failure) [PSYoungGen: 58208K->1408K(58368K)] 366394K->309594K(732160K), 0.0021207 secs] [Times: user=0.01 sys=0.00, real=0.00 secs] 
2627.271: [GC (Allocation Failure) [PSYoungGen: 58240K->1408K(58368K)] 366426K->309602K(732160K), 0.0035969 secs] [Times: user=0.02 sys=0.00, real=0.00 secs] 
2627.616: [GC (Allocation Failure) [PSYoungGen: 58240K->1376K(58368K)] 366434K->309570K(732160K), 0.0019611 secs] [Times: user=0.01 sys=0.00, real=0.00 secs] 
2627.864: [GC (Allocation Failure) [PSYoungGen: 58208K->1376K(58368K)] 366402K->309570K(732160K), 0.0018795 secs] [Times: user=0.00 sys=0.00, real=0.00 secs] 
2628.229: [GC (Allocation Failure) [PSYoungGen: 58208K->1376K(58368K)] 366402K->309570K(732160K), 0.0020183 secs] [Times: user=0.01 sys=0.00, real=0.01 secs] 
2629.012: [GC (Allocation Failure) [PSYoungGen: 58202K->288K(57856K)] 366396K->308482K(731648K), 0.0019655 secs] [Times: user=0.01 sys=0.00, real=0.00 secs] 
2631.996: [GC (Allocation Failure) [PSYoungGen: 56608K->1376K(58368K)] 364802K->309570K(732160K), 0.0037392 secs] [Times: user=0.02 sys=0.00, real=0.01 secs] 
2632.591: [GC (Allocation Failure) [PSYoungGen: 57696K->1440K(58368K)] 365890K->309634K(732160K), 0.0025389 secs] [Times: user=0.01 sys=0.00, real=0.00 secs] 
2633.028: [GC (Allocation Failure) [PSYoungGen: 57760K->1392K(58368K)] 365954K->309586K(732160K), 0.0025516 secs] [Times: user=0.01 sys=0.00, real=0.01 secs] 
2633.713: [GC (Allocation Failure) [PSYoungGen: 57712K->1376K(58368K)] 365906K->309570K(732160K), 0.0025581 secs] [Times: user=0.01 sys=0.00, real=0.00 secs] 
2634.487: [GC (Allocation Failure) [PSYoungGen: 57696K->1344K(58368K)] 365890K->309538K(732160K), 0.0038718 secs] [Times: user=0.02 sys=0.00, real=0.01 secs] 
2635.794: [GC (Allocation Failure) [PSYoungGen: 57664K->1376K(58368K)] 365858K->309570K(732160K), 0.0020324 secs] [Times: user=0.01 sys=0.00, real=0.00 secs] 
2636.307: [GC (Allocation Failure) [PSYoungGen: 57696K->1376K(58368K)] 365890K->309570K(732160K), 0.0022243 secs] [Times: user=0.01 sys=0.00, real=0.00 secs] 
2636.821: [GC (Allocation Failure) [PSYoungGen: 57696K->1408K(58368K)] 365890K->309602K(732160K), 0.0020026 secs] [Times: user=0.01 sys=0.00, real=0.00 secs] 
2637.136: [GC (Allocation Failure) [PSYoungGen: 57728K->1344K(58368K)] 365922K->309538K(732160K), 0.0020825 secs] [Times: user=0.01 sys=0.00, real=0.00 secs] 
2637.371: [GC (Allocation Failure) [PSYoungGen: 57664K->1376K(58368K)] 365858K->309578K(732160K), 0.0019312 secs] [Times: user=0.01 sys=0.00, real=0.00 secs] 
2638.726: [GC (Allocation Failure) [PSYoungGen: 57696K->1408K(58368K)] 365898K->309610K(732160K), 0.0018518 secs] [Times: user=0.00 sys=0.00, real=0.00 secs] 
2639.073: [GC (Allocation Failure) [PSYoungGen: 57728K->1376K(58368K)] 365930K->309578K(732160K), 0.0019977 secs] [Times: user=0.01 sys=0.00, real=0.00 secs] 
2639.312: [GC (Allocation Failure) [PSYoungGen: 57696K->1376K(58368K)] 365898K->309578K(732160K), 0.0018315 secs] [Times: user=0.01 sys=0.00, real=0.00 secs] 
2639.633: [GC (Allocation Failure) [PSYoungGen: 57696K->1376K(57856K)] 365898K->309578K(731648K), 0.0020185 secs] [Times: user=0.00 sys=0.00, real=0.00 secs] 
2640.100: [GC (Allocation Failure) [PSYoungGen: 57696K->1344K(57856K)] 365898K->309546K(731648K), 0.0020387 secs] [Times: user=0.01 sys=0.00, real=0.00 secs] 
2641.464: [GC (Allocation Failure) [PSYoungGen: 57664K->384K(57344K)] 365866K->309610K(731136K), 0.0020181 secs] [Times: user=0.01 sys=0.00, real=0.00 secs] 
2642.067: [GC (Allocation Failure) [PSYoungGen: 56704K->320K(58368K)] 365930K->309546K(732160K), 0.0018233 secs] [Times: user=0.01 sys=0.00, real=0.01 secs] 
2642.511: [GC (Allocation Failure) [PSYoungGen: 56640K->320K(58368K)] 365866K->309546K(732160K), 0.0017166 secs] [Times: user=0.00 sys=0.00, real=0.00 secs] 
2643.507: [GC (Allocation Failure) [PSYoungGen: 56640K->1376K(58368K)] 365866K->310618K(732160K), 0.0016425 secs] [Times: user=0.00 sys=0.00, real=0.00 secs] 
2644.085: [GC (Allocation Failure) [PSYoungGen: 57696K->1344K(58368K)] 366938K->310586K(732160K), 0.0027340 secs] [Times: user=0.01 sys=0.00, real=0.00 secs] 
2644.473: [GC (Allocation Failure) [PSYoungGen: 57664K->1344K(58368K)] 366906K->310586K(732160K), 0.0024571 secs] [Times: user=0.01 sys=0.00, real=0.00 secs] 
2644.903: [GC (Allocation Failure) [PSYoungGen: 57664K->1328K(58368K)] 366906K->310570K(732160K), 0.0027409 secs] [Times: user=0.01 sys=0.00, real=0.00 secs] 
2645.284: [GC (Allocation Failure) [PSYoungGen: 57648K->1376K(58368K)] 366890K->310618K(732160K), 0.0020769 secs] [Times: user=0.01 sys=0.00, real=0.00 secs] 
2647.105: [GC (Allocation Failure) [PSYoungGen: 57696K->1392K(58368K)] 366938K->310634K(732160K), 0.0038487 secs] [Times: user=0.02 sys=0.00, real=0.00 secs] 
2647.880: [GC (Allocation Failure) [PSYoungGen: 57712K->1344K(58368K)] 366954K->310586K(732160K), 0.0038372 secs] [Times: user=0.02 sys=0.00, real=0.00 secs] 
2648.484: [GC (Allocation Failure) [PSYoungGen: 57664K->1312K(58368K)] 366906K->310554K(732160K), 0.0026976 secs] [Times: user=0.01 sys=0.00, real=0.00 secs] 
2649.039: [GC (Allocation Failure) [PSYoungGen: 57632K->1376K(58368K)] 366874K->310618K(732160K), 0.0030602 secs] [Times: user=0.01 sys=0.00, real=0.00 secs] 
2649.612: [GC (Allocation Failure) [PSYoungGen: 57696K->1344K(58368K)] 366938K->310586K(732160K), 0.0027347 secs] [Times: user=0.01 sys=0.00, real=0.00 secs] 
2651.045: [GC (Allocation Failure) [PSYoungGen: 57664K->1440K(58368K)] 366906K->310682K(732160K), 0.0020573 secs] [Times: user=0.01 sys=0.00, real=0.00 secs] 
2651.314: [GC (Allocation Failure) [PSYoungGen: 57760K->1376K(58368K)] 367002K->310618K(732160K), 0.0018811 secs] [Times: user=0.01 sys=0.00, real=0.00 secs] 
2651.548: [GC (Allocation Failure) [PSYoungGen: 57696K->1376K(58368K)] 366938K->310618K(732160K), 0.0018515 secs] [Times: user=0.01 sys=0.00, real=0.01 secs] 
2651.793: [GC (Allocation Failure) [PSYoungGen: 57696K->1360K(58368K)] 366938K->310602K(732160K), 0.0020042 secs] [Times: user=0.00 sys=0.00, real=0.00 secs] 
2652.117: [GC (Allocation Failure) [PSYoungGen: 57680K->1376K(58368K)] 366922K->310618K(732160K), 0.0018856 secs] [Times: user=0.01 sys=0.00, real=0.01 secs] 
2653.361: [GC (Allocation Failure) [PSYoungGen: 57696K->1408K(58368K)] 366938K->310650K(732160K), 0.0017334 secs] [Times: user=0.01 sys=0.00, real=0.00 secs] 
2654.132: [GC (Allocation Failure) [PSYoungGen: 57728K->1376K(58368K)] 366970K->310626K(732160K), 0.0025460 secs] [Times: user=0.01 sys=0.00, real=0.00 secs] 
2654.775: [GC (Allocation Failure) [PSYoungGen: 57696K->1408K(58368K)] 366946K->310658K(732160K), 0.0028768 secs] [Times: user=0.00 sys=0.00, real=0.00 secs] 
2655.531: [GC (Allocation Failure) [PSYoungGen: 57728K->1376K(58368K)] 366978K->310626K(732160K), 0.0026886 secs] [Times: user=0.01 sys=0.00, real=0.00 secs] 
2656.260: [GC (Allocation Failure) [PSYoungGen: 57696K->1408K(58368K)] 366946K->310658K(732160K), 0.0027122 secs] [Times: user=0.01 sys=0.00, real=0.00 secs] 
2657.512: [GC (Allocation Failure) [PSYoungGen: 57728K->1392K(58368K)] 366978K->310642K(732160K), 0.0018084 secs] [Times: user=0.01 sys=0.00, real=0.00 secs] 
2657.783: [GC (Allocation Failure) [PSYoungGen: 57712K->1408K(58368K)] 366962K->310674K(732160K), 0.0019797 secs] [Times: user=0.01 sys=0.00, real=0.00 secs] 
2658.239: [GC (Allocation Failure) [PSYoungGen: 57728K->1392K(58368K)] 366994K->310658K(732160K), 0.0020304 secs] [Times: user=0.00 sys=0.00, real=0.01 secs] 
2658.710: [GC (Allocation Failure) [PSYoungGen: 57712K->1328K(58368K)] 366978K->310594K(732160K), 0.0025656 secs] [Times: user=0.01 sys=0.00, real=0.00 secs] 
2659.246: [GC (Allocation Failure) [PSYoungGen: 57648K->1312K(58368K)] 366914K->310586K(732160K), 0.0033244 secs] [Times: user=0.02 sys=0.00, real=0.01 secs] 
2660.629: [GC (Allocation Failure) [PSYoungGen: 57632K->1408K(58368K)] 366906K->310682K(732160K), 0.0016822 secs] [Times: user=0.01 sys=0.00, real=0.00 secs] 
2661.316: [GC (Allocation Failure) [PSYoungGen: 57728K->1344K(58368K)] 367002K->310618K(732160K), 0.0036990 secs] [Times: user=0.02 sys=0.00, real=0.01 secs] 
2662.189: [GC (Allocation Failure) [PSYoungGen: 57664K->1376K(58368K)] 366938K->310650K(732160K), 0.0041624 secs] [Times: user=0.01 sys=0.00, real=0.00 secs] 
2663.044: [GC (Allocation Failure) [PSYoungGen: 57696K->1328K(58368K)] 366970K->310602K(732160K), 0.0038050 secs] [Times: user=0.02 sys=0.01, real=0.00 secs] 
2663.744: [GC (Allocation Failure) [PSYoungGen: 57648K->1344K(57856K)] 366922K->310618K(731648K), 0.0038778 secs] [Times: user=0.01 sys=0.00, real=0.00 secs] 
2665.036: [GC (Allocation Failure) [PSYoungGen: 57664K->1424K(57856K)] 366938K->310698K(731648K), 0.0018505 secs] [Times: user=0.00 sys=0.00, real=0.00 secs] 
2665.583: [GC (Allocation Failure) [PSYoungGen: 57744K->352K(57344K)] 367018K->310658K(731136K), 0.0018203 secs] [Times: user=0.01 sys=0.00, real=0.00 secs] 
2666.110: [GC (Allocation Failure) [PSYoungGen: 56672K->352K(58368K)] 366978K->310658K(732160K), 0.0018463 secs] [Times: user=0.01 sys=0.00, real=0.00 secs] 
2666.344: [GC (Allocation Failure) [PSYoungGen: 56672K->320K(58368K)] 366978K->310626K(732160K), 0.0018794 secs] [Times: user=0.00 sys=0.00, real=0.00 secs] 
2666.636: [GC (Allocation Failure) [PSYoungGen: 56640K->352K(58368K)] 366946K->310658K(732160K), 0.0019686 secs] [Times: user=0.01 sys=0.00, real=0.00 secs] 
2667.710: [GC (Allocation Failure) [PSYoungGen: 56672K->1376K(58368K)] 366978K->311682K(732160K), 0.0020495 secs] [Times: user=0.00 sys=0.00, real=0.00 secs] 
2668.096: [GC (Allocation Failure) [PSYoungGen: 57696K->1328K(58368K)] 368002K->311634K(732160K), 0.0020366 secs] [Times: user=0.01 sys=0.00, real=0.00 secs] 
2668.522: [GC (Allocation Failure) [PSYoungGen: 57648K->1392K(58368K)] 367954K->311698K(732160K), 0.0019974 secs] [Times: user=0.00 sys=0.00, real=0.00 secs] 
2668.978: [GC (Allocation Failure) [PSYoungGen: 57712K->1344K(58368K)] 368018K->311650K(732160K), 0.0025421 secs] [Times: user=0.00 sys=0.01, real=0.01 secs] 
2669.411: [GC (Allocation Failure) [PSYoungGen: 57664K->1376K(58368K)] 367970K->311682K(732160K), 0.0025568 secs] [Times: user=0.01 sys=0.00, real=0.00 secs] 
2670.573: [GC (Allocation Failure) [PSYoungGen: 57696K->1408K(58368K)] 368002K->311714K(732160K), 0.0017100 secs] [Times: user=0.01 sys=0.00, real=0.00 secs] 
2671.207: [GC (Allocation Failure) [PSYoungGen: 57728K->1376K(58368K)] 368034K->311682K(732160K), 0.0027183 secs] [Times: user=0.01 sys=0.01, real=0.01 secs] 
2671.685: [GC (Allocation Failure) [PSYoungGen: 57696K->1376K(58368K)] 368002K->311682K(732160K), 0.0027133 secs] [Times: user=0.01 sys=0.00, real=0.00 secs] 
2672.188: [GC (Allocation Failure) [PSYoungGen: 57696K->1408K(58368K)] 368002K->311714K(732160K), 0.0027760 secs] [Times: user=0.01 sys=0.00, real=0.01 secs] 
2672.668: [GC (Allocation Failure) [PSYoungGen: 57728K->1408K(58368K)] 368034K->311730K(732160K), 0.0023081 secs] [Times: user=0.01 sys=0.00, real=0.01 secs] 
2674.030: [GC (Allocation Failure) [PSYoungGen: 57728K->1440K(58368K)] 368050K->311762K(732160K), 0.0017089 secs] [Times: user=0.00 sys=0.00, real=0.00 secs] 
2674.651: [GC (Allocation Failure) [PSYoungGen: 57760K->1376K(58368K)] 368082K->311698K(732160K), 0.0016923 secs] [Times: user=0.01 sys=0.00, real=0.00 secs] 
2675.055: [GC (Allocation Failure) [PSYoungGen: 57696K->1376K(58368K)] 368018K->311698K(732160K), 0.0016385 secs] [Times: user=0.00 sys=0.00, real=0.00 secs] 
2675.509: [GC (Allocation Failure) [PSYoungGen: 57696K->1408K(58368K)] 368018K->311730K(732160K), 0.0016958 secs] [Times: user=0.01 sys=0.00, real=0.00 secs] 
2675.981: [GC (Allocation Failure) [PSYoungGen: 57728K->1376K(58368K)] 368050K->311698K(732160K), 0.0017869 secs] [Times: user=0.01 sys=0.00, real=0.00 secs] 
2677.385: [GC (Allocation Failure) [PSYoungGen: 57696K->1440K(58368K)] 368018K->311762K(732160K), 0.0020186 secs] [Times: user=0.01 sys=0.00, real=0.00 secs] 
2678.089: [GC (Allocation Failure) [PSYoungGen: 57760K->1408K(58368K)] 368082K->311730K(732160K), 0.0030853 secs] [Times: user=0.02 sys=0.00, real=0.00 secs] 
2678.815: [GC (Allocation Failure) [PSYoungGen: 57728K->1328K(58368K)] 368050K->311650K(732160K), 0.0033267 secs] [Times: user=0.01 sys=0.00, real=0.00 secs] 
2679.658: [GC (Allocation Failure) [PSYoungGen: 57648K->1376K(58368K)] 367970K->311698K(732160K), 0.0034183 secs] [Times: user=0.02 sys=0.00, real=0.01 secs] 
2680.515: [GC (Allocation Failure) [PSYoungGen: 57696K->1376K(58368K)] 368018K->311698K(732160K), 0.0039677 secs] [Times: user=0.01 sys=0.00, real=0.00 secs] 
2682.199: [GC (Allocation Failure) [PSYoungGen: 57696K->1376K(58368K)] 368018K->311698K(732160K), 0.0030307 secs] [Times: user=0.02 sys=0.00, real=0.01 secs] 
2682.435: [GC (Allocation Failure) [PSYoungGen: 57696K->1408K(58368K)] 368018K->311730K(732160K), 0.0022710 secs] [Times: user=0.01 sys=0.00, real=0.00 secs] 
2682.669: [GC (Allocation Failure) [PSYoungGen: 57728K->1408K(58368K)] 368050K->311730K(732160K), 0.0023218 secs] [Times: user=0.01 sys=0.00, real=0.00 secs] 
2682.903: [GC (Allocation Failure) [PSYoungGen: 57728K->1344K(58368K)] 368050K->311666K(732160K), 0.0020274 secs] [Times: user=0.01 sys=0.00, real=0.00 secs] 
2683.137: [GC (Allocation Failure) [PSYoungGen: 57664K->1376K(58368K)] 367986K->311698K(732160K), 0.0019976 secs] [Times: user=0.00 sys=0.00, real=0.01 secs] 
2684.454: [GC (Allocation Failure) [PSYoungGen: 57696K->1408K(58368K)] 368018K->311738K(732160K), 0.0025805 secs] [Times: user=0.01 sys=0.00, real=0.00 secs] 
2685.226: [GC (Allocation Failure) [PSYoungGen: 57728K->1408K(58368K)] 368058K->311738K(732160K), 0.0018736 secs] [Times: user=0.00 sys=0.00, real=0.00 secs] 
2685.466: [GC (Allocation Failure) [PSYoungGen: 57728K->1376K(58368K)] 368058K->311706K(732160K), 0.0018917 secs] [Times: user=0.01 sys=0.00, real=0.00 secs] 
2685.700: [GC (Allocation Failure) [PSYoungGen: 57696K->1376K(58368K)] 368026K->311706K(732160K), 0.0019375 secs] [Times: user=0.01 sys=0.00, real=0.00 secs] 
2685.934: [GC (Allocation Failure) [PSYoungGen: 57696K->1376K(58368K)] 368026K->311706K(732160K), 0.0019143 secs] [Times: user=0.01 sys=0.00, real=0.00 secs] 
2686.866: [GC (Allocation Failure) [PSYoungGen: 57696K->1440K(58368K)] 368026K->311770K(732160K), 0.0016689 secs] [Times: user=0.01 sys=0.00, real=0.00 secs] 
2687.106: [GC (Allocation Failure) [PSYoungGen: 57760K->1392K(58368K)] 368090K->311722K(732160K), 0.0016358 secs] [Times: user=0.01 sys=0.00, real=0.00 secs] 
2687.372: [GC (Allocation Failure) [PSYoungGen: 57712K->1344K(57856K)] 368042K->311674K(731648K), 0.0016452 secs] [Times: user=0.00 sys=0.00, real=0.00 secs] 
2687.612: [GC (Allocation Failure) [PSYoungGen: 57664K->1376K(57856K)] 367994K->311706K(731648K), 0.0017220 secs] [Times: user=0.00 sys=0.00, real=0.00 secs] 
2687.854: [GC (Allocation Failure) [PSYoungGen: 57696K->352K(57344K)] 368026K->311706K(731136K), 0.0016593 secs] [Times: user=0.01 sys=0.00, real=0.00 secs] 
2689.243: [GC (Allocation Failure) [PSYoungGen: 56672K->1376K(58368K)] 368026K->312730K(732160K), 0.0022489 secs] [Times: user=0.01 sys=0.00, real=0.00 secs] 
2690.110: [GC (Allocation Failure) [PSYoungGen: 57696K->1376K(58368K)] 369050K->312730K(732160K), 0.0023331 secs] [Times: user=0.01 sys=0.00, real=0.00 secs] 
2690.673: [GC (Allocation Failure) [PSYoungGen: 57696K->1376K(58368K)] 369050K->312730K(732160K), 0.0025929 secs] [Times: user=0.01 sys=0.00, real=0.00 secs] 
2691.393: [GC (Allocation Failure) [PSYoungGen: 57696K->1408K(58368K)] 369050K->312762K(732160K), 0.0039105 secs] [Times: user=0.01 sys=0.00, real=0.00 secs] 
2692.038: [GC (Allocation Failure) [PSYoungGen: 57728K->1408K(58368K)] 369082K->312762K(732160K), 0.0027984 secs] [Times: user=0.01 sys=0.00, real=0.01 secs] 
2693.597: [GC (Allocation Failure) [PSYoungGen: 57728K->1424K(58368K)] 369082K->312794K(732160K), 0.0020776 secs] [Times: user=0.00 sys=0.00, real=0.00 secs] 
2694.056: [GC (Allocation Failure) [PSYoungGen: 57744K->1408K(58368K)] 369114K->312778K(732160K), 0.0019539 secs] [Times: user=0.01 sys=0.00, real=0.00 secs] 
2694.341: [GC (Allocation Failure) [PSYoungGen: 57728K->1376K(58368K)] 369098K->312746K(732160K), 0.0018086 secs] [Times: user=0.01 sys=0.00, real=0.00 secs] 
2694.617: [GC (Allocation Failure) [PSYoungGen: 57696K->1376K(58368K)] 369066K->312746K(732160K), 0.0018022 secs] [Times: user=0.00 sys=0.00, real=0.00 secs] 
2694.851: [GC (Allocation Failure) [PSYoungGen: 57696K->1344K(58368K)] 369066K->312714K(732160K), 0.0017672 secs] [Times: user=0.01 sys=0.00, real=0.00 secs] 
2696.290: [GC (Allocation Failure) [PSYoungGen: 57664K->1472K(58368K)] 369034K->312842K(732160K), 0.0019831 secs] [Times: user=0.01 sys=0.00, real=0.00 secs] 
2696.910: [GC (Allocation Failure) [PSYoungGen: 57792K->1408K(58368K)] 369162K->312778K(732160K), 0.0019654 secs] [Times: user=0.00 sys=0.00, real=0.00 secs] 
2697.512: [GC (Allocation Failure) [PSYoungGen: 57728K->1408K(58368K)] 369098K->312778K(732160K), 0.0022659 secs] [Times: user=0.00 sys=0.00, real=0.00 secs] 
2698.104: [GC (Allocation Failure) [PSYoungGen: 57728K->1328K(58368K)] 369098K->312698K(732160K), 0.0021949 secs] [Times: user=0.01 sys=0.00, real=0.00 secs] 
2698.669: [GC (Allocation Failure) [PSYoungGen: 57648K->1408K(58368K)] 369018K->312778K(732160K), 0.0022827 secs] [Times: user=0.01 sys=0.00, real=0.01 secs] 
2700.178: [GC (Allocation Failure) [PSYoungGen: 57728K->1376K(58368K)] 369098K->312746K(732160K), 0.0022361 secs] [Times: user=0.01 sys=0.00, real=0.01 secs] 
2701.066: [GC (Allocation Failure) [PSYoungGen: 57696K->1344K(58368K)] 369066K->312714K(732160K), 0.0026540 secs] [Times: user=0.01 sys=0.00, real=0.01 secs] 
2701.959: [GC (Allocation Failure) [PSYoungGen: 57664K->1344K(57856K)] 369034K->312714K(731648K), 0.0036816 secs] [Times: user=0.02 sys=0.00, real=0.01 secs] 
2702.828: [GC (Allocation Failure) [PSYoungGen: 57664K->1344K(57856K)] 369034K->312714K(731648K), 0.0033159 secs] [Times: user=0.02 sys=0.00, real=0.01 secs] 
2703.487: [GC (Allocation Failure) [PSYoungGen: 57664K->384K(57344K)] 369034K->312778K(731136K), 0.0026652 secs] [Times: user=0.01 sys=0.00, real=0.01 secs] 
2704.815: [GC (Allocation Failure) [PSYoungGen: 56704K->1408K(58368K)] 369098K->313802K(732160K), 0.0017492 secs] [Times: user=0.00 sys=0.00, real=0.00 secs] 
2705.409: [GC (Allocation Failure) [PSYoungGen: 57728K->1408K(58368K)] 370122K->313810K(732160K), 0.0034762 secs] [Times: user=0.01 sys=0.00, real=0.00 secs] 
2706.184: [GC (Allocation Failure) [PSYoungGen: 57728K->1344K(58368K)] 370130K->313746K(732160K), 0.0038601 secs] [Times: user=0.01 sys=0.00, real=0.00 secs] 
2706.824: [GC (Allocation Failure) [PSYoungGen: 57664K->1376K(58368K)] 370066K->313778K(732160K), 0.0034147 secs] [Times: user=0.02 sys=0.00, real=0.00 secs] 
2707.474: [GC (Allocation Failure) [PSYoungGen: 57696K->1344K(58368K)] 370098K->313746K(732160K), 0.0030602 secs] [Times: user=0.01 sys=0.00, real=0.00 secs] 
2708.759: [GC (Allocation Failure) [PSYoungGen: 57664K->1456K(58368K)] 370066K->313858K(732160K), 0.0017263 secs] [Times: user=0.00 sys=0.00, real=0.00 secs] 
2708.993: [GC (Allocation Failure) [PSYoungGen: 57776K->1376K(58368K)] 370178K->313778K(732160K), 0.0016129 secs] [Times: user=0.01 sys=0.00, real=0.00 secs] 
2709.227: [GC (Allocation Failure) [PSYoungGen: 57696K->1376K(58368K)] 370098K->313778K(732160K), 0.0015470 secs] [Times: user=0.01 sys=0.00, real=0.00 secs] 
2709.549: [GC (Allocation Failure) [PSYoungGen: 57696K->1408K(58368K)] 370098K->313810K(732160K), 0.0017760 secs] [Times: user=0.01 sys=0.00, real=0.00 secs] 
2709.967: [GC (Allocation Failure) [PSYoungGen: 57728K->1376K(58368K)] 370130K->313778K(732160K), 0.0017281 secs] [Times: user=0.01 sys=0.00, real=0.01 secs] 
2711.064: [GC (Allocation Failure) [PSYoungGen: 57696K->1440K(58368K)] 370098K->313842K(732160K), 0.0016865 secs] [Times: user=0.00 sys=0.00, real=0.00 secs] 
2711.330: [GC (Allocation Failure) [PSYoungGen: 57760K->1376K(58368K)] 370162K->313778K(732160K), 0.0016691 secs] [Times: user=0.01 sys=0.00, real=0.00 secs] 
2711.610: [GC (Allocation Failure) [PSYoungGen: 57696K->1376K(58368K)] 370098K->313778K(732160K), 0.0016548 secs] [Times: user=0.01 sys=0.00, real=0.00 secs] 
2712.016: [GC (Allocation Failure) [PSYoungGen: 57696K->1344K(58368K)] 370098K->313746K(732160K), 0.0017831 secs] [Times: user=0.01 sys=0.00, real=0.00 secs] 
2712.525: [GC (Allocation Failure) [PSYoungGen: 57664K->1344K(58368K)] 370066K->313746K(732160K), 0.0016552 secs] [Times: user=0.01 sys=0.00, real=0.00 secs] 
2713.617: [GC (Allocation Failure) [PSYoungGen: 57664K->1408K(58368K)] 370066K->313826K(732160K), 0.0016464 secs] [Times: user=0.00 sys=0.00, real=0.00 secs] 
2713.851: [GC (Allocation Failure) [PSYoungGen: 57728K->1408K(58368K)] 370146K->313826K(732160K), 0.0017535 secs] [Times: user=0.01 sys=0.00, real=0.00 secs] 
2714.084: [GC (Allocation Failure) [PSYoungGen: 57728K->1408K(58368K)] 370146K->313826K(732160K), 0.0016600 secs] [Times: user=0.01 sys=0.00, real=0.00 secs] 
2714.413: [GC (Allocation Failure) [PSYoungGen: 57728K->1408K(58368K)] 370146K->313826K(732160K), 0.0019087 secs] [Times: user=0.01 sys=0.00, real=0.00 secs] 
2714.858: [GC (Allocation Failure) [PSYoungGen: 57728K->1408K(58368K)] 370146K->313826K(732160K), 0.0025355 secs] [Times: user=0.01 sys=0.00, real=0.01 secs] 
2715.959: [GC (Allocation Failure) [PSYoungGen: 57728K->1408K(57856K)] 370146K->313826K(731648K), 0.0018761 secs] [Times: user=0.01 sys=0.00, real=0.01 secs] 
2716.275: [GC (Allocation Failure) [PSYoungGen: 57728K->1344K(57856K)] 370146K->313762K(731648K), 0.0019082 secs] [Times: user=0.01 sys=0.00, real=0.00 secs] 
2716.536: [GC (Allocation Failure) [PSYoungGen: 57664K->1408K(57856K)] 370082K->313826K(731648K), 0.0019188 secs] [Times: user=0.01 sys=0.00, real=0.00 secs] 
2716.849: [GC (Allocation Failure) [PSYoungGen: 57728K->1408K(57856K)] 370146K->313826K(731648K), 0.0017947 secs] [Times: user=0.01 sys=0.00, real=0.00 secs] 
2717.196: [GC (Allocation Failure) [PSYoungGen: 57728K->1408K(57856K)] 370146K->313826K(731648K), 0.0019096 secs] [Times: user=0.00 sys=0.00, real=0.00 secs] 
2718.384: [GC (Allocation Failure) [PSYoungGen: 57728K->1408K(57856K)] 370146K->313826K(731648K), 0.0018111 secs] [Times: user=0.01 sys=0.00, real=0.00 secs] 
2718.632: [GC (Allocation Failure) [PSYoungGen: 57728K->1376K(57856K)] 370146K->313794K(731648K), 0.0022456 secs] [Times: user=0.01 sys=0.00, real=0.00 secs] 
2718.867: [GC (Allocation Failure) [PSYoungGen: 57696K->1408K(57856K)] 370114K->313826K(731648K), 0.0018605 secs] [Times: user=0.00 sys=0.00, real=0.00 secs] 
2719.101: [GC (Allocation Failure) [PSYoungGen: 57728K->1408K(57856K)] 370146K->313826K(731648K), 0.0019173 secs] [Times: user=0.00 sys=0.00, real=0.00 secs] 
2719.335: [GC (Allocation Failure) [PSYoungGen: 57728K->1408K(57856K)] 370146K->313826K(731648K), 0.0019308 secs] [Times: user=0.01 sys=0.00, real=0.00 secs] 
2720.268: [GC (Allocation Failure) [PSYoungGen: 57728K->1376K(57856K)] 370146K->313794K(731648K), 0.0018315 secs] [Times: user=0.01 sys=0.00, real=0.01 secs] 
2720.502: [GC (Allocation Failure) [PSYoungGen: 57696K->1408K(57856K)] 370114K->313842K(731648K), 0.0017629 secs] [Times: user=0.01 sys=0.00, real=0.00 secs] 
2720.736: [GC (Allocation Failure) [PSYoungGen: 57728K->1376K(57856K)] 370162K->313810K(731648K), 0.0017920 secs] [Times: user=0.01 sys=0.00, real=0.00 secs] 
2720.970: [GC (Allocation Failure) [PSYoungGen: 57696K->1344K(57856K)] 370130K->313778K(731648K), 0.0018480 secs] [Times: user=0.00 sys=0.00, real=0.00 secs] 
2721.204: [GC (Allocation Failure) [PSYoungGen: 57664K->1344K(57856K)] 370098K->313778K(731648K), 0.0016743 secs] [Times: user=0.01 sys=0.00, real=0.00 secs] 
2722.664: [GC (Allocation Failure) [PSYoungGen: 57664K->1440K(57856K)] 370098K->313874K(731648K), 0.0024202 secs] [Times: user=0.01 sys=0.00, real=0.00 secs] 
2723.287: [GC (Allocation Failure) [PSYoungGen: 57760K->1344K(57856K)] 370194K->313778K(731648K), 0.0021128 secs] [Times: user=0.00 sys=0.00, real=0.01 secs] 
2723.516: [GC (Allocation Failure) [PSYoungGen: 57664K->1344K(57856K)] 370098K->313778K(731648K), 0.0020359 secs] [Times: user=0.01 sys=0.00, real=0.00 secs] 
2723.778: [GC (Allocation Failure) [PSYoungGen: 57664K->1376K(57856K)] 370098K->313810K(731648K), 0.0020182 secs] [Times: user=0.01 sys=0.00, real=0.01 secs] 
2724.275: [GC (Allocation Failure) [PSYoungGen: 57696K->1376K(57856K)] 370130K->313810K(731648K), 0.0020574 secs] [Times: user=0.01 sys=0.00, real=0.00 secs] 
2725.514: [GC (Allocation Failure) [PSYoungGen: 57696K->1408K(57856K)] 370130K->313842K(731648K), 0.0017229 secs] [Times: user=0.01 sys=0.00, real=0.00 secs] 
2725.747: [GC (Allocation Failure) [PSYoungGen: 57728K->1408K(57856K)] 370162K->313842K(731648K), 0.0017062 secs] [Times: user=0.01 sys=0.00, real=0.01 secs] 
2726.053: [GC (Allocation Failure) [PSYoungGen: 57728K->1344K(57856K)] 370162K->313778K(731648K), 0.0019457 secs] [Times: user=0.01 sys=0.00, real=0.00 secs] 
2726.287: [GC (Allocation Failure) [PSYoungGen: 57664K->1376K(57856K)] 370098K->313810K(731648K), 0.0019169 secs] [Times: user=0.00 sys=0.00, real=0.01 secs] 
2726.521: [GC (Allocation Failure) [PSYoungGen: 57696K->1376K(57856K)] 370130K->313810K(731648K), 0.0018867 secs] [Times: user=0.01 sys=0.00, real=0.00 secs] 
2727.437: [GC (Allocation Failure) [PSYoungGen: 57696K->1440K(57856K)] 370130K->314898K(731648K), 0.0016977 secs] [Times: user=0.01 sys=0.00, real=0.00 secs] 
2727.670: [GC (Allocation Failure) [PSYoungGen: 57760K->1392K(57856K)] 371218K->314850K(731648K), 0.0016869 secs] [Times: user=0.01 sys=0.00, real=0.00 secs] 
2727.904: [GC (Allocation Failure) [PSYoungGen: 57712K->1408K(57856K)] 371170K->314866K(731648K), 0.0017436 secs] [Times: user=0.01 sys=0.00, real=0.00 secs] 
2728.187: [GC (Allocation Failure) [PSYoungGen: 57728K->1376K(57856K)] 371186K->314834K(731648K), 0.0016698 secs] [Times: user=0.00 sys=0.00, real=0.00 secs] 
2728.542: [GC (Allocation Failure) [PSYoungGen: 57696K->1376K(57856K)] 371154K->314834K(731648K), 0.0016574 secs] [Times: user=0.00 sys=0.00, real=0.00 secs] 
2729.646: [GC (Allocation Failure) [PSYoungGen: 57696K->864K(57856K)] 371154K->315362K(731648K), 0.0017736 secs] [Times: user=0.01 sys=0.00, real=0.00 secs] 
2730.205: [GC (Allocation Failure) [PSYoungGen: 57184K->352K(57344K)] 371682K->314850K(731136K), 0.0018355 secs] [Times: user=0.01 sys=0.00, real=0.00 secs] 
2730.925: [GC (Allocation Failure) [PSYoungGen: 56160K->320K(57856K)] 370658K->314818K(731648K), 0.0030718 secs] [Times: user=0.01 sys=0.00, real=0.00 secs] 
2731.570: [GC (Allocation Failure) [PSYoungGen: 56128K->288K(57856K)] 370626K->314794K(731648K), 0.0025620 secs] [Times: user=0.01 sys=0.00, real=0.00 secs] 
2732.125: [GC (Allocation Failure) [PSYoungGen: 56096K->352K(57856K)] 370602K->314858K(731648K), 0.0026203 secs] [Times: user=0.01 sys=0.00, real=0.00 secs] 
2733.423: [GC (Allocation Failure) [PSYoungGen: 56160K->1664K(57344K)] 370666K->316170K(731136K), 0.0021742 secs] [Times: user=0.01 sys=0.00, real=0.00 secs] 
2733.948: [GC (Allocation Failure) [PSYoungGen: 56960K->1344K(57856K)] 371466K->315850K(731648K), 0.0028974 secs] [Times: user=0.02 sys=0.00, real=0.01 secs] 
2734.423: [GC (Allocation Failure) [PSYoungGen: 56640K->1408K(57856K)] 371146K->315914K(731648K), 0.0023051 secs] [Times: user=0.01 sys=0.00, real=0.00 secs] 
2734.932: [GC (Allocation Failure) [PSYoungGen: 56704K->1360K(57856K)] 371210K->315866K(731648K), 0.0023064 secs] [Times: user=0.00 sys=0.00, real=0.00 secs] 
2735.284: [GC (Allocation Failure) [PSYoungGen: 56656K->1344K(57856K)] 371162K->315850K(731648K), 0.0019242 secs] [Times: user=0.01 sys=0.00, real=0.00 secs] 
2735.537: [GC (Allocation Failure) [PSYoungGen: 56635K->288K(57856K)] 371141K->314794K(731648K), 0.0019941 secs] [Times: user=0.01 sys=0.00, real=0.00 secs] 
2736.423: [GC (Allocation Failure) [PSYoungGen: 55584K->1376K(57856K)] 370090K->315882K(731648K), 0.0015524 secs] [Times: user=0.01 sys=0.00, real=0.00 secs] 
2736.702: [GC (Allocation Failure) [PSYoungGen: 56672K->1360K(57856K)] 371178K->315866K(731648K), 0.0019692 secs] [Times: user=0.01 sys=0.00, real=0.00 secs] 
2737.171: [GC (Allocation Failure) [PSYoungGen: 56656K->1408K(57856K)] 371162K->315914K(731648K), 0.0026954 secs] [Times: user=0.01 sys=0.00, real=0.00 secs] 
2737.630: [GC (Allocation Failure) [PSYoungGen: 56704K->1392K(57856K)] 371210K->315898K(731648K), 0.0030339 secs] [Times: user=0.01 sys=0.00, real=0.00 secs] 
2738.091: [GC (Allocation Failure) [PSYoungGen: 56688K->1344K(57856K)] 371194K->315850K(731648K), 0.0023544 secs] [Times: user=0.01 sys=0.00, real=0.00 secs] 
2739.127: [GC (Allocation Failure) [PSYoungGen: 56640K->1344K(57856K)] 371146K->315850K(731648K), 0.0017000 secs] [Times: user=0.01 sys=0.00, real=0.00 secs] 
2739.419: [GC (Allocation Failure) [PSYoungGen: 56640K->1408K(56832K)] 371146K->315914K(730624K), 0.0018388 secs] [Times: user=0.01 sys=0.00, real=0.00 secs] 
2739.944: [GC (Allocation Failure) [PSYoungGen: 56704K->1376K(57344K)] 371210K->315882K(731136K), 0.0034161 secs] [Times: user=0.01 sys=0.00, real=0.00 secs] 
2740.640: [GC (Allocation Failure) [PSYoungGen: 56672K->1376K(57344K)] 371178K->315882K(731136K), 0.0035597 secs] [Times: user=0.01 sys=0.00, real=0.00 secs] 
2741.364: [GC (Allocation Failure) [PSYoungGen: 56672K->1376K(57344K)] 371178K->315882K(731136K), 0.0034007 secs] [Times: user=0.01 sys=0.00, real=0.00 secs] 
2743.268: [GC (Allocation Failure) [PSYoungGen: 56672K->1392K(57344K)] 371178K->315922K(731136K), 0.0038249 secs] [Times: user=0.02 sys=0.00, real=0.01 secs] 
2743.821: [GC (Allocation Failure) [PSYoungGen: 56688K->1408K(57344K)] 371218K->315938K(731136K), 0.0026222 secs] [Times: user=0.02 sys=0.00, real=0.00 secs] 
2744.463: [GC (Allocation Failure) [PSYoungGen: 56704K->1312K(57344K)] 371234K->315842K(731136K), 0.0025846 secs] [Times: user=0.01 sys=0.00, real=0.00 secs] 
2744.957: [GC (Allocation Failure) [PSYoungGen: 56608K->1376K(57344K)] 371138K->315906K(731136K), 0.0025598 secs] [Times: user=0.01 sys=0.00, real=0.01 secs] 
2745.460: [GC (Allocation Failure) [PSYoungGen: 56672K->1376K(57344K)] 371202K->315906K(731136K), 0.0022749 secs] [Times: user=0.00 sys=0.00, real=0.00 secs] 
2746.726: [GC (Allocation Failure) [PSYoungGen: 56672K->1408K(57344K)] 371202K->315938K(731136K), 0.0020905 secs] [Times: user=0.01 sys=0.00, real=0.00 secs] 
2747.161: [GC (Allocation Failure) [PSYoungGen: 56704K->1408K(57344K)] 371234K->315938K(731136K), 0.0025952 secs] [Times: user=0.01 sys=0.00, real=0.00 secs] 
2747.648: [GC (Allocation Failure) [PSYoungGen: 56704K->1408K(57344K)] 371234K->315938K(731136K), 0.0030175 secs] [Times: user=0.01 sys=0.00, real=0.01 secs] 
2748.098: [GC (Allocation Failure) [PSYoungGen: 56704K->1376K(57344K)] 371234K->315906K(731136K), 0.0030381 secs] [Times: user=0.01 sys=0.00, real=0.01 secs] 
2748.658: [GC (Allocation Failure) [PSYoungGen: 56672K->1376K(57344K)] 371202K->315906K(731136K), 0.0026907 secs] [Times: user=0.01 sys=0.00, real=0.01 secs] 
2750.788: [GC (Allocation Failure) [PSYoungGen: 56672K->1376K(57344K)] 371202K->315906K(731136K), 0.0039961 secs] [Times: user=0.02 sys=0.00, real=0.01 secs] 
2751.544: [GC (Allocation Failure) [PSYoungGen: 56672K->1376K(57344K)] 371202K->315906K(731136K), 0.0025510 secs] [Times: user=0.01 sys=0.00, real=0.00 secs] 
2751.958: [GC (Allocation Failure) [PSYoungGen: 56672K->1376K(57344K)] 371202K->315906K(731136K), 0.0025724 secs] [Times: user=0.01 sys=0.00, real=0.01 secs] 
2752.383: [GC (Allocation Failure) [PSYoungGen: 56672K->1376K(57344K)] 371202K->315906K(731136K), 0.0027293 secs] [Times: user=0.01 sys=0.00, real=0.00 secs] 
2752.890: [GC (Allocation Failure) [PSYoungGen: 56672K->1408K(57344K)] 371202K->315938K(731136K), 0.0024689 secs] [Times: user=0.01 sys=0.00, real=0.00 secs] 
2753.969: [GC (Allocation Failure) [PSYoungGen: 56704K->1440K(57344K)] 371234K->315970K(731136K), 0.0030288 secs] [Times: user=0.00 sys=0.00, real=0.01 secs] 
2754.247: [GC (Allocation Failure) [PSYoungGen: 56736K->1408K(57344K)] 371266K->315946K(731136K), 0.0017950 secs] [Times: user=0.01 sys=0.00, real=0.01 secs] 
2754.564: [GC (Allocation Failure) [PSYoungGen: 56704K->1376K(57344K)] 371242K->315914K(731136K), 0.0018357 secs] [Times: user=0.01 sys=0.00, real=0.00 secs] 
2754.823: [GC (Allocation Failure) [PSYoungGen: 56672K->1376K(57344K)] 371210K->315914K(731136K), 0.0018595 secs] [Times: user=0.01 sys=0.00, real=0.00 secs] 
2755.052: [GC (Allocation Failure) [PSYoungGen: 56672K->1376K(57344K)] 371210K->315914K(731136K), 0.0018657 secs] [Times: user=0.01 sys=0.00, real=0.00 secs] 
2756.087: [GC (Allocation Failure) [PSYoungGen: 56672K->1440K(57344K)] 371210K->315978K(731136K), 0.0018573 secs] [Times: user=0.01 sys=0.00, real=0.01 secs] 
2756.733: [GC (Allocation Failure) [PSYoungGen: 56736K->1376K(56832K)] 371274K->315914K(730624K), 0.0020316 secs] [Times: user=0.01 sys=0.00, real=0.00 secs] 
2757.382: [GC (Allocation Failure) [PSYoungGen: 56672K->1408K(56832K)] 371210K->315946K(730624K), 0.0019758 secs] [Times: user=0.01 sys=0.00, real=0.00 secs] 
2758.089: [GC (Allocation Failure) [PSYoungGen: 56704K->1376K(56832K)] 371242K->315914K(730624K), 0.0020342 secs] [Times: user=0.01 sys=0.00, real=0.00 secs] 
2758.623: [GC (Allocation Failure) [PSYoungGen: 56672K->1376K(56832K)] 371210K->315914K(730624K), 0.0022658 secs] [Times: user=0.01 sys=0.00, real=0.00 secs] 
2759.736: [GC (Allocation Failure) [PSYoungGen: 56672K->1408K(56832K)] 371210K->315954K(730624K), 0.0019039 secs] [Times: user=0.01 sys=0.00, real=0.00 secs] 
2760.305: [GC (Allocation Failure) [PSYoungGen: 56704K->1344K(56832K)] 371250K->315890K(730624K), 0.0029877 secs] [Times: user=0.01 sys=0.00, real=0.00 secs] 
2760.971: [GC (Allocation Failure) [PSYoungGen: 56640K->1376K(56832K)] 371186K->315922K(730624K), 0.0034540 secs] [Times: user=0.02 sys=0.00, real=0.00 secs] 
2761.483: [GC (Allocation Failure) [PSYoungGen: 56672K->1408K(56832K)] 371218K->315954K(730624K), 0.0033091 secs] [Times: user=0.01 sys=0.00, real=0.00 secs] 
2761.987: [GC (Allocation Failure) [PSYoungGen: 56704K->1376K(56832K)] 371250K->315922K(730624K), 0.0027083 secs] [Times: user=0.01 sys=0.00, real=0.01 secs] 
2763.387: [GC (Allocation Failure) [PSYoungGen: 56672K->1408K(56832K)] 371218K->316490K(730624K), 0.0017294 secs] [Times: user=0.01 sys=0.00, real=0.00 secs] 
2763.989: [GC (Allocation Failure) [PSYoungGen: 56704K->1408K(56832K)] 371786K->316490K(730624K), 0.0025115 secs] [Times: user=0.01 sys=0.00, real=0.00 secs] 
2764.861: [GC (Allocation Failure) [PSYoungGen: 56704K->1360K(56832K)] 371786K->316442K(730624K), 0.0032981 secs] [Times: user=0.01 sys=0.00, real=0.00 secs] 
2765.722: [GC (Allocation Failure) [PSYoungGen: 56656K->1376K(56832K)] 371738K->316458K(730624K), 0.0033205 secs] [Times: user=0.01 sys=0.00, real=0.00 secs] 
2766.575: [GC (Allocation Failure) [PSYoungGen: 56672K->1408K(56832K)] 371754K->316490K(730624K), 0.0035881 secs] [Times: user=0.01 sys=0.00, real=0.00 secs] 
2767.188: [GC (Allocation Failure) [PSYoungGen: 56696K->272K(56832K)] 371778K->315354K(730624K), 0.0028470 secs] [Times: user=0.01 sys=0.00, real=0.01 secs] 
2768.639: [GC (Allocation Failure) [PSYoungGen: 55568K->1408K(57344K)] 370650K->316490K(731136K), 0.0020060 secs] [Times: user=0.01 sys=0.00, real=0.00 secs] 
2769.375: [GC (Allocation Failure) [PSYoungGen: 56704K->1344K(57344K)] 371786K->316426K(731136K), 0.0020500 secs] [Times: user=0.01 sys=0.00, real=0.00 secs] 
2769.856: [GC (Allocation Failure) [PSYoungGen: 56640K->1376K(57344K)] 371722K->316458K(731136K), 0.0020103 secs] [Times: user=0.01 sys=0.00, real=0.00 secs] 
2770.648: [GC (Allocation Failure) [PSYoungGen: 56672K->1376K(57344K)] 371754K->316458K(731136K), 0.0030479 secs] [Times: user=0.01 sys=0.00, real=0.01 secs] 
2771.535: [GC (Allocation Failure) [PSYoungGen: 56672K->1344K(57344K)] 371754K->316426K(731136K), 0.0035362 secs] [Times: user=0.02 sys=0.00, real=0.00 secs] 
2773.145: [GC (Allocation Failure) [PSYoungGen: 56640K->1376K(57344K)] 371722K->316458K(731136K), 0.0036888 secs] [Times: user=0.02 sys=0.00, real=0.00 secs] 
2773.815: [GC (Allocation Failure) [PSYoungGen: 56672K->1344K(57344K)] 371754K->316426K(731136K), 0.0041326 secs] [Times: user=0.01 sys=0.00, real=0.01 secs] 
2774.438: [GC (Allocation Failure) [PSYoungGen: 56640K->1392K(57344K)] 371722K->316474K(731136K), 0.0025356 secs] [Times: user=0.01 sys=0.00, real=0.01 secs] 
2774.905: [GC (Allocation Failure) [PSYoungGen: 56688K->1408K(57344K)] 371770K->316490K(731136K), 0.0022423 secs] [Times: user=0.00 sys=0.00, real=0.00 secs] 
2775.345: [GC (Allocation Failure) [PSYoungGen: 56704K->1376K(57344K)] 371786K->316458K(731136K), 0.0021114 secs] [Times: user=0.01 sys=0.00, real=0.00 secs] 
2776.350: [GC (Allocation Failure) [PSYoungGen: 56672K->1408K(57344K)] 371754K->316498K(731136K), 0.0015217 secs] [Times: user=0.01 sys=0.00, real=0.00 secs] 
2776.799: [GC (Allocation Failure) [PSYoungGen: 56704K->1376K(57344K)] 371794K->316466K(731136K), 0.0018589 secs] [Times: user=0.01 sys=0.01, real=0.01 secs] 
2777.252: [GC (Allocation Failure) [PSYoungGen: 56672K->1344K(57344K)] 371762K->316434K(731136K), 0.0023183 secs] [Times: user=0.01 sys=0.00, real=0.00 secs] 
2777.740: [GC (Allocation Failure) [PSYoungGen: 56640K->1376K(57344K)] 371730K->316466K(731136K), 0.0020585 secs] [Times: user=0.01 sys=0.00, real=0.00 secs] 
2778.302: [GC (Allocation Failure) [PSYoungGen: 56672K->1376K(56832K)] 371762K->316466K(730624K), 0.0021047 secs] [Times: user=0.01 sys=0.00, real=0.00 secs] 
2779.872: [GC (Allocation Failure) [PSYoungGen: 56672K->1440K(56832K)] 371762K->316546K(730624K), 0.0020686 secs] [Times: user=0.01 sys=0.00, real=0.00 secs] 
2780.543: [GC (Allocation Failure) [PSYoungGen: 56736K->1440K(57344K)] 371842K->316554K(731136K), 0.0033281 secs] [Times: user=0.02 sys=0.00, real=0.00 secs] 
2781.309: [GC (Allocation Failure) [PSYoungGen: 56736K->1376K(57344K)] 371850K->316490K(731136K), 0.0035210 secs] [Times: user=0.01 sys=0.00, real=0.01 secs] 
2781.835: [GC (Allocation Failure) [PSYoungGen: 56672K->1344K(56832K)] 371786K->316458K(730624K), 0.0025627 secs] [Times: user=0.01 sys=0.00, real=0.00 secs] 
2782.389: [GC (Allocation Failure) [PSYoungGen: 56640K->1408K(56832K)] 371754K->316522K(730624K), 0.0027023 secs] [Times: user=0.01 sys=0.00, real=0.00 secs] 
2783.571: [GC (Allocation Failure) [PSYoungGen: 56704K->384K(56320K)] 371818K->316530K(730112K), 0.0017717 secs] [Times: user=0.01 sys=0.00, real=0.00 secs] 
2784.029: [GC (Allocation Failure) [PSYoungGen: 55680K->352K(57344K)] 371826K->316514K(731136K), 0.0020145 secs] [Times: user=0.00 sys=0.01, real=0.00 secs] 
2784.554: [GC (Allocation Failure) [PSYoungGen: 55648K->288K(57344K)] 371810K->316450K(731136K), 0.0027280 secs] [Times: user=0.01 sys=0.00, real=0.00 secs] 
2784.793: [GC (Allocation Failure) [PSYoungGen: 55584K->352K(57344K)] 371746K->316514K(731136K), 0.0018626 secs] [Times: user=0.01 sys=0.00, real=0.00 secs] 
2785.023: [GC (Allocation Failure) [PSYoungGen: 55648K->384K(57344K)] 371810K->316546K(731136K), 0.0019905 secs] [Times: user=0.01 sys=0.00, real=0.00 secs] 
2786.357: [GC (Allocation Failure) [PSYoungGen: 55680K->1376K(57344K)] 371842K->317538K(731136K), 0.0023815 secs] [Times: user=0.01 sys=0.00, real=0.01 secs] 
2786.902: [GC (Allocation Failure) [PSYoungGen: 56672K->1360K(57344K)] 372834K->317522K(731136K), 0.0022375 secs] [Times: user=0.01 sys=0.00, real=0.00 secs] 
2787.606: [GC (Allocation Failure) [PSYoungGen: 56656K->1408K(57344K)] 372818K->317570K(731136K), 0.0026273 secs] [Times: user=0.01 sys=0.00, real=0.00 secs] 
2788.289: [GC (Allocation Failure) [PSYoungGen: 56704K->1376K(57856K)] 372866K->317538K(731648K), 0.0029949 secs] [Times: user=0.01 sys=0.00, real=0.00 secs] 
2788.916: [GC (Allocation Failure) [PSYoungGen: 56672K->1408K(57856K)] 372834K->317570K(731648K), 0.0033547 secs] [Times: user=0.01 sys=0.01, real=0.01 secs] 
2790.077: [GC (Allocation Failure) [PSYoungGen: 56704K->1440K(57856K)] 372866K->317602K(731648K), 0.0017157 secs] [Times: user=0.01 sys=0.00, real=0.01 secs] 
2790.573: [GC (Allocation Failure) [PSYoungGen: 56736K->1344K(57856K)] 372898K->317506K(731648K), 0.0017535 secs] [Times: user=0.00 sys=0.00, real=0.00 secs] 
2790.803: [GC (Allocation Failure) [PSYoungGen: 56640K->1376K(57856K)] 372802K->317538K(731648K), 0.0019075 secs] [Times: user=0.01 sys=0.00, real=0.00 secs] 
2791.033: [GC (Allocation Failure) [PSYoungGen: 56672K->1392K(57856K)] 372834K->317554K(731648K), 0.0018907 secs] [Times: user=0.01 sys=0.00, real=0.00 secs] 
2791.288: [GC (Allocation Failure) [PSYoungGen: 56688K->1408K(56832K)] 372850K->317570K(730624K), 0.0020018 secs] [Times: user=0.00 sys=0.00, real=0.01 secs] 
2792.426: [GC (Allocation Failure) [PSYoungGen: 56704K->1408K(57344K)] 372866K->317570K(731136K), 0.0016593 secs] [Times: user=0.01 sys=0.00, real=0.00 secs] 
2792.884: [GC (Allocation Failure) [PSYoungGen: 56704K->1376K(57344K)] 372866K->317554K(731136K), 0.0016372 secs] [Times: user=0.00 sys=0.00, real=0.00 secs] 
2793.113: [GC (Allocation Failure) [PSYoungGen: 56672K->1376K(57344K)] 372850K->317554K(731136K), 0.0016770 secs] [Times: user=0.00 sys=0.00, real=0.00 secs] 
2793.347: [GC (Allocation Failure) [PSYoungGen: 56672K->1376K(57344K)] 372850K->317554K(731136K), 0.0024964 secs] [Times: user=0.01 sys=0.00, real=0.01 secs] 
2793.590: [GC (Allocation Failure) [PSYoungGen: 56672K->1408K(57344K)] 372850K->317586K(731136K), 0.0018922 secs] [Times: user=0.01 sys=0.00, real=0.00 secs] 
2794.573: [GC (Allocation Failure) [PSYoungGen: 56704K->1664K(57344K)] 372882K->317842K(731136K), 0.0016687 secs] [Times: user=0.01 sys=0.00, real=0.00 secs] 
2795.077: [GC (Allocation Failure) [PSYoungGen: 56960K->1376K(57344K)] 373138K->317554K(731136K), 0.0018095 secs] [Times: user=0.01 sys=0.00, real=0.01 secs] 
2795.447: [GC (Allocation Failure) [PSYoungGen: 56672K->1376K(57344K)] 372850K->317554K(731136K), 0.0023003 secs] [Times: user=0.01 sys=0.00, real=0.01 secs] 
2795.671: [GC (Allocation Failure) [PSYoungGen: 56672K->1376K(57344K)] 372850K->317554K(731136K), 0.0049041 secs] [Times: user=0.02 sys=0.00, real=0.00 secs] 
2795.902: [GC (Allocation Failure) [PSYoungGen: 56672K->1376K(57344K)] 372850K->317562K(731136K), 0.0019605 secs] [Times: user=0.01 sys=0.00, real=0.00 secs] 
2796.193: [GC (Allocation Failure) [PSYoungGen: 56665K->272K(57344K)] 372851K->316458K(731136K), 0.0019529 secs] [Times: user=0.01 sys=0.00, real=0.00 secs] 
2797.817: [GC (Allocation Failure) [PSYoungGen: 55568K->1376K(57344K)] 371754K->317562K(731136K), 0.0023466 secs] [Times: user=0.01 sys=0.00, real=0.01 secs] 
2798.613: [GC (Allocation Failure) [PSYoungGen: 56672K->1376K(57344K)] 372858K->317562K(731136K), 0.0022667 secs] [Times: user=0.01 sys=0.00, real=0.00 secs] 
2799.132: [GC (Allocation Failure) [PSYoungGen: 56672K->1376K(57344K)] 372858K->317562K(731136K), 0.0019897 secs] [Times: user=0.00 sys=0.00, real=0.00 secs] 
2799.362: [GC (Allocation Failure) [PSYoungGen: 56672K->1376K(57344K)] 372858K->317562K(731136K), 0.0019769 secs] [Times: user=0.00 sys=0.00, real=0.00 secs] 
2799.648: [GC (Allocation Failure) [PSYoungGen: 56672K->1344K(57344K)] 372858K->317530K(731136K), 0.0018638 secs] [Times: user=0.00 sys=0.00, real=0.01 secs] 
2801.230: [GC (Allocation Failure) [PSYoungGen: 56640K->1376K(57344K)] 372826K->317562K(731136K), 0.0035207 secs] [Times: user=0.02 sys=0.00, real=0.00 secs] 
2802.289: [GC (Allocation Failure) [PSYoungGen: 56672K->1376K(57344K)] 372858K->317562K(731136K), 0.0039161 secs] [Times: user=0.01 sys=0.01, real=0.00 secs] 
2802.724: [GC (Allocation Failure) [PSYoungGen: 56672K->1376K(57344K)] 372858K->317562K(731136K), 0.0023164 secs] [Times: user=0.01 sys=0.00, real=0.00 secs] 
2802.950: [GC (Allocation Failure) [PSYoungGen: 56672K->1376K(57344K)] 372858K->317562K(731136K), 0.0018804 secs] [Times: user=0.01 sys=0.00, real=0.00 secs] 
2803.180: [GC (Allocation Failure) [PSYoungGen: 56672K->1376K(57344K)] 372858K->317570K(731136K), 0.0018768 secs] [Times: user=0.01 sys=0.00, real=0.00 secs] 
2804.123: [GC (Allocation Failure) [PSYoungGen: 56672K->1408K(57344K)] 372866K->317610K(731136K), 0.0017648 secs] [Times: user=0.01 sys=0.00, real=0.00 secs] 
2804.353: [GC (Allocation Failure) [PSYoungGen: 56704K->1376K(57344K)] 372906K->317578K(731136K), 0.0017172 secs] [Times: user=0.00 sys=0.00, real=0.00 secs] 
2804.583: [GC (Allocation Failure) [PSYoungGen: 56672K->1376K(57344K)] 372874K->317578K(731136K), 0.0017346 secs] [Times: user=0.01 sys=0.00, real=0.00 secs] 
2804.813: [GC (Allocation Failure) [PSYoungGen: 56672K->1376K(57344K)] 372874K->317578K(731136K), 0.0017647 secs] [Times: user=0.01 sys=0.00, real=0.00 secs] 
2805.042: [GC (Allocation Failure) [PSYoungGen: 56672K->1344K(57344K)] 372874K->317546K(731136K), 0.0017407 secs] [Times: user=0.01 sys=0.00, real=0.00 secs] 
2806.525: [GC (Allocation Failure) [PSYoungGen: 56640K->1472K(57344K)] 372842K->317674K(731136K), 0.0032907 secs] [Times: user=0.01 sys=0.00, real=0.00 secs] 
2807.046: [GC (Allocation Failure) [PSYoungGen: 56768K->1440K(57344K)] 372970K->317642K(731136K), 0.0030705 secs] [Times: user=0.01 sys=0.00, real=0.01 secs] 
2807.676: [GC (Allocation Failure) [PSYoungGen: 56736K->1440K(57344K)] 372938K->317642K(731136K), 0.0026601 secs] [Times: user=0.01 sys=0.00, real=0.00 secs] 
2808.194: [GC (Allocation Failure) [PSYoungGen: 56736K->1408K(57344K)] 372938K->317610K(731136K), 0.0028594 secs] [Times: user=0.01 sys=0.00, real=0.00 secs] 
2808.628: [GC (Allocation Failure) [PSYoungGen: 56704K->1408K(57344K)] 372906K->317610K(731136K), 0.0027204 secs] [Times: user=0.01 sys=0.00, real=0.01 secs] 
2810.140: [GC (Allocation Failure) [PSYoungGen: 56704K->1424K(57344K)] 372906K->317626K(731136K), 0.0017677 secs] [Times: user=0.01 sys=0.00, real=0.00 secs] 
2810.817: [GC (Allocation Failure) [PSYoungGen: 56720K->1376K(57344K)] 372922K->317578K(731136K), 0.0018469 secs] [Times: user=0.01 sys=0.00, real=0.01 secs] 
2811.533: [GC (Allocation Failure) [PSYoungGen: 56672K->1376K(57344K)] 372874K->317578K(731136K), 0.0018349 secs] [Times: user=0.01 sys=0.00, real=0.00 secs] 
2812.240: [GC (Allocation Failure) [PSYoungGen: 56672K->1408K(57344K)] 372874K->317610K(731136K), 0.0022920 secs] [Times: user=0.01 sys=0.00, real=0.00 secs] 
2812.679: [GC (Allocation Failure) [PSYoungGen: 56704K->1392K(57344K)] 372906K->317594K(731136K), 0.0020316 secs] [Times: user=0.01 sys=0.00, real=0.01 secs] 
2813.643: [GC (Allocation Failure) [PSYoungGen: 56688K->1408K(56832K)] 372890K->317634K(730624K), 0.0019903 secs] [Times: user=0.01 sys=0.00, real=0.00 secs] 
2813.873: [GC (Allocation Failure) [PSYoungGen: 56704K->1376K(56832K)] 372930K->317602K(730624K), 0.0018753 secs] [Times: user=0.00 sys=0.00, real=0.00 secs] 
2814.103: [GC (Allocation Failure) [PSYoungGen: 56672K->1408K(56832K)] 372898K->317634K(730624K), 0.0018045 secs] [Times: user=0.01 sys=0.00, real=0.00 secs] 
2814.332: [GC (Allocation Failure) [PSYoungGen: 56704K->1408K(56832K)] 372930K->317634K(730624K), 0.0022478 secs] [Times: user=0.00 sys=0.00, real=0.00 secs] 
2814.563: [GC (Allocation Failure) [PSYoungGen: 56704K->1376K(56832K)] 372930K->317602K(730624K), 0.0023366 secs] [Times: user=0.01 sys=0.00, real=0.00 secs] 
2815.499: [GC (Allocation Failure) [PSYoungGen: 56672K->1408K(56832K)] 372898K->317634K(730624K), 0.0018403 secs] [Times: user=0.01 sys=0.01, real=0.01 secs] 
2815.728: [GC (Allocation Failure) [PSYoungGen: 56704K->1408K(56832K)] 372930K->317634K(730624K), 0.0016609 secs] [Times: user=0.01 sys=0.00, real=0.01 secs] 
2815.957: [GC (Allocation Failure) [PSYoungGen: 56704K->1408K(56832K)] 372930K->317634K(730624K), 0.0016600 secs] [Times: user=0.01 sys=0.00, real=0.01 secs] 
2816.268: [GC (Allocation Failure) [PSYoungGen: 56704K->1376K(56832K)] 372930K->317602K(730624K), 0.0020924 secs] [Times: user=0.00 sys=0.01, real=0.01 secs] 
2816.499: [GC (Allocation Failure) [PSYoungGen: 56672K->1344K(56832K)] 372898K->317570K(730624K), 0.0022188 secs] [Times: user=0.01 sys=0.00, real=0.01 secs] 
2817.584: [GC (Allocation Failure) [PSYoungGen: 56640K->1376K(56832K)] 372866K->317602K(730624K), 0.0018202 secs] [Times: user=0.01 sys=0.00, real=0.00 secs] 
2818.105: [GC (Allocation Failure) [PSYoungGen: 56672K->1408K(56832K)] 372898K->317634K(730624K), 0.0017562 secs] [Times: user=0.01 sys=0.00, real=0.00 secs] 
2818.760: [GC (Allocation Failure) [PSYoungGen: 56704K->1376K(56832K)] 372930K->317602K(730624K), 0.0035579 secs] [Times: user=0.01 sys=0.00, real=0.00 secs] 
2819.533: [GC (Allocation Failure) [PSYoungGen: 56672K->1376K(56832K)] 372898K->317602K(730624K), 0.0038796 secs] [Times: user=0.01 sys=0.00, real=0.00 secs] 
2820.319: [GC (Allocation Failure) [PSYoungGen: 56672K->1376K(56832K)] 372898K->317602K(730624K), 0.0027883 secs] [Times: user=0.01 sys=0.00, real=0.01 secs] 
2821.732: [GC (Allocation Failure) [PSYoungGen: 56672K->1504K(56832K)] 372898K->317826K(730624K), 0.0016740 secs] [Times: user=0.01 sys=0.00, real=0.00 secs] 
2821.966: [GC (Allocation Failure) [PSYoungGen: 56800K->1312K(56832K)] 373122K->317658K(730624K), 0.0015782 secs] [Times: user=0.00 sys=0.00, real=0.00 secs] 
2822.195: [GC (Allocation Failure) [PSYoungGen: 56608K->1264K(56320K)] 372954K->317610K(730112K), 0.0016868 secs] [Times: user=0.01 sys=0.00, real=0.00 secs] 
2822.423: [GC (Allocation Failure) [PSYoungGen: 56048K->1296K(56832K)] 372394K->317642K(730624K), 0.0028126 secs] [Times: user=0.01 sys=0.00, real=0.00 secs] 
2822.652: [GC (Allocation Failure) [PSYoungGen: 56080K->1264K(56832K)] 372426K->317610K(730624K), 0.0020887 secs] [Times: user=0.01 sys=0.00, real=0.00 secs] 
2822.884: [GC (Allocation Failure) [PSYoungGen: 56048K->1248K(56832K)] 372394K->317594K(730624K), 0.0022251 secs] [Times: user=0.01 sys=0.00, real=0.00 secs] 
2823.819: [GC (Allocation Failure) [PSYoungGen: 56032K->1472K(56832K)] 372378K->318842K(730624K), 0.0015671 secs] [Times: user=0.01 sys=0.00, real=0.01 secs] 
2824.046: [GC (Allocation Failure) [PSYoungGen: 56256K->1408K(56832K)] 373626K->318778K(730624K), 0.0016534 secs] [Times: user=0.01 sys=0.00, real=0.00 secs] 
2824.273: [GC (Allocation Failure) [PSYoungGen: 56192K->1440K(56832K)] 373562K->318810K(730624K), 0.0014319 secs] [Times: user=0.01 sys=0.00, real=0.00 secs] 
2824.500: [GC (Allocation Failure) [PSYoungGen: 56224K->1440K(56832K)] 373594K->318810K(730624K), 0.0026159 secs] [Times: user=0.01 sys=0.00, real=0.00 secs] 
2824.729: [GC (Allocation Failure) [PSYoungGen: 56224K->1440K(56832K)] 373594K->318810K(730624K), 0.0021082 secs] [Times: user=0.01 sys=0.00, real=0.01 secs] 
2826.975: [GC (Allocation Failure) [PSYoungGen: 56224K->1456K(56832K)] 373594K->319850K(730624K), 0.0033141 secs] [Times: user=0.01 sys=0.00, real=0.00 secs] 
2827.817: [GC (Allocation Failure) [PSYoungGen: 56240K->1424K(56832K)] 374634K->319818K(730624K), 0.0035329 secs] [Times: user=0.02 sys=0.00, real=0.01 secs] 
2828.861: [GC (Allocation Failure) [PSYoungGen: 56208K->1392K(56832K)] 374602K->319786K(730624K), 0.0034778 secs] [Times: user=0.01 sys=0.00, real=0.00 secs] 
2829.587: [GC (Allocation Failure) [PSYoungGen: 56176K->1440K(56832K)] 374570K->319834K(730624K), 0.0028126 secs] [Times: user=0.01 sys=0.00, real=0.01 secs] 
2830.219: [GC (Allocation Failure) [PSYoungGen: 56224K->384K(56832K)] 374618K->319858K(730624K), 0.0029415 secs] [Times: user=0.01 sys=0.00, real=0.01 secs] 
2831.534: [GC (Allocation Failure) [PSYoungGen: 55168K->1408K(56832K)] 374642K->320882K(730624K), 0.0031137 secs] [Times: user=0.01 sys=0.01, real=0.00 secs] 
2832.174: [GC (Allocation Failure) [PSYoungGen: 56192K->1408K(56832K)] 375666K->320882K(730624K), 0.0030699 secs] [Times: user=0.01 sys=0.00, real=0.00 secs] 
2832.757: [GC (Allocation Failure) [PSYoungGen: 56192K->1344K(56832K)] 375666K->320818K(730624K), 0.0040054 secs] [Times: user=0.02 sys=0.00, real=0.01 secs] 
2833.326: [GC (Allocation Failure) [PSYoungGen: 56128K->1344K(56832K)] 375602K->320818K(730624K), 0.0028143 secs] [Times: user=0.01 sys=0.00, real=0.01 secs] 
2834.083: [GC (Allocation Failure) [PSYoungGen: 56128K->1376K(56832K)] 375602K->320850K(730624K), 0.0028353 secs] [Times: user=0.01 sys=0.00, real=0.00 secs] 
2835.519: [GC (Allocation Failure) [PSYoungGen: 56160K->1408K(56832K)] 375634K->320898K(730624K), 0.0030227 secs] [Times: user=0.01 sys=0.00, real=0.00 secs] 
2836.000: [GC (Allocation Failure) [PSYoungGen: 56192K->1376K(56832K)] 375682K->320866K(730624K), 0.0026600 secs] [Times: user=0.01 sys=0.00, real=0.00 secs] 
2836.446: [GC (Allocation Failure) [PSYoungGen: 56160K->1344K(56832K)] 375650K->320834K(730624K), 0.0026643 secs] [Times: user=0.01 sys=0.00, real=0.01 secs] 
2836.912: [GC (Allocation Failure) [PSYoungGen: 56128K->1408K(56832K)] 375618K->320898K(730624K), 0.0026713 secs] [Times: user=0.01 sys=0.00, real=0.00 secs] 
2837.406: [GC (Allocation Failure) [PSYoungGen: 56192K->1344K(56832K)] 375682K->320834K(730624K), 0.0023311 secs] [Times: user=0.01 sys=0.00, real=0.00 secs] 
2838.928: [GC (Allocation Failure) [PSYoungGen: 56128K->1408K(56832K)] 375618K->320898K(730624K), 0.0025294 secs] [Times: user=0.01 sys=0.00, real=0.01 secs] 
2840.105: [GC (Allocation Failure) [PSYoungGen: 56192K->1376K(56832K)] 375682K->320866K(730624K), 0.0040018 secs] [Times: user=0.01 sys=0.00, real=0.01 secs] 
2841.133: [GC (Allocation Failure) [PSYoungGen: 56160K->1376K(56832K)] 375650K->320866K(730624K), 0.0028295 secs] [Times: user=0.01 sys=0.00, real=0.00 secs] 
2841.825: [GC (Allocation Failure) [PSYoungGen: 56160K->1360K(56320K)] 375650K->320850K(730112K), 0.0035537 secs] [Times: user=0.02 sys=0.01, real=0.01 secs] 
2842.245: [GC (Allocation Failure) [PSYoungGen: 56144K->1376K(56320K)] 375634K->320866K(730112K), 0.0026739 secs] [Times: user=0.01 sys=0.01, real=0.00 secs] 
2843.478: [GC (Allocation Failure) [PSYoungGen: 56160K->1440K(56320K)] 375650K->321954K(730112K), 0.0019458 secs] [Times: user=0.00 sys=0.00, real=0.01 secs] 
2843.958: [GC (Allocation Failure) [PSYoungGen: 56224K->1376K(56320K)] 376738K->321890K(730112K), 0.0019008 secs] [Times: user=0.01 sys=0.00, real=0.01 secs] 
2844.656: [GC (Allocation Failure) [PSYoungGen: 56160K->1344K(56320K)] 376674K->321858K(730112K), 0.0025388 secs] [Times: user=0.01 sys=0.00, real=0.00 secs] 
2845.659: [GC (Allocation Failure) [PSYoungGen: 56128K->1360K(56320K)] 376642K->321874K(730112K), 0.0038515 secs] [Times: user=0.02 sys=0.00, real=0.01 secs] 
2846.410: [GC (Allocation Failure) [PSYoungGen: 56144K->1344K(56320K)] 376658K->321866K(730112K), 0.0033590 secs] [Times: user=0.02 sys=0.00, real=0.00 secs] 
2847.814: [GC (Allocation Failure) [PSYoungGen: 56128K->224K(55808K)] 376650K->320746K(729600K), 0.0015045 secs] [Times: user=0.01 sys=0.00, real=0.00 secs] 
2848.259: [GC (Allocation Failure) [PSYoungGen: 54496K->1408K(56320K)] 375018K->321930K(730112K), 0.0017642 secs] [Times: user=0.00 sys=0.00, real=0.01 secs] 
2848.484: [GC (Allocation Failure) [PSYoungGen: 55680K->1408K(56320K)] 376202K->321930K(730112K), 0.0017915 secs] [Times: user=0.01 sys=0.00, real=0.00 secs] 
2848.714: [GC (Allocation Failure) [PSYoungGen: 55680K->1376K(56320K)] 376202K->321898K(730112K), 0.0024875 secs] [Times: user=0.01 sys=0.00, real=0.00 secs] 
2848.941: [GC (Allocation Failure) [PSYoungGen: 55648K->1408K(56320K)] 376170K->321930K(730112K), 0.0025684 secs] [Times: user=0.01 sys=0.00, real=0.00 secs] 
2849.163: [GC (Allocation Failure) [PSYoungGen: 55680K->1392K(56320K)] 376202K->321922K(730112K), 0.0019683 secs] [Times: user=0.01 sys=0.00, real=0.00 secs] 
2851.879: [GC (Allocation Failure) [PSYoungGen: 55664K->1344K(56320K)] 376194K->321874K(730112K), 0.0040742 secs] [Times: user=0.02 sys=0.00, real=0.00 secs] 
2852.488: [GC (Allocation Failure) [PSYoungGen: 55616K->1408K(56320K)] 376146K->321938K(730112K), 0.0026442 secs] [Times: user=0.01 sys=0.00, real=0.01 secs] 
2853.057: [GC (Allocation Failure) [PSYoungGen: 55680K->1376K(56320K)] 376210K->321906K(730112K), 0.0023670 secs] [Times: user=0.01 sys=0.00, real=0.01 secs] 
2853.882: [GC (Allocation Failure) [PSYoungGen: 55648K->1344K(56320K)] 376178K->321874K(730112K), 0.0040337 secs] [Times: user=0.02 sys=0.00, real=0.00 secs] 
2854.821: [GC (Allocation Failure) [PSYoungGen: 55616K->1344K(56320K)] 376146K->321874K(730112K), 0.0040093 secs] [Times: user=0.02 sys=0.01, real=0.00 secs] 
2856.194: [GC (Allocation Failure) [PSYoungGen: 55616K->1440K(56320K)] 376146K->321978K(730112K), 0.0022574 secs] [Times: user=0.01 sys=0.00, real=0.00 secs] 
2856.442: [GC (Allocation Failure) [PSYoungGen: 55712K->1376K(56320K)] 376250K->321914K(730112K), 0.0020791 secs] [Times: user=0.01 sys=0.00, real=0.00 secs] 
2856.676: [GC (Allocation Failure) [PSYoungGen: 55648K->1376K(56320K)] 376186K->321914K(730112K), 0.0022304 secs] [Times: user=0.01 sys=0.00, real=0.00 secs] 
2856.908: [GC (Allocation Failure) [PSYoungGen: 55648K->1408K(56320K)] 376186K->321946K(730112K), 0.0021059 secs] [Times: user=0.00 sys=0.00, real=0.01 secs] 
2857.225: [GC (Allocation Failure) [PSYoungGen: 55680K->1360K(56320K)] 376218K->321898K(730112K), 0.0020545 secs] [Times: user=0.01 sys=0.00, real=0.00 secs] 
2858.303: [GC (Allocation Failure) [PSYoungGen: 55632K->1408K(56320K)] 376170K->321946K(730112K), 0.0017303 secs] [Times: user=0.00 sys=0.00, real=0.00 secs] 
2858.774: [GC (Allocation Failure) [PSYoungGen: 55680K->1376K(56320K)] 376218K->321914K(730112K), 0.0033370 secs] [Times: user=0.01 sys=0.01, real=0.00 secs] 
2859.173: [GC (Allocation Failure) [PSYoungGen: 55648K->1376K(55808K)] 376186K->321914K(729600K), 0.0031823 secs] [Times: user=0.01 sys=0.01, real=0.00 secs] 
2859.806: [GC (Allocation Failure) [PSYoungGen: 55648K->1376K(55808K)] 376186K->321914K(729600K), 0.0034605 secs] [Times: user=0.01 sys=0.00, real=0.01 secs] 
2860.539: [GC (Allocation Failure) [PSYoungGen: 55648K->352K(55296K)] 376186K->321914K(729088K), 0.0030335 secs] [Times: user=0.01 sys=0.00, real=0.00 secs] 
2862.016: [GC (Allocation Failure) [PSYoungGen: 54624K->1408K(56320K)] 376186K->322970K(730112K), 0.0017184 secs] [Times: user=0.00 sys=0.00, real=0.00 secs] 
2862.290: [GC (Allocation Failure) [PSYoungGen: 55680K->1376K(56320K)] 377242K->322938K(730112K), 0.0018533 secs] [Times: user=0.01 sys=0.00, real=0.00 secs] 
2862.525: [GC (Allocation Failure) [PSYoungGen: 55648K->1376K(56320K)] 377210K->322938K(730112K), 0.0018885 secs] [Times: user=0.01 sys=0.00, real=0.00 secs] 
2862.802: [GC (Allocation Failure) [PSYoungGen: 55648K->1344K(56320K)] 377210K->322922K(730112K), 0.0021414 secs] [Times: user=0.01 sys=0.00, real=0.00 secs] 
2863.043: [GC (Allocation Failure) [PSYoungGen: 55616K->1440K(56320K)] 377194K->323018K(730112K), 0.0020453 secs] [Times: user=0.01 sys=0.00, real=0.00 secs] 
2864.020: [GC (Allocation Failure) [PSYoungGen: 55712K->288K(56320K)] 377290K->321874K(730112K), 0.0015152 secs] [Times: user=0.00 sys=0.00, real=0.00 secs] 
2864.985: [GC (Allocation Failure) [PSYoungGen: 54560K->1376K(56320K)] 376146K->322962K(730112K), 0.0039448 secs] [Times: user=0.02 sys=0.00, real=0.00 secs] 
2865.724: [GC (Allocation Failure) [PSYoungGen: 55648K->1376K(56320K)] 377234K->322962K(730112K), 0.0035288 secs] [Times: user=0.02 sys=0.00, real=0.00 secs] 
2866.457: [GC (Allocation Failure) [PSYoungGen: 55648K->1344K(56320K)] 377234K->322930K(730112K), 0.0041924 secs] [Times: user=0.02 sys=0.00, real=0.01 secs] 
2867.150: [GC (Allocation Failure) [PSYoungGen: 55616K->1376K(56320K)] 377202K->322962K(730112K), 0.0035044 secs] [Times: user=0.01 sys=0.00, real=0.00 secs] 
2867.503: [GC (Allocation Failure) [PSYoungGen: 55648K->1328K(56320K)] 377234K->322914K(730112K), 0.0022775 secs] [Times: user=0.01 sys=0.00, real=0.00 secs] 
2868.900: [GC (Allocation Failure) [PSYoungGen: 55600K->1440K(56320K)] 377186K->323026K(730112K), 0.0019279 secs] [Times: user=0.01 sys=0.00, real=0.00 secs] 
2869.722: [GC (Allocation Failure) [PSYoungGen: 55712K->1376K(56320K)] 377298K->322962K(730112K), 0.0023307 secs] [Times: user=0.01 sys=0.00, real=0.00 secs] 
2870.592: [GC (Allocation Failure) [PSYoungGen: 55648K->1408K(56320K)] 377234K->322994K(730112K), 0.0027147 secs] [Times: user=0.01 sys=0.00, real=0.00 secs] 
2871.452: [GC (Allocation Failure) [PSYoungGen: 55680K->1344K(56320K)] 377266K->322930K(730112K), 0.0040168 secs] [Times: user=0.02 sys=0.01, real=0.00 secs] 
2871.906: [GC (Allocation Failure) [PSYoungGen: 55616K->1376K(56320K)] 377202K->322962K(730112K), 0.0025982 secs] [Times: user=0.01 sys=0.00, real=0.01 secs] 
2873.070: [GC (Allocation Failure) [PSYoungGen: 55648K->1408K(56320K)] 377234K->322994K(730112K), 0.0017084 secs] [Times: user=0.01 sys=0.00, real=0.00 secs] 
2873.295: [GC (Allocation Failure) [PSYoungGen: 55680K->1360K(56320K)] 377266K->322946K(730112K), 0.0017339 secs] [Times: user=0.01 sys=0.00, real=0.00 secs] 
2873.520: [GC (Allocation Failure) [PSYoungGen: 55632K->1376K(56320K)] 377218K->322962K(730112K), 0.0016136 secs] [Times: user=0.01 sys=0.00, real=0.00 secs] 
2873.801: [GC (Allocation Failure) [PSYoungGen: 55648K->1296K(56320K)] 377234K->322882K(730112K), 0.0023136 secs] [Times: user=0.01 sys=0.00, real=0.00 secs] 
2874.039: [GC (Allocation Failure) [PSYoungGen: 55568K->1376K(56320K)] 377154K->322970K(730112K), 0.0023746 secs] [Times: user=0.01 sys=0.00, real=0.01 secs] 
2874.972: [GC (Allocation Failure) [PSYoungGen: 55648K->1440K(56320K)] 377242K->323042K(730112K), 0.0017469 secs] [Times: user=0.01 sys=0.00, real=0.00 secs] 
2875.220: [GC (Allocation Failure) [PSYoungGen: 55712K->1376K(56320K)] 377314K->322978K(730112K), 0.0016208 secs] [Times: user=0.01 sys=0.00, real=0.00 secs] 
2875.454: [GC (Allocation Failure) [PSYoungGen: 55648K->1408K(56320K)] 377250K->323010K(730112K), 0.0017121 secs] [Times: user=0.01 sys=0.00, real=0.00 secs] 
2875.679: [GC (Allocation Failure) [PSYoungGen: 55680K->1376K(56320K)] 377282K->322978K(730112K), 0.0016516 secs] [Times: user=0.00 sys=0.00, real=0.01 secs] 
2875.907: [GC (Allocation Failure) [PSYoungGen: 55648K->1376K(56320K)] 377250K->322978K(730112K), 0.0026449 secs] [Times: user=0.01 sys=0.00, real=0.01 secs] 
2876.936: [GC (Allocation Failure) [PSYoungGen: 55648K->1408K(56320K)] 377250K->323010K(730112K), 0.0015416 secs] [Times: user=0.01 sys=0.00, real=0.00 secs] 
2877.392: [GC (Allocation Failure) [PSYoungGen: 55680K->1376K(56320K)] 377282K->322978K(730112K), 0.0017156 secs] [Times: user=0.01 sys=0.00, real=0.00 secs] 
2877.882: [GC (Allocation Failure) [PSYoungGen: 55648K->1344K(56320K)] 377250K->322946K(730112K), 0.0026586 secs] [Times: user=0.01 sys=0.00, real=0.00 secs] 
2878.207: [GC (Allocation Failure) [PSYoungGen: 55616K->1408K(56320K)] 377218K->323010K(730112K), 0.0025224 secs] [Times: user=0.01 sys=0.00, real=0.01 secs] 
2878.640: [GC (Allocation Failure) [PSYoungGen: 55680K->1376K(55808K)] 377282K->322978K(729600K), 0.0024137 secs] [Times: user=0.01 sys=0.00, real=0.00 secs] 
2879.160: [GC (Allocation Failure) [PSYoungGen: 55644K->288K(55296K)] 377246K->321890K(729088K), 0.0021226 secs] [Times: user=0.01 sys=0.00, real=0.00 secs] 
2880.143: [GC (Allocation Failure) [PSYoungGen: 54048K->1392K(55808K)] 375650K->322994K(729600K), 0.0018897 secs] [Times: user=0.01 sys=0.00, real=0.00 secs] 
2880.374: [GC (Allocation Failure) [PSYoungGen: 55152K->1376K(55808K)] 376754K->322978K(729600K), 0.0018297 secs] [Times: user=0.00 sys=0.00, real=0.00 secs] 
2880.598: [GC (Allocation Failure) [PSYoungGen: 55136K->1344K(55808K)] 376738K->322970K(729600K), 0.0017864 secs] [Times: user=0.01 sys=0.00, real=0.01 secs] 
2880.930: [GC (Allocation Failure) [PSYoungGen: 55104K->1344K(55808K)] 376730K->322970K(729600K), 0.0025514 secs] [Times: user=0.00 sys=0.00, real=0.00 secs] 
2881.154: [GC (Allocation Failure) [PSYoungGen: 55104K->1376K(55808K)] 376730K->323002K(729600K), 0.0020246 secs] [Times: user=0.00 sys=0.00, real=0.00 secs] 
2883.330: [GC (Allocation Failure) [PSYoungGen: 55136K->1376K(55808K)] 376762K->323002K(729600K), 0.0039566 secs] [Times: user=0.01 sys=0.00, real=0.00 secs] 
2884.133: [GC (Allocation Failure) [PSYoungGen: 55136K->1408K(55808K)] 376762K->323034K(729600K), 0.0027590 secs] [Times: user=0.01 sys=0.00, real=0.00 secs] 
2884.573: [GC (Allocation Failure) [PSYoungGen: 55168K->1408K(55808K)] 376794K->323034K(729600K), 0.0030661 secs] [Times: user=0.01 sys=0.00, real=0.00 secs] 
2885.192: [GC (Allocation Failure) [PSYoungGen: 55168K->1408K(55808K)] 376794K->323034K(729600K), 0.0028887 secs] [Times: user=0.01 sys=0.00, real=0.00 secs] 
2885.813: [GC (Allocation Failure) [PSYoungGen: 55168K->1376K(55808K)] 376794K->323002K(729600K), 0.0029006 secs] [Times: user=0.02 sys=0.00, real=0.00 secs] 
2887.056: [GC (Allocation Failure) [PSYoungGen: 55136K->1440K(55808K)] 376762K->323066K(729600K), 0.0017123 secs] [Times: user=0.01 sys=0.00, real=0.00 secs] 
2887.498: [GC (Allocation Failure) [PSYoungGen: 55200K->1376K(55808K)] 376826K->323002K(729600K), 0.0016259 secs] [Times: user=0.01 sys=0.00, real=0.01 secs] 
2887.957: [GC (Allocation Failure) [PSYoungGen: 55136K->1376K(55808K)] 376762K->323002K(729600K), 0.0019824 secs] [Times: user=0.00 sys=0.01, real=0.01 secs] 
2888.421: [GC (Allocation Failure) [PSYoungGen: 55136K->1376K(55808K)] 376762K->323002K(729600K), 0.0021499 secs] [Times: user=0.01 sys=0.00, real=0.00 secs] 
2888.880: [GC (Allocation Failure) [PSYoungGen: 55136K->1344K(55808K)] 376762K->322970K(729600K), 0.0030540 secs] [Times: user=0.01 sys=0.00, real=0.00 secs] 
2889.968: [GC (Allocation Failure) [PSYoungGen: 55104K->1408K(55808K)] 376730K->323034K(729600K), 0.0017650 secs] [Times: user=0.00 sys=0.00, real=0.01 secs] 
2890.890: [GC (Allocation Failure) [PSYoungGen: 55168K->1360K(55808K)] 376794K->322986K(729600K), 0.0026270 secs] [Times: user=0.01 sys=0.00, real=0.00 secs] 
2891.917: [GC (Allocation Failure) [PSYoungGen: 55120K->1344K(55296K)] 376746K->322970K(729088K), 0.0033258 secs] [Times: user=0.01 sys=0.00, real=0.01 secs] 
2892.852: [GC (Allocation Failure) [PSYoungGen: 55104K->1392K(55296K)] 376730K->323018K(729088K), 0.0035410 secs] [Times: user=0.02 sys=0.00, real=0.00 secs] 
2893.773: [GC (Allocation Failure) [PSYoungGen: 55152K->320K(54784K)] 376778K->322970K(728576K), 0.0038357 secs] [Times: user=0.01 sys=0.00, real=0.00 secs] 
2894.518: [GC (Allocation Failure) [PSYoungGen: 54080K->352K(55808K)] 376730K->323002K(729600K), 0.0038517 secs] [Times: user=0.02 sys=0.00, real=0.01 secs] 
2895.850: [GC (Allocation Failure) [PSYoungGen: 54112K->1408K(55808K)] 376762K->324074K(729600K), 0.0019993 secs] [Times: user=0.01 sys=0.00, real=0.00 secs] 
2896.375: [GC (Allocation Failure) [PSYoungGen: 55168K->1344K(55808K)] 377834K->324010K(729600K), 0.0020382 secs] [Times: user=0.01 sys=0.00, real=0.00 secs] 
2896.812: [GC (Allocation Failure) [PSYoungGen: 55104K->1408K(55808K)] 377770K->324074K(729600K), 0.0018753 secs] [Times: user=0.01 sys=0.00, real=0.00 secs] 
2897.089: [GC (Allocation Failure) [PSYoungGen: 55168K->1376K(55808K)] 377834K->324042K(729600K), 0.0020349 secs] [Times: user=0.01 sys=0.00, real=0.00 secs] 
2897.313: [GC (Allocation Failure) [PSYoungGen: 55136K->1376K(55808K)] 377802K->324042K(729600K), 0.0019969 secs] [Times: user=0.01 sys=0.00, real=0.00 secs] 
2898.244: [GC (Allocation Failure) [PSYoungGen: 55136K->1408K(55808K)] 377802K->324082K(729600K), 0.0014761 secs] [Times: user=0.01 sys=0.00, real=0.00 secs] 
2898.466: [GC (Allocation Failure) [PSYoungGen: 55168K->1344K(55808K)] 377842K->324018K(729600K), 0.0015418 secs] [Times: user=0.00 sys=0.00, real=0.00 secs] 
2898.689: [GC (Allocation Failure) [PSYoungGen: 55104K->1344K(55808K)] 377778K->324018K(729600K), 0.0014853 secs] [Times: user=0.01 sys=0.00, real=0.01 secs] 
2898.938: [GC (Allocation Failure) [PSYoungGen: 55104K->1408K(55808K)] 377778K->324082K(729600K), 0.0016771 secs] [Times: user=0.01 sys=0.00, real=0.01 secs] 
2899.166: [GC (Allocation Failure) [PSYoungGen: 55168K->1376K(55808K)] 377842K->324058K(729600K), 0.0031044 secs] [Times: user=0.01 sys=0.00, real=0.01 secs] 
2900.570: [GC (Allocation Failure) [PSYoungGen: 55136K->1408K(55808K)] 377818K->324090K(729600K), 0.0038055 secs] [Times: user=0.02 sys=0.00, real=0.00 secs] 
2901.011: [GC (Allocation Failure) [PSYoungGen: 55168K->1328K(55808K)] 377850K->324010K(729600K), 0.0025685 secs] [Times: user=0.01 sys=0.00, real=0.00 secs] 
2901.539: [GC (Allocation Failure) [PSYoungGen: 55088K->1408K(55808K)] 377770K->324090K(729600K), 0.0030168 secs] [Times: user=0.01 sys=0.00, real=0.00 secs] 
2902.345: [GC (Allocation Failure) [PSYoungGen: 55168K->1344K(55808K)] 377850K->324034K(729600K), 0.0028580 secs] [Times: user=0.01 sys=0.00, real=0.00 secs] 
2902.816: [GC (Allocation Failure) [PSYoungGen: 55104K->1328K(55808K)] 377794K->324018K(729600K), 0.0026038 secs] [Times: user=0.01 sys=0.00, real=0.00 secs] 
2904.093: [GC (Allocation Failure) [PSYoungGen: 55088K->1920K(55808K)] 377778K->324610K(729600K), 0.0018955 secs] [Times: user=0.01 sys=0.00, real=0.00 secs] 
2904.394: [GC (Allocation Failure) [PSYoungGen: 55680K->1376K(55808K)] 378370K->324066K(729600K), 0.0017805 secs] [Times: user=0.01 sys=0.00, real=0.00 secs] 
2904.856: [GC (Allocation Failure) [PSYoungGen: 55136K->1344K(55808K)] 377826K->324034K(729600K), 0.0016858 secs] [Times: user=0.00 sys=0.00, real=0.00 secs] 
2905.335: [GC (Allocation Failure) [PSYoungGen: 55104K->1376K(55808K)] 377794K->324066K(729600K), 0.0018139 secs] [Times: user=0.01 sys=0.00, real=0.00 secs] 
2905.853: [GC (Allocation Failure) [PSYoungGen: 55136K->1408K(55808K)] 377826K->324098K(729600K), 0.0020316 secs] [Times: user=0.01 sys=0.00, real=0.00 secs] 
2906.423: [GC (Allocation Failure) [PSYoungGen: 55168K->1376K(55808K)] 377858K->324066K(729600K), 0.0026886 secs] [Times: user=0.01 sys=0.00, real=0.00 secs] 
2908.562: [GC (Allocation Failure) [PSYoungGen: 55136K->1408K(55808K)] 377826K->324098K(729600K), 0.0035314 secs] [Times: user=0.01 sys=0.01, real=0.00 secs] 
2909.094: [GC (Allocation Failure) [PSYoungGen: 55168K->1344K(55808K)] 377858K->324034K(729600K), 0.0026083 secs] [Times: user=0.01 sys=0.00, real=0.00 secs] 
2909.867: [GC (Allocation Failure) [PSYoungGen: 55104K->1376K(55808K)] 377794K->324066K(729600K), 0.0023713 secs] [Times: user=0.00 sys=0.00, real=0.01 secs] 
2910.367: [GC (Allocation Failure) [PSYoungGen: 55136K->1376K(55808K)] 377826K->324066K(729600K), 0.0033951 secs] [Times: user=0.01 sys=0.00, real=0.01 secs] 
2910.865: [GC (Allocation Failure) [PSYoungGen: 55136K->1376K(55808K)] 377826K->324066K(729600K), 0.0028197 secs] [Times: user=0.01 sys=0.00, real=0.00 secs] 
2912.219: [GC (Allocation Failure) [PSYoungGen: 55136K->1344K(55808K)] 377826K->324034K(729600K), 0.0023270 secs] [Times: user=0.01 sys=0.00, real=0.00 secs] 
2912.658: [GC (Allocation Failure) [PSYoungGen: 55104K->1360K(55296K)] 377794K->324050K(729088K), 0.0018785 secs] [Times: user=0.01 sys=0.00, real=0.01 secs] 
2912.939: [GC (Allocation Failure) [PSYoungGen: 55120K->1376K(55296K)] 377810K->324066K(729088K), 0.0016880 secs] [Times: user=0.00 sys=0.00, real=0.00 secs] 
2913.163: [GC (Allocation Failure) [PSYoungGen: 55136K->1408K(55296K)] 377826K->324098K(729088K), 0.0018049 secs] [Times: user=0.01 sys=0.00, real=0.00 secs] 
2913.386: [GC (Allocation Failure) [PSYoungGen: 55168K->1376K(55296K)] 377858K->324082K(729088K), 0.0018218 secs] [Times: user=0.01 sys=0.00, real=0.00 secs] 
2914.377: [GC (Allocation Failure) [PSYoungGen: 55136K->1408K(55296K)] 377842K->324114K(729088K), 0.0017555 secs] [Times: user=0.01 sys=0.01, real=0.01 secs] 
2914.813: [GC (Allocation Failure) [PSYoungGen: 55168K->1376K(55296K)] 377874K->324082K(729088K), 0.0016849 secs] [Times: user=0.00 sys=0.00, real=0.00 secs] 
2915.191: [GC (Allocation Failure) [PSYoungGen: 55136K->1360K(55296K)] 377842K->324066K(729088K), 0.0024519 secs] [Times: user=0.01 sys=0.00, real=0.00 secs] 
2915.415: [GC (Allocation Failure) [PSYoungGen: 55120K->1376K(55296K)] 377826K->324082K(729088K), 0.0018593 secs] [Times: user=0.01 sys=0.00, real=0.00 secs] 
2915.638: [GC (Allocation Failure) [PSYoungGen: 55136K->1312K(55296K)] 377842K->324018K(729088K), 0.0019383 secs] [Times: user=0.00 sys=0.00, real=0.01 secs] 
2916.705: [GC (Allocation Failure) [PSYoungGen: 55072K->864K(54784K)] 377778K->324610K(728576K), 0.0019623 secs] [Times: user=0.01 sys=0.00, real=0.00 secs] 
2917.536: [GC (Allocation Failure) [PSYoungGen: 54112K->320K(55296K)] 377858K->324066K(729088K), 0.0037237 secs] [Times: user=0.01 sys=0.00, real=0.01 secs] 
2918.026: [GC (Allocation Failure) [PSYoungGen: 53568K->336K(55296K)] 377314K->324082K(729088K), 0.0031210 secs] [Times: user=0.02 sys=0.00, real=0.01 secs] 
2918.705: [GC (Allocation Failure) [PSYoungGen: 53584K->320K(55296K)] 377330K->324066K(729088K), 0.0022485 secs] [Times: user=0.01 sys=0.00, real=0.00 secs] 
2919.187: [GC (Allocation Failure) [PSYoungGen: 53568K->352K(55296K)] 377314K->324098K(729088K), 0.0020800 secs] [Times: user=0.01 sys=0.00, real=0.01 secs] 
2919.592: [GC (Allocation Failure) [PSYoungGen: 53600K->352K(55296K)] 377346K->324098K(729088K), 0.0020616 secs] [Times: user=0.01 sys=0.00, real=0.00 secs] 
2921.928: [GC (Allocation Failure) [PSYoungGen: 53600K->1360K(55296K)] 377346K->325106K(729088K), 0.0040954 secs] [Times: user=0.02 sys=0.00, real=0.01 secs] 
2922.773: [GC (Allocation Failure) [PSYoungGen: 54608K->1376K(55296K)] 378354K->325122K(729088K), 0.0034524 secs] [Times: user=0.02 sys=0.00, real=0.00 secs] 
2923.620: [GC (Allocation Failure) [PSYoungGen: 54624K->1408K(54784K)] 378370K->325154K(728576K), 0.0035543 secs] [Times: user=0.01 sys=0.00, real=0.00 secs] 
2924.259: [GC (Allocation Failure) [PSYoungGen: 54144K->1376K(55296K)] 377890K->325122K(729088K), 0.0027070 secs] [Times: user=0.01 sys=0.00, real=0.00 secs] 
2924.862: [GC (Allocation Failure) [PSYoungGen: 54112K->1344K(55296K)] 377858K->325098K(729088K), 0.0025576 secs] [Times: user=0.01 sys=0.00, real=0.00 secs] 
2926.602: [GC (Allocation Failure) [PSYoungGen: 54080K->1408K(55296K)] 377834K->325162K(729088K), 0.0038892 secs] [Times: user=0.02 sys=0.00, real=0.00 secs] 
2927.301: [GC (Allocation Failure) [PSYoungGen: 54144K->1376K(55296K)] 377898K->325130K(729088K), 0.0028263 secs] [Times: user=0.02 sys=0.00, real=0.00 secs] 
2927.927: [GC (Allocation Failure) [PSYoungGen: 54112K->1376K(55296K)] 377866K->325130K(729088K), 0.0027713 secs] [Times: user=0.01 sys=0.00, real=0.01 secs] 
2928.182: [GC (Allocation Failure) [PSYoungGen: 54112K->1376K(55296K)] 377866K->325130K(729088K), 0.0020744 secs] [Times: user=0.01 sys=0.00, real=0.00 secs] 
2928.533: [GC (Allocation Failure) [PSYoungGen: 54112K->1408K(55296K)] 377866K->325162K(729088K), 0.0021021 secs] [Times: user=0.01 sys=0.00, real=0.00 secs] 
2929.786: [GC (Allocation Failure) [PSYoungGen: 54144K->1920K(55296K)] 377898K->325674K(729088K), 0.0018708 secs] [Times: user=0.01 sys=0.00, real=0.00 secs] 
2930.016: [GC (Allocation Failure) [PSYoungGen: 54656K->1376K(55296K)] 378410K->325130K(729088K), 0.0027954 secs] [Times: user=0.01 sys=0.00, real=0.00 secs] 
2930.228: [GC (Allocation Failure) [PSYoungGen: 54112K->1408K(55296K)] 377866K->325162K(729088K), 0.0024807 secs] [Times: user=0.01 sys=0.00, real=0.01 secs] 
2930.448: [GC (Allocation Failure) [PSYoungGen: 54144K->1376K(55296K)] 377898K->325130K(729088K), 0.0020469 secs] [Times: user=0.01 sys=0.00, real=0.01 secs] 
2930.667: [GC (Allocation Failure) [PSYoungGen: 54112K->1408K(54272K)] 377866K->325162K(728064K), 0.0022422 secs] [Times: user=0.01 sys=0.00, real=0.01 secs] 
2930.887: [GC (Allocation Failure) [PSYoungGen: 54144K->1408K(54784K)] 377898K->325162K(728576K), 0.0020603 secs] [Times: user=0.01 sys=0.00, real=0.01 secs] 
2932.217: [GC (Allocation Failure) [PSYoungGen: 54144K->1440K(54784K)] 377898K->325194K(728576K), 0.0020377 secs] [Times: user=0.00 sys=0.00, real=0.01 secs] 
2932.598: [GC (Allocation Failure) [PSYoungGen: 54176K->1312K(54784K)] 377930K->325066K(728576K), 0.0024279 secs] [Times: user=0.01 sys=0.01, real=0.01 secs] 
2932.930: [GC (Allocation Failure) [PSYoungGen: 54048K->1328K(54784K)] 377802K->325098K(728576K), 0.0046516 secs] [Times: user=0.01 sys=0.00, real=0.00 secs] 
2933.296: [GC (Allocation Failure) [PSYoungGen: 54064K->1376K(54784K)] 377834K->325146K(728576K), 0.0025812 secs] [Times: user=0.01 sys=0.00, real=0.01 secs] 
2933.704: [GC (Allocation Failure) [PSYoungGen: 54112K->1376K(54784K)] 377882K->325146K(728576K), 0.0027864 secs] [Times: user=0.01 sys=0.00, real=0.00 secs] 
2934.754: [GC (Allocation Failure) [PSYoungGen: 54112K->1408K(54784K)] 377882K->325178K(728576K), 0.0016699 secs] [Times: user=0.01 sys=0.00, real=0.00 secs] 
2934.973: [GC (Allocation Failure) [PSYoungGen: 54144K->1376K(54784K)] 377914K->325146K(728576K), 0.0017485 secs] [Times: user=0.01 sys=0.00, real=0.00 secs] 
2935.192: [GC (Allocation Failure) [PSYoungGen: 54112K->1376K(54784K)] 377882K->325146K(728576K), 0.0017601 secs] [Times: user=0.01 sys=0.00, real=0.00 secs] 
2935.411: [GC (Allocation Failure) [PSYoungGen: 54112K->1408K(54784K)] 377882K->325178K(728576K), 0.0024812 secs] [Times: user=0.01 sys=0.00, real=0.00 secs] 
2935.631: [GC (Allocation Failure) [PSYoungGen: 54144K->1376K(54784K)] 377914K->325146K(728576K), 0.0019990 secs] [Times: user=0.00 sys=0.00, real=0.00 secs] 
2936.607: [GC (Allocation Failure) [PSYoungGen: 54112K->1664K(54784K)] 377882K->325434K(728576K), 0.0016498 secs] [Times: user=0.01 sys=0.01, real=0.00 secs] 
2937.152: [GC (Allocation Failure) [PSYoungGen: 54400K->1408K(54784K)] 378170K->325178K(728576K), 0.0017045 secs] [Times: user=0.00 sys=0.00, real=0.00 secs] 
2937.590: [GC (Allocation Failure) [PSYoungGen: 54144K->1392K(54784K)] 377914K->325162K(728576K), 0.0035226 secs] [Times: user=0.02 sys=0.00, real=0.00 secs] 
2937.829: [GC (Allocation Failure) [PSYoungGen: 54128K->1376K(54784K)] 377898K->325146K(728576K), 0.0023163 secs] [Times: user=0.01 sys=0.00, real=0.00 secs] 
2938.049: [GC (Allocation Failure) [PSYoungGen: 54112K->1376K(54784K)] 377882K->325146K(728576K), 0.0020778 secs] [Times: user=0.01 sys=0.00, real=0.00 secs] 
2938.268: [GC (Allocation Failure) [PSYoungGen: 54112K->1376K(54784K)] 377882K->325146K(728576K), 0.0019489 secs] [Times: user=0.01 sys=0.00, real=0.01 secs] 
2939.186: [GC (Allocation Failure) [PSYoungGen: 54112K->1408K(54784K)] 377882K->325178K(728576K), 0.0016787 secs] [Times: user=0.00 sys=0.00, real=0.00 secs] 
2939.405: [GC (Allocation Failure) [PSYoungGen: 54144K->1376K(54784K)] 377914K->325146K(728576K), 0.0017379 secs] [Times: user=0.01 sys=0.00, real=0.00 secs] 
2939.624: [GC (Allocation Failure) [PSYoungGen: 54112K->1392K(54784K)] 377882K->325162K(728576K), 0.0017853 secs] [Times: user=0.00 sys=0.00, real=0.00 secs] 
2939.843: [GC (Allocation Failure) [PSYoungGen: 54128K->1408K(54784K)] 377898K->325202K(728576K), 0.0018004 secs] [Times: user=0.01 sys=0.00, real=0.00 secs] 
2940.062: [GC (Allocation Failure) [PSYoungGen: 54144K->1376K(54272K)] 377938K->325170K(728064K), 0.0019634 secs] [Times: user=0.00 sys=0.00, real=0.00 secs] 
2940.975: [GC (Allocation Failure) [PSYoungGen: 54112K->1376K(54272K)] 377906K->325170K(728064K), 0.0018142 secs] [Times: user=0.00 sys=0.00, real=0.00 secs] 
2941.223: [GC (Allocation Failure) [PSYoungGen: 54112K->336K(53760K)] 377906K->325154K(727552K), 0.0017593 secs] [Times: user=0.01 sys=0.00, real=0.00 secs] 
2941.442: [GC (Allocation Failure) [PSYoungGen: 53072K->352K(54784K)] 377890K->325170K(728576K), 0.0016009 secs] [Times: user=0.01 sys=0.00, real=0.00 secs] 
2941.660: [GC (Allocation Failure) [PSYoungGen: 53088K->384K(54784K)] 377906K->325202K(728576K), 0.0015170 secs] [Times: user=0.00 sys=0.00, real=0.00 secs] 
2941.879: [GC (Allocation Failure) [PSYoungGen: 53120K->352K(54784K)] 377938K->325170K(728576K), 0.0017118 secs] [Times: user=0.01 sys=0.00, real=0.00 secs] 
2942.829: [GC (Allocation Failure) [PSYoungGen: 53086K->1440K(54784K)] 377904K->326258K(728576K), 0.0015696 secs] [Times: user=0.01 sys=0.00, real=0.00 secs] 
2943.284: [GC (Allocation Failure) [PSYoungGen: 54176K->1344K(54784K)] 378994K->326162K(728576K), 0.0019188 secs] [Times: user=0.01 sys=0.00, real=0.00 secs] 
2943.697: [GC (Allocation Failure) [PSYoungGen: 54080K->1376K(54784K)] 378898K->326194K(728576K), 0.0020371 secs] [Times: user=0.01 sys=0.00, real=0.01 secs] 
2943.928: [GC (Allocation Failure) [PSYoungGen: 54112K->1344K(54784K)] 378930K->326162K(728576K), 0.0019320 secs] [Times: user=0.01 sys=0.00, real=0.01 secs] 
2944.147: [GC (Allocation Failure) [PSYoungGen: 54080K->1376K(54784K)] 378898K->326194K(728576K), 0.0019394 secs] [Times: user=0.01 sys=0.00, real=0.00 secs] 
2944.366: [GC (Allocation Failure) [PSYoungGen: 54112K->1408K(54784K)] 378930K->326226K(728576K), 0.0018298 secs] [Times: user=0.01 sys=0.00, real=0.00 secs] 
2945.493: [GC (Allocation Failure) [PSYoungGen: 54144K->1440K(54784K)] 378962K->326258K(728576K), 0.0019553 secs] [Times: user=0.00 sys=0.00, real=0.00 secs] 
2945.977: [GC (Allocation Failure) [PSYoungGen: 54176K->1408K(54784K)] 378994K->326226K(728576K), 0.0018950 secs] [Times: user=0.01 sys=0.00, real=0.01 secs] 
2946.442: [GC (Allocation Failure) [PSYoungGen: 54144K->1376K(54784K)] 378962K->326194K(728576K), 0.0018848 secs] [Times: user=0.01 sys=0.00, real=0.00 secs] 
2946.895: [GC (Allocation Failure) [PSYoungGen: 54112K->1408K(54784K)] 378930K->326226K(728576K), 0.0019303 secs] [Times: user=0.01 sys=0.00, real=0.00 secs] 
2947.159: [GC (Allocation Failure) [PSYoungGen: 54144K->1344K(54784K)] 378962K->326162K(728576K), 0.0019651 secs] [Times: user=0.00 sys=0.00, real=0.00 secs] 
2948.301: [GC (Allocation Failure) [PSYoungGen: 54080K->1424K(54784K)] 378898K->326242K(728576K), 0.0017716 secs] [Times: user=0.00 sys=0.00, real=0.00 secs] 
2949.119: [GC (Allocation Failure) [PSYoungGen: 54160K->1376K(54784K)] 378978K->326194K(728576K), 0.0021103 secs] [Times: user=0.01 sys=0.00, real=0.00 secs] 
2949.800: [GC (Allocation Failure) [PSYoungGen: 54112K->1376K(54784K)] 378930K->326194K(728576K), 0.0021273 secs] [Times: user=0.01 sys=0.01, real=0.00 secs] 
2950.309: [GC (Allocation Failure) [PSYoungGen: 54112K->1344K(54784K)] 378930K->326162K(728576K), 0.0021487 secs] [Times: user=0.01 sys=0.00, real=0.00 secs] 
2950.855: [GC (Allocation Failure) [PSYoungGen: 54080K->1344K(54784K)] 378898K->326162K(728576K), 0.0021088 secs] [Times: user=0.01 sys=0.00, real=0.00 secs] 
2951.283: [GC (Allocation Failure) [PSYoungGen: 54080K->1344K(54784K)] 378898K->326162K(728576K), 0.0021492 secs] [Times: user=0.01 sys=0.00, real=0.00 secs] 
2952.661: [GC (Allocation Failure) [PSYoungGen: 54080K->1472K(54784K)] 378898K->326306K(728576K), 0.0023086 secs] [Times: user=0.01 sys=0.00, real=0.00 secs] 
2953.303: [GC (Allocation Failure) [PSYoungGen: 54208K->1376K(54784K)] 379042K->326210K(728576K), 0.0026276 secs] [Times: user=0.01 sys=0.00, real=0.00 secs] 
2953.917: [GC (Allocation Failure) [PSYoungGen: 54112K->1344K(54784K)] 378946K->326178K(728576K), 0.0025354 secs] [Times: user=0.01 sys=0.00, real=0.01 secs] 
2954.523: [GC (Allocation Failure) [PSYoungGen: 54080K->1408K(54784K)] 378914K->326242K(728576K), 0.0025526 secs] [Times: user=0.01 sys=0.00, real=0.00 secs] 
2955.133: [GC (Allocation Failure) [PSYoungGen: 54144K->1360K(54784K)] 378978K->326210K(728576K), 0.0026960 secs] [Times: user=0.01 sys=0.00, real=0.00 secs] 
2956.397: [GC (Allocation Failure) [PSYoungGen: 54096K->1408K(54784K)] 378946K->326258K(728576K), 0.0020629 secs] [Times: user=0.01 sys=0.00, real=0.01 secs] 
2957.003: [GC (Allocation Failure) [PSYoungGen: 54144K->1392K(54784K)] 378994K->326242K(728576K), 0.0020497 secs] [Times: user=0.01 sys=0.00, real=0.00 secs] 
2957.580: [GC (Allocation Failure) [PSYoungGen: 54128K->1408K(54784K)] 378978K->326258K(728576K), 0.0023436 secs] [Times: user=0.01 sys=0.00, real=0.00 secs] 
2958.157: [GC (Allocation Failure) [PSYoungGen: 54144K->1376K(54784K)] 378994K->326226K(728576K), 0.0023808 secs] [Times: user=0.01 sys=0.00, real=0.01 secs] 
2958.654: [GC (Allocation Failure) [PSYoungGen: 54112K->1344K(54784K)] 378962K->326194K(728576K), 0.0027251 secs] [Times: user=0.01 sys=0.00, real=0.00 secs] 
2959.945: [GC (Allocation Failure) [PSYoungGen: 54080K->1440K(54784K)] 378930K->326290K(728576K), 0.0017074 secs] [Times: user=0.00 sys=0.00, real=0.00 secs] 
2960.655: [GC (Allocation Failure) [PSYoungGen: 54176K->1376K(54784K)] 379026K->326226K(728576K), 0.0030430 secs] [Times: user=0.01 sys=0.00, real=0.00 secs] 
2961.092: [GC (Allocation Failure) [PSYoungGen: 54112K->1376K(54784K)] 378962K->326226K(728576K), 0.0025381 secs] [Times: user=0.01 sys=0.00, real=0.00 secs] 
2961.492: [GC (Allocation Failure) [PSYoungGen: 54112K->1344K(54784K)] 378962K->326194K(728576K), 0.0020226 secs] [Times: user=0.01 sys=0.01, real=0.00 secs] 
2962.019: [GC (Allocation Failure) [PSYoungGen: 54080K->1344K(54272K)] 378930K->326194K(728064K), 0.0023786 secs] [Times: user=0.01 sys=0.00, real=0.00 secs] 
2962.539: [GC (Allocation Failure) [PSYoungGen: 54080K->1344K(54272K)] 378930K->326194K(728064K), 0.0038187 secs] [Times: user=0.01 sys=0.00, real=0.01 secs] 
2964.011: [GC (Allocation Failure) [PSYoungGen: 54080K->1376K(54272K)] 378930K->326226K(728064K), 0.0039706 secs] [Times: user=0.02 sys=0.00, real=0.00 secs] 
2964.759: [GC (Allocation Failure) [PSYoungGen: 54112K->1376K(54272K)] 378962K->326234K(728064K), 0.0031734 secs] [Times: user=0.02 sys=0.00, real=0.01 secs] 
2965.195: [GC (Allocation Failure) [PSYoungGen: 54112K->1376K(54272K)] 378970K->326234K(728064K), 0.0027852 secs] [Times: user=0.01 sys=0.00, real=0.00 secs] 
2965.655: [GC (Allocation Failure) [PSYoungGen: 54112K->1344K(54272K)] 378970K->326202K(728064K), 0.0027906 secs] [Times: user=0.01 sys=0.00, real=0.00 secs] 
2966.097: [GC (Allocation Failure) [PSYoungGen: 54080K->1344K(54272K)] 378938K->326210K(728064K), 0.0025901 secs] [Times: user=0.01 sys=0.00, real=0.01 secs] 
2967.377: [GC (Allocation Failure) [PSYoungGen: 54080K->1344K(54272K)] 378946K->326210K(728064K), 0.0020742 secs] [Times: user=0.01 sys=0.00, real=0.01 secs] 
2968.111: [GC (Allocation Failure) [PSYoungGen: 54080K->1344K(54272K)] 378946K->326210K(728064K), 0.0039655 secs] [Times: user=0.01 sys=0.01, real=0.00 secs] 
2968.932: [GC (Allocation Failure) [PSYoungGen: 54080K->1312K(54272K)] 378946K->326178K(728064K), 0.0040370 secs] [Times: user=0.02 sys=0.00, real=0.00 secs] 
2969.747: [GC (Allocation Failure) [PSYoungGen: 54048K->1376K(54272K)] 378914K->326242K(728064K), 0.0039035 secs] [Times: user=0.02 sys=0.00, real=0.01 secs] 
2970.427: [GC (Allocation Failure) [PSYoungGen: 54112K->1344K(54272K)] 378978K->326210K(728064K), 0.0037864 secs] [Times: user=0.01 sys=0.00, real=0.01 secs] 
2972.105: [GC (Allocation Failure) [PSYoungGen: 54076K->1360K(54272K)] 378942K->326738K(728064K), 0.0019075 secs] [Times: user=0.01 sys=0.00, real=0.00 secs] 
2972.348: [GC (Allocation Failure) [PSYoungGen: 54096K->1344K(54272K)] 379474K->326722K(728064K), 0.0017902 secs] [Times: user=0.01 sys=0.00, real=0.01 secs] 
2972.623: [GC (Allocation Failure) [PSYoungGen: 54080K->1344K(54272K)] 379458K->326722K(728064K), 0.0019639 secs] [Times: user=0.01 sys=0.00, real=0.00 secs] 
2973.018: [GC (Allocation Failure) [PSYoungGen: 54080K->1344K(54272K)] 379458K->326722K(728064K), 0.0019340 secs] [Times: user=0.00 sys=0.00, real=0.01 secs] 
2973.456: [GC (Allocation Failure) [PSYoungGen: 54080K->1376K(54272K)] 379458K->326754K(728064K), 0.0020239 secs] [Times: user=0.00 sys=0.00, real=0.00 secs] 
2973.848: [GC (Allocation Failure) [PSYoungGen: 54112K->1392K(54272K)] 379490K->326778K(728064K), 0.0034723 secs] [Times: user=0.01 sys=0.01, real=0.01 secs] 
2974.948: [GC (Allocation Failure) [PSYoungGen: 54128K->1408K(54272K)] 379514K->326794K(728064K), 0.0033125 secs] [Times: user=0.02 sys=0.00, real=0.01 secs] 
2975.344: [GC (Allocation Failure) [PSYoungGen: 54144K->1376K(54272K)] 379530K->326762K(728064K), 0.0025980 secs] [Times: user=0.01 sys=0.00, real=0.00 secs] 
2975.779: [GC (Allocation Failure) [PSYoungGen: 54112K->1376K(54272K)] 379498K->326762K(728064K), 0.0024999 secs] [Times: user=0.01 sys=0.00, real=0.01 secs] 
2976.273: [GC (Allocation Failure) [PSYoungGen: 54112K->1408K(54272K)] 379498K->326794K(728064K), 0.0027288 secs] [Times: user=0.01 sys=0.00, real=0.00 secs] 
2976.802: [GC (Allocation Failure) [PSYoungGen: 54144K->1408K(54272K)] 379530K->326794K(728064K), 0.0028270 secs] [Times: user=0.01 sys=0.00, real=0.00 secs] 
2978.540: [GC (Allocation Failure) [PSYoungGen: 54144K->1376K(54272K)] 379530K->326762K(728064K), 0.0021405 secs] [Times: user=0.01 sys=0.00, real=0.00 secs] 
2979.316: [GC (Allocation Failure) [PSYoungGen: 54112K->1376K(54272K)] 379498K->326762K(728064K), 0.0023010 secs] [Times: user=0.01 sys=0.00, real=0.00 secs] 
2979.911: [GC (Allocation Failure) [PSYoungGen: 54112K->1408K(54272K)] 379498K->326794K(728064K), 0.0022788 secs] [Times: user=0.01 sys=0.00, real=0.00 secs] 
2980.406: [GC (Allocation Failure) [PSYoungGen: 54144K->1376K(54272K)] 379530K->326762K(728064K), 0.0022978 secs] [Times: user=0.01 sys=0.00, real=0.00 secs] 
2980.785: [GC (Allocation Failure) [PSYoungGen: 54112K->1376K(54272K)] 379498K->326770K(728064K), 0.0023189 secs] [Times: user=0.01 sys=0.00, real=0.00 secs] 
2981.900: [GC (Allocation Failure) [PSYoungGen: 54112K->1312K(54272K)] 379506K->326706K(728064K), 0.0014823 secs] [Times: user=0.01 sys=0.00, real=0.00 secs] 
2983.366: [GC (Allocation Failure) [PSYoungGen: 54048K->1376K(54272K)] 379442K->326770K(728064K), 0.0031362 secs] [Times: user=0.01 sys=0.00, real=0.01 secs] 
2983.797: [GC (Allocation Failure) [PSYoungGen: 54112K->1376K(54272K)] 379506K->326770K(728064K), 0.0027874 secs] [Times: user=0.01 sys=0.00, real=0.01 secs] 
2984.226: [GC (Allocation Failure) [PSYoungGen: 54112K->1376K(54272K)] 379506K->326770K(728064K), 0.0031350 secs] [Times: user=0.01 sys=0.00, real=0.01 secs] 
2984.717: [GC (Allocation Failure) [PSYoungGen: 54112K->1376K(54272K)] 379506K->326778K(728064K), 0.0023059 secs] [Times: user=0.01 sys=0.00, real=0.01 secs] 
2985.140: [GC (Allocation Failure) [PSYoungGen: 54112K->1376K(54272K)] 379514K->326778K(728064K), 0.0023562 secs] [Times: user=0.01 sys=0.00, real=0.00 secs] 
2986.299: [GC (Allocation Failure) [PSYoungGen: 54112K->1408K(54272K)] 379514K->326810K(728064K), 0.0019521 secs] [Times: user=0.01 sys=0.00, real=0.00 secs] 
2986.820: [GC (Allocation Failure) [PSYoungGen: 54144K->1328K(54272K)] 379546K->326730K(728064K), 0.0020341 secs] [Times: user=0.01 sys=0.00, real=0.00 secs] 
2987.303: [GC (Allocation Failure) [PSYoungGen: 54064K->1408K(54272K)] 379466K->326810K(728064K), 0.0021711 secs] [Times: user=0.01 sys=0.00, real=0.00 secs] 
2987.948: [GC (Allocation Failure) [PSYoungGen: 54144K->1344K(54272K)] 379546K->326746K(728064K), 0.0032897 secs] [Times: user=0.02 sys=0.00, real=0.01 secs] 
2988.512: [GC (Allocation Failure) [PSYoungGen: 54080K->1328K(54272K)] 379482K->326730K(728064K), 0.0026864 secs] [Times: user=0.01 sys=0.01, real=0.00 secs] 
2989.691: [GC (Allocation Failure) [PSYoungGen: 54064K->1440K(54272K)] 379466K->326842K(728064K), 0.0018566 secs] [Times: user=0.00 sys=0.00, real=0.00 secs] 
2989.981: [GC (Allocation Failure) [PSYoungGen: 54176K->1408K(54272K)] 379578K->326810K(728064K), 0.0018505 secs] [Times: user=0.01 sys=0.00, real=0.00 secs] 
2990.217: [GC (Allocation Failure) [PSYoungGen: 54144K->1376K(54272K)] 379546K->326778K(728064K), 0.0018461 secs] [Times: user=0.00 sys=0.00, real=0.01 secs] 
2990.436: [GC (Allocation Failure) [PSYoungGen: 54112K->1376K(54272K)] 379514K->326778K(728064K), 0.0042431 secs] [Times: user=0.02 sys=0.00, real=0.01 secs] 
2990.957: [GC (Allocation Failure) [PSYoungGen: 54112K->1424K(54272K)] 379514K->326826K(728064K), 0.0020405 secs] [Times: user=0.01 sys=0.00, real=0.01 secs] 
2991.418: [GC (Allocation Failure) [PSYoungGen: 54160K->1376K(54272K)] 379562K->326778K(728064K), 0.0019817 secs] [Times: user=0.01 sys=0.00, real=0.01 secs] 
2992.666: [GC (Allocation Failure) [PSYoungGen: 54112K->1440K(54272K)] 379514K->326858K(728064K), 0.0018928 secs] [Times: user=0.00 sys=0.00, real=0.00 secs] 
2993.021: [GC (Allocation Failure) [PSYoungGen: 54176K->1376K(54272K)] 379594K->326794K(728064K), 0.0023053 secs] [Times: user=0.01 sys=0.00, real=0.00 secs] 
2993.275: [GC (Allocation Failure) [PSYoungGen: 54112K->1344K(54272K)] 379530K->326762K(728064K), 0.0026920 secs] [Times: user=0.01 sys=0.00, real=0.00 secs] 
2993.494: [GC (Allocation Failure) [PSYoungGen: 54080K->1408K(54272K)] 379498K->326826K(728064K), 0.0020618 secs] [Times: user=0.01 sys=0.00, real=0.00 secs] 
2993.803: [GC (Allocation Failure) [PSYoungGen: 54144K->1312K(54272K)] 379562K->326730K(728064K), 0.0019377 secs] [Times: user=0.01 sys=0.00, real=0.00 secs] 
2994.808: [GC (Allocation Failure) [PSYoungGen: 54048K->1440K(54272K)] 379466K->326858K(728064K), 0.0018087 secs] [Times: user=0.00 sys=0.00, real=0.01 secs] 
2995.140: [GC (Allocation Failure) [PSYoungGen: 54176K->1408K(54272K)] 379594K->326826K(728064K), 0.0019322 secs] [Times: user=0.00 sys=0.00, real=0.00 secs] 
2995.380: [GC (Allocation Failure) [PSYoungGen: 54144K->1344K(54272K)] 379562K->326762K(728064K), 0.0019987 secs] [Times: user=0.01 sys=0.00, real=0.00 secs] 
2995.599: [GC (Allocation Failure) [PSYoungGen: 54080K->1376K(54272K)] 379498K->326794K(728064K), 0.0018002 secs] [Times: user=0.01 sys=0.00, real=0.00 secs] 
2995.862: [GC (Allocation Failure) [PSYoungGen: 54112K->1344K(54272K)] 379530K->326762K(728064K), 0.0019874 secs] [Times: user=0.01 sys=0.00, real=0.00 secs] 
2997.272: [GC (Allocation Failure) [PSYoungGen: 54080K->1408K(54272K)] 379498K->326826K(728064K), 0.0022935 secs] [Times: user=0.01 sys=0.00, real=0.00 secs] 
2997.887: [GC (Allocation Failure) [PSYoungGen: 54144K->1408K(54272K)] 379562K->326826K(728064K), 0.0026777 secs] [Times: user=0.01 sys=0.00, real=0.01 secs] 
2998.428: [GC (Allocation Failure) [PSYoungGen: 54144K->1440K(54272K)] 379562K->326858K(728064K), 0.0030689 secs] [Times: user=0.01 sys=0.00, real=0.01 secs] 
2999.242: [GC (Allocation Failure) [PSYoungGen: 54176K->1408K(54272K)] 379594K->326826K(728064K), 0.0028037 secs] [Times: user=0.01 sys=0.00, real=0.00 secs] 
2999.983: [GC (Allocation Failure) [PSYoungGen: 54144K->1376K(54272K)] 379562K->326794K(728064K), 0.0034992 secs] [Times: user=0.01 sys=0.00, real=0.00 secs] 
3000.690: [GC (Allocation Failure) [PSYoungGen: 54112K->1376K(54272K)] 379530K->326794K(728064K), 0.0050223 secs] [Times: user=0.02 sys=0.00, real=0.00 secs] 
3002.115: [GC (Allocation Failure) [PSYoungGen: 54112K->1440K(54272K)] 379530K->326858K(728064K), 0.0039047 secs] [Times: user=0.01 sys=0.00, real=0.00 secs] 
3002.463: [GC (Allocation Failure) [PSYoungGen: 54176K->1360K(54272K)] 379594K->326778K(728064K), 0.0022322 secs] [Times: user=0.01 sys=0.00, real=0.00 secs] 
3002.738: [GC (Allocation Failure) [PSYoungGen: 54096K->1344K(54272K)] 379514K->326762K(728064K), 0.0023692 secs] [Times: user=0.01 sys=0.00, real=0.01 secs] 
3003.121: [GC (Allocation Failure) [PSYoungGen: 54080K->1376K(54272K)] 379498K->326818K(728064K), 0.0021467 secs] [Times: user=0.01 sys=0.00, real=0.00 secs] 
3003.669: [GC (Allocation Failure) [PSYoungGen: 54112K->1392K(54272K)] 379554K->326834K(728064K), 0.0023853 secs] [Times: user=0.01 sys=0.00, real=0.00 secs] 
3005.063: [GC (Allocation Failure) [PSYoungGen: 54128K->1440K(54272K)] 379570K->326882K(728064K), 0.0037163 secs] [Times: user=0.01 sys=0.00, real=0.00 secs] 
3005.572: [GC (Allocation Failure) [PSYoungGen: 54176K->1408K(54272K)] 379618K->326850K(728064K), 0.0039142 secs] [Times: user=0.02 sys=0.00, real=0.00 secs] 
3006.031: [GC (Allocation Failure) [PSYoungGen: 54144K->1376K(54272K)] 379586K->326818K(728064K), 0.0030489 secs] [Times: user=0.02 sys=0.00, real=0.00 secs] 
3006.370: [GC (Allocation Failure) [PSYoungGen: 54112K->1344K(54272K)] 379554K->326786K(728064K), 0.0018914 secs] [Times: user=0.00 sys=0.00, real=0.00 secs] 
3006.890: [GC (Allocation Failure) [PSYoungGen: 54080K->1344K(54272K)] 379522K->326786K(728064K), 0.0020683 secs] [Times: user=0.01 sys=0.00, real=0.00 secs] 
3008.040: [GC (Allocation Failure) [PSYoungGen: 54080K->928K(54272K)] 379522K->327394K(728064K), 0.0017265 secs] [Times: user=0.01 sys=0.00, real=0.00 secs] 
3008.925: [GC (Allocation Failure) [PSYoungGen: 53664K->320K(54272K)] 380130K->326786K(728064K), 0.0026083 secs] [Times: user=0.01 sys=0.00, real=0.00 secs] 
3009.574: [GC (Allocation Failure) [PSYoungGen: 53056K->320K(54784K)] 379522K->326786K(728576K), 0.0026143 secs] [Times: user=0.01 sys=0.01, real=0.00 secs] 
3009.992: [GC (Allocation Failure) [PSYoungGen: 53056K->352K(54784K)] 379522K->326818K(728576K), 0.0020017 secs] [Times: user=0.01 sys=0.00, real=0.00 secs] 
3010.449: [GC (Allocation Failure) [PSYoungGen: 53088K->288K(54784K)] 379554K->326754K(728576K), 0.0020503 secs] [Times: user=0.01 sys=0.00, real=0.01 secs] 
3011.003: [GC (Allocation Failure) [PSYoungGen: 53024K->336K(54784K)] 379490K->326802K(728576K), 0.0020955 secs] [Times: user=0.01 sys=0.00, real=0.00 secs] 
3012.034: [GC (Allocation Failure) [PSYoungGen: 53072K->1408K(54784K)] 379538K->327874K(728576K), 0.0016728 secs] [Times: user=0.01 sys=0.00, real=0.00 secs] 
3012.252: [GC (Allocation Failure) [PSYoungGen: 54144K->1408K(54784K)] 380610K->327874K(728576K), 0.0016925 secs] [Times: user=0.01 sys=0.00, real=0.00 secs] 
3012.527: [GC (Allocation Failure) [PSYoungGen: 54144K->1376K(55296K)] 380610K->327842K(729088K), 0.0018242 secs] [Times: user=0.00 sys=0.01, real=0.01 secs] 
3012.746: [GC (Allocation Failure) [PSYoungGen: 54112K->1408K(55296K)] 380578K->327890K(729088K), 0.0016848 secs] [Times: user=0.00 sys=0.00, real=0.00 secs] 
3012.995: [GC (Allocation Failure) [PSYoungGen: 54144K->1376K(55296K)] 380626K->327866K(729088K), 0.0018151 secs] [Times: user=0.01 sys=0.00, real=0.00 secs] 
3013.984: [GC (Allocation Failure) [PSYoungGen: 54112K->1440K(55296K)] 380602K->327930K(729088K), 0.0019283 secs] [Times: user=0.00 sys=0.00, real=0.00 secs] 
3014.344: [GC (Allocation Failure) [PSYoungGen: 54176K->1408K(55296K)] 380666K->327898K(729088K), 0.0019910 secs] [Times: user=0.00 sys=0.00, real=0.00 secs] 
3014.866: [GC (Allocation Failure) [PSYoungGen: 54144K->1344K(55296K)] 380634K->327834K(729088K), 0.0021617 secs] [Times: user=0.01 sys=0.00, real=0.00 secs] 
3015.323: [GC (Allocation Failure) [PSYoungGen: 54080K->1376K(55296K)] 380570K->327866K(729088K), 0.0023125 secs] [Times: user=0.01 sys=0.00, real=0.00 secs] 
3015.915: [GC (Allocation Failure) [PSYoungGen: 54112K->1376K(55296K)] 380602K->327874K(729088K), 0.0026747 secs] [Times: user=0.01 sys=0.01, real=0.00 secs] 
3017.209: [GC (Allocation Failure) [PSYoungGen: 54112K->1920K(55296K)] 380610K->328418K(729088K), 0.0017362 secs] [Times: user=0.00 sys=0.00, real=0.00 secs] 
3017.676: [GC (Allocation Failure) [PSYoungGen: 54656K->1376K(55296K)] 381154K->327882K(729088K), 0.0017443 secs] [Times: user=0.00 sys=0.00, real=0.00 secs] 
3018.061: [GC (Allocation Failure) [PSYoungGen: 54112K->1376K(55296K)] 380618K->327882K(729088K), 0.0024676 secs] [Times: user=0.01 sys=0.00, real=0.00 secs] 
3018.309: [GC (Allocation Failure) [PSYoungGen: 54112K->1376K(55296K)] 380618K->327882K(729088K), 0.0023787 secs] [Times: user=0.01 sys=0.00, real=0.00 secs] 
3018.575: [GC (Allocation Failure) [PSYoungGen: 54112K->1408K(54272K)] 380618K->327914K(728064K), 0.0021442 secs] [Times: user=0.01 sys=0.00, real=0.00 secs] 
3018.903: [GC (Allocation Failure) [PSYoungGen: 54144K->1376K(54784K)] 380650K->327890K(728576K), 0.0018597 secs] [Times: user=0.01 sys=0.00, real=0.00 secs] 
3019.966: [GC (Allocation Failure) [PSYoungGen: 54112K->1408K(54784K)] 380626K->327922K(728576K), 0.0022481 secs] [Times: user=0.01 sys=0.01, real=0.00 secs] 
3020.262: [GC (Allocation Failure) [PSYoungGen: 54144K->1408K(54784K)] 380658K->327922K(728576K), 0.0025953 secs] [Times: user=0.01 sys=0.00, real=0.00 secs] 
3020.677: [GC (Allocation Failure) [PSYoungGen: 54144K->1360K(54784K)] 380658K->327874K(728576K), 0.0023835 secs] [Times: user=0.01 sys=0.00, real=0.01 secs] 
3021.125: [GC (Allocation Failure) [PSYoungGen: 54096K->1408K(54784K)] 380610K->327922K(728576K), 0.0026859 secs] [Times: user=0.01 sys=0.00, real=0.00 secs] 
3021.509: [GC (Allocation Failure) [PSYoungGen: 54144K->1408K(54784K)] 380658K->327930K(728576K), 0.0021705 secs] [Times: user=0.00 sys=0.00, real=0.00 secs] 
3022.667: [GC (Allocation Failure) [PSYoungGen: 54144K->1360K(54784K)] 380666K->327882K(728576K), 0.0016928 secs] [Times: user=0.01 sys=0.00, real=0.00 secs] 
3023.146: [GC (Allocation Failure) [PSYoungGen: 54096K->1328K(54784K)] 380618K->327850K(728576K), 0.0026255 secs] [Times: user=0.01 sys=0.00, real=0.01 secs] 
3023.615: [GC (Allocation Failure) [PSYoungGen: 54064K->1344K(54784K)] 380586K->327866K(728576K), 0.0030526 secs] [Times: user=0.01 sys=0.00, real=0.00 secs] 
3024.052: [GC (Allocation Failure) [PSYoungGen: 54080K->1344K(54784K)] 380602K->327874K(728576K), 0.0027583 secs] [Times: user=0.01 sys=0.00, real=0.00 secs] 
3024.362: [GC (Allocation Failure) [PSYoungGen: 54080K->1344K(54784K)] 380610K->327874K(728576K), 0.0020394 secs] [Times: user=0.01 sys=0.00, real=0.00 secs] 
3025.805: [GC (Allocation Failure) [PSYoungGen: 54080K->448K(54784K)] 380610K->326986K(728576K), 0.0032169 secs] [Times: user=0.01 sys=0.00, real=0.00 secs] 
3026.538: [GC (Allocation Failure) [PSYoungGen: 53184K->2047K(54784K)] 379722K->329724K(728576K), 0.0029478 secs] [Times: user=0.01 sys=0.00, real=0.01 secs] 
3027.901: [GC (Allocation Failure) [PSYoungGen: 54783K->2528K(53248K)] 382460K->335071K(727040K), 0.0103700 secs] [Times: user=0.03 sys=0.03, real=0.01 secs] 
3033.743: [GC (Allocation Failure) [PSYoungGen: 53216K->4576K(55296K)] 385759K->353703K(729088K), 0.0330147 secs] [Times: user=0.16 sys=0.01, real=0.03 secs] 
3042.517: [GC (Allocation Failure) [PSYoungGen: 55264K->11744K(51200K)] 404391K->386295K(724992K), 0.0399608 secs] [Times: user=0.20 sys=0.02, real=0.04 secs] 
3042.671: [GC (Allocation Failure) [PSYoungGen: 51168K->23008K(62464K)] 425719K->420287K(736256K), 0.0211112 secs] [Times: user=0.11 sys=0.01, real=0.02 secs] 
3042.750: [GC (Allocation Failure) [PSYoungGen: 62432K->35808K(72192K)] 459711K->442439K(745984K), 0.0147390 secs] [Times: user=0.07 sys=0.01, real=0.01 secs] 
3042.814: [GC (Allocation Failure) [PSYoungGen: 72160K->46048K(82432K)] 478791K->471263K(756224K), 0.0170353 secs] [Times: user=0.09 sys=0.01, real=0.02 secs] 
3042.886: [GC (Allocation Failure) [PSYoungGen: 82400K->61408K(89088K)] 507615K->499943K(762880K), 0.0277117 secs] [Times: user=0.12 sys=0.05, real=0.03 secs] 
3042.953: [GC (Allocation Failure) [PSYoungGen: 89056K->71296K(105472K)] 543975K->528253K(779264K), 0.0957010 secs] [Times: user=0.57 sys=0.00, real=0.10 secs] 
3043.086: [GC (Allocation Failure) [PSYoungGen: 98944K->89600K(105472K)] 555901K->549497K(779264K), 0.1349912 secs] [Times: user=0.79 sys=0.01, real=0.14 secs] 
3043.243: [GC (Allocation Failure) [PSYoungGen: 105472K->102304K(122880K)] 565369K->562225K(796672K), 0.1426698 secs] [Times: user=0.86 sys=0.00, real=0.14 secs] 
3043.407: [GC (Allocation Failure) [PSYoungGen: 118176K->67392K(142848K)] 578097K->575129K(816640K), 0.1738502 secs] [Times: user=1.03 sys=0.02, real=0.18 secs] 
3044.582: [GC (Allocation Failure) [PSYoungGen: 85824K->25688K(44544K)] 593561K->575514K(718336K), 0.1102712 secs] [Times: user=0.57 sys=0.09, real=0.11 secs] 
3044.732: [GC (Allocation Failure) [PSYoungGen: 44120K->192K(142336K)] 593946K->575581K(816128K), 0.0343112 secs] [Times: user=0.15 sys=0.05, real=0.03 secs] 
3044.815: [GC (Allocation Failure) [PSYoungGen: 22720K->96K(142848K)] 598109K->575581K(816640K), 0.0029185 secs] [Times: user=0.01 sys=0.00, real=0.00 secs] 
3044.925: [GC (Allocation Failure) [PSYoungGen: 22624K->1280K(140800K)] 598109K->576773K(814592K), 0.0022722 secs] [Times: user=0.01 sys=0.00, real=0.00 secs] 
3044.970: [GC (Allocation Failure) [PSYoungGen: 28416K->4320K(143360K)] 603909K->580965K(817152K), 0.0037772 secs] [Times: user=0.02 sys=0.00, real=0.00 secs] 
3045.022: [GC (Allocation Failure) [PSYoungGen: 31456K->14464K(133632K)] 608101K->595014K(807424K), 0.0111522 secs] [Times: user=0.04 sys=0.02, real=0.01 secs] 
3045.297: [GC (Allocation Failure) [PSYoungGen: 47232K->22624K(55808K)] 627782K->616538K(729600K), 0.0177581 secs] [Times: user=0.10 sys=0.00, real=0.02 secs] 
3045.418: [GC (Allocation Failure) [PSYoungGen: 55392K->23072K(125440K)] 649306K->637486K(799232K), 0.0279390 secs] [Times: user=0.12 sys=0.05, real=0.03 secs] 
3045.547: [GC (Allocation Failure) [PSYoungGen: 62496K->31008K(132096K)] 676910K->672558K(805888K), 0.0343645 secs] [Times: user=0.16 sys=0.04, real=0.04 secs] 
3045.581: [Full GC (Ergonomics) [PSYoungGen: 31008K->0K(132096K)] [ParOldGen: 641550K->107491K(535552K)] 672558K->107491K(667648K), [Metaspace: 60097K->60005K(1105920K)], 0.2809288 secs] [Times: user=1.27 sys=0.01, real=0.28 secs] 
3045.903: [GC (Allocation Failure) [PSYoungGen: 39424K->38432K(131584K)] 146915K->145923K(667136K), 0.0083555 secs] [Times: user=0.05 sys=0.00, real=0.01 secs] 
3045.973: [GC (Allocation Failure) [PSYoungGen: 86048K->38208K(133632K)] 193539K->175899K(669184K), 0.0225648 secs] [Times: user=0.13 sys=0.00, real=0.02 secs] 
3047.159: [GC (Allocation Failure) [PSYoungGen: 78628K->27296K(131072K)] 216320K->203291K(666624K), 0.0855913 secs] [Times: user=0.51 sys=0.00, real=0.09 secs] 
3049.773: [GC (Allocation Failure) [PSYoungGen: 84640K->37184K(136192K)] 260635K->240427K(671744K), 0.0350440 secs] [Times: user=0.21 sys=0.00, real=0.03 secs] 
3051.934: [GC (Allocation Failure) [PSYoungGen: 94528K->27552K(137216K)] 297771K->267955K(672768K), 0.0315768 secs] [Times: user=0.16 sys=0.00, real=0.03 secs] 
3052.107: [GC (Allocation Failure) [PSYoungGen: 96160K->2368K(141312K)] 336563K->270371K(676864K), 0.0443124 secs] [Times: user=0.26 sys=0.00, real=0.05 secs] 
3052.225: [GC (Allocation Failure) [PSYoungGen: 70976K->36448K(152576K)] 338979K->306673K(688128K), 0.0082846 secs] [Times: user=0.05 sys=0.00, real=0.01 secs] 
3052.339: [GC (Allocation Failure) [PSYoungGen: 118157K->59040K(153600K)] 388383K->361313K(689152K), 0.0284283 secs] [Times: user=0.17 sys=0.01, real=0.02 secs] 
3052.610: [GC (Allocation Failure) [PSYoungGen: 140960K->62784K(169472K)] 443233K->419377K(705024K), 0.0425595 secs] [Times: user=0.22 sys=0.04, real=0.04 secs] 
3052.786: [GC (Allocation Failure) [PSYoungGen: 153408K->71296K(176640K)] 510001K->482473K(712192K), 0.0335789 secs] [Times: user=0.20 sys=0.00, real=0.04 secs] 
3053.796: [GC (Allocation Failure) [PSYoungGen: 161920K->25088K(196096K)] 573097K->507609K(731648K), 0.0371535 secs] [Times: user=0.22 sys=0.00, real=0.04 secs] 
3053.833: [Full GC (Ergonomics) [PSYoungGen: 25088K->0K(196096K)] [ParOldGen: 482521K->252569K(745472K)] 507609K->252569K(941568K), [Metaspace: 60009K->60009K(1105920K)], 0.5830284 secs] [Times: user=2.49 sys=0.00, real=0.58 secs] 
3056.125: [GC (Allocation Failure) [PSYoungGen: 108544K->29120K(199680K)] 361113K->281689K(945152K), 0.0199637 secs] [Times: user=0.10 sys=0.00, real=0.02 secs] 
3058.388: [GC (Allocation Failure) [PSYoungGen: 137664K->77248K(203776K)] 390233K->353699K(949248K), 0.0373338 secs] [Times: user=0.19 sys=0.03, real=0.04 secs] 
3058.560: [GC (Allocation Failure) [PSYoungGen: 182509K->82304K(214016K)] 458960K->435955K(959488K), 0.0469181 secs] [Times: user=0.27 sys=0.00, real=0.04 secs] 
3059.679: [GC (Allocation Failure) [PSYoungGen: 199040K->64352K(242688K)] 552691K->500355K(988160K), 0.0560126 secs] [Times: user=0.33 sys=0.00, real=0.05 secs] 
3059.996: [GC (Allocation Failure) [PSYoungGen: 200032K->34240K(244224K)] 636035K->534659K(989696K), 0.0322732 secs] [Times: user=0.18 sys=0.01, real=0.03 secs] 
3060.380: [GC (Allocation Failure) [PSYoungGen: 169920K->104416K(235520K)] 670339K->637036K(980992K), 0.0326210 secs] [Times: user=0.17 sys=0.02, real=0.03 secs] 
3060.566: [GC (Allocation Failure) [PSYoungGen: 235488K->105856K(263168K)] 768108K->725308K(1008640K), 0.0521473 secs] [Times: user=0.29 sys=0.02, real=0.05 secs] 
3062.408: [GC (Allocation Failure) [PSYoungGen: 236928K->19744K(294400K)] 856380K->745208K(1039872K), 0.1344995 secs] [Times: user=0.67 sys=0.11, real=0.14 secs] 
3062.542: [Full GC (Ergonomics) [PSYoungGen: 19744K->0K(294400K)] [ParOldGen: 725464K->22634K(581632K)] 745208K->22634K(876032K), [Metaspace: 60015K->60015K(1105920K)], 0.0597856 secs] [Times: user=0.14 sys=0.01, real=0.06 secs] 
3065.729: [GC (Allocation Failure) [PSYoungGen: 154112K->95520K(295936K)] 176746K->118154K(877568K), 0.0282556 secs] [Times: user=0.16 sys=0.00, real=0.03 secs] 
3066.025: [GC (Allocation Failure) [PSYoungGen: 249632K->140000K(307712K)] 272266K->249086K(889344K), 0.0629884 secs] [Times: user=0.30 sys=0.08, real=0.06 secs] 
3067.047: [GC (Allocation Failure) [PSYoungGen: 299744K->39808K(328704K)] 408830K->272566K(910336K), 0.0541888 secs] [Times: user=0.32 sys=0.01, real=0.06 secs] 
3067.721: [GC (Allocation Failure) [PSYoungGen: 199552K->108384K(345088K)] 432310K->378539K(926720K), 0.0467983 secs] [Times: user=0.28 sys=0.00, real=0.04 secs] 
3070.779: [GC (Allocation Failure) [PSYoungGen: 286785K->163808K(351232K)] 556941K->533723K(932864K), 0.0677024 secs] [Times: user=0.41 sys=0.00, real=0.06 secs] 
3074.363: [GC (Allocation Failure) [PSYoungGen: 345056K->46656K(391680K)] 714971K->543291K(973312K), 0.1338092 secs] [Times: user=0.80 sys=0.00, real=0.13 secs] 
3074.497: [Full GC (Ergonomics) [PSYoungGen: 46656K->0K(391680K)] [ParOldGen: 496635K->63323K(690176K)] 543291K->63323K(1081856K), [Metaspace: 60022K->60022K(1105920K)], 0.1728415 secs] [Times: user=0.82 sys=0.00, real=0.18 secs] 
3074.900: [GC (Allocation Failure) [PSYoungGen: 209920K->152416K(398848K)] 273243K->215739K(1089024K), 0.0313007 secs] [Times: user=0.19 sys=0.00, real=0.03 secs] 
3078.788: [GC (Allocation Failure) [PSYoungGen: 362335K->65600K(430080K)] 425659K->281535K(1120256K), 0.1648005 secs] [Times: user=0.85 sys=0.14, real=0.17 secs] 
3080.532: [GC (Allocation Failure) [PSYoungGen: 292799K->163808K(439808K)] 508735K->442544K(1129984K), 0.0441362 secs] [Times: user=0.26 sys=0.00, real=0.04 secs] 
3082.323: [GC (Allocation Failure) [PSYoungGen: 407008K->97248K(487424K)] 685744K->531336K(1177600K), 0.1558327 secs] [Times: user=0.84 sys=0.09, real=0.15 secs] 
3084.493: [GC (Allocation Failure) [PSYoungGen: 374752K->199040K(476672K)] 808840K->726429K(1166848K), 0.0837394 secs] [Times: user=0.50 sys=0.01, real=0.08 secs] 
3084.577: [Full GC (Ergonomics) [PSYoungGen: 199040K->0K(476672K)] [ParOldGen: 527389K->243535K(941056K)] 726429K->243535K(1417728K), [Metaspace: 60026K->60026K(1105920K)], 0.5784753 secs] [Times: user=2.73 sys=0.00, real=0.58 secs] 
3088.126: [GC (Allocation Failure) [PSYoungGen: 277504K->110432K(471552K)] 521039K->353967K(1412608K), 0.0318338 secs] [Times: user=0.18 sys=0.00, real=0.03 secs] 
3089.357: [GC (Allocation Failure) [PSYoungGen: 359776K->148064K(397824K)] 603311K->491572K(1338880K), 0.0634212 secs] [Times: user=0.37 sys=0.00, real=0.07 secs] 
3090.682: [GC (Allocation Failure) [PSYoungGen: 397408K->131360K(472576K)] 740916K->623012K(1413632K), 0.1129186 secs] [Times: user=0.66 sys=0.02, real=0.11 secs] 
3092.967: [GC (Allocation Failure) [PSYoungGen: 374560K->2432K(245760K)] 866212K->494124K(1186816K), 0.0028678 secs] [Times: user=0.01 sys=0.00, real=0.01 secs] 
3096.279: [GC (Allocation Failure) [PSYoungGen: 245632K->147296K(465920K)] 737324K->639881K(1406976K), 0.0312135 secs] [Times: user=0.18 sys=0.00, real=0.03 secs] 
3097.439: [GC (Allocation Failure) [PSYoungGen: 380256K->5952K(465920K)] 872841K->499025K(1406976K), 0.0036622 secs] [Times: user=0.02 sys=0.00, real=0.01 secs] 
3098.159: [GC (Allocation Failure) [PSYoungGen: 238912K->162400K(465920K)] 731985K->660354K(1406976K), 0.0594085 secs] [Times: user=0.33 sys=0.01, real=0.06 secs] 
3100.587: [GC (Allocation Failure) [PSYoungGen: 395360K->88416K(465920K)] 893314K->740738K(1406976K), 0.1303551 secs] [Times: user=0.62 sys=0.17, real=0.13 secs] 
3102.504: [GC (Allocation Failure) [PSYoungGen: 321376K->163776K(465920K)] 973698K->902311K(1406976K), 0.0648851 secs] [Times: user=0.28 sys=0.10, real=0.06 secs] 
3102.569: [Full GC (Ergonomics) [PSYoungGen: 163776K->0K(465920K)] [ParOldGen: 738535K->186726K(952320K)] 902311K->186726K(1418240K), [Metaspace: 60044K->60044K(1105920K)], 0.4302403 secs] [Times: user=2.01 sys=0.00, real=0.43 secs] 
3104.272: [GC (Allocation Failure) [PSYoungGen: 232960K->93216K(465920K)] 419686K->279942K(1418240K), 0.0430321 secs] [Times: user=0.26 sys=0.00, real=0.04 secs] 
3105.426: [GC (Allocation Failure) [PSYoungGen: 326176K->166944K(465920K)] 512902K->443723K(1418240K), 0.0507986 secs] [Times: user=0.30 sys=0.00, real=0.05 secs] 
3107.567: [GC (Allocation Failure) [PSYoungGen: 399904K->89440K(465920K)] 676683K->524955K(1418240K), 0.1703919 secs] [Times: user=1.02 sys=0.00, real=0.17 secs] 
3108.304: [GC (Allocation Failure) [PSYoungGen: 312536K->162496K(465920K)] 748052K->685113K(1418240K), 0.0485098 secs] [Times: user=0.28 sys=0.00, real=0.05 secs] 
3110.938: [GC (Allocation Failure) [PSYoungGen: 395456K->91072K(465920K)] 918073K->767713K(1418240K), 0.1724712 secs] [Times: user=1.03 sys=0.00, real=0.18 secs] 
3112.600: [GC (Allocation Failure) [PSYoungGen: 316050K->159104K(465920K)] 992692K->923482K(1418240K), 0.0544337 secs] [Times: user=0.26 sys=0.06, real=0.05 secs] 
3112.655: [Full GC (Ergonomics) [PSYoungGen: 159104K->0K(465920K)] [ParOldGen: 764378K->198532K(1020416K)] 923482K->198532K(1486336K), [Metaspace: 60059K->60059K(1105920K)], 0.4684870 secs] [Times: user=2.18 sys=0.00, real=0.47 secs] 
3115.726: [GC (Allocation Failure) [PSYoungGen: 232960K->85120K(465920K)] 431492K->283652K(1486336K), 0.0742501 secs] [Times: user=0.44 sys=0.00, real=0.08 secs] 
3116.483: [GC (Allocation Failure) [PSYoungGen: 307491K->163680K(465920K)] 506024K->445161K(1486336K), 0.0554597 secs] [Times: user=0.33 sys=0.00, real=0.05 secs] 
3118.998: [GC (Allocation Failure) [PSYoungGen: 396640K->88192K(321536K)] 678121K->525281K(1341952K), 0.1143791 secs] [Times: user=0.68 sys=0.00, real=0.12 secs] 
3121.048: [GC (Allocation Failure) [PSYoungGen: 318657K->161664K(464896K)] 755747K->684550K(1485312K), 0.1214360 secs] [Times: user=0.72 sys=0.00, real=0.13 secs] 
3123.529: [GC (Allocation Failure) [PSYoungGen: 394112K->88416K(321024K)] 916998K->764478K(1341440K), 0.1561504 secs] [Times: user=0.90 sys=0.01, real=0.15 secs] 
3124.344: [GC (Allocation Failure) [PSYoungGen: 317826K->162272K(463360K)] 993889K->923891K(1483776K), 0.0476356 secs] [Times: user=0.28 sys=0.00, real=0.05 secs] 
3126.452: [GC (Allocation Failure) [PSYoungGen: 394208K->92256K(464896K)] 1155827K->1007339K(1485312K), 0.1766672 secs] [Times: user=0.92 sys=0.11, real=0.17 secs] 
3126.628: [Full GC (Ergonomics) [PSYoungGen: 92256K->0K(464896K)] [ParOldGen: 915083K->44692K(907264K)] 1007339K->44692K(1372160K), [Metaspace: 60084K->60084K(1105920K)], 0.1208823 secs] [Times: user=0.49 sys=0.01, real=0.13 secs] 
3128.087: [GC (Allocation Failure) [PSYoungGen: 223722K->158272K(462336K)] 268415K->202964K(1369600K), 0.0725598 secs] [Times: user=0.42 sys=0.01, real=0.08 secs] 
3130.662: [GC (Allocation Failure) [PSYoungGen: 390208K->87168K(319488K)] 434900K->281692K(1226752K), 0.1376417 secs] [Times: user=0.81 sys=0.01, real=0.14 secs] 
3131.898: [GC (Allocation Failure) [PSYoungGen: 312839K->163040K(460288K)] 507364K->441561K(1367552K), 0.0468777 secs] [Times: user=0.27 sys=0.00, real=0.05 secs] 
3133.183: [GC (Allocation Failure) [PSYoungGen: 394464K->90880K(464384K)] 672985K->523809K(1371648K), 0.0762281 secs] [Times: user=0.45 sys=0.00, real=0.08 secs] 
3134.469: [GC (Allocation Failure) [PSYoungGen: 313483K->159232K(462336K)] 746413K->680014K(1369600K), 0.1215681 secs] [Times: user=0.72 sys=0.00, real=0.13 secs] 
3136.793: [GC (Allocation Failure) [PSYoungGen: 392704K->91776K(325632K)] 913486K->763502K(1232896K), 0.1029240 secs] [Times: user=0.61 sys=0.01, real=0.10 secs] 
3137.553: [GC (Allocation Failure) [PSYoungGen: 325248K->170048K(458240K)] 996974K->929499K(1365504K), 0.0499806 secs] [Times: user=0.30 sys=0.00, real=0.05 secs] 
3137.603: [Full GC (Ergonomics) [PSYoungGen: 170048K->0K(458240K)] [ParOldGen: 759451K->209388K(1112576K)] 929499K->209388K(1570816K), [Metaspace: 60087K->60087K(1105920K)], 0.4782025 secs] [Times: user=2.24 sys=0.00, real=0.48 secs] 
3140.769: [GC (Allocation Failure) [PSYoungGen: 231424K->79456K(464384K)] 440812K->288852K(1576960K), 0.1686500 secs] [Times: user=1.01 sys=0.01, real=0.16 secs] 
3141.383: [GC (Allocation Failure) [PSYoungGen: 310880K->170240K(464384K)] 520276K->455321K(1576960K), 0.0518515 secs] [Times: user=0.31 sys=0.01, real=0.05 secs] 
3144.047: [GC (Allocation Failure) [PSYoungGen: 403200K->79232K(465920K)] 688281K->534593K(1578496K), 0.1797662 secs] [Times: user=1.07 sys=0.00, real=0.18 secs] 
3145.220: [GC (Allocation Failure) [PSYoungGen: 312192K->167104K(465920K)] 767553K->698178K(1578496K), 0.0935850 secs] [Times: user=0.55 sys=0.00, real=0.09 secs] 
3148.507: [GC (Allocation Failure) [PSYoungGen: 400064K->81824K(465920K)] 931138K->780170K(1578496K), 0.1569781 secs] [Times: user=0.93 sys=0.00, real=0.16 secs] 
3149.776: [GC (Allocation Failure) [PSYoungGen: 314784K->163904K(465920K)] 1013130K->940275K(1578496K), 0.1497365 secs] [Times: user=0.88 sys=0.00, real=0.15 secs] 
3151.882: [GC (Allocation Failure) [PSYoungGen: 396864K->85632K(465920K)] 1173235K->1025611K(1578496K), 0.1517734 secs] [Times: user=0.87 sys=0.03, real=0.15 secs] 
3152.034: [Full GC (Ergonomics) [PSYoungGen: 85632K->0K(465920K)] [ParOldGen: 939979K->68255K(1025024K)] 1025611K->68255K(1490944K), [Metaspace: 60092K->60092K(1105920K)], 0.1664318 secs] [Times: user=0.76 sys=0.00, real=0.17 secs] 
3152.505: [GC (Allocation Failure) [PSYoungGen: 232960K->175456K(465920K)] 301215K->243711K(1490944K), 0.0408137 secs] [Times: user=0.24 sys=0.00, real=0.04 secs] 
3155.193: [GC (Allocation Failure) [PSYoungGen: 408416K->78272K(465920K)] 476671K->322155K(1490944K), 0.1153371 secs] [Times: user=0.69 sys=0.00, real=0.11 secs] 
3156.704: [GC (Allocation Failure) [PSYoungGen: 311232K->170880K(465920K)] 555115K->486864K(1490944K), 0.1373064 secs] [Times: user=0.82 sys=0.00, real=0.14 secs] 
3158.692: [GC (Allocation Failure) [PSYoungGen: 403840K->80608K(465920K)] 719824K->567316K(1490944K), 0.1071421 secs] [Times: user=0.63 sys=0.00, real=0.11 secs] 
3159.066: [GC (Allocation Failure) [PSYoungGen: 313568K->175104K(465920K)] 800276K->735591K(1490944K), 0.0562765 secs] [Times: user=0.33 sys=0.00, real=0.06 secs] 
3161.605: [GC (Allocation Failure) [PSYoungGen: 408064K->81536K(465920K)] 968551K->816963K(1490944K), 0.1046091 secs] [Times: user=0.62 sys=0.00, real=0.11 secs] 
3163.379: [GC (Allocation Failure) [PSYoungGen: 312569K->201664K(465920K)] 1047997K->1012392K(1490944K), 0.0635914 secs] [Times: user=0.36 sys=0.02, real=0.07 secs] 
3163.442: [Full GC (Ergonomics) [PSYoungGen: 201664K->0K(465920K)] [ParOldGen: 810728K->256341K(1273856K)] 1012392K->256341K(1739776K), [Metaspace: 60098K->60098K(1105920K)], 0.5532294 secs] [Times: user=2.42 sys=0.00, real=0.55 secs] 
3166.725: [GC (Allocation Failure) [PSYoungGen: 232960K->80901K(465920K)] 489301K->337243K(1739776K), 0.0263879 secs] [Times: user=0.16 sys=0.00, real=0.03 secs] 
3167.514: [GC (Allocation Failure) [PSYoungGen: 313861K->210304K(465920K)] 570203K->541084K(1739776K), 0.0621328 secs] [Times: user=0.36 sys=0.00, real=0.06 secs] 
3169.177: [GC (Allocation Failure) [PSYoungGen: 443264K->94304K(465920K)] 774044K->594380K(1739776K), 0.0993828 secs] [Times: user=0.59 sys=0.00, real=0.10 secs] 
3171.254: [GC (Allocation Failure) [PSYoungGen: 327264K->154432K(465920K)] 827340K->738593K(1739776K), 0.0599144 secs] [Times: user=0.36 sys=0.00, real=0.06 secs] 
3173.107: [GC (Allocation Failure) [PSYoungGen: 383070K->92928K(465920K)] 967231K->830849K(1739776K), 0.0747173 secs] [Times: user=0.45 sys=0.00, real=0.08 secs] 
3174.305: [GC (Allocation Failure) [PSYoungGen: 325888K->151232K(465920K)] 1063809K->975802K(1739776K), 0.0605438 secs] [Times: user=0.36 sys=0.00, real=0.06 secs] 
3176.042: [GC (Allocation Failure) [PSYoungGen: 384192K->102496K(465920K)] 1208762K->1077978K(1739776K), 0.0799627 secs] [Times: user=0.46 sys=0.01, real=0.08 secs] 
3178.816: [GC (Allocation Failure) [PSYoungGen: 335456K->145984K(465920K)] 1310938K->1213017K(1739776K), 0.0787531 secs] [Times: user=0.38 sys=0.09, real=0.08 secs] 
3178.895: [Full GC (Ergonomics) [PSYoungGen: 145984K->0K(465920K)] [ParOldGen: 1067033K->253657K(1315328K)] 1213017K->253657K(1781248K), [Metaspace: 60104K->60104K(1105920K)], 0.5258494 secs] [Times: user=2.31 sys=0.00, real=0.53 secs] 
3180.696: [GC (Allocation Failure) [PSYoungGen: 232960K->106496K(465920K)] 486617K->360153K(1781248K), 0.0294949 secs] [Times: user=0.17 sys=0.00, real=0.03 secs] 
3181.948: [GC (Allocation Failure) [PSYoungGen: 339456K->142304K(456704K)] 593113K->491230K(1772032K), 0.0604538 secs] [Times: user=0.36 sys=0.00, real=0.06 secs] 
3183.628: [GC (Allocation Failure) [PSYoungGen: 375264K->115712K(461312K)] 724190K->607150K(1776640K), 0.0614706 secs] [Times: user=0.37 sys=0.00, real=0.07 secs] 
3185.661: [GC (Allocation Failure) [PSYoungGen: 348672K->132672K(459264K)] 840110K->728949K(1774592K), 0.0613394 secs] [Times: user=0.36 sys=0.00, real=0.06 secs] 
3186.930: [GC (Allocation Failure) [PSYoungGen: 382528K->148832K(463360K)] 978805K->877989K(1778688K), 0.0593747 secs] [Times: user=0.36 sys=0.00, real=0.06 secs] 
3188.676: [GC (Allocation Failure) [PSYoungGen: 398688K->8768K(461824K)] 1127845K->737957K(1777152K), 0.0071218 secs] [Times: user=0.04 sys=0.01, real=0.01 secs] 
3191.697: [GC (Allocation Failure) [PSYoungGen: 258112K->185408K(435200K)] 987301K->920978K(1750528K), 0.0350020 secs] [Times: user=0.21 sys=0.00, real=0.04 secs] 
3194.014: [GC (Allocation Failure) [PSYoungGen: 434752K->101952K(466944K)] 1170322K->996974K(1782272K), 0.1798774 secs] [Times: user=1.08 sys=0.00, real=0.18 secs] 
3194.758: [GC (Allocation Failure) [PSYoungGen: 335936K->168352K(465920K)] 1230958K->1161735K(1781248K), 0.0531417 secs] [Times: user=0.31 sys=0.00, real=0.06 secs] 
3197.180: [GC (Allocation Failure) [PSYoungGen: 402336K->85120K(465920K)] 1395719K->1246319K(1781248K), 0.1728105 secs] [Times: user=0.91 sys=0.13, real=0.17 secs] 
3197.352: [Full GC (Ergonomics) [PSYoungGen: 85120K->0K(465920K)] [ParOldGen: 1161199K->57591K(1181184K)] 1246319K->57591K(1647104K), [Metaspace: 60129K->60129K(1105920K)], 0.1441867 secs] [Times: user=0.66 sys=0.00, real=0.14 secs] 
3197.978: [GC (Allocation Failure) [PSYoungGen: 232960K->187840K(465920K)] 290551K->245431K(1647104K), 0.0363543 secs] [Times: user=0.22 sys=0.00, real=0.04 secs] 
3200.367: [GC (Allocation Failure) [PSYoungGen: 419885K->78176K(465920K)] 477476K->307259K(1647104K), 0.1581018 secs] [Times: user=0.94 sys=0.01, real=0.16 secs] 
3201.432: [GC (Allocation Failure) [PSYoungGen: 311136K->167296K(465920K)] 540219K->470880K(1647104K), 0.0849961 secs] [Times: user=0.51 sys=0.00, real=0.08 secs] 
3206.005: [GC (Allocation Failure) [PSYoungGen: 400256K->77792K(465920K)] 703840K->548672K(1647104K), 0.1564077 secs] [Times: user=0.88 sys=0.00, real=0.16 secs] 
3206.482: [GC (Allocation Failure) [PSYoungGen: 310752K->176544K(465920K)] 781632K->719273K(1647104K), 0.0550423 secs] [Times: user=0.33 sys=0.00, real=0.05 secs] 
3208.961: [GC (Allocation Failure) [PSYoungGen: 409504K->77312K(465920K)] 952233K->796729K(1647104K), 0.1329837 secs] [Times: user=0.79 sys=0.00, real=0.13 secs] 
3209.383: [GC (Allocation Failure) [PSYoungGen: 310272K->177536K(465920K)] 1029689K->968010K(1647104K), 0.0563025 secs] [Times: user=0.33 sys=0.00, real=0.06 secs] 
3211.836: [GC (Allocation Failure) [PSYoungGen: 410496K->73440K(465920K)] 1200970K->1041610K(1647104K), 0.1207665 secs] [Times: user=0.72 sys=0.00, real=0.12 secs] 
3211.957: [Full GC (Ergonomics) [PSYoungGen: 73440K->0K(465920K)] [ParOldGen: 968170K->83047K(1268224K)] 1041610K->83047K(1734144K), [Metaspace: 60142K->60142K(1105920K)], 0.1948481 secs] [Times: user=0.89 sys=0.00, real=0.20 secs] 
3212.418: [GC (Allocation Failure) [PSYoungGen: 232960K->177920K(465920K)] 316007K->260967K(1734144K), 0.0374205 secs] [Times: user=0.22 sys=0.01, real=0.04 secs] 
3214.291: [GC (Allocation Failure) [PSYoungGen: 410880K->83904K(465920K)] 493927K->345195K(1734144K), 0.0892313 secs] [Times: user=0.53 sys=0.00, real=0.09 secs] 
3216.458: [GC (Allocation Failure) [PSYoungGen: 314525K->198048K(465920K)] 575817K->536760K(1734144K), 0.0657583 secs] [Times: user=0.39 sys=0.00, real=0.07 secs] 
3217.449: [GC (Allocation Failure) [PSYoungGen: 430927K->92736K(465920K)] 769640K->592368K(1734144K), 0.0772201 secs] [Times: user=0.46 sys=0.00, real=0.08 secs] 
3220.129: [GC (Allocation Failure) [PSYoungGen: 325696K->151136K(465920K)] 825328K->737303K(1734144K), 0.0595084 secs] [Times: user=0.36 sys=0.00, real=0.06 secs] 
3221.518: [GC (Allocation Failure) [PSYoungGen: 379616K->92896K(465920K)] 965783K->830219K(1734144K), 0.0783969 secs] [Times: user=0.47 sys=0.00, real=0.08 secs] 
3223.801: [GC (Allocation Failure) [PSYoungGen: 325856K->150912K(465920K)] 1063179K->974754K(1734144K), 0.0599935 secs] [Times: user=0.36 sys=0.00, real=0.06 secs] 
3225.379: [GC (Allocation Failure) [PSYoungGen: 382505K->93760K(465920K)] 1206348K->1068691K(1734144K), 0.0782116 secs] [Times: user=0.46 sys=0.00, real=0.07 secs] 
3226.661: [GC (Allocation Failure) [PSYoungGen: 326720K->150880K(465920K)] 1301651K->1212439K(1734144K), 0.0604186 secs] [Times: user=0.36 sys=0.00, real=0.06 secs] 
3226.721: [Full GC (Ergonomics) [PSYoungGen: 150880K->0K(465920K)] [ParOldGen: 1061559K->253694K(1398272K)] 1212439K->253694K(1864192K), [Metaspace: 60148K->60148K(1105920K)], 0.5256806 secs] [Times: user=2.31 sys=0.00, real=0.52 secs] 
3227.675: [GC (Allocation Failure) [PSYoungGen: 232960K->106368K(463872K)] 486654K->360062K(1862144K), 0.0215528 secs] [Times: user=0.12 sys=0.00, real=0.02 secs] 
3229.782: [GC (Allocation Failure) [PSYoungGen: 339328K->142048K(375296K)] 593022K->491181K(1773568K), 0.0603386 secs] [Times: user=0.36 sys=0.00, real=0.06 secs] 
3230.969: [GC (Allocation Failure) [PSYoungGen: 375008K->118560K(471552K)] 724141K->609813K(1869824K), 0.0592173 secs] [Times: user=0.35 sys=0.00, real=0.06 secs] 
3232.606: [GC (Allocation Failure) [PSYoungGen: 362784K->129728K(463360K)] 854037K->729322K(1861632K), 0.0616049 secs] [Times: user=0.37 sys=0.00, real=0.06 secs] 
3235.648: [GC (Allocation Failure) [PSYoungGen: 373952K->141312K(466432K)] 973546K->870250K(1864704K), 0.0579130 secs] [Times: user=0.35 sys=0.00, real=0.06 secs] 
3237.058: [GC (Allocation Failure) [PSYoungGen: 396800K->9568K(463360K)] 1125738K->738538K(1861632K), 0.0040253 secs] [Times: user=0.02 sys=0.00, real=0.01 secs] 
3239.640: [GC (Allocation Failure) [PSYoungGen: 263991K->174816K(456192K)] 992961K->911327K(1854464K), 0.0356801 secs] [Times: user=0.21 sys=0.00, real=0.03 secs] 
3241.949: [GC (Allocation Failure) [PSYoungGen: 410848K->90368K(467456K)] 1147359K->993087K(1865728K), 0.1607308 secs] [Times: user=0.96 sys=0.00, real=0.17 secs] 
3243.215: [GC (Allocation Failure) [PSYoungGen: 312823K->160000K(463872K)] 1215543K->1149676K(1862144K), 0.0486955 secs] [Times: user=0.29 sys=0.00, real=0.05 secs] 
3245.732: [GC (Allocation Failure) [PSYoungGen: 398080K->94432K(332800K)] 1387756K->1235300K(1731072K), 0.1661687 secs] [Times: user=0.99 sys=0.00, real=0.16 secs] 
3247.005: [GC (Allocation Failure) [PSYoungGen: 332512K->169184K(458752K)] 1473380K->1400477K(1857024K), 0.0666057 secs] [Times: user=0.28 sys=0.11, real=0.07 secs] 
3247.072: [Full GC (Ergonomics) [PSYoungGen: 169184K->0K(458752K)] [ParOldGen: 1231293K->210892K(1398272K)] 1400477K->210892K(1857024K), [Metaspace: 60148K->60148K(1105920K)], 0.4796786 secs] [Times: user=2.24 sys=0.00, real=0.48 secs] 
3250.200: [GC (Allocation Failure) [PSYoungGen: 233984K->81568K(466432K)] 444876K->292460K(1864704K), 0.1362515 secs] [Times: user=0.81 sys=0.00, real=0.13 secs] 
3250.883: [GC (Allocation Failure) [PSYoungGen: 315552K->171616K(461824K)] 526444K->460081K(1860096K), 0.0530856 secs] [Times: user=0.32 sys=0.00, real=0.05 secs] 
3253.862: [GC (Allocation Failure) [PSYoungGen: 404576K->78560K(465920K)] 693041K->538729K(1864192K), 0.1594435 secs] [Times: user=0.95 sys=0.00, real=0.16 secs] 
3254.412: [GC (Allocation Failure) [PSYoungGen: 311520K->171520K(465920K)] 771689K->706650K(1864192K), 0.0537935 secs] [Times: user=0.32 sys=0.00, real=0.05 secs] 
3256.655: [GC (Allocation Failure) [PSYoungGen: 404480K->80896K(465920K)] 939610K->787746K(1864192K), 0.1433376 secs] [Times: user=0.86 sys=0.00, real=0.14 secs] 
3257.091: [GC (Allocation Failure) [PSYoungGen: 313856K->174272K(465920K)] 1020706K->955831K(1864192K), 0.0570931 secs] [Times: user=0.32 sys=0.00, real=0.05 secs] 
3260.051: [GC (Allocation Failure) [PSYoungGen: 407232K->79136K(465920K)] 1188791K->1034651K(1864192K), 0.1219034 secs] [Times: user=0.72 sys=0.00, real=0.12 secs] 
3260.494: [GC (Allocation Failure) [PSYoungGen: 312096K->174656K(465920K)] 1267611K->1203276K(1864192K), 0.0567499 secs] [Times: user=0.34 sys=0.00, real=0.06 secs] 
3263.502: [GC (Allocation Failure) [PSYoungGen: 407616K->76512K(465920K)] 1436236K->1279572K(1864192K), 0.1110415 secs] [Times: user=0.66 sys=0.00, real=0.11 secs] 
3263.613: [Full GC (Ergonomics) [PSYoungGen: 76512K->0K(465920K)] [ParOldGen: 1203060K->85844K(1398272K)] 1279572K->85844K(1864192K), [Metaspace: 60151K->60151K(1105920K)], 0.1946221 secs] [Times: user=0.88 sys=0.00, real=0.19 secs] 
3264.188: [GC (Allocation Failure) [PSYoungGen: 232960K->209248K(465920K)] 318804K->295092K(1864192K), 0.0383301 secs] [Times: user=0.22 sys=0.02, real=0.04 secs] 
3266.145: [GC (Allocation Failure) [PSYoungGen: 442208K->82016K(465920K)] 528052K->343612K(1864192K), 0.1041256 secs] [Times: user=0.62 sys=0.00, real=0.11 secs] 
3267.303: [GC (Allocation Failure) [PSYoungGen: 313155K->199488K(465920K)] 574752K->536965K(1864192K), 0.0695168 secs] [Times: user=0.41 sys=0.00, real=0.07 secs] 
3269.478: [GC (Allocation Failure) [PSYoungGen: 432448K->88384K(465920K)] 769925K->587901K(1864192K), 0.0900214 secs] [Times: user=0.53 sys=0.01, real=0.09 secs] 
3270.747: [GC (Allocation Failure) [PSYoungGen: 321344K->155808K(465920K)] 820861K->737313K(1864192K), 0.0603702 secs] [Times: user=0.36 sys=0.00, real=0.06 secs] 
3272.525: [GC (Allocation Failure) [PSYoungGen: 388768K->97824K(465920K)] 970273K->834945K(1864192K), 0.0843368 secs] [Times: user=0.50 sys=0.00, real=0.09 secs] 
3273.779: [GC (Allocation Failure) [PSYoungGen: 330784K->149952K(465920K)] 1067905K->974506K(1864192K), 0.0609534 secs] [Times: user=0.36 sys=0.00, real=0.06 secs] 
3275.622: [GC (Allocation Failure) [PSYoungGen: 382912K->107584K(465920K)] 1207466K->1082170K(1864192K), 0.0705232 secs] [Times: user=0.42 sys=0.00, real=0.07 secs] 
3276.836: [GC (Allocation Failure) [PSYoungGen: 340544K->140448K(465920K)] 1315130K->1212297K(1864192K), 0.0617589 secs] [Times: user=0.37 sys=0.00, real=0.06 secs] 
3279.474: [GC (Allocation Failure) [PSYoungGen: 373408K->116832K(350208K)] 1445257K->1328969K(1748480K), 0.0653762 secs] [Times: user=0.39 sys=0.00, real=0.07 secs] 
3279.540: [Full GC (Ergonomics) [PSYoungGen: 116832K->0K(350208K)] [ParOldGen: 1212137K->133880K(1398272K)] 1328969K->133880K(1748480K), [Metaspace: 60175K->60175K(1105920K)], 0.3020152 secs] [Times: user=1.38 sys=0.00, real=0.30 secs] 
3280.941: [GC (Allocation Failure) [PSYoungGen: 232960K->131584K(469504K)] 366840K->265464K(1867776K), 0.0483469 secs] [Times: user=0.28 sys=0.00, real=0.05 secs] 
3283.945: [GC (Allocation Failure) [PSYoungGen: 373248K->129344K(460800K)] 507128K->394248K(1859072K), 0.0663514 secs] [Times: user=0.39 sys=0.00, real=0.07 secs] 
3285.144: [GC (Allocation Failure) [PSYoungGen: 371008K->2848K(449024K)] 635912K->267824K(1847296K), 0.0020553 secs] [Times: user=0.01 sys=0.00, real=0.00 secs] 
3287.984: [GC (Allocation Failure) [PSYoungGen: 241440K->149536K(462336K)] 506416K->415749K(1860608K), 0.0293577 secs] [Times: user=0.17 sys=0.00, real=0.03 secs] 
3289.407: [GC (Allocation Failure) [PSYoungGen: 388128K->103840K(461312K)] 654341K->510661K(1859584K), 0.1185922 secs] [Times: user=0.70 sys=0.00, real=0.12 secs] 
3291.763: [GC (Allocation Failure) [PSYoungGen: 353696K->167328K(467456K)] 760517K->676322K(1865728K), 0.0544291 secs] [Times: user=0.32 sys=0.00, real=0.05 secs] 
3293.926: [GC (Allocation Failure) [PSYoungGen: 417184K->101824K(474624K)] 926178K->768890K(1872896K), 0.1503298 secs] [Times: user=0.90 sys=0.00, real=0.15 secs] 
3295.407: [GC (Allocation Failure) [PSYoungGen: 355776K->198400K(452608K)] 1022842K->963175K(1850880K), 0.0550291 secs] [Times: user=0.32 sys=0.00, real=0.06 secs] 
3298.821: [GC (Allocation Failure) [PSYoungGen: 452352K->92224K(465920K)] 1217127K->1038543K(1864192K), 0.1284715 secs] [Times: user=0.76 sys=0.00, real=0.13 secs] 
3299.284: [GC (Allocation Failure) [PSYoungGen: 325184K->174656K(465920K)] 1271503K->1207412K(1864192K), 0.0590264 secs] [Times: user=0.35 sys=0.00, real=0.06 secs] 
3301.590: [GC (Allocation Failure) [PSYoungGen: 407616K->80832K(465920K)] 1440372K->1288060K(1864192K), 0.1171368 secs] [Times: user=0.70 sys=0.00, real=0.11 secs] 
3301.707: [Full GC (Ergonomics) [PSYoungGen: 80832K->0K(465920K)] [ParOldGen: 1207228K->87075K(1398272K)] 1288060K->87075K(1864192K), [Metaspace: 60177K->60177K(1105920K)], 0.2000350 secs] [Times: user=0.91 sys=0.00, real=0.20 secs] 
3302.163: [GC (Allocation Failure) [PSYoungGen: 232960K->172576K(465920K)] 320035K->259651K(1864192K), 0.0365622 secs] [Times: user=0.22 sys=0.00, real=0.04 secs] 
3304.679: [GC (Allocation Failure) [PSYoungGen: 405536K->79552K(465920K)] 492611K->338691K(1864192K), 0.1039009 secs] [Times: user=0.61 sys=0.00, real=0.10 secs] 
3305.516: [GC (Allocation Failure) [PSYoungGen: 312512K->207936K(465920K)] 571651K->540217K(1864192K), 0.0595513 secs] [Times: user=0.34 sys=0.00, real=0.06 secs] 
3307.384: [GC (Allocation Failure) [PSYoungGen: 440896K->93120K(465920K)] 773177K->592073K(1864192K), 0.0894654 secs] [Times: user=0.53 sys=0.00, real=0.09 secs] 
3308.573: [GC (Allocation Failure) [PSYoungGen: 326080K->151584K(465920K)] 825033K->737165K(1864192K), 0.0600606 secs] [Times: user=0.35 sys=0.00, real=0.06 secs] 
3311.572: [GC (Allocation Failure) [PSYoungGen: 383153K->93216K(465920K)] 968735K->829617K(1864192K), 0.0797590 secs] [Times: user=0.47 sys=0.00, real=0.08 secs] 
3312.772: [GC (Allocation Failure) [PSYoungGen: 326176K->151616K(465920K)] 1062577K->974590K(1864192K), 0.0604679 secs] [Times: user=0.36 sys=0.00, real=0.06 secs] 
3314.701: [GC (Allocation Failure) [PSYoungGen: 384576K->99904K(465920K)] 1207550K->1074438K(1864192K), 0.0782476 secs] [Times: user=0.46 sys=0.01, real=0.08 secs] 
3315.910: [GC (Allocation Failure) [PSYoungGen: 332864K->148064K(465920K)] 1307398K->1212199K(1864192K), 0.0606460 secs] [Times: user=0.36 sys=0.00, real=0.06 secs] 
3318.132: [GC (Allocation Failure) [PSYoungGen: 381024K->106432K(453632K)] 1445159K->1318479K(1851904K), 0.0737613 secs] [Times: user=0.44 sys=0.00, real=0.07 secs] 
3318.206: [Full GC (Ergonomics) [PSYoungGen: 106432K->0K(453632K)] [ParOldGen: 1212047K->123592K(1398272K)] 1318479K->123592K(1851904K), [Metaspace: 60180K->60180K(1105920K)], 0.2747567 secs] [Times: user=1.25 sys=0.00, real=0.28 secs] 
3319.616: [GC (Allocation Failure) [PSYoungGen: 232960K->141728K(459776K)] 356552K->265320K(1858048K), 0.0509553 secs] [Times: user=0.30 sys=0.00, real=0.05 secs] 
3321.450: [GC (Allocation Failure) [PSYoungGen: 374688K->115776K(456192K)] 498280K->381416K(1854464K), 0.0738998 secs] [Times: user=0.44 sys=0.00, real=0.07 secs] 
3322.707: [GC (Allocation Failure) [PSYoungGen: 365632K->2016K(464896K)] 631272K->267748K(1863168K), 0.0019707 secs] [Times: user=0.01 sys=0.00, real=0.00 secs] 
3324.415: [GC (Allocation Failure) [PSYoungGen: 251872K->161536K(460288K)] 517604K->427892K(1858560K), 0.0301879 secs] [Times: user=0.18 sys=0.01, real=0.03 secs] 
3327.005: [GC (Allocation Failure) [PSYoungGen: 394496K->4768K(465920K)] 660852K->271260K(1864192K), 0.0031387 secs] [Times: user=0.01 sys=0.00, real=0.00 secs] 
3327.788: [GC (Allocation Failure) [PSYoungGen: 237728K->163392K(465920K)] 504220K->433758K(1864192K), 0.0441338 secs] [Times: user=0.26 sys=0.00, real=0.05 secs] 
3329.802: [GC (Allocation Failure) [PSYoungGen: 396352K->93248K(465920K)] 666718K->518878K(1864192K), 0.1301172 secs] [Times: user=0.78 sys=0.01, real=0.13 secs] 
3331.389: [GC (Allocation Failure) [PSYoungGen: 326208K->160160K(465920K)] 751838K->676635K(1864192K), 0.0502526 secs] [Times: user=0.29 sys=0.01, real=0.05 secs] 
3332.744: [GC (Allocation Failure) [PSYoungGen: 393120K->91552K(465920K)] 909595K->759251K(1864192K), 0.0761952 secs] [Times: user=0.46 sys=0.00, real=0.08 secs] 
3334.254: [GC (Allocation Failure) [PSYoungGen: 324512K->166496K(465920K)] 992211K->922808K(1864192K), 0.0498711 secs] [Times: user=0.30 sys=0.00, real=0.05 secs] 
3336.429: [GC (Allocation Failure) [PSYoungGen: 399456K->92032K(465920K)] 1155768K->1005736K(1864192K), 0.1544817 secs] [Times: user=0.92 sys=0.00, real=0.16 secs] 
3337.975: [GC (Allocation Failure) [PSYoungGen: 320813K->163008K(465920K)] 1234517K->1165713K(1864192K), 0.0498692 secs] [Times: user=0.30 sys=0.00, real=0.05 secs] 
3340.279: [GC (Allocation Failure) [PSYoungGen: 395968K->88992K(465920K)] 1398673K->1245761K(1864192K), 0.1406154 secs] [Times: user=0.84 sys=0.00, real=0.14 secs] 
3340.420: [Full GC (Ergonomics) [PSYoungGen: 88992K->0K(465920K)] [ParOldGen: 1156769K->39538K(1398272K)] 1245761K->39538K(1864192K), [Metaspace: 60181K->60181K(1105920K)], 0.1502785 secs] [Times: user=0.66 sys=0.00, real=0.15 secs] 
3341.040: [GC (Allocation Failure) [PSYoungGen: 216834K->160064K(465920K)] 256372K->199602K(1864192K), 0.0306743 secs] [Times: user=0.18 sys=0.00, real=0.03 secs] 
3343.723: [GC (Allocation Failure) [PSYoungGen: 393024K->87136K(320512K)] 432562K->278490K(1718784K), 0.1561319 secs] [Times: user=0.93 sys=0.01, real=0.16 secs] 
3345.390: [GC (Allocation Failure) [PSYoungGen: 315196K->163520K(464896K)] 506550K->438526K(1863168K), 0.0469035 secs] [Times: user=0.28 sys=0.00, real=0.04 secs] 
3347.137: [GC (Allocation Failure) [PSYoungGen: 395968K->88256K(465408K)] 670974K->518111K(1863680K), 0.1507467 secs] [Times: user=0.90 sys=0.01, real=0.15 secs] 
3347.893: [GC (Allocation Failure) [PSYoungGen: 306057K->160448K(464384K)] 735912K->676516K(1862656K), 0.0474559 secs] [Times: user=0.28 sys=0.00, real=0.05 secs] 
3350.136: [GC (Allocation Failure) [PSYoungGen: 392896K->88224K(321024K)] 908964K->756636K(1719296K), 0.1742503 secs] [Times: user=1.04 sys=0.00, real=0.18 secs] 
3351.438: [GC (Allocation Failure) [PSYoungGen: 310972K->161664K(462848K)] 979385K->915573K(1861120K), 0.0479739 secs] [Times: user=0.29 sys=0.00, real=0.05 secs] 
3353.076: [GC (Allocation Failure) [PSYoungGen: 393600K->92160K(324608K)] 1147509K->999389K(1722880K), 0.0928872 secs] [Times: user=0.56 sys=0.00, real=0.09 secs] 
3353.868: [GC (Allocation Failure) [PSYoungGen: 312036K->159712K(460800K)] 1219266K->1155946K(1859072K), 0.0485213 secs] [Times: user=0.28 sys=0.00, real=0.05 secs] 
3356.008: [GC (Allocation Failure) [PSYoungGen: 391136K->91392K(464384K)] 1387370K->1238162K(1862656K), 0.0799619 secs] [Times: user=0.47 sys=0.00, real=0.08 secs] 
3356.717: [GC (Allocation Failure) [PSYoungGen: 322816K->167008K(459264K)] 1469586K->1402207K(1857536K), 0.0511371 secs] [Times: user=0.30 sys=0.00, real=0.05 secs] 
3356.769: [Full GC (Ergonomics) [PSYoungGen: 167008K->0K(459264K)] [ParOldGen: 1235199K->205875K(1398272K)] 1402207K->205875K(1857536K), [Metaspace: 60193K->60193K(1105920K)], 0.4765444 secs] [Times: user=2.22 sys=0.00, real=0.48 secs] 
3360.237: [GC (Allocation Failure) [PSYoungGen: 231424K->77056K(464384K)] 437299K->282931K(1862656K), 0.1361262 secs] [Times: user=0.81 sys=0.00, real=0.14 secs] 
3360.824: [GC (Allocation Failure) [PSYoungGen: 308480K->166048K(464896K)] 514355K->445716K(1863168K), 0.0513863 secs] [Times: user=0.30 sys=0.00, real=0.05 secs] 
3363.066: [GC (Allocation Failure) [PSYoungGen: 399008K->85120K(465920K)] 678676K->530284K(1864192K), 0.1381191 secs] [Times: user=0.82 sys=0.00, real=0.14 secs] 
3363.658: [GC (Allocation Failure) [PSYoungGen: 318080K->170304K(465920K)] 763244K->694629K(1864192K), 0.0536769 secs] [Times: user=0.32 sys=0.00, real=0.06 secs] 
3366.955: [GC (Allocation Failure) [PSYoungGen: 403264K->76960K(465920K)] 927589K->771553K(1864192K), 0.1425114 secs] [Times: user=0.85 sys=0.00, real=0.14 secs] 
3367.388: [GC (Allocation Failure) [PSYoungGen: 309920K->170848K(465920K)] 1004513K->937794K(1864192K), 0.0539183 secs] [Times: user=0.32 sys=0.00, real=0.06 secs] 
3371.026: [GC (Allocation Failure) [PSYoungGen: 403808K->79360K(465920K)] 1170754K->1017194K(1864192K), 0.1817476 secs] [Times: user=1.08 sys=0.00, real=0.18 secs] 
3371.507: [GC (Allocation Failure) [PSYoungGen: 312320K->185472K(465920K)] 1250154K->1198757K(1864192K), 0.0552670 secs] [Times: user=0.33 sys=0.00, real=0.06 secs] 
3374.316: [GC (Allocation Failure) [PSYoungGen: 418432K->78368K(465920K)] 1431717K->1260573K(1864192K), 0.1553376 secs] [Times: user=0.92 sys=0.01, real=0.16 secs] 
3374.471: [Full GC (Ergonomics) [PSYoungGen: 78368K->0K(465920K)] [ParOldGen: 1182205K->68668K(1398272K)] 1260573K->68668K(1864192K), [Metaspace: 60209K->60209K(1105920K)], 0.1697939 secs] [Times: user=0.78 sys=0.00, real=0.17 secs] 
3374.908: [GC (Allocation Failure) [PSYoungGen: 232960K->176448K(465920K)] 301628K->245116K(1864192K), 0.0384516 secs] [Times: user=0.22 sys=0.01, real=0.04 secs] 
3376.983: [GC (Allocation Failure) [PSYoungGen: 409408K->82592K(465920K)] 478076K->327769K(1864192K), 0.1180855 secs] [Times: user=0.71 sys=0.00, real=0.12 secs] 
3377.554: [GC (Allocation Failure) [PSYoungGen: 315552K->175520K(465920K)] 560729K->497101K(1864192K), 0.0636780 secs] [Times: user=0.38 sys=0.00, real=0.06 secs] 
3381.700: [GC (Allocation Failure) [PSYoungGen: 408480K->71776K(465920K)] 730061K->569117K(1864192K), 0.1049834 secs] [Times: user=0.62 sys=0.00, real=0.10 secs] 
3382.170: [GC (Allocation Failure) [PSYoungGen: 304736K->207296K(465920K)] 802077K->770206K(1864192K), 0.0547489 secs] [Times: user=0.32 sys=0.00, real=0.05 secs] 
3384.445: [GC (Allocation Failure) [PSYoungGen: 440256K->84288K(465920K)] 1003166K->821102K(1864192K), 0.1037231 secs] [Times: user=0.62 sys=0.00, real=0.10 secs] 
3385.583: [GC (Allocation Failure) [PSYoungGen: 314418K->200992K(465920K)] 1051233K->1011751K(1864192K), 0.0655410 secs] [Times: user=0.39 sys=0.00, real=0.07 secs] 
3389.038: [GC (Allocation Failure) [PSYoungGen: 433952K->82144K(465920K)] 1244711K->1056863K(1864192K), 0.1000253 secs] [Times: user=0.59 sys=0.00, real=0.10 secs] 
3390.275: [GC (Allocation Failure) [PSYoungGen: 315104K->161888K(465920K)] 1289823K->1212300K(1864192K), 0.0601014 secs] [Times: user=0.36 sys=0.00, real=0.06 secs] 
3392.510: [GC (Allocation Failure) [PSYoungGen: 394848K->88576K(465920K)] 1445260K->1301084K(1864192K), 0.0912092 secs] [Times: user=0.55 sys=0.00, real=0.09 secs] 
3392.602: [Full GC (Ergonomics) [PSYoungGen: 88576K->0K(465920K)] [ParOldGen: 1212508K->103689K(1398272K)] 1301084K->103689K(1864192K), [Metaspace: 60212K->60212K(1105920K)], 0.2350044 secs] [Times: user=1.06 sys=0.00, real=0.23 secs] 
3393.968: [GC (Allocation Failure) [PSYoungGen: 232960K->155808K(465920K)] 336649K->259497K(1864192K), 0.0448757 secs] [Times: user=0.26 sys=0.00, real=0.05 secs] 
3395.703: [GC (Allocation Failure) [PSYoungGen: 388768K->105760K(465920K)] 492457K->365201K(1864192K), 0.0846423 secs] [Times: user=0.50 sys=0.00, real=0.08 secs] 
3397.881: [GC (Allocation Failure) [PSYoungGen: 338720K->150592K(465920K)] 598161K->497026K(1864192K), 0.0603127 secs] [Times: user=0.36 sys=0.00, real=0.06 secs] 
3398.501: [GC (Allocation Failure) [PSYoungGen: 383552K->108256K(465920K)] 729986K->605522K(1864192K), 0.0779598 secs] [Times: user=0.46 sys=0.00, real=0.08 secs] 
3400.147: [GC (Allocation Failure) [PSYoungGen: 341216K->140608K(465920K)] 838482K->735263K(1864192K), 0.0607610 secs] [Times: user=0.36 sys=0.01, real=0.06 secs] 
3402.005: [GC (Allocation Failure) [PSYoungGen: 373568K->115488K(348672K)] 968223K->850511K(1746944K), 0.0584358 secs] [Times: user=0.34 sys=0.00, real=0.06 secs] 
3403.244: [GC (Allocation Failure) [PSYoungGen: 348448K->132640K(466432K)] 1083471K->972855K(1864704K), 0.0610897 secs] [Times: user=0.37 sys=0.00, real=0.06 secs] 
3406.075: [GC (Allocation Failure) [PSYoungGen: 373280K->127936K(458752K)] 1213495K->1100560K(1857024K), 0.0571377 secs] [Times: user=0.34 sys=0.00, real=0.06 secs] 
3407.337: [GC (Allocation Failure) [PSYoungGen: 368576K->2688K(450048K)] 1341200K->975472K(1848320K), 0.0022389 secs] [Times: user=0.02 sys=0.00, real=0.01 secs] 
3409.103: [GC (Allocation Failure) [PSYoungGen: 243840K->149696K(463872K)] 1216624K->1123596K(1862144K), 0.0300298 secs] [Times: user=0.18 sys=0.00, real=0.03 secs] 
3410.778: [GC (Allocation Failure) [PSYoungGen: 390848K->9088K(458240K)] 1364748K->983141K(1856512K), 0.0040290 secs] [Times: user=0.02 sys=0.00, real=0.01 secs] 
3413.056: [GC (Allocation Failure) [PSYoungGen: 243072K->160256K(394752K)] 1217125K->1141245K(1793024K), 0.0332640 secs] [Times: user=0.19 sys=0.00, real=0.04 secs] 
3414.475: [GC (Allocation Failure) [PSYoungGen: 394240K->96096K(468992K)] 1375229K->1228321K(1867264K), 0.0977118 secs] [Times: user=0.58 sys=0.01, real=0.10 secs] 
3415.803: [GC (Allocation Failure) [PSYoungGen: 332128K->175840K(465920K)] 1464353K->1402150K(1864192K), 0.0528477 secs] [Times: user=0.31 sys=0.01, real=0.05 secs] 
3415.856: [Full GC (Ergonomics) [PSYoungGen: 175840K->0K(465920K)] [ParOldGen: 1226310K->196004K(1398272K)] 1402150K->196004K(1864192K), [Metaspace: 60219K->60219K(1105920K)], 0.4675799 secs] [Times: user=2.18 sys=0.00, real=0.47 secs] 
3418.181: [GC (Allocation Failure) [PSYoungGen: 236032K->93024K(465920K)] 432036K->289028K(1864192K), 0.0936011 secs] [Times: user=0.55 sys=0.00, real=0.09 secs] 
3419.526: [GC (Allocation Failure) [PSYoungGen: 314149K->159840K(465920K)] 510154K->445233K(1864192K), 0.0476250 secs] [Times: user=0.28 sys=0.00, real=0.05 secs] 
3423.153: [GC (Allocation Failure) [PSYoungGen: 392800K->91904K(462848K)] 678193K->528485K(1861120K), 0.1646487 secs] [Times: user=0.98 sys=0.00, real=0.16 secs] 
3424.572: [GC (Allocation Failure) [PSYoungGen: 314121K->159232K(464384K)] 750703K->683634K(1862656K), 0.0480207 secs] [Times: user=0.28 sys=0.00, real=0.05 secs] 
3426.938: [GC (Allocation Failure) [PSYoungGen: 392192K->91296K(461824K)] 916594K->766122K(1860096K), 0.1717410 secs] [Times: user=1.02 sys=0.00, real=0.18 secs] 
3428.707: [GC (Allocation Failure) [PSYoungGen: 311853K->159744K(463872K)] 986679K->922087K(1862144K), 0.0484668 secs] [Times: user=0.29 sys=0.01, real=0.05 secs] 
3430.791: [GC (Allocation Failure) [PSYoungGen: 394240K->90176K(462848K)] 1156583K->1003571K(1861120K), 0.1657089 secs] [Times: user=0.99 sys=0.00, real=0.16 secs] 
3432.047: [GC (Allocation Failure) [PSYoungGen: 317072K->160224K(464384K)] 1230467K->1160976K(1862656K), 0.0487902 secs] [Times: user=0.29 sys=0.00, real=0.05 secs] 
3433.648: [GC (Allocation Failure) [PSYoungGen: 396768K->94432K(463872K)] 1397520K->1246392K(1862144K), 0.1267616 secs] [Times: user=0.75 sys=0.01, real=0.13 secs] 
3434.238: [GC (Allocation Failure) [PSYoungGen: 333536K->175360K(465408K)] 1485496K->1418194K(1863680K), 0.0525296 secs] [Times: user=0.31 sys=0.00, real=0.06 secs] 
3434.290: [Full GC (Ergonomics) [PSYoungGen: 175360K->0K(465408K)] [ParOldGen: 1242834K->216011K(1398272K)] 1418194K->216011K(1863680K), [Metaspace: 60221K->60221K(1105920K)], 0.4909669 secs] [Times: user=2.27 sys=0.00, real=0.49 secs] 
3438.576: [GC (Allocation Failure) [PSYoungGen: 239104K->84256K(466944K)] 455115K->300267K(1865216K), 0.1426938 secs] [Times: user=0.85 sys=0.00, real=0.15 secs] 
3439.023: [GC (Allocation Failure) [PSYoungGen: 318240K->189248K(465920K)] 534251K->486024K(1864192K), 0.0560590 secs] [Times: user=0.34 sys=0.00, real=0.06 secs] 
3441.790: [GC (Allocation Failure) [PSYoungGen: 423232K->77632K(465920K)] 720008K->547504K(1864192K), 0.1275664 secs] [Times: user=0.75 sys=0.00, real=0.12 secs] 
3442.297: [GC (Allocation Failure) [PSYoungGen: 310592K->177440K(465920K)] 780464K->718989K(1864192K), 0.0733470 secs] [Times: user=0.43 sys=0.00, real=0.08 secs] 
3445.436: [GC (Allocation Failure) [PSYoungGen: 410400K->76576K(465920K)] 951949K->795841K(1864192K), 0.1274044 secs] [Times: user=0.76 sys=0.00, real=0.13 secs] 
3445.849: [GC (Allocation Failure) [PSYoungGen: 309536K->177760K(465920K)] 1028801K->967442K(1864192K), 0.0569416 secs] [Times: user=0.34 sys=0.00, real=0.05 secs] 
3448.988: [GC (Allocation Failure) [PSYoungGen: 410720K->72608K(465920K)] 1200402K->1040282K(1864192K), 0.1172774 secs] [Times: user=0.69 sys=0.00, real=0.12 secs] 
3449.498: [GC (Allocation Failure) [PSYoungGen: 303571K->206944K(465920K)] 1271245K->1241246K(1864192K), 0.0562817 secs] [Times: user=0.33 sys=0.00, real=0.06 secs] 
3452.487: [GC (Allocation Failure) [PSYoungGen: 439904K->81472K(465920K)] 1474206K->1289202K(1864192K), 0.1040978 secs] [Times: user=0.62 sys=0.00, real=0.11 secs] 
3452.591: [Full GC (Ergonomics) [PSYoungGen: 81472K->0K(465920K)] [ParOldGen: 1207730K->97166K(1398272K)] 1289202K->97166K(1864192K), [Metaspace: 60221K->60221K(1105920K)], 0.2230250 secs] [Times: user=1.00 sys=0.00, real=0.22 secs] 
3453.845: [GC (Allocation Failure) [PSYoungGen: 232455K->200224K(465920K)] 329621K->297390K(1864192K), 0.0488882 secs] [Times: user=0.29 sys=0.00, real=0.05 secs] 
3455.638: [GC (Allocation Failure) [PSYoungGen: 433184K->90784K(465920K)] 530350K->351126K(1864192K), 0.0891322 secs] [Times: user=0.53 sys=0.00, real=0.09 secs] 
3456.873: [GC (Allocation Failure) [PSYoungGen: 323744K->157504K(465920K)] 584086K->497913K(1864192K), 0.0591809 secs] [Times: user=0.36 sys=0.00, real=0.06 secs] 
3457.885: [GC (Allocation Failure) [PSYoungGen: 390464K->100192K(465920K)] 730873K->598193K(1864192K), 0.0777065 secs] [Times: user=0.46 sys=0.00, real=0.08 secs] 
3459.752: [GC (Allocation Failure) [PSYoungGen: 333152K->147648K(465920K)] 831153K->735545K(1864192K), 0.0598038 secs] [Times: user=0.36 sys=0.00, real=0.06 secs] 
3461.362: [GC (Allocation Failure) [PSYoungGen: 380608K->109632K(465920K)] 968505K->845137K(1864192K), 0.0695333 secs] [Times: user=0.41 sys=0.00, real=0.07 secs] 
3462.610: [GC (Allocation Failure) [PSYoungGen: 342592K->139104K(465920K)] 1078097K->973677K(1864192K), 0.0613801 secs] [Times: user=0.36 sys=0.00, real=0.06 secs] 
3465.240: [GC (Allocation Failure) [PSYoungGen: 372064K->115616K(457728K)] 1206637K->1088861K(1856000K), 0.0645523 secs] [Times: user=0.38 sys=0.00, real=0.06 secs] 
3466.471: [GC (Allocation Failure) [PSYoungGen: 348576K->132160K(461824K)] 1321821K->1210618K(1860096K), 0.0626499 secs] [Times: user=0.37 sys=0.00, real=0.06 secs] 
3468.476: [GC (Allocation Failure) [PSYoungGen: 365120K->126048K(457216K)] 1443578K->1336594K(1855488K), 0.0605031 secs] [Times: user=0.35 sys=0.00, real=0.06 secs] 
3468.536: [Full GC (Ergonomics) [PSYoungGen: 126048K->0K(457216K)] [ParOldGen: 1210546K->141620K(1398272K)] 1336594K->141620K(1855488K), [Metaspace: 60222K->60222K(1105920K)], 0.3224222 secs] [Times: user=1.49 sys=0.00, real=0.32 secs] 
3470.035: [GC (Allocation Failure) [PSYoungGen: 249856K->123744K(461312K)] 391476K->265365K(1859584K), 0.0434843 secs] [Times: user=0.25 sys=0.00, real=0.04 secs] 
3472.135: [GC (Allocation Failure) [PSYoungGen: 373600K->157536K(481280K)] 515221K->421713K(1879552K), 0.0615880 secs] [Times: user=0.36 sys=0.00, real=0.06 secs] 
3473.894: [GC (Allocation Failure) [PSYoungGen: 434528K->128096K(484352K)] 698705K->540265K(1882624K), 0.1199647 secs] [Times: user=0.71 sys=0.00, real=0.12 secs] 
3474.735: [GC (Allocation Failure) [PSYoungGen: 405088K->200160K(433152K)] 817257K->738798K(1831424K), 0.0695787 secs] [Times: user=0.41 sys=0.01, real=0.07 secs] 
3477.351: [GC (Allocation Failure) [PSYoungGen: 433120K->79136K(465920K)] 971758K->817918K(1864192K), 0.1115912 secs] [Times: user=0.66 sys=0.01, real=0.11 secs] 
3478.376: [GC (Allocation Failure) [PSYoungGen: 312096K->207264K(465920K)] 1050878K->1018771K(1864192K), 0.0604546 secs] [Times: user=0.35 sys=0.00, real=0.06 secs] 
3481.228: [GC (Allocation Failure) [PSYoungGen: 440224K->82624K(465920K)] 1251731K->1060547K(1864192K), 0.0968599 secs] [Times: user=0.58 sys=0.00, real=0.10 secs] 
3482.455: [GC (Allocation Failure) [PSYoungGen: 315584K->161568K(465920K)] 1293507K->1215376K(1864192K), 0.0604581 secs] [Times: user=0.36 sys=0.00, real=0.06 secs] 
3485.129: [GC (Allocation Failure) [PSYoungGen: 394528K->89024K(465920K)] 1448336K->1304552K(1864192K), 0.0905468 secs] [Times: user=0.53 sys=0.01, real=0.09 secs] 
3485.220: [Full GC (Ergonomics) [PSYoungGen: 89024K->0K(465920K)] [ParOldGen: 1215528K->105126K(1398272K)] 1304552K->105126K(1864192K), [Metaspace: 60223K->60223K(1105920K)], 0.2366386 secs] [Times: user=1.08 sys=0.00, real=0.23 secs] 
3486.570: [GC (Allocation Failure) [PSYoungGen: 232960K->154976K(465920K)] 338086K->260102K(1864192K), 0.0447226 secs] [Times: user=0.27 sys=0.00, real=0.04 secs] 
3488.689: [GC (Allocation Failure) [PSYoungGen: 381800K->93696K(465920K)] 486927K->354030K(1864192K), 0.0815075 secs] [Times: user=0.49 sys=0.00, real=0.08 secs] 
3491.311: [GC (Allocation Failure) [PSYoungGen: 326656K->151424K(465920K)] 586990K->498299K(1864192K), 0.0601829 secs] [Times: user=0.36 sys=0.00, real=0.06 secs] 
3494.734: [GC (Allocation Failure) [PSYoungGen: 384384K->97888K(465920K)] 731259K->596011K(1864192K), 0.0729775 secs] [Times: user=0.43 sys=0.01, real=0.07 secs] 
3496.152: [GC (Allocation Failure) [PSYoungGen: 330848K->150912K(465920K)] 828971K->736122K(1864192K), 0.0604156 secs] [Times: user=0.36 sys=0.00, real=0.06 secs] 
3497.409: [GC (Allocation Failure) [PSYoungGen: 383872K->110848K(465920K)] 969082K->846410K(1864192K), 0.0685172 secs] [Times: user=0.41 sys=0.01, real=0.06 secs] 
3499.102: [GC (Allocation Failure) [PSYoungGen: 343808K->136928K(451584K)] 1079370K->973279K(1849856K), 0.0620536 secs] [Times: user=0.37 sys=0.00, real=0.06 secs] 
3500.504: [GC (Allocation Failure) [PSYoungGen: 369888K->129120K(458752K)] 1206239K->1102007K(1857024K), 0.0621726 secs] [Times: user=0.37 sys=0.00, real=0.06 secs] 
3502.511: [GC (Allocation Failure) [PSYoungGen: 362080K->126624K(460288K)] 1334967K->1210192K(1858560K), 0.0629627 secs] [Times: user=0.37 sys=0.00, real=0.06 secs] 
3503.707: [GC (Allocation Failure) [PSYoungGen: 382624K->148640K(465920K)] 1466192K->1359000K(1864192K), 0.0594155 secs] [Times: user=0.35 sys=0.00, real=0.06 secs] 
3503.766: [Full GC (Ergonomics) [PSYoungGen: 148640K->0K(465920K)] [ParOldGen: 1210360K->164175K(1398272K)] 1359000K->164175K(1864192K), [Metaspace: 60238K->60238K(1105920K)], 0.3839204 secs] [Times: user=1.79 sys=0.00, real=0.39 secs] 
3505.724: [GC (Allocation Failure) [PSYoungGen: 256000K->114144K(479232K)] 420175K->278319K(1877504K), 0.0584928 secs] [Times: user=0.35 sys=0.00, real=0.06 secs] 
3507.754: [GC (Allocation Failure) [PSYoungGen: 394720K->195488K(476160K)] 558895K->470464K(1874432K), 0.0619168 secs] [Times: user=0.36 sys=0.00, real=0.06 secs] 
3511.386: [GC (Allocation Failure) [PSYoungGen: 476064K->114592K(482816K)] 751040K->585020K(1881088K), 0.1160066 secs] [Times: user=0.70 sys=0.00, real=0.12 secs] 
3513.642: [GC (Allocation Failure) [PSYoungGen: 376736K->160832K(478208K)] 847164K->739168K(1876480K), 0.0667933 secs] [Times: user=0.39 sys=0.00, real=0.06 secs] 
3515.115: [GC (Allocation Failure) [PSYoungGen: 422976K->134400K(471552K)] 1001312K->873424K(1869824K), 0.0643408 secs] [Times: user=0.38 sys=0.00, real=0.07 secs] 
3517.134: [GC (Allocation Failure) [PSYoungGen: 399616K->5920K(271360K)] 1138640K->744984K(1669632K), 0.0036428 secs] [Times: user=0.02 sys=0.00, real=0.00 secs] 
3518.594: [GC (Allocation Failure) [PSYoungGen: 260527K->178240K(458752K)] 999592K->921485K(1857024K), 0.0357329 secs] [Times: user=0.21 sys=0.00, real=0.04 secs] 
3521.410: [GC (Allocation Failure) [PSYoungGen: 411200K->86272K(465920K)] 1154445K->999469K(1864192K), 0.1860033 secs] [Times: user=1.11 sys=0.01, real=0.18 secs] 
3522.273: [GC (Allocation Failure) [PSYoungGen: 306901K->163168K(465408K)] 1220099K->1160042K(1863680K), 0.0478575 secs] [Times: user=0.29 sys=0.00, real=0.05 secs] 
3524.780: [GC (Allocation Failure) [PSYoungGen: 396128K->84128K(465920K)] 1393002K->1235974K(1864192K), 0.1831094 secs] [Times: user=1.09 sys=0.01, real=0.18 secs] 
3524.963: [Full GC (Ergonomics) [PSYoungGen: 84128K->0K(465920K)] [ParOldGen: 1151846K->35520K(1398272K)] 1235974K->35520K(1864192K), [Metaspace: 60240K->60240K(1105920K)], 0.1020982 secs] [Times: user=0.40 sys=0.00, real=0.10 secs] 
3526.540: [GC (Allocation Failure) [PSYoungGen: 232960K->165952K(465408K)] 268480K->201472K(1863680K), 0.0322321 secs] [Times: user=0.19 sys=0.00, real=0.03 secs] 
3528.565: [GC (Allocation Failure) [PSYoungGen: 398912K->91936K(465920K)] 434432K->284592K(1864192K), 0.1183034 secs] [Times: user=0.70 sys=0.01, real=0.12 secs] 
3530.293: [GC (Allocation Failure) [PSYoungGen: 314539K->159712K(465408K)] 507195K->440017K(1863680K), 0.0474107 secs] [Times: user=0.28 sys=0.00, real=0.05 secs] 
3532.476: [GC (Allocation Failure) [PSYoungGen: 392672K->88672K(322048K)] 672977K->519969K(1720320K), 0.1595570 secs] [Times: user=0.95 sys=0.01, real=0.16 secs] 
3534.028: [GC (Allocation Failure) [PSYoungGen: 313108K->161920K(462336K)] 744405K->678586K(1860608K), 0.0473363 secs] [Times: user=0.28 sys=0.00, real=0.05 secs] 
3536.019: [GC (Allocation Failure) [PSYoungGen: 393344K->88640K(464384K)] 910010K->758410K(1862656K), 0.1827543 secs] [Times: user=1.08 sys=0.01, real=0.19 secs] 
3537.805: [GC (Allocation Failure) [PSYoungGen: 314236K->161984K(462848K)] 984006K->917498K(1861120K), 0.0481985 secs] [Times: user=0.28 sys=0.00, real=0.05 secs] 
3539.743: [GC (Allocation Failure) [PSYoungGen: 394244K->90688K(323584K)] 1149759K->999267K(1721856K), 0.1830786 secs] [Times: user=1.09 sys=0.01, real=0.18 secs] 
3541.668: [GC (Allocation Failure) [PSYoungGen: 318494K->159936K(462336K)] 1227073K->1155943K(1860608K), 0.0489579 secs] [Times: user=0.29 sys=0.00, real=0.05 secs] 
3543.329: [GC (Allocation Failure) [PSYoungGen: 392896K->89760K(464896K)] 1388903K->1236983K(1863168K), 0.1527842 secs] [Times: user=0.90 sys=0.01, real=0.16 secs] 
3544.269: [GC (Allocation Failure) [PSYoungGen: 311601K->160256K(462848K)] 1458825K->1394536K(1861120K), 0.0488468 secs] [Times: user=0.29 sys=0.01, real=0.04 secs] 
3544.318: [Full GC (Ergonomics) [PSYoungGen: 160256K->0K(462848K)] [ParOldGen: 1234280K->197555K(1398272K)] 1394536K->197555K(1861120K), [Metaspace: 60241K->60241K(1105920K)], 0.4622626 secs] [Times: user=2.14 sys=0.00, real=0.47 secs] 
3546.290: [GC (Allocation Failure) [PSYoungGen: 234496K->92864K(465920K)] 432051K->290419K(1864192K), 0.0474593 secs] [Times: user=0.28 sys=0.00, real=0.04 secs] 
3546.955: [GC (Allocation Failure) [PSYoungGen: 327360K->168160K(459776K)] 524915K->455280K(1858048K), 0.0487134 secs] [Times: user=0.29 sys=0.00, real=0.05 secs] 
3550.103: [GC (Allocation Failure) [PSYoungGen: 401120K->85600K(465920K)] 688240K->540672K(1864192K), 0.0896263 secs] [Times: user=0.53 sys=0.01, real=0.09 secs] 
3552.027: [GC (Allocation Failure) [PSYoungGen: 318560K->165312K(462848K)] 773632K->702857K(1861120K), 0.1526714 secs] [Times: user=0.91 sys=0.00, real=0.16 secs] 
3555.178: [GC (Allocation Failure) [PSYoungGen: 398272K->79968K(465920K)] 935817K->782977K(1864192K), 0.1488418 secs] [Times: user=0.89 sys=0.00, real=0.15 secs] 
3555.751: [GC (Allocation Failure) [PSYoungGen: 312928K->166656K(464896K)] 1015937K->945882K(1863168K), 0.0530922 secs] [Times: user=0.32 sys=0.01, real=0.05 secs] 
3559.182: [GC (Allocation Failure) [PSYoungGen: 399616K->78816K(465920K)] 1178842K->1024426K(1864192K), 0.1705769 secs] [Times: user=1.00 sys=0.01, real=0.17 secs] 
3559.663: [GC (Allocation Failure) [PSYoungGen: 311776K->169536K(465920K)] 1257386K->1190319K(1864192K), 0.0546060 secs] [Times: user=0.33 sys=0.00, real=0.05 secs] 
3562.231: [GC (Allocation Failure) [PSYoungGen: 402496K->84576K(465920K)] 1423279K->1274763K(1864192K), 0.1573730 secs] [Times: user=0.93 sys=0.00, real=0.15 secs] 
3562.388: [Full GC (Ergonomics) [PSYoungGen: 84576K->0K(465920K)] [ParOldGen: 1190187K->73183K(1398272K)] 1274763K->73183K(1864192K), [Metaspace: 60241K->60241K(1105920K)], 0.1861418 secs] [Times: user=0.85 sys=0.00, real=0.19 secs] 
3562.836: [GC (Allocation Failure) [PSYoungGen: 232960K->173824K(465920K)] 306143K->247007K(1864192K), 0.0377815 secs] [Times: user=0.22 sys=0.00, real=0.04 secs] 
3566.008: [GC (Allocation Failure) [PSYoungGen: 406784K->80864K(465920K)] 479967K->327679K(1864192K), 0.1348906 secs] [Times: user=0.81 sys=0.00, real=0.14 secs] 
3566.438: [GC (Allocation Failure) [PSYoungGen: 313824K->177472K(465920K)] 560639K->495120K(1864192K), 0.0556825 secs] [Times: user=0.33 sys=0.00, real=0.06 secs] 
3569.001: [GC (Allocation Failure) [PSYoungGen: 410432K->84192K(465920K)] 728080K->579544K(1864192K), 0.1106422 secs] [Times: user=0.66 sys=0.00, real=0.11 secs] 
3569.801: [GC (Allocation Failure) [PSYoungGen: 317152K->185216K(465920K)] 812504K->758685K(1864192K), 0.0602077 secs] [Times: user=0.35 sys=0.01, real=0.06 secs] 
3573.474: [GC (Allocation Failure) [PSYoungGen: 418176K->85280K(465920K)] 991645K->822969K(1864192K), 0.0980844 secs] [Times: user=0.58 sys=0.00, real=0.10 secs] 
3574.591: [GC (Allocation Failure) [PSYoungGen: 313679K->196000K(465920K)] 1051369K->1012734K(1864192K), 0.0676293 secs] [Times: user=0.40 sys=0.00, real=0.07 secs] 
3576.798: [GC (Allocation Failure) [PSYoungGen: 428960K->90784K(465920K)] 1245694K->1066582K(1864192K), 0.0959608 secs] [Times: user=0.57 sys=0.00, real=0.10 secs] 
3578.068: [GC (Allocation Failure) [PSYoungGen: 323744K->153120K(465920K)] 1299542K->1213011K(1864192K), 0.0606794 secs] [Times: user=0.36 sys=0.00, real=0.06 secs] 
3580.771: [GC (Allocation Failure) [PSYoungGen: 383165K->93312K(465920K)] 1443056K->1306539K(1864192K), 0.0889861 secs] [Times: user=0.53 sys=0.00, real=0.09 secs] 
3580.860: [Full GC (Ergonomics) [PSYoungGen: 93312K->0K(465920K)] [ParOldGen: 1213227K->108860K(1398272K)] 1306539K->108860K(1864192K), [Metaspace: 60241K->60241K(1105920K)], 0.2527578 secs] [Times: user=1.15 sys=0.00, real=0.25 secs] 
3582.216: [GC (Allocation Failure) [PSYoungGen: 232960K->150912K(465920K)] 341820K->259772K(1864192K), 0.0427819 secs] [Times: user=0.25 sys=0.00, real=0.04 secs] 
3584.203: [GC (Allocation Failure) [PSYoungGen: 383872K->102624K(465920K)] 492732K->362604K(1864192K), 0.0764667 secs] [Times: user=0.45 sys=0.00, real=0.08 secs] 
3585.529: [GC (Allocation Failure) [PSYoungGen: 335584K->145312K(465920K)] 595564K->497201K(1864192K), 0.0597900 secs] [Times: user=0.36 sys=0.00, real=0.06 secs] 
3587.826: [GC (Allocation Failure) [PSYoungGen: 378272K->109568K(343040K)] 730161K->606989K(1741312K), 0.0677767 secs] [Times: user=0.41 sys=0.00, real=0.07 secs] 
3589.083: [GC (Allocation Failure) [PSYoungGen: 342528K->138496K(464896K)] 839949K->734480K(1863168K), 0.0605032 secs] [Times: user=0.36 sys=0.00, real=0.06 secs] 
3590.519: [GC (Allocation Failure) [PSYoungGen: 377088K->130688K(459264K)] 973072K->865400K(1857536K), 0.0581339 secs] [Times: user=0.34 sys=0.00, real=0.05 secs] 
3591.748: [GC (Allocation Failure) [PSYoungGen: 369280K->2528K(451072K)] 1103992K->737328K(1849344K), 0.0019012 secs] [Times: user=0.01 sys=0.00, real=0.01 secs] 
3594.105: [GC (Allocation Failure) [PSYoungGen: 241120K->144992K(464384K)] 975920K->880541K(1862656K), 0.0290032 secs] [Times: user=0.16 sys=0.00, real=0.03 secs] 
3595.368: [GC (Allocation Failure) [PSYoungGen: 383584K->5792K(458240K)] 1119133K->741429K(1856512K), 0.0040654 secs] [Times: user=0.01 sys=0.00, real=0.01 secs] 
3597.005: [GC (Allocation Failure) [PSYoungGen: 238752K->154560K(465920K)] 974389K->894381K(1864192K), 0.0313199 secs] [Times: user=0.18 sys=0.00, real=0.03 secs] 
3598.376: [GC (Allocation Failure) [PSYoungGen: 387520K->102176K(455680K)] 1127341K->987101K(1853952K), 0.0981334 secs] [Times: user=0.58 sys=0.00, real=0.10 secs] 
3599.574: [GC (Allocation Failure) [PSYoungGen: 335136K->165344K(460800K)] 1220061K->1150995K(1859072K), 0.0535456 secs] [Times: user=0.31 sys=0.00, real=0.05 secs] 
3602.128: [GC (Allocation Failure) [PSYoungGen: 398304K->87168K(467456K)] 1383955K->1229451K(1865728K), 0.1596069 secs] [Times: user=0.95 sys=0.01, real=0.16 secs] 
3603.651: [GC (Allocation Failure) [PSYoungGen: 323712K->168864K(465920K)] 1465995K->1395072K(1864192K), 0.0485992 secs] [Times: user=0.28 sys=0.01, real=0.05 secs] 
3603.700: [Full GC (Ergonomics) [PSYoungGen: 168864K->0K(465920K)] [ParOldGen: 1226208K->197295K(1398272K)] 1395072K->197295K(1864192K), [Metaspace: 60364K->60364K(1105920K)], 0.4716560 secs] [Times: user=2.21 sys=0.00, real=0.47 secs] 
3605.690: [GC (Allocation Failure) [PSYoungGen: 236544K->93984K(466944K)] 433839K->291279K(1865216K), 0.0715160 secs] [Times: user=0.36 sys=0.00, real=0.07 secs] 
3607.325: [GC (Allocation Failure) [PSYoungGen: 314593K->157920K(465920K)] 511888K->445072K(1864192K), 0.0473885 secs] [Times: user=0.28 sys=0.00, real=0.05 secs] 
3608.986: [GC (Allocation Failure) [PSYoungGen: 393440K->94688K(459776K)] 680592K->530432K(1858048K), 0.0927499 secs] [Times: user=0.55 sys=0.00, real=0.09 secs] 
3609.670: [GC (Allocation Failure) [PSYoungGen: 330208K->169824K(462848K)] 765952K->697029K(1861120K), 0.0508170 secs] [Times: user=0.30 sys=0.00, real=0.05 secs] 
3614.002: [GC (Allocation Failure) [PSYoungGen: 405344K->81632K(467456K)] 932549K->778313K(1865728K), 0.1395550 secs] [Times: user=0.83 sys=0.01, real=0.14 secs] 
3614.975: [GC (Allocation Failure) [PSYoungGen: 316128K->168544K(465920K)] 1012809K->943205K(1864192K), 0.0537209 secs] [Times: user=0.32 sys=0.00, real=0.06 secs] 
3618.125: [GC (Allocation Failure) [PSYoungGen: 403040K->81472K(465920K)] 1177701K->1024161K(1864192K), 0.1384397 secs] [Times: user=0.82 sys=0.01, real=0.14 secs] 
3619.207: [GC (Allocation Failure) [PSYoungGen: 314432K->167552K(465920K)] 1257121K->1188206K(1864192K), 0.1556549 secs] [Times: user=0.93 sys=0.00, real=0.16 secs] 
3623.281: [GC (Allocation Failure) [PSYoungGen: 400512K->76032K(465920K)] 1421166K->1264030K(1864192K), 0.1596747 secs] [Times: user=0.96 sys=0.00, real=0.16 secs] 
3623.441: [Full GC (Ergonomics) [PSYoungGen: 76032K->0K(465920K)] [ParOldGen: 1187998K->64520K(1398272K)] 1264030K->64520K(1864192K), [Metaspace: 60364K->60364K(1105920K)], 0.1676682 secs] [Times: user=0.78 sys=0.00, real=0.16 secs] 
3623.926: [GC (Allocation Failure) [PSYoungGen: 232960K->171712K(465920K)] 297480K->236232K(1864192K), 0.0342221 secs] [Times: user=0.20 sys=0.00, real=0.04 secs] 
3625.498: [GC (Allocation Failure) [PSYoungGen: 404672K->82528K(465920K)] 469192K->318940K(1864192K), 0.0932864 secs] [Times: user=0.56 sys=0.00, real=0.10 secs] 
3626.613: [GC (Allocation Failure) [PSYoungGen: 315488K->175168K(465920K)] 551900K->488269K(1864192K), 0.1368774 secs] [Times: user=0.81 sys=0.01, real=0.14 secs] 
3629.013: [GC (Allocation Failure) [PSYoungGen: 408128K->80544K(465920K)] 721229K->569013K(1864192K), 0.1083947 secs] [Times: user=0.65 sys=0.00, real=0.11 secs] 
3629.915: [GC (Allocation Failure) [PSYoungGen: 313504K->205056K(465920K)] 801973K->767936K(1864192K), 0.1465048 secs] [Times: user=0.87 sys=0.00, real=0.15 secs] 
3631.686: [GC (Allocation Failure) [PSYoungGen: 438016K->85376K(465920K)] 1000896K->820648K(1864192K), 0.0962803 secs] [Times: user=0.57 sys=0.00, real=0.10 secs] 
3634.102: [GC (Allocation Failure) [PSYoungGen: 317856K->195232K(465920K)] 1053128K->1010205K(1864192K), 0.0665420 secs] [Times: user=0.39 sys=0.00, real=0.06 secs] 
3635.777: [GC (Allocation Failure) [PSYoungGen: 426270K->92512K(465920K)] 1241243K->1065629K(1864192K), 0.0817018 secs] [Times: user=0.49 sys=0.00, real=0.09 secs] 
3637.837: [GC (Allocation Failure) [PSYoungGen: 325472K->151328K(465920K)] 1298589K->1210969K(1864192K), 0.0602969 secs] [Times: user=0.35 sys=0.00, real=0.06 secs] 
3639.989: [GC (Allocation Failure) [PSYoungGen: 384288K->97504K(465920K)] 1443929K->1308089K(1864192K), 0.0886780 secs] [Times: user=0.53 sys=0.00, real=0.08 secs] 
3640.078: [Full GC (Ergonomics) [PSYoungGen: 97504K->0K(465920K)] [ParOldGen: 1210585K->113147K(1398272K)] 1308089K->113147K(1864192K), [Metaspace: 60368K->60368K(1105920K)], 0.2448257 secs] [Times: user=1.10 sys=0.00, real=0.25 secs] 
3641.467: [GC (Allocation Failure) [PSYoungGen: 232960K->150656K(465920K)] 346107K->263803K(1864192K), 0.0553565 secs] [Times: user=0.33 sys=0.00, real=0.06 secs] 
3644.681: [GC (Allocation Failure) [PSYoungGen: 383616K->108096K(465920K)] 496763K->371787K(1864192K), 0.0987473 secs] [Times: user=0.59 sys=0.00, real=0.10 secs] 
3645.923: [GC (Allocation Failure) [PSYoungGen: 341056K->148672K(465920K)] 604747K->501620K(1864192K), 0.0602593 secs] [Times: user=0.36 sys=0.00, real=0.06 secs] 
3648.327: [GC (Allocation Failure) [PSYoungGen: 381632K->108992K(457728K)] 734580K->610380K(1856000K), 0.0692174 secs] [Times: user=0.41 sys=0.00, real=0.07 secs] 
3649.541: [GC (Allocation Failure) [PSYoungGen: 341952K->139552K(461824K)] 843340K->739509K(1860096K), 0.0611271 secs] [Times: user=0.36 sys=0.00, real=0.06 secs] 
3651.763: [GC (Allocation Failure) [PSYoungGen: 372512K->122560K(454144K)] 972469K->861865K(1852416K), 0.0627701 secs] [Times: user=0.37 sys=0.00, real=0.06 secs] 
3653.030: [GC (Allocation Failure) [PSYoungGen: 369344K->2112K(461312K)] 1108649K->741509K(1859584K), 0.0025660 secs] [Times: user=0.01 sys=0.00, real=0.00 secs] 
3655.050: [GC (Allocation Failure) [PSYoungGen: 248896K->151552K(467456K)] 988293K->891950K(1865728K), 0.0302058 secs] [Times: user=0.17 sys=0.00, real=0.03 secs] 
3656.982: [GC (Allocation Failure) [PSYoungGen: 391680K->8480K(248832K)] 1132078K->748974K(1647104K), 0.0060323 secs] [Times: user=0.03 sys=0.00, real=0.00 secs] 
3659.138: [GC (Allocation Failure) [PSYoungGen: 248608K->165184K(465920K)] 989102K->912307K(1864192K), 0.0339556 secs] [Times: user=0.20 sys=0.00, real=0.04 secs] 
3661.394: [GC (Allocation Failure) [PSYoungGen: 398144K->89600K(465920K)] 1145267K->992963K(1864192K), 0.1685750 secs] [Times: user=1.00 sys=0.00, real=0.17 secs] 
3662.541: [GC (Allocation Failure) [PSYoungGen: 322560K->165568K(465920K)] 1225923K->1156363K(1864192K), 0.0504229 secs] [Times: user=0.30 sys=0.01, real=0.05 secs] 
3665.622: [GC (Allocation Failure) [PSYoungGen: 398528K->91424K(465920K)] 1389323K->1238920K(1864192K), 0.1586687 secs] [Times: user=0.95 sys=0.00, real=0.16 secs] 
3665.781: [Full GC (Ergonomics) [PSYoungGen: 91424K->0K(465920K)] [ParOldGen: 1147495K->37751K(1398272K)] 1238920K->37751K(1864192K), [Metaspace: 60381K->60381K(1105920K)], 0.1029351 secs] [Times: user=0.40 sys=0.00, real=0.10 secs] 
3667.461: [GC (Allocation Failure) [PSYoungGen: 230023K->163904K(465920K)] 267774K->201655K(1864192K), 0.0314509 secs] [Times: user=0.18 sys=0.00, real=0.03 secs] 
3669.026: [GC (Allocation Failure) [PSYoungGen: 396864K->91616K(465920K)] 434615K->284479K(1864192K), 0.1362436 secs] [Times: user=0.81 sys=0.00, real=0.14 secs] 
3669.549: [GC (Allocation Failure) [PSYoungGen: 310408K->159520K(465920K)] 503272K->440557K(1864192K), 0.0479408 secs] [Times: user=0.29 sys=0.00, real=0.05 secs] 
3671.976: [GC (Allocation Failure) [PSYoungGen: 392480K->90336K(323584K)] 673517K->522181K(1721856K), 0.1730880 secs] [Times: user=1.03 sys=0.00, real=0.18 secs] 
3673.379: [GC (Allocation Failure) [PSYoungGen: 308700K->159680K(463872K)] 740546K->679150K(1862144K), 0.0479006 secs] [Times: user=0.29 sys=0.00, real=0.05 secs] 
3675.869: [GC (Allocation Failure) [PSYoungGen: 391616K->84224K(464896K)] 911086K->755118K(1863168K), 0.1179902 secs] [Times: user=0.70 sys=0.00, real=0.11 secs] 
3677.619: [GC (Allocation Failure) [PSYoungGen: 316160K->165632K(462848K)] 987054K->917839K(1861120K), 0.0467553 secs] [Times: user=0.28 sys=0.00, real=0.05 secs] 
3680.124: [GC (Allocation Failure) [PSYoungGen: 397568K->88000K(464896K)] 1149775K->997199K(1863168K), 0.1694285 secs] [Times: user=1.01 sys=0.00, real=0.17 secs] 
3682.460: [GC (Allocation Failure) [PSYoungGen: 319569K->161856K(464896K)] 1228768K->1156340K(1863168K), 0.0476743 secs] [Times: user=0.29 sys=0.00, real=0.04 secs] 
3684.691: [GC (Allocation Failure) [PSYoungGen: 394816K->89920K(323072K)] 1389300K->1237572K(1721344K), 0.1461737 secs] [Times: user=0.87 sys=0.00, real=0.14 secs] 
3686.210: [GC (Allocation Failure) [PSYoungGen: 314764K->160064K(462848K)] 1462416K->1394652K(1861120K), 0.0488508 secs] [Times: user=0.29 sys=0.00, real=0.04 secs] 
3686.258: [Full GC (Ergonomics) [PSYoungGen: 160064K->0K(462848K)] [ParOldGen: 1234588K->197575K(1398272K)] 1394652K->197575K(1861120K), [Metaspace: 60382K->60382K(1105920K)], 0.4679549 secs] [Times: user=2.19 sys=0.00, real=0.47 secs] 
3688.726: [GC (Allocation Failure) [PSYoungGen: 231936K->90112K(322560K)] 429511K->287687K(1720832K), 0.0691302 secs] [Times: user=0.41 sys=0.01, real=0.07 secs] 
3690.401: [GC (Allocation Failure) [PSYoungGen: 311534K->159488K(460800K)] 509110K->444568K(1859072K), 0.0468361 secs] [Times: user=0.27 sys=0.00, real=0.04 secs] 
3692.645: [GC (Allocation Failure) [PSYoungGen: 389049K->89760K(464384K)] 674129K->526156K(1862656K), 0.0887019 secs] [Times: user=0.53 sys=0.00, real=0.09 secs] 
3693.718: [GC (Allocation Failure) [PSYoungGen: 313086K->159936K(460800K)] 749482K->683292K(1859072K), 0.0482765 secs] [Times: user=0.29 sys=0.00, real=0.05 secs] 
3695.611: [GC (Allocation Failure) [PSYoungGen: 392896K->88224K(464384K)] 916252K->762876K(1862656K), 0.1541997 secs] [Times: user=0.92 sys=0.00, real=0.15 secs] 
3696.603: [GC (Allocation Failure) [PSYoungGen: 309069K->161376K(462848K)] 983722K->922009K(1861120K), 0.0479372 secs] [Times: user=0.29 sys=0.00, real=0.05 secs] 
3700.033: [GC (Allocation Failure) [PSYoungGen: 396896K->90784K(466944K)] 1157529K->1004665K(1865216K), 0.1648149 secs] [Times: user=0.99 sys=0.00, real=0.16 secs] 
3701.561: [GC (Allocation Failure) [PSYoungGen: 312964K->160064K(463360K)] 1226846K->1160958K(1861632K), 0.0485503 secs] [Times: user=0.29 sys=0.00, real=0.05 secs] 
3703.720: [GC (Allocation Failure) [PSYoungGen: 396608K->91040K(466944K)] 1397502K->1243134K(1865216K), 0.1824125 secs] [Times: user=1.09 sys=0.00, real=0.18 secs] 
3704.339: [GC (Allocation Failure) [PSYoungGen: 327584K->170016K(458752K)] 1479678K->1409991K(1857024K), 0.0503452 secs] [Times: user=0.30 sys=0.00, real=0.05 secs] 
3704.390: [Full GC (Ergonomics) [PSYoungGen: 170016K->0K(458752K)] [ParOldGen: 1239975K->208558K(1398272K)] 1409991K->208558K(1857024K), [Metaspace: 60389K->60389K(1105920K)], 0.4708894 secs] [Times: user=2.18 sys=0.00, real=0.47 secs] 
3708.151: [GC (Allocation Failure) [PSYoungGen: 232960K->79840K(465920K)] 441518K->288398K(1864192K), 0.1635704 secs] [Times: user=0.86 sys=0.00, real=0.16 secs] 
3709.113: [GC (Allocation Failure) [PSYoungGen: 312800K->168288K(463872K)] 521358K->453055K(1862144K), 0.0521036 secs] [Times: user=0.31 sys=0.00, real=0.05 secs] 
3711.893: [GC (Allocation Failure) [PSYoungGen: 401248K->84288K(465920K)] 686015K->537051K(1864192K), 0.1445135 secs] [Times: user=0.86 sys=0.01, real=0.14 secs] 
3712.656: [GC (Allocation Failure) [PSYoungGen: 317248K->170976K(465920K)] 770011K->703944K(1864192K), 0.0545862 secs] [Times: user=0.32 sys=0.01, real=0.06 secs] 
3717.229: [GC (Allocation Failure) [PSYoungGen: 403936K->74880K(465920K)] 936904K->778936K(1864192K), 0.1660904 secs] [Times: user=1.00 sys=0.00, real=0.17 secs] 
3717.754: [GC (Allocation Failure) [PSYoungGen: 307840K->185472K(465920K)] 1011896K->960581K(1864192K), 0.0547679 secs] [Times: user=0.32 sys=0.00, real=0.05 secs] 
3720.109: [GC (Allocation Failure) [PSYoungGen: 418432K->80256K(465920K)] 1193541K->1024237K(1864192K), 0.1387052 secs] [Times: user=0.82 sys=0.00, real=0.14 secs] 
3720.558: [GC (Allocation Failure) [PSYoungGen: 313216K->171488K(465920K)] 1257197K->1189590K(1864192K), 0.0555864 secs] [Times: user=0.32 sys=0.00, real=0.06 secs] 
3722.668: [GC (Allocation Failure) [PSYoungGen: 404448K->88864K(465920K)] 1422550K->1278214K(1864192K), 0.1307758 secs] [Times: user=0.77 sys=0.00, real=0.14 secs] 
3722.799: [Full GC (Ergonomics) [PSYoungGen: 88864K->0K(465920K)] [ParOldGen: 1189350K->85387K(1398272K)] 1278214K->85387K(1864192K), [Metaspace: 60391K->60391K(1105920K)], 0.2048163 secs] [Times: user=0.94 sys=0.00, real=0.20 secs] 
3723.520: [GC (Allocation Failure) [PSYoungGen: 232960K->209056K(465920K)] 318347K->294443K(1864192K), 0.0382938 secs] [Times: user=0.22 sys=0.00, real=0.03 secs] 
3727.097: [GC (Allocation Failure) [PSYoungGen: 442016K->81888K(465920K)] 527403K->341843K(1864192K), 0.1106792 secs] [Times: user=0.66 sys=0.00, real=0.11 secs] 
3728.232: [GC (Allocation Failure) [PSYoungGen: 312736K->203040K(465920K)] 572692K->534712K(1864192K), 0.0648171 secs] [Times: user=0.39 sys=0.00, real=0.06 secs] 
3731.619: [GC (Allocation Failure) [PSYoungGen: 436000K->82688K(465920K)] 767672K->580536K(1864192K), 0.0998169 secs] [Times: user=0.59 sys=0.01, real=0.10 secs] 
3732.851: [GC (Allocation Failure) [PSYoungGen: 315648K->161344K(465920K)] 813496K->735125K(1864192K), 0.0595535 secs] [Times: user=0.35 sys=0.00, real=0.06 secs] 
3734.804: [GC (Allocation Failure) [PSYoungGen: 394228K->93344K(465920K)] 968009K->828277K(1864192K), 0.0978883 secs] [Times: user=0.59 sys=0.01, real=0.10 secs] 
3736.525: [GC (Allocation Failure) [PSYoungGen: 326304K->150624K(465920K)] 1061237K->972090K(1864192K), 0.0599849 secs] [Times: user=0.36 sys=0.00, real=0.06 secs] 
3739.843: [GC (Allocation Failure) [PSYoungGen: 383584K->99104K(465920K)] 1205050K->1071434K(1864192K), 0.0902776 secs] [Times: user=0.54 sys=0.00, real=0.09 secs] 
3741.126: [GC (Allocation Failure) [PSYoungGen: 332064K->149952K(465920K)] 1304394K->1210149K(1864192K), 0.0607911 secs] [Times: user=0.36 sys=0.00, real=0.06 secs] 
3744.079: [GC (Allocation Failure) [PSYoungGen: 382912K->104480K(465920K)] 1443109K->1314469K(1864192K), 0.0715945 secs] [Times: user=0.43 sys=0.01, real=0.08 secs] 
3744.150: [Full GC (Ergonomics) [PSYoungGen: 104480K->0K(465920K)] [ParOldGen: 1209989K->119334K(1398272K)] 1314469K->119334K(1864192K), [Metaspace: 60401K->60401K(1105920K)], 0.2859053 secs] [Times: user=1.26 sys=0.00, real=0.28 secs] 
3745.962: [GC (Allocation Failure) [PSYoungGen: 232960K->144064K(465920K)] 352294K->263398K(1864192K), 0.0527679 secs] [Times: user=0.32 sys=0.00, real=0.05 secs] 
3748.063: [GC (Allocation Failure) [PSYoungGen: 377024K->113760K(347136K)] 496358K->377070K(1745408K), 0.0773863 secs] [Times: user=0.46 sys=0.00, real=0.08 secs] 
3750.476: [GC (Allocation Failure) [PSYoungGen: 346720K->134592K(465408K)] 610030K->501170K(1863680K), 0.0611970 secs] [Times: user=0.36 sys=0.00, real=0.06 secs] 
3752.321: [GC (Allocation Failure) [PSYoungGen: 374720K->127680K(458240K)] 741298K->628946K(1856512K), 0.0587387 secs] [Times: user=0.34 sys=0.00, real=0.06 secs] 
3754.144: [GC (Allocation Failure) [PSYoungGen: 367808K->1728K(451584K)] 869074K->503034K(1849856K), 0.0021561 secs] [Times: user=0.01 sys=0.00, real=0.00 secs] 
3755.897: [GC (Allocation Failure) [PSYoungGen: 243904K->149280K(464896K)] 745210K->651379K(1863168K), 0.0296446 secs] [Times: user=0.17 sys=0.00, real=0.03 secs] 
3757.394: [GC (Allocation Failure) [PSYoungGen: 391456K->8544K(457216K)] 893555K->510755K(1855488K), 0.0058758 secs] [Times: user=0.03 sys=0.00, real=0.01 secs] 
3758.805: [GC (Allocation Failure) [PSYoungGen: 241504K->163648K(465920K)] 743715K->672828K(1864192K), 0.0427539 secs] [Times: user=0.25 sys=0.01, real=0.04 secs] 
3761.302: [GC (Allocation Failure) [PSYoungGen: 396608K->89440K(464896K)] 905788K->754156K(1863168K), 0.1434194 secs] [Times: user=0.85 sys=0.01, real=0.14 secs] 
3764.006: [GC (Allocation Failure) [PSYoungGen: 322400K->161056K(465408K)] 987116K->912745K(1863680K), 0.0493068 secs] [Times: user=0.29 sys=0.00, real=0.05 secs] 
3765.517: [GC (Allocation Failure) [PSYoungGen: 394016K->93984K(461824K)] 1145705K->997437K(1860096K), 0.1101337 secs] [Times: user=0.65 sys=0.01, real=0.11 secs] 
3767.208: [GC (Allocation Failure) [PSYoungGen: 327456K->163840K(463872K)] 1230909K->1158411K(1862144K), 0.0506098 secs] [Times: user=0.31 sys=0.00, real=0.05 secs] 
3768.830: [GC (Allocation Failure) [PSYoungGen: 397312K->96160K(463872K)] 1391883K->1245499K(1862144K), 0.1076328 secs] [Times: user=0.64 sys=0.00, real=0.10 secs] 
3769.769: [GC (Allocation Failure) [PSYoungGen: 331680K->168384K(464896K)] 1481019K->1410568K(1863168K), 0.0516154 secs] [Times: user=0.31 sys=0.00, real=0.05 secs] 
3769.821: [Full GC (Ergonomics) [PSYoungGen: 168384K->0K(464896K)] [ParOldGen: 1242184K->207339K(1398272K)] 1410568K->207339K(1863168K), [Metaspace: 60401K->60401K(1105920K)], 0.4775650 secs] [Times: user=2.22 sys=0.00, real=0.47 secs] 
3773.205: [GC (Allocation Failure) [PSYoungGen: 235520K->84832K(466944K)] 442859K->292171K(1865216K), 0.1821465 secs] [Times: user=1.09 sys=0.00, real=0.18 secs] 
3774.189: [GC (Allocation Failure) [PSYoungGen: 318816K->168672K(465920K)] 526155K->457032K(1864192K), 0.0529085 secs] [Times: user=0.31 sys=0.01, real=0.05 secs] 
3778.098: [GC (Allocation Failure) [PSYoungGen: 402656K->80064K(465920K)] 691016K->537072K(1864192K), 0.1492193 secs] [Times: user=0.89 sys=0.00, real=0.15 secs] 
3778.690: [GC (Allocation Failure) [PSYoungGen: 313024K->170464K(465920K)] 770032K->703381K(1864192K), 0.0548481 secs] [Times: user=0.32 sys=0.00, real=0.05 secs] 
3782.317: [GC (Allocation Failure) [PSYoungGen: 403424K->76384K(465920K)] 936341K->779893K(1864192K), 0.1768298 secs] [Times: user=1.06 sys=0.00, real=0.18 secs] 
3782.830: [GC (Allocation Failure) [PSYoungGen: 309344K->171200K(465920K)] 1012853K->947021K(1864192K), 0.0556611 secs] [Times: user=0.33 sys=0.00, real=0.05 secs] 
3785.909: [GC (Allocation Failure) [PSYoungGen: 404160K->84128K(465920K)] 1179981K->1030989K(1864192K), 0.1222987 secs] [Times: user=0.73 sys=0.00, real=0.13 secs] 
3786.303: [GC (Allocation Failure) [PSYoungGen: 317088K->175104K(465920K)] 1263949K->1196134K(1864192K), 0.0574063 secs] [Times: user=0.34 sys=0.00, real=0.06 secs] 
3789.188: [GC (Allocation Failure) [PSYoungGen: 408064K->83744K(465920K)] 1429094K->1279754K(1864192K), 0.1321076 secs] [Times: user=0.79 sys=0.00, real=0.14 secs] 
3789.320: [Full GC (Ergonomics) [PSYoungGen: 83744K->0K(465920K)] [ParOldGen: 1196010K->86546K(1398272K)] 1279754K->86546K(1864192K), [Metaspace: 60402K->60402K(1105920K)], 0.2054503 secs] [Times: user=0.93 sys=0.00, real=0.20 secs] 
3789.873: [GC (Allocation Failure) [PSYoungGen: 232959K->190816K(465920K)] 319506K->277362K(1864192K), 0.0365513 secs] [Times: user=0.21 sys=0.00, real=0.04 secs] 
3793.496: [GC (Allocation Failure) [PSYoungGen: 423776K->84416K(465920K)] 510322K->344366K(1864192K), 0.1111901 secs] [Times: user=0.66 sys=0.00, real=0.11 secs] 
3794.175: [GC (Allocation Failure) [PSYoungGen: 315227K->199616K(465920K)] 575178K->533507K(1864192K), 0.0596550 secs] [Times: user=0.36 sys=0.00, real=0.06 secs] 
3797.587: [GC (Allocation Failure) [PSYoungGen: 432576K->79104K(465920K)] 766467K->577219K(1864192K), 0.1127324 secs] [Times: user=0.67 sys=0.00, real=0.12 secs] 
3798.757: [GC (Allocation Failure) [PSYoungGen: 309079K->202336K(465920K)] 807195K->773216K(1864192K), 0.0659122 secs] [Times: user=0.39 sys=0.01, real=0.07 secs] 
3801.679: [GC (Allocation Failure) [PSYoungGen: 435296K->86208K(465920K)] 1006176K->822424K(1864192K), 0.0966002 secs] [Times: user=0.57 sys=0.00, real=0.10 secs] 
3802.892: [GC (Allocation Failure) [PSYoungGen: 319168K->158208K(465920K)] 1055384K->973901K(1864192K), 0.0600475 secs] [Times: user=0.36 sys=0.00, real=0.06 secs] 
3807.024: [GC (Allocation Failure) [PSYoungGen: 391168K->91968K(465920K)] 1206861K->1065845K(1864192K), 0.0987709 secs] [Times: user=0.58 sys=0.00, real=0.10 secs] 
3808.251: [GC (Allocation Failure) [PSYoungGen: 324928K->152128K(465920K)] 1298805K->1211512K(1864192K), 0.0605877 secs] [Times: user=0.36 sys=0.00, real=0.06 secs] 
3810.784: [GC (Allocation Failure) [PSYoungGen: 385088K->98080K(465920K)] 1444472K->1309568K(1864192K), 0.0904660 secs] [Times: user=0.54 sys=0.00, real=0.09 secs] 
3810.875: [Full GC (Ergonomics) [PSYoungGen: 98080K->0K(465920K)] [ParOldGen: 1211488K->113207K(1398272K)] 1309568K->113207K(1864192K), [Metaspace: 60402K->60402K(1105920K)], 0.2437462 secs] [Times: user=1.10 sys=0.00, real=0.24 secs] 
3812.237: [GC (Allocation Failure) [PSYoungGen: 232960K->150656K(465920K)] 346167K->263863K(1864192K), 0.0543283 secs] [Times: user=0.32 sys=0.00, real=0.06 secs] 
3814.810: [GC (Allocation Failure) [PSYoungGen: 383616K->108736K(465920K)] 496823K->372487K(1864192K), 0.0884003 secs] [Times: user=0.52 sys=0.01, real=0.08 secs] 
3817.041: [GC (Allocation Failure) [PSYoungGen: 341696K->139744K(372736K)] 605447K->501284K(1771008K), 0.0609124 secs] [Times: user=0.37 sys=0.00, real=0.06 secs] 
3818.598: [GC (Allocation Failure) [PSYoungGen: 372704K->116768K(472576K)] 734244K->618104K(1870848K), 0.0764887 secs] [Times: user=0.45 sys=0.00, real=0.08 secs] 
3820.683: [GC (Allocation Failure) [PSYoungGen: 357920K->131360K(372736K)] 859256K->738857K(1771008K), 0.0613638 secs] [Times: user=0.36 sys=0.00, real=0.06 secs] 
3821.641: [GC (Allocation Failure) [PSYoungGen: 372512K->142464K(462848K)] 980009K->881257K(1861120K), 0.0756006 secs] [Times: user=0.45 sys=0.00, real=0.07 secs] 
3823.713: [GC (Allocation Failure) [PSYoungGen: 390272K->5824K(459264K)] 1129065K->744649K(1857536K), 0.0034754 secs] [Times: user=0.02 sys=0.00, real=0.00 secs] 
3825.760: [GC (Allocation Failure) [PSYoungGen: 253632K->169440K(457216K)] 992457K->912381K(1855488K), 0.0341228 secs] [Times: user=0.20 sys=0.00, real=0.03 secs] 
3827.152: [GC (Allocation Failure) [PSYoungGen: 402400K->98336K(465920K)] 1145341K->1001609K(1864192K), 0.1075939 secs] [Times: user=0.64 sys=0.00, real=0.11 secs] 
3829.380: [GC (Allocation Failure) [PSYoungGen: 329853K->160800K(463360K)] 1233127K->1159590K(1861632K), 0.0514385 secs] [Times: user=0.30 sys=0.00, real=0.05 secs] 
3831.256: [GC (Allocation Failure) [PSYoungGen: 397856K->97152K(334336K)] 1396646K->1247790K(1732608K), 0.1172690 secs] [Times: user=0.70 sys=0.00, real=0.12 secs] 
3832.850: [GC (Allocation Failure) [PSYoungGen: 334208K->203232K(457728K)] 1484846K->1447519K(1856000K), 0.0527327 secs] [Times: user=0.31 sys=0.01, real=0.05 secs] 
3832.902: [Full GC (Ergonomics) [PSYoungGen: 203232K->0K(457728K)] [ParOldGen: 1244287K->214000K(1398272K)] 1447519K->214000K(1856000K), [Metaspace: 60410K->60410K(1105920K)], 0.4932677 secs] [Times: user=2.31 sys=0.00, real=0.49 secs] 
3835.732: [GC (Allocation Failure) [PSYoungGen: 232960K->82688K(465920K)] 446960K->296688K(1864192K), 0.1408912 secs] [Times: user=0.83 sys=0.00, real=0.14 secs] 
3836.366: [GC (Allocation Failure) [PSYoungGen: 315648K->169056K(465920K)] 529648K->462065K(1864192K), 0.0542543 secs] [Times: user=0.32 sys=0.00, real=0.06 secs] 
3839.810: [GC (Allocation Failure) [PSYoungGen: 402016K->78912K(465920K)] 695025K->540697K(1864192K), 0.1540231 secs] [Times: user=0.92 sys=0.00, real=0.15 secs] 
3840.618: [GC (Allocation Failure) [PSYoungGen: 311872K->170880K(465920K)] 773657K->707570K(1864192K), 0.0784872 secs] [Times: user=0.47 sys=0.00, real=0.08 secs] 
3843.594: [GC (Allocation Failure) [PSYoungGen: 403840K->82656K(465920K)] 940530K->790426K(1864192K), 0.1763696 secs] [Times: user=1.05 sys=0.00, real=0.18 secs] 
3844.080: [GC (Allocation Failure) [PSYoungGen: 315616K->177312K(465920K)] 1023386K->957470K(1864192K), 0.0555719 secs] [Times: user=0.33 sys=0.00, real=0.05 secs] 
3846.674: [GC (Allocation Failure) [PSYoungGen: 410272K->82720K(465920K)] 1190430K->1040431K(1864192K), 0.1084784 secs] [Times: user=0.64 sys=0.00, real=0.11 secs] 
3847.117: [GC (Allocation Failure) [PSYoungGen: 315680K->172064K(465920K)] 1273391K->1206431K(1864192K), 0.0571060 secs] [Times: user=0.34 sys=0.00, real=0.06 secs] 
3850.721: [GC (Allocation Failure) [PSYoungGen: 405024K->79584K(465920K)] 1439391K->1285527K(1864192K), 0.1082314 secs] [Times: user=0.64 sys=0.00, real=0.11 secs] 
3850.829: [Full GC (Ergonomics) [PSYoungGen: 79584K->0K(465920K)] [ParOldGen: 1205943K->93273K(1398272K)] 1285527K->93273K(1864192K), [Metaspace: 60410K->60410K(1105920K)], 0.2196324 secs] [Times: user=1.01 sys=0.00, real=0.22 secs] 
3852.054: [GC (Allocation Failure) [PSYoungGen: 232293K->203616K(465920K)] 325566K->296889K(1864192K), 0.0503948 secs] [Times: user=0.29 sys=0.01, real=0.05 secs] 
3853.951: [GC (Allocation Failure) [PSYoungGen: 436576K->90688K(465920K)] 529849K->350593K(1864192K), 0.0926568 secs] [Times: user=0.55 sys=0.00, real=0.09 secs] 
3855.764: [GC (Allocation Failure) [PSYoungGen: 323648K->152832K(465920K)] 583553K->497278K(1864192K), 0.0598055 secs] [Times: user=0.36 sys=0.01, real=0.06 secs] 
3859.434: [GC (Allocation Failure) [PSYoungGen: 385792K->92928K(465920K)] 730238K->590046K(1864192K), 0.0919111 secs] [Times: user=0.55 sys=0.00, real=0.09 secs] 
3860.666: [GC (Allocation Failure) [PSYoungGen: 325888K->150944K(465920K)] 823006K->734439K(1864192K), 0.0602161 secs] [Times: user=0.36 sys=0.00, real=0.06 secs] 
3862.751: [GC (Allocation Failure) [PSYoungGen: 376735K->93696K(465920K)] 960231K->828239K(1864192K), 0.0913868 secs] [Times: user=0.54 sys=0.01, real=0.09 secs] 
3863.995: [GC (Allocation Failure) [PSYoungGen: 326656K->150816K(465920K)] 1061199K->972388K(1864192K), 0.0610453 secs] [Times: user=0.37 sys=0.00, real=0.06 secs] 
3865.360: [GC (Allocation Failure) [PSYoungGen: 383776K->109440K(342528K)] 1205348K->1082048K(1740800K), 0.0786609 secs] [Times: user=0.47 sys=0.00, real=0.07 secs] 
3866.838: [GC (Allocation Failure) [PSYoungGen: 342400K->139136K(468992K)] 1315008K->1210829K(1867264K), 0.0621629 secs] [Times: user=0.37 sys=0.00, real=0.07 secs] 
3869.050: [GC (Allocation Failure) [PSYoungGen: 377728K->123232K(361984K)] 1449421K->1333581K(1760256K), 0.0682597 secs] [Times: user=0.41 sys=0.00, real=0.06 secs] 
3869.119: [Full GC (Ergonomics) [PSYoungGen: 123232K->0K(361984K)] [ParOldGen: 1210349K->138754K(1398272K)] 1333581K->138754K(1760256K), [Metaspace: 60420K->60420K(1105920K)], 0.3155498 secs] [Times: user=1.44 sys=0.01, real=0.32 secs] 
3870.538: [GC (Allocation Failure) [PSYoungGen: 238592K->125120K(468480K)] 377346K->263874K(1866752K), 0.0438844 secs] [Times: user=0.26 sys=0.01, real=0.05 secs] 
3872.814: [GC (Allocation Failure) [PSYoungGen: 377536K->153984K(459776K)] 516290K->417734K(1858048K), 0.0619321 secs] [Times: user=0.37 sys=0.00, real=0.06 secs] 
3874.690: [GC (Allocation Failure) [PSYoungGen: 406400K->15264K(465920K)] 670150K->279046K(1864192K), 0.0047868 secs] [Times: user=0.02 sys=0.00, real=0.00 secs] 
3877.327: [GC (Allocation Failure) [PSYoungGen: 259631K->170880K(427520K)] 523414K->446779K(1825792K), 0.0364964 secs] [Times: user=0.21 sys=0.00, real=0.04 secs] 
3879.538: [GC (Allocation Failure) [PSYoungGen: 427392K->108256K(476672K)] 703291K->545771K(1874944K), 0.1804865 secs] [Times: user=1.08 sys=0.00, real=0.19 secs] 
3880.863: [GC (Allocation Failure) [PSYoungGen: 354528K->198240K(444928K)] 792043K->740244K(1843200K), 0.0570432 secs] [Times: user=0.34 sys=0.00, real=0.06 secs] 
3884.263: [GC (Allocation Failure) [PSYoungGen: 444512K->83520K(465920K)] 986516K->807536K(1864192K), 0.1350444 secs] [Times: user=0.81 sys=0.00, real=0.13 secs] 
3885.360: [GC (Allocation Failure) [PSYoungGen: 316480K->173472K(465920K)] 1040496K->974937K(1864192K), 0.1100583 secs] [Times: user=0.66 sys=0.01, real=0.11 secs] 
3889.362: [GC (Allocation Failure) [PSYoungGen: 406432K->75712K(465920K)] 1207897K->1050881K(1864192K), 0.1233185 secs] [Times: user=0.74 sys=0.00, real=0.12 secs] 
3889.883: [GC (Allocation Failure) [PSYoungGen: 308463K->206144K(465920K)] 1283632K->1251142K(1864192K), 0.0568343 secs] [Times: user=0.34 sys=0.00, real=0.06 secs] 
3892.755: [GC (Allocation Failure) [PSYoungGen: 439104K->78816K(465920K)] 1484102K->1296286K(1864192K), 0.1224078 secs] [Times: user=0.69 sys=0.00, real=0.12 secs] 
3892.878: [Full GC (Ergonomics) [PSYoungGen: 78816K->0K(465920K)] [ParOldGen: 1217470K->94460K(1398272K)] 1296286K->94460K(1864192K), [Metaspace: 60421K->60421K(1105920K)], 0.2267016 secs] [Times: user=1.04 sys=0.00, real=0.23 secs] 
3893.808: [GC (Allocation Failure) [PSYoungGen: 232960K->206304K(465920K)] 327420K->300764K(1864192K), 0.0413592 secs] [Times: user=0.24 sys=0.00, real=0.05 secs] 
3895.810: [GC (Allocation Failure) [PSYoungGen: 439264K->93760K(465920K)] 533724K->353524K(1864192K), 0.1060811 secs] [Times: user=0.63 sys=0.00, real=0.10 secs] 
3897.517: [GC (Allocation Failure) [PSYoungGen: 326720K->154400K(465920K)] 586484K->497245K(1864192K), 0.0593451 secs] [Times: user=0.35 sys=0.00, real=0.06 secs] 
3899.838: [GC (Allocation Failure) [PSYoungGen: 381490K->92992K(465920K)] 724336K->590365K(1864192K), 0.0919381 secs] [Times: user=0.55 sys=0.00, real=0.10 secs] 
3901.338: [GC (Allocation Failure) [PSYoungGen: 325952K->151104K(465920K)] 823325K->735034K(1864192K), 0.0599513 secs] [Times: user=0.36 sys=0.00, real=0.06 secs] 
3903.531: [GC (Allocation Failure) [PSYoungGen: 384064K->123392K(465920K)] 967994K->858238K(1864192K), 0.0892036 secs] [Times: user=0.53 sys=0.00, real=0.09 secs] 
3904.766: [GC (Allocation Failure) [PSYoungGen: 356352K->149664K(465920K)] 1091198K->972611K(1864192K), 0.0602376 secs] [Times: user=0.36 sys=0.00, real=0.06 secs] 
3906.780: [GC (Allocation Failure) [PSYoungGen: 382624K->108800K(460800K)] 1205571K->1081219K(1859072K), 0.0712428 secs] [Times: user=0.42 sys=0.00, real=0.07 secs] 
3908.373: [GC (Allocation Failure) [PSYoungGen: 341760K->139744K(463360K)] 1314179K->1210143K(1861632K), 0.0607172 secs] [Times: user=0.36 sys=0.00, real=0.06 secs] 
3910.941: [GC (Allocation Failure) [PSYoungGen: 372704K->122272K(457216K)] 1443103K->1332247K(1855488K), 0.0632357 secs] [Times: user=0.37 sys=0.00, real=0.06 secs] 
3911.004: [Full GC (Ergonomics) [PSYoungGen: 122272K->0K(457216K)] [ParOldGen: 1209975K->137815K(1398272K)] 1332247K->137815K(1855488K), [Metaspace: 60421K->60421K(1105920K)], 0.3123236 secs] [Times: user=1.44 sys=0.00, real=0.31 secs] 
3912.446: [GC (Allocation Failure) [PSYoungGen: 244736K->127648K(460800K)] 382551K->265463K(1859072K), 0.0460628 secs] [Times: user=0.27 sys=0.00, real=0.05 secs] 
3914.915: [GC (Allocation Failure) [PSYoungGen: 372384K->147584K(479232K)] 510199K->412055K(1877504K), 0.0624841 secs] [Times: user=0.37 sys=0.00, real=0.06 secs] 
3917.043: [GC (Allocation Failure) [PSYoungGen: 418944K->20896K(478208K)] 683415K->285516K(1876480K), 0.0181810 secs] [Times: user=0.10 sys=0.00, real=0.02 secs] 
3918.189: [GC (Allocation Failure) [PSYoungGen: 292256K->209632K(451072K)] 556876K->491992K(1849344K), 0.0448323 secs] [Times: user=0.26 sys=0.00, real=0.04 secs] 
3920.727: [GC (Allocation Failure) [PSYoungGen: 442592K->83968K(465920K)] 724952K->559076K(1864192K), 0.1693088 secs] [Times: user=1.01 sys=0.00, real=0.17 secs] 
3921.215: [GC (Allocation Failure) [PSYoungGen: 316928K->174880K(465920K)] 792036K->727949K(1864192K), 0.0567902 secs] [Times: user=0.34 sys=0.01, real=0.06 secs] 
3923.925: [GC (Allocation Failure) [PSYoungGen: 407840K->81248K(465920K)] 960909K->808985K(1864192K), 0.1305852 secs] [Times: user=0.78 sys=0.00, real=0.13 secs] 
3925.318: [GC (Allocation Failure) [PSYoungGen: 314208K->173024K(465920K)] 1041945K->976082K(1864192K), 0.1458167 secs] [Times: user=0.87 sys=0.00, real=0.15 secs] 
3928.103: [GC (Allocation Failure) [PSYoungGen: 405984K->80864K(465920K)] 1209042K->1056770K(1864192K), 0.0987603 secs] [Times: user=0.59 sys=0.00, real=0.10 secs] 
3929.203: [GC (Allocation Failure) [PSYoungGen: 310728K->201664K(465920K)] 1286634K->1252423K(1864192K), 0.0605231 secs] [Times: user=0.36 sys=0.00, real=0.06 secs] 
3931.011: [GC (Allocation Failure) [PSYoungGen: 434624K->85504K(465920K)] 1485383K->1303087K(1864192K), 0.1001385 secs] [Times: user=0.59 sys=0.00, real=0.10 secs] 
3931.112: [Full GC (Ergonomics) [PSYoungGen: 85504K->0K(465920K)] [ParOldGen: 1217583K->100601K(1398272K)] 1303087K->100601K(1864192K), [Metaspace: 60422K->60422K(1105920K)], 0.2273461 secs] [Times: user=1.03 sys=0.00, real=0.23 secs] 
3933.295: [GC (Allocation Failure) [PSYoungGen: 232960K->158240K(465920K)] 333561K->258841K(1864192K), 0.0457984 secs] [Times: user=0.27 sys=0.00, real=0.05 secs] 
3936.272: [GC (Allocation Failure) [PSYoungGen: 391200K->90368K(465920K)] 491801K->349221K(1864192K), 0.0990171 secs] [Times: user=0.58 sys=0.00, real=0.10 secs] 
3937.514: [GC (Allocation Failure) [PSYoungGen: 323328K->153824K(465920K)] 582181K->496344K(1864192K), 0.0595586 secs] [Times: user=0.35 sys=0.01, real=0.06 secs] 
3938.624: [GC (Allocation Failure) [PSYoungGen: 386784K->101312K(465920K)] 729304K->597528K(1864192K), 0.0766711 secs] [Times: user=0.46 sys=0.00, real=0.08 secs] 
3940.748: [GC (Allocation Failure) [PSYoungGen: 334272K->147168K(465920K)] 830488K->734033K(1864192K), 0.0605985 secs] [Times: user=0.36 sys=0.00, real=0.06 secs] 
3942.418: [GC (Allocation Failure) [PSYoungGen: 380128K->111264K(344576K)] 966993K->845113K(1742848K), 0.0785730 secs] [Times: user=0.47 sys=0.00, real=0.08 secs] 
3943.915: [GC (Allocation Failure) [PSYoungGen: 344224K->136960K(467456K)] 1078073K->971606K(1865728K), 0.0615404 secs] [Times: user=0.37 sys=0.00, real=0.06 secs] 
3946.111: [GC (Allocation Failure) [PSYoungGen: 376064K->122112K(461312K)] 1210710K->1093798K(1859584K), 0.0672580 secs] [Times: user=0.40 sys=0.01, real=0.06 secs] 
3948.282: [GC (Allocation Failure) [PSYoungGen: 361216K->1376K(449024K)] 1332902K->973086K(1847296K), 0.0023560 secs] [Times: user=0.01 sys=0.00, real=0.00 secs] 
3951.888: [GC (Allocation Failure) [PSYoungGen: 236896K->138976K(461824K)] 1208606K->1111283K(1860096K), 0.0281804 secs] [Times: user=0.17 sys=0.01, real=0.03 secs] 
3953.071: [GC (Allocation Failure) [PSYoungGen: 374496K->3008K(457216K)] 1346803K->975463K(1855488K), 0.0024711 secs] [Times: user=0.01 sys=0.00, real=0.00 secs] 
3955.954: [GC (Allocation Failure) [PSYoungGen: 235968K->148576K(465920K)] 1208423K->1122412K(1864192K), 0.0298010 secs] [Times: user=0.18 sys=0.00, real=0.03 secs] 
3957.161: [GC (Allocation Failure) [PSYoungGen: 381536K->102592K(449536K)] 1355372K->1216048K(1847808K), 0.0688873 secs] [Times: user=0.41 sys=0.00, real=0.07 secs] 
3960.299: [GC (Allocation Failure) [PSYoungGen: 335552K->154848K(457728K)] 1449008K->1369028K(1856000K), 0.0531096 secs] [Times: user=0.31 sys=0.00, real=0.06 secs] 
3960.352: [Full GC (Ergonomics) [PSYoungGen: 154848K->0K(457728K)] [ParOldGen: 1214180K->173050K(1398272K)] 1369028K->173050K(1856000K), [Metaspace: 60429K->60429K(1105920K)], 0.4153742 secs] [Times: user=1.94 sys=0.00, real=0.41 secs] 
3961.997: [GC (Allocation Failure) [PSYoungGen: 232960K->99168K(461312K)] 406010K->272218K(1859584K), 0.0472220 secs] [Times: user=0.28 sys=0.00, real=0.05 secs] 
3963.874: [GC (Allocation Failure) [PSYoungGen: 342880K->171552K(464896K)] 515930K->441223K(1863168K), 0.0539294 secs] [Times: user=0.32 sys=0.00, real=0.05 secs] 
3965.987: [GC (Allocation Failure) [PSYoungGen: 415264K->96064K(470528K)] 684935K->528699K(1868800K), 0.1636326 secs] [Times: user=0.98 sys=0.00, real=0.17 secs] 
3967.662: [GC (Allocation Failure) [PSYoungGen: 338240K->191104K(433664K)] 770875K->715752K(1831936K), 0.0523445 secs] [Times: user=0.30 sys=0.00, real=0.05 secs] 
3971.098: [GC (Allocation Failure) [PSYoungGen: 433280K->87040K(465920K)] 957928K->786200K(1864192K), 0.1437641 secs] [Times: user=0.85 sys=0.00, real=0.15 secs] 
3971.572: [GC (Allocation Failure) [PSYoungGen: 320000K->171872K(465920K)] 1019160K->954337K(1864192K), 0.0559196 secs] [Times: user=0.33 sys=0.00, real=0.05 secs] 
3975.886: [GC (Allocation Failure) [PSYoungGen: 404832K->75680K(465920K)] 1187297K->1030137K(1864192K), 0.1690964 secs] [Times: user=1.01 sys=0.00, real=0.17 secs] 
3976.545: [GC (Allocation Failure) [PSYoungGen: 308640K->176576K(465920K)] 1263097K->1200478K(1864192K), 0.0553330 secs] [Times: user=0.33 sys=0.00, real=0.06 secs] 
3980.637: [GC (Allocation Failure) [PSYoungGen: 409536K->76608K(465920K)] 1433438K->1277154K(1864192K), 0.1564199 secs] [Times: user=0.94 sys=0.00, real=0.16 secs] 
3980.794: [Full GC (Ergonomics) [PSYoungGen: 76608K->0K(465920K)] [ParOldGen: 1200546K->75465K(1398272K)] 1277154K->75465K(1864192K), [Metaspace: 60446K->60446K(1105920K)], 0.1880386 secs] [Times: user=0.87 sys=0.00, real=0.19 secs] 
3981.268: [GC (Allocation Failure) [PSYoungGen: 232960K->177184K(465920K)] 308425K->252649K(1864192K), 0.0379821 secs] [Times: user=0.23 sys=0.00, real=0.04 secs] 
3986.063: [GC (Allocation Failure) [PSYoungGen: 410144K->75872K(465920K)] 485609K->328849K(1864192K), 0.1410392 secs] [Times: user=0.84 sys=0.00, real=0.14 secs] 
3986.522: [GC (Allocation Failure) [PSYoungGen: 308832K->191200K(465920K)] 561809K->513914K(1864192K), 0.0566176 secs] [Times: user=0.33 sys=0.00, real=0.05 secs] 
3989.371: [GC (Allocation Failure) [PSYoungGen: 424160K->78656K(465920K)] 746874K->576042K(1864192K), 0.1292053 secs] [Times: user=0.76 sys=0.01, real=0.13 secs] 
3991.960: [GC (Allocation Failure) [PSYoungGen: 310491K->201376K(465920K)] 807878K->771015K(1864192K), 0.0588317 secs] [Times: user=0.35 sys=0.00, real=0.06 secs] 
3993.956: [GC (Allocation Failure) [PSYoungGen: 434336K->84864K(465920K)] 1003975K->821327K(1864192K), 0.1097653 secs] [Times: user=0.65 sys=0.01, real=0.11 secs] 
3996.694: [GC (Allocation Failure) [PSYoungGen: 315282K->195552K(465920K)] 1051746K->1010668K(1864192K), 0.0663287 secs] [Times: user=0.40 sys=0.00, real=0.07 secs] 
3997.787: [GC (Allocation Failure) [PSYoungGen: 428512K->92992K(465920K)] 1243628K->1067012K(1864192K), 0.0939597 secs] [Times: user=0.56 sys=0.00, real=0.10 secs] 
3999.834: [GC (Allocation Failure) [PSYoungGen: 325952K->151392K(465920K)] 1299972K->1211705K(1864192K), 0.0599664 secs] [Times: user=0.36 sys=0.00, real=0.06 secs] 
4001.293: [GC (Allocation Failure) [PSYoungGen: 384352K->101440K(465920K)] 1444665K->1313081K(1864192K), 0.0804936 secs] [Times: user=0.47 sys=0.01, real=0.08 secs] 
4001.374: [Full GC (Ergonomics) [PSYoungGen: 101440K->0K(465920K)] [ParOldGen: 1211641K->116498K(1398272K)] 1313081K->116498K(1864192K), [Metaspace: 60446K->60446K(1105920K)], 0.2542879 secs] [Times: user=1.14 sys=0.00, real=0.25 secs] 
4003.315: [GC (Allocation Failure) [PSYoungGen: 232960K->147008K(465920K)] 349458K->263506K(1864192K), 0.0514103 secs] [Times: user=0.31 sys=0.00, real=0.05 secs] 
4004.790: [GC (Allocation Failure) [PSYoungGen: 379968K->119616K(465920K)] 496466K->383030K(1864192K), 0.0763525 secs] [Times: user=0.46 sys=0.01, real=0.07 secs] 
4007.376: [GC (Allocation Failure) [PSYoungGen: 352576K->136480K(369664K)] 615990K->501101K(1767936K), 0.0609074 secs] [Times: user=0.36 sys=0.00, real=0.06 secs] 
4010.088: [GC (Allocation Failure) [PSYoungGen: 369440K->117056K(472576K)] 734061K->617957K(1870848K), 0.0661088 secs] [Times: user=0.39 sys=0.00, real=0.07 secs] 
4011.322: [GC (Allocation Failure) [PSYoungGen: 357696K->131648K(372736K)] 858597K->739010K(1771008K), 0.0616293 secs] [Times: user=0.37 sys=0.00, real=0.06 secs] 
4013.313: [GC (Allocation Failure) [PSYoungGen: 372288K->142272K(461824K)] 979650K->881026K(1860096K), 0.0590030 secs] [Times: user=0.35 sys=0.00, real=0.06 secs] 
4014.650: [GC (Allocation Failure) [PSYoungGen: 388544K->5728K(458240K)] 1127298K->744538K(1856512K), 0.0035103 secs] [Times: user=0.01 sys=0.00, real=0.00 secs] 
4019.201: [GC (Allocation Failure) [PSYoungGen: 252000K->161952K(462848K)] 990810K->904487K(1861120K), 0.0328425 secs] [Times: user=0.19 sys=0.00, real=0.03 secs] 
4020.674: [GC (Allocation Failure) [PSYoungGen: 400032K->99456K(337920K)] 1142567K->994843K(1736192K), 0.1137035 secs] [Times: user=0.67 sys=0.01, real=0.11 secs] 
4022.071: [GC (Allocation Failure) [PSYoungGen: 337481K->168352K(459776K)] 1232868K->1160344K(1858048K), 0.0525979 secs] [Times: user=0.32 sys=0.00, real=0.05 secs] 
4024.470: [GC (Allocation Failure) [PSYoungGen: 404384K->91776K(467456K)] 1396376K->1243196K(1865728K), 0.1812961 secs] [Times: user=1.08 sys=0.00, real=0.18 secs] 
4026.601: [GC (Allocation Failure) [PSYoungGen: 311743K->160224K(465408K)] 1463163K->1399413K(1863680K), 0.0646587 secs] [Times: user=0.39 sys=0.00, real=0.06 secs] 
4026.666: [Full GC (Ergonomics) [PSYoungGen: 160224K->0K(465408K)] [ParOldGen: 1239189K->197863K(1398272K)] 1399413K->197863K(1863680K), [Metaspace: 60447K->60447K(1105920K)], 0.4565654 secs] [Times: user=2.11 sys=0.00, real=0.46 secs] 
4028.655: [GC (Allocation Failure) [PSYoungGen: 239104K->94432K(333824K)] 436967K->292295K(1732096K), 0.0669050 secs] [Times: user=0.39 sys=0.01, real=0.07 secs] 
4030.005: [GC (Allocation Failure) [PSYoungGen: 333536K->168704K(459776K)] 531399K->456328K(1858048K), 0.0491909 secs] [Times: user=0.29 sys=0.00, real=0.05 secs] 
4032.490: [GC (Allocation Failure) [PSYoungGen: 403712K->90304K(466944K)] 691336K->545840K(1865216K), 0.1543739 secs] [Times: user=0.91 sys=0.00, real=0.15 secs] 
4033.330: [GC (Allocation Failure) [PSYoungGen: 325312K->168736K(460800K)] 780848K->710421K(1859072K), 0.0568095 secs] [Times: user=0.34 sys=0.00, real=0.05 secs] 
4036.732: [GC (Allocation Failure) [PSYoungGen: 398043K->77376K(465920K)] 939728K->787733K(1864192K), 0.1348736 secs] [Times: user=0.72 sys=0.00, real=0.13 secs] 
4037.146: [GC (Allocation Failure) [PSYoungGen: 310336K->171008K(464896K)] 1020693K->954498K(1863168K), 0.0540261 secs] [Times: user=0.32 sys=0.00, real=0.06 secs] 
4040.276: [GC (Allocation Failure) [PSYoungGen: 403968K->84416K(465920K)] 1187458K->1038954K(1864192K), 0.1542597 secs] [Times: user=0.91 sys=0.00, real=0.16 secs] 
4040.763: [GC (Allocation Failure) [PSYoungGen: 317376K->177888K(465920K)] 1271914K->1211011K(1864192K), 0.0586666 secs] [Times: user=0.35 sys=0.00, real=0.06 secs] 
4043.024: [GC (Allocation Failure) [PSYoungGen: 410848K->77280K(465920K)] 1443971K->1288535K(1864192K), 0.1328644 secs] [Times: user=0.79 sys=0.00, real=0.13 secs] 
4043.156: [Full GC (Ergonomics) [PSYoungGen: 77280K->0K(465920K)] [ParOldGen: 1211255K->87142K(1398272K)] 1288535K->87142K(1864192K), [Metaspace: 60449K->60449K(1105920K)], 0.2108681 secs] [Times: user=0.97 sys=0.01, real=0.21 secs] 
4043.970: [GC (Allocation Failure) [PSYoungGen: 232152K->206880K(465920K)] 319294K->294022K(1864192K), 0.0368321 secs] [Times: user=0.22 sys=0.01, real=0.03 secs] 
4046.376: [GC (Allocation Failure) [PSYoungGen: 439840K->84128K(465920K)] 526982K->343658K(1864192K), 0.1043810 secs] [Times: user=0.62 sys=0.00, real=0.11 secs] 
4047.881: [GC (Allocation Failure) [PSYoungGen: 317088K->160384K(465920K)] 576618K->497186K(1864192K), 0.0593844 secs] [Times: user=0.35 sys=0.00, real=0.06 secs] 
4050.152: [GC (Allocation Failure) [PSYoungGen: 393344K->92320K(465920K)] 730146K->589498K(1864192K), 0.0954164 secs] [Times: user=0.56 sys=0.00, real=0.09 secs] 
4051.484: [GC (Allocation Failure) [PSYoungGen: 325280K->152544K(465920K)] 822458K->735074K(1864192K), 0.0598442 secs] [Times: user=0.35 sys=0.00, real=0.06 secs] 
4053.541: [GC (Allocation Failure) [PSYoungGen: 385504K->100512K(465920K)] 968034K->835546K(1864192K), 0.0911272 secs] [Times: user=0.55 sys=0.00, real=0.09 secs] 
4055.798: [GC (Allocation Failure) [PSYoungGen: 333472K->147392K(465920K)] 1068506K->972582K(1864192K), 0.0605976 secs] [Times: user=0.36 sys=0.00, real=0.06 secs] 
4057.671: [GC (Allocation Failure) [PSYoungGen: 380352K->107424K(340480K)] 1205542K->1079854K(1738752K), 0.0809810 secs] [Times: user=0.48 sys=0.00, real=0.08 secs] 
4059.907: [GC (Allocation Failure) [PSYoungGen: 340384K->140864K(466432K)] 1312814K->1210290K(1864704K), 0.0610677 secs] [Times: user=0.36 sys=0.00, real=0.06 secs] 
4062.804: [GC (Allocation Failure) [PSYoungGen: 378432K->117792K(461824K)] 1447858K->1327946K(1860096K), 0.0755859 secs] [Times: user=0.45 sys=0.00, real=0.08 secs] 
4062.880: [Full GC (Ergonomics) [PSYoungGen: 117792K->0K(461824K)] [ParOldGen: 1210154K->132873K(1398272K)] 1327946K->132873K(1860096K), [Metaspace: 60453K->60453K(1105920K)], 0.3007020 secs] [Times: user=1.38 sys=0.00, real=0.30 secs] 
4064.323: [GC (Allocation Failure) [PSYoungGen: 237568K->130976K(467456K)] 370441K->263849K(1865728K), 0.0439713 secs] [Times: user=0.26 sys=0.00, real=0.04 secs] 
4066.894: [GC (Allocation Failure) [PSYoungGen: 383904K->146912K(461824K)] 516777K->410657K(1860096K), 0.0652026 secs] [Times: user=0.39 sys=0.00, real=0.07 secs] 
4068.760: [GC (Allocation Failure) [PSYoungGen: 399840K->13472K(467456K)] 663585K->277265K(1865728K), 0.0126906 secs] [Times: user=0.07 sys=0.00, real=0.01 secs] 
4070.156: [GC (Allocation Failure) [PSYoungGen: 273056K->219616K(479232K)] 536849K->504771K(1877504K), 0.0419572 secs] [Times: user=0.24 sys=0.00, real=0.04 secs] 
4074.208: [GC (Allocation Failure) [PSYoungGen: 479200K->100448K(452608K)] 764355K->555683K(1850880K), 0.1725279 secs] [Times: user=1.03 sys=0.00, real=0.18 secs] 
4075.117: [GC (Allocation Failure) [PSYoungGen: 333408K->172160K(465920K)] 788643K->722199K(1864192K), 0.0911955 secs] [Times: user=0.54 sys=0.00, real=0.09 secs] 
4079.419: [GC (Allocation Failure) [PSYoungGen: 405120K->71168K(465920K)] 955159K->793180K(1864192K), 0.1422712 secs] [Times: user=0.84 sys=0.01, real=0.15 secs] 
4080.193: [GC (Allocation Failure) [PSYoungGen: 304128K->173792K(465920K)] 1026140K->960540K(1864192K), 0.0539902 secs] [Times: user=0.32 sys=0.00, real=0.05 secs] 
4082.713: [GC (Allocation Failure) [PSYoungGen: 406752K->86720K(465920K)] 1193500K->1047020K(1864192K), 0.1383481 secs] [Times: user=0.82 sys=0.01, real=0.14 secs] 
4083.176: [GC (Allocation Failure) [PSYoungGen: 319680K->172032K(465920K)] 1279980K->1213045K(1864192K), 0.0588621 secs] [Times: user=0.35 sys=0.00, real=0.06 secs] 
4087.920: [GC (Allocation Failure) [PSYoungGen: 404992K->76064K(465920K)] 1446005K->1288477K(1864192K), 0.1333658 secs] [Times: user=0.79 sys=0.00, real=0.13 secs] 
4088.053: [Full GC (Ergonomics) [PSYoungGen: 76064K->0K(465920K)] [ParOldGen: 1212413K->86468K(1398272K)] 1288477K->86468K(1864192K), [Metaspace: 60455K->60455K(1105920K)], 0.2165342 secs] [Times: user=0.95 sys=0.00, real=0.22 secs] 
4088.862: [GC (Allocation Failure) [PSYoungGen: 232193K->208192K(465920K)] 318661K->294660K(1864192K), 0.0373915 secs] [Times: user=0.22 sys=0.00, real=0.04 secs] 
4091.562: [GC (Allocation Failure) [PSYoungGen: 441152K->80160K(465920K)] 527620K->340328K(1864192K), 0.1017123 secs] [Times: user=0.60 sys=0.00, real=0.10 secs] 
4092.683: [GC (Allocation Failure) [PSYoungGen: 309853K->201664K(465920K)] 570021K->535685K(1864192K), 0.0659507 secs] [Times: user=0.39 sys=0.00, real=0.07 secs] 
4095.025: [GC (Allocation Failure) [PSYoungGen: 434624K->92864K(465920K)] 768645K->591573K(1864192K), 0.1010288 secs] [Times: user=0.60 sys=0.01, real=0.10 secs] 
4096.280: [GC (Allocation Failure) [PSYoungGen: 325824K->151616K(465920K)] 824533K->736908K(1864192K), 0.0600602 secs] [Times: user=0.36 sys=0.00, real=0.06 secs] 
4099.667: [GC (Allocation Failure) [PSYoungGen: 379032K->92992K(465920K)] 964325K->829492K(1864192K), 0.0893498 secs] [Times: user=0.53 sys=0.00, real=0.09 secs] 
4101.071: [GC (Allocation Failure) [PSYoungGen: 325952K->151584K(465920K)] 1062452K->974647K(1864192K), 0.0598139 secs] [Times: user=0.35 sys=0.00, real=0.06 secs] 
4104.333: [GC (Allocation Failure) [PSYoungGen: 378411K->93120K(465920K)] 1201475K->1067199K(1864192K), 0.0909014 secs] [Times: user=0.55 sys=0.00, real=0.09 secs] 
4105.520: [GC (Allocation Failure) [PSYoungGen: 326080K->151520K(465920K)] 1300159K->1212188K(1864192K), 0.0608137 secs] [Times: user=0.37 sys=0.00, real=0.06 secs] 
4108.015: [GC (Allocation Failure) [PSYoungGen: 384480K->99168K(465920K)] 1445148K->1310752K(1864192K), 0.0912464 secs] [Times: user=0.54 sys=0.00, real=0.09 secs] 
4108.106: [Full GC (Ergonomics) [PSYoungGen: 99168K->0K(465920K)] [ParOldGen: 1211584K->114730K(1398272K)] 1310752K->114730K(1864192K), [Metaspace: 60455K->60455K(1105920K)], 0.2559688 secs] [Times: user=1.17 sys=0.00, real=0.26 secs] 
4110.150: [GC (Allocation Failure) [PSYoungGen: 232960K->149120K(465920K)] 347690K->263850K(1864192K), 0.0536734 secs] [Times: user=0.32 sys=0.00, real=0.05 secs] 
4113.384: [GC (Allocation Failure) [PSYoungGen: 382080K->104160K(459776K)] 496810K->368066K(1858048K), 0.1042943 secs] [Times: user=0.62 sys=0.00, real=0.10 secs] 
4114.692: [GC (Allocation Failure) [PSYoungGen: 337120K->144064K(462848K)] 601026K->501695K(1861120K), 0.0599864 secs] [Times: user=0.36 sys=0.00, real=0.06 secs] 
4115.541: [GC (Allocation Failure) [PSYoungGen: 377024K->123008K(452608K)] 734655K->624799K(1850880K), 0.0600129 secs] [Times: user=0.36 sys=0.00, real=0.06 secs] 
4117.406: [GC (Allocation Failure) [PSYoungGen: 366208K->125216K(460288K)] 867999K->739910K(1858560K), 0.0620613 secs] [Times: user=0.37 sys=0.00, real=0.06 secs] 
4120.142: [GC (Allocation Failure) [PSYoungGen: 368416K->148320K(481280K)] 983110K->887694K(1879552K), 0.0581722 secs] [Times: user=0.35 sys=0.00, real=0.06 secs] 
4122.820: [GC (Allocation Failure) [PSYoungGen: 421216K->18592K(291840K)] 1160590K->757998K(1690112K), 0.0104829 secs] [Times: user=0.05 sys=0.00, real=0.01 secs] 
4124.423: [GC (Allocation Failure) [PSYoungGen: 291488K->195456K(452096K)] 1030894K->950431K(1850368K), 0.0439164 secs] [Times: user=0.26 sys=0.00, real=0.04 secs] 
4128.979: [GC (Allocation Failure) [PSYoungGen: 428416K->78208K(465920K)] 1183391K->1028723K(1864192K), 0.1751994 secs] [Times: user=1.03 sys=0.00, real=0.17 secs] 
4129.909: [GC (Allocation Failure) [PSYoungGen: 311168K->170784K(465920K)] 1261683K->1193319K(1864192K), 0.0541541 secs] [Times: user=0.33 sys=0.00, real=0.05 secs] 
4133.942: [GC (Allocation Failure) [PSYoungGen: 403744K->84192K(465920K)] 1426279K->1276864K(1864192K), 0.1579154 secs] [Times: user=0.94 sys=0.00, real=0.16 secs] 
4134.100: [Full GC (Ergonomics) [PSYoungGen: 84192K->0K(465920K)] [ParOldGen: 1192671K->67698K(1398272K)] 1276864K->67698K(1864192K), [Metaspace: 60455K->60455K(1105920K)], 0.1767619 secs] [Times: user=0.83 sys=0.00, real=0.17 secs] 
4134.943: [GC (Allocation Failure) [PSYoungGen: 232960K->189376K(465920K)] 300658K->257074K(1864192K), 0.0385263 secs] [Times: user=0.23 sys=0.00, real=0.04 secs] 
4138.880: [GC (Allocation Failure) [PSYoungGen: 422336K->76224K(465920K)] 490034K->316778K(1864192K), 0.1631477 secs] [Times: user=0.97 sys=0.00, real=0.16 secs] 
4139.379: [GC (Allocation Failure) [PSYoungGen: 309184K->177568K(465920K)] 549738K->488435K(1864192K), 0.0554371 secs] [Times: user=0.32 sys=0.00, real=0.05 secs] 
4141.566: [GC (Allocation Failure) [PSYoungGen: 410528K->82848K(465920K)] 721395K->571539K(1864192K), 0.1256025 secs] [Times: user=0.74 sys=0.01, real=0.13 secs] 
4142.976: [GC (Allocation Failure) [PSYoungGen: 315808K->204832K(465920K)] 804499K->769856K(1864192K), 0.1076603 secs] [Times: user=0.64 sys=0.00, real=0.11 secs] 
4145.962: [GC (Allocation Failure) [PSYoungGen: 437792K->80672K(465920K)] 1002816K->817368K(1864192K), 0.1149987 secs] [Times: user=0.68 sys=0.01, real=0.11 secs] 
4147.264: [GC (Allocation Failure) [PSYoungGen: 310643K->200672K(465920K)] 1047340K->1011749K(1864192K), 0.0663520 secs] [Times: user=0.39 sys=0.00, real=0.07 secs] 
4150.238: [GC (Allocation Failure) [PSYoungGen: 433632K->90496K(465920K)] 1244709K->1065253K(1864192K), 0.1089257 secs] [Times: user=0.64 sys=0.00, real=0.11 secs] 
4151.494: [GC (Allocation Failure) [PSYoungGen: 323456K->158368K(465920K)] 1298213K->1212929K(1864192K), 0.0604495 secs] [Times: user=0.36 sys=0.00, real=0.06 secs] 
4154.170: [GC (Allocation Failure) [PSYoungGen: 391328K->92608K(465920K)] 1445889K->1305449K(1864192K), 0.1002480 secs] [Times: user=0.59 sys=0.00, real=0.10 secs] 
4154.270: [Full GC (Ergonomics) [PSYoungGen: 92608K->0K(465920K)] [ParOldGen: 1212841K->108172K(1398272K)] 1305449K->108172K(1864192K), [Metaspace: 60455K->60455K(1105920K)], 0.2596150 secs] [Times: user=1.20 sys=0.00, real=0.26 secs] 
4155.652: [GC (Allocation Failure) [PSYoungGen: 232960K->151616K(465920K)] 341132K->259788K(1864192K), 0.0428529 secs] [Times: user=0.25 sys=0.00, real=0.04 secs] 
4157.230: [GC (Allocation Failure) [PSYoungGen: 384576K->102112K(465920K)] 492748K->361668K(1864192K), 0.0939129 secs] [Times: user=0.56 sys=0.00, real=0.09 secs] 
4158.842: [GC (Allocation Failure) [PSYoungGen: 335072K->146592K(465920K)] 594628K->497593K(1864192K), 0.0601497 secs] [Times: user=0.36 sys=0.00, real=0.06 secs] 
4161.113: [GC (Allocation Failure) [PSYoungGen: 379552K->111840K(465920K)] 730553K->608977K(1864192K), 0.0801215 secs] [Times: user=0.47 sys=0.01, real=0.08 secs] 
4163.160: [GC (Allocation Failure) [PSYoungGen: 344800K->136224K(453632K)] 841937K->734838K(1851904K), 0.0610570 secs] [Times: user=0.36 sys=0.00, real=0.06 secs] 
4165.156: [GC (Allocation Failure) [PSYoungGen: 369184K->117824K(459776K)] 967798K->852430K(1858048K), 0.0639450 secs] [Times: user=0.38 sys=0.00, real=0.07 secs] 
4166.625: [GC (Allocation Failure) [PSYoungGen: 350784K->130656K(457216K)] 1085390K->972347K(1855488K), 0.0623542 secs] [Times: user=0.37 sys=0.00, real=0.06 secs] 
4169.012: [GC (Allocation Failure) [PSYoungGen: 383584K->143040K(463872K)] 1225275K->1115179K(1862144K), 0.0589711 secs] [Times: user=0.35 sys=0.00, real=0.06 secs] 
4170.764: [GC (Allocation Failure) [PSYoungGen: 395968K->10240K(465920K)] 1368107K->982447K(1864192K), 0.0109383 secs] [Times: user=0.06 sys=0.00, real=0.01 secs] 
4173.167: [GC (Allocation Failure) [PSYoungGen: 265273K->174784K(432640K)] 1237480K->1154787K(1830912K), 0.0362641 secs] [Times: user=0.22 sys=0.00, real=0.04 secs] 
4176.420: [GC (Allocation Failure) [PSYoungGen: 432320K->105472K(475136K)] 1412323K->1251555K(1873408K), 0.1707650 secs] [Times: user=1.01 sys=0.00, real=0.17 secs] 
4177.416: [GC (Allocation Failure) [PSYoungGen: 349184K->208960K(453120K)] 1495267K->1456464K(1851392K), 0.0549562 secs] [Times: user=0.33 sys=0.00, real=0.06 secs] 
4177.471: [Full GC (Ergonomics) [PSYoungGen: 208960K->0K(453120K)] [ParOldGen: 1247504K->227923K(1398272K)] 1456464K->227923K(1851392K), [Metaspace: 60455K->60455K(1105920K)], 0.5314072 secs] [Times: user=2.47 sys=0.00, real=0.53 secs] 
4181.056: [GC (Allocation Failure) [PSYoungGen: 243712K->84864K(465920K)] 471635K->312787K(1864192K), 0.0941942 secs] [Times: user=0.55 sys=0.00, real=0.10 secs] 
4181.628: [GC (Allocation Failure) [PSYoungGen: 317824K->176576K(465920K)] 545747K->483652K(1864192K), 0.0570708 secs] [Times: user=0.34 sys=0.00, real=0.06 secs] 
4185.534: [GC (Allocation Failure) [PSYoungGen: 409536K->76704K(465920K)] 716612K->560544K(1864192K), 0.1345109 secs] [Times: user=0.80 sys=0.00, real=0.13 secs] 
4186.047: [GC (Allocation Failure) [PSYoungGen: 308832K->208928K(465920K)] 792672K->763382K(1864192K), 0.0557286 secs] [Times: user=0.33 sys=0.00, real=0.06 secs] 
4188.320: [GC (Allocation Failure) [PSYoungGen: 441888K->83520K(465920K)] 996342K->813902K(1864192K), 0.1198946 secs] [Times: user=0.71 sys=0.00, real=0.12 secs] 
4189.581: [GC (Allocation Failure) [PSYoungGen: 316480K->160800K(465920K)] 1046862K->967661K(1864192K), 0.0594708 secs] [Times: user=0.35 sys=0.00, real=0.06 secs] 
4194.275: [GC (Allocation Failure) [PSYoungGen: 393760K->87744K(465920K)] 1200621K->1055513K(1864192K), 0.0987100 secs] [Times: user=0.58 sys=0.00, real=0.10 secs] 
4195.509: [GC (Allocation Failure) [PSYoungGen: 320704K->156384K(465920K)] 1288473K->1204942K(1864192K), 0.0603292 secs] [Times: user=0.36 sys=0.00, real=0.07 secs] 
4198.556: [GC (Allocation Failure) [PSYoungGen: 389344K->93568K(465920K)] 1437902K->1298742K(1864192K), 0.0999050 secs] [Times: user=0.60 sys=0.00, real=0.10 secs] 
4198.656: [Full GC (Ergonomics) [PSYoungGen: 93568K->0K(465920K)] [ParOldGen: 1205174K->108452K(1398272K)] 1298742K->108452K(1864192K), [Metaspace: 60455K->60455K(1105920K)], 0.2646303 secs] [Times: user=1.18 sys=0.00, real=0.27 secs] 
4200.049: [GC (Allocation Failure) [PSYoungGen: 232960K->150560K(465920K)] 341412K->259012K(1864192K), 0.0427264 secs] [Times: user=0.25 sys=0.00, real=0.04 secs] 
4202.713: [GC (Allocation Failure) [PSYoungGen: 383520K->102976K(465920K)] 491972K->362256K(1864192K), 0.0720704 secs] [Times: user=0.43 sys=0.00, real=0.07 secs] 
4204.922: [GC (Allocation Failure) [PSYoungGen: 335936K->145536K(378880K)] 595216K->497053K(1777152K), 0.0599665 secs] [Times: user=0.35 sys=0.01, real=0.06 secs] 
4206.915: [GC (Allocation Failure) [PSYoungGen: 378496K->119648K(474112K)] 730013K->616493K(1872384K), 0.0794570 secs] [Times: user=0.47 sys=0.00, real=0.08 secs] 
4208.679: [GC (Allocation Failure) [PSYoungGen: 361312K->136736K(378880K)] 858157K->734570K(1777152K), 0.0609297 secs] [Times: user=0.36 sys=0.00, real=0.06 secs] 
4211.255: [GC (Allocation Failure) [PSYoungGen: 378400K->129472K(468992K)] 976234K->863842K(1867264K), 0.0654138 secs] [Times: user=0.38 sys=0.00, real=0.07 secs] 
4213.314: [GC (Allocation Failure) [PSYoungGen: 380864K->4064K(460288K)] 1115234K->738442K(1858560K), 0.0028032 secs] [Times: user=0.01 sys=0.00, real=0.00 secs] 
4214.248: [GC (Allocation Failure) [PSYoungGen: 255456K->176768K(455168K)] 989834K->913875K(1853440K), 0.0345840 secs] [Times: user=0.21 sys=0.00, real=0.04 secs] 
4217.847: [GC (Allocation Failure) [PSYoungGen: 409728K->84480K(465920K)] 1146835K->990075K(1864192K), 0.1862681 secs] [Times: user=1.11 sys=0.00, real=0.19 secs] 
4220.878: [GC (Allocation Failure) [PSYoungGen: 317440K->164896K(462336K)] 1223035K->1152024K(1860608K), 0.0472728 secs] [Times: user=0.28 sys=0.00, real=0.05 secs] 
4222.689: [GC (Allocation Failure) [PSYoungGen: 397856K->90656K(465920K)] 1384984K->1233704K(1864192K), 0.1184622 secs] [Times: user=0.70 sys=0.00, real=0.11 secs] 
4224.348: [GC (Allocation Failure) [PSYoungGen: 317281K->163392K(462848K)] 1460329K->1394037K(1861120K), 0.0492803 secs] [Times: user=0.29 sys=0.00, real=0.05 secs] 
4224.397: [Full GC (Ergonomics) [PSYoungGen: 163392K->0K(462848K)] [ParOldGen: 1230645K->197367K(1398272K)] 1394037K->197367K(1861120K), [Metaspace: 60455K->60455K(1105920K)], 0.4720356 secs] [Times: user=2.20 sys=0.00, real=0.48 secs] 
4227.202: [GC (Allocation Failure) [PSYoungGen: 232960K->93312K(326656K)] 430327K->290679K(1724928K), 0.0848023 secs] [Times: user=0.50 sys=0.00, real=0.08 secs] 
4228.686: [GC (Allocation Failure) [PSYoungGen: 315529K->159776K(461312K)] 512897K->444520K(1859584K), 0.0468397 secs] [Times: user=0.28 sys=0.00, real=0.05 secs] 
4231.003: [GC (Allocation Failure) [PSYoungGen: 392224K->89696K(464896K)] 676968K->525384K(1863168K), 0.1550591 secs] [Times: user=0.92 sys=0.00, real=0.15 secs] 
4232.683: [GC (Allocation Failure) [PSYoungGen: 314737K->160256K(461824K)] 750425K->682325K(1860096K), 0.0482327 secs] [Times: user=0.28 sys=0.00, real=0.05 secs] 
4235.281: [GC (Allocation Failure) [PSYoungGen: 394240K->91168K(465408K)] 916309K->765069K(1863680K), 0.1718695 secs] [Times: user=1.02 sys=0.00, real=0.17 secs] 
4237.225: [GC (Allocation Failure) [PSYoungGen: 314091K->160224K(462848K)] 987992K->921549K(1861120K), 0.0484896 secs] [Times: user=0.29 sys=0.00, real=0.05 secs] 
4239.488: [GC (Allocation Failure) [PSYoungGen: 396256K->91648K(466432K)] 1157581K->1004133K(1864704K), 0.1780604 secs] [Times: user=1.06 sys=0.00, real=0.18 secs] 
4241.110: [GC (Allocation Failure) [PSYoungGen: 311624K->159200K(463872K)] 1224110K->1159562K(1862144K), 0.0488714 secs] [Times: user=0.29 sys=0.00, real=0.05 secs] 
4243.847: [GC (Allocation Failure) [PSYoungGen: 397280K->91776K(467456K)] 1397642K->1242526K(1865728K), 0.1448359 secs] [Times: user=0.86 sys=0.01, real=0.15 secs] 
4246.049: [GC (Allocation Failure) [PSYoungGen: 329856K->170304K(459776K)] 1480606K->1408635K(1858048K), 0.0505313 secs] [Times: user=0.30 sys=0.00, real=0.05 secs] 
4246.100: [Full GC (Ergonomics) [PSYoungGen: 170304K->0K(459776K)] [ParOldGen: 1238331K->208295K(1398272K)] 1408635K->208295K(1858048K), [Metaspace: 60457K->60457K(1105920K)], 0.4702160 secs] [Times: user=2.19 sys=0.00, real=0.47 secs] 
4248.700: [GC (Allocation Failure) [PSYoungGen: 235008K->86720K(466944K)] 443303K->295015K(1865216K), 0.1699889 secs] [Times: user=1.01 sys=0.00, real=0.17 secs] 
4250.596: [GC (Allocation Failure) [PSYoungGen: 321728K->165952K(461824K)] 530023K->457357K(1860096K), 0.1120025 secs] [Times: user=0.67 sys=0.01, real=0.11 secs] 
4253.910: [GC (Allocation Failure) [PSYoungGen: 398912K->81344K(465920K)] 690317K->538901K(1864192K), 0.1665224 secs] [Times: user=1.00 sys=0.00, real=0.16 secs] 
4254.606: [GC (Allocation Failure) [PSYoungGen: 314304K->171328K(463872K)] 771861K->706514K(1862144K), 0.0547689 secs] [Times: user=0.32 sys=0.00, real=0.06 secs] 
4257.701: [GC (Allocation Failure) [PSYoungGen: 404288K->78144K(465920K)] 939474K->784842K(1864192K), 0.1610351 secs] [Times: user=0.96 sys=0.00, real=0.16 secs] 
4258.714: [GC (Allocation Failure) [PSYoungGen: 311104K->189984K(465920K)] 1017802K->968589K(1864192K), 0.0552776 secs] [Times: user=0.33 sys=0.00, real=0.06 secs] 
4263.111: [GC (Allocation Failure) [PSYoungGen: 422944K->76576K(465920K)] 1201549K->1028733K(1864192K), 0.1692155 secs] [Times: user=1.01 sys=0.00, real=0.17 secs] 
4263.837: [GC (Allocation Failure) [PSYoungGen: 309536K->174592K(465920K)] 1261693K->1196930K(1864192K), 0.0553721 secs] [Times: user=0.33 sys=0.00, real=0.06 secs] 
4267.755: [GC (Allocation Failure) [PSYoungGen: 407552K->72768K(465920K)] 1429890K->1269506K(1864192K), 0.1550342 secs] [Times: user=0.92 sys=0.00, real=0.16 secs] 
4267.910: [Full GC (Ergonomics) [PSYoungGen: 72768K->0K(465920K)] [ParOldGen: 1196738K->76597K(1398272K)] 1269506K->76597K(1864192K), [Metaspace: 60457K->60457K(1105920K)], 0.1967778 secs] [Times: user=0.92 sys=0.00, real=0.19 secs] 
4268.372: [GC (Allocation Failure) [PSYoungGen: 232960K->193728K(465920K)] 309557K->270325K(1864192K), 0.0378899 secs] [Times: user=0.23 sys=0.00, real=0.04 secs] 
4270.973: [GC (Allocation Failure) [PSYoungGen: 426688K->80800K(465920K)] 503285K->335049K(1864192K), 0.1124990 secs] [Times: user=0.67 sys=0.00, real=0.11 secs] 
4272.177: [GC (Allocation Failure) [PSYoungGen: 312636K->206304K(465920K)] 566885K->535190K(1864192K), 0.0666035 secs] [Times: user=0.40 sys=0.00, real=0.07 secs] 
4274.704: [GC (Allocation Failure) [PSYoungGen: 439264K->83872K(465920K)] 768150K->582470K(1864192K), 0.1143850 secs] [Times: user=0.68 sys=0.00, real=0.11 secs] 
4275.986: [GC (Allocation Failure) [PSYoungGen: 316832K->160768K(465920K)] 815430K->736447K(1864192K), 0.0595855 secs] [Times: user=0.35 sys=0.01, real=0.06 secs] 
4279.274: [GC (Allocation Failure) [PSYoungGen: 393728K->93536K(465920K)] 969407K->830239K(1864192K), 0.0942746 secs] [Times: user=0.56 sys=0.00, real=0.09 secs] 
4280.508: [GC (Allocation Failure) [PSYoungGen: 326496K->151200K(465920K)] 1063199K->974598K(1864192K), 0.0606198 secs] [Times: user=0.36 sys=0.00, real=0.06 secs] 
4283.476: [GC (Allocation Failure) [PSYoungGen: 384160K->98016K(465920K)] 1207558K->1072366K(1864192K), 0.0973587 secs] [Times: user=0.58 sys=0.00, real=0.10 secs] 
4284.743: [GC (Allocation Failure) [PSYoungGen: 330976K->150816K(465920K)] 1305326K->1212767K(1864192K), 0.0604103 secs] [Times: user=0.36 sys=0.00, real=0.06 secs] 
4287.756: [GC (Allocation Failure) [PSYoungGen: 383776K->109888K(465920K)] 1445727K->1322279K(1864192K), 0.0868217 secs] [Times: user=0.52 sys=0.00, real=0.09 secs] 
4287.843: [Full GC (Ergonomics) [PSYoungGen: 109888K->0K(465920K)] [ParOldGen: 1212391K->125005K(1398272K)] 1322279K->125005K(1864192K), [Metaspace: 60457K->60457K(1105920K)], 0.2810609 secs] [Times: user=1.28 sys=0.00, real=0.28 secs] 
4289.254: [GC (Allocation Failure) [PSYoungGen: 232960K->137952K(459776K)] 357965K->262957K(1858048K), 0.0507010 secs] [Times: user=0.30 sys=0.00, real=0.05 secs] 
4292.281: [GC (Allocation Failure) [PSYoungGen: 370912K->117184K(462848K)] 495917K->380005K(1861120K), 0.0865110 secs] [Times: user=0.51 sys=0.00, real=0.08 secs] 
4293.544: [GC (Allocation Failure) [PSYoungGen: 350144K->130912K(457728K)] 612965K->500457K(1856000K), 0.0619787 secs] [Times: user=0.37 sys=0.00, real=0.06 secs] 
4296.434: [GC (Allocation Failure) [PSYoungGen: 378208K->138560K(460800K)] 747753K->638777K(1859072K), 0.0601742 secs] [Times: user=0.35 sys=0.00, real=0.06 secs] 
4297.734: [GC (Allocation Failure) [PSYoungGen: 385856K->5760K(463360K)] 886073K->506049K(1861632K), 0.0026437 secs] [Times: user=0.01 sys=0.00, real=0.00 secs] 
4300.222: [GC (Allocation Failure) [PSYoungGen: 260224K->173280K(428032K)] 760513K->677678K(1826304K), 0.0343516 secs] [Times: user=0.20 sys=0.00, real=0.03 secs] 
4303.389: [GC (Allocation Failure) [PSYoungGen: 427744K->103072K(474112K)] 932142K->771910K(1872384K), 0.1741689 secs] [Times: user=1.03 sys=0.00, real=0.17 secs] 
4304.946: [GC (Allocation Failure) [PSYoungGen: 344736K->174208K(416256K)] 1013574K->941911K(1814528K), 0.0533499 secs] [Times: user=0.32 sys=0.00, real=0.06 secs] 
4309.093: [GC (Allocation Failure) [PSYoungGen: 415804K->83808K(468480K)] 1183508K->1025375K(1866752K), 0.1668732 secs] [Times: user=1.00 sys=0.00, real=0.17 secs] 
4310.141: [GC (Allocation Failure) [PSYoungGen: 319328K->170944K(465920K)] 1260895K->1192388K(1864192K), 0.0562594 secs] [Times: user=0.33 sys=0.00, real=0.05 secs] 
4313.850: [GC (Allocation Failure) [PSYoungGen: 406464K->81760K(465920K)] 1427908K->1273964K(1864192K), 0.1729372 secs] [Times: user=0.95 sys=0.01, real=0.17 secs] 
4314.023: [Full GC (Ergonomics) [PSYoungGen: 81760K->0K(465920K)] [ParOldGen: 1192204K->74307K(1398272K)] 1273964K->74307K(1864192K), [Metaspace: 60459K->60459K(1105920K)], 0.1761072 secs] [Times: user=0.72 sys=0.00, real=0.18 secs] 
4314.638: [GC (Allocation Failure) [PSYoungGen: 232960K->177600K(465920K)] 307267K->251907K(1864192K), 0.0376346 secs] [Times: user=0.22 sys=0.00, real=0.04 secs] 
4319.277: [GC (Allocation Failure) [PSYoungGen: 410560K->76352K(465920K)] 484867K->328587K(1864192K), 0.1444197 secs] [Times: user=0.86 sys=0.00, real=0.15 secs] 
4319.740: [GC (Allocation Failure) [PSYoungGen: 309312K->175200K(465920K)] 561547K->497684K(1864192K), 0.0567119 secs] [Times: user=0.34 sys=0.00, real=0.05 secs] 
4323.407: [GC (Allocation Failure) [PSYoungGen: 408160K->76320K(465920K)] 730644K->573884K(1864192K), 0.1400663 secs] [Times: user=0.83 sys=0.00, real=0.14 secs] 
4324.615: [GC (Allocation Failure) [PSYoungGen: 306418K->204896K(465920K)] 803982K->772408K(1864192K), 0.0653682 secs] [Times: user=0.39 sys=0.00, real=0.07 secs] 
4327.733: [GC (Allocation Failure) [PSYoungGen: 437856K->84128K(465920K)] 1005368K->819920K(1864192K), 0.1167947 secs] [Times: user=0.70 sys=0.00, real=0.12 secs] 
4330.377: [GC (Allocation Failure) [PSYoungGen: 317088K->160448K(465920K)] 1052880K->973533K(1864192K), 0.0602804 secs] [Times: user=0.35 sys=0.00, real=0.06 secs] 
4332.403: [GC (Allocation Failure) [PSYoungGen: 393408K->93152K(465920K)] 1206493K->1066517K(1864192K), 0.0987279 secs] [Times: user=0.58 sys=0.00, real=0.10 secs] 
4333.791: [GC (Allocation Failure) [PSYoungGen: 326112K->151200K(465920K)] 1299477K->1211098K(1864192K), 0.0606063 secs] [Times: user=0.36 sys=0.00, real=0.06 secs] 
4336.709: [GC (Allocation Failure) [PSYoungGen: 384160K->98720K(465920K)] 1444058K->1309610K(1864192K), 0.1001840 secs] [Times: user=0.59 sys=0.00, real=0.10 secs] 
4336.809: [Full GC (Ergonomics) [PSYoungGen: 98720K->0K(465920K)] [ParOldGen: 1210890K->114303K(1398272K)] 1309610K->114303K(1864192K), [Metaspace: 60459K->60459K(1105920K)], 0.2606527 secs] [Times: user=1.20 sys=0.00, real=0.26 secs] 
4338.184: [GC (Allocation Failure) [PSYoungGen: 232960K->149920K(465920K)] 347263K->264223K(1864192K), 0.0537384 secs] [Times: user=0.32 sys=0.00, real=0.05 secs] 
4340.791: [GC (Allocation Failure) [PSYoungGen: 382880K->119392K(457728K)] 497183K->383539K(1856000K), 0.1037015 secs] [Times: user=0.62 sys=0.00, real=0.10 secs] 
4342.047: [GC (Allocation Failure) [PSYoungGen: 352352K->136832K(461824K)] 616499K->501702K(1860096K), 0.0609721 secs] [Times: user=0.37 sys=0.00, real=0.06 secs] 
4344.078: [GC (Allocation Failure) [PSYoungGen: 369792K->122240K(456192K)] 734662K->624014K(1854464K), 0.0701256 secs] [Times: user=0.42 sys=0.00, real=0.07 secs] 
4346.194: [GC (Allocation Failure) [PSYoungGen: 370048K->1920K(461824K)] 871822K->503794K(1860096K), 0.0021353 secs] [Times: user=0.01 sys=0.00, real=0.00 secs] 
4348.837: [GC (Allocation Failure) [PSYoungGen: 249728K->153600K(465920K)] 751602K->656519K(1864192K), 0.0303914 secs] [Times: user=0.17 sys=0.00, real=0.03 secs] 
4351.350: [GC (Allocation Failure) [PSYoungGen: 392704K->8256K(247808K)] 895623K->511255K(1646080K), 0.0058810 secs] [Times: user=0.03 sys=0.00, real=0.00 secs] 
4354.113: [GC (Allocation Failure) [PSYoungGen: 247360K->162944K(465920K)] 750359K->672083K(1864192K), 0.0334248 secs] [Times: user=0.20 sys=0.00, real=0.03 secs] 
4355.984: [GC (Allocation Failure) [PSYoungGen: 395904K->94880K(465920K)] 905043K->757963K(1864192K), 0.1831234 secs] [Times: user=1.09 sys=0.00, real=0.18 secs] 
4358.170: [GC (Allocation Failure) [PSYoungGen: 327840K->166656K(465920K)] 990923K->922396K(1864192K), 0.1374196 secs] [Times: user=0.82 sys=0.00, real=0.13 secs] 
4361.333: [GC (Allocation Failure) [PSYoungGen: 399616K->87520K(465920K)] 1155356K->1001428K(1864192K), 0.1788043 secs] [Times: user=1.06 sys=0.00, real=0.18 secs] 
4363.098: [GC (Allocation Failure) [PSYoungGen: 313881K->163520K(465920K)] 1227790K->1162309K(1864192K), 0.1274680 secs] [Times: user=0.75 sys=0.01, real=0.13 secs] 
4365.712: [GC (Allocation Failure) [PSYoungGen: 396480K->88672K(465920K)] 1395269K->1242605K(1864192K), 0.1447360 secs] [Times: user=0.87 sys=0.00, real=0.14 secs] 
4365.857: [Full GC (Ergonomics) [PSYoungGen: 88672K->0K(465920K)] [ParOldGen: 1153933K->39251K(1398272K)] 1242605K->39251K(1864192K), [Metaspace: 60460K->60460K(1105920K)], 0.1080002 secs] [Times: user=0.43 sys=0.00, real=0.11 secs] 
4367.211: [GC (Allocation Failure) [PSYoungGen: 217867K->160352K(465920K)] 257118K->199603K(1864192K), 0.0524888 secs] [Times: user=0.31 sys=0.00, real=0.05 secs] 
4370.780: [GC (Allocation Failure) [PSYoungGen: 393312K->84192K(465920K)] 432563K->275763K(1864192K), 0.1702331 secs] [Times: user=1.01 sys=0.00, real=0.17 secs] 
4372.049: [GC (Allocation Failure) [PSYoungGen: 312246K->165536K(465920K)] 503818K->438744K(1864192K), 0.0462352 secs] [Times: user=0.27 sys=0.00, real=0.04 secs] 
4375.044: [GC (Allocation Failure) [PSYoungGen: 398496K->89440K(465920K)] 671704K->519568K(1864192K), 0.1360641 secs] [Times: user=0.81 sys=0.00, real=0.14 secs] 
4375.740: [GC (Allocation Failure) [PSYoungGen: 310828K->159968K(465920K)] 740957K->677205K(1864192K), 0.0514911 secs] [Times: user=0.30 sys=0.00, real=0.05 secs] 
4378.616: [GC (Allocation Failure) [PSYoungGen: 392928K->89728K(323072K)] 910165K->758469K(1721344K), 0.1627773 secs] [Times: user=0.96 sys=0.00, real=0.17 secs] 
4379.824: [GC (Allocation Failure) [PSYoungGen: 313275K->159968K(462848K)] 982016K->915946K(1861120K), 0.0479492 secs] [Times: user=0.28 sys=0.01, real=0.05 secs] 
4382.988: [GC (Allocation Failure) [PSYoungGen: 391392K->88192K(464384K)] 1147370K->995534K(1862656K), 0.1450163 secs] [Times: user=0.86 sys=0.00, real=0.15 secs] 
4383.805: [GC (Allocation Failure) [PSYoungGen: 312407K->161120K(462336K)] 1219749K->1154407K(1860608K), 0.0561351 secs] [Times: user=0.33 sys=0.00, real=0.06 secs] 
4387.092: [GC (Allocation Failure) [PSYoungGen: 393056K->85632K(464896K)] 1386343K->1231587K(1863168K), 0.1443626 secs] [Times: user=0.85 sys=0.01, real=0.14 secs] 
4388.528: [GC (Allocation Failure) [PSYoungGen: 309052K->163392K(462336K)] 1455007K->1392559K(1860608K), 0.0553454 secs] [Times: user=0.33 sys=0.00, real=0.06 secs] 
4388.583: [Full GC (Ergonomics) [PSYoungGen: 163392K->0K(462336K)] [ParOldGen: 1229167K->196941K(1398272K)] 1392559K->196941K(1860608K), [Metaspace: 60460K->60460K(1105920K)], 0.4696228 secs] [Times: user=2.19 sys=0.00, real=0.47 secs] 
4393.222: [GC (Allocation Failure) [PSYoungGen: 232448K->79968K(465408K)] 429389K->276909K(1863680K), 0.0434730 secs] [Times: user=0.25 sys=0.00, real=0.04 secs] 
4394.809: [GC (Allocation Failure) [PSYoungGen: 312245K->169504K(464384K)] 509187K->443894K(1862656K), 0.0581795 secs] [Times: user=0.34 sys=0.00, real=0.05 secs] 
4396.955: [GC (Allocation Failure) [PSYoungGen: 402464K->90176K(465920K)] 676854K->525958K(1864192K), 0.0692525 secs] [Times: user=0.41 sys=0.01, real=0.07 secs] 
4399.777: [GC (Allocation Failure) [PSYoungGen: 319272K->159680K(465920K)] 755054K->683339K(1864192K), 0.1378957 secs] [Times: user=0.83 sys=0.00, real=0.14 secs] 
4402.382: [GC (Allocation Failure) [PSYoungGen: 392640K->91712K(325120K)] 916299K->766563K(1723392K), 0.0762659 secs] [Times: user=0.45 sys=0.00, real=0.07 secs] 
4403.554: [GC (Allocation Failure) [PSYoungGen: 315102K->159008K(461824K)] 989953K->922604K(1860096K), 0.0489146 secs] [Times: user=0.29 sys=0.00, real=0.05 secs] 
4405.815: [GC (Allocation Failure) [PSYoungGen: 389920K->90464K(463872K)] 1153516K->1004456K(1862144K), 0.0827458 secs] [Times: user=0.49 sys=0.00, real=0.08 secs] 
4407.041: [GC (Allocation Failure) [PSYoungGen: 308767K->159328K(460800K)] 1222760K->1160690K(1859072K), 0.1074849 secs] [Times: user=0.64 sys=0.00, real=0.10 secs] 
4410.493: [GC (Allocation Failure) [PSYoungGen: 391264K->89440K(463872K)] 1392626K->1241938K(1862144K), 0.1634837 secs] [Times: user=0.97 sys=0.01, real=0.16 secs] 
4413.229: [GC (Allocation Failure) [PSYoungGen: 317195K->160896K(462336K)] 1469694K->1399711K(1860608K), 0.0481182 secs] [Times: user=0.28 sys=0.00, real=0.05 secs] 
4413.277: [Full GC (Ergonomics) [PSYoungGen: 160896K->0K(462336K)] [ParOldGen: 1238815K->197274K(1398272K)] 1399711K->197274K(1860608K), [Metaspace: 60460K->60460K(1105920K)], 0.4669724 secs] [Times: user=2.17 sys=0.00, real=0.47 secs] 
4415.944: [GC (Allocation Failure) [PSYoungGen: 234496K->87264K(465920K)] 431770K->284538K(1864192K), 0.0904879 secs] [Times: user=0.53 sys=0.01, real=0.09 secs] 
4416.881: [GC (Allocation Failure) [PSYoungGen: 311264K->162880K(462336K)] 508538K->444537K(1860608K), 0.0464221 secs] [Times: user=0.28 sys=0.00, real=0.04 secs] 
4420.211: [GC (Allocation Failure) [PSYoungGen: 397888K->89216K(466944K)] 679545K->525569K(1865216K), 0.1663027 secs] [Times: user=0.99 sys=0.01, real=0.16 secs] 
4421.621: [GC (Allocation Failure) [PSYoungGen: 316179K->160832K(463872K)] 752532K->683586K(1862144K), 0.0476685 secs] [Times: user=0.28 sys=0.00, real=0.04 secs] 
4424.132: [GC (Allocation Failure) [PSYoungGen: 396864K->96224K(332288K)] 919618K->770630K(1730560K), 0.1320284 secs] [Times: user=0.78 sys=0.01, real=0.13 secs] 
4425.156: [GC (Allocation Failure) [PSYoungGen: 332256K->169376K(459264K)] 1006662K->936867K(1857536K), 0.0508473 secs] [Times: user=0.30 sys=0.00, real=0.05 secs] 
4428.802: [GC (Allocation Failure) [PSYoungGen: 402336K->84192K(465920K)] 1169827K->1020731K(1864192K), 0.1617704 secs] [Times: user=0.96 sys=0.00, real=0.16 secs] 
4429.706: [GC (Allocation Failure) [PSYoungGen: 317152K->167264K(462848K)] 1253691K->1184172K(1861120K), 0.0548310 secs] [Times: user=0.33 sys=0.00, real=0.06 secs] 
4433.010: [GC (Allocation Failure) [PSYoungGen: 397366K->80192K(465920K)] 1414274K->1264172K(1864192K), 0.1573070 secs] [Times: user=0.94 sys=0.00, real=0.15 secs] 
4433.168: [Full GC (Ergonomics) [PSYoungGen: 80192K->0K(465920K)] [ParOldGen: 1183980K->63219K(1398272K)] 1264172K->63219K(1864192K), [Metaspace: 60464K->60464K(1105920K)], 0.1675934 secs] [Times: user=0.78 sys=0.00, real=0.17 secs] 
4433.823: [GC (Allocation Failure) [PSYoungGen: 232960K->168000K(465920K)] 296179K->231219K(1864192K), 0.0337163 secs] [Times: user=0.20 sys=0.00, real=0.03 secs] 
4438.284: [GC (Allocation Failure) [PSYoungGen: 400960K->80288K(465920K)] 464179K->311519K(1864192K), 0.1675287 secs] [Times: user=0.99 sys=0.00, real=0.17 secs] 
4438.875: [GC (Allocation Failure) [PSYoungGen: 313248K->191136K(465920K)] 544479K->496866K(1864192K), 0.0560515 secs] [Times: user=0.33 sys=0.00, real=0.06 secs] 
4444.033: [GC (Allocation Failure) [PSYoungGen: 424096K->72640K(465920K)] 729826K->552938K(1864192K), 0.1775789 secs] [Times: user=1.06 sys=0.00, real=0.18 secs] 
4444.961: [GC (Allocation Failure) [PSYoungGen: 305600K->177056K(465920K)] 785898K->724119K(1864192K), 0.0544002 secs] [Times: user=0.33 sys=0.00, real=0.05 secs] 
4448.333: [GC (Allocation Failure) [PSYoungGen: 410016K->77056K(465920K)] 957079K->801431K(1864192K), 0.1664612 secs] [Times: user=0.99 sys=0.00, real=0.17 secs] 
4448.798: [GC (Allocation Failure) [PSYoungGen: 310016K->191424K(465920K)] 1034391K->986728K(1864192K), 0.0563788 secs] [Times: user=0.34 sys=0.00, real=0.06 secs] 
4453.075: [GC (Allocation Failure) [PSYoungGen: 424384K->79424K(465920K)] 1219688K->1049644K(1864192K), 0.1279309 secs] [Times: user=0.76 sys=0.00, real=0.13 secs] 
4453.797: [GC (Allocation Failure) [PSYoungGen: 309965K->203264K(465920K)] 1280186K->1246593K(1864192K), 0.0599011 secs] [Times: user=0.36 sys=0.00, real=0.06 secs] 
4456.788: [GC (Allocation Failure) [PSYoungGen: 436224K->80736K(465920K)] 1479553K->1292353K(1864192K), 0.1134839 secs] [Times: user=0.67 sys=0.00, real=0.12 secs] 
4456.902: [Full GC (Ergonomics) [PSYoungGen: 80736K->0K(465920K)] [ParOldGen: 1211617K->95894K(1398272K)] 1292353K->95894K(1864192K), [Metaspace: 60464K->60464K(1105920K)], 0.2239223 secs] [Times: user=1.02 sys=0.00, real=0.22 secs] 
4458.259: [GC (Allocation Failure) [PSYoungGen: 232960K->164288K(465920K)] 328854K->260182K(1864192K), 0.0471739 secs] [Times: user=0.29 sys=0.00, real=0.04 secs] 
4460.694: [GC (Allocation Failure) [PSYoungGen: 397248K->93120K(465920K)] 493142K->353534K(1864192K), 0.1003386 secs] [Times: user=0.60 sys=0.01, real=0.10 secs] 
4461.938: [GC (Allocation Failure) [PSYoungGen: 326080K->151264K(465920K)] 586494K->498283K(1864192K), 0.0600569 secs] [Times: user=0.36 sys=0.01, real=0.06 secs] 
4464.315: [GC (Allocation Failure) [PSYoungGen: 384224K->127296K(465920K)] 731243K->625271K(1864192K), 0.0918743 secs] [Times: user=0.55 sys=0.00, real=0.09 secs] 
4465.977: [GC (Allocation Failure) [PSYoungGen: 360256K->146080K(465920K)] 858231K->736022K(1864192K), 0.0605092 secs] [Times: user=0.36 sys=0.00, real=0.06 secs] 
4468.039: [GC (Allocation Failure) [PSYoungGen: 379040K->115712K(349184K)] 968982K->851326K(1747456K), 0.0646547 secs] [Times: user=0.38 sys=0.00, real=0.06 secs] 
4470.022: [GC (Allocation Failure) [PSYoungGen: 348672K->131712K(473088K)] 1084286K->972895K(1871360K), 0.0612855 secs] [Times: user=0.36 sys=0.00, real=0.06 secs] 
4472.837: [GC (Allocation Failure) [PSYoungGen: 373888K->130400K(372736K)] 1215071K->1103335K(1771008K), 0.0634651 secs] [Times: user=0.37 sys=0.00, real=0.07 secs] 
4475.831: [GC (Allocation Failure) [PSYoungGen: 372576K->1760K(444928K)] 1345511K->974747K(1843200K), 0.0021373 secs] [Times: user=0.01 sys=0.01, real=0.00 secs] 
4477.413: [GC (Allocation Failure) [PSYoungGen: 234208K->145536K(458752K)] 1207195K->1119264K(1857024K), 0.0290840 secs] [Times: user=0.17 sys=0.00, real=0.03 secs] 
4479.888: [GC (Allocation Failure) [PSYoungGen: 377984K->3328K(458752K)] 1351712K->977144K(1857024K), 0.0023365 secs] [Times: user=0.01 sys=0.00, real=0.01 secs] 
4482.933: [GC (Allocation Failure) [PSYoungGen: 236288K->150624K(465920K)] 1210104K->1125933K(1864192K), 0.0300761 secs] [Times: user=0.18 sys=0.00, real=0.03 secs] 
4484.273: [GC (Allocation Failure) [PSYoungGen: 383584K->102400K(454656K)] 1358893K->1219157K(1852928K), 0.0714474 secs] [Times: user=0.42 sys=0.00, real=0.07 secs] 
4486.665: [GC (Allocation Failure) [PSYoungGen: 335360K->157696K(460288K)] 1452117K->1375722K(1858560K), 0.0533465 secs] [Times: user=0.32 sys=0.00, real=0.05 secs] 
4486.718: [Full GC (Ergonomics) [PSYoungGen: 157696K->0K(460288K)] [ParOldGen: 1218026K->178787K(1398272K)] 1375722K->178787K(1858560K), [Metaspace: 60465K->60465K(1105920K)], 0.4216865 secs] [Times: user=1.95 sys=0.00, real=0.43 secs] 
4490.000: [GC (Allocation Failure) [PSYoungGen: 232960K->93408K(461824K)] 411747K->272195K(1860096K), 0.0588303 secs] [Times: user=0.35 sys=0.00, real=0.06 secs] 
4491.336: [GC (Allocation Failure) [PSYoungGen: 332000K->168896K(463872K)] 510787K->438988K(1862144K), 0.0516980 secs] [Times: user=0.31 sys=0.00, real=0.05 secs] 
4493.507: [GC (Allocation Failure) [PSYoungGen: 407488K->95232K(467456K)] 677580K->525364K(1865728K), 0.1522975 secs] [Times: user=0.90 sys=0.01, real=0.16 secs] 
4496.225: [GC (Allocation Failure) [PSYoungGen: 325334K->161024K(465920K)] 755466K->683877K(1864192K), 0.1301970 secs] [Times: user=0.77 sys=0.00, real=0.13 secs] 
4498.932: [GC (Allocation Failure) [PSYoungGen: 400128K->92640K(465408K)] 922981K->768157K(1863680K), 0.0672192 secs] [Times: user=0.40 sys=0.00, real=0.07 secs] 
4501.057: [GC (Allocation Failure) [PSYoungGen: 332256K->170400K(465920K)] 1007773K->935030K(1864192K), 0.1301454 secs] [Times: user=0.78 sys=0.00, real=0.13 secs] 
4503.853: [GC (Allocation Failure) [PSYoungGen: 410016K->90304K(468992K)] 1174646K->1025430K(1867264K), 0.1031272 secs] [Times: user=0.61 sys=0.00, real=0.10 secs] 
4507.253: [GC (Allocation Failure) [PSYoungGen: 326848K->161280K(465920K)] 1261974K->1183327K(1864192K), 0.1234344 secs] [Times: user=0.74 sys=0.00, real=0.12 secs] 
4511.577: [GC (Allocation Failure) [PSYoungGen: 397824K->84992K(465920K)] 1419871K->1268407K(1864192K), 0.1496251 secs] [Times: user=0.89 sys=0.01, real=0.15 secs] 
4511.726: [Full GC (Ergonomics) [PSYoungGen: 84992K->0K(465920K)] [ParOldGen: 1183415K->66847K(1398272K)] 1268407K->66847K(1864192K), [Metaspace: 60474K->60474K(1105920K)], 0.1686232 secs] [Times: user=0.77 sys=0.00, real=0.17 secs] 
4512.712: [GC (Allocation Failure) [PSYoungGen: 236544K->178560K(465920K)] 303391K->245407K(1864192K), 0.0505304 secs] [Times: user=0.29 sys=0.00, real=0.05 secs] 
4517.253: [GC (Allocation Failure) [PSYoungGen: 415104K->78400K(465920K)] 481951K->324155K(1864192K), 0.1588915 secs] [Times: user=0.95 sys=0.00, real=0.16 secs] 
4517.705: [GC (Allocation Failure) [PSYoungGen: 311360K->191680K(465920K)] 557115K->510012K(1864192K), 0.0573019 secs] [Times: user=0.35 sys=0.00, real=0.06 secs] 
4520.713: [GC (Allocation Failure) [PSYoungGen: 424640K->78816K(465920K)] 742972K->572292K(1864192K), 0.1290827 secs] [Times: user=0.77 sys=0.00, real=0.13 secs] 
4522.108: [GC (Allocation Failure) [PSYoungGen: 311776K->187072K(465920K)] 805252K->752736K(1864192K), 0.1182877 secs] [Times: user=0.70 sys=0.01, real=0.12 secs] 
4525.300: [GC (Allocation Failure) [PSYoungGen: 420032K->80672K(465920K)] 985696K->816600K(1864192K), 0.1234468 secs] [Times: user=0.73 sys=0.00, real=0.12 secs] 
4526.513: [GC (Allocation Failure) [PSYoungGen: 311197K->200736K(465920K)] 1047126K->1010977K(1864192K), 0.0666773 secs] [Times: user=0.40 sys=0.00, real=0.07 secs] 
4528.824: [GC (Allocation Failure) [PSYoungGen: 433696K->88416K(465920K)] 1243937K->1062377K(1864192K), 0.1058408 secs] [Times: user=0.63 sys=0.00, real=0.11 secs] 
4530.084: [GC (Allocation Failure) [PSYoungGen: 321376K->160128K(465920K)] 1295337K->1211842K(1864192K), 0.0600080 secs] [Times: user=0.36 sys=0.00, real=0.06 secs] 
4532.577: [GC (Allocation Failure) [PSYoungGen: 385308K->92832K(465920K)] 1437023K->1304950K(1864192K), 0.0992261 secs] [Times: user=0.59 sys=0.00, real=0.10 secs] 
4532.677: [Full GC (Ergonomics) [PSYoungGen: 92832K->0K(465920K)] [ParOldGen: 1212118K->107964K(1398272K)] 1304950K->107964K(1864192K), [Metaspace: 60486K->60486K(1105920K)], 0.2551756 secs] [Times: user=1.17 sys=0.00, real=0.26 secs] 
4534.050: [GC (Allocation Failure) [PSYoungGen: 232960K->150656K(465920K)] 340924K->258620K(1864192K), 0.0425632 secs] [Times: user=0.25 sys=0.00, real=0.04 secs] 
4536.371: [GC (Allocation Failure) [PSYoungGen: 383616K->98624K(465920K)] 491580K->357380K(1864192K), 0.0931387 secs] [Times: user=0.55 sys=0.00, real=0.09 secs] 
4538.029: [GC (Allocation Failure) [PSYoungGen: 331584K->149952K(465920K)] 590340K->496167K(1864192K), 0.0591151 secs] [Times: user=0.35 sys=0.00, real=0.06 secs] 
4539.685: [GC (Allocation Failure) [PSYoungGen: 382912K->113696K(464896K)] 729127K->609959K(1863168K), 0.0859479 secs] [Times: user=0.46 sys=0.00, real=0.09 secs] 
4542.643: [GC (Allocation Failure) [PSYoungGen: 346656K->134144K(367616K)] 842919K->733636K(1765888K), 0.0610872 secs] [Times: user=0.37 sys=0.00, real=0.06 secs] 
4544.488: [GC (Allocation Failure) [PSYoungGen: 367104K->120544K(466944K)] 966596K->853932K(1865216K), 0.0663029 secs] [Times: user=0.39 sys=0.00, real=0.07 secs] 
4546.008: [GC (Allocation Failure) [PSYoungGen: 363232K->1216K(458752K)] 1096620K->734628K(1857024K), 0.0021266 secs] [Times: user=0.01 sys=0.00, real=0.01 secs] 
4548.726: [GC (Allocation Failure) [PSYoungGen: 243904K->148768K(467968K)] 977316K->882793K(1866240K), 0.0292733 secs] [Times: user=0.17 sys=0.00, real=0.03 secs] 
4550.148: [GC (Allocation Failure) [PSYoungGen: 387872K->6624K(245760K)] 1121897K->740737K(1644032K), 0.0036552 secs] [Times: user=0.01 sys=0.00, real=0.01 secs] 
4553.199: [GC (Allocation Failure) [PSYoungGen: 245728K->161632K(465920K)] 979841K->900406K(1864192K), 0.0326435 secs] [Times: user=0.19 sys=0.00, real=0.04 secs] 
4554.608: [GC (Allocation Failure) [PSYoungGen: 394592K->95776K(465920K)] 1133366K->987118K(1864192K), 0.1135377 secs] [Times: user=0.67 sys=0.00, real=0.12 secs] 
4556.199: [GC (Allocation Failure) [PSYoungGen: 328736K->166816K(465920K)] 1220078K->1151962K(1864192K), 0.0518782 secs] [Times: user=0.31 sys=0.00, real=0.05 secs] 
4559.688: [GC (Allocation Failure) [PSYoungGen: 399776K->88512K(465920K)] 1384922K->1232259K(1864192K), 0.1087418 secs] [Times: user=0.65 sys=0.00, real=0.11 secs] 
4559.797: [Full GC (Ergonomics) [PSYoungGen: 88512K->0K(465920K)] [ParOldGen: 1143746K->36231K(1398272K)] 1232259K->36231K(1864192K), [Metaspace: 60486K->60486K(1105920K)], 0.0757578 secs] [Times: user=0.30 sys=0.00, real=0.08 secs] 
4562.467: [GC (Allocation Failure) [PSYoungGen: 232960K->164384K(465920K)] 269191K->200615K(1864192K), 0.0316466 secs] [Times: user=0.18 sys=0.01, real=0.03 secs] 
4564.641: [GC (Allocation Failure) [PSYoungGen: 397344K->94112K(465920K)] 433575K->285343K(1864192K), 0.1571014 secs] [Times: user=0.94 sys=0.01, real=0.15 secs] 
4566.480: [GC (Allocation Failure) [PSYoungGen: 312809K->159840K(465920K)] 504041K->439208K(1864192K), 0.0475634 secs] [Times: user=0.28 sys=0.00, real=0.04 secs] 
4569.045: [GC (Allocation Failure) [PSYoungGen: 392800K->89536K(322560K)] 672168K->520096K(1720832K), 0.1534361 secs] [Times: user=0.91 sys=0.00, real=0.15 secs] 
4570.832: [GC (Allocation Failure) [PSYoungGen: 316434K->160544K(462848K)] 746994K->677637K(1861120K), 0.0477541 secs] [Times: user=0.29 sys=0.00, real=0.05 secs] 
4572.403: [GC (Allocation Failure) [PSYoungGen: 391968K->91520K(464384K)] 909061K->760269K(1862656K), 0.1605414 secs] [Times: user=0.96 sys=0.00, real=0.16 secs] 
4573.944: [GC (Allocation Failure) [PSYoungGen: 311421K->159136K(461312K)] 980170K->915806K(1859584K), 0.0482457 secs] [Times: user=0.28 sys=0.00, real=0.05 secs] 
4577.082: [GC (Allocation Failure) [PSYoungGen: 390560K->89504K(464384K)] 1147230K->996710K(1862656K), 0.1701708 secs] [Times: user=1.02 sys=0.01, real=0.17 secs] 
4579.464: [GC (Allocation Failure) [PSYoungGen: 319882K->160832K(459776K)] 1227088K->1154214K(1858048K), 0.0477975 secs] [Times: user=0.28 sys=0.00, real=0.05 secs] 
4581.545: [GC (Allocation Failure) [PSYoungGen: 392124K->90112K(464384K)] 1385507K->1235631K(1862656K), 0.1557534 secs] [Times: user=0.92 sys=0.01, real=0.16 secs] 
4583.608: [GC (Allocation Failure) [PSYoungGen: 313730K->159936K(460800K)] 1459249K->1392655K(1859072K), 0.0478661 secs] [Times: user=0.29 sys=0.01, real=0.05 secs] 
4583.655: [Full GC (Ergonomics) [PSYoungGen: 159936K->0K(460800K)] [ParOldGen: 1232719K->197220K(1398272K)] 1392655K->197220K(1859072K), [Metaspace: 60486K->60486K(1105920K)], 0.4750582 secs] [Times: user=2.22 sys=0.00, real=0.48 secs] 
4586.148: [GC (Allocation Failure) [PSYoungGen: 233472K->91520K(464896K)] 430692K->288740K(1863168K), 0.0832128 secs] [Times: user=0.49 sys=0.00, real=0.09 secs] 
4588.515: [GC (Allocation Failure) [PSYoungGen: 315516K->159648K(462336K)] 512737K->444345K(1860608K), 0.0469126 secs] [Times: user=0.28 sys=0.00, real=0.05 secs] 
4590.350: [GC (Allocation Failure) [PSYoungGen: 395680K->91296K(466432K)] 680377K->526913K(1864704K), 0.1643687 secs] [Times: user=0.98 sys=0.00, real=0.16 secs] 
4592.946: [GC (Allocation Failure) [PSYoungGen: 316547K->160000K(463360K)] 752165K->682710K(1861632K), 0.0476759 secs] [Times: user=0.28 sys=0.01, real=0.05 secs] 
4594.846: [GC (Allocation Failure) [PSYoungGen: 398080K->94336K(467456K)] 920790K->768234K(1865728K), 0.1587313 secs] [Times: user=0.95 sys=0.00, real=0.16 secs] 
4596.726: [GC (Allocation Failure) [PSYoungGen: 332416K->217600K(457216K)] 1006314K->981753K(1855488K), 0.0534905 secs] [Times: user=0.31 sys=0.01, real=0.06 secs] 
4598.527: [GC (Allocation Failure) [PSYoungGen: 450560K->91040K(465920K)] 1214713K->1022801K(1864192K), 0.1720902 secs] [Times: user=1.02 sys=0.01, real=0.18 secs] 
4599.986: [GC (Allocation Failure) [PSYoungGen: 324000K->167808K(465920K)] 1255761K->1186542K(1864192K), 0.0560968 secs] [Times: user=0.34 sys=0.00, real=0.06 secs] 
4604.052: [GC (Allocation Failure) [PSYoungGen: 400768K->77600K(465920K)] 1419502K->1264022K(1864192K), 0.1337089 secs] [Times: user=0.79 sys=0.00, real=0.13 secs] 
4604.186: [Full GC (Ergonomics) [PSYoungGen: 77600K->0K(465920K)] [ParOldGen: 1186422K->63832K(1398272K)] 1264022K->63832K(1864192K), [Metaspace: 60488K->60488K(1105920K)], 0.1645629 secs] [Times: user=0.76 sys=0.00, real=0.17 secs] 
4605.376: [GC (Allocation Failure) [PSYoungGen: 232960K->171104K(465920K)] 296792K->234937K(1864192K), 0.0345106 secs] [Times: user=0.20 sys=0.00, real=0.04 secs] 
4607.671: [GC (Allocation Failure) [PSYoungGen: 404064K->80192K(465920K)] 467897K->315361K(1864192K), 0.1541179 secs] [Times: user=0.92 sys=0.00, real=0.15 secs] 
4608.227: [GC (Allocation Failure) [PSYoungGen: 313152K->177216K(465920K)] 548321K->486277K(1864192K), 0.0562829 secs] [Times: user=0.34 sys=0.00, real=0.06 secs] 
4611.786: [GC (Allocation Failure) [PSYoungGen: 410176K->83968K(465920K)] 719237K->570405K(1864192K), 0.1411431 secs] [Times: user=0.84 sys=0.00, real=0.14 secs] 
4612.238: [GC (Allocation Failure) [PSYoungGen: 316928K->207904K(465920K)] 803365K->768218K(1864192K), 0.0573210 secs] [Times: user=0.34 sys=0.00, real=0.06 secs] 
4615.635: [GC (Allocation Failure) [PSYoungGen: 440864K->80672K(465920K)] 1001178K->815738K(1864192K), 0.1200748 secs] [Times: user=0.72 sys=0.00, real=0.12 secs] 
4616.821: [GC (Allocation Failure) [PSYoungGen: 310093K->200544K(465920K)] 1045160K->1009639K(1864192K), 0.0653641 secs] [Times: user=0.39 sys=0.00, real=0.06 secs] 
4618.794: [GC (Allocation Failure) [PSYoungGen: 433504K->91040K(465920K)] 1242599K->1063887K(1864192K), 0.1022890 secs] [Times: user=0.61 sys=0.00, real=0.10 secs] 
4620.065: [GC (Allocation Failure) [PSYoungGen: 324000K->153568K(465920K)] 1296847K->1210902K(1864192K), 0.0606110 secs] [Times: user=0.36 sys=0.00, real=0.06 secs] 
4622.178: [GC (Allocation Failure) [PSYoungGen: 386528K->97760K(465920K)] 1443862K->1308334K(1864192K), 0.0923523 secs] [Times: user=0.55 sys=0.00, real=0.10 secs] 
4622.270: [Full GC (Ergonomics) [PSYoungGen: 97760K->0K(465920K)] [ParOldGen: 1210574K->112866K(1398272K)] 1308334K->112866K(1864192K), [Metaspace: 60488K->60488K(1105920K)], 0.2501602 secs] [Times: user=1.13 sys=0.00, real=0.25 secs] 
4624.445: [GC (Allocation Failure) [PSYoungGen: 232960K->150816K(465920K)] 345826K->263682K(1864192K), 0.0535290 secs] [Times: user=0.32 sys=0.00, real=0.05 secs] 
4626.019: [GC (Allocation Failure) [PSYoungGen: 383776K->110144K(465920K)] 496642K->373754K(1864192K), 0.0973622 secs] [Times: user=0.58 sys=0.00, real=0.09 secs] 
4628.468: [GC (Allocation Failure) [PSYoungGen: 343104K->137952K(465920K)] 606714K->501531K(1864192K), 0.0611060 secs] [Times: user=0.36 sys=0.00, real=0.07 secs] 
4630.454: [GC (Allocation Failure) [PSYoungGen: 370912K->120992K(354304K)] 734491K->622307K(1752576K), 0.0654617 secs] [Times: user=0.39 sys=0.00, real=0.07 secs] 
4631.952: [GC (Allocation Failure) [PSYoungGen: 353952K->127456K(468992K)] 855267K->739355K(1867264K), 0.0643709 secs] [Times: user=0.37 sys=0.00, real=0.06 secs] 
4634.789: [GC (Allocation Failure) [PSYoungGen: 369632K->137760K(459776K)] 981531K->876715K(1858048K), 0.0608264 secs] [Times: user=0.36 sys=0.00, real=0.07 secs] 
4636.443: [GC (Allocation Failure) [PSYoungGen: 379936K->3424K(453120K)] 1118891K->742463K(1851392K), 0.0026127 secs] [Times: user=0.02 sys=0.00, real=0.00 secs] 
4639.724: [GC (Allocation Failure) [PSYoungGen: 244576K->156416K(466432K)] 983615K->897756K(1864704K), 0.0311964 secs] [Times: user=0.19 sys=0.00, real=0.03 secs] 
4642.527: [GC (Allocation Failure) [PSYoungGen: 397568K->100224K(462848K)] 1138908K->989132K(1861120K), 0.0756478 secs] [Times: user=0.45 sys=0.00, real=0.08 secs] 
4643.575: [GC (Allocation Failure) [PSYoungGen: 343087K->172608K(466432K)] 1231996K->1160666K(1864704K), 0.0650788 secs] [Times: user=0.38 sys=0.00, real=0.07 secs] 
4646.522: [GC (Allocation Failure) [PSYoungGen: 417344K->94048K(471552K)] 1405402K->1246394K(1869824K), 0.1887020 secs] [Times: user=1.12 sys=0.01, real=0.19 secs] 
4649.052: [GC (Allocation Failure) [PSYoungGen: 335712K->186880K(429056K)] 1488058K->1428867K(1827328K), 0.0516394 secs] [Times: user=0.30 sys=0.00, real=0.05 secs] 
4649.103: [Full GC (Ergonomics) [PSYoungGen: 186880K->0K(429056K)] [ParOldGen: 1241987K->210488K(1398272K)] 1428867K->210488K(1827328K), [Metaspace: 60488K->60488K(1105920K)], 0.4888601 secs] [Times: user=2.29 sys=0.00, real=0.49 secs] 
4651.952: [GC (Allocation Failure) [PSYoungGen: 241664K->91392K(465920K)] 452152K->301880K(1864192K), 0.1561575 secs] [Times: user=0.93 sys=0.00, real=0.15 secs] 
4652.692: [GC (Allocation Failure) [PSYoungGen: 324352K->171456K(465920K)] 534840K->469645K(1864192K), 0.0564021 secs] [Times: user=0.33 sys=0.00, real=0.05 secs] 
4656.130: [GC (Allocation Failure) [PSYoungGen: 404416K->77440K(465920K)] 702605K->547177K(1864192K), 0.1451211 secs] [Times: user=0.86 sys=0.00, real=0.14 secs] 
4656.608: [GC (Allocation Failure) [PSYoungGen: 310400K->191008K(465920K)] 780137K->732341K(1864192K), 0.0560709 secs] [Times: user=0.34 sys=0.00, real=0.06 secs] 
4660.696: [GC (Allocation Failure) [PSYoungGen: 423968K->75744K(465920K)] 965301K->791333K(1864192K), 0.1556083 secs] [Times: user=0.93 sys=0.00, real=0.16 secs] 
4661.168: [GC (Allocation Failure) [PSYoungGen: 308704K->177376K(465920K)] 1024293K->962782K(1864192K), 0.0560035 secs] [Times: user=0.33 sys=0.00, real=0.06 secs] 
4664.730: [GC (Allocation Failure) [PSYoungGen: 410336K->77216K(465920K)] 1195742K->1040198K(1864192K), 0.1497047 secs] [Times: user=0.89 sys=0.00, real=0.15 secs] 
4665.307: [GC (Allocation Failure) [PSYoungGen: 309493K->208000K(465920K)] 1272475K->1242039K(1864192K), 0.0562607 secs] [Times: user=0.34 sys=0.00, real=0.06 secs] 
4668.989: [GC (Allocation Failure) [PSYoungGen: 440960K->80672K(465920K)] 1474999K->1289191K(1864192K), 0.1294755 secs] [Times: user=0.77 sys=0.00, real=0.12 secs] 
4669.119: [Full GC (Ergonomics) [PSYoungGen: 80672K->0K(465920K)] [ParOldGen: 1208519K->95841K(1398272K)] 1289191K->95841K(1864192K), [Metaspace: 60488K->60488K(1105920K)], 0.2354110 secs] [Times: user=1.09 sys=0.00, real=0.24 secs] 
4670.358: [GC (Allocation Failure) [PSYoungGen: 227738K->200640K(465920K)] 323579K->296481K(1864192K), 0.0490514 secs] [Times: user=0.29 sys=0.00, real=0.05 secs] 
4673.181: [GC (Allocation Failure) [PSYoungGen: 433600K->87584K(465920K)] 529441K->347025K(1864192K), 0.1047982 secs] [Times: user=0.63 sys=0.00, real=0.10 secs] 
4674.417: [GC (Allocation Failure) [PSYoungGen: 320544K->157280K(465920K)] 579985K->497222K(1864192K), 0.0593265 secs] [Times: user=0.36 sys=0.00, real=0.06 secs] 
4678.110: [GC (Allocation Failure) [PSYoungGen: 389606K->93024K(465920K)] 729548K->590166K(1864192K), 0.1002913 secs] [Times: user=0.60 sys=0.00, real=0.10 secs] 
4679.366: [GC (Allocation Failure) [PSYoungGen: 325984K->150784K(465920K)] 823126K->734483K(1864192K), 0.0598548 secs] [Times: user=0.36 sys=0.00, real=0.06 secs] 
4683.326: [GC (Allocation Failure) [PSYoungGen: 378035K->93184K(465920K)] 961734K->827723K(1864192K), 0.1097208 secs] [Times: user=0.58 sys=0.01, real=0.11 secs] 
4684.570: [GC (Allocation Failure) [PSYoungGen: 326144K->151168K(465920K)] 1060683K->972271K(1864192K), 0.0598557 secs] [Times: user=0.36 sys=0.00, real=0.06 secs] 
4686.587: [GC (Allocation Failure) [PSYoungGen: 384128K->99168K(465920K)] 1205231K->1071324K(1864192K), 0.1005056 secs] [Times: user=0.59 sys=0.00, real=0.10 secs] 
4688.175: [GC (Allocation Failure) [PSYoungGen: 332128K->149024K(465920K)] 1304284K->1209624K(1864192K), 0.0603947 secs] [Times: user=0.36 sys=0.00, real=0.06 secs] 
4691.148: [GC (Allocation Failure) [PSYoungGen: 381984K->108288K(460800K)] 1442584K->1317976K(1859072K), 0.0892592 secs] [Times: user=0.52 sys=0.00, real=0.09 secs] 
4691.237: [Full GC (Ergonomics) [PSYoungGen: 108288K->0K(460800K)] [ParOldGen: 1209688K->123169K(1398272K)] 1317976K->123169K(1859072K), [Metaspace: 60488K->60488K(1105920K)], 0.2725560 secs] [Times: user=1.24 sys=0.00, real=0.28 secs] 
4692.654: [GC (Allocation Failure) [PSYoungGen: 232960K->140160K(463360K)] 356129K->263329K(1861632K), 0.0490902 secs] [Times: user=0.30 sys=0.00, real=0.05 secs] 
4696.396: [GC (Allocation Failure) [PSYoungGen: 373120K->113728K(457216K)] 496289K->376981K(1855488K), 0.0955960 secs] [Times: user=0.57 sys=0.00, real=0.10 secs] 
4697.668: [GC (Allocation Failure) [PSYoungGen: 357440K->134816K(461312K)] 620693K->501156K(1859584K), 0.0611893 secs] [Times: user=0.36 sys=0.00, real=0.06 secs] 
4699.641: [GC (Allocation Failure) [PSYoungGen: 378528K->140672K(476160K)] 744868K->641612K(1874432K), 0.0596790 secs] [Times: user=0.35 sys=0.00, real=0.06 secs] 
4701.478: [GC (Allocation Failure) [PSYoungGen: 410496K->17152K(477696K)] 911436K->518124K(1875968K), 0.0157978 secs] [Times: user=0.08 sys=0.00, real=0.02 secs] 
4703.928: [GC (Allocation Failure) [PSYoungGen: 286976K->187104K(452096K)] 787948K->701929K(1850368K), 0.0414399 secs] [Times: user=0.24 sys=0.00, real=0.05 secs] 
4705.986: [GC (Allocation Failure) [PSYoungGen: 417738K->86080K(465920K)] 932563K->787357K(1864192K), 0.1797023 secs] [Times: user=1.06 sys=0.01, real=0.18 secs] 
4706.897: [GC (Allocation Failure) [PSYoungGen: 319040K->183936K(463360K)] 1020317K->967582K(1861632K), 0.0556447 secs] [Times: user=0.33 sys=0.01, real=0.06 secs] 
4710.278: [GC (Allocation Failure) [PSYoungGen: 416896K->79616K(465920K)] 1200542K->1030590K(1864192K), 0.1416045 secs] [Times: user=0.84 sys=0.00, real=0.15 secs] 
4710.741: [GC (Allocation Failure) [PSYoungGen: 312576K->191136K(465920K)] 1263550K->1216019K(1864192K), 0.0562075 secs] [Times: user=0.33 sys=0.00, real=0.05 secs] 
4714.583: [GC (Allocation Failure) [PSYoungGen: 424096K->77760K(465920K)] 1448979K->1277187K(1864192K), 0.1736913 secs] [Times: user=1.03 sys=0.01, real=0.17 secs] 
4714.757: [Full GC (Ergonomics) [PSYoungGen: 77760K->0K(465920K)] [ParOldGen: 1199427K->75723K(1398272K)] 1277187K->75723K(1864192K), [Metaspace: 60488K->60488K(1105920K)], 0.2006018 secs] [Times: user=0.94 sys=0.00, real=0.20 secs] 
4715.226: [GC (Allocation Failure) [PSYoungGen: 232960K->177888K(465920K)] 308683K->253611K(1864192K), 0.0380661 secs] [Times: user=0.23 sys=0.00, real=0.04 secs] 
4719.622: [GC (Allocation Failure) [PSYoungGen: 410848K->74752K(465920K)] 486571K->328683K(1864192K), 0.1524214 secs] [Times: user=0.91 sys=0.00, real=0.15 secs] 
4720.198: [GC (Allocation Failure) [PSYoungGen: 306603K->208640K(465920K)] 560534K->531176K(1864192K), 0.0552073 secs] [Times: user=0.33 sys=0.00, real=0.06 secs] 
4723.915: [GC (Allocation Failure) [PSYoungGen: 441600K->77408K(465920K)] 764136K->575032K(1864192K), 0.1178397 secs] [Times: user=0.71 sys=0.00, real=0.12 secs] 
4725.086: [GC (Allocation Failure) [PSYoungGen: 309335K->203232K(465920K)] 806959K->772319K(1864192K), 0.0653086 secs] [Times: user=0.39 sys=0.00, real=0.07 secs] 
4728.777: [GC (Allocation Failure) [PSYoungGen: 436192K->83296K(465920K)] 1005279K->819007K(1864192K), 0.0963312 secs] [Times: user=0.57 sys=0.00, real=0.10 secs] 
4730.192: [GC (Allocation Failure) [PSYoungGen: 316256K->160800K(465920K)] 1051967K->973228K(1864192K), 0.0600761 secs] [Times: user=0.36 sys=0.00, real=0.06 secs] 
4734.126: [GC (Allocation Failure) [PSYoungGen: 393760K->89504K(465920K)] 1206188K->1062684K(1864192K), 0.1029973 secs] [Times: user=0.61 sys=0.00, real=0.11 secs] 
4735.389: [GC (Allocation Failure) [PSYoungGen: 322464K->155008K(465920K)] 1295644K->1211163K(1864192K), 0.0605849 secs] [Times: user=0.36 sys=0.00, real=0.07 secs] 
4738.340: [GC (Allocation Failure) [PSYoungGen: 382330K->93440K(465920K)] 1438486K->1304307K(1864192K), 0.0968491 secs] [Times: user=0.57 sys=0.00, real=0.09 secs] 
4738.437: [Full GC (Ergonomics) [PSYoungGen: 93440K->0K(465920K)] [ParOldGen: 1210867K->109002K(1398272K)] 1304307K->109002K(1864192K), [Metaspace: 60488K->60488K(1105920K)], 0.2552116 secs] [Times: user=1.18 sys=0.00, real=0.26 secs] 
4739.789: [GC (Allocation Failure) [PSYoungGen: 232960K->150976K(465920K)] 341962K->259978K(1864192K), 0.0433196 secs] [Times: user=0.25 sys=0.01, real=0.04 secs] 
4742.177: [GC (Allocation Failure) [PSYoungGen: 376693K->93760K(465920K)] 485696K->353586K(1864192K), 0.1014509 secs] [Times: user=0.60 sys=0.00, real=0.10 secs] 
4743.414: [GC (Allocation Failure) [PSYoungGen: 326720K->150688K(465920K)] 586546K->497395K(1864192K), 0.0599785 secs] [Times: user=0.36 sys=0.00, real=0.06 secs] 
4745.702: [GC (Allocation Failure) [PSYoungGen: 383648K->104672K(465920K)] 730355K->602123K(1864192K), 0.0907883 secs] [Times: user=0.54 sys=0.00, real=0.09 secs] 
4747.028: [GC (Allocation Failure) [PSYoungGen: 337632K->143648K(461824K)] 835083K->735178K(1860096K), 0.0609699 secs] [Times: user=0.37 sys=0.00, real=0.06 secs] 
4749.660: [GC (Allocation Failure) [PSYoungGen: 376608K->111840K(345088K)] 968138K->846618K(1743360K), 0.0843443 secs] [Times: user=0.51 sys=0.00, real=0.08 secs] 
4751.111: [GC (Allocation Failure) [PSYoungGen: 344800K->136320K(468480K)] 1079578K->972159K(1866752K), 0.0609192 secs] [Times: user=0.36 sys=0.00, real=0.06 secs] 
4754.353: [GC (Allocation Failure) [PSYoungGen: 381568K->132160K(462336K)] 1217407K->1104111K(1860608K), 0.0653168 secs] [Times: user=0.39 sys=0.00, real=0.06 secs] 
4756.723: [GC (Allocation Failure) [PSYoungGen: 377408K->3040K(455168K)] 1349359K->975031K(1853440K), 0.0033900 secs] [Times: user=0.01 sys=0.00, real=0.00 secs] 
4759.226: [GC (Allocation Failure) [PSYoungGen: 248288K->155648K(468480K)] 1220279K->1128724K(1866752K), 0.0313532 secs] [Times: user=0.18 sys=0.00, real=0.03 secs] 
4760.789: [GC (Allocation Failure) [PSYoungGen: 400896K->104864K(463360K)] 1373972K->1224356K(1861632K), 0.1136691 secs] [Times: user=0.67 sys=0.00, real=0.11 secs] 
4763.287: [GC (Allocation Failure) [PSYoungGen: 349773K->171360K(467456K)] 1469265K->1393089K(1865728K), 0.0546984 secs] [Times: user=0.32 sys=0.00, real=0.06 secs] 
4763.341: [Full GC (Ergonomics) [PSYoungGen: 171360K->0K(467456K)] [ParOldGen: 1221729K->197929K(1398272K)] 1393089K->197929K(1865728K), [Metaspace: 60488K->60488K(1105920K)], 0.4645177 secs] [Times: user=2.17 sys=0.00, real=0.46 secs] 
4766.483: [GC (Allocation Failure) [PSYoungGen: 248320K->101024K(472576K)] 446249K->298953K(1870848K), 0.1007799 secs] [Times: user=0.60 sys=0.00, real=0.10 secs] 
4768.144: [GC (Allocation Failure) [PSYoungGen: 349344K->179616K(428032K)] 547273K->474573K(1826304K), 0.0527578 secs] [Times: user=0.31 sys=0.00, real=0.05 secs] 
4771.092: [GC (Allocation Failure) [PSYoungGen: 427936K->89280K(469504K)] 722893K->563813K(1867776K), 0.1326449 secs] [Times: user=0.79 sys=0.00, real=0.13 secs] 
4771.557: [GC (Allocation Failure) [PSYoungGen: 325824K->180640K(465920K)] 800357K->738334K(1864192K), 0.0594496 secs] [Times: user=0.35 sys=0.00, real=0.06 secs] 
4775.141: [GC (Allocation Failure) [PSYoungGen: 417184K->79008K(465920K)] 974878K->817614K(1864192K), 0.1269238 secs] [Times: user=0.76 sys=0.00, real=0.12 secs] 
4775.932: [GC (Allocation Failure) [PSYoungGen: 311968K->203840K(465920K)] 1050574K->1015187K(1864192K), 0.0586815 secs] [Times: user=0.35 sys=0.00, real=0.06 secs] 
4779.488: [GC (Allocation Failure) [PSYoungGen: 436800K->88000K(465920K)] 1248147K->1065867K(1864192K), 0.1141884 secs] [Times: user=0.68 sys=0.00, real=0.12 secs] 
4780.732: [GC (Allocation Failure) [PSYoungGen: 320960K->156384K(465920K)] 1298827K->1215488K(1864192K), 0.0595203 secs] [Times: user=0.35 sys=0.00, real=0.06 secs] 
4784.234: [GC (Allocation Failure) [PSYoungGen: 386689K->93120K(465920K)] 1445793K->1308416K(1864192K), 0.0970891 secs] [Times: user=0.57 sys=0.00, real=0.10 secs] 
4784.331: [Full GC (Ergonomics) [PSYoungGen: 93120K->0K(465920K)] [ParOldGen: 1215296K->108182K(1398272K)] 1308416K->108182K(1864192K), [Metaspace: 60491K->60491K(1105920K)], 0.2512745 secs] [Times: user=1.15 sys=0.00, real=0.25 secs] 
4785.689: [GC (Allocation Failure) [PSYoungGen: 232960K->151456K(465920K)] 341142K->259638K(1864192K), 0.0428260 secs] [Times: user=0.25 sys=0.00, real=0.04 secs] 
4787.284: [GC (Allocation Failure) [PSYoungGen: 384416K->100928K(465920K)] 492598K->360230K(1864192K), 0.0838904 secs] [Times: user=0.50 sys=0.00, real=0.08 secs] 
4788.524: [GC (Allocation Failure) [PSYoungGen: 333888K->147776K(380928K)] 593190K->497631K(1779200K), 0.0600797 secs] [Times: user=0.35 sys=0.00, real=0.06 secs] 
4791.135: [GC (Allocation Failure) [PSYoungGen: 380736K->110912K(472064K)] 730591K->607943K(1870336K), 0.0926008 secs] [Times: user=0.55 sys=0.00, real=0.09 secs] 
4792.387: [GC (Allocation Failure) [PSYoungGen: 351040K->137408K(377856K)] 848071K->734887K(1776128K), 0.0607258 secs] [Times: user=0.37 sys=0.00, real=0.06 secs] 
4795.462: [GC (Allocation Failure) [PSYoungGen: 377536K->128256K(469504K)] 975015K->862983K(1867776K), 0.0682549 secs] [Times: user=0.40 sys=0.00, real=0.07 secs] 
4796.779: [GC (Allocation Failure) [PSYoungGen: 379136K->3360K(460800K)] 1113863K->738171K(1859072K), 0.0035299 secs] [Times: user=0.02 sys=0.00, real=0.00 secs] 
4800.362: [GC (Allocation Failure) [PSYoungGen: 254240K->164448K(460800K)] 989051K->900936K(1859072K), 0.0327992 secs] [Times: user=0.19 sys=0.00, real=0.03 secs] 
4802.236: [GC (Allocation Failure) [PSYoungGen: 402528K->100768K(468480K)] 1139016K->992760K(1866752K), 0.1745493 secs] [Times: user=1.04 sys=0.00, real=0.18 secs] 
4804.942: [GC (Allocation Failure) [PSYoungGen: 338848K->165920K(461312K)] 1230840K->1156157K(1859584K), 0.0534086 secs] [Times: user=0.31 sys=0.00, real=0.05 secs] 
4806.897: [GC (Allocation Failure) [PSYoungGen: 404512K->94464K(468480K)] 1394749K->1241581K(1866752K), 0.1770768 secs] [Times: user=1.06 sys=0.00, real=0.18 secs] 
4809.268: [GC (Allocation Failure) [PSYoungGen: 317288K->157184K(467456K)] 1464405K->1395042K(1865728K), 0.0494458 secs] [Times: user=0.29 sys=0.00, real=0.05 secs] 
4809.318: [Full GC (Ergonomics) [PSYoungGen: 157184K->0K(467456K)] [ParOldGen: 1237858K->197878K(1398272K)] 1395042K->197878K(1865728K), [Metaspace: 60493K->60493K(1105920K)], 0.4781557 secs] [Times: user=2.24 sys=0.00, real=0.48 secs] 
4812.318: [GC (Allocation Failure) [PSYoungGen: 243200K->96832K(340480K)] 441078K->294710K(1738752K), 0.0943085 secs] [Times: user=0.55 sys=0.00, real=0.10 secs] 
4814.254: [GC (Allocation Failure) [PSYoungGen: 340032K->172480K(459776K)] 537910K->463579K(1858048K), 0.0509751 secs] [Times: user=0.31 sys=0.00, real=0.05 secs] 
4817.423: [GC (Allocation Failure) [PSYoungGen: 410560K->84928K(468480K)] 701659K->548299K(1866752K), 0.1607443 secs] [Times: user=0.95 sys=0.00, real=0.16 secs] 
4818.435: [GC (Allocation Failure) [PSYoungGen: 323008K->175520K(460288K)] 786379K->720255K(1858560K), 0.0556837 secs] [Times: user=0.33 sys=0.00, real=0.06 secs] 
4821.601: [GC (Allocation Failure) [PSYoungGen: 408480K->80576K(465920K)] 953215K->801032K(1864192K), 0.1498465 secs] [Times: user=0.89 sys=0.00, real=0.15 secs] 
4822.123: [GC (Allocation Failure) [PSYoungGen: 313536K->177792K(465920K)] 1033992K->972756K(1864192K), 0.0569089 secs] [Times: user=0.34 sys=0.00, real=0.06 secs] 
4826.114: [GC (Allocation Failure) [PSYoungGen: 410752K->74048K(465920K)] 1205716K->1047044K(1864192K), 0.1582201 secs] [Times: user=0.95 sys=0.00, real=0.16 secs] 
4826.720: [GC (Allocation Failure) [PSYoungGen: 306890K->209536K(465920K)] 1279886K->1250464K(1864192K), 0.0559800 secs] [Times: user=0.33 sys=0.00, real=0.05 secs] 
4830.967: [GC (Allocation Failure) [PSYoungGen: 442496K->73696K(465920K)] 1483424K->1290660K(1864192K), 0.1403542 secs] [Times: user=0.84 sys=0.00, real=0.14 secs] 
4831.107: [Full GC (Ergonomics) [PSYoungGen: 73696K->0K(465920K)] [ParOldGen: 1216964K->88877K(1398272K)] 1290660K->88877K(1864192K), [Metaspace: 60493K->60493K(1105920K)], 0.2196410 secs] [Times: user=1.02 sys=0.00, real=0.22 secs] 
4832.022: [GC (Allocation Failure) [PSYoungGen: 232960K->211584K(465920K)] 321837K->300461K(1864192K), 0.0432948 secs] [Times: user=0.26 sys=0.01, real=0.04 secs] 
4834.967: [GC (Allocation Failure) [PSYoungGen: 444544K->87712K(465920K)] 533421K->347437K(1864192K), 0.1212974 secs] [Times: user=0.72 sys=0.01, real=0.12 secs] 
4836.270: [GC (Allocation Failure) [PSYoungGen: 320672K->161056K(465920K)] 580397K->497560K(1864192K), 0.0595470 secs] [Times: user=0.35 sys=0.00, real=0.06 secs] 
4839.862: [GC (Allocation Failure) [PSYoungGen: 394016K->92352K(465920K)] 730520K->590144K(1864192K), 0.1018786 secs] [Times: user=0.60 sys=0.00, real=0.10 secs] 
4841.103: [GC (Allocation Failure) [PSYoungGen: 325312K->152640K(465920K)] 823104K->736113K(1864192K), 0.0606456 secs] [Times: user=0.36 sys=0.00, real=0.06 secs] 
4843.105: [GC (Allocation Failure) [PSYoungGen: 385600K->100512K(465920K)] 969073K->836313K(1864192K), 0.0758621 secs] [Times: user=0.45 sys=0.01, real=0.08 secs] 
4844.576: [GC (Allocation Failure) [PSYoungGen: 333472K->147392K(465920K)] 1069273K->973016K(1864192K), 0.0602457 secs] [Times: user=0.36 sys=0.00, real=0.06 secs] 
4846.858: [GC (Allocation Failure) [PSYoungGen: 380352K->106656K(465920K)] 1205976K->1079888K(1864192K), 0.0901240 secs] [Times: user=0.53 sys=0.00, real=0.09 secs] 
4848.137: [GC (Allocation Failure) [PSYoungGen: 339616K->141760K(462848K)] 1312848K->1211089K(1861120K), 0.0610773 secs] [Times: user=0.37 sys=0.00, real=0.06 secs] 
4850.637: [GC (Allocation Failure) [PSYoungGen: 374720K->116544K(349696K)] 1444049K->1327801K(1747968K), 0.0769477 secs] [Times: user=0.45 sys=0.00, real=0.08 secs] 
4850.714: [Full GC (Ergonomics) [PSYoungGen: 116544K->0K(349696K)] [ParOldGen: 1211257K->131572K(1398272K)] 1327801K->131572K(1747968K), [Metaspace: 60493K->60493K(1105920K)], 0.2937558 secs] [Times: user=1.34 sys=0.00, real=0.29 secs] 
4852.128: [GC (Allocation Failure) [PSYoungGen: 232960K->131936K(468992K)] 364532K->263508K(1867264K), 0.0482592 secs] [Times: user=0.29 sys=0.00, real=0.05 secs] 
4855.595: [GC (Allocation Failure) [PSYoungGen: 377696K->135936K(460800K)] 509268K->399748K(1859072K), 0.0686787 secs] [Times: user=0.40 sys=0.00, real=0.07 secs] 
4856.832: [GC (Allocation Failure) [PSYoungGen: 381696K->4384K(456704K)] 645508K->268308K(1854976K), 0.0021850 secs] [Times: user=0.01 sys=0.00, real=0.00 secs] 
4859.478: [GC (Allocation Failure) [PSYoungGen: 251680K->164928K(412672K)] 515604K->431209K(1810944K), 0.0328869 secs] [Times: user=0.19 sys=0.00, real=0.04 secs] 
4861.638: [GC (Allocation Failure) [PSYoungGen: 412224K->104000K(476672K)] 678505K->526021K(1874944K), 0.1768983 secs] [Times: user=1.06 sys=0.00, real=0.18 secs] 
4864.232: [GC (Allocation Failure) [PSYoungGen: 337937K->161472K(468992K)] 759958K->684954K(1867264K), 0.0530432 secs] [Times: user=0.31 sys=0.01, real=0.05 secs] 
4866.261: [GC (Allocation Failure) [PSYoungGen: 408256K->97440K(470528K)] 931738K->773962K(1868800K), 0.1732493 secs] [Times: user=1.03 sys=0.00, real=0.17 secs] 
4869.130: [GC (Allocation Failure) [PSYoungGen: 346784K->177664K(427520K)] 1023306K->947948K(1825792K), 0.1040432 secs] [Times: user=0.62 sys=0.00, real=0.10 secs] 
4872.617: [GC (Allocation Failure) [PSYoungGen: 427008K->89312K(470528K)] 1197292K->1037100K(1868800K), 0.1686910 secs] [Times: user=1.00 sys=0.00, real=0.17 secs] 
4873.402: [GC (Allocation Failure) [PSYoungGen: 327392K->181184K(419328K)] 1275180K->1212277K(1817600K), 0.0915141 secs] [Times: user=0.54 sys=0.00, real=0.09 secs] 
4876.061: [GC (Allocation Failure) [PSYoungGen: 419264K->82496K(465920K)] 1450357K->1295029K(1864192K), 0.1296591 secs] [Times: user=0.77 sys=0.00, real=0.13 secs] 
4876.190: [Full GC (Ergonomics) [PSYoungGen: 82496K->0K(465920K)] [ParOldGen: 1212533K->92904K(1398272K)] 1295029K->92904K(1864192K), [Metaspace: 60493K->60493K(1105920K)], 0.2185081 secs] [Times: user=1.00 sys=0.00, real=0.21 secs] 
4877.428: [GC (Allocation Failure) [PSYoungGen: 231072K->204608K(465920K)] 323976K->297512K(1864192K), 0.0501616 secs] [Times: user=0.30 sys=0.00, real=0.05 secs] 
4880.868: [GC (Allocation Failure) [PSYoungGen: 437568K->83680K(465920K)] 530472K->344624K(1864192K), 0.1159140 secs] [Times: user=0.69 sys=0.00, real=0.12 secs] 
4882.126: [GC (Allocation Failure) [PSYoungGen: 316640K->160736K(465920K)] 577584K->498464K(1864192K), 0.0590889 secs] [Times: user=0.35 sys=0.00, real=0.06 secs] 
4885.470: [GC (Allocation Failure) [PSYoungGen: 393696K->92416K(465920K)] 731424K->591032K(1864192K), 0.0946576 secs] [Times: user=0.56 sys=0.00, real=0.09 secs] 
4886.692: [GC (Allocation Failure) [PSYoungGen: 325376K->152032K(465920K)] 823992K->736397K(1864192K), 0.0608078 secs] [Times: user=0.36 sys=0.00, real=0.06 secs] 
4889.266: [GC (Allocation Failure) [PSYoungGen: 379572K->93568K(465920K)] 963937K->829861K(1864192K), 0.1001774 secs] [Times: user=0.60 sys=0.00, real=0.10 secs] 
4890.504: [GC (Allocation Failure) [PSYoungGen: 326528K->150752K(465920K)] 1062821K->974026K(1864192K), 0.0606255 secs] [Times: user=0.37 sys=0.00, real=0.06 secs] 
4892.580: [GC (Allocation Failure) [PSYoungGen: 383712K->101856K(458752K)] 1206986K->1076122K(1857024K), 0.0962903 secs] [Times: user=0.58 sys=0.00, real=0.09 secs] 
4895.273: [GC (Allocation Failure) [PSYoungGen: 334816K->146496K(462336K)] 1309082K->1211947K(1860608K), 0.0615459 secs] [Times: user=0.36 sys=0.00, real=0.06 secs] 
4896.603: [GC (Allocation Failure) [PSYoungGen: 379456K->114592K(453120K)] 1444907K->1326491K(1851392K), 0.0773605 secs] [Times: user=0.46 sys=0.00, real=0.08 secs] 
4896.680: [Full GC (Ergonomics) [PSYoungGen: 114592K->0K(453120K)] [ParOldGen: 1211899K->129664K(1398272K)] 1326491K->129664K(1851392K), [Metaspace: 60494K->60494K(1105920K)], 0.2916618 secs] [Times: user=1.33 sys=0.00, real=0.29 secs] 
4899.327: [GC (Allocation Failure) [PSYoungGen: 242688K->133184K(461824K)] 372352K->262848K(1860096K), 0.0451001 secs] [Times: user=0.26 sys=0.00, real=0.05 secs] 
4900.326: [GC (Allocation Failure) [PSYoungGen: 375872K->139776K(469504K)] 505536K->402784K(1867776K), 0.0669882 secs] [Times: user=0.40 sys=0.00, real=0.07 secs] 
4902.833: [GC (Allocation Failure) [PSYoungGen: 407040K->10464K(475648K)] 670048K->273516K(1873920K), 0.0032094 secs] [Times: user=0.01 sys=0.00, real=0.00 secs] 
4904.600: [GC (Allocation Failure) [PSYoungGen: 261654K->174688K(455680K)] 524707K->446141K(1853952K), 0.0359699 secs] [Times: user=0.21 sys=0.00, real=0.03 secs] 
4907.250: [GC (Allocation Failure) [PSYoungGen: 409696K->92192K(466944K)] 681149K->529301K(1865216K), 0.1614025 secs] [Times: user=0.96 sys=0.01, real=0.16 secs] 
4908.438: [GC (Allocation Failure) [PSYoungGen: 327200K->167424K(458752K)] 764309K->693242K(1857024K), 0.0789940 secs] [Times: user=0.47 sys=0.01, real=0.08 secs] 
4911.506: [GC (Allocation Failure) [PSYoungGen: 400384K->83584K(465920K)] 926202K->776826K(1864192K), 0.1699024 secs] [Times: user=1.01 sys=0.00, real=0.17 secs] 
4913.091: [GC (Allocation Failure) [PSYoungGen: 316544K->161696K(462336K)] 1009786K->935227K(1860608K), 0.1200982 secs] [Times: user=0.72 sys=0.00, real=0.12 secs] 
4915.577: [GC (Allocation Failure) [PSYoungGen: 394656K->85632K(465920K)] 1168187K->1020643K(1864192K), 0.0705950 secs] [Times: user=0.42 sys=0.00, real=0.07 secs] 
4916.916: [GC (Allocation Failure) [PSYoungGen: 318592K->167680K(462336K)] 1253603K->1185000K(1860608K), 0.1205716 secs] [Times: user=0.71 sys=0.01, real=0.12 secs] 
4920.415: [GC (Allocation Failure) [PSYoungGen: 400640K->80320K(465920K)] 1417960K->1265208K(1864192K), 0.1404275 secs] [Times: user=0.83 sys=0.00, real=0.14 secs] 
4920.556: [Full GC (Ergonomics) [PSYoungGen: 80320K->0K(465920K)] [ParOldGen: 1184888K->64056K(1398272K)] 1265208K->64056K(1864192K), [Metaspace: 60494K->60494K(1105920K)], 0.1712805 secs] [Times: user=0.76 sys=0.00, real=0.17 secs] 
4921.389: [GC (Allocation Failure) [PSYoungGen: 232960K->171520K(465408K)] 297016K->235577K(1863680K), 0.0342517 secs] [Times: user=0.20 sys=0.00, real=0.03 secs] 
4925.162: [GC (Allocation Failure) [PSYoungGen: 404480K->76064K(465920K)] 468537K->311777K(1864192K), 0.1813979 secs] [Times: user=1.08 sys=0.00, real=0.18 secs] 
4926.001: [GC (Allocation Failure) [PSYoungGen: 309024K->173056K(465920K)] 544737K->478613K(1864192K), 0.0543144 secs] [Times: user=0.32 sys=0.00, real=0.05 secs] 
4929.983: [GC (Allocation Failure) [PSYoungGen: 406016K->77696K(465920K)] 711573K->556341K(1864192K), 0.1613141 secs] [Times: user=0.96 sys=0.00, real=0.16 secs] 
4930.547: [GC (Allocation Failure) [PSYoungGen: 310656K->173856K(465920K)] 789301K->723997K(1864192K), 0.0557975 secs] [Times: user=0.33 sys=0.01, real=0.06 secs] 
4933.929: [GC (Allocation Failure) [PSYoungGen: 406816K->76704K(465920K)] 956957K->800453K(1864192K), 0.1700357 secs] [Times: user=1.02 sys=0.00, real=0.17 secs] 
4934.421: [GC (Allocation Failure) [PSYoungGen: 309664K->177696K(465920K)] 1033413K->972029K(1864192K), 0.0568756 secs] [Times: user=0.34 sys=0.00, real=0.05 secs] 
4939.362: [GC (Allocation Failure) [PSYoungGen: 410656K->75840K(465920K)] 1204989K->1048150K(1864192K), 0.1343166 secs] [Times: user=0.80 sys=0.00, real=0.13 secs] 
4940.137: [GC (Allocation Failure) [PSYoungGen: 307046K->204896K(465920K)] 1279356K->1246633K(1864192K), 0.0594181 secs] [Times: user=0.35 sys=0.00, real=0.06 secs] 
4943.569: [GC (Allocation Failure) [PSYoungGen: 437856K->82464K(465920K)] 1479593K->1294157K(1864192K), 0.1219332 secs] [Times: user=0.73 sys=0.00, real=0.12 secs] 
4943.691: [Full GC (Ergonomics) [PSYoungGen: 82464K->0K(465920K)] [ParOldGen: 1211693K->98111K(1398272K)] 1294157K->98111K(1864192K), [Metaspace: 60499K->60499K(1105920K)], 0.2387239 secs] [Times: user=1.10 sys=0.00, real=0.24 secs] 
4945.043: [GC (Allocation Failure) [PSYoungGen: 232960K->161152K(465920K)] 331071K->259263K(1864192K), 0.0462744 secs] [Times: user=0.28 sys=0.00, real=0.04 secs] 
4947.697: [GC (Allocation Failure) [PSYoungGen: 394112K->89920K(465920K)] 492223K->349463K(1864192K), 0.0972660 secs] [Times: user=0.57 sys=0.00, real=0.10 secs] 
4949.102: [GC (Allocation Failure) [PSYoungGen: 322880K->154304K(465920K)] 582423K->497382K(1864192K), 0.0597572 secs] [Times: user=0.36 sys=0.00, real=0.06 secs] 
4950.300: [GC (Allocation Failure) [PSYoungGen: 387264K->102784K(465920K)] 730342K->599934K(1864192K), 0.0920420 secs] [Times: user=0.55 sys=0.00, real=0.09 secs] 
4952.166: [GC (Allocation Failure) [PSYoungGen: 335744K->145888K(465920K)] 832894K->735427K(1864192K), 0.0604126 secs] [Times: user=0.36 sys=0.00, real=0.06 secs] 
4955.710: [GC (Allocation Failure) [PSYoungGen: 378848K->101920K(465920K)] 968387K->836835K(1864192K), 0.0919644 secs] [Times: user=0.55 sys=0.00, real=0.09 secs] 
4957.018: [GC (Allocation Failure) [PSYoungGen: 334880K->146624K(460800K)] 1069795K->972962K(1859072K), 0.0609000 secs] [Times: user=0.36 sys=0.00, real=0.07 secs] 
4958.631: [GC (Allocation Failure) [PSYoungGen: 379584K->118464K(351744K)] 1205922K->1091562K(1750016K), 0.0622986 secs] [Times: user=0.37 sys=0.00, real=0.06 secs] 
4960.483: [GC (Allocation Failure) [PSYoungGen: 351424K->130112K(470528K)] 1324522K->1211287K(1868800K), 0.0618853 secs] [Times: user=0.37 sys=0.00, real=0.06 secs] 
4963.227: [GC (Allocation Failure) [PSYoungGen: 378944K->137088K(462336K)] 1460119K->1348167K(1860608K), 0.0579680 secs] [Times: user=0.34 sys=0.00, real=0.06 secs] 
4963.285: [Full GC (Ergonomics) [PSYoungGen: 137088K->0K(462336K)] [ParOldGen: 1211079K->153055K(1398272K)] 1348167K->153055K(1860608K), [Metaspace: 60512K->60512K(1105920K)], 0.3383360 secs] [Times: user=1.55 sys=0.00, real=0.34 secs] 
4966.018: [GC (Allocation Failure) [PSYoungGen: 248832K->114752K(478720K)] 401887K->267807K(1876992K), 0.0400688 secs] [Times: user=0.24 sys=0.00, real=0.04 secs] 
4967.718: [GC (Allocation Failure) [PSYoungGen: 380394K->180096K(472576K)] 533450K->447028K(1870848K), 0.0614161 secs] [Times: user=0.36 sys=0.00, real=0.07 secs] 
4970.459: [GC (Allocation Failure) [PSYoungGen: 448437K->112512K(488960K)] 715369K->550968K(1887232K), 0.1812931 secs] [Times: user=1.06 sys=0.01, real=0.18 secs] 
4972.051: [GC (Allocation Failure) [PSYoungGen: 385434K->209888K(483840K)] 823890K->774321K(1882112K), 0.1035891 secs] [Times: user=0.62 sys=0.00, real=0.10 secs] 
4974.051: [GC (Allocation Failure) [PSYoungGen: 483808K->112960K(448000K)] 1048241K->853961K(1846272K), 0.0839948 secs] [Times: user=0.50 sys=0.00, real=0.08 secs] 
4977.724: [GC (Allocation Failure) [PSYoungGen: 345920K->135008K(465920K)] 1086921K->978817K(1864192K), 0.0617722 secs] [Times: user=0.36 sys=0.01, real=0.06 secs] 
4979.431: [GC (Allocation Failure) [PSYoungGen: 367968K->115008K(465920K)] 1211777K->1093697K(1864192K), 0.0710643 secs] [Times: user=0.42 sys=0.00, real=0.07 secs] 
4981.176: [GC (Allocation Failure) [PSYoungGen: 347968K->132960K(465920K)] 1326657K->1216038K(1864192K), 0.0612611 secs] [Times: user=0.37 sys=0.00, real=0.06 secs] 
4982.193: [GC (Allocation Failure) [PSYoungGen: 365920K->133440K(465920K)] 1448998K->1349658K(1864192K), 0.0607558 secs] [Times: user=0.36 sys=0.00, real=0.06 secs] 
4982.254: [Full GC (Ergonomics) [PSYoungGen: 133440K->0K(465920K)] [ParOldGen: 1216218K->149487K(1398272K)] 1349658K->149487K(1864192K), [Metaspace: 60512K->59605K(1105920K)], 0.3446721 secs] [Times: user=1.55 sys=0.00, real=0.34 secs] 
4983.985: [GC (Allocation Failure) [PSYoungGen: 232960K->115104K(348160K)] 382447K->264591K(1746432K), 0.0403719 secs] [Times: user=0.24 sys=0.00, real=0.04 secs] 
4986.679: [GC (Allocation Failure) [PSYoungGen: 348064K->139840K(473088K)] 497551K->404111K(1871360K), 0.0579368 secs] [Times: user=0.34 sys=0.00, real=0.05 secs] 
4987.915: [GC (Allocation Failure) [PSYoungGen: 381504K->3808K(464384K)] 645775K->268147K(1862656K), 0.0023832 secs] [Times: user=0.01 sys=0.00, real=0.00 secs] 
4990.847: [GC (Allocation Failure) [PSYoungGen: 245472K->158016K(465920K)] 509811K->424096K(1864192K), 0.0312667 secs] [Times: user=0.18 sys=0.00, real=0.03 secs] 
4991.988: [GC (Allocation Failure) [PSYoungGen: 390976K->101888K(335360K)] 657056K->516664K(1733632K), 0.0660254 secs] [Times: user=0.39 sys=0.00, real=0.07 secs] 
4994.888: [GC (Allocation Failure) [PSYoungGen: 334848K->167648K(462848K)] 749624K->681969K(1861120K), 0.0529428 secs] [Times: user=0.31 sys=0.00, real=0.06 secs] 
4996.305: [GC (Allocation Failure) [PSYoungGen: 399072K->93984K(464384K)] 913393K->758313K(1862656K), 0.1010696 secs] [Times: user=0.59 sys=0.01, real=0.10 secs] 
5000.246: [GC (Allocation Failure) [PSYoungGen: 325408K->158112K(464896K)] 989737K->913450K(1863168K), 0.0503840 secs] [Times: user=0.30 sys=0.00, real=0.05 secs] 
5001.606: [GC (Allocation Failure) [PSYoungGen: 391072K->96704K(329728K)] 1146410K->1001418K(1728000K), 0.0885532 secs] [Times: user=0.53 sys=0.00, real=0.09 secs] 
5004.428: [GC (Allocation Failure) [PSYoungGen: 329664K->163232K(458752K)] 1234378K->1161570K(1857024K), 0.0515702 secs] [Times: user=0.31 sys=0.00, real=0.06 secs] 
5006.499: [GC (Allocation Failure) [PSYoungGen: 393632K->90304K(462336K)] 1391970K->1242354K(1860608K), 0.1853575 secs] [Times: user=1.09 sys=0.01, real=0.19 secs] 
5009.232: [GC (Allocation Failure) [PSYoungGen: 318657K->160480K(464384K)] 1470708K->1399999K(1862656K), 0.0490648 secs] [Times: user=0.29 sys=0.00, real=0.05 secs] 
5009.281: [Full GC (Ergonomics) [PSYoungGen: 160480K->0K(464384K)] [ParOldGen: 1239519K->197249K(1398272K)] 1399999K->197249K(1862656K), [Metaspace: 59605K->59605K(1105920K)], 0.4684722 secs] [Times: user=2.18 sys=0.00, real=0.47 secs] 
5011.544: [GC (Allocation Failure) [PSYoungGen: 236032K->89376K(466944K)] 433281K->286625K(1865216K), 0.0943858 secs] [Times: user=0.53 sys=0.00, real=0.09 secs] 
5013.985: [GC (Allocation Failure) [PSYoungGen: 317319K->161696K(464384K)] 514568K->444501K(1862656K), 0.0472886 secs] [Times: user=0.28 sys=0.00, real=0.05 secs] 
5015.703: [GC (Allocation Failure) [PSYoungGen: 398240K->92832K(329728K)] 681045K->528437K(1728000K), 0.1230946 secs] [Times: user=0.73 sys=0.01, real=0.12 secs] 
5017.613: [GC (Allocation Failure) [PSYoungGen: 329376K->167360K(460800K)] 764981K->692474K(1859072K), 0.1319807 secs] [Times: user=0.79 sys=0.00, real=0.13 secs] 
5021.923: [GC (Allocation Failure) [PSYoungGen: 401344K->80384K(466432K)] 926458K->772042K(1864704K), 0.1596274 secs] [Times: user=0.90 sys=0.01, real=0.16 secs] 
5023.303: [GC (Allocation Failure) [PSYoungGen: 314368K->169984K(463360K)] 1006026K->938215K(1861632K), 0.0537361 secs] [Times: user=0.32 sys=0.00, real=0.05 secs] 
5024.672: [GC (Allocation Failure) [PSYoungGen: 402237K->87520K(465920K)] 1170469K->1025531K(1864192K), 0.0745239 secs] [Times: user=0.44 sys=0.00, real=0.07 secs] 
5025.438: [GC (Allocation Failure) [PSYoungGen: 320480K->165984K(465920K)] 1258491K->1188364K(1864192K), 0.0546474 secs] [Times: user=0.33 sys=0.01, real=0.06 secs] 
5028.345: [GC (Allocation Failure) [PSYoungGen: 398944K->80928K(465920K)] 1421324K->1269088K(1864192K), 0.1266638 secs] [Times: user=0.75 sys=0.00, real=0.13 secs] 
5028.472: [Full GC (Ergonomics) [PSYoungGen: 80928K->0K(465920K)] [ParOldGen: 1188160K->67942K(1398272K)] 1269088K->67942K(1864192K), [Metaspace: 59606K->59606K(1105920K)], 0.1608231 secs] [Times: user=0.73 sys=0.00, real=0.16 secs] 
5029.192: [GC (Allocation Failure) [PSYoungGen: 232960K->177248K(465920K)] 300902K->245190K(1864192K), 0.0387280 secs] [Times: user=0.23 sys=0.00, real=0.04 secs] 
5031.047: [GC (Allocation Failure) [PSYoungGen: 410208K->83232K(465920K)] 478150K->328734K(1864192K), 0.1038446 secs] [Times: user=0.61 sys=0.01, real=0.11 secs] 
5031.848: [GC (Allocation Failure) [PSYoungGen: 316192K->170560K(465920K)] 561694K->493403K(1864192K), 0.1219873 secs] [Times: user=0.73 sys=0.00, real=0.13 secs] 
5036.742: [GC (Allocation Failure) [PSYoungGen: 403520K->70816K(465920K)] 726363K->564311K(1864192K), 0.1474229 secs] [Times: user=0.87 sys=0.00, real=0.15 secs] 
5037.210: [GC (Allocation Failure) [PSYoungGen: 303776K->177536K(465920K)] 797271K->735694K(1864192K), 0.0555236 secs] [Times: user=0.33 sys=0.01, real=0.05 secs] 
5042.426: [GC (Allocation Failure) [PSYoungGen: 410496K->79136K(465920K)] 968654K->814702K(1864192K), 0.1404759 secs] [Times: user=0.83 sys=0.01, real=0.14 secs] 
5043.624: [GC (Allocation Failure) [PSYoungGen: 311972K->203648K(465920K)] 1047539K->1012439K(1864192K), 0.0663184 secs] [Times: user=0.40 sys=0.00, real=0.07 secs] 
5047.549: [GC (Allocation Failure) [PSYoungGen: 436608K->82688K(465920K)] 1245399K->1058535K(1864192K), 0.1171315 secs] [Times: user=0.70 sys=0.00, real=0.11 secs] 
5048.762: [GC (Allocation Failure) [PSYoungGen: 312208K->198496K(465920K)] 1288055K->1251004K(1864192K), 0.0668794 secs] [Times: user=0.40 sys=0.00, real=0.07 secs] 
5051.065: [GC (Allocation Failure) [PSYoungGen: 431456K->86976K(465920K)] 1483964K->1300644K(1864192K), 0.1120981 secs] [Times: user=0.67 sys=0.00, real=0.11 secs] 
5051.178: [Full GC (Ergonomics) [PSYoungGen: 86976K->0K(465920K)] [ParOldGen: 1213668K->103084K(1398272K)] 1300644K->103084K(1864192K), [Metaspace: 59655K->59655K(1105920K)], 0.2394266 secs] [Times: user=1.08 sys=0.00, real=0.24 secs] 
5052.528: [GC (Allocation Failure) [PSYoungGen: 232960K->157760K(465920K)] 336044K->260844K(1864192K), 0.0456060 secs] [Times: user=0.27 sys=0.00, real=0.05 secs] 
5055.110: [GC (Allocation Failure) [PSYoungGen: 387114K->93024K(465920K)] 490199K->353804K(1864192K), 0.0943408 secs] [Times: user=0.56 sys=0.00, real=0.09 secs] 
5057.514: [GC (Allocation Failure) [PSYoungGen: 325984K->151232K(465920K)] 586764K->498591K(1864192K), 0.0595726 secs] [Times: user=0.35 sys=0.00, real=0.06 secs] 
5058.567: [GC (Allocation Failure) [PSYoungGen: 384192K->98656K(465920K)] 731551K->597063K(1864192K), 0.0677422 secs] [Times: user=0.40 sys=0.00, real=0.07 secs] 
5061.299: [GC (Allocation Failure) [PSYoungGen: 331616K->149376K(465920K)] 830023K->736150K(1864192K), 0.0605250 secs] [Times: user=0.36 sys=0.00, real=0.07 secs] 
5063.120: [GC (Allocation Failure) [PSYoungGen: 382336K->107360K(465920K)] 969110K->843406K(1864192K), 0.0869995 secs] [Times: user=0.47 sys=0.00, real=0.08 secs] 
5065.288: [GC (Allocation Failure) [PSYoungGen: 340320K->140832K(458752K)] 1076366K->974131K(1857024K), 0.0614415 secs] [Times: user=0.36 sys=0.00, real=0.07 secs] 
5066.741: [GC (Allocation Failure) [PSYoungGen: 373792K->117280K(462336K)] 1207091K->1091227K(1860608K), 0.0640966 secs] [Times: user=0.39 sys=0.00, real=0.06 secs] 
5068.463: [GC (Allocation Failure) [PSYoungGen: 350240K->131264K(458752K)] 1324187K->1212546K(1857024K), 0.0627467 secs] [Times: user=0.37 sys=0.00, real=0.06 secs] 
5071.343: [GC (Allocation Failure) [PSYoungGen: 379584K->136704K(461824K)] 1460866K->1348514K(1860096K), 0.0625762 secs] [Times: user=0.37 sys=0.00, real=0.06 secs] 
5071.405: [Full GC (Ergonomics) [PSYoungGen: 136704K->0K(461824K)] [ParOldGen: 1211810K->152581K(1398272K)] 1348514K->152581K(1860096K), [Metaspace: 59673K->59673K(1105920K)], 0.3460702 secs] [Times: user=1.59 sys=0.00, real=0.35 secs] 
5072.873: [GC (Allocation Failure) [PSYoungGen: 248320K->116288K(476672K)] 400901K->268869K(1874944K), 0.0403726 secs] [Times: user=0.24 sys=0.00, real=0.04 secs] 
5076.294: [GC (Allocation Failure) [PSYoungGen: 386957K->179072K(479744K)] 539538K->446204K(1878016K), 0.0612281 secs] [Times: user=0.36 sys=0.01, real=0.06 secs] 
5079.442: [GC (Allocation Failure) [PSYoungGen: 456576K->115456K(489984K)] 723708K->552652K(1888256K), 0.1719639 secs] [Times: user=1.02 sys=0.00, real=0.17 secs] 
5081.560: [GC (Allocation Failure) [PSYoungGen: 391424K->193504K(469504K)] 828620K->739035K(1867776K), 0.0666244 secs] [Times: user=0.40 sys=0.00, real=0.06 secs] 
5084.486: [GC (Allocation Failure) [PSYoungGen: 469472K->118560K(480256K)] 1015003K->857535K(1878528K), 0.0865851 secs] [Times: user=0.51 sys=0.01, real=0.09 secs] 
5085.809: [GC (Allocation Failure) [PSYoungGen: 374560K->2720K(259072K)] 1113535K->741847K(1657344K), 0.0037015 secs] [Times: user=0.02 sys=0.00, real=0.00 secs] 
5089.007: [GC (Allocation Failure) [PSYoungGen: 258720K->163392K(465920K)] 997847K->903796K(1864192K), 0.0327425 secs] [Times: user=0.20 sys=0.00, real=0.04 secs] 
5090.326: [GC (Allocation Failure) [PSYoungGen: 396352K->98080K(331264K)] 1136756K->992332K(1729536K), 0.0981021 secs] [Times: user=0.58 sys=0.00, real=0.10 secs] 
5092.825: [GC (Allocation Failure) [PSYoungGen: 331040K->161824K(461824K)] 1225292K->1151205K(1860096K), 0.0525493 secs] [Times: user=0.31 sys=0.00, real=0.05 secs] 
5094.492: [GC (Allocation Failure) [PSYoungGen: 392736K->92640K(463872K)] 1382117K->1234901K(1862144K), 0.1112793 secs] [Times: user=0.66 sys=0.00, real=0.11 secs] 
5097.676: [GC (Allocation Failure) [PSYoungGen: 323552K->160256K(461312K)] 1465813K->1392282K(1859584K), 0.0507035 secs] [Times: user=0.30 sys=0.00, real=0.05 secs] 
5097.727: [Full GC (Ergonomics) [PSYoungGen: 160256K->0K(461312K)] [ParOldGen: 1232026K->191501K(1398272K)] 1392282K->191501K(1859584K), [Metaspace: 59673K->59673K(1105920K)], 0.4512931 secs] [Times: user=2.11 sys=0.00, real=0.45 secs] 
5099.459: [GC (Allocation Failure) [PSYoungGen: 231936K->91648K(464384K)] 423437K->283149K(1862656K), 0.0459683 secs] [Times: user=0.28 sys=0.00, real=0.05 secs] 
5101.248: [GC (Allocation Failure) [PSYoungGen: 321703K->165088K(459776K)] 513205K->445722K(1858048K), 0.0494367 secs] [Times: user=0.29 sys=0.00, real=0.05 secs] 
5103.424: [GC (Allocation Failure) [PSYoungGen: 397024K->88896K(464896K)] 677658K->526114K(1863168K), 0.1019348 secs] [Times: user=0.61 sys=0.00, real=0.10 secs] 
5105.703: [GC (Allocation Failure) [PSYoungGen: 317534K->160992K(462848K)] 754752K->684095K(1861120K), 0.0477250 secs] [Times: user=0.28 sys=0.00, real=0.05 secs] 
5107.434: [GC (Allocation Failure) [PSYoungGen: 394976K->88960K(323072K)] 918079K->764295K(1721344K), 0.1310425 secs] [Times: user=0.78 sys=0.00, real=0.13 secs] 
5108.922: [GC (Allocation Failure) [PSYoungGen: 312183K->160480K(462848K)] 987518K->922660K(1861120K), 0.0486953 secs] [Times: user=0.29 sys=0.00, real=0.05 secs] 
5111.061: [GC (Allocation Failure) [PSYoungGen: 394976K->91104K(465920K)] 1157156K->1005184K(1864192K), 0.0704601 secs] [Times: user=0.42 sys=0.00, real=0.07 secs] 
5111.848: [GC (Allocation Failure) [PSYoungGen: 311560K->159744K(463360K)] 1225640K->1161741K(1861632K), 0.0499900 secs] [Times: user=0.29 sys=0.00, real=0.05 secs] 
5113.964: [GC (Allocation Failure) [PSYoungGen: 395776K->92288K(466432K)] 1397773K->1245441K(1864704K), 0.1015642 secs] [Times: user=0.61 sys=0.00, real=0.10 secs] 
5115.372: [GC (Allocation Failure) [PSYoungGen: 328320K->187008K(459264K)] 1481473K->1428576K(1857536K), 0.0646093 secs] [Times: user=0.39 sys=0.00, real=0.06 secs] 
5115.437: [Full GC (Ergonomics) [PSYoungGen: 187008K->0K(459264K)] [ParOldGen: 1241568K->208696K(1398272K)] 1428576K->208696K(1857536K), [Metaspace: 59673K->59673K(1105920K)], 0.4843947 secs] [Times: user=2.25 sys=0.00, real=0.49 secs] 
5118.891: [GC (Allocation Failure) [PSYoungGen: 232960K->80768K(465920K)] 441656K->289464K(1864192K), 0.1733102 secs] [Times: user=1.03 sys=0.00, real=0.17 secs] 
5120.600: [GC (Allocation Failure) [PSYoungGen: 313728K->162848K(465920K)] 522424K->448501K(1864192K), 0.0521358 secs] [Times: user=0.31 sys=0.00, real=0.05 secs] 
5123.440: [GC (Allocation Failure) [PSYoungGen: 395808K->83872K(465920K)] 681461K->531485K(1864192K), 0.1707697 secs] [Times: user=1.02 sys=0.00, real=0.17 secs] 
5124.833: [GC (Allocation Failure) [PSYoungGen: 316832K->167648K(465920K)] 764445K->695220K(1864192K), 0.0540898 secs] [Times: user=0.32 sys=0.00, real=0.05 secs] 
5127.339: [GC (Allocation Failure) [PSYoungGen: 400608K->79008K(465920K)] 928180K->773696K(1864192K), 0.1376046 secs] [Times: user=0.82 sys=0.00, real=0.13 secs] 
5128.081: [GC (Allocation Failure) [PSYoungGen: 311968K->171104K(465920K)] 1006656K->940605K(1864192K), 0.0536846 secs] [Times: user=0.32 sys=0.00, real=0.05 secs] 
5131.023: [GC (Allocation Failure) [PSYoungGen: 404064K->83936K(465920K)] 1173565K->1024597K(1864192K), 0.1326706 secs] [Times: user=0.79 sys=0.00, real=0.13 secs] 
5131.508: [GC (Allocation Failure) [PSYoungGen: 316896K->174112K(465920K)] 1257557K->1193150K(1864192K), 0.0556969 secs] [Times: user=0.33 sys=0.00, real=0.06 secs] 
5135.066: [GC (Allocation Failure) [PSYoungGen: 407072K->75136K(465920K)] 1426110K->1268190K(1864192K), 0.1708730 secs] [Times: user=1.02 sys=0.00, real=0.17 secs] 
5135.237: [Full GC (Ergonomics) [PSYoungGen: 75136K->0K(465920K)] [ParOldGen: 1193054K->75565K(1398272K)] 1268190K->75565K(1864192K), [Metaspace: 59711K->59711K(1105920K)], 0.1988874 secs] [Times: user=0.93 sys=0.00, real=0.20 secs] 
5135.691: [GC (Allocation Failure) [PSYoungGen: 232960K->188544K(465920K)] 308525K->264109K(1864192K), 0.0375481 secs] [Times: user=0.22 sys=0.00, real=0.04 secs] 
5139.425: [GC (Allocation Failure) [PSYoungGen: 421504K->85504K(465920K)] 497069K->332553K(1864192K), 0.1385512 secs] [Times: user=0.83 sys=0.00, real=0.14 secs] 
5140.005: [GC (Allocation Failure) [PSYoungGen: 316630K->205664K(465920K)] 563679K->532342K(1864192K), 0.0577269 secs] [Times: user=0.35 sys=0.00, real=0.06 secs] 
5144.512: [GC (Allocation Failure) [PSYoungGen: 438624K->73312K(465920K)] 765302K->571566K(1864192K), 0.1350742 secs] [Times: user=0.80 sys=0.00, real=0.13 secs] 
5145.262: [GC (Allocation Failure) [PSYoungGen: 302634K->205920K(465920K)] 800888K->771101K(1864192K), 0.0587977 secs] [Times: user=0.35 sys=0.00, real=0.06 secs] 
5148.520: [GC (Allocation Failure) [PSYoungGen: 438880K->80192K(465920K)] 1004061K->816781K(1864192K), 0.1250737 secs] [Times: user=0.75 sys=0.00, real=0.12 secs] 
5149.686: [GC (Allocation Failure) [PSYoungGen: 310538K->201248K(465920K)] 1047127K->1011533K(1864192K), 0.0662900 secs] [Times: user=0.39 sys=0.00, real=0.07 secs] 
5152.191: [GC (Allocation Failure) [PSYoungGen: 434208K->86912K(465920K)] 1244493K->1061525K(1864192K), 0.1178742 secs] [Times: user=0.71 sys=0.00, real=0.12 secs] 
5153.484: [GC (Allocation Failure) [PSYoungGen: 319872K->157664K(465920K)] 1294485K->1212428K(1864192K), 0.0604539 secs] [Times: user=0.36 sys=0.00, real=0.06 secs] 
5156.560: [GC (Allocation Failure) [PSYoungGen: 389171K->93408K(465920K)] 1443935K->1305652K(1864192K), 0.1041404 secs] [Times: user=0.61 sys=0.00, real=0.10 secs] 
5156.664: [Full GC (Ergonomics) [PSYoungGen: 93408K->0K(465920K)] [ParOldGen: 1212244K->107185K(1398272K)] 1305652K->107185K(1864192K), [Metaspace: 59712K->59712K(1105920K)], 0.2901399 secs] [Times: user=1.35 sys=0.00, real=0.29 secs] 
5158.066: [GC (Allocation Failure) [PSYoungGen: 232960K->150784K(465920K)] 340145K->257969K(1864192K), 0.0428919 secs] [Times: user=0.25 sys=0.00, real=0.05 secs] 
5161.044: [GC (Allocation Failure) [PSYoungGen: 377715K->93600K(465920K)] 484901K->351486K(1864192K), 0.0936744 secs] [Times: user=0.55 sys=0.00, real=0.09 secs] 
5162.328: [GC (Allocation Failure) [PSYoungGen: 326560K->150880K(465920K)] 584446K->495446K(1864192K), 0.0601059 secs] [Times: user=0.36 sys=0.00, real=0.06 secs] 
5165.064: [GC (Allocation Failure) [PSYoungGen: 383840K->98528K(465920K)] 728406K->594182K(1864192K), 0.0945154 secs] [Times: user=0.56 sys=0.00, real=0.09 secs] 
5166.339: [GC (Allocation Failure) [PSYoungGen: 331488K->149856K(465920K)] 827142K->733051K(1864192K), 0.0604093 secs] [Times: user=0.36 sys=0.00, real=0.07 secs] 
5169.178: [GC (Allocation Failure) [PSYoungGen: 382816K->108416K(465920K)] 966011K->841715K(1864192K), 0.0866536 secs] [Times: user=0.52 sys=0.00, real=0.09 secs] 
5170.427: [GC (Allocation Failure) [PSYoungGen: 341376K->140096K(455680K)] 1074675K->970810K(1853952K), 0.0611027 secs] [Times: user=0.36 sys=0.00, real=0.06 secs] 
5174.058: [GC (Allocation Failure) [PSYoungGen: 373056K->114016K(460800K)] 1203770K->1084954K(1859072K), 0.0846521 secs] [Times: user=0.51 sys=0.00, real=0.09 secs] 
5175.304: [GC (Allocation Failure) [PSYoungGen: 346976K->134560K(459776K)] 1317914K->1209087K(1858048K), 0.0615164 secs] [Times: user=0.37 sys=0.00, real=0.06 secs] 
5178.225: [GC (Allocation Failure) [PSYoungGen: 384928K->139328K(464384K)] 1459455K->1348335K(1862656K), 0.0595663 secs] [Times: user=0.35 sys=0.00, real=0.06 secs] 
5178.285: [Full GC (Ergonomics) [PSYoungGen: 139328K->0K(464384K)] [ParOldGen: 1209007K->153518K(1398272K)] 1348335K->153518K(1862656K), [Metaspace: 59712K->59712K(1105920K)], 0.3497884 secs] [Times: user=1.58 sys=0.01, real=0.35 secs] 
5179.769: [GC (Allocation Failure) [PSYoungGen: 250368K->117216K(473600K)] 403886K->270734K(1871872K), 0.0415105 secs] [Times: user=0.24 sys=0.00, real=0.05 secs] 
5181.905: [GC (Allocation Failure) [PSYoungGen: 380222K->176672K(479232K)] 533741K->445667K(1877504K), 0.0613143 secs] [Times: user=0.36 sys=0.01, real=0.06 secs] 
5184.087: [GC (Allocation Failure) [PSYoungGen: 452128K->123296K(488448K)] 721123K->559727K(1886720K), 0.1754694 secs] [Times: user=1.05 sys=0.00, real=0.18 secs] 
5185.975: [GC (Allocation Failure) [PSYoungGen: 400800K->186016K(463872K)] 837231K->739222K(1862144K), 0.0668584 secs] [Times: user=0.40 sys=0.00, real=0.07 secs] 
5189.251: [GC (Allocation Failure) [PSYoungGen: 463520K->129728K(485888K)] 1016726K->868270K(1884160K), 0.0777127 secs] [Times: user=0.46 sys=0.00, real=0.07 secs] 
5190.504: [GC (Allocation Failure) [PSYoungGen: 395456K->8992K(274944K)] 1133998K->747606K(1673216K), 0.0031122 secs] [Times: user=0.01 sys=0.00, real=0.00 secs] 
5194.226: [GC (Allocation Failure) [PSYoungGen: 272284K->176096K(460288K)] 1010899K->921203K(1858560K), 0.0363139 secs] [Times: user=0.21 sys=0.00, real=0.04 secs] 
5196.161: [GC (Allocation Failure) [PSYoungGen: 409056K->89856K(465920K)] 1154163K->1002263K(1864192K), 0.1665133 secs] [Times: user=0.99 sys=0.01, real=0.16 secs] 
5197.612: [GC (Allocation Failure) [PSYoungGen: 319628K->160832K(464896K)] 1232035K->1160440K(1863168K), 0.0489216 secs] [Times: user=0.29 sys=0.01, real=0.05 secs] 
5199.756: [GC (Allocation Failure) [PSYoungGen: 393792K->91168K(324608K)] 1393400K->1242664K(1722880K), 0.0898455 secs] [Times: user=0.54 sys=0.00, real=0.09 secs] 
5199.846: [Full GC (Ergonomics) [PSYoungGen: 91168K->0K(324608K)] [ParOldGen: 1151496K->41001K(1398272K)] 1242664K->41001K(1722880K), [Metaspace: 59712K->59712K(1105920K)], 0.0797701 secs] [Times: user=0.30 sys=0.00, real=0.08 secs] 
5201.244: [GC (Allocation Failure) [PSYoungGen: 218850K->159840K(461824K)] 259852K->200841K(1860096K), 0.0313972 secs] [Times: user=0.19 sys=0.00, real=0.03 secs] 
5203.518: [GC (Allocation Failure) [PSYoungGen: 391264K->88480K(464384K)] 432265K->280497K(1862656K), 0.1692284 secs] [Times: user=1.01 sys=0.01, real=0.17 secs] 
5204.863: [GC (Allocation Failure) [PSYoungGen: 317775K->161440K(461824K)] 509792K->439358K(1860096K), 0.0472266 secs] [Times: user=0.28 sys=0.00, real=0.05 secs] 
5208.487: [GC (Allocation Failure) [PSYoungGen: 393888K->85024K(464896K)] 671806K->515910K(1863168K), 0.0741439 secs] [Times: user=0.44 sys=0.00, real=0.08 secs] 
5210.443: [GC (Allocation Failure) [PSYoungGen: 310229K->163904K(462336K)] 741115K->677635K(1860608K), 0.0475890 secs] [Times: user=0.28 sys=0.00, real=0.05 secs] 
5212.544: [GC (Allocation Failure) [PSYoungGen: 396864K->89632K(465920K)] 910595K->759107K(1864192K), 0.1408988 secs] [Times: user=0.84 sys=0.00, real=0.14 secs] 
5213.973: [GC (Allocation Failure) [PSYoungGen: 314774K->159392K(464384K)] 984249K->916248K(1862656K), 0.0746215 secs] [Times: user=0.44 sys=0.00, real=0.07 secs] 
5217.136: [GC (Allocation Failure) [PSYoungGen: 393888K->87520K(322048K)] 1150744K->995584K(1720320K), 0.1203338 secs] [Times: user=0.72 sys=0.00, real=0.12 secs] 
5219.923: [GC (Allocation Failure) [PSYoungGen: 318562K->162016K(461312K)] 1226626K->1155116K(1859584K), 0.0485199 secs] [Times: user=0.28 sys=0.00, real=0.05 secs] 
5221.631: [GC (Allocation Failure) [PSYoungGen: 394245K->89760K(465408K)] 1387346K->1236092K(1863680K), 0.1685200 secs] [Times: user=1.01 sys=0.00, real=0.17 secs] 
5223.486: [GC (Allocation Failure) [PSYoungGen: 314181K->160000K(463360K)] 1460514K->1393489K(1861632K), 0.0496209 secs] [Times: user=0.29 sys=0.00, real=0.05 secs] 
5223.536: [Full GC (Ergonomics) [PSYoungGen: 160000K->0K(463360K)] [ParOldGen: 1233489K->196303K(1398272K)] 1393489K->196303K(1861632K), [Metaspace: 59712K->59712K(1105920K)], 0.4705704 secs] [Times: user=2.19 sys=0.00, real=0.47 secs] 
5225.288: [GC (Allocation Failure) [PSYoungGen: 235008K->93760K(329216K)] 431311K->290063K(1727488K), 0.0445807 secs] [Times: user=0.26 sys=0.00, real=0.05 secs] 
5227.056: [GC (Allocation Failure) [PSYoungGen: 328768K->183872K(459776K)] 525071K->470076K(1858048K), 0.0501461 secs] [Times: user=0.30 sys=0.00, real=0.05 secs] 
5228.739: [GC (Allocation Failure) [PSYoungGen: 416832K->88928K(465920K)] 703036K->542052K(1864192K), 0.1044958 secs] [Times: user=0.62 sys=0.00, real=0.10 secs] 
5229.455: [GC (Allocation Failure) [PSYoungGen: 321888K->166464K(465920K)] 775012K->705557K(1864192K), 0.1010353 secs] [Times: user=0.61 sys=0.00, real=0.10 secs] 
5232.528: [GC (Allocation Failure) [PSYoungGen: 396525K->80320K(465920K)] 935619K->785821K(1864192K), 0.1591244 secs] [Times: user=0.95 sys=0.01, real=0.16 secs] 
5233.415: [GC (Allocation Failure) [PSYoungGen: 313280K->163808K(465920K)] 1018781K->946154K(1864192K), 0.0535044 secs] [Times: user=0.32 sys=0.00, real=0.05 secs] 
5236.384: [GC (Allocation Failure) [PSYoungGen: 396768K->81280K(465920K)] 1179114K->1027114K(1864192K), 0.1675353 secs] [Times: user=0.99 sys=0.00, real=0.17 secs] 
5237.611: [GC (Allocation Failure) [PSYoungGen: 314240K->170848K(465920K)] 1260074K->1192403K(1864192K), 0.1389180 secs] [Times: user=0.83 sys=0.00, real=0.14 secs] 
5239.983: [GC (Allocation Failure) [PSYoungGen: 403808K->85088K(465920K)] 1425363K->1277579K(1864192K), 0.1730119 secs] [Times: user=1.03 sys=0.00, real=0.17 secs] 
5240.156: [Full GC (Ergonomics) [PSYoungGen: 85088K->0K(465920K)] [ParOldGen: 1192491K->76111K(1398272K)] 1277579K->76111K(1864192K), [Metaspace: 59712K->59712K(1105920K)], 0.2059712 secs] [Times: user=0.98 sys=0.00, real=0.21 secs] 
5241.901: [GC (Allocation Failure) [PSYoungGen: 232960K->168704K(465920K)] 309071K->244815K(1864192K), 0.0982667 secs] [Times: user=0.57 sys=0.02, real=0.10 secs] 
5244.981: [GC (Allocation Failure) [PSYoungGen: 401664K->89408K(465920K)] 477775K->334248K(1864192K), 0.1362612 secs] [Times: user=0.81 sys=0.01, real=0.13 secs] 
5245.607: [GC (Allocation Failure) [PSYoungGen: 322368K->176224K(465920K)] 567208K->492000K(1864192K), 0.0862740 secs] [Times: user=0.51 sys=0.00, real=0.09 secs] 
5248.119: [GC (Allocation Failure) [PSYoungGen: 409184K->84032K(465920K)] 724960K->576312K(1864192K), 0.1249612 secs] [Times: user=0.74 sys=0.00, real=0.12 secs] 
5249.199: [GC (Allocation Failure) [PSYoungGen: 316681K->199360K(465920K)] 808962K->769757K(1864192K), 0.0858889 secs] [Times: user=0.51 sys=0.00, real=0.09 secs] 
5252.308: [GC (Allocation Failure) [PSYoungGen: 432320K->84480K(465920K)] 1002717K->819805K(1864192K), 0.1062537 secs] [Times: user=0.63 sys=0.00, real=0.11 secs] 
5253.467: [GC (Allocation Failure) [PSYoungGen: 312319K->197824K(465920K)] 1047645K->1011142K(1864192K), 0.0669482 secs] [Times: user=0.40 sys=0.00, real=0.07 secs] 
5256.180: [GC (Allocation Failure) [PSYoungGen: 430784K->93088K(465920K)] 1244102K->1066842K(1864192K), 0.1003808 secs] [Times: user=0.59 sys=0.00, real=0.10 secs] 
5257.435: [GC (Allocation Failure) [PSYoungGen: 326048K->152128K(465920K)] 1299802K->1212439K(1864192K), 0.0606157 secs] [Times: user=0.36 sys=0.00, real=0.06 secs] 
5260.796: [GC (Allocation Failure) [PSYoungGen: 381059K->92832K(465920K)] 1441370K->1304479K(1864192K), 0.0907021 secs] [Times: user=0.54 sys=0.00, real=0.09 secs] 
5260.887: [Full GC (Ergonomics) [PSYoungGen: 92832K->0K(465920K)] [ParOldGen: 1211647K->106935K(1398272K)] 1304479K->106935K(1864192K), [Metaspace: 59712K->59712K(1105920K)], 0.2527003 secs] [Times: user=1.16 sys=0.00, real=0.26 secs] 
5262.221: [GC (Allocation Failure) [PSYoungGen: 232960K->151232K(465920K)] 339895K->258167K(1864192K), 0.0429198 secs] [Times: user=0.26 sys=0.00, real=0.04 secs] 
5265.081: [GC (Allocation Failure) [PSYoungGen: 377263K->93216K(465920K)] 484198K->350919K(1864192K), 0.0936553 secs] [Times: user=0.56 sys=0.00, real=0.09 secs] 
5266.353: [GC (Allocation Failure) [PSYoungGen: 326176K->151296K(465920K)] 583879K->495598K(1864192K), 0.0601273 secs] [Times: user=0.36 sys=0.00, real=0.06 secs] 
5268.537: [GC (Allocation Failure) [PSYoungGen: 384256K->100000K(465920K)] 728558K->595370K(1864192K), 0.0960649 secs] [Times: user=0.57 sys=0.00, real=0.10 secs] 
5271.509: [GC (Allocation Failure) [PSYoungGen: 332960K->148256K(460800K)] 828330K->733025K(1859072K), 0.0601899 secs] [Times: user=0.36 sys=0.00, real=0.06 secs] 
5273.388: [GC (Allocation Failure) [PSYoungGen: 381216K->105344K(463360K)] 965985K->838177K(1861632K), 0.0886563 secs] [Times: user=0.53 sys=0.01, real=0.09 secs] 
5275.430: [GC (Allocation Failure) [PSYoungGen: 338304K->142208K(464896K)] 1071137K->970032K(1863168K), 0.0605600 secs] [Times: user=0.36 sys=0.00, real=0.06 secs] 
5276.230: [GC (Allocation Failure) [PSYoungGen: 386432K->128992K(464896K)] 1214256K->1099224K(1863168K), 0.0594928 secs] [Times: user=0.35 sys=0.00, real=0.06 secs] 
5279.158: [GC (Allocation Failure) [PSYoungGen: 373216K->1984K(455680K)] 1343448K->972248K(1853952K), 0.0025219 secs] [Times: user=0.01 sys=0.00, real=0.01 secs] 
5280.774: [GC (Allocation Failure) [PSYoungGen: 246208K->152768K(468992K)] 1216472K->1123861K(1867264K), 0.0303956 secs] [Times: user=0.17 sys=0.00, real=0.03 secs] 
5282.773: [GC (Allocation Failure) [PSYoungGen: 396992K->9792K(460800K)] 1368085K->981037K(1859072K), 0.0038329 secs] [Times: user=0.02 sys=0.00, real=0.00 secs] 
5284.559: [GC (Allocation Failure) [PSYoungGen: 242752K->160320K(465920K)] 1213997K->1139218K(1864192K), 0.0334218 secs] [Times: user=0.20 sys=0.00, real=0.03 secs] 
5285.790: [GC (Allocation Failure) [PSYoungGen: 393280K->96544K(463872K)] 1372178K->1226578K(1862144K), 0.0691480 secs] [Times: user=0.41 sys=0.00, real=0.06 secs] 
5287.844: [GC (Allocation Failure) [PSYoungGen: 329504K->166976K(464896K)] 1459538K->1391091K(1863168K), 0.0519305 secs] [Times: user=0.31 sys=0.00, real=0.05 secs] 
5287.896: [Full GC (Ergonomics) [PSYoungGen: 166976K->0K(464896K)] [ParOldGen: 1224115K->195244K(1398272K)] 1391091K->195244K(1863168K), [Metaspace: 59713K->59713K(1105920K)], 0.4676931 secs] [Times: user=2.16 sys=0.00, real=0.47 secs] 
5289.859: [GC (Allocation Failure) [PSYoungGen: 232960K->90784K(466432K)] 428204K->286028K(1864704K), 0.0656307 secs] [Times: user=0.39 sys=0.01, real=0.06 secs] 
5291.842: [GC (Allocation Failure) [PSYoungGen: 319655K->160672K(465920K)] 514900K->443505K(1864192K), 0.0474955 secs] [Times: user=0.29 sys=0.00, real=0.05 secs] 
5293.636: [GC (Allocation Failure) [PSYoungGen: 394144K->94432K(461824K)] 676977K->529001K(1860096K), 0.1520557 secs] [Times: user=0.90 sys=0.00, real=0.15 secs] 
5295.892: [GC (Allocation Failure) [PSYoungGen: 315924K->159072K(463872K)] 750493K->681934K(1862144K), 0.0481152 secs] [Times: user=0.28 sys=0.00, real=0.05 secs] 
5297.587: [GC (Allocation Failure) [PSYoungGen: 392544K->91616K(461824K)] 915406K->764534K(1860096K), 0.1687554 secs] [Times: user=1.01 sys=0.01, real=0.17 secs] 
5300.101: [GC (Allocation Failure) [PSYoungGen: 317921K->159808K(463872K)] 990839K->919898K(1862144K), 0.0480902 secs] [Times: user=0.28 sys=0.00, real=0.05 secs] 
5301.792: [GC (Allocation Failure) [PSYoungGen: 395328K->91808K(462848K)] 1155418K->1003115K(1861120K), 0.1539034 secs] [Times: user=0.91 sys=0.00, real=0.15 secs] 
5304.878: [GC (Allocation Failure) [PSYoungGen: 317584K->159776K(464384K)] 1228891K->1158867K(1862656K), 0.0489268 secs] [Times: user=0.29 sys=0.00, real=0.05 secs] 
5306.395: [GC (Allocation Failure) [PSYoungGen: 397344K->95712K(464896K)] 1396435K->1245803K(1863168K), 0.0938253 secs] [Times: user=0.56 sys=0.01, real=0.09 secs] 
5308.599: [GC (Allocation Failure) [PSYoungGen: 336864K->167264K(466432K)] 1486955K->1409908K(1864704K), 0.1297672 secs] [Times: user=0.76 sys=0.00, real=0.13 secs] 
5308.729: [Full GC (Ergonomics) [PSYoungGen: 167264K->0K(466432K)] [ParOldGen: 1242644K->209051K(1398272K)] 1409908K->209051K(1864704K), [Metaspace: 59716K->59716K(1105920K)], 0.5295331 secs] [Times: user=2.51 sys=0.00, real=0.52 secs] 
5310.843: [GC (Allocation Failure) [PSYoungGen: 241152K->91488K(468480K)] 450203K->300539K(1866752K), 0.0921182 secs] [Times: user=0.55 sys=0.00, real=0.09 secs] 
5312.053: [GC (Allocation Failure) [PSYoungGen: 331616K->169792K(410112K)] 540667K->466636K(1808384K), 0.1011790 secs] [Times: user=0.60 sys=0.00, real=0.10 secs] 
5314.182: [GC (Allocation Failure) [PSYoungGen: 409920K->88864K(468992K)] 706764K->555284K(1867264K), 0.0687744 secs] [Times: user=0.40 sys=0.00, real=0.07 secs] 
5315.351: [GC (Allocation Failure) [PSYoungGen: 324896K->170464K(465920K)] 791316K->719773K(1864192K), 0.1503665 secs] [Times: user=0.90 sys=0.00, real=0.15 secs] 
5318.350: [GC (Allocation Failure) [PSYoungGen: 406496K->84544K(465920K)] 955805K->803917K(1864192K), 0.1233166 secs] [Times: user=0.73 sys=0.01, real=0.12 secs] 
5319.374: [GC (Allocation Failure) [PSYoungGen: 317504K->203264K(465920K)] 1036877K->1001146K(1864192K), 0.1100098 secs] [Times: user=0.65 sys=0.01, real=0.11 secs] 
5322.009: [GC (Allocation Failure) [PSYoungGen: 436224K->88160K(465920K)] 1234106K->1055650K(1864192K), 0.1074433 secs] [Times: user=0.63 sys=0.00, real=0.10 secs] 
5323.148: [GC (Allocation Failure) [PSYoungGen: 316466K->197376K(465920K)] 1283956K->1242819K(1864192K), 0.0678807 secs] [Times: user=0.40 sys=0.00, real=0.07 secs] 
5327.109: [GC (Allocation Failure) [PSYoungGen: 430336K->86624K(465920K)] 1475779K->1292227K(1864192K), 0.1103804 secs] [Times: user=0.66 sys=0.00, real=0.12 secs] 
5327.219: [Full GC (Ergonomics) [PSYoungGen: 86624K->0K(465920K)] [ParOldGen: 1205603K->100791K(1398272K)] 1292227K->100791K(1864192K), [Metaspace: 59716K->59716K(1105920K)], 0.2429294 secs] [Times: user=1.11 sys=0.00, real=0.24 secs] 
5328.559: [GC (Allocation Failure) [PSYoungGen: 232960K->158432K(465920K)] 333751K->259223K(1864192K), 0.0457818 secs] [Times: user=0.27 sys=0.00, real=0.04 secs] 
5331.588: [GC (Allocation Failure) [PSYoungGen: 391392K->92992K(465920K)] 492183K->351535K(1864192K), 0.0941974 secs] [Times: user=0.56 sys=0.00, real=0.10 secs] 
5332.823: [GC (Allocation Failure) [PSYoungGen: 325952K->151360K(465920K)] 584495K->495931K(1864192K), 0.0596504 secs] [Times: user=0.35 sys=0.00, real=0.06 secs] 
5336.379: [GC (Allocation Failure) [PSYoungGen: 384320K->97760K(465920K)] 728891K->593956K(1864192K), 0.0964033 secs] [Times: user=0.58 sys=0.00, real=0.09 secs] 
5337.621: [GC (Allocation Failure) [PSYoungGen: 330720K->150464K(465920K)] 826916K->733855K(1864192K), 0.0604413 secs] [Times: user=0.35 sys=0.00, real=0.06 secs] 
5339.967: [GC (Allocation Failure) [PSYoungGen: 383424K->108096K(459776K)] 966815K->841751K(1858048K), 0.0752604 secs] [Times: user=0.44 sys=0.01, real=0.08 secs] 
5342.602: [GC (Allocation Failure) [PSYoungGen: 341056K->140192K(462848K)] 1074711K->971254K(1861120K), 0.0607990 secs] [Times: user=0.36 sys=0.00, real=0.06 secs] 
5343.618: [GC (Allocation Failure) [PSYoungGen: 373152K->117344K(457216K)] 1204214K->1088814K(1855488K), 0.0768046 secs] [Times: user=0.45 sys=0.00, real=0.08 secs] 
5346.366: [GC (Allocation Failure) [PSYoungGen: 362080K->130880K(461824K)] 1333550K->1209331K(1860096K), 0.0619264 secs] [Times: user=0.36 sys=0.00, real=0.06 secs] 
5347.803: [GC (Allocation Failure) [PSYoungGen: 375616K->144384K(479744K)] 1454067K->1353627K(1878016K), 0.0593904 secs] [Times: user=0.35 sys=0.00, real=0.06 secs] 
5347.863: [Full GC (Ergonomics) [PSYoungGen: 144384K->0K(479744K)] [ParOldGen: 1209243K->158304K(1398272K)] 1353627K->158304K(1878016K), [Metaspace: 59716K->59716K(1105920K)], 0.3717362 secs] [Times: user=1.71 sys=0.00, real=0.37 secs] 
5349.366: [GC (Allocation Failure) [PSYoungGen: 271360K->123872K(478720K)] 429664K->282176K(1876992K), 0.0383171 secs] [Times: user=0.22 sys=0.00, real=0.04 secs] 
5351.100: [GC (Allocation Failure) [PSYoungGen: 395232K->191520K(465920K)] 553536K->470929K(1864192K), 0.0801993 secs] [Times: user=0.47 sys=0.00, real=0.08 secs] 
5355.711: [GC (Allocation Failure) [PSYoungGen: 457248K->105024K(482304K)] 736657K->575625K(1880576K), 0.1292667 secs] [Times: user=0.77 sys=0.00, real=0.13 secs] 
5357.057: [GC (Allocation Failure) [PSYoungGen: 370752K->172800K(472064K)] 841353K->737729K(1870336K), 0.0669191 secs] [Times: user=0.39 sys=0.01, real=0.07 secs] 
5359.466: [GC (Allocation Failure) [PSYoungGen: 431360K->112352K(478720K)] 996289K->850265K(1876992K), 0.0896414 secs] [Times: user=0.52 sys=0.01, real=0.09 secs] 
5360.811: [GC (Allocation Failure) [PSYoungGen: 370912K->2464K(454144K)] 1108825K->740561K(1852416K), 0.0023904 secs] [Times: user=0.01 sys=0.00, real=0.00 secs] 
5363.190: [GC (Allocation Failure) [PSYoungGen: 240544K->156736K(395264K)] 978641K->895853K(1793536K), 0.0296380 secs] [Times: user=0.17 sys=0.00, real=0.03 secs] 
5364.417: [GC (Allocation Failure) [PSYoungGen: 394816K->106016K(474112K)] 1133933K->984362K(1872384K), 0.0667138 secs] [Times: user=0.39 sys=0.01, real=0.07 secs] 
5366.821: [GC (Allocation Failure) [PSYoungGen: 347680K->161248K(466432K)] 1226026K->1143850K(1864704K), 0.0544401 secs] [Times: user=0.32 sys=0.00, real=0.05 secs] 
5368.202: [GC (Allocation Failure) [PSYoungGen: 402912K->103040K(465920K)] 1385514K->1237522K(1864192K), 0.0995074 secs] [Times: user=0.58 sys=0.00, real=0.10 secs] 
5370.342: [GC (Allocation Failure) [PSYoungGen: 339469K->163584K(467968K)] 1473952K->1398343K(1866240K), 0.0537636 secs] [Times: user=0.31 sys=0.00, real=0.05 secs] 
5370.396: [Full GC (Ergonomics) [PSYoungGen: 163584K->0K(467968K)] [ParOldGen: 1234759K->196917K(1398272K)] 1398343K->196917K(1866240K), [Metaspace: 59716K->59716K(1105920K)], 0.4640599 secs] [Times: user=2.16 sys=0.00, real=0.47 secs] 
5373.203: [GC (Allocation Failure) [PSYoungGen: 245248K->98240K(471552K)] 442165K->295157K(1869824K), 0.0936095 secs] [Times: user=0.56 sys=0.01, real=0.09 secs] 
5374.216: [GC (Allocation Failure) [PSYoungGen: 347072K->193856K(442880K)] 543989K->485149K(1841152K), 0.0525876 secs] [Times: user=0.31 sys=0.00, real=0.05 secs] 
5377.438: [GC (Allocation Failure) [PSYoungGen: 442688K->94144K(465920K)] 733981K->562213K(1864192K), 0.1586757 secs] [Times: user=0.94 sys=0.00, real=0.16 secs] 
5377.887: [GC (Allocation Failure) [PSYoungGen: 327104K->173408K(465920K)] 795173K->729854K(1864192K), 0.0593939 secs] [Times: user=0.35 sys=0.00, real=0.06 secs] 
5381.513: [GC (Allocation Failure) [PSYoungGen: 406368K->81024K(465920K)] 962814K->810446K(1864192K), 0.1455006 secs] [Times: user=0.87 sys=0.00, real=0.14 secs] 
5381.974: [GC (Allocation Failure) [PSYoungGen: 313984K->205120K(465920K)] 1043406K->1009603K(1864192K), 0.0585660 secs] [Times: user=0.35 sys=0.00, real=0.06 secs] 
5384.725: [GC (Allocation Failure) [PSYoungGen: 438080K->78208K(465920K)] 1242563K->1054851K(1864192K), 0.1060024 secs] [Times: user=0.63 sys=0.00, real=0.11 secs] 
5385.444: [GC (Allocation Failure) [PSYoungGen: 311168K->207424K(465920K)] 1287811K->1256116K(1864192K), 0.0562481 secs] [Times: user=0.34 sys=0.00, real=0.06 secs] 
5389.814: [GC (Allocation Failure) [PSYoungGen: 440384K->84512K(465920K)] 1489076K->1299316K(1864192K), 0.1187423 secs] [Times: user=0.71 sys=0.00, real=0.12 secs] 
5389.932: [Full GC (Ergonomics) [PSYoungGen: 84512K->0K(465920K)] [ParOldGen: 1214804K->95016K(1398272K)] 1299316K->95016K(1864192K), [Metaspace: 59716K->59716K(1105920K)], 0.2294565 secs] [Times: user=1.05 sys=0.00, real=0.23 secs] 
5391.163: [GC (Allocation Failure) [PSYoungGen: 228870K->200864K(465920K)] 323886K->295880K(1864192K), 0.0493741 secs] [Times: user=0.29 sys=0.00, real=0.05 secs] 
5394.381: [GC (Allocation Failure) [PSYoungGen: 433824K->90432K(465920K)] 528840K->349344K(1864192K), 0.1110423 secs] [Times: user=0.66 sys=0.00, real=0.11 secs] 
5395.621: [GC (Allocation Failure) [PSYoungGen: 323392K->157888K(465920K)] 582304K->496411K(1864192K), 0.0593586 secs] [Times: user=0.35 sys=0.00, real=0.06 secs] 
5396.614: [GC (Allocation Failure) [PSYoungGen: 386588K->94208K(465920K)] 725112K->590571K(1864192K), 0.0889738 secs] [Times: user=0.53 sys=0.00, real=0.09 secs] 
5398.635: [GC (Allocation Failure) [PSYoungGen: 327168K->150880K(465920K)] 823531K->733876K(1864192K), 0.0604479 secs] [Times: user=0.35 sys=0.00, real=0.06 secs] 
5400.181: [GC (Allocation Failure) [PSYoungGen: 383840K->112448K(465920K)] 966836K->846304K(1864192K), 0.0906789 secs] [Times: user=0.53 sys=0.00, real=0.09 secs] 
5401.391: [GC (Allocation Failure) [PSYoungGen: 345408K->144320K(465920K)] 1079264K->972109K(1864192K), 0.0615131 secs] [Times: user=0.36 sys=0.00, real=0.06 secs] 
5404.579: [GC (Allocation Failure) [PSYoungGen: 377280K->114176K(464896K)] 1205069K->1085533K(1863168K), 0.0777256 secs] [Times: user=0.47 sys=0.00, real=0.07 secs] 
5405.851: [GC (Allocation Failure) [PSYoungGen: 347136K->133856K(367104K)] 1318493K->1209042K(1765376K), 0.0618065 secs] [Times: user=0.37 sys=0.00, real=0.06 secs] 
5408.858: [GC (Allocation Failure) [PSYoungGen: 366816K->127776K(466944K)] 1442002K->1336794K(1865216K), 0.0770440 secs] [Times: user=0.46 sys=0.00, real=0.08 secs] 
5408.935: [Full GC (Ergonomics) [PSYoungGen: 127776K->0K(466944K)] [ParOldGen: 1209018K->134070K(1398272K)] 1336794K->134070K(1865216K), [Metaspace: 59716K->59716K(1105920K)], 0.2998674 secs] [Times: user=1.37 sys=0.00, real=0.30 secs] 
5410.377: [GC (Allocation Failure) [PSYoungGen: 243200K->128704K(458240K)] 377270K->262774K(1856512K), 0.0464454 secs] [Times: user=0.28 sys=0.00, real=0.05 secs] 
5412.595: [GC (Allocation Failure) [PSYoungGen: 371904K->142976K(470016K)] 505974K->405394K(1868288K), 0.0665476 secs] [Times: user=0.39 sys=0.00, real=0.07 secs] 
5413.820: [GC (Allocation Failure) [PSYoungGen: 406144K->14720K(466944K)] 668562K->277178K(1865216K), 0.0048913 secs] [Times: user=0.02 sys=0.00, real=0.00 secs] 
5417.841: [GC (Allocation Failure) [PSYoungGen: 268075K->170944K(463872K)] 530534K->445191K(1862144K), 0.0361814 secs] [Times: user=0.21 sys=0.00, real=0.03 secs] 
5419.683: [GC (Allocation Failure) [PSYoungGen: 418240K->102080K(473088K)] 692487K->538279K(1871360K), 0.1741844 secs] [Times: user=1.03 sys=0.00, real=0.17 secs] 
5421.179: [GC (Allocation Failure) [PSYoungGen: 349376K->170944K(462848K)] 785575K->706128K(1861120K), 0.1070802 secs] [Times: user=0.63 sys=0.00, real=0.10 secs] 
5423.056: [GC (Allocation Failure) [PSYoungGen: 414144K->91680K(471040K)] 949328K->797456K(1869312K), 0.0863053 secs] [Times: user=0.52 sys=0.00, real=0.09 secs] 
5423.722: [GC (Allocation Failure) [PSYoungGen: 334880K->178528K(457216K)] 1040656K->969872K(1855488K), 0.0754220 secs] [Times: user=0.44 sys=0.01, real=0.07 secs] 
5426.762: [GC (Allocation Failure) [PSYoungGen: 411488K->80768K(465920K)] 1202832K->1050488K(1864192K), 0.1418112 secs] [Times: user=0.84 sys=0.00, real=0.14 secs] 
5427.472: [GC (Allocation Failure) [PSYoungGen: 313728K->168352K(464896K)] 1283448K->1212701K(1863168K), 0.1064517 secs] [Times: user=0.64 sys=0.00, real=0.10 secs] 
5430.262: [GC (Allocation Failure) [PSYoungGen: 401312K->80096K(465920K)] 1445661K->1292581K(1864192K), 0.1238653 secs] [Times: user=0.74 sys=0.00, real=0.12 secs] 
5430.386: [Full GC (Ergonomics) [PSYoungGen: 80096K->0K(465920K)] [ParOldGen: 1212485K->91422K(1398272K)] 1292581K->91422K(1864192K), [Metaspace: 59716K->59716K(1105920K)], 0.2198061 secs] [Times: user=0.99 sys=0.01, real=0.22 secs] 
5431.303: [GC (Allocation Failure) [PSYoungGen: 232434K->201024K(465920K)] 323856K->292446K(1864192K), 0.0514003 secs] [Times: user=0.30 sys=0.00, real=0.05 secs] 
5434.671: [GC (Allocation Failure) [PSYoungGen: 433984K->77376K(465920K)] 525406K->335830K(1864192K), 0.1168464 secs] [Times: user=0.69 sys=0.00, real=0.11 secs] 
5435.755: [GC (Allocation Failure) [PSYoungGen: 308101K->201920K(465920K)] 566555K->531315K(1864192K), 0.0589682 secs] [Times: user=0.35 sys=0.00, real=0.06 secs] 
5437.807: [GC (Allocation Failure) [PSYoungGen: 434880K->87168K(465920K)] 764275K->583499K(1864192K), 0.0966334 secs] [Times: user=0.58 sys=0.00, real=0.10 secs] 
5439.068: [GC (Allocation Failure) [PSYoungGen: 320128K->156832K(465920K)] 816459K->733744K(1864192K), 0.0595746 secs] [Times: user=0.36 sys=0.00, real=0.06 secs] 
5441.799: [GC (Allocation Failure) [PSYoungGen: 389792K->93248K(465920K)] 966704K->827080K(1864192K), 0.0949932 secs] [Times: user=0.57 sys=0.00, real=0.09 secs] 
5443.046: [GC (Allocation Failure) [PSYoungGen: 326208K->151136K(465920K)] 1060040K->971524K(1864192K), 0.0603994 secs] [Times: user=0.36 sys=0.00, real=0.06 secs] 
5445.337: [GC (Allocation Failure) [PSYoungGen: 384096K->101696K(465920K)] 1204484K->1073052K(1864192K), 0.0927628 secs] [Times: user=0.55 sys=0.00, real=0.10 secs] 
5446.603: [GC (Allocation Failure) [PSYoungGen: 334656K->146656K(465920K)] 1306012K->1209461K(1864192K), 0.0611986 secs] [Times: user=0.37 sys=0.00, real=0.06 secs] 
5449.056: [GC (Allocation Failure) [PSYoungGen: 379616K->108544K(342016K)] 1442421K->1317509K(1740288K), 0.0868431 secs] [Times: user=0.51 sys=0.01, real=0.09 secs] 
5449.143: [Full GC (Ergonomics) [PSYoungGen: 108544K->0K(342016K)] [ParOldGen: 1208965K->123103K(1398272K)] 1317509K->123103K(1740288K), [Metaspace: 59716K->59716K(1105920K)], 0.2774403 secs] [Times: user=1.27 sys=0.00, real=0.28 secs] 
5450.548: [GC (Allocation Failure) [PSYoungGen: 232960K->139936K(467968K)] 356063K->263039K(1866240K), 0.0487885 secs] [Times: user=0.30 sys=0.00, real=0.05 secs] 
5453.597: [GC (Allocation Failure) [PSYoungGen: 378528K->127488K(366592K)] 501631K->390447K(1764864K), 0.0865408 secs] [Times: user=0.51 sys=0.00, real=0.09 secs] 
5454.869: [GC (Allocation Failure) [PSYoungGen: 366080K->800K(446976K)] 629039K->263871K(1845248K), 0.0017868 secs] [Times: user=0.01 sys=0.00, real=0.00 secs] 
5457.224: [GC (Allocation Failure) [PSYoungGen: 233248K->132288K(460288K)] 496319K->395964K(1858560K), 0.0310007 secs] [Times: user=0.18 sys=0.00, real=0.03 secs] 
5458.409: [GC (Allocation Failure) [PSYoungGen: 364736K->2496K(457728K)] 628412K->266328K(1856000K), 0.0020878 secs] [Times: user=0.01 sys=0.00, real=0.00 secs] 
5460.566: [GC (Allocation Failure) [PSYoungGen: 237504K->143136K(378368K)] 501336K->407777K(1776640K), 0.0286409 secs] [Times: user=0.17 sys=0.00, real=0.03 secs] 
5461.759: [GC (Allocation Failure) [PSYoungGen: 378144K->4064K(465920K)] 642785K->268809K(1864192K), 0.0020570 secs] [Times: user=0.01 sys=0.00, real=0.01 secs] 
5463.048: [GC (Allocation Failure) [PSYoungGen: 237024K->157728K(465920K)] 501769K->425302K(1864192K), 0.0313516 secs] [Times: user=0.19 sys=0.00, real=0.04 secs] 
5465.838: [GC (Allocation Failure) [PSYoungGen: 390688K->95776K(465920K)] 658262K->512270K(1864192K), 0.0671219 secs] [Times: user=0.39 sys=0.00, real=0.07 secs] 
5467.354: [GC (Allocation Failure) [PSYoungGen: 328736K->162240K(465920K)] 745230K->672347K(1864192K), 0.0512617 secs] [Times: user=0.30 sys=0.00, real=0.05 secs] 
5468.555: [GC (Allocation Failure) [PSYoungGen: 395200K->96352K(462848K)] 905307K->759747K(1861120K), 0.0685390 secs] [Times: user=0.41 sys=0.00, real=0.07 secs] 
5470.755: [GC (Allocation Failure) [PSYoungGen: 329312K->161024K(464384K)] 992707K->918367K(1862656K), 0.0512592 secs] [Times: user=0.30 sys=0.00, real=0.05 secs] 
5472.142: [GC (Allocation Failure) [PSYoungGen: 393984K->95488K(461824K)] 1151327K->1004507K(1860096K), 0.0896960 secs] [Times: user=0.54 sys=0.00, real=0.09 secs] 
5473.846: [GC (Allocation Failure) [PSYoungGen: 320905K->160992K(463872K)] 1229925K->1162820K(1862144K), 0.0510149 secs] [Times: user=0.30 sys=0.00, real=0.05 secs] 
5475.480: [GC (Allocation Failure) [PSYoungGen: 395488K->91072K(463872K)] 1397316K->1245212K(1862144K), 0.1238970 secs] [Times: user=0.73 sys=0.00, real=0.12 secs] 
5475.604: [Full GC (Ergonomics) [PSYoungGen: 91072K->0K(463872K)] [ParOldGen: 1154140K->40903K(1398272K)] 1245212K->40903K(1862144K), [Metaspace: 59716K->59716K(1105920K)], 0.1019887 secs] [Times: user=0.44 sys=0.00, real=0.10 secs] 
5477.352: [GC (Allocation Failure) [PSYoungGen: 236544K->216864K(464896K)] 277447K->257767K(1863168K), 0.0376537 secs] [Times: user=0.22 sys=0.00, real=0.04 secs] 
5480.455: [GC (Allocation Failure) [PSYoungGen: 453408K->85472K(465920K)] 494311K->293903K(1864192K), 0.1419995 secs] [Times: user=0.85 sys=0.00, real=0.14 secs] 
5482.063: [GC (Allocation Failure) [PSYoungGen: 318432K->180960K(465920K)] 526863K->471084K(1864192K), 0.0544059 secs] [Times: user=0.33 sys=0.00, real=0.05 secs] 
5485.190: [GC (Allocation Failure) [PSYoungGen: 413920K->80832K(465920K)] 704044K->534404K(1864192K), 0.1550893 secs] [Times: user=0.92 sys=0.00, real=0.15 secs] 
5487.065: [GC (Allocation Failure) [PSYoungGen: 313792K->167872K(465920K)] 767364K->697885K(1864192K), 0.0529139 secs] [Times: user=0.31 sys=0.00, real=0.05 secs] 
5490.993: [GC (Allocation Failure) [PSYoungGen: 400832K->77536K(465920K)] 930845K->775185K(1864192K), 0.1741920 secs] [Times: user=1.04 sys=0.00, real=0.17 secs] 
5491.826: [GC (Allocation Failure) [PSYoungGen: 310496K->168000K(465920K)] 1008145K->939502K(1864192K), 0.0532575 secs] [Times: user=0.32 sys=0.00, real=0.06 secs] 
5493.854: [GC (Allocation Failure) [PSYoungGen: 400960K->85792K(465920K)] 1172462K->1025286K(1864192K), 0.1393873 secs] [Times: user=0.77 sys=0.00, real=0.14 secs] 
5495.437: [GC (Allocation Failure) [PSYoungGen: 318752K->164704K(465920K)] 1258246K->1184831K(1864192K), 0.1036456 secs] [Times: user=0.61 sys=0.00, real=0.11 secs] 
5498.072: [GC (Allocation Failure) [PSYoungGen: 397664K->81792K(465920K)] 1417791K->1266779K(1864192K), 0.1359314 secs] [Times: user=0.80 sys=0.01, real=0.13 secs] 
5498.208: [Full GC (Ergonomics) [PSYoungGen: 81792K->0K(465920K)] [ParOldGen: 1184987K->70588K(1398272K)] 1266779K->70588K(1864192K), [Metaspace: 59716K->59716K(1105920K)], 0.1762017 secs] [Times: user=0.81 sys=0.00, real=0.18 secs] 
5498.848: [GC (Allocation Failure) [PSYoungGen: 232960K->172352K(465920K)] 303548K->242940K(1864192K), 0.0452740 secs] [Times: user=0.26 sys=0.00, real=0.05 secs] 
5502.403: [GC (Allocation Failure) [PSYoungGen: 405312K->75168K(465920K)] 475900K->318144K(1864192K), 0.1504237 secs] [Times: user=0.88 sys=0.00, real=0.15 secs] 
5502.953: [GC (Allocation Failure) [PSYoungGen: 308128K->176224K(465920K)] 551104K->488085K(1864192K), 0.0550335 secs] [Times: user=0.33 sys=0.00, real=0.05 secs] 
5505.524: [GC (Allocation Failure) [PSYoungGen: 409184K->78560K(465920K)] 721045K->566749K(1864192K), 0.1183258 secs] [Times: user=0.70 sys=0.00, real=0.12 secs] 
5506.506: [GC (Allocation Failure) [PSYoungGen: 311520K->208128K(465920K)] 799709K->768254K(1864192K), 0.1310164 secs] [Times: user=0.78 sys=0.00, real=0.13 secs] 
5509.048: [GC (Allocation Failure) [PSYoungGen: 441088K->85152K(465920K)] 1001214K->820574K(1864192K), 0.1098097 secs] [Times: user=0.65 sys=0.00, real=0.11 secs] 
5510.650: [GC (Allocation Failure) [PSYoungGen: 313078K->199744K(465920K)] 1048501K->1010451K(1864192K), 0.0670281 secs] [Times: user=0.40 sys=0.00, real=0.06 secs] 
5513.630: [GC (Allocation Failure) [PSYoungGen: 432704K->87008K(465920K)] 1243411K->1060659K(1864192K), 0.1051370 secs] [Times: user=0.62 sys=0.00, real=0.10 secs] 
5514.865: [GC (Allocation Failure) [PSYoungGen: 319968K->157280K(465920K)] 1293619K->1211282K(1864192K), 0.0603352 secs] [Times: user=0.36 sys=0.00, real=0.06 secs] 
5517.909: [GC (Allocation Failure) [PSYoungGen: 390240K->93536K(465920K)] 1444242K->1304626K(1864192K), 0.1006504 secs] [Times: user=0.60 sys=0.00, real=0.10 secs] 
5518.010: [Full GC (Ergonomics) [PSYoungGen: 93536K->0K(465920K)] [ParOldGen: 1211090K->108120K(1398272K)] 1304626K->108120K(1864192K), [Metaspace: 59716K->59716K(1105920K)], 0.2543633 secs] [Times: user=1.16 sys=0.00, real=0.25 secs] 
5519.399: [GC (Allocation Failure) [PSYoungGen: 232960K->151296K(465920K)] 341080K->259416K(1864192K), 0.0430596 secs] [Times: user=0.25 sys=0.01, real=0.04 secs] 
5522.457: [GC (Allocation Failure) [PSYoungGen: 380820K->93312K(465920K)] 488941K->352796K(1864192K), 0.1016477 secs] [Times: user=0.60 sys=0.01, real=0.11 secs] 
5523.696: [GC (Allocation Failure) [PSYoungGen: 326272K->151296K(465920K)] 585756K->497363K(1864192K), 0.0599762 secs] [Times: user=0.35 sys=0.00, real=0.06 secs] 
5525.045: [GC (Allocation Failure) [PSYoungGen: 384256K->99104K(465920K)] 730323K->596347K(1864192K), 0.0905203 secs] [Times: user=0.54 sys=0.00, real=0.09 secs] 
5526.322: [GC (Allocation Failure) [PSYoungGen: 332064K->149472K(465920K)] 829307K->734922K(1864192K), 0.0611469 secs] [Times: user=0.36 sys=0.00, real=0.06 secs] 
5529.653: [GC (Allocation Failure) [PSYoungGen: 382432K->104864K(461824K)] 967882K->839994K(1860096K), 0.0936693 secs] [Times: user=0.55 sys=0.00, real=0.09 secs] 
5530.905: [GC (Allocation Failure) [PSYoungGen: 337824K->143776K(463872K)] 1072954K->972880K(1862144K), 0.0613902 secs] [Times: user=0.36 sys=0.00, real=0.06 secs] 
5533.162: [GC (Allocation Failure) [PSYoungGen: 376736K->116800K(453632K)] 1205840K->1089744K(1851904K), 0.0702683 secs] [Times: user=0.42 sys=0.00, real=0.07 secs] 
5534.397: [GC (Allocation Failure) [PSYoungGen: 357952K->131264K(459776K)] 1330896K->1210593K(1858048K), 0.0624562 secs] [Times: user=0.37 sys=0.00, real=0.07 secs] 
5536.729: [GC (Allocation Failure) [PSYoungGen: 372416K->148352K(479744K)] 1451745K->1358905K(1878016K), 0.0623581 secs] [Times: user=0.37 sys=0.00, real=0.06 secs] 
5536.791: [Full GC (Ergonomics) [PSYoungGen: 148352K->0K(479744K)] [ParOldGen: 1210553K->154678K(1398272K)] 1358905K->154678K(1878016K), [Metaspace: 59716K->59716K(1105920K)], 0.3541429 secs] [Times: user=1.62 sys=0.00, real=0.35 secs] 
5538.302: [GC (Allocation Failure) [PSYoungGen: 268288K->124544K(479232K)] 422966K->279222K(1877504K), 0.0489021 secs] [Times: user=0.29 sys=0.01, real=0.05 secs] 
5540.353: [GC (Allocation Failure) [PSYoungGen: 392832K->181760K(467456K)] 547510K->458563K(1865728K), 0.0649557 secs] [Times: user=0.38 sys=0.00, real=0.06 secs] 
5543.594: [GC (Allocation Failure) [PSYoungGen: 445952K->104576K(479744K)] 722755K->561819K(1878016K), 0.1749398 secs] [Times: user=1.04 sys=0.00, real=0.17 secs] 
5544.970: [GC (Allocation Failure) [PSYoungGen: 368768K->183328K(463872K)] 826011K->738560K(1862144K), 0.0677172 secs] [Times: user=0.40 sys=0.00, real=0.06 secs] 
5547.504: [GC (Allocation Failure) [PSYoungGen: 434720K->104928K(475136K)] 989952K->843320K(1873408K), 0.0902805 secs] [Times: user=0.53 sys=0.00, real=0.09 secs] 
5548.817: [GC (Allocation Failure) [PSYoungGen: 356320K->143008K(461312K)] 1094712K->976093K(1859584K), 0.0611640 secs] [Times: user=0.36 sys=0.00, real=0.06 secs] 
5551.626: [GC (Allocation Failure) [PSYoungGen: 397984K->138944K(470016K)] 1231069K->1114861K(1868288K), 0.0659802 secs] [Times: user=0.38 sys=0.01, real=0.07 secs] 
5553.179: [GC (Allocation Failure) [PSYoungGen: 393920K->8768K(462336K)] 1369837K->984741K(1860608K), 0.0034084 secs] [Times: user=0.02 sys=0.00, real=0.01 secs] 
5554.476: [GC (Allocation Failure) [PSYoungGen: 262208K->176192K(430080K)] 1238181K->1158854K(1828352K), 0.0366303 secs] [Times: user=0.21 sys=0.00, real=0.04 secs] 
5557.135: [GC (Allocation Failure) [PSYoungGen: 429632K->102720K(472064K)] 1412294K->1252702K(1870336K), 0.1729090 secs] [Times: user=1.03 sys=0.00, real=0.17 secs] 
5557.308: [Full GC (Ergonomics) [PSYoungGen: 102720K->0K(472064K)] [ParOldGen: 1149982K->52639K(1398272K)] 1252702K->52639K(1870336K), [Metaspace: 59722K->59701K(1105920K)], 0.1541680 secs] [Times: user=0.65 sys=0.00, real=0.16 secs] 
5558.833: [GC (Allocation Failure) [PSYoungGen: 239104K->169664K(465920K)] 291743K->222303K(1864192K), 0.0357386 secs] [Times: user=0.21 sys=0.00, real=0.03 secs] 
5561.668: [GC (Allocation Failure) [PSYoungGen: 406270K->84544K(468480K)] 458909K->305851K(1866752K), 0.1674474 secs] [Times: user=0.99 sys=0.00, real=0.17 secs] 
5563.103: [GC (Allocation Failure) [PSYoungGen: 320064K->169760K(465920K)] 541371K->471247K(1864192K), 0.0542555 secs] [Times: user=0.32 sys=0.00, real=0.05 secs] 
5566.156: [GC (Allocation Failure) [PSYoungGen: 405280K->79136K(465920K)] 706767K->550256K(1864192K), 0.1833507 secs] [Times: user=1.09 sys=0.00, real=0.19 secs] 
5567.189: [GC (Allocation Failure) [PSYoungGen: 312096K->206240K(465920K)] 783216K->749663K(1864192K), 0.0559120 secs] [Times: user=0.34 sys=0.00, real=0.05 secs] 
5569.359: [GC (Allocation Failure) [PSYoungGen: 439200K->81120K(465920K)] 982623K->797559K(1864192K), 0.1178723 secs] [Times: user=0.70 sys=0.00, real=0.11 secs] 
5570.401: [GC (Allocation Failure) [PSYoungGen: 314080K->171392K(465920K)] 1030519K->962608K(1864192K), 0.1225178 secs] [Times: user=0.73 sys=0.00, real=0.12 secs] 
5573.549: [GC (Allocation Failure) [PSYoungGen: 404352K->80000K(465920K)] 1195568K->1042496K(1864192K), 0.1353540 secs] [Times: user=0.81 sys=0.00, real=0.14 secs] 
5574.876: [GC (Allocation Failure) [PSYoungGen: 312960K->170528K(465920K)] 1275456K->1206809K(1864192K), 0.1462393 secs] [Times: user=0.87 sys=0.00, real=0.15 secs] 
5576.380: [GC (Allocation Failure) [PSYoungGen: 403488K->85312K(465920K)] 1439769K->1292289K(1864192K), 0.1237058 secs] [Times: user=0.74 sys=0.00, real=0.12 secs] 
5576.504: [Full GC (Ergonomics) [PSYoungGen: 85312K->0K(465920K)] [ParOldGen: 1206977K->95584K(1398272K)] 1292289K->95584K(1864192K), [Metaspace: 59701K->59701K(1105920K)], 0.2349769 secs] [Times: user=1.08 sys=0.00, real=0.23 secs] 
5578.309: [GC (Allocation Failure) [PSYoungGen: 232960K->200480K(465920K)] 328544K->296064K(1864192K), 0.0362283 secs] [Times: user=0.21 sys=0.01, real=0.04 secs] 
5581.043: [GC (Allocation Failure) [PSYoungGen: 433440K->86368K(465920K)] 529024K->345072K(1864192K), 0.1041550 secs] [Times: user=0.62 sys=0.00, real=0.10 secs] 
5582.259: [GC (Allocation Failure) [PSYoungGen: 319328K->158560K(465920K)] 578032K->497069K(1864192K), 0.0595372 secs] [Times: user=0.35 sys=0.00, real=0.05 secs] 
5584.123: [GC (Allocation Failure) [PSYoungGen: 384876K->93184K(465920K)] 723385K->589701K(1864192K), 0.0860892 secs] [Times: user=0.51 sys=0.00, real=0.09 secs] 
5585.302: [GC (Allocation Failure) [PSYoungGen: 326144K->151968K(465920K)] 822661K->735154K(1864192K), 0.0601778 secs] [Times: user=0.35 sys=0.00, real=0.06 secs] 
5588.246: [GC (Allocation Failure) [PSYoungGen: 384928K->97728K(465920K)] 968114K->832126K(1864192K), 0.1003238 secs] [Times: user=0.59 sys=0.00, real=0.10 secs] 
5589.481: [GC (Allocation Failure) [PSYoungGen: 330688K->150368K(465920K)] 1065086K->972019K(1864192K), 0.0606817 secs] [Times: user=0.36 sys=0.00, real=0.06 secs] 
5591.384: [GC (Allocation Failure) [PSYoungGen: 383328K->105600K(464896K)] 1204979K->1077831K(1863168K), 0.0902512 secs] [Times: user=0.54 sys=0.00, real=0.09 secs] 
5594.010: [GC (Allocation Failure) [PSYoungGen: 338560K->143264K(376320K)] 1310791K->1210142K(1774592K), 0.0613778 secs] [Times: user=0.37 sys=0.00, real=0.06 secs] 
5596.193: [GC (Allocation Failure) [PSYoungGen: 376224K->113088K(469504K)] 1443102K->1322902K(1867776K), 0.0806351 secs] [Times: user=0.48 sys=0.00, real=0.08 secs] 
5596.273: [Full GC (Ergonomics) [PSYoungGen: 113088K->0K(469504K)] [ParOldGen: 1209814K->126740K(1398272K)] 1322902K->126740K(1867776K), [Metaspace: 59701K->59701K(1105920K)], 0.2982720 secs] [Times: user=1.35 sys=0.00, real=0.30 secs] 
5597.725: [GC (Allocation Failure) [PSYoungGen: 241664K->135104K(462336K)] 368404K->261844K(1860608K), 0.0493244 secs] [Times: user=0.29 sys=0.00, real=0.05 secs] 
5601.308: [GC (Allocation Failure) [PSYoungGen: 376768K->139776K(469504K)] 503508K->401816K(1867776K), 0.0746629 secs] [Times: user=0.44 sys=0.00, real=0.08 secs] 
5602.577: [GC (Allocation Failure) [PSYoungGen: 394752K->5696K(464896K)] 656792K->267840K(1863168K), 0.0023079 secs] [Times: user=0.01 sys=0.00, real=0.01 secs] 
5605.662: [GC (Allocation Failure) [PSYoungGen: 260672K->172064K(455680K)] 522816K->437893K(1853952K), 0.0340734 secs] [Times: user=0.20 sys=0.00, real=0.03 secs] 
5606.790: [GC (Allocation Failure) [PSYoungGen: 405024K->95872K(465920K)] 670853K->524873K(1864192K), 0.0831441 secs] [Times: user=0.49 sys=0.00, real=0.08 secs] 
5608.855: [GC (Allocation Failure) [PSYoungGen: 327663K->160928K(463360K)] 756664K->683881K(1861632K), 0.0506881 secs] [Times: user=0.30 sys=0.00, real=0.05 secs] 
5610.926: [GC (Allocation Failure) [PSYoungGen: 397984K->93760K(331264K)] 920937K->768794K(1729536K), 0.0874328 secs] [Times: user=0.52 sys=0.00, real=0.09 secs] 
5612.482: [GC (Allocation Failure) [PSYoungGen: 316199K->158016K(463360K)] 991233K->922842K(1861632K), 0.0485082 secs] [Times: user=0.28 sys=0.00, real=0.05 secs] 
5614.345: [GC (Allocation Failure) [PSYoungGen: 396096K->96320K(466944K)] 1160922K->1009846K(1865216K), 0.1785239 secs] [Times: user=1.07 sys=0.00, real=0.18 secs] 
5615.261: [GC (Allocation Failure) [PSYoungGen: 334400K->171904K(459264K)] 1247926K->1178339K(1857536K), 0.0536366 secs] [Times: user=0.32 sys=0.00, real=0.05 secs] 
5619.233: [GC (Allocation Failure) [PSYoungGen: 407936K->78944K(467456K)] 1414371K->1257423K(1865728K), 0.1760037 secs] [Times: user=1.05 sys=0.00, real=0.17 secs] 
5619.409: [Full GC (Ergonomics) [PSYoungGen: 78944K->0K(467456K)] [ParOldGen: 1178479K->54839K(1398272K)] 1257423K->54839K(1865728K), [Metaspace: 59701K->59701K(1105920K)], 0.1568917 secs] [Times: user=0.72 sys=0.00, real=0.16 secs] 
5621.263: [GC (Allocation Failure) [PSYoungGen: 236032K->167200K(462336K)] 290871K->222039K(1860608K), 0.0351164 secs] [Times: user=0.21 sys=0.00, real=0.03 secs] 
5623.464: [GC (Allocation Failure) [PSYoungGen: 399177K->83136K(465920K)] 454016K->305103K(1864192K), 0.1669994 secs] [Times: user=0.99 sys=0.01, real=0.17 secs] 
5624.159: [GC (Allocation Failure) [PSYoungGen: 316096K->184448K(464896K)] 538063K->485360K(1863168K), 0.0545912 secs] [Times: user=0.33 sys=0.00, real=0.06 secs] 
5626.912: [GC (Allocation Failure) [PSYoungGen: 417408K->78944K(465920K)] 718320K->547616K(1864192K), 0.1517023 secs] [Times: user=0.90 sys=0.00, real=0.15 secs] 
5628.221: [GC (Allocation Failure) [PSYoungGen: 311904K->173024K(465920K)] 780576K->714261K(1864192K), 0.0547889 secs] [Times: user=0.32 sys=0.00, real=0.05 secs] 
5631.803: [GC (Allocation Failure) [PSYoungGen: 405984K->75680K(465920K)] 947221K->789497K(1864192K), 0.1818208 secs] [Times: user=1.08 sys=0.00, real=0.18 secs] 
5633.222: [GC (Allocation Failure) [PSYoungGen: 308640K->177280K(465920K)] 1022457K->960298K(1864192K), 0.0551618 secs] [Times: user=0.32 sys=0.00, real=0.05 secs] 
5635.711: [GC (Allocation Failure) [PSYoungGen: 410240K->75968K(465920K)] 1193258K->1036486K(1864192K), 0.1597580 secs] [Times: user=0.95 sys=0.00, real=0.16 secs] 
5636.570: [GC (Allocation Failure) [PSYoungGen: 308928K->172736K(465920K)] 1269446K->1202459K(1864192K), 0.0862682 secs] [Times: user=0.51 sys=0.00, real=0.08 secs] 
5639.327: [GC (Allocation Failure) [PSYoungGen: 405696K->79712K(465920K)] 1435419K->1282019K(1864192K), 0.1386433 secs] [Times: user=0.83 sys=0.00, real=0.14 secs] 
5639.465: [Full GC (Ergonomics) [PSYoungGen: 79712K->0K(465920K)] [ParOldGen: 1202307K->85297K(1398272K)] 1282019K->85297K(1864192K), [Metaspace: 59701K->59701K(1105920K)], 0.2155797 secs] [Times: user=0.99 sys=0.00, real=0.22 secs] 
5640.191: [GC (Allocation Failure) [PSYoungGen: 232960K->210080K(465920K)] 318257K->295377K(1864192K), 0.0371753 secs] [Times: user=0.22 sys=0.00, real=0.03 secs] 
5642.394: [GC (Allocation Failure) [PSYoungGen: 443040K->88576K(465920K)] 528337K->347133K(1864192K), 0.1139608 secs] [Times: user=0.68 sys=0.00, real=0.11 secs] 
5643.624: [GC (Allocation Failure) [PSYoungGen: 321536K->155840K(465920K)] 580093K->496538K(1864192K), 0.0595365 secs] [Times: user=0.35 sys=0.00, real=0.06 secs] 
5645.796: [GC (Allocation Failure) [PSYoungGen: 383145K->92896K(465920K)] 723843K->588834K(1864192K), 0.0966284 secs] [Times: user=0.57 sys=0.00, real=0.10 secs] 
5647.833: [GC (Allocation Failure) [PSYoungGen: 325856K->152192K(465920K)] 821794K->734679K(1864192K), 0.0618438 secs] [Times: user=0.35 sys=0.00, real=0.06 secs] 
5651.467: [GC (Allocation Failure) [PSYoungGen: 385152K->98144K(465920K)] 967639K->832539K(1864192K), 0.0999465 secs] [Times: user=0.60 sys=0.00, real=0.10 secs] 
5652.721: [GC (Allocation Failure) [PSYoungGen: 331104K->150208K(465920K)] 1065499K->971919K(1864192K), 0.0601350 secs] [Times: user=0.36 sys=0.00, real=0.06 secs] 
5653.992: [GC (Allocation Failure) [PSYoungGen: 383168K->105824K(465920K)] 1204879K->1077967K(1864192K), 0.0667744 secs] [Times: user=0.39 sys=0.00, real=0.06 secs] 
5655.620: [GC (Allocation Failure) [PSYoungGen: 338784K->143232K(457728K)] 1310927K->1209555K(1856000K), 0.0613368 secs] [Times: user=0.36 sys=0.00, real=0.06 secs] 
5656.652: [GC (Allocation Failure) [PSYoungGen: 376192K->125600K(461824K)] 1442515K->1335403K(1860096K), 0.0933775 secs] [Times: user=0.55 sys=0.00, real=0.09 secs] 
5656.745: [Full GC (Ergonomics) [PSYoungGen: 125600K->0K(461824K)] [ParOldGen: 1209803K->139634K(1398272K)] 1335403K->139634K(1860096K), [Metaspace: 59701K->59701K(1105920K)], 0.3195350 secs] [Times: user=1.46 sys=0.00, real=0.32 secs] 
5659.143: [GC (Allocation Failure) [PSYoungGen: 232960K->122848K(457728K)] 372594K->262482K(1856000K), 0.0438551 secs] [Times: user=0.26 sys=0.00, real=0.04 secs] 
5661.307: [GC (Allocation Failure) [PSYoungGen: 373216K->145248K(461312K)] 512850K->407130K(1859584K), 0.0610484 secs] [Times: user=0.36 sys=0.00, real=0.06 secs] 
5663.348: [GC (Allocation Failure) [PSYoungGen: 395616K->8064K(463872K)] 657498K->269978K(1862144K), 0.0031246 secs] [Times: user=0.01 sys=0.00, real=0.01 secs] 
5664.782: [GC (Allocation Failure) [PSYoungGen: 259590K->175808K(430592K)] 521504K->444679K(1828864K), 0.0724846 secs] [Times: user=0.42 sys=0.00, real=0.07 secs] 
5667.666: [GC (Allocation Failure) [PSYoungGen: 430272K->104128K(473600K)] 699143K->540391K(1871872K), 0.0903336 secs] [Times: user=0.54 sys=0.00, real=0.09 secs] 
5668.343: [GC (Allocation Failure) [PSYoungGen: 344768K->171392K(465920K)] 781031K->708820K(1864192K), 0.0736498 secs] [Times: user=0.41 sys=0.01, real=0.07 secs] 
5670.747: [GC (Allocation Failure) [PSYoungGen: 412032K->87424K(469504K)] 949460K->796076K(1867776K), 0.1718821 secs] [Times: user=1.02 sys=0.00, real=0.18 secs] 
5672.900: [GC (Allocation Failure) [PSYoungGen: 323968K->171488K(465920K)] 1032620K->961840K(1864192K), 0.1141781 secs] [Times: user=0.68 sys=0.00, real=0.11 secs] 
5675.549: [GC (Allocation Failure) [PSYoungGen: 408032K->83072K(465920K)] 1198384K->1044648K(1864192K), 0.0811618 secs] [Times: user=0.48 sys=0.00, real=0.08 secs] 
5676.981: [GC (Allocation Failure) [PSYoungGen: 316032K->167456K(465920K)] 1277608K->1206289K(1864192K), 0.1622217 secs] [Times: user=0.97 sys=0.00, real=0.16 secs] 
5679.043: [GC (Allocation Failure) [PSYoungGen: 400416K->84864K(465920K)] 1439249K->1291065K(1864192K), 0.1216932 secs] [Times: user=0.72 sys=0.00, real=0.12 secs] 
5679.165: [Full GC (Ergonomics) [PSYoungGen: 84864K->0K(465920K)] [ParOldGen: 1206201K->89204K(1398272K)] 1291065K->89204K(1864192K), [Metaspace: 59701K->59701K(1105920K)], 0.2140603 secs] [Times: user=0.98 sys=0.00, real=0.22 secs] 
5680.828: [GC (Allocation Failure) [PSYoungGen: 232960K->168576K(465920K)] 322164K->257780K(1864192K), 0.1037653 secs] [Times: user=0.61 sys=0.01, real=0.11 secs] 
5683.662: [GC (Allocation Failure) [PSYoungGen: 401536K->79904K(465920K)] 490740K->337348K(1864192K), 0.1147087 secs] [Times: user=0.69 sys=0.00, real=0.11 secs] 
5684.798: [GC (Allocation Failure) [PSYoungGen: 310838K->203168K(465920K)] 568282K->533731K(1864192K), 0.0663725 secs] [Times: user=0.39 sys=0.00, real=0.07 secs] 
5686.639: [GC (Allocation Failure) [PSYoungGen: 436128K->87072K(465920K)] 766691K->583747K(1864192K), 0.1020441 secs] [Times: user=0.61 sys=0.00, real=0.10 secs] 
5687.869: [GC (Allocation Failure) [PSYoungGen: 320032K->157504K(465920K)] 816707K->734120K(1864192K), 0.0602266 secs] [Times: user=0.35 sys=0.00, real=0.06 secs] 
5691.112: [GC (Allocation Failure) [PSYoungGen: 390464K->92096K(465920K)] 967080K->826424K(1864192K), 0.0981534 secs] [Times: user=0.58 sys=0.00, real=0.10 secs] 
5692.331: [GC (Allocation Failure) [PSYoungGen: 325056K->151776K(465920K)] 1059384K->971603K(1864192K), 0.0597888 secs] [Times: user=0.36 sys=0.00, real=0.06 secs] 
5692.937: [GC (Allocation Failure) [PSYoungGen: 384736K->106112K(465920K)] 1204563K->1077931K(1864192K), 0.0612957 secs] [Times: user=0.36 sys=0.00, real=0.06 secs] 
5695.358: [GC (Allocation Failure) [PSYoungGen: 339072K->141408K(374784K)] 1310891K->1209066K(1773056K), 0.0607986 secs] [Times: user=0.36 sys=0.00, real=0.07 secs] 
5697.673: [GC (Allocation Failure) [PSYoungGen: 374368K->110240K(469504K)] 1442026K->1319370K(1867776K), 0.0794906 secs] [Times: user=0.48 sys=0.00, real=0.08 secs] 
5697.752: [Full GC (Ergonomics) [PSYoungGen: 110240K->0K(469504K)] [ParOldGen: 1209130K->125328K(1398272K)] 1319370K->125328K(1867776K), [Metaspace: 59701K->59701K(1105920K)], 0.2776711 secs] [Times: user=1.26 sys=0.00, real=0.28 secs] 
5699.143: [GC (Allocation Failure) [PSYoungGen: 240128K->137888K(462336K)] 365456K->263216K(1860608K), 0.0562514 secs] [Times: user=0.30 sys=0.00, real=0.06 secs] 
5701.357: [GC (Allocation Failure) [PSYoungGen: 378016K->128832K(468480K)] 503344K->391952K(1866752K), 0.0803840 secs] [Times: user=0.48 sys=0.00, real=0.08 secs] 
5702.826: [GC (Allocation Failure) [PSYoungGen: 384320K->5440K(464384K)] 647440K->268576K(1862656K), 0.0026822 secs] [Times: user=0.01 sys=0.00, real=0.00 secs] 
5704.851: [GC (Allocation Failure) [PSYoungGen: 260928K->170464K(458240K)] 524064K->437285K(1856512K), 0.0340942 secs] [Times: user=0.19 sys=0.00, real=0.03 secs] 
5705.999: [GC (Allocation Failure) [PSYoungGen: 407520K->99872K(467968K)] 674341K->527977K(1866240K), 0.1005495 secs] [Times: user=0.59 sys=0.00, real=0.10 secs] 
5707.488: [GC (Allocation Failure) [PSYoungGen: 326161K->160192K(465920K)] 754266K->684414K(1864192K), 0.0516052 secs] [Times: user=0.30 sys=0.00, real=0.06 secs] 
5709.684: [GC (Allocation Failure) [PSYoungGen: 402368K->96864K(339456K)] 926590K->772286K(1737728K), 0.1609924 secs] [Times: user=0.96 sys=0.00, real=0.16 secs] 
5711.976: [GC (Allocation Failure) [PSYoungGen: 339040K->167808K(461312K)] 1014462K->935943K(1859584K), 0.0512123 secs] [Times: user=0.31 sys=0.00, real=0.05 secs] 
5714.263: [GC (Allocation Failure) [PSYoungGen: 406912K->90080K(468992K)] 1175047K->1025259K(1867264K), 0.1618906 secs] [Times: user=0.97 sys=0.00, real=0.16 secs] 
5715.736: [GC (Allocation Failure) [PSYoungGen: 329184K->171872K(458240K)] 1264363K->1192792K(1856512K), 0.0560507 secs] [Times: user=0.34 sys=0.00, real=0.06 secs] 
5719.003: [GC (Allocation Failure) [PSYoungGen: 404832K->77024K(465920K)] 1425752K->1269420K(1864192K), 0.1618610 secs] [Times: user=0.96 sys=0.00, real=0.16 secs] 
5719.164: [Full GC (Ergonomics) [PSYoungGen: 77024K->0K(465920K)] [ParOldGen: 1192396K->66970K(1398272K)] 1269420K->66970K(1864192K), [Metaspace: 59701K->59701K(1105920K)], 0.1724551 secs] [Times: user=0.80 sys=0.00, real=0.17 secs] 
5720.405: [GC (Allocation Failure) [PSYoungGen: 232960K->176928K(464384K)] 299930K->243898K(1862656K), 0.0380885 secs] [Times: user=0.22 sys=0.00, real=0.04 secs] 
5723.265: [GC (Allocation Failure) [PSYoungGen: 409888K->77152K(465920K)] 476858K->321382K(1864192K), 0.1743488 secs] [Times: user=1.04 sys=0.00, real=0.18 secs] 
5724.095: [GC (Allocation Failure) [PSYoungGen: 310112K->176928K(465920K)] 554342K->491349K(1864192K), 0.0559246 secs] [Times: user=0.33 sys=0.00, real=0.06 secs] 
5727.213: [GC (Allocation Failure) [PSYoungGen: 409888K->77440K(465920K)] 724309K->568749K(1864192K), 0.1468919 secs] [Times: user=0.87 sys=0.00, real=0.15 secs] 
5727.747: [GC (Allocation Failure) [PSYoungGen: 310400K->191328K(465920K)] 801709K->753626K(1864192K), 0.0558938 secs] [Times: user=0.33 sys=0.01, real=0.06 secs] 
5731.114: [GC (Allocation Failure) [PSYoungGen: 424288K->77920K(465920K)] 986586K->814206K(1864192K), 0.1132304 secs] [Times: user=0.67 sys=0.00, real=0.11 secs] 
5732.258: [GC (Allocation Failure) [PSYoungGen: 307376K->203680K(465920K)] 1043662K->1011319K(1864192K), 0.0654944 secs] [Times: user=0.38 sys=0.00, real=0.07 secs] 
5734.272: [GC (Allocation Failure) [PSYoungGen: 436640K->83776K(465920K)] 1244279K->1058487K(1864192K), 0.1111296 secs] [Times: user=0.66 sys=0.00, real=0.11 secs] 
5735.515: [GC (Allocation Failure) [PSYoungGen: 316736K->161248K(465920K)] 1291447K->1212427K(1864192K), 0.0601620 secs] [Times: user=0.36 sys=0.00, real=0.06 secs] 
5737.402: [GC (Allocation Failure) [PSYoungGen: 391843K->93344K(465920K)] 1443023K->1305776K(1864192K), 0.0963768 secs] [Times: user=0.57 sys=0.01, real=0.09 secs] 
5737.498: [Full GC (Ergonomics) [PSYoungGen: 93344K->0K(465920K)] [ParOldGen: 1212431K->107390K(1398272K)] 1305776K->107390K(1864192K), [Metaspace: 59701K->59701K(1105920K)], 0.2554727 secs] [Times: user=1.16 sys=0.00, real=0.26 secs] 
5738.865: [GC (Allocation Failure) [PSYoungGen: 232960K->150912K(465920K)] 340350K->258302K(1864192K), 0.0427572 secs] [Times: user=0.25 sys=0.00, real=0.04 secs] 
5741.424: [GC (Allocation Failure) [PSYoungGen: 378326K->93664K(465920K)] 485716K->352050K(1864192K), 0.0999424 secs] [Times: user=0.59 sys=0.01, real=0.10 secs] 
5742.663: [GC (Allocation Failure) [PSYoungGen: 326624K->150976K(465920K)] 585010K->495987K(1864192K), 0.0601632 secs] [Times: user=0.36 sys=0.00, real=0.06 secs] 
5744.131: [GC (Allocation Failure) [PSYoungGen: 383936K->101280K(465920K)] 728947K->597343K(1864192K), 0.0882114 secs] [Times: user=0.52 sys=0.00, real=0.09 secs] 
5745.678: [GC (Allocation Failure) [PSYoungGen: 334240K->147456K(465920K)] 830303K->734079K(1864192K), 0.0603579 secs] [Times: user=0.36 sys=0.00, real=0.06 secs] 
5747.623: [GC (Allocation Failure) [PSYoungGen: 380416K->112736K(346112K)] 967039K->846487K(1744384K), 0.0685740 secs] [Times: user=0.41 sys=0.00, real=0.07 secs] 
5748.894: [GC (Allocation Failure) [PSYoungGen: 345696K->135520K(464384K)] 1079447K->971828K(1862656K), 0.0617202 secs] [Times: user=0.37 sys=0.00, real=0.06 secs] 
5751.281: [GC (Allocation Failure) [PSYoungGen: 374624K->126496K(458240K)] 1210932K->1097820K(1856512K), 0.0634351 secs] [Times: user=0.37 sys=0.00, real=0.06 secs] 
5752.505: [GC (Allocation Failure) [PSYoungGen: 365600K->2016K(451584K)] 1336924K->973388K(1849856K), 0.0021597 secs] [Times: user=0.01 sys=0.00, real=0.00 secs] 
5755.486: [GC (Allocation Failure) [PSYoungGen: 243680K->148480K(464384K)] 1215052K->1120617K(1862656K), 0.0296543 secs] [Times: user=0.17 sys=0.00, real=0.03 secs] 
5756.656: [GC (Allocation Failure) [PSYoungGen: 390144K->6080K(457728K)] 1362281K->978325K(1856000K), 0.0038116 secs] [Times: user=0.02 sys=0.00, real=0.01 secs] 
5758.869: [GC (Allocation Failure) [PSYoungGen: 239040K->155904K(465920K)] 1211285K->1132066K(1864192K), 0.0320258 secs] [Times: user=0.19 sys=0.00, real=0.03 secs] 
5760.016: [GC (Allocation Failure) [PSYoungGen: 388864K->100448K(455680K)] 1365026K->1223298K(1853952K), 0.0680119 secs] [Times: user=0.40 sys=0.00, real=0.07 secs] 
5761.990: [GC (Allocation Failure) [PSYoungGen: 333408K->164416K(460800K)] 1456258K->1385815K(1859072K), 0.0533539 secs] [Times: user=0.31 sys=0.00, real=0.05 secs] 
5762.044: [Full GC (Ergonomics) [PSYoungGen: 164416K->0K(460800K)] [ParOldGen: 1221399K->189184K(1398272K)] 1385815K->189184K(1859072K), [Metaspace: 59701K->59701K(1105920K)], 0.4530350 secs] [Times: user=2.12 sys=0.00, real=0.45 secs] 
5763.552: [GC (Allocation Failure) [PSYoungGen: 232960K->92192K(466432K)] 422144K->281376K(1864704K), 0.0402121 secs] [Times: user=0.24 sys=0.00, real=0.04 secs] 
5765.242: [GC (Allocation Failure) [PSYoungGen: 321442K->165312K(465920K)] 510627K->443725K(1864192K), 0.0493053 secs] [Times: user=0.30 sys=0.00, real=0.05 secs] 
5766.726: [GC (Allocation Failure) [PSYoungGen: 402880K->93056K(465920K)] 681293K->528113K(1864192K), 0.0674299 secs] [Times: user=0.40 sys=0.00, real=0.07 secs] 
5769.035: [GC (Allocation Failure) [PSYoungGen: 330624K->168352K(465920K)] 765681K->692366K(1864192K), 0.0504025 secs] [Times: user=0.30 sys=0.00, real=0.05 secs] 
5771.549: [GC (Allocation Failure) [PSYoungGen: 405920K->87616K(467968K)] 929934K->779178K(1866240K), 0.1684975 secs] [Times: user=1.00 sys=0.01, real=0.16 secs] 
5772.492: [GC (Allocation Failure) [PSYoungGen: 322624K->186112K(465920K)] 1014186K->961235K(1864192K), 0.0562825 secs] [Times: user=0.33 sys=0.00, real=0.05 secs] 
5774.383: [GC (Allocation Failure) [PSYoungGen: 421120K->83584K(465920K)] 1196243K->1028235K(1864192K), 0.1624181 secs] [Times: user=0.96 sys=0.00, real=0.16 secs] 
5775.369: [GC (Allocation Failure) [PSYoungGen: 316544K->171616K(465920K)] 1261195K->1193267K(1864192K), 0.0562277 secs] [Times: user=0.34 sys=0.00, real=0.06 secs] 
5779.277: [GC (Allocation Failure) [PSYoungGen: 404576K->78720K(465920K)] 1426227K->1271748K(1864192K), 0.1763705 secs] [Times: user=1.05 sys=0.00, real=0.18 secs] 
5779.453: [Full GC (Ergonomics) [PSYoungGen: 78720K->0K(465920K)] [ParOldGen: 1193027K->71350K(1398272K)] 1271748K->71350K(1864192K), [Metaspace: 59701K->59701K(1105920K)], 0.1913288 secs] [Times: user=0.90 sys=0.00, real=0.19 secs] 
5780.271: [GC (Allocation Failure) [PSYoungGen: 232960K->174144K(465920K)] 304310K->245494K(1864192K), 0.0374556 secs] [Times: user=0.22 sys=0.00, real=0.03 secs] 
5782.716: [GC (Allocation Failure) [PSYoungGen: 407104K->77344K(465920K)] 478454K->322754K(1864192K), 0.1509021 secs] [Times: user=0.90 sys=0.01, real=0.15 secs] 
5783.682: [GC (Allocation Failure) [PSYoungGen: 310304K->171808K(465920K)] 555714K->488403K(1864192K), 0.0922784 secs] [Times: user=0.54 sys=0.00, real=0.09 secs] 
5786.067: [GC (Allocation Failure) [PSYoungGen: 404768K->82720K(465920K)] 721363K->570811K(1864192K), 0.1087344 secs] [Times: user=0.65 sys=0.00, real=0.11 secs] 
5786.609: [GC (Allocation Failure) [PSYoungGen: 315680K->205152K(465920K)] 803771K->769640K(1864192K), 0.0569351 secs] [Times: user=0.34 sys=0.00, real=0.06 secs] 
5789.374: [GC (Allocation Failure) [PSYoungGen: 438112K->81408K(465920K)] 1002600K->817112K(1864192K), 0.1174836 secs] [Times: user=0.70 sys=0.00, real=0.12 secs] 
5791.256: [GC (Allocation Failure) [PSYoungGen: 313881K->197952K(465920K)] 1049585K->1009052K(1864192K), 0.0600573 secs] [Times: user=0.36 sys=0.01, real=0.06 secs] 
5794.306: [GC (Allocation Failure) [PSYoungGen: 430912K->82816K(465920K)] 1242012K->1056540K(1864192K), 0.1208847 secs] [Times: user=0.71 sys=0.00, real=0.12 secs] 
5796.070: [GC (Allocation Failure) [PSYoungGen: 315776K->161472K(465920K)] 1289500K->1211089K(1864192K), 0.0597944 secs] [Times: user=0.35 sys=0.00, real=0.06 secs] 
5797.399: [GC (Allocation Failure) [PSYoungGen: 392746K->93152K(465920K)] 1442363K->1304473K(1864192K), 0.1054790 secs] [Times: user=0.63 sys=0.00, real=0.10 secs] 
5797.505: [Full GC (Ergonomics) [PSYoungGen: 93152K->0K(465920K)] [ParOldGen: 1211321K->108284K(1398272K)] 1304473K->108284K(1864192K), [Metaspace: 59701K->59701K(1105920K)], 0.2568344 secs] [Times: user=1.18 sys=0.00, real=0.26 secs] 
5799.899: [GC (Allocation Failure) [PSYoungGen: 232960K->150624K(465920K)] 341244K->258908K(1864192K), 0.0426610 secs] [Times: user=0.25 sys=0.00, real=0.05 secs] 
5801.295: [GC (Allocation Failure) [PSYoungGen: 376640K->93504K(465920K)] 484924K->352644K(1864192K), 0.0865516 secs] [Times: user=0.52 sys=0.00, real=0.09 secs] 
5803.173: [GC (Allocation Failure) [PSYoungGen: 326464K->151392K(465920K)] 585604K->497172K(1864192K), 0.0601191 secs] [Times: user=0.36 sys=0.00, real=0.06 secs] 
5803.951: [GC (Allocation Failure) [PSYoungGen: 384352K->105152K(465920K)] 730132K->602512K(1864192K), 0.0624161 secs] [Times: user=0.37 sys=0.00, real=0.06 secs] 
5805.941: [GC (Allocation Failure) [PSYoungGen: 338112K->142656K(465920K)] 835472K->734773K(1864192K), 0.0606321 secs] [Times: user=0.36 sys=0.00, real=0.06 secs] 
5809.005: [GC (Allocation Failure) [PSYoungGen: 375616K->106368K(452608K)] 967733K->841225K(1850880K), 0.0877508 secs] [Times: user=0.52 sys=0.00, real=0.09 secs] 
5810.265: [GC (Allocation Failure) [PSYoungGen: 339328K->141792K(459264K)] 1074185K->972440K(1857536K), 0.0608333 secs] [Times: user=0.36 sys=0.00, real=0.06 secs] 
5812.326: [GC (Allocation Failure) [PSYoungGen: 374752K->115264K(454656K)] 1205400K->1087736K(1852928K), 0.0751966 secs] [Times: user=0.45 sys=0.00, real=0.08 secs] 
5813.607: [GC (Allocation Failure) [PSYoungGen: 365632K->1728K(464896K)] 1338104K->974280K(1863168K), 0.0053174 secs] [Times: user=0.03 sys=0.00, real=0.01 secs] 
5816.088: [GC (Allocation Failure) [PSYoungGen: 252096K->149504K(467968K)] 1224648K->1122645K(1866240K), 0.0310218 secs] [Times: user=0.18 sys=0.00, real=0.04 secs] 
5817.278: [GC (Allocation Failure) [PSYoungGen: 390656K->10624K(251904K)] 1363797K->984009K(1650176K), 0.0058927 secs] [Times: user=0.03 sys=0.00, real=0.01 secs] 
5818.372: [GC (Allocation Failure) [PSYoungGen: 251776K->173504K(465920K)] 1225161K->1155850K(1864192K), 0.0375250 secs] [Times: user=0.22 sys=0.00, real=0.04 secs] 
5819.511: [GC (Allocation Failure) [PSYoungGen: 406464K->88352K(465920K)] 1388810K->1235754K(1864192K), 0.0721634 secs] [Times: user=0.43 sys=0.00, real=0.07 secs] 
5819.583: [Full GC (Ergonomics) [PSYoungGen: 88352K->0K(465920K)] [ParOldGen: 1147402K->38585K(1398272K)] 1235754K->38585K(1864192K), [Metaspace: 59701K->59701K(1105920K)], 0.0805972 secs] [Times: user=0.30 sys=0.00, real=0.08 secs] 
5822.038: [GC (Allocation Failure) [PSYoungGen: 222922K->161184K(465920K)] 261507K->199769K(1864192K), 0.0308461 secs] [Times: user=0.19 sys=0.00, real=0.04 secs] 
5823.136: [GC (Allocation Failure) [PSYoungGen: 394144K->86560K(465920K)] 432729K->277781K(1864192K), 0.0830375 secs] [Times: user=0.49 sys=0.00, real=0.09 secs] 
5826.112: [GC (Allocation Failure) [PSYoungGen: 319520K->163456K(465920K)] 510741K->438473K(1864192K), 0.0468429 secs] [Times: user=0.28 sys=0.00, real=0.04 secs] 
5828.525: [GC (Allocation Failure) [PSYoungGen: 396416K->90304K(465920K)] 671433K->519885K(1864192K), 0.0822920 secs] [Times: user=0.48 sys=0.00, real=0.08 secs] 
5830.020: [GC (Allocation Failure) [PSYoungGen: 319650K->160512K(465920K)] 749232K->677929K(1864192K), 0.0478359 secs] [Times: user=0.28 sys=0.00, real=0.04 secs] 
5832.048: [GC (Allocation Failure) [PSYoungGen: 393472K->94240K(327680K)] 910889K->762889K(1725952K), 0.0995261 secs] [Times: user=0.59 sys=0.00, real=0.10 secs] 
5833.279: [GC (Allocation Failure) [PSYoungGen: 313576K->156352K(464896K)] 982226K->915710K(1863168K), 0.0493223 secs] [Times: user=0.29 sys=0.01, real=0.04 secs] 
5835.682: [GC (Allocation Failure) [PSYoungGen: 388800K->89760K(322560K)] 1148158K->996878K(1720832K), 0.0884457 secs] [Times: user=0.52 sys=0.01, real=0.09 secs] 
5837.006: [GC (Allocation Failure) [PSYoungGen: 313123K->160064K(459264K)] 1220242K->1154647K(1857536K), 0.0486854 secs] [Times: user=0.29 sys=0.00, real=0.05 secs] 
5839.570: [GC (Allocation Failure) [PSYoungGen: 389952K->87264K(462848K)] 1384535K->1233355K(1861120K), 0.0669294 secs] [Times: user=0.39 sys=0.00, real=0.06 secs] 
5840.302: [GC (Allocation Failure) [PSYoungGen: 314525K->161888K(460288K)] 1460616K->1393584K(1858560K), 0.0528901 secs] [Times: user=0.32 sys=0.01, real=0.05 secs] 
5840.355: [Full GC (Ergonomics) [PSYoungGen: 161888K->0K(460288K)] [ParOldGen: 1231696K->197034K(1398272K)] 1393584K->197034K(1858560K), [Metaspace: 59701K->59701K(1105920K)], 0.4550638 secs] [Times: user=2.08 sys=0.00, real=0.46 secs] 
5842.275: [GC (Allocation Failure) [PSYoungGen: 231936K->88800K(464896K)] 428970K->285834K(1863168K), 0.0336860 secs] [Times: user=0.19 sys=0.00, real=0.03 secs] 
5845.763: [GC (Allocation Failure) [PSYoungGen: 319493K->161344K(461312K)] 516528K->443927K(1859584K), 0.0468001 secs] [Times: user=0.28 sys=0.00, real=0.05 secs] 
5846.907: [GC (Allocation Failure) [PSYoungGen: 394304K->90432K(323584K)] 676887K->525759K(1721856K), 0.0869011 secs] [Times: user=0.52 sys=0.00, real=0.09 secs] 
5848.517: [GC (Allocation Failure) [PSYoungGen: 310640K->159232K(461824K)] 745968K->682388K(1860096K), 0.0539267 secs] [Times: user=0.32 sys=0.00, real=0.06 secs] 
5850.343: [GC (Allocation Failure) [PSYoungGen: 393216K->90720K(465408K)] 916372K->765076K(1863680K), 0.0663588 secs] [Times: user=0.39 sys=0.00, real=0.07 secs] 
5853.468: [GC (Allocation Failure) [PSYoungGen: 322817K->160192K(461824K)] 997174K->921649K(1860096K), 0.0478705 secs] [Times: user=0.28 sys=0.00, real=0.05 secs] 
5854.623: [GC (Allocation Failure) [PSYoungGen: 395712K->94304K(465920K)] 1157169K->1007005K(1864192K), 0.0680203 secs] [Times: user=0.40 sys=0.00, real=0.07 secs] 
5855.542: [GC (Allocation Failure) [PSYoungGen: 329824K->167968K(460288K)] 1242525K->1171879K(1858560K), 0.0508910 secs] [Times: user=0.30 sys=0.00, real=0.05 secs] 
5858.585: [GC (Allocation Failure) [PSYoungGen: 402976K->84192K(466944K)] 1406887K->1255711K(1865216K), 0.1813226 secs] [Times: user=1.08 sys=0.00, real=0.18 secs] 
5858.766: [Full GC (Ergonomics) [PSYoungGen: 84192K->0K(466944K)] [ParOldGen: 1171519K->54518K(1398272K)] 1255711K->54518K(1865216K), [Metaspace: 59701K->59701K(1105920K)], 0.1537021 secs] [Times: user=0.70 sys=0.01, real=0.16 secs] 
5861.521: [GC (Allocation Failure) [PSYoungGen: 235008K->180608K(461312K)] 289526K->235126K(1859584K), 0.0352386 secs] [Times: user=0.20 sys=0.00, real=0.03 secs] 
5863.547: [GC (Allocation Failure) [PSYoungGen: 413568K->82176K(465920K)] 468086K->300974K(1864192K), 0.1175366 secs] [Times: user=0.69 sys=0.01, real=0.12 secs] 
5864.934: [GC (Allocation Failure) [PSYoungGen: 315136K->169696K(465920K)] 533934K->467084K(1864192K), 0.0920023 secs] [Times: user=0.55 sys=0.00, real=0.09 secs] 
5867.046: [GC (Allocation Failure) [PSYoungGen: 402656K->82400K(465920K)] 700044K->549700K(1864192K), 0.1302529 secs] [Times: user=0.78 sys=0.00, real=0.13 secs] 
5867.626: [GC (Allocation Failure) [PSYoungGen: 315360K->172704K(465920K)] 782660K->716335K(1864192K), 0.0552616 secs] [Times: user=0.33 sys=0.00, real=0.06 secs] 
5869.974: [GC (Allocation Failure) [PSYoungGen: 405664K->83520K(465920K)] 949295K->799451K(1864192K), 0.1205641 secs] [Times: user=0.72 sys=0.01, real=0.12 secs] 
5870.984: [GC (Allocation Failure) [PSYoungGen: 316480K->173216K(465920K)] 1032411K->966692K(1864192K), 0.1415532 secs] [Times: user=0.85 sys=0.01, real=0.14 secs] 
5874.820: [GC (Allocation Failure) [PSYoungGen: 406176K->74624K(465920K)] 1199652K->1041328K(1864192K), 0.1492183 secs] [Times: user=0.89 sys=0.00, real=0.15 secs] 
5875.288: [GC (Allocation Failure) [PSYoungGen: 307584K->175136K(465920K)] 1274288K->1210303K(1864192K), 0.0565091 secs] [Times: user=0.33 sys=0.00, real=0.06 secs] 
5878.918: [GC (Allocation Failure) [PSYoungGen: 408096K->74752K(465920K)] 1443263K->1284919K(1864192K), 0.1414774 secs] [Times: user=0.84 sys=0.01, real=0.15 secs] 
5879.059: [Full GC (Ergonomics) [PSYoungGen: 74752K->0K(465920K)] [ParOldGen: 1210167K->87480K(1398272K)] 1284919K->87480K(1864192K), [Metaspace: 59701K->59701K(1105920K)], 0.2232684 secs] [Times: user=1.04 sys=0.00, real=0.22 secs] 
5879.858: [GC (Allocation Failure) [PSYoungGen: 229108K->206112K(465920K)] 316589K->293593K(1864192K), 0.0367539 secs] [Times: user=0.22 sys=0.00, real=0.04 secs] 
5882.427: [GC (Allocation Failure) [PSYoungGen: 439072K->80064K(465920K)] 526553K->339197K(1864192K), 0.1207353 secs] [Times: user=0.72 sys=0.00, real=0.12 secs] 
5883.650: [GC (Allocation Failure) [PSYoungGen: 310395K->201472K(465920K)] 569528K->533849K(1864192K), 0.0652992 secs] [Times: user=0.39 sys=0.00, real=0.06 secs] 
5885.943: [GC (Allocation Failure) [PSYoungGen: 434432K->90560K(465920K)] 766809K->587601K(1864192K), 0.1126026 secs] [Times: user=0.67 sys=0.00, real=0.11 secs] 
5887.229: [GC (Allocation Failure) [PSYoungGen: 323520K->157600K(465920K)] 820561K->734410K(1864192K), 0.0600349 secs] [Times: user=0.36 sys=0.00, real=0.06 secs] 
5889.769: [GC (Allocation Failure) [PSYoungGen: 389282K->93216K(465920K)] 966092K->827762K(1864192K), 0.1005747 secs] [Times: user=0.60 sys=0.01, real=0.10 secs] 
5891.007: [GC (Allocation Failure) [PSYoungGen: 326176K->150656K(465920K)] 1060722K->971881K(1864192K), 0.0608403 secs] [Times: user=0.37 sys=0.00, real=0.06 secs] 
5892.037: [GC (Allocation Failure) [PSYoungGen: 383616K->98624K(465920K)] 1204841K->1070713K(1864192K), 0.0725216 secs] [Times: user=0.42 sys=0.01, real=0.08 secs] 
5893.255: [GC (Allocation Failure) [PSYoungGen: 331584K->150464K(465920K)] 1303673K->1209826K(1864192K), 0.0609130 secs] [Times: user=0.36 sys=0.00, real=0.06 secs] 
5895.072: [GC (Allocation Failure) [PSYoungGen: 383424K->114816K(465920K)] 1442786K->1324474K(1864192K), 0.0825666 secs] [Times: user=0.49 sys=0.00, real=0.08 secs] 
5895.154: [Full GC (Ergonomics) [PSYoungGen: 114816K->0K(465920K)] [ParOldGen: 1209658K->129343K(1398272K)] 1324474K->129343K(1864192K), [Metaspace: 59704K->59704K(1105920K)], 0.2900023 secs] [Times: user=1.32 sys=0.00, real=0.29 secs] 
5896.919: [GC (Allocation Failure) [PSYoungGen: 232960K->133216K(452608K)] 362303K->262559K(1850880K), 0.0476999 secs] [Times: user=0.28 sys=0.00, real=0.04 secs] 
5899.265: [GC (Allocation Failure) [PSYoungGen: 366176K->124480K(459264K)] 495519K->386995K(1857536K), 0.0761947 secs] [Times: user=0.45 sys=0.00, real=0.08 secs] 
5900.498: [GC (Allocation Failure) [PSYoungGen: 357440K->123456K(458240K)] 619955K->500412K(1856512K), 0.0625555 secs] [Times: user=0.37 sys=0.00, real=0.07 secs] 
5903.466: [GC (Allocation Failure) [PSYoungGen: 378432K->146848K(464384K)] 755388K->647372K(1862656K), 0.0576652 secs] [Times: user=0.34 sys=0.00, real=0.06 secs] 
5904.738: [GC (Allocation Failure) [PSYoungGen: 401824K->13824K(466944K)] 902348K->514404K(1865216K), 0.0039886 secs] [Times: user=0.02 sys=0.00, real=0.01 secs] 
5906.958: [GC (Allocation Failure) [PSYoungGen: 261397K->171520K(430592K)] 761977K->683501K(1828864K), 0.0364585 secs] [Times: user=0.21 sys=0.01, real=0.04 secs] 
5909.724: [GC (Allocation Failure) [PSYoungGen: 430080K->108000K(477184K)] 942061K->782421K(1875456K), 0.1770583 secs] [Times: user=1.06 sys=0.00, real=0.18 secs] 
5910.728: [GC (Allocation Failure) [PSYoungGen: 355296K->176288K(423936K)] 1029717K->954506K(1822208K), 0.0549904 secs] [Times: user=0.33 sys=0.00, real=0.06 secs] 
5914.450: [GC (Allocation Failure) [PSYoungGen: 423584K->88736K(471040K)] 1201802K->1042978K(1869312K), 0.1615495 secs] [Times: user=0.96 sys=0.01, real=0.16 secs] 
5915.445: [GC (Allocation Failure) [PSYoungGen: 327840K->176960K(416256K)] 1282082K->1213639K(1814528K), 0.1051549 secs] [Times: user=0.62 sys=0.01, real=0.11 secs] 
5917.778: [GC (Allocation Failure) [PSYoungGen: 416064K->89344K(465920K)] 1452743K->1302731K(1864192K), 0.1086845 secs] [Times: user=0.65 sys=0.00, real=0.11 secs] 
5917.887: [Full GC (Ergonomics) [PSYoungGen: 89344K->0K(465920K)] [ParOldGen: 1213387K->102542K(1398272K)] 1302731K->102542K(1864192K), [Metaspace: 59704K->59704K(1105920K)], 0.2345584 secs] [Times: user=1.06 sys=0.00, real=0.24 secs] 
5920.594: [GC (Allocation Failure) [PSYoungGen: 230822K->193440K(465920K)] 333364K->295982K(1864192K), 0.0476167 secs] [Times: user=0.29 sys=0.00, real=0.05 secs] 
5922.662: [GC (Allocation Failure) [PSYoungGen: 426400K->88608K(465920K)] 528942K->347990K(1864192K), 0.1023089 secs] [Times: user=0.61 sys=0.00, real=0.10 secs] 
5924.328: [GC (Allocation Failure) [PSYoungGen: 321568K->160480K(465920K)] 580950K->497207K(1864192K), 0.0592432 secs] [Times: user=0.35 sys=0.00, real=0.06 secs] 
5925.362: [GC (Allocation Failure) [PSYoungGen: 387500K->93376K(465920K)] 724227K->590799K(1864192K), 0.0921121 secs] [Times: user=0.55 sys=0.01, real=0.09 secs] 
5926.560: [GC (Allocation Failure) [PSYoungGen: 326336K->151360K(465920K)] 823759K->735366K(1864192K), 0.0600522 secs] [Times: user=0.36 sys=0.00, real=0.06 secs] 
5928.372: [GC (Allocation Failure) [PSYoungGen: 384320K->99456K(462848K)] 968326K->834398K(1861120K), 0.0731893 secs] [Times: user=0.43 sys=0.00, real=0.07 secs] 
5929.619: [GC (Allocation Failure) [PSYoungGen: 332416K->148800K(464384K)] 1067358K->972343K(1862656K), 0.0600448 secs] [Times: user=0.36 sys=0.00, real=0.06 secs] 
5931.176: [GC (Allocation Failure) [PSYoungGen: 381760K->115872K(451584K)] 1205303K->1088319K(1849856K), 0.0798358 secs] [Times: user=0.47 sys=0.00, real=0.08 secs] 
5932.721: [GC (Allocation Failure) [PSYoungGen: 353952K->131648K(459264K)] 1326399K->1209878K(1857536K), 0.0616978 secs] [Times: user=0.37 sys=0.00, real=0.06 secs] 
5933.758: [GC (Allocation Failure) [PSYoungGen: 369728K->134816K(465408K)] 1447958K->1344886K(1863680K), 0.0589700 secs] [Times: user=0.35 sys=0.00, real=0.06 secs] 
5933.817: [Full GC (Ergonomics) [PSYoungGen: 134816K->0K(465408K)] [ParOldGen: 1210070K->149897K(1398272K)] 1344886K->149897K(1863680K), [Metaspace: 59704K->59704K(1105920K)], 0.3405152 secs] [Times: user=1.57 sys=0.00, real=0.34 secs] 
5935.410: [GC (Allocation Failure) [PSYoungGen: 264192K->124672K(471552K)] 414089K->274569K(1869824K), 0.0416632 secs] [Times: user=0.25 sys=0.00, real=0.04 secs] 
5936.848: [GC (Allocation Failure) [PSYoungGen: 388864K->198496K(460800K)] 538761K->471426K(1859072K), 0.0657962 secs] [Times: user=0.38 sys=0.01, real=0.07 secs] 
5939.742: [GC (Allocation Failure) [PSYoungGen: 459104K->98848K(479744K)] 732034K->553534K(1878016K), 0.1580649 secs] [Times: user=0.93 sys=0.01, real=0.16 secs] 
5940.654: [GC (Allocation Failure) [PSYoungGen: 359456K->217056K(450048K)] 814142K->775087K(1848320K), 0.0664871 secs] [Times: user=0.39 sys=0.01, real=0.07 secs] 
5943.274: [GC (Allocation Failure) [PSYoungGen: 450016K->85312K(465920K)] 1008047K->825683K(1864192K), 0.1169560 secs] [Times: user=0.69 sys=0.00, real=0.12 secs] 
5944.834: [GC (Allocation Failure) [PSYoungGen: 316872K->196192K(465920K)] 1057243K->1016020K(1864192K), 0.0676313 secs] [Times: user=0.41 sys=0.00, real=0.07 secs] 
5946.910: [GC (Allocation Failure) [PSYoungGen: 429152K->89952K(465920K)] 1248980K->1068628K(1864192K), 0.1039635 secs] [Times: user=0.61 sys=0.01, real=0.10 secs] 
5948.218: [GC (Allocation Failure) [PSYoungGen: 322912K->154464K(465920K)] 1301588K->1216385K(1864192K), 0.0605509 secs] [Times: user=0.36 sys=0.01, real=0.06 secs] 
5949.964: [GC (Allocation Failure) [PSYoungGen: 381670K->93600K(465920K)] 1443591K->1310141K(1864192K), 0.1021230 secs] [Times: user=0.60 sys=0.00, real=0.10 secs] 
5950.066: [Full GC (Ergonomics) [PSYoungGen: 93600K->0K(465920K)] [ParOldGen: 1216541K->108761K(1398272K)] 1310141K->108761K(1864192K), [Metaspace: 59704K->59704K(1105920K)], 0.2582357 secs] [Times: user=1.19 sys=0.00, real=0.26 secs] 
5951.727: [GC (Allocation Failure) [PSYoungGen: 232960K->150784K(465920K)] 341721K->259545K(1864192K), 0.0426567 secs] [Times: user=0.26 sys=0.00, real=0.05 secs] 
5954.363: [GC (Allocation Failure) [PSYoungGen: 379689K->93152K(465920K)] 488451K->352870K(1864192K), 0.1062033 secs] [Times: user=0.63 sys=0.00, real=0.11 secs] 
5955.614: [GC (Allocation Failure) [PSYoungGen: 326112K->151136K(465920K)] 585830K->497413K(1864192K), 0.0661546 secs] [Times: user=0.37 sys=0.00, real=0.07 secs] 
5957.206: [GC (Allocation Failure) [PSYoungGen: 384096K->110432K(465920K)] 730373K->607741K(1864192K), 0.0906729 secs] [Times: user=0.54 sys=0.01, real=0.09 secs] 
5958.439: [GC (Allocation Failure) [PSYoungGen: 343392K->146400K(465920K)] 840701K->735308K(1864192K), 0.0605263 secs] [Times: user=0.36 sys=0.00, real=0.07 secs] 
5961.403: [GC (Allocation Failure) [PSYoungGen: 379360K->108160K(341504K)] 968268K->842916K(1739776K), 0.0763364 secs] [Times: user=0.45 sys=0.00, real=0.08 secs] 
5962.684: [GC (Allocation Failure) [PSYoungGen: 341120K->140576K(469504K)] 1075876K->972721K(1867776K), 0.0609397 secs] [Times: user=0.36 sys=0.00, real=0.06 secs] 
5964.699: [GC (Allocation Failure) [PSYoungGen: 380192K->123968K(364032K)] 1212337K->1096089K(1762304K), 0.0705335 secs] [Times: user=0.41 sys=0.00, real=0.08 secs] 
5965.999: [GC (Allocation Failure) [PSYoungGen: 363584K->1312K(448000K)] 1335705K->973513K(1846272K), 0.0018910 secs] [Times: user=0.01 sys=0.00, real=0.01 secs] 
5967.650: [GC (Allocation Failure) [PSYoungGen: 233248K->140480K(461824K)] 1205449K->1113278K(1860096K), 0.0282242 secs] [Times: user=0.16 sys=0.00, real=0.02 secs] 
5968.906: [GC (Allocation Failure) [PSYoungGen: 372416K->2816K(459776K)] 1345214K->975786K(1858048K), 0.0027162 secs] [Times: user=0.02 sys=0.00, real=0.00 secs] 
5971.100: [GC (Allocation Failure) [PSYoungGen: 235776K->145760K(465920K)] 1208746K->1119834K(1864192K), 0.0294155 secs] [Times: user=0.18 sys=0.00, real=0.03 secs] 
5972.268: [GC (Allocation Failure) [PSYoungGen: 378720K->104480K(452608K)] 1352794K->1214714K(1850880K), 0.0715822 secs] [Times: user=0.43 sys=0.00, real=0.08 secs] 
5974.033: [GC (Allocation Failure) [PSYoungGen: 337440K->155008K(459264K)] 1447674K->1368351K(1857536K), 0.0528152 secs] [Times: user=0.31 sys=0.00, real=0.05 secs] 
5974.085: [Full GC (Ergonomics) [PSYoungGen: 155008K->0K(459264K)] [ParOldGen: 1213343K->171440K(1398272K)] 1368351K->171440K(1857536K), [Metaspace: 59704K->59704K(1105920K)], 0.4014401 secs] [Times: user=1.85 sys=0.00, real=0.40 secs] 
5975.939: [GC (Allocation Failure) [PSYoungGen: 232960K->99744K(460288K)] 404400K->271184K(1858560K), 0.0357008 secs] [Times: user=0.21 sys=0.00, real=0.04 secs] 
5978.740: [GC (Allocation Failure) [PSYoungGen: 341920K->166912K(464384K)] 513360K->435853K(1862656K), 0.0535259 secs] [Times: user=0.32 sys=0.00, real=0.05 secs] 
5981.021: [GC (Allocation Failure) [PSYoungGen: 409088K->97024K(470016K)] 678029K->523805K(1868288K), 0.1051545 secs] [Times: user=0.63 sys=0.00, real=0.10 secs] 
5982.688: [GC (Allocation Failure) [PSYoungGen: 341760K->171808K(416768K)] 768541K->693161K(1815040K), 0.0527008 secs] [Times: user=0.31 sys=0.00, real=0.06 secs] 
5985.636: [GC (Allocation Failure) [PSYoungGen: 416544K->87008K(470528K)] 937897K->780061K(1868800K), 0.1801079 secs] [Times: user=1.07 sys=0.01, real=0.18 secs] 
5987.052: [GC (Allocation Failure) [PSYoungGen: 324576K->170944K(465920K)] 1017629K->946422K(1864192K), 0.0557456 secs] [Times: user=0.34 sys=0.00, real=0.05 secs] 
5989.652: [GC (Allocation Failure) [PSYoungGen: 408512K->84064K(466944K)] 1183990K->1030206K(1865216K), 0.1470176 secs] [Times: user=0.88 sys=0.00, real=0.14 secs] 
5990.694: [GC (Allocation Failure) [PSYoungGen: 318048K->190656K(465920K)] 1264190K->1214695K(1864192K), 0.0565324 secs] [Times: user=0.33 sys=0.00, real=0.06 secs] 
5992.206: [GC (Allocation Failure) [PSYoungGen: 424640K->89664K(465920K)] 1448679K->1287871K(1864192K), 0.1496311 secs] [Times: user=0.89 sys=0.00, real=0.15 secs] 
5992.356: [Full GC (Ergonomics) [PSYoungGen: 89664K->0K(465920K)] [ParOldGen: 1198207K->86487K(1398272K)] 1287871K->86487K(1864192K), [Metaspace: 59704K->59704K(1105920K)], 0.2194745 secs] [Times: user=1.02 sys=0.00, real=0.22 secs] 
5992.844: [GC (Allocation Failure) [PSYoungGen: 232797K->205888K(465920K)] 319285K->292375K(1864192K), 0.0373039 secs] [Times: user=0.22 sys=0.00, real=0.04 secs] 
5996.028: [GC (Allocation Failure) [PSYoungGen: 438848K->80064K(465920K)] 525335K->339799K(1864192K), 0.1192238 secs] [Times: user=0.71 sys=0.00, real=0.12 secs] 
5996.755: [GC (Allocation Failure) [PSYoungGen: 309052K->198944K(465920K)] 568787K->532896K(1864192K), 0.0579112 secs] [Times: user=0.35 sys=0.00, real=0.06 secs] 
5999.700: [GC (Allocation Failure) [PSYoungGen: 431904K->85824K(465920K)] 765856K->583600K(1864192K), 0.1126306 secs] [Times: user=0.67 sys=0.00, real=0.11 secs] 
6000.917: [GC (Allocation Failure) [PSYoungGen: 318784K->162432K(465920K)] 816560K->735713K(1864192K), 0.0598024 secs] [Times: user=0.35 sys=0.00, real=0.06 secs] 
6004.079: [GC (Allocation Failure) [PSYoungGen: 395392K->92000K(465920K)] 968673K->827533K(1864192K), 0.1008136 secs] [Times: user=0.59 sys=0.01, real=0.10 secs] 
6005.296: [GC (Allocation Failure) [PSYoungGen: 324960K->151808K(465920K)] 1060493K->972841K(1864192K), 0.0602785 secs] [Times: user=0.36 sys=0.00, real=0.06 secs] 
6008.162: [GC (Allocation Failure) [PSYoungGen: 384768K->113856K(465920K)] 1205801K->1086873K(1864192K), 0.0959104 secs] [Times: user=0.58 sys=0.00, real=0.09 secs] 
6009.456: [GC (Allocation Failure) [PSYoungGen: 346816K->151296K(465920K)] 1319833K->1211481K(1864192K), 0.0607542 secs] [Times: user=0.37 sys=0.00, real=0.06 secs] 
6012.189: [GC (Allocation Failure) [PSYoungGen: 384256K->106432K(465920K)] 1444441K->1317169K(1864192K), 0.0893502 secs] [Times: user=0.53 sys=0.00, real=0.09 secs] 
6012.278: [Full GC (Ergonomics) [PSYoungGen: 106432K->0K(465920K)] [ParOldGen: 1210737K->120282K(1398272K)] 1317169K->120282K(1864192K), [Metaspace: 59704K->59704K(1105920K)], 0.2759854 secs] [Times: user=1.26 sys=0.00, real=0.28 secs] 
6013.640: [GC (Allocation Failure) [PSYoungGen: 232960K->142592K(375808K)] 353242K->262874K(1774080K), 0.0509803 secs] [Times: user=0.31 sys=0.00, real=0.05 secs] 
6015.858: [GC (Allocation Failure) [PSYoungGen: 375552K->134016K(469504K)] 495834K->396318K(1867776K), 0.0822202 secs] [Times: user=0.49 sys=0.01, real=0.09 secs] 
6017.477: [GC (Allocation Failure) [PSYoungGen: 375168K->131296K(461312K)] 637470K->500831K(1859584K), 0.0618632 secs] [Times: user=0.37 sys=0.00, real=0.07 secs] 
6020.470: [GC (Allocation Failure) [PSYoungGen: 372448K->138432K(466944K)] 741983K->638639K(1865216K), 0.0579867 secs] [Times: user=0.34 sys=0.00, real=0.05 secs] 
6021.705: [GC (Allocation Failure) [PSYoungGen: 393920K->6912K(461824K)] 894127K->507267K(1860096K), 0.0027187 secs] [Times: user=0.01 sys=0.00, real=0.00 secs] 
6024.282: [GC (Allocation Failure) [PSYoungGen: 262400K->178016K(455680K)] 762755K->682964K(1853952K), 0.0356182 secs] [Times: user=0.21 sys=0.00, real=0.03 secs] 
6025.403: [GC (Allocation Failure) [PSYoungGen: 414048K->92480K(467456K)] 918996K->767132K(1865728K), 0.0941863 secs] [Times: user=0.56 sys=0.00, real=0.09 secs] 
6028.978: [GC (Allocation Failure) [PSYoungGen: 318547K->159296K(465408K)] 993199K->922249K(1863680K), 0.0482065 secs] [Times: user=0.28 sys=0.00, real=0.05 secs] 
6030.418: [GC (Allocation Failure) [PSYoungGen: 398400K->96064K(335360K)] 1161353K->1009357K(1733632K), 0.0905208 secs] [Times: user=0.54 sys=0.00, real=0.09 secs] 
6032.233: [GC (Allocation Failure) [PSYoungGen: 335168K->166976K(461312K)] 1248461K->1172626K(1859584K), 0.0510021 secs] [Times: user=0.30 sys=0.00, real=0.05 secs] 
6034.195: [GC (Allocation Failure) [PSYoungGen: 403520K->88672K(467456K)] 1409170K->1260602K(1865728K), 0.1762143 secs] [Times: user=1.06 sys=0.00, real=0.18 secs] 
6034.371: [Full GC (Ergonomics) [PSYoungGen: 88672K->0K(467456K)] [ParOldGen: 1171930K->58569K(1398272K)] 1260602K->58569K(1865728K), [Metaspace: 59704K->59704K(1105920K)], 0.1645245 secs] [Times: user=0.76 sys=0.00, real=0.16 secs] 
6036.005: [GC (Allocation Failure) [PSYoungGen: 236544K->166528K(460800K)] 295113K->225097K(1859072K), 0.0345124 secs] [Times: user=0.21 sys=0.00, real=0.04 secs] 
6039.101: [GC (Allocation Failure) [PSYoungGen: 400512K->85568K(466432K)] 459081K->309945K(1864704K), 0.1385713 secs] [Times: user=0.82 sys=0.01, real=0.14 secs] 
6040.417: [GC (Allocation Failure) [PSYoungGen: 319552K->189120K(462336K)] 543929K->493574K(1860608K), 0.0564138 secs] [Times: user=0.34 sys=0.00, real=0.06 secs] 
6043.645: [GC (Allocation Failure) [PSYoungGen: 422080K->74336K(465920K)] 726534K->551510K(1864192K), 0.1700907 secs] [Times: user=1.01 sys=0.01, real=0.17 secs] 
6044.352: [GC (Allocation Failure) [PSYoungGen: 307296K->170816K(465920K)] 784470K->716583K(1864192K), 0.0540619 secs] [Times: user=0.32 sys=0.00, real=0.05 secs] 
6047.817: [GC (Allocation Failure) [PSYoungGen: 403776K->81408K(465920K)] 949543K->797471K(1864192K), 0.1760401 secs] [Times: user=1.00 sys=0.00, real=0.18 secs] 
6048.605: [GC (Allocation Failure) [PSYoungGen: 314368K->177088K(465920K)] 1030431K->964100K(1864192K), 0.0558957 secs] [Times: user=0.33 sys=0.00, real=0.06 secs] 
6050.472: [GC (Allocation Failure) [PSYoungGen: 410048K->83136K(465920K)] 1197060K->1047332K(1864192K), 0.1311018 secs] [Times: user=0.78 sys=0.01, real=0.13 secs] 
6051.980: [GC (Allocation Failure) [PSYoungGen: 315375K->203648K(465920K)] 1279571K->1243893K(1864192K), 0.0623574 secs] [Times: user=0.37 sys=0.00, real=0.06 secs] 
6054.044: [GC (Allocation Failure) [PSYoungGen: 436608K->84160K(465920K)] 1476853K->1294069K(1864192K), 0.1236031 secs] [Times: user=0.73 sys=0.00, real=0.12 secs] 
6054.168: [Full GC (Ergonomics) [PSYoungGen: 84160K->0K(465920K)] [ParOldGen: 1209909K->98288K(1398272K)] 1294069K->98288K(1864192K), [Metaspace: 59704K->59704K(1105920K)], 0.2383197 secs] [Times: user=1.10 sys=0.00, real=0.24 secs] 
6055.416: [GC (Allocation Failure) [PSYoungGen: 229730K->197344K(465920K)] 328018K->295632K(1864192K), 0.0481783 secs] [Times: user=0.29 sys=0.00, real=0.05 secs] 
6057.167: [GC (Allocation Failure) [PSYoungGen: 429975K->92960K(465920K)] 528264K->351512K(1864192K), 0.1014845 secs] [Times: user=0.61 sys=0.00, real=0.11 secs] 
6058.609: [GC (Allocation Failure) [PSYoungGen: 325920K->151424K(465920K)] 584472K->496511K(1864192K), 0.0597022 secs] [Times: user=0.35 sys=0.00, real=0.05 secs] 
6061.734: [GC (Allocation Failure) [PSYoungGen: 383345K->93664K(465920K)] 728433K->589819K(1864192K), 0.0918364 secs] [Times: user=0.54 sys=0.00, real=0.09 secs] 
6062.991: [GC (Allocation Failure) [PSYoungGen: 326624K->151136K(465920K)] 822779K->733896K(1864192K), 0.0604351 secs] [Times: user=0.36 sys=0.00, real=0.06 secs] 
6065.508: [GC (Allocation Failure) [PSYoungGen: 384096K->98528K(465920K)] 966856K->832112K(1864192K), 0.0982926 secs] [Times: user=0.58 sys=0.01, real=0.10 secs] 
6066.763: [GC (Allocation Failure) [PSYoungGen: 331488K->150016K(465920K)] 1065072K->971633K(1864192K), 0.0605921 secs] [Times: user=0.36 sys=0.00, real=0.06 secs] 
6069.713: [GC (Allocation Failure) [PSYoungGen: 382976K->103872K(465920K)] 1204593K->1075425K(1864192K), 0.0927293 secs] [Times: user=0.55 sys=0.00, real=0.09 secs] 
6070.951: [GC (Allocation Failure) [PSYoungGen: 336832K->144224K(457728K)] 1308385K->1209282K(1856000K), 0.0613433 secs] [Times: user=0.37 sys=0.01, real=0.06 secs] 
6072.826: [GC (Allocation Failure) [PSYoungGen: 377184K->110784K(461824K)] 1442242K->1319854K(1860096K), 0.0745296 secs] [Times: user=0.43 sys=0.01, real=0.08 secs] 
6072.901: [Full GC (Ergonomics) [PSYoungGen: 110784K->0K(461824K)] [ParOldGen: 1209070K->125340K(1398272K)] 1319854K->125340K(1860096K), [Metaspace: 59704K->59704K(1105920K)], 0.2922889 secs] [Times: user=1.29 sys=0.00, real=0.29 secs] 
6074.306: [GC (Allocation Failure) [PSYoungGen: 232960K->137760K(462848K)] 358300K->263100K(1861120K), 0.0493122 secs] [Times: user=0.29 sys=0.00, real=0.05 secs] 
6076.823: [GC (Allocation Failure) [PSYoungGen: 386080K->132384K(464896K)] 511420K->395360K(1863168K), 0.0730652 secs] [Times: user=0.43 sys=0.01, real=0.07 secs] 
6078.061: [GC (Allocation Failure) [PSYoungGen: 380704K->3392K(463360K)] 643680K->266472K(1861632K), 0.0022901 secs] [Times: user=0.01 sys=0.00, real=0.00 secs] 
6079.368: [GC (Allocation Failure) [PSYoungGen: 257856K->172704K(427520K)] 520936K->437657K(1825792K), 0.0332462 secs] [Times: user=0.20 sys=0.00, real=0.04 secs] 
6080.969: [GC (Allocation Failure) [PSYoungGen: 427168K->104960K(474112K)] 692121K->533945K(1872384K), 0.1021829 secs] [Times: user=0.61 sys=0.00, real=0.10 secs] 
6082.726: [GC (Allocation Failure) [PSYoungGen: 346112K->171872K(465920K)] 775097K->701656K(1864192K), 0.0534457 secs] [Times: user=0.31 sys=0.00, real=0.06 secs] 
6085.040: [GC (Allocation Failure) [PSYoungGen: 409586K->87264K(470016K)] 939371K->788316K(1868288K), 0.1652131 secs] [Times: user=0.98 sys=0.00, real=0.16 secs] 
6086.271: [GC (Allocation Failure) [PSYoungGen: 324320K->169792K(465920K)] 1025372K->953773K(1864192K), 0.0562027 secs] [Times: user=0.33 sys=0.00, real=0.05 secs] 
6089.794: [GC (Allocation Failure) [PSYoungGen: 406848K->80256K(465920K)] 1190829K->1033917K(1864192K), 0.1785496 secs] [Times: user=1.06 sys=0.00, real=0.18 secs] 
6090.767: [GC (Allocation Failure) [PSYoungGen: 313216K->173536K(465920K)] 1266877K->1201073K(1864192K), 0.0563409 secs] [Times: user=0.33 sys=0.00, real=0.06 secs] 
6093.478: [GC (Allocation Failure) [PSYoungGen: 406496K->79488K(465920K)] 1434033K->1280278K(1864192K), 0.1547365 secs] [Times: user=0.92 sys=0.00, real=0.16 secs] 
6093.633: [Full GC (Ergonomics) [PSYoungGen: 79488K->0K(465920K)] [ParOldGen: 1200790K->77779K(1398272K)] 1280278K->77779K(1864192K), [Metaspace: 59704K->59704K(1105920K)], 0.1970911 secs] [Times: user=0.91 sys=0.00, real=0.20 secs] 
6094.115: [GC (Allocation Failure) [PSYoungGen: 232960K->174592K(465920K)] 310739K->252371K(1864192K), 0.0378850 secs] [Times: user=0.22 sys=0.00, real=0.04 secs] 
6096.824: [GC (Allocation Failure) [PSYoungGen: 407552K->83488K(465920K)] 485331K->335483K(1864192K), 0.1233338 secs] [Times: user=0.73 sys=0.00, real=0.12 secs] 
6097.375: [GC (Allocation Failure) [PSYoungGen: 316448K->203488K(465920K)] 568443K->532644K(1864192K), 0.0578744 secs] [Times: user=0.34 sys=0.01, real=0.06 secs] 
6100.430: [GC (Allocation Failure) [PSYoungGen: 436448K->82880K(465920K)] 765604K->579880K(1864192K), 0.1111029 secs] [Times: user=0.66 sys=0.00, real=0.11 secs] 
6101.666: [GC (Allocation Failure) [PSYoungGen: 315840K->161824K(465920K)] 812840K->734857K(1864192K), 0.0591162 secs] [Times: user=0.35 sys=0.00, real=0.06 secs] 
6104.021: [GC (Allocation Failure) [PSYoungGen: 394784K->93248K(465920K)] 967817K->827945K(1864192K), 0.1035216 secs] [Times: user=0.61 sys=0.00, real=0.10 secs] 
6105.285: [GC (Allocation Failure) [PSYoungGen: 326208K->151392K(465920K)] 1060905K->972277K(1864192K), 0.0598354 secs] [Times: user=0.36 sys=0.00, real=0.06 secs] 
6107.829: [GC (Allocation Failure) [PSYoungGen: 380559K->93824K(465920K)] 1201445K->1066174K(1864192K), 0.0938220 secs] [Times: user=0.56 sys=0.00, real=0.09 secs] 
6109.042: [GC (Allocation Failure) [PSYoungGen: 326784K->150848K(465920K)] 1299134K->1209813K(1864192K), 0.0604946 secs] [Times: user=0.35 sys=0.01, real=0.06 secs] 
6111.370: [GC (Allocation Failure) [PSYoungGen: 383808K->115104K(458752K)] 1442773K->1324697K(1857024K), 0.0936240 secs] [Times: user=0.56 sys=0.00, real=0.09 secs] 
6111.464: [Full GC (Ergonomics) [PSYoungGen: 115104K->0K(458752K)] [ParOldGen: 1209593K->113390K(1398272K)] 1324697K->113390K(1857024K), [Metaspace: 59704K->59704K(1105920K)], 0.2527743 secs] [Times: user=1.14 sys=0.00, real=0.25 secs] 
6112.850: [GC (Allocation Failure) [PSYoungGen: 232960K->149984K(462336K)] 346350K->263374K(1860608K), 0.0548216 secs] [Times: user=0.32 sys=0.00, real=0.05 secs] 
6114.815: [GC (Allocation Failure) [PSYoungGen: 382944K->108352K(454656K)] 496334K->371626K(1852928K), 0.0862203 secs] [Times: user=0.51 sys=0.00, real=0.09 secs] 
6116.117: [GC (Allocation Failure) [PSYoungGen: 350016K->140448K(462848K)] 613290K->501167K(1861120K), 0.0607997 secs] [Times: user=0.36 sys=0.00, real=0.06 secs] 
6117.671: [GC (Allocation Failure) [PSYoungGen: 382112K->136480K(461312K)] 742831K->637535K(1859584K), 0.0621889 secs] [Times: user=0.36 sys=0.00, real=0.06 secs] 
6118.914: [GC (Allocation Failure) [PSYoungGen: 397088K->7296K(471552K)] 898143K->508383K(1869824K), 0.0032572 secs] [Times: user=0.02 sys=0.00, real=0.00 secs] 
6121.017: [GC (Allocation Failure) [PSYoungGen: 263648K->177888K(456704K)] 764736K->683852K(1854976K), 0.0356331 secs] [Times: user=0.21 sys=0.00, real=0.04 secs] 
6122.241: [GC (Allocation Failure) [PSYoungGen: 410848K->92544K(465920K)] 916812K->767404K(1864192K), 0.1026858 secs] [Times: user=0.61 sys=0.00, real=0.10 secs] 
6124.621: [GC (Allocation Failure) [PSYoungGen: 320506K->158848K(462336K)] 995366K->922797K(1860608K), 0.0498197 secs] [Times: user=0.29 sys=0.00, real=0.05 secs] 
6125.835: [GC (Allocation Failure) [PSYoungGen: 391808K->94496K(327680K)] 1155757K->1008233K(1725952K), 0.0831513 secs] [Times: user=0.49 sys=0.00, real=0.08 secs] 
6128.255: [GC (Allocation Failure) [PSYoungGen: 316271K->156608K(461312K)] 1230008K->1161125K(1859584K), 0.0492178 secs] [Times: user=0.29 sys=0.00, real=0.05 secs] 
6129.399: [GC (Allocation Failure) [PSYoungGen: 390592K->92928K(463872K)] 1395109K->1245061K(1862144K), 0.0959646 secs] [Times: user=0.57 sys=0.00, real=0.09 secs] 
6132.256: [GC (Allocation Failure) [PSYoungGen: 316745K->157280K(463872K)] 1468878K->1398890K(1862144K), 0.0485916 secs] [Times: user=0.29 sys=0.00, real=0.05 secs] 
6132.305: [Full GC (Ergonomics) [PSYoungGen: 157280K->0K(463872K)] [ParOldGen: 1241610K->196197K(1398272K)] 1398890K->196197K(1862144K), [Metaspace: 59704K->59704K(1105920K)], 0.4677303 secs] [Times: user=2.18 sys=0.00, real=0.47 secs] 
6133.799: [GC (Allocation Failure) [PSYoungGen: 239104K->93728K(466432K)] 435301K->289925K(1864704K), 0.0396281 secs] [Times: user=0.23 sys=0.00, real=0.04 secs] 
6136.088: [GC (Allocation Failure) [PSYoungGen: 332832K->166656K(462848K)] 529029K->452554K(1861120K), 0.0492823 secs] [Times: user=0.30 sys=0.00, real=0.05 secs] 
6138.361: [GC (Allocation Failure) [PSYoungGen: 406784K->93120K(469504K)] 692682K->545038K(1867776K), 0.1843889 secs] [Times: user=1.09 sys=0.01, real=0.18 secs] 
6139.940: [GC (Allocation Failure) [PSYoungGen: 333248K->172640K(457728K)] 785166K->713487K(1856000K), 0.0574166 secs] [Times: user=0.34 sys=0.00, real=0.05 secs] 
6142.619: [GC (Allocation Failure) [PSYoungGen: 405600K->74848K(465920K)] 946447K->788347K(1864192K), 0.1330507 secs] [Times: user=0.79 sys=0.00, real=0.13 secs] 
6143.308: [GC (Allocation Failure) [PSYoungGen: 307808K->174112K(464384K)] 1021307K->956120K(1862656K), 0.0537219 secs] [Times: user=0.32 sys=0.00, real=0.06 secs] 
6146.103: [GC (Allocation Failure) [PSYoungGen: 407072K->77760K(465920K)] 1189080K->1033712K(1864192K), 0.1481293 secs] [Times: user=0.88 sys=0.01, real=0.15 secs] 
6147.155: [GC (Allocation Failure) [PSYoungGen: 310720K->174048K(465920K)] 1266672K->1201400K(1864192K), 0.0553609 secs] [Times: user=0.33 sys=0.00, real=0.06 secs] 
6150.093: [GC (Allocation Failure) [PSYoungGen: 407008K->83392K(465920K)] 1434360K->1284304K(1864192K), 0.1545535 secs] [Times: user=0.92 sys=0.01, real=0.15 secs] 
6150.248: [Full GC (Ergonomics) [PSYoungGen: 83392K->0K(465920K)] [ParOldGen: 1200912K->80706K(1398272K)] 1284304K->80706K(1864192K), [Metaspace: 59704K->59704K(1105920K)], 0.2061008 secs] [Times: user=0.96 sys=0.00, real=0.21 secs] 
6150.724: [GC (Allocation Failure) [PSYoungGen: 232960K->178080K(465920K)] 313666K->258786K(1864192K), 0.0373546 secs] [Times: user=0.22 sys=0.00, real=0.04 secs] 
6153.989: [GC (Allocation Failure) [PSYoungGen: 411040K->75616K(465920K)] 491746K->334734K(1864192K), 0.1381283 secs] [Times: user=0.82 sys=0.00, real=0.13 secs] 
6154.533: [GC (Allocation Failure) [PSYoungGen: 307997K->204096K(465920K)] 567115K->532495K(1864192K), 0.0551554 secs] [Times: user=0.32 sys=0.00, real=0.05 secs] 
6157.112: [GC (Allocation Failure) [PSYoungGen: 437056K->83456K(465920K)] 765455K->581611K(1864192K), 0.1012553 secs] [Times: user=0.60 sys=0.00, real=0.10 secs] 
6158.405: [GC (Allocation Failure) [PSYoungGen: 316416K->160480K(465920K)] 814571K->735752K(1864192K), 0.0596926 secs] [Times: user=0.35 sys=0.00, real=0.06 secs] 
6160.900: [GC (Allocation Failure) [PSYoungGen: 393440K->88256K(465920K)] 968712K->824084K(1864192K), 0.1066245 secs] [Times: user=0.59 sys=0.00, real=0.10 secs] 
6162.762: [GC (Allocation Failure) [PSYoungGen: 321216K->155744K(465920K)] 1057044K->972939K(1864192K), 0.0602547 secs] [Times: user=0.36 sys=0.00, real=0.06 secs] 
6164.624: [GC (Allocation Failure) [PSYoungGen: 383634K->93696K(465920K)] 1200830K->1066899K(1864192K), 0.0915739 secs] [Times: user=0.54 sys=0.01, real=0.09 secs] 
6167.519: [GC (Allocation Failure) [PSYoungGen: 326656K->151616K(465920K)] 1299859K->1211390K(1864192K), 0.0606568 secs] [Times: user=0.36 sys=0.00, real=0.07 secs] 
6169.658: [GC (Allocation Failure) [PSYoungGen: 384576K->97824K(465920K)] 1444350K->1308622K(1864192K), 0.0960899 secs] [Times: user=0.57 sys=0.00, real=0.10 secs] 
6169.754: [Full GC (Ergonomics) [PSYoungGen: 97824K->0K(465920K)] [ParOldGen: 1210798K->112456K(1398272K)] 1308622K->112456K(1864192K), [Metaspace: 59704K->59704K(1105920K)], 0.2501075 secs] [Times: user=1.13 sys=0.00, real=0.25 secs] 
6171.447: [GC (Allocation Failure) [PSYoungGen: 232960K->151296K(465920K)] 345416K->263752K(1864192K), 0.0571996 secs] [Times: user=0.33 sys=0.01, real=0.06 secs] 
6173.109: [GC (Allocation Failure) [PSYoungGen: 384256K->106368K(339456K)] 496712K->369608K(1737728K), 0.0959388 secs] [Times: user=0.56 sys=0.01, real=0.09 secs] 
6174.425: [GC (Allocation Failure) [PSYoungGen: 339328K->141984K(464896K)] 602568K->500781K(1863168K), 0.0608224 secs] [Times: user=0.36 sys=0.00, real=0.06 secs] 
6176.512: [GC (Allocation Failure) [PSYoungGen: 379040K->120416K(460800K)] 737837K->621069K(1859072K), 0.0733607 secs] [Times: user=0.43 sys=0.00, real=0.07 secs] 
6177.763: [GC (Allocation Failure) [PSYoungGen: 357472K->96K(449536K)] 858125K->500813K(1847808K), 0.0027742 secs] [Times: user=0.01 sys=0.00, real=0.00 secs] 
6180.032: [GC (Allocation Failure) [PSYoungGen: 234592K->134784K(462336K)] 735309K->635509K(1860608K), 0.0294766 secs] [Times: user=0.18 sys=0.00, real=0.03 secs] 
6182.259: [GC (Allocation Failure) [PSYoungGen: 369280K->2464K(458240K)] 870005K->503221K(1856512K), 0.0030229 secs] [Times: user=0.02 sys=0.00, real=0.00 secs] 
6185.141: [GC (Allocation Failure) [PSYoungGen: 236448K->142976K(377344K)] 737205K->644750K(1775616K), 0.0287631 secs] [Times: user=0.17 sys=0.00, real=0.03 secs] 
6186.396: [GC (Allocation Failure) [PSYoungGen: 376960K->106432K(477184K)] 878734K->742174K(1875456K), 0.0653571 secs] [Times: user=0.39 sys=0.00, real=0.07 secs] 
6188.462: [GC (Allocation Failure) [PSYoungGen: 350656K->159584K(465920K)] 986398K->900151K(1864192K), 0.0545907 secs] [Times: user=0.32 sys=0.00, real=0.05 secs] 
6189.717: [GC (Allocation Failure) [PSYoungGen: 403808K->105248K(464384K)] 1144375K->996355K(1862656K), 0.0696126 secs] [Times: user=0.42 sys=0.00, real=0.07 secs] 
6192.450: [GC (Allocation Failure) [PSYoungGen: 343847K->166976K(466944K)] 1234954K->1160532K(1865216K), 0.0548444 secs] [Times: user=0.33 sys=0.00, real=0.05 secs] 
6193.667: [GC (Allocation Failure) [PSYoungGen: 414784K->101408K(471552K)] 1408340K->1253280K(1869824K), 0.0771549 secs] [Times: user=0.46 sys=0.00, real=0.08 secs] 
6193.745: [Full GC (Ergonomics) [PSYoungGen: 101408K->0K(471552K)] [ParOldGen: 1151872K->51682K(1398272K)] 1253280K->51682K(1869824K), [Metaspace: 59704K->59704K(1105920K)], 0.1038187 secs] [Times: user=0.42 sys=0.00, real=0.10 secs] 
6196.414: [GC (Allocation Failure) [PSYoungGen: 249344K->173056K(422912K)] 301026K->224738K(1821184K), 0.0950014 secs] [Times: user=0.56 sys=0.00, real=0.09 secs] 
6200.291: [GC (Allocation Failure) [PSYoungGen: 422400K->88192K(473088K)] 474082K->313074K(1871360K), 0.1571223 secs] [Times: user=0.94 sys=0.00, real=0.15 secs] 
6201.219: [GC (Allocation Failure) [PSYoungGen: 330368K->183104K(425472K)] 555250K->489967K(1823744K), 0.0620359 secs] [Times: user=0.37 sys=0.00, real=0.07 secs] 
6204.168: [GC (Allocation Failure) [PSYoungGen: 425280K->86240K(465920K)] 732143K->576471K(1864192K), 0.1258361 secs] [Times: user=0.75 sys=0.00, real=0.13 secs] 
6206.495: [GC (Allocation Failure) [PSYoungGen: 319091K->200608K(465920K)] 809323K->770164K(1864192K), 0.0670392 secs] [Times: user=0.40 sys=0.00, real=0.07 secs] 
6209.202: [GC (Allocation Failure) [PSYoungGen: 433568K->87744K(465920K)] 1003124K->821316K(1864192K), 0.1135057 secs] [Times: user=0.67 sys=0.00, real=0.11 secs] 
6211.082: [GC (Allocation Failure) [PSYoungGen: 320704K->161248K(465920K)] 1054276K->971411K(1864192K), 0.0596029 secs] [Times: user=0.35 sys=0.00, real=0.06 secs] 
6214.060: [GC (Allocation Failure) [PSYoungGen: 394208K->89536K(465920K)] 1204371K->1060763K(1864192K), 0.1046111 secs] [Times: user=0.63 sys=0.00, real=0.10 secs] 
6215.295: [GC (Allocation Failure) [PSYoungGen: 322496K->155104K(465920K)] 1293723K->1208924K(1864192K), 0.0599499 secs] [Times: user=0.36 sys=0.00, real=0.06 secs] 
6216.949: [GC (Allocation Failure) [PSYoungGen: 382467K->94080K(465920K)] 1436287K->1303232K(1864192K), 0.0745484 secs] [Times: user=0.44 sys=0.00, real=0.07 secs] 
6217.024: [Full GC (Ergonomics) [PSYoungGen: 94080K->0K(465920K)] [ParOldGen: 1209152K->108683K(1398272K)] 1303232K->108683K(1864192K), [Metaspace: 59704K->59704K(1105920K)], 0.2678863 secs] [Times: user=1.15 sys=0.00, real=0.27 secs] 
6218.582: [GC (Allocation Failure) [PSYoungGen: 232960K->150816K(465920K)] 341643K->259499K(1864192K), 0.0428024 secs] [Times: user=0.26 sys=0.00, real=0.04 secs] 
6219.943: [GC (Allocation Failure) [PSYoungGen: 383776K->103584K(456704K)] 492459K->363247K(1854976K), 0.1005993 secs] [Times: user=0.59 sys=0.01, real=0.10 secs] 
6221.166: [GC (Allocation Failure) [PSYoungGen: 336544K->144672K(461312K)] 596207K->497451K(1859584K), 0.0600484 secs] [Times: user=0.36 sys=0.00, real=0.06 secs] 
6223.059: [GC (Allocation Failure) [PSYoungGen: 377632K->113312K(453120K)] 730411K->610595K(1851392K), 0.0854772 secs] [Times: user=0.50 sys=0.01, real=0.09 secs] 
6224.364: [GC (Allocation Failure) [PSYoungGen: 358048K->134784K(462848K)] 855331K->735140K(1861120K), 0.0615568 secs] [Times: user=0.36 sys=0.00, real=0.06 secs] 
6226.864: [GC (Allocation Failure) [PSYoungGen: 379520K->142912K(471552K)] 979876K->878060K(1869824K), 0.0598405 secs] [Times: user=0.35 sys=0.00, real=0.06 secs] 
6228.635: [GC (Allocation Failure) [PSYoungGen: 411200K->16128K(478208K)] 1146348K->751300K(1876480K), 0.0044161 secs] [Times: user=0.03 sys=0.00, real=0.01 secs] 
6230.770: [GC (Allocation Failure) [PSYoungGen: 284416K->183296K(453632K)] 1019588K->931817K(1851904K), 0.0405569 secs] [Times: user=0.24 sys=0.00, real=0.04 secs] 
6232.841: [GC (Allocation Failure) [PSYoungGen: 416256K->89856K(465920K)] 1164777K->1020761K(1864192K), 0.1367815 secs] [Times: user=0.82 sys=0.00, real=0.13 secs] 
6234.288: [GC (Allocation Failure) [PSYoungGen: 322816K->163104K(462336K)] 1253721K->1179966K(1860608K), 0.0555070 secs] [Times: user=0.33 sys=0.00, real=0.06 secs] 
6236.687: [GC (Allocation Failure) [PSYoungGen: 393182K->80928K(465920K)] 1410044K->1260294K(1864192K), 0.1769645 secs] [Times: user=1.06 sys=0.00, real=0.18 secs] 
6236.864: [Full GC (Ergonomics) [PSYoungGen: 80928K->0K(465920K)] [ParOldGen: 1179366K->63253K(1398272K)] 1260294K->63253K(1864192K), [Metaspace: 59706K->59706K(1105920K)], 0.1758826 secs] [Times: user=0.82 sys=0.00, real=0.18 secs] 
6238.560: [GC (Allocation Failure) [PSYoungGen: 232960K->164448K(463872K)] 296213K->227701K(1862144K), 0.0331789 secs] [Times: user=0.19 sys=0.00, real=0.03 secs] 
6240.849: [GC (Allocation Failure) [PSYoungGen: 397408K->81024K(465920K)] 460661K->308510K(1864192K), 0.1651707 secs] [Times: user=0.98 sys=0.01, real=0.16 secs] 
6241.932: [GC (Allocation Failure) [PSYoungGen: 313984K->172032K(465408K)] 541470K->474225K(1863680K), 0.0550443 secs] [Times: user=0.31 sys=0.01, real=0.05 secs] 
6244.180: [GC (Allocation Failure) [PSYoungGen: 404992K->84416K(465920K)] 707185K->558061K(1864192K), 0.1527428 secs] [Times: user=0.91 sys=0.01, real=0.15 secs] 
6244.679: [GC (Allocation Failure) [PSYoungGen: 317376K->190976K(465920K)] 791021K->742438K(1864192K), 0.0575037 secs] [Times: user=0.35 sys=0.00, real=0.05 secs] 
6247.661: [GC (Allocation Failure) [PSYoungGen: 423936K->79264K(465920K)] 975398K->805042K(1864192K), 0.1408372 secs] [Times: user=0.84 sys=0.00, real=0.14 secs] 
6248.182: [GC (Allocation Failure) [PSYoungGen: 312224K->207584K(465920K)] 1038002K->1006431K(1864192K), 0.0558683 secs] [Times: user=0.33 sys=0.00, real=0.05 secs] 
6251.417: [GC (Allocation Failure) [PSYoungGen: 440544K->77216K(465920K)] 1239391K->1049727K(1864192K), 0.1255545 secs] [Times: user=0.74 sys=0.00, real=0.13 secs] 
6252.326: [GC (Allocation Failure) [PSYoungGen: 310176K->208288K(465920K)] 1282687K->1251579K(1864192K), 0.0610284 secs] [Times: user=0.36 sys=0.00, real=0.06 secs] 
6255.597: [GC (Allocation Failure) [PSYoungGen: 441248K->85024K(465920K)] 1484539K->1295563K(1864192K), 0.1106591 secs] [Times: user=0.66 sys=0.00, real=0.11 secs] 
6255.708: [Full GC (Ergonomics) [PSYoungGen: 85024K->0K(465920K)] [ParOldGen: 1210539K->100159K(1398272K)] 1295563K->100159K(1864192K), [Metaspace: 59706K->59706K(1105920K)], 0.2365817 secs] [Times: user=1.08 sys=0.00, real=0.24 secs] 
6257.031: [GC (Allocation Failure) [PSYoungGen: 232960K->159232K(465920K)] 333119K->259391K(1864192K), 0.0458391 secs] [Times: user=0.27 sys=0.00, real=0.04 secs] 
6259.104: [GC (Allocation Failure) [PSYoungGen: 392192K->93504K(465920K)] 492351K->352987K(1864192K), 0.1019911 secs] [Times: user=0.60 sys=0.00, real=0.10 secs] 
6260.375: [GC (Allocation Failure) [PSYoungGen: 326464K->150944K(465920K)] 585947K->497086K(1864192K), 0.0596947 secs] [Times: user=0.35 sys=0.00, real=0.06 secs] 
6262.069: [GC (Allocation Failure) [PSYoungGen: 377724K->93856K(465920K)] 723867K->591162K(1864192K), 0.0982417 secs] [Times: user=0.58 sys=0.00, real=0.10 secs] 
6263.315: [GC (Allocation Failure) [PSYoungGen: 326816K->151072K(465920K)] 824122K->735123K(1864192K), 0.0610306 secs] [Times: user=0.36 sys=0.00, real=0.06 secs] 
6264.702: [GC (Allocation Failure) [PSYoungGen: 384032K->104256K(465920K)] 968083K->839539K(1864192K), 0.0858420 secs] [Times: user=0.50 sys=0.01, real=0.08 secs] 
6265.931: [GC (Allocation Failure) [PSYoungGen: 337216K->144288K(465920K)] 1072499K->973364K(1864192K), 0.0609624 secs] [Times: user=0.36 sys=0.00, real=0.06 secs] 
6269.486: [GC (Allocation Failure) [PSYoungGen: 377248K->109248K(342528K)] 1206324K->1082388K(1740800K), 0.0891937 secs] [Times: user=0.52 sys=0.00, real=0.09 secs] 
6270.730: [GC (Allocation Failure) [PSYoungGen: 342208K->138496K(466944K)] 1315348K->1210669K(1865216K), 0.0616006 secs] [Times: user=0.37 sys=0.00, real=0.06 secs] 
6272.603: [GC (Allocation Failure) [PSYoungGen: 377600K->121824K(460800K)] 1449773K->1332597K(1859072K), 0.0683805 secs] [Times: user=0.40 sys=0.00, real=0.07 secs] 
6272.671: [Full GC (Ergonomics) [PSYoungGen: 121824K->0K(460800K)] [ParOldGen: 1210773K->136411K(1398272K)] 1332597K->136411K(1859072K), [Metaspace: 59706K->59706K(1105920K)], 0.3039184 secs] [Times: user=1.38 sys=0.00, real=0.30 secs] 
6274.305: [GC (Allocation Failure) [PSYoungGen: 239104K->127840K(468992K)] 375515K->264251K(1867264K), 0.0436751 secs] [Times: user=0.26 sys=0.00, real=0.05 secs] 
6275.545: [GC (Allocation Failure) [PSYoungGen: 385376K->158464K(462848K)] 521787K->422388K(1861120K), 0.0640436 secs] [Times: user=0.38 sys=0.00, real=0.07 secs] 
6276.863: [GC (Allocation Failure) [PSYoungGen: 416000K->25376K(469504K)] 679924K->289540K(1867776K), 0.0060582 secs] [Times: user=0.03 sys=0.00, real=0.01 secs] 
6278.936: [GC (Allocation Failure) [PSYoungGen: 285984K->182336K(443392K)] 550148K->468957K(1841664K), 0.0431720 secs] [Times: user=0.26 sys=0.00, real=0.05 secs] 
6281.508: [GC (Allocation Failure) [PSYoungGen: 442944K->102784K(473088K)] 729565K->571325K(1871360K), 0.1464611 secs] [Times: user=0.87 sys=0.00, real=0.15 secs] 
6282.254: [GC (Allocation Failure) [PSYoungGen: 342261K->210592K(452096K)] 810803K->775746K(1850368K), 0.0654227 secs] [Times: user=0.39 sys=0.00, real=0.07 secs] 
6285.663: [GC (Allocation Failure) [PSYoungGen: 451744K->87360K(465920K)] 1016898K->828026K(1864192K), 0.1185839 secs] [Times: user=0.70 sys=0.01, real=0.12 secs] 
6286.926: [GC (Allocation Failure) [PSYoungGen: 320320K->156832K(465920K)] 1060986K->978453K(1864192K), 0.0601258 secs] [Times: user=0.36 sys=0.00, real=0.06 secs] 
6289.103: [GC (Allocation Failure) [PSYoungGen: 389792K->93280K(465920K)] 1211413K->1071517K(1864192K), 0.0976590 secs] [Times: user=0.58 sys=0.00, real=0.10 secs] 
6290.316: [GC (Allocation Failure) [PSYoungGen: 326240K->151104K(465920K)] 1304477K->1216078K(1864192K), 0.0608910 secs] [Times: user=0.36 sys=0.00, real=0.06 secs] 
6292.898: [GC (Allocation Failure) [PSYoungGen: 379716K->93984K(462848K)] 1444690K->1310134K(1861120K), 0.0979774 secs] [Times: user=0.58 sys=0.00, real=0.10 secs] 
6292.996: [Full GC (Ergonomics) [PSYoungGen: 93984K->0K(462848K)] [ParOldGen: 1216150K->108538K(1398272K)] 1310134K->108538K(1861120K), [Metaspace: 59706K->59706K(1105920K)], 0.2470098 secs] [Times: user=1.12 sys=0.00, real=0.25 secs] 
6294.361: [GC (Allocation Failure) [PSYoungGen: 232960K->150656K(464384K)] 341498K->259194K(1862656K), 0.0429780 secs] [Times: user=0.26 sys=0.00, real=0.04 secs] 
6297.330: [GC (Allocation Failure) [PSYoungGen: 378198K->93728K(459264K)] 486737K->353150K(1857536K), 0.0976188 secs] [Times: user=0.58 sys=0.00, real=0.09 secs] 
6298.602: [GC (Allocation Failure) [PSYoungGen: 331296K->151104K(463360K)] 590718K->497171K(1861632K), 0.0600684 secs] [Times: user=0.35 sys=0.00, real=0.06 secs] 
6301.142: [GC (Allocation Failure) [PSYoungGen: 388672K->105056K(461312K)] 734739K->602123K(1859584K), 0.0913767 secs] [Times: user=0.54 sys=0.00, real=0.09 secs] 
6302.488: [GC (Allocation Failure) [PSYoungGen: 352864K->143232K(467456K)] 849931K->734570K(1865728K), 0.0608721 secs] [Times: user=0.36 sys=0.00, real=0.06 secs] 
6303.210: [GC (Allocation Failure) [PSYoungGen: 391040K->145152K(472064K)] 982378K->879890K(1870336K), 0.0642598 secs] [Times: user=0.38 sys=0.00, real=0.06 secs] 
6304.662: [GC (Allocation Failure) [PSYoungGen: 407808K->15104K(278016K)] 1142546K->749874K(1676288K), 0.0051972 secs] [Times: user=0.03 sys=0.00, real=0.00 secs] 
6307.625: [GC (Allocation Failure) [PSYoungGen: 277760K->180064K(458240K)] 1012530K->926567K(1856512K), 0.0405821 secs] [Times: user=0.23 sys=0.00, real=0.04 secs] 
6309.463: [GC (Allocation Failure) [PSYoungGen: 413024K->86496K(465920K)] 1159527K->1012599K(1864192K), 0.1269981 secs] [Times: user=0.75 sys=0.00, real=0.13 secs] 
6310.592: [GC (Allocation Failure) [PSYoungGen: 319456K->165600K(465408K)] 1245559K->1174796K(1863680K), 0.0554971 secs] [Times: user=0.33 sys=0.00, real=0.05 secs] 
6312.925: [GC (Allocation Failure) [PSYoungGen: 398560K->81696K(465920K)] 1407756K->1256204K(1864192K), 0.1597373 secs] [Times: user=0.95 sys=0.00, real=0.16 secs] 
6313.085: [Full GC (Ergonomics) [PSYoungGen: 81696K->0K(465920K)] [ParOldGen: 1174508K->58858K(1398272K)] 1256204K->58858K(1864192K), [Metaspace: 59706K->59706K(1105920K)], 0.1568958 secs] [Times: user=0.72 sys=0.00, real=0.16 secs] 
6313.888: [GC (Allocation Failure) [PSYoungGen: 232960K->168224K(465920K)] 291818K->227082K(1864192K), 0.0350353 secs] [Times: user=0.21 sys=0.00, real=0.04 secs] 
6317.717: [GC (Allocation Failure) [PSYoungGen: 399080K->79360K(465920K)] 457938K->306106K(1864192K), 0.1513763 secs] [Times: user=0.90 sys=0.00, real=0.15 secs] 
6318.717: [GC (Allocation Failure) [PSYoungGen: 312320K->167360K(465920K)] 539066K->469619K(1864192K), 0.0640124 secs] [Times: user=0.38 sys=0.00, real=0.07 secs] 
6321.178: [GC (Allocation Failure) [PSYoungGen: 400320K->77984K(465920K)] 702579K->547707K(1864192K), 0.1615855 secs] [Times: user=0.96 sys=0.01, real=0.17 secs] 
6322.199: [GC (Allocation Failure) [PSYoungGen: 310944K->191072K(465920K)] 780667K->732371K(1864192K), 0.0548861 secs] [Times: user=0.32 sys=0.01, real=0.05 secs] 
6324.510: [GC (Allocation Failure) [PSYoungGen: 424032K->80608K(465920K)] 965331K->796563K(1864192K), 0.1306356 secs] [Times: user=0.78 sys=0.00, real=0.13 secs] 
6324.984: [GC (Allocation Failure) [PSYoungGen: 313568K->171552K(465920K)] 1029523K->962336K(1864192K), 0.0554213 secs] [Times: user=0.33 sys=0.00, real=0.06 secs] 
6327.593: [GC (Allocation Failure) [PSYoungGen: 404512K->82688K(465920K)] 1195296K->1044384K(1864192K), 0.1259091 secs] [Times: user=0.75 sys=0.00, real=0.13 secs] 
6328.736: [GC (Allocation Failure) [PSYoungGen: 315648K->168128K(465920K)] 1277344K->1206585K(1864192K), 0.1251605 secs] [Times: user=0.75 sys=0.00, real=0.13 secs] 
6330.732: [GC (Allocation Failure) [PSYoungGen: 401088K->82560K(465920K)] 1439545K->1289009K(1864192K), 0.1183246 secs] [Times: user=0.70 sys=0.00, real=0.12 secs] 
6330.850: [Full GC (Ergonomics) [PSYoungGen: 82560K->0K(465920K)] [ParOldGen: 1206449K->91932K(1398272K)] 1289009K->91932K(1864192K), [Metaspace: 59706K->59706K(1105920K)], 0.2227661 secs] [Times: user=1.02 sys=0.00, real=0.22 secs] 
6332.855: [GC (Allocation Failure) [PSYoungGen: 232960K->164512K(465920K)] 324892K->256444K(1864192K), 0.0977780 secs] [Times: user=0.57 sys=0.01, real=0.10 secs] 
6334.941: [GC (Allocation Failure) [PSYoungGen: 397472K->80000K(465920K)] 489404K->336136K(1864192K), 0.1340556 secs] [Times: user=0.79 sys=0.01, real=0.13 secs] 
6337.499: [GC (Allocation Failure) [PSYoungGen: 312960K->202656K(465920K)] 569096K->531965K(1864192K), 0.0600856 secs] [Times: user=0.36 sys=0.00, real=0.06 secs] 
6339.200: [GC (Allocation Failure) [PSYoungGen: 435616K->83424K(465920K)] 764925K->580849K(1864192K), 0.0977331 secs] [Times: user=0.58 sys=0.00, real=0.09 secs] 
6341.778: [GC (Allocation Failure) [PSYoungGen: 316384K->161152K(465920K)] 813809K->734870K(1864192K), 0.0599587 secs] [Times: user=0.36 sys=0.00, real=0.06 secs] 
6344.540: [GC (Allocation Failure) [PSYoungGen: 394112K->89248K(465920K)] 967830K->824254K(1864192K), 0.1042596 secs] [Times: user=0.62 sys=0.01, real=0.10 secs] 
6345.798: [GC (Allocation Failure) [PSYoungGen: 322208K->154944K(465920K)] 1057214K->972681K(1864192K), 0.0605118 secs] [Times: user=0.36 sys=0.00, real=0.06 secs] 
6347.625: [GC (Allocation Failure) [PSYoungGen: 381607K->93184K(465920K)] 1199345K->1065993K(1864192K), 0.1015842 secs] [Times: user=0.60 sys=0.00, real=0.10 secs] 
6350.158: [GC (Allocation Failure) [PSYoungGen: 326144K->150688K(465920K)] 1298953K->1210063K(1864192K), 0.0606744 secs] [Times: user=0.36 sys=0.00, real=0.06 secs] 
6353.081: [GC (Allocation Failure) [PSYoungGen: 383648K->91072K(465920K)] 1443023K->1301243K(1864192K), 0.1006457 secs] [Times: user=0.60 sys=0.00, real=0.10 secs] 
6353.182: [Full GC (Ergonomics) [PSYoungGen: 91072K->0K(465920K)] [ParOldGen: 1210171K->106238K(1398272K)] 1301243K->106238K(1864192K), [Metaspace: 59706K->59706K(1105920K)], 0.2538255 secs] [Times: user=1.16 sys=0.00, real=0.25 secs] 
6354.542: [GC (Allocation Failure) [PSYoungGen: 232960K->153536K(465920K)] 339198K->259774K(1864192K), 0.0445261 secs] [Times: user=0.27 sys=0.00, real=0.04 secs] 
6356.950: [GC (Allocation Failure) [PSYoungGen: 382665K->93472K(326656K)] 488904K->353290K(1724928K), 0.0981758 secs] [Times: user=0.58 sys=0.00, real=0.09 secs] 
6358.185: [GC (Allocation Failure) [PSYoungGen: 326432K->151392K(464896K)] 586250K->497851K(1863168K), 0.0600793 secs] [Times: user=0.35 sys=0.00, real=0.06 secs] 
6360.046: [GC (Allocation Failure) [PSYoungGen: 384864K->98016K(331776K)] 731323K->595683K(1730048K), 0.0831594 secs] [Times: user=0.50 sys=0.00, real=0.09 secs] 
6361.403: [GC (Allocation Failure) [PSYoungGen: 331488K->150400K(461824K)] 829155K->735322K(1860096K), 0.0606829 secs] [Times: user=0.36 sys=0.01, real=0.06 secs] 
6363.479: [GC (Allocation Failure) [PSYoungGen: 386944K->111168K(461824K)] 971866K->846474K(1860096K), 0.0920088 secs] [Times: user=0.55 sys=0.00, real=0.09 secs] 
6364.780: [GC (Allocation Failure) [PSYoungGen: 347712K->137312K(468992K)] 1083018K->973007K(1867264K), 0.0615156 secs] [Times: user=0.37 sys=0.00, real=0.06 secs] 
6367.444: [GC (Allocation Failure) [PSYoungGen: 390240K->138944K(465920K)] 1225935K->1111735K(1864192K), 0.0636885 secs] [Times: user=0.37 sys=0.00, real=0.06 secs] 
6368.767: [GC (Allocation Failure) [PSYoungGen: 391872K->8192K(465920K)] 1364663K->981015K(1864192K), 0.0047531 secs] [Times: user=0.02 sys=0.00, real=0.01 secs] 
6371.620: [GC (Allocation Failure) [PSYoungGen: 264704K->173472K(430080K)] 1237527K->1152428K(1828352K), 0.0357921 secs] [Times: user=0.21 sys=0.00, real=0.03 secs] 
6373.074: [GC (Allocation Failure) [PSYoungGen: 429984K->112000K(476160K)] 1408940K->1255196K(1874432K), 0.1115005 secs] [Times: user=0.66 sys=0.00, real=0.11 secs] 
6374.013: [GC (Allocation Failure) [PSYoungGen: 355712K->170496K(466432K)] 1498908K->1421373K(1864704K), 0.0567577 secs] [Times: user=0.34 sys=0.00, real=0.06 secs] 
6374.070: [Full GC (Ergonomics) [PSYoungGen: 170496K->0K(466432K)] [ParOldGen: 1250877K->223815K(1398272K)] 1421373K->223815K(1864704K), [Metaspace: 59706K->59706K(1105920K)], 0.5232009 secs] [Times: user=2.45 sys=0.00, real=0.52 secs] 
6377.073: [GC (Allocation Failure) [PSYoungGen: 243712K->91616K(471552K)] 467527K->315431K(1869824K), 0.1052779 secs] [Times: user=0.63 sys=0.01, real=0.10 secs] 
6377.552: [GC (Allocation Failure) [PSYoungGen: 333280K->181696K(423424K)] 557095K->491044K(1821696K), 0.0596053 secs] [Times: user=0.35 sys=0.00, real=0.06 secs] 
6380.457: [GC (Allocation Failure) [PSYoungGen: 423360K->89376K(465920K)] 732708K->580188K(1864192K), 0.1102688 secs] [Times: user=0.66 sys=0.00, real=0.11 secs] 
6381.754: [GC (Allocation Failure) [PSYoungGen: 322336K->155232K(465920K)] 813148K->729161K(1864192K), 0.0601860 secs] [Times: user=0.36 sys=0.00, real=0.06 secs] 
6384.386: [GC (Allocation Failure) [PSYoungGen: 388192K->93280K(458752K)] 962121K->822425K(1857024K), 0.1009083 secs] [Times: user=0.60 sys=0.00, real=0.10 secs] 
6385.610: [GC (Allocation Failure) [PSYoungGen: 326240K->150976K(462336K)] 1055385K->966706K(1860608K), 0.0604475 secs] [Times: user=0.36 sys=0.00, real=0.06 secs] 
6388.194: [GC (Allocation Failure) [PSYoungGen: 378657K->93344K(459776K)] 1194388K->1060090K(1858048K), 0.0873969 secs] [Times: user=0.51 sys=0.00, real=0.09 secs] 
6389.408: [GC (Allocation Failure) [PSYoungGen: 333984K->151168K(464896K)] 1300730K->1204555K(1863168K), 0.0606321 secs] [Times: user=0.36 sys=0.00, real=0.07 secs] 
6391.825: [GC (Allocation Failure) [PSYoungGen: 391808K->107488K(461312K)] 1445195K->1311843K(1859584K), 0.0851672 secs] [Times: user=0.50 sys=0.01, real=0.09 secs] 
6391.910: [Full GC (Ergonomics) [PSYoungGen: 107488K->0K(461312K)] [ParOldGen: 1204355K->122065K(1398272K)] 1311843K->122065K(1859584K), [Metaspace: 59706K->59706K(1105920K)], 0.2711674 secs] [Times: user=1.23 sys=0.00, real=0.27 secs] 
6393.376: [GC (Allocation Failure) [PSYoungGen: 250368K->141120K(467968K)] 372433K->263185K(1866240K), 0.0508645 secs] [Times: user=0.31 sys=0.00, real=0.05 secs] 
6395.117: [GC (Allocation Failure) [PSYoungGen: 391488K->147456K(477184K)] 513553K->410909K(1875456K), 0.0728403 secs] [Times: user=0.44 sys=0.01, real=0.08 secs] 
6396.367: [GC (Allocation Failure) [PSYoungGen: 414208K->18752K(285696K)] 677661K->282285K(1683968K), 0.0051718 secs] [Times: user=0.03 sys=0.00, real=0.01 secs] 
6398.637: [GC (Allocation Failure) [PSYoungGen: 285504K->201536K(456704K)] 549037K->480682K(1854976K), 0.0425837 secs] [Times: user=0.25 sys=0.00, real=0.05 secs] 
6400.964: [GC (Allocation Failure) [PSYoungGen: 434496K->82560K(465920K)] 713642K->546470K(1864192K), 0.1896472 secs] [Times: user=1.11 sys=0.01, real=0.19 secs] 
6401.848: [GC (Allocation Failure) [PSYoungGen: 315520K->170688K(465920K)] 779430K->713131K(1864192K), 0.0529364 secs] [Times: user=0.32 sys=0.00, real=0.06 secs] 
6404.483: [GC (Allocation Failure) [PSYoungGen: 403648K->78816K(465920K)] 946091K->791987K(1864192K), 0.1517036 secs] [Times: user=0.89 sys=0.01, real=0.15 secs] 
6405.456: [GC (Allocation Failure) [PSYoungGen: 311776K->170624K(465920K)] 1024947K->956416K(1864192K), 0.0545363 secs] [Times: user=0.33 sys=0.00, real=0.06 secs] 
6408.054: [GC (Allocation Failure) [PSYoungGen: 403584K->81632K(465920K)] 1189376K->1037248K(1864192K), 0.1530324 secs] [Times: user=0.91 sys=0.00, real=0.15 secs] 
6408.709: [GC (Allocation Failure) [PSYoungGen: 314592K->172352K(465920K)] 1270208K->1203505K(1864192K), 0.0552812 secs] [Times: user=0.33 sys=0.01, real=0.05 secs] 
6411.700: [GC (Allocation Failure) [PSYoungGen: 405312K->76096K(465920K)] 1436465K->1278913K(1864192K), 0.1504397 secs] [Times: user=0.90 sys=0.00, real=0.15 secs] 
6411.850: [Full GC (Ergonomics) [PSYoungGen: 76096K->0K(465920K)] [ParOldGen: 1202817K->74828K(1398272K)] 1278913K->74828K(1864192K), [Metaspace: 59706K->59706K(1105920K)], 0.1950399 secs] [Times: user=0.91 sys=0.00, real=0.19 secs] 
6412.486: [GC (Allocation Failure) [PSYoungGen: 232960K->174464K(465920K)] 307788K->249292K(1864192K), 0.0373086 secs] [Times: user=0.22 sys=0.00, real=0.04 secs] 
6415.228: [GC (Allocation Failure) [PSYoungGen: 407424K->83776K(465920K)] 482252K->332868K(1864192K), 0.1484209 secs] [Times: user=0.88 sys=0.00, real=0.15 secs] 
6415.795: [GC (Allocation Failure) [PSYoungGen: 315632K->208768K(465920K)] 564725K->531067K(1864192K), 0.0569597 secs] [Times: user=0.34 sys=0.00, real=0.06 secs] 
6419.522: [GC (Allocation Failure) [PSYoungGen: 441728K->76928K(465920K)] 764027K->574523K(1864192K), 0.1247985 secs] [Times: user=0.74 sys=0.00, real=0.12 secs] 
6420.689: [GC (Allocation Failure) [PSYoungGen: 309301K->203648K(465920K)] 806896K->772192K(1864192K), 0.0647607 secs] [Times: user=0.39 sys=0.00, real=0.06 secs] 
6423.023: [GC (Allocation Failure) [PSYoungGen: 436608K->84160K(465920K)] 1005152K->819696K(1864192K), 0.1124837 secs] [Times: user=0.67 sys=0.00, real=0.11 secs] 
6425.060: [GC (Allocation Failure) [PSYoungGen: 316723K->197600K(465920K)] 1052260K->1010385K(1864192K), 0.0661270 secs] [Times: user=0.39 sys=0.00, real=0.06 secs] 
6426.764: [GC (Allocation Failure) [PSYoungGen: 430560K->92000K(465920K)] 1243345K->1065373K(1864192K), 0.1003867 secs] [Times: user=0.60 sys=0.00, real=0.10 secs] 
6428.381: [GC (Allocation Failure) [PSYoungGen: 324960K->151840K(465920K)] 1298333K->1210772K(1864192K), 0.0606633 secs] [Times: user=0.36 sys=0.00, real=0.06 secs] 
6429.557: [GC (Allocation Failure) [PSYoungGen: 380064K->93792K(465920K)] 1438996K->1304700K(1864192K), 0.1098424 secs] [Times: user=0.65 sys=0.00, real=0.11 secs] 
6429.667: [Full GC (Ergonomics) [PSYoungGen: 93792K->0K(465920K)] [ParOldGen: 1210908K->107667K(1398272K)] 1304700K->107667K(1864192K), [Metaspace: 59706K->59706K(1105920K)], 0.2642085 secs] [Times: user=1.22 sys=0.00, real=0.27 secs] 
6432.417: [GC (Allocation Failure) [PSYoungGen: 232960K->150688K(465920K)] 340627K->258355K(1864192K), 0.0426735 secs] [Times: user=0.25 sys=0.00, real=0.05 secs] 
6433.809: [GC (Allocation Failure) [PSYoungGen: 383648K->101792K(465920K)] 491315K->360379K(1864192K), 0.0893650 secs] [Times: user=0.53 sys=0.00, real=0.09 secs] 
6436.778: [GC (Allocation Failure) [PSYoungGen: 334752K->146976K(465920K)] 593339K->496430K(1864192K), 0.0604052 secs] [Times: user=0.36 sys=0.00, real=0.06 secs] 
6439.178: [GC (Allocation Failure) [PSYoungGen: 379936K->102400K(465920K)] 729390K->598646K(1864192K), 0.0899111 secs] [Times: user=0.53 sys=0.01, real=0.09 secs] 
6440.418: [GC (Allocation Failure) [PSYoungGen: 335360K->146048K(465920K)] 831606K->733751K(1864192K), 0.0603399 secs] [Times: user=0.36 sys=0.00, real=0.06 secs] 
6441.147: [GC (Allocation Failure) [PSYoungGen: 379008K->120064K(353280K)] 966711K->854027K(1751552K), 0.0604210 secs] [Times: user=0.36 sys=0.00, real=0.06 secs] 
6443.171: [GC (Allocation Failure) [PSYoungGen: 353024K->127904K(467456K)] 1086987K->971164K(1865728K), 0.0622066 secs] [Times: user=0.37 sys=0.00, real=0.06 secs] 
6444.047: [GC (Allocation Failure) [PSYoungGen: 370592K->142624K(457728K)] 1213852K->1113908K(1856000K), 0.0591875 secs] [Times: user=0.35 sys=0.00, real=0.06 secs] 
6446.571: [GC (Allocation Failure) [PSYoungGen: 385312K->3424K(457728K)] 1356596K->974732K(1856000K), 0.0047532 secs] [Times: user=0.02 sys=0.00, real=0.00 secs] 
6448.479: [GC (Allocation Failure) [PSYoungGen: 249184K->160096K(406016K)] 1220492K->1132929K(1804288K), 0.0485011 secs] [Times: user=0.29 sys=0.00, real=0.05 secs] 
6449.680: [GC (Allocation Failure) [PSYoungGen: 405856K->106688K(477184K)] 1378689K->1230525K(1875456K), 0.0687524 secs] [Times: user=0.41 sys=0.00, real=0.06 secs] 
6451.780: [GC (Allocation Failure) [PSYoungGen: 341694K->164640K(468480K)] 1465531K->1392498K(1866752K), 0.0546957 secs] [Times: user=0.33 sys=0.00, real=0.05 secs] 
6451.835: [Full GC (Ergonomics) [PSYoungGen: 164640K->0K(468480K)] [ParOldGen: 1227858K->196554K(1398272K)] 1392498K->196554K(1866752K), [Metaspace: 59706K->59706K(1105920K)], 0.4605814 secs] [Times: user=2.13 sys=0.00, real=0.46 secs] 
6453.341: [GC (Allocation Failure) [PSYoungGen: 246784K->100896K(470528K)] 443338K->297450K(1868800K), 0.0307188 secs] [Times: user=0.18 sys=0.00, real=0.03 secs] 
6454.518: [GC (Allocation Failure) [PSYoungGen: 349728K->176032K(424960K)] 546282K->469534K(1823232K), 0.0523780 secs] [Times: user=0.32 sys=0.00, real=0.06 secs] 
6457.228: [GC (Allocation Failure) [PSYoungGen: 424864K->92832K(471552K)] 718366K->561374K(1869824K), 0.1406847 secs] [Times: user=0.84 sys=0.00, real=0.14 secs] 
6457.662: [GC (Allocation Failure) [PSYoungGen: 332448K->179328K(419328K)] 800990K->733935K(1817600K), 0.0586277 secs] [Times: user=0.35 sys=0.00, real=0.06 secs] 
6460.859: [GC (Allocation Failure) [PSYoungGen: 418944K->84544K(465920K)] 973551K->818175K(1864192K), 0.1262409 secs] [Times: user=0.75 sys=0.00, real=0.13 secs] 
6462.035: [GC (Allocation Failure) [PSYoungGen: 312471K->200224K(465920K)] 1046102K->1012328K(1864192K), 0.0669574 secs] [Times: user=0.39 sys=0.00, real=0.07 secs] 
6464.232: [GC (Allocation Failure) [PSYoungGen: 433184K->86368K(465920K)] 1245288K->1062056K(1864192K), 0.1018389 secs] [Times: user=0.61 sys=0.00, real=0.10 secs] 
6465.426: [GC (Allocation Failure) [PSYoungGen: 319328K->157792K(465920K)] 1295016K->1213489K(1864192K), 0.0600306 secs] [Times: user=0.36 sys=0.00, real=0.06 secs] 
6468.215: [GC (Allocation Failure) [PSYoungGen: 384680K->93152K(465920K)] 1440377K->1306481K(1864192K), 0.0931249 secs] [Times: user=0.55 sys=0.00, real=0.09 secs] 
6468.308: [Full GC (Ergonomics) [PSYoungGen: 93152K->0K(465920K)] [ParOldGen: 1213329K->107235K(1398272K)] 1306481K->107235K(1864192K), [Metaspace: 59706K->59706K(1105920K)], 0.2485040 secs] [Times: user=1.13 sys=0.00, real=0.25 secs] 
6469.662: [GC (Allocation Failure) [PSYoungGen: 232960K->150752K(465920K)] 340195K->257987K(1864192K), 0.0429633 secs] [Times: user=0.25 sys=0.01, real=0.04 secs] 
6471.569: [GC (Allocation Failure) [PSYoungGen: 381223K->93760K(465920K)] 488459K->351987K(1864192K), 0.0932960 secs] [Times: user=0.55 sys=0.00, real=0.09 secs] 
6472.781: [GC (Allocation Failure) [PSYoungGen: 326720K->150528K(384000K)] 584947K->495302K(1782272K), 0.0593990 secs] [Times: user=0.36 sys=0.00, real=0.06 secs] 
6475.045: [GC (Allocation Failure) [PSYoungGen: 383488K->100800K(471552K)] 728262K->596310K(1869824K), 0.0939433 secs] [Times: user=0.56 sys=0.01, real=0.10 secs] 
6476.289: [GC (Allocation Failure) [PSYoungGen: 339904K->147392K(386560K)] 835414K->733190K(1784832K), 0.0604624 secs] [Times: user=0.36 sys=0.00, real=0.06 secs] 
6478.429: [GC (Allocation Failure) [PSYoungGen: 386496K->119712K(473600K)] 972294K->852718K(1871872K), 0.0690541 secs] [Times: user=0.41 sys=0.00, real=0.06 secs] 
6479.724: [GC (Allocation Failure) [PSYoungGen: 368544K->1952K(464896K)] 1101550K->735050K(1863168K), 0.0032219 secs] [Times: user=0.01 sys=0.00, real=0.00 secs] 
6482.198: [GC (Allocation Failure) [PSYoungGen: 250784K->153824K(463872K)] 983882K->887574K(1862144K), 0.0305453 secs] [Times: user=0.18 sys=0.00, real=0.03 secs] 
6483.398: [GC (Allocation Failure) [PSYoungGen: 388832K->6976K(242176K)] 1122582K->740882K(1640448K), 0.0049336 secs] [Times: user=0.02 sys=0.01, real=0.01 secs] 
6485.649: [GC (Allocation Failure) [PSYoungGen: 241984K->159264K(465920K)] 975890K->897907K(1864192K), 0.0323653 secs] [Times: user=0.18 sys=0.00, real=0.04 secs] 
6486.836: [GC (Allocation Failure) [PSYoungGen: 392224K->99104K(465920K)] 1130867K->987643K(1864192K), 0.0683175 secs] [Times: user=0.41 sys=0.00, real=0.07 secs] 
6488.694: [GC (Allocation Failure) [PSYoungGen: 332064K->160640K(465920K)] 1220603K->1145736K(1864192K), 0.0518426 secs] [Times: user=0.31 sys=0.00, real=0.05 secs] 
6489.872: [GC (Allocation Failure) [PSYoungGen: 393600K->99072K(332288K)] 1378696K->1235548K(1730560K), 0.0683023 secs] [Times: user=0.40 sys=0.00, real=0.07 secs] 
6491.792: [GC (Allocation Failure) [PSYoungGen: 327270K->160448K(461824K)] 1463747K->1393425K(1860096K), 0.0517981 secs] [Times: user=0.30 sys=0.00, real=0.05 secs] 
6491.844: [Full GC (Ergonomics) [PSYoungGen: 160448K->0K(461824K)] [ParOldGen: 1232977K->196486K(1398272K)] 1393425K->196486K(1860096K), [Metaspace: 59706K->59706K(1105920K)], 0.4671568 secs] [Times: user=2.18 sys=0.00, real=0.47 secs] 
6493.528: [GC (Allocation Failure) [PSYoungGen: 230902K->89792K(463872K)] 427389K->286278K(1862144K), 0.0292763 secs] [Times: user=0.17 sys=0.00, real=0.03 secs] 
6495.559: [GC (Allocation Failure) [PSYoungGen: 314446K->160224K(460800K)] 510933K->443715K(1859072K), 0.0473312 secs] [Times: user=0.28 sys=0.00, real=0.04 secs] 
6497.247: [GC (Allocation Failure) [PSYoungGen: 391648K->90080K(464384K)] 675139K->524763K(1862656K), 0.0751965 secs] [Times: user=0.44 sys=0.00, real=0.08 secs] 
6499.131: [GC (Allocation Failure) [PSYoungGen: 316423K->159712K(460288K)] 751106K->681972K(1858560K), 0.0481582 secs] [Times: user=0.28 sys=0.00, real=0.05 secs] 
6500.605: [GC (Allocation Failure) [PSYoungGen: 391648K->90112K(464896K)] 913908K->763564K(1863168K), 0.0663249 secs] [Times: user=0.40 sys=0.00, real=0.07 secs] 
6502.493: [GC (Allocation Failure) [PSYoungGen: 315649K->159904K(460288K)] 989102K->920513K(1858560K), 0.0479123 secs] [Times: user=0.29 sys=0.00, real=0.05 secs] 
6503.602: [GC (Allocation Failure) [PSYoungGen: 392864K->95328K(464896K)] 1153473K->1007197K(1863168K), 0.0668233 secs] [Times: user=0.40 sys=0.00, real=0.07 secs] 
6505.320: [GC (Allocation Failure) [PSYoungGen: 316828K->159616K(460800K)] 1228697K->1159284K(1859072K), 0.0652007 secs] [Times: user=0.38 sys=0.00, real=0.06 secs] 
6506.944: [GC (Allocation Failure) [PSYoungGen: 395136K->91136K(464896K)] 1394804K->1241992K(1863168K), 0.0806352 secs] [Times: user=0.47 sys=0.01, real=0.08 secs] 
6508.633: [GC (Allocation Failure) [PSYoungGen: 318013K->160480K(464896K)] 1468869K->1398701K(1863168K), 0.0489557 secs] [Times: user=0.29 sys=0.00, real=0.05 secs] 
6508.682: [Full GC (Ergonomics) [PSYoungGen: 160480K->0K(464896K)] [ParOldGen: 1238221K->196848K(1398272K)] 1398701K->196848K(1863168K), [Metaspace: 59706K->59706K(1105920K)], 0.4611731 secs] [Times: user=2.14 sys=0.00, real=0.46 secs] 
6510.381: [GC (Allocation Failure) [PSYoungGen: 240128K->93888K(468992K)] 436976K->290736K(1867264K), 0.0608950 secs] [Times: user=0.35 sys=0.00, real=0.06 secs] 
6512.071: [GC (Allocation Failure) [PSYoungGen: 334016K->168160K(460800K)] 530864K->454869K(1859072K), 0.0494055 secs] [Times: user=0.29 sys=0.00, real=0.05 secs] 
6514.224: [GC (Allocation Failure) [PSYoungGen: 405216K->87296K(467968K)] 691925K->541429K(1866240K), 0.1401042 secs] [Times: user=0.83 sys=0.00, real=0.14 secs] 
6515.381: [GC (Allocation Failure) [PSYoungGen: 324352K->171008K(459776K)] 778485K->708422K(1858048K), 0.0551191 secs] [Times: user=0.33 sys=0.00, real=0.05 secs] 
6518.479: [GC (Allocation Failure) [PSYoungGen: 403011K->78880K(465920K)] 940425K->787086K(1864192K), 0.1739912 secs] [Times: user=1.04 sys=0.00, real=0.18 secs] 
6519.094: [GC (Allocation Failure) [PSYoungGen: 311840K->187680K(464896K)] 1020046K->970711K(1863168K), 0.0549103 secs] [Times: user=0.33 sys=0.00, real=0.06 secs] 
6521.514: [GC (Allocation Failure) [PSYoungGen: 420640K->80544K(465920K)] 1203671K->1035063K(1864192K), 0.1649580 secs] [Times: user=0.98 sys=0.00, real=0.16 secs] 
6522.503: [GC (Allocation Failure) [PSYoungGen: 313504K->169984K(465920K)] 1268023K->1198912K(1864192K), 0.0563104 secs] [Times: user=0.32 sys=0.02, real=0.06 secs] 
6524.956: [GC (Allocation Failure) [PSYoungGen: 402944K->83424K(465920K)] 1431872K->1281884K(1864192K), 0.1452680 secs] [Times: user=0.87 sys=0.00, real=0.15 secs] 
6525.101: [Full GC (Ergonomics) [PSYoungGen: 83424K->0K(465920K)] [ParOldGen: 1198460K->81187K(1398272K)] 1281884K->81187K(1864192K), [Metaspace: 59706K->59706K(1105920K)], 0.2084188 secs] [Times: user=0.97 sys=0.00, real=0.21 secs] 
6525.597: [GC (Allocation Failure) [PSYoungGen: 232960K->171136K(465920K)] 314147K->252324K(1864192K), 0.0360257 secs] [Times: user=0.22 sys=0.00, real=0.04 secs] 
6528.237: [GC (Allocation Failure) [PSYoungGen: 404096K->79616K(465920K)] 485284K->331660K(1864192K), 0.1244800 secs] [Times: user=0.73 sys=0.00, real=0.13 secs] 
6528.884: [GC (Allocation Failure) [PSYoungGen: 312576K->206208K(465920K)] 564620K->531600K(1864192K), 0.0571478 secs] [Times: user=0.34 sys=0.00, real=0.06 secs] 
6531.412: [GC (Allocation Failure) [PSYoungGen: 439168K->84064K(465920K)] 764560K->580696K(1864192K), 0.1119769 secs] [Times: user=0.67 sys=0.00, real=0.11 secs] 
6532.966: [GC (Allocation Failure) [PSYoungGen: 317024K->201248K(465920K)] 813656K->775629K(1864192K), 0.0655152 secs] [Times: user=0.39 sys=0.00, real=0.07 secs] 
6534.754: [GC (Allocation Failure) [PSYoungGen: 432854K->92640K(465920K)] 1007235K->827053K(1864192K), 0.0973276 secs] [Times: user=0.58 sys=0.00, real=0.10 secs] 
6536.009: [GC (Allocation Failure) [PSYoungGen: 325600K->151104K(465920K)] 1060013K->972050K(1864192K), 0.0604974 secs] [Times: user=0.36 sys=0.00, real=0.07 secs] 
6538.307: [GC (Allocation Failure) [PSYoungGen: 384064K->97824K(465920K)] 1205010K->1069650K(1864192K), 0.0941454 secs] [Times: user=0.56 sys=0.00, real=0.10 secs] 
6539.536: [GC (Allocation Failure) [PSYoungGen: 330784K->150592K(465920K)] 1302610K->1209831K(1864192K), 0.0604901 secs] [Times: user=0.36 sys=0.00, real=0.06 secs] 
6542.169: [GC (Allocation Failure) [PSYoungGen: 383552K->103104K(465920K)] 1442791K->1312479K(1864192K), 0.0888042 secs] [Times: user=0.53 sys=0.00, real=0.08 secs] 
6542.258: [Full GC (Ergonomics) [PSYoungGen: 103104K->0K(465920K)] [ParOldGen: 1209375K->117719K(1398272K)] 1312479K->117719K(1864192K), [Metaspace: 59706K->59706K(1105920K)], 0.2641945 secs] [Times: user=1.20 sys=0.00, real=0.27 secs] 
6543.620: [GC (Allocation Failure) [PSYoungGen: 232960K->144896K(465920K)] 350679K->262615K(1864192K), 0.0504746 secs] [Times: user=0.30 sys=0.00, real=0.05 secs] 
6546.077: [GC (Allocation Failure) [PSYoungGen: 377856K->109792K(343040K)] 495575K->372311K(1741312K), 0.0896775 secs] [Times: user=0.53 sys=0.01, real=0.09 secs] 
6547.462: [GC (Allocation Failure) [PSYoungGen: 342752K->138240K(468480K)] 605271K->499846K(1866752K), 0.0609844 secs] [Times: user=0.36 sys=0.00, real=0.06 secs] 
6549.746: [GC (Allocation Failure) [PSYoungGen: 377344K->131520K(370688K)] 738950K->631446K(1768960K), 0.1109626 secs] [Times: user=0.65 sys=0.00, real=0.11 secs] 
6551.053: [GC (Allocation Failure) [PSYoungGen: 370624K->1568K(447488K)] 870550K->501542K(1845760K), 0.0019199 secs] [Times: user=0.01 sys=0.00, real=0.00 secs] 
6552.948: [GC (Allocation Failure) [PSYoungGen: 234528K->138528K(460800K)] 734502K->639523K(1859072K), 0.0307041 secs] [Times: user=0.18 sys=0.00, real=0.03 secs] 
6554.710: [GC (Allocation Failure) [PSYoungGen: 371488K->2144K(457728K)] 872483K->503248K(1856000K), 0.0021413 secs] [Times: user=0.01 sys=0.00, real=0.00 secs] 
6555.442: [GC (Allocation Failure) [PSYoungGen: 235104K->149600K(465920K)] 736208K->651860K(1864192K), 0.0294512 secs] [Times: user=0.17 sys=0.00, real=0.03 secs] 
6557.182: [GC (Allocation Failure) [PSYoungGen: 382560K->3808K(465920K)] 884820K->506156K(1864192K), 0.0023004 secs] [Times: user=0.01 sys=0.00, real=0.00 secs] 
6558.492: [GC (Allocation Failure) [PSYoungGen: 236768K->155392K(465920K)] 739116K->659597K(1864192K), 0.0306874 secs] [Times: user=0.18 sys=0.00, real=0.03 secs] 
6560.154: [GC (Allocation Failure) [PSYoungGen: 388352K->99072K(465920K)] 892557K->749381K(1864192K), 0.0670885 secs] [Times: user=0.40 sys=0.00, real=0.07 secs] 
6560.985: [GC (Allocation Failure) [PSYoungGen: 332032K->159168K(465920K)] 982341K->906706K(1864192K), 0.0523159 secs] [Times: user=0.31 sys=0.01, real=0.05 secs] 
6562.208: [GC (Allocation Failure) [PSYoungGen: 392128K->94560K(464896K)] 1139666K->992202K(1863168K), 0.0715093 secs] [Times: user=0.43 sys=0.00, real=0.08 secs] 
6562.941: [GC (Allocation Failure) [PSYoungGen: 327520K->167584K(465408K)] 1225162K->1157607K(1863680K), 0.0514042 secs] [Times: user=0.30 sys=0.00, real=0.05 secs] 
Heap
 PSYoungGen      total 465408K, used 339857K [0x00000000d5